SUB SUB DEBUG 3
there is a highlighted square
there is a highlighted square
there is a highlighted square
there is a highlighted square
there is a highlighted square
there is a highlighted square
SUB SUB DEBUG 3
DEBUG 1 0
SIM1
SIM2
SIM3
SIM4
1
21
22
SIM5
SIM1
SIM2
SIM3
SIM4
1
21
22
SIM5
SIM1
SIM2
SIM3
SIM4
1
21
22
SIM5
SIM1
SIM2
SIM3
SIM4
1
21
22
SIM5
SIM1
SIM2
SIM3
SIM4
1
21
22
SIM5
SIM1
SIM2
SIM3
SIM4
1
21
22
SIM5
SIM1
SIM2
SIM3
SIM4
1
21
22
SIM5
SIM1
SIM2
SIM3
SIM4
1
21
22
SIM5
SIM1
SIM2
SIM3
SIM4
1
21
22
SIM5
SIM1
SIM2
SIM3
SIM4
1
21
22
SIM5
SIM1
SIM2
SIM3
SIM4
1
21
22
SIM5
SIM1
SIM2
SIM3
SIM4
1
21
22
SIM5
SIM1
SIM2
SIM3
SIM4
1
21
22
SIM5
SIM1
SIM2
SIM3
SIM4
1
21
22
SIM5
SIM1
SIM2
SIM3
SIM4
1
21
22
SIM5
SIM1
SIM2
SIM3
SIM4
1
21
22
SIM5
SIM1
SIM2
SIM3
SIM4
1
21
22
SIM5
SIM1
SIM2
SIM3
SIM4
1
21
22
SIM5
SIM1
SIM2
SIM3
SIM4
1
21
22
SIM5
SIM1
SIM2
SIM3
SIM4
1
21
22
SIM5
SIM1
SIM2
SIM3
SIM4
1
21
22
SIM5
SIM1
SIM2
SIM3
SIM4
1
21
22
SIM5
SIM1
SIM2
SIM3
SIM4
1
21
22
SIM5
SIM1
SIM2
SIM3
SIM4
1
21
22
SIM5
SIM1
SIM2
SIM3
SIM4
1
21
22
SIM5
SIM1
SIM2
SIM3
SIM4
1
21
22
SIM5
SIM1
SIM2
SIM3
SIM4
1
21
22
SIM5
SIM1
SIM2
SIM3
SIM4
1
21
22
SIM5
SIM1
SIM2
SIM3
SIM4
1
21
22
SIM5
SIM1
SIM2
SIM3
SIM4
1
21
22
SIM5
SIM1
SIM2
SIM3
SIM4
1
21
22
SIM5
SIM1
SIM2
SIM3
SIM4
1
21
22
SIM5
SIM1
SIM2
SIM3
SIM4
1
21
22
SIM5
SIM1
SIM2
SIM3
SIM4
1
21
22
SIM5
SIM1
SIM2
SIM3
SIM4
1
21
22
SIM5
SIM1
SIM2
SIM3
SIM4
1
21
22
SIM5
SIM1
SIM2
SIM3
SIM4
1
21
22
SIM5
SIM1
SIM2
SIM3
SIM4
1
21
22
SIM5
SIM1
SIM2
SIM3
SIM4
1
21
22
SIM5
SIM1
SIM2
SIM3
SIM4
1
21
22
SIM5
SIM1
SIM2
SIM3
SIM4
1
21
22
SIM5
SIM1
SIM2
SIM3
SIM4
1
21
22
SIM5
SIM1
SIM2
SIM3
SIM4
1
21
22
SIM5
SIM1
SIM2
SIM3
SIM4
1
21
22
SIM5
SIM1
SIM2
SIM3
SIM4
1
21
22
SIM5
SIM1
SIM2
SIM3
SIM4
1
21
22
SIM5
SIM1
SIM2
SIM3
SIM4
1
21
22
SIM5
SIM1
SIM2
SIM3
SIM4
1
21
22
SIM5
SIM1
SIM2
SIM3
SIM4
1
21
22
SIM5
SIM1
SIM2
SIM3
SIM4
1
21
22
SIM5
SIM1
SIM2
SIM3
SIM4
1
21
22
SIM5
SIM1
SIM2
SIM3
SIM4
1
21
22
SIM5
SIM1
SIM2
SIM3
SIM4
1
21
22
SIM5
SIM1
SIM2
SIM3
SIM4
1
21
22
SIM5
SIM1
SIM2
SIM3
SIM4
1
21
22
SIM5
SIM1
SIM2
SIM3
SIM4
1
21
22
SIM5
SIM1
SIM2
SIM3
SIM4
1
21
22
SIM5
SIM1
SIM2
SIM3
SIM4
1
21
22
SIM5
SIM1
SIM2
SIM3
SIM4
1
21
22
SIM5
SIM1
SIM2
SIM3
SIM4
1
21
22
SIM5
SIM1
SIM2
SIM3
SIM4
1
21
22
SIM5
SIM1
SIM2
SIM3
SIM4
1
21
22
SIM5
SIM1
SIM2
SIM3
SIM4
1
21
22
SIM5
SIM1
SIM2
SIM3
SIM4
1
21
22
SIM5
SIM1
SIM2
SIM3
SIM4
1
21
22
SIM5
SIM1
SIM2
SIM3
SIM4
1
21
22
SIM5
SIM1
SIM2
SIM3
SIM4
1
21
22
SIM5
SIM1
SIM2
SIM3
SIM4
1
21
22
SIM5
SIM1
SIM2
SIM3
SIM4
1
21
22
SIM5
SIM1
SIM2
SIM3
SIM4
1
21
22
SIM5
SIM1
SIM2
SIM3
SIM4
1
21
22
SIM5
SIM1
SIM2
SIM3
SIM4
1
21
22
SIM5
SIM1
SIM2
SIM3
SIM4
1
21
22
SIM5
SIM1
SIM2
SIM3
SIM4
1
21
22
SIM5
SIM1
SIM2
SIM3
SIM4
1
21
22
SIM5
SIM1
SIM2
SIM3
SIM4
1
21
22
SIM5
SIM1
SIM2
SIM3
SIM4
1
21
22
SIM5
SIM1
SIM2
SIM3
SIM4
1
21
22
SIM5
SIM1
SIM2
SIM3
SIM4
1
21
22
SIM5
SIM1
SIM2
SIM3
SIM4
1
21
22
SIM5
SIM1
SIM2
SIM3
SIM4
1
21
22
SIM5
SIM1
SIM2
SIM3
SIM4
1
21
22
SIM5
SIM1
SIM2
SIM3
SIM4
1
21
22
SIM5
SIM1
SIM2
SIM3
SIM4
1
21
22
SIM5
SIM1
SIM2
SIM3
SIM4
1
21
22
SIM5
SIM1
SIM2
SIM3
SIM4
1
21
22
SIM5
SIM1
SIM2
SIM3
SIM4
1
21
22
SIM5
SIM1
SIM2
SIM3
SIM4
1
21
22
SIM5
SIM1
SIM2
SIM3
SIM4
1
21
22
SIM5
SIM1
SIM2
SIM3
SIM4
1
21
22
SIM5
SIM1
SIM2
SIM3
SIM4
1
21
22
SIM5
SIM1
SIM2
SIM3
SIM4
1
21
22
SIM5
SIM1
SIM2
SIM3
SIM4
1
21
22
SIM5
SIM1
SIM2
SIM3
SIM4
1
21
22
SIM5
SIM1
SIM2
SIM3
SIM4
1
21
22
SIM5
SIM1
SIM2
SIM3
SIM4
1
21
22
SIM5
SIM1
SIM2
SIM3
SIM4
1
21
22
SIM5
SIM1
SIM2
SIM3
SIM4
1
21
22
SIM5
SIM1
SIM2
SIM3
SIM4
1
21
22
SIM5
SIM1
SIM2
SIM3
SIM4
1
21
22
SIM5
SIM1
SIM2
SIM3
SIM4
1
21
22
SIM5
SIM1
SIM2
SIM3
SIM4
1
21
22
SIM5
SIM1
SIM2
SIM3
SIM4
1
21
22
SIM5
SIM1
SIM2
SIM3
SIM4
1
21
22
SIM5
SIM1
SIM2
SIM3
SIM4
1
21
22
SIM5
SIM1
SIM2
SIM3
SIM4
1
21
22
SIM5
SIM1
SIM2
SIM3
SIM4
1
21
22
SIM5
SIM1
SIM2
SIM3
SIM4
1
21
22
SIM5
SIM1
SIM2
SIM3
SIM4
1
21
22
SIM5
SIM1
SIM2
SIM3
SIM4
1
21
22
SIM5
SIM1
SIM2
SIM3
SIM4
1
21
22
SIM5
SIM1
SIM2
SIM3
SIM4
1
21
22
SIM5
SIM1
SIM2
SIM3
SIM4
1
21
22
SIM5
SIM1
SIM2
SIM3
SIM4
1
21
22
SIM5
SIM1
SIM2
SIM3
SIM4
1
21
22
SIM5
SIM1
SIM2
SIM3
SIM4
1
21
22
SIM5
SIM1
SIM2
SIM3
SIM4
1
21
22
SIM5
SIM1
SIM2
SIM3
SIM4
1
21
22
SIM5
SIM1
SIM2
SIM3
SIM4
1
21
22
SIM5
SIM1
SIM2
SIM3
SIM4
1
21
22
SIM5
SIM1
SIM2
SIM3
SIM4
1
21
22
SIM5
SIM1
SIM2
SIM3
SIM4
1
21
22
SIM5
SIM1
SIM2
SIM3
SIM4
1
21
22
SIM5
SIM1
SIM2
SIM3
SIM4
1
21
22
SIM5
SIM1
SIM2
SIM3
SIM4
1
21
22
SIM5
SIM1
SIM2
SIM3
SIM4
1
21
22
SIM5
SIM1
SIM2
SIM3
SIM4
1
21
22
SIM5
SIM1
SIM2
SIM3
SIM4
1
21
22
SIM5
SIM1
SIM2
SIM3
SIM4
1
21
22
SIM5
SIM1
SIM2
SIM3
SIM4
1
21
22
SIM5
SIM1
SIM2
SIM3
SIM4
1
21
22
SIM5
SIM1
SIM2
SIM3
SIM4
1
21
22
SIM5
SIM1
SIM2
SIM3
SIM4
1
21
22
SIM5
SIM1
SIM2
SIM3
SIM4
1
21
22
SIM5
SIM1
SIM2
SIM3
SIM4
1
21
22
SIM5
SIM1
SIM2
SIM3
SIM4
1
21
22
SIM5
SIM1
SIM2
SIM3
SIM4
1
21
22
SIM5
SIM1
SIM2
SIM3
SIM4
1
21
22
SIM5
SIM1
SIM2
SIM3
SIM4
1
21
22
SIM5
SIM1
SIM2
SIM3
SIM4
1
21
22
SIM5
SIM1
SIM2
SIM3
SIM4
1
21
22
SIM5
SIM1
SIM2
SIM3
SIM4
1
21
22
SIM5
SIM1
SIM2
SIM3
SIM4
1
21
22
SIM5
SIM1
SIM2
SIM3
SIM4
1
21
22
SIM5
SIM1
SIM2
SIM3
SIM4
1
21
22
SIM5
SIM1
SIM2
SIM3
SIM4
1
21
22
SIM5
SIM1
SIM2
SIM3
SIM4
1
21
22
SIM5
SIM1
SIM2
SIM3
SIM4
1
21
22
SIM5
SIM1
SIM2
SIM3
SIM4
1
21
22
SIM5
SIM1
SIM2
SIM3
SIM4
1
21
22
SIM5
SIM1
SIM2
SIM3
SIM4
1
21
22
SIM5
SIM1
SIM2
SIM3
SIM4
1
21
22
SIM5
SIM1
SIM2
SIM3
SIM4
1
21
22
SIM5
SIM1
SIM2
SIM3
SIM4
1
21
22
SIM5
SIM1
SIM2
SIM3
SIM4
1
21
22
SIM5
SIM1
SIM2
SIM3
SIM4
1
21
22
SIM5
SIM1
SIM2
SIM3
SIM4
1
21
22
SIM5
SIM1
SIM2
SIM3
SIM4
1
21
22
SIM5
SIM1
SIM2
SIM3
SIM4
1
21
22
SIM5
SIM1
SIM2
SIM3
SIM4
1
21
22
SIM5
SIM1
SIM2
SIM3
SIM4
1
21
22
SIM5
SIM1
SIM2
SIM3
SIM4
1
21
22
SIM5
SIM1
SIM2
SIM3
SIM4
1
21
22
SIM5
SIM1
SIM2
SIM3
SIM4
1
21
22
SIM5
SIM1
SIM2
SIM3
SIM4
1
21
22
SIM5
SIM1
SIM2
SIM3
SIM4
1
21
22
SIM5
SIM1
SIM2
SIM3
SIM4
1
21
22
SIM5
SIM1
SIM2
SIM3
SIM4
1
21
22
SIM5
SIM1
SIM2
SIM3
SIM4
1
21
22
SIM5
SIM1
SIM2
SIM3
SIM4
1
21
22
SIM5
SIM1
SIM2
SIM3
SIM4
1
21
22
SIM5
SIM1
SIM2
SIM3
SIM4
1
21
22
SIM5
SIM1
SIM2
SIM3
SIM4
1
21
22
SIM5
SIM1
SIM2
SIM3
SIM4
1
21
22
SIM5
SIM1
SIM2
SIM3
SIM4
1
21
22
SIM5
SIM1
SIM2
SIM3
SIM4
1
21
22
SIM5
SIM1
SIM2
SIM3
SIM4
1
21
22
SIM5
SIM1
SIM2
SIM3
SIM4
1
21
22
SIM5
SIM1
SIM2
SIM3
SIM4
1
21
22
SIM5
SIM1
SIM2
SIM3
SIM4
1
21
22
SIM5
SIM1
SIM2
SIM3
SIM4
1
21
22
SIM5
SIM1
SIM2
SIM3
SIM4
1
21
22
SIM5
SIM1
SIM2
DEBUG 1 1
SIM1
SIM2
SIM3
SIM4
1
21
22
SIM5
SIM1
SIM2
SIM3
SIM4
1
21
22
SIM5
SIM1
SIM2
SIM3
SIM4
1
21
22
SIM5
SIM1
SIM2
SIM3
SIM4
1
21
22
SIM5
SIM1
SIM2
SIM3
SIM4
1
21
22
SIM5
SIM1
SIM2
SIM3
SIM4
1
21
22
SIM5
SIM1
SIM2
SIM3
SIM4
1
21
22
SIM5
SIM1
SIM2
SIM3
SIM4
1
21
22
SIM5
SIM1
SIM2
SIM3
SIM4
1
21
22
SIM5
SIM1
SIM2
SIM3
SIM4
1
21
22
SIM5
SIM1
SIM2
SIM3
SIM4
1
21
22
SIM5
SIM1
SIM2
SIM3
SIM4
1
21
22
SIM5
SIM1
SIM2
SIM3
SIM4
1
21
22
SIM5
SIM1
SIM2
SIM3
SIM4
1
21
22
SIM5
SIM1
SIM2
SIM3
SIM4
1
21
22
SIM5
SIM1
SIM2
SIM3
SIM4
1
21
22
SIM5
SIM1
SIM2
SIM3
SIM4
1
21
22
SIM5
SIM1
SIM2
SIM3
SIM4
1
21
22
SIM5
SIM1
SIM2
SIM3
SIM4
1
21
22
SIM5
SIM1
SIM2
SIM3
SIM4
1
21
22
SIM5
SIM1
SIM2
SIM3
SIM4
1
21
22
SIM5
SIM1
SIM2
SIM3
SIM4
1
21
22
SIM5
SIM1
SIM2
SIM3
SIM4
1
21
22
SIM5
SIM1
SIM2
SIM3
SIM4
1
21
22
SIM5
SIM1
SIM2
SIM3
SIM4
1
21
22
SIM5
SIM1
SIM2
SIM3
SIM4
1
21
22
SIM5
SIM1
SIM2
SIM3
SIM4
1
21
22
SIM5
SIM1
SIM2
SIM3
SIM4
1
21
22
SIM5
SIM1
SIM2
SIM3
SIM4
1
21
22
SIM5
SIM1
SIM2
SIM3
SIM4
1
21
22
SIM5
SIM1
SIM2
SIM3
SIM4
1
21
22
SIM5
SIM1
SIM2
SIM3
SIM4
1
21
22
SIM5
SIM1
SIM2
SIM3
SIM4
1
21
22
SIM5
SIM1
SIM2
SIM3
SIM4
1
21
22
SIM5
SIM1
SIM2
SIM3
SIM4
1
21
22
SIM5
SIM1
SIM2
SIM3
SIM4
1
21
22
SIM5
SIM1
SIM2
SIM3
SIM4
1
21
22
SIM5
SIM1
SIM2
SIM3
SIM4
1
21
22
SIM5
SIM1
SIM2
SIM3
SIM4
1
21
22
SIM5
SIM1
SIM2
SIM3
SIM4
1
21
22
SIM5
SIM1
SIM2
SIM3
SIM4
1
21
22
SIM5
SIM1
SIM2
SIM3
SIM4
1
21
22
SIM5
SIM1
SIM2
SIM3
SIM4
1
21
22
SIM5
SIM1
SIM2
SIM3
SIM4
1
21
22
SIM5
SIM1
SIM2
SIM3
SIM4
1
21
22
SIM5
SIM1
SIM2
SIM3
SIM4
1
21
22
SIM5
SIM1
SIM2
SIM3
SIM4
1
21
22
SIM5
SIM1
SIM2
SIM3
SIM4
1
21
22
SIM5
SIM1
SIM2
SIM3
SIM4
1
21
22
SIM5
SIM1
SIM2
SIM3
SIM4
1
21
22
SIM5
SIM1
SIM2
SIM3
SIM4
1
21
22
SIM5
SIM1
SIM2
SIM3
SIM4
1
21
22
SIM5
SIM1
SIM2
SIM3
SIM4
1
21
22
SIM5
SIM1
SIM2
SIM3
SIM4
1
21
22
SIM5
SIM1
SIM2
SIM3
SIM4
1
21
22
SIM5
SIM1
SIM2
SIM3
SIM4
1
21
22
SIM5
SIM1
SIM2
SIM3
SIM4
1
21
22
SIM5
SIM1
SIM2
SIM3
SIM4
1
21
22
SIM5
SIM1
SIM2
SIM3
SIM4
1
21
22
SIM5
SIM1
SIM2
SIM3
SIM4
1
21
22
SIM5
SIM1
SIM2
SIM3
SIM4
1
21
22
SIM5
SIM1
SIM2
SIM3
SIM4
1
21
22
SIM5
SIM1
SIM2
SIM3
SIM4
1
21
22
SIM5
SIM1
SIM2
SIM3
SIM4
1
21
22
SIM5
SIM1
SIM2
SIM3
SIM4
1
21
22
SIM5
SIM1
SIM2
SIM3
SIM4
1
21
22
SIM5
SIM1
SIM2
SIM3
SIM4
1
21
22
SIM5
SIM1
SIM2
SIM3
SIM4
1
21
22
SIM5
SIM1
SIM2
SIM3
SIM4
1
21
22
SIM5
SIM1
SIM2
SIM3
SIM4
1
21
22
SIM5
SIM1
SIM2
SIM3
SIM4
1
21
22
SIM5
SIM1
SIM2
SIM3
SIM4
1
21
22
SIM5
SIM1
SIM2
SIM3
SIM4
1
21
22
SIM5
SIM1
SIM2
SIM3
SIM4
1
21
22
SIM5
SIM1
SIM2
SIM3
SIM4
1
21
22
SIM5
SIM1
SIM2
SIM3
SIM4
1
21
22
SIM5
SIM1
SIM2
SIM3
SIM4
1
21
22
SIM5
SIM1
SIM2
SIM3
SIM4
1
21
22
SIM5
SIM1
SIM2
SIM3
SIM4
1
21
22
SIM5
SIM1
SIM2
SIM3
SIM4
1
21
22
SIM5
SIM1
SIM2
SIM3
SIM4
1
21
22
SIM5
SIM1
SIM2
SIM3
SIM4
1
21
22
SIM5
SIM1
SIM2
SIM3
SIM4
1
21
22
SIM5
SIM1
SIM2
SIM3
SIM4
1
21
22
SIM5
SIM1
SIM2
SIM3
SIM4
1
21
22
SIM5
SIM1
SIM2
SIM3
SIM4
1
21
22
SIM5
SIM1
SIM2
SIM3
SIM4
1
21
22
SIM5
SIM1
SIM2
SIM3
SIM4
1
21
22
SIM5
SIM1
SIM2
SIM3
SIM4
1
21
22
SIM5
SIM1
SIM2
SIM3
SIM4
1
21
22
SIM5
SIM1
SIM2
SIM3
SIM4
1
21
22
SIM5
SIM1
SIM2
SIM3
SIM4
1
21
22
SIM5
SIM1
SIM2
SIM3
SIM4
1
21
22
SIM5
SIM1
SIM2
SIM3
SIM4
1
21
22
SIM5
SIM1
SIM2
SIM3
SIM4
1
21
22
SIM5
SIM1
SIM2
SIM3
SIM4
1
21
22
SIM5
SIM1
SIM2
SIM3
SIM4
1
21
22
SIM5
SIM1
SIM2
SIM3
SIM4
1
21
22
SIM5
SIM1
SIM2
SIM3
SIM4
1
21
22
SIM5
SIM1
SIM2
SIM3
SIM4
1
21
22
SIM5
SIM1
SIM2
SIM3
SIM4
1
21
22
SIM5
SIM1
SIM2
SIM3
SIM4
1
21
22
SIM5
SIM1
SIM2
SIM3
SIM4
1
21
22
SIM5
SIM1
SIM2
SIM3
SIM4
1
21
22
SIM5
SIM1
SIM2
SIM3
SIM4
1
21
22
SIM5
SIM1
SIM2
SIM3
SIM4
1
21
22
SIM5
SIM1
SIM2
SIM3
SIM4
1
21
22
SIM5
SIM1
SIM2
SIM3
SIM4
1
21
22
SIM5
SIM1
SIM2
SIM3
SIM4
1
21
22
SIM5
SIM1
SIM2
SIM3
SIM4
1
21
22
SIM5
SIM1
SIM2
SIM3
SIM4
1
21
22
SIM5
SIM1
SIM2
SIM3
SIM4
1
21
22
SIM5
SIM1
SIM2
SIM3
SIM4
1
21
22
SIM5
SIM1
SIM2
SIM3
SIM4
1
21
22
SIM5
SIM1
SIM2
SIM3
SIM4
1
21
22
SIM5
SIM1
SIM2
SIM3
SIM4
1
21
22
SIM5
SIM1
SIM2
SIM3
SIM4
1
21
22
SIM5
SIM1
SIM2
SIM3
SIM4
1
21
22
SIM5
SIM1
SIM2
SIM3
SIM4
1
21
22
SIM5
SIM1
SIM2
SIM3
SIM4
1
21
22
SIM5
SIM1
SIM2
SIM3
SIM4
1
21
22
SIM5
SIM1
SIM2
SIM3
SIM4
1
21
22
SIM5
SIM1
SIM2
SIM3
SIM4
1
21
22
SIM5
SIM1
SIM2
SIM3
SIM4
1
21
22
SIM5
SIM1
SIM2
SIM3
SIM4
1
21
22
SIM5
SIM1
SIM2
SIM3
SIM4
1
21
22
SIM5
SIM1
SIM2
SIM3
SIM4
1
21
22
SIM5
SIM1
SIM2
SIM3
SIM4
1
21
22
SIM5
SIM1
SIM2
SIM3
SIM4
1
21
22
SIM5
SIM1
SIM2
SIM3
SIM4
1
21
22
SIM5
SIM1
SIM2
SIM3
SIM4
1
21
22
SIM5
SIM1
SIM2
SIM3
SIM4
1
21
22
SIM5
SIM1
SIM2
SIM3
SIM4
1
21
22
SIM5
SIM1
SIM2
SIM3
SIM4
1
21
22
SIM5
SIM1
SIM2
SIM3
SIM4
1
21
22
SIM5
SIM1
SIM2
SIM3
SIM4
1
21
22
SIM5
SIM1
SIM2
SIM3
SIM4
1
21
22
SIM5
SIM1
SIM2
SIM3
SIM4
1
21
22
SIM5
SIM1
SIM2
SIM3
SIM4
1
21
22
SIM5
SIM1
SIM2
SIM3
SIM4
1
21
22
SIM5
SIM1
SIM2
SIM3
SIM4
1
21
22
SIM5
SIM1
SIM2
SIM3
SIM4
1
21
22
SIM5
SIM1
SIM2
SIM3
SIM4
1
21
22
SIM5
SIM1
SIM2
SIM3
SIM4
1
21
22
SIM5
SIM1
SIM2
SIM3
SIM4
1
21
22
SIM5
SIM1
SIM2
SIM3
SIM4
1
21
22
SIM5
SIM1
SIM2
SIM3
SIM4
1
21
22
SIM5
SIM1
SIM2
SIM3
SIM4
1
21
22
SIM5
SIM1
SIM2
SIM3
SIM4
1
21
22
SIM5
SIM1
SIM2
SIM3
SIM4
1
21
22
SIM5
SIM1
SIM2
SIM3
SIM4
1
21
22
SIM5
SIM1
SIM2
SIM3
SIM4
1
21
22
SIM5
SIM1
SIM2
SIM3
SIM4
1
21
22
SIM5
SIM1
SIM2
SIM3
SIM4
1
21
22
SIM5
SIM1
SIM2
SIM3
SIM4
1
21
22
SIM5
SIM1
SIM2
SIM3
SIM4
1
21
22
SIM5
SIM1
SIM2
SIM3
SIM4
1
21
22
SIM5
SIM1
SIM2
SIM3
SIM4
1
21
22
SIM5
SIM1
SIM2
SIM3
SIM4
1
21
22
SIM5
SIM1
SIM2
SIM3
SIM4
1
21
22
SIM5
SIM1
SIM2
SIM3
SIM4
1
21
22
SIM5
SIM1
SIM2
SIM3
SIM4
1
21
22
SIM5
SIM1
SIM2
SIM3
SIM4
1
21
22
SIM5
SIM1
SIM2
SIM3
SIM4
1
21
22
SIM5
SIM1
SIM2
DEBUG 1 2
SIM1
SIM2
SIM3
SIM4
1
21
22
SIM5
SIM1
SIM2
SIM3
SIM4
1
21
22
SIM5
SIM1
SIM2
SIM3
SIM4
1
21
22
SIM5
SIM1
SIM2
SIM3
SIM4
1
21
22
SIM5
SIM1
SIM2
SIM3
SIM4
1
21
22
SIM5
SIM1
SIM2
SIM3
SIM4
1
21
22
SIM5
SIM1
SIM2
SIM3
SIM4
1
21
22
SIM5
SIM1
SIM2
SIM3
SIM4
1
21
22
SIM5
SIM1
SIM2
SIM3
SIM4
1
21
22
SIM5
SIM1
SIM2
SIM3
SIM4
1
21
22
SIM5
SIM1
SIM2
SIM3
SIM4
1
21
22
SIM5
SIM1
SIM2
SIM3
SIM4
1
21
22
SIM5
SIM1
SIM2
SIM3
SIM4
1
21
22
SIM5
SIM1
SIM2
SIM3
SIM4
1
21
22
SIM5
SIM1
SIM2
SIM3
SIM4
1
21
22
SIM5
SIM1
SIM2
SIM3
SIM4
1
21
22
SIM5
SIM1
SIM2
SIM3
SIM4
1
21
22
SIM5
SIM1
SIM2
SIM3
SIM4
1
21
22
SIM5
SIM1
SIM2
SIM3
SIM4
1
21
22
SIM5
SIM1
SIM2
SIM3
SIM4
1
21
22
SIM5
SIM1
SIM2
SIM3
SIM4
1
21
22
SIM5
SIM1
SIM2
SIM3
SIM4
1
21
22
SIM5
SIM1
SIM2
SIM3
SIM4
1
21
22
SIM5
SIM1
SIM2
SIM3
SIM4
1
21
22
SIM5
SIM1
SIM2
SIM3
SIM4
1
21
22
SIM5
SIM1
SIM2
SIM3
SIM4
1
21
22
SIM5
SIM1
SIM2
SIM3
SIM4
1
21
22
SIM5
SIM1
SIM2
SIM3
SIM4
1
21
22
SIM5
SIM1
SIM2
SIM3
SIM4
1
21
22
SIM5
SIM1
SIM2
SIM3
SIM4
1
21
22
SIM5
SIM1
SIM2
SIM3
SIM4
1
21
22
SIM5
SIM1
SIM2
SIM3
SIM4
1
21
22
SIM5
SIM1
SIM2
SIM3
SIM4
1
21
22
SIM5
SIM1
SIM2
SIM3
SIM4
1
21
22
SIM5
SIM1
SIM2
SIM3
SIM4
1
21
22
SIM5
SIM1
SIM2
SIM3
SIM4
1
21
22
SIM5
SIM1
SIM2
SIM3
SIM4
1
21
22
SIM5
SIM1
SIM2
SIM3
SIM4
1
21
22
SIM5
SIM1
SIM2
SIM3
SIM4
1
21
22
SIM5
SIM1
SIM2
SIM3
SIM4
1
21
22
SIM5
SIM1
SIM2
SIM3
SIM4
1
21
22
SIM5
SIM1
SIM2
SIM3
SIM4
1
21
22
SIM5
SIM1
SIM2
SIM3
SIM4
1
21
22
SIM5
SIM1
SIM2
SIM3
SIM4
1
21
22
SIM5
SIM1
SIM2
SIM3
SIM4
1
21
22
SIM5
SIM1
SIM2
SIM3
SIM4
1
21
22
SIM5
SIM1
SIM2
SIM3
SIM4
1
21
22
SIM5
SIM1
SIM2
SIM3
SIM4
1
21
22
SIM5
SIM1
SIM2
SIM3
SIM4
1
21
22
SIM5
SIM1
SIM2
SIM3
SIM4
1
21
22
SIM5
SIM1
SIM2
SIM3
SIM4
1
21
22
SIM5
SIM1
SIM2
SIM3
SIM4
1
21
22
SIM5
SIM1
SIM2
SIM3
SIM4
1
21
22
SIM5
SIM1
SIM2
SIM3
SIM4
1
21
22
SIM5
SIM1
SIM2
SIM3
SIM4
1
21
22
SIM5
SIM1
SIM2
SIM3
SIM4
1
21
22
SIM5
SIM1
SIM2
SIM3
SIM4
1
21
22
SIM5
SIM1
SIM2
SIM3
SIM4
1
21
22
SIM5
SIM1
SIM2
SIM3
SIM4
1
21
22
SIM5
SIM1
SIM2
SIM3
SIM4
1
21
22
SIM5
SIM1
SIM2
SIM3
SIM4
1
21
22
SIM5
SIM1
SIM2
SIM3
SIM4
1
21
22
SIM5
SIM1
SIM2
SIM3
SIM4
1
21
22
SIM5
SIM1
SIM2
SIM3
SIM4
1
21
22
SIM5
SIM1
SIM2
SIM3
SIM4
1
21
22
SIM5
SIM1
SIM2
SIM3
SIM4
1
21
22
SIM5
SIM1
SIM2
SIM3
SIM4
1
21
22
SIM5
SIM1
SIM2
SIM3
SIM4
1
21
22
SIM5
SIM1
SIM2
SIM3
SIM4
1
21
22
SIM5
SIM1
SIM2
SIM3
SIM4
1
21
22
SIM5
SIM1
SIM2
SIM3
SIM4
1
21
22
SIM5
SIM1
SIM2
SIM3
SIM4
1
21
22
SIM5
SIM1
SIM2
SIM3
SIM4
1
21
22
SIM5
SIM1
SIM2
SIM3
SIM4
1
21
22
SIM5
SIM1
SIM2
SIM3
SIM4
1
21
22
SIM5
SIM1
SIM2
SIM3
SIM4
1
21
22
SIM5
SIM1
SIM2
SIM3
SIM4
1
21
22
SIM5
SIM1
SIM2
SIM3
SIM4
1
21
22
SIM5
SIM1
SIM2
SIM3
SIM4
1
21
22
SIM5
SIM1
SIM2
SIM3
SIM4
1
21
22
SIM5
SIM1
SIM2
SIM3
SIM4
1
21
22
SIM5
SIM1
SIM2
SIM3
SIM4
1
21
22
SIM5
SIM1
SIM2
SIM3
SIM4
1
21
22
SIM5
SIM1
SIM2
SIM3
SIM4
1
21
22
SIM5
SIM1
SIM2
SIM3
SIM4
1
21
22
SIM5
SIM1
SIM2
SIM3
SIM4
1
21
22
SIM5
SIM1
SIM2
SIM3
SIM4
1
21
22
SIM5
SIM1
SIM2
SIM3
SIM4
1
21
22
SIM5
SIM1
SIM2
SIM3
SIM4
1
21
22
SIM5
SIM1
SIM2
SIM3
SIM4
1
21
22
SIM5
SIM1
SIM2
SIM3
SIM4
1
21
22
SIM5
SIM1
SIM2
SIM3
SIM4
1
21
22
SIM5
SIM1
SIM2
SIM3
SIM4
1
21
22
SIM5
SIM1
SIM2
SIM3
SIM4
1
21
22
SIM5
SIM1
SIM2
SIM3
SIM4
1
21
22
SIM5
SIM1
SIM2
SIM3
SIM4
1
21
22
SIM5
SIM1
SIM2
SIM3
SIM4
1
21
22
SIM5
SIM1
SIM2
SIM3
SIM4
1
21
22
SIM5
SIM1
SIM2
SIM3
SIM4
1
21
22
SIM5
SIM1
SIM2
SIM3
SIM4
1
21
22
SIM5
SIM1
SIM2
SIM3
SIM4
1
21
22
SIM5
SIM1
SIM2
SIM3
SIM4
1
21
22
SIM5
SIM1
SIM2
SIM3
SIM4
1
21
22
SIM5
SIM1
SIM2
SIM3
SIM4
1
21
22
SIM5
SIM1
SIM2
SIM3
SIM4
1
21
22
SIM5
SIM1
SIM2
SIM3
SIM4
1
21
22
SIM5
SIM1
SIM2
SIM3
SIM4
1
21
22
SIM5
SIM1
SIM2
SIM3
SIM4
1
21
22
SIM5
SIM1
SIM2
SIM3
SIM4
1
21
22
SIM5
SIM1
SIM2
SIM3
SIM4
1
21
22
SIM5
SIM1
SIM2
SIM3
SIM4
1
21
22
SIM5
SIM1
SIM2
SIM3
SIM4
1
21
22
SIM5
SIM1
SIM2
SIM3
SIM4
1
21
22
SIM5
SIM1
SIM2
SIM3
SIM4
1
21
22
SIM5
SIM1
SIM2
SIM3
SIM4
1
21
22
SIM5
SIM1
SIM2
SIM3
SIM4
1
21
22
SIM5
SIM1
SIM2
SIM3
SIM4
1
21
22
SIM5
SIM1
SIM2
SIM3
SIM4
1
21
22
SIM5
SIM1
SIM2
SIM3
SIM4
1
21
22
SIM5
SIM1
SIM2
SIM3
SIM4
1
21
22
SIM5
SIM1
SIM2
SIM3
SIM4
1
21
22
SIM5
SIM1
SIM2
SIM3
SIM4
1
21
22
SIM5
SIM1
SIM2
SIM3
SIM4
1
21
22
SIM5
SIM1
SIM2
SIM3
SIM4
1
21
22
SIM5
SIM1
SIM2
SIM3
SIM4
1
21
22
SIM5
SIM1
SIM2
SIM3
SIM4
1
21
22
SIM5
SIM1
SIM2
DEBUG 1 3
SIM1
SIM2
SIM3
SIM4
1
21
22
SIM5
SIM1
SIM2
SIM3
SIM4
1
21
22
SIM5
SIM1
SIM2
SIM3
SIM4
1
21
22
SIM5
SIM1
SIM2
SIM3
SIM4
1
21
22
SIM5
SIM1
SIM2
SIM3
SIM4
1
21
22
SIM5
SIM1
SIM2
SIM3
SIM4
1
21
22
SIM5
SIM1
SIM2
SIM3
SIM4
1
21
22
SIM5
SIM1
SIM2
SIM3
SIM4
1
21
22
SIM5
SIM1
SIM2
SIM3
SIM4
1
21
22
SIM5
SIM1
SIM2
SIM3
SIM4
1
21
22
SIM5
SIM1
SIM2
SIM3
SIM4
1
21
22
SIM5
SIM1
SIM2
SIM3
SIM4
1
21
22
SIM5
SIM1
SIM2
SIM3
SIM4
1
21
22
SIM5
SIM1
SIM2
SIM3
SIM4
1
21
22
SIM5
SIM1
SIM2
SIM3
SIM4
1
21
22
SIM5
SIM1
SIM2
SIM3
SIM4
1
21
22
SIM5
SIM1
SIM2
SIM3
SIM4
1
21
22
SIM5
SIM1
SIM2
SIM3
SIM4
1
21
22
SIM5
SIM1
SIM2
SIM3
SIM4
1
21
22
SIM5
SIM1
SIM2
SIM3
SIM4
1
21
22
SIM5
SIM1
SIM2
SIM3
SIM4
1
21
22
SIM5
SIM1
SIM2
SIM3
SIM4
1
21
22
SIM5
SIM1
SIM2
SIM3
SIM4
1
21
22
SIM5
SIM1
SIM2
SIM3
SIM4
1
21
22
SIM5
SIM1
SIM2
SIM3
SIM4
1
21
22
SIM5
SIM1
SIM2
SIM3
SIM4
1
21
22
SIM5
SIM1
SIM2
SIM3
SIM4
1
21
22
SIM5
SIM1
SIM2
SIM3
SIM4
1
21
22
SIM5
SIM1
SIM2
SIM3
SIM4
1
21
22
SIM5
SIM1
SIM2
SIM3
SIM4
1
21
22
SIM5
SIM1
SIM2
SIM3
SIM4
1
21
22
SIM5
SIM1
SIM2
SIM3
SIM4
1
21
22
SIM5
SIM1
SIM2
SIM3
SIM4
1
21
22
SIM5
SIM1
SIM2
SIM3
SIM4
1
21
22
SIM5
SIM1
SIM2
SIM3
SIM4
1
21
22
SIM5
SIM1
SIM2
SIM3
SIM4
1
21
22
SIM5
SIM1
SIM2
SIM3
SIM4
1
21
22
SIM5
SIM1
SIM2
SIM3
SIM4
1
21
22
SIM5
SIM1
SIM2
SIM3
SIM4
1
21
22
SIM5
SIM1
SIM2
SIM3
SIM4
1
21
22
SIM5
SIM1
SIM2
SIM3
SIM4
1
21
22
SIM5
SIM1
SIM2
SIM3
SIM4
1
21
22
SIM5
SIM1
SIM2
SIM3
SIM4
1
21
22
SIM5
SIM1
SIM2
SIM3
SIM4
1
21
22
SIM5
SIM1
SIM2
SIM3
SIM4
1
21
22
SIM5
SIM1
SIM2
SIM3
SIM4
1
21
22
SIM5
SIM1
SIM2
SIM3
SIM4
1
21
22
SIM5
SIM1
SIM2
SIM3
SIM4
1
21
22
SIM5
SIM1
SIM2
SIM3
SIM4
1
21
22
SIM5
SIM1
SIM2
SIM3
SIM4
1
21
22
SIM5
SIM1
SIM2
SIM3
SIM4
1
21
22
SIM5
SIM1
SIM2
SIM3
SIM4
1
21
22
SIM5
SIM1
SIM2
SIM3
SIM4
1
21
22
SIM5
SIM1
SIM2
SIM3
SIM4
1
21
22
SIM5
SIM1
SIM2
SIM3
SIM4
1
21
22
SIM5
SIM1
SIM2
SIM3
SIM4
1
21
22
SIM5
SIM1
SIM2
SIM3
SIM4
1
21
22
SIM5
SIM1
SIM2
SIM3
SIM4
1
21
22
SIM5
SIM1
SIM2
SIM3
SIM4
1
21
22
SIM5
SIM1
SIM2
SIM3
SIM4
1
21
22
SIM5
SIM1
SIM2
SIM3
SIM4
1
21
22
SIM5
SIM1
SIM2
SIM3
SIM4
1
21
22
SIM5
SIM1
SIM2
SIM3
SIM4
1
21
22
SIM5
SIM1
SIM2
SIM3
SIM4
1
21
22
SIM5
SIM1
SIM2
SIM3
SIM4
1
21
22
SIM5
SIM1
SIM2
SIM3
SIM4
1
21
22
SIM5
SIM1
SIM2
SIM3
SIM4
1
21
22
SIM5
SIM1
SIM2
SIM3
SIM4
1
21
22
SIM5
SIM1
SIM2
SIM3
SIM4
1
21
22
SIM5
SIM1
SIM2
SIM3
SIM4
1
21
22
SIM5
SIM1
SIM2
SIM3
SIM4
1
21
22
SIM5
SIM1
SIM2
SIM3
SIM4
1
21
22
SIM5
SIM1
SIM2
SIM3
SIM4
1
21
22
SIM5
SIM1
SIM2
SIM3
SIM4
1
21
22
SIM5
SIM1
SIM2
SIM3
SIM4
1
21
22
SIM5
SIM1
SIM2
SIM3
SIM4
1
21
22
SIM5
SIM1
SIM2
SIM3
SIM4
1
21
22
SIM5
SIM1
SIM2
SIM3
SIM4
1
21
22
SIM5
SIM1
SIM2
SIM3
SIM4
1
21
22
SIM5
SIM1
SIM2
SIM3
SIM4
1
21
22
SIM5
SIM1
SIM2
SIM3
SIM4
1
21
22
SIM5
SIM1
SIM2
SIM3
SIM4
1
21
22
SIM5
SIM1
SIM2
SIM3
SIM4
1
21
22
SIM5
SIM1
SIM2
SIM3
SIM4
1
21
22
SIM5
SIM1
SIM2
SIM3
SIM4
1
21
22
SIM5
SIM1
SIM2
SIM3
SIM4
1
21
22
SIM5
SIM1
SIM2
SIM3
SIM4
1
21
22
SIM5
SIM1
SIM2
SIM3
SIM4
1
21
22
SIM5
SIM1
SIM2
SIM3
SIM4
1
21
22
SIM5
SIM1
SIM2
SIM3
SIM4
1
21
22
SIM5
SIM1
SIM2
SIM3
SIM4
1
21
22
SIM5
SIM1
SIM2
SIM3
SIM4
1
21
22
SIM5
SIM1
SIM2
SIM3
SIM4
1
21
22
SIM5
SIM1
SIM2
SIM3
SIM4
1
21
22
SIM5
SIM1
SIM2
SIM3
SIM4
1
21
22
SIM5
SIM1
SIM2
SIM3
SIM4
1
21
22
SIM5
SIM1
SIM2
SIM3
SIM4
1
21
22
SIM5
SIM1
SIM2
SIM3
SIM4
1
21
22
SIM5
SIM1
SIM2
SIM3
SIM4
1
21
22
SIM5
SIM1
SIM2
SIM3
SIM4
1
21
22
SIM5
SIM1
SIM2
SIM3
SIM4
1
21
22
SIM5
SIM1
SIM2
SIM3
SIM4
1
21
22
SIM5
SIM1
SIM2
SIM3
SIM4
1
21
22
SIM5
SIM1
SIM2
SIM3
SIM4
1
21
22
SIM5
SIM1
SIM2
SIM3
SIM4
1
21
22
SIM5
SIM1
SIM2
SIM3
SIM4
1
21
22
SIM5
SIM1
SIM2
SIM3
SIM4
1
21
22
SIM5
SIM1
SIM2
SIM3
SIM4
1
21
22
SIM5
SIM1
SIM2
SIM3
SIM4
1
21
22
SIM5
SIM1
SIM2
SIM3
SIM4
1
21
22
SIM5
SIM1
SIM2
SIM3
SIM4
1
21
22
SIM5
SIM1
SIM2
SIM3
SIM4
1
21
22
SIM5
SIM1
SIM2
SIM3
SIM4
1
21
22
SIM5
SIM1
SIM2
SIM3
SIM4
1
21
22
SIM5
SIM1
SIM2
SIM3
SIM4
1
21
22
SIM5
SIM1
SIM2
SIM3
SIM4
1
21
22
SIM5
SIM1
SIM2
SIM3
SIM4
1
21
22
SIM5
SIM1
SIM2
SIM3
SIM4
1
21
22
SIM5
SIM1
SIM2
SIM3
SIM4
1
21
22
SIM5
SIM1
SIM2
DEBUG 1 4
SIM1
SIM2
SIM3
SIM4
1
21
22
SIM5
SIM1
SIM2
SIM3
SIM4
1
21
22
SIM5
SIM1
SIM2
SIM3
SIM4
1
21
22
SIM5
SIM1
SIM2
SIM3
SIM4
1
21
22
SIM5
SIM1
SIM2
SIM3
SIM4
1
21
22
SIM5
SIM1
SIM2
SIM3
SIM4
1
21
22
SIM5
SIM1
SIM2
SIM3
SIM4
1
21
22
SIM5
SIM1
SIM2
SIM3
SIM4
1
21
22
SIM5
SIM1
SIM2
SIM3
SIM4
1
21
22
SIM5
SIM1
SIM2
SIM3
SIM4
1
21
22
SIM5
SIM1
SIM2
SIM3
SIM4
1
21
22
SIM5
SIM1
SIM2
SIM3
SIM4
1
21
22
SIM5
SIM1
SIM2
SIM3
SIM4
1
21
22
SIM5
SIM1
SIM2
SIM3
SIM4
1
21
22
SIM5
SIM1
SIM2
SIM3
SIM4
1
21
22
SIM5
SIM1
SIM2
SIM3
SIM4
1
21
22
SIM5
SIM1
SIM2
SIM3
SIM4
1
21
22
SIM5
SIM1
SIM2
SIM3
SIM4
1
21
22
SIM5
SIM1
SIM2
SIM3
SIM4
1
21
22
SIM5
SIM1
SIM2
SIM3
SIM4
1
21
22
SIM5
SIM1
SIM2
SIM3
SIM4
1
21
22
SIM5
SIM1
SIM2
SIM3
SIM4
1
21
22
SIM5
SIM1
SIM2
SIM3
SIM4
1
21
22
SIM5
SIM1
SIM2
SIM3
SIM4
1
21
22
SIM5
SIM1
SIM2
SIM3
SIM4
1
21
22
SIM5
SIM1
SIM2
SIM3
SIM4
1
21
22
SIM5
SIM1
SIM2
SIM3
SIM4
1
21
22
SIM5
SIM1
SIM2
SIM3
SIM4
1
21
22
SIM5
SIM1
SIM2
SIM3
SIM4
1
21
22
SIM5
SIM1
SIM2
SIM3
SIM4
1
21
22
SIM5
SIM1
SIM2
SIM3
SIM4
1
21
22
SIM5
SIM1
SIM2
SIM3
SIM4
1
21
22
SIM5
SIM1
SIM2
SIM3
SIM4
1
21
22
SIM5
SIM1
SIM2
SIM3
SIM4
1
21
22
SIM5
SIM1
SIM2
SIM3
SIM4
1
21
22
SIM5
SIM1
SIM2
SIM3
SIM4
1
21
22
SIM5
SIM1
SIM2
SIM3
SIM4
1
21
22
SIM5
SIM1
SIM2
SIM3
SIM4
1
21
22
SIM5
SIM1
SIM2
SIM3
SIM4
1
21
22
SIM5
SIM1
SIM2
SIM3
SIM4
1
21
22
SIM5
SIM1
SIM2
SIM3
SIM4
1
21
22
SIM5
SIM1
SIM2
SIM3
SIM4
1
21
22
SIM5
SIM1
SIM2
SIM3
SIM4
1
21
22
SIM5
SIM1
SIM2
SIM3
SIM4
1
21
22
SIM5
SIM1
SIM2
SIM3
SIM4
1
21
22
SIM5
SIM1
SIM2
SIM3
SIM4
1
21
22
SIM5
SIM1
SIM2
SIM3
SIM4
1
21
22
SIM5
SIM1
SIM2
SIM3
SIM4
1
21
22
SIM5
SIM1
SIM2
SIM3
SIM4
1
21
22
SIM5
SIM1
SIM2
SIM3
SIM4
1
21
22
SIM5
SIM1
SIM2
SIM3
SIM4
1
21
22
SIM5
SIM1
SIM2
SIM3
SIM4
1
21
22
SIM5
SIM1
SIM2
SIM3
SIM4
1
21
22
SIM5
SIM1
SIM2
SIM3
SIM4
1
21
22
SIM5
SIM1
SIM2
SIM3
SIM4
1
21
22
SIM5
SIM1
SIM2
SIM3
SIM4
1
21
22
SIM5
SIM1
SIM2
SIM3
SIM4
1
21
22
SIM5
SIM1
SIM2
SIM3
SIM4
1
21
22
SIM5
SIM1
SIM2
SIM3
SIM4
1
21
22
SIM5
SIM1
SIM2
SIM3
SIM4
1
21
22
SIM5
SIM1
SIM2
SIM3
SIM4
1
21
22
SIM5
SIM1
SIM2
SIM3
SIM4
1
21
22
SIM5
SIM1
SIM2
SIM3
SIM4
1
21
22
SIM5
SIM1
SIM2
SIM3
SIM4
1
21
22
SIM5
SIM1
SIM2
SIM3
SIM4
1
21
22
SIM5
SIM1
SIM2
SIM3
SIM4
1
21
22
SIM5
SIM1
SIM2
SIM3
SIM4
1
21
22
SIM5
SIM1
SIM2
SIM3
SIM4
1
21
22
SIM5
SIM1
SIM2
SIM3
SIM4
1
21
22
SIM5
SIM1
SIM2
SIM3
SIM4
1
21
22
SIM5
SIM1
SIM2
SIM3
SIM4
1
21
22
SIM5
SIM1
SIM2
SIM3
SIM4
1
21
22
SIM5
SIM1
SIM2
SIM3
SIM4
1
21
22
SIM5
SIM1
SIM2
SIM3
SIM4
1
21
22
SIM5
SIM1
SIM2
SIM3
SIM4
1
21
22
SIM5
SIM1
SIM2
SIM3
SIM4
1
21
22
SIM5
SIM1
SIM2
SIM3
SIM4
1
21
22
SIM5
SIM1
SIM2
SIM3
SIM4
1
21
22
SIM5
SIM1
SIM2
SIM3
SIM4
1
21
22
SIM5
SIM1
SIM2
SIM3
SIM4
1
21
22
SIM5
SIM1
SIM2
SIM3
SIM4
1
21
22
SIM5
SIM1
SIM2
SIM3
SIM4
1
21
22
SIM5
SIM1
SIM2
SIM3
SIM4
1
21
22
SIM5
SIM1
SIM2
SIM3
SIM4
1
21
22
SIM5
SIM1
SIM2
SIM3
SIM4
1
21
22
SIM5
SIM1
SIM2
SIM3
SIM4
1
21
22
SIM5
SIM1
SIM2
SIM3
SIM4
1
21
22
SIM5
SIM1
SIM2
SIM3
SIM4
1
21
22
SIM5
SIM1
SIM2
SIM3
SIM4
1
21
22
SIM5
SIM1
SIM2
SIM3
SIM4
1
21
22
SIM5
SIM1
SIM2
SIM3
SIM4
1
21
22
SIM5
SIM1
SIM2
SIM3
SIM4
1
21
22
SIM5
SIM1
SIM2
SIM3
SIM4
1
21
22
SIM5
SIM1
SIM2
SIM3
SIM4
1
21
22
SIM5
SIM1
SIM2
SIM3
SIM4
1
21
22
SIM5
SIM1
SIM2
SIM3
SIM4
1
21
22
SIM5
SIM1
SIM2
SIM3
SIM4
1
21
22
SIM5
SIM1
SIM2
SIM3
SIM4
1
21
22
SIM5
SIM1
SIM2
SIM3
SIM4
1
21
22
SIM5
SIM1
SIM2
SIM3
SIM4
1
21
22
SIM5
SIM1
SIM2
SIM3
SIM4
1
21
22
SIM5
SIM1
SIM2
SIM3
SIM4
1
21
22
SIM5
SIM1
SIM2
SIM3
SIM4
1
21
22
SIM5
SIM1
SIM2
SIM3
SIM4
1
21
22
SIM5
SIM1
SIM2
SIM3
SIM4
1
21
22
SIM5
SIM1
SIM2
SIM3
SIM4
1
21
22
SIM5
SIM1
SIM2
SIM3
SIM4
1
21
22
SIM5
SIM1
SIM2
SIM3
SIM4
1
21
22
SIM5
SIM1
SIM2
SIM3
SIM4
1
21
22
SIM5
SIM1
SIM2
SIM3
SIM4
1
21
22
SIM5
SIM1
SIM2
SIM3
SIM4
1
21
22
SIM5
SIM1
SIM2
SIM3
SIM4
1
21
22
SIM5
SIM1
SIM2
SIM3
SIM4
1
21
22
SIM5
SIM1
SIM2
SIM3
SIM4
1
21
22
SIM5
SIM1
SIM2
SIM3
SIM4
1
21
22
SIM5
SIM1
SIM2
SIM3
SIM4
1
21
22
SIM5
SIM1
SIM2
SIM3
SIM4
1
21
22
SIM5
SIM1
SIM2
SIM3
SIM4
1
21
22
SIM5
SIM1
SIM2
SIM3
SIM4
1
21
22
SIM5
SIM1
SIM2
SIM3
SIM4
1
21
22
SIM5
SIM1
SIM2
SIM3
SIM4
1
21
22
SIM5
SIM1
SIM2
SIM3
SIM4
1
21
22
SIM5
SIM1
SIM2
SIM3
SIM4
1
21
22
SIM5
SIM1
SIM2
SIM3
SIM4
1
21
22
SIM5
SIM1
SIM2
DEBUG 1 5
SIM1
SIM2
SIM3
SIM4
1
21
22
SIM5
SIM1
SIM2
SIM3
SIM4
1
21
22
SIM5
SIM1
SIM2
SIM3
SIM4
1
21
22
SIM5
SIM1
SIM2
SIM3
SIM4
1
21
22
SIM5
SIM1
SIM2
SIM3
SIM4
1
21
22
SIM5
SIM1
SIM2
SIM3
SIM4
1
21
22
SIM5
SIM1
SIM2
SIM3
SIM4
1
21
22
SIM5
SIM1
SIM2
SIM3
SIM4
1
21
22
SIM5
SIM1
SIM2
SIM3
SIM4
1
21
22
SIM5
SIM1
SIM2
SIM3
SIM4
1
21
22
SIM5
SIM1
SIM2
SIM3
SIM4
1
21
22
SIM5
SIM1
SIM2
SIM3
SIM4
1
21
22
SIM5
SIM1
SIM2
SIM3
SIM4
1
21
22
SIM5
SIM1
SIM2
SIM3
SIM4
1
21
22
SIM5
SIM1
SIM2
SIM3
SIM4
1
21
22
SIM5
SIM1
SIM2
SIM3
SIM4
1
21
22
SIM5
SIM1
SIM2
SIM3
SIM4
1
21
22
SIM5
SIM1
SIM2
SIM3
SIM4
1
21
22
SIM5
SIM1
SIM2
SIM3
SIM4
1
21
22
SIM5
SIM1
SIM2
SIM3
SIM4
1
21
22
SIM5
SIM1
SIM2
SIM3
SIM4
1
21
22
SIM5
SIM1
SIM2
SIM3
SIM4
1
21
22
SIM5
SIM1
SIM2
SIM3
SIM4
1
21
22
SIM5
SIM1
SIM2
SIM3
SIM4
1
21
22
SIM5
SIM1
SIM2
SIM3
SIM4
1
21
22
SIM5
SIM1
SIM2
SIM3
SIM4
1
21
22
SIM5
SIM1
SIM2
SIM3
SIM4
1
21
22
SIM5
SIM1
SIM2
SIM3
SIM4
1
21
22
SIM5
SIM1
SIM2
SIM3
SIM4
1
21
22
SIM5
SIM1
SIM2
SIM3
SIM4
1
21
22
SIM5
SIM1
SIM2
SIM3
SIM4
1
21
22
SIM5
SIM1
SIM2
SIM3
SIM4
1
21
22
SIM5
SIM1
SIM2
SIM3
SIM4
1
21
22
SIM5
SIM1
SIM2
SIM3
SIM4
1
21
22
SIM5
SIM1
SIM2
SIM3
SIM4
1
21
22
SIM5
SIM1
SIM2
SIM3
SIM4
1
21
22
SIM5
SIM1
SIM2
SIM3
SIM4
1
21
22
SIM5
SIM1
SIM2
SIM3
SIM4
1
21
22
SIM5
SIM1
SIM2
SIM3
SIM4
1
21
22
SIM5
SIM1
SIM2
SIM3
SIM4
1
21
22
SIM5
SIM1
SIM2
SIM3
SIM4
1
21
22
SIM5
SIM1
SIM2
SIM3
SIM4
1
21
22
SIM5
SIM1
SIM2
SIM3
SIM4
1
21
22
SIM5
SIM1
SIM2
SIM3
SIM4
1
21
22
SIM5
SIM1
SIM2
SIM3
SIM4
1
21
22
SIM5
SIM1
SIM2
SIM3
SIM4
1
21
22
SIM5
SIM1
SIM2
SIM3
SIM4
1
21
22
SIM5
SIM1
SIM2
SIM3
SIM4
1
21
22
SIM5
SIM1
SIM2
SIM3
SIM4
1
21
22
SIM5
SIM1
SIM2
SIM3
SIM4
1
21
22
SIM5
SIM1
SIM2
SIM3
SIM4
1
21
22
SIM5
SIM1
SIM2
SIM3
SIM4
1
21
22
SIM5
SIM1
SIM2
SIM3
SIM4
1
21
22
SIM5
SIM1
SIM2
SIM3
SIM4
1
21
22
SIM5
SIM1
SIM2
SIM3
SIM4
1
21
22
SIM5
SIM1
SIM2
SIM3
SIM4
1
21
22
SIM5
SIM1
SIM2
SIM3
SIM4
1
21
22
SIM5
SIM1
SIM2
SIM3
SIM4
1
21
22
SIM5
SIM1
SIM2
SIM3
SIM4
1
21
22
SIM5
SIM1
SIM2
SIM3
SIM4
1
21
22
SIM5
SIM1
SIM2
SIM3
SIM4
1
21
22
SIM5
SIM1
SIM2
SIM3
SIM4
1
21
22
SIM5
SIM1
SIM2
SIM3
SIM4
1
21
22
SIM5
SIM1
SIM2
SIM3
SIM4
1
21
22
SIM5
SIM1
SIM2
SIM3
SIM4
1
21
22
SIM5
SIM1
SIM2
SIM3
SIM4
1
21
22
SIM5
SIM1
SIM2
SIM3
SIM4
1
21
22
SIM5
SIM1
SIM2
SIM3
SIM4
1
21
22
SIM5
SIM1
SIM2
SIM3
SIM4
1
21
22
SIM5
SIM1
SIM2
SIM3
SIM4
1
21
22
SIM5
SIM1
SIM2
SIM3
SIM4
1
21
22
SIM5
SIM1
SIM2
SIM3
SIM4
1
21
22
SIM5
SIM1
SIM2
SIM3
SIM4
1
21
22
SIM5
SIM1
SIM2
SIM3
SIM4
1
21
22
SIM5
SIM1
SIM2
SIM3
SIM4
1
21
22
SIM5
SIM1
SIM2
SIM3
SIM4
1
21
22
SIM5
SIM1
SIM2
SIM3
SIM4
1
21
22
SIM5
SIM1
SIM2
SIM3
SIM4
1
21
22
SIM5
SIM1
SIM2
SIM3
SIM4
1
21
22
SIM5
SIM1
SIM2
SIM3
SIM4
1
21
22
SIM5
SIM1
SIM2
SIM3
SIM4
1
21
22
SIM5
SIM1
SIM2
SIM3
SIM4
1
21
22
SIM5
SIM1
SIM2
SIM3
SIM4
1
21
22
SIM5
SIM1
SIM2
SIM3
SIM4
1
21
22
SIM5
SIM1
SIM2
SIM3
SIM4
1
21
22
SIM5
SIM1
SIM2
SIM3
SIM4
1
21
22
SIM5
SIM1
SIM2
SIM3
SIM4
1
21
22
SIM5
SIM1
SIM2
SIM3
SIM4
1
21
22
SIM5
SIM1
SIM2
SIM3
SIM4
1
21
22
SIM5
SIM1
SIM2
SIM3
SIM4
1
21
22
SIM5
SIM1
SIM2
SIM3
SIM4
1
21
22
SIM5
SIM1
SIM2
SIM3
SIM4
1
21
22
SIM5
SIM1
SIM2
SIM3
SIM4
1
21
22
SIM5
SIM1
SIM2
SIM3
SIM4
1
21
22
SIM5
SIM1
SIM2
SIM3
SIM4
1
21
22
SIM5
SIM1
SIM2
SIM3
SIM4
1
21
22
SIM5
SIM1
SIM2
SIM3
SIM4
1
21
22
SIM5
SIM1
SIM2
SIM3
SIM4
1
21
22
SIM5
SIM1
SIM2
SIM3
SIM4
1
21
22
SIM5
SIM1
SIM2
SIM3
SIM4
1
21
22
SIM5
SIM1
SIM2
SIM3
SIM4
1
21
22
SIM5
SIM1
SIM2
SIM3
SIM4
1
21
22
SIM5
SIM1
SIM2
SIM3
SIM4
1
21
22
SIM5
SIM1
SIM2
SIM3
SIM4
1
21
22
SIM5
SIM1
SIM2
SIM3
SIM4
1
21
22
SIM5
SIM1
SIM2
SIM3
SIM4
1
21
22
SIM5
SIM1
SIM2
SIM3
SIM4
1
21
22
SIM5
SIM1
SIM2
SIM3
SIM4
1
21
22
SIM5
SIM1
SIM2
SIM3
SIM4
1
21
22
SIM5
SIM1
SIM2
SIM3
SIM4
1
21
22
SIM5
SIM1
SIM2
SIM3
SIM4
1
21
22
SIM5
SIM1
SIM2
SIM3
SIM4
1
21
22
SIM5
SIM1
SIM2
SIM3
SIM4
1
21
22
SIM5
SIM1
SIM2
SIM3
SIM4
1
21
22
SIM5
SIM1
SIM2
SIM3
SIM4
1
21
22
SIM5
SIM1
SIM2
SIM3
SIM4
1
21
22
SIM5
SIM1
SIM2
SIM3
SIM4
1
21
22
SIM5
SIM1
SIM2
SIM3
SIM4
1
21
22
SIM5
SIM1
SIM2
SIM3
SIM4
1
21
22
SIM5
SIM1
SIM2
SIM3
SIM4
1
21
22
SIM5
SIM1
SIM2
SIM3
SIM4
1
21
22
SIM5
SIM1
SIM2
SIM3
SIM4
1
21
22
SIM5
SIM1
SIM2
SIM3
SIM4
1
21
22
SIM5
SIM1
SIM2
SIM3
SIM4
1
21
22
SIM5
SIM1
SIM2
SIM3
SIM4
1
21
22
SIM5
SIM1
SIM2
SIM3
SIM4
1
21
22
SIM5
SIM1
SIM2
SIM3
SIM4
1
21
22
SIM5
SIM1
SIM2
SIM3
SIM4
1
21
22
SIM5
SIM1
SIM2
SIM3
SIM4
1
21
22
SIM5
SIM1
SIM2
SIM3
SIM4
1
21
22
SIM5
SIM1
SIM2
SIM3
SIM4
1
21
22
SIM5
SIM1
SIM2
SIM3
SIM4
1
21
22
SIM5
SIM1
SIM2
SIM3
SIM4
1
21
22
SIM5
SIM1
SIM2
SIM3
SIM4
1
21
22
SIM5
SIM1
SIM2
SIM3
SIM4
1
21
22
SIM5
SIM1
SIM2
SIM3
SIM4
1
21
22
SIM5
SIM1
SIM2
SIM3
SIM4
1
21
22
SIM5
SIM1
SIM2
SIM3
SIM4
1
21
22
SIM5
SIM1
SIM2
SIM3
SIM4
1
21
22
SIM5
SIM1
SIM2
SIM3
SIM4
1
21
22
SIM5
SIM1
SIM2
SIM3
SIM4
1
21
22
SIM5
SIM1
SIM2
SIM3
SIM4
1
21
22
SIM5
SIM1
SIM2
SIM3
SIM4
1
21
22
SIM5
SIM1
SIM2
SIM3
SIM4
1
21
22
SIM5
SIM1
SIM2
SIM3
SIM4
1
21
22
SIM5
SIM1
SIM2
SIM3
SIM4
1
21
22
SIM5
SIM1
SIM2
SIM3
SIM4
1
21
22
SIM5
SIM1
SIM2
SIM3
SIM4
1
21
22
SIM5
SIM1
SIM2
SIM3
SIM4
1
21
22
SIM5
SIM1
SIM2
SIM3
SIM4
1
21
22
SIM5
SIM1
SIM2
SIM3
SIM4
1
21
22
SIM5
SIM1
SIM2
SIM3
SIM4
1
21
22
SIM5
SIM1
SIM2
SIM3
SIM4
1
21
22
SIM5
SIM1
SIM2
SIM3
SIM4
1
21
22
SIM5
SIM1
SIM2
SIM3
SIM4
1
21
22
SIM5
SIM1
SIM2
SIM3
SIM4
1
21
22
SIM5
SIM1
SIM2
SIM3
SIM4
1
21
22
SIM5
SIM1
SIM2
SIM3
SIM4
1
21
22
SIM5
SIM1
SIM2
SIM3
SIM4
1
21
22
SIM5
SIM1
SIM2
SIM3
SIM4
1
21
22
SIM5
SIM1
SIM2
SIM3
SIM4
1
21
22
SIM5
SIM1
SIM2
SIM3
SIM4
1
21
22
SIM5
SIM1
SIM2
SIM3
SIM4
1
21
22
SIM5
SIM1
SIM2
SIM3
SIM4
1
21
22
SIM5
SIM1
SIM2
SIM3
SIM4
1
21
22
SIM5
SIM1
SIM2
SIM3
SIM4
1
21
22
SIM5
SIM1
SIM2
SIM3
SIM4
1
21
22
SIM5
SIM1
SIM2
SIM3
SIM4
1
21
22
SIM5
SIM1
SIM2
SIM3
SIM4
1
21
22
SIM5
SIM1
SIM2
SIM3
SIM4
1
21
22
SIM5
SIM1
SIM2
SIM3
SIM4
1
21
22
SIM5
SIM1
SIM2
SIM3
SIM4
1
21
22
SIM5
SIM1
SIM2
SIM3
SIM4
1
21
22
SIM5
SIM1
SIM2
SIM3
SIM4
1
21
22
SIM5
SIM1
SIM2
SIM3
SIM4
1
21
22
SIM5
SIM1
SIM2
SIM3
SIM4
1
21
22
SIM5
SIM1
SIM2
SIM3
SIM4
1
21
22
SIM5
SIM1
SIM2
DEBUG 1 6
SIM1
SIM2
SIM3
SIM4
1
21
22
SIM5
SIM1
SIM2
SIM3
SIM4
1
21
22
SIM5
SIM1
SIM2
SIM3
SIM4
1
21
22
SIM5
SIM1
SIM2
SIM3
SIM4
1
21
22
SIM5
SIM1
SIM2
SIM3
SIM4
1
21
22
SIM5
SIM1
SIM2
SIM3
SIM4
1
21
22
SIM5
SIM1
SIM2
SIM3
SIM4
1
21
22
SIM5
SIM1
SIM2
SIM3
SIM4
1
21
22
SIM5
SIM1
SIM2
SIM3
SIM4
1
21
22
SIM5
SIM1
SIM2
SIM3
SIM4
1
21
22
SIM5
SIM1
SIM2
SIM3
SIM4
1
21
22
SIM5
SIM1
SIM2
SIM3
SIM4
1
21
22
SIM5
SIM1
SIM2
SIM3
SIM4
1
21
22
SIM5
SIM1
SIM2
SIM3
SIM4
1
21
22
SIM5
SIM1
SIM2
SIM3
SIM4
1
21
22
SIM5
SIM1
SIM2
SIM3
SIM4
1
21
22
SIM5
SIM1
SIM2
SIM3
SIM4
1
21
22
SIM5
SIM1
SIM2
SIM3
SIM4
1
21
22
SIM5
SIM1
SIM2
SIM3
SIM4
1
21
22
SIM5
SIM1
SIM2
SIM3
SIM4
1
21
22
SIM5
SIM1
SIM2
SIM3
SIM4
1
21
22
SIM5
SIM1
SIM2
SIM3
SIM4
1
21
22
SIM5
SIM1
SIM2
SIM3
SIM4
1
21
22
SIM5
SIM1
SIM2
SIM3
SIM4
1
21
22
SIM5
SIM1
SIM2
SIM3
SIM4
1
21
22
SIM5
SIM1
SIM2
SIM3
SIM4
1
21
22
SIM5
SIM1
SIM2
SIM3
SIM4
1
21
22
SIM5
SIM1
SIM2
SIM3
SIM4
1
21
22
SIM5
SIM1
SIM2
SIM3
SIM4
1
21
22
SIM5
SIM1
SIM2
SIM3
SIM4
1
21
22
SIM5
SIM1
SIM2
SIM3
SIM4
1
21
22
SIM5
SIM1
SIM2
SIM3
SIM4
1
21
22
SIM5
SIM1
SIM2
SIM3
SIM4
1
21
22
SIM5
SIM1
SIM2
SIM3
SIM4
1
21
22
SIM5
SIM1
SIM2
SIM3
SIM4
1
21
22
SIM5
SIM1
SIM2
SIM3
SIM4
1
21
22
SIM5
SIM1
SIM2
SIM3
SIM4
1
21
22
SIM5
SIM1
SIM2
SIM3
SIM4
1
21
22
SIM5
SIM1
SIM2
SIM3
SIM4
1
21
22
SIM5
SIM1
SIM2
SIM3
SIM4
1
21
22
SIM5
SIM1
SIM2
SIM3
SIM4
1
21
22
SIM5
SIM1
SIM2
SIM3
SIM4
1
21
22
SIM5
SIM1
SIM2
SIM3
SIM4
1
21
22
SIM5
SIM1
SIM2
SIM3
SIM4
1
21
22
SIM5
SIM1
SIM2
SIM3
SIM4
1
21
22
SIM5
SIM1
SIM2
SIM3
SIM4
1
21
22
SIM5
SIM1
SIM2
SIM3
SIM4
1
21
22
SIM5
SIM1
SIM2
SIM3
SIM4
1
21
22
SIM5
SIM1
SIM2
SIM3
SIM4
1
21
22
SIM5
SIM1
SIM2
SIM3
SIM4
1
21
22
SIM5
SIM1
SIM2
SIM3
SIM4
1
21
22
SIM5
SIM1
SIM2
SIM3
SIM4
1
21
22
SIM5
SIM1
SIM2
SIM3
SIM4
1
21
22
SIM5
SIM1
SIM2
SIM3
SIM4
1
21
22
SIM5
SIM1
SIM2
SIM3
SIM4
1
21
22
SIM5
SIM1
SIM2
SIM3
SIM4
1
21
22
SIM5
SIM1
SIM2
SIM3
SIM4
1
21
22
SIM5
SIM1
SIM2
SIM3
SIM4
1
21
22
SIM5
SIM1
SIM2
SIM3
SIM4
1
21
22
SIM5
SIM1
SIM2
SIM3
SIM4
1
21
22
SIM5
SIM1
SIM2
SIM3
SIM4
1
21
22
SIM5
SIM1
SIM2
SIM3
SIM4
1
21
22
SIM5
SIM1
SIM2
SIM3
SIM4
1
21
22
SIM5
SIM1
SIM2
SIM3
SIM4
1
21
22
SIM5
SIM1
SIM2
SIM3
SIM4
1
21
22
SIM5
SIM1
SIM2
SIM3
SIM4
1
21
22
SIM5
SIM1
SIM2
SIM3
SIM4
1
21
22
SIM5
SIM1
SIM2
SIM3
SIM4
1
21
22
SIM5
SIM1
SIM2
SIM3
SIM4
1
21
22
SIM5
SIM1
SIM2
SIM3
SIM4
1
21
22
SIM5
SIM1
SIM2
SIM3
SIM4
1
21
22
SIM5
SIM1
SIM2
SIM3
SIM4
1
21
22
SIM5
SIM1
SIM2
SIM3
SIM4
1
21
22
SIM5
SIM1
SIM2
SIM3
SIM4
1
21
22
SIM5
SIM1
SIM2
SIM3
SIM4
1
21
22
SIM5
SIM1
SIM2
SIM3
SIM4
1
21
22
SIM5
SIM1
SIM2
SIM3
SIM4
1
21
22
SIM5
SIM1
SIM2
SIM3
SIM4
1
21
22
SIM5
SIM1
SIM2
SIM3
SIM4
1
21
22
SIM5
SIM1
SIM2
SIM3
SIM4
1
21
22
SIM5
SIM1
SIM2
SIM3
SIM4
1
21
22
SIM5
SIM1
SIM2
SIM3
SIM4
1
21
22
SIM5
SIM1
SIM2
SIM3
SIM4
1
21
22
SIM5
SIM1
SIM2
SIM3
SIM4
1
21
22
SIM5
SIM1
SIM2
SIM3
SIM4
1
21
22
SIM5
SIM1
SIM2
SIM3
SIM4
1
21
22
SIM5
SIM1
SIM2
SIM3
SIM4
1
21
22
SIM5
SIM1
SIM2
SIM3
SIM4
1
21
22
SIM5
SIM1
SIM2
SIM3
SIM4
1
21
22
SIM5
SIM1
SIM2
SIM3
SIM4
1
21
22
SIM5
SIM1
SIM2
SIM3
SIM4
1
21
22
SIM5
SIM1
SIM2
SIM3
SIM4
1
21
22
SIM5
SIM1
SIM2
SIM3
SIM4
1
21
22
SIM5
SIM1
SIM2
SIM3
SIM4
1
21
22
SIM5
SIM1
SIM2
SIM3
SIM4
1
21
22
SIM5
SIM1
SIM2
SIM3
SIM4
1
21
22
SIM5
SIM1
SIM2
SIM3
SIM4
1
21
22
SIM5
SIM1
SIM2
SIM3
SIM4
1
21
22
SIM5
SIM1
SIM2
SIM3
SIM4
1
21
22
SIM5
SIM1
SIM2
SIM3
SIM4
1
21
22
SIM5
SIM1
SIM2
SIM3
SIM4
1
21
22
SIM5
SIM1
SIM2
SIM3
SIM4
1
21
22
SIM5
SIM1
SIM2
SIM3
SIM4
1
21
22
SIM5
SIM1
SIM2
SIM3
SIM4
1
21
22
SIM5
SIM1
SIM2
SIM3
SIM4
1
21
22
SIM5
SIM1
SIM2
SIM3
SIM4
1
21
22
SIM5
SIM1
SIM2
SIM3
SIM4
1
21
22
SIM5
SIM1
SIM2
SIM3
SIM4
1
21
22
SIM5
SIM1
SIM2
SIM3
SIM4
1
21
22
SIM5
SIM1
SIM2
SIM3
SIM4
1
21
22
SIM5
SIM1
SIM2
SIM3
SIM4
1
21
22
SIM5
SIM1
SIM2
SIM3
SIM4
1
21
22
SIM5
SIM1
SIM2
SIM3
SIM4
1
21
22
SIM5
SIM1
SIM2
SIM3
SIM4
1
21
22
SIM5
SIM1
SIM2
SIM3
SIM4
1
21
22
SIM5
SIM1
SIM2
SIM3
SIM4
1
21
22
SIM5
SIM1
SIM2
SIM3
SIM4
1
21
22
SIM5
SIM1
SIM2
SIM3
SIM4
1
21
22
SIM5
SIM1
SIM2
SIM3
SIM4
1
21
22
SIM5
SIM1
SIM2
SIM3
SIM4
1
21
22
SIM5
SIM1
SIM2
SIM3
SIM4
1
21
22
SIM5
SIM1
SIM2
SIM3
SIM4
1
21
22
SIM5
SIM1
SIM2
SIM3
SIM4
1
21
22
SIM5
SIM1
SIM2
SIM3
SIM4
1
21
22
SIM5
SIM1
SIM2
SIM3
SIM4
1
21
22
SIM5
SIM1
SIM2
SIM3
SIM4
1
21
22
SIM5
SIM1
SIM2
SIM3
SIM4
1
21
22
SIM5
SIM1
SIM2
SIM3
SIM4
1
21
22
SIM5
SIM1
SIM2
SIM3
SIM4
1
21
22
SIM5
SIM1
SIM2
SIM3
SIM4
1
21
22
SIM5
SIM1
SIM2
SIM3
SIM4
1
21
22
SIM5
SIM1
SIM2
SIM3
SIM4
1
21
22
SIM5
SIM1
SIM2
SIM3
SIM4
1
21
22
SIM5
SIM1
SIM2
SIM3
SIM4
1
21
22
SIM5
SIM1
SIM2
SIM3
SIM4
1
21
22
SIM5
SIM1
SIM2
SIM3
SIM4
1
21
22
SIM5
SIM1
SIM2
SIM3
SIM4
1
21
22
SIM5
SIM1
SIM2
SIM3
SIM4
1
21
22
SIM5
SIM1
SIM2
SIM3
SIM4
1
21
22
SIM5
SIM1
SIM2
SIM3
SIM4
1
21
22
SIM5
SIM1
SIM2
SIM3
SIM4
1
21
22
SIM5
SIM1
SIM2
SIM3
SIM4
1
21
22
SIM5
SIM1
SIM2
SIM3
SIM4
1
21
22
SIM5
SIM1
SIM2
SIM3
SIM4
1
21
22
SIM5
SIM1
SIM2
SIM3
SIM4
1
21
22
SIM5
SIM1
SIM2
SIM3
SIM4
1
21
22
SIM5
SIM1
SIM2
SIM3
SIM4
1
21
22
SIM5
SIM1
SIM2
SIM3
SIM4
1
21
22
SIM5
SIM1
SIM2
SIM3
SIM4
1
21
22
SIM5
SIM1
SIM2
SIM3
SIM4
1
21
22
SIM5
SIM1
SIM2
SIM3
SIM4
1
21
22
SIM5
SIM1
SIM2
SIM3
SIM4
1
21
22
SIM5
SIM1
SIM2
SIM3
SIM4
1
21
22
SIM5
SIM1
SIM2
DEBUG 1 7
SIM1
SIM2
SIM3
SIM4
1
21
22
SIM5
SIM1
SIM2
SIM3
SIM4
1
21
22
SIM5
SIM1
SIM2
SIM3
SIM4
1
21
22
SIM5
SIM1
SIM2
SIM3
SIM4
1
21
22
SIM5
SIM1
SIM2
SIM3
SIM4
1
21
22
SIM5
SIM1
SIM2
SIM3
SIM4
1
21
22
SIM5
SIM1
SIM2
SIM3
SIM4
1
21
22
SIM5
SIM1
SIM2
SIM3
SIM4
1
21
22
SIM5
SIM1
SIM2
SIM3
SIM4
1
21
22
SIM5
SIM1
SIM2
SIM3
SIM4
1
21
22
SIM5
SIM1
SIM2
SIM3
SIM4
1
21
22
SIM5
SIM1
SIM2
SIM3
SIM4
1
21
22
SIM5
SIM1
SIM2
SIM3
SIM4
1
21
22
SIM5
SIM1
SIM2
SIM3
SIM4
1
21
22
SIM5
SIM1
SIM2
SIM3
SIM4
1
21
22
SIM5
SIM1
SIM2
SIM3
SIM4
1
21
22
SIM5
SIM1
SIM2
SIM3
SIM4
1
21
22
SIM5
SIM1
SIM2
SIM3
SIM4
1
21
22
SIM5
SIM1
SIM2
SIM3
SIM4
1
21
22
SIM5
SIM1
SIM2
SIM3
SIM4
1
21
22
SIM5
SIM1
SIM2
SIM3
SIM4
1
21
22
SIM5
SIM1
SIM2
SIM3
SIM4
1
21
22
SIM5
SIM1
SIM2
SIM3
SIM4
1
21
22
SIM5
SIM1
SIM2
SIM3
SIM4
1
21
22
SIM5
SIM1
SIM2
SIM3
SIM4
1
21
22
SIM5
SIM1
SIM2
SIM3
SIM4
1
21
22
SIM5
SIM1
SIM2
SIM3
SIM4
1
21
22
SIM5
SIM1
SIM2
SIM3
SIM4
1
21
22
SIM5
SIM1
SIM2
SIM3
SIM4
1
21
22
SIM5
SIM1
SIM2
SIM3
SIM4
1
21
22
SIM5
SIM1
SIM2
SIM3
SIM4
1
21
22
SIM5
SIM1
SIM2
SIM3
SIM4
1
21
22
SIM5
SIM1
SIM2
SIM3
SIM4
1
21
22
SIM5
SIM1
SIM2
SIM3
SIM4
1
21
22
SIM5
SIM1
SIM2
SIM3
SIM4
1
21
22
SIM5
SIM1
SIM2
SIM3
SIM4
1
21
22
SIM5
SIM1
SIM2
SIM3
SIM4
1
21
22
SIM5
SIM1
SIM2
SIM3
SIM4
1
21
22
SIM5
SIM1
SIM2
SIM3
SIM4
1
21
22
SIM5
SIM1
SIM2
SIM3
SIM4
1
21
22
SIM5
SIM1
SIM2
SIM3
SIM4
1
21
22
SIM5
SIM1
SIM2
SIM3
SIM4
1
21
22
SIM5
SIM1
SIM2
SIM3
SIM4
1
21
22
SIM5
SIM1
SIM2
SIM3
SIM4
1
21
22
SIM5
SIM1
SIM2
SIM3
SIM4
1
21
22
SIM5
SIM1
SIM2
SIM3
SIM4
1
21
22
SIM5
SIM1
SIM2
SIM3
SIM4
1
21
22
SIM5
SIM1
SIM2
SIM3
SIM4
1
21
22
SIM5
SIM1
SIM2
SIM3
SIM4
1
21
22
SIM5
SIM1
SIM2
SIM3
SIM4
1
21
22
SIM5
SIM1
SIM2
SIM3
SIM4
1
21
22
SIM5
SIM1
SIM2
SIM3
SIM4
1
21
22
SIM5
SIM1
SIM2
SIM3
SIM4
1
21
22
SIM5
SIM1
SIM2
SIM3
SIM4
1
21
22
SIM5
SIM1
SIM2
SIM3
SIM4
1
21
22
SIM5
SIM1
SIM2
SIM3
SIM4
1
21
22
SIM5
SIM1
SIM2
SIM3
SIM4
1
21
22
SIM5
SIM1
SIM2
SIM3
SIM4
1
21
22
SIM5
SIM1
SIM2
SIM3
SIM4
1
21
22
SIM5
SIM1
SIM2
SIM3
SIM4
1
21
22
SIM5
SIM1
SIM2
SIM3
SIM4
1
21
22
SIM5
SIM1
SIM2
SIM3
SIM4
1
21
22
SIM5
SIM1
SIM2
SIM3
SIM4
1
21
22
SIM5
SIM1
SIM2
SIM3
SIM4
1
21
22
SIM5
SIM1
SIM2
SIM3
SIM4
1
21
22
SIM5
SIM1
SIM2
SIM3
SIM4
1
21
22
SIM5
SIM1
SIM2
SIM3
SIM4
1
21
22
SIM5
SIM1
SIM2
SIM3
SIM4
1
21
22
SIM5
SIM1
SIM2
SIM3
SIM4
1
21
22
SIM5
SIM1
SIM2
SIM3
SIM4
1
21
22
SIM5
SIM1
SIM2
SIM3
SIM4
1
21
22
SIM5
SIM1
SIM2
SIM3
SIM4
1
21
22
SIM5
SIM1
SIM2
SIM3
SIM4
1
21
22
SIM5
SIM1
SIM2
SIM3
SIM4
1
21
22
SIM5
SIM1
SIM2
SIM3
SIM4
1
21
22
SIM5
SIM1
SIM2
SIM3
SIM4
1
21
22
SIM5
SIM1
SIM2
SIM3
SIM4
1
21
22
SIM5
SIM1
SIM2
SIM3
SIM4
1
21
22
SIM5
SIM1
SIM2
SIM3
SIM4
1
21
22
SIM5
SIM1
SIM2
SIM3
SIM4
1
21
22
SIM5
SIM1
SIM2
SIM3
SIM4
1
21
22
SIM5
SIM1
SIM2
SIM3
SIM4
1
21
22
SIM5
SIM1
SIM2
SIM3
SIM4
1
21
22
SIM5
SIM1
SIM2
SIM3
SIM4
1
21
22
SIM5
SIM1
SIM2
SIM3
SIM4
1
21
22
SIM5
SIM1
SIM2
SIM3
SIM4
1
21
22
SIM5
SIM1
SIM2
SIM3
SIM4
1
21
22
SIM5
SIM1
SIM2
SIM3
SIM4
1
21
22
SIM5
SIM1
SIM2
SIM3
SIM4
1
21
22
SIM5
SIM1
SIM2
SIM3
SIM4
1
21
22
SIM5
SIM1
SIM2
SIM3
SIM4
1
21
22
SIM5
SIM1
SIM2
SIM3
SIM4
1
21
22
SIM5
SIM1
SIM2
SIM3
SIM4
1
21
22
SIM5
SIM1
SIM2
SIM3
SIM4
1
21
22
SIM5
SIM1
SIM2
SIM3
SIM4
1
21
22
SIM5
SIM1
SIM2
SIM3
SIM4
1
21
22
SIM5
SIM1
SIM2
SIM3
SIM4
1
21
22
SIM5
SIM1
SIM2
SIM3
SIM4
1
21
22
SIM5
SIM1
SIM2
SIM3
SIM4
1
21
22
SIM5
SIM1
SIM2
SIM3
SIM4
1
21
22
SIM5
SIM1
SIM2
SIM3
SIM4
1
21
22
SIM5
SIM1
SIM2
SIM3
SIM4
1
21
22
SIM5
SIM1
SIM2
SIM3
SIM4
1
21
22
SIM5
SIM1
SIM2
SIM3
SIM4
1
21
22
SIM5
SIM1
SIM2
SIM3
SIM4
1
21
22
SIM5
SIM1
SIM2
SIM3
SIM4
1
21
22
SIM5
SIM1
SIM2
SIM3
SIM4
1
21
22
SIM5
SIM1
SIM2
SIM3
SIM4
1
21
22
SIM5
SIM1
SIM2
SIM3
SIM4
1
21
22
SIM5
SIM1
SIM2
SIM3
SIM4
1
21
22
SIM5
SIM1
SIM2
SIM3
SIM4
1
21
22
SIM5
SIM1
SIM2
SIM3
SIM4
1
21
22
SIM5
SIM1
SIM2
SIM3
SIM4
1
21
22
SIM5
SIM1
SIM2
SIM3
SIM4
1
21
22
SIM5
SIM1
SIM2
SIM3
SIM4
1
21
22
SIM5
SIM1
SIM2
SIM3
SIM4
1
21
22
SIM5
SIM1
SIM2
SIM3
SIM4
1
21
22
SIM5
SIM1
SIM2
SIM3
SIM4
1
21
22
SIM5
SIM1
SIM2
SIM3
SIM4
1
21
22
SIM5
SIM1
SIM2
SIM3
SIM4
1
21
22
SIM5
SIM1
SIM2
SIM3
SIM4
1
21
22
SIM5
SIM1
SIM2
SIM3
SIM4
1
21
22
SIM5
SIM1
SIM2
SIM3
SIM4
1
21
22
SIM5
SIM1
SIM2
SIM3
SIM4
1
21
22
SIM5
SIM1
SIM2
SIM3
SIM4
1
21
22
SIM5
SIM1
SIM2
SIM3
SIM4
1
21
22
SIM5
SIM1
SIM2
SIM3
SIM4
1
21
22
SIM5
SIM1
SIM2
SIM3
SIM4
1
21
22
SIM5
SIM1
SIM2
SIM3
SIM4
1
21
22
SIM5
SIM1
SIM2
SIM3
SIM4
1
21
22
SIM5
SIM1
SIM2
SIM3
SIM4
1
21
22
SIM5
SIM1
SIM2
SIM3
SIM4
1
21
22
SIM5
SIM1
SIM2
SIM3
SIM4
1
21
22
SIM5
SIM1
SIM2
SIM3
SIM4
1
21
22
SIM5
SIM1
SIM2
SIM3
SIM4
1
21
22
SIM5
SIM1
SIM2
SIM3
SIM4
1
21
22
SIM5
SIM1
SIM2
SIM3
SIM4
1
21
22
SIM5
SIM1
SIM2
SIM3
SIM4
1
21
22
SIM5
SIM1
SIM2
SIM3
SIM4
1
21
22
SIM5
SIM1
SIM2
SIM3
SIM4
1
21
22
SIM5
SIM1
SIM2
SIM3
SIM4
1
21
22
SIM5
SIM1
SIM2
SIM3
SIM4
1
21
22
SIM5
SIM1
SIM2
SIM3
SIM4
1
21
22
SIM5
SIM1
SIM2
SIM3
SIM4
1
21
22
SIM5
SIM1
SIM2
SIM3
SIM4
1
21
22
SIM5
SIM1
SIM2
SIM3
SIM4
1
21
22
SIM5
SIM1
SIM2
SIM3
SIM4
1
21
22
SIM5
SIM1
SIM2
SIM3
SIM4
1
21
22
SIM5
SIM1
SIM2
SIM3
SIM4
1
21
22
SIM5
SIM1
SIM2
SIM3
SIM4
1
21
22
SIM5
SIM1
SIM2
SIM3
SIM4
1
21
22
SIM5
SIM1
SIM2
SIM3
SIM4
1
21
22
SIM5
SIM1
SIM2
SIM3
SIM4
1
21
22
SIM5
SIM1
SIM2
SIM3
SIM4
1
21
22
SIM5
SIM1
SIM2
SIM3
SIM4
1
21
22
SIM5
SIM1
SIM2
SIM3
SIM4
1
21
22
SIM5
SIM1
SIM2
SIM3
SIM4
1
21
22
SIM5
SIM1
SIM2
SIM3
SIM4
1
21
22
SIM5
SIM1
SIM2
SIM3
SIM4
1
21
22
SIM5
SIM1
SIM2
SIM3
SIM4
1
21
22
SIM5
SIM1
SIM2
SIM3
SIM4
1
21
22
SIM5
SIM1
SIM2
SIM3
SIM4
1
21
22
SIM5
SIM1
SIM2
SIM3
SIM4
1
21
22
SIM5
SIM1
SIM2
SIM3
SIM4
1
21
22
SIM5
SIM1
SIM2
SIM3
SIM4
1
21
22
SIM5
SIM1
SIM2
SIM3
SIM4
1
21
22
SIM5
SIM1
SIM2
SIM3
SIM4
1
21
22
SIM5
SIM1
SIM2
SIM3
SIM4
1
21
22
SIM5
SIM1
SIM2
SIM3
SIM4
1
21
22
SIM5
SIM1
SIM2
SIM3
SIM4
1
21
22
SIM5
SIM1
SIM2
SIM3
SIM4
1
21
22
SIM5
SIM1
SIM2
SIM3
SIM4
1
21
22
SIM5
SIM1
SIM2
SIM3
SIM4
1
21
22
SIM5
SIM1
SIM2
SIM3
SIM4
1
21
22
SIM5
SIM1
SIM2
SIM3
SIM4
1
21
22
SIM5
SIM1
SIM2
SIM3
SIM4
1
21
22
SIM5
SIM1
SIM2
SIM3
SIM4
1
21
22
SIM5
SIM1
SIM2
SIM3
SIM4
1
21
22
SIM5
SIM1
SIM2
SIM3
SIM4
1
21
22
SIM5
SIM1
SIM2
SIM3
SIM4
1
21
22
SIM5
SIM1
SIM2
SIM3
SIM4
1
21
22
SIM5
SIM1
SIM2
SIM3
SIM4
1
21
22
SIM5
SIM1
SIM2
SIM3
SIM4
1
21
22
SIM5
SIM1
SIM2
SIM3
SIM4
1
21
22
SIM5
SIM1
SIM2
SIM3
SIM4
1
21
22
SIM5
SIM1
SIM2
SIM3
SIM4
1
21
22
SIM5
SIM1
SIM2
SIM3
SIM4
1
21
22
SIM5
SIM1
SIM2
SIM3
SIM4
1
21
22
SIM5
SIM1
SIM2
SIM3
SIM4
1
21
22
SIM5
SIM1
SIM2
SIM3
SIM4
1
21
22
SIM5
SIM1
SIM2
SIM3
SIM4
1
21
22
SIM5
SIM1
SIM2
SIM3
SIM4
1
21
22
SIM5
SIM1
SIM2
SIM3
SIM4
1
21
22
SIM5
SIM1
SIM2
SIM3
SIM4
1
21
22
SIM5
SIM1
SIM2
SIM3
SIM4
1
21
22
SIM5
SIM1
SIM2
SIM3
SIM4
1
21
22
SIM5
SIM1
SIM2
SIM3
SIM4
1
21
22
SIM5
SIM1
SIM2
SIM3
SIM4
1
21
22
SIM5
SIM1
SIM2
SIM3
SIM4
1
21
22
SIM5
SIM1
SIM2
SIM3
SIM4
1
21
22
SIM5
SIM1
SIM2
SIM3
SIM4
1
21
22
SIM5
SIM1
SIM2
SIM3
SIM4
1
21
22
SIM5
SIM1
SIM2
SIM3
SIM4
1
21
22
SIM5
SIM1
SIM2
SIM3
SIM4
1
21
22
SIM5
SIM1
SIM2
SIM3
SIM4
1
21
22
SIM5
SIM1
SIM2
SIM3
SIM4
1
21
22
SIM5
SIM1
SIM2
SIM3
SIM4
1
21
22
SIM5
SIM1
SIM2
SIM3
SIM4
1
21
22
SIM5
SIM1
SIM2
SIM3
SIM4
1
21
22
SIM5
SIM1
SIM2
SIM3
SIM4
1
21
22
SIM5
SIM1
SIM2
SIM3
SIM4
1
21
22
SIM5
SIM1
SIM2
DEBUG 1 8
SIM1
SIM2
SIM3
SIM4
1
21
22
SIM5
SIM1
SIM2
SIM3
SIM4
1
21
22
SIM5
SIM1
SIM2
SIM3
SIM4
1
21
22
SIM5
SIM1
SIM2
SIM3
SIM4
1
21
22
SIM5
SIM1
SIM2
SIM3
SIM4
1
21
22
SIM5
SIM1
SIM2
SIM3
SIM4
1
21
22
SIM5
SIM1
SIM2
SIM3
SIM4
1
21
22
SIM5
SIM1
SIM2
SIM3
SIM4
1
21
22
SIM5
SIM1
SIM2
SIM3
SIM4
1
21
22
SIM5
SIM1
SIM2
SIM3
SIM4
1
21
22
SIM5
SIM1
SIM2
SIM3
SIM4
1
21
22
SIM5
SIM1
SIM2
SIM3
SIM4
1
21
22
SIM5
SIM1
SIM2
SIM3
SIM4
1
21
22
SIM5
SIM1
SIM2
SIM3
SIM4
1
21
22
SIM5
SIM1
SIM2
SIM3
SIM4
1
21
22
SIM5
SIM1
SIM2
SIM3
SIM4
1
21
22
SIM5
SIM1
SIM2
SIM3
SIM4
1
21
22
SIM5
SIM1
SIM2
SIM3
SIM4
1
21
22
SIM5
SIM1
SIM2
SIM3
SIM4
1
21
22
SIM5
SIM1
SIM2
SIM3
SIM4
1
21
22
SIM5
SIM1
SIM2
SIM3
SIM4
1
21
22
SIM5
SIM1
SIM2
SIM3
SIM4
1
21
22
SIM5
SIM1
SIM2
SIM3
SIM4
1
21
22
SIM5
SIM1
SIM2
SIM3
SIM4
1
21
22
SIM5
SIM1
SIM2
SIM3
SIM4
1
21
22
SIM5
SIM1
SIM2
SIM3
SIM4
1
21
22
SIM5
SIM1
SIM2
SIM3
SIM4
1
21
22
SIM5
SIM1
SIM2
SIM3
SIM4
1
21
22
SIM5
SIM1
SIM2
SIM3
SIM4
1
21
22
SIM5
SIM1
SIM2
SIM3
SIM4
1
21
22
SIM5
SIM1
SIM2
SIM3
SIM4
1
21
22
SIM5
SIM1
SIM2
SIM3
SIM4
1
21
22
SIM5
SIM1
SIM2
SIM3
SIM4
1
21
22
SIM5
SIM1
SIM2
SIM3
SIM4
1
21
22
SIM5
SIM1
SIM2
SIM3
SIM4
1
21
22
SIM5
SIM1
SIM2
SIM3
SIM4
1
21
22
SIM5
SIM1
SIM2
SIM3
SIM4
1
21
22
SIM5
SIM1
SIM2
SIM3
SIM4
1
21
22
SIM5
SIM1
SIM2
SIM3
SIM4
1
21
22
SIM5
SIM1
SIM2
SIM3
SIM4
1
21
22
SIM5
SIM1
SIM2
SIM3
SIM4
1
21
22
SIM5
SIM1
SIM2
SIM3
SIM4
1
21
22
SIM5
SIM1
SIM2
SIM3
SIM4
1
21
22
SIM5
SIM1
SIM2
SIM3
SIM4
1
21
22
SIM5
SIM1
SIM2
SIM3
SIM4
1
21
22
SIM5
SIM1
SIM2
SIM3
SIM4
1
21
22
SIM5
SIM1
SIM2
SIM3
SIM4
1
21
22
SIM5
SIM1
SIM2
SIM3
SIM4
1
21
22
SIM5
SIM1
SIM2
SIM3
SIM4
1
21
22
SIM5
SIM1
SIM2
SIM3
SIM4
1
21
22
SIM5
SIM1
SIM2
SIM3
SIM4
1
21
22
SIM5
SIM1
SIM2
SIM3
SIM4
1
21
22
SIM5
SIM1
SIM2
SIM3
SIM4
1
21
22
SIM5
SIM1
SIM2
SIM3
SIM4
1
21
22
SIM5
SIM1
SIM2
SIM3
SIM4
1
21
22
SIM5
SIM1
SIM2
SIM3
SIM4
1
21
22
SIM5
SIM1
SIM2
SIM3
SIM4
1
21
22
SIM5
SIM1
SIM2
SIM3
SIM4
1
21
22
SIM5
SIM1
SIM2
SIM3
SIM4
1
21
22
SIM5
SIM1
SIM2
SIM3
SIM4
1
21
22
SIM5
SIM1
SIM2
SIM3
SIM4
1
21
22
SIM5
SIM1
SIM2
SIM3
SIM4
1
21
22
SIM5
SIM1
SIM2
SIM3
SIM4
1
21
22
SIM5
SIM1
SIM2
SIM3
SIM4
1
21
22
SIM5
SIM1
SIM2
SIM3
SIM4
1
21
22
SIM5
SIM1
SIM2
SIM3
SIM4
1
21
22
SIM5
SIM1
SIM2
SIM3
SIM4
1
21
22
SIM5
SIM1
SIM2
SIM3
SIM4
1
21
22
SIM5
SIM1
SIM2
SIM3
SIM4
1
21
22
SIM5
SIM1
SIM2
SIM3
SIM4
1
21
22
SIM5
SIM1
SIM2
SIM3
SIM4
1
21
22
SIM5
SIM1
SIM2
SIM3
SIM4
1
21
22
SIM5
SIM1
SIM2
SIM3
SIM4
1
21
22
SIM5
SIM1
SIM2
SIM3
SIM4
1
21
22
SIM5
SIM1
SIM2
SIM3
SIM4
1
21
22
SIM5
SIM1
SIM2
SIM3
SIM4
1
21
22
SIM5
SIM1
SIM2
SIM3
SIM4
1
21
22
SIM5
SIM1
SIM2
SIM3
SIM4
1
21
22
SIM5
SIM1
SIM2
SIM3
SIM4
1
21
22
SIM5
SIM1
SIM2
SIM3
SIM4
1
21
22
SIM5
SIM1
SIM2
SIM3
SIM4
1
21
22
SIM5
SIM1
SIM2
SIM3
SIM4
1
21
22
SIM5
SIM1
SIM2
SIM3
SIM4
1
21
22
SIM5
SIM1
SIM2
SIM3
SIM4
1
21
22
SIM5
SIM1
SIM2
SIM3
SIM4
1
21
22
SIM5
SIM1
SIM2
SIM3
SIM4
1
21
22
SIM5
SIM1
SIM2
SIM3
SIM4
1
21
22
SIM5
SIM1
SIM2
SIM3
SIM4
1
21
22
SIM5
SIM1
SIM2
SIM3
SIM4
1
21
22
SIM5
SIM1
SIM2
SIM3
SIM4
1
21
22
SIM5
SIM1
SIM2
SIM3
SIM4
1
21
22
SIM5
SIM1
SIM2
SIM3
SIM4
1
21
22
SIM5
SIM1
SIM2
SIM3
SIM4
1
21
22
SIM5
SIM1
SIM2
SIM3
SIM4
1
21
22
SIM5
SIM1
SIM2
SIM3
SIM4
1
21
22
SIM5
SIM1
SIM2
SIM3
SIM4
1
21
22
SIM5
SIM1
SIM2
SIM3
SIM4
1
21
22
SIM5
SIM1
SIM2
SIM3
SIM4
1
21
22
SIM5
SIM1
SIM2
SIM3
SIM4
1
21
22
SIM5
SIM1
SIM2
SIM3
SIM4
1
21
22
SIM5
SIM1
SIM2
SIM3
SIM4
1
21
22
SIM5
SIM1
SIM2
SIM3
SIM4
1
21
22
SIM5
SIM1
SIM2
SIM3
SIM4
1
21
22
SIM5
SIM1
SIM2
SIM3
SIM4
1
21
22
SIM5
SIM1
SIM2
SIM3
SIM4
1
21
22
SIM5
SIM1
SIM2
SIM3
SIM4
1
21
22
SIM5
SIM1
SIM2
SIM3
SIM4
1
21
22
SIM5
SIM1
SIM2
SIM3
SIM4
1
21
22
SIM5
SIM1
SIM2
SIM3
SIM4
1
21
22
SIM5
SIM1
SIM2
SIM3
SIM4
1
21
22
SIM5
SIM1
SIM2
SIM3
SIM4
1
21
22
SIM5
SIM1
SIM2
SIM3
SIM4
1
21
22
SIM5
SIM1
SIM2
SIM3
SIM4
1
21
22
SIM5
SIM1
SIM2
SIM3
SIM4
1
21
22
SIM5
SIM1
SIM2
SIM3
SIM4
1
21
22
SIM5
SIM1
SIM2
SIM3
SIM4
1
21
22
SIM5
SIM1
SIM2
SIM3
SIM4
1
21
22
SIM5
SIM1
SIM2
SIM3
SIM4
1
21
22
SIM5
SIM1
SIM2
SIM3
SIM4
1
21
22
SIM5
SIM1
SIM2
SIM3
SIM4
1
21
22
SIM5
SIM1
SIM2
SIM3
SIM4
1
21
22
SIM5
SIM1
SIM2
SIM3
SIM4
1
21
22
SIM5
SIM1
SIM2
SIM3
SIM4
1
21
22
SIM5
SIM1
SIM2
SIM3
SIM4
1
21
22
SIM5
SIM1
SIM2
SIM3
SIM4
1
21
22
SIM5
SIM1
SIM2
SIM3
SIM4
1
21
22
SIM5
SIM1
SIM2
SIM3
SIM4
1
21
22
SIM5
SIM1
SIM2
SIM3
SIM4
1
21
22
SIM5
SIM1
SIM2
SIM3
SIM4
1
21
22
SIM5
SIM1
SIM2
SIM3
SIM4
1
21
22
SIM5
SIM1
SIM2
SIM3
SIM4
1
21
22
SIM5
SIM1
SIM2
SIM3
SIM4
1
21
22
SIM5
SIM1
SIM2
SIM3
SIM4
1
21
22
SIM5
SIM1
SIM2
SIM3
SIM4
1
21
22
SIM5
SIM1
SIM2
SIM3
SIM4
1
21
22
SIM5
SIM1
SIM2
SIM3
SIM4
1
21
22
SIM5
SIM1
SIM2
SIM3
SIM4
1
21
22
SIM5
SIM1
SIM2
SIM3
SIM4
1
21
22
SIM5
SIM1
SIM2
SIM3
SIM4
1
21
22
SIM5
SIM1
SIM2
SIM3
SIM4
1
21
22
SIM5
SIM1
SIM2
SIM3
SIM4
1
21
22
SIM5
SIM1
SIM2
SIM3
SIM4
1
21
22
SIM5
SIM1
SIM2
SIM3
SIM4
1
21
22
SIM5
SIM1
SIM2
SIM3
SIM4
1
21
22
SIM5
SIM1
SIM2
SIM3
SIM4
1
21
22
SIM5
SIM1
SIM2
SIM3
SIM4
1
21
22
SIM5
SIM1
SIM2
SIM3
SIM4
1
21
22
SIM5
SIM1
SIM2
SIM3
SIM4
1
21
22
SIM5
SIM1
SIM2
SIM3
SIM4
1
21
22
SIM5
SIM1
SIM2
SIM3
SIM4
1
21
22
SIM5
SIM1
SIM2
SIM3
SIM4
1
21
22
SIM5
SIM1
SIM2
SIM3
SIM4
1
21
22
SIM5
SIM1
SIM2
SIM3
SIM4
1
21
22
SIM5
SIM1
SIM2
SIM3
SIM4
1
21
22
SIM5
SIM1
SIM2
SIM3
SIM4
1
21
22
SIM5
SIM1
SIM2
SIM3
SIM4
1
21
22
SIM5
SIM1
SIM2
SIM3
SIM4
1
21
22
SIM5
SIM1
SIM2
SIM3
SIM4
1
21
22
SIM5
SIM1
SIM2
SIM3
SIM4
1
21
22
SIM5
SIM1
SIM2
SIM3
SIM4
1
21
22
SIM5
SIM1
SIM2
SIM3
SIM4
1
21
22
SIM5
SIM1
SIM2
SIM3
SIM4
1
21
22
SIM5
SIM1
SIM2
SIM3
SIM4
1
21
22
SIM5
SIM1
SIM2
SIM3
SIM4
1
21
22
SIM5
SIM1
SIM2
SIM3
SIM4
1
21
22
SIM5
SIM1
SIM2
SIM3
SIM4
1
21
22
SIM5
SIM1
SIM2
SIM3
SIM4
1
21
22
SIM5
SIM1
SIM2
SIM3
SIM4
1
21
22
SIM5
SIM1
SIM2
SIM3
SIM4
1
21
22
SIM5
SIM1
SIM2
SIM3
SIM4
1
21
22
SIM5
SIM1
SIM2
SIM3
SIM4
1
21
22
SIM5
SIM1
SIM2
SIM3
SIM4
1
21
22
SIM5
SIM1
SIM2
SIM3
SIM4
1
21
22
SIM5
SIM1
SIM2
SIM3
SIM4
1
21
22
SIM5
SIM1
SIM2
SIM3
SIM4
1
21
22
SIM5
SIM1
SIM2
SIM3
SIM4
1
21
22
SIM5
SIM1
SIM2
SIM3
SIM4
1
21
22
SIM5
SIM1
SIM2
SIM3
SIM4
1
21
22
SIM5
SIM1
SIM2
SIM3
SIM4
1
21
22
SIM5
SIM1
SIM2
SIM3
SIM4
1
21
22
SIM5
SIM1
SIM2
SIM3
SIM4
1
21
22
SIM5
SIM1
SIM2
SIM3
SIM4
1
21
22
SIM5
SIM1
SIM2
SIM3
SIM4
1
21
22
SIM5
SIM1
SIM2
SIM3
SIM4
1
21
22
SIM5
SIM1
SIM2
SIM3
SIM4
1
21
22
SIM5
SIM1
SIM2
SIM3
SIM4
1
21
22
SIM5
SIM1
SIM2
SIM3
SIM4
1
21
22
SIM5
SIM1
SIM2
SIM3
SIM4
1
21
22
SIM5
SIM1
SIM2
SIM3
SIM4
1
21
22
SIM5
SIM1
SIM2
SIM3
SIM4
1
21
22
SIM5
SIM1
SIM2
SIM3
SIM4
1
21
22
SIM5
SIM1
SIM2
SIM3
SIM4
1
21
22
SIM5
SIM1
SIM2
SIM3
SIM4
1
21
22
SIM5
SIM1
SIM2
SIM3
SIM4
1
21
22
SIM5
SIM1
SIM2
SIM3
SIM4
1
21
22
SIM5
SIM1
SIM2
SIM3
SIM4
1
21
22
SIM5
SIM1
SIM2
SIM3
SIM4
1
21
22
SIM5
SIM1
SIM2
SIM3
SIM4
1
21
22
SIM5
SIM1
SIM2
SIM3
SIM4
1
21
22
SIM5
SIM1
SIM2
SIM3
SIM4
1
21
22
SIM5
SIM1
SIM2
SIM3
SIM4
1
21
22
SIM5
SIM1
SIM2
SIM3
SIM4
1
21
22
SIM5
SIM1
SIM2
SIM3
SIM4
1
21
22
SIM5
SIM1
SIM2
SIM3
SIM4
1
21
22
SIM5
SIM1
SIM2
SIM3
SIM4
1
21
22
SIM5
SIM1
SIM2
SIM3
SIM4
1
21
22
SIM5
SIM1
SIM2
SIM3
SIM4
1
21
22
SIM5
SIM1
SIM2
SIM3
SIM4
1
21
22
SIM5
SIM1
SIM2
SIM3
SIM4
1
21
22
SIM5
SIM1
SIM2
SIM3
SIM4
1
21
22
SIM5
SIM1
SIM2
SIM3
SIM4
1
21
22
SIM5
SIM1
SIM2
SIM3
SIM4
1
21
22
SIM5
SIM1
SIM2
SIM3
SIM4
1
21
22
SIM5
SIM1
SIM2
SIM3
SIM4
1
21
22
SIM5
SIM1
SIM2
SIM3
SIM4
1
21
22
SIM5
SIM1
SIM2
SIM3
SIM4
1
21
22
SIM5
SIM1
SIM2
DEBUG 1 9
SIM1
SIM2
SIM3
SIM4
1
21
22
SIM5
SIM1
SIM2
SIM3
SIM4
1
21
22
SIM5
SIM1
SIM2
SIM3
SIM4
1
21
22
SIM5
SIM1
SIM2
SIM3
SIM4
1
21
22
SIM5
SIM1
SIM2
SIM3
SIM4
1
21
22
SIM5
SIM1
SIM2
SIM3
SIM4
1
21
22
SIM5
SIM1
SIM2
SIM3
SIM4
1
21
22
SIM5
SIM1
SIM2
SIM3
SIM4
1
21
22
SIM5
SIM1
SIM2
SIM3
SIM4
1
21
22
SIM5
SIM1
SIM2
SIM3
SIM4
1
21
22
SIM5
SIM1
SIM2
SIM3
SIM4
1
21
22
SIM5
SIM1
SIM2
SIM3
SIM4
1
21
22
SIM5
SIM1
SIM2
SIM3
SIM4
1
21
22
SIM5
SIM1
SIM2
SIM3
SIM4
1
21
22
SIM5
SIM1
SIM2
SIM3
SIM4
1
21
22
SIM5
SIM1
SIM2
SIM3
SIM4
1
21
22
SIM5
SIM1
SIM2
SIM3
SIM4
1
21
22
SIM5
SIM1
SIM2
SIM3
SIM4
1
21
22
SIM5
SIM1
SIM2
SIM3
SIM4
1
21
22
SIM5
SIM1
SIM2
SIM3
SIM4
1
21
22
SIM5
SIM1
SIM2
SIM3
SIM4
1
21
22
SIM5
SIM1
SIM2
SIM3
SIM4
1
21
22
SIM5
SIM1
SIM2
SIM3
SIM4
1
21
22
SIM5
SIM1
SIM2
SIM3
SIM4
1
21
22
SIM5
SIM1
SIM2
SIM3
SIM4
1
21
22
SIM5
SIM1
SIM2
SIM3
SIM4
1
21
22
SIM5
SIM1
SIM2
SIM3
SIM4
1
21
22
SIM5
SIM1
SIM2
SIM3
SIM4
1
21
22
SIM5
SIM1
SIM2
SIM3
SIM4
1
21
22
SIM5
SIM1
SIM2
SIM3
SIM4
1
21
22
SIM5
SIM1
SIM2
SIM3
SIM4
1
21
22
SIM5
SIM1
SIM2
SIM3
SIM4
1
21
22
SIM5
SIM1
SIM2
SIM3
SIM4
1
21
22
SIM5
SIM1
SIM2
SIM3
SIM4
1
21
22
SIM5
SIM1
SIM2
SIM3
SIM4
1
21
22
SIM5
SIM1
SIM2
SIM3
SIM4
1
21
22
SIM5
SIM1
SIM2
SIM3
SIM4
1
21
22
SIM5
SIM1
SIM2
SIM3
SIM4
1
21
22
SIM5
SIM1
SIM2
SIM3
SIM4
1
21
22
SIM5
SIM1
SIM2
SIM3
SIM4
1
21
22
SIM5
SIM1
SIM2
SIM3
SIM4
1
21
22
SIM5
SIM1
SIM2
SIM3
SIM4
1
21
22
SIM5
SIM1
SIM2
SIM3
SIM4
1
21
22
SIM5
SIM1
SIM2
SIM3
SIM4
1
21
22
SIM5
SIM1
SIM2
SIM3
SIM4
1
21
22
SIM5
SIM1
SIM2
SIM3
SIM4
1
21
22
SIM5
SIM1
SIM2
SIM3
SIM4
1
21
22
SIM5
SIM1
SIM2
SIM3
SIM4
1
21
22
SIM5
SIM1
SIM2
SIM3
SIM4
1
21
22
SIM5
SIM1
SIM2
SIM3
SIM4
1
21
22
SIM5
SIM1
SIM2
SIM3
SIM4
1
21
22
SIM5
SIM1
SIM2
SIM3
SIM4
1
21
22
SIM5
SIM1
SIM2
SIM3
SIM4
1
21
22
SIM5
SIM1
SIM2
SIM3
SIM4
1
21
22
SIM5
SIM1
SIM2
SIM3
SIM4
1
21
22
SIM5
SIM1
SIM2
SIM3
SIM4
1
21
22
SIM5
SIM1
SIM2
SIM3
SIM4
1
21
22
SIM5
SIM1
SIM2
SIM3
SIM4
1
21
22
SIM5
SIM1
SIM2
SIM3
SIM4
1
21
22
SIM5
SIM1
SIM2
SIM3
SIM4
1
21
22
SIM5
SIM1
SIM2
SIM3
SIM4
1
21
22
SIM5
SIM1
SIM2
SIM3
SIM4
1
21
22
SIM5
SIM1
SIM2
SIM3
SIM4
1
21
22
SIM5
SIM1
SIM2
SIM3
SIM4
1
21
22
SIM5
SIM1
SIM2
SIM3
SIM4
1
21
22
SIM5
SIM1
SIM2
SIM3
SIM4
1
21
22
SIM5
SIM1
SIM2
SIM3
SIM4
1
21
22
SIM5
SIM1
SIM2
SIM3
SIM4
1
21
22
SIM5
SIM1
SIM2
SIM3
SIM4
1
21
22
SIM5
SIM1
SIM2
SIM3
SIM4
1
21
22
SIM5
SIM1
SIM2
SIM3
SIM4
1
21
22
SIM5
SIM1
SIM2
SIM3
SIM4
1
21
22
SIM5
SIM1
SIM2
SIM3
SIM4
1
21
22
SIM5
SIM1
SIM2
SIM3
SIM4
1
21
22
SIM5
SIM1
SIM2
SIM3
SIM4
1
21
22
SIM5
SIM1
SIM2
SIM3
SIM4
1
21
22
SIM5
SIM1
SIM2
SIM3
SIM4
1
21
22
SIM5
SIM1
SIM2
SIM3
SIM4
1
21
22
SIM5
SIM1
SIM2
SIM3
SIM4
1
21
22
SIM5
SIM1
SIM2
SIM3
SIM4
1
21
22
SIM5
SIM1
SIM2
SIM3
SIM4
1
21
22
SIM5
SIM1
SIM2
SIM3
SIM4
1
21
22
SIM5
SIM1
SIM2
SIM3
SIM4
1
21
22
SIM5
SIM1
SIM2
SIM3
SIM4
1
21
22
SIM5
SIM1
SIM2
SIM3
SIM4
1
21
22
SIM5
SIM1
SIM2
SIM3
SIM4
1
21
22
SIM5
SIM1
SIM2
SIM3
SIM4
1
21
22
SIM5
SIM1
SIM2
SIM3
SIM4
1
21
22
SIM5
SIM1
SIM2
SIM3
SIM4
1
21
22
SIM5
SIM1
SIM2
SIM3
SIM4
1
21
22
SIM5
SIM1
SIM2
SIM3
SIM4
1
21
22
SIM5
SIM1
SIM2
SIM3
SIM4
1
21
22
SIM5
SIM1
SIM2
SIM3
SIM4
1
21
22
SIM5
SIM1
SIM2
SIM3
SIM4
1
21
22
SIM5
SIM1
SIM2
SIM3
SIM4
1
21
22
SIM5
SIM1
SIM2
SIM3
SIM4
1
21
22
SIM5
SIM1
SIM2
SIM3
SIM4
1
21
22
SIM5
SIM1
SIM2
SIM3
SIM4
1
21
22
SIM5
SIM1
SIM2
SIM3
SIM4
1
21
22
SIM5
SIM1
SIM2
SIM3
SIM4
1
21
22
SIM5
SIM1
SIM2
SIM3
SIM4
1
21
22
SIM5
SIM1
SIM2
SIM3
SIM4
1
21
22
SIM5
SIM1
SIM2
SIM3
SIM4
1
21
22
SIM5
SIM1
SIM2
SIM3
SIM4
1
21
22
SIM5
SIM1
SIM2
SIM3
SIM4
1
21
22
SIM5
SIM1
SIM2
SIM3
SIM4
1
21
22
SIM5
SIM1
SIM2
SIM3
SIM4
1
21
22
SIM5
SIM1
SIM2
SIM3
SIM4
1
21
22
SIM5
SIM1
SIM2
SIM3
SIM4
1
21
22
SIM5
SIM1
SIM2
SIM3
SIM4
1
21
22
SIM5
SIM1
SIM2
SIM3
SIM4
1
21
22
SIM5
SIM1
SIM2
SIM3
SIM4
1
21
22
SIM5
SIM1
SIM2
SIM3
SIM4
1
21
22
SIM5
SIM1
SIM2
SIM3
SIM4
1
21
22
SIM5
SIM1
SIM2
SIM3
SIM4
1
21
22
SIM5
SIM1
SIM2
SIM3
SIM4
1
21
22
SIM5
SIM1
SIM2
SIM3
SIM4
1
21
22
SIM5
SIM1
SIM2
SIM3
SIM4
1
21
22
SIM5
SIM1
SIM2
SIM3
SIM4
1
21
22
SIM5
SIM1
SIM2
SIM3
SIM4
1
21
22
SIM5
SIM1
SIM2
SIM3
SIM4
1
21
22
SIM5
SIM1
SIM2
SIM3
SIM4
1
21
22
SIM5
SIM1
SIM2
SIM3
SIM4
1
21
22
SIM5
SIM1
SIM2
SIM3
SIM4
1
21
22
SIM5
SIM1
SIM2
SIM3
SIM4
1
21
22
SIM5
SIM1
SIM2
SIM3
SIM4
1
21
22
SIM5
SIM1
SIM2
SIM3
SIM4
1
21
22
SIM5
SIM1
SIM2
SIM3
SIM4
1
21
22
SIM5
SIM1
SIM2
SIM3
SIM4
1
21
22
SIM5
SIM1
SIM2
SIM3
SIM4
1
21
22
SIM5
SIM1
SIM2
SIM3
SIM4
1
21
22
SIM5
SIM1
SIM2
SIM3
SIM4
1
21
22
SIM5
SIM1
SIM2
SIM3
SIM4
1
21
22
SIM5
SIM1
SIM2
SIM3
SIM4
1
21
22
SIM5
SIM1
SIM2
SIM3
SIM4
1
21
22
SIM5
SIM1
SIM2
SIM3
SIM4
1
21
22
SIM5
SIM1
SIM2
SIM3
SIM4
1
21
22
SIM5
SIM1
SIM2
SIM3
SIM4
1
21
22
SIM5
SIM1
SIM2
SIM3
SIM4
1
21
22
SIM5
SIM1
SIM2
SIM3
SIM4
1
21
22
SIM5
SIM1
SIM2
SIM3
SIM4
1
21
22
SIM5
SIM1
SIM2
SIM3
SIM4
1
21
22
SIM5
SIM1
SIM2
SIM3
SIM4
1
21
22
SIM5
SIM1
SIM2
SIM3
SIM4
1
21
22
SIM5
SIM1
SIM2
SIM3
SIM4
1
21
22
SIM5
SIM1
SIM2
SIM3
SIM4
1
21
22
SIM5
SIM1
SIM2
SIM3
SIM4
1
21
22
SIM5
SIM1
SIM2
SIM3
SIM4
1
21
22
SIM5
SIM1
SIM2
SIM3
SIM4
1
21
22
SIM5
SIM1
SIM2
SIM3
SIM4
1
21
22
SIM5
SIM1
SIM2
SIM3
SIM4
1
21
22
SIM5
SIM1
SIM2
SIM3
SIM4
1
21
22
SIM5
SIM1
SIM2
SIM3
SIM4
1
21
22
SIM5
SIM1
SIM2
SIM3
SIM4
1
21
22
SIM5
SIM1
SIM2
SIM3
SIM4
1
21
22
SIM5
SIM1
SIM2
SIM3
SIM4
1
21
22
SIM5
SIM1
SIM2
DEBUG 1 10
SIM1
SIM2
SIM3
SIM4
1
21
22
SIM5
SIM1
SIM2
SIM3
SIM4
1
21
22
SIM5
SIM1
SIM2
SIM3
SIM4
1
21
22
SIM5
SIM1
SIM2
SIM3
SIM4
1
21
22
SIM5
SIM1
SIM2
SIM3
SIM4
1
21
22
SIM5
SIM1
SIM2
SIM3
SIM4
1
21
22
SIM5
SIM1
SIM2
SIM3
SIM4
1
21
22
SIM5
SIM1
SIM2
SIM3
SIM4
1
21
22
SIM5
SIM1
SIM2
SIM3
SIM4
1
21
22
SIM5
SIM1
SIM2
SIM3
SIM4
1
21
22
SIM5
SIM1
SIM2
SIM3
SIM4
1
21
22
SIM5
SIM1
SIM2
SIM3
SIM4
1
21
22
SIM5
SIM1
SIM2
SIM3
SIM4
1
21
22
SIM5
SIM1
SIM2
SIM3
SIM4
1
21
22
SIM5
SIM1
SIM2
SIM3
SIM4
1
21
22
SIM5
SIM1
SIM2
SIM3
SIM4
1
21
22
SIM5
SIM1
SIM2
SIM3
SIM4
1
21
22
SIM5
SIM1
SIM2
SIM3
SIM4
1
21
22
SIM5
SIM1
SIM2
SIM3
SIM4
1
21
22
SIM5
SIM1
SIM2
SIM3
SIM4
1
21
22
SIM5
SIM1
SIM2
SIM3
SIM4
1
21
22
SIM5
SIM1
SIM2
SIM3
SIM4
1
21
22
SIM5
SIM1
SIM2
SIM3
SIM4
1
21
22
SIM5
SIM1
SIM2
SIM3
SIM4
1
21
22
SIM5
SIM1
SIM2
SIM3
SIM4
1
21
22
SIM5
SIM1
SIM2
SIM3
SIM4
1
21
22
SIM5
SIM1
SIM2
SIM3
SIM4
1
21
22
SIM5
SIM1
SIM2
SIM3
SIM4
1
21
22
SIM5
SIM1
SIM2
SIM3
SIM4
1
21
22
SIM5
SIM1
SIM2
SIM3
SIM4
1
21
22
SIM5
SIM1
SIM2
SIM3
SIM4
1
21
22
SIM5
SIM1
SIM2
SIM3
SIM4
1
21
22
SIM5
SIM1
SIM2
SIM3
SIM4
1
21
22
SIM5
SIM1
SIM2
SIM3
SIM4
1
21
22
SIM5
SIM1
SIM2
SIM3
SIM4
1
21
22
SIM5
SIM1
SIM2
SIM3
SIM4
1
21
22
SIM5
SIM1
SIM2
SIM3
SIM4
1
21
22
SIM5
SIM1
SIM2
SIM3
SIM4
1
21
22
SIM5
SIM1
SIM2
SIM3
SIM4
1
21
22
SIM5
SIM1
SIM2
SIM3
SIM4
1
21
22
SIM5
SIM1
SIM2
SIM3
SIM4
1
21
22
SIM5
SIM1
SIM2
SIM3
SIM4
1
21
22
SIM5
SIM1
SIM2
SIM3
SIM4
1
21
22
SIM5
SIM1
SIM2
SIM3
SIM4
1
21
22
SIM5
SIM1
SIM2
SIM3
SIM4
1
21
22
SIM5
SIM1
SIM2
SIM3
SIM4
1
21
22
SIM5
SIM1
SIM2
SIM3
SIM4
1
21
22
SIM5
SIM1
SIM2
SIM3
SIM4
1
21
22
SIM5
SIM1
SIM2
SIM3
SIM4
1
21
22
SIM5
SIM1
SIM2
SIM3
SIM4
1
21
22
SIM5
SIM1
SIM2
SIM3
SIM4
1
21
22
SIM5
SIM1
SIM2
SIM3
SIM4
1
21
22
SIM5
SIM1
SIM2
SIM3
SIM4
1
21
22
SIM5
SIM1
SIM2
SIM3
SIM4
1
21
22
SIM5
SIM1
SIM2
SIM3
SIM4
1
21
22
SIM5
SIM1
SIM2
SIM3
SIM4
1
21
22
SIM5
SIM1
SIM2
SIM3
SIM4
1
21
22
SIM5
SIM1
SIM2
SIM3
SIM4
1
21
22
SIM5
SIM1
SIM2
SIM3
SIM4
1
21
22
SIM5
SIM1
SIM2
SIM3
SIM4
1
21
22
SIM5
SIM1
SIM2
SIM3
SIM4
1
21
22
SIM5
SIM1
SIM2
SIM3
SIM4
1
21
22
SIM5
SIM1
SIM2
SIM3
SIM4
1
21
22
SIM5
SIM1
SIM2
SIM3
SIM4
1
21
22
SIM5
SIM1
SIM2
SIM3
SIM4
1
21
22
SIM5
SIM1
SIM2
SIM3
SIM4
1
21
22
SIM5
SIM1
SIM2
SIM3
SIM4
1
21
22
SIM5
SIM1
SIM2
SIM3
SIM4
1
21
22
SIM5
SIM1
SIM2
SIM3
SIM4
1
21
22
SIM5
SIM1
SIM2
SIM3
SIM4
1
21
22
SIM5
SIM1
SIM2
SIM3
SIM4
1
21
22
SIM5
SIM1
SIM2
SIM3
SIM4
1
21
22
SIM5
SIM1
SIM2
SIM3
SIM4
1
21
22
SIM5
SIM1
SIM2
SIM3
SIM4
1
21
22
SIM5
SIM1
SIM2
SIM3
SIM4
1
21
22
SIM5
SIM1
SIM2
SIM3
SIM4
1
21
22
SIM5
SIM1
SIM2
SIM3
SIM4
1
21
22
SIM5
SIM1
SIM2
SIM3
SIM4
1
21
22
SIM5
SIM1
SIM2
SIM3
SIM4
1
21
22
SIM5
SIM1
SIM2
SIM3
SIM4
1
21
22
SIM5
SIM1
SIM2
SIM3
SIM4
1
21
22
SIM5
SIM1
SIM2
SIM3
SIM4
1
21
22
SIM5
SIM1
SIM2
SIM3
SIM4
1
21
22
SIM5
SIM1
SIM2
SIM3
SIM4
1
21
22
SIM5
SIM1
SIM2
SIM3
SIM4
1
21
22
SIM5
SIM1
SIM2
SIM3
SIM4
1
21
22
SIM5
SIM1
SIM2
SIM3
SIM4
1
21
22
SIM5
SIM1
SIM2
SIM3
SIM4
1
21
22
SIM5
SIM1
SIM2
SIM3
SIM4
1
21
22
SIM5
SIM1
SIM2
SIM3
SIM4
1
21
22
SIM5
SIM1
SIM2
SIM3
SIM4
1
21
22
SIM5
SIM1
SIM2
SIM3
SIM4
1
21
22
SIM5
SIM1
SIM2
SIM3
SIM4
1
21
22
SIM5
SIM1
SIM2
SIM3
SIM4
1
21
22
SIM5
SIM1
SIM2
SIM3
SIM4
1
21
22
SIM5
SIM1
SIM2
SIM3
SIM4
1
21
22
SIM5
SIM1
SIM2
SIM3
SIM4
1
21
22
SIM5
SIM1
SIM2
SIM3
SIM4
1
21
22
SIM5
SIM1
SIM2
SIM3
SIM4
1
21
22
SIM5
SIM1
SIM2
SIM3
SIM4
1
21
22
SIM5
SIM1
SIM2
SIM3
SIM4
1
21
22
SIM5
SIM1
SIM2
SIM3
SIM4
1
21
22
SIM5
SIM1
SIM2
SIM3
SIM4
1
21
22
SIM5
SIM1
SIM2
SIM3
SIM4
1
21
22
SIM5
SIM1
SIM2
SIM3
SIM4
1
21
22
SIM5
SIM1
SIM2
SIM3
SIM4
1
21
22
SIM5
SIM1
SIM2
SIM3
SIM4
1
21
22
SIM5
SIM1
SIM2
SIM3
SIM4
1
21
22
SIM5
SIM1
SIM2
SIM3
SIM4
1
21
22
SIM5
SIM1
SIM2
SIM3
SIM4
1
21
22
SIM5
SIM1
SIM2
SIM3
SIM4
1
21
22
SIM5
SIM1
SIM2
SIM3
SIM4
1
21
22
SIM5
SIM1
SIM2
SIM3
SIM4
1
21
22
SIM5
SIM1
SIM2
SIM3
SIM4
1
21
22
SIM5
SIM1
SIM2
SIM3
SIM4
1
21
22
SIM5
SIM1
SIM2
SIM3
SIM4
1
21
22
SIM5
SIM1
SIM2
SIM3
SIM4
1
21
22
SIM5
SIM1
SIM2
SIM3
SIM4
1
21
22
SIM5
SIM1
SIM2
SIM3
SIM4
1
21
22
SIM5
SIM1
SIM2
SIM3
SIM4
1
21
22
SIM5
SIM1
SIM2
SIM3
SIM4
1
21
22
SIM5
SIM1
SIM2
SIM3
SIM4
1
21
22
SIM5
SIM1
SIM2
SIM3
SIM4
1
21
22
SIM5
SIM1
SIM2
SIM3
SIM4
1
21
22
SIM5
SIM1
SIM2
SIM3
SIM4
1
21
22
SIM5
SIM1
SIM2
SIM3
SIM4
1
21
22
SIM5
SIM1
SIM2
SIM3
SIM4
1
21
22
SIM5
SIM1
SIM2
SIM3
SIM4
1
21
22
SIM5
SIM1
SIM2
SIM3
SIM4
1
21
22
SIM5
SIM1
SIM2
SIM3
SIM4
1
21
22
SIM5
SIM1
SIM2
SIM3
SIM4
1
21
22
SIM5
SIM1
SIM2
SIM3
SIM4
1
21
22
SIM5
SIM1
SIM2
SIM3
SIM4
1
21
22
SIM5
SIM1
SIM2
SIM3
SIM4
1
21
22
SIM5
SIM1
SIM2
SIM3
SIM4
1
21
22
SIM5
SIM1
SIM2
SIM3
SIM4
1
21
22
SIM5
SIM1
SIM2
SIM3
SIM4
1
21
22
SIM5
SIM1
SIM2
SIM3
SIM4
1
21
22
SIM5
SIM1
SIM2
SIM3
SIM4
1
21
22
SIM5
SIM1
SIM2
SIM3
SIM4
1
21
22
SIM5
SIM1
SIM2
SIM3
SIM4
1
21
22
SIM5
SIM1
SIM2
SIM3
SIM4
1
21
22
SIM5
SIM1
SIM2
SIM3
SIM4
1
21
22
SIM5
SIM1
SIM2
SIM3
SIM4
1
21
22
SIM5
SIM1
SIM2
SIM3
SIM4
1
21
22
SIM5
SIM1
SIM2
SIM3
SIM4
1
21
22
SIM5
SIM1
SIM2
SIM3
SIM4
1
21
22
SIM5
SIM1
SIM2
SIM3
SIM4
1
21
22
SIM5
SIM1
SIM2
SIM3
SIM4
1
21
22
SIM5
SIM1
SIM2
SIM3
SIM4
1
21
22
SIM5
SIM1
SIM2
SIM3
SIM4
1
21
22
SIM5
SIM1
SIM2
SIM3
SIM4
1
21
22
SIM5
SIM1
SIM2
SIM3
SIM4
1
21
22
SIM5
SIM1
SIM2
SIM3
SIM4
1
21
22
SIM5
SIM1
SIM2
SIM3
SIM4
1
21
22
SIM5
SIM1
SIM2
SIM3
SIM4
1
21
22
SIM5
SIM1
SIM2
SIM3
SIM4
1
21
22
SIM5
SIM1
SIM2
SIM3
SIM4
1
21
22
SIM5
SIM1
SIM2
SIM3
SIM4
1
21
22
SIM5
SIM1
SIM2
SIM3
SIM4
1
21
22
SIM5
SIM1
SIM2
SIM3
SIM4
1
21
22
SIM5
SIM1
SIM2
SIM3
SIM4
1
21
22
SIM5
SIM1
SIM2
SIM3
SIM4
1
21
22
SIM5
SIM1
SIM2
SIM3
SIM4
1
21
22
SIM5
SIM1
SIM2
SIM3
SIM4
1
21
22
SIM5
SIM1
SIM2
SIM3
SIM4
1
21
22
SIM5
SIM1
SIM2
SIM3
SIM4
1
21
22
SIM5
SIM1
SIM2
SIM3
SIM4
1
21
22
SIM5
SIM1
SIM2
SIM3
SIM4
1
21
22
SIM5
SIM1
SIM2
SIM3
SIM4
1
21
22
SIM5
SIM1
SIM2
SIM3
SIM4
1
21
22
SIM5
SIM1
SIM2
SIM3
SIM4
1
21
22
SIM5
SIM1
SIM2
SIM3
SIM4
1
21
22
SIM5
SIM1
SIM2
SIM3
SIM4
1
21
22
SIM5
SIM1
SIM2
SIM3
SIM4
1
21
22
SIM5
SIM1
SIM2
SIM3
SIM4
1
21
22
SIM5
SIM1
SIM2
SIM3
SIM4
1
21
22
SIM5
SIM1
SIM2
SIM3
SIM4
1
21
22
SIM5
SIM1
SIM2
SIM3
SIM4
1
21
22
SIM5
SIM1
SIM2
SIM3
SIM4
1
21
22
SIM5
SIM1
SIM2
DEBUG 1 11
SIM1
SIM2
SIM3
SIM4
1
21
22
SIM5
SIM1
SIM2
SIM3
SIM4
1
21
22
SIM5
SIM1
SIM2
SIM3
SIM4
1
21
22
SIM5
SIM1
SIM2
SIM3
SIM4
1
21
22
SIM5
SIM1
SIM2
SIM3
SIM4
1
21
22
SIM5
SIM1
SIM2
SIM3
SIM4
1
21
22
SIM5
SIM1
SIM2
SIM3
SIM4
1
21
22
SIM5
SIM1
SIM2
SIM3
SIM4
1
21
22
SIM5
SIM1
SIM2
SIM3
SIM4
1
21
22
SIM5
SIM1
SIM2
SIM3
SIM4
1
21
22
SIM5
SIM1
SIM2
SIM3
SIM4
1
21
22
SIM5
SIM1
SIM2
SIM3
SIM4
1
21
22
SIM5
SIM1
SIM2
SIM3
SIM4
1
21
22
SIM5
SIM1
SIM2
SIM3
SIM4
1
21
22
SIM5
SIM1
SIM2
SIM3
SIM4
1
21
22
SIM5
SIM1
SIM2
SIM3
SIM4
1
21
22
SIM5
SIM1
SIM2
SIM3
SIM4
1
21
22
SIM5
SIM1
SIM2
SIM3
SIM4
1
21
22
SIM5
SIM1
SIM2
SIM3
SIM4
1
21
22
SIM5
SIM1
SIM2
SIM3
SIM4
1
21
22
SIM5
SIM1
SIM2
SIM3
SIM4
1
21
22
SIM5
SIM1
SIM2
SIM3
SIM4
1
21
22
SIM5
SIM1
SIM2
SIM3
SIM4
1
21
22
SIM5
SIM1
SIM2
SIM3
SIM4
1
21
22
SIM5
SIM1
SIM2
SIM3
SIM4
1
21
22
SIM5
SIM1
SIM2
SIM3
SIM4
1
21
22
SIM5
SIM1
SIM2
SIM3
SIM4
1
21
22
SIM5
SIM1
SIM2
SIM3
SIM4
1
21
22
SIM5
SIM1
SIM2
SIM3
SIM4
1
21
22
SIM5
SIM1
SIM2
SIM3
SIM4
1
21
22
SIM5
SIM1
SIM2
SIM3
SIM4
1
21
22
SIM5
SIM1
SIM2
SIM3
SIM4
1
21
22
SIM5
SIM1
SIM2
SIM3
SIM4
1
21
22
SIM5
SIM1
SIM2
SIM3
SIM4
1
21
22
SIM5
SIM1
SIM2
SIM3
SIM4
1
21
22
SIM5
SIM1
SIM2
SIM3
SIM4
1
21
22
SIM5
SIM1
SIM2
SIM3
SIM4
1
21
22
SIM5
SIM1
SIM2
SIM3
SIM4
1
21
22
SIM5
SIM1
SIM2
SIM3
SIM4
1
21
22
SIM5
SIM1
SIM2
SIM3
SIM4
1
21
22
SIM5
SIM1
SIM2
SIM3
SIM4
1
21
22
SIM5
SIM1
SIM2
SIM3
SIM4
1
21
22
SIM5
SIM1
SIM2
SIM3
SIM4
1
21
22
SIM5
SIM1
SIM2
SIM3
SIM4
1
21
22
SIM5
SIM1
SIM2
SIM3
SIM4
1
21
22
SIM5
SIM1
SIM2
SIM3
SIM4
1
21
22
SIM5
SIM1
SIM2
SIM3
SIM4
1
21
22
SIM5
SIM1
SIM2
SIM3
SIM4
1
21
22
SIM5
SIM1
SIM2
SIM3
SIM4
1
21
22
SIM5
SIM1
SIM2
SIM3
SIM4
1
21
22
SIM5
SIM1
SIM2
SIM3
SIM4
1
21
22
SIM5
SIM1
SIM2
SIM3
SIM4
1
21
22
SIM5
SIM1
SIM2
SIM3
SIM4
1
21
22
SIM5
SIM1
SIM2
SIM3
SIM4
1
21
22
SIM5
SIM1
SIM2
SIM3
SIM4
1
21
22
SIM5
SIM1
SIM2
SIM3
SIM4
1
21
22
SIM5
SIM1
SIM2
SIM3
SIM4
1
21
22
SIM5
SIM1
SIM2
SIM3
SIM4
1
21
22
SIM5
SIM1
SIM2
SIM3
SIM4
1
21
22
SIM5
SIM1
SIM2
SIM3
SIM4
1
21
22
SIM5
SIM1
SIM2
SIM3
SIM4
1
21
22
SIM5
SIM1
SIM2
SIM3
SIM4
1
21
22
SIM5
SIM1
SIM2
SIM3
SIM4
1
21
22
SIM5
SIM1
SIM2
SIM3
SIM4
1
21
22
SIM5
SIM1
SIM2
SIM3
SIM4
1
21
22
SIM5
SIM1
SIM2
SIM3
SIM4
1
21
22
SIM5
SIM1
SIM2
SIM3
SIM4
1
21
22
SIM5
SIM1
SIM2
SIM3
SIM4
1
21
22
SIM5
SIM1
SIM2
SIM3
SIM4
1
21
22
SIM5
SIM1
SIM2
SIM3
SIM4
1
21
22
SIM5
SIM1
SIM2
SIM3
SIM4
1
21
22
SIM5
SIM1
SIM2
SIM3
SIM4
1
21
22
SIM5
SIM1
SIM2
SIM3
SIM4
1
21
22
SIM5
SIM1
SIM2
SIM3
SIM4
1
21
22
SIM5
SIM1
SIM2
SIM3
SIM4
1
21
22
SIM5
SIM1
SIM2
SIM3
SIM4
1
21
22
SIM5
SIM1
SIM2
SIM3
SIM4
1
21
22
SIM5
SIM1
SIM2
SIM3
SIM4
1
21
22
SIM5
SIM1
SIM2
SIM3
SIM4
1
21
22
SIM5
SIM1
SIM2
SIM3
SIM4
1
21
22
SIM5
SIM1
SIM2
SIM3
SIM4
1
21
22
SIM5
SIM1
SIM2
SIM3
SIM4
1
21
22
SIM5
SIM1
SIM2
SIM3
SIM4
1
21
22
SIM5
SIM1
SIM2
SIM3
SIM4
1
21
22
SIM5
SIM1
SIM2
SIM3
SIM4
1
21
22
SIM5
SIM1
SIM2
SIM3
SIM4
1
21
22
SIM5
SIM1
SIM2
SIM3
SIM4
1
21
22
SIM5
SIM1
SIM2
SIM3
SIM4
1
21
22
SIM5
SIM1
SIM2
SIM3
SIM4
1
21
22
SIM5
SIM1
SIM2
SIM3
SIM4
1
21
22
SIM5
SIM1
SIM2
SIM3
SIM4
1
21
22
SIM5
SIM1
SIM2
SIM3
SIM4
1
21
22
SIM5
SIM1
SIM2
SIM3
SIM4
1
21
22
SIM5
SIM1
SIM2
SIM3
SIM4
1
21
22
SIM5
SIM1
SIM2
SIM3
SIM4
1
21
22
SIM5
SIM1
SIM2
SIM3
SIM4
1
21
22
SIM5
SIM1
SIM2
SIM3
SIM4
1
21
22
SIM5
SIM1
SIM2
SIM3
SIM4
1
21
22
SIM5
SIM1
SIM2
SIM3
SIM4
1
21
22
SIM5
SIM1
SIM2
SIM3
SIM4
1
21
22
SIM5
SIM1
SIM2
SIM3
SIM4
1
21
22
SIM5
SIM1
SIM2
SIM3
SIM4
1
21
22
SIM5
SIM1
SIM2
SIM3
SIM4
1
21
22
SIM5
SIM1
SIM2
SIM3
SIM4
1
21
22
SIM5
SIM1
SIM2
SIM3
SIM4
1
21
22
SIM5
SIM1
SIM2
SIM3
SIM4
1
21
22
SIM5
SIM1
SIM2
SIM3
SIM4
1
21
22
SIM5
SIM1
SIM2
SIM3
SIM4
1
21
22
SIM5
SIM1
SIM2
SIM3
SIM4
1
21
22
SIM5
SIM1
SIM2
SIM3
SIM4
1
21
22
SIM5
SIM1
SIM2
SIM3
SIM4
1
21
22
SIM5
SIM1
SIM2
SIM3
SIM4
1
21
22
SIM5
SIM1
SIM2
SIM3
SIM4
1
21
22
SIM5
SIM1
SIM2
SIM3
SIM4
1
21
22
SIM5
SIM1
SIM2
SIM3
SIM4
1
21
22
SIM5
SIM1
SIM2
SIM3
SIM4
1
21
22
SIM5
SIM1
SIM2
SIM3
SIM4
1
21
22
SIM5
SIM1
SIM2
SIM3
SIM4
1
21
22
SIM5
SIM1
SIM2
SIM3
SIM4
1
21
22
SIM5
SIM1
SIM2
SIM3
SIM4
1
21
22
SIM5
SIM1
SIM2
SIM3
SIM4
1
21
22
SIM5
SIM1
SIM2
SIM3
SIM4
1
21
22
SIM5
SIM1
SIM2
SIM3
SIM4
1
21
22
SIM5
SIM1
SIM2
SIM3
SIM4
1
21
22
SIM5
SIM1
SIM2
SIM3
SIM4
1
21
22
SIM5
SIM1
SIM2
SIM3
SIM4
1
21
22
SIM5
SIM1
SIM2
SIM3
SIM4
1
21
22
SIM5
SIM1
SIM2
SIM3
SIM4
1
21
22
SIM5
SIM1
SIM2
SIM3
SIM4
1
21
22
SIM5
SIM1
SIM2
SIM3
SIM4
1
21
22
SIM5
SIM1
SIM2
SIM3
SIM4
1
21
22
SIM5
SIM1
SIM2
SIM3
SIM4
1
21
22
SIM5
SIM1
SIM2
SIM3
SIM4
1
21
22
SIM5
SIM1
SIM2
SIM3
SIM4
1
21
22
SIM5
SIM1
SIM2
SIM3
SIM4
1
21
22
SIM5
SIM1
SIM2
SIM3
SIM4
1
21
22
SIM5
SIM1
SIM2
SIM3
SIM4
1
21
22
SIM5
SIM1
SIM2
SIM3
SIM4
1
21
22
SIM5
SIM1
SIM2
SIM3
SIM4
1
21
22
SIM5
SIM1
SIM2
SIM3
SIM4
1
21
22
SIM5
SIM1
SIM2
SIM3
SIM4
1
21
22
SIM5
SIM1
SIM2
SIM3
SIM4
1
21
22
SIM5
SIM1
SIM2
SIM3
SIM4
1
21
22
SIM5
SIM1
SIM2
SIM3
SIM4
1
21
22
SIM5
SIM1
SIM2
SIM3
SIM4
1
21
22
SIM5
SIM1
SIM2
SIM3
SIM4
1
21
22
SIM5
SIM1
SIM2
SIM3
SIM4
1
21
22
SIM5
SIM1
SIM2
SIM3
SIM4
1
21
22
SIM5
SIM1
SIM2
SIM3
SIM4
1
21
22
SIM5
SIM1
SIM2
SIM3
SIM4
1
21
22
SIM5
SIM1
SIM2
SIM3
SIM4
1
21
22
SIM5
SIM1
SIM2
SIM3
SIM4
1
21
22
SIM5
SIM1
SIM2
SIM3
SIM4
1
21
22
SIM5
SIM1
SIM2
SIM3
SIM4
1
21
22
SIM5
SIM1
SIM2
SIM3
SIM4
1
21
22
SIM5
SIM1
SIM2
DEBUG 1 12
SIM1
SIM2
SIM3
SIM4
1
21
22
SIM5
SIM1
SIM2
SIM3
SIM4
1
21
22
SIM5
SIM1
SIM2
SIM3
SIM4
1
21
22
SIM5
SIM1
SIM2
SIM3
SIM4
1
21
22
SIM5
SIM1
SIM2
SIM3
SIM4
1
21
22
SIM5
SIM1
SIM2
SIM3
SIM4
1
21
22
SIM5
SIM1
SIM2
SIM3
SIM4
1
21
22
SIM5
SIM1
SIM2
SIM3
SIM4
1
21
22
SIM5
SIM1
SIM2
SIM3
SIM4
1
21
22
SIM5
SIM1
SIM2
SIM3
SIM4
1
21
22
SIM5
SIM1
SIM2
SIM3
SIM4
1
21
22
SIM5
SIM1
SIM2
SIM3
SIM4
1
21
22
SIM5
SIM1
SIM2
SIM3
SIM4
1
21
22
SIM5
SIM1
SIM2
SIM3
SIM4
1
21
22
SIM5
SIM1
SIM2
SIM3
SIM4
1
21
22
SIM5
SIM1
SIM2
SIM3
SIM4
1
21
22
SIM5
SIM1
SIM2
SIM3
SIM4
1
21
22
SIM5
SIM1
SIM2
SIM3
SIM4
1
21
22
SIM5
SIM1
SIM2
SIM3
SIM4
1
21
22
SIM5
SIM1
SIM2
SIM3
SIM4
1
21
22
SIM5
SIM1
SIM2
SIM3
SIM4
1
21
22
SIM5
SIM1
SIM2
SIM3
SIM4
1
21
22
SIM5
SIM1
SIM2
SIM3
SIM4
1
21
22
SIM5
SIM1
SIM2
SIM3
SIM4
1
21
22
SIM5
SIM1
SIM2
SIM3
SIM4
1
21
22
SIM5
SIM1
SIM2
SIM3
SIM4
1
21
22
SIM5
SIM1
SIM2
SIM3
SIM4
1
21
22
SIM5
SIM1
SIM2
SIM3
SIM4
1
21
22
SIM5
SIM1
SIM2
SIM3
SIM4
1
21
22
SIM5
SIM1
SIM2
SIM3
SIM4
1
21
22
SIM5
SIM1
SIM2
SIM3
SIM4
1
21
22
SIM5
SIM1
SIM2
SIM3
SIM4
1
21
22
SIM5
SIM1
SIM2
SIM3
SIM4
1
21
22
SIM5
SIM1
SIM2
SIM3
SIM4
1
21
22
SIM5
SIM1
SIM2
SIM3
SIM4
1
21
22
SIM5
SIM1
SIM2
SIM3
SIM4
1
21
22
SIM5
SIM1
SIM2
SIM3
SIM4
1
21
22
SIM5
SIM1
SIM2
SIM3
SIM4
1
21
22
SIM5
SIM1
SIM2
SIM3
SIM4
1
21
22
SIM5
SIM1
SIM2
SIM3
SIM4
1
21
22
SIM5
SIM1
SIM2
SIM3
SIM4
1
21
22
SIM5
SIM1
SIM2
SIM3
SIM4
1
21
22
SIM5
SIM1
SIM2
SIM3
SIM4
1
21
22
SIM5
SIM1
SIM2
SIM3
SIM4
1
21
22
SIM5
SIM1
SIM2
SIM3
SIM4
1
21
22
SIM5
SIM1
SIM2
SIM3
SIM4
1
21
22
SIM5
SIM1
SIM2
SIM3
SIM4
1
21
22
SIM5
SIM1
SIM2
SIM3
SIM4
1
21
22
SIM5
SIM1
SIM2
SIM3
SIM4
1
21
22
SIM5
SIM1
SIM2
SIM3
SIM4
1
21
22
SIM5
SIM1
SIM2
SIM3
SIM4
1
21
22
SIM5
SIM1
SIM2
SIM3
SIM4
1
21
22
SIM5
SIM1
SIM2
SIM3
SIM4
1
21
22
SIM5
SIM1
SIM2
SIM3
SIM4
1
21
22
SIM5
SIM1
SIM2
SIM3
SIM4
1
21
22
SIM5
SIM1
SIM2
SIM3
SIM4
1
21
22
SIM5
SIM1
SIM2
SIM3
SIM4
1
21
22
SIM5
SIM1
SIM2
SIM3
SIM4
1
21
22
SIM5
SIM1
SIM2
SIM3
SIM4
1
21
22
SIM5
SIM1
SIM2
SIM3
SIM4
1
21
22
SIM5
SIM1
SIM2
SIM3
SIM4
1
21
22
SIM5
SIM1
SIM2
SIM3
SIM4
1
21
22
SIM5
SIM1
SIM2
SIM3
SIM4
1
21
22
SIM5
SIM1
SIM2
SIM3
SIM4
1
21
22
SIM5
SIM1
SIM2
SIM3
SIM4
1
21
22
SIM5
SIM1
SIM2
SIM3
SIM4
1
21
22
SIM5
SIM1
SIM2
SIM3
SIM4
1
21
22
SIM5
SIM1
SIM2
SIM3
SIM4
1
21
22
SIM5
SIM1
SIM2
SIM3
SIM4
1
21
22
SIM5
SIM1
SIM2
SIM3
SIM4
1
21
22
SIM5
SIM1
SIM2
SIM3
SIM4
1
21
22
SIM5
SIM1
SIM2
SIM3
SIM4
1
21
22
SIM5
SIM1
SIM2
SIM3
SIM4
1
21
22
SIM5
SIM1
SIM2
SIM3
SIM4
1
21
22
SIM5
SIM1
SIM2
SIM3
SIM4
1
21
22
SIM5
SIM1
SIM2
SIM3
SIM4
1
21
22
SIM5
SIM1
SIM2
SIM3
SIM4
1
21
22
SIM5
SIM1
SIM2
SIM3
SIM4
1
21
22
SIM5
SIM1
SIM2
SIM3
SIM4
1
21
22
SIM5
SIM1
SIM2
SIM3
SIM4
1
21
22
SIM5
SIM1
SIM2
SIM3
SIM4
1
21
22
SIM5
SIM1
SIM2
SIM3
SIM4
1
21
22
SIM5
SIM1
SIM2
SIM3
SIM4
1
21
22
SIM5
SIM1
SIM2
SIM3
SIM4
1
21
22
SIM5
SIM1
SIM2
SIM3
SIM4
1
21
22
SIM5
SIM1
SIM2
SIM3
SIM4
1
21
22
SIM5
SIM1
SIM2
SIM3
SIM4
1
21
22
SIM5
SIM1
SIM2
SIM3
SIM4
1
21
22
SIM5
SIM1
SIM2
SIM3
SIM4
1
21
22
SIM5
SIM1
SIM2
SIM3
SIM4
1
21
22
SIM5
SIM1
SIM2
SIM3
SIM4
1
21
22
SIM5
SIM1
SIM2
SIM3
SIM4
1
21
22
SIM5
SIM1
SIM2
SIM3
SIM4
1
21
22
SIM5
SIM1
SIM2
SIM3
SIM4
1
21
22
SIM5
SIM1
SIM2
SIM3
SIM4
1
21
22
SIM5
SIM1
SIM2
SIM3
SIM4
1
21
22
SIM5
SIM1
SIM2
SIM3
SIM4
1
21
22
SIM5
SIM1
SIM2
SIM3
SIM4
1
21
22
SIM5
SIM1
SIM2
SIM3
SIM4
1
21
22
SIM5
SIM1
SIM2
SIM3
SIM4
1
21
22
SIM5
SIM1
SIM2
SIM3
SIM4
1
21
22
SIM5
SIM1
SIM2
SIM3
SIM4
1
21
22
SIM5
SIM1
SIM2
SIM3
SIM4
1
21
22
SIM5
SIM1
SIM2
SIM3
SIM4
1
21
22
SIM5
SIM1
SIM2
SIM3
SIM4
1
21
22
SIM5
SIM1
SIM2
SIM3
SIM4
1
21
22
SIM5
SIM1
SIM2
SIM3
SIM4
1
21
22
SIM5
SIM1
SIM2
SIM3
SIM4
1
21
22
SIM5
SIM1
SIM2
SIM3
SIM4
1
21
22
SIM5
SIM1
SIM2
SIM3
SIM4
1
21
22
SIM5
SIM1
SIM2
SIM3
SIM4
1
21
22
SIM5
SIM1
SIM2
SIM3
SIM4
1
21
22
SIM5
SIM1
SIM2
SIM3
SIM4
1
21
22
SIM5
SIM1
SIM2
SIM3
SIM4
1
21
22
SIM5
SIM1
SIM2
SIM3
SIM4
1
21
22
SIM5
SIM1
SIM2
SIM3
SIM4
1
21
22
SIM5
SIM1
SIM2
SIM3
SIM4
1
21
22
SIM5
SIM1
SIM2
SIM3
SIM4
1
21
22
SIM5
SIM1
SIM2
SIM3
SIM4
1
21
22
SIM5
SIM1
SIM2
SIM3
SIM4
1
21
22
SIM5
SIM1
SIM2
SIM3
SIM4
1
21
22
SIM5
SIM1
SIM2
SIM3
SIM4
1
21
22
SIM5
SIM1
SIM2
SIM3
SIM4
1
21
22
SIM5
SIM1
SIM2
SIM3
SIM4
1
21
22
SIM5
SIM1
SIM2
SIM3
SIM4
1
21
22
SIM5
SIM1
SIM2
SIM3
SIM4
1
21
22
SIM5
SIM1
SIM2
SIM3
SIM4
1
21
22
SIM5
SIM1
SIM2
SIM3
SIM4
1
21
22
SIM5
SIM1
SIM2
SIM3
SIM4
1
21
22
SIM5
SIM1
SIM2
SIM3
SIM4
1
21
22
SIM5
SIM1
SIM2
SIM3
SIM4
1
21
22
SIM5
SIM1
SIM2
SIM3
SIM4
1
21
22
SIM5
SIM1
SIM2
SIM3
SIM4
1
21
22
SIM5
SIM1
SIM2
SIM3
SIM4
1
21
22
SIM5
SIM1
SIM2
SIM3
SIM4
1
21
22
SIM5
SIM1
SIM2
SIM3
SIM4
1
21
22
SIM5
SIM1
SIM2
SIM3
SIM4
1
21
22
SIM5
SIM1
SIM2
SIM3
SIM4
1
21
22
SIM5
SIM1
SIM2
SIM3
SIM4
1
21
22
SIM5
SIM1
SIM2
SIM3
SIM4
1
21
22
SIM5
SIM1
SIM2
SIM3
SIM4
1
21
22
SIM5
SIM1
SIM2
SIM3
SIM4
1
21
22
SIM5
SIM1
SIM2
SIM3
SIM4
1
21
22
SIM5
SIM1
SIM2
SIM3
SIM4
1
21
22
SIM5
SIM1
SIM2
SIM3
SIM4
1
21
22
SIM5
SIM1
SIM2
SIM3
SIM4
1
21
22
SIM5
SIM1
SIM2
SIM3
SIM4
1
21
22
SIM5
SIM1
SIM2
SIM3
SIM4
1
21
22
SIM5
SIM1
SIM2
SIM3
SIM4
1
21
22
SIM5
SIM1
SIM2
SIM3
SIM4
1
21
22
SIM5
SIM1
SIM2
SIM3
SIM4
1
21
22
SIM5
SIM1
SIM2
SIM3
SIM4
1
21
22
SIM5
SIM1
SIM2
SIM3
SIM4
1
21
22
SIM5
SIM1
SIM2
SIM3
SIM4
1
21
22
SIM5
SIM1
SIM2
SIM3
SIM4
1
21
22
SIM5
SIM1
SIM2
SIM3
SIM4
1
21
22
SIM5
SIM1
SIM2
SIM3
SIM4
1
21
22
SIM5
SIM1
SIM2
SIM3
SIM4
1
21
22
SIM5
SIM1
SIM2
SIM3
SIM4
1
21
22
SIM5
SIM1
SIM2
SIM3
SIM4
1
21
22
SIM5
SIM1
SIM2
SIM3
SIM4
1
21
22
SIM5
SIM1
SIM2
SIM3
SIM4
1
21
22
SIM5
SIM1
SIM2
SIM3
SIM4
1
21
22
SIM5
SIM1
SIM2
SIM3
SIM4
1
21
22
SIM5
SIM1
SIM2
SIM3
SIM4
1
21
22
SIM5
SIM1
SIM2
SIM3
SIM4
1
21
22
SIM5
SIM1
SIM2
SIM3
SIM4
1
21
22
SIM5
SIM1
SIM2
SIM3
SIM4
1
21
22
SIM5
SIM1
SIM2
SIM3
SIM4
1
21
22
SIM5
SIM1
SIM2
SIM3
SIM4
1
21
22
SIM5
SIM1
SIM2
SIM3
SIM4
1
21
22
SIM5
SIM1
SIM2
SIM3
SIM4
1
21
22
SIM5
SIM1
SIM2
SIM3
SIM4
1
21
22
SIM5
SIM1
SIM2
SIM3
SIM4
1
21
22
SIM5
SIM1
SIM2
SIM3
SIM4
1
21
22
SIM5
SIM1
SIM2
SIM3
SIM4
1
21
22
SIM5
SIM1
SIM2
SIM3
SIM4
1
21
22
SIM5
SIM1
SIM2
SIM3
SIM4
1
21
22
SIM5
SIM1
SIM2
SIM3
SIM4
1
21
22
SIM5
SIM1
SIM2
SIM3
SIM4
1
21
22
SIM5
SIM1
SIM2
SIM3
SIM4
1
21
22
SIM5
SIM1
SIM2
SIM3
SIM4
1
21
22
SIM5
SIM1
SIM2
SIM3
SIM4
1
21
22
SIM5
SIM1
SIM2
SIM3
SIM4
1
21
22
SIM5
SIM1
SIM2
SIM3
SIM4
1
21
22
SIM5
SIM1
SIM2
SIM3
SIM4
1
21
22
SIM5
SIM1
SIM2
SIM3
SIM4
1
21
22
SIM5
SIM1
SIM2
SIM3
SIM4
1
21
22
SIM5
SIM1
SIM2
SIM3
SIM4
1
21
22
SIM5
SIM1
SIM2
SIM3
SIM4
1
21
22
SIM5
SIM1
SIM2
SIM3
SIM4
1
21
22
SIM5
SIM1
SIM2
SIM3
SIM4
1
21
22
SIM5
SIM1
SIM2
SIM3
SIM4
1
21
22
SIM5
SIM1
SIM2
SIM3
SIM4
1
21
22
SIM5
SIM1
SIM2
SIM3
SIM4
1
21
22
SIM5
SIM1
SIM2
SIM3
SIM4
1
21
22
SIM5
SIM1
SIM2
SIM3
SIM4
1
21
22
SIM5
SIM1
SIM2
SIM3
SIM4
1
21
22
SIM5
SIM1
SIM2
SIM3
SIM4
1
21
22
SIM5
SIM1
SIM2
SIM3
SIM4
1
21
22
SIM5
SIM1
SIM2
DEBUG 1 13
SIM1
SIM2
SIM3
SIM4
1
21
22
SIM5
SIM1
SIM2
SIM3
SIM4
1
21
22
SIM5
SIM1
SIM2
SIM3
SIM4
1
21
22
SIM5
SIM1
SIM2
SIM3
SIM4
1
21
22
SIM5
SIM1
SIM2
SIM3
SIM4
1
21
22
SIM5
SIM1
SIM2
SIM3
SIM4
1
21
22
SIM5
SIM1
SIM2
SIM3
SIM4
1
21
22
SIM5
SIM1
SIM2
SIM3
SIM4
1
21
22
SIM5
SIM1
SIM2
SIM3
SIM4
1
21
22
SIM5
SIM1
SIM2
SIM3
SIM4
1
21
22
SIM5
SIM1
SIM2
SIM3
SIM4
1
21
22
SIM5
SIM1
SIM2
SIM3
SIM4
1
21
22
SIM5
SIM1
SIM2
SIM3
SIM4
1
21
22
SIM5
SIM1
SIM2
SIM3
SIM4
1
21
22
SIM5
SIM1
SIM2
SIM3
SIM4
1
21
22
SIM5
SIM1
SIM2
SIM3
SIM4
1
21
22
SIM5
SIM1
SIM2
SIM3
SIM4
1
21
22
SIM5
SIM1
SIM2
SIM3
SIM4
1
21
22
SIM5
SIM1
SIM2
SIM3
SIM4
1
21
22
SIM5
SIM1
SIM2
SIM3
SIM4
1
21
22
SIM5
SIM1
SIM2
SIM3
SIM4
1
21
22
SIM5
SIM1
SIM2
SIM3
SIM4
1
21
22
SIM5
SIM1
SIM2
SIM3
SIM4
1
21
22
SIM5
SIM1
SIM2
SIM3
SIM4
1
21
22
SIM5
SIM1
SIM2
SIM3
SIM4
1
21
22
SIM5
SIM1
SIM2
SIM3
SIM4
1
21
22
SIM5
SIM1
SIM2
SIM3
SIM4
1
21
22
SIM5
SIM1
SIM2
SIM3
SIM4
1
21
22
SIM5
SIM1
SIM2
SIM3
SIM4
1
21
22
SIM5
SIM1
SIM2
SIM3
SIM4
1
21
22
SIM5
SIM1
SIM2
SIM3
SIM4
1
21
22
SIM5
SIM1
SIM2
SIM3
SIM4
1
21
22
SIM5
SIM1
SIM2
SIM3
SIM4
1
21
22
SIM5
SIM1
SIM2
SIM3
SIM4
1
21
22
SIM5
SIM1
SIM2
SIM3
SIM4
1
21
22
SIM5
SIM1
SIM2
SIM3
SIM4
1
21
22
SIM5
SIM1
SIM2
SIM3
SIM4
1
21
22
SIM5
SIM1
SIM2
SIM3
SIM4
1
21
22
SIM5
SIM1
SIM2
SIM3
SIM4
1
21
22
SIM5
SIM1
SIM2
SIM3
SIM4
1
21
22
SIM5
SIM1
SIM2
SIM3
SIM4
1
21
22
SIM5
SIM1
SIM2
SIM3
SIM4
1
21
22
SIM5
SIM1
SIM2
SIM3
SIM4
1
21
22
SIM5
SIM1
SIM2
SIM3
SIM4
1
21
22
SIM5
SIM1
SIM2
SIM3
SIM4
1
21
22
SIM5
SIM1
SIM2
SIM3
SIM4
1
21
22
SIM5
SIM1
SIM2
SIM3
SIM4
1
21
22
SIM5
SIM1
SIM2
SIM3
SIM4
1
21
22
SIM5
SIM1
SIM2
SIM3
SIM4
1
21
22
SIM5
SIM1
SIM2
SIM3
SIM4
1
21
22
SIM5
SIM1
SIM2
SIM3
SIM4
1
21
22
SIM5
SIM1
SIM2
SIM3
SIM4
1
21
22
SIM5
SIM1
SIM2
SIM3
SIM4
1
21
22
SIM5
SIM1
SIM2
SIM3
SIM4
1
21
22
SIM5
SIM1
SIM2
SIM3
SIM4
1
21
22
SIM5
SIM1
SIM2
SIM3
SIM4
1
21
22
SIM5
SIM1
SIM2
SIM3
SIM4
1
21
22
SIM5
SIM1
SIM2
SIM3
SIM4
1
21
22
SIM5
SIM1
SIM2
SIM3
SIM4
1
21
22
SIM5
SIM1
SIM2
SIM3
SIM4
1
21
22
SIM5
SIM1
SIM2
SIM3
SIM4
1
21
22
SIM5
SIM1
SIM2
SIM3
SIM4
1
21
22
SIM5
SIM1
SIM2
SIM3
SIM4
1
21
22
SIM5
SIM1
SIM2
SIM3
SIM4
1
21
22
SIM5
SIM1
SIM2
SIM3
SIM4
1
21
22
SIM5
SIM1
SIM2
SIM3
SIM4
1
21
22
SIM5
SIM1
SIM2
SIM3
SIM4
1
21
22
SIM5
SIM1
SIM2
SIM3
SIM4
1
21
22
SIM5
SIM1
SIM2
SIM3
SIM4
1
21
22
SIM5
SIM1
SIM2
SIM3
SIM4
1
21
22
SIM5
SIM1
SIM2
SIM3
SIM4
1
21
22
SIM5
SIM1
SIM2
SIM3
SIM4
1
21
22
SIM5
SIM1
SIM2
SIM3
SIM4
1
21
22
SIM5
SIM1
SIM2
SIM3
SIM4
1
21
22
SIM5
SIM1
SIM2
SIM3
SIM4
1
21
22
SIM5
SIM1
SIM2
SIM3
SIM4
1
21
22
SIM5
SIM1
SIM2
SIM3
SIM4
1
21
22
SIM5
SIM1
SIM2
SIM3
SIM4
1
21
22
SIM5
SIM1
SIM2
SIM3
SIM4
1
21
22
SIM5
SIM1
SIM2
SIM3
SIM4
1
21
22
SIM5
SIM1
SIM2
SIM3
SIM4
1
21
22
SIM5
SIM1
SIM2
SIM3
SIM4
1
21
22
SIM5
SIM1
SIM2
SIM3
SIM4
1
21
22
SIM5
SIM1
SIM2
SIM3
SIM4
1
21
22
SIM5
SIM1
SIM2
SIM3
SIM4
1
21
22
SIM5
SIM1
SIM2
SIM3
SIM4
1
21
22
SIM5
SIM1
SIM2
SIM3
SIM4
1
21
22
SIM5
SIM1
SIM2
SIM3
SIM4
1
21
22
SIM5
SIM1
SIM2
SIM3
SIM4
1
21
22
SIM5
SIM1
SIM2
SIM3
SIM4
1
21
22
SIM5
SIM1
SIM2
SIM3
SIM4
1
21
22
SIM5
SIM1
SIM2
SIM3
SIM4
1
21
22
SIM5
SIM1
SIM2
SIM3
SIM4
1
21
22
SIM5
SIM1
SIM2
SIM3
SIM4
1
21
22
SIM5
SIM1
SIM2
SIM3
SIM4
1
21
22
SIM5
SIM1
SIM2
SIM3
SIM4
1
21
22
SIM5
SIM1
SIM2
SIM3
SIM4
1
21
22
SIM5
SIM1
SIM2
SIM3
SIM4
1
21
22
SIM5
SIM1
SIM2
SIM3
SIM4
1
21
22
SIM5
SIM1
SIM2
SIM3
SIM4
1
21
22
SIM5
SIM1
SIM2
SIM3
SIM4
1
21
22
SIM5
SIM1
SIM2
SIM3
SIM4
1
21
22
SIM5
SIM1
SIM2
SIM3
SIM4
1
21
22
SIM5
SIM1
SIM2
SIM3
SIM4
1
21
22
SIM5
SIM1
SIM2
SIM3
SIM4
1
21
22
SIM5
SIM1
SIM2
SIM3
SIM4
1
21
22
SIM5
SIM1
SIM2
SIM3
SIM4
1
21
22
SIM5
SIM1
SIM2
SIM3
SIM4
1
21
22
SIM5
SIM1
SIM2
SIM3
SIM4
1
21
22
SIM5
SIM1
SIM2
SIM3
SIM4
1
21
22
SIM5
SIM1
SIM2
SIM3
SIM4
1
21
22
SIM5
SIM1
SIM2
SIM3
SIM4
1
21
22
SIM5
SIM1
SIM2
SIM3
SIM4
1
21
22
SIM5
SIM1
SIM2
SIM3
SIM4
1
21
22
SIM5
SIM1
SIM2
SIM3
SIM4
1
21
22
SIM5
SIM1
SIM2
SIM3
SIM4
1
21
22
SIM5
SIM1
SIM2
SIM3
SIM4
1
21
22
SIM5
SIM1
SIM2
SIM3
SIM4
1
21
22
SIM5
SIM1
SIM2
SIM3
SIM4
1
21
22
SIM5
SIM1
SIM2
SIM3
SIM4
1
21
22
SIM5
SIM1
SIM2
SIM3
SIM4
1
21
22
SIM5
SIM1
SIM2
SIM3
SIM4
1
21
22
SIM5
SIM1
SIM2
SIM3
SIM4
1
21
22
SIM5
SIM1
SIM2
SIM3
SIM4
1
21
22
SIM5
SIM1
SIM2
SIM3
SIM4
1
21
22
SIM5
SIM1
SIM2
SIM3
SIM4
1
21
22
SIM5
SIM1
SIM2
SIM3
SIM4
1
21
22
SIM5
SIM1
SIM2
SIM3
SIM4
1
21
22
SIM5
SIM1
SIM2
SIM3
SIM4
1
21
22
SIM5
SIM1
SIM2
SIM3
SIM4
1
21
22
SIM5
SIM1
SIM2
SIM3
SIM4
1
21
22
SIM5
SIM1
SIM2
SIM3
SIM4
1
21
22
SIM5
SIM1
SIM2
SIM3
SIM4
1
21
22
SIM5
SIM1
SIM2
SIM3
SIM4
1
21
22
SIM5
SIM1
SIM2
SIM3
SIM4
1
21
22
SIM5
SIM1
SIM2
SIM3
SIM4
1
21
22
SIM5
SIM1
SIM2
SIM3
SIM4
1
21
22
SIM5
SIM1
SIM2
SIM3
SIM4
1
21
22
SIM5
SIM1
SIM2
SIM3
SIM4
1
21
22
SIM5
SIM1
SIM2
SIM3
SIM4
1
21
22
SIM5
SIM1
SIM2
SIM3
SIM4
1
21
22
SIM5
SIM1
SIM2
SIM3
SIM4
1
21
22
SIM5
SIM1
SIM2
SIM3
SIM4
1
21
22
SIM5
SIM1
SIM2
SIM3
SIM4
1
21
22
SIM5
SIM1
SIM2
SIM3
SIM4
1
21
22
SIM5
SIM1
SIM2
SIM3
SIM4
1
21
22
SIM5
SIM1
SIM2
SIM3
SIM4
1
21
22
SIM5
SIM1
SIM2
SIM3
SIM4
1
21
22
SIM5
SIM1
SIM2
SIM3
SIM4
1
21
22
SIM5
SIM1
SIM2
SIM3
SIM4
1
21
22
SIM5
SIM1
SIM2
SIM3
SIM4
1
21
22
SIM5
SIM1
SIM2
SIM3
SIM4
1
21
22
SIM5
SIM1
SIM2
SIM3
SIM4
1
21
22
SIM5
SIM1
SIM2
SIM3
SIM4
1
21
22
SIM5
SIM1
SIM2
SIM3
SIM4
1
21
22
SIM5
SIM1
SIM2
SIM3
SIM4
1
21
22
SIM5
SIM1
SIM2
SIM3
SIM4
1
21
22
SIM5
SIM1
SIM2
SIM3
SIM4
1
21
22
SIM5
SIM1
SIM2
SIM3
SIM4
1
21
22
SIM5
SIM1
SIM2
SIM3
SIM4
1
21
22
SIM5
SIM1
SIM2
SIM3
SIM4
1
21
22
SIM5
SIM1
SIM2
SIM3
SIM4
1
21
22
SIM5
SIM1
SIM2
SIM3
SIM4
1
21
22
SIM5
SIM1
SIM2
SIM3
SIM4
1
21
22
SIM5
SIM1
SIM2
SIM3
SIM4
1
21
22
SIM5
SIM1
SIM2
SIM3
SIM4
1
21
22
SIM5
SIM1
SIM2
SIM3
SIM4
1
21
22
SIM5
SIM1
SIM2
SIM3
SIM4
1
21
22
SIM5
SIM1
SIM2
SIM3
SIM4
1
21
22
SIM5
SIM1
SIM2
SIM3
SIM4
1
21
22
SIM5
SIM1
SIM2
SIM3
SIM4
1
21
22
SIM5
SIM1
SIM2
SIM3
SIM4
1
21
22
SIM5
SIM1
SIM2
SIM3
SIM4
1
21
22
SIM5
SIM1
SIM2
SIM3
SIM4
1
21
22
SIM5
SIM1
SIM2
SIM3
SIM4
1
21
22
SIM5
SIM1
SIM2
SIM3
SIM4
1
21
22
SIM5
SIM1
SIM2
SIM3
SIM4
1
21
22
SIM5
SIM1
SIM2
SIM3
SIM4
1
21
22
SIM5
SIM1
SIM2
SIM3
SIM4
1
21
22
SIM5
SIM1
SIM2
SIM3
SIM4
1
21
22
SIM5
SIM1
SIM2
SIM3
SIM4
1
21
22
SIM5
SIM1
SIM2
SIM3
SIM4
1
21
22
SIM5
SIM1
SIM2
SIM3
SIM4
1
21
22
SIM5
SIM1
SIM2
SIM3
SIM4
1
21
22
SIM5
SIM1
SIM2
SIM3
SIM4
1
21
22
SIM5
SIM1
SIM2
SIM3
SIM4
1
21
22
SIM5
SIM1
SIM2
SIM3
SIM4
1
21
22
SIM5
SIM1
SIM2
SIM3
SIM4
1
21
22
SIM5
SIM1
SIM2
SIM3
SIM4
1
21
22
SIM5
SIM1
SIM2
SIM3
SIM4
1
21
22
SIM5
SIM1
SIM2
SIM3
SIM4
1
21
22
SIM5
SIM1
SIM2
SIM3
SIM4
1
21
22
SIM5
SIM1
SIM2
SIM3
SIM4
1
21
22
SIM5
SIM1
SIM2
SIM3
SIM4
1
21
22
SIM5
SIM1
SIM2
SIM3
SIM4
1
21
22
SIM5
SIM1
SIM2
SIM3
SIM4
1
21
22
SIM5
SIM1
SIM2
SIM3
SIM4
1
21
22
SIM5
SIM1
SIM2
SIM3
SIM4
1
21
22
SIM5
SIM1
SIM2
SIM3
SIM4
1
21
22
SIM5
SIM1
SIM2
SIM3
SIM4
1
21
22
SIM5
SIM1
SIM2
SIM3
SIM4
1
21
22
SIM5
SIM1
SIM2
SIM3
SIM4
1
21
22
SIM5
SIM1
SIM2
SIM3
SIM4
1
21
22
SIM5
SIM1
SIM2
SIM3
SIM4
1
21
22
SIM5
SIM1
SIM2
SIM3
SIM4
1
21
22
SIM5
SIM1
SIM2
SIM3
SIM4
1
21
22
SIM5
SIM1
SIM2
SIM3
SIM4
1
21
22
SIM5
SIM1
SIM2
SIM3
SIM4
1
21
22
SIM5
SIM1
SIM2
SIM3
SIM4
1
21
22
SIM5
SIM1
SIM2
SIM3
SIM4
1
21
22
SIM5
SIM1
SIM2
SIM3
SIM4
1
21
22
SIM5
SIM1
SIM2
SIM3
SIM4
1
21
22
SIM5
SIM1
SIM2
SIM3
SIM4
1
21
22
SIM5
SIM1
SIM2
SIM3
SIM4
1
21
22
SIM5
SIM1
SIM2
SIM3
SIM4
1
21
22
SIM5
SIM1
SIM2
SIM3
SIM4
1
21
22
SIM5
SIM1
SIM2
SIM3
SIM4
1
21
22
SIM5
SIM1
SIM2
SIM3
SIM4
1
21
22
SIM5
SIM1
SIM2
SIM3
SIM4
1
21
22
SIM5
SIM1
SIM2
SIM3
SIM4
1
21
22
SIM5
SIM1
SIM2
SIM3
SIM4
1
21
22
SIM5
SIM1
SIM2
SIM3
SIM4
1
21
22
SIM5
SIM1
SIM2
SIM3
SIM4
1
21
22
SIM5
SIM1
SIM2
SIM3
SIM4
1
21
22
SIM5
SIM1
SIM2
SIM3
SIM4
1
21
22
SIM5
SIM1
SIM2
SIM3
SIM4
1
21
22
SIM5
SIM1
SIM2
SIM3
SIM4
1
21
22
SIM5
SIM1
SIM2
SIM3
SIM4
1
21
22
SIM5
SIM1
SIM2
SIM3
SIM4
1
21
22
SIM5
SIM1
SIM2
SIM3
SIM4
1
21
22
SIM5
SIM1
SIM2
SIM3
SIM4
1
21
22
SIM5
SIM1
SIM2
SIM3
SIM4
1
21
22
SIM5
SIM1
SIM2
DEBUG 1 14
SIM1
SIM2
SIM3
SIM4
1
21
22
SIM5
SIM1
SIM2
SIM3
SIM4
1
21
22
SIM5
SIM1
SIM2
SIM3
SIM4
1
21
22
SIM5
SIM1
SIM2
SIM3
SIM4
1
21
22
SIM5
SIM1
SIM2
SIM3
SIM4
1
21
22
SIM5
SIM1
SIM2
SIM3
SIM4
1
21
22
SIM5
SIM1
SIM2
SIM3
SIM4
1
21
22
SIM5
SIM1
SIM2
SIM3
SIM4
1
21
22
SIM5
SIM1
SIM2
SIM3
SIM4
1
21
22
SIM5
SIM1
SIM2
SIM3
SIM4
1
21
22
SIM5
SIM1
SIM2
SIM3
SIM4
1
21
22
SIM5
SIM1
SIM2
SIM3
SIM4
1
21
22
SIM5
SIM1
SIM2
SIM3
SIM4
1
21
22
SIM5
SIM1
SIM2
SIM3
SIM4
1
21
22
SIM5
SIM1
SIM2
SIM3
SIM4
1
21
22
SIM5
SIM1
SIM2
SIM3
SIM4
1
21
22
SIM5
SIM1
SIM2
SIM3
SIM4
1
21
22
SIM5
SIM1
SIM2
SIM3
SIM4
1
21
22
SIM5
SIM1
SIM2
SIM3
SIM4
1
21
22
SIM5
SIM1
SIM2
SIM3
SIM4
1
21
22
SIM5
SIM1
SIM2
SIM3
SIM4
1
21
22
SIM5
SIM1
SIM2
SIM3
SIM4
1
21
22
SIM5
SIM1
SIM2
SIM3
SIM4
1
21
22
SIM5
SIM1
SIM2
SIM3
SIM4
1
21
22
SIM5
SIM1
SIM2
SIM3
SIM4
1
21
22
SIM5
SIM1
SIM2
SIM3
SIM4
1
21
22
SIM5
SIM1
SIM2
SIM3
SIM4
1
21
22
SIM5
SIM1
SIM2
SIM3
SIM4
1
21
22
SIM5
SIM1
SIM2
SIM3
SIM4
1
21
22
SIM5
SIM1
SIM2
SIM3
SIM4
1
21
22
SIM5
SIM1
SIM2
SIM3
SIM4
1
21
22
SIM5
SIM1
SIM2
SIM3
SIM4
1
21
22
SIM5
SIM1
SIM2
SIM3
SIM4
1
21
22
SIM5
SIM1
SIM2
SIM3
SIM4
1
21
22
SIM5
SIM1
SIM2
SIM3
SIM4
1
21
22
SIM5
SIM1
SIM2
SIM3
SIM4
1
21
22
SIM5
SIM1
SIM2
SIM3
SIM4
1
21
22
SIM5
SIM1
SIM2
SIM3
SIM4
1
21
22
SIM5
SIM1
SIM2
SIM3
SIM4
1
21
22
SIM5
SIM1
SIM2
SIM3
SIM4
1
21
22
SIM5
SIM1
SIM2
SIM3
SIM4
1
21
22
SIM5
SIM1
SIM2
SIM3
SIM4
1
21
22
SIM5
SIM1
SIM2
SIM3
SIM4
1
21
22
SIM5
SIM1
SIM2
SIM3
SIM4
1
21
22
SIM5
SIM1
SIM2
SIM3
SIM4
1
21
22
SIM5
SIM1
SIM2
SIM3
SIM4
1
21
22
SIM5
SIM1
SIM2
SIM3
SIM4
1
21
22
SIM5
SIM1
SIM2
SIM3
SIM4
1
21
22
SIM5
SIM1
SIM2
SIM3
SIM4
1
21
22
SIM5
SIM1
SIM2
SIM3
SIM4
1
21
22
SIM5
SIM1
SIM2
SIM3
SIM4
1
21
22
SIM5
SIM1
SIM2
SIM3
SIM4
1
21
22
SIM5
SIM1
SIM2
SIM3
SIM4
1
21
22
SIM5
SIM1
SIM2
SIM3
SIM4
1
21
22
SIM5
SIM1
SIM2
SIM3
SIM4
1
21
22
SIM5
SIM1
SIM2
SIM3
SIM4
1
21
22
SIM5
SIM1
SIM2
SIM3
SIM4
1
21
22
SIM5
SIM1
SIM2
SIM3
SIM4
1
21
22
SIM5
SIM1
SIM2
SIM3
SIM4
1
21
22
SIM5
SIM1
SIM2
SIM3
SIM4
1
21
22
SIM5
SIM1
SIM2
SIM3
SIM4
1
21
22
SIM5
SIM1
SIM2
SIM3
SIM4
1
21
22
SIM5
SIM1
SIM2
SIM3
SIM4
1
21
22
SIM5
SIM1
SIM2
SIM3
SIM4
1
21
22
SIM5
SIM1
SIM2
SIM3
SIM4
1
21
22
SIM5
SIM1
SIM2
SIM3
SIM4
1
21
22
SIM5
SIM1
SIM2
SIM3
SIM4
1
21
22
SIM5
SIM1
SIM2
SIM3
SIM4
1
21
22
SIM5
SIM1
SIM2
SIM3
SIM4
1
21
22
SIM5
SIM1
SIM2
SIM3
SIM4
1
21
22
SIM5
SIM1
SIM2
SIM3
SIM4
1
21
22
SIM5
SIM1
SIM2
SIM3
SIM4
1
21
22
SIM5
SIM1
SIM2
SIM3
SIM4
1
21
22
SIM5
SIM1
SIM2
SIM3
SIM4
1
21
22
SIM5
SIM1
SIM2
SIM3
SIM4
1
21
22
SIM5
SIM1
SIM2
SIM3
SIM4
1
21
22
SIM5
SIM1
SIM2
SIM3
SIM4
1
21
22
SIM5
SIM1
SIM2
SIM3
SIM4
1
21
22
SIM5
SIM1
SIM2
SIM3
SIM4
1
21
22
SIM5
SIM1
SIM2
SIM3
SIM4
1
21
22
SIM5
SIM1
SIM2
SIM3
SIM4
1
21
22
SIM5
SIM1
SIM2
SIM3
SIM4
1
21
22
SIM5
SIM1
SIM2
SIM3
SIM4
1
21
22
SIM5
SIM1
SIM2
SIM3
SIM4
1
21
22
SIM5
SIM1
SIM2
SIM3
SIM4
1
21
22
SIM5
SIM1
SIM2
SIM3
SIM4
1
21
22
SIM5
SIM1
SIM2
SIM3
SIM4
1
21
22
SIM5
SIM1
SIM2
SIM3
SIM4
1
21
22
SIM5
SIM1
SIM2
SIM3
SIM4
1
21
22
SIM5
SIM1
SIM2
SIM3
SIM4
1
21
22
SIM5
SIM1
SIM2
SIM3
SIM4
1
21
22
SIM5
SIM1
SIM2
SIM3
SIM4
1
21
22
SIM5
SIM1
SIM2
SIM3
SIM4
1
21
22
SIM5
SIM1
SIM2
SIM3
SIM4
1
21
22
SIM5
SIM1
SIM2
SIM3
SIM4
1
21
22
SIM5
SIM1
SIM2
SIM3
SIM4
1
21
22
SIM5
SIM1
SIM2
SIM3
SIM4
1
21
22
SIM5
SIM1
SIM2
SIM3
SIM4
1
21
22
SIM5
SIM1
SIM2
SIM3
SIM4
1
21
22
SIM5
SIM1
SIM2
DEBUG 1 15
SIM1
SIM2
SIM3
SIM4
1
21
22
SIM5
SIM1
SIM2
SIM3
SIM4
1
21
22
SIM5
SIM1
SIM2
SIM3
SIM4
1
21
22
SIM5
SIM1
SIM2
SIM3
SIM4
1
21
22
SIM5
SIM1
SIM2
SIM3
SIM4
1
21
22
SIM5
SIM1
SIM2
SIM3
SIM4
1
21
22
SIM5
SIM1
SIM2
SIM3
SIM4
1
21
22
SIM5
SIM1
SIM2
SIM3
SIM4
1
21
22
SIM5
SIM1
SIM2
SIM3
SIM4
1
21
22
SIM5
SIM1
SIM2
SIM3
SIM4
1
21
22
SIM5
SIM1
SIM2
SIM3
SIM4
1
21
22
SIM5
SIM1
SIM2
SIM3
SIM4
1
21
22
SIM5
SIM1
SIM2
SIM3
SIM4
1
21
22
SIM5
SIM1
SIM2
SIM3
SIM4
1
21
22
SIM5
SIM1
SIM2
SIM3
SIM4
1
21
22
SIM5
SIM1
SIM2
SIM3
SIM4
1
21
22
SIM5
SIM1
SIM2
SIM3
SIM4
1
21
22
SIM5
SIM1
SIM2
SIM3
SIM4
1
21
22
SIM5
SIM1
SIM2
SIM3
SIM4
1
21
22
SIM5
SIM1
SIM2
SIM3
SIM4
1
21
22
SIM5
SIM1
SIM2
SIM3
SIM4
1
21
22
SIM5
SIM1
SIM2
SIM3
SIM4
1
21
22
SIM5
SIM1
SIM2
SIM3
SIM4
1
21
22
SIM5
SIM1
SIM2
SIM3
SIM4
1
21
22
SIM5
SIM1
SIM2
SIM3
SIM4
1
21
22
SIM5
SIM1
SIM2
SIM3
SIM4
1
21
22
SIM5
SIM1
SIM2
SIM3
SIM4
1
21
22
SIM5
SIM1
SIM2
SIM3
SIM4
1
21
22
SIM5
SIM1
SIM2
SIM3
SIM4
1
21
22
SIM5
SIM1
SIM2
SIM3
SIM4
1
21
22
SIM5
SIM1
SIM2
SIM3
SIM4
1
21
22
SIM5
SIM1
SIM2
SIM3
SIM4
1
21
22
SIM5
SIM1
SIM2
SIM3
SIM4
1
21
22
SIM5
SIM1
SIM2
SIM3
SIM4
1
21
22
SIM5
SIM1
SIM2
SIM3
SIM4
1
21
22
SIM5
SIM1
SIM2
SIM3
SIM4
1
21
22
SIM5
SIM1
SIM2
SIM3
SIM4
1
21
22
SIM5
SIM1
SIM2
SIM3
SIM4
1
21
22
SIM5
SIM1
SIM2
SIM3
SIM4
1
21
22
SIM5
SIM1
SIM2
SIM3
SIM4
1
21
22
SIM5
SIM1
SIM2
SIM3
SIM4
1
21
22
SIM5
SIM1
SIM2
SIM3
SIM4
1
21
22
SIM5
SIM1
SIM2
SIM3
SIM4
1
21
22
SIM5
SIM1
SIM2
SIM3
SIM4
1
21
22
SIM5
SIM1
SIM2
SIM3
SIM4
1
21
22
SIM5
SIM1
SIM2
SIM3
SIM4
1
21
22
SIM5
SIM1
SIM2
SIM3
SIM4
1
21
22
SIM5
SIM1
SIM2
SIM3
SIM4
1
21
22
SIM5
SIM1
SIM2
SIM3
SIM4
1
21
22
SIM5
SIM1
SIM2
SIM3
SIM4
1
21
22
SIM5
SIM1
SIM2
SIM3
SIM4
1
21
22
SIM5
SIM1
SIM2
SIM3
SIM4
1
21
22
SIM5
SIM1
SIM2
SIM3
SIM4
1
21
22
SIM5
SIM1
SIM2
SIM3
SIM4
1
21
22
SIM5
SIM1
SIM2
SIM3
SIM4
1
21
22
SIM5
SIM1
SIM2
SIM3
SIM4
1
21
22
SIM5
SIM1
SIM2
SIM3
SIM4
1
21
22
SIM5
SIM1
SIM2
SIM3
SIM4
1
21
22
SIM5
SIM1
SIM2
SIM3
SIM4
1
21
22
SIM5
SIM1
SIM2
SIM3
SIM4
1
21
22
SIM5
SIM1
SIM2
SIM3
SIM4
1
21
22
SIM5
SIM1
SIM2
SIM3
SIM4
1
21
22
SIM5
SIM1
SIM2
SIM3
SIM4
1
21
22
SIM5
SIM1
SIM2
SIM3
SIM4
1
21
22
SIM5
SIM1
SIM2
SIM3
SIM4
1
21
22
SIM5
SIM1
SIM2
SIM3
SIM4
1
21
22
SIM5
SIM1
SIM2
SIM3
SIM4
1
21
22
SIM5
SIM1
SIM2
SIM3
SIM4
1
21
22
SIM5
SIM1
SIM2
SIM3
SIM4
1
21
22
SIM5
SIM1
SIM2
SIM3
SIM4
1
21
22
SIM5
SIM1
SIM2
SIM3
SIM4
1
21
22
SIM5
SIM1
SIM2
SIM3
SIM4
1
21
22
SIM5
SIM1
SIM2
SIM3
SIM4
1
21
22
SIM5
SIM1
SIM2
SIM3
SIM4
1
21
22
SIM5
SIM1
SIM2
SIM3
SIM4
1
21
22
SIM5
SIM1
SIM2
SIM3
SIM4
1
21
22
SIM5
SIM1
SIM2
SIM3
SIM4
1
21
22
SIM5
SIM1
SIM2
SIM3
SIM4
1
21
22
SIM5
SIM1
SIM2
SIM3
SIM4
1
21
22
SIM5
SIM1
SIM2
SIM3
SIM4
1
21
22
SIM5
SIM1
SIM2
SIM3
SIM4
1
21
22
SIM5
SIM1
SIM2
SIM3
SIM4
1
21
22
SIM5
SIM1
SIM2
SIM3
SIM4
1
21
22
SIM5
SIM1
SIM2
SIM3
SIM4
1
21
22
SIM5
SIM1
SIM2
SIM3
SIM4
1
21
22
SIM5
SIM1
SIM2
SIM3
SIM4
1
21
22
SIM5
SIM1
SIM2
SIM3
SIM4
1
21
22
SIM5
SIM1
SIM2
SIM3
SIM4
1
21
22
SIM5
SIM1
SIM2
SIM3
SIM4
1
21
22
SIM5
SIM1
SIM2
SIM3
SIM4
1
21
22
SIM5
SIM1
SIM2
SIM3
SIM4
1
21
22
SIM5
SIM1
SIM2
SIM3
SIM4
1
21
22
SIM5
SIM1
SIM2
SIM3
SIM4
1
21
22
SIM5
SIM1
SIM2
SIM3
SIM4
1
21
22
SIM5
SIM1
SIM2
SIM3
SIM4
1
21
22
SIM5
SIM1
SIM2
SIM3
SIM4
1
21
22
SIM5
SIM1
SIM2
SIM3
SIM4
1
21
22
SIM5
SIM1
SIM2
SIM3
SIM4
1
21
22
SIM5
SIM1
SIM2
SIM3
SIM4
1
21
22
SIM5
SIM1
SIM2
SIM3
SIM4
1
21
22
SIM5
SIM1
SIM2
SIM3
SIM4
1
21
22
SIM5
SIM1
SIM2
SIM3
SIM4
1
21
22
SIM5
SIM1
SIM2
SIM3
SIM4
1
21
22
SIM5
SIM1
SIM2
SIM3
SIM4
1
21
22
SIM5
SIM1
SIM2
SIM3
SIM4
1
21
22
SIM5
SIM1
SIM2
SIM3
SIM4
1
21
22
SIM5
SIM1
SIM2
SIM3
SIM4
1
21
22
SIM5
SIM1
SIM2
SIM3
SIM4
1
21
22
SIM5
SIM1
SIM2
SIM3
SIM4
1
21
22
SIM5
SIM1
SIM2
SIM3
SIM4
1
21
22
SIM5
SIM1
SIM2
SIM3
SIM4
1
21
22
SIM5
SIM1
SIM2
SIM3
SIM4
1
21
22
SIM5
SIM1
SIM2
SIM3
SIM4
1
21
22
SIM5
SIM1
SIM2
SIM3
SIM4
1
21
22
SIM5
SIM1
SIM2
SIM3
SIM4
1
21
22
SIM5
SIM1
SIM2
SIM3
SIM4
1
21
22
SIM5
SIM1
SIM2
SIM3
SIM4
1
21
22
SIM5
SIM1
SIM2
SIM3
SIM4
1
21
22
SIM5
SIM1
SIM2
SIM3
SIM4
1
21
22
SIM5
SIM1
SIM2
SIM3
SIM4
1
21
22
SIM5
SIM1
SIM2
SIM3
SIM4
1
21
22
SIM5
SIM1
SIM2
SIM3
SIM4
1
21
22
SIM5
SIM1
SIM2
SIM3
SIM4
1
21
22
SIM5
SIM1
SIM2
SIM3
SIM4
1
21
22
SIM5
SIM1
SIM2
SIM3
SIM4
1
21
22
SIM5
SIM1
SIM2
SIM3
SIM4
1
21
22
SIM5
SIM1
SIM2
SIM3
SIM4
1
21
22
SIM5
SIM1
SIM2
SIM3
SIM4
1
21
22
SIM5
SIM1
SIM2
SIM3
SIM4
1
21
22
SIM5
SIM1
SIM2
SIM3
SIM4
1
21
22
SIM5
SIM1
SIM2
SIM3
SIM4
1
21
22
SIM5
SIM1
SIM2
SIM3
SIM4
1
21
22
SIM5
SIM1
SIM2
SIM3
SIM4
1
21
22
SIM5
SIM1
SIM2
SIM3
SIM4
1
21
22
SIM5
SIM1
SIM2
SIM3
SIM4
1
21
22
SIM5
SIM1
SIM2
SIM3
SIM4
1
21
22
SIM5
SIM1
SIM2
SIM3
SIM4
1
21
22
SIM5
SIM1
SIM2
SIM3
SIM4
1
21
22
SIM5
SIM1
SIM2
SIM3
SIM4
1
21
22
SIM5
SIM1
SIM2
SIM3
SIM4
1
21
22
SIM5
SIM1
SIM2
SIM3
SIM4
1
21
22
SIM5
SIM1
SIM2
SIM3
SIM4
1
21
22
SIM5
SIM1
SIM2
SIM3
SIM4
1
21
22
SIM5
SIM1
SIM2
SIM3
SIM4
1
21
22
SIM5
SIM1
SIM2
SIM3
SIM4
1
21
22
SIM5
SIM1
SIM2
SIM3
SIM4
1
21
22
SIM5
SIM1
SIM2
SIM3
SIM4
1
21
22
SIM5
SIM1
SIM2
SIM3
SIM4
1
21
22
SIM5
SIM1
SIM2
SIM3
SIM4
1
21
22
SIM5
SIM1
SIM2
SIM3
SIM4
1
21
22
SIM5
SIM1
SIM2
SIM3
SIM4
1
21
22
SIM5
SIM1
SIM2
SIM3
SIM4
1
21
22
SIM5
SIM1
SIM2
SIM3
SIM4
1
21
22
SIM5
SIM1
SIM2
DEBUG 1 16
SIM1
SIM2
SIM3
SIM4
1
21
22
SIM5
SIM1
SIM2
SIM3
SIM4
1
21
22
SIM5
SIM1
SIM2
SIM3
SIM4
1
21
22
SIM5
SIM1
SIM2
SIM3
SIM4
1
21
22
SIM5
SIM1
SIM2
SIM3
SIM4
1
21
22
SIM5
SIM1
SIM2
SIM3
SIM4
1
21
22
SIM5
SIM1
SIM2
SIM3
SIM4
1
21
22
SIM5
SIM1
SIM2
SIM3
SIM4
1
21
22
SIM5
SIM1
SIM2
SIM3
SIM4
1
21
22
SIM5
SIM1
SIM2
SIM3
SIM4
1
21
22
SIM5
SIM1
SIM2
SIM3
SIM4
1
21
22
SIM5
SIM1
SIM2
SIM3
SIM4
1
21
22
SIM5
SIM1
SIM2
SIM3
SIM4
1
21
22
SIM5
SIM1
SIM2
SIM3
SIM4
1
21
22
SIM5
SIM1
SIM2
SIM3
SIM4
1
21
22
SIM5
SIM1
SIM2
SIM3
SIM4
1
21
22
SIM5
SIM1
SIM2
SIM3
SIM4
1
21
22
SIM5
SIM1
SIM2
SIM3
SIM4
1
21
22
SIM5
SIM1
SIM2
SIM3
SIM4
1
21
22
SIM5
SIM1
SIM2
SIM3
SIM4
1
21
22
SIM5
SIM1
SIM2
SIM3
SIM4
1
21
22
SIM5
SIM1
SIM2
SIM3
SIM4
1
21
22
SIM5
SIM1
SIM2
SIM3
SIM4
1
21
22
SIM5
SIM1
SIM2
SIM3
SIM4
1
21
22
SIM5
SIM1
SIM2
SIM3
SIM4
1
21
22
SIM5
SIM1
SIM2
SIM3
SIM4
1
21
22
SIM5
SIM1
SIM2
SIM3
SIM4
1
21
22
SIM5
SIM1
SIM2
SIM3
SIM4
1
21
22
SIM5
SIM1
SIM2
SIM3
SIM4
1
21
22
SIM5
SIM1
SIM2
SIM3
SIM4
1
21
22
SIM5
SIM1
SIM2
SIM3
SIM4
1
21
22
SIM5
SIM1
SIM2
SIM3
SIM4
1
21
22
SIM5
SIM1
SIM2
SIM3
SIM4
1
21
22
SIM5
SIM1
SIM2
SIM3
SIM4
1
21
22
SIM5
SIM1
SIM2
SIM3
SIM4
1
21
22
SIM5
SIM1
SIM2
SIM3
SIM4
1
21
22
SIM5
SIM1
SIM2
SIM3
SIM4
1
21
22
SIM5
SIM1
SIM2
SIM3
SIM4
1
21
22
SIM5
SIM1
SIM2
SIM3
SIM4
1
21
22
SIM5
SIM1
SIM2
SIM3
SIM4
1
21
22
SIM5
SIM1
SIM2
SIM3
SIM4
1
21
22
SIM5
SIM1
SIM2
SIM3
SIM4
1
21
22
SIM5
SIM1
SIM2
SIM3
SIM4
1
21
22
SIM5
SIM1
SIM2
SIM3
SIM4
1
21
22
SIM5
SIM1
SIM2
SIM3
SIM4
1
21
22
SIM5
SIM1
SIM2
SIM3
SIM4
1
21
22
SIM5
SIM1
SIM2
SIM3
SIM4
1
21
22
SIM5
SIM1
SIM2
SIM3
SIM4
1
21
22
SIM5
SIM1
SIM2
SIM3
SIM4
1
21
22
SIM5
SIM1
SIM2
SIM3
SIM4
1
21
22
SIM5
SIM1
SIM2
SIM3
SIM4
1
21
22
SIM5
SIM1
SIM2
SIM3
SIM4
1
21
22
SIM5
SIM1
SIM2
SIM3
SIM4
1
21
22
SIM5
SIM1
SIM2
SIM3
SIM4
1
21
22
SIM5
SIM1
SIM2
SIM3
SIM4
1
21
22
SIM5
SIM1
SIM2
SIM3
SIM4
1
21
22
SIM5
SIM1
SIM2
SIM3
SIM4
1
21
22
SIM5
SIM1
SIM2
SIM3
SIM4
1
21
22
SIM5
SIM1
SIM2
SIM3
SIM4
1
21
22
SIM5
SIM1
SIM2
SIM3
SIM4
1
21
22
SIM5
SIM1
SIM2
SIM3
SIM4
1
21
22
SIM5
SIM1
SIM2
SIM3
SIM4
1
21
22
SIM5
SIM1
SIM2
SIM3
SIM4
1
21
22
SIM5
SIM1
SIM2
SIM3
SIM4
1
21
22
SIM5
SIM1
SIM2
SIM3
SIM4
1
21
22
SIM5
SIM1
SIM2
SIM3
SIM4
1
21
22
SIM5
SIM1
SIM2
SIM3
SIM4
1
21
22
SIM5
SIM1
SIM2
SIM3
SIM4
1
21
22
SIM5
SIM1
SIM2
SIM3
SIM4
1
21
22
SIM5
SIM1
SIM2
SIM3
SIM4
1
21
22
SIM5
SIM1
SIM2
SIM3
SIM4
1
21
22
SIM5
SIM1
SIM2
SIM3
SIM4
1
21
22
SIM5
SIM1
SIM2
SIM3
SIM4
1
21
22
SIM5
SIM1
SIM2
SIM3
SIM4
1
21
22
SIM5
SIM1
SIM2
SIM3
SIM4
1
21
22
SIM5
SIM1
SIM2
SIM3
SIM4
1
21
22
SIM5
SIM1
SIM2
SIM3
SIM4
1
21
22
SIM5
SIM1
SIM2
SIM3
SIM4
1
21
22
SIM5
SIM1
SIM2
SIM3
SIM4
1
21
22
SIM5
SIM1
SIM2
SIM3
SIM4
1
21
22
SIM5
SIM1
SIM2
SIM3
SIM4
1
21
22
SIM5
SIM1
SIM2
SIM3
SIM4
1
21
22
SIM5
SIM1
SIM2
SIM3
SIM4
1
21
22
SIM5
SIM1
SIM2
SIM3
SIM4
1
21
22
SIM5
SIM1
SIM2
SIM3
SIM4
1
21
22
SIM5
SIM1
SIM2
SIM3
SIM4
1
21
22
SIM5
SIM1
SIM2
SIM3
SIM4
1
21
22
SIM5
SIM1
SIM2
SIM3
SIM4
1
21
22
SIM5
SIM1
SIM2
SIM3
SIM4
1
21
22
SIM5
SIM1
SIM2
SIM3
SIM4
1
21
22
SIM5
SIM1
SIM2
SIM3
SIM4
1
21
22
SIM5
SIM1
SIM2
SIM3
SIM4
1
21
22
SIM5
SIM1
SIM2
SIM3
SIM4
1
21
22
SIM5
SIM1
SIM2
SIM3
SIM4
1
21
22
SIM5
SIM1
SIM2
SIM3
SIM4
1
21
22
SIM5
SIM1
SIM2
SIM3
SIM4
1
21
22
SIM5
SIM1
SIM2
SIM3
SIM4
1
21
22
SIM5
SIM1
SIM2
SIM3
SIM4
1
21
22
SIM5
SIM1
SIM2
SIM3
SIM4
1
21
22
SIM5
SIM1
SIM2
SIM3
SIM4
1
21
22
SIM5
SIM1
SIM2
SIM3
SIM4
1
21
22
SIM5
SIM1
SIM2
SIM3
SIM4
1
21
22
SIM5
SIM1
SIM2
SIM3
SIM4
1
21
22
SIM5
SIM1
SIM2
SIM3
SIM4
1
21
22
SIM5
SIM1
SIM2
SIM3
SIM4
1
21
22
SIM5
SIM1
SIM2
SIM3
SIM4
1
21
22
SIM5
SIM1
SIM2
SIM3
SIM4
1
21
22
SIM5
SIM1
SIM2
SIM3
SIM4
1
21
22
SIM5
SIM1
SIM2
SIM3
SIM4
1
21
22
SIM5
SIM1
SIM2
SIM3
SIM4
1
21
22
SIM5
SIM1
SIM2
SIM3
SIM4
1
21
22
SIM5
SIM1
SIM2
SIM3
SIM4
1
21
22
SIM5
SIM1
SIM2
SIM3
SIM4
1
21
22
SIM5
SIM1
SIM2
SIM3
SIM4
1
21
22
SIM5
SIM1
SIM2
SIM3
SIM4
1
21
22
SIM5
SIM1
SIM2
SIM3
SIM4
1
21
22
SIM5
SIM1
SIM2
SIM3
SIM4
1
21
22
SIM5
SIM1
SIM2
SIM3
SIM4
1
21
22
SIM5
SIM1
SIM2
SIM3
SIM4
1
21
22
SIM5
SIM1
SIM2
SIM3
SIM4
1
21
22
SIM5
SIM1
SIM2
SIM3
SIM4
1
21
22
SIM5
SIM1
SIM2
SIM3
SIM4
1
21
22
SIM5
SIM1
SIM2
SIM3
SIM4
1
21
22
SIM5
SIM1
SIM2
SIM3
SIM4
1
21
22
SIM5
SIM1
SIM2
SIM3
SIM4
1
21
22
SIM5
SIM1
SIM2
SIM3
SIM4
1
21
22
SIM5
SIM1
SIM2
SIM3
SIM4
1
21
22
SIM5
SIM1
SIM2
SIM3
SIM4
1
21
22
SIM5
SIM1
SIM2
SIM3
SIM4
1
21
22
SIM5
SIM1
SIM2
SIM3
SIM4
1
21
22
SIM5
SIM1
SIM2
SIM3
SIM4
1
21
22
SIM5
SIM1
SIM2
SIM3
SIM4
1
21
22
SIM5
SIM1
SIM2
SIM3
SIM4
1
21
22
SIM5
SIM1
SIM2
SIM3
SIM4
1
21
22
SIM5
SIM1
SIM2
SIM3
SIM4
1
21
22
SIM5
SIM1
SIM2
SIM3
SIM4
1
21
22
SIM5
SIM1
SIM2
SIM3
SIM4
1
21
22
SIM5
SIM1
SIM2
SIM3
SIM4
1
21
22
SIM5
SIM1
SIM2
DEBUG 1 17
SIM1
SIM2
SIM3
SIM4
1
21
22
SIM5
SIM1
SIM2
SIM3
SIM4
1
21
22
SIM5
SIM1
SIM2
SIM3
SIM4
1
21
22
SIM5
SIM1
SIM2
SIM3
SIM4
1
21
22
SIM5
SIM1
SIM2
SIM3
SIM4
1
21
22
SIM5
SIM1
SIM2
SIM3
SIM4
1
21
22
SIM5
SIM1
SIM2
SIM3
SIM4
1
21
22
SIM5
SIM1
SIM2
SIM3
SIM4
1
21
22
SIM5
SIM1
SIM2
SIM3
SIM4
1
21
22
SIM5
SIM1
SIM2
SIM3
SIM4
1
21
22
SIM5
SIM1
SIM2
SIM3
SIM4
1
21
22
SIM5
SIM1
SIM2
SIM3
SIM4
1
21
22
SIM5
SIM1
SIM2
SIM3
SIM4
1
21
22
SIM5
SIM1
SIM2
SIM3
SIM4
1
21
22
SIM5
SIM1
SIM2
SIM3
SIM4
1
21
22
SIM5
SIM1
SIM2
SIM3
SIM4
1
21
22
SIM5
SIM1
SIM2
SIM3
SIM4
1
21
22
SIM5
SIM1
SIM2
SIM3
SIM4
1
21
22
SIM5
SIM1
SIM2
SIM3
SIM4
1
21
22
SIM5
SIM1
SIM2
SIM3
SIM4
1
21
22
SIM5
SIM1
SIM2
SIM3
SIM4
1
21
22
SIM5
SIM1
SIM2
SIM3
SIM4
1
21
22
SIM5
SIM1
SIM2
SIM3
SIM4
1
21
22
SIM5
SIM1
SIM2
SIM3
SIM4
1
21
22
SIM5
SIM1
SIM2
SIM3
SIM4
1
21
22
SIM5
SIM1
SIM2
SIM3
SIM4
1
21
22
SIM5
SIM1
SIM2
SIM3
SIM4
1
21
22
SIM5
SIM1
SIM2
SIM3
SIM4
1
21
22
SIM5
SIM1
SIM2
SIM3
SIM4
1
21
22
SIM5
SIM1
SIM2
SIM3
SIM4
1
21
22
SIM5
SIM1
SIM2
SIM3
SIM4
1
21
22
SIM5
SIM1
SIM2
SIM3
SIM4
1
21
22
SIM5
SIM1
SIM2
SIM3
SIM4
1
21
22
SIM5
SIM1
SIM2
SIM3
SIM4
1
21
22
SIM5
SIM1
SIM2
SIM3
SIM4
1
21
22
SIM5
SIM1
SIM2
SIM3
SIM4
1
21
22
SIM5
SIM1
SIM2
SIM3
SIM4
1
21
22
SIM5
SIM1
SIM2
SIM3
SIM4
1
21
22
SIM5
SIM1
SIM2
SIM3
SIM4
1
21
22
SIM5
SIM1
SIM2
SIM3
SIM4
1
21
22
SIM5
SIM1
SIM2
SIM3
SIM4
1
21
22
SIM5
SIM1
SIM2
SIM3
SIM4
1
21
22
SIM5
SIM1
SIM2
SIM3
SIM4
1
21
22
SIM5
SIM1
SIM2
SIM3
SIM4
1
21
22
SIM5
SIM1
SIM2
SIM3
SIM4
1
21
22
SIM5
SIM1
SIM2
SIM3
SIM4
1
21
22
SIM5
SIM1
SIM2
SIM3
SIM4
1
21
22
SIM5
SIM1
SIM2
SIM3
SIM4
1
21
22
SIM5
SIM1
SIM2
SIM3
SIM4
1
21
22
SIM5
SIM1
SIM2
SIM3
SIM4
1
21
22
SIM5
SIM1
SIM2
SIM3
SIM4
1
21
22
SIM5
SIM1
SIM2
SIM3
SIM4
1
21
22
SIM5
SIM1
SIM2
SIM3
SIM4
1
21
22
SIM5
SIM1
SIM2
SIM3
SIM4
1
21
22
SIM5
SIM1
SIM2
SIM3
SIM4
1
21
22
SIM5
SIM1
SIM2
SIM3
SIM4
1
21
22
SIM5
SIM1
SIM2
SIM3
SIM4
1
21
22
SIM5
SIM1
SIM2
SIM3
SIM4
1
21
22
SIM5
SIM1
SIM2
SIM3
SIM4
1
21
22
SIM5
SIM1
SIM2
SIM3
SIM4
1
21
22
SIM5
SIM1
SIM2
SIM3
SIM4
1
21
22
SIM5
SIM1
SIM2
SIM3
SIM4
1
21
22
SIM5
SIM1
SIM2
SIM3
SIM4
1
21
22
SIM5
SIM1
SIM2
SIM3
SIM4
1
21
22
SIM5
SIM1
SIM2
SIM3
SIM4
1
21
22
SIM5
SIM1
SIM2
SIM3
SIM4
1
21
22
SIM5
SIM1
SIM2
SIM3
SIM4
1
21
22
SIM5
SIM1
SIM2
SIM3
SIM4
1
21
22
SIM5
SIM1
SIM2
SIM3
SIM4
1
21
22
SIM5
SIM1
SIM2
SIM3
SIM4
1
21
22
SIM5
SIM1
SIM2
SIM3
SIM4
1
21
22
SIM5
SIM1
SIM2
SIM3
SIM4
1
21
22
SIM5
SIM1
SIM2
SIM3
SIM4
1
21
22
SIM5
SIM1
SIM2
SIM3
SIM4
1
21
22
SIM5
SIM1
SIM2
SIM3
SIM4
1
21
22
SIM5
SIM1
SIM2
SIM3
SIM4
1
21
22
SIM5
SIM1
SIM2
SIM3
SIM4
1
21
22
SIM5
SIM1
SIM2
SIM3
SIM4
1
21
22
SIM5
SIM1
SIM2
SIM3
SIM4
1
21
22
SIM5
SIM1
SIM2
SIM3
SIM4
1
21
22
SIM5
SIM1
SIM2
SIM3
SIM4
1
21
22
SIM5
SIM1
SIM2
SIM3
SIM4
1
21
22
SIM5
SIM1
SIM2
SIM3
SIM4
1
21
22
SIM5
SIM1
SIM2
SIM3
SIM4
1
21
22
SIM5
SIM1
SIM2
SIM3
SIM4
1
21
22
SIM5
SIM1
SIM2
SIM3
SIM4
1
21
22
SIM5
SIM1
SIM2
SIM3
SIM4
1
21
22
SIM5
SIM1
SIM2
SIM3
SIM4
1
21
22
SIM5
SIM1
SIM2
SIM3
SIM4
1
21
22
SIM5
SIM1
SIM2
SIM3
SIM4
1
21
22
SIM5
SIM1
SIM2
SIM3
SIM4
1
21
22
SIM5
SIM1
SIM2
SIM3
SIM4
1
21
22
SIM5
SIM1
SIM2
SIM3
SIM4
1
21
22
SIM5
SIM1
SIM2
SIM3
SIM4
1
21
22
SIM5
SIM1
SIM2
SIM3
SIM4
1
21
22
SIM5
SIM1
SIM2
SIM3
SIM4
1
21
22
SIM5
SIM1
SIM2
SIM3
SIM4
1
21
22
SIM5
SIM1
SIM2
SIM3
SIM4
1
21
22
SIM5
SIM1
SIM2
SIM3
SIM4
1
21
22
SIM5
SIM1
SIM2
SIM3
SIM4
1
21
22
SIM5
SIM1
SIM2
SIM3
SIM4
1
21
22
SIM5
SIM1
SIM2
SIM3
SIM4
1
21
22
SIM5
SIM1
SIM2
SIM3
SIM4
1
21
22
SIM5
SIM1
SIM2
SIM3
SIM4
1
21
22
SIM5
SIM1
SIM2
SIM3
SIM4
1
21
22
SIM5
SIM1
SIM2
SIM3
SIM4
1
21
22
SIM5
SIM1
SIM2
SIM3
SIM4
1
21
22
SIM5
SIM1
SIM2
SIM3
SIM4
1
21
22
SIM5
SIM1
SIM2
SIM3
SIM4
1
21
22
SIM5
SIM1
SIM2
SIM3
SIM4
1
21
22
SIM5
SIM1
SIM2
SIM3
SIM4
1
21
22
SIM5
SIM1
SIM2
SIM3
SIM4
1
21
22
SIM5
SIM1
SIM2
SIM3
SIM4
1
21
22
SIM5
SIM1
SIM2
SIM3
SIM4
1
21
22
SIM5
SIM1
SIM2
SIM3
SIM4
1
21
22
SIM5
SIM1
SIM2
SIM3
SIM4
1
21
22
SIM5
SIM1
SIM2
SIM3
SIM4
1
21
22
SIM5
SIM1
SIM2
SIM3
SIM4
1
21
22
SIM5
SIM1
SIM2
SIM3
SIM4
1
21
22
SIM5
SIM1
SIM2
SIM3
SIM4
1
21
22
SIM5
SIM1
SIM2
SIM3
SIM4
1
21
22
SIM5
SIM1
SIM2
SIM3
SIM4
1
21
22
SIM5
SIM1
SIM2
SIM3
SIM4
1
21
22
SIM5
SIM1
SIM2
SIM3
SIM4
1
21
22
SIM5
SIM1
SIM2
SIM3
SIM4
1
21
22
SIM5
SIM1
SIM2
SIM3
SIM4
1
21
22
SIM5
SIM1
SIM2
SIM3
SIM4
1
21
22
SIM5
SIM1
SIM2
SIM3
SIM4
1
21
22
SIM5
SIM1
SIM2
DEBUG 1 18
SIM1
SIM2
SIM3
SIM4
1
21
22
SIM5
SIM1
SIM2
SIM3
SIM4
1
21
22
SIM5
SIM1
SIM2
SIM3
SIM4
1
21
22
SIM5
SIM1
SIM2
SIM3
SIM4
1
21
22
SIM5
SIM1
SIM2
SIM3
SIM4
1
21
22
SIM5
SIM1
SIM2
SIM3
SIM4
1
21
22
SIM5
SIM1
SIM2
SIM3
SIM4
1
21
22
SIM5
SIM1
SIM2
SIM3
SIM4
1
21
22
SIM5
SIM1
SIM2
SIM3
SIM4
1
21
22
SIM5
SIM1
SIM2
SIM3
SIM4
1
21
22
SIM5
SIM1
SIM2
SIM3
SIM4
1
21
22
SIM5
SIM1
SIM2
SIM3
SIM4
1
21
22
SIM5
SIM1
SIM2
SIM3
SIM4
1
21
22
SIM5
SIM1
SIM2
SIM3
SIM4
1
21
22
SIM5
SIM1
SIM2
SIM3
SIM4
1
21
22
SIM5
SIM1
SIM2
SIM3
SIM4
1
21
22
SIM5
SIM1
SIM2
SIM3
SIM4
1
21
22
SIM5
SIM1
SIM2
SIM3
SIM4
1
21
22
SIM5
SIM1
SIM2
SIM3
SIM4
1
21
22
SIM5
SIM1
SIM2
SIM3
SIM4
1
21
22
SIM5
SIM1
SIM2
SIM3
SIM4
1
21
22
SIM5
SIM1
SIM2
SIM3
SIM4
1
21
22
SIM5
SIM1
SIM2
SIM3
SIM4
1
21
22
SIM5
SIM1
SIM2
SIM3
SIM4
1
21
22
SIM5
SIM1
SIM2
SIM3
SIM4
1
21
22
SIM5
SIM1
SIM2
SIM3
SIM4
1
21
22
SIM5
SIM1
SIM2
SIM3
SIM4
1
21
22
SIM5
SIM1
SIM2
SIM3
SIM4
1
21
22
SIM5
SIM1
SIM2
SIM3
SIM4
1
21
22
SIM5
SIM1
SIM2
SIM3
SIM4
1
21
22
SIM5
SIM1
SIM2
SIM3
SIM4
1
21
22
SIM5
SIM1
SIM2
SIM3
SIM4
1
21
22
SIM5
SIM1
SIM2
SIM3
SIM4
1
21
22
SIM5
SIM1
SIM2
SIM3
SIM4
1
21
22
SIM5
SIM1
SIM2
SIM3
SIM4
1
21
22
SIM5
SIM1
SIM2
SIM3
SIM4
1
21
22
SIM5
SIM1
SIM2
SIM3
SIM4
1
21
22
SIM5
SIM1
SIM2
SIM3
SIM4
1
21
22
SIM5
SIM1
SIM2
SIM3
SIM4
1
21
22
SIM5
SIM1
SIM2
SIM3
SIM4
1
21
22
SIM5
SIM1
SIM2
SIM3
SIM4
1
21
22
SIM5
SIM1
SIM2
SIM3
SIM4
1
21
22
SIM5
SIM1
SIM2
SIM3
SIM4
1
21
22
SIM5
SIM1
SIM2
SIM3
SIM4
1
21
22
SIM5
SIM1
SIM2
SIM3
SIM4
1
21
22
SIM5
SIM1
SIM2
SIM3
SIM4
1
21
22
SIM5
SIM1
SIM2
SIM3
SIM4
1
21
22
SIM5
SIM1
SIM2
SIM3
SIM4
1
21
22
SIM5
SIM1
SIM2
SIM3
SIM4
1
21
22
SIM5
SIM1
SIM2
SIM3
SIM4
1
21
22
SIM5
SIM1
SIM2
SIM3
SIM4
1
21
22
SIM5
SIM1
SIM2
SIM3
SIM4
1
21
22
SIM5
SIM1
SIM2
SIM3
SIM4
1
21
22
SIM5
SIM1
SIM2
SIM3
SIM4
1
21
22
SIM5
SIM1
SIM2
SIM3
SIM4
1
21
22
SIM5
SIM1
SIM2
SIM3
SIM4
1
21
22
SIM5
SIM1
SIM2
SIM3
SIM4
1
21
22
SIM5
SIM1
SIM2
SIM3
SIM4
1
21
22
SIM5
SIM1
SIM2
SIM3
SIM4
1
21
22
SIM5
SIM1
SIM2
SIM3
SIM4
1
21
22
SIM5
SIM1
SIM2
SIM3
SIM4
1
21
22
SIM5
SIM1
SIM2
SIM3
SIM4
1
21
22
SIM5
SIM1
SIM2
SIM3
SIM4
1
21
22
SIM5
SIM1
SIM2
SIM3
SIM4
1
21
22
SIM5
SIM1
SIM2
SIM3
SIM4
1
21
22
SIM5
SIM1
SIM2
SIM3
SIM4
1
21
22
SIM5
SIM1
SIM2
SIM3
SIM4
1
21
22
SIM5
SIM1
SIM2
SIM3
SIM4
1
21
22
SIM5
SIM1
SIM2
SIM3
SIM4
1
21
22
SIM5
SIM1
SIM2
SIM3
SIM4
1
21
22
SIM5
SIM1
SIM2
SIM3
SIM4
1
21
22
SIM5
SIM1
SIM2
SIM3
SIM4
1
21
22
SIM5
SIM1
SIM2
SIM3
SIM4
1
21
22
SIM5
SIM1
SIM2
SIM3
SIM4
1
21
22
SIM5
SIM1
SIM2
SIM3
SIM4
1
21
22
SIM5
SIM1
SIM2
SIM3
SIM4
1
21
22
SIM5
SIM1
SIM2
SIM3
SIM4
1
21
22
SIM5
SIM1
SIM2
SIM3
SIM4
1
21
22
SIM5
SIM1
SIM2
SIM3
SIM4
1
21
22
SIM5
SIM1
SIM2
SIM3
SIM4
1
21
22
SIM5
SIM1
SIM2
SIM3
SIM4
1
21
22
SIM5
SIM1
SIM2
SIM3
SIM4
1
21
22
SIM5
SIM1
SIM2
SIM3
SIM4
1
21
22
SIM5
SIM1
SIM2
SIM3
SIM4
1
21
22
SIM5
SIM1
SIM2
SIM3
SIM4
1
21
22
SIM5
SIM1
SIM2
SIM3
SIM4
1
21
22
SIM5
SIM1
SIM2
SIM3
SIM4
1
21
22
SIM5
SIM1
SIM2
SIM3
SIM4
1
21
22
SIM5
SIM1
SIM2
SIM3
SIM4
1
21
22
SIM5
SIM1
SIM2
DEBUG 1 19
SIM1
SIM2
SIM3
SIM4
1
21
22
SIM5
SIM1
SIM2
SIM3
SIM4
1
21
22
SIM5
SIM1
SIM2
SIM3
SIM4
1
21
22
SIM5
SIM1
SIM2
SIM3
SIM4
1
21
22
SIM5
SIM1
SIM2
SIM3
SIM4
1
21
22
SIM5
SIM1
SIM2
SIM3
SIM4
1
21
22
SIM5
SIM1
SIM2
SIM3
SIM4
1
21
22
SIM5
SIM1
SIM2
SIM3
SIM4
1
21
22
SIM5
SIM1
SIM2
SIM3
SIM4
1
21
22
SIM5
SIM1
SIM2
SIM3
SIM4
1
21
22
SIM5
SIM1
SIM2
SIM3
SIM4
1
21
22
SIM5
SIM1
SIM2
SIM3
SIM4
1
21
22
SIM5
SIM1
SIM2
SIM3
SIM4
1
21
22
SIM5
SIM1
SIM2
SIM3
SIM4
1
21
22
SIM5
SIM1
SIM2
SIM3
SIM4
1
21
22
SIM5
SIM1
SIM2
SIM3
SIM4
1
21
22
SIM5
SIM1
SIM2
SIM3
SIM4
1
21
22
SIM5
SIM1
SIM2
SIM3
SIM4
1
21
22
SIM5
SIM1
SIM2
SIM3
SIM4
1
21
22
SIM5
SIM1
SIM2
SIM3
SIM4
1
21
22
SIM5
SIM1
SIM2
SIM3
SIM4
1
21
22
SIM5
SIM1
SIM2
SIM3
SIM4
1
21
22
SIM5
SIM1
SIM2
SIM3
SIM4
1
21
22
SIM5
SIM1
SIM2
SIM3
SIM4
1
21
22
SIM5
SIM1
SIM2
SIM3
SIM4
1
21
22
SIM5
SIM1
SIM2
SIM3
SIM4
1
21
22
SIM5
SIM1
SIM2
SIM3
SIM4
1
21
22
SIM5
SIM1
SIM2
SIM3
SIM4
1
21
22
SIM5
SIM1
SIM2
SIM3
SIM4
1
21
22
SIM5
SIM1
SIM2
SIM3
SIM4
1
21
22
SIM5
SIM1
SIM2
SIM3
SIM4
1
21
22
SIM5
SIM1
SIM2
SIM3
SIM4
1
21
22
SIM5
SIM1
SIM2
SIM3
SIM4
1
21
22
SIM5
SIM1
SIM2
SIM3
SIM4
1
21
22
SIM5
SIM1
SIM2
SIM3
SIM4
1
21
22
SIM5
SIM1
SIM2
SIM3
SIM4
1
21
22
SIM5
SIM1
SIM2
SIM3
SIM4
1
21
22
SIM5
SIM1
SIM2
SIM3
SIM4
1
21
22
SIM5
SIM1
SIM2
SIM3
SIM4
1
21
22
SIM5
SIM1
SIM2
SIM3
SIM4
1
21
22
SIM5
SIM1
SIM2
SIM3
SIM4
1
21
22
SIM5
SIM1
SIM2
SIM3
SIM4
1
21
22
SIM5
SIM1
SIM2
SIM3
SIM4
1
21
22
SIM5
SIM1
SIM2
SIM3
SIM4
1
21
22
SIM5
SIM1
SIM2
SIM3
SIM4
1
21
22
SIM5
SIM1
SIM2
SIM3
SIM4
1
21
22
SIM5
SIM1
SIM2
SIM3
SIM4
1
21
22
SIM5
SIM1
SIM2
SIM3
SIM4
1
21
22
SIM5
SIM1
SIM2
SIM3
SIM4
1
21
22
SIM5
SIM1
SIM2
SIM3
SIM4
1
21
22
SIM5
SIM1
SIM2
SIM3
SIM4
1
21
22
SIM5
SIM1
SIM2
SIM3
SIM4
1
21
22
SIM5
SIM1
SIM2
SIM3
SIM4
1
21
22
SIM5
SIM1
SIM2
SIM3
SIM4
1
21
22
SIM5
SIM1
SIM2
SIM3
SIM4
1
21
22
SIM5
SIM1
SIM2
SIM3
SIM4
1
21
22
SIM5
SIM1
SIM2
SIM3
SIM4
1
21
22
SIM5
SIM1
SIM2
SIM3
SIM4
1
21
22
SIM5
SIM1
SIM2
SIM3
SIM4
1
21
22
SIM5
SIM1
SIM2
SIM3
SIM4
1
21
22
SIM5
SIM1
SIM2
SIM3
SIM4
1
21
22
SIM5
SIM1
SIM2
SIM3
SIM4
1
21
22
SIM5
SIM1
SIM2
SIM3
SIM4
1
21
22
SIM5
SIM1
SIM2
SIM3
SIM4
1
21
22
SIM5
SIM1
SIM2
SIM3
SIM4
1
21
22
SIM5
SIM1
SIM2
SIM3
SIM4
1
21
22
SIM5
SIM1
SIM2
SIM3
SIM4
1
21
22
SIM5
SIM1
SIM2
SIM3
SIM4
1
21
22
SIM5
SIM1
SIM2
SIM3
SIM4
1
21
22
SIM5
SIM1
SIM2
SIM3
SIM4
1
21
22
SIM5
SIM1
SIM2
SIM3
SIM4
1
21
22
SIM5
SIM1
SIM2
SIM3
SIM4
1
21
22
SIM5
SIM1
SIM2
SIM3
SIM4
1
21
22
SIM5
SIM1
SIM2
SIM3
SIM4
1
21
22
SIM5
SIM1
SIM2
SIM3
SIM4
1
21
22
SIM5
SIM1
SIM2
SIM3
SIM4
1
21
22
SIM5
SIM1
SIM2
SIM3
SIM4
1
21
22
SIM5
SIM1
SIM2
SIM3
SIM4
1
21
22
SIM5
SIM1
SIM2
SIM3
SIM4
1
21
22
SIM5
SIM1
SIM2
SIM3
SIM4
1
21
22
SIM5
SIM1
SIM2
SIM3
SIM4
1
21
22
SIM5
SIM1
SIM2
SIM3
SIM4
1
21
22
SIM5
SIM1
SIM2
SIM3
SIM4
1
21
22
SIM5
SIM1
SIM2
SIM3
SIM4
1
21
22
SIM5
SIM1
SIM2
SIM3
SIM4
1
21
22
SIM5
SIM1
SIM2
SIM3
SIM4
1
21
22
SIM5
SIM1
SIM2
SIM3
SIM4
1
21
22
SIM5
SIM1
SIM2
SIM3
SIM4
1
21
22
SIM5
SIM1
SIM2
SIM3
SIM4
1
21
22
SIM5
SIM1
SIM2
SIM3
SIM4
1
21
22
SIM5
SIM1
SIM2
SIM3
SIM4
1
21
22
SIM5
SIM1
SIM2
SIM3
SIM4
1
21
22
SIM5
SIM1
SIM2
SIM3
SIM4
1
21
22
SIM5
SIM1
SIM2
SIM3
SIM4
1
21
22
SIM5
SIM1
SIM2
SIM3
SIM4
1
21
22
SIM5
SIM1
SIM2
SIM3
SIM4
1
21
22
SIM5
SIM1
SIM2
SIM3
SIM4
1
21
22
SIM5
SIM1
SIM2
SIM3
SIM4
1
21
22
SIM5
SIM1
SIM2
SIM3
SIM4
1
21
22
SIM5
SIM1
SIM2
SIM3
SIM4
1
21
22
SIM5
SIM1
SIM2
SIM3
SIM4
1
21
22
SIM5
SIM1
SIM2
SIM3
SIM4
1
21
22
SIM5
SIM1
SIM2
SIM3
SIM4
1
21
22
SIM5
SIM1
SIM2
SIM3
SIM4
1
21
22
SIM5
SIM1
SIM2
SIM3
SIM4
1
21
22
SIM5
SIM1
SIM2
SIM3
SIM4
1
21
22
SIM5
SIM1
SIM2
SIM3
SIM4
1
21
22
SIM5
SIM1
SIM2
SIM3
SIM4
1
21
22
SIM5
SIM1
SIM2
SIM3
SIM4
1
21
22
SIM5
SIM1
SIM2
SIM3
SIM4
1
21
22
SIM5
SIM1
SIM2
SIM3
SIM4
1
21
22
SIM5
SIM1
SIM2
SIM3
SIM4
1
21
22
SIM5
SIM1
SIM2
SIM3
SIM4
1
21
22
SIM5
SIM1
SIM2
SIM3
SIM4
1
21
22
SIM5
SIM1
SIM2
SIM3
SIM4
1
21
22
SIM5
SIM1
SIM2
SIM3
SIM4
1
21
22
SIM5
SIM1
SIM2
SIM3
SIM4
1
21
22
SIM5
SIM1
SIM2
SIM3
SIM4
1
21
22
SIM5
SIM1
SIM2
SIM3
SIM4
1
21
22
SIM5
SIM1
SIM2
SIM3
SIM4
1
21
22
SIM5
SIM1
SIM2
SIM3
SIM4
1
21
22
SIM5
SIM1
SIM2
SIM3
SIM4
1
21
22
SIM5
SIM1
SIM2
SIM3
SIM4
1
21
22
SIM5
SIM1
SIM2
SIM3
SIM4
1
21
22
SIM5
SIM1
SIM2
SIM3
SIM4
1
21
22
SIM5
SIM1
SIM2
SIM3
SIM4
1
21
22
SIM5
SIM1
SIM2
SIM3
SIM4
1
21
22
SIM5
SIM1
SIM2
SIM3
SIM4
1
21
22
SIM5
SIM1
SIM2
SIM3
SIM4
1
21
22
SIM5
SIM1
SIM2
SIM3
SIM4
1
21
22
SIM5
SIM1
SIM2
SIM3
SIM4
1
21
22
SIM5
SIM1
SIM2
SIM3
SIM4
1
21
22
SIM5
SIM1
SIM2
SIM3
SIM4
1
21
22
SIM5
SIM1
SIM2
SIM3
SIM4
1
21
22
SIM5
SIM1
SIM2
SIM3
SIM4
1
21
22
SIM5
SIM1
SIM2
SIM3
SIM4
1
21
22
SIM5
SIM1
SIM2
SIM3
SIM4
1
21
22
SIM5
SIM1
SIM2
SIM3
SIM4
1
21
22
SIM5
SIM1
SIM2
SIM3
SIM4
1
21
22
SIM5
SIM1
SIM2
SIM3
SIM4
1
21
22
SIM5
SIM1
SIM2
SIM3
SIM4
1
21
22
SIM5
SIM1
SIM2
SIM3
SIM4
1
21
22
SIM5
SIM1
SIM2
SIM3
SIM4
1
21
22
SIM5
SIM1
SIM2
SIM3
SIM4
1
21
22
SIM5
SIM1
SIM2
SIM3
SIM4
1
21
22
SIM5
SIM1
SIM2
SIM3
SIM4
1
21
22
SIM5
SIM1
SIM2
SIM3
SIM4
1
21
22
SIM5
SIM1
SIM2
SIM3
SIM4
1
21
22
SIM5
SIM1
SIM2
SIM3
SIM4
1
21
22
SIM5
SIM1
SIM2
SIM3
SIM4
1
21
22
SIM5
SIM1
SIM2
SIM3
SIM4
1
21
22
SIM5
SIM1
SIM2
SIM3
SIM4
1
21
22
SIM5
SIM1
SIM2
SIM3
SIM4
1
21
22
SIM5
SIM1
SIM2
SIM3
SIM4
1
21
22
SIM5
SIM1
SIM2
SIM3
SIM4
1
21
22
SIM5
SIM1
SIM2
SIM3
SIM4
1
21
22
SIM5
SIM1
SIM2
SIM3
SIM4
1
21
22
SIM5
SIM1
SIM2
SIM3
SIM4
1
21
22
SIM5
SIM1
SIM2
SIM3
SIM4
1
21
22
SIM5
SIM1
SIM2
SIM3
SIM4
1
21
22
SIM5
SIM1
SIM2
SIM3
SIM4
1
21
22
SIM5
SIM1
SIM2
SIM3
SIM4
1
21
22
SIM5
SIM1
SIM2
SIM3
SIM4
1
21
22
SIM5
SIM1
SIM2
SIM3
SIM4
1
21
22
SIM5
SIM1
SIM2
SIM3
SIM4
1
21
22
SIM5
SIM1
SIM2
SIM3
SIM4
1
21
22
SIM5
SIM1
SIM2
SIM3
SIM4
1
21
22
SIM5
SIM1
SIM2
SIM3
SIM4
1
21
22
SIM5
SIM1
SIM2
SIM3
SIM4
1
21
22
SIM5
SIM1
SIM2
SIM3
SIM4
1
21
22
SIM5
SIM1
SIM2
SIM3
SIM4
1
21
22
SIM5
SIM1
SIM2
SIM3
SIM4
1
21
22
SIM5
SIM1
SIM2
SIM3
SIM4
1
21
22
SIM5
SIM1
SIM2
DEBUG 1 20
SIM1
SIM2
SIM3
SIM4
1
21
22
SIM5
SIM1
SIM2
SIM3
SIM4
1
21
22
SIM5
SIM1
SIM2
SIM3
SIM4
1
21
22
SIM5
SIM1
SIM2
SIM3
SIM4
1
21
22
SIM5
SIM1
SIM2
SIM3
SIM4
1
21
22
SIM5
SIM1
SIM2
SIM3
SIM4
1
21
22
SIM5
SIM1
SIM2
SIM3
SIM4
1
21
22
SIM5
SIM1
SIM2
SIM3
SIM4
1
21
22
SIM5
SIM1
SIM2
SIM3
SIM4
1
21
22
SIM5
SIM1
SIM2
SIM3
SIM4
1
21
22
SIM5
SIM1
SIM2
SIM3
SIM4
1
21
22
SIM5
SIM1
SIM2
SIM3
SIM4
1
21
22
SIM5
SIM1
SIM2
SIM3
SIM4
1
21
22
SIM5
SIM1
SIM2
SIM3
SIM4
1
21
22
SIM5
SIM1
SIM2
SIM3
SIM4
1
21
22
SIM5
SIM1
SIM2
SIM3
SIM4
1
21
22
SIM5
SIM1
SIM2
SIM3
SIM4
1
21
22
SIM5
SIM1
SIM2
SIM3
SIM4
1
21
22
SIM5
SIM1
SIM2
SIM3
SIM4
1
21
22
SIM5
SIM1
SIM2
SIM3
SIM4
1
21
22
SIM5
SIM1
SIM2
SIM3
SIM4
1
21
22
SIM5
SIM1
SIM2
SIM3
SIM4
1
21
22
SIM5
SIM1
SIM2
SIM3
SIM4
1
21
22
SIM5
SIM1
SIM2
SIM3
SIM4
1
21
22
SIM5
SIM1
SIM2
SIM3
SIM4
1
21
22
SIM5
SIM1
SIM2
SIM3
SIM4
1
21
22
SIM5
SIM1
SIM2
SIM3
SIM4
1
21
22
SIM5
SIM1
SIM2
SIM3
SIM4
1
21
22
SIM5
SIM1
SIM2
SIM3
SIM4
1
21
22
SIM5
SIM1
SIM2
SIM3
SIM4
1
21
22
SIM5
SIM1
SIM2
SIM3
SIM4
1
21
22
SIM5
SIM1
SIM2
SIM3
SIM4
1
21
22
SIM5
SIM1
SIM2
SIM3
SIM4
1
21
22
SIM5
SIM1
SIM2
SIM3
SIM4
1
21
22
SIM5
SIM1
SIM2
SIM3
SIM4
1
21
22
SIM5
SIM1
SIM2
SIM3
SIM4
1
21
22
SIM5
SIM1
SIM2
SIM3
SIM4
1
21
22
SIM5
SIM1
SIM2
SIM3
SIM4
1
21
22
SIM5
SIM1
SIM2
SIM3
SIM4
1
21
22
SIM5
SIM1
SIM2
SIM3
SIM4
1
21
22
SIM5
SIM1
SIM2
SIM3
SIM4
1
21
22
SIM5
SIM1
SIM2
SIM3
SIM4
1
21
22
SIM5
SIM1
SIM2
SIM3
SIM4
1
21
22
SIM5
SIM1
SIM2
SIM3
SIM4
1
21
22
SIM5
SIM1
SIM2
SIM3
SIM4
1
21
22
SIM5
SIM1
SIM2
SIM3
SIM4
1
21
22
SIM5
SIM1
SIM2
SIM3
SIM4
1
21
22
SIM5
SIM1
SIM2
SIM3
SIM4
1
21
22
SIM5
SIM1
SIM2
SIM3
SIM4
1
21
22
SIM5
SIM1
SIM2
SIM3
SIM4
1
21
22
SIM5
SIM1
SIM2
SIM3
SIM4
1
21
22
SIM5
SIM1
SIM2
SIM3
SIM4
1
21
22
SIM5
SIM1
SIM2
SIM3
SIM4
1
21
22
SIM5
SIM1
SIM2
SIM3
SIM4
1
21
22
SIM5
SIM1
SIM2
SIM3
SIM4
1
21
22
SIM5
SIM1
SIM2
SIM3
SIM4
1
21
22
SIM5
SIM1
SIM2
SIM3
SIM4
1
21
22
SIM5
SIM1
SIM2
SIM3
SIM4
1
21
22
SIM5
SIM1
SIM2
SIM3
SIM4
1
21
22
SIM5
SIM1
SIM2
SIM3
SIM4
1
21
22
SIM5
SIM1
SIM2
SIM3
SIM4
1
21
22
SIM5
SIM1
SIM2
SIM3
SIM4
1
21
22
SIM5
SIM1
SIM2
SIM3
SIM4
1
21
22
SIM5
SIM1
SIM2
SIM3
SIM4
1
21
22
SIM5
SIM1
SIM2
SIM3
SIM4
1
21
22
SIM5
SIM1
SIM2
SIM3
SIM4
1
21
22
SIM5
SIM1
SIM2
SIM3
SIM4
1
21
22
SIM5
SIM1
SIM2
SIM3
SIM4
1
21
22
SIM5
SIM1
SIM2
SIM3
SIM4
1
21
22
SIM5
SIM1
SIM2
SIM3
SIM4
1
21
22
SIM5
SIM1
SIM2
SIM3
SIM4
1
21
22
SIM5
SIM1
SIM2
SIM3
SIM4
1
21
22
SIM5
SIM1
SIM2
SIM3
SIM4
1
21
22
SIM5
SIM1
SIM2
SIM3
SIM4
1
21
22
SIM5
SIM1
SIM2
SIM3
SIM4
1
21
22
SIM5
SIM1
SIM2
SIM3
SIM4
1
21
22
SIM5
SIM1
SIM2
SIM3
SIM4
1
21
22
SIM5
SIM1
SIM2
SIM3
SIM4
1
21
22
SIM5
SIM1
SIM2
SIM3
SIM4
1
21
22
SIM5
SIM1
SIM2
SIM3
SIM4
1
21
22
SIM5
SIM1
SIM2
SIM3
SIM4
1
21
22
SIM5
SIM1
SIM2
SIM3
SIM4
1
21
22
SIM5
SIM1
SIM2
SIM3
SIM4
1
21
22
SIM5
SIM1
SIM2
SIM3
SIM4
1
21
22
SIM5
SIM1
SIM2
SIM3
SIM4
1
21
22
SIM5
SIM1
SIM2
SIM3
SIM4
1
21
22
SIM5
SIM1
SIM2
SIM3
SIM4
1
21
22
SIM5
SIM1
SIM2
SIM3
SIM4
1
21
22
SIM5
SIM1
SIM2
SIM3
SIM4
1
21
22
SIM5
SIM1
SIM2
SIM3
SIM4
1
21
22
SIM5
SIM1
SIM2
SIM3
SIM4
1
21
22
SIM5
SIM1
SIM2
SIM3
SIM4
1
21
22
SIM5
SIM1
SIM2
SIM3
SIM4
1
21
22
SIM5
SIM1
SIM2
SIM3
SIM4
1
21
22
SIM5
SIM1
SIM2
SIM3
SIM4
1
21
22
SIM5
SIM1
SIM2
SIM3
SIM4
1
21
22
SIM5
SIM1
SIM2
SIM3
SIM4
1
21
22
SIM5
SIM1
SIM2
SIM3
SIM4
1
21
22
SIM5
SIM1
SIM2
SIM3
SIM4
1
21
22
SIM5
SIM1
SIM2
SIM3
SIM4
1
21
22
SIM5
SIM1
SIM2
SIM3
SIM4
1
21
22
SIM5
SIM1
SIM2
SIM3
SIM4
1
21
22
SIM5
SIM1
SIM2
SIM3
SIM4
1
21
22
SIM5
SIM1
SIM2
SIM3
SIM4
1
21
22
SIM5
SIM1
SIM2
SIM3
SIM4
1
21
22
SIM5
SIM1
SIM2
SIM3
SIM4
1
21
22
SIM5
SIM1
SIM2
SIM3
SIM4
1
21
22
SIM5
SIM1
SIM2
SIM3
SIM4
1
21
22
SIM5
SIM1
SIM2
SIM3
SIM4
1
21
22
SIM5
SIM1
SIM2
SIM3
SIM4
1
21
22
SIM5
SIM1
SIM2
SIM3
SIM4
1
21
22
SIM5
SIM1
SIM2
SIM3
SIM4
1
21
22
SIM5
SIM1
SIM2
SIM3
SIM4
1
21
22
SIM5
SIM1
SIM2
SIM3
SIM4
1
21
22
SIM5
SIM1
SIM2
SIM3
SIM4
1
21
22
SIM5
SIM1
SIM2
SIM3
SIM4
1
21
22
SIM5
SIM1
SIM2
SIM3
SIM4
1
21
22
SIM5
SIM1
SIM2
SIM3
SIM4
1
21
22
SIM5
SIM1
SIM2
SIM3
SIM4
1
21
22
SIM5
SIM1
SIM2
SIM3
SIM4
1
21
22
SIM5
SIM1
SIM2
SIM3
SIM4
1
21
22
SIM5
SIM1
SIM2
SIM3
SIM4
1
21
22
SIM5
SIM1
SIM2
SIM3
SIM4
1
21
22
SIM5
SIM1
SIM2
SIM3
SIM4
1
21
22
SIM5
SIM1
SIM2
SIM3
SIM4
1
21
22
SIM5
SIM1
SIM2
SIM3
SIM4
1
21
22
SIM5
SIM1
SIM2
SIM3
SIM4
1
21
22
SIM5
SIM1
SIM2
SIM3
SIM4
1
21
22
SIM5
SIM1
SIM2
SIM3
SIM4
1
21
22
SIM5
SIM1
SIM2
SIM3
SIM4
1
21
22
SIM5
SIM1
SIM2
SIM3
SIM4
1
21
22
SIM5
SIM1
SIM2
SIM3
SIM4
1
21
22
SIM5
SIM1
SIM2
SIM3
SIM4
1
21
22
SIM5
SIM1
SIM2
SIM3
SIM4
1
21
22
SIM5
SIM1
SIM2
SIM3
SIM4
1
21
22
SIM5
SIM1
SIM2
SIM3
SIM4
1
21
22
SIM5
SIM1
SIM2
SIM3
SIM4
1
21
22
SIM5
SIM1
SIM2
SIM3
SIM4
1
21
22
SIM5
SIM1
SIM2
SIM3
SIM4
1
21
22
SIM5
SIM1
SIM2
SIM3
SIM4
1
21
22
SIM5
SIM1
SIM2
SIM3
SIM4
1
21
22
SIM5
SIM1
SIM2
SIM3
SIM4
1
21
22
SIM5
SIM1
SIM2
SIM3
SIM4
1
21
22
SIM5
SIM1
SIM2
SIM3
SIM4
1
21
22
SIM5
SIM1
SIM2
SIM3
SIM4
1
21
22
SIM5
SIM1
SIM2
SIM3
SIM4
1
21
22
SIM5
SIM1
SIM2
SIM3
SIM4
1
21
22
SIM5
SIM1
SIM2
SIM3
SIM4
1
21
22
SIM5
SIM1
SIM2
SIM3
SIM4
1
21
22
SIM5
SIM1
SIM2
SIM3
SIM4
1
21
22
SIM5
SIM1
SIM2
SIM3
SIM4
1
21
22
SIM5
SIM1
SIM2
SIM3
SIM4
1
21
22
SIM5
SIM1
SIM2
SIM3
SIM4
1
21
22
SIM5
SIM1
SIM2
SIM3
SIM4
1
21
22
SIM5
SIM1
SIM2
SIM3
SIM4
1
21
22
SIM5
SIM1
SIM2
SIM3
SIM4
1
21
22
SIM5
SIM1
SIM2
SIM3
SIM4
1
21
22
SIM5
SIM1
SIM2
SIM3
SIM4
1
21
22
SIM5
SIM1
SIM2
SIM3
SIM4
1
21
22
SIM5
SIM1
SIM2
SIM3
SIM4
1
21
22
SIM5
SIM1
SIM2
SIM3
SIM4
1
21
22
SIM5
SIM1
SIM2
SIM3
SIM4
1
21
22
SIM5
SIM1
SIM2
SIM3
SIM4
1
21
22
SIM5
SIM1
SIM2
SIM3
SIM4
1
21
22
SIM5
SIM1
SIM2
SIM3
SIM4
1
21
22
SIM5
SIM1
SIM2
SIM3
SIM4
1
21
22
SIM5
SIM1
SIM2
SIM3
SIM4
1
21
22
SIM5
SIM1
SIM2
SIM3
SIM4
1
21
22
SIM5
SIM1
SIM2
SIM3
SIM4
1
21
22
SIM5
SIM1
SIM2
SIM3
SIM4
1
21
22
SIM5
SIM1
SIM2
SIM3
SIM4
1
21
22
SIM5
SIM1
SIM2
SIM3
SIM4
1
21
22
SIM5
SIM1
SIM2
SIM3
SIM4
1
21
22
SIM5
SIM1
SIM2
SIM3
SIM4
1
21
22
SIM5
SIM1
SIM2
SIM3
SIM4
1
21
22
SIM5
SIM1
SIM2
SIM3
SIM4
1
21
22
SIM5
SIM1
SIM2
SIM3
SIM4
1
21
22
SIM5
SIM1
SIM2
SIM3
SIM4
1
21
22
SIM5
SIM1
SIM2
SIM3
SIM4
1
21
22
SIM5
SIM1
SIM2
SIM3
SIM4
1
21
22
SIM5
SIM1
SIM2
SIM3
SIM4
1
21
22
SIM5
SIM1
SIM2
SIM3
SIM4
1
21
22
SIM5
SIM1
SIM2
SIM3
SIM4
1
21
22
SIM5
SIM1
SIM2
SIM3
SIM4
1
21
22
SIM5
SIM1
SIM2
SIM3
SIM4
1
21
22
SIM5
SIM1
SIM2
SIM3
SIM4
1
21
22
SIM5
SIM1
SIM2
SIM3
SIM4
1
21
22
SIM5
SIM1
SIM2
SIM3
SIM4
1
21
22
SIM5
SIM1
SIM2
SIM3
SIM4
1
21
22
SIM5
SIM1
SIM2
SIM3
SIM4
1
21
22
SIM5
SIM1
SIM2
SIM3
SIM4
1
21
22
SIM5
SIM1
SIM2
SIM3
SIM4
1
21
22
SIM5
SIM1
SIM2
SIM3
SIM4
1
21
22
SIM5
SIM1
SIM2
SIM3
SIM4
1
21
22
SIM5
SIM1
SIM2
SIM3
SIM4
1
21
22
SIM5
SIM1
SIM2
SIM3
SIM4
1
21
22
SIM5
SIM1
SIM2
SIM3
SIM4
1
21
22
SIM5
SIM1
SIM2
SIM3
SIM4
1
21
22
SIM5
SIM1
SIM2
SIM3
SIM4
1
21
22
SIM5
SIM1
SIM2
SIM3
SIM4
1
21
22
SIM5
SIM1
SIM2
SIM3
SIM4
1
21
22
SIM5
SIM1
SIM2
SIM3
SIM4
1
21
22
SIM5
SIM1
SIM2
SIM3
SIM4
1
21
22
SIM5
SIM1
SIM2
SIM3
SIM4
1
21
22
SIM5
SIM1
SIM2
SIM3
SIM4
1
21
22
SIM5
SIM1
SIM2
SIM3
SIM4
1
21
22
SIM5
SIM1
SIM2
SIM3
SIM4
1
21
22
SIM5
SIM1
SIM2
SIM3
SIM4
1
21
22
SIM5
SIM1
SIM2
SIM3
SIM4
1
21
22
SIM5
SIM1
SIM2
SIM3
SIM4
1
21
22
SIM5
SIM1
SIM2
SIM3
SIM4
1
21
22
SIM5
SIM1
SIM2
SIM3
SIM4
1
21
22
SIM5
SIM1
SIM2
SIM3
SIM4
1
21
22
SIM5
SIM1
SIM2
SIM3
SIM4
1
21
22
SIM5
SIM1
SIM2
SIM3
SIM4
1
21
22
SIM5
SIM1
SIM2
SIM3
SIM4
1
21
22
SIM5
SIM1
SIM2
SIM3
SIM4
1
21
22
SIM5
SIM1
SIM2
SIM3
SIM4
1
21
22
SIM5
SIM1
SIM2
SIM3
SIM4
1
21
22
SIM5
SIM1
SIM2
SIM3
SIM4
1
21
22
SIM5
SIM1
SIM2
SIM3
SIM4
1
21
22
SIM5
SIM1
SIM2
SIM3
SIM4
1
21
22
SIM5
SIM1
SIM2
SIM3
SIM4
1
21
22
SIM5
SIM1
SIM2
SIM3
SIM4
1
21
22
SIM5
SIM1
SIM2
SIM3
SIM4
1
21
22
SIM5
SIM1
SIM2
SIM3
SIM4
1
21
22
SIM5
SIM1
SIM2
SIM3
SIM4
1
21
22
SIM5
SIM1
SIM2
SIM3
SIM4
1
21
22
SIM5
SIM1
SIM2
SIM3
SIM4
1
21
22
SIM5
SIM1
SIM2
SIM3
SIM4
1
21
22
SIM5
SIM1
SIM2
SIM3
SIM4
1
21
22
SIM5
SIM1
SIM2
SIM3
SIM4
1
21
22
SIM5
SIM1
SIM2
SIM3
SIM4
1
21
22
SIM5
SIM1
SIM2
SIM3
SIM4
1
21
22
SIM5
SIM1
SIM2
SIM3
SIM4
1
21
22
SIM5
SIM1
SIM2
SIM3
SIM4
1
21
22
SIM5
SIM1
SIM2
SIM3
SIM4
1
21
22
SIM5
SIM1
SIM2
SIM3
SIM4
1
21
22
SIM5
SIM1
SIM2
SIM3
SIM4
1
21
22
SIM5
SIM1
SIM2
SIM3
SIM4
1
21
22
SIM5
SIM1
SIM2
SIM3
SIM4
1
21
22
SIM5
SIM1
SIM2
SIM3
SIM4
1
21
22
SIM5
SIM1
SIM2
SIM3
SIM4
1
21
22
SIM5
SIM1
SIM2
SIM3
SIM4
1
21
22
SIM5
SIM1
SIM2
SIM3
SIM4
1
21
22
SIM5
SIM1
SIM2
SIM3
SIM4
1
21
22
SIM5
SIM1
SIM2
SIM3
SIM4
1
21
22
SIM5
SIM1
SIM2
SIM3
SIM4
1
21
22
SIM5
SIM1
SIM2
SIM3
SIM4
1
21
22
SIM5
SIM1
SIM2
SIM3
SIM4
1
21
22
SIM5
SIM1
SIM2
SIM3
SIM4
1
21
22
SIM5
SIM1
SIM2
SIM3
SIM4
1
21
22
SIM5
SIM1
SIM2
SIM3
SIM4
1
21
22
SIM5
SIM1
SIM2
SIM3
SIM4
1
21
22
SIM5
SIM1
SIM2
SIM3
SIM4
1
21
22
SIM5
SIM1
SIM2
SIM3
SIM4
1
21
22
SIM5
SIM1
SIM2
SIM3
SIM4
1
21
22
SIM5
SIM1
SIM2
SIM3
SIM4
1
21
22
SIM5
SIM1
SIM2
SIM3
SIM4
1
21
22
SIM5
SIM1
SIM2
SIM3
SIM4
1
21
22
SIM5
SIM1
SIM2
SIM3
SIM4
1
21
22
SIM5
SIM1
SIM2
SIM3
SIM4
1
21
22
SIM5
SIM1
SIM2
SIM3
SIM4
1
21
22
SIM5
SIM1
SIM2
SIM3
SIM4
1
21
22
SIM5
SIM1
SIM2
SIM3
SIM4
1
21
22
SIM5
SIM1
SIM2
SIM3
SIM4
1
21
22
SIM5
SIM1
SIM2
SIM3
SIM4
1
21
22
SIM5
SIM1
SIM2
SIM3
SIM4
1
21
22
SIM5
SIM1
SIM2
SIM3
SIM4
1
21
22
SIM5
SIM1
SIM2
DEBUG 1 21
SIM1
SIM2
SIM3
SIM4
1
21
22
SIM5
SIM1
SIM2
SIM3
SIM4
1
21
22
SIM5
SIM1
SIM2
SIM3
SIM4
1
21
22
SIM5
SIM1
SIM2
SIM3
SIM4
1
21
22
SIM5
SIM1
SIM2
SIM3
SIM4
1
21
22
SIM5
SIM1
SIM2
SIM3
SIM4
1
21
22
SIM5
SIM1
SIM2
SIM3
SIM4
1
21
22
SIM5
SIM1
SIM2
SIM3
SIM4
1
21
22
SIM5
SIM1
SIM2
SIM3
SIM4
1
21
22
SIM5
SIM1
SIM2
SIM3
SIM4
1
21
22
SIM5
SIM1
SIM2
SIM3
SIM4
1
21
22
SIM5
SIM1
SIM2
SIM3
SIM4
1
21
22
SIM5
SIM1
SIM2
SIM3
SIM4
1
21
22
SIM5
SIM1
SIM2
SIM3
SIM4
1
21
22
SIM5
SIM1
SIM2
SIM3
SIM4
1
21
22
SIM5
SIM1
SIM2
SIM3
SIM4
1
21
22
SIM5
SIM1
SIM2
SIM3
SIM4
1
21
22
SIM5
SIM1
SIM2
SIM3
SIM4
1
21
22
SIM5
SIM1
SIM2
SIM3
SIM4
1
21
22
SIM5
SIM1
SIM2
SIM3
SIM4
1
21
22
SIM5
SIM1
SIM2
SIM3
SIM4
1
21
22
SIM5
SIM1
SIM2
SIM3
SIM4
1
21
22
SIM5
SIM1
SIM2
SIM3
SIM4
1
21
22
SIM5
SIM1
SIM2
SIM3
SIM4
1
21
22
SIM5
SIM1
SIM2
SIM3
SIM4
1
21
22
SIM5
SIM1
SIM2
SIM3
SIM4
1
21
22
SIM5
SIM1
SIM2
SIM3
SIM4
1
21
22
SIM5
SIM1
SIM2
SIM3
SIM4
1
21
22
SIM5
SIM1
SIM2
SIM3
SIM4
1
21
22
SIM5
SIM1
SIM2
SIM3
SIM4
1
21
22
SIM5
SIM1
SIM2
SIM3
SIM4
1
21
22
SIM5
SIM1
SIM2
SIM3
SIM4
1
21
22
SIM5
SIM1
SIM2
SIM3
SIM4
1
21
22
SIM5
SIM1
SIM2
SIM3
SIM4
1
21
22
SIM5
SIM1
SIM2
SIM3
SIM4
1
21
22
SIM5
SIM1
SIM2
SIM3
SIM4
1
21
22
SIM5
SIM1
SIM2
SIM3
SIM4
1
21
22
SIM5
SIM1
SIM2
SIM3
SIM4
1
21
22
SIM5
SIM1
SIM2
SIM3
SIM4
1
21
22
SIM5
SIM1
SIM2
SIM3
SIM4
1
21
22
SIM5
SIM1
SIM2
SIM3
SIM4
1
21
22
SIM5
SIM1
SIM2
SIM3
SIM4
1
21
22
SIM5
SIM1
SIM2
SIM3
SIM4
1
21
22
SIM5
SIM1
SIM2
SIM3
SIM4
1
21
22
SIM5
SIM1
SIM2
SIM3
SIM4
1
21
22
SIM5
SIM1
SIM2
SIM3
SIM4
1
21
22
SIM5
SIM1
SIM2
SIM3
SIM4
1
21
22
SIM5
SIM1
SIM2
SIM3
SIM4
1
21
22
SIM5
SIM1
SIM2
SIM3
SIM4
1
21
22
SIM5
SIM1
SIM2
SIM3
SIM4
1
21
22
SIM5
SIM1
SIM2
SIM3
SIM4
1
21
22
SIM5
SIM1
SIM2
SIM3
SIM4
1
21
22
SIM5
SIM1
SIM2
SIM3
SIM4
1
21
22
SIM5
SIM1
SIM2
SIM3
SIM4
1
21
22
SIM5
SIM1
SIM2
SIM3
SIM4
1
21
22
SIM5
SIM1
SIM2
SIM3
SIM4
1
21
22
SIM5
SIM1
SIM2
SIM3
SIM4
1
21
22
SIM5
SIM1
SIM2
SIM3
SIM4
1
21
22
SIM5
SIM1
SIM2
SIM3
SIM4
1
21
22
SIM5
SIM1
SIM2
SIM3
SIM4
1
21
22
SIM5
SIM1
SIM2
SIM3
SIM4
1
21
22
SIM5
SIM1
SIM2
SIM3
SIM4
1
21
22
SIM5
SIM1
SIM2
SIM3
SIM4
1
21
22
SIM5
SIM1
SIM2
SIM3
SIM4
1
21
22
SIM5
SIM1
SIM2
SIM3
SIM4
1
21
22
SIM5
SIM1
SIM2
SIM3
SIM4
1
21
22
SIM5
SIM1
SIM2
SIM3
SIM4
1
21
22
SIM5
SIM1
SIM2
SIM3
SIM4
1
21
22
SIM5
SIM1
SIM2
SIM3
SIM4
1
21
22
SIM5
SIM1
SIM2
SIM3
SIM4
1
21
22
SIM5
SIM1
SIM2
SIM3
SIM4
1
21
22
SIM5
SIM1
SIM2
SIM3
SIM4
1
21
22
SIM5
SIM1
SIM2
SIM3
SIM4
1
21
22
SIM5
SIM1
SIM2
SIM3
SIM4
1
21
22
SIM5
SIM1
SIM2
SIM3
SIM4
1
21
22
SIM5
SIM1
SIM2
SIM3
SIM4
1
21
22
SIM5
SIM1
SIM2
SIM3
SIM4
1
21
22
SIM5
SIM1
SIM2
SIM3
SIM4
1
21
22
SIM5
SIM1
SIM2
SIM3
SIM4
1
21
22
SIM5
SIM1
SIM2
SIM3
SIM4
1
21
22
SIM5
SIM1
SIM2
SIM3
SIM4
1
21
22
SIM5
SIM1
SIM2
SIM3
SIM4
1
21
22
SIM5
SIM1
SIM2
SIM3
SIM4
1
21
22
SIM5
SIM1
SIM2
SIM3
SIM4
1
21
22
SIM5
SIM1
SIM2
SIM3
SIM4
1
21
22
SIM5
SIM1
SIM2
SIM3
SIM4
1
21
22
SIM5
SIM1
SIM2
SIM3
SIM4
1
21
22
SIM5
SIM1
SIM2
SIM3
SIM4
1
21
22
SIM5
SIM1
SIM2
SIM3
SIM4
1
21
22
SIM5
SIM1
SIM2
SIM3
SIM4
1
21
22
SIM5
SIM1
SIM2
SIM3
SIM4
1
21
22
SIM5
SIM1
SIM2
SIM3
SIM4
1
21
22
SIM5
SIM1
SIM2
SIM3
SIM4
1
21
22
SIM5
SIM1
SIM2
SIM3
SIM4
1
21
22
SIM5
SIM1
SIM2
SIM3
SIM4
1
21
22
SIM5
SIM1
SIM2
SIM3
SIM4
1
21
22
SIM5
SIM1
SIM2
SIM3
SIM4
1
21
22
SIM5
SIM1
SIM2
SIM3
SIM4
1
21
22
SIM5
SIM1
SIM2
SIM3
SIM4
1
21
22
SIM5
SIM1
SIM2
SIM3
SIM4
1
21
22
SIM5
SIM1
SIM2
SIM3
SIM4
1
21
22
SIM5
SIM1
SIM2
SIM3
SIM4
1
21
22
SIM5
SIM1
SIM2
SIM3
SIM4
1
21
22
SIM5
SIM1
SIM2
SIM3
SIM4
1
21
22
SIM5
SIM1
SIM2
SIM3
SIM4
1
21
22
SIM5
SIM1
SIM2
SIM3
SIM4
1
21
22
SIM5
SIM1
SIM2
SIM3
SIM4
1
21
22
SIM5
SIM1
SIM2
SIM3
SIM4
1
21
22
SIM5
SIM1
SIM2
SIM3
SIM4
1
21
22
SIM5
SIM1
SIM2
SIM3
SIM4
1
21
22
SIM5
SIM1
SIM2
SIM3
SIM4
1
21
22
SIM5
SIM1
SIM2
SIM3
SIM4
1
21
22
SIM5
SIM1
SIM2
SIM3
SIM4
1
21
22
SIM5
SIM1
SIM2
SIM3
SIM4
1
21
22
SIM5
SIM1
SIM2
SIM3
SIM4
1
21
22
SIM5
SIM1
SIM2
SIM3
SIM4
1
21
22
SIM5
SIM1
SIM2
SIM3
SIM4
1
21
22
SIM5
SIM1
SIM2
SIM3
SIM4
1
21
22
SIM5
SIM1
SIM2
SIM3
SIM4
1
21
22
SIM5
SIM1
SIM2
SIM3
SIM4
1
21
22
SIM5
SIM1
SIM2
SIM3
SIM4
1
21
22
SIM5
SIM1
SIM2
SIM3
SIM4
1
21
22
SIM5
SIM1
SIM2
SIM3
SIM4
1
21
22
SIM5
SIM1
SIM2
SIM3
SIM4
1
21
22
SIM5
SIM1
SIM2
SIM3
SIM4
1
21
22
SIM5
SIM1
SIM2
SIM3
SIM4
1
21
22
SIM5
SIM1
SIM2
SIM3
SIM4
1
21
22
SIM5
SIM1
SIM2
SIM3
SIM4
1
21
22
SIM5
SIM1
SIM2
SIM3
SIM4
1
21
22
SIM5
SIM1
SIM2
SIM3
SIM4
1
21
22
SIM5
SIM1
SIM2
SIM3
SIM4
1
21
22
SIM5
SIM1
SIM2
SIM3
SIM4
1
21
22
SIM5
SIM1
SIM2
SIM3
SIM4
1
21
22
SIM5
SIM1
SIM2
SIM3
SIM4
1
21
22
SIM5
SIM1
SIM2
SIM3
SIM4
1
21
22
SIM5
SIM1
SIM2
SIM3
SIM4
1
21
22
SIM5
SIM1
SIM2
SIM3
SIM4
1
21
22
SIM5
SIM1
SIM2
SIM3
SIM4
1
21
22
SIM5
SIM1
SIM2
SIM3
SIM4
1
21
22
SIM5
SIM1
SIM2
SIM3
SIM4
1
21
22
SIM5
SIM1
SIM2
SIM3
SIM4
1
21
22
SIM5
SIM1
SIM2
SIM3
SIM4
1
21
22
SIM5
SIM1
SIM2
SIM3
SIM4
1
21
22
SIM5
SIM1
SIM2
SIM3
SIM4
1
21
22
SIM5
SIM1
SIM2
SIM3
SIM4
1
21
22
SIM5
SIM1
SIM2
SIM3
SIM4
1
21
22
SIM5
SIM1
SIM2
SIM3
SIM4
1
21
22
SIM5
SIM1
SIM2
SIM3
SIM4
1
21
22
SIM5
SIM1
SIM2
SIM3
SIM4
1
21
22
SIM5
SIM1
SIM2
SIM3
SIM4
1
21
22
SIM5
SIM1
SIM2
SIM3
SIM4
1
21
22
SIM5
SIM1
SIM2
SIM3
SIM4
1
21
22
SIM5
SIM1
SIM2
SIM3
SIM4
1
21
22
SIM5
SIM1
SIM2
SIM3
SIM4
1
21
22
SIM5
SIM1
SIM2
SIM3
SIM4
1
21
22
SIM5
SIM1
SIM2
SIM3
SIM4
1
21
22
SIM5
SIM1
SIM2
SIM3
SIM4
1
21
22
SIM5
SIM1
SIM2
SIM3
SIM4
1
21
22
SIM5
SIM1
SIM2
SIM3
SIM4
1
21
22
SIM5
SIM1
SIM2
SIM3
SIM4
1
21
22
SIM5
SIM1
SIM2
SIM3
SIM4
1
21
22
SIM5
SIM1
SIM2
SIM3
SIM4
1
21
22
SIM5
SIM1
SIM2
SIM3
SIM4
1
21
22
SIM5
SIM1
SIM2
SIM3
SIM4
1
21
22
SIM5
SIM1
SIM2
SIM3
SIM4
1
21
22
SIM5
SIM1
SIM2
SIM3
SIM4
1
21
22
SIM5
SIM1
SIM2
SIM3
SIM4
1
21
22
SIM5
SIM1
SIM2
SIM3
SIM4
1
21
22
SIM5
SIM1
SIM2
SIM3
SIM4
1
21
22
SIM5
SIM1
SIM2
SIM3
SIM4
1
21
22
SIM5
SIM1
SIM2
SIM3
SIM4
1
21
22
SIM5
SIM1
SIM2
SIM3
SIM4
1
21
22
SIM5
SIM1
SIM2
SIM3
SIM4
1
21
22
SIM5
SIM1
SIM2
SIM3
SIM4
1
21
22
SIM5
SIM1
SIM2
SIM3
SIM4
1
21
22
SIM5
SIM1
SIM2
SIM3
SIM4
1
21
22
SIM5
SIM1
SIM2
SIM3
SIM4
1
21
22
SIM5
SIM1
SIM2
SIM3
SIM4
1
21
22
SIM5
SIM1
SIM2
SIM3
SIM4
1
21
22
SIM5
SIM1
SIM2
SIM3
SIM4
1
21
22
SIM5
SIM1
SIM2
SIM3
SIM4
1
21
22
SIM5
SIM1
SIM2
SIM3
SIM4
1
21
22
SIM5
SIM1
SIM2
SIM3
SIM4
1
21
22
SIM5
SIM1
SIM2
SIM3
SIM4
1
21
22
SIM5
SIM1
SIM2
SIM3
SIM4
1
21
22
SIM5
SIM1
SIM2
SIM3
SIM4
1
21
22
SIM5
SIM1
SIM2
SIM3
SIM4
1
21
22
SIM5
SIM1
SIM2
SIM3
SIM4
1
21
22
SIM5
SIM1
SIM2
SIM3
SIM4
1
21
22
SIM5
SIM1
SIM2
SIM3
SIM4
1
21
22
SIM5
SIM1
SIM2
SIM3
SIM4
1
21
22
SIM5
SIM1
SIM2
SIM3
SIM4
1
21
22
SIM5
SIM1
SIM2
SIM3
SIM4
1
21
22
SIM5
SIM1
SIM2
SIM3
SIM4
1
21
22
SIM5
SIM1
SIM2
SIM3
SIM4
1
21
22
SIM5
SIM1
SIM2
SIM3
SIM4
1
21
22
SIM5
SIM1
SIM2
SIM3
SIM4
1
21
22
SIM5
SIM1
SIM2
SIM3
SIM4
1
21
22
SIM5
SIM1
SIM2
SIM3
SIM4
1
21
22
SIM5
SIM1
SIM2
SIM3
SIM4
1
21
22
SIM5
SIM1
SIM2
SIM3
SIM4
1
21
22
SIM5
SIM1
SIM2
SIM3
SIM4
1
21
22
SIM5
SIM1
SIM2
SIM3
SIM4
1
21
22
SIM5
SIM1
SIM2
SIM3
SIM4
1
21
22
SIM5
SIM1
SIM2
SIM3
SIM4
1
21
22
SIM5
SIM1
SIM2
SIM3
SIM4
1
21
22
SIM5
SIM1
SIM2
SIM3
SIM4
1
21
22
SIM5
SIM1
SIM2
SIM3
SIM4
1
21
22
SIM5
SIM1
SIM2
SIM3
SIM4
1
21
22
SIM5
SIM1
SIM2
SIM3
SIM4
1
21
22
SIM5
SIM1
SIM2
SIM3
SIM4
1
21
22
SIM5
SIM1
SIM2
SIM3
SIM4
1
21
22
SIM5
SIM1
SIM2
SIM3
SIM4
1
21
22
SIM5
SIM1
SIM2
SIM3
SIM4
1
21
22
SIM5
SIM1
SIM2
SIM3
SIM4
1
21
22
SIM5
SIM1
SIM2
SIM3
SIM4
1
21
22
SIM5
SIM1
SIM2
SIM3
SIM4
1
21
22
SIM5
SIM1
SIM2
SIM3
SIM4
1
21
22
SIM5
SIM1
SIM2
SIM3
SIM4
1
21
22
SIM5
SIM1
SIM2
SIM3
SIM4
1
21
22
SIM5
SIM1
SIM2
SIM3
SIM4
1
21
22
SIM5
SIM1
SIM2
SIM3
SIM4
1
21
22
SIM5
SIM1
SIM2
SIM3
SIM4
1
21
22
SIM5
SIM1
SIM2
SIM3
SIM4
1
21
22
SIM5
SIM1
SIM2
SIM3
SIM4
1
21
22
SIM5
SIM1
SIM2
SIM3
SIM4
1
21
22
SIM5
SIM1
SIM2
SIM3
SIM4
1
21
22
SIM5
SIM1
SIM2
SIM3
SIM4
1
21
22
SIM5
SIM1
SIM2
SIM3
SIM4
1
21
22
SIM5
SIM1
SIM2
SIM3
SIM4
1
21
22
SIM5
SIM1
SIM2
SIM3
SIM4
1
21
22
SIM5
SIM1
SIM2
SIM3
SIM4
1
21
22
SIM5
SIM1
SIM2
SIM3
SIM4
1
21
22
SIM5
SIM1
SIM2
SIM3
SIM4
1
21
22
SIM5
SIM1
SIM2
SIM3
SIM4
1
21
22
SIM5
SIM1
SIM2
SIM3
SIM4
1
21
22
SIM5
SIM1
SIM2
SIM3
SIM4
1
21
22
SIM5
SIM1
SIM2
SIM3
SIM4
1
21
22
SIM5
SIM1
SIM2
SIM3
SIM4
1
21
22
SIM5
SIM1
SIM2
SIM3
SIM4
1
21
22
SIM5
SIM1
SIM2
SIM3
SIM4
1
21
22
SIM5
SIM1
SIM2
SIM3
SIM4
1
21
22
SIM5
SIM1
SIM2
SIM3
SIM4
1
21
22
SIM5
SIM1
SIM2
SIM3
SIM4
1
21
22
SIM5
SIM1
SIM2
SIM3
SIM4
1
21
22
SIM5
SIM1
SIM2
SIM3
SIM4
1
21
22
SIM5
SIM1
SIM2
SIM3
SIM4
1
21
22
SIM5
SIM1
SIM2
SIM3
SIM4
1
21
22
SIM5
SIM1
SIM2
SIM3
SIM4
1
21
22
SIM5
SIM1
SIM2
SIM3
SIM4
1
21
22
SIM5
SIM1
SIM2
SIM3
SIM4
1
21
22
SIM5
SIM1
SIM2
SIM3
SIM4
1
21
22
SIM5
SIM1
SIM2
SIM3
SIM4
1
21
22
SIM5
SIM1
SIM2
SIM3
SIM4
1
21
22
SIM5
SIM1
SIM2
SIM3
SIM4
1
21
22
SIM5
SIM1
SIM2
SIM3
SIM4
1
21
22
SIM5
SIM1
SIM2
SIM3
SIM4
1
21
22
SIM5
SIM1
SIM2
SIM3
SIM4
1
21
22
SIM5
SIM1
SIM2
SIM3
SIM4
1
21
22
SIM5
SIM1
SIM2
SIM3
SIM4
1
21
22
SIM5
SIM1
SIM2
SIM3
SIM4
1
21
22
SIM5
SIM1
SIM2
SIM3
SIM4
1
21
22
SIM5
SIM1
SIM2
SIM3
SIM4
1
21
22
SIM5
SIM1
SIM2
SIM3
SIM4
1
21
22
SIM5
SIM1
SIM2
SIM3
SIM4
1
21
22
SIM5
SIM1
SIM2
SIM3
SIM4
1
21
22
SIM5
SIM1
SIM2
SIM3
SIM4
1
21
22
SIM5
SIM1
SIM2
SIM3
SIM4
1
21
22
SIM5
SIM1
SIM2
SIM3
SIM4
1
21
22
SIM5
SIM1
SIM2
SIM3
SIM4
1
21
22
SIM5
SIM1
SIM2
SIM3
SIM4
1
21
22
SIM5
SIM1
SIM2
SIM3
SIM4
1
21
22
SIM5
SIM1
SIM2
SIM3
SIM4
1
21
22
SIM5
SIM1
SIM2
SIM3
SIM4
1
21
22
SIM5
SIM1
SIM2
SIM3
SIM4
1
21
22
SIM5
SIM1
SIM2
SIM3
SIM4
1
21
22
SIM5
SIM1
SIM2
SIM3
SIM4
1
21
22
SIM5
SIM1
SIM2
SIM3
SIM4
1
21
22
SIM5
SIM1
SIM2
SIM3
SIM4
1
21
22
SIM5
SIM1
SIM2
SIM3
SIM4
1
21
22
SIM5
SIM1
SIM2
SIM3
SIM4
1
21
22
SIM5
SIM1
SIM2
SIM3
SIM4
1
21
22
SIM5
SIM1
SIM2
SIM3
SIM4
1
21
22
SIM5
SIM1
SIM2
SIM3
SIM4
1
21
22
SIM5
SIM1
SIM2
SIM3
SIM4
1
21
22
SIM5
SIM1
SIM2
SIM3
SIM4
1
21
22
SIM5
SIM1
SIM2
SIM3
SIM4
1
21
22
SIM5
SIM1
SIM2
SIM3
SIM4
1
21
22
SIM5
SIM1
SIM2
SIM3
SIM4
1
21
22
SIM5
SIM1
SIM2
SIM3
SIM4
1
21
22
SIM5
SIM1
SIM2
SIM3
SIM4
1
21
22
SIM5
SIM1
SIM2
SIM3
SIM4
1
21
22
SIM5
SIM1
SIM2
SIM3
SIM4
1
21
22
SIM5
SIM1
SIM2
SIM3
SIM4
1
21
22
SIM5
SIM1
SIM2
SIM3
SIM4
1
21
22
SIM5
SIM1
SIM2
SIM3
SIM4
1
21
22
SIM5
SIM1
SIM2
SIM3
SIM4
1
21
22
SIM5
SIM1
SIM2
SIM3
SIM4
1
21
22
SIM5
SIM1
SIM2
SIM3
SIM4
1
21
22
SIM5
SIM1
SIM2
SIM3
SIM4
1
21
22
SIM5
SIM1
SIM2
SIM3
SIM4
1
21
22
SIM5
SIM1
SIM2
SIM3
SIM4
1
21
22
SIM5
SIM1
SIM2
SIM3
SIM4
1
21
22
SIM5
SIM1
SIM2
SIM3
SIM4
1
21
22
SIM5
SIM1
SIM2
SIM3
SIM4
1
21
22
SIM5
SIM1
SIM2
SIM3
SIM4
1
21
22
SIM5
SIM1
SIM2
SIM3
SIM4
1
21
22
SIM5
SIM1
SIM2
SIM3
SIM4
1
21
22
SIM5
SIM1
SIM2
SIM3
SIM4
1
21
22
SIM5
SIM1
SIM2
SIM3
SIM4
1
21
22
SIM5
SIM1
SIM2
SIM3
SIM4
1
21
22
SIM5
SIM1
SIM2
SIM3
SIM4
1
21
22
SIM5
SIM1
SIM2
SIM3
SIM4
1
21
22
SIM5
SIM1
SIM2
SIM3
SIM4
1
21
22
SIM5
SIM1
SIM2
SIM3
SIM4
1
21
22
SIM5
SIM1
SIM2
DEBUG 1 22
SIM1
SIM2
SIM3
SIM4
1
21
22
SIM5
SIM1
SIM2
SIM3
SIM4
1
21
22
SIM5
SIM1
SIM2
SIM3
SIM4
1
21
22
SIM5
SIM1
SIM2
SIM3
SIM4
1
21
22
SIM5
SIM1
SIM2
SIM3
SIM4
1
21
22
SIM5
SIM1
SIM2
SIM3
SIM4
1
21
22
SIM5
SIM1
SIM2
SIM3
SIM4
1
21
22
SIM5
SIM1
SIM2
SIM3
SIM4
1
21
22
SIM5
SIM1
SIM2
SIM3
SIM4
1
21
22
SIM5
SIM1
SIM2
SIM3
SIM4
1
21
22
SIM5
SIM1
SIM2
SIM3
SIM4
1
21
22
SIM5
SIM1
SIM2
SIM3
SIM4
1
21
22
SIM5
SIM1
SIM2
SIM3
SIM4
1
21
22
SIM5
SIM1
SIM2
SIM3
SIM4
1
21
22
SIM5
SIM1
SIM2
SIM3
SIM4
1
21
22
SIM5
SIM1
SIM2
SIM3
SIM4
1
21
22
SIM5
SIM1
SIM2
SIM3
SIM4
1
21
22
SIM5
SIM1
SIM2
SIM3
SIM4
1
21
22
SIM5
SIM1
SIM2
SIM3
SIM4
1
21
22
SIM5
SIM1
SIM2
SIM3
SIM4
1
21
22
SIM5
SIM1
SIM2
SIM3
SIM4
1
21
22
SIM5
SIM1
SIM2
SIM3
SIM4
1
21
22
SIM5
SIM1
SIM2
SIM3
SIM4
1
21
22
SIM5
SIM1
SIM2
SIM3
SIM4
1
21
22
SIM5
SIM1
SIM2
SIM3
SIM4
1
21
22
SIM5
SIM1
SIM2
SIM3
SIM4
1
21
22
SIM5
SIM1
SIM2
SIM3
SIM4
1
21
22
SIM5
SIM1
SIM2
SIM3
SIM4
1
21
22
SIM5
SIM1
SIM2
SIM3
SIM4
1
21
22
SIM5
SIM1
SIM2
SIM3
SIM4
1
21
22
SIM5
SIM1
SIM2
SIM3
SIM4
1
21
22
SIM5
SIM1
SIM2
SIM3
SIM4
1
21
22
SIM5
SIM1
SIM2
SIM3
SIM4
1
21
22
SIM5
SIM1
SIM2
SIM3
SIM4
1
21
22
SIM5
SIM1
SIM2
SIM3
SIM4
1
21
22
SIM5
SIM1
SIM2
SIM3
SIM4
1
21
22
SIM5
SIM1
SIM2
SIM3
SIM4
1
21
22
SIM5
SIM1
SIM2
SIM3
SIM4
1
21
22
SIM5
SIM1
SIM2
SIM3
SIM4
1
21
22
SIM5
SIM1
SIM2
SIM3
SIM4
1
21
22
SIM5
SIM1
SIM2
SIM3
SIM4
1
21
22
SIM5
SIM1
SIM2
SIM3
SIM4
1
21
22
SIM5
SIM1
SIM2
SIM3
SIM4
1
21
22
SIM5
SIM1
SIM2
SIM3
SIM4
1
21
22
SIM5
SIM1
SIM2
SIM3
SIM4
1
21
22
SIM5
SIM1
SIM2
SIM3
SIM4
1
21
22
SIM5
SIM1
SIM2
SIM3
SIM4
1
21
22
SIM5
SIM1
SIM2
SIM3
SIM4
1
21
22
SIM5
SIM1
SIM2
SIM3
SIM4
1
21
22
SIM5
SIM1
SIM2
SIM3
SIM4
1
21
22
SIM5
SIM1
SIM2
SIM3
SIM4
1
21
22
SIM5
SIM1
SIM2
SIM3
SIM4
1
21
22
SIM5
SIM1
SIM2
SIM3
SIM4
1
21
22
SIM5
SIM1
SIM2
SIM3
SIM4
1
21
22
SIM5
SIM1
SIM2
SIM3
SIM4
1
21
22
SIM5
SIM1
SIM2
SIM3
SIM4
1
21
22
SIM5
SIM1
SIM2
SIM3
SIM4
1
21
22
SIM5
SIM1
SIM2
SIM3
SIM4
1
21
22
SIM5
SIM1
SIM2
SIM3
SIM4
1
21
22
SIM5
SIM1
SIM2
SIM3
SIM4
1
21
22
SIM5
SIM1
SIM2
SIM3
SIM4
1
21
22
SIM5
SIM1
SIM2
SIM3
SIM4
1
21
22
SIM5
SIM1
SIM2
SIM3
SIM4
1
21
22
SIM5
SIM1
SIM2
SIM3
SIM4
1
21
22
SIM5
SIM1
SIM2
SIM3
SIM4
1
21
22
SIM5
SIM1
SIM2
SIM3
SIM4
1
21
22
SIM5
SIM1
SIM2
SIM3
SIM4
1
21
22
SIM5
SIM1
SIM2
SIM3
SIM4
1
21
22
SIM5
SIM1
SIM2
SIM3
SIM4
1
21
22
SIM5
SIM1
SIM2
SIM3
SIM4
1
21
22
SIM5
SIM1
SIM2
SIM3
SIM4
1
21
22
SIM5
SIM1
SIM2
SIM3
SIM4
1
21
22
SIM5
SIM1
SIM2
SIM3
SIM4
1
21
22
SIM5
SIM1
SIM2
SIM3
SIM4
1
21
22
SIM5
SIM1
SIM2
SIM3
SIM4
1
21
22
SIM5
SIM1
SIM2
SIM3
SIM4
1
21
22
SIM5
SIM1
SIM2
SIM3
SIM4
1
21
22
SIM5
SIM1
SIM2
SIM3
SIM4
1
21
22
SIM5
SIM1
SIM2
SIM3
SIM4
1
21
22
SIM5
SIM1
SIM2
SIM3
SIM4
1
21
22
SIM5
SIM1
SIM2
SIM3
SIM4
1
21
22
SIM5
SIM1
SIM2
SIM3
SIM4
1
21
22
SIM5
SIM1
SIM2
SIM3
SIM4
1
21
22
SIM5
SIM1
SIM2
SIM3
SIM4
1
21
22
SIM5
SIM1
SIM2
SIM3
SIM4
1
21
22
SIM5
SIM1
SIM2
SIM3
SIM4
1
21
22
SIM5
SIM1
SIM2
SIM3
SIM4
1
21
22
SIM5
SIM1
SIM2
SIM3
SIM4
1
21
22
SIM5
SIM1
SIM2
SIM3
SIM4
1
21
22
SIM5
SIM1
SIM2
SIM3
SIM4
1
21
22
SIM5
SIM1
SIM2
SIM3
SIM4
1
21
22
SIM5
SIM1
SIM2
SIM3
SIM4
1
21
22
SIM5
SIM1
SIM2
SIM3
SIM4
1
21
22
SIM5
SIM1
SIM2
SIM3
SIM4
1
21
22
SIM5
SIM1
SIM2
SIM3
SIM4
1
21
22
SIM5
SIM1
SIM2
SIM3
SIM4
1
21
22
SIM5
SIM1
SIM2
SIM3
SIM4
1
21
22
SIM5
SIM1
SIM2
SIM3
SIM4
1
21
22
SIM5
SIM1
SIM2
SIM3
SIM4
1
21
22
SIM5
SIM1
SIM2
SIM3
SIM4
1
21
22
SIM5
SIM1
SIM2
SIM3
SIM4
1
21
22
SIM5
SIM1
SIM2
SIM3
SIM4
1
21
22
SIM5
SIM1
SIM2
SIM3
SIM4
1
21
22
SIM5
SIM1
SIM2
SIM3
SIM4
1
21
22
SIM5
SIM1
SIM2
SIM3
SIM4
1
21
22
SIM5
SIM1
SIM2
SIM3
SIM4
1
21
22
SIM5
SIM1
SIM2
SIM3
SIM4
1
21
22
SIM5
SIM1
SIM2
SIM3
SIM4
1
21
22
SIM5
SIM1
SIM2
SIM3
SIM4
1
21
22
SIM5
SIM1
SIM2
SIM3
SIM4
1
21
22
SIM5
SIM1
SIM2
SIM3
SIM4
1
21
22
SIM5
SIM1
SIM2
SIM3
SIM4
1
21
22
SIM5
SIM1
SIM2
SIM3
SIM4
1
21
22
SIM5
SIM1
SIM2
SIM3
SIM4
1
21
22
SIM5
SIM1
SIM2
SIM3
SIM4
1
21
22
SIM5
SIM1
SIM2
SIM3
SIM4
1
21
22
SIM5
SIM1
SIM2
SIM3
SIM4
1
21
22
SIM5
SIM1
SIM2
SIM3
SIM4
1
21
22
SIM5
SIM1
SIM2
SIM3
SIM4
1
21
22
SIM5
SIM1
SIM2
SIM3
SIM4
1
21
22
SIM5
SIM1
SIM2
SIM3
SIM4
1
21
22
SIM5
SIM1
SIM2
SIM3
SIM4
1
21
22
SIM5
SIM1
SIM2
SIM3
SIM4
1
21
22
SIM5
SIM1
SIM2
SIM3
SIM4
1
21
22
SIM5
SIM1
SIM2
SIM3
SIM4
1
21
22
SIM5
SIM1
SIM2
SIM3
SIM4
1
21
22
SIM5
SIM1
SIM2
SIM3
SIM4
1
21
22
SIM5
SIM1
SIM2
SIM3
SIM4
1
21
22
SIM5
SIM1
SIM2
SIM3
SIM4
1
21
22
SIM5
SIM1
SIM2
SIM3
SIM4
1
21
22
SIM5
SIM1
SIM2
SIM3
SIM4
1
21
22
SIM5
SIM1
SIM2
SIM3
SIM4
1
21
22
SIM5
SIM1
SIM2
SIM3
SIM4
1
21
22
SIM5
SIM1
SIM2
SIM3
SIM4
1
21
22
SIM5
SIM1
SIM2
SIM3
SIM4
1
21
22
SIM5
SIM1
SIM2
SIM3
SIM4
1
21
22
SIM5
SIM1
SIM2
SIM3
SIM4
1
21
22
SIM5
SIM1
SIM2
SIM3
SIM4
1
21
22
SIM5
SIM1
SIM2
SIM3
SIM4
1
21
22
SIM5
SIM1
SIM2
SIM3
SIM4
1
21
22
SIM5
SIM1
SIM2
SIM3
SIM4
1
21
22
SIM5
SIM1
SIM2
SIM3
SIM4
1
21
22
SIM5
SIM1
SIM2
SIM3
SIM4
1
21
22
SIM5
SIM1
SIM2
SIM3
SIM4
1
21
22
SIM5
SIM1
SIM2
SIM3
SIM4
1
21
22
SIM5
SIM1
SIM2
SIM3
SIM4
1
21
22
SIM5
SIM1
SIM2
SIM3
SIM4
1
21
22
SIM5
SIM1
SIM2
SIM3
SIM4
1
21
22
SIM5
SIM1
SIM2
SIM3
SIM4
1
21
22
SIM5
SIM1
SIM2
SIM3
SIM4
1
21
22
SIM5
SIM1
SIM2
SIM3
SIM4
1
21
22
SIM5
SIM1
SIM2
SIM3
SIM4
1
21
22
SIM5
SIM1
SIM2
SIM3
SIM4
1
21
22
SIM5
SIM1
SIM2
SIM3
SIM4
1
21
22
SIM5
SIM1
SIM2
SIM3
SIM4
1
21
22
SIM5
SIM1
SIM2
SIM3
SIM4
1
21
22
SIM5
SIM1
SIM2
SIM3
SIM4
1
21
22
SIM5
SIM1
SIM2
SIM3
SIM4
1
21
22
SIM5
SIM1
SIM2
SIM3
SIM4
1
21
22
SIM5
SIM1
SIM2
SIM3
SIM4
1
21
22
SIM5
SIM1
SIM2
SIM3
SIM4
1
21
22
SIM5
SIM1
SIM2
SIM3
SIM4
1
21
22
SIM5
SIM1
SIM2
SIM3
SIM4
1
21
22
SIM5
SIM1
SIM2
SIM3
SIM4
1
21
22
SIM5
SIM1
SIM2
SIM3
SIM4
1
21
22
SIM5
SIM1
SIM2
SIM3
SIM4
1
21
22
SIM5
SIM1
SIM2
DEBUG 1 23
SIM1
SIM2
SIM3
SIM4
1
21
22
SIM5
SIM1
SIM2
SIM3
SIM4
1
21
22
SIM5
SIM1
SIM2
SIM3
SIM4
1
21
22
SIM5
SIM1
SIM2
SIM3
SIM4
1
21
22
SIM5
SIM1
SIM2
SIM3
SIM4
1
21
22
SIM5
SIM1
SIM2
SIM3
SIM4
1
21
22
SIM5
SIM1
SIM2
SIM3
SIM4
1
21
22
SIM5
SIM1
SIM2
SIM3
SIM4
1
21
22
SIM5
SIM1
SIM2
SIM3
SIM4
1
21
22
SIM5
SIM1
SIM2
SIM3
SIM4
1
21
22
SIM5
SIM1
SIM2
SIM3
SIM4
1
21
22
SIM5
SIM1
SIM2
SIM3
SIM4
1
21
22
SIM5
SIM1
SIM2
SIM3
SIM4
1
21
22
SIM5
SIM1
SIM2
SIM3
SIM4
1
21
22
SIM5
SIM1
SIM2
SIM3
SIM4
1
21
22
SIM5
SIM1
SIM2
SIM3
SIM4
1
21
22
SIM5
SIM1
SIM2
SIM3
SIM4
1
21
22
SIM5
SIM1
SIM2
SIM3
SIM4
1
21
22
SIM5
SIM1
SIM2
SIM3
SIM4
1
21
22
SIM5
SIM1
SIM2
SIM3
SIM4
1
21
22
SIM5
SIM1
SIM2
SIM3
SIM4
1
21
22
SIM5
SIM1
SIM2
SIM3
SIM4
1
21
22
SIM5
SIM1
SIM2
SIM3
SIM4
1
21
22
SIM5
SIM1
SIM2
SIM3
SIM4
1
21
22
SIM5
SIM1
SIM2
SIM3
SIM4
1
21
22
SIM5
SIM1
SIM2
SIM3
SIM4
1
21
22
SIM5
SIM1
SIM2
SIM3
SIM4
1
21
22
SIM5
SIM1
SIM2
SIM3
SIM4
1
21
22
SIM5
SIM1
SIM2
SIM3
SIM4
1
21
22
SIM5
SIM1
SIM2
SIM3
SIM4
1
21
22
SIM5
SIM1
SIM2
SIM3
SIM4
1
21
22
SIM5
SIM1
SIM2
SIM3
SIM4
1
21
22
SIM5
SIM1
SIM2
SIM3
SIM4
1
21
22
SIM5
SIM1
SIM2
SIM3
SIM4
1
21
22
SIM5
SIM1
SIM2
SIM3
SIM4
1
21
22
SIM5
SIM1
SIM2
SIM3
SIM4
1
21
22
SIM5
SIM1
SIM2
SIM3
SIM4
1
21
22
SIM5
SIM1
SIM2
SIM3
SIM4
1
21
22
SIM5
SIM1
SIM2
SIM3
SIM4
1
21
22
SIM5
SIM1
SIM2
SIM3
SIM4
1
21
22
SIM5
SIM1
SIM2
SIM3
SIM4
1
21
22
SIM5
SIM1
SIM2
SIM3
SIM4
1
21
22
SIM5
SIM1
SIM2
SIM3
SIM4
1
21
22
SIM5
SIM1
SIM2
SIM3
SIM4
1
21
22
SIM5
SIM1
SIM2
SIM3
SIM4
1
21
22
SIM5
SIM1
SIM2
SIM3
SIM4
1
21
22
SIM5
SIM1
SIM2
SIM3
SIM4
1
21
22
SIM5
SIM1
SIM2
SIM3
SIM4
1
21
22
SIM5
SIM1
SIM2
SIM3
SIM4
1
21
22
SIM5
SIM1
SIM2
SIM3
SIM4
1
21
22
SIM5
SIM1
SIM2
SIM3
SIM4
1
21
22
SIM5
SIM1
SIM2
SIM3
SIM4
1
21
22
SIM5
SIM1
SIM2
SIM3
SIM4
1
21
22
SIM5
SIM1
SIM2
SIM3
SIM4
1
21
22
SIM5
SIM1
SIM2
SIM3
SIM4
1
21
22
SIM5
SIM1
SIM2
SIM3
SIM4
1
21
22
SIM5
SIM1
SIM2
SIM3
SIM4
1
21
22
SIM5
SIM1
SIM2
SIM3
SIM4
1
21
22
SIM5
SIM1
SIM2
SIM3
SIM4
1
21
22
SIM5
SIM1
SIM2
SIM3
SIM4
1
21
22
SIM5
SIM1
SIM2
SIM3
SIM4
1
21
22
SIM5
SIM1
SIM2
SIM3
SIM4
1
21
22
SIM5
SIM1
SIM2
SIM3
SIM4
1
21
22
SIM5
SIM1
SIM2
SIM3
SIM4
1
21
22
SIM5
SIM1
SIM2
SIM3
SIM4
1
21
22
SIM5
SIM1
SIM2
SIM3
SIM4
1
21
22
SIM5
SIM1
SIM2
SIM3
SIM4
1
21
22
SIM5
SIM1
SIM2
SIM3
SIM4
1
21
22
SIM5
SIM1
SIM2
SIM3
SIM4
1
21
22
SIM5
SIM1
SIM2
SIM3
SIM4
1
21
22
SIM5
SIM1
SIM2
SIM3
SIM4
1
21
22
SIM5
SIM1
SIM2
SIM3
SIM4
1
21
22
SIM5
SIM1
SIM2
SIM3
SIM4
1
21
22
SIM5
SIM1
SIM2
SIM3
SIM4
1
21
22
SIM5
SIM1
SIM2
SIM3
SIM4
1
21
22
SIM5
SIM1
SIM2
SIM3
SIM4
1
21
22
SIM5
SIM1
SIM2
SIM3
SIM4
1
21
22
SIM5
SIM1
SIM2
SIM3
SIM4
1
21
22
SIM5
SIM1
SIM2
SIM3
SIM4
1
21
22
SIM5
SIM1
SIM2
SIM3
SIM4
1
21
22
SIM5
SIM1
SIM2
SIM3
SIM4
1
21
22
SIM5
SIM1
SIM2
SIM3
SIM4
1
21
22
SIM5
SIM1
SIM2
SIM3
SIM4
1
21
22
SIM5
SIM1
SIM2
SIM3
SIM4
1
21
22
SIM5
SIM1
SIM2
SIM3
SIM4
1
21
22
SIM5
SIM1
SIM2
SIM3
SIM4
1
21
22
SIM5
SIM1
SIM2
SIM3
SIM4
1
21
22
SIM5
SIM1
SIM2
SIM3
SIM4
1
21
22
SIM5
SIM1
SIM2
SIM3
SIM4
1
21
22
SIM5
SIM1
SIM2
SIM3
SIM4
1
21
22
SIM5
SIM1
SIM2
SIM3
SIM4
1
21
22
SIM5
SIM1
SIM2
SIM3
SIM4
1
21
22
SIM5
SIM1
SIM2
SIM3
SIM4
1
21
22
SIM5
SIM1
SIM2
SIM3
SIM4
1
21
22
SIM5
SIM1
SIM2
SIM3
SIM4
1
21
22
SIM5
SIM1
SIM2
SIM3
SIM4
1
21
22
SIM5
SIM1
SIM2
SIM3
SIM4
1
21
22
SIM5
SIM1
SIM2
SIM3
SIM4
1
21
22
SIM5
SIM1
SIM2
SIM3
SIM4
1
21
22
SIM5
SIM1
SIM2
SIM3
SIM4
1
21
22
SIM5
SIM1
SIM2
SIM3
SIM4
1
21
22
SIM5
SIM1
SIM2
SIM3
SIM4
1
21
22
SIM5
SIM1
SIM2
SIM3
SIM4
1
21
22
SIM5
SIM1
SIM2
SIM3
SIM4
1
21
22
SIM5
SIM1
SIM2
SIM3
SIM4
1
21
22
SIM5
SIM1
SIM2
SIM3
SIM4
1
21
22
SIM5
SIM1
SIM2
SIM3
SIM4
1
21
22
SIM5
SIM1
SIM2
SIM3
SIM4
1
21
22
SIM5
SIM1
SIM2
SIM3
SIM4
1
21
22
SIM5
SIM1
SIM2
SIM3
SIM4
1
21
22
SIM5
SIM1
SIM2
SIM3
SIM4
1
21
22
SIM5
SIM1
SIM2
SIM3
SIM4
1
21
22
SIM5
SIM1
SIM2
SIM3
SIM4
1
21
22
SIM5
SIM1
SIM2
SIM3
SIM4
1
21
22
SIM5
SIM1
SIM2
SIM3
SIM4
1
21
22
SIM5
SIM1
SIM2
SIM3
SIM4
1
21
22
SIM5
SIM1
SIM2
SIM3
SIM4
1
21
22
SIM5
SIM1
SIM2
SIM3
SIM4
1
21
22
SIM5
SIM1
SIM2
SIM3
SIM4
1
21
22
SIM5
SIM1
SIM2
SIM3
SIM4
1
21
22
SIM5
SIM1
SIM2
SIM3
SIM4
1
21
22
SIM5
SIM1
SIM2
SIM3
SIM4
1
21
22
SIM5
SIM1
SIM2
SIM3
SIM4
1
21
22
SIM5
SIM1
SIM2
SIM3
SIM4
1
21
22
SIM5
SIM1
SIM2
SIM3
SIM4
1
21
22
SIM5
SIM1
SIM2
SIM3
SIM4
1
21
22
SIM5
SIM1
SIM2
SIM3
SIM4
1
21
22
SIM5
SIM1
SIM2
SIM3
SIM4
1
21
22
SIM5
SIM1
SIM2
SIM3
SIM4
1
21
22
SIM5
SIM1
SIM2
SIM3
SIM4
1
21
22
SIM5
SIM1
SIM2
SIM3
SIM4
1
21
22
SIM5
SIM1
SIM2
SIM3
SIM4
1
21
22
SIM5
SIM1
SIM2
SIM3
SIM4
1
21
22
SIM5
SIM1
SIM2
SIM3
SIM4
1
21
22
SIM5
SIM1
SIM2
SIM3
SIM4
1
21
22
SIM5
SIM1
SIM2
SIM3
SIM4
1
21
22
SIM5
SIM1
SIM2
SIM3
SIM4
1
21
22
SIM5
SIM1
SIM2
SIM3
SIM4
1
21
22
SIM5
SIM1
SIM2
SIM3
SIM4
1
21
22
SIM5
SIM1
SIM2
SIM3
SIM4
1
21
22
SIM5
SIM1
SIM2
SIM3
SIM4
1
21
22
SIM5
SIM1
SIM2
SIM3
SIM4
1
21
22
SIM5
SIM1
SIM2
SIM3
SIM4
1
21
22
SIM5
SIM1
SIM2
SIM3
SIM4
1
21
22
SIM5
SIM1
SIM2
SIM3
SIM4
1
21
22
SIM5
SIM1
SIM2
SIM3
SIM4
1
21
22
SIM5
SIM1
SIM2
SIM3
SIM4
1
21
22
SIM5
SIM1
SIM2
SIM3
SIM4
1
21
22
SIM5
SIM1
SIM2
SIM3
SIM4
1
21
22
SIM5
SIM1
SIM2
SIM3
SIM4
1
21
22
SIM5
SIM1
SIM2
SIM3
SIM4
1
21
22
SIM5
SIM1
SIM2
SIM3
SIM4
1
21
22
SIM5
SIM1
SIM2
SIM3
SIM4
1
21
22
SIM5
SIM1
SIM2
SIM3
SIM4
1
21
22
SIM5
SIM1
SIM2
SIM3
SIM4
1
21
22
SIM5
SIM1
SIM2
SIM3
SIM4
1
21
22
SIM5
SIM1
SIM2
SIM3
SIM4
1
21
22
SIM5
SIM1
SIM2
SIM3
SIM4
1
21
22
SIM5
SIM1
SIM2
SIM3
SIM4
1
21
22
SIM5
SIM1
SIM2
SIM3
SIM4
1
21
22
SIM5
SIM1
SIM2
SIM3
SIM4
1
21
22
SIM5
SIM1
SIM2
SIM3
SIM4
1
21
22
SIM5
SIM1
SIM2
SIM3
SIM4
1
21
22
SIM5
SIM1
SIM2
SIM3
SIM4
1
21
22
SIM5
SIM1
SIM2
SIM3
SIM4
1
21
22
SIM5
SIM1
SIM2
SIM3
SIM4
1
21
22
SIM5
SIM1
SIM2
SIM3
SIM4
1
21
22
SIM5
SIM1
SIM2
SIM3
SIM4
1
21
22
SIM5
SIM1
SIM2
SIM3
SIM4
1
21
22
SIM5
SIM1
SIM2
SIM3
SIM4
1
21
22
SIM5
SIM1
SIM2
SIM3
SIM4
1
21
22
SIM5
SIM1
SIM2
SIM3
SIM4
1
21
22
SIM5
SIM1
SIM2
SIM3
SIM4
1
21
22
SIM5
SIM1
SIM2
SIM3
SIM4
1
21
22
SIM5
SIM1
SIM2
SIM3
SIM4
1
21
22
SIM5
SIM1
SIM2
SIM3
SIM4
1
21
22
SIM5
SIM1
SIM2
SIM3
SIM4
1
21
22
SIM5
SIM1
SIM2
DEBUG 1 24
SIM1
SIM2
SIM3
SIM4
1
21
22
SIM5
SIM1
SIM2
SIM3
SIM4
1
21
22
SIM5
SIM1
SIM2
SIM3
SIM4
1
21
22
SIM5
SIM1
SIM2
SIM3
SIM4
1
21
22
SIM5
SIM1
SIM2
SIM3
SIM4
1
21
22
SIM5
SIM1
SIM2
SIM3
SIM4
1
21
22
SIM5
SIM1
SIM2
SIM3
SIM4
1
21
22
SIM5
SIM1
SIM2
SIM3
SIM4
1
21
22
SIM5
SIM1
SIM2
SIM3
SIM4
1
21
22
SIM5
SIM1
SIM2
SIM3
SIM4
1
21
22
SIM5
SIM1
SIM2
SIM3
SIM4
1
21
22
SIM5
SIM1
SIM2
SIM3
SIM4
1
21
22
SIM5
SIM1
SIM2
SIM3
SIM4
1
21
22
SIM5
SIM1
SIM2
SIM3
SIM4
1
21
22
SIM5
SIM1
SIM2
SIM3
SIM4
1
21
22
SIM5
SIM1
SIM2
SIM3
SIM4
1
21
22
SIM5
SIM1
SIM2
SIM3
SIM4
1
21
22
SIM5
SIM1
SIM2
SIM3
SIM4
1
21
22
SIM5
SIM1
SIM2
SIM3
SIM4
1
21
22
SIM5
SIM1
SIM2
SIM3
SIM4
1
21
22
SIM5
SIM1
SIM2
SIM3
SIM4
1
21
22
SIM5
SIM1
SIM2
SIM3
SIM4
1
21
22
SIM5
SIM1
SIM2
SIM3
SIM4
1
21
22
SIM5
SIM1
SIM2
SIM3
SIM4
1
21
22
SIM5
SIM1
SIM2
SIM3
SIM4
1
21
22
SIM5
SIM1
SIM2
SIM3
SIM4
1
21
22
SIM5
SIM1
SIM2
SIM3
SIM4
1
21
22
SIM5
SIM1
SIM2
SIM3
SIM4
1
21
22
SIM5
SIM1
SIM2
SIM3
SIM4
1
21
22
SIM5
SIM1
SIM2
SIM3
SIM4
1
21
22
SIM5
SIM1
SIM2
SIM3
SIM4
1
21
22
SIM5
SIM1
SIM2
SIM3
SIM4
1
21
22
SIM5
SIM1
SIM2
SIM3
SIM4
1
21
22
SIM5
SIM1
SIM2
SIM3
SIM4
1
21
22
SIM5
SIM1
SIM2
SIM3
SIM4
1
21
22
SIM5
SIM1
SIM2
SIM3
SIM4
1
21
22
SIM5
SIM1
SIM2
SIM3
SIM4
1
21
22
SIM5
SIM1
SIM2
SIM3
SIM4
1
21
22
SIM5
SIM1
SIM2
SIM3
SIM4
1
21
22
SIM5
SIM1
SIM2
SIM3
SIM4
1
21
22
SIM5
SIM1
SIM2
SIM3
SIM4
1
21
22
SIM5
SIM1
SIM2
SIM3
SIM4
1
21
22
SIM5
SIM1
SIM2
SIM3
SIM4
1
21
22
SIM5
SIM1
SIM2
SIM3
SIM4
1
21
22
SIM5
SIM1
SIM2
SIM3
SIM4
1
21
22
SIM5
SIM1
SIM2
SIM3
SIM4
1
21
22
SIM5
SIM1
SIM2
SIM3
SIM4
1
21
22
SIM5
SIM1
SIM2
SIM3
SIM4
1
21
22
SIM5
SIM1
SIM2
SIM3
SIM4
1
21
22
SIM5
SIM1
SIM2
SIM3
SIM4
1
21
22
SIM5
SIM1
SIM2
SIM3
SIM4
1
21
22
SIM5
SIM1
SIM2
SIM3
SIM4
1
21
22
SIM5
SIM1
SIM2
SIM3
SIM4
1
21
22
SIM5
SIM1
SIM2
SIM3
SIM4
1
21
22
SIM5
SIM1
SIM2
SIM3
SIM4
1
21
22
SIM5
SIM1
SIM2
SIM3
SIM4
1
21
22
SIM5
SIM1
SIM2
SIM3
SIM4
1
21
22
SIM5
SIM1
SIM2
SIM3
SIM4
1
21
22
SIM5
SIM1
SIM2
SIM3
SIM4
1
21
22
SIM5
SIM1
SIM2
SIM3
SIM4
1
21
22
SIM5
SIM1
SIM2
SIM3
SIM4
1
21
22
SIM5
SIM1
SIM2
SIM3
SIM4
1
21
22
SIM5
SIM1
SIM2
SIM3
SIM4
1
21
22
SIM5
SIM1
SIM2
SIM3
SIM4
1
21
22
SIM5
SIM1
SIM2
SIM3
SIM4
1
21
22
SIM5
SIM1
SIM2
SIM3
SIM4
1
21
22
SIM5
SIM1
SIM2
SIM3
SIM4
1
21
22
SIM5
SIM1
SIM2
SIM3
SIM4
1
21
22
SIM5
SIM1
SIM2
SIM3
SIM4
1
21
22
SIM5
SIM1
SIM2
SIM3
SIM4
1
21
22
SIM5
SIM1
SIM2
SIM3
SIM4
1
21
22
SIM5
SIM1
SIM2
SIM3
SIM4
1
21
22
SIM5
SIM1
SIM2
SIM3
SIM4
1
21
22
SIM5
SIM1
SIM2
SIM3
SIM4
1
21
22
SIM5
SIM1
SIM2
SIM3
SIM4
1
21
22
SIM5
SIM1
SIM2
SIM3
SIM4
1
21
22
SIM5
SIM1
SIM2
SIM3
SIM4
1
21
22
SIM5
SIM1
SIM2
SIM3
SIM4
1
21
22
SIM5
SIM1
SIM2
SIM3
SIM4
1
21
22
SIM5
SIM1
SIM2
SIM3
SIM4
1
21
22
SIM5
SIM1
SIM2
SIM3
SIM4
1
21
22
SIM5
SIM1
SIM2
SIM3
SIM4
1
21
22
SIM5
SIM1
SIM2
SIM3
SIM4
1
21
22
SIM5
SIM1
SIM2
SIM3
SIM4
1
21
22
SIM5
SIM1
SIM2
SIM3
SIM4
1
21
22
SIM5
SIM1
SIM2
SIM3
SIM4
1
21
22
SIM5
SIM1
SIM2
SIM3
SIM4
1
21
22
SIM5
SIM1
SIM2
SIM3
SIM4
1
21
22
SIM5
SIM1
SIM2
SIM3
SIM4
1
21
22
SIM5
SIM1
SIM2
SIM3
SIM4
1
21
22
SIM5
SIM1
SIM2
SIM3
SIM4
1
21
22
SIM5
SIM1
SIM2
SIM3
SIM4
1
21
22
SIM5
SIM1
SIM2
SIM3
SIM4
1
21
22
SIM5
SIM1
SIM2
SIM3
SIM4
1
21
22
SIM5
SIM1
SIM2
SIM3
SIM4
1
21
22
SIM5
SIM1
SIM2
SIM3
SIM4
1
21
22
SIM5
SIM1
SIM2
SIM3
SIM4
1
21
22
SIM5
SIM1
SIM2
SIM3
SIM4
1
21
22
SIM5
SIM1
SIM2
SIM3
SIM4
1
21
22
SIM5
SIM1
SIM2
SIM3
SIM4
1
21
22
SIM5
SIM1
SIM2
SIM3
SIM4
1
21
22
SIM5
SIM1
SIM2
SIM3
SIM4
1
21
22
SIM5
SIM1
SIM2
SIM3
SIM4
1
21
22
SIM5
SIM1
SIM2
SIM3
SIM4
1
21
22
SIM5
SIM1
SIM2
SIM3
SIM4
1
21
22
SIM5
SIM1
SIM2
SIM3
SIM4
1
21
22
SIM5
SIM1
SIM2
SIM3
SIM4
1
21
22
SIM5
SIM1
SIM2
SIM3
SIM4
1
21
22
SIM5
SIM1
SIM2
SIM3
SIM4
1
21
22
SIM5
SIM1
SIM2
SIM3
SIM4
1
21
22
SIM5
SIM1
SIM2
SIM3
SIM4
1
21
22
SIM5
SIM1
SIM2
SIM3
SIM4
1
21
22
SIM5
SIM1
SIM2
SIM3
SIM4
1
21
22
SIM5
SIM1
SIM2
SIM3
SIM4
1
21
22
SIM5
SIM1
SIM2
SIM3
SIM4
1
21
22
SIM5
SIM1
SIM2
SIM3
SIM4
1
21
22
SIM5
SIM1
SIM2
SIM3
SIM4
1
21
22
SIM5
SIM1
SIM2
SIM3
SIM4
1
21
22
SIM5
SIM1
SIM2
SIM3
SIM4
1
21
22
SIM5
SIM1
SIM2
SIM3
SIM4
1
21
22
SIM5
SIM1
SIM2
SIM3
SIM4
1
21
22
SIM5
SIM1
SIM2
SIM3
SIM4
1
21
22
SIM5
SIM1
SIM2
SIM3
SIM4
1
21
22
SIM5
SIM1
SIM2
SIM3
SIM4
1
21
22
SIM5
SIM1
SIM2
SIM3
SIM4
1
21
22
SIM5
SIM1
SIM2
SIM3
SIM4
1
21
22
SIM5
SIM1
SIM2
SIM3
SIM4
1
21
22
SIM5
SIM1
SIM2
SIM3
SIM4
1
21
22
SIM5
SIM1
SIM2
SIM3
SIM4
1
21
22
SIM5
SIM1
SIM2
SIM3
SIM4
1
21
22
SIM5
SIM1
SIM2
SIM3
SIM4
1
21
22
SIM5
SIM1
SIM2
SIM3
SIM4
1
21
22
SIM5
SIM1
SIM2
SIM3
SIM4
1
21
22
SIM5
SIM1
SIM2
SIM3
SIM4
1
21
22
SIM5
SIM1
SIM2
SIM3
SIM4
1
21
22
SIM5
SIM1
SIM2
SIM3
SIM4
1
21
22
SIM5
SIM1
SIM2
SIM3
SIM4
1
21
22
SIM5
SIM1
SIM2
SIM3
SIM4
1
21
22
SIM5
SIM1
SIM2
SIM3
SIM4
1
21
22
SIM5
SIM1
SIM2
SIM3
SIM4
1
21
22
SIM5
SIM1
SIM2
SIM3
SIM4
1
21
22
SIM5
SIM1
SIM2
SIM3
SIM4
1
21
22
SIM5
SIM1
SIM2
SIM3
SIM4
1
21
22
SIM5
SIM1
SIM2
SIM3
SIM4
1
21
22
SIM5
SIM1
SIM2
SIM3
SIM4
1
21
22
SIM5
SIM1
SIM2
SIM3
SIM4
1
21
22
SIM5
SIM1
SIM2
SIM3
SIM4
1
21
22
SIM5
SIM1
SIM2
SIM3
SIM4
1
21
22
SIM5
SIM1
SIM2
SIM3
SIM4
1
21
22
SIM5
SIM1
SIM2
SIM3
SIM4
1
21
22
SIM5
SIM1
SIM2
SIM3
SIM4
1
21
22
SIM5
SIM1
SIM2
SIM3
SIM4
1
21
22
SIM5
SIM1
SIM2
SIM3
SIM4
1
21
22
SIM5
SIM1
SIM2
SIM3
SIM4
1
21
22
SIM5
SIM1
SIM2
SIM3
SIM4
1
21
22
SIM5
SIM1
SIM2
SIM3
SIM4
1
21
22
SIM5
SIM1
SIM2
SIM3
SIM4
1
21
22
SIM5
SIM1
SIM2
SIM3
SIM4
1
21
22
SIM5
SIM1
SIM2
SIM3
SIM4
1
21
22
SIM5
SIM1
SIM2
SIM3
SIM4
1
21
22
SIM5
SIM1
SIM2
SIM3
SIM4
1
21
22
SIM5
SIM1
SIM2
SIM3
SIM4
1
21
22
SIM5
SIM1
SIM2
SIM3
SIM4
1
21
22
SIM5
SIM1
SIM2
SIM3
SIM4
1
21
22
SIM5
SIM1
SIM2
SIM3
SIM4
1
21
22
SIM5
SIM1
SIM2
SIM3
SIM4
1
21
22
SIM5
SIM1
SIM2
SIM3
SIM4
1
21
22
SIM5
SIM1
SIM2
SIM3
SIM4
1
21
22
SIM5
SIM1
SIM2
SIM3
SIM4
1
21
22
SIM5
SIM1
SIM2
SIM3
SIM4
1
21
22
SIM5
SIM1
SIM2
SIM3
SIM4
1
21
22
SIM5
SIM1
SIM2
SIM3
SIM4
1
21
22
SIM5
SIM1
SIM2
SIM3
SIM4
1
21
22
SIM5
SIM1
SIM2
SIM3
SIM4
1
21
22
SIM5
SIM1
SIM2
SIM3
SIM4
1
21
22
SIM5
SIM1
SIM2
SIM3
SIM4
1
21
22
SIM5
SIM1
SIM2
SIM3
SIM4
1
21
22
SIM5
SIM1
SIM2
SIM3
SIM4
1
21
22
SIM5
SIM1
SIM2
SIM3
SIM4
1
21
22
SIM5
SIM1
SIM2
SIM3
SIM4
1
21
22
SIM5
SIM1
SIM2
SIM3
SIM4
1
21
22
SIM5
SIM1
SIM2
SIM3
SIM4
1
21
22
SIM5
SIM1
SIM2
DEBUG 1 25
SIM1
SIM2
SIM3
SIM4
1
21
22
SIM5
SIM1
SIM2
SIM3
SIM4
1
21
22
SIM5
SIM1
SIM2
SIM3
SIM4
1
21
22
SIM5
SIM1
SIM2
SIM3
SIM4
1
21
22
SIM5
SIM1
SIM2
SIM3
SIM4
1
21
22
SIM5
SIM1
SIM2
SIM3
SIM4
1
21
22
SIM5
SIM1
SIM2
SIM3
SIM4
1
21
22
SIM5
SIM1
SIM2
SIM3
SIM4
1
21
22
SIM5
SIM1
SIM2
SIM3
SIM4
1
21
22
SIM5
SIM1
SIM2
SIM3
SIM4
1
21
22
SIM5
SIM1
SIM2
SIM3
SIM4
1
21
22
SIM5
SIM1
SIM2
SIM3
SIM4
1
21
22
SIM5
SIM1
SIM2
SIM3
SIM4
1
21
22
SIM5
SIM1
SIM2
SIM3
SIM4
1
21
22
SIM5
SIM1
SIM2
SIM3
SIM4
1
21
22
SIM5
SIM1
SIM2
SIM3
SIM4
1
21
22
SIM5
SIM1
SIM2
SIM3
SIM4
1
21
22
SIM5
SIM1
SIM2
SIM3
SIM4
1
21
22
SIM5
SIM1
SIM2
SIM3
SIM4
1
21
22
SIM5
SIM1
SIM2
SIM3
SIM4
1
21
22
SIM5
SIM1
SIM2
SIM3
SIM4
1
21
22
SIM5
SIM1
SIM2
SIM3
SIM4
1
21
22
SIM5
SIM1
SIM2
SIM3
SIM4
1
21
22
SIM5
SIM1
SIM2
SIM3
SIM4
1
21
22
SIM5
SIM1
SIM2
SIM3
SIM4
1
21
22
SIM5
SIM1
SIM2
SIM3
SIM4
1
21
22
SIM5
SIM1
SIM2
SIM3
SIM4
1
21
22
SIM5
SIM1
SIM2
SIM3
SIM4
1
21
22
SIM5
SIM1
SIM2
SIM3
SIM4
1
21
22
SIM5
SIM1
SIM2
SIM3
SIM4
1
21
22
SIM5
SIM1
SIM2
SIM3
SIM4
1
21
22
SIM5
SIM1
SIM2
SIM3
SIM4
1
21
22
SIM5
SIM1
SIM2
SIM3
SIM4
1
21
22
SIM5
SIM1
SIM2
SIM3
SIM4
1
21
22
SIM5
SIM1
SIM2
SIM3
SIM4
1
21
22
SIM5
SIM1
SIM2
SIM3
SIM4
1
21
22
SIM5
SIM1
SIM2
SIM3
SIM4
1
21
22
SIM5
SIM1
SIM2
SIM3
SIM4
1
21
22
SIM5
SIM1
SIM2
SIM3
SIM4
1
21
22
SIM5
SIM1
SIM2
SIM3
SIM4
1
21
22
SIM5
SIM1
SIM2
SIM3
SIM4
1
21
22
SIM5
SIM1
SIM2
SIM3
SIM4
1
21
22
SIM5
SIM1
SIM2
SIM3
SIM4
1
21
22
SIM5
SIM1
SIM2
SIM3
SIM4
1
21
22
SIM5
SIM1
SIM2
SIM3
SIM4
1
21
22
SIM5
SIM1
SIM2
SIM3
SIM4
1
21
22
SIM5
SIM1
SIM2
SIM3
SIM4
1
21
22
SIM5
SIM1
SIM2
SIM3
SIM4
1
21
22
SIM5
SIM1
SIM2
SIM3
SIM4
1
21
22
SIM5
SIM1
SIM2
SIM3
SIM4
1
21
22
SIM5
SIM1
SIM2
SIM3
SIM4
1
21
22
SIM5
SIM1
SIM2
SIM3
SIM4
1
21
22
SIM5
SIM1
SIM2
SIM3
SIM4
1
21
22
SIM5
SIM1
SIM2
SIM3
SIM4
1
21
22
SIM5
SIM1
SIM2
SIM3
SIM4
1
21
22
SIM5
SIM1
SIM2
SIM3
SIM4
1
21
22
SIM5
SIM1
SIM2
SIM3
SIM4
1
21
22
SIM5
SIM1
SIM2
SIM3
SIM4
1
21
22
SIM5
SIM1
SIM2
SIM3
SIM4
1
21
22
SIM5
SIM1
SIM2
SIM3
SIM4
1
21
22
SIM5
SIM1
SIM2
SIM3
SIM4
1
21
22
SIM5
SIM1
SIM2
SIM3
SIM4
1
21
22
SIM5
SIM1
SIM2
SIM3
SIM4
1
21
22
SIM5
SIM1
SIM2
SIM3
SIM4
1
21
22
SIM5
SIM1
SIM2
SIM3
SIM4
1
21
22
SIM5
SIM1
SIM2
SIM3
SIM4
1
21
22
SIM5
SIM1
SIM2
SIM3
SIM4
1
21
22
SIM5
SIM1
SIM2
SIM3
SIM4
1
21
22
SIM5
SIM1
SIM2
SIM3
SIM4
1
21
22
SIM5
SIM1
SIM2
SIM3
SIM4
1
21
22
SIM5
SIM1
SIM2
SIM3
SIM4
1
21
22
SIM5
SIM1
SIM2
SIM3
SIM4
1
21
22
SIM5
SIM1
SIM2
SIM3
SIM4
1
21
22
SIM5
SIM1
SIM2
SIM3
SIM4
1
21
22
SIM5
SIM1
SIM2
SIM3
SIM4
1
21
22
SIM5
SIM1
SIM2
SIM3
SIM4
1
21
22
SIM5
SIM1
SIM2
SIM3
SIM4
1
21
22
SIM5
SIM1
SIM2
SIM3
SIM4
1
21
22
SIM5
SIM1
SIM2
SIM3
SIM4
1
21
22
SIM5
SIM1
SIM2
SIM3
SIM4
1
21
22
SIM5
SIM1
SIM2
SIM3
SIM4
1
21
22
SIM5
SIM1
SIM2
SIM3
SIM4
1
21
22
SIM5
SIM1
SIM2
SIM3
SIM4
1
21
22
SIM5
SIM1
SIM2
SIM3
SIM4
1
21
22
SIM5
SIM1
SIM2
SIM3
SIM4
1
21
22
SIM5
SIM1
SIM2
SIM3
SIM4
1
21
22
SIM5
SIM1
SIM2
SIM3
SIM4
1
21
22
SIM5
SIM1
SIM2
SIM3
SIM4
1
21
22
SIM5
SIM1
SIM2
SIM3
SIM4
1
21
22
SIM5
SIM1
SIM2
SIM3
SIM4
1
21
22
SIM5
SIM1
SIM2
SIM3
SIM4
1
21
22
SIM5
SIM1
SIM2
SIM3
SIM4
1
21
22
SIM5
SIM1
SIM2
SIM3
SIM4
1
21
22
SIM5
SIM1
SIM2
SIM3
SIM4
1
21
22
SIM5
SIM1
SIM2
SIM3
SIM4
1
21
22
SIM5
SIM1
SIM2
SIM3
SIM4
1
21
22
SIM5
SIM1
SIM2
SIM3
SIM4
1
21
22
SIM5
SIM1
SIM2
SIM3
SIM4
1
21
22
SIM5
SIM1
SIM2
SIM3
SIM4
1
21
22
SIM5
SIM1
SIM2
SIM3
SIM4
1
21
22
SIM5
SIM1
SIM2
SIM3
SIM4
1
21
22
SIM5
SIM1
SIM2
SIM3
SIM4
1
21
22
SIM5
SIM1
SIM2
SIM3
SIM4
1
21
22
SIM5
SIM1
SIM2
SIM3
SIM4
1
21
22
SIM5
SIM1
SIM2
SIM3
SIM4
1
21
22
SIM5
SIM1
SIM2
SIM3
SIM4
1
21
22
SIM5
SIM1
SIM2
SIM3
SIM4
1
21
22
SIM5
SIM1
SIM2
SIM3
SIM4
1
21
22
SIM5
SIM1
SIM2
SIM3
SIM4
1
21
22
SIM5
SIM1
SIM2
SIM3
SIM4
1
21
22
SIM5
SIM1
SIM2
SIM3
SIM4
1
21
22
SIM5
SIM1
SIM2
SIM3
SIM4
1
21
22
SIM5
SIM1
SIM2
SIM3
SIM4
1
21
22
SIM5
SIM1
SIM2
SIM3
SIM4
1
21
22
SIM5
SIM1
SIM2
SIM3
SIM4
1
21
22
SIM5
SIM1
SIM2
SIM3
SIM4
1
21
22
SIM5
SIM1
SIM2
SIM3
SIM4
1
21
22
SIM5
SIM1
SIM2
SIM3
SIM4
1
21
22
SIM5
SIM1
SIM2
SIM3
SIM4
1
21
22
SIM5
SIM1
SIM2
SIM3
SIM4
1
21
22
SIM5
SIM1
SIM2
SIM3
SIM4
1
21
22
SIM5
SIM1
SIM2
SIM3
SIM4
1
21
22
SIM5
SIM1
SIM2
SIM3
SIM4
1
21
22
SIM5
SIM1
SIM2
SIM3
SIM4
1
21
22
SIM5
SIM1
SIM2
SIM3
SIM4
1
21
22
SIM5
SIM1
SIM2
SIM3
SIM4
1
21
22
SIM5
SIM1
SIM2
SIM3
SIM4
1
21
22
SIM5
SIM1
SIM2
SIM3
SIM4
1
21
22
SIM5
SIM1
SIM2
SIM3
SIM4
1
21
22
SIM5
SIM1
SIM2
SIM3
SIM4
1
21
22
SIM5
SIM1
SIM2
SIM3
SIM4
1
21
22
SIM5
SIM1
SIM2
SIM3
SIM4
1
21
22
SIM5
SIM1
SIM2
SIM3
SIM4
1
21
22
SIM5
SIM1
SIM2
SIM3
SIM4
1
21
22
SIM5
SIM1
SIM2
SIM3
SIM4
1
21
22
SIM5
SIM1
SIM2
SIM3
SIM4
1
21
22
SIM5
SIM1
SIM2
SIM3
SIM4
1
21
22
SIM5
SIM1
SIM2
SIM3
SIM4
1
21
22
SIM5
SIM1
SIM2
SIM3
SIM4
1
21
22
SIM5
SIM1
SIM2
SIM3
SIM4
1
21
22
SIM5
SIM1
SIM2
SIM3
SIM4
1
21
22
SIM5
SIM1
SIM2
SIM3
SIM4
1
21
22
SIM5
SIM1
SIM2
SIM3
SIM4
1
21
22
SIM5
SIM1
SIM2
SIM3
SIM4
1
21
22
SIM5
SIM1
SIM2
SIM3
SIM4
1
21
22
SIM5
SIM1
SIM2
SIM3
SIM4
1
21
22
SIM5
SIM1
SIM2
SIM3
SIM4
1
21
22
SIM5
SIM1
SIM2
SIM3
SIM4
1
21
22
SIM5
SIM1
SIM2
SIM3
SIM4
1
21
22
SIM5
SIM1
SIM2
SIM3
SIM4
1
21
22
SIM5
SIM1
SIM2
SIM3
SIM4
1
21
22
SIM5
SIM1
SIM2
SIM3
SIM4
1
21
22
SIM5
SIM1
SIM2
SIM3
SIM4
1
21
22
SIM5
SIM1
SIM2
SIM3
SIM4
1
21
22
SIM5
SIM1
SIM2
SIM3
SIM4
1
21
22
SIM5
SIM1
SIM2
SIM3
SIM4
1
21
22
SIM5
SIM1
SIM2
SIM3
SIM4
1
21
22
SIM5
SIM1
SIM2
SIM3
SIM4
1
21
22
SIM5
SIM1
SIM2
SIM3
SIM4
1
21
22
SIM5
SIM1
SIM2
SIM3
SIM4
1
21
22
SIM5
SIM1
SIM2
SIM3
SIM4
1
21
22
SIM5
SIM1
SIM2
SIM3
SIM4
1
21
22
SIM5
SIM1
SIM2
SIM3
SIM4
1
21
22
SIM5
SIM1
SIM2
SIM3
SIM4
1
21
22
SIM5
SIM1
SIM2
SIM3
SIM4
1
21
22
SIM5
SIM1
SIM2
SIM3
SIM4
1
21
22
SIM5
SIM1
SIM2
SIM3
SIM4
1
21
22
SIM5
SIM1
SIM2
SIM3
SIM4
1
21
22
SIM5
SIM1
SIM2
SIM3
SIM4
1
21
22
SIM5
SIM1
SIM2
SIM3
SIM4
1
21
22
SIM5
SIM1
SIM2
SIM3
SIM4
1
21
22
SIM5
SIM1
SIM2
SIM3
SIM4
1
21
22
SIM5
SIM1
SIM2
SIM3
SIM4
1
21
22
SIM5
SIM1
SIM2
SIM3
SIM4
1
21
22
SIM5
SIM1
SIM2
SIM3
SIM4
1
21
22
SIM5
SIM1
SIM2
SIM3
SIM4
1
21
22
SIM5
SIM1
SIM2
SIM3
SIM4
1
21
22
SIM5
SIM1
SIM2
SIM3
SIM4
1
21
22
SIM5
SIM1
SIM2
SIM3
SIM4
1
21
22
SIM5
SIM1
SIM2
DEBUG 1 26
SIM1
SIM2
SIM3
SIM4
1
21
22
SIM5
SIM1
SIM2
SIM3
SIM4
1
21
22
SIM5
SIM1
SIM2
SIM3
SIM4
1
21
22
SIM5
SIM1
SIM2
SIM3
SIM4
1
21
22
SIM5
SIM1
SIM2
SIM3
SIM4
1
21
22
SIM5
SIM1
SIM2
SIM3
SIM4
1
21
22
SIM5
SIM1
SIM2
SIM3
SIM4
1
21
22
SIM5
SIM1
SIM2
SIM3
SIM4
1
21
22
SIM5
SIM1
SIM2
SIM3
SIM4
1
21
22
SIM5
SIM1
SIM2
SIM3
SIM4
1
21
22
SIM5
SIM1
SIM2
SIM3
SIM4
1
21
22
SIM5
SIM1
SIM2
SIM3
SIM4
1
21
22
SIM5
SIM1
SIM2
SIM3
SIM4
1
21
22
SIM5
SIM1
SIM2
SIM3
SIM4
1
21
22
SIM5
SIM1
SIM2
SIM3
SIM4
1
21
22
SIM5
SIM1
SIM2
SIM3
SIM4
1
21
22
SIM5
SIM1
SIM2
SIM3
SIM4
1
21
22
SIM5
SIM1
SIM2
SIM3
SIM4
1
21
22
SIM5
SIM1
SIM2
SIM3
SIM4
1
21
22
SIM5
SIM1
SIM2
SIM3
SIM4
1
21
22
SIM5
SIM1
SIM2
SIM3
SIM4
1
21
22
SIM5
SIM1
SIM2
SIM3
SIM4
1
21
22
SIM5
SIM1
SIM2
SIM3
SIM4
1
21
22
SIM5
SIM1
SIM2
SIM3
SIM4
1
21
22
SIM5
SIM1
SIM2
SIM3
SIM4
1
21
22
SIM5
SIM1
SIM2
SIM3
SIM4
1
21
22
SIM5
SIM1
SIM2
SIM3
SIM4
1
21
22
SIM5
SIM1
SIM2
SIM3
SIM4
1
21
22
SIM5
SIM1
SIM2
SIM3
SIM4
1
21
22
SIM5
SIM1
SIM2
SIM3
SIM4
1
21
22
SIM5
SIM1
SIM2
SIM3
SIM4
1
21
22
SIM5
SIM1
SIM2
SIM3
SIM4
1
21
22
SIM5
SIM1
SIM2
SIM3
SIM4
1
21
22
SIM5
SIM1
SIM2
SIM3
SIM4
1
21
22
SIM5
SIM1
SIM2
SIM3
SIM4
1
21
22
SIM5
SIM1
SIM2
SIM3
SIM4
1
21
22
SIM5
SIM1
SIM2
SIM3
SIM4
1
21
22
SIM5
SIM1
SIM2
SIM3
SIM4
1
21
22
SIM5
SIM1
SIM2
SIM3
SIM4
1
21
22
SIM5
SIM1
SIM2
SIM3
SIM4
1
21
22
SIM5
SIM1
SIM2
SIM3
SIM4
1
21
22
SIM5
SIM1
SIM2
SIM3
SIM4
1
21
22
SIM5
SIM1
SIM2
SIM3
SIM4
1
21
22
SIM5
SIM1
SIM2
SIM3
SIM4
1
21
22
SIM5
SIM1
SIM2
SIM3
SIM4
1
21
22
SIM5
SIM1
SIM2
SIM3
SIM4
1
21
22
SIM5
SIM1
SIM2
SIM3
SIM4
1
21
22
SIM5
SIM1
SIM2
SIM3
SIM4
1
21
22
SIM5
SIM1
SIM2
SIM3
SIM4
1
21
22
SIM5
SIM1
SIM2
SIM3
SIM4
1
21
22
SIM5
SIM1
SIM2
SIM3
SIM4
1
21
22
SIM5
SIM1
SIM2
SIM3
SIM4
1
21
22
SIM5
SIM1
SIM2
SIM3
SIM4
1
21
22
SIM5
SIM1
SIM2
SIM3
SIM4
1
21
22
SIM5
SIM1
SIM2
SIM3
SIM4
1
21
22
SIM5
SIM1
SIM2
SIM3
SIM4
1
21
22
SIM5
SIM1
SIM2
SIM3
SIM4
1
21
22
SIM5
SIM1
SIM2
SIM3
SIM4
1
21
22
SIM5
SIM1
SIM2
SIM3
SIM4
1
21
22
SIM5
SIM1
SIM2
SIM3
SIM4
1
21
22
SIM5
SIM1
SIM2
SIM3
SIM4
1
21
22
SIM5
SIM1
SIM2
SIM3
SIM4
1
21
22
SIM5
SIM1
SIM2
SIM3
SIM4
1
21
22
SIM5
SIM1
SIM2
SIM3
SIM4
1
21
22
SIM5
SIM1
SIM2
SIM3
SIM4
1
21
22
SIM5
SIM1
SIM2
SIM3
SIM4
1
21
22
SIM5
SIM1
SIM2
SIM3
SIM4
1
21
22
SIM5
SIM1
SIM2
SIM3
SIM4
1
21
22
SIM5
SIM1
SIM2
SIM3
SIM4
1
21
22
SIM5
SIM1
SIM2
SIM3
SIM4
1
21
22
SIM5
SIM1
SIM2
SIM3
SIM4
1
21
22
SIM5
SIM1
SIM2
SIM3
SIM4
1
21
22
SIM5
SIM1
SIM2
SIM3
SIM4
1
21
22
SIM5
SIM1
SIM2
SIM3
SIM4
1
21
22
SIM5
SIM1
SIM2
SIM3
SIM4
1
21
22
SIM5
SIM1
SIM2
SIM3
SIM4
1
21
22
SIM5
SIM1
SIM2
SIM3
SIM4
1
21
22
SIM5
SIM1
SIM2
SIM3
SIM4
1
21
22
SIM5
SIM1
SIM2
SIM3
SIM4
1
21
22
SIM5
SIM1
SIM2
SIM3
SIM4
1
21
22
SIM5
SIM1
SIM2
SIM3
SIM4
1
21
22
SIM5
SIM1
SIM2
SIM3
SIM4
1
21
22
SIM5
SIM1
SIM2
SIM3
SIM4
1
21
22
SIM5
SIM1
SIM2
SIM3
SIM4
1
21
22
SIM5
SIM1
SIM2
SIM3
SIM4
1
21
22
SIM5
SIM1
SIM2
SIM3
SIM4
1
21
22
SIM5
SIM1
SIM2
SIM3
SIM4
1
21
22
SIM5
SIM1
SIM2
SIM3
SIM4
1
21
22
SIM5
SIM1
SIM2
SIM3
SIM4
1
21
22
SIM5
SIM1
SIM2
SIM3
SIM4
1
21
22
SIM5
SIM1
SIM2
SIM3
SIM4
1
21
22
SIM5
SIM1
SIM2
SIM3
SIM4
1
21
22
SIM5
SIM1
SIM2
SIM3
SIM4
1
21
22
SIM5
SIM1
SIM2
SIM3
SIM4
1
21
22
SIM5
SIM1
SIM2
SIM3
SIM4
1
21
22
SIM5
SIM1
SIM2
SIM3
SIM4
1
21
22
SIM5
SIM1
SIM2
SIM3
SIM4
1
21
22
SIM5
SIM1
SIM2
SIM3
SIM4
1
21
22
SIM5
SIM1
SIM2
SIM3
SIM4
1
21
22
SIM5
SIM1
SIM2
SIM3
SIM4
1
21
22
SIM5
SIM1
SIM2
SIM3
SIM4
1
21
22
SIM5
SIM1
SIM2
SIM3
SIM4
1
21
22
SIM5
SIM1
SIM2
SIM3
SIM4
1
21
22
SIM5
SIM1
SIM2
SIM3
SIM4
1
21
22
SIM5
SIM1
SIM2
SIM3
SIM4
1
21
22
SIM5
SIM1
SIM2
SIM3
SIM4
1
21
22
SIM5
SIM1
SIM2
SIM3
SIM4
1
21
22
SIM5
SIM1
SIM2
SIM3
SIM4
1
21
22
SIM5
SIM1
SIM2
SIM3
SIM4
1
21
22
SIM5
SIM1
SIM2
SIM3
SIM4
1
21
22
SIM5
SIM1
SIM2
SIM3
SIM4
1
21
22
SIM5
SIM1
SIM2
SIM3
SIM4
1
21
22
SIM5
SIM1
SIM2
SIM3
SIM4
1
21
22
SIM5
SIM1
SIM2
SIM3
SIM4
1
21
22
SIM5
SIM1
SIM2
SIM3
SIM4
1
21
22
SIM5
SIM1
SIM2
SIM3
SIM4
1
21
22
SIM5
SIM1
SIM2
SIM3
SIM4
1
21
22
SIM5
SIM1
SIM2
SIM3
SIM4
1
21
22
SIM5
SIM1
SIM2
SIM3
SIM4
1
21
22
SIM5
SIM1
SIM2
SIM3
SIM4
1
21
22
SIM5
SIM1
SIM2
SIM3
SIM4
1
21
22
SIM5
SIM1
SIM2
SIM3
SIM4
1
21
22
SIM5
SIM1
SIM2
SIM3
SIM4
1
21
22
SIM5
SIM1
SIM2
SIM3
SIM4
1
21
22
SIM5
SIM1
SIM2
SIM3
SIM4
1
21
22
SIM5
SIM1
SIM2
SIM3
SIM4
1
21
22
SIM5
SIM1
SIM2
SIM3
SIM4
1
21
22
SIM5
SIM1
SIM2
SIM3
SIM4
1
21
22
SIM5
SIM1
SIM2
SIM3
SIM4
1
21
22
SIM5
SIM1
SIM2
SIM3
SIM4
1
21
22
SIM5
SIM1
SIM2
SIM3
SIM4
1
21
22
SIM5
SIM1
SIM2
SIM3
SIM4
1
21
22
SIM5
SIM1
SIM2
SIM3
SIM4
1
21
22
SIM5
SIM1
SIM2
SIM3
SIM4
1
21
22
SIM5
SIM1
SIM2
SIM3
SIM4
1
21
22
SIM5
SIM1
SIM2
SIM3
SIM4
1
21
22
SIM5
SIM1
SIM2
SIM3
SIM4
1
21
22
SIM5
SIM1
SIM2
SIM3
SIM4
1
21
22
SIM5
SIM1
SIM2
SIM3
SIM4
1
21
22
SIM5
SIM1
SIM2
SIM3
SIM4
1
21
22
SIM5
SIM1
SIM2
SIM3
SIM4
1
21
22
SIM5
SIM1
SIM2
SIM3
SIM4
1
21
22
SIM5
SIM1
SIM2
SIM3
SIM4
1
21
22
SIM5
SIM1
SIM2
SIM3
SIM4
1
21
22
SIM5
SIM1
SIM2
SIM3
SIM4
1
21
22
SIM5
SIM1
SIM2
SIM3
SIM4
1
21
22
SIM5
SIM1
SIM2
SIM3
SIM4
1
21
22
SIM5
SIM1
SIM2
SIM3
SIM4
1
21
22
SIM5
SIM1
SIM2
SIM3
SIM4
1
21
22
SIM5
SIM1
SIM2
SIM3
SIM4
1
21
22
SIM5
SIM1
SIM2
SIM3
SIM4
1
21
22
SIM5
SIM1
SIM2
SIM3
SIM4
1
21
22
SIM5
SIM1
SIM2
SIM3
SIM4
1
21
22
SIM5
SIM1
SIM2
SIM3
SIM4
1
21
22
SIM5
SIM1
SIM2
SIM3
SIM4
1
21
22
SIM5
SIM1
SIM2
SIM3
SIM4
1
21
22
SIM5
SIM1
SIM2
SIM3
SIM4
1
21
22
SIM5
SIM1
SIM2
SIM3
SIM4
1
21
22
SIM5
SIM1
SIM2
SIM3
SIM4
1
21
22
SIM5
SIM1
SIM2
SIM3
SIM4
1
21
22
SIM5
SIM1
SIM2
SIM3
SIM4
1
21
22
SIM5
SIM1
SIM2
SIM3
SIM4
1
21
22
SIM5
SIM1
SIM2
SIM3
SIM4
1
21
22
SIM5
SIM1
SIM2
SIM3
SIM4
1
21
22
SIM5
SIM1
SIM2
SIM3
SIM4
1
21
22
SIM5
SIM1
SIM2
SIM3
SIM4
1
21
22
SIM5
SIM1
SIM2
SIM3
SIM4
1
21
22
SIM5
SIM1
SIM2
SIM3
SIM4
1
21
22
SIM5
SIM1
SIM2
SIM3
SIM4
1
21
22
SIM5
SIM1
SIM2
SIM3
SIM4
1
21
22
SIM5
SIM1
SIM2
SIM3
SIM4
1
21
22
SIM5
SIM1
SIM2
SIM3
SIM4
1
21
22
SIM5
SIM1
SIM2
SIM3
SIM4
1
21
22
SIM5
SIM1
SIM2
SIM3
SIM4
1
21
22
SIM5
SIM1
SIM2
SIM3
SIM4
1
21
22
SIM5
SIM1
SIM2
SIM3
SIM4
1
21
22
SIM5
SIM1
SIM2
SIM3
SIM4
1
21
22
SIM5
SIM1
SIM2
SIM3
SIM4
1
21
22
SIM5
SIM1
SIM2
SIM3
SIM4
1
21
22
SIM5
SIM1
SIM2
SIM3
SIM4
1
21
22
SIM5
SIM1
SIM2
SIM3
SIM4
1
21
22
SIM5
SIM1
SIM2
SIM3
SIM4
1
21
22
SIM5
SIM1
SIM2
SIM3
SIM4
1
21
22
SIM5
SIM1
SIM2
DEBUG 1 27
SIM1
SIM2
SIM3
SIM4
1
21
22
SIM5
SIM1
SIM2
SIM3
SIM4
1
21
22
SIM5
SIM1
SIM2
SIM3
SIM4
1
21
22
SIM5
SIM1
SIM2
SIM3
SIM4
1
21
22
SIM5
SIM1
SIM2
SIM3
SIM4
1
21
22
SIM5
SIM1
SIM2
SIM3
SIM4
1
21
22
SIM5
SIM1
SIM2
SIM3
SIM4
1
21
22
SIM5
SIM1
SIM2
SIM3
SIM4
1
21
22
SIM5
SIM1
SIM2
SIM3
SIM4
1
21
22
SIM5
SIM1
SIM2
SIM3
SIM4
1
21
22
SIM5
SIM1
SIM2
SIM3
SIM4
1
21
22
SIM5
SIM1
SIM2
SIM3
SIM4
1
21
22
SIM5
SIM1
SIM2
SIM3
SIM4
1
21
22
SIM5
SIM1
SIM2
SIM3
SIM4
1
21
22
SIM5
SIM1
SIM2
SIM3
SIM4
1
21
22
SIM5
SIM1
SIM2
SIM3
SIM4
1
21
22
SIM5
SIM1
SIM2
SIM3
SIM4
1
21
22
SIM5
SIM1
SIM2
SIM3
SIM4
1
21
22
SIM5
SIM1
SIM2
SIM3
SIM4
1
21
22
SIM5
SIM1
SIM2
SIM3
SIM4
1
21
22
SIM5
SIM1
SIM2
SIM3
SIM4
1
21
22
SIM5
SIM1
SIM2
SIM3
SIM4
1
21
22
SIM5
SIM1
SIM2
SIM3
SIM4
1
21
22
SIM5
SIM1
SIM2
SIM3
SIM4
1
21
22
SIM5
SIM1
SIM2
SIM3
SIM4
1
21
22
SIM5
SIM1
SIM2
SIM3
SIM4
1
21
22
SIM5
SIM1
SIM2
SIM3
SIM4
1
21
22
SIM5
SIM1
SIM2
SIM3
SIM4
1
21
22
SIM5
SIM1
SIM2
SIM3
SIM4
1
21
22
SIM5
SIM1
SIM2
SIM3
SIM4
1
21
22
SIM5
SIM1
SIM2
SIM3
SIM4
1
21
22
SIM5
SIM1
SIM2
SIM3
SIM4
1
21
22
SIM5
SIM1
SIM2
SIM3
SIM4
1
21
22
SIM5
SIM1
SIM2
SIM3
SIM4
1
21
22
SIM5
SIM1
SIM2
SIM3
SIM4
1
21
22
SIM5
SIM1
SIM2
SIM3
SIM4
1
21
22
SIM5
SIM1
SIM2
SIM3
SIM4
1
21
22
SIM5
SIM1
SIM2
SIM3
SIM4
1
21
22
SIM5
SIM1
SIM2
SIM3
SIM4
1
21
22
SIM5
SIM1
SIM2
SIM3
SIM4
1
21
22
SIM5
SIM1
SIM2
SIM3
SIM4
1
21
22
SIM5
SIM1
SIM2
SIM3
SIM4
1
21
22
SIM5
SIM1
SIM2
SIM3
SIM4
1
21
22
SIM5
SIM1
SIM2
SIM3
SIM4
1
21
22
SIM5
SIM1
SIM2
SIM3
SIM4
1
21
22
SIM5
SIM1
SIM2
SIM3
SIM4
1
21
22
SIM5
SIM1
SIM2
SIM3
SIM4
1
21
22
SIM5
SIM1
SIM2
SIM3
SIM4
1
21
22
SIM5
SIM1
SIM2
SIM3
SIM4
1
21
22
SIM5
SIM1
SIM2
SIM3
SIM4
1
21
22
SIM5
SIM1
SIM2
SIM3
SIM4
1
21
22
SIM5
SIM1
SIM2
SIM3
SIM4
1
21
22
SIM5
SIM1
SIM2
SIM3
SIM4
1
21
22
SIM5
SIM1
SIM2
SIM3
SIM4
1
21
22
SIM5
SIM1
SIM2
SIM3
SIM4
1
21
22
SIM5
SIM1
SIM2
SIM3
SIM4
1
21
22
SIM5
SIM1
SIM2
SIM3
SIM4
1
21
22
SIM5
SIM1
SIM2
SIM3
SIM4
1
21
22
SIM5
SIM1
SIM2
SIM3
SIM4
1
21
22
SIM5
SIM1
SIM2
SIM3
SIM4
1
21
22
SIM5
SIM1
SIM2
SIM3
SIM4
1
21
22
SIM5
SIM1
SIM2
SIM3
SIM4
1
21
22
SIM5
SIM1
SIM2
SIM3
SIM4
1
21
22
SIM5
SIM1
SIM2
SIM3
SIM4
1
21
22
SIM5
SIM1
SIM2
SIM3
SIM4
1
21
22
SIM5
SIM1
SIM2
SIM3
SIM4
1
21
22
SIM5
SIM1
SIM2
SIM3
SIM4
1
21
22
SIM5
SIM1
SIM2
SIM3
SIM4
1
21
22
SIM5
SIM1
SIM2
SIM3
SIM4
1
21
22
SIM5
SIM1
SIM2
SIM3
SIM4
1
21
22
SIM5
SIM1
SIM2
SIM3
SIM4
1
21
22
SIM5
SIM1
SIM2
SIM3
SIM4
1
21
22
SIM5
SIM1
SIM2
SIM3
SIM4
1
21
22
SIM5
SIM1
SIM2
SIM3
SIM4
1
21
22
SIM5
SIM1
SIM2
SIM3
SIM4
1
21
22
SIM5
SIM1
SIM2
SIM3
SIM4
1
21
22
SIM5
SIM1
SIM2
SIM3
SIM4
1
21
22
SIM5
SIM1
SIM2
SIM3
SIM4
1
21
22
SIM5
SIM1
SIM2
SIM3
SIM4
1
21
22
SIM5
SIM1
SIM2
SIM3
SIM4
1
21
22
SIM5
SIM1
SIM2
SIM3
SIM4
1
21
22
SIM5
SIM1
SIM2
SIM3
SIM4
1
21
22
SIM5
SIM1
SIM2
SIM3
SIM4
1
21
22
SIM5
SIM1
SIM2
SIM3
SIM4
1
21
22
SIM5
SIM1
SIM2
SIM3
SIM4
1
21
22
SIM5
SIM1
SIM2
SIM3
SIM4
1
21
22
SIM5
SIM1
SIM2
SIM3
SIM4
1
21
22
SIM5
SIM1
SIM2
SIM3
SIM4
1
21
22
SIM5
SIM1
SIM2
SIM3
SIM4
1
21
22
SIM5
SIM1
SIM2
SIM3
SIM4
1
21
22
SIM5
SIM1
SIM2
SIM3
SIM4
1
21
22
SIM5
SIM1
SIM2
SIM3
SIM4
1
21
22
SIM5
SIM1
SIM2
SIM3
SIM4
1
21
22
SIM5
SIM1
SIM2
SIM3
SIM4
1
21
22
SIM5
SIM1
SIM2
SIM3
SIM4
1
21
22
SIM5
SIM1
SIM2
SIM3
SIM4
1
21
22
SIM5
SIM1
SIM2
SIM3
SIM4
1
21
22
SIM5
SIM1
SIM2
SIM3
SIM4
1
21
22
SIM5
SIM1
SIM2
SIM3
SIM4
1
21
22
SIM5
SIM1
SIM2
SIM3
SIM4
1
21
22
SIM5
SIM1
SIM2
SIM3
SIM4
1
21
22
SIM5
SIM1
SIM2
SIM3
SIM4
1
21
22
SIM5
SIM1
SIM2
SIM3
SIM4
1
21
22
SIM5
SIM1
SIM2
SIM3
SIM4
1
21
22
SIM5
SIM1
SIM2
SIM3
SIM4
1
21
22
SIM5
SIM1
SIM2
SIM3
SIM4
1
21
22
SIM5
SIM1
SIM2
SIM3
SIM4
1
21
22
SIM5
SIM1
SIM2
SIM3
SIM4
1
21
22
SIM5
SIM1
SIM2
SIM3
SIM4
1
21
22
SIM5
SIM1
SIM2
SIM3
SIM4
1
21
22
SIM5
SIM1
SIM2
SIM3
SIM4
1
21
22
SIM5
SIM1
SIM2
SIM3
SIM4
1
21
22
SIM5
SIM1
SIM2
SIM3
SIM4
1
21
22
SIM5
SIM1
SIM2
SIM3
SIM4
1
21
22
SIM5
SIM1
SIM2
SIM3
SIM4
1
21
22
SIM5
SIM1
SIM2
SIM3
SIM4
1
21
22
SIM5
SIM1
SIM2
SIM3
SIM4
1
21
22
SIM5
SIM1
SIM2
SIM3
SIM4
1
21
22
SIM5
SIM1
SIM2
SIM3
SIM4
1
21
22
SIM5
SIM1
SIM2
SIM3
SIM4
1
21
22
SIM5
SIM1
SIM2
SIM3
SIM4
1
21
22
SIM5
SIM1
SIM2
SIM3
SIM4
1
21
22
SIM5
SIM1
SIM2
SIM3
SIM4
1
21
22
SIM5
SIM1
SIM2
SIM3
SIM4
1
21
22
SIM5
SIM1
SIM2
SIM3
SIM4
1
21
22
SIM5
SIM1
SIM2
SIM3
SIM4
1
21
22
SIM5
SIM1
SIM2
SIM3
SIM4
1
21
22
SIM5
SIM1
SIM2
SIM3
SIM4
1
21
22
SIM5
SIM1
SIM2
SIM3
SIM4
1
21
22
SIM5
SIM1
SIM2
SIM3
SIM4
1
21
22
SIM5
SIM1
SIM2
SIM3
SIM4
1
21
22
SIM5
SIM1
SIM2
SIM3
SIM4
1
21
22
SIM5
SIM1
SIM2
SIM3
SIM4
1
21
22
SIM5
SIM1
SIM2
SIM3
SIM4
1
21
22
SIM5
SIM1
SIM2
SIM3
SIM4
1
21
22
SIM5
SIM1
SIM2
SIM3
SIM4
1
21
22
SIM5
SIM1
SIM2
SIM3
SIM4
1
21
22
SIM5
SIM1
SIM2
SIM3
SIM4
1
21
22
SIM5
SIM1
SIM2
SIM3
SIM4
1
21
22
SIM5
SIM1
SIM2
SIM3
SIM4
1
21
22
SIM5
SIM1
SIM2
SIM3
SIM4
1
21
22
SIM5
SIM1
SIM2
SIM3
SIM4
1
21
22
SIM5
SIM1
SIM2
SIM3
SIM4
1
21
22
SIM5
SIM1
SIM2
SIM3
SIM4
1
21
22
SIM5
SIM1
SIM2
SIM3
SIM4
1
21
22
SIM5
SIM1
SIM2
SIM3
SIM4
1
21
22
SIM5
SIM1
SIM2
SIM3
SIM4
1
21
22
SIM5
SIM1
SIM2
SIM3
SIM4
1
21
22
SIM5
SIM1
SIM2
SIM3
SIM4
1
21
22
SIM5
SIM1
SIM2
SIM3
SIM4
1
21
22
SIM5
SIM1
SIM2
SIM3
SIM4
1
21
22
SIM5
SIM1
SIM2
SIM3
SIM4
1
21
22
SIM5
SIM1
SIM2
SIM3
SIM4
1
21
22
SIM5
SIM1
SIM2
SIM3
SIM4
1
21
22
SIM5
SIM1
SIM2
SIM3
SIM4
1
21
22
SIM5
SIM1
SIM2
SIM3
SIM4
1
21
22
SIM5
SIM1
SIM2
SIM3
SIM4
1
21
22
SIM5
SIM1
SIM2
SIM3
SIM4
1
21
22
SIM5
SIM1
SIM2
DEBUG 1 28
SIM1
SIM2
SIM3
SIM4
1
21
22
SIM5
SIM1
SIM2
SIM3
SIM4
1
21
22
SIM5
SIM1
SIM2
SIM3
SIM4
1
21
22
SIM5
SIM1
SIM2
SIM3
SIM4
1
21
22
SIM5
SIM1
SIM2
SIM3
SIM4
1
21
22
SIM5
SIM1
SIM2
SIM3
SIM4
1
21
22
SIM5
SIM1
SIM2
SIM3
SIM4
1
21
22
SIM5
SIM1
SIM2
SIM3
SIM4
1
21
22
SIM5
SIM1
SIM2
SIM3
SIM4
1
21
22
SIM5
SIM1
SIM2
SIM3
SIM4
1
21
22
SIM5
SIM1
SIM2
SIM3
SIM4
1
21
22
SIM5
SIM1
SIM2
SIM3
SIM4
1
21
22
SIM5
SIM1
SIM2
SIM3
SIM4
1
21
22
SIM5
SIM1
SIM2
SIM3
SIM4
1
21
22
SIM5
SIM1
SIM2
SIM3
SIM4
1
21
22
SIM5
SIM1
SIM2
SIM3
SIM4
1
21
22
SIM5
SIM1
SIM2
SIM3
SIM4
1
21
22
SIM5
SIM1
SIM2
SIM3
SIM4
1
21
22
SIM5
SIM1
SIM2
SIM3
SIM4
1
21
22
SIM5
SIM1
SIM2
SIM3
SIM4
1
21
22
SIM5
SIM1
SIM2
SIM3
SIM4
1
21
22
SIM5
SIM1
SIM2
SIM3
SIM4
1
21
22
SIM5
SIM1
SIM2
SIM3
SIM4
1
21
22
SIM5
SIM1
SIM2
SIM3
SIM4
1
21
22
SIM5
SIM1
SIM2
SIM3
SIM4
1
21
22
SIM5
SIM1
SIM2
SIM3
SIM4
1
21
22
SIM5
SIM1
SIM2
SIM3
SIM4
1
21
22
SIM5
SIM1
SIM2
SIM3
SIM4
1
21
22
SIM5
SIM1
SIM2
SIM3
SIM4
1
21
22
SIM5
SIM1
SIM2
SIM3
SIM4
1
21
22
SIM5
SIM1
SIM2
SIM3
SIM4
1
21
22
SIM5
SIM1
SIM2
SIM3
SIM4
1
21
22
SIM5
SIM1
SIM2
SIM3
SIM4
1
21
22
SIM5
SIM1
SIM2
SIM3
SIM4
1
21
22
SIM5
SIM1
SIM2
SIM3
SIM4
1
21
22
SIM5
SIM1
SIM2
SIM3
SIM4
1
21
22
SIM5
SIM1
SIM2
SIM3
SIM4
1
21
22
SIM5
SIM1
SIM2
SIM3
SIM4
1
21
22
SIM5
SIM1
SIM2
SIM3
SIM4
1
21
22
SIM5
SIM1
SIM2
SIM3
SIM4
1
21
22
SIM5
SIM1
SIM2
SIM3
SIM4
1
21
22
SIM5
SIM1
SIM2
SIM3
SIM4
1
21
22
SIM5
SIM1
SIM2
SIM3
SIM4
1
21
22
SIM5
SIM1
SIM2
SIM3
SIM4
1
21
22
SIM5
SIM1
SIM2
SIM3
SIM4
1
21
22
SIM5
SIM1
SIM2
SIM3
SIM4
1
21
22
SIM5
SIM1
SIM2
SIM3
SIM4
1
21
22
SIM5
SIM1
SIM2
SIM3
SIM4
1
21
22
SIM5
SIM1
SIM2
SIM3
SIM4
1
21
22
SIM5
SIM1
SIM2
SIM3
SIM4
1
21
22
SIM5
SIM1
SIM2
SIM3
SIM4
1
21
22
SIM5
SIM1
SIM2
SIM3
SIM4
1
21
22
SIM5
SIM1
SIM2
SIM3
SIM4
1
21
22
SIM5
SIM1
SIM2
SIM3
SIM4
1
21
22
SIM5
SIM1
SIM2
SIM3
SIM4
1
21
22
SIM5
SIM1
SIM2
SIM3
SIM4
1
21
22
SIM5
SIM1
SIM2
SIM3
SIM4
1
21
22
SIM5
SIM1
SIM2
SIM3
SIM4
1
21
22
SIM5
SIM1
SIM2
SIM3
SIM4
1
21
22
SIM5
SIM1
SIM2
SIM3
SIM4
1
21
22
SIM5
SIM1
SIM2
SIM3
SIM4
1
21
22
SIM5
SIM1
SIM2
SIM3
SIM4
1
21
22
SIM5
SIM1
SIM2
SIM3
SIM4
1
21
22
SIM5
SIM1
SIM2
SIM3
SIM4
1
21
22
SIM5
SIM1
SIM2
SIM3
SIM4
1
21
22
SIM5
SIM1
SIM2
SIM3
SIM4
1
21
22
SIM5
SIM1
SIM2
SIM3
SIM4
1
21
22
SIM5
SIM1
SIM2
SIM3
SIM4
1
21
22
SIM5
SIM1
SIM2
SIM3
SIM4
1
21
22
SIM5
SIM1
SIM2
SIM3
SIM4
1
21
22
SIM5
SIM1
SIM2
SIM3
SIM4
1
21
22
SIM5
SIM1
SIM2
SIM3
SIM4
1
21
22
SIM5
SIM1
SIM2
SIM3
SIM4
1
21
22
SIM5
SIM1
SIM2
SIM3
SIM4
1
21
22
SIM5
SIM1
SIM2
SIM3
SIM4
1
21
22
SIM5
SIM1
SIM2
SIM3
SIM4
1
21
22
SIM5
SIM1
SIM2
SIM3
SIM4
1
21
22
SIM5
SIM1
SIM2
SIM3
SIM4
1
21
22
SIM5
SIM1
SIM2
SIM3
SIM4
1
21
22
SIM5
SIM1
SIM2
SIM3
SIM4
1
21
22
SIM5
SIM1
SIM2
SIM3
SIM4
1
21
22
SIM5
SIM1
SIM2
SIM3
SIM4
1
21
22
SIM5
SIM1
SIM2
SIM3
SIM4
1
21
22
SIM5
SIM1
SIM2
SIM3
SIM4
1
21
22
SIM5
SIM1
SIM2
SIM3
SIM4
1
21
22
SIM5
SIM1
SIM2
SIM3
SIM4
1
21
22
SIM5
SIM1
SIM2
SIM3
SIM4
1
21
22
SIM5
SIM1
SIM2
SIM3
SIM4
1
21
22
SIM5
SIM1
SIM2
SIM3
SIM4
1
21
22
SIM5
SIM1
SIM2
SIM3
SIM4
1
21
22
SIM5
SIM1
SIM2
SIM3
SIM4
1
21
22
SIM5
SIM1
SIM2
SIM3
SIM4
1
21
22
SIM5
SIM1
SIM2
SIM3
SIM4
1
21
22
SIM5
SIM1
SIM2
SIM3
SIM4
1
21
22
SIM5
SIM1
SIM2
SIM3
SIM4
1
21
22
SIM5
SIM1
SIM2
SIM3
SIM4
1
21
22
SIM5
SIM1
SIM2
SIM3
SIM4
1
21
22
SIM5
SIM1
SIM2
SIM3
SIM4
1
21
22
SIM5
SIM1
SIM2
SIM3
SIM4
1
21
22
SIM5
SIM1
SIM2
SIM3
SIM4
1
21
22
SIM5
SIM1
SIM2
SIM3
SIM4
1
21
22
SIM5
SIM1
SIM2
SIM3
SIM4
1
21
22
SIM5
SIM1
SIM2
SIM3
SIM4
1
21
22
SIM5
SIM1
SIM2
SIM3
SIM4
1
21
22
SIM5
SIM1
SIM2
SIM3
SIM4
1
21
22
SIM5
SIM1
SIM2
SIM3
SIM4
1
21
22
SIM5
SIM1
SIM2
SIM3
SIM4
1
21
22
SIM5
SIM1
SIM2
SIM3
SIM4
1
21
22
SIM5
SIM1
SIM2
SIM3
SIM4
1
21
22
SIM5
SIM1
SIM2
SIM3
SIM4
1
21
22
SIM5
SIM1
SIM2
SIM3
SIM4
1
21
22
SIM5
SIM1
SIM2
SIM3
SIM4
1
21
22
SIM5
SIM1
SIM2
SIM3
SIM4
1
21
22
SIM5
SIM1
SIM2
SIM3
SIM4
1
21
22
SIM5
SIM1
SIM2
SIM3
SIM4
1
21
22
SIM5
SIM1
SIM2
SIM3
SIM4
1
21
22
SIM5
SIM1
SIM2
SIM3
SIM4
1
21
22
SIM5
SIM1
SIM2
SIM3
SIM4
1
21
22
SIM5
SIM1
SIM2
SIM3
SIM4
1
21
22
SIM5
SIM1
SIM2
SIM3
SIM4
1
21
22
SIM5
SIM1
SIM2
SIM3
SIM4
1
21
22
SIM5
SIM1
SIM2
SIM3
SIM4
1
21
22
SIM5
SIM1
SIM2
SIM3
SIM4
1
21
22
SIM5
SIM1
SIM2
SIM3
SIM4
1
21
22
SIM5
SIM1
SIM2
SIM3
SIM4
1
21
22
SIM5
SIM1
SIM2
SIM3
SIM4
1
21
22
SIM5
SIM1
SIM2
SIM3
SIM4
1
21
22
SIM5
SIM1
SIM2
SIM3
SIM4
1
21
22
SIM5
SIM1
SIM2
SIM3
SIM4
1
21
22
SIM5
SIM1
SIM2
SIM3
SIM4
1
21
22
SIM5
SIM1
SIM2
SIM3
SIM4
1
21
22
SIM5
SIM1
SIM2
SIM3
SIM4
1
21
22
SIM5
SIM1
SIM2
SIM3
SIM4
1
21
22
SIM5
SIM1
SIM2
SIM3
SIM4
1
21
22
SIM5
SIM1
SIM2
SIM3
SIM4
1
21
22
SIM5
SIM1
SIM2
SIM3
SIM4
1
21
22
SIM5
SIM1
SIM2
DEBUG 1 29
SIM1
SIM2
SIM3
SIM4
1
21
22
SIM5
SIM1
SIM2
SIM3
SIM4
1
21
22
SIM5
SIM1
SIM2
SIM3
SIM4
1
21
22
SIM5
SIM1
SIM2
SIM3
SIM4
1
21
22
SIM5
SIM1
SIM2
SIM3
SIM4
1
21
22
SIM5
SIM1
SIM2
SIM3
SIM4
1
21
22
SIM5
SIM1
SIM2
SIM3
SIM4
1
21
22
SIM5
SIM1
SIM2
SIM3
SIM4
1
21
22
SIM5
SIM1
SIM2
SIM3
SIM4
1
21
22
SIM5
SIM1
SIM2
SIM3
SIM4
1
21
22
SIM5
SIM1
SIM2
SIM3
SIM4
1
21
22
SIM5
SIM1
SIM2
SIM3
SIM4
1
21
22
SIM5
SIM1
SIM2
SIM3
SIM4
1
21
22
SIM5
SIM1
SIM2
SIM3
SIM4
1
21
22
SIM5
SIM1
SIM2
SIM3
SIM4
1
21
22
SIM5
SIM1
SIM2
SIM3
SIM4
1
21
22
SIM5
SIM1
SIM2
SIM3
SIM4
1
21
22
SIM5
SIM1
SIM2
SIM3
SIM4
1
21
22
SIM5
SIM1
SIM2
SIM3
SIM4
1
21
22
SIM5
SIM1
SIM2
SIM3
SIM4
1
21
22
SIM5
SIM1
SIM2
SIM3
SIM4
1
21
22
SIM5
SIM1
SIM2
SIM3
SIM4
1
21
22
SIM5
SIM1
SIM2
SIM3
SIM4
1
21
22
SIM5
SIM1
SIM2
SIM3
SIM4
1
21
22
SIM5
SIM1
SIM2
SIM3
SIM4
1
21
22
SIM5
SIM1
SIM2
SIM3
SIM4
1
21
22
SIM5
SIM1
SIM2
SIM3
SIM4
1
21
22
SIM5
SIM1
SIM2
SIM3
SIM4
1
21
22
SIM5
SIM1
SIM2
SIM3
SIM4
1
21
22
SIM5
SIM1
SIM2
SIM3
SIM4
1
21
22
SIM5
SIM1
SIM2
SIM3
SIM4
1
21
22
SIM5
SIM1
SIM2
SIM3
SIM4
1
21
22
SIM5
SIM1
SIM2
SIM3
SIM4
1
21
22
SIM5
SIM1
SIM2
SIM3
SIM4
1
21
22
SIM5
SIM1
SIM2
SIM3
SIM4
1
21
22
SIM5
SIM1
SIM2
SIM3
SIM4
1
21
22
SIM5
SIM1
SIM2
SIM3
SIM4
1
21
22
SIM5
SIM1
SIM2
SIM3
SIM4
1
21
22
SIM5
SIM1
SIM2
SIM3
SIM4
1
21
22
SIM5
SIM1
SIM2
SIM3
SIM4
1
21
22
SIM5
SIM1
SIM2
SIM3
SIM4
1
21
22
SIM5
SIM1
SIM2
SIM3
SIM4
1
21
22
SIM5
SIM1
SIM2
SIM3
SIM4
1
21
22
SIM5
SIM1
SIM2
SIM3
SIM4
1
21
22
SIM5
SIM1
SIM2
SIM3
SIM4
1
21
22
SIM5
SIM1
SIM2
SIM3
SIM4
1
21
22
SIM5
SIM1
SIM2
SIM3
SIM4
1
21
22
SIM5
SIM1
SIM2
SIM3
SIM4
1
21
22
SIM5
SIM1
SIM2
SIM3
SIM4
1
21
22
SIM5
SIM1
SIM2
SIM3
SIM4
1
21
22
SIM5
SIM1
SIM2
SIM3
SIM4
1
21
22
SIM5
SIM1
SIM2
SIM3
SIM4
1
21
22
SIM5
SIM1
SIM2
SIM3
SIM4
1
21
22
SIM5
SIM1
SIM2
SIM3
SIM4
1
21
22
SIM5
SIM1
SIM2
SIM3
SIM4
1
21
22
SIM5
SIM1
SIM2
SIM3
SIM4
1
21
22
SIM5
SIM1
SIM2
SIM3
SIM4
1
21
22
SIM5
SIM1
SIM2
SIM3
SIM4
1
21
22
SIM5
SIM1
SIM2
SIM3
SIM4
1
21
22
SIM5
SIM1
SIM2
SIM3
SIM4
1
21
22
SIM5
SIM1
SIM2
SIM3
SIM4
1
21
22
SIM5
SIM1
SIM2
SIM3
SIM4
1
21
22
SIM5
SIM1
SIM2
SIM3
SIM4
1
21
22
SIM5
SIM1
SIM2
SIM3
SIM4
1
21
22
SIM5
SIM1
SIM2
SIM3
SIM4
1
21
22
SIM5
SIM1
SIM2
SIM3
SIM4
1
21
22
SIM5
SIM1
SIM2
SIM3
SIM4
1
21
22
SIM5
SIM1
SIM2
SIM3
SIM4
1
21
22
SIM5
SIM1
SIM2
SIM3
SIM4
1
21
22
SIM5
SIM1
SIM2
SIM3
SIM4
1
21
22
SIM5
SIM1
SIM2
SIM3
SIM4
1
21
22
SIM5
SIM1
SIM2
SIM3
SIM4
1
21
22
SIM5
SIM1
SIM2
SIM3
SIM4
1
21
22
SIM5
SIM1
SIM2
SIM3
SIM4
1
21
22
SIM5
SIM1
SIM2
SIM3
SIM4
1
21
22
SIM5
SIM1
SIM2
SIM3
SIM4
1
21
22
SIM5
SIM1
SIM2
SIM3
SIM4
1
21
22
SIM5
SIM1
SIM2
SIM3
SIM4
1
21
22
SIM5
SIM1
SIM2
SIM3
SIM4
1
21
22
SIM5
SIM1
SIM2
SIM3
SIM4
1
21
22
SIM5
SIM1
SIM2
SIM3
SIM4
1
21
22
SIM5
SIM1
SIM2
SIM3
SIM4
1
21
22
SIM5
SIM1
SIM2
SIM3
SIM4
1
21
22
SIM5
SIM1
SIM2
SIM3
SIM4
1
21
22
SIM5
SIM1
SIM2
SIM3
SIM4
1
21
22
SIM5
SIM1
SIM2
SIM3
SIM4
1
21
22
SIM5
SIM1
SIM2
SIM3
SIM4
1
21
22
SIM5
SIM1
SIM2
SIM3
SIM4
1
21
22
SIM5
SIM1
SIM2
SIM3
SIM4
1
21
22
SIM5
SIM1
SIM2
SIM3
SIM4
1
21
22
SIM5
SIM1
SIM2
SIM3
SIM4
1
21
22
SIM5
SIM1
SIM2
SIM3
SIM4
1
21
22
SIM5
SIM1
SIM2
SIM3
SIM4
1
21
22
SIM5
SIM1
SIM2
SIM3
SIM4
1
21
22
SIM5
SIM1
SIM2
SIM3
SIM4
1
21
22
SIM5
SIM1
SIM2
SIM3
SIM4
1
21
22
SIM5
SIM1
SIM2
SIM3
SIM4
1
21
22
SIM5
SIM1
SIM2
SIM3
SIM4
1
21
22
SIM5
SIM1
SIM2
SIM3
SIM4
1
21
22
SIM5
SIM1
SIM2
SIM3
SIM4
1
21
22
SIM5
SIM1
SIM2
SIM3
SIM4
1
21
22
SIM5
SIM1
SIM2
SIM3
SIM4
1
21
22
SIM5
SIM1
SIM2
SIM3
SIM4
1
21
22
SIM5
SIM1
SIM2
SIM3
SIM4
1
21
22
SIM5
SIM1
SIM2
SIM3
SIM4
1
21
22
SIM5
SIM1
SIM2
SIM3
SIM4
1
21
22
SIM5
SIM1
SIM2
SIM3
SIM4
1
21
22
SIM5
SIM1
SIM2
SIM3
SIM4
1
21
22
SIM5
SIM1
SIM2
SIM3
SIM4
1
21
22
SIM5
SIM1
SIM2
SIM3
SIM4
1
21
22
SIM5
SIM1
SIM2
SIM3
SIM4
1
21
22
SIM5
SIM1
SIM2
SIM3
SIM4
1
21
22
SIM5
SIM1
SIM2
SIM3
SIM4
1
21
22
SIM5
SIM1
SIM2
SIM3
SIM4
1
21
22
SIM5
SIM1
SIM2
SIM3
SIM4
1
21
22
SIM5
SIM1
SIM2
SIM3
SIM4
1
21
22
SIM5
SIM1
SIM2
SIM3
SIM4
1
21
22
SIM5
SIM1
SIM2
SIM3
SIM4
1
21
22
SIM5
SIM1
SIM2
SIM3
SIM4
1
21
22
SIM5
SIM1
SIM2
SIM3
SIM4
1
21
22
SIM5
SIM1
SIM2
SIM3
SIM4
1
21
22
SIM5
SIM1
SIM2
SIM3
SIM4
1
21
22
SIM5
SIM1
SIM2
SIM3
SIM4
1
21
22
SIM5
SIM1
SIM2
SIM3
SIM4
1
21
22
SIM5
SIM1
SIM2
SIM3
SIM4
1
21
22
SIM5
SIM1
SIM2
SIM3
SIM4
1
21
22
SIM5
SIM1
SIM2
SIM3
SIM4
1
21
22
SIM5
SIM1
SIM2
SIM3
SIM4
1
21
22
SIM5
SIM1
SIM2
SIM3
SIM4
1
21
22
SIM5
SIM1
SIM2
SIM3
SIM4
1
21
22
SIM5
SIM1
SIM2
SIM3
SIM4
1
21
22
SIM5
SIM1
SIM2
SIM3
SIM4
1
21
22
SIM5
SIM1
SIM2
SIM3
SIM4
1
21
22
SIM5
SIM1
SIM2
SIM3
SIM4
1
21
22
SIM5
SIM1
SIM2
SIM3
SIM4
1
21
22
SIM5
SIM1
SIM2
SIM3
SIM4
1
21
22
SIM5
SIM1
SIM2
SIM3
SIM4
1
21
22
SIM5
SIM1
SIM2
SIM3
SIM4
1
21
22
SIM5
SIM1
SIM2
SIM3
SIM4
1
21
22
SIM5
SIM1
SIM2
SIM3
SIM4
1
21
22
SIM5
SIM1
SIM2
SIM3
SIM4
1
21
22
SIM5
SIM1
SIM2
SIM3
SIM4
1
21
22
SIM5
SIM1
SIM2
SIM3
SIM4
1
21
22
SIM5
SIM1
SIM2
SIM3
SIM4
1
21
22
SIM5
SIM1
SIM2
SIM3
SIM4
1
21
22
SIM5
SIM1
SIM2
SIM3
SIM4
1
21
22
SIM5
SIM1
SIM2
SIM3
SIM4
1
21
22
SIM5
SIM1
SIM2
SIM3
SIM4
1
21
22
SIM5
SIM1
SIM2
SIM3
SIM4
1
21
22
SIM5
SIM1
SIM2
SIM3
SIM4
1
21
22
SIM5
SIM1
SIM2
SIM3
SIM4
1
21
22
SIM5
SIM1
SIM2
SIM3
SIM4
1
21
22
SIM5
SIM1
SIM2
SIM3
SIM4
1
21
22
SIM5
SIM1
SIM2
SIM3
SIM4
1
21
22
SIM5
SIM1
SIM2
SIM3
SIM4
1
21
22
SIM5
SIM1
SIM2
SIM3
SIM4
1
21
22
SIM5
SIM1
SIM2
SIM3
SIM4
1
21
22
SIM5
SIM1
SIM2
SIM3
SIM4
1
21
22
SIM5
SIM1
SIM2
SIM3
SIM4
1
21
22
SIM5
SIM1
SIM2
SIM3
SIM4
1
21
22
SIM5
SIM1
SIM2
SIM3
SIM4
1
21
22
SIM5
SIM1
SIM2
SIM3
SIM4
1
21
22
SIM5
SIM1
SIM2
SIM3
SIM4
1
21
22
SIM5
SIM1
SIM2
SIM3
SIM4
1
21
22
SIM5
SIM1
SIM2
SIM3
SIM4
1
21
22
SIM5
SIM1
SIM2
SIM3
SIM4
1
21
22
SIM5
SIM1
SIM2
SIM3
SIM4
1
21
22
SIM5
SIM1
SIM2
SIM3
SIM4
1
21
22
SIM5
SIM1
SIM2
SIM3
SIM4
1
21
22
SIM5
SIM1
SIM2
SIM3
SIM4
1
21
22
SIM5
SIM1
SIM2
SIM3
SIM4
1
21
22
SIM5
SIM1
SIM2
SIM3
SIM4
1
21
22
SIM5
SIM1
SIM2
SIM3
SIM4
1
21
22
SIM5
SIM1
SIM2
SIM3
SIM4
1
21
22
SIM5
SIM1
SIM2
SIM3
SIM4
1
21
22
SIM5
SIM1
SIM2
SIM3
SIM4
1
21
22
SIM5
SIM1
SIM2
SIM3
SIM4
1
21
22
SIM5
SIM1
SIM2
SIM3
SIM4
1
21
22
SIM5
SIM1
SIM2
SIM3
SIM4
1
21
22
SIM5
SIM1
SIM2
SIM3
SIM4
1
21
22
SIM5
SIM1
SIM2
SIM3
SIM4
1
21
22
SIM5
SIM1
SIM2
SIM3
SIM4
1
21
22
SIM5
SIM1
SIM2
SIM3
SIM4
1
21
22
SIM5
SIM1
SIM2
SIM3
SIM4
1
21
22
SIM5
SIM1
SIM2
SIM3
SIM4
1
21
22
SIM5
SIM1
SIM2
SIM3
SIM4
1
21
22
SIM5
SIM1
SIM2
SIM3
SIM4
1
21
22
SIM5
SIM1
SIM2
SIM3
SIM4
1
21
22
SIM5
SIM1
SIM2
SIM3
SIM4
1
21
22
SIM5
SIM1
SIM2
SIM3
SIM4
1
21
22
SIM5
SIM1
SIM2
SIM3
SIM4
1
21
22
SIM5
SIM1
SIM2
SIM3
SIM4
1
21
22
SIM5
SIM1
SIM2
SIM3
SIM4
1
21
22
SIM5
SIM1
SIM2
SIM3
SIM4
1
21
22
SIM5
SIM1
SIM2
SIM3
SIM4
1
21
22
SIM5
SIM1
SIM2
SIM3
SIM4
1
21
22
SIM5
SIM1
SIM2
SIM3
SIM4
1
21
22
SIM5
SIM1
SIM2
SIM3
SIM4
1
21
22
SIM5
SIM1
SIM2
SIM3
SIM4
1
21
22
SIM5
SIM1
SIM2
SIM3
SIM4
1
21
22
SIM5
SIM1
SIM2
SIM3
SIM4
1
21
22
SIM5
SIM1
SIM2
SIM3
SIM4
1
21
22
SIM5
SIM1
SIM2
SIM3
SIM4
1
21
22
SIM5
SIM1
SIM2
SIM3
SIM4
1
21
22
SIM5
SIM1
SIM2
SIM3
SIM4
1
21
22
SIM5
SIM1
SIM2
SIM3
SIM4
1
21
22
SIM5
SIM1
SIM2
SIM3
SIM4
1
21
22
SIM5
SIM1
SIM2
SIM3
SIM4
1
21
22
SIM5
SIM1
SIM2
SIM3
SIM4
1
21
22
SIM5
SIM1
SIM2
SIM3
SIM4
1
21
22
SIM5
SIM1
SIM2
SIM3
SIM4
1
21
22
SIM5
SIM1
SIM2
SIM3
SIM4
1
21
22
SIM5
SIM1
SIM2
SIM3
SIM4
1
21
22
SIM5
SIM1
SIM2
SIM3
SIM4
1
21
22
SIM5
SIM1
SIM2
SIM3
SIM4
1
21
22
SIM5
SIM1
SIM2
SIM3
SIM4
1
21
22
SIM5
SIM1
SIM2
SIM3
SIM4
1
21
22
SIM5
SIM1
SIM2
SIM3
SIM4
1
21
22
SIM5
SIM1
SIM2
SIM3
SIM4
1
21
22
SIM5
SIM1
SIM2
SIM3
SIM4
1
21
22
SIM5
SIM1
SIM2
SIM3
SIM4
1
21
22
SIM5
SIM1
SIM2
SIM3
SIM4
1
21
22
SIM5
SIM1
SIM2
SIM3
SIM4
1
21
22
SIM5
SIM1
SIM2
SIM3
SIM4
1
21
22
SIM5
SIM1
SIM2
SIM3
SIM4
1
21
22
SIM5
SIM1
SIM2
SIM3
SIM4
1
21
22
SIM5
SIM1
SIM2
SIM3
SIM4
1
21
22
SIM5
SIM1
SIM2
SIM3
SIM4
1
21
22
SIM5
SIM1
SIM2
SIM3
SIM4
1
21
22
SIM5
SIM1
SIM2
SIM3
SIM4
1
21
22
SIM5
SIM1
SIM2
SIM3
SIM4
1
21
22
SIM5
SIM1
SIM2
SIM3
SIM4
1
21
22
SIM5
SIM1
SIM2
SIM3
SIM4
1
21
22
SIM5
SIM1
SIM2
SIM3
SIM4
1
21
22
SIM5
SIM1
SIM2
SIM3
SIM4
1
21
22
SIM5
SIM1
SIM2
SIM3
SIM4
1
21
22
SIM5
SIM1
SIM2
SIM3
SIM4
1
21
22
SIM5
SIM1
SIM2
SIM3
SIM4
1
21
22
SIM5
SIM1
SIM2
SIM3
SIM4
1
21
22
SIM5
SIM1
SIM2
SIM3
SIM4
1
21
22
SIM5
SIM1
SIM2
SIM3
SIM4
1
21
22
SIM5
SIM1
SIM2
SIM3
SIM4
1
21
22
SIM5
SIM1
SIM2
SIM3
SIM4
1
21
22
SIM5
SIM1
SIM2
SIM3
SIM4
1
21
22
SIM5
SIM1
SIM2
SIM3
SIM4
1
21
22
SIM5
SIM1
SIM2
SIM3
SIM4
1
21
22
SIM5
SIM1
SIM2
SIM3
SIM4
1
21
22
SIM5
SIM1
SIM2
SIM3
SIM4
1
21
22
SIM5
SIM1
SIM2
SIM3
SIM4
1
21
22
SIM5
SIM1
SIM2
SIM3
SIM4
1
21
22
SIM5
SIM1
SIM2
SIM3
SIM4
1
21
22
SIM5
SIM1
SIM2
SIM3
SIM4
1
21
22
SIM5
SIM1
SIM2
SIM3
SIM4
1
21
22
SIM5
SIM1
SIM2
SIM3
SIM4
1
21
22
SIM5
SIM1
SIM2
SIM3
SIM4
1
21
22
SIM5
SIM1
SIM2
SIM3
SIM4
1
21
22
SIM5
SIM1
SIM2
SIM3
SIM4
1
21
22
SIM5
SIM1
SIM2
SIM3
SIM4
1
21
22
SIM5
SIM1
SIM2
SIM3
SIM4
1
21
22
SIM5
SIM1
SIM2
SIM3
SIM4
1
21
22
SIM5
SIM1
SIM2
SIM3
SIM4
1
21
22
SIM5
SIM1
SIM2
SIM3
SIM4
1
21
22
SIM5
SIM1
SIM2
SIM3
SIM4
1
21
22
SIM5
SIM1
SIM2
SIM3
SIM4
1
21
22
SIM5
SIM1
SIM2
SIM3
SIM4
1
21
22
SIM5
SIM1
SIM2
SIM3
SIM4
1
21
22
SIM5
SIM1
SIM2
SIM3
SIM4
1
21
22
SIM5
SIM1
SIM2
SIM3
SIM4
1
21
22
SIM5
SIM1
SIM2
SIM3
SIM4
1
21
22
SIM5
SIM1
SIM2
SIM3
SIM4
1
21
22
SIM5
SIM1
SIM2
SIM3
SIM4
1
21
22
SIM5
SIM1
SIM2
SIM3
SIM4
1
21
22
SIM5
SIM1
SIM2
SIM3
SIM4
1
21
22
SIM5
SIM1
SIM2
SIM3
SIM4
1
21
22
SIM5
SIM1
SIM2
SIM3
SIM4
1
21
22
SIM5
SIM1
SIM2
SIM3
SIM4
1
21
22
SIM5
SIM1
SIM2
SIM3
SIM4
1
21
22
SIM5
SIM1
SIM2
SIM3
SIM4
1
21
22
SIM5
SIM1
SIM2
SIM3
SIM4
1
21
22
SIM5
SIM1
SIM2
SIM3
SIM4
1
21
22
SIM5
SIM1
SIM2
SIM3
SIM4
1
21
22
SIM5
SIM1
SIM2
SIM3
SIM4
1
21
22
SIM5
SIM1
SIM2
SIM3
SIM4
1
21
22
SIM5
SIM1
SIM2
SIM3
SIM4
1
21
22
SIM5
SIM1
SIM2
SIM3
SIM4
1
21
22
SIM5
SIM1
SIM2
SIM3
SIM4
1
21
22
SIM5
SIM1
SIM2
SIM3
SIM4
1
21
22
SIM5
SIM1
SIM2
SIM3
SIM4
1
21
22
SIM5
SIM1
SIM2
SIM3
SIM4
1
21
22
SIM5
SIM1
SIM2
SIM3
SIM4
1
21
22
SIM5
SIM1
SIM2
SIM3
SIM4
1
21
22
SIM5
SIM1
SIM2
SIM3
SIM4
1
21
22
SIM5
SIM1
SIM2
SIM3
SIM4
1
21
22
SIM5
SIM1
SIM2
SIM3
SIM4
1
21
22
SIM5
SIM1
SIM2
SIM3
SIM4
1
21
22
SIM5
SIM1
SIM2
SIM3
SIM4
1
21
22
SIM5
SIM1
SIM2
SIM3
SIM4
1
21
22
SIM5
SIM1
SIM2
SIM3
SIM4
1
21
22
SIM5
SIM1
SIM2
SIM3
SIM4
1
21
22
SIM5
SIM1
SIM2
SIM3
SIM4
1
21
22
SIM5
SIM1
SIM2
DEBUG 1 30
SIM1
SIM2
SIM3
SIM4
1
21
22
SIM5
SIM1
SIM2
SIM3
SIM4
1
21
22
SIM5
SIM1
SIM2
SIM3
SIM4
1
21
22
SIM5
SIM1
SIM2
SIM3
SIM4
1
21
22
SIM5
SIM1
SIM2
SIM3
SIM4
1
21
22
SIM5
SIM1
SIM2
SIM3
SIM4
1
21
22
SIM5
SIM1
SIM2
SIM3
SIM4
1
21
22
SIM5
SIM1
SIM2
SIM3
SIM4
1
21
22
SIM5
SIM1
SIM2
SIM3
SIM4
1
21
22
SIM5
SIM1
SIM2
SIM3
SIM4
1
21
22
SIM5
SIM1
SIM2
SIM3
SIM4
1
21
22
SIM5
SIM1
SIM2
SIM3
SIM4
1
21
22
SIM5
SIM1
SIM2
SIM3
SIM4
1
21
22
SIM5
SIM1
SIM2
SIM3
SIM4
1
21
22
SIM5
SIM1
SIM2
SIM3
SIM4
1
21
22
SIM5
SIM1
SIM2
SIM3
SIM4
1
21
22
SIM5
SIM1
SIM2
SIM3
SIM4
1
21
22
SIM5
SIM1
SIM2
SIM3
SIM4
1
21
22
SIM5
SIM1
SIM2
SIM3
SIM4
1
21
22
SIM5
SIM1
SIM2
SIM3
SIM4
1
21
22
SIM5
SIM1
SIM2
SIM3
SIM4
1
21
22
SIM5
SIM1
SIM2
SIM3
SIM4
1
21
22
SIM5
SIM1
SIM2
SIM3
SIM4
1
21
22
SIM5
SIM1
SIM2
SIM3
SIM4
1
21
22
SIM5
SIM1
SIM2
SIM3
SIM4
1
21
22
SIM5
SIM1
SIM2
SIM3
SIM4
1
21
22
SIM5
SIM1
SIM2
SIM3
SIM4
1
21
22
SIM5
SIM1
SIM2
SIM3
SIM4
1
21
22
SIM5
SIM1
SIM2
SIM3
SIM4
1
21
22
SIM5
SIM1
SIM2
SIM3
SIM4
1
21
22
SIM5
SIM1
SIM2
SIM3
SIM4
1
21
22
SIM5
SIM1
SIM2
SIM3
SIM4
1
21
22
SIM5
SIM1
SIM2
SIM3
SIM4
1
21
22
SIM5
SIM1
SIM2
SIM3
SIM4
1
21
22
SIM5
SIM1
SIM2
SIM3
SIM4
1
21
22
SIM5
SIM1
SIM2
SIM3
SIM4
1
21
22
SIM5
SIM1
SIM2
SIM3
SIM4
1
21
22
SIM5
SIM1
SIM2
SIM3
SIM4
1
21
22
SIM5
SIM1
SIM2
SIM3
SIM4
1
21
22
SIM5
SIM1
SIM2
SIM3
SIM4
1
21
22
SIM5
SIM1
SIM2
SIM3
SIM4
1
21
22
SIM5
SIM1
SIM2
SIM3
SIM4
1
21
22
SIM5
SIM1
SIM2
SIM3
SIM4
1
21
22
SIM5
SIM1
SIM2
SIM3
SIM4
1
21
22
SIM5
SIM1
SIM2
SIM3
SIM4
1
21
22
SIM5
SIM1
SIM2
SIM3
SIM4
1
21
22
SIM5
SIM1
SIM2
SIM3
SIM4
1
21
22
SIM5
SIM1
SIM2
SIM3
SIM4
1
21
22
SIM5
SIM1
SIM2
SIM3
SIM4
1
21
22
SIM5
SIM1
SIM2
SIM3
SIM4
1
21
22
SIM5
SIM1
SIM2
SIM3
SIM4
1
21
22
SIM5
SIM1
SIM2
SIM3
SIM4
1
21
22
SIM5
SIM1
SIM2
SIM3
SIM4
1
21
22
SIM5
SIM1
SIM2
SIM3
SIM4
1
21
22
SIM5
SIM1
SIM2
SIM3
SIM4
1
21
22
SIM5
SIM1
SIM2
SIM3
SIM4
1
21
22
SIM5
SIM1
SIM2
SIM3
SIM4
1
21
22
SIM5
SIM1
SIM2
SIM3
SIM4
1
21
22
SIM5
SIM1
SIM2
SIM3
SIM4
1
21
22
SIM5
SIM1
SIM2
SIM3
SIM4
1
21
22
SIM5
SIM1
SIM2
SIM3
SIM4
1
21
22
SIM5
SIM1
SIM2
SIM3
SIM4
1
21
22
SIM5
SIM1
SIM2
SIM3
SIM4
1
21
22
SIM5
SIM1
SIM2
SIM3
SIM4
1
21
22
SIM5
SIM1
SIM2
SIM3
SIM4
1
21
22
SIM5
SIM1
SIM2
SIM3
SIM4
1
21
22
SIM5
SIM1
SIM2
SIM3
SIM4
1
21
22
SIM5
SIM1
SIM2
SIM3
SIM4
1
21
22
SIM5
SIM1
SIM2
SIM3
SIM4
1
21
22
SIM5
SIM1
SIM2
SIM3
SIM4
1
21
22
SIM5
SIM1
SIM2
SIM3
SIM4
1
21
22
SIM5
SIM1
SIM2
SIM3
SIM4
1
21
22
SIM5
SIM1
SIM2
SIM3
SIM4
1
21
22
SIM5
SIM1
SIM2
SIM3
SIM4
1
21
22
SIM5
SIM1
SIM2
SIM3
SIM4
1
21
22
SIM5
SIM1
SIM2
SIM3
SIM4
1
21
22
SIM5
SIM1
SIM2
SIM3
SIM4
1
21
22
SIM5
SIM1
SIM2
SIM3
SIM4
1
21
22
SIM5
SIM1
SIM2
SIM3
SIM4
1
21
22
SIM5
SIM1
SIM2
SIM3
SIM4
1
21
22
SIM5
SIM1
SIM2
SIM3
SIM4
1
21
22
SIM5
SIM1
SIM2
SIM3
SIM4
1
21
22
SIM5
SIM1
SIM2
SIM3
SIM4
1
21
22
SIM5
SIM1
SIM2
SIM3
SIM4
1
21
22
SIM5
SIM1
SIM2
SIM3
SIM4
1
21
22
SIM5
SIM1
SIM2
SIM3
SIM4
1
21
22
SIM5
SIM1
SIM2
SIM3
SIM4
1
21
22
SIM5
SIM1
SIM2
SIM3
SIM4
1
21
22
SIM5
SIM1
SIM2
SIM3
SIM4
1
21
22
SIM5
SIM1
SIM2
SIM3
SIM4
1
21
22
SIM5
SIM1
SIM2
SIM3
SIM4
1
21
22
SIM5
SIM1
SIM2
SIM3
SIM4
1
21
22
SIM5
SIM1
SIM2
SIM3
SIM4
1
21
22
SIM5
SIM1
SIM2
SIM3
SIM4
1
21
22
SIM5
SIM1
SIM2
SIM3
SIM4
1
21
22
SIM5
SIM1
SIM2
SIM3
SIM4
1
21
22
SIM5
SIM1
SIM2
SIM3
SIM4
1
21
22
SIM5
SIM1
SIM2
SIM3
SIM4
1
21
22
SIM5
SIM1
SIM2
SIM3
SIM4
1
21
22
SIM5
SIM1
SIM2
SIM3
SIM4
1
21
22
SIM5
SIM1
SIM2
SIM3
SIM4
1
21
22
SIM5
SIM1
SIM2
SIM3
SIM4
1
21
22
SIM5
SIM1
SIM2
SIM3
SIM4
1
21
22
SIM5
SIM1
SIM2
SIM3
SIM4
1
21
22
SIM5
SIM1
SIM2
SIM3
SIM4
1
21
22
SIM5
SIM1
SIM2
SIM3
SIM4
1
21
22
SIM5
SIM1
SIM2
SIM3
SIM4
1
21
22
SIM5
SIM1
SIM2
SIM3
SIM4
1
21
22
SIM5
SIM1
SIM2
SIM3
SIM4
1
21
22
SIM5
SIM1
SIM2
SIM3
SIM4
1
21
22
SIM5
SIM1
SIM2
SIM3
SIM4
1
21
22
SIM5
SIM1
SIM2
SIM3
SIM4
1
21
22
SIM5
SIM1
SIM2
SIM3
SIM4
1
21
22
SIM5
SIM1
SIM2
SIM3
SIM4
1
21
22
SIM5
SIM1
SIM2
SIM3
SIM4
1
21
22
SIM5
SIM1
SIM2
SIM3
SIM4
1
21
22
SIM5
SIM1
SIM2
SIM3
SIM4
1
21
22
SIM5
SIM1
SIM2
SIM3
SIM4
1
21
22
SIM5
SIM1
SIM2
SIM3
SIM4
1
21
22
SIM5
SIM1
SIM2
SIM3
SIM4
1
21
22
SIM5
SIM1
SIM2
SIM3
SIM4
1
21
22
SIM5
SIM1
SIM2
SIM3
SIM4
1
21
22
SIM5
SIM1
SIM2
SIM3
SIM4
1
21
22
SIM5
SIM1
SIM2
SIM3
SIM4
1
21
22
SIM5
SIM1
SIM2
SIM3
SIM4
1
21
22
SIM5
SIM1
SIM2
SIM3
SIM4
1
21
22
SIM5
SIM1
SIM2
SIM3
SIM4
1
21
22
SIM5
SIM1
SIM2
SIM3
SIM4
1
21
22
SIM5
SIM1
SIM2
SIM3
SIM4
1
21
22
SIM5
SIM1
SIM2
SIM3
SIM4
1
21
22
SIM5
SIM1
SIM2
SIM3
SIM4
1
21
22
SIM5
SIM1
SIM2
SIM3
SIM4
1
21
22
SIM5
SIM1
SIM2
SIM3
SIM4
1
21
22
SIM5
SIM1
SIM2
SIM3
SIM4
1
21
22
SIM5
SIM1
SIM2
SIM3
SIM4
1
21
22
SIM5
SIM1
SIM2
SIM3
SIM4
1
21
22
SIM5
SIM1
SIM2
SIM3
SIM4
1
21
22
SIM5
SIM1
SIM2
SIM3
SIM4
1
21
22
SIM5
SIM1
SIM2
SIM3
SIM4
1
21
22
SIM5
SIM1
SIM2
SIM3
SIM4
1
21
22
SIM5
SIM1
SIM2
SIM3
SIM4
1
21
22
SIM5
SIM1
SIM2
SIM3
SIM4
1
21
22
SIM5
SIM1
SIM2
SIM3
SIM4
1
21
22
SIM5
SIM1
SIM2
SIM3
SIM4
1
21
22
SIM5
SIM1
SIM2
SIM3
SIM4
1
21
22
SIM5
SIM1
SIM2
SIM3
SIM4
1
21
22
SIM5
SIM1
SIM2
SIM3
SIM4
1
21
22
SIM5
SIM1
SIM2
SIM3
SIM4
1
21
22
SIM5
SIM1
SIM2
SIM3
SIM4
1
21
22
SIM5
SIM1
SIM2
SIM3
SIM4
1
21
22
SIM5
SIM1
SIM2
SIM3
SIM4
1
21
22
SIM5
SIM1
SIM2
SIM3
SIM4
1
21
22
SIM5
SIM1
SIM2
SIM3
SIM4
1
21
22
SIM5
SIM1
SIM2
SIM3
SIM4
1
21
22
SIM5
SIM1
SIM2
SIM3
SIM4
1
21
22
SIM5
SIM1
SIM2
SIM3
SIM4
1
21
22
SIM5
SIM1
SIM2
SIM3
SIM4
1
21
22
SIM5
SIM1
SIM2
SIM3
SIM4
1
21
22
SIM5
SIM1
SIM2
SIM3
SIM4
1
21
22
SIM5
SIM1
SIM2
SIM3
SIM4
1
21
22
SIM5
SIM1
SIM2
SIM3
SIM4
1
21
22
SIM5
SIM1
SIM2
SIM3
SIM4
1
21
22
SIM5
SIM1
SIM2
SIM3
SIM4
1
21
22
SIM5
SIM1
SIM2
SIM3
SIM4
1
21
22
SIM5
SIM1
SIM2
SIM3
SIM4
1
21
22
SIM5
SIM1
SIM2
SIM3
SIM4
1
21
22
SIM5
SIM1
SIM2
SIM3
SIM4
1
21
22
SIM5
SIM1
SIM2
SIM3
SIM4
1
21
22
SIM5
SIM1
SIM2
SIM3
SIM4
1
21
22
SIM5
SIM1
SIM2
SIM3
SIM4
1
21
22
SIM5
SIM1
SIM2
SIM3
SIM4
1
21
22
SIM5
SIM1
SIM2
SIM3
SIM4
1
21
22
SIM5
SIM1
SIM2
SIM3
SIM4
1
21
22
SIM5
SIM1
SIM2
SIM3
SIM4
1
21
22
SIM5
SIM1
SIM2
SIM3
SIM4
1
21
22
SIM5
SIM1
SIM2
SIM3
SIM4
1
21
22
SIM5
SIM1
SIM2
SIM3
SIM4
1
21
22
SIM5
SIM1
SIM2
SIM3
SIM4
1
21
22
SIM5
SIM1
SIM2
SIM3
SIM4
1
21
22
SIM5
SIM1
SIM2
SIM3
SIM4
1
21
22
SIM5
SIM1
SIM2
SIM3
SIM4
1
21
22
SIM5
SIM1
SIM2
SIM3
SIM4
1
21
22
SIM5
SIM1
SIM2
SIM3
SIM4
1
21
22
SIM5
SIM1
SIM2
SIM3
SIM4
1
21
22
SIM5
SIM1
SIM2
SIM3
SIM4
1
21
22
SIM5
SIM1
SIM2
SIM3
SIM4
1
21
22
SIM5
SIM1
SIM2
SIM3
SIM4
1
21
22
SIM5
SIM1
SIM2
SIM3
SIM4
1
21
22
SIM5
SIM1
SIM2
SIM3
SIM4
1
21
22
SIM5
SIM1
SIM2
SIM3
SIM4
1
21
22
SIM5
SIM1
SIM2
SIM3
SIM4
1
21
22
SIM5
SIM1
SIM2
SIM3
SIM4
1
21
22
SIM5
SIM1
SIM2
SIM3
SIM4
1
21
22
SIM5
SIM1
SIM2
SIM3
SIM4
1
21
22
SIM5
SIM1
SIM2
SIM3
SIM4
1
21
22
SIM5
SIM1
SIM2
SIM3
SIM4
1
21
22
SIM5
SIM1
SIM2
SIM3
SIM4
1
21
22
SIM5
SIM1
SIM2
SIM3
SIM4
1
21
22
SIM5
SIM1
SIM2
SIM3
SIM4
1
21
22
SIM5
SIM1
SIM2
SIM3
SIM4
1
21
22
SIM5
SIM1
SIM2
SIM3
SIM4
1
21
22
SIM5
SIM1
SIM2
SIM3
SIM4
1
21
22
SIM5
SIM1
SIM2
SIM3
SIM4
1
21
22
SIM5
SIM1
SIM2
SIM3
SIM4
1
21
22
SIM5
SIM1
SIM2
SIM3
SIM4
1
21
22
SIM5
SIM1
SIM2
DEBUG 1 31
SIM1
SIM2
SIM3
SIM4
1
21
22
SIM5
SIM1
SIM2
SIM3
SIM4
1
21
22
SIM5
SIM1
SIM2
SIM3
SIM4
1
21
22
SIM5
SIM1
SIM2
SIM3
SIM4
1
21
22
SIM5
SIM1
SIM2
SIM3
SIM4
1
21
22
SIM5
SIM1
SIM2
SIM3
SIM4
1
21
22
SIM5
SIM1
SIM2
SIM3
SIM4
1
21
22
SIM5
SIM1
SIM2
SIM3
SIM4
1
21
22
SIM5
SIM1
SIM2
SIM3
SIM4
1
21
22
SIM5
SIM1
SIM2
SIM3
SIM4
1
21
22
SIM5
SIM1
SIM2
SIM3
SIM4
1
21
22
SIM5
SIM1
SIM2
SIM3
SIM4
1
21
22
SIM5
SIM1
SIM2
SIM3
SIM4
1
21
22
SIM5
SIM1
SIM2
SIM3
SIM4
1
21
22
SIM5
SIM1
SIM2
SIM3
SIM4
1
21
22
SIM5
SIM1
SIM2
SIM3
SIM4
1
21
22
SIM5
SIM1
SIM2
SIM3
SIM4
1
21
22
SIM5
SIM1
SIM2
SIM3
SIM4
1
21
22
SIM5
SIM1
SIM2
SIM3
SIM4
1
21
22
SIM5
SIM1
SIM2
SIM3
SIM4
1
21
22
SIM5
SIM1
SIM2
SIM3
SIM4
1
21
22
SIM5
SIM1
SIM2
SIM3
SIM4
1
21
22
SIM5
SIM1
SIM2
SIM3
SIM4
1
21
22
SIM5
SIM1
SIM2
SIM3
SIM4
1
21
22
SIM5
SIM1
SIM2
SIM3
SIM4
1
21
22
SIM5
SIM1
SIM2
SIM3
SIM4
1
21
22
SIM5
SIM1
SIM2
SIM3
SIM4
1
21
22
SIM5
SIM1
SIM2
SIM3
SIM4
1
21
22
SIM5
SIM1
SIM2
SIM3
SIM4
1
21
22
SIM5
SIM1
SIM2
SIM3
SIM4
1
21
22
SIM5
SIM1
SIM2
SIM3
SIM4
1
21
22
SIM5
SIM1
SIM2
SIM3
SIM4
1
21
22
SIM5
SIM1
SIM2
SIM3
SIM4
1
21
22
SIM5
SIM1
SIM2
SIM3
SIM4
1
21
22
SIM5
SIM1
SIM2
SIM3
SIM4
1
21
22
SIM5
SIM1
SIM2
SIM3
SIM4
1
21
22
SIM5
SIM1
SIM2
SIM3
SIM4
1
21
22
SIM5
SIM1
SIM2
SIM3
SIM4
1
21
22
SIM5
SIM1
SIM2
SIM3
SIM4
1
21
22
SIM5
SIM1
SIM2
SIM3
SIM4
1
21
22
SIM5
SIM1
SIM2
SIM3
SIM4
1
21
22
SIM5
SIM1
SIM2
SIM3
SIM4
1
21
22
SIM5
SIM1
SIM2
SIM3
SIM4
1
21
22
SIM5
SIM1
SIM2
SIM3
SIM4
1
21
22
SIM5
SIM1
SIM2
SIM3
SIM4
1
21
22
SIM5
SIM1
SIM2
SIM3
SIM4
1
21
22
SIM5
SIM1
SIM2
SIM3
SIM4
1
21
22
SIM5
SIM1
SIM2
SIM3
SIM4
1
21
22
SIM5
SIM1
SIM2
SIM3
SIM4
1
21
22
SIM5
SIM1
SIM2
SIM3
SIM4
1
21
22
SIM5
SIM1
SIM2
SIM3
SIM4
1
21
22
SIM5
SIM1
SIM2
SIM3
SIM4
1
21
22
SIM5
SIM1
SIM2
SIM3
SIM4
1
21
22
SIM5
SIM1
SIM2
SIM3
SIM4
1
21
22
SIM5
SIM1
SIM2
SIM3
SIM4
1
21
22
SIM5
SIM1
SIM2
SIM3
SIM4
1
21
22
SIM5
SIM1
SIM2
SIM3
SIM4
1
21
22
SIM5
SIM1
SIM2
SIM3
SIM4
1
21
22
SIM5
SIM1
SIM2
SIM3
SIM4
1
21
22
SIM5
SIM1
SIM2
SIM3
SIM4
1
21
22
SIM5
SIM1
SIM2
SIM3
SIM4
1
21
22
SIM5
SIM1
SIM2
SIM3
SIM4
1
21
22
SIM5
SIM1
SIM2
SIM3
SIM4
1
21
22
SIM5
SIM1
SIM2
SIM3
SIM4
1
21
22
SIM5
SIM1
SIM2
SIM3
SIM4
1
21
22
SIM5
SIM1
SIM2
SIM3
SIM4
1
21
22
SIM5
SIM1
SIM2
SIM3
SIM4
1
21
22
SIM5
SIM1
SIM2
SIM3
SIM4
1
21
22
SIM5
SIM1
SIM2
SIM3
SIM4
1
21
22
SIM5
SIM1
SIM2
SIM3
SIM4
1
21
22
SIM5
SIM1
SIM2
SIM3
SIM4
1
21
22
SIM5
SIM1
SIM2
SIM3
SIM4
1
21
22
SIM5
SIM1
SIM2
SIM3
SIM4
1
21
22
SIM5
SIM1
SIM2
SIM3
SIM4
1
21
22
SIM5
SIM1
SIM2
SIM3
SIM4
1
21
22
SIM5
SIM1
SIM2
SIM3
SIM4
1
21
22
SIM5
SIM1
SIM2
SIM3
SIM4
1
21
22
SIM5
SIM1
SIM2
SIM3
SIM4
1
21
22
SIM5
SIM1
SIM2
SIM3
SIM4
1
21
22
SIM5
SIM1
SIM2
SIM3
SIM4
1
21
22
SIM5
SIM1
SIM2
SIM3
SIM4
1
21
22
SIM5
SIM1
SIM2
SIM3
SIM4
1
21
22
SIM5
SIM1
SIM2
SIM3
SIM4
1
21
22
SIM5
SIM1
SIM2
SIM3
SIM4
1
21
22
SIM5
SIM1
SIM2
SIM3
SIM4
1
21
22
SIM5
SIM1
SIM2
SIM3
SIM4
1
21
22
SIM5
SIM1
SIM2
SIM3
SIM4
1
21
22
SIM5
SIM1
SIM2
SIM3
SIM4
1
21
22
SIM5
SIM1
SIM2
SIM3
SIM4
1
21
22
SIM5
SIM1
SIM2
SIM3
SIM4
1
21
22
SIM5
SIM1
SIM2
SIM3
SIM4
1
21
22
SIM5
SIM1
SIM2
SIM3
SIM4
1
21
22
SIM5
SIM1
SIM2
SIM3
SIM4
1
21
22
SIM5
SIM1
SIM2
SIM3
SIM4
1
21
22
SIM5
SIM1
SIM2
SIM3
SIM4
1
21
22
SIM5
SIM1
SIM2
SIM3
SIM4
1
21
22
SIM5
SIM1
SIM2
SIM3
SIM4
1
21
22
SIM5
SIM1
SIM2
SIM3
SIM4
1
21
22
SIM5
SIM1
SIM2
SIM3
SIM4
1
21
22
SIM5
SIM1
SIM2
SIM3
SIM4
1
21
22
SIM5
SIM1
SIM2
SIM3
SIM4
1
21
22
SIM5
SIM1
SIM2
SIM3
SIM4
1
21
22
SIM5
SIM1
SIM2
SIM3
SIM4
1
21
22
SIM5
SIM1
SIM2
SIM3
SIM4
1
21
22
SIM5
SIM1
SIM2
SIM3
SIM4
1
21
22
SIM5
SIM1
SIM2
SIM3
SIM4
1
21
22
SIM5
SIM1
SIM2
SIM3
SIM4
1
21
22
SIM5
SIM1
SIM2
SIM3
SIM4
1
21
22
SIM5
SIM1
SIM2
SIM3
SIM4
1
21
22
SIM5
SIM1
SIM2
SIM3
SIM4
1
21
22
SIM5
SIM1
SIM2
SIM3
SIM4
1
21
22
SIM5
SIM1
SIM2
SIM3
SIM4
1
21
22
SIM5
SIM1
SIM2
SIM3
SIM4
1
21
22
SIM5
SIM1
SIM2
SIM3
SIM4
1
21
22
SIM5
SIM1
SIM2
SIM3
SIM4
1
21
22
SIM5
SIM1
SIM2
SIM3
SIM4
1
21
22
SIM5
SIM1
SIM2
SIM3
SIM4
1
21
22
SIM5
SIM1
SIM2
SIM3
SIM4
1
21
22
SIM5
SIM1
SIM2
SIM3
SIM4
1
21
22
SIM5
SIM1
SIM2
SIM3
SIM4
1
21
22
SIM5
SIM1
SIM2
SIM3
SIM4
1
21
22
SIM5
SIM1
SIM2
SIM3
SIM4
1
21
22
SIM5
SIM1
SIM2
SIM3
SIM4
1
21
22
SIM5
SIM1
SIM2
SIM3
SIM4
1
21
22
SIM5
SIM1
SIM2
SIM3
SIM4
1
21
22
SIM5
SIM1
SIM2
SIM3
SIM4
1
21
22
SIM5
SIM1
SIM2
SIM3
SIM4
1
21
22
SIM5
SIM1
SIM2
SIM3
SIM4
1
21
22
SIM5
SIM1
SIM2
SIM3
SIM4
1
21
22
SIM5
SIM1
SIM2
SIM3
SIM4
1
21
22
SIM5
SIM1
SIM2
SIM3
SIM4
1
21
22
SIM5
SIM1
SIM2
SIM3
SIM4
1
21
22
SIM5
SIM1
SIM2
SIM3
SIM4
1
21
22
SIM5
SIM1
SIM2
SIM3
SIM4
1
21
22
SIM5
SIM1
SIM2
SIM3
SIM4
1
21
22
SIM5
SIM1
SIM2
SIM3
SIM4
1
21
22
SIM5
SIM1
SIM2
SIM3
SIM4
1
21
22
SIM5
SIM1
SIM2
DEBUG 1 32
SIM1
SIM2
SIM3
SIM4
1
21
22
SIM5
SIM1
SIM2
SIM3
SIM4
1
21
22
SIM5
SIM1
SIM2
SIM3
SIM4
1
21
22
SIM5
SIM1
SIM2
SIM3
SIM4
1
21
22
SIM5
SIM1
SIM2
SIM3
SIM4
1
21
22
SIM5
SIM1
SIM2
SIM3
SIM4
1
21
22
SIM5
SIM1
SIM2
SIM3
SIM4
1
21
22
SIM5
SIM1
SIM2
SIM3
SIM4
1
21
22
SIM5
SIM1
SIM2
SIM3
SIM4
1
21
22
SIM5
SIM1
SIM2
SIM3
SIM4
1
21
22
SIM5
SIM1
SIM2
SIM3
SIM4
1
21
22
SIM5
SIM1
SIM2
SIM3
SIM4
1
21
22
SIM5
SIM1
SIM2
SIM3
SIM4
1
21
22
SIM5
SIM1
SIM2
SIM3
SIM4
1
21
22
SIM5
SIM1
SIM2
SIM3
SIM4
1
21
22
SIM5
SIM1
SIM2
SIM3
SIM4
1
21
22
SIM5
SIM1
SIM2
SIM3
SIM4
1
21
22
SIM5
SIM1
SIM2
SIM3
SIM4
1
21
22
SIM5
SIM1
SIM2
SIM3
SIM4
1
21
22
SIM5
SIM1
SIM2
SIM3
SIM4
1
21
22
SIM5
SIM1
SIM2
SIM3
SIM4
1
21
22
SIM5
SIM1
SIM2
SIM3
SIM4
1
21
22
SIM5
SIM1
SIM2
SIM3
SIM4
1
21
22
SIM5
SIM1
SIM2
SIM3
SIM4
1
21
22
SIM5
SIM1
SIM2
SIM3
SIM4
1
21
22
SIM5
SIM1
SIM2
SIM3
SIM4
1
21
22
SIM5
SIM1
SIM2
SIM3
SIM4
1
21
22
SIM5
SIM1
SIM2
SIM3
SIM4
1
21
22
SIM5
SIM1
SIM2
SIM3
SIM4
1
21
22
SIM5
SIM1
SIM2
SIM3
SIM4
1
21
22
SIM5
SIM1
SIM2
SIM3
SIM4
1
21
22
SIM5
SIM1
SIM2
SIM3
SIM4
1
21
22
SIM5
SIM1
SIM2
SIM3
SIM4
1
21
22
SIM5
SIM1
SIM2
SIM3
SIM4
1
21
22
SIM5
SIM1
SIM2
SIM3
SIM4
1
21
22
SIM5
SIM1
SIM2
SIM3
SIM4
1
21
22
SIM5
SIM1
SIM2
SIM3
SIM4
1
21
22
SIM5
SIM1
SIM2
SIM3
SIM4
1
21
22
SIM5
SIM1
SIM2
SIM3
SIM4
1
21
22
SIM5
SIM1
SIM2
SIM3
SIM4
1
21
22
SIM5
SIM1
SIM2
SIM3
SIM4
1
21
22
SIM5
SIM1
SIM2
SIM3
SIM4
1
21
22
SIM5
SIM1
SIM2
SIM3
SIM4
1
21
22
SIM5
SIM1
SIM2
SIM3
SIM4
1
21
22
SIM5
SIM1
SIM2
SIM3
SIM4
1
21
22
SIM5
SIM1
SIM2
SIM3
SIM4
1
21
22
SIM5
SIM1
SIM2
SIM3
SIM4
1
21
22
SIM5
SIM1
SIM2
SIM3
SIM4
1
21
22
SIM5
SIM1
SIM2
SIM3
SIM4
1
21
22
SIM5
SIM1
SIM2
SIM3
SIM4
1
21
22
SIM5
SIM1
SIM2
SIM3
SIM4
1
21
22
SIM5
SIM1
SIM2
SIM3
SIM4
1
21
22
SIM5
SIM1
SIM2
SIM3
SIM4
1
21
22
SIM5
SIM1
SIM2
SIM3
SIM4
1
21
22
SIM5
SIM1
SIM2
SIM3
SIM4
1
21
22
SIM5
SIM1
SIM2
SIM3
SIM4
1
21
22
SIM5
SIM1
SIM2
SIM3
SIM4
1
21
22
SIM5
SIM1
SIM2
SIM3
SIM4
1
21
22
SIM5
SIM1
SIM2
SIM3
SIM4
1
21
22
SIM5
SIM1
SIM2
SIM3
SIM4
1
21
22
SIM5
SIM1
SIM2
SIM3
SIM4
1
21
22
SIM5
SIM1
SIM2
SIM3
SIM4
1
21
22
SIM5
SIM1
SIM2
SIM3
SIM4
1
21
22
SIM5
SIM1
SIM2
SIM3
SIM4
1
21
22
SIM5
SIM1
SIM2
SIM3
SIM4
1
21
22
SIM5
SIM1
SIM2
SIM3
SIM4
1
21
22
SIM5
SIM1
SIM2
SIM3
SIM4
1
21
22
SIM5
SIM1
SIM2
SIM3
SIM4
1
21
22
SIM5
SIM1
SIM2
SIM3
SIM4
1
21
22
SIM5
SIM1
SIM2
SIM3
SIM4
1
21
22
SIM5
SIM1
SIM2
SIM3
SIM4
1
21
22
SIM5
SIM1
SIM2
SIM3
SIM4
1
21
22
SIM5
SIM1
SIM2
SIM3
SIM4
1
21
22
SIM5
SIM1
SIM2
SIM3
SIM4
1
21
22
SIM5
SIM1
SIM2
SIM3
SIM4
1
21
22
SIM5
SIM1
SIM2
SIM3
SIM4
1
21
22
SIM5
SIM1
SIM2
SIM3
SIM4
1
21
22
SIM5
SIM1
SIM2
SIM3
SIM4
1
21
22
SIM5
SIM1
SIM2
SIM3
SIM4
1
21
22
SIM5
SIM1
SIM2
SIM3
SIM4
1
21
22
SIM5
SIM1
SIM2
SIM3
SIM4
1
21
22
SIM5
SIM1
SIM2
SIM3
SIM4
1
21
22
SIM5
SIM1
SIM2
SIM3
SIM4
1
21
22
SIM5
SIM1
SIM2
SIM3
SIM4
1
21
22
SIM5
SIM1
SIM2
SIM3
SIM4
1
21
22
SIM5
SIM1
SIM2
SIM3
SIM4
1
21
22
SIM5
SIM1
SIM2
SIM3
SIM4
1
21
22
SIM5
SIM1
SIM2
SIM3
SIM4
1
21
22
SIM5
SIM1
SIM2
SIM3
SIM4
1
21
22
SIM5
SIM1
SIM2
SIM3
SIM4
1
21
22
SIM5
SIM1
SIM2
SIM3
SIM4
1
21
22
SIM5
SIM1
SIM2
SIM3
SIM4
1
21
22
SIM5
SIM1
SIM2
SIM3
SIM4
1
21
22
SIM5
SIM1
SIM2
SIM3
SIM4
1
21
22
SIM5
SIM1
SIM2
SIM3
SIM4
1
21
22
SIM5
SIM1
SIM2
SIM3
SIM4
1
21
22
SIM5
SIM1
SIM2
SIM3
SIM4
1
21
22
SIM5
SIM1
SIM2
SIM3
SIM4
1
21
22
SIM5
SIM1
SIM2
SIM3
SIM4
1
21
22
SIM5
SIM1
SIM2
SIM3
SIM4
1
21
22
SIM5
SIM1
SIM2
SIM3
SIM4
1
21
22
SIM5
SIM1
SIM2
SIM3
SIM4
1
21
22
SIM5
SIM1
SIM2
SIM3
SIM4
1
21
22
SIM5
SIM1
SIM2
SIM3
SIM4
1
21
22
SIM5
SIM1
SIM2
SIM3
SIM4
1
21
22
SIM5
SIM1
SIM2
SIM3
SIM4
1
21
22
SIM5
SIM1
SIM2
SIM3
SIM4
1
21
22
SIM5
SIM1
SIM2
SIM3
SIM4
1
21
22
SIM5
SIM1
SIM2
SIM3
SIM4
1
21
22
SIM5
SIM1
SIM2
SIM3
SIM4
1
21
22
SIM5
SIM1
SIM2
SIM3
SIM4
1
21
22
SIM5
SIM1
SIM2
SIM3
SIM4
1
21
22
SIM5
SIM1
SIM2
DEBUG 1 33
SIM1
SIM2
SIM3
SIM4
1
21
22
SIM5
SIM1
SIM2
SIM3
SIM4
1
21
22
SIM5
SIM1
SIM2
SIM3
SIM4
1
21
22
SIM5
SIM1
SIM2
SIM3
SIM4
1
21
22
SIM5
SIM1
SIM2
SIM3
SIM4
1
21
22
SIM5
SIM1
SIM2
SIM3
SIM4
1
21
22
SIM5
SIM1
SIM2
SIM3
SIM4
1
21
22
SIM5
SIM1
SIM2
SIM3
SIM4
1
21
22
SIM5
SIM1
SIM2
SIM3
SIM4
1
21
22
SIM5
SIM1
SIM2
SIM3
SIM4
1
21
22
SIM5
SIM1
SIM2
SIM3
SIM4
1
21
22
SIM5
SIM1
SIM2
SIM3
SIM4
1
21
22
SIM5
SIM1
SIM2
SIM3
SIM4
1
21
22
SIM5
SIM1
SIM2
SIM3
SIM4
1
21
22
SIM5
SIM1
SIM2
SIM3
SIM4
1
21
22
SIM5
SIM1
SIM2
SIM3
SIM4
1
21
22
SIM5
SIM1
SIM2
SIM3
SIM4
1
21
22
SIM5
SIM1
SIM2
SIM3
SIM4
1
21
22
SIM5
SIM1
SIM2
SIM3
SIM4
1
21
22
SIM5
SIM1
SIM2
SIM3
SIM4
1
21
22
SIM5
SIM1
SIM2
SIM3
SIM4
1
21
22
SIM5
SIM1
SIM2
SIM3
SIM4
1
21
22
SIM5
SIM1
SIM2
SIM3
SIM4
1
21
22
SIM5
SIM1
SIM2
SIM3
SIM4
1
21
22
SIM5
SIM1
SIM2
SIM3
SIM4
1
21
22
SIM5
SIM1
SIM2
SIM3
SIM4
1
21
22
SIM5
SIM1
SIM2
SIM3
SIM4
1
21
22
SIM5
SIM1
SIM2
SIM3
SIM4
1
21
22
SIM5
SIM1
SIM2
SIM3
SIM4
1
21
22
SIM5
SIM1
SIM2
SIM3
SIM4
1
21
22
SIM5
SIM1
SIM2
SIM3
SIM4
1
21
22
SIM5
SIM1
SIM2
SIM3
SIM4
1
21
22
SIM5
SIM1
SIM2
SIM3
SIM4
1
21
22
SIM5
SIM1
SIM2
SIM3
SIM4
1
21
22
SIM5
SIM1
SIM2
SIM3
SIM4
1
21
22
SIM5
SIM1
SIM2
SIM3
SIM4
1
21
22
SIM5
SIM1
SIM2
SIM3
SIM4
1
21
22
SIM5
SIM1
SIM2
SIM3
SIM4
1
21
22
SIM5
SIM1
SIM2
SIM3
SIM4
1
21
22
SIM5
SIM1
SIM2
SIM3
SIM4
1
21
22
SIM5
SIM1
SIM2
SIM3
SIM4
1
21
22
SIM5
SIM1
SIM2
SIM3
SIM4
1
21
22
SIM5
SIM1
SIM2
SIM3
SIM4
1
21
22
SIM5
SIM1
SIM2
SIM3
SIM4
1
21
22
SIM5
SIM1
SIM2
SIM3
SIM4
1
21
22
SIM5
SIM1
SIM2
SIM3
SIM4
1
21
22
SIM5
SIM1
SIM2
SIM3
SIM4
1
21
22
SIM5
SIM1
SIM2
SIM3
SIM4
1
21
22
SIM5
SIM1
SIM2
SIM3
SIM4
1
21
22
SIM5
SIM1
SIM2
SIM3
SIM4
1
21
22
SIM5
SIM1
SIM2
SIM3
SIM4
1
21
22
SIM5
SIM1
SIM2
SIM3
SIM4
1
21
22
SIM5
SIM1
SIM2
SIM3
SIM4
1
21
22
SIM5
SIM1
SIM2
SIM3
SIM4
1
21
22
SIM5
SIM1
SIM2
SIM3
SIM4
1
21
22
SIM5
SIM1
SIM2
SIM3
SIM4
1
21
22
SIM5
SIM1
SIM2
SIM3
SIM4
1
21
22
SIM5
SIM1
SIM2
SIM3
SIM4
1
21
22
SIM5
SIM1
SIM2
SIM3
SIM4
1
21
22
SIM5
SIM1
SIM2
SIM3
SIM4
1
21
22
SIM5
SIM1
SIM2
SIM3
SIM4
1
21
22
SIM5
SIM1
SIM2
SIM3
SIM4
1
21
22
SIM5
SIM1
SIM2
SIM3
SIM4
1
21
22
SIM5
SIM1
SIM2
SIM3
SIM4
1
21
22
SIM5
SIM1
SIM2
SIM3
SIM4
1
21
22
SIM5
SIM1
SIM2
SIM3
SIM4
1
21
22
SIM5
SIM1
SIM2
SIM3
SIM4
1
21
22
SIM5
SIM1
SIM2
SIM3
SIM4
1
21
22
SIM5
SIM1
SIM2
SIM3
SIM4
1
21
22
SIM5
SIM1
SIM2
SIM3
SIM4
1
21
22
SIM5
SIM1
SIM2
SIM3
SIM4
1
21
22
SIM5
SIM1
SIM2
SIM3
SIM4
1
21
22
SIM5
SIM1
SIM2
SIM3
SIM4
1
21
22
SIM5
SIM1
SIM2
SIM3
SIM4
1
21
22
SIM5
SIM1
SIM2
SIM3
SIM4
1
21
22
SIM5
SIM1
SIM2
SIM3
SIM4
1
21
22
SIM5
SIM1
SIM2
SIM3
SIM4
1
21
22
SIM5
SIM1
SIM2
SIM3
SIM4
1
21
22
SIM5
SIM1
SIM2
SIM3
SIM4
1
21
22
SIM5
SIM1
SIM2
SIM3
SIM4
1
21
22
SIM5
SIM1
SIM2
SIM3
SIM4
1
21
22
SIM5
SIM1
SIM2
SIM3
SIM4
1
21
22
SIM5
SIM1
SIM2
SIM3
SIM4
1
21
22
SIM5
SIM1
SIM2
SIM3
SIM4
1
21
22
SIM5
SIM1
SIM2
SIM3
SIM4
1
21
22
SIM5
SIM1
SIM2
SIM3
SIM4
1
21
22
SIM5
SIM1
SIM2
SIM3
SIM4
1
21
22
SIM5
SIM1
SIM2
SIM3
SIM4
1
21
22
SIM5
SIM1
SIM2
SIM3
SIM4
1
21
22
SIM5
SIM1
SIM2
SIM3
SIM4
1
21
22
SIM5
SIM1
SIM2
SIM3
SIM4
1
21
22
SIM5
SIM1
SIM2
SIM3
SIM4
1
21
22
SIM5
SIM1
SIM2
SIM3
SIM4
1
21
22
SIM5
SIM1
SIM2
SIM3
SIM4
1
21
22
SIM5
SIM1
SIM2
SIM3
SIM4
1
21
22
SIM5
SIM1
SIM2
SIM3
SIM4
1
21
22
SIM5
SIM1
SIM2
SIM3
SIM4
1
21
22
SIM5
SIM1
SIM2
SIM3
SIM4
1
21
22
SIM5
SIM1
SIM2
SIM3
SIM4
1
21
22
SIM5
SIM1
SIM2
SIM3
SIM4
1
21
22
SIM5
SIM1
SIM2
SIM3
SIM4
1
21
22
SIM5
SIM1
SIM2
SIM3
SIM4
1
21
22
SIM5
SIM1
SIM2
SIM3
SIM4
1
21
22
SIM5
SIM1
SIM2
SIM3
SIM4
1
21
22
SIM5
SIM1
SIM2
SIM3
SIM4
1
21
22
SIM5
SIM1
SIM2
SIM3
SIM4
1
21
22
SIM5
SIM1
SIM2
SIM3
SIM4
1
21
22
SIM5
SIM1
SIM2
SIM3
SIM4
1
21
22
SIM5
SIM1
SIM2
SIM3
SIM4
1
21
22
SIM5
SIM1
SIM2
SIM3
SIM4
1
21
22
SIM5
SIM1
SIM2
SIM3
SIM4
1
21
22
SIM5
SIM1
SIM2
SIM3
SIM4
1
21
22
SIM5
SIM1
SIM2
SIM3
SIM4
1
21
22
SIM5
SIM1
SIM2
SIM3
SIM4
1
21
22
SIM5
SIM1
SIM2
SIM3
SIM4
1
21
22
SIM5
SIM1
SIM2
SIM3
SIM4
1
21
22
SIM5
SIM1
SIM2
SIM3
SIM4
1
21
22
SIM5
SIM1
SIM2
SIM3
SIM4
1
21
22
SIM5
SIM1
SIM2
SIM3
SIM4
1
21
22
SIM5
SIM1
SIM2
SIM3
SIM4
1
21
22
SIM5
SIM1
SIM2
SIM3
SIM4
1
21
22
SIM5
SIM1
SIM2
SIM3
SIM4
1
21
22
SIM5
SIM1
SIM2
SIM3
SIM4
1
21
22
SIM5
SIM1
SIM2
SIM3
SIM4
1
21
22
SIM5
SIM1
SIM2
SIM3
SIM4
1
21
22
SIM5
SIM1
SIM2
SIM3
SIM4
1
21
22
SIM5
SIM1
SIM2
SIM3
SIM4
1
21
22
SIM5
SIM1
SIM2
SIM3
SIM4
1
21
22
SIM5
SIM1
SIM2
SIM3
SIM4
1
21
22
SIM5
SIM1
SIM2
SIM3
SIM4
1
21
22
SIM5
SIM1
SIM2
SIM3
SIM4
1
21
22
SIM5
SIM1
SIM2
SIM3
SIM4
1
21
22
SIM5
SIM1
SIM2
SIM3
SIM4
1
21
22
SIM5
SIM1
SIM2
SIM3
SIM4
1
21
22
SIM5
SIM1
SIM2
SIM3
SIM4
1
21
22
SIM5
SIM1
SIM2
SIM3
SIM4
1
21
22
SIM5
SIM1
SIM2
SIM3
SIM4
1
21
22
SIM5
SIM1
SIM2
SIM3
SIM4
1
21
22
SIM5
SIM1
SIM2
SIM3
SIM4
1
21
22
SIM5
SIM1
SIM2
SIM3
SIM4
1
21
22
SIM5
SIM1
SIM2
SIM3
SIM4
1
21
22
SIM5
SIM1
SIM2
SIM3
SIM4
1
21
22
SIM5
SIM1
SIM2
SIM3
SIM4
1
21
22
SIM5
SIM1
SIM2
SIM3
SIM4
1
21
22
SIM5
SIM1
SIM2
SIM3
SIM4
1
21
22
SIM5
SIM1
SIM2
SIM3
SIM4
1
21
22
SIM5
SIM1
SIM2
SIM3
SIM4
1
21
22
SIM5
SIM1
SIM2
SIM3
SIM4
1
21
22
SIM5
SIM1
SIM2
SIM3
SIM4
1
21
22
SIM5
SIM1
SIM2
SIM3
SIM4
1
21
22
SIM5
SIM1
SIM2
SIM3
SIM4
1
21
22
SIM5
SIM1
SIM2
SIM3
SIM4
1
21
22
SIM5
SIM1
SIM2
SIM3
SIM4
1
21
22
SIM5
SIM1
SIM2
SIM3
SIM4
1
21
22
SIM5
SIM1
SIM2
SIM3
SIM4
1
21
22
SIM5
SIM1
SIM2
SIM3
SIM4
1
21
22
SIM5
SIM1
SIM2
SIM3
SIM4
1
21
22
SIM5
SIM1
SIM2
SIM3
SIM4
1
21
22
SIM5
SIM1
SIM2
SIM3
SIM4
1
21
22
SIM5
SIM1
SIM2
SIM3
SIM4
1
21
22
SIM5
SIM1
SIM2
SIM3
SIM4
1
21
22
SIM5
SIM1
SIM2
SIM3
SIM4
1
21
22
SIM5
SIM1
SIM2
SIM3
SIM4
1
21
22
SIM5
SIM1
SIM2
SIM3
SIM4
1
21
22
SIM5
SIM1
SIM2
SIM3
SIM4
1
21
22
SIM5
SIM1
SIM2
SIM3
SIM4
1
21
22
SIM5
SIM1
SIM2
SIM3
SIM4
1
21
22
SIM5
SIM1
SIM2
SIM3
SIM4
1
21
22
SIM5
SIM1
SIM2
SIM3
SIM4
1
21
22
SIM5
SIM1
SIM2
SIM3
SIM4
1
21
22
SIM5
SIM1
SIM2
SIM3
SIM4
1
21
22
SIM5
SIM1
SIM2
SIM3
SIM4
1
21
22
SIM5
SIM1
SIM2
SIM3
SIM4
1
21
22
SIM5
SIM1
SIM2
SIM3
SIM4
1
21
22
SIM5
SIM1
SIM2
SIM3
SIM4
1
21
22
SIM5
SIM1
SIM2
SIM3
SIM4
1
21
22
SIM5
SIM1
SIM2
SIM3
SIM4
1
21
22
SIM5
SIM1
SIM2
SIM3
SIM4
1
21
22
SIM5
SIM1
SIM2
SIM3
SIM4
1
21
22
SIM5
SIM1
SIM2
SIM3
SIM4
1
21
22
SIM5
SIM1
SIM2
SIM3
SIM4
1
21
22
SIM5
SIM1
SIM2
SIM3
SIM4
1
21
22
SIM5
SIM1
SIM2
SIM3
SIM4
1
21
22
SIM5
SIM1
SIM2
SIM3
SIM4
1
21
22
SIM5
SIM1
SIM2
SIM3
SIM4
1
21
22
SIM5
SIM1
SIM2
SIM3
SIM4
1
21
22
SIM5
SIM1
SIM2
SIM3
SIM4
1
21
22
SIM5
SIM1
SIM2
SIM3
SIM4
1
21
22
SIM5
SIM1
SIM2
SIM3
SIM4
1
21
22
SIM5
SIM1
SIM2
SIM3
SIM4
1
21
22
SIM5
SIM1
SIM2
SIM3
SIM4
1
21
22
SIM5
SIM1
SIM2
SIM3
SIM4
1
21
22
SIM5
SIM1
SIM2
SIM3
SIM4
1
21
22
SIM5
SIM1
SIM2
SIM3
SIM4
1
21
22
SIM5
SIM1
SIM2
SIM3
SIM4
1
21
22
SIM5
SIM1
SIM2
SIM3
SIM4
1
21
22
SIM5
SIM1
SIM2
SIM3
SIM4
1
21
22
SIM5
SIM1
SIM2
SIM3
SIM4
1
21
22
SIM5
SIM1
SIM2
SIM3
SIM4
1
21
22
SIM5
SIM1
SIM2
SIM3
SIM4
1
21
22
SIM5
SIM1
SIM2
SIM3
SIM4
1
21
22
SIM5
SIM1
SIM2
SIM3
SIM4
1
21
22
SIM5
SIM1
SIM2
SIM3
SIM4
1
21
22
SIM5
SIM1
SIM2
SIM3
SIM4
1
21
22
SIM5
SIM1
SIM2
SIM3
SIM4
1
21
22
SIM5
SIM1
SIM2
SIM3
SIM4
1
21
22
SIM5
SIM1
SIM2
SIM3
SIM4
1
21
22
SIM5
SIM1
SIM2
SIM3
SIM4
1
21
22
SIM5
SIM1
SIM2
SIM3
SIM4
1
21
22
SIM5
SIM1
SIM2
SIM3
SIM4
1
21
22
SIM5
SIM1
SIM2
SIM3
SIM4
1
21
22
SIM5
SIM1
SIM2
SIM3
SIM4
1
21
22
SIM5
SIM1
SIM2
SIM3
SIM4
1
21
22
SIM5
SIM1
SIM2
SIM3
SIM4
1
21
22
SIM5
SIM1
SIM2
SIM3
SIM4
1
21
22
SIM5
SIM1
SIM2
SIM3
SIM4
1
21
22
SIM5
SIM1
SIM2
SIM3
SIM4
1
21
22
SIM5
SIM1
SIM2
SIM3
SIM4
1
21
22
SIM5
SIM1
SIM2
SIM3
SIM4
1
21
22
SIM5
SIM1
SIM2
SIM3
SIM4
1
21
22
SIM5
SIM1
SIM2
SIM3
SIM4
1
21
22
SIM5
SIM1
SIM2
SIM3
SIM4
1
21
22
SIM5
SIM1
SIM2
SIM3
SIM4
1
21
22
SIM5
SIM1
SIM2
SIM3
SIM4
1
21
22
SIM5
SIM1
SIM2
SIM3
SIM4
1
21
22
SIM5
SIM1
SIM2
SIM3
SIM4
1
21
22
SIM5
SIM1
SIM2
SIM3
SIM4
1
21
22
SIM5
SIM1
SIM2
SIM3
SIM4
1
21
22
SIM5
SIM1
SIM2
SIM3
SIM4
1
21
22
SIM5
SIM1
SIM2
SIM3
SIM4
1
21
22
SIM5
SIM1
SIM2
SIM3
SIM4
1
21
22
SIM5
SIM1
SIM2
SIM3
SIM4
1
21
22
SIM5
SIM1
SIM2
SIM3
SIM4
1
21
22
SIM5
SIM1
SIM2
SIM3
SIM4
1
21
22
SIM5
SIM1
SIM2
SIM3
SIM4
1
21
22
SIM5
SIM1
SIM2
SIM3
SIM4
1
21
22
SIM5
SIM1
SIM2
SIM3
SIM4
1
21
22
SIM5
SIM1
SIM2
SIM3
SIM4
1
21
22
SIM5
SIM1
SIM2
SIM3
SIM4
1
21
22
SIM5
SIM1
SIM2
SIM3
SIM4
1
21
22
SIM5
SIM1
SIM2
SIM3
SIM4
1
21
22
SIM5
SIM1
SIM2
SIM3
SIM4
1
21
22
SIM5
SIM1
SIM2
SIM3
SIM4
1
21
22
SIM5
SIM1
SIM2
SIM3
SIM4
1
21
22
SIM5
SIM1
SIM2
SIM3
SIM4
1
21
22
SIM5
SIM1
SIM2
SIM3
SIM4
1
21
22
SIM5
SIM1
SIM2
SIM3
SIM4
1
21
22
SIM5
SIM1
SIM2
DEBUG 1 34
SIM1
SIM2
SIM3
SIM4
1
21
22
SIM5
SIM1
SIM2
SIM3
SIM4
1
21
22
SIM5
SIM1
SIM2
SIM3
SIM4
1
21
22
SIM5
SIM1
SIM2
SIM3
SIM4
1
21
22
SIM5
SIM1
SIM2
SIM3
SIM4
1
21
22
SIM5
SIM1
SIM2
SIM3
SIM4
1
21
22
SIM5
SIM1
SIM2
SIM3
SIM4
1
21
22
SIM5
SIM1
SIM2
SIM3
SIM4
1
21
22
SIM5
SIM1
SIM2
SIM3
SIM4
1
21
22
SIM5
SIM1
SIM2
SIM3
SIM4
1
21
22
SIM5
SIM1
SIM2
SIM3
SIM4
1
21
22
SIM5
SIM1
SIM2
SIM3
SIM4
1
21
22
SIM5
SIM1
SIM2
SIM3
SIM4
1
21
22
SIM5
SIM1
SIM2
SIM3
SIM4
1
21
22
SIM5
SIM1
SIM2
SIM3
SIM4
1
21
22
SIM5
SIM1
SIM2
SIM3
SIM4
1
21
22
SIM5
SIM1
SIM2
SIM3
SIM4
1
21
22
SIM5
SIM1
SIM2
SIM3
SIM4
1
21
22
SIM5
SIM1
SIM2
SIM3
SIM4
1
21
22
SIM5
SIM1
SIM2
SIM3
SIM4
1
21
22
SIM5
SIM1
SIM2
SIM3
SIM4
1
21
22
SIM5
SIM1
SIM2
SIM3
SIM4
1
21
22
SIM5
SIM1
SIM2
SIM3
SIM4
1
21
22
SIM5
SIM1
SIM2
SIM3
SIM4
1
21
22
SIM5
SIM1
SIM2
SIM3
SIM4
1
21
22
SIM5
SIM1
SIM2
SIM3
SIM4
1
21
22
SIM5
SIM1
SIM2
SIM3
SIM4
1
21
22
SIM5
SIM1
SIM2
SIM3
SIM4
1
21
22
SIM5
SIM1
SIM2
SIM3
SIM4
1
21
22
SIM5
SIM1
SIM2
SIM3
SIM4
1
21
22
SIM5
SIM1
SIM2
SIM3
SIM4
1
21
22
SIM5
SIM1
SIM2
SIM3
SIM4
1
21
22
SIM5
SIM1
SIM2
SIM3
SIM4
1
21
22
SIM5
SIM1
SIM2
SIM3
SIM4
1
21
22
SIM5
SIM1
SIM2
SIM3
SIM4
1
21
22
SIM5
SIM1
SIM2
SIM3
SIM4
1
21
22
SIM5
SIM1
SIM2
SIM3
SIM4
1
21
22
SIM5
SIM1
SIM2
SIM3
SIM4
1
21
22
SIM5
SIM1
SIM2
SIM3
SIM4
1
21
22
SIM5
SIM1
SIM2
SIM3
SIM4
1
21
22
SIM5
SIM1
SIM2
SIM3
SIM4
1
21
22
SIM5
SIM1
SIM2
SIM3
SIM4
1
21
22
SIM5
SIM1
SIM2
SIM3
SIM4
1
21
22
SIM5
SIM1
SIM2
SIM3
SIM4
1
21
22
SIM5
SIM1
SIM2
SIM3
SIM4
1
21
22
SIM5
SIM1
SIM2
SIM3
SIM4
1
21
22
SIM5
SIM1
SIM2
SIM3
SIM4
1
21
22
SIM5
SIM1
SIM2
SIM3
SIM4
1
21
22
SIM5
SIM1
SIM2
SIM3
SIM4
1
21
22
SIM5
SIM1
SIM2
SIM3
SIM4
1
21
22
SIM5
SIM1
SIM2
SIM3
SIM4
1
21
22
SIM5
SIM1
SIM2
SIM3
SIM4
1
21
22
SIM5
SIM1
SIM2
SIM3
SIM4
1
21
22
SIM5
SIM1
SIM2
SIM3
SIM4
1
21
22
SIM5
SIM1
SIM2
SIM3
SIM4
1
21
22
SIM5
SIM1
SIM2
SIM3
SIM4
1
21
22
SIM5
SIM1
SIM2
SIM3
SIM4
1
21
22
SIM5
SIM1
SIM2
SIM3
SIM4
1
21
22
SIM5
SIM1
SIM2
SIM3
SIM4
1
21
22
SIM5
SIM1
SIM2
SIM3
SIM4
1
21
22
SIM5
SIM1
SIM2
SIM3
SIM4
1
21
22
SIM5
SIM1
SIM2
SIM3
SIM4
1
21
22
SIM5
SIM1
SIM2
SIM3
SIM4
1
21
22
SIM5
SIM1
SIM2
SIM3
SIM4
1
21
22
SIM5
SIM1
SIM2
SIM3
SIM4
1
21
22
SIM5
SIM1
SIM2
SIM3
SIM4
1
21
22
SIM5
SIM1
SIM2
SIM3
SIM4
1
21
22
SIM5
SIM1
SIM2
SIM3
SIM4
1
21
22
SIM5
SIM1
SIM2
SIM3
SIM4
1
21
22
SIM5
SIM1
SIM2
SIM3
SIM4
1
21
22
SIM5
SIM1
SIM2
SIM3
SIM4
1
21
22
SIM5
SIM1
SIM2
SIM3
SIM4
1
21
22
SIM5
SIM1
SIM2
SIM3
SIM4
1
21
22
SIM5
SIM1
SIM2
SIM3
SIM4
1
21
22
SIM5
SIM1
SIM2
SIM3
SIM4
1
21
22
SIM5
SIM1
SIM2
SIM3
SIM4
1
21
22
SIM5
SIM1
SIM2
SIM3
SIM4
1
21
22
SIM5
SIM1
SIM2
SIM3
SIM4
1
21
22
SIM5
SIM1
SIM2
SIM3
SIM4
1
21
22
SIM5
SIM1
SIM2
SIM3
SIM4
1
21
22
SIM5
SIM1
SIM2
SIM3
SIM4
1
21
22
SIM5
SIM1
SIM2
SIM3
SIM4
1
21
22
SIM5
SIM1
SIM2
SIM3
SIM4
1
21
22
SIM5
SIM1
SIM2
SIM3
SIM4
1
21
22
SIM5
SIM1
SIM2
SIM3
SIM4
1
21
22
SIM5
SIM1
SIM2
SIM3
SIM4
1
21
22
SIM5
SIM1
SIM2
SIM3
SIM4
1
21
22
SIM5
SIM1
SIM2
SIM3
SIM4
1
21
22
SIM5
SIM1
SIM2
SIM3
SIM4
1
21
22
SIM5
SIM1
SIM2
SIM3
SIM4
1
21
22
SIM5
SIM1
SIM2
SIM3
SIM4
1
21
22
SIM5
SIM1
SIM2
SIM3
SIM4
1
21
22
SIM5
SIM1
SIM2
SIM3
SIM4
1
21
22
SIM5
SIM1
SIM2
SIM3
SIM4
1
21
22
SIM5
SIM1
SIM2
SIM3
SIM4
1
21
22
SIM5
SIM1
SIM2
SIM3
SIM4
1
21
22
SIM5
SIM1
SIM2
SIM3
SIM4
1
21
22
SIM5
SIM1
SIM2
SIM3
SIM4
1
21
22
SIM5
SIM1
SIM2
SIM3
SIM4
1
21
22
SIM5
SIM1
SIM2
SIM3
SIM4
1
21
22
SIM5
SIM1
SIM2
SIM3
SIM4
1
21
22
SIM5
SIM1
SIM2
SIM3
SIM4
1
21
22
SIM5
SIM1
SIM2
SIM3
SIM4
1
21
22
SIM5
SIM1
SIM2
SIM3
SIM4
1
21
22
SIM5
SIM1
SIM2
SIM3
SIM4
1
21
22
SIM5
SIM1
SIM2
SIM3
SIM4
1
21
22
SIM5
SIM1
SIM2
SIM3
SIM4
1
21
22
SIM5
SIM1
SIM2
SIM3
SIM4
1
21
22
SIM5
SIM1
SIM2
SIM3
SIM4
1
21
22
SIM5
SIM1
SIM2
SIM3
SIM4
1
21
22
SIM5
SIM1
SIM2
SIM3
SIM4
1
21
22
SIM5
SIM1
SIM2
SIM3
SIM4
1
21
22
SIM5
SIM1
SIM2
SIM3
SIM4
1
21
22
SIM5
SIM1
SIM2
SIM3
SIM4
1
21
22
SIM5
SIM1
SIM2
SIM3
SIM4
1
21
22
SIM5
SIM1
SIM2
SIM3
SIM4
1
21
22
SIM5
SIM1
SIM2
SIM3
SIM4
1
21
22
SIM5
SIM1
SIM2
SIM3
SIM4
1
21
22
SIM5
SIM1
SIM2
SIM3
SIM4
1
21
22
SIM5
SIM1
SIM2
SIM3
SIM4
1
21
22
SIM5
SIM1
SIM2
SIM3
SIM4
1
21
22
SIM5
SIM1
SIM2
SIM3
SIM4
1
21
22
SIM5
SIM1
SIM2
SIM3
SIM4
1
21
22
SIM5
SIM1
SIM2
SIM3
SIM4
1
21
22
SIM5
SIM1
SIM2
SIM3
SIM4
1
21
22
SIM5
SIM1
SIM2
SIM3
SIM4
1
21
22
SIM5
SIM1
SIM2
SIM3
SIM4
1
21
22
SIM5
SIM1
SIM2
SIM3
SIM4
1
21
22
SIM5
SIM1
SIM2
SIM3
SIM4
1
21
22
SIM5
SIM1
SIM2
SIM3
SIM4
1
21
22
SIM5
SIM1
SIM2
SIM3
SIM4
1
21
22
SIM5
SIM1
SIM2
SIM3
SIM4
1
21
22
SIM5
SIM1
SIM2
SIM3
SIM4
1
21
22
SIM5
SIM1
SIM2
SIM3
SIM4
1
21
22
SIM5
SIM1
SIM2
SIM3
SIM4
1
21
22
SIM5
SIM1
SIM2
SIM3
SIM4
1
21
22
SIM5
SIM1
SIM2
SIM3
SIM4
1
21
22
SIM5
SIM1
SIM2
SIM3
SIM4
1
21
22
SIM5
SIM1
SIM2
SIM3
SIM4
1
21
22
SIM5
SIM1
SIM2
SIM3
SIM4
1
21
22
SIM5
SIM1
SIM2
SIM3
SIM4
1
21
22
SIM5
SIM1
SIM2
SIM3
SIM4
1
21
22
SIM5
SIM1
SIM2
SIM3
SIM4
1
21
22
SIM5
SIM1
SIM2
SIM3
SIM4
1
21
22
SIM5
SIM1
SIM2
SIM3
SIM4
1
21
22
SIM5
SIM1
SIM2
SIM3
SIM4
1
21
22
SIM5
SIM1
SIM2
SIM3
SIM4
1
21
22
SIM5
SIM1
SIM2
SIM3
SIM4
1
21
22
SIM5
SIM1
SIM2
SIM3
SIM4
1
21
22
SIM5
SIM1
SIM2
SIM3
SIM4
1
21
22
SIM5
SIM1
SIM2
SIM3
SIM4
1
21
22
SIM5
SIM1
SIM2
SIM3
SIM4
1
21
22
SIM5
SIM1
SIM2
SIM3
SIM4
1
21
22
SIM5
SIM1
SIM2
SIM3
SIM4
1
21
22
SIM5
SIM1
SIM2
SIM3
SIM4
1
21
22
SIM5
SIM1
SIM2
SIM3
SIM4
1
21
22
SIM5
SIM1
SIM2
SIM3
SIM4
1
21
22
SIM5
SIM1
SIM2
SIM3
SIM4
1
21
22
SIM5
SIM1
SIM2
SIM3
SIM4
1
21
22
SIM5
SIM1
SIM2
SIM3
SIM4
1
21
22
SIM5
SIM1
SIM2
SIM3
SIM4
1
21
22
SIM5
SIM1
SIM2
SIM3
SIM4
1
21
22
SIM5
SIM1
SIM2
SIM3
SIM4
1
21
22
SIM5
SIM1
SIM2
SIM3
SIM4
1
21
22
SIM5
SIM1
SIM2
SIM3
SIM4
1
21
22
SIM5
SIM1
SIM2
SIM3
SIM4
1
21
22
SIM5
SIM1
SIM2
SIM3
SIM4
1
21
22
SIM5
SIM1
SIM2
SIM3
SIM4
1
21
22
SIM5
SIM1
SIM2
SIM3
SIM4
1
21
22
SIM5
SIM1
SIM2
SIM3
SIM4
1
21
22
SIM5
SIM1
SIM2
SIM3
SIM4
1
21
22
SIM5
SIM1
SIM2
SIM3
SIM4
1
21
22
SIM5
SIM1
SIM2
SIM3
SIM4
1
21
22
SIM5
SIM1
SIM2
SIM3
SIM4
1
21
22
SIM5
SIM1
SIM2
SIM3
SIM4
1
21
22
SIM5
SIM1
SIM2
SIM3
SIM4
1
21
22
SIM5
SIM1
SIM2
SIM3
SIM4
1
21
22
SIM5
SIM1
SIM2
SIM3
SIM4
1
21
22
SIM5
SIM1
SIM2
SIM3
SIM4
1
21
22
SIM5
SIM1
SIM2
SIM3
SIM4
1
21
22
SIM5
SIM1
SIM2
SIM3
SIM4
1
21
22
SIM5
SIM1
SIM2
SIM3
SIM4
1
21
22
SIM5
SIM1
SIM2
SIM3
SIM4
1
21
22
SIM5
SIM1
SIM2
SIM3
SIM4
1
21
22
SIM5
SIM1
SIM2
SIM3
SIM4
1
21
22
SIM5
SIM1
SIM2
SIM3
SIM4
1
21
22
SIM5
SIM1
SIM2
SIM3
SIM4
1
21
22
SIM5
SIM1
SIM2
SIM3
SIM4
1
21
22
SIM5
SIM1
SIM2
SIM3
SIM4
1
21
22
SIM5
SIM1
SIM2
SIM3
SIM4
1
21
22
SIM5
SIM1
SIM2
SIM3
SIM4
1
21
22
SIM5
SIM1
SIM2
DEBUG 1 35
SIM1
SIM2
SIM3
SIM4
1
21
22
SIM5
SIM1
SIM2
SIM3
SIM4
1
21
22
SIM5
SIM1
SIM2
SIM3
SIM4
1
21
22
SIM5
SIM1
SIM2
SIM3
SIM4
1
21
22
SIM5
SIM1
SIM2
SIM3
SIM4
1
21
22
SIM5
SIM1
SIM2
SIM3
SIM4
1
21
22
SIM5
SIM1
SIM2
SIM3
SIM4
1
21
22
SIM5
SIM1
SIM2
SIM3
SIM4
1
21
22
SIM5
SIM1
SIM2
SIM3
SIM4
1
21
22
SIM5
SIM1
SIM2
SIM3
SIM4
1
21
22
SIM5
SIM1
SIM2
SIM3
SIM4
1
21
22
SIM5
SIM1
SIM2
SIM3
SIM4
1
21
22
SIM5
SIM1
SIM2
SIM3
SIM4
1
21
22
SIM5
SIM1
SIM2
SIM3
SIM4
1
21
22
SIM5
SIM1
SIM2
SIM3
SIM4
1
21
22
SIM5
SIM1
SIM2
SIM3
SIM4
1
21
22
SIM5
SIM1
SIM2
SIM3
SIM4
1
21
22
SIM5
SIM1
SIM2
SIM3
SIM4
1
21
22
SIM5
SIM1
SIM2
SIM3
SIM4
1
21
22
SIM5
SIM1
SIM2
SIM3
SIM4
1
21
22
SIM5
SIM1
SIM2
SIM3
SIM4
1
21
22
SIM5
SIM1
SIM2
SIM3
SIM4
1
21
22
SIM5
SIM1
SIM2
SIM3
SIM4
1
21
22
SIM5
SIM1
SIM2
SIM3
SIM4
1
21
22
SIM5
SIM1
SIM2
SIM3
SIM4
1
21
22
SIM5
SIM1
SIM2
SIM3
SIM4
1
21
22
SIM5
SIM1
SIM2
SIM3
SIM4
1
21
22
SIM5
SIM1
SIM2
SIM3
SIM4
1
21
22
SIM5
SIM1
SIM2
SIM3
SIM4
1
21
22
SIM5
SIM1
SIM2
SIM3
SIM4
1
21
22
SIM5
SIM1
SIM2
SIM3
SIM4
1
21
22
SIM5
SIM1
SIM2
SIM3
SIM4
1
21
22
SIM5
SIM1
SIM2
SIM3
SIM4
1
21
22
SIM5
SIM1
SIM2
SIM3
SIM4
1
21
22
SIM5
SIM1
SIM2
SIM3
SIM4
1
21
22
SIM5
SIM1
SIM2
SIM3
SIM4
1
21
22
SIM5
SIM1
SIM2
SIM3
SIM4
1
21
22
SIM5
SIM1
SIM2
SIM3
SIM4
1
21
22
SIM5
SIM1
SIM2
SIM3
SIM4
1
21
22
SIM5
SIM1
SIM2
SIM3
SIM4
1
21
22
SIM5
SIM1
SIM2
SIM3
SIM4
1
21
22
SIM5
SIM1
SIM2
SIM3
SIM4
1
21
22
SIM5
SIM1
SIM2
SIM3
SIM4
1
21
22
SIM5
SIM1
SIM2
SIM3
SIM4
1
21
22
SIM5
SIM1
SIM2
SIM3
SIM4
1
21
22
SIM5
SIM1
SIM2
SIM3
SIM4
1
21
22
SIM5
SIM1
SIM2
SIM3
SIM4
1
21
22
SIM5
SIM1
SIM2
SIM3
SIM4
1
21
22
SIM5
SIM1
SIM2
SIM3
SIM4
1
21
22
SIM5
SIM1
SIM2
SIM3
SIM4
1
21
22
SIM5
SIM1
SIM2
SIM3
SIM4
1
21
22
SIM5
SIM1
SIM2
SIM3
SIM4
1
21
22
SIM5
SIM1
SIM2
SIM3
SIM4
1
21
22
SIM5
SIM1
SIM2
SIM3
SIM4
1
21
22
SIM5
SIM1
SIM2
SIM3
SIM4
1
21
22
SIM5
SIM1
SIM2
SIM3
SIM4
1
21
22
SIM5
SIM1
SIM2
SIM3
SIM4
1
21
22
SIM5
SIM1
SIM2
SIM3
SIM4
1
21
22
SIM5
SIM1
SIM2
SIM3
SIM4
1
21
22
SIM5
SIM1
SIM2
SIM3
SIM4
1
21
22
SIM5
SIM1
SIM2
SIM3
SIM4
1
21
22
SIM5
SIM1
SIM2
SIM3
SIM4
1
21
22
SIM5
SIM1
SIM2
SIM3
SIM4
1
21
22
SIM5
SIM1
SIM2
SIM3
SIM4
1
21
22
SIM5
SIM1
SIM2
SIM3
SIM4
1
21
22
SIM5
SIM1
SIM2
SIM3
SIM4
1
21
22
SIM5
SIM1
SIM2
SIM3
SIM4
1
21
22
SIM5
SIM1
SIM2
SIM3
SIM4
1
21
22
SIM5
SIM1
SIM2
SIM3
SIM4
1
21
22
SIM5
SIM1
SIM2
SIM3
SIM4
1
21
22
SIM5
SIM1
SIM2
SIM3
SIM4
1
21
22
SIM5
SIM1
SIM2
SIM3
SIM4
1
21
22
SIM5
SIM1
SIM2
SIM3
SIM4
1
21
22
SIM5
SIM1
SIM2
SIM3
SIM4
1
21
22
SIM5
SIM1
SIM2
SIM3
SIM4
1
21
22
SIM5
SIM1
SIM2
SIM3
SIM4
1
21
22
SIM5
SIM1
SIM2
SIM3
SIM4
1
21
22
SIM5
SIM1
SIM2
SIM3
SIM4
1
21
22
SIM5
SIM1
SIM2
SIM3
SIM4
1
21
22
SIM5
SIM1
SIM2
SIM3
SIM4
1
21
22
SIM5
SIM1
SIM2
SIM3
SIM4
1
21
22
SIM5
SIM1
SIM2
SIM3
SIM4
1
21
22
SIM5
SIM1
SIM2
SIM3
SIM4
1
21
22
SIM5
SIM1
SIM2
SIM3
SIM4
1
21
22
SIM5
SIM1
SIM2
SIM3
SIM4
1
21
22
SIM5
SIM1
SIM2
SIM3
SIM4
1
21
22
SIM5
SIM1
SIM2
SIM3
SIM4
1
21
22
SIM5
SIM1
SIM2
SIM3
SIM4
1
21
22
SIM5
SIM1
SIM2
SIM3
SIM4
1
21
22
SIM5
SIM1
SIM2
SIM3
SIM4
1
21
22
SIM5
SIM1
SIM2
SIM3
SIM4
1
21
22
SIM5
SIM1
SIM2
SIM3
SIM4
1
21
22
SIM5
SIM1
SIM2
SIM3
SIM4
1
21
22
SIM5
SIM1
SIM2
SIM3
SIM4
1
21
22
SIM5
SIM1
SIM2
SIM3
SIM4
1
21
22
SIM5
SIM1
SIM2
SIM3
SIM4
1
21
22
SIM5
SIM1
SIM2
SIM3
SIM4
1
21
22
SIM5
SIM1
SIM2
SIM3
SIM4
1
21
22
SIM5
SIM1
SIM2
SIM3
SIM4
1
21
22
SIM5
SIM1
SIM2
SIM3
SIM4
1
21
22
SIM5
SIM1
SIM2
SIM3
SIM4
1
21
22
SIM5
SIM1
SIM2
SIM3
SIM4
1
21
22
SIM5
SIM1
SIM2
SIM3
SIM4
1
21
22
SIM5
SIM1
SIM2
SIM3
SIM4
1
21
22
SIM5
SIM1
SIM2
SIM3
SIM4
1
21
22
SIM5
SIM1
SIM2
SIM3
SIM4
1
21
22
SIM5
SIM1
SIM2
SIM3
SIM4
1
21
22
SIM5
SIM1
SIM2
SIM3
SIM4
1
21
22
SIM5
SIM1
SIM2
SIM3
SIM4
1
21
22
SIM5
SIM1
SIM2
SIM3
SIM4
1
21
22
SIM5
SIM1
SIM2
SIM3
SIM4
1
21
22
SIM5
SIM1
SIM2
SIM3
SIM4
1
21
22
SIM5
SIM1
SIM2
SIM3
SIM4
1
21
22
SIM5
SIM1
SIM2
SIM3
SIM4
1
21
22
SIM5
SIM1
SIM2
SIM3
SIM4
1
21
22
SIM5
SIM1
SIM2
SIM3
SIM4
1
21
22
SIM5
SIM1
SIM2
SIM3
SIM4
1
21
22
SIM5
SIM1
SIM2
SIM3
SIM4
1
21
22
SIM5
SIM1
SIM2
SIM3
SIM4
1
21
22
SIM5
SIM1
SIM2
SIM3
SIM4
1
21
22
SIM5
SIM1
SIM2
SIM3
SIM4
1
21
22
SIM5
SIM1
SIM2
SIM3
SIM4
1
21
22
SIM5
SIM1
SIM2
SIM3
SIM4
1
21
22
SIM5
SIM1
SIM2
SIM3
SIM4
1
21
22
SIM5
SIM1
SIM2
SIM3
SIM4
1
21
22
SIM5
SIM1
SIM2
SIM3
SIM4
1
21
22
SIM5
SIM1
SIM2
SIM3
SIM4
1
21
22
SIM5
SIM1
SIM2
SIM3
SIM4
1
21
22
SIM5
SIM1
SIM2
SIM3
SIM4
1
21
22
SIM5
SIM1
SIM2
SIM3
SIM4
1
21
22
SIM5
SIM1
SIM2
SIM3
SIM4
1
21
22
SIM5
SIM1
SIM2
SIM3
SIM4
1
21
22
SIM5
SIM1
SIM2
SIM3
SIM4
1
21
22
SIM5
SIM1
SIM2
SIM3
SIM4
1
21
22
SIM5
SIM1
SIM2
SIM3
SIM4
1
21
22
SIM5
SIM1
SIM2
SIM3
SIM4
1
21
22
SIM5
SIM1
SIM2
SIM3
SIM4
1
21
22
SIM5
SIM1
SIM2
SIM3
SIM4
1
21
22
SIM5
SIM1
SIM2
SIM3
SIM4
1
21
22
SIM5
SIM1
SIM2
SIM3
SIM4
1
21
22
SIM5
SIM1
SIM2
SIM3
SIM4
1
21
22
SIM5
SIM1
SIM2
SIM3
SIM4
1
21
22
SIM5
SIM1
SIM2
SIM3
SIM4
1
21
22
SIM5
SIM1
SIM2
SIM3
SIM4
1
21
22
SIM5
SIM1
SIM2
SIM3
SIM4
1
21
22
SIM5
SIM1
SIM2
SIM3
SIM4
1
21
22
SIM5
SIM1
SIM2
SIM3
SIM4
1
21
22
SIM5
SIM1
SIM2
SIM3
SIM4
1
21
22
SIM5
SIM1
SIM2
SIM3
SIM4
1
21
22
SIM5
SIM1
SIM2
SIM3
SIM4
1
21
22
SIM5
SIM1
SIM2
SIM3
SIM4
1
21
22
SIM5
SIM1
SIM2
SIM3
SIM4
1
21
22
SIM5
SIM1
SIM2
SIM3
SIM4
1
21
22
SIM5
SIM1
SIM2
SIM3
SIM4
1
21
22
SIM5
SIM1
SIM2
SIM3
SIM4
1
21
22
SIM5
SIM1
SIM2
SIM3
SIM4
1
21
22
SIM5
SIM1
SIM2
SIM3
SIM4
1
21
22
SIM5
SIM1
SIM2
SIM3
SIM4
1
21
22
SIM5
SIM1
SIM2
SIM3
SIM4
1
21
22
SIM5
SIM1
SIM2
SIM3
SIM4
1
21
22
SIM5
SIM1
SIM2
SIM3
SIM4
1
21
22
SIM5
SIM1
SIM2
SIM3
SIM4
1
21
22
SIM5
SIM1
SIM2
SIM3
SIM4
1
21
22
SIM5
SIM1
SIM2
SIM3
SIM4
1
21
22
SIM5
SIM1
SIM2
SIM3
SIM4
1
21
22
SIM5
SIM1
SIM2
SIM3
SIM4
1
21
22
SIM5
SIM1
SIM2
SIM3
SIM4
1
21
22
SIM5
SIM1
SIM2
SIM3
SIM4
1
21
22
SIM5
SIM1
SIM2
SIM3
SIM4
1
21
22
SIM5
SIM1
SIM2
SIM3
SIM4
1
21
22
SIM5
SIM1
SIM2
SIM3
SIM4
1
21
22
SIM5
SIM1
SIM2
SIM3
SIM4
1
21
22
SIM5
SIM1
SIM2
SIM3
SIM4
1
21
22
SIM5
SIM1
SIM2
SIM3
SIM4
1
21
22
SIM5
SIM1
SIM2
SIM3
SIM4
1
21
22
SIM5
SIM1
SIM2
SIM3
SIM4
1
21
22
SIM5
SIM1
SIM2
SIM3
SIM4
1
21
22
SIM5
SIM1
SIM2
SIM3
SIM4
1
21
22
SIM5
SIM1
SIM2
SIM3
SIM4
1
21
22
SIM5
SIM1
SIM2
SIM3
SIM4
1
21
22
SIM5
SIM1
SIM2
SIM3
SIM4
1
21
22
SIM5
SIM1
SIM2
SIM3
SIM4
1
21
22
SIM5
SIM1
SIM2
SIM3
SIM4
1
21
22
SIM5
SIM1
SIM2
SIM3
SIM4
1
21
22
SIM5
SIM1
SIM2
SIM3
SIM4
1
21
22
SIM5
SIM1
SIM2
SIM3
SIM4
1
21
22
SIM5
SIM1
SIM2
SIM3
SIM4
1
21
22
SIM5
SIM1
SIM2
SIM3
SIM4
1
21
22
SIM5
SIM1
SIM2
SIM3
SIM4
1
21
22
SIM5
SIM1
SIM2
SIM3
SIM4
1
21
22
SIM5
SIM1
SIM2
SIM3
SIM4
1
21
22
SIM5
SIM1
SIM2
SIM3
SIM4
1
21
22
SIM5
SIM1
SIM2
SIM3
SIM4
1
21
22
SIM5
SIM1
SIM2
SIM3
SIM4
1
21
22
SIM5
SIM1
SIM2
SIM3
SIM4
1
21
22
SIM5
SIM1
SIM2
SIM3
SIM4
1
21
22
SIM5
SIM1
SIM2
SIM3
SIM4
1
21
22
SIM5
SIM1
SIM2
SIM3
SIM4
1
21
22
SIM5
SIM1
SIM2
SIM3
SIM4
1
21
22
SIM5
SIM1
SIM2
SIM3
SIM4
1
21
22
SIM5
SIM1
SIM2
SIM3
SIM4
1
21
22
SIM5
SIM1
SIM2
SIM3
SIM4
1
21
22
SIM5
SIM1
SIM2
SIM3
SIM4
1
21
22
SIM5
SIM1
SIM2
SIM3
SIM4
1
21
22
SIM5
SIM1
SIM2
SIM3
SIM4
1
21
22
SIM5
SIM1
SIM2
SIM3
SIM4
1
21
22
SIM5
SIM1
SIM2
SIM3
SIM4
1
21
22
SIM5
SIM1
SIM2
SIM3
SIM4
1
21
22
SIM5
SIM1
SIM2
SIM3
SIM4
1
21
22
SIM5
SIM1
SIM2
SIM3
SIM4
1
21
22
SIM5
SIM1
SIM2
SIM3
SIM4
1
21
22
SIM5
SIM1
SIM2
SIM3
SIM4
1
21
22
SIM5
SIM1
SIM2
SIM3
SIM4
1
21
22
SIM5
SIM1
SIM2
SIM3
SIM4
1
21
22
SIM5
SIM1
SIM2
SIM3
SIM4
1
21
22
SIM5
SIM1
SIM2
SIM3
SIM4
1
21
22
SIM5
SIM1
SIM2
SIM3
SIM4
1
21
22
SIM5
SIM1
SIM2
DEBUG 1 36
SIM1
SIM2
SIM3
SIM4
1
21
22
SIM5
SIM1
SIM2
SIM3
SIM4
1
21
22
SIM5
SIM1
SIM2
SIM3
SIM4
1
21
22
SIM5
SIM1
SIM2
SIM3
SIM4
1
21
22
SIM5
SIM1
SIM2
SIM3
SIM4
1
21
22
SIM5
SIM1
SIM2
SIM3
SIM4
1
21
22
SIM5
SIM1
SIM2
SIM3
SIM4
1
21
22
SIM5
SIM1
SIM2
SIM3
SIM4
1
21
22
SIM5
SIM1
SIM2
SIM3
SIM4
1
21
22
SIM5
SIM1
SIM2
SIM3
SIM4
1
21
22
SIM5
SIM1
SIM2
SIM3
SIM4
1
21
22
SIM5
SIM1
SIM2
SIM3
SIM4
1
21
22
SIM5
SIM1
SIM2
SIM3
SIM4
1
21
22
SIM5
SIM1
SIM2
SIM3
SIM4
1
21
22
SIM5
SIM1
SIM2
SIM3
SIM4
1
21
22
SIM5
SIM1
SIM2
SIM3
SIM4
1
21
22
SIM5
SIM1
SIM2
SIM3
SIM4
1
21
22
SIM5
SIM1
SIM2
SIM3
SIM4
1
21
22
SIM5
SIM1
SIM2
SIM3
SIM4
1
21
22
SIM5
SIM1
SIM2
SIM3
SIM4
1
21
22
SIM5
SIM1
SIM2
SIM3
SIM4
1
21
22
SIM5
SIM1
SIM2
SIM3
SIM4
1
21
22
SIM5
SIM1
SIM2
SIM3
SIM4
1
21
22
SIM5
SIM1
SIM2
SIM3
SIM4
1
21
22
SIM5
SIM1
SIM2
SIM3
SIM4
1
21
22
SIM5
SIM1
SIM2
SIM3
SIM4
1
21
22
SIM5
SIM1
SIM2
SIM3
SIM4
1
21
22
SIM5
SIM1
SIM2
SIM3
SIM4
1
21
22
SIM5
SIM1
SIM2
SIM3
SIM4
1
21
22
SIM5
SIM1
SIM2
SIM3
SIM4
1
21
22
SIM5
SIM1
SIM2
SIM3
SIM4
1
21
22
SIM5
SIM1
SIM2
SIM3
SIM4
1
21
22
SIM5
SIM1
SIM2
SIM3
SIM4
1
21
22
SIM5
SIM1
SIM2
SIM3
SIM4
1
21
22
SIM5
SIM1
SIM2
SIM3
SIM4
1
21
22
SIM5
SIM1
SIM2
SIM3
SIM4
1
21
22
SIM5
SIM1
SIM2
SIM3
SIM4
1
21
22
SIM5
SIM1
SIM2
SIM3
SIM4
1
21
22
SIM5
SIM1
SIM2
SIM3
SIM4
1
21
22
SIM5
SIM1
SIM2
SIM3
SIM4
1
21
22
SIM5
SIM1
SIM2
SIM3
SIM4
1
21
22
SIM5
SIM1
SIM2
SIM3
SIM4
1
21
22
SIM5
SIM1
SIM2
SIM3
SIM4
1
21
22
SIM5
SIM1
SIM2
SIM3
SIM4
1
21
22
SIM5
SIM1
SIM2
SIM3
SIM4
1
21
22
SIM5
SIM1
SIM2
SIM3
SIM4
1
21
22
SIM5
SIM1
SIM2
SIM3
SIM4
1
21
22
SIM5
SIM1
SIM2
SIM3
SIM4
1
21
22
SIM5
SIM1
SIM2
SIM3
SIM4
1
21
22
SIM5
SIM1
SIM2
SIM3
SIM4
1
21
22
SIM5
SIM1
SIM2
SIM3
SIM4
1
21
22
SIM5
SIM1
SIM2
SIM3
SIM4
1
21
22
SIM5
SIM1
SIM2
SIM3
SIM4
1
21
22
SIM5
SIM1
SIM2
SIM3
SIM4
1
21
22
SIM5
SIM1
SIM2
SIM3
SIM4
1
21
22
SIM5
SIM1
SIM2
SIM3
SIM4
1
21
22
SIM5
SIM1
SIM2
SIM3
SIM4
1
21
22
SIM5
SIM1
SIM2
SIM3
SIM4
1
21
22
SIM5
SIM1
SIM2
SIM3
SIM4
1
21
22
SIM5
SIM1
SIM2
SIM3
SIM4
1
21
22
SIM5
SIM1
SIM2
SIM3
SIM4
1
21
22
SIM5
SIM1
SIM2
SIM3
SIM4
1
21
22
SIM5
SIM1
SIM2
SIM3
SIM4
1
21
22
SIM5
SIM1
SIM2
SIM3
SIM4
1
21
22
SIM5
SIM1
SIM2
SIM3
SIM4
1
21
22
SIM5
SIM1
SIM2
SIM3
SIM4
1
21
22
SIM5
SIM1
SIM2
SIM3
SIM4
1
21
22
SIM5
SIM1
SIM2
SIM3
SIM4
1
21
22
SIM5
SIM1
SIM2
SIM3
SIM4
1
21
22
SIM5
SIM1
SIM2
SIM3
SIM4
1
21
22
SIM5
SIM1
SIM2
SIM3
SIM4
1
21
22
SIM5
SIM1
SIM2
SIM3
SIM4
1
21
22
SIM5
SIM1
SIM2
SIM3
SIM4
1
21
22
SIM5
SIM1
SIM2
SIM3
SIM4
1
21
22
SIM5
SIM1
SIM2
SIM3
SIM4
1
21
22
SIM5
SIM1
SIM2
SIM3
SIM4
1
21
22
SIM5
SIM1
SIM2
SIM3
SIM4
1
21
22
SIM5
SIM1
SIM2
SIM3
SIM4
1
21
22
SIM5
SIM1
SIM2
SIM3
SIM4
1
21
22
SIM5
SIM1
SIM2
SIM3
SIM4
1
21
22
SIM5
SIM1
SIM2
SIM3
SIM4
1
21
22
SIM5
SIM1
SIM2
SIM3
SIM4
1
21
22
SIM5
SIM1
SIM2
SIM3
SIM4
1
21
22
SIM5
SIM1
SIM2
SIM3
SIM4
1
21
22
SIM5
SIM1
SIM2
SIM3
SIM4
1
21
22
SIM5
SIM1
SIM2
SIM3
SIM4
1
21
22
SIM5
SIM1
SIM2
SIM3
SIM4
1
21
22
SIM5
SIM1
SIM2
SIM3
SIM4
1
21
22
SIM5
SIM1
SIM2
SIM3
SIM4
1
21
22
SIM5
SIM1
SIM2
SIM3
SIM4
1
21
22
SIM5
SIM1
SIM2
SIM3
SIM4
1
21
22
SIM5
SIM1
SIM2
SIM3
SIM4
1
21
22
SIM5
SIM1
SIM2
SIM3
SIM4
1
21
22
SIM5
SIM1
SIM2
SIM3
SIM4
1
21
22
SIM5
SIM1
SIM2
SIM3
SIM4
1
21
22
SIM5
SIM1
SIM2
SIM3
SIM4
1
21
22
SIM5
SIM1
SIM2
SIM3
SIM4
1
21
22
SIM5
SIM1
SIM2
SIM3
SIM4
1
21
22
SIM5
SIM1
SIM2
SIM3
SIM4
1
21
22
SIM5
SIM1
SIM2
SIM3
SIM4
1
21
22
SIM5
SIM1
SIM2
SIM3
SIM4
1
21
22
SIM5
SIM1
SIM2
SIM3
SIM4
1
21
22
SIM5
SIM1
SIM2
SIM3
SIM4
1
21
22
SIM5
SIM1
SIM2
SIM3
SIM4
1
21
22
SIM5
SIM1
SIM2
SIM3
SIM4
1
21
22
SIM5
SIM1
SIM2
SIM3
SIM4
1
21
22
SIM5
SIM1
SIM2
SIM3
SIM4
1
21
22
SIM5
SIM1
SIM2
SIM3
SIM4
1
21
22
SIM5
SIM1
SIM2
SIM3
SIM4
1
21
22
SIM5
SIM1
SIM2
SIM3
SIM4
1
21
22
SIM5
SIM1
SIM2
SIM3
SIM4
1
21
22
SIM5
SIM1
SIM2
SIM3
SIM4
1
21
22
SIM5
SIM1
SIM2
SIM3
SIM4
1
21
22
SIM5
SIM1
SIM2
SIM3
SIM4
1
21
22
SIM5
SIM1
SIM2
SIM3
SIM4
1
21
22
SIM5
SIM1
SIM2
SIM3
SIM4
1
21
22
SIM5
SIM1
SIM2
SIM3
SIM4
1
21
22
SIM5
SIM1
SIM2
SIM3
SIM4
1
21
22
SIM5
SIM1
SIM2
SIM3
SIM4
1
21
22
SIM5
SIM1
SIM2
SIM3
SIM4
1
21
22
SIM5
SIM1
SIM2
SIM3
SIM4
1
21
22
SIM5
SIM1
SIM2
SIM3
SIM4
1
21
22
SIM5
SIM1
SIM2
SIM3
SIM4
1
21
22
SIM5
SIM1
SIM2
SIM3
SIM4
1
21
22
SIM5
SIM1
SIM2
SIM3
SIM4
1
21
22
SIM5
SIM1
SIM2
SIM3
SIM4
1
21
22
SIM5
SIM1
SIM2
SIM3
SIM4
1
21
22
SIM5
SIM1
SIM2
SIM3
SIM4
1
21
22
SIM5
SIM1
SIM2
SIM3
SIM4
1
21
22
SIM5
SIM1
SIM2
SIM3
SIM4
1
21
22
SIM5
SIM1
SIM2
SIM3
SIM4
1
21
22
SIM5
SIM1
SIM2
SIM3
SIM4
1
21
22
SIM5
SIM1
SIM2
SIM3
SIM4
1
21
22
SIM5
SIM1
SIM2
SIM3
SIM4
1
21
22
SIM5
SIM1
SIM2
SIM3
SIM4
1
21
22
SIM5
SIM1
SIM2
SIM3
SIM4
1
21
22
SIM5
SIM1
SIM2
SIM3
SIM4
1
21
22
SIM5
SIM1
SIM2
SIM3
SIM4
1
21
22
SIM5
SIM1
SIM2
SIM3
SIM4
1
21
22
SIM5
SIM1
SIM2
SIM3
SIM4
1
21
22
SIM5
SIM1
SIM2
SIM3
SIM4
1
21
22
SIM5
SIM1
SIM2
SIM3
SIM4
1
21
22
SIM5
SIM1
SIM2
SIM3
SIM4
1
21
22
SIM5
SIM1
SIM2
SIM3
SIM4
1
21
22
SIM5
SIM1
SIM2
SIM3
SIM4
1
21
22
SIM5
SIM1
SIM2
SIM3
SIM4
1
21
22
SIM5
SIM1
SIM2
SIM3
SIM4
1
21
22
SIM5
SIM1
SIM2
SIM3
SIM4
1
21
22
SIM5
SIM1
SIM2
SIM3
SIM4
1
21
22
SIM5
SIM1
SIM2
SIM3
SIM4
1
21
22
SIM5
SIM1
SIM2
SIM3
SIM4
1
21
22
SIM5
SIM1
SIM2
SIM3
SIM4
1
21
22
SIM5
SIM1
SIM2
SIM3
SIM4
1
21
22
SIM5
SIM1
SIM2
SIM3
SIM4
1
21
22
SIM5
SIM1
SIM2
SIM3
SIM4
1
21
22
SIM5
SIM1
SIM2
SIM3
SIM4
1
21
22
SIM5
SIM1
SIM2
SIM3
SIM4
1
21
22
SIM5
SIM1
SIM2
SIM3
SIM4
1
21
22
SIM5
SIM1
SIM2
SIM3
SIM4
1
21
22
SIM5
SIM1
SIM2
SIM3
SIM4
1
21
22
SIM5
SIM1
SIM2
SIM3
SIM4
1
21
22
SIM5
SIM1
SIM2
SIM3
SIM4
1
21
22
SIM5
SIM1
SIM2
SIM3
SIM4
1
21
22
SIM5
SIM1
SIM2
SIM3
SIM4
1
21
22
SIM5
SIM1
SIM2
SIM3
SIM4
1
21
22
SIM5
SIM1
SIM2
SIM3
SIM4
1
21
22
SIM5
SIM1
SIM2
SIM3
SIM4
1
21
22
SIM5
SIM1
SIM2
SIM3
SIM4
1
21
22
SIM5
SIM1
SIM2
SIM3
SIM4
1
21
22
SIM5
SIM1
SIM2
SIM3
SIM4
1
21
22
SIM5
SIM1
SIM2
SIM3
SIM4
1
21
22
SIM5
SIM1
SIM2
SIM3
SIM4
1
21
22
SIM5
SIM1
SIM2
SIM3
SIM4
1
21
22
SIM5
SIM1
SIM2
SIM3
SIM4
1
21
22
SIM5
SIM1
SIM2
SIM3
SIM4
1
21
22
SIM5
SIM1
SIM2
SIM3
SIM4
1
21
22
SIM5
SIM1
SIM2
SIM3
SIM4
1
21
22
SIM5
SIM1
SIM2
SIM3
SIM4
1
21
22
SIM5
SIM1
SIM2
SIM3
SIM4
1
21
22
SIM5
SIM1
SIM2
SIM3
SIM4
1
21
22
SIM5
SIM1
SIM2
SIM3
SIM4
1
21
22
SIM5
SIM1
SIM2
SIM3
SIM4
1
21
22
SIM5
SIM1
SIM2
SIM3
SIM4
1
21
22
SIM5
SIM1
SIM2
SIM3
SIM4
1
21
22
SIM5
SIM1
SIM2
SIM3
SIM4
1
21
22
SIM5
SIM1
SIM2
SIM3
SIM4
1
21
22
SIM5
SIM1
SIM2
SIM3
SIM4
1
21
22
SIM5
SIM1
SIM2
SIM3
SIM4
1
21
22
SIM5
SIM1
SIM2
SIM3
SIM4
1
21
22
SIM5
SIM1
SIM2
SIM3
SIM4
1
21
22
SIM5
SIM1
SIM2
SIM3
SIM4
1
21
22
SIM5
SIM1
SIM2
SIM3
SIM4
1
21
22
SIM5
SIM1
SIM2
SIM3
SIM4
1
21
22
SIM5
SIM1
SIM2
SIM3
SIM4
1
21
22
SIM5
SIM1
SIM2
SIM3
SIM4
1
21
22
SIM5
SIM1
SIM2
SIM3
SIM4
1
21
22
SIM5
SIM1
SIM2
SIM3
SIM4
1
21
22
SIM5
SIM1
SIM2
SIM3
SIM4
1
21
22
SIM5
SIM1
SIM2
SIM3
SIM4
1
21
22
SIM5
SIM1
SIM2
SIM3
SIM4
1
21
22
SIM5
SIM1
SIM2
SIM3
SIM4
1
21
22
SIM5
SIM1
SIM2
SIM3
SIM4
1
21
22
SIM5
SIM1
SIM2
SIM3
SIM4
1
21
22
SIM5
SIM1
SIM2
SIM3
SIM4
1
21
22
SIM5
SIM1
SIM2
SIM3
SIM4
1
21
22
SIM5
SIM1
SIM2
SIM3
SIM4
1
21
22
SIM5
SIM1
SIM2
SIM3
SIM4
1
21
22
SIM5
SIM1
SIM2
SIM3
SIM4
1
21
22
SIM5
SIM1
SIM2
SIM3
SIM4
1
21
22
SIM5
SIM1
SIM2
SIM3
SIM4
1
21
22
SIM5
SIM1
SIM2
SIM3
SIM4
1
21
22
SIM5
SIM1
SIM2
SIM3
SIM4
1
21
22
SIM5
SIM1
SIM2
SIM3
SIM4
1
21
22
SIM5
SIM1
SIM2
SIM3
SIM4
1
21
22
SIM5
SIM1
SIM2
SIM3
SIM4
1
21
22
SIM5
SIM1
SIM2
SIM3
SIM4
1
21
22
SIM5
SIM1
SIM2
SIM3
SIM4
1
21
22
SIM5
SIM1
SIM2
SIM3
SIM4
1
21
22
SIM5
SIM1
SIM2
SIM3
SIM4
1
21
22
SIM5
SIM1
SIM2
SIM3
SIM4
1
21
22
SIM5
SIM1
SIM2
SIM3
SIM4
1
21
22
SIM5
SIM1
SIM2
SIM3
SIM4
1
21
22
SIM5
SIM1
SIM2
SIM3
SIM4
1
21
22
SIM5
SIM1
SIM2
SIM3
SIM4
1
21
22
SIM5
SIM1
SIM2
SIM3
SIM4
1
21
22
SIM5
SIM1
SIM2
SIM3
SIM4
1
21
22
SIM5
SIM1
SIM2
SIM3
SIM4
1
21
22
SIM5
SIM1
SIM2
SIM3
SIM4
1
21
22
SIM5
SIM1
SIM2
SIM3
SIM4
1
21
22
SIM5
SIM1
SIM2
SIM3
SIM4
1
21
22
SIM5
SIM1
SIM2
SIM3
SIM4
1
21
22
SIM5
SIM1
SIM2
SIM3
SIM4
1
21
22
SIM5
SIM1
SIM2
SIM3
SIM4
1
21
22
SIM5
SIM1
SIM2
SIM3
SIM4
1
21
22
SIM5
SIM1
SIM2
SIM3
SIM4
1
21
22
SIM5
SIM1
SIM2
SIM3
SIM4
1
21
22
SIM5
SIM1
SIM2
SIM3
SIM4
1
21
22
SIM5
SIM1
SIM2
SIM3
SIM4
1
21
22
SIM5
SIM1
SIM2
SIM3
SIM4
1
21
22
SIM5
SIM1
SIM2
SIM3
SIM4
1
21
22
SIM5
SIM1
SIM2
SIM3
SIM4
1
21
22
SIM5
SIM1
SIM2
SIM3
SIM4
1
21
22
SIM5
SIM1
SIM2
SIM3
SIM4
1
21
22
SIM5
SIM1
SIM2
SIM3
SIM4
1
21
22
SIM5
SIM1
SIM2
SIM3
SIM4
1
21
22
SIM5
SIM1
SIM2
SIM3
SIM4
1
21
22
SIM5
SIM1
SIM2
SIM3
SIM4
1
21
22
SIM5
SIM1
SIM2
SIM3
SIM4
1
21
22
SIM5
SIM1
SIM2
SIM3
SIM4
1
21
22
SIM5
SIM1
SIM2
SIM3
SIM4
1
21
22
SIM5
SIM1
SIM2
SIM3
SIM4
1
21
22
SIM5
SIM1
SIM2
SIM3
SIM4
1
21
22
SIM5
SIM1
SIM2
SIM3
SIM4
1
21
22
SIM5
SIM1
SIM2
DEBUG 1 37
SIM1
SIM2
SIM3
SIM4
1
21
22
SIM5
SIM1
SIM2
SIM3
SIM4
1
21
22
SIM5
SIM1
SIM2
SIM3
SIM4
1
21
22
SIM5
SIM1
SIM2
SIM3
SIM4
1
21
22
SIM5
SIM1
SIM2
SIM3
SIM4
1
21
22
SIM5
SIM1
SIM2
SIM3
SIM4
1
21
22
SIM5
SIM1
SIM2
SIM3
SIM4
1
21
22
SIM5
SIM1
SIM2
SIM3
SIM4
1
21
22
SIM5
SIM1
SIM2
SIM3
SIM4
1
21
22
SIM5
SIM1
SIM2
SIM3
SIM4
1
21
22
SIM5
SIM1
SIM2
SIM3
SIM4
1
21
22
SIM5
SIM1
SIM2
SIM3
SIM4
1
21
22
SIM5
SIM1
SIM2
SIM3
SIM4
1
21
22
SIM5
SIM1
SIM2
SIM3
SIM4
1
21
22
SIM5
SIM1
SIM2
SIM3
SIM4
1
21
22
SIM5
SIM1
SIM2
SIM3
SIM4
1
21
22
SIM5
SIM1
SIM2
SIM3
SIM4
1
21
22
SIM5
SIM1
SIM2
SIM3
SIM4
1
21
22
SIM5
SIM1
SIM2
SIM3
SIM4
1
21
22
SIM5
SIM1
SIM2
SIM3
SIM4
1
21
22
SIM5
SIM1
SIM2
SIM3
SIM4
1
21
22
SIM5
SIM1
SIM2
SIM3
SIM4
1
21
22
SIM5
SIM1
SIM2
SIM3
SIM4
1
21
22
SIM5
SIM1
SIM2
SIM3
SIM4
1
21
22
SIM5
SIM1
SIM2
SIM3
SIM4
1
21
22
SIM5
SIM1
SIM2
SIM3
SIM4
1
21
22
SIM5
SIM1
SIM2
SIM3
SIM4
1
21
22
SIM5
SIM1
SIM2
SIM3
SIM4
1
21
22
SIM5
SIM1
SIM2
SIM3
SIM4
1
21
22
SIM5
SIM1
SIM2
SIM3
SIM4
1
21
22
SIM5
SIM1
SIM2
SIM3
SIM4
1
21
22
SIM5
SIM1
SIM2
SIM3
SIM4
1
21
22
SIM5
SIM1
SIM2
SIM3
SIM4
1
21
22
SIM5
SIM1
SIM2
SIM3
SIM4
1
21
22
SIM5
SIM1
SIM2
SIM3
SIM4
1
21
22
SIM5
SIM1
SIM2
SIM3
SIM4
1
21
22
SIM5
SIM1
SIM2
SIM3
SIM4
1
21
22
SIM5
SIM1
SIM2
SIM3
SIM4
1
21
22
SIM5
SIM1
SIM2
SIM3
SIM4
1
21
22
SIM5
SIM1
SIM2
SIM3
SIM4
1
21
22
SIM5
SIM1
SIM2
SIM3
SIM4
1
21
22
SIM5
SIM1
SIM2
SIM3
SIM4
1
21
22
SIM5
SIM1
SIM2
SIM3
SIM4
1
21
22
SIM5
SIM1
SIM2
SIM3
SIM4
1
21
22
SIM5
SIM1
SIM2
SIM3
SIM4
1
21
22
SIM5
SIM1
SIM2
SIM3
SIM4
1
21
22
SIM5
SIM1
SIM2
SIM3
SIM4
1
21
22
SIM5
SIM1
SIM2
SIM3
SIM4
1
21
22
SIM5
SIM1
SIM2
SIM3
SIM4
1
21
22
SIM5
SIM1
SIM2
SIM3
SIM4
1
21
22
SIM5
SIM1
SIM2
SIM3
SIM4
1
21
22
SIM5
SIM1
SIM2
SIM3
SIM4
1
21
22
SIM5
SIM1
SIM2
SIM3
SIM4
1
21
22
SIM5
SIM1
SIM2
SIM3
SIM4
1
21
22
SIM5
SIM1
SIM2
SIM3
SIM4
1
21
22
SIM5
SIM1
SIM2
SIM3
SIM4
1
21
22
SIM5
SIM1
SIM2
SIM3
SIM4
1
21
22
SIM5
SIM1
SIM2
SIM3
SIM4
1
21
22
SIM5
SIM1
SIM2
SIM3
SIM4
1
21
22
SIM5
SIM1
SIM2
SIM3
SIM4
1
21
22
SIM5
SIM1
SIM2
SIM3
SIM4
1
21
22
SIM5
SIM1
SIM2
SIM3
SIM4
1
21
22
SIM5
SIM1
SIM2
SIM3
SIM4
1
21
22
SIM5
SIM1
SIM2
SIM3
SIM4
1
21
22
SIM5
SIM1
SIM2
SIM3
SIM4
1
21
22
SIM5
SIM1
SIM2
SIM3
SIM4
1
21
22
SIM5
SIM1
SIM2
SIM3
SIM4
1
21
22
SIM5
SIM1
SIM2
SIM3
SIM4
1
21
22
SIM5
SIM1
SIM2
SIM3
SIM4
1
21
22
SIM5
SIM1
SIM2
SIM3
SIM4
1
21
22
SIM5
SIM1
SIM2
SIM3
SIM4
1
21
22
SIM5
SIM1
SIM2
SIM3
SIM4
1
21
22
SIM5
SIM1
SIM2
SIM3
SIM4
1
21
22
SIM5
SIM1
SIM2
SIM3
SIM4
1
21
22
SIM5
SIM1
SIM2
SIM3
SIM4
1
21
22
SIM5
SIM1
SIM2
SIM3
SIM4
1
21
22
SIM5
SIM1
SIM2
SIM3
SIM4
1
21
22
SIM5
SIM1
SIM2
SIM3
SIM4
1
21
22
SIM5
SIM1
SIM2
SIM3
SIM4
1
21
22
SIM5
SIM1
SIM2
SIM3
SIM4
1
21
22
SIM5
SIM1
SIM2
SIM3
SIM4
1
21
22
SIM5
SIM1
SIM2
SIM3
SIM4
1
21
22
SIM5
SIM1
SIM2
SIM3
SIM4
1
21
22
SIM5
SIM1
SIM2
SIM3
SIM4
1
21
22
SIM5
SIM1
SIM2
SIM3
SIM4
1
21
22
SIM5
SIM1
SIM2
SIM3
SIM4
1
21
22
SIM5
SIM1
SIM2
SIM3
SIM4
1
21
22
SIM5
SIM1
SIM2
SIM3
SIM4
1
21
22
SIM5
SIM1
SIM2
SIM3
SIM4
1
21
22
SIM5
SIM1
SIM2
SIM3
SIM4
1
21
22
SIM5
SIM1
SIM2
SIM3
SIM4
1
21
22
SIM5
SIM1
SIM2
SIM3
SIM4
1
21
22
SIM5
SIM1
SIM2
SIM3
SIM4
1
21
22
SIM5
SIM1
SIM2
SIM3
SIM4
1
21
22
SIM5
SIM1
SIM2
SIM3
SIM4
1
21
22
SIM5
SIM1
SIM2
SIM3
SIM4
1
21
22
SIM5
SIM1
SIM2
SIM3
SIM4
1
21
22
SIM5
SIM1
SIM2
SIM3
SIM4
1
21
22
SIM5
SIM1
SIM2
SIM3
SIM4
1
21
22
SIM5
SIM1
SIM2
SIM3
SIM4
1
21
22
SIM5
SIM1
SIM2
SIM3
SIM4
1
21
22
SIM5
SIM1
SIM2
SIM3
SIM4
1
21
22
SIM5
SIM1
SIM2
SIM3
SIM4
1
21
22
SIM5
SIM1
SIM2
SIM3
SIM4
1
21
22
SIM5
SIM1
SIM2
SIM3
SIM4
1
21
22
SIM5
SIM1
SIM2
SIM3
SIM4
1
21
22
SIM5
SIM1
SIM2
SIM3
SIM4
1
21
22
SIM5
SIM1
SIM2
SIM3
SIM4
1
21
22
SIM5
SIM1
SIM2
SIM3
SIM4
1
21
22
SIM5
SIM1
SIM2
SIM3
SIM4
1
21
22
SIM5
SIM1
SIM2
SIM3
SIM4
1
21
22
SIM5
SIM1
SIM2
SIM3
SIM4
1
21
22
SIM5
SIM1
SIM2
SIM3
SIM4
1
21
22
SIM5
SIM1
SIM2
SIM3
SIM4
1
21
22
SIM5
SIM1
SIM2
SIM3
SIM4
1
21
22
SIM5
SIM1
SIM2
SIM3
SIM4
1
21
22
SIM5
SIM1
SIM2
SIM3
SIM4
1
21
22
SIM5
SIM1
SIM2
SIM3
SIM4
1
21
22
SIM5
SIM1
SIM2
SIM3
SIM4
1
21
22
SIM5
SIM1
SIM2
SIM3
SIM4
1
21
22
SIM5
SIM1
SIM2
SIM3
SIM4
1
21
22
SIM5
SIM1
SIM2
SIM3
SIM4
1
21
22
SIM5
SIM1
SIM2
SIM3
SIM4
1
21
22
SIM5
SIM1
SIM2
SIM3
SIM4
1
21
22
SIM5
SIM1
SIM2
SIM3
SIM4
1
21
22
SIM5
SIM1
SIM2
SIM3
SIM4
1
21
22
SIM5
SIM1
SIM2
SIM3
SIM4
1
21
22
SIM5
SIM1
SIM2
SIM3
SIM4
1
21
22
SIM5
SIM1
SIM2
SIM3
SIM4
1
21
22
SIM5
SIM1
SIM2
SIM3
SIM4
1
21
22
SIM5
SIM1
SIM2
SIM3
SIM4
1
21
22
SIM5
SIM1
SIM2
SIM3
SIM4
1
21
22
SIM5
SIM1
SIM2
SIM3
SIM4
1
21
22
SIM5
SIM1
SIM2
SIM3
SIM4
1
21
22
SIM5
SIM1
SIM2
SIM3
SIM4
1
21
22
SIM5
SIM1
SIM2
SIM3
SIM4
1
21
22
SIM5
SIM1
SIM2
SIM3
SIM4
1
21
22
SIM5
SIM1
SIM2
SIM3
SIM4
1
21
22
SIM5
SIM1
SIM2
SIM3
SIM4
1
21
22
SIM5
SIM1
SIM2
SIM3
SIM4
1
21
22
SIM5
SIM1
SIM2
SIM3
SIM4
1
21
22
SIM5
SIM1
SIM2
SIM3
SIM4
1
21
22
SIM5
SIM1
SIM2
SIM3
SIM4
1
21
22
SIM5
SIM1
SIM2
SIM3
SIM4
1
21
22
SIM5
SIM1
SIM2
SIM3
SIM4
1
21
22
SIM5
SIM1
SIM2
SIM3
SIM4
1
21
22
SIM5
SIM1
SIM2
SIM3
SIM4
1
21
22
SIM5
SIM1
SIM2
SIM3
SIM4
1
21
22
SIM5
SIM1
SIM2
SIM3
SIM4
1
21
22
SIM5
SIM1
SIM2
SIM3
SIM4
1
21
22
SIM5
SIM1
SIM2
SIM3
SIM4
1
21
22
SIM5
SIM1
SIM2
SIM3
SIM4
1
21
22
SIM5
SIM1
SIM2
SIM3
SIM4
1
21
22
SIM5
SIM1
SIM2
SIM3
SIM4
1
21
22
SIM5
SIM1
SIM2
SIM3
SIM4
1
21
22
SIM5
SIM1
SIM2
SIM3
SIM4
1
21
22
SIM5
SIM1
SIM2
SIM3
SIM4
1
21
22
SIM5
SIM1
SIM2
SIM3
SIM4
1
21
22
SIM5
SIM1
SIM2
SIM3
SIM4
1
21
22
SIM5
SIM1
SIM2
SIM3
SIM4
1
21
22
SIM5
SIM1
SIM2
SIM3
SIM4
1
21
22
SIM5
SIM1
SIM2
SIM3
SIM4
1
21
22
SIM5
SIM1
SIM2
SIM3
SIM4
1
21
22
SIM5
SIM1
SIM2
SIM3
SIM4
1
21
22
SIM5
SIM1
SIM2
SIM3
SIM4
1
21
22
SIM5
SIM1
SIM2
SIM3
SIM4
1
21
22
SIM5
SIM1
SIM2
SIM3
SIM4
1
21
22
SIM5
SIM1
SIM2
SIM3
SIM4
1
21
22
SIM5
SIM1
SIM2
SIM3
SIM4
1
21
22
SIM5
SIM1
SIM2
SIM3
SIM4
1
21
22
SIM5
SIM1
SIM2
SIM3
SIM4
1
21
22
SIM5
SIM1
SIM2
SIM3
SIM4
1
21
22
SIM5
SIM1
SIM2
SIM3
SIM4
1
21
22
SIM5
SIM1
SIM2
SIM3
SIM4
1
21
22
SIM5
SIM1
SIM2
SIM3
SIM4
1
21
22
SIM5
SIM1
SIM2
SIM3
SIM4
1
21
22
SIM5
SIM1
SIM2
SIM3
SIM4
1
21
22
SIM5
SIM1
SIM2
SIM3
SIM4
1
21
22
SIM5
SIM1
SIM2
SIM3
SIM4
1
21
22
SIM5
SIM1
SIM2
SIM3
SIM4
1
21
22
SIM5
SIM1
SIM2
SIM3
SIM4
1
21
22
SIM5
SIM1
SIM2
SIM3
SIM4
1
21
22
SIM5
SIM1
SIM2
SIM3
SIM4
1
21
22
SIM5
SIM1
SIM2
SIM3
SIM4
1
21
22
SIM5
SIM1
SIM2
SIM3
SIM4
1
21
22
SIM5
SIM1
SIM2
SIM3
SIM4
1
21
22
SIM5
SIM1
SIM2
SIM3
SIM4
1
21
22
SIM5
SIM1
SIM2
SIM3
SIM4
1
21
22
SIM5
SIM1
SIM2
SIM3
SIM4
1
21
22
SIM5
SIM1
SIM2
SIM3
SIM4
1
21
22
SIM5
SIM1
SIM2
SIM3
SIM4
1
21
22
SIM5
SIM1
SIM2
SIM3
SIM4
1
21
22
SIM5
SIM1
SIM2
SIM3
SIM4
1
21
22
SIM5
SIM1
SIM2
SIM3
SIM4
1
21
22
SIM5
SIM1
SIM2
SIM3
SIM4
1
21
22
SIM5
SIM1
SIM2
SIM3
SIM4
1
21
22
SIM5
SIM1
SIM2
SIM3
SIM4
1
21
22
SIM5
SIM1
SIM2
SIM3
SIM4
1
21
22
SIM5
SIM1
SIM2
SIM3
SIM4
1
21
22
SIM5
SIM1
SIM2
SIM3
SIM4
1
21
22
SIM5
SIM1
SIM2
SIM3
SIM4
1
21
22
SIM5
SIM1
SIM2
SIM3
SIM4
1
21
22
SIM5
SIM1
SIM2
SIM3
SIM4
1
21
22
SIM5
SIM1
SIM2
SIM3
SIM4
1
21
22
SIM5
SIM1
SIM2
SIM3
SIM4
1
21
22
SIM5
SIM1
SIM2
SIM3
SIM4
1
21
22
SIM5
SIM1
SIM2
SIM3
SIM4
1
21
22
SIM5
SIM1
SIM2
SIM3
SIM4
1
21
22
SIM5
SIM1
SIM2
SIM3
SIM4
1
21
22
SIM5
SIM1
SIM2
SIM3
SIM4
1
21
22
SIM5
SIM1
SIM2
SIM3
SIM4
1
21
22
SIM5
SIM1
SIM2
SIM3
SIM4
1
21
22
SIM5
SIM1
SIM2
SIM3
SIM4
1
21
22
SIM5
SIM1
SIM2
SIM3
SIM4
1
21
22
SIM5
SIM1
SIM2
SIM3
SIM4
1
21
22
SIM5
SIM1
SIM2
SIM3
SIM4
1
21
22
SIM5
SIM1
SIM2
SIM3
SIM4
1
21
22
SIM5
SIM1
SIM2
SIM3
SIM4
1
21
22
SIM5
SIM1
SIM2
SIM3
SIM4
1
21
22
SIM5
SIM1
SIM2
SIM3
SIM4
1
21
22
SIM5
SIM1
SIM2
SIM3
SIM4
1
21
22
SIM5
SIM1
SIM2
SIM3
SIM4
1
21
22
SIM5
SIM1
SIM2
SIM3
SIM4
1
21
22
SIM5
SIM1
SIM2
SIM3
SIM4
1
21
22
SIM5
SIM1
SIM2
SIM3
SIM4
1
21
22
SIM5
SIM1
SIM2
SIM3
SIM4
1
21
22
SIM5
SIM1
SIM2
SIM3
SIM4
1
21
22
SIM5
SIM1
SIM2
SIM3
SIM4
1
21
22
SIM5
SIM1
SIM2
SIM3
SIM4
1
21
22
SIM5
SIM1
SIM2
SIM3
SIM4
1
21
22
SIM5
SIM1
SIM2
SIM3
SIM4
1
21
22
SIM5
SIM1
SIM2
DEBUG 1 38
SIM1
SIM2
SIM3
SIM4
1
21
22
SIM5
SIM1
SIM2
SIM3
SIM4
1
21
22
SIM5
SIM1
SIM2
SIM3
SIM4
1
21
22
SIM5
SIM1
SIM2
SIM3
SIM4
1
21
22
SIM5
SIM1
SIM2
SIM3
SIM4
1
21
22
SIM5
SIM1
SIM2
SIM3
SIM4
1
21
22
SIM5
SIM1
SIM2
SIM3
SIM4
1
21
22
SIM5
SIM1
SIM2
SIM3
SIM4
1
21
22
SIM5
SIM1
SIM2
SIM3
SIM4
1
21
22
SIM5
SIM1
SIM2
SIM3
SIM4
1
21
22
SIM5
SIM1
SIM2
SIM3
SIM4
1
21
22
SIM5
SIM1
SIM2
SIM3
SIM4
1
21
22
SIM5
SIM1
SIM2
SIM3
SIM4
1
21
22
SIM5
SIM1
SIM2
SIM3
SIM4
1
21
22
SIM5
SIM1
SIM2
SIM3
SIM4
1
21
22
SIM5
SIM1
SIM2
SIM3
SIM4
1
21
22
SIM5
SIM1
SIM2
SIM3
SIM4
1
21
22
SIM5
SIM1
SIM2
SIM3
SIM4
1
21
22
SIM5
SIM1
SIM2
SIM3
SIM4
1
21
22
SIM5
SIM1
SIM2
SIM3
SIM4
1
21
22
SIM5
SIM1
SIM2
SIM3
SIM4
1
21
22
SIM5
SIM1
SIM2
SIM3
SIM4
1
21
22
SIM5
SIM1
SIM2
SIM3
SIM4
1
21
22
SIM5
SIM1
SIM2
SIM3
SIM4
1
21
22
SIM5
SIM1
SIM2
SIM3
SIM4
1
21
22
SIM5
SIM1
SIM2
SIM3
SIM4
1
21
22
SIM5
SIM1
SIM2
SIM3
SIM4
1
21
22
SIM5
SIM1
SIM2
SIM3
SIM4
1
21
22
SIM5
SIM1
SIM2
SIM3
SIM4
1
21
22
SIM5
SIM1
SIM2
SIM3
SIM4
1
21
22
SIM5
SIM1
SIM2
SIM3
SIM4
1
21
22
SIM5
SIM1
SIM2
SIM3
SIM4
1
21
22
SIM5
SIM1
SIM2
SIM3
SIM4
1
21
22
SIM5
SIM1
SIM2
SIM3
SIM4
1
21
22
SIM5
SIM1
SIM2
SIM3
SIM4
1
21
22
SIM5
SIM1
SIM2
SIM3
SIM4
1
21
22
SIM5
SIM1
SIM2
SIM3
SIM4
1
21
22
SIM5
SIM1
SIM2
SIM3
SIM4
1
21
22
SIM5
SIM1
SIM2
SIM3
SIM4
1
21
22
SIM5
SIM1
SIM2
SIM3
SIM4
1
21
22
SIM5
SIM1
SIM2
SIM3
SIM4
1
21
22
SIM5
SIM1
SIM2
SIM3
SIM4
1
21
22
SIM5
SIM1
SIM2
SIM3
SIM4
1
21
22
SIM5
SIM1
SIM2
SIM3
SIM4
1
21
22
SIM5
SIM1
SIM2
SIM3
SIM4
1
21
22
SIM5
SIM1
SIM2
SIM3
SIM4
1
21
22
SIM5
SIM1
SIM2
SIM3
SIM4
1
21
22
SIM5
SIM1
SIM2
SIM3
SIM4
1
21
22
SIM5
SIM1
SIM2
SIM3
SIM4
1
21
22
SIM5
SIM1
SIM2
SIM3
SIM4
1
21
22
SIM5
SIM1
SIM2
SIM3
SIM4
1
21
22
SIM5
SIM1
SIM2
SIM3
SIM4
1
21
22
SIM5
SIM1
SIM2
SIM3
SIM4
1
21
22
SIM5
SIM1
SIM2
SIM3
SIM4
1
21
22
SIM5
SIM1
SIM2
SIM3
SIM4
1
21
22
SIM5
SIM1
SIM2
SIM3
SIM4
1
21
22
SIM5
SIM1
SIM2
SIM3
SIM4
1
21
22
SIM5
SIM1
SIM2
SIM3
SIM4
1
21
22
SIM5
SIM1
SIM2
SIM3
SIM4
1
21
22
SIM5
SIM1
SIM2
SIM3
SIM4
1
21
22
SIM5
SIM1
SIM2
SIM3
SIM4
1
21
22
SIM5
SIM1
SIM2
SIM3
SIM4
1
21
22
SIM5
SIM1
SIM2
SIM3
SIM4
1
21
22
SIM5
SIM1
SIM2
SIM3
SIM4
1
21
22
SIM5
SIM1
SIM2
SIM3
SIM4
1
21
22
SIM5
SIM1
SIM2
SIM3
SIM4
1
21
22
SIM5
SIM1
SIM2
SIM3
SIM4
1
21
22
SIM5
SIM1
SIM2
SIM3
SIM4
1
21
22
SIM5
SIM1
SIM2
SIM3
SIM4
1
21
22
SIM5
SIM1
SIM2
SIM3
SIM4
1
21
22
SIM5
SIM1
SIM2
SIM3
SIM4
1
21
22
SIM5
SIM1
SIM2
SIM3
SIM4
1
21
22
SIM5
SIM1
SIM2
SIM3
SIM4
1
21
22
SIM5
SIM1
SIM2
SIM3
SIM4
1
21
22
SIM5
SIM1
SIM2
SIM3
SIM4
1
21
22
SIM5
SIM1
SIM2
SIM3
SIM4
1
21
22
SIM5
SIM1
SIM2
SIM3
SIM4
1
21
22
SIM5
SIM1
SIM2
SIM3
SIM4
1
21
22
SIM5
SIM1
SIM2
SIM3
SIM4
1
21
22
SIM5
SIM1
SIM2
SIM3
SIM4
1
21
22
SIM5
SIM1
SIM2
SIM3
SIM4
1
21
22
SIM5
SIM1
SIM2
SIM3
SIM4
1
21
22
SIM5
SIM1
SIM2
SIM3
SIM4
1
21
22
SIM5
SIM1
SIM2
SIM3
SIM4
1
21
22
SIM5
SIM1
SIM2
SIM3
SIM4
1
21
22
SIM5
SIM1
SIM2
SIM3
SIM4
1
21
22
SIM5
SIM1
SIM2
SIM3
SIM4
1
21
22
SIM5
SIM1
SIM2
SIM3
SIM4
1
21
22
SIM5
SIM1
SIM2
SIM3
SIM4
1
21
22
SIM5
SIM1
SIM2
SIM3
SIM4
1
21
22
SIM5
SIM1
SIM2
SIM3
SIM4
1
21
22
SIM5
SIM1
SIM2
SIM3
SIM4
1
21
22
SIM5
SIM1
SIM2
SIM3
SIM4
1
21
22
SIM5
SIM1
SIM2
SIM3
SIM4
1
21
22
SIM5
SIM1
SIM2
SIM3
SIM4
1
21
22
SIM5
SIM1
SIM2
SIM3
SIM4
1
21
22
SIM5
SIM1
SIM2
SIM3
SIM4
1
21
22
SIM5
SIM1
SIM2
SIM3
SIM4
1
21
22
SIM5
SIM1
SIM2
SIM3
SIM4
1
21
22
SIM5
SIM1
SIM2
SIM3
SIM4
1
21
22
SIM5
SIM1
SIM2
SIM3
SIM4
1
21
22
SIM5
SIM1
SIM2
SIM3
SIM4
1
21
22
SIM5
SIM1
SIM2
SIM3
SIM4
1
21
22
SIM5
SIM1
SIM2
SIM3
SIM4
1
21
22
SIM5
SIM1
SIM2
SIM3
SIM4
1
21
22
SIM5
SIM1
SIM2
SIM3
SIM4
1
21
22
SIM5
SIM1
SIM2
SIM3
SIM4
1
21
22
SIM5
SIM1
SIM2
SIM3
SIM4
1
21
22
SIM5
SIM1
SIM2
SIM3
SIM4
1
21
22
SIM5
SIM1
SIM2
SIM3
SIM4
1
21
22
SIM5
SIM1
SIM2
SIM3
SIM4
1
21
22
SIM5
SIM1
SIM2
SIM3
SIM4
1
21
22
SIM5
SIM1
SIM2
SIM3
SIM4
1
21
22
SIM5
SIM1
SIM2
SIM3
SIM4
1
21
22
SIM5
SIM1
SIM2
SIM3
SIM4
1
21
22
SIM5
SIM1
SIM2
SIM3
SIM4
1
21
22
SIM5
SIM1
SIM2
SIM3
SIM4
1
21
22
SIM5
SIM1
SIM2
DEBUG 1 39
SIM1
SIM2
SIM3
SIM4
1
21
22
SIM5
SIM1
SIM2
SIM3
SIM4
1
21
22
SIM5
SIM1
SIM2
SIM3
SIM4
1
21
22
SIM5
SIM1
SIM2
SIM3
SIM4
1
21
22
SIM5
SIM1
SIM2
SIM3
SIM4
1
21
22
SIM5
SIM1
SIM2
SIM3
SIM4
1
21
22
SIM5
SIM1
SIM2
SIM3
SIM4
1
21
22
SIM5
SIM1
SIM2
SIM3
SIM4
1
21
22
SIM5
SIM1
SIM2
SIM3
SIM4
1
21
22
SIM5
SIM1
SIM2
SIM3
SIM4
1
21
22
SIM5
SIM1
SIM2
SIM3
SIM4
1
21
22
SIM5
SIM1
SIM2
SIM3
SIM4
1
21
22
SIM5
SIM1
SIM2
SIM3
SIM4
1
21
22
SIM5
SIM1
SIM2
SIM3
SIM4
1
21
22
SIM5
SIM1
SIM2
SIM3
SIM4
1
21
22
SIM5
SIM1
SIM2
SIM3
SIM4
1
21
22
SIM5
SIM1
SIM2
SIM3
SIM4
1
21
22
SIM5
SIM1
SIM2
SIM3
SIM4
1
21
22
SIM5
SIM1
SIM2
SIM3
SIM4
1
21
22
SIM5
SIM1
SIM2
SIM3
SIM4
1
21
22
SIM5
SIM1
SIM2
SIM3
SIM4
1
21
22
SIM5
SIM1
SIM2
SIM3
SIM4
1
21
22
SIM5
SIM1
SIM2
SIM3
SIM4
1
21
22
SIM5
SIM1
SIM2
SIM3
SIM4
1
21
22
SIM5
SIM1
SIM2
SIM3
SIM4
1
21
22
SIM5
SIM1
SIM2
SIM3
SIM4
1
21
22
SIM5
SIM1
SIM2
SIM3
SIM4
1
21
22
SIM5
SIM1
SIM2
SIM3
SIM4
1
21
22
SIM5
SIM1
SIM2
SIM3
SIM4
1
21
22
SIM5
SIM1
SIM2
SIM3
SIM4
1
21
22
SIM5
SIM1
SIM2
SIM3
SIM4
1
21
22
SIM5
SIM1
SIM2
SIM3
SIM4
1
21
22
SIM5
SIM1
SIM2
SIM3
SIM4
1
21
22
SIM5
SIM1
SIM2
SIM3
SIM4
1
21
22
SIM5
SIM1
SIM2
SIM3
SIM4
1
21
22
SIM5
SIM1
SIM2
SIM3
SIM4
1
21
22
SIM5
SIM1
SIM2
SIM3
SIM4
1
21
22
SIM5
SIM1
SIM2
SIM3
SIM4
1
21
22
SIM5
SIM1
SIM2
SIM3
SIM4
1
21
22
SIM5
SIM1
SIM2
SIM3
SIM4
1
21
22
SIM5
SIM1
SIM2
SIM3
SIM4
1
21
22
SIM5
SIM1
SIM2
SIM3
SIM4
1
21
22
SIM5
SIM1
SIM2
SIM3
SIM4
1
21
22
SIM5
SIM1
SIM2
SIM3
SIM4
1
21
22
SIM5
SIM1
SIM2
SIM3
SIM4
1
21
22
SIM5
SIM1
SIM2
SIM3
SIM4
1
21
22
SIM5
SIM1
SIM2
SIM3
SIM4
1
21
22
SIM5
SIM1
SIM2
SIM3
SIM4
1
21
22
SIM5
SIM1
SIM2
SIM3
SIM4
1
21
22
SIM5
SIM1
SIM2
SIM3
SIM4
1
21
22
SIM5
SIM1
SIM2
SIM3
SIM4
1
21
22
SIM5
SIM1
SIM2
SIM3
SIM4
1
21
22
SIM5
SIM1
SIM2
SIM3
SIM4
1
21
22
SIM5
SIM1
SIM2
SIM3
SIM4
1
21
22
SIM5
SIM1
SIM2
SIM3
SIM4
1
21
22
SIM5
SIM1
SIM2
SIM3
SIM4
1
21
22
SIM5
SIM1
SIM2
SIM3
SIM4
1
21
22
SIM5
SIM1
SIM2
SIM3
SIM4
1
21
22
SIM5
SIM1
SIM2
SIM3
SIM4
1
21
22
SIM5
SIM1
SIM2
SIM3
SIM4
1
21
22
SIM5
SIM1
SIM2
SIM3
SIM4
1
21
22
SIM5
SIM1
SIM2
SIM3
SIM4
1
21
22
SIM5
SIM1
SIM2
SIM3
SIM4
1
21
22
SIM5
SIM1
SIM2
SIM3
SIM4
1
21
22
SIM5
SIM1
SIM2
SIM3
SIM4
1
21
22
SIM5
SIM1
SIM2
SIM3
SIM4
1
21
22
SIM5
SIM1
SIM2
SIM3
SIM4
1
21
22
SIM5
SIM1
SIM2
SIM3
SIM4
1
21
22
SIM5
SIM1
SIM2
SIM3
SIM4
1
21
22
SIM5
SIM1
SIM2
SIM3
SIM4
1
21
22
SIM5
SIM1
SIM2
SIM3
SIM4
1
21
22
SIM5
SIM1
SIM2
SIM3
SIM4
1
21
22
SIM5
SIM1
SIM2
SIM3
SIM4
1
21
22
SIM5
SIM1
SIM2
SIM3
SIM4
1
21
22
SIM5
SIM1
SIM2
SIM3
SIM4
1
21
22
SIM5
SIM1
SIM2
SIM3
SIM4
1
21
22
SIM5
SIM1
SIM2
SIM3
SIM4
1
21
22
SIM5
SIM1
SIM2
SIM3
SIM4
1
21
22
SIM5
SIM1
SIM2
SIM3
SIM4
1
21
22
SIM5
SIM1
SIM2
SIM3
SIM4
1
21
22
SIM5
SIM1
SIM2
SIM3
SIM4
1
21
22
SIM5
SIM1
SIM2
SIM3
SIM4
1
21
22
SIM5
SIM1
SIM2
SIM3
SIM4
1
21
22
SIM5
SIM1
SIM2
SIM3
SIM4
1
21
22
SIM5
SIM1
SIM2
SIM3
SIM4
1
21
22
SIM5
SIM1
SIM2
SIM3
SIM4
1
21
22
SIM5
SIM1
SIM2
SIM3
SIM4
1
21
22
SIM5
SIM1
SIM2
SIM3
SIM4
1
21
22
SIM5
SIM1
SIM2
SIM3
SIM4
1
21
22
SIM5
SIM1
SIM2
SIM3
SIM4
1
21
22
SIM5
SIM1
SIM2
SIM3
SIM4
1
21
22
SIM5
SIM1
SIM2
SIM3
SIM4
1
21
22
SIM5
SIM1
SIM2
SIM3
SIM4
1
21
22
SIM5
SIM1
SIM2
SIM3
SIM4
1
21
22
SIM5
SIM1
SIM2
SIM3
SIM4
1
21
22
SIM5
SIM1
SIM2
SIM3
SIM4
1
21
22
SIM5
SIM1
SIM2
SIM3
SIM4
1
21
22
SIM5
SIM1
SIM2
SIM3
SIM4
1
21
22
SIM5
SIM1
SIM2
SIM3
SIM4
1
21
22
SIM5
SIM1
SIM2
SIM3
SIM4
1
21
22
SIM5
SIM1
SIM2
SIM3
SIM4
1
21
22
SIM5
SIM1
SIM2
SIM3
SIM4
1
21
22
SIM5
SIM1
SIM2
SIM3
SIM4
1
21
22
SIM5
SIM1
SIM2
SIM3
SIM4
1
21
22
SIM5
SIM1
SIM2
SIM3
SIM4
1
21
22
SIM5
SIM1
SIM2
SIM3
SIM4
1
21
22
SIM5
SIM1
SIM2
SIM3
SIM4
1
21
22
SIM5
SIM1
SIM2
SIM3
SIM4
1
21
22
SIM5
SIM1
SIM2
SIM3
SIM4
1
21
22
SIM5
SIM1
SIM2
SIM3
SIM4
1
21
22
SIM5
SIM1
SIM2
SIM3
SIM4
1
21
22
SIM5
SIM1
SIM2
SIM3
SIM4
1
21
22
SIM5
SIM1
SIM2
SIM3
SIM4
1
21
22
SIM5
SIM1
SIM2
SIM3
SIM4
1
21
22
SIM5
SIM1
SIM2
SIM3
SIM4
1
21
22
SIM5
SIM1
SIM2
SIM3
SIM4
1
21
22
SIM5
SIM1
SIM2
SIM3
SIM4
1
21
22
SIM5
SIM1
SIM2
SIM3
SIM4
1
21
22
SIM5
SIM1
SIM2
SIM3
SIM4
1
21
22
SIM5
SIM1
SIM2
SIM3
SIM4
1
21
22
SIM5
SIM1
SIM2
SIM3
SIM4
1
21
22
SIM5
SIM1
SIM2
SIM3
SIM4
1
21
22
SIM5
SIM1
SIM2
SIM3
SIM4
1
21
22
SIM5
SIM1
SIM2
SIM3
SIM4
1
21
22
SIM5
SIM1
SIM2
SIM3
SIM4
1
21
22
SIM5
SIM1
SIM2
SIM3
SIM4
1
21
22
SIM5
SIM1
SIM2
SIM3
SIM4
1
21
22
SIM5
SIM1
SIM2
SIM3
SIM4
1
21
22
SIM5
SIM1
SIM2
SIM3
SIM4
1
21
22
SIM5
SIM1
SIM2
SIM3
SIM4
1
21
22
SIM5
SIM1
SIM2
SIM3
SIM4
1
21
22
SIM5
SIM1
SIM2
SIM3
SIM4
1
21
22
SIM5
SIM1
SIM2
SIM3
SIM4
1
21
22
SIM5
SIM1
SIM2
SIM3
SIM4
1
21
22
SIM5
SIM1
SIM2
SIM3
SIM4
1
21
22
SIM5
SIM1
SIM2
SIM3
SIM4
1
21
22
SIM5
SIM1
SIM2
SIM3
SIM4
1
21
22
SIM5
SIM1
SIM2
SIM3
SIM4
1
21
22
SIM5
SIM1
SIM2
SIM3
SIM4
1
21
22
SIM5
SIM1
SIM2
DEBUG 1 40
SIM1
SIM2
SIM3
SIM4
1
21
22
SIM5
SIM1
SIM2
SIM3
SIM4
1
21
22
SIM5
SIM1
SIM2
SIM3
SIM4
1
21
22
SIM5
SIM1
SIM2
SIM3
SIM4
1
21
22
SIM5
SIM1
SIM2
SIM3
SIM4
1
21
22
SIM5
SIM1
SIM2
SIM3
SIM4
1
21
22
SIM5
SIM1
SIM2
SIM3
SIM4
1
21
22
SIM5
SIM1
SIM2
SIM3
SIM4
1
21
22
SIM5
SIM1
SIM2
SIM3
SIM4
1
21
22
SIM5
SIM1
SIM2
SIM3
SIM4
1
21
22
SIM5
SIM1
SIM2
SIM3
SIM4
1
21
22
SIM5
SIM1
SIM2
SIM3
SIM4
1
21
22
SIM5
SIM1
SIM2
SIM3
SIM4
1
21
22
SIM5
SIM1
SIM2
SIM3
SIM4
1
21
22
SIM5
SIM1
SIM2
SIM3
SIM4
1
21
22
SIM5
SIM1
SIM2
SIM3
SIM4
1
21
22
SIM5
SIM1
SIM2
SIM3
SIM4
1
21
22
SIM5
SIM1
SIM2
SIM3
SIM4
1
21
22
SIM5
SIM1
SIM2
SIM3
SIM4
1
21
22
SIM5
SIM1
SIM2
SIM3
SIM4
1
21
22
SIM5
SIM1
SIM2
SIM3
SIM4
1
21
22
SIM5
SIM1
SIM2
SIM3
SIM4
1
21
22
SIM5
SIM1
SIM2
SIM3
SIM4
1
21
22
SIM5
SIM1
SIM2
SIM3
SIM4
1
21
22
SIM5
SIM1
SIM2
SIM3
SIM4
1
21
22
SIM5
SIM1
SIM2
SIM3
SIM4
1
21
22
SIM5
SIM1
SIM2
SIM3
SIM4
1
21
22
SIM5
SIM1
SIM2
SIM3
SIM4
1
21
22
SIM5
SIM1
SIM2
SIM3
SIM4
1
21
22
SIM5
SIM1
SIM2
SIM3
SIM4
1
21
22
SIM5
SIM1
SIM2
SIM3
SIM4
1
21
22
SIM5
SIM1
SIM2
SIM3
SIM4
1
21
22
SIM5
SIM1
SIM2
SIM3
SIM4
1
21
22
SIM5
SIM1
SIM2
SIM3
SIM4
1
21
22
SIM5
SIM1
SIM2
SIM3
SIM4
1
21
22
SIM5
SIM1
SIM2
SIM3
SIM4
1
21
22
SIM5
SIM1
SIM2
SIM3
SIM4
1
21
22
SIM5
SIM1
SIM2
SIM3
SIM4
1
21
22
SIM5
SIM1
SIM2
SIM3
SIM4
1
21
22
SIM5
SIM1
SIM2
SIM3
SIM4
1
21
22
SIM5
SIM1
SIM2
SIM3
SIM4
1
21
22
SIM5
SIM1
SIM2
SIM3
SIM4
1
21
22
SIM5
SIM1
SIM2
SIM3
SIM4
1
21
22
SIM5
SIM1
SIM2
SIM3
SIM4
1
21
22
SIM5
SIM1
SIM2
SIM3
SIM4
1
21
22
SIM5
SIM1
SIM2
SIM3
SIM4
1
21
22
SIM5
SIM1
SIM2
SIM3
SIM4
1
21
22
SIM5
SIM1
SIM2
SIM3
SIM4
1
21
22
SIM5
SIM1
SIM2
SIM3
SIM4
1
21
22
SIM5
SIM1
SIM2
SIM3
SIM4
1
21
22
SIM5
SIM1
SIM2
SIM3
SIM4
1
21
22
SIM5
SIM1
SIM2
SIM3
SIM4
1
21
22
SIM5
SIM1
SIM2
SIM3
SIM4
1
21
22
SIM5
SIM1
SIM2
SIM3
SIM4
1
21
22
SIM5
SIM1
SIM2
SIM3
SIM4
1
21
22
SIM5
SIM1
SIM2
SIM3
SIM4
1
21
22
SIM5
SIM1
SIM2
SIM3
SIM4
1
21
22
SIM5
SIM1
SIM2
SIM3
SIM4
1
21
22
SIM5
SIM1
SIM2
SIM3
SIM4
1
21
22
SIM5
SIM1
SIM2
SIM3
SIM4
1
21
22
SIM5
SIM1
SIM2
SIM3
SIM4
1
21
22
SIM5
SIM1
SIM2
SIM3
SIM4
1
21
22
SIM5
SIM1
SIM2
SIM3
SIM4
1
21
22
SIM5
SIM1
SIM2
SIM3
SIM4
1
21
22
SIM5
SIM1
SIM2
SIM3
SIM4
1
21
22
SIM5
SIM1
SIM2
SIM3
SIM4
1
21
22
SIM5
SIM1
SIM2
SIM3
SIM4
1
21
22
SIM5
SIM1
SIM2
SIM3
SIM4
1
21
22
SIM5
SIM1
SIM2
SIM3
SIM4
1
21
22
SIM5
SIM1
SIM2
SIM3
SIM4
1
21
22
SIM5
SIM1
SIM2
SIM3
SIM4
1
21
22
SIM5
SIM1
SIM2
SIM3
SIM4
1
21
22
SIM5
SIM1
SIM2
SIM3
SIM4
1
21
22
SIM5
SIM1
SIM2
SIM3
SIM4
1
21
22
SIM5
SIM1
SIM2
SIM3
SIM4
1
21
22
SIM5
SIM1
SIM2
SIM3
SIM4
1
21
22
SIM5
SIM1
SIM2
SIM3
SIM4
1
21
22
SIM5
SIM1
SIM2
SIM3
SIM4
1
21
22
SIM5
SIM1
SIM2
SIM3
SIM4
1
21
22
SIM5
SIM1
SIM2
SIM3
SIM4
1
21
22
SIM5
SIM1
SIM2
SIM3
SIM4
1
21
22
SIM5
SIM1
SIM2
SIM3
SIM4
1
21
22
SIM5
SIM1
SIM2
SIM3
SIM4
1
21
22
SIM5
SIM1
SIM2
SIM3
SIM4
1
21
22
SIM5
SIM1
SIM2
SIM3
SIM4
1
21
22
SIM5
SIM1
SIM2
SIM3
SIM4
1
21
22
SIM5
SIM1
SIM2
SIM3
SIM4
1
21
22
SIM5
SIM1
SIM2
SIM3
SIM4
1
21
22
SIM5
SIM1
SIM2
SIM3
SIM4
1
21
22
SIM5
SIM1
SIM2
SIM3
SIM4
1
21
22
SIM5
SIM1
SIM2
SIM3
SIM4
1
21
22
SIM5
SIM1
SIM2
SIM3
SIM4
1
21
22
SIM5
SIM1
SIM2
SIM3
SIM4
1
21
22
SIM5
SIM1
SIM2
SIM3
SIM4
1
21
22
SIM5
SIM1
SIM2
SIM3
SIM4
1
21
22
SIM5
SIM1
SIM2
SIM3
SIM4
1
21
22
SIM5
SIM1
SIM2
SIM3
SIM4
1
21
22
SIM5
SIM1
SIM2
SIM3
SIM4
1
21
22
SIM5
SIM1
SIM2
SIM3
SIM4
1
21
22
SIM5
SIM1
SIM2
SIM3
SIM4
1
21
22
SIM5
SIM1
SIM2
SIM3
SIM4
1
21
22
SIM5
SIM1
SIM2
SIM3
SIM4
1
21
22
SIM5
SIM1
SIM2
SIM3
SIM4
1
21
22
SIM5
SIM1
SIM2
SIM3
SIM4
1
21
22
SIM5
SIM1
SIM2
SIM3
SIM4
1
21
22
SIM5
SIM1
SIM2
SIM3
SIM4
1
21
22
SIM5
SIM1
SIM2
SIM3
SIM4
1
21
22
SIM5
SIM1
SIM2
SIM3
SIM4
1
21
22
SIM5
SIM1
SIM2
SIM3
SIM4
1
21
22
SIM5
SIM1
SIM2
SIM3
SIM4
1
21
22
SIM5
SIM1
SIM2
SIM3
SIM4
1
21
22
SIM5
SIM1
SIM2
SIM3
SIM4
1
21
22
SIM5
SIM1
SIM2
SIM3
SIM4
1
21
22
SIM5
SIM1
SIM2
SIM3
SIM4
1
21
22
SIM5
SIM1
SIM2
SIM3
SIM4
1
21
22
SIM5
SIM1
SIM2
SIM3
SIM4
1
21
22
SIM5
SIM1
SIM2
SIM3
SIM4
1
21
22
SIM5
SIM1
SIM2
SIM3
SIM4
1
21
22
SIM5
SIM1
SIM2
SIM3
SIM4
1
21
22
SIM5
SIM1
SIM2
SIM3
SIM4
1
21
22
SIM5
SIM1
SIM2
SIM3
SIM4
1
21
22
SIM5
SIM1
SIM2
SIM3
SIM4
1
21
22
SIM5
SIM1
SIM2
SIM3
SIM4
1
21
22
SIM5
SIM1
SIM2
SIM3
SIM4
1
21
22
SIM5
SIM1
SIM2
SIM3
SIM4
1
21
22
SIM5
SIM1
SIM2
SIM3
SIM4
1
21
22
SIM5
SIM1
SIM2
SIM3
SIM4
1
21
22
SIM5
SIM1
SIM2
SIM3
SIM4
1
21
22
SIM5
SIM1
SIM2
SIM3
SIM4
1
21
22
SIM5
SIM1
SIM2
SIM3
SIM4
1
21
22
SIM5
SIM1
SIM2
SIM3
SIM4
1
21
22
SIM5
SIM1
SIM2
SIM3
SIM4
1
21
22
SIM5
SIM1
SIM2
SIM3
SIM4
1
21
22
SIM5
SIM1
SIM2
SIM3
SIM4
1
21
22
SIM5
SIM1
SIM2
SIM3
SIM4
1
21
22
SIM5
SIM1
SIM2
SIM3
SIM4
1
21
22
SIM5
SIM1
SIM2
SIM3
SIM4
1
21
22
SIM5
SIM1
SIM2
SIM3
SIM4
1
21
22
SIM5
SIM1
SIM2
SIM3
SIM4
1
21
22
SIM5
SIM1
SIM2
SIM3
SIM4
1
21
22
SIM5
SIM1
SIM2
SIM3
SIM4
1
21
22
SIM5
SIM1
SIM2
SIM3
SIM4
1
21
22
SIM5
SIM1
SIM2
SIM3
SIM4
1
21
22
SIM5
SIM1
SIM2
SIM3
SIM4
1
21
22
SIM5
SIM1
SIM2
SIM3
SIM4
1
21
22
SIM5
SIM1
SIM2
SIM3
SIM4
1
21
22
SIM5
SIM1
SIM2
SIM3
SIM4
1
21
22
SIM5
SIM1
SIM2
SIM3
SIM4
1
21
22
SIM5
SIM1
SIM2
SIM3
SIM4
1
21
22
SIM5
SIM1
SIM2
SIM3
SIM4
1
21
22
SIM5
SIM1
SIM2
SIM3
SIM4
1
21
22
SIM5
SIM1
SIM2
SIM3
SIM4
1
21
22
SIM5
SIM1
SIM2
SIM3
SIM4
1
21
22
SIM5
SIM1
SIM2
SIM3
SIM4
1
21
22
SIM5
SIM1
SIM2
SIM3
SIM4
1
21
22
SIM5
SIM1
SIM2
SIM3
SIM4
1
21
22
SIM5
SIM1
SIM2
SIM3
SIM4
1
21
22
SIM5
SIM1
SIM2
SIM3
SIM4
1
21
22
SIM5
SIM1
SIM2
SIM3
SIM4
1
21
22
SIM5
SIM1
SIM2
SIM3
SIM4
1
21
22
SIM5
SIM1
SIM2
SIM3
SIM4
1
21
22
SIM5
SIM1
SIM2
SIM3
SIM4
1
21
22
SIM5
SIM1
SIM2
SIM3
SIM4
1
21
22
SIM5
SIM1
SIM2
SIM3
SIM4
1
21
22
SIM5
SIM1
SIM2
SIM3
SIM4
1
21
22
SIM5
SIM1
SIM2
SIM3
SIM4
1
21
22
SIM5
SIM1
SIM2
SIM3
SIM4
1
21
22
SIM5
SIM1
SIM2
SIM3
SIM4
1
21
22
SIM5
SIM1
SIM2
SIM3
SIM4
1
21
22
SIM5
SIM1
SIM2
SIM3
SIM4
1
21
22
SIM5
SIM1
SIM2
SIM3
SIM4
1
21
22
SIM5
SIM1
SIM2
SIM3
SIM4
1
21
22
SIM5
SIM1
SIM2
SIM3
SIM4
1
21
22
SIM5
SIM1
SIM2
SIM3
SIM4
1
21
22
SIM5
SIM1
SIM2
SIM3
SIM4
1
21
22
SIM5
SIM1
SIM2
SIM3
SIM4
1
21
22
SIM5
SIM1
SIM2
SIM3
SIM4
1
21
22
SIM5
SIM1
SIM2
SIM3
SIM4
1
21
22
SIM5
SIM1
SIM2
SIM3
SIM4
1
21
22
SIM5
SIM1
SIM2
SIM3
SIM4
1
21
22
SIM5
SIM1
SIM2
DEBUG 1 41
SIM1
SIM2
SIM3
SIM4
1
21
22
SIM5
SIM1
SIM2
SIM3
SIM4
1
21
22
SIM5
SIM1
SIM2
SIM3
SIM4
1
21
22
SIM5
SIM1
SIM2
SIM3
SIM4
1
21
22
SIM5
SIM1
SIM2
SIM3
SIM4
1
21
22
SIM5
SIM1
SIM2
SIM3
SIM4
1
21
22
SIM5
SIM1
SIM2
SIM3
SIM4
1
21
22
SIM5
SIM1
SIM2
SIM3
SIM4
1
21
22
SIM5
SIM1
SIM2
SIM3
SIM4
1
21
22
SIM5
SIM1
SIM2
SIM3
SIM4
1
21
22
SIM5
SIM1
SIM2
SIM3
SIM4
1
21
22
SIM5
SIM1
SIM2
SIM3
SIM4
1
21
22
SIM5
SIM1
SIM2
SIM3
SIM4
1
21
22
SIM5
SIM1
SIM2
SIM3
SIM4
1
21
22
SIM5
SIM1
SIM2
SIM3
SIM4
1
21
22
SIM5
SIM1
SIM2
SIM3
SIM4
1
21
22
SIM5
SIM1
SIM2
SIM3
SIM4
1
21
22
SIM5
SIM1
SIM2
SIM3
SIM4
1
21
22
SIM5
SIM1
SIM2
SIM3
SIM4
1
21
22
SIM5
SIM1
SIM2
SIM3
SIM4
1
21
22
SIM5
SIM1
SIM2
SIM3
SIM4
1
21
22
SIM5
SIM1
SIM2
SIM3
SIM4
1
21
22
SIM5
SIM1
SIM2
SIM3
SIM4
1
21
22
SIM5
SIM1
SIM2
SIM3
SIM4
1
21
22
SIM5
SIM1
SIM2
SIM3
SIM4
1
21
22
SIM5
SIM1
SIM2
SIM3
SIM4
1
21
22
SIM5
SIM1
SIM2
SIM3
SIM4
1
21
22
SIM5
SIM1
SIM2
SIM3
SIM4
1
21
22
SIM5
SIM1
SIM2
SIM3
SIM4
1
21
22
SIM5
SIM1
SIM2
SIM3
SIM4
1
21
22
SIM5
SIM1
SIM2
SIM3
SIM4
1
21
22
SIM5
SIM1
SIM2
SIM3
SIM4
1
21
22
SIM5
SIM1
SIM2
SIM3
SIM4
1
21
22
SIM5
SIM1
SIM2
SIM3
SIM4
1
21
22
SIM5
SIM1
SIM2
SIM3
SIM4
1
21
22
SIM5
SIM1
SIM2
SIM3
SIM4
1
21
22
SIM5
SIM1
SIM2
SIM3
SIM4
1
21
22
SIM5
SIM1
SIM2
SIM3
SIM4
1
21
22
SIM5
SIM1
SIM2
SIM3
SIM4
1
21
22
SIM5
SIM1
SIM2
SIM3
SIM4
1
21
22
SIM5
SIM1
SIM2
SIM3
SIM4
1
21
22
SIM5
SIM1
SIM2
SIM3
SIM4
1
21
22
SIM5
SIM1
SIM2
SIM3
SIM4
1
21
22
SIM5
SIM1
SIM2
SIM3
SIM4
1
21
22
SIM5
SIM1
SIM2
SIM3
SIM4
1
21
22
SIM5
SIM1
SIM2
SIM3
SIM4
1
21
22
SIM5
SIM1
SIM2
SIM3
SIM4
1
21
22
SIM5
SIM1
SIM2
SIM3
SIM4
1
21
22
SIM5
SIM1
SIM2
SIM3
SIM4
1
21
22
SIM5
SIM1
SIM2
SIM3
SIM4
1
21
22
SIM5
SIM1
SIM2
SIM3
SIM4
1
21
22
SIM5
SIM1
SIM2
SIM3
SIM4
1
21
22
SIM5
SIM1
SIM2
SIM3
SIM4
1
21
22
SIM5
SIM1
SIM2
SIM3
SIM4
1
21
22
SIM5
SIM1
SIM2
SIM3
SIM4
1
21
22
SIM5
SIM1
SIM2
SIM3
SIM4
1
21
22
SIM5
SIM1
SIM2
SIM3
SIM4
1
21
22
SIM5
SIM1
SIM2
SIM3
SIM4
1
21
22
SIM5
SIM1
SIM2
SIM3
SIM4
1
21
22
SIM5
SIM1
SIM2
SIM3
SIM4
1
21
22
SIM5
SIM1
SIM2
SIM3
SIM4
1
21
22
SIM5
SIM1
SIM2
SIM3
SIM4
1
21
22
SIM5
SIM1
SIM2
SIM3
SIM4
1
21
22
SIM5
SIM1
SIM2
SIM3
SIM4
1
21
22
SIM5
SIM1
SIM2
SIM3
SIM4
1
21
22
SIM5
SIM1
SIM2
SIM3
SIM4
1
21
22
SIM5
SIM1
SIM2
SIM3
SIM4
1
21
22
SIM5
SIM1
SIM2
SIM3
SIM4
1
21
22
SIM5
SIM1
SIM2
SIM3
SIM4
1
21
22
SIM5
SIM1
SIM2
SIM3
SIM4
1
21
22
SIM5
SIM1
SIM2
SIM3
SIM4
1
21
22
SIM5
SIM1
SIM2
SIM3
SIM4
1
21
22
SIM5
SIM1
SIM2
SIM3
SIM4
1
21
22
SIM5
SIM1
SIM2
SIM3
SIM4
1
21
22
SIM5
SIM1
SIM2
SIM3
SIM4
1
21
22
SIM5
SIM1
SIM2
SIM3
SIM4
1
21
22
SIM5
SIM1
SIM2
SIM3
SIM4
1
21
22
SIM5
SIM1
SIM2
SIM3
SIM4
1
21
22
SIM5
SIM1
SIM2
SIM3
SIM4
1
21
22
SIM5
SIM1
SIM2
SIM3
SIM4
1
21
22
SIM5
SIM1
SIM2
SIM3
SIM4
1
21
22
SIM5
SIM1
SIM2
SIM3
SIM4
1
21
22
SIM5
SIM1
SIM2
SIM3
SIM4
1
21
22
SIM5
SIM1
SIM2
SIM3
SIM4
1
21
22
SIM5
SIM1
SIM2
SIM3
SIM4
1
21
22
SIM5
SIM1
SIM2
SIM3
SIM4
1
21
22
SIM5
SIM1
SIM2
SIM3
SIM4
1
21
22
SIM5
SIM1
SIM2
SIM3
SIM4
1
21
22
SIM5
SIM1
SIM2
SIM3
SIM4
1
21
22
SIM5
SIM1
SIM2
SIM3
SIM4
1
21
22
SIM5
SIM1
SIM2
SIM3
SIM4
1
21
22
SIM5
SIM1
SIM2
SIM3
SIM4
1
21
22
SIM5
SIM1
SIM2
SIM3
SIM4
1
21
22
SIM5
SIM1
SIM2
SIM3
SIM4
1
21
22
SIM5
SIM1
SIM2
SIM3
SIM4
1
21
22
SIM5
SIM1
SIM2
SIM3
SIM4
1
21
22
SIM5
SIM1
SIM2
SIM3
SIM4
1
21
22
SIM5
SIM1
SIM2
SIM3
SIM4
1
21
22
SIM5
SIM1
SIM2
SIM3
SIM4
1
21
22
SIM5
SIM1
SIM2
SIM3
SIM4
1
21
22
SIM5
SIM1
SIM2
SIM3
SIM4
1
21
22
SIM5
SIM1
SIM2
SIM3
SIM4
1
21
22
SIM5
SIM1
SIM2
SIM3
SIM4
1
21
22
SIM5
SIM1
SIM2
SIM3
SIM4
1
21
22
SIM5
SIM1
SIM2
SIM3
SIM4
1
21
22
SIM5
SIM1
SIM2
SIM3
SIM4
1
21
22
SIM5
SIM1
SIM2
SIM3
SIM4
1
21
22
SIM5
SIM1
SIM2
SIM3
SIM4
1
21
22
SIM5
SIM1
SIM2
SIM3
SIM4
1
21
22
SIM5
SIM1
SIM2
SIM3
SIM4
1
21
22
SIM5
SIM1
SIM2
SIM3
SIM4
1
21
22
SIM5
SIM1
SIM2
SIM3
SIM4
1
21
22
SIM5
SIM1
SIM2
SIM3
SIM4
1
21
22
SIM5
SIM1
SIM2
SIM3
SIM4
1
21
22
SIM5
SIM1
SIM2
SIM3
SIM4
1
21
22
SIM5
SIM1
SIM2
SIM3
SIM4
1
21
22
SIM5
SIM1
SIM2
SIM3
SIM4
1
21
22
SIM5
SIM1
SIM2
SIM3
SIM4
1
21
22
SIM5
SIM1
SIM2
SIM3
SIM4
1
21
22
SIM5
SIM1
SIM2
SIM3
SIM4
1
21
22
SIM5
SIM1
SIM2
SIM3
SIM4
1
21
22
SIM5
SIM1
SIM2
SIM3
SIM4
1
21
22
SIM5
SIM1
SIM2
SIM3
SIM4
1
21
22
SIM5
SIM1
SIM2
SIM3
SIM4
1
21
22
SIM5
SIM1
SIM2
SIM3
SIM4
1
21
22
SIM5
SIM1
SIM2
SIM3
SIM4
1
21
22
SIM5
SIM1
SIM2
SIM3
SIM4
1
21
22
SIM5
SIM1
SIM2
SIM3
SIM4
1
21
22
SIM5
SIM1
SIM2
SIM3
SIM4
1
21
22
SIM5
SIM1
SIM2
SIM3
SIM4
1
21
22
SIM5
SIM1
SIM2
SIM3
SIM4
1
21
22
SIM5
SIM1
SIM2
SIM3
SIM4
1
21
22
SIM5
SIM1
SIM2
DEBUG 1 42
SIM1
SIM2
SIM3
SIM4
1
21
22
SIM5
SIM1
SIM2
SIM3
SIM4
1
21
22
SIM5
SIM1
SIM2
SIM3
SIM4
1
21
22
SIM5
SIM1
SIM2
SIM3
SIM4
1
21
22
SIM5
SIM1
SIM2
SIM3
SIM4
1
21
22
SIM5
SIM1
SIM2
SIM3
SIM4
1
21
22
SIM5
SIM1
SIM2
SIM3
SIM4
1
21
22
SIM5
SIM1
SIM2
SIM3
SIM4
1
21
22
SIM5
SIM1
SIM2
SIM3
SIM4
1
21
22
SIM5
SIM1
SIM2
SIM3
SIM4
1
21
22
SIM5
SIM1
SIM2
SIM3
SIM4
1
21
22
SIM5
SIM1
SIM2
SIM3
SIM4
1
21
22
SIM5
SIM1
SIM2
SIM3
SIM4
1
21
22
SIM5
SIM1
SIM2
SIM3
SIM4
1
21
22
SIM5
SIM1
SIM2
SIM3
SIM4
1
21
22
SIM5
SIM1
SIM2
SIM3
SIM4
1
21
22
SIM5
SIM1
SIM2
SIM3
SIM4
1
21
22
SIM5
SIM1
SIM2
SIM3
SIM4
1
21
22
SIM5
SIM1
SIM2
SIM3
SIM4
1
21
22
SIM5
SIM1
SIM2
SIM3
SIM4
1
21
22
SIM5
SIM1
SIM2
SIM3
SIM4
1
21
22
SIM5
SIM1
SIM2
SIM3
SIM4
1
21
22
SIM5
SIM1
SIM2
SIM3
SIM4
1
21
22
SIM5
SIM1
SIM2
SIM3
SIM4
1
21
22
SIM5
SIM1
SIM2
SIM3
SIM4
1
21
22
SIM5
SIM1
SIM2
SIM3
SIM4
1
21
22
SIM5
SIM1
SIM2
SIM3
SIM4
1
21
22
SIM5
SIM1
SIM2
SIM3
SIM4
1
21
22
SIM5
SIM1
SIM2
SIM3
SIM4
1
21
22
SIM5
SIM1
SIM2
SIM3
SIM4
1
21
22
SIM5
SIM1
SIM2
SIM3
SIM4
1
21
22
SIM5
SIM1
SIM2
SIM3
SIM4
1
21
22
SIM5
SIM1
SIM2
SIM3
SIM4
1
21
22
SIM5
SIM1
SIM2
SIM3
SIM4
1
21
22
SIM5
SIM1
SIM2
SIM3
SIM4
1
21
22
SIM5
SIM1
SIM2
SIM3
SIM4
1
21
22
SIM5
SIM1
SIM2
SIM3
SIM4
1
21
22
SIM5
SIM1
SIM2
SIM3
SIM4
1
21
22
SIM5
SIM1
SIM2
SIM3
SIM4
1
21
22
SIM5
SIM1
SIM2
SIM3
SIM4
1
21
22
SIM5
SIM1
SIM2
SIM3
SIM4
1
21
22
SIM5
SIM1
SIM2
SIM3
SIM4
1
21
22
SIM5
SIM1
SIM2
SIM3
SIM4
1
21
22
SIM5
SIM1
SIM2
SIM3
SIM4
1
21
22
SIM5
SIM1
SIM2
SIM3
SIM4
1
21
22
SIM5
SIM1
SIM2
SIM3
SIM4
1
21
22
SIM5
SIM1
SIM2
SIM3
SIM4
1
21
22
SIM5
SIM1
SIM2
SIM3
SIM4
1
21
22
SIM5
SIM1
SIM2
SIM3
SIM4
1
21
22
SIM5
SIM1
SIM2
SIM3
SIM4
1
21
22
SIM5
SIM1
SIM2
SIM3
SIM4
1
21
22
SIM5
SIM1
SIM2
SIM3
SIM4
1
21
22
SIM5
SIM1
SIM2
SIM3
SIM4
1
21
22
SIM5
SIM1
SIM2
SIM3
SIM4
1
21
22
SIM5
SIM1
SIM2
SIM3
SIM4
1
21
22
SIM5
SIM1
SIM2
SIM3
SIM4
1
21
22
SIM5
SIM1
SIM2
SIM3
SIM4
1
21
22
SIM5
SIM1
SIM2
SIM3
SIM4
1
21
22
SIM5
SIM1
SIM2
SIM3
SIM4
1
21
22
SIM5
SIM1
SIM2
SIM3
SIM4
1
21
22
SIM5
SIM1
SIM2
SIM3
SIM4
1
21
22
SIM5
SIM1
SIM2
SIM3
SIM4
1
21
22
SIM5
SIM1
SIM2
SIM3
SIM4
1
21
22
SIM5
SIM1
SIM2
SIM3
SIM4
1
21
22
SIM5
SIM1
SIM2
SIM3
SIM4
1
21
22
SIM5
SIM1
SIM2
SIM3
SIM4
1
21
22
SIM5
SIM1
SIM2
SIM3
SIM4
1
21
22
SIM5
SIM1
SIM2
SIM3
SIM4
1
21
22
SIM5
SIM1
SIM2
SIM3
SIM4
1
21
22
SIM5
SIM1
SIM2
SIM3
SIM4
1
21
22
SIM5
SIM1
SIM2
SIM3
SIM4
1
21
22
SIM5
SIM1
SIM2
SIM3
SIM4
1
21
22
SIM5
SIM1
SIM2
SIM3
SIM4
1
21
22
SIM5
SIM1
SIM2
SIM3
SIM4
1
21
22
SIM5
SIM1
SIM2
SIM3
SIM4
1
21
22
SIM5
SIM1
SIM2
SIM3
SIM4
1
21
22
SIM5
SIM1
SIM2
SIM3
SIM4
1
21
22
SIM5
SIM1
SIM2
SIM3
SIM4
1
21
22
SIM5
SIM1
SIM2
SIM3
SIM4
1
21
22
SIM5
SIM1
SIM2
SIM3
SIM4
1
21
22
SIM5
SIM1
SIM2
DEBUG 1 43
SIM1
SIM2
SIM3
SIM4
1
21
22
SIM5
SIM1
SIM2
SIM3
SIM4
1
21
22
SIM5
SIM1
SIM2
SIM3
SIM4
1
21
22
SIM5
SIM1
SIM2
SIM3
SIM4
1
21
22
SIM5
SIM1
SIM2
SIM3
SIM4
1
21
22
SIM5
SIM1
SIM2
SIM3
SIM4
1
21
22
SIM5
SIM1
SIM2
SIM3
SIM4
1
21
22
SIM5
SIM1
SIM2
SIM3
SIM4
1
21
22
SIM5
SIM1
SIM2
SIM3
SIM4
1
21
22
SIM5
SIM1
SIM2
SIM3
SIM4
1
21
22
SIM5
SIM1
SIM2
SIM3
SIM4
1
21
22
SIM5
SIM1
SIM2
SIM3
SIM4
1
21
22
SIM5
SIM1
SIM2
SIM3
SIM4
1
21
22
SIM5
SIM1
SIM2
SIM3
SIM4
1
21
22
SIM5
SIM1
SIM2
SIM3
SIM4
1
21
22
SIM5
SIM1
SIM2
SIM3
SIM4
1
21
22
SIM5
SIM1
SIM2
SIM3
SIM4
1
21
22
SIM5
SIM1
SIM2
SIM3
SIM4
1
21
22
SIM5
SIM1
SIM2
SIM3
SIM4
1
21
22
SIM5
SIM1
SIM2
SIM3
SIM4
1
21
22
SIM5
SIM1
SIM2
SIM3
SIM4
1
21
22
SIM5
SIM1
SIM2
SIM3
SIM4
1
21
22
SIM5
SIM1
SIM2
SIM3
SIM4
1
21
22
SIM5
SIM1
SIM2
SIM3
SIM4
1
21
22
SIM5
SIM1
SIM2
SIM3
SIM4
1
21
22
SIM5
SIM1
SIM2
SIM3
SIM4
1
21
22
SIM5
SIM1
SIM2
SIM3
SIM4
1
21
22
SIM5
SIM1
SIM2
SIM3
SIM4
1
21
22
SIM5
SIM1
SIM2
SIM3
SIM4
1
21
22
SIM5
SIM1
SIM2
SIM3
SIM4
1
21
22
SIM5
SIM1
SIM2
SIM3
SIM4
1
21
22
SIM5
SIM1
SIM2
SIM3
SIM4
1
21
22
SIM5
SIM1
SIM2
SIM3
SIM4
1
21
22
SIM5
SIM1
SIM2
SIM3
SIM4
1
21
22
SIM5
SIM1
SIM2
SIM3
SIM4
1
21
22
SIM5
SIM1
SIM2
SIM3
SIM4
1
21
22
SIM5
SIM1
SIM2
SIM3
SIM4
1
21
22
SIM5
SIM1
SIM2
SIM3
SIM4
1
21
22
SIM5
SIM1
SIM2
SIM3
SIM4
1
21
22
SIM5
SIM1
SIM2
SIM3
SIM4
1
21
22
SIM5
SIM1
SIM2
SIM3
SIM4
1
21
22
SIM5
SIM1
SIM2
SIM3
SIM4
1
21
22
SIM5
SIM1
SIM2
SIM3
SIM4
1
21
22
SIM5
SIM1
SIM2
SIM3
SIM4
1
21
22
SIM5
SIM1
SIM2
SIM3
SIM4
1
21
22
SIM5
SIM1
SIM2
SIM3
SIM4
1
21
22
SIM5
SIM1
SIM2
SIM3
SIM4
1
21
22
SIM5
SIM1
SIM2
SIM3
SIM4
1
21
22
SIM5
SIM1
SIM2
SIM3
SIM4
1
21
22
SIM5
SIM1
SIM2
SIM3
SIM4
1
21
22
SIM5
SIM1
SIM2
SIM3
SIM4
1
21
22
SIM5
SIM1
SIM2
SIM3
SIM4
1
21
22
SIM5
SIM1
SIM2
SIM3
SIM4
1
21
22
SIM5
SIM1
SIM2
SIM3
SIM4
1
21
22
SIM5
SIM1
SIM2
SIM3
SIM4
1
21
22
SIM5
SIM1
SIM2
SIM3
SIM4
1
21
22
SIM5
SIM1
SIM2
SIM3
SIM4
1
21
22
SIM5
SIM1
SIM2
SIM3
SIM4
1
21
22
SIM5
SIM1
SIM2
SIM3
SIM4
1
21
22
SIM5
SIM1
SIM2
SIM3
SIM4
1
21
22
SIM5
SIM1
SIM2
SIM3
SIM4
1
21
22
SIM5
SIM1
SIM2
SIM3
SIM4
1
21
22
SIM5
SIM1
SIM2
SIM3
SIM4
1
21
22
SIM5
SIM1
SIM2
SIM3
SIM4
1
21
22
SIM5
SIM1
SIM2
SIM3
SIM4
1
21
22
SIM5
SIM1
SIM2
SIM3
SIM4
1
21
22
SIM5
SIM1
SIM2
SIM3
SIM4
1
21
22
SIM5
SIM1
SIM2
SIM3
SIM4
1
21
22
SIM5
SIM1
SIM2
SIM3
SIM4
1
21
22
SIM5
SIM1
SIM2
SIM3
SIM4
1
21
22
SIM5
SIM1
SIM2
SIM3
SIM4
1
21
22
SIM5
SIM1
SIM2
SIM3
SIM4
1
21
22
SIM5
SIM1
SIM2
SIM3
SIM4
1
21
22
SIM5
SIM1
SIM2
SIM3
SIM4
1
21
22
SIM5
SIM1
SIM2
SIM3
SIM4
1
21
22
SIM5
SIM1
SIM2
SIM3
SIM4
1
21
22
SIM5
SIM1
SIM2
SIM3
SIM4
1
21
22
SIM5
SIM1
SIM2
SIM3
SIM4
1
21
22
SIM5
SIM1
SIM2
SIM3
SIM4
1
21
22
SIM5
SIM1
SIM2
SIM3
SIM4
1
21
22
SIM5
SIM1
SIM2
SIM3
SIM4
1
21
22
SIM5
SIM1
SIM2
SIM3
SIM4
1
21
22
SIM5
SIM1
SIM2
SIM3
SIM4
1
21
22
SIM5
SIM1
SIM2
SIM3
SIM4
1
21
22
SIM5
SIM1
SIM2
SIM3
SIM4
1
21
22
SIM5
SIM1
SIM2
SIM3
SIM4
1
21
22
SIM5
SIM1
SIM2
SIM3
SIM4
1
21
22
SIM5
SIM1
SIM2
SIM3
SIM4
1
21
22
SIM5
SIM1
SIM2
SIM3
SIM4
1
21
22
SIM5
SIM1
SIM2
SIM3
SIM4
1
21
22
SIM5
SIM1
SIM2
SIM3
SIM4
1
21
22
SIM5
SIM1
SIM2
SIM3
SIM4
1
21
22
SIM5
SIM1
SIM2
SIM3
SIM4
1
21
22
SIM5
SIM1
SIM2
SIM3
SIM4
1
21
22
SIM5
SIM1
SIM2
SIM3
SIM4
1
21
22
SIM5
SIM1
SIM2
SIM3
SIM4
1
21
22
SIM5
SIM1
SIM2
SIM3
SIM4
1
21
22
SIM5
SIM1
SIM2
SIM3
SIM4
1
21
22
SIM5
SIM1
SIM2
SIM3
SIM4
1
21
22
SIM5
SIM1
SIM2
SIM3
SIM4
1
21
22
SIM5
SIM1
SIM2
SIM3
SIM4
1
21
22
SIM5
SIM1
SIM2
SIM3
SIM4
1
21
22
SIM5
SIM1
SIM2
SIM3
SIM4
1
21
22
SIM5
SIM1
SIM2
SIM3
SIM4
1
21
22
SIM5
SIM1
SIM2
SIM3
SIM4
1
21
22
SIM5
SIM1
SIM2
SIM3
SIM4
1
21
22
SIM5
SIM1
SIM2
SIM3
SIM4
1
21
22
SIM5
SIM1
SIM2
SIM3
SIM4
1
21
22
SIM5
SIM1
SIM2
SIM3
SIM4
1
21
22
SIM5
SIM1
SIM2
SIM3
SIM4
1
21
22
SIM5
SIM1
SIM2
SIM3
SIM4
1
21
22
SIM5
SIM1
SIM2
SIM3
SIM4
1
21
22
SIM5
SIM1
SIM2
SIM3
SIM4
1
21
22
SIM5
SIM1
SIM2
SIM3
SIM4
1
21
22
SIM5
SIM1
SIM2
SIM3
SIM4
1
21
22
SIM5
SIM1
SIM2
SIM3
SIM4
1
21
22
SIM5
SIM1
SIM2
SIM3
SIM4
1
21
22
SIM5
SIM1
SIM2
SIM3
SIM4
1
21
22
SIM5
SIM1
SIM2
SIM3
SIM4
1
21
22
SIM5
SIM1
SIM2
SIM3
SIM4
1
21
22
SIM5
SIM1
SIM2
SIM3
SIM4
1
21
22
SIM5
SIM1
SIM2
SIM3
SIM4
1
21
22
SIM5
SIM1
SIM2
SIM3
SIM4
1
21
22
SIM5
SIM1
SIM2
SIM3
SIM4
1
21
22
SIM5
SIM1
SIM2
SIM3
SIM4
1
21
22
SIM5
SIM1
SIM2
SIM3
SIM4
1
21
22
SIM5
SIM1
SIM2
SIM3
SIM4
1
21
22
SIM5
SIM1
SIM2
SIM3
SIM4
1
21
22
SIM5
SIM1
SIM2
SIM3
SIM4
1
21
22
SIM5
SIM1
SIM2
SIM3
SIM4
1
21
22
SIM5
SIM1
SIM2
SIM3
SIM4
1
21
22
SIM5
SIM1
SIM2
SIM3
SIM4
1
21
22
SIM5
SIM1
SIM2
SIM3
SIM4
1
21
22
SIM5
SIM1
SIM2
SIM3
SIM4
1
21
22
SIM5
SIM1
SIM2
SIM3
SIM4
1
21
22
SIM5
SIM1
SIM2
SIM3
SIM4
1
21
22
SIM5
SIM1
SIM2
SIM3
SIM4
1
21
22
SIM5
SIM1
SIM2
SIM3
SIM4
1
21
22
SIM5
SIM1
SIM2
SIM3
SIM4
1
21
22
SIM5
SIM1
SIM2
SIM3
SIM4
1
21
22
SIM5
SIM1
SIM2
SIM3
SIM4
1
21
22
SIM5
SIM1
SIM2
SIM3
SIM4
1
21
22
SIM5
SIM1
SIM2
SIM3
SIM4
1
21
22
SIM5
SIM1
SIM2
SIM3
SIM4
1
21
22
SIM5
SIM1
SIM2
SIM3
SIM4
1
21
22
SIM5
SIM1
SIM2
SIM3
SIM4
1
21
22
SIM5
SIM1
SIM2
SIM3
SIM4
1
21
22
SIM5
SIM1
SIM2
DEBUG 1 44
SIM1
SIM2
SIM3
SIM4
1
21
22
SIM5
SIM1
SIM2
SIM3
SIM4
1
21
22
SIM5
SIM1
SIM2
SIM3
SIM4
1
21
22
SIM5
SIM1
SIM2
SIM3
SIM4
1
21
22
SIM5
SIM1
SIM2
SIM3
SIM4
1
21
22
SIM5
SIM1
SIM2
SIM3
SIM4
1
21
22
SIM5
SIM1
SIM2
SIM3
SIM4
1
21
22
SIM5
SIM1
SIM2
SIM3
SIM4
1
21
22
SIM5
SIM1
SIM2
SIM3
SIM4
1
21
22
SIM5
SIM1
SIM2
SIM3
SIM4
1
21
22
SIM5
SIM1
SIM2
SIM3
SIM4
1
21
22
SIM5
SIM1
SIM2
SIM3
SIM4
1
21
22
SIM5
SIM1
SIM2
SIM3
SIM4
1
21
22
SIM5
SIM1
SIM2
SIM3
SIM4
1
21
22
SIM5
SIM1
SIM2
SIM3
SIM4
1
21
22
SIM5
SIM1
SIM2
SIM3
SIM4
1
21
22
SIM5
SIM1
SIM2
SIM3
SIM4
1
21
22
SIM5
SIM1
SIM2
SIM3
SIM4
1
21
22
SIM5
SIM1
SIM2
SIM3
SIM4
1
21
22
SIM5
SIM1
SIM2
SIM3
SIM4
1
21
22
SIM5
SIM1
SIM2
SIM3
SIM4
1
21
22
SIM5
SIM1
SIM2
SIM3
SIM4
1
21
22
SIM5
SIM1
SIM2
SIM3
SIM4
1
21
22
SIM5
SIM1
SIM2
SIM3
SIM4
1
21
22
SIM5
SIM1
SIM2
SIM3
SIM4
1
21
22
SIM5
SIM1
SIM2
SIM3
SIM4
1
21
22
SIM5
SIM1
SIM2
SIM3
SIM4
1
21
22
SIM5
SIM1
SIM2
SIM3
SIM4
1
21
22
SIM5
SIM1
SIM2
SIM3
SIM4
1
21
22
SIM5
SIM1
SIM2
SIM3
SIM4
1
21
22
SIM5
SIM1
SIM2
SIM3
SIM4
1
21
22
SIM5
SIM1
SIM2
SIM3
SIM4
1
21
22
SIM5
SIM1
SIM2
SIM3
SIM4
1
21
22
SIM5
SIM1
SIM2
SIM3
SIM4
1
21
22
SIM5
SIM1
SIM2
SIM3
SIM4
1
21
22
SIM5
SIM1
SIM2
SIM3
SIM4
1
21
22
SIM5
SIM1
SIM2
SIM3
SIM4
1
21
22
SIM5
SIM1
SIM2
SIM3
SIM4
1
21
22
SIM5
SIM1
SIM2
SIM3
SIM4
1
21
22
SIM5
SIM1
SIM2
SIM3
SIM4
1
21
22
SIM5
SIM1
SIM2
SIM3
SIM4
1
21
22
SIM5
SIM1
SIM2
SIM3
SIM4
1
21
22
SIM5
SIM1
SIM2
SIM3
SIM4
1
21
22
SIM5
SIM1
SIM2
SIM3
SIM4
1
21
22
SIM5
SIM1
SIM2
SIM3
SIM4
1
21
22
SIM5
SIM1
SIM2
SIM3
SIM4
1
21
22
SIM5
SIM1
SIM2
SIM3
SIM4
1
21
22
SIM5
SIM1
SIM2
SIM3
SIM4
1
21
22
SIM5
SIM1
SIM2
SIM3
SIM4
1
21
22
SIM5
SIM1
SIM2
SIM3
SIM4
1
21
22
SIM5
SIM1
SIM2
SIM3
SIM4
1
21
22
SIM5
SIM1
SIM2
SIM3
SIM4
1
21
22
SIM5
SIM1
SIM2
SIM3
SIM4
1
21
22
SIM5
SIM1
SIM2
SIM3
SIM4
1
21
22
SIM5
SIM1
SIM2
SIM3
SIM4
1
21
22
SIM5
SIM1
SIM2
SIM3
SIM4
1
21
22
SIM5
SIM1
SIM2
SIM3
SIM4
1
21
22
SIM5
SIM1
SIM2
SIM3
SIM4
1
21
22
SIM5
SIM1
SIM2
SIM3
SIM4
1
21
22
SIM5
SIM1
SIM2
SIM3
SIM4
1
21
22
SIM5
SIM1
SIM2
SIM3
SIM4
1
21
22
SIM5
SIM1
SIM2
SIM3
SIM4
1
21
22
SIM5
SIM1
SIM2
SIM3
SIM4
1
21
22
SIM5
SIM1
SIM2
SIM3
SIM4
1
21
22
SIM5
SIM1
SIM2
SIM3
SIM4
1
21
22
SIM5
SIM1
SIM2
SIM3
SIM4
1
21
22
SIM5
SIM1
SIM2
SIM3
SIM4
1
21
22
SIM5
SIM1
SIM2
SIM3
SIM4
1
21
22
SIM5
SIM1
SIM2
SIM3
SIM4
1
21
22
SIM5
SIM1
SIM2
SIM3
SIM4
1
21
22
SIM5
SIM1
SIM2
SIM3
SIM4
1
21
22
SIM5
SIM1
SIM2
SIM3
SIM4
1
21
22
SIM5
SIM1
SIM2
SIM3
SIM4
1
21
22
SIM5
SIM1
SIM2
SIM3
SIM4
1
21
22
SIM5
SIM1
SIM2
SIM3
SIM4
1
21
22
SIM5
SIM1
SIM2
SIM3
SIM4
1
21
22
SIM5
SIM1
SIM2
SIM3
SIM4
1
21
22
SIM5
SIM1
SIM2
SIM3
SIM4
1
21
22
SIM5
SIM1
SIM2
SIM3
SIM4
1
21
22
SIM5
SIM1
SIM2
SIM3
SIM4
1
21
22
SIM5
SIM1
SIM2
SIM3
SIM4
1
21
22
SIM5
SIM1
SIM2
SIM3
SIM4
1
21
22
SIM5
SIM1
SIM2
SIM3
SIM4
1
21
22
SIM5
SIM1
SIM2
SIM3
SIM4
1
21
22
SIM5
SIM1
SIM2
SIM3
SIM4
1
21
22
SIM5
SIM1
SIM2
SIM3
SIM4
1
21
22
SIM5
SIM1
SIM2
SIM3
SIM4
1
21
22
SIM5
SIM1
SIM2
SIM3
SIM4
1
21
22
SIM5
SIM1
SIM2
SIM3
SIM4
1
21
22
SIM5
SIM1
SIM2
SIM3
SIM4
1
21
22
SIM5
SIM1
SIM2
SIM3
SIM4
1
21
22
SIM5
SIM1
SIM2
SIM3
SIM4
1
21
22
SIM5
SIM1
SIM2
SIM3
SIM4
1
21
22
SIM5
SIM1
SIM2
SIM3
SIM4
1
21
22
SIM5
SIM1
SIM2
SIM3
SIM4
1
21
22
SIM5
SIM1
SIM2
SIM3
SIM4
1
21
22
SIM5
SIM1
SIM2
SIM3
SIM4
1
21
22
SIM5
SIM1
SIM2
SIM3
SIM4
1
21
22
SIM5
SIM1
SIM2
SIM3
SIM4
1
21
22
SIM5
SIM1
SIM2
SIM3
SIM4
1
21
22
SIM5
SIM1
SIM2
SIM3
SIM4
1
21
22
SIM5
SIM1
SIM2
SIM3
SIM4
1
21
22
SIM5
SIM1
SIM2
SIM3
SIM4
1
21
22
SIM5
SIM1
SIM2
SIM3
SIM4
1
21
22
SIM5
SIM1
SIM2
SIM3
SIM4
1
21
22
SIM5
SIM1
SIM2
SIM3
SIM4
1
21
22
SIM5
SIM1
SIM2
SIM3
SIM4
1
21
22
SIM5
SIM1
SIM2
SIM3
SIM4
1
21
22
SIM5
SIM1
SIM2
SIM3
SIM4
1
21
22
SIM5
SIM1
SIM2
SIM3
SIM4
1
21
22
SIM5
SIM1
SIM2
SIM3
SIM4
1
21
22
SIM5
SIM1
SIM2
SIM3
SIM4
1
21
22
SIM5
SIM1
SIM2
SIM3
SIM4
1
21
22
SIM5
SIM1
SIM2
SIM3
SIM4
1
21
22
SIM5
SIM1
SIM2
SIM3
SIM4
1
21
22
SIM5
SIM1
SIM2
SIM3
SIM4
1
21
22
SIM5
SIM1
SIM2
SIM3
SIM4
1
21
22
SIM5
SIM1
SIM2
DEBUG 1 45
SIM1
SIM2
SIM3
SIM4
1
21
22
SIM5
SIM1
SIM2
SIM3
SIM4
1
21
22
SIM5
SIM1
SIM2
SIM3
SIM4
1
21
22
SIM5
SIM1
SIM2
SIM3
SIM4
1
21
22
SIM5
SIM1
SIM2
SIM3
SIM4
1
21
22
SIM5
SIM1
SIM2
SIM3
SIM4
1
21
22
SIM5
SIM1
SIM2
SIM3
SIM4
1
21
22
SIM5
SIM1
SIM2
SIM3
SIM4
1
21
22
SIM5
SIM1
SIM2
SIM3
SIM4
1
21
22
SIM5
SIM1
SIM2
SIM3
SIM4
1
21
22
SIM5
SIM1
SIM2
SIM3
SIM4
1
21
22
SIM5
SIM1
SIM2
SIM3
SIM4
1
21
22
SIM5
SIM1
SIM2
SIM3
SIM4
1
21
22
SIM5
SIM1
SIM2
SIM3
SIM4
1
21
22
SIM5
SIM1
SIM2
SIM3
SIM4
1
21
22
SIM5
SIM1
SIM2
SIM3
SIM4
1
21
22
SIM5
SIM1
SIM2
SIM3
SIM4
1
21
22
SIM5
SIM1
SIM2
SIM3
SIM4
1
21
22
SIM5
SIM1
SIM2
SIM3
SIM4
1
21
22
SIM5
SIM1
SIM2
SIM3
SIM4
1
21
22
SIM5
SIM1
SIM2
SIM3
SIM4
1
21
22
SIM5
SIM1
SIM2
SIM3
SIM4
1
21
22
SIM5
SIM1
SIM2
SIM3
SIM4
1
21
22
SIM5
SIM1
SIM2
SIM3
SIM4
1
21
22
SIM5
SIM1
SIM2
SIM3
SIM4
1
21
22
SIM5
SIM1
SIM2
SIM3
SIM4
1
21
22
SIM5
SIM1
SIM2
SIM3
SIM4
1
21
22
SIM5
SIM1
SIM2
SIM3
SIM4
1
21
22
SIM5
SIM1
SIM2
SIM3
SIM4
1
21
22
SIM5
SIM1
SIM2
SIM3
SIM4
1
21
22
SIM5
SIM1
SIM2
SIM3
SIM4
1
21
22
SIM5
SIM1
SIM2
SIM3
SIM4
1
21
22
SIM5
SIM1
SIM2
SIM3
SIM4
1
21
22
SIM5
SIM1
SIM2
SIM3
SIM4
1
21
22
SIM5
SIM1
SIM2
SIM3
SIM4
1
21
22
SIM5
SIM1
SIM2
SIM3
SIM4
1
21
22
SIM5
SIM1
SIM2
SIM3
SIM4
1
21
22
SIM5
SIM1
SIM2
SIM3
SIM4
1
21
22
SIM5
SIM1
SIM2
SIM3
SIM4
1
21
22
SIM5
SIM1
SIM2
SIM3
SIM4
1
21
22
SIM5
SIM1
SIM2
SIM3
SIM4
1
21
22
SIM5
SIM1
SIM2
SIM3
SIM4
1
21
22
SIM5
SIM1
SIM2
SIM3
SIM4
1
21
22
SIM5
SIM1
SIM2
SIM3
SIM4
1
21
22
SIM5
SIM1
SIM2
SIM3
SIM4
1
21
22
SIM5
SIM1
SIM2
SIM3
SIM4
1
21
22
SIM5
SIM1
SIM2
SIM3
SIM4
1
21
22
SIM5
SIM1
SIM2
SIM3
SIM4
1
21
22
SIM5
SIM1
SIM2
SIM3
SIM4
1
21
22
SIM5
SIM1
SIM2
SIM3
SIM4
1
21
22
SIM5
SIM1
SIM2
SIM3
SIM4
1
21
22
SIM5
SIM1
SIM2
SIM3
SIM4
1
21
22
SIM5
SIM1
SIM2
SIM3
SIM4
1
21
22
SIM5
SIM1
SIM2
SIM3
SIM4
1
21
22
SIM5
SIM1
SIM2
SIM3
SIM4
1
21
22
SIM5
SIM1
SIM2
SIM3
SIM4
1
21
22
SIM5
SIM1
SIM2
SIM3
SIM4
1
21
22
SIM5
SIM1
SIM2
SIM3
SIM4
1
21
22
SIM5
SIM1
SIM2
SIM3
SIM4
1
21
22
SIM5
SIM1
SIM2
SIM3
SIM4
1
21
22
SIM5
SIM1
SIM2
SIM3
SIM4
1
21
22
SIM5
SIM1
SIM2
SIM3
SIM4
1
21
22
SIM5
SIM1
SIM2
SIM3
SIM4
1
21
22
SIM5
SIM1
SIM2
SIM3
SIM4
1
21
22
SIM5
SIM1
SIM2
SIM3
SIM4
1
21
22
SIM5
SIM1
SIM2
SIM3
SIM4
1
21
22
SIM5
SIM1
SIM2
SIM3
SIM4
1
21
22
SIM5
SIM1
SIM2
SIM3
SIM4
1
21
22
SIM5
SIM1
SIM2
SIM3
SIM4
1
21
22
SIM5
SIM1
SIM2
SIM3
SIM4
1
21
22
SIM5
SIM1
SIM2
SIM3
SIM4
1
21
22
SIM5
SIM1
SIM2
SIM3
SIM4
1
21
22
SIM5
SIM1
SIM2
SIM3
SIM4
1
21
22
SIM5
SIM1
SIM2
SIM3
SIM4
1
21
22
SIM5
SIM1
SIM2
SIM3
SIM4
1
21
22
SIM5
SIM1
SIM2
SIM3
SIM4
1
21
22
SIM5
SIM1
SIM2
SIM3
SIM4
1
21
22
SIM5
SIM1
SIM2
SIM3
SIM4
1
21
22
SIM5
SIM1
SIM2
SIM3
SIM4
1
21
22
SIM5
SIM1
SIM2
SIM3
SIM4
1
21
22
SIM5
SIM1
SIM2
SIM3
SIM4
1
21
22
SIM5
SIM1
SIM2
SIM3
SIM4
1
21
22
SIM5
SIM1
SIM2
SIM3
SIM4
1
21
22
SIM5
SIM1
SIM2
SIM3
SIM4
1
21
22
SIM5
SIM1
SIM2
SIM3
SIM4
1
21
22
SIM5
SIM1
SIM2
SIM3
SIM4
1
21
22
SIM5
SIM1
SIM2
SIM3
SIM4
1
21
22
SIM5
SIM1
SIM2
SIM3
SIM4
1
21
22
SIM5
SIM1
SIM2
SIM3
SIM4
1
21
22
SIM5
SIM1
SIM2
SIM3
SIM4
1
21
22
SIM5
SIM1
SIM2
SIM3
SIM4
1
21
22
SIM5
SIM1
SIM2
SIM3
SIM4
1
21
22
SIM5
SIM1
SIM2
SIM3
SIM4
1
21
22
SIM5
SIM1
SIM2
SIM3
SIM4
1
21
22
SIM5
SIM1
SIM2
SIM3
SIM4
1
21
22
SIM5
SIM1
SIM2
SIM3
SIM4
1
21
22
SIM5
SIM1
SIM2
SIM3
SIM4
1
21
22
SIM5
SIM1
SIM2
SIM3
SIM4
1
21
22
SIM5
SIM1
SIM2
SIM3
SIM4
1
21
22
SIM5
SIM1
SIM2
SIM3
SIM4
1
21
22
SIM5
SIM1
SIM2
SIM3
SIM4
1
21
22
SIM5
SIM1
SIM2
SIM3
SIM4
1
21
22
SIM5
SIM1
SIM2
SIM3
SIM4
1
21
22
SIM5
SIM1
SIM2
SIM3
SIM4
1
21
22
SIM5
SIM1
SIM2
SIM3
SIM4
1
21
22
SIM5
SIM1
SIM2
SIM3
SIM4
1
21
22
SIM5
SIM1
SIM2
SIM3
SIM4
1
21
22
SIM5
SIM1
SIM2
SIM3
SIM4
1
21
22
SIM5
SIM1
SIM2
SIM3
SIM4
1
21
22
SIM5
SIM1
SIM2
SIM3
SIM4
1
21
22
SIM5
SIM1
SIM2
SIM3
SIM4
1
21
22
SIM5
SIM1
SIM2
SIM3
SIM4
1
21
22
SIM5
SIM1
SIM2
SIM3
SIM4
1
21
22
SIM5
SIM1
SIM2
SIM3
SIM4
1
21
22
SIM5
SIM1
SIM2
SIM3
SIM4
1
21
22
SIM5
SIM1
SIM2
SIM3
SIM4
1
21
22
SIM5
SIM1
SIM2
SIM3
SIM4
1
21
22
SIM5
SIM1
SIM2
SIM3
SIM4
1
21
22
SIM5
SIM1
SIM2
SIM3
SIM4
1
21
22
SIM5
SIM1
SIM2
SIM3
SIM4
1
21
22
SIM5
SIM1
SIM2
SIM3
SIM4
1
21
22
SIM5
SIM1
SIM2
SIM3
SIM4
1
21
22
SIM5
SIM1
SIM2
SIM3
SIM4
1
21
22
SIM5
SIM1
SIM2
SIM3
SIM4
1
21
22
SIM5
SIM1
SIM2
SIM3
SIM4
1
21
22
SIM5
SIM1
SIM2
SIM3
SIM4
1
21
22
SIM5
SIM1
SIM2
SIM3
SIM4
1
21
22
SIM5
SIM1
SIM2
SIM3
SIM4
1
21
22
SIM5
SIM1
SIM2
SIM3
SIM4
1
21
22
SIM5
SIM1
SIM2
SIM3
SIM4
1
21
22
SIM5
SIM1
SIM2
SIM3
SIM4
1
21
22
SIM5
SIM1
SIM2
SIM3
SIM4
1
21
22
SIM5
SIM1
SIM2
SIM3
SIM4
1
21
22
SIM5
SIM1
SIM2
SIM3
SIM4
1
21
22
SIM5
SIM1
SIM2
SIM3
SIM4
1
21
22
SIM5
SIM1
SIM2
DEBUG 1 46
SIM1
SIM2
SIM3
SIM4
1
21
22
SIM5
SIM1
SIM2
SIM3
SIM4
1
21
22
SIM5
SIM1
SIM2
SIM3
SIM4
1
21
22
SIM5
SIM1
SIM2
SIM3
SIM4
1
21
22
SIM5
SIM1
SIM2
SIM3
SIM4
1
21
22
SIM5
SIM1
SIM2
SIM3
SIM4
1
21
22
SIM5
SIM1
SIM2
SIM3
SIM4
1
21
22
SIM5
SIM1
SIM2
SIM3
SIM4
1
21
22
SIM5
SIM1
SIM2
SIM3
SIM4
1
21
22
SIM5
SIM1
SIM2
SIM3
SIM4
1
21
22
SIM5
SIM1
SIM2
SIM3
SIM4
1
21
22
SIM5
SIM1
SIM2
SIM3
SIM4
1
21
22
SIM5
SIM1
SIM2
SIM3
SIM4
1
21
22
SIM5
SIM1
SIM2
SIM3
SIM4
1
21
22
SIM5
SIM1
SIM2
SIM3
SIM4
1
21
22
SIM5
SIM1
SIM2
SIM3
SIM4
1
21
22
SIM5
SIM1
SIM2
SIM3
SIM4
1
21
22
SIM5
SIM1
SIM2
SIM3
SIM4
1
21
22
SIM5
SIM1
SIM2
SIM3
SIM4
1
21
22
SIM5
SIM1
SIM2
SIM3
SIM4
1
21
22
SIM5
SIM1
SIM2
SIM3
SIM4
1
21
22
SIM5
SIM1
SIM2
DEBUG 1 47
SIM1
SIM2
SIM3
SIM4
1
21
22
SIM5
SIM1
SIM2
SIM3
SIM4
1
21
22
SIM5
SIM1
SIM2
SIM3
SIM4
1
21
22
SIM5
SIM1
SIM2
SIM3
SIM4
1
21
22
SIM5
SIM1
SIM2
SIM3
SIM4
1
21
22
SIM5
SIM1
SIM2
SIM3
SIM4
1
21
22
SIM5
SIM1
SIM2
SIM3
SIM4
1
21
22
SIM5
SIM1
SIM2
SIM3
SIM4
1
21
22
SIM5
SIM1
SIM2
SIM3
SIM4
1
21
22
SIM5
SIM1
SIM2
SIM3
SIM4
1
21
22
SIM5
SIM1
SIM2
SIM3
SIM4
1
21
22
SIM5
SIM1
SIM2
SIM3
SIM4
1
21
22
SIM5
SIM1
SIM2
SIM3
SIM4
1
21
22
SIM5
SIM1
SIM2
SIM3
SIM4
1
21
22
SIM5
SIM1
SIM2
SIM3
SIM4
1
21
22
SIM5
SIM1
SIM2
SIM3
SIM4
1
21
22
SIM5
SIM1
SIM2
SIM3
SIM4
1
21
22
SIM5
SIM1
SIM2
SIM3
SIM4
1
21
22
SIM5
SIM1
SIM2
SIM3
SIM4
1
21
22
SIM5
SIM1
SIM2
SIM3
SIM4
1
21
22
SIM5
SIM1
SIM2
SIM3
SIM4
1
21
22
SIM5
SIM1
SIM2
SIM3
SIM4
1
21
22
SIM5
SIM1
SIM2
SIM3
SIM4
1
21
22
SIM5
SIM1
SIM2
SIM3
SIM4
1
21
22
SIM5
SIM1
SIM2
SIM3
SIM4
1
21
22
SIM5
SIM1
SIM2
SIM3
SIM4
1
21
22
SIM5
SIM1
SIM2
SIM3
SIM4
1
21
22
SIM5
SIM1
SIM2
SIM3
SIM4
1
21
22
SIM5
SIM1
SIM2
SIM3
SIM4
1
21
22
SIM5
SIM1
SIM2
SIM3
SIM4
1
21
22
SIM5
SIM1
SIM2
SIM3
SIM4
1
21
22
SIM5
SIM1
SIM2
SIM3
SIM4
1
21
22
SIM5
SIM1
SIM2
SIM3
SIM4
1
21
22
SIM5
SIM1
SIM2
SIM3
SIM4
1
21
22
SIM5
SIM1
SIM2
SIM3
SIM4
1
21
22
SIM5
SIM1
SIM2
SIM3
SIM4
1
21
22
SIM5
SIM1
SIM2
SIM3
SIM4
1
21
22
SIM5
SIM1
SIM2
SIM3
SIM4
1
21
22
SIM5
SIM1
SIM2
SIM3
SIM4
1
21
22
SIM5
SIM1
SIM2
SIM3
SIM4
1
21
22
SIM5
SIM1
SIM2
SIM3
SIM4
1
21
22
SIM5
SIM1
SIM2
SIM3
SIM4
1
21
22
SIM5
SIM1
SIM2
SIM3
SIM4
1
21
22
SIM5
SIM1
SIM2
SIM3
SIM4
1
21
22
SIM5
SIM1
SIM2
SIM3
SIM4
1
21
22
SIM5
SIM1
SIM2
SIM3
SIM4
1
21
22
SIM5
SIM1
SIM2
SIM3
SIM4
1
21
22
SIM5
SIM1
SIM2
SIM3
SIM4
1
21
22
SIM5
SIM1
SIM2
SIM3
SIM4
1
21
22
SIM5
SIM1
SIM2
SIM3
SIM4
1
21
22
SIM5
SIM1
SIM2
SIM3
SIM4
1
21
22
SIM5
SIM1
SIM2
SIM3
SIM4
1
21
22
SIM5
SIM1
SIM2
SIM3
SIM4
1
21
22
SIM5
SIM1
SIM2
SIM3
SIM4
1
21
22
SIM5
SIM1
SIM2
SIM3
SIM4
1
21
22
SIM5
SIM1
SIM2
SIM3
SIM4
1
21
22
SIM5
SIM1
SIM2
SIM3
SIM4
1
21
22
SIM5
SIM1
SIM2
SIM3
SIM4
1
21
22
SIM5
SIM1
SIM2
SIM3
SIM4
1
21
22
SIM5
SIM1
SIM2
SIM3
SIM4
1
21
22
SIM5
SIM1
SIM2
SIM3
SIM4
1
21
22
SIM5
SIM1
SIM2
SIM3
SIM4
1
21
22
SIM5
SIM1
SIM2
SIM3
SIM4
1
21
22
SIM5
SIM1
SIM2
SIM3
SIM4
1
21
22
SIM5
SIM1
SIM2
SIM3
SIM4
1
21
22
SIM5
SIM1
SIM2
SIM3
SIM4
1
21
22
SIM5
SIM1
SIM2
SIM3
SIM4
1
21
22
SIM5
SIM1
SIM2
SIM3
SIM4
1
21
22
SIM5
SIM1
SIM2
SIM3
SIM4
1
21
22
SIM5
SIM1
SIM2
SIM3
SIM4
1
21
22
SIM5
SIM1
SIM2
SIM3
SIM4
1
21
22
SIM5
SIM1
SIM2
SIM3
SIM4
1
21
22
SIM5
SIM1
SIM2
SIM3
SIM4
1
21
22
SIM5
SIM1
SIM2
SIM3
SIM4
1
21
22
SIM5
SIM1
SIM2
SIM3
SIM4
1
21
22
SIM5
SIM1
SIM2
SIM3
SIM4
1
21
22
SIM5
SIM1
SIM2
SIM3
SIM4
1
21
22
SIM5
SIM1
SIM2
SIM3
SIM4
1
21
22
SIM5
SIM1
SIM2
SIM3
SIM4
1
21
22
SIM5
SIM1
SIM2
SIM3
SIM4
1
21
22
SIM5
SIM1
SIM2
SIM3
SIM4
1
21
22
SIM5
SIM1
SIM2
SIM3
SIM4
1
21
22
SIM5
SIM1
SIM2
SIM3
SIM4
1
21
22
SIM5
SIM1
SIM2
SIM3
SIM4
1
21
22
SIM5
SIM1
SIM2
SIM3
SIM4
1
21
22
SIM5
SIM1
SIM2
SIM3
SIM4
1
21
22
SIM5
SIM1
SIM2
SIM3
SIM4
1
21
22
SIM5
SIM1
SIM2
SIM3
SIM4
1
21
22
SIM5
SIM1
SIM2
SIM3
SIM4
1
21
22
SIM5
SIM1
SIM2
SIM3
SIM4
1
21
22
SIM5
SIM1
SIM2
SIM3
SIM4
1
21
22
SIM5
SIM1
SIM2
SIM3
SIM4
1
21
22
SIM5
SIM1
SIM2
SIM3
SIM4
1
21
22
SIM5
SIM1
SIM2
SIM3
SIM4
1
21
22
SIM5
SIM1
SIM2
SIM3
SIM4
1
21
22
SIM5
SIM1
SIM2
SIM3
SIM4
1
21
22
SIM5
SIM1
SIM2
SIM3
SIM4
1
21
22
SIM5
SIM1
SIM2
SIM3
SIM4
1
21
22
SIM5
SIM1
SIM2
SIM3
SIM4
1
21
22
SIM5
SIM1
SIM2
SIM3
SIM4
1
21
22
SIM5
SIM1
SIM2
SIM3
SIM4
1
21
22
SIM5
SIM1
SIM2
SIM3
SIM4
1
21
22
SIM5
SIM1
SIM2
SIM3
SIM4
1
21
22
SIM5
SIM1
SIM2
SIM3
SIM4
1
21
22
SIM5
SIM1
SIM2
SIM3
SIM4
1
21
22
SIM5
SIM1
SIM2
SIM3
SIM4
1
21
22
SIM5
SIM1
SIM2
SIM3
SIM4
1
21
22
SIM5
SIM1
SIM2
SIM3
SIM4
1
21
22
SIM5
SIM1
SIM2
SIM3
SIM4
1
21
22
SIM5
SIM1
SIM2
SIM3
SIM4
1
21
22
SIM5
SIM1
SIM2
SIM3
SIM4
1
21
22
SIM5
SIM1
SIM2
SIM3
SIM4
1
21
22
SIM5
SIM1
SIM2
SIM3
SIM4
1
21
22
SIM5
SIM1
SIM2
SIM3
SIM4
1
21
22
SIM5
SIM1
SIM2
SIM3
SIM4
1
21
22
SIM5
SIM1
SIM2
SIM3
SIM4
1
21
22
SIM5
SIM1
SIM2
SIM3
SIM4
1
21
22
SIM5
SIM1
SIM2
SIM3
SIM4
1
21
22
SIM5
SIM1
SIM2
SIM3
SIM4
1
21
22
SIM5
SIM1
SIM2
SIM3
SIM4
1
21
22
SIM5
SIM1
SIM2
SIM3
SIM4
1
21
22
SIM5
SIM1
SIM2
SIM3
SIM4
1
21
22
SIM5
SIM1
SIM2
SIM3
SIM4
1
21
22
SIM5
SIM1
SIM2
SIM3
SIM4
1
21
22
SIM5
SIM1
SIM2
SIM3
SIM4
1
21
22
SIM5
SIM1
SIM2
SIM3
SIM4
1
21
22
SIM5
SIM1
SIM2
SIM3
SIM4
1
21
22
SIM5
SIM1
SIM2
SIM3
SIM4
1
21
22
SIM5
SIM1
SIM2
SIM3
SIM4
1
21
22
SIM5
SIM1
SIM2
SIM3
SIM4
1
21
22
SIM5
SIM1
SIM2
SIM3
SIM4
1
21
22
SIM5
SIM1
SIM2
SIM3
SIM4
1
21
22
SIM5
SIM1
SIM2
SIM3
SIM4
1
21
22
SIM5
SIM1
SIM2
SIM3
SIM4
1
21
22
SIM5
SIM1
SIM2
SIM3
SIM4
1
21
22
SIM5
SIM1
SIM2
SIM3
SIM4
1
21
22
SIM5
SIM1
SIM2
SIM3
SIM4
1
21
22
SIM5
SIM1
SIM2
SIM3
SIM4
1
21
22
SIM5
SIM1
SIM2
SIM3
SIM4
1
21
22
SIM5
SIM1
SIM2
SIM3
SIM4
1
21
22
SIM5
SIM1
SIM2
SIM3
SIM4
1
21
22
SIM5
SIM1
SIM2
DEBUG 1 48
SIM1
SIM2
SIM3
SIM4
1
21
22
SIM5
SIM1
SIM2
SIM3
SIM4
1
21
22
SIM5
SIM1
SIM2
SIM3
SIM4
1
21
22
SIM5
SIM1
SIM2
SIM3
SIM4
1
21
22
SIM5
SIM1
SIM2
SIM3
SIM4
1
21
22
SIM5
SIM1
SIM2
SIM3
SIM4
1
21
22
SIM5
SIM1
SIM2
SIM3
SIM4
1
21
22
SIM5
SIM1
SIM2
SIM3
SIM4
1
21
22
SIM5
SIM1
SIM2
SIM3
SIM4
1
21
22
SIM5
SIM1
SIM2
SIM3
SIM4
1
21
22
SIM5
SIM1
SIM2
SIM3
SIM4
1
21
22
SIM5
SIM1
SIM2
SIM3
SIM4
1
21
22
SIM5
SIM1
SIM2
SIM3
SIM4
1
21
22
SIM5
SIM1
SIM2
SIM3
SIM4
1
21
22
SIM5
SIM1
SIM2
SIM3
SIM4
1
21
22
SIM5
SIM1
SIM2
SIM3
SIM4
1
21
22
SIM5
SIM1
SIM2
SIM3
SIM4
1
21
22
SIM5
SIM1
SIM2
SIM3
SIM4
1
21
22
SIM5
SIM1
SIM2
SIM3
SIM4
1
21
22
SIM5
SIM1
SIM2
SIM3
SIM4
1
21
22
SIM5
SIM1
SIM2
SIM3
SIM4
1
21
22
SIM5
SIM1
SIM2
SIM3
SIM4
1
21
22
SIM5
SIM1
SIM2
SIM3
SIM4
1
21
22
SIM5
SIM1
SIM2
SIM3
SIM4
1
21
22
SIM5
SIM1
SIM2
SIM3
SIM4
1
21
22
SIM5
SIM1
SIM2
SIM3
SIM4
1
21
22
SIM5
SIM1
SIM2
SIM3
SIM4
1
21
22
SIM5
SIM1
SIM2
SIM3
SIM4
1
21
22
SIM5
SIM1
SIM2
SIM3
SIM4
1
21
22
SIM5
SIM1
SIM2
SIM3
SIM4
1
21
22
SIM5
SIM1
SIM2
SIM3
SIM4
1
21
22
SIM5
SIM1
SIM2
SIM3
SIM4
1
21
22
SIM5
SIM1
SIM2
SIM3
SIM4
1
21
22
SIM5
SIM1
SIM2
SIM3
SIM4
1
21
22
SIM5
SIM1
SIM2
SIM3
SIM4
1
21
22
SIM5
SIM1
SIM2
SIM3
SIM4
1
21
22
SIM5
SIM1
SIM2
SIM3
SIM4
1
21
22
SIM5
SIM1
SIM2
SIM3
SIM4
1
21
22
SIM5
SIM1
SIM2
SIM3
SIM4
1
21
22
SIM5
SIM1
SIM2
SIM3
SIM4
1
21
22
SIM5
SIM1
SIM2
SIM3
SIM4
1
21
22
SIM5
SIM1
SIM2
SIM3
SIM4
1
21
22
SIM5
SIM1
SIM2
SIM3
SIM4
1
21
22
SIM5
SIM1
SIM2
SIM3
SIM4
1
21
22
SIM5
SIM1
SIM2
SIM3
SIM4
1
21
22
SIM5
SIM1
SIM2
SIM3
SIM4
1
21
22
SIM5
SIM1
SIM2
SIM3
SIM4
1
21
22
SIM5
SIM1
SIM2
SIM3
SIM4
1
21
22
SIM5
SIM1
SIM2
SIM3
SIM4
1
21
22
SIM5
SIM1
SIM2
SIM3
SIM4
1
21
22
SIM5
SIM1
SIM2
SIM3
SIM4
1
21
22
SIM5
SIM1
SIM2
SIM3
SIM4
1
21
22
SIM5
SIM1
SIM2
SIM3
SIM4
1
21
22
SIM5
SIM1
SIM2
SIM3
SIM4
1
21
22
SIM5
SIM1
SIM2
SIM3
SIM4
1
21
22
SIM5
SIM1
SIM2
SIM3
SIM4
1
21
22
SIM5
SIM1
SIM2
SIM3
SIM4
1
21
22
SIM5
SIM1
SIM2
SIM3
SIM4
1
21
22
SIM5
SIM1
SIM2
SIM3
SIM4
1
21
22
SIM5
SIM1
SIM2
SIM3
SIM4
1
21
22
SIM5
SIM1
SIM2
SIM3
SIM4
1
21
22
SIM5
SIM1
SIM2
SIM3
SIM4
1
21
22
SIM5
SIM1
SIM2
SIM3
SIM4
1
21
22
SIM5
SIM1
SIM2
SIM3
SIM4
1
21
22
SIM5
SIM1
SIM2
SIM3
SIM4
1
21
22
SIM5
SIM1
SIM2
SIM3
SIM4
1
21
22
SIM5
SIM1
SIM2
SIM3
SIM4
1
21
22
SIM5
SIM1
SIM2
SIM3
SIM4
1
21
22
SIM5
SIM1
SIM2
SIM3
SIM4
1
21
22
SIM5
SIM1
SIM2
SIM3
SIM4
1
21
22
SIM5
SIM1
SIM2
SIM3
SIM4
1
21
22
SIM5
SIM1
SIM2
SIM3
SIM4
1
21
22
SIM5
SIM1
SIM2
SIM3
SIM4
1
21
22
SIM5
SIM1
SIM2
SIM3
SIM4
1
21
22
SIM5
SIM1
SIM2
SIM3
SIM4
1
21
22
SIM5
SIM1
SIM2
SIM3
SIM4
1
21
22
SIM5
SIM1
SIM2
SIM3
SIM4
1
21
22
SIM5
SIM1
SIM2
SIM3
SIM4
1
21
22
SIM5
SIM1
SIM2
SIM3
SIM4
1
21
22
SIM5
SIM1
SIM2
SIM3
SIM4
1
21
22
SIM5
SIM1
SIM2
SIM3
SIM4
1
21
22
SIM5
SIM1
SIM2
SIM3
SIM4
1
21
22
SIM5
SIM1
SIM2
SIM3
SIM4
1
21
22
SIM5
SIM1
SIM2
SIM3
SIM4
1
21
22
SIM5
SIM1
SIM2
SIM3
SIM4
1
21
22
SIM5
SIM1
SIM2
SIM3
SIM4
1
21
22
SIM5
SIM1
SIM2
SIM3
SIM4
1
21
22
SIM5
SIM1
SIM2
SIM3
SIM4
1
21
22
SIM5
SIM1
SIM2
SIM3
SIM4
1
21
22
SIM5
SIM1
SIM2
SIM3
SIM4
1
21
22
SIM5
SIM1
SIM2
SIM3
SIM4
1
21
22
SIM5
SIM1
SIM2
SIM3
SIM4
1
21
22
SIM5
SIM1
SIM2
SIM3
SIM4
1
21
22
SIM5
SIM1
SIM2
SIM3
SIM4
1
21
22
SIM5
SIM1
SIM2
SIM3
SIM4
1
21
22
SIM5
SIM1
SIM2
SIM3
SIM4
1
21
22
SIM5
SIM1
SIM2
SIM3
SIM4
1
21
22
SIM5
SIM1
SIM2
SIM3
SIM4
1
21
22
SIM5
SIM1
SIM2
SIM3
SIM4
1
21
22
SIM5
SIM1
SIM2
SIM3
SIM4
1
21
22
SIM5
SIM1
SIM2
SIM3
SIM4
1
21
22
SIM5
SIM1
SIM2
SIM3
SIM4
1
21
22
SIM5
SIM1
SIM2
SIM3
SIM4
1
21
22
SIM5
SIM1
SIM2
SIM3
SIM4
1
21
22
SIM5
SIM1
SIM2
SIM3
SIM4
1
21
22
SIM5
SIM1
SIM2
SIM3
SIM4
1
21
22
SIM5
SIM1
SIM2
SIM3
SIM4
1
21
22
SIM5
SIM1
SIM2
SIM3
SIM4
1
21
22
SIM5
SIM1
SIM2
SIM3
SIM4
1
21
22
SIM5
SIM1
SIM2
SIM3
SIM4
1
21
22
SIM5
SIM1
SIM2
SIM3
SIM4
1
21
22
SIM5
SIM1
SIM2
SIM3
SIM4
1
21
22
SIM5
SIM1
SIM2
SIM3
SIM4
1
21
22
SIM5
SIM1
SIM2
SIM3
SIM4
1
21
22
SIM5
SIM1
SIM2
SIM3
SIM4
1
21
22
SIM5
SIM1
SIM2
SIM3
SIM4
1
21
22
SIM5
SIM1
SIM2
SIM3
SIM4
1
21
22
SIM5
SIM1
SIM2
SIM3
SIM4
1
21
22
SIM5
SIM1
SIM2
SIM3
SIM4
1
21
22
SIM5
SIM1
SIM2
SIM3
SIM4
1
21
22
SIM5
SIM1
SIM2
SIM3
SIM4
1
21
22
SIM5
SIM1
SIM2
SIM3
SIM4
1
21
22
SIM5
SIM1
SIM2
SIM3
SIM4
1
21
22
SIM5
SIM1
SIM2
SIM3
SIM4
1
21
22
SIM5
SIM1
SIM2
SIM3
SIM4
1
21
22
SIM5
SIM1
SIM2
SIM3
SIM4
1
21
22
SIM5
SIM1
SIM2
SIM3
SIM4
1
21
22
SIM5
SIM1
SIM2
SIM3
SIM4
1
21
22
SIM5
SIM1
SIM2
SIM3
SIM4
1
21
22
SIM5
SIM1
SIM2
SIM3
SIM4
1
21
22
SIM5
SIM1
SIM2
SIM3
SIM4
1
21
22
SIM5
SIM1
SIM2
SIM3
SIM4
1
21
22
SIM5
SIM1
SIM2
SIM3
SIM4
1
21
22
SIM5
SIM1
SIM2
SIM3
SIM4
1
21
22
SIM5
SIM1
SIM2
SIM3
SIM4
1
21
22
SIM5
SIM1
SIM2
SIM3
SIM4
1
21
22
SIM5
SIM1
SIM2
SIM3
SIM4
1
21
22
SIM5
SIM1
SIM2
SIM3
SIM4
1
21
22
SIM5
SIM1
SIM2
SIM3
SIM4
1
21
22
SIM5
SIM1
SIM2
SIM3
SIM4
1
21
22
SIM5
SIM1
SIM2
SIM3
SIM4
1
21
22
SIM5
SIM1
SIM2
SIM3
SIM4
1
21
22
SIM5
SIM1
SIM2
SIM3
SIM4
1
21
22
SIM5
SIM1
SIM2
SIM3
SIM4
1
21
22
SIM5
SIM1
SIM2
SIM3
SIM4
1
21
22
SIM5
SIM1
SIM2
SIM3
SIM4
1
21
22
SIM5
SIM1
SIM2
SIM3
SIM4
1
21
22
SIM5
SIM1
SIM2
SIM3
SIM4
1
21
22
SIM5
SIM1
SIM2
SIM3
SIM4
1
21
22
SIM5
SIM1
SIM2
SIM3
SIM4
1
21
22
SIM5
SIM1
SIM2
SIM3
SIM4
1
21
22
SIM5
SIM1
SIM2
SIM3
SIM4
1
21
22
SIM5
SIM1
SIM2
SIM3
SIM4
1
21
22
SIM5
SIM1
SIM2
SIM3
SIM4
1
21
22
SIM5
SIM1
SIM2
SIM3
SIM4
1
21
22
SIM5
SIM1
SIM2
SIM3
SIM4
1
21
22
SIM5
SIM1
SIM2
SIM3
SIM4
1
21
22
SIM5
SIM1
SIM2
SIM3
SIM4
1
21
22
SIM5
SIM1
SIM2
SIM3
SIM4
1
21
22
SIM5
SIM1
SIM2
SIM3
SIM4
1
21
22
SIM5
SIM1
SIM2
SIM3
SIM4
1
21
22
SIM5
SIM1
SIM2
SIM3
SIM4
1
21
22
SIM5
SIM1
SIM2
SIM3
SIM4
1
21
22
SIM5
SIM1
SIM2
SIM3
SIM4
1
21
22
SIM5
SIM1
SIM2
SIM3
SIM4
1
21
22
SIM5
SIM1
SIM2
SIM3
SIM4
1
21
22
SIM5
SIM1
SIM2
SIM3
SIM4
1
21
22
SIM5
SIM1
SIM2
SIM3
SIM4
1
21
22
SIM5
SIM1
SIM2
SIM3
SIM4
1
21
22
SIM5
SIM1
SIM2
SIM3
SIM4
1
21
22
SIM5
SIM1
SIM2
SIM3
SIM4
1
21
22
SIM5
SIM1
SIM2
SIM3
SIM4
1
21
22
SIM5
SIM1
SIM2
SIM3
SIM4
1
21
22
SIM5
SIM1
SIM2
SIM3
SIM4
1
21
22
SIM5
SIM1
SIM2
SIM3
SIM4
1
21
22
SIM5
SIM1
SIM2
SIM3
SIM4
1
21
22
SIM5
SIM1
SIM2
SIM3
SIM4
1
21
22
SIM5
SIM1
SIM2
SIM3
SIM4
1
21
22
SIM5
SIM1
SIM2
SIM3
SIM4
1
21
22
SIM5
SIM1
SIM2
SIM3
SIM4
1
21
22
SIM5
SIM1
SIM2
DEBUG 1 49
SIM1
SIM2
SIM3
SIM4
1
21
22
SIM5
SIM1
SIM2
SIM3
SIM4
1
21
22
SIM5
SIM1
SIM2
SIM3
SIM4
1
21
22
SIM5
SIM1
SIM2
SIM3
SIM4
1
21
22
SIM5
SIM1
SIM2
SIM3
SIM4
1
21
22
SIM5
SIM1
SIM2
SIM3
SIM4
1
21
22
SIM5
SIM1
SIM2
SIM3
SIM4
1
21
22
SIM5
SIM1
SIM2
SIM3
SIM4
1
21
22
SIM5
SIM1
SIM2
SIM3
SIM4
1
21
22
SIM5
SIM1
SIM2
SIM3
SIM4
1
21
22
SIM5
SIM1
SIM2
SIM3
SIM4
1
21
22
SIM5
SIM1
SIM2
SIM3
SIM4
1
21
22
SIM5
SIM1
SIM2
SIM3
SIM4
1
21
22
SIM5
SIM1
SIM2
SIM3
SIM4
1
21
22
SIM5
SIM1
SIM2
SIM3
SIM4
1
21
22
SIM5
SIM1
SIM2
SIM3
SIM4
1
21
22
SIM5
SIM1
SIM2
SIM3
SIM4
1
21
22
SIM5
SIM1
SIM2
SIM3
SIM4
1
21
22
SIM5
SIM1
SIM2
SIM3
SIM4
1
21
22
SIM5
SIM1
SIM2
SIM3
SIM4
1
21
22
SIM5
SIM1
SIM2
SIM3
SIM4
1
21
22
SIM5
SIM1
SIM2
SIM3
SIM4
1
21
22
SIM5
SIM1
SIM2
SIM3
SIM4
1
21
22
SIM5
SIM1
SIM2
SIM3
SIM4
1
21
22
SIM5
SIM1
SIM2
SIM3
SIM4
1
21
22
SIM5
SIM1
SIM2
SIM3
SIM4
1
21
22
SIM5
SIM1
SIM2
SIM3
SIM4
1
21
22
SIM5
SIM1
SIM2
SIM3
SIM4
1
21
22
SIM5
SIM1
SIM2
SIM3
SIM4
1
21
22
SIM5
SIM1
SIM2
SIM3
SIM4
1
21
22
SIM5
SIM1
SIM2
SIM3
SIM4
1
21
22
SIM5
SIM1
SIM2
SIM3
SIM4
1
21
22
SIM5
SIM1
SIM2
SIM3
SIM4
1
21
22
SIM5
SIM1
SIM2
SIM3
SIM4
1
21
22
SIM5
SIM1
SIM2
SIM3
SIM4
1
21
22
SIM5
SIM1
SIM2
SIM3
SIM4
1
21
22
SIM5
SIM1
SIM2
SIM3
SIM4
1
21
22
SIM5
SIM1
SIM2
SIM3
SIM4
1
21
22
SIM5
SIM1
SIM2
SIM3
SIM4
1
21
22
SIM5
SIM1
SIM2
SIM3
SIM4
1
21
22
SIM5
SIM1
SIM2
SIM3
SIM4
1
21
22
SIM5
SIM1
SIM2
SIM3
SIM4
1
21
22
SIM5
SIM1
SIM2
SIM3
SIM4
1
21
22
SIM5
SIM1
SIM2
SIM3
SIM4
1
21
22
SIM5
SIM1
SIM2
SIM3
SIM4
1
21
22
SIM5
SIM1
SIM2
SIM3
SIM4
1
21
22
SIM5
SIM1
SIM2
SIM3
SIM4
1
21
22
SIM5
SIM1
SIM2
SIM3
SIM4
1
21
22
SIM5
SIM1
SIM2
SIM3
SIM4
1
21
22
SIM5
SIM1
SIM2
SIM3
SIM4
1
21
22
SIM5
SIM1
SIM2
SIM3
SIM4
1
21
22
SIM5
SIM1
SIM2
SIM3
SIM4
1
21
22
SIM5
SIM1
SIM2
SIM3
SIM4
1
21
22
SIM5
SIM1
SIM2
SIM3
SIM4
1
21
22
SIM5
SIM1
SIM2
SIM3
SIM4
1
21
22
SIM5
SIM1
SIM2
SIM3
SIM4
1
21
22
SIM5
SIM1
SIM2
SIM3
SIM4
1
21
22
SIM5
SIM1
SIM2
SIM3
SIM4
1
21
22
SIM5
SIM1
SIM2
SIM3
SIM4
1
21
22
SIM5
SIM1
SIM2
SIM3
SIM4
1
21
22
SIM5
SIM1
SIM2
SIM3
SIM4
1
21
22
SIM5
SIM1
SIM2
SIM3
SIM4
1
21
22
SIM5
SIM1
SIM2
SIM3
SIM4
1
21
22
SIM5
SIM1
SIM2
SIM3
SIM4
1
21
22
SIM5
SIM1
SIM2
SIM3
SIM4
1
21
22
SIM5
SIM1
SIM2
SIM3
SIM4
1
21
22
SIM5
SIM1
SIM2
SIM3
SIM4
1
21
22
SIM5
SIM1
SIM2
SIM3
SIM4
1
21
22
SIM5
SIM1
SIM2
SIM3
SIM4
1
21
22
SIM5
SIM1
SIM2
SIM3
SIM4
1
21
22
SIM5
SIM1
SIM2
SIM3
SIM4
1
21
22
SIM5
SIM1
SIM2
SIM3
SIM4
1
21
22
SIM5
SIM1
SIM2
SIM3
SIM4
1
21
22
SIM5
SIM1
SIM2
SIM3
SIM4
1
21
22
SIM5
SIM1
SIM2
SIM3
SIM4
1
21
22
SIM5
SIM1
SIM2
SIM3
SIM4
1
21
22
SIM5
SIM1
SIM2
SIM3
SIM4
1
21
22
SIM5
SIM1
SIM2
SIM3
SIM4
1
21
22
SIM5
SIM1
SIM2
SIM3
SIM4
1
21
22
SIM5
SIM1
SIM2
SIM3
SIM4
1
21
22
SIM5
SIM1
SIM2
SIM3
SIM4
1
21
22
SIM5
SIM1
SIM2
SIM3
SIM4
1
21
22
SIM5
SIM1
SIM2
SIM3
SIM4
1
21
22
SIM5
SIM1
SIM2
SIM3
SIM4
1
21
22
SIM5
SIM1
SIM2
SIM3
SIM4
1
21
22
SIM5
SIM1
SIM2
SIM3
SIM4
1
21
22
SIM5
SIM1
SIM2
SIM3
SIM4
1
21
22
SIM5
SIM1
SIM2
SIM3
SIM4
1
21
22
SIM5
SIM1
SIM2
SIM3
SIM4
1
21
22
SIM5
SIM1
SIM2
SIM3
SIM4
1
21
22
SIM5
SIM1
SIM2
SIM3
SIM4
1
21
22
SIM5
SIM1
SIM2
SIM3
SIM4
1
21
22
SIM5
SIM1
SIM2
SIM3
SIM4
1
21
22
SIM5
SIM1
SIM2
SIM3
SIM4
1
21
22
SIM5
SIM1
SIM2
SIM3
SIM4
1
21
22
SIM5
SIM1
SIM2
SIM3
SIM4
1
21
22
SIM5
SIM1
SIM2
SIM3
SIM4
1
21
22
SIM5
SIM1
SIM2
SIM3
SIM4
1
21
22
SIM5
SIM1
SIM2
SIM3
SIM4
1
21
22
SIM5
SIM1
SIM2
SIM3
SIM4
1
21
22
SIM5
SIM1
SIM2
SIM3
SIM4
1
21
22
SIM5
SIM1
SIM2
SIM3
SIM4
1
21
22
SIM5
SIM1
SIM2
SIM3
SIM4
1
21
22
SIM5
SIM1
SIM2
SIM3
SIM4
1
21
22
SIM5
SIM1
SIM2
SIM3
SIM4
1
21
22
SIM5
SIM1
SIM2
SIM3
SIM4
1
21
22
SIM5
SIM1
SIM2
SIM3
SIM4
1
21
22
SIM5
SIM1
SIM2
SIM3
SIM4
1
21
22
SIM5
SIM1
SIM2
SIM3
SIM4
1
21
22
SIM5
SIM1
SIM2
SIM3
SIM4
1
21
22
SIM5
SIM1
SIM2
SIM3
SIM4
1
21
22
SIM5
SIM1
SIM2
SIM3
SIM4
1
21
22
SIM5
SIM1
SIM2
SIM3
SIM4
1
21
22
SIM5
SIM1
SIM2
SIM3
SIM4
1
21
22
SIM5
SIM1
SIM2
SIM3
SIM4
1
21
22
SIM5
SIM1
SIM2
SIM3
SIM4
1
21
22
SIM5
SIM1
SIM2
SIM3
SIM4
1
21
22
SIM5
SIM1
SIM2
SIM3
SIM4
1
21
22
SIM5
SIM1
SIM2
SIM3
SIM4
1
21
22
SIM5
SIM1
SIM2
SIM3
SIM4
1
21
22
SIM5
SIM1
SIM2
SIM3
SIM4
1
21
22
SIM5
SIM1
SIM2
SIM3
SIM4
1
21
22
SIM5
SIM1
SIM2
SIM3
SIM4
1
21
22
SIM5
SIM1
SIM2
SIM3
SIM4
1
21
22
SIM5
SIM1
SIM2
SIM3
SIM4
1
21
22
SIM5
SIM1
SIM2
SIM3
SIM4
1
21
22
SIM5
SIM1
SIM2
SIM3
SIM4
1
21
22
SIM5
SIM1
SIM2
SIM3
SIM4
1
21
22
SIM5
SIM1
SIM2
SIM3
SIM4
1
21
22
SIM5
SIM1
SIM2
SIM3
SIM4
1
21
22
SIM5
SIM1
SIM2
SIM3
SIM4
1
21
22
SIM5
SIM1
SIM2
SIM3
SIM4
1
21
22
SIM5
SIM1
SIM2
SIM3
SIM4
1
21
22
SIM5
SIM1
SIM2
SIM3
SIM4
1
21
22
SIM5
SIM1
SIM2
SIM3
SIM4
1
21
22
SIM5
SIM1
SIM2
SIM3
SIM4
1
21
22
SIM5
SIM1
SIM2
SIM3
SIM4
1
21
22
SIM5
SIM1
SIM2
SIM3
SIM4
1
21
22
SIM5
SIM1
SIM2
SIM3
SIM4
1
21
22
SIM5
SIM1
SIM2
SIM3
SIM4
1
21
22
SIM5
SIM1
SIM2
SIM3
SIM4
1
21
22
SIM5
SIM1
SIM2
SIM3
SIM4
1
21
22
SIM5
SIM1
SIM2
SIM3
SIM4
1
21
22
SIM5
SIM1
SIM2
SIM3
SIM4
1
21
22
SIM5
SIM1
SIM2
SIM3
SIM4
1
21
22
SIM5
SIM1
SIM2
SIM3
SIM4
1
21
22
SIM5
SIM1
SIM2
SIM3
SIM4
1
21
22
SIM5
SIM1
SIM2
SIM3
SIM4
1
21
22
SIM5
SIM1
SIM2
SIM3
SIM4
1
21
22
SIM5
SIM1
SIM2
SIM3
SIM4
1
21
22
SIM5
SIM1
SIM2
SIM3
SIM4
1
21
22
SIM5
SIM1
SIM2
SIM3
SIM4
1
21
22
SIM5
SIM1
SIM2
SIM3
SIM4
1
21
22
SIM5
SIM1
SIM2
DEBUG 1 50
SIM1
SIM2
SIM3
SIM4
1
21
22
SIM5
SIM1
SIM2
SIM3
SIM4
1
21
22
SIM5
SIM1
SIM2
SIM3
SIM4
1
21
22
SIM5
SIM1
SIM2
SIM3
SIM4
1
21
22
SIM5
SIM1
SIM2
SIM3
SIM4
1
21
22
SIM5
SIM1
SIM2
SIM3
SIM4
1
21
22
SIM5
SIM1
SIM2
SIM3
SIM4
1
21
22
SIM5
SIM1
SIM2
SIM3
SIM4
1
21
22
SIM5
SIM1
SIM2
SIM3
SIM4
1
21
22
SIM5
SIM1
SIM2
SIM3
SIM4
1
21
22
SIM5
SIM1
SIM2
SIM3
SIM4
1
21
22
SIM5
SIM1
SIM2
SIM3
SIM4
1
21
22
SIM5
SIM1
SIM2
SIM3
SIM4
1
21
22
SIM5
SIM1
SIM2
SIM3
SIM4
1
21
22
SIM5
SIM1
SIM2
SIM3
SIM4
1
21
22
SIM5
SIM1
SIM2
SIM3
SIM4
1
21
22
SIM5
SIM1
SIM2
SIM3
SIM4
1
21
22
SIM5
SIM1
SIM2
SIM3
SIM4
1
21
22
SIM5
SIM1
SIM2
SIM3
SIM4
1
21
22
SIM5
SIM1
SIM2
SIM3
SIM4
1
21
22
SIM5
SIM1
SIM2
SIM3
SIM4
1
21
22
SIM5
SIM1
SIM2
SIM3
SIM4
1
21
22
SIM5
SIM1
SIM2
SIM3
SIM4
1
21
22
SIM5
SIM1
SIM2
SIM3
SIM4
1
21
22
SIM5
SIM1
SIM2
SIM3
SIM4
1
21
22
SIM5
SIM1
SIM2
SIM3
SIM4
1
21
22
SIM5
SIM1
SIM2
SIM3
SIM4
1
21
22
SIM5
SIM1
SIM2
SIM3
SIM4
1
21
22
SIM5
SIM1
SIM2
SIM3
SIM4
1
21
22
SIM5
SIM1
SIM2
SIM3
SIM4
1
21
22
SIM5
SIM1
SIM2
SIM3
SIM4
1
21
22
SIM5
SIM1
SIM2
SIM3
SIM4
1
21
22
SIM5
SIM1
SIM2
SIM3
SIM4
1
21
22
SIM5
SIM1
SIM2
SIM3
SIM4
1
21
22
SIM5
SIM1
SIM2
SIM3
SIM4
1
21
22
SIM5
SIM1
SIM2
SIM3
SIM4
1
21
22
SIM5
SIM1
SIM2
SIM3
SIM4
1
21
22
SIM5
SIM1
SIM2
SIM3
SIM4
1
21
22
SIM5
SIM1
SIM2
SIM3
SIM4
1
21
22
SIM5
SIM1
SIM2
SIM3
SIM4
1
21
22
SIM5
SIM1
SIM2
SIM3
SIM4
1
21
22
SIM5
SIM1
SIM2
SIM3
SIM4
1
21
22
SIM5
SIM1
SIM2
SIM3
SIM4
1
21
22
SIM5
SIM1
SIM2
SIM3
SIM4
1
21
22
SIM5
SIM1
SIM2
SIM3
SIM4
1
21
22
SIM5
SIM1
SIM2
SIM3
SIM4
1
21
22
SIM5
SIM1
SIM2
SIM3
SIM4
1
21
22
SIM5
SIM1
SIM2
SIM3
SIM4
1
21
22
SIM5
SIM1
SIM2
SIM3
SIM4
1
21
22
SIM5
SIM1
SIM2
SIM3
SIM4
1
21
22
SIM5
SIM1
SIM2
SIM3
SIM4
1
21
22
SIM5
SIM1
SIM2
SIM3
SIM4
1
21
22
SIM5
SIM1
SIM2
SIM3
SIM4
1
21
22
SIM5
SIM1
SIM2
SIM3
SIM4
1
21
22
SIM5
SIM1
SIM2
SIM3
SIM4
1
21
22
SIM5
SIM1
SIM2
SIM3
SIM4
1
21
22
SIM5
SIM1
SIM2
SIM3
SIM4
1
21
22
SIM5
SIM1
SIM2
SIM3
SIM4
1
21
22
SIM5
SIM1
SIM2
SIM3
SIM4
1
21
22
SIM5
SIM1
SIM2
SIM3
SIM4
1
21
22
SIM5
SIM1
SIM2
SIM3
SIM4
1
21
22
SIM5
SIM1
SIM2
SIM3
SIM4
1
21
22
SIM5
SIM1
SIM2
SIM3
SIM4
1
21
22
SIM5
SIM1
SIM2
SIM3
SIM4
1
21
22
SIM5
SIM1
SIM2
SIM3
SIM4
1
21
22
SIM5
SIM1
SIM2
SIM3
SIM4
1
21
22
SIM5
SIM1
SIM2
SIM3
SIM4
1
21
22
SIM5
SIM1
SIM2
SIM3
SIM4
1
21
22
SIM5
SIM1
SIM2
SIM3
SIM4
1
21
22
SIM5
SIM1
SIM2
SIM3
SIM4
1
21
22
SIM5
SIM1
SIM2
SIM3
SIM4
1
21
22
SIM5
SIM1
SIM2
SIM3
SIM4
1
21
22
SIM5
SIM1
SIM2
SIM3
SIM4
1
21
22
SIM5
SIM1
SIM2
SIM3
SIM4
1
21
22
SIM5
SIM1
SIM2
SIM3
SIM4
1
21
22
SIM5
SIM1
SIM2
SIM3
SIM4
1
21
22
SIM5
SIM1
SIM2
SIM3
SIM4
1
21
22
SIM5
SIM1
SIM2
SIM3
SIM4
1
21
22
SIM5
SIM1
SIM2
SIM3
SIM4
1
21
22
SIM5
SIM1
SIM2
SIM3
SIM4
1
21
22
SIM5
SIM1
SIM2
SIM3
SIM4
1
21
22
SIM5
SIM1
SIM2
SIM3
SIM4
1
21
22
SIM5
SIM1
SIM2
SIM3
SIM4
1
21
22
SIM5
SIM1
SIM2
SIM3
SIM4
1
21
22
SIM5
SIM1
SIM2
SIM3
SIM4
1
21
22
SIM5
SIM1
SIM2
SIM3
SIM4
1
21
22
SIM5
SIM1
SIM2
SIM3
SIM4
1
21
22
SIM5
SIM1
SIM2
SIM3
SIM4
1
21
22
SIM5
SIM1
SIM2
SIM3
SIM4
1
21
22
SIM5
SIM1
SIM2
SIM3
SIM4
1
21
22
SIM5
SIM1
SIM2
SIM3
SIM4
1
21
22
SIM5
SIM1
SIM2
SIM3
SIM4
1
21
22
SIM5
SIM1
SIM2
SIM3
SIM4
1
21
22
SIM5
SIM1
SIM2
SIM3
SIM4
1
21
22
SIM5
SIM1
SIM2
SIM3
SIM4
1
21
22
SIM5
SIM1
SIM2
SIM3
SIM4
1
21
22
SIM5
SIM1
SIM2
SIM3
SIM4
1
21
22
SIM5
SIM1
SIM2
SIM3
SIM4
1
21
22
SIM5
SIM1
SIM2
SIM3
SIM4
1
21
22
SIM5
SIM1
SIM2
SIM3
SIM4
1
21
22
SIM5
SIM1
SIM2
SIM3
SIM4
1
21
22
SIM5
SIM1
SIM2
SIM3
SIM4
1
21
22
SIM5
SIM1
SIM2
SIM3
SIM4
1
21
22
SIM5
SIM1
SIM2
SIM3
SIM4
1
21
22
SIM5
SIM1
SIM2
SIM3
SIM4
1
21
22
SIM5
SIM1
SIM2
SIM3
SIM4
1
21
22
SIM5
SIM1
SIM2
SIM3
SIM4
1
21
22
SIM5
SIM1
SIM2
SIM3
SIM4
1
21
22
SIM5
SIM1
SIM2
SIM3
SIM4
1
21
22
SIM5
SIM1
SIM2
SIM3
SIM4
1
21
22
SIM5
SIM1
SIM2
SIM3
SIM4
1
21
22
SIM5
SIM1
SIM2
SIM3
SIM4
1
21
22
SIM5
SIM1
SIM2
SIM3
SIM4
1
21
22
SIM5
SIM1
SIM2
SIM3
SIM4
1
21
22
SIM5
SIM1
SIM2
SIM3
SIM4
1
21
22
SIM5
SIM1
SIM2
SIM3
SIM4
1
21
22
SIM5
SIM1
SIM2
SIM3
SIM4
1
21
22
SIM5
SIM1
SIM2
SIM3
SIM4
1
21
22
SIM5
SIM1
SIM2
SIM3
SIM4
1
21
22
SIM5
SIM1
SIM2
SIM3
SIM4
1
21
22
SIM5
SIM1
SIM2
SIM3
SIM4
1
21
22
SIM5
SIM1
SIM2
SIM3
SIM4
1
21
22
SIM5
SIM1
SIM2
SIM3
SIM4
1
21
22
SIM5
SIM1
SIM2
SIM3
SIM4
1
21
22
SIM5
SIM1
SIM2
SIM3
SIM4
1
21
22
SIM5
SIM1
SIM2
SIM3
SIM4
1
21
22
SIM5
SIM1
SIM2
SIM3
SIM4
1
21
22
SIM5
SIM1
SIM2
SIM3
SIM4
1
21
22
SIM5
SIM1
SIM2
SIM3
SIM4
1
21
22
SIM5
SIM1
SIM2
SIM3
SIM4
1
21
22
SIM5
SIM1
SIM2
SIM3
SIM4
1
21
22
SIM5
SIM1
SIM2
SIM3
SIM4
1
21
22
SIM5
SIM1
SIM2
SIM3
SIM4
1
21
22
SIM5
SIM1
SIM2
SIM3
SIM4
1
21
22
SIM5
SIM1
SIM2
SIM3
SIM4
1
21
22
SIM5
SIM1
SIM2
SIM3
SIM4
1
21
22
SIM5
SIM1
SIM2
SIM3
SIM4
1
21
22
SIM5
SIM1
SIM2
SIM3
SIM4
1
21
22
SIM5
SIM1
SIM2
SIM3
SIM4
1
21
22
SIM5
SIM1
SIM2
SIM3
SIM4
1
21
22
SIM5
SIM1
SIM2
SIM3
SIM4
1
21
22
SIM5
SIM1
SIM2
SIM3
SIM4
1
21
22
SIM5
SIM1
SIM2
SIM3
SIM4
1
21
22
SIM5
SIM1
SIM2
SIM3
SIM4
1
21
22
SIM5
SIM1
SIM2
SIM3
SIM4
1
21
22
SIM5
SIM1
SIM2
SIM3
SIM4
1
21
22
SIM5
SIM1
SIM2
SIM3
SIM4
1
21
22
SIM5
SIM1
SIM2
SIM3
SIM4
1
21
22
SIM5
SIM1
SIM2
SIM3
SIM4
1
21
22
SIM5
SIM1
SIM2
SIM3
SIM4
1
21
22
SIM5
SIM1
SIM2
SIM3
SIM4
1
21
22
SIM5
SIM1
SIM2
SIM3
SIM4
1
21
22
SIM5
SIM1
SIM2
SIM3
SIM4
1
21
22
SIM5
SIM1
SIM2
SIM3
SIM4
1
21
22
SIM5
SIM1
SIM2
SIM3
SIM4
1
21
22
SIM5
SIM1
SIM2
SIM3
SIM4
1
21
22
SIM5
SIM1
SIM2
SIM3
SIM4
1
21
22
SIM5
SIM1
SIM2
SIM3
SIM4
1
21
22
SIM5
SIM1
SIM2
SIM3
SIM4
1
21
22
SIM5
SIM1
SIM2
SIM3
SIM4
1
21
22
SIM5
SIM1
SIM2
SIM3
SIM4
1
21
22
SIM5
SIM1
SIM2
SIM3
SIM4
1
21
22
SIM5
SIM1
SIM2
SIM3
SIM4
1
21
22
SIM5
SIM1
SIM2
SIM3
SIM4
1
21
22
SIM5
SIM1
SIM2
SIM3
SIM4
1
21
22
SIM5
SIM1
SIM2
SIM3
SIM4
1
21
22
SIM5
SIM1
SIM2
SIM3
SIM4
1
21
22
SIM5
SIM1
SIM2
SIM3
SIM4
1
21
22
SIM5
SIM1
SIM2
SIM3
SIM4
1
21
22
SIM5
SIM1
SIM2
SIM3
SIM4
1
21
22
SIM5
SIM1
SIM2
SIM3
SIM4
1
21
22
SIM5
SIM1
SIM2
SIM3
SIM4
1
21
22
SIM5
SIM1
SIM2
SIM3
SIM4
1
21
22
SIM5
SIM1
SIM2
SIM3
SIM4
1
21
22
SIM5
SIM1
SIM2
SIM3
SIM4
1
21
22
SIM5
SIM1
SIM2
SIM3
SIM4
1
21
22
SIM5
SIM1
SIM2
SIM3
SIM4
1
21
22
SIM5
SIM1
SIM2
DEBUG 1 51
SIM1
SIM2
SIM3
SIM4
1
21
22
SIM5
SIM1
SIM2
SIM3
SIM4
1
21
22
SIM5
SIM1
SIM2
SIM3
SIM4
1
21
22
SIM5
SIM1
SIM2
SIM3
SIM4
1
21
22
SIM5
SIM1
SIM2
SIM3
SIM4
1
21
22
SIM5
SIM1
SIM2
SIM3
SIM4
1
21
22
SIM5
SIM1
SIM2
SIM3
SIM4
1
21
22
SIM5
SIM1
SIM2
SIM3
SIM4
1
21
22
SIM5
SIM1
SIM2
SIM3
SIM4
1
21
22
SIM5
SIM1
SIM2
SIM3
SIM4
1
21
22
SIM5
SIM1
SIM2
SIM3
SIM4
1
21
22
SIM5
SIM1
SIM2
SIM3
SIM4
1
21
22
SIM5
SIM1
SIM2
SIM3
SIM4
1
21
22
SIM5
SIM1
SIM2
SIM3
SIM4
1
21
22
SIM5
SIM1
SIM2
SIM3
SIM4
1
21
22
SIM5
SIM1
SIM2
SIM3
SIM4
1
21
22
SIM5
SIM1
SIM2
SIM3
SIM4
1
21
22
SIM5
SIM1
SIM2
SIM3
SIM4
1
21
22
SIM5
SIM1
SIM2
SIM3
SIM4
1
21
22
SIM5
SIM1
SIM2
SIM3
SIM4
1
21
22
SIM5
SIM1
SIM2
SIM3
SIM4
1
21
22
SIM5
SIM1
SIM2
SIM3
SIM4
1
21
22
SIM5
SIM1
SIM2
SIM3
SIM4
1
21
22
SIM5
SIM1
SIM2
SIM3
SIM4
1
21
22
SIM5
SIM1
SIM2
SIM3
SIM4
1
21
22
SIM5
SIM1
SIM2
SIM3
SIM4
1
21
22
SIM5
SIM1
SIM2
SIM3
SIM4
1
21
22
SIM5
SIM1
SIM2
SIM3
SIM4
1
21
22
SIM5
SIM1
SIM2
SIM3
SIM4
1
21
22
SIM5
SIM1
SIM2
SIM3
SIM4
1
21
22
SIM5
SIM1
SIM2
SIM3
SIM4
1
21
22
SIM5
SIM1
SIM2
SIM3
SIM4
1
21
22
SIM5
SIM1
SIM2
SIM3
SIM4
1
21
22
SIM5
SIM1
SIM2
SIM3
SIM4
1
21
22
SIM5
SIM1
SIM2
SIM3
SIM4
1
21
22
SIM5
SIM1
SIM2
SIM3
SIM4
1
21
22
SIM5
SIM1
SIM2
SIM3
SIM4
1
21
22
SIM5
SIM1
SIM2
SIM3
SIM4
1
21
22
SIM5
SIM1
SIM2
SIM3
SIM4
1
21
22
SIM5
SIM1
SIM2
SIM3
SIM4
1
21
22
SIM5
SIM1
SIM2
SIM3
SIM4
1
21
22
SIM5
SIM1
SIM2
SIM3
SIM4
1
21
22
SIM5
SIM1
SIM2
SIM3
SIM4
1
21
22
SIM5
SIM1
SIM2
SIM3
SIM4
1
21
22
SIM5
SIM1
SIM2
SIM3
SIM4
1
21
22
SIM5
SIM1
SIM2
SIM3
SIM4
1
21
22
SIM5
SIM1
SIM2
SIM3
SIM4
1
21
22
SIM5
SIM1
SIM2
SIM3
SIM4
1
21
22
SIM5
SIM1
SIM2
SIM3
SIM4
1
21
22
SIM5
SIM1
SIM2
SIM3
SIM4
1
21
22
SIM5
SIM1
SIM2
SIM3
SIM4
1
21
22
SIM5
SIM1
SIM2
SIM3
SIM4
1
21
22
SIM5
SIM1
SIM2
SIM3
SIM4
1
21
22
SIM5
SIM1
SIM2
SIM3
SIM4
1
21
22
SIM5
SIM1
SIM2
SIM3
SIM4
1
21
22
SIM5
SIM1
SIM2
SIM3
SIM4
1
21
22
SIM5
SIM1
SIM2
SIM3
SIM4
1
21
22
SIM5
SIM1
SIM2
SIM3
SIM4
1
21
22
SIM5
SIM1
SIM2
SIM3
SIM4
1
21
22
SIM5
SIM1
SIM2
SIM3
SIM4
1
21
22
SIM5
SIM1
SIM2
SIM3
SIM4
1
21
22
SIM5
SIM1
SIM2
SIM3
SIM4
1
21
22
SIM5
SIM1
SIM2
SIM3
SIM4
1
21
22
SIM5
SIM1
SIM2
SIM3
SIM4
1
21
22
SIM5
SIM1
SIM2
SIM3
SIM4
1
21
22
SIM5
SIM1
SIM2
SIM3
SIM4
1
21
22
SIM5
SIM1
SIM2
SIM3
SIM4
1
21
22
SIM5
SIM1
SIM2
SIM3
SIM4
1
21
22
SIM5
SIM1
SIM2
SIM3
SIM4
1
21
22
SIM5
SIM1
SIM2
SIM3
SIM4
1
21
22
SIM5
SIM1
SIM2
SIM3
SIM4
1
21
22
SIM5
SIM1
SIM2
SIM3
SIM4
1
21
22
SIM5
SIM1
SIM2
SIM3
SIM4
1
21
22
SIM5
SIM1
SIM2
SIM3
SIM4
1
21
22
SIM5
SIM1
SIM2
SIM3
SIM4
1
21
22
SIM5
SIM1
SIM2
SIM3
SIM4
1
21
22
SIM5
SIM1
SIM2
SIM3
SIM4
1
21
22
SIM5
SIM1
SIM2
SIM3
SIM4
1
21
22
SIM5
SIM1
SIM2
SIM3
SIM4
1
21
22
SIM5
SIM1
SIM2
SIM3
SIM4
1
21
22
SIM5
SIM1
SIM2
SIM3
SIM4
1
21
22
SIM5
SIM1
SIM2
SIM3
SIM4
1
21
22
SIM5
SIM1
SIM2
SIM3
SIM4
1
21
22
SIM5
SIM1
SIM2
SIM3
SIM4
1
21
22
SIM5
SIM1
SIM2
SIM3
SIM4
1
21
22
SIM5
SIM1
SIM2
SIM3
SIM4
1
21
22
SIM5
SIM1
SIM2
SIM3
SIM4
1
21
22
SIM5
SIM1
SIM2
SIM3
SIM4
1
21
22
SIM5
SIM1
SIM2
SIM3
SIM4
1
21
22
SIM5
SIM1
SIM2
SIM3
SIM4
1
21
22
SIM5
SIM1
SIM2
SIM3
SIM4
1
21
22
SIM5
SIM1
SIM2
SIM3
SIM4
1
21
22
SIM5
SIM1
SIM2
SIM3
SIM4
1
21
22
SIM5
SIM1
SIM2
SIM3
SIM4
1
21
22
SIM5
SIM1
SIM2
SIM3
SIM4
1
21
22
SIM5
SIM1
SIM2
SIM3
SIM4
1
21
22
SIM5
SIM1
SIM2
SIM3
SIM4
1
21
22
SIM5
SIM1
SIM2
SIM3
SIM4
1
21
22
SIM5
SIM1
SIM2
SIM3
SIM4
1
21
22
SIM5
SIM1
SIM2
SIM3
SIM4
1
21
22
SIM5
SIM1
SIM2
SIM3
SIM4
1
21
22
SIM5
SIM1
SIM2
SIM3
SIM4
1
21
22
SIM5
SIM1
SIM2
SIM3
SIM4
1
21
22
SIM5
SIM1
SIM2
SIM3
SIM4
1
21
22
SIM5
SIM1
SIM2
SIM3
SIM4
1
21
22
SIM5
SIM1
SIM2
SIM3
SIM4
1
21
22
SIM5
SIM1
SIM2
SIM3
SIM4
1
21
22
SIM5
SIM1
SIM2
SIM3
SIM4
1
21
22
SIM5
SIM1
SIM2
SIM3
SIM4
1
21
22
SIM5
SIM1
SIM2
SIM3
SIM4
1
21
22
SIM5
SIM1
SIM2
SIM3
SIM4
1
21
22
SIM5
SIM1
SIM2
SIM3
SIM4
1
21
22
SIM5
SIM1
SIM2
SIM3
SIM4
1
21
22
SIM5
SIM1
SIM2
SIM3
SIM4
1
21
22
SIM5
SIM1
SIM2
SIM3
SIM4
1
21
22
SIM5
SIM1
SIM2
SIM3
SIM4
1
21
22
SIM5
SIM1
SIM2
SIM3
SIM4
1
21
22
SIM5
SIM1
SIM2
SIM3
SIM4
1
21
22
SIM5
SIM1
SIM2
SIM3
SIM4
1
21
22
SIM5
SIM1
SIM2
SIM3
SIM4
1
21
22
SIM5
SIM1
SIM2
SIM3
SIM4
1
21
22
SIM5
SIM1
SIM2
SIM3
SIM4
1
21
22
SIM5
SIM1
SIM2
SIM3
SIM4
1
21
22
SIM5
SIM1
SIM2
SIM3
SIM4
1
21
22
SIM5
SIM1
SIM2
SIM3
SIM4
1
21
22
SIM5
SIM1
SIM2
SIM3
SIM4
1
21
22
SIM5
SIM1
SIM2
SIM3
SIM4
1
21
22
SIM5
SIM1
SIM2
SIM3
SIM4
1
21
22
SIM5
SIM1
SIM2
SIM3
SIM4
1
21
22
SIM5
SIM1
SIM2
SIM3
SIM4
1
21
22
SIM5
SIM1
SIM2
SIM3
SIM4
1
21
22
SIM5
SIM1
SIM2
SIM3
SIM4
1
21
22
SIM5
SIM1
SIM2
SIM3
SIM4
1
21
22
SIM5
SIM1
SIM2
SIM3
SIM4
1
21
22
SIM5
SIM1
SIM2
SIM3
SIM4
1
21
22
SIM5
SIM1
SIM2
SIM3
SIM4
1
21
22
SIM5
SIM1
SIM2
SIM3
SIM4
1
21
22
SIM5
SIM1
SIM2
SIM3
SIM4
1
21
22
SIM5
SIM1
SIM2
SIM3
SIM4
1
21
22
SIM5
SIM1
SIM2
SIM3
SIM4
1
21
22
SIM5
SIM1
SIM2
SIM3
SIM4
1
21
22
SIM5
SIM1
SIM2
SIM3
SIM4
1
21
22
SIM5
SIM1
SIM2
SIM3
SIM4
1
21
22
SIM5
SIM1
SIM2
SIM3
SIM4
1
21
22
SIM5
SIM1
SIM2
SIM3
SIM4
1
21
22
SIM5
SIM1
SIM2
SIM3
SIM4
1
21
22
SIM5
SIM1
SIM2
SIM3
SIM4
1
21
22
SIM5
SIM1
SIM2
SIM3
SIM4
1
21
22
SIM5
SIM1
SIM2
SIM3
SIM4
1
21
22
SIM5
SIM1
SIM2
SIM3
SIM4
1
21
22
SIM5
SIM1
SIM2
SIM3
SIM4
1
21
22
SIM5
SIM1
SIM2
SIM3
SIM4
1
21
22
SIM5
SIM1
SIM2
SIM3
SIM4
1
21
22
SIM5
SIM1
SIM2
SIM3
SIM4
1
21
22
SIM5
SIM1
SIM2
SIM3
SIM4
1
21
22
SIM5
SIM1
SIM2
SIM3
SIM4
1
21
22
SIM5
SIM1
SIM2
SIM3
SIM4
1
21
22
SIM5
SIM1
SIM2
SIM3
SIM4
1
21
22
SIM5
SIM1
SIM2
SIM3
SIM4
1
21
22
SIM5
SIM1
SIM2
SIM3
SIM4
1
21
22
SIM5
SIM1
SIM2
SIM3
SIM4
1
21
22
SIM5
SIM1
SIM2
SIM3
SIM4
1
21
22
SIM5
SIM1
SIM2
SIM3
SIM4
1
21
22
SIM5
SIM1
SIM2
SIM3
SIM4
1
21
22
SIM5
SIM1
SIM2
SIM3
SIM4
1
21
22
SIM5
SIM1
SIM2
SIM3
SIM4
1
21
22
SIM5
SIM1
SIM2
SIM3
SIM4
1
21
22
SIM5
SIM1
SIM2
SIM3
SIM4
1
21
22
SIM5
SIM1
SIM2
SIM3
SIM4
1
21
22
SIM5
SIM1
SIM2
SIM3
SIM4
1
21
22
SIM5
SIM1
SIM2
SIM3
SIM4
1
21
22
SIM5
SIM1
SIM2
SIM3
SIM4
1
21
22
SIM5
SIM1
SIM2
DEBUG 1 52
SIM1
SIM2
SIM3
SIM4
1
21
22
SIM5
SIM1
SIM2
SIM3
SIM4
1
21
22
SIM5
SIM1
SIM2
SIM3
SIM4
1
21
22
SIM5
SIM1
SIM2
SIM3
SIM4
1
21
22
SIM5
SIM1
SIM2
SIM3
SIM4
1
21
22
SIM5
SIM1
SIM2
SIM3
SIM4
1
21
22
SIM5
SIM1
SIM2
SIM3
SIM4
1
21
22
SIM5
SIM1
SIM2
SIM3
SIM4
1
21
22
SIM5
SIM1
SIM2
SIM3
SIM4
1
21
22
SIM5
SIM1
SIM2
SIM3
SIM4
1
21
22
SIM5
SIM1
SIM2
SIM3
SIM4
1
21
22
SIM5
SIM1
SIM2
SIM3
SIM4
1
21
22
SIM5
SIM1
SIM2
SIM3
SIM4
1
21
22
SIM5
SIM1
SIM2
SIM3
SIM4
1
21
22
SIM5
SIM1
SIM2
SIM3
SIM4
1
21
22
SIM5
SIM1
SIM2
SIM3
SIM4
1
21
22
SIM5
SIM1
SIM2
SIM3
SIM4
1
21
22
SIM5
SIM1
SIM2
SIM3
SIM4
1
21
22
SIM5
SIM1
SIM2
SIM3
SIM4
1
21
22
SIM5
SIM1
SIM2
SIM3
SIM4
1
21
22
SIM5
SIM1
SIM2
SIM3
SIM4
1
21
22
SIM5
SIM1
SIM2
SIM3
SIM4
1
21
22
SIM5
SIM1
SIM2
SIM3
SIM4
1
21
22
SIM5
SIM1
SIM2
SIM3
SIM4
1
21
22
SIM5
SIM1
SIM2
SIM3
SIM4
1
21
22
SIM5
SIM1
SIM2
SIM3
SIM4
1
21
22
SIM5
SIM1
SIM2
SIM3
SIM4
1
21
22
SIM5
SIM1
SIM2
SIM3
SIM4
1
21
22
SIM5
SIM1
SIM2
SIM3
SIM4
1
21
22
SIM5
SIM1
SIM2
SIM3
SIM4
1
21
22
SIM5
SIM1
SIM2
SIM3
SIM4
1
21
22
SIM5
SIM1
SIM2
SIM3
SIM4
1
21
22
SIM5
SIM1
SIM2
SIM3
SIM4
1
21
22
SIM5
SIM1
SIM2
SIM3
SIM4
1
21
22
SIM5
SIM1
SIM2
SIM3
SIM4
1
21
22
SIM5
SIM1
SIM2
SIM3
SIM4
1
21
22
SIM5
SIM1
SIM2
SIM3
SIM4
1
21
22
SIM5
SIM1
SIM2
SIM3
SIM4
1
21
22
SIM5
SIM1
SIM2
SIM3
SIM4
1
21
22
SIM5
SIM1
SIM2
SIM3
SIM4
1
21
22
SIM5
SIM1
SIM2
SIM3
SIM4
1
21
22
SIM5
SIM1
SIM2
SIM3
SIM4
1
21
22
SIM5
SIM1
SIM2
SIM3
SIM4
1
21
22
SIM5
SIM1
SIM2
SIM3
SIM4
1
21
22
SIM5
SIM1
SIM2
SIM3
SIM4
1
21
22
SIM5
SIM1
SIM2
SIM3
SIM4
1
21
22
SIM5
SIM1
SIM2
SIM3
SIM4
1
21
22
SIM5
SIM1
SIM2
SIM3
SIM4
1
21
22
SIM5
SIM1
SIM2
SIM3
SIM4
1
21
22
SIM5
SIM1
SIM2
SIM3
SIM4
1
21
22
SIM5
SIM1
SIM2
SIM3
SIM4
1
21
22
SIM5
SIM1
SIM2
SIM3
SIM4
1
21
22
SIM5
SIM1
SIM2
SIM3
SIM4
1
21
22
SIM5
SIM1
SIM2
SIM3
SIM4
1
21
22
SIM5
SIM1
SIM2
SIM3
SIM4
1
21
22
SIM5
SIM1
SIM2
SIM3
SIM4
1
21
22
SIM5
SIM1
SIM2
SIM3
SIM4
1
21
22
SIM5
SIM1
SIM2
SIM3
SIM4
1
21
22
SIM5
SIM1
SIM2
SIM3
SIM4
1
21
22
SIM5
SIM1
SIM2
SIM3
SIM4
1
21
22
SIM5
SIM1
SIM2
SIM3
SIM4
1
21
22
SIM5
SIM1
SIM2
SIM3
SIM4
1
21
22
SIM5
SIM1
SIM2
SIM3
SIM4
1
21
22
SIM5
SIM1
SIM2
SIM3
SIM4
1
21
22
SIM5
SIM1
SIM2
SIM3
SIM4
1
21
22
SIM5
SIM1
SIM2
SIM3
SIM4
1
21
22
SIM5
SIM1
SIM2
SIM3
SIM4
1
21
22
SIM5
SIM1
SIM2
SIM3
SIM4
1
21
22
SIM5
SIM1
SIM2
SIM3
SIM4
1
21
22
SIM5
SIM1
SIM2
SIM3
SIM4
1
21
22
SIM5
SIM1
SIM2
SIM3
SIM4
1
21
22
SIM5
SIM1
SIM2
SIM3
SIM4
1
21
22
SIM5
SIM1
SIM2
SIM3
SIM4
1
21
22
SIM5
SIM1
SIM2
SIM3
SIM4
1
21
22
SIM5
SIM1
SIM2
SIM3
SIM4
1
21
22
SIM5
SIM1
SIM2
SIM3
SIM4
1
21
22
SIM5
SIM1
SIM2
SIM3
SIM4
1
21
22
SIM5
SIM1
SIM2
SIM3
SIM4
1
21
22
SIM5
SIM1
SIM2
SIM3
SIM4
1
21
22
SIM5
SIM1
SIM2
SIM3
SIM4
1
21
22
SIM5
SIM1
SIM2
SIM3
SIM4
1
21
22
SIM5
SIM1
SIM2
SIM3
SIM4
1
21
22
SIM5
SIM1
SIM2
SIM3
SIM4
1
21
22
SIM5
SIM1
SIM2
SIM3
SIM4
1
21
22
SIM5
SIM1
SIM2
SIM3
SIM4
1
21
22
SIM5
SIM1
SIM2
SIM3
SIM4
1
21
22
SIM5
SIM1
SIM2
SIM3
SIM4
1
21
22
SIM5
SIM1
SIM2
SIM3
SIM4
1
21
22
SIM5
SIM1
SIM2
SIM3
SIM4
1
21
22
SIM5
SIM1
SIM2
SIM3
SIM4
1
21
22
SIM5
SIM1
SIM2
SIM3
SIM4
1
21
22
SIM5
SIM1
SIM2
SIM3
SIM4
1
21
22
SIM5
SIM1
SIM2
SIM3
SIM4
1
21
22
SIM5
SIM1
SIM2
SIM3
SIM4
1
21
22
SIM5
SIM1
SIM2
SIM3
SIM4
1
21
22
SIM5
SIM1
SIM2
SIM3
SIM4
1
21
22
SIM5
SIM1
SIM2
SIM3
SIM4
1
21
22
SIM5
SIM1
SIM2
SIM3
SIM4
1
21
22
SIM5
SIM1
SIM2
SIM3
SIM4
1
21
22
SIM5
SIM1
SIM2
SIM3
SIM4
1
21
22
SIM5
SIM1
SIM2
SIM3
SIM4
1
21
22
SIM5
SIM1
SIM2
SIM3
SIM4
1
21
22
SIM5
SIM1
SIM2
SIM3
SIM4
1
21
22
SIM5
SIM1
SIM2
SIM3
SIM4
1
21
22
SIM5
SIM1
SIM2
SIM3
SIM4
1
21
22
SIM5
SIM1
SIM2
SIM3
SIM4
1
21
22
SIM5
SIM1
SIM2
SIM3
SIM4
1
21
22
SIM5
SIM1
SIM2
SIM3
SIM4
1
21
22
SIM5
SIM1
SIM2
SIM3
SIM4
1
21
22
SIM5
SIM1
SIM2
SIM3
SIM4
1
21
22
SIM5
SIM1
SIM2
SIM3
SIM4
1
21
22
SIM5
SIM1
SIM2
SIM3
SIM4
1
21
22
SIM5
SIM1
SIM2
SIM3
SIM4
1
21
22
SIM5
SIM1
SIM2
SIM3
SIM4
1
21
22
SIM5
SIM1
SIM2
SIM3
SIM4
1
21
22
SIM5
SIM1
SIM2
SIM3
SIM4
1
21
22
SIM5
SIM1
SIM2
SIM3
SIM4
1
21
22
SIM5
SIM1
SIM2
SIM3
SIM4
1
21
22
SIM5
SIM1
SIM2
SIM3
SIM4
1
21
22
SIM5
SIM1
SIM2
SIM3
SIM4
1
21
22
SIM5
SIM1
SIM2
SIM3
SIM4
1
21
22
SIM5
SIM1
SIM2
SIM3
SIM4
1
21
22
SIM5
SIM1
SIM2
SIM3
SIM4
1
21
22
SIM5
SIM1
SIM2
SIM3
SIM4
1
21
22
SIM5
SIM1
SIM2
SIM3
SIM4
1
21
22
SIM5
SIM1
SIM2
SIM3
SIM4
1
21
22
SIM5
SIM1
SIM2
SIM3
SIM4
1
21
22
SIM5
SIM1
SIM2
SIM3
SIM4
1
21
22
SIM5
SIM1
SIM2
SIM3
SIM4
1
21
22
SIM5
SIM1
SIM2
SIM3
SIM4
1
21
22
SIM5
SIM1
SIM2
SIM3
SIM4
1
21
22
SIM5
SIM1
SIM2
SIM3
SIM4
1
21
22
SIM5
SIM1
SIM2
SIM3
SIM4
1
21
22
SIM5
SIM1
SIM2
SIM3
SIM4
1
21
22
SIM5
SIM1
SIM2
SIM3
SIM4
1
21
22
SIM5
SIM1
SIM2
SIM3
SIM4
1
21
22
SIM5
SIM1
SIM2
SIM3
SIM4
1
21
22
SIM5
SIM1
SIM2
SIM3
SIM4
1
21
22
SIM5
SIM1
SIM2
SIM3
SIM4
1
21
22
SIM5
SIM1
SIM2
SIM3
SIM4
1
21
22
SIM5
SIM1
SIM2
SIM3
SIM4
1
21
22
SIM5
SIM1
SIM2
SIM3
SIM4
1
21
22
SIM5
SIM1
SIM2
SIM3
SIM4
1
21
22
SIM5
SIM1
SIM2
SIM3
SIM4
1
21
22
SIM5
SIM1
SIM2
SIM3
SIM4
1
21
22
SIM5
SIM1
SIM2
SIM3
SIM4
1
21
22
SIM5
SIM1
SIM2
SIM3
SIM4
1
21
22
SIM5
SIM1
SIM2
SIM3
SIM4
1
21
22
SIM5
SIM1
SIM2
SIM3
SIM4
1
21
22
SIM5
SIM1
SIM2
SIM3
SIM4
1
21
22
SIM5
SIM1
SIM2
SIM3
SIM4
1
21
22
SIM5
SIM1
SIM2
SIM3
SIM4
1
21
22
SIM5
SIM1
SIM2
SIM3
SIM4
1
21
22
SIM5
SIM1
SIM2
SIM3
SIM4
1
21
22
SIM5
SIM1
SIM2
SIM3
SIM4
1
21
22
SIM5
SIM1
SIM2
SIM3
SIM4
1
21
22
SIM5
SIM1
SIM2
SIM3
SIM4
1
21
22
SIM5
SIM1
SIM2
SIM3
SIM4
1
21
22
SIM5
SIM1
SIM2
SIM3
SIM4
1
21
22
SIM5
SIM1
SIM2
SIM3
SIM4
1
21
22
SIM5
SIM1
SIM2
SIM3
SIM4
1
21
22
SIM5
SIM1
SIM2
SIM3
SIM4
1
21
22
SIM5
SIM1
SIM2
SIM3
SIM4
1
21
22
SIM5
SIM1
SIM2
SIM3
SIM4
1
21
22
SIM5
SIM1
SIM2
SIM3
SIM4
1
21
22
SIM5
SIM1
SIM2
SIM3
SIM4
1
21
22
SIM5
SIM1
SIM2
SIM3
SIM4
1
21
22
SIM5
SIM1
SIM2
SIM3
SIM4
1
21
22
SIM5
SIM1
SIM2
SIM3
SIM4
1
21
22
SIM5
SIM1
SIM2
SIM3
SIM4
1
21
22
SIM5
SIM1
SIM2
SIM3
SIM4
1
21
22
SIM5
SIM1
SIM2
SIM3
SIM4
1
21
22
SIM5
SIM1
SIM2
SIM3
SIM4
1
21
22
SIM5
SIM1
SIM2
SIM3
SIM4
1
21
22
SIM5
SIM1
SIM2
SIM3
SIM4
1
21
22
SIM5
SIM1
SIM2
SIM3
SIM4
1
21
22
SIM5
SIM1
SIM2
SIM3
SIM4
1
21
22
SIM5
SIM1
SIM2
SIM3
SIM4
1
21
22
SIM5
SIM1
SIM2
SIM3
SIM4
1
21
22
SIM5
SIM1
SIM2
SIM3
SIM4
1
21
22
SIM5
SIM1
SIM2
SIM3
SIM4
1
21
22
SIM5
SIM1
SIM2
SIM3
SIM4
1
21
22
SIM5
SIM1
SIM2
SIM3
SIM4
1
21
22
SIM5
SIM1
SIM2
SIM3
SIM4
1
21
22
SIM5
SIM1
SIM2
SIM3
SIM4
1
21
22
SIM5
SIM1
SIM2
SIM3
SIM4
1
21
22
SIM5
SIM1
SIM2
SIM3
SIM4
1
21
22
SIM5
SIM1
SIM2
SIM3
SIM4
1
21
22
SIM5
SIM1
SIM2
SIM3
SIM4
1
21
22
SIM5
SIM1
SIM2
SIM3
SIM4
1
21
22
SIM5
SIM1
SIM2
SIM3
SIM4
1
21
22
SIM5
SIM1
SIM2
SIM3
SIM4
1
21
22
SIM5
SIM1
SIM2
SIM3
SIM4
1
21
22
SIM5
SIM1
SIM2
SIM3
SIM4
1
21
22
SIM5
SIM1
SIM2
SIM3
SIM4
1
21
22
SIM5
SIM1
SIM2
SIM3
SIM4
1
21
22
SIM5
SIM1
SIM2
SIM3
SIM4
1
21
22
SIM5
SIM1
SIM2
SIM3
SIM4
1
21
22
SIM5
SIM1
SIM2
SIM3
SIM4
1
21
22
SIM5
SIM1
SIM2
SIM3
SIM4
1
21
22
SIM5
SIM1
SIM2
SIM3
SIM4
1
21
22
SIM5
SIM1
SIM2
SIM3
SIM4
1
21
22
SIM5
SIM1
SIM2
SIM3
SIM4
1
21
22
SIM5
SIM1
SIM2
SIM3
SIM4
1
21
22
SIM5
SIM1
SIM2
SIM3
SIM4
1
21
22
SIM5
SIM1
SIM2
SIM3
SIM4
1
21
22
SIM5
SIM1
SIM2
SIM3
SIM4
1
21
22
SIM5
SIM1
SIM2
SIM3
SIM4
1
21
22
SIM5
SIM1
SIM2
SIM3
SIM4
1
21
22
SIM5
SIM1
SIM2
SIM3
SIM4
1
21
22
SIM5
SIM1
SIM2
SIM3
SIM4
1
21
22
SIM5
SIM1
SIM2
SIM3
SIM4
1
21
22
SIM5
SIM1
SIM2
SIM3
SIM4
1
21
22
SIM5
SIM1
SIM2
SIM3
SIM4
1
21
22
SIM5
SIM1
SIM2
SIM3
SIM4
1
21
22
SIM5
SIM1
SIM2
SIM3
SIM4
1
21
22
SIM5
SIM1
SIM2
SIM3
SIM4
1
21
22
SIM5
SIM1
SIM2
SIM3
SIM4
1
21
22
SIM5
SIM1
SIM2
SIM3
SIM4
1
21
22
SIM5
SIM1
SIM2
SIM3
SIM4
1
21
22
SIM5
SIM1
SIM2
SIM3
SIM4
1
21
22
SIM5
SIM1
SIM2
SIM3
SIM4
1
21
22
SIM5
SIM1
SIM2
SIM3
SIM4
1
21
22
SIM5
SIM1
SIM2
SIM3
SIM4
1
21
22
SIM5
SIM1
SIM2
SIM3
SIM4
1
21
22
SIM5
SIM1
SIM2
SIM3
SIM4
1
21
22
SIM5
SIM1
SIM2
SIM3
SIM4
1
21
22
SIM5
SIM1
SIM2
SIM3
SIM4
1
21
22
SIM5
SIM1
SIM2
SIM3
SIM4
1
21
22
SIM5
SIM1
SIM2
SIM3
SIM4
1
21
22
SIM5
SIM1
SIM2
SIM3
SIM4
1
21
22
SIM5
SIM1
SIM2
SIM3
SIM4
1
21
22
SIM5
SIM1
SIM2
SIM3
SIM4
1
21
22
SIM5
SIM1
SIM2
SIM3
SIM4
1
21
22
SIM5
SIM1
SIM2
SIM3
SIM4
1
21
22
SIM5
SIM1
SIM2
SIM3
SIM4
1
21
22
SIM5
SIM1
SIM2
SIM3
SIM4
1
21
22
SIM5
SIM1
SIM2
SIM3
SIM4
1
21
22
SIM5
SIM1
SIM2
SIM3
SIM4
1
21
22
SIM5
SIM1
SIM2
SIM3
SIM4
1
21
22
SIM5
SIM1
SIM2
SIM3
SIM4
1
21
22
SIM5
SIM1
SIM2
SIM3
SIM4
1
21
22
SIM5
SIM1
SIM2
SIM3
SIM4
1
21
22
SIM5
SIM1
SIM2
SIM3
SIM4
1
21
22
SIM5
SIM1
SIM2
SIM3
SIM4
1
21
22
SIM5
SIM1
SIM2
SIM3
SIM4
1
21
22
SIM5
SIM1
SIM2
SIM3
SIM4
1
21
22
SIM5
SIM1
SIM2
SIM3
SIM4
1
21
22
SIM5
SIM1
SIM2
DEBUG 1 53
SIM1
SIM2
SIM3
SIM4
1
21
22
SIM5
SIM1
SIM2
SIM3
SIM4
1
21
22
SIM5
SIM1
SIM2
SIM3
SIM4
1
21
22
SIM5
SIM1
SIM2
SIM3
SIM4
1
21
22
SIM5
SIM1
SIM2
SIM3
SIM4
1
21
22
SIM5
SIM1
SIM2
SIM3
SIM4
1
21
22
SIM5
SIM1
SIM2
SIM3
SIM4
1
21
22
SIM5
SIM1
SIM2
SIM3
SIM4
1
21
22
SIM5
SIM1
SIM2
SIM3
SIM4
1
21
22
SIM5
SIM1
SIM2
SIM3
SIM4
1
21
22
SIM5
SIM1
SIM2
SIM3
SIM4
1
21
22
SIM5
SIM1
SIM2
SIM3
SIM4
1
21
22
SIM5
SIM1
SIM2
SIM3
SIM4
1
21
22
SIM5
SIM1
SIM2
SIM3
SIM4
1
21
22
SIM5
SIM1
SIM2
SIM3
SIM4
1
21
22
SIM5
SIM1
SIM2
SIM3
SIM4
1
21
22
SIM5
SIM1
SIM2
SIM3
SIM4
1
21
22
SIM5
SIM1
SIM2
SIM3
SIM4
1
21
22
SIM5
SIM1
SIM2
SIM3
SIM4
1
21
22
SIM5
SIM1
SIM2
SIM3
SIM4
1
21
22
SIM5
SIM1
SIM2
SIM3
SIM4
1
21
22
SIM5
SIM1
SIM2
SIM3
SIM4
1
21
22
SIM5
SIM1
SIM2
SIM3
SIM4
1
21
22
SIM5
SIM1
SIM2
SIM3
SIM4
1
21
22
SIM5
SIM1
SIM2
SIM3
SIM4
1
21
22
SIM5
SIM1
SIM2
SIM3
SIM4
1
21
22
SIM5
SIM1
SIM2
SIM3
SIM4
1
21
22
SIM5
SIM1
SIM2
SIM3
SIM4
1
21
22
SIM5
SIM1
SIM2
SIM3
SIM4
1
21
22
SIM5
SIM1
SIM2
SIM3
SIM4
1
21
22
SIM5
SIM1
SIM2
SIM3
SIM4
1
21
22
SIM5
SIM1
SIM2
SIM3
SIM4
1
21
22
SIM5
SIM1
SIM2
SIM3
SIM4
1
21
22
SIM5
SIM1
SIM2
SIM3
SIM4
1
21
22
SIM5
SIM1
SIM2
SIM3
SIM4
1
21
22
SIM5
SIM1
SIM2
SIM3
SIM4
1
21
22
SIM5
SIM1
SIM2
SIM3
SIM4
1
21
22
SIM5
SIM1
SIM2
SIM3
SIM4
1
21
22
SIM5
SIM1
SIM2
SIM3
SIM4
1
21
22
SIM5
SIM1
SIM2
SIM3
SIM4
1
21
22
SIM5
SIM1
SIM2
SIM3
SIM4
1
21
22
SIM5
SIM1
SIM2
SIM3
SIM4
1
21
22
SIM5
SIM1
SIM2
SIM3
SIM4
1
21
22
SIM5
SIM1
SIM2
SIM3
SIM4
1
21
22
SIM5
SIM1
SIM2
SIM3
SIM4
1
21
22
SIM5
SIM1
SIM2
SIM3
SIM4
1
21
22
SIM5
SIM1
SIM2
SIM3
SIM4
1
21
22
SIM5
SIM1
SIM2
SIM3
SIM4
1
21
22
SIM5
SIM1
SIM2
SIM3
SIM4
1
21
22
SIM5
SIM1
SIM2
SIM3
SIM4
1
21
22
SIM5
SIM1
SIM2
SIM3
SIM4
1
21
22
SIM5
SIM1
SIM2
SIM3
SIM4
1
21
22
SIM5
SIM1
SIM2
SIM3
SIM4
1
21
22
SIM5
SIM1
SIM2
SIM3
SIM4
1
21
22
SIM5
SIM1
SIM2
SIM3
SIM4
1
21
22
SIM5
SIM1
SIM2
SIM3
SIM4
1
21
22
SIM5
SIM1
SIM2
SIM3
SIM4
1
21
22
SIM5
SIM1
SIM2
SIM3
SIM4
1
21
22
SIM5
SIM1
SIM2
SIM3
SIM4
1
21
22
SIM5
SIM1
SIM2
SIM3
SIM4
1
21
22
SIM5
SIM1
SIM2
SIM3
SIM4
1
21
22
SIM5
SIM1
SIM2
SIM3
SIM4
1
21
22
SIM5
SIM1
SIM2
SIM3
SIM4
1
21
22
SIM5
SIM1
SIM2
SIM3
SIM4
1
21
22
SIM5
SIM1
SIM2
SIM3
SIM4
1
21
22
SIM5
SIM1
SIM2
SIM3
SIM4
1
21
22
SIM5
SIM1
SIM2
SIM3
SIM4
1
21
22
SIM5
SIM1
SIM2
SIM3
SIM4
1
21
22
SIM5
SIM1
SIM2
SIM3
SIM4
1
21
22
SIM5
SIM1
SIM2
SIM3
SIM4
1
21
22
SIM5
SIM1
SIM2
SIM3
SIM4
1
21
22
SIM5
SIM1
SIM2
SIM3
SIM4
1
21
22
SIM5
SIM1
SIM2
SIM3
SIM4
1
21
22
SIM5
SIM1
SIM2
SIM3
SIM4
1
21
22
SIM5
SIM1
SIM2
SIM3
SIM4
1
21
22
SIM5
SIM1
SIM2
SIM3
SIM4
1
21
22
SIM5
SIM1
SIM2
SIM3
SIM4
1
21
22
SIM5
SIM1
SIM2
SIM3
SIM4
1
21
22
SIM5
SIM1
SIM2
SIM3
SIM4
1
21
22
SIM5
SIM1
SIM2
SIM3
SIM4
1
21
22
SIM5
SIM1
SIM2
SIM3
SIM4
1
21
22
SIM5
SIM1
SIM2
SIM3
SIM4
1
21
22
SIM5
SIM1
SIM2
SIM3
SIM4
1
21
22
SIM5
SIM1
SIM2
SIM3
SIM4
1
21
22
SIM5
SIM1
SIM2
SIM3
SIM4
1
21
22
SIM5
SIM1
SIM2
SIM3
SIM4
1
21
22
SIM5
SIM1
SIM2
SIM3
SIM4
1
21
22
SIM5
SIM1
SIM2
SIM3
SIM4
1
21
22
SIM5
SIM1
SIM2
SIM3
SIM4
1
21
22
SIM5
SIM1
SIM2
SIM3
SIM4
1
21
22
SIM5
SIM1
SIM2
SIM3
SIM4
1
21
22
SIM5
SIM1
SIM2
SIM3
SIM4
1
21
22
SIM5
SIM1
SIM2
SIM3
SIM4
1
21
22
SIM5
SIM1
SIM2
SIM3
SIM4
1
21
22
SIM5
SIM1
SIM2
SIM3
SIM4
1
21
22
SIM5
SIM1
SIM2
SIM3
SIM4
1
21
22
SIM5
SIM1
SIM2
SIM3
SIM4
1
21
22
SIM5
SIM1
SIM2
SIM3
SIM4
1
21
22
SIM5
SIM1
SIM2
SIM3
SIM4
1
21
22
SIM5
SIM1
SIM2
SIM3
SIM4
1
21
22
SIM5
SIM1
SIM2
SIM3
SIM4
1
21
22
SIM5
SIM1
SIM2
SIM3
SIM4
1
21
22
SIM5
SIM1
SIM2
SIM3
SIM4
1
21
22
SIM5
SIM1
SIM2
SIM3
SIM4
1
21
22
SIM5
SIM1
SIM2
SIM3
SIM4
1
21
22
SIM5
SIM1
SIM2
SIM3
SIM4
1
21
22
SIM5
SIM1
SIM2
SIM3
SIM4
1
21
22
SIM5
SIM1
SIM2
SIM3
SIM4
1
21
22
SIM5
SIM1
SIM2
SIM3
SIM4
1
21
22
SIM5
SIM1
SIM2
SIM3
SIM4
1
21
22
SIM5
SIM1
SIM2
SIM3
SIM4
1
21
22
SIM5
SIM1
SIM2
SIM3
SIM4
1
21
22
SIM5
SIM1
SIM2
SIM3
SIM4
1
21
22
SIM5
SIM1
SIM2
SIM3
SIM4
1
21
22
SIM5
SIM1
SIM2
SIM3
SIM4
1
21
22
SIM5
SIM1
SIM2
SIM3
SIM4
1
21
22
SIM5
SIM1
SIM2
SIM3
SIM4
1
21
22
SIM5
SIM1
SIM2
SIM3
SIM4
1
21
22
SIM5
SIM1
SIM2
SIM3
SIM4
1
21
22
SIM5
SIM1
SIM2
SIM3
SIM4
1
21
22
SIM5
SIM1
SIM2
SIM3
SIM4
1
21
22
SIM5
SIM1
SIM2
SIM3
SIM4
1
21
22
SIM5
SIM1
SIM2
SIM3
SIM4
1
21
22
SIM5
SIM1
SIM2
SIM3
SIM4
1
21
22
SIM5
SIM1
SIM2
SIM3
SIM4
1
21
22
SIM5
SIM1
SIM2
SIM3
SIM4
1
21
22
SIM5
SIM1
SIM2
SIM3
SIM4
1
21
22
SIM5
SIM1
SIM2
SIM3
SIM4
1
21
22
SIM5
SIM1
SIM2
SIM3
SIM4
1
21
22
SIM5
SIM1
SIM2
SIM3
SIM4
1
21
22
SIM5
SIM1
SIM2
SIM3
SIM4
1
21
22
SIM5
SIM1
SIM2
DEBUG 1 54
SIM1
SIM2
SIM3
SIM4
1
21
22
SIM5
SIM1
SIM2
SIM3
SIM4
1
21
22
SIM5
SIM1
SIM2
SIM3
SIM4
1
21
22
SIM5
SIM1
SIM2
SIM3
SIM4
1
21
22
SIM5
SIM1
SIM2
SIM3
SIM4
1
21
22
SIM5
SIM1
SIM2
SIM3
SIM4
1
21
22
SIM5
SIM1
SIM2
SIM3
SIM4
1
21
22
SIM5
SIM1
SIM2
SIM3
SIM4
1
21
22
SIM5
SIM1
SIM2
SIM3
SIM4
1
21
22
SIM5
SIM1
SIM2
SIM3
SIM4
1
21
22
SIM5
SIM1
SIM2
SIM3
SIM4
1
21
22
SIM5
SIM1
SIM2
SIM3
SIM4
1
21
22
SIM5
SIM1
SIM2
SIM3
SIM4
1
21
22
SIM5
SIM1
SIM2
SIM3
SIM4
1
21
22
SIM5
SIM1
SIM2
SIM3
SIM4
1
21
22
SIM5
SIM1
SIM2
SIM3
SIM4
1
21
22
SIM5
SIM1
SIM2
SIM3
SIM4
1
21
22
SIM5
SIM1
SIM2
SIM3
SIM4
1
21
22
SIM5
SIM1
SIM2
SIM3
SIM4
1
21
22
SIM5
SIM1
SIM2
SIM3
SIM4
1
21
22
SIM5
SIM1
SIM2
SIM3
SIM4
1
21
22
SIM5
SIM1
SIM2
SIM3
SIM4
1
21
22
SIM5
SIM1
SIM2
SIM3
SIM4
1
21
22
SIM5
SIM1
SIM2
SIM3
SIM4
1
21
22
SIM5
SIM1
SIM2
SIM3
SIM4
1
21
22
SIM5
SIM1
SIM2
SIM3
SIM4
1
21
22
SIM5
SIM1
SIM2
SIM3
SIM4
1
21
22
SIM5
SIM1
SIM2
SIM3
SIM4
1
21
22
SIM5
SIM1
SIM2
SIM3
SIM4
1
21
22
SIM5
SIM1
SIM2
SIM3
SIM4
1
21
22
SIM5
SIM1
SIM2
SIM3
SIM4
1
21
22
SIM5
SIM1
SIM2
SIM3
SIM4
1
21
22
SIM5
SIM1
SIM2
SIM3
SIM4
1
21
22
SIM5
SIM1
SIM2
SIM3
SIM4
1
21
22
SIM5
SIM1
SIM2
SIM3
SIM4
1
21
22
SIM5
SIM1
SIM2
SIM3
SIM4
1
21
22
SIM5
SIM1
SIM2
SIM3
SIM4
1
21
22
SIM5
SIM1
SIM2
SIM3
SIM4
1
21
22
SIM5
SIM1
SIM2
SIM3
SIM4
1
21
22
SIM5
SIM1
SIM2
SIM3
SIM4
1
21
22
SIM5
SIM1
SIM2
SIM3
SIM4
1
21
22
SIM5
SIM1
SIM2
SIM3
SIM4
1
21
22
SIM5
SIM1
SIM2
SIM3
SIM4
1
21
22
SIM5
SIM1
SIM2
SIM3
SIM4
1
21
22
SIM5
SIM1
SIM2
SIM3
SIM4
1
21
22
SIM5
SIM1
SIM2
SIM3
SIM4
1
21
22
SIM5
SIM1
SIM2
SIM3
SIM4
1
21
22
SIM5
SIM1
SIM2
SIM3
SIM4
1
21
22
SIM5
SIM1
SIM2
SIM3
SIM4
1
21
22
SIM5
SIM1
SIM2
SIM3
SIM4
1
21
22
SIM5
SIM1
SIM2
SIM3
SIM4
1
21
22
SIM5
SIM1
SIM2
SIM3
SIM4
1
21
22
SIM5
SIM1
SIM2
SIM3
SIM4
1
21
22
SIM5
SIM1
SIM2
SIM3
SIM4
1
21
22
SIM5
SIM1
SIM2
SIM3
SIM4
1
21
22
SIM5
SIM1
SIM2
SIM3
SIM4
1
21
22
SIM5
SIM1
SIM2
SIM3
SIM4
1
21
22
SIM5
SIM1
SIM2
SIM3
SIM4
1
21
22
SIM5
SIM1
SIM2
SIM3
SIM4
1
21
22
SIM5
SIM1
SIM2
SIM3
SIM4
1
21
22
SIM5
SIM1
SIM2
SIM3
SIM4
1
21
22
SIM5
SIM1
SIM2
SIM3
SIM4
1
21
22
SIM5
SIM1
SIM2
SIM3
SIM4
1
21
22
SIM5
SIM1
SIM2
SIM3
SIM4
1
21
22
SIM5
SIM1
SIM2
SIM3
SIM4
1
21
22
SIM5
SIM1
SIM2
SIM3
SIM4
1
21
22
SIM5
SIM1
SIM2
SIM3
SIM4
1
21
22
SIM5
SIM1
SIM2
SIM3
SIM4
1
21
22
SIM5
SIM1
SIM2
SIM3
SIM4
1
21
22
SIM5
SIM1
SIM2
SIM3
SIM4
1
21
22
SIM5
SIM1
SIM2
SIM3
SIM4
1
21
22
SIM5
SIM1
SIM2
SIM3
SIM4
1
21
22
SIM5
SIM1
SIM2
SIM3
SIM4
1
21
22
SIM5
SIM1
SIM2
SIM3
SIM4
1
21
22
SIM5
SIM1
SIM2
SIM3
SIM4
1
21
22
SIM5
SIM1
SIM2
SIM3
SIM4
1
21
22
SIM5
SIM1
SIM2
SIM3
SIM4
1
21
22
SIM5
SIM1
SIM2
SIM3
SIM4
1
21
22
SIM5
SIM1
SIM2
SIM3
SIM4
1
21
22
SIM5
SIM1
SIM2
SIM3
SIM4
1
21
22
SIM5
SIM1
SIM2
SIM3
SIM4
1
21
22
SIM5
SIM1
SIM2
SIM3
SIM4
1
21
22
SIM5
SIM1
SIM2
SIM3
SIM4
1
21
22
SIM5
SIM1
SIM2
SIM3
SIM4
1
21
22
SIM5
SIM1
SIM2
SIM3
SIM4
1
21
22
SIM5
SIM1
SIM2
SIM3
SIM4
1
21
22
SIM5
SIM1
SIM2
SIM3
SIM4
1
21
22
SIM5
SIM1
SIM2
SIM3
SIM4
1
21
22
SIM5
SIM1
SIM2
SIM3
SIM4
1
21
22
SIM5
SIM1
SIM2
SIM3
SIM4
1
21
22
SIM5
SIM1
SIM2
SIM3
SIM4
1
21
22
SIM5
SIM1
SIM2
SIM3
SIM4
1
21
22
SIM5
SIM1
SIM2
SIM3
SIM4
1
21
22
SIM5
SIM1
SIM2
SIM3
SIM4
1
21
22
SIM5
SIM1
SIM2
SIM3
SIM4
1
21
22
SIM5
SIM1
SIM2
SIM3
SIM4
1
21
22
SIM5
SIM1
SIM2
SIM3
SIM4
1
21
22
SIM5
SIM1
SIM2
SIM3
SIM4
1
21
22
SIM5
SIM1
SIM2
SIM3
SIM4
1
21
22
SIM5
SIM1
SIM2
SIM3
SIM4
1
21
22
SIM5
SIM1
SIM2
SIM3
SIM4
1
21
22
SIM5
SIM1
SIM2
SIM3
SIM4
1
21
22
SIM5
SIM1
SIM2
SIM3
SIM4
1
21
22
SIM5
SIM1
SIM2
SIM3
SIM4
1
21
22
SIM5
SIM1
SIM2
SIM3
SIM4
1
21
22
SIM5
SIM1
SIM2
SIM3
SIM4
1
21
22
SIM5
SIM1
SIM2
SIM3
SIM4
1
21
22
SIM5
SIM1
SIM2
SIM3
SIM4
1
21
22
SIM5
SIM1
SIM2
SIM3
SIM4
1
21
22
SIM5
SIM1
SIM2
SIM3
SIM4
1
21
22
SIM5
SIM1
SIM2
SIM3
SIM4
1
21
22
SIM5
SIM1
SIM2
SIM3
SIM4
1
21
22
SIM5
SIM1
SIM2
SIM3
SIM4
1
21
22
SIM5
SIM1
SIM2
SIM3
SIM4
1
21
22
SIM5
SIM1
SIM2
SIM3
SIM4
1
21
22
SIM5
SIM1
SIM2
SIM3
SIM4
1
21
22
SIM5
SIM1
SIM2
SIM3
SIM4
1
21
22
SIM5
SIM1
SIM2
SIM3
SIM4
1
21
22
SIM5
SIM1
SIM2
SIM3
SIM4
1
21
22
SIM5
SIM1
SIM2
SIM3
SIM4
1
21
22
SIM5
SIM1
SIM2
SIM3
SIM4
1
21
22
SIM5
SIM1
SIM2
SIM3
SIM4
1
21
22
SIM5
SIM1
SIM2
SIM3
SIM4
1
21
22
SIM5
SIM1
SIM2
SIM3
SIM4
1
21
22
SIM5
SIM1
SIM2
SIM3
SIM4
1
21
22
SIM5
SIM1
SIM2
SIM3
SIM4
1
21
22
SIM5
SIM1
SIM2
SIM3
SIM4
1
21
22
SIM5
SIM1
SIM2
SIM3
SIM4
1
21
22
SIM5
SIM1
SIM2
SIM3
SIM4
1
21
22
SIM5
SIM1
SIM2
SIM3
SIM4
1
21
22
SIM5
SIM1
SIM2
SIM3
SIM4
1
21
22
SIM5
SIM1
SIM2
SIM3
SIM4
1
21
22
SIM5
SIM1
SIM2
SIM3
SIM4
1
21
22
SIM5
SIM1
SIM2
SIM3
SIM4
1
21
22
SIM5
SIM1
SIM2
SIM3
SIM4
1
21
22
SIM5
SIM1
SIM2
SIM3
SIM4
1
21
22
SIM5
SIM1
SIM2
SIM3
SIM4
1
21
22
SIM5
SIM1
SIM2
SIM3
SIM4
1
21
22
SIM5
SIM1
SIM2
SIM3
SIM4
1
21
22
SIM5
SIM1
SIM2
SIM3
SIM4
1
21
22
SIM5
SIM1
SIM2
SIM3
SIM4
1
21
22
SIM5
SIM1
SIM2
SIM3
SIM4
1
21
22
SIM5
SIM1
SIM2
SIM3
SIM4
1
21
22
SIM5
SIM1
SIM2
SIM3
SIM4
1
21
22
SIM5
SIM1
SIM2
SIM3
SIM4
1
21
22
SIM5
SIM1
SIM2
SIM3
SIM4
1
21
22
SIM5
SIM1
SIM2
SIM3
SIM4
1
21
22
SIM5
SIM1
SIM2
SIM3
SIM4
1
21
22
SIM5
SIM1
SIM2
SIM3
SIM4
1
21
22
SIM5
SIM1
SIM2
SIM3
SIM4
1
21
22
SIM5
SIM1
SIM2
SIM3
SIM4
1
21
22
SIM5
SIM1
SIM2
SIM3
SIM4
1
21
22
SIM5
SIM1
SIM2
SIM3
SIM4
1
21
22
SIM5
SIM1
SIM2
SIM3
SIM4
1
21
22
SIM5
SIM1
SIM2
SIM3
SIM4
1
21
22
SIM5
SIM1
SIM2
SIM3
SIM4
1
21
22
SIM5
SIM1
SIM2
SIM3
SIM4
1
21
22
SIM5
SIM1
SIM2
SIM3
SIM4
1
21
22
SIM5
SIM1
SIM2
SIM3
SIM4
1
21
22
SIM5
SIM1
SIM2
SIM3
SIM4
1
21
22
SIM5
SIM1
SIM2
DEBUG 1 55
SIM1
SIM2
SIM3
SIM4
1
21
22
SIM5
SIM1
SIM2
SIM3
SIM4
1
21
22
SIM5
SIM1
SIM2
SIM3
SIM4
1
21
22
SIM5
SIM1
SIM2
SIM3
SIM4
1
21
22
SIM5
SIM1
SIM2
SIM3
SIM4
1
21
22
SIM5
SIM1
SIM2
SIM3
SIM4
1
21
22
SIM5
SIM1
SIM2
SIM3
SIM4
1
21
22
SIM5
SIM1
SIM2
SIM3
SIM4
1
21
22
SIM5
SIM1
SIM2
SIM3
SIM4
1
21
22
SIM5
SIM1
SIM2
SIM3
SIM4
1
21
22
SIM5
SIM1
SIM2
SIM3
SIM4
1
21
22
SIM5
SIM1
SIM2
SIM3
SIM4
1
21
22
SIM5
SIM1
SIM2
SIM3
SIM4
1
21
22
SIM5
SIM1
SIM2
SIM3
SIM4
1
21
22
SIM5
SIM1
SIM2
SIM3
SIM4
1
21
22
SIM5
SIM1
SIM2
SIM3
SIM4
1
21
22
SIM5
SIM1
SIM2
SIM3
SIM4
1
21
22
SIM5
SIM1
SIM2
SIM3
SIM4
1
21
22
SIM5
SIM1
SIM2
SIM3
SIM4
1
21
22
SIM5
SIM1
SIM2
SIM3
SIM4
1
21
22
SIM5
SIM1
SIM2
SIM3
SIM4
1
21
22
SIM5
SIM1
SIM2
SIM3
SIM4
1
21
22
SIM5
SIM1
SIM2
SIM3
SIM4
1
21
22
SIM5
SIM1
SIM2
SIM3
SIM4
1
21
22
SIM5
SIM1
SIM2
SIM3
SIM4
1
21
22
SIM5
SIM1
SIM2
SIM3
SIM4
1
21
22
SIM5
SIM1
SIM2
SIM3
SIM4
1
21
22
SIM5
SIM1
SIM2
SIM3
SIM4
1
21
22
SIM5
SIM1
SIM2
SIM3
SIM4
1
21
22
SIM5
SIM1
SIM2
SIM3
SIM4
1
21
22
SIM5
SIM1
SIM2
SIM3
SIM4
1
21
22
SIM5
SIM1
SIM2
SIM3
SIM4
1
21
22
SIM5
SIM1
SIM2
SIM3
SIM4
1
21
22
SIM5
SIM1
SIM2
SIM3
SIM4
1
21
22
SIM5
SIM1
SIM2
SIM3
SIM4
1
21
22
SIM5
SIM1
SIM2
SIM3
SIM4
1
21
22
SIM5
SIM1
SIM2
SIM3
SIM4
1
21
22
SIM5
SIM1
SIM2
SIM3
SIM4
1
21
22
SIM5
SIM1
SIM2
SIM3
SIM4
1
21
22
SIM5
SIM1
SIM2
SIM3
SIM4
1
21
22
SIM5
SIM1
SIM2
SIM3
SIM4
1
21
22
SIM5
SIM1
SIM2
SIM3
SIM4
1
21
22
SIM5
SIM1
SIM2
SIM3
SIM4
1
21
22
SIM5
SIM1
SIM2
SIM3
SIM4
1
21
22
SIM5
SIM1
SIM2
SIM3
SIM4
1
21
22
SIM5
SIM1
SIM2
SIM3
SIM4
1
21
22
SIM5
SIM1
SIM2
SIM3
SIM4
1
21
22
SIM5
SIM1
SIM2
SIM3
SIM4
1
21
22
SIM5
SIM1
SIM2
SIM3
SIM4
1
21
22
SIM5
SIM1
SIM2
SIM3
SIM4
1
21
22
SIM5
SIM1
SIM2
SIM3
SIM4
1
21
22
SIM5
SIM1
SIM2
SIM3
SIM4
1
21
22
SIM5
SIM1
SIM2
SIM3
SIM4
1
21
22
SIM5
SIM1
SIM2
SIM3
SIM4
1
21
22
SIM5
SIM1
SIM2
SIM3
SIM4
1
21
22
SIM5
SIM1
SIM2
SIM3
SIM4
1
21
22
SIM5
SIM1
SIM2
SIM3
SIM4
1
21
22
SIM5
SIM1
SIM2
SIM3
SIM4
1
21
22
SIM5
SIM1
SIM2
SIM3
SIM4
1
21
22
SIM5
SIM1
SIM2
SIM3
SIM4
1
21
22
SIM5
SIM1
SIM2
SIM3
SIM4
1
21
22
SIM5
SIM1
SIM2
SIM3
SIM4
1
21
22
SIM5
SIM1
SIM2
SIM3
SIM4
1
21
22
SIM5
SIM1
SIM2
SIM3
SIM4
1
21
22
SIM5
SIM1
SIM2
SIM3
SIM4
1
21
22
SIM5
SIM1
SIM2
SIM3
SIM4
1
21
22
SIM5
SIM1
SIM2
SIM3
SIM4
1
21
22
SIM5
SIM1
SIM2
SIM3
SIM4
1
21
22
SIM5
SIM1
SIM2
SIM3
SIM4
1
21
22
SIM5
SIM1
SIM2
SIM3
SIM4
1
21
22
SIM5
SIM1
SIM2
SIM3
SIM4
1
21
22
SIM5
SIM1
SIM2
SIM3
SIM4
1
21
22
SIM5
SIM1
SIM2
SIM3
SIM4
1
21
22
SIM5
SIM1
SIM2
SIM3
SIM4
1
21
22
SIM5
SIM1
SIM2
SIM3
SIM4
1
21
22
SIM5
SIM1
SIM2
SIM3
SIM4
1
21
22
SIM5
SIM1
SIM2
SIM3
SIM4
1
21
22
SIM5
SIM1
SIM2
SIM3
SIM4
1
21
22
SIM5
SIM1
SIM2
SIM3
SIM4
1
21
22
SIM5
SIM1
SIM2
SIM3
SIM4
1
21
22
SIM5
SIM1
SIM2
SIM3
SIM4
1
21
22
SIM5
SIM1
SIM2
SIM3
SIM4
1
21
22
SIM5
SIM1
SIM2
SIM3
SIM4
1
21
22
SIM5
SIM1
SIM2
SIM3
SIM4
1
21
22
SIM5
SIM1
SIM2
SIM3
SIM4
1
21
22
SIM5
SIM1
SIM2
SIM3
SIM4
1
21
22
SIM5
SIM1
SIM2
SIM3
SIM4
1
21
22
SIM5
SIM1
SIM2
SIM3
SIM4
1
21
22
SIM5
SIM1
SIM2
SIM3
SIM4
1
21
22
SIM5
SIM1
SIM2
SIM3
SIM4
1
21
22
SIM5
SIM1
SIM2
SIM3
SIM4
1
21
22
SIM5
SIM1
SIM2
SIM3
SIM4
1
21
22
SIM5
SIM1
SIM2
SIM3
SIM4
1
21
22
SIM5
SIM1
SIM2
SIM3
SIM4
1
21
22
SIM5
SIM1
SIM2
SIM3
SIM4
1
21
22
SIM5
SIM1
SIM2
SIM3
SIM4
1
21
22
SIM5
SIM1
SIM2
SIM3
SIM4
1
21
22
SIM5
SIM1
SIM2
SIM3
SIM4
1
21
22
SIM5
SIM1
SIM2
SIM3
SIM4
1
21
22
SIM5
SIM1
SIM2
SIM3
SIM4
1
21
22
SIM5
SIM1
SIM2
SIM3
SIM4
1
21
22
SIM5
SIM1
SIM2
SIM3
SIM4
1
21
22
SIM5
SIM1
SIM2
SIM3
SIM4
1
21
22
SIM5
SIM1
SIM2
SIM3
SIM4
1
21
22
SIM5
SIM1
SIM2
SIM3
SIM4
1
21
22
SIM5
SIM1
SIM2
SIM3
SIM4
1
21
22
SIM5
SIM1
SIM2
SIM3
SIM4
1
21
22
SIM5
SIM1
SIM2
SIM3
SIM4
1
21
22
SIM5
SIM1
SIM2
SIM3
SIM4
1
21
22
SIM5
SIM1
SIM2
SIM3
SIM4
1
21
22
SIM5
SIM1
SIM2
SIM3
SIM4
1
21
22
SIM5
SIM1
SIM2
SIM3
SIM4
1
21
22
SIM5
SIM1
SIM2
SIM3
SIM4
1
21
22
SIM5
SIM1
SIM2
SIM3
SIM4
1
21
22
SIM5
SIM1
SIM2
SIM3
SIM4
1
21
22
SIM5
SIM1
SIM2
SIM3
SIM4
1
21
22
SIM5
SIM1
SIM2
SIM3
SIM4
1
21
22
SIM5
SIM1
SIM2
SIM3
SIM4
1
21
22
SIM5
SIM1
SIM2
SIM3
SIM4
1
21
22
SIM5
SIM1
SIM2
SIM3
SIM4
1
21
22
SIM5
SIM1
SIM2
SIM3
SIM4
1
21
22
SIM5
SIM1
SIM2
SIM3
SIM4
1
21
22
SIM5
SIM1
SIM2
SIM3
SIM4
1
21
22
SIM5
SIM1
SIM2
SIM3
SIM4
1
21
22
SIM5
SIM1
SIM2
SIM3
SIM4
1
21
22
SIM5
SIM1
SIM2
SIM3
SIM4
1
21
22
SIM5
SIM1
SIM2
SIM3
SIM4
1
21
22
SIM5
SIM1
SIM2
SIM3
SIM4
1
21
22
SIM5
SIM1
SIM2
SIM3
SIM4
1
21
22
SIM5
SIM1
SIM2
SIM3
SIM4
1
21
22
SIM5
SIM1
SIM2
SIM3
SIM4
1
21
22
SIM5
SIM1
SIM2
SIM3
SIM4
1
21
22
SIM5
SIM1
SIM2
SIM3
SIM4
1
21
22
SIM5
SIM1
SIM2
SIM3
SIM4
1
21
22
SIM5
SIM1
SIM2
SIM3
SIM4
1
21
22
SIM5
SIM1
SIM2
SIM3
SIM4
1
21
22
SIM5
SIM1
SIM2
SIM3
SIM4
1
21
22
SIM5
SIM1
SIM2
SIM3
SIM4
1
21
22
SIM5
SIM1
SIM2
SIM3
SIM4
1
21
22
SIM5
SIM1
SIM2
SIM3
SIM4
1
21
22
SIM5
SIM1
SIM2
SIM3
SIM4
1
21
22
SIM5
SIM1
SIM2
SIM3
SIM4
1
21
22
SIM5
SIM1
SIM2
SIM3
SIM4
1
21
22
SIM5
SIM1
SIM2
SIM3
SIM4
1
21
22
SIM5
SIM1
SIM2
SIM3
SIM4
1
21
22
SIM5
SIM1
SIM2
SIM3
SIM4
1
21
22
SIM5
SIM1
SIM2
SIM3
SIM4
1
21
22
SIM5
SIM1
SIM2
SIM3
SIM4
1
21
22
SIM5
SIM1
SIM2
SIM3
SIM4
1
21
22
SIM5
SIM1
SIM2
SIM3
SIM4
1
21
22
SIM5
SIM1
SIM2
SIM3
SIM4
1
21
22
SIM5
SIM1
SIM2
SIM3
SIM4
1
21
22
SIM5
SIM1
SIM2
SIM3
SIM4
1
21
22
SIM5
SIM1
SIM2
SIM3
SIM4
1
21
22
SIM5
SIM1
SIM2
SIM3
SIM4
1
21
22
SIM5
SIM1
SIM2
SIM3
SIM4
1
21
22
SIM5
SIM1
SIM2
SIM3
SIM4
1
21
22
SIM5
SIM1
SIM2
SIM3
SIM4
1
21
22
SIM5
SIM1
SIM2
SIM3
SIM4
1
21
22
SIM5
SIM1
SIM2
SIM3
SIM4
1
21
22
SIM5
SIM1
SIM2
SIM3
SIM4
1
21
22
SIM5
SIM1
SIM2
SIM3
SIM4
1
21
22
SIM5
SIM1
SIM2
SIM3
SIM4
1
21
22
SIM5
SIM1
SIM2
SIM3
SIM4
1
21
22
SIM5
SIM1
SIM2
SIM3
SIM4
1
21
22
SIM5
SIM1
SIM2
SIM3
SIM4
1
21
22
SIM5
SIM1
SIM2
SIM3
SIM4
1
21
22
SIM5
SIM1
SIM2
SIM3
SIM4
1
21
22
SIM5
SIM1
SIM2
SIM3
SIM4
1
21
22
SIM5
SIM1
SIM2
SIM3
SIM4
1
21
22
SIM5
SIM1
SIM2
SIM3
SIM4
1
21
22
SIM5
SIM1
SIM2
SIM3
SIM4
1
21
22
SIM5
SIM1
SIM2
SIM3
SIM4
1
21
22
SIM5
SIM1
SIM2
SIM3
SIM4
1
21
22
SIM5
SIM1
SIM2
SIM3
SIM4
1
21
22
SIM5
SIM1
SIM2
SIM3
SIM4
1
21
22
SIM5
SIM1
SIM2
SIM3
SIM4
1
21
22
SIM5
SIM1
SIM2
SIM3
SIM4
1
21
22
SIM5
SIM1
SIM2
SIM3
SIM4
1
21
22
SIM5
SIM1
SIM2
SIM3
SIM4
1
21
22
SIM5
SIM1
SIM2
SIM3
SIM4
1
21
22
SIM5
SIM1
SIM2
SIM3
SIM4
1
21
22
SIM5
SIM1
SIM2
SIM3
SIM4
1
21
22
SIM5
SIM1
SIM2
SIM3
SIM4
1
21
22
SIM5
SIM1
SIM2
SIM3
SIM4
1
21
22
SIM5
SIM1
SIM2
SIM3
SIM4
1
21
22
SIM5
SIM1
SIM2
SIM3
SIM4
1
21
22
SIM5
SIM1
SIM2
SIM3
SIM4
1
21
22
SIM5
SIM1
SIM2
SIM3
SIM4
1
21
22
SIM5
SIM1
SIM2
SIM3
SIM4
1
21
22
SIM5
SIM1
SIM2
SIM3
SIM4
1
21
22
SIM5
SIM1
SIM2
SIM3
SIM4
1
21
22
SIM5
SIM1
SIM2
SIM3
SIM4
1
21
22
SIM5
SIM1
SIM2
SIM3
SIM4
1
21
22
SIM5
SIM1
SIM2
SIM3
SIM4
1
21
22
SIM5
SIM1
SIM2
SIM3
SIM4
1
21
22
SIM5
SIM1
SIM2
SIM3
SIM4
1
21
22
SIM5
SIM1
SIM2
SIM3
SIM4
1
21
22
SIM5
SIM1
SIM2
SIM3
SIM4
1
21
22
SIM5
SIM1
SIM2
SIM3
SIM4
1
21
22
SIM5
SIM1
SIM2
SIM3
SIM4
1
21
22
SIM5
SIM1
SIM2
SIM3
SIM4
1
21
22
SIM5
SIM1
SIM2
SIM3
SIM4
1
21
22
SIM5
SIM1
SIM2
SIM3
SIM4
1
21
22
SIM5
SIM1
SIM2
SIM3
SIM4
1
21
22
SIM5
SIM1
SIM2
SIM3
SIM4
1
21
22
SIM5
SIM1
SIM2
SIM3
SIM4
1
21
22
SIM5
SIM1
SIM2
SIM3
SIM4
1
21
22
SIM5
SIM1
SIM2
SIM3
SIM4
1
21
22
SIM5
SIM1
SIM2
SIM3
SIM4
1
21
22
SIM5
SIM1
SIM2
SIM3
SIM4
1
21
22
SIM5
SIM1
SIM2
SIM3
SIM4
1
21
22
SIM5
SIM1
SIM2
SIM3
SIM4
1
21
22
SIM5
SIM1
SIM2
SIM3
SIM4
1
21
22
SIM5
SIM1
SIM2
SIM3
SIM4
1
21
22
SIM5
SIM1
SIM2
SIM3
SIM4
1
21
22
SIM5
SIM1
SIM2
SIM3
SIM4
1
21
22
SIM5
SIM1
SIM2
DEBUG 1 56
SIM1
SIM2
SIM3
SIM4
1
21
22
SIM5
SIM1
SIM2
SIM3
SIM4
1
21
22
SIM5
SIM1
SIM2
SIM3
SIM4
1
21
22
SIM5
SIM1
SIM2
SIM3
SIM4
1
21
22
SIM5
SIM1
SIM2
SIM3
SIM4
1
21
22
SIM5
SIM1
SIM2
SIM3
SIM4
1
21
22
SIM5
SIM1
SIM2
SIM3
SIM4
1
21
22
SIM5
SIM1
SIM2
SIM3
SIM4
1
21
22
SIM5
SIM1
SIM2
SIM3
SIM4
1
21
22
SIM5
SIM1
SIM2
SIM3
SIM4
1
21
22
SIM5
SIM1
SIM2
SIM3
SIM4
1
21
22
SIM5
SIM1
SIM2
SIM3
SIM4
1
21
22
SIM5
SIM1
SIM2
SIM3
SIM4
1
21
22
SIM5
SIM1
SIM2
SIM3
SIM4
1
21
22
SIM5
SIM1
SIM2
SIM3
SIM4
1
21
22
SIM5
SIM1
SIM2
SIM3
SIM4
1
21
22
SIM5
SIM1
SIM2
SIM3
SIM4
1
21
22
SIM5
SIM1
SIM2
SIM3
SIM4
1
21
22
SIM5
SIM1
SIM2
SIM3
SIM4
1
21
22
SIM5
SIM1
SIM2
SIM3
SIM4
1
21
22
SIM5
SIM1
SIM2
SIM3
SIM4
1
21
22
SIM5
SIM1
SIM2
SIM3
SIM4
1
21
22
SIM5
SIM1
SIM2
SIM3
SIM4
1
21
22
SIM5
SIM1
SIM2
SIM3
SIM4
1
21
22
SIM5
SIM1
SIM2
SIM3
SIM4
1
21
22
SIM5
SIM1
SIM2
SIM3
SIM4
1
21
22
SIM5
SIM1
SIM2
SIM3
SIM4
1
21
22
SIM5
SIM1
SIM2
SIM3
SIM4
1
21
22
SIM5
SIM1
SIM2
SIM3
SIM4
1
21
22
SIM5
SIM1
SIM2
SIM3
SIM4
1
21
22
SIM5
SIM1
SIM2
SIM3
SIM4
1
21
22
SIM5
SIM1
SIM2
SIM3
SIM4
1
21
22
SIM5
SIM1
SIM2
SIM3
SIM4
1
21
22
SIM5
SIM1
SIM2
SIM3
SIM4
1
21
22
SIM5
SIM1
SIM2
SIM3
SIM4
1
21
22
SIM5
SIM1
SIM2
SIM3
SIM4
1
21
22
SIM5
SIM1
SIM2
SIM3
SIM4
1
21
22
SIM5
SIM1
SIM2
SIM3
SIM4
1
21
22
SIM5
SIM1
SIM2
SIM3
SIM4
1
21
22
SIM5
SIM1
SIM2
SIM3
SIM4
1
21
22
SIM5
SIM1
SIM2
SIM3
SIM4
1
21
22
SIM5
SIM1
SIM2
SIM3
SIM4
1
21
22
SIM5
SIM1
SIM2
SIM3
SIM4
1
21
22
SIM5
SIM1
SIM2
SIM3
SIM4
1
21
22
SIM5
SIM1
SIM2
SIM3
SIM4
1
21
22
SIM5
SIM1
SIM2
SIM3
SIM4
1
21
22
SIM5
SIM1
SIM2
SIM3
SIM4
1
21
22
SIM5
SIM1
SIM2
SIM3
SIM4
1
21
22
SIM5
SIM1
SIM2
SIM3
SIM4
1
21
22
SIM5
SIM1
SIM2
SIM3
SIM4
1
21
22
SIM5
SIM1
SIM2
SIM3
SIM4
1
21
22
SIM5
SIM1
SIM2
SIM3
SIM4
1
21
22
SIM5
SIM1
SIM2
SIM3
SIM4
1
21
22
SIM5
SIM1
SIM2
SIM3
SIM4
1
21
22
SIM5
SIM1
SIM2
SIM3
SIM4
1
21
22
SIM5
SIM1
SIM2
SIM3
SIM4
1
21
22
SIM5
SIM1
SIM2
SIM3
SIM4
1
21
22
SIM5
SIM1
SIM2
SIM3
SIM4
1
21
22
SIM5
SIM1
SIM2
SIM3
SIM4
1
21
22
SIM5
SIM1
SIM2
SIM3
SIM4
1
21
22
SIM5
SIM1
SIM2
SIM3
SIM4
1
21
22
SIM5
SIM1
SIM2
SIM3
SIM4
1
21
22
SIM5
SIM1
SIM2
SIM3
SIM4
1
21
22
SIM5
SIM1
SIM2
SIM3
SIM4
1
21
22
SIM5
SIM1
SIM2
SIM3
SIM4
1
21
22
SIM5
SIM1
SIM2
SIM3
SIM4
1
21
22
SIM5
SIM1
SIM2
SIM3
SIM4
1
21
22
SIM5
SIM1
SIM2
SIM3
SIM4
1
21
22
SIM5
SIM1
SIM2
SIM3
SIM4
1
21
22
SIM5
SIM1
SIM2
SIM3
SIM4
1
21
22
SIM5
SIM1
SIM2
SIM3
SIM4
1
21
22
SIM5
SIM1
SIM2
SIM3
SIM4
1
21
22
SIM5
SIM1
SIM2
SIM3
SIM4
1
21
22
SIM5
SIM1
SIM2
SIM3
SIM4
1
21
22
SIM5
SIM1
SIM2
SIM3
SIM4
1
21
22
SIM5
SIM1
SIM2
SIM3
SIM4
1
21
22
SIM5
SIM1
SIM2
SIM3
SIM4
1
21
22
SIM5
SIM1
SIM2
SIM3
SIM4
1
21
22
SIM5
SIM1
SIM2
SIM3
SIM4
1
21
22
SIM5
SIM1
SIM2
SIM3
SIM4
1
21
22
SIM5
SIM1
SIM2
SIM3
SIM4
1
21
22
SIM5
SIM1
SIM2
SIM3
SIM4
1
21
22
SIM5
SIM1
SIM2
SIM3
SIM4
1
21
22
SIM5
SIM1
SIM2
SIM3
SIM4
1
21
22
SIM5
SIM1
SIM2
SIM3
SIM4
1
21
22
SIM5
SIM1
SIM2
SIM3
SIM4
1
21
22
SIM5
SIM1
SIM2
SIM3
SIM4
1
21
22
SIM5
SIM1
SIM2
SIM3
SIM4
1
21
22
SIM5
SIM1
SIM2
SIM3
SIM4
1
21
22
SIM5
SIM1
SIM2
SIM3
SIM4
1
21
22
SIM5
SIM1
SIM2
SIM3
SIM4
1
21
22
SIM5
SIM1
SIM2
SIM3
SIM4
1
21
22
SIM5
SIM1
SIM2
SIM3
SIM4
1
21
22
SIM5
SIM1
SIM2
SIM3
SIM4
1
21
22
SIM5
SIM1
SIM2
SIM3
SIM4
1
21
22
SIM5
SIM1
SIM2
SIM3
SIM4
1
21
22
SIM5
SIM1
SIM2
SIM3
SIM4
1
21
22
SIM5
SIM1
SIM2
SIM3
SIM4
1
21
22
SIM5
SIM1
SIM2
SIM3
SIM4
1
21
22
SIM5
SIM1
SIM2
SIM3
SIM4
1
21
22
SIM5
SIM1
SIM2
SIM3
SIM4
1
21
22
SIM5
SIM1
SIM2
SIM3
SIM4
1
21
22
SIM5
SIM1
SIM2
SIM3
SIM4
1
21
22
SIM5
SIM1
SIM2
SIM3
SIM4
1
21
22
SIM5
SIM1
SIM2
SIM3
SIM4
1
21
22
SIM5
SIM1
SIM2
SIM3
SIM4
1
21
22
SIM5
SIM1
SIM2
SIM3
SIM4
1
21
22
SIM5
SIM1
SIM2
SIM3
SIM4
1
21
22
SIM5
SIM1
SIM2
SIM3
SIM4
1
21
22
SIM5
SIM1
SIM2
SIM3
SIM4
1
21
22
SIM5
SIM1
SIM2
SIM3
SIM4
1
21
22
SIM5
SIM1
SIM2
SIM3
SIM4
1
21
22
SIM5
SIM1
SIM2
SIM3
SIM4
1
21
22
SIM5
SIM1
SIM2
SIM3
SIM4
1
21
22
SIM5
SIM1
SIM2
SIM3
SIM4
1
21
22
SIM5
SIM1
SIM2
SIM3
SIM4
1
21
22
SIM5
SIM1
SIM2
SIM3
SIM4
1
21
22
SIM5
SIM1
SIM2
SIM3
SIM4
1
21
22
SIM5
SIM1
SIM2
SIM3
SIM4
1
21
22
SIM5
SIM1
SIM2
SIM3
SIM4
1
21
22
SIM5
SIM1
SIM2
SIM3
SIM4
1
21
22
SIM5
SIM1
SIM2
SIM3
SIM4
1
21
22
SIM5
SIM1
SIM2
SIM3
SIM4
1
21
22
SIM5
SIM1
SIM2
SIM3
SIM4
1
21
22
SIM5
SIM1
SIM2
SIM3
SIM4
1
21
22
SIM5
SIM1
SIM2
SIM3
SIM4
1
21
22
SIM5
SIM1
SIM2
SIM3
SIM4
1
21
22
SIM5
SIM1
SIM2
SIM3
SIM4
1
21
22
SIM5
SIM1
SIM2
SIM3
SIM4
1
21
22
SIM5
SIM1
SIM2
SIM3
SIM4
1
21
22
SIM5
SIM1
SIM2
SIM3
SIM4
1
21
22
SIM5
SIM1
SIM2
SIM3
SIM4
1
21
22
SIM5
SIM1
SIM2
SIM3
SIM4
1
21
22
SIM5
SIM1
SIM2
SIM3
SIM4
1
21
22
SIM5
SIM1
SIM2
SIM3
SIM4
1
21
22
SIM5
SIM1
SIM2
SIM3
SIM4
1
21
22
SIM5
SIM1
SIM2
SIM3
SIM4
1
21
22
SIM5
SIM1
SIM2
SIM3
SIM4
1
21
22
SIM5
SIM1
SIM2
SIM3
SIM4
1
21
22
SIM5
SIM1
SIM2
SIM3
SIM4
1
21
22
SIM5
SIM1
SIM2
SIM3
SIM4
1
21
22
SIM5
SIM1
SIM2
SIM3
SIM4
1
21
22
SIM5
SIM1
SIM2
SIM3
SIM4
1
21
22
SIM5
SIM1
SIM2
SIM3
SIM4
1
21
22
SIM5
SIM1
SIM2
SIM3
SIM4
1
21
22
SIM5
SIM1
SIM2
SIM3
SIM4
1
21
22
SIM5
SIM1
SIM2
SIM3
SIM4
1
21
22
SIM5
SIM1
SIM2
SIM3
SIM4
1
21
22
SIM5
SIM1
SIM2
SIM3
SIM4
1
21
22
SIM5
SIM1
SIM2
SIM3
SIM4
1
21
22
SIM5
SIM1
SIM2
SIM3
SIM4
1
21
22
SIM5
SIM1
SIM2
SIM3
SIM4
1
21
22
SIM5
SIM1
SIM2
SIM3
SIM4
1
21
22
SIM5
SIM1
SIM2
SIM3
SIM4
1
21
22
SIM5
SIM1
SIM2
SIM3
SIM4
1
21
22
SIM5
SIM1
SIM2
SIM3
SIM4
1
21
22
SIM5
SIM1
SIM2
SIM3
SIM4
1
21
22
SIM5
SIM1
SIM2
SIM3
SIM4
1
21
22
SIM5
SIM1
SIM2
SIM3
SIM4
1
21
22
SIM5
SIM1
SIM2
SIM3
SIM4
1
21
22
SIM5
SIM1
SIM2
SIM3
SIM4
1
21
22
SIM5
SIM1
SIM2
SIM3
SIM4
1
21
22
SIM5
SIM1
SIM2
SIM3
SIM4
1
21
22
SIM5
SIM1
SIM2
SIM3
SIM4
1
21
22
SIM5
SIM1
SIM2
SIM3
SIM4
1
21
22
SIM5
SIM1
SIM2
SIM3
SIM4
1
21
22
SIM5
SIM1
SIM2
SIM3
SIM4
1
21
22
SIM5
SIM1
SIM2
SIM3
SIM4
1
21
22
SIM5
SIM1
SIM2
SIM3
SIM4
1
21
22
SIM5
SIM1
SIM2
SIM3
SIM4
1
21
22
SIM5
SIM1
SIM2
SIM3
SIM4
1
21
22
SIM5
SIM1
SIM2
SIM3
SIM4
1
21
22
SIM5
SIM1
SIM2
SIM3
SIM4
1
21
22
SIM5
SIM1
SIM2
SIM3
SIM4
1
21
22
SIM5
SIM1
SIM2
SIM3
SIM4
1
21
22
SIM5
SIM1
SIM2
SIM3
SIM4
1
21
22
SIM5
SIM1
SIM2
SIM3
SIM4
1
21
22
SIM5
SIM1
SIM2
SIM3
SIM4
1
21
22
SIM5
SIM1
SIM2
SIM3
SIM4
1
21
22
SIM5
SIM1
SIM2
SIM3
SIM4
1
21
22
SIM5
SIM1
SIM2
SIM3
SIM4
1
21
22
SIM5
SIM1
SIM2
SIM3
SIM4
1
21
22
SIM5
SIM1
SIM2
SIM3
SIM4
1
21
22
SIM5
SIM1
SIM2
SIM3
SIM4
1
21
22
SIM5
SIM1
SIM2
SIM3
SIM4
1
21
22
SIM5
SIM1
SIM2
SIM3
SIM4
1
21
22
SIM5
SIM1
SIM2
DEBUG 1 57
SIM1
SIM2
SIM3
SIM4
1
21
22
SIM5
SIM1
SIM2
SIM3
SIM4
1
21
22
SIM5
SIM1
SIM2
SIM3
SIM4
1
21
22
SIM5
SIM1
SIM2
SIM3
SIM4
1
21
22
SIM5
SIM1
SIM2
SIM3
SIM4
1
21
22
SIM5
SIM1
SIM2
SIM3
SIM4
1
21
22
SIM5
SIM1
SIM2
SIM3
SIM4
1
21
22
SIM5
SIM1
SIM2
SIM3
SIM4
1
21
22
SIM5
SIM1
SIM2
SIM3
SIM4
1
21
22
SIM5
SIM1
SIM2
SIM3
SIM4
1
21
22
SIM5
SIM1
SIM2
SIM3
SIM4
1
21
22
SIM5
SIM1
SIM2
SIM3
SIM4
1
21
22
SIM5
SIM1
SIM2
SIM3
SIM4
1
21
22
SIM5
SIM1
SIM2
SIM3
SIM4
1
21
22
SIM5
SIM1
SIM2
SIM3
SIM4
1
21
22
SIM5
SIM1
SIM2
SIM3
SIM4
1
21
22
SIM5
SIM1
SIM2
SIM3
SIM4
1
21
22
SIM5
SIM1
SIM2
SIM3
SIM4
1
21
22
SIM5
SIM1
SIM2
SIM3
SIM4
1
21
22
SIM5
SIM1
SIM2
SIM3
SIM4
1
21
22
SIM5
SIM1
SIM2
SIM3
SIM4
1
21
22
SIM5
SIM1
SIM2
SIM3
SIM4
1
21
22
SIM5
SIM1
SIM2
SIM3
SIM4
1
21
22
SIM5
SIM1
SIM2
SIM3
SIM4
1
21
22
SIM5
SIM1
SIM2
SIM3
SIM4
1
21
22
SIM5
SIM1
SIM2
SIM3
SIM4
1
21
22
SIM5
SIM1
SIM2
SIM3
SIM4
1
21
22
SIM5
SIM1
SIM2
SIM3
SIM4
1
21
22
SIM5
SIM1
SIM2
SIM3
SIM4
1
21
22
SIM5
SIM1
SIM2
SIM3
SIM4
1
21
22
SIM5
SIM1
SIM2
SIM3
SIM4
1
21
22
SIM5
SIM1
SIM2
SIM3
SIM4
1
21
22
SIM5
SIM1
SIM2
SIM3
SIM4
1
21
22
SIM5
SIM1
SIM2
SIM3
SIM4
1
21
22
SIM5
SIM1
SIM2
SIM3
SIM4
1
21
22
SIM5
SIM1
SIM2
SIM3
SIM4
1
21
22
SIM5
SIM1
SIM2
SIM3
SIM4
1
21
22
SIM5
SIM1
SIM2
SIM3
SIM4
1
21
22
SIM5
SIM1
SIM2
SIM3
SIM4
1
21
22
SIM5
SIM1
SIM2
SIM3
SIM4
1
21
22
SIM5
SIM1
SIM2
SIM3
SIM4
1
21
22
SIM5
SIM1
SIM2
SIM3
SIM4
1
21
22
SIM5
SIM1
SIM2
SIM3
SIM4
1
21
22
SIM5
SIM1
SIM2
SIM3
SIM4
1
21
22
SIM5
SIM1
SIM2
SIM3
SIM4
1
21
22
SIM5
SIM1
SIM2
SIM3
SIM4
1
21
22
SIM5
SIM1
SIM2
SIM3
SIM4
1
21
22
SIM5
SIM1
SIM2
SIM3
SIM4
1
21
22
SIM5
SIM1
SIM2
SIM3
SIM4
1
21
22
SIM5
SIM1
SIM2
SIM3
SIM4
1
21
22
SIM5
SIM1
SIM2
SIM3
SIM4
1
21
22
SIM5
SIM1
SIM2
SIM3
SIM4
1
21
22
SIM5
SIM1
SIM2
SIM3
SIM4
1
21
22
SIM5
SIM1
SIM2
SIM3
SIM4
1
21
22
SIM5
SIM1
SIM2
SIM3
SIM4
1
21
22
SIM5
SIM1
SIM2
SIM3
SIM4
1
21
22
SIM5
SIM1
SIM2
SIM3
SIM4
1
21
22
SIM5
SIM1
SIM2
SIM3
SIM4
1
21
22
SIM5
SIM1
SIM2
SIM3
SIM4
1
21
22
SIM5
SIM1
SIM2
SIM3
SIM4
1
21
22
SIM5
SIM1
SIM2
SIM3
SIM4
1
21
22
SIM5
SIM1
SIM2
SIM3
SIM4
1
21
22
SIM5
SIM1
SIM2
SIM3
SIM4
1
21
22
SIM5
SIM1
SIM2
SIM3
SIM4
1
21
22
SIM5
SIM1
SIM2
SIM3
SIM4
1
21
22
SIM5
SIM1
SIM2
SIM3
SIM4
1
21
22
SIM5
SIM1
SIM2
SIM3
SIM4
1
21
22
SIM5
SIM1
SIM2
SIM3
SIM4
1
21
22
SIM5
SIM1
SIM2
SIM3
SIM4
1
21
22
SIM5
SIM1
SIM2
SIM3
SIM4
1
21
22
SIM5
SIM1
SIM2
SIM3
SIM4
1
21
22
SIM5
SIM1
SIM2
SIM3
SIM4
1
21
22
SIM5
SIM1
SIM2
SIM3
SIM4
1
21
22
SIM5
SIM1
SIM2
SIM3
SIM4
1
21
22
SIM5
SIM1
SIM2
SIM3
SIM4
1
21
22
SIM5
SIM1
SIM2
SIM3
SIM4
1
21
22
SIM5
SIM1
SIM2
SIM3
SIM4
1
21
22
SIM5
SIM1
SIM2
SIM3
SIM4
1
21
22
SIM5
SIM1
SIM2
SIM3
SIM4
1
21
22
SIM5
SIM1
SIM2
SIM3
SIM4
1
21
22
SIM5
SIM1
SIM2
SIM3
SIM4
1
21
22
SIM5
SIM1
SIM2
SIM3
SIM4
1
21
22
SIM5
SIM1
SIM2
SIM3
SIM4
1
21
22
SIM5
SIM1
SIM2
SIM3
SIM4
1
21
22
SIM5
SIM1
SIM2
SIM3
SIM4
1
21
22
SIM5
SIM1
SIM2
SIM3
SIM4
1
21
22
SIM5
SIM1
SIM2
SIM3
SIM4
1
21
22
SIM5
SIM1
SIM2
SIM3
SIM4
1
21
22
SIM5
SIM1
SIM2
SIM3
SIM4
1
21
22
SIM5
SIM1
SIM2
SIM3
SIM4
1
21
22
SIM5
SIM1
SIM2
SIM3
SIM4
1
21
22
SIM5
SIM1
SIM2
SIM3
SIM4
1
21
22
SIM5
SIM1
SIM2
SIM3
SIM4
1
21
22
SIM5
SIM1
SIM2
SIM3
SIM4
1
21
22
SIM5
SIM1
SIM2
SIM3
SIM4
1
21
22
SIM5
SIM1
SIM2
SIM3
SIM4
1
21
22
SIM5
SIM1
SIM2
SIM3
SIM4
1
21
22
SIM5
SIM1
SIM2
SIM3
SIM4
1
21
22
SIM5
SIM1
SIM2
SIM3
SIM4
1
21
22
SIM5
SIM1
SIM2
SIM3
SIM4
1
21
22
SIM5
SIM1
SIM2
SIM3
SIM4
1
21
22
SIM5
SIM1
SIM2
SIM3
SIM4
1
21
22
SIM5
SIM1
SIM2
SIM3
SIM4
1
21
22
SIM5
SIM1
SIM2
SIM3
SIM4
1
21
22
SIM5
SIM1
SIM2
SIM3
SIM4
1
21
22
SIM5
SIM1
SIM2
SIM3
SIM4
1
21
22
SIM5
SIM1
SIM2
SIM3
SIM4
1
21
22
SIM5
SIM1
SIM2
SIM3
SIM4
1
21
22
SIM5
SIM1
SIM2
SIM3
SIM4
1
21
22
SIM5
SIM1
SIM2
SIM3
SIM4
1
21
22
SIM5
SIM1
SIM2
SIM3
SIM4
1
21
22
SIM5
SIM1
SIM2
SIM3
SIM4
1
21
22
SIM5
SIM1
SIM2
SIM3
SIM4
1
21
22
SIM5
SIM1
SIM2
SIM3
SIM4
1
21
22
SIM5
SIM1
SIM2
SIM3
SIM4
1
21
22
SIM5
SIM1
SIM2
SIM3
SIM4
1
21
22
SIM5
SIM1
SIM2
SIM3
SIM4
1
21
22
SIM5
SIM1
SIM2
SIM3
SIM4
1
21
22
SIM5
SIM1
SIM2
SIM3
SIM4
1
21
22
SIM5
SIM1
SIM2
SIM3
SIM4
1
21
22
SIM5
SIM1
SIM2
SIM3
SIM4
1
21
22
SIM5
SIM1
SIM2
SIM3
SIM4
1
21
22
SIM5
SIM1
SIM2
SIM3
SIM4
1
21
22
SIM5
SIM1
SIM2
SIM3
SIM4
1
21
22
SIM5
SIM1
SIM2
SIM3
SIM4
1
21
22
SIM5
SIM1
SIM2
SIM3
SIM4
1
21
22
SIM5
SIM1
SIM2
SIM3
SIM4
1
21
22
SIM5
SIM1
SIM2
SIM3
SIM4
1
21
22
SIM5
SIM1
SIM2
SIM3
SIM4
1
21
22
SIM5
SIM1
SIM2
SIM3
SIM4
1
21
22
SIM5
SIM1
SIM2
SIM3
SIM4
1
21
22
SIM5
SIM1
SIM2
SIM3
SIM4
1
21
22
SIM5
SIM1
SIM2
SIM3
SIM4
1
21
22
SIM5
SIM1
SIM2
SIM3
SIM4
1
21
22
SIM5
SIM1
SIM2
SIM3
SIM4
1
21
22
SIM5
SIM1
SIM2
SIM3
SIM4
1
21
22
SIM5
SIM1
SIM2
SIM3
SIM4
1
21
22
SIM5
SIM1
SIM2
SIM3
SIM4
1
21
22
SIM5
SIM1
SIM2
SIM3
SIM4
1
21
22
SIM5
SIM1
SIM2
SIM3
SIM4
1
21
22
SIM5
SIM1
SIM2
SIM3
SIM4
1
21
22
SIM5
SIM1
SIM2
SIM3
SIM4
1
21
22
SIM5
SIM1
SIM2
SIM3
SIM4
1
21
22
SIM5
SIM1
SIM2
SIM3
SIM4
1
21
22
SIM5
SIM1
SIM2
SIM3
SIM4
1
21
22
SIM5
SIM1
SIM2
SIM3
SIM4
1
21
22
SIM5
SIM1
SIM2
SIM3
SIM4
1
21
22
SIM5
SIM1
SIM2
SIM3
SIM4
1
21
22
SIM5
SIM1
SIM2
SIM3
SIM4
1
21
22
SIM5
SIM1
SIM2
SIM3
SIM4
1
21
22
SIM5
SIM1
SIM2
SIM3
SIM4
1
21
22
SIM5
SIM1
SIM2
SIM3
SIM4
1
21
22
SIM5
SIM1
SIM2
SIM3
SIM4
1
21
22
SIM5
SIM1
SIM2
SIM3
SIM4
1
21
22
SIM5
SIM1
SIM2
SIM3
SIM4
1
21
22
SIM5
SIM1
SIM2
SIM3
SIM4
1
21
22
SIM5
SIM1
SIM2
SIM3
SIM4
1
21
22
SIM5
SIM1
SIM2
SIM3
SIM4
1
21
22
SIM5
SIM1
SIM2
SIM3
SIM4
1
21
22
SIM5
SIM1
SIM2
SIM3
SIM4
1
21
22
SIM5
SIM1
SIM2
SIM3
SIM4
1
21
22
SIM5
SIM1
SIM2
SIM3
SIM4
1
21
22
SIM5
SIM1
SIM2
SIM3
SIM4
1
21
22
SIM5
SIM1
SIM2
SIM3
SIM4
1
21
22
SIM5
SIM1
SIM2
SIM3
SIM4
1
21
22
SIM5
SIM1
SIM2
SIM3
SIM4
1
21
22
SIM5
SIM1
SIM2
SIM3
SIM4
1
21
22
SIM5
SIM1
SIM2
SIM3
SIM4
1
21
22
SIM5
SIM1
SIM2
SIM3
SIM4
1
21
22
SIM5
SIM1
SIM2
SIM3
SIM4
1
21
22
SIM5
SIM1
SIM2
SIM3
SIM4
1
21
22
SIM5
SIM1
SIM2
SIM3
SIM4
1
21
22
SIM5
SIM1
SIM2
SIM3
SIM4
1
21
22
SIM5
SIM1
SIM2
SIM3
SIM4
1
21
22
SIM5
SIM1
SIM2
SIM3
SIM4
1
21
22
SIM5
SIM1
SIM2
SIM3
SIM4
1
21
22
SIM5
SIM1
SIM2
SIM3
SIM4
1
21
22
SIM5
SIM1
SIM2
SIM3
SIM4
1
21
22
SIM5
SIM1
SIM2
SIM3
SIM4
1
21
22
SIM5
SIM1
SIM2
SIM3
SIM4
1
21
22
SIM5
SIM1
SIM2
SIM3
SIM4
1
21
22
SIM5
SIM1
SIM2
SIM3
SIM4
1
21
22
SIM5
SIM1
SIM2
SIM3
SIM4
1
21
22
SIM5
SIM1
SIM2
SIM3
SIM4
1
21
22
SIM5
SIM1
SIM2
SIM3
SIM4
1
21
22
SIM5
SIM1
SIM2
SIM3
SIM4
1
21
22
SIM5
SIM1
SIM2
SIM3
SIM4
1
21
22
SIM5
SIM1
SIM2
SIM3
SIM4
1
21
22
SIM5
SIM1
SIM2
SIM3
SIM4
1
21
22
SIM5
SIM1
SIM2
SIM3
SIM4
1
21
22
SIM5
SIM1
SIM2
SIM3
SIM4
1
21
22
SIM5
SIM1
SIM2
SIM3
SIM4
1
21
22
SIM5
SIM1
SIM2
SIM3
SIM4
1
21
22
SIM5
SIM1
SIM2
SIM3
SIM4
1
21
22
SIM5
SIM1
SIM2
SIM3
SIM4
1
21
22
SIM5
SIM1
SIM2
SIM3
SIM4
1
21
22
SIM5
SIM1
SIM2
SIM3
SIM4
1
21
22
SIM5
SIM1
SIM2
SIM3
SIM4
1
21
22
SIM5
SIM1
SIM2
SIM3
SIM4
1
21
22
SIM5
SIM1
SIM2
DEBUG 1 58
SIM1
SIM2
SIM3
SIM4
1
21
22
SIM5
SIM1
SIM2
SIM3
SIM4
1
21
22
SIM5
SIM1
SIM2
SIM3
SIM4
1
21
22
SIM5
SIM1
SIM2
SIM3
SIM4
1
21
22
SIM5
SIM1
SIM2
SIM3
SIM4
1
21
22
SIM5
SIM1
SIM2
SIM3
SIM4
1
21
22
SIM5
SIM1
SIM2
SIM3
SIM4
1
21
22
SIM5
SIM1
SIM2
SIM3
SIM4
1
21
22
SIM5
SIM1
SIM2
SIM3
SIM4
1
21
22
SIM5
SIM1
SIM2
SIM3
SIM4
1
21
22
SIM5
SIM1
SIM2
SIM3
SIM4
1
21
22
SIM5
SIM1
SIM2
SIM3
SIM4
1
21
22
SIM5
SIM1
SIM2
SIM3
SIM4
1
21
22
SIM5
SIM1
SIM2
SIM3
SIM4
1
21
22
SIM5
SIM1
SIM2
SIM3
SIM4
1
21
22
SIM5
SIM1
SIM2
SIM3
SIM4
1
21
22
SIM5
SIM1
SIM2
SIM3
SIM4
1
21
22
SIM5
SIM1
SIM2
SIM3
SIM4
1
21
22
SIM5
SIM1
SIM2
SIM3
SIM4
1
21
22
SIM5
SIM1
SIM2
SIM3
SIM4
1
21
22
SIM5
SIM1
SIM2
SIM3
SIM4
1
21
22
SIM5
SIM1
SIM2
SIM3
SIM4
1
21
22
SIM5
SIM1
SIM2
SIM3
SIM4
1
21
22
SIM5
SIM1
SIM2
SIM3
SIM4
1
21
22
SIM5
SIM1
SIM2
SIM3
SIM4
1
21
22
SIM5
SIM1
SIM2
SIM3
SIM4
1
21
22
SIM5
SIM1
SIM2
SIM3
SIM4
1
21
22
SIM5
SIM1
SIM2
SIM3
SIM4
1
21
22
SIM5
SIM1
SIM2
SIM3
SIM4
1
21
22
SIM5
SIM1
SIM2
SIM3
SIM4
1
21
22
SIM5
SIM1
SIM2
SIM3
SIM4
1
21
22
SIM5
SIM1
SIM2
SIM3
SIM4
1
21
22
SIM5
SIM1
SIM2
SIM3
SIM4
1
21
22
SIM5
SIM1
SIM2
SIM3
SIM4
1
21
22
SIM5
SIM1
SIM2
SIM3
SIM4
1
21
22
SIM5
SIM1
SIM2
SIM3
SIM4
1
21
22
SIM5
SIM1
SIM2
SIM3
SIM4
1
21
22
SIM5
SIM1
SIM2
SIM3
SIM4
1
21
22
SIM5
SIM1
SIM2
SIM3
SIM4
1
21
22
SIM5
SIM1
SIM2
SIM3
SIM4
1
21
22
SIM5
SIM1
SIM2
SIM3
SIM4
1
21
22
SIM5
SIM1
SIM2
SIM3
SIM4
1
21
22
SIM5
SIM1
SIM2
SIM3
SIM4
1
21
22
SIM5
SIM1
SIM2
SIM3
SIM4
1
21
22
SIM5
SIM1
SIM2
SIM3
SIM4
1
21
22
SIM5
SIM1
SIM2
SIM3
SIM4
1
21
22
SIM5
SIM1
SIM2
SIM3
SIM4
1
21
22
SIM5
SIM1
SIM2
SIM3
SIM4
1
21
22
SIM5
SIM1
SIM2
SIM3
SIM4
1
21
22
SIM5
SIM1
SIM2
SIM3
SIM4
1
21
22
SIM5
SIM1
SIM2
SIM3
SIM4
1
21
22
SIM5
SIM1
SIM2
SIM3
SIM4
1
21
22
SIM5
SIM1
SIM2
SIM3
SIM4
1
21
22
SIM5
SIM1
SIM2
SIM3
SIM4
1
21
22
SIM5
SIM1
SIM2
SIM3
SIM4
1
21
22
SIM5
SIM1
SIM2
SIM3
SIM4
1
21
22
SIM5
SIM1
SIM2
SIM3
SIM4
1
21
22
SIM5
SIM1
SIM2
SIM3
SIM4
1
21
22
SIM5
SIM1
SIM2
SIM3
SIM4
1
21
22
SIM5
SIM1
SIM2
SIM3
SIM4
1
21
22
SIM5
SIM1
SIM2
SIM3
SIM4
1
21
22
SIM5
SIM1
SIM2
SIM3
SIM4
1
21
22
SIM5
SIM1
SIM2
SIM3
SIM4
1
21
22
SIM5
SIM1
SIM2
SIM3
SIM4
1
21
22
SIM5
SIM1
SIM2
SIM3
SIM4
1
21
22
SIM5
SIM1
SIM2
SIM3
SIM4
1
21
22
SIM5
SIM1
SIM2
SIM3
SIM4
1
21
22
SIM5
SIM1
SIM2
SIM3
SIM4
1
21
22
SIM5
SIM1
SIM2
SIM3
SIM4
1
21
22
SIM5
SIM1
SIM2
SIM3
SIM4
1
21
22
SIM5
SIM1
SIM2
SIM3
SIM4
1
21
22
SIM5
SIM1
SIM2
SIM3
SIM4
1
21
22
SIM5
SIM1
SIM2
SIM3
SIM4
1
21
22
SIM5
SIM1
SIM2
SIM3
SIM4
1
21
22
SIM5
SIM1
SIM2
SIM3
SIM4
1
21
22
SIM5
SIM1
SIM2
SIM3
SIM4
1
21
22
SIM5
SIM1
SIM2
SIM3
SIM4
1
21
22
SIM5
SIM1
SIM2
SIM3
SIM4
1
21
22
SIM5
SIM1
SIM2
SIM3
SIM4
1
21
22
SIM5
SIM1
SIM2
SIM3
SIM4
1
21
22
SIM5
SIM1
SIM2
SIM3
SIM4
1
21
22
SIM5
SIM1
SIM2
SIM3
SIM4
1
21
22
SIM5
SIM1
SIM2
SIM3
SIM4
1
21
22
SIM5
SIM1
SIM2
SIM3
SIM4
1
21
22
SIM5
SIM1
SIM2
SIM3
SIM4
1
21
22
SIM5
SIM1
SIM2
SIM3
SIM4
1
21
22
SIM5
SIM1
SIM2
SIM3
SIM4
1
21
22
SIM5
SIM1
SIM2
SIM3
SIM4
1
21
22
SIM5
SIM1
SIM2
SIM3
SIM4
1
21
22
SIM5
SIM1
SIM2
SIM3
SIM4
1
21
22
SIM5
SIM1
SIM2
SIM3
SIM4
1
21
22
SIM5
SIM1
SIM2
SIM3
SIM4
1
21
22
SIM5
SIM1
SIM2
SIM3
SIM4
1
21
22
SIM5
SIM1
SIM2
SIM3
SIM4
1
21
22
SIM5
SIM1
SIM2
SIM3
SIM4
1
21
22
SIM5
SIM1
SIM2
SIM3
SIM4
1
21
22
SIM5
SIM1
SIM2
SIM3
SIM4
1
21
22
SIM5
SIM1
SIM2
SIM3
SIM4
1
21
22
SIM5
SIM1
SIM2
SIM3
SIM4
1
21
22
SIM5
SIM1
SIM2
SIM3
SIM4
1
21
22
SIM5
SIM1
SIM2
SIM3
SIM4
1
21
22
SIM5
SIM1
SIM2
SIM3
SIM4
1
21
22
SIM5
SIM1
SIM2
SIM3
SIM4
1
21
22
SIM5
SIM1
SIM2
SIM3
SIM4
1
21
22
SIM5
SIM1
SIM2
SIM3
SIM4
1
21
22
SIM5
SIM1
SIM2
SIM3
SIM4
1
21
22
SIM5
SIM1
SIM2
SIM3
SIM4
1
21
22
SIM5
SIM1
SIM2
SIM3
SIM4
1
21
22
SIM5
SIM1
SIM2
SIM3
SIM4
1
21
22
SIM5
SIM1
SIM2
SIM3
SIM4
1
21
22
SIM5
SIM1
SIM2
SIM3
SIM4
1
21
22
SIM5
SIM1
SIM2
SIM3
SIM4
1
21
22
SIM5
SIM1
SIM2
SIM3
SIM4
1
21
22
SIM5
SIM1
SIM2
SIM3
SIM4
1
21
22
SIM5
SIM1
SIM2
SIM3
SIM4
1
21
22
SIM5
SIM1
SIM2
SIM3
SIM4
1
21
22
SIM5
SIM1
SIM2
SIM3
SIM4
1
21
22
SIM5
SIM1
SIM2
SIM3
SIM4
1
21
22
SIM5
SIM1
SIM2
SIM3
SIM4
1
21
22
SIM5
SIM1
SIM2
SIM3
SIM4
1
21
22
SIM5
SIM1
SIM2
SIM3
SIM4
1
21
22
SIM5
SIM1
SIM2
SIM3
SIM4
1
21
22
SIM5
SIM1
SIM2
SIM3
SIM4
1
21
22
SIM5
SIM1
SIM2
SIM3
SIM4
1
21
22
SIM5
SIM1
SIM2
SIM3
SIM4
1
21
22
SIM5
SIM1
SIM2
SIM3
SIM4
1
21
22
SIM5
SIM1
SIM2
SIM3
SIM4
1
21
22
SIM5
SIM1
SIM2
SIM3
SIM4
1
21
22
SIM5
SIM1
SIM2
SIM3
SIM4
1
21
22
SIM5
SIM1
SIM2
SIM3
SIM4
1
21
22
SIM5
SIM1
SIM2
SIM3
SIM4
1
21
22
SIM5
SIM1
SIM2
SIM3
SIM4
1
21
22
SIM5
SIM1
SIM2
SIM3
SIM4
1
21
22
SIM5
SIM1
SIM2
SIM3
SIM4
1
21
22
SIM5
SIM1
SIM2
SIM3
SIM4
1
21
22
SIM5
SIM1
SIM2
SIM3
SIM4
1
21
22
SIM5
SIM1
SIM2
SIM3
SIM4
1
21
22
SIM5
SIM1
SIM2
SIM3
SIM4
1
21
22
SIM5
SIM1
SIM2
SIM3
SIM4
1
21
22
SIM5
SIM1
SIM2
SIM3
SIM4
1
21
22
SIM5
SIM1
SIM2
SIM3
SIM4
1
21
22
SIM5
SIM1
SIM2
SIM3
SIM4
1
21
22
SIM5
SIM1
SIM2
SIM3
SIM4
1
21
22
SIM5
SIM1
SIM2
SIM3
SIM4
1
21
22
SIM5
SIM1
SIM2
SIM3
SIM4
1
21
22
SIM5
SIM1
SIM2
SIM3
SIM4
1
21
22
SIM5
SIM1
SIM2
SIM3
SIM4
1
21
22
SIM5
SIM1
SIM2
SIM3
SIM4
1
21
22
SIM5
SIM1
SIM2
SIM3
SIM4
1
21
22
SIM5
SIM1
SIM2
SIM3
SIM4
1
21
22
SIM5
SIM1
SIM2
DEBUG 1 59
SIM1
SIM2
SIM3
SIM4
1
21
22
SIM5
SIM1
SIM2
SIM3
SIM4
1
21
22
SIM5
SIM1
SIM2
SIM3
SIM4
1
21
22
SIM5
SIM1
SIM2
SIM3
SIM4
1
21
22
SIM5
SIM1
SIM2
SIM3
SIM4
1
21
22
SIM5
SIM1
SIM2
SIM3
SIM4
1
21
22
SIM5
SIM1
SIM2
SIM3
SIM4
1
21
22
SIM5
SIM1
SIM2
SIM3
SIM4
1
21
22
SIM5
SIM1
SIM2
SIM3
SIM4
1
21
22
SIM5
SIM1
SIM2
SIM3
SIM4
1
21
22
SIM5
SIM1
SIM2
SIM3
SIM4
1
21
22
SIM5
SIM1
SIM2
SIM3
SIM4
1
21
22
SIM5
SIM1
SIM2
SIM3
SIM4
1
21
22
SIM5
SIM1
SIM2
SIM3
SIM4
1
21
22
SIM5
SIM1
SIM2
SIM3
SIM4
1
21
22
SIM5
SIM1
SIM2
SIM3
SIM4
1
21
22
SIM5
SIM1
SIM2
SIM3
SIM4
1
21
22
SIM5
SIM1
SIM2
SIM3
SIM4
1
21
22
SIM5
SIM1
SIM2
SIM3
SIM4
1
21
22
SIM5
SIM1
SIM2
SIM3
SIM4
1
21
22
SIM5
SIM1
SIM2
SIM3
SIM4
1
21
22
SIM5
SIM1
SIM2
SIM3
SIM4
1
21
22
SIM5
SIM1
SIM2
SIM3
SIM4
1
21
22
SIM5
SIM1
SIM2
SIM3
SIM4
1
21
22
SIM5
SIM1
SIM2
SIM3
SIM4
1
21
22
SIM5
SIM1
SIM2
SIM3
SIM4
1
21
22
SIM5
SIM1
SIM2
SIM3
SIM4
1
21
22
SIM5
SIM1
SIM2
SIM3
SIM4
1
21
22
SIM5
SIM1
SIM2
SIM3
SIM4
1
21
22
SIM5
SIM1
SIM2
SIM3
SIM4
1
21
22
SIM5
SIM1
SIM2
SIM3
SIM4
1
21
22
SIM5
SIM1
SIM2
SIM3
SIM4
1
21
22
SIM5
SIM1
SIM2
SIM3
SIM4
1
21
22
SIM5
SIM1
SIM2
SIM3
SIM4
1
21
22
SIM5
SIM1
SIM2
SIM3
SIM4
1
21
22
SIM5
SIM1
SIM2
SIM3
SIM4
1
21
22
SIM5
SIM1
SIM2
SIM3
SIM4
1
21
22
SIM5
SIM1
SIM2
SIM3
SIM4
1
21
22
SIM5
SIM1
SIM2
SIM3
SIM4
1
21
22
SIM5
SIM1
SIM2
SIM3
SIM4
1
21
22
SIM5
SIM1
SIM2
SIM3
SIM4
1
21
22
SIM5
SIM1
SIM2
SIM3
SIM4
1
21
22
SIM5
SIM1
SIM2
SIM3
SIM4
1
21
22
SIM5
SIM1
SIM2
SIM3
SIM4
1
21
22
SIM5
SIM1
SIM2
SIM3
SIM4
1
21
22
SIM5
SIM1
SIM2
SIM3
SIM4
1
21
22
SIM5
SIM1
SIM2
SIM3
SIM4
1
21
22
SIM5
SIM1
SIM2
SIM3
SIM4
1
21
22
SIM5
SIM1
SIM2
SIM3
SIM4
1
21
22
SIM5
SIM1
SIM2
SIM3
SIM4
1
21
22
SIM5
SIM1
SIM2
SIM3
SIM4
1
21
22
SIM5
SIM1
SIM2
SIM3
SIM4
1
21
22
SIM5
SIM1
SIM2
SIM3
SIM4
1
21
22
SIM5
SIM1
SIM2
SIM3
SIM4
1
21
22
SIM5
SIM1
SIM2
SIM3
SIM4
1
21
22
SIM5
SIM1
SIM2
SIM3
SIM4
1
21
22
SIM5
SIM1
SIM2
SIM3
SIM4
1
21
22
SIM5
SIM1
SIM2
SIM3
SIM4
1
21
22
SIM5
SIM1
SIM2
SIM3
SIM4
1
21
22
SIM5
SIM1
SIM2
SIM3
SIM4
1
21
22
SIM5
SIM1
SIM2
SIM3
SIM4
1
21
22
SIM5
SIM1
SIM2
DEBUG 1 60
SIM1
SIM2
SIM3
SIM4
1
21
22
SIM5
SIM1
SIM2
SIM3
SIM4
1
21
22
SIM5
SIM1
SIM2
SIM3
SIM4
1
21
22
SIM5
SIM1
SIM2
SIM3
SIM4
1
21
22
SIM5
SIM1
SIM2
SIM3
SIM4
1
21
22
SIM5
SIM1
SIM2
SIM3
SIM4
1
21
22
SIM5
SIM1
SIM2
SIM3
SIM4
1
21
22
SIM5
SIM1
SIM2
SIM3
SIM4
1
21
22
SIM5
SIM1
SIM2
SIM3
SIM4
1
21
22
SIM5
SIM1
SIM2
SIM3
SIM4
1
21
22
SIM5
SIM1
SIM2
SIM3
SIM4
1
21
22
SIM5
SIM1
SIM2
SIM3
SIM4
1
21
22
SIM5
SIM1
SIM2
SIM3
SIM4
1
21
22
SIM5
SIM1
SIM2
SIM3
SIM4
1
21
22
SIM5
SIM1
SIM2
SIM3
SIM4
1
21
22
SIM5
SIM1
SIM2
SIM3
SIM4
1
21
22
SIM5
SIM1
SIM2
SIM3
SIM4
1
21
22
SIM5
SIM1
SIM2
SIM3
SIM4
1
21
22
SIM5
SIM1
SIM2
SIM3
SIM4
1
21
22
SIM5
SIM1
SIM2
SIM3
SIM4
1
21
22
SIM5
SIM1
SIM2
SIM3
SIM4
1
21
22
SIM5
SIM1
SIM2
SIM3
SIM4
1
21
22
SIM5
SIM1
SIM2
SIM3
SIM4
1
21
22
SIM5
SIM1
SIM2
SIM3
SIM4
1
21
22
SIM5
SIM1
SIM2
SIM3
SIM4
1
21
22
SIM5
SIM1
SIM2
SIM3
SIM4
1
21
22
SIM5
SIM1
SIM2
SIM3
SIM4
1
21
22
SIM5
SIM1
SIM2
SIM3
SIM4
1
21
22
SIM5
SIM1
SIM2
SIM3
SIM4
1
21
22
SIM5
SIM1
SIM2
SIM3
SIM4
1
21
22
SIM5
SIM1
SIM2
SIM3
SIM4
1
21
22
SIM5
SIM1
SIM2
SIM3
SIM4
1
21
22
SIM5
SIM1
SIM2
SIM3
SIM4
1
21
22
SIM5
SIM1
SIM2
SIM3
SIM4
1
21
22
SIM5
SIM1
SIM2
SIM3
SIM4
1
21
22
SIM5
SIM1
SIM2
SIM3
SIM4
1
21
22
SIM5
SIM1
SIM2
SIM3
SIM4
1
21
22
SIM5
SIM1
SIM2
SIM3
SIM4
1
21
22
SIM5
SIM1
SIM2
SIM3
SIM4
1
21
22
SIM5
SIM1
SIM2
SIM3
SIM4
1
21
22
SIM5
SIM1
SIM2
SIM3
SIM4
1
21
22
SIM5
SIM1
SIM2
SIM3
SIM4
1
21
22
SIM5
SIM1
SIM2
SIM3
SIM4
1
21
22
SIM5
SIM1
SIM2
SIM3
SIM4
1
21
22
SIM5
SIM1
SIM2
SIM3
SIM4
1
21
22
SIM5
SIM1
SIM2
SIM3
SIM4
1
21
22
SIM5
SIM1
SIM2
SIM3
SIM4
1
21
22
SIM5
SIM1
SIM2
SIM3
SIM4
1
21
22
SIM5
SIM1
SIM2
SIM3
SIM4
1
21
22
SIM5
SIM1
SIM2
SIM3
SIM4
1
21
22
SIM5
SIM1
SIM2
SIM3
SIM4
1
21
22
SIM5
SIM1
SIM2
SIM3
SIM4
1
21
22
SIM5
SIM1
SIM2
SIM3
SIM4
1
21
22
SIM5
SIM1
SIM2
SIM3
SIM4
1
21
22
SIM5
SIM1
SIM2
SIM3
SIM4
1
21
22
SIM5
SIM1
SIM2
SIM3
SIM4
1
21
22
SIM5
SIM1
SIM2
SIM3
SIM4
1
21
22
SIM5
SIM1
SIM2
SIM3
SIM4
1
21
22
SIM5
SIM1
SIM2
SIM3
SIM4
1
21
22
SIM5
SIM1
SIM2
SIM3
SIM4
1
21
22
SIM5
SIM1
SIM2
SIM3
SIM4
1
21
22
SIM5
SIM1
SIM2
SIM3
SIM4
1
21
22
SIM5
SIM1
SIM2
SIM3
SIM4
1
21
22
SIM5
SIM1
SIM2
SIM3
SIM4
1
21
22
SIM5
SIM1
SIM2
SIM3
SIM4
1
21
22
SIM5
SIM1
SIM2
SIM3
SIM4
1
21
22
SIM5
SIM1
SIM2
SIM3
SIM4
1
21
22
SIM5
SIM1
SIM2
SIM3
SIM4
1
21
22
SIM5
SIM1
SIM2
SIM3
SIM4
1
21
22
SIM5
SIM1
SIM2
SIM3
SIM4
1
21
22
SIM5
SIM1
SIM2
SIM3
SIM4
1
21
22
SIM5
SIM1
SIM2
SIM3
SIM4
1
21
22
SIM5
SIM1
SIM2
SIM3
SIM4
1
21
22
SIM5
SIM1
SIM2
SIM3
SIM4
1
21
22
SIM5
SIM1
SIM2
SIM3
SIM4
1
21
22
SIM5
SIM1
SIM2
SIM3
SIM4
1
21
22
SIM5
SIM1
SIM2
SIM3
SIM4
1
21
22
SIM5
SIM1
SIM2
SIM3
SIM4
1
21
22
SIM5
SIM1
SIM2
SIM3
SIM4
1
21
22
SIM5
SIM1
SIM2
SIM3
SIM4
1
21
22
SIM5
SIM1
SIM2
SIM3
SIM4
1
21
22
SIM5
SIM1
SIM2
SIM3
SIM4
1
21
22
SIM5
SIM1
SIM2
SIM3
SIM4
1
21
22
SIM5
SIM1
SIM2
SIM3
SIM4
1
21
22
SIM5
SIM1
SIM2
SIM3
SIM4
1
21
22
SIM5
SIM1
SIM2
SIM3
SIM4
1
21
22
SIM5
SIM1
SIM2
SIM3
SIM4
1
21
22
SIM5
SIM1
SIM2
SIM3
SIM4
1
21
22
SIM5
SIM1
SIM2
SIM3
SIM4
1
21
22
SIM5
SIM1
SIM2
SIM3
SIM4
1
21
22
SIM5
SIM1
SIM2
SIM3
SIM4
1
21
22
SIM5
SIM1
SIM2
SIM3
SIM4
1
21
22
SIM5
SIM1
SIM2
SIM3
SIM4
1
21
22
SIM5
SIM1
SIM2
SIM3
SIM4
1
21
22
SIM5
SIM1
SIM2
SIM3
SIM4
1
21
22
SIM5
SIM1
SIM2
SIM3
SIM4
1
21
22
SIM5
SIM1
SIM2
SIM3
SIM4
1
21
22
SIM5
SIM1
SIM2
SIM3
SIM4
1
21
22
SIM5
SIM1
SIM2
SIM3
SIM4
1
21
22
SIM5
SIM1
SIM2
SIM3
SIM4
1
21
22
SIM5
SIM1
SIM2
SIM3
SIM4
1
21
22
SIM5
SIM1
SIM2
SIM3
SIM4
1
21
22
SIM5
SIM1
SIM2
SIM3
SIM4
1
21
22
SIM5
SIM1
SIM2
SIM3
SIM4
1
21
22
SIM5
SIM1
SIM2
SIM3
SIM4
1
21
22
SIM5
SIM1
SIM2
SIM3
SIM4
1
21
22
SIM5
SIM1
SIM2
SIM3
SIM4
1
21
22
SIM5
SIM1
SIM2
SIM3
SIM4
1
21
22
SIM5
SIM1
SIM2
SIM3
SIM4
1
21
22
SIM5
SIM1
SIM2
SIM3
SIM4
1
21
22
SIM5
SIM1
SIM2
SIM3
SIM4
1
21
22
SIM5
SIM1
SIM2
SIM3
SIM4
1
21
22
SIM5
SIM1
SIM2
SIM3
SIM4
1
21
22
SIM5
SIM1
SIM2
SIM3
SIM4
1
21
22
SIM5
SIM1
SIM2
SIM3
SIM4
1
21
22
SIM5
SIM1
SIM2
SIM3
SIM4
1
21
22
SIM5
SIM1
SIM2
SIM3
SIM4
1
21
22
SIM5
SIM1
SIM2
SIM3
SIM4
1
21
22
SIM5
SIM1
SIM2
SIM3
SIM4
1
21
22
SIM5
SIM1
SIM2
SIM3
SIM4
1
21
22
SIM5
SIM1
SIM2
SIM3
SIM4
1
21
22
SIM5
SIM1
SIM2
SIM3
SIM4
1
21
22
SIM5
SIM1
SIM2
SIM3
SIM4
1
21
22
SIM5
SIM1
SIM2
SIM3
SIM4
1
21
22
SIM5
SIM1
SIM2
SIM3
SIM4
1
21
22
SIM5
SIM1
SIM2
SIM3
SIM4
1
21
22
SIM5
SIM1
SIM2
SIM3
SIM4
1
21
22
SIM5
SIM1
SIM2
SIM3
SIM4
1
21
22
SIM5
SIM1
SIM2
SIM3
SIM4
1
21
22
SIM5
SIM1
SIM2
SIM3
SIM4
1
21
22
SIM5
SIM1
SIM2
SIM3
SIM4
1
21
22
SIM5
SIM1
SIM2
SIM3
SIM4
1
21
22
SIM5
SIM1
SIM2
SIM3
SIM4
1
21
22
SIM5
SIM1
SIM2
SIM3
SIM4
1
21
22
SIM5
SIM1
SIM2
SIM3
SIM4
1
21
22
SIM5
SIM1
SIM2
SIM3
SIM4
1
21
22
SIM5
SIM1
SIM2
SIM3
SIM4
1
21
22
SIM5
SIM1
SIM2
SIM3
SIM4
1
21
22
SIM5
SIM1
SIM2
SIM3
SIM4
1
21
22
SIM5
SIM1
SIM2
SIM3
SIM4
1
21
22
SIM5
SIM1
SIM2
SIM3
SIM4
1
21
22
SIM5
SIM1
SIM2
SIM3
SIM4
1
21
22
SIM5
SIM1
SIM2
SIM3
SIM4
1
21
22
SIM5
SIM1
SIM2
SIM3
SIM4
1
21
22
SIM5
SIM1
SIM2
SIM3
SIM4
1
21
22
SIM5
SIM1
SIM2
SIM3
SIM4
1
21
22
SIM5
SIM1
SIM2
SIM3
SIM4
1
21
22
SIM5
SIM1
SIM2
SIM3
SIM4
1
21
22
SIM5
SIM1
SIM2
SIM3
SIM4
1
21
22
SIM5
SIM1
SIM2
SIM3
SIM4
1
21
22
SIM5
SIM1
SIM2
SIM3
SIM4
1
21
22
SIM5
SIM1
SIM2
SIM3
SIM4
1
21
22
SIM5
SIM1
SIM2
SIM3
SIM4
1
21
22
SIM5
SIM1
SIM2
SIM3
SIM4
1
21
22
SIM5
SIM1
SIM2
SIM3
SIM4
1
21
22
SIM5
SIM1
SIM2
SIM3
SIM4
1
21
22
SIM5
SIM1
SIM2
SIM3
SIM4
1
21
22
SIM5
SIM1
SIM2
SIM3
SIM4
1
21
22
SIM5
SIM1
SIM2
SIM3
SIM4
1
21
22
SIM5
SIM1
SIM2
SIM3
SIM4
1
21
22
SIM5
SIM1
SIM2
SIM3
SIM4
1
21
22
SIM5
SIM1
SIM2
SIM3
SIM4
1
21
22
SIM5
SIM1
SIM2
SIM3
SIM4
1
21
22
SIM5
SIM1
SIM2
SIM3
SIM4
1
21
22
SIM5
SIM1
SIM2
SIM3
SIM4
1
21
22
SIM5
SIM1
SIM2
SIM3
SIM4
1
21
22
SIM5
SIM1
SIM2
SIM3
SIM4
1
21
22
SIM5
SIM1
SIM2
SIM3
SIM4
1
21
22
SIM5
SIM1
SIM2
SIM3
SIM4
1
21
22
SIM5
SIM1
SIM2
SIM3
SIM4
1
21
22
SIM5
SIM1
SIM2
SIM3
SIM4
1
21
22
SIM5
SIM1
SIM2
SIM3
SIM4
1
21
22
SIM5
SIM1
SIM2
SIM3
SIM4
1
21
22
SIM5
SIM1
SIM2
SIM3
SIM4
1
21
22
SIM5
SIM1
SIM2
SIM3
SIM4
1
21
22
SIM5
SIM1
SIM2
SIM3
SIM4
1
21
22
SIM5
SIM1
SIM2
SIM3
SIM4
1
21
22
SIM5
SIM1
SIM2
SIM3
SIM4
1
21
22
SIM5
SIM1
SIM2
SIM3
SIM4
1
21
22
SIM5
SIM1
SIM2
SIM3
SIM4
1
21
22
SIM5
SIM1
SIM2
SIM3
SIM4
1
21
22
SIM5
SIM1
SIM2
SIM3
SIM4
1
21
22
SIM5
SIM1
SIM2
SIM3
SIM4
1
21
22
SIM5
SIM1
SIM2
SIM3
SIM4
1
21
22
SIM5
SIM1
SIM2
SIM3
SIM4
1
21
22
SIM5
SIM1
SIM2
SIM3
SIM4
1
21
22
SIM5
SIM1
SIM2
SIM3
SIM4
1
21
22
SIM5
SIM1
SIM2
SIM3
SIM4
1
21
22
SIM5
SIM1
SIM2
SIM3
SIM4
1
21
22
SIM5
SIM1
SIM2
SIM3
SIM4
1
21
22
SIM5
SIM1
SIM2
SIM3
SIM4
1
21
22
SIM5
SIM1
SIM2
SIM3
SIM4
1
21
22
SIM5
SIM1
SIM2
SIM3
SIM4
1
21
22
SIM5
SIM1
SIM2
SIM3
SIM4
1
21
22
SIM5
SIM1
SIM2
SIM3
SIM4
1
21
22
SIM5
SIM1
SIM2
SIM3
SIM4
1
21
22
SIM5
SIM1
SIM2
SIM3
SIM4
1
21
22
SIM5
SIM1
SIM2
SIM3
SIM4
1
21
22
SIM5
SIM1
SIM2
SIM3
SIM4
1
21
22
SIM5
SIM1
SIM2
SIM3
SIM4
1
21
22
SIM5
SIM1
SIM2
SIM3
SIM4
1
21
22
SIM5
SIM1
SIM2
SIM3
SIM4
1
21
22
SIM5
SIM1
SIM2
SIM3
SIM4
1
21
22
SIM5
SIM1
SIM2
SIM3
SIM4
1
21
22
SIM5
SIM1
SIM2
SIM3
SIM4
1
21
22
SIM5
SIM1
SIM2
SIM3
SIM4
1
21
22
SIM5
SIM1
SIM2
SIM3
SIM4
1
21
22
SIM5
SIM1
SIM2
SIM3
SIM4
1
21
22
SIM5
SIM1
SIM2
SIM3
SIM4
1
21
22
SIM5
SIM1
SIM2
SIM3
SIM4
1
21
22
SIM5
SIM1
SIM2
SIM3
SIM4
1
21
22
SIM5
SIM1
SIM2
SIM3
SIM4
1
21
22
SIM5
SIM1
SIM2
SIM3
SIM4
1
21
22
SIM5
SIM1
SIM2
SIM3
SIM4
1
21
22
SIM5
SIM1
SIM2
SIM3
SIM4
1
21
22
SIM5
SIM1
SIM2
SIM3
SIM4
1
21
22
SIM5
SIM1
SIM2
SIM3
SIM4
1
21
22
SIM5
SIM1
SIM2
SIM3
SIM4
1
21
22
SIM5
SIM1
SIM2
SIM3
SIM4
1
21
22
SIM5
SIM1
SIM2
SIM3
SIM4
1
21
22
SIM5
SIM1
SIM2
SIM3
SIM4
1
21
22
SIM5
SIM1
SIM2
SIM3
SIM4
1
21
22
SIM5
SIM1
SIM2
SIM3
SIM4
1
21
22
SIM5
SIM1
SIM2
SIM3
SIM4
1
21
22
SIM5
SIM1
SIM2
SIM3
SIM4
1
21
22
SIM5
SIM1
SIM2
SIM3
SIM4
1
21
22
SIM5
SIM1
SIM2
SIM3
SIM4
1
21
22
SIM5
SIM1
SIM2
SIM3
SIM4
1
21
22
SIM5
SIM1
SIM2
SIM3
SIM4
1
21
22
SIM5
SIM1
SIM2
SIM3
SIM4
1
21
22
SIM5
SIM1
SIM2
SIM3
SIM4
1
21
22
SIM5
SIM1
SIM2
SIM3
SIM4
1
21
22
SIM5
SIM1
SIM2
SIM3
SIM4
1
21
22
SIM5
SIM1
SIM2
SIM3
SIM4
1
21
22
SIM5
SIM1
SIM2
SIM3
SIM4
1
21
22
SIM5
SIM1
SIM2
SIM3
SIM4
1
21
22
SIM5
SIM1
SIM2
SIM3
SIM4
1
21
22
SIM5
SIM1
SIM2
SIM3
SIM4
1
21
22
SIM5
SIM1
SIM2
SIM3
SIM4
1
21
22
SIM5
SIM1
SIM2
SIM3
SIM4
1
21
22
SIM5
SIM1
SIM2
SIM3
SIM4
1
21
22
SIM5
SIM1
SIM2
SIM3
SIM4
1
21
22
SIM5
SIM1
SIM2
SIM3
SIM4
1
21
22
SIM5
SIM1
SIM2
SIM3
SIM4
1
21
22
SIM5
SIM1
SIM2
SIM3
SIM4
1
21
22
SIM5
SIM1
SIM2
SIM3
SIM4
1
21
22
SIM5
SIM1
SIM2
SIM3
SIM4
1
21
22
SIM5
SIM1
SIM2
SIM3
SIM4
1
21
22
SIM5
SIM1
SIM2
SIM3
SIM4
1
21
22
SIM5
SIM1
SIM2
SIM3
SIM4
1
21
22
SIM5
SIM1
SIM2
SIM3
SIM4
1
21
22
SIM5
SIM1
SIM2
SIM3
SIM4
1
21
22
SIM5
SIM1
SIM2
SIM3
SIM4
1
21
22
SIM5
SIM1
SIM2
SIM3
SIM4
1
21
22
SIM5
SIM1
SIM2
SIM3
SIM4
1
21
22
SIM5
SIM1
SIM2
SIM3
SIM4
1
21
22
SIM5
SIM1
SIM2
SIM3
SIM4
1
21
22
SIM5
SIM1
SIM2
SIM3
SIM4
1
21
22
SIM5
SIM1
SIM2
SIM3
SIM4
1
21
22
SIM5
SIM1
SIM2
SIM3
SIM4
1
21
22
SIM5
SIM1
SIM2
SIM3
SIM4
1
21
22
SIM5
SIM1
SIM2
SIM3
SIM4
1
21
22
SIM5
SIM1
SIM2
SIM3
SIM4
1
21
22
SIM5
SIM1
SIM2
SIM3
SIM4
1
21
22
SIM5
SIM1
SIM2
SIM3
SIM4
1
21
22
SIM5
SIM1
SIM2
SIM3
SIM4
1
21
22
SIM5
SIM1
SIM2
SIM3
SIM4
1
21
22
SIM5
SIM1
SIM2
SIM3
SIM4
1
21
22
SIM5
SIM1
SIM2
SIM3
SIM4
1
21
22
SIM5
SIM1
SIM2
SIM3
SIM4
1
21
22
SIM5
SIM1
SIM2
SIM3
SIM4
1
21
22
SIM5
SIM1
SIM2
SIM3
SIM4
1
21
22
SIM5
SIM1
SIM2
SIM3
SIM4
1
21
22
SIM5
SIM1
SIM2
SIM3
SIM4
1
21
22
SIM5
SIM1
SIM2
SIM3
SIM4
1
21
22
SIM5
SIM1
SIM2
SIM3
SIM4
1
21
22
SIM5
SIM1
SIM2
SIM3
SIM4
1
21
22
SIM5
SIM1
SIM2
SIM3
SIM4
1
21
22
SIM5
SIM1
SIM2
SIM3
SIM4
1
21
22
SIM5
SIM1
SIM2
SIM3
SIM4
1
21
22
SIM5
SIM1
SIM2
SIM3
SIM4
1
21
22
SIM5
SIM1
SIM2
SIM3
SIM4
1
21
22
SIM5
SIM1
SIM2
SIM3
SIM4
1
21
22
SIM5
SIM1
SIM2
SIM3
SIM4
1
21
22
SIM5
SIM1
SIM2
SIM3
SIM4
1
21
22
SIM5
SIM1
SIM2
SIM3
SIM4
1
21
22
SIM5
SIM1
SIM2
SIM3
SIM4
1
21
22
SIM5
SIM1
SIM2
SIM3
SIM4
1
21
22
SIM5
SIM1
SIM2
SIM3
SIM4
1
21
22
SIM5
SIM1
SIM2
SIM3
SIM4
1
21
22
SIM5
SIM1
SIM2
SIM3
SIM4
1
21
22
SIM5
SIM1
SIM2
SIM3
SIM4
1
21
22
SIM5
SIM1
SIM2
DEBUG 1 61
SIM1
SIM2
SIM3
SIM4
1
21
22
SIM5
SIM1
SIM2
SIM3
SIM4
1
21
22
SIM5
SIM1
SIM2
SIM3
SIM4
1
21
22
SIM5
SIM1
SIM2
SIM3
SIM4
1
21
22
SIM5
SIM1
SIM2
SIM3
SIM4
1
21
22
SIM5
SIM1
SIM2
SIM3
SIM4
1
21
22
SIM5
SIM1
SIM2
SIM3
SIM4
1
21
22
SIM5
SIM1
SIM2
SIM3
SIM4
1
21
22
SIM5
SIM1
SIM2
SIM3
SIM4
1
21
22
SIM5
SIM1
SIM2
SIM3
SIM4
1
21
22
SIM5
SIM1
SIM2
SIM3
SIM4
1
21
22
SIM5
SIM1
SIM2
SIM3
SIM4
1
21
22
SIM5
SIM1
SIM2
SIM3
SIM4
1
21
22
SIM5
SIM1
SIM2
SIM3
SIM4
1
21
22
SIM5
SIM1
SIM2
SIM3
SIM4
1
21
22
SIM5
SIM1
SIM2
SIM3
SIM4
1
21
22
SIM5
SIM1
SIM2
SIM3
SIM4
1
21
22
SIM5
SIM1
SIM2
SIM3
SIM4
1
21
22
SIM5
SIM1
SIM2
SIM3
SIM4
1
21
22
SIM5
SIM1
SIM2
SIM3
SIM4
1
21
22
SIM5
SIM1
SIM2
SIM3
SIM4
1
21
22
SIM5
SIM1
SIM2
SIM3
SIM4
1
21
22
SIM5
SIM1
SIM2
SIM3
SIM4
1
21
22
SIM5
SIM1
SIM2
SIM3
SIM4
1
21
22
SIM5
SIM1
SIM2
SIM3
SIM4
1
21
22
SIM5
SIM1
SIM2
SIM3
SIM4
1
21
22
SIM5
SIM1
SIM2
SIM3
SIM4
1
21
22
SIM5
SIM1
SIM2
SIM3
SIM4
1
21
22
SIM5
SIM1
SIM2
SIM3
SIM4
1
21
22
SIM5
SIM1
SIM2
SIM3
SIM4
1
21
22
SIM5
SIM1
SIM2
SIM3
SIM4
1
21
22
SIM5
SIM1
SIM2
SIM3
SIM4
1
21
22
SIM5
SIM1
SIM2
SIM3
SIM4
1
21
22
SIM5
SIM1
SIM2
SIM3
SIM4
1
21
22
SIM5
SIM1
SIM2
SIM3
SIM4
1
21
22
SIM5
SIM1
SIM2
SIM3
SIM4
1
21
22
SIM5
SIM1
SIM2
SIM3
SIM4
1
21
22
SIM5
SIM1
SIM2
SIM3
SIM4
1
21
22
SIM5
SIM1
SIM2
SIM3
SIM4
1
21
22
SIM5
SIM1
SIM2
SIM3
SIM4
1
21
22
SIM5
SIM1
SIM2
SIM3
SIM4
1
21
22
SIM5
SIM1
SIM2
SIM3
SIM4
1
21
22
SIM5
SIM1
SIM2
SIM3
SIM4
1
21
22
SIM5
SIM1
SIM2
SIM3
SIM4
1
21
22
SIM5
SIM1
SIM2
SIM3
SIM4
1
21
22
SIM5
SIM1
SIM2
SIM3
SIM4
1
21
22
SIM5
SIM1
SIM2
SIM3
SIM4
1
21
22
SIM5
SIM1
SIM2
SIM3
SIM4
1
21
22
SIM5
SIM1
SIM2
SIM3
SIM4
1
21
22
SIM5
SIM1
SIM2
SIM3
SIM4
1
21
22
SIM5
SIM1
SIM2
SIM3
SIM4
1
21
22
SIM5
SIM1
SIM2
SIM3
SIM4
1
21
22
SIM5
SIM1
SIM2
SIM3
SIM4
1
21
22
SIM5
SIM1
SIM2
SIM3
SIM4
1
21
22
SIM5
SIM1
SIM2
SIM3
SIM4
1
21
22
SIM5
SIM1
SIM2
SIM3
SIM4
1
21
22
SIM5
SIM1
SIM2
SIM3
SIM4
1
21
22
SIM5
SIM1
SIM2
SIM3
SIM4
1
21
22
SIM5
SIM1
SIM2
SIM3
SIM4
1
21
22
SIM5
SIM1
SIM2
SIM3
SIM4
1
21
22
SIM5
SIM1
SIM2
SIM3
SIM4
1
21
22
SIM5
SIM1
SIM2
SIM3
SIM4
1
21
22
SIM5
SIM1
SIM2
SIM3
SIM4
1
21
22
SIM5
SIM1
SIM2
SIM3
SIM4
1
21
22
SIM5
SIM1
SIM2
SIM3
SIM4
1
21
22
SIM5
SIM1
SIM2
SIM3
SIM4
1
21
22
SIM5
SIM1
SIM2
SIM3
SIM4
1
21
22
SIM5
SIM1
SIM2
SIM3
SIM4
1
21
22
SIM5
SIM1
SIM2
SIM3
SIM4
1
21
22
SIM5
SIM1
SIM2
SIM3
SIM4
1
21
22
SIM5
SIM1
SIM2
SIM3
SIM4
1
21
22
SIM5
SIM1
SIM2
SIM3
SIM4
1
21
22
SIM5
SIM1
SIM2
SIM3
SIM4
1
21
22
SIM5
SIM1
SIM2
SIM3
SIM4
1
21
22
SIM5
SIM1
SIM2
SIM3
SIM4
1
21
22
SIM5
SIM1
SIM2
SIM3
SIM4
1
21
22
SIM5
SIM1
SIM2
SIM3
SIM4
1
21
22
SIM5
SIM1
SIM2
SIM3
SIM4
1
21
22
SIM5
SIM1
SIM2
SIM3
SIM4
1
21
22
SIM5
SIM1
SIM2
SIM3
SIM4
1
21
22
SIM5
SIM1
SIM2
SIM3
SIM4
1
21
22
SIM5
SIM1
SIM2
SIM3
SIM4
1
21
22
SIM5
SIM1
SIM2
SIM3
SIM4
1
21
22
SIM5
SIM1
SIM2
SIM3
SIM4
1
21
22
SIM5
SIM1
SIM2
SIM3
SIM4
1
21
22
SIM5
SIM1
SIM2
SIM3
SIM4
1
21
22
SIM5
SIM1
SIM2
SIM3
SIM4
1
21
22
SIM5
SIM1
SIM2
SIM3
SIM4
1
21
22
SIM5
SIM1
SIM2
SIM3
SIM4
1
21
22
SIM5
SIM1
SIM2
SIM3
SIM4
1
21
22
SIM5
SIM1
SIM2
SIM3
SIM4
1
21
22
SIM5
SIM1
SIM2
SIM3
SIM4
1
21
22
SIM5
SIM1
SIM2
SIM3
SIM4
1
21
22
SIM5
SIM1
SIM2
SIM3
SIM4
1
21
22
SIM5
SIM1
SIM2
SIM3
SIM4
1
21
22
SIM5
SIM1
SIM2
SIM3
SIM4
1
21
22
SIM5
SIM1
SIM2
SIM3
SIM4
1
21
22
SIM5
SIM1
SIM2
SIM3
SIM4
1
21
22
SIM5
SIM1
SIM2
SIM3
SIM4
1
21
22
SIM5
SIM1
SIM2
SIM3
SIM4
1
21
22
SIM5
SIM1
SIM2
SIM3
SIM4
1
21
22
SIM5
SIM1
SIM2
SIM3
SIM4
1
21
22
SIM5
SIM1
SIM2
SIM3
SIM4
1
21
22
SIM5
SIM1
SIM2
SIM3
SIM4
1
21
22
SIM5
SIM1
SIM2
SIM3
SIM4
1
21
22
SIM5
SIM1
SIM2
SIM3
SIM4
1
21
22
SIM5
SIM1
SIM2
SIM3
SIM4
1
21
22
SIM5
SIM1
SIM2
SIM3
SIM4
1
21
22
SIM5
SIM1
SIM2
SIM3
SIM4
1
21
22
SIM5
SIM1
SIM2
SIM3
SIM4
1
21
22
SIM5
SIM1
SIM2
SIM3
SIM4
1
21
22
SIM5
SIM1
SIM2
SIM3
SIM4
1
21
22
SIM5
SIM1
SIM2
SIM3
SIM4
1
21
22
SIM5
SIM1
SIM2
SIM3
SIM4
1
21
22
SIM5
SIM1
SIM2
SIM3
SIM4
1
21
22
SIM5
SIM1
SIM2
SIM3
SIM4
1
21
22
SIM5
SIM1
SIM2
SIM3
SIM4
1
21
22
SIM5
SIM1
SIM2
SIM3
SIM4
1
21
22
SIM5
SIM1
SIM2
SIM3
SIM4
1
21
22
SIM5
SIM1
SIM2
SIM3
SIM4
1
21
22
SIM5
SIM1
SIM2
SIM3
SIM4
1
21
22
SIM5
SIM1
SIM2
SIM3
SIM4
1
21
22
SIM5
SIM1
SIM2
SIM3
SIM4
1
21
22
SIM5
SIM1
SIM2
SIM3
SIM4
1
21
22
SIM5
SIM1
SIM2
SIM3
SIM4
1
21
22
SIM5
SIM1
SIM2
SIM3
SIM4
1
21
22
SIM5
SIM1
SIM2
SIM3
SIM4
1
21
22
SIM5
SIM1
SIM2
SIM3
SIM4
1
21
22
SIM5
SIM1
SIM2
SIM3
SIM4
1
21
22
SIM5
SIM1
SIM2
SIM3
SIM4
1
21
22
SIM5
SIM1
SIM2
SIM3
SIM4
1
21
22
SIM5
SIM1
SIM2
SIM3
SIM4
1
21
22
SIM5
SIM1
SIM2
SIM3
SIM4
1
21
22
SIM5
SIM1
SIM2
SIM3
SIM4
1
21
22
SIM5
SIM1
SIM2
SIM3
SIM4
1
21
22
SIM5
SIM1
SIM2
SIM3
SIM4
1
21
22
SIM5
SIM1
SIM2
SIM3
SIM4
1
21
22
SIM5
SIM1
SIM2
SIM3
SIM4
1
21
22
SIM5
SIM1
SIM2
SIM3
SIM4
1
21
22
SIM5
SIM1
SIM2
SIM3
SIM4
1
21
22
SIM5
SIM1
SIM2
SIM3
SIM4
1
21
22
SIM5
SIM1
SIM2
SIM3
SIM4
1
21
22
SIM5
SIM1
SIM2
SIM3
SIM4
1
21
22
SIM5
SIM1
SIM2
SIM3
SIM4
1
21
22
SIM5
SIM1
SIM2
SIM3
SIM4
1
21
22
SIM5
SIM1
SIM2
SIM3
SIM4
1
21
22
SIM5
SIM1
SIM2
SIM3
SIM4
1
21
22
SIM5
SIM1
SIM2
SIM3
SIM4
1
21
22
SIM5
SIM1
SIM2
SIM3
SIM4
1
21
22
SIM5
SIM1
SIM2
SIM3
SIM4
1
21
22
SIM5
SIM1
SIM2
SIM3
SIM4
1
21
22
SIM5
SIM1
SIM2
SIM3
SIM4
1
21
22
SIM5
SIM1
SIM2
SIM3
SIM4
1
21
22
SIM5
SIM1
SIM2
SIM3
SIM4
1
21
22
SIM5
SIM1
SIM2
SIM3
SIM4
1
21
22
SIM5
SIM1
SIM2
SIM3
SIM4
1
21
22
SIM5
SIM1
SIM2
SIM3
SIM4
1
21
22
SIM5
SIM1
SIM2
SIM3
SIM4
1
21
22
SIM5
SIM1
SIM2
SIM3
SIM4
1
21
22
SIM5
SIM1
SIM2
SIM3
SIM4
1
21
22
SIM5
SIM1
SIM2
SIM3
SIM4
1
21
22
SIM5
SIM1
SIM2
SIM3
SIM4
1
21
22
SIM5
SIM1
SIM2
SIM3
SIM4
1
21
22
SIM5
SIM1
SIM2
SIM3
SIM4
1
21
22
SIM5
SIM1
SIM2
SIM3
SIM4
1
21
22
SIM5
SIM1
SIM2
SIM3
SIM4
1
21
22
SIM5
SIM1
SIM2
SIM3
SIM4
1
21
22
SIM5
SIM1
SIM2
SIM3
SIM4
1
21
22
SIM5
SIM1
SIM2
SIM3
SIM4
1
21
22
SIM5
SIM1
SIM2
SIM3
SIM4
1
21
22
SIM5
SIM1
SIM2
SIM3
SIM4
1
21
22
SIM5
SIM1
SIM2
SIM3
SIM4
1
21
22
SIM5
SIM1
SIM2
SIM3
SIM4
1
21
22
SIM5
SIM1
SIM2
SIM3
SIM4
1
21
22
SIM5
SIM1
SIM2
SIM3
SIM4
1
21
22
SIM5
SIM1
SIM2
SIM3
SIM4
1
21
22
SIM5
SIM1
SIM2
SIM3
SIM4
1
21
22
SIM5
SIM1
SIM2
SIM3
SIM4
1
21
22
SIM5
SIM1
SIM2
SIM3
SIM4
1
21
22
SIM5
SIM1
SIM2
SIM3
SIM4
1
21
22
SIM5
SIM1
SIM2
SIM3
SIM4
1
21
22
SIM5
SIM1
SIM2
SIM3
SIM4
1
21
22
SIM5
SIM1
SIM2
DEBUG 1 62
SIM1
SIM2
SIM3
SIM4
1
21
22
SIM5
SIM1
SIM2
SIM3
SIM4
1
21
22
SIM5
SIM1
SIM2
SIM3
SIM4
1
21
22
SIM5
SIM1
SIM2
SIM3
SIM4
1
21
22
SIM5
SIM1
SIM2
SIM3
SIM4
1
21
22
SIM5
SIM1
SIM2
SIM3
SIM4
1
21
22
SIM5
SIM1
SIM2
SIM3
SIM4
1
21
22
SIM5
SIM1
SIM2
SIM3
SIM4
1
21
22
SIM5
SIM1
SIM2
SIM3
SIM4
1
21
22
SIM5
SIM1
SIM2
SIM3
SIM4
1
21
22
SIM5
SIM1
SIM2
SIM3
SIM4
1
21
22
SIM5
SIM1
SIM2
SIM3
SIM4
1
21
22
SIM5
SIM1
SIM2
SIM3
SIM4
1
21
22
SIM5
SIM1
SIM2
SIM3
SIM4
1
21
22
SIM5
SIM1
SIM2
SIM3
SIM4
1
21
22
SIM5
SIM1
SIM2
SIM3
SIM4
1
21
22
SIM5
SIM1
SIM2
SIM3
SIM4
1
21
22
SIM5
SIM1
SIM2
SIM3
SIM4
1
21
22
SIM5
SIM1
SIM2
SIM3
SIM4
1
21
22
SIM5
SIM1
SIM2
SIM3
SIM4
1
21
22
SIM5
SIM1
SIM2
SIM3
SIM4
1
21
22
SIM5
SIM1
SIM2
SIM3
SIM4
1
21
22
SIM5
SIM1
SIM2
SIM3
SIM4
1
21
22
SIM5
SIM1
SIM2
SIM3
SIM4
1
21
22
SIM5
SIM1
SIM2
SIM3
SIM4
1
21
22
SIM5
SIM1
SIM2
SIM3
SIM4
1
21
22
SIM5
SIM1
SIM2
SIM3
SIM4
1
21
22
SIM5
SIM1
SIM2
SIM3
SIM4
1
21
22
SIM5
SIM1
SIM2
SIM3
SIM4
1
21
22
SIM5
SIM1
SIM2
SIM3
SIM4
1
21
22
SIM5
SIM1
SIM2
SIM3
SIM4
1
21
22
SIM5
SIM1
SIM2
SIM3
SIM4
1
21
22
SIM5
SIM1
SIM2
SIM3
SIM4
1
21
22
SIM5
SIM1
SIM2
SIM3
SIM4
1
21
22
SIM5
SIM1
SIM2
SIM3
SIM4
1
21
22
SIM5
SIM1
SIM2
SIM3
SIM4
1
21
22
SIM5
SIM1
SIM2
SIM3
SIM4
1
21
22
SIM5
SIM1
SIM2
SIM3
SIM4
1
21
22
SIM5
SIM1
SIM2
SIM3
SIM4
1
21
22
SIM5
SIM1
SIM2
SIM3
SIM4
1
21
22
SIM5
SIM1
SIM2
SIM3
SIM4
1
21
22
SIM5
SIM1
SIM2
SIM3
SIM4
1
21
22
SIM5
SIM1
SIM2
SIM3
SIM4
1
21
22
SIM5
SIM1
SIM2
SIM3
SIM4
1
21
22
SIM5
SIM1
SIM2
SIM3
SIM4
1
21
22
SIM5
SIM1
SIM2
SIM3
SIM4
1
21
22
SIM5
SIM1
SIM2
SIM3
SIM4
1
21
22
SIM5
SIM1
SIM2
SIM3
SIM4
1
21
22
SIM5
SIM1
SIM2
SIM3
SIM4
1
21
22
SIM5
SIM1
SIM2
SIM3
SIM4
1
21
22
SIM5
SIM1
SIM2
SIM3
SIM4
1
21
22
SIM5
SIM1
SIM2
SIM3
SIM4
1
21
22
SIM5
SIM1
SIM2
SIM3
SIM4
1
21
22
SIM5
SIM1
SIM2
SIM3
SIM4
1
21
22
SIM5
SIM1
SIM2
SIM3
SIM4
1
21
22
SIM5
SIM1
SIM2
SIM3
SIM4
1
21
22
SIM5
SIM1
SIM2
SIM3
SIM4
1
21
22
SIM5
SIM1
SIM2
SIM3
SIM4
1
21
22
SIM5
SIM1
SIM2
SIM3
SIM4
1
21
22
SIM5
SIM1
SIM2
SIM3
SIM4
1
21
22
SIM5
SIM1
SIM2
SIM3
SIM4
1
21
22
SIM5
SIM1
SIM2
SIM3
SIM4
1
21
22
SIM5
SIM1
SIM2
SIM3
SIM4
1
21
22
SIM5
SIM1
SIM2
SIM3
SIM4
1
21
22
SIM5
SIM1
SIM2
SIM3
SIM4
1
21
22
SIM5
SIM1
SIM2
SIM3
SIM4
1
21
22
SIM5
SIM1
SIM2
SIM3
SIM4
1
21
22
SIM5
SIM1
SIM2
SIM3
SIM4
1
21
22
SIM5
SIM1
SIM2
SIM3
SIM4
1
21
22
SIM5
SIM1
SIM2
SIM3
SIM4
1
21
22
SIM5
SIM1
SIM2
SIM3
SIM4
1
21
22
SIM5
SIM1
SIM2
SIM3
SIM4
1
21
22
SIM5
SIM1
SIM2
SIM3
SIM4
1
21
22
SIM5
SIM1
SIM2
SIM3
SIM4
1
21
22
SIM5
SIM1
SIM2
SIM3
SIM4
1
21
22
SIM5
SIM1
SIM2
SIM3
SIM4
1
21
22
SIM5
SIM1
SIM2
SIM3
SIM4
1
21
22
SIM5
SIM1
SIM2
SIM3
SIM4
1
21
22
SIM5
SIM1
SIM2
SIM3
SIM4
1
21
22
SIM5
SIM1
SIM2
SIM3
SIM4
1
21
22
SIM5
SIM1
SIM2
SIM3
SIM4
1
21
22
SIM5
SIM1
SIM2
SIM3
SIM4
1
21
22
SIM5
SIM1
SIM2
SIM3
SIM4
1
21
22
SIM5
SIM1
SIM2
SIM3
SIM4
1
21
22
SIM5
SIM1
SIM2
SIM3
SIM4
1
21
22
SIM5
SIM1
SIM2
SIM3
SIM4
1
21
22
SIM5
SIM1
SIM2
SIM3
SIM4
1
21
22
SIM5
SIM1
SIM2
SIM3
SIM4
1
21
22
SIM5
SIM1
SIM2
SIM3
SIM4
1
21
22
SIM5
SIM1
SIM2
SIM3
SIM4
1
21
22
SIM5
SIM1
SIM2
SIM3
SIM4
1
21
22
SIM5
SIM1
SIM2
SIM3
SIM4
1
21
22
SIM5
SIM1
SIM2
SIM3
SIM4
1
21
22
SIM5
SIM1
SIM2
SIM3
SIM4
1
21
22
SIM5
SIM1
SIM2
SIM3
SIM4
1
21
22
SIM5
SIM1
SIM2
SIM3
SIM4
1
21
22
SIM5
SIM1
SIM2
SIM3
SIM4
1
21
22
SIM5
SIM1
SIM2
SIM3
SIM4
1
21
22
SIM5
SIM1
SIM2
SIM3
SIM4
1
21
22
SIM5
SIM1
SIM2
SIM3
SIM4
1
21
22
SIM5
SIM1
SIM2
SIM3
SIM4
1
21
22
SIM5
SIM1
SIM2
SIM3
SIM4
1
21
22
SIM5
SIM1
SIM2
SIM3
SIM4
1
21
22
SIM5
SIM1
SIM2
SIM3
SIM4
1
21
22
SIM5
SIM1
SIM2
SIM3
SIM4
1
21
22
SIM5
SIM1
SIM2
SIM3
SIM4
1
21
22
SIM5
SIM1
SIM2
SIM3
SIM4
1
21
22
SIM5
SIM1
SIM2
SIM3
SIM4
1
21
22
SIM5
SIM1
SIM2
SIM3
SIM4
1
21
22
SIM5
SIM1
SIM2
SIM3
SIM4
1
21
22
SIM5
SIM1
SIM2
SIM3
SIM4
1
21
22
SIM5
SIM1
SIM2
SIM3
SIM4
1
21
22
SIM5
SIM1
SIM2
SIM3
SIM4
1
21
22
SIM5
SIM1
SIM2
SIM3
SIM4
1
21
22
SIM5
SIM1
SIM2
SIM3
SIM4
1
21
22
SIM5
SIM1
SIM2
SIM3
SIM4
1
21
22
SIM5
SIM1
SIM2
SIM3
SIM4
1
21
22
SIM5
SIM1
SIM2
SIM3
SIM4
1
21
22
SIM5
SIM1
SIM2
SIM3
SIM4
1
21
22
SIM5
SIM1
SIM2
SIM3
SIM4
1
21
22
SIM5
SIM1
SIM2
SIM3
SIM4
1
21
22
SIM5
SIM1
SIM2
SIM3
SIM4
1
21
22
SIM5
SIM1
SIM2
SIM3
SIM4
1
21
22
SIM5
SIM1
SIM2
SIM3
SIM4
1
21
22
SIM5
SIM1
SIM2
SIM3
SIM4
1
21
22
SIM5
SIM1
SIM2
SIM3
SIM4
1
21
22
SIM5
SIM1
SIM2
SIM3
SIM4
1
21
22
SIM5
SIM1
SIM2
SIM3
SIM4
1
21
22
SIM5
SIM1
SIM2
SIM3
SIM4
1
21
22
SIM5
SIM1
SIM2
SIM3
SIM4
1
21
22
SIM5
SIM1
SIM2
SIM3
SIM4
1
21
22
SIM5
SIM1
SIM2
SIM3
SIM4
1
21
22
SIM5
SIM1
SIM2
SIM3
SIM4
1
21
22
SIM5
SIM1
SIM2
SIM3
SIM4
1
21
22
SIM5
SIM1
SIM2
SIM3
SIM4
1
21
22
SIM5
SIM1
SIM2
SIM3
SIM4
1
21
22
SIM5
SIM1
SIM2
SIM3
SIM4
1
21
22
SIM5
SIM1
SIM2
SIM3
SIM4
1
21
22
SIM5
SIM1
SIM2
SIM3
SIM4
1
21
22
SIM5
SIM1
SIM2
SIM3
SIM4
1
21
22
SIM5
SIM1
SIM2
SIM3
SIM4
1
21
22
SIM5
SIM1
SIM2
SIM3
SIM4
1
21
22
SIM5
SIM1
SIM2
SIM3
SIM4
1
21
22
SIM5
SIM1
SIM2
SIM3
SIM4
1
21
22
SIM5
SIM1
SIM2
SIM3
SIM4
1
21
22
SIM5
SIM1
SIM2
SIM3
SIM4
1
21
22
SIM5
SIM1
SIM2
SIM3
SIM4
1
21
22
SIM5
SIM1
SIM2
SIM3
SIM4
1
21
22
SIM5
SIM1
SIM2
SIM3
SIM4
1
21
22
SIM5
SIM1
SIM2
SIM3
SIM4
1
21
22
SIM5
SIM1
SIM2
SIM3
SIM4
1
21
22
SIM5
SIM1
SIM2
SIM3
SIM4
1
21
22
SIM5
SIM1
SIM2
SIM3
SIM4
1
21
22
SIM5
SIM1
SIM2
SIM3
SIM4
1
21
22
SIM5
SIM1
SIM2
SIM3
SIM4
1
21
22
SIM5
SIM1
SIM2
SIM3
SIM4
1
21
22
SIM5
SIM1
SIM2
SIM3
SIM4
1
21
22
SIM5
SIM1
SIM2
SIM3
SIM4
1
21
22
SIM5
SIM1
SIM2
SIM3
SIM4
1
21
22
SIM5
SIM1
SIM2
SIM3
SIM4
1
21
22
SIM5
SIM1
SIM2
SIM3
SIM4
1
21
22
SIM5
SIM1
SIM2
SIM3
SIM4
1
21
22
SIM5
SIM1
SIM2
SIM3
SIM4
1
21
22
SIM5
SIM1
SIM2
SIM3
SIM4
1
21
22
SIM5
SIM1
SIM2
SIM3
SIM4
1
21
22
SIM5
SIM1
SIM2
SIM3
SIM4
1
21
22
SIM5
SIM1
SIM2
SIM3
SIM4
1
21
22
SIM5
SIM1
SIM2
SIM3
SIM4
1
21
22
SIM5
SIM1
SIM2
SIM3
SIM4
1
21
22
SIM5
SIM1
SIM2
SIM3
SIM4
1
21
22
SIM5
SIM1
SIM2
SIM3
SIM4
1
21
22
SIM5
SIM1
SIM2
SIM3
SIM4
1
21
22
SIM5
SIM1
SIM2
SIM3
SIM4
1
21
22
SIM5
SIM1
SIM2
SIM3
SIM4
1
21
22
SIM5
SIM1
SIM2
SIM3
SIM4
1
21
22
SIM5
SIM1
SIM2
SIM3
SIM4
1
21
22
SIM5
SIM1
SIM2
SIM3
SIM4
1
21
22
SIM5
SIM1
SIM2
SIM3
SIM4
1
21
22
SIM5
SIM1
SIM2
SIM3
SIM4
1
21
22
SIM5
SIM1
SIM2
SIM3
SIM4
1
21
22
SIM5
SIM1
SIM2
SIM3
SIM4
1
21
22
SIM5
SIM1
SIM2
SIM3
SIM4
1
21
22
SIM5
SIM1
SIM2
SIM3
SIM4
1
21
22
SIM5
SIM1
SIM2
SIM3
SIM4
1
21
22
SIM5
SIM1
SIM2
SIM3
SIM4
1
21
22
SIM5
SIM1
SIM2
SIM3
SIM4
1
21
22
SIM5
SIM1
SIM2
SIM3
SIM4
1
21
22
SIM5
SIM1
SIM2
SIM3
SIM4
1
21
22
SIM5
SIM1
SIM2
SIM3
SIM4
1
21
22
SIM5
SIM1
SIM2
SIM3
SIM4
1
21
22
SIM5
SIM1
SIM2
SIM3
SIM4
1
21
22
SIM5
SIM1
SIM2
SIM3
SIM4
1
21
22
SIM5
SIM1
SIM2
SIM3
SIM4
1
21
22
SIM5
SIM1
SIM2
SIM3
SIM4
1
21
22
SIM5
SIM1
SIM2
SIM3
SIM4
1
21
22
SIM5
SIM1
SIM2
SIM3
SIM4
1
21
22
SIM5
SIM1
SIM2
SIM3
SIM4
1
21
22
SIM5
SIM1
SIM2
SIM3
SIM4
1
21
22
SIM5
SIM1
SIM2
SIM3
SIM4
1
21
22
SIM5
SIM1
SIM2
SIM3
SIM4
1
21
22
SIM5
SIM1
SIM2
SIM3
SIM4
1
21
22
SIM5
SIM1
SIM2
SIM3
SIM4
1
21
22
SIM5
SIM1
SIM2
SIM3
SIM4
1
21
22
SIM5
SIM1
SIM2
SIM3
SIM4
1
21
22
SIM5
SIM1
SIM2
SIM3
SIM4
1
21
22
SIM5
SIM1
SIM2
SIM3
SIM4
1
21
22
SIM5
SIM1
SIM2
SIM3
SIM4
1
21
22
SIM5
SIM1
SIM2
SIM3
SIM4
1
21
22
SIM5
SIM1
SIM2
SIM3
SIM4
1
21
22
SIM5
SIM1
SIM2
SIM3
SIM4
1
21
22
SIM5
SIM1
SIM2
SIM3
SIM4
1
21
22
SIM5
SIM1
SIM2
SIM3
SIM4
1
21
22
SIM5
SIM1
SIM2
SIM3
SIM4
1
21
22
SIM5
SIM1
SIM2
SIM3
SIM4
1
21
22
SIM5
SIM1
SIM2
SIM3
SIM4
1
21
22
SIM5
SIM1
SIM2
SIM3
SIM4
1
21
22
SIM5
SIM1
SIM2
SIM3
SIM4
1
21
22
SIM5
SIM1
SIM2
SIM3
SIM4
1
21
22
SIM5
SIM1
SIM2
SIM3
SIM4
1
21
22
SIM5
SIM1
SIM2
SIM3
SIM4
1
21
22
SIM5
SIM1
SIM2
SIM3
SIM4
1
21
22
SIM5
SIM1
SIM2
SIM3
SIM4
1
21
22
SIM5
SIM1
SIM2
SIM3
SIM4
1
21
22
SIM5
SIM1
SIM2
SIM3
SIM4
1
21
22
SIM5
SIM1
SIM2
SIM3
SIM4
1
21
22
SIM5
SIM1
SIM2
SIM3
SIM4
1
21
22
SIM5
SIM1
SIM2
SIM3
SIM4
1
21
22
SIM5
SIM1
SIM2
SIM3
SIM4
1
21
22
SIM5
SIM1
SIM2
SIM3
SIM4
1
21
22
SIM5
SIM1
SIM2
SIM3
SIM4
1
21
22
SIM5
SIM1
SIM2
SIM3
SIM4
1
21
22
SIM5
SIM1
SIM2
SIM3
SIM4
1
21
22
SIM5
SIM1
SIM2
SIM3
SIM4
1
21
22
SIM5
SIM1
SIM2
SIM3
SIM4
1
21
22
SIM5
SIM1
SIM2
SIM3
SIM4
1
21
22
SIM5
SIM1
SIM2
SIM3
SIM4
1
21
22
SIM5
SIM1
SIM2
SIM3
SIM4
1
21
22
SIM5
SIM1
SIM2
SIM3
SIM4
1
21
22
SIM5
SIM1
SIM2
SIM3
SIM4
1
21
22
SIM5
SIM1
SIM2
SIM3
SIM4
1
21
22
SIM5
SIM1
SIM2
SIM3
SIM4
1
21
22
SIM5
SIM1
SIM2
SIM3
SIM4
1
21
22
SIM5
SIM1
SIM2
SIM3
SIM4
1
21
22
SIM5
SIM1
SIM2
SIM3
SIM4
1
21
22
SIM5
SIM1
SIM2
SIM3
SIM4
1
21
22
SIM5
SIM1
SIM2
SIM3
SIM4
1
21
22
SIM5
SIM1
SIM2
SIM3
SIM4
1
21
22
SIM5
SIM1
SIM2
SIM3
SIM4
1
21
22
SIM5
SIM1
SIM2
SIM3
SIM4
1
21
22
SIM5
SIM1
SIM2
SIM3
SIM4
1
21
22
SIM5
SIM1
SIM2
SIM3
SIM4
1
21
22
SIM5
SIM1
SIM2
SIM3
SIM4
1
21
22
SIM5
SIM1
SIM2
SIM3
SIM4
1
21
22
SIM5
SIM1
SIM2
SIM3
SIM4
1
21
22
SIM5
SIM1
SIM2
SIM3
SIM4
1
21
22
SIM5
SIM1
SIM2
SIM3
SIM4
1
21
22
SIM5
SIM1
SIM2
SIM3
SIM4
1
21
22
SIM5
SIM1
SIM2
DEBUG 1 63
SIM1
SIM2
SIM3
SIM4
1
21
22
SIM5
SIM1
SIM2
SIM3
SIM4
1
21
22
SIM5
SIM1
SIM2
SIM3
SIM4
1
21
22
SIM5
SIM1
SIM2
SIM3
SIM4
1
21
22
SIM5
SIM1
SIM2
SIM3
SIM4
1
21
22
SIM5
SIM1
SIM2
SIM3
SIM4
1
21
22
SIM5
SIM1
SIM2
SIM3
SIM4
1
21
22
SIM5
SIM1
SIM2
SIM3
SIM4
1
21
22
SIM5
SIM1
SIM2
SIM3
SIM4
1
21
22
SIM5
SIM1
SIM2
SIM3
SIM4
1
21
22
SIM5
SIM1
SIM2
SIM3
SIM4
1
21
22
SIM5
SIM1
SIM2
SIM3
SIM4
1
21
22
SIM5
SIM1
SIM2
SIM3
SIM4
1
21
22
SIM5
SIM1
SIM2
SIM3
SIM4
1
21
22
SIM5
SIM1
SIM2
SIM3
SIM4
1
21
22
SIM5
SIM1
SIM2
SIM3
SIM4
1
21
22
SIM5
SIM1
SIM2
SIM3
SIM4
1
21
22
SIM5
SIM1
SIM2
SIM3
SIM4
1
21
22
SIM5
SIM1
SIM2
SIM3
SIM4
1
21
22
SIM5
SIM1
SIM2
SIM3
SIM4
1
21
22
SIM5
SIM1
SIM2
SIM3
SIM4
1
21
22
SIM5
SIM1
SIM2
SIM3
SIM4
1
21
22
SIM5
SIM1
SIM2
SIM3
SIM4
1
21
22
SIM5
SIM1
SIM2
SIM3
SIM4
1
21
22
SIM5
SIM1
SIM2
SIM3
SIM4
1
21
22
SIM5
SIM1
SIM2
SIM3
SIM4
1
21
22
SIM5
SIM1
SIM2
SIM3
SIM4
1
21
22
SIM5
SIM1
SIM2
SIM3
SIM4
1
21
22
SIM5
SIM1
SIM2
SIM3
SIM4
1
21
22
SIM5
SIM1
SIM2
SIM3
SIM4
1
21
22
SIM5
SIM1
SIM2
SIM3
SIM4
1
21
22
SIM5
SIM1
SIM2
SIM3
SIM4
1
21
22
SIM5
SIM1
SIM2
SIM3
SIM4
1
21
22
SIM5
SIM1
SIM2
SIM3
SIM4
1
21
22
SIM5
SIM1
SIM2
SIM3
SIM4
1
21
22
SIM5
SIM1
SIM2
SIM3
SIM4
1
21
22
SIM5
SIM1
SIM2
SIM3
SIM4
1
21
22
SIM5
SIM1
SIM2
SIM3
SIM4
1
21
22
SIM5
SIM1
SIM2
SIM3
SIM4
1
21
22
SIM5
SIM1
SIM2
SIM3
SIM4
1
21
22
SIM5
SIM1
SIM2
SIM3
SIM4
1
21
22
SIM5
SIM1
SIM2
SIM3
SIM4
1
21
22
SIM5
SIM1
SIM2
SIM3
SIM4
1
21
22
SIM5
SIM1
SIM2
SIM3
SIM4
1
21
22
SIM5
SIM1
SIM2
SIM3
SIM4
1
21
22
SIM5
SIM1
SIM2
SIM3
SIM4
1
21
22
SIM5
SIM1
SIM2
SIM3
SIM4
1
21
22
SIM5
SIM1
SIM2
SIM3
SIM4
1
21
22
SIM5
SIM1
SIM2
SIM3
SIM4
1
21
22
SIM5
SIM1
SIM2
SIM3
SIM4
1
21
22
SIM5
SIM1
SIM2
SIM3
SIM4
1
21
22
SIM5
SIM1
SIM2
SIM3
SIM4
1
21
22
SIM5
SIM1
SIM2
SIM3
SIM4
1
21
22
SIM5
SIM1
SIM2
SIM3
SIM4
1
21
22
SIM5
SIM1
SIM2
SIM3
SIM4
1
21
22
SIM5
SIM1
SIM2
SIM3
SIM4
1
21
22
SIM5
SIM1
SIM2
SIM3
SIM4
1
21
22
SIM5
SIM1
SIM2
SIM3
SIM4
1
21
22
SIM5
SIM1
SIM2
SIM3
SIM4
1
21
22
SIM5
SIM1
SIM2
SIM3
SIM4
1
21
22
SIM5
SIM1
SIM2
SIM3
SIM4
1
21
22
SIM5
SIM1
SIM2
SIM3
SIM4
1
21
22
SIM5
SIM1
SIM2
SIM3
SIM4
1
21
22
SIM5
SIM1
SIM2
SIM3
SIM4
1
21
22
SIM5
SIM1
SIM2
SIM3
SIM4
1
21
22
SIM5
SIM1
SIM2
SIM3
SIM4
1
21
22
SIM5
SIM1
SIM2
SIM3
SIM4
1
21
22
SIM5
SIM1
SIM2
SIM3
SIM4
1
21
22
SIM5
SIM1
SIM2
SIM3
SIM4
1
21
22
SIM5
SIM1
SIM2
SIM3
SIM4
1
21
22
SIM5
SIM1
SIM2
SIM3
SIM4
1
21
22
SIM5
SIM1
SIM2
SIM3
SIM4
1
21
22
SIM5
SIM1
SIM2
SIM3
SIM4
1
21
22
SIM5
SIM1
SIM2
SIM3
SIM4
1
21
22
SIM5
SIM1
SIM2
SIM3
SIM4
1
21
22
SIM5
SIM1
SIM2
SIM3
SIM4
1
21
22
SIM5
SIM1
SIM2
SIM3
SIM4
1
21
22
SIM5
SIM1
SIM2
SIM3
SIM4
1
21
22
SIM5
SIM1
SIM2
SIM3
SIM4
1
21
22
SIM5
SIM1
SIM2
SIM3
SIM4
1
21
22
SIM5
SIM1
SIM2
SIM3
SIM4
1
21
22
SIM5
SIM1
SIM2
SIM3
SIM4
1
21
22
SIM5
SIM1
SIM2
SIM3
SIM4
1
21
22
SIM5
SIM1
SIM2
SIM3
SIM4
1
21
22
SIM5
SIM1
SIM2
SIM3
SIM4
1
21
22
SIM5
SIM1
SIM2
SIM3
SIM4
1
21
22
SIM5
SIM1
SIM2
SIM3
SIM4
1
21
22
SIM5
SIM1
SIM2
SIM3
SIM4
1
21
22
SIM5
SIM1
SIM2
SIM3
SIM4
1
21
22
SIM5
SIM1
SIM2
SIM3
SIM4
1
21
22
SIM5
SIM1
SIM2
SIM3
SIM4
1
21
22
SIM5
SIM1
SIM2
SIM3
SIM4
1
21
22
SIM5
SIM1
SIM2
SIM3
SIM4
1
21
22
SIM5
SIM1
SIM2
SIM3
SIM4
1
21
22
SIM5
SIM1
SIM2
SIM3
SIM4
1
21
22
SIM5
SIM1
SIM2
SIM3
SIM4
1
21
22
SIM5
SIM1
SIM2
SIM3
SIM4
1
21
22
SIM5
SIM1
SIM2
SIM3
SIM4
1
21
22
SIM5
SIM1
SIM2
SIM3
SIM4
1
21
22
SIM5
SIM1
SIM2
SIM3
SIM4
1
21
22
SIM5
SIM1
SIM2
SIM3
SIM4
1
21
22
SIM5
SIM1
SIM2
SIM3
SIM4
1
21
22
SIM5
SIM1
SIM2
SIM3
SIM4
1
21
22
SIM5
SIM1
SIM2
SIM3
SIM4
1
21
22
SIM5
SIM1
SIM2
SIM3
SIM4
1
21
22
SIM5
SIM1
SIM2
SIM3
SIM4
1
21
22
SIM5
SIM1
SIM2
SIM3
SIM4
1
21
22
SIM5
SIM1
SIM2
SIM3
SIM4
1
21
22
SIM5
SIM1
SIM2
SIM3
SIM4
1
21
22
SIM5
SIM1
SIM2
SIM3
SIM4
1
21
22
SIM5
SIM1
SIM2
SIM3
SIM4
1
21
22
SIM5
SIM1
SIM2
SIM3
SIM4
1
21
22
SIM5
SIM1
SIM2
SIM3
SIM4
1
21
22
SIM5
SIM1
SIM2
SIM3
SIM4
1
21
22
SIM5
SIM1
SIM2
SIM3
SIM4
1
21
22
SIM5
SIM1
SIM2
SIM3
SIM4
1
21
22
SIM5
SIM1
SIM2
SIM3
SIM4
1
21
22
SIM5
SIM1
SIM2
SIM3
SIM4
1
21
22
SIM5
SIM1
SIM2
SIM3
SIM4
1
21
22
SIM5
SIM1
SIM2
SIM3
SIM4
1
21
22
SIM5
SIM1
SIM2
SIM3
SIM4
1
21
22
SIM5
SIM1
SIM2
SIM3
SIM4
1
21
22
SIM5
SIM1
SIM2
SIM3
SIM4
1
21
22
SIM5
SIM1
SIM2
SIM3
SIM4
1
21
22
SIM5
SIM1
SIM2
SIM3
SIM4
1
21
22
SIM5
SIM1
SIM2
SIM3
SIM4
1
21
22
SIM5
SIM1
SIM2
SIM3
SIM4
1
21
22
SIM5
SIM1
SIM2
SIM3
SIM4
1
21
22
SIM5
SIM1
SIM2
SIM3
SIM4
1
21
22
SIM5
SIM1
SIM2
SIM3
SIM4
1
21
22
SIM5
SIM1
SIM2
SIM3
SIM4
1
21
22
SIM5
SIM1
SIM2
SIM3
SIM4
1
21
22
SIM5
SIM1
SIM2
SIM3
SIM4
1
21
22
SIM5
SIM1
SIM2
SIM3
SIM4
1
21
22
SIM5
SIM1
SIM2
SIM3
SIM4
1
21
22
SIM5
SIM1
SIM2
SIM3
SIM4
1
21
22
SIM5
SIM1
SIM2
SIM3
SIM4
1
21
22
SIM5
SIM1
SIM2
SIM3
SIM4
1
21
22
SIM5
SIM1
SIM2
SIM3
SIM4
1
21
22
SIM5
SIM1
SIM2
SIM3
SIM4
1
21
22
SIM5
SIM1
SIM2
SIM3
SIM4
1
21
22
SIM5
SIM1
SIM2
SIM3
SIM4
1
21
22
SIM5
SIM1
SIM2
SIM3
SIM4
1
21
22
SIM5
SIM1
SIM2
SIM3
SIM4
1
21
22
SIM5
SIM1
SIM2
SIM3
SIM4
1
21
22
SIM5
SIM1
SIM2
SIM3
SIM4
1
21
22
SIM5
SIM1
SIM2
SIM3
SIM4
1
21
22
SIM5
SIM1
SIM2
SIM3
SIM4
1
21
22
SIM5
SIM1
SIM2
SIM3
SIM4
1
21
22
SIM5
SIM1
SIM2
SIM3
SIM4
1
21
22
SIM5
SIM1
SIM2
SIM3
SIM4
1
21
22
SIM5
SIM1
SIM2
SIM3
SIM4
1
21
22
SIM5
SIM1
SIM2
SIM3
SIM4
1
21
22
SIM5
SIM1
SIM2
SIM3
SIM4
1
21
22
SIM5
SIM1
SIM2
SIM3
SIM4
1
21
22
SIM5
SIM1
SIM2
SIM3
SIM4
1
21
22
SIM5
SIM1
SIM2
SIM3
SIM4
1
21
22
SIM5
SIM1
SIM2
SIM3
SIM4
1
21
22
SIM5
SIM1
SIM2
SIM3
SIM4
1
21
22
SIM5
SIM1
SIM2
SIM3
SIM4
1
21
22
SIM5
SIM1
SIM2
SIM3
SIM4
1
21
22
SIM5
SIM1
SIM2
SIM3
SIM4
1
21
22
SIM5
SIM1
SIM2
SIM3
SIM4
1
21
22
SIM5
SIM1
SIM2
SIM3
SIM4
1
21
22
SIM5
SIM1
SIM2
SIM3
SIM4
1
21
22
SIM5
SIM1
SIM2
SIM3
SIM4
1
21
22
SIM5
SIM1
SIM2
SIM3
SIM4
1
21
22
SIM5
SIM1
SIM2
SIM3
SIM4
1
21
22
SIM5
SIM1
SIM2
SIM3
SIM4
1
21
22
SIM5
SIM1
SIM2
SIM3
SIM4
1
21
22
SIM5
SIM1
SIM2
SIM3
SIM4
1
21
22
SIM5
SIM1
SIM2
SIM3
SIM4
1
21
22
SIM5
SIM1
SIM2
SIM3
SIM4
1
21
22
SIM5
SIM1
SIM2
SIM3
SIM4
1
21
22
SIM5
SIM1
SIM2
SIM3
SIM4
1
21
22
SIM5
SIM1
SIM2
SIM3
SIM4
1
21
22
SIM5
SIM1
SIM2
SIM3
SIM4
1
21
22
SIM5
SIM1
SIM2
SIM3
SIM4
1
21
22
SIM5
SIM1
SIM2
SIM3
SIM4
1
21
22
SIM5
SIM1
SIM2
SIM3
SIM4
1
21
22
SIM5
SIM1
SIM2
SIM3
SIM4
1
21
22
SIM5
SIM1
SIM2
SIM3
SIM4
1
21
22
SIM5
SIM1
SIM2
SIM3
SIM4
1
21
22
SIM5
SIM1
SIM2
SIM3
SIM4
1
21
22
SIM5
SIM1
SIM2
SIM3
SIM4
1
21
22
SIM5
SIM1
SIM2
SIM3
SIM4
1
21
22
SIM5
SIM1
SIM2
SIM3
SIM4
1
21
22
SIM5
SIM1
SIM2
SIM3
SIM4
1
21
22
SIM5
SIM1
SIM2
SIM3
SIM4
1
21
22
SIM5
SIM1
SIM2
SIM3
SIM4
1
21
22
SIM5
SIM1
SIM2
SIM3
SIM4
1
21
22
SIM5
SIM1
SIM2
SIM3
SIM4
1
21
22
SIM5
SIM1
SIM2
SIM3
SIM4
1
21
22
SIM5
SIM1
SIM2
SIM3
SIM4
1
21
22
SIM5
SIM1
SIM2
SIM3
SIM4
1
21
22
SIM5
SIM1
SIM2
SIM3
SIM4
1
21
22
SIM5
SIM1
SIM2
SIM3
SIM4
1
21
22
SIM5
SIM1
SIM2
SIM3
SIM4
1
21
22
SIM5
SIM1
SIM2
SIM3
SIM4
1
21
22
SIM5
SIM1
SIM2
SIM3
SIM4
1
21
22
SIM5
SIM1
SIM2
SIM3
SIM4
1
21
22
SIM5
SIM1
SIM2
SIM3
SIM4
1
21
22
SIM5
SIM1
SIM2
SIM3
SIM4
1
21
22
SIM5
SIM1
SIM2
SIM3
SIM4
1
21
22
SIM5
SIM1
SIM2
SIM3
SIM4
1
21
22
SIM5
SIM1
SIM2
SIM3
SIM4
1
21
22
SIM5
SIM1
SIM2
SIM3
SIM4
1
21
22
SIM5
SIM1
SIM2
SIM3
SIM4
1
21
22
SIM5
SIM1
SIM2
SIM3
SIM4
1
21
22
SIM5
SIM1
SIM2
SIM3
SIM4
1
21
22
SIM5
SIM1
SIM2
SIM3
SIM4
1
21
22
SIM5
SIM1
SIM2
SIM3
SIM4
1
21
22
SIM5
SIM1
SIM2
SIM3
SIM4
1
21
22
SIM5
SIM1
SIM2
SIM3
SIM4
1
21
22
SIM5
SIM1
SIM2
SIM3
SIM4
1
21
22
SIM5
SIM1
SIM2
SIM3
SIM4
1
21
22
SIM5
SIM1
SIM2
SIM3
SIM4
1
21
22
SIM5
SIM1
SIM2
SIM3
SIM4
1
21
22
SIM5
SIM1
SIM2
SIM3
SIM4
1
21
22
SIM5
SIM1
SIM2
SIM3
SIM4
1
21
22
SIM5
SIM1
SIM2
SIM3
SIM4
1
21
22
SIM5
SIM1
SIM2
SIM3
SIM4
1
21
22
SIM5
SIM1
SIM2
SIM3
SIM4
1
21
22
SIM5
SIM1
SIM2
SIM3
SIM4
1
21
22
SIM5
SIM1
SIM2
SIM3
SIM4
1
21
22
SIM5
SIM1
SIM2
SIM3
SIM4
1
21
22
SIM5
SIM1
SIM2
SIM3
SIM4
1
21
22
SIM5
SIM1
SIM2
SIM3
SIM4
1
21
22
SIM5
SIM1
SIM2
SIM3
SIM4
1
21
22
SIM5
SIM1
SIM2
SIM3
SIM4
1
21
22
SIM5
SIM1
SIM2
SIM3
SIM4
1
21
22
SIM5
SIM1
SIM2
SIM3
SIM4
1
21
22
SIM5
SIM1
SIM2
SIM3
SIM4
1
21
22
SIM5
SIM1
SIM2
SIM3
SIM4
1
21
22
SIM5
SIM1
SIM2
SIM3
SIM4
1
21
22
SIM5
SIM1
SIM2
SIM3
SIM4
1
21
22
SIM5
SIM1
SIM2
SIM3
SIM4
1
21
22
SIM5
SIM1
SIM2
SIM3
SIM4
1
21
22
SIM5
SIM1
SIM2
SIM3
SIM4
1
21
22
SIM5
SIM1
SIM2
SIM3
SIM4
1
21
22
SIM5
SIM1
SIM2
SIM3
SIM4
1
21
22
SIM5
SIM1
SIM2
SIM3
SIM4
1
21
22
SIM5
SIM1
SIM2
SIM3
SIM4
1
21
22
SIM5
SIM1
SIM2
SIM3
SIM4
1
21
22
SIM5
SIM1
SIM2
SIM3
SIM4
1
21
22
SIM5
SIM1
SIM2
SIM3
SIM4
1
21
22
SIM5
SIM1
SIM2
SIM3
SIM4
1
21
22
SIM5
SIM1
SIM2
SIM3
SIM4
1
21
22
SIM5
SIM1
SIM2
SIM3
SIM4
1
21
22
SIM5
SIM1
SIM2
SIM3
SIM4
1
21
22
SIM5
SIM1
SIM2
SIM3
SIM4
1
21
22
SIM5
SIM1
SIM2
SIM3
SIM4
1
21
22
SIM5
SIM1
SIM2
SIM3
SIM4
1
21
22
SIM5
SIM1
SIM2
SIM3
SIM4
1
21
22
SIM5
SIM1
SIM2
SIM3
SIM4
1
21
22
SIM5
SIM1
SIM2
SIM3
SIM4
1
21
22
SIM5
SIM1
SIM2
SIM3
SIM4
1
21
22
SIM5
SIM1
SIM2
SIM3
SIM4
1
21
22
SIM5
SIM1
SIM2
SIM3
SIM4
1
21
22
SIM5
SIM1
SIM2
SIM3
SIM4
1
21
22
SIM5
SIM1
SIM2
SIM3
SIM4
1
21
22
SIM5
SIM1
SIM2
SIM3
SIM4
1
21
22
SIM5
SIM1
SIM2
SIM3
SIM4
1
21
22
SIM5
SIM1
SIM2
SIM3
SIM4
1
21
22
SIM5
SIM1
SIM2
SIM3
SIM4
1
21
22
SIM5
SIM1
SIM2
SIM3
SIM4
1
21
22
SIM5
SIM1
SIM2
SIM3
SIM4
1
21
22
SIM5
SIM1
SIM2
SIM3
SIM4
1
21
22
SIM5
SIM1
SIM2
SIM3
SIM4
1
21
22
SIM5
SIM1
SIM2
SIM3
SIM4
1
21
22
SIM5
SIM1
SIM2
SIM3
SIM4
1
21
22
SIM5
SIM1
SIM2
SIM3
SIM4
1
21
22
SIM5
SIM1
SIM2
SIM3
SIM4
1
21
22
SIM5
SIM1
SIM2
SIM3
SIM4
1
21
22
SIM5
SIM1
SIM2
SIM3
SIM4
1
21
22
SIM5
SIM1
SIM2
SIM3
SIM4
1
21
22
SIM5
SIM1
SIM2
SIM3
SIM4
1
21
22
SIM5
SIM1
SIM2
SIM3
SIM4
1
21
22
SIM5
SIM1
SIM2
SIM3
SIM4
1
21
22
SIM5
SIM1
SIM2
SIM3
SIM4
1
21
22
SIM5
SIM1
SIM2
SIM3
SIM4
1
21
22
SIM5
SIM1
SIM2
SIM3
SIM4
1
21
22
SIM5
SIM1
SIM2
SIM3
SIM4
1
21
22
SIM5
SIM1
SIM2
SIM3
SIM4
1
21
22
SIM5
SIM1
SIM2
SIM3
SIM4
1
21
22
SIM5
SIM1
SIM2
SIM3
SIM4
1
21
22
SIM5
SIM1
SIM2
SIM3
SIM4
1
21
22
SIM5
SIM1
SIM2
DEBUG 1 64
SIM1
SIM2
SIM3
SIM4
1
21
22
SIM5
SIM1
SIM2
SIM3
SIM4
1
21
22
SIM5
SIM1
SIM2
SIM3
SIM4
1
21
22
SIM5
SIM1
SIM2
SIM3
SIM4
1
21
22
SIM5
SIM1
SIM2
SIM3
SIM4
1
21
22
SIM5
SIM1
SIM2
SIM3
SIM4
1
21
22
SIM5
SIM1
SIM2
SIM3
SIM4
1
21
22
SIM5
SIM1
SIM2
SIM3
SIM4
1
21
22
SIM5
SIM1
SIM2
SIM3
SIM4
1
21
22
SIM5
SIM1
SIM2
SIM3
SIM4
1
21
22
SIM5
SIM1
SIM2
SIM3
SIM4
1
21
22
SIM5
SIM1
SIM2
SIM3
SIM4
1
21
22
SIM5
SIM1
SIM2
SIM3
SIM4
1
21
22
SIM5
SIM1
SIM2
SIM3
SIM4
1
21
22
SIM5
SIM1
SIM2
SIM3
SIM4
1
21
22
SIM5
SIM1
SIM2
SIM3
SIM4
1
21
22
SIM5
SIM1
SIM2
SIM3
SIM4
1
21
22
SIM5
SIM1
SIM2
SIM3
SIM4
1
21
22
SIM5
SIM1
SIM2
SIM3
SIM4
1
21
22
SIM5
SIM1
SIM2
SIM3
SIM4
1
21
22
SIM5
SIM1
SIM2
SIM3
SIM4
1
21
22
SIM5
SIM1
SIM2
SIM3
SIM4
1
21
22
SIM5
SIM1
SIM2
SIM3
SIM4
1
21
22
SIM5
SIM1
SIM2
SIM3
SIM4
1
21
22
SIM5
SIM1
SIM2
SIM3
SIM4
1
21
22
SIM5
SIM1
SIM2
SIM3
SIM4
1
21
22
SIM5
SIM1
SIM2
SIM3
SIM4
1
21
22
SIM5
SIM1
SIM2
SIM3
SIM4
1
21
22
SIM5
SIM1
SIM2
SIM3
SIM4
1
21
22
SIM5
SIM1
SIM2
SIM3
SIM4
1
21
22
SIM5
SIM1
SIM2
SIM3
SIM4
1
21
22
SIM5
SIM1
SIM2
SIM3
SIM4
1
21
22
SIM5
SIM1
SIM2
SIM3
SIM4
1
21
22
SIM5
SIM1
SIM2
SIM3
SIM4
1
21
22
SIM5
SIM1
SIM2
SIM3
SIM4
1
21
22
SIM5
SIM1
SIM2
SIM3
SIM4
1
21
22
SIM5
SIM1
SIM2
SIM3
SIM4
1
21
22
SIM5
SIM1
SIM2
SIM3
SIM4
1
21
22
SIM5
SIM1
SIM2
SIM3
SIM4
1
21
22
SIM5
SIM1
SIM2
SIM3
SIM4
1
21
22
SIM5
SIM1
SIM2
SIM3
SIM4
1
21
22
SIM5
SIM1
SIM2
SIM3
SIM4
1
21
22
SIM5
SIM1
SIM2
SIM3
SIM4
1
21
22
SIM5
SIM1
SIM2
SIM3
SIM4
1
21
22
SIM5
SIM1
SIM2
SIM3
SIM4
1
21
22
SIM5
SIM1
SIM2
SIM3
SIM4
1
21
22
SIM5
SIM1
SIM2
SIM3
SIM4
1
21
22
SIM5
SIM1
SIM2
SIM3
SIM4
1
21
22
SIM5
SIM1
SIM2
SIM3
SIM4
1
21
22
SIM5
SIM1
SIM2
SIM3
SIM4
1
21
22
SIM5
SIM1
SIM2
SIM3
SIM4
1
21
22
SIM5
SIM1
SIM2
SIM3
SIM4
1
21
22
SIM5
SIM1
SIM2
SIM3
SIM4
1
21
22
SIM5
SIM1
SIM2
SIM3
SIM4
1
21
22
SIM5
SIM1
SIM2
SIM3
SIM4
1
21
22
SIM5
SIM1
SIM2
SIM3
SIM4
1
21
22
SIM5
SIM1
SIM2
SIM3
SIM4
1
21
22
SIM5
SIM1
SIM2
SIM3
SIM4
1
21
22
SIM5
SIM1
SIM2
SIM3
SIM4
1
21
22
SIM5
SIM1
SIM2
SIM3
SIM4
1
21
22
SIM5
SIM1
SIM2
SIM3
SIM4
1
21
22
SIM5
SIM1
SIM2
SIM3
SIM4
1
21
22
SIM5
SIM1
SIM2
SIM3
SIM4
1
21
22
SIM5
SIM1
SIM2
SIM3
SIM4
1
21
22
SIM5
SIM1
SIM2
SIM3
SIM4
1
21
22
SIM5
SIM1
SIM2
SIM3
SIM4
1
21
22
SIM5
SIM1
SIM2
SIM3
SIM4
1
21
22
SIM5
SIM1
SIM2
SIM3
SIM4
1
21
22
SIM5
SIM1
SIM2
SIM3
SIM4
1
21
22
SIM5
SIM1
SIM2
SIM3
SIM4
1
21
22
SIM5
SIM1
SIM2
SIM3
SIM4
1
21
22
SIM5
SIM1
SIM2
SIM3
SIM4
1
21
22
SIM5
SIM1
SIM2
SIM3
SIM4
1
21
22
SIM5
SIM1
SIM2
SIM3
SIM4
1
21
22
SIM5
SIM1
SIM2
SIM3
SIM4
1
21
22
SIM5
SIM1
SIM2
SIM3
SIM4
1
21
22
SIM5
SIM1
SIM2
SIM3
SIM4
1
21
22
SIM5
SIM1
SIM2
SIM3
SIM4
1
21
22
SIM5
SIM1
SIM2
SIM3
SIM4
1
21
22
SIM5
SIM1
SIM2
SIM3
SIM4
1
21
22
SIM5
SIM1
SIM2
SIM3
SIM4
1
21
22
SIM5
SIM1
SIM2
SIM3
SIM4
1
21
22
SIM5
SIM1
SIM2
SIM3
SIM4
1
21
22
SIM5
SIM1
SIM2
SIM3
SIM4
1
21
22
SIM5
SIM1
SIM2
SIM3
SIM4
1
21
22
SIM5
SIM1
SIM2
SIM3
SIM4
1
21
22
SIM5
SIM1
SIM2
SIM3
SIM4
1
21
22
SIM5
SIM1
SIM2
SIM3
SIM4
1
21
22
SIM5
SIM1
SIM2
SIM3
SIM4
1
21
22
SIM5
SIM1
SIM2
SIM3
SIM4
1
21
22
SIM5
SIM1
SIM2
SIM3
SIM4
1
21
22
SIM5
SIM1
SIM2
SIM3
SIM4
1
21
22
SIM5
SIM1
SIM2
SIM3
SIM4
1
21
22
SIM5
SIM1
SIM2
SIM3
SIM4
1
21
22
SIM5
SIM1
SIM2
SIM3
SIM4
1
21
22
SIM5
SIM1
SIM2
SIM3
SIM4
1
21
22
SIM5
SIM1
SIM2
SIM3
SIM4
1
21
22
SIM5
SIM1
SIM2
SIM3
SIM4
1
21
22
SIM5
SIM1
SIM2
SIM3
SIM4
1
21
22
SIM5
SIM1
SIM2
SIM3
SIM4
1
21
22
SIM5
SIM1
SIM2
SIM3
SIM4
1
21
22
SIM5
SIM1
SIM2
SIM3
SIM4
1
21
22
SIM5
SIM1
SIM2
SIM3
SIM4
1
21
22
SIM5
SIM1
SIM2
SIM3
SIM4
1
21
22
SIM5
SIM1
SIM2
SIM3
SIM4
1
21
22
SIM5
SIM1
SIM2
SIM3
SIM4
1
21
22
SIM5
SIM1
SIM2
SIM3
SIM4
1
21
22
SIM5
SIM1
SIM2
SIM3
SIM4
1
21
22
SIM5
SIM1
SIM2
SIM3
SIM4
1
21
22
SIM5
SIM1
SIM2
SIM3
SIM4
1
21
22
SIM5
SIM1
SIM2
SIM3
SIM4
1
21
22
SIM5
SIM1
SIM2
SIM3
SIM4
1
21
22
SIM5
SIM1
SIM2
SIM3
SIM4
1
21
22
SIM5
SIM1
SIM2
SIM3
SIM4
1
21
22
SIM5
SIM1
SIM2
SIM3
SIM4
1
21
22
SIM5
SIM1
SIM2
SIM3
SIM4
1
21
22
SIM5
SIM1
SIM2
SIM3
SIM4
1
21
22
SIM5
SIM1
SIM2
SIM3
SIM4
1
21
22
SIM5
SIM1
SIM2
SIM3
SIM4
1
21
22
SIM5
SIM1
SIM2
SIM3
SIM4
1
21
22
SIM5
SIM1
SIM2
SIM3
SIM4
1
21
22
SIM5
SIM1
SIM2
SIM3
SIM4
1
21
22
SIM5
SIM1
SIM2
SIM3
SIM4
1
21
22
SIM5
SIM1
SIM2
SIM3
SIM4
1
21
22
SIM5
SIM1
SIM2
SIM3
SIM4
1
21
22
SIM5
SIM1
SIM2
SIM3
SIM4
1
21
22
SIM5
SIM1
SIM2
SIM3
SIM4
1
21
22
SIM5
SIM1
SIM2
SIM3
SIM4
1
21
22
SIM5
SIM1
SIM2
SIM3
SIM4
1
21
22
SIM5
SIM1
SIM2
SIM3
SIM4
1
21
22
SIM5
SIM1
SIM2
SIM3
SIM4
1
21
22
SIM5
SIM1
SIM2
SIM3
SIM4
1
21
22
SIM5
SIM1
SIM2
SIM3
SIM4
1
21
22
SIM5
SIM1
SIM2
SIM3
SIM4
1
21
22
SIM5
SIM1
SIM2
SIM3
SIM4
1
21
22
SIM5
SIM1
SIM2
SIM3
SIM4
1
21
22
SIM5
SIM1
SIM2
SIM3
SIM4
1
21
22
SIM5
SIM1
SIM2
SIM3
SIM4
1
21
22
SIM5
SIM1
SIM2
SIM3
SIM4
1
21
22
SIM5
SIM1
SIM2
SIM3
SIM4
1
21
22
SIM5
SIM1
SIM2
SIM3
SIM4
1
21
22
SIM5
SIM1
SIM2
SIM3
SIM4
1
21
22
SIM5
SIM1
SIM2
SIM3
SIM4
1
21
22
SIM5
SIM1
SIM2
SIM3
SIM4
1
21
22
SIM5
SIM1
SIM2
SIM3
SIM4
1
21
22
SIM5
SIM1
SIM2
SIM3
SIM4
1
21
22
SIM5
SIM1
SIM2
SIM3
SIM4
1
21
22
SIM5
SIM1
SIM2
SIM3
SIM4
1
21
22
SIM5
SIM1
SIM2
SIM3
SIM4
1
21
22
SIM5
SIM1
SIM2
SIM3
SIM4
1
21
22
SIM5
SIM1
SIM2
SIM3
SIM4
1
21
22
SIM5
SIM1
SIM2
SIM3
SIM4
1
21
22
SIM5
SIM1
SIM2
SIM3
SIM4
1
21
22
SIM5
SIM1
SIM2
SIM3
SIM4
1
21
22
SIM5
SIM1
SIM2
SIM3
SIM4
1
21
22
SIM5
SIM1
SIM2
SIM3
SIM4
1
21
22
SIM5
SIM1
SIM2
SIM3
SIM4
1
21
22
SIM5
SIM1
SIM2
SIM3
SIM4
1
21
22
SIM5
SIM1
SIM2
SIM3
SIM4
1
21
22
SIM5
SIM1
SIM2
SIM3
SIM4
1
21
22
SIM5
SIM1
SIM2
SIM3
SIM4
1
21
22
SIM5
SIM1
SIM2
SIM3
SIM4
1
21
22
SIM5
SIM1
SIM2
SIM3
SIM4
1
21
22
SIM5
SIM1
SIM2
SIM3
SIM4
1
21
22
SIM5
SIM1
SIM2
SIM3
SIM4
1
21
22
SIM5
SIM1
SIM2
SIM3
SIM4
1
21
22
SIM5
SIM1
SIM2
SIM3
SIM4
1
21
22
SIM5
SIM1
SIM2
SIM3
SIM4
1
21
22
SIM5
SIM1
SIM2
SIM3
SIM4
1
21
22
SIM5
SIM1
SIM2
SIM3
SIM4
1
21
22
SIM5
SIM1
SIM2
SIM3
SIM4
1
21
22
SIM5
SIM1
SIM2
SIM3
SIM4
1
21
22
SIM5
SIM1
SIM2
DEBUG 1 65
SIM1
SIM2
SIM3
SIM4
1
21
22
SIM5
SIM1
SIM2
SIM3
SIM4
1
21
22
SIM5
SIM1
SIM2
SIM3
SIM4
1
21
22
SIM5
SIM1
SIM2
SIM3
SIM4
1
21
22
SIM5
SIM1
SIM2
SIM3
SIM4
1
21
22
SIM5
SIM1
SIM2
SIM3
SIM4
1
21
22
SIM5
SIM1
SIM2
SIM3
SIM4
1
21
22
SIM5
SIM1
SIM2
SIM3
SIM4
1
21
22
SIM5
SIM1
SIM2
SIM3
SIM4
1
21
22
SIM5
SIM1
SIM2
SIM3
SIM4
1
21
22
SIM5
SIM1
SIM2
SIM3
SIM4
1
21
22
SIM5
SIM1
SIM2
SIM3
SIM4
1
21
22
SIM5
SIM1
SIM2
SIM3
SIM4
1
21
22
SIM5
SIM1
SIM2
SIM3
SIM4
1
21
22
SIM5
SIM1
SIM2
SIM3
SIM4
1
21
22
SIM5
SIM1
SIM2
SIM3
SIM4
1
21
22
SIM5
SIM1
SIM2
SIM3
SIM4
1
21
22
SIM5
SIM1
SIM2
SIM3
SIM4
1
21
22
SIM5
SIM1
SIM2
SIM3
SIM4
1
21
22
SIM5
SIM1
SIM2
SIM3
SIM4
1
21
22
SIM5
SIM1
SIM2
SIM3
SIM4
1
21
22
SIM5
SIM1
SIM2
SIM3
SIM4
1
21
22
SIM5
SIM1
SIM2
SIM3
SIM4
1
21
22
SIM5
SIM1
SIM2
SIM3
SIM4
1
21
22
SIM5
SIM1
SIM2
SIM3
SIM4
1
21
22
SIM5
SIM1
SIM2
SIM3
SIM4
1
21
22
SIM5
SIM1
SIM2
SIM3
SIM4
1
21
22
SIM5
SIM1
SIM2
SIM3
SIM4
1
21
22
SIM5
SIM1
SIM2
SIM3
SIM4
1
21
22
SIM5
SIM1
SIM2
SIM3
SIM4
1
21
22
SIM5
SIM1
SIM2
SIM3
SIM4
1
21
22
SIM5
SIM1
SIM2
SIM3
SIM4
1
21
22
SIM5
SIM1
SIM2
SIM3
SIM4
1
21
22
SIM5
SIM1
SIM2
SIM3
SIM4
1
21
22
SIM5
SIM1
SIM2
SIM3
SIM4
1
21
22
SIM5
SIM1
SIM2
SIM3
SIM4
1
21
22
SIM5
SIM1
SIM2
SIM3
SIM4
1
21
22
SIM5
SIM1
SIM2
SIM3
SIM4
1
21
22
SIM5
SIM1
SIM2
SIM3
SIM4
1
21
22
SIM5
SIM1
SIM2
SIM3
SIM4
1
21
22
SIM5
SIM1
SIM2
SIM3
SIM4
1
21
22
SIM5
SIM1
SIM2
SIM3
SIM4
1
21
22
SIM5
SIM1
SIM2
SIM3
SIM4
1
21
22
SIM5
SIM1
SIM2
SIM3
SIM4
1
21
22
SIM5
SIM1
SIM2
SIM3
SIM4
1
21
22
SIM5
SIM1
SIM2
SIM3
SIM4
1
21
22
SIM5
SIM1
SIM2
SIM3
SIM4
1
21
22
SIM5
SIM1
SIM2
SIM3
SIM4
1
21
22
SIM5
SIM1
SIM2
SIM3
SIM4
1
21
22
SIM5
SIM1
SIM2
SIM3
SIM4
1
21
22
SIM5
SIM1
SIM2
SIM3
SIM4
1
21
22
SIM5
SIM1
SIM2
SIM3
SIM4
1
21
22
SIM5
SIM1
SIM2
SIM3
SIM4
1
21
22
SIM5
SIM1
SIM2
SIM3
SIM4
1
21
22
SIM5
SIM1
SIM2
SIM3
SIM4
1
21
22
SIM5
SIM1
SIM2
SIM3
SIM4
1
21
22
SIM5
SIM1
SIM2
SIM3
SIM4
1
21
22
SIM5
SIM1
SIM2
SIM3
SIM4
1
21
22
SIM5
SIM1
SIM2
SIM3
SIM4
1
21
22
SIM5
SIM1
SIM2
SIM3
SIM4
1
21
22
SIM5
SIM1
SIM2
SIM3
SIM4
1
21
22
SIM5
SIM1
SIM2
SIM3
SIM4
1
21
22
SIM5
SIM1
SIM2
SIM3
SIM4
1
21
22
SIM5
SIM1
SIM2
SIM3
SIM4
1
21
22
SIM5
SIM1
SIM2
SIM3
SIM4
1
21
22
SIM5
SIM1
SIM2
SIM3
SIM4
1
21
22
SIM5
SIM1
SIM2
SIM3
SIM4
1
21
22
SIM5
SIM1
SIM2
SIM3
SIM4
1
21
22
SIM5
SIM1
SIM2
SIM3
SIM4
1
21
22
SIM5
SIM1
SIM2
SIM3
SIM4
1
21
22
SIM5
SIM1
SIM2
SIM3
SIM4
1
21
22
SIM5
SIM1
SIM2
SIM3
SIM4
1
21
22
SIM5
SIM1
SIM2
SIM3
SIM4
1
21
22
SIM5
SIM1
SIM2
SIM3
SIM4
1
21
22
SIM5
SIM1
SIM2
SIM3
SIM4
1
21
22
SIM5
SIM1
SIM2
SIM3
SIM4
1
21
22
SIM5
SIM1
SIM2
SIM3
SIM4
1
21
22
SIM5
SIM1
SIM2
SIM3
SIM4
1
21
22
SIM5
SIM1
SIM2
SIM3
SIM4
1
21
22
SIM5
SIM1
SIM2
SIM3
SIM4
1
21
22
SIM5
SIM1
SIM2
SIM3
SIM4
1
21
22
SIM5
SIM1
SIM2
SIM3
SIM4
1
21
22
SIM5
SIM1
SIM2
SIM3
SIM4
1
21
22
SIM5
SIM1
SIM2
SIM3
SIM4
1
21
22
SIM5
SIM1
SIM2
SIM3
SIM4
1
21
22
SIM5
SIM1
SIM2
SIM3
SIM4
1
21
22
SIM5
SIM1
SIM2
SIM3
SIM4
1
21
22
SIM5
SIM1
SIM2
SIM3
SIM4
1
21
22
SIM5
SIM1
SIM2
SIM3
SIM4
1
21
22
SIM5
SIM1
SIM2
SIM3
SIM4
1
21
22
SIM5
SIM1
SIM2
SIM3
SIM4
1
21
22
SIM5
SIM1
SIM2
SIM3
SIM4
1
21
22
SIM5
SIM1
SIM2
SIM3
SIM4
1
21
22
SIM5
SIM1
SIM2
SIM3
SIM4
1
21
22
SIM5
SIM1
SIM2
SIM3
SIM4
1
21
22
SIM5
SIM1
SIM2
SIM3
SIM4
1
21
22
SIM5
SIM1
SIM2
SIM3
SIM4
1
21
22
SIM5
SIM1
SIM2
SIM3
SIM4
1
21
22
SIM5
SIM1
SIM2
SIM3
SIM4
1
21
22
SIM5
SIM1
SIM2
SIM3
SIM4
1
21
22
SIM5
SIM1
SIM2
SIM3
SIM4
1
21
22
SIM5
SIM1
SIM2
SIM3
SIM4
1
21
22
SIM5
SIM1
SIM2
SIM3
SIM4
1
21
22
SIM5
SIM1
SIM2
SIM3
SIM4
1
21
22
SIM5
SIM1
SIM2
SIM3
SIM4
1
21
22
SIM5
SIM1
SIM2
SIM3
SIM4
1
21
22
SIM5
SIM1
SIM2
SIM3
SIM4
1
21
22
SIM5
SIM1
SIM2
SIM3
SIM4
1
21
22
SIM5
SIM1
SIM2
SIM3
SIM4
1
21
22
SIM5
SIM1
SIM2
SIM3
SIM4
1
21
22
SIM5
SIM1
SIM2
SIM3
SIM4
1
21
22
SIM5
SIM1
SIM2
SIM3
SIM4
1
21
22
SIM5
SIM1
SIM2
SIM3
SIM4
1
21
22
SIM5
SIM1
SIM2
SIM3
SIM4
1
21
22
SIM5
SIM1
SIM2
SIM3
SIM4
1
21
22
SIM5
SIM1
SIM2
SIM3
SIM4
1
21
22
SIM5
SIM1
SIM2
SIM3
SIM4
1
21
22
SIM5
SIM1
SIM2
SIM3
SIM4
1
21
22
SIM5
SIM1
SIM2
SIM3
SIM4
1
21
22
SIM5
SIM1
SIM2
SIM3
SIM4
1
21
22
SIM5
SIM1
SIM2
SIM3
SIM4
1
21
22
SIM5
SIM1
SIM2
SIM3
SIM4
1
21
22
SIM5
SIM1
SIM2
SIM3
SIM4
1
21
22
SIM5
SIM1
SIM2
SIM3
SIM4
1
21
22
SIM5
SIM1
SIM2
SIM3
SIM4
1
21
22
SIM5
SIM1
SIM2
SIM3
SIM4
1
21
22
SIM5
SIM1
SIM2
SIM3
SIM4
1
21
22
SIM5
SIM1
SIM2
SIM3
SIM4
1
21
22
SIM5
SIM1
SIM2
SIM3
SIM4
1
21
22
SIM5
SIM1
SIM2
SIM3
SIM4
1
21
22
SIM5
SIM1
SIM2
SIM3
SIM4
1
21
22
SIM5
SIM1
SIM2
SIM3
SIM4
1
21
22
SIM5
SIM1
SIM2
SIM3
SIM4
1
21
22
SIM5
SIM1
SIM2
SIM3
SIM4
1
21
22
SIM5
SIM1
SIM2
SIM3
SIM4
1
21
22
SIM5
SIM1
SIM2
SIM3
SIM4
1
21
22
SIM5
SIM1
SIM2
SIM3
SIM4
1
21
22
SIM5
SIM1
SIM2
SIM3
SIM4
1
21
22
SIM5
SIM1
SIM2
SIM3
SIM4
1
21
22
SIM5
SIM1
SIM2
SIM3
SIM4
1
21
22
SIM5
SIM1
SIM2
SIM3
SIM4
1
21
22
SIM5
SIM1
SIM2
SIM3
SIM4
1
21
22
SIM5
SIM1
SIM2
SIM3
SIM4
1
21
22
SIM5
SIM1
SIM2
SIM3
SIM4
1
21
22
SIM5
SIM1
SIM2
SIM3
SIM4
1
21
22
SIM5
SIM1
SIM2
SIM3
SIM4
1
21
22
SIM5
SIM1
SIM2
SIM3
SIM4
1
21
22
SIM5
SIM1
SIM2
SIM3
SIM4
1
21
22
SIM5
SIM1
SIM2
SIM3
SIM4
1
21
22
SIM5
SIM1
SIM2
SIM3
SIM4
1
21
22
SIM5
SIM1
SIM2
SIM3
SIM4
1
21
22
SIM5
SIM1
SIM2
SIM3
SIM4
1
21
22
SIM5
SIM1
SIM2
SIM3
SIM4
1
21
22
SIM5
SIM1
SIM2
SIM3
SIM4
1
21
22
SIM5
SIM1
SIM2
SIM3
SIM4
1
21
22
SIM5
SIM1
SIM2
SIM3
SIM4
1
21
22
SIM5
SIM1
SIM2
SIM3
SIM4
1
21
22
SIM5
SIM1
SIM2
SIM3
SIM4
1
21
22
SIM5
SIM1
SIM2
SIM3
SIM4
1
21
22
SIM5
SIM1
SIM2
SIM3
SIM4
1
21
22
SIM5
SIM1
SIM2
SIM3
SIM4
1
21
22
SIM5
SIM1
SIM2
SIM3
SIM4
1
21
22
SIM5
SIM1
SIM2
SIM3
SIM4
1
21
22
SIM5
SIM1
SIM2
SIM3
SIM4
1
21
22
SIM5
SIM1
SIM2
SIM3
SIM4
1
21
22
SIM5
SIM1
SIM2
SIM3
SIM4
1
21
22
SIM5
SIM1
SIM2
SIM3
SIM4
1
21
22
SIM5
SIM1
SIM2
SIM3
SIM4
1
21
22
SIM5
SIM1
SIM2
SIM3
SIM4
1
21
22
SIM5
SIM1
SIM2
SIM3
SIM4
1
21
22
SIM5
SIM1
SIM2
SIM3
SIM4
1
21
22
SIM5
SIM1
SIM2
SIM3
SIM4
1
21
22
SIM5
SIM1
SIM2
SIM3
SIM4
1
21
22
SIM5
SIM1
SIM2
SIM3
SIM4
1
21
22
SIM5
SIM1
SIM2
SIM3
SIM4
1
21
22
SIM5
SIM1
SIM2
SIM3
SIM4
1
21
22
SIM5
SIM1
SIM2
SIM3
SIM4
1
21
22
SIM5
SIM1
SIM2
SIM3
SIM4
1
21
22
SIM5
SIM1
SIM2
SIM3
SIM4
1
21
22
SIM5
SIM1
SIM2
SIM3
SIM4
1
21
22
SIM5
SIM1
SIM2
SIM3
SIM4
1
21
22
SIM5
SIM1
SIM2
SIM3
SIM4
1
21
22
SIM5
SIM1
SIM2
SIM3
SIM4
1
21
22
SIM5
SIM1
SIM2
SIM3
SIM4
1
21
22
SIM5
SIM1
SIM2
SIM3
SIM4
1
21
22
SIM5
SIM1
SIM2
SIM3
SIM4
1
21
22
SIM5
SIM1
SIM2
SIM3
SIM4
1
21
22
SIM5
SIM1
SIM2
SIM3
SIM4
1
21
22
SIM5
SIM1
SIM2
SIM3
SIM4
1
21
22
SIM5
SIM1
SIM2
SIM3
SIM4
1
21
22
SIM5
SIM1
SIM2
SIM3
SIM4
1
21
22
SIM5
SIM1
SIM2
SIM3
SIM4
1
21
22
SIM5
SIM1
SIM2
SIM3
SIM4
1
21
22
SIM5
SIM1
SIM2
SIM3
SIM4
1
21
22
SIM5
SIM1
SIM2
SIM3
SIM4
1
21
22
SIM5
SIM1
SIM2
SIM3
SIM4
1
21
22
SIM5
SIM1
SIM2
SIM3
SIM4
1
21
22
SIM5
SIM1
SIM2
SIM3
SIM4
1
21
22
SIM5
SIM1
SIM2
SIM3
SIM4
1
21
22
SIM5
SIM1
SIM2
SIM3
SIM4
1
21
22
SIM5
SIM1
SIM2
SIM3
SIM4
1
21
22
SIM5
SIM1
SIM2
SIM3
SIM4
1
21
22
SIM5
SIM1
SIM2
SIM3
SIM4
1
21
22
SIM5
SIM1
SIM2
SIM3
SIM4
1
21
22
SIM5
SIM1
SIM2
SIM3
SIM4
1
21
22
SIM5
SIM1
SIM2
SIM3
SIM4
1
21
22
SIM5
SIM1
SIM2
SIM3
SIM4
1
21
22
SIM5
SIM1
SIM2
SIM3
SIM4
1
21
22
SIM5
SIM1
SIM2
SIM3
SIM4
1
21
22
SIM5
SIM1
SIM2
SIM3
SIM4
1
21
22
SIM5
SIM1
SIM2
SIM3
SIM4
1
21
22
SIM5
SIM1
SIM2
SIM3
SIM4
1
21
22
SIM5
SIM1
SIM2
SIM3
SIM4
1
21
22
SIM5
SIM1
SIM2
SIM3
SIM4
1
21
22
SIM5
SIM1
SIM2
SIM3
SIM4
1
21
22
SIM5
SIM1
SIM2
SIM3
SIM4
1
21
22
SIM5
SIM1
SIM2
SIM3
SIM4
1
21
22
SIM5
SIM1
SIM2
SIM3
SIM4
1
21
22
SIM5
SIM1
SIM2
SIM3
SIM4
1
21
22
SIM5
SIM1
SIM2
SIM3
SIM4
1
21
22
SIM5
SIM1
SIM2
SIM3
SIM4
1
21
22
SIM5
SIM1
SIM2
SIM3
SIM4
1
21
22
SIM5
SIM1
SIM2
SIM3
SIM4
1
21
22
SIM5
SIM1
SIM2
SIM3
SIM4
1
21
22
SIM5
SIM1
SIM2
SIM3
SIM4
1
21
22
SIM5
SIM1
SIM2
SIM3
SIM4
1
21
22
SIM5
SIM1
SIM2
SIM3
SIM4
1
21
22
SIM5
SIM1
SIM2
DEBUG 1 66
SIM1
SIM2
SIM3
SIM4
1
21
22
SIM5
SIM1
SIM2
SIM3
SIM4
1
21
22
SIM5
SIM1
SIM2
SIM3
SIM4
1
21
22
SIM5
SIM1
SIM2
SIM3
SIM4
1
21
22
SIM5
SIM1
SIM2
SIM3
SIM4
1
21
22
SIM5
SIM1
SIM2
SIM3
SIM4
1
21
22
SIM5
SIM1
SIM2
SIM3
SIM4
1
21
22
SIM5
SIM1
SIM2
SIM3
SIM4
1
21
22
SIM5
SIM1
SIM2
SIM3
SIM4
1
21
22
SIM5
SIM1
SIM2
SIM3
SIM4
1
21
22
SIM5
SIM1
SIM2
SIM3
SIM4
1
21
22
SIM5
SIM1
SIM2
SIM3
SIM4
1
21
22
SIM5
SIM1
SIM2
SIM3
SIM4
1
21
22
SIM5
SIM1
SIM2
SIM3
SIM4
1
21
22
SIM5
SIM1
SIM2
SIM3
SIM4
1
21
22
SIM5
SIM1
SIM2
SIM3
SIM4
1
21
22
SIM5
SIM1
SIM2
SIM3
SIM4
1
21
22
SIM5
SIM1
SIM2
SIM3
SIM4
1
21
22
SIM5
SIM1
SIM2
SIM3
SIM4
1
21
22
SIM5
SIM1
SIM2
SIM3
SIM4
1
21
22
SIM5
SIM1
SIM2
SIM3
SIM4
1
21
22
SIM5
SIM1
SIM2
SIM3
SIM4
1
21
22
SIM5
SIM1
SIM2
SIM3
SIM4
1
21
22
SIM5
SIM1
SIM2
SIM3
SIM4
1
21
22
SIM5
SIM1
SIM2
SIM3
SIM4
1
21
22
SIM5
SIM1
SIM2
SIM3
SIM4
1
21
22
SIM5
SIM1
SIM2
SIM3
SIM4
1
21
22
SIM5
SIM1
SIM2
SIM3
SIM4
1
21
22
SIM5
SIM1
SIM2
SIM3
SIM4
1
21
22
SIM5
SIM1
SIM2
SIM3
SIM4
1
21
22
SIM5
SIM1
SIM2
SIM3
SIM4
1
21
22
SIM5
SIM1
SIM2
SIM3
SIM4
1
21
22
SIM5
SIM1
SIM2
SIM3
SIM4
1
21
22
SIM5
SIM1
SIM2
SIM3
SIM4
1
21
22
SIM5
SIM1
SIM2
SIM3
SIM4
1
21
22
SIM5
SIM1
SIM2
SIM3
SIM4
1
21
22
SIM5
SIM1
SIM2
SIM3
SIM4
1
21
22
SIM5
SIM1
SIM2
SIM3
SIM4
1
21
22
SIM5
SIM1
SIM2
SIM3
SIM4
1
21
22
SIM5
SIM1
SIM2
SIM3
SIM4
1
21
22
SIM5
SIM1
SIM2
SIM3
SIM4
1
21
22
SIM5
SIM1
SIM2
SIM3
SIM4
1
21
22
SIM5
SIM1
SIM2
SIM3
SIM4
1
21
22
SIM5
SIM1
SIM2
SIM3
SIM4
1
21
22
SIM5
SIM1
SIM2
SIM3
SIM4
1
21
22
SIM5
SIM1
SIM2
SIM3
SIM4
1
21
22
SIM5
SIM1
SIM2
SIM3
SIM4
1
21
22
SIM5
SIM1
SIM2
SIM3
SIM4
1
21
22
SIM5
SIM1
SIM2
SIM3
SIM4
1
21
22
SIM5
SIM1
SIM2
SIM3
SIM4
1
21
22
SIM5
SIM1
SIM2
SIM3
SIM4
1
21
22
SIM5
SIM1
SIM2
SIM3
SIM4
1
21
22
SIM5
SIM1
SIM2
SIM3
SIM4
1
21
22
SIM5
SIM1
SIM2
SIM3
SIM4
1
21
22
SIM5
SIM1
SIM2
SIM3
SIM4
1
21
22
SIM5
SIM1
SIM2
SIM3
SIM4
1
21
22
SIM5
SIM1
SIM2
SIM3
SIM4
1
21
22
SIM5
SIM1
SIM2
SIM3
SIM4
1
21
22
SIM5
SIM1
SIM2
SIM3
SIM4
1
21
22
SIM5
SIM1
SIM2
SIM3
SIM4
1
21
22
SIM5
SIM1
SIM2
SIM3
SIM4
1
21
22
SIM5
SIM1
SIM2
SIM3
SIM4
1
21
22
SIM5
SIM1
SIM2
SIM3
SIM4
1
21
22
SIM5
SIM1
SIM2
SIM3
SIM4
1
21
22
SIM5
SIM1
SIM2
SIM3
SIM4
1
21
22
SIM5
SIM1
SIM2
SIM3
SIM4
1
21
22
SIM5
SIM1
SIM2
SIM3
SIM4
1
21
22
SIM5
SIM1
SIM2
SIM3
SIM4
1
21
22
SIM5
SIM1
SIM2
SIM3
SIM4
1
21
22
SIM5
SIM1
SIM2
SIM3
SIM4
1
21
22
SIM5
SIM1
SIM2
SIM3
SIM4
1
21
22
SIM5
SIM1
SIM2
SIM3
SIM4
1
21
22
SIM5
SIM1
SIM2
SIM3
SIM4
1
21
22
SIM5
SIM1
SIM2
SIM3
SIM4
1
21
22
SIM5
SIM1
SIM2
SIM3
SIM4
1
21
22
SIM5
SIM1
SIM2
SIM3
SIM4
1
21
22
SIM5
SIM1
SIM2
SIM3
SIM4
1
21
22
SIM5
SIM1
SIM2
SIM3
SIM4
1
21
22
SIM5
SIM1
SIM2
SIM3
SIM4
1
21
22
SIM5
SIM1
SIM2
SIM3
SIM4
1
21
22
SIM5
SIM1
SIM2
SIM3
SIM4
1
21
22
SIM5
SIM1
SIM2
SIM3
SIM4
1
21
22
SIM5
SIM1
SIM2
SIM3
SIM4
1
21
22
SIM5
SIM1
SIM2
SIM3
SIM4
1
21
22
SIM5
SIM1
SIM2
SIM3
SIM4
1
21
22
SIM5
SIM1
SIM2
SIM3
SIM4
1
21
22
SIM5
SIM1
SIM2
SIM3
SIM4
1
21
22
SIM5
SIM1
SIM2
SIM3
SIM4
1
21
22
SIM5
SIM1
SIM2
SIM3
SIM4
1
21
22
SIM5
SIM1
SIM2
SIM3
SIM4
1
21
22
SIM5
SIM1
SIM2
SIM3
SIM4
1
21
22
SIM5
SIM1
SIM2
SIM3
SIM4
1
21
22
SIM5
SIM1
SIM2
SIM3
SIM4
1
21
22
SIM5
SIM1
SIM2
SIM3
SIM4
1
21
22
SIM5
SIM1
SIM2
SIM3
SIM4
1
21
22
SIM5
SIM1
SIM2
SIM3
SIM4
1
21
22
SIM5
SIM1
SIM2
SIM3
SIM4
1
21
22
SIM5
SIM1
SIM2
SIM3
SIM4
1
21
22
SIM5
SIM1
SIM2
SIM3
SIM4
1
21
22
SIM5
SIM1
SIM2
SIM3
SIM4
1
21
22
SIM5
SIM1
SIM2
SIM3
SIM4
1
21
22
SIM5
SIM1
SIM2
SIM3
SIM4
1
21
22
SIM5
SIM1
SIM2
SIM3
SIM4
1
21
22
SIM5
SIM1
SIM2
SIM3
SIM4
1
21
22
SIM5
SIM1
SIM2
SIM3
SIM4
1
21
22
SIM5
SIM1
SIM2
SIM3
SIM4
1
21
22
SIM5
SIM1
SIM2
SIM3
SIM4
1
21
22
SIM5
SIM1
SIM2
SIM3
SIM4
1
21
22
SIM5
SIM1
SIM2
SIM3
SIM4
1
21
22
SIM5
SIM1
SIM2
SIM3
SIM4
1
21
22
SIM5
SIM1
SIM2
SIM3
SIM4
1
21
22
SIM5
SIM1
SIM2
SIM3
SIM4
1
21
22
SIM5
SIM1
SIM2
SIM3
SIM4
1
21
22
SIM5
SIM1
SIM2
SIM3
SIM4
1
21
22
SIM5
SIM1
SIM2
SIM3
SIM4
1
21
22
SIM5
SIM1
SIM2
SIM3
SIM4
1
21
22
SIM5
SIM1
SIM2
SIM3
SIM4
1
21
22
SIM5
SIM1
SIM2
SIM3
SIM4
1
21
22
SIM5
SIM1
SIM2
SIM3
SIM4
1
21
22
SIM5
SIM1
SIM2
SIM3
SIM4
1
21
22
SIM5
SIM1
SIM2
SIM3
SIM4
1
21
22
SIM5
SIM1
SIM2
SIM3
SIM4
1
21
22
SIM5
SIM1
SIM2
SIM3
SIM4
1
21
22
SIM5
SIM1
SIM2
SIM3
SIM4
1
21
22
SIM5
SIM1
SIM2
DEBUG 1 67
SIM1
SIM2
SIM3
SIM4
1
21
22
SIM5
SIM1
SIM2
SIM3
SIM4
1
21
22
SIM5
SIM1
SIM2
SIM3
SIM4
1
21
22
SIM5
SIM1
SIM2
SIM3
SIM4
1
21
22
SIM5
SIM1
SIM2
SIM3
SIM4
1
21
22
SIM5
SIM1
SIM2
SIM3
SIM4
1
21
22
SIM5
SIM1
SIM2
SIM3
SIM4
1
21
22
SIM5
SIM1
SIM2
SIM3
SIM4
1
21
22
SIM5
SIM1
SIM2
SIM3
SIM4
1
21
22
SIM5
SIM1
SIM2
SIM3
SIM4
1
21
22
SIM5
SIM1
SIM2
SIM3
SIM4
1
21
22
SIM5
SIM1
SIM2
SIM3
SIM4
1
21
22
SIM5
SIM1
SIM2
SIM3
SIM4
1
21
22
SIM5
SIM1
SIM2
SIM3
SIM4
1
21
22
SIM5
SIM1
SIM2
SIM3
SIM4
1
21
22
SIM5
SIM1
SIM2
SIM3
SIM4
1
21
22
SIM5
SIM1
SIM2
SIM3
SIM4
1
21
22
SIM5
SIM1
SIM2
SIM3
SIM4
1
21
22
SIM5
SIM1
SIM2
SIM3
SIM4
1
21
22
SIM5
SIM1
SIM2
SIM3
SIM4
1
21
22
SIM5
SIM1
SIM2
SIM3
SIM4
1
21
22
SIM5
SIM1
SIM2
SIM3
SIM4
1
21
22
SIM5
SIM1
SIM2
SIM3
SIM4
1
21
22
SIM5
SIM1
SIM2
SIM3
SIM4
1
21
22
SIM5
SIM1
SIM2
SIM3
SIM4
1
21
22
SIM5
SIM1
SIM2
SIM3
SIM4
1
21
22
SIM5
SIM1
SIM2
SIM3
SIM4
1
21
22
SIM5
SIM1
SIM2
SIM3
SIM4
1
21
22
SIM5
SIM1
SIM2
SIM3
SIM4
1
21
22
SIM5
SIM1
SIM2
SIM3
SIM4
1
21
22
SIM5
SIM1
SIM2
SIM3
SIM4
1
21
22
SIM5
SIM1
SIM2
SIM3
SIM4
1
21
22
SIM5
SIM1
SIM2
SIM3
SIM4
1
21
22
SIM5
SIM1
SIM2
SIM3
SIM4
1
21
22
SIM5
SIM1
SIM2
SIM3
SIM4
1
21
22
SIM5
SIM1
SIM2
SIM3
SIM4
1
21
22
SIM5
SIM1
SIM2
SIM3
SIM4
1
21
22
SIM5
SIM1
SIM2
SIM3
SIM4
1
21
22
SIM5
SIM1
SIM2
SIM3
SIM4
1
21
22
SIM5
SIM1
SIM2
SIM3
SIM4
1
21
22
SIM5
SIM1
SIM2
SIM3
SIM4
1
21
22
SIM5
SIM1
SIM2
SIM3
SIM4
1
21
22
SIM5
SIM1
SIM2
SIM3
SIM4
1
21
22
SIM5
SIM1
SIM2
SIM3
SIM4
1
21
22
SIM5
SIM1
SIM2
SIM3
SIM4
1
21
22
SIM5
SIM1
SIM2
SIM3
SIM4
1
21
22
SIM5
SIM1
SIM2
SIM3
SIM4
1
21
22
SIM5
SIM1
SIM2
SIM3
SIM4
1
21
22
SIM5
SIM1
SIM2
SIM3
SIM4
1
21
22
SIM5
SIM1
SIM2
SIM3
SIM4
1
21
22
SIM5
SIM1
SIM2
SIM3
SIM4
1
21
22
SIM5
SIM1
SIM2
SIM3
SIM4
1
21
22
SIM5
SIM1
SIM2
SIM3
SIM4
1
21
22
SIM5
SIM1
SIM2
SIM3
SIM4
1
21
22
SIM5
SIM1
SIM2
SIM3
SIM4
1
21
22
SIM5
SIM1
SIM2
SIM3
SIM4
1
21
22
SIM5
SIM1
SIM2
SIM3
SIM4
1
21
22
SIM5
SIM1
SIM2
SIM3
SIM4
1
21
22
SIM5
SIM1
SIM2
SIM3
SIM4
1
21
22
SIM5
SIM1
SIM2
SIM3
SIM4
1
21
22
SIM5
SIM1
SIM2
SIM3
SIM4
1
21
22
SIM5
SIM1
SIM2
SIM3
SIM4
1
21
22
SIM5
SIM1
SIM2
SIM3
SIM4
1
21
22
SIM5
SIM1
SIM2
SIM3
SIM4
1
21
22
SIM5
SIM1
SIM2
SIM3
SIM4
1
21
22
SIM5
SIM1
SIM2
SIM3
SIM4
1
21
22
SIM5
SIM1
SIM2
SIM3
SIM4
1
21
22
SIM5
SIM1
SIM2
SIM3
SIM4
1
21
22
SIM5
SIM1
SIM2
SIM3
SIM4
1
21
22
SIM5
SIM1
SIM2
SIM3
SIM4
1
21
22
SIM5
SIM1
SIM2
SIM3
SIM4
1
21
22
SIM5
SIM1
SIM2
SIM3
SIM4
1
21
22
SIM5
SIM1
SIM2
SIM3
SIM4
1
21
22
SIM5
SIM1
SIM2
SIM3
SIM4
1
21
22
SIM5
SIM1
SIM2
SIM3
SIM4
1
21
22
SIM5
SIM1
SIM2
SIM3
SIM4
1
21
22
SIM5
SIM1
SIM2
SIM3
SIM4
1
21
22
SIM5
SIM1
SIM2
SIM3
SIM4
1
21
22
SIM5
SIM1
SIM2
SIM3
SIM4
1
21
22
SIM5
SIM1
SIM2
SIM3
SIM4
1
21
22
SIM5
SIM1
SIM2
SIM3
SIM4
1
21
22
SIM5
SIM1
SIM2
SIM3
SIM4
1
21
22
SIM5
SIM1
SIM2
SIM3
SIM4
1
21
22
SIM5
SIM1
SIM2
SIM3
SIM4
1
21
22
SIM5
SIM1
SIM2
SIM3
SIM4
1
21
22
SIM5
SIM1
SIM2
SIM3
SIM4
1
21
22
SIM5
SIM1
SIM2
SIM3
SIM4
1
21
22
SIM5
SIM1
SIM2
SIM3
SIM4
1
21
22
SIM5
SIM1
SIM2
SIM3
SIM4
1
21
22
SIM5
SIM1
SIM2
SIM3
SIM4
1
21
22
SIM5
SIM1
SIM2
SIM3
SIM4
1
21
22
SIM5
SIM1
SIM2
SIM3
SIM4
1
21
22
SIM5
SIM1
SIM2
SIM3
SIM4
1
21
22
SIM5
SIM1
SIM2
SIM3
SIM4
1
21
22
SIM5
SIM1
SIM2
SIM3
SIM4
1
21
22
SIM5
SIM1
SIM2
SIM3
SIM4
1
21
22
SIM5
SIM1
SIM2
SIM3
SIM4
1
21
22
SIM5
SIM1
SIM2
SIM3
SIM4
1
21
22
SIM5
SIM1
SIM2
SIM3
SIM4
1
21
22
SIM5
SIM1
SIM2
SIM3
SIM4
1
21
22
SIM5
SIM1
SIM2
SIM3
SIM4
1
21
22
SIM5
SIM1
SIM2
SIM3
SIM4
1
21
22
SIM5
SIM1
SIM2
SIM3
SIM4
1
21
22
SIM5
SIM1
SIM2
SIM3
SIM4
1
21
22
SIM5
SIM1
SIM2
SIM3
SIM4
1
21
22
SIM5
SIM1
SIM2
SIM3
SIM4
1
21
22
SIM5
SIM1
SIM2
SIM3
SIM4
1
21
22
SIM5
SIM1
SIM2
SIM3
SIM4
1
21
22
SIM5
SIM1
SIM2
SIM3
SIM4
1
21
22
SIM5
SIM1
SIM2
SIM3
SIM4
1
21
22
SIM5
SIM1
SIM2
SIM3
SIM4
1
21
22
SIM5
SIM1
SIM2
SIM3
SIM4
1
21
22
SIM5
SIM1
SIM2
SIM3
SIM4
1
21
22
SIM5
SIM1
SIM2
SIM3
SIM4
1
21
22
SIM5
SIM1
SIM2
SIM3
SIM4
1
21
22
SIM5
SIM1
SIM2
SIM3
SIM4
1
21
22
SIM5
SIM1
SIM2
SIM3
SIM4
1
21
22
SIM5
SIM1
SIM2
SIM3
SIM4
1
21
22
SIM5
SIM1
SIM2
SIM3
SIM4
1
21
22
SIM5
SIM1
SIM2
SIM3
SIM4
1
21
22
SIM5
SIM1
SIM2
SIM3
SIM4
1
21
22
SIM5
SIM1
SIM2
SIM3
SIM4
1
21
22
SIM5
SIM1
SIM2
SIM3
SIM4
1
21
22
SIM5
SIM1
SIM2
SIM3
SIM4
1
21
22
SIM5
SIM1
SIM2
SIM3
SIM4
1
21
22
SIM5
SIM1
SIM2
SIM3
SIM4
1
21
22
SIM5
SIM1
SIM2
SIM3
SIM4
1
21
22
SIM5
SIM1
SIM2
SIM3
SIM4
1
21
22
SIM5
SIM1
SIM2
SIM3
SIM4
1
21
22
SIM5
SIM1
SIM2
SIM3
SIM4
1
21
22
SIM5
SIM1
SIM2
SIM3
SIM4
1
21
22
SIM5
SIM1
SIM2
SIM3
SIM4
1
21
22
SIM5
SIM1
SIM2
SIM3
SIM4
1
21
22
SIM5
SIM1
SIM2
SIM3
SIM4
1
21
22
SIM5
SIM1
SIM2
SIM3
SIM4
1
21
22
SIM5
SIM1
SIM2
SIM3
SIM4
1
21
22
SIM5
SIM1
SIM2
SIM3
SIM4
1
21
22
SIM5
SIM1
SIM2
SIM3
SIM4
1
21
22
SIM5
SIM1
SIM2
SIM3
SIM4
1
21
22
SIM5
SIM1
SIM2
SIM3
SIM4
1
21
22
SIM5
SIM1
SIM2
SIM3
SIM4
1
21
22
SIM5
SIM1
SIM2
SIM3
SIM4
1
21
22
SIM5
SIM1
SIM2
SIM3
SIM4
1
21
22
SIM5
SIM1
SIM2
SIM3
SIM4
1
21
22
SIM5
SIM1
SIM2
SIM3
SIM4
1
21
22
SIM5
SIM1
SIM2
SIM3
SIM4
1
21
22
SIM5
SIM1
SIM2
SIM3
SIM4
1
21
22
SIM5
SIM1
SIM2
SIM3
SIM4
1
21
22
SIM5
SIM1
SIM2
SIM3
SIM4
1
21
22
SIM5
SIM1
SIM2
SIM3
SIM4
1
21
22
SIM5
SIM1
SIM2
SIM3
SIM4
1
21
22
SIM5
SIM1
SIM2
SIM3
SIM4
1
21
22
SIM5
SIM1
SIM2
SIM3
SIM4
1
21
22
SIM5
SIM1
SIM2
SIM3
SIM4
1
21
22
SIM5
SIM1
SIM2
SIM3
SIM4
1
21
22
SIM5
SIM1
SIM2
SIM3
SIM4
1
21
22
SIM5
SIM1
SIM2
SIM3
SIM4
1
21
22
SIM5
SIM1
SIM2
SIM3
SIM4
1
21
22
SIM5
SIM1
SIM2
SIM3
SIM4
1
21
22
SIM5
SIM1
SIM2
SIM3
SIM4
1
21
22
SIM5
SIM1
SIM2
SIM3
SIM4
1
21
22
SIM5
SIM1
SIM2
SIM3
SIM4
1
21
22
SIM5
SIM1
SIM2
SIM3
SIM4
1
21
22
SIM5
SIM1
SIM2
SIM3
SIM4
1
21
22
SIM5
SIM1
SIM2
SIM3
SIM4
1
21
22
SIM5
SIM1
SIM2
SIM3
SIM4
1
21
22
SIM5
SIM1
SIM2
SIM3
SIM4
1
21
22
SIM5
SIM1
SIM2
SIM3
SIM4
1
21
22
SIM5
SIM1
SIM2
SIM3
SIM4
1
21
22
SIM5
SIM1
SIM2
SIM3
SIM4
1
21
22
SIM5
SIM1
SIM2
SIM3
SIM4
1
21
22
SIM5
SIM1
SIM2
SIM3
SIM4
1
21
22
SIM5
SIM1
SIM2
SIM3
SIM4
1
21
22
SIM5
SIM1
SIM2
SIM3
SIM4
1
21
22
SIM5
SIM1
SIM2
SIM3
SIM4
1
21
22
SIM5
SIM1
SIM2
SIM3
SIM4
1
21
22
SIM5
SIM1
SIM2
SIM3
SIM4
1
21
22
SIM5
SIM1
SIM2
SIM3
SIM4
1
21
22
SIM5
SIM1
SIM2
SIM3
SIM4
1
21
22
SIM5
SIM1
SIM2
SIM3
SIM4
1
21
22
SIM5
SIM1
SIM2
SIM3
SIM4
1
21
22
SIM5
SIM1
SIM2
SIM3
SIM4
1
21
22
SIM5
SIM1
SIM2
SIM3
SIM4
1
21
22
SIM5
SIM1
SIM2
SIM3
SIM4
1
21
22
SIM5
SIM1
SIM2
SIM3
SIM4
1
21
22
SIM5
SIM1
SIM2
SIM3
SIM4
1
21
22
SIM5
SIM1
SIM2
SIM3
SIM4
1
21
22
SIM5
SIM1
SIM2
SIM3
SIM4
1
21
22
SIM5
SIM1
SIM2
SIM3
SIM4
1
21
22
SIM5
SIM1
SIM2
SIM3
SIM4
1
21
22
SIM5
SIM1
SIM2
SIM3
SIM4
1
21
22
SIM5
SIM1
SIM2
SIM3
SIM4
1
21
22
SIM5
SIM1
SIM2
SIM3
SIM4
1
21
22
SIM5
SIM1
SIM2
SIM3
SIM4
1
21
22
SIM5
SIM1
SIM2
SIM3
SIM4
1
21
22
SIM5
SIM1
SIM2
SIM3
SIM4
1
21
22
SIM5
SIM1
SIM2
SIM3
SIM4
1
21
22
SIM5
SIM1
SIM2
SIM3
SIM4
1
21
22
SIM5
SIM1
SIM2
SIM3
SIM4
1
21
22
SIM5
SIM1
SIM2
SIM3
SIM4
1
21
22
SIM5
SIM1
SIM2
SIM3
SIM4
1
21
22
SIM5
SIM1
SIM2
SIM3
SIM4
1
21
22
SIM5
SIM1
SIM2
SIM3
SIM4
1
21
22
SIM5
SIM1
SIM2
SIM3
SIM4
1
21
22
SIM5
SIM1
SIM2
SIM3
SIM4
1
21
22
SIM5
SIM1
SIM2
SIM3
SIM4
1
21
22
SIM5
SIM1
SIM2
SIM3
SIM4
1
21
22
SIM5
SIM1
SIM2
SIM3
SIM4
1
21
22
SIM5
SIM1
SIM2
SIM3
SIM4
1
21
22
SIM5
SIM1
SIM2
SIM3
SIM4
1
21
22
SIM5
SIM1
SIM2
SIM3
SIM4
1
21
22
SIM5
SIM1
SIM2
SIM3
SIM4
1
21
22
SIM5
SIM1
SIM2
SIM3
SIM4
1
21
22
SIM5
SIM1
SIM2
SIM3
SIM4
1
21
22
SIM5
SIM1
SIM2
SIM3
SIM4
1
21
22
SIM5
SIM1
SIM2
SIM3
SIM4
1
21
22
SIM5
SIM1
SIM2
SIM3
SIM4
1
21
22
SIM5
SIM1
SIM2
SIM3
SIM4
1
21
22
SIM5
SIM1
SIM2
SIM3
SIM4
1
21
22
SIM5
SIM1
SIM2
SIM3
SIM4
1
21
22
SIM5
SIM1
SIM2
SIM3
SIM4
1
21
22
SIM5
SIM1
SIM2
SIM3
SIM4
1
21
22
SIM5
SIM1
SIM2
SIM3
SIM4
1
21
22
SIM5
SIM1
SIM2
SIM3
SIM4
1
21
22
SIM5
SIM1
SIM2
SIM3
SIM4
1
21
22
SIM5
SIM1
SIM2
SIM3
SIM4
1
21
22
SIM5
SIM1
SIM2
SIM3
SIM4
1
21
22
SIM5
SIM1
SIM2
SIM3
SIM4
1
21
22
SIM5
SIM1
SIM2
SIM3
SIM4
1
21
22
SIM5
SIM1
SIM2
SIM3
SIM4
1
21
22
SIM5
SIM1
SIM2
SIM3
SIM4
1
21
22
SIM5
SIM1
SIM2
SIM3
SIM4
1
21
22
SIM5
SIM1
SIM2
SIM3
SIM4
1
21
22
SIM5
SIM1
SIM2
SIM3
SIM4
1
21
22
SIM5
SIM1
SIM2
SIM3
SIM4
1
21
22
SIM5
SIM1
SIM2
SIM3
SIM4
1
21
22
SIM5
SIM1
SIM2
SIM3
SIM4
1
21
22
SIM5
SIM1
SIM2
SIM3
SIM4
1
21
22
SIM5
SIM1
SIM2
SIM3
SIM4
1
21
22
SIM5
SIM1
SIM2
SIM3
SIM4
1
21
22
SIM5
SIM1
SIM2
SIM3
SIM4
1
21
22
SIM5
SIM1
SIM2
SIM3
SIM4
1
21
22
SIM5
SIM1
SIM2
SIM3
SIM4
1
21
22
SIM5
SIM1
SIM2
SIM3
SIM4
1
21
22
SIM5
SIM1
SIM2
SIM3
SIM4
1
21
22
SIM5
SIM1
SIM2
SIM3
SIM4
1
21
22
SIM5
SIM1
SIM2
SIM3
SIM4
1
21
22
SIM5
SIM1
SIM2
SIM3
SIM4
1
21
22
SIM5
SIM1
SIM2
SIM3
SIM4
1
21
22
SIM5
SIM1
SIM2
SIM3
SIM4
1
21
22
SIM5
SIM1
SIM2
SIM3
SIM4
1
21
22
SIM5
SIM1
SIM2
SIM3
SIM4
1
21
22
SIM5
SIM1
SIM2
SIM3
SIM4
1
21
22
SIM5
SIM1
SIM2
SIM3
SIM4
1
21
22
SIM5
SIM1
SIM2
SIM3
SIM4
1
21
22
SIM5
SIM1
SIM2
SIM3
SIM4
1
21
22
SIM5
SIM1
SIM2
SIM3
SIM4
1
21
22
SIM5
SIM1
SIM2
DEBUG 1 68
SIM1
SIM2
SIM3
SIM4
1
21
22
SIM5
SIM1
SIM2
SIM3
SIM4
1
21
22
SIM5
SIM1
SIM2
SIM3
SIM4
1
21
22
SIM5
SIM1
SIM2
SIM3
SIM4
1
21
22
SIM5
SIM1
SIM2
SIM3
SIM4
1
21
22
SIM5
SIM1
SIM2
SIM3
SIM4
1
21
22
SIM5
SIM1
SIM2
SIM3
SIM4
1
21
22
SIM5
SIM1
SIM2
SIM3
SIM4
1
21
22
SIM5
SIM1
SIM2
SIM3
SIM4
1
21
22
SIM5
SIM1
SIM2
SIM3
SIM4
1
21
22
SIM5
SIM1
SIM2
SIM3
SIM4
1
21
22
SIM5
SIM1
SIM2
SIM3
SIM4
1
21
22
SIM5
SIM1
SIM2
SIM3
SIM4
1
21
22
SIM5
SIM1
SIM2
SIM3
SIM4
1
21
22
SIM5
SIM1
SIM2
SIM3
SIM4
1
21
22
SIM5
SIM1
SIM2
SIM3
SIM4
1
21
22
SIM5
SIM1
SIM2
SIM3
SIM4
1
21
22
SIM5
SIM1
SIM2
SIM3
SIM4
1
21
22
SIM5
SIM1
SIM2
SIM3
SIM4
1
21
22
SIM5
SIM1
SIM2
SIM3
SIM4
1
21
22
SIM5
SIM1
SIM2
SIM3
SIM4
1
21
22
SIM5
SIM1
SIM2
SIM3
SIM4
1
21
22
SIM5
SIM1
SIM2
SIM3
SIM4
1
21
22
SIM5
SIM1
SIM2
SIM3
SIM4
1
21
22
SIM5
SIM1
SIM2
SIM3
SIM4
1
21
22
SIM5
SIM1
SIM2
SIM3
SIM4
1
21
22
SIM5
SIM1
SIM2
SIM3
SIM4
1
21
22
SIM5
SIM1
SIM2
SIM3
SIM4
1
21
22
SIM5
SIM1
SIM2
SIM3
SIM4
1
21
22
SIM5
SIM1
SIM2
SIM3
SIM4
1
21
22
SIM5
SIM1
SIM2
SIM3
SIM4
1
21
22
SIM5
SIM1
SIM2
SIM3
SIM4
1
21
22
SIM5
SIM1
SIM2
SIM3
SIM4
1
21
22
SIM5
SIM1
SIM2
SIM3
SIM4
1
21
22
SIM5
SIM1
SIM2
SIM3
SIM4
1
21
22
SIM5
SIM1
SIM2
SIM3
SIM4
1
21
22
SIM5
SIM1
SIM2
SIM3
SIM4
1
21
22
SIM5
SIM1
SIM2
SIM3
SIM4
1
21
22
SIM5
SIM1
SIM2
SIM3
SIM4
1
21
22
SIM5
SIM1
SIM2
SIM3
SIM4
1
21
22
SIM5
SIM1
SIM2
SIM3
SIM4
1
21
22
SIM5
SIM1
SIM2
SIM3
SIM4
1
21
22
SIM5
SIM1
SIM2
SIM3
SIM4
1
21
22
SIM5
SIM1
SIM2
SIM3
SIM4
1
21
22
SIM5
SIM1
SIM2
SIM3
SIM4
1
21
22
SIM5
SIM1
SIM2
SIM3
SIM4
1
21
22
SIM5
SIM1
SIM2
SIM3
SIM4
1
21
22
SIM5
SIM1
SIM2
SIM3
SIM4
1
21
22
SIM5
SIM1
SIM2
SIM3
SIM4
1
21
22
SIM5
SIM1
SIM2
SIM3
SIM4
1
21
22
SIM5
SIM1
SIM2
SIM3
SIM4
1
21
22
SIM5
SIM1
SIM2
SIM3
SIM4
1
21
22
SIM5
SIM1
SIM2
SIM3
SIM4
1
21
22
SIM5
SIM1
SIM2
SIM3
SIM4
1
21
22
SIM5
SIM1
SIM2
SIM3
SIM4
1
21
22
SIM5
SIM1
SIM2
SIM3
SIM4
1
21
22
SIM5
SIM1
SIM2
SIM3
SIM4
1
21
22
SIM5
SIM1
SIM2
SIM3
SIM4
1
21
22
SIM5
SIM1
SIM2
SIM3
SIM4
1
21
22
SIM5
SIM1
SIM2
SIM3
SIM4
1
21
22
SIM5
SIM1
SIM2
SIM3
SIM4
1
21
22
SIM5
SIM1
SIM2
SIM3
SIM4
1
21
22
SIM5
SIM1
SIM2
SIM3
SIM4
1
21
22
SIM5
SIM1
SIM2
SIM3
SIM4
1
21
22
SIM5
SIM1
SIM2
SIM3
SIM4
1
21
22
SIM5
SIM1
SIM2
SIM3
SIM4
1
21
22
SIM5
SIM1
SIM2
SIM3
SIM4
1
21
22
SIM5
SIM1
SIM2
SIM3
SIM4
1
21
22
SIM5
SIM1
SIM2
SIM3
SIM4
1
21
22
SIM5
SIM1
SIM2
SIM3
SIM4
1
21
22
SIM5
SIM1
SIM2
SIM3
SIM4
1
21
22
SIM5
SIM1
SIM2
SIM3
SIM4
1
21
22
SIM5
SIM1
SIM2
SIM3
SIM4
1
21
22
SIM5
SIM1
SIM2
SIM3
SIM4
1
21
22
SIM5
SIM1
SIM2
SIM3
SIM4
1
21
22
SIM5
SIM1
SIM2
SIM3
SIM4
1
21
22
SIM5
SIM1
SIM2
SIM3
SIM4
1
21
22
SIM5
SIM1
SIM2
SIM3
SIM4
1
21
22
SIM5
SIM1
SIM2
SIM3
SIM4
1
21
22
SIM5
SIM1
SIM2
SIM3
SIM4
1
21
22
SIM5
SIM1
SIM2
SIM3
SIM4
1
21
22
SIM5
SIM1
SIM2
SIM3
SIM4
1
21
22
SIM5
SIM1
SIM2
SIM3
SIM4
1
21
22
SIM5
SIM1
SIM2
SIM3
SIM4
1
21
22
SIM5
SIM1
SIM2
SIM3
SIM4
1
21
22
SIM5
SIM1
SIM2
SIM3
SIM4
1
21
22
SIM5
SIM1
SIM2
SIM3
SIM4
1
21
22
SIM5
SIM1
SIM2
SIM3
SIM4
1
21
22
SIM5
SIM1
SIM2
SIM3
SIM4
1
21
22
SIM5
SIM1
SIM2
SIM3
SIM4
1
21
22
SIM5
SIM1
SIM2
SIM3
SIM4
1
21
22
SIM5
SIM1
SIM2
SIM3
SIM4
1
21
22
SIM5
SIM1
SIM2
SIM3
SIM4
1
21
22
SIM5
SIM1
SIM2
SIM3
SIM4
1
21
22
SIM5
SIM1
SIM2
SIM3
SIM4
1
21
22
SIM5
SIM1
SIM2
SIM3
SIM4
1
21
22
SIM5
SIM1
SIM2
SIM3
SIM4
1
21
22
SIM5
SIM1
SIM2
SIM3
SIM4
1
21
22
SIM5
SIM1
SIM2
SIM3
SIM4
1
21
22
SIM5
SIM1
SIM2
SIM3
SIM4
1
21
22
SIM5
SIM1
SIM2
SIM3
SIM4
1
21
22
SIM5
SIM1
SIM2
SIM3
SIM4
1
21
22
SIM5
SIM1
SIM2
SIM3
SIM4
1
21
22
SIM5
SIM1
SIM2
SIM3
SIM4
1
21
22
SIM5
SIM1
SIM2
SIM3
SIM4
1
21
22
SIM5
SIM1
SIM2
SIM3
SIM4
1
21
22
SIM5
SIM1
SIM2
SIM3
SIM4
1
21
22
SIM5
SIM1
SIM2
SIM3
SIM4
1
21
22
SIM5
SIM1
SIM2
SIM3
SIM4
1
21
22
SIM5
SIM1
SIM2
SIM3
SIM4
1
21
22
SIM5
SIM1
SIM2
SIM3
SIM4
1
21
22
SIM5
SIM1
SIM2
SIM3
SIM4
1
21
22
SIM5
SIM1
SIM2
SIM3
SIM4
1
21
22
SIM5
SIM1
SIM2
SIM3
SIM4
1
21
22
SIM5
SIM1
SIM2
SIM3
SIM4
1
21
22
SIM5
SIM1
SIM2
SIM3
SIM4
1
21
22
SIM5
SIM1
SIM2
SIM3
SIM4
1
21
22
SIM5
SIM1
SIM2
SIM3
SIM4
1
21
22
SIM5
SIM1
SIM2
SIM3
SIM4
1
21
22
SIM5
SIM1
SIM2
SIM3
SIM4
1
21
22
SIM5
SIM1
SIM2
SIM3
SIM4
1
21
22
SIM5
SIM1
SIM2
SIM3
SIM4
1
21
22
SIM5
SIM1
SIM2
SIM3
SIM4
1
21
22
SIM5
SIM1
SIM2
SIM3
SIM4
1
21
22
SIM5
SIM1
SIM2
SIM3
SIM4
1
21
22
SIM5
SIM1
SIM2
SIM3
SIM4
1
21
22
SIM5
SIM1
SIM2
SIM3
SIM4
1
21
22
SIM5
SIM1
SIM2
SIM3
SIM4
1
21
22
SIM5
SIM1
SIM2
SIM3
SIM4
1
21
22
SIM5
SIM1
SIM2
SIM3
SIM4
1
21
22
SIM5
SIM1
SIM2
SIM3
SIM4
1
21
22
SIM5
SIM1
SIM2
SIM3
SIM4
1
21
22
SIM5
SIM1
SIM2
SIM3
SIM4
1
21
22
SIM5
SIM1
SIM2
SIM3
SIM4
1
21
22
SIM5
SIM1
SIM2
SIM3
SIM4
1
21
22
SIM5
SIM1
SIM2
SIM3
SIM4
1
21
22
SIM5
SIM1
SIM2
SIM3
SIM4
1
21
22
SIM5
SIM1
SIM2
SIM3
SIM4
1
21
22
SIM5
SIM1
SIM2
SIM3
SIM4
1
21
22
SIM5
SIM1
SIM2
SIM3
SIM4
1
21
22
SIM5
SIM1
SIM2
SIM3
SIM4
1
21
22
SIM5
SIM1
SIM2
SIM3
SIM4
1
21
22
SIM5
SIM1
SIM2
SIM3
SIM4
1
21
22
SIM5
SIM1
SIM2
SIM3
SIM4
1
21
22
SIM5
SIM1
SIM2
SIM3
SIM4
1
21
22
SIM5
SIM1
SIM2
SIM3
SIM4
1
21
22
SIM5
SIM1
SIM2
SIM3
SIM4
1
21
22
SIM5
SIM1
SIM2
SIM3
SIM4
1
21
22
SIM5
SIM1
SIM2
SIM3
SIM4
1
21
22
SIM5
SIM1
SIM2
SIM3
SIM4
1
21
22
SIM5
SIM1
SIM2
SIM3
SIM4
1
21
22
SIM5
SIM1
SIM2
SIM3
SIM4
1
21
22
SIM5
SIM1
SIM2
SIM3
SIM4
1
21
22
SIM5
SIM1
SIM2
SIM3
SIM4
1
21
22
SIM5
SIM1
SIM2
SIM3
SIM4
1
21
22
SIM5
SIM1
SIM2
SIM3
SIM4
1
21
22
SIM5
SIM1
SIM2
SIM3
SIM4
1
21
22
SIM5
SIM1
SIM2
SIM3
SIM4
1
21
22
SIM5
SIM1
SIM2
SIM3
SIM4
1
21
22
SIM5
SIM1
SIM2
SIM3
SIM4
1
21
22
SIM5
SIM1
SIM2
SIM3
SIM4
1
21
22
SIM5
SIM1
SIM2
SIM3
SIM4
1
21
22
SIM5
SIM1
SIM2
SIM3
SIM4
1
21
22
SIM5
SIM1
SIM2
SIM3
SIM4
1
21
22
SIM5
SIM1
SIM2
SIM3
SIM4
1
21
22
SIM5
SIM1
SIM2
SIM3
SIM4
1
21
22
SIM5
SIM1
SIM2
SIM3
SIM4
1
21
22
SIM5
SIM1
SIM2
SIM3
SIM4
1
21
22
SIM5
SIM1
SIM2
SIM3
SIM4
1
21
22
SIM5
SIM1
SIM2
SIM3
SIM4
1
21
22
SIM5
SIM1
SIM2
SIM3
SIM4
1
21
22
SIM5
SIM1
SIM2
SIM3
SIM4
1
21
22
SIM5
SIM1
SIM2
SIM3
SIM4
1
21
22
SIM5
SIM1
SIM2
SIM3
SIM4
1
21
22
SIM5
SIM1
SIM2
SIM3
SIM4
1
21
22
SIM5
SIM1
SIM2
SIM3
SIM4
1
21
22
SIM5
SIM1
SIM2
SIM3
SIM4
1
21
22
SIM5
SIM1
SIM2
SIM3
SIM4
1
21
22
SIM5
SIM1
SIM2
SIM3
SIM4
1
21
22
SIM5
SIM1
SIM2
SIM3
SIM4
1
21
22
SIM5
SIM1
SIM2
SIM3
SIM4
1
21
22
SIM5
SIM1
SIM2
SIM3
SIM4
1
21
22
SIM5
SIM1
SIM2
SIM3
SIM4
1
21
22
SIM5
SIM1
SIM2
SIM3
SIM4
1
21
22
SIM5
SIM1
SIM2
SIM3
SIM4
1
21
22
SIM5
SIM1
SIM2
SIM3
SIM4
1
21
22
SIM5
SIM1
SIM2
SIM3
SIM4
1
21
22
SIM5
SIM1
SIM2
SIM3
SIM4
1
21
22
SIM5
SIM1
SIM2
SIM3
SIM4
1
21
22
SIM5
SIM1
SIM2
SIM3
SIM4
1
21
22
SIM5
SIM1
SIM2
SIM3
SIM4
1
21
22
SIM5
SIM1
SIM2
SIM3
SIM4
1
21
22
SIM5
SIM1
SIM2
SIM3
SIM4
1
21
22
SIM5
SIM1
SIM2
SIM3
SIM4
1
21
22
SIM5
SIM1
SIM2
SIM3
SIM4
1
21
22
SIM5
SIM1
SIM2
SIM3
SIM4
1
21
22
SIM5
SIM1
SIM2
SIM3
SIM4
1
21
22
SIM5
SIM1
SIM2
SIM3
SIM4
1
21
22
SIM5
SIM1
SIM2
SIM3
SIM4
1
21
22
SIM5
SIM1
SIM2
SIM3
SIM4
1
21
22
SIM5
SIM1
SIM2
SIM3
SIM4
1
21
22
SIM5
SIM1
SIM2
SIM3
SIM4
1
21
22
SIM5
SIM1
SIM2
SIM3
SIM4
1
21
22
SIM5
SIM1
SIM2
SIM3
SIM4
1
21
22
SIM5
SIM1
SIM2
SIM3
SIM4
1
21
22
SIM5
SIM1
SIM2
SIM3
SIM4
1
21
22
SIM5
SIM1
SIM2
SIM3
SIM4
1
21
22
SIM5
SIM1
SIM2
SIM3
SIM4
1
21
22
SIM5
SIM1
SIM2
SIM3
SIM4
1
21
22
SIM5
SIM1
SIM2
SIM3
SIM4
1
21
22
SIM5
SIM1
SIM2
SIM3
SIM4
1
21
22
SIM5
SIM1
SIM2
SIM3
SIM4
1
21
22
SIM5
SIM1
SIM2
SIM3
SIM4
1
21
22
SIM5
SIM1
SIM2
SIM3
SIM4
1
21
22
SIM5
SIM1
SIM2
SIM3
SIM4
1
21
22
SIM5
SIM1
SIM2
SIM3
SIM4
1
21
22
SIM5
SIM1
SIM2
SIM3
SIM4
1
21
22
SIM5
SIM1
SIM2
SIM3
SIM4
1
21
22
SIM5
SIM1
SIM2
SIM3
SIM4
1
21
22
SIM5
SIM1
SIM2
SIM3
SIM4
1
21
22
SIM5
SIM1
SIM2
SIM3
SIM4
1
21
22
SIM5
SIM1
SIM2
SIM3
SIM4
1
21
22
SIM5
SIM1
SIM2
DEBUG 1 69
SIM1
SIM2
SIM3
SIM4
1
21
22
SIM5
SIM1
SIM2
SIM3
SIM4
1
21
22
SIM5
SIM1
SIM2
SIM3
SIM4
1
21
22
SIM5
SIM1
SIM2
SIM3
SIM4
1
21
22
SIM5
SIM1
SIM2
SIM3
SIM4
1
21
22
SIM5
SIM1
SIM2
SIM3
SIM4
1
21
22
SIM5
SIM1
SIM2
SIM3
SIM4
1
21
22
SIM5
SIM1
SIM2
SIM3
SIM4
1
21
22
SIM5
SIM1
SIM2
SIM3
SIM4
1
21
22
SIM5
SIM1
SIM2
SIM3
SIM4
1
21
22
SIM5
SIM1
SIM2
SIM3
SIM4
1
21
22
SIM5
SIM1
SIM2
SIM3
SIM4
1
21
22
SIM5
SIM1
SIM2
SIM3
SIM4
1
21
22
SIM5
SIM1
SIM2
SIM3
SIM4
1
21
22
SIM5
SIM1
SIM2
SIM3
SIM4
1
21
22
SIM5
SIM1
SIM2
SIM3
SIM4
1
21
22
SIM5
SIM1
SIM2
SIM3
SIM4
1
21
22
SIM5
SIM1
SIM2
SIM3
SIM4
1
21
22
SIM5
SIM1
SIM2
SIM3
SIM4
1
21
22
SIM5
SIM1
SIM2
SIM3
SIM4
1
21
22
SIM5
SIM1
SIM2
SIM3
SIM4
1
21
22
SIM5
SIM1
SIM2
SIM3
SIM4
1
21
22
SIM5
SIM1
SIM2
SIM3
SIM4
1
21
22
SIM5
SIM1
SIM2
SIM3
SIM4
1
21
22
SIM5
SIM1
SIM2
SIM3
SIM4
1
21
22
SIM5
SIM1
SIM2
SIM3
SIM4
1
21
22
SIM5
SIM1
SIM2
SIM3
SIM4
1
21
22
SIM5
SIM1
SIM2
SIM3
SIM4
1
21
22
SIM5
SIM1
SIM2
SIM3
SIM4
1
21
22
SIM5
SIM1
SIM2
SIM3
SIM4
1
21
22
SIM5
SIM1
SIM2
SIM3
SIM4
1
21
22
SIM5
SIM1
SIM2
SIM3
SIM4
1
21
22
SIM5
SIM1
SIM2
SIM3
SIM4
1
21
22
SIM5
SIM1
SIM2
SIM3
SIM4
1
21
22
SIM5
SIM1
SIM2
SIM3
SIM4
1
21
22
SIM5
SIM1
SIM2
SIM3
SIM4
1
21
22
SIM5
SIM1
SIM2
SIM3
SIM4
1
21
22
SIM5
SIM1
SIM2
SIM3
SIM4
1
21
22
SIM5
SIM1
SIM2
SIM3
SIM4
1
21
22
SIM5
SIM1
SIM2
SIM3
SIM4
1
21
22
SIM5
SIM1
SIM2
SIM3
SIM4
1
21
22
SIM5
SIM1
SIM2
SIM3
SIM4
1
21
22
SIM5
SIM1
SIM2
SIM3
SIM4
1
21
22
SIM5
SIM1
SIM2
SIM3
SIM4
1
21
22
SIM5
SIM1
SIM2
SIM3
SIM4
1
21
22
SIM5
SIM1
SIM2
SIM3
SIM4
1
21
22
SIM5
SIM1
SIM2
SIM3
SIM4
1
21
22
SIM5
SIM1
SIM2
SIM3
SIM4
1
21
22
SIM5
SIM1
SIM2
SIM3
SIM4
1
21
22
SIM5
SIM1
SIM2
SIM3
SIM4
1
21
22
SIM5
SIM1
SIM2
SIM3
SIM4
1
21
22
SIM5
SIM1
SIM2
SIM3
SIM4
1
21
22
SIM5
SIM1
SIM2
SIM3
SIM4
1
21
22
SIM5
SIM1
SIM2
SIM3
SIM4
1
21
22
SIM5
SIM1
SIM2
SIM3
SIM4
1
21
22
SIM5
SIM1
SIM2
SIM3
SIM4
1
21
22
SIM5
SIM1
SIM2
SIM3
SIM4
1
21
22
SIM5
SIM1
SIM2
SIM3
SIM4
1
21
22
SIM5
SIM1
SIM2
SIM3
SIM4
1
21
22
SIM5
SIM1
SIM2
SIM3
SIM4
1
21
22
SIM5
SIM1
SIM2
SIM3
SIM4
1
21
22
SIM5
SIM1
SIM2
SIM3
SIM4
1
21
22
SIM5
SIM1
SIM2
SIM3
SIM4
1
21
22
SIM5
SIM1
SIM2
SIM3
SIM4
1
21
22
SIM5
SIM1
SIM2
SIM3
SIM4
1
21
22
SIM5
SIM1
SIM2
SIM3
SIM4
1
21
22
SIM5
SIM1
SIM2
SIM3
SIM4
1
21
22
SIM5
SIM1
SIM2
SIM3
SIM4
1
21
22
SIM5
SIM1
SIM2
SIM3
SIM4
1
21
22
SIM5
SIM1
SIM2
SIM3
SIM4
1
21
22
SIM5
SIM1
SIM2
SIM3
SIM4
1
21
22
SIM5
SIM1
SIM2
SIM3
SIM4
1
21
22
SIM5
SIM1
SIM2
SIM3
SIM4
1
21
22
SIM5
SIM1
SIM2
SIM3
SIM4
1
21
22
SIM5
SIM1
SIM2
SIM3
SIM4
1
21
22
SIM5
SIM1
SIM2
SIM3
SIM4
1
21
22
SIM5
SIM1
SIM2
SIM3
SIM4
1
21
22
SIM5
SIM1
SIM2
SIM3
SIM4
1
21
22
SIM5
SIM1
SIM2
SIM3
SIM4
1
21
22
SIM5
SIM1
SIM2
SIM3
SIM4
1
21
22
SIM5
SIM1
SIM2
SIM3
SIM4
1
21
22
SIM5
SIM1
SIM2
SIM3
SIM4
1
21
22
SIM5
SIM1
SIM2
SIM3
SIM4
1
21
22
SIM5
SIM1
SIM2
SIM3
SIM4
1
21
22
SIM5
SIM1
SIM2
SIM3
SIM4
1
21
22
SIM5
SIM1
SIM2
SIM3
SIM4
1
21
22
SIM5
SIM1
SIM2
SIM3
SIM4
1
21
22
SIM5
SIM1
SIM2
SIM3
SIM4
1
21
22
SIM5
SIM1
SIM2
SIM3
SIM4
1
21
22
SIM5
SIM1
SIM2
SIM3
SIM4
1
21
22
SIM5
SIM1
SIM2
SIM3
SIM4
1
21
22
SIM5
SIM1
SIM2
SIM3
SIM4
1
21
22
SIM5
SIM1
SIM2
SIM3
SIM4
1
21
22
SIM5
SIM1
SIM2
SIM3
SIM4
1
21
22
SIM5
SIM1
SIM2
SIM3
SIM4
1
21
22
SIM5
SIM1
SIM2
SIM3
SIM4
1
21
22
SIM5
SIM1
SIM2
SIM3
SIM4
1
21
22
SIM5
SIM1
SIM2
SIM3
SIM4
1
21
22
SIM5
SIM1
SIM2
SIM3
SIM4
1
21
22
SIM5
SIM1
SIM2
SIM3
SIM4
1
21
22
SIM5
SIM1
SIM2
SIM3
SIM4
1
21
22
SIM5
SIM1
SIM2
SIM3
SIM4
1
21
22
SIM5
SIM1
SIM2
SIM3
SIM4
1
21
22
SIM5
SIM1
SIM2
SIM3
SIM4
1
21
22
SIM5
SIM1
SIM2
SIM3
SIM4
1
21
22
SIM5
SIM1
SIM2
SIM3
SIM4
1
21
22
SIM5
SIM1
SIM2
SIM3
SIM4
1
21
22
SIM5
SIM1
SIM2
SIM3
SIM4
1
21
22
SIM5
SIM1
SIM2
SIM3
SIM4
1
21
22
SIM5
SIM1
SIM2
SIM3
SIM4
1
21
22
SIM5
SIM1
SIM2
SIM3
SIM4
1
21
22
SIM5
SIM1
SIM2
SIM3
SIM4
1
21
22
SIM5
SIM1
SIM2
SIM3
SIM4
1
21
22
SIM5
SIM1
SIM2
SIM3
SIM4
1
21
22
SIM5
SIM1
SIM2
SIM3
SIM4
1
21
22
SIM5
SIM1
SIM2
SIM3
SIM4
1
21
22
SIM5
SIM1
SIM2
SIM3
SIM4
1
21
22
SIM5
SIM1
SIM2
SIM3
SIM4
1
21
22
SIM5
SIM1
SIM2
SIM3
SIM4
1
21
22
SIM5
SIM1
SIM2
SIM3
SIM4
1
21
22
SIM5
SIM1
SIM2
SIM3
SIM4
1
21
22
SIM5
SIM1
SIM2
SIM3
SIM4
1
21
22
SIM5
SIM1
SIM2
SIM3
SIM4
1
21
22
SIM5
SIM1
SIM2
SIM3
SIM4
1
21
22
SIM5
SIM1
SIM2
SIM3
SIM4
1
21
22
SIM5
SIM1
SIM2
SIM3
SIM4
1
21
22
SIM5
SIM1
SIM2
SIM3
SIM4
1
21
22
SIM5
SIM1
SIM2
SIM3
SIM4
1
21
22
SIM5
SIM1
SIM2
SIM3
SIM4
1
21
22
SIM5
SIM1
SIM2
SIM3
SIM4
1
21
22
SIM5
SIM1
SIM2
SIM3
SIM4
1
21
22
SIM5
SIM1
SIM2
SIM3
SIM4
1
21
22
SIM5
SIM1
SIM2
SIM3
SIM4
1
21
22
SIM5
SIM1
SIM2
SIM3
SIM4
1
21
22
SIM5
SIM1
SIM2
SIM3
SIM4
1
21
22
SIM5
SIM1
SIM2
SIM3
SIM4
1
21
22
SIM5
SIM1
SIM2
SIM3
SIM4
1
21
22
SIM5
SIM1
SIM2
SIM3
SIM4
1
21
22
SIM5
SIM1
SIM2
SIM3
SIM4
1
21
22
SIM5
SIM1
SIM2
SIM3
SIM4
1
21
22
SIM5
SIM1
SIM2
SIM3
SIM4
1
21
22
SIM5
SIM1
SIM2
SIM3
SIM4
1
21
22
SIM5
SIM1
SIM2
SIM3
SIM4
1
21
22
SIM5
SIM1
SIM2
SIM3
SIM4
1
21
22
SIM5
SIM1
SIM2
SIM3
SIM4
1
21
22
SIM5
SIM1
SIM2
SIM3
SIM4
1
21
22
SIM5
SIM1
SIM2
SIM3
SIM4
1
21
22
SIM5
SIM1
SIM2
SIM3
SIM4
1
21
22
SIM5
SIM1
SIM2
SIM3
SIM4
1
21
22
SIM5
SIM1
SIM2
SIM3
SIM4
1
21
22
SIM5
SIM1
SIM2
SIM3
SIM4
1
21
22
SIM5
SIM1
SIM2
SIM3
SIM4
1
21
22
SIM5
SIM1
SIM2
SIM3
SIM4
1
21
22
SIM5
SIM1
SIM2
SIM3
SIM4
1
21
22
SIM5
SIM1
SIM2
SIM3
SIM4
1
21
22
SIM5
SIM1
SIM2
SIM3
SIM4
1
21
22
SIM5
SIM1
SIM2
SIM3
SIM4
1
21
22
SIM5
SIM1
SIM2
SIM3
SIM4
1
21
22
SIM5
SIM1
SIM2
SIM3
SIM4
1
21
22
SIM5
SIM1
SIM2
SIM3
SIM4
1
21
22
SIM5
SIM1
SIM2
SIM3
SIM4
1
21
22
SIM5
SIM1
SIM2
SIM3
SIM4
1
21
22
SIM5
SIM1
SIM2
SIM3
SIM4
1
21
22
SIM5
SIM1
SIM2
SIM3
SIM4
1
21
22
SIM5
SIM1
SIM2
SIM3
SIM4
1
21
22
SIM5
SIM1
SIM2
SIM3
SIM4
1
21
22
SIM5
SIM1
SIM2
SIM3
SIM4
1
21
22
SIM5
SIM1
SIM2
SIM3
SIM4
1
21
22
SIM5
SIM1
SIM2
SIM3
SIM4
1
21
22
SIM5
SIM1
SIM2
SIM3
SIM4
1
21
22
SIM5
SIM1
SIM2
SIM3
SIM4
1
21
22
SIM5
SIM1
SIM2
SIM3
SIM4
1
21
22
SIM5
SIM1
SIM2
SIM3
SIM4
1
21
22
SIM5
SIM1
SIM2
SIM3
SIM4
1
21
22
SIM5
SIM1
SIM2
SIM3
SIM4
1
21
22
SIM5
SIM1
SIM2
SIM3
SIM4
1
21
22
SIM5
SIM1
SIM2
SIM3
SIM4
1
21
22
SIM5
SIM1
SIM2
SIM3
SIM4
1
21
22
SIM5
SIM1
SIM2
SIM3
SIM4
1
21
22
SIM5
SIM1
SIM2
SIM3
SIM4
1
21
22
SIM5
SIM1
SIM2
SIM3
SIM4
1
21
22
SIM5
SIM1
SIM2
SIM3
SIM4
1
21
22
SIM5
SIM1
SIM2
SIM3
SIM4
1
21
22
SIM5
SIM1
SIM2
SIM3
SIM4
1
21
22
SIM5
SIM1
SIM2
SIM3
SIM4
1
21
22
SIM5
SIM1
SIM2
SIM3
SIM4
1
21
22
SIM5
SIM1
SIM2
SIM3
SIM4
1
21
22
SIM5
SIM1
SIM2
SIM3
SIM4
1
21
22
SIM5
SIM1
SIM2
DEBUG 1 70
SIM1
SIM2
SIM3
SIM4
1
21
22
SIM5
SIM1
SIM2
SIM3
SIM4
1
21
22
SIM5
SIM1
SIM2
SIM3
SIM4
1
21
22
SIM5
SIM1
SIM2
SIM3
SIM4
1
21
22
SIM5
SIM1
SIM2
SIM3
SIM4
1
21
22
SIM5
SIM1
SIM2
SIM3
SIM4
1
21
22
SIM5
SIM1
SIM2
SIM3
SIM4
1
21
22
SIM5
SIM1
SIM2
SIM3
SIM4
1
21
22
SIM5
SIM1
SIM2
SIM3
SIM4
1
21
22
SIM5
SIM1
SIM2
SIM3
SIM4
1
21
22
SIM5
SIM1
SIM2
SIM3
SIM4
1
21
22
SIM5
SIM1
SIM2
SIM3
SIM4
1
21
22
SIM5
SIM1
SIM2
SIM3
SIM4
1
21
22
SIM5
SIM1
SIM2
SIM3
SIM4
1
21
22
SIM5
SIM1
SIM2
SIM3
SIM4
1
21
22
SIM5
SIM1
SIM2
SIM3
SIM4
1
21
22
SIM5
SIM1
SIM2
SIM3
SIM4
1
21
22
SIM5
SIM1
SIM2
SIM3
SIM4
1
21
22
SIM5
SIM1
SIM2
SIM3
SIM4
1
21
22
SIM5
SIM1
SIM2
SIM3
SIM4
1
21
22
SIM5
SIM1
SIM2
SIM3
SIM4
1
21
22
SIM5
SIM1
SIM2
SIM3
SIM4
1
21
22
SIM5
SIM1
SIM2
SIM3
SIM4
1
21
22
SIM5
SIM1
SIM2
SIM3
SIM4
1
21
22
SIM5
SIM1
SIM2
SIM3
SIM4
1
21
22
SIM5
SIM1
SIM2
SIM3
SIM4
1
21
22
SIM5
SIM1
SIM2
SIM3
SIM4
1
21
22
SIM5
SIM1
SIM2
SIM3
SIM4
1
21
22
SIM5
SIM1
SIM2
SIM3
SIM4
1
21
22
SIM5
SIM1
SIM2
SIM3
SIM4
1
21
22
SIM5
SIM1
SIM2
SIM3
SIM4
1
21
22
SIM5
SIM1
SIM2
SIM3
SIM4
1
21
22
SIM5
SIM1
SIM2
SIM3
SIM4
1
21
22
SIM5
SIM1
SIM2
SIM3
SIM4
1
21
22
SIM5
SIM1
SIM2
SIM3
SIM4
1
21
22
SIM5
SIM1
SIM2
SIM3
SIM4
1
21
22
SIM5
SIM1
SIM2
SIM3
SIM4
1
21
22
SIM5
SIM1
SIM2
SIM3
SIM4
1
21
22
SIM5
SIM1
SIM2
SIM3
SIM4
1
21
22
SIM5
SIM1
SIM2
SIM3
SIM4
1
21
22
SIM5
SIM1
SIM2
SIM3
SIM4
1
21
22
SIM5
SIM1
SIM2
SIM3
SIM4
1
21
22
SIM5
SIM1
SIM2
SIM3
SIM4
1
21
22
SIM5
SIM1
SIM2
SIM3
SIM4
1
21
22
SIM5
SIM1
SIM2
SIM3
SIM4
1
21
22
SIM5
SIM1
SIM2
SIM3
SIM4
1
21
22
SIM5
SIM1
SIM2
SIM3
SIM4
1
21
22
SIM5
SIM1
SIM2
SIM3
SIM4
1
21
22
SIM5
SIM1
SIM2
SIM3
SIM4
1
21
22
SIM5
SIM1
SIM2
SIM3
SIM4
1
21
22
SIM5
SIM1
SIM2
SIM3
SIM4
1
21
22
SIM5
SIM1
SIM2
SIM3
SIM4
1
21
22
SIM5
SIM1
SIM2
SIM3
SIM4
1
21
22
SIM5
SIM1
SIM2
SIM3
SIM4
1
21
22
SIM5
SIM1
SIM2
SIM3
SIM4
1
21
22
SIM5
SIM1
SIM2
SIM3
SIM4
1
21
22
SIM5
SIM1
SIM2
SIM3
SIM4
1
21
22
SIM5
SIM1
SIM2
SIM3
SIM4
1
21
22
SIM5
SIM1
SIM2
SIM3
SIM4
1
21
22
SIM5
SIM1
SIM2
SIM3
SIM4
1
21
22
SIM5
SIM1
SIM2
SIM3
SIM4
1
21
22
SIM5
SIM1
SIM2
SIM3
SIM4
1
21
22
SIM5
SIM1
SIM2
SIM3
SIM4
1
21
22
SIM5
SIM1
SIM2
SIM3
SIM4
1
21
22
SIM5
SIM1
SIM2
SIM3
SIM4
1
21
22
SIM5
SIM1
SIM2
SIM3
SIM4
1
21
22
SIM5
SIM1
SIM2
SIM3
SIM4
1
21
22
SIM5
SIM1
SIM2
SIM3
SIM4
1
21
22
SIM5
SIM1
SIM2
SIM3
SIM4
1
21
22
SIM5
SIM1
SIM2
SIM3
SIM4
1
21
22
SIM5
SIM1
SIM2
SIM3
SIM4
1
21
22
SIM5
SIM1
SIM2
SIM3
SIM4
1
21
22
SIM5
SIM1
SIM2
SIM3
SIM4
1
21
22
SIM5
SIM1
SIM2
SIM3
SIM4
1
21
22
SIM5
SIM1
SIM2
SIM3
SIM4
1
21
22
SIM5
SIM1
SIM2
SIM3
SIM4
1
21
22
SIM5
SIM1
SIM2
SIM3
SIM4
1
21
22
SIM5
SIM1
SIM2
SIM3
SIM4
1
21
22
SIM5
SIM1
SIM2
SIM3
SIM4
1
21
22
SIM5
SIM1
SIM2
SIM3
SIM4
1
21
22
SIM5
SIM1
SIM2
SIM3
SIM4
1
21
22
SIM5
SIM1
SIM2
SIM3
SIM4
1
21
22
SIM5
SIM1
SIM2
SIM3
SIM4
1
21
22
SIM5
SIM1
SIM2
SIM3
SIM4
1
21
22
SIM5
SIM1
SIM2
SIM3
SIM4
1
21
22
SIM5
SIM1
SIM2
SIM3
SIM4
1
21
22
SIM5
SIM1
SIM2
SIM3
SIM4
1
21
22
SIM5
SIM1
SIM2
SIM3
SIM4
1
21
22
SIM5
SIM1
SIM2
SIM3
SIM4
1
21
22
SIM5
SIM1
SIM2
SIM3
SIM4
1
21
22
SIM5
SIM1
SIM2
SIM3
SIM4
1
21
22
SIM5
SIM1
SIM2
SIM3
SIM4
1
21
22
SIM5
SIM1
SIM2
SIM3
SIM4
1
21
22
SIM5
SIM1
SIM2
SIM3
SIM4
1
21
22
SIM5
SIM1
SIM2
SIM3
SIM4
1
21
22
SIM5
SIM1
SIM2
SIM3
SIM4
1
21
22
SIM5
SIM1
SIM2
SIM3
SIM4
1
21
22
SIM5
SIM1
SIM2
SIM3
SIM4
1
21
22
SIM5
SIM1
SIM2
SIM3
SIM4
1
21
22
SIM5
SIM1
SIM2
SIM3
SIM4
1
21
22
SIM5
SIM1
SIM2
SIM3
SIM4
1
21
22
SIM5
SIM1
SIM2
SIM3
SIM4
1
21
22
SIM5
SIM1
SIM2
SIM3
SIM4
1
21
22
SIM5
SIM1
SIM2
SIM3
SIM4
1
21
22
SIM5
SIM1
SIM2
SIM3
SIM4
1
21
22
SIM5
SIM1
SIM2
SIM3
SIM4
1
21
22
SIM5
SIM1
SIM2
SIM3
SIM4
1
21
22
SIM5
SIM1
SIM2
SIM3
SIM4
1
21
22
SIM5
SIM1
SIM2
SIM3
SIM4
1
21
22
SIM5
SIM1
SIM2
SIM3
SIM4
1
21
22
SIM5
SIM1
SIM2
SIM3
SIM4
1
21
22
SIM5
SIM1
SIM2
SIM3
SIM4
1
21
22
SIM5
SIM1
SIM2
SIM3
SIM4
1
21
22
SIM5
SIM1
SIM2
SIM3
SIM4
1
21
22
SIM5
SIM1
SIM2
SIM3
SIM4
1
21
22
SIM5
SIM1
SIM2
SIM3
SIM4
1
21
22
SIM5
SIM1
SIM2
SIM3
SIM4
1
21
22
SIM5
SIM1
SIM2
SIM3
SIM4
1
21
22
SIM5
SIM1
SIM2
SIM3
SIM4
1
21
22
SIM5
SIM1
SIM2
SIM3
SIM4
1
21
22
SIM5
SIM1
SIM2
SIM3
SIM4
1
21
22
SIM5
SIM1
SIM2
SIM3
SIM4
1
21
22
SIM5
SIM1
SIM2
SIM3
SIM4
1
21
22
SIM5
SIM1
SIM2
SIM3
SIM4
1
21
22
SIM5
SIM1
SIM2
SIM3
SIM4
1
21
22
SIM5
SIM1
SIM2
SIM3
SIM4
1
21
22
SIM5
SIM1
SIM2
SIM3
SIM4
1
21
22
SIM5
SIM1
SIM2
SIM3
SIM4
1
21
22
SIM5
SIM1
SIM2
SIM3
SIM4
1
21
22
SIM5
SIM1
SIM2
SIM3
SIM4
1
21
22
SIM5
SIM1
SIM2
SIM3
SIM4
1
21
22
SIM5
SIM1
SIM2
SIM3
SIM4
1
21
22
SIM5
SIM1
SIM2
SIM3
SIM4
1
21
22
SIM5
SIM1
SIM2
SIM3
SIM4
1
21
22
SIM5
SIM1
SIM2
SIM3
SIM4
1
21
22
SIM5
SIM1
SIM2
SIM3
SIM4
1
21
22
SIM5
SIM1
SIM2
SIM3
SIM4
1
21
22
SIM5
SIM1
SIM2
SIM3
SIM4
1
21
22
SIM5
SIM1
SIM2
SIM3
SIM4
1
21
22
SIM5
SIM1
SIM2
SIM3
SIM4
1
21
22
SIM5
SIM1
SIM2
SIM3
SIM4
1
21
22
SIM5
SIM1
SIM2
SIM3
SIM4
1
21
22
SIM5
SIM1
SIM2
SIM3
SIM4
1
21
22
SIM5
SIM1
SIM2
SIM3
SIM4
1
21
22
SIM5
SIM1
SIM2
SIM3
SIM4
1
21
22
SIM5
SIM1
SIM2
SIM3
SIM4
1
21
22
SIM5
SIM1
SIM2
SIM3
SIM4
1
21
22
SIM5
SIM1
SIM2
SIM3
SIM4
1
21
22
SIM5
SIM1
SIM2
SIM3
SIM4
1
21
22
SIM5
SIM1
SIM2
SIM3
SIM4
1
21
22
SIM5
SIM1
SIM2
SIM3
SIM4
1
21
22
SIM5
SIM1
SIM2
SIM3
SIM4
1
21
22
SIM5
SIM1
SIM2
SIM3
SIM4
1
21
22
SIM5
SIM1
SIM2
SIM3
SIM4
1
21
22
SIM5
SIM1
SIM2
SIM3
SIM4
1
21
22
SIM5
SIM1
SIM2
SIM3
SIM4
1
21
22
SIM5
SIM1
SIM2
SIM3
SIM4
1
21
22
SIM5
SIM1
SIM2
SIM3
SIM4
1
21
22
SIM5
SIM1
SIM2
SIM3
SIM4
1
21
22
SIM5
SIM1
SIM2
SIM3
SIM4
1
21
22
SIM5
SIM1
SIM2
SIM3
SIM4
1
21
22
SIM5
SIM1
SIM2
SIM3
SIM4
1
21
22
SIM5
SIM1
SIM2
SIM3
SIM4
1
21
22
SIM5
SIM1
SIM2
SIM3
SIM4
1
21
22
SIM5
SIM1
SIM2
SIM3
SIM4
1
21
22
SIM5
SIM1
SIM2
SIM3
SIM4
1
21
22
SIM5
SIM1
SIM2
SIM3
SIM4
1
21
22
SIM5
SIM1
SIM2
SIM3
SIM4
1
21
22
SIM5
SIM1
SIM2
SIM3
SIM4
1
21
22
SIM5
SIM1
SIM2
SIM3
SIM4
1
21
22
SIM5
SIM1
SIM2
SIM3
SIM4
1
21
22
SIM5
SIM1
SIM2
SIM3
SIM4
1
21
22
SIM5
SIM1
SIM2
SIM3
SIM4
1
21
22
SIM5
SIM1
SIM2
SIM3
SIM4
1
21
22
SIM5
SIM1
SIM2
SIM3
SIM4
1
21
22
SIM5
SIM1
SIM2
SIM3
SIM4
1
21
22
SIM5
SIM1
SIM2
SIM3
SIM4
1
21
22
SIM5
SIM1
SIM2
SIM3
SIM4
1
21
22
SIM5
SIM1
SIM2
SIM3
SIM4
1
21
22
SIM5
SIM1
SIM2
SIM3
SIM4
1
21
22
SIM5
SIM1
SIM2
SIM3
SIM4
1
21
22
SIM5
SIM1
SIM2
SIM3
SIM4
1
21
22
SIM5
SIM1
SIM2
SIM3
SIM4
1
21
22
SIM5
SIM1
SIM2
SIM3
SIM4
1
21
22
SIM5
SIM1
SIM2
SIM3
SIM4
1
21
22
SIM5
SIM1
SIM2
SIM3
SIM4
1
21
22
SIM5
SIM1
SIM2
SIM3
SIM4
1
21
22
SIM5
SIM1
SIM2
SIM3
SIM4
1
21
22
SIM5
SIM1
SIM2
SIM3
SIM4
1
21
22
SIM5
SIM1
SIM2
SIM3
SIM4
1
21
22
SIM5
SIM1
SIM2
SIM3
SIM4
1
21
22
SIM5
SIM1
SIM2
SIM3
SIM4
1
21
22
SIM5
SIM1
SIM2
SIM3
SIM4
1
21
22
SIM5
SIM1
SIM2
SIM3
SIM4
1
21
22
SIM5
SIM1
SIM2
SIM3
SIM4
1
21
22
SIM5
SIM1
SIM2
SIM3
SIM4
1
21
22
SIM5
SIM1
SIM2
SIM3
SIM4
1
21
22
SIM5
SIM1
SIM2
SIM3
SIM4
1
21
22
SIM5
SIM1
SIM2
SIM3
SIM4
1
21
22
SIM5
SIM1
SIM2
SIM3
SIM4
1
21
22
SIM5
SIM1
SIM2
SIM3
SIM4
1
21
22
SIM5
SIM1
SIM2
SIM3
SIM4
1
21
22
SIM5
SIM1
SIM2
SIM3
SIM4
1
21
22
SIM5
SIM1
SIM2
SIM3
SIM4
1
21
22
SIM5
SIM1
SIM2
SIM3
SIM4
1
21
22
SIM5
SIM1
SIM2
SIM3
SIM4
1
21
22
SIM5
SIM1
SIM2
SIM3
SIM4
1
21
22
SIM5
SIM1
SIM2
SIM3
SIM4
1
21
22
SIM5
SIM1
SIM2
SIM3
SIM4
1
21
22
SIM5
SIM1
SIM2
SIM3
SIM4
1
21
22
SIM5
SIM1
SIM2
SIM3
SIM4
1
21
22
SIM5
SIM1
SIM2
SIM3
SIM4
1
21
22
SIM5
SIM1
SIM2
SIM3
SIM4
1
21
22
SIM5
SIM1
SIM2
SIM3
SIM4
1
21
22
SIM5
SIM1
SIM2
SIM3
SIM4
1
21
22
SIM5
SIM1
SIM2
SIM3
SIM4
1
21
22
SIM5
SIM1
SIM2
SIM3
SIM4
1
21
22
SIM5
SIM1
SIM2
SIM3
SIM4
1
21
22
SIM5
SIM1
SIM2
SIM3
SIM4
1
21
22
SIM5
SIM1
SIM2
SIM3
SIM4
1
21
22
SIM5
SIM1
SIM2
SIM3
SIM4
1
21
22
SIM5
SIM1
SIM2
SIM3
SIM4
1
21
22
SIM5
SIM1
SIM2
SIM3
SIM4
1
21
22
SIM5
SIM1
SIM2
SIM3
SIM4
1
21
22
SIM5
SIM1
SIM2
SIM3
SIM4
1
21
22
SIM5
SIM1
SIM2
SIM3
SIM4
1
21
22
SIM5
SIM1
SIM2
SIM3
SIM4
1
21
22
SIM5
SIM1
SIM2
SIM3
SIM4
1
21
22
SIM5
SIM1
SIM2
SIM3
SIM4
1
21
22
SIM5
SIM1
SIM2
SIM3
SIM4
1
21
22
SIM5
SIM1
SIM2
SIM3
SIM4
1
21
22
SIM5
SIM1
SIM2
SIM3
SIM4
1
21
22
SIM5
SIM1
SIM2
SIM3
SIM4
1
21
22
SIM5
SIM1
SIM2
SIM3
SIM4
1
21
22
SIM5
SIM1
SIM2
SIM3
SIM4
1
21
22
SIM5
SIM1
SIM2
SIM3
SIM4
1
21
22
SIM5
SIM1
SIM2
SIM3
SIM4
1
21
22
SIM5
SIM1
SIM2
SIM3
SIM4
1
21
22
SIM5
SIM1
SIM2
SIM3
SIM4
1
21
22
SIM5
SIM1
SIM2
SIM3
SIM4
1
21
22
SIM5
SIM1
SIM2
SIM3
SIM4
1
21
22
SIM5
SIM1
SIM2
SIM3
SIM4
1
21
22
SIM5
SIM1
SIM2
SIM3
SIM4
1
21
22
SIM5
SIM1
SIM2
SIM3
SIM4
1
21
22
SIM5
SIM1
SIM2
SIM3
SIM4
1
21
22
SIM5
SIM1
SIM2
SIM3
SIM4
1
21
22
SIM5
SIM1
SIM2
SIM3
SIM4
1
21
22
SIM5
SIM1
SIM2
SIM3
SIM4
1
21
22
SIM5
SIM1
SIM2
SIM3
SIM4
1
21
22
SIM5
SIM1
SIM2
SIM3
SIM4
1
21
22
SIM5
SIM1
SIM2
SIM3
SIM4
1
21
22
SIM5
SIM1
SIM2
SIM3
SIM4
1
21
22
SIM5
SIM1
SIM2
SIM3
SIM4
1
21
22
SIM5
SIM1
SIM2
SIM3
SIM4
1
21
22
SIM5
SIM1
SIM2
SIM3
SIM4
1
21
22
SIM5
SIM1
SIM2
SIM3
SIM4
1
21
22
SIM5
SIM1
SIM2
SIM3
SIM4
1
21
22
SIM5
SIM1
SIM2
SIM3
SIM4
1
21
22
SIM5
SIM1
SIM2
SIM3
SIM4
1
21
22
SIM5
SIM1
SIM2
SIM3
SIM4
1
21
22
SIM5
SIM1
SIM2
SIM3
SIM4
1
21
22
SIM5
SIM1
SIM2
SIM3
SIM4
1
21
22
SIM5
SIM1
SIM2
SIM3
SIM4
1
21
22
SIM5
SIM1
SIM2
SIM3
SIM4
1
21
22
SIM5
SIM1
SIM2
SIM3
SIM4
1
21
22
SIM5
SIM1
SIM2
SIM3
SIM4
1
21
22
SIM5
SIM1
SIM2
SIM3
SIM4
1
21
22
SIM5
SIM1
SIM2
SIM3
SIM4
1
21
22
SIM5
SIM1
SIM2
SIM3
SIM4
1
21
22
SIM5
SIM1
SIM2
SIM3
SIM4
1
21
22
SIM5
SIM1
SIM2
SIM3
SIM4
1
21
22
SIM5
SIM1
SIM2
SIM3
SIM4
1
21
22
SIM5
SIM1
SIM2
SIM3
SIM4
1
21
22
SIM5
SIM1
SIM2
SIM3
SIM4
1
21
22
SIM5
SIM1
SIM2
SIM3
SIM4
1
21
22
SIM5
SIM1
SIM2
SIM3
SIM4
1
21
22
SIM5
SIM1
SIM2
SIM3
SIM4
1
21
22
SIM5
SIM1
SIM2
SIM3
SIM4
1
21
22
SIM5
SIM1
SIM2
SIM3
SIM4
1
21
22
SIM5
SIM1
SIM2
SIM3
SIM4
1
21
22
SIM5
SIM1
SIM2
SIM3
SIM4
1
21
22
SIM5
SIM1
SIM2
SIM3
SIM4
1
21
22
SIM5
SIM1
SIM2
SIM3
SIM4
1
21
22
SIM5
SIM1
SIM2
SIM3
SIM4
1
21
22
SIM5
SIM1
SIM2
SIM3
SIM4
1
21
22
SIM5
SIM1
SIM2
SIM3
SIM4
1
21
22
SIM5
SIM1
SIM2
SIM3
SIM4
1
21
22
SIM5
SIM1
SIM2
SIM3
SIM4
1
21
22
SIM5
SIM1
SIM2
SIM3
SIM4
1
21
22
SIM5
SIM1
SIM2
SIM3
SIM4
1
21
22
SIM5
SIM1
SIM2
SIM3
SIM4
1
21
22
SIM5
SIM1
SIM2
SIM3
SIM4
1
21
22
SIM5
SIM1
SIM2
SIM3
SIM4
1
21
22
SIM5
SIM1
SIM2
DEBUG 1 71
SIM1
SIM2
SIM3
SIM4
1
21
22
SIM5
SIM1
SIM2
SIM3
SIM4
1
21
22
SIM5
SIM1
SIM2
SIM3
SIM4
1
21
22
SIM5
SIM1
SIM2
SIM3
SIM4
1
21
22
SIM5
SIM1
SIM2
SIM3
SIM4
1
21
22
SIM5
SIM1
SIM2
SIM3
SIM4
1
21
22
SIM5
SIM1
SIM2
SIM3
SIM4
1
21
22
SIM5
SIM1
SIM2
SIM3
SIM4
1
21
22
SIM5
SIM1
SIM2
SIM3
SIM4
1
21
22
SIM5
SIM1
SIM2
SIM3
SIM4
1
21
22
SIM5
SIM1
SIM2
SIM3
SIM4
1
21
22
SIM5
SIM1
SIM2
SIM3
SIM4
1
21
22
SIM5
SIM1
SIM2
SIM3
SIM4
1
21
22
SIM5
SIM1
SIM2
SIM3
SIM4
1
21
22
SIM5
SIM1
SIM2
SIM3
SIM4
1
21
22
SIM5
SIM1
SIM2
SIM3
SIM4
1
21
22
SIM5
SIM1
SIM2
SIM3
SIM4
1
21
22
SIM5
SIM1
SIM2
SIM3
SIM4
1
21
22
SIM5
SIM1
SIM2
SIM3
SIM4
1
21
22
SIM5
SIM1
SIM2
SIM3
SIM4
1
21
22
SIM5
SIM1
SIM2
SIM3
SIM4
1
21
22
SIM5
SIM1
SIM2
SIM3
SIM4
1
21
22
SIM5
SIM1
SIM2
SIM3
SIM4
1
21
22
SIM5
SIM1
SIM2
SIM3
SIM4
1
21
22
SIM5
SIM1
SIM2
SIM3
SIM4
1
21
22
SIM5
SIM1
SIM2
SIM3
SIM4
1
21
22
SIM5
SIM1
SIM2
SIM3
SIM4
1
21
22
SIM5
SIM1
SIM2
SIM3
SIM4
1
21
22
SIM5
SIM1
SIM2
SIM3
SIM4
1
21
22
SIM5
SIM1
SIM2
SIM3
SIM4
1
21
22
SIM5
SIM1
SIM2
SIM3
SIM4
1
21
22
SIM5
SIM1
SIM2
SIM3
SIM4
1
21
22
SIM5
SIM1
SIM2
SIM3
SIM4
1
21
22
SIM5
SIM1
SIM2
SIM3
SIM4
1
21
22
SIM5
SIM1
SIM2
SIM3
SIM4
1
21
22
SIM5
SIM1
SIM2
SIM3
SIM4
1
21
22
SIM5
SIM1
SIM2
SIM3
SIM4
1
21
22
SIM5
SIM1
SIM2
SIM3
SIM4
1
21
22
SIM5
SIM1
SIM2
SIM3
SIM4
1
21
22
SIM5
SIM1
SIM2
SIM3
SIM4
1
21
22
SIM5
SIM1
SIM2
SIM3
SIM4
1
21
22
SIM5
SIM1
SIM2
SIM3
SIM4
1
21
22
SIM5
SIM1
SIM2
SIM3
SIM4
1
21
22
SIM5
SIM1
SIM2
SIM3
SIM4
1
21
22
SIM5
SIM1
SIM2
SIM3
SIM4
1
21
22
SIM5
SIM1
SIM2
SIM3
SIM4
1
21
22
SIM5
SIM1
SIM2
SIM3
SIM4
1
21
22
SIM5
SIM1
SIM2
SIM3
SIM4
1
21
22
SIM5
SIM1
SIM2
SIM3
SIM4
1
21
22
SIM5
SIM1
SIM2
SIM3
SIM4
1
21
22
SIM5
SIM1
SIM2
SIM3
SIM4
1
21
22
SIM5
SIM1
SIM2
SIM3
SIM4
1
21
22
SIM5
SIM1
SIM2
SIM3
SIM4
1
21
22
SIM5
SIM1
SIM2
SIM3
SIM4
1
21
22
SIM5
SIM1
SIM2
SIM3
SIM4
1
21
22
SIM5
SIM1
SIM2
SIM3
SIM4
1
21
22
SIM5
SIM1
SIM2
SIM3
SIM4
1
21
22
SIM5
SIM1
SIM2
SIM3
SIM4
1
21
22
SIM5
SIM1
SIM2
SIM3
SIM4
1
21
22
SIM5
SIM1
SIM2
SIM3
SIM4
1
21
22
SIM5
SIM1
SIM2
SIM3
SIM4
1
21
22
SIM5
SIM1
SIM2
SIM3
SIM4
1
21
22
SIM5
SIM1
SIM2
SIM3
SIM4
1
21
22
SIM5
SIM1
SIM2
SIM3
SIM4
1
21
22
SIM5
SIM1
SIM2
SIM3
SIM4
1
21
22
SIM5
SIM1
SIM2
SIM3
SIM4
1
21
22
SIM5
SIM1
SIM2
SIM3
SIM4
1
21
22
SIM5
SIM1
SIM2
SIM3
SIM4
1
21
22
SIM5
SIM1
SIM2
SIM3
SIM4
1
21
22
SIM5
SIM1
SIM2
SIM3
SIM4
1
21
22
SIM5
SIM1
SIM2
SIM3
SIM4
1
21
22
SIM5
SIM1
SIM2
SIM3
SIM4
1
21
22
SIM5
SIM1
SIM2
SIM3
SIM4
1
21
22
SIM5
SIM1
SIM2
SIM3
SIM4
1
21
22
SIM5
SIM1
SIM2
SIM3
SIM4
1
21
22
SIM5
SIM1
SIM2
SIM3
SIM4
1
21
22
SIM5
SIM1
SIM2
SIM3
SIM4
1
21
22
SIM5
SIM1
SIM2
SIM3
SIM4
1
21
22
SIM5
SIM1
SIM2
SIM3
SIM4
1
21
22
SIM5
SIM1
SIM2
SIM3
SIM4
1
21
22
SIM5
SIM1
SIM2
SIM3
SIM4
1
21
22
SIM5
SIM1
SIM2
SIM3
SIM4
1
21
22
SIM5
SIM1
SIM2
SIM3
SIM4
1
21
22
SIM5
SIM1
SIM2
SIM3
SIM4
1
21
22
SIM5
SIM1
SIM2
SIM3
SIM4
1
21
22
SIM5
SIM1
SIM2
SIM3
SIM4
1
21
22
SIM5
SIM1
SIM2
SIM3
SIM4
1
21
22
SIM5
SIM1
SIM2
SIM3
SIM4
1
21
22
SIM5
SIM1
SIM2
SIM3
SIM4
1
21
22
SIM5
SIM1
SIM2
SIM3
SIM4
1
21
22
SIM5
SIM1
SIM2
SIM3
SIM4
1
21
22
SIM5
SIM1
SIM2
SIM3
SIM4
1
21
22
SIM5
SIM1
SIM2
SIM3
SIM4
1
21
22
SIM5
SIM1
SIM2
SIM3
SIM4
1
21
22
SIM5
SIM1
SIM2
SIM3
SIM4
1
21
22
SIM5
SIM1
SIM2
SIM3
SIM4
1
21
22
SIM5
SIM1
SIM2
SIM3
SIM4
1
21
22
SIM5
SIM1
SIM2
SIM3
SIM4
1
21
22
SIM5
SIM1
SIM2
SIM3
SIM4
1
21
22
SIM5
SIM1
SIM2
SIM3
SIM4
1
21
22
SIM5
SIM1
SIM2
SIM3
SIM4
1
21
22
SIM5
SIM1
SIM2
SIM3
SIM4
1
21
22
SIM5
SIM1
SIM2
SIM3
SIM4
1
21
22
SIM5
SIM1
SIM2
SIM3
SIM4
1
21
22
SIM5
SIM1
SIM2
SIM3
SIM4
1
21
22
SIM5
SIM1
SIM2
SIM3
SIM4
1
21
22
SIM5
SIM1
SIM2
SIM3
SIM4
1
21
22
SIM5
SIM1
SIM2
SIM3
SIM4
1
21
22
SIM5
SIM1
SIM2
SIM3
SIM4
1
21
22
SIM5
SIM1
SIM2
SIM3
SIM4
1
21
22
SIM5
SIM1
SIM2
SIM3
SIM4
1
21
22
SIM5
SIM1
SIM2
SIM3
SIM4
1
21
22
SIM5
SIM1
SIM2
SIM3
SIM4
1
21
22
SIM5
SIM1
SIM2
SIM3
SIM4
1
21
22
SIM5
SIM1
SIM2
SIM3
SIM4
1
21
22
SIM5
SIM1
SIM2
SIM3
SIM4
1
21
22
SIM5
SIM1
SIM2
SIM3
SIM4
1
21
22
SIM5
SIM1
SIM2
SIM3
SIM4
1
21
22
SIM5
SIM1
SIM2
SIM3
SIM4
1
21
22
SIM5
SIM1
SIM2
SIM3
SIM4
1
21
22
SIM5
SIM1
SIM2
SIM3
SIM4
1
21
22
SIM5
SIM1
SIM2
SIM3
SIM4
1
21
22
SIM5
SIM1
SIM2
SIM3
SIM4
1
21
22
SIM5
SIM1
SIM2
SIM3
SIM4
1
21
22
SIM5
SIM1
SIM2
SIM3
SIM4
1
21
22
SIM5
SIM1
SIM2
SIM3
SIM4
1
21
22
SIM5
SIM1
SIM2
SIM3
SIM4
1
21
22
SIM5
SIM1
SIM2
SIM3
SIM4
1
21
22
SIM5
SIM1
SIM2
SIM3
SIM4
1
21
22
SIM5
SIM1
SIM2
SIM3
SIM4
1
21
22
SIM5
SIM1
SIM2
SIM3
SIM4
1
21
22
SIM5
SIM1
SIM2
SIM3
SIM4
1
21
22
SIM5
SIM1
SIM2
SIM3
SIM4
1
21
22
SIM5
SIM1
SIM2
SIM3
SIM4
1
21
22
SIM5
SIM1
SIM2
SIM3
SIM4
1
21
22
SIM5
SIM1
SIM2
SIM3
SIM4
1
21
22
SIM5
SIM1
SIM2
DEBUG 1 72
SIM1
SIM2
SIM3
SIM4
1
21
22
SIM5
SIM1
SIM2
SIM3
SIM4
1
21
22
SIM5
SIM1
SIM2
SIM3
SIM4
1
21
22
SIM5
SIM1
SIM2
SIM3
SIM4
1
21
22
SIM5
SIM1
SIM2
SIM3
SIM4
1
21
22
SIM5
SIM1
SIM2
SIM3
SIM4
1
21
22
SIM5
SIM1
SIM2
SIM3
SIM4
1
21
22
SIM5
SIM1
SIM2
SIM3
SIM4
1
21
22
SIM5
SIM1
SIM2
SIM3
SIM4
1
21
22
SIM5
SIM1
SIM2
SIM3
SIM4
1
21
22
SIM5
SIM1
SIM2
SIM3
SIM4
1
21
22
SIM5
SIM1
SIM2
SIM3
SIM4
1
21
22
SIM5
SIM1
SIM2
SIM3
SIM4
1
21
22
SIM5
SIM1
SIM2
SIM3
SIM4
1
21
22
SIM5
SIM1
SIM2
SIM3
SIM4
1
21
22
SIM5
SIM1
SIM2
SIM3
SIM4
1
21
22
SIM5
SIM1
SIM2
SIM3
SIM4
1
21
22
SIM5
SIM1
SIM2
SIM3
SIM4
1
21
22
SIM5
SIM1
SIM2
SIM3
SIM4
1
21
22
SIM5
SIM1
SIM2
SIM3
SIM4
1
21
22
SIM5
SIM1
SIM2
SIM3
SIM4
1
21
22
SIM5
SIM1
SIM2
SIM3
SIM4
1
21
22
SIM5
SIM1
SIM2
SIM3
SIM4
1
21
22
SIM5
SIM1
SIM2
SIM3
SIM4
1
21
22
SIM5
SIM1
SIM2
SIM3
SIM4
1
21
22
SIM5
SIM1
SIM2
SIM3
SIM4
1
21
22
SIM5
SIM1
SIM2
SIM3
SIM4
1
21
22
SIM5
SIM1
SIM2
SIM3
SIM4
1
21
22
SIM5
SIM1
SIM2
SIM3
SIM4
1
21
22
SIM5
SIM1
SIM2
SIM3
SIM4
1
21
22
SIM5
SIM1
SIM2
SIM3
SIM4
1
21
22
SIM5
SIM1
SIM2
SIM3
SIM4
1
21
22
SIM5
SIM1
SIM2
SIM3
SIM4
1
21
22
SIM5
SIM1
SIM2
SIM3
SIM4
1
21
22
SIM5
SIM1
SIM2
SIM3
SIM4
1
21
22
SIM5
SIM1
SIM2
SIM3
SIM4
1
21
22
SIM5
SIM1
SIM2
SIM3
SIM4
1
21
22
SIM5
SIM1
SIM2
SIM3
SIM4
1
21
22
SIM5
SIM1
SIM2
SIM3
SIM4
1
21
22
SIM5
SIM1
SIM2
SIM3
SIM4
1
21
22
SIM5
SIM1
SIM2
SIM3
SIM4
1
21
22
SIM5
SIM1
SIM2
SIM3
SIM4
1
21
22
SIM5
SIM1
SIM2
SIM3
SIM4
1
21
22
SIM5
SIM1
SIM2
SIM3
SIM4
1
21
22
SIM5
SIM1
SIM2
SIM3
SIM4
1
21
22
SIM5
SIM1
SIM2
SIM3
SIM4
1
21
22
SIM5
SIM1
SIM2
SIM3
SIM4
1
21
22
SIM5
SIM1
SIM2
SIM3
SIM4
1
21
22
SIM5
SIM1
SIM2
SIM3
SIM4
1
21
22
SIM5
SIM1
SIM2
SIM3
SIM4
1
21
22
SIM5
SIM1
SIM2
SIM3
SIM4
1
21
22
SIM5
SIM1
SIM2
SIM3
SIM4
1
21
22
SIM5
SIM1
SIM2
SIM3
SIM4
1
21
22
SIM5
SIM1
SIM2
SIM3
SIM4
1
21
22
SIM5
SIM1
SIM2
SIM3
SIM4
1
21
22
SIM5
SIM1
SIM2
SIM3
SIM4
1
21
22
SIM5
SIM1
SIM2
SIM3
SIM4
1
21
22
SIM5
SIM1
SIM2
SIM3
SIM4
1
21
22
SIM5
SIM1
SIM2
SIM3
SIM4
1
21
22
SIM5
SIM1
SIM2
SIM3
SIM4
1
21
22
SIM5
SIM1
SIM2
SIM3
SIM4
1
21
22
SIM5
SIM1
SIM2
SIM3
SIM4
1
21
22
SIM5
SIM1
SIM2
SIM3
SIM4
1
21
22
SIM5
SIM1
SIM2
SIM3
SIM4
1
21
22
SIM5
SIM1
SIM2
SIM3
SIM4
1
21
22
SIM5
SIM1
SIM2
SIM3
SIM4
1
21
22
SIM5
SIM1
SIM2
SIM3
SIM4
1
21
22
SIM5
SIM1
SIM2
SIM3
SIM4
1
21
22
SIM5
SIM1
SIM2
SIM3
SIM4
1
21
22
SIM5
SIM1
SIM2
SIM3
SIM4
1
21
22
SIM5
SIM1
SIM2
SIM3
SIM4
1
21
22
SIM5
SIM1
SIM2
SIM3
SIM4
1
21
22
SIM5
SIM1
SIM2
SIM3
SIM4
1
21
22
SIM5
SIM1
SIM2
SIM3
SIM4
1
21
22
SIM5
SIM1
SIM2
SIM3
SIM4
1
21
22
SIM5
SIM1
SIM2
SIM3
SIM4
1
21
22
SIM5
SIM1
SIM2
SIM3
SIM4
1
21
22
SIM5
SIM1
SIM2
SIM3
SIM4
1
21
22
SIM5
SIM1
SIM2
SIM3
SIM4
1
21
22
SIM5
SIM1
SIM2
SIM3
SIM4
1
21
22
SIM5
SIM1
SIM2
SIM3
SIM4
1
21
22
SIM5
SIM1
SIM2
SIM3
SIM4
1
21
22
SIM5
SIM1
SIM2
SIM3
SIM4
1
21
22
SIM5
SIM1
SIM2
SIM3
SIM4
1
21
22
SIM5
SIM1
SIM2
SIM3
SIM4
1
21
22
SIM5
SIM1
SIM2
SIM3
SIM4
1
21
22
SIM5
SIM1
SIM2
SIM3
SIM4
1
21
22
SIM5
SIM1
SIM2
SIM3
SIM4
1
21
22
SIM5
SIM1
SIM2
SIM3
SIM4
1
21
22
SIM5
SIM1
SIM2
SIM3
SIM4
1
21
22
SIM5
SIM1
SIM2
SIM3
SIM4
1
21
22
SIM5
SIM1
SIM2
SIM3
SIM4
1
21
22
SIM5
SIM1
SIM2
SIM3
SIM4
1
21
22
SIM5
SIM1
SIM2
SIM3
SIM4
1
21
22
SIM5
SIM1
SIM2
SIM3
SIM4
1
21
22
SIM5
SIM1
SIM2
SIM3
SIM4
1
21
22
SIM5
SIM1
SIM2
SIM3
SIM4
1
21
22
SIM5
SIM1
SIM2
SIM3
SIM4
1
21
22
SIM5
SIM1
SIM2
SIM3
SIM4
1
21
22
SIM5
SIM1
SIM2
SIM3
SIM4
1
21
22
SIM5
SIM1
SIM2
SIM3
SIM4
1
21
22
SIM5
SIM1
SIM2
SIM3
SIM4
1
21
22
SIM5
SIM1
SIM2
SIM3
SIM4
1
21
22
SIM5
SIM1
SIM2
SIM3
SIM4
1
21
22
SIM5
SIM1
SIM2
SIM3
SIM4
1
21
22
SIM5
SIM1
SIM2
SIM3
SIM4
1
21
22
SIM5
SIM1
SIM2
SIM3
SIM4
1
21
22
SIM5
SIM1
SIM2
SIM3
SIM4
1
21
22
SIM5
SIM1
SIM2
SIM3
SIM4
1
21
22
SIM5
SIM1
SIM2
SIM3
SIM4
1
21
22
SIM5
SIM1
SIM2
SIM3
SIM4
1
21
22
SIM5
SIM1
SIM2
SIM3
SIM4
1
21
22
SIM5
SIM1
SIM2
SIM3
SIM4
1
21
22
SIM5
SIM1
SIM2
SIM3
SIM4
1
21
22
SIM5
SIM1
SIM2
DEBUG 1 73
SIM1
SIM2
SIM3
SIM4
1
21
22
SIM5
SIM1
SIM2
SIM3
SIM4
1
21
22
SIM5
SIM1
SIM2
SIM3
SIM4
1
21
22
SIM5
SIM1
SIM2
SIM3
SIM4
1
21
22
SIM5
SIM1
SIM2
SIM3
SIM4
1
21
22
SIM5
SIM1
SIM2
SIM3
SIM4
1
21
22
SIM5
SIM1
SIM2
SIM3
SIM4
1
21
22
SIM5
SIM1
SIM2
SIM3
SIM4
1
21
22
SIM5
SIM1
SIM2
SIM3
SIM4
1
21
22
SIM5
SIM1
SIM2
SIM3
SIM4
1
21
22
SIM5
SIM1
SIM2
SIM3
SIM4
1
21
22
SIM5
SIM1
SIM2
SIM3
SIM4
1
21
22
SIM5
SIM1
SIM2
SIM3
SIM4
1
21
22
SIM5
SIM1
SIM2
SIM3
SIM4
1
21
22
SIM5
SIM1
SIM2
SIM3
SIM4
1
21
22
SIM5
SIM1
SIM2
SIM3
SIM4
1
21
22
SIM5
SIM1
SIM2
SIM3
SIM4
1
21
22
SIM5
SIM1
SIM2
SIM3
SIM4
1
21
22
SIM5
SIM1
SIM2
SIM3
SIM4
1
21
22
SIM5
SIM1
SIM2
SIM3
SIM4
1
21
22
SIM5
SIM1
SIM2
SIM3
SIM4
1
21
22
SIM5
SIM1
SIM2
SIM3
SIM4
1
21
22
SIM5
SIM1
SIM2
SIM3
SIM4
1
21
22
SIM5
SIM1
SIM2
SIM3
SIM4
1
21
22
SIM5
SIM1
SIM2
SIM3
SIM4
1
21
22
SIM5
SIM1
SIM2
SIM3
SIM4
1
21
22
SIM5
SIM1
SIM2
SIM3
SIM4
1
21
22
SIM5
SIM1
SIM2
SIM3
SIM4
1
21
22
SIM5
SIM1
SIM2
SIM3
SIM4
1
21
22
SIM5
SIM1
SIM2
SIM3
SIM4
1
21
22
SIM5
SIM1
SIM2
SIM3
SIM4
1
21
22
SIM5
SIM1
SIM2
SIM3
SIM4
1
21
22
SIM5
SIM1
SIM2
SIM3
SIM4
1
21
22
SIM5
SIM1
SIM2
SIM3
SIM4
1
21
22
SIM5
SIM1
SIM2
SIM3
SIM4
1
21
22
SIM5
SIM1
SIM2
SIM3
SIM4
1
21
22
SIM5
SIM1
SIM2
SIM3
SIM4
1
21
22
SIM5
SIM1
SIM2
SIM3
SIM4
1
21
22
SIM5
SIM1
SIM2
SIM3
SIM4
1
21
22
SIM5
SIM1
SIM2
SIM3
SIM4
1
21
22
SIM5
SIM1
SIM2
SIM3
SIM4
1
21
22
SIM5
SIM1
SIM2
SIM3
SIM4
1
21
22
SIM5
SIM1
SIM2
SIM3
SIM4
1
21
22
SIM5
SIM1
SIM2
SIM3
SIM4
1
21
22
SIM5
SIM1
SIM2
SIM3
SIM4
1
21
22
SIM5
SIM1
SIM2
SIM3
SIM4
1
21
22
SIM5
SIM1
SIM2
SIM3
SIM4
1
21
22
SIM5
SIM1
SIM2
SIM3
SIM4
1
21
22
SIM5
SIM1
SIM2
SIM3
SIM4
1
21
22
SIM5
SIM1
SIM2
SIM3
SIM4
1
21
22
SIM5
SIM1
SIM2
SIM3
SIM4
1
21
22
SIM5
SIM1
SIM2
SIM3
SIM4
1
21
22
SIM5
SIM1
SIM2
SIM3
SIM4
1
21
22
SIM5
SIM1
SIM2
SIM3
SIM4
1
21
22
SIM5
SIM1
SIM2
SIM3
SIM4
1
21
22
SIM5
SIM1
SIM2
SIM3
SIM4
1
21
22
SIM5
SIM1
SIM2
SIM3
SIM4
1
21
22
SIM5
SIM1
SIM2
SIM3
SIM4
1
21
22
SIM5
SIM1
SIM2
SIM3
SIM4
1
21
22
SIM5
SIM1
SIM2
SIM3
SIM4
1
21
22
SIM5
SIM1
SIM2
SIM3
SIM4
1
21
22
SIM5
SIM1
SIM2
SIM3
SIM4
1
21
22
SIM5
SIM1
SIM2
SIM3
SIM4
1
21
22
SIM5
SIM1
SIM2
SIM3
SIM4
1
21
22
SIM5
SIM1
SIM2
SIM3
SIM4
1
21
22
SIM5
SIM1
SIM2
SIM3
SIM4
1
21
22
SIM5
SIM1
SIM2
SIM3
SIM4
1
21
22
SIM5
SIM1
SIM2
SIM3
SIM4
1
21
22
SIM5
SIM1
SIM2
SIM3
SIM4
1
21
22
SIM5
SIM1
SIM2
SIM3
SIM4
1
21
22
SIM5
SIM1
SIM2
SIM3
SIM4
1
21
22
SIM5
SIM1
SIM2
SIM3
SIM4
1
21
22
SIM5
SIM1
SIM2
SIM3
SIM4
1
21
22
SIM5
SIM1
SIM2
SIM3
SIM4
1
21
22
SIM5
SIM1
SIM2
SIM3
SIM4
1
21
22
SIM5
SIM1
SIM2
SIM3
SIM4
1
21
22
SIM5
SIM1
SIM2
SIM3
SIM4
1
21
22
SIM5
SIM1
SIM2
SIM3
SIM4
1
21
22
SIM5
SIM1
SIM2
SIM3
SIM4
1
21
22
SIM5
SIM1
SIM2
SIM3
SIM4
1
21
22
SIM5
SIM1
SIM2
SIM3
SIM4
1
21
22
SIM5
SIM1
SIM2
SIM3
SIM4
1
21
22
SIM5
SIM1
SIM2
SIM3
SIM4
1
21
22
SIM5
SIM1
SIM2
SIM3
SIM4
1
21
22
SIM5
SIM1
SIM2
SIM3
SIM4
1
21
22
SIM5
SIM1
SIM2
SIM3
SIM4
1
21
22
SIM5
SIM1
SIM2
SIM3
SIM4
1
21
22
SIM5
SIM1
SIM2
SIM3
SIM4
1
21
22
SIM5
SIM1
SIM2
SIM3
SIM4
1
21
22
SIM5
SIM1
SIM2
SIM3
SIM4
1
21
22
SIM5
SIM1
SIM2
SIM3
SIM4
1
21
22
SIM5
SIM1
SIM2
SIM3
SIM4
1
21
22
SIM5
SIM1
SIM2
SIM3
SIM4
1
21
22
SIM5
SIM1
SIM2
SIM3
SIM4
1
21
22
SIM5
SIM1
SIM2
SIM3
SIM4
1
21
22
SIM5
SIM1
SIM2
SIM3
SIM4
1
21
22
SIM5
SIM1
SIM2
SIM3
SIM4
1
21
22
SIM5
SIM1
SIM2
SIM3
SIM4
1
21
22
SIM5
SIM1
SIM2
SIM3
SIM4
1
21
22
SIM5
SIM1
SIM2
SIM3
SIM4
1
21
22
SIM5
SIM1
SIM2
SIM3
SIM4
1
21
22
SIM5
SIM1
SIM2
SIM3
SIM4
1
21
22
SIM5
SIM1
SIM2
SIM3
SIM4
1
21
22
SIM5
SIM1
SIM2
SIM3
SIM4
1
21
22
SIM5
SIM1
SIM2
SIM3
SIM4
1
21
22
SIM5
SIM1
SIM2
SIM3
SIM4
1
21
22
SIM5
SIM1
SIM2
SIM3
SIM4
1
21
22
SIM5
SIM1
SIM2
SIM3
SIM4
1
21
22
SIM5
SIM1
SIM2
SIM3
SIM4
1
21
22
SIM5
SIM1
SIM2
SIM3
SIM4
1
21
22
SIM5
SIM1
SIM2
SIM3
SIM4
1
21
22
SIM5
SIM1
SIM2
SIM3
SIM4
1
21
22
SIM5
SIM1
SIM2
SIM3
SIM4
1
21
22
SIM5
SIM1
SIM2
SIM3
SIM4
1
21
22
SIM5
SIM1
SIM2
SIM3
SIM4
1
21
22
SIM5
SIM1
SIM2
SIM3
SIM4
1
21
22
SIM5
SIM1
SIM2
SIM3
SIM4
1
21
22
SIM5
SIM1
SIM2
SIM3
SIM4
1
21
22
SIM5
SIM1
SIM2
SIM3
SIM4
1
21
22
SIM5
SIM1
SIM2
SIM3
SIM4
1
21
22
SIM5
SIM1
SIM2
SIM3
SIM4
1
21
22
SIM5
SIM1
SIM2
SIM3
SIM4
1
21
22
SIM5
SIM1
SIM2
SIM3
SIM4
1
21
22
SIM5
SIM1
SIM2
SIM3
SIM4
1
21
22
SIM5
SIM1
SIM2
SIM3
SIM4
1
21
22
SIM5
SIM1
SIM2
SIM3
SIM4
1
21
22
SIM5
SIM1
SIM2
SIM3
SIM4
1
21
22
SIM5
SIM1
SIM2
SIM3
SIM4
1
21
22
SIM5
SIM1
SIM2
SIM3
SIM4
1
21
22
SIM5
SIM1
SIM2
SIM3
SIM4
1
21
22
SIM5
SIM1
SIM2
SIM3
SIM4
1
21
22
SIM5
SIM1
SIM2
SIM3
SIM4
1
21
22
SIM5
SIM1
SIM2
SIM3
SIM4
1
21
22
SIM5
SIM1
SIM2
SIM3
SIM4
1
21
22
SIM5
SIM1
SIM2
SIM3
SIM4
1
21
22
SIM5
SIM1
SIM2
SIM3
SIM4
1
21
22
SIM5
SIM1
SIM2
SIM3
SIM4
1
21
22
SIM5
SIM1
SIM2
SIM3
SIM4
1
21
22
SIM5
SIM1
SIM2
SIM3
SIM4
1
21
22
SIM5
SIM1
SIM2
SIM3
SIM4
1
21
22
SIM5
SIM1
SIM2
SIM3
SIM4
1
21
22
SIM5
SIM1
SIM2
SIM3
SIM4
1
21
22
SIM5
SIM1
SIM2
SIM3
SIM4
1
21
22
SIM5
SIM1
SIM2
SIM3
SIM4
1
21
22
SIM5
SIM1
SIM2
SIM3
SIM4
1
21
22
SIM5
SIM1
SIM2
SIM3
SIM4
1
21
22
SIM5
SIM1
SIM2
SIM3
SIM4
1
21
22
SIM5
SIM1
SIM2
SIM3
SIM4
1
21
22
SIM5
SIM1
SIM2
DEBUG 1 74
SIM1
SIM2
SIM3
SIM4
1
21
22
SIM5
SIM1
SIM2
SIM3
SIM4
1
21
22
SIM5
SIM1
SIM2
SIM3
SIM4
1
21
22
SIM5
SIM1
SIM2
SIM3
SIM4
1
21
22
SIM5
SIM1
SIM2
SIM3
SIM4
1
21
22
SIM5
SIM1
SIM2
SIM3
SIM4
1
21
22
SIM5
SIM1
SIM2
SIM3
SIM4
1
21
22
SIM5
SIM1
SIM2
SIM3
SIM4
1
21
22
SIM5
SIM1
SIM2
SIM3
SIM4
1
21
22
SIM5
SIM1
SIM2
SIM3
SIM4
1
21
22
SIM5
SIM1
SIM2
SIM3
SIM4
1
21
22
SIM5
SIM1
SIM2
SIM3
SIM4
1
21
22
SIM5
SIM1
SIM2
SIM3
SIM4
1
21
22
SIM5
SIM1
SIM2
SIM3
SIM4
1
21
22
SIM5
SIM1
SIM2
SIM3
SIM4
1
21
22
SIM5
SIM1
SIM2
SIM3
SIM4
1
21
22
SIM5
SIM1
SIM2
SIM3
SIM4
1
21
22
SIM5
SIM1
SIM2
SIM3
SIM4
1
21
22
SIM5
SIM1
SIM2
SIM3
SIM4
1
21
22
SIM5
SIM1
SIM2
SIM3
SIM4
1
21
22
SIM5
SIM1
SIM2
SIM3
SIM4
1
21
22
SIM5
SIM1
SIM2
SIM3
SIM4
1
21
22
SIM5
SIM1
SIM2
SIM3
SIM4
1
21
22
SIM5
SIM1
SIM2
SIM3
SIM4
1
21
22
SIM5
SIM1
SIM2
SIM3
SIM4
1
21
22
SIM5
SIM1
SIM2
SIM3
SIM4
1
21
22
SIM5
SIM1
SIM2
SIM3
SIM4
1
21
22
SIM5
SIM1
SIM2
SIM3
SIM4
1
21
22
SIM5
SIM1
SIM2
SIM3
SIM4
1
21
22
SIM5
SIM1
SIM2
SIM3
SIM4
1
21
22
SIM5
SIM1
SIM2
SIM3
SIM4
1
21
22
SIM5
SIM1
SIM2
SIM3
SIM4
1
21
22
SIM5
SIM1
SIM2
SIM3
SIM4
1
21
22
SIM5
SIM1
SIM2
SIM3
SIM4
1
21
22
SIM5
SIM1
SIM2
SIM3
SIM4
1
21
22
SIM5
SIM1
SIM2
SIM3
SIM4
1
21
22
SIM5
SIM1
SIM2
SIM3
SIM4
1
21
22
SIM5
SIM1
SIM2
SIM3
SIM4
1
21
22
SIM5
SIM1
SIM2
SIM3
SIM4
1
21
22
SIM5
SIM1
SIM2
SIM3
SIM4
1
21
22
SIM5
SIM1
SIM2
SIM3
SIM4
1
21
22
SIM5
SIM1
SIM2
SIM3
SIM4
1
21
22
SIM5
SIM1
SIM2
SIM3
SIM4
1
21
22
SIM5
SIM1
SIM2
SIM3
SIM4
1
21
22
SIM5
SIM1
SIM2
SIM3
SIM4
1
21
22
SIM5
SIM1
SIM2
SIM3
SIM4
1
21
22
SIM5
SIM1
SIM2
SIM3
SIM4
1
21
22
SIM5
SIM1
SIM2
SIM3
SIM4
1
21
22
SIM5
SIM1
SIM2
SIM3
SIM4
1
21
22
SIM5
SIM1
SIM2
SIM3
SIM4
1
21
22
SIM5
SIM1
SIM2
SIM3
SIM4
1
21
22
SIM5
SIM1
SIM2
SIM3
SIM4
1
21
22
SIM5
SIM1
SIM2
SIM3
SIM4
1
21
22
SIM5
SIM1
SIM2
SIM3
SIM4
1
21
22
SIM5
SIM1
SIM2
SIM3
SIM4
1
21
22
SIM5
SIM1
SIM2
SIM3
SIM4
1
21
22
SIM5
SIM1
SIM2
SIM3
SIM4
1
21
22
SIM5
SIM1
SIM2
SIM3
SIM4
1
21
22
SIM5
SIM1
SIM2
SIM3
SIM4
1
21
22
SIM5
SIM1
SIM2
SIM3
SIM4
1
21
22
SIM5
SIM1
SIM2
SIM3
SIM4
1
21
22
SIM5
SIM1
SIM2
SIM3
SIM4
1
21
22
SIM5
SIM1
SIM2
SIM3
SIM4
1
21
22
SIM5
SIM1
SIM2
SIM3
SIM4
1
21
22
SIM5
SIM1
SIM2
SIM3
SIM4
1
21
22
SIM5
SIM1
SIM2
SIM3
SIM4
1
21
22
SIM5
SIM1
SIM2
SIM3
SIM4
1
21
22
SIM5
SIM1
SIM2
SIM3
SIM4
1
21
22
SIM5
SIM1
SIM2
SIM3
SIM4
1
21
22
SIM5
SIM1
SIM2
SIM3
SIM4
1
21
22
SIM5
SIM1
SIM2
SIM3
SIM4
1
21
22
SIM5
SIM1
SIM2
SIM3
SIM4
1
21
22
SIM5
SIM1
SIM2
SIM3
SIM4
1
21
22
SIM5
SIM1
SIM2
SIM3
SIM4
1
21
22
SIM5
SIM1
SIM2
SIM3
SIM4
1
21
22
SIM5
SIM1
SIM2
SIM3
SIM4
1
21
22
SIM5
SIM1
SIM2
SIM3
SIM4
1
21
22
SIM5
SIM1
SIM2
SIM3
SIM4
1
21
22
SIM5
SIM1
SIM2
SIM3
SIM4
1
21
22
SIM5
SIM1
SIM2
SIM3
SIM4
1
21
22
SIM5
SIM1
SIM2
SIM3
SIM4
1
21
22
SIM5
SIM1
SIM2
SIM3
SIM4
1
21
22
SIM5
SIM1
SIM2
SIM3
SIM4
1
21
22
SIM5
SIM1
SIM2
SIM3
SIM4
1
21
22
SIM5
SIM1
SIM2
SIM3
SIM4
1
21
22
SIM5
SIM1
SIM2
SIM3
SIM4
1
21
22
SIM5
SIM1
SIM2
SIM3
SIM4
1
21
22
SIM5
SIM1
SIM2
SIM3
SIM4
1
21
22
SIM5
SIM1
SIM2
SIM3
SIM4
1
21
22
SIM5
SIM1
SIM2
SIM3
SIM4
1
21
22
SIM5
SIM1
SIM2
SIM3
SIM4
1
21
22
SIM5
SIM1
SIM2
SIM3
SIM4
1
21
22
SIM5
SIM1
SIM2
SIM3
SIM4
1
21
22
SIM5
SIM1
SIM2
SIM3
SIM4
1
21
22
SIM5
SIM1
SIM2
SIM3
SIM4
1
21
22
SIM5
SIM1
SIM2
SIM3
SIM4
1
21
22
SIM5
SIM1
SIM2
SIM3
SIM4
1
21
22
SIM5
SIM1
SIM2
SIM3
SIM4
1
21
22
SIM5
SIM1
SIM2
SIM3
SIM4
1
21
22
SIM5
SIM1
SIM2
SIM3
SIM4
1
21
22
SIM5
SIM1
SIM2
SIM3
SIM4
1
21
22
SIM5
SIM1
SIM2
SIM3
SIM4
1
21
22
SIM5
SIM1
SIM2
SIM3
SIM4
1
21
22
SIM5
SIM1
SIM2
SIM3
SIM4
1
21
22
SIM5
SIM1
SIM2
SIM3
SIM4
1
21
22
SIM5
SIM1
SIM2
SIM3
SIM4
1
21
22
SIM5
SIM1
SIM2
SIM3
SIM4
1
21
22
SIM5
SIM1
SIM2
SIM3
SIM4
1
21
22
SIM5
SIM1
SIM2
SIM3
SIM4
1
21
22
SIM5
SIM1
SIM2
SIM3
SIM4
1
21
22
SIM5
SIM1
SIM2
SIM3
SIM4
1
21
22
SIM5
SIM1
SIM2
SIM3
SIM4
1
21
22
SIM5
SIM1
SIM2
SIM3
SIM4
1
21
22
SIM5
SIM1
SIM2
SIM3
SIM4
1
21
22
SIM5
SIM1
SIM2
SIM3
SIM4
1
21
22
SIM5
SIM1
SIM2
SIM3
SIM4
1
21
22
SIM5
SIM1
SIM2
SIM3
SIM4
1
21
22
SIM5
SIM1
SIM2
SIM3
SIM4
1
21
22
SIM5
SIM1
SIM2
SIM3
SIM4
1
21
22
SIM5
SIM1
SIM2
SIM3
SIM4
1
21
22
SIM5
SIM1
SIM2
SIM3
SIM4
1
21
22
SIM5
SIM1
SIM2
SIM3
SIM4
1
21
22
SIM5
SIM1
SIM2
SIM3
SIM4
1
21
22
SIM5
SIM1
SIM2
SIM3
SIM4
1
21
22
SIM5
SIM1
SIM2
SIM3
SIM4
1
21
22
SIM5
SIM1
SIM2
SIM3
SIM4
1
21
22
SIM5
SIM1
SIM2
SIM3
SIM4
1
21
22
SIM5
SIM1
SIM2
SIM3
SIM4
1
21
22
SIM5
SIM1
SIM2
SIM3
SIM4
1
21
22
SIM5
SIM1
SIM2
SIM3
SIM4
1
21
22
SIM5
SIM1
SIM2
SIM3
SIM4
1
21
22
SIM5
SIM1
SIM2
SIM3
SIM4
1
21
22
SIM5
SIM1
SIM2
SIM3
SIM4
1
21
22
SIM5
SIM1
SIM2
SIM3
SIM4
1
21
22
SIM5
SIM1
SIM2
SIM3
SIM4
1
21
22
SIM5
SIM1
SIM2
DEBUG 1 75
SIM1
SIM2
SIM3
SIM4
1
21
22
SIM5
SIM1
SIM2
SIM3
SIM4
1
21
22
SIM5
SIM1
SIM2
SIM3
SIM4
1
21
22
SIM5
SIM1
SIM2
SIM3
SIM4
1
21
22
SIM5
SIM1
SIM2
SIM3
SIM4
1
21
22
SIM5
SIM1
SIM2
SIM3
SIM4
1
21
22
SIM5
SIM1
SIM2
SIM3
SIM4
1
21
22
SIM5
SIM1
SIM2
SIM3
SIM4
1
21
22
SIM5
SIM1
SIM2
SIM3
SIM4
1
21
22
SIM5
SIM1
SIM2
SIM3
SIM4
1
21
22
SIM5
SIM1
SIM2
SIM3
SIM4
1
21
22
SIM5
SIM1
SIM2
SIM3
SIM4
1
21
22
SIM5
SIM1
SIM2
SIM3
SIM4
1
21
22
SIM5
SIM1
SIM2
SIM3
SIM4
1
21
22
SIM5
SIM1
SIM2
SIM3
SIM4
1
21
22
SIM5
SIM1
SIM2
SIM3
SIM4
1
21
22
SIM5
SIM1
SIM2
SIM3
SIM4
1
21
22
SIM5
SIM1
SIM2
SIM3
SIM4
1
21
22
SIM5
SIM1
SIM2
SIM3
SIM4
1
21
22
SIM5
SIM1
SIM2
SIM3
SIM4
1
21
22
SIM5
SIM1
SIM2
SIM3
SIM4
1
21
22
SIM5
SIM1
SIM2
SIM3
SIM4
1
21
22
SIM5
SIM1
SIM2
SIM3
SIM4
1
21
22
SIM5
SIM1
SIM2
SIM3
SIM4
1
21
22
SIM5
SIM1
SIM2
SIM3
SIM4
1
21
22
SIM5
SIM1
SIM2
SIM3
SIM4
1
21
22
SIM5
SIM1
SIM2
SIM3
SIM4
1
21
22
SIM5
SIM1
SIM2
SIM3
SIM4
1
21
22
SIM5
SIM1
SIM2
SIM3
SIM4
1
21
22
SIM5
SIM1
SIM2
SIM3
SIM4
1
21
22
SIM5
SIM1
SIM2
SIM3
SIM4
1
21
22
SIM5
SIM1
SIM2
SIM3
SIM4
1
21
22
SIM5
SIM1
SIM2
SIM3
SIM4
1
21
22
SIM5
SIM1
SIM2
SIM3
SIM4
1
21
22
SIM5
SIM1
SIM2
SIM3
SIM4
1
21
22
SIM5
SIM1
SIM2
SIM3
SIM4
1
21
22
SIM5
SIM1
SIM2
SIM3
SIM4
1
21
22
SIM5
SIM1
SIM2
SIM3
SIM4
1
21
22
SIM5
SIM1
SIM2
SIM3
SIM4
1
21
22
SIM5
SIM1
SIM2
SIM3
SIM4
1
21
22
SIM5
SIM1
SIM2
SIM3
SIM4
1
21
22
SIM5
SIM1
SIM2
SIM3
SIM4
1
21
22
SIM5
SIM1
SIM2
SIM3
SIM4
1
21
22
SIM5
SIM1
SIM2
SIM3
SIM4
1
21
22
SIM5
SIM1
SIM2
SIM3
SIM4
1
21
22
SIM5
SIM1
SIM2
SIM3
SIM4
1
21
22
SIM5
SIM1
SIM2
SIM3
SIM4
1
21
22
SIM5
SIM1
SIM2
SIM3
SIM4
1
21
22
SIM5
SIM1
SIM2
SIM3
SIM4
1
21
22
SIM5
SIM1
SIM2
SIM3
SIM4
1
21
22
SIM5
SIM1
SIM2
SIM3
SIM4
1
21
22
SIM5
SIM1
SIM2
SIM3
SIM4
1
21
22
SIM5
SIM1
SIM2
SIM3
SIM4
1
21
22
SIM5
SIM1
SIM2
SIM3
SIM4
1
21
22
SIM5
SIM1
SIM2
SIM3
SIM4
1
21
22
SIM5
SIM1
SIM2
SIM3
SIM4
1
21
22
SIM5
SIM1
SIM2
SIM3
SIM4
1
21
22
SIM5
SIM1
SIM2
SIM3
SIM4
1
21
22
SIM5
SIM1
SIM2
SIM3
SIM4
1
21
22
SIM5
SIM1
SIM2
SIM3
SIM4
1
21
22
SIM5
SIM1
SIM2
SIM3
SIM4
1
21
22
SIM5
SIM1
SIM2
SIM3
SIM4
1
21
22
SIM5
SIM1
SIM2
SIM3
SIM4
1
21
22
SIM5
SIM1
SIM2
SIM3
SIM4
1
21
22
SIM5
SIM1
SIM2
SIM3
SIM4
1
21
22
SIM5
SIM1
SIM2
SIM3
SIM4
1
21
22
SIM5
SIM1
SIM2
SIM3
SIM4
1
21
22
SIM5
SIM1
SIM2
SIM3
SIM4
1
21
22
SIM5
SIM1
SIM2
SIM3
SIM4
1
21
22
SIM5
SIM1
SIM2
SIM3
SIM4
1
21
22
SIM5
SIM1
SIM2
SIM3
SIM4
1
21
22
SIM5
SIM1
SIM2
SIM3
SIM4
1
21
22
SIM5
SIM1
SIM2
SIM3
SIM4
1
21
22
SIM5
SIM1
SIM2
SIM3
SIM4
1
21
22
SIM5
SIM1
SIM2
SIM3
SIM4
1
21
22
SIM5
SIM1
SIM2
SIM3
SIM4
1
21
22
SIM5
SIM1
SIM2
SIM3
SIM4
1
21
22
SIM5
SIM1
SIM2
SIM3
SIM4
1
21
22
SIM5
SIM1
SIM2
SIM3
SIM4
1
21
22
SIM5
SIM1
SIM2
SIM3
SIM4
1
21
22
SIM5
SIM1
SIM2
SIM3
SIM4
1
21
22
SIM5
SIM1
SIM2
SIM3
SIM4
1
21
22
SIM5
SIM1
SIM2
SIM3
SIM4
1
21
22
SIM5
SIM1
SIM2
SIM3
SIM4
1
21
22
SIM5
SIM1
SIM2
SIM3
SIM4
1
21
22
SIM5
SIM1
SIM2
SIM3
SIM4
1
21
22
SIM5
SIM1
SIM2
SIM3
SIM4
1
21
22
SIM5
SIM1
SIM2
SIM3
SIM4
1
21
22
SIM5
SIM1
SIM2
SIM3
SIM4
1
21
22
SIM5
SIM1
SIM2
SIM3
SIM4
1
21
22
SIM5
SIM1
SIM2
SIM3
SIM4
1
21
22
SIM5
SIM1
SIM2
SIM3
SIM4
1
21
22
SIM5
SIM1
SIM2
SIM3
SIM4
1
21
22
SIM5
SIM1
SIM2
SIM3
SIM4
1
21
22
SIM5
SIM1
SIM2
SIM3
SIM4
1
21
22
SIM5
SIM1
SIM2
SIM3
SIM4
1
21
22
SIM5
SIM1
SIM2
SIM3
SIM4
1
21
22
SIM5
SIM1
SIM2
SIM3
SIM4
1
21
22
SIM5
SIM1
SIM2
SIM3
SIM4
1
21
22
SIM5
SIM1
SIM2
SIM3
SIM4
1
21
22
SIM5
SIM1
SIM2
SIM3
SIM4
1
21
22
SIM5
SIM1
SIM2
SIM3
SIM4
1
21
22
SIM5
SIM1
SIM2
SIM3
SIM4
1
21
22
SIM5
SIM1
SIM2
SIM3
SIM4
1
21
22
SIM5
SIM1
SIM2
SIM3
SIM4
1
21
22
SIM5
SIM1
SIM2
SIM3
SIM4
1
21
22
SIM5
SIM1
SIM2
SIM3
SIM4
1
21
22
SIM5
SIM1
SIM2
SIM3
SIM4
1
21
22
SIM5
SIM1
SIM2
SIM3
SIM4
1
21
22
SIM5
SIM1
SIM2
SIM3
SIM4
1
21
22
SIM5
SIM1
SIM2
SIM3
SIM4
1
21
22
SIM5
SIM1
SIM2
SIM3
SIM4
1
21
22
SIM5
SIM1
SIM2
SIM3
SIM4
1
21
22
SIM5
SIM1
SIM2
SIM3
SIM4
1
21
22
SIM5
SIM1
SIM2
SIM3
SIM4
1
21
22
SIM5
SIM1
SIM2
SIM3
SIM4
1
21
22
SIM5
SIM1
SIM2
SIM3
SIM4
1
21
22
SIM5
SIM1
SIM2
SIM3
SIM4
1
21
22
SIM5
SIM1
SIM2
SIM3
SIM4
1
21
22
SIM5
SIM1
SIM2
SIM3
SIM4
1
21
22
SIM5
SIM1
SIM2
SIM3
SIM4
1
21
22
SIM5
SIM1
SIM2
SIM3
SIM4
1
21
22
SIM5
SIM1
SIM2
SIM3
SIM4
1
21
22
SIM5
SIM1
SIM2
SIM3
SIM4
1
21
22
SIM5
SIM1
SIM2
SIM3
SIM4
1
21
22
SIM5
SIM1
SIM2
SIM3
SIM4
1
21
22
SIM5
SIM1
SIM2
SIM3
SIM4
1
21
22
SIM5
SIM1
SIM2
SIM3
SIM4
1
21
22
SIM5
SIM1
SIM2
SIM3
SIM4
1
21
22
SIM5
SIM1
SIM2
SIM3
SIM4
1
21
22
SIM5
SIM1
SIM2
SIM3
SIM4
1
21
22
SIM5
SIM1
SIM2
SIM3
SIM4
1
21
22
SIM5
SIM1
SIM2
SIM3
SIM4
1
21
22
SIM5
SIM1
SIM2
SIM3
SIM4
1
21
22
SIM5
SIM1
SIM2
SIM3
SIM4
1
21
22
SIM5
SIM1
SIM2
SIM3
SIM4
1
21
22
SIM5
SIM1
SIM2
SIM3
SIM4
1
21
22
SIM5
SIM1
SIM2
SIM3
SIM4
1
21
22
SIM5
SIM1
SIM2
SIM3
SIM4
1
21
22
SIM5
SIM1
SIM2
SIM3
SIM4
1
21
22
SIM5
SIM1
SIM2
SIM3
SIM4
1
21
22
SIM5
SIM1
SIM2
SIM3
SIM4
1
21
22
SIM5
SIM1
SIM2
SIM3
SIM4
1
21
22
SIM5
SIM1
SIM2
SIM3
SIM4
1
21
22
SIM5
SIM1
SIM2
SIM3
SIM4
1
21
22
SIM5
SIM1
SIM2
SIM3
SIM4
1
21
22
SIM5
SIM1
SIM2
SIM3
SIM4
1
21
22
SIM5
SIM1
SIM2
SIM3
SIM4
1
21
22
SIM5
SIM1
SIM2
SIM3
SIM4
1
21
22
SIM5
SIM1
SIM2
SIM3
SIM4
1
21
22
SIM5
SIM1
SIM2
SIM3
SIM4
1
21
22
SIM5
SIM1
SIM2
SIM3
SIM4
1
21
22
SIM5
SIM1
SIM2
SIM3
SIM4
1
21
22
SIM5
SIM1
SIM2
SIM3
SIM4
1
21
22
SIM5
SIM1
SIM2
SIM3
SIM4
1
21
22
SIM5
SIM1
SIM2
SIM3
SIM4
1
21
22
SIM5
SIM1
SIM2
SIM3
SIM4
1
21
22
SIM5
SIM1
SIM2
SIM3
SIM4
1
21
22
SIM5
SIM1
SIM2
SIM3
SIM4
1
21
22
SIM5
SIM1
SIM2
SIM3
SIM4
1
21
22
SIM5
SIM1
SIM2
DEBUG 1 76
SIM1
SIM2
SIM3
SIM4
1
21
22
SIM5
SIM1
SIM2
SIM3
SIM4
1
21
22
SIM5
SIM1
SIM2
SIM3
SIM4
1
21
22
SIM5
SIM1
SIM2
SIM3
SIM4
1
21
22
SIM5
SIM1
SIM2
SIM3
SIM4
1
21
22
SIM5
SIM1
SIM2
SIM3
SIM4
1
21
22
SIM5
SIM1
SIM2
SIM3
SIM4
1
21
22
SIM5
SIM1
SIM2
SIM3
SIM4
1
21
22
SIM5
SIM1
SIM2
SIM3
SIM4
1
21
22
SIM5
SIM1
SIM2
SIM3
SIM4
1
21
22
SIM5
SIM1
SIM2
SIM3
SIM4
1
21
22
SIM5
SIM1
SIM2
SIM3
SIM4
1
21
22
SIM5
SIM1
SIM2
SIM3
SIM4
1
21
22
SIM5
SIM1
SIM2
SIM3
SIM4
1
21
22
SIM5
SIM1
SIM2
SIM3
SIM4
1
21
22
SIM5
SIM1
SIM2
SIM3
SIM4
1
21
22
SIM5
SIM1
SIM2
SIM3
SIM4
1
21
22
SIM5
SIM1
SIM2
SIM3
SIM4
1
21
22
SIM5
SIM1
SIM2
SIM3
SIM4
1
21
22
SIM5
SIM1
SIM2
SIM3
SIM4
1
21
22
SIM5
SIM1
SIM2
SIM3
SIM4
1
21
22
SIM5
SIM1
SIM2
SIM3
SIM4
1
21
22
SIM5
SIM1
SIM2
SIM3
SIM4
1
21
22
SIM5
SIM1
SIM2
SIM3
SIM4
1
21
22
SIM5
SIM1
SIM2
SIM3
SIM4
1
21
22
SIM5
SIM1
SIM2
SIM3
SIM4
1
21
22
SIM5
SIM1
SIM2
SIM3
SIM4
1
21
22
SIM5
SIM1
SIM2
SIM3
SIM4
1
21
22
SIM5
SIM1
SIM2
SIM3
SIM4
1
21
22
SIM5
SIM1
SIM2
SIM3
SIM4
1
21
22
SIM5
SIM1
SIM2
SIM3
SIM4
1
21
22
SIM5
SIM1
SIM2
SIM3
SIM4
1
21
22
SIM5
SIM1
SIM2
SIM3
SIM4
1
21
22
SIM5
SIM1
SIM2
SIM3
SIM4
1
21
22
SIM5
SIM1
SIM2
SIM3
SIM4
1
21
22
SIM5
SIM1
SIM2
SIM3
SIM4
1
21
22
SIM5
SIM1
SIM2
SIM3
SIM4
1
21
22
SIM5
SIM1
SIM2
SIM3
SIM4
1
21
22
SIM5
SIM1
SIM2
SIM3
SIM4
1
21
22
SIM5
SIM1
SIM2
SIM3
SIM4
1
21
22
SIM5
SIM1
SIM2
SIM3
SIM4
1
21
22
SIM5
SIM1
SIM2
SIM3
SIM4
1
21
22
SIM5
SIM1
SIM2
SIM3
SIM4
1
21
22
SIM5
SIM1
SIM2
SIM3
SIM4
1
21
22
SIM5
SIM1
SIM2
SIM3
SIM4
1
21
22
SIM5
SIM1
SIM2
SIM3
SIM4
1
21
22
SIM5
SIM1
SIM2
SIM3
SIM4
1
21
22
SIM5
SIM1
SIM2
SIM3
SIM4
1
21
22
SIM5
SIM1
SIM2
SIM3
SIM4
1
21
22
SIM5
SIM1
SIM2
SIM3
SIM4
1
21
22
SIM5
SIM1
SIM2
SIM3
SIM4
1
21
22
SIM5
SIM1
SIM2
SIM3
SIM4
1
21
22
SIM5
SIM1
SIM2
SIM3
SIM4
1
21
22
SIM5
SIM1
SIM2
SIM3
SIM4
1
21
22
SIM5
SIM1
SIM2
SIM3
SIM4
1
21
22
SIM5
SIM1
SIM2
SIM3
SIM4
1
21
22
SIM5
SIM1
SIM2
SIM3
SIM4
1
21
22
SIM5
SIM1
SIM2
SIM3
SIM4
1
21
22
SIM5
SIM1
SIM2
SIM3
SIM4
1
21
22
SIM5
SIM1
SIM2
SIM3
SIM4
1
21
22
SIM5
SIM1
SIM2
SIM3
SIM4
1
21
22
SIM5
SIM1
SIM2
SIM3
SIM4
1
21
22
SIM5
SIM1
SIM2
SIM3
SIM4
1
21
22
SIM5
SIM1
SIM2
SIM3
SIM4
1
21
22
SIM5
SIM1
SIM2
SIM3
SIM4
1
21
22
SIM5
SIM1
SIM2
SIM3
SIM4
1
21
22
SIM5
SIM1
SIM2
SIM3
SIM4
1
21
22
SIM5
SIM1
SIM2
SIM3
SIM4
1
21
22
SIM5
SIM1
SIM2
SIM3
SIM4
1
21
22
SIM5
SIM1
SIM2
SIM3
SIM4
1
21
22
SIM5
SIM1
SIM2
SIM3
SIM4
1
21
22
SIM5
SIM1
SIM2
SIM3
SIM4
1
21
22
SIM5
SIM1
SIM2
SIM3
SIM4
1
21
22
SIM5
SIM1
SIM2
SIM3
SIM4
1
21
22
SIM5
SIM1
SIM2
SIM3
SIM4
1
21
22
SIM5
SIM1
SIM2
SIM3
SIM4
1
21
22
SIM5
SIM1
SIM2
SIM3
SIM4
1
21
22
SIM5
SIM1
SIM2
SIM3
SIM4
1
21
22
SIM5
SIM1
SIM2
SIM3
SIM4
1
21
22
SIM5
SIM1
SIM2
SIM3
SIM4
1
21
22
SIM5
SIM1
SIM2
SIM3
SIM4
1
21
22
SIM5
SIM1
SIM2
SIM3
SIM4
1
21
22
SIM5
SIM1
SIM2
SIM3
SIM4
1
21
22
SIM5
SIM1
SIM2
SIM3
SIM4
1
21
22
SIM5
SIM1
SIM2
SIM3
SIM4
1
21
22
SIM5
SIM1
SIM2
SIM3
SIM4
1
21
22
SIM5
SIM1
SIM2
SIM3
SIM4
1
21
22
SIM5
SIM1
SIM2
SIM3
SIM4
1
21
22
SIM5
SIM1
SIM2
SIM3
SIM4
1
21
22
SIM5
SIM1
SIM2
SIM3
SIM4
1
21
22
SIM5
SIM1
SIM2
SIM3
SIM4
1
21
22
SIM5
SIM1
SIM2
SIM3
SIM4
1
21
22
SIM5
SIM1
SIM2
SIM3
SIM4
1
21
22
SIM5
SIM1
SIM2
SIM3
SIM4
1
21
22
SIM5
SIM1
SIM2
SIM3
SIM4
1
21
22
SIM5
SIM1
SIM2
SIM3
SIM4
1
21
22
SIM5
SIM1
SIM2
SIM3
SIM4
1
21
22
SIM5
SIM1
SIM2
SIM3
SIM4
1
21
22
SIM5
SIM1
SIM2
SIM3
SIM4
1
21
22
SIM5
SIM1
SIM2
SIM3
SIM4
1
21
22
SIM5
SIM1
SIM2
SIM3
SIM4
1
21
22
SIM5
SIM1
SIM2
SIM3
SIM4
1
21
22
SIM5
SIM1
SIM2
SIM3
SIM4
1
21
22
SIM5
SIM1
SIM2
DEBUG 1 77
SIM1
SIM2
SIM3
SIM4
1
21
22
SIM5
SIM1
SIM2
SIM3
SIM4
1
21
22
SIM5
SIM1
SIM2
SIM3
SIM4
1
21
22
SIM5
SIM1
SIM2
SIM3
SIM4
1
21
22
SIM5
SIM1
SIM2
SIM3
SIM4
1
21
22
SIM5
SIM1
SIM2
SIM3
SIM4
1
21
22
SIM5
SIM1
SIM2
SIM3
SIM4
1
21
22
SIM5
SIM1
SIM2
SIM3
SIM4
1
21
22
SIM5
SIM1
SIM2
SIM3
SIM4
1
21
22
SIM5
SIM1
SIM2
SIM3
SIM4
1
21
22
SIM5
SIM1
SIM2
SIM3
SIM4
1
21
22
SIM5
SIM1
SIM2
SIM3
SIM4
1
21
22
SIM5
SIM1
SIM2
SIM3
SIM4
1
21
22
SIM5
SIM1
SIM2
SIM3
SIM4
1
21
22
SIM5
SIM1
SIM2
SIM3
SIM4
1
21
22
SIM5
SIM1
SIM2
SIM3
SIM4
1
21
22
SIM5
SIM1
SIM2
SIM3
SIM4
1
21
22
SIM5
SIM1
SIM2
SIM3
SIM4
1
21
22
SIM5
SIM1
SIM2
SIM3
SIM4
1
21
22
SIM5
SIM1
SIM2
SIM3
SIM4
1
21
22
SIM5
SIM1
SIM2
SIM3
SIM4
1
21
22
SIM5
SIM1
SIM2
SIM3
SIM4
1
21
22
SIM5
SIM1
SIM2
SIM3
SIM4
1
21
22
SIM5
SIM1
SIM2
SIM3
SIM4
1
21
22
SIM5
SIM1
SIM2
SIM3
SIM4
1
21
22
SIM5
SIM1
SIM2
SIM3
SIM4
1
21
22
SIM5
SIM1
SIM2
SIM3
SIM4
1
21
22
SIM5
SIM1
SIM2
SIM3
SIM4
1
21
22
SIM5
SIM1
SIM2
SIM3
SIM4
1
21
22
SIM5
SIM1
SIM2
SIM3
SIM4
1
21
22
SIM5
SIM1
SIM2
SIM3
SIM4
1
21
22
SIM5
SIM1
SIM2
SIM3
SIM4
1
21
22
SIM5
SIM1
SIM2
SIM3
SIM4
1
21
22
SIM5
SIM1
SIM2
SIM3
SIM4
1
21
22
SIM5
SIM1
SIM2
SIM3
SIM4
1
21
22
SIM5
SIM1
SIM2
SIM3
SIM4
1
21
22
SIM5
SIM1
SIM2
SIM3
SIM4
1
21
22
SIM5
SIM1
SIM2
SIM3
SIM4
1
21
22
SIM5
SIM1
SIM2
SIM3
SIM4
1
21
22
SIM5
SIM1
SIM2
SIM3
SIM4
1
21
22
SIM5
SIM1
SIM2
SIM3
SIM4
1
21
22
SIM5
SIM1
SIM2
SIM3
SIM4
1
21
22
SIM5
SIM1
SIM2
SIM3
SIM4
1
21
22
SIM5
SIM1
SIM2
SIM3
SIM4
1
21
22
SIM5
SIM1
SIM2
SIM3
SIM4
1
21
22
SIM5
SIM1
SIM2
SIM3
SIM4
1
21
22
SIM5
SIM1
SIM2
SIM3
SIM4
1
21
22
SIM5
SIM1
SIM2
SIM3
SIM4
1
21
22
SIM5
SIM1
SIM2
SIM3
SIM4
1
21
22
SIM5
SIM1
SIM2
SIM3
SIM4
1
21
22
SIM5
SIM1
SIM2
SIM3
SIM4
1
21
22
SIM5
SIM1
SIM2
SIM3
SIM4
1
21
22
SIM5
SIM1
SIM2
SIM3
SIM4
1
21
22
SIM5
SIM1
SIM2
SIM3
SIM4
1
21
22
SIM5
SIM1
SIM2
SIM3
SIM4
1
21
22
SIM5
SIM1
SIM2
SIM3
SIM4
1
21
22
SIM5
SIM1
SIM2
SIM3
SIM4
1
21
22
SIM5
SIM1
SIM2
SIM3
SIM4
1
21
22
SIM5
SIM1
SIM2
SIM3
SIM4
1
21
22
SIM5
SIM1
SIM2
SIM3
SIM4
1
21
22
SIM5
SIM1
SIM2
SIM3
SIM4
1
21
22
SIM5
SIM1
SIM2
SIM3
SIM4
1
21
22
SIM5
SIM1
SIM2
SIM3
SIM4
1
21
22
SIM5
SIM1
SIM2
SIM3
SIM4
1
21
22
SIM5
SIM1
SIM2
SIM3
SIM4
1
21
22
SIM5
SIM1
SIM2
SIM3
SIM4
1
21
22
SIM5
SIM1
SIM2
SIM3
SIM4
1
21
22
SIM5
SIM1
SIM2
SIM3
SIM4
1
21
22
SIM5
SIM1
SIM2
SIM3
SIM4
1
21
22
SIM5
SIM1
SIM2
SIM3
SIM4
1
21
22
SIM5
SIM1
SIM2
SIM3
SIM4
1
21
22
SIM5
SIM1
SIM2
SIM3
SIM4
1
21
22
SIM5
SIM1
SIM2
SIM3
SIM4
1
21
22
SIM5
SIM1
SIM2
SIM3
SIM4
1
21
22
SIM5
SIM1
SIM2
SIM3
SIM4
1
21
22
SIM5
SIM1
SIM2
SIM3
SIM4
1
21
22
SIM5
SIM1
SIM2
SIM3
SIM4
1
21
22
SIM5
SIM1
SIM2
SIM3
SIM4
1
21
22
SIM5
SIM1
SIM2
SIM3
SIM4
1
21
22
SIM5
SIM1
SIM2
SIM3
SIM4
1
21
22
SIM5
SIM1
SIM2
SIM3
SIM4
1
21
22
SIM5
SIM1
SIM2
SIM3
SIM4
1
21
22
SIM5
SIM1
SIM2
SIM3
SIM4
1
21
22
SIM5
SIM1
SIM2
SIM3
SIM4
1
21
22
SIM5
SIM1
SIM2
SIM3
SIM4
1
21
22
SIM5
SIM1
SIM2
SIM3
SIM4
1
21
22
SIM5
SIM1
SIM2
SIM3
SIM4
1
21
22
SIM5
SIM1
SIM2
SIM3
SIM4
1
21
22
SIM5
SIM1
SIM2
SIM3
SIM4
1
21
22
SIM5
SIM1
SIM2
SIM3
SIM4
1
21
22
SIM5
SIM1
SIM2
SIM3
SIM4
1
21
22
SIM5
SIM1
SIM2
SIM3
SIM4
1
21
22
SIM5
SIM1
SIM2
SIM3
SIM4
1
21
22
SIM5
SIM1
SIM2
SIM3
SIM4
1
21
22
SIM5
SIM1
SIM2
SIM3
SIM4
1
21
22
SIM5
SIM1
SIM2
SIM3
SIM4
1
21
22
SIM5
SIM1
SIM2
SIM3
SIM4
1
21
22
SIM5
SIM1
SIM2
SIM3
SIM4
1
21
22
SIM5
SIM1
SIM2
SIM3
SIM4
1
21
22
SIM5
SIM1
SIM2
SIM3
SIM4
1
21
22
SIM5
SIM1
SIM2
SIM3
SIM4
1
21
22
SIM5
SIM1
SIM2
SIM3
SIM4
1
21
22
SIM5
SIM1
SIM2
SIM3
SIM4
1
21
22
SIM5
SIM1
SIM2
SIM3
SIM4
1
21
22
SIM5
SIM1
SIM2
SIM3
SIM4
1
21
22
SIM5
SIM1
SIM2
SIM3
SIM4
1
21
22
SIM5
SIM1
SIM2
SIM3
SIM4
1
21
22
SIM5
SIM1
SIM2
SIM3
SIM4
1
21
22
SIM5
SIM1
SIM2
SIM3
SIM4
1
21
22
SIM5
SIM1
SIM2
SIM3
SIM4
1
21
22
SIM5
SIM1
SIM2
SIM3
SIM4
1
21
22
SIM5
SIM1
SIM2
SIM3
SIM4
1
21
22
SIM5
SIM1
SIM2
SIM3
SIM4
1
21
22
SIM5
SIM1
SIM2
SIM3
SIM4
1
21
22
SIM5
SIM1
SIM2
SIM3
SIM4
1
21
22
SIM5
SIM1
SIM2
SIM3
SIM4
1
21
22
SIM5
SIM1
SIM2
SIM3
SIM4
1
21
22
SIM5
SIM1
SIM2
SIM3
SIM4
1
21
22
SIM5
SIM1
SIM2
SIM3
SIM4
1
21
22
SIM5
SIM1
SIM2
SIM3
SIM4
1
21
22
SIM5
SIM1
SIM2
SIM3
SIM4
1
21
22
SIM5
SIM1
SIM2
SIM3
SIM4
1
21
22
SIM5
SIM1
SIM2
SIM3
SIM4
1
21
22
SIM5
SIM1
SIM2
SIM3
SIM4
1
21
22
SIM5
SIM1
SIM2
SIM3
SIM4
1
21
22
SIM5
SIM1
SIM2
SIM3
SIM4
1
21
22
SIM5
SIM1
SIM2
SIM3
SIM4
1
21
22
SIM5
SIM1
SIM2
SIM3
SIM4
1
21
22
SIM5
SIM1
SIM2
SIM3
SIM4
1
21
22
SIM5
SIM1
SIM2
SIM3
SIM4
1
21
22
SIM5
SIM1
SIM2
SIM3
SIM4
1
21
22
SIM5
SIM1
SIM2
SIM3
SIM4
1
21
22
SIM5
SIM1
SIM2
SIM3
SIM4
1
21
22
SIM5
SIM1
SIM2
SIM3
SIM4
1
21
22
SIM5
SIM1
SIM2
SIM3
SIM4
1
21
22
SIM5
SIM1
SIM2
SIM3
SIM4
1
21
22
SIM5
SIM1
SIM2
SIM3
SIM4
1
21
22
SIM5
SIM1
SIM2
SIM3
SIM4
1
21
22
SIM5
SIM1
SIM2
SIM3
SIM4
1
21
22
SIM5
SIM1
SIM2
SIM3
SIM4
1
21
22
SIM5
SIM1
SIM2
SIM3
SIM4
1
21
22
SIM5
SIM1
SIM2
SIM3
SIM4
1
21
22
SIM5
SIM1
SIM2
SIM3
SIM4
1
21
22
SIM5
SIM1
SIM2
SIM3
SIM4
1
21
22
SIM5
SIM1
SIM2
SIM3
SIM4
1
21
22
SIM5
SIM1
SIM2
SIM3
SIM4
1
21
22
SIM5
SIM1
SIM2
SIM3
SIM4
1
21
22
SIM5
SIM1
SIM2
SIM3
SIM4
1
21
22
SIM5
SIM1
SIM2
SIM3
SIM4
1
21
22
SIM5
SIM1
SIM2
SIM3
SIM4
1
21
22
SIM5
SIM1
SIM2
SIM3
SIM4
1
21
22
SIM5
SIM1
SIM2
SIM3
SIM4
1
21
22
SIM5
SIM1
SIM2
SIM3
SIM4
1
21
22
SIM5
SIM1
SIM2
SIM3
SIM4
1
21
22
SIM5
SIM1
SIM2
SIM3
SIM4
1
21
22
SIM5
SIM1
SIM2
SIM3
SIM4
1
21
22
SIM5
SIM1
SIM2
SIM3
SIM4
1
21
22
SIM5
SIM1
SIM2
SIM3
SIM4
1
21
22
SIM5
SIM1
SIM2
SIM3
SIM4
1
21
22
SIM5
SIM1
SIM2
SIM3
SIM4
1
21
22
SIM5
SIM1
SIM2
SIM3
SIM4
1
21
22
SIM5
SIM1
SIM2
SIM3
SIM4
1
21
22
SIM5
SIM1
SIM2
SIM3
SIM4
1
21
22
SIM5
SIM1
SIM2
SIM3
SIM4
1
21
22
SIM5
SIM1
SIM2
SIM3
SIM4
1
21
22
SIM5
SIM1
SIM2
SIM3
SIM4
1
21
22
SIM5
SIM1
SIM2
SIM3
SIM4
1
21
22
SIM5
SIM1
SIM2
SIM3
SIM4
1
21
22
SIM5
SIM1
SIM2
SIM3
SIM4
1
21
22
SIM5
SIM1
SIM2
SIM3
SIM4
1
21
22
SIM5
SIM1
SIM2
SIM3
SIM4
1
21
22
SIM5
SIM1
SIM2
SIM3
SIM4
1
21
22
SIM5
SIM1
SIM2
SIM3
SIM4
1
21
22
SIM5
SIM1
SIM2
SIM3
SIM4
1
21
22
SIM5
SIM1
SIM2
SIM3
SIM4
1
21
22
SIM5
SIM1
SIM2
SIM3
SIM4
1
21
22
SIM5
SIM1
SIM2
SIM3
SIM4
1
21
22
SIM5
SIM1
SIM2
SIM3
SIM4
1
21
22
SIM5
SIM1
SIM2
SIM3
SIM4
1
21
22
SIM5
SIM1
SIM2
SIM3
SIM4
1
21
22
SIM5
SIM1
SIM2
SIM3
SIM4
1
21
22
SIM5
SIM1
SIM2
SIM3
SIM4
1
21
22
SIM5
SIM1
SIM2
SIM3
SIM4
1
21
22
SIM5
SIM1
SIM2
SIM3
SIM4
1
21
22
SIM5
SIM1
SIM2
SIM3
SIM4
1
21
22
SIM5
SIM1
SIM2
SIM3
SIM4
1
21
22
SIM5
SIM1
SIM2
SIM3
SIM4
1
21
22
SIM5
SIM1
SIM2
SIM3
SIM4
1
21
22
SIM5
SIM1
SIM2
SIM3
SIM4
1
21
22
SIM5
SIM1
SIM2
SIM3
SIM4
1
21
22
SIM5
SIM1
SIM2
SIM3
SIM4
1
21
22
SIM5
SIM1
SIM2
SIM3
SIM4
1
21
22
SIM5
SIM1
SIM2
SIM3
SIM4
1
21
22
SIM5
SIM1
SIM2
SIM3
SIM4
1
21
22
SIM5
SIM1
SIM2
SIM3
SIM4
1
21
22
SIM5
SIM1
SIM2
SIM3
SIM4
1
21
22
SIM5
SIM1
SIM2
SIM3
SIM4
1
21
22
SIM5
SIM1
SIM2
SIM3
SIM4
1
21
22
SIM5
SIM1
SIM2
SIM3
SIM4
1
21
22
SIM5
SIM1
SIM2
SIM3
SIM4
1
21
22
SIM5
SIM1
SIM2
SIM3
SIM4
1
21
22
SIM5
SIM1
SIM2
SIM3
SIM4
1
21
22
SIM5
SIM1
SIM2
SIM3
SIM4
1
21
22
SIM5
SIM1
SIM2
SIM3
SIM4
1
21
22
SIM5
SIM1
SIM2
SIM3
SIM4
1
21
22
SIM5
SIM1
SIM2
SIM3
SIM4
1
21
22
SIM5
SIM1
SIM2
SIM3
SIM4
1
21
22
SIM5
SIM1
SIM2
SIM3
SIM4
1
21
22
SIM5
SIM1
SIM2
SIM3
SIM4
1
21
22
SIM5
SIM1
SIM2
SIM3
SIM4
1
21
22
SIM5
SIM1
SIM2
SIM3
SIM4
1
21
22
SIM5
SIM1
SIM2
SIM3
SIM4
1
21
22
SIM5
SIM1
SIM2
SIM3
SIM4
1
21
22
SIM5
SIM1
SIM2
SIM3
SIM4
1
21
22
SIM5
SIM1
SIM2
SIM3
SIM4
1
21
22
SIM5
SIM1
SIM2
SIM3
SIM4
1
21
22
SIM5
SIM1
SIM2
DEBUG 1 78
SIM1
SIM2
SIM3
SIM4
1
21
22
SIM5
SIM1
SIM2
SIM3
SIM4
1
21
22
SIM5
SIM1
SIM2
SIM3
SIM4
1
21
22
SIM5
SIM1
SIM2
SIM3
SIM4
1
21
22
SIM5
SIM1
SIM2
SIM3
SIM4
1
21
22
SIM5
SIM1
SIM2
SIM3
SIM4
1
21
22
SIM5
SIM1
SIM2
SIM3
SIM4
1
21
22
SIM5
SIM1
SIM2
SIM3
SIM4
1
21
22
SIM5
SIM1
SIM2
SIM3
SIM4
1
21
22
SIM5
SIM1
SIM2
SIM3
SIM4
1
21
22
SIM5
SIM1
SIM2
SIM3
SIM4
1
21
22
SIM5
SIM1
SIM2
SIM3
SIM4
1
21
22
SIM5
SIM1
SIM2
SIM3
SIM4
1
21
22
SIM5
SIM1
SIM2
SIM3
SIM4
1
21
22
SIM5
SIM1
SIM2
SIM3
SIM4
1
21
22
SIM5
SIM1
SIM2
SIM3
SIM4
1
21
22
SIM5
SIM1
SIM2
SIM3
SIM4
1
21
22
SIM5
SIM1
SIM2
SIM3
SIM4
1
21
22
SIM5
SIM1
SIM2
SIM3
SIM4
1
21
22
SIM5
SIM1
SIM2
SIM3
SIM4
1
21
22
SIM5
SIM1
SIM2
SIM3
SIM4
1
21
22
SIM5
SIM1
SIM2
SIM3
SIM4
1
21
22
SIM5
SIM1
SIM2
SIM3
SIM4
1
21
22
SIM5
SIM1
SIM2
SIM3
SIM4
1
21
22
SIM5
SIM1
SIM2
SIM3
SIM4
1
21
22
SIM5
SIM1
SIM2
SIM3
SIM4
1
21
22
SIM5
SIM1
SIM2
SIM3
SIM4
1
21
22
SIM5
SIM1
SIM2
SIM3
SIM4
1
21
22
SIM5
SIM1
SIM2
SIM3
SIM4
1
21
22
SIM5
SIM1
SIM2
SIM3
SIM4
1
21
22
SIM5
SIM1
SIM2
SIM3
SIM4
1
21
22
SIM5
SIM1
SIM2
SIM3
SIM4
1
21
22
SIM5
SIM1
SIM2
SIM3
SIM4
1
21
22
SIM5
SIM1
SIM2
SIM3
SIM4
1
21
22
SIM5
SIM1
SIM2
SIM3
SIM4
1
21
22
SIM5
SIM1
SIM2
SIM3
SIM4
1
21
22
SIM5
SIM1
SIM2
SIM3
SIM4
1
21
22
SIM5
SIM1
SIM2
SIM3
SIM4
1
21
22
SIM5
SIM1
SIM2
SIM3
SIM4
1
21
22
SIM5
SIM1
SIM2
SIM3
SIM4
1
21
22
SIM5
SIM1
SIM2
SIM3
SIM4
1
21
22
SIM5
SIM1
SIM2
SIM3
SIM4
1
21
22
SIM5
SIM1
SIM2
SIM3
SIM4
1
21
22
SIM5
SIM1
SIM2
SIM3
SIM4
1
21
22
SIM5
SIM1
SIM2
SIM3
SIM4
1
21
22
SIM5
SIM1
SIM2
SIM3
SIM4
1
21
22
SIM5
SIM1
SIM2
SIM3
SIM4
1
21
22
SIM5
SIM1
SIM2
SIM3
SIM4
1
21
22
SIM5
SIM1
SIM2
SIM3
SIM4
1
21
22
SIM5
SIM1
SIM2
SIM3
SIM4
1
21
22
SIM5
SIM1
SIM2
SIM3
SIM4
1
21
22
SIM5
SIM1
SIM2
SIM3
SIM4
1
21
22
SIM5
SIM1
SIM2
SIM3
SIM4
1
21
22
SIM5
SIM1
SIM2
SIM3
SIM4
1
21
22
SIM5
SIM1
SIM2
SIM3
SIM4
1
21
22
SIM5
SIM1
SIM2
SIM3
SIM4
1
21
22
SIM5
SIM1
SIM2
SIM3
SIM4
1
21
22
SIM5
SIM1
SIM2
SIM3
SIM4
1
21
22
SIM5
SIM1
SIM2
SIM3
SIM4
1
21
22
SIM5
SIM1
SIM2
SIM3
SIM4
1
21
22
SIM5
SIM1
SIM2
SIM3
SIM4
1
21
22
SIM5
SIM1
SIM2
SIM3
SIM4
1
21
22
SIM5
SIM1
SIM2
SIM3
SIM4
1
21
22
SIM5
SIM1
SIM2
SIM3
SIM4
1
21
22
SIM5
SIM1
SIM2
SIM3
SIM4
1
21
22
SIM5
SIM1
SIM2
SIM3
SIM4
1
21
22
SIM5
SIM1
SIM2
SIM3
SIM4
1
21
22
SIM5
SIM1
SIM2
SIM3
SIM4
1
21
22
SIM5
SIM1
SIM2
SIM3
SIM4
1
21
22
SIM5
SIM1
SIM2
SIM3
SIM4
1
21
22
SIM5
SIM1
SIM2
SIM3
SIM4
1
21
22
SIM5
SIM1
SIM2
SIM3
SIM4
1
21
22
SIM5
SIM1
SIM2
SIM3
SIM4
1
21
22
SIM5
SIM1
SIM2
SIM3
SIM4
1
21
22
SIM5
SIM1
SIM2
SIM3
SIM4
1
21
22
SIM5
SIM1
SIM2
SIM3
SIM4
1
21
22
SIM5
SIM1
SIM2
SIM3
SIM4
1
21
22
SIM5
SIM1
SIM2
SIM3
SIM4
1
21
22
SIM5
SIM1
SIM2
SIM3
SIM4
1
21
22
SIM5
SIM1
SIM2
SIM3
SIM4
1
21
22
SIM5
SIM1
SIM2
SIM3
SIM4
1
21
22
SIM5
SIM1
SIM2
SIM3
SIM4
1
21
22
SIM5
SIM1
SIM2
SIM3
SIM4
1
21
22
SIM5
SIM1
SIM2
SIM3
SIM4
1
21
22
SIM5
SIM1
SIM2
SIM3
SIM4
1
21
22
SIM5
SIM1
SIM2
SIM3
SIM4
1
21
22
SIM5
SIM1
SIM2
SIM3
SIM4
1
21
22
SIM5
SIM1
SIM2
SIM3
SIM4
1
21
22
SIM5
SIM1
SIM2
SIM3
SIM4
1
21
22
SIM5
SIM1
SIM2
SIM3
SIM4
1
21
22
SIM5
SIM1
SIM2
SIM3
SIM4
1
21
22
SIM5
SIM1
SIM2
SIM3
SIM4
1
21
22
SIM5
SIM1
SIM2
SIM3
SIM4
1
21
22
SIM5
SIM1
SIM2
SIM3
SIM4
1
21
22
SIM5
SIM1
SIM2
SIM3
SIM4
1
21
22
SIM5
SIM1
SIM2
SIM3
SIM4
1
21
22
SIM5
SIM1
SIM2
SIM3
SIM4
1
21
22
SIM5
SIM1
SIM2
SIM3
SIM4
1
21
22
SIM5
SIM1
SIM2
SIM3
SIM4
1
21
22
SIM5
SIM1
SIM2
SIM3
SIM4
1
21
22
SIM5
SIM1
SIM2
SIM3
SIM4
1
21
22
SIM5
SIM1
SIM2
SIM3
SIM4
1
21
22
SIM5
SIM1
SIM2
SIM3
SIM4
1
21
22
SIM5
SIM1
SIM2
SIM3
SIM4
1
21
22
SIM5
SIM1
SIM2
SIM3
SIM4
1
21
22
SIM5
SIM1
SIM2
SIM3
SIM4
1
21
22
SIM5
SIM1
SIM2
SIM3
SIM4
1
21
22
SIM5
SIM1
SIM2
SIM3
SIM4
1
21
22
SIM5
SIM1
SIM2
SIM3
SIM4
1
21
22
SIM5
SIM1
SIM2
SIM3
SIM4
1
21
22
SIM5
SIM1
SIM2
SIM3
SIM4
1
21
22
SIM5
SIM1
SIM2
SIM3
SIM4
1
21
22
SIM5
SIM1
SIM2
SIM3
SIM4
1
21
22
SIM5
SIM1
SIM2
SIM3
SIM4
1
21
22
SIM5
SIM1
SIM2
SIM3
SIM4
1
21
22
SIM5
SIM1
SIM2
SIM3
SIM4
1
21
22
SIM5
SIM1
SIM2
SIM3
SIM4
1
21
22
SIM5
SIM1
SIM2
SIM3
SIM4
1
21
22
SIM5
SIM1
SIM2
SIM3
SIM4
1
21
22
SIM5
SIM1
SIM2
SIM3
SIM4
1
21
22
SIM5
SIM1
SIM2
SIM3
SIM4
1
21
22
SIM5
SIM1
SIM2
SIM3
SIM4
1
21
22
SIM5
SIM1
SIM2
SIM3
SIM4
1
21
22
SIM5
SIM1
SIM2
SIM3
SIM4
1
21
22
SIM5
SIM1
SIM2
SIM3
SIM4
1
21
22
SIM5
SIM1
SIM2
SIM3
SIM4
1
21
22
SIM5
SIM1
SIM2
SIM3
SIM4
1
21
22
SIM5
SIM1
SIM2
SIM3
SIM4
1
21
22
SIM5
SIM1
SIM2
SIM3
SIM4
1
21
22
SIM5
SIM1
SIM2
SIM3
SIM4
1
21
22
SIM5
SIM1
SIM2
SIM3
SIM4
1
21
22
SIM5
SIM1
SIM2
SIM3
SIM4
1
21
22
SIM5
SIM1
SIM2
SIM3
SIM4
1
21
22
SIM5
SIM1
SIM2
SIM3
SIM4
1
21
22
SIM5
SIM1
SIM2
SIM3
SIM4
1
21
22
SIM5
SIM1
SIM2
SIM3
SIM4
1
21
22
SIM5
SIM1
SIM2
SIM3
SIM4
1
21
22
SIM5
SIM1
SIM2
SIM3
SIM4
1
21
22
SIM5
SIM1
SIM2
SIM3
SIM4
1
21
22
SIM5
SIM1
SIM2
SIM3
SIM4
1
21
22
SIM5
SIM1
SIM2
SIM3
SIM4
1
21
22
SIM5
SIM1
SIM2
SIM3
SIM4
1
21
22
SIM5
SIM1
SIM2
SIM3
SIM4
1
21
22
SIM5
SIM1
SIM2
SIM3
SIM4
1
21
22
SIM5
SIM1
SIM2
SIM3
SIM4
1
21
22
SIM5
SIM1
SIM2
SIM3
SIM4
1
21
22
SIM5
SIM1
SIM2
SIM3
SIM4
1
21
22
SIM5
SIM1
SIM2
SIM3
SIM4
1
21
22
SIM5
SIM1
SIM2
SIM3
SIM4
1
21
22
SIM5
SIM1
SIM2
SIM3
SIM4
1
21
22
SIM5
SIM1
SIM2
SIM3
SIM4
1
21
22
SIM5
SIM1
SIM2
SIM3
SIM4
1
21
22
SIM5
SIM1
SIM2
SIM3
SIM4
1
21
22
SIM5
SIM1
SIM2
SIM3
SIM4
1
21
22
SIM5
SIM1
SIM2
SIM3
SIM4
1
21
22
SIM5
SIM1
SIM2
SIM3
SIM4
1
21
22
SIM5
SIM1
SIM2
SIM3
SIM4
1
21
22
SIM5
SIM1
SIM2
SIM3
SIM4
1
21
22
SIM5
SIM1
SIM2
SIM3
SIM4
1
21
22
SIM5
SIM1
SIM2
SIM3
SIM4
1
21
22
SIM5
SIM1
SIM2
SIM3
SIM4
1
21
22
SIM5
SIM1
SIM2
SIM3
SIM4
1
21
22
SIM5
SIM1
SIM2
SIM3
SIM4
1
21
22
SIM5
SIM1
SIM2
SIM3
SIM4
1
21
22
SIM5
SIM1
SIM2
SIM3
SIM4
1
21
22
SIM5
SIM1
SIM2
SIM3
SIM4
1
21
22
SIM5
SIM1
SIM2
SIM3
SIM4
1
21
22
SIM5
SIM1
SIM2
SIM3
SIM4
1
21
22
SIM5
SIM1
SIM2
SIM3
SIM4
1
21
22
SIM5
SIM1
SIM2
SIM3
SIM4
1
21
22
SIM5
SIM1
SIM2
SIM3
SIM4
1
21
22
SIM5
SIM1
SIM2
SIM3
SIM4
1
21
22
SIM5
SIM1
SIM2
SIM3
SIM4
1
21
22
SIM5
SIM1
SIM2
SIM3
SIM4
1
21
22
SIM5
SIM1
SIM2
SIM3
SIM4
1
21
22
SIM5
SIM1
SIM2
SIM3
SIM4
1
21
22
SIM5
SIM1
SIM2
SIM3
SIM4
1
21
22
SIM5
SIM1
SIM2
SIM3
SIM4
1
21
22
SIM5
SIM1
SIM2
SIM3
SIM4
1
21
22
SIM5
SIM1
SIM2
SIM3
SIM4
1
21
22
SIM5
SIM1
SIM2
SIM3
SIM4
1
21
22
SIM5
SIM1
SIM2
SIM3
SIM4
1
21
22
SIM5
SIM1
SIM2
SIM3
SIM4
1
21
22
SIM5
SIM1
SIM2
SIM3
SIM4
1
21
22
SIM5
SIM1
SIM2
SIM3
SIM4
1
21
22
SIM5
SIM1
SIM2
SIM3
SIM4
1
21
22
SIM5
SIM1
SIM2
SIM3
SIM4
1
21
22
SIM5
SIM1
SIM2
SIM3
SIM4
1
21
22
SIM5
SIM1
SIM2
SIM3
SIM4
1
21
22
SIM5
SIM1
SIM2
SIM3
SIM4
1
21
22
SIM5
SIM1
SIM2
SIM3
SIM4
1
21
22
SIM5
SIM1
SIM2
SIM3
SIM4
1
21
22
SIM5
SIM1
SIM2
SIM3
SIM4
1
21
22
SIM5
SIM1
SIM2
SIM3
SIM4
1
21
22
SIM5
SIM1
SIM2
SIM3
SIM4
1
21
22
SIM5
SIM1
SIM2
SIM3
SIM4
1
21
22
SIM5
SIM1
SIM2
SIM3
SIM4
1
21
22
SIM5
SIM1
SIM2
SIM3
SIM4
1
21
22
SIM5
SIM1
SIM2
SIM3
SIM4
1
21
22
SIM5
SIM1
SIM2
SIM3
SIM4
1
21
22
SIM5
SIM1
SIM2
SIM3
SIM4
1
21
22
SIM5
SIM1
SIM2
SIM3
SIM4
1
21
22
SIM5
SIM1
SIM2
SIM3
SIM4
1
21
22
SIM5
SIM1
SIM2
SIM3
SIM4
1
21
22
SIM5
SIM1
SIM2
SIM3
SIM4
1
21
22
SIM5
SIM1
SIM2
SIM3
SIM4
1
21
22
SIM5
SIM1
SIM2
SIM3
SIM4
1
21
22
SIM5
SIM1
SIM2
SIM3
SIM4
1
21
22
SIM5
SIM1
SIM2
SIM3
SIM4
1
21
22
SIM5
SIM1
SIM2
SIM3
SIM4
1
21
22
SIM5
SIM1
SIM2
SIM3
SIM4
1
21
22
SIM5
SIM1
SIM2
SIM3
SIM4
1
21
22
SIM5
SIM1
SIM2
SIM3
SIM4
1
21
22
SIM5
SIM1
SIM2
SIM3
SIM4
1
21
22
SIM5
SIM1
SIM2
SIM3
SIM4
1
21
22
SIM5
SIM1
SIM2
SIM3
SIM4
1
21
22
SIM5
SIM1
SIM2
SIM3
SIM4
1
21
22
SIM5
SIM1
SIM2
SIM3
SIM4
1
21
22
SIM5
SIM1
SIM2
SIM3
SIM4
1
21
22
SIM5
SIM1
SIM2
SIM3
SIM4
1
21
22
SIM5
SIM1
SIM2
SIM3
SIM4
1
21
22
SIM5
SIM1
SIM2
SIM3
SIM4
1
21
22
SIM5
SIM1
SIM2
SIM3
SIM4
1
21
22
SIM5
SIM1
SIM2
SIM3
SIM4
1
21
22
SIM5
SIM1
SIM2
SIM3
SIM4
1
21
22
SIM5
SIM1
SIM2
SIM3
SIM4
1
21
22
SIM5
SIM1
SIM2
SIM3
SIM4
1
21
22
SIM5
SIM1
SIM2
SIM3
SIM4
1
21
22
SIM5
SIM1
SIM2
SIM3
SIM4
1
21
22
SIM5
SIM1
SIM2
SIM3
SIM4
1
21
22
SIM5
SIM1
SIM2
SIM3
SIM4
1
21
22
SIM5
SIM1
SIM2
SIM3
SIM4
1
21
22
SIM5
SIM1
SIM2
SIM3
SIM4
1
21
22
SIM5
SIM1
SIM2
SIM3
SIM4
1
21
22
SIM5
SIM1
SIM2
SIM3
SIM4
1
21
22
SIM5
SIM1
SIM2
SIM3
SIM4
1
21
22
SIM5
SIM1
SIM2
SIM3
SIM4
1
21
22
SIM5
SIM1
SIM2
SIM3
SIM4
1
21
22
SIM5
SIM1
SIM2
SIM3
SIM4
1
21
22
SIM5
SIM1
SIM2
SIM3
SIM4
1
21
22
SIM5
SIM1
SIM2
SIM3
SIM4
1
21
22
SIM5
SIM1
SIM2
SIM3
SIM4
1
21
22
SIM5
SIM1
SIM2
SIM3
SIM4
1
21
22
SIM5
SIM1
SIM2
SIM3
SIM4
1
21
22
SIM5
SIM1
SIM2
SIM3
SIM4
1
21
22
SIM5
SIM1
SIM2
SIM3
SIM4
1
21
22
SIM5
SIM1
SIM2
SIM3
SIM4
1
21
22
SIM5
SIM1
SIM2
SIM3
SIM4
1
21
22
SIM5
SIM1
SIM2
SIM3
SIM4
1
21
22
SIM5
SIM1
SIM2
SIM3
SIM4
1
21
22
SIM5
SIM1
SIM2
SIM3
SIM4
1
21
22
SIM5
SIM1
SIM2
SIM3
SIM4
1
21
22
SIM5
SIM1
SIM2
SIM3
SIM4
1
21
22
SIM5
SIM1
SIM2
SIM3
SIM4
1
21
22
SIM5
SIM1
SIM2
SIM3
SIM4
1
21
22
SIM5
SIM1
SIM2
SIM3
SIM4
1
21
22
SIM5
SIM1
SIM2
SIM3
SIM4
1
21
22
SIM5
SIM1
SIM2
DEBUG 1 79
SIM1
SIM2
SIM3
SIM4
1
21
22
SIM5
SIM1
SIM2
SIM3
SIM4
1
21
22
SIM5
SIM1
SIM2
SIM3
SIM4
1
21
22
SIM5
SIM1
SIM2
SIM3
SIM4
1
21
22
SIM5
SIM1
SIM2
SIM3
SIM4
1
21
22
SIM5
SIM1
SIM2
SIM3
SIM4
1
21
22
SIM5
SIM1
SIM2
SIM3
SIM4
1
21
22
SIM5
SIM1
SIM2
SIM3
SIM4
1
21
22
SIM5
SIM1
SIM2
SIM3
SIM4
1
21
22
SIM5
SIM1
SIM2
SIM3
SIM4
1
21
22
SIM5
SIM1
SIM2
SIM3
SIM4
1
21
22
SIM5
SIM1
SIM2
SIM3
SIM4
1
21
22
SIM5
SIM1
SIM2
SIM3
SIM4
1
21
22
SIM5
SIM1
SIM2
SIM3
SIM4
1
21
22
SIM5
SIM1
SIM2
SIM3
SIM4
1
21
22
SIM5
SIM1
SIM2
SIM3
SIM4
1
21
22
SIM5
SIM1
SIM2
SIM3
SIM4
1
21
22
SIM5
SIM1
SIM2
SIM3
SIM4
1
21
22
SIM5
SIM1
SIM2
SIM3
SIM4
1
21
22
SIM5
SIM1
SIM2
SIM3
SIM4
1
21
22
SIM5
SIM1
SIM2
SIM3
SIM4
1
21
22
SIM5
SIM1
SIM2
SIM3
SIM4
1
21
22
SIM5
SIM1
SIM2
SIM3
SIM4
1
21
22
SIM5
SIM1
SIM2
SIM3
SIM4
1
21
22
SIM5
SIM1
SIM2
SIM3
SIM4
1
21
22
SIM5
SIM1
SIM2
SIM3
SIM4
1
21
22
SIM5
SIM1
SIM2
SIM3
SIM4
1
21
22
SIM5
SIM1
SIM2
SIM3
SIM4
1
21
22
SIM5
SIM1
SIM2
SIM3
SIM4
1
21
22
SIM5
SIM1
SIM2
SIM3
SIM4
1
21
22
SIM5
SIM1
SIM2
SIM3
SIM4
1
21
22
SIM5
SIM1
SIM2
SIM3
SIM4
1
21
22
SIM5
SIM1
SIM2
SIM3
SIM4
1
21
22
SIM5
SIM1
SIM2
SIM3
SIM4
1
21
22
SIM5
SIM1
SIM2
SIM3
SIM4
1
21
22
SIM5
SIM1
SIM2
SIM3
SIM4
1
21
22
SIM5
SIM1
SIM2
SIM3
SIM4
1
21
22
SIM5
SIM1
SIM2
SIM3
SIM4
1
21
22
SIM5
SIM1
SIM2
SIM3
SIM4
1
21
22
SIM5
SIM1
SIM2
SIM3
SIM4
1
21
22
SIM5
SIM1
SIM2
SIM3
SIM4
1
21
22
SIM5
SIM1
SIM2
SIM3
SIM4
1
21
22
SIM5
SIM1
SIM2
SIM3
SIM4
1
21
22
SIM5
SIM1
SIM2
SIM3
SIM4
1
21
22
SIM5
SIM1
SIM2
SIM3
SIM4
1
21
22
SIM5
SIM1
SIM2
SIM3
SIM4
1
21
22
SIM5
SIM1
SIM2
SIM3
SIM4
1
21
22
SIM5
SIM1
SIM2
SIM3
SIM4
1
21
22
SIM5
SIM1
SIM2
SIM3
SIM4
1
21
22
SIM5
SIM1
SIM2
SIM3
SIM4
1
21
22
SIM5
SIM1
SIM2
SIM3
SIM4
1
21
22
SIM5
SIM1
SIM2
SIM3
SIM4
1
21
22
SIM5
SIM1
SIM2
SIM3
SIM4
1
21
22
SIM5
SIM1
SIM2
SIM3
SIM4
1
21
22
SIM5
SIM1
SIM2
SIM3
SIM4
1
21
22
SIM5
SIM1
SIM2
SIM3
SIM4
1
21
22
SIM5
SIM1
SIM2
SIM3
SIM4
1
21
22
SIM5
SIM1
SIM2
SIM3
SIM4
1
21
22
SIM5
SIM1
SIM2
SIM3
SIM4
1
21
22
SIM5
SIM1
SIM2
SIM3
SIM4
1
21
22
SIM5
SIM1
SIM2
SIM3
SIM4
1
21
22
SIM5
SIM1
SIM2
SIM3
SIM4
1
21
22
SIM5
SIM1
SIM2
SIM3
SIM4
1
21
22
SIM5
SIM1
SIM2
SIM3
SIM4
1
21
22
SIM5
SIM1
SIM2
SIM3
SIM4
1
21
22
SIM5
SIM1
SIM2
SIM3
SIM4
1
21
22
SIM5
SIM1
SIM2
SIM3
SIM4
1
21
22
SIM5
SIM1
SIM2
SIM3
SIM4
1
21
22
SIM5
SIM1
SIM2
SIM3
SIM4
1
21
22
SIM5
SIM1
SIM2
SIM3
SIM4
1
21
22
SIM5
SIM1
SIM2
SIM3
SIM4
1
21
22
SIM5
SIM1
SIM2
SIM3
SIM4
1
21
22
SIM5
SIM1
SIM2
SIM3
SIM4
1
21
22
SIM5
SIM1
SIM2
SIM3
SIM4
1
21
22
SIM5
SIM1
SIM2
SIM3
SIM4
1
21
22
SIM5
SIM1
SIM2
SIM3
SIM4
1
21
22
SIM5
SIM1
SIM2
SIM3
SIM4
1
21
22
SIM5
SIM1
SIM2
SIM3
SIM4
1
21
22
SIM5
SIM1
SIM2
SIM3
SIM4
1
21
22
SIM5
SIM1
SIM2
SIM3
SIM4
1
21
22
SIM5
SIM1
SIM2
SIM3
SIM4
1
21
22
SIM5
SIM1
SIM2
SIM3
SIM4
1
21
22
SIM5
SIM1
SIM2
SIM3
SIM4
1
21
22
SIM5
SIM1
SIM2
SIM3
SIM4
1
21
22
SIM5
SIM1
SIM2
SIM3
SIM4
1
21
22
SIM5
SIM1
SIM2
SIM3
SIM4
1
21
22
SIM5
SIM1
SIM2
SIM3
SIM4
1
21
22
SIM5
SIM1
SIM2
SIM3
SIM4
1
21
22
SIM5
SIM1
SIM2
SIM3
SIM4
1
21
22
SIM5
SIM1
SIM2
SIM3
SIM4
1
21
22
SIM5
SIM1
SIM2
SIM3
SIM4
1
21
22
SIM5
SIM1
SIM2
SIM3
SIM4
1
21
22
SIM5
SIM1
SIM2
SIM3
SIM4
1
21
22
SIM5
SIM1
SIM2
SIM3
SIM4
1
21
22
SIM5
SIM1
SIM2
SIM3
SIM4
1
21
22
SIM5
SIM1
SIM2
SIM3
SIM4
1
21
22
SIM5
SIM1
SIM2
SIM3
SIM4
1
21
22
SIM5
SIM1
SIM2
SIM3
SIM4
1
21
22
SIM5
SIM1
SIM2
SIM3
SIM4
1
21
22
SIM5
SIM1
SIM2
SIM3
SIM4
1
21
22
SIM5
SIM1
SIM2
SIM3
SIM4
1
21
22
SIM5
SIM1
SIM2
SIM3
SIM4
1
21
22
SIM5
SIM1
SIM2
SIM3
SIM4
1
21
22
SIM5
SIM1
SIM2
SIM3
SIM4
1
21
22
SIM5
SIM1
SIM2
SIM3
SIM4
1
21
22
SIM5
SIM1
SIM2
SIM3
SIM4
1
21
22
SIM5
SIM1
SIM2
SIM3
SIM4
1
21
22
SIM5
SIM1
SIM2
SIM3
SIM4
1
21
22
SIM5
SIM1
SIM2
SIM3
SIM4
1
21
22
SIM5
SIM1
SIM2
SIM3
SIM4
1
21
22
SIM5
SIM1
SIM2
SIM3
SIM4
1
21
22
SIM5
SIM1
SIM2
SIM3
SIM4
1
21
22
SIM5
SIM1
SIM2
SIM3
SIM4
1
21
22
SIM5
SIM1
SIM2
SIM3
SIM4
1
21
22
SIM5
SIM1
SIM2
SIM3
SIM4
1
21
22
SIM5
SIM1
SIM2
SIM3
SIM4
1
21
22
SIM5
SIM1
SIM2
SIM3
SIM4
1
21
22
SIM5
SIM1
SIM2
SIM3
SIM4
1
21
22
SIM5
SIM1
SIM2
SIM3
SIM4
1
21
22
SIM5
SIM1
SIM2
SIM3
SIM4
1
21
22
SIM5
SIM1
SIM2
SIM3
SIM4
1
21
22
SIM5
SIM1
SIM2
SIM3
SIM4
1
21
22
SIM5
SIM1
SIM2
SIM3
SIM4
1
21
22
SIM5
SIM1
SIM2
SIM3
SIM4
1
21
22
SIM5
SIM1
SIM2
SIM3
SIM4
1
21
22
SIM5
SIM1
SIM2
SIM3
SIM4
1
21
22
SIM5
SIM1
SIM2
SIM3
SIM4
1
21
22
SIM5
SIM1
SIM2
SIM3
SIM4
1
21
22
SIM5
SIM1
SIM2
SIM3
SIM4
1
21
22
SIM5
SIM1
SIM2
SIM3
SIM4
1
21
22
SIM5
SIM1
SIM2
SIM3
SIM4
1
21
22
SIM5
SIM1
SIM2
SIM3
SIM4
1
21
22
SIM5
SIM1
SIM2
SIM3
SIM4
1
21
22
SIM5
SIM1
SIM2
SIM3
SIM4
1
21
22
SIM5
SIM1
SIM2
SIM3
SIM4
1
21
22
SIM5
SIM1
SIM2
SIM3
SIM4
1
21
22
SIM5
SIM1
SIM2
SIM3
SIM4
1
21
22
SIM5
SIM1
SIM2
SIM3
SIM4
1
21
22
SIM5
SIM1
SIM2
SIM3
SIM4
1
21
22
SIM5
SIM1
SIM2
SIM3
SIM4
1
21
22
SIM5
SIM1
SIM2
SIM3
SIM4
1
21
22
SIM5
SIM1
SIM2
SIM3
SIM4
1
21
22
SIM5
SIM1
SIM2
SIM3
SIM4
1
21
22
SIM5
SIM1
SIM2
SIM3
SIM4
1
21
22
SIM5
SIM1
SIM2
SIM3
SIM4
1
21
22
SIM5
SIM1
SIM2
SIM3
SIM4
1
21
22
SIM5
SIM1
SIM2
SIM3
SIM4
1
21
22
SIM5
SIM1
SIM2
SIM3
SIM4
1
21
22
SIM5
SIM1
SIM2
SIM3
SIM4
1
21
22
SIM5
SIM1
SIM2
SIM3
SIM4
1
21
22
SIM5
SIM1
SIM2
SIM3
SIM4
1
21
22
SIM5
SIM1
SIM2
SIM3
SIM4
1
21
22
SIM5
SIM1
SIM2
SIM3
SIM4
1
21
22
SIM5
SIM1
SIM2
SIM3
SIM4
1
21
22
SIM5
SIM1
SIM2
SIM3
SIM4
1
21
22
SIM5
SIM1
SIM2
SIM3
SIM4
1
21
22
SIM5
SIM1
SIM2
SIM3
SIM4
1
21
22
SIM5
SIM1
SIM2
SIM3
SIM4
1
21
22
SIM5
SIM1
SIM2
SIM3
SIM4
1
21
22
SIM5
SIM1
SIM2
SIM3
SIM4
1
21
22
SIM5
SIM1
SIM2
SIM3
SIM4
1
21
22
SIM5
SIM1
SIM2
SIM3
SIM4
1
21
22
SIM5
SIM1
SIM2
SIM3
SIM4
1
21
22
SIM5
SIM1
SIM2
SIM3
SIM4
1
21
22
SIM5
SIM1
SIM2
SIM3
SIM4
1
21
22
SIM5
SIM1
SIM2
SIM3
SIM4
1
21
22
SIM5
SIM1
SIM2
SIM3
SIM4
1
21
22
SIM5
SIM1
SIM2
SIM3
SIM4
1
21
22
SIM5
SIM1
SIM2
SIM3
SIM4
1
21
22
SIM5
SIM1
SIM2
SIM3
SIM4
1
21
22
SIM5
SIM1
SIM2
SIM3
SIM4
1
21
22
SIM5
SIM1
SIM2
SIM3
SIM4
1
21
22
SIM5
SIM1
SIM2
SIM3
SIM4
1
21
22
SIM5
SIM1
SIM2
SIM3
SIM4
1
21
22
SIM5
SIM1
SIM2
SIM3
SIM4
1
21
22
SIM5
SIM1
SIM2
SIM3
SIM4
1
21
22
SIM5
SIM1
SIM2
SIM3
SIM4
1
21
22
SIM5
SIM1
SIM2
SIM3
SIM4
1
21
22
SIM5
SIM1
SIM2
SIM3
SIM4
1
21
22
SIM5
SIM1
SIM2
SIM3
SIM4
1
21
22
SIM5
SIM1
SIM2
SIM3
SIM4
1
21
22
SIM5
SIM1
SIM2
SIM3
SIM4
1
21
22
SIM5
SIM1
SIM2
SIM3
SIM4
1
21
22
SIM5
SIM1
SIM2
SIM3
SIM4
1
21
22
SIM5
SIM1
SIM2
SIM3
SIM4
1
21
22
SIM5
SIM1
SIM2
SIM3
SIM4
1
21
22
SIM5
SIM1
SIM2
SIM3
SIM4
1
21
22
SIM5
SIM1
SIM2
SIM3
SIM4
1
21
22
SIM5
SIM1
SIM2
SIM3
SIM4
1
21
22
SIM5
SIM1
SIM2
SIM3
SIM4
1
21
22
SIM5
SIM1
SIM2
SIM3
SIM4
1
21
22
SIM5
SIM1
SIM2
SIM3
SIM4
1
21
22
SIM5
SIM1
SIM2
SIM3
SIM4
1
21
22
SIM5
SIM1
SIM2
SIM3
SIM4
1
21
22
SIM5
SIM1
SIM2
SIM3
SIM4
1
21
22
SIM5
SIM1
SIM2
SIM3
SIM4
1
21
22
SIM5
SIM1
SIM2
SIM3
SIM4
1
21
22
SIM5
SIM1
SIM2
SIM3
SIM4
1
21
22
SIM5
SIM1
SIM2
SIM3
SIM4
1
21
22
SIM5
SIM1
SIM2
SIM3
SIM4
1
21
22
SIM5
SIM1
SIM2
SIM3
SIM4
1
21
22
SIM5
SIM1
SIM2
SIM3
SIM4
1
21
22
SIM5
SIM1
SIM2
SIM3
SIM4
1
21
22
SIM5
SIM1
SIM2
SIM3
SIM4
1
21
22
SIM5
SIM1
SIM2
SIM3
SIM4
1
21
22
SIM5
SIM1
SIM2
SIM3
SIM4
1
21
22
SIM5
SIM1
SIM2
SIM3
SIM4
1
21
22
SIM5
SIM1
SIM2
SIM3
SIM4
1
21
22
SIM5
SIM1
SIM2
SIM3
SIM4
1
21
22
SIM5
SIM1
SIM2
SIM3
SIM4
1
21
22
SIM5
SIM1
SIM2
SIM3
SIM4
1
21
22
SIM5
SIM1
SIM2
SIM3
SIM4
1
21
22
SIM5
SIM1
SIM2
SIM3
SIM4
1
21
22
SIM5
SIM1
SIM2
SIM3
SIM4
1
21
22
SIM5
SIM1
SIM2
SIM3
SIM4
1
21
22
SIM5
SIM1
SIM2
SIM3
SIM4
1
21
22
SIM5
SIM1
SIM2
SIM3
SIM4
1
21
22
SIM5
SIM1
SIM2
SIM3
SIM4
1
21
22
SIM5
SIM1
SIM2
SIM3
SIM4
1
21
22
SIM5
SIM1
SIM2
SIM3
SIM4
1
21
22
SIM5
SIM1
SIM2
SIM3
SIM4
1
21
22
SIM5
SIM1
SIM2
SIM3
SIM4
1
21
22
SIM5
SIM1
SIM2
SIM3
SIM4
1
21
22
SIM5
SIM1
SIM2
SIM3
SIM4
1
21
22
SIM5
SIM1
SIM2
SIM3
SIM4
1
21
22
SIM5
SIM1
SIM2
SIM3
SIM4
1
21
22
SIM5
SIM1
SIM2
SIM3
SIM4
1
21
22
SIM5
SIM1
SIM2
SIM3
SIM4
1
21
22
SIM5
SIM1
SIM2
SIM3
SIM4
1
21
22
SIM5
SIM1
SIM2
SIM3
SIM4
1
21
22
SIM5
SIM1
SIM2
SIM3
SIM4
1
21
22
SIM5
SIM1
SIM2
SIM3
SIM4
1
21
22
SIM5
SIM1
SIM2
SIM3
SIM4
1
21
22
SIM5
SIM1
SIM2
SIM3
SIM4
1
21
22
SIM5
SIM1
SIM2
SIM3
SIM4
1
21
22
SIM5
SIM1
SIM2
SIM3
SIM4
1
21
22
SIM5
SIM1
SIM2
SIM3
SIM4
1
21
22
SIM5
SIM1
SIM2
SIM3
SIM4
1
21
22
SIM5
SIM1
SIM2
SIM3
SIM4
1
21
22
SIM5
SIM1
SIM2
SIM3
SIM4
1
21
22
SIM5
SIM1
SIM2
SIM3
SIM4
1
21
22
SIM5
SIM1
SIM2
SIM3
SIM4
1
21
22
SIM5
SIM1
SIM2
SIM3
SIM4
1
21
22
SIM5
SIM1
SIM2
SIM3
SIM4
1
21
22
SIM5
SIM1
SIM2
SIM3
SIM4
1
21
22
SIM5
SIM1
SIM2
SIM3
SIM4
1
21
22
SIM5
SIM1
SIM2
SIM3
SIM4
1
21
22
SIM5
SIM1
SIM2
SIM3
SIM4
1
21
22
SIM5
SIM1
SIM2
SIM3
SIM4
1
21
22
SIM5
SIM1
SIM2
SIM3
SIM4
1
21
22
SIM5
SIM1
SIM2
SIM3
SIM4
1
21
22
SIM5
SIM1
SIM2
SIM3
SIM4
1
21
22
SIM5
SIM1
SIM2
SIM3
SIM4
1
21
22
SIM5
SIM1
SIM2
SIM3
SIM4
1
21
22
SIM5
SIM1
SIM2
SIM3
SIM4
1
21
22
SIM5
SIM1
SIM2
SIM3
SIM4
1
21
22
SIM5
SIM1
SIM2
SIM3
SIM4
1
21
22
SIM5
SIM1
SIM2
SIM3
SIM4
1
21
22
SIM5
SIM1
SIM2
SIM3
SIM4
1
21
22
SIM5
SIM1
SIM2
SIM3
SIM4
1
21
22
SIM5
SIM1
SIM2
SIM3
SIM4
1
21
22
SIM5
SIM1
SIM2
SIM3
SIM4
1
21
22
SIM5
SIM1
SIM2
SIM3
SIM4
1
21
22
SIM5
SIM1
SIM2
SIM3
SIM4
1
21
22
SIM5
SIM1
SIM2
SIM3
SIM4
1
21
22
SIM5
SIM1
SIM2
SIM3
SIM4
1
21
22
SIM5
SIM1
SIM2
DEBUG 1 80
SIM1
SIM2
SIM3
SIM4
1
21
22
SIM5
SIM1
SIM2
SIM3
SIM4
1
21
22
SIM5
SIM1
SIM2
SIM3
SIM4
1
21
22
SIM5
SIM1
SIM2
SIM3
SIM4
1
21
22
SIM5
SIM1
SIM2
SIM3
SIM4
1
21
22
SIM5
SIM1
SIM2
SIM3
SIM4
1
21
22
SIM5
SIM1
SIM2
SIM3
SIM4
1
21
22
SIM5
SIM1
SIM2
SIM3
SIM4
1
21
22
SIM5
SIM1
SIM2
SIM3
SIM4
1
21
22
SIM5
SIM1
SIM2
SIM3
SIM4
1
21
22
SIM5
SIM1
SIM2
SIM3
SIM4
1
21
22
SIM5
SIM1
SIM2
SIM3
SIM4
1
21
22
SIM5
SIM1
SIM2
SIM3
SIM4
1
21
22
SIM5
SIM1
SIM2
SIM3
SIM4
1
21
22
SIM5
SIM1
SIM2
SIM3
SIM4
1
21
22
SIM5
SIM1
SIM2
SIM3
SIM4
1
21
22
SIM5
SIM1
SIM2
SIM3
SIM4
1
21
22
SIM5
SIM1
SIM2
SIM3
SIM4
1
21
22
SIM5
SIM1
SIM2
SIM3
SIM4
1
21
22
SIM5
SIM1
SIM2
SIM3
SIM4
1
21
22
SIM5
SIM1
SIM2
SIM3
SIM4
1
21
22
SIM5
SIM1
SIM2
SIM3
SIM4
1
21
22
SIM5
SIM1
SIM2
SIM3
SIM4
1
21
22
SIM5
SIM1
SIM2
SIM3
SIM4
1
21
22
SIM5
SIM1
SIM2
SIM3
SIM4
1
21
22
SIM5
SIM1
SIM2
SIM3
SIM4
1
21
22
SIM5
SIM1
SIM2
SIM3
SIM4
1
21
22
SIM5
SIM1
SIM2
SIM3
SIM4
1
21
22
SIM5
SIM1
SIM2
SIM3
SIM4
1
21
22
SIM5
SIM1
SIM2
SIM3
SIM4
1
21
22
SIM5
SIM1
SIM2
SIM3
SIM4
1
21
22
SIM5
SIM1
SIM2
SIM3
SIM4
1
21
22
SIM5
SIM1
SIM2
SIM3
SIM4
1
21
22
SIM5
SIM1
SIM2
SIM3
SIM4
1
21
22
SIM5
SIM1
SIM2
SIM3
SIM4
1
21
22
SIM5
SIM1
SIM2
SIM3
SIM4
1
21
22
SIM5
SIM1
SIM2
SIM3
SIM4
1
21
22
SIM5
SIM1
SIM2
SIM3
SIM4
1
21
22
SIM5
SIM1
SIM2
SIM3
SIM4
1
21
22
SIM5
SIM1
SIM2
SIM3
SIM4
1
21
22
SIM5
SIM1
SIM2
SIM3
SIM4
1
21
22
SIM5
SIM1
SIM2
SIM3
SIM4
1
21
22
SIM5
SIM1
SIM2
SIM3
SIM4
1
21
22
SIM5
SIM1
SIM2
SIM3
SIM4
1
21
22
SIM5
SIM1
SIM2
SIM3
SIM4
1
21
22
SIM5
SIM1
SIM2
SIM3
SIM4
1
21
22
SIM5
SIM1
SIM2
SIM3
SIM4
1
21
22
SIM5
SIM1
SIM2
SIM3
SIM4
1
21
22
SIM5
SIM1
SIM2
SIM3
SIM4
1
21
22
SIM5
SIM1
SIM2
SIM3
SIM4
1
21
22
SIM5
SIM1
SIM2
SIM3
SIM4
1
21
22
SIM5
SIM1
SIM2
SIM3
SIM4
1
21
22
SIM5
SIM1
SIM2
SIM3
SIM4
1
21
22
SIM5
SIM1
SIM2
SIM3
SIM4
1
21
22
SIM5
SIM1
SIM2
SIM3
SIM4
1
21
22
SIM5
SIM1
SIM2
SIM3
SIM4
1
21
22
SIM5
SIM1
SIM2
SIM3
SIM4
1
21
22
SIM5
SIM1
SIM2
SIM3
SIM4
1
21
22
SIM5
SIM1
SIM2
SIM3
SIM4
1
21
22
SIM5
SIM1
SIM2
SIM3
SIM4
1
21
22
SIM5
SIM1
SIM2
SIM3
SIM4
1
21
22
SIM5
SIM1
SIM2
SIM3
SIM4
1
21
22
SIM5
SIM1
SIM2
SIM3
SIM4
1
21
22
SIM5
SIM1
SIM2
SIM3
SIM4
1
21
22
SIM5
SIM1
SIM2
SIM3
SIM4
1
21
22
SIM5
SIM1
SIM2
SIM3
SIM4
1
21
22
SIM5
SIM1
SIM2
SIM3
SIM4
1
21
22
SIM5
SIM1
SIM2
SIM3
SIM4
1
21
22
SIM5
SIM1
SIM2
SIM3
SIM4
1
21
22
SIM5
SIM1
SIM2
SIM3
SIM4
1
21
22
SIM5
SIM1
SIM2
SIM3
SIM4
1
21
22
SIM5
SIM1
SIM2
SIM3
SIM4
1
21
22
SIM5
SIM1
SIM2
SIM3
SIM4
1
21
22
SIM5
SIM1
SIM2
SIM3
SIM4
1
21
22
SIM5
SIM1
SIM2
SIM3
SIM4
1
21
22
SIM5
SIM1
SIM2
SIM3
SIM4
1
21
22
SIM5
SIM1
SIM2
SIM3
SIM4
1
21
22
SIM5
SIM1
SIM2
SIM3
SIM4
1
21
22
SIM5
SIM1
SIM2
SIM3
SIM4
1
21
22
SIM5
SIM1
SIM2
SIM3
SIM4
1
21
22
SIM5
SIM1
SIM2
SIM3
SIM4
1
21
22
SIM5
SIM1
SIM2
SIM3
SIM4
1
21
22
SIM5
SIM1
SIM2
SIM3
SIM4
1
21
22
SIM5
SIM1
SIM2
SIM3
SIM4
1
21
22
SIM5
SIM1
SIM2
SIM3
SIM4
1
21
22
SIM5
SIM1
SIM2
SIM3
SIM4
1
21
22
SIM5
SIM1
SIM2
SIM3
SIM4
1
21
22
SIM5
SIM1
SIM2
SIM3
SIM4
1
21
22
SIM5
SIM1
SIM2
SIM3
SIM4
1
21
22
SIM5
SIM1
SIM2
SIM3
SIM4
1
21
22
SIM5
SIM1
SIM2
SIM3
SIM4
1
21
22
SIM5
SIM1
SIM2
SIM3
SIM4
1
21
22
SIM5
SIM1
SIM2
SIM3
SIM4
1
21
22
SIM5
SIM1
SIM2
SIM3
SIM4
1
21
22
SIM5
SIM1
SIM2
SIM3
SIM4
1
21
22
SIM5
SIM1
SIM2
SIM3
SIM4
1
21
22
SIM5
SIM1
SIM2
SIM3
SIM4
1
21
22
SIM5
SIM1
SIM2
SIM3
SIM4
1
21
22
SIM5
SIM1
SIM2
SIM3
SIM4
1
21
22
SIM5
SIM1
SIM2
SIM3
SIM4
1
21
22
SIM5
SIM1
SIM2
SIM3
SIM4
1
21
22
SIM5
SIM1
SIM2
SIM3
SIM4
1
21
22
SIM5
SIM1
SIM2
SIM3
SIM4
1
21
22
SIM5
SIM1
SIM2
SIM3
SIM4
1
21
22
SIM5
SIM1
SIM2
SIM3
SIM4
1
21
22
SIM5
SIM1
SIM2
SIM3
SIM4
1
21
22
SIM5
SIM1
SIM2
SIM3
SIM4
1
21
22
SIM5
SIM1
SIM2
SIM3
SIM4
1
21
22
SIM5
SIM1
SIM2
SIM3
SIM4
1
21
22
SIM5
SIM1
SIM2
SIM3
SIM4
1
21
22
SIM5
SIM1
SIM2
SIM3
SIM4
1
21
22
SIM5
SIM1
SIM2
SIM3
SIM4
1
21
22
SIM5
SIM1
SIM2
SIM3
SIM4
1
21
22
SIM5
SIM1
SIM2
SIM3
SIM4
1
21
22
SIM5
SIM1
SIM2
SIM3
SIM4
1
21
22
SIM5
SIM1
SIM2
SIM3
SIM4
1
21
22
SIM5
SIM1
SIM2
DEBUG 1 81
SIM1
SIM2
SIM3
SIM4
1
21
22
SIM5
SIM1
SIM2
SIM3
SIM4
1
21
22
SIM5
SIM1
SIM2
SIM3
SIM4
1
21
22
SIM5
SIM1
SIM2
SIM3
SIM4
1
21
22
SIM5
SIM1
SIM2
SIM3
SIM4
1
21
22
SIM5
SIM1
SIM2
SIM3
SIM4
1
21
22
SIM5
SIM1
SIM2
SIM3
SIM4
1
21
22
SIM5
SIM1
SIM2
SIM3
SIM4
1
21
22
SIM5
SIM1
SIM2
SIM3
SIM4
1
21
22
SIM5
SIM1
SIM2
SIM3
SIM4
1
21
22
SIM5
SIM1
SIM2
SIM3
SIM4
1
21
22
SIM5
SIM1
SIM2
SIM3
SIM4
1
21
22
SIM5
SIM1
SIM2
SIM3
SIM4
1
21
22
SIM5
SIM1
SIM2
SIM3
SIM4
1
21
22
SIM5
SIM1
SIM2
SIM3
SIM4
1
21
22
SIM5
SIM1
SIM2
SIM3
SIM4
1
21
22
SIM5
SIM1
SIM2
SIM3
SIM4
1
21
22
SIM5
SIM1
SIM2
SIM3
SIM4
1
21
22
SIM5
SIM1
SIM2
SIM3
SIM4
1
21
22
SIM5
SIM1
SIM2
SIM3
SIM4
1
21
22
SIM5
SIM1
SIM2
SIM3
SIM4
1
21
22
SIM5
SIM1
SIM2
SIM3
SIM4
1
21
22
SIM5
SIM1
SIM2
SIM3
SIM4
1
21
22
SIM5
SIM1
SIM2
SIM3
SIM4
1
21
22
SIM5
SIM1
SIM2
SIM3
SIM4
1
21
22
SIM5
SIM1
SIM2
SIM3
SIM4
1
21
22
SIM5
SIM1
SIM2
SIM3
SIM4
1
21
22
SIM5
SIM1
SIM2
SIM3
SIM4
1
21
22
SIM5
SIM1
SIM2
SIM3
SIM4
1
21
22
SIM5
SIM1
SIM2
SIM3
SIM4
1
21
22
SIM5
SIM1
SIM2
SIM3
SIM4
1
21
22
SIM5
SIM1
SIM2
SIM3
SIM4
1
21
22
SIM5
SIM1
SIM2
SIM3
SIM4
1
21
22
SIM5
SIM1
SIM2
SIM3
SIM4
1
21
22
SIM5
SIM1
SIM2
SIM3
SIM4
1
21
22
SIM5
SIM1
SIM2
SIM3
SIM4
1
21
22
SIM5
SIM1
SIM2
SIM3
SIM4
1
21
22
SIM5
SIM1
SIM2
SIM3
SIM4
1
21
22
SIM5
SIM1
SIM2
SIM3
SIM4
1
21
22
SIM5
SIM1
SIM2
SIM3
SIM4
1
21
22
SIM5
SIM1
SIM2
SIM3
SIM4
1
21
22
SIM5
SIM1
SIM2
SIM3
SIM4
1
21
22
SIM5
SIM1
SIM2
SIM3
SIM4
1
21
22
SIM5
SIM1
SIM2
SIM3
SIM4
1
21
22
SIM5
SIM1
SIM2
SIM3
SIM4
1
21
22
SIM5
SIM1
SIM2
SIM3
SIM4
1
21
22
SIM5
SIM1
SIM2
SIM3
SIM4
1
21
22
SIM5
SIM1
SIM2
SIM3
SIM4
1
21
22
SIM5
SIM1
SIM2
SIM3
SIM4
1
21
22
SIM5
SIM1
SIM2
SIM3
SIM4
1
21
22
SIM5
SIM1
SIM2
SIM3
SIM4
1
21
22
SIM5
SIM1
SIM2
SIM3
SIM4
1
21
22
SIM5
SIM1
SIM2
SIM3
SIM4
1
21
22
SIM5
SIM1
SIM2
SIM3
SIM4
1
21
22
SIM5
SIM1
SIM2
SIM3
SIM4
1
21
22
SIM5
SIM1
SIM2
SIM3
SIM4
1
21
22
SIM5
SIM1
SIM2
SIM3
SIM4
1
21
22
SIM5
SIM1
SIM2
SIM3
SIM4
1
21
22
SIM5
SIM1
SIM2
SIM3
SIM4
1
21
22
SIM5
SIM1
SIM2
SIM3
SIM4
1
21
22
SIM5
SIM1
SIM2
SIM3
SIM4
1
21
22
SIM5
SIM1
SIM2
SIM3
SIM4
1
21
22
SIM5
SIM1
SIM2
SIM3
SIM4
1
21
22
SIM5
SIM1
SIM2
SIM3
SIM4
1
21
22
SIM5
SIM1
SIM2
SIM3
SIM4
1
21
22
SIM5
SIM1
SIM2
SIM3
SIM4
1
21
22
SIM5
SIM1
SIM2
SIM3
SIM4
1
21
22
SIM5
SIM1
SIM2
SIM3
SIM4
1
21
22
SIM5
SIM1
SIM2
SIM3
SIM4
1
21
22
SIM5
SIM1
SIM2
SIM3
SIM4
1
21
22
SIM5
SIM1
SIM2
SIM3
SIM4
1
21
22
SIM5
SIM1
SIM2
SIM3
SIM4
1
21
22
SIM5
SIM1
SIM2
SIM3
SIM4
1
21
22
SIM5
SIM1
SIM2
SIM3
SIM4
1
21
22
SIM5
SIM1
SIM2
SIM3
SIM4
1
21
22
SIM5
SIM1
SIM2
SIM3
SIM4
1
21
22
SIM5
SIM1
SIM2
SIM3
SIM4
1
21
22
SIM5
SIM1
SIM2
SIM3
SIM4
1
21
22
SIM5
SIM1
SIM2
SIM3
SIM4
1
21
22
SIM5
SIM1
SIM2
SIM3
SIM4
1
21
22
SIM5
SIM1
SIM2
SIM3
SIM4
1
21
22
SIM5
SIM1
SIM2
SIM3
SIM4
1
21
22
SIM5
SIM1
SIM2
SIM3
SIM4
1
21
22
SIM5
SIM1
SIM2
SIM3
SIM4
1
21
22
SIM5
SIM1
SIM2
SIM3
SIM4
1
21
22
SIM5
SIM1
SIM2
SIM3
SIM4
1
21
22
SIM5
SIM1
SIM2
SIM3
SIM4
1
21
22
SIM5
SIM1
SIM2
SIM3
SIM4
1
21
22
SIM5
SIM1
SIM2
SIM3
SIM4
1
21
22
SIM5
SIM1
SIM2
SIM3
SIM4
1
21
22
SIM5
SIM1
SIM2
SIM3
SIM4
1
21
22
SIM5
SIM1
SIM2
SIM3
SIM4
1
21
22
SIM5
SIM1
SIM2
SIM3
SIM4
1
21
22
SIM5
SIM1
SIM2
SIM3
SIM4
1
21
22
SIM5
SIM1
SIM2
SIM3
SIM4
1
21
22
SIM5
SIM1
SIM2
SIM3
SIM4
1
21
22
SIM5
SIM1
SIM2
SIM3
SIM4
1
21
22
SIM5
SIM1
SIM2
SIM3
SIM4
1
21
22
SIM5
SIM1
SIM2
SIM3
SIM4
1
21
22
SIM5
SIM1
SIM2
SIM3
SIM4
1
21
22
SIM5
SIM1
SIM2
SIM3
SIM4
1
21
22
SIM5
SIM1
SIM2
SIM3
SIM4
1
21
22
SIM5
SIM1
SIM2
SIM3
SIM4
1
21
22
SIM5
SIM1
SIM2
SIM3
SIM4
1
21
22
SIM5
SIM1
SIM2
SIM3
SIM4
1
21
22
SIM5
SIM1
SIM2
SIM3
SIM4
1
21
22
SIM5
SIM1
SIM2
SIM3
SIM4
1
21
22
SIM5
SIM1
SIM2
SIM3
SIM4
1
21
22
SIM5
SIM1
SIM2
SIM3
SIM4
1
21
22
SIM5
SIM1
SIM2
SIM3
SIM4
1
21
22
SIM5
SIM1
SIM2
SIM3
SIM4
1
21
22
SIM5
SIM1
SIM2
SIM3
SIM4
1
21
22
SIM5
SIM1
SIM2
SIM3
SIM4
1
21
22
SIM5
SIM1
SIM2
SIM3
SIM4
1
21
22
SIM5
SIM1
SIM2
SIM3
SIM4
1
21
22
SIM5
SIM1
SIM2
SIM3
SIM4
1
21
22
SIM5
SIM1
SIM2
SIM3
SIM4
1
21
22
SIM5
SIM1
SIM2
SIM3
SIM4
1
21
22
SIM5
SIM1
SIM2
SIM3
SIM4
1
21
22
SIM5
SIM1
SIM2
SIM3
SIM4
1
21
22
SIM5
SIM1
SIM2
SIM3
SIM4
1
21
22
SIM5
SIM1
SIM2
SIM3
SIM4
1
21
22
SIM5
SIM1
SIM2
SIM3
SIM4
1
21
22
SIM5
SIM1
SIM2
SIM3
SIM4
1
21
22
SIM5
SIM1
SIM2
SIM3
SIM4
1
21
22
SIM5
SIM1
SIM2
SIM3
SIM4
1
21
22
SIM5
SIM1
SIM2
SIM3
SIM4
1
21
22
SIM5
SIM1
SIM2
SIM3
SIM4
1
21
22
SIM5
SIM1
SIM2
SIM3
SIM4
1
21
22
SIM5
SIM1
SIM2
SIM3
SIM4
1
21
22
SIM5
SIM1
SIM2
SIM3
SIM4
1
21
22
SIM5
SIM1
SIM2
SIM3
SIM4
1
21
22
SIM5
SIM1
SIM2
SIM3
SIM4
1
21
22
SIM5
SIM1
SIM2
SIM3
SIM4
1
21
22
SIM5
SIM1
SIM2
SIM3
SIM4
1
21
22
SIM5
SIM1
SIM2
SIM3
SIM4
1
21
22
SIM5
SIM1
SIM2
DEBUG 1 82
SIM1
SIM2
SIM3
SIM4
1
21
22
SIM5
SIM1
SIM2
SIM3
SIM4
1
21
22
SIM5
SIM1
SIM2
SIM3
SIM4
1
21
22
SIM5
SIM1
SIM2
SIM3
SIM4
1
21
22
SIM5
SIM1
SIM2
SIM3
SIM4
1
21
22
SIM5
SIM1
SIM2
SIM3
SIM4
1
21
22
SIM5
SIM1
SIM2
SIM3
SIM4
1
21
22
SIM5
SIM1
SIM2
SIM3
SIM4
1
21
22
SIM5
SIM1
SIM2
SIM3
SIM4
1
21
22
SIM5
SIM1
SIM2
SIM3
SIM4
1
21
22
SIM5
SIM1
SIM2
SIM3
SIM4
1
21
22
SIM5
SIM1
SIM2
SIM3
SIM4
1
21
22
SIM5
SIM1
SIM2
SIM3
SIM4
1
21
22
SIM5
SIM1
SIM2
SIM3
SIM4
1
21
22
SIM5
SIM1
SIM2
SIM3
SIM4
1
21
22
SIM5
SIM1
SIM2
SIM3
SIM4
1
21
22
SIM5
SIM1
SIM2
SIM3
SIM4
1
21
22
SIM5
SIM1
SIM2
SIM3
SIM4
1
21
22
SIM5
SIM1
SIM2
SIM3
SIM4
1
21
22
SIM5
SIM1
SIM2
SIM3
SIM4
1
21
22
SIM5
SIM1
SIM2
SIM3
SIM4
1
21
22
SIM5
SIM1
SIM2
SIM3
SIM4
1
21
22
SIM5
SIM1
SIM2
SIM3
SIM4
1
21
22
SIM5
SIM1
SIM2
SIM3
SIM4
1
21
22
SIM5
SIM1
SIM2
SIM3
SIM4
1
21
22
SIM5
SIM1
SIM2
SIM3
SIM4
1
21
22
SIM5
SIM1
SIM2
SIM3
SIM4
1
21
22
SIM5
SIM1
SIM2
SIM3
SIM4
1
21
22
SIM5
SIM1
SIM2
SIM3
SIM4
1
21
22
SIM5
SIM1
SIM2
SIM3
SIM4
1
21
22
SIM5
SIM1
SIM2
SIM3
SIM4
1
21
22
SIM5
SIM1
SIM2
SIM3
SIM4
1
21
22
SIM5
SIM1
SIM2
SIM3
SIM4
1
21
22
SIM5
SIM1
SIM2
SIM3
SIM4
1
21
22
SIM5
SIM1
SIM2
SIM3
SIM4
1
21
22
SIM5
SIM1
SIM2
SIM3
SIM4
1
21
22
SIM5
SIM1
SIM2
SIM3
SIM4
1
21
22
SIM5
SIM1
SIM2
SIM3
SIM4
1
21
22
SIM5
SIM1
SIM2
SIM3
SIM4
1
21
22
SIM5
SIM1
SIM2
SIM3
SIM4
1
21
22
SIM5
SIM1
SIM2
SIM3
SIM4
1
21
22
SIM5
SIM1
SIM2
SIM3
SIM4
1
21
22
SIM5
SIM1
SIM2
SIM3
SIM4
1
21
22
SIM5
SIM1
SIM2
SIM3
SIM4
1
21
22
SIM5
SIM1
SIM2
SIM3
SIM4
1
21
22
SIM5
SIM1
SIM2
SIM3
SIM4
1
21
22
SIM5
SIM1
SIM2
SIM3
SIM4
1
21
22
SIM5
SIM1
SIM2
SIM3
SIM4
1
21
22
SIM5
SIM1
SIM2
SIM3
SIM4
1
21
22
SIM5
SIM1
SIM2
SIM3
SIM4
1
21
22
SIM5
SIM1
SIM2
SIM3
SIM4
1
21
22
SIM5
SIM1
SIM2
SIM3
SIM4
1
21
22
SIM5
SIM1
SIM2
SIM3
SIM4
1
21
22
SIM5
SIM1
SIM2
SIM3
SIM4
1
21
22
SIM5
SIM1
SIM2
SIM3
SIM4
1
21
22
SIM5
SIM1
SIM2
SIM3
SIM4
1
21
22
SIM5
SIM1
SIM2
SIM3
SIM4
1
21
22
SIM5
SIM1
SIM2
SIM3
SIM4
1
21
22
SIM5
SIM1
SIM2
SIM3
SIM4
1
21
22
SIM5
SIM1
SIM2
SIM3
SIM4
1
21
22
SIM5
SIM1
SIM2
SIM3
SIM4
1
21
22
SIM5
SIM1
SIM2
SIM3
SIM4
1
21
22
SIM5
SIM1
SIM2
SIM3
SIM4
1
21
22
SIM5
SIM1
SIM2
SIM3
SIM4
1
21
22
SIM5
SIM1
SIM2
SIM3
SIM4
1
21
22
SIM5
SIM1
SIM2
SIM3
SIM4
1
21
22
SIM5
SIM1
SIM2
SIM3
SIM4
1
21
22
SIM5
SIM1
SIM2
SIM3
SIM4
1
21
22
SIM5
SIM1
SIM2
SIM3
SIM4
1
21
22
SIM5
SIM1
SIM2
SIM3
SIM4
1
21
22
SIM5
SIM1
SIM2
SIM3
SIM4
1
21
22
SIM5
SIM1
SIM2
SIM3
SIM4
1
21
22
SIM5
SIM1
SIM2
SIM3
SIM4
1
21
22
SIM5
SIM1
SIM2
SIM3
SIM4
1
21
22
SIM5
SIM1
SIM2
SIM3
SIM4
1
21
22
SIM5
SIM1
SIM2
SIM3
SIM4
1
21
22
SIM5
SIM1
SIM2
SIM3
SIM4
1
21
22
SIM5
SIM1
SIM2
SIM3
SIM4
1
21
22
SIM5
SIM1
SIM2
SIM3
SIM4
1
21
22
SIM5
SIM1
SIM2
SIM3
SIM4
1
21
22
SIM5
SIM1
SIM2
SIM3
SIM4
1
21
22
SIM5
SIM1
SIM2
SIM3
SIM4
1
21
22
SIM5
SIM1
SIM2
SIM3
SIM4
1
21
22
SIM5
SIM1
SIM2
SIM3
SIM4
1
21
22
SIM5
SIM1
SIM2
SIM3
SIM4
1
21
22
SIM5
SIM1
SIM2
SIM3
SIM4
1
21
22
SIM5
SIM1
SIM2
SIM3
SIM4
1
21
22
SIM5
SIM1
SIM2
SIM3
SIM4
1
21
22
SIM5
SIM1
SIM2
SIM3
SIM4
1
21
22
SIM5
SIM1
SIM2
SIM3
SIM4
1
21
22
SIM5
SIM1
SIM2
SIM3
SIM4
1
21
22
SIM5
SIM1
SIM2
SIM3
SIM4
1
21
22
SIM5
SIM1
SIM2
SIM3
SIM4
1
21
22
SIM5
SIM1
SIM2
SIM3
SIM4
1
21
22
SIM5
SIM1
SIM2
SIM3
SIM4
1
21
22
SIM5
SIM1
SIM2
SIM3
SIM4
1
21
22
SIM5
SIM1
SIM2
SIM3
SIM4
1
21
22
SIM5
SIM1
SIM2
SIM3
SIM4
1
21
22
SIM5
SIM1
SIM2
SIM3
SIM4
1
21
22
SIM5
SIM1
SIM2
SIM3
SIM4
1
21
22
SIM5
SIM1
SIM2
SIM3
SIM4
1
21
22
SIM5
SIM1
SIM2
SIM3
SIM4
1
21
22
SIM5
SIM1
SIM2
SIM3
SIM4
1
21
22
SIM5
SIM1
SIM2
SIM3
SIM4
1
21
22
SIM5
SIM1
SIM2
SIM3
SIM4
1
21
22
SIM5
SIM1
SIM2
SIM3
SIM4
1
21
22
SIM5
SIM1
SIM2
SIM3
SIM4
1
21
22
SIM5
SIM1
SIM2
SIM3
SIM4
1
21
22
SIM5
SIM1
SIM2
SIM3
SIM4
1
21
22
SIM5
SIM1
SIM2
SIM3
SIM4
1
21
22
SIM5
SIM1
SIM2
SIM3
SIM4
1
21
22
SIM5
SIM1
SIM2
SIM3
SIM4
1
21
22
SIM5
SIM1
SIM2
SIM3
SIM4
1
21
22
SIM5
SIM1
SIM2
SIM3
SIM4
1
21
22
SIM5
SIM1
SIM2
SIM3
SIM4
1
21
22
SIM5
SIM1
SIM2
SIM3
SIM4
1
21
22
SIM5
SIM1
SIM2
DEBUG 1 83
SIM1
SIM2
SIM3
SIM4
1
21
22
SIM5
SIM1
SIM2
SIM3
SIM4
1
21
22
SIM5
SIM1
SIM2
SIM3
SIM4
1
21
22
SIM5
SIM1
SIM2
SIM3
SIM4
1
21
22
SIM5
SIM1
SIM2
SIM3
SIM4
1
21
22
SIM5
SIM1
SIM2
SIM3
SIM4
1
21
22
SIM5
SIM1
SIM2
SIM3
SIM4
1
21
22
SIM5
SIM1
SIM2
SIM3
SIM4
1
21
22
SIM5
SIM1
SIM2
SIM3
SIM4
1
21
22
SIM5
SIM1
SIM2
SIM3
SIM4
1
21
22
SIM5
SIM1
SIM2
SIM3
SIM4
1
21
22
SIM5
SIM1
SIM2
SIM3
SIM4
1
21
22
SIM5
SIM1
SIM2
SIM3
SIM4
1
21
22
SIM5
SIM1
SIM2
SIM3
SIM4
1
21
22
SIM5
SIM1
SIM2
SIM3
SIM4
1
21
22
SIM5
SIM1
SIM2
SIM3
SIM4
1
21
22
SIM5
SIM1
SIM2
SIM3
SIM4
1
21
22
SIM5
SIM1
SIM2
SIM3
SIM4
1
21
22
SIM5
SIM1
SIM2
SIM3
SIM4
1
21
22
SIM5
SIM1
SIM2
SIM3
SIM4
1
21
22
SIM5
SIM1
SIM2
SIM3
SIM4
1
21
22
SIM5
SIM1
SIM2
SIM3
SIM4
1
21
22
SIM5
SIM1
SIM2
SIM3
SIM4
1
21
22
SIM5
SIM1
SIM2
SIM3
SIM4
1
21
22
SIM5
SIM1
SIM2
SIM3
SIM4
1
21
22
SIM5
SIM1
SIM2
SIM3
SIM4
1
21
22
SIM5
SIM1
SIM2
SIM3
SIM4
1
21
22
SIM5
SIM1
SIM2
SIM3
SIM4
1
21
22
SIM5
SIM1
SIM2
SIM3
SIM4
1
21
22
SIM5
SIM1
SIM2
SIM3
SIM4
1
21
22
SIM5
SIM1
SIM2
SIM3
SIM4
1
21
22
SIM5
SIM1
SIM2
SIM3
SIM4
1
21
22
SIM5
SIM1
SIM2
SIM3
SIM4
1
21
22
SIM5
SIM1
SIM2
SIM3
SIM4
1
21
22
SIM5
SIM1
SIM2
SIM3
SIM4
1
21
22
SIM5
SIM1
SIM2
SIM3
SIM4
1
21
22
SIM5
SIM1
SIM2
SIM3
SIM4
1
21
22
SIM5
SIM1
SIM2
SIM3
SIM4
1
21
22
SIM5
SIM1
SIM2
SIM3
SIM4
1
21
22
SIM5
SIM1
SIM2
SIM3
SIM4
1
21
22
SIM5
SIM1
SIM2
SIM3
SIM4
1
21
22
SIM5
SIM1
SIM2
SIM3
SIM4
1
21
22
SIM5
SIM1
SIM2
SIM3
SIM4
1
21
22
SIM5
SIM1
SIM2
SIM3
SIM4
1
21
22
SIM5
SIM1
SIM2
SIM3
SIM4
1
21
22
SIM5
SIM1
SIM2
SIM3
SIM4
1
21
22
SIM5
SIM1
SIM2
SIM3
SIM4
1
21
22
SIM5
SIM1
SIM2
SIM3
SIM4
1
21
22
SIM5
SIM1
SIM2
SIM3
SIM4
1
21
22
SIM5
SIM1
SIM2
SIM3
SIM4
1
21
22
SIM5
SIM1
SIM2
SIM3
SIM4
1
21
22
SIM5
SIM1
SIM2
SIM3
SIM4
1
21
22
SIM5
SIM1
SIM2
SIM3
SIM4
1
21
22
SIM5
SIM1
SIM2
SIM3
SIM4
1
21
22
SIM5
SIM1
SIM2
SIM3
SIM4
1
21
22
SIM5
SIM1
SIM2
SIM3
SIM4
1
21
22
SIM5
SIM1
SIM2
SIM3
SIM4
1
21
22
SIM5
SIM1
SIM2
SIM3
SIM4
1
21
22
SIM5
SIM1
SIM2
SIM3
SIM4
1
21
22
SIM5
SIM1
SIM2
SIM3
SIM4
1
21
22
SIM5
SIM1
SIM2
SIM3
SIM4
1
21
22
SIM5
SIM1
SIM2
SIM3
SIM4
1
21
22
SIM5
SIM1
SIM2
SIM3
SIM4
1
21
22
SIM5
SIM1
SIM2
SIM3
SIM4
1
21
22
SIM5
SIM1
SIM2
SIM3
SIM4
1
21
22
SIM5
SIM1
SIM2
SIM3
SIM4
1
21
22
SIM5
SIM1
SIM2
SIM3
SIM4
1
21
22
SIM5
SIM1
SIM2
SIM3
SIM4
1
21
22
SIM5
SIM1
SIM2
SIM3
SIM4
1
21
22
SIM5
SIM1
SIM2
SIM3
SIM4
1
21
22
SIM5
SIM1
SIM2
SIM3
SIM4
1
21
22
SIM5
SIM1
SIM2
SIM3
SIM4
1
21
22
SIM5
SIM1
SIM2
SIM3
SIM4
1
21
22
SIM5
SIM1
SIM2
SIM3
SIM4
1
21
22
SIM5
SIM1
SIM2
SIM3
SIM4
1
21
22
SIM5
SIM1
SIM2
SIM3
SIM4
1
21
22
SIM5
SIM1
SIM2
SIM3
SIM4
1
21
22
SIM5
SIM1
SIM2
SIM3
SIM4
1
21
22
SIM5
SIM1
SIM2
SIM3
SIM4
1
21
22
SIM5
SIM1
SIM2
SIM3
SIM4
1
21
22
SIM5
SIM1
SIM2
SIM3
SIM4
1
21
22
SIM5
SIM1
SIM2
SIM3
SIM4
1
21
22
SIM5
SIM1
SIM2
SIM3
SIM4
1
21
22
SIM5
SIM1
SIM2
SIM3
SIM4
1
21
22
SIM5
SIM1
SIM2
SIM3
SIM4
1
21
22
SIM5
SIM1
SIM2
SIM3
SIM4
1
21
22
SIM5
SIM1
SIM2
SIM3
SIM4
1
21
22
SIM5
SIM1
SIM2
SIM3
SIM4
1
21
22
SIM5
SIM1
SIM2
SIM3
SIM4
1
21
22
SIM5
SIM1
SIM2
SIM3
SIM4
1
21
22
SIM5
SIM1
SIM2
SIM3
SIM4
1
21
22
SIM5
SIM1
SIM2
SIM3
SIM4
1
21
22
SIM5
SIM1
SIM2
SIM3
SIM4
1
21
22
SIM5
SIM1
SIM2
SIM3
SIM4
1
21
22
SIM5
SIM1
SIM2
SIM3
SIM4
1
21
22
SIM5
SIM1
SIM2
SIM3
SIM4
1
21
22
SIM5
SIM1
SIM2
SIM3
SIM4
1
21
22
SIM5
SIM1
SIM2
SIM3
SIM4
1
21
22
SIM5
SIM1
SIM2
SIM3
SIM4
1
21
22
SIM5
SIM1
SIM2
SIM3
SIM4
1
21
22
SIM5
SIM1
SIM2
SIM3
SIM4
1
21
22
SIM5
SIM1
SIM2
SIM3
SIM4
1
21
22
SIM5
SIM1
SIM2
SIM3
SIM4
1
21
22
SIM5
SIM1
SIM2
SIM3
SIM4
1
21
22
SIM5
SIM1
SIM2
SIM3
SIM4
1
21
22
SIM5
SIM1
SIM2
SIM3
SIM4
1
21
22
SIM5
SIM1
SIM2
SIM3
SIM4
1
21
22
SIM5
SIM1
SIM2
SIM3
SIM4
1
21
22
SIM5
SIM1
SIM2
SIM3
SIM4
1
21
22
SIM5
SIM1
SIM2
SIM3
SIM4
1
21
22
SIM5
SIM1
SIM2
SIM3
SIM4
1
21
22
SIM5
SIM1
SIM2
SIM3
SIM4
1
21
22
SIM5
SIM1
SIM2
SIM3
SIM4
1
21
22
SIM5
SIM1
SIM2
SIM3
SIM4
1
21
22
SIM5
SIM1
SIM2
SIM3
SIM4
1
21
22
SIM5
SIM1
SIM2
SIM3
SIM4
1
21
22
SIM5
SIM1
SIM2
SIM3
SIM4
1
21
22
SIM5
SIM1
SIM2
SIM3
SIM4
1
21
22
SIM5
SIM1
SIM2
SIM3
SIM4
1
21
22
SIM5
SIM1
SIM2
SIM3
SIM4
1
21
22
SIM5
SIM1
SIM2
SIM3
SIM4
1
21
22
SIM5
SIM1
SIM2
SIM3
SIM4
1
21
22
SIM5
SIM1
SIM2
SIM3
SIM4
1
21
22
SIM5
SIM1
SIM2
SIM3
SIM4
1
21
22
SIM5
SIM1
SIM2
SIM3
SIM4
1
21
22
SIM5
SIM1
SIM2
SIM3
SIM4
1
21
22
SIM5
SIM1
SIM2
SIM3
SIM4
1
21
22
SIM5
SIM1
SIM2
SIM3
SIM4
1
21
22
SIM5
SIM1
SIM2
SIM3
SIM4
1
21
22
SIM5
SIM1
SIM2
SIM3
SIM4
1
21
22
SIM5
SIM1
SIM2
SIM3
SIM4
1
21
22
SIM5
SIM1
SIM2
SIM3
SIM4
1
21
22
SIM5
SIM1
SIM2
SIM3
SIM4
1
21
22
SIM5
SIM1
SIM2
SIM3
SIM4
1
21
22
SIM5
SIM1
SIM2
SIM3
SIM4
1
21
22
SIM5
SIM1
SIM2
SIM3
SIM4
1
21
22
SIM5
SIM1
SIM2
SIM3
SIM4
1
21
22
SIM5
SIM1
SIM2
SIM3
SIM4
1
21
22
SIM5
SIM1
SIM2
DEBUG 1 84
SIM1
SIM2
SIM3
SIM4
1
21
22
SIM5
SIM1
SIM2
SIM3
SIM4
1
21
22
SIM5
SIM1
SIM2
SIM3
SIM4
1
21
22
SIM5
SIM1
SIM2
SIM3
SIM4
1
21
22
SIM5
SIM1
SIM2
SIM3
SIM4
1
21
22
SIM5
SIM1
SIM2
SIM3
SIM4
1
21
22
SIM5
SIM1
SIM2
SIM3
SIM4
1
21
22
SIM5
SIM1
SIM2
SIM3
SIM4
1
21
22
SIM5
SIM1
SIM2
SIM3
SIM4
1
21
22
SIM5
SIM1
SIM2
SIM3
SIM4
1
21
22
SIM5
SIM1
SIM2
SIM3
SIM4
1
21
22
SIM5
SIM1
SIM2
SIM3
SIM4
1
21
22
SIM5
SIM1
SIM2
SIM3
SIM4
1
21
22
SIM5
SIM1
SIM2
SIM3
SIM4
1
21
22
SIM5
SIM1
SIM2
SIM3
SIM4
1
21
22
SIM5
SIM1
SIM2
SIM3
SIM4
1
21
22
SIM5
SIM1
SIM2
SIM3
SIM4
1
21
22
SIM5
SIM1
SIM2
SIM3
SIM4
1
21
22
SIM5
SIM1
SIM2
SIM3
SIM4
1
21
22
SIM5
SIM1
SIM2
SIM3
SIM4
1
21
22
SIM5
SIM1
SIM2
SIM3
SIM4
1
21
22
SIM5
SIM1
SIM2
SIM3
SIM4
1
21
22
SIM5
SIM1
SIM2
SIM3
SIM4
1
21
22
SIM5
SIM1
SIM2
SIM3
SIM4
1
21
22
SIM5
SIM1
SIM2
SIM3
SIM4
1
21
22
SIM5
SIM1
SIM2
SIM3
SIM4
1
21
22
SIM5
SIM1
SIM2
SIM3
SIM4
1
21
22
SIM5
SIM1
SIM2
SIM3
SIM4
1
21
22
SIM5
SIM1
SIM2
SIM3
SIM4
1
21
22
SIM5
SIM1
SIM2
SIM3
SIM4
1
21
22
SIM5
SIM1
SIM2
SIM3
SIM4
1
21
22
SIM5
SIM1
SIM2
SIM3
SIM4
1
21
22
SIM5
SIM1
SIM2
SIM3
SIM4
1
21
22
SIM5
SIM1
SIM2
SIM3
SIM4
1
21
22
SIM5
SIM1
SIM2
SIM3
SIM4
1
21
22
SIM5
SIM1
SIM2
SIM3
SIM4
1
21
22
SIM5
SIM1
SIM2
SIM3
SIM4
1
21
22
SIM5
SIM1
SIM2
SIM3
SIM4
1
21
22
SIM5
SIM1
SIM2
SIM3
SIM4
1
21
22
SIM5
SIM1
SIM2
SIM3
SIM4
1
21
22
SIM5
SIM1
SIM2
SIM3
SIM4
1
21
22
SIM5
SIM1
SIM2
SIM3
SIM4
1
21
22
SIM5
SIM1
SIM2
SIM3
SIM4
1
21
22
SIM5
SIM1
SIM2
SIM3
SIM4
1
21
22
SIM5
SIM1
SIM2
SIM3
SIM4
1
21
22
SIM5
SIM1
SIM2
SIM3
SIM4
1
21
22
SIM5
SIM1
SIM2
SIM3
SIM4
1
21
22
SIM5
SIM1
SIM2
SIM3
SIM4
1
21
22
SIM5
SIM1
SIM2
SIM3
SIM4
1
21
22
SIM5
SIM1
SIM2
SIM3
SIM4
1
21
22
SIM5
SIM1
SIM2
SIM3
SIM4
1
21
22
SIM5
SIM1
SIM2
SIM3
SIM4
1
21
22
SIM5
SIM1
SIM2
SIM3
SIM4
1
21
22
SIM5
SIM1
SIM2
SIM3
SIM4
1
21
22
SIM5
SIM1
SIM2
SIM3
SIM4
1
21
22
SIM5
SIM1
SIM2
SIM3
SIM4
1
21
22
SIM5
SIM1
SIM2
SIM3
SIM4
1
21
22
SIM5
SIM1
SIM2
SIM3
SIM4
1
21
22
SIM5
SIM1
SIM2
SIM3
SIM4
1
21
22
SIM5
SIM1
SIM2
SIM3
SIM4
1
21
22
SIM5
SIM1
SIM2
SIM3
SIM4
1
21
22
SIM5
SIM1
SIM2
SIM3
SIM4
1
21
22
SIM5
SIM1
SIM2
SIM3
SIM4
1
21
22
SIM5
SIM1
SIM2
SIM3
SIM4
1
21
22
SIM5
SIM1
SIM2
SIM3
SIM4
1
21
22
SIM5
SIM1
SIM2
SIM3
SIM4
1
21
22
SIM5
SIM1
SIM2
SIM3
SIM4
1
21
22
SIM5
SIM1
SIM2
SIM3
SIM4
1
21
22
SIM5
SIM1
SIM2
SIM3
SIM4
1
21
22
SIM5
SIM1
SIM2
SIM3
SIM4
1
21
22
SIM5
SIM1
SIM2
SIM3
SIM4
1
21
22
SIM5
SIM1
SIM2
SIM3
SIM4
1
21
22
SIM5
SIM1
SIM2
SIM3
SIM4
1
21
22
SIM5
SIM1
SIM2
SIM3
SIM4
1
21
22
SIM5
SIM1
SIM2
SIM3
SIM4
1
21
22
SIM5
SIM1
SIM2
SIM3
SIM4
1
21
22
SIM5
SIM1
SIM2
SIM3
SIM4
1
21
22
SIM5
SIM1
SIM2
SIM3
SIM4
1
21
22
SIM5
SIM1
SIM2
SIM3
SIM4
1
21
22
SIM5
SIM1
SIM2
SIM3
SIM4
1
21
22
SIM5
SIM1
SIM2
SIM3
SIM4
1
21
22
SIM5
SIM1
SIM2
SIM3
SIM4
1
21
22
SIM5
SIM1
SIM2
SIM3
SIM4
1
21
22
SIM5
SIM1
SIM2
SIM3
SIM4
1
21
22
SIM5
SIM1
SIM2
SIM3
SIM4
1
21
22
SIM5
SIM1
SIM2
SIM3
SIM4
1
21
22
SIM5
SIM1
SIM2
SIM3
SIM4
1
21
22
SIM5
SIM1
SIM2
SIM3
SIM4
1
21
22
SIM5
SIM1
SIM2
SIM3
SIM4
1
21
22
SIM5
SIM1
SIM2
SIM3
SIM4
1
21
22
SIM5
SIM1
SIM2
SIM3
SIM4
1
21
22
SIM5
SIM1
SIM2
SIM3
SIM4
1
21
22
SIM5
SIM1
SIM2
SIM3
SIM4
1
21
22
SIM5
SIM1
SIM2
SIM3
SIM4
1
21
22
SIM5
SIM1
SIM2
SIM3
SIM4
1
21
22
SIM5
SIM1
SIM2
SIM3
SIM4
1
21
22
SIM5
SIM1
SIM2
SIM3
SIM4
1
21
22
SIM5
SIM1
SIM2
SIM3
SIM4
1
21
22
SIM5
SIM1
SIM2
SIM3
SIM4
1
21
22
SIM5
SIM1
SIM2
SIM3
SIM4
1
21
22
SIM5
SIM1
SIM2
SIM3
SIM4
1
21
22
SIM5
SIM1
SIM2
SIM3
SIM4
1
21
22
SIM5
SIM1
SIM2
SIM3
SIM4
1
21
22
SIM5
SIM1
SIM2
SIM3
SIM4
1
21
22
SIM5
SIM1
SIM2
SIM3
SIM4
1
21
22
SIM5
SIM1
SIM2
SIM3
SIM4
1
21
22
SIM5
SIM1
SIM2
SIM3
SIM4
1
21
22
SIM5
SIM1
SIM2
SIM3
SIM4
1
21
22
SIM5
SIM1
SIM2
SIM3
SIM4
1
21
22
SIM5
SIM1
SIM2
SIM3
SIM4
1
21
22
SIM5
SIM1
SIM2
SIM3
SIM4
1
21
22
SIM5
SIM1
SIM2
SIM3
SIM4
1
21
22
SIM5
SIM1
SIM2
SIM3
SIM4
1
21
22
SIM5
SIM1
SIM2
SIM3
SIM4
1
21
22
SIM5
SIM1
SIM2
SIM3
SIM4
1
21
22
SIM5
SIM1
SIM2
SIM3
SIM4
1
21
22
SIM5
SIM1
SIM2
SIM3
SIM4
1
21
22
SIM5
SIM1
SIM2
SIM3
SIM4
1
21
22
SIM5
SIM1
SIM2
SIM3
SIM4
1
21
22
SIM5
SIM1
SIM2
SIM3
SIM4
1
21
22
SIM5
SIM1
SIM2
SIM3
SIM4
1
21
22
SIM5
SIM1
SIM2
SIM3
SIM4
1
21
22
SIM5
SIM1
SIM2
SIM3
SIM4
1
21
22
SIM5
SIM1
SIM2
SIM3
SIM4
1
21
22
SIM5
SIM1
SIM2
SIM3
SIM4
1
21
22
SIM5
SIM1
SIM2
SIM3
SIM4
1
21
22
SIM5
SIM1
SIM2
SIM3
SIM4
1
21
22
SIM5
SIM1
SIM2
SIM3
SIM4
1
21
22
SIM5
SIM1
SIM2
SIM3
SIM4
1
21
22
SIM5
SIM1
SIM2
SIM3
SIM4
1
21
22
SIM5
SIM1
SIM2
SIM3
SIM4
1
21
22
SIM5
SIM1
SIM2
SIM3
SIM4
1
21
22
SIM5
SIM1
SIM2
SIM3
SIM4
1
21
22
SIM5
SIM1
SIM2
SIM3
SIM4
1
21
22
SIM5
SIM1
SIM2
SIM3
SIM4
1
21
22
SIM5
SIM1
SIM2
SIM3
SIM4
1
21
22
SIM5
SIM1
SIM2
SIM3
SIM4
1
21
22
SIM5
SIM1
SIM2
SIM3
SIM4
1
21
22
SIM5
SIM1
SIM2
SIM3
SIM4
1
21
22
SIM5
SIM1
SIM2
SIM3
SIM4
1
21
22
SIM5
SIM1
SIM2
SIM3
SIM4
1
21
22
SIM5
SIM1
SIM2
SIM3
SIM4
1
21
22
SIM5
SIM1
SIM2
SIM3
SIM4
1
21
22
SIM5
SIM1
SIM2
SIM3
SIM4
1
21
22
SIM5
SIM1
SIM2
SIM3
SIM4
1
21
22
SIM5
SIM1
SIM2
SIM3
SIM4
1
21
22
SIM5
SIM1
SIM2
SIM3
SIM4
1
21
22
SIM5
SIM1
SIM2
SIM3
SIM4
1
21
22
SIM5
SIM1
SIM2
SIM3
SIM4
1
21
22
SIM5
SIM1
SIM2
SIM3
SIM4
1
21
22
SIM5
SIM1
SIM2
SIM3
SIM4
1
21
22
SIM5
SIM1
SIM2
SIM3
SIM4
1
21
22
SIM5
SIM1
SIM2
SIM3
SIM4
1
21
22
SIM5
SIM1
SIM2
SIM3
SIM4
1
21
22
SIM5
SIM1
SIM2
SIM3
SIM4
1
21
22
SIM5
SIM1
SIM2
SIM3
SIM4
1
21
22
SIM5
SIM1
SIM2
SIM3
SIM4
1
21
22
SIM5
SIM1
SIM2
SIM3
SIM4
1
21
22
SIM5
SIM1
SIM2
SIM3
SIM4
1
21
22
SIM5
SIM1
SIM2
SIM3
SIM4
1
21
22
SIM5
SIM1
SIM2
SIM3
SIM4
1
21
22
SIM5
SIM1
SIM2
SIM3
SIM4
1
21
22
SIM5
SIM1
SIM2
SIM3
SIM4
1
21
22
SIM5
SIM1
SIM2
SIM3
SIM4
1
21
22
SIM5
SIM1
SIM2
SIM3
SIM4
1
21
22
SIM5
SIM1
SIM2
SIM3
SIM4
1
21
22
SIM5
SIM1
SIM2
SIM3
SIM4
1
21
22
SIM5
SIM1
SIM2
SIM3
SIM4
1
21
22
SIM5
SIM1
SIM2
SIM3
SIM4
1
21
22
SIM5
SIM1
SIM2
SIM3
SIM4
1
21
22
SIM5
SIM1
SIM2
SIM3
SIM4
1
21
22
SIM5
SIM1
SIM2
SIM3
SIM4
1
21
22
SIM5
SIM1
SIM2
SIM3
SIM4
1
21
22
SIM5
SIM1
SIM2
SIM3
SIM4
1
21
22
SIM5
SIM1
SIM2
SIM3
SIM4
1
21
22
SIM5
SIM1
SIM2
SIM3
SIM4
1
21
22
SIM5
SIM1
SIM2
SIM3
SIM4
1
21
22
SIM5
SIM1
SIM2
SIM3
SIM4
1
21
22
SIM5
SIM1
SIM2
SIM3
SIM4
1
21
22
SIM5
SIM1
SIM2
SIM3
SIM4
1
21
22
SIM5
SIM1
SIM2
SIM3
SIM4
1
21
22
SIM5
SIM1
SIM2
SIM3
SIM4
1
21
22
SIM5
SIM1
SIM2
SIM3
SIM4
1
21
22
SIM5
SIM1
SIM2
SIM3
SIM4
1
21
22
SIM5
SIM1
SIM2
SIM3
SIM4
1
21
22
SIM5
SIM1
SIM2
SIM3
SIM4
1
21
22
SIM5
SIM1
SIM2
SIM3
SIM4
1
21
22
SIM5
SIM1
SIM2
SIM3
SIM4
1
21
22
SIM5
SIM1
SIM2
SIM3
SIM4
1
21
22
SIM5
SIM1
SIM2
SIM3
SIM4
1
21
22
SIM5
SIM1
SIM2
SIM3
SIM4
1
21
22
SIM5
SIM1
SIM2
SIM3
SIM4
1
21
22
SIM5
SIM1
SIM2
SIM3
SIM4
1
21
22
SIM5
SIM1
SIM2
SIM3
SIM4
1
21
22
SIM5
SIM1
SIM2
SIM3
SIM4
1
21
22
SIM5
SIM1
SIM2
SIM3
SIM4
1
21
22
SIM5
SIM1
SIM2
SIM3
SIM4
1
21
22
SIM5
SIM1
SIM2
SIM3
SIM4
1
21
22
SIM5
SIM1
SIM2
SIM3
SIM4
1
21
22
SIM5
SIM1
SIM2
SIM3
SIM4
1
21
22
SIM5
SIM1
SIM2
SIM3
SIM4
1
21
22
SIM5
SIM1
SIM2
SIM3
SIM4
1
21
22
SIM5
SIM1
SIM2
SIM3
SIM4
1
21
22
SIM5
SIM1
SIM2
SIM3
SIM4
1
21
22
SIM5
SIM1
SIM2
SIM3
SIM4
1
21
22
SIM5
SIM1
SIM2
SIM3
SIM4
1
21
22
SIM5
SIM1
SIM2
SIM3
SIM4
1
21
22
SIM5
SIM1
SIM2
SIM3
SIM4
1
21
22
SIM5
SIM1
SIM2
SIM3
SIM4
1
21
22
SIM5
SIM1
SIM2
SIM3
SIM4
1
21
22
SIM5
SIM1
SIM2
SIM3
SIM4
1
21
22
SIM5
SIM1
SIM2
SIM3
SIM4
1
21
22
SIM5
SIM1
SIM2
SIM3
SIM4
1
21
22
SIM5
SIM1
SIM2
SIM3
SIM4
1
21
22
SIM5
SIM1
SIM2
SIM3
SIM4
1
21
22
SIM5
SIM1
SIM2
SIM3
SIM4
1
21
22
SIM5
SIM1
SIM2
SIM3
SIM4
1
21
22
SIM5
SIM1
SIM2
SIM3
SIM4
1
21
22
SIM5
SIM1
SIM2
SIM3
SIM4
1
21
22
SIM5
SIM1
SIM2
SIM3
SIM4
1
21
22
SIM5
SIM1
SIM2
SIM3
SIM4
1
21
22
SIM5
SIM1
SIM2
SIM3
SIM4
1
21
22
SIM5
SIM1
SIM2
SIM3
SIM4
1
21
22
SIM5
SIM1
SIM2
SIM3
SIM4
1
21
22
SIM5
SIM1
SIM2
SIM3
SIM4
1
21
22
SIM5
SIM1
SIM2
SIM3
SIM4
1
21
22
SIM5
SIM1
SIM2
DEBUG 1 85
SIM1
SIM2
SIM3
SIM4
1
21
22
SIM5
SIM1
SIM2
SIM3
SIM4
1
21
22
SIM5
SIM1
SIM2
SIM3
SIM4
1
21
22
SIM5
SIM1
SIM2
SIM3
SIM4
1
21
22
SIM5
SIM1
SIM2
SIM3
SIM4
1
21
22
SIM5
SIM1
SIM2
SIM3
SIM4
1
21
22
SIM5
SIM1
SIM2
SIM3
SIM4
1
21
22
SIM5
SIM1
SIM2
SIM3
SIM4
1
21
22
SIM5
SIM1
SIM2
SIM3
SIM4
1
21
22
SIM5
SIM1
SIM2
SIM3
SIM4
1
21
22
SIM5
SIM1
SIM2
SIM3
SIM4
1
21
22
SIM5
SIM1
SIM2
SIM3
SIM4
1
21
22
SIM5
SIM1
SIM2
SIM3
SIM4
1
21
22
SIM5
SIM1
SIM2
SIM3
SIM4
1
21
22
SIM5
SIM1
SIM2
SIM3
SIM4
1
21
22
SIM5
SIM1
SIM2
SIM3
SIM4
1
21
22
SIM5
SIM1
SIM2
SIM3
SIM4
1
21
22
SIM5
SIM1
SIM2
SIM3
SIM4
1
21
22
SIM5
SIM1
SIM2
SIM3
SIM4
1
21
22
SIM5
SIM1
SIM2
SIM3
SIM4
1
21
22
SIM5
SIM1
SIM2
SIM3
SIM4
1
21
22
SIM5
SIM1
SIM2
SIM3
SIM4
1
21
22
SIM5
SIM1
SIM2
SIM3
SIM4
1
21
22
SIM5
SIM1
SIM2
SIM3
SIM4
1
21
22
SIM5
SIM1
SIM2
SIM3
SIM4
1
21
22
SIM5
SIM1
SIM2
SIM3
SIM4
1
21
22
SIM5
SIM1
SIM2
SIM3
SIM4
1
21
22
SIM5
SIM1
SIM2
SIM3
SIM4
1
21
22
SIM5
SIM1
SIM2
SIM3
SIM4
1
21
22
SIM5
SIM1
SIM2
SIM3
SIM4
1
21
22
SIM5
SIM1
SIM2
SIM3
SIM4
1
21
22
SIM5
SIM1
SIM2
SIM3
SIM4
1
21
22
SIM5
SIM1
SIM2
SIM3
SIM4
1
21
22
SIM5
SIM1
SIM2
SIM3
SIM4
1
21
22
SIM5
SIM1
SIM2
SIM3
SIM4
1
21
22
SIM5
SIM1
SIM2
SIM3
SIM4
1
21
22
SIM5
SIM1
SIM2
SIM3
SIM4
1
21
22
SIM5
SIM1
SIM2
SIM3
SIM4
1
21
22
SIM5
SIM1
SIM2
SIM3
SIM4
1
21
22
SIM5
SIM1
SIM2
SIM3
SIM4
1
21
22
SIM5
SIM1
SIM2
SIM3
SIM4
1
21
22
SIM5
SIM1
SIM2
SIM3
SIM4
1
21
22
SIM5
SIM1
SIM2
SIM3
SIM4
1
21
22
SIM5
SIM1
SIM2
SIM3
SIM4
1
21
22
SIM5
SIM1
SIM2
SIM3
SIM4
1
21
22
SIM5
SIM1
SIM2
SIM3
SIM4
1
21
22
SIM5
SIM1
SIM2
SIM3
SIM4
1
21
22
SIM5
SIM1
SIM2
SIM3
SIM4
1
21
22
SIM5
SIM1
SIM2
SIM3
SIM4
1
21
22
SIM5
SIM1
SIM2
SIM3
SIM4
1
21
22
SIM5
SIM1
SIM2
SIM3
SIM4
1
21
22
SIM5
SIM1
SIM2
SIM3
SIM4
1
21
22
SIM5
SIM1
SIM2
SIM3
SIM4
1
21
22
SIM5
SIM1
SIM2
SIM3
SIM4
1
21
22
SIM5
SIM1
SIM2
SIM3
SIM4
1
21
22
SIM5
SIM1
SIM2
SIM3
SIM4
1
21
22
SIM5
SIM1
SIM2
SIM3
SIM4
1
21
22
SIM5
SIM1
SIM2
SIM3
SIM4
1
21
22
SIM5
SIM1
SIM2
SIM3
SIM4
1
21
22
SIM5
SIM1
SIM2
SIM3
SIM4
1
21
22
SIM5
SIM1
SIM2
SIM3
SIM4
1
21
22
SIM5
SIM1
SIM2
SIM3
SIM4
1
21
22
SIM5
SIM1
SIM2
SIM3
SIM4
1
21
22
SIM5
SIM1
SIM2
SIM3
SIM4
1
21
22
SIM5
SIM1
SIM2
SIM3
SIM4
1
21
22
SIM5
SIM1
SIM2
SIM3
SIM4
1
21
22
SIM5
SIM1
SIM2
SIM3
SIM4
1
21
22
SIM5
SIM1
SIM2
SIM3
SIM4
1
21
22
SIM5
SIM1
SIM2
SIM3
SIM4
1
21
22
SIM5
SIM1
SIM2
SIM3
SIM4
1
21
22
SIM5
SIM1
SIM2
SIM3
SIM4
1
21
22
SIM5
SIM1
SIM2
SIM3
SIM4
1
21
22
SIM5
SIM1
SIM2
SIM3
SIM4
1
21
22
SIM5
SIM1
SIM2
SIM3
SIM4
1
21
22
SIM5
SIM1
SIM2
SIM3
SIM4
1
21
22
SIM5
SIM1
SIM2
SIM3
SIM4
1
21
22
SIM5
SIM1
SIM2
SIM3
SIM4
1
21
22
SIM5
SIM1
SIM2
SIM3
SIM4
1
21
22
SIM5
SIM1
SIM2
SIM3
SIM4
1
21
22
SIM5
SIM1
SIM2
SIM3
SIM4
1
21
22
SIM5
SIM1
SIM2
SIM3
SIM4
1
21
22
SIM5
SIM1
SIM2
SIM3
SIM4
1
21
22
SIM5
SIM1
SIM2
SIM3
SIM4
1
21
22
SIM5
SIM1
SIM2
SIM3
SIM4
1
21
22
SIM5
SIM1
SIM2
SIM3
SIM4
1
21
22
SIM5
SIM1
SIM2
SIM3
SIM4
1
21
22
SIM5
SIM1
SIM2
SIM3
SIM4
1
21
22
SIM5
SIM1
SIM2
SIM3
SIM4
1
21
22
SIM5
SIM1
SIM2
SIM3
SIM4
1
21
22
SIM5
SIM1
SIM2
SIM3
SIM4
1
21
22
SIM5
SIM1
SIM2
SIM3
SIM4
1
21
22
SIM5
SIM1
SIM2
SIM3
SIM4
1
21
22
SIM5
SIM1
SIM2
SIM3
SIM4
1
21
22
SIM5
SIM1
SIM2
SIM3
SIM4
1
21
22
SIM5
SIM1
SIM2
SIM3
SIM4
1
21
22
SIM5
SIM1
SIM2
SIM3
SIM4
1
21
22
SIM5
SIM1
SIM2
SIM3
SIM4
1
21
22
SIM5
SIM1
SIM2
SIM3
SIM4
1
21
22
SIM5
SIM1
SIM2
SIM3
SIM4
1
21
22
SIM5
SIM1
SIM2
SIM3
SIM4
1
21
22
SIM5
SIM1
SIM2
SIM3
SIM4
1
21
22
SIM5
SIM1
SIM2
SIM3
SIM4
1
21
22
SIM5
SIM1
SIM2
SIM3
SIM4
1
21
22
SIM5
SIM1
SIM2
SIM3
SIM4
1
21
22
SIM5
SIM1
SIM2
SIM3
SIM4
1
21
22
SIM5
SIM1
SIM2
SIM3
SIM4
1
21
22
SIM5
SIM1
SIM2
SIM3
SIM4
1
21
22
SIM5
SIM1
SIM2
SIM3
SIM4
1
21
22
SIM5
SIM1
SIM2
SIM3
SIM4
1
21
22
SIM5
SIM1
SIM2
SIM3
SIM4
1
21
22
SIM5
SIM1
SIM2
SIM3
SIM4
1
21
22
SIM5
SIM1
SIM2
SIM3
SIM4
1
21
22
SIM5
SIM1
SIM2
SIM3
SIM4
1
21
22
SIM5
SIM1
SIM2
SIM3
SIM4
1
21
22
SIM5
SIM1
SIM2
SIM3
SIM4
1
21
22
SIM5
SIM1
SIM2
SIM3
SIM4
1
21
22
SIM5
SIM1
SIM2
SIM3
SIM4
1
21
22
SIM5
SIM1
SIM2
SIM3
SIM4
1
21
22
SIM5
SIM1
SIM2
SIM3
SIM4
1
21
22
SIM5
SIM1
SIM2
SIM3
SIM4
1
21
22
SIM5
SIM1
SIM2
SIM3
SIM4
1
21
22
SIM5
SIM1
SIM2
SIM3
SIM4
1
21
22
SIM5
SIM1
SIM2
SIM3
SIM4
1
21
22
SIM5
SIM1
SIM2
SIM3
SIM4
1
21
22
SIM5
SIM1
SIM2
SIM3
SIM4
1
21
22
SIM5
SIM1
SIM2
SIM3
SIM4
1
21
22
SIM5
SIM1
SIM2
SIM3
SIM4
1
21
22
SIM5
SIM1
SIM2
SIM3
SIM4
1
21
22
SIM5
SIM1
SIM2
SIM3
SIM4
1
21
22
SIM5
SIM1
SIM2
SIM3
SIM4
1
21
22
SIM5
SIM1
SIM2
SIM3
SIM4
1
21
22
SIM5
SIM1
SIM2
SIM3
SIM4
1
21
22
SIM5
SIM1
SIM2
SIM3
SIM4
1
21
22
SIM5
SIM1
SIM2
SIM3
SIM4
1
21
22
SIM5
SIM1
SIM2
SIM3
SIM4
1
21
22
SIM5
SIM1
SIM2
SIM3
SIM4
1
21
22
SIM5
SIM1
SIM2
SIM3
SIM4
1
21
22
SIM5
SIM1
SIM2
SIM3
SIM4
1
21
22
SIM5
SIM1
SIM2
SIM3
SIM4
1
21
22
SIM5
SIM1
SIM2
SIM3
SIM4
1
21
22
SIM5
SIM1
SIM2
SIM3
SIM4
1
21
22
SIM5
SIM1
SIM2
SIM3
SIM4
1
21
22
SIM5
SIM1
SIM2
SIM3
SIM4
1
21
22
SIM5
SIM1
SIM2
SIM3
SIM4
1
21
22
SIM5
SIM1
SIM2
SIM3
SIM4
1
21
22
SIM5
SIM1
SIM2
DEBUG 1 86
SIM1
SIM2
SIM3
SIM4
1
21
22
SIM5
SIM1
SIM2
SIM3
SIM4
1
21
22
SIM5
SIM1
SIM2
SIM3
SIM4
1
21
22
SIM5
SIM1
SIM2
SIM3
SIM4
1
21
22
SIM5
SIM1
SIM2
SIM3
SIM4
1
21
22
SIM5
SIM1
SIM2
SIM3
SIM4
1
21
22
SIM5
SIM1
SIM2
SIM3
SIM4
1
21
22
SIM5
SIM1
SIM2
SIM3
SIM4
1
21
22
SIM5
SIM1
SIM2
SIM3
SIM4
1
21
22
SIM5
SIM1
SIM2
SIM3
SIM4
1
21
22
SIM5
SIM1
SIM2
SIM3
SIM4
1
21
22
SIM5
SIM1
SIM2
SIM3
SIM4
1
21
22
SIM5
SIM1
SIM2
SIM3
SIM4
1
21
22
SIM5
SIM1
SIM2
SIM3
SIM4
1
21
22
SIM5
SIM1
SIM2
SIM3
SIM4
1
21
22
SIM5
SIM1
SIM2
SIM3
SIM4
1
21
22
SIM5
SIM1
SIM2
SIM3
SIM4
1
21
22
SIM5
SIM1
SIM2
SIM3
SIM4
1
21
22
SIM5
SIM1
SIM2
SIM3
SIM4
1
21
22
SIM5
SIM1
SIM2
SIM3
SIM4
1
21
22
SIM5
SIM1
SIM2
SIM3
SIM4
1
21
22
SIM5
SIM1
SIM2
SIM3
SIM4
1
21
22
SIM5
SIM1
SIM2
SIM3
SIM4
1
21
22
SIM5
SIM1
SIM2
SIM3
SIM4
1
21
22
SIM5
SIM1
SIM2
SIM3
SIM4
1
21
22
SIM5
SIM1
SIM2
SIM3
SIM4
1
21
22
SIM5
SIM1
SIM2
SIM3
SIM4
1
21
22
SIM5
SIM1
SIM2
SIM3
SIM4
1
21
22
SIM5
SIM1
SIM2
SIM3
SIM4
1
21
22
SIM5
SIM1
SIM2
SIM3
SIM4
1
21
22
SIM5
SIM1
SIM2
SIM3
SIM4
1
21
22
SIM5
SIM1
SIM2
SIM3
SIM4
1
21
22
SIM5
SIM1
SIM2
SIM3
SIM4
1
21
22
SIM5
SIM1
SIM2
SIM3
SIM4
1
21
22
SIM5
SIM1
SIM2
SIM3
SIM4
1
21
22
SIM5
SIM1
SIM2
SIM3
SIM4
1
21
22
SIM5
SIM1
SIM2
SIM3
SIM4
1
21
22
SIM5
SIM1
SIM2
SIM3
SIM4
1
21
22
SIM5
SIM1
SIM2
SIM3
SIM4
1
21
22
SIM5
SIM1
SIM2
SIM3
SIM4
1
21
22
SIM5
SIM1
SIM2
SIM3
SIM4
1
21
22
SIM5
SIM1
SIM2
SIM3
SIM4
1
21
22
SIM5
SIM1
SIM2
SIM3
SIM4
1
21
22
SIM5
SIM1
SIM2
SIM3
SIM4
1
21
22
SIM5
SIM1
SIM2
SIM3
SIM4
1
21
22
SIM5
SIM1
SIM2
SIM3
SIM4
1
21
22
SIM5
SIM1
SIM2
SIM3
SIM4
1
21
22
SIM5
SIM1
SIM2
SIM3
SIM4
1
21
22
SIM5
SIM1
SIM2
SIM3
SIM4
1
21
22
SIM5
SIM1
SIM2
SIM3
SIM4
1
21
22
SIM5
SIM1
SIM2
SIM3
SIM4
1
21
22
SIM5
SIM1
SIM2
SIM3
SIM4
1
21
22
SIM5
SIM1
SIM2
SIM3
SIM4
1
21
22
SIM5
SIM1
SIM2
SIM3
SIM4
1
21
22
SIM5
SIM1
SIM2
SIM3
SIM4
1
21
22
SIM5
SIM1
SIM2
SIM3
SIM4
1
21
22
SIM5
SIM1
SIM2
SIM3
SIM4
1
21
22
SIM5
SIM1
SIM2
SIM3
SIM4
1
21
22
SIM5
SIM1
SIM2
SIM3
SIM4
1
21
22
SIM5
SIM1
SIM2
SIM3
SIM4
1
21
22
SIM5
SIM1
SIM2
SIM3
SIM4
1
21
22
SIM5
SIM1
SIM2
SIM3
SIM4
1
21
22
SIM5
SIM1
SIM2
SIM3
SIM4
1
21
22
SIM5
SIM1
SIM2
SIM3
SIM4
1
21
22
SIM5
SIM1
SIM2
SIM3
SIM4
1
21
22
SIM5
SIM1
SIM2
SIM3
SIM4
1
21
22
SIM5
SIM1
SIM2
SIM3
SIM4
1
21
22
SIM5
SIM1
SIM2
SIM3
SIM4
1
21
22
SIM5
SIM1
SIM2
SIM3
SIM4
1
21
22
SIM5
SIM1
SIM2
SIM3
SIM4
1
21
22
SIM5
SIM1
SIM2
SIM3
SIM4
1
21
22
SIM5
SIM1
SIM2
SIM3
SIM4
1
21
22
SIM5
SIM1
SIM2
SIM3
SIM4
1
21
22
SIM5
SIM1
SIM2
SIM3
SIM4
1
21
22
SIM5
SIM1
SIM2
SIM3
SIM4
1
21
22
SIM5
SIM1
SIM2
SIM3
SIM4
1
21
22
SIM5
SIM1
SIM2
SIM3
SIM4
1
21
22
SIM5
SIM1
SIM2
SIM3
SIM4
1
21
22
SIM5
SIM1
SIM2
SIM3
SIM4
1
21
22
SIM5
SIM1
SIM2
SIM3
SIM4
1
21
22
SIM5
SIM1
SIM2
SIM3
SIM4
1
21
22
SIM5
SIM1
SIM2
SIM3
SIM4
1
21
22
SIM5
SIM1
SIM2
SIM3
SIM4
1
21
22
SIM5
SIM1
SIM2
SIM3
SIM4
1
21
22
SIM5
SIM1
SIM2
SIM3
SIM4
1
21
22
SIM5
SIM1
SIM2
SIM3
SIM4
1
21
22
SIM5
SIM1
SIM2
SIM3
SIM4
1
21
22
SIM5
SIM1
SIM2
SIM3
SIM4
1
21
22
SIM5
SIM1
SIM2
SIM3
SIM4
1
21
22
SIM5
SIM1
SIM2
SIM3
SIM4
1
21
22
SIM5
SIM1
SIM2
SIM3
SIM4
1
21
22
SIM5
SIM1
SIM2
SIM3
SIM4
1
21
22
SIM5
SIM1
SIM2
SIM3
SIM4
1
21
22
SIM5
SIM1
SIM2
SIM3
SIM4
1
21
22
SIM5
SIM1
SIM2
SIM3
SIM4
1
21
22
SIM5
SIM1
SIM2
SIM3
SIM4
1
21
22
SIM5
SIM1
SIM2
SIM3
SIM4
1
21
22
SIM5
SIM1
SIM2
SIM3
SIM4
1
21
22
SIM5
SIM1
SIM2
SIM3
SIM4
1
21
22
SIM5
SIM1
SIM2
SIM3
SIM4
1
21
22
SIM5
SIM1
SIM2
SIM3
SIM4
1
21
22
SIM5
SIM1
SIM2
SIM3
SIM4
1
21
22
SIM5
SIM1
SIM2
SIM3
SIM4
1
21
22
SIM5
SIM1
SIM2
SIM3
SIM4
1
21
22
SIM5
SIM1
SIM2
SIM3
SIM4
1
21
22
SIM5
SIM1
SIM2
SIM3
SIM4
1
21
22
SIM5
SIM1
SIM2
SIM3
SIM4
1
21
22
SIM5
SIM1
SIM2
SIM3
SIM4
1
21
22
SIM5
SIM1
SIM2
SIM3
SIM4
1
21
22
SIM5
SIM1
SIM2
SIM3
SIM4
1
21
22
SIM5
SIM1
SIM2
SIM3
SIM4
1
21
22
SIM5
SIM1
SIM2
SIM3
SIM4
1
21
22
SIM5
SIM1
SIM2
SIM3
SIM4
1
21
22
SIM5
SIM1
SIM2
SIM3
SIM4
1
21
22
SIM5
SIM1
SIM2
SIM3
SIM4
1
21
22
SIM5
SIM1
SIM2
SIM3
SIM4
1
21
22
SIM5
SIM1
SIM2
SIM3
SIM4
1
21
22
SIM5
SIM1
SIM2
SIM3
SIM4
1
21
22
SIM5
SIM1
SIM2
SIM3
SIM4
1
21
22
SIM5
SIM1
SIM2
SIM3
SIM4
1
21
22
SIM5
SIM1
SIM2
SIM3
SIM4
1
21
22
SIM5
SIM1
SIM2
SIM3
SIM4
1
21
22
SIM5
SIM1
SIM2
SIM3
SIM4
1
21
22
SIM5
SIM1
SIM2
SIM3
SIM4
1
21
22
SIM5
SIM1
SIM2
SIM3
SIM4
1
21
22
SIM5
SIM1
SIM2
SIM3
SIM4
1
21
22
SIM5
SIM1
SIM2
SIM3
SIM4
1
21
22
SIM5
SIM1
SIM2
SIM3
SIM4
1
21
22
SIM5
SIM1
SIM2
SIM3
SIM4
1
21
22
SIM5
SIM1
SIM2
SIM3
SIM4
1
21
22
SIM5
SIM1
SIM2
SIM3
SIM4
1
21
22
SIM5
SIM1
SIM2
SIM3
SIM4
1
21
22
SIM5
SIM1
SIM2
SIM3
SIM4
1
21
22
SIM5
SIM1
SIM2
SIM3
SIM4
1
21
22
SIM5
SIM1
SIM2
SIM3
SIM4
1
21
22
SIM5
SIM1
SIM2
SIM3
SIM4
1
21
22
SIM5
SIM1
SIM2
SIM3
SIM4
1
21
22
SIM5
SIM1
SIM2
SIM3
SIM4
1
21
22
SIM5
SIM1
SIM2
SIM3
SIM4
1
21
22
SIM5
SIM1
SIM2
SIM3
SIM4
1
21
22
SIM5
SIM1
SIM2
SIM3
SIM4
1
21
22
SIM5
SIM1
SIM2
SIM3
SIM4
1
21
22
SIM5
SIM1
SIM2
SIM3
SIM4
1
21
22
SIM5
SIM1
SIM2
SIM3
SIM4
1
21
22
SIM5
SIM1
SIM2
SIM3
SIM4
1
21
22
SIM5
SIM1
SIM2
SIM3
SIM4
1
21
22
SIM5
SIM1
SIM2
SIM3
SIM4
1
21
22
SIM5
SIM1
SIM2
SIM3
SIM4
1
21
22
SIM5
SIM1
SIM2
SIM3
SIM4
1
21
22
SIM5
SIM1
SIM2
SIM3
SIM4
1
21
22
SIM5
SIM1
SIM2
SIM3
SIM4
1
21
22
SIM5
SIM1
SIM2
SIM3
SIM4
1
21
22
SIM5
SIM1
SIM2
SIM3
SIM4
1
21
22
SIM5
SIM1
SIM2
SIM3
SIM4
1
21
22
SIM5
SIM1
SIM2
SIM3
SIM4
1
21
22
SIM5
SIM1
SIM2
SIM3
SIM4
1
21
22
SIM5
SIM1
SIM2
SIM3
SIM4
1
21
22
SIM5
SIM1
SIM2
SIM3
SIM4
1
21
22
SIM5
SIM1
SIM2
SIM3
SIM4
1
21
22
SIM5
SIM1
SIM2
SIM3
SIM4
1
21
22
SIM5
SIM1
SIM2
SIM3
SIM4
1
21
22
SIM5
SIM1
SIM2
SIM3
SIM4
1
21
22
SIM5
SIM1
SIM2
SIM3
SIM4
1
21
22
SIM5
SIM1
SIM2
SIM3
SIM4
1
21
22
SIM5
SIM1
SIM2
SIM3
SIM4
1
21
22
SIM5
SIM1
SIM2
SIM3
SIM4
1
21
22
SIM5
SIM1
SIM2
SIM3
SIM4
1
21
22
SIM5
SIM1
SIM2
SIM3
SIM4
1
21
22
SIM5
SIM1
SIM2
SIM3
SIM4
1
21
22
SIM5
SIM1
SIM2
SIM3
SIM4
1
21
22
SIM5
SIM1
SIM2
SIM3
SIM4
1
21
22
SIM5
SIM1
SIM2
SIM3
SIM4
1
21
22
SIM5
SIM1
SIM2
SIM3
SIM4
1
21
22
SIM5
SIM1
SIM2
SIM3
SIM4
1
21
22
SIM5
SIM1
SIM2
SIM3
SIM4
1
21
22
SIM5
SIM1
SIM2
SIM3
SIM4
1
21
22
SIM5
SIM1
SIM2
SIM3
SIM4
1
21
22
SIM5
SIM1
SIM2
SIM3
SIM4
1
21
22
SIM5
SIM1
SIM2
SIM3
SIM4
1
21
22
SIM5
SIM1
SIM2
SIM3
SIM4
1
21
22
SIM5
SIM1
SIM2
SIM3
SIM4
1
21
22
SIM5
SIM1
SIM2
SIM3
SIM4
1
21
22
SIM5
SIM1
SIM2
SIM3
SIM4
1
21
22
SIM5
SIM1
SIM2
SIM3
SIM4
1
21
22
SIM5
SIM1
SIM2
SIM3
SIM4
1
21
22
SIM5
SIM1
SIM2
SIM3
SIM4
1
21
22
SIM5
SIM1
SIM2
SIM3
SIM4
1
21
22
SIM5
SIM1
SIM2
SIM3
SIM4
1
21
22
SIM5
SIM1
SIM2
SIM3
SIM4
1
21
22
SIM5
SIM1
SIM2
SIM3
SIM4
1
21
22
SIM5
SIM1
SIM2
SIM3
SIM4
1
21
22
SIM5
SIM1
SIM2
SIM3
SIM4
1
21
22
SIM5
SIM1
SIM2
SIM3
SIM4
1
21
22
SIM5
SIM1
SIM2
SIM3
SIM4
1
21
22
SIM5
SIM1
SIM2
SIM3
SIM4
1
21
22
SIM5
SIM1
SIM2
SIM3
SIM4
1
21
22
SIM5
SIM1
SIM2
SIM3
SIM4
1
21
22
SIM5
SIM1
SIM2
SIM3
SIM4
1
21
22
SIM5
SIM1
SIM2
SIM3
SIM4
1
21
22
SIM5
SIM1
SIM2
SIM3
SIM4
1
21
22
SIM5
SIM1
SIM2
SIM3
SIM4
1
21
22
SIM5
SIM1
SIM2
SIM3
SIM4
1
21
22
SIM5
SIM1
SIM2
SIM3
SIM4
1
21
22
SIM5
SIM1
SIM2
SIM3
SIM4
1
21
22
SIM5
SIM1
SIM2
SIM3
SIM4
1
21
22
SIM5
SIM1
SIM2
SIM3
SIM4
1
21
22
SIM5
SIM1
SIM2
SIM3
SIM4
1
21
22
SIM5
SIM1
SIM2
SIM3
SIM4
1
21
22
SIM5
SIM1
SIM2
SIM3
SIM4
1
21
22
SIM5
SIM1
SIM2
SIM3
SIM4
1
21
22
SIM5
SIM1
SIM2
SIM3
SIM4
1
21
22
SIM5
SIM1
SIM2
SIM3
SIM4
1
21
22
SIM5
SIM1
SIM2
SIM3
SIM4
1
21
22
SIM5
SIM1
SIM2
SIM3
SIM4
1
21
22
SIM5
SIM1
SIM2
SIM3
SIM4
1
21
22
SIM5
SIM1
SIM2
SIM3
SIM4
1
21
22
SIM5
SIM1
SIM2
DEBUG 1 87
SIM1
SIM2
SIM3
SIM4
1
21
22
SIM5
SIM1
SIM2
SIM3
SIM4
1
21
22
SIM5
SIM1
SIM2
SIM3
SIM4
1
21
22
SIM5
SIM1
SIM2
SIM3
SIM4
1
21
22
SIM5
SIM1
SIM2
SIM3
SIM4
1
21
22
SIM5
SIM1
SIM2
SIM3
SIM4
1
21
22
SIM5
SIM1
SIM2
SIM3
SIM4
1
21
22
SIM5
SIM1
SIM2
SIM3
SIM4
1
21
22
SIM5
SIM1
SIM2
SIM3
SIM4
1
21
22
SIM5
SIM1
SIM2
SIM3
SIM4
1
21
22
SIM5
SIM1
SIM2
SIM3
SIM4
1
21
22
SIM5
SIM1
SIM2
SIM3
SIM4
1
21
22
SIM5
SIM1
SIM2
SIM3
SIM4
1
21
22
SIM5
SIM1
SIM2
SIM3
SIM4
1
21
22
SIM5
SIM1
SIM2
SIM3
SIM4
1
21
22
SIM5
SIM1
SIM2
SIM3
SIM4
1
21
22
SIM5
SIM1
SIM2
SIM3
SIM4
1
21
22
SIM5
SIM1
SIM2
SIM3
SIM4
1
21
22
SIM5
SIM1
SIM2
SIM3
SIM4
1
21
22
SIM5
SIM1
SIM2
SIM3
SIM4
1
21
22
SIM5
SIM1
SIM2
SIM3
SIM4
1
21
22
SIM5
SIM1
SIM2
SIM3
SIM4
1
21
22
SIM5
SIM1
SIM2
SIM3
SIM4
1
21
22
SIM5
SIM1
SIM2
SIM3
SIM4
1
21
22
SIM5
SIM1
SIM2
SIM3
SIM4
1
21
22
SIM5
SIM1
SIM2
SIM3
SIM4
1
21
22
SIM5
SIM1
SIM2
SIM3
SIM4
1
21
22
SIM5
SIM1
SIM2
SIM3
SIM4
1
21
22
SIM5
SIM1
SIM2
SIM3
SIM4
1
21
22
SIM5
SIM1
SIM2
SIM3
SIM4
1
21
22
SIM5
SIM1
SIM2
SIM3
SIM4
1
21
22
SIM5
SIM1
SIM2
SIM3
SIM4
1
21
22
SIM5
SIM1
SIM2
SIM3
SIM4
1
21
22
SIM5
SIM1
SIM2
SIM3
SIM4
1
21
22
SIM5
SIM1
SIM2
SIM3
SIM4
1
21
22
SIM5
SIM1
SIM2
SIM3
SIM4
1
21
22
SIM5
SIM1
SIM2
SIM3
SIM4
1
21
22
SIM5
SIM1
SIM2
SIM3
SIM4
1
21
22
SIM5
SIM1
SIM2
SIM3
SIM4
1
21
22
SIM5
SIM1
SIM2
SIM3
SIM4
1
21
22
SIM5
SIM1
SIM2
SIM3
SIM4
1
21
22
SIM5
SIM1
SIM2
SIM3
SIM4
1
21
22
SIM5
SIM1
SIM2
SIM3
SIM4
1
21
22
SIM5
SIM1
SIM2
SIM3
SIM4
1
21
22
SIM5
SIM1
SIM2
SIM3
SIM4
1
21
22
SIM5
SIM1
SIM2
SIM3
SIM4
1
21
22
SIM5
SIM1
SIM2
SIM3
SIM4
1
21
22
SIM5
SIM1
SIM2
SIM3
SIM4
1
21
22
SIM5
SIM1
SIM2
SIM3
SIM4
1
21
22
SIM5
SIM1
SIM2
SIM3
SIM4
1
21
22
SIM5
SIM1
SIM2
SIM3
SIM4
1
21
22
SIM5
SIM1
SIM2
SIM3
SIM4
1
21
22
SIM5
SIM1
SIM2
SIM3
SIM4
1
21
22
SIM5
SIM1
SIM2
SIM3
SIM4
1
21
22
SIM5
SIM1
SIM2
SIM3
SIM4
1
21
22
SIM5
SIM1
SIM2
SIM3
SIM4
1
21
22
SIM5
SIM1
SIM2
SIM3
SIM4
1
21
22
SIM5
SIM1
SIM2
SIM3
SIM4
1
21
22
SIM5
SIM1
SIM2
SIM3
SIM4
1
21
22
SIM5
SIM1
SIM2
SIM3
SIM4
1
21
22
SIM5
SIM1
SIM2
SIM3
SIM4
1
21
22
SIM5
SIM1
SIM2
SIM3
SIM4
1
21
22
SIM5
SIM1
SIM2
SIM3
SIM4
1
21
22
SIM5
SIM1
SIM2
SIM3
SIM4
1
21
22
SIM5
SIM1
SIM2
SIM3
SIM4
1
21
22
SIM5
SIM1
SIM2
SIM3
SIM4
1
21
22
SIM5
SIM1
SIM2
SIM3
SIM4
1
21
22
SIM5
SIM1
SIM2
SIM3
SIM4
1
21
22
SIM5
SIM1
SIM2
SIM3
SIM4
1
21
22
SIM5
SIM1
SIM2
SIM3
SIM4
1
21
22
SIM5
SIM1
SIM2
SIM3
SIM4
1
21
22
SIM5
SIM1
SIM2
SIM3
SIM4
1
21
22
SIM5
SIM1
SIM2
SIM3
SIM4
1
21
22
SIM5
SIM1
SIM2
SIM3
SIM4
1
21
22
SIM5
SIM1
SIM2
SIM3
SIM4
1
21
22
SIM5
SIM1
SIM2
SIM3
SIM4
1
21
22
SIM5
SIM1
SIM2
SIM3
SIM4
1
21
22
SIM5
SIM1
SIM2
SIM3
SIM4
1
21
22
SIM5
SIM1
SIM2
SIM3
SIM4
1
21
22
SIM5
SIM1
SIM2
SIM3
SIM4
1
21
22
SIM5
SIM1
SIM2
SIM3
SIM4
1
21
22
SIM5
SIM1
SIM2
SIM3
SIM4
1
21
22
SIM5
SIM1
SIM2
SIM3
SIM4
1
21
22
SIM5
SIM1
SIM2
SIM3
SIM4
1
21
22
SIM5
SIM1
SIM2
SIM3
SIM4
1
21
22
SIM5
SIM1
SIM2
SIM3
SIM4
1
21
22
SIM5
SIM1
SIM2
SIM3
SIM4
1
21
22
SIM5
SIM1
SIM2
SIM3
SIM4
1
21
22
SIM5
SIM1
SIM2
SIM3
SIM4
1
21
22
SIM5
SIM1
SIM2
SIM3
SIM4
1
21
22
SIM5
SIM1
SIM2
SIM3
SIM4
1
21
22
SIM5
SIM1
SIM2
SIM3
SIM4
1
21
22
SIM5
SIM1
SIM2
SIM3
SIM4
1
21
22
SIM5
SIM1
SIM2
SIM3
SIM4
1
21
22
SIM5
SIM1
SIM2
SIM3
SIM4
1
21
22
SIM5
SIM1
SIM2
SIM3
SIM4
1
21
22
SIM5
SIM1
SIM2
SIM3
SIM4
1
21
22
SIM5
SIM1
SIM2
SIM3
SIM4
1
21
22
SIM5
SIM1
SIM2
SIM3
SIM4
1
21
22
SIM5
SIM1
SIM2
SIM3
SIM4
1
21
22
SIM5
SIM1
SIM2
SIM3
SIM4
1
21
22
SIM5
SIM1
SIM2
SIM3
SIM4
1
21
22
SIM5
SIM1
SIM2
SIM3
SIM4
1
21
22
SIM5
SIM1
SIM2
SIM3
SIM4
1
21
22
SIM5
SIM1
SIM2
SIM3
SIM4
1
21
22
SIM5
SIM1
SIM2
SIM3
SIM4
1
21
22
SIM5
SIM1
SIM2
SIM3
SIM4
1
21
22
SIM5
SIM1
SIM2
SIM3
SIM4
1
21
22
SIM5
SIM1
SIM2
SIM3
SIM4
1
21
22
SIM5
SIM1
SIM2
SIM3
SIM4
1
21
22
SIM5
SIM1
SIM2
SIM3
SIM4
1
21
22
SIM5
SIM1
SIM2
SIM3
SIM4
1
21
22
SIM5
SIM1
SIM2
SIM3
SIM4
1
21
22
SIM5
SIM1
SIM2
SIM3
SIM4
1
21
22
SIM5
SIM1
SIM2
SIM3
SIM4
1
21
22
SIM5
SIM1
SIM2
SIM3
SIM4
1
21
22
SIM5
SIM1
SIM2
SIM3
SIM4
1
21
22
SIM5
SIM1
SIM2
SIM3
SIM4
1
21
22
SIM5
SIM1
SIM2
SIM3
SIM4
1
21
22
SIM5
SIM1
SIM2
SIM3
SIM4
1
21
22
SIM5
SIM1
SIM2
SIM3
SIM4
1
21
22
SIM5
SIM1
SIM2
SIM3
SIM4
1
21
22
SIM5
SIM1
SIM2
SIM3
SIM4
1
21
22
SIM5
SIM1
SIM2
SIM3
SIM4
1
21
22
SIM5
SIM1
SIM2
SIM3
SIM4
1
21
22
SIM5
SIM1
SIM2
SIM3
SIM4
1
21
22
SIM5
SIM1
SIM2
SIM3
SIM4
1
21
22
SIM5
SIM1
SIM2
SIM3
SIM4
1
21
22
SIM5
SIM1
SIM2
SIM3
SIM4
1
21
22
SIM5
SIM1
SIM2
SIM3
SIM4
1
21
22
SIM5
SIM1
SIM2
SIM3
SIM4
1
21
22
SIM5
SIM1
SIM2
SIM3
SIM4
1
21
22
SIM5
SIM1
SIM2
SIM3
SIM4
1
21
22
SIM5
SIM1
SIM2
SIM3
SIM4
1
21
22
SIM5
SIM1
SIM2
SIM3
SIM4
1
21
22
SIM5
SIM1
SIM2
SIM3
SIM4
1
21
22
SIM5
SIM1
SIM2
SIM3
SIM4
1
21
22
SIM5
SIM1
SIM2
SIM3
SIM4
1
21
22
SIM5
SIM1
SIM2
SIM3
SIM4
1
21
22
SIM5
SIM1
SIM2
SIM3
SIM4
1
21
22
SIM5
SIM1
SIM2
SIM3
SIM4
1
21
22
SIM5
SIM1
SIM2
SIM3
SIM4
1
21
22
SIM5
SIM1
SIM2
SIM3
SIM4
1
21
22
SIM5
SIM1
SIM2
SIM3
SIM4
1
21
22
SIM5
SIM1
SIM2
SIM3
SIM4
1
21
22
SIM5
SIM1
SIM2
SIM3
SIM4
1
21
22
SIM5
SIM1
SIM2
SIM3
SIM4
1
21
22
SIM5
SIM1
SIM2
SIM3
SIM4
1
21
22
SIM5
SIM1
SIM2
SIM3
SIM4
1
21
22
SIM5
SIM1
SIM2
SIM3
SIM4
1
21
22
SIM5
SIM1
SIM2
SIM3
SIM4
1
21
22
SIM5
SIM1
SIM2
SIM3
SIM4
1
21
22
SIM5
SIM1
SIM2
SIM3
SIM4
1
21
22
SIM5
SIM1
SIM2
SIM3
SIM4
1
21
22
SIM5
SIM1
SIM2
SIM3
SIM4
1
21
22
SIM5
SIM1
SIM2
SIM3
SIM4
1
21
22
SIM5
SIM1
SIM2
SIM3
SIM4
1
21
22
SIM5
SIM1
SIM2
SIM3
SIM4
1
21
22
SIM5
SIM1
SIM2
SIM3
SIM4
1
21
22
SIM5
SIM1
SIM2
SIM3
SIM4
1
21
22
SIM5
SIM1
SIM2
SIM3
SIM4
1
21
22
SIM5
SIM1
SIM2
SIM3
SIM4
1
21
22
SIM5
SIM1
SIM2
SIM3
SIM4
1
21
22
SIM5
SIM1
SIM2
SIM3
SIM4
1
21
22
SIM5
SIM1
SIM2
DEBUG 1 88
SIM1
SIM2
SIM3
SIM4
1
21
22
SIM5
SIM1
SIM2
SIM3
SIM4
1
21
22
SIM5
SIM1
SIM2
SIM3
SIM4
1
21
22
SIM5
SIM1
SIM2
SIM3
SIM4
1
21
22
SIM5
SIM1
SIM2
SIM3
SIM4
1
21
22
SIM5
SIM1
SIM2
SIM3
SIM4
1
21
22
SIM5
SIM1
SIM2
SIM3
SIM4
1
21
22
SIM5
SIM1
SIM2
SIM3
SIM4
1
21
22
SIM5
SIM1
SIM2
SIM3
SIM4
1
21
22
SIM5
SIM1
SIM2
SIM3
SIM4
1
21
22
SIM5
SIM1
SIM2
SIM3
SIM4
1
21
22
SIM5
SIM1
SIM2
SIM3
SIM4
1
21
22
SIM5
SIM1
SIM2
SIM3
SIM4
1
21
22
SIM5
SIM1
SIM2
SIM3
SIM4
1
21
22
SIM5
SIM1
SIM2
SIM3
SIM4
1
21
22
SIM5
SIM1
SIM2
SIM3
SIM4
1
21
22
SIM5
SIM1
SIM2
SIM3
SIM4
1
21
22
SIM5
SIM1
SIM2
SIM3
SIM4
1
21
22
SIM5
SIM1
SIM2
SIM3
SIM4
1
21
22
SIM5
SIM1
SIM2
SIM3
SIM4
1
21
22
SIM5
SIM1
SIM2
SIM3
SIM4
1
21
22
SIM5
SIM1
SIM2
SIM3
SIM4
1
21
22
SIM5
SIM1
SIM2
SIM3
SIM4
1
21
22
SIM5
SIM1
SIM2
SIM3
SIM4
1
21
22
SIM5
SIM1
SIM2
SIM3
SIM4
1
21
22
SIM5
SIM1
SIM2
SIM3
SIM4
1
21
22
SIM5
SIM1
SIM2
SIM3
SIM4
1
21
22
SIM5
SIM1
SIM2
SIM3
SIM4
1
21
22
SIM5
SIM1
SIM2
SIM3
SIM4
1
21
22
SIM5
SIM1
SIM2
SIM3
SIM4
1
21
22
SIM5
SIM1
SIM2
SIM3
SIM4
1
21
22
SIM5
SIM1
SIM2
SIM3
SIM4
1
21
22
SIM5
SIM1
SIM2
SIM3
SIM4
1
21
22
SIM5
SIM1
SIM2
SIM3
SIM4
1
21
22
SIM5
SIM1
SIM2
SIM3
SIM4
1
21
22
SIM5
SIM1
SIM2
SIM3
SIM4
1
21
22
SIM5
SIM1
SIM2
SIM3
SIM4
1
21
22
SIM5
SIM1
SIM2
SIM3
SIM4
1
21
22
SIM5
SIM1
SIM2
SIM3
SIM4
1
21
22
SIM5
SIM1
SIM2
SIM3
SIM4
1
21
22
SIM5
SIM1
SIM2
SIM3
SIM4
1
21
22
SIM5
SIM1
SIM2
SIM3
SIM4
1
21
22
SIM5
SIM1
SIM2
SIM3
SIM4
1
21
22
SIM5
SIM1
SIM2
SIM3
SIM4
1
21
22
SIM5
SIM1
SIM2
SIM3
SIM4
1
21
22
SIM5
SIM1
SIM2
SIM3
SIM4
1
21
22
SIM5
SIM1
SIM2
SIM3
SIM4
1
21
22
SIM5
SIM1
SIM2
SIM3
SIM4
1
21
22
SIM5
SIM1
SIM2
SIM3
SIM4
1
21
22
SIM5
SIM1
SIM2
SIM3
SIM4
1
21
22
SIM5
SIM1
SIM2
SIM3
SIM4
1
21
22
SIM5
SIM1
SIM2
SIM3
SIM4
1
21
22
SIM5
SIM1
SIM2
SIM3
SIM4
1
21
22
SIM5
SIM1
SIM2
SIM3
SIM4
1
21
22
SIM5
SIM1
SIM2
SIM3
SIM4
1
21
22
SIM5
SIM1
SIM2
SIM3
SIM4
1
21
22
SIM5
SIM1
SIM2
SIM3
SIM4
1
21
22
SIM5
SIM1
SIM2
SIM3
SIM4
1
21
22
SIM5
SIM1
SIM2
SIM3
SIM4
1
21
22
SIM5
SIM1
SIM2
SIM3
SIM4
1
21
22
SIM5
SIM1
SIM2
SIM3
SIM4
1
21
22
SIM5
SIM1
SIM2
SIM3
SIM4
1
21
22
SIM5
SIM1
SIM2
SIM3
SIM4
1
21
22
SIM5
SIM1
SIM2
SIM3
SIM4
1
21
22
SIM5
SIM1
SIM2
SIM3
SIM4
1
21
22
SIM5
SIM1
SIM2
SIM3
SIM4
1
21
22
SIM5
SIM1
SIM2
SIM3
SIM4
1
21
22
SIM5
SIM1
SIM2
SIM3
SIM4
1
21
22
SIM5
SIM1
SIM2
SIM3
SIM4
1
21
22
SIM5
SIM1
SIM2
SIM3
SIM4
1
21
22
SIM5
SIM1
SIM2
SIM3
SIM4
1
21
22
SIM5
SIM1
SIM2
SIM3
SIM4
1
21
22
SIM5
SIM1
SIM2
SIM3
SIM4
1
21
22
SIM5
SIM1
SIM2
SIM3
SIM4
1
21
22
SIM5
SIM1
SIM2
SIM3
SIM4
1
21
22
SIM5
SIM1
SIM2
SIM3
SIM4
1
21
22
SIM5
SIM1
SIM2
SIM3
SIM4
1
21
22
SIM5
SIM1
SIM2
SIM3
SIM4
1
21
22
SIM5
SIM1
SIM2
SIM3
SIM4
1
21
22
SIM5
SIM1
SIM2
SIM3
SIM4
1
21
22
SIM5
SIM1
SIM2
SIM3
SIM4
1
21
22
SIM5
SIM1
SIM2
SIM3
SIM4
1
21
22
SIM5
SIM1
SIM2
SIM3
SIM4
1
21
22
SIM5
SIM1
SIM2
SIM3
SIM4
1
21
22
SIM5
SIM1
SIM2
SIM3
SIM4
1
21
22
SIM5
SIM1
SIM2
SIM3
SIM4
1
21
22
SIM5
SIM1
SIM2
SIM3
SIM4
1
21
22
SIM5
SIM1
SIM2
SIM3
SIM4
1
21
22
SIM5
SIM1
SIM2
SIM3
SIM4
1
21
22
SIM5
SIM1
SIM2
SIM3
SIM4
1
21
22
SIM5
SIM1
SIM2
SIM3
SIM4
1
21
22
SIM5
SIM1
SIM2
SIM3
SIM4
1
21
22
SIM5
SIM1
SIM2
SIM3
SIM4
1
21
22
SIM5
SIM1
SIM2
SIM3
SIM4
1
21
22
SIM5
SIM1
SIM2
SIM3
SIM4
1
21
22
SIM5
SIM1
SIM2
SIM3
SIM4
1
21
22
SIM5
SIM1
SIM2
SIM3
SIM4
1
21
22
SIM5
SIM1
SIM2
SIM3
SIM4
1
21
22
SIM5
SIM1
SIM2
SIM3
SIM4
1
21
22
SIM5
SIM1
SIM2
SIM3
SIM4
1
21
22
SIM5
SIM1
SIM2
SIM3
SIM4
1
21
22
SIM5
SIM1
SIM2
SIM3
SIM4
1
21
22
SIM5
SIM1
SIM2
SIM3
SIM4
1
21
22
SIM5
SIM1
SIM2
SIM3
SIM4
1
21
22
SIM5
SIM1
SIM2
SIM3
SIM4
1
21
22
SIM5
SIM1
SIM2
SIM3
SIM4
1
21
22
SIM5
SIM1
SIM2
SIM3
SIM4
1
21
22
SIM5
SIM1
SIM2
SIM3
SIM4
1
21
22
SIM5
SIM1
SIM2
SIM3
SIM4
1
21
22
SIM5
SIM1
SIM2
SIM3
SIM4
1
21
22
SIM5
SIM1
SIM2
SIM3
SIM4
1
21
22
SIM5
SIM1
SIM2
SIM3
SIM4
1
21
22
SIM5
SIM1
SIM2
SIM3
SIM4
1
21
22
SIM5
SIM1
SIM2
SIM3
SIM4
1
21
22
SIM5
SIM1
SIM2
SIM3
SIM4
1
21
22
SIM5
SIM1
SIM2
SIM3
SIM4
1
21
22
SIM5
SIM1
SIM2
SIM3
SIM4
1
21
22
SIM5
SIM1
SIM2
SIM3
SIM4
1
21
22
SIM5
SIM1
SIM2
SIM3
SIM4
1
21
22
SIM5
SIM1
SIM2
SIM3
SIM4
1
21
22
SIM5
SIM1
SIM2
SIM3
SIM4
1
21
22
SIM5
SIM1
SIM2
SIM3
SIM4
1
21
22
SIM5
SIM1
SIM2
SIM3
SIM4
1
21
22
SIM5
SIM1
SIM2
SIM3
SIM4
1
21
22
SIM5
SIM1
SIM2
SIM3
SIM4
1
21
22
SIM5
SIM1
SIM2
SIM3
SIM4
1
21
22
SIM5
SIM1
SIM2
SIM3
SIM4
1
21
22
SIM5
SIM1
SIM2
SIM3
SIM4
1
21
22
SIM5
SIM1
SIM2
SIM3
SIM4
1
21
22
SIM5
SIM1
SIM2
SIM3
SIM4
1
21
22
SIM5
SIM1
SIM2
SIM3
SIM4
1
21
22
SIM5
SIM1
SIM2
SIM3
SIM4
1
21
22
SIM5
SIM1
SIM2
SIM3
SIM4
1
21
22
SIM5
SIM1
SIM2
SIM3
SIM4
1
21
22
SIM5
SIM1
SIM2
SIM3
SIM4
1
21
22
SIM5
SIM1
SIM2
SIM3
SIM4
1
21
22
SIM5
SIM1
SIM2
SIM3
SIM4
1
21
22
SIM5
SIM1
SIM2
SIM3
SIM4
1
21
22
SIM5
SIM1
SIM2
SIM3
SIM4
1
21
22
SIM5
SIM1
SIM2
SIM3
SIM4
1
21
22
SIM5
SIM1
SIM2
SIM3
SIM4
1
21
22
SIM5
SIM1
SIM2
SIM3
SIM4
1
21
22
SIM5
SIM1
SIM2
SIM3
SIM4
1
21
22
SIM5
SIM1
SIM2
SIM3
SIM4
1
21
22
SIM5
SIM1
SIM2
SIM3
SIM4
1
21
22
SIM5
SIM1
SIM2
SIM3
SIM4
1
21
22
SIM5
SIM1
SIM2
SIM3
SIM4
1
21
22
SIM5
SIM1
SIM2
SIM3
SIM4
1
21
22
SIM5
SIM1
SIM2
SIM3
SIM4
1
21
22
SIM5
SIM1
SIM2
SIM3
SIM4
1
21
22
SIM5
SIM1
SIM2
SIM3
SIM4
1
21
22
SIM5
SIM1
SIM2
SIM3
SIM4
1
21
22
SIM5
SIM1
SIM2
SIM3
SIM4
1
21
22
SIM5
SIM1
SIM2
SIM3
SIM4
1
21
22
SIM5
SIM1
SIM2
SIM3
SIM4
1
21
22
SIM5
SIM1
SIM2
SIM3
SIM4
1
21
22
SIM5
SIM1
SIM2
SIM3
SIM4
1
21
22
SIM5
SIM1
SIM2
SIM3
SIM4
1
21
22
SIM5
SIM1
SIM2
SIM3
SIM4
1
21
22
SIM5
SIM1
SIM2
SIM3
SIM4
1
21
22
SIM5
SIM1
SIM2
SIM3
SIM4
1
21
22
SIM5
SIM1
SIM2
SIM3
SIM4
1
21
22
SIM5
SIM1
SIM2
SIM3
SIM4
1
21
22
SIM5
SIM1
SIM2
SIM3
SIM4
1
21
22
SIM5
SIM1
SIM2
SIM3
SIM4
1
21
22
SIM5
SIM1
SIM2
SIM3
SIM4
1
21
22
SIM5
SIM1
SIM2
SIM3
SIM4
1
21
22
SIM5
SIM1
SIM2
SIM3
SIM4
1
21
22
SIM5
SIM1
SIM2
SIM3
SIM4
1
21
22
SIM5
SIM1
SIM2
SIM3
SIM4
1
21
22
SIM5
SIM1
SIM2
SIM3
SIM4
1
21
22
SIM5
SIM1
SIM2
SIM3
SIM4
1
21
22
SIM5
SIM1
SIM2
SIM3
SIM4
1
21
22
SIM5
SIM1
SIM2
SIM3
SIM4
1
21
22
SIM5
SIM1
SIM2
SIM3
SIM4
1
21
22
SIM5
SIM1
SIM2
SIM3
SIM4
1
21
22
SIM5
SIM1
SIM2
SIM3
SIM4
1
21
22
SIM5
SIM1
SIM2
SIM3
SIM4
1
21
22
SIM5
SIM1
SIM2
SIM3
SIM4
1
21
22
SIM5
SIM1
SIM2
SIM3
SIM4
1
21
22
SIM5
SIM1
SIM2
SIM3
SIM4
1
21
22
SIM5
SIM1
SIM2
SIM3
SIM4
1
21
22
SIM5
SIM1
SIM2
SIM3
SIM4
1
21
22
SIM5
SIM1
SIM2
SIM3
SIM4
1
21
22
SIM5
SIM1
SIM2
SIM3
SIM4
1
21
22
SIM5
SIM1
SIM2
SIM3
SIM4
1
21
22
SIM5
SIM1
SIM2
SIM3
SIM4
1
21
22
SIM5
SIM1
SIM2
SIM3
SIM4
1
21
22
SIM5
SIM1
SIM2
SIM3
SIM4
1
21
22
SIM5
SIM1
SIM2
SIM3
SIM4
1
21
22
SIM5
SIM1
SIM2
SIM3
SIM4
1
21
22
SIM5
SIM1
SIM2
SIM3
SIM4
1
21
22
SIM5
SIM1
SIM2
SIM3
SIM4
1
21
22
SIM5
SIM1
SIM2
SIM3
SIM4
1
21
22
SIM5
SIM1
SIM2
SIM3
SIM4
1
21
22
SIM5
SIM1
SIM2
SIM3
SIM4
1
21
22
SIM5
SIM1
SIM2
SIM3
SIM4
1
21
22
SIM5
SIM1
SIM2
SIM3
SIM4
1
21
22
SIM5
SIM1
SIM2
SIM3
SIM4
1
21
22
SIM5
SIM1
SIM2
SIM3
SIM4
1
21
22
SIM5
SIM1
SIM2
SIM3
SIM4
1
21
22
SIM5
SIM1
SIM2
SIM3
SIM4
1
21
22
SIM5
SIM1
SIM2
SIM3
SIM4
1
21
22
SIM5
SIM1
SIM2
SIM3
SIM4
1
21
22
SIM5
SIM1
SIM2
SIM3
SIM4
1
21
22
SIM5
SIM1
SIM2
SIM3
SIM4
1
21
22
SIM5
SIM1
SIM2
DEBUG 1 89
SIM1
SIM2
SIM3
SIM4
1
21
22
SIM5
SIM1
SIM2
SIM3
SIM4
1
21
22
SIM5
SIM1
SIM2
SIM3
SIM4
1
21
22
SIM5
SIM1
SIM2
SIM3
SIM4
1
21
22
SIM5
SIM1
SIM2
SIM3
SIM4
1
21
22
SIM5
SIM1
SIM2
SIM3
SIM4
1
21
22
SIM5
SIM1
SIM2
SIM3
SIM4
1
21
22
SIM5
SIM1
SIM2
SIM3
SIM4
1
21
22
SIM5
SIM1
SIM2
SIM3
SIM4
1
21
22
SIM5
SIM1
SIM2
SIM3
SIM4
1
21
22
SIM5
SIM1
SIM2
SIM3
SIM4
1
21
22
SIM5
SIM1
SIM2
SIM3
SIM4
1
21
22
SIM5
SIM1
SIM2
SIM3
SIM4
1
21
22
SIM5
SIM1
SIM2
SIM3
SIM4
1
21
22
SIM5
SIM1
SIM2
SIM3
SIM4
1
21
22
SIM5
SIM1
SIM2
SIM3
SIM4
1
21
22
SIM5
SIM1
SIM2
SIM3
SIM4
1
21
22
SIM5
SIM1
SIM2
SIM3
SIM4
1
21
22
SIM5
SIM1
SIM2
SIM3
SIM4
1
21
22
SIM5
SIM1
SIM2
SIM3
SIM4
1
21
22
SIM5
SIM1
SIM2
SIM3
SIM4
1
21
22
SIM5
SIM1
SIM2
SIM3
SIM4
1
21
22
SIM5
SIM1
SIM2
SIM3
SIM4
1
21
22
SIM5
SIM1
SIM2
SIM3
SIM4
1
21
22
SIM5
SIM1
SIM2
SIM3
SIM4
1
21
22
SIM5
SIM1
SIM2
SIM3
SIM4
1
21
22
SIM5
SIM1
SIM2
SIM3
SIM4
1
21
22
SIM5
SIM1
SIM2
SIM3
SIM4
1
21
22
SIM5
SIM1
SIM2
SIM3
SIM4
1
21
22
SIM5
SIM1
SIM2
SIM3
SIM4
1
21
22
SIM5
SIM1
SIM2
SIM3
SIM4
1
21
22
SIM5
SIM1
SIM2
SIM3
SIM4
1
21
22
SIM5
SIM1
SIM2
SIM3
SIM4
1
21
22
SIM5
SIM1
SIM2
SIM3
SIM4
1
21
22
SIM5
SIM1
SIM2
SIM3
SIM4
1
21
22
SIM5
SIM1
SIM2
SIM3
SIM4
1
21
22
SIM5
SIM1
SIM2
SIM3
SIM4
1
21
22
SIM5
SIM1
SIM2
SIM3
SIM4
1
21
22
SIM5
SIM1
SIM2
SIM3
SIM4
1
21
22
SIM5
SIM1
SIM2
SIM3
SIM4
1
21
22
SIM5
SIM1
SIM2
SIM3
SIM4
1
21
22
SIM5
SIM1
SIM2
SIM3
SIM4
1
21
22
SIM5
SIM1
SIM2
SIM3
SIM4
1
21
22
SIM5
SIM1
SIM2
SIM3
SIM4
1
21
22
SIM5
SIM1
SIM2
SIM3
SIM4
1
21
22
SIM5
SIM1
SIM2
SIM3
SIM4
1
21
22
SIM5
SIM1
SIM2
SIM3
SIM4
1
21
22
SIM5
SIM1
SIM2
SIM3
SIM4
1
21
22
SIM5
SIM1
SIM2
SIM3
SIM4
1
21
22
SIM5
SIM1
SIM2
SIM3
SIM4
1
21
22
SIM5
SIM1
SIM2
SIM3
SIM4
1
21
22
SIM5
SIM1
SIM2
SIM3
SIM4
1
21
22
SIM5
SIM1
SIM2
SIM3
SIM4
1
21
22
SIM5
SIM1
SIM2
SIM3
SIM4
1
21
22
SIM5
SIM1
SIM2
SIM3
SIM4
1
21
22
SIM5
SIM1
SIM2
SIM3
SIM4
1
21
22
SIM5
SIM1
SIM2
SIM3
SIM4
1
21
22
SIM5
SIM1
SIM2
SIM3
SIM4
1
21
22
SIM5
SIM1
SIM2
SIM3
SIM4
1
21
22
SIM5
SIM1
SIM2
SIM3
SIM4
1
21
22
SIM5
SIM1
SIM2
SIM3
SIM4
1
21
22
SIM5
SIM1
SIM2
SIM3
SIM4
1
21
22
SIM5
SIM1
SIM2
SIM3
SIM4
1
21
22
SIM5
SIM1
SIM2
SIM3
SIM4
1
21
22
SIM5
SIM1
SIM2
SIM3
SIM4
1
21
22
SIM5
SIM1
SIM2
SIM3
SIM4
1
21
22
SIM5
SIM1
SIM2
SIM3
SIM4
1
21
22
SIM5
SIM1
SIM2
SIM3
SIM4
1
21
22
SIM5
SIM1
SIM2
SIM3
SIM4
1
21
22
SIM5
SIM1
SIM2
SIM3
SIM4
1
21
22
SIM5
SIM1
SIM2
SIM3
SIM4
1
21
22
SIM5
SIM1
SIM2
SIM3
SIM4
1
21
22
SIM5
SIM1
SIM2
SIM3
SIM4
1
21
22
SIM5
SIM1
SIM2
SIM3
SIM4
1
21
22
SIM5
SIM1
SIM2
SIM3
SIM4
1
21
22
SIM5
SIM1
SIM2
SIM3
SIM4
1
21
22
SIM5
SIM1
SIM2
SIM3
SIM4
1
21
22
SIM5
SIM1
SIM2
SIM3
SIM4
1
21
22
SIM5
SIM1
SIM2
SIM3
SIM4
1
21
22
SIM5
SIM1
SIM2
SIM3
SIM4
1
21
22
SIM5
SIM1
SIM2
SIM3
SIM4
1
21
22
SIM5
SIM1
SIM2
SIM3
SIM4
1
21
22
SIM5
SIM1
SIM2
SIM3
SIM4
1
21
22
SIM5
SIM1
SIM2
SIM3
SIM4
1
21
22
SIM5
SIM1
SIM2
SIM3
SIM4
1
21
22
SIM5
SIM1
SIM2
SIM3
SIM4
1
21
22
SIM5
SIM1
SIM2
SIM3
SIM4
1
21
22
SIM5
SIM1
SIM2
SIM3
SIM4
1
21
22
SIM5
SIM1
SIM2
SIM3
SIM4
1
21
22
SIM5
SIM1
SIM2
SIM3
SIM4
1
21
22
SIM5
SIM1
SIM2
SIM3
SIM4
1
21
22
SIM5
SIM1
SIM2
SIM3
SIM4
1
21
22
SIM5
SIM1
SIM2
SIM3
SIM4
1
21
22
SIM5
SIM1
SIM2
SIM3
SIM4
1
21
22
SIM5
SIM1
SIM2
SIM3
SIM4
1
21
22
SIM5
SIM1
SIM2
SIM3
SIM4
1
21
22
SIM5
SIM1
SIM2
SIM3
SIM4
1
21
22
SIM5
SIM1
SIM2
SIM3
SIM4
1
21
22
SIM5
SIM1
SIM2
SIM3
SIM4
1
21
22
SIM5
SIM1
SIM2
SIM3
SIM4
1
21
22
SIM5
SIM1
SIM2
SIM3
SIM4
1
21
22
SIM5
SIM1
SIM2
SIM3
SIM4
1
21
22
SIM5
SIM1
SIM2
SIM3
SIM4
1
21
22
SIM5
SIM1
SIM2
SIM3
SIM4
1
21
22
SIM5
SIM1
SIM2
SIM3
SIM4
1
21
22
SIM5
SIM1
SIM2
SIM3
SIM4
1
21
22
SIM5
SIM1
SIM2
SIM3
SIM4
1
21
22
SIM5
SIM1
SIM2
SIM3
SIM4
1
21
22
SIM5
SIM1
SIM2
SIM3
SIM4
1
21
22
SIM5
SIM1
SIM2
SIM3
SIM4
1
21
22
SIM5
SIM1
SIM2
SIM3
SIM4
1
21
22
SIM5
SIM1
SIM2
SIM3
SIM4
1
21
22
SIM5
SIM1
SIM2
SIM3
SIM4
1
21
22
SIM5
SIM1
SIM2
SIM3
SIM4
1
21
22
SIM5
SIM1
SIM2
SIM3
SIM4
1
21
22
SIM5
SIM1
SIM2
SIM3
SIM4
1
21
22
SIM5
SIM1
SIM2
SIM3
SIM4
1
21
22
SIM5
SIM1
SIM2
SIM3
SIM4
1
21
22
SIM5
SIM1
SIM2
SIM3
SIM4
1
21
22
SIM5
SIM1
SIM2
SIM3
SIM4
1
21
22
SIM5
SIM1
SIM2
SIM3
SIM4
1
21
22
SIM5
SIM1
SIM2
SIM3
SIM4
1
21
22
SIM5
SIM1
SIM2
SIM3
SIM4
1
21
22
SIM5
SIM1
SIM2
SIM3
SIM4
1
21
22
SIM5
SIM1
SIM2
SIM3
SIM4
1
21
22
SIM5
SIM1
SIM2
SIM3
SIM4
1
21
22
SIM5
SIM1
SIM2
SIM3
SIM4
1
21
22
SIM5
SIM1
SIM2
SIM3
SIM4
1
21
22
SIM5
SIM1
SIM2
SIM3
SIM4
1
21
22
SIM5
SIM1
SIM2
SIM3
SIM4
1
21
22
SIM5
SIM1
SIM2
SIM3
SIM4
1
21
22
SIM5
SIM1
SIM2
SIM3
SIM4
1
21
22
SIM5
SIM1
SIM2
SIM3
SIM4
1
21
22
SIM5
SIM1
SIM2
SIM3
SIM4
1
21
22
SIM5
SIM1
SIM2
SIM3
SIM4
1
21
22
SIM5
SIM1
SIM2
SIM3
SIM4
1
21
22
SIM5
SIM1
SIM2
SIM3
SIM4
1
21
22
SIM5
SIM1
SIM2
SIM3
SIM4
1
21
22
SIM5
SIM1
SIM2
SIM3
SIM4
1
21
22
SIM5
SIM1
SIM2
SIM3
SIM4
1
21
22
SIM5
SIM1
SIM2
SIM3
SIM4
1
21
22
SIM5
SIM1
SIM2
SIM3
SIM4
1
21
22
SIM5
SIM1
SIM2
SIM3
SIM4
1
21
22
SIM5
SIM1
SIM2
SIM3
SIM4
1
21
22
SIM5
SIM1
SIM2
SIM3
SIM4
1
21
22
SIM5
SIM1
SIM2
SIM3
SIM4
1
21
22
SIM5
SIM1
SIM2
SIM3
SIM4
1
21
22
SIM5
SIM1
SIM2
SIM3
SIM4
1
21
22
SIM5
SIM1
SIM2
SIM3
SIM4
1
21
22
SIM5
SIM1
SIM2
SIM3
SIM4
1
21
22
SIM5
SIM1
SIM2
SIM3
SIM4
1
21
22
SIM5
SIM1
SIM2
SIM3
SIM4
1
21
22
SIM5
SIM1
SIM2
SIM3
SIM4
1
21
22
SIM5
SIM1
SIM2
SIM3
SIM4
1
21
22
SIM5
SIM1
SIM2
SIM3
SIM4
1
21
22
SIM5
SIM1
SIM2
SIM3
SIM4
1
21
22
SIM5
SIM1
SIM2
SIM3
SIM4
1
21
22
SIM5
SIM1
SIM2
SIM3
SIM4
1
21
22
SIM5
SIM1
SIM2
SIM3
SIM4
1
21
22
SIM5
SIM1
SIM2
SIM3
SIM4
1
21
22
SIM5
SIM1
SIM2
SIM3
SIM4
1
21
22
SIM5
SIM1
SIM2
SIM3
SIM4
1
21
22
SIM5
SIM1
SIM2
SIM3
SIM4
1
21
22
SIM5
SIM1
SIM2
SIM3
SIM4
1
21
22
SIM5
SIM1
SIM2
SIM3
SIM4
1
21
22
SIM5
SIM1
SIM2
SIM3
SIM4
1
21
22
SIM5
SIM1
SIM2
SIM3
SIM4
1
21
22
SIM5
SIM1
SIM2
SIM3
SIM4
1
21
22
SIM5
SIM1
SIM2
SIM3
SIM4
1
21
22
SIM5
SIM1
SIM2
SIM3
SIM4
1
21
22
SIM5
SIM1
SIM2
SIM3
SIM4
1
21
22
SIM5
SIM1
SIM2
SIM3
SIM4
1
21
22
SIM5
SIM1
SIM2
SIM3
SIM4
1
21
22
SIM5
SIM1
SIM2
SIM3
SIM4
1
21
22
SIM5
SIM1
SIM2
SIM3
SIM4
1
21
22
SIM5
SIM1
SIM2
SIM3
SIM4
1
21
22
SIM5
SIM1
SIM2
SIM3
SIM4
1
21
22
SIM5
SIM1
SIM2
DEBUG 1 90
SIM1
SIM2
SIM3
SIM4
1
21
22
SIM5
SIM1
SIM2
SIM3
SIM4
1
21
22
SIM5
SIM1
SIM2
SIM3
SIM4
1
21
22
SIM5
SIM1
SIM2
SIM3
SIM4
1
21
22
SIM5
SIM1
SIM2
SIM3
SIM4
1
21
22
SIM5
SIM1
SIM2
SIM3
SIM4
1
21
22
SIM5
SIM1
SIM2
SIM3
SIM4
1
21
22
SIM5
SIM1
SIM2
SIM3
SIM4
1
21
22
SIM5
SIM1
SIM2
SIM3
SIM4
1
21
22
SIM5
SIM1
SIM2
SIM3
SIM4
1
21
22
SIM5
SIM1
SIM2
SIM3
SIM4
1
21
22
SIM5
SIM1
SIM2
SIM3
SIM4
1
21
22
SIM5
SIM1
SIM2
SIM3
SIM4
1
21
22
SIM5
SIM1
SIM2
SIM3
SIM4
1
21
22
SIM5
SIM1
SIM2
SIM3
SIM4
1
21
22
SIM5
SIM1
SIM2
SIM3
SIM4
1
21
22
SIM5
SIM1
SIM2
SIM3
SIM4
1
21
22
SIM5
SIM1
SIM2
SIM3
SIM4
1
21
22
SIM5
SIM1
SIM2
SIM3
SIM4
1
21
22
SIM5
SIM1
SIM2
SIM3
SIM4
1
21
22
SIM5
SIM1
SIM2
SIM3
SIM4
1
21
22
SIM5
SIM1
SIM2
SIM3
SIM4
1
21
22
SIM5
SIM1
SIM2
SIM3
SIM4
1
21
22
SIM5
SIM1
SIM2
SIM3
SIM4
1
21
22
SIM5
SIM1
SIM2
SIM3
SIM4
1
21
22
SIM5
SIM1
SIM2
SIM3
SIM4
1
21
22
SIM5
SIM1
SIM2
SIM3
SIM4
1
21
22
SIM5
SIM1
SIM2
SIM3
SIM4
1
21
22
SIM5
SIM1
SIM2
SIM3
SIM4
1
21
22
SIM5
SIM1
SIM2
SIM3
SIM4
1
21
22
SIM5
SIM1
SIM2
SIM3
SIM4
1
21
22
SIM5
SIM1
SIM2
SIM3
SIM4
1
21
22
SIM5
SIM1
SIM2
SIM3
SIM4
1
21
22
SIM5
SIM1
SIM2
SIM3
SIM4
1
21
22
SIM5
SIM1
SIM2
SIM3
SIM4
1
21
22
SIM5
SIM1
SIM2
SIM3
SIM4
1
21
22
SIM5
SIM1
SIM2
SIM3
SIM4
1
21
22
SIM5
SIM1
SIM2
SIM3
SIM4
1
21
22
SIM5
SIM1
SIM2
SIM3
SIM4
1
21
22
SIM5
SIM1
SIM2
SIM3
SIM4
1
21
22
SIM5
SIM1
SIM2
SIM3
SIM4
1
21
22
SIM5
SIM1
SIM2
SIM3
SIM4
1
21
22
SIM5
SIM1
SIM2
SIM3
SIM4
1
21
22
SIM5
SIM1
SIM2
SIM3
SIM4
1
21
22
SIM5
SIM1
SIM2
SIM3
SIM4
1
21
22
SIM5
SIM1
SIM2
SIM3
SIM4
1
21
22
SIM5
SIM1
SIM2
SIM3
SIM4
1
21
22
SIM5
SIM1
SIM2
SIM3
SIM4
1
21
22
SIM5
SIM1
SIM2
SIM3
SIM4
1
21
22
SIM5
SIM1
SIM2
SIM3
SIM4
1
21
22
SIM5
SIM1
SIM2
SIM3
SIM4
1
21
22
SIM5
SIM1
SIM2
SIM3
SIM4
1
21
22
SIM5
SIM1
SIM2
SIM3
SIM4
1
21
22
SIM5
SIM1
SIM2
SIM3
SIM4
1
21
22
SIM5
SIM1
SIM2
SIM3
SIM4
1
21
22
SIM5
SIM1
SIM2
SIM3
SIM4
1
21
22
SIM5
SIM1
SIM2
SIM3
SIM4
1
21
22
SIM5
SIM1
SIM2
SIM3
SIM4
1
21
22
SIM5
SIM1
SIM2
SIM3
SIM4
1
21
22
SIM5
SIM1
SIM2
SIM3
SIM4
1
21
22
SIM5
SIM1
SIM2
SIM3
SIM4
1
21
22
SIM5
SIM1
SIM2
SIM3
SIM4
1
21
22
SIM5
SIM1
SIM2
SIM3
SIM4
1
21
22
SIM5
SIM1
SIM2
SIM3
SIM4
1
21
22
SIM5
SIM1
SIM2
SIM3
SIM4
1
21
22
SIM5
SIM1
SIM2
SIM3
SIM4
1
21
22
SIM5
SIM1
SIM2
SIM3
SIM4
1
21
22
SIM5
SIM1
SIM2
SIM3
SIM4
1
21
22
SIM5
SIM1
SIM2
SIM3
SIM4
1
21
22
SIM5
SIM1
SIM2
SIM3
SIM4
1
21
22
SIM5
SIM1
SIM2
SIM3
SIM4
1
21
22
SIM5
SIM1
SIM2
SIM3
SIM4
1
21
22
SIM5
SIM1
SIM2
SIM3
SIM4
1
21
22
SIM5
SIM1
SIM2
SIM3
SIM4
1
21
22
SIM5
SIM1
SIM2
SIM3
SIM4
1
21
22
SIM5
SIM1
SIM2
SIM3
SIM4
1
21
22
SIM5
SIM1
SIM2
SIM3
SIM4
1
21
22
SIM5
SIM1
SIM2
SIM3
SIM4
1
21
22
SIM5
SIM1
SIM2
SIM3
SIM4
1
21
22
SIM5
SIM1
SIM2
SIM3
SIM4
1
21
22
SIM5
SIM1
SIM2
SIM3
SIM4
1
21
22
SIM5
SIM1
SIM2
SIM3
SIM4
1
21
22
SIM5
SIM1
SIM2
SIM3
SIM4
1
21
22
SIM5
SIM1
SIM2
SIM3
SIM4
1
21
22
SIM5
SIM1
SIM2
SIM3
SIM4
1
21
22
SIM5
SIM1
SIM2
SIM3
SIM4
1
21
22
SIM5
SIM1
SIM2
SIM3
SIM4
1
21
22
SIM5
SIM1
SIM2
SIM3
SIM4
1
21
22
SIM5
SIM1
SIM2
SIM3
SIM4
1
21
22
SIM5
SIM1
SIM2
SIM3
SIM4
1
21
22
SIM5
SIM1
SIM2
SIM3
SIM4
1
21
22
SIM5
SIM1
SIM2
SIM3
SIM4
1
21
22
SIM5
SIM1
SIM2
SIM3
SIM4
1
21
22
SIM5
SIM1
SIM2
SIM3
SIM4
1
21
22
SIM5
SIM1
SIM2
SIM3
SIM4
1
21
22
SIM5
SIM1
SIM2
SIM3
SIM4
1
21
22
SIM5
SIM1
SIM2
SIM3
SIM4
1
21
22
SIM5
SIM1
SIM2
SIM3
SIM4
1
21
22
SIM5
SIM1
SIM2
SIM3
SIM4
1
21
22
SIM5
SIM1
SIM2
SIM3
SIM4
1
21
22
SIM5
SIM1
SIM2
SIM3
SIM4
1
21
22
SIM5
SIM1
SIM2
SIM3
SIM4
1
21
22
SIM5
SIM1
SIM2
SIM3
SIM4
1
21
22
SIM5
SIM1
SIM2
SIM3
SIM4
1
21
22
SIM5
SIM1
SIM2
SIM3
SIM4
1
21
22
SIM5
SIM1
SIM2
SIM3
SIM4
1
21
22
SIM5
SIM1
SIM2
SIM3
SIM4
1
21
22
SIM5
SIM1
SIM2
SIM3
SIM4
1
21
22
SIM5
SIM1
SIM2
SIM3
SIM4
1
21
22
SIM5
SIM1
SIM2
SIM3
SIM4
1
21
22
SIM5
SIM1
SIM2
SIM3
SIM4
1
21
22
SIM5
SIM1
SIM2
SIM3
SIM4
1
21
22
SIM5
SIM1
SIM2
SIM3
SIM4
1
21
22
SIM5
SIM1
SIM2
SIM3
SIM4
1
21
22
SIM5
SIM1
SIM2
SIM3
SIM4
1
21
22
SIM5
SIM1
SIM2
SIM3
SIM4
1
21
22
SIM5
SIM1
SIM2
SIM3
SIM4
1
21
22
SIM5
SIM1
SIM2
SIM3
SIM4
1
21
22
SIM5
SIM1
SIM2
SIM3
SIM4
1
21
22
SIM5
SIM1
SIM2
SIM3
SIM4
1
21
22
SIM5
SIM1
SIM2
SIM3
SIM4
1
21
22
SIM5
SIM1
SIM2
SIM3
SIM4
1
21
22
SIM5
SIM1
SIM2
SIM3
SIM4
1
21
22
SIM5
SIM1
SIM2
SIM3
SIM4
1
21
22
SIM5
SIM1
SIM2
SIM3
SIM4
1
21
22
SIM5
SIM1
SIM2
SIM3
SIM4
1
21
22
SIM5
SIM1
SIM2
DEBUG 1 91
SIM1
SIM2
SIM3
SIM4
1
21
22
SIM5
SIM1
SIM2
SIM3
SIM4
1
21
22
SIM5
SIM1
SIM2
SIM3
SIM4
1
21
22
SIM5
SIM1
SIM2
SIM3
SIM4
1
21
22
SIM5
SIM1
SIM2
SIM3
SIM4
1
21
22
SIM5
SIM1
SIM2
SIM3
SIM4
1
21
22
SIM5
SIM1
SIM2
SIM3
SIM4
1
21
22
SIM5
SIM1
SIM2
SIM3
SIM4
1
21
22
SIM5
SIM1
SIM2
SIM3
SIM4
1
21
22
SIM5
SIM1
SIM2
SIM3
SIM4
1
21
22
SIM5
SIM1
SIM2
SIM3
SIM4
1
21
22
SIM5
SIM1
SIM2
SIM3
SIM4
1
21
22
SIM5
SIM1
SIM2
SIM3
SIM4
1
21
22
SIM5
SIM1
SIM2
SIM3
SIM4
1
21
22
SIM5
SIM1
SIM2
SIM3
SIM4
1
21
22
SIM5
SIM1
SIM2
SIM3
SIM4
1
21
22
SIM5
SIM1
SIM2
SIM3
SIM4
1
21
22
SIM5
SIM1
SIM2
SIM3
SIM4
1
21
22
SIM5
SIM1
SIM2
SIM3
SIM4
1
21
22
SIM5
SIM1
SIM2
SIM3
SIM4
1
21
22
SIM5
SIM1
SIM2
SIM3
SIM4
1
21
22
SIM5
SIM1
SIM2
SIM3
SIM4
1
21
22
SIM5
SIM1
SIM2
SIM3
SIM4
1
21
22
SIM5
SIM1
SIM2
SIM3
SIM4
1
21
22
SIM5
SIM1
SIM2
SIM3
SIM4
1
21
22
SIM5
SIM1
SIM2
SIM3
SIM4
1
21
22
SIM5
SIM1
SIM2
SIM3
SIM4
1
21
22
SIM5
SIM1
SIM2
SIM3
SIM4
1
21
22
SIM5
SIM1
SIM2
SIM3
SIM4
1
21
22
SIM5
SIM1
SIM2
SIM3
SIM4
1
21
22
SIM5
SIM1
SIM2
SIM3
SIM4
1
21
22
SIM5
SIM1
SIM2
SIM3
SIM4
1
21
22
SIM5
SIM1
SIM2
SIM3
SIM4
1
21
22
SIM5
SIM1
SIM2
SIM3
SIM4
1
21
22
SIM5
SIM1
SIM2
SIM3
SIM4
1
21
22
SIM5
SIM1
SIM2
SIM3
SIM4
1
21
22
SIM5
SIM1
SIM2
SIM3
SIM4
1
21
22
SIM5
SIM1
SIM2
SIM3
SIM4
1
21
22
SIM5
SIM1
SIM2
SIM3
SIM4
1
21
22
SIM5
SIM1
SIM2
SIM3
SIM4
1
21
22
SIM5
SIM1
SIM2
SIM3
SIM4
1
21
22
SIM5
SIM1
SIM2
SIM3
SIM4
1
21
22
SIM5
SIM1
SIM2
SIM3
SIM4
1
21
22
SIM5
SIM1
SIM2
SIM3
SIM4
1
21
22
SIM5
SIM1
SIM2
SIM3
SIM4
1
21
22
SIM5
SIM1
SIM2
SIM3
SIM4
1
21
22
SIM5
SIM1
SIM2
SIM3
SIM4
1
21
22
SIM5
SIM1
SIM2
SIM3
SIM4
1
21
22
SIM5
SIM1
SIM2
SIM3
SIM4
1
21
22
SIM5
SIM1
SIM2
SIM3
SIM4
1
21
22
SIM5
SIM1
SIM2
SIM3
SIM4
1
21
22
SIM5
SIM1
SIM2
SIM3
SIM4
1
21
22
SIM5
SIM1
SIM2
SIM3
SIM4
1
21
22
SIM5
SIM1
SIM2
SIM3
SIM4
1
21
22
SIM5
SIM1
SIM2
SIM3
SIM4
1
21
22
SIM5
SIM1
SIM2
SIM3
SIM4
1
21
22
SIM5
SIM1
SIM2
SIM3
SIM4
1
21
22
SIM5
SIM1
SIM2
SIM3
SIM4
1
21
22
SIM5
SIM1
SIM2
SIM3
SIM4
1
21
22
SIM5
SIM1
SIM2
SIM3
SIM4
1
21
22
SIM5
SIM1
SIM2
SIM3
SIM4
1
21
22
SIM5
SIM1
SIM2
SIM3
SIM4
1
21
22
SIM5
SIM1
SIM2
SIM3
SIM4
1
21
22
SIM5
SIM1
SIM2
SIM3
SIM4
1
21
22
SIM5
SIM1
SIM2
SIM3
SIM4
1
21
22
SIM5
SIM1
SIM2
SIM3
SIM4
1
21
22
SIM5
SIM1
SIM2
SIM3
SIM4
1
21
22
SIM5
SIM1
SIM2
SIM3
SIM4
1
21
22
SIM5
SIM1
SIM2
SIM3
SIM4
1
21
22
SIM5
SIM1
SIM2
SIM3
SIM4
1
21
22
SIM5
SIM1
SIM2
SIM3
SIM4
1
21
22
SIM5
SIM1
SIM2
SIM3
SIM4
1
21
22
SIM5
SIM1
SIM2
SIM3
SIM4
1
21
22
SIM5
SIM1
SIM2
SIM3
SIM4
1
21
22
SIM5
SIM1
SIM2
SIM3
SIM4
1
21
22
SIM5
SIM1
SIM2
SIM3
SIM4
1
21
22
SIM5
SIM1
SIM2
SIM3
SIM4
1
21
22
SIM5
SIM1
SIM2
SIM3
SIM4
1
21
22
SIM5
SIM1
SIM2
SIM3
SIM4
1
21
22
SIM5
SIM1
SIM2
SIM3
SIM4
1
21
22
SIM5
SIM1
SIM2
SIM3
SIM4
1
21
22
SIM5
SIM1
SIM2
SIM3
SIM4
1
21
22
SIM5
SIM1
SIM2
SIM3
SIM4
1
21
22
SIM5
SIM1
SIM2
SIM3
SIM4
1
21
22
SIM5
SIM1
SIM2
SIM3
SIM4
1
21
22
SIM5
SIM1
SIM2
SIM3
SIM4
1
21
22
SIM5
SIM1
SIM2
SIM3
SIM4
1
21
22
SIM5
SIM1
SIM2
SIM3
SIM4
1
21
22
SIM5
SIM1
SIM2
SIM3
SIM4
1
21
22
SIM5
SIM1
SIM2
SIM3
SIM4
1
21
22
SIM5
SIM1
SIM2
SIM3
SIM4
1
21
22
SIM5
SIM1
SIM2
SIM3
SIM4
1
21
22
SIM5
SIM1
SIM2
SIM3
SIM4
1
21
22
SIM5
SIM1
SIM2
SIM3
SIM4
1
21
22
SIM5
SIM1
SIM2
SIM3
SIM4
1
21
22
SIM5
SIM1
SIM2
SIM3
SIM4
1
21
22
SIM5
SIM1
SIM2
SIM3
SIM4
1
21
22
SIM5
SIM1
SIM2
SIM3
SIM4
1
21
22
SIM5
SIM1
SIM2
SIM3
SIM4
1
21
22
SIM5
SIM1
SIM2
SIM3
SIM4
1
21
22
SIM5
SIM1
SIM2
SIM3
SIM4
1
21
22
SIM5
SIM1
SIM2
SIM3
SIM4
1
21
22
SIM5
SIM1
SIM2
SIM3
SIM4
1
21
22
SIM5
SIM1
SIM2
SIM3
SIM4
1
21
22
SIM5
SIM1
SIM2
SIM3
SIM4
1
21
22
SIM5
SIM1
SIM2
SIM3
SIM4
1
21
22
SIM5
SIM1
SIM2
SIM3
SIM4
1
21
22
SIM5
SIM1
SIM2
SIM3
SIM4
1
21
22
SIM5
SIM1
SIM2
SIM3
SIM4
1
21
22
SIM5
SIM1
SIM2
SIM3
SIM4
1
21
22
SIM5
SIM1
SIM2
SIM3
SIM4
1
21
22
SIM5
SIM1
SIM2
SIM3
SIM4
1
21
22
SIM5
SIM1
SIM2
SIM3
SIM4
1
21
22
SIM5
SIM1
SIM2
SIM3
SIM4
1
21
22
SIM5
SIM1
SIM2
SIM3
SIM4
1
21
22
SIM5
SIM1
SIM2
SIM3
SIM4
1
21
22
SIM5
SIM1
SIM2
SIM3
SIM4
1
21
22
SIM5
SIM1
SIM2
SIM3
SIM4
1
21
22
SIM5
SIM1
SIM2
SIM3
SIM4
1
21
22
SIM5
SIM1
SIM2
SIM3
SIM4
1
21
22
SIM5
SIM1
SIM2
SIM3
SIM4
1
21
22
SIM5
SIM1
SIM2
SIM3
SIM4
1
21
22
SIM5
SIM1
SIM2
SIM3
SIM4
1
21
22
SIM5
SIM1
SIM2
SIM3
SIM4
1
21
22
SIM5
SIM1
SIM2
SIM3
SIM4
1
21
22
SIM5
SIM1
SIM2
SIM3
SIM4
1
21
22
SIM5
SIM1
SIM2
SIM3
SIM4
1
21
22
SIM5
SIM1
SIM2
SIM3
SIM4
1
21
22
SIM5
SIM1
SIM2
SIM3
SIM4
1
21
22
SIM5
SIM1
SIM2
SIM3
SIM4
1
21
22
SIM5
SIM1
SIM2
SIM3
SIM4
1
21
22
SIM5
SIM1
SIM2
SIM3
SIM4
1
21
22
SIM5
SIM1
SIM2
SIM3
SIM4
1
21
22
SIM5
SIM1
SIM2
SIM3
SIM4
1
21
22
SIM5
SIM1
SIM2
SIM3
SIM4
1
21
22
SIM5
SIM1
SIM2
SIM3
SIM4
1
21
22
SIM5
SIM1
SIM2
SIM3
SIM4
1
21
22
SIM5
SIM1
SIM2
SIM3
SIM4
1
21
22
SIM5
SIM1
SIM2
SIM3
SIM4
1
21
22
SIM5
SIM1
SIM2
SIM3
SIM4
1
21
22
SIM5
SIM1
SIM2
SIM3
SIM4
1
21
22
SIM5
SIM1
SIM2
SIM3
SIM4
1
21
22
SIM5
SIM1
SIM2
SIM3
SIM4
1
21
22
SIM5
SIM1
SIM2
SIM3
SIM4
1
21
22
SIM5
SIM1
SIM2
SIM3
SIM4
1
21
22
SIM5
SIM1
SIM2
SIM3
SIM4
1
21
22
SIM5
SIM1
SIM2
SIM3
SIM4
1
21
22
SIM5
SIM1
SIM2
SIM3
SIM4
1
21
22
SIM5
SIM1
SIM2
SIM3
SIM4
1
21
22
SIM5
SIM1
SIM2
SIM3
SIM4
1
21
22
SIM5
SIM1
SIM2
SIM3
SIM4
1
21
22
SIM5
SIM1
SIM2
SIM3
SIM4
1
21
22
SIM5
SIM1
SIM2
SIM3
SIM4
1
21
22
SIM5
SIM1
SIM2
SIM3
SIM4
1
21
22
SIM5
SIM1
SIM2
SIM3
SIM4
1
21
22
SIM5
SIM1
SIM2
SIM3
SIM4
1
21
22
SIM5
SIM1
SIM2
SIM3
SIM4
1
21
22
SIM5
SIM1
SIM2
SIM3
SIM4
1
21
22
SIM5
SIM1
SIM2
SIM3
SIM4
1
21
22
SIM5
SIM1
SIM2
SIM3
SIM4
1
21
22
SIM5
SIM1
SIM2
SIM3
SIM4
1
21
22
SIM5
SIM1
SIM2
SIM3
SIM4
1
21
22
SIM5
SIM1
SIM2
SIM3
SIM4
1
21
22
SIM5
SIM1
SIM2
SIM3
SIM4
1
21
22
SIM5
SIM1
SIM2
SIM3
SIM4
1
21
22
SIM5
SIM1
SIM2
SIM3
SIM4
1
21
22
SIM5
SIM1
SIM2
SIM3
SIM4
1
21
22
SIM5
SIM1
SIM2
SIM3
SIM4
1
21
22
SIM5
SIM1
SIM2
SIM3
SIM4
1
21
22
SIM5
SIM1
SIM2
SIM3
SIM4
1
21
22
SIM5
SIM1
SIM2
SIM3
SIM4
1
21
22
SIM5
SIM1
SIM2
SIM3
SIM4
1
21
22
SIM5
SIM1
SIM2
SIM3
SIM4
1
21
22
SIM5
SIM1
SIM2
SIM3
SIM4
1
21
22
SIM5
SIM1
SIM2
SIM3
SIM4
1
21
22
SIM5
SIM1
SIM2
SIM3
SIM4
1
21
22
SIM5
SIM1
SIM2
SIM3
SIM4
1
21
22
SIM5
SIM1
SIM2
SIM3
SIM4
1
21
22
SIM5
SIM1
SIM2
SIM3
SIM4
1
21
22
SIM5
SIM1
SIM2
SIM3
SIM4
1
21
22
SIM5
SIM1
SIM2
SIM3
SIM4
1
21
22
SIM5
SIM1
SIM2
SIM3
SIM4
1
21
22
SIM5
SIM1
SIM2
SIM3
SIM4
1
21
22
SIM5
SIM1
SIM2
SIM3
SIM4
1
21
22
SIM5
SIM1
SIM2
SIM3
SIM4
1
21
22
SIM5
SIM1
SIM2
SIM3
SIM4
1
21
22
SIM5
SIM1
SIM2
SIM3
SIM4
1
21
22
SIM5
SIM1
SIM2
SIM3
SIM4
1
21
22
SIM5
SIM1
SIM2
SIM3
SIM4
1
21
22
SIM5
SIM1
SIM2
SIM3
SIM4
1
21
22
SIM5
SIM1
SIM2
SIM3
SIM4
1
21
22
SIM5
SIM1
SIM2
SIM3
SIM4
1
21
22
SIM5
SIM1
SIM2
SIM3
SIM4
1
21
22
SIM5
SIM1
SIM2
SIM3
SIM4
1
21
22
SIM5
SIM1
SIM2
SIM3
SIM4
1
21
22
SIM5
SIM1
SIM2
SIM3
SIM4
1
21
22
SIM5
SIM1
SIM2
SIM3
SIM4
1
21
22
SIM5
SIM1
SIM2
SIM3
SIM4
1
21
22
SIM5
SIM1
SIM2
SIM3
SIM4
1
21
22
SIM5
SIM1
SIM2
SIM3
SIM4
1
21
22
SIM5
SIM1
SIM2
SIM3
SIM4
1
21
22
SIM5
SIM1
SIM2
SIM3
SIM4
1
21
22
SIM5
SIM1
SIM2
SIM3
SIM4
1
21
22
SIM5
SIM1
SIM2
SIM3
SIM4
1
21
22
SIM5
SIM1
SIM2
SIM3
SIM4
1
21
22
SIM5
SIM1
SIM2
SIM3
SIM4
1
21
22
SIM5
SIM1
SIM2
SIM3
SIM4
1
21
22
SIM5
SIM1
SIM2
SIM3
SIM4
1
21
22
SIM5
SIM1
SIM2
SIM3
SIM4
1
21
22
SIM5
SIM1
SIM2
SIM3
SIM4
1
21
22
SIM5
SIM1
SIM2
SIM3
SIM4
1
21
22
SIM5
SIM1
SIM2
SIM3
SIM4
1
21
22
SIM5
SIM1
SIM2
DEBUG 1 92
SIM1
SIM2
SIM3
SIM4
1
21
22
SIM5
SIM1
SIM2
SIM3
SIM4
1
21
22
SIM5
SIM1
SIM2
SIM3
SIM4
1
21
22
SIM5
SIM1
SIM2
SIM3
SIM4
1
21
22
SIM5
SIM1
SIM2
SIM3
SIM4
1
21
22
SIM5
SIM1
SIM2
SIM3
SIM4
1
21
22
SIM5
SIM1
SIM2
SIM3
SIM4
1
21
22
SIM5
SIM1
SIM2
SIM3
SIM4
1
21
22
SIM5
SIM1
SIM2
SIM3
SIM4
1
21
22
SIM5
SIM1
SIM2
SIM3
SIM4
1
21
22
SIM5
SIM1
SIM2
SIM3
SIM4
1
21
22
SIM5
SIM1
SIM2
SIM3
SIM4
1
21
22
SIM5
SIM1
SIM2
SIM3
SIM4
1
21
22
SIM5
SIM1
SIM2
SIM3
SIM4
1
21
22
SIM5
SIM1
SIM2
SIM3
SIM4
1
21
22
SIM5
SIM1
SIM2
SIM3
SIM4
1
21
22
SIM5
SIM1
SIM2
SIM3
SIM4
1
21
22
SIM5
SIM1
SIM2
SIM3
SIM4
1
21
22
SIM5
SIM1
SIM2
SIM3
SIM4
1
21
22
SIM5
SIM1
SIM2
SIM3
SIM4
1
21
22
SIM5
SIM1
SIM2
SIM3
SIM4
1
21
22
SIM5
SIM1
SIM2
SIM3
SIM4
1
21
22
SIM5
SIM1
SIM2
SIM3
SIM4
1
21
22
SIM5
SIM1
SIM2
SIM3
SIM4
1
21
22
SIM5
SIM1
SIM2
SIM3
SIM4
1
21
22
SIM5
SIM1
SIM2
SIM3
SIM4
1
21
22
SIM5
SIM1
SIM2
SIM3
SIM4
1
21
22
SIM5
SIM1
SIM2
SIM3
SIM4
1
21
22
SIM5
SIM1
SIM2
SIM3
SIM4
1
21
22
SIM5
SIM1
SIM2
SIM3
SIM4
1
21
22
SIM5
SIM1
SIM2
SIM3
SIM4
1
21
22
SIM5
SIM1
SIM2
SIM3
SIM4
1
21
22
SIM5
SIM1
SIM2
SIM3
SIM4
1
21
22
SIM5
SIM1
SIM2
SIM3
SIM4
1
21
22
SIM5
SIM1
SIM2
SIM3
SIM4
1
21
22
SIM5
SIM1
SIM2
SIM3
SIM4
1
21
22
SIM5
SIM1
SIM2
SIM3
SIM4
1
21
22
SIM5
SIM1
SIM2
SIM3
SIM4
1
21
22
SIM5
SIM1
SIM2
SIM3
SIM4
1
21
22
SIM5
SIM1
SIM2
SIM3
SIM4
1
21
22
SIM5
SIM1
SIM2
SIM3
SIM4
1
21
22
SIM5
SIM1
SIM2
SIM3
SIM4
1
21
22
SIM5
SIM1
SIM2
SIM3
SIM4
1
21
22
SIM5
SIM1
SIM2
SIM3
SIM4
1
21
22
SIM5
SIM1
SIM2
SIM3
SIM4
1
21
22
SIM5
SIM1
SIM2
SIM3
SIM4
1
21
22
SIM5
SIM1
SIM2
SIM3
SIM4
1
21
22
SIM5
SIM1
SIM2
SIM3
SIM4
1
21
22
SIM5
SIM1
SIM2
SIM3
SIM4
1
21
22
SIM5
SIM1
SIM2
SIM3
SIM4
1
21
22
SIM5
SIM1
SIM2
SIM3
SIM4
1
21
22
SIM5
SIM1
SIM2
SIM3
SIM4
1
21
22
SIM5
SIM1
SIM2
SIM3
SIM4
1
21
22
SIM5
SIM1
SIM2
SIM3
SIM4
1
21
22
SIM5
SIM1
SIM2
SIM3
SIM4
1
21
22
SIM5
SIM1
SIM2
SIM3
SIM4
1
21
22
SIM5
SIM1
SIM2
SIM3
SIM4
1
21
22
SIM5
SIM1
SIM2
SIM3
SIM4
1
21
22
SIM5
SIM1
SIM2
SIM3
SIM4
1
21
22
SIM5
SIM1
SIM2
SIM3
SIM4
1
21
22
SIM5
SIM1
SIM2
SIM3
SIM4
1
21
22
SIM5
SIM1
SIM2
SIM3
SIM4
1
21
22
SIM5
SIM1
SIM2
SIM3
SIM4
1
21
22
SIM5
SIM1
SIM2
SIM3
SIM4
1
21
22
SIM5
SIM1
SIM2
SIM3
SIM4
1
21
22
SIM5
SIM1
SIM2
SIM3
SIM4
1
21
22
SIM5
SIM1
SIM2
SIM3
SIM4
1
21
22
SIM5
SIM1
SIM2
SIM3
SIM4
1
21
22
SIM5
SIM1
SIM2
SIM3
SIM4
1
21
22
SIM5
SIM1
SIM2
SIM3
SIM4
1
21
22
SIM5
SIM1
SIM2
SIM3
SIM4
1
21
22
SIM5
SIM1
SIM2
SIM3
SIM4
1
21
22
SIM5
SIM1
SIM2
SIM3
SIM4
1
21
22
SIM5
SIM1
SIM2
SIM3
SIM4
1
21
22
SIM5
SIM1
SIM2
SIM3
SIM4
1
21
22
SIM5
SIM1
SIM2
SIM3
SIM4
1
21
22
SIM5
SIM1
SIM2
SIM3
SIM4
1
21
22
SIM5
SIM1
SIM2
SIM3
SIM4
1
21
22
SIM5
SIM1
SIM2
SIM3
SIM4
1
21
22
SIM5
SIM1
SIM2
SIM3
SIM4
1
21
22
SIM5
SIM1
SIM2
SIM3
SIM4
1
21
22
SIM5
SIM1
SIM2
SIM3
SIM4
1
21
22
SIM5
SIM1
SIM2
SIM3
SIM4
1
21
22
SIM5
SIM1
SIM2
SIM3
SIM4
1
21
22
SIM5
SIM1
SIM2
SIM3
SIM4
1
21
22
SIM5
SIM1
SIM2
SIM3
SIM4
1
21
22
SIM5
SIM1
SIM2
SIM3
SIM4
1
21
22
SIM5
SIM1
SIM2
SIM3
SIM4
1
21
22
SIM5
SIM1
SIM2
SIM3
SIM4
1
21
22
SIM5
SIM1
SIM2
SIM3
SIM4
1
21
22
SIM5
SIM1
SIM2
SIM3
SIM4
1
21
22
SIM5
SIM1
SIM2
SIM3
SIM4
1
21
22
SIM5
SIM1
SIM2
SIM3
SIM4
1
21
22
SIM5
SIM1
SIM2
SIM3
SIM4
1
21
22
SIM5
SIM1
SIM2
SIM3
SIM4
1
21
22
SIM5
SIM1
SIM2
SIM3
SIM4
1
21
22
SIM5
SIM1
SIM2
SIM3
SIM4
1
21
22
SIM5
SIM1
SIM2
SIM3
SIM4
1
21
22
SIM5
SIM1
SIM2
SIM3
SIM4
1
21
22
SIM5
SIM1
SIM2
SIM3
SIM4
1
21
22
SIM5
SIM1
SIM2
SIM3
SIM4
1
21
22
SIM5
SIM1
SIM2
SIM3
SIM4
1
21
22
SIM5
SIM1
SIM2
SIM3
SIM4
1
21
22
SIM5
SIM1
SIM2
SIM3
SIM4
1
21
22
SIM5
SIM1
SIM2
SIM3
SIM4
1
21
22
SIM5
SIM1
SIM2
SIM3
SIM4
1
21
22
SIM5
SIM1
SIM2
SIM3
SIM4
1
21
22
SIM5
SIM1
SIM2
SIM3
SIM4
1
21
22
SIM5
SIM1
SIM2
SIM3
SIM4
1
21
22
SIM5
SIM1
SIM2
SIM3
SIM4
1
21
22
SIM5
SIM1
SIM2
SIM3
SIM4
1
21
22
SIM5
SIM1
SIM2
SIM3
SIM4
1
21
22
SIM5
SIM1
SIM2
SIM3
SIM4
1
21
22
SIM5
SIM1
SIM2
SIM3
SIM4
1
21
22
SIM5
SIM1
SIM2
SIM3
SIM4
1
21
22
SIM5
SIM1
SIM2
SIM3
SIM4
1
21
22
SIM5
SIM1
SIM2
SIM3
SIM4
1
21
22
SIM5
SIM1
SIM2
SIM3
SIM4
1
21
22
SIM5
SIM1
SIM2
SIM3
SIM4
1
21
22
SIM5
SIM1
SIM2
SIM3
SIM4
1
21
22
SIM5
SIM1
SIM2
SIM3
SIM4
1
21
22
SIM5
SIM1
SIM2
SIM3
SIM4
1
21
22
SIM5
SIM1
SIM2
SIM3
SIM4
1
21
22
SIM5
SIM1
SIM2
SIM3
SIM4
1
21
22
SIM5
SIM1
SIM2
SIM3
SIM4
1
21
22
SIM5
SIM1
SIM2
SIM3
SIM4
1
21
22
SIM5
SIM1
SIM2
SIM3
SIM4
1
21
22
SIM5
SIM1
SIM2
SIM3
SIM4
1
21
22
SIM5
SIM1
SIM2
SIM3
SIM4
1
21
22
SIM5
SIM1
SIM2
SIM3
SIM4
1
21
22
SIM5
SIM1
SIM2
SIM3
SIM4
1
21
22
SIM5
SIM1
SIM2
SIM3
SIM4
1
21
22
SIM5
SIM1
SIM2
SIM3
SIM4
1
21
22
SIM5
SIM1
SIM2
SIM3
SIM4
1
21
22
SIM5
SIM1
SIM2
SIM3
SIM4
1
21
22
SIM5
SIM1
SIM2
SIM3
SIM4
1
21
22
SIM5
SIM1
SIM2
SIM3
SIM4
1
21
22
SIM5
SIM1
SIM2
SIM3
SIM4
1
21
22
SIM5
SIM1
SIM2
SIM3
SIM4
1
21
22
SIM5
SIM1
SIM2
SIM3
SIM4
1
21
22
SIM5
SIM1
SIM2
SIM3
SIM4
1
21
22
SIM5
SIM1
SIM2
SIM3
SIM4
1
21
22
SIM5
SIM1
SIM2
SIM3
SIM4
1
21
22
SIM5
SIM1
SIM2
SIM3
SIM4
1
21
22
SIM5
SIM1
SIM2
SIM3
SIM4
1
21
22
SIM5
SIM1
SIM2
SIM3
SIM4
1
21
22
SIM5
SIM1
SIM2
SIM3
SIM4
1
21
22
SIM5
SIM1
SIM2
SIM3
SIM4
1
21
22
SIM5
SIM1
SIM2
SIM3
SIM4
1
21
22
SIM5
SIM1
SIM2
SIM3
SIM4
1
21
22
SIM5
SIM1
SIM2
SIM3
SIM4
1
21
22
SIM5
SIM1
SIM2
SIM3
SIM4
1
21
22
SIM5
SIM1
SIM2
SIM3
SIM4
1
21
22
SIM5
SIM1
SIM2
SIM3
SIM4
1
21
22
SIM5
SIM1
SIM2
SIM3
SIM4
1
21
22
SIM5
SIM1
SIM2
SIM3
SIM4
1
21
22
SIM5
SIM1
SIM2
SIM3
SIM4
1
21
22
SIM5
SIM1
SIM2
SIM3
SIM4
1
21
22
SIM5
SIM1
SIM2
SIM3
SIM4
1
21
22
SIM5
SIM1
SIM2
SIM3
SIM4
1
21
22
SIM5
SIM1
SIM2
SIM3
SIM4
1
21
22
SIM5
SIM1
SIM2
SIM3
SIM4
1
21
22
SIM5
SIM1
SIM2
SIM3
SIM4
1
21
22
SIM5
SIM1
SIM2
SIM3
SIM4
1
21
22
SIM5
SIM1
SIM2
SIM3
SIM4
1
21
22
SIM5
SIM1
SIM2
SIM3
SIM4
1
21
22
SIM5
SIM1
SIM2
SIM3
SIM4
1
21
22
SIM5
SIM1
SIM2
SIM3
SIM4
1
21
22
SIM5
SIM1
SIM2
SIM3
SIM4
1
21
22
SIM5
SIM1
SIM2
SIM3
SIM4
1
21
22
SIM5
SIM1
SIM2
SIM3
SIM4
1
21
22
SIM5
SIM1
SIM2
SIM3
SIM4
1
21
22
SIM5
SIM1
SIM2
SIM3
SIM4
1
21
22
SIM5
SIM1
SIM2
SIM3
SIM4
1
21
22
SIM5
SIM1
SIM2
SIM3
SIM4
1
21
22
SIM5
SIM1
SIM2
SIM3
SIM4
1
21
22
SIM5
SIM1
SIM2
SIM3
SIM4
1
21
22
SIM5
SIM1
SIM2
SIM3
SIM4
1
21
22
SIM5
SIM1
SIM2
SIM3
SIM4
1
21
22
SIM5
SIM1
SIM2
SIM3
SIM4
1
21
22
SIM5
SIM1
SIM2
SIM3
SIM4
1
21
22
SIM5
SIM1
SIM2
SIM3
SIM4
1
21
22
SIM5
SIM1
SIM2
SIM3
SIM4
1
21
22
SIM5
SIM1
SIM2
SIM3
SIM4
1
21
22
SIM5
SIM1
SIM2
SIM3
SIM4
1
21
22
SIM5
SIM1
SIM2
SIM3
SIM4
1
21
22
SIM5
SIM1
SIM2
SIM3
SIM4
1
21
22
SIM5
SIM1
SIM2
SIM3
SIM4
1
21
22
SIM5
SIM1
SIM2
SIM3
SIM4
1
21
22
SIM5
SIM1
SIM2
SIM3
SIM4
1
21
22
SIM5
SIM1
SIM2
SIM3
SIM4
1
21
22
SIM5
SIM1
SIM2
SIM3
SIM4
1
21
22
SIM5
SIM1
SIM2
SIM3
SIM4
1
21
22
SIM5
SIM1
SIM2
SIM3
SIM4
1
21
22
SIM5
SIM1
SIM2
SIM3
SIM4
1
21
22
SIM5
SIM1
SIM2
SIM3
SIM4
1
21
22
SIM5
SIM1
SIM2
SIM3
SIM4
1
21
22
SIM5
SIM1
SIM2
SIM3
SIM4
1
21
22
SIM5
SIM1
SIM2
SIM3
SIM4
1
21
22
SIM5
SIM1
SIM2
SIM3
SIM4
1
21
22
SIM5
SIM1
SIM2
SIM3
SIM4
1
21
22
SIM5
SIM1
SIM2
SIM3
SIM4
1
21
22
SIM5
SIM1
SIM2
SIM3
SIM4
1
21
22
SIM5
SIM1
SIM2
SIM3
SIM4
1
21
22
SIM5
SIM1
SIM2
SIM3
SIM4
1
21
22
SIM5
SIM1
SIM2
SIM3
SIM4
1
21
22
SIM5
SIM1
SIM2
SIM3
SIM4
1
21
22
SIM5
SIM1
SIM2
SIM3
SIM4
1
21
22
SIM5
SIM1
SIM2
SIM3
SIM4
1
21
22
SIM5
SIM1
SIM2
SIM3
SIM4
1
21
22
SIM5
SIM1
SIM2
SIM3
SIM4
1
21
22
SIM5
SIM1
SIM2
SIM3
SIM4
1
21
22
SIM5
SIM1
SIM2
SIM3
SIM4
1
21
22
SIM5
SIM1
SIM2
SIM3
SIM4
1
21
22
SIM5
SIM1
SIM2
SIM3
SIM4
1
21
22
SIM5
SIM1
SIM2
SIM3
SIM4
1
21
22
SIM5
SIM1
SIM2
SIM3
SIM4
1
21
22
SIM5
SIM1
SIM2
SIM3
SIM4
1
21
22
SIM5
SIM1
SIM2
SIM3
SIM4
1
21
22
SIM5
SIM1
SIM2
SIM3
SIM4
1
21
22
SIM5
SIM1
SIM2
SIM3
SIM4
1
21
22
SIM5
SIM1
SIM2
SIM3
SIM4
1
21
22
SIM5
SIM1
SIM2
SIM3
SIM4
1
21
22
SIM5
SIM1
SIM2
SIM3
SIM4
1
21
22
SIM5
SIM1
SIM2
SIM3
SIM4
1
21
22
SIM5
SIM1
SIM2
SIM3
SIM4
1
21
22
SIM5
SIM1
SIM2
SIM3
SIM4
1
21
22
SIM5
SIM1
SIM2
SIM3
SIM4
1
21
22
SIM5
SIM1
SIM2
SIM3
SIM4
1
21
22
SIM5
SIM1
SIM2
SIM3
SIM4
1
21
22
SIM5
SIM1
SIM2
SIM3
SIM4
1
21
22
SIM5
SIM1
SIM2
SIM3
SIM4
1
21
22
SIM5
SIM1
SIM2
SIM3
SIM4
1
21
22
SIM5
SIM1
SIM2
SIM3
SIM4
1
21
22
SIM5
SIM1
SIM2
SIM3
SIM4
1
21
22
SIM5
SIM1
SIM2
SIM3
SIM4
1
21
22
SIM5
SIM1
SIM2
SIM3
SIM4
1
21
22
SIM5
SIM1
SIM2
SIM3
SIM4
1
21
22
SIM5
SIM1
SIM2
SIM3
SIM4
1
21
22
SIM5
SIM1
SIM2
SIM3
SIM4
1
21
22
SIM5
SIM1
SIM2
SIM3
SIM4
1
21
22
SIM5
SIM1
SIM2
SIM3
SIM4
1
21
22
SIM5
SIM1
SIM2
SIM3
SIM4
1
21
22
SIM5
SIM1
SIM2
SIM3
SIM4
1
21
22
SIM5
SIM1
SIM2
DEBUG 1 93
SIM1
SIM2
SIM3
SIM4
1
21
22
SIM5
SIM1
SIM2
SIM3
SIM4
1
21
22
SIM5
SIM1
SIM2
SIM3
SIM4
1
21
22
SIM5
SIM1
SIM2
SIM3
SIM4
1
21
22
SIM5
SIM1
SIM2
SIM3
SIM4
1
21
22
SIM5
SIM1
SIM2
SIM3
SIM4
1
21
22
SIM5
SIM1
SIM2
SIM3
SIM4
1
21
22
SIM5
SIM1
SIM2
SIM3
SIM4
1
21
22
SIM5
SIM1
SIM2
SIM3
SIM4
1
21
22
SIM5
SIM1
SIM2
SIM3
SIM4
1
21
22
SIM5
SIM1
SIM2
SIM3
SIM4
1
21
22
SIM5
SIM1
SIM2
SIM3
SIM4
1
21
22
SIM5
SIM1
SIM2
SIM3
SIM4
1
21
22
SIM5
SIM1
SIM2
SIM3
SIM4
1
21
22
SIM5
SIM1
SIM2
SIM3
SIM4
1
21
22
SIM5
SIM1
SIM2
SIM3
SIM4
1
21
22
SIM5
SIM1
SIM2
SIM3
SIM4
1
21
22
SIM5
SIM1
SIM2
SIM3
SIM4
1
21
22
SIM5
SIM1
SIM2
SIM3
SIM4
1
21
22
SIM5
SIM1
SIM2
SIM3
SIM4
1
21
22
SIM5
SIM1
SIM2
SIM3
SIM4
1
21
22
SIM5
SIM1
SIM2
SIM3
SIM4
1
21
22
SIM5
SIM1
SIM2
SIM3
SIM4
1
21
22
SIM5
SIM1
SIM2
SIM3
SIM4
1
21
22
SIM5
SIM1
SIM2
SIM3
SIM4
1
21
22
SIM5
SIM1
SIM2
SIM3
SIM4
1
21
22
SIM5
SIM1
SIM2
SIM3
SIM4
1
21
22
SIM5
SIM1
SIM2
SIM3
SIM4
1
21
22
SIM5
SIM1
SIM2
SIM3
SIM4
1
21
22
SIM5
SIM1
SIM2
SIM3
SIM4
1
21
22
SIM5
SIM1
SIM2
SIM3
SIM4
1
21
22
SIM5
SIM1
SIM2
SIM3
SIM4
1
21
22
SIM5
SIM1
SIM2
SIM3
SIM4
1
21
22
SIM5
SIM1
SIM2
SIM3
SIM4
1
21
22
SIM5
SIM1
SIM2
SIM3
SIM4
1
21
22
SIM5
SIM1
SIM2
SIM3
SIM4
1
21
22
SIM5
SIM1
SIM2
SIM3
SIM4
1
21
22
SIM5
SIM1
SIM2
SIM3
SIM4
1
21
22
SIM5
SIM1
SIM2
SIM3
SIM4
1
21
22
SIM5
SIM1
SIM2
SIM3
SIM4
1
21
22
SIM5
SIM1
SIM2
SIM3
SIM4
1
21
22
SIM5
SIM1
SIM2
SIM3
SIM4
1
21
22
SIM5
SIM1
SIM2
SIM3
SIM4
1
21
22
SIM5
SIM1
SIM2
SIM3
SIM4
1
21
22
SIM5
SIM1
SIM2
SIM3
SIM4
1
21
22
SIM5
SIM1
SIM2
SIM3
SIM4
1
21
22
SIM5
SIM1
SIM2
SIM3
SIM4
1
21
22
SIM5
SIM1
SIM2
SIM3
SIM4
1
21
22
SIM5
SIM1
SIM2
SIM3
SIM4
1
21
22
SIM5
SIM1
SIM2
SIM3
SIM4
1
21
22
SIM5
SIM1
SIM2
SIM3
SIM4
1
21
22
SIM5
SIM1
SIM2
SIM3
SIM4
1
21
22
SIM5
SIM1
SIM2
SIM3
SIM4
1
21
22
SIM5
SIM1
SIM2
SIM3
SIM4
1
21
22
SIM5
SIM1
SIM2
SIM3
SIM4
1
21
22
SIM5
SIM1
SIM2
SIM3
SIM4
1
21
22
SIM5
SIM1
SIM2
SIM3
SIM4
1
21
22
SIM5
SIM1
SIM2
SIM3
SIM4
1
21
22
SIM5
SIM1
SIM2
SIM3
SIM4
1
21
22
SIM5
SIM1
SIM2
SIM3
SIM4
1
21
22
SIM5
SIM1
SIM2
SIM3
SIM4
1
21
22
SIM5
SIM1
SIM2
SIM3
SIM4
1
21
22
SIM5
SIM1
SIM2
SIM3
SIM4
1
21
22
SIM5
SIM1
SIM2
SIM3
SIM4
1
21
22
SIM5
SIM1
SIM2
SIM3
SIM4
1
21
22
SIM5
SIM1
SIM2
SIM3
SIM4
1
21
22
SIM5
SIM1
SIM2
SIM3
SIM4
1
21
22
SIM5
SIM1
SIM2
SIM3
SIM4
1
21
22
SIM5
SIM1
SIM2
SIM3
SIM4
1
21
22
SIM5
SIM1
SIM2
SIM3
SIM4
1
21
22
SIM5
SIM1
SIM2
SIM3
SIM4
1
21
22
SIM5
SIM1
SIM2
SIM3
SIM4
1
21
22
SIM5
SIM1
SIM2
SIM3
SIM4
1
21
22
SIM5
SIM1
SIM2
SIM3
SIM4
1
21
22
SIM5
SIM1
SIM2
SIM3
SIM4
1
21
22
SIM5
SIM1
SIM2
SIM3
SIM4
1
21
22
SIM5
SIM1
SIM2
SIM3
SIM4
1
21
22
SIM5
SIM1
SIM2
SIM3
SIM4
1
21
22
SIM5
SIM1
SIM2
SIM3
SIM4
1
21
22
SIM5
SIM1
SIM2
SIM3
SIM4
1
21
22
SIM5
SIM1
SIM2
SIM3
SIM4
1
21
22
SIM5
SIM1
SIM2
SIM3
SIM4
1
21
22
SIM5
SIM1
SIM2
SIM3
SIM4
1
21
22
SIM5
SIM1
SIM2
SIM3
SIM4
1
21
22
SIM5
SIM1
SIM2
SIM3
SIM4
1
21
22
SIM5
SIM1
SIM2
SIM3
SIM4
1
21
22
SIM5
SIM1
SIM2
SIM3
SIM4
1
21
22
SIM5
SIM1
SIM2
SIM3
SIM4
1
21
22
SIM5
SIM1
SIM2
SIM3
SIM4
1
21
22
SIM5
SIM1
SIM2
SIM3
SIM4
1
21
22
SIM5
SIM1
SIM2
SIM3
SIM4
1
21
22
SIM5
SIM1
SIM2
SIM3
SIM4
1
21
22
SIM5
SIM1
SIM2
SIM3
SIM4
1
21
22
SIM5
SIM1
SIM2
SIM3
SIM4
1
21
22
SIM5
SIM1
SIM2
SIM3
SIM4
1
21
22
SIM5
SIM1
SIM2
SIM3
SIM4
1
21
22
SIM5
SIM1
SIM2
SIM3
SIM4
1
21
22
SIM5
SIM1
SIM2
SIM3
SIM4
1
21
22
SIM5
SIM1
SIM2
SIM3
SIM4
1
21
22
SIM5
SIM1
SIM2
SIM3
SIM4
1
21
22
SIM5
SIM1
SIM2
SIM3
SIM4
1
21
22
SIM5
SIM1
SIM2
SIM3
SIM4
1
21
22
SIM5
SIM1
SIM2
SIM3
SIM4
1
21
22
SIM5
SIM1
SIM2
SIM3
SIM4
1
21
22
SIM5
SIM1
SIM2
SIM3
SIM4
1
21
22
SIM5
SIM1
SIM2
SIM3
SIM4
1
21
22
SIM5
SIM1
SIM2
SIM3
SIM4
1
21
22
SIM5
SIM1
SIM2
SIM3
SIM4
1
21
22
SIM5
SIM1
SIM2
SIM3
SIM4
1
21
22
SIM5
SIM1
SIM2
SIM3
SIM4
1
21
22
SIM5
SIM1
SIM2
SIM3
SIM4
1
21
22
SIM5
SIM1
SIM2
SIM3
SIM4
1
21
22
SIM5
SIM1
SIM2
SIM3
SIM4
1
21
22
SIM5
SIM1
SIM2
SIM3
SIM4
1
21
22
SIM5
SIM1
SIM2
SIM3
SIM4
1
21
22
SIM5
SIM1
SIM2
SIM3
SIM4
1
21
22
SIM5
SIM1
SIM2
SIM3
SIM4
1
21
22
SIM5
SIM1
SIM2
SIM3
SIM4
1
21
22
SIM5
SIM1
SIM2
SIM3
SIM4
1
21
22
SIM5
SIM1
SIM2
SIM3
SIM4
1
21
22
SIM5
SIM1
SIM2
SIM3
SIM4
1
21
22
SIM5
SIM1
SIM2
SIM3
SIM4
1
21
22
SIM5
SIM1
SIM2
SIM3
SIM4
1
21
22
SIM5
SIM1
SIM2
SIM3
SIM4
1
21
22
SIM5
SIM1
SIM2
SIM3
SIM4
1
21
22
SIM5
SIM1
SIM2
SIM3
SIM4
1
21
22
SIM5
SIM1
SIM2
SIM3
SIM4
1
21
22
SIM5
SIM1
SIM2
SIM3
SIM4
1
21
22
SIM5
SIM1
SIM2
SIM3
SIM4
1
21
22
SIM5
SIM1
SIM2
SIM3
SIM4
1
21
22
SIM5
SIM1
SIM2
SIM3
SIM4
1
21
22
SIM5
SIM1
SIM2
SIM3
SIM4
1
21
22
SIM5
SIM1
SIM2
SIM3
SIM4
1
21
22
SIM5
SIM1
SIM2
SIM3
SIM4
1
21
22
SIM5
SIM1
SIM2
SIM3
SIM4
1
21
22
SIM5
SIM1
SIM2
SIM3
SIM4
1
21
22
SIM5
SIM1
SIM2
SIM3
SIM4
1
21
22
SIM5
SIM1
SIM2
SIM3
SIM4
1
21
22
SIM5
SIM1
SIM2
SIM3
SIM4
1
21
22
SIM5
SIM1
SIM2
DEBUG 1 94
SIM1
SIM2
SIM3
SIM4
1
21
22
SIM5
SIM1
SIM2
SIM3
SIM4
1
21
22
SIM5
SIM1
SIM2
SIM3
SIM4
1
21
22
SIM5
SIM1
SIM2
SIM3
SIM4
1
21
22
SIM5
SIM1
SIM2
SIM3
SIM4
1
21
22
SIM5
SIM1
SIM2
SIM3
SIM4
1
21
22
SIM5
SIM1
SIM2
SIM3
SIM4
1
21
22
SIM5
SIM1
SIM2
SIM3
SIM4
1
21
22
SIM5
SIM1
SIM2
SIM3
SIM4
1
21
22
SIM5
SIM1
SIM2
SIM3
SIM4
1
21
22
SIM5
SIM1
SIM2
SIM3
SIM4
1
21
22
SIM5
SIM1
SIM2
SIM3
SIM4
1
21
22
SIM5
SIM1
SIM2
SIM3
SIM4
1
21
22
SIM5
SIM1
SIM2
SIM3
SIM4
1
21
22
SIM5
SIM1
SIM2
SIM3
SIM4
1
21
22
SIM5
SIM1
SIM2
SIM3
SIM4
1
21
22
SIM5
SIM1
SIM2
SIM3
SIM4
1
21
22
SIM5
SIM1
SIM2
SIM3
SIM4
1
21
22
SIM5
SIM1
SIM2
SIM3
SIM4
1
21
22
SIM5
SIM1
SIM2
SIM3
SIM4
1
21
22
SIM5
SIM1
SIM2
SIM3
SIM4
1
21
22
SIM5
SIM1
SIM2
SIM3
SIM4
1
21
22
SIM5
SIM1
SIM2
SIM3
SIM4
1
21
22
SIM5
SIM1
SIM2
SIM3
SIM4
1
21
22
SIM5
SIM1
SIM2
SIM3
SIM4
1
21
22
SIM5
SIM1
SIM2
SIM3
SIM4
1
21
22
SIM5
SIM1
SIM2
SIM3
SIM4
1
21
22
SIM5
SIM1
SIM2
SIM3
SIM4
1
21
22
SIM5
SIM1
SIM2
SIM3
SIM4
1
21
22
SIM5
SIM1
SIM2
SIM3
SIM4
1
21
22
SIM5
SIM1
SIM2
SIM3
SIM4
1
21
22
SIM5
SIM1
SIM2
SIM3
SIM4
1
21
22
SIM5
SIM1
SIM2
SIM3
SIM4
1
21
22
SIM5
SIM1
SIM2
SIM3
SIM4
1
21
22
SIM5
SIM1
SIM2
SIM3
SIM4
1
21
22
SIM5
SIM1
SIM2
SIM3
SIM4
1
21
22
SIM5
SIM1
SIM2
SIM3
SIM4
1
21
22
SIM5
SIM1
SIM2
SIM3
SIM4
1
21
22
SIM5
SIM1
SIM2
SIM3
SIM4
1
21
22
SIM5
SIM1
SIM2
SIM3
SIM4
1
21
22
SIM5
SIM1
SIM2
SIM3
SIM4
1
21
22
SIM5
SIM1
SIM2
SIM3
SIM4
1
21
22
SIM5
SIM1
SIM2
SIM3
SIM4
1
21
22
SIM5
SIM1
SIM2
SIM3
SIM4
1
21
22
SIM5
SIM1
SIM2
SIM3
SIM4
1
21
22
SIM5
SIM1
SIM2
SIM3
SIM4
1
21
22
SIM5
SIM1
SIM2
SIM3
SIM4
1
21
22
SIM5
SIM1
SIM2
SIM3
SIM4
1
21
22
SIM5
SIM1
SIM2
SIM3
SIM4
1
21
22
SIM5
SIM1
SIM2
SIM3
SIM4
1
21
22
SIM5
SIM1
SIM2
SIM3
SIM4
1
21
22
SIM5
SIM1
SIM2
SIM3
SIM4
1
21
22
SIM5
SIM1
SIM2
SIM3
SIM4
1
21
22
SIM5
SIM1
SIM2
SIM3
SIM4
1
21
22
SIM5
SIM1
SIM2
SIM3
SIM4
1
21
22
SIM5
SIM1
SIM2
SIM3
SIM4
1
21
22
SIM5
SIM1
SIM2
SIM3
SIM4
1
21
22
SIM5
SIM1
SIM2
SIM3
SIM4
1
21
22
SIM5
SIM1
SIM2
SIM3
SIM4
1
21
22
SIM5
SIM1
SIM2
SIM3
SIM4
1
21
22
SIM5
SIM1
SIM2
SIM3
SIM4
1
21
22
SIM5
SIM1
SIM2
SIM3
SIM4
1
21
22
SIM5
SIM1
SIM2
SIM3
SIM4
1
21
22
SIM5
SIM1
SIM2
SIM3
SIM4
1
21
22
SIM5
SIM1
SIM2
SIM3
SIM4
1
21
22
SIM5
SIM1
SIM2
SIM3
SIM4
1
21
22
SIM5
SIM1
SIM2
SIM3
SIM4
1
21
22
SIM5
SIM1
SIM2
SIM3
SIM4
1
21
22
SIM5
SIM1
SIM2
SIM3
SIM4
1
21
22
SIM5
SIM1
SIM2
SIM3
SIM4
1
21
22
SIM5
SIM1
SIM2
SIM3
SIM4
1
21
22
SIM5
SIM1
SIM2
SIM3
SIM4
1
21
22
SIM5
SIM1
SIM2
SIM3
SIM4
1
21
22
SIM5
SIM1
SIM2
SIM3
SIM4
1
21
22
SIM5
SIM1
SIM2
SIM3
SIM4
1
21
22
SIM5
SIM1
SIM2
SIM3
SIM4
1
21
22
SIM5
SIM1
SIM2
SIM3
SIM4
1
21
22
SIM5
SIM1
SIM2
SIM3
SIM4
1
21
22
SIM5
SIM1
SIM2
SIM3
SIM4
1
21
22
SIM5
SIM1
SIM2
SIM3
SIM4
1
21
22
SIM5
SIM1
SIM2
SIM3
SIM4
1
21
22
SIM5
SIM1
SIM2
SIM3
SIM4
1
21
22
SIM5
SIM1
SIM2
SIM3
SIM4
1
21
22
SIM5
SIM1
SIM2
SIM3
SIM4
1
21
22
SIM5
SIM1
SIM2
SIM3
SIM4
1
21
22
SIM5
SIM1
SIM2
SIM3
SIM4
1
21
22
SIM5
SIM1
SIM2
SIM3
SIM4
1
21
22
SIM5
SIM1
SIM2
SIM3
SIM4
1
21
22
SIM5
SIM1
SIM2
SIM3
SIM4
1
21
22
SIM5
SIM1
SIM2
SIM3
SIM4
1
21
22
SIM5
SIM1
SIM2
SIM3
SIM4
1
21
22
SIM5
SIM1
SIM2
SIM3
SIM4
1
21
22
SIM5
SIM1
SIM2
SIM3
SIM4
1
21
22
SIM5
SIM1
SIM2
SIM3
SIM4
1
21
22
SIM5
SIM1
SIM2
SIM3
SIM4
1
21
22
SIM5
SIM1
SIM2
SIM3
SIM4
1
21
22
SIM5
SIM1
SIM2
SIM3
SIM4
1
21
22
SIM5
SIM1
SIM2
SIM3
SIM4
1
21
22
SIM5
SIM1
SIM2
SIM3
SIM4
1
21
22
SIM5
SIM1
SIM2
SIM3
SIM4
1
21
22
SIM5
SIM1
SIM2
SIM3
SIM4
1
21
22
SIM5
SIM1
SIM2
SIM3
SIM4
1
21
22
SIM5
SIM1
SIM2
SIM3
SIM4
1
21
22
SIM5
SIM1
SIM2
SIM3
SIM4
1
21
22
SIM5
SIM1
SIM2
SIM3
SIM4
1
21
22
SIM5
SIM1
SIM2
SIM3
SIM4
1
21
22
SIM5
SIM1
SIM2
SIM3
SIM4
1
21
22
SIM5
SIM1
SIM2
SIM3
SIM4
1
21
22
SIM5
SIM1
SIM2
SIM3
SIM4
1
21
22
SIM5
SIM1
SIM2
SIM3
SIM4
1
21
22
SIM5
SIM1
SIM2
SIM3
SIM4
1
21
22
SIM5
SIM1
SIM2
SIM3
SIM4
1
21
22
SIM5
SIM1
SIM2
SIM3
SIM4
1
21
22
SIM5
SIM1
SIM2
SIM3
SIM4
1
21
22
SIM5
SIM1
SIM2
SIM3
SIM4
1
21
22
SIM5
SIM1
SIM2
SIM3
SIM4
1
21
22
SIM5
SIM1
SIM2
SIM3
SIM4
1
21
22
SIM5
SIM1
SIM2
SIM3
SIM4
1
21
22
SIM5
SIM1
SIM2
SIM3
SIM4
1
21
22
SIM5
SIM1
SIM2
SIM3
SIM4
1
21
22
SIM5
SIM1
SIM2
SIM3
SIM4
1
21
22
SIM5
SIM1
SIM2
SIM3
SIM4
1
21
22
SIM5
SIM1
SIM2
SIM3
SIM4
1
21
22
SIM5
SIM1
SIM2
SIM3
SIM4
1
21
22
SIM5
SIM1
SIM2
SIM3
SIM4
1
21
22
SIM5
SIM1
SIM2
SIM3
SIM4
1
21
22
SIM5
SIM1
SIM2
SIM3
SIM4
1
21
22
SIM5
SIM1
SIM2
SIM3
SIM4
1
21
22
SIM5
SIM1
SIM2
SIM3
SIM4
1
21
22
SIM5
SIM1
SIM2
SIM3
SIM4
1
21
22
SIM5
SIM1
SIM2
SIM3
SIM4
1
21
22
SIM5
SIM1
SIM2
SIM3
SIM4
1
21
22
SIM5
SIM1
SIM2
SIM3
SIM4
1
21
22
SIM5
SIM1
SIM2
SIM3
SIM4
1
21
22
SIM5
SIM1
SIM2
SIM3
SIM4
1
21
22
SIM5
SIM1
SIM2
SIM3
SIM4
1
21
22
SIM5
SIM1
SIM2
SIM3
SIM4
1
21
22
SIM5
SIM1
SIM2
SIM3
SIM4
1
21
22
SIM5
SIM1
SIM2
SIM3
SIM4
1
21
22
SIM5
SIM1
SIM2
SIM3
SIM4
1
21
22
SIM5
SIM1
SIM2
SIM3
SIM4
1
21
22
SIM5
SIM1
SIM2
SIM3
SIM4
1
21
22
SIM5
SIM1
SIM2
SIM3
SIM4
1
21
22
SIM5
SIM1
SIM2
SIM3
SIM4
1
21
22
SIM5
SIM1
SIM2
SIM3
SIM4
1
21
22
SIM5
SIM1
SIM2
SIM3
SIM4
1
21
22
SIM5
SIM1
SIM2
SIM3
SIM4
1
21
22
SIM5
SIM1
SIM2
SIM3
SIM4
1
21
22
SIM5
SIM1
SIM2
SIM3
SIM4
1
21
22
SIM5
SIM1
SIM2
SIM3
SIM4
1
21
22
SIM5
SIM1
SIM2
SIM3
SIM4
1
21
22
SIM5
SIM1
SIM2
SIM3
SIM4
1
21
22
SIM5
SIM1
SIM2
SIM3
SIM4
1
21
22
SIM5
SIM1
SIM2
SIM3
SIM4
1
21
22
SIM5
SIM1
SIM2
SIM3
SIM4
1
21
22
SIM5
SIM1
SIM2
SIM3
SIM4
1
21
22
SIM5
SIM1
SIM2
SIM3
SIM4
1
21
22
SIM5
SIM1
SIM2
SIM3
SIM4
1
21
22
SIM5
SIM1
SIM2
SIM3
SIM4
1
21
22
SIM5
SIM1
SIM2
SIM3
SIM4
1
21
22
SIM5
SIM1
SIM2
SIM3
SIM4
1
21
22
SIM5
SIM1
SIM2
SIM3
SIM4
1
21
22
SIM5
SIM1
SIM2
DEBUG 1 95
SIM1
SIM2
SIM3
SIM4
1
21
22
SIM5
SIM1
SIM2
SIM3
SIM4
1
21
22
SIM5
SIM1
SIM2
SIM3
SIM4
1
21
22
SIM5
SIM1
SIM2
SIM3
SIM4
1
21
22
SIM5
SIM1
SIM2
SIM3
SIM4
1
21
22
SIM5
SIM1
SIM2
SIM3
SIM4
1
21
22
SIM5
SIM1
SIM2
SIM3
SIM4
1
21
22
SIM5
SIM1
SIM2
SIM3
SIM4
1
21
22
SIM5
SIM1
SIM2
SIM3
SIM4
1
21
22
SIM5
SIM1
SIM2
SIM3
SIM4
1
21
22
SIM5
SIM1
SIM2
SIM3
SIM4
1
21
22
SIM5
SIM1
SIM2
SIM3
SIM4
1
21
22
SIM5
SIM1
SIM2
SIM3
SIM4
1
21
22
SIM5
SIM1
SIM2
SIM3
SIM4
1
21
22
SIM5
SIM1
SIM2
SIM3
SIM4
1
21
22
SIM5
SIM1
SIM2
SIM3
SIM4
1
21
22
SIM5
SIM1
SIM2
SIM3
SIM4
1
21
22
SIM5
SIM1
SIM2
SIM3
SIM4
1
21
22
SIM5
SIM1
SIM2
SIM3
SIM4
1
21
22
SIM5
SIM1
SIM2
SIM3
SIM4
1
21
22
SIM5
SIM1
SIM2
SIM3
SIM4
1
21
22
SIM5
SIM1
SIM2
SIM3
SIM4
1
21
22
SIM5
SIM1
SIM2
SIM3
SIM4
1
21
22
SIM5
SIM1
SIM2
SIM3
SIM4
1
21
22
SIM5
SIM1
SIM2
SIM3
SIM4
1
21
22
SIM5
SIM1
SIM2
SIM3
SIM4
1
21
22
SIM5
SIM1
SIM2
SIM3
SIM4
1
21
22
SIM5
SIM1
SIM2
SIM3
SIM4
1
21
22
SIM5
SIM1
SIM2
SIM3
SIM4
1
21
22
SIM5
SIM1
SIM2
SIM3
SIM4
1
21
22
SIM5
SIM1
SIM2
SIM3
SIM4
1
21
22
SIM5
SIM1
SIM2
SIM3
SIM4
1
21
22
SIM5
SIM1
SIM2
SIM3
SIM4
1
21
22
SIM5
SIM1
SIM2
SIM3
SIM4
1
21
22
SIM5
SIM1
SIM2
SIM3
SIM4
1
21
22
SIM5
SIM1
SIM2
SIM3
SIM4
1
21
22
SIM5
SIM1
SIM2
SIM3
SIM4
1
21
22
SIM5
SIM1
SIM2
SIM3
SIM4
1
21
22
SIM5
SIM1
SIM2
SIM3
SIM4
1
21
22
SIM5
SIM1
SIM2
SIM3
SIM4
1
21
22
SIM5
SIM1
SIM2
SIM3
SIM4
1
21
22
SIM5
SIM1
SIM2
SIM3
SIM4
1
21
22
SIM5
SIM1
SIM2
SIM3
SIM4
1
21
22
SIM5
SIM1
SIM2
SIM3
SIM4
1
21
22
SIM5
SIM1
SIM2
SIM3
SIM4
1
21
22
SIM5
SIM1
SIM2
SIM3
SIM4
1
21
22
SIM5
SIM1
SIM2
SIM3
SIM4
1
21
22
SIM5
SIM1
SIM2
SIM3
SIM4
1
21
22
SIM5
SIM1
SIM2
SIM3
SIM4
1
21
22
SIM5
SIM1
SIM2
SIM3
SIM4
1
21
22
SIM5
SIM1
SIM2
SIM3
SIM4
1
21
22
SIM5
SIM1
SIM2
SIM3
SIM4
1
21
22
SIM5
SIM1
SIM2
SIM3
SIM4
1
21
22
SIM5
SIM1
SIM2
SIM3
SIM4
1
21
22
SIM5
SIM1
SIM2
SIM3
SIM4
1
21
22
SIM5
SIM1
SIM2
SIM3
SIM4
1
21
22
SIM5
SIM1
SIM2
SIM3
SIM4
1
21
22
SIM5
SIM1
SIM2
SIM3
SIM4
1
21
22
SIM5
SIM1
SIM2
SIM3
SIM4
1
21
22
SIM5
SIM1
SIM2
SIM3
SIM4
1
21
22
SIM5
SIM1
SIM2
SIM3
SIM4
1
21
22
SIM5
SIM1
SIM2
SIM3
SIM4
1
21
22
SIM5
SIM1
SIM2
SIM3
SIM4
1
21
22
SIM5
SIM1
SIM2
SIM3
SIM4
1
21
22
SIM5
SIM1
SIM2
SIM3
SIM4
1
21
22
SIM5
SIM1
SIM2
SIM3
SIM4
1
21
22
SIM5
SIM1
SIM2
SIM3
SIM4
1
21
22
SIM5
SIM1
SIM2
SIM3
SIM4
1
21
22
SIM5
SIM1
SIM2
SIM3
SIM4
1
21
22
SIM5
SIM1
SIM2
SIM3
SIM4
1
21
22
SIM5
SIM1
SIM2
SIM3
SIM4
1
21
22
SIM5
SIM1
SIM2
SIM3
SIM4
1
21
22
SIM5
SIM1
SIM2
SIM3
SIM4
1
21
22
SIM5
SIM1
SIM2
SIM3
SIM4
1
21
22
SIM5
SIM1
SIM2
SIM3
SIM4
1
21
22
SIM5
SIM1
SIM2
SIM3
SIM4
1
21
22
SIM5
SIM1
SIM2
SIM3
SIM4
1
21
22
SIM5
SIM1
SIM2
SIM3
SIM4
1
21
22
SIM5
SIM1
SIM2
SIM3
SIM4
1
21
22
SIM5
SIM1
SIM2
SIM3
SIM4
1
21
22
SIM5
SIM1
SIM2
SIM3
SIM4
1
21
22
SIM5
SIM1
SIM2
SIM3
SIM4
1
21
22
SIM5
SIM1
SIM2
SIM3
SIM4
1
21
22
SIM5
SIM1
SIM2
SIM3
SIM4
1
21
22
SIM5
SIM1
SIM2
SIM3
SIM4
1
21
22
SIM5
SIM1
SIM2
SIM3
SIM4
1
21
22
SIM5
SIM1
SIM2
SIM3
SIM4
1
21
22
SIM5
SIM1
SIM2
SIM3
SIM4
1
21
22
SIM5
SIM1
SIM2
SIM3
SIM4
1
21
22
SIM5
SIM1
SIM2
SIM3
SIM4
1
21
22
SIM5
SIM1
SIM2
SIM3
SIM4
1
21
22
SIM5
SIM1
SIM2
SIM3
SIM4
1
21
22
SIM5
SIM1
SIM2
SIM3
SIM4
1
21
22
SIM5
SIM1
SIM2
SIM3
SIM4
1
21
22
SIM5
SIM1
SIM2
SIM3
SIM4
1
21
22
SIM5
SIM1
SIM2
SIM3
SIM4
1
21
22
SIM5
SIM1
SIM2
SIM3
SIM4
1
21
22
SIM5
SIM1
SIM2
SIM3
SIM4
1
21
22
SIM5
SIM1
SIM2
SIM3
SIM4
1
21
22
SIM5
SIM1
SIM2
SIM3
SIM4
1
21
22
SIM5
SIM1
SIM2
SIM3
SIM4
1
21
22
SIM5
SIM1
SIM2
SIM3
SIM4
1
21
22
SIM5
SIM1
SIM2
SIM3
SIM4
1
21
22
SIM5
SIM1
SIM2
SIM3
SIM4
1
21
22
SIM5
SIM1
SIM2
SIM3
SIM4
1
21
22
SIM5
SIM1
SIM2
SIM3
SIM4
1
21
22
SIM5
SIM1
SIM2
SIM3
SIM4
1
21
22
SIM5
SIM1
SIM2
SIM3
SIM4
1
21
22
SIM5
SIM1
SIM2
SIM3
SIM4
1
21
22
SIM5
SIM1
SIM2
SIM3
SIM4
1
21
22
SIM5
SIM1
SIM2
SIM3
SIM4
1
21
22
SIM5
SIM1
SIM2
SIM3
SIM4
1
21
22
SIM5
SIM1
SIM2
SIM3
SIM4
1
21
22
SIM5
SIM1
SIM2
SIM3
SIM4
1
21
22
SIM5
SIM1
SIM2
SIM3
SIM4
1
21
22
SIM5
SIM1
SIM2
SIM3
SIM4
1
21
22
SIM5
SIM1
SIM2
SIM3
SIM4
1
21
22
SIM5
SIM1
SIM2
SIM3
SIM4
1
21
22
SIM5
SIM1
SIM2
SIM3
SIM4
1
21
22
SIM5
SIM1
SIM2
SIM3
SIM4
1
21
22
SIM5
SIM1
SIM2
SIM3
SIM4
1
21
22
SIM5
SIM1
SIM2
SIM3
SIM4
1
21
22
SIM5
SIM1
SIM2
SIM3
SIM4
1
21
22
SIM5
SIM1
SIM2
SIM3
SIM4
1
21
22
SIM5
SIM1
SIM2
SIM3
SIM4
1
21
22
SIM5
SIM1
SIM2
SIM3
SIM4
1
21
22
SIM5
SIM1
SIM2
SIM3
SIM4
1
21
22
SIM5
SIM1
SIM2
SIM3
SIM4
1
21
22
SIM5
SIM1
SIM2
SIM3
SIM4
1
21
22
SIM5
SIM1
SIM2
SIM3
SIM4
1
21
22
SIM5
SIM1
SIM2
SIM3
SIM4
1
21
22
SIM5
SIM1
SIM2
SIM3
SIM4
1
21
22
SIM5
SIM1
SIM2
SIM3
SIM4
1
21
22
SIM5
SIM1
SIM2
SIM3
SIM4
1
21
22
SIM5
SIM1
SIM2
SIM3
SIM4
1
21
22
SIM5
SIM1
SIM2
SIM3
SIM4
1
21
22
SIM5
SIM1
SIM2
SIM3
SIM4
1
21
22
SIM5
SIM1
SIM2
SIM3
SIM4
1
21
22
SIM5
SIM1
SIM2
SIM3
SIM4
1
21
22
SIM5
SIM1
SIM2
SIM3
SIM4
1
21
22
SIM5
SIM1
SIM2
SIM3
SIM4
1
21
22
SIM5
SIM1
SIM2
SIM3
SIM4
1
21
22
SIM5
SIM1
SIM2
SIM3
SIM4
1
21
22
SIM5
SIM1
SIM2
SIM3
SIM4
1
21
22
SIM5
SIM1
SIM2
SIM3
SIM4
1
21
22
SIM5
SIM1
SIM2
SIM3
SIM4
1
21
22
SIM5
SIM1
SIM2
SIM3
SIM4
1
21
22
SIM5
SIM1
SIM2
SIM3
SIM4
1
21
22
SIM5
SIM1
SIM2
SIM3
SIM4
1
21
22
SIM5
SIM1
SIM2
SIM3
SIM4
1
21
22
SIM5
SIM1
SIM2
SIM3
SIM4
1
21
22
SIM5
SIM1
SIM2
SIM3
SIM4
1
21
22
SIM5
SIM1
SIM2
SIM3
SIM4
1
21
22
SIM5
SIM1
SIM2
SIM3
SIM4
1
21
22
SIM5
SIM1
SIM2
SIM3
SIM4
1
21
22
SIM5
SIM1
SIM2
SIM3
SIM4
1
21
22
SIM5
SIM1
SIM2
SIM3
SIM4
1
21
22
SIM5
SIM1
SIM2
SIM3
SIM4
1
21
22
SIM5
SIM1
SIM2
SIM3
SIM4
1
21
22
SIM5
SIM1
SIM2
SIM3
SIM4
1
21
22
SIM5
SIM1
SIM2
SIM3
SIM4
1
21
22
SIM5
SIM1
SIM2
SIM3
SIM4
1
21
22
SIM5
SIM1
SIM2
SIM3
SIM4
1
21
22
SIM5
SIM1
SIM2
SIM3
SIM4
1
21
22
SIM5
SIM1
SIM2
SIM3
SIM4
1
21
22
SIM5
SIM1
SIM2
SIM3
SIM4
1
21
22
SIM5
SIM1
SIM2
SIM3
SIM4
1
21
22
SIM5
SIM1
SIM2
SIM3
SIM4
1
21
22
SIM5
SIM1
SIM2
SIM3
SIM4
1
21
22
SIM5
SIM1
SIM2
SIM3
SIM4
1
21
22
SIM5
SIM1
SIM2
SIM3
SIM4
1
21
22
SIM5
SIM1
SIM2
SIM3
SIM4
1
21
22
SIM5
SIM1
SIM2
SIM3
SIM4
1
21
22
SIM5
SIM1
SIM2
SIM3
SIM4
1
21
22
SIM5
SIM1
SIM2
SIM3
SIM4
1
21
22
SIM5
SIM1
SIM2
SIM3
SIM4
1
21
22
SIM5
SIM1
SIM2
SIM3
SIM4
1
21
22
SIM5
SIM1
SIM2
SIM3
SIM4
1
21
22
SIM5
SIM1
SIM2
SIM3
SIM4
1
21
22
SIM5
SIM1
SIM2
SIM3
SIM4
1
21
22
SIM5
SIM1
SIM2
SIM3
SIM4
1
21
22
SIM5
SIM1
SIM2
SIM3
SIM4
1
21
22
SIM5
SIM1
SIM2
SIM3
SIM4
1
21
22
SIM5
SIM1
SIM2
SIM3
SIM4
1
21
22
SIM5
SIM1
SIM2
SIM3
SIM4
1
21
22
SIM5
SIM1
SIM2
SIM3
SIM4
1
21
22
SIM5
SIM1
SIM2
SIM3
SIM4
1
21
22
SIM5
SIM1
SIM2
SIM3
SIM4
1
21
22
SIM5
SIM1
SIM2
SIM3
SIM4
1
21
22
SIM5
SIM1
SIM2
SIM3
SIM4
1
21
22
SIM5
SIM1
SIM2
SIM3
SIM4
1
21
22
SIM5
SIM1
SIM2
SIM3
SIM4
1
21
22
SIM5
SIM1
SIM2
SIM3
SIM4
1
21
22
SIM5
SIM1
SIM2
SIM3
SIM4
1
21
22
SIM5
SIM1
SIM2
SIM3
SIM4
1
21
22
SIM5
SIM1
SIM2
SIM3
SIM4
1
21
22
SIM5
SIM1
SIM2
SIM3
SIM4
1
21
22
SIM5
SIM1
SIM2
SIM3
SIM4
1
21
22
SIM5
SIM1
SIM2
SIM3
SIM4
1
21
22
SIM5
SIM1
SIM2
SIM3
SIM4
1
21
22
SIM5
SIM1
SIM2
SIM3
SIM4
1
21
22
SIM5
SIM1
SIM2
SIM3
SIM4
1
21
22
SIM5
SIM1
SIM2
SIM3
SIM4
1
21
22
SIM5
SIM1
SIM2
SIM3
SIM4
1
21
22
SIM5
SIM1
SIM2
SIM3
SIM4
1
21
22
SIM5
SIM1
SIM2
SIM3
SIM4
1
21
22
SIM5
SIM1
SIM2
SIM3
SIM4
1
21
22
SIM5
SIM1
SIM2
DEBUG 1 96
SIM1
SIM2
SIM3
SIM4
1
21
22
SIM5
SIM1
SIM2
SIM3
SIM4
1
21
22
SIM5
SIM1
SIM2
SIM3
SIM4
1
21
22
SIM5
SIM1
SIM2
SIM3
SIM4
1
21
22
SIM5
SIM1
SIM2
SIM3
SIM4
1
21
22
SIM5
SIM1
SIM2
SIM3
SIM4
1
21
22
SIM5
SIM1
SIM2
SIM3
SIM4
1
21
22
SIM5
SIM1
SIM2
SIM3
SIM4
1
21
22
SIM5
SIM1
SIM2
SIM3
SIM4
1
21
22
SIM5
SIM1
SIM2
SIM3
SIM4
1
21
22
SIM5
SIM1
SIM2
SIM3
SIM4
1
21
22
SIM5
SIM1
SIM2
SIM3
SIM4
1
21
22
SIM5
SIM1
SIM2
SIM3
SIM4
1
21
22
SIM5
SIM1
SIM2
SIM3
SIM4
1
21
22
SIM5
SIM1
SIM2
SIM3
SIM4
1
21
22
SIM5
SIM1
SIM2
SIM3
SIM4
1
21
22
SIM5
SIM1
SIM2
SIM3
SIM4
1
21
22
SIM5
SIM1
SIM2
SIM3
SIM4
1
21
22
SIM5
SIM1
SIM2
SIM3
SIM4
1
21
22
SIM5
SIM1
SIM2
SIM3
SIM4
1
21
22
SIM5
SIM1
SIM2
SIM3
SIM4
1
21
22
SIM5
SIM1
SIM2
SIM3
SIM4
1
21
22
SIM5
SIM1
SIM2
SIM3
SIM4
1
21
22
SIM5
SIM1
SIM2
SIM3
SIM4
1
21
22
SIM5
SIM1
SIM2
SIM3
SIM4
1
21
22
SIM5
SIM1
SIM2
SIM3
SIM4
1
21
22
SIM5
SIM1
SIM2
SIM3
SIM4
1
21
22
SIM5
SIM1
SIM2
SIM3
SIM4
1
21
22
SIM5
SIM1
SIM2
SIM3
SIM4
1
21
22
SIM5
SIM1
SIM2
SIM3
SIM4
1
21
22
SIM5
SIM1
SIM2
SIM3
SIM4
1
21
22
SIM5
SIM1
SIM2
SIM3
SIM4
1
21
22
SIM5
SIM1
SIM2
SIM3
SIM4
1
21
22
SIM5
SIM1
SIM2
SIM3
SIM4
1
21
22
SIM5
SIM1
SIM2
SIM3
SIM4
1
21
22
SIM5
SIM1
SIM2
SIM3
SIM4
1
21
22
SIM5
SIM1
SIM2
SIM3
SIM4
1
21
22
SIM5
SIM1
SIM2
SIM3
SIM4
1
21
22
SIM5
SIM1
SIM2
SIM3
SIM4
1
21
22
SIM5
SIM1
SIM2
SIM3
SIM4
1
21
22
SIM5
SIM1
SIM2
SIM3
SIM4
1
21
22
SIM5
SIM1
SIM2
SIM3
SIM4
1
21
22
SIM5
SIM1
SIM2
SIM3
SIM4
1
21
22
SIM5
SIM1
SIM2
SIM3
SIM4
1
21
22
SIM5
SIM1
SIM2
SIM3
SIM4
1
21
22
SIM5
SIM1
SIM2
SIM3
SIM4
1
21
22
SIM5
SIM1
SIM2
SIM3
SIM4
1
21
22
SIM5
SIM1
SIM2
SIM3
SIM4
1
21
22
SIM5
SIM1
SIM2
SIM3
SIM4
1
21
22
SIM5
SIM1
SIM2
SIM3
SIM4
1
21
22
SIM5
SIM1
SIM2
SIM3
SIM4
1
21
22
SIM5
SIM1
SIM2
SIM3
SIM4
1
21
22
SIM5
SIM1
SIM2
SIM3
SIM4
1
21
22
SIM5
SIM1
SIM2
SIM3
SIM4
1
21
22
SIM5
SIM1
SIM2
SIM3
SIM4
1
21
22
SIM5
SIM1
SIM2
SIM3
SIM4
1
21
22
SIM5
SIM1
SIM2
SIM3
SIM4
1
21
22
SIM5
SIM1
SIM2
SIM3
SIM4
1
21
22
SIM5
SIM1
SIM2
SIM3
SIM4
1
21
22
SIM5
SIM1
SIM2
SIM3
SIM4
1
21
22
SIM5
SIM1
SIM2
SIM3
SIM4
1
21
22
SIM5
SIM1
SIM2
SIM3
SIM4
1
21
22
SIM5
SIM1
SIM2
SIM3
SIM4
1
21
22
SIM5
SIM1
SIM2
SIM3
SIM4
1
21
22
SIM5
SIM1
SIM2
SIM3
SIM4
1
21
22
SIM5
SIM1
SIM2
SIM3
SIM4
1
21
22
SIM5
SIM1
SIM2
SIM3
SIM4
1
21
22
SIM5
SIM1
SIM2
SIM3
SIM4
1
21
22
SIM5
SIM1
SIM2
SIM3
SIM4
1
21
22
SIM5
SIM1
SIM2
SIM3
SIM4
1
21
22
SIM5
SIM1
SIM2
SIM3
SIM4
1
21
22
SIM5
SIM1
SIM2
SIM3
SIM4
1
21
22
SIM5
SIM1
SIM2
SIM3
SIM4
1
21
22
SIM5
SIM1
SIM2
SIM3
SIM4
1
21
22
SIM5
SIM1
SIM2
SIM3
SIM4
1
21
22
SIM5
SIM1
SIM2
SIM3
SIM4
1
21
22
SIM5
SIM1
SIM2
SIM3
SIM4
1
21
22
SIM5
SIM1
SIM2
SIM3
SIM4
1
21
22
SIM5
SIM1
SIM2
SIM3
SIM4
1
21
22
SIM5
SIM1
SIM2
SIM3
SIM4
1
21
22
SIM5
SIM1
SIM2
SIM3
SIM4
1
21
22
SIM5
SIM1
SIM2
SIM3
SIM4
1
21
22
SIM5
SIM1
SIM2
SIM3
SIM4
1
21
22
SIM5
SIM1
SIM2
SIM3
SIM4
1
21
22
SIM5
SIM1
SIM2
SIM3
SIM4
1
21
22
SIM5
SIM1
SIM2
SIM3
SIM4
1
21
22
SIM5
SIM1
SIM2
SIM3
SIM4
1
21
22
SIM5
SIM1
SIM2
SIM3
SIM4
1
21
22
SIM5
SIM1
SIM2
SIM3
SIM4
1
21
22
SIM5
SIM1
SIM2
SIM3
SIM4
1
21
22
SIM5
SIM1
SIM2
SIM3
SIM4
1
21
22
SIM5
SIM1
SIM2
SIM3
SIM4
1
21
22
SIM5
SIM1
SIM2
SIM3
SIM4
1
21
22
SIM5
SIM1
SIM2
SIM3
SIM4
1
21
22
SIM5
SIM1
SIM2
SIM3
SIM4
1
21
22
SIM5
SIM1
SIM2
SIM3
SIM4
1
21
22
SIM5
SIM1
SIM2
SIM3
SIM4
1
21
22
SIM5
SIM1
SIM2
SIM3
SIM4
1
21
22
SIM5
SIM1
SIM2
SIM3
SIM4
1
21
22
SIM5
SIM1
SIM2
SIM3
SIM4
1
21
22
SIM5
SIM1
SIM2
SIM3
SIM4
1
21
22
SIM5
SIM1
SIM2
SIM3
SIM4
1
21
22
SIM5
SIM1
SIM2
SIM3
SIM4
1
21
22
SIM5
SIM1
SIM2
SIM3
SIM4
1
21
22
SIM5
SIM1
SIM2
SIM3
SIM4
1
21
22
SIM5
SIM1
SIM2
SIM3
SIM4
1
21
22
SIM5
SIM1
SIM2
SIM3
SIM4
1
21
22
SIM5
SIM1
SIM2
SIM3
SIM4
1
21
22
SIM5
SIM1
SIM2
SIM3
SIM4
1
21
22
SIM5
SIM1
SIM2
SIM3
SIM4
1
21
22
SIM5
SIM1
SIM2
SIM3
SIM4
1
21
22
SIM5
SIM1
SIM2
SIM3
SIM4
1
21
22
SIM5
SIM1
SIM2
SIM3
SIM4
1
21
22
SIM5
SIM1
SIM2
SIM3
SIM4
1
21
22
SIM5
SIM1
SIM2
SIM3
SIM4
1
21
22
SIM5
SIM1
SIM2
SIM3
SIM4
1
21
22
SIM5
SIM1
SIM2
SIM3
SIM4
1
21
22
SIM5
SIM1
SIM2
SIM3
SIM4
1
21
22
SIM5
SIM1
SIM2
SIM3
SIM4
1
21
22
SIM5
SIM1
SIM2
SIM3
SIM4
1
21
22
SIM5
SIM1
SIM2
SIM3
SIM4
1
21
22
SIM5
SIM1
SIM2
SIM3
SIM4
1
21
22
SIM5
SIM1
SIM2
SIM3
SIM4
1
21
22
SIM5
SIM1
SIM2
SIM3
SIM4
1
21
22
SIM5
SIM1
SIM2
SIM3
SIM4
1
21
22
SIM5
SIM1
SIM2
SIM3
SIM4
1
21
22
SIM5
SIM1
SIM2
SIM3
SIM4
1
21
22
SIM5
SIM1
SIM2
SIM3
SIM4
1
21
22
SIM5
SIM1
SIM2
SIM3
SIM4
1
21
22
SIM5
SIM1
SIM2
SIM3
SIM4
1
21
22
SIM5
SIM1
SIM2
SIM3
SIM4
1
21
22
SIM5
SIM1
SIM2
SIM3
SIM4
1
21
22
SIM5
SIM1
SIM2
SIM3
SIM4
1
21
22
SIM5
SIM1
SIM2
SIM3
SIM4
1
21
22
SIM5
SIM1
SIM2
SIM3
SIM4
1
21
22
SIM5
SIM1
SIM2
SIM3
SIM4
1
21
22
SIM5
SIM1
SIM2
SIM3
SIM4
1
21
22
SIM5
SIM1
SIM2
SIM3
SIM4
1
21
22
SIM5
SIM1
SIM2
SIM3
SIM4
1
21
22
SIM5
SIM1
SIM2
SIM3
SIM4
1
21
22
SIM5
SIM1
SIM2
SIM3
SIM4
1
21
22
SIM5
SIM1
SIM2
SIM3
SIM4
1
21
22
SIM5
SIM1
SIM2
SIM3
SIM4
1
21
22
SIM5
SIM1
SIM2
SIM3
SIM4
1
21
22
SIM5
SIM1
SIM2
SIM3
SIM4
1
21
22
SIM5
SIM1
SIM2
SIM3
SIM4
1
21
22
SIM5
SIM1
SIM2
SIM3
SIM4
1
21
22
SIM5
SIM1
SIM2
SIM3
SIM4
1
21
22
SIM5
SIM1
SIM2
SIM3
SIM4
1
21
22
SIM5
SIM1
SIM2
SIM3
SIM4
1
21
22
SIM5
SIM1
SIM2
SIM3
SIM4
1
21
22
SIM5
SIM1
SIM2
SIM3
SIM4
1
21
22
SIM5
SIM1
SIM2
SIM3
SIM4
1
21
22
SIM5
SIM1
SIM2
SIM3
SIM4
1
21
22
SIM5
SIM1
SIM2
SIM3
SIM4
1
21
22
SIM5
SIM1
SIM2
SIM3
SIM4
1
21
22
SIM5
SIM1
SIM2
SIM3
SIM4
1
21
22
SIM5
SIM1
SIM2
SIM3
SIM4
1
21
22
SIM5
SIM1
SIM2
SIM3
SIM4
1
21
22
SIM5
SIM1
SIM2
SIM3
SIM4
1
21
22
SIM5
SIM1
SIM2
SIM3
SIM4
1
21
22
SIM5
SIM1
SIM2
SIM3
SIM4
1
21
22
SIM5
SIM1
SIM2
SIM3
SIM4
1
21
22
SIM5
SIM1
SIM2
SIM3
SIM4
1
21
22
SIM5
SIM1
SIM2
SIM3
SIM4
1
21
22
SIM5
SIM1
SIM2
SIM3
SIM4
1
21
22
SIM5
SIM1
SIM2
SIM3
SIM4
1
21
22
SIM5
SIM1
SIM2
SIM3
SIM4
1
21
22
SIM5
SIM1
SIM2
SIM3
SIM4
1
21
22
SIM5
SIM1
SIM2
SIM3
SIM4
1
21
22
SIM5
SIM1
SIM2
SIM3
SIM4
1
21
22
SIM5
SIM1
SIM2
SIM3
SIM4
1
21
22
SIM5
SIM1
SIM2
SIM3
SIM4
1
21
22
SIM5
SIM1
SIM2
SIM3
SIM4
1
21
22
SIM5
SIM1
SIM2
SIM3
SIM4
1
21
22
SIM5
SIM1
SIM2
SIM3
SIM4
1
21
22
SIM5
SIM1
SIM2
SIM3
SIM4
1
21
22
SIM5
SIM1
SIM2
SIM3
SIM4
1
21
22
SIM5
SIM1
SIM2
SIM3
SIM4
1
21
22
SIM5
SIM1
SIM2
SIM3
SIM4
1
21
22
SIM5
SIM1
SIM2
SIM3
SIM4
1
21
22
SIM5
SIM1
SIM2
SIM3
SIM4
1
21
22
SIM5
SIM1
SIM2
SIM3
SIM4
1
21
22
SIM5
SIM1
SIM2
SIM3
SIM4
1
21
22
SIM5
SIM1
SIM2
SIM3
SIM4
1
21
22
SIM5
SIM1
SIM2
SIM3
SIM4
1
21
22
SIM5
SIM1
SIM2
SIM3
SIM4
1
21
22
SIM5
SIM1
SIM2
SIM3
SIM4
1
21
22
SIM5
SIM1
SIM2
SIM3
SIM4
1
21
22
SIM5
SIM1
SIM2
SIM3
SIM4
1
21
22
SIM5
SIM1
SIM2
SIM3
SIM4
1
21
22
SIM5
SIM1
SIM2
SIM3
SIM4
1
21
22
SIM5
SIM1
SIM2
SIM3
SIM4
1
21
22
SIM5
SIM1
SIM2
SIM3
SIM4
1
21
22
SIM5
SIM1
SIM2
SIM3
SIM4
1
21
22
SIM5
SIM1
SIM2
SIM3
SIM4
1
21
22
SIM5
SIM1
SIM2
SIM3
SIM4
1
21
22
SIM5
SIM1
SIM2
SIM3
SIM4
1
21
22
SIM5
SIM1
SIM2
SIM3
SIM4
1
21
22
SIM5
SIM1
SIM2
SIM3
SIM4
1
21
22
SIM5
SIM1
SIM2
DEBUG 1 97
SIM1
SIM2
SIM3
SIM4
1
21
22
SIM5
SIM1
SIM2
SIM3
SIM4
1
21
22
SIM5
SIM1
SIM2
SIM3
SIM4
1
21
22
SIM5
SIM1
SIM2
SIM3
SIM4
1
21
22
SIM5
SIM1
SIM2
SIM3
SIM4
1
21
22
SIM5
SIM1
SIM2
SIM3
SIM4
1
21
22
SIM5
SIM1
SIM2
SIM3
SIM4
1
21
22
SIM5
SIM1
SIM2
SIM3
SIM4
1
21
22
SIM5
SIM1
SIM2
SIM3
SIM4
1
21
22
SIM5
SIM1
SIM2
SIM3
SIM4
1
21
22
SIM5
SIM1
SIM2
SIM3
SIM4
1
21
22
SIM5
SIM1
SIM2
SIM3
SIM4
1
21
22
SIM5
SIM1
SIM2
SIM3
SIM4
1
21
22
SIM5
SIM1
SIM2
SIM3
SIM4
1
21
22
SIM5
SIM1
SIM2
SIM3
SIM4
1
21
22
SIM5
SIM1
SIM2
SIM3
SIM4
1
21
22
SIM5
SIM1
SIM2
SIM3
SIM4
1
21
22
SIM5
SIM1
SIM2
SIM3
SIM4
1
21
22
SIM5
SIM1
SIM2
SIM3
SIM4
1
21
22
SIM5
SIM1
SIM2
SIM3
SIM4
1
21
22
SIM5
SIM1
SIM2
SIM3
SIM4
1
21
22
SIM5
SIM1
SIM2
SIM3
SIM4
1
21
22
SIM5
SIM1
SIM2
SIM3
SIM4
1
21
22
SIM5
SIM1
SIM2
SIM3
SIM4
1
21
22
SIM5
SIM1
SIM2
SIM3
SIM4
1
21
22
SIM5
SIM1
SIM2
SIM3
SIM4
1
21
22
SIM5
SIM1
SIM2
SIM3
SIM4
1
21
22
SIM5
SIM1
SIM2
SIM3
SIM4
1
21
22
SIM5
SIM1
SIM2
SIM3
SIM4
1
21
22
SIM5
SIM1
SIM2
SIM3
SIM4
1
21
22
SIM5
SIM1
SIM2
SIM3
SIM4
1
21
22
SIM5
SIM1
SIM2
SIM3
SIM4
1
21
22
SIM5
SIM1
SIM2
SIM3
SIM4
1
21
22
SIM5
SIM1
SIM2
SIM3
SIM4
1
21
22
SIM5
SIM1
SIM2
SIM3
SIM4
1
21
22
SIM5
SIM1
SIM2
SIM3
SIM4
1
21
22
SIM5
SIM1
SIM2
SIM3
SIM4
1
21
22
SIM5
SIM1
SIM2
SIM3
SIM4
1
21
22
SIM5
SIM1
SIM2
SIM3
SIM4
1
21
22
SIM5
SIM1
SIM2
SIM3
SIM4
1
21
22
SIM5
SIM1
SIM2
SIM3
SIM4
1
21
22
SIM5
SIM1
SIM2
SIM3
SIM4
1
21
22
SIM5
SIM1
SIM2
SIM3
SIM4
1
21
22
SIM5
SIM1
SIM2
SIM3
SIM4
1
21
22
SIM5
SIM1
SIM2
SIM3
SIM4
1
21
22
SIM5
SIM1
SIM2
SIM3
SIM4
1
21
22
SIM5
SIM1
SIM2
SIM3
SIM4
1
21
22
SIM5
SIM1
SIM2
SIM3
SIM4
1
21
22
SIM5
SIM1
SIM2
SIM3
SIM4
1
21
22
SIM5
SIM1
SIM2
SIM3
SIM4
1
21
22
SIM5
SIM1
SIM2
SIM3
SIM4
1
21
22
SIM5
SIM1
SIM2
SIM3
SIM4
1
21
22
SIM5
SIM1
SIM2
SIM3
SIM4
1
21
22
SIM5
SIM1
SIM2
SIM3
SIM4
1
21
22
SIM5
SIM1
SIM2
SIM3
SIM4
1
21
22
SIM5
SIM1
SIM2
SIM3
SIM4
1
21
22
SIM5
SIM1
SIM2
SIM3
SIM4
1
21
22
SIM5
SIM1
SIM2
SIM3
SIM4
1
21
22
SIM5
SIM1
SIM2
SIM3
SIM4
1
21
22
SIM5
SIM1
SIM2
SIM3
SIM4
1
21
22
SIM5
SIM1
SIM2
SIM3
SIM4
1
21
22
SIM5
SIM1
SIM2
SIM3
SIM4
1
21
22
SIM5
SIM1
SIM2
SIM3
SIM4
1
21
22
SIM5
SIM1
SIM2
SIM3
SIM4
1
21
22
SIM5
SIM1
SIM2
SIM3
SIM4
1
21
22
SIM5
SIM1
SIM2
SIM3
SIM4
1
21
22
SIM5
SIM1
SIM2
SIM3
SIM4
1
21
22
SIM5
SIM1
SIM2
SIM3
SIM4
1
21
22
SIM5
SIM1
SIM2
SIM3
SIM4
1
21
22
SIM5
SIM1
SIM2
SIM3
SIM4
1
21
22
SIM5
SIM1
SIM2
SIM3
SIM4
1
21
22
SIM5
SIM1
SIM2
SIM3
SIM4
1
21
22
SIM5
SIM1
SIM2
SIM3
SIM4
1
21
22
SIM5
SIM1
SIM2
SIM3
SIM4
1
21
22
SIM5
SIM1
SIM2
SIM3
SIM4
1
21
22
SIM5
SIM1
SIM2
SIM3
SIM4
1
21
22
SIM5
SIM1
SIM2
SIM3
SIM4
1
21
22
SIM5
SIM1
SIM2
SIM3
SIM4
1
21
22
SIM5
SIM1
SIM2
SIM3
SIM4
1
21
22
SIM5
SIM1
SIM2
SIM3
SIM4
1
21
22
SIM5
SIM1
SIM2
SIM3
SIM4
1
21
22
SIM5
SIM1
SIM2
SIM3
SIM4
1
21
22
SIM5
SIM1
SIM2
SIM3
SIM4
1
21
22
SIM5
SIM1
SIM2
SIM3
SIM4
1
21
22
SIM5
SIM1
SIM2
SIM3
SIM4
1
21
22
SIM5
SIM1
SIM2
SIM3
SIM4
1
21
22
SIM5
SIM1
SIM2
SIM3
SIM4
1
21
22
SIM5
SIM1
SIM2
SIM3
SIM4
1
21
22
SIM5
SIM1
SIM2
SIM3
SIM4
1
21
22
SIM5
SIM1
SIM2
SIM3
SIM4
1
21
22
SIM5
SIM1
SIM2
SIM3
SIM4
1
21
22
SIM5
SIM1
SIM2
SIM3
SIM4
1
21
22
SIM5
SIM1
SIM2
SIM3
SIM4
1
21
22
SIM5
SIM1
SIM2
SIM3
SIM4
1
21
22
SIM5
SIM1
SIM2
SIM3
SIM4
1
21
22
SIM5
SIM1
SIM2
SIM3
SIM4
1
21
22
SIM5
SIM1
SIM2
SIM3
SIM4
1
21
22
SIM5
SIM1
SIM2
SIM3
SIM4
1
21
22
SIM5
SIM1
SIM2
SIM3
SIM4
1
21
22
SIM5
SIM1
SIM2
SIM3
SIM4
1
21
22
SIM5
SIM1
SIM2
SIM3
SIM4
1
21
22
SIM5
SIM1
SIM2
SIM3
SIM4
1
21
22
SIM5
SIM1
SIM2
SIM3
SIM4
1
21
22
SIM5
SIM1
SIM2
SIM3
SIM4
1
21
22
SIM5
SIM1
SIM2
SIM3
SIM4
1
21
22
SIM5
SIM1
SIM2
SIM3
SIM4
1
21
22
SIM5
SIM1
SIM2
SIM3
SIM4
1
21
22
SIM5
SIM1
SIM2
SIM3
SIM4
1
21
22
SIM5
SIM1
SIM2
SIM3
SIM4
1
21
22
SIM5
SIM1
SIM2
SIM3
SIM4
1
21
22
SIM5
SIM1
SIM2
SIM3
SIM4
1
21
22
SIM5
SIM1
SIM2
SIM3
SIM4
1
21
22
SIM5
SIM1
SIM2
SIM3
SIM4
1
21
22
SIM5
SIM1
SIM2
SIM3
SIM4
1
21
22
SIM5
SIM1
SIM2
SIM3
SIM4
1
21
22
SIM5
SIM1
SIM2
SIM3
SIM4
1
21
22
SIM5
SIM1
SIM2
SIM3
SIM4
1
21
22
SIM5
SIM1
SIM2
SIM3
SIM4
1
21
22
SIM5
SIM1
SIM2
SIM3
SIM4
1
21
22
SIM5
SIM1
SIM2
SIM3
SIM4
1
21
22
SIM5
SIM1
SIM2
SIM3
SIM4
1
21
22
SIM5
SIM1
SIM2
SIM3
SIM4
1
21
22
SIM5
SIM1
SIM2
SIM3
SIM4
1
21
22
SIM5
SIM1
SIM2
SIM3
SIM4
1
21
22
SIM5
SIM1
SIM2
SIM3
SIM4
1
21
22
SIM5
SIM1
SIM2
SIM3
SIM4
1
21
22
SIM5
SIM1
SIM2
SIM3
SIM4
1
21
22
SIM5
SIM1
SIM2
SIM3
SIM4
1
21
22
SIM5
SIM1
SIM2
SIM3
SIM4
1
21
22
SIM5
SIM1
SIM2
SIM3
SIM4
1
21
22
SIM5
SIM1
SIM2
SIM3
SIM4
1
21
22
SIM5
SIM1
SIM2
SIM3
SIM4
1
21
22
SIM5
SIM1
SIM2
SIM3
SIM4
1
21
22
SIM5
SIM1
SIM2
SIM3
SIM4
1
21
22
SIM5
SIM1
SIM2
SIM3
SIM4
1
21
22
SIM5
SIM1
SIM2
SIM3
SIM4
1
21
22
SIM5
SIM1
SIM2
SIM3
SIM4
1
21
22
SIM5
SIM1
SIM2
SIM3
SIM4
1
21
22
SIM5
SIM1
SIM2
SIM3
SIM4
1
21
22
SIM5
SIM1
SIM2
SIM3
SIM4
1
21
22
SIM5
SIM1
SIM2
SIM3
SIM4
1
21
22
SIM5
SIM1
SIM2
SIM3
SIM4
1
21
22
SIM5
SIM1
SIM2
SIM3
SIM4
1
21
22
SIM5
SIM1
SIM2
SIM3
SIM4
1
21
22
SIM5
SIM1
SIM2
SIM3
SIM4
1
21
22
SIM5
SIM1
SIM2
SIM3
SIM4
1
21
22
SIM5
SIM1
SIM2
SIM3
SIM4
1
21
22
SIM5
SIM1
SIM2
SIM3
SIM4
1
21
22
SIM5
SIM1
SIM2
SIM3
SIM4
1
21
22
SIM5
SIM1
SIM2
DEBUG 1 98
SIM1
SIM2
SIM3
SIM4
1
21
22
SIM5
SIM1
SIM2
SIM3
SIM4
1
21
22
SIM5
SIM1
SIM2
SIM3
SIM4
1
21
22
SIM5
SIM1
SIM2
SIM3
SIM4
1
21
22
SIM5
SIM1
SIM2
SIM3
SIM4
1
21
22
SIM5
SIM1
SIM2
SIM3
SIM4
1
21
22
SIM5
SIM1
SIM2
SIM3
SIM4
1
21
22
SIM5
SIM1
SIM2
SIM3
SIM4
1
21
22
SIM5
SIM1
SIM2
SIM3
SIM4
1
21
22
SIM5
SIM1
SIM2
SIM3
SIM4
1
21
22
SIM5
SIM1
SIM2
SIM3
SIM4
1
21
22
SIM5
SIM1
SIM2
SIM3
SIM4
1
21
22
SIM5
SIM1
SIM2
SIM3
SIM4
1
21
22
SIM5
SIM1
SIM2
SIM3
SIM4
1
21
22
SIM5
SIM1
SIM2
SIM3
SIM4
1
21
22
SIM5
SIM1
SIM2
SIM3
SIM4
1
21
22
SIM5
SIM1
SIM2
SIM3
SIM4
1
21
22
SIM5
SIM1
SIM2
SIM3
SIM4
1
21
22
SIM5
SIM1
SIM2
SIM3
SIM4
1
21
22
SIM5
SIM1
SIM2
SIM3
SIM4
1
21
22
SIM5
SIM1
SIM2
SIM3
SIM4
1
21
22
SIM5
SIM1
SIM2
SIM3
SIM4
1
21
22
SIM5
SIM1
SIM2
SIM3
SIM4
1
21
22
SIM5
SIM1
SIM2
SIM3
SIM4
1
21
22
SIM5
SIM1
SIM2
SIM3
SIM4
1
21
22
SIM5
SIM1
SIM2
SIM3
SIM4
1
21
22
SIM5
SIM1
SIM2
SIM3
SIM4
1
21
22
SIM5
SIM1
SIM2
SIM3
SIM4
1
21
22
SIM5
SIM1
SIM2
SIM3
SIM4
1
21
22
SIM5
SIM1
SIM2
SIM3
SIM4
1
21
22
SIM5
SIM1
SIM2
SIM3
SIM4
1
21
22
SIM5
SIM1
SIM2
SIM3
SIM4
1
21
22
SIM5
SIM1
SIM2
SIM3
SIM4
1
21
22
SIM5
SIM1
SIM2
SIM3
SIM4
1
21
22
SIM5
SIM1
SIM2
SIM3
SIM4
1
21
22
SIM5
SIM1
SIM2
SIM3
SIM4
1
21
22
SIM5
SIM1
SIM2
SIM3
SIM4
1
21
22
SIM5
SIM1
SIM2
SIM3
SIM4
1
21
22
SIM5
SIM1
SIM2
SIM3
SIM4
1
21
22
SIM5
SIM1
SIM2
SIM3
SIM4
1
21
22
SIM5
SIM1
SIM2
SIM3
SIM4
1
21
22
SIM5
SIM1
SIM2
SIM3
SIM4
1
21
22
SIM5
SIM1
SIM2
SIM3
SIM4
1
21
22
SIM5
SIM1
SIM2
SIM3
SIM4
1
21
22
SIM5
SIM1
SIM2
SIM3
SIM4
1
21
22
SIM5
SIM1
SIM2
SIM3
SIM4
1
21
22
SIM5
SIM1
SIM2
SIM3
SIM4
1
21
22
SIM5
SIM1
SIM2
SIM3
SIM4
1
21
22
SIM5
SIM1
SIM2
SIM3
SIM4
1
21
22
SIM5
SIM1
SIM2
SIM3
SIM4
1
21
22
SIM5
SIM1
SIM2
SIM3
SIM4
1
21
22
SIM5
SIM1
SIM2
SIM3
SIM4
1
21
22
SIM5
SIM1
SIM2
SIM3
SIM4
1
21
22
SIM5
SIM1
SIM2
SIM3
SIM4
1
21
22
SIM5
SIM1
SIM2
SIM3
SIM4
1
21
22
SIM5
SIM1
SIM2
SIM3
SIM4
1
21
22
SIM5
SIM1
SIM2
SIM3
SIM4
1
21
22
SIM5
SIM1
SIM2
SIM3
SIM4
1
21
22
SIM5
SIM1
SIM2
SIM3
SIM4
1
21
22
SIM5
SIM1
SIM2
SIM3
SIM4
1
21
22
SIM5
SIM1
SIM2
SIM3
SIM4
1
21
22
SIM5
SIM1
SIM2
SIM3
SIM4
1
21
22
SIM5
SIM1
SIM2
SIM3
SIM4
1
21
22
SIM5
SIM1
SIM2
SIM3
SIM4
1
21
22
SIM5
SIM1
SIM2
SIM3
SIM4
1
21
22
SIM5
SIM1
SIM2
SIM3
SIM4
1
21
22
SIM5
SIM1
SIM2
SIM3
SIM4
1
21
22
SIM5
SIM1
SIM2
SIM3
SIM4
1
21
22
SIM5
SIM1
SIM2
SIM3
SIM4
1
21
22
SIM5
SIM1
SIM2
SIM3
SIM4
1
21
22
SIM5
SIM1
SIM2
SIM3
SIM4
1
21
22
SIM5
SIM1
SIM2
SIM3
SIM4
1
21
22
SIM5
SIM1
SIM2
SIM3
SIM4
1
21
22
SIM5
SIM1
SIM2
SIM3
SIM4
1
21
22
SIM5
SIM1
SIM2
SIM3
SIM4
1
21
22
SIM5
SIM1
SIM2
SIM3
SIM4
1
21
22
SIM5
SIM1
SIM2
SIM3
SIM4
1
21
22
SIM5
SIM1
SIM2
SIM3
SIM4
1
21
22
SIM5
SIM1
SIM2
SIM3
SIM4
1
21
22
SIM5
SIM1
SIM2
SIM3
SIM4
1
21
22
SIM5
SIM1
SIM2
SIM3
SIM4
1
21
22
SIM5
SIM1
SIM2
SIM3
SIM4
1
21
22
SIM5
SIM1
SIM2
SIM3
SIM4
1
21
22
SIM5
SIM1
SIM2
SIM3
SIM4
1
21
22
SIM5
SIM1
SIM2
SIM3
SIM4
1
21
22
SIM5
SIM1
SIM2
SIM3
SIM4
1
21
22
SIM5
SIM1
SIM2
SIM3
SIM4
1
21
22
SIM5
SIM1
SIM2
SIM3
SIM4
1
21
22
SIM5
SIM1
SIM2
SIM3
SIM4
1
21
22
SIM5
SIM1
SIM2
SIM3
SIM4
1
21
22
SIM5
SIM1
SIM2
SIM3
SIM4
1
21
22
SIM5
SIM1
SIM2
SIM3
SIM4
1
21
22
SIM5
SIM1
SIM2
SIM3
SIM4
1
21
22
SIM5
SIM1
SIM2
SIM3
SIM4
1
21
22
SIM5
SIM1
SIM2
SIM3
SIM4
1
21
22
SIM5
SIM1
SIM2
SIM3
SIM4
1
21
22
SIM5
SIM1
SIM2
SIM3
SIM4
1
21
22
SIM5
SIM1
SIM2
SIM3
SIM4
1
21
22
SIM5
SIM1
SIM2
SIM3
SIM4
1
21
22
SIM5
SIM1
SIM2
SIM3
SIM4
1
21
22
SIM5
SIM1
SIM2
SIM3
SIM4
1
21
22
SIM5
SIM1
SIM2
SIM3
SIM4
1
21
22
SIM5
SIM1
SIM2
SIM3
SIM4
1
21
22
SIM5
SIM1
SIM2
SIM3
SIM4
1
21
22
SIM5
SIM1
SIM2
SIM3
SIM4
1
21
22
SIM5
SIM1
SIM2
SIM3
SIM4
1
21
22
SIM5
SIM1
SIM2
SIM3
SIM4
1
21
22
SIM5
SIM1
SIM2
SIM3
SIM4
1
21
22
SIM5
SIM1
SIM2
SIM3
SIM4
1
21
22
SIM5
SIM1
SIM2
SIM3
SIM4
1
21
22
SIM5
SIM1
SIM2
SIM3
SIM4
1
21
22
SIM5
SIM1
SIM2
SIM3
SIM4
1
21
22
SIM5
SIM1
SIM2
SIM3
SIM4
1
21
22
SIM5
SIM1
SIM2
SIM3
SIM4
1
21
22
SIM5
SIM1
SIM2
SIM3
SIM4
1
21
22
SIM5
SIM1
SIM2
SIM3
SIM4
1
21
22
SIM5
SIM1
SIM2
SIM3
SIM4
1
21
22
SIM5
SIM1
SIM2
SIM3
SIM4
1
21
22
SIM5
SIM1
SIM2
SIM3
SIM4
1
21
22
SIM5
SIM1
SIM2
SIM3
SIM4
1
21
22
SIM5
SIM1
SIM2
SIM3
SIM4
1
21
22
SIM5
SIM1
SIM2
SIM3
SIM4
1
21
22
SIM5
SIM1
SIM2
DEBUG 1 99
SIM1
SIM2
SIM3
SIM4
1
21
22
SIM5
SIM1
SIM2
SIM3
SIM4
1
21
22
SIM5
SIM1
SIM2
SIM3
SIM4
1
21
22
SIM5
SIM1
SIM2
SIM3
SIM4
1
21
22
SIM5
SIM1
SIM2
SIM3
SIM4
1
21
22
SIM5
SIM1
SIM2
SIM3
SIM4
1
21
22
SIM5
SIM1
SIM2
SIM3
SIM4
1
21
22
SIM5
SIM1
SIM2
SIM3
SIM4
1
21
22
SIM5
SIM1
SIM2
SIM3
SIM4
1
21
22
SIM5
SIM1
SIM2
SIM3
SIM4
1
21
22
SIM5
SIM1
SIM2
SIM3
SIM4
1
21
22
SIM5
SIM1
SIM2
SIM3
SIM4
1
21
22
SIM5
SIM1
SIM2
SIM3
SIM4
1
21
22
SIM5
SIM1
SIM2
SIM3
SIM4
1
21
22
SIM5
SIM1
SIM2
SIM3
SIM4
1
21
22
SIM5
SIM1
SIM2
SIM3
SIM4
1
21
22
SIM5
SIM1
SIM2
SIM3
SIM4
1
21
22
SIM5
SIM1
SIM2
SIM3
SIM4
1
21
22
SIM5
SIM1
SIM2
SIM3
SIM4
1
21
22
SIM5
SIM1
SIM2
SIM3
SIM4
1
21
22
SIM5
SIM1
SIM2
SIM3
SIM4
1
21
22
SIM5
SIM1
SIM2
SIM3
SIM4
1
21
22
SIM5
SIM1
SIM2
SIM3
SIM4
1
21
22
SIM5
SIM1
SIM2
SIM3
SIM4
1
21
22
SIM5
SIM1
SIM2
SIM3
SIM4
1
21
22
SIM5
SIM1
SIM2
SIM3
SIM4
1
21
22
SIM5
SIM1
SIM2
SIM3
SIM4
1
21
22
SIM5
SIM1
SIM2
SIM3
SIM4
1
21
22
SIM5
SIM1
SIM2
SIM3
SIM4
1
21
22
SIM5
SIM1
SIM2
SIM3
SIM4
1
21
22
SIM5
SIM1
SIM2
SIM3
SIM4
1
21
22
SIM5
SIM1
SIM2
SIM3
SIM4
1
21
22
SIM5
SIM1
SIM2
SIM3
SIM4
1
21
22
SIM5
SIM1
SIM2
SIM3
SIM4
1
21
22
SIM5
SIM1
SIM2
SIM3
SIM4
1
21
22
SIM5
SIM1
SIM2
SIM3
SIM4
1
21
22
SIM5
SIM1
SIM2
SIM3
SIM4
1
21
22
SIM5
SIM1
SIM2
SIM3
SIM4
1
21
22
SIM5
SIM1
SIM2
SIM3
SIM4
1
21
22
SIM5
SIM1
SIM2
SIM3
SIM4
1
21
22
SIM5
SIM1
SIM2
SIM3
SIM4
1
21
22
SIM5
SIM1
SIM2
SIM3
SIM4
1
21
22
SIM5
SIM1
SIM2
SIM3
SIM4
1
21
22
SIM5
SIM1
SIM2
SIM3
SIM4
1
21
22
SIM5
SIM1
SIM2
SIM3
SIM4
1
21
22
SIM5
SIM1
SIM2
SIM3
SIM4
1
21
22
SIM5
SIM1
SIM2
SIM3
SIM4
1
21
22
SIM5
SIM1
SIM2
SIM3
SIM4
1
21
22
SIM5
SIM1
SIM2
SIM3
SIM4
1
21
22
SIM5
SIM1
SIM2
SIM3
SIM4
1
21
22
SIM5
SIM1
SIM2
SIM3
SIM4
1
21
22
SIM5
SIM1
SIM2
SIM3
SIM4
1
21
22
SIM5
SIM1
SIM2
SIM3
SIM4
1
21
22
SIM5
SIM1
SIM2
SIM3
SIM4
1
21
22
SIM5
SIM1
SIM2
SIM3
SIM4
1
21
22
SIM5
SIM1
SIM2
SIM3
SIM4
1
21
22
SIM5
SIM1
SIM2
SIM3
SIM4
1
21
22
SIM5
SIM1
SIM2
SIM3
SIM4
1
21
22
SIM5
SIM1
SIM2
SIM3
SIM4
1
21
22
SIM5
SIM1
SIM2
SIM3
SIM4
1
21
22
SIM5
SIM1
SIM2
SIM3
SIM4
1
21
22
SIM5
SIM1
SIM2
SIM3
SIM4
1
21
22
SIM5
SIM1
SIM2
SIM3
SIM4
1
21
22
SIM5
SIM1
SIM2
SIM3
SIM4
1
21
22
SIM5
SIM1
SIM2
SIM3
SIM4
1
21
22
SIM5
SIM1
SIM2
SIM3
SIM4
1
21
22
SIM5
SIM1
SIM2
SIM3
SIM4
1
21
22
SIM5
SIM1
SIM2
SIM3
SIM4
1
21
22
SIM5
SIM1
SIM2
SIM3
SIM4
1
21
22
SIM5
SIM1
SIM2
SIM3
SIM4
1
21
22
SIM5
SIM1
SIM2
SIM3
SIM4
1
21
22
SIM5
SIM1
SIM2
SIM3
SIM4
1
21
22
SIM5
SIM1
SIM2
SIM3
SIM4
1
21
22
SIM5
SIM1
SIM2
SIM3
SIM4
1
21
22
SIM5
SIM1
SIM2
SIM3
SIM4
1
21
22
SIM5
SIM1
SIM2
SIM3
SIM4
1
21
22
SIM5
SIM1
SIM2
SIM3
SIM4
1
21
22
SIM5
SIM1
SIM2
SIM3
SIM4
1
21
22
SIM5
SIM1
SIM2
SIM3
SIM4
1
21
22
SIM5
SIM1
SIM2
SIM3
SIM4
1
21
22
SIM5
SIM1
SIM2
SIM3
SIM4
1
21
22
SIM5
SIM1
SIM2
SIM3
SIM4
1
21
22
SIM5
SIM1
SIM2
SIM3
SIM4
1
21
22
SIM5
SIM1
SIM2
SIM3
SIM4
1
21
22
SIM5
SIM1
SIM2
SIM3
SIM4
1
21
22
SIM5
SIM1
SIM2
SIM3
SIM4
1
21
22
SIM5
SIM1
SIM2
SIM3
SIM4
1
21
22
SIM5
SIM1
SIM2
SIM3
SIM4
1
21
22
SIM5
SIM1
SIM2
SIM3
SIM4
1
21
22
SIM5
SIM1
SIM2
SIM3
SIM4
1
21
22
SIM5
SIM1
SIM2
SIM3
SIM4
1
21
22
SIM5
SIM1
SIM2
SIM3
SIM4
1
21
22
SIM5
SIM1
SIM2
SIM3
SIM4
1
21
22
SIM5
SIM1
SIM2
SIM3
SIM4
1
21
22
SIM5
SIM1
SIM2
SIM3
SIM4
1
21
22
SIM5
SIM1
SIM2
SIM3
SIM4
1
21
22
SIM5
SIM1
SIM2
SIM3
SIM4
1
21
22
SIM5
SIM1
SIM2
SIM3
SIM4
1
21
22
SIM5
SIM1
SIM2
SIM3
SIM4
1
21
22
SIM5
SIM1
SIM2
SIM3
SIM4
1
21
22
SIM5
SIM1
SIM2
SIM3
SIM4
1
21
22
SIM5
SIM1
SIM2
SIM3
SIM4
1
21
22
SIM5
SIM1
SIM2
SIM3
SIM4
1
21
22
SIM5
SIM1
SIM2
SIM3
SIM4
1
21
22
SIM5
SIM1
SIM2
SIM3
SIM4
1
21
22
SIM5
SIM1
SIM2
SIM3
SIM4
1
21
22
SIM5
SIM1
SIM2
SIM3
SIM4
1
21
22
SIM5
SIM1
SIM2
SIM3
SIM4
1
21
22
SIM5
SIM1
SIM2
SIM3
SIM4
1
21
22
SIM5
SIM1
SIM2
SIM3
SIM4
1
21
22
SIM5
SIM1
SIM2
SIM3
SIM4
1
21
22
SIM5
SIM1
SIM2
SIM3
SIM4
1
21
22
SIM5
SIM1
SIM2
SIM3
SIM4
1
21
22
SIM5
SIM1
SIM2
SIM3
SIM4
1
21
22
SIM5
SIM1
SIM2
SIM3
SIM4
1
21
22
SIM5
SIM1
SIM2
SIM3
SIM4
1
21
22
SIM5
SIM1
SIM2
SIM3
SIM4
1
21
22
SIM5
SIM1
SIM2
SIM3
SIM4
1
21
22
SIM5
SIM1
SIM2
SIM3
SIM4
1
21
22
SIM5
SIM1
SIM2
SIM3
SIM4
1
21
22
SIM5
SIM1
SIM2
SIM3
SIM4
1
21
22
SIM5
SIM1
SIM2
SIM3
SIM4
1
21
22
SIM5
SIM1
SIM2
SIM3
SIM4
1
21
22
SIM5
SIM1
SIM2
SIM3
SIM4
1
21
22
SIM5
SIM1
SIM2
SIM3
SIM4
1
21
22
SIM5
SIM1
SIM2
SIM3
SIM4
1
21
22
SIM5
SIM1
SIM2
SIM3
SIM4
1
21
22
SIM5
SIM1
SIM2
SIM3
SIM4
1
21
22
SIM5
SIM1
SIM2
SIM3
SIM4
1
21
22
SIM5
SIM1
SIM2
SIM3
SIM4
1
21
22
SIM5
SIM1
SIM2
SIM3
SIM4
1
21
22
SIM5
SIM1
SIM2
SIM3
SIM4
1
21
22
SIM5
SIM1
SIM2
SIM3
SIM4
1
21
22
SIM5
SIM1
SIM2
SIM3
SIM4
1
21
22
SIM5
SIM1
SIM2
SIM3
SIM4
1
21
22
SIM5
SIM1
SIM2
SIM3
SIM4
1
21
22
SIM5
SIM1
SIM2
SIM3
SIM4
1
21
22
SIM5
SIM1
SIM2
SIM3
SIM4
1
21
22
SIM5
SIM1
SIM2
SIM3
SIM4
1
21
22
SIM5
SIM1
SIM2
SIM3
SIM4
1
21
22
SIM5
SIM1
SIM2
SIM3
SIM4
1
21
22
SIM5
SIM1
SIM2
SIM3
SIM4
1
21
22
SIM5
SIM1
SIM2
SIM3
SIM4
1
21
22
SIM5
SIM1
SIM2
SIM3
SIM4
1
21
22
SIM5
SIM1
SIM2
SIM3
SIM4
1
21
22
SIM5
SIM1
SIM2
SIM3
SIM4
1
21
22
SIM5
SIM1
SIM2
SIM3
SIM4
1
21
22
SIM5
SIM1
SIM2
SIM3
SIM4
1
21
22
SIM5
SIM1
SIM2
SIM3
SIM4
1
21
22
SIM5
SIM1
SIM2
SIM3
SIM4
1
21
22
SIM5
SIM1
SIM2
SIM3
SIM4
1
21
22
SIM5
SIM1
SIM2
SIM3
SIM4
1
21
22
SIM5
SIM1
SIM2
SIM3
SIM4
1
21
22
SIM5
SIM1
SIM2
SIM3
SIM4
1
21
22
SIM5
SIM1
SIM2
SIM3
SIM4
1
21
22
SIM5
SIM1
SIM2
SIM3
SIM4
1
21
22
SIM5
SIM1
SIM2
SIM3
SIM4
1
21
22
SIM5
SIM1
SIM2
SIM3
SIM4
1
21
22
SIM5
SIM1
SIM2
SIM3
SIM4
1
21
22
SIM5
SIM1
SIM2
SIM3
SIM4
1
21
22
SIM5
SIM1
SIM2
SIM3
SIM4
1
21
22
SIM5
SIM1
SIM2
SIM3
SIM4
1
21
22
SIM5
SIM1
SIM2
SIM3
SIM4
1
21
22
SIM5
SIM1
SIM2
SIM3
SIM4
1
21
22
SIM5
SIM1
SIM2
SIM3
SIM4
1
21
22
SIM5
SIM1
SIM2
SIM3
SIM4
1
21
22
SIM5
SIM1
SIM2
SIM3
SIM4
1
21
22
SIM5
SIM1
SIM2
SIM3
SIM4
1
21
22
SIM5
SIM1
SIM2
SIM3
SIM4
1
21
22
SIM5
SIM1
SIM2
SIM3
SIM4
1
21
22
SIM5
SIM1
SIM2
SIM3
SIM4
1
21
22
SIM5
SIM1
SIM2
SIM3
SIM4
1
21
22
SIM5
SIM1
SIM2
SIM3
SIM4
1
21
22
SIM5
SIM1
SIM2
SIM3
SIM4
1
21
22
SIM5
SIM1
SIM2
SIM3
SIM4
1
21
22
SIM5
SIM1
SIM2
SIM3
SIM4
1
21
22
SIM5
SIM1
SIM2
SIM3
SIM4
1
21
22
SIM5
SIM1
SIM2
SIM3
SIM4
1
21
22
SIM5
SIM1
SIM2
SIM3
SIM4
1
21
22
SIM5
SIM1
SIM2
SIM3
SIM4
1
21
22
SIM5
SIM1
SIM2
SIM3
SIM4
1
21
22
SIM5
SIM1
SIM2
SIM3
SIM4
1
21
22
SIM5
SIM1
SIM2
SIM3
SIM4
1
21
22
SIM5
SIM1
SIM2
SIM3
SIM4
1
21
22
SIM5
SIM1
SIM2
SIM3
SIM4
1
21
22
SIM5
SIM1
SIM2
SIM3
SIM4
1
21
22
SIM5
SIM1
SIM2
SIM3
SIM4
1
21
22
SIM5
SIM1
SIM2
SIM3
SIM4
1
21
22
SIM5
SIM1
SIM2
SIM3
SIM4
1
21
22
SIM5
SIM1
SIM2
SIM3
SIM4
1
21
22
SIM5
SIM1
SIM2
SIM3
SIM4
1
21
22
SIM5
SIM1
SIM2
SIM3
SIM4
1
21
22
SIM5
SIM1
SIM2
SIM3
SIM4
1
21
22
SIM5
SIM1
SIM2
SIM3
SIM4
1
21
22
SIM5
SIM1
SIM2
SIM3
SIM4
1
21
22
SIM5
SIM1
SIM2
SIM3
SIM4
1
21
22
SIM5
SIM1
SIM2
SIM3
SIM4
1
21
22
SIM5
SIM1
SIM2
SIM3
SIM4
1
21
22
SIM5
SIM1
SIM2
SIM3
SIM4
1
21
22
SIM5
SIM1
SIM2
SIM3
SIM4
1
21
22
SIM5
SIM1
SIM2
SIM3
SIM4
1
21
22
SIM5
SIM1
SIM2
SIM3
SIM4
1
21
22
SIM5
SIM1
SIM2
SIM3
SIM4
1
21
22
SIM5
SIM1
SIM2
SIM3
SIM4
1
21
22
SIM5
SIM1
SIM2
SIM3
SIM4
1
21
22
SIM5
SIM1
SIM2
SIM3
SIM4
1
21
22
SIM5
SIM1
SIM2
SIM3
SIM4
1
21
22
SIM5
SIM1
SIM2
SIM3
SIM4
1
21
22
SIM5
SIM1
SIM2
SIM3
SIM4
1
21
22
SIM5
SIM1
SIM2
SIM3
SIM4
1
21
22
SIM5
SIM1
SIM2
SIM3
SIM4
1
21
22
SIM5
SIM1
SIM2
SIM3
SIM4
1
21
22
SIM5
SIM1
SIM2
SIM3
SIM4
1
21
22
SIM5
SIM1
SIM2
SIM3
SIM4
1
21
22
SIM5
SIM1
SIM2
SIM3
SIM4
1
21
22
SIM5
SIM1
SIM2
SIM3
SIM4
1
21
22
SIM5
SIM1
SIM2
SIM3
SIM4
1
21
22
SIM5
SIM1
SIM2
SIM3
SIM4
1
21
22
SIM5
SIM1
SIM2
SIM3
SIM4
1
21
22
SIM5
SIM1
SIM2
SIM3
SIM4
1
21
22
SIM5
SIM1
SIM2
SIM3
SIM4
1
21
22
SIM5
SIM1
SIM2
SIM3
SIM4
1
21
22
SIM5
SIM1
SIM2
SIM3
SIM4
1
21
22
SIM5
SIM1
SIM2
SIM3
SIM4
1
21
22
SIM5
SIM1
SIM2
SIM3
SIM4
1
21
22
SIM5
SIM1
SIM2
SIM3
SIM4
1
21
22
SIM5
SIM1
SIM2
SIM3
SIM4
1
21
22
SIM5
SIM1
SIM2
SIM3
SIM4
1
21
22
SIM5
SIM1
SIM2
DEBUG 1 100
SIM1
SIM2
SIM3
SIM4
1
21
22
SIM5
SIM1
SIM2
SIM3
SIM4
1
21
22
SIM5
SIM1
SIM2
SIM3
SIM4
1
21
22
SIM5
SIM1
SIM2
SIM3
SIM4
1
21
22
SIM5
SIM1
SIM2
SIM3
SIM4
1
21
22
SIM5
SIM1
SIM2
SIM3
SIM4
1
21
22
SIM5
SIM1
SIM2
SIM3
SIM4
1
21
22
SIM5
SIM1
SIM2
SIM3
SIM4
1
21
22
SIM5
SIM1
SIM2
SIM3
SIM4
1
21
22
SIM5
SIM1
SIM2
SIM3
SIM4
1
21
22
SIM5
SIM1
SIM2
SIM3
SIM4
1
21
22
SIM5
SIM1
SIM2
SIM3
SIM4
1
21
22
SIM5
SIM1
SIM2
SIM3
SIM4
1
21
22
SIM5
SIM1
SIM2
SIM3
SIM4
1
21
22
SIM5
SIM1
SIM2
SIM3
SIM4
1
21
22
SIM5
SIM1
SIM2
SIM3
SIM4
1
21
22
SIM5
SIM1
SIM2
SIM3
SIM4
1
21
22
SIM5
SIM1
SIM2
SIM3
SIM4
1
21
22
SIM5
SIM1
SIM2
SIM3
SIM4
1
21
22
SIM5
SIM1
SIM2
SIM3
SIM4
1
21
22
SIM5
SIM1
SIM2
SIM3
SIM4
1
21
22
SIM5
SIM1
SIM2
SIM3
SIM4
1
21
22
SIM5
SIM1
SIM2
SIM3
SIM4
1
21
22
SIM5
SIM1
SIM2
SIM3
SIM4
1
21
22
SIM5
SIM1
SIM2
SIM3
SIM4
1
21
22
SIM5
SIM1
SIM2
SIM3
SIM4
1
21
22
SIM5
SIM1
SIM2
SIM3
SIM4
1
21
22
SIM5
SIM1
SIM2
SIM3
SIM4
1
21
22
SIM5
SIM1
SIM2
SIM3
SIM4
1
21
22
SIM5
SIM1
SIM2
SIM3
SIM4
1
21
22
SIM5
SIM1
SIM2
SIM3
SIM4
1
21
22
SIM5
SIM1
SIM2
SIM3
SIM4
1
21
22
SIM5
SIM1
SIM2
SIM3
SIM4
1
21
22
SIM5
SIM1
SIM2
SIM3
SIM4
1
21
22
SIM5
SIM1
SIM2
SIM3
SIM4
1
21
22
SIM5
SIM1
SIM2
SIM3
SIM4
1
21
22
SIM5
SIM1
SIM2
SIM3
SIM4
1
21
22
SIM5
SIM1
SIM2
SIM3
SIM4
1
21
22
SIM5
SIM1
SIM2
SIM3
SIM4
1
21
22
SIM5
SIM1
SIM2
SIM3
SIM4
1
21
22
SIM5
SIM1
SIM2
SIM3
SIM4
1
21
22
SIM5
SIM1
SIM2
SIM3
SIM4
1
21
22
SIM5
SIM1
SIM2
SIM3
SIM4
1
21
22
SIM5
SIM1
SIM2
SIM3
SIM4
1
21
22
SIM5
SIM1
SIM2
SIM3
SIM4
1
21
22
SIM5
SIM1
SIM2
SIM3
SIM4
1
21
22
SIM5
SIM1
SIM2
SIM3
SIM4
1
21
22
SIM5
SIM1
SIM2
SIM3
SIM4
1
21
22
SIM5
SIM1
SIM2
SIM3
SIM4
1
21
22
SIM5
SIM1
SIM2
SIM3
SIM4
1
21
22
SIM5
SIM1
SIM2
SIM3
SIM4
1
21
22
SIM5
SIM1
SIM2
SIM3
SIM4
1
21
22
SIM5
SIM1
SIM2
SIM3
SIM4
1
21
22
SIM5
SIM1
SIM2
SIM3
SIM4
1
21
22
SIM5
SIM1
SIM2
SIM3
SIM4
1
21
22
SIM5
SIM1
SIM2
SIM3
SIM4
1
21
22
SIM5
SIM1
SIM2
SIM3
SIM4
1
21
22
SIM5
SIM1
SIM2
SIM3
SIM4
1
21
22
SIM5
SIM1
SIM2
SIM3
SIM4
1
21
22
SIM5
SIM1
SIM2
SIM3
SIM4
1
21
22
SIM5
SIM1
SIM2
SIM3
SIM4
1
21
22
SIM5
SIM1
SIM2
SIM3
SIM4
1
21
22
SIM5
SIM1
SIM2
SIM3
SIM4
1
21
22
SIM5
SIM1
SIM2
SIM3
SIM4
1
21
22
SIM5
SIM1
SIM2
SIM3
SIM4
1
21
22
SIM5
SIM1
SIM2
SIM3
SIM4
1
21
22
SIM5
SIM1
SIM2
SIM3
SIM4
1
21
22
SIM5
SIM1
SIM2
SIM3
SIM4
1
21
22
SIM5
SIM1
SIM2
SIM3
SIM4
1
21
22
SIM5
SIM1
SIM2
SIM3
SIM4
1
21
22
SIM5
SIM1
SIM2
SIM3
SIM4
1
21
22
SIM5
SIM1
SIM2
SIM3
SIM4
1
21
22
SIM5
SIM1
SIM2
SIM3
SIM4
1
21
22
SIM5
SIM1
SIM2
SIM3
SIM4
1
21
22
SIM5
SIM1
SIM2
SIM3
SIM4
1
21
22
SIM5
SIM1
SIM2
SIM3
SIM4
1
21
22
SIM5
SIM1
SIM2
SIM3
SIM4
1
21
22
SIM5
SIM1
SIM2
SIM3
SIM4
1
21
22
SIM5
SIM1
SIM2
SIM3
SIM4
1
21
22
SIM5
SIM1
SIM2
SIM3
SIM4
1
21
22
SIM5
SIM1
SIM2
SIM3
SIM4
1
21
22
SIM5
SIM1
SIM2
SIM3
SIM4
1
21
22
SIM5
SIM1
SIM2
SIM3
SIM4
1
21
22
SIM5
SIM1
SIM2
SIM3
SIM4
1
21
22
SIM5
SIM1
SIM2
SIM3
SIM4
1
21
22
SIM5
SIM1
SIM2
SIM3
SIM4
1
21
22
SIM5
SIM1
SIM2
SIM3
SIM4
1
21
22
SIM5
SIM1
SIM2
SIM3
SIM4
1
21
22
SIM5
SIM1
SIM2
SIM3
SIM4
1
21
22
SIM5
SIM1
SIM2
SIM3
SIM4
1
21
22
SIM5
SIM1
SIM2
SIM3
SIM4
1
21
22
SIM5
SIM1
SIM2
SIM3
SIM4
1
21
22
SIM5
SIM1
SIM2
SIM3
SIM4
1
21
22
SIM5
SIM1
SIM2
SIM3
SIM4
1
21
22
SIM5
SIM1
SIM2
SIM3
SIM4
1
21
22
SIM5
SIM1
SIM2
SIM3
SIM4
1
21
22
SIM5
SIM1
SIM2
SIM3
SIM4
1
21
22
SIM5
SIM1
SIM2
SIM3
SIM4
1
21
22
SIM5
SIM1
SIM2
SIM3
SIM4
1
21
22
SIM5
SIM1
SIM2
SIM3
SIM4
1
21
22
SIM5
SIM1
SIM2
SIM3
SIM4
1
21
22
SIM5
SIM1
SIM2
SIM3
SIM4
1
21
22
SIM5
SIM1
SIM2
SIM3
SIM4
1
21
22
SIM5
SIM1
SIM2
SIM3
SIM4
1
21
22
SIM5
SIM1
SIM2
SIM3
SIM4
1
21
22
SIM5
SIM1
SIM2
SIM3
SIM4
1
21
22
SIM5
SIM1
SIM2
SIM3
SIM4
1
21
22
SIM5
SIM1
SIM2
SIM3
SIM4
1
21
22
SIM5
SIM1
SIM2
SIM3
SIM4
1
21
22
SIM5
SIM1
SIM2
SIM3
SIM4
1
21
22
SIM5
SIM1
SIM2
SIM3
SIM4
1
21
22
SIM5
SIM1
SIM2
SIM3
SIM4
1
21
22
SIM5
SIM1
SIM2
SIM3
SIM4
1
21
22
SIM5
SIM1
SIM2
SIM3
SIM4
1
21
22
SIM5
SIM1
SIM2
SIM3
SIM4
1
21
22
SIM5
SIM1
SIM2
SIM3
SIM4
1
21
22
SIM5
SIM1
SIM2
SIM3
SIM4
1
21
22
SIM5
SIM1
SIM2
SIM3
SIM4
1
21
22
SIM5
SIM1
SIM2
SIM3
SIM4
1
21
22
SIM5
SIM1
SIM2
SIM3
SIM4
1
21
22
SIM5
SIM1
SIM2
SIM3
SIM4
1
21
22
SIM5
SIM1
SIM2
SIM3
SIM4
1
21
22
SIM5
SIM1
SIM2
SIM3
SIM4
1
21
22
SIM5
SIM1
SIM2
SIM3
SIM4
1
21
22
SIM5
SIM1
SIM2
SIM3
SIM4
1
21
22
SIM5
SIM1
SIM2
SIM3
SIM4
1
21
22
SIM5
SIM1
SIM2
SIM3
SIM4
1
21
22
SIM5
SIM1
SIM2
SIM3
SIM4
1
21
22
SIM5
SIM1
SIM2
SIM3
SIM4
1
21
22
SIM5
SIM1
SIM2
SIM3
SIM4
1
21
22
SIM5
SIM1
SIM2
SIM3
SIM4
1
21
22
SIM5
SIM1
SIM2
SIM3
SIM4
1
21
22
SIM5
SIM1
SIM2
SIM3
SIM4
1
21
22
SIM5
SIM1
SIM2
SIM3
SIM4
1
21
22
SIM5
SIM1
SIM2
SIM3
SIM4
1
21
22
SIM5
SIM1
SIM2
SIM3
SIM4
1
21
22
SIM5
SIM1
SIM2
DEBUG 1 101
SIM1
SIM2
SIM3
SIM4
1
21
22
SIM5
SIM1
SIM2
SIM3
SIM4
1
21
22
SIM5
SIM1
SIM2
SIM3
SIM4
1
21
22
SIM5
SIM1
SIM2
SIM3
SIM4
1
21
22
SIM5
SIM1
SIM2
SIM3
SIM4
1
21
22
SIM5
SIM1
SIM2
SIM3
SIM4
1
21
22
SIM5
SIM1
SIM2
SIM3
SIM4
1
21
22
SIM5
SIM1
SIM2
SIM3
SIM4
1
21
22
SIM5
SIM1
SIM2
SIM3
SIM4
1
21
22
SIM5
SIM1
SIM2
SIM3
SIM4
1
21
22
SIM5
SIM1
SIM2
SIM3
SIM4
1
21
22
SIM5
SIM1
SIM2
SIM3
SIM4
1
21
22
SIM5
SIM1
SIM2
SIM3
SIM4
1
21
22
SIM5
SIM1
SIM2
SIM3
SIM4
1
21
22
SIM5
SIM1
SIM2
SIM3
SIM4
1
21
22
SIM5
SIM1
SIM2
SIM3
SIM4
1
21
22
SIM5
SIM1
SIM2
SIM3
SIM4
1
21
22
SIM5
SIM1
SIM2
SIM3
SIM4
1
21
22
SIM5
SIM1
SIM2
SIM3
SIM4
1
21
22
SIM5
SIM1
SIM2
SIM3
SIM4
1
21
22
SIM5
SIM1
SIM2
SIM3
SIM4
1
21
22
SIM5
SIM1
SIM2
SIM3
SIM4
1
21
22
SIM5
SIM1
SIM2
SIM3
SIM4
1
21
22
SIM5
SIM1
SIM2
SIM3
SIM4
1
21
22
SIM5
SIM1
SIM2
SIM3
SIM4
1
21
22
SIM5
SIM1
SIM2
SIM3
SIM4
1
21
22
SIM5
SIM1
SIM2
SIM3
SIM4
1
21
22
SIM5
SIM1
SIM2
SIM3
SIM4
1
21
22
SIM5
SIM1
SIM2
SIM3
SIM4
1
21
22
SIM5
SIM1
SIM2
SIM3
SIM4
1
21
22
SIM5
SIM1
SIM2
SIM3
SIM4
1
21
22
SIM5
SIM1
SIM2
SIM3
SIM4
1
21
22
SIM5
SIM1
SIM2
SIM3
SIM4
1
21
22
SIM5
SIM1
SIM2
SIM3
SIM4
1
21
22
SIM5
SIM1
SIM2
SIM3
SIM4
1
21
22
SIM5
SIM1
SIM2
SIM3
SIM4
1
21
22
SIM5
SIM1
SIM2
SIM3
SIM4
1
21
22
SIM5
SIM1
SIM2
SIM3
SIM4
1
21
22
SIM5
SIM1
SIM2
SIM3
SIM4
1
21
22
SIM5
SIM1
SIM2
SIM3
SIM4
1
21
22
SIM5
SIM1
SIM2
SIM3
SIM4
1
21
22
SIM5
SIM1
SIM2
SIM3
SIM4
1
21
22
SIM5
SIM1
SIM2
SIM3
SIM4
1
21
22
SIM5
SIM1
SIM2
SIM3
SIM4
1
21
22
SIM5
SIM1
SIM2
SIM3
SIM4
1
21
22
SIM5
SIM1
SIM2
SIM3
SIM4
1
21
22
SIM5
SIM1
SIM2
SIM3
SIM4
1
21
22
SIM5
SIM1
SIM2
SIM3
SIM4
1
21
22
SIM5
SIM1
SIM2
SIM3
SIM4
1
21
22
SIM5
SIM1
SIM2
SIM3
SIM4
1
21
22
SIM5
SIM1
SIM2
SIM3
SIM4
1
21
22
SIM5
SIM1
SIM2
SIM3
SIM4
1
21
22
SIM5
SIM1
SIM2
SIM3
SIM4
1
21
22
SIM5
SIM1
SIM2
SIM3
SIM4
1
21
22
SIM5
SIM1
SIM2
SIM3
SIM4
1
21
22
SIM5
SIM1
SIM2
SIM3
SIM4
1
21
22
SIM5
SIM1
SIM2
SIM3
SIM4
1
21
22
SIM5
SIM1
SIM2
SIM3
SIM4
1
21
22
SIM5
SIM1
SIM2
SIM3
SIM4
1
21
22
SIM5
SIM1
SIM2
SIM3
SIM4
1
21
22
SIM5
SIM1
SIM2
SIM3
SIM4
1
21
22
SIM5
SIM1
SIM2
SIM3
SIM4
1
21
22
SIM5
SIM1
SIM2
SIM3
SIM4
1
21
22
SIM5
SIM1
SIM2
SIM3
SIM4
1
21
22
SIM5
SIM1
SIM2
SIM3
SIM4
1
21
22
SIM5
SIM1
SIM2
SIM3
SIM4
1
21
22
SIM5
SIM1
SIM2
SIM3
SIM4
1
21
22
SIM5
SIM1
SIM2
SIM3
SIM4
1
21
22
SIM5
SIM1
SIM2
SIM3
SIM4
1
21
22
SIM5
SIM1
SIM2
SIM3
SIM4
1
21
22
SIM5
SIM1
SIM2
SIM3
SIM4
1
21
22
SIM5
SIM1
SIM2
SIM3
SIM4
1
21
22
SIM5
SIM1
SIM2
SIM3
SIM4
1
21
22
SIM5
SIM1
SIM2
SIM3
SIM4
1
21
22
SIM5
SIM1
SIM2
SIM3
SIM4
1
21
22
SIM5
SIM1
SIM2
SIM3
SIM4
1
21
22
SIM5
SIM1
SIM2
SIM3
SIM4
1
21
22
SIM5
SIM1
SIM2
SIM3
SIM4
1
21
22
SIM5
SIM1
SIM2
SIM3
SIM4
1
21
22
SIM5
SIM1
SIM2
SIM3
SIM4
1
21
22
SIM5
SIM1
SIM2
SIM3
SIM4
1
21
22
SIM5
SIM1
SIM2
SIM3
SIM4
1
21
22
SIM5
SIM1
SIM2
SIM3
SIM4
1
21
22
SIM5
SIM1
SIM2
SIM3
SIM4
1
21
22
SIM5
SIM1
SIM2
SIM3
SIM4
1
21
22
SIM5
SIM1
SIM2
SIM3
SIM4
1
21
22
SIM5
SIM1
SIM2
SIM3
SIM4
1
21
22
SIM5
SIM1
SIM2
SIM3
SIM4
1
21
22
SIM5
SIM1
SIM2
SIM3
SIM4
1
21
22
SIM5
SIM1
SIM2
SIM3
SIM4
1
21
22
SIM5
SIM1
SIM2
SIM3
SIM4
1
21
22
SIM5
SIM1
SIM2
SIM3
SIM4
1
21
22
SIM5
SIM1
SIM2
SIM3
SIM4
1
21
22
SIM5
SIM1
SIM2
SIM3
SIM4
1
21
22
SIM5
SIM1
SIM2
SIM3
SIM4
1
21
22
SIM5
SIM1
SIM2
SIM3
SIM4
1
21
22
SIM5
SIM1
SIM2
SIM3
SIM4
1
21
22
SIM5
SIM1
SIM2
SIM3
SIM4
1
21
22
SIM5
SIM1
SIM2
SIM3
SIM4
1
21
22
SIM5
SIM1
SIM2
SIM3
SIM4
1
21
22
SIM5
SIM1
SIM2
SIM3
SIM4
1
21
22
SIM5
SIM1
SIM2
SIM3
SIM4
1
21
22
SIM5
SIM1
SIM2
SIM3
SIM4
1
21
22
SIM5
SIM1
SIM2
SIM3
SIM4
1
21
22
SIM5
SIM1
SIM2
SIM3
SIM4
1
21
22
SIM5
SIM1
SIM2
SIM3
SIM4
1
21
22
SIM5
SIM1
SIM2
SIM3
SIM4
1
21
22
SIM5
SIM1
SIM2
SIM3
SIM4
1
21
22
SIM5
SIM1
SIM2
SIM3
SIM4
1
21
22
SIM5
SIM1
SIM2
SIM3
SIM4
1
21
22
SIM5
SIM1
SIM2
SIM3
SIM4
1
21
22
SIM5
SIM1
SIM2
SIM3
SIM4
1
21
22
SIM5
SIM1
SIM2
SIM3
SIM4
1
21
22
SIM5
SIM1
SIM2
SIM3
SIM4
1
21
22
SIM5
SIM1
SIM2
SIM3
SIM4
1
21
22
SIM5
SIM1
SIM2
SIM3
SIM4
1
21
22
SIM5
SIM1
SIM2
SIM3
SIM4
1
21
22
SIM5
SIM1
SIM2
SIM3
SIM4
1
21
22
SIM5
SIM1
SIM2
SIM3
SIM4
1
21
22
SIM5
SIM1
SIM2
SIM3
SIM4
1
21
22
SIM5
SIM1
SIM2
SIM3
SIM4
1
21
22
SIM5
SIM1
SIM2
SIM3
SIM4
1
21
22
SIM5
SIM1
SIM2
SIM3
SIM4
1
21
22
SIM5
SIM1
SIM2
SIM3
SIM4
1
21
22
SIM5
SIM1
SIM2
SIM3
SIM4
1
21
22
SIM5
SIM1
SIM2
SIM3
SIM4
1
21
22
SIM5
SIM1
SIM2
SIM3
SIM4
1
21
22
SIM5
SIM1
SIM2
SIM3
SIM4
1
21
22
SIM5
SIM1
SIM2
SIM3
SIM4
1
21
22
SIM5
SIM1
SIM2
SIM3
SIM4
1
21
22
SIM5
SIM1
SIM2
SIM3
SIM4
1
21
22
SIM5
SIM1
SIM2
SIM3
SIM4
1
21
22
SIM5
SIM1
SIM2
SIM3
SIM4
1
21
22
SIM5
SIM1
SIM2
SIM3
SIM4
1
21
22
SIM5
SIM1
SIM2
SIM3
SIM4
1
21
22
SIM5
SIM1
SIM2
SIM3
SIM4
1
21
22
SIM5
SIM1
SIM2
SIM3
SIM4
1
21
22
SIM5
SIM1
SIM2
DEBUG 1 102
SIM1
SIM2
SIM3
SIM4
1
21
22
SIM5
SIM1
SIM2
SIM3
SIM4
1
21
22
SIM5
SIM1
SIM2
SIM3
SIM4
1
21
22
SIM5
SIM1
SIM2
SIM3
SIM4
1
21
22
SIM5
SIM1
SIM2
SIM3
SIM4
1
21
22
SIM5
SIM1
SIM2
SIM3
SIM4
1
21
22
SIM5
SIM1
SIM2
SIM3
SIM4
1
21
22
SIM5
SIM1
SIM2
SIM3
SIM4
1
21
22
SIM5
SIM1
SIM2
SIM3
SIM4
1
21
22
SIM5
SIM1
SIM2
SIM3
SIM4
1
21
22
SIM5
SIM1
SIM2
SIM3
SIM4
1
21
22
SIM5
SIM1
SIM2
SIM3
SIM4
1
21
22
SIM5
SIM1
SIM2
SIM3
SIM4
1
21
22
SIM5
SIM1
SIM2
SIM3
SIM4
1
21
22
SIM5
SIM1
SIM2
SIM3
SIM4
1
21
22
SIM5
SIM1
SIM2
SIM3
SIM4
1
21
22
SIM5
SIM1
SIM2
SIM3
SIM4
1
21
22
SIM5
SIM1
SIM2
SIM3
SIM4
1
21
22
SIM5
SIM1
SIM2
SIM3
SIM4
1
21
22
SIM5
SIM1
SIM2
SIM3
SIM4
1
21
22
SIM5
SIM1
SIM2
SIM3
SIM4
1
21
22
SIM5
SIM1
SIM2
SIM3
SIM4
1
21
22
SIM5
SIM1
SIM2
SIM3
SIM4
1
21
22
SIM5
SIM1
SIM2
SIM3
SIM4
1
21
22
SIM5
SIM1
SIM2
SIM3
SIM4
1
21
22
SIM5
SIM1
SIM2
SIM3
SIM4
1
21
22
SIM5
SIM1
SIM2
SIM3
SIM4
1
21
22
SIM5
SIM1
SIM2
SIM3
SIM4
1
21
22
SIM5
SIM1
SIM2
SIM3
SIM4
1
21
22
SIM5
SIM1
SIM2
SIM3
SIM4
1
21
22
SIM5
SIM1
SIM2
SIM3
SIM4
1
21
22
SIM5
SIM1
SIM2
SIM3
SIM4
1
21
22
SIM5
SIM1
SIM2
SIM3
SIM4
1
21
22
SIM5
SIM1
SIM2
DEBUG 1 103
SIM1
SIM2
SIM3
SIM4
1
21
22
SIM5
SIM1
SIM2
SIM3
SIM4
1
21
22
SIM5
SIM1
SIM2
SIM3
SIM4
1
21
22
SIM5
SIM1
SIM2
SIM3
SIM4
1
21
22
SIM5
SIM1
SIM2
SIM3
SIM4
1
21
22
SIM5
SIM1
SIM2
SIM3
SIM4
1
21
22
SIM5
SIM1
SIM2
SIM3
SIM4
1
21
22
SIM5
SIM1
SIM2
SIM3
SIM4
1
21
22
SIM5
SIM1
SIM2
SIM3
SIM4
1
21
22
SIM5
SIM1
SIM2
SIM3
SIM4
1
21
22
SIM5
SIM1
SIM2
SIM3
SIM4
1
21
22
SIM5
SIM1
SIM2
SIM3
SIM4
1
21
22
SIM5
SIM1
SIM2
SIM3
SIM4
1
21
22
SIM5
SIM1
SIM2
SIM3
SIM4
1
21
22
SIM5
SIM1
SIM2
SIM3
SIM4
1
21
22
SIM5
SIM1
SIM2
SIM3
SIM4
1
21
22
SIM5
SIM1
SIM2
SIM3
SIM4
1
21
22
SIM5
SIM1
SIM2
SIM3
SIM4
1
21
22
SIM5
SIM1
SIM2
SIM3
SIM4
1
21
22
SIM5
SIM1
SIM2
SIM3
SIM4
1
21
22
SIM5
SIM1
SIM2
SIM3
SIM4
1
21
22
SIM5
SIM1
SIM2
SIM3
SIM4
1
21
22
SIM5
SIM1
SIM2
SIM3
SIM4
1
21
22
SIM5
SIM1
SIM2
SIM3
SIM4
1
21
22
SIM5
SIM1
SIM2
SIM3
SIM4
1
21
22
SIM5
SIM1
SIM2
SIM3
SIM4
1
21
22
SIM5
SIM1
SIM2
SIM3
SIM4
1
21
22
SIM5
SIM1
SIM2
SIM3
SIM4
1
21
22
SIM5
SIM1
SIM2
SIM3
SIM4
1
21
22
SIM5
SIM1
SIM2
SIM3
SIM4
1
21
22
SIM5
SIM1
SIM2
SIM3
SIM4
1
21
22
SIM5
SIM1
SIM2
SIM3
SIM4
1
21
22
SIM5
SIM1
SIM2
SIM3
SIM4
1
21
22
SIM5
SIM1
SIM2
SIM3
SIM4
1
21
22
SIM5
SIM1
SIM2
SIM3
SIM4
1
21
22
SIM5
SIM1
SIM2
SIM3
SIM4
1
21
22
SIM5
SIM1
SIM2
SIM3
SIM4
1
21
22
SIM5
SIM1
SIM2
SIM3
SIM4
1
21
22
SIM5
SIM1
SIM2
SIM3
SIM4
1
21
22
SIM5
SIM1
SIM2
SIM3
SIM4
1
21
22
SIM5
SIM1
SIM2
SIM3
SIM4
1
21
22
SIM5
SIM1
SIM2
SIM3
SIM4
1
21
22
SIM5
SIM1
SIM2
SIM3
SIM4
1
21
22
SIM5
SIM1
SIM2
SIM3
SIM4
1
21
22
SIM5
SIM1
SIM2
SIM3
SIM4
1
21
22
SIM5
SIM1
SIM2
SIM3
SIM4
1
21
22
SIM5
SIM1
SIM2
SIM3
SIM4
1
21
22
SIM5
SIM1
SIM2
SIM3
SIM4
1
21
22
SIM5
SIM1
SIM2
SIM3
SIM4
1
21
22
SIM5
SIM1
SIM2
SIM3
SIM4
1
21
22
SIM5
SIM1
SIM2
SIM3
SIM4
1
21
22
SIM5
SIM1
SIM2
SIM3
SIM4
1
21
22
SIM5
SIM1
SIM2
SIM3
SIM4
1
21
22
SIM5
SIM1
SIM2
SIM3
SIM4
1
21
22
SIM5
SIM1
SIM2
SIM3
SIM4
1
21
22
SIM5
SIM1
SIM2
SIM3
SIM4
1
21
22
SIM5
SIM1
SIM2
SIM3
SIM4
1
21
22
SIM5
SIM1
SIM2
SIM3
SIM4
1
21
22
SIM5
SIM1
SIM2
SIM3
SIM4
1
21
22
SIM5
SIM1
SIM2
SIM3
SIM4
1
21
22
SIM5
SIM1
SIM2
SIM3
SIM4
1
21
22
SIM5
SIM1
SIM2
SIM3
SIM4
1
21
22
SIM5
SIM1
SIM2
SIM3
SIM4
1
21
22
SIM5
SIM1
SIM2
SIM3
SIM4
1
21
22
SIM5
SIM1
SIM2
SIM3
SIM4
1
21
22
SIM5
SIM1
SIM2
SIM3
SIM4
1
21
22
SIM5
SIM1
SIM2
SIM3
SIM4
1
21
22
SIM5
SIM1
SIM2
SIM3
SIM4
1
21
22
SIM5
SIM1
SIM2
SIM3
SIM4
1
21
22
SIM5
SIM1
SIM2
SIM3
SIM4
1
21
22
SIM5
SIM1
SIM2
SIM3
SIM4
1
21
22
SIM5
SIM1
SIM2
SIM3
SIM4
1
21
22
SIM5
SIM1
SIM2
SIM3
SIM4
1
21
22
SIM5
SIM1
SIM2
SIM3
SIM4
1
21
22
SIM5
SIM1
SIM2
SIM3
SIM4
1
21
22
SIM5
SIM1
SIM2
SIM3
SIM4
1
21
22
SIM5
SIM1
SIM2
SIM3
SIM4
1
21
22
SIM5
SIM1
SIM2
SIM3
SIM4
1
21
22
SIM5
SIM1
SIM2
SIM3
SIM4
1
21
22
SIM5
SIM1
SIM2
SIM3
SIM4
1
21
22
SIM5
SIM1
SIM2
SIM3
SIM4
1
21
22
SIM5
SIM1
SIM2
SIM3
SIM4
1
21
22
SIM5
SIM1
SIM2
SIM3
SIM4
1
21
22
SIM5
SIM1
SIM2
SIM3
SIM4
1
21
22
SIM5
SIM1
SIM2
SIM3
SIM4
1
21
22
SIM5
SIM1
SIM2
SIM3
SIM4
1
21
22
SIM5
SIM1
SIM2
SIM3
SIM4
1
21
22
SIM5
SIM1
SIM2
SIM3
SIM4
1
21
22
SIM5
SIM1
SIM2
SIM3
SIM4
1
21
22
SIM5
SIM1
SIM2
SIM3
SIM4
1
21
22
SIM5
SIM1
SIM2
SIM3
SIM4
1
21
22
SIM5
SIM1
SIM2
SIM3
SIM4
1
21
22
SIM5
SIM1
SIM2
SIM3
SIM4
1
21
22
SIM5
SIM1
SIM2
SIM3
SIM4
1
21
22
SIM5
SIM1
SIM2
SIM3
SIM4
1
21
22
SIM5
SIM1
SIM2
SIM3
SIM4
1
21
22
SIM5
SIM1
SIM2
SIM3
SIM4
1
21
22
SIM5
SIM1
SIM2
SIM3
SIM4
1
21
22
SIM5
SIM1
SIM2
SIM3
SIM4
1
21
22
SIM5
SIM1
SIM2
SIM3
SIM4
1
21
22
SIM5
SIM1
SIM2
SIM3
SIM4
1
21
22
SIM5
SIM1
SIM2
SIM3
SIM4
1
21
22
SIM5
SIM1
SIM2
SIM3
SIM4
1
21
22
SIM5
SIM1
SIM2
SIM3
SIM4
1
21
22
SIM5
SIM1
SIM2
SIM3
SIM4
1
21
22
SIM5
SIM1
SIM2
SIM3
SIM4
1
21
22
SIM5
SIM1
SIM2
SIM3
SIM4
1
21
22
SIM5
SIM1
SIM2
SIM3
SIM4
1
21
22
SIM5
SIM1
SIM2
SIM3
SIM4
1
21
22
SIM5
SIM1
SIM2
SIM3
SIM4
1
21
22
SIM5
SIM1
SIM2
SIM3
SIM4
1
21
22
SIM5
SIM1
SIM2
SIM3
SIM4
1
21
22
SIM5
SIM1
SIM2
SIM3
SIM4
1
21
22
SIM5
SIM1
SIM2
DEBUG 1 104
SIM1
SIM2
SIM3
SIM4
1
21
22
SIM5
SIM1
SIM2
SIM3
SIM4
1
21
22
SIM5
SIM1
SIM2
SIM3
SIM4
1
21
22
SIM5
SIM1
SIM2
SIM3
SIM4
1
21
22
SIM5
SIM1
SIM2
SIM3
SIM4
1
21
22
SIM5
SIM1
SIM2
SIM3
SIM4
1
21
22
SIM5
SIM1
SIM2
SIM3
SIM4
1
21
22
SIM5
SIM1
SIM2
SIM3
SIM4
1
21
22
SIM5
SIM1
SIM2
SIM3
SIM4
1
21
22
SIM5
SIM1
SIM2
SIM3
SIM4
1
21
22
SIM5
SIM1
SIM2
SIM3
SIM4
1
21
22
SIM5
SIM1
SIM2
SIM3
SIM4
1
21
22
SIM5
SIM1
SIM2
SIM3
SIM4
1
21
22
SIM5
SIM1
SIM2
SIM3
SIM4
1
21
22
SIM5
SIM1
SIM2
SIM3
SIM4
1
21
22
SIM5
SIM1
SIM2
SIM3
SIM4
1
21
22
SIM5
SIM1
SIM2
SIM3
SIM4
1
21
22
SIM5
SIM1
SIM2
SIM3
SIM4
1
21
22
SIM5
SIM1
SIM2
SIM3
SIM4
1
21
22
SIM5
SIM1
SIM2
SIM3
SIM4
1
21
22
SIM5
SIM1
SIM2
SIM3
SIM4
1
21
22
SIM5
SIM1
SIM2
SIM3
SIM4
1
21
22
SIM5
SIM1
SIM2
SIM3
SIM4
1
21
22
SIM5
SIM1
SIM2
SIM3
SIM4
1
21
22
SIM5
SIM1
SIM2
SIM3
SIM4
1
21
22
SIM5
SIM1
SIM2
SIM3
SIM4
1
21
22
SIM5
SIM1
SIM2
SIM3
SIM4
1
21
22
SIM5
SIM1
SIM2
SIM3
SIM4
1
21
22
SIM5
SIM1
SIM2
SIM3
SIM4
1
21
22
SIM5
SIM1
SIM2
SIM3
SIM4
1
21
22
SIM5
SIM1
SIM2
SIM3
SIM4
1
21
22
SIM5
SIM1
SIM2
SIM3
SIM4
1
21
22
SIM5
SIM1
SIM2
SIM3
SIM4
1
21
22
SIM5
SIM1
SIM2
SIM3
SIM4
1
21
22
SIM5
SIM1
SIM2
SIM3
SIM4
1
21
22
SIM5
SIM1
SIM2
SIM3
SIM4
1
21
22
SIM5
SIM1
SIM2
SIM3
SIM4
1
21
22
SIM5
SIM1
SIM2
SIM3
SIM4
1
21
22
SIM5
SIM1
SIM2
SIM3
SIM4
1
21
22
SIM5
SIM1
SIM2
SIM3
SIM4
1
21
22
SIM5
SIM1
SIM2
SIM3
SIM4
1
21
22
SIM5
SIM1
SIM2
SIM3
SIM4
1
21
22
SIM5
SIM1
SIM2
SIM3
SIM4
1
21
22
SIM5
SIM1
SIM2
SIM3
SIM4
1
21
22
SIM5
SIM1
SIM2
SIM3
SIM4
1
21
22
SIM5
SIM1
SIM2
SIM3
SIM4
1
21
22
SIM5
SIM1
SIM2
SIM3
SIM4
1
21
22
SIM5
SIM1
SIM2
SIM3
SIM4
1
21
22
SIM5
SIM1
SIM2
SIM3
SIM4
1
21
22
SIM5
SIM1
SIM2
SIM3
SIM4
1
21
22
SIM5
SIM1
SIM2
SIM3
SIM4
1
21
22
SIM5
SIM1
SIM2
SIM3
SIM4
1
21
22
SIM5
SIM1
SIM2
SIM3
SIM4
1
21
22
SIM5
SIM1
SIM2
SIM3
SIM4
1
21
22
SIM5
SIM1
SIM2
SIM3
SIM4
1
21
22
SIM5
SIM1
SIM2
SIM3
SIM4
1
21
22
SIM5
SIM1
SIM2
SIM3
SIM4
1
21
22
SIM5
SIM1
SIM2
SIM3
SIM4
1
21
22
SIM5
SIM1
SIM2
SIM3
SIM4
1
21
22
SIM5
SIM1
SIM2
SIM3
SIM4
1
21
22
SIM5
SIM1
SIM2
SIM3
SIM4
1
21
22
SIM5
SIM1
SIM2
SIM3
SIM4
1
21
22
SIM5
SIM1
SIM2
SIM3
SIM4
1
21
22
SIM5
SIM1
SIM2
SIM3
SIM4
1
21
22
SIM5
SIM1
SIM2
SIM3
SIM4
1
21
22
SIM5
SIM1
SIM2
SIM3
SIM4
1
21
22
SIM5
SIM1
SIM2
SIM3
SIM4
1
21
22
SIM5
SIM1
SIM2
SIM3
SIM4
1
21
22
SIM5
SIM1
SIM2
SIM3
SIM4
1
21
22
SIM5
SIM1
SIM2
SIM3
SIM4
1
21
22
SIM5
SIM1
SIM2
SIM3
SIM4
1
21
22
SIM5
SIM1
SIM2
SIM3
SIM4
1
21
22
SIM5
SIM1
SIM2
SIM3
SIM4
1
21
22
SIM5
SIM1
SIM2
SIM3
SIM4
1
21
22
SIM5
SIM1
SIM2
SIM3
SIM4
1
21
22
SIM5
SIM1
SIM2
SIM3
SIM4
1
21
22
SIM5
SIM1
SIM2
SIM3
SIM4
1
21
22
SIM5
SIM1
SIM2
SIM3
SIM4
1
21
22
SIM5
SIM1
SIM2
SIM3
SIM4
1
21
22
SIM5
SIM1
SIM2
SIM3
SIM4
1
21
22
SIM5
SIM1
SIM2
SIM3
SIM4
1
21
22
SIM5
SIM1
SIM2
SIM3
SIM4
1
21
22
SIM5
SIM1
SIM2
SIM3
SIM4
1
21
22
SIM5
SIM1
SIM2
SIM3
SIM4
1
21
22
SIM5
SIM1
SIM2
SIM3
SIM4
1
21
22
SIM5
SIM1
SIM2
SIM3
SIM4
1
21
22
SIM5
SIM1
SIM2
SIM3
SIM4
1
21
22
SIM5
SIM1
SIM2
SIM3
SIM4
1
21
22
SIM5
SIM1
SIM2
SIM3
SIM4
1
21
22
SIM5
SIM1
SIM2
SIM3
SIM4
1
21
22
SIM5
SIM1
SIM2
SIM3
SIM4
1
21
22
SIM5
SIM1
SIM2
SIM3
SIM4
1
21
22
SIM5
SIM1
SIM2
SIM3
SIM4
1
21
22
SIM5
SIM1
SIM2
SIM3
SIM4
1
21
22
SIM5
SIM1
SIM2
SIM3
SIM4
1
21
22
SIM5
SIM1
SIM2
SIM3
SIM4
1
21
22
SIM5
SIM1
SIM2
SIM3
SIM4
1
21
22
SIM5
SIM1
SIM2
SIM3
SIM4
1
21
22
SIM5
SIM1
SIM2
SIM3
SIM4
1
21
22
SIM5
SIM1
SIM2
SIM3
SIM4
1
21
22
SIM5
SIM1
SIM2
SIM3
SIM4
1
21
22
SIM5
SIM1
SIM2
SIM3
SIM4
1
21
22
SIM5
SIM1
SIM2
SIM3
SIM4
1
21
22
SIM5
SIM1
SIM2
SIM3
SIM4
1
21
22
SIM5
SIM1
SIM2
SIM3
SIM4
1
21
22
SIM5
SIM1
SIM2
SIM3
SIM4
1
21
22
SIM5
SIM1
SIM2
SIM3
SIM4
1
21
22
SIM5
SIM1
SIM2
SIM3
SIM4
1
21
22
SIM5
SIM1
SIM2
SIM3
SIM4
1
21
22
SIM5
SIM1
SIM2
SIM3
SIM4
1
21
22
SIM5
SIM1
SIM2
SIM3
SIM4
1
21
22
SIM5
SIM1
SIM2
SIM3
SIM4
1
21
22
SIM5
SIM1
SIM2
SIM3
SIM4
1
21
22
SIM5
SIM1
SIM2
SIM3
SIM4
1
21
22
SIM5
SIM1
SIM2
SIM3
SIM4
1
21
22
SIM5
SIM1
SIM2
SIM3
SIM4
1
21
22
SIM5
SIM1
SIM2
SIM3
SIM4
1
21
22
SIM5
SIM1
SIM2
SIM3
SIM4
1
21
22
SIM5
SIM1
SIM2
SIM3
SIM4
1
21
22
SIM5
SIM1
SIM2
SIM3
SIM4
1
21
22
SIM5
SIM1
SIM2
SIM3
SIM4
1
21
22
SIM5
SIM1
SIM2
SIM3
SIM4
1
21
22
SIM5
SIM1
SIM2
SIM3
SIM4
1
21
22
SIM5
SIM1
SIM2
SIM3
SIM4
1
21
22
SIM5
SIM1
SIM2
SIM3
SIM4
1
21
22
SIM5
SIM1
SIM2
SIM3
SIM4
1
21
22
SIM5
SIM1
SIM2
SIM3
SIM4
1
21
22
SIM5
SIM1
SIM2
SIM3
SIM4
1
21
22
SIM5
SIM1
SIM2
SIM3
SIM4
1
21
22
SIM5
SIM1
SIM2
SIM3
SIM4
1
21
22
SIM5
SIM1
SIM2
SIM3
SIM4
1
21
22
SIM5
SIM1
SIM2
SIM3
SIM4
1
21
22
SIM5
SIM1
SIM2
SIM3
SIM4
1
21
22
SIM5
SIM1
SIM2
SIM3
SIM4
1
21
22
SIM5
SIM1
SIM2
SIM3
SIM4
1
21
22
SIM5
SIM1
SIM2
SIM3
SIM4
1
21
22
SIM5
SIM1
SIM2
SIM3
SIM4
1
21
22
SIM5
SIM1
SIM2
SIM3
SIM4
1
21
22
SIM5
SIM1
SIM2
SIM3
SIM4
1
21
22
SIM5
SIM1
SIM2
SIM3
SIM4
1
21
22
SIM5
SIM1
SIM2
SIM3
SIM4
1
21
22
SIM5
SIM1
SIM2
SIM3
SIM4
1
21
22
SIM5
SIM1
SIM2
SIM3
SIM4
1
21
22
SIM5
SIM1
SIM2
SIM3
SIM4
1
21
22
SIM5
SIM1
SIM2
SIM3
SIM4
1
21
22
SIM5
SIM1
SIM2
SIM3
SIM4
1
21
22
SIM5
SIM1
SIM2
SIM3
SIM4
1
21
22
SIM5
SIM1
SIM2
SIM3
SIM4
1
21
22
SIM5
SIM1
SIM2
SIM3
SIM4
1
21
22
SIM5
SIM1
SIM2
SIM3
SIM4
1
21
22
SIM5
SIM1
SIM2
SIM3
SIM4
1
21
22
SIM5
SIM1
SIM2
SIM3
SIM4
1
21
22
SIM5
SIM1
SIM2
SIM3
SIM4
1
21
22
SIM5
SIM1
SIM2
SIM3
SIM4
1
21
22
SIM5
SIM1
SIM2
SIM3
SIM4
1
21
22
SIM5
SIM1
SIM2
SIM3
SIM4
1
21
22
SIM5
SIM1
SIM2
SIM3
SIM4
1
21
22
SIM5
SIM1
SIM2
SIM3
SIM4
1
21
22
SIM5
SIM1
SIM2
SIM3
SIM4
1
21
22
SIM5
SIM1
SIM2
SIM3
SIM4
1
21
22
SIM5
SIM1
SIM2
SIM3
SIM4
1
21
22
SIM5
SIM1
SIM2
SIM3
SIM4
1
21
22
SIM5
SIM1
SIM2
SIM3
SIM4
1
21
22
SIM5
SIM1
SIM2
SIM3
SIM4
1
21
22
SIM5
SIM1
SIM2
SIM3
SIM4
1
21
22
SIM5
SIM1
SIM2
SIM3
SIM4
1
21
22
SIM5
SIM1
SIM2
SIM3
SIM4
1
21
22
SIM5
SIM1
SIM2
SIM3
SIM4
1
21
22
SIM5
SIM1
SIM2
SIM3
SIM4
1
21
22
SIM5
SIM1
SIM2
SIM3
SIM4
1
21
22
SIM5
SIM1
SIM2
SIM3
SIM4
1
21
22
SIM5
SIM1
SIM2
SIM3
SIM4
1
21
22
SIM5
SIM1
SIM2
SIM3
SIM4
1
21
22
SIM5
SIM1
SIM2
SIM3
SIM4
1
21
22
SIM5
SIM1
SIM2
SIM3
SIM4
1
21
22
SIM5
SIM1
SIM2
SIM3
SIM4
1
21
22
SIM5
SIM1
SIM2
SIM3
SIM4
1
21
22
SIM5
SIM1
SIM2
SIM3
SIM4
1
21
22
SIM5
SIM1
SIM2
SIM3
SIM4
1
21
22
SIM5
SIM1
SIM2
SIM3
SIM4
1
21
22
SIM5
SIM1
SIM2
SIM3
SIM4
1
21
22
SIM5
SIM1
SIM2
SIM3
SIM4
1
21
22
SIM5
SIM1
SIM2
SIM3
SIM4
1
21
22
SIM5
SIM1
SIM2
SIM3
SIM4
1
21
22
SIM5
SIM1
SIM2
SIM3
SIM4
1
21
22
SIM5
SIM1
SIM2
SIM3
SIM4
1
21
22
SIM5
SIM1
SIM2
SIM3
SIM4
1
21
22
SIM5
SIM1
SIM2
SIM3
SIM4
1
21
22
SIM5
SIM1
SIM2
SIM3
SIM4
1
21
22
SIM5
SIM1
SIM2
SIM3
SIM4
1
21
22
SIM5
SIM1
SIM2
SIM3
SIM4
1
21
22
SIM5
SIM1
SIM2
SIM3
SIM4
1
21
22
SIM5
SIM1
SIM2
SIM3
SIM4
1
21
22
SIM5
SIM1
SIM2
SIM3
SIM4
1
21
22
SIM5
SIM1
SIM2
SIM3
SIM4
1
21
22
SIM5
SIM1
SIM2
SIM3
SIM4
1
21
22
SIM5
SIM1
SIM2
SIM3
SIM4
1
21
22
SIM5
SIM1
SIM2
SIM3
SIM4
1
21
22
SIM5
SIM1
SIM2
SIM3
SIM4
1
21
22
SIM5
SIM1
SIM2
SIM3
SIM4
1
21
22
SIM5
SIM1
SIM2
SIM3
SIM4
1
21
22
SIM5
SIM1
SIM2
SIM3
SIM4
1
21
22
SIM5
SIM1
SIM2
SIM3
SIM4
1
21
22
SIM5
SIM1
SIM2
SIM3
SIM4
1
21
22
SIM5
SIM1
SIM2
SIM3
SIM4
1
21
22
SIM5
SIM1
SIM2
SIM3
SIM4
1
21
22
SIM5
SIM1
SIM2
SIM3
SIM4
1
21
22
SIM5
SIM1
SIM2
SIM3
SIM4
1
21
22
SIM5
SIM1
SIM2
SIM3
SIM4
1
21
22
SIM5
SIM1
SIM2
SIM3
SIM4
1
21
22
SIM5
SIM1
SIM2
SIM3
SIM4
1
21
22
SIM5
SIM1
SIM2
SIM3
SIM4
1
21
22
SIM5
SIM1
SIM2
SIM3
SIM4
1
21
22
SIM5
SIM1
SIM2
SIM3
SIM4
1
21
22
SIM5
SIM1
SIM2
SIM3
SIM4
1
21
22
SIM5
SIM1
SIM2
SIM3
SIM4
1
21
22
SIM5
SIM1
SIM2
SIM3
SIM4
1
21
22
SIM5
SIM1
SIM2
SIM3
SIM4
1
21
22
SIM5
SIM1
SIM2
SIM3
SIM4
1
21
22
SIM5
SIM1
SIM2
SIM3
SIM4
1
21
22
SIM5
SIM1
SIM2
SIM3
SIM4
1
21
22
SIM5
SIM1
SIM2
SIM3
SIM4
1
21
22
SIM5
SIM1
SIM2
SIM3
SIM4
1
21
22
SIM5
SIM1
SIM2
SIM3
SIM4
1
21
22
SIM5
SIM1
SIM2
SIM3
SIM4
1
21
22
SIM5
SIM1
SIM2
SIM3
SIM4
1
21
22
SIM5
SIM1
SIM2
SIM3
SIM4
1
21
22
SIM5
SIM1
SIM2
SIM3
SIM4
1
21
22
SIM5
SIM1
SIM2
SIM3
SIM4
1
21
22
SIM5
SIM1
SIM2
SIM3
SIM4
1
21
22
SIM5
SIM1
SIM2
SIM3
SIM4
1
21
22
SIM5
SIM1
SIM2
SIM3
SIM4
1
21
22
SIM5
SIM1
SIM2
DEBUG 1 105
SIM1
SIM2
SIM3
SIM4
1
21
22
SIM5
SIM1
SIM2
SIM3
SIM4
1
21
22
SIM5
SIM1
SIM2
SIM3
SIM4
1
21
22
SIM5
SIM1
SIM2
SIM3
SIM4
1
21
22
SIM5
SIM1
SIM2
SIM3
SIM4
1
21
22
SIM5
SIM1
SIM2
SIM3
SIM4
1
21
22
SIM5
SIM1
SIM2
SIM3
SIM4
1
21
22
SIM5
SIM1
SIM2
SIM3
SIM4
1
21
22
SIM5
SIM1
SIM2
SIM3
SIM4
1
21
22
SIM5
SIM1
SIM2
SIM3
SIM4
1
21
22
SIM5
SIM1
SIM2
SIM3
SIM4
1
21
22
SIM5
SIM1
SIM2
SIM3
SIM4
1
21
22
SIM5
SIM1
SIM2
SIM3
SIM4
1
21
22
SIM5
SIM1
SIM2
SIM3
SIM4
1
21
22
SIM5
SIM1
SIM2
SIM3
SIM4
1
21
22
SIM5
SIM1
SIM2
SIM3
SIM4
1
21
22
SIM5
SIM1
SIM2
SIM3
SIM4
1
21
22
SIM5
SIM1
SIM2
SIM3
SIM4
1
21
22
SIM5
SIM1
SIM2
SIM3
SIM4
1
21
22
SIM5
SIM1
SIM2
SIM3
SIM4
1
21
22
SIM5
SIM1
SIM2
SIM3
SIM4
1
21
22
SIM5
SIM1
SIM2
SIM3
SIM4
1
21
22
SIM5
SIM1
SIM2
SIM3
SIM4
1
21
22
SIM5
SIM1
SIM2
SIM3
SIM4
1
21
22
SIM5
SIM1
SIM2
SIM3
SIM4
1
21
22
SIM5
SIM1
SIM2
SIM3
SIM4
1
21
22
SIM5
SIM1
SIM2
SIM3
SIM4
1
21
22
SIM5
SIM1
SIM2
SIM3
SIM4
1
21
22
SIM5
SIM1
SIM2
SIM3
SIM4
1
21
22
SIM5
SIM1
SIM2
SIM3
SIM4
1
21
22
SIM5
SIM1
SIM2
SIM3
SIM4
1
21
22
SIM5
SIM1
SIM2
SIM3
SIM4
1
21
22
SIM5
SIM1
SIM2
SIM3
SIM4
1
21
22
SIM5
SIM1
SIM2
SIM3
SIM4
1
21
22
SIM5
SIM1
SIM2
SIM3
SIM4
1
21
22
SIM5
SIM1
SIM2
SIM3
SIM4
1
21
22
SIM5
SIM1
SIM2
SIM3
SIM4
1
21
22
SIM5
SIM1
SIM2
SIM3
SIM4
1
21
22
SIM5
SIM1
SIM2
SIM3
SIM4
1
21
22
SIM5
SIM1
SIM2
SIM3
SIM4
1
21
22
SIM5
SIM1
SIM2
SIM3
SIM4
1
21
22
SIM5
SIM1
SIM2
SIM3
SIM4
1
21
22
SIM5
SIM1
SIM2
SIM3
SIM4
1
21
22
SIM5
SIM1
SIM2
SIM3
SIM4
1
21
22
SIM5
SIM1
SIM2
SIM3
SIM4
1
21
22
SIM5
SIM1
SIM2
SIM3
SIM4
1
21
22
SIM5
SIM1
SIM2
SIM3
SIM4
1
21
22
SIM5
SIM1
SIM2
SIM3
SIM4
1
21
22
SIM5
SIM1
SIM2
SIM3
SIM4
1
21
22
SIM5
SIM1
SIM2
SIM3
SIM4
1
21
22
SIM5
SIM1
SIM2
SIM3
SIM4
1
21
22
SIM5
SIM1
SIM2
SIM3
SIM4
1
21
22
SIM5
SIM1
SIM2
SIM3
SIM4
1
21
22
SIM5
SIM1
SIM2
SIM3
SIM4
1
21
22
SIM5
SIM1
SIM2
SIM3
SIM4
1
21
22
SIM5
SIM1
SIM2
SIM3
SIM4
1
21
22
SIM5
SIM1
SIM2
SIM3
SIM4
1
21
22
SIM5
SIM1
SIM2
SIM3
SIM4
1
21
22
SIM5
SIM1
SIM2
SIM3
SIM4
1
21
22
SIM5
SIM1
SIM2
SIM3
SIM4
1
21
22
SIM5
SIM1
SIM2
SIM3
SIM4
1
21
22
SIM5
SIM1
SIM2
SIM3
SIM4
1
21
22
SIM5
SIM1
SIM2
SIM3
SIM4
1
21
22
SIM5
SIM1
SIM2
SIM3
SIM4
1
21
22
SIM5
SIM1
SIM2
SIM3
SIM4
1
21
22
SIM5
SIM1
SIM2
SIM3
SIM4
1
21
22
SIM5
SIM1
SIM2
SIM3
SIM4
1
21
22
SIM5
SIM1
SIM2
SIM3
SIM4
1
21
22
SIM5
SIM1
SIM2
SIM3
SIM4
1
21
22
SIM5
SIM1
SIM2
SIM3
SIM4
1
21
22
SIM5
SIM1
SIM2
SIM3
SIM4
1
21
22
SIM5
SIM1
SIM2
SIM3
SIM4
1
21
22
SIM5
SIM1
SIM2
SIM3
SIM4
1
21
22
SIM5
SIM1
SIM2
SIM3
SIM4
1
21
22
SIM5
SIM1
SIM2
SIM3
SIM4
1
21
22
SIM5
SIM1
SIM2
SIM3
SIM4
1
21
22
SIM5
SIM1
SIM2
SIM3
SIM4
1
21
22
SIM5
SIM1
SIM2
SIM3
SIM4
1
21
22
SIM5
SIM1
SIM2
SIM3
SIM4
1
21
22
SIM5
SIM1
SIM2
SIM3
SIM4
1
21
22
SIM5
SIM1
SIM2
SIM3
SIM4
1
21
22
SIM5
SIM1
SIM2
SIM3
SIM4
1
21
22
SIM5
SIM1
SIM2
SIM3
SIM4
1
21
22
SIM5
SIM1
SIM2
SIM3
SIM4
1
21
22
SIM5
SIM1
SIM2
SIM3
SIM4
1
21
22
SIM5
SIM1
SIM2
SIM3
SIM4
1
21
22
SIM5
SIM1
SIM2
SIM3
SIM4
1
21
22
SIM5
SIM1
SIM2
SIM3
SIM4
1
21
22
SIM5
SIM1
SIM2
SIM3
SIM4
1
21
22
SIM5
SIM1
SIM2
SIM3
SIM4
1
21
22
SIM5
SIM1
SIM2
SIM3
SIM4
1
21
22
SIM5
SIM1
SIM2
SIM3
SIM4
1
21
22
SIM5
SIM1
SIM2
SIM3
SIM4
1
21
22
SIM5
SIM1
SIM2
SIM3
SIM4
1
21
22
SIM5
SIM1
SIM2
SIM3
SIM4
1
21
22
SIM5
SIM1
SIM2
SIM3
SIM4
1
21
22
SIM5
SIM1
SIM2
SIM3
SIM4
1
21
22
SIM5
SIM1
SIM2
SIM3
SIM4
1
21
22
SIM5
SIM1
SIM2
SIM3
SIM4
1
21
22
SIM5
SIM1
SIM2
SIM3
SIM4
1
21
22
SIM5
SIM1
SIM2
SIM3
SIM4
1
21
22
SIM5
SIM1
SIM2
SIM3
SIM4
1
21
22
SIM5
SIM1
SIM2
SIM3
SIM4
1
21
22
SIM5
SIM1
SIM2
SIM3
SIM4
1
21
22
SIM5
SIM1
SIM2
SIM3
SIM4
1
21
22
SIM5
SIM1
SIM2
SIM3
SIM4
1
21
22
SIM5
SIM1
SIM2
SIM3
SIM4
1
21
22
SIM5
SIM1
SIM2
SIM3
SIM4
1
21
22
SIM5
SIM1
SIM2
SIM3
SIM4
1
21
22
SIM5
SIM1
SIM2
SIM3
SIM4
1
21
22
SIM5
SIM1
SIM2
SIM3
SIM4
1
21
22
SIM5
SIM1
SIM2
SIM3
SIM4
1
21
22
SIM5
SIM1
SIM2
SIM3
SIM4
1
21
22
SIM5
SIM1
SIM2
SIM3
SIM4
1
21
22
SIM5
SIM1
SIM2
SIM3
SIM4
1
21
22
SIM5
SIM1
SIM2
SIM3
SIM4
1
21
22
SIM5
SIM1
SIM2
SIM3
SIM4
1
21
22
SIM5
SIM1
SIM2
SIM3
SIM4
1
21
22
SIM5
SIM1
SIM2
SIM3
SIM4
1
21
22
SIM5
SIM1
SIM2
SIM3
SIM4
1
21
22
SIM5
SIM1
SIM2
SIM3
SIM4
1
21
22
SIM5
SIM1
SIM2
SIM3
SIM4
1
21
22
SIM5
SIM1
SIM2
SIM3
SIM4
1
21
22
SIM5
SIM1
SIM2
SIM3
SIM4
1
21
22
SIM5
SIM1
SIM2
SIM3
SIM4
1
21
22
SIM5
SIM1
SIM2
SIM3
SIM4
1
21
22
SIM5
SIM1
SIM2
SIM3
SIM4
1
21
22
SIM5
SIM1
SIM2
SIM3
SIM4
1
21
22
SIM5
SIM1
SIM2
SIM3
SIM4
1
21
22
SIM5
SIM1
SIM2
SIM3
SIM4
1
21
22
SIM5
SIM1
SIM2
SIM3
SIM4
1
21
22
SIM5
SIM1
SIM2
SIM3
SIM4
1
21
22
SIM5
SIM1
SIM2
SIM3
SIM4
1
21
22
SIM5
SIM1
SIM2
SIM3
SIM4
1
21
22
SIM5
SIM1
SIM2
SIM3
SIM4
1
21
22
SIM5
SIM1
SIM2
SIM3
SIM4
1
21
22
SIM5
SIM1
SIM2
SIM3
SIM4
1
21
22
SIM5
SIM1
SIM2
SIM3
SIM4
1
21
22
SIM5
SIM1
SIM2
SIM3
SIM4
1
21
22
SIM5
SIM1
SIM2
SIM3
SIM4
1
21
22
SIM5
SIM1
SIM2
SIM3
SIM4
1
21
22
SIM5
SIM1
SIM2
SIM3
SIM4
1
21
22
SIM5
SIM1
SIM2
SIM3
SIM4
1
21
22
SIM5
SIM1
SIM2
SIM3
SIM4
1
21
22
SIM5
SIM1
SIM2
SIM3
SIM4
1
21
22
SIM5
SIM1
SIM2
SIM3
SIM4
1
21
22
SIM5
SIM1
SIM2
SIM3
SIM4
1
21
22
SIM5
SIM1
SIM2
SIM3
SIM4
1
21
22
SIM5
SIM1
SIM2
SIM3
SIM4
1
21
22
SIM5
SIM1
SIM2
SIM3
SIM4
1
21
22
SIM5
SIM1
SIM2
SIM3
SIM4
1
21
22
SIM5
SIM1
SIM2
SIM3
SIM4
1
21
22
SIM5
SIM1
SIM2
SIM3
SIM4
1
21
22
SIM5
SIM1
SIM2
SIM3
SIM4
1
21
22
SIM5
SIM1
SIM2
SIM3
SIM4
1
21
22
SIM5
SIM1
SIM2
SIM3
SIM4
1
21
22
SIM5
SIM1
SIM2
SIM3
SIM4
1
21
22
SIM5
SIM1
SIM2
SIM3
SIM4
1
21
22
SIM5
SIM1
SIM2
SIM3
SIM4
1
21
22
SIM5
SIM1
SIM2
SIM3
SIM4
1
21
22
SIM5
SIM1
SIM2
SIM3
SIM4
1
21
22
SIM5
SIM1
SIM2
SIM3
SIM4
1
21
22
SIM5
SIM1
SIM2
SIM3
SIM4
1
21
22
SIM5
SIM1
SIM2
SIM3
SIM4
1
21
22
SIM5
SIM1
SIM2
SIM3
SIM4
1
21
22
SIM5
SIM1
SIM2
SIM3
SIM4
1
21
22
SIM5
SIM1
SIM2
SIM3
SIM4
1
21
22
SIM5
SIM1
SIM2
SIM3
SIM4
1
21
22
SIM5
SIM1
SIM2
SIM3
SIM4
1
21
22
SIM5
SIM1
SIM2
SIM3
SIM4
1
21
22
SIM5
SIM1
SIM2
SIM3
SIM4
1
21
22
SIM5
SIM1
SIM2
SIM3
SIM4
1
21
22
SIM5
SIM1
SIM2
SIM3
SIM4
1
21
22
SIM5
SIM1
SIM2
SIM3
SIM4
1
21
22
SIM5
SIM1
SIM2
SIM3
SIM4
1
21
22
SIM5
SIM1
SIM2
SIM3
SIM4
1
21
22
SIM5
SIM1
SIM2
SIM3
SIM4
1
21
22
SIM5
SIM1
SIM2
SIM3
SIM4
1
21
22
SIM5
SIM1
SIM2
SIM3
SIM4
1
21
22
SIM5
SIM1
SIM2
SIM3
SIM4
1
21
22
SIM5
SIM1
SIM2
SIM3
SIM4
1
21
22
SIM5
SIM1
SIM2
SIM3
SIM4
1
21
22
SIM5
SIM1
SIM2
SIM3
SIM4
1
21
22
SIM5
SIM1
SIM2
SIM3
SIM4
1
21
22
SIM5
SIM1
SIM2
SIM3
SIM4
1
21
22
SIM5
SIM1
SIM2
SIM3
SIM4
1
21
22
SIM5
SIM1
SIM2
SIM3
SIM4
1
21
22
SIM5
SIM1
SIM2
SIM3
SIM4
1
21
22
SIM5
SIM1
SIM2
SIM3
SIM4
1
21
22
SIM5
SIM1
SIM2
SIM3
SIM4
1
21
22
SIM5
SIM1
SIM2
SIM3
SIM4
1
21
22
SIM5
SIM1
SIM2
SIM3
SIM4
1
21
22
SIM5
SIM1
SIM2
SIM3
SIM4
1
21
22
SIM5
SIM1
SIM2
SIM3
SIM4
1
21
22
SIM5
SIM1
SIM2
SIM3
SIM4
1
21
22
SIM5
SIM1
SIM2
SIM3
SIM4
1
21
22
SIM5
SIM1
SIM2
SIM3
SIM4
1
21
22
SIM5
SIM1
SIM2
SIM3
SIM4
1
21
22
SIM5
SIM1
SIM2
SIM3
SIM4
1
21
22
SIM5
SIM1
SIM2
SIM3
SIM4
1
21
22
SIM5
SIM1
SIM2
SIM3
SIM4
1
21
22
SIM5
SIM1
SIM2
SIM3
SIM4
1
21
22
SIM5
SIM1
SIM2
SIM3
SIM4
1
21
22
SIM5
SIM1
SIM2
SIM3
SIM4
1
21
22
SIM5
SIM1
SIM2
SIM3
SIM4
1
21
22
SIM5
SIM1
SIM2
SIM3
SIM4
1
21
22
SIM5
SIM1
SIM2
SIM3
SIM4
1
21
22
SIM5
SIM1
SIM2
SIM3
SIM4
1
21
22
SIM5
SIM1
SIM2
SIM3
SIM4
1
21
22
SIM5
SIM1
SIM2
SIM3
SIM4
1
21
22
SIM5
SIM1
SIM2
SIM3
SIM4
1
21
22
SIM5
SIM1
SIM2
SIM3
SIM4
1
21
22
SIM5
SIM1
SIM2
SIM3
SIM4
1
21
22
SIM5
SIM1
SIM2
DEBUG 1 106
SIM1
SIM2
SIM3
SIM4
1
21
22
SIM5
SIM1
SIM2
SIM3
SIM4
1
21
22
SIM5
SIM1
SIM2
SIM3
SIM4
1
21
22
SIM5
SIM1
SIM2
SIM3
SIM4
1
21
22
SIM5
SIM1
SIM2
SIM3
SIM4
1
21
22
SIM5
SIM1
SIM2
SIM3
SIM4
1
21
22
SIM5
SIM1
SIM2
SIM3
SIM4
1
21
22
SIM5
SIM1
SIM2
SIM3
SIM4
1
21
22
SIM5
SIM1
SIM2
SIM3
SIM4
1
21
22
SIM5
SIM1
SIM2
SIM3
SIM4
1
21
22
SIM5
SIM1
SIM2
SIM3
SIM4
1
21
22
SIM5
SIM1
SIM2
SIM3
SIM4
1
21
22
SIM5
SIM1
SIM2
SIM3
SIM4
1
21
22
SIM5
SIM1
SIM2
SIM3
SIM4
1
21
22
SIM5
SIM1
SIM2
SIM3
SIM4
1
21
22
SIM5
SIM1
SIM2
SIM3
SIM4
1
21
22
SIM5
SIM1
SIM2
SIM3
SIM4
1
21
22
SIM5
SIM1
SIM2
SIM3
SIM4
1
21
22
SIM5
SIM1
SIM2
SIM3
SIM4
1
21
22
SIM5
SIM1
SIM2
SIM3
SIM4
1
21
22
SIM5
SIM1
SIM2
SIM3
SIM4
1
21
22
SIM5
SIM1
SIM2
SIM3
SIM4
1
21
22
SIM5
SIM1
SIM2
SIM3
SIM4
1
21
22
SIM5
SIM1
SIM2
SIM3
SIM4
1
21
22
SIM5
SIM1
SIM2
SIM3
SIM4
1
21
22
SIM5
SIM1
SIM2
SIM3
SIM4
1
21
22
SIM5
SIM1
SIM2
SIM3
SIM4
1
21
22
SIM5
SIM1
SIM2
SIM3
SIM4
1
21
22
SIM5
SIM1
SIM2
SIM3
SIM4
1
21
22
SIM5
SIM1
SIM2
SIM3
SIM4
1
21
22
SIM5
SIM1
SIM2
SIM3
SIM4
1
21
22
SIM5
SIM1
SIM2
SIM3
SIM4
1
21
22
SIM5
SIM1
SIM2
SIM3
SIM4
1
21
22
SIM5
SIM1
SIM2
SIM3
SIM4
1
21
22
SIM5
SIM1
SIM2
SIM3
SIM4
1
21
22
SIM5
SIM1
SIM2
SIM3
SIM4
1
21
22
SIM5
SIM1
SIM2
SIM3
SIM4
1
21
22
SIM5
SIM1
SIM2
SIM3
SIM4
1
21
22
SIM5
SIM1
SIM2
SIM3
SIM4
1
21
22
SIM5
SIM1
SIM2
SIM3
SIM4
1
21
22
SIM5
SIM1
SIM2
SIM3
SIM4
1
21
22
SIM5
SIM1
SIM2
SIM3
SIM4
1
21
22
SIM5
SIM1
SIM2
SIM3
SIM4
1
21
22
SIM5
SIM1
SIM2
SIM3
SIM4
1
21
22
SIM5
SIM1
SIM2
SIM3
SIM4
1
21
22
SIM5
SIM1
SIM2
SIM3
SIM4
1
21
22
SIM5
SIM1
SIM2
SIM3
SIM4
1
21
22
SIM5
SIM1
SIM2
SIM3
SIM4
1
21
22
SIM5
SIM1
SIM2
SIM3
SIM4
1
21
22
SIM5
SIM1
SIM2
SIM3
SIM4
1
21
22
SIM5
SIM1
SIM2
SIM3
SIM4
1
21
22
SIM5
SIM1
SIM2
SIM3
SIM4
1
21
22
SIM5
SIM1
SIM2
SIM3
SIM4
1
21
22
SIM5
SIM1
SIM2
SIM3
SIM4
1
21
22
SIM5
SIM1
SIM2
SIM3
SIM4
1
21
22
SIM5
SIM1
SIM2
SIM3
SIM4
1
21
22
SIM5
SIM1
SIM2
SIM3
SIM4
1
21
22
SIM5
SIM1
SIM2
SIM3
SIM4
1
21
22
SIM5
SIM1
SIM2
SIM3
SIM4
1
21
22
SIM5
SIM1
SIM2
SIM3
SIM4
1
21
22
SIM5
SIM1
SIM2
SIM3
SIM4
1
21
22
SIM5
SIM1
SIM2
SIM3
SIM4
1
21
22
SIM5
SIM1
SIM2
SIM3
SIM4
1
21
22
SIM5
SIM1
SIM2
SIM3
SIM4
1
21
22
SIM5
SIM1
SIM2
SIM3
SIM4
1
21
22
SIM5
SIM1
SIM2
SIM3
SIM4
1
21
22
SIM5
SIM1
SIM2
SIM3
SIM4
1
21
22
SIM5
SIM1
SIM2
SIM3
SIM4
1
21
22
SIM5
SIM1
SIM2
SIM3
SIM4
1
21
22
SIM5
SIM1
SIM2
SIM3
SIM4
1
21
22
SIM5
SIM1
SIM2
SIM3
SIM4
1
21
22
SIM5
SIM1
SIM2
SIM3
SIM4
1
21
22
SIM5
SIM1
SIM2
SIM3
SIM4
1
21
22
SIM5
SIM1
SIM2
DEBUG 1 107
SIM1
SIM2
SIM3
SIM4
1
21
22
SIM5
SIM1
SIM2
SIM3
SIM4
1
21
22
SIM5
SIM1
SIM2
SIM3
SIM4
1
21
22
SIM5
SIM1
SIM2
SIM3
SIM4
1
21
22
SIM5
SIM1
SIM2
SIM3
SIM4
1
21
22
SIM5
SIM1
SIM2
SIM3
SIM4
1
21
22
SIM5
SIM1
SIM2
SIM3
SIM4
1
21
22
SIM5
SIM1
SIM2
SIM3
SIM4
1
21
22
SIM5
SIM1
SIM2
SIM3
SIM4
1
21
22
SIM5
SIM1
SIM2
SIM3
SIM4
1
21
22
SIM5
SIM1
SIM2
SIM3
SIM4
1
21
22
SIM5
SIM1
SIM2
SIM3
SIM4
1
21
22
SIM5
SIM1
SIM2
SIM3
SIM4
1
21
22
SIM5
SIM1
SIM2
SIM3
SIM4
1
21
22
SIM5
SIM1
SIM2
SIM3
SIM4
1
21
22
SIM5
SIM1
SIM2
SIM3
SIM4
1
21
22
SIM5
SIM1
SIM2
SIM3
SIM4
1
21
22
SIM5
SIM1
SIM2
SIM3
SIM4
1
21
22
SIM5
SIM1
SIM2
SIM3
SIM4
1
21
22
SIM5
SIM1
SIM2
SIM3
SIM4
1
21
22
SIM5
SIM1
SIM2
SIM3
SIM4
1
21
22
SIM5
SIM1
SIM2
SIM3
SIM4
1
21
22
SIM5
SIM1
SIM2
SIM3
SIM4
1
21
22
SIM5
SIM1
SIM2
SIM3
SIM4
1
21
22
SIM5
SIM1
SIM2
SIM3
SIM4
1
21
22
SIM5
SIM1
SIM2
SIM3
SIM4
1
21
22
SIM5
SIM1
SIM2
SIM3
SIM4
1
21
22
SIM5
SIM1
SIM2
SIM3
SIM4
1
21
22
SIM5
SIM1
SIM2
SIM3
SIM4
1
21
22
SIM5
SIM1
SIM2
SIM3
SIM4
1
21
22
SIM5
SIM1
SIM2
SIM3
SIM4
1
21
22
SIM5
SIM1
SIM2
SIM3
SIM4
1
21
22
SIM5
SIM1
SIM2
SIM3
SIM4
1
21
22
SIM5
SIM1
SIM2
SIM3
SIM4
1
21
22
SIM5
SIM1
SIM2
SIM3
SIM4
1
21
22
SIM5
SIM1
SIM2
SIM3
SIM4
1
21
22
SIM5
SIM1
SIM2
SIM3
SIM4
1
21
22
SIM5
SIM1
SIM2
SIM3
SIM4
1
21
22
SIM5
SIM1
SIM2
SIM3
SIM4
1
21
22
SIM5
SIM1
SIM2
SIM3
SIM4
1
21
22
SIM5
SIM1
SIM2
SIM3
SIM4
1
21
22
SIM5
SIM1
SIM2
SIM3
SIM4
1
21
22
SIM5
SIM1
SIM2
SIM3
SIM4
1
21
22
SIM5
SIM1
SIM2
SIM3
SIM4
1
21
22
SIM5
SIM1
SIM2
SIM3
SIM4
1
21
22
SIM5
SIM1
SIM2
SIM3
SIM4
1
21
22
SIM5
SIM1
SIM2
SIM3
SIM4
1
21
22
SIM5
SIM1
SIM2
SIM3
SIM4
1
21
22
SIM5
SIM1
SIM2
SIM3
SIM4
1
21
22
SIM5
SIM1
SIM2
SIM3
SIM4
1
21
22
SIM5
SIM1
SIM2
SIM3
SIM4
1
21
22
SIM5
SIM1
SIM2
SIM3
SIM4
1
21
22
SIM5
SIM1
SIM2
SIM3
SIM4
1
21
22
SIM5
SIM1
SIM2
SIM3
SIM4
1
21
22
SIM5
SIM1
SIM2
SIM3
SIM4
1
21
22
SIM5
SIM1
SIM2
SIM3
SIM4
1
21
22
SIM5
SIM1
SIM2
SIM3
SIM4
1
21
22
SIM5
SIM1
SIM2
SIM3
SIM4
1
21
22
SIM5
SIM1
SIM2
SIM3
SIM4
1
21
22
SIM5
SIM1
SIM2
SIM3
SIM4
1
21
22
SIM5
SIM1
SIM2
SIM3
SIM4
1
21
22
SIM5
SIM1
SIM2
SIM3
SIM4
1
21
22
SIM5
SIM1
SIM2
SIM3
SIM4
1
21
22
SIM5
SIM1
SIM2
SIM3
SIM4
1
21
22
SIM5
SIM1
SIM2
SIM3
SIM4
1
21
22
SIM5
SIM1
SIM2
SIM3
SIM4
1
21
22
SIM5
SIM1
SIM2
SIM3
SIM4
1
21
22
SIM5
SIM1
SIM2
SIM3
SIM4
1
21
22
SIM5
SIM1
SIM2
SIM3
SIM4
1
21
22
SIM5
SIM1
SIM2
SIM3
SIM4
1
21
22
SIM5
SIM1
SIM2
SIM3
SIM4
1
21
22
SIM5
SIM1
SIM2
SIM3
SIM4
1
21
22
SIM5
SIM1
SIM2
SIM3
SIM4
1
21
22
SIM5
SIM1
SIM2
SIM3
SIM4
1
21
22
SIM5
SIM1
SIM2
SIM3
SIM4
1
21
22
SIM5
SIM1
SIM2
SIM3
SIM4
1
21
22
SIM5
SIM1
SIM2
SIM3
SIM4
1
21
22
SIM5
SIM1
SIM2
SIM3
SIM4
1
21
22
SIM5
SIM1
SIM2
SIM3
SIM4
1
21
22
SIM5
SIM1
SIM2
SIM3
SIM4
1
21
22
SIM5
SIM1
SIM2
SIM3
SIM4
1
21
22
SIM5
SIM1
SIM2
SIM3
SIM4
1
21
22
SIM5
SIM1
SIM2
SIM3
SIM4
1
21
22
SIM5
SIM1
SIM2
SIM3
SIM4
1
21
22
SIM5
SIM1
SIM2
SIM3
SIM4
1
21
22
SIM5
SIM1
SIM2
SIM3
SIM4
1
21
22
SIM5
SIM1
SIM2
SIM3
SIM4
1
21
22
SIM5
SIM1
SIM2
SIM3
SIM4
1
21
22
SIM5
SIM1
SIM2
SIM3
SIM4
1
21
22
SIM5
SIM1
SIM2
SIM3
SIM4
1
21
22
SIM5
SIM1
SIM2
SIM3
SIM4
1
21
22
SIM5
SIM1
SIM2
SIM3
SIM4
1
21
22
SIM5
SIM1
SIM2
SIM3
SIM4
1
21
22
SIM5
SIM1
SIM2
SIM3
SIM4
1
21
22
SIM5
SIM1
SIM2
SIM3
SIM4
1
21
22
SIM5
SIM1
SIM2
SIM3
SIM4
1
21
22
SIM5
SIM1
SIM2
SIM3
SIM4
1
21
22
SIM5
SIM1
SIM2
SIM3
SIM4
1
21
22
SIM5
SIM1
SIM2
SIM3
SIM4
1
21
22
SIM5
SIM1
SIM2
SIM3
SIM4
1
21
22
SIM5
SIM1
SIM2
SIM3
SIM4
1
21
22
SIM5
SIM1
SIM2
SIM3
SIM4
1
21
22
SIM5
SIM1
SIM2
SIM3
SIM4
1
21
22
SIM5
SIM1
SIM2
SIM3
SIM4
1
21
22
SIM5
SIM1
SIM2
SIM3
SIM4
1
21
22
SIM5
SIM1
SIM2
SIM3
SIM4
1
21
22
SIM5
SIM1
SIM2
SIM3
SIM4
1
21
22
SIM5
SIM1
SIM2
SIM3
SIM4
1
21
22
SIM5
SIM1
SIM2
SIM3
SIM4
1
21
22
SIM5
SIM1
SIM2
SIM3
SIM4
1
21
22
SIM5
SIM1
SIM2
SIM3
SIM4
1
21
22
SIM5
SIM1
SIM2
SIM3
SIM4
1
21
22
SIM5
SIM1
SIM2
SIM3
SIM4
1
21
22
SIM5
SIM1
SIM2
SIM3
SIM4
1
21
22
SIM5
SIM1
SIM2
SIM3
SIM4
1
21
22
SIM5
SIM1
SIM2
SIM3
SIM4
1
21
22
SIM5
SIM1
SIM2
SIM3
SIM4
1
21
22
SIM5
SIM1
SIM2
SIM3
SIM4
1
21
22
SIM5
SIM1
SIM2
SIM3
SIM4
1
21
22
SIM5
SIM1
SIM2
SIM3
SIM4
1
21
22
SIM5
SIM1
SIM2
SIM3
SIM4
1
21
22
SIM5
SIM1
SIM2
SIM3
SIM4
1
21
22
SIM5
SIM1
SIM2
SIM3
SIM4
1
21
22
SIM5
SIM1
SIM2
SIM3
SIM4
1
21
22
SIM5
SIM1
SIM2
SIM3
SIM4
1
21
22
SIM5
SIM1
SIM2
SIM3
SIM4
1
21
22
SIM5
SIM1
SIM2
SIM3
SIM4
1
21
22
SIM5
SIM1
SIM2
SIM3
SIM4
1
21
22
SIM5
SIM1
SIM2
SIM3
SIM4
1
21
22
SIM5
SIM1
SIM2
SIM3
SIM4
1
21
22
SIM5
SIM1
SIM2
SIM3
SIM4
1
21
22
SIM5
SIM1
SIM2
SIM3
SIM4
1
21
22
SIM5
SIM1
SIM2
SIM3
SIM4
1
21
22
SIM5
SIM1
SIM2
SIM3
SIM4
1
21
22
SIM5
SIM1
SIM2
SIM3
SIM4
1
21
22
SIM5
SIM1
SIM2
SIM3
SIM4
1
21
22
SIM5
SIM1
SIM2
SIM3
SIM4
1
21
22
SIM5
SIM1
SIM2
SIM3
SIM4
1
21
22
SIM5
SIM1
SIM2
SIM3
SIM4
1
21
22
SIM5
SIM1
SIM2
SIM3
SIM4
1
21
22
SIM5
SIM1
SIM2
SIM3
SIM4
1
21
22
SIM5
SIM1
SIM2
SIM3
SIM4
1
21
22
SIM5
SIM1
SIM2
SIM3
SIM4
1
21
22
SIM5
SIM1
SIM2
SIM3
SIM4
1
21
22
SIM5
SIM1
SIM2
SIM3
SIM4
1
21
22
SIM5
SIM1
SIM2
SIM3
SIM4
1
21
22
SIM5
SIM1
SIM2
SIM3
SIM4
1
21
22
SIM5
SIM1
SIM2
SIM3
SIM4
1
21
22
SIM5
SIM1
SIM2
SIM3
SIM4
1
21
22
SIM5
SIM1
SIM2
SIM3
SIM4
1
21
22
SIM5
SIM1
SIM2
SIM3
SIM4
1
21
22
SIM5
SIM1
SIM2
SIM3
SIM4
1
21
22
SIM5
SIM1
SIM2
SIM3
SIM4
1
21
22
SIM5
SIM1
SIM2
SIM3
SIM4
1
21
22
SIM5
SIM1
SIM2
SIM3
SIM4
1
21
22
SIM5
SIM1
SIM2
SIM3
SIM4
1
21
22
SIM5
SIM1
SIM2
SIM3
SIM4
1
21
22
SIM5
SIM1
SIM2
SIM3
SIM4
1
21
22
SIM5
SIM1
SIM2
SIM3
SIM4
1
21
22
SIM5
SIM1
SIM2
SIM3
SIM4
1
21
22
SIM5
SIM1
SIM2
SIM3
SIM4
1
21
22
SIM5
SIM1
SIM2
SIM3
SIM4
1
21
22
SIM5
SIM1
SIM2
SIM3
SIM4
1
21
22
SIM5
SIM1
SIM2
SIM3
SIM4
1
21
22
SIM5
SIM1
SIM2
SIM3
SIM4
1
21
22
SIM5
SIM1
SIM2
SIM3
SIM4
1
21
22
SIM5
SIM1
SIM2
SIM3
SIM4
1
21
22
SIM5
SIM1
SIM2
SIM3
SIM4
1
21
22
SIM5
SIM1
SIM2
SIM3
SIM4
1
21
22
SIM5
SIM1
SIM2
SIM3
SIM4
1
21
22
SIM5
SIM1
SIM2
SIM3
SIM4
1
21
22
SIM5
SIM1
SIM2
SIM3
SIM4
1
21
22
SIM5
SIM1
SIM2
SIM3
SIM4
1
21
22
SIM5
SIM1
SIM2
SIM3
SIM4
1
21
22
SIM5
SIM1
SIM2
SIM3
SIM4
1
21
22
SIM5
SIM1
SIM2
SIM3
SIM4
1
21
22
SIM5
SIM1
SIM2
SIM3
SIM4
1
21
22
SIM5
SIM1
SIM2
SIM3
SIM4
1
21
22
SIM5
SIM1
SIM2
SIM3
SIM4
1
21
22
SIM5
SIM1
SIM2
SIM3
SIM4
1
21
22
SIM5
SIM1
SIM2
SIM3
SIM4
1
21
22
SIM5
SIM1
SIM2
SIM3
SIM4
1
21
22
SIM5
SIM1
SIM2
SIM3
SIM4
1
21
22
SIM5
SIM1
SIM2
SIM3
SIM4
1
21
22
SIM5
SIM1
SIM2
SIM3
SIM4
1
21
22
SIM5
SIM1
SIM2
SIM3
SIM4
1
21
22
SIM5
SIM1
SIM2
SIM3
SIM4
1
21
22
SIM5
SIM1
SIM2
SIM3
SIM4
1
21
22
SIM5
SIM1
SIM2
SIM3
SIM4
1
21
22
SIM5
SIM1
SIM2
SIM3
SIM4
1
21
22
SIM5
SIM1
SIM2
SIM3
SIM4
1
21
22
SIM5
SIM1
SIM2
SIM3
SIM4
1
21
22
SIM5
SIM1
SIM2
SIM3
SIM4
1
21
22
SIM5
SIM1
SIM2
SIM3
SIM4
1
21
22
SIM5
SIM1
SIM2
SIM3
SIM4
1
21
22
SIM5
SIM1
SIM2
SIM3
SIM4
1
21
22
SIM5
SIM1
SIM2
SIM3
SIM4
1
21
22
SIM5
SIM1
SIM2
SIM3
SIM4
1
21
22
SIM5
SIM1
SIM2
SIM3
SIM4
1
21
22
SIM5
SIM1
SIM2
SIM3
SIM4
1
21
22
SIM5
SIM1
SIM2
SIM3
SIM4
1
21
22
SIM5
SIM1
SIM2
SIM3
SIM4
1
21
22
SIM5
SIM1
SIM2
SIM3
SIM4
1
21
22
SIM5
SIM1
SIM2
SIM3
SIM4
1
21
22
SIM5
SIM1
SIM2
SIM3
SIM4
1
21
22
SIM5
SIM1
SIM2
SIM3
SIM4
1
21
22
SIM5
SIM1
SIM2
SIM3
SIM4
1
21
22
SIM5
SIM1
SIM2
SIM3
SIM4
1
21
22
SIM5
SIM1
SIM2
SIM3
SIM4
1
21
22
SIM5
SIM1
SIM2
SIM3
SIM4
1
21
22
SIM5
SIM1
SIM2
SIM3
SIM4
1
21
22
SIM5
SIM1
SIM2
SIM3
SIM4
1
21
22
SIM5
SIM1
SIM2
SIM3
SIM4
1
21
22
SIM5
SIM1
SIM2
SIM3
SIM4
1
21
22
SIM5
SIM1
SIM2
SIM3
SIM4
1
21
22
SIM5
SIM1
SIM2
SIM3
SIM4
1
21
22
SIM5
SIM1
SIM2
SIM3
SIM4
1
21
22
SIM5
SIM1
SIM2
SIM3
SIM4
1
21
22
SIM5
SIM1
SIM2
SIM3
SIM4
1
21
22
SIM5
SIM1
SIM2
SIM3
SIM4
1
21
22
SIM5
SIM1
SIM2
SIM3
SIM4
1
21
22
SIM5
SIM1
SIM2
SIM3
SIM4
1
21
22
SIM5
SIM1
SIM2
SIM3
SIM4
1
21
22
SIM5
SIM1
SIM2
SIM3
SIM4
1
21
22
SIM5
SIM1
SIM2
SIM3
SIM4
1
21
22
SIM5
SIM1
SIM2
SIM3
SIM4
1
21
22
SIM5
SIM1
SIM2
SIM3
SIM4
1
21
22
SIM5
SIM1
SIM2
SIM3
SIM4
1
21
22
SIM5
SIM1
SIM2
SIM3
SIM4
1
21
22
SIM5
SIM1
SIM2
SIM3
SIM4
1
21
22
SIM5
SIM1
SIM2
SIM3
SIM4
1
21
22
SIM5
SIM1
SIM2
SIM3
SIM4
1
21
22
SIM5
SIM1
SIM2
SIM3
SIM4
1
21
22
SIM5
SIM1
SIM2
SIM3
SIM4
1
21
22
SIM5
SIM1
SIM2
SIM3
SIM4
1
21
22
SIM5
SIM1
SIM2
SIM3
SIM4
1
21
22
SIM5
SIM1
SIM2
SIM3
SIM4
1
21
22
SIM5
SIM1
SIM2
SIM3
SIM4
1
21
22
SIM5
SIM1
SIM2
SIM3
SIM4
1
21
22
SIM5
SIM1
SIM2
SIM3
SIM4
1
21
22
SIM5
SIM1
SIM2
SIM3
SIM4
1
21
22
SIM5
SIM1
SIM2
SIM3
SIM4
1
21
22
SIM5
SIM1
SIM2
DEBUG 1 108
SIM1
SIM2
SIM3
SIM4
1
21
22
SIM5
SIM1
SIM2
SIM3
SIM4
1
21
22
SIM5
SIM1
SIM2
SIM3
SIM4
1
21
22
SIM5
SIM1
SIM2
SIM3
SIM4
1
21
22
SIM5
SIM1
SIM2
SIM3
SIM4
1
21
22
SIM5
SIM1
SIM2
SIM3
SIM4
1
21
22
SIM5
SIM1
SIM2
SIM3
SIM4
1
21
22
SIM5
SIM1
SIM2
SIM3
SIM4
1
21
22
SIM5
SIM1
SIM2
SIM3
SIM4
1
21
22
SIM5
SIM1
SIM2
SIM3
SIM4
1
21
22
SIM5
SIM1
SIM2
SIM3
SIM4
1
21
22
SIM5
SIM1
SIM2
SIM3
SIM4
1
21
22
SIM5
SIM1
SIM2
SIM3
SIM4
1
21
22
SIM5
SIM1
SIM2
SIM3
SIM4
1
21
22
SIM5
SIM1
SIM2
SIM3
SIM4
1
21
22
SIM5
SIM1
SIM2
SIM3
SIM4
1
21
22
SIM5
SIM1
SIM2
SIM3
SIM4
1
21
22
SIM5
SIM1
SIM2
SIM3
SIM4
1
21
22
SIM5
SIM1
SIM2
SIM3
SIM4
1
21
22
SIM5
SIM1
SIM2
SIM3
SIM4
1
21
22
SIM5
SIM1
SIM2
SIM3
SIM4
1
21
22
SIM5
SIM1
SIM2
SIM3
SIM4
1
21
22
SIM5
SIM1
SIM2
SIM3
SIM4
1
21
22
SIM5
SIM1
SIM2
SIM3
SIM4
1
21
22
SIM5
SIM1
SIM2
SIM3
SIM4
1
21
22
SIM5
SIM1
SIM2
SIM3
SIM4
1
21
22
SIM5
SIM1
SIM2
SIM3
SIM4
1
21
22
SIM5
SIM1
SIM2
SIM3
SIM4
1
21
22
SIM5
SIM1
SIM2
SIM3
SIM4
1
21
22
SIM5
SIM1
SIM2
SIM3
SIM4
1
21
22
SIM5
SIM1
SIM2
SIM3
SIM4
1
21
22
SIM5
SIM1
SIM2
SIM3
SIM4
1
21
22
SIM5
SIM1
SIM2
SIM3
SIM4
1
21
22
SIM5
SIM1
SIM2
SIM3
SIM4
1
21
22
SIM5
SIM1
SIM2
SIM3
SIM4
1
21
22
SIM5
SIM1
SIM2
SIM3
SIM4
1
21
22
SIM5
SIM1
SIM2
SIM3
SIM4
1
21
22
SIM5
SIM1
SIM2
SIM3
SIM4
1
21
22
SIM5
SIM1
SIM2
SIM3
SIM4
1
21
22
SIM5
SIM1
SIM2
SIM3
SIM4
1
21
22
SIM5
SIM1
SIM2
SIM3
SIM4
1
21
22
SIM5
SIM1
SIM2
SIM3
SIM4
1
21
22
SIM5
SIM1
SIM2
SIM3
SIM4
1
21
22
SIM5
SIM1
SIM2
SIM3
SIM4
1
21
22
SIM5
SIM1
SIM2
SIM3
SIM4
1
21
22
SIM5
SIM1
SIM2
SIM3
SIM4
1
21
22
SIM5
SIM1
SIM2
SIM3
SIM4
1
21
22
SIM5
SIM1
SIM2
SIM3
SIM4
1
21
22
SIM5
SIM1
SIM2
SIM3
SIM4
1
21
22
SIM5
SIM1
SIM2
SIM3
SIM4
1
21
22
SIM5
SIM1
SIM2
SIM3
SIM4
1
21
22
SIM5
SIM1
SIM2
SIM3
SIM4
1
21
22
SIM5
SIM1
SIM2
SIM3
SIM4
1
21
22
SIM5
SIM1
SIM2
SIM3
SIM4
1
21
22
SIM5
SIM1
SIM2
SIM3
SIM4
1
21
22
SIM5
SIM1
SIM2
SIM3
SIM4
1
21
22
SIM5
SIM1
SIM2
SIM3
SIM4
1
21
22
SIM5
SIM1
SIM2
SIM3
SIM4
1
21
22
SIM5
SIM1
SIM2
SIM3
SIM4
1
21
22
SIM5
SIM1
SIM2
SIM3
SIM4
1
21
22
SIM5
SIM1
SIM2
SIM3
SIM4
1
21
22
SIM5
SIM1
SIM2
SIM3
SIM4
1
21
22
SIM5
SIM1
SIM2
SIM3
SIM4
1
21
22
SIM5
SIM1
SIM2
SIM3
SIM4
1
21
22
SIM5
SIM1
SIM2
SIM3
SIM4
1
21
22
SIM5
SIM1
SIM2
SIM3
SIM4
1
21
22
SIM5
SIM1
SIM2
SIM3
SIM4
1
21
22
SIM5
SIM1
SIM2
SIM3
SIM4
1
21
22
SIM5
SIM1
SIM2
SIM3
SIM4
1
21
22
SIM5
SIM1
SIM2
SIM3
SIM4
1
21
22
SIM5
SIM1
SIM2
SIM3
SIM4
1
21
22
SIM5
SIM1
SIM2
SIM3
SIM4
1
21
22
SIM5
SIM1
SIM2
SIM3
SIM4
1
21
22
SIM5
SIM1
SIM2
SIM3
SIM4
1
21
22
SIM5
SIM1
SIM2
SIM3
SIM4
1
21
22
SIM5
SIM1
SIM2
SIM3
SIM4
1
21
22
SIM5
SIM1
SIM2
SIM3
SIM4
1
21
22
SIM5
SIM1
SIM2
SIM3
SIM4
1
21
22
SIM5
SIM1
SIM2
SIM3
SIM4
1
21
22
SIM5
SIM1
SIM2
SIM3
SIM4
1
21
22
SIM5
SIM1
SIM2
SIM3
SIM4
1
21
22
SIM5
SIM1
SIM2
SIM3
SIM4
1
21
22
SIM5
SIM1
SIM2
SIM3
SIM4
1
21
22
SIM5
SIM1
SIM2
SIM3
SIM4
1
21
22
SIM5
SIM1
SIM2
SIM3
SIM4
1
21
22
SIM5
SIM1
SIM2
SIM3
SIM4
1
21
22
SIM5
SIM1
SIM2
SIM3
SIM4
1
21
22
SIM5
SIM1
SIM2
SIM3
SIM4
1
21
22
SIM5
SIM1
SIM2
SIM3
SIM4
1
21
22
SIM5
SIM1
SIM2
SIM3
SIM4
1
21
22
SIM5
SIM1
SIM2
SIM3
SIM4
1
21
22
SIM5
SIM1
SIM2
SIM3
SIM4
1
21
22
SIM5
SIM1
SIM2
SIM3
SIM4
1
21
22
SIM5
SIM1
SIM2
SIM3
SIM4
1
21
22
SIM5
SIM1
SIM2
SIM3
SIM4
1
21
22
SIM5
SIM1
SIM2
SIM3
SIM4
1
21
22
SIM5
SIM1
SIM2
SIM3
SIM4
1
21
22
SIM5
SIM1
SIM2
SIM3
SIM4
1
21
22
SIM5
SIM1
SIM2
SIM3
SIM4
1
21
22
SIM5
SIM1
SIM2
SIM3
SIM4
1
21
22
SIM5
SIM1
SIM2
SIM3
SIM4
1
21
22
SIM5
SIM1
SIM2
SIM3
SIM4
1
21
22
SIM5
SIM1
SIM2
SIM3
SIM4
1
21
22
SIM5
SIM1
SIM2
SIM3
SIM4
1
21
22
SIM5
SIM1
SIM2
SIM3
SIM4
1
21
22
SIM5
SIM1
SIM2
SIM3
SIM4
1
21
22
SIM5
SIM1
SIM2
SIM3
SIM4
1
21
22
SIM5
SIM1
SIM2
SIM3
SIM4
1
21
22
SIM5
SIM1
SIM2
SIM3
SIM4
1
21
22
SIM5
SIM1
SIM2
SIM3
SIM4
1
21
22
SIM5
SIM1
SIM2
SIM3
SIM4
1
21
22
SIM5
SIM1
SIM2
SIM3
SIM4
1
21
22
SIM5
SIM1
SIM2
SIM3
SIM4
1
21
22
SIM5
SIM1
SIM2
SIM3
SIM4
1
21
22
SIM5
SIM1
SIM2
SIM3
SIM4
1
21
22
SIM5
SIM1
SIM2
SIM3
SIM4
1
21
22
SIM5
SIM1
SIM2
SIM3
SIM4
1
21
22
SIM5
SIM1
SIM2
SIM3
SIM4
1
21
22
SIM5
SIM1
SIM2
SIM3
SIM4
1
21
22
SIM5
SIM1
SIM2
SIM3
SIM4
1
21
22
SIM5
SIM1
SIM2
SIM3
SIM4
1
21
22
SIM5
SIM1
SIM2
SIM3
SIM4
1
21
22
SIM5
SIM1
SIM2
SIM3
SIM4
1
21
22
SIM5
SIM1
SIM2
SIM3
SIM4
1
21
22
SIM5
SIM1
SIM2
SIM3
SIM4
1
21
22
SIM5
SIM1
SIM2
SIM3
SIM4
1
21
22
SIM5
SIM1
SIM2
SIM3
SIM4
1
21
22
SIM5
SIM1
SIM2
SIM3
SIM4
1
21
22
SIM5
SIM1
SIM2
SIM3
SIM4
1
21
22
SIM5
SIM1
SIM2
SIM3
SIM4
1
21
22
SIM5
SIM1
SIM2
SIM3
SIM4
1
21
22
SIM5
SIM1
SIM2
SIM3
SIM4
1
21
22
SIM5
SIM1
SIM2
SIM3
SIM4
1
21
22
SIM5
SIM1
SIM2
SIM3
SIM4
1
21
22
SIM5
SIM1
SIM2
SIM3
SIM4
1
21
22
SIM5
SIM1
SIM2
SIM3
SIM4
1
21
22
SIM5
SIM1
SIM2
SIM3
SIM4
1
21
22
SIM5
SIM1
SIM2
SIM3
SIM4
1
21
22
SIM5
SIM1
SIM2
SIM3
SIM4
1
21
22
SIM5
SIM1
SIM2
SIM3
SIM4
1
21
22
SIM5
SIM1
SIM2
SIM3
SIM4
1
21
22
SIM5
SIM1
SIM2
SIM3
SIM4
1
21
22
SIM5
SIM1
SIM2
SIM3
SIM4
1
21
22
SIM5
SIM1
SIM2
SIM3
SIM4
1
21
22
SIM5
SIM1
SIM2
SIM3
SIM4
1
21
22
SIM5
SIM1
SIM2
SIM3
SIM4
1
21
22
SIM5
SIM1
SIM2
SIM3
SIM4
1
21
22
SIM5
SIM1
SIM2
SIM3
SIM4
1
21
22
SIM5
SIM1
SIM2
SIM3
SIM4
1
21
22
SIM5
SIM1
SIM2
SIM3
SIM4
1
21
22
SIM5
SIM1
SIM2
SIM3
SIM4
1
21
22
SIM5
SIM1
SIM2
SIM3
SIM4
1
21
22
SIM5
SIM1
SIM2
SIM3
SIM4
1
21
22
SIM5
SIM1
SIM2
SIM3
SIM4
1
21
22
SIM5
SIM1
SIM2
SIM3
SIM4
1
21
22
SIM5
SIM1
SIM2
SIM3
SIM4
1
21
22
SIM5
SIM1
SIM2
SIM3
SIM4
1
21
22
SIM5
SIM1
SIM2
SIM3
SIM4
1
21
22
SIM5
SIM1
SIM2
SIM3
SIM4
1
21
22
SIM5
SIM1
SIM2
SIM3
SIM4
1
21
22
SIM5
SIM1
SIM2
SIM3
SIM4
1
21
22
SIM5
SIM1
SIM2
SIM3
SIM4
1
21
22
SIM5
SIM1
SIM2
SIM3
SIM4
1
21
22
SIM5
SIM1
SIM2
SIM3
SIM4
1
21
22
SIM5
SIM1
SIM2
SIM3
SIM4
1
21
22
SIM5
SIM1
SIM2
SIM3
SIM4
1
21
22
SIM5
SIM1
SIM2
SIM3
SIM4
1
21
22
SIM5
SIM1
SIM2
SIM3
SIM4
1
21
22
SIM5
SIM1
SIM2
SIM3
SIM4
1
21
22
SIM5
SIM1
SIM2
SIM3
SIM4
1
21
22
SIM5
SIM1
SIM2
SIM3
SIM4
1
21
22
SIM5
SIM1
SIM2
SIM3
SIM4
1
21
22
SIM5
SIM1
SIM2
SIM3
SIM4
1
21
22
SIM5
SIM1
SIM2
SIM3
SIM4
1
21
22
SIM5
SIM1
SIM2
SIM3
SIM4
1
21
22
SIM5
SIM1
SIM2
SIM3
SIM4
1
21
22
SIM5
SIM1
SIM2
SIM3
SIM4
1
21
22
SIM5
SIM1
SIM2
SIM3
SIM4
1
21
22
SIM5
SIM1
SIM2
SIM3
SIM4
1
21
22
SIM5
SIM1
SIM2
SIM3
SIM4
1
21
22
SIM5
SIM1
SIM2
SIM3
SIM4
1
21
22
SIM5
SIM1
SIM2
SIM3
SIM4
1
21
22
SIM5
SIM1
SIM2
SIM3
SIM4
1
21
22
SIM5
SIM1
SIM2
SIM3
SIM4
1
21
22
SIM5
SIM1
SIM2
SIM3
SIM4
1
21
22
SIM5
SIM1
SIM2
SIM3
SIM4
1
21
22
SIM5
SIM1
SIM2
SIM3
SIM4
1
21
22
SIM5
SIM1
SIM2
SIM3
SIM4
1
21
22
SIM5
SIM1
SIM2
SIM3
SIM4
1
21
22
SIM5
SIM1
SIM2
SIM3
SIM4
1
21
22
SIM5
SIM1
SIM2
SIM3
SIM4
1
21
22
SIM5
SIM1
SIM2
SIM3
SIM4
1
21
22
SIM5
SIM1
SIM2
SIM3
SIM4
1
21
22
SIM5
SIM1
SIM2
SIM3
SIM4
1
21
22
SIM5
SIM1
SIM2
SIM3
SIM4
1
21
22
SIM5
SIM1
SIM2
SIM3
SIM4
1
21
22
SIM5
SIM1
SIM2
SIM3
SIM4
1
21
22
SIM5
SIM1
SIM2
SIM3
SIM4
1
21
22
SIM5
SIM1
SIM2
SIM3
SIM4
1
21
22
SIM5
SIM1
SIM2
SIM3
SIM4
1
21
22
SIM5
SIM1
SIM2
SIM3
SIM4
1
21
22
SIM5
SIM1
SIM2
SIM3
SIM4
1
21
22
SIM5
SIM1
SIM2
SIM3
SIM4
1
21
22
SIM5
SIM1
SIM2
SIM3
SIM4
1
21
22
SIM5
SIM1
SIM2
SIM3
SIM4
1
21
22
SIM5
SIM1
SIM2
SIM3
SIM4
1
21
22
SIM5
SIM1
SIM2
SIM3
SIM4
1
21
22
SIM5
SIM1
SIM2
SIM3
SIM4
1
21
22
SIM5
SIM1
SIM2
SIM3
SIM4
1
21
22
SIM5
SIM1
SIM2
SIM3
SIM4
1
21
22
SIM5
SIM1
SIM2
SIM3
SIM4
1
21
22
SIM5
SIM1
SIM2
SIM3
SIM4
1
21
22
SIM5
SIM1
SIM2
SIM3
SIM4
1
21
22
SIM5
SIM1
SIM2
SIM3
SIM4
1
21
22
SIM5
SIM1
SIM2
SIM3
SIM4
1
21
22
SIM5
SIM1
SIM2
SIM3
SIM4
1
21
22
SIM5
SIM1
SIM2
SIM3
SIM4
1
21
22
SIM5
SIM1
SIM2
SIM3
SIM4
1
21
22
SIM5
SIM1
SIM2
SIM3
SIM4
1
21
22
SIM5
SIM1
SIM2
SIM3
SIM4
1
21
22
SIM5
SIM1
SIM2
SIM3
SIM4
1
21
22
SIM5
SIM1
SIM2
SIM3
SIM4
1
21
22
SIM5
SIM1
SIM2
SIM3
SIM4
1
21
22
SIM5
SIM1
SIM2
SIM3
SIM4
1
21
22
SIM5
SIM1
SIM2
SIM3
SIM4
1
21
22
SIM5
SIM1
SIM2
SIM3
SIM4
1
21
22
SIM5
SIM1
SIM2
SIM3
SIM4
1
21
22
SIM5
SIM1
SIM2
SIM3
SIM4
1
21
22
SIM5
SIM1
SIM2
SIM3
SIM4
1
21
22
SIM5
SIM1
SIM2
SIM3
SIM4
1
21
22
SIM5
SIM1
SIM2
SIM3
SIM4
1
21
22
SIM5
SIM1
SIM2
SIM3
SIM4
1
21
22
SIM5
SIM1
SIM2
SIM3
SIM4
1
21
22
SIM5
SIM1
SIM2
SIM3
SIM4
1
21
22
SIM5
SIM1
SIM2
SIM3
SIM4
1
21
22
SIM5
SIM1
SIM2
SIM3
SIM4
1
21
22
SIM5
SIM1
SIM2
SIM3
SIM4
1
21
22
SIM5
SIM1
SIM2
SIM3
SIM4
1
21
22
SIM5
SIM1
SIM2
SIM3
SIM4
1
21
22
SIM5
SIM1
SIM2
SIM3
SIM4
1
21
22
SIM5
SIM1
SIM2
SIM3
SIM4
1
21
22
SIM5
SIM1
SIM2
SIM3
SIM4
1
21
22
SIM5
SIM1
SIM2
SIM3
SIM4
1
21
22
SIM5
SIM1
SIM2
SIM3
SIM4
1
21
22
SIM5
SIM1
SIM2
DEBUG 1 109
SIM1
SIM2
SIM3
SIM4
1
21
22
SIM5
SIM1
SIM2
SIM3
SIM4
1
21
22
SIM5
SIM1
SIM2
SIM3
SIM4
1
21
22
SIM5
SIM1
SIM2
SIM3
SIM4
1
21
22
SIM5
SIM1
SIM2
SIM3
SIM4
1
21
22
SIM5
SIM1
SIM2
SIM3
SIM4
1
21
22
SIM5
SIM1
SIM2
SIM3
SIM4
1
21
22
SIM5
SIM1
SIM2
SIM3
SIM4
1
21
22
SIM5
SIM1
SIM2
SIM3
SIM4
1
21
22
SIM5
SIM1
SIM2
SIM3
SIM4
1
21
22
SIM5
SIM1
SIM2
SIM3
SIM4
1
21
22
SIM5
SIM1
SIM2
SIM3
SIM4
1
21
22
SIM5
SIM1
SIM2
SIM3
SIM4
1
21
22
SIM5
SIM1
SIM2
SIM3
SIM4
1
21
22
SIM5
SIM1
SIM2
SIM3
SIM4
1
21
22
SIM5
SIM1
SIM2
SIM3
SIM4
1
21
22
SIM5
SIM1
SIM2
SIM3
SIM4
1
21
22
SIM5
SIM1
SIM2
SIM3
SIM4
1
21
22
SIM5
SIM1
SIM2
SIM3
SIM4
1
21
22
SIM5
SIM1
SIM2
SIM3
SIM4
1
21
22
SIM5
SIM1
SIM2
SIM3
SIM4
1
21
22
SIM5
SIM1
SIM2
SIM3
SIM4
1
21
22
SIM5
SIM1
SIM2
SIM3
SIM4
1
21
22
SIM5
SIM1
SIM2
SIM3
SIM4
1
21
22
SIM5
SIM1
SIM2
SIM3
SIM4
1
21
22
SIM5
SIM1
SIM2
SIM3
SIM4
1
21
22
SIM5
SIM1
SIM2
SIM3
SIM4
1
21
22
SIM5
SIM1
SIM2
SIM3
SIM4
1
21
22
SIM5
SIM1
SIM2
SIM3
SIM4
1
21
22
SIM5
SIM1
SIM2
SIM3
SIM4
1
21
22
SIM5
SIM1
SIM2
SIM3
SIM4
1
21
22
SIM5
SIM1
SIM2
SIM3
SIM4
1
21
22
SIM5
SIM1
SIM2
SIM3
SIM4
1
21
22
SIM5
SIM1
SIM2
SIM3
SIM4
1
21
22
SIM5
SIM1
SIM2
SIM3
SIM4
1
21
22
SIM5
SIM1
SIM2
SIM3
SIM4
1
21
22
SIM5
SIM1
SIM2
SIM3
SIM4
1
21
22
SIM5
SIM1
SIM2
SIM3
SIM4
1
21
22
SIM5
SIM1
SIM2
SIM3
SIM4
1
21
22
SIM5
SIM1
SIM2
SIM3
SIM4
1
21
22
SIM5
SIM1
SIM2
SIM3
SIM4
1
21
22
SIM5
SIM1
SIM2
SIM3
SIM4
1
21
22
SIM5
SIM1
SIM2
SIM3
SIM4
1
21
22
SIM5
SIM1
SIM2
SIM3
SIM4
1
21
22
SIM5
SIM1
SIM2
SIM3
SIM4
1
21
22
SIM5
SIM1
SIM2
SIM3
SIM4
1
21
22
SIM5
SIM1
SIM2
SIM3
SIM4
1
21
22
SIM5
SIM1
SIM2
SIM3
SIM4
1
21
22
SIM5
SIM1
SIM2
SIM3
SIM4
1
21
22
SIM5
SIM1
SIM2
SIM3
SIM4
1
21
22
SIM5
SIM1
SIM2
SIM3
SIM4
1
21
22
SIM5
SIM1
SIM2
SIM3
SIM4
1
21
22
SIM5
SIM1
SIM2
SIM3
SIM4
1
21
22
SIM5
SIM1
SIM2
SIM3
SIM4
1
21
22
SIM5
SIM1
SIM2
SIM3
SIM4
1
21
22
SIM5
SIM1
SIM2
SIM3
SIM4
1
21
22
SIM5
SIM1
SIM2
SIM3
SIM4
1
21
22
SIM5
SIM1
SIM2
SIM3
SIM4
1
21
22
SIM5
SIM1
SIM2
SIM3
SIM4
1
21
22
SIM5
SIM1
SIM2
SIM3
SIM4
1
21
22
SIM5
SIM1
SIM2
SIM3
SIM4
1
21
22
SIM5
SIM1
SIM2
SIM3
SIM4
1
21
22
SIM5
SIM1
SIM2
SIM3
SIM4
1
21
22
SIM5
SIM1
SIM2
SIM3
SIM4
1
21
22
SIM5
SIM1
SIM2
SIM3
SIM4
1
21
22
SIM5
SIM1
SIM2
SIM3
SIM4
1
21
22
SIM5
SIM1
SIM2
SIM3
SIM4
1
21
22
SIM5
SIM1
SIM2
SIM3
SIM4
1
21
22
SIM5
SIM1
SIM2
SIM3
SIM4
1
21
22
SIM5
SIM1
SIM2
SIM3
SIM4
1
21
22
SIM5
SIM1
SIM2
SIM3
SIM4
1
21
22
SIM5
SIM1
SIM2
SIM3
SIM4
1
21
22
SIM5
SIM1
SIM2
SIM3
SIM4
1
21
22
SIM5
SIM1
SIM2
SIM3
SIM4
1
21
22
SIM5
SIM1
SIM2
SIM3
SIM4
1
21
22
SIM5
SIM1
SIM2
SIM3
SIM4
1
21
22
SIM5
SIM1
SIM2
SIM3
SIM4
1
21
22
SIM5
SIM1
SIM2
SIM3
SIM4
1
21
22
SIM5
SIM1
SIM2
SIM3
SIM4
1
21
22
SIM5
SIM1
SIM2
SIM3
SIM4
1
21
22
SIM5
SIM1
SIM2
SIM3
SIM4
1
21
22
SIM5
SIM1
SIM2
SIM3
SIM4
1
21
22
SIM5
SIM1
SIM2
SIM3
SIM4
1
21
22
SIM5
SIM1
SIM2
SIM3
SIM4
1
21
22
SIM5
SIM1
SIM2
SIM3
SIM4
1
21
22
SIM5
SIM1
SIM2
SIM3
SIM4
1
21
22
SIM5
SIM1
SIM2
SIM3
SIM4
1
21
22
SIM5
SIM1
SIM2
SIM3
SIM4
1
21
22
SIM5
SIM1
SIM2
SIM3
SIM4
1
21
22
SIM5
SIM1
SIM2
SIM3
SIM4
1
21
22
SIM5
SIM1
SIM2
SIM3
SIM4
1
21
22
SIM5
SIM1
SIM2
SIM3
SIM4
1
21
22
SIM5
SIM1
SIM2
SIM3
SIM4
1
21
22
SIM5
SIM1
SIM2
SIM3
SIM4
1
21
22
SIM5
SIM1
SIM2
SIM3
SIM4
1
21
22
SIM5
SIM1
SIM2
SIM3
SIM4
1
21
22
SIM5
SIM1
SIM2
SIM3
SIM4
1
21
22
SIM5
SIM1
SIM2
SIM3
SIM4
1
21
22
SIM5
SIM1
SIM2
SIM3
SIM4
1
21
22
SIM5
SIM1
SIM2
SIM3
SIM4
1
21
22
SIM5
SIM1
SIM2
SIM3
SIM4
1
21
22
SIM5
SIM1
SIM2
SIM3
SIM4
1
21
22
SIM5
SIM1
SIM2
SIM3
SIM4
1
21
22
SIM5
SIM1
SIM2
SIM3
SIM4
1
21
22
SIM5
SIM1
SIM2
SIM3
SIM4
1
21
22
SIM5
SIM1
SIM2
SIM3
SIM4
1
21
22
SIM5
SIM1
SIM2
SIM3
SIM4
1
21
22
SIM5
SIM1
SIM2
SIM3
SIM4
1
21
22
SIM5
SIM1
SIM2
SIM3
SIM4
1
21
22
SIM5
SIM1
SIM2
SIM3
SIM4
1
21
22
SIM5
SIM1
SIM2
SIM3
SIM4
1
21
22
SIM5
SIM1
SIM2
SIM3
SIM4
1
21
22
SIM5
SIM1
SIM2
SIM3
SIM4
1
21
22
SIM5
SIM1
SIM2
SIM3
SIM4
1
21
22
SIM5
SIM1
SIM2
SIM3
SIM4
1
21
22
SIM5
SIM1
SIM2
SIM3
SIM4
1
21
22
SIM5
SIM1
SIM2
SIM3
SIM4
1
21
22
SIM5
SIM1
SIM2
SIM3
SIM4
1
21
22
SIM5
SIM1
SIM2
SIM3
SIM4
1
21
22
SIM5
SIM1
SIM2
SIM3
SIM4
1
21
22
SIM5
SIM1
SIM2
SIM3
SIM4
1
21
22
SIM5
SIM1
SIM2
SIM3
SIM4
1
21
22
SIM5
SIM1
SIM2
SIM3
SIM4
1
21
22
SIM5
SIM1
SIM2
SIM3
SIM4
1
21
22
SIM5
SIM1
SIM2
SIM3
SIM4
1
21
22
SIM5
SIM1
SIM2
SIM3
SIM4
1
21
22
SIM5
SIM1
SIM2
SIM3
SIM4
1
21
22
SIM5
SIM1
SIM2
SIM3
SIM4
1
21
22
SIM5
SIM1
SIM2
SIM3
SIM4
1
21
22
SIM5
SIM1
SIM2
SIM3
SIM4
1
21
22
SIM5
SIM1
SIM2
SIM3
SIM4
1
21
22
SIM5
SIM1
SIM2
SIM3
SIM4
1
21
22
SIM5
SIM1
SIM2
SIM3
SIM4
1
21
22
SIM5
SIM1
SIM2
DEBUG 1 110
SIM1
SIM2
SIM3
SIM4
1
21
22
SIM5
SIM1
SIM2
SIM3
SIM4
1
21
22
SIM5
SIM1
SIM2
SIM3
SIM4
1
21
22
SIM5
SIM1
SIM2
SIM3
SIM4
1
21
22
SIM5
SIM1
SIM2
SIM3
SIM4
1
21
22
SIM5
SIM1
SIM2
SIM3
SIM4
1
21
22
SIM5
SIM1
SIM2
SIM3
SIM4
1
21
22
SIM5
SIM1
SIM2
SIM3
SIM4
1
21
22
SIM5
SIM1
SIM2
SIM3
SIM4
1
21
22
SIM5
SIM1
SIM2
SIM3
SIM4
1
21
22
SIM5
SIM1
SIM2
SIM3
SIM4
1
21
22
SIM5
SIM1
SIM2
SIM3
SIM4
1
21
22
SIM5
SIM1
SIM2
SIM3
SIM4
1
21
22
SIM5
SIM1
SIM2
SIM3
SIM4
1
21
22
SIM5
SIM1
SIM2
SIM3
SIM4
1
21
22
SIM5
SIM1
SIM2
SIM3
SIM4
1
21
22
SIM5
SIM1
SIM2
SIM3
SIM4
1
21
22
SIM5
SIM1
SIM2
SIM3
SIM4
1
21
22
SIM5
SIM1
SIM2
SIM3
SIM4
1
21
22
SIM5
SIM1
SIM2
SIM3
SIM4
1
21
22
SIM5
SIM1
SIM2
SIM3
SIM4
1
21
22
SIM5
SIM1
SIM2
SIM3
SIM4
1
21
22
SIM5
SIM1
SIM2
SIM3
SIM4
1
21
22
SIM5
SIM1
SIM2
SIM3
SIM4
1
21
22
SIM5
SIM1
SIM2
SIM3
SIM4
1
21
22
SIM5
SIM1
SIM2
SIM3
SIM4
1
21
22
SIM5
SIM1
SIM2
SIM3
SIM4
1
21
22
SIM5
SIM1
SIM2
SIM3
SIM4
1
21
22
SIM5
SIM1
SIM2
SIM3
SIM4
1
21
22
SIM5
SIM1
SIM2
SIM3
SIM4
1
21
22
SIM5
SIM1
SIM2
SIM3
SIM4
1
21
22
SIM5
SIM1
SIM2
SIM3
SIM4
1
21
22
SIM5
SIM1
SIM2
SIM3
SIM4
1
21
22
SIM5
SIM1
SIM2
SIM3
SIM4
1
21
22
SIM5
SIM1
SIM2
SIM3
SIM4
1
21
22
SIM5
SIM1
SIM2
SIM3
SIM4
1
21
22
SIM5
SIM1
SIM2
SIM3
SIM4
1
21
22
SIM5
SIM1
SIM2
SIM3
SIM4
1
21
22
SIM5
SIM1
SIM2
SIM3
SIM4
1
21
22
SIM5
SIM1
SIM2
SIM3
SIM4
1
21
22
SIM5
SIM1
SIM2
SIM3
SIM4
1
21
22
SIM5
SIM1
SIM2
SIM3
SIM4
1
21
22
SIM5
SIM1
SIM2
SIM3
SIM4
1
21
22
SIM5
SIM1
SIM2
SIM3
SIM4
1
21
22
SIM5
SIM1
SIM2
SIM3
SIM4
1
21
22
SIM5
SIM1
SIM2
SIM3
SIM4
1
21
22
SIM5
SIM1
SIM2
SIM3
SIM4
1
21
22
SIM5
SIM1
SIM2
SIM3
SIM4
1
21
22
SIM5
SIM1
SIM2
SIM3
SIM4
1
21
22
SIM5
SIM1
SIM2
SIM3
SIM4
1
21
22
SIM5
SIM1
SIM2
SIM3
SIM4
1
21
22
SIM5
SIM1
SIM2
SIM3
SIM4
1
21
22
SIM5
SIM1
SIM2
SIM3
SIM4
1
21
22
SIM5
SIM1
SIM2
SIM3
SIM4
1
21
22
SIM5
SIM1
SIM2
SIM3
SIM4
1
21
22
SIM5
SIM1
SIM2
SIM3
SIM4
1
21
22
SIM5
SIM1
SIM2
SIM3
SIM4
1
21
22
SIM5
SIM1
SIM2
SIM3
SIM4
1
21
22
SIM5
SIM1
SIM2
SIM3
SIM4
1
21
22
SIM5
SIM1
SIM2
SIM3
SIM4
1
21
22
SIM5
SIM1
SIM2
SIM3
SIM4
1
21
22
SIM5
SIM1
SIM2
SIM3
SIM4
1
21
22
SIM5
SIM1
SIM2
SIM3
SIM4
1
21
22
SIM5
SIM1
SIM2
SIM3
SIM4
1
21
22
SIM5
SIM1
SIM2
SIM3
SIM4
1
21
22
SIM5
SIM1
SIM2
SIM3
SIM4
1
21
22
SIM5
SIM1
SIM2
SIM3
SIM4
1
21
22
SIM5
SIM1
SIM2
SIM3
SIM4
1
21
22
SIM5
SIM1
SIM2
SIM3
SIM4
1
21
22
SIM5
SIM1
SIM2
SIM3
SIM4
1
21
22
SIM5
SIM1
SIM2
SIM3
SIM4
1
21
22
SIM5
SIM1
SIM2
SIM3
SIM4
1
21
22
SIM5
SIM1
SIM2
SIM3
SIM4
1
21
22
SIM5
SIM1
SIM2
SIM3
SIM4
1
21
22
SIM5
SIM1
SIM2
SIM3
SIM4
1
21
22
SIM5
SIM1
SIM2
SIM3
SIM4
1
21
22
SIM5
SIM1
SIM2
SIM3
SIM4
1
21
22
SIM5
SIM1
SIM2
SIM3
SIM4
1
21
22
SIM5
SIM1
SIM2
SIM3
SIM4
1
21
22
SIM5
SIM1
SIM2
SIM3
SIM4
1
21
22
SIM5
SIM1
SIM2
SIM3
SIM4
1
21
22
SIM5
SIM1
SIM2
SIM3
SIM4
1
21
22
SIM5
SIM1
SIM2
SIM3
SIM4
1
21
22
SIM5
SIM1
SIM2
SIM3
SIM4
1
21
22
SIM5
SIM1
SIM2
SIM3
SIM4
1
21
22
SIM5
SIM1
SIM2
SIM3
SIM4
1
21
22
SIM5
SIM1
SIM2
SIM3
SIM4
1
21
22
SIM5
SIM1
SIM2
SIM3
SIM4
1
21
22
SIM5
SIM1
SIM2
SIM3
SIM4
1
21
22
SIM5
SIM1
SIM2
SIM3
SIM4
1
21
22
SIM5
SIM1
SIM2
SIM3
SIM4
1
21
22
SIM5
SIM1
SIM2
SIM3
SIM4
1
21
22
SIM5
SIM1
SIM2
SIM3
SIM4
1
21
22
SIM5
SIM1
SIM2
SIM3
SIM4
1
21
22
SIM5
SIM1
SIM2
SIM3
SIM4
1
21
22
SIM5
SIM1
SIM2
SIM3
SIM4
1
21
22
SIM5
SIM1
SIM2
SIM3
SIM4
1
21
22
SIM5
SIM1
SIM2
SIM3
SIM4
1
21
22
SIM5
SIM1
SIM2
SIM3
SIM4
1
21
22
SIM5
SIM1
SIM2
SIM3
SIM4
1
21
22
SIM5
SIM1
SIM2
SIM3
SIM4
1
21
22
SIM5
SIM1
SIM2
SIM3
SIM4
1
21
22
SIM5
SIM1
SIM2
SIM3
SIM4
1
21
22
SIM5
SIM1
SIM2
SIM3
SIM4
1
21
22
SIM5
SIM1
SIM2
SIM3
SIM4
1
21
22
SIM5
SIM1
SIM2
SIM3
SIM4
1
21
22
SIM5
SIM1
SIM2
SIM3
SIM4
1
21
22
SIM5
SIM1
SIM2
SIM3
SIM4
1
21
22
SIM5
SIM1
SIM2
SIM3
SIM4
1
21
22
SIM5
SIM1
SIM2
SIM3
SIM4
1
21
22
SIM5
SIM1
SIM2
SIM3
SIM4
1
21
22
SIM5
SIM1
SIM2
SIM3
SIM4
1
21
22
SIM5
SIM1
SIM2
SIM3
SIM4
1
21
22
SIM5
SIM1
SIM2
SIM3
SIM4
1
21
22
SIM5
SIM1
SIM2
SIM3
SIM4
1
21
22
SIM5
SIM1
SIM2
SIM3
SIM4
1
21
22
SIM5
SIM1
SIM2
SIM3
SIM4
1
21
22
SIM5
SIM1
SIM2
SIM3
SIM4
1
21
22
SIM5
SIM1
SIM2
SIM3
SIM4
1
21
22
SIM5
SIM1
SIM2
SIM3
SIM4
1
21
22
SIM5
SIM1
SIM2
SIM3
SIM4
1
21
22
SIM5
SIM1
SIM2
SIM3
SIM4
1
21
22
SIM5
SIM1
SIM2
SIM3
SIM4
1
21
22
SIM5
SIM1
SIM2
SIM3
SIM4
1
21
22
SIM5
SIM1
SIM2
SIM3
SIM4
1
21
22
SIM5
SIM1
SIM2
SIM3
SIM4
1
21
22
SIM5
SIM1
SIM2
SIM3
SIM4
1
21
22
SIM5
SIM1
SIM2
SIM3
SIM4
1
21
22
SIM5
SIM1
SIM2
SIM3
SIM4
1
21
22
SIM5
SIM1
SIM2
SIM3
SIM4
1
21
22
SIM5
SIM1
SIM2
SIM3
SIM4
1
21
22
SIM5
SIM1
SIM2
SIM3
SIM4
1
21
22
SIM5
SIM1
SIM2
SIM3
SIM4
1
21
22
SIM5
SIM1
SIM2
SIM3
SIM4
1
21
22
SIM5
SIM1
SIM2
SIM3
SIM4
1
21
22
SIM5
SIM1
SIM2
SIM3
SIM4
1
21
22
SIM5
SIM1
SIM2
SIM3
SIM4
1
21
22
SIM5
SIM1
SIM2
SIM3
SIM4
1
21
22
SIM5
SIM1
SIM2
SIM3
SIM4
1
21
22
SIM5
SIM1
SIM2
SIM3
SIM4
1
21
22
SIM5
SIM1
SIM2
SIM3
SIM4
1
21
22
SIM5
SIM1
SIM2
SIM3
SIM4
1
21
22
SIM5
SIM1
SIM2
SIM3
SIM4
1
21
22
SIM5
SIM1
SIM2
SIM3
SIM4
1
21
22
SIM5
SIM1
SIM2
SIM3
SIM4
1
21
22
SIM5
SIM1
SIM2
SIM3
SIM4
1
21
22
SIM5
SIM1
SIM2
SIM3
SIM4
1
21
22
SIM5
SIM1
SIM2
SIM3
SIM4
1
21
22
SIM5
SIM1
SIM2
SIM3
SIM4
1
21
22
SIM5
SIM1
SIM2
SIM3
SIM4
1
21
22
SIM5
SIM1
SIM2
SIM3
SIM4
1
21
22
SIM5
SIM1
SIM2
SIM3
SIM4
1
21
22
SIM5
SIM1
SIM2
SIM3
SIM4
1
21
22
SIM5
SIM1
SIM2
SIM3
SIM4
1
21
22
SIM5
SIM1
SIM2
SIM3
SIM4
1
21
22
SIM5
SIM1
SIM2
SIM3
SIM4
1
21
22
SIM5
SIM1
SIM2
SIM3
SIM4
1
21
22
SIM5
SIM1
SIM2
SIM3
SIM4
1
21
22
SIM5
SIM1
SIM2
SIM3
SIM4
1
21
22
SIM5
SIM1
SIM2
SIM3
SIM4
1
21
22
SIM5
SIM1
SIM2
SIM3
SIM4
1
21
22
SIM5
SIM1
SIM2
SIM3
SIM4
1
21
22
SIM5
SIM1
SIM2
SIM3
SIM4
1
21
22
SIM5
SIM1
SIM2
SIM3
SIM4
1
21
22
SIM5
SIM1
SIM2
SIM3
SIM4
1
21
22
SIM5
SIM1
SIM2
SIM3
SIM4
1
21
22
SIM5
SIM1
SIM2
SIM3
SIM4
1
21
22
SIM5
SIM1
SIM2
SIM3
SIM4
1
21
22
SIM5
SIM1
SIM2
SIM3
SIM4
1
21
22
SIM5
SIM1
SIM2
SIM3
SIM4
1
21
22
SIM5
SIM1
SIM2
SIM3
SIM4
1
21
22
SIM5
SIM1
SIM2
SIM3
SIM4
1
21
22
SIM5
SIM1
SIM2
SIM3
SIM4
1
21
22
SIM5
SIM1
SIM2
SIM3
SIM4
1
21
22
SIM5
SIM1
SIM2
SIM3
SIM4
1
21
22
SIM5
SIM1
SIM2
SIM3
SIM4
1
21
22
SIM5
SIM1
SIM2
SIM3
SIM4
1
21
22
SIM5
SIM1
SIM2
SIM3
SIM4
1
21
22
SIM5
SIM1
SIM2
SIM3
SIM4
1
21
22
SIM5
SIM1
SIM2
SIM3
SIM4
1
21
22
SIM5
SIM1
SIM2
SIM3
SIM4
1
21
22
SIM5
SIM1
SIM2
SIM3
SIM4
1
21
22
SIM5
SIM1
SIM2
SIM3
SIM4
1
21
22
SIM5
SIM1
SIM2
SIM3
SIM4
1
21
22
SIM5
SIM1
SIM2
SIM3
SIM4
1
21
22
SIM5
SIM1
SIM2
SIM3
SIM4
1
21
22
SIM5
SIM1
SIM2
SIM3
SIM4
1
21
22
SIM5
SIM1
SIM2
SIM3
SIM4
1
21
22
SIM5
SIM1
SIM2
SIM3
SIM4
1
21
22
SIM5
SIM1
SIM2
DEBUG 1 111
SIM1
SIM2
SIM3
SIM4
1
21
22
SIM5
SIM1
SIM2
SIM3
SIM4
1
21
22
SIM5
SIM1
SIM2
SIM3
SIM4
1
21
22
SIM5
SIM1
SIM2
SIM3
SIM4
1
21
22
SIM5
SIM1
SIM2
SIM3
SIM4
1
21
22
SIM5
SIM1
SIM2
SIM3
SIM4
1
21
22
SIM5
SIM1
SIM2
SIM3
SIM4
1
21
22
SIM5
SIM1
SIM2
SIM3
SIM4
1
21
22
SIM5
SIM1
SIM2
SIM3
SIM4
1
21
22
SIM5
SIM1
SIM2
SIM3
SIM4
1
21
22
SIM5
SIM1
SIM2
SIM3
SIM4
1
21
22
SIM5
SIM1
SIM2
SIM3
SIM4
1
21
22
SIM5
SIM1
SIM2
SIM3
SIM4
1
21
22
SIM5
SIM1
SIM2
SIM3
SIM4
1
21
22
SIM5
SIM1
SIM2
SIM3
SIM4
1
21
22
SIM5
SIM1
SIM2
SIM3
SIM4
1
21
22
SIM5
SIM1
SIM2
SIM3
SIM4
1
21
22
SIM5
SIM1
SIM2
SIM3
SIM4
1
21
22
SIM5
SIM1
SIM2
SIM3
SIM4
1
21
22
SIM5
SIM1
SIM2
SIM3
SIM4
1
21
22
SIM5
SIM1
SIM2
SIM3
SIM4
1
21
22
SIM5
SIM1
SIM2
SIM3
SIM4
1
21
22
SIM5
SIM1
SIM2
SIM3
SIM4
1
21
22
SIM5
SIM1
SIM2
SIM3
SIM4
1
21
22
SIM5
SIM1
SIM2
SIM3
SIM4
1
21
22
SIM5
SIM1
SIM2
SIM3
SIM4
1
21
22
SIM5
SIM1
SIM2
SIM3
SIM4
1
21
22
SIM5
SIM1
SIM2
SIM3
SIM4
1
21
22
SIM5
SIM1
SIM2
SIM3
SIM4
1
21
22
SIM5
SIM1
SIM2
SIM3
SIM4
1
21
22
SIM5
SIM1
SIM2
SIM3
SIM4
1
21
22
SIM5
SIM1
SIM2
SIM3
SIM4
1
21
22
SIM5
SIM1
SIM2
SIM3
SIM4
1
21
22
SIM5
SIM1
SIM2
SIM3
SIM4
1
21
22
SIM5
SIM1
SIM2
SIM3
SIM4
1
21
22
SIM5
SIM1
SIM2
SIM3
SIM4
1
21
22
SIM5
SIM1
SIM2
SIM3
SIM4
1
21
22
SIM5
SIM1
SIM2
SIM3
SIM4
1
21
22
SIM5
SIM1
SIM2
SIM3
SIM4
1
21
22
SIM5
SIM1
SIM2
SIM3
SIM4
1
21
22
SIM5
SIM1
SIM2
SIM3
SIM4
1
21
22
SIM5
SIM1
SIM2
SIM3
SIM4
1
21
22
SIM5
SIM1
SIM2
SIM3
SIM4
1
21
22
SIM5
SIM1
SIM2
SIM3
SIM4
1
21
22
SIM5
SIM1
SIM2
SIM3
SIM4
1
21
22
SIM5
SIM1
SIM2
SIM3
SIM4
1
21
22
SIM5
SIM1
SIM2
SIM3
SIM4
1
21
22
SIM5
SIM1
SIM2
SIM3
SIM4
1
21
22
SIM5
SIM1
SIM2
SIM3
SIM4
1
21
22
SIM5
SIM1
SIM2
SIM3
SIM4
1
21
22
SIM5
SIM1
SIM2
SIM3
SIM4
1
21
22
SIM5
SIM1
SIM2
SIM3
SIM4
1
21
22
SIM5
SIM1
SIM2
SIM3
SIM4
1
21
22
SIM5
SIM1
SIM2
SIM3
SIM4
1
21
22
SIM5
SIM1
SIM2
SIM3
SIM4
1
21
22
SIM5
SIM1
SIM2
SIM3
SIM4
1
21
22
SIM5
SIM1
SIM2
SIM3
SIM4
1
21
22
SIM5
SIM1
SIM2
SIM3
SIM4
1
21
22
SIM5
SIM1
SIM2
SIM3
SIM4
1
21
22
SIM5
SIM1
SIM2
SIM3
SIM4
1
21
22
SIM5
SIM1
SIM2
SIM3
SIM4
1
21
22
SIM5
SIM1
SIM2
SIM3
SIM4
1
21
22
SIM5
SIM1
SIM2
SIM3
SIM4
1
21
22
SIM5
SIM1
SIM2
SIM3
SIM4
1
21
22
SIM5
SIM1
SIM2
SIM3
SIM4
1
21
22
SIM5
SIM1
SIM2
SIM3
SIM4
1
21
22
SIM5
SIM1
SIM2
SIM3
SIM4
1
21
22
SIM5
SIM1
SIM2
SIM3
SIM4
1
21
22
SIM5
SIM1
SIM2
SIM3
SIM4
1
21
22
SIM5
SIM1
SIM2
SIM3
SIM4
1
21
22
SIM5
SIM1
SIM2
SIM3
SIM4
1
21
22
SIM5
SIM1
SIM2
SIM3
SIM4
1
21
22
SIM5
SIM1
SIM2
SIM3
SIM4
1
21
22
SIM5
SIM1
SIM2
SIM3
SIM4
1
21
22
SIM5
SIM1
SIM2
SIM3
SIM4
1
21
22
SIM5
SIM1
SIM2
SIM3
SIM4
1
21
22
SIM5
SIM1
SIM2
SIM3
SIM4
1
21
22
SIM5
SIM1
SIM2
SIM3
SIM4
1
21
22
SIM5
SIM1
SIM2
SIM3
SIM4
1
21
22
SIM5
SIM1
SIM2
SIM3
SIM4
1
21
22
SIM5
SIM1
SIM2
SIM3
SIM4
1
21
22
SIM5
SIM1
SIM2
SIM3
SIM4
1
21
22
SIM5
SIM1
SIM2
SIM3
SIM4
1
21
22
SIM5
SIM1
SIM2
SIM3
SIM4
1
21
22
SIM5
SIM1
SIM2
SIM3
SIM4
1
21
22
SIM5
SIM1
SIM2
SIM3
SIM4
1
21
22
SIM5
SIM1
SIM2
SIM3
SIM4
1
21
22
SIM5
SIM1
SIM2
SIM3
SIM4
1
21
22
SIM5
SIM1
SIM2
SIM3
SIM4
1
21
22
SIM5
SIM1
SIM2
SIM3
SIM4
1
21
22
SIM5
SIM1
SIM2
SIM3
SIM4
1
21
22
SIM5
SIM1
SIM2
SIM3
SIM4
1
21
22
SIM5
SIM1
SIM2
SIM3
SIM4
1
21
22
SIM5
SIM1
SIM2
SIM3
SIM4
1
21
22
SIM5
SIM1
SIM2
SIM3
SIM4
1
21
22
SIM5
SIM1
SIM2
SIM3
SIM4
1
21
22
SIM5
SIM1
SIM2
SIM3
SIM4
1
21
22
SIM5
SIM1
SIM2
SIM3
SIM4
1
21
22
SIM5
SIM1
SIM2
SIM3
SIM4
1
21
22
SIM5
SIM1
SIM2
SIM3
SIM4
1
21
22
SIM5
SIM1
SIM2
SIM3
SIM4
1
21
22
SIM5
SIM1
SIM2
DEBUG 1 112
SIM1
SIM2
SIM3
SIM4
1
21
22
SIM5
SIM1
SIM2
SIM3
SIM4
1
21
22
SIM5
SIM1
SIM2
SIM3
SIM4
1
21
22
SIM5
SIM1
SIM2
SIM3
SIM4
1
21
22
SIM5
SIM1
SIM2
SIM3
SIM4
1
21
22
SIM5
SIM1
SIM2
SIM3
SIM4
1
21
22
SIM5
SIM1
SIM2
SIM3
SIM4
1
21
22
SIM5
SIM1
SIM2
SIM3
SIM4
1
21
22
SIM5
SIM1
SIM2
SIM3
SIM4
1
21
22
SIM5
SIM1
SIM2
SIM3
SIM4
1
21
22
SIM5
SIM1
SIM2
SIM3
SIM4
1
21
22
SIM5
SIM1
SIM2
SIM3
SIM4
1
21
22
SIM5
SIM1
SIM2
SIM3
SIM4
1
21
22
SIM5
SIM1
SIM2
SIM3
SIM4
1
21
22
SIM5
SIM1
SIM2
SIM3
SIM4
1
21
22
SIM5
SIM1
SIM2
SIM3
SIM4
1
21
22
SIM5
SIM1
SIM2
SIM3
SIM4
1
21
22
SIM5
SIM1
SIM2
SIM3
SIM4
1
21
22
SIM5
SIM1
SIM2
SIM3
SIM4
1
21
22
SIM5
SIM1
SIM2
SIM3
SIM4
1
21
22
SIM5
SIM1
SIM2
SIM3
SIM4
1
21
22
SIM5
SIM1
SIM2
SIM3
SIM4
1
21
22
SIM5
SIM1
SIM2
SIM3
SIM4
1
21
22
SIM5
SIM1
SIM2
SIM3
SIM4
1
21
22
SIM5
SIM1
SIM2
SIM3
SIM4
1
21
22
SIM5
SIM1
SIM2
SIM3
SIM4
1
21
22
SIM5
SIM1
SIM2
SIM3
SIM4
1
21
22
SIM5
SIM1
SIM2
SIM3
SIM4
1
21
22
SIM5
SIM1
SIM2
SIM3
SIM4
1
21
22
SIM5
SIM1
SIM2
SIM3
SIM4
1
21
22
SIM5
SIM1
SIM2
SIM3
SIM4
1
21
22
SIM5
SIM1
SIM2
SIM3
SIM4
1
21
22
SIM5
SIM1
SIM2
SIM3
SIM4
1
21
22
SIM5
SIM1
SIM2
SIM3
SIM4
1
21
22
SIM5
SIM1
SIM2
SIM3
SIM4
1
21
22
SIM5
SIM1
SIM2
SIM3
SIM4
1
21
22
SIM5
SIM1
SIM2
SIM3
SIM4
1
21
22
SIM5
SIM1
SIM2
SIM3
SIM4
1
21
22
SIM5
SIM1
SIM2
SIM3
SIM4
1
21
22
SIM5
SIM1
SIM2
SIM3
SIM4
1
21
22
SIM5
SIM1
SIM2
SIM3
SIM4
1
21
22
SIM5
SIM1
SIM2
SIM3
SIM4
1
21
22
SIM5
SIM1
SIM2
SIM3
SIM4
1
21
22
SIM5
SIM1
SIM2
SIM3
SIM4
1
21
22
SIM5
SIM1
SIM2
SIM3
SIM4
1
21
22
SIM5
SIM1
SIM2
SIM3
SIM4
1
21
22
SIM5
SIM1
SIM2
SIM3
SIM4
1
21
22
SIM5
SIM1
SIM2
SIM3
SIM4
1
21
22
SIM5
SIM1
SIM2
SIM3
SIM4
1
21
22
SIM5
SIM1
SIM2
SIM3
SIM4
1
21
22
SIM5
SIM1
SIM2
SIM3
SIM4
1
21
22
SIM5
SIM1
SIM2
SIM3
SIM4
1
21
22
SIM5
SIM1
SIM2
SIM3
SIM4
1
21
22
SIM5
SIM1
SIM2
SIM3
SIM4
1
21
22
SIM5
SIM1
SIM2
SIM3
SIM4
1
21
22
SIM5
SIM1
SIM2
SIM3
SIM4
1
21
22
SIM5
SIM1
SIM2
SIM3
SIM4
1
21
22
SIM5
SIM1
SIM2
SIM3
SIM4
1
21
22
SIM5
SIM1
SIM2
SIM3
SIM4
1
21
22
SIM5
SIM1
SIM2
SIM3
SIM4
1
21
22
SIM5
SIM1
SIM2
SIM3
SIM4
1
21
22
SIM5
SIM1
SIM2
SIM3
SIM4
1
21
22
SIM5
SIM1
SIM2
SIM3
SIM4
1
21
22
SIM5
SIM1
SIM2
SIM3
SIM4
1
21
22
SIM5
SIM1
SIM2
SIM3
SIM4
1
21
22
SIM5
SIM1
SIM2
SIM3
SIM4
1
21
22
SIM5
SIM1
SIM2
SIM3
SIM4
1
21
22
SIM5
SIM1
SIM2
SIM3
SIM4
1
21
22
SIM5
SIM1
SIM2
SIM3
SIM4
1
21
22
SIM5
SIM1
SIM2
SIM3
SIM4
1
21
22
SIM5
SIM1
SIM2
SIM3
SIM4
1
21
22
SIM5
SIM1
SIM2
SIM3
SIM4
1
21
22
SIM5
SIM1
SIM2
SIM3
SIM4
1
21
22
SIM5
SIM1
SIM2
SIM3
SIM4
1
21
22
SIM5
SIM1
SIM2
SIM3
SIM4
1
21
22
SIM5
SIM1
SIM2
SIM3
SIM4
1
21
22
SIM5
SIM1
SIM2
SIM3
SIM4
1
21
22
SIM5
SIM1
SIM2
SIM3
SIM4
1
21
22
SIM5
SIM1
SIM2
SIM3
SIM4
1
21
22
SIM5
SIM1
SIM2
SIM3
SIM4
1
21
22
SIM5
SIM1
SIM2
SIM3
SIM4
1
21
22
SIM5
SIM1
SIM2
SIM3
SIM4
1
21
22
SIM5
SIM1
SIM2
SIM3
SIM4
1
21
22
SIM5
SIM1
SIM2
SIM3
SIM4
1
21
22
SIM5
SIM1
SIM2
SIM3
SIM4
1
21
22
SIM5
SIM1
SIM2
SIM3
SIM4
1
21
22
SIM5
SIM1
SIM2
SIM3
SIM4
1
21
22
SIM5
SIM1
SIM2
SIM3
SIM4
1
21
22
SIM5
SIM1
SIM2
SIM3
SIM4
1
21
22
SIM5
SIM1
SIM2
SIM3
SIM4
1
21
22
SIM5
SIM1
SIM2
SIM3
SIM4
1
21
22
SIM5
SIM1
SIM2
SIM3
SIM4
1
21
22
SIM5
SIM1
SIM2
SIM3
SIM4
1
21
22
SIM5
SIM1
SIM2
SIM3
SIM4
1
21
22
SIM5
SIM1
SIM2
SIM3
SIM4
1
21
22
SIM5
SIM1
SIM2
SIM3
SIM4
1
21
22
SIM5
SIM1
SIM2
SIM3
SIM4
1
21
22
SIM5
SIM1
SIM2
SIM3
SIM4
1
21
22
SIM5
SIM1
SIM2
SIM3
SIM4
1
21
22
SIM5
SIM1
SIM2
SIM3
SIM4
1
21
22
SIM5
SIM1
SIM2
SIM3
SIM4
1
21
22
SIM5
SIM1
SIM2
SIM3
SIM4
1
21
22
SIM5
SIM1
SIM2
SIM3
SIM4
1
21
22
SIM5
SIM1
SIM2
SIM3
SIM4
1
21
22
SIM5
SIM1
SIM2
SIM3
SIM4
1
21
22
SIM5
SIM1
SIM2
SIM3
SIM4
1
21
22
SIM5
SIM1
SIM2
SIM3
SIM4
1
21
22
SIM5
SIM1
SIM2
SIM3
SIM4
1
21
22
SIM5
SIM1
SIM2
SIM3
SIM4
1
21
22
SIM5
SIM1
SIM2
SIM3
SIM4
1
21
22
SIM5
SIM1
SIM2
SIM3
SIM4
1
21
22
SIM5
SIM1
SIM2
SIM3
SIM4
1
21
22
SIM5
SIM1
SIM2
SIM3
SIM4
1
21
22
SIM5
SIM1
SIM2
SIM3
SIM4
1
21
22
SIM5
SIM1
SIM2
SIM3
SIM4
1
21
22
SIM5
SIM1
SIM2
SIM3
SIM4
1
21
22
SIM5
SIM1
SIM2
SIM3
SIM4
1
21
22
SIM5
SIM1
SIM2
SIM3
SIM4
1
21
22
SIM5
SIM1
SIM2
SIM3
SIM4
1
21
22
SIM5
SIM1
SIM2
SIM3
SIM4
1
21
22
SIM5
SIM1
SIM2
SIM3
SIM4
1
21
22
SIM5
SIM1
SIM2
SIM3
SIM4
1
21
22
SIM5
SIM1
SIM2
SIM3
SIM4
1
21
22
SIM5
SIM1
SIM2
SIM3
SIM4
1
21
22
SIM5
SIM1
SIM2
SIM3
SIM4
1
21
22
SIM5
SIM1
SIM2
SIM3
SIM4
1
21
22
SIM5
SIM1
SIM2
SIM3
SIM4
1
21
22
SIM5
SIM1
SIM2
SIM3
SIM4
1
21
22
SIM5
SIM1
SIM2
SIM3
SIM4
1
21
22
SIM5
SIM1
SIM2
SIM3
SIM4
1
21
22
SIM5
SIM1
SIM2
SIM3
SIM4
1
21
22
SIM5
SIM1
SIM2
SIM3
SIM4
1
21
22
SIM5
SIM1
SIM2
SIM3
SIM4
1
21
22
SIM5
SIM1
SIM2
SIM3
SIM4
1
21
22
SIM5
SIM1
SIM2
SIM3
SIM4
1
21
22
SIM5
SIM1
SIM2
SIM3
SIM4
1
21
22
SIM5
SIM1
SIM2
SIM3
SIM4
1
21
22
SIM5
SIM1
SIM2
SIM3
SIM4
1
21
22
SIM5
SIM1
SIM2
SIM3
SIM4
1
21
22
SIM5
SIM1
SIM2
SIM3
SIM4
1
21
22
SIM5
SIM1
SIM2
SIM3
SIM4
1
21
22
SIM5
SIM1
SIM2
SIM3
SIM4
1
21
22
SIM5
SIM1
SIM2
SIM3
SIM4
1
21
22
SIM5
SIM1
SIM2
SIM3
SIM4
1
21
22
SIM5
SIM1
SIM2
SIM3
SIM4
1
21
22
SIM5
SIM1
SIM2
SIM3
SIM4
1
21
22
SIM5
SIM1
SIM2
SIM3
SIM4
1
21
22
SIM5
SIM1
SIM2
SIM3
SIM4
1
21
22
SIM5
SIM1
SIM2
SIM3
SIM4
1
21
22
SIM5
SIM1
SIM2
SIM3
SIM4
1
21
22
SIM5
SIM1
SIM2
SIM3
SIM4
1
21
22
SIM5
SIM1
SIM2
SIM3
SIM4
1
21
22
SIM5
SIM1
SIM2
SIM3
SIM4
1
21
22
SIM5
SIM1
SIM2
SIM3
SIM4
1
21
22
SIM5
SIM1
SIM2
SIM3
SIM4
1
21
22
SIM5
SIM1
SIM2
SIM3
SIM4
1
21
22
SIM5
SIM1
SIM2
SIM3
SIM4
1
21
22
SIM5
SIM1
SIM2
SIM3
SIM4
1
21
22
SIM5
SIM1
SIM2
SIM3
SIM4
1
21
22
SIM5
SIM1
SIM2
SIM3
SIM4
1
21
22
SIM5
SIM1
SIM2
SIM3
SIM4
1
21
22
SIM5
SIM1
SIM2
SIM3
SIM4
1
21
22
SIM5
SIM1
SIM2
SIM3
SIM4
1
21
22
SIM5
SIM1
SIM2
SIM3
SIM4
1
21
22
SIM5
SIM1
SIM2
SIM3
SIM4
1
21
22
SIM5
SIM1
SIM2
SIM3
SIM4
1
21
22
SIM5
SIM1
SIM2
SIM3
SIM4
1
21
22
SIM5
SIM1
SIM2
SIM3
SIM4
1
21
22
SIM5
SIM1
SIM2
SIM3
SIM4
1
21
22
SIM5
SIM1
SIM2
SIM3
SIM4
1
21
22
SIM5
SIM1
SIM2
SIM3
SIM4
1
21
22
SIM5
SIM1
SIM2
SIM3
SIM4
1
21
22
SIM5
SIM1
SIM2
SIM3
SIM4
1
21
22
SIM5
SIM1
SIM2
SIM3
SIM4
1
21
22
SIM5
SIM1
SIM2
SIM3
SIM4
1
21
22
SIM5
SIM1
SIM2
SIM3
SIM4
1
21
22
SIM5
SIM1
SIM2
SIM3
SIM4
1
21
22
SIM5
SIM1
SIM2
SIM3
SIM4
1
21
22
SIM5
SIM1
SIM2
SIM3
SIM4
1
21
22
SIM5
SIM1
SIM2
SIM3
SIM4
1
21
22
SIM5
SIM1
SIM2
SIM3
SIM4
1
21
22
SIM5
SIM1
SIM2
SIM3
SIM4
1
21
22
SIM5
SIM1
SIM2
SIM3
SIM4
1
21
22
SIM5
SIM1
SIM2
SIM3
SIM4
1
21
22
SIM5
SIM1
SIM2
SIM3
SIM4
1
21
22
SIM5
SIM1
SIM2
SIM3
SIM4
1
21
22
SIM5
SIM1
SIM2
SIM3
SIM4
1
21
22
SIM5
SIM1
SIM2
SIM3
SIM4
1
21
22
SIM5
SIM1
SIM2
SIM3
SIM4
1
21
22
SIM5
SIM1
SIM2
SIM3
SIM4
1
21
22
SIM5
SIM1
SIM2
SIM3
SIM4
1
21
22
SIM5
SIM1
SIM2
SIM3
SIM4
1
21
22
SIM5
SIM1
SIM2
SIM3
SIM4
1
21
22
SIM5
SIM1
SIM2
SIM3
SIM4
1
21
22
SIM5
SIM1
SIM2
SIM3
SIM4
1
21
22
SIM5
SIM1
SIM2
SIM3
SIM4
1
21
22
SIM5
SIM1
SIM2
SIM3
SIM4
1
21
22
SIM5
SIM1
SIM2
SIM3
SIM4
1
21
22
SIM5
SIM1
SIM2
SIM3
SIM4
1
21
22
SIM5
SIM1
SIM2
SIM3
SIM4
1
21
22
SIM5
SIM1
SIM2
SIM3
SIM4
1
21
22
SIM5
SIM1
SIM2
SIM3
SIM4
1
21
22
SIM5
SIM1
SIM2
SIM3
SIM4
1
21
22
SIM5
SIM1
SIM2
SIM3
SIM4
1
21
22
SIM5
SIM1
SIM2
SIM3
SIM4
1
21
22
SIM5
SIM1
SIM2
SIM3
SIM4
1
21
22
SIM5
SIM1
SIM2
SIM3
SIM4
1
21
22
SIM5
SIM1
SIM2
SIM3
SIM4
1
21
22
SIM5
SIM1
SIM2
SIM3
SIM4
1
21
22
SIM5
SIM1
SIM2
SIM3
SIM4
1
21
22
SIM5
SIM1
SIM2
SIM3
SIM4
1
21
22
SIM5
SIM1
SIM2
SIM3
SIM4
1
21
22
SIM5
SIM1
SIM2
SIM3
SIM4
1
21
22
SIM5
SIM1
SIM2
SIM3
SIM4
1
21
22
SIM5
SIM1
SIM2
SIM3
SIM4
1
21
22
SIM5
SIM1
SIM2
SIM3
SIM4
1
21
22
SIM5
SIM1
SIM2
SIM3
SIM4
1
21
22
SIM5
SIM1
SIM2
SIM3
SIM4
1
21
22
SIM5
SIM1
SIM2
SIM3
SIM4
1
21
22
SIM5
SIM1
SIM2
SIM3
SIM4
1
21
22
SIM5
SIM1
SIM2
SIM3
SIM4
1
21
22
SIM5
SIM1
SIM2
SIM3
SIM4
1
21
22
SIM5
SIM1
SIM2
SIM3
SIM4
1
21
22
SIM5
SIM1
SIM2
SIM3
SIM4
1
21
22
SIM5
SIM1
SIM2
SIM3
SIM4
1
21
22
SIM5
SIM1
SIM2
SIM3
SIM4
1
21
22
SIM5
SIM1
SIM2
SIM3
SIM4
1
21
22
SIM5
SIM1
SIM2
SIM3
SIM4
1
21
22
SIM5
SIM1
SIM2
SIM3
SIM4
1
21
22
SIM5
SIM1
SIM2
SIM3
SIM4
1
21
22
SIM5
SIM1
SIM2
SIM3
SIM4
1
21
22
SIM5
SIM1
SIM2
SIM3
SIM4
1
21
22
SIM5
SIM1
SIM2
SIM3
SIM4
1
21
22
SIM5
SIM1
SIM2
SIM3
SIM4
1
21
22
SIM5
SIM1
SIM2
SIM3
SIM4
1
21
22
SIM5
SIM1
SIM2
SIM3
SIM4
1
21
22
SIM5
SIM1
SIM2
SIM3
SIM4
1
21
22
SIM5
SIM1
SIM2
SIM3
SIM4
1
21
22
SIM5
SIM1
SIM2
SIM3
SIM4
1
21
22
SIM5
SIM1
SIM2
SIM3
SIM4
1
21
22
SIM5
SIM1
SIM2
SIM3
SIM4
1
21
22
SIM5
SIM1
SIM2
SIM3
SIM4
1
21
22
SIM5
SIM1
SIM2
DEBUG 1 113
SIM1
SIM2
SIM3
SIM4
1
21
22
SIM5
SIM1
SIM2
SIM3
SIM4
1
21
22
SIM5
SIM1
SIM2
SIM3
SIM4
1
21
22
SIM5
SIM1
SIM2
SIM3
SIM4
1
21
22
SIM5
SIM1
SIM2
SIM3
SIM4
1
21
22
SIM5
SIM1
SIM2
SIM3
SIM4
1
21
22
SIM5
SIM1
SIM2
SIM3
SIM4
1
21
22
SIM5
SIM1
SIM2
SIM3
SIM4
1
21
22
SIM5
SIM1
SIM2
SIM3
SIM4
1
21
22
SIM5
SIM1
SIM2
SIM3
SIM4
1
21
22
SIM5
SIM1
SIM2
SIM3
SIM4
1
21
22
SIM5
SIM1
SIM2
SIM3
SIM4
1
21
22
SIM5
SIM1
SIM2
SIM3
SIM4
1
21
22
SIM5
SIM1
SIM2
SIM3
SIM4
1
21
22
SIM5
SIM1
SIM2
SIM3
SIM4
1
21
22
SIM5
SIM1
SIM2
SIM3
SIM4
1
21
22
SIM5
SIM1
SIM2
SIM3
SIM4
1
21
22
SIM5
SIM1
SIM2
SIM3
SIM4
1
21
22
SIM5
SIM1
SIM2
SIM3
SIM4
1
21
22
SIM5
SIM1
SIM2
SIM3
SIM4
1
21
22
SIM5
SIM1
SIM2
SIM3
SIM4
1
21
22
SIM5
SIM1
SIM2
SIM3
SIM4
1
21
22
SIM5
SIM1
SIM2
SIM3
SIM4
1
21
22
SIM5
SIM1
SIM2
SIM3
SIM4
1
21
22
SIM5
SIM1
SIM2
SIM3
SIM4
1
21
22
SIM5
SIM1
SIM2
SIM3
SIM4
1
21
22
SIM5
SIM1
SIM2
SIM3
SIM4
1
21
22
SIM5
SIM1
SIM2
SIM3
SIM4
1
21
22
SIM5
SIM1
SIM2
SIM3
SIM4
1
21
22
SIM5
SIM1
SIM2
SIM3
SIM4
1
21
22
SIM5
SIM1
SIM2
SIM3
SIM4
1
21
22
SIM5
SIM1
SIM2
SIM3
SIM4
1
21
22
SIM5
SIM1
SIM2
SIM3
SIM4
1
21
22
SIM5
SIM1
SIM2
SIM3
SIM4
1
21
22
SIM5
SIM1
SIM2
SIM3
SIM4
1
21
22
SIM5
SIM1
SIM2
SIM3
SIM4
1
21
22
SIM5
SIM1
SIM2
SIM3
SIM4
1
21
22
SIM5
SIM1
SIM2
SIM3
SIM4
1
21
22
SIM5
SIM1
SIM2
SIM3
SIM4
1
21
22
SIM5
SIM1
SIM2
SIM3
SIM4
1
21
22
SIM5
SIM1
SIM2
SIM3
SIM4
1
21
22
SIM5
SIM1
SIM2
SIM3
SIM4
1
21
22
SIM5
SIM1
SIM2
SIM3
SIM4
1
21
22
SIM5
SIM1
SIM2
SIM3
SIM4
1
21
22
SIM5
SIM1
SIM2
SIM3
SIM4
1
21
22
SIM5
SIM1
SIM2
SIM3
SIM4
1
21
22
SIM5
SIM1
SIM2
SIM3
SIM4
1
21
22
SIM5
SIM1
SIM2
SIM3
SIM4
1
21
22
SIM5
SIM1
SIM2
SIM3
SIM4
1
21
22
SIM5
SIM1
SIM2
SIM3
SIM4
1
21
22
SIM5
SIM1
SIM2
SIM3
SIM4
1
21
22
SIM5
SIM1
SIM2
SIM3
SIM4
1
21
22
SIM5
SIM1
SIM2
SIM3
SIM4
1
21
22
SIM5
SIM1
SIM2
SIM3
SIM4
1
21
22
SIM5
SIM1
SIM2
SIM3
SIM4
1
21
22
SIM5
SIM1
SIM2
SIM3
SIM4
1
21
22
SIM5
SIM1
SIM2
SIM3
SIM4
1
21
22
SIM5
SIM1
SIM2
SIM3
SIM4
1
21
22
SIM5
SIM1
SIM2
SIM3
SIM4
1
21
22
SIM5
SIM1
SIM2
SIM3
SIM4
1
21
22
SIM5
SIM1
SIM2
SIM3
SIM4
1
21
22
SIM5
SIM1
SIM2
SIM3
SIM4
1
21
22
SIM5
SIM1
SIM2
SIM3
SIM4
1
21
22
SIM5
SIM1
SIM2
SIM3
SIM4
1
21
22
SIM5
SIM1
SIM2
SIM3
SIM4
1
21
22
SIM5
SIM1
SIM2
SIM3
SIM4
1
21
22
SIM5
SIM1
SIM2
SIM3
SIM4
1
21
22
SIM5
SIM1
SIM2
SIM3
SIM4
1
21
22
SIM5
SIM1
SIM2
SIM3
SIM4
1
21
22
SIM5
SIM1
SIM2
SIM3
SIM4
1
21
22
SIM5
SIM1
SIM2
SIM3
SIM4
1
21
22
SIM5
SIM1
SIM2
SIM3
SIM4
1
21
22
SIM5
SIM1
SIM2
SIM3
SIM4
1
21
22
SIM5
SIM1
SIM2
SIM3
SIM4
1
21
22
SIM5
SIM1
SIM2
SIM3
SIM4
1
21
22
SIM5
SIM1
SIM2
SIM3
SIM4
1
21
22
SIM5
SIM1
SIM2
SIM3
SIM4
1
21
22
SIM5
SIM1
SIM2
SIM3
SIM4
1
21
22
SIM5
SIM1
SIM2
SIM3
SIM4
1
21
22
SIM5
SIM1
SIM2
SIM3
SIM4
1
21
22
SIM5
SIM1
SIM2
SIM3
SIM4
1
21
22
SIM5
SIM1
SIM2
SIM3
SIM4
1
21
22
SIM5
SIM1
SIM2
SIM3
SIM4
1
21
22
SIM5
SIM1
SIM2
SIM3
SIM4
1
21
22
SIM5
SIM1
SIM2
SIM3
SIM4
1
21
22
SIM5
SIM1
SIM2
SIM3
SIM4
1
21
22
SIM5
SIM1
SIM2
SIM3
SIM4
1
21
22
SIM5
SIM1
SIM2
SIM3
SIM4
1
21
22
SIM5
SIM1
SIM2
SIM3
SIM4
1
21
22
SIM5
SIM1
SIM2
SIM3
SIM4
1
21
22
SIM5
SIM1
SIM2
SIM3
SIM4
1
21
22
SIM5
SIM1
SIM2
SIM3
SIM4
1
21
22
SIM5
SIM1
SIM2
SIM3
SIM4
1
21
22
SIM5
SIM1
SIM2
SIM3
SIM4
1
21
22
SIM5
SIM1
SIM2
SIM3
SIM4
1
21
22
SIM5
SIM1
SIM2
SIM3
SIM4
1
21
22
SIM5
SIM1
SIM2
SIM3
SIM4
1
21
22
SIM5
SIM1
SIM2
SIM3
SIM4
1
21
22
SIM5
SIM1
SIM2
SIM3
SIM4
1
21
22
SIM5
SIM1
SIM2
SIM3
SIM4
1
21
22
SIM5
SIM1
SIM2
SIM3
SIM4
1
21
22
SIM5
SIM1
SIM2
SIM3
SIM4
1
21
22
SIM5
SIM1
SIM2
SIM3
SIM4
1
21
22
SIM5
SIM1
SIM2
SIM3
SIM4
1
21
22
SIM5
SIM1
SIM2
SIM3
SIM4
1
21
22
SIM5
SIM1
SIM2
SIM3
SIM4
1
21
22
SIM5
SIM1
SIM2
SIM3
SIM4
1
21
22
SIM5
SIM1
SIM2
SIM3
SIM4
1
21
22
SIM5
SIM1
SIM2
SIM3
SIM4
1
21
22
SIM5
SIM1
SIM2
SIM3
SIM4
1
21
22
SIM5
SIM1
SIM2
SIM3
SIM4
1
21
22
SIM5
SIM1
SIM2
SIM3
SIM4
1
21
22
SIM5
SIM1
SIM2
SIM3
SIM4
1
21
22
SIM5
SIM1
SIM2
SIM3
SIM4
1
21
22
SIM5
SIM1
SIM2
SIM3
SIM4
1
21
22
SIM5
SIM1
SIM2
SIM3
SIM4
1
21
22
SIM5
SIM1
SIM2
SIM3
SIM4
1
21
22
SIM5
SIM1
SIM2
SIM3
SIM4
1
21
22
SIM5
SIM1
SIM2
SIM3
SIM4
1
21
22
SIM5
SIM1
SIM2
SIM3
SIM4
1
21
22
SIM5
SIM1
SIM2
SIM3
SIM4
1
21
22
SIM5
SIM1
SIM2
SIM3
SIM4
1
21
22
SIM5
SIM1
SIM2
SIM3
SIM4
1
21
22
SIM5
SIM1
SIM2
SIM3
SIM4
1
21
22
SIM5
SIM1
SIM2
SIM3
SIM4
1
21
22
SIM5
SIM1
SIM2
SIM3
SIM4
1
21
22
SIM5
SIM1
SIM2
SIM3
SIM4
1
21
22
SIM5
SIM1
SIM2
SIM3
SIM4
1
21
22
SIM5
SIM1
SIM2
SIM3
SIM4
1
21
22
SIM5
SIM1
SIM2
SIM3
SIM4
1
21
22
SIM5
SIM1
SIM2
SIM3
SIM4
1
21
22
SIM5
SIM1
SIM2
SIM3
SIM4
1
21
22
SIM5
SIM1
SIM2
SIM3
SIM4
1
21
22
SIM5
SIM1
SIM2
SIM3
SIM4
1
21
22
SIM5
SIM1
SIM2
SIM3
SIM4
1
21
22
SIM5
SIM1
SIM2
SIM3
SIM4
1
21
22
SIM5
SIM1
SIM2
SIM3
SIM4
1
21
22
SIM5
SIM1
SIM2
SIM3
SIM4
1
21
22
SIM5
SIM1
SIM2
SIM3
SIM4
1
21
22
SIM5
SIM1
SIM2
SIM3
SIM4
1
21
22
SIM5
SIM1
SIM2
SIM3
SIM4
1
21
22
SIM5
SIM1
SIM2
SIM3
SIM4
1
21
22
SIM5
SIM1
SIM2
SIM3
SIM4
1
21
22
SIM5
SIM1
SIM2
SIM3
SIM4
1
21
22
SIM5
SIM1
SIM2
SIM3
SIM4
1
21
22
SIM5
SIM1
SIM2
SIM3
SIM4
1
21
22
SIM5
SIM1
SIM2
SIM3
SIM4
1
21
22
SIM5
SIM1
SIM2
SIM3
SIM4
1
21
22
SIM5
SIM1
SIM2
SIM3
SIM4
1
21
22
SIM5
SIM1
SIM2
SIM3
SIM4
1
21
22
SIM5
SIM1
SIM2
SIM3
SIM4
1
21
22
SIM5
SIM1
SIM2
SIM3
SIM4
1
21
22
SIM5
SIM1
SIM2
SIM3
SIM4
1
21
22
SIM5
SIM1
SIM2
SIM3
SIM4
1
21
22
SIM5
SIM1
SIM2
SIM3
SIM4
1
21
22
SIM5
SIM1
SIM2
SIM3
SIM4
1
21
22
SIM5
SIM1
SIM2
SIM3
SIM4
1
21
22
SIM5
SIM1
SIM2
SIM3
SIM4
1
21
22
SIM5
SIM1
SIM2
SIM3
SIM4
1
21
22
SIM5
SIM1
SIM2
SIM3
SIM4
1
21
22
SIM5
SIM1
SIM2
SIM3
SIM4
1
21
22
SIM5
SIM1
SIM2
SIM3
SIM4
1
21
22
SIM5
SIM1
SIM2
SIM3
SIM4
1
21
22
SIM5
SIM1
SIM2
SIM3
SIM4
1
21
22
SIM5
SIM1
SIM2
SIM3
SIM4
1
21
22
SIM5
SIM1
SIM2
SIM3
SIM4
1
21
22
SIM5
SIM1
SIM2
SIM3
SIM4
1
21
22
SIM5
SIM1
SIM2
SIM3
SIM4
1
21
22
SIM5
SIM1
SIM2
SIM3
SIM4
1
21
22
SIM5
SIM1
SIM2
SIM3
SIM4
1
21
22
SIM5
SIM1
SIM2
SIM3
SIM4
1
21
22
SIM5
SIM1
SIM2
SIM3
SIM4
1
21
22
SIM5
SIM1
SIM2
SIM3
SIM4
1
21
22
SIM5
SIM1
SIM2
SIM3
SIM4
1
21
22
SIM5
SIM1
SIM2
SIM3
SIM4
1
21
22
SIM5
SIM1
SIM2
SIM3
SIM4
1
21
22
SIM5
SIM1
SIM2
SIM3
SIM4
1
21
22
SIM5
SIM1
SIM2
SIM3
SIM4
1
21
22
SIM5
SIM1
SIM2
SIM3
SIM4
1
21
22
SIM5
SIM1
SIM2
SIM3
SIM4
1
21
22
SIM5
SIM1
SIM2
SIM3
SIM4
1
21
22
SIM5
SIM1
SIM2
SIM3
SIM4
1
21
22
SIM5
SIM1
SIM2
SIM3
SIM4
1
21
22
SIM5
SIM1
SIM2
SIM3
SIM4
1
21
22
SIM5
SIM1
SIM2
SIM3
SIM4
1
21
22
SIM5
SIM1
SIM2
SIM3
SIM4
1
21
22
SIM5
SIM1
SIM2
SIM3
SIM4
1
21
22
SIM5
SIM1
SIM2
SIM3
SIM4
1
21
22
SIM5
SIM1
SIM2
SIM3
SIM4
1
21
22
SIM5
SIM1
SIM2
SIM3
SIM4
1
21
22
SIM5
SIM1
SIM2
SIM3
SIM4
1
21
22
SIM5
SIM1
SIM2
SIM3
SIM4
1
21
22
SIM5
SIM1
SIM2
SIM3
SIM4
1
21
22
SIM5
SIM1
SIM2
SIM3
SIM4
1
21
22
SIM5
SIM1
SIM2
SIM3
SIM4
1
21
22
SIM5
SIM1
SIM2
SIM3
SIM4
1
21
22
SIM5
SIM1
SIM2
SIM3
SIM4
1
21
22
SIM5
SIM1
SIM2
SIM3
SIM4
1
21
22
SIM5
SIM1
SIM2
SIM3
SIM4
1
21
22
SIM5
SIM1
SIM2
SIM3
SIM4
1
21
22
SIM5
SIM1
SIM2
SIM3
SIM4
1
21
22
SIM5
SIM1
SIM2
SIM3
SIM4
1
21
22
SIM5
SIM1
SIM2
SIM3
SIM4
1
21
22
SIM5
SIM1
SIM2
SIM3
SIM4
1
21
22
SIM5
SIM1
SIM2
SIM3
SIM4
1
21
22
SIM5
SIM1
SIM2
SIM3
SIM4
1
21
22
SIM5
SIM1
SIM2
SIM3
SIM4
1
21
22
SIM5
SIM1
SIM2
SIM3
SIM4
1
21
22
SIM5
SIM1
SIM2
SIM3
SIM4
1
21
22
SIM5
SIM1
SIM2
SIM3
SIM4
1
21
22
SIM5
SIM1
SIM2
SIM3
SIM4
1
21
22
SIM5
SIM1
SIM2
SIM3
SIM4
1
21
22
SIM5
SIM1
SIM2
SIM3
SIM4
1
21
22
SIM5
SIM1
SIM2
SIM3
SIM4
1
21
22
SIM5
SIM1
SIM2
SIM3
SIM4
1
21
22
SIM5
SIM1
SIM2
SIM3
SIM4
1
21
22
SIM5
SIM1
SIM2
SIM3
SIM4
1
21
22
SIM5
SIM1
SIM2
SIM3
SIM4
1
21
22
SIM5
SIM1
SIM2
SIM3
SIM4
1
21
22
SIM5
SIM1
SIM2
SIM3
SIM4
1
21
22
SIM5
SIM1
SIM2
SIM3
SIM4
1
21
22
SIM5
SIM1
SIM2
SIM3
SIM4
1
21
22
SIM5
SIM1
SIM2
SIM3
SIM4
1
21
22
SIM5
SIM1
SIM2
SIM3
SIM4
1
21
22
SIM5
SIM1
SIM2
SIM3
SIM4
1
21
22
SIM5
SIM1
SIM2
SIM3
SIM4
1
21
22
SIM5
SIM1
SIM2
SIM3
SIM4
1
21
22
SIM5
SIM1
SIM2
SIM3
SIM4
1
21
22
SIM5
SIM1
SIM2
SIM3
SIM4
1
21
22
SIM5
SIM1
SIM2
SIM3
SIM4
1
21
22
SIM5
SIM1
SIM2
SIM3
SIM4
1
21
22
SIM5
SIM1
SIM2
SIM3
SIM4
1
21
22
SIM5
SIM1
SIM2
SIM3
SIM4
1
21
22
SIM5
SIM1
SIM2
SIM3
SIM4
1
21
22
SIM5
SIM1
SIM2
SIM3
SIM4
1
21
22
SIM5
SIM1
SIM2
SIM3
SIM4
1
21
22
SIM5
SIM1
SIM2
SIM3
SIM4
1
21
22
SIM5
SIM1
SIM2
SIM3
SIM4
1
21
22
SIM5
SIM1
SIM2
SIM3
SIM4
1
21
22
SIM5
SIM1
SIM2
SIM3
SIM4
1
21
22
SIM5
SIM1
SIM2
SIM3
SIM4
1
21
22
SIM5
SIM1
SIM2
SIM3
SIM4
1
21
22
SIM5
SIM1
SIM2
SIM3
SIM4
1
21
22
SIM5
SIM1
SIM2
SIM3
SIM4
1
21
22
SIM5
SIM1
SIM2
SIM3
SIM4
1
21
22
SIM5
SIM1
SIM2
SIM3
SIM4
1
21
22
SIM5
SIM1
SIM2
SIM3
SIM4
1
21
22
SIM5
SIM1
SIM2
SIM3
SIM4
1
21
22
SIM5
SIM1
SIM2
SIM3
SIM4
1
21
22
SIM5
SIM1
SIM2
SIM3
SIM4
1
21
22
SIM5
SIM1
SIM2
SIM3
SIM4
1
21
22
SIM5
SIM1
SIM2
SIM3
SIM4
1
21
22
SIM5
SIM1
SIM2
SIM3
SIM4
1
21
22
SIM5
SIM1
SIM2
SIM3
SIM4
1
21
22
SIM5
SIM1
SIM2
SIM3
SIM4
1
21
22
SIM5
SIM1
SIM2
SIM3
SIM4
1
21
22
SIM5
SIM1
SIM2
SIM3
SIM4
1
21
22
SIM5
SIM1
SIM2
SIM3
SIM4
1
21
22
SIM5
SIM1
SIM2
SIM3
SIM4
1
21
22
SIM5
SIM1
SIM2
SIM3
SIM4
1
21
22
SIM5
SIM1
SIM2
SIM3
SIM4
1
21
22
SIM5
SIM1
SIM2
SIM3
SIM4
1
21
22
SIM5
SIM1
SIM2
SIM3
SIM4
1
21
22
SIM5
SIM1
SIM2
SIM3
SIM4
1
21
22
SIM5
SIM1
SIM2
SIM3
SIM4
1
21
22
SIM5
SIM1
SIM2
SIM3
SIM4
1
21
22
SIM5
SIM1
SIM2
SIM3
SIM4
1
21
22
SIM5
SIM1
SIM2
SIM3
SIM4
1
21
22
SIM5
SIM1
SIM2
SIM3
SIM4
1
21
22
SIM5
SIM1
SIM2
SIM3
SIM4
1
21
22
SIM5
SIM1
SIM2
SIM3
SIM4
1
21
22
SIM5
SIM1
SIM2
SIM3
SIM4
1
21
22
SIM5
SIM1
SIM2
SIM3
SIM4
1
21
22
SIM5
SIM1
SIM2
SIM3
SIM4
1
21
22
SIM5
SIM1
SIM2
SIM3
SIM4
1
21
22
SIM5
SIM1
SIM2
SIM3
SIM4
1
21
22
SIM5
SIM1
SIM2
DEBUG 1 114
SIM1
SIM2
SIM3
SIM4
1
21
22
SIM5
SIM1
SIM2
SIM3
SIM4
1
21
22
SIM5
SIM1
SIM2
SIM3
SIM4
1
21
22
SIM5
SIM1
SIM2
SIM3
SIM4
1
21
22
SIM5
SIM1
SIM2
SIM3
SIM4
1
21
22
SIM5
SIM1
SIM2
SIM3
SIM4
1
21
22
SIM5
SIM1
SIM2
SIM3
SIM4
1
21
22
SIM5
SIM1
SIM2
SIM3
SIM4
1
21
22
SIM5
SIM1
SIM2
SIM3
SIM4
1
21
22
SIM5
SIM1
SIM2
SIM3
SIM4
1
21
22
SIM5
SIM1
SIM2
SIM3
SIM4
1
21
22
SIM5
SIM1
SIM2
SIM3
SIM4
1
21
22
SIM5
SIM1
SIM2
SIM3
SIM4
1
21
22
SIM5
SIM1
SIM2
SIM3
SIM4
1
21
22
SIM5
SIM1
SIM2
SIM3
SIM4
1
21
22
SIM5
SIM1
SIM2
SIM3
SIM4
1
21
22
SIM5
SIM1
SIM2
SIM3
SIM4
1
21
22
SIM5
SIM1
SIM2
SIM3
SIM4
1
21
22
SIM5
SIM1
SIM2
SIM3
SIM4
1
21
22
SIM5
SIM1
SIM2
SIM3
SIM4
1
21
22
SIM5
SIM1
SIM2
SIM3
SIM4
1
21
22
SIM5
SIM1
SIM2
SIM3
SIM4
1
21
22
SIM5
SIM1
SIM2
SIM3
SIM4
1
21
22
SIM5
SIM1
SIM2
SIM3
SIM4
1
21
22
SIM5
SIM1
SIM2
SIM3
SIM4
1
21
22
SIM5
SIM1
SIM2
SIM3
SIM4
1
21
22
SIM5
SIM1
SIM2
SIM3
SIM4
1
21
22
SIM5
SIM1
SIM2
SIM3
SIM4
1
21
22
SIM5
SIM1
SIM2
SIM3
SIM4
1
21
22
SIM5
SIM1
SIM2
SIM3
SIM4
1
21
22
SIM5
SIM1
SIM2
SIM3
SIM4
1
21
22
SIM5
SIM1
SIM2
SIM3
SIM4
1
21
22
SIM5
SIM1
SIM2
SIM3
SIM4
1
21
22
SIM5
SIM1
SIM2
SIM3
SIM4
1
21
22
SIM5
SIM1
SIM2
SIM3
SIM4
1
21
22
SIM5
SIM1
SIM2
SIM3
SIM4
1
21
22
SIM5
SIM1
SIM2
SIM3
SIM4
1
21
22
SIM5
SIM1
SIM2
SIM3
SIM4
1
21
22
SIM5
SIM1
SIM2
SIM3
SIM4
1
21
22
SIM5
SIM1
SIM2
SIM3
SIM4
1
21
22
SIM5
SIM1
SIM2
SIM3
SIM4
1
21
22
SIM5
SIM1
SIM2
SIM3
SIM4
1
21
22
SIM5
SIM1
SIM2
SIM3
SIM4
1
21
22
SIM5
SIM1
SIM2
SIM3
SIM4
1
21
22
SIM5
SIM1
SIM2
SIM3
SIM4
1
21
22
SIM5
SIM1
SIM2
SIM3
SIM4
1
21
22
SIM5
SIM1
SIM2
SIM3
SIM4
1
21
22
SIM5
SIM1
SIM2
SIM3
SIM4
1
21
22
SIM5
SIM1
SIM2
SIM3
SIM4
1
21
22
SIM5
SIM1
SIM2
SIM3
SIM4
1
21
22
SIM5
SIM1
SIM2
SIM3
SIM4
1
21
22
SIM5
SIM1
SIM2
SIM3
SIM4
1
21
22
SIM5
SIM1
SIM2
SIM3
SIM4
1
21
22
SIM5
SIM1
SIM2
SIM3
SIM4
1
21
22
SIM5
SIM1
SIM2
SIM3
SIM4
1
21
22
SIM5
SIM1
SIM2
SIM3
SIM4
1
21
22
SIM5
SIM1
SIM2
SIM3
SIM4
1
21
22
SIM5
SIM1
SIM2
SIM3
SIM4
1
21
22
SIM5
SIM1
SIM2
SIM3
SIM4
1
21
22
SIM5
SIM1
SIM2
SIM3
SIM4
1
21
22
SIM5
SIM1
SIM2
SIM3
SIM4
1
21
22
SIM5
SIM1
SIM2
SIM3
SIM4
1
21
22
SIM5
SIM1
SIM2
SIM3
SIM4
1
21
22
SIM5
SIM1
SIM2
SIM3
SIM4
1
21
22
SIM5
SIM1
SIM2
SIM3
SIM4
1
21
22
SIM5
SIM1
SIM2
SIM3
SIM4
1
21
22
SIM5
SIM1
SIM2
SIM3
SIM4
1
21
22
SIM5
SIM1
SIM2
SIM3
SIM4
1
21
22
SIM5
SIM1
SIM2
SIM3
SIM4
1
21
22
SIM5
SIM1
SIM2
SIM3
SIM4
1
21
22
SIM5
SIM1
SIM2
SIM3
SIM4
1
21
22
SIM5
SIM1
SIM2
SIM3
SIM4
1
21
22
SIM5
SIM1
SIM2
SIM3
SIM4
1
21
22
SIM5
SIM1
SIM2
SIM3
SIM4
1
21
22
SIM5
SIM1
SIM2
SIM3
SIM4
1
21
22
SIM5
SIM1
SIM2
SIM3
SIM4
1
21
22
SIM5
SIM1
SIM2
SIM3
SIM4
1
21
22
SIM5
SIM1
SIM2
SIM3
SIM4
1
21
22
SIM5
SIM1
SIM2
SIM3
SIM4
1
21
22
SIM5
SIM1
SIM2
SIM3
SIM4
1
21
22
SIM5
SIM1
SIM2
SIM3
SIM4
1
21
22
SIM5
SIM1
SIM2
SIM3
SIM4
1
21
22
SIM5
SIM1
SIM2
SIM3
SIM4
1
21
22
SIM5
SIM1
SIM2
SIM3
SIM4
1
21
22
SIM5
SIM1
SIM2
SIM3
SIM4
1
21
22
SIM5
SIM1
SIM2
SIM3
SIM4
1
21
22
SIM5
SIM1
SIM2
SIM3
SIM4
1
21
22
SIM5
SIM1
SIM2
SIM3
SIM4
1
21
22
SIM5
SIM1
SIM2
SIM3
SIM4
1
21
22
SIM5
SIM1
SIM2
SIM3
SIM4
1
21
22
SIM5
SIM1
SIM2
SIM3
SIM4
1
21
22
SIM5
SIM1
SIM2
SIM3
SIM4
1
21
22
SIM5
SIM1
SIM2
SIM3
SIM4
1
21
22
SIM5
SIM1
SIM2
SIM3
SIM4
1
21
22
SIM5
SIM1
SIM2
SIM3
SIM4
1
21
22
SIM5
SIM1
SIM2
SIM3
SIM4
1
21
22
SIM5
SIM1
SIM2
SIM3
SIM4
1
21
22
SIM5
SIM1
SIM2
SIM3
SIM4
1
21
22
SIM5
SIM1
SIM2
SIM3
SIM4
1
21
22
SIM5
SIM1
SIM2
SIM3
SIM4
1
21
22
SIM5
SIM1
SIM2
SIM3
SIM4
1
21
22
SIM5
SIM1
SIM2
SIM3
SIM4
1
21
22
SIM5
SIM1
SIM2
SIM3
SIM4
1
21
22
SIM5
SIM1
SIM2
SIM3
SIM4
1
21
22
SIM5
SIM1
SIM2
SIM3
SIM4
1
21
22
SIM5
SIM1
SIM2
SIM3
SIM4
1
21
22
SIM5
SIM1
SIM2
SIM3
SIM4
1
21
22
SIM5
SIM1
SIM2
SIM3
SIM4
1
21
22
SIM5
SIM1
SIM2
SIM3
SIM4
1
21
22
SIM5
SIM1
SIM2
SIM3
SIM4
1
21
22
SIM5
SIM1
SIM2
SIM3
SIM4
1
21
22
SIM5
SIM1
SIM2
SIM3
SIM4
1
21
22
SIM5
SIM1
SIM2
SIM3
SIM4
1
21
22
SIM5
SIM1
SIM2
SIM3
SIM4
1
21
22
SIM5
SIM1
SIM2
SIM3
SIM4
1
21
22
SIM5
SIM1
SIM2
SIM3
SIM4
1
21
22
SIM5
SIM1
SIM2
SIM3
SIM4
1
21
22
SIM5
SIM1
SIM2
SIM3
SIM4
1
21
22
SIM5
SIM1
SIM2
SIM3
SIM4
1
21
22
SIM5
SIM1
SIM2
SIM3
SIM4
1
21
22
SIM5
SIM1
SIM2
SIM3
SIM4
1
21
22
SIM5
SIM1
SIM2
SIM3
SIM4
1
21
22
SIM5
SIM1
SIM2
SIM3
SIM4
1
21
22
SIM5
SIM1
SIM2
SIM3
SIM4
1
21
22
SIM5
SIM1
SIM2
SIM3
SIM4
1
21
22
SIM5
SIM1
SIM2
SIM3
SIM4
1
21
22
SIM5
SIM1
SIM2
SIM3
SIM4
1
21
22
SIM5
SIM1
SIM2
SIM3
SIM4
1
21
22
SIM5
SIM1
SIM2
SIM3
SIM4
1
21
22
SIM5
SIM1
SIM2
SIM3
SIM4
1
21
22
SIM5
SIM1
SIM2
SIM3
SIM4
1
21
22
SIM5
SIM1
SIM2
SIM3
SIM4
1
21
22
SIM5
SIM1
SIM2
SIM3
SIM4
1
21
22
SIM5
SIM1
SIM2
SIM3
SIM4
1
21
22
SIM5
SIM1
SIM2
SIM3
SIM4
1
21
22
SIM5
SIM1
SIM2
SIM3
SIM4
1
21
22
SIM5
SIM1
SIM2
SIM3
SIM4
1
21
22
SIM5
SIM1
SIM2
SIM3
SIM4
1
21
22
SIM5
SIM1
SIM2
SIM3
SIM4
1
21
22
SIM5
SIM1
SIM2
SIM3
SIM4
1
21
22
SIM5
SIM1
SIM2
SIM3
SIM4
1
21
22
SIM5
SIM1
SIM2
SIM3
SIM4
1
21
22
SIM5
SIM1
SIM2
SIM3
SIM4
1
21
22
SIM5
SIM1
SIM2
SIM3
SIM4
1
21
22
SIM5
SIM1
SIM2
SIM3
SIM4
1
21
22
SIM5
SIM1
SIM2
SIM3
SIM4
1
21
22
SIM5
SIM1
SIM2
SIM3
SIM4
1
21
22
SIM5
SIM1
SIM2
SIM3
SIM4
1
21
22
SIM5
SIM1
SIM2
SIM3
SIM4
1
21
22
SIM5
SIM1
SIM2
SIM3
SIM4
1
21
22
SIM5
SIM1
SIM2
SIM3
SIM4
1
21
22
SIM5
SIM1
SIM2
SIM3
SIM4
1
21
22
SIM5
SIM1
SIM2
DEBUG 1 115
SIM1
SIM2
SIM3
SIM4
1
21
22
SIM5
SIM1
SIM2
SIM3
SIM4
1
21
22
SIM5
SIM1
SIM2
SIM3
SIM4
1
21
22
SIM5
SIM1
SIM2
SIM3
SIM4
1
21
22
SIM5
SIM1
SIM2
SIM3
SIM4
1
21
22
SIM5
SIM1
SIM2
SIM3
SIM4
1
21
22
SIM5
SIM1
SIM2
SIM3
SIM4
1
21
22
SIM5
SIM1
SIM2
SIM3
SIM4
1
21
22
SIM5
SIM1
SIM2
SIM3
SIM4
1
21
22
SIM5
SIM1
SIM2
SIM3
SIM4
1
21
22
SIM5
SIM1
SIM2
SIM3
SIM4
1
21
22
SIM5
SIM1
SIM2
SIM3
SIM4
1
21
22
SIM5
SIM1
SIM2
SIM3
SIM4
1
21
22
SIM5
SIM1
SIM2
SIM3
SIM4
1
21
22
SIM5
SIM1
SIM2
SIM3
SIM4
1
21
22
SIM5
SIM1
SIM2
SIM3
SIM4
1
21
22
SIM5
SIM1
SIM2
SIM3
SIM4
1
21
22
SIM5
SIM1
SIM2
SIM3
SIM4
1
21
22
SIM5
SIM1
SIM2
SIM3
SIM4
1
21
22
SIM5
SIM1
SIM2
SIM3
SIM4
1
21
22
SIM5
SIM1
SIM2
SIM3
SIM4
1
21
22
SIM5
SIM1
SIM2
SIM3
SIM4
1
21
22
SIM5
SIM1
SIM2
SIM3
SIM4
1
21
22
SIM5
SIM1
SIM2
SIM3
SIM4
1
21
22
SIM5
SIM1
SIM2
SIM3
SIM4
1
21
22
SIM5
SIM1
SIM2
SIM3
SIM4
1
21
22
SIM5
SIM1
SIM2
SIM3
SIM4
1
21
22
SIM5
SIM1
SIM2
SIM3
SIM4
1
21
22
SIM5
SIM1
SIM2
SIM3
SIM4
1
21
22
SIM5
SIM1
SIM2
SIM3
SIM4
1
21
22
SIM5
SIM1
SIM2
SIM3
SIM4
1
21
22
SIM5
SIM1
SIM2
SIM3
SIM4
1
21
22
SIM5
SIM1
SIM2
SIM3
SIM4
1
21
22
SIM5
SIM1
SIM2
SIM3
SIM4
1
21
22
SIM5
SIM1
SIM2
SIM3
SIM4
1
21
22
SIM5
SIM1
SIM2
SIM3
SIM4
1
21
22
SIM5
SIM1
SIM2
SIM3
SIM4
1
21
22
SIM5
SIM1
SIM2
SIM3
SIM4
1
21
22
SIM5
SIM1
SIM2
SIM3
SIM4
1
21
22
SIM5
SIM1
SIM2
SIM3
SIM4
1
21
22
SIM5
SIM1
SIM2
SIM3
SIM4
1
21
22
SIM5
SIM1
SIM2
SIM3
SIM4
1
21
22
SIM5
SIM1
SIM2
SIM3
SIM4
1
21
22
SIM5
SIM1
SIM2
SIM3
SIM4
1
21
22
SIM5
SIM1
SIM2
SIM3
SIM4
1
21
22
SIM5
SIM1
SIM2
SIM3
SIM4
1
21
22
SIM5
SIM1
SIM2
SIM3
SIM4
1
21
22
SIM5
SIM1
SIM2
SIM3
SIM4
1
21
22
SIM5
SIM1
SIM2
SIM3
SIM4
1
21
22
SIM5
SIM1
SIM2
SIM3
SIM4
1
21
22
SIM5
SIM1
SIM2
SIM3
SIM4
1
21
22
SIM5
SIM1
SIM2
SIM3
SIM4
1
21
22
SIM5
SIM1
SIM2
SIM3
SIM4
1
21
22
SIM5
SIM1
SIM2
SIM3
SIM4
1
21
22
SIM5
SIM1
SIM2
SIM3
SIM4
1
21
22
SIM5
SIM1
SIM2
SIM3
SIM4
1
21
22
SIM5
SIM1
SIM2
SIM3
SIM4
1
21
22
SIM5
SIM1
SIM2
SIM3
SIM4
1
21
22
SIM5
SIM1
SIM2
SIM3
SIM4
1
21
22
SIM5
SIM1
SIM2
SIM3
SIM4
1
21
22
SIM5
SIM1
SIM2
SIM3
SIM4
1
21
22
SIM5
SIM1
SIM2
SIM3
SIM4
1
21
22
SIM5
SIM1
SIM2
SIM3
SIM4
1
21
22
SIM5
SIM1
SIM2
SIM3
SIM4
1
21
22
SIM5
SIM1
SIM2
SIM3
SIM4
1
21
22
SIM5
SIM1
SIM2
SIM3
SIM4
1
21
22
SIM5
SIM1
SIM2
SIM3
SIM4
1
21
22
SIM5
SIM1
SIM2
SIM3
SIM4
1
21
22
SIM5
SIM1
SIM2
SIM3
SIM4
1
21
22
SIM5
SIM1
SIM2
SIM3
SIM4
1
21
22
SIM5
SIM1
SIM2
SIM3
SIM4
1
21
22
SIM5
SIM1
SIM2
SIM3
SIM4
1
21
22
SIM5
SIM1
SIM2
SIM3
SIM4
1
21
22
SIM5
SIM1
SIM2
SIM3
SIM4
1
21
22
SIM5
SIM1
SIM2
SIM3
SIM4
1
21
22
SIM5
SIM1
SIM2
SIM3
SIM4
1
21
22
SIM5
SIM1
SIM2
SIM3
SIM4
1
21
22
SIM5
SIM1
SIM2
SIM3
SIM4
1
21
22
SIM5
SIM1
SIM2
SIM3
SIM4
1
21
22
SIM5
SIM1
SIM2
SIM3
SIM4
1
21
22
SIM5
SIM1
SIM2
SIM3
SIM4
1
21
22
SIM5
SIM1
SIM2
SIM3
SIM4
1
21
22
SIM5
SIM1
SIM2
SIM3
SIM4
1
21
22
SIM5
SIM1
SIM2
SIM3
SIM4
1
21
22
SIM5
SIM1
SIM2
SIM3
SIM4
1
21
22
SIM5
SIM1
SIM2
SIM3
SIM4
1
21
22
SIM5
SIM1
SIM2
SIM3
SIM4
1
21
22
SIM5
SIM1
SIM2
SIM3
SIM4
1
21
22
SIM5
SIM1
SIM2
SIM3
SIM4
1
21
22
SIM5
SIM1
SIM2
SIM3
SIM4
1
21
22
SIM5
SIM1
SIM2
SIM3
SIM4
1
21
22
SIM5
SIM1
SIM2
SIM3
SIM4
1
21
22
SIM5
SIM1
SIM2
SIM3
SIM4
1
21
22
SIM5
SIM1
SIM2
SIM3
SIM4
1
21
22
SIM5
SIM1
SIM2
SIM3
SIM4
1
21
22
SIM5
SIM1
SIM2
SIM3
SIM4
1
21
22
SIM5
SIM1
SIM2
SIM3
SIM4
1
21
22
SIM5
SIM1
SIM2
SIM3
SIM4
1
21
22
SIM5
SIM1
SIM2
SIM3
SIM4
1
21
22
SIM5
SIM1
SIM2
SIM3
SIM4
1
21
22
SIM5
SIM1
SIM2
SIM3
SIM4
1
21
22
SIM5
SIM1
SIM2
SIM3
SIM4
1
21
22
SIM5
SIM1
SIM2
SIM3
SIM4
1
21
22
SIM5
SIM1
SIM2
SIM3
SIM4
1
21
22
SIM5
SIM1
SIM2
SIM3
SIM4
1
21
22
SIM5
SIM1
SIM2
SIM3
SIM4
1
21
22
SIM5
SIM1
SIM2
SIM3
SIM4
1
21
22
SIM5
SIM1
SIM2
SIM3
SIM4
1
21
22
SIM5
SIM1
SIM2
SIM3
SIM4
1
21
22
SIM5
SIM1
SIM2
SIM3
SIM4
1
21
22
SIM5
SIM1
SIM2
SIM3
SIM4
1
21
22
SIM5
SIM1
SIM2
SIM3
SIM4
1
21
22
SIM5
SIM1
SIM2
SIM3
SIM4
1
21
22
SIM5
SIM1
SIM2
SIM3
SIM4
1
21
22
SIM5
SIM1
SIM2
SIM3
SIM4
1
21
22
SIM5
SIM1
SIM2
SIM3
SIM4
1
21
22
SIM5
SIM1
SIM2
SIM3
SIM4
1
21
22
SIM5
SIM1
SIM2
SIM3
SIM4
1
21
22
SIM5
SIM1
SIM2
SIM3
SIM4
1
21
22
SIM5
SIM1
SIM2
SIM3
SIM4
1
21
22
SIM5
SIM1
SIM2
SIM3
SIM4
1
21
22
SIM5
SIM1
SIM2
SIM3
SIM4
1
21
22
SIM5
SIM1
SIM2
SIM3
SIM4
1
21
22
SIM5
SIM1
SIM2
SIM3
SIM4
1
21
22
SIM5
SIM1
SIM2
SIM3
SIM4
1
21
22
SIM5
SIM1
SIM2
SIM3
SIM4
1
21
22
SIM5
SIM1
SIM2
SIM3
SIM4
1
21
22
SIM5
SIM1
SIM2
SIM3
SIM4
1
21
22
SIM5
SIM1
SIM2
SIM3
SIM4
1
21
22
SIM5
SIM1
SIM2
SIM3
SIM4
1
21
22
SIM5
SIM1
SIM2
SIM3
SIM4
1
21
22
SIM5
SIM1
SIM2
SIM3
SIM4
1
21
22
SIM5
SIM1
SIM2
SIM3
SIM4
1
21
22
SIM5
SIM1
SIM2
SIM3
SIM4
1
21
22
SIM5
SIM1
SIM2
SIM3
SIM4
1
21
22
SIM5
SIM1
SIM2
SIM3
SIM4
1
21
22
SIM5
SIM1
SIM2
SIM3
SIM4
1
21
22
SIM5
SIM1
SIM2
SIM3
SIM4
1
21
22
SIM5
SIM1
SIM2
SIM3
SIM4
1
21
22
SIM5
SIM1
SIM2
SIM3
SIM4
1
21
22
SIM5
SIM1
SIM2
SIM3
SIM4
1
21
22
SIM5
SIM1
SIM2
SIM3
SIM4
1
21
22
SIM5
SIM1
SIM2
SIM3
SIM4
1
21
22
SIM5
SIM1
SIM2
SIM3
SIM4
1
21
22
SIM5
SIM1
SIM2
SIM3
SIM4
1
21
22
SIM5
SIM1
SIM2
SIM3
SIM4
1
21
22
SIM5
SIM1
SIM2
SIM3
SIM4
1
21
22
SIM5
SIM1
SIM2
SIM3
SIM4
1
21
22
SIM5
SIM1
SIM2
SIM3
SIM4
1
21
22
SIM5
SIM1
SIM2
SIM3
SIM4
1
21
22
SIM5
SIM1
SIM2
SIM3
SIM4
1
21
22
SIM5
SIM1
SIM2
SIM3
SIM4
1
21
22
SIM5
SIM1
SIM2
SIM3
SIM4
1
21
22
SIM5
SIM1
SIM2
SIM3
SIM4
1
21
22
SIM5
SIM1
SIM2
SIM3
SIM4
1
21
22
SIM5
SIM1
SIM2
SIM3
SIM4
1
21
22
SIM5
SIM1
SIM2
SIM3
SIM4
1
21
22
SIM5
SIM1
SIM2
SIM3
SIM4
1
21
22
SIM5
SIM1
SIM2
SIM3
SIM4
1
21
22
SIM5
SIM1
SIM2
SIM3
SIM4
1
21
22
SIM5
SIM1
SIM2
SIM3
SIM4
1
21
22
SIM5
SIM1
SIM2
SIM3
SIM4
1
21
22
SIM5
SIM1
SIM2
SIM3
SIM4
1
21
22
SIM5
SIM1
SIM2
SIM3
SIM4
1
21
22
SIM5
SIM1
SIM2
SIM3
SIM4
1
21
22
SIM5
SIM1
SIM2
SIM3
SIM4
1
21
22
SIM5
SIM1
SIM2
SIM3
SIM4
1
21
22
SIM5
SIM1
SIM2
SIM3
SIM4
1
21
22
SIM5
SIM1
SIM2
SIM3
SIM4
1
21
22
SIM5
SIM1
SIM2
SIM3
SIM4
1
21
22
SIM5
SIM1
SIM2
SIM3
SIM4
1
21
22
SIM5
SIM1
SIM2
SIM3
SIM4
1
21
22
SIM5
SIM1
SIM2
SIM3
SIM4
1
21
22
SIM5
SIM1
SIM2
SIM3
SIM4
1
21
22
SIM5
SIM1
SIM2
SIM3
SIM4
1
21
22
SIM5
SIM1
SIM2
SIM3
SIM4
1
21
22
SIM5
SIM1
SIM2
SIM3
SIM4
1
21
22
SIM5
SIM1
SIM2
SIM3
SIM4
1
21
22
SIM5
SIM1
SIM2
SIM3
SIM4
1
21
22
SIM5
SIM1
SIM2
SIM3
SIM4
1
21
22
SIM5
SIM1
SIM2
SIM3
SIM4
1
21
22
SIM5
SIM1
SIM2
DEBUG 1 116
SIM1
SIM2
SIM3
SIM4
1
21
22
SIM5
SIM1
SIM2
SIM3
SIM4
1
21
22
SIM5
SIM1
SIM2
SIM3
SIM4
1
21
22
SIM5
SIM1
SIM2
SIM3
SIM4
1
21
22
SIM5
SIM1
SIM2
SIM3
SIM4
1
21
22
SIM5
SIM1
SIM2
SIM3
SIM4
1
21
22
SIM5
SIM1
SIM2
SIM3
SIM4
1
21
22
SIM5
SIM1
SIM2
SIM3
SIM4
1
21
22
SIM5
SIM1
SIM2
SIM3
SIM4
1
21
22
SIM5
SIM1
SIM2
SIM3
SIM4
1
21
22
SIM5
SIM1
SIM2
SIM3
SIM4
1
21
22
SIM5
SIM1
SIM2
SIM3
SIM4
1
21
22
SIM5
SIM1
SIM2
SIM3
SIM4
1
21
22
SIM5
SIM1
SIM2
SIM3
SIM4
1
21
22
SIM5
SIM1
SIM2
SIM3
SIM4
1
21
22
SIM5
SIM1
SIM2
SIM3
SIM4
1
21
22
SIM5
SIM1
SIM2
SIM3
SIM4
1
21
22
SIM5
SIM1
SIM2
SIM3
SIM4
1
21
22
SIM5
SIM1
SIM2
SIM3
SIM4
1
21
22
SIM5
SIM1
SIM2
SIM3
SIM4
1
21
22
SIM5
SIM1
SIM2
SIM3
SIM4
1
21
22
SIM5
SIM1
SIM2
SIM3
SIM4
1
21
22
SIM5
SIM1
SIM2
SIM3
SIM4
1
21
22
SIM5
SIM1
SIM2
SIM3
SIM4
1
21
22
SIM5
SIM1
SIM2
SIM3
SIM4
1
21
22
SIM5
SIM1
SIM2
SIM3
SIM4
1
21
22
SIM5
SIM1
SIM2
SIM3
SIM4
1
21
22
SIM5
SIM1
SIM2
SIM3
SIM4
1
21
22
SIM5
SIM1
SIM2
SIM3
SIM4
1
21
22
SIM5
SIM1
SIM2
SIM3
SIM4
1
21
22
SIM5
SIM1
SIM2
SIM3
SIM4
1
21
22
SIM5
SIM1
SIM2
SIM3
SIM4
1
21
22
SIM5
SIM1
SIM2
SIM3
SIM4
1
21
22
SIM5
SIM1
SIM2
SIM3
SIM4
1
21
22
SIM5
SIM1
SIM2
SIM3
SIM4
1
21
22
SIM5
SIM1
SIM2
SIM3
SIM4
1
21
22
SIM5
SIM1
SIM2
SIM3
SIM4
1
21
22
SIM5
SIM1
SIM2
SIM3
SIM4
1
21
22
SIM5
SIM1
SIM2
SIM3
SIM4
1
21
22
SIM5
SIM1
SIM2
SIM3
SIM4
1
21
22
SIM5
SIM1
SIM2
SIM3
SIM4
1
21
22
SIM5
SIM1
SIM2
SIM3
SIM4
1
21
22
SIM5
SIM1
SIM2
SIM3
SIM4
1
21
22
SIM5
SIM1
SIM2
SIM3
SIM4
1
21
22
SIM5
SIM1
SIM2
SIM3
SIM4
1
21
22
SIM5
SIM1
SIM2
SIM3
SIM4
1
21
22
SIM5
SIM1
SIM2
SIM3
SIM4
1
21
22
SIM5
SIM1
SIM2
SIM3
SIM4
1
21
22
SIM5
SIM1
SIM2
SIM3
SIM4
1
21
22
SIM5
SIM1
SIM2
SIM3
SIM4
1
21
22
SIM5
SIM1
SIM2
SIM3
SIM4
1
21
22
SIM5
SIM1
SIM2
SIM3
SIM4
1
21
22
SIM5
SIM1
SIM2
SIM3
SIM4
1
21
22
SIM5
SIM1
SIM2
SIM3
SIM4
1
21
22
SIM5
SIM1
SIM2
SIM3
SIM4
1
21
22
SIM5
SIM1
SIM2
SIM3
SIM4
1
21
22
SIM5
SIM1
SIM2
SIM3
SIM4
1
21
22
SIM5
SIM1
SIM2
SIM3
SIM4
1
21
22
SIM5
SIM1
SIM2
SIM3
SIM4
1
21
22
SIM5
SIM1
SIM2
SIM3
SIM4
1
21
22
SIM5
SIM1
SIM2
SIM3
SIM4
1
21
22
SIM5
SIM1
SIM2
SIM3
SIM4
1
21
22
SIM5
SIM1
SIM2
SIM3
SIM4
1
21
22
SIM5
SIM1
SIM2
SIM3
SIM4
1
21
22
SIM5
SIM1
SIM2
SIM3
SIM4
1
21
22
SIM5
SIM1
SIM2
SIM3
SIM4
1
21
22
SIM5
SIM1
SIM2
SIM3
SIM4
1
21
22
SIM5
SIM1
SIM2
SIM3
SIM4
1
21
22
SIM5
SIM1
SIM2
SIM3
SIM4
1
21
22
SIM5
SIM1
SIM2
SIM3
SIM4
1
21
22
SIM5
SIM1
SIM2
SIM3
SIM4
1
21
22
SIM5
SIM1
SIM2
SIM3
SIM4
1
21
22
SIM5
SIM1
SIM2
SIM3
SIM4
1
21
22
SIM5
SIM1
SIM2
SIM3
SIM4
1
21
22
SIM5
SIM1
SIM2
SIM3
SIM4
1
21
22
SIM5
SIM1
SIM2
SIM3
SIM4
1
21
22
SIM5
SIM1
SIM2
SIM3
SIM4
1
21
22
SIM5
SIM1
SIM2
SIM3
SIM4
1
21
22
SIM5
SIM1
SIM2
SIM3
SIM4
1
21
22
SIM5
SIM1
SIM2
SIM3
SIM4
1
21
22
SIM5
SIM1
SIM2
SIM3
SIM4
1
21
22
SIM5
SIM1
SIM2
SIM3
SIM4
1
21
22
SIM5
SIM1
SIM2
SIM3
SIM4
1
21
22
SIM5
SIM1
SIM2
SIM3
SIM4
1
21
22
SIM5
SIM1
SIM2
SIM3
SIM4
1
21
22
SIM5
SIM1
SIM2
SIM3
SIM4
1
21
22
SIM5
SIM1
SIM2
SIM3
SIM4
1
21
22
SIM5
SIM1
SIM2
SIM3
SIM4
1
21
22
SIM5
SIM1
SIM2
SIM3
SIM4
1
21
22
SIM5
SIM1
SIM2
SIM3
SIM4
1
21
22
SIM5
SIM1
SIM2
SIM3
SIM4
1
21
22
SIM5
SIM1
SIM2
SIM3
SIM4
1
21
22
SIM5
SIM1
SIM2
SIM3
SIM4
1
21
22
SIM5
SIM1
SIM2
SIM3
SIM4
1
21
22
SIM5
SIM1
SIM2
SIM3
SIM4
1
21
22
SIM5
SIM1
SIM2
SIM3
SIM4
1
21
22
SIM5
SIM1
SIM2
SIM3
SIM4
1
21
22
SIM5
SIM1
SIM2
SIM3
SIM4
1
21
22
SIM5
SIM1
SIM2
SIM3
SIM4
1
21
22
SIM5
SIM1
SIM2
SIM3
SIM4
1
21
22
SIM5
SIM1
SIM2
SIM3
SIM4
1
21
22
SIM5
SIM1
SIM2
SIM3
SIM4
1
21
22
SIM5
SIM1
SIM2
SIM3
SIM4
1
21
22
SIM5
SIM1
SIM2
SIM3
SIM4
1
21
22
SIM5
SIM1
SIM2
SIM3
SIM4
1
21
22
SIM5
SIM1
SIM2
SIM3
SIM4
1
21
22
SIM5
SIM1
SIM2
SIM3
SIM4
1
21
22
SIM5
SIM1
SIM2
SIM3
SIM4
1
21
22
SIM5
SIM1
SIM2
SIM3
SIM4
1
21
22
SIM5
SIM1
SIM2
SIM3
SIM4
1
21
22
SIM5
SIM1
SIM2
SIM3
SIM4
1
21
22
SIM5
SIM1
SIM2
SIM3
SIM4
1
21
22
SIM5
SIM1
SIM2
SIM3
SIM4
1
21
22
SIM5
SIM1
SIM2
SIM3
SIM4
1
21
22
SIM5
SIM1
SIM2
SIM3
SIM4
1
21
22
SIM5
SIM1
SIM2
SIM3
SIM4
1
21
22
SIM5
SIM1
SIM2
SIM3
SIM4
1
21
22
SIM5
SIM1
SIM2
SIM3
SIM4
1
21
22
SIM5
SIM1
SIM2
SIM3
SIM4
1
21
22
SIM5
SIM1
SIM2
SIM3
SIM4
1
21
22
SIM5
SIM1
SIM2
SIM3
SIM4
1
21
22
SIM5
SIM1
SIM2
SIM3
SIM4
1
21
22
SIM5
SIM1
SIM2
SIM3
SIM4
1
21
22
SIM5
SIM1
SIM2
SIM3
SIM4
1
21
22
SIM5
SIM1
SIM2
SIM3
SIM4
1
21
22
SIM5
SIM1
SIM2
SIM3
SIM4
1
21
22
SIM5
SIM1
SIM2
SIM3
SIM4
1
21
22
SIM5
SIM1
SIM2
SIM3
SIM4
1
21
22
SIM5
SIM1
SIM2
SIM3
SIM4
1
21
22
SIM5
SIM1
SIM2
SIM3
SIM4
1
21
22
SIM5
SIM1
SIM2
SIM3
SIM4
1
21
22
SIM5
SIM1
SIM2
SIM3
SIM4
1
21
22
SIM5
SIM1
SIM2
SIM3
SIM4
1
21
22
SIM5
SIM1
SIM2
SIM3
SIM4
1
21
22
SIM5
SIM1
SIM2
SIM3
SIM4
1
21
22
SIM5
SIM1
SIM2
SIM3
SIM4
1
21
22
SIM5
SIM1
SIM2
SIM3
SIM4
1
21
22
SIM5
SIM1
SIM2
SIM3
SIM4
1
21
22
SIM5
SIM1
SIM2
SIM3
SIM4
1
21
22
SIM5
SIM1
SIM2
SIM3
SIM4
1
21
22
SIM5
SIM1
SIM2
SIM3
SIM4
1
21
22
SIM5
SIM1
SIM2
SIM3
SIM4
1
21
22
SIM5
SIM1
SIM2
SIM3
SIM4
1
21
22
SIM5
SIM1
SIM2
SIM3
SIM4
1
21
22
SIM5
SIM1
SIM2
SIM3
SIM4
1
21
22
SIM5
SIM1
SIM2
SIM3
SIM4
1
21
22
SIM5
SIM1
SIM2
SIM3
SIM4
1
21
22
SIM5
SIM1
SIM2
SIM3
SIM4
1
21
22
SIM5
SIM1
SIM2
SIM3
SIM4
1
21
22
SIM5
SIM1
SIM2
SIM3
SIM4
1
21
22
SIM5
SIM1
SIM2
SIM3
SIM4
1
21
22
SIM5
SIM1
SIM2
SIM3
SIM4
1
21
22
SIM5
SIM1
SIM2
DEBUG 1 117
SIM1
SIM2
SIM3
SIM4
1
21
22
SIM5
SIM1
SIM2
SIM3
SIM4
1
21
22
SIM5
SIM1
SIM2
SIM3
SIM4
1
21
22
SIM5
SIM1
SIM2
SIM3
SIM4
1
21
22
SIM5
SIM1
SIM2
SIM3
SIM4
1
21
22
SIM5
SIM1
SIM2
SIM3
SIM4
1
21
22
SIM5
SIM1
SIM2
SIM3
SIM4
1
21
22
SIM5
SIM1
SIM2
SIM3
SIM4
1
21
22
SIM5
SIM1
SIM2
SIM3
SIM4
1
21
22
SIM5
SIM1
SIM2
SIM3
SIM4
1
21
22
SIM5
SIM1
SIM2
SIM3
SIM4
1
21
22
SIM5
SIM1
SIM2
SIM3
SIM4
1
21
22
SIM5
SIM1
SIM2
SIM3
SIM4
1
21
22
SIM5
SIM1
SIM2
SIM3
SIM4
1
21
22
SIM5
SIM1
SIM2
SIM3
SIM4
1
21
22
SIM5
SIM1
SIM2
SIM3
SIM4
1
21
22
SIM5
SIM1
SIM2
SIM3
SIM4
1
21
22
SIM5
SIM1
SIM2
SIM3
SIM4
1
21
22
SIM5
SIM1
SIM2
SIM3
SIM4
1
21
22
SIM5
SIM1
SIM2
SIM3
SIM4
1
21
22
SIM5
SIM1
SIM2
SIM3
SIM4
1
21
22
SIM5
SIM1
SIM2
SIM3
SIM4
1
21
22
SIM5
SIM1
SIM2
SIM3
SIM4
1
21
22
SIM5
SIM1
SIM2
SIM3
SIM4
1
21
22
SIM5
SIM1
SIM2
SIM3
SIM4
1
21
22
SIM5
SIM1
SIM2
SIM3
SIM4
1
21
22
SIM5
SIM1
SIM2
SIM3
SIM4
1
21
22
SIM5
SIM1
SIM2
SIM3
SIM4
1
21
22
SIM5
SIM1
SIM2
SIM3
SIM4
1
21
22
SIM5
SIM1
SIM2
SIM3
SIM4
1
21
22
SIM5
SIM1
SIM2
SIM3
SIM4
1
21
22
SIM5
SIM1
SIM2
SIM3
SIM4
1
21
22
SIM5
SIM1
SIM2
SIM3
SIM4
1
21
22
SIM5
SIM1
SIM2
SIM3
SIM4
1
21
22
SIM5
SIM1
SIM2
SIM3
SIM4
1
21
22
SIM5
SIM1
SIM2
SIM3
SIM4
1
21
22
SIM5
SIM1
SIM2
SIM3
SIM4
1
21
22
SIM5
SIM1
SIM2
SIM3
SIM4
1
21
22
SIM5
SIM1
SIM2
SIM3
SIM4
1
21
22
SIM5
SIM1
SIM2
SIM3
SIM4
1
21
22
SIM5
SIM1
SIM2
SIM3
SIM4
1
21
22
SIM5
SIM1
SIM2
SIM3
SIM4
1
21
22
SIM5
SIM1
SIM2
SIM3
SIM4
1
21
22
SIM5
SIM1
SIM2
SIM3
SIM4
1
21
22
SIM5
SIM1
SIM2
SIM3
SIM4
1
21
22
SIM5
SIM1
SIM2
SIM3
SIM4
1
21
22
SIM5
SIM1
SIM2
SIM3
SIM4
1
21
22
SIM5
SIM1
SIM2
SIM3
SIM4
1
21
22
SIM5
SIM1
SIM2
SIM3
SIM4
1
21
22
SIM5
SIM1
SIM2
SIM3
SIM4
1
21
22
SIM5
SIM1
SIM2
SIM3
SIM4
1
21
22
SIM5
SIM1
SIM2
SIM3
SIM4
1
21
22
SIM5
SIM1
SIM2
SIM3
SIM4
1
21
22
SIM5
SIM1
SIM2
SIM3
SIM4
1
21
22
SIM5
SIM1
SIM2
SIM3
SIM4
1
21
22
SIM5
SIM1
SIM2
SIM3
SIM4
1
21
22
SIM5
SIM1
SIM2
SIM3
SIM4
1
21
22
SIM5
SIM1
SIM2
SIM3
SIM4
1
21
22
SIM5
SIM1
SIM2
SIM3
SIM4
1
21
22
SIM5
SIM1
SIM2
SIM3
SIM4
1
21
22
SIM5
SIM1
SIM2
SIM3
SIM4
1
21
22
SIM5
SIM1
SIM2
SIM3
SIM4
1
21
22
SIM5
SIM1
SIM2
SIM3
SIM4
1
21
22
SIM5
SIM1
SIM2
SIM3
SIM4
1
21
22
SIM5
SIM1
SIM2
SIM3
SIM4
1
21
22
SIM5
SIM1
SIM2
SIM3
SIM4
1
21
22
SIM5
SIM1
SIM2
SIM3
SIM4
1
21
22
SIM5
SIM1
SIM2
SIM3
SIM4
1
21
22
SIM5
SIM1
SIM2
SIM3
SIM4
1
21
22
SIM5
SIM1
SIM2
SIM3
SIM4
1
21
22
SIM5
SIM1
SIM2
SIM3
SIM4
1
21
22
SIM5
SIM1
SIM2
SIM3
SIM4
1
21
22
SIM5
SIM1
SIM2
SIM3
SIM4
1
21
22
SIM5
SIM1
SIM2
SIM3
SIM4
1
21
22
SIM5
SIM1
SIM2
SIM3
SIM4
1
21
22
SIM5
SIM1
SIM2
SIM3
SIM4
1
21
22
SIM5
SIM1
SIM2
SIM3
SIM4
1
21
22
SIM5
SIM1
SIM2
SIM3
SIM4
1
21
22
SIM5
SIM1
SIM2
SIM3
SIM4
1
21
22
SIM5
SIM1
SIM2
SIM3
SIM4
1
21
22
SIM5
SIM1
SIM2
SIM3
SIM4
1
21
22
SIM5
SIM1
SIM2
SIM3
SIM4
1
21
22
SIM5
SIM1
SIM2
SIM3
SIM4
1
21
22
SIM5
SIM1
SIM2
SIM3
SIM4
1
21
22
SIM5
SIM1
SIM2
SIM3
SIM4
1
21
22
SIM5
SIM1
SIM2
SIM3
SIM4
1
21
22
SIM5
SIM1
SIM2
SIM3
SIM4
1
21
22
SIM5
SIM1
SIM2
SIM3
SIM4
1
21
22
SIM5
SIM1
SIM2
SIM3
SIM4
1
21
22
SIM5
SIM1
SIM2
SIM3
SIM4
1
21
22
SIM5
SIM1
SIM2
SIM3
SIM4
1
21
22
SIM5
SIM1
SIM2
SIM3
SIM4
1
21
22
SIM5
SIM1
SIM2
SIM3
SIM4
1
21
22
SIM5
SIM1
SIM2
SIM3
SIM4
1
21
22
SIM5
SIM1
SIM2
SIM3
SIM4
1
21
22
SIM5
SIM1
SIM2
SIM3
SIM4
1
21
22
SIM5
SIM1
SIM2
SIM3
SIM4
1
21
22
SIM5
SIM1
SIM2
SIM3
SIM4
1
21
22
SIM5
SIM1
SIM2
SIM3
SIM4
1
21
22
SIM5
SIM1
SIM2
SIM3
SIM4
1
21
22
SIM5
SIM1
SIM2
SIM3
SIM4
1
21
22
SIM5
SIM1
SIM2
SIM3
SIM4
1
21
22
SIM5
SIM1
SIM2
SIM3
SIM4
1
21
22
SIM5
SIM1
SIM2
SIM3
SIM4
1
21
22
SIM5
SIM1
SIM2
SIM3
SIM4
1
21
22
SIM5
SIM1
SIM2
SIM3
SIM4
1
21
22
SIM5
SIM1
SIM2
SIM3
SIM4
1
21
22
SIM5
SIM1
SIM2
SIM3
SIM4
1
21
22
SIM5
SIM1
SIM2
SIM3
SIM4
1
21
22
SIM5
SIM1
SIM2
SIM3
SIM4
1
21
22
SIM5
SIM1
SIM2
SIM3
SIM4
1
21
22
SIM5
SIM1
SIM2
SIM3
SIM4
1
21
22
SIM5
SIM1
SIM2
SIM3
SIM4
1
21
22
SIM5
SIM1
SIM2
SIM3
SIM4
1
21
22
SIM5
SIM1
SIM2
SIM3
SIM4
1
21
22
SIM5
SIM1
SIM2
SIM3
SIM4
1
21
22
SIM5
SIM1
SIM2
SIM3
SIM4
1
21
22
SIM5
SIM1
SIM2
SIM3
SIM4
1
21
22
SIM5
SIM1
SIM2
SIM3
SIM4
1
21
22
SIM5
SIM1
SIM2
SIM3
SIM4
1
21
22
SIM5
SIM1
SIM2
SIM3
SIM4
1
21
22
SIM5
SIM1
SIM2
SIM3
SIM4
1
21
22
SIM5
SIM1
SIM2
SIM3
SIM4
1
21
22
SIM5
SIM1
SIM2
SIM3
SIM4
1
21
22
SIM5
SIM1
SIM2
SIM3
SIM4
1
21
22
SIM5
SIM1
SIM2
SIM3
SIM4
1
21
22
SIM5
SIM1
SIM2
SIM3
SIM4
1
21
22
SIM5
SIM1
SIM2
SIM3
SIM4
1
21
22
SIM5
SIM1
SIM2
SIM3
SIM4
1
21
22
SIM5
SIM1
SIM2
SIM3
SIM4
1
21
22
SIM5
SIM1
SIM2
SIM3
SIM4
1
21
22
SIM5
SIM1
SIM2
SIM3
SIM4
1
21
22
SIM5
SIM1
SIM2
SIM3
SIM4
1
21
22
SIM5
SIM1
SIM2
SIM3
SIM4
1
21
22
SIM5
SIM1
SIM2
SIM3
SIM4
1
21
22
SIM5
SIM1
SIM2
SIM3
SIM4
1
21
22
SIM5
SIM1
SIM2
SIM3
SIM4
1
21
22
SIM5
SIM1
SIM2
SIM3
SIM4
1
21
22
SIM5
SIM1
SIM2
SIM3
SIM4
1
21
22
SIM5
SIM1
SIM2
SIM3
SIM4
1
21
22
SIM5
SIM1
SIM2
SIM3
SIM4
1
21
22
SIM5
SIM1
SIM2
SIM3
SIM4
1
21
22
SIM5
SIM1
SIM2
SIM3
SIM4
1
21
22
SIM5
SIM1
SIM2
SIM3
SIM4
1
21
22
SIM5
SIM1
SIM2
SIM3
SIM4
1
21
22
SIM5
SIM1
SIM2
SIM3
SIM4
1
21
22
SIM5
SIM1
SIM2
SIM3
SIM4
1
21
22
SIM5
SIM1
SIM2
SIM3
SIM4
1
21
22
SIM5
SIM1
SIM2
SIM3
SIM4
1
21
22
SIM5
SIM1
SIM2
SIM3
SIM4
1
21
22
SIM5
SIM1
SIM2
SIM3
SIM4
1
21
22
SIM5
SIM1
SIM2
SIM3
SIM4
1
21
22
SIM5
SIM1
SIM2
SIM3
SIM4
1
21
22
SIM5
SIM1
SIM2
SIM3
SIM4
1
21
22
SIM5
SIM1
SIM2
SIM3
SIM4
1
21
22
SIM5
SIM1
SIM2
SIM3
SIM4
1
21
22
SIM5
SIM1
SIM2
SIM3
SIM4
1
21
22
SIM5
SIM1
SIM2
SIM3
SIM4
1
21
22
SIM5
SIM1
SIM2
SIM3
SIM4
1
21
22
SIM5
SIM1
SIM2
SIM3
SIM4
1
21
22
SIM5
SIM1
SIM2
SIM3
SIM4
1
21
22
SIM5
SIM1
SIM2
SIM3
SIM4
1
21
22
SIM5
SIM1
SIM2
SIM3
SIM4
1
21
22
SIM5
SIM1
SIM2
SIM3
SIM4
1
21
22
SIM5
SIM1
SIM2
SIM3
SIM4
1
21
22
SIM5
SIM1
SIM2
SIM3
SIM4
1
21
22
SIM5
SIM1
SIM2
SIM3
SIM4
1
21
22
SIM5
SIM1
SIM2
SIM3
SIM4
1
21
22
SIM5
SIM1
SIM2
SIM3
SIM4
1
21
22
SIM5
SIM1
SIM2
SIM3
SIM4
1
21
22
SIM5
SIM1
SIM2
SIM3
SIM4
1
21
22
SIM5
SIM1
SIM2
SIM3
SIM4
1
21
22
SIM5
SIM1
SIM2
SIM3
SIM4
1
21
22
SIM5
SIM1
SIM2
SIM3
SIM4
1
21
22
SIM5
SIM1
SIM2
SIM3
SIM4
1
21
22
SIM5
SIM1
SIM2
SIM3
SIM4
1
21
22
SIM5
SIM1
SIM2
SIM3
SIM4
1
21
22
SIM5
SIM1
SIM2
SIM3
SIM4
1
21
22
SIM5
SIM1
SIM2
SIM3
SIM4
1
21
22
SIM5
SIM1
SIM2
SIM3
SIM4
1
21
22
SIM5
SIM1
SIM2
SIM3
SIM4
1
21
22
SIM5
SIM1
SIM2
SIM3
SIM4
1
21
22
SIM5
SIM1
SIM2
SIM3
SIM4
1
21
22
SIM5
SIM1
SIM2
SIM3
SIM4
1
21
22
SIM5
SIM1
SIM2
SIM3
SIM4
1
21
22
SIM5
SIM1
SIM2
SIM3
SIM4
1
21
22
SIM5
SIM1
SIM2
SIM3
SIM4
1
21
22
SIM5
SIM1
SIM2
SIM3
SIM4
1
21
22
SIM5
SIM1
SIM2
SIM3
SIM4
1
21
22
SIM5
SIM1
SIM2
SIM3
SIM4
1
21
22
SIM5
SIM1
SIM2
SIM3
SIM4
1
21
22
SIM5
SIM1
SIM2
SIM3
SIM4
1
21
22
SIM5
SIM1
SIM2
SIM3
SIM4
1
21
22
SIM5
SIM1
SIM2
SIM3
SIM4
1
21
22
SIM5
SIM1
SIM2
SIM3
SIM4
1
21
22
SIM5
SIM1
SIM2
DEBUG 1 118
SIM1
SIM2
SIM3
SIM4
1
21
22
SIM5
SIM1
SIM2
SIM3
SIM4
1
21
22
SIM5
SIM1
SIM2
SIM3
SIM4
1
21
22
SIM5
SIM1
SIM2
SIM3
SIM4
1
21
22
SIM5
SIM1
SIM2
SIM3
SIM4
1
21
22
SIM5
SIM1
SIM2
SIM3
SIM4
1
21
22
SIM5
SIM1
SIM2
SIM3
SIM4
1
21
22
SIM5
SIM1
SIM2
SIM3
SIM4
1
21
22
SIM5
SIM1
SIM2
SIM3
SIM4
1
21
22
SIM5
SIM1
SIM2
SIM3
SIM4
1
21
22
SIM5
SIM1
SIM2
SIM3
SIM4
1
21
22
SIM5
SIM1
SIM2
SIM3
SIM4
1
21
22
SIM5
SIM1
SIM2
SIM3
SIM4
1
21
22
SIM5
SIM1
SIM2
SIM3
SIM4
1
21
22
SIM5
SIM1
SIM2
SIM3
SIM4
1
21
22
SIM5
SIM1
SIM2
SIM3
SIM4
1
21
22
SIM5
SIM1
SIM2
SIM3
SIM4
1
21
22
SIM5
SIM1
SIM2
SIM3
SIM4
1
21
22
SIM5
SIM1
SIM2
SIM3
SIM4
1
21
22
SIM5
SIM1
SIM2
SIM3
SIM4
1
21
22
SIM5
SIM1
SIM2
SIM3
SIM4
1
21
22
SIM5
SIM1
SIM2
SIM3
SIM4
1
21
22
SIM5
SIM1
SIM2
SIM3
SIM4
1
21
22
SIM5
SIM1
SIM2
SIM3
SIM4
1
21
22
SIM5
SIM1
SIM2
SIM3
SIM4
1
21
22
SIM5
SIM1
SIM2
SIM3
SIM4
1
21
22
SIM5
SIM1
SIM2
SIM3
SIM4
1
21
22
SIM5
SIM1
SIM2
SIM3
SIM4
1
21
22
SIM5
SIM1
SIM2
SIM3
SIM4
1
21
22
SIM5
SIM1
SIM2
SIM3
SIM4
1
21
22
SIM5
SIM1
SIM2
SIM3
SIM4
1
21
22
SIM5
SIM1
SIM2
SIM3
SIM4
1
21
22
SIM5
SIM1
SIM2
SIM3
SIM4
1
21
22
SIM5
SIM1
SIM2
SIM3
SIM4
1
21
22
SIM5
SIM1
SIM2
SIM3
SIM4
1
21
22
SIM5
SIM1
SIM2
SIM3
SIM4
1
21
22
SIM5
SIM1
SIM2
SIM3
SIM4
1
21
22
SIM5
SIM1
SIM2
SIM3
SIM4
1
21
22
SIM5
SIM1
SIM2
SIM3
SIM4
1
21
22
SIM5
SIM1
SIM2
SIM3
SIM4
1
21
22
SIM5
SIM1
SIM2
SIM3
SIM4
1
21
22
SIM5
SIM1
SIM2
SIM3
SIM4
1
21
22
SIM5
SIM1
SIM2
SIM3
SIM4
1
21
22
SIM5
SIM1
SIM2
SIM3
SIM4
1
21
22
SIM5
SIM1
SIM2
SIM3
SIM4
1
21
22
SIM5
SIM1
SIM2
SIM3
SIM4
1
21
22
SIM5
SIM1
SIM2
SIM3
SIM4
1
21
22
SIM5
SIM1
SIM2
SIM3
SIM4
1
21
22
SIM5
SIM1
SIM2
SIM3
SIM4
1
21
22
SIM5
SIM1
SIM2
SIM3
SIM4
1
21
22
SIM5
SIM1
SIM2
SIM3
SIM4
1
21
22
SIM5
SIM1
SIM2
SIM3
SIM4
1
21
22
SIM5
SIM1
SIM2
SIM3
SIM4
1
21
22
SIM5
SIM1
SIM2
SIM3
SIM4
1
21
22
SIM5
SIM1
SIM2
SIM3
SIM4
1
21
22
SIM5
SIM1
SIM2
SIM3
SIM4
1
21
22
SIM5
SIM1
SIM2
SIM3
SIM4
1
21
22
SIM5
SIM1
SIM2
SIM3
SIM4
1
21
22
SIM5
SIM1
SIM2
SIM3
SIM4
1
21
22
SIM5
SIM1
SIM2
SIM3
SIM4
1
21
22
SIM5
SIM1
SIM2
SIM3
SIM4
1
21
22
SIM5
SIM1
SIM2
SIM3
SIM4
1
21
22
SIM5
SIM1
SIM2
SIM3
SIM4
1
21
22
SIM5
SIM1
SIM2
SIM3
SIM4
1
21
22
SIM5
SIM1
SIM2
SIM3
SIM4
1
21
22
SIM5
SIM1
SIM2
SIM3
SIM4
1
21
22
SIM5
SIM1
SIM2
SIM3
SIM4
1
21
22
SIM5
SIM1
SIM2
SIM3
SIM4
1
21
22
SIM5
SIM1
SIM2
SIM3
SIM4
1
21
22
SIM5
SIM1
SIM2
SIM3
SIM4
1
21
22
SIM5
SIM1
SIM2
SIM3
SIM4
1
21
22
SIM5
SIM1
SIM2
SIM3
SIM4
1
21
22
SIM5
SIM1
SIM2
SIM3
SIM4
1
21
22
SIM5
SIM1
SIM2
SIM3
SIM4
1
21
22
SIM5
SIM1
SIM2
SIM3
SIM4
1
21
22
SIM5
SIM1
SIM2
SIM3
SIM4
1
21
22
SIM5
SIM1
SIM2
SIM3
SIM4
1
21
22
SIM5
SIM1
SIM2
SIM3
SIM4
1
21
22
SIM5
SIM1
SIM2
SIM3
SIM4
1
21
22
SIM5
SIM1
SIM2
SIM3
SIM4
1
21
22
SIM5
SIM1
SIM2
SIM3
SIM4
1
21
22
SIM5
SIM1
SIM2
SIM3
SIM4
1
21
22
SIM5
SIM1
SIM2
SIM3
SIM4
1
21
22
SIM5
SIM1
SIM2
SIM3
SIM4
1
21
22
SIM5
SIM1
SIM2
SIM3
SIM4
1
21
22
SIM5
SIM1
SIM2
SIM3
SIM4
1
21
22
SIM5
SIM1
SIM2
SIM3
SIM4
1
21
22
SIM5
SIM1
SIM2
SIM3
SIM4
1
21
22
SIM5
SIM1
SIM2
SIM3
SIM4
1
21
22
SIM5
SIM1
SIM2
SIM3
SIM4
1
21
22
SIM5
SIM1
SIM2
SIM3
SIM4
1
21
22
SIM5
SIM1
SIM2
SIM3
SIM4
1
21
22
SIM5
SIM1
SIM2
SIM3
SIM4
1
21
22
SIM5
SIM1
SIM2
SIM3
SIM4
1
21
22
SIM5
SIM1
SIM2
SIM3
SIM4
1
21
22
SIM5
SIM1
SIM2
SIM3
SIM4
1
21
22
SIM5
SIM1
SIM2
SIM3
SIM4
1
21
22
SIM5
SIM1
SIM2
SIM3
SIM4
1
21
22
SIM5
SIM1
SIM2
SIM3
SIM4
1
21
22
SIM5
SIM1
SIM2
SIM3
SIM4
1
21
22
SIM5
SIM1
SIM2
SIM3
SIM4
1
21
22
SIM5
SIM1
SIM2
SIM3
SIM4
1
21
22
SIM5
SIM1
SIM2
SIM3
SIM4
1
21
22
SIM5
SIM1
SIM2
SIM3
SIM4
1
21
22
SIM5
SIM1
SIM2
SIM3
SIM4
1
21
22
SIM5
SIM1
SIM2
SIM3
SIM4
1
21
22
SIM5
SIM1
SIM2
SIM3
SIM4
1
21
22
SIM5
SIM1
SIM2
SIM3
SIM4
1
21
22
SIM5
SIM1
SIM2
SIM3
SIM4
1
21
22
SIM5
SIM1
SIM2
SIM3
SIM4
1
21
22
SIM5
SIM1
SIM2
SIM3
SIM4
1
21
22
SIM5
SIM1
SIM2
SIM3
SIM4
1
21
22
SIM5
SIM1
SIM2
SIM3
SIM4
1
21
22
SIM5
SIM1
SIM2
SIM3
SIM4
1
21
22
SIM5
SIM1
SIM2
SIM3
SIM4
1
21
22
SIM5
SIM1
SIM2
SIM3
SIM4
1
21
22
SIM5
SIM1
SIM2
SIM3
SIM4
1
21
22
SIM5
SIM1
SIM2
SIM3
SIM4
1
21
22
SIM5
SIM1
SIM2
SIM3
SIM4
1
21
22
SIM5
SIM1
SIM2
SIM3
SIM4
1
21
22
SIM5
SIM1
SIM2
SIM3
SIM4
1
21
22
SIM5
SIM1
SIM2
SIM3
SIM4
1
21
22
SIM5
SIM1
SIM2
SIM3
SIM4
1
21
22
SIM5
SIM1
SIM2
SIM3
SIM4
1
21
22
SIM5
SIM1
SIM2
SIM3
SIM4
1
21
22
SIM5
SIM1
SIM2
SIM3
SIM4
1
21
22
SIM5
SIM1
SIM2
SIM3
SIM4
1
21
22
SIM5
SIM1
SIM2
SIM3
SIM4
1
21
22
SIM5
SIM1
SIM2
SIM3
SIM4
1
21
22
SIM5
SIM1
SIM2
SIM3
SIM4
1
21
22
SIM5
SIM1
SIM2
SIM3
SIM4
1
21
22
SIM5
SIM1
SIM2
SIM3
SIM4
1
21
22
SIM5
SIM1
SIM2
SIM3
SIM4
1
21
22
SIM5
SIM1
SIM2
SIM3
SIM4
1
21
22
SIM5
SIM1
SIM2
SIM3
SIM4
1
21
22
SIM5
SIM1
SIM2
SIM3
SIM4
1
21
22
SIM5
SIM1
SIM2
SIM3
SIM4
1
21
22
SIM5
SIM1
SIM2
SIM3
SIM4
1
21
22
SIM5
SIM1
SIM2
SIM3
SIM4
1
21
22
SIM5
SIM1
SIM2
SIM3
SIM4
1
21
22
SIM5
SIM1
SIM2
SIM3
SIM4
1
21
22
SIM5
SIM1
SIM2
SIM3
SIM4
1
21
22
SIM5
SIM1
SIM2
SIM3
SIM4
1
21
22
SIM5
SIM1
SIM2
SIM3
SIM4
1
21
22
SIM5
SIM1
SIM2
SIM3
SIM4
1
21
22
SIM5
SIM1
SIM2
SIM3
SIM4
1
21
22
SIM5
SIM1
SIM2
SIM3
SIM4
1
21
22
SIM5
SIM1
SIM2
SIM3
SIM4
1
21
22
SIM5
SIM1
SIM2
SIM3
SIM4
1
21
22
SIM5
SIM1
SIM2
SIM3
SIM4
1
21
22
SIM5
SIM1
SIM2
SIM3
SIM4
1
21
22
SIM5
SIM1
SIM2
SIM3
SIM4
1
21
22
SIM5
SIM1
SIM2
SIM3
SIM4
1
21
22
SIM5
SIM1
SIM2
SIM3
SIM4
1
21
22
SIM5
SIM1
SIM2
SIM3
SIM4
1
21
22
SIM5
SIM1
SIM2
SIM3
SIM4
1
21
22
SIM5
SIM1
SIM2
SIM3
SIM4
1
21
22
SIM5
SIM1
SIM2
SIM3
SIM4
1
21
22
SIM5
SIM1
SIM2
SIM3
SIM4
1
21
22
SIM5
SIM1
SIM2
SIM3
SIM4
1
21
22
SIM5
SIM1
SIM2
SIM3
SIM4
1
21
22
SIM5
SIM1
SIM2
SIM3
SIM4
1
21
22
SIM5
SIM1
SIM2
SIM3
SIM4
1
21
22
SIM5
SIM1
SIM2
SIM3
SIM4
1
21
22
SIM5
SIM1
SIM2
SIM3
SIM4
1
21
22
SIM5
SIM1
SIM2
SIM3
SIM4
1
21
22
SIM5
SIM1
SIM2
SIM3
SIM4
1
21
22
SIM5
SIM1
SIM2
SIM3
SIM4
1
21
22
SIM5
SIM1
SIM2
SIM3
SIM4
1
21
22
SIM5
SIM1
SIM2
SIM3
SIM4
1
21
22
SIM5
SIM1
SIM2
SIM3
SIM4
1
21
22
SIM5
SIM1
SIM2
SIM3
SIM4
1
21
22
SIM5
SIM1
SIM2
SIM3
SIM4
1
21
22
SIM5
SIM1
SIM2
SIM3
SIM4
1
21
22
SIM5
SIM1
SIM2
SIM3
SIM4
1
21
22
SIM5
SIM1
SIM2
SIM3
SIM4
1
21
22
SIM5
SIM1
SIM2
SIM3
SIM4
1
21
22
SIM5
SIM1
SIM2
SIM3
SIM4
1
21
22
SIM5
SIM1
SIM2
SIM3
SIM4
1
21
22
SIM5
SIM1
SIM2
SIM3
SIM4
1
21
22
SIM5
SIM1
SIM2
SIM3
SIM4
1
21
22
SIM5
SIM1
SIM2
SIM3
SIM4
1
21
22
SIM5
SIM1
SIM2
SIM3
SIM4
1
21
22
SIM5
SIM1
SIM2
SIM3
SIM4
1
21
22
SIM5
SIM1
SIM2
SIM3
SIM4
1
21
22
SIM5
SIM1
SIM2
DEBUG 1 119
SIM1
SIM2
SIM3
SIM4
1
21
22
SIM5
SIM1
SIM2
SIM3
SIM4
1
21
22
SIM5
SIM1
SIM2
SIM3
SIM4
1
21
22
SIM5
SIM1
SIM2
SIM3
SIM4
1
21
22
SIM5
SIM1
SIM2
SIM3
SIM4
1
21
22
SIM5
SIM1
SIM2
SIM3
SIM4
1
21
22
SIM5
SIM1
SIM2
SIM3
SIM4
1
21
22
SIM5
SIM1
SIM2
SIM3
SIM4
1
21
22
SIM5
SIM1
SIM2
SIM3
SIM4
1
21
22
SIM5
SIM1
SIM2
SIM3
SIM4
1
21
22
SIM5
SIM1
SIM2
SIM3
SIM4
1
21
22
SIM5
SIM1
SIM2
SIM3
SIM4
1
21
22
SIM5
SIM1
SIM2
SIM3
SIM4
1
21
22
SIM5
SIM1
SIM2
SIM3
SIM4
1
21
22
SIM5
SIM1
SIM2
SIM3
SIM4
1
21
22
SIM5
SIM1
SIM2
SIM3
SIM4
1
21
22
SIM5
SIM1
SIM2
SIM3
SIM4
1
21
22
SIM5
SIM1
SIM2
SIM3
SIM4
1
21
22
SIM5
SIM1
SIM2
SIM3
SIM4
1
21
22
SIM5
SIM1
SIM2
SIM3
SIM4
1
21
22
SIM5
SIM1
SIM2
SIM3
SIM4
1
21
22
SIM5
SIM1
SIM2
SIM3
SIM4
1
21
22
SIM5
SIM1
SIM2
SIM3
SIM4
1
21
22
SIM5
SIM1
SIM2
SIM3
SIM4
1
21
22
SIM5
SIM1
SIM2
SIM3
SIM4
1
21
22
SIM5
SIM1
SIM2
SIM3
SIM4
1
21
22
SIM5
SIM1
SIM2
SIM3
SIM4
1
21
22
SIM5
SIM1
SIM2
SIM3
SIM4
1
21
22
SIM5
SIM1
SIM2
SIM3
SIM4
1
21
22
SIM5
SIM1
SIM2
SIM3
SIM4
1
21
22
SIM5
SIM1
SIM2
SIM3
SIM4
1
21
22
SIM5
SIM1
SIM2
SIM3
SIM4
1
21
22
SIM5
SIM1
SIM2
SIM3
SIM4
1
21
22
SIM5
SIM1
SIM2
SIM3
SIM4
1
21
22
SIM5
SIM1
SIM2
SIM3
SIM4
1
21
22
SIM5
SIM1
SIM2
SIM3
SIM4
1
21
22
SIM5
SIM1
SIM2
SIM3
SIM4
1
21
22
SIM5
SIM1
SIM2
SIM3
SIM4
1
21
22
SIM5
SIM1
SIM2
SIM3
SIM4
1
21
22
SIM5
SIM1
SIM2
SIM3
SIM4
1
21
22
SIM5
SIM1
SIM2
SIM3
SIM4
1
21
22
SIM5
SIM1
SIM2
SIM3
SIM4
1
21
22
SIM5
SIM1
SIM2
SIM3
SIM4
1
21
22
SIM5
SIM1
SIM2
SIM3
SIM4
1
21
22
SIM5
SIM1
SIM2
SIM3
SIM4
1
21
22
SIM5
SIM1
SIM2
SIM3
SIM4
1
21
22
SIM5
SIM1
SIM2
SIM3
SIM4
1
21
22
SIM5
SIM1
SIM2
SIM3
SIM4
1
21
22
SIM5
SIM1
SIM2
SIM3
SIM4
1
21
22
SIM5
SIM1
SIM2
SIM3
SIM4
1
21
22
SIM5
SIM1
SIM2
SIM3
SIM4
1
21
22
SIM5
SIM1
SIM2
SIM3
SIM4
1
21
22
SIM5
SIM1
SIM2
SIM3
SIM4
1
21
22
SIM5
SIM1
SIM2
SIM3
SIM4
1
21
22
SIM5
SIM1
SIM2
SIM3
SIM4
1
21
22
SIM5
SIM1
SIM2
SIM3
SIM4
1
21
22
SIM5
SIM1
SIM2
SIM3
SIM4
1
21
22
SIM5
SIM1
SIM2
SIM3
SIM4
1
21
22
SIM5
SIM1
SIM2
SIM3
SIM4
1
21
22
SIM5
SIM1
SIM2
SIM3
SIM4
1
21
22
SIM5
SIM1
SIM2
SIM3
SIM4
1
21
22
SIM5
SIM1
SIM2
SIM3
SIM4
1
21
22
SIM5
SIM1
SIM2
SIM3
SIM4
1
21
22
SIM5
SIM1
SIM2
SIM3
SIM4
1
21
22
SIM5
SIM1
SIM2
SIM3
SIM4
1
21
22
SIM5
SIM1
SIM2
SIM3
SIM4
1
21
22
SIM5
SIM1
SIM2
SIM3
SIM4
1
21
22
SIM5
SIM1
SIM2
SIM3
SIM4
1
21
22
SIM5
SIM1
SIM2
SIM3
SIM4
1
21
22
SIM5
SIM1
SIM2
SIM3
SIM4
1
21
22
SIM5
SIM1
SIM2
SIM3
SIM4
1
21
22
SIM5
SIM1
SIM2
SIM3
SIM4
1
21
22
SIM5
SIM1
SIM2
SIM3
SIM4
1
21
22
SIM5
SIM1
SIM2
SIM3
SIM4
1
21
22
SIM5
SIM1
SIM2
SIM3
SIM4
1
21
22
SIM5
SIM1
SIM2
SIM3
SIM4
1
21
22
SIM5
SIM1
SIM2
SIM3
SIM4
1
21
22
SIM5
SIM1
SIM2
SIM3
SIM4
1
21
22
SIM5
SIM1
SIM2
SIM3
SIM4
1
21
22
SIM5
SIM1
SIM2
SIM3
SIM4
1
21
22
SIM5
SIM1
SIM2
SIM3
SIM4
1
21
22
SIM5
SIM1
SIM2
SIM3
SIM4
1
21
22
SIM5
SIM1
SIM2
SIM3
SIM4
1
21
22
SIM5
SIM1
SIM2
SIM3
SIM4
1
21
22
SIM5
SIM1
SIM2
SIM3
SIM4
1
21
22
SIM5
SIM1
SIM2
SIM3
SIM4
1
21
22
SIM5
SIM1
SIM2
SIM3
SIM4
1
21
22
SIM5
SIM1
SIM2
SIM3
SIM4
1
21
22
SIM5
SIM1
SIM2
SIM3
SIM4
1
21
22
SIM5
SIM1
SIM2
SIM3
SIM4
1
21
22
SIM5
SIM1
SIM2
SIM3
SIM4
1
21
22
SIM5
SIM1
SIM2
SIM3
SIM4
1
21
22
SIM5
SIM1
SIM2
SIM3
SIM4
1
21
22
SIM5
SIM1
SIM2
SIM3
SIM4
1
21
22
SIM5
SIM1
SIM2
SIM3
SIM4
1
21
22
SIM5
SIM1
SIM2
SIM3
SIM4
1
21
22
SIM5
SIM1
SIM2
SIM3
SIM4
1
21
22
SIM5
SIM1
SIM2
SIM3
SIM4
1
21
22
SIM5
SIM1
SIM2
SIM3
SIM4
1
21
22
SIM5
SIM1
SIM2
SIM3
SIM4
1
21
22
SIM5
SIM1
SIM2
SIM3
SIM4
1
21
22
SIM5
SIM1
SIM2
SIM3
SIM4
1
21
22
SIM5
SIM1
SIM2
SIM3
SIM4
1
21
22
SIM5
SIM1
SIM2
SIM3
SIM4
1
21
22
SIM5
SIM1
SIM2
SIM3
SIM4
1
21
22
SIM5
SIM1
SIM2
SIM3
SIM4
1
21
22
SIM5
SIM1
SIM2
SIM3
SIM4
1
21
22
SIM5
SIM1
SIM2
SIM3
SIM4
1
21
22
SIM5
SIM1
SIM2
SIM3
SIM4
1
21
22
SIM5
SIM1
SIM2
SIM3
SIM4
1
21
22
SIM5
SIM1
SIM2
SIM3
SIM4
1
21
22
SIM5
SIM1
SIM2
SIM3
SIM4
1
21
22
SIM5
SIM1
SIM2
SIM3
SIM4
1
21
22
SIM5
SIM1
SIM2
SIM3
SIM4
1
21
22
SIM5
SIM1
SIM2
DEBUG 1 120
SIM1
SIM2
SIM3
SIM4
1
21
22
SIM5
SIM1
SIM2
SIM3
SIM4
1
21
22
SIM5
SIM1
SIM2
SIM3
SIM4
1
21
22
SIM5
SIM1
SIM2
SIM3
SIM4
1
21
22
SIM5
SIM1
SIM2
SIM3
SIM4
1
21
22
SIM5
SIM1
SIM2
SIM3
SIM4
1
21
22
SIM5
SIM1
SIM2
SIM3
SIM4
1
21
22
SIM5
SIM1
SIM2
SIM3
SIM4
1
21
22
SIM5
SIM1
SIM2
SIM3
SIM4
1
21
22
SIM5
SIM1
SIM2
SIM3
SIM4
1
21
22
SIM5
SIM1
SIM2
SIM3
SIM4
1
21
22
SIM5
SIM1
SIM2
SIM3
SIM4
1
21
22
SIM5
SIM1
SIM2
SIM3
SIM4
1
21
22
SIM5
SIM1
SIM2
SIM3
SIM4
1
21
22
SIM5
SIM1
SIM2
SIM3
SIM4
1
21
22
SIM5
SIM1
SIM2
SIM3
SIM4
1
21
22
SIM5
SIM1
SIM2
SIM3
SIM4
1
21
22
SIM5
SIM1
SIM2
SIM3
SIM4
1
21
22
SIM5
SIM1
SIM2
SIM3
SIM4
1
21
22
SIM5
SIM1
SIM2
SIM3
SIM4
1
21
22
SIM5
SIM1
SIM2
SIM3
SIM4
1
21
22
SIM5
SIM1
SIM2
SIM3
SIM4
1
21
22
SIM5
SIM1
SIM2
SIM3
SIM4
1
21
22
SIM5
SIM1
SIM2
SIM3
SIM4
1
21
22
SIM5
SIM1
SIM2
SIM3
SIM4
1
21
22
SIM5
SIM1
SIM2
SIM3
SIM4
1
21
22
SIM5
SIM1
SIM2
SIM3
SIM4
1
21
22
SIM5
SIM1
SIM2
SIM3
SIM4
1
21
22
SIM5
SIM1
SIM2
SIM3
SIM4
1
21
22
SIM5
SIM1
SIM2
SIM3
SIM4
1
21
22
SIM5
SIM1
SIM2
SIM3
SIM4
1
21
22
SIM5
SIM1
SIM2
SIM3
SIM4
1
21
22
SIM5
SIM1
SIM2
SIM3
SIM4
1
21
22
SIM5
SIM1
SIM2
SIM3
SIM4
1
21
22
SIM5
SIM1
SIM2
SIM3
SIM4
1
21
22
SIM5
SIM1
SIM2
SIM3
SIM4
1
21
22
SIM5
SIM1
SIM2
SIM3
SIM4
1
21
22
SIM5
SIM1
SIM2
SIM3
SIM4
1
21
22
SIM5
SIM1
SIM2
SIM3
SIM4
1
21
22
SIM5
SIM1
SIM2
SIM3
SIM4
1
21
22
SIM5
SIM1
SIM2
SIM3
SIM4
1
21
22
SIM5
SIM1
SIM2
SIM3
SIM4
1
21
22
SIM5
SIM1
SIM2
SIM3
SIM4
1
21
22
SIM5
SIM1
SIM2
SIM3
SIM4
1
21
22
SIM5
SIM1
SIM2
SIM3
SIM4
1
21
22
SIM5
SIM1
SIM2
SIM3
SIM4
1
21
22
SIM5
SIM1
SIM2
SIM3
SIM4
1
21
22
SIM5
SIM1
SIM2
SIM3
SIM4
1
21
22
SIM5
SIM1
SIM2
SIM3
SIM4
1
21
22
SIM5
SIM1
SIM2
SIM3
SIM4
1
21
22
SIM5
SIM1
SIM2
SIM3
SIM4
1
21
22
SIM5
SIM1
SIM2
SIM3
SIM4
1
21
22
SIM5
SIM1
SIM2
SIM3
SIM4
1
21
22
SIM5
SIM1
SIM2
SIM3
SIM4
1
21
22
SIM5
SIM1
SIM2
SIM3
SIM4
1
21
22
SIM5
SIM1
SIM2
SIM3
SIM4
1
21
22
SIM5
SIM1
SIM2
SIM3
SIM4
1
21
22
SIM5
SIM1
SIM2
SIM3
SIM4
1
21
22
SIM5
SIM1
SIM2
SIM3
SIM4
1
21
22
SIM5
SIM1
SIM2
SIM3
SIM4
1
21
22
SIM5
SIM1
SIM2
SIM3
SIM4
1
21
22
SIM5
SIM1
SIM2
SIM3
SIM4
1
21
22
SIM5
SIM1
SIM2
SIM3
SIM4
1
21
22
SIM5
SIM1
SIM2
SIM3
SIM4
1
21
22
SIM5
SIM1
SIM2
SIM3
SIM4
1
21
22
SIM5
SIM1
SIM2
SIM3
SIM4
1
21
22
SIM5
SIM1
SIM2
SIM3
SIM4
1
21
22
SIM5
SIM1
SIM2
SIM3
SIM4
1
21
22
SIM5
SIM1
SIM2
SIM3
SIM4
1
21
22
SIM5
SIM1
SIM2
SIM3
SIM4
1
21
22
SIM5
SIM1
SIM2
SIM3
SIM4
1
21
22
SIM5
SIM1
SIM2
SIM3
SIM4
1
21
22
SIM5
SIM1
SIM2
SIM3
SIM4
1
21
22
SIM5
SIM1
SIM2
SIM3
SIM4
1
21
22
SIM5
SIM1
SIM2
SIM3
SIM4
1
21
22
SIM5
SIM1
SIM2
SIM3
SIM4
1
21
22
SIM5
SIM1
SIM2
SIM3
SIM4
1
21
22
SIM5
SIM1
SIM2
SIM3
SIM4
1
21
22
SIM5
SIM1
SIM2
SIM3
SIM4
1
21
22
SIM5
SIM1
SIM2
SIM3
SIM4
1
21
22
SIM5
SIM1
SIM2
SIM3
SIM4
1
21
22
SIM5
SIM1
SIM2
SIM3
SIM4
1
21
22
SIM5
SIM1
SIM2
SIM3
SIM4
1
21
22
SIM5
SIM1
SIM2
SIM3
SIM4
1
21
22
SIM5
SIM1
SIM2
SIM3
SIM4
1
21
22
SIM5
SIM1
SIM2
SIM3
SIM4
1
21
22
SIM5
SIM1
SIM2
SIM3
SIM4
1
21
22
SIM5
SIM1
SIM2
DEBUG 1 121
SIM1
SIM2
SIM3
SIM4
1
21
22
SIM5
SIM1
SIM2
SIM3
SIM4
1
21
22
SIM5
SIM1
SIM2
SIM3
SIM4
1
21
22
SIM5
SIM1
SIM2
SIM3
SIM4
1
21
22
SIM5
SIM1
SIM2
SIM3
SIM4
1
21
22
SIM5
SIM1
SIM2
SIM3
SIM4
1
21
22
SIM5
SIM1
SIM2
SIM3
SIM4
1
21
22
SIM5
SIM1
SIM2
SIM3
SIM4
1
21
22
SIM5
SIM1
SIM2
SIM3
SIM4
1
21
22
SIM5
SIM1
SIM2
SIM3
SIM4
1
21
22
SIM5
SIM1
SIM2
SIM3
SIM4
1
21
22
SIM5
SIM1
SIM2
SIM3
SIM4
1
21
22
SIM5
SIM1
SIM2
SIM3
SIM4
1
21
22
SIM5
SIM1
SIM2
SIM3
SIM4
1
21
22
SIM5
SIM1
SIM2
SIM3
SIM4
1
21
22
SIM5
SIM1
SIM2
SIM3
SIM4
1
21
22
SIM5
SIM1
SIM2
SIM3
SIM4
1
21
22
SIM5
SIM1
SIM2
SIM3
SIM4
1
21
22
SIM5
SIM1
SIM2
SIM3
SIM4
1
21
22
SIM5
SIM1
SIM2
SIM3
SIM4
1
21
22
SIM5
SIM1
SIM2
SIM3
SIM4
1
21
22
SIM5
SIM1
SIM2
SIM3
SIM4
1
21
22
SIM5
SIM1
SIM2
SIM3
SIM4
1
21
22
SIM5
SIM1
SIM2
SIM3
SIM4
1
21
22
SIM5
SIM1
SIM2
SIM3
SIM4
1
21
22
SIM5
SIM1
SIM2
SIM3
SIM4
1
21
22
SIM5
SIM1
SIM2
SIM3
SIM4
1
21
22
SIM5
SIM1
SIM2
SIM3
SIM4
1
21
22
SIM5
SIM1
SIM2
SIM3
SIM4
1
21
22
SIM5
SIM1
SIM2
SIM3
SIM4
1
21
22
SIM5
SIM1
SIM2
SIM3
SIM4
1
21
22
SIM5
SIM1
SIM2
SIM3
SIM4
1
21
22
SIM5
SIM1
SIM2
SIM3
SIM4
1
21
22
SIM5
SIM1
SIM2
SIM3
SIM4
1
21
22
SIM5
SIM1
SIM2
SIM3
SIM4
1
21
22
SIM5
SIM1
SIM2
SIM3
SIM4
1
21
22
SIM5
SIM1
SIM2
SIM3
SIM4
1
21
22
SIM5
SIM1
SIM2
SIM3
SIM4
1
21
22
SIM5
SIM1
SIM2
SIM3
SIM4
1
21
22
SIM5
SIM1
SIM2
SIM3
SIM4
1
21
22
SIM5
SIM1
SIM2
SIM3
SIM4
1
21
22
SIM5
SIM1
SIM2
SIM3
SIM4
1
21
22
SIM5
SIM1
SIM2
SIM3
SIM4
1
21
22
SIM5
SIM1
SIM2
SIM3
SIM4
1
21
22
SIM5
SIM1
SIM2
SIM3
SIM4
1
21
22
SIM5
SIM1
SIM2
SIM3
SIM4
1
21
22
SIM5
SIM1
SIM2
SIM3
SIM4
1
21
22
SIM5
SIM1
SIM2
SIM3
SIM4
1
21
22
SIM5
SIM1
SIM2
SIM3
SIM4
1
21
22
SIM5
SIM1
SIM2
SIM3
SIM4
1
21
22
SIM5
SIM1
SIM2
SIM3
SIM4
1
21
22
SIM5
SIM1
SIM2
SIM3
SIM4
1
21
22
SIM5
SIM1
SIM2
SIM3
SIM4
1
21
22
SIM5
SIM1
SIM2
SIM3
SIM4
1
21
22
SIM5
SIM1
SIM2
SIM3
SIM4
1
21
22
SIM5
SIM1
SIM2
SIM3
SIM4
1
21
22
SIM5
SIM1
SIM2
SIM3
SIM4
1
21
22
SIM5
SIM1
SIM2
SIM3
SIM4
1
21
22
SIM5
SIM1
SIM2
SIM3
SIM4
1
21
22
SIM5
SIM1
SIM2
SIM3
SIM4
1
21
22
SIM5
SIM1
SIM2
SIM3
SIM4
1
21
22
SIM5
SIM1
SIM2
SIM3
SIM4
1
21
22
SIM5
SIM1
SIM2
SIM3
SIM4
1
21
22
SIM5
SIM1
SIM2
SIM3
SIM4
1
21
22
SIM5
SIM1
SIM2
SIM3
SIM4
1
21
22
SIM5
SIM1
SIM2
SIM3
SIM4
1
21
22
SIM5
SIM1
SIM2
SIM3
SIM4
1
21
22
SIM5
SIM1
SIM2
SIM3
SIM4
1
21
22
SIM5
SIM1
SIM2
SIM3
SIM4
1
21
22
SIM5
SIM1
SIM2
SIM3
SIM4
1
21
22
SIM5
SIM1
SIM2
SIM3
SIM4
1
21
22
SIM5
SIM1
SIM2
SIM3
SIM4
1
21
22
SIM5
SIM1
SIM2
SIM3
SIM4
1
21
22
SIM5
SIM1
SIM2
SIM3
SIM4
1
21
22
SIM5
SIM1
SIM2
SIM3
SIM4
1
21
22
SIM5
SIM1
SIM2
SIM3
SIM4
1
21
22
SIM5
SIM1
SIM2
SIM3
SIM4
1
21
22
SIM5
SIM1
SIM2
SIM3
SIM4
1
21
22
SIM5
SIM1
SIM2
SIM3
SIM4
1
21
22
SIM5
SIM1
SIM2
SIM3
SIM4
1
21
22
SIM5
SIM1
SIM2
SIM3
SIM4
1
21
22
SIM5
SIM1
SIM2
SIM3
SIM4
1
21
22
SIM5
SIM1
SIM2
SIM3
SIM4
1
21
22
SIM5
SIM1
SIM2
SIM3
SIM4
1
21
22
SIM5
SIM1
SIM2
SIM3
SIM4
1
21
22
SIM5
SIM1
SIM2
SIM3
SIM4
1
21
22
SIM5
SIM1
SIM2
SIM3
SIM4
1
21
22
SIM5
SIM1
SIM2
SIM3
SIM4
1
21
22
SIM5
SIM1
SIM2
SIM3
SIM4
1
21
22
SIM5
SIM1
SIM2
SIM3
SIM4
1
21
22
SIM5
SIM1
SIM2
SIM3
SIM4
1
21
22
SIM5
SIM1
SIM2
SIM3
SIM4
1
21
22
SIM5
SIM1
SIM2
SIM3
SIM4
1
21
22
SIM5
SIM1
SIM2
SIM3
SIM4
1
21
22
SIM5
SIM1
SIM2
SIM3
SIM4
1
21
22
SIM5
SIM1
SIM2
SIM3
SIM4
1
21
22
SIM5
SIM1
SIM2
SIM3
SIM4
1
21
22
SIM5
SIM1
SIM2
SIM3
SIM4
1
21
22
SIM5
SIM1
SIM2
SIM3
SIM4
1
21
22
SIM5
SIM1
SIM2
SIM3
SIM4
1
21
22
SIM5
SIM1
SIM2
SIM3
SIM4
1
21
22
SIM5
SIM1
SIM2
SIM3
SIM4
1
21
22
SIM5
SIM1
SIM2
SIM3
SIM4
1
21
22
SIM5
SIM1
SIM2
SIM3
SIM4
1
21
22
SIM5
SIM1
SIM2
SIM3
SIM4
1
21
22
SIM5
SIM1
SIM2
SIM3
SIM4
1
21
22
SIM5
SIM1
SIM2
SIM3
SIM4
1
21
22
SIM5
SIM1
SIM2
SIM3
SIM4
1
21
22
SIM5
SIM1
SIM2
SIM3
SIM4
1
21
22
SIM5
SIM1
SIM2
SIM3
SIM4
1
21
22
SIM5
SIM1
SIM2
SIM3
SIM4
1
21
22
SIM5
SIM1
SIM2
SIM3
SIM4
1
21
22
SIM5
SIM1
SIM2
SIM3
SIM4
1
21
22
SIM5
SIM1
SIM2
SIM3
SIM4
1
21
22
SIM5
SIM1
SIM2
SIM3
SIM4
1
21
22
SIM5
SIM1
SIM2
SIM3
SIM4
1
21
22
SIM5
SIM1
SIM2
SIM3
SIM4
1
21
22
SIM5
SIM1
SIM2
SIM3
SIM4
1
21
22
SIM5
SIM1
SIM2
SIM3
SIM4
1
21
22
SIM5
SIM1
SIM2
SIM3
SIM4
1
21
22
SIM5
SIM1
SIM2
SIM3
SIM4
1
21
22
SIM5
SIM1
SIM2
SIM3
SIM4
1
21
22
SIM5
SIM1
SIM2
SIM3
SIM4
1
21
22
SIM5
SIM1
SIM2
SIM3
SIM4
1
21
22
SIM5
SIM1
SIM2
SIM3
SIM4
1
21
22
SIM5
SIM1
SIM2
SIM3
SIM4
1
21
22
SIM5
SIM1
SIM2
SIM3
SIM4
1
21
22
SIM5
SIM1
SIM2
SIM3
SIM4
1
21
22
SIM5
SIM1
SIM2
SIM3
SIM4
1
21
22
SIM5
SIM1
SIM2
SIM3
SIM4
1
21
22
SIM5
SIM1
SIM2
SIM3
SIM4
1
21
22
SIM5
SIM1
SIM2
SIM3
SIM4
1
21
22
SIM5
SIM1
SIM2
SIM3
SIM4
1
21
22
SIM5
SIM1
SIM2
SIM3
SIM4
1
21
22
SIM5
SIM1
SIM2
SIM3
SIM4
1
21
22
SIM5
SIM1
SIM2
SIM3
SIM4
1
21
22
SIM5
SIM1
SIM2
SIM3
SIM4
1
21
22
SIM5
SIM1
SIM2
SIM3
SIM4
1
21
22
SIM5
SIM1
SIM2
SIM3
SIM4
1
21
22
SIM5
SIM1
SIM2
SIM3
SIM4
1
21
22
SIM5
SIM1
SIM2
SIM3
SIM4
1
21
22
SIM5
SIM1
SIM2
SIM3
SIM4
1
21
22
SIM5
SIM1
SIM2
SIM3
SIM4
1
21
22
SIM5
SIM1
SIM2
SIM3
SIM4
1
21
22
SIM5
SIM1
SIM2
SIM3
SIM4
1
21
22
SIM5
SIM1
SIM2
SIM3
SIM4
1
21
22
SIM5
SIM1
SIM2
SIM3
SIM4
1
21
22
SIM5
SIM1
SIM2
SIM3
SIM4
1
21
22
SIM5
SIM1
SIM2
SIM3
SIM4
1
21
22
SIM5
SIM1
SIM2
SIM3
SIM4
1
21
22
SIM5
SIM1
SIM2
SIM3
SIM4
1
21
22
SIM5
SIM1
SIM2
SIM3
SIM4
1
21
22
SIM5
SIM1
SIM2
SIM3
SIM4
1
21
22
SIM5
SIM1
SIM2
SIM3
SIM4
1
21
22
SIM5
SIM1
SIM2
SIM3
SIM4
1
21
22
SIM5
SIM1
SIM2
SIM3
SIM4
1
21
22
SIM5
SIM1
SIM2
SIM3
SIM4
1
21
22
SIM5
SIM1
SIM2
SIM3
SIM4
1
21
22
SIM5
SIM1
SIM2
SIM3
SIM4
1
21
22
SIM5
SIM1
SIM2
SIM3
SIM4
1
21
22
SIM5
SIM1
SIM2
SIM3
SIM4
1
21
22
SIM5
SIM1
SIM2
SIM3
SIM4
1
21
22
SIM5
SIM1
SIM2
SIM3
SIM4
1
21
22
SIM5
SIM1
SIM2
SIM3
SIM4
1
21
22
SIM5
SIM1
SIM2
SIM3
SIM4
1
21
22
SIM5
SIM1
SIM2
SIM3
SIM4
1
21
22
SIM5
SIM1
SIM2
SIM3
SIM4
1
21
22
SIM5
SIM1
SIM2
SIM3
SIM4
1
21
22
SIM5
SIM1
SIM2
SIM3
SIM4
1
21
22
SIM5
SIM1
SIM2
SIM3
SIM4
1
21
22
SIM5
SIM1
SIM2
SIM3
SIM4
1
21
22
SIM5
SIM1
SIM2
SIM3
SIM4
1
21
22
SIM5
SIM1
SIM2
SIM3
SIM4
1
21
22
SIM5
SIM1
SIM2
SIM3
SIM4
1
21
22
SIM5
SIM1
SIM2
SIM3
SIM4
1
21
22
SIM5
SIM1
SIM2
SIM3
SIM4
1
21
22
SIM5
SIM1
SIM2
SIM3
SIM4
1
21
22
SIM5
SIM1
SIM2
SIM3
SIM4
1
21
22
SIM5
SIM1
SIM2
SIM3
SIM4
1
21
22
SIM5
SIM1
SIM2
SIM3
SIM4
1
21
22
SIM5
SIM1
SIM2
SIM3
SIM4
1
21
22
SIM5
SIM1
SIM2
SIM3
SIM4
1
21
22
SIM5
SIM1
SIM2
SIM3
SIM4
1
21
22
SIM5
SIM1
SIM2
SIM3
SIM4
1
21
22
SIM5
SIM1
SIM2
SIM3
SIM4
1
21
22
SIM5
SIM1
SIM2
SIM3
SIM4
1
21
22
SIM5
SIM1
SIM2
SIM3
SIM4
1
21
22
SIM5
SIM1
SIM2
SIM3
SIM4
1
21
22
SIM5
SIM1
SIM2
SIM3
SIM4
1
21
22
SIM5
SIM1
SIM2
SIM3
SIM4
1
21
22
SIM5
SIM1
SIM2
SIM3
SIM4
1
21
22
SIM5
SIM1
SIM2
SIM3
SIM4
1
21
22
SIM5
SIM1
SIM2
SIM3
SIM4
1
21
22
SIM5
SIM1
SIM2
SIM3
SIM4
1
21
22
SIM5
SIM1
SIM2
SIM3
SIM4
1
21
22
SIM5
SIM1
SIM2
SIM3
SIM4
1
21
22
SIM5
SIM1
SIM2
SIM3
SIM4
1
21
22
SIM5
SIM1
SIM2
SIM3
SIM4
1
21
22
SIM5
SIM1
SIM2
SIM3
SIM4
1
21
22
SIM5
SIM1
SIM2
SIM3
SIM4
1
21
22
SIM5
SIM1
SIM2
SIM3
SIM4
1
21
22
SIM5
SIM1
SIM2
SIM3
SIM4
1
21
22
SIM5
SIM1
SIM2
SIM3
SIM4
1
21
22
SIM5
SIM1
SIM2
SIM3
SIM4
1
21
22
SIM5
SIM1
SIM2
SIM3
SIM4
1
21
22
SIM5
SIM1
SIM2
SIM3
SIM4
1
21
22
SIM5
SIM1
SIM2
SIM3
SIM4
1
21
22
SIM5
SIM1
SIM2
SIM3
SIM4
1
21
22
SIM5
SIM1
SIM2
SIM3
SIM4
1
21
22
SIM5
SIM1
SIM2
SIM3
SIM4
1
21
22
SIM5
SIM1
SIM2
SIM3
SIM4
1
21
22
SIM5
SIM1
SIM2
SIM3
SIM4
1
21
22
SIM5
SIM1
SIM2
SIM3
SIM4
1
21
22
SIM5
SIM1
SIM2
SIM3
SIM4
1
21
22
SIM5
SIM1
SIM2
SIM3
SIM4
1
21
22
SIM5
SIM1
SIM2
SIM3
SIM4
1
21
22
SIM5
SIM1
SIM2
SIM3
SIM4
1
21
22
SIM5
SIM1
SIM2
SIM3
SIM4
1
21
22
SIM5
SIM1
SIM2
SIM3
SIM4
1
21
22
SIM5
SIM1
SIM2
SIM3
SIM4
1
21
22
SIM5
SIM1
SIM2
SIM3
SIM4
1
21
22
SIM5
SIM1
SIM2
SIM3
SIM4
1
21
22
SIM5
SIM1
SIM2
DEBUG 1 122
SIM1
SIM2
SIM3
SIM4
1
21
22
SIM5
SIM1
SIM2
SIM3
SIM4
1
21
22
SIM5
SIM1
SIM2
SIM3
SIM4
1
21
22
SIM5
SIM1
SIM2
SIM3
SIM4
1
21
22
SIM5
SIM1
SIM2
SIM3
SIM4
1
21
22
SIM5
SIM1
SIM2
SIM3
SIM4
1
21
22
SIM5
SIM1
SIM2
SIM3
SIM4
1
21
22
SIM5
SIM1
SIM2
SIM3
SIM4
1
21
22
SIM5
SIM1
SIM2
SIM3
SIM4
1
21
22
SIM5
SIM1
SIM2
SIM3
SIM4
1
21
22
SIM5
SIM1
SIM2
SIM3
SIM4
1
21
22
SIM5
SIM1
SIM2
SIM3
SIM4
1
21
22
SIM5
SIM1
SIM2
SIM3
SIM4
1
21
22
SIM5
SIM1
SIM2
SIM3
SIM4
1
21
22
SIM5
SIM1
SIM2
SIM3
SIM4
1
21
22
SIM5
SIM1
SIM2
SIM3
SIM4
1
21
22
SIM5
SIM1
SIM2
SIM3
SIM4
1
21
22
SIM5
SIM1
SIM2
SIM3
SIM4
1
21
22
SIM5
SIM1
SIM2
SIM3
SIM4
1
21
22
SIM5
SIM1
SIM2
SIM3
SIM4
1
21
22
SIM5
SIM1
SIM2
SIM3
SIM4
1
21
22
SIM5
SIM1
SIM2
SIM3
SIM4
1
21
22
SIM5
SIM1
SIM2
SIM3
SIM4
1
21
22
SIM5
SIM1
SIM2
SIM3
SIM4
1
21
22
SIM5
SIM1
SIM2
SIM3
SIM4
1
21
22
SIM5
SIM1
SIM2
SIM3
SIM4
1
21
22
SIM5
SIM1
SIM2
SIM3
SIM4
1
21
22
SIM5
SIM1
SIM2
SIM3
SIM4
1
21
22
SIM5
SIM1
SIM2
SIM3
SIM4
1
21
22
SIM5
SIM1
SIM2
SIM3
SIM4
1
21
22
SIM5
SIM1
SIM2
SIM3
SIM4
1
21
22
SIM5
SIM1
SIM2
SIM3
SIM4
1
21
22
SIM5
SIM1
SIM2
SIM3
SIM4
1
21
22
SIM5
SIM1
SIM2
SIM3
SIM4
1
21
22
SIM5
SIM1
SIM2
SIM3
SIM4
1
21
22
SIM5
SIM1
SIM2
SIM3
SIM4
1
21
22
SIM5
SIM1
SIM2
SIM3
SIM4
1
21
22
SIM5
SIM1
SIM2
SIM3
SIM4
1
21
22
SIM5
SIM1
SIM2
SIM3
SIM4
1
21
22
SIM5
SIM1
SIM2
SIM3
SIM4
1
21
22
SIM5
SIM1
SIM2
SIM3
SIM4
1
21
22
SIM5
SIM1
SIM2
SIM3
SIM4
1
21
22
SIM5
SIM1
SIM2
SIM3
SIM4
1
21
22
SIM5
SIM1
SIM2
SIM3
SIM4
1
21
22
SIM5
SIM1
SIM2
SIM3
SIM4
1
21
22
SIM5
SIM1
SIM2
SIM3
SIM4
1
21
22
SIM5
SIM1
SIM2
SIM3
SIM4
1
21
22
SIM5
SIM1
SIM2
SIM3
SIM4
1
21
22
SIM5
SIM1
SIM2
SIM3
SIM4
1
21
22
SIM5
SIM1
SIM2
SIM3
SIM4
1
21
22
SIM5
SIM1
SIM2
SIM3
SIM4
1
21
22
SIM5
SIM1
SIM2
SIM3
SIM4
1
21
22
SIM5
SIM1
SIM2
SIM3
SIM4
1
21
22
SIM5
SIM1
SIM2
SIM3
SIM4
1
21
22
SIM5
SIM1
SIM2
SIM3
SIM4
1
21
22
SIM5
SIM1
SIM2
SIM3
SIM4
1
21
22
SIM5
SIM1
SIM2
SIM3
SIM4
1
21
22
SIM5
SIM1
SIM2
SIM3
SIM4
1
21
22
SIM5
SIM1
SIM2
SIM3
SIM4
1
21
22
SIM5
SIM1
SIM2
SIM3
SIM4
1
21
22
SIM5
SIM1
SIM2
SIM3
SIM4
1
21
22
SIM5
SIM1
SIM2
SIM3
SIM4
1
21
22
SIM5
SIM1
SIM2
SIM3
SIM4
1
21
22
SIM5
SIM1
SIM2
SIM3
SIM4
1
21
22
SIM5
SIM1
SIM2
SIM3
SIM4
1
21
22
SIM5
SIM1
SIM2
SIM3
SIM4
1
21
22
SIM5
SIM1
SIM2
SIM3
SIM4
1
21
22
SIM5
SIM1
SIM2
SIM3
SIM4
1
21
22
SIM5
SIM1
SIM2
SIM3
SIM4
1
21
22
SIM5
SIM1
SIM2
SIM3
SIM4
1
21
22
SIM5
SIM1
SIM2
SIM3
SIM4
1
21
22
SIM5
SIM1
SIM2
SIM3
SIM4
1
21
22
SIM5
SIM1
SIM2
SIM3
SIM4
1
21
22
SIM5
SIM1
SIM2
SIM3
SIM4
1
21
22
SIM5
SIM1
SIM2
SIM3
SIM4
1
21
22
SIM5
SIM1
SIM2
SIM3
SIM4
1
21
22
SIM5
SIM1
SIM2
SIM3
SIM4
1
21
22
SIM5
SIM1
SIM2
SIM3
SIM4
1
21
22
SIM5
SIM1
SIM2
SIM3
SIM4
1
21
22
SIM5
SIM1
SIM2
SIM3
SIM4
1
21
22
SIM5
SIM1
SIM2
SIM3
SIM4
1
21
22
SIM5
SIM1
SIM2
SIM3
SIM4
1
21
22
SIM5
SIM1
SIM2
SIM3
SIM4
1
21
22
SIM5
SIM1
SIM2
SIM3
SIM4
1
21
22
SIM5
SIM1
SIM2
SIM3
SIM4
1
21
22
SIM5
SIM1
SIM2
SIM3
SIM4
1
21
22
SIM5
SIM1
SIM2
SIM3
SIM4
1
21
22
SIM5
SIM1
SIM2
SIM3
SIM4
1
21
22
SIM5
SIM1
SIM2
SIM3
SIM4
1
21
22
SIM5
SIM1
SIM2
SIM3
SIM4
1
21
22
SIM5
SIM1
SIM2
SIM3
SIM4
1
21
22
SIM5
SIM1
SIM2
SIM3
SIM4
1
21
22
SIM5
SIM1
SIM2
SIM3
SIM4
1
21
22
SIM5
SIM1
SIM2
SIM3
SIM4
1
21
22
SIM5
SIM1
SIM2
SIM3
SIM4
1
21
22
SIM5
SIM1
SIM2
SIM3
SIM4
1
21
22
SIM5
SIM1
SIM2
SIM3
SIM4
1
21
22
SIM5
SIM1
SIM2
SIM3
SIM4
1
21
22
SIM5
SIM1
SIM2
SIM3
SIM4
1
21
22
SIM5
SIM1
SIM2
SIM3
SIM4
1
21
22
SIM5
SIM1
SIM2
SIM3
SIM4
1
21
22
SIM5
SIM1
SIM2
SIM3
SIM4
1
21
22
SIM5
SIM1
SIM2
SIM3
SIM4
1
21
22
SIM5
SIM1
SIM2
SIM3
SIM4
1
21
22
SIM5
SIM1
SIM2
SIM3
SIM4
1
21
22
SIM5
SIM1
SIM2
SIM3
SIM4
1
21
22
SIM5
SIM1
SIM2
SIM3
SIM4
1
21
22
SIM5
SIM1
SIM2
SIM3
SIM4
1
21
22
SIM5
SIM1
SIM2
SIM3
SIM4
1
21
22
SIM5
SIM1
SIM2
SIM3
SIM4
1
21
22
SIM5
SIM1
SIM2
SIM3
SIM4
1
21
22
SIM5
SIM1
SIM2
SIM3
SIM4
1
21
22
SIM5
SIM1
SIM2
SIM3
SIM4
1
21
22
SIM5
SIM1
SIM2
SIM3
SIM4
1
21
22
SIM5
SIM1
SIM2
SIM3
SIM4
1
21
22
SIM5
SIM1
SIM2
SIM3
SIM4
1
21
22
SIM5
SIM1
SIM2
SIM3
SIM4
1
21
22
SIM5
SIM1
SIM2
SIM3
SIM4
1
21
22
SIM5
SIM1
SIM2
SIM3
SIM4
1
21
22
SIM5
SIM1
SIM2
SIM3
SIM4
1
21
22
SIM5
SIM1
SIM2
SIM3
SIM4
1
21
22
SIM5
SIM1
SIM2
SIM3
SIM4
1
21
22
SIM5
SIM1
SIM2
SIM3
SIM4
1
21
22
SIM5
SIM1
SIM2
SIM3
SIM4
1
21
22
SIM5
SIM1
SIM2
SIM3
SIM4
1
21
22
SIM5
SIM1
SIM2
SIM3
SIM4
1
21
22
SIM5
SIM1
SIM2
SIM3
SIM4
1
21
22
SIM5
SIM1
SIM2
SIM3
SIM4
1
21
22
SIM5
SIM1
SIM2
SIM3
SIM4
1
21
22
SIM5
SIM1
SIM2
SIM3
SIM4
1
21
22
SIM5
SIM1
SIM2
SIM3
SIM4
1
21
22
SIM5
SIM1
SIM2
SIM3
SIM4
1
21
22
SIM5
SIM1
SIM2
SIM3
SIM4
1
21
22
SIM5
SIM1
SIM2
SIM3
SIM4
1
21
22
SIM5
SIM1
SIM2
SIM3
SIM4
1
21
22
SIM5
SIM1
SIM2
SIM3
SIM4
1
21
22
SIM5
SIM1
SIM2
SIM3
SIM4
1
21
22
SIM5
SIM1
SIM2
SIM3
SIM4
1
21
22
SIM5
SIM1
SIM2
SIM3
SIM4
1
21
22
SIM5
SIM1
SIM2
SIM3
SIM4
1
21
22
SIM5
SIM1
SIM2
SIM3
SIM4
1
21
22
SIM5
SIM1
SIM2
SIM3
SIM4
1
21
22
SIM5
SIM1
SIM2
SIM3
SIM4
1
21
22
SIM5
SIM1
SIM2
SIM3
SIM4
1
21
22
SIM5
SIM1
SIM2
SIM3
SIM4
1
21
22
SIM5
SIM1
SIM2
SIM3
SIM4
1
21
22
SIM5
SIM1
SIM2
SIM3
SIM4
1
21
22
SIM5
SIM1
SIM2
SIM3
SIM4
1
21
22
SIM5
SIM1
SIM2
SIM3
SIM4
1
21
22
SIM5
SIM1
SIM2
SIM3
SIM4
1
21
22
SIM5
SIM1
SIM2
SIM3
SIM4
1
21
22
SIM5
SIM1
SIM2
SIM3
SIM4
1
21
22
SIM5
SIM1
SIM2
SIM3
SIM4
1
21
22
SIM5
SIM1
SIM2
SIM3
SIM4
1
21
22
SIM5
SIM1
SIM2
SIM3
SIM4
1
21
22
SIM5
SIM1
SIM2
SIM3
SIM4
1
21
22
SIM5
SIM1
SIM2
SIM3
SIM4
1
21
22
SIM5
SIM1
SIM2
SIM3
SIM4
1
21
22
SIM5
SIM1
SIM2
SIM3
SIM4
1
21
22
SIM5
SIM1
SIM2
SIM3
SIM4
1
21
22
SIM5
SIM1
SIM2
SIM3
SIM4
1
21
22
SIM5
SIM1
SIM2
SIM3
SIM4
1
21
22
SIM5
SIM1
SIM2
SIM3
SIM4
1
21
22
SIM5
SIM1
SIM2
SIM3
SIM4
1
21
22
SIM5
SIM1
SIM2
SIM3
SIM4
1
21
22
SIM5
SIM1
SIM2
SIM3
SIM4
1
21
22
SIM5
SIM1
SIM2
SIM3
SIM4
1
21
22
SIM5
SIM1
SIM2
SIM3
SIM4
1
21
22
SIM5
SIM1
SIM2
SIM3
SIM4
1
21
22
SIM5
SIM1
SIM2
SIM3
SIM4
1
21
22
SIM5
SIM1
SIM2
SIM3
SIM4
1
21
22
SIM5
SIM1
SIM2
SIM3
SIM4
1
21
22
SIM5
SIM1
SIM2
SIM3
SIM4
1
21
22
SIM5
SIM1
SIM2
SIM3
SIM4
1
21
22
SIM5
SIM1
SIM2
SIM3
SIM4
1
21
22
SIM5
SIM1
SIM2
SIM3
SIM4
1
21
22
SIM5
SIM1
SIM2
SIM3
SIM4
1
21
22
SIM5
SIM1
SIM2
SIM3
SIM4
1
21
22
SIM5
SIM1
SIM2
SIM3
SIM4
1
21
22
SIM5
SIM1
SIM2
SIM3
SIM4
1
21
22
SIM5
SIM1
SIM2
SIM3
SIM4
1
21
22
SIM5
SIM1
SIM2
SIM3
SIM4
1
21
22
SIM5
SIM1
SIM2
SIM3
SIM4
1
21
22
SIM5
SIM1
SIM2
SIM3
SIM4
1
21
22
SIM5
SIM1
SIM2
SIM3
SIM4
1
21
22
SIM5
SIM1
SIM2
SIM3
SIM4
1
21
22
SIM5
SIM1
SIM2
SIM3
SIM4
1
21
22
SIM5
SIM1
SIM2
SIM3
SIM4
1
21
22
SIM5
SIM1
SIM2
SIM3
SIM4
1
21
22
SIM5
SIM1
SIM2
SIM3
SIM4
1
21
22
SIM5
SIM1
SIM2
SIM3
SIM4
1
21
22
SIM5
SIM1
SIM2
SIM3
SIM4
1
21
22
SIM5
SIM1
SIM2
SIM3
SIM4
1
21
22
SIM5
SIM1
SIM2
SIM3
SIM4
1
21
22
SIM5
SIM1
SIM2
SIM3
SIM4
1
21
22
SIM5
SIM1
SIM2
SIM3
SIM4
1
21
22
SIM5
SIM1
SIM2
SIM3
SIM4
1
21
22
SIM5
SIM1
SIM2
SIM3
SIM4
1
21
22
SIM5
SIM1
SIM2
SIM3
SIM4
1
21
22
SIM5
SIM1
SIM2
SIM3
SIM4
1
21
22
SIM5
SIM1
SIM2
SIM3
SIM4
1
21
22
SIM5
SIM1
SIM2
SIM3
SIM4
1
21
22
SIM5
SIM1
SIM2
SIM3
SIM4
1
21
22
SIM5
SIM1
SIM2
SIM3
SIM4
1
21
22
SIM5
SIM1
SIM2
SIM3
SIM4
1
21
22
SIM5
SIM1
SIM2
SIM3
SIM4
1
21
22
SIM5
SIM1
SIM2
SIM3
SIM4
1
21
22
SIM5
SIM1
SIM2
SIM3
SIM4
1
21
22
SIM5
SIM1
SIM2
SIM3
SIM4
1
21
22
SIM5
SIM1
SIM2
SIM3
SIM4
1
21
22
SIM5
SIM1
SIM2
SIM3
SIM4
1
21
22
SIM5
SIM1
SIM2
SIM3
SIM4
1
21
22
SIM5
SIM1
SIM2
SIM3
SIM4
1
21
22
SIM5
SIM1
SIM2
SIM3
SIM4
1
21
22
SIM5
SIM1
SIM2
SIM3
SIM4
1
21
22
SIM5
SIM1
SIM2
SIM3
SIM4
1
21
22
SIM5
SIM1
SIM2
SIM3
SIM4
1
21
22
SIM5
SIM1
SIM2
SIM3
SIM4
1
21
22
SIM5
SIM1
SIM2
SIM3
SIM4
1
21
22
SIM5
SIM1
SIM2
SIM3
SIM4
1
21
22
SIM5
SIM1
SIM2
SIM3
SIM4
1
21
22
SIM5
SIM1
SIM2
SIM3
SIM4
1
21
22
SIM5
SIM1
SIM2
SIM3
SIM4
1
21
22
SIM5
SIM1
SIM2
SIM3
SIM4
1
21
22
SIM5
SIM1
SIM2
SIM3
SIM4
1
21
22
SIM5
SIM1
SIM2
SIM3
SIM4
1
21
22
SIM5
SIM1
SIM2
SIM3
SIM4
1
21
22
SIM5
SIM1
SIM2
SIM3
SIM4
1
21
22
SIM5
SIM1
SIM2
SIM3
SIM4
1
21
22
SIM5
SIM1
SIM2
SIM3
SIM4
1
21
22
SIM5
SIM1
SIM2
SIM3
SIM4
1
21
22
SIM5
SIM1
SIM2
SIM3
SIM4
1
21
22
SIM5
SIM1
SIM2
SIM3
SIM4
1
21
22
SIM5
SIM1
SIM2
SIM3
SIM4
1
21
22
SIM5
SIM1
SIM2
SIM3
SIM4
1
21
22
SIM5
SIM1
SIM2
SIM3
SIM4
1
21
22
SIM5
SIM1
SIM2
SIM3
SIM4
1
21
22
SIM5
SIM1
SIM2
SIM3
SIM4
1
21
22
SIM5
SIM1
SIM2
SIM3
SIM4
1
21
22
SIM5
SIM1
SIM2
SIM3
SIM4
1
21
22
SIM5
SIM1
SIM2
SIM3
SIM4
1
21
22
SIM5
SIM1
SIM2
SIM3
SIM4
1
21
22
SIM5
SIM1
SIM2
SIM3
SIM4
1
21
22
SIM5
SIM1
SIM2
SIM3
SIM4
1
21
22
SIM5
SIM1
SIM2
SIM3
SIM4
1
21
22
SIM5
SIM1
SIM2
SIM3
SIM4
1
21
22
SIM5
SIM1
SIM2
SIM3
SIM4
1
21
22
SIM5
SIM1
SIM2
SIM3
SIM4
1
21
22
SIM5
SIM1
SIM2
SIM3
SIM4
1
21
22
SIM5
SIM1
SIM2
SIM3
SIM4
1
21
22
SIM5
SIM1
SIM2
SIM3
SIM4
1
21
22
SIM5
SIM1
SIM2
SIM3
SIM4
1
21
22
SIM5
SIM1
SIM2
SIM3
SIM4
1
21
22
SIM5
SIM1
SIM2
SIM3
SIM4
1
21
22
SIM5
SIM1
SIM2
SIM3
SIM4
1
21
22
SIM5
SIM1
SIM2
SIM3
SIM4
1
21
22
SIM5
SIM1
SIM2
SIM3
SIM4
1
21
22
SIM5
SIM1
SIM2
SIM3
SIM4
1
21
22
SIM5
SIM1
SIM2
SIM3
SIM4
1
21
22
SIM5
SIM1
SIM2
SIM3
SIM4
1
21
22
SIM5
SIM1
SIM2
SIM3
SIM4
1
21
22
SIM5
SIM1
SIM2
SIM3
SIM4
1
21
22
SIM5
SIM1
SIM2
SIM3
SIM4
1
21
22
SIM5
SIM1
SIM2
SIM3
SIM4
1
21
22
SIM5
SIM1
SIM2
SIM3
SIM4
1
21
22
SIM5
SIM1
SIM2
SIM3
SIM4
1
21
22
SIM5
SIM1
SIM2
SIM3
SIM4
1
21
22
SIM5
SIM1
SIM2
SIM3
SIM4
1
21
22
SIM5
SIM1
SIM2
SIM3
SIM4
1
21
22
SIM5
SIM1
SIM2
SIM3
SIM4
1
21
22
SIM5
SIM1
SIM2
SIM3
SIM4
1
21
22
SIM5
SIM1
SIM2
SIM3
SIM4
1
21
22
SIM5
SIM1
SIM2
SIM3
SIM4
1
21
22
SIM5
SIM1
SIM2
SIM3
SIM4
1
21
22
SIM5
SIM1
SIM2
SIM3
SIM4
1
21
22
SIM5
SIM1
SIM2
SIM3
SIM4
1
21
22
SIM5
SIM1
SIM2
SIM3
SIM4
1
21
22
SIM5
SIM1
SIM2
SIM3
SIM4
1
21
22
SIM5
SIM1
SIM2
SIM3
SIM4
1
21
22
SIM5
SIM1
SIM2
SIM3
SIM4
1
21
22
SIM5
SIM1
SIM2
SIM3
SIM4
1
21
22
SIM5
SIM1
SIM2
SIM3
SIM4
1
21
22
SIM5
SIM1
SIM2
SIM3
SIM4
1
21
22
SIM5
SIM1
SIM2
SIM3
SIM4
1
21
22
SIM5
SIM1
SIM2
SIM3
SIM4
1
21
22
SIM5
SIM1
SIM2
SIM3
SIM4
1
21
22
SIM5
SIM1
SIM2
SIM3
SIM4
1
21
22
SIM5
SIM1
SIM2
SIM3
SIM4
1
21
22
SIM5
SIM1
SIM2
SIM3
SIM4
1
21
22
SIM5
SIM1
SIM2
SIM3
SIM4
1
21
22
SIM5
SIM1
SIM2
SIM3
SIM4
1
21
22
SIM5
SIM1
SIM2
SIM3
SIM4
1
21
22
SIM5
SIM1
SIM2
SIM3
SIM4
1
21
22
SIM5
SIM1
SIM2
SIM3
SIM4
1
21
22
SIM5
SIM1
SIM2
SIM3
SIM4
1
21
22
SIM5
SIM1
SIM2
SIM3
SIM4
1
21
22
SIM5
SIM1
SIM2
SIM3
SIM4
1
21
22
SIM5
SIM1
SIM2
SIM3
SIM4
1
21
22
SIM5
SIM1
SIM2
SIM3
SIM4
1
21
22
SIM5
SIM1
SIM2
SIM3
SIM4
1
21
22
SIM5
SIM1
SIM2
SIM3
SIM4
1
21
22
SIM5
SIM1
SIM2
SIM3
SIM4
1
21
22
SIM5
SIM1
SIM2
SIM3
SIM4
1
21
22
SIM5
SIM1
SIM2
SIM3
SIM4
1
21
22
SIM5
SIM1
SIM2
SIM3
SIM4
1
21
22
SIM5
SIM1
SIM2
SIM3
SIM4
1
21
22
SIM5
SIM1
SIM2
SIM3
SIM4
1
21
22
SIM5
SIM1
SIM2
SIM3
SIM4
1
21
22
SIM5
SIM1
SIM2
SIM3
SIM4
1
21
22
SIM5
SIM1
SIM2
SIM3
SIM4
1
21
22
SIM5
SIM1
SIM2
SIM3
SIM4
1
21
22
SIM5
SIM1
SIM2
SIM3
SIM4
1
21
22
SIM5
SIM1
SIM2
SIM3
SIM4
1
21
22
SIM5
SIM1
SIM2
SIM3
SIM4
1
21
22
SIM5
SIM1
SIM2
SIM3
SIM4
1
21
22
SIM5
SIM1
SIM2
SIM3
SIM4
1
21
22
SIM5
SIM1
SIM2
SIM3
SIM4
1
21
22
SIM5
SIM1
SIM2
SIM3
SIM4
1
21
22
SIM5
SIM1
SIM2
SIM3
SIM4
1
21
22
SIM5
SIM1
SIM2
SIM3
SIM4
1
21
22
SIM5
SIM1
SIM2
SIM3
SIM4
1
21
22
SIM5
SIM1
SIM2
SIM3
SIM4
1
21
22
SIM5
SIM1
SIM2
SIM3
SIM4
1
21
22
SIM5
SIM1
SIM2
SIM3
SIM4
1
21
22
SIM5
SIM1
SIM2
SIM3
SIM4
1
21
22
SIM5
SIM1
SIM2
SIM3
SIM4
1
21
22
SIM5
SIM1
SIM2
SIM3
SIM4
1
21
22
SIM5
SIM1
SIM2
SIM3
SIM4
1
21
22
SIM5
SIM1
SIM2
SIM3
SIM4
1
21
22
SIM5
SIM1
SIM2
SIM3
SIM4
1
21
22
SIM5
SIM1
SIM2
SIM3
SIM4
1
21
22
SIM5
SIM1
SIM2
DEBUG 1 123
SIM1
SIM2
SIM3
SIM4
1
21
22
SIM5
SIM1
SIM2
SIM3
SIM4
1
21
22
SIM5
SIM1
SIM2
SIM3
SIM4
1
21
22
SIM5
SIM1
SIM2
SIM3
SIM4
1
21
22
SIM5
SIM1
SIM2
SIM3
SIM4
1
21
22
SIM5
SIM1
SIM2
SIM3
SIM4
1
21
22
SIM5
SIM1
SIM2
SIM3
SIM4
1
21
22
SIM5
SIM1
SIM2
SIM3
SIM4
1
21
22
SIM5
SIM1
SIM2
SIM3
SIM4
1
21
22
SIM5
SIM1
SIM2
SIM3
SIM4
1
21
22
SIM5
SIM1
SIM2
SIM3
SIM4
1
21
22
SIM5
SIM1
SIM2
SIM3
SIM4
1
21
22
SIM5
SIM1
SIM2
SIM3
SIM4
1
21
22
SIM5
SIM1
SIM2
SIM3
SIM4
1
21
22
SIM5
SIM1
SIM2
SIM3
SIM4
1
21
22
SIM5
SIM1
SIM2
SIM3
SIM4
1
21
22
SIM5
SIM1
SIM2
SIM3
SIM4
1
21
22
SIM5
SIM1
SIM2
SIM3
SIM4
1
21
22
SIM5
SIM1
SIM2
SIM3
SIM4
1
21
22
SIM5
SIM1
SIM2
SIM3
SIM4
1
21
22
SIM5
SIM1
SIM2
SIM3
SIM4
1
21
22
SIM5
SIM1
SIM2
SIM3
SIM4
1
21
22
SIM5
SIM1
SIM2
SIM3
SIM4
1
21
22
SIM5
SIM1
SIM2
SIM3
SIM4
1
21
22
SIM5
SIM1
SIM2
SIM3
SIM4
1
21
22
SIM5
SIM1
SIM2
SIM3
SIM4
1
21
22
SIM5
SIM1
SIM2
SIM3
SIM4
1
21
22
SIM5
SIM1
SIM2
SIM3
SIM4
1
21
22
SIM5
SIM1
SIM2
SIM3
SIM4
1
21
22
SIM5
SIM1
SIM2
SIM3
SIM4
1
21
22
SIM5
SIM1
SIM2
SIM3
SIM4
1
21
22
SIM5
SIM1
SIM2
SIM3
SIM4
1
21
22
SIM5
SIM1
SIM2
SIM3
SIM4
1
21
22
SIM5
SIM1
SIM2
SIM3
SIM4
1
21
22
SIM5
SIM1
SIM2
SIM3
SIM4
1
21
22
SIM5
SIM1
SIM2
SIM3
SIM4
1
21
22
SIM5
SIM1
SIM2
SIM3
SIM4
1
21
22
SIM5
SIM1
SIM2
SIM3
SIM4
1
21
22
SIM5
SIM1
SIM2
SIM3
SIM4
1
21
22
SIM5
SIM1
SIM2
SIM3
SIM4
1
21
22
SIM5
SIM1
SIM2
SIM3
SIM4
1
21
22
SIM5
SIM1
SIM2
SIM3
SIM4
1
21
22
SIM5
SIM1
SIM2
SIM3
SIM4
1
21
22
SIM5
SIM1
SIM2
SIM3
SIM4
1
21
22
SIM5
SIM1
SIM2
SIM3
SIM4
1
21
22
SIM5
SIM1
SIM2
SIM3
SIM4
1
21
22
SIM5
SIM1
SIM2
SIM3
SIM4
1
21
22
SIM5
SIM1
SIM2
SIM3
SIM4
1
21
22
SIM5
SIM1
SIM2
SIM3
SIM4
1
21
22
SIM5
SIM1
SIM2
SIM3
SIM4
1
21
22
SIM5
SIM1
SIM2
SIM3
SIM4
1
21
22
SIM5
SIM1
SIM2
SIM3
SIM4
1
21
22
SIM5
SIM1
SIM2
SIM3
SIM4
1
21
22
SIM5
SIM1
SIM2
SIM3
SIM4
1
21
22
SIM5
SIM1
SIM2
SIM3
SIM4
1
21
22
SIM5
SIM1
SIM2
SIM3
SIM4
1
21
22
SIM5
SIM1
SIM2
SIM3
SIM4
1
21
22
SIM5
SIM1
SIM2
SIM3
SIM4
1
21
22
SIM5
SIM1
SIM2
SIM3
SIM4
1
21
22
SIM5
SIM1
SIM2
SIM3
SIM4
1
21
22
SIM5
SIM1
SIM2
SIM3
SIM4
1
21
22
SIM5
SIM1
SIM2
SIM3
SIM4
1
21
22
SIM5
SIM1
SIM2
SIM3
SIM4
1
21
22
SIM5
SIM1
SIM2
SIM3
SIM4
1
21
22
SIM5
SIM1
SIM2
SIM3
SIM4
1
21
22
SIM5
SIM1
SIM2
SIM3
SIM4
1
21
22
SIM5
SIM1
SIM2
SIM3
SIM4
1
21
22
SIM5
SIM1
SIM2
SIM3
SIM4
1
21
22
SIM5
SIM1
SIM2
SIM3
SIM4
1
21
22
SIM5
SIM1
SIM2
SIM3
SIM4
1
21
22
SIM5
SIM1
SIM2
SIM3
SIM4
1
21
22
SIM5
SIM1
SIM2
SIM3
SIM4
1
21
22
SIM5
SIM1
SIM2
SIM3
SIM4
1
21
22
SIM5
SIM1
SIM2
SIM3
SIM4
1
21
22
SIM5
SIM1
SIM2
SIM3
SIM4
1
21
22
SIM5
SIM1
SIM2
SIM3
SIM4
1
21
22
SIM5
SIM1
SIM2
SIM3
SIM4
1
21
22
SIM5
SIM1
SIM2
SIM3
SIM4
1
21
22
SIM5
SIM1
SIM2
SIM3
SIM4
1
21
22
SIM5
SIM1
SIM2
SIM3
SIM4
1
21
22
SIM5
SIM1
SIM2
SIM3
SIM4
1
21
22
SIM5
SIM1
SIM2
SIM3
SIM4
1
21
22
SIM5
SIM1
SIM2
SIM3
SIM4
1
21
22
SIM5
SIM1
SIM2
SIM3
SIM4
1
21
22
SIM5
SIM1
SIM2
SIM3
SIM4
1
21
22
SIM5
SIM1
SIM2
SIM3
SIM4
1
21
22
SIM5
SIM1
SIM2
SIM3
SIM4
1
21
22
SIM5
SIM1
SIM2
SIM3
SIM4
1
21
22
SIM5
SIM1
SIM2
SIM3
SIM4
1
21
22
SIM5
SIM1
SIM2
SIM3
SIM4
1
21
22
SIM5
SIM1
SIM2
SIM3
SIM4
1
21
22
SIM5
SIM1
SIM2
SIM3
SIM4
1
21
22
SIM5
SIM1
SIM2
SIM3
SIM4
1
21
22
SIM5
SIM1
SIM2
SIM3
SIM4
1
21
22
SIM5
SIM1
SIM2
SIM3
SIM4
1
21
22
SIM5
SIM1
SIM2
SIM3
SIM4
1
21
22
SIM5
SIM1
SIM2
SIM3
SIM4
1
21
22
SIM5
SIM1
SIM2
SIM3
SIM4
1
21
22
SIM5
SIM1
SIM2
SIM3
SIM4
1
21
22
SIM5
SIM1
SIM2
SIM3
SIM4
1
21
22
SIM5
SIM1
SIM2
SIM3
SIM4
1
21
22
SIM5
SIM1
SIM2
SIM3
SIM4
1
21
22
SIM5
SIM1
SIM2
SIM3
SIM4
1
21
22
SIM5
SIM1
SIM2
SIM3
SIM4
1
21
22
SIM5
SIM1
SIM2
SIM3
SIM4
1
21
22
SIM5
SIM1
SIM2
SIM3
SIM4
1
21
22
SIM5
SIM1
SIM2
SIM3
SIM4
1
21
22
SIM5
SIM1
SIM2
SIM3
SIM4
1
21
22
SIM5
SIM1
SIM2
SIM3
SIM4
1
21
22
SIM5
SIM1
SIM2
SIM3
SIM4
1
21
22
SIM5
SIM1
SIM2
SIM3
SIM4
1
21
22
SIM5
SIM1
SIM2
SIM3
SIM4
1
21
22
SIM5
SIM1
SIM2
SIM3
SIM4
1
21
22
SIM5
SIM1
SIM2
SIM3
SIM4
1
21
22
SIM5
SIM1
SIM2
SIM3
SIM4
1
21
22
SIM5
SIM1
SIM2
SIM3
SIM4
1
21
22
SIM5
SIM1
SIM2
SIM3
SIM4
1
21
22
SIM5
SIM1
SIM2
SIM3
SIM4
1
21
22
SIM5
SIM1
SIM2
SIM3
SIM4
1
21
22
SIM5
SIM1
SIM2
SIM3
SIM4
1
21
22
SIM5
SIM1
SIM2
SIM3
SIM4
1
21
22
SIM5
SIM1
SIM2
SIM3
SIM4
1
21
22
SIM5
SIM1
SIM2
SIM3
SIM4
1
21
22
SIM5
SIM1
SIM2
SIM3
SIM4
1
21
22
SIM5
SIM1
SIM2
SIM3
SIM4
1
21
22
SIM5
SIM1
SIM2
SIM3
SIM4
1
21
22
SIM5
SIM1
SIM2
SIM3
SIM4
1
21
22
SIM5
SIM1
SIM2
SIM3
SIM4
1
21
22
SIM5
SIM1
SIM2
SIM3
SIM4
1
21
22
SIM5
SIM1
SIM2
SIM3
SIM4
1
21
22
SIM5
SIM1
SIM2
SIM3
SIM4
1
21
22
SIM5
SIM1
SIM2
SIM3
SIM4
1
21
22
SIM5
SIM1
SIM2
SIM3
SIM4
1
21
22
SIM5
SIM1
SIM2
SIM3
SIM4
1
21
22
SIM5
SIM1
SIM2
SIM3
SIM4
1
21
22
SIM5
SIM1
SIM2
SIM3
SIM4
1
21
22
SIM5
SIM1
SIM2
SIM3
SIM4
1
21
22
SIM5
SIM1
SIM2
SIM3
SIM4
1
21
22
SIM5
SIM1
SIM2
SIM3
SIM4
1
21
22
SIM5
SIM1
SIM2
SIM3
SIM4
1
21
22
SIM5
SIM1
SIM2
SIM3
SIM4
1
21
22
SIM5
SIM1
SIM2
SIM3
SIM4
1
21
22
SIM5
SIM1
SIM2
SIM3
SIM4
1
21
22
SIM5
SIM1
SIM2
SIM3
SIM4
1
21
22
SIM5
SIM1
SIM2
SIM3
SIM4
1
21
22
SIM5
SIM1
SIM2
SIM3
SIM4
1
21
22
SIM5
SIM1
SIM2
SIM3
SIM4
1
21
22
SIM5
SIM1
SIM2
SIM3
SIM4
1
21
22
SIM5
SIM1
SIM2
SIM3
SIM4
1
21
22
SIM5
SIM1
SIM2
SIM3
SIM4
1
21
22
SIM5
SIM1
SIM2
SIM3
SIM4
1
21
22
SIM5
SIM1
SIM2
SIM3
SIM4
1
21
22
SIM5
SIM1
SIM2
SIM3
SIM4
1
21
22
SIM5
SIM1
SIM2
SIM3
SIM4
1
21
22
SIM5
SIM1
SIM2
SIM3
SIM4
1
21
22
SIM5
SIM1
SIM2
SIM3
SIM4
1
21
22
SIM5
SIM1
SIM2
SIM3
SIM4
1
21
22
SIM5
SIM1
SIM2
SIM3
SIM4
1
21
22
SIM5
SIM1
SIM2
SIM3
SIM4
1
21
22
SIM5
SIM1
SIM2
SIM3
SIM4
1
21
22
SIM5
SIM1
SIM2
SIM3
SIM4
1
21
22
SIM5
SIM1
SIM2
SIM3
SIM4
1
21
22
SIM5
SIM1
SIM2
DEBUG 1 124
SIM1
SIM2
SIM3
SIM4
1
21
22
SIM5
SIM1
SIM2
SIM3
SIM4
1
21
22
SIM5
SIM1
SIM2
SIM3
SIM4
1
21
22
SIM5
SIM1
SIM2
SIM3
SIM4
1
21
22
SIM5
SIM1
SIM2
SIM3
SIM4
1
21
22
SIM5
SIM1
SIM2
SIM3
SIM4
1
21
22
SIM5
SIM1
SIM2
SIM3
SIM4
1
21
22
SIM5
SIM1
SIM2
SIM3
SIM4
1
21
22
SIM5
SIM1
SIM2
SIM3
SIM4
1
21
22
SIM5
SIM1
SIM2
SIM3
SIM4
1
21
22
SIM5
SIM1
SIM2
SIM3
SIM4
1
21
22
SIM5
SIM1
SIM2
SIM3
SIM4
1
21
22
SIM5
SIM1
SIM2
SIM3
SIM4
1
21
22
SIM5
SIM1
SIM2
SIM3
SIM4
1
21
22
SIM5
SIM1
SIM2
SIM3
SIM4
1
21
22
SIM5
SIM1
SIM2
SIM3
SIM4
1
21
22
SIM5
SIM1
SIM2
SIM3
SIM4
1
21
22
SIM5
SIM1
SIM2
SIM3
SIM4
1
21
22
SIM5
SIM1
SIM2
SIM3
SIM4
1
21
22
SIM5
SIM1
SIM2
SIM3
SIM4
1
21
22
SIM5
SIM1
SIM2
SIM3
SIM4
1
21
22
SIM5
SIM1
SIM2
SIM3
SIM4
1
21
22
SIM5
SIM1
SIM2
SIM3
SIM4
1
21
22
SIM5
SIM1
SIM2
SIM3
SIM4
1
21
22
SIM5
SIM1
SIM2
SIM3
SIM4
1
21
22
SIM5
SIM1
SIM2
SIM3
SIM4
1
21
22
SIM5
SIM1
SIM2
SIM3
SIM4
1
21
22
SIM5
SIM1
SIM2
SIM3
SIM4
1
21
22
SIM5
SIM1
SIM2
SIM3
SIM4
1
21
22
SIM5
SIM1
SIM2
SIM3
SIM4
1
21
22
SIM5
SIM1
SIM2
SIM3
SIM4
1
21
22
SIM5
SIM1
SIM2
SIM3
SIM4
1
21
22
SIM5
SIM1
SIM2
SIM3
SIM4
1
21
22
SIM5
SIM1
SIM2
SIM3
SIM4
1
21
22
SIM5
SIM1
SIM2
SIM3
SIM4
1
21
22
SIM5
SIM1
SIM2
SIM3
SIM4
1
21
22
SIM5
SIM1
SIM2
SIM3
SIM4
1
21
22
SIM5
SIM1
SIM2
SIM3
SIM4
1
21
22
SIM5
SIM1
SIM2
SIM3
SIM4
1
21
22
SIM5
SIM1
SIM2
SIM3
SIM4
1
21
22
SIM5
SIM1
SIM2
SIM3
SIM4
1
21
22
SIM5
SIM1
SIM2
SIM3
SIM4
1
21
22
SIM5
SIM1
SIM2
SIM3
SIM4
1
21
22
SIM5
SIM1
SIM2
SIM3
SIM4
1
21
22
SIM5
SIM1
SIM2
SIM3
SIM4
1
21
22
SIM5
SIM1
SIM2
SIM3
SIM4
1
21
22
SIM5
SIM1
SIM2
SIM3
SIM4
1
21
22
SIM5
SIM1
SIM2
SIM3
SIM4
1
21
22
SIM5
SIM1
SIM2
SIM3
SIM4
1
21
22
SIM5
SIM1
SIM2
SIM3
SIM4
1
21
22
SIM5
SIM1
SIM2
SIM3
SIM4
1
21
22
SIM5
SIM1
SIM2
SIM3
SIM4
1
21
22
SIM5
SIM1
SIM2
SIM3
SIM4
1
21
22
SIM5
SIM1
SIM2
SIM3
SIM4
1
21
22
SIM5
SIM1
SIM2
SIM3
SIM4
1
21
22
SIM5
SIM1
SIM2
SIM3
SIM4
1
21
22
SIM5
SIM1
SIM2
SIM3
SIM4
1
21
22
SIM5
SIM1
SIM2
SIM3
SIM4
1
21
22
SIM5
SIM1
SIM2
SIM3
SIM4
1
21
22
SIM5
SIM1
SIM2
SIM3
SIM4
1
21
22
SIM5
SIM1
SIM2
SIM3
SIM4
1
21
22
SIM5
SIM1
SIM2
SIM3
SIM4
1
21
22
SIM5
SIM1
SIM2
SIM3
SIM4
1
21
22
SIM5
SIM1
SIM2
SIM3
SIM4
1
21
22
SIM5
SIM1
SIM2
SIM3
SIM4
1
21
22
SIM5
SIM1
SIM2
SIM3
SIM4
1
21
22
SIM5
SIM1
SIM2
SIM3
SIM4
1
21
22
SIM5
SIM1
SIM2
SIM3
SIM4
1
21
22
SIM5
SIM1
SIM2
SIM3
SIM4
1
21
22
SIM5
SIM1
SIM2
SIM3
SIM4
1
21
22
SIM5
SIM1
SIM2
SIM3
SIM4
1
21
22
SIM5
SIM1
SIM2
SIM3
SIM4
1
21
22
SIM5
SIM1
SIM2
SIM3
SIM4
1
21
22
SIM5
SIM1
SIM2
SIM3
SIM4
1
21
22
SIM5
SIM1
SIM2
SIM3
SIM4
1
21
22
SIM5
SIM1
SIM2
SIM3
SIM4
1
21
22
SIM5
SIM1
SIM2
SIM3
SIM4
1
21
22
SIM5
SIM1
SIM2
SIM3
SIM4
1
21
22
SIM5
SIM1
SIM2
SIM3
SIM4
1
21
22
SIM5
SIM1
SIM2
SIM3
SIM4
1
21
22
SIM5
SIM1
SIM2
SIM3
SIM4
1
21
22
SIM5
SIM1
SIM2
SIM3
SIM4
1
21
22
SIM5
SIM1
SIM2
SIM3
SIM4
1
21
22
SIM5
SIM1
SIM2
SIM3
SIM4
1
21
22
SIM5
SIM1
SIM2
SIM3
SIM4
1
21
22
SIM5
SIM1
SIM2
SIM3
SIM4
1
21
22
SIM5
SIM1
SIM2
SIM3
SIM4
1
21
22
SIM5
SIM1
SIM2
SIM3
SIM4
1
21
22
SIM5
SIM1
SIM2
SIM3
SIM4
1
21
22
SIM5
SIM1
SIM2
SIM3
SIM4
1
21
22
SIM5
SIM1
SIM2
SIM3
SIM4
1
21
22
SIM5
SIM1
SIM2
SIM3
SIM4
1
21
22
SIM5
SIM1
SIM2
SIM3
SIM4
1
21
22
SIM5
SIM1
SIM2
SIM3
SIM4
1
21
22
SIM5
SIM1
SIM2
SIM3
SIM4
1
21
22
SIM5
SIM1
SIM2
SIM3
SIM4
1
21
22
SIM5
SIM1
SIM2
SIM3
SIM4
1
21
22
SIM5
SIM1
SIM2
SIM3
SIM4
1
21
22
SIM5
SIM1
SIM2
SIM3
SIM4
1
21
22
SIM5
SIM1
SIM2
SIM3
SIM4
1
21
22
SIM5
SIM1
SIM2
SIM3
SIM4
1
21
22
SIM5
SIM1
SIM2
SIM3
SIM4
1
21
22
SIM5
SIM1
SIM2
SIM3
SIM4
1
21
22
SIM5
SIM1
SIM2
SIM3
SIM4
1
21
22
SIM5
SIM1
SIM2
SIM3
SIM4
1
21
22
SIM5
SIM1
SIM2
SIM3
SIM4
1
21
22
SIM5
SIM1
SIM2
SIM3
SIM4
1
21
22
SIM5
SIM1
SIM2
SIM3
SIM4
1
21
22
SIM5
SIM1
SIM2
SIM3
SIM4
1
21
22
SIM5
SIM1
SIM2
SIM3
SIM4
1
21
22
SIM5
SIM1
SIM2
SIM3
SIM4
1
21
22
SIM5
SIM1
SIM2
SIM3
SIM4
1
21
22
SIM5
SIM1
SIM2
SIM3
SIM4
1
21
22
SIM5
SIM1
SIM2
SIM3
SIM4
1
21
22
SIM5
SIM1
SIM2
SIM3
SIM4
1
21
22
SIM5
SIM1
SIM2
SIM3
SIM4
1
21
22
SIM5
SIM1
SIM2
SIM3
SIM4
1
21
22
SIM5
SIM1
SIM2
SIM3
SIM4
1
21
22
SIM5
SIM1
SIM2
SIM3
SIM4
1
21
22
SIM5
SIM1
SIM2
SIM3
SIM4
1
21
22
SIM5
SIM1
SIM2
SIM3
SIM4
1
21
22
SIM5
SIM1
SIM2
SIM3
SIM4
1
21
22
SIM5
SIM1
SIM2
SIM3
SIM4
1
21
22
SIM5
SIM1
SIM2
SIM3
SIM4
1
21
22
SIM5
SIM1
SIM2
SIM3
SIM4
1
21
22
SIM5
SIM1
SIM2
SIM3
SIM4
1
21
22
SIM5
SIM1
SIM2
SIM3
SIM4
1
21
22
SIM5
SIM1
SIM2
SIM3
SIM4
1
21
22
SIM5
SIM1
SIM2
SIM3
SIM4
1
21
22
SIM5
SIM1
SIM2
SIM3
SIM4
1
21
22
SIM5
SIM1
SIM2
SIM3
SIM4
1
21
22
SIM5
SIM1
SIM2
SIM3
SIM4
1
21
22
SIM5
SIM1
SIM2
SIM3
SIM4
1
21
22
SIM5
SIM1
SIM2
SIM3
SIM4
1
21
22
SIM5
SIM1
SIM2
SIM3
SIM4
1
21
22
SIM5
SIM1
SIM2
SIM3
SIM4
1
21
22
SIM5
SIM1
SIM2
SIM3
SIM4
1
21
22
SIM5
SIM1
SIM2
SIM3
SIM4
1
21
22
SIM5
SIM1
SIM2
SIM3
SIM4
1
21
22
SIM5
SIM1
SIM2
SIM3
SIM4
1
21
22
SIM5
SIM1
SIM2
SIM3
SIM4
1
21
22
SIM5
SIM1
SIM2
SIM3
SIM4
1
21
22
SIM5
SIM1
SIM2
SIM3
SIM4
1
21
22
SIM5
SIM1
SIM2
SIM3
SIM4
1
21
22
SIM5
SIM1
SIM2
SIM3
SIM4
1
21
22
SIM5
SIM1
SIM2
SIM3
SIM4
1
21
22
SIM5
SIM1
SIM2
SIM3
SIM4
1
21
22
SIM5
SIM1
SIM2
SIM3
SIM4
1
21
22
SIM5
SIM1
SIM2
SIM3
SIM4
1
21
22
SIM5
SIM1
SIM2
SIM3
SIM4
1
21
22
SIM5
SIM1
SIM2
SIM3
SIM4
1
21
22
SIM5
SIM1
SIM2
SIM3
SIM4
1
21
22
SIM5
SIM1
SIM2
SIM3
SIM4
1
21
22
SIM5
SIM1
SIM2
SIM3
SIM4
1
21
22
SIM5
SIM1
SIM2
SIM3
SIM4
1
21
22
SIM5
SIM1
SIM2
SIM3
SIM4
1
21
22
SIM5
SIM1
SIM2
SIM3
SIM4
1
21
22
SIM5
SIM1
SIM2
SIM3
SIM4
1
21
22
SIM5
SIM1
SIM2
SIM3
SIM4
1
21
22
SIM5
SIM1
SIM2
SIM3
SIM4
1
21
22
SIM5
SIM1
SIM2
SIM3
SIM4
1
21
22
SIM5
SIM1
SIM2
SIM3
SIM4
1
21
22
SIM5
SIM1
SIM2
SIM3
SIM4
1
21
22
SIM5
SIM1
SIM2
SIM3
SIM4
1
21
22
SIM5
SIM1
SIM2
SIM3
SIM4
1
21
22
SIM5
SIM1
SIM2
SIM3
SIM4
1
21
22
SIM5
SIM1
SIM2
SIM3
SIM4
1
21
22
SIM5
SIM1
SIM2
SIM3
SIM4
1
21
22
SIM5
SIM1
SIM2
SIM3
SIM4
1
21
22
SIM5
SIM1
SIM2
SIM3
SIM4
1
21
22
SIM5
SIM1
SIM2
SIM3
SIM4
1
21
22
SIM5
SIM1
SIM2
SIM3
SIM4
1
21
22
SIM5
SIM1
SIM2
SIM3
SIM4
1
21
22
SIM5
SIM1
SIM2
SIM3
SIM4
1
21
22
SIM5
SIM1
SIM2
SIM3
SIM4
1
21
22
SIM5
SIM1
SIM2
SIM3
SIM4
1
21
22
SIM5
SIM1
SIM2
SIM3
SIM4
1
21
22
SIM5
SIM1
SIM2
SIM3
SIM4
1
21
22
SIM5
SIM1
SIM2
SIM3
SIM4
1
21
22
SIM5
SIM1
SIM2
SIM3
SIM4
1
21
22
SIM5
SIM1
SIM2
SIM3
SIM4
1
21
22
SIM5
SIM1
SIM2
SIM3
SIM4
1
21
22
SIM5
SIM1
SIM2
SIM3
SIM4
1
21
22
SIM5
SIM1
SIM2
SIM3
SIM4
1
21
22
SIM5
SIM1
SIM2
SIM3
SIM4
1
21
22
SIM5
SIM1
SIM2
SIM3
SIM4
1
21
22
SIM5
SIM1
SIM2
SIM3
SIM4
1
21
22
SIM5
SIM1
SIM2
SIM3
SIM4
1
21
22
SIM5
SIM1
SIM2
SIM3
SIM4
1
21
22
SIM5
SIM1
SIM2
SIM3
SIM4
1
21
22
SIM5
SIM1
SIM2
SIM3
SIM4
1
21
22
SIM5
SIM1
SIM2
SIM3
SIM4
1
21
22
SIM5
SIM1
SIM2
SIM3
SIM4
1
21
22
SIM5
SIM1
SIM2
SIM3
SIM4
1
21
22
SIM5
SIM1
SIM2
SIM3
SIM4
1
21
22
SIM5
SIM1
SIM2
SIM3
SIM4
1
21
22
SIM5
SIM1
SIM2
SIM3
SIM4
1
21
22
SIM5
SIM1
SIM2
SIM3
SIM4
1
21
22
SIM5
SIM1
SIM2
SIM3
SIM4
1
21
22
SIM5
SIM1
SIM2
SIM3
SIM4
1
21
22
SIM5
SIM1
SIM2
SIM3
SIM4
1
21
22
SIM5
SIM1
SIM2
SIM3
SIM4
1
21
22
SIM5
SIM1
SIM2
SIM3
SIM4
1
21
22
SIM5
SIM1
SIM2
SIM3
SIM4
1
21
22
SIM5
SIM1
SIM2
SIM3
SIM4
1
21
22
SIM5
SIM1
SIM2
SIM3
SIM4
1
21
22
SIM5
SIM1
SIM2
SIM3
SIM4
1
21
22
SIM5
SIM1
SIM2
SIM3
SIM4
1
21
22
SIM5
SIM1
SIM2
SIM3
SIM4
1
21
22
SIM5
SIM1
SIM2
SIM3
SIM4
1
21
22
SIM5
SIM1
SIM2
SIM3
SIM4
1
21
22
SIM5
SIM1
SIM2
SIM3
SIM4
1
21
22
SIM5
SIM1
SIM2
SIM3
SIM4
1
21
22
SIM5
SIM1
SIM2
SIM3
SIM4
1
21
22
SIM5
SIM1
SIM2
SIM3
SIM4
1
21
22
SIM5
SIM1
SIM2
DEBUG 1 125
SIM1
SIM2
SIM3
SIM4
1
21
22
SIM5
SIM1
SIM2
SIM3
SIM4
1
21
22
SIM5
SIM1
SIM2
SIM3
SIM4
1
21
22
SIM5
SIM1
SIM2
SIM3
SIM4
1
21
22
SIM5
SIM1
SIM2
SIM3
SIM4
1
21
22
SIM5
SIM1
SIM2
SIM3
SIM4
1
21
22
SIM5
SIM1
SIM2
SIM3
SIM4
1
21
22
SIM5
SIM1
SIM2
SIM3
SIM4
1
21
22
SIM5
SIM1
SIM2
SIM3
SIM4
1
21
22
SIM5
SIM1
SIM2
SIM3
SIM4
1
21
22
SIM5
SIM1
SIM2
SIM3
SIM4
1
21
22
SIM5
SIM1
SIM2
SIM3
SIM4
1
21
22
SIM5
SIM1
SIM2
SIM3
SIM4
1
21
22
SIM5
SIM1
SIM2
SIM3
SIM4
1
21
22
SIM5
SIM1
SIM2
SIM3
SIM4
1
21
22
SIM5
SIM1
SIM2
SIM3
SIM4
1
21
22
SIM5
SIM1
SIM2
SIM3
SIM4
1
21
22
SIM5
SIM1
SIM2
SIM3
SIM4
1
21
22
SIM5
SIM1
SIM2
SIM3
SIM4
1
21
22
SIM5
SIM1
SIM2
SIM3
SIM4
1
21
22
SIM5
SIM1
SIM2
SIM3
SIM4
1
21
22
SIM5
SIM1
SIM2
SIM3
SIM4
1
21
22
SIM5
SIM1
SIM2
SIM3
SIM4
1
21
22
SIM5
SIM1
SIM2
SIM3
SIM4
1
21
22
SIM5
SIM1
SIM2
SIM3
SIM4
1
21
22
SIM5
SIM1
SIM2
SIM3
SIM4
1
21
22
SIM5
SIM1
SIM2
SIM3
SIM4
1
21
22
SIM5
SIM1
SIM2
SIM3
SIM4
1
21
22
SIM5
SIM1
SIM2
SIM3
SIM4
1
21
22
SIM5
SIM1
SIM2
SIM3
SIM4
1
21
22
SIM5
SIM1
SIM2
SIM3
SIM4
1
21
22
SIM5
SIM1
SIM2
SIM3
SIM4
1
21
22
SIM5
SIM1
SIM2
SIM3
SIM4
1
21
22
SIM5
SIM1
SIM2
SIM3
SIM4
1
21
22
SIM5
SIM1
SIM2
SIM3
SIM4
1
21
22
SIM5
SIM1
SIM2
SIM3
SIM4
1
21
22
SIM5
SIM1
SIM2
SIM3
SIM4
1
21
22
SIM5
SIM1
SIM2
SIM3
SIM4
1
21
22
SIM5
SIM1
SIM2
SIM3
SIM4
1
21
22
SIM5
SIM1
SIM2
SIM3
SIM4
1
21
22
SIM5
SIM1
SIM2
SIM3
SIM4
1
21
22
SIM5
SIM1
SIM2
SIM3
SIM4
1
21
22
SIM5
SIM1
SIM2
SIM3
SIM4
1
21
22
SIM5
SIM1
SIM2
SIM3
SIM4
1
21
22
SIM5
SIM1
SIM2
SIM3
SIM4
1
21
22
SIM5
SIM1
SIM2
SIM3
SIM4
1
21
22
SIM5
SIM1
SIM2
SIM3
SIM4
1
21
22
SIM5
SIM1
SIM2
SIM3
SIM4
1
21
22
SIM5
SIM1
SIM2
SIM3
SIM4
1
21
22
SIM5
SIM1
SIM2
SIM3
SIM4
1
21
22
SIM5
SIM1
SIM2
SIM3
SIM4
1
21
22
SIM5
SIM1
SIM2
SIM3
SIM4
1
21
22
SIM5
SIM1
SIM2
SIM3
SIM4
1
21
22
SIM5
SIM1
SIM2
SIM3
SIM4
1
21
22
SIM5
SIM1
SIM2
SIM3
SIM4
1
21
22
SIM5
SIM1
SIM2
SIM3
SIM4
1
21
22
SIM5
SIM1
SIM2
SIM3
SIM4
1
21
22
SIM5
SIM1
SIM2
SIM3
SIM4
1
21
22
SIM5
SIM1
SIM2
SIM3
SIM4
1
21
22
SIM5
SIM1
SIM2
SIM3
SIM4
1
21
22
SIM5
SIM1
SIM2
SIM3
SIM4
1
21
22
SIM5
SIM1
SIM2
SIM3
SIM4
1
21
22
SIM5
SIM1
SIM2
SIM3
SIM4
1
21
22
SIM5
SIM1
SIM2
SIM3
SIM4
1
21
22
SIM5
SIM1
SIM2
SIM3
SIM4
1
21
22
SIM5
SIM1
SIM2
SIM3
SIM4
1
21
22
SIM5
SIM1
SIM2
SIM3
SIM4
1
21
22
SIM5
SIM1
SIM2
SIM3
SIM4
1
21
22
SIM5
SIM1
SIM2
SIM3
SIM4
1
21
22
SIM5
SIM1
SIM2
SIM3
SIM4
1
21
22
SIM5
SIM1
SIM2
SIM3
SIM4
1
21
22
SIM5
SIM1
SIM2
SIM3
SIM4
1
21
22
SIM5
SIM1
SIM2
SIM3
SIM4
1
21
22
SIM5
SIM1
SIM2
SIM3
SIM4
1
21
22
SIM5
SIM1
SIM2
SIM3
SIM4
1
21
22
SIM5
SIM1
SIM2
SIM3
SIM4
1
21
22
SIM5
SIM1
SIM2
SIM3
SIM4
1
21
22
SIM5
SIM1
SIM2
SIM3
SIM4
1
21
22
SIM5
SIM1
SIM2
SIM3
SIM4
1
21
22
SIM5
SIM1
SIM2
SIM3
SIM4
1
21
22
SIM5
SIM1
SIM2
SIM3
SIM4
1
21
22
SIM5
SIM1
SIM2
SIM3
SIM4
1
21
22
SIM5
SIM1
SIM2
SIM3
SIM4
1
21
22
SIM5
SIM1
SIM2
SIM3
SIM4
1
21
22
SIM5
SIM1
SIM2
SIM3
SIM4
1
21
22
SIM5
SIM1
SIM2
SIM3
SIM4
1
21
22
SIM5
SIM1
SIM2
SIM3
SIM4
1
21
22
SIM5
SIM1
SIM2
SIM3
SIM4
1
21
22
SIM5
SIM1
SIM2
SIM3
SIM4
1
21
22
SIM5
SIM1
SIM2
SIM3
SIM4
1
21
22
SIM5
SIM1
SIM2
SIM3
SIM4
1
21
22
SIM5
SIM1
SIM2
SIM3
SIM4
1
21
22
SIM5
SIM1
SIM2
SIM3
SIM4
1
21
22
SIM5
SIM1
SIM2
SIM3
SIM4
1
21
22
SIM5
SIM1
SIM2
SIM3
SIM4
1
21
22
SIM5
SIM1
SIM2
SIM3
SIM4
1
21
22
SIM5
SIM1
SIM2
SIM3
SIM4
1
21
22
SIM5
SIM1
SIM2
SIM3
SIM4
1
21
22
SIM5
SIM1
SIM2
SIM3
SIM4
1
21
22
SIM5
SIM1
SIM2
SIM3
SIM4
1
21
22
SIM5
SIM1
SIM2
SIM3
SIM4
1
21
22
SIM5
SIM1
SIM2
SIM3
SIM4
1
21
22
SIM5
SIM1
SIM2
SIM3
SIM4
1
21
22
SIM5
SIM1
SIM2
SIM3
SIM4
1
21
22
SIM5
SIM1
SIM2
SIM3
SIM4
1
21
22
SIM5
SIM1
SIM2
SIM3
SIM4
1
21
22
SIM5
SIM1
SIM2
SIM3
SIM4
1
21
22
SIM5
SIM1
SIM2
SIM3
SIM4
1
21
22
SIM5
SIM1
SIM2
SIM3
SIM4
1
21
22
SIM5
SIM1
SIM2
SIM3
SIM4
1
21
22
SIM5
SIM1
SIM2
SIM3
SIM4
1
21
22
SIM5
SIM1
SIM2
SIM3
SIM4
1
21
22
SIM5
SIM1
SIM2
SIM3
SIM4
1
21
22
SIM5
SIM1
SIM2
SIM3
SIM4
1
21
22
SIM5
SIM1
SIM2
SIM3
SIM4
1
21
22
SIM5
SIM1
SIM2
SIM3
SIM4
1
21
22
SIM5
SIM1
SIM2
SIM3
SIM4
1
21
22
SIM5
SIM1
SIM2
SIM3
SIM4
1
21
22
SIM5
SIM1
SIM2
SIM3
SIM4
1
21
22
SIM5
SIM1
SIM2
SIM3
SIM4
1
21
22
SIM5
SIM1
SIM2
SIM3
SIM4
1
21
22
SIM5
SIM1
SIM2
SIM3
SIM4
1
21
22
SIM5
SIM1
SIM2
SIM3
SIM4
1
21
22
SIM5
SIM1
SIM2
SIM3
SIM4
1
21
22
SIM5
SIM1
SIM2
SIM3
SIM4
1
21
22
SIM5
SIM1
SIM2
SIM3
SIM4
1
21
22
SIM5
SIM1
SIM2
SIM3
SIM4
1
21
22
SIM5
SIM1
SIM2
SIM3
SIM4
1
21
22
SIM5
SIM1
SIM2
SIM3
SIM4
1
21
22
SIM5
SIM1
SIM2
SIM3
SIM4
1
21
22
SIM5
SIM1
SIM2
SIM3
SIM4
1
21
22
SIM5
SIM1
SIM2
SIM3
SIM4
1
21
22
SIM5
SIM1
SIM2
SIM3
SIM4
1
21
22
SIM5
SIM1
SIM2
SIM3
SIM4
1
21
22
SIM5
SIM1
SIM2
SIM3
SIM4
1
21
22
SIM5
SIM1
SIM2
SIM3
SIM4
1
21
22
SIM5
SIM1
SIM2
SIM3
SIM4
1
21
22
SIM5
SIM1
SIM2
SIM3
SIM4
1
21
22
SIM5
SIM1
SIM2
SIM3
SIM4
1
21
22
SIM5
SIM1
SIM2
SIM3
SIM4
1
21
22
SIM5
SIM1
SIM2
SIM3
SIM4
1
21
22
SIM5
SIM1
SIM2
SIM3
SIM4
1
21
22
SIM5
SIM1
SIM2
SIM3
SIM4
1
21
22
SIM5
SIM1
SIM2
SIM3
SIM4
1
21
22
SIM5
SIM1
SIM2
SIM3
SIM4
1
21
22
SIM5
SIM1
SIM2
SIM3
SIM4
1
21
22
SIM5
SIM1
SIM2
SIM3
SIM4
1
21
22
SIM5
SIM1
SIM2
SIM3
SIM4
1
21
22
SIM5
SIM1
SIM2
SIM3
SIM4
1
21
22
SIM5
SIM1
SIM2
SIM3
SIM4
1
21
22
SIM5
SIM1
SIM2
SIM3
SIM4
1
21
22
SIM5
SIM1
SIM2
SIM3
SIM4
1
21
22
SIM5
SIM1
SIM2
SIM3
SIM4
1
21
22
SIM5
SIM1
SIM2
SIM3
SIM4
1
21
22
SIM5
SIM1
SIM2
SIM3
SIM4
1
21
22
SIM5
SIM1
SIM2
SIM3
SIM4
1
21
22
SIM5
SIM1
SIM2
SIM3
SIM4
1
21
22
SIM5
SIM1
SIM2
SIM3
SIM4
1
21
22
SIM5
SIM1
SIM2
SIM3
SIM4
1
21
22
SIM5
SIM1
SIM2
SIM3
SIM4
1
21
22
SIM5
SIM1
SIM2
SIM3
SIM4
1
21
22
SIM5
SIM1
SIM2
SIM3
SIM4
1
21
22
SIM5
SIM1
SIM2
SIM3
SIM4
1
21
22
SIM5
SIM1
SIM2
SIM3
SIM4
1
21
22
SIM5
SIM1
SIM2
SIM3
SIM4
1
21
22
SIM5
SIM1
SIM2
SIM3
SIM4
1
21
22
SIM5
SIM1
SIM2
SIM3
SIM4
1
21
22
SIM5
SIM1
SIM2
SIM3
SIM4
1
21
22
SIM5
SIM1
SIM2
SIM3
SIM4
1
21
22
SIM5
SIM1
SIM2
SIM3
SIM4
1
21
22
SIM5
SIM1
SIM2
SIM3
SIM4
1
21
22
SIM5
SIM1
SIM2
SIM3
SIM4
1
21
22
SIM5
SIM1
SIM2
SIM3
SIM4
1
21
22
SIM5
SIM1
SIM2
SIM3
SIM4
1
21
22
SIM5
SIM1
SIM2
SIM3
SIM4
1
21
22
SIM5
SIM1
SIM2
SIM3
SIM4
1
21
22
SIM5
SIM1
SIM2
SIM3
SIM4
1
21
22
SIM5
SIM1
SIM2
SIM3
SIM4
1
21
22
SIM5
SIM1
SIM2
SIM3
SIM4
1
21
22
SIM5
SIM1
SIM2
SIM3
SIM4
1
21
22
SIM5
SIM1
SIM2
SIM3
SIM4
1
21
22
SIM5
SIM1
SIM2
SIM3
SIM4
1
21
22
SIM5
SIM1
SIM2
SIM3
SIM4
1
21
22
SIM5
SIM1
SIM2
SIM3
SIM4
1
21
22
SIM5
SIM1
SIM2
SIM3
SIM4
1
21
22
SIM5
SIM1
SIM2
SIM3
SIM4
1
21
22
SIM5
SIM1
SIM2
SIM3
SIM4
1
21
22
SIM5
SIM1
SIM2
SIM3
SIM4
1
21
22
SIM5
SIM1
SIM2
SIM3
SIM4
1
21
22
SIM5
SIM1
SIM2
SIM3
SIM4
1
21
22
SIM5
SIM1
SIM2
SIM3
SIM4
1
21
22
SIM5
SIM1
SIM2
SIM3
SIM4
1
21
22
SIM5
SIM1
SIM2
SIM3
SIM4
1
21
22
SIM5
SIM1
SIM2
SIM3
SIM4
1
21
22
SIM5
SIM1
SIM2
SIM3
SIM4
1
21
22
SIM5
SIM1
SIM2
SIM3
SIM4
1
21
22
SIM5
SIM1
SIM2
SIM3
SIM4
1
21
22
SIM5
SIM1
SIM2
SIM3
SIM4
1
21
22
SIM5
SIM1
SIM2
SIM3
SIM4
1
21
22
SIM5
SIM1
SIM2
SIM3
SIM4
1
21
22
SIM5
SIM1
SIM2
SIM3
SIM4
1
21
22
SIM5
SIM1
SIM2
SIM3
SIM4
1
21
22
SIM5
SIM1
SIM2
SIM3
SIM4
1
21
22
SIM5
SIM1
SIM2
SIM3
SIM4
1
21
22
SIM5
SIM1
SIM2
SIM3
SIM4
1
21
22
SIM5
SIM1
SIM2
SIM3
SIM4
1
21
22
SIM5
SIM1
SIM2
SIM3
SIM4
1
21
22
SIM5
SIM1
SIM2
SIM3
SIM4
1
21
22
SIM5
SIM1
SIM2
SIM3
SIM4
1
21
22
SIM5
SIM1
SIM2
SIM3
SIM4
1
21
22
SIM5
SIM1
SIM2
SIM3
SIM4
1
21
22
SIM5
SIM1
SIM2
SIM3
SIM4
1
21
22
SIM5
SIM1
SIM2
SIM3
SIM4
1
21
22
SIM5
SIM1
SIM2
SIM3
SIM4
1
21
22
SIM5
SIM1
SIM2
SIM3
SIM4
1
21
22
SIM5
SIM1
SIM2
SIM3
SIM4
1
21
22
SIM5
SIM1
SIM2
SIM3
SIM4
1
21
22
SIM5
SIM1
SIM2
SIM3
SIM4
1
21
22
SIM5
SIM1
SIM2
SIM3
SIM4
1
21
22
SIM5
SIM1
SIM2
SIM3
SIM4
1
21
22
SIM5
SIM1
SIM2
SIM3
SIM4
1
21
22
SIM5
SIM1
SIM2
SIM3
SIM4
1
21
22
SIM5
SIM1
SIM2
SIM3
SIM4
1
21
22
SIM5
SIM1
SIM2
SIM3
SIM4
1
21
22
SIM5
SIM1
SIM2
SIM3
SIM4
1
21
22
SIM5
SIM1
SIM2
SIM3
SIM4
1
21
22
SIM5
SIM1
SIM2
SIM3
SIM4
1
21
22
SIM5
SIM1
SIM2
SIM3
SIM4
1
21
22
SIM5
SIM1
SIM2
SIM3
SIM4
1
21
22
SIM5
SIM1
SIM2
SIM3
SIM4
1
21
22
SIM5
SIM1
SIM2
SIM3
SIM4
1
21
22
SIM5
SIM1
SIM2
SIM3
SIM4
1
21
22
SIM5
SIM1
SIM2
SIM3
SIM4
1
21
22
SIM5
SIM1
SIM2
SIM3
SIM4
1
21
22
SIM5
SIM1
SIM2
SIM3
SIM4
1
21
22
SIM5
SIM1
SIM2
DEBUG 1 126
SIM1
SIM2
SIM3
SIM4
1
21
22
SIM5
SIM1
SIM2
SIM3
SIM4
1
21
22
SIM5
SIM1
SIM2
SIM3
SIM4
1
21
22
SIM5
SIM1
SIM2
SIM3
SIM4
1
21
22
SIM5
SIM1
SIM2
SIM3
SIM4
1
21
22
SIM5
SIM1
SIM2
SIM3
SIM4
1
21
22
SIM5
SIM1
SIM2
SIM3
SIM4
1
21
22
SIM5
SIM1
SIM2
SIM3
SIM4
1
21
22
SIM5
SIM1
SIM2
SIM3
SIM4
1
21
22
SIM5
SIM1
SIM2
SIM3
SIM4
1
21
22
SIM5
SIM1
SIM2
SIM3
SIM4
1
21
22
SIM5
SIM1
SIM2
SIM3
SIM4
1
21
22
SIM5
SIM1
SIM2
SIM3
SIM4
1
21
22
SIM5
SIM1
SIM2
SIM3
SIM4
1
21
22
SIM5
SIM1
SIM2
SIM3
SIM4
1
21
22
SIM5
SIM1
SIM2
SIM3
SIM4
1
21
22
SIM5
SIM1
SIM2
SIM3
SIM4
1
21
22
SIM5
SIM1
SIM2
SIM3
SIM4
1
21
22
SIM5
SIM1
SIM2
SIM3
SIM4
1
21
22
SIM5
SIM1
SIM2
SIM3
SIM4
1
21
22
SIM5
SIM1
SIM2
SIM3
SIM4
1
21
22
SIM5
SIM1
SIM2
SIM3
SIM4
1
21
22
SIM5
SIM1
SIM2
SIM3
SIM4
1
21
22
SIM5
SIM1
SIM2
SIM3
SIM4
1
21
22
SIM5
SIM1
SIM2
SIM3
SIM4
1
21
22
SIM5
SIM1
SIM2
SIM3
SIM4
1
21
22
SIM5
SIM1
SIM2
SIM3
SIM4
1
21
22
SIM5
SIM1
SIM2
SIM3
SIM4
1
21
22
SIM5
SIM1
SIM2
SIM3
SIM4
1
21
22
SIM5
SIM1
SIM2
SIM3
SIM4
1
21
22
SIM5
SIM1
SIM2
SIM3
SIM4
1
21
22
SIM5
SIM1
SIM2
SIM3
SIM4
1
21
22
SIM5
SIM1
SIM2
SIM3
SIM4
1
21
22
SIM5
SIM1
SIM2
SIM3
SIM4
1
21
22
SIM5
SIM1
SIM2
SIM3
SIM4
1
21
22
SIM5
SIM1
SIM2
SIM3
SIM4
1
21
22
SIM5
SIM1
SIM2
SIM3
SIM4
1
21
22
SIM5
SIM1
SIM2
SIM3
SIM4
1
21
22
SIM5
SIM1
SIM2
SIM3
SIM4
1
21
22
SIM5
SIM1
SIM2
SIM3
SIM4
1
21
22
SIM5
SIM1
SIM2
SIM3
SIM4
1
21
22
SIM5
SIM1
SIM2
SIM3
SIM4
1
21
22
SIM5
SIM1
SIM2
SIM3
SIM4
1
21
22
SIM5
SIM1
SIM2
SIM3
SIM4
1
21
22
SIM5
SIM1
SIM2
SIM3
SIM4
1
21
22
SIM5
SIM1
SIM2
SIM3
SIM4
1
21
22
SIM5
SIM1
SIM2
SIM3
SIM4
1
21
22
SIM5
SIM1
SIM2
SIM3
SIM4
1
21
22
SIM5
SIM1
SIM2
SIM3
SIM4
1
21
22
SIM5
SIM1
SIM2
SIM3
SIM4
1
21
22
SIM5
SIM1
SIM2
SIM3
SIM4
1
21
22
SIM5
SIM1
SIM2
SIM3
SIM4
1
21
22
SIM5
SIM1
SIM2
SIM3
SIM4
1
21
22
SIM5
SIM1
SIM2
SIM3
SIM4
1
21
22
SIM5
SIM1
SIM2
SIM3
SIM4
1
21
22
SIM5
SIM1
SIM2
SIM3
SIM4
1
21
22
SIM5
SIM1
SIM2
SIM3
SIM4
1
21
22
SIM5
SIM1
SIM2
SIM3
SIM4
1
21
22
SIM5
SIM1
SIM2
SIM3
SIM4
1
21
22
SIM5
SIM1
SIM2
SIM3
SIM4
1
21
22
SIM5
SIM1
SIM2
SIM3
SIM4
1
21
22
SIM5
SIM1
SIM2
SIM3
SIM4
1
21
22
SIM5
SIM1
SIM2
SIM3
SIM4
1
21
22
SIM5
SIM1
SIM2
SIM3
SIM4
1
21
22
SIM5
SIM1
SIM2
SIM3
SIM4
1
21
22
SIM5
SIM1
SIM2
SIM3
SIM4
1
21
22
SIM5
SIM1
SIM2
SIM3
SIM4
1
21
22
SIM5
SIM1
SIM2
SIM3
SIM4
1
21
22
SIM5
SIM1
SIM2
SIM3
SIM4
1
21
22
SIM5
SIM1
SIM2
SIM3
SIM4
1
21
22
SIM5
SIM1
SIM2
SIM3
SIM4
1
21
22
SIM5
SIM1
SIM2
SIM3
SIM4
1
21
22
SIM5
SIM1
SIM2
SIM3
SIM4
1
21
22
SIM5
SIM1
SIM2
SIM3
SIM4
1
21
22
SIM5
SIM1
SIM2
SIM3
SIM4
1
21
22
SIM5
SIM1
SIM2
SIM3
SIM4
1
21
22
SIM5
SIM1
SIM2
SIM3
SIM4
1
21
22
SIM5
SIM1
SIM2
SIM3
SIM4
1
21
22
SIM5
SIM1
SIM2
SIM3
SIM4
1
21
22
SIM5
SIM1
SIM2
SIM3
SIM4
1
21
22
SIM5
SIM1
SIM2
SIM3
SIM4
1
21
22
SIM5
SIM1
SIM2
SIM3
SIM4
1
21
22
SIM5
SIM1
SIM2
SIM3
SIM4
1
21
22
SIM5
SIM1
SIM2
SIM3
SIM4
1
21
22
SIM5
SIM1
SIM2
SIM3
SIM4
1
21
22
SIM5
SIM1
SIM2
SIM3
SIM4
1
21
22
SIM5
SIM1
SIM2
SIM3
SIM4
1
21
22
SIM5
SIM1
SIM2
SIM3
SIM4
1
21
22
SIM5
SIM1
SIM2
SIM3
SIM4
1
21
22
SIM5
SIM1
SIM2
SIM3
SIM4
1
21
22
SIM5
SIM1
SIM2
SIM3
SIM4
1
21
22
SIM5
SIM1
SIM2
SIM3
SIM4
1
21
22
SIM5
SIM1
SIM2
SIM3
SIM4
1
21
22
SIM5
SIM1
SIM2
SIM3
SIM4
1
21
22
SIM5
SIM1
SIM2
SIM3
SIM4
1
21
22
SIM5
SIM1
SIM2
SIM3
SIM4
1
21
22
SIM5
SIM1
SIM2
SIM3
SIM4
1
21
22
SIM5
SIM1
SIM2
SIM3
SIM4
1
21
22
SIM5
SIM1
SIM2
SIM3
SIM4
1
21
22
SIM5
SIM1
SIM2
SIM3
SIM4
1
21
22
SIM5
SIM1
SIM2
SIM3
SIM4
1
21
22
SIM5
SIM1
SIM2
SIM3
SIM4
1
21
22
SIM5
SIM1
SIM2
SIM3
SIM4
1
21
22
SIM5
SIM1
SIM2
SIM3
SIM4
1
21
22
SIM5
SIM1
SIM2
SIM3
SIM4
1
21
22
SIM5
SIM1
SIM2
SIM3
SIM4
1
21
22
SIM5
SIM1
SIM2
SIM3
SIM4
1
21
22
SIM5
SIM1
SIM2
SIM3
SIM4
1
21
22
SIM5
SIM1
SIM2
SIM3
SIM4
1
21
22
SIM5
SIM1
SIM2
SIM3
SIM4
1
21
22
SIM5
SIM1
SIM2
SIM3
SIM4
1
21
22
SIM5
SIM1
SIM2
SIM3
SIM4
1
21
22
SIM5
SIM1
SIM2
SIM3
SIM4
1
21
22
SIM5
SIM1
SIM2
SIM3
SIM4
1
21
22
SIM5
SIM1
SIM2
SIM3
SIM4
1
21
22
SIM5
SIM1
SIM2
SIM3
SIM4
1
21
22
SIM5
SIM1
SIM2
SIM3
SIM4
1
21
22
SIM5
SIM1
SIM2
SIM3
SIM4
1
21
22
SIM5
SIM1
SIM2
SIM3
SIM4
1
21
22
SIM5
SIM1
SIM2
SIM3
SIM4
1
21
22
SIM5
SIM1
SIM2
SIM3
SIM4
1
21
22
SIM5
SIM1
SIM2
SIM3
SIM4
1
21
22
SIM5
SIM1
SIM2
SIM3
SIM4
1
21
22
SIM5
SIM1
SIM2
SIM3
SIM4
1
21
22
SIM5
SIM1
SIM2
SIM3
SIM4
1
21
22
SIM5
SIM1
SIM2
SIM3
SIM4
1
21
22
SIM5
SIM1
SIM2
SIM3
SIM4
1
21
22
SIM5
SIM1
SIM2
SIM3
SIM4
1
21
22
SIM5
SIM1
SIM2
SIM3
SIM4
1
21
22
SIM5
SIM1
SIM2
SIM3
SIM4
1
21
22
SIM5
SIM1
SIM2
SIM3
SIM4
1
21
22
SIM5
SIM1
SIM2
SIM3
SIM4
1
21
22
SIM5
SIM1
SIM2
SIM3
SIM4
1
21
22
SIM5
SIM1
SIM2
SIM3
SIM4
1
21
22
SIM5
SIM1
SIM2
SIM3
SIM4
1
21
22
SIM5
SIM1
SIM2
SIM3
SIM4
1
21
22
SIM5
SIM1
SIM2
SIM3
SIM4
1
21
22
SIM5
SIM1
SIM2
DEBUG 1 127
SIM1
SIM2
SIM3
SIM4
1
21
22
SIM5
SIM1
SIM2
SIM3
SIM4
1
21
22
SIM5
SIM1
SIM2
SIM3
SIM4
1
21
22
SIM5
SIM1
SIM2
SIM3
SIM4
1
21
22
SIM5
SIM1
SIM2
SIM3
SIM4
1
21
22
SIM5
SIM1
SIM2
SIM3
SIM4
1
21
22
SIM5
SIM1
SIM2
SIM3
SIM4
1
21
22
SIM5
SIM1
SIM2
SIM3
SIM4
1
21
22
SIM5
SIM1
SIM2
SIM3
SIM4
1
21
22
SIM5
SIM1
SIM2
SIM3
SIM4
1
21
22
SIM5
SIM1
SIM2
SIM3
SIM4
1
21
22
SIM5
SIM1
SIM2
SIM3
SIM4
1
21
22
SIM5
SIM1
SIM2
SIM3
SIM4
1
21
22
SIM5
SIM1
SIM2
SIM3
SIM4
1
21
22
SIM5
SIM1
SIM2
SIM3
SIM4
1
21
22
SIM5
SIM1
SIM2
SIM3
SIM4
1
21
22
SIM5
SIM1
SIM2
SIM3
SIM4
1
21
22
SIM5
SIM1
SIM2
SIM3
SIM4
1
21
22
SIM5
SIM1
SIM2
SIM3
SIM4
1
21
22
SIM5
SIM1
SIM2
SIM3
SIM4
1
21
22
SIM5
SIM1
SIM2
SIM3
SIM4
1
21
22
SIM5
SIM1
SIM2
SIM3
SIM4
1
21
22
SIM5
SIM1
SIM2
SIM3
SIM4
1
21
22
SIM5
SIM1
SIM2
SIM3
SIM4
1
21
22
SIM5
SIM1
SIM2
SIM3
SIM4
1
21
22
SIM5
SIM1
SIM2
SIM3
SIM4
1
21
22
SIM5
SIM1
SIM2
SIM3
SIM4
1
21
22
SIM5
SIM1
SIM2
SIM3
SIM4
1
21
22
SIM5
SIM1
SIM2
SIM3
SIM4
1
21
22
SIM5
SIM1
SIM2
SIM3
SIM4
1
21
22
SIM5
SIM1
SIM2
SIM3
SIM4
1
21
22
SIM5
SIM1
SIM2
SIM3
SIM4
1
21
22
SIM5
SIM1
SIM2
SIM3
SIM4
1
21
22
SIM5
SIM1
SIM2
SIM3
SIM4
1
21
22
SIM5
SIM1
SIM2
SIM3
SIM4
1
21
22
SIM5
SIM1
SIM2
SIM3
SIM4
1
21
22
SIM5
SIM1
SIM2
SIM3
SIM4
1
21
22
SIM5
SIM1
SIM2
SIM3
SIM4
1
21
22
SIM5
SIM1
SIM2
SIM3
SIM4
1
21
22
SIM5
SIM1
SIM2
SIM3
SIM4
1
21
22
SIM5
SIM1
SIM2
SIM3
SIM4
1
21
22
SIM5
SIM1
SIM2
SIM3
SIM4
1
21
22
SIM5
SIM1
SIM2
SIM3
SIM4
1
21
22
SIM5
SIM1
SIM2
SIM3
SIM4
1
21
22
SIM5
SIM1
SIM2
SIM3
SIM4
1
21
22
SIM5
SIM1
SIM2
SIM3
SIM4
1
21
22
SIM5
SIM1
SIM2
SIM3
SIM4
1
21
22
SIM5
SIM1
SIM2
SIM3
SIM4
1
21
22
SIM5
SIM1
SIM2
SIM3
SIM4
1
21
22
SIM5
SIM1
SIM2
SIM3
SIM4
1
21
22
SIM5
SIM1
SIM2
SIM3
SIM4
1
21
22
SIM5
SIM1
SIM2
SIM3
SIM4
1
21
22
SIM5
SIM1
SIM2
SIM3
SIM4
1
21
22
SIM5
SIM1
SIM2
SIM3
SIM4
1
21
22
SIM5
SIM1
SIM2
SIM3
SIM4
1
21
22
SIM5
SIM1
SIM2
SIM3
SIM4
1
21
22
SIM5
SIM1
SIM2
SIM3
SIM4
1
21
22
SIM5
SIM1
SIM2
SIM3
SIM4
1
21
22
SIM5
SIM1
SIM2
SIM3
SIM4
1
21
22
SIM5
SIM1
SIM2
SIM3
SIM4
1
21
22
SIM5
SIM1
SIM2
SIM3
SIM4
1
21
22
SIM5
SIM1
SIM2
SIM3
SIM4
1
21
22
SIM5
SIM1
SIM2
SIM3
SIM4
1
21
22
SIM5
SIM1
SIM2
SIM3
SIM4
1
21
22
SIM5
SIM1
SIM2
SIM3
SIM4
1
21
22
SIM5
SIM1
SIM2
SIM3
SIM4
1
21
22
SIM5
SIM1
SIM2
SIM3
SIM4
1
21
22
SIM5
SIM1
SIM2
SIM3
SIM4
1
21
22
SIM5
SIM1
SIM2
SIM3
SIM4
1
21
22
SIM5
SIM1
SIM2
SIM3
SIM4
1
21
22
SIM5
SIM1
SIM2
SIM3
SIM4
1
21
22
SIM5
SIM1
SIM2
SIM3
SIM4
1
21
22
SIM5
SIM1
SIM2
SIM3
SIM4
1
21
22
SIM5
SIM1
SIM2
SIM3
SIM4
1
21
22
SIM5
SIM1
SIM2
SIM3
SIM4
1
21
22
SIM5
SIM1
SIM2
SIM3
SIM4
1
21
22
SIM5
SIM1
SIM2
SIM3
SIM4
1
21
22
SIM5
SIM1
SIM2
SIM3
SIM4
1
21
22
SIM5
SIM1
SIM2
SIM3
SIM4
1
21
22
SIM5
SIM1
SIM2
SIM3
SIM4
1
21
22
SIM5
SIM1
SIM2
SIM3
SIM4
1
21
22
SIM5
SIM1
SIM2
SIM3
SIM4
1
21
22
SIM5
SIM1
SIM2
SIM3
SIM4
1
21
22
SIM5
SIM1
SIM2
SIM3
SIM4
1
21
22
SIM5
SIM1
SIM2
SIM3
SIM4
1
21
22
SIM5
SIM1
SIM2
SIM3
SIM4
1
21
22
SIM5
SIM1
SIM2
SIM3
SIM4
1
21
22
SIM5
SIM1
SIM2
SIM3
SIM4
1
21
22
SIM5
SIM1
SIM2
SIM3
SIM4
1
21
22
SIM5
SIM1
SIM2
SIM3
SIM4
1
21
22
SIM5
SIM1
SIM2
SIM3
SIM4
1
21
22
SIM5
SIM1
SIM2
SIM3
SIM4
1
21
22
SIM5
SIM1
SIM2
SIM3
SIM4
1
21
22
SIM5
SIM1
SIM2
SIM3
SIM4
1
21
22
SIM5
SIM1
SIM2
SIM3
SIM4
1
21
22
SIM5
SIM1
SIM2
SIM3
SIM4
1
21
22
SIM5
SIM1
SIM2
SIM3
SIM4
1
21
22
SIM5
SIM1
SIM2
SIM3
SIM4
1
21
22
SIM5
SIM1
SIM2
SIM3
SIM4
1
21
22
SIM5
SIM1
SIM2
SIM3
SIM4
1
21
22
SIM5
SIM1
SIM2
SIM3
SIM4
1
21
22
SIM5
SIM1
SIM2
SIM3
SIM4
1
21
22
SIM5
SIM1
SIM2
SIM3
SIM4
1
21
22
SIM5
SIM1
SIM2
SIM3
SIM4
1
21
22
SIM5
SIM1
SIM2
SIM3
SIM4
1
21
22
SIM5
SIM1
SIM2
SIM3
SIM4
1
21
22
SIM5
SIM1
SIM2
SIM3
SIM4
1
21
22
SIM5
SIM1
SIM2
SIM3
SIM4
1
21
22
SIM5
SIM1
SIM2
SIM3
SIM4
1
21
22
SIM5
SIM1
SIM2
SIM3
SIM4
1
21
22
SIM5
SIM1
SIM2
SIM3
SIM4
1
21
22
SIM5
SIM1
SIM2
SIM3
SIM4
1
21
22
SIM5
SIM1
SIM2
SIM3
SIM4
1
21
22
SIM5
SIM1
SIM2
SIM3
SIM4
1
21
22
SIM5
SIM1
SIM2
SIM3
SIM4
1
21
22
SIM5
SIM1
SIM2
SIM3
SIM4
1
21
22
SIM5
SIM1
SIM2
SIM3
SIM4
1
21
22
SIM5
SIM1
SIM2
SIM3
SIM4
1
21
22
SIM5
SIM1
SIM2
SIM3
SIM4
1
21
22
SIM5
SIM1
SIM2
SIM3
SIM4
1
21
22
SIM5
SIM1
SIM2
SIM3
SIM4
1
21
22
SIM5
SIM1
SIM2
SIM3
SIM4
1
21
22
SIM5
SIM1
SIM2
SIM3
SIM4
1
21
22
SIM5
SIM1
SIM2
SIM3
SIM4
1
21
22
SIM5
SIM1
SIM2
SIM3
SIM4
1
21
22
SIM5
SIM1
SIM2
SIM3
SIM4
1
21
22
SIM5
SIM1
SIM2
SIM3
SIM4
1
21
22
SIM5
SIM1
SIM2
SIM3
SIM4
1
21
22
SIM5
SIM1
SIM2
SIM3
SIM4
1
21
22
SIM5
SIM1
SIM2
SIM3
SIM4
1
21
22
SIM5
SIM1
SIM2
SIM3
SIM4
1
21
22
SIM5
SIM1
SIM2
SIM3
SIM4
1
21
22
SIM5
SIM1
SIM2
SIM3
SIM4
1
21
22
SIM5
SIM1
SIM2
SIM3
SIM4
1
21
22
SIM5
SIM1
SIM2
SIM3
SIM4
1
21
22
SIM5
SIM1
SIM2
SIM3
SIM4
1
21
22
SIM5
SIM1
SIM2
SIM3
SIM4
1
21
22
SIM5
SIM1
SIM2
SIM3
SIM4
1
21
22
SIM5
SIM1
SIM2
SIM3
SIM4
1
21
22
SIM5
SIM1
SIM2
SIM3
SIM4
1
21
22
SIM5
SIM1
SIM2
SIM3
SIM4
1
21
22
SIM5
SIM1
SIM2
SIM3
SIM4
1
21
22
SIM5
SIM1
SIM2
SIM3
SIM4
1
21
22
SIM5
SIM1
SIM2
SIM3
SIM4
1
21
22
SIM5
SIM1
SIM2
SIM3
SIM4
1
21
22
SIM5
SIM1
SIM2
SIM3
SIM4
1
21
22
SIM5
SIM1
SIM2
SIM3
SIM4
1
21
22
SIM5
SIM1
SIM2
SIM3
SIM4
1
21
22
SIM5
SIM1
SIM2
SIM3
SIM4
1
21
22
SIM5
SIM1
SIM2
SIM3
SIM4
1
21
22
SIM5
SIM1
SIM2
SIM3
SIM4
1
21
22
SIM5
SIM1
SIM2
SIM3
SIM4
1
21
22
SIM5
SIM1
SIM2
SIM3
SIM4
1
21
22
SIM5
SIM1
SIM2
SIM3
SIM4
1
21
22
SIM5
SIM1
SIM2
SIM3
SIM4
1
21
22
SIM5
SIM1
SIM2
SIM3
SIM4
1
21
22
SIM5
SIM1
SIM2
SIM3
SIM4
1
21
22
SIM5
SIM1
SIM2
SIM3
SIM4
1
21
22
SIM5
SIM1
SIM2
SIM3
SIM4
1
21
22
SIM5
SIM1
SIM2
SIM3
SIM4
1
21
22
SIM5
SIM1
SIM2
SIM3
SIM4
1
21
22
SIM5
SIM1
SIM2
SIM3
SIM4
1
21
22
SIM5
SIM1
SIM2
SIM3
SIM4
1
21
22
SIM5
SIM1
SIM2
SIM3
SIM4
1
21
22
SIM5
SIM1
SIM2
SIM3
SIM4
1
21
22
SIM5
SIM1
SIM2
SIM3
SIM4
1
21
22
SIM5
SIM1
SIM2
SIM3
SIM4
1
21
22
SIM5
SIM1
SIM2
SIM3
SIM4
1
21
22
SIM5
SIM1
SIM2
SIM3
SIM4
1
21
22
SIM5
SIM1
SIM2
SIM3
SIM4
1
21
22
SIM5
SIM1
SIM2
SIM3
SIM4
1
21
22
SIM5
SIM1
SIM2
SIM3
SIM4
1
21
22
SIM5
SIM1
SIM2
SIM3
SIM4
1
21
22
SIM5
SIM1
SIM2
SIM3
SIM4
1
21
22
SIM5
SIM1
SIM2
SIM3
SIM4
1
21
22
SIM5
SIM1
SIM2
SIM3
SIM4
1
21
22
SIM5
SIM1
SIM2
SIM3
SIM4
1
21
22
SIM5
SIM1
SIM2
SIM3
SIM4
1
21
22
SIM5
SIM1
SIM2
SIM3
SIM4
1
21
22
SIM5
SIM1
SIM2
SIM3
SIM4
1
21
22
SIM5
SIM1
SIM2
SIM3
SIM4
1
21
22
SIM5
SIM1
SIM2
SIM3
SIM4
1
21
22
SIM5
SIM1
SIM2
SIM3
SIM4
1
21
22
SIM5
SIM1
SIM2
SIM3
SIM4
1
21
22
SIM5
SIM1
SIM2
SIM3
SIM4
1
21
22
SIM5
SIM1
SIM2
SIM3
SIM4
1
21
22
SIM5
SIM1
SIM2
SIM3
SIM4
1
21
22
SIM5
SIM1
SIM2
SIM3
SIM4
1
21
22
SIM5
SIM1
SIM2
SIM3
SIM4
1
21
22
SIM5
SIM1
SIM2
SIM3
SIM4
1
21
22
SIM5
SIM1
SIM2
SIM3
SIM4
1
21
22
SIM5
SIM1
SIM2
SIM3
SIM4
1
21
22
SIM5
SIM1
SIM2
SIM3
SIM4
1
21
22
SIM5
SIM1
SIM2
SIM3
SIM4
1
21
22
SIM5
SIM1
SIM2
SIM3
SIM4
1
21
22
SIM5
SIM1
SIM2
SIM3
SIM4
1
21
22
SIM5
SIM1
SIM2
SIM3
SIM4
1
21
22
SIM5
SIM1
SIM2
SIM3
SIM4
1
21
22
SIM5
SIM1
SIM2
SIM3
SIM4
1
21
22
SIM5
SIM1
SIM2
SIM3
SIM4
1
21
22
SIM5
SIM1
SIM2
DEBUG 1 128
SIM1
SIM2
SIM3
SIM4
1
21
22
SIM5
SIM1
SIM2
SIM3
SIM4
1
21
22
SIM5
SIM1
SIM2
SIM3
SIM4
1
21
22
SIM5
SIM1
SIM2
SIM3
SIM4
1
21
22
SIM5
SIM1
SIM2
SIM3
SIM4
1
21
22
SIM5
SIM1
SIM2
SIM3
SIM4
1
21
22
SIM5
SIM1
SIM2
SIM3
SIM4
1
21
22
SIM5
SIM1
SIM2
SIM3
SIM4
1
21
22
SIM5
SIM1
SIM2
SIM3
SIM4
1
21
22
SIM5
SIM1
SIM2
SIM3
SIM4
1
21
22
SIM5
SIM1
SIM2
SIM3
SIM4
1
21
22
SIM5
SIM1
SIM2
SIM3
SIM4
1
21
22
SIM5
SIM1
SIM2
SIM3
SIM4
1
21
22
SIM5
SIM1
SIM2
SIM3
SIM4
1
21
22
SIM5
SIM1
SIM2
SIM3
SIM4
1
21
22
SIM5
SIM1
SIM2
SIM3
SIM4
1
21
22
SIM5
SIM1
SIM2
SIM3
SIM4
1
21
22
SIM5
SIM1
SIM2
SIM3
SIM4
1
21
22
SIM5
SIM1
SIM2
SIM3
SIM4
1
21
22
SIM5
SIM1
SIM2
SIM3
SIM4
1
21
22
SIM5
SIM1
SIM2
SIM3
SIM4
1
21
22
SIM5
SIM1
SIM2
SIM3
SIM4
1
21
22
SIM5
SIM1
SIM2
SIM3
SIM4
1
21
22
SIM5
SIM1
SIM2
SIM3
SIM4
1
21
22
SIM5
SIM1
SIM2
SIM3
SIM4
1
21
22
SIM5
SIM1
SIM2
SIM3
SIM4
1
21
22
SIM5
SIM1
SIM2
SIM3
SIM4
1
21
22
SIM5
SIM1
SIM2
SIM3
SIM4
1
21
22
SIM5
SIM1
SIM2
SIM3
SIM4
1
21
22
SIM5
SIM1
SIM2
SIM3
SIM4
1
21
22
SIM5
SIM1
SIM2
SIM3
SIM4
1
21
22
SIM5
SIM1
SIM2
SIM3
SIM4
1
21
22
SIM5
SIM1
SIM2
SIM3
SIM4
1
21
22
SIM5
SIM1
SIM2
SIM3
SIM4
1
21
22
SIM5
SIM1
SIM2
SIM3
SIM4
1
21
22
SIM5
SIM1
SIM2
SIM3
SIM4
1
21
22
SIM5
SIM1
SIM2
SIM3
SIM4
1
21
22
SIM5
SIM1
SIM2
SIM3
SIM4
1
21
22
SIM5
SIM1
SIM2
SIM3
SIM4
1
21
22
SIM5
SIM1
SIM2
SIM3
SIM4
1
21
22
SIM5
SIM1
SIM2
SIM3
SIM4
1
21
22
SIM5
SIM1
SIM2
SIM3
SIM4
1
21
22
SIM5
SIM1
SIM2
SIM3
SIM4
1
21
22
SIM5
SIM1
SIM2
SIM3
SIM4
1
21
22
SIM5
SIM1
SIM2
SIM3
SIM4
1
21
22
SIM5
SIM1
SIM2
SIM3
SIM4
1
21
22
SIM5
SIM1
SIM2
SIM3
SIM4
1
21
22
SIM5
SIM1
SIM2
SIM3
SIM4
1
21
22
SIM5
SIM1
SIM2
SIM3
SIM4
1
21
22
SIM5
SIM1
SIM2
SIM3
SIM4
1
21
22
SIM5
SIM1
SIM2
SIM3
SIM4
1
21
22
SIM5
SIM1
SIM2
SIM3
SIM4
1
21
22
SIM5
SIM1
SIM2
SIM3
SIM4
1
21
22
SIM5
SIM1
SIM2
SIM3
SIM4
1
21
22
SIM5
SIM1
SIM2
SIM3
SIM4
1
21
22
SIM5
SIM1
SIM2
SIM3
SIM4
1
21
22
SIM5
SIM1
SIM2
SIM3
SIM4
1
21
22
SIM5
SIM1
SIM2
SIM3
SIM4
1
21
22
SIM5
SIM1
SIM2
SIM3
SIM4
1
21
22
SIM5
SIM1
SIM2
SIM3
SIM4
1
21
22
SIM5
SIM1
SIM2
SIM3
SIM4
1
21
22
SIM5
SIM1
SIM2
SIM3
SIM4
1
21
22
SIM5
SIM1
SIM2
SIM3
SIM4
1
21
22
SIM5
SIM1
SIM2
SIM3
SIM4
1
21
22
SIM5
SIM1
SIM2
SIM3
SIM4
1
21
22
SIM5
SIM1
SIM2
SIM3
SIM4
1
21
22
SIM5
SIM1
SIM2
SIM3
SIM4
1
21
22
SIM5
SIM1
SIM2
SIM3
SIM4
1
21
22
SIM5
SIM1
SIM2
SIM3
SIM4
1
21
22
SIM5
SIM1
SIM2
SIM3
SIM4
1
21
22
SIM5
SIM1
SIM2
SIM3
SIM4
1
21
22
SIM5
SIM1
SIM2
SIM3
SIM4
1
21
22
SIM5
SIM1
SIM2
SIM3
SIM4
1
21
22
SIM5
SIM1
SIM2
SIM3
SIM4
1
21
22
SIM5
SIM1
SIM2
SIM3
SIM4
1
21
22
SIM5
SIM1
SIM2
SIM3
SIM4
1
21
22
SIM5
SIM1
SIM2
SIM3
SIM4
1
21
22
SIM5
SIM1
SIM2
SIM3
SIM4
1
21
22
SIM5
SIM1
SIM2
SIM3
SIM4
1
21
22
SIM5
SIM1
SIM2
SIM3
SIM4
1
21
22
SIM5
SIM1
SIM2
SIM3
SIM4
1
21
22
SIM5
SIM1
SIM2
SIM3
SIM4
1
21
22
SIM5
SIM1
SIM2
SIM3
SIM4
1
21
22
SIM5
SIM1
SIM2
SIM3
SIM4
1
21
22
SIM5
SIM1
SIM2
SIM3
SIM4
1
21
22
SIM5
SIM1
SIM2
SIM3
SIM4
1
21
22
SIM5
SIM1
SIM2
SIM3
SIM4
1
21
22
SIM5
SIM1
SIM2
SIM3
SIM4
1
21
22
SIM5
SIM1
SIM2
SIM3
SIM4
1
21
22
SIM5
SIM1
SIM2
SIM3
SIM4
1
21
22
SIM5
SIM1
SIM2
SIM3
SIM4
1
21
22
SIM5
SIM1
SIM2
SIM3
SIM4
1
21
22
SIM5
SIM1
SIM2
SIM3
SIM4
1
21
22
SIM5
SIM1
SIM2
SIM3
SIM4
1
21
22
SIM5
SIM1
SIM2
SIM3
SIM4
1
21
22
SIM5
SIM1
SIM2
SIM3
SIM4
1
21
22
SIM5
SIM1
SIM2
SIM3
SIM4
1
21
22
SIM5
SIM1
SIM2
SIM3
SIM4
1
21
22
SIM5
SIM1
SIM2
SIM3
SIM4
1
21
22
SIM5
SIM1
SIM2
SIM3
SIM4
1
21
22
SIM5
SIM1
SIM2
SIM3
SIM4
1
21
22
SIM5
SIM1
SIM2
SIM3
SIM4
1
21
22
SIM5
SIM1
SIM2
SIM3
SIM4
1
21
22
SIM5
SIM1
SIM2
SIM3
SIM4
1
21
22
SIM5
SIM1
SIM2
SIM3
SIM4
1
21
22
SIM5
SIM1
SIM2
SIM3
SIM4
1
21
22
SIM5
SIM1
SIM2
SIM3
SIM4
1
21
22
SIM5
SIM1
SIM2
SIM3
SIM4
1
21
22
SIM5
SIM1
SIM2
SIM3
SIM4
1
21
22
SIM5
SIM1
SIM2
SIM3
SIM4
1
21
22
SIM5
SIM1
SIM2
SIM3
SIM4
1
21
22
SIM5
SIM1
SIM2
SIM3
SIM4
1
21
22
SIM5
SIM1
SIM2
SIM3
SIM4
1
21
22
SIM5
SIM1
SIM2
SIM3
SIM4
1
21
22
SIM5
SIM1
SIM2
SIM3
SIM4
1
21
22
SIM5
SIM1
SIM2
SIM3
SIM4
1
21
22
SIM5
SIM1
SIM2
SIM3
SIM4
1
21
22
SIM5
SIM1
SIM2
SIM3
SIM4
1
21
22
SIM5
SIM1
SIM2
SIM3
SIM4
1
21
22
SIM5
SIM1
SIM2
SIM3
SIM4
1
21
22
SIM5
SIM1
SIM2
SIM3
SIM4
1
21
22
SIM5
SIM1
SIM2
SIM3
SIM4
1
21
22
SIM5
SIM1
SIM2
SIM3
SIM4
1
21
22
SIM5
SIM1
SIM2
SIM3
SIM4
1
21
22
SIM5
SIM1
SIM2
SIM3
SIM4
1
21
22
SIM5
SIM1
SIM2
SIM3
SIM4
1
21
22
SIM5
SIM1
SIM2
SIM3
SIM4
1
21
22
SIM5
SIM1
SIM2
SIM3
SIM4
1
21
22
SIM5
SIM1
SIM2
SIM3
SIM4
1
21
22
SIM5
SIM1
SIM2
SIM3
SIM4
1
21
22
SIM5
SIM1
SIM2
SIM3
SIM4
1
21
22
SIM5
SIM1
SIM2
SIM3
SIM4
1
21
22
SIM5
SIM1
SIM2
SIM3
SIM4
1
21
22
SIM5
SIM1
SIM2
SIM3
SIM4
1
21
22
SIM5
SIM1
SIM2
SIM3
SIM4
1
21
22
SIM5
SIM1
SIM2
SIM3
SIM4
1
21
22
SIM5
SIM1
SIM2
SIM3
SIM4
1
21
22
SIM5
SIM1
SIM2
SIM3
SIM4
1
21
22
SIM5
SIM1
SIM2
SIM3
SIM4
1
21
22
SIM5
SIM1
SIM2
SIM3
SIM4
1
21
22
SIM5
SIM1
SIM2
SIM3
SIM4
1
21
22
SIM5
SIM1
SIM2
SIM3
SIM4
1
21
22
SIM5
SIM1
SIM2
SIM3
SIM4
1
21
22
SIM5
SIM1
SIM2
SIM3
SIM4
1
21
22
SIM5
SIM1
SIM2
SIM3
SIM4
1
21
22
SIM5
SIM1
SIM2
SIM3
SIM4
1
21
22
SIM5
SIM1
SIM2
SIM3
SIM4
1
21
22
SIM5
SIM1
SIM2
SIM3
SIM4
1
21
22
SIM5
SIM1
SIM2
SIM3
SIM4
1
21
22
SIM5
SIM1
SIM2
SIM3
SIM4
1
21
22
SIM5
SIM1
SIM2
SIM3
SIM4
1
21
22
SIM5
SIM1
SIM2
SIM3
SIM4
1
21
22
SIM5
SIM1
SIM2
SIM3
SIM4
1
21
22
SIM5
SIM1
SIM2
SIM3
SIM4
1
21
22
SIM5
SIM1
SIM2
SIM3
SIM4
1
21
22
SIM5
SIM1
SIM2
SIM3
SIM4
1
21
22
SIM5
SIM1
SIM2
SIM3
SIM4
1
21
22
SIM5
SIM1
SIM2
SIM3
SIM4
1
21
22
SIM5
SIM1
SIM2
SIM3
SIM4
1
21
22
SIM5
SIM1
SIM2
SIM3
SIM4
1
21
22
SIM5
SIM1
SIM2
SIM3
SIM4
1
21
22
SIM5
SIM1
SIM2
SIM3
SIM4
1
21
22
SIM5
SIM1
SIM2
SIM3
SIM4
1
21
22
SIM5
SIM1
SIM2
SIM3
SIM4
1
21
22
SIM5
SIM1
SIM2
SIM3
SIM4
1
21
22
SIM5
SIM1
SIM2
SIM3
SIM4
1
21
22
SIM5
SIM1
SIM2
SIM3
SIM4
1
21
22
SIM5
SIM1
SIM2
SIM3
SIM4
1
21
22
SIM5
SIM1
SIM2
SIM3
SIM4
1
21
22
SIM5
SIM1
SIM2
SIM3
SIM4
1
21
22
SIM5
SIM1
SIM2
SIM3
SIM4
1
21
22
SIM5
SIM1
SIM2
SIM3
SIM4
1
21
22
SIM5
SIM1
SIM2
SIM3
SIM4
1
21
22
SIM5
SIM1
SIM2
SIM3
SIM4
1
21
22
SIM5
SIM1
SIM2
SIM3
SIM4
1
21
22
SIM5
SIM1
SIM2
SIM3
SIM4
1
21
22
SIM5
SIM1
SIM2
SIM3
SIM4
1
21
22
SIM5
SIM1
SIM2
SIM3
SIM4
1
21
22
SIM5
SIM1
SIM2
SIM3
SIM4
1
21
22
SIM5
SIM1
SIM2
SIM3
SIM4
1
21
22
SIM5
SIM1
SIM2
SIM3
SIM4
1
21
22
SIM5
SIM1
SIM2
SIM3
SIM4
1
21
22
SIM5
SIM1
SIM2
SIM3
SIM4
1
21
22
SIM5
SIM1
SIM2
SIM3
SIM4
1
21
22
SIM5
SIM1
SIM2
SIM3
SIM4
1
21
22
SIM5
SIM1
SIM2
SIM3
SIM4
1
21
22
SIM5
SIM1
SIM2
SIM3
SIM4
1
21
22
SIM5
SIM1
SIM2
SIM3
SIM4
1
21
22
SIM5
SIM1
SIM2
SIM3
SIM4
1
21
22
SIM5
SIM1
SIM2
SIM3
SIM4
1
21
22
SIM5
SIM1
SIM2
SIM3
SIM4
1
21
22
SIM5
SIM1
SIM2
SIM3
SIM4
1
21
22
SIM5
SIM1
SIM2
SIM3
SIM4
1
21
22
SIM5
SIM1
SIM2
SIM3
SIM4
1
21
22
SIM5
SIM1
SIM2
SIM3
SIM4
1
21
22
SIM5
SIM1
SIM2
SIM3
SIM4
1
21
22
SIM5
SIM1
SIM2
SIM3
SIM4
1
21
22
SIM5
SIM1
SIM2
SIM3
SIM4
1
21
22
SIM5
SIM1
SIM2
SIM3
SIM4
1
21
22
SIM5
SIM1
SIM2
SIM3
SIM4
1
21
22
SIM5
SIM1
SIM2
SIM3
SIM4
1
21
22
SIM5
SIM1
SIM2
SIM3
SIM4
1
21
22
SIM5
SIM1
SIM2
SIM3
SIM4
1
21
22
SIM5
SIM1
SIM2
SIM3
SIM4
1
21
22
SIM5
SIM1
SIM2
SIM3
SIM4
1
21
22
SIM5
SIM1
SIM2
SIM3
SIM4
1
21
22
SIM5
SIM1
SIM2
SIM3
SIM4
1
21
22
SIM5
SIM1
SIM2
SIM3
SIM4
1
21
22
SIM5
SIM1
SIM2
SIM3
SIM4
1
21
22
SIM5
SIM1
SIM2
DEBUG 1 129
SIM1
SIM2
SIM3
SIM4
1
21
22
SIM5
SIM1
SIM2
SIM3
SIM4
1
21
22
SIM5
SIM1
SIM2
SIM3
SIM4
1
21
22
SIM5
SIM1
SIM2
SIM3
SIM4
1
21
22
SIM5
SIM1
SIM2
SIM3
SIM4
1
21
22
SIM5
SIM1
SIM2
SIM3
SIM4
1
21
22
SIM5
SIM1
SIM2
SIM3
SIM4
1
21
22
SIM5
SIM1
SIM2
SIM3
SIM4
1
21
22
SIM5
SIM1
SIM2
SIM3
SIM4
1
21
22
SIM5
SIM1
SIM2
SIM3
SIM4
1
21
22
SIM5
SIM1
SIM2
SIM3
SIM4
1
21
22
SIM5
SIM1
SIM2
SIM3
SIM4
1
21
22
SIM5
SIM1
SIM2
SIM3
SIM4
1
21
22
SIM5
SIM1
SIM2
SIM3
SIM4
1
21
22
SIM5
SIM1
SIM2
SIM3
SIM4
1
21
22
SIM5
SIM1
SIM2
SIM3
SIM4
1
21
22
SIM5
SIM1
SIM2
SIM3
SIM4
1
21
22
SIM5
SIM1
SIM2
SIM3
SIM4
1
21
22
SIM5
SIM1
SIM2
SIM3
SIM4
1
21
22
SIM5
SIM1
SIM2
SIM3
SIM4
1
21
22
SIM5
SIM1
SIM2
SIM3
SIM4
1
21
22
SIM5
SIM1
SIM2
SIM3
SIM4
1
21
22
SIM5
SIM1
SIM2
SIM3
SIM4
1
21
22
SIM5
SIM1
SIM2
SIM3
SIM4
1
21
22
SIM5
SIM1
SIM2
SIM3
SIM4
1
21
22
SIM5
SIM1
SIM2
SIM3
SIM4
1
21
22
SIM5
SIM1
SIM2
SIM3
SIM4
1
21
22
SIM5
SIM1
SIM2
SIM3
SIM4
1
21
22
SIM5
SIM1
SIM2
SIM3
SIM4
1
21
22
SIM5
SIM1
SIM2
SIM3
SIM4
1
21
22
SIM5
SIM1
SIM2
SIM3
SIM4
1
21
22
SIM5
SIM1
SIM2
SIM3
SIM4
1
21
22
SIM5
SIM1
SIM2
SIM3
SIM4
1
21
22
SIM5
SIM1
SIM2
SIM3
SIM4
1
21
22
SIM5
SIM1
SIM2
SIM3
SIM4
1
21
22
SIM5
SIM1
SIM2
SIM3
SIM4
1
21
22
SIM5
SIM1
SIM2
SIM3
SIM4
1
21
22
SIM5
SIM1
SIM2
SIM3
SIM4
1
21
22
SIM5
SIM1
SIM2
SIM3
SIM4
1
21
22
SIM5
SIM1
SIM2
SIM3
SIM4
1
21
22
SIM5
SIM1
SIM2
SIM3
SIM4
1
21
22
SIM5
SIM1
SIM2
SIM3
SIM4
1
21
22
SIM5
SIM1
SIM2
SIM3
SIM4
1
21
22
SIM5
SIM1
SIM2
SIM3
SIM4
1
21
22
SIM5
SIM1
SIM2
SIM3
SIM4
1
21
22
SIM5
SIM1
SIM2
SIM3
SIM4
1
21
22
SIM5
SIM1
SIM2
SIM3
SIM4
1
21
22
SIM5
SIM1
SIM2
SIM3
SIM4
1
21
22
SIM5
SIM1
SIM2
SIM3
SIM4
1
21
22
SIM5
SIM1
SIM2
SIM3
SIM4
1
21
22
SIM5
SIM1
SIM2
SIM3
SIM4
1
21
22
SIM5
SIM1
SIM2
SIM3
SIM4
1
21
22
SIM5
SIM1
SIM2
SIM3
SIM4
1
21
22
SIM5
SIM1
SIM2
SIM3
SIM4
1
21
22
SIM5
SIM1
SIM2
SIM3
SIM4
1
21
22
SIM5
SIM1
SIM2
SIM3
SIM4
1
21
22
SIM5
SIM1
SIM2
SIM3
SIM4
1
21
22
SIM5
SIM1
SIM2
SIM3
SIM4
1
21
22
SIM5
SIM1
SIM2
SIM3
SIM4
1
21
22
SIM5
SIM1
SIM2
SIM3
SIM4
1
21
22
SIM5
SIM1
SIM2
SIM3
SIM4
1
21
22
SIM5
SIM1
SIM2
SIM3
SIM4
1
21
22
SIM5
SIM1
SIM2
SIM3
SIM4
1
21
22
SIM5
SIM1
SIM2
SIM3
SIM4
1
21
22
SIM5
SIM1
SIM2
SIM3
SIM4
1
21
22
SIM5
SIM1
SIM2
SIM3
SIM4
1
21
22
SIM5
SIM1
SIM2
SIM3
SIM4
1
21
22
SIM5
SIM1
SIM2
SIM3
SIM4
1
21
22
SIM5
SIM1
SIM2
SIM3
SIM4
1
21
22
SIM5
SIM1
SIM2
SIM3
SIM4
1
21
22
SIM5
SIM1
SIM2
SIM3
SIM4
1
21
22
SIM5
SIM1
SIM2
SIM3
SIM4
1
21
22
SIM5
SIM1
SIM2
SIM3
SIM4
1
21
22
SIM5
SIM1
SIM2
SIM3
SIM4
1
21
22
SIM5
SIM1
SIM2
SIM3
SIM4
1
21
22
SIM5
SIM1
SIM2
SIM3
SIM4
1
21
22
SIM5
SIM1
SIM2
SIM3
SIM4
1
21
22
SIM5
SIM1
SIM2
SIM3
SIM4
1
21
22
SIM5
SIM1
SIM2
SIM3
SIM4
1
21
22
SIM5
SIM1
SIM2
SIM3
SIM4
1
21
22
SIM5
SIM1
SIM2
SIM3
SIM4
1
21
22
SIM5
SIM1
SIM2
SIM3
SIM4
1
21
22
SIM5
SIM1
SIM2
SIM3
SIM4
1
21
22
SIM5
SIM1
SIM2
SIM3
SIM4
1
21
22
SIM5
SIM1
SIM2
SIM3
SIM4
1
21
22
SIM5
SIM1
SIM2
SIM3
SIM4
1
21
22
SIM5
SIM1
SIM2
SIM3
SIM4
1
21
22
SIM5
SIM1
SIM2
SIM3
SIM4
1
21
22
SIM5
SIM1
SIM2
SIM3
SIM4
1
21
22
SIM5
SIM1
SIM2
SIM3
SIM4
1
21
22
SIM5
SIM1
SIM2
SIM3
SIM4
1
21
22
SIM5
SIM1
SIM2
SIM3
SIM4
1
21
22
SIM5
SIM1
SIM2
SIM3
SIM4
1
21
22
SIM5
SIM1
SIM2
SIM3
SIM4
1
21
22
SIM5
SIM1
SIM2
SIM3
SIM4
1
21
22
SIM5
SIM1
SIM2
SIM3
SIM4
1
21
22
SIM5
SIM1
SIM2
SIM3
SIM4
1
21
22
SIM5
SIM1
SIM2
SIM3
SIM4
1
21
22
SIM5
SIM1
SIM2
SIM3
SIM4
1
21
22
SIM5
SIM1
SIM2
SIM3
SIM4
1
21
22
SIM5
SIM1
SIM2
SIM3
SIM4
1
21
22
SIM5
SIM1
SIM2
SIM3
SIM4
1
21
22
SIM5
SIM1
SIM2
SIM3
SIM4
1
21
22
SIM5
SIM1
SIM2
SIM3
SIM4
1
21
22
SIM5
SIM1
SIM2
SIM3
SIM4
1
21
22
SIM5
SIM1
SIM2
SIM3
SIM4
1
21
22
SIM5
SIM1
SIM2
SIM3
SIM4
1
21
22
SIM5
SIM1
SIM2
SIM3
SIM4
1
21
22
SIM5
SIM1
SIM2
SIM3
SIM4
1
21
22
SIM5
SIM1
SIM2
SIM3
SIM4
1
21
22
SIM5
SIM1
SIM2
SIM3
SIM4
1
21
22
SIM5
SIM1
SIM2
SIM3
SIM4
1
21
22
SIM5
SIM1
SIM2
SIM3
SIM4
1
21
22
SIM5
SIM1
SIM2
SIM3
SIM4
1
21
22
SIM5
SIM1
SIM2
SIM3
SIM4
1
21
22
SIM5
SIM1
SIM2
SIM3
SIM4
1
21
22
SIM5
SIM1
SIM2
SIM3
SIM4
1
21
22
SIM5
SIM1
SIM2
SIM3
SIM4
1
21
22
SIM5
SIM1
SIM2
SIM3
SIM4
1
21
22
SIM5
SIM1
SIM2
SIM3
SIM4
1
21
22
SIM5
SIM1
SIM2
SIM3
SIM4
1
21
22
SIM5
SIM1
SIM2
SIM3
SIM4
1
21
22
SIM5
SIM1
SIM2
SIM3
SIM4
1
21
22
SIM5
SIM1
SIM2
SIM3
SIM4
1
21
22
SIM5
SIM1
SIM2
SIM3
SIM4
1
21
22
SIM5
SIM1
SIM2
SIM3
SIM4
1
21
22
SIM5
SIM1
SIM2
SIM3
SIM4
1
21
22
SIM5
SIM1
SIM2
SIM3
SIM4
1
21
22
SIM5
SIM1
SIM2
SIM3
SIM4
1
21
22
SIM5
SIM1
SIM2
SIM3
SIM4
1
21
22
SIM5
SIM1
SIM2
SIM3
SIM4
1
21
22
SIM5
SIM1
SIM2
SIM3
SIM4
1
21
22
SIM5
SIM1
SIM2
SIM3
SIM4
1
21
22
SIM5
SIM1
SIM2
SIM3
SIM4
1
21
22
SIM5
SIM1
SIM2
SIM3
SIM4
1
21
22
SIM5
SIM1
SIM2
SIM3
SIM4
1
21
22
SIM5
SIM1
SIM2
SIM3
SIM4
1
21
22
SIM5
SIM1
SIM2
SIM3
SIM4
1
21
22
SIM5
SIM1
SIM2
SIM3
SIM4
1
21
22
SIM5
SIM1
SIM2
SIM3
SIM4
1
21
22
SIM5
SIM1
SIM2
SIM3
SIM4
1
21
22
SIM5
SIM1
SIM2
SIM3
SIM4
1
21
22
SIM5
SIM1
SIM2
SIM3
SIM4
1
21
22
SIM5
SIM1
SIM2
SIM3
SIM4
1
21
22
SIM5
SIM1
SIM2
SIM3
SIM4
1
21
22
SIM5
SIM1
SIM2
SIM3
SIM4
1
21
22
SIM5
SIM1
SIM2
SIM3
SIM4
1
21
22
SIM5
SIM1
SIM2
SIM3
SIM4
1
21
22
SIM5
SIM1
SIM2
SIM3
SIM4
1
21
22
SIM5
SIM1
SIM2
SIM3
SIM4
1
21
22
SIM5
SIM1
SIM2
SIM3
SIM4
1
21
22
SIM5
SIM1
SIM2
SIM3
SIM4
1
21
22
SIM5
SIM1
SIM2
SIM3
SIM4
1
21
22
SIM5
SIM1
SIM2
SIM3
SIM4
1
21
22
SIM5
SIM1
SIM2
SIM3
SIM4
1
21
22
SIM5
SIM1
SIM2
SIM3
SIM4
1
21
22
SIM5
SIM1
SIM2
SIM3
SIM4
1
21
22
SIM5
SIM1
SIM2
SIM3
SIM4
1
21
22
SIM5
SIM1
SIM2
SIM3
SIM4
1
21
22
SIM5
SIM1
SIM2
SIM3
SIM4
1
21
22
SIM5
SIM1
SIM2
SIM3
SIM4
1
21
22
SIM5
SIM1
SIM2
SIM3
SIM4
1
21
22
SIM5
SIM1
SIM2
SIM3
SIM4
1
21
22
SIM5
SIM1
SIM2
SIM3
SIM4
1
21
22
SIM5
SIM1
SIM2
SIM3
SIM4
1
21
22
SIM5
SIM1
SIM2
SIM3
SIM4
1
21
22
SIM5
SIM1
SIM2
SIM3
SIM4
1
21
22
SIM5
SIM1
SIM2
SIM3
SIM4
1
21
22
SIM5
SIM1
SIM2
SIM3
SIM4
1
21
22
SIM5
SIM1
SIM2
SIM3
SIM4
1
21
22
SIM5
SIM1
SIM2
DEBUG 1 130
SIM1
SIM2
SIM3
SIM4
1
21
22
SIM5
SIM1
SIM2
SIM3
SIM4
1
21
22
SIM5
SIM1
SIM2
SIM3
SIM4
1
21
22
SIM5
SIM1
SIM2
SIM3
SIM4
1
21
22
SIM5
SIM1
SIM2
SIM3
SIM4
1
21
22
SIM5
SIM1
SIM2
SIM3
SIM4
1
21
22
SIM5
SIM1
SIM2
SIM3
SIM4
1
21
22
SIM5
SIM1
SIM2
SIM3
SIM4
1
21
22
SIM5
SIM1
SIM2
SIM3
SIM4
1
21
22
SIM5
SIM1
SIM2
SIM3
SIM4
1
21
22
SIM5
SIM1
SIM2
SIM3
SIM4
1
21
22
SIM5
SIM1
SIM2
SIM3
SIM4
1
21
22
SIM5
SIM1
SIM2
SIM3
SIM4
1
21
22
SIM5
SIM1
SIM2
SIM3
SIM4
1
21
22
SIM5
SIM1
SIM2
SIM3
SIM4
1
21
22
SIM5
SIM1
SIM2
SIM3
SIM4
1
21
22
SIM5
SIM1
SIM2
SIM3
SIM4
1
21
22
SIM5
SIM1
SIM2
SIM3
SIM4
1
21
22
SIM5
SIM1
SIM2
SIM3
SIM4
1
21
22
SIM5
SIM1
SIM2
SIM3
SIM4
1
21
22
SIM5
SIM1
SIM2
SIM3
SIM4
1
21
22
SIM5
SIM1
SIM2
SIM3
SIM4
1
21
22
SIM5
SIM1
SIM2
SIM3
SIM4
1
21
22
SIM5
SIM1
SIM2
SIM3
SIM4
1
21
22
SIM5
SIM1
SIM2
SIM3
SIM4
1
21
22
SIM5
SIM1
SIM2
SIM3
SIM4
1
21
22
SIM5
SIM1
SIM2
SIM3
SIM4
1
21
22
SIM5
SIM1
SIM2
SIM3
SIM4
1
21
22
SIM5
SIM1
SIM2
SIM3
SIM4
1
21
22
SIM5
SIM1
SIM2
SIM3
SIM4
1
21
22
SIM5
SIM1
SIM2
SIM3
SIM4
1
21
22
SIM5
SIM1
SIM2
SIM3
SIM4
1
21
22
SIM5
SIM1
SIM2
SIM3
SIM4
1
21
22
SIM5
SIM1
SIM2
SIM3
SIM4
1
21
22
SIM5
SIM1
SIM2
SIM3
SIM4
1
21
22
SIM5
SIM1
SIM2
SIM3
SIM4
1
21
22
SIM5
SIM1
SIM2
SIM3
SIM4
1
21
22
SIM5
SIM1
SIM2
SIM3
SIM4
1
21
22
SIM5
SIM1
SIM2
SIM3
SIM4
1
21
22
SIM5
SIM1
SIM2
SIM3
SIM4
1
21
22
SIM5
SIM1
SIM2
SIM3
SIM4
1
21
22
SIM5
SIM1
SIM2
SIM3
SIM4
1
21
22
SIM5
SIM1
SIM2
SIM3
SIM4
1
21
22
SIM5
SIM1
SIM2
SIM3
SIM4
1
21
22
SIM5
SIM1
SIM2
SIM3
SIM4
1
21
22
SIM5
SIM1
SIM2
SIM3
SIM4
1
21
22
SIM5
SIM1
SIM2
SIM3
SIM4
1
21
22
SIM5
SIM1
SIM2
SIM3
SIM4
1
21
22
SIM5
SIM1
SIM2
SIM3
SIM4
1
21
22
SIM5
SIM1
SIM2
SIM3
SIM4
1
21
22
SIM5
SIM1
SIM2
SIM3
SIM4
1
21
22
SIM5
SIM1
SIM2
SIM3
SIM4
1
21
22
SIM5
SIM1
SIM2
SIM3
SIM4
1
21
22
SIM5
SIM1
SIM2
SIM3
SIM4
1
21
22
SIM5
SIM1
SIM2
SIM3
SIM4
1
21
22
SIM5
SIM1
SIM2
SIM3
SIM4
1
21
22
SIM5
SIM1
SIM2
SIM3
SIM4
1
21
22
SIM5
SIM1
SIM2
SIM3
SIM4
1
21
22
SIM5
SIM1
SIM2
SIM3
SIM4
1
21
22
SIM5
SIM1
SIM2
SIM3
SIM4
1
21
22
SIM5
SIM1
SIM2
SIM3
SIM4
1
21
22
SIM5
SIM1
SIM2
SIM3
SIM4
1
21
22
SIM5
SIM1
SIM2
SIM3
SIM4
1
21
22
SIM5
SIM1
SIM2
SIM3
SIM4
1
21
22
SIM5
SIM1
SIM2
SIM3
SIM4
1
21
22
SIM5
SIM1
SIM2
SIM3
SIM4
1
21
22
SIM5
SIM1
SIM2
SIM3
SIM4
1
21
22
SIM5
SIM1
SIM2
SIM3
SIM4
1
21
22
SIM5
SIM1
SIM2
SIM3
SIM4
1
21
22
SIM5
SIM1
SIM2
SIM3
SIM4
1
21
22
SIM5
SIM1
SIM2
SIM3
SIM4
1
21
22
SIM5
SIM1
SIM2
SIM3
SIM4
1
21
22
SIM5
SIM1
SIM2
SIM3
SIM4
1
21
22
SIM5
SIM1
SIM2
SIM3
SIM4
1
21
22
SIM5
SIM1
SIM2
SIM3
SIM4
1
21
22
SIM5
SIM1
SIM2
SIM3
SIM4
1
21
22
SIM5
SIM1
SIM2
SIM3
SIM4
1
21
22
SIM5
SIM1
SIM2
SIM3
SIM4
1
21
22
SIM5
SIM1
SIM2
SIM3
SIM4
1
21
22
SIM5
SIM1
SIM2
SIM3
SIM4
1
21
22
SIM5
SIM1
SIM2
SIM3
SIM4
1
21
22
SIM5
SIM1
SIM2
SIM3
SIM4
1
21
22
SIM5
SIM1
SIM2
SIM3
SIM4
1
21
22
SIM5
SIM1
SIM2
SIM3
SIM4
1
21
22
SIM5
SIM1
SIM2
SIM3
SIM4
1
21
22
SIM5
SIM1
SIM2
SIM3
SIM4
1
21
22
SIM5
SIM1
SIM2
SIM3
SIM4
1
21
22
SIM5
SIM1
SIM2
SIM3
SIM4
1
21
22
SIM5
SIM1
SIM2
SIM3
SIM4
1
21
22
SIM5
SIM1
SIM2
SIM3
SIM4
1
21
22
SIM5
SIM1
SIM2
SIM3
SIM4
1
21
22
SIM5
SIM1
SIM2
SIM3
SIM4
1
21
22
SIM5
SIM1
SIM2
SIM3
SIM4
1
21
22
SIM5
SIM1
SIM2
SIM3
SIM4
1
21
22
SIM5
SIM1
SIM2
SIM3
SIM4
1
21
22
SIM5
SIM1
SIM2
SIM3
SIM4
1
21
22
SIM5
SIM1
SIM2
SIM3
SIM4
1
21
22
SIM5
SIM1
SIM2
SIM3
SIM4
1
21
22
SIM5
SIM1
SIM2
SIM3
SIM4
1
21
22
SIM5
SIM1
SIM2
SIM3
SIM4
1
21
22
SIM5
SIM1
SIM2
SIM3
SIM4
1
21
22
SIM5
SIM1
SIM2
SIM3
SIM4
1
21
22
SIM5
SIM1
SIM2
SIM3
SIM4
1
21
22
SIM5
SIM1
SIM2
SIM3
SIM4
1
21
22
SIM5
SIM1
SIM2
SIM3
SIM4
1
21
22
SIM5
SIM1
SIM2
SIM3
SIM4
1
21
22
SIM5
SIM1
SIM2
SIM3
SIM4
1
21
22
SIM5
SIM1
SIM2
SIM3
SIM4
1
21
22
SIM5
SIM1
SIM2
SIM3
SIM4
1
21
22
SIM5
SIM1
SIM2
SIM3
SIM4
1
21
22
SIM5
SIM1
SIM2
SIM3
SIM4
1
21
22
SIM5
SIM1
SIM2
SIM3
SIM4
1
21
22
SIM5
SIM1
SIM2
SIM3
SIM4
1
21
22
SIM5
SIM1
SIM2
SIM3
SIM4
1
21
22
SIM5
SIM1
SIM2
SIM3
SIM4
1
21
22
SIM5
SIM1
SIM2
SIM3
SIM4
1
21
22
SIM5
SIM1
SIM2
SIM3
SIM4
1
21
22
SIM5
SIM1
SIM2
SIM3
SIM4
1
21
22
SIM5
SIM1
SIM2
SIM3
SIM4
1
21
22
SIM5
SIM1
SIM2
SIM3
SIM4
1
21
22
SIM5
SIM1
SIM2
SIM3
SIM4
1
21
22
SIM5
SIM1
SIM2
SIM3
SIM4
1
21
22
SIM5
SIM1
SIM2
SIM3
SIM4
1
21
22
SIM5
SIM1
SIM2
SIM3
SIM4
1
21
22
SIM5
SIM1
SIM2
SIM3
SIM4
1
21
22
SIM5
SIM1
SIM2
SIM3
SIM4
1
21
22
SIM5
SIM1
SIM2
SIM3
SIM4
1
21
22
SIM5
SIM1
SIM2
SIM3
SIM4
1
21
22
SIM5
SIM1
SIM2
SIM3
SIM4
1
21
22
SIM5
SIM1
SIM2
SIM3
SIM4
1
21
22
SIM5
SIM1
SIM2
SIM3
SIM4
1
21
22
SIM5
SIM1
SIM2
SIM3
SIM4
1
21
22
SIM5
SIM1
SIM2
SIM3
SIM4
1
21
22
SIM5
SIM1
SIM2
SIM3
SIM4
1
21
22
SIM5
SIM1
SIM2
SIM3
SIM4
1
21
22
SIM5
SIM1
SIM2
SIM3
SIM4
1
21
22
SIM5
SIM1
SIM2
SIM3
SIM4
1
21
22
SIM5
SIM1
SIM2
SIM3
SIM4
1
21
22
SIM5
SIM1
SIM2
SIM3
SIM4
1
21
22
SIM5
SIM1
SIM2
SIM3
SIM4
1
21
22
SIM5
SIM1
SIM2
SIM3
SIM4
1
21
22
SIM5
SIM1
SIM2
SIM3
SIM4
1
21
22
SIM5
SIM1
SIM2
SIM3
SIM4
1
21
22
SIM5
SIM1
SIM2
SIM3
SIM4
1
21
22
SIM5
SIM1
SIM2
SIM3
SIM4
1
21
22
SIM5
SIM1
SIM2
SIM3
SIM4
1
21
22
SIM5
SIM1
SIM2
SIM3
SIM4
1
21
22
SIM5
SIM1
SIM2
SIM3
SIM4
1
21
22
SIM5
SIM1
SIM2
SIM3
SIM4
1
21
22
SIM5
SIM1
SIM2
SIM3
SIM4
1
21
22
SIM5
SIM1
SIM2
SIM3
SIM4
1
21
22
SIM5
SIM1
SIM2
SIM3
SIM4
1
21
22
SIM5
SIM1
SIM2
SIM3
SIM4
1
21
22
SIM5
SIM1
SIM2
SIM3
SIM4
1
21
22
SIM5
SIM1
SIM2
SIM3
SIM4
1
21
22
SIM5
SIM1
SIM2
SIM3
SIM4
1
21
22
SIM5
SIM1
SIM2
SIM3
SIM4
1
21
22
SIM5
SIM1
SIM2
SIM3
SIM4
1
21
22
SIM5
SIM1
SIM2
SIM3
SIM4
1
21
22
SIM5
SIM1
SIM2
SIM3
SIM4
1
21
22
SIM5
SIM1
SIM2
SIM3
SIM4
1
21
22
SIM5
SIM1
SIM2
SIM3
SIM4
1
21
22
SIM5
SIM1
SIM2
SIM3
SIM4
1
21
22
SIM5
SIM1
SIM2
SIM3
SIM4
1
21
22
SIM5
SIM1
SIM2
SIM3
SIM4
1
21
22
SIM5
SIM1
SIM2
SIM3
SIM4
1
21
22
SIM5
SIM1
SIM2
SIM3
SIM4
1
21
22
SIM5
SIM1
SIM2
SIM3
SIM4
1
21
22
SIM5
SIM1
SIM2
SIM3
SIM4
1
21
22
SIM5
SIM1
SIM2
SIM3
SIM4
1
21
22
SIM5
SIM1
SIM2
SIM3
SIM4
1
21
22
SIM5
SIM1
SIM2
SIM3
SIM4
1
21
22
SIM5
SIM1
SIM2
SIM3
SIM4
1
21
22
SIM5
SIM1
SIM2
SIM3
SIM4
1
21
22
SIM5
SIM1
SIM2
SIM3
SIM4
1
21
22
SIM5
SIM1
SIM2
SIM3
SIM4
1
21
22
SIM5
SIM1
SIM2
SIM3
SIM4
1
21
22
SIM5
SIM1
SIM2
SIM3
SIM4
1
21
22
SIM5
SIM1
SIM2
SIM3
SIM4
1
21
22
SIM5
SIM1
SIM2
SIM3
SIM4
1
21
22
SIM5
SIM1
SIM2
SIM3
SIM4
1
21
22
SIM5
SIM1
SIM2
SIM3
SIM4
1
21
22
SIM5
SIM1
SIM2
SIM3
SIM4
1
21
22
SIM5
SIM1
SIM2
SIM3
SIM4
1
21
22
SIM5
SIM1
SIM2
SIM3
SIM4
1
21
22
SIM5
SIM1
SIM2
SIM3
SIM4
1
21
22
SIM5
SIM1
SIM2
SIM3
SIM4
1
21
22
SIM5
SIM1
SIM2
SIM3
SIM4
1
21
22
SIM5
SIM1
SIM2
SIM3
SIM4
1
21
22
SIM5
SIM1
SIM2
SIM3
SIM4
1
21
22
SIM5
SIM1
SIM2
SIM3
SIM4
1
21
22
SIM5
SIM1
SIM2
SIM3
SIM4
1
21
22
SIM5
SIM1
SIM2
SIM3
SIM4
1
21
22
SIM5
SIM1
SIM2
SIM3
SIM4
1
21
22
SIM5
SIM1
SIM2
SIM3
SIM4
1
21
22
SIM5
SIM1
SIM2
SIM3
SIM4
1
21
22
SIM5
SIM1
SIM2
SIM3
SIM4
1
21
22
SIM5
SIM1
SIM2
SIM3
SIM4
1
21
22
SIM5
SIM1
SIM2
SIM3
SIM4
1
21
22
SIM5
SIM1
SIM2
SIM3
SIM4
1
21
22
SIM5
SIM1
SIM2
SIM3
SIM4
1
21
22
SIM5
SIM1
SIM2
SIM3
SIM4
1
21
22
SIM5
SIM1
SIM2
SIM3
SIM4
1
21
22
SIM5
SIM1
SIM2
SIM3
SIM4
1
21
22
SIM5
SIM1
SIM2
SIM3
SIM4
1
21
22
SIM5
SIM1
SIM2
SIM3
SIM4
1
21
22
SIM5
SIM1
SIM2
SIM3
SIM4
1
21
22
SIM5
SIM1
SIM2
SIM3
SIM4
1
21
22
SIM5
SIM1
SIM2
SIM3
SIM4
1
21
22
SIM5
SIM1
SIM2
SIM3
SIM4
1
21
22
SIM5
SIM1
SIM2
SIM3
SIM4
1
21
22
SIM5
SIM1
SIM2
SIM3
SIM4
1
21
22
SIM5
SIM1
SIM2
SIM3
SIM4
1
21
22
SIM5
SIM1
SIM2
SIM3
SIM4
1
21
22
SIM5
SIM1
SIM2
SIM3
SIM4
1
21
22
SIM5
SIM1
SIM2
SIM3
SIM4
1
21
22
SIM5
SIM1
SIM2
SIM3
SIM4
1
21
22
SIM5
SIM1
SIM2
SIM3
SIM4
1
21
22
SIM5
SIM1
SIM2
SIM3
SIM4
1
21
22
SIM5
SIM1
SIM2
SIM3
SIM4
1
21
22
SIM5
SIM1
SIM2
SIM3
SIM4
1
21
22
SIM5
SIM1
SIM2
SIM3
SIM4
1
21
22
SIM5
SIM1
SIM2
SIM3
SIM4
1
21
22
SIM5
SIM1
SIM2
SIM3
SIM4
1
21
22
SIM5
SIM1
SIM2
SIM3
SIM4
1
21
22
SIM5
SIM1
SIM2
SIM3
SIM4
1
21
22
SIM5
SIM1
SIM2
SIM3
SIM4
1
21
22
SIM5
SIM1
SIM2
SIM3
SIM4
1
21
22
SIM5
SIM1
SIM2
SIM3
SIM4
1
21
22
SIM5
SIM1
SIM2
SIM3
SIM4
1
21
22
SIM5
SIM1
SIM2
SIM3
SIM4
1
21
22
SIM5
SIM1
SIM2
SIM3
SIM4
1
21
22
SIM5
SIM1
SIM2
SIM3
SIM4
1
21
22
SIM5
SIM1
SIM2
SIM3
SIM4
1
21
22
SIM5
SIM1
SIM2
SIM3
SIM4
1
21
22
SIM5
SIM1
SIM2
SIM3
SIM4
1
21
22
SIM5
SIM1
SIM2
SIM3
SIM4
1
21
22
SIM5
SIM1
SIM2
SIM3
SIM4
1
21
22
SIM5
SIM1
SIM2
SIM3
SIM4
1
21
22
SIM5
SIM1
SIM2
DEBUG 1 131
SIM1
SIM2
SIM3
SIM4
1
21
22
SIM5
SIM1
SIM2
SIM3
SIM4
1
21
22
SIM5
SIM1
SIM2
SIM3
SIM4
1
21
22
SIM5
SIM1
SIM2
SIM3
SIM4
1
21
22
SIM5
SIM1
SIM2
SIM3
SIM4
1
21
22
SIM5
SIM1
SIM2
SIM3
SIM4
1
21
22
SIM5
SIM1
SIM2
SIM3
SIM4
1
21
22
SIM5
SIM1
SIM2
SIM3
SIM4
1
21
22
SIM5
SIM1
SIM2
SIM3
SIM4
1
21
22
SIM5
SIM1
SIM2
SIM3
SIM4
1
21
22
SIM5
SIM1
SIM2
SIM3
SIM4
1
21
22
SIM5
SIM1
SIM2
SIM3
SIM4
1
21
22
SIM5
SIM1
SIM2
SIM3
SIM4
1
21
22
SIM5
SIM1
SIM2
SIM3
SIM4
1
21
22
SIM5
SIM1
SIM2
SIM3
SIM4
1
21
22
SIM5
SIM1
SIM2
SIM3
SIM4
1
21
22
SIM5
SIM1
SIM2
SIM3
SIM4
1
21
22
SIM5
SIM1
SIM2
SIM3
SIM4
1
21
22
SIM5
SIM1
SIM2
SIM3
SIM4
1
21
22
SIM5
SIM1
SIM2
SIM3
SIM4
1
21
22
SIM5
SIM1
SIM2
SIM3
SIM4
1
21
22
SIM5
SIM1
SIM2
SIM3
SIM4
1
21
22
SIM5
SIM1
SIM2
SIM3
SIM4
1
21
22
SIM5
SIM1
SIM2
SIM3
SIM4
1
21
22
SIM5
SIM1
SIM2
SIM3
SIM4
1
21
22
SIM5
SIM1
SIM2
SIM3
SIM4
1
21
22
SIM5
SIM1
SIM2
SIM3
SIM4
1
21
22
SIM5
SIM1
SIM2
SIM3
SIM4
1
21
22
SIM5
SIM1
SIM2
SIM3
SIM4
1
21
22
SIM5
SIM1
SIM2
SIM3
SIM4
1
21
22
SIM5
SIM1
SIM2
SIM3
SIM4
1
21
22
SIM5
SIM1
SIM2
SIM3
SIM4
1
21
22
SIM5
SIM1
SIM2
SIM3
SIM4
1
21
22
SIM5
SIM1
SIM2
SIM3
SIM4
1
21
22
SIM5
SIM1
SIM2
SIM3
SIM4
1
21
22
SIM5
SIM1
SIM2
SIM3
SIM4
1
21
22
SIM5
SIM1
SIM2
SIM3
SIM4
1
21
22
SIM5
SIM1
SIM2
SIM3
SIM4
1
21
22
SIM5
SIM1
SIM2
SIM3
SIM4
1
21
22
SIM5
SIM1
SIM2
SIM3
SIM4
1
21
22
SIM5
SIM1
SIM2
SIM3
SIM4
1
21
22
SIM5
SIM1
SIM2
SIM3
SIM4
1
21
22
SIM5
SIM1
SIM2
SIM3
SIM4
1
21
22
SIM5
SIM1
SIM2
SIM3
SIM4
1
21
22
SIM5
SIM1
SIM2
SIM3
SIM4
1
21
22
SIM5
SIM1
SIM2
SIM3
SIM4
1
21
22
SIM5
SIM1
SIM2
SIM3
SIM4
1
21
22
SIM5
SIM1
SIM2
SIM3
SIM4
1
21
22
SIM5
SIM1
SIM2
SIM3
SIM4
1
21
22
SIM5
SIM1
SIM2
SIM3
SIM4
1
21
22
SIM5
SIM1
SIM2
SIM3
SIM4
1
21
22
SIM5
SIM1
SIM2
SIM3
SIM4
1
21
22
SIM5
SIM1
SIM2
SIM3
SIM4
1
21
22
SIM5
SIM1
SIM2
SIM3
SIM4
1
21
22
SIM5
SIM1
SIM2
SIM3
SIM4
1
21
22
SIM5
SIM1
SIM2
SIM3
SIM4
1
21
22
SIM5
SIM1
SIM2
SIM3
SIM4
1
21
22
SIM5
SIM1
SIM2
SIM3
SIM4
1
21
22
SIM5
SIM1
SIM2
SIM3
SIM4
1
21
22
SIM5
SIM1
SIM2
SIM3
SIM4
1
21
22
SIM5
SIM1
SIM2
SIM3
SIM4
1
21
22
SIM5
SIM1
SIM2
SIM3
SIM4
1
21
22
SIM5
SIM1
SIM2
SIM3
SIM4
1
21
22
SIM5
SIM1
SIM2
SIM3
SIM4
1
21
22
SIM5
SIM1
SIM2
SIM3
SIM4
1
21
22
SIM5
SIM1
SIM2
SIM3
SIM4
1
21
22
SIM5
SIM1
SIM2
SIM3
SIM4
1
21
22
SIM5
SIM1
SIM2
SIM3
SIM4
1
21
22
SIM5
SIM1
SIM2
SIM3
SIM4
1
21
22
SIM5
SIM1
SIM2
SIM3
SIM4
1
21
22
SIM5
SIM1
SIM2
SIM3
SIM4
1
21
22
SIM5
SIM1
SIM2
SIM3
SIM4
1
21
22
SIM5
SIM1
SIM2
SIM3
SIM4
1
21
22
SIM5
SIM1
SIM2
SIM3
SIM4
1
21
22
SIM5
SIM1
SIM2
SIM3
SIM4
1
21
22
SIM5
SIM1
SIM2
SIM3
SIM4
1
21
22
SIM5
SIM1
SIM2
SIM3
SIM4
1
21
22
SIM5
SIM1
SIM2
SIM3
SIM4
1
21
22
SIM5
SIM1
SIM2
SIM3
SIM4
1
21
22
SIM5
SIM1
SIM2
SIM3
SIM4
1
21
22
SIM5
SIM1
SIM2
SIM3
SIM4
1
21
22
SIM5
SIM1
SIM2
SIM3
SIM4
1
21
22
SIM5
SIM1
SIM2
SIM3
SIM4
1
21
22
SIM5
SIM1
SIM2
SIM3
SIM4
1
21
22
SIM5
SIM1
SIM2
SIM3
SIM4
1
21
22
SIM5
SIM1
SIM2
SIM3
SIM4
1
21
22
SIM5
SIM1
SIM2
SIM3
SIM4
1
21
22
SIM5
SIM1
SIM2
SIM3
SIM4
1
21
22
SIM5
SIM1
SIM2
SIM3
SIM4
1
21
22
SIM5
SIM1
SIM2
SIM3
SIM4
1
21
22
SIM5
SIM1
SIM2
SIM3
SIM4
1
21
22
SIM5
SIM1
SIM2
SIM3
SIM4
1
21
22
SIM5
SIM1
SIM2
SIM3
SIM4
1
21
22
SIM5
SIM1
SIM2
SIM3
SIM4
1
21
22
SIM5
SIM1
SIM2
SIM3
SIM4
1
21
22
SIM5
SIM1
SIM2
SIM3
SIM4
1
21
22
SIM5
SIM1
SIM2
SIM3
SIM4
1
21
22
SIM5
SIM1
SIM2
SIM3
SIM4
1
21
22
SIM5
SIM1
SIM2
SIM3
SIM4
1
21
22
SIM5
SIM1
SIM2
SIM3
SIM4
1
21
22
SIM5
SIM1
SIM2
SIM3
SIM4
1
21
22
SIM5
SIM1
SIM2
SIM3
SIM4
1
21
22
SIM5
SIM1
SIM2
SIM3
SIM4
1
21
22
SIM5
SIM1
SIM2
SIM3
SIM4
1
21
22
SIM5
SIM1
SIM2
SIM3
SIM4
1
21
22
SIM5
SIM1
SIM2
SIM3
SIM4
1
21
22
SIM5
SIM1
SIM2
SIM3
SIM4
1
21
22
SIM5
SIM1
SIM2
SIM3
SIM4
1
21
22
SIM5
SIM1
SIM2
SIM3
SIM4
1
21
22
SIM5
SIM1
SIM2
SIM3
SIM4
1
21
22
SIM5
SIM1
SIM2
SIM3
SIM4
1
21
22
SIM5
SIM1
SIM2
SIM3
SIM4
1
21
22
SIM5
SIM1
SIM2
SIM3
SIM4
1
21
22
SIM5
SIM1
SIM2
SIM3
SIM4
1
21
22
SIM5
SIM1
SIM2
SIM3
SIM4
1
21
22
SIM5
SIM1
SIM2
SIM3
SIM4
1
21
22
SIM5
SIM1
SIM2
SIM3
SIM4
1
21
22
SIM5
SIM1
SIM2
SIM3
SIM4
1
21
22
SIM5
SIM1
SIM2
SIM3
SIM4
1
21
22
SIM5
SIM1
SIM2
SIM3
SIM4
1
21
22
SIM5
SIM1
SIM2
SIM3
SIM4
1
21
22
SIM5
SIM1
SIM2
SIM3
SIM4
1
21
22
SIM5
SIM1
SIM2
SIM3
SIM4
1
21
22
SIM5
SIM1
SIM2
SIM3
SIM4
1
21
22
SIM5
SIM1
SIM2
SIM3
SIM4
1
21
22
SIM5
SIM1
SIM2
SIM3
SIM4
1
21
22
SIM5
SIM1
SIM2
SIM3
SIM4
1
21
22
SIM5
SIM1
SIM2
SIM3
SIM4
1
21
22
SIM5
SIM1
SIM2
SIM3
SIM4
1
21
22
SIM5
SIM1
SIM2
SIM3
SIM4
1
21
22
SIM5
SIM1
SIM2
SIM3
SIM4
1
21
22
SIM5
SIM1
SIM2
SIM3
SIM4
1
21
22
SIM5
SIM1
SIM2
SIM3
SIM4
1
21
22
SIM5
SIM1
SIM2
SIM3
SIM4
1
21
22
SIM5
SIM1
SIM2
SIM3
SIM4
1
21
22
SIM5
SIM1
SIM2
SIM3
SIM4
1
21
22
SIM5
SIM1
SIM2
SIM3
SIM4
1
21
22
SIM5
SIM1
SIM2
SIM3
SIM4
1
21
22
SIM5
SIM1
SIM2
SIM3
SIM4
1
21
22
SIM5
SIM1
SIM2
SIM3
SIM4
1
21
22
SIM5
SIM1
SIM2
SIM3
SIM4
1
21
22
SIM5
SIM1
SIM2
SIM3
SIM4
1
21
22
SIM5
SIM1
SIM2
SIM3
SIM4
1
21
22
SIM5
SIM1
SIM2
SIM3
SIM4
1
21
22
SIM5
SIM1
SIM2
SIM3
SIM4
1
21
22
SIM5
SIM1
SIM2
SIM3
SIM4
1
21
22
SIM5
SIM1
SIM2
SIM3
SIM4
1
21
22
SIM5
SIM1
SIM2
SIM3
SIM4
1
21
22
SIM5
SIM1
SIM2
SIM3
SIM4
1
21
22
SIM5
SIM1
SIM2
SIM3
SIM4
1
21
22
SIM5
SIM1
SIM2
SIM3
SIM4
1
21
22
SIM5
SIM1
SIM2
SIM3
SIM4
1
21
22
SIM5
SIM1
SIM2
SIM3
SIM4
1
21
22
SIM5
SIM1
SIM2
SIM3
SIM4
1
21
22
SIM5
SIM1
SIM2
SIM3
SIM4
1
21
22
SIM5
SIM1
SIM2
SIM3
SIM4
1
21
22
SIM5
SIM1
SIM2
SIM3
SIM4
1
21
22
SIM5
SIM1
SIM2
SIM3
SIM4
1
21
22
SIM5
SIM1
SIM2
SIM3
SIM4
1
21
22
SIM5
SIM1
SIM2
SIM3
SIM4
1
21
22
SIM5
SIM1
SIM2
SIM3
SIM4
1
21
22
SIM5
SIM1
SIM2
SIM3
SIM4
1
21
22
SIM5
SIM1
SIM2
SIM3
SIM4
1
21
22
SIM5
SIM1
SIM2
SIM3
SIM4
1
21
22
SIM5
SIM1
SIM2
SIM3
SIM4
1
21
22
SIM5
SIM1
SIM2
SIM3
SIM4
1
21
22
SIM5
SIM1
SIM2
SIM3
SIM4
1
21
22
SIM5
SIM1
SIM2
SIM3
SIM4
1
21
22
SIM5
SIM1
SIM2
SIM3
SIM4
1
21
22
SIM5
SIM1
SIM2
SIM3
SIM4
1
21
22
SIM5
SIM1
SIM2
SIM3
SIM4
1
21
22
SIM5
SIM1
SIM2
SIM3
SIM4
1
21
22
SIM5
SIM1
SIM2
SIM3
SIM4
1
21
22
SIM5
SIM1
SIM2
SIM3
SIM4
1
21
22
SIM5
SIM1
SIM2
SIM3
SIM4
1
21
22
SIM5
SIM1
SIM2
DEBUG 1 132
SIM1
SIM2
SIM3
SIM4
1
21
22
SIM5
SIM1
SIM2
SIM3
SIM4
1
21
22
SIM5
SIM1
SIM2
SIM3
SIM4
1
21
22
SIM5
SIM1
SIM2
SIM3
SIM4
1
21
22
SIM5
SIM1
SIM2
SIM3
SIM4
1
21
22
SIM5
SIM1
SIM2
SIM3
SIM4
1
21
22
SIM5
SIM1
SIM2
SIM3
SIM4
1
21
22
SIM5
SIM1
SIM2
SIM3
SIM4
1
21
22
SIM5
SIM1
SIM2
SIM3
SIM4
1
21
22
SIM5
SIM1
SIM2
SIM3
SIM4
1
21
22
SIM5
SIM1
SIM2
SIM3
SIM4
1
21
22
SIM5
SIM1
SIM2
SIM3
SIM4
1
21
22
SIM5
SIM1
SIM2
SIM3
SIM4
1
21
22
SIM5
SIM1
SIM2
SIM3
SIM4
1
21
22
SIM5
SIM1
SIM2
SIM3
SIM4
1
21
22
SIM5
SIM1
SIM2
SIM3
SIM4
1
21
22
SIM5
SIM1
SIM2
SIM3
SIM4
1
21
22
SIM5
SIM1
SIM2
SIM3
SIM4
1
21
22
SIM5
SIM1
SIM2
SIM3
SIM4
1
21
22
SIM5
SIM1
SIM2
SIM3
SIM4
1
21
22
SIM5
SIM1
SIM2
SIM3
SIM4
1
21
22
SIM5
SIM1
SIM2
SIM3
SIM4
1
21
22
SIM5
SIM1
SIM2
SIM3
SIM4
1
21
22
SIM5
SIM1
SIM2
SIM3
SIM4
1
21
22
SIM5
SIM1
SIM2
SIM3
SIM4
1
21
22
SIM5
SIM1
SIM2
SIM3
SIM4
1
21
22
SIM5
SIM1
SIM2
SIM3
SIM4
1
21
22
SIM5
SIM1
SIM2
SIM3
SIM4
1
21
22
SIM5
SIM1
SIM2
SIM3
SIM4
1
21
22
SIM5
SIM1
SIM2
SIM3
SIM4
1
21
22
SIM5
SIM1
SIM2
SIM3
SIM4
1
21
22
SIM5
SIM1
SIM2
SIM3
SIM4
1
21
22
SIM5
SIM1
SIM2
SIM3
SIM4
1
21
22
SIM5
SIM1
SIM2
SIM3
SIM4
1
21
22
SIM5
SIM1
SIM2
SIM3
SIM4
1
21
22
SIM5
SIM1
SIM2
SIM3
SIM4
1
21
22
SIM5
SIM1
SIM2
SIM3
SIM4
1
21
22
SIM5
SIM1
SIM2
SIM3
SIM4
1
21
22
SIM5
SIM1
SIM2
SIM3
SIM4
1
21
22
SIM5
SIM1
SIM2
SIM3
SIM4
1
21
22
SIM5
SIM1
SIM2
SIM3
SIM4
1
21
22
SIM5
SIM1
SIM2
SIM3
SIM4
1
21
22
SIM5
SIM1
SIM2
SIM3
SIM4
1
21
22
SIM5
SIM1
SIM2
SIM3
SIM4
1
21
22
SIM5
SIM1
SIM2
SIM3
SIM4
1
21
22
SIM5
SIM1
SIM2
SIM3
SIM4
1
21
22
SIM5
SIM1
SIM2
SIM3
SIM4
1
21
22
SIM5
SIM1
SIM2
SIM3
SIM4
1
21
22
SIM5
SIM1
SIM2
SIM3
SIM4
1
21
22
SIM5
SIM1
SIM2
SIM3
SIM4
1
21
22
SIM5
SIM1
SIM2
SIM3
SIM4
1
21
22
SIM5
SIM1
SIM2
SIM3
SIM4
1
21
22
SIM5
SIM1
SIM2
SIM3
SIM4
1
21
22
SIM5
SIM1
SIM2
SIM3
SIM4
1
21
22
SIM5
SIM1
SIM2
SIM3
SIM4
1
21
22
SIM5
SIM1
SIM2
SIM3
SIM4
1
21
22
SIM5
SIM1
SIM2
SIM3
SIM4
1
21
22
SIM5
SIM1
SIM2
SIM3
SIM4
1
21
22
SIM5
SIM1
SIM2
SIM3
SIM4
1
21
22
SIM5
SIM1
SIM2
SIM3
SIM4
1
21
22
SIM5
SIM1
SIM2
SIM3
SIM4
1
21
22
SIM5
SIM1
SIM2
SIM3
SIM4
1
21
22
SIM5
SIM1
SIM2
SIM3
SIM4
1
21
22
SIM5
SIM1
SIM2
SIM3
SIM4
1
21
22
SIM5
SIM1
SIM2
SIM3
SIM4
1
21
22
SIM5
SIM1
SIM2
SIM3
SIM4
1
21
22
SIM5
SIM1
SIM2
SIM3
SIM4
1
21
22
SIM5
SIM1
SIM2
SIM3
SIM4
1
21
22
SIM5
SIM1
SIM2
SIM3
SIM4
1
21
22
SIM5
SIM1
SIM2
SIM3
SIM4
1
21
22
SIM5
SIM1
SIM2
SIM3
SIM4
1
21
22
SIM5
SIM1
SIM2
SIM3
SIM4
1
21
22
SIM5
SIM1
SIM2
SIM3
SIM4
1
21
22
SIM5
SIM1
SIM2
SIM3
SIM4
1
21
22
SIM5
SIM1
SIM2
SIM3
SIM4
1
21
22
SIM5
SIM1
SIM2
SIM3
SIM4
1
21
22
SIM5
SIM1
SIM2
SIM3
SIM4
1
21
22
SIM5
SIM1
SIM2
SIM3
SIM4
1
21
22
SIM5
SIM1
SIM2
SIM3
SIM4
1
21
22
SIM5
SIM1
SIM2
SIM3
SIM4
1
21
22
SIM5
SIM1
SIM2
SIM3
SIM4
1
21
22
SIM5
SIM1
SIM2
SIM3
SIM4
1
21
22
SIM5
SIM1
SIM2
SIM3
SIM4
1
21
22
SIM5
SIM1
SIM2
SIM3
SIM4
1
21
22
SIM5
SIM1
SIM2
SIM3
SIM4
1
21
22
SIM5
SIM1
SIM2
SIM3
SIM4
1
21
22
SIM5
SIM1
SIM2
SIM3
SIM4
1
21
22
SIM5
SIM1
SIM2
SIM3
SIM4
1
21
22
SIM5
SIM1
SIM2
SIM3
SIM4
1
21
22
SIM5
SIM1
SIM2
SIM3
SIM4
1
21
22
SIM5
SIM1
SIM2
SIM3
SIM4
1
21
22
SIM5
SIM1
SIM2
SIM3
SIM4
1
21
22
SIM5
SIM1
SIM2
SIM3
SIM4
1
21
22
SIM5
SIM1
SIM2
SIM3
SIM4
1
21
22
SIM5
SIM1
SIM2
SIM3
SIM4
1
21
22
SIM5
SIM1
SIM2
SIM3
SIM4
1
21
22
SIM5
SIM1
SIM2
SIM3
SIM4
1
21
22
SIM5
SIM1
SIM2
SIM3
SIM4
1
21
22
SIM5
SIM1
SIM2
SIM3
SIM4
1
21
22
SIM5
SIM1
SIM2
SIM3
SIM4
1
21
22
SIM5
SIM1
SIM2
SIM3
SIM4
1
21
22
SIM5
SIM1
SIM2
SIM3
SIM4
1
21
22
SIM5
SIM1
SIM2
SIM3
SIM4
1
21
22
SIM5
SIM1
SIM2
SIM3
SIM4
1
21
22
SIM5
SIM1
SIM2
SIM3
SIM4
1
21
22
SIM5
SIM1
SIM2
SIM3
SIM4
1
21
22
SIM5
SIM1
SIM2
SIM3
SIM4
1
21
22
SIM5
SIM1
SIM2
SIM3
SIM4
1
21
22
SIM5
SIM1
SIM2
SIM3
SIM4
1
21
22
SIM5
SIM1
SIM2
SIM3
SIM4
1
21
22
SIM5
SIM1
SIM2
SIM3
SIM4
1
21
22
SIM5
SIM1
SIM2
SIM3
SIM4
1
21
22
SIM5
SIM1
SIM2
SIM3
SIM4
1
21
22
SIM5
SIM1
SIM2
SIM3
SIM4
1
21
22
SIM5
SIM1
SIM2
SIM3
SIM4
1
21
22
SIM5
SIM1
SIM2
SIM3
SIM4
1
21
22
SIM5
SIM1
SIM2
SIM3
SIM4
1
21
22
SIM5
SIM1
SIM2
SIM3
SIM4
1
21
22
SIM5
SIM1
SIM2
SIM3
SIM4
1
21
22
SIM5
SIM1
SIM2
SIM3
SIM4
1
21
22
SIM5
SIM1
SIM2
SIM3
SIM4
1
21
22
SIM5
SIM1
SIM2
SIM3
SIM4
1
21
22
SIM5
SIM1
SIM2
SIM3
SIM4
1
21
22
SIM5
SIM1
SIM2
SIM3
SIM4
1
21
22
SIM5
SIM1
SIM2
SIM3
SIM4
1
21
22
SIM5
SIM1
SIM2
SIM3
SIM4
1
21
22
SIM5
SIM1
SIM2
SIM3
SIM4
1
21
22
SIM5
SIM1
SIM2
SIM3
SIM4
1
21
22
SIM5
SIM1
SIM2
SIM3
SIM4
1
21
22
SIM5
SIM1
SIM2
SIM3
SIM4
1
21
22
SIM5
SIM1
SIM2
SIM3
SIM4
1
21
22
SIM5
SIM1
SIM2
SIM3
SIM4
1
21
22
SIM5
SIM1
SIM2
SIM3
SIM4
1
21
22
SIM5
SIM1
SIM2
SIM3
SIM4
1
21
22
SIM5
SIM1
SIM2
SIM3
SIM4
1
21
22
SIM5
SIM1
SIM2
SIM3
SIM4
1
21
22
SIM5
SIM1
SIM2
SIM3
SIM4
1
21
22
SIM5
SIM1
SIM2
SIM3
SIM4
1
21
22
SIM5
SIM1
SIM2
SIM3
SIM4
1
21
22
SIM5
SIM1
SIM2
SIM3
SIM4
1
21
22
SIM5
SIM1
SIM2
SIM3
SIM4
1
21
22
SIM5
SIM1
SIM2
SIM3
SIM4
1
21
22
SIM5
SIM1
SIM2
SIM3
SIM4
1
21
22
SIM5
SIM1
SIM2
SIM3
SIM4
1
21
22
SIM5
SIM1
SIM2
SIM3
SIM4
1
21
22
SIM5
SIM1
SIM2
SIM3
SIM4
1
21
22
SIM5
SIM1
SIM2
SIM3
SIM4
1
21
22
SIM5
SIM1
SIM2
SIM3
SIM4
1
21
22
SIM5
SIM1
SIM2
SIM3
SIM4
1
21
22
SIM5
SIM1
SIM2
SIM3
SIM4
1
21
22
SIM5
SIM1
SIM2
SIM3
SIM4
1
21
22
SIM5
SIM1
SIM2
SIM3
SIM4
1
21
22
SIM5
SIM1
SIM2
SIM3
SIM4
1
21
22
SIM5
SIM1
SIM2
SIM3
SIM4
1
21
22
SIM5
SIM1
SIM2
SIM3
SIM4
1
21
22
SIM5
SIM1
SIM2
SIM3
SIM4
1
21
22
SIM5
SIM1
SIM2
SIM3
SIM4
1
21
22
SIM5
SIM1
SIM2
SIM3
SIM4
1
21
22
SIM5
SIM1
SIM2
SIM3
SIM4
1
21
22
SIM5
SIM1
SIM2
SIM3
SIM4
1
21
22
SIM5
SIM1
SIM2
SIM3
SIM4
1
21
22
SIM5
SIM1
SIM2
SIM3
SIM4
1
21
22
SIM5
SIM1
SIM2
SIM3
SIM4
1
21
22
SIM5
SIM1
SIM2
SIM3
SIM4
1
21
22
SIM5
SIM1
SIM2
SIM3
SIM4
1
21
22
SIM5
SIM1
SIM2
SIM3
SIM4
1
21
22
SIM5
SIM1
SIM2
SIM3
SIM4
1
21
22
SIM5
SIM1
SIM2
SIM3
SIM4
1
21
22
SIM5
SIM1
SIM2
SIM3
SIM4
1
21
22
SIM5
SIM1
SIM2
SIM3
SIM4
1
21
22
SIM5
SIM1
SIM2
SIM3
SIM4
1
21
22
SIM5
SIM1
SIM2
SIM3
SIM4
1
21
22
SIM5
SIM1
SIM2
SIM3
SIM4
1
21
22
SIM5
SIM1
SIM2
DEBUG 1 133
SIM1
SIM2
SIM3
SIM4
1
21
22
SIM5
SIM1
SIM2
SIM3
SIM4
1
21
22
SIM5
SIM1
SIM2
SIM3
SIM4
1
21
22
SIM5
SIM1
SIM2
SIM3
SIM4
1
21
22
SIM5
SIM1
SIM2
SIM3
SIM4
1
21
22
SIM5
SIM1
SIM2
SIM3
SIM4
1
21
22
SIM5
SIM1
SIM2
SIM3
SIM4
1
21
22
SIM5
SIM1
SIM2
SIM3
SIM4
1
21
22
SIM5
SIM1
SIM2
SIM3
SIM4
1
21
22
SIM5
SIM1
SIM2
SIM3
SIM4
1
21
22
SIM5
SIM1
SIM2
SIM3
SIM4
1
21
22
SIM5
SIM1
SIM2
SIM3
SIM4
1
21
22
SIM5
SIM1
SIM2
SIM3
SIM4
1
21
22
SIM5
SIM1
SIM2
SIM3
SIM4
1
21
22
SIM5
SIM1
SIM2
SIM3
SIM4
1
21
22
SIM5
SIM1
SIM2
SIM3
SIM4
1
21
22
SIM5
SIM1
SIM2
SIM3
SIM4
1
21
22
SIM5
SIM1
SIM2
SIM3
SIM4
1
21
22
SIM5
SIM1
SIM2
SIM3
SIM4
1
21
22
SIM5
SIM1
SIM2
SIM3
SIM4
1
21
22
SIM5
SIM1
SIM2
SIM3
SIM4
1
21
22
SIM5
SIM1
SIM2
SIM3
SIM4
1
21
22
SIM5
SIM1
SIM2
SIM3
SIM4
1
21
22
SIM5
SIM1
SIM2
SIM3
SIM4
1
21
22
SIM5
SIM1
SIM2
SIM3
SIM4
1
21
22
SIM5
SIM1
SIM2
SIM3
SIM4
1
21
22
SIM5
SIM1
SIM2
SIM3
SIM4
1
21
22
SIM5
SIM1
SIM2
SIM3
SIM4
1
21
22
SIM5
SIM1
SIM2
SIM3
SIM4
1
21
22
SIM5
SIM1
SIM2
SIM3
SIM4
1
21
22
SIM5
SIM1
SIM2
SIM3
SIM4
1
21
22
SIM5
SIM1
SIM2
SIM3
SIM4
1
21
22
SIM5
SIM1
SIM2
SIM3
SIM4
1
21
22
SIM5
SIM1
SIM2
SIM3
SIM4
1
21
22
SIM5
SIM1
SIM2
SIM3
SIM4
1
21
22
SIM5
SIM1
SIM2
SIM3
SIM4
1
21
22
SIM5
SIM1
SIM2
SIM3
SIM4
1
21
22
SIM5
SIM1
SIM2
SIM3
SIM4
1
21
22
SIM5
SIM1
SIM2
SIM3
SIM4
1
21
22
SIM5
SIM1
SIM2
SIM3
SIM4
1
21
22
SIM5
SIM1
SIM2
SIM3
SIM4
1
21
22
SIM5
SIM1
SIM2
SIM3
SIM4
1
21
22
SIM5
SIM1
SIM2
SIM3
SIM4
1
21
22
SIM5
SIM1
SIM2
SIM3
SIM4
1
21
22
SIM5
SIM1
SIM2
SIM3
SIM4
1
21
22
SIM5
SIM1
SIM2
SIM3
SIM4
1
21
22
SIM5
SIM1
SIM2
SIM3
SIM4
1
21
22
SIM5
SIM1
SIM2
SIM3
SIM4
1
21
22
SIM5
SIM1
SIM2
SIM3
SIM4
1
21
22
SIM5
SIM1
SIM2
SIM3
SIM4
1
21
22
SIM5
SIM1
SIM2
SIM3
SIM4
1
21
22
SIM5
SIM1
SIM2
SIM3
SIM4
1
21
22
SIM5
SIM1
SIM2
SIM3
SIM4
1
21
22
SIM5
SIM1
SIM2
SIM3
SIM4
1
21
22
SIM5
SIM1
SIM2
SIM3
SIM4
1
21
22
SIM5
SIM1
SIM2
SIM3
SIM4
1
21
22
SIM5
SIM1
SIM2
SIM3
SIM4
1
21
22
SIM5
SIM1
SIM2
SIM3
SIM4
1
21
22
SIM5
SIM1
SIM2
SIM3
SIM4
1
21
22
SIM5
SIM1
SIM2
SIM3
SIM4
1
21
22
SIM5
SIM1
SIM2
SIM3
SIM4
1
21
22
SIM5
SIM1
SIM2
SIM3
SIM4
1
21
22
SIM5
SIM1
SIM2
SIM3
SIM4
1
21
22
SIM5
SIM1
SIM2
SIM3
SIM4
1
21
22
SIM5
SIM1
SIM2
SIM3
SIM4
1
21
22
SIM5
SIM1
SIM2
SIM3
SIM4
1
21
22
SIM5
SIM1
SIM2
SIM3
SIM4
1
21
22
SIM5
SIM1
SIM2
SIM3
SIM4
1
21
22
SIM5
SIM1
SIM2
SIM3
SIM4
1
21
22
SIM5
SIM1
SIM2
SIM3
SIM4
1
21
22
SIM5
SIM1
SIM2
SIM3
SIM4
1
21
22
SIM5
SIM1
SIM2
SIM3
SIM4
1
21
22
SIM5
SIM1
SIM2
SIM3
SIM4
1
21
22
SIM5
SIM1
SIM2
SIM3
SIM4
1
21
22
SIM5
SIM1
SIM2
SIM3
SIM4
1
21
22
SIM5
SIM1
SIM2
SIM3
SIM4
1
21
22
SIM5
SIM1
SIM2
SIM3
SIM4
1
21
22
SIM5
SIM1
SIM2
SIM3
SIM4
1
21
22
SIM5
SIM1
SIM2
SIM3
SIM4
1
21
22
SIM5
SIM1
SIM2
SIM3
SIM4
1
21
22
SIM5
SIM1
SIM2
SIM3
SIM4
1
21
22
SIM5
SIM1
SIM2
SIM3
SIM4
1
21
22
SIM5
SIM1
SIM2
SIM3
SIM4
1
21
22
SIM5
SIM1
SIM2
SIM3
SIM4
1
21
22
SIM5
SIM1
SIM2
SIM3
SIM4
1
21
22
SIM5
SIM1
SIM2
SIM3
SIM4
1
21
22
SIM5
SIM1
SIM2
SIM3
SIM4
1
21
22
SIM5
SIM1
SIM2
SIM3
SIM4
1
21
22
SIM5
SIM1
SIM2
SIM3
SIM4
1
21
22
SIM5
SIM1
SIM2
SIM3
SIM4
1
21
22
SIM5
SIM1
SIM2
SIM3
SIM4
1
21
22
SIM5
SIM1
SIM2
SIM3
SIM4
1
21
22
SIM5
SIM1
SIM2
SIM3
SIM4
1
21
22
SIM5
SIM1
SIM2
SIM3
SIM4
1
21
22
SIM5
SIM1
SIM2
SIM3
SIM4
1
21
22
SIM5
SIM1
SIM2
SIM3
SIM4
1
21
22
SIM5
SIM1
SIM2
SIM3
SIM4
1
21
22
SIM5
SIM1
SIM2
SIM3
SIM4
1
21
22
SIM5
SIM1
SIM2
SIM3
SIM4
1
21
22
SIM5
SIM1
SIM2
SIM3
SIM4
1
21
22
SIM5
SIM1
SIM2
SIM3
SIM4
1
21
22
SIM5
SIM1
SIM2
SIM3
SIM4
1
21
22
SIM5
SIM1
SIM2
SIM3
SIM4
1
21
22
SIM5
SIM1
SIM2
SIM3
SIM4
1
21
22
SIM5
SIM1
SIM2
SIM3
SIM4
1
21
22
SIM5
SIM1
SIM2
SIM3
SIM4
1
21
22
SIM5
SIM1
SIM2
SIM3
SIM4
1
21
22
SIM5
SIM1
SIM2
SIM3
SIM4
1
21
22
SIM5
SIM1
SIM2
SIM3
SIM4
1
21
22
SIM5
SIM1
SIM2
SIM3
SIM4
1
21
22
SIM5
SIM1
SIM2
SIM3
SIM4
1
21
22
SIM5
SIM1
SIM2
SIM3
SIM4
1
21
22
SIM5
SIM1
SIM2
SIM3
SIM4
1
21
22
SIM5
SIM1
SIM2
SIM3
SIM4
1
21
22
SIM5
SIM1
SIM2
SIM3
SIM4
1
21
22
SIM5
SIM1
SIM2
SIM3
SIM4
1
21
22
SIM5
SIM1
SIM2
SIM3
SIM4
1
21
22
SIM5
SIM1
SIM2
SIM3
SIM4
1
21
22
SIM5
SIM1
SIM2
SIM3
SIM4
1
21
22
SIM5
SIM1
SIM2
SIM3
SIM4
1
21
22
SIM5
SIM1
SIM2
SIM3
SIM4
1
21
22
SIM5
SIM1
SIM2
SIM3
SIM4
1
21
22
SIM5
SIM1
SIM2
SIM3
SIM4
1
21
22
SIM5
SIM1
SIM2
SIM3
SIM4
1
21
22
SIM5
SIM1
SIM2
SIM3
SIM4
1
21
22
SIM5
SIM1
SIM2
SIM3
SIM4
1
21
22
SIM5
SIM1
SIM2
SIM3
SIM4
1
21
22
SIM5
SIM1
SIM2
SIM3
SIM4
1
21
22
SIM5
SIM1
SIM2
SIM3
SIM4
1
21
22
SIM5
SIM1
SIM2
SIM3
SIM4
1
21
22
SIM5
SIM1
SIM2
SIM3
SIM4
1
21
22
SIM5
SIM1
SIM2
SIM3
SIM4
1
21
22
SIM5
SIM1
SIM2
SIM3
SIM4
1
21
22
SIM5
SIM1
SIM2
SIM3
SIM4
1
21
22
SIM5
SIM1
SIM2
SIM3
SIM4
1
21
22
SIM5
SIM1
SIM2
SIM3
SIM4
1
21
22
SIM5
SIM1
SIM2
SIM3
SIM4
1
21
22
SIM5
SIM1
SIM2
SIM3
SIM4
1
21
22
SIM5
SIM1
SIM2
SIM3
SIM4
1
21
22
SIM5
SIM1
SIM2
SIM3
SIM4
1
21
22
SIM5
SIM1
SIM2
SIM3
SIM4
1
21
22
SIM5
SIM1
SIM2
SIM3
SIM4
1
21
22
SIM5
SIM1
SIM2
SIM3
SIM4
1
21
22
SIM5
SIM1
SIM2
SIM3
SIM4
1
21
22
SIM5
SIM1
SIM2
SIM3
SIM4
1
21
22
SIM5
SIM1
SIM2
SIM3
SIM4
1
21
22
SIM5
SIM1
SIM2
SIM3
SIM4
1
21
22
SIM5
SIM1
SIM2
SIM3
SIM4
1
21
22
SIM5
SIM1
SIM2
SIM3
SIM4
1
21
22
SIM5
SIM1
SIM2
SIM3
SIM4
1
21
22
SIM5
SIM1
SIM2
SIM3
SIM4
1
21
22
SIM5
SIM1
SIM2
SIM3
SIM4
1
21
22
SIM5
SIM1
SIM2
SIM3
SIM4
1
21
22
SIM5
SIM1
SIM2
SIM3
SIM4
1
21
22
SIM5
SIM1
SIM2
SIM3
SIM4
1
21
22
SIM5
SIM1
SIM2
SIM3
SIM4
1
21
22
SIM5
SIM1
SIM2
SIM3
SIM4
1
21
22
SIM5
SIM1
SIM2
SIM3
SIM4
1
21
22
SIM5
SIM1
SIM2
SIM3
SIM4
1
21
22
SIM5
SIM1
SIM2
SIM3
SIM4
1
21
22
SIM5
SIM1
SIM2
SIM3
SIM4
1
21
22
SIM5
SIM1
SIM2
SIM3
SIM4
1
21
22
SIM5
SIM1
SIM2
SIM3
SIM4
1
21
22
SIM5
SIM1
SIM2
SIM3
SIM4
1
21
22
SIM5
SIM1
SIM2
SIM3
SIM4
1
21
22
SIM5
SIM1
SIM2
SIM3
SIM4
1
21
22
SIM5
SIM1
SIM2
SIM3
SIM4
1
21
22
SIM5
SIM1
SIM2
SIM3
SIM4
1
21
22
SIM5
SIM1
SIM2
DEBUG 1 134
SIM1
SIM2
SIM3
SIM4
1
21
22
SIM5
SIM1
SIM2
SIM3
SIM4
1
21
22
SIM5
SIM1
SIM2
SIM3
SIM4
1
21
22
SIM5
SIM1
SIM2
SIM3
SIM4
1
21
22
SIM5
SIM1
SIM2
SIM3
SIM4
1
21
22
SIM5
SIM1
SIM2
SIM3
SIM4
1
21
22
SIM5
SIM1
SIM2
SIM3
SIM4
1
21
22
SIM5
SIM1
SIM2
SIM3
SIM4
1
21
22
SIM5
SIM1
SIM2
SIM3
SIM4
1
21
22
SIM5
SIM1
SIM2
SIM3
SIM4
1
21
22
SIM5
SIM1
SIM2
SIM3
SIM4
1
21
22
SIM5
SIM1
SIM2
SIM3
SIM4
1
21
22
SIM5
SIM1
SIM2
SIM3
SIM4
1
21
22
SIM5
SIM1
SIM2
SIM3
SIM4
1
21
22
SIM5
SIM1
SIM2
SIM3
SIM4
1
21
22
SIM5
SIM1
SIM2
SIM3
SIM4
1
21
22
SIM5
SIM1
SIM2
SIM3
SIM4
1
21
22
SIM5
SIM1
SIM2
SIM3
SIM4
1
21
22
SIM5
SIM1
SIM2
SIM3
SIM4
1
21
22
SIM5
SIM1
SIM2
SIM3
SIM4
1
21
22
SIM5
SIM1
SIM2
SIM3
SIM4
1
21
22
SIM5
SIM1
SIM2
SIM3
SIM4
1
21
22
SIM5
SIM1
SIM2
SIM3
SIM4
1
21
22
SIM5
SIM1
SIM2
SIM3
SIM4
1
21
22
SIM5
SIM1
SIM2
SIM3
SIM4
1
21
22
SIM5
SIM1
SIM2
SIM3
SIM4
1
21
22
SIM5
SIM1
SIM2
SIM3
SIM4
1
21
22
SIM5
SIM1
SIM2
SIM3
SIM4
1
21
22
SIM5
SIM1
SIM2
SIM3
SIM4
1
21
22
SIM5
SIM1
SIM2
SIM3
SIM4
1
21
22
SIM5
SIM1
SIM2
SIM3
SIM4
1
21
22
SIM5
SIM1
SIM2
SIM3
SIM4
1
21
22
SIM5
SIM1
SIM2
SIM3
SIM4
1
21
22
SIM5
SIM1
SIM2
SIM3
SIM4
1
21
22
SIM5
SIM1
SIM2
SIM3
SIM4
1
21
22
SIM5
SIM1
SIM2
SIM3
SIM4
1
21
22
SIM5
SIM1
SIM2
SIM3
SIM4
1
21
22
SIM5
SIM1
SIM2
SIM3
SIM4
1
21
22
SIM5
SIM1
SIM2
SIM3
SIM4
1
21
22
SIM5
SIM1
SIM2
SIM3
SIM4
1
21
22
SIM5
SIM1
SIM2
SIM3
SIM4
1
21
22
SIM5
SIM1
SIM2
SIM3
SIM4
1
21
22
SIM5
SIM1
SIM2
SIM3
SIM4
1
21
22
SIM5
SIM1
SIM2
SIM3
SIM4
1
21
22
SIM5
SIM1
SIM2
SIM3
SIM4
1
21
22
SIM5
SIM1
SIM2
SIM3
SIM4
1
21
22
SIM5
SIM1
SIM2
SIM3
SIM4
1
21
22
SIM5
SIM1
SIM2
SIM3
SIM4
1
21
22
SIM5
SIM1
SIM2
SIM3
SIM4
1
21
22
SIM5
SIM1
SIM2
SIM3
SIM4
1
21
22
SIM5
SIM1
SIM2
SIM3
SIM4
1
21
22
SIM5
SIM1
SIM2
SIM3
SIM4
1
21
22
SIM5
SIM1
SIM2
SIM3
SIM4
1
21
22
SIM5
SIM1
SIM2
SIM3
SIM4
1
21
22
SIM5
SIM1
SIM2
SIM3
SIM4
1
21
22
SIM5
SIM1
SIM2
SIM3
SIM4
1
21
22
SIM5
SIM1
SIM2
SIM3
SIM4
1
21
22
SIM5
SIM1
SIM2
SIM3
SIM4
1
21
22
SIM5
SIM1
SIM2
SIM3
SIM4
1
21
22
SIM5
SIM1
SIM2
SIM3
SIM4
1
21
22
SIM5
SIM1
SIM2
SIM3
SIM4
1
21
22
SIM5
SIM1
SIM2
SIM3
SIM4
1
21
22
SIM5
SIM1
SIM2
SIM3
SIM4
1
21
22
SIM5
SIM1
SIM2
SIM3
SIM4
1
21
22
SIM5
SIM1
SIM2
SIM3
SIM4
1
21
22
SIM5
SIM1
SIM2
SIM3
SIM4
1
21
22
SIM5
SIM1
SIM2
SIM3
SIM4
1
21
22
SIM5
SIM1
SIM2
SIM3
SIM4
1
21
22
SIM5
SIM1
SIM2
SIM3
SIM4
1
21
22
SIM5
SIM1
SIM2
SIM3
SIM4
1
21
22
SIM5
SIM1
SIM2
SIM3
SIM4
1
21
22
SIM5
SIM1
SIM2
SIM3
SIM4
1
21
22
SIM5
SIM1
SIM2
SIM3
SIM4
1
21
22
SIM5
SIM1
SIM2
SIM3
SIM4
1
21
22
SIM5
SIM1
SIM2
SIM3
SIM4
1
21
22
SIM5
SIM1
SIM2
SIM3
SIM4
1
21
22
SIM5
SIM1
SIM2
SIM3
SIM4
1
21
22
SIM5
SIM1
SIM2
SIM3
SIM4
1
21
22
SIM5
SIM1
SIM2
SIM3
SIM4
1
21
22
SIM5
SIM1
SIM2
SIM3
SIM4
1
21
22
SIM5
SIM1
SIM2
SIM3
SIM4
1
21
22
SIM5
SIM1
SIM2
SIM3
SIM4
1
21
22
SIM5
SIM1
SIM2
SIM3
SIM4
1
21
22
SIM5
SIM1
SIM2
SIM3
SIM4
1
21
22
SIM5
SIM1
SIM2
SIM3
SIM4
1
21
22
SIM5
SIM1
SIM2
SIM3
SIM4
1
21
22
SIM5
SIM1
SIM2
SIM3
SIM4
1
21
22
SIM5
SIM1
SIM2
SIM3
SIM4
1
21
22
SIM5
SIM1
SIM2
SIM3
SIM4
1
21
22
SIM5
SIM1
SIM2
SIM3
SIM4
1
21
22
SIM5
SIM1
SIM2
SIM3
SIM4
1
21
22
SIM5
SIM1
SIM2
SIM3
SIM4
1
21
22
SIM5
SIM1
SIM2
SIM3
SIM4
1
21
22
SIM5
SIM1
SIM2
SIM3
SIM4
1
21
22
SIM5
SIM1
SIM2
SIM3
SIM4
1
21
22
SIM5
SIM1
SIM2
SIM3
SIM4
1
21
22
SIM5
SIM1
SIM2
SIM3
SIM4
1
21
22
SIM5
SIM1
SIM2
SIM3
SIM4
1
21
22
SIM5
SIM1
SIM2
SIM3
SIM4
1
21
22
SIM5
SIM1
SIM2
SIM3
SIM4
1
21
22
SIM5
SIM1
SIM2
SIM3
SIM4
1
21
22
SIM5
SIM1
SIM2
SIM3
SIM4
1
21
22
SIM5
SIM1
SIM2
SIM3
SIM4
1
21
22
SIM5
SIM1
SIM2
SIM3
SIM4
1
21
22
SIM5
SIM1
SIM2
SIM3
SIM4
1
21
22
SIM5
SIM1
SIM2
SIM3
SIM4
1
21
22
SIM5
SIM1
SIM2
SIM3
SIM4
1
21
22
SIM5
SIM1
SIM2
SIM3
SIM4
1
21
22
SIM5
SIM1
SIM2
SIM3
SIM4
1
21
22
SIM5
SIM1
SIM2
SIM3
SIM4
1
21
22
SIM5
SIM1
SIM2
SIM3
SIM4
1
21
22
SIM5
SIM1
SIM2
SIM3
SIM4
1
21
22
SIM5
SIM1
SIM2
SIM3
SIM4
1
21
22
SIM5
SIM1
SIM2
SIM3
SIM4
1
21
22
SIM5
SIM1
SIM2
SIM3
SIM4
1
21
22
SIM5
SIM1
SIM2
SIM3
SIM4
1
21
22
SIM5
SIM1
SIM2
SIM3
SIM4
1
21
22
SIM5
SIM1
SIM2
SIM3
SIM4
1
21
22
SIM5
SIM1
SIM2
SIM3
SIM4
1
21
22
SIM5
SIM1
SIM2
SIM3
SIM4
1
21
22
SIM5
SIM1
SIM2
SIM3
SIM4
1
21
22
SIM5
SIM1
SIM2
SIM3
SIM4
1
21
22
SIM5
SIM1
SIM2
SIM3
SIM4
1
21
22
SIM5
SIM1
SIM2
SIM3
SIM4
1
21
22
SIM5
SIM1
SIM2
SIM3
SIM4
1
21
22
SIM5
SIM1
SIM2
SIM3
SIM4
1
21
22
SIM5
SIM1
SIM2
SIM3
SIM4
1
21
22
SIM5
SIM1
SIM2
SIM3
SIM4
1
21
22
SIM5
SIM1
SIM2
SIM3
SIM4
1
21
22
SIM5
SIM1
SIM2
SIM3
SIM4
1
21
22
SIM5
SIM1
SIM2
SIM3
SIM4
1
21
22
SIM5
SIM1
SIM2
SIM3
SIM4
1
21
22
SIM5
SIM1
SIM2
SIM3
SIM4
1
21
22
SIM5
SIM1
SIM2
SIM3
SIM4
1
21
22
SIM5
SIM1
SIM2
SIM3
SIM4
1
21
22
SIM5
SIM1
SIM2
SIM3
SIM4
1
21
22
SIM5
SIM1
SIM2
SIM3
SIM4
1
21
22
SIM5
SIM1
SIM2
SIM3
SIM4
1
21
22
SIM5
SIM1
SIM2
SIM3
SIM4
1
21
22
SIM5
SIM1
SIM2
SIM3
SIM4
1
21
22
SIM5
SIM1
SIM2
SIM3
SIM4
1
21
22
SIM5
SIM1
SIM2
SIM3
SIM4
1
21
22
SIM5
SIM1
SIM2
SIM3
SIM4
1
21
22
SIM5
SIM1
SIM2
SIM3
SIM4
1
21
22
SIM5
SIM1
SIM2
SIM3
SIM4
1
21
22
SIM5
SIM1
SIM2
SIM3
SIM4
1
21
22
SIM5
SIM1
SIM2
SIM3
SIM4
1
21
22
SIM5
SIM1
SIM2
SIM3
SIM4
1
21
22
SIM5
SIM1
SIM2
SIM3
SIM4
1
21
22
SIM5
SIM1
SIM2
SIM3
SIM4
1
21
22
SIM5
SIM1
SIM2
SIM3
SIM4
1
21
22
SIM5
SIM1
SIM2
SIM3
SIM4
1
21
22
SIM5
SIM1
SIM2
SIM3
SIM4
1
21
22
SIM5
SIM1
SIM2
SIM3
SIM4
1
21
22
SIM5
SIM1
SIM2
SIM3
SIM4
1
21
22
SIM5
SIM1
SIM2
SIM3
SIM4
1
21
22
SIM5
SIM1
SIM2
SIM3
SIM4
1
21
22
SIM5
SIM1
SIM2
SIM3
SIM4
1
21
22
SIM5
SIM1
SIM2
SIM3
SIM4
1
21
22
SIM5
SIM1
SIM2
SIM3
SIM4
1
21
22
SIM5
SIM1
SIM2
SIM3
SIM4
1
21
22
SIM5
SIM1
SIM2
SIM3
SIM4
1
21
22
SIM5
SIM1
SIM2
SIM3
SIM4
1
21
22
SIM5
SIM1
SIM2
SIM3
SIM4
1
21
22
SIM5
SIM1
SIM2
SIM3
SIM4
1
21
22
SIM5
SIM1
SIM2
SIM3
SIM4
1
21
22
SIM5
SIM1
SIM2
SIM3
SIM4
1
21
22
SIM5
SIM1
SIM2
SIM3
SIM4
1
21
22
SIM5
SIM1
SIM2
SIM3
SIM4
1
21
22
SIM5
SIM1
SIM2
SIM3
SIM4
1
21
22
SIM5
SIM1
SIM2
SIM3
SIM4
1
21
22
SIM5
SIM1
SIM2
SIM3
SIM4
1
21
22
SIM5
SIM1
SIM2
SIM3
SIM4
1
21
22
SIM5
SIM1
SIM2
SIM3
SIM4
1
21
22
SIM5
SIM1
SIM2
SIM3
SIM4
1
21
22
SIM5
SIM1
SIM2
SIM3
SIM4
1
21
22
SIM5
SIM1
SIM2
SIM3
SIM4
1
21
22
SIM5
SIM1
SIM2
SIM3
SIM4
1
21
22
SIM5
SIM1
SIM2
SIM3
SIM4
1
21
22
SIM5
SIM1
SIM2
SIM3
SIM4
1
21
22
SIM5
SIM1
SIM2
SIM3
SIM4
1
21
22
SIM5
SIM1
SIM2
SIM3
SIM4
1
21
22
SIM5
SIM1
SIM2
SIM3
SIM4
1
21
22
SIM5
SIM1
SIM2
SIM3
SIM4
1
21
22
SIM5
SIM1
SIM2
SIM3
SIM4
1
21
22
SIM5
SIM1
SIM2
SIM3
SIM4
1
21
22
SIM5
SIM1
SIM2
SIM3
SIM4
1
21
22
SIM5
SIM1
SIM2
SIM3
SIM4
1
21
22
SIM5
SIM1
SIM2
SIM3
SIM4
1
21
22
SIM5
SIM1
SIM2
SIM3
SIM4
1
21
22
SIM5
SIM1
SIM2
SIM3
SIM4
1
21
22
SIM5
SIM1
SIM2
SIM3
SIM4
1
21
22
SIM5
SIM1
SIM2
SIM3
SIM4
1
21
22
SIM5
SIM1
SIM2
SIM3
SIM4
1
21
22
SIM5
SIM1
SIM2
SIM3
SIM4
1
21
22
SIM5
SIM1
SIM2
SIM3
SIM4
1
21
22
SIM5
SIM1
SIM2
SIM3
SIM4
1
21
22
SIM5
SIM1
SIM2
SIM3
SIM4
1
21
22
SIM5
SIM1
SIM2
SIM3
SIM4
1
21
22
SIM5
SIM1
SIM2
SIM3
SIM4
1
21
22
SIM5
SIM1
SIM2
SIM3
SIM4
1
21
22
SIM5
SIM1
SIM2
SIM3
SIM4
1
21
22
SIM5
SIM1
SIM2
SIM3
SIM4
1
21
22
SIM5
SIM1
SIM2
SIM3
SIM4
1
21
22
SIM5
SIM1
SIM2
SIM3
SIM4
1
21
22
SIM5
SIM1
SIM2
SIM3
SIM4
1
21
22
SIM5
SIM1
SIM2
SIM3
SIM4
1
21
22
SIM5
SIM1
SIM2
SIM3
SIM4
1
21
22
SIM5
SIM1
SIM2
SIM3
SIM4
1
21
22
SIM5
SIM1
SIM2
SIM3
SIM4
1
21
22
SIM5
SIM1
SIM2
SIM3
SIM4
1
21
22
SIM5
SIM1
SIM2
SIM3
SIM4
1
21
22
SIM5
SIM1
SIM2
SIM3
SIM4
1
21
22
SIM5
SIM1
SIM2
SIM3
SIM4
1
21
22
SIM5
SIM1
SIM2
SIM3
SIM4
1
21
22
SIM5
SIM1
SIM2
SIM3
SIM4
1
21
22
SIM5
SIM1
SIM2
SIM3
SIM4
1
21
22
SIM5
SIM1
SIM2
SIM3
SIM4
1
21
22
SIM5
SIM1
SIM2
SIM3
SIM4
1
21
22
SIM5
SIM1
SIM2
SIM3
SIM4
1
21
22
SIM5
SIM1
SIM2
SIM3
SIM4
1
21
22
SIM5
SIM1
SIM2
SIM3
SIM4
1
21
22
SIM5
SIM1
SIM2
SIM3
SIM4
1
21
22
SIM5
SIM1
SIM2
SIM3
SIM4
1
21
22
SIM5
SIM1
SIM2
SIM3
SIM4
1
21
22
SIM5
SIM1
SIM2
SIM3
SIM4
1
21
22
SIM5
SIM1
SIM2
SIM3
SIM4
1
21
22
SIM5
SIM1
SIM2
SIM3
SIM4
1
21
22
SIM5
SIM1
SIM2
SIM3
SIM4
1
21
22
SIM5
SIM1
SIM2
SIM3
SIM4
1
21
22
SIM5
SIM1
SIM2
SIM3
SIM4
1
21
22
SIM5
SIM1
SIM2
SIM3
SIM4
1
21
22
SIM5
SIM1
SIM2
SIM3
SIM4
1
21
22
SIM5
SIM1
SIM2
SIM3
SIM4
1
21
22
SIM5
SIM1
SIM2
SIM3
SIM4
1
21
22
SIM5
SIM1
SIM2
SIM3
SIM4
1
21
22
SIM5
SIM1
SIM2
SIM3
SIM4
1
21
22
SIM5
SIM1
SIM2
SIM3
SIM4
1
21
22
SIM5
SIM1
SIM2
SIM3
SIM4
1
21
22
SIM5
SIM1
SIM2
SIM3
SIM4
1
21
22
SIM5
SIM1
SIM2
SIM3
SIM4
1
21
22
SIM5
SIM1
SIM2
DEBUG 1 135
SIM1
SIM2
SIM3
SIM4
1
21
22
SIM5
SIM1
SIM2
SIM3
SIM4
1
21
22
SIM5
SIM1
SIM2
SIM3
SIM4
1
21
22
SIM5
SIM1
SIM2
SIM3
SIM4
1
21
22
SIM5
SIM1
SIM2
SIM3
SIM4
1
21
22
SIM5
SIM1
SIM2
SIM3
SIM4
1
21
22
SIM5
SIM1
SIM2
SIM3
SIM4
1
21
22
SIM5
SIM1
SIM2
SIM3
SIM4
1
21
22
SIM5
SIM1
SIM2
SIM3
SIM4
1
21
22
SIM5
SIM1
SIM2
SIM3
SIM4
1
21
22
SIM5
SIM1
SIM2
SIM3
SIM4
1
21
22
SIM5
SIM1
SIM2
SIM3
SIM4
1
21
22
SIM5
SIM1
SIM2
SIM3
SIM4
1
21
22
SIM5
SIM1
SIM2
SIM3
SIM4
1
21
22
SIM5
SIM1
SIM2
SIM3
SIM4
1
21
22
SIM5
SIM1
SIM2
SIM3
SIM4
1
21
22
SIM5
SIM1
SIM2
SIM3
SIM4
1
21
22
SIM5
SIM1
SIM2
SIM3
SIM4
1
21
22
SIM5
SIM1
SIM2
SIM3
SIM4
1
21
22
SIM5
SIM1
SIM2
SIM3
SIM4
1
21
22
SIM5
SIM1
SIM2
SIM3
SIM4
1
21
22
SIM5
SIM1
SIM2
SIM3
SIM4
1
21
22
SIM5
SIM1
SIM2
SIM3
SIM4
1
21
22
SIM5
SIM1
SIM2
SIM3
SIM4
1
21
22
SIM5
SIM1
SIM2
SIM3
SIM4
1
21
22
SIM5
SIM1
SIM2
SIM3
SIM4
1
21
22
SIM5
SIM1
SIM2
SIM3
SIM4
1
21
22
SIM5
SIM1
SIM2
SIM3
SIM4
1
21
22
SIM5
SIM1
SIM2
SIM3
SIM4
1
21
22
SIM5
SIM1
SIM2
SIM3
SIM4
1
21
22
SIM5
SIM1
SIM2
SIM3
SIM4
1
21
22
SIM5
SIM1
SIM2
SIM3
SIM4
1
21
22
SIM5
SIM1
SIM2
SIM3
SIM4
1
21
22
SIM5
SIM1
SIM2
SIM3
SIM4
1
21
22
SIM5
SIM1
SIM2
SIM3
SIM4
1
21
22
SIM5
SIM1
SIM2
SIM3
SIM4
1
21
22
SIM5
SIM1
SIM2
SIM3
SIM4
1
21
22
SIM5
SIM1
SIM2
SIM3
SIM4
1
21
22
SIM5
SIM1
SIM2
SIM3
SIM4
1
21
22
SIM5
SIM1
SIM2
SIM3
SIM4
1
21
22
SIM5
SIM1
SIM2
SIM3
SIM4
1
21
22
SIM5
SIM1
SIM2
SIM3
SIM4
1
21
22
SIM5
SIM1
SIM2
SIM3
SIM4
1
21
22
SIM5
SIM1
SIM2
SIM3
SIM4
1
21
22
SIM5
SIM1
SIM2
SIM3
SIM4
1
21
22
SIM5
SIM1
SIM2
SIM3
SIM4
1
21
22
SIM5
SIM1
SIM2
SIM3
SIM4
1
21
22
SIM5
SIM1
SIM2
SIM3
SIM4
1
21
22
SIM5
SIM1
SIM2
SIM3
SIM4
1
21
22
SIM5
SIM1
SIM2
SIM3
SIM4
1
21
22
SIM5
SIM1
SIM2
SIM3
SIM4
1
21
22
SIM5
SIM1
SIM2
SIM3
SIM4
1
21
22
SIM5
SIM1
SIM2
SIM3
SIM4
1
21
22
SIM5
SIM1
SIM2
SIM3
SIM4
1
21
22
SIM5
SIM1
SIM2
SIM3
SIM4
1
21
22
SIM5
SIM1
SIM2
SIM3
SIM4
1
21
22
SIM5
SIM1
SIM2
SIM3
SIM4
1
21
22
SIM5
SIM1
SIM2
SIM3
SIM4
1
21
22
SIM5
SIM1
SIM2
SIM3
SIM4
1
21
22
SIM5
SIM1
SIM2
SIM3
SIM4
1
21
22
SIM5
SIM1
SIM2
SIM3
SIM4
1
21
22
SIM5
SIM1
SIM2
SIM3
SIM4
1
21
22
SIM5
SIM1
SIM2
SIM3
SIM4
1
21
22
SIM5
SIM1
SIM2
SIM3
SIM4
1
21
22
SIM5
SIM1
SIM2
SIM3
SIM4
1
21
22
SIM5
SIM1
SIM2
SIM3
SIM4
1
21
22
SIM5
SIM1
SIM2
SIM3
SIM4
1
21
22
SIM5
SIM1
SIM2
SIM3
SIM4
1
21
22
SIM5
SIM1
SIM2
SIM3
SIM4
1
21
22
SIM5
SIM1
SIM2
SIM3
SIM4
1
21
22
SIM5
SIM1
SIM2
SIM3
SIM4
1
21
22
SIM5
SIM1
SIM2
SIM3
SIM4
1
21
22
SIM5
SIM1
SIM2
SIM3
SIM4
1
21
22
SIM5
SIM1
SIM2
SIM3
SIM4
1
21
22
SIM5
SIM1
SIM2
SIM3
SIM4
1
21
22
SIM5
SIM1
SIM2
SIM3
SIM4
1
21
22
SIM5
SIM1
SIM2
SIM3
SIM4
1
21
22
SIM5
SIM1
SIM2
SIM3
SIM4
1
21
22
SIM5
SIM1
SIM2
SIM3
SIM4
1
21
22
SIM5
SIM1
SIM2
SIM3
SIM4
1
21
22
SIM5
SIM1
SIM2
SIM3
SIM4
1
21
22
SIM5
SIM1
SIM2
SIM3
SIM4
1
21
22
SIM5
SIM1
SIM2
SIM3
SIM4
1
21
22
SIM5
SIM1
SIM2
SIM3
SIM4
1
21
22
SIM5
SIM1
SIM2
SIM3
SIM4
1
21
22
SIM5
SIM1
SIM2
SIM3
SIM4
1
21
22
SIM5
SIM1
SIM2
SIM3
SIM4
1
21
22
SIM5
SIM1
SIM2
SIM3
SIM4
1
21
22
SIM5
SIM1
SIM2
SIM3
SIM4
1
21
22
SIM5
SIM1
SIM2
SIM3
SIM4
1
21
22
SIM5
SIM1
SIM2
SIM3
SIM4
1
21
22
SIM5
SIM1
SIM2
SIM3
SIM4
1
21
22
SIM5
SIM1
SIM2
SIM3
SIM4
1
21
22
SIM5
SIM1
SIM2
SIM3
SIM4
1
21
22
SIM5
SIM1
SIM2
SIM3
SIM4
1
21
22
SIM5
SIM1
SIM2
SIM3
SIM4
1
21
22
SIM5
SIM1
SIM2
SIM3
SIM4
1
21
22
SIM5
SIM1
SIM2
SIM3
SIM4
1
21
22
SIM5
SIM1
SIM2
SIM3
SIM4
1
21
22
SIM5
SIM1
SIM2
SIM3
SIM4
1
21
22
SIM5
SIM1
SIM2
SIM3
SIM4
1
21
22
SIM5
SIM1
SIM2
SIM3
SIM4
1
21
22
SIM5
SIM1
SIM2
SIM3
SIM4
1
21
22
SIM5
SIM1
SIM2
SIM3
SIM4
1
21
22
SIM5
SIM1
SIM2
SIM3
SIM4
1
21
22
SIM5
SIM1
SIM2
SIM3
SIM4
1
21
22
SIM5
SIM1
SIM2
SIM3
SIM4
1
21
22
SIM5
SIM1
SIM2
SIM3
SIM4
1
21
22
SIM5
SIM1
SIM2
SIM3
SIM4
1
21
22
SIM5
SIM1
SIM2
SIM3
SIM4
1
21
22
SIM5
SIM1
SIM2
SIM3
SIM4
1
21
22
SIM5
SIM1
SIM2
SIM3
SIM4
1
21
22
SIM5
SIM1
SIM2
SIM3
SIM4
1
21
22
SIM5
SIM1
SIM2
SIM3
SIM4
1
21
22
SIM5
SIM1
SIM2
SIM3
SIM4
1
21
22
SIM5
SIM1
SIM2
SIM3
SIM4
1
21
22
SIM5
SIM1
SIM2
SIM3
SIM4
1
21
22
SIM5
SIM1
SIM2
SIM3
SIM4
1
21
22
SIM5
SIM1
SIM2
SIM3
SIM4
1
21
22
SIM5
SIM1
SIM2
SIM3
SIM4
1
21
22
SIM5
SIM1
SIM2
SIM3
SIM4
1
21
22
SIM5
SIM1
SIM2
SIM3
SIM4
1
21
22
SIM5
SIM1
SIM2
SIM3
SIM4
1
21
22
SIM5
SIM1
SIM2
SIM3
SIM4
1
21
22
SIM5
SIM1
SIM2
SIM3
SIM4
1
21
22
SIM5
SIM1
SIM2
SIM3
SIM4
1
21
22
SIM5
SIM1
SIM2
SIM3
SIM4
1
21
22
SIM5
SIM1
SIM2
SIM3
SIM4
1
21
22
SIM5
SIM1
SIM2
SIM3
SIM4
1
21
22
SIM5
SIM1
SIM2
SIM3
SIM4
1
21
22
SIM5
SIM1
SIM2
SIM3
SIM4
1
21
22
SIM5
SIM1
SIM2
SIM3
SIM4
1
21
22
SIM5
SIM1
SIM2
SIM3
SIM4
1
21
22
SIM5
SIM1
SIM2
SIM3
SIM4
1
21
22
SIM5
SIM1
SIM2
SIM3
SIM4
1
21
22
SIM5
SIM1
SIM2
SIM3
SIM4
1
21
22
SIM5
SIM1
SIM2
SIM3
SIM4
1
21
22
SIM5
SIM1
SIM2
SIM3
SIM4
1
21
22
SIM5
SIM1
SIM2
SIM3
SIM4
1
21
22
SIM5
SIM1
SIM2
SIM3
SIM4
1
21
22
SIM5
SIM1
SIM2
SIM3
SIM4
1
21
22
SIM5
SIM1
SIM2
SIM3
SIM4
1
21
22
SIM5
SIM1
SIM2
SIM3
SIM4
1
21
22
SIM5
SIM1
SIM2
SIM3
SIM4
1
21
22
SIM5
SIM1
SIM2
SIM3
SIM4
1
21
22
SIM5
SIM1
SIM2
SIM3
SIM4
1
21
22
SIM5
SIM1
SIM2
SIM3
SIM4
1
21
22
SIM5
SIM1
SIM2
SIM3
SIM4
1
21
22
SIM5
SIM1
SIM2
SIM3
SIM4
1
21
22
SIM5
SIM1
SIM2
SIM3
SIM4
1
21
22
SIM5
SIM1
SIM2
SIM3
SIM4
1
21
22
SIM5
SIM1
SIM2
SIM3
SIM4
1
21
22
SIM5
SIM1
SIM2
SIM3
SIM4
1
21
22
SIM5
SIM1
SIM2
SIM3
SIM4
1
21
22
SIM5
SIM1
SIM2
SIM3
SIM4
1
21
22
SIM5
SIM1
SIM2
SIM3
SIM4
1
21
22
SIM5
SIM1
SIM2
SIM3
SIM4
1
21
22
SIM5
SIM1
SIM2
SIM3
SIM4
1
21
22
SIM5
SIM1
SIM2
SIM3
SIM4
1
21
22
SIM5
SIM1
SIM2
SIM3
SIM4
1
21
22
SIM5
SIM1
SIM2
SIM3
SIM4
1
21
22
SIM5
SIM1
SIM2
SIM3
SIM4
1
21
22
SIM5
SIM1
SIM2
SIM3
SIM4
1
21
22
SIM5
SIM1
SIM2
SIM3
SIM4
1
21
22
SIM5
SIM1
SIM2
SIM3
SIM4
1
21
22
SIM5
SIM1
SIM2
SIM3
SIM4
1
21
22
SIM5
SIM1
SIM2
SIM3
SIM4
1
21
22
SIM5
SIM1
SIM2
SIM3
SIM4
1
21
22
SIM5
SIM1
SIM2
SIM3
SIM4
1
21
22
SIM5
SIM1
SIM2
SIM3
SIM4
1
21
22
SIM5
SIM1
SIM2
SIM3
SIM4
1
21
22
SIM5
SIM1
SIM2
SIM3
SIM4
1
21
22
SIM5
SIM1
SIM2
SIM3
SIM4
1
21
22
SIM5
SIM1
SIM2
SIM3
SIM4
1
21
22
SIM5
SIM1
SIM2
SIM3
SIM4
1
21
22
SIM5
SIM1
SIM2
SIM3
SIM4
1
21
22
SIM5
SIM1
SIM2
SIM3
SIM4
1
21
22
SIM5
SIM1
SIM2
SIM3
SIM4
1
21
22
SIM5
SIM1
SIM2
SIM3
SIM4
1
21
22
SIM5
SIM1
SIM2
SIM3
SIM4
1
21
22
SIM5
SIM1
SIM2
SIM3
SIM4
1
21
22
SIM5
SIM1
SIM2
SIM3
SIM4
1
21
22
SIM5
SIM1
SIM2
SIM3
SIM4
1
21
22
SIM5
SIM1
SIM2
SIM3
SIM4
1
21
22
SIM5
SIM1
SIM2
DEBUG 1 136
SIM1
SIM2
SIM3
SIM4
1
21
22
SIM5
SIM1
SIM2
SIM3
SIM4
1
21
22
SIM5
SIM1
SIM2
SIM3
SIM4
1
21
22
SIM5
SIM1
SIM2
SIM3
SIM4
1
21
22
SIM5
SIM1
SIM2
SIM3
SIM4
1
21
22
SIM5
SIM1
SIM2
SIM3
SIM4
1
21
22
SIM5
SIM1
SIM2
SIM3
SIM4
1
21
22
SIM5
SIM1
SIM2
SIM3
SIM4
1
21
22
SIM5
SIM1
SIM2
SIM3
SIM4
1
21
22
SIM5
SIM1
SIM2
SIM3
SIM4
1
21
22
SIM5
SIM1
SIM2
SIM3
SIM4
1
21
22
SIM5
SIM1
SIM2
SIM3
SIM4
1
21
22
SIM5
SIM1
SIM2
SIM3
SIM4
1
21
22
SIM5
SIM1
SIM2
SIM3
SIM4
1
21
22
SIM5
SIM1
SIM2
SIM3
SIM4
1
21
22
SIM5
SIM1
SIM2
SIM3
SIM4
1
21
22
SIM5
SIM1
SIM2
SIM3
SIM4
1
21
22
SIM5
SIM1
SIM2
SIM3
SIM4
1
21
22
SIM5
SIM1
SIM2
SIM3
SIM4
1
21
22
SIM5
SIM1
SIM2
SIM3
SIM4
1
21
22
SIM5
SIM1
SIM2
SIM3
SIM4
1
21
22
SIM5
SIM1
SIM2
SIM3
SIM4
1
21
22
SIM5
SIM1
SIM2
SIM3
SIM4
1
21
22
SIM5
SIM1
SIM2
SIM3
SIM4
1
21
22
SIM5
SIM1
SIM2
SIM3
SIM4
1
21
22
SIM5
SIM1
SIM2
SIM3
SIM4
1
21
22
SIM5
SIM1
SIM2
SIM3
SIM4
1
21
22
SIM5
SIM1
SIM2
SIM3
SIM4
1
21
22
SIM5
SIM1
SIM2
SIM3
SIM4
1
21
22
SIM5
SIM1
SIM2
SIM3
SIM4
1
21
22
SIM5
SIM1
SIM2
SIM3
SIM4
1
21
22
SIM5
SIM1
SIM2
SIM3
SIM4
1
21
22
SIM5
SIM1
SIM2
SIM3
SIM4
1
21
22
SIM5
SIM1
SIM2
SIM3
SIM4
1
21
22
SIM5
SIM1
SIM2
SIM3
SIM4
1
21
22
SIM5
SIM1
SIM2
SIM3
SIM4
1
21
22
SIM5
SIM1
SIM2
SIM3
SIM4
1
21
22
SIM5
SIM1
SIM2
SIM3
SIM4
1
21
22
SIM5
SIM1
SIM2
SIM3
SIM4
1
21
22
SIM5
SIM1
SIM2
SIM3
SIM4
1
21
22
SIM5
SIM1
SIM2
SIM3
SIM4
1
21
22
SIM5
SIM1
SIM2
SIM3
SIM4
1
21
22
SIM5
SIM1
SIM2
SIM3
SIM4
1
21
22
SIM5
SIM1
SIM2
SIM3
SIM4
1
21
22
SIM5
SIM1
SIM2
SIM3
SIM4
1
21
22
SIM5
SIM1
SIM2
SIM3
SIM4
1
21
22
SIM5
SIM1
SIM2
SIM3
SIM4
1
21
22
SIM5
SIM1
SIM2
SIM3
SIM4
1
21
22
SIM5
SIM1
SIM2
SIM3
SIM4
1
21
22
SIM5
SIM1
SIM2
SIM3
SIM4
1
21
22
SIM5
SIM1
SIM2
SIM3
SIM4
1
21
22
SIM5
SIM1
SIM2
SIM3
SIM4
1
21
22
SIM5
SIM1
SIM2
SIM3
SIM4
1
21
22
SIM5
SIM1
SIM2
SIM3
SIM4
1
21
22
SIM5
SIM1
SIM2
SIM3
SIM4
1
21
22
SIM5
SIM1
SIM2
SIM3
SIM4
1
21
22
SIM5
SIM1
SIM2
SIM3
SIM4
1
21
22
SIM5
SIM1
SIM2
SIM3
SIM4
1
21
22
SIM5
SIM1
SIM2
SIM3
SIM4
1
21
22
SIM5
SIM1
SIM2
SIM3
SIM4
1
21
22
SIM5
SIM1
SIM2
SIM3
SIM4
1
21
22
SIM5
SIM1
SIM2
SIM3
SIM4
1
21
22
SIM5
SIM1
SIM2
SIM3
SIM4
1
21
22
SIM5
SIM1
SIM2
SIM3
SIM4
1
21
22
SIM5
SIM1
SIM2
SIM3
SIM4
1
21
22
SIM5
SIM1
SIM2
SIM3
SIM4
1
21
22
SIM5
SIM1
SIM2
SIM3
SIM4
1
21
22
SIM5
SIM1
SIM2
SIM3
SIM4
1
21
22
SIM5
SIM1
SIM2
SIM3
SIM4
1
21
22
SIM5
SIM1
SIM2
SIM3
SIM4
1
21
22
SIM5
SIM1
SIM2
SIM3
SIM4
1
21
22
SIM5
SIM1
SIM2
SIM3
SIM4
1
21
22
SIM5
SIM1
SIM2
SIM3
SIM4
1
21
22
SIM5
SIM1
SIM2
SIM3
SIM4
1
21
22
SIM5
SIM1
SIM2
SIM3
SIM4
1
21
22
SIM5
SIM1
SIM2
SIM3
SIM4
1
21
22
SIM5
SIM1
SIM2
SIM3
SIM4
1
21
22
SIM5
SIM1
SIM2
SIM3
SIM4
1
21
22
SIM5
SIM1
SIM2
SIM3
SIM4
1
21
22
SIM5
SIM1
SIM2
SIM3
SIM4
1
21
22
SIM5
SIM1
SIM2
SIM3
SIM4
1
21
22
SIM5
SIM1
SIM2
SIM3
SIM4
1
21
22
SIM5
SIM1
SIM2
SIM3
SIM4
1
21
22
SIM5
SIM1
SIM2
SIM3
SIM4
1
21
22
SIM5
SIM1
SIM2
SIM3
SIM4
1
21
22
SIM5
SIM1
SIM2
SIM3
SIM4
1
21
22
SIM5
SIM1
SIM2
SIM3
SIM4
1
21
22
SIM5
SIM1
SIM2
SIM3
SIM4
1
21
22
SIM5
SIM1
SIM2
SIM3
SIM4
1
21
22
SIM5
SIM1
SIM2
SIM3
SIM4
1
21
22
SIM5
SIM1
SIM2
SIM3
SIM4
1
21
22
SIM5
SIM1
SIM2
SIM3
SIM4
1
21
22
SIM5
SIM1
SIM2
SIM3
SIM4
1
21
22
SIM5
SIM1
SIM2
SIM3
SIM4
1
21
22
SIM5
SIM1
SIM2
SIM3
SIM4
1
21
22
SIM5
SIM1
SIM2
SIM3
SIM4
1
21
22
SIM5
SIM1
SIM2
SIM3
SIM4
1
21
22
SIM5
SIM1
SIM2
SIM3
SIM4
1
21
22
SIM5
SIM1
SIM2
SIM3
SIM4
1
21
22
SIM5
SIM1
SIM2
SIM3
SIM4
1
21
22
SIM5
SIM1
SIM2
SIM3
SIM4
1
21
22
SIM5
SIM1
SIM2
SIM3
SIM4
1
21
22
SIM5
SIM1
SIM2
SIM3
SIM4
1
21
22
SIM5
SIM1
SIM2
SIM3
SIM4
1
21
22
SIM5
SIM1
SIM2
DEBUG 1 137
SIM1
SIM2
SIM3
SIM4
1
21
22
SIM5
SIM1
SIM2
SIM3
SIM4
1
21
22
SIM5
SIM1
SIM2
SIM3
SIM4
1
21
22
SIM5
SIM1
SIM2
SIM3
SIM4
1
21
22
SIM5
SIM1
SIM2
SIM3
SIM4
1
21
22
SIM5
SIM1
SIM2
SIM3
SIM4
1
21
22
SIM5
SIM1
SIM2
SIM3
SIM4
1
21
22
SIM5
SIM1
SIM2
SIM3
SIM4
1
21
22
SIM5
SIM1
SIM2
SIM3
SIM4
1
21
22
SIM5
SIM1
SIM2
SIM3
SIM4
1
21
22
SIM5
SIM1
SIM2
SIM3
SIM4
1
21
22
SIM5
SIM1
SIM2
SIM3
SIM4
1
21
22
SIM5
SIM1
SIM2
SIM3
SIM4
1
21
22
SIM5
SIM1
SIM2
SIM3
SIM4
1
21
22
SIM5
SIM1
SIM2
SIM3
SIM4
1
21
22
SIM5
SIM1
SIM2
SIM3
SIM4
1
21
22
SIM5
SIM1
SIM2
SIM3
SIM4
1
21
22
SIM5
SIM1
SIM2
SIM3
SIM4
1
21
22
SIM5
SIM1
SIM2
SIM3
SIM4
1
21
22
SIM5
SIM1
SIM2
SIM3
SIM4
1
21
22
SIM5
SIM1
SIM2
SIM3
SIM4
1
21
22
SIM5
SIM1
SIM2
SIM3
SIM4
1
21
22
SIM5
SIM1
SIM2
SIM3
SIM4
1
21
22
SIM5
SIM1
SIM2
SIM3
SIM4
1
21
22
SIM5
SIM1
SIM2
SIM3
SIM4
1
21
22
SIM5
SIM1
SIM2
SIM3
SIM4
1
21
22
SIM5
SIM1
SIM2
SIM3
SIM4
1
21
22
SIM5
SIM1
SIM2
SIM3
SIM4
1
21
22
SIM5
SIM1
SIM2
SIM3
SIM4
1
21
22
SIM5
SIM1
SIM2
SIM3
SIM4
1
21
22
SIM5
SIM1
SIM2
SIM3
SIM4
1
21
22
SIM5
SIM1
SIM2
SIM3
SIM4
1
21
22
SIM5
SIM1
SIM2
SIM3
SIM4
1
21
22
SIM5
SIM1
SIM2
SIM3
SIM4
1
21
22
SIM5
SIM1
SIM2
SIM3
SIM4
1
21
22
SIM5
SIM1
SIM2
SIM3
SIM4
1
21
22
SIM5
SIM1
SIM2
SIM3
SIM4
1
21
22
SIM5
SIM1
SIM2
SIM3
SIM4
1
21
22
SIM5
SIM1
SIM2
SIM3
SIM4
1
21
22
SIM5
SIM1
SIM2
SIM3
SIM4
1
21
22
SIM5
SIM1
SIM2
SIM3
SIM4
1
21
22
SIM5
SIM1
SIM2
SIM3
SIM4
1
21
22
SIM5
SIM1
SIM2
SIM3
SIM4
1
21
22
SIM5
SIM1
SIM2
SIM3
SIM4
1
21
22
SIM5
SIM1
SIM2
SIM3
SIM4
1
21
22
SIM5
SIM1
SIM2
SIM3
SIM4
1
21
22
SIM5
SIM1
SIM2
SIM3
SIM4
1
21
22
SIM5
SIM1
SIM2
SIM3
SIM4
1
21
22
SIM5
SIM1
SIM2
SIM3
SIM4
1
21
22
SIM5
SIM1
SIM2
SIM3
SIM4
1
21
22
SIM5
SIM1
SIM2
SIM3
SIM4
1
21
22
SIM5
SIM1
SIM2
SIM3
SIM4
1
21
22
SIM5
SIM1
SIM2
SIM3
SIM4
1
21
22
SIM5
SIM1
SIM2
SIM3
SIM4
1
21
22
SIM5
SIM1
SIM2
SIM3
SIM4
1
21
22
SIM5
SIM1
SIM2
SIM3
SIM4
1
21
22
SIM5
SIM1
SIM2
SIM3
SIM4
1
21
22
SIM5
SIM1
SIM2
SIM3
SIM4
1
21
22
SIM5
SIM1
SIM2
SIM3
SIM4
1
21
22
SIM5
SIM1
SIM2
SIM3
SIM4
1
21
22
SIM5
SIM1
SIM2
SIM3
SIM4
1
21
22
SIM5
SIM1
SIM2
SIM3
SIM4
1
21
22
SIM5
SIM1
SIM2
SIM3
SIM4
1
21
22
SIM5
SIM1
SIM2
SIM3
SIM4
1
21
22
SIM5
SIM1
SIM2
SIM3
SIM4
1
21
22
SIM5
SIM1
SIM2
SIM3
SIM4
1
21
22
SIM5
SIM1
SIM2
SIM3
SIM4
1
21
22
SIM5
SIM1
SIM2
SIM3
SIM4
1
21
22
SIM5
SIM1
SIM2
SIM3
SIM4
1
21
22
SIM5
SIM1
SIM2
SIM3
SIM4
1
21
22
SIM5
SIM1
SIM2
SIM3
SIM4
1
21
22
SIM5
SIM1
SIM2
SIM3
SIM4
1
21
22
SIM5
SIM1
SIM2
SIM3
SIM4
1
21
22
SIM5
SIM1
SIM2
SIM3
SIM4
1
21
22
SIM5
SIM1
SIM2
SIM3
SIM4
1
21
22
SIM5
SIM1
SIM2
SIM3
SIM4
1
21
22
SIM5
SIM1
SIM2
SIM3
SIM4
1
21
22
SIM5
SIM1
SIM2
SIM3
SIM4
1
21
22
SIM5
SIM1
SIM2
SIM3
SIM4
1
21
22
SIM5
SIM1
SIM2
SIM3
SIM4
1
21
22
SIM5
SIM1
SIM2
SIM3
SIM4
1
21
22
SIM5
SIM1
SIM2
SIM3
SIM4
1
21
22
SIM5
SIM1
SIM2
SIM3
SIM4
1
21
22
SIM5
SIM1
SIM2
SIM3
SIM4
1
21
22
SIM5
SIM1
SIM2
SIM3
SIM4
1
21
22
SIM5
SIM1
SIM2
SIM3
SIM4
1
21
22
SIM5
SIM1
SIM2
SIM3
SIM4
1
21
22
SIM5
SIM1
SIM2
SIM3
SIM4
1
21
22
SIM5
SIM1
SIM2
SIM3
SIM4
1
21
22
SIM5
SIM1
SIM2
SIM3
SIM4
1
21
22
SIM5
SIM1
SIM2
SIM3
SIM4
1
21
22
SIM5
SIM1
SIM2
SIM3
SIM4
1
21
22
SIM5
SIM1
SIM2
SIM3
SIM4
1
21
22
SIM5
SIM1
SIM2
SIM3
SIM4
1
21
22
SIM5
SIM1
SIM2
SIM3
SIM4
1
21
22
SIM5
SIM1
SIM2
SIM3
SIM4
1
21
22
SIM5
SIM1
SIM2
SIM3
SIM4
1
21
22
SIM5
SIM1
SIM2
SIM3
SIM4
1
21
22
SIM5
SIM1
SIM2
SIM3
SIM4
1
21
22
SIM5
SIM1
SIM2
SIM3
SIM4
1
21
22
SIM5
SIM1
SIM2
SIM3
SIM4
1
21
22
SIM5
SIM1
SIM2
SIM3
SIM4
1
21
22
SIM5
SIM1
SIM2
SIM3
SIM4
1
21
22
SIM5
SIM1
SIM2
SIM3
SIM4
1
21
22
SIM5
SIM1
SIM2
SIM3
SIM4
1
21
22
SIM5
SIM1
SIM2
SIM3
SIM4
1
21
22
SIM5
SIM1
SIM2
SIM3
SIM4
1
21
22
SIM5
SIM1
SIM2
SIM3
SIM4
1
21
22
SIM5
SIM1
SIM2
SIM3
SIM4
1
21
22
SIM5
SIM1
SIM2
SIM3
SIM4
1
21
22
SIM5
SIM1
SIM2
SIM3
SIM4
1
21
22
SIM5
SIM1
SIM2
SIM3
SIM4
1
21
22
SIM5
SIM1
SIM2
SIM3
SIM4
1
21
22
SIM5
SIM1
SIM2
SIM3
SIM4
1
21
22
SIM5
SIM1
SIM2
SIM3
SIM4
1
21
22
SIM5
SIM1
SIM2
SIM3
SIM4
1
21
22
SIM5
SIM1
SIM2
SIM3
SIM4
1
21
22
SIM5
SIM1
SIM2
SIM3
SIM4
1
21
22
SIM5
SIM1
SIM2
SIM3
SIM4
1
21
22
SIM5
SIM1
SIM2
SIM3
SIM4
1
21
22
SIM5
SIM1
SIM2
SIM3
SIM4
1
21
22
SIM5
SIM1
SIM2
SIM3
SIM4
1
21
22
SIM5
SIM1
SIM2
SIM3
SIM4
1
21
22
SIM5
SIM1
SIM2
SIM3
SIM4
1
21
22
SIM5
SIM1
SIM2
SIM3
SIM4
1
21
22
SIM5
SIM1
SIM2
SIM3
SIM4
1
21
22
SIM5
SIM1
SIM2
SIM3
SIM4
1
21
22
SIM5
SIM1
SIM2
SIM3
SIM4
1
21
22
SIM5
SIM1
SIM2
SIM3
SIM4
1
21
22
SIM5
SIM1
SIM2
SIM3
SIM4
1
21
22
SIM5
SIM1
SIM2
SIM3
SIM4
1
21
22
SIM5
SIM1
SIM2
SIM3
SIM4
1
21
22
SIM5
SIM1
SIM2
SIM3
SIM4
1
21
22
SIM5
SIM1
SIM2
SIM3
SIM4
1
21
22
SIM5
SIM1
SIM2
SIM3
SIM4
1
21
22
SIM5
SIM1
SIM2
SIM3
SIM4
1
21
22
SIM5
SIM1
SIM2
SIM3
SIM4
1
21
22
SIM5
SIM1
SIM2
SIM3
SIM4
1
21
22
SIM5
SIM1
SIM2
SIM3
SIM4
1
21
22
SIM5
SIM1
SIM2
SIM3
SIM4
1
21
22
SIM5
SIM1
SIM2
SIM3
SIM4
1
21
22
SIM5
SIM1
SIM2
SIM3
SIM4
1
21
22
SIM5
SIM1
SIM2
SIM3
SIM4
1
21
22
SIM5
SIM1
SIM2
SIM3
SIM4
1
21
22
SIM5
SIM1
SIM2
SIM3
SIM4
1
21
22
SIM5
SIM1
SIM2
SIM3
SIM4
1
21
22
SIM5
SIM1
SIM2
SIM3
SIM4
1
21
22
SIM5
SIM1
SIM2
SIM3
SIM4
1
21
22
SIM5
SIM1
SIM2
SIM3
SIM4
1
21
22
SIM5
SIM1
SIM2
SIM3
SIM4
1
21
22
SIM5
SIM1
SIM2
SIM3
SIM4
1
21
22
SIM5
SIM1
SIM2
SIM3
SIM4
1
21
22
SIM5
SIM1
SIM2
SIM3
SIM4
1
21
22
SIM5
SIM1
SIM2
SIM3
SIM4
1
21
22
SIM5
SIM1
SIM2
SIM3
SIM4
1
21
22
SIM5
SIM1
SIM2
SIM3
SIM4
1
21
22
SIM5
SIM1
SIM2
SIM3
SIM4
1
21
22
SIM5
SIM1
SIM2
SIM3
SIM4
1
21
22
SIM5
SIM1
SIM2
DEBUG 1 138
SIM1
SIM2
SIM3
SIM4
1
21
22
SIM5
SIM1
SIM2
SIM3
SIM4
1
21
22
SIM5
SIM1
SIM2
SIM3
SIM4
1
21
22
SIM5
SIM1
SIM2
SIM3
SIM4
1
21
22
SIM5
SIM1
SIM2
SIM3
SIM4
1
21
22
SIM5
SIM1
SIM2
SIM3
SIM4
1
21
22
SIM5
SIM1
SIM2
SIM3
SIM4
1
21
22
SIM5
SIM1
SIM2
SIM3
SIM4
1
21
22
SIM5
SIM1
SIM2
SIM3
SIM4
1
21
22
SIM5
SIM1
SIM2
SIM3
SIM4
1
21
22
SIM5
SIM1
SIM2
SIM3
SIM4
1
21
22
SIM5
SIM1
SIM2
SIM3
SIM4
1
21
22
SIM5
SIM1
SIM2
SIM3
SIM4
1
21
22
SIM5
SIM1
SIM2
SIM3
SIM4
1
21
22
SIM5
SIM1
SIM2
SIM3
SIM4
1
21
22
SIM5
SIM1
SIM2
SIM3
SIM4
1
21
22
SIM5
SIM1
SIM2
SIM3
SIM4
1
21
22
SIM5
SIM1
SIM2
SIM3
SIM4
1
21
22
SIM5
SIM1
SIM2
SIM3
SIM4
1
21
22
SIM5
SIM1
SIM2
SIM3
SIM4
1
21
22
SIM5
SIM1
SIM2
SIM3
SIM4
1
21
22
SIM5
SIM1
SIM2
SIM3
SIM4
1
21
22
SIM5
SIM1
SIM2
SIM3
SIM4
1
21
22
SIM5
SIM1
SIM2
SIM3
SIM4
1
21
22
SIM5
SIM1
SIM2
SIM3
SIM4
1
21
22
SIM5
SIM1
SIM2
SIM3
SIM4
1
21
22
SIM5
SIM1
SIM2
SIM3
SIM4
1
21
22
SIM5
SIM1
SIM2
SIM3
SIM4
1
21
22
SIM5
SIM1
SIM2
SIM3
SIM4
1
21
22
SIM5
SIM1
SIM2
SIM3
SIM4
1
21
22
SIM5
SIM1
SIM2
SIM3
SIM4
1
21
22
SIM5
SIM1
SIM2
SIM3
SIM4
1
21
22
SIM5
SIM1
SIM2
SIM3
SIM4
1
21
22
SIM5
SIM1
SIM2
SIM3
SIM4
1
21
22
SIM5
SIM1
SIM2
SIM3
SIM4
1
21
22
SIM5
SIM1
SIM2
SIM3
SIM4
1
21
22
SIM5
SIM1
SIM2
SIM3
SIM4
1
21
22
SIM5
SIM1
SIM2
SIM3
SIM4
1
21
22
SIM5
SIM1
SIM2
SIM3
SIM4
1
21
22
SIM5
SIM1
SIM2
SIM3
SIM4
1
21
22
SIM5
SIM1
SIM2
SIM3
SIM4
1
21
22
SIM5
SIM1
SIM2
SIM3
SIM4
1
21
22
SIM5
SIM1
SIM2
SIM3
SIM4
1
21
22
SIM5
SIM1
SIM2
SIM3
SIM4
1
21
22
SIM5
SIM1
SIM2
SIM3
SIM4
1
21
22
SIM5
SIM1
SIM2
SIM3
SIM4
1
21
22
SIM5
SIM1
SIM2
SIM3
SIM4
1
21
22
SIM5
SIM1
SIM2
SIM3
SIM4
1
21
22
SIM5
SIM1
SIM2
SIM3
SIM4
1
21
22
SIM5
SIM1
SIM2
SIM3
SIM4
1
21
22
SIM5
SIM1
SIM2
SIM3
SIM4
1
21
22
SIM5
SIM1
SIM2
SIM3
SIM4
1
21
22
SIM5
SIM1
SIM2
SIM3
SIM4
1
21
22
SIM5
SIM1
SIM2
SIM3
SIM4
1
21
22
SIM5
SIM1
SIM2
SIM3
SIM4
1
21
22
SIM5
SIM1
SIM2
SIM3
SIM4
1
21
22
SIM5
SIM1
SIM2
SIM3
SIM4
1
21
22
SIM5
SIM1
SIM2
SIM3
SIM4
1
21
22
SIM5
SIM1
SIM2
SIM3
SIM4
1
21
22
SIM5
SIM1
SIM2
SIM3
SIM4
1
21
22
SIM5
SIM1
SIM2
SIM3
SIM4
1
21
22
SIM5
SIM1
SIM2
SIM3
SIM4
1
21
22
SIM5
SIM1
SIM2
SIM3
SIM4
1
21
22
SIM5
SIM1
SIM2
SIM3
SIM4
1
21
22
SIM5
SIM1
SIM2
SIM3
SIM4
1
21
22
SIM5
SIM1
SIM2
SIM3
SIM4
1
21
22
SIM5
SIM1
SIM2
SIM3
SIM4
1
21
22
SIM5
SIM1
SIM2
SIM3
SIM4
1
21
22
SIM5
SIM1
SIM2
SIM3
SIM4
1
21
22
SIM5
SIM1
SIM2
SIM3
SIM4
1
21
22
SIM5
SIM1
SIM2
SIM3
SIM4
1
21
22
SIM5
SIM1
SIM2
SIM3
SIM4
1
21
22
SIM5
SIM1
SIM2
SIM3
SIM4
1
21
22
SIM5
SIM1
SIM2
SIM3
SIM4
1
21
22
SIM5
SIM1
SIM2
SIM3
SIM4
1
21
22
SIM5
SIM1
SIM2
SIM3
SIM4
1
21
22
SIM5
SIM1
SIM2
SIM3
SIM4
1
21
22
SIM5
SIM1
SIM2
SIM3
SIM4
1
21
22
SIM5
SIM1
SIM2
SIM3
SIM4
1
21
22
SIM5
SIM1
SIM2
SIM3
SIM4
1
21
22
SIM5
SIM1
SIM2
SIM3
SIM4
1
21
22
SIM5
SIM1
SIM2
SIM3
SIM4
1
21
22
SIM5
SIM1
SIM2
SIM3
SIM4
1
21
22
SIM5
SIM1
SIM2
SIM3
SIM4
1
21
22
SIM5
SIM1
SIM2
SIM3
SIM4
1
21
22
SIM5
SIM1
SIM2
SIM3
SIM4
1
21
22
SIM5
SIM1
SIM2
SIM3
SIM4
1
21
22
SIM5
SIM1
SIM2
SIM3
SIM4
1
21
22
SIM5
SIM1
SIM2
SIM3
SIM4
1
21
22
SIM5
SIM1
SIM2
SIM3
SIM4
1
21
22
SIM5
SIM1
SIM2
SIM3
SIM4
1
21
22
SIM5
SIM1
SIM2
SIM3
SIM4
1
21
22
SIM5
SIM1
SIM2
SIM3
SIM4
1
21
22
SIM5
SIM1
SIM2
SIM3
SIM4
1
21
22
SIM5
SIM1
SIM2
SIM3
SIM4
1
21
22
SIM5
SIM1
SIM2
SIM3
SIM4
1
21
22
SIM5
SIM1
SIM2
SIM3
SIM4
1
21
22
SIM5
SIM1
SIM2
SIM3
SIM4
1
21
22
SIM5
SIM1
SIM2
SIM3
SIM4
1
21
22
SIM5
SIM1
SIM2
SIM3
SIM4
1
21
22
SIM5
SIM1
SIM2
SIM3
SIM4
1
21
22
SIM5
SIM1
SIM2
SIM3
SIM4
1
21
22
SIM5
SIM1
SIM2
SIM3
SIM4
1
21
22
SIM5
SIM1
SIM2
SIM3
SIM4
1
21
22
SIM5
SIM1
SIM2
SIM3
SIM4
1
21
22
SIM5
SIM1
SIM2
SIM3
SIM4
1
21
22
SIM5
SIM1
SIM2
SIM3
SIM4
1
21
22
SIM5
SIM1
SIM2
SIM3
SIM4
1
21
22
SIM5
SIM1
SIM2
SIM3
SIM4
1
21
22
SIM5
SIM1
SIM2
SIM3
SIM4
1
21
22
SIM5
SIM1
SIM2
SIM3
SIM4
1
21
22
SIM5
SIM1
SIM2
SIM3
SIM4
1
21
22
SIM5
SIM1
SIM2
SIM3
SIM4
1
21
22
SIM5
SIM1
SIM2
SIM3
SIM4
1
21
22
SIM5
SIM1
SIM2
SIM3
SIM4
1
21
22
SIM5
SIM1
SIM2
SIM3
SIM4
1
21
22
SIM5
SIM1
SIM2
SIM3
SIM4
1
21
22
SIM5
SIM1
SIM2
SIM3
SIM4
1
21
22
SIM5
SIM1
SIM2
SIM3
SIM4
1
21
22
SIM5
SIM1
SIM2
SIM3
SIM4
1
21
22
SIM5
SIM1
SIM2
SIM3
SIM4
1
21
22
SIM5
SIM1
SIM2
SIM3
SIM4
1
21
22
SIM5
SIM1
SIM2
SIM3
SIM4
1
21
22
SIM5
SIM1
SIM2
SIM3
SIM4
1
21
22
SIM5
SIM1
SIM2
SIM3
SIM4
1
21
22
SIM5
SIM1
SIM2
SIM3
SIM4
1
21
22
SIM5
SIM1
SIM2
SIM3
SIM4
1
21
22
SIM5
SIM1
SIM2
SIM3
SIM4
1
21
22
SIM5
SIM1
SIM2
SIM3
SIM4
1
21
22
SIM5
SIM1
SIM2
SIM3
SIM4
1
21
22
SIM5
SIM1
SIM2
SIM3
SIM4
1
21
22
SIM5
SIM1
SIM2
SIM3
SIM4
1
21
22
SIM5
SIM1
SIM2
SIM3
SIM4
1
21
22
SIM5
SIM1
SIM2
SIM3
SIM4
1
21
22
SIM5
SIM1
SIM2
SIM3
SIM4
1
21
22
SIM5
SIM1
SIM2
SIM3
SIM4
1
21
22
SIM5
SIM1
SIM2
SIM3
SIM4
1
21
22
SIM5
SIM1
SIM2
SIM3
SIM4
1
21
22
SIM5
SIM1
SIM2
SIM3
SIM4
1
21
22
SIM5
SIM1
SIM2
SIM3
SIM4
1
21
22
SIM5
SIM1
SIM2
SIM3
SIM4
1
21
22
SIM5
SIM1
SIM2
SIM3
SIM4
1
21
22
SIM5
SIM1
SIM2
SIM3
SIM4
1
21
22
SIM5
SIM1
SIM2
SIM3
SIM4
1
21
22
SIM5
SIM1
SIM2
SIM3
SIM4
1
21
22
SIM5
SIM1
SIM2
SIM3
SIM4
1
21
22
SIM5
SIM1
SIM2
SIM3
SIM4
1
21
22
SIM5
SIM1
SIM2
SIM3
SIM4
1
21
22
SIM5
SIM1
SIM2
SIM3
SIM4
1
21
22
SIM5
SIM1
SIM2
SIM3
SIM4
1
21
22
SIM5
SIM1
SIM2
SIM3
SIM4
1
21
22
SIM5
SIM1
SIM2
SIM3
SIM4
1
21
22
SIM5
SIM1
SIM2
SIM3
SIM4
1
21
22
SIM5
SIM1
SIM2
SIM3
SIM4
1
21
22
SIM5
SIM1
SIM2
SIM3
SIM4
1
21
22
SIM5
SIM1
SIM2
SIM3
SIM4
1
21
22
SIM5
SIM1
SIM2
SIM3
SIM4
1
21
22
SIM5
SIM1
SIM2
SIM3
SIM4
1
21
22
SIM5
SIM1
SIM2
SIM3
SIM4
1
21
22
SIM5
SIM1
SIM2
SIM3
SIM4
1
21
22
SIM5
SIM1
SIM2
SIM3
SIM4
1
21
22
SIM5
SIM1
SIM2
SIM3
SIM4
1
21
22
SIM5
SIM1
SIM2
SIM3
SIM4
1
21
22
SIM5
SIM1
SIM2
SIM3
SIM4
1
21
22
SIM5
SIM1
SIM2
SIM3
SIM4
1
21
22
SIM5
SIM1
SIM2
SIM3
SIM4
1
21
22
SIM5
SIM1
SIM2
SIM3
SIM4
1
21
22
SIM5
SIM1
SIM2
SIM3
SIM4
1
21
22
SIM5
SIM1
SIM2
SIM3
SIM4
1
21
22
SIM5
SIM1
SIM2
SIM3
SIM4
1
21
22
SIM5
SIM1
SIM2
SIM3
SIM4
1
21
22
SIM5
SIM1
SIM2
SIM3
SIM4
1
21
22
SIM5
SIM1
SIM2
SIM3
SIM4
1
21
22
SIM5
SIM1
SIM2
SIM3
SIM4
1
21
22
SIM5
SIM1
SIM2
SIM3
SIM4
1
21
22
SIM5
SIM1
SIM2
SIM3
SIM4
1
21
22
SIM5
SIM1
SIM2
SIM3
SIM4
1
21
22
SIM5
SIM1
SIM2
SIM3
SIM4
1
21
22
SIM5
SIM1
SIM2
DEBUG 1 139
SIM1
SIM2
SIM3
SIM4
1
21
22
SIM5
SIM1
SIM2
SIM3
SIM4
1
21
22
SIM5
SIM1
SIM2
SIM3
SIM4
1
21
22
SIM5
SIM1
SIM2
SIM3
SIM4
1
21
22
SIM5
SIM1
SIM2
SIM3
SIM4
1
21
22
SIM5
SIM1
SIM2
SIM3
SIM4
1
21
22
SIM5
SIM1
SIM2
SIM3
SIM4
1
21
22
SIM5
SIM1
SIM2
SIM3
SIM4
1
21
22
SIM5
SIM1
SIM2
SIM3
SIM4
1
21
22
SIM5
SIM1
SIM2
SIM3
SIM4
1
21
22
SIM5
SIM1
SIM2
SIM3
SIM4
1
21
22
SIM5
SIM1
SIM2
SIM3
SIM4
1
21
22
SIM5
SIM1
SIM2
SIM3
SIM4
1
21
22
SIM5
SIM1
SIM2
SIM3
SIM4
1
21
22
SIM5
SIM1
SIM2
SIM3
SIM4
1
21
22
SIM5
SIM1
SIM2
SIM3
SIM4
1
21
22
SIM5
SIM1
SIM2
SIM3
SIM4
1
21
22
SIM5
SIM1
SIM2
SIM3
SIM4
1
21
22
SIM5
SIM1
SIM2
SIM3
SIM4
1
21
22
SIM5
SIM1
SIM2
SIM3
SIM4
1
21
22
SIM5
SIM1
SIM2
SIM3
SIM4
1
21
22
SIM5
SIM1
SIM2
SIM3
SIM4
1
21
22
SIM5
SIM1
SIM2
SIM3
SIM4
1
21
22
SIM5
SIM1
SIM2
SIM3
SIM4
1
21
22
SIM5
SIM1
SIM2
SIM3
SIM4
1
21
22
SIM5
SIM1
SIM2
SIM3
SIM4
1
21
22
SIM5
SIM1
SIM2
SIM3
SIM4
1
21
22
SIM5
SIM1
SIM2
SIM3
SIM4
1
21
22
SIM5
SIM1
SIM2
SIM3
SIM4
1
21
22
SIM5
SIM1
SIM2
SIM3
SIM4
1
21
22
SIM5
SIM1
SIM2
SIM3
SIM4
1
21
22
SIM5
SIM1
SIM2
SIM3
SIM4
1
21
22
SIM5
SIM1
SIM2
SIM3
SIM4
1
21
22
SIM5
SIM1
SIM2
SIM3
SIM4
1
21
22
SIM5
SIM1
SIM2
SIM3
SIM4
1
21
22
SIM5
SIM1
SIM2
SIM3
SIM4
1
21
22
SIM5
SIM1
SIM2
SIM3
SIM4
1
21
22
SIM5
SIM1
SIM2
SIM3
SIM4
1
21
22
SIM5
SIM1
SIM2
SIM3
SIM4
1
21
22
SIM5
SIM1
SIM2
SIM3
SIM4
1
21
22
SIM5
SIM1
SIM2
SIM3
SIM4
1
21
22
SIM5
SIM1
SIM2
SIM3
SIM4
1
21
22
SIM5
SIM1
SIM2
SIM3
SIM4
1
21
22
SIM5
SIM1
SIM2
SIM3
SIM4
1
21
22
SIM5
SIM1
SIM2
SIM3
SIM4
1
21
22
SIM5
SIM1
SIM2
SIM3
SIM4
1
21
22
SIM5
SIM1
SIM2
SIM3
SIM4
1
21
22
SIM5
SIM1
SIM2
SIM3
SIM4
1
21
22
SIM5
SIM1
SIM2
SIM3
SIM4
1
21
22
SIM5
SIM1
SIM2
SIM3
SIM4
1
21
22
SIM5
SIM1
SIM2
SIM3
SIM4
1
21
22
SIM5
SIM1
SIM2
SIM3
SIM4
1
21
22
SIM5
SIM1
SIM2
SIM3
SIM4
1
21
22
SIM5
SIM1
SIM2
SIM3
SIM4
1
21
22
SIM5
SIM1
SIM2
SIM3
SIM4
1
21
22
SIM5
SIM1
SIM2
SIM3
SIM4
1
21
22
SIM5
SIM1
SIM2
SIM3
SIM4
1
21
22
SIM5
SIM1
SIM2
SIM3
SIM4
1
21
22
SIM5
SIM1
SIM2
SIM3
SIM4
1
21
22
SIM5
SIM1
SIM2
SIM3
SIM4
1
21
22
SIM5
SIM1
SIM2
SIM3
SIM4
1
21
22
SIM5
SIM1
SIM2
SIM3
SIM4
1
21
22
SIM5
SIM1
SIM2
SIM3
SIM4
1
21
22
SIM5
SIM1
SIM2
SIM3
SIM4
1
21
22
SIM5
SIM1
SIM2
SIM3
SIM4
1
21
22
SIM5
SIM1
SIM2
SIM3
SIM4
1
21
22
SIM5
SIM1
SIM2
SIM3
SIM4
1
21
22
SIM5
SIM1
SIM2
SIM3
SIM4
1
21
22
SIM5
SIM1
SIM2
SIM3
SIM4
1
21
22
SIM5
SIM1
SIM2
SIM3
SIM4
1
21
22
SIM5
SIM1
SIM2
SIM3
SIM4
1
21
22
SIM5
SIM1
SIM2
SIM3
SIM4
1
21
22
SIM5
SIM1
SIM2
SIM3
SIM4
1
21
22
SIM5
SIM1
SIM2
SIM3
SIM4
1
21
22
SIM5
SIM1
SIM2
SIM3
SIM4
1
21
22
SIM5
SIM1
SIM2
SIM3
SIM4
1
21
22
SIM5
SIM1
SIM2
SIM3
SIM4
1
21
22
SIM5
SIM1
SIM2
SIM3
SIM4
1
21
22
SIM5
SIM1
SIM2
SIM3
SIM4
1
21
22
SIM5
SIM1
SIM2
SIM3
SIM4
1
21
22
SIM5
SIM1
SIM2
SIM3
SIM4
1
21
22
SIM5
SIM1
SIM2
SIM3
SIM4
1
21
22
SIM5
SIM1
SIM2
SIM3
SIM4
1
21
22
SIM5
SIM1
SIM2
SIM3
SIM4
1
21
22
SIM5
SIM1
SIM2
SIM3
SIM4
1
21
22
SIM5
SIM1
SIM2
SIM3
SIM4
1
21
22
SIM5
SIM1
SIM2
SIM3
SIM4
1
21
22
SIM5
SIM1
SIM2
SIM3
SIM4
1
21
22
SIM5
SIM1
SIM2
SIM3
SIM4
1
21
22
SIM5
SIM1
SIM2
SIM3
SIM4
1
21
22
SIM5
SIM1
SIM2
SIM3
SIM4
1
21
22
SIM5
SIM1
SIM2
SIM3
SIM4
1
21
22
SIM5
SIM1
SIM2
SIM3
SIM4
1
21
22
SIM5
SIM1
SIM2
SIM3
SIM4
1
21
22
SIM5
SIM1
SIM2
SIM3
SIM4
1
21
22
SIM5
SIM1
SIM2
SIM3
SIM4
1
21
22
SIM5
SIM1
SIM2
SIM3
SIM4
1
21
22
SIM5
SIM1
SIM2
DEBUG 1 140
SIM1
SIM2
SIM3
SIM4
1
21
22
SIM5
SIM1
SIM2
SIM3
SIM4
1
21
22
SIM5
SIM1
SIM2
SIM3
SIM4
1
21
22
SIM5
SIM1
SIM2
SIM3
SIM4
1
21
22
SIM5
SIM1
SIM2
SIM3
SIM4
1
21
22
SIM5
SIM1
SIM2
SIM3
SIM4
1
21
22
SIM5
SIM1
SIM2
SIM3
SIM4
1
21
22
SIM5
SIM1
SIM2
SIM3
SIM4
1
21
22
SIM5
SIM1
SIM2
SIM3
SIM4
1
21
22
SIM5
SIM1
SIM2
SIM3
SIM4
1
21
22
SIM5
SIM1
SIM2
SIM3
SIM4
1
21
22
SIM5
SIM1
SIM2
SIM3
SIM4
1
21
22
SIM5
SIM1
SIM2
SIM3
SIM4
1
21
22
SIM5
SIM1
SIM2
SIM3
SIM4
1
21
22
SIM5
SIM1
SIM2
SIM3
SIM4
1
21
22
SIM5
SIM1
SIM2
SIM3
SIM4
1
21
22
SIM5
SIM1
SIM2
SIM3
SIM4
1
21
22
SIM5
SIM1
SIM2
SIM3
SIM4
1
21
22
SIM5
SIM1
SIM2
SIM3
SIM4
1
21
22
SIM5
SIM1
SIM2
SIM3
SIM4
1
21
22
SIM5
SIM1
SIM2
SIM3
SIM4
1
21
22
SIM5
SIM1
SIM2
SIM3
SIM4
1
21
22
SIM5
SIM1
SIM2
SIM3
SIM4
1
21
22
SIM5
SIM1
SIM2
SIM3
SIM4
1
21
22
SIM5
SIM1
SIM2
SIM3
SIM4
1
21
22
SIM5
SIM1
SIM2
SIM3
SIM4
1
21
22
SIM5
SIM1
SIM2
SIM3
SIM4
1
21
22
SIM5
SIM1
SIM2
SIM3
SIM4
1
21
22
SIM5
SIM1
SIM2
SIM3
SIM4
1
21
22
SIM5
SIM1
SIM2
SIM3
SIM4
1
21
22
SIM5
SIM1
SIM2
SIM3
SIM4
1
21
22
SIM5
SIM1
SIM2
SIM3
SIM4
1
21
22
SIM5
SIM1
SIM2
SIM3
SIM4
1
21
22
SIM5
SIM1
SIM2
SIM3
SIM4
1
21
22
SIM5
SIM1
SIM2
SIM3
SIM4
1
21
22
SIM5
SIM1
SIM2
SIM3
SIM4
1
21
22
SIM5
SIM1
SIM2
SIM3
SIM4
1
21
22
SIM5
SIM1
SIM2
SIM3
SIM4
1
21
22
SIM5
SIM1
SIM2
SIM3
SIM4
1
21
22
SIM5
SIM1
SIM2
SIM3
SIM4
1
21
22
SIM5
SIM1
SIM2
SIM3
SIM4
1
21
22
SIM5
SIM1
SIM2
SIM3
SIM4
1
21
22
SIM5
SIM1
SIM2
SIM3
SIM4
1
21
22
SIM5
SIM1
SIM2
SIM3
SIM4
1
21
22
SIM5
SIM1
SIM2
SIM3
SIM4
1
21
22
SIM5
SIM1
SIM2
SIM3
SIM4
1
21
22
SIM5
SIM1
SIM2
SIM3
SIM4
1
21
22
SIM5
SIM1
SIM2
SIM3
SIM4
1
21
22
SIM5
SIM1
SIM2
SIM3
SIM4
1
21
22
SIM5
SIM1
SIM2
SIM3
SIM4
1
21
22
SIM5
SIM1
SIM2
SIM3
SIM4
1
21
22
SIM5
SIM1
SIM2
SIM3
SIM4
1
21
22
SIM5
SIM1
SIM2
SIM3
SIM4
1
21
22
SIM5
SIM1
SIM2
SIM3
SIM4
1
21
22
SIM5
SIM1
SIM2
SIM3
SIM4
1
21
22
SIM5
SIM1
SIM2
SIM3
SIM4
1
21
22
SIM5
SIM1
SIM2
SIM3
SIM4
1
21
22
SIM5
SIM1
SIM2
SIM3
SIM4
1
21
22
SIM5
SIM1
SIM2
SIM3
SIM4
1
21
22
SIM5
SIM1
SIM2
SIM3
SIM4
1
21
22
SIM5
SIM1
SIM2
SIM3
SIM4
1
21
22
SIM5
SIM1
SIM2
SIM3
SIM4
1
21
22
SIM5
SIM1
SIM2
SIM3
SIM4
1
21
22
SIM5
SIM1
SIM2
SIM3
SIM4
1
21
22
SIM5
SIM1
SIM2
SIM3
SIM4
1
21
22
SIM5
SIM1
SIM2
SIM3
SIM4
1
21
22
SIM5
SIM1
SIM2
SIM3
SIM4
1
21
22
SIM5
SIM1
SIM2
SIM3
SIM4
1
21
22
SIM5
SIM1
SIM2
SIM3
SIM4
1
21
22
SIM5
SIM1
SIM2
SIM3
SIM4
1
21
22
SIM5
SIM1
SIM2
SIM3
SIM4
1
21
22
SIM5
SIM1
SIM2
SIM3
SIM4
1
21
22
SIM5
SIM1
SIM2
SIM3
SIM4
1
21
22
SIM5
SIM1
SIM2
SIM3
SIM4
1
21
22
SIM5
SIM1
SIM2
SIM3
SIM4
1
21
22
SIM5
SIM1
SIM2
SIM3
SIM4
1
21
22
SIM5
SIM1
SIM2
SIM3
SIM4
1
21
22
SIM5
SIM1
SIM2
SIM3
SIM4
1
21
22
SIM5
SIM1
SIM2
SIM3
SIM4
1
21
22
SIM5
SIM1
SIM2
SIM3
SIM4
1
21
22
SIM5
SIM1
SIM2
SIM3
SIM4
1
21
22
SIM5
SIM1
SIM2
SIM3
SIM4
1
21
22
SIM5
SIM1
SIM2
SIM3
SIM4
1
21
22
SIM5
SIM1
SIM2
SIM3
SIM4
1
21
22
SIM5
SIM1
SIM2
SIM3
SIM4
1
21
22
SIM5
SIM1
SIM2
SIM3
SIM4
1
21
22
SIM5
SIM1
SIM2
SIM3
SIM4
1
21
22
SIM5
SIM1
SIM2
SIM3
SIM4
1
21
22
SIM5
SIM1
SIM2
SIM3
SIM4
1
21
22
SIM5
SIM1
SIM2
SIM3
SIM4
1
21
22
SIM5
SIM1
SIM2
SIM3
SIM4
1
21
22
SIM5
SIM1
SIM2
SIM3
SIM4
1
21
22
SIM5
SIM1
SIM2
SIM3
SIM4
1
21
22
SIM5
SIM1
SIM2
SIM3
SIM4
1
21
22
SIM5
SIM1
SIM2
SIM3
SIM4
1
21
22
SIM5
SIM1
SIM2
SIM3
SIM4
1
21
22
SIM5
SIM1
SIM2
SIM3
SIM4
1
21
22
SIM5
SIM1
SIM2
SIM3
SIM4
1
21
22
SIM5
SIM1
SIM2
SIM3
SIM4
1
21
22
SIM5
SIM1
SIM2
SIM3
SIM4
1
21
22
SIM5
SIM1
SIM2
SIM3
SIM4
1
21
22
SIM5
SIM1
SIM2
SIM3
SIM4
1
21
22
SIM5
SIM1
SIM2
SIM3
SIM4
1
21
22
SIM5
SIM1
SIM2
SIM3
SIM4
1
21
22
SIM5
SIM1
SIM2
SIM3
SIM4
1
21
22
SIM5
SIM1
SIM2
SIM3
SIM4
1
21
22
SIM5
SIM1
SIM2
SIM3
SIM4
1
21
22
SIM5
SIM1
SIM2
SIM3
SIM4
1
21
22
SIM5
SIM1
SIM2
SIM3
SIM4
1
21
22
SIM5
SIM1
SIM2
SIM3
SIM4
1
21
22
SIM5
SIM1
SIM2
SIM3
SIM4
1
21
22
SIM5
SIM1
SIM2
SIM3
SIM4
1
21
22
SIM5
SIM1
SIM2
SIM3
SIM4
1
21
22
SIM5
SIM1
SIM2
SIM3
SIM4
1
21
22
SIM5
SIM1
SIM2
SIM3
SIM4
1
21
22
SIM5
SIM1
SIM2
SIM3
SIM4
1
21
22
SIM5
SIM1
SIM2
SIM3
SIM4
1
21
22
SIM5
SIM1
SIM2
SIM3
SIM4
1
21
22
SIM5
SIM1
SIM2
SIM3
SIM4
1
21
22
SIM5
SIM1
SIM2
SIM3
SIM4
1
21
22
SIM5
SIM1
SIM2
SIM3
SIM4
1
21
22
SIM5
SIM1
SIM2
SIM3
SIM4
1
21
22
SIM5
SIM1
SIM2
SIM3
SIM4
1
21
22
SIM5
SIM1
SIM2
SIM3
SIM4
1
21
22
SIM5
SIM1
SIM2
SIM3
SIM4
1
21
22
SIM5
SIM1
SIM2
SIM3
SIM4
1
21
22
SIM5
SIM1
SIM2
SIM3
SIM4
1
21
22
SIM5
SIM1
SIM2
SIM3
SIM4
1
21
22
SIM5
SIM1
SIM2
SIM3
SIM4
1
21
22
SIM5
SIM1
SIM2
SIM3
SIM4
1
21
22
SIM5
SIM1
SIM2
SIM3
SIM4
1
21
22
SIM5
SIM1
SIM2
SIM3
SIM4
1
21
22
SIM5
SIM1
SIM2
SIM3
SIM4
1
21
22
SIM5
SIM1
SIM2
SIM3
SIM4
1
21
22
SIM5
SIM1
SIM2
SIM3
SIM4
1
21
22
SIM5
SIM1
SIM2
SIM3
SIM4
1
21
22
SIM5
SIM1
SIM2
SIM3
SIM4
1
21
22
SIM5
SIM1
SIM2
SIM3
SIM4
1
21
22
SIM5
SIM1
SIM2
SIM3
SIM4
1
21
22
SIM5
SIM1
SIM2
SIM3
SIM4
1
21
22
SIM5
SIM1
SIM2
SIM3
SIM4
1
21
22
SIM5
SIM1
SIM2
SIM3
SIM4
1
21
22
SIM5
SIM1
SIM2
SIM3
SIM4
1
21
22
SIM5
SIM1
SIM2
SIM3
SIM4
1
21
22
SIM5
SIM1
SIM2
SIM3
SIM4
1
21
22
SIM5
SIM1
SIM2
SIM3
SIM4
1
21
22
SIM5
SIM1
SIM2
SIM3
SIM4
1
21
22
SIM5
SIM1
SIM2
SIM3
SIM4
1
21
22
SIM5
SIM1
SIM2
SIM3
SIM4
1
21
22
SIM5
SIM1
SIM2
SIM3
SIM4
1
21
22
SIM5
SIM1
SIM2
SIM3
SIM4
1
21
22
SIM5
SIM1
SIM2
SIM3
SIM4
1
21
22
SIM5
SIM1
SIM2
DEBUG 1 141
SIM1
SIM2
SIM3
SIM4
1
21
22
SIM5
SIM1
SIM2
SIM3
SIM4
1
21
22
SIM5
SIM1
SIM2
SIM3
SIM4
1
21
22
SIM5
SIM1
SIM2
SIM3
SIM4
1
21
22
SIM5
SIM1
SIM2
SIM3
SIM4
1
21
22
SIM5
SIM1
SIM2
SIM3
SIM4
1
21
22
SIM5
SIM1
SIM2
SIM3
SIM4
1
21
22
SIM5
SIM1
SIM2
SIM3
SIM4
1
21
22
SIM5
SIM1
SIM2
SIM3
SIM4
1
21
22
SIM5
SIM1
SIM2
SIM3
SIM4
1
21
22
SIM5
SIM1
SIM2
SIM3
SIM4
1
21
22
SIM5
SIM1
SIM2
SIM3
SIM4
1
21
22
SIM5
SIM1
SIM2
SIM3
SIM4
1
21
22
SIM5
SIM1
SIM2
SIM3
SIM4
1
21
22
SIM5
SIM1
SIM2
SIM3
SIM4
1
21
22
SIM5
SIM1
SIM2
SIM3
SIM4
1
21
22
SIM5
SIM1
SIM2
SIM3
SIM4
1
21
22
SIM5
SIM1
SIM2
SIM3
SIM4
1
21
22
SIM5
SIM1
SIM2
SIM3
SIM4
1
21
22
SIM5
SIM1
SIM2
SIM3
SIM4
1
21
22
SIM5
SIM1
SIM2
SIM3
SIM4
1
21
22
SIM5
SIM1
SIM2
SIM3
SIM4
1
21
22
SIM5
SIM1
SIM2
SIM3
SIM4
1
21
22
SIM5
SIM1
SIM2
SIM3
SIM4
1
21
22
SIM5
SIM1
SIM2
SIM3
SIM4
1
21
22
SIM5
SIM1
SIM2
SIM3
SIM4
1
21
22
SIM5
SIM1
SIM2
SIM3
SIM4
1
21
22
SIM5
SIM1
SIM2
SIM3
SIM4
1
21
22
SIM5
SIM1
SIM2
SIM3
SIM4
1
21
22
SIM5
SIM1
SIM2
SIM3
SIM4
1
21
22
SIM5
SIM1
SIM2
SIM3
SIM4
1
21
22
SIM5
SIM1
SIM2
SIM3
SIM4
1
21
22
SIM5
SIM1
SIM2
SIM3
SIM4
1
21
22
SIM5
SIM1
SIM2
SIM3
SIM4
1
21
22
SIM5
SIM1
SIM2
SIM3
SIM4
1
21
22
SIM5
SIM1
SIM2
SIM3
SIM4
1
21
22
SIM5
SIM1
SIM2
SIM3
SIM4
1
21
22
SIM5
SIM1
SIM2
SIM3
SIM4
1
21
22
SIM5
SIM1
SIM2
SIM3
SIM4
1
21
22
SIM5
SIM1
SIM2
SIM3
SIM4
1
21
22
SIM5
SIM1
SIM2
SIM3
SIM4
1
21
22
SIM5
SIM1
SIM2
SIM3
SIM4
1
21
22
SIM5
SIM1
SIM2
SIM3
SIM4
1
21
22
SIM5
SIM1
SIM2
SIM3
SIM4
1
21
22
SIM5
SIM1
SIM2
SIM3
SIM4
1
21
22
SIM5
SIM1
SIM2
SIM3
SIM4
1
21
22
SIM5
SIM1
SIM2
SIM3
SIM4
1
21
22
SIM5
SIM1
SIM2
SIM3
SIM4
1
21
22
SIM5
SIM1
SIM2
SIM3
SIM4
1
21
22
SIM5
SIM1
SIM2
SIM3
SIM4
1
21
22
SIM5
SIM1
SIM2
SIM3
SIM4
1
21
22
SIM5
SIM1
SIM2
SIM3
SIM4
1
21
22
SIM5
SIM1
SIM2
SIM3
SIM4
1
21
22
SIM5
SIM1
SIM2
SIM3
SIM4
1
21
22
SIM5
SIM1
SIM2
SIM3
SIM4
1
21
22
SIM5
SIM1
SIM2
SIM3
SIM4
1
21
22
SIM5
SIM1
SIM2
SIM3
SIM4
1
21
22
SIM5
SIM1
SIM2
SIM3
SIM4
1
21
22
SIM5
SIM1
SIM2
SIM3
SIM4
1
21
22
SIM5
SIM1
SIM2
SIM3
SIM4
1
21
22
SIM5
SIM1
SIM2
SIM3
SIM4
1
21
22
SIM5
SIM1
SIM2
SIM3
SIM4
1
21
22
SIM5
SIM1
SIM2
SIM3
SIM4
1
21
22
SIM5
SIM1
SIM2
SIM3
SIM4
1
21
22
SIM5
SIM1
SIM2
SIM3
SIM4
1
21
22
SIM5
SIM1
SIM2
SIM3
SIM4
1
21
22
SIM5
SIM1
SIM2
SIM3
SIM4
1
21
22
SIM5
SIM1
SIM2
SIM3
SIM4
1
21
22
SIM5
SIM1
SIM2
SIM3
SIM4
1
21
22
SIM5
SIM1
SIM2
SIM3
SIM4
1
21
22
SIM5
SIM1
SIM2
SIM3
SIM4
1
21
22
SIM5
SIM1
SIM2
SIM3
SIM4
1
21
22
SIM5
SIM1
SIM2
SIM3
SIM4
1
21
22
SIM5
SIM1
SIM2
SIM3
SIM4
1
21
22
SIM5
SIM1
SIM2
SIM3
SIM4
1
21
22
SIM5
SIM1
SIM2
SIM3
SIM4
1
21
22
SIM5
SIM1
SIM2
SIM3
SIM4
1
21
22
SIM5
SIM1
SIM2
SIM3
SIM4
1
21
22
SIM5
SIM1
SIM2
SIM3
SIM4
1
21
22
SIM5
SIM1
SIM2
SIM3
SIM4
1
21
22
SIM5
SIM1
SIM2
SIM3
SIM4
1
21
22
SIM5
SIM1
SIM2
SIM3
SIM4
1
21
22
SIM5
SIM1
SIM2
SIM3
SIM4
1
21
22
SIM5
SIM1
SIM2
SIM3
SIM4
1
21
22
SIM5
SIM1
SIM2
SIM3
SIM4
1
21
22
SIM5
SIM1
SIM2
SIM3
SIM4
1
21
22
SIM5
SIM1
SIM2
SIM3
SIM4
1
21
22
SIM5
SIM1
SIM2
SIM3
SIM4
1
21
22
SIM5
SIM1
SIM2
SIM3
SIM4
1
21
22
SIM5
SIM1
SIM2
SIM3
SIM4
1
21
22
SIM5
SIM1
SIM2
SIM3
SIM4
1
21
22
SIM5
SIM1
SIM2
SIM3
SIM4
1
21
22
SIM5
SIM1
SIM2
SIM3
SIM4
1
21
22
SIM5
SIM1
SIM2
SIM3
SIM4
1
21
22
SIM5
SIM1
SIM2
SIM3
SIM4
1
21
22
SIM5
SIM1
SIM2
SIM3
SIM4
1
21
22
SIM5
SIM1
SIM2
SIM3
SIM4
1
21
22
SIM5
SIM1
SIM2
SIM3
SIM4
1
21
22
SIM5
SIM1
SIM2
SIM3
SIM4
1
21
22
SIM5
SIM1
SIM2
SIM3
SIM4
1
21
22
SIM5
SIM1
SIM2
SIM3
SIM4
1
21
22
SIM5
SIM1
SIM2
SIM3
SIM4
1
21
22
SIM5
SIM1
SIM2
SIM3
SIM4
1
21
22
SIM5
SIM1
SIM2
SIM3
SIM4
1
21
22
SIM5
SIM1
SIM2
SIM3
SIM4
1
21
22
SIM5
SIM1
SIM2
SIM3
SIM4
1
21
22
SIM5
SIM1
SIM2
SIM3
SIM4
1
21
22
SIM5
SIM1
SIM2
SIM3
SIM4
1
21
22
SIM5
SIM1
SIM2
SIM3
SIM4
1
21
22
SIM5
SIM1
SIM2
SIM3
SIM4
1
21
22
SIM5
SIM1
SIM2
SIM3
SIM4
1
21
22
SIM5
SIM1
SIM2
SIM3
SIM4
1
21
22
SIM5
SIM1
SIM2
SIM3
SIM4
1
21
22
SIM5
SIM1
SIM2
SIM3
SIM4
1
21
22
SIM5
SIM1
SIM2
SIM3
SIM4
1
21
22
SIM5
SIM1
SIM2
SIM3
SIM4
1
21
22
SIM5
SIM1
SIM2
SIM3
SIM4
1
21
22
SIM5
SIM1
SIM2
SIM3
SIM4
1
21
22
SIM5
SIM1
SIM2
SIM3
SIM4
1
21
22
SIM5
SIM1
SIM2
SIM3
SIM4
1
21
22
SIM5
SIM1
SIM2
SIM3
SIM4
1
21
22
SIM5
SIM1
SIM2
SIM3
SIM4
1
21
22
SIM5
SIM1
SIM2
SIM3
SIM4
1
21
22
SIM5
SIM1
SIM2
SIM3
SIM4
1
21
22
SIM5
SIM1
SIM2
SIM3
SIM4
1
21
22
SIM5
SIM1
SIM2
SIM3
SIM4
1
21
22
SIM5
SIM1
SIM2
SIM3
SIM4
1
21
22
SIM5
SIM1
SIM2
SIM3
SIM4
1
21
22
SIM5
SIM1
SIM2
SIM3
SIM4
1
21
22
SIM5
SIM1
SIM2
SIM3
SIM4
1
21
22
SIM5
SIM1
SIM2
SIM3
SIM4
1
21
22
SIM5
SIM1
SIM2
SIM3
SIM4
1
21
22
SIM5
SIM1
SIM2
SIM3
SIM4
1
21
22
SIM5
SIM1
SIM2
SIM3
SIM4
1
21
22
SIM5
SIM1
SIM2
SIM3
SIM4
1
21
22
SIM5
SIM1
SIM2
SIM3
SIM4
1
21
22
SIM5
SIM1
SIM2
SIM3
SIM4
1
21
22
SIM5
SIM1
SIM2
SIM3
SIM4
1
21
22
SIM5
SIM1
SIM2
SIM3
SIM4
1
21
22
SIM5
SIM1
SIM2
SIM3
SIM4
1
21
22
SIM5
SIM1
SIM2
SIM3
SIM4
1
21
22
SIM5
SIM1
SIM2
SIM3
SIM4
1
21
22
SIM5
SIM1
SIM2
SIM3
SIM4
1
21
22
SIM5
SIM1
SIM2
SIM3
SIM4
1
21
22
SIM5
SIM1
SIM2
SIM3
SIM4
1
21
22
SIM5
SIM1
SIM2
SIM3
SIM4
1
21
22
SIM5
SIM1
SIM2
SIM3
SIM4
1
21
22
SIM5
SIM1
SIM2
SIM3
SIM4
1
21
22
SIM5
SIM1
SIM2
SIM3
SIM4
1
21
22
SIM5
SIM1
SIM2
SIM3
SIM4
1
21
22
SIM5
SIM1
SIM2
SIM3
SIM4
1
21
22
SIM5
SIM1
SIM2
SIM3
SIM4
1
21
22
SIM5
SIM1
SIM2
SIM3
SIM4
1
21
22
SIM5
SIM1
SIM2
SIM3
SIM4
1
21
22
SIM5
SIM1
SIM2
SIM3
SIM4
1
21
22
SIM5
SIM1
SIM2
SIM3
SIM4
1
21
22
SIM5
SIM1
SIM2
SIM3
SIM4
1
21
22
SIM5
SIM1
SIM2
SIM3
SIM4
1
21
22
SIM5
SIM1
SIM2
SIM3
SIM4
1
21
22
SIM5
SIM1
SIM2
SIM3
SIM4
1
21
22
SIM5
SIM1
SIM2
SIM3
SIM4
1
21
22
SIM5
SIM1
SIM2
SIM3
SIM4
1
21
22
SIM5
SIM1
SIM2
SIM3
SIM4
1
21
22
SIM5
SIM1
SIM2
SIM3
SIM4
1
21
22
SIM5
SIM1
SIM2
SIM3
SIM4
1
21
22
SIM5
SIM1
SIM2
DEBUG 1 142
SIM1
SIM2
SIM3
SIM4
1
21
22
SIM5
SIM1
SIM2
SIM3
SIM4
1
21
22
SIM5
SIM1
SIM2
SIM3
SIM4
1
21
22
SIM5
SIM1
SIM2
SIM3
SIM4
1
21
22
SIM5
SIM1
SIM2
SIM3
SIM4
1
21
22
SIM5
SIM1
SIM2
SIM3
SIM4
1
21
22
SIM5
SIM1
SIM2
SIM3
SIM4
1
21
22
SIM5
SIM1
SIM2
SIM3
SIM4
1
21
22
SIM5
SIM1
SIM2
SIM3
SIM4
1
21
22
SIM5
SIM1
SIM2
SIM3
SIM4
1
21
22
SIM5
SIM1
SIM2
SIM3
SIM4
1
21
22
SIM5
SIM1
SIM2
SIM3
SIM4
1
21
22
SIM5
SIM1
SIM2
SIM3
SIM4
1
21
22
SIM5
SIM1
SIM2
SIM3
SIM4
1
21
22
SIM5
SIM1
SIM2
SIM3
SIM4
1
21
22
SIM5
SIM1
SIM2
SIM3
SIM4
1
21
22
SIM5
SIM1
SIM2
SIM3
SIM4
1
21
22
SIM5
SIM1
SIM2
SIM3
SIM4
1
21
22
SIM5
SIM1
SIM2
SIM3
SIM4
1
21
22
SIM5
SIM1
SIM2
SIM3
SIM4
1
21
22
SIM5
SIM1
SIM2
SIM3
SIM4
1
21
22
SIM5
SIM1
SIM2
SIM3
SIM4
1
21
22
SIM5
SIM1
SIM2
SIM3
SIM4
1
21
22
SIM5
SIM1
SIM2
SIM3
SIM4
1
21
22
SIM5
SIM1
SIM2
SIM3
SIM4
1
21
22
SIM5
SIM1
SIM2
SIM3
SIM4
1
21
22
SIM5
SIM1
SIM2
SIM3
SIM4
1
21
22
SIM5
SIM1
SIM2
SIM3
SIM4
1
21
22
SIM5
SIM1
SIM2
SIM3
SIM4
1
21
22
SIM5
SIM1
SIM2
SIM3
SIM4
1
21
22
SIM5
SIM1
SIM2
SIM3
SIM4
1
21
22
SIM5
SIM1
SIM2
SIM3
SIM4
1
21
22
SIM5
SIM1
SIM2
SIM3
SIM4
1
21
22
SIM5
SIM1
SIM2
SIM3
SIM4
1
21
22
SIM5
SIM1
SIM2
SIM3
SIM4
1
21
22
SIM5
SIM1
SIM2
SIM3
SIM4
1
21
22
SIM5
SIM1
SIM2
SIM3
SIM4
1
21
22
SIM5
SIM1
SIM2
SIM3
SIM4
1
21
22
SIM5
SIM1
SIM2
SIM3
SIM4
1
21
22
SIM5
SIM1
SIM2
SIM3
SIM4
1
21
22
SIM5
SIM1
SIM2
SIM3
SIM4
1
21
22
SIM5
SIM1
SIM2
SIM3
SIM4
1
21
22
SIM5
SIM1
SIM2
SIM3
SIM4
1
21
22
SIM5
SIM1
SIM2
SIM3
SIM4
1
21
22
SIM5
SIM1
SIM2
SIM3
SIM4
1
21
22
SIM5
SIM1
SIM2
SIM3
SIM4
1
21
22
SIM5
SIM1
SIM2
SIM3
SIM4
1
21
22
SIM5
SIM1
SIM2
SIM3
SIM4
1
21
22
SIM5
SIM1
SIM2
SIM3
SIM4
1
21
22
SIM5
SIM1
SIM2
SIM3
SIM4
1
21
22
SIM5
SIM1
SIM2
SIM3
SIM4
1
21
22
SIM5
SIM1
SIM2
SIM3
SIM4
1
21
22
SIM5
SIM1
SIM2
SIM3
SIM4
1
21
22
SIM5
SIM1
SIM2
SIM3
SIM4
1
21
22
SIM5
SIM1
SIM2
SIM3
SIM4
1
21
22
SIM5
SIM1
SIM2
SIM3
SIM4
1
21
22
SIM5
SIM1
SIM2
SIM3
SIM4
1
21
22
SIM5
SIM1
SIM2
SIM3
SIM4
1
21
22
SIM5
SIM1
SIM2
SIM3
SIM4
1
21
22
SIM5
SIM1
SIM2
SIM3
SIM4
1
21
22
SIM5
SIM1
SIM2
SIM3
SIM4
1
21
22
SIM5
SIM1
SIM2
SIM3
SIM4
1
21
22
SIM5
SIM1
SIM2
SIM3
SIM4
1
21
22
SIM5
SIM1
SIM2
SIM3
SIM4
1
21
22
SIM5
SIM1
SIM2
SIM3
SIM4
1
21
22
SIM5
SIM1
SIM2
SIM3
SIM4
1
21
22
SIM5
SIM1
SIM2
SIM3
SIM4
1
21
22
SIM5
SIM1
SIM2
SIM3
SIM4
1
21
22
SIM5
SIM1
SIM2
SIM3
SIM4
1
21
22
SIM5
SIM1
SIM2
SIM3
SIM4
1
21
22
SIM5
SIM1
SIM2
SIM3
SIM4
1
21
22
SIM5
SIM1
SIM2
SIM3
SIM4
1
21
22
SIM5
SIM1
SIM2
SIM3
SIM4
1
21
22
SIM5
SIM1
SIM2
SIM3
SIM4
1
21
22
SIM5
SIM1
SIM2
SIM3
SIM4
1
21
22
SIM5
SIM1
SIM2
SIM3
SIM4
1
21
22
SIM5
SIM1
SIM2
SIM3
SIM4
1
21
22
SIM5
SIM1
SIM2
SIM3
SIM4
1
21
22
SIM5
SIM1
SIM2
SIM3
SIM4
1
21
22
SIM5
SIM1
SIM2
SIM3
SIM4
1
21
22
SIM5
SIM1
SIM2
SIM3
SIM4
1
21
22
SIM5
SIM1
SIM2
SIM3
SIM4
1
21
22
SIM5
SIM1
SIM2
SIM3
SIM4
1
21
22
SIM5
SIM1
SIM2
SIM3
SIM4
1
21
22
SIM5
SIM1
SIM2
SIM3
SIM4
1
21
22
SIM5
SIM1
SIM2
SIM3
SIM4
1
21
22
SIM5
SIM1
SIM2
SIM3
SIM4
1
21
22
SIM5
SIM1
SIM2
SIM3
SIM4
1
21
22
SIM5
SIM1
SIM2
SIM3
SIM4
1
21
22
SIM5
SIM1
SIM2
SIM3
SIM4
1
21
22
SIM5
SIM1
SIM2
SIM3
SIM4
1
21
22
SIM5
SIM1
SIM2
SIM3
SIM4
1
21
22
SIM5
SIM1
SIM2
SIM3
SIM4
1
21
22
SIM5
SIM1
SIM2
SIM3
SIM4
1
21
22
SIM5
SIM1
SIM2
SIM3
SIM4
1
21
22
SIM5
SIM1
SIM2
SIM3
SIM4
1
21
22
SIM5
SIM1
SIM2
SIM3
SIM4
1
21
22
SIM5
SIM1
SIM2
SIM3
SIM4
1
21
22
SIM5
SIM1
SIM2
SIM3
SIM4
1
21
22
SIM5
SIM1
SIM2
SIM3
SIM4
1
21
22
SIM5
SIM1
SIM2
SIM3
SIM4
1
21
22
SIM5
SIM1
SIM2
SIM3
SIM4
1
21
22
SIM5
SIM1
SIM2
SIM3
SIM4
1
21
22
SIM5
SIM1
SIM2
SIM3
SIM4
1
21
22
SIM5
SIM1
SIM2
SIM3
SIM4
1
21
22
SIM5
SIM1
SIM2
SIM3
SIM4
1
21
22
SIM5
SIM1
SIM2
SIM3
SIM4
1
21
22
SIM5
SIM1
SIM2
SIM3
SIM4
1
21
22
SIM5
SIM1
SIM2
SIM3
SIM4
1
21
22
SIM5
SIM1
SIM2
SIM3
SIM4
1
21
22
SIM5
SIM1
SIM2
SIM3
SIM4
1
21
22
SIM5
SIM1
SIM2
SIM3
SIM4
1
21
22
SIM5
SIM1
SIM2
SIM3
SIM4
1
21
22
SIM5
SIM1
SIM2
SIM3
SIM4
1
21
22
SIM5
SIM1
SIM2
SIM3
SIM4
1
21
22
SIM5
SIM1
SIM2
SIM3
SIM4
1
21
22
SIM5
SIM1
SIM2
SIM3
SIM4
1
21
22
SIM5
SIM1
SIM2
SIM3
SIM4
1
21
22
SIM5
SIM1
SIM2
SIM3
SIM4
1
21
22
SIM5
SIM1
SIM2
SIM3
SIM4
1
21
22
SIM5
SIM1
SIM2
SIM3
SIM4
1
21
22
SIM5
SIM1
SIM2
SIM3
SIM4
1
21
22
SIM5
SIM1
SIM2
SIM3
SIM4
1
21
22
SIM5
SIM1
SIM2
SIM3
SIM4
1
21
22
SIM5
SIM1
SIM2
SIM3
SIM4
1
21
22
SIM5
SIM1
SIM2
SIM3
SIM4
1
21
22
SIM5
SIM1
SIM2
SIM3
SIM4
1
21
22
SIM5
SIM1
SIM2
SIM3
SIM4
1
21
22
SIM5
SIM1
SIM2
SIM3
SIM4
1
21
22
SIM5
SIM1
SIM2
SIM3
SIM4
1
21
22
SIM5
SIM1
SIM2
SIM3
SIM4
1
21
22
SIM5
SIM1
SIM2
SIM3
SIM4
1
21
22
SIM5
SIM1
SIM2
SIM3
SIM4
1
21
22
SIM5
SIM1
SIM2
SIM3
SIM4
1
21
22
SIM5
SIM1
SIM2
SIM3
SIM4
1
21
22
SIM5
SIM1
SIM2
SIM3
SIM4
1
21
22
SIM5
SIM1
SIM2
SIM3
SIM4
1
21
22
SIM5
SIM1
SIM2
SIM3
SIM4
1
21
22
SIM5
SIM1
SIM2
SIM3
SIM4
1
21
22
SIM5
SIM1
SIM2
SIM3
SIM4
1
21
22
SIM5
SIM1
SIM2
SIM3
SIM4
1
21
22
SIM5
SIM1
SIM2
SIM3
SIM4
1
21
22
SIM5
SIM1
SIM2
SIM3
SIM4
1
21
22
SIM5
SIM1
SIM2
SIM3
SIM4
1
21
22
SIM5
SIM1
SIM2
SIM3
SIM4
1
21
22
SIM5
SIM1
SIM2
SIM3
SIM4
1
21
22
SIM5
SIM1
SIM2
SIM3
SIM4
1
21
22
SIM5
SIM1
SIM2
SIM3
SIM4
1
21
22
SIM5
SIM1
SIM2
SIM3
SIM4
1
21
22
SIM5
SIM1
SIM2
SIM3
SIM4
1
21
22
SIM5
SIM1
SIM2
SIM3
SIM4
1
21
22
SIM5
SIM1
SIM2
SIM3
SIM4
1
21
22
SIM5
SIM1
SIM2
SIM3
SIM4
1
21
22
SIM5
SIM1
SIM2
SIM3
SIM4
1
21
22
SIM5
SIM1
SIM2
SIM3
SIM4
1
21
22
SIM5
SIM1
SIM2
SIM3
SIM4
1
21
22
SIM5
SIM1
SIM2
SIM3
SIM4
1
21
22
SIM5
SIM1
SIM2
SIM3
SIM4
1
21
22
SIM5
SIM1
SIM2
SIM3
SIM4
1
21
22
SIM5
SIM1
SIM2
SIM3
SIM4
1
21
22
SIM5
SIM1
SIM2
SIM3
SIM4
1
21
22
SIM5
SIM1
SIM2
SIM3
SIM4
1
21
22
SIM5
SIM1
SIM2
SIM3
SIM4
1
21
22
SIM5
SIM1
SIM2
SIM3
SIM4
1
21
22
SIM5
SIM1
SIM2
SIM3
SIM4
1
21
22
SIM5
SIM1
SIM2
SIM3
SIM4
1
21
22
SIM5
SIM1
SIM2
SIM3
SIM4
1
21
22
SIM5
SIM1
SIM2
SIM3
SIM4
1
21
22
SIM5
SIM1
SIM2
SIM3
SIM4
1
21
22
SIM5
SIM1
SIM2
SIM3
SIM4
1
21
22
SIM5
SIM1
SIM2
SIM3
SIM4
1
21
22
SIM5
SIM1
SIM2
SIM3
SIM4
1
21
22
SIM5
SIM1
SIM2
SIM3
SIM4
1
21
22
SIM5
SIM1
SIM2
SIM3
SIM4
1
21
22
SIM5
SIM1
SIM2
SIM3
SIM4
1
21
22
SIM5
SIM1
SIM2
SIM3
SIM4
1
21
22
SIM5
SIM1
SIM2
SIM3
SIM4
1
21
22
SIM5
SIM1
SIM2
SIM3
SIM4
1
21
22
SIM5
SIM1
SIM2
SIM3
SIM4
1
21
22
SIM5
SIM1
SIM2
SIM3
SIM4
1
21
22
SIM5
SIM1
SIM2
SIM3
SIM4
1
21
22
SIM5
SIM1
SIM2
SIM3
SIM4
1
21
22
SIM5
SIM1
SIM2
SIM3
SIM4
1
21
22
SIM5
SIM1
SIM2
SIM3
SIM4
1
21
22
SIM5
SIM1
SIM2
SIM3
SIM4
1
21
22
SIM5
SIM1
SIM2
SIM3
SIM4
1
21
22
SIM5
SIM1
SIM2
SIM3
SIM4
1
21
22
SIM5
SIM1
SIM2
SIM3
SIM4
1
21
22
SIM5
SIM1
SIM2
DEBUG 1 143
SIM1
SIM2
SIM3
SIM4
1
21
22
SIM5
SIM1
SIM2
SIM3
SIM4
1
21
22
SIM5
SIM1
SIM2
SIM3
SIM4
1
21
22
SIM5
SIM1
SIM2
SIM3
SIM4
1
21
22
SIM5
SIM1
SIM2
SIM3
SIM4
1
21
22
SIM5
SIM1
SIM2
SIM3
SIM4
1
21
22
SIM5
SIM1
SIM2
SIM3
SIM4
1
21
22
SIM5
SIM1
SIM2
SIM3
SIM4
1
21
22
SIM5
SIM1
SIM2
SIM3
SIM4
1
21
22
SIM5
SIM1
SIM2
SIM3
SIM4
1
21
22
SIM5
SIM1
SIM2
SIM3
SIM4
1
21
22
SIM5
SIM1
SIM2
SIM3
SIM4
1
21
22
SIM5
SIM1
SIM2
SIM3
SIM4
1
21
22
SIM5
SIM1
SIM2
SIM3
SIM4
1
21
22
SIM5
SIM1
SIM2
SIM3
SIM4
1
21
22
SIM5
SIM1
SIM2
SIM3
SIM4
1
21
22
SIM5
SIM1
SIM2
SIM3
SIM4
1
21
22
SIM5
SIM1
SIM2
SIM3
SIM4
1
21
22
SIM5
SIM1
SIM2
SIM3
SIM4
1
21
22
SIM5
SIM1
SIM2
SIM3
SIM4
1
21
22
SIM5
SIM1
SIM2
SIM3
SIM4
1
21
22
SIM5
SIM1
SIM2
SIM3
SIM4
1
21
22
SIM5
SIM1
SIM2
SIM3
SIM4
1
21
22
SIM5
SIM1
SIM2
SIM3
SIM4
1
21
22
SIM5
SIM1
SIM2
SIM3
SIM4
1
21
22
SIM5
SIM1
SIM2
SIM3
SIM4
1
21
22
SIM5
SIM1
SIM2
SIM3
SIM4
1
21
22
SIM5
SIM1
SIM2
SIM3
SIM4
1
21
22
SIM5
SIM1
SIM2
SIM3
SIM4
1
21
22
SIM5
SIM1
SIM2
SIM3
SIM4
1
21
22
SIM5
SIM1
SIM2
SIM3
SIM4
1
21
22
SIM5
SIM1
SIM2
SIM3
SIM4
1
21
22
SIM5
SIM1
SIM2
SIM3
SIM4
1
21
22
SIM5
SIM1
SIM2
SIM3
SIM4
1
21
22
SIM5
SIM1
SIM2
SIM3
SIM4
1
21
22
SIM5
SIM1
SIM2
SIM3
SIM4
1
21
22
SIM5
SIM1
SIM2
SIM3
SIM4
1
21
22
SIM5
SIM1
SIM2
SIM3
SIM4
1
21
22
SIM5
SIM1
SIM2
SIM3
SIM4
1
21
22
SIM5
SIM1
SIM2
SIM3
SIM4
1
21
22
SIM5
SIM1
SIM2
SIM3
SIM4
1
21
22
SIM5
SIM1
SIM2
SIM3
SIM4
1
21
22
SIM5
SIM1
SIM2
SIM3
SIM4
1
21
22
SIM5
SIM1
SIM2
SIM3
SIM4
1
21
22
SIM5
SIM1
SIM2
SIM3
SIM4
1
21
22
SIM5
SIM1
SIM2
SIM3
SIM4
1
21
22
SIM5
SIM1
SIM2
SIM3
SIM4
1
21
22
SIM5
SIM1
SIM2
SIM3
SIM4
1
21
22
SIM5
SIM1
SIM2
SIM3
SIM4
1
21
22
SIM5
SIM1
SIM2
SIM3
SIM4
1
21
22
SIM5
SIM1
SIM2
SIM3
SIM4
1
21
22
SIM5
SIM1
SIM2
SIM3
SIM4
1
21
22
SIM5
SIM1
SIM2
SIM3
SIM4
1
21
22
SIM5
SIM1
SIM2
SIM3
SIM4
1
21
22
SIM5
SIM1
SIM2
SIM3
SIM4
1
21
22
SIM5
SIM1
SIM2
SIM3
SIM4
1
21
22
SIM5
SIM1
SIM2
SIM3
SIM4
1
21
22
SIM5
SIM1
SIM2
SIM3
SIM4
1
21
22
SIM5
SIM1
SIM2
SIM3
SIM4
1
21
22
SIM5
SIM1
SIM2
SIM3
SIM4
1
21
22
SIM5
SIM1
SIM2
SIM3
SIM4
1
21
22
SIM5
SIM1
SIM2
SIM3
SIM4
1
21
22
SIM5
SIM1
SIM2
SIM3
SIM4
1
21
22
SIM5
SIM1
SIM2
SIM3
SIM4
1
21
22
SIM5
SIM1
SIM2
SIM3
SIM4
1
21
22
SIM5
SIM1
SIM2
SIM3
SIM4
1
21
22
SIM5
SIM1
SIM2
SIM3
SIM4
1
21
22
SIM5
SIM1
SIM2
SIM3
SIM4
1
21
22
SIM5
SIM1
SIM2
SIM3
SIM4
1
21
22
SIM5
SIM1
SIM2
SIM3
SIM4
1
21
22
SIM5
SIM1
SIM2
SIM3
SIM4
1
21
22
SIM5
SIM1
SIM2
SIM3
SIM4
1
21
22
SIM5
SIM1
SIM2
SIM3
SIM4
1
21
22
SIM5
SIM1
SIM2
SIM3
SIM4
1
21
22
SIM5
SIM1
SIM2
SIM3
SIM4
1
21
22
SIM5
SIM1
SIM2
SIM3
SIM4
1
21
22
SIM5
SIM1
SIM2
SIM3
SIM4
1
21
22
SIM5
SIM1
SIM2
SIM3
SIM4
1
21
22
SIM5
SIM1
SIM2
SIM3
SIM4
1
21
22
SIM5
SIM1
SIM2
SIM3
SIM4
1
21
22
SIM5
SIM1
SIM2
SIM3
SIM4
1
21
22
SIM5
SIM1
SIM2
SIM3
SIM4
1
21
22
SIM5
SIM1
SIM2
SIM3
SIM4
1
21
22
SIM5
SIM1
SIM2
SIM3
SIM4
1
21
22
SIM5
SIM1
SIM2
SIM3
SIM4
1
21
22
SIM5
SIM1
SIM2
SIM3
SIM4
1
21
22
SIM5
SIM1
SIM2
SIM3
SIM4
1
21
22
SIM5
SIM1
SIM2
SIM3
SIM4
1
21
22
SIM5
SIM1
SIM2
SIM3
SIM4
1
21
22
SIM5
SIM1
SIM2
SIM3
SIM4
1
21
22
SIM5
SIM1
SIM2
SIM3
SIM4
1
21
22
SIM5
SIM1
SIM2
SIM3
SIM4
1
21
22
SIM5
SIM1
SIM2
SIM3
SIM4
1
21
22
SIM5
SIM1
SIM2
SIM3
SIM4
1
21
22
SIM5
SIM1
SIM2
SIM3
SIM4
1
21
22
SIM5
SIM1
SIM2
SIM3
SIM4
1
21
22
SIM5
SIM1
SIM2
SIM3
SIM4
1
21
22
SIM5
SIM1
SIM2
SIM3
SIM4
1
21
22
SIM5
SIM1
SIM2
SIM3
SIM4
1
21
22
SIM5
SIM1
SIM2
SIM3
SIM4
1
21
22
SIM5
SIM1
SIM2
SIM3
SIM4
1
21
22
SIM5
SIM1
SIM2
SIM3
SIM4
1
21
22
SIM5
SIM1
SIM2
SIM3
SIM4
1
21
22
SIM5
SIM1
SIM2
SIM3
SIM4
1
21
22
SIM5
SIM1
SIM2
SIM3
SIM4
1
21
22
SIM5
SIM1
SIM2
SIM3
SIM4
1
21
22
SIM5
SIM1
SIM2
SIM3
SIM4
1
21
22
SIM5
SIM1
SIM2
SIM3
SIM4
1
21
22
SIM5
SIM1
SIM2
SIM3
SIM4
1
21
22
SIM5
SIM1
SIM2
SIM3
SIM4
1
21
22
SIM5
SIM1
SIM2
SIM3
SIM4
1
21
22
SIM5
SIM1
SIM2
SIM3
SIM4
1
21
22
SIM5
SIM1
SIM2
SIM3
SIM4
1
21
22
SIM5
SIM1
SIM2
SIM3
SIM4
1
21
22
SIM5
SIM1
SIM2
SIM3
SIM4
1
21
22
SIM5
SIM1
SIM2
SIM3
SIM4
1
21
22
SIM5
SIM1
SIM2
SIM3
SIM4
1
21
22
SIM5
SIM1
SIM2
SIM3
SIM4
1
21
22
SIM5
SIM1
SIM2
SIM3
SIM4
1
21
22
SIM5
SIM1
SIM2
SIM3
SIM4
1
21
22
SIM5
SIM1
SIM2
SIM3
SIM4
1
21
22
SIM5
SIM1
SIM2
SIM3
SIM4
1
21
22
SIM5
SIM1
SIM2
SIM3
SIM4
1
21
22
SIM5
SIM1
SIM2
SIM3
SIM4
1
21
22
SIM5
SIM1
SIM2
SIM3
SIM4
1
21
22
SIM5
SIM1
SIM2
SIM3
SIM4
1
21
22
SIM5
SIM1
SIM2
SIM3
SIM4
1
21
22
SIM5
SIM1
SIM2
SIM3
SIM4
1
21
22
SIM5
SIM1
SIM2
SIM3
SIM4
1
21
22
SIM5
SIM1
SIM2
SIM3
SIM4
1
21
22
SIM5
SIM1
SIM2
SIM3
SIM4
1
21
22
SIM5
SIM1
SIM2
SIM3
SIM4
1
21
22
SIM5
SIM1
SIM2
SIM3
SIM4
1
21
22
SIM5
SIM1
SIM2
DEBUG 1 144
SIM1
SIM2
SIM3
SIM4
1
21
22
SIM5
SIM1
SIM2
SIM3
SIM4
1
21
22
SIM5
SIM1
SIM2
SIM3
SIM4
1
21
22
SIM5
SIM1
SIM2
SIM3
SIM4
1
21
22
SIM5
SIM1
SIM2
SIM3
SIM4
1
21
22
SIM5
SIM1
SIM2
SIM3
SIM4
1
21
22
SIM5
SIM1
SIM2
SIM3
SIM4
1
21
22
SIM5
SIM1
SIM2
SIM3
SIM4
1
21
22
SIM5
SIM1
SIM2
SIM3
SIM4
1
21
22
SIM5
SIM1
SIM2
SIM3
SIM4
1
21
22
SIM5
SIM1
SIM2
SIM3
SIM4
1
21
22
SIM5
SIM1
SIM2
SIM3
SIM4
1
21
22
SIM5
SIM1
SIM2
SIM3
SIM4
1
21
22
SIM5
SIM1
SIM2
SIM3
SIM4
1
21
22
SIM5
SIM1
SIM2
SIM3
SIM4
1
21
22
SIM5
SIM1
SIM2
SIM3
SIM4
1
21
22
SIM5
SIM1
SIM2
SIM3
SIM4
1
21
22
SIM5
SIM1
SIM2
SIM3
SIM4
1
21
22
SIM5
SIM1
SIM2
SIM3
SIM4
1
21
22
SIM5
SIM1
SIM2
SIM3
SIM4
1
21
22
SIM5
SIM1
SIM2
SIM3
SIM4
1
21
22
SIM5
SIM1
SIM2
SIM3
SIM4
1
21
22
SIM5
SIM1
SIM2
SIM3
SIM4
1
21
22
SIM5
SIM1
SIM2
SIM3
SIM4
1
21
22
SIM5
SIM1
SIM2
SIM3
SIM4
1
21
22
SIM5
SIM1
SIM2
SIM3
SIM4
1
21
22
SIM5
SIM1
SIM2
SIM3
SIM4
1
21
22
SIM5
SIM1
SIM2
SIM3
SIM4
1
21
22
SIM5
SIM1
SIM2
SIM3
SIM4
1
21
22
SIM5
SIM1
SIM2
SIM3
SIM4
1
21
22
SIM5
SIM1
SIM2
SIM3
SIM4
1
21
22
SIM5
SIM1
SIM2
SIM3
SIM4
1
21
22
SIM5
SIM1
SIM2
SIM3
SIM4
1
21
22
SIM5
SIM1
SIM2
SIM3
SIM4
1
21
22
SIM5
SIM1
SIM2
SIM3
SIM4
1
21
22
SIM5
SIM1
SIM2
SIM3
SIM4
1
21
22
SIM5
SIM1
SIM2
SIM3
SIM4
1
21
22
SIM5
SIM1
SIM2
SIM3
SIM4
1
21
22
SIM5
SIM1
SIM2
SIM3
SIM4
1
21
22
SIM5
SIM1
SIM2
SIM3
SIM4
1
21
22
SIM5
SIM1
SIM2
SIM3
SIM4
1
21
22
SIM5
SIM1
SIM2
SIM3
SIM4
1
21
22
SIM5
SIM1
SIM2
SIM3
SIM4
1
21
22
SIM5
SIM1
SIM2
SIM3
SIM4
1
21
22
SIM5
SIM1
SIM2
SIM3
SIM4
1
21
22
SIM5
SIM1
SIM2
SIM3
SIM4
1
21
22
SIM5
SIM1
SIM2
SIM3
SIM4
1
21
22
SIM5
SIM1
SIM2
SIM3
SIM4
1
21
22
SIM5
SIM1
SIM2
SIM3
SIM4
1
21
22
SIM5
SIM1
SIM2
SIM3
SIM4
1
21
22
SIM5
SIM1
SIM2
SIM3
SIM4
1
21
22
SIM5
SIM1
SIM2
SIM3
SIM4
1
21
22
SIM5
SIM1
SIM2
SIM3
SIM4
1
21
22
SIM5
SIM1
SIM2
SIM3
SIM4
1
21
22
SIM5
SIM1
SIM2
SIM3
SIM4
1
21
22
SIM5
SIM1
SIM2
SIM3
SIM4
1
21
22
SIM5
SIM1
SIM2
SIM3
SIM4
1
21
22
SIM5
SIM1
SIM2
SIM3
SIM4
1
21
22
SIM5
SIM1
SIM2
SIM3
SIM4
1
21
22
SIM5
SIM1
SIM2
SIM3
SIM4
1
21
22
SIM5
SIM1
SIM2
SIM3
SIM4
1
21
22
SIM5
SIM1
SIM2
SIM3
SIM4
1
21
22
SIM5
SIM1
SIM2
SIM3
SIM4
1
21
22
SIM5
SIM1
SIM2
SIM3
SIM4
1
21
22
SIM5
SIM1
SIM2
SIM3
SIM4
1
21
22
SIM5
SIM1
SIM2
SIM3
SIM4
1
21
22
SIM5
SIM1
SIM2
SIM3
SIM4
1
21
22
SIM5
SIM1
SIM2
SIM3
SIM4
1
21
22
SIM5
SIM1
SIM2
SIM3
SIM4
1
21
22
SIM5
SIM1
SIM2
SIM3
SIM4
1
21
22
SIM5
SIM1
SIM2
SIM3
SIM4
1
21
22
SIM5
SIM1
SIM2
SIM3
SIM4
1
21
22
SIM5
SIM1
SIM2
SIM3
SIM4
1
21
22
SIM5
SIM1
SIM2
SIM3
SIM4
1
21
22
SIM5
SIM1
SIM2
SIM3
SIM4
1
21
22
SIM5
SIM1
SIM2
SIM3
SIM4
1
21
22
SIM5
SIM1
SIM2
SIM3
SIM4
1
21
22
SIM5
SIM1
SIM2
SIM3
SIM4
1
21
22
SIM5
SIM1
SIM2
SIM3
SIM4
1
21
22
SIM5
SIM1
SIM2
SIM3
SIM4
1
21
22
SIM5
SIM1
SIM2
SIM3
SIM4
1
21
22
SIM5
SIM1
SIM2
SIM3
SIM4
1
21
22
SIM5
SIM1
SIM2
SIM3
SIM4
1
21
22
SIM5
SIM1
SIM2
SIM3
SIM4
1
21
22
SIM5
SIM1
SIM2
SIM3
SIM4
1
21
22
SIM5
SIM1
SIM2
SIM3
SIM4
1
21
22
SIM5
SIM1
SIM2
SIM3
SIM4
1
21
22
SIM5
SIM1
SIM2
SIM3
SIM4
1
21
22
SIM5
SIM1
SIM2
SIM3
SIM4
1
21
22
SIM5
SIM1
SIM2
SIM3
SIM4
1
21
22
SIM5
SIM1
SIM2
SIM3
SIM4
1
21
22
SIM5
SIM1
SIM2
SIM3
SIM4
1
21
22
SIM5
SIM1
SIM2
SIM3
SIM4
1
21
22
SIM5
SIM1
SIM2
SIM3
SIM4
1
21
22
SIM5
SIM1
SIM2
SIM3
SIM4
1
21
22
SIM5
SIM1
SIM2
SIM3
SIM4
1
21
22
SIM5
SIM1
SIM2
SIM3
SIM4
1
21
22
SIM5
SIM1
SIM2
SIM3
SIM4
1
21
22
SIM5
SIM1
SIM2
SIM3
SIM4
1
21
22
SIM5
SIM1
SIM2
SIM3
SIM4
1
21
22
SIM5
SIM1
SIM2
SIM3
SIM4
1
21
22
SIM5
SIM1
SIM2
SIM3
SIM4
1
21
22
SIM5
SIM1
SIM2
SIM3
SIM4
1
21
22
SIM5
SIM1
SIM2
SIM3
SIM4
1
21
22
SIM5
SIM1
SIM2
SIM3
SIM4
1
21
22
SIM5
SIM1
SIM2
SIM3
SIM4
1
21
22
SIM5
SIM1
SIM2
SIM3
SIM4
1
21
22
SIM5
SIM1
SIM2
SIM3
SIM4
1
21
22
SIM5
SIM1
SIM2
SIM3
SIM4
1
21
22
SIM5
SIM1
SIM2
SIM3
SIM4
1
21
22
SIM5
SIM1
SIM2
SIM3
SIM4
1
21
22
SIM5
SIM1
SIM2
SIM3
SIM4
1
21
22
SIM5
SIM1
SIM2
SIM3
SIM4
1
21
22
SIM5
SIM1
SIM2
SIM3
SIM4
1
21
22
SIM5
SIM1
SIM2
SIM3
SIM4
1
21
22
SIM5
SIM1
SIM2
SIM3
SIM4
1
21
22
SIM5
SIM1
SIM2
SIM3
SIM4
1
21
22
SIM5
SIM1
SIM2
SIM3
SIM4
1
21
22
SIM5
SIM1
SIM2
SIM3
SIM4
1
21
22
SIM5
SIM1
SIM2
SIM3
SIM4
1
21
22
SIM5
SIM1
SIM2
SIM3
SIM4
1
21
22
SIM5
SIM1
SIM2
SIM3
SIM4
1
21
22
SIM5
SIM1
SIM2
SIM3
SIM4
1
21
22
SIM5
SIM1
SIM2
SIM3
SIM4
1
21
22
SIM5
SIM1
SIM2
SIM3
SIM4
1
21
22
SIM5
SIM1
SIM2
SIM3
SIM4
1
21
22
SIM5
SIM1
SIM2
SIM3
SIM4
1
21
22
SIM5
SIM1
SIM2
SIM3
SIM4
1
21
22
SIM5
SIM1
SIM2
SIM3
SIM4
1
21
22
SIM5
SIM1
SIM2
SIM3
SIM4
1
21
22
SIM5
SIM1
SIM2
SIM3
SIM4
1
21
22
SIM5
SIM1
SIM2
SIM3
SIM4
1
21
22
SIM5
SIM1
SIM2
SIM3
SIM4
1
21
22
SIM5
SIM1
SIM2
SIM3
SIM4
1
21
22
SIM5
SIM1
SIM2
SIM3
SIM4
1
21
22
SIM5
SIM1
SIM2
SIM3
SIM4
1
21
22
SIM5
SIM1
SIM2
SIM3
SIM4
1
21
22
SIM5
SIM1
SIM2
SIM3
SIM4
1
21
22
SIM5
SIM1
SIM2
SIM3
SIM4
1
21
22
SIM5
SIM1
SIM2
SIM3
SIM4
1
21
22
SIM5
SIM1
SIM2
SIM3
SIM4
1
21
22
SIM5
SIM1
SIM2
SIM3
SIM4
1
21
22
SIM5
SIM1
SIM2
SIM3
SIM4
1
21
22
SIM5
SIM1
SIM2
SIM3
SIM4
1
21
22
SIM5
SIM1
SIM2
SIM3
SIM4
1
21
22
SIM5
SIM1
SIM2
SIM3
SIM4
1
21
22
SIM5
SIM1
SIM2
SIM3
SIM4
1
21
22
SIM5
SIM1
SIM2
SIM3
SIM4
1
21
22
SIM5
SIM1
SIM2
SIM3
SIM4
1
21
22
SIM5
SIM1
SIM2
SIM3
SIM4
1
21
22
SIM5
SIM1
SIM2
SIM3
SIM4
1
21
22
SIM5
SIM1
SIM2
SIM3
SIM4
1
21
22
SIM5
SIM1
SIM2
SIM3
SIM4
1
21
22
SIM5
SIM1
SIM2
SIM3
SIM4
1
21
22
SIM5
SIM1
SIM2
SIM3
SIM4
1
21
22
SIM5
SIM1
SIM2
SIM3
SIM4
1
21
22
SIM5
SIM1
SIM2
SIM3
SIM4
1
21
22
SIM5
SIM1
SIM2
SIM3
SIM4
1
21
22
SIM5
SIM1
SIM2
SIM3
SIM4
1
21
22
SIM5
SIM1
SIM2
SIM3
SIM4
1
21
22
SIM5
SIM1
SIM2
SIM3
SIM4
1
21
22
SIM5
SIM1
SIM2
SIM3
SIM4
1
21
22
SIM5
SIM1
SIM2
SIM3
SIM4
1
21
22
SIM5
SIM1
SIM2
SIM3
SIM4
1
21
22
SIM5
SIM1
SIM2
SIM3
SIM4
1
21
22
SIM5
SIM1
SIM2
SIM3
SIM4
1
21
22
SIM5
SIM1
SIM2
SIM3
SIM4
1
21
22
SIM5
SIM1
SIM2
SIM3
SIM4
1
21
22
SIM5
SIM1
SIM2
SIM3
SIM4
1
21
22
SIM5
SIM1
SIM2
SIM3
SIM4
1
21
22
SIM5
SIM1
SIM2
SIM3
SIM4
1
21
22
SIM5
SIM1
SIM2
DEBUG 1 145
SIM1
SIM2
SIM3
SIM4
1
21
22
SIM5
SIM1
SIM2
SIM3
SIM4
1
21
22
SIM5
SIM1
SIM2
SIM3
SIM4
1
21
22
SIM5
SIM1
SIM2
SIM3
SIM4
1
21
22
SIM5
SIM1
SIM2
SIM3
SIM4
1
21
22
SIM5
SIM1
SIM2
SIM3
SIM4
1
21
22
SIM5
SIM1
SIM2
SIM3
SIM4
1
21
22
SIM5
SIM1
SIM2
SIM3
SIM4
1
21
22
SIM5
SIM1
SIM2
SIM3
SIM4
1
21
22
SIM5
SIM1
SIM2
SIM3
SIM4
1
21
22
SIM5
SIM1
SIM2
SIM3
SIM4
1
21
22
SIM5
SIM1
SIM2
SIM3
SIM4
1
21
22
SIM5
SIM1
SIM2
SIM3
SIM4
1
21
22
SIM5
SIM1
SIM2
SIM3
SIM4
1
21
22
SIM5
SIM1
SIM2
SIM3
SIM4
1
21
22
SIM5
SIM1
SIM2
SIM3
SIM4
1
21
22
SIM5
SIM1
SIM2
SIM3
SIM4
1
21
22
SIM5
SIM1
SIM2
SIM3
SIM4
1
21
22
SIM5
SIM1
SIM2
SIM3
SIM4
1
21
22
SIM5
SIM1
SIM2
SIM3
SIM4
1
21
22
SIM5
SIM1
SIM2
SIM3
SIM4
1
21
22
SIM5
SIM1
SIM2
SIM3
SIM4
1
21
22
SIM5
SIM1
SIM2
SIM3
SIM4
1
21
22
SIM5
SIM1
SIM2
SIM3
SIM4
1
21
22
SIM5
SIM1
SIM2
SIM3
SIM4
1
21
22
SIM5
SIM1
SIM2
SIM3
SIM4
1
21
22
SIM5
SIM1
SIM2
SIM3
SIM4
1
21
22
SIM5
SIM1
SIM2
SIM3
SIM4
1
21
22
SIM5
SIM1
SIM2
SIM3
SIM4
1
21
22
SIM5
SIM1
SIM2
SIM3
SIM4
1
21
22
SIM5
SIM1
SIM2
SIM3
SIM4
1
21
22
SIM5
SIM1
SIM2
SIM3
SIM4
1
21
22
SIM5
SIM1
SIM2
SIM3
SIM4
1
21
22
SIM5
SIM1
SIM2
SIM3
SIM4
1
21
22
SIM5
SIM1
SIM2
SIM3
SIM4
1
21
22
SIM5
SIM1
SIM2
SIM3
SIM4
1
21
22
SIM5
SIM1
SIM2
SIM3
SIM4
1
21
22
SIM5
SIM1
SIM2
SIM3
SIM4
1
21
22
SIM5
SIM1
SIM2
SIM3
SIM4
1
21
22
SIM5
SIM1
SIM2
SIM3
SIM4
1
21
22
SIM5
SIM1
SIM2
SIM3
SIM4
1
21
22
SIM5
SIM1
SIM2
SIM3
SIM4
1
21
22
SIM5
SIM1
SIM2
SIM3
SIM4
1
21
22
SIM5
SIM1
SIM2
SIM3
SIM4
1
21
22
SIM5
SIM1
SIM2
SIM3
SIM4
1
21
22
SIM5
SIM1
SIM2
SIM3
SIM4
1
21
22
SIM5
SIM1
SIM2
SIM3
SIM4
1
21
22
SIM5
SIM1
SIM2
SIM3
SIM4
1
21
22
SIM5
SIM1
SIM2
SIM3
SIM4
1
21
22
SIM5
SIM1
SIM2
SIM3
SIM4
1
21
22
SIM5
SIM1
SIM2
SIM3
SIM4
1
21
22
SIM5
SIM1
SIM2
SIM3
SIM4
1
21
22
SIM5
SIM1
SIM2
SIM3
SIM4
1
21
22
SIM5
SIM1
SIM2
SIM3
SIM4
1
21
22
SIM5
SIM1
SIM2
SIM3
SIM4
1
21
22
SIM5
SIM1
SIM2
SIM3
SIM4
1
21
22
SIM5
SIM1
SIM2
SIM3
SIM4
1
21
22
SIM5
SIM1
SIM2
SIM3
SIM4
1
21
22
SIM5
SIM1
SIM2
SIM3
SIM4
1
21
22
SIM5
SIM1
SIM2
SIM3
SIM4
1
21
22
SIM5
SIM1
SIM2
SIM3
SIM4
1
21
22
SIM5
SIM1
SIM2
SIM3
SIM4
1
21
22
SIM5
SIM1
SIM2
SIM3
SIM4
1
21
22
SIM5
SIM1
SIM2
SIM3
SIM4
1
21
22
SIM5
SIM1
SIM2
SIM3
SIM4
1
21
22
SIM5
SIM1
SIM2
SIM3
SIM4
1
21
22
SIM5
SIM1
SIM2
SIM3
SIM4
1
21
22
SIM5
SIM1
SIM2
SIM3
SIM4
1
21
22
SIM5
SIM1
SIM2
SIM3
SIM4
1
21
22
SIM5
SIM1
SIM2
SIM3
SIM4
1
21
22
SIM5
SIM1
SIM2
SIM3
SIM4
1
21
22
SIM5
SIM1
SIM2
SIM3
SIM4
1
21
22
SIM5
SIM1
SIM2
SIM3
SIM4
1
21
22
SIM5
SIM1
SIM2
SIM3
SIM4
1
21
22
SIM5
SIM1
SIM2
SIM3
SIM4
1
21
22
SIM5
SIM1
SIM2
SIM3
SIM4
1
21
22
SIM5
SIM1
SIM2
SIM3
SIM4
1
21
22
SIM5
SIM1
SIM2
SIM3
SIM4
1
21
22
SIM5
SIM1
SIM2
SIM3
SIM4
1
21
22
SIM5
SIM1
SIM2
SIM3
SIM4
1
21
22
SIM5
SIM1
SIM2
SIM3
SIM4
1
21
22
SIM5
SIM1
SIM2
SIM3
SIM4
1
21
22
SIM5
SIM1
SIM2
SIM3
SIM4
1
21
22
SIM5
SIM1
SIM2
SIM3
SIM4
1
21
22
SIM5
SIM1
SIM2
SIM3
SIM4
1
21
22
SIM5
SIM1
SIM2
SIM3
SIM4
1
21
22
SIM5
SIM1
SIM2
SIM3
SIM4
1
21
22
SIM5
SIM1
SIM2
SIM3
SIM4
1
21
22
SIM5
SIM1
SIM2
SIM3
SIM4
1
21
22
SIM5
SIM1
SIM2
SIM3
SIM4
1
21
22
SIM5
SIM1
SIM2
SIM3
SIM4
1
21
22
SIM5
SIM1
SIM2
SIM3
SIM4
1
21
22
SIM5
SIM1
SIM2
SIM3
SIM4
1
21
22
SIM5
SIM1
SIM2
SIM3
SIM4
1
21
22
SIM5
SIM1
SIM2
SIM3
SIM4
1
21
22
SIM5
SIM1
SIM2
SIM3
SIM4
1
21
22
SIM5
SIM1
SIM2
SIM3
SIM4
1
21
22
SIM5
SIM1
SIM2
SIM3
SIM4
1
21
22
SIM5
SIM1
SIM2
SIM3
SIM4
1
21
22
SIM5
SIM1
SIM2
SIM3
SIM4
1
21
22
SIM5
SIM1
SIM2
SIM3
SIM4
1
21
22
SIM5
SIM1
SIM2
SIM3
SIM4
1
21
22
SIM5
SIM1
SIM2
SIM3
SIM4
1
21
22
SIM5
SIM1
SIM2
SIM3
SIM4
1
21
22
SIM5
SIM1
SIM2
SIM3
SIM4
1
21
22
SIM5
SIM1
SIM2
SIM3
SIM4
1
21
22
SIM5
SIM1
SIM2
SIM3
SIM4
1
21
22
SIM5
SIM1
SIM2
SIM3
SIM4
1
21
22
SIM5
SIM1
SIM2
SIM3
SIM4
1
21
22
SIM5
SIM1
SIM2
SIM3
SIM4
1
21
22
SIM5
SIM1
SIM2
SIM3
SIM4
1
21
22
SIM5
SIM1
SIM2
SIM3
SIM4
1
21
22
SIM5
SIM1
SIM2
SIM3
SIM4
1
21
22
SIM5
SIM1
SIM2
SIM3
SIM4
1
21
22
SIM5
SIM1
SIM2
SIM3
SIM4
1
21
22
SIM5
SIM1
SIM2
SIM3
SIM4
1
21
22
SIM5
SIM1
SIM2
SIM3
SIM4
1
21
22
SIM5
SIM1
SIM2
SIM3
SIM4
1
21
22
SIM5
SIM1
SIM2
SIM3
SIM4
1
21
22
SIM5
SIM1
SIM2
SIM3
SIM4
1
21
22
SIM5
SIM1
SIM2
SIM3
SIM4
1
21
22
SIM5
SIM1
SIM2
SIM3
SIM4
1
21
22
SIM5
SIM1
SIM2
SIM3
SIM4
1
21
22
SIM5
SIM1
SIM2
SIM3
SIM4
1
21
22
SIM5
SIM1
SIM2
SIM3
SIM4
1
21
22
SIM5
SIM1
SIM2
SIM3
SIM4
1
21
22
SIM5
SIM1
SIM2
SIM3
SIM4
1
21
22
SIM5
SIM1
SIM2
SIM3
SIM4
1
21
22
SIM5
SIM1
SIM2
SIM3
SIM4
1
21
22
SIM5
SIM1
SIM2
SIM3
SIM4
1
21
22
SIM5
SIM1
SIM2
SIM3
SIM4
1
21
22
SIM5
SIM1
SIM2
SIM3
SIM4
1
21
22
SIM5
SIM1
SIM2
SIM3
SIM4
1
21
22
SIM5
SIM1
SIM2
SIM3
SIM4
1
21
22
SIM5
SIM1
SIM2
SIM3
SIM4
1
21
22
SIM5
SIM1
SIM2
SIM3
SIM4
1
21
22
SIM5
SIM1
SIM2
SIM3
SIM4
1
21
22
SIM5
SIM1
SIM2
SIM3
SIM4
1
21
22
SIM5
SIM1
SIM2
SIM3
SIM4
1
21
22
SIM5
SIM1
SIM2
SIM3
SIM4
1
21
22
SIM5
SIM1
SIM2
SIM3
SIM4
1
21
22
SIM5
SIM1
SIM2
SIM3
SIM4
1
21
22
SIM5
SIM1
SIM2
SIM3
SIM4
1
21
22
SIM5
SIM1
SIM2
SIM3
SIM4
1
21
22
SIM5
SIM1
SIM2
SIM3
SIM4
1
21
22
SIM5
SIM1
SIM2
SIM3
SIM4
1
21
22
SIM5
SIM1
SIM2
SIM3
SIM4
1
21
22
SIM5
SIM1
SIM2
SIM3
SIM4
1
21
22
SIM5
SIM1
SIM2
SIM3
SIM4
1
21
22
SIM5
SIM1
SIM2
SIM3
SIM4
1
21
22
SIM5
SIM1
SIM2
SIM3
SIM4
1
21
22
SIM5
SIM1
SIM2
SIM3
SIM4
1
21
22
SIM5
SIM1
SIM2
SIM3
SIM4
1
21
22
SIM5
SIM1
SIM2
SIM3
SIM4
1
21
22
SIM5
SIM1
SIM2
SIM3
SIM4
1
21
22
SIM5
SIM1
SIM2
SIM3
SIM4
1
21
22
SIM5
SIM1
SIM2
SIM3
SIM4
1
21
22
SIM5
SIM1
SIM2
SIM3
SIM4
1
21
22
SIM5
SIM1
SIM2
SIM3
SIM4
1
21
22
SIM5
SIM1
SIM2
SIM3
SIM4
1
21
22
SIM5
SIM1
SIM2
SIM3
SIM4
1
21
22
SIM5
SIM1
SIM2
SIM3
SIM4
1
21
22
SIM5
SIM1
SIM2
SIM3
SIM4
1
21
22
SIM5
SIM1
SIM2
SIM3
SIM4
1
21
22
SIM5
SIM1
SIM2
SIM3
SIM4
1
21
22
SIM5
SIM1
SIM2
SIM3
SIM4
1
21
22
SIM5
SIM1
SIM2
SIM3
SIM4
1
21
22
SIM5
SIM1
SIM2
SIM3
SIM4
1
21
22
SIM5
SIM1
SIM2
SIM3
SIM4
1
21
22
SIM5
SIM1
SIM2
DEBUG 1 146
SIM1
SIM2
SIM3
SIM4
1
21
22
SIM5
SIM1
SIM2
SIM3
SIM4
1
21
22
SIM5
SIM1
SIM2
SIM3
SIM4
1
21
22
SIM5
SIM1
SIM2
SIM3
SIM4
1
21
22
SIM5
SIM1
SIM2
SIM3
SIM4
1
21
22
SIM5
SIM1
SIM2
SIM3
SIM4
1
21
22
SIM5
SIM1
SIM2
SIM3
SIM4
1
21
22
SIM5
SIM1
SIM2
SIM3
SIM4
1
21
22
SIM5
SIM1
SIM2
SIM3
SIM4
1
21
22
SIM5
SIM1
SIM2
SIM3
SIM4
1
21
22
SIM5
SIM1
SIM2
SIM3
SIM4
1
21
22
SIM5
SIM1
SIM2
SIM3
SIM4
1
21
22
SIM5
SIM1
SIM2
SIM3
SIM4
1
21
22
SIM5
SIM1
SIM2
SIM3
SIM4
1
21
22
SIM5
SIM1
SIM2
SIM3
SIM4
1
21
22
SIM5
SIM1
SIM2
SIM3
SIM4
1
21
22
SIM5
SIM1
SIM2
SIM3
SIM4
1
21
22
SIM5
SIM1
SIM2
SIM3
SIM4
1
21
22
SIM5
SIM1
SIM2
SIM3
SIM4
1
21
22
SIM5
SIM1
SIM2
SIM3
SIM4
1
21
22
SIM5
SIM1
SIM2
SIM3
SIM4
1
21
22
SIM5
SIM1
SIM2
SIM3
SIM4
1
21
22
SIM5
SIM1
SIM2
SIM3
SIM4
1
21
22
SIM5
SIM1
SIM2
SIM3
SIM4
1
21
22
SIM5
SIM1
SIM2
SIM3
SIM4
1
21
22
SIM5
SIM1
SIM2
SIM3
SIM4
1
21
22
SIM5
SIM1
SIM2
SIM3
SIM4
1
21
22
SIM5
SIM1
SIM2
SIM3
SIM4
1
21
22
SIM5
SIM1
SIM2
SIM3
SIM4
1
21
22
SIM5
SIM1
SIM2
SIM3
SIM4
1
21
22
SIM5
SIM1
SIM2
SIM3
SIM4
1
21
22
SIM5
SIM1
SIM2
SIM3
SIM4
1
21
22
SIM5
SIM1
SIM2
SIM3
SIM4
1
21
22
SIM5
SIM1
SIM2
SIM3
SIM4
1
21
22
SIM5
SIM1
SIM2
SIM3
SIM4
1
21
22
SIM5
SIM1
SIM2
SIM3
SIM4
1
21
22
SIM5
SIM1
SIM2
SIM3
SIM4
1
21
22
SIM5
SIM1
SIM2
SIM3
SIM4
1
21
22
SIM5
SIM1
SIM2
SIM3
SIM4
1
21
22
SIM5
SIM1
SIM2
SIM3
SIM4
1
21
22
SIM5
SIM1
SIM2
SIM3
SIM4
1
21
22
SIM5
SIM1
SIM2
SIM3
SIM4
1
21
22
SIM5
SIM1
SIM2
SIM3
SIM4
1
21
22
SIM5
SIM1
SIM2
SIM3
SIM4
1
21
22
SIM5
SIM1
SIM2
SIM3
SIM4
1
21
22
SIM5
SIM1
SIM2
SIM3
SIM4
1
21
22
SIM5
SIM1
SIM2
SIM3
SIM4
1
21
22
SIM5
SIM1
SIM2
SIM3
SIM4
1
21
22
SIM5
SIM1
SIM2
SIM3
SIM4
1
21
22
SIM5
SIM1
SIM2
SIM3
SIM4
1
21
22
SIM5
SIM1
SIM2
SIM3
SIM4
1
21
22
SIM5
SIM1
SIM2
SIM3
SIM4
1
21
22
SIM5
SIM1
SIM2
SIM3
SIM4
1
21
22
SIM5
SIM1
SIM2
SIM3
SIM4
1
21
22
SIM5
SIM1
SIM2
SIM3
SIM4
1
21
22
SIM5
SIM1
SIM2
SIM3
SIM4
1
21
22
SIM5
SIM1
SIM2
SIM3
SIM4
1
21
22
SIM5
SIM1
SIM2
SIM3
SIM4
1
21
22
SIM5
SIM1
SIM2
SIM3
SIM4
1
21
22
SIM5
SIM1
SIM2
SIM3
SIM4
1
21
22
SIM5
SIM1
SIM2
SIM3
SIM4
1
21
22
SIM5
SIM1
SIM2
SIM3
SIM4
1
21
22
SIM5
SIM1
SIM2
SIM3
SIM4
1
21
22
SIM5
SIM1
SIM2
SIM3
SIM4
1
21
22
SIM5
SIM1
SIM2
SIM3
SIM4
1
21
22
SIM5
SIM1
SIM2
SIM3
SIM4
1
21
22
SIM5
SIM1
SIM2
SIM3
SIM4
1
21
22
SIM5
SIM1
SIM2
SIM3
SIM4
1
21
22
SIM5
SIM1
SIM2
SIM3
SIM4
1
21
22
SIM5
SIM1
SIM2
SIM3
SIM4
1
21
22
SIM5
SIM1
SIM2
SIM3
SIM4
1
21
22
SIM5
SIM1
SIM2
SIM3
SIM4
1
21
22
SIM5
SIM1
SIM2
SIM3
SIM4
1
21
22
SIM5
SIM1
SIM2
SIM3
SIM4
1
21
22
SIM5
SIM1
SIM2
SIM3
SIM4
1
21
22
SIM5
SIM1
SIM2
SIM3
SIM4
1
21
22
SIM5
SIM1
SIM2
SIM3
SIM4
1
21
22
SIM5
SIM1
SIM2
SIM3
SIM4
1
21
22
SIM5
SIM1
SIM2
SIM3
SIM4
1
21
22
SIM5
SIM1
SIM2
SIM3
SIM4
1
21
22
SIM5
SIM1
SIM2
SIM3
SIM4
1
21
22
SIM5
SIM1
SIM2
SIM3
SIM4
1
21
22
SIM5
SIM1
SIM2
SIM3
SIM4
1
21
22
SIM5
SIM1
SIM2
SIM3
SIM4
1
21
22
SIM5
SIM1
SIM2
SIM3
SIM4
1
21
22
SIM5
SIM1
SIM2
SIM3
SIM4
1
21
22
SIM5
SIM1
SIM2
SIM3
SIM4
1
21
22
SIM5
SIM1
SIM2
SIM3
SIM4
1
21
22
SIM5
SIM1
SIM2
SIM3
SIM4
1
21
22
SIM5
SIM1
SIM2
SIM3
SIM4
1
21
22
SIM5
SIM1
SIM2
SIM3
SIM4
1
21
22
SIM5
SIM1
SIM2
SIM3
SIM4
1
21
22
SIM5
SIM1
SIM2
SIM3
SIM4
1
21
22
SIM5
SIM1
SIM2
SIM3
SIM4
1
21
22
SIM5
SIM1
SIM2
SIM3
SIM4
1
21
22
SIM5
SIM1
SIM2
SIM3
SIM4
1
21
22
SIM5
SIM1
SIM2
SIM3
SIM4
1
21
22
SIM5
SIM1
SIM2
SIM3
SIM4
1
21
22
SIM5
SIM1
SIM2
SIM3
SIM4
1
21
22
SIM5
SIM1
SIM2
SIM3
SIM4
1
21
22
SIM5
SIM1
SIM2
SIM3
SIM4
1
21
22
SIM5
SIM1
SIM2
SIM3
SIM4
1
21
22
SIM5
SIM1
SIM2
SIM3
SIM4
1
21
22
SIM5
SIM1
SIM2
SIM3
SIM4
1
21
22
SIM5
SIM1
SIM2
SIM3
SIM4
1
21
22
SIM5
SIM1
SIM2
SIM3
SIM4
1
21
22
SIM5
SIM1
SIM2
SIM3
SIM4
1
21
22
SIM5
SIM1
SIM2
SIM3
SIM4
1
21
22
SIM5
SIM1
SIM2
SIM3
SIM4
1
21
22
SIM5
SIM1
SIM2
SIM3
SIM4
1
21
22
SIM5
SIM1
SIM2
SIM3
SIM4
1
21
22
SIM5
SIM1
SIM2
SIM3
SIM4
1
21
22
SIM5
SIM1
SIM2
SIM3
SIM4
1
21
22
SIM5
SIM1
SIM2
SIM3
SIM4
1
21
22
SIM5
SIM1
SIM2
SIM3
SIM4
1
21
22
SIM5
SIM1
SIM2
SIM3
SIM4
1
21
22
SIM5
SIM1
SIM2
SIM3
SIM4
1
21
22
SIM5
SIM1
SIM2
SIM3
SIM4
1
21
22
SIM5
SIM1
SIM2
SIM3
SIM4
1
21
22
SIM5
SIM1
SIM2
SIM3
SIM4
1
21
22
SIM5
SIM1
SIM2
SIM3
SIM4
1
21
22
SIM5
SIM1
SIM2
SIM3
SIM4
1
21
22
SIM5
SIM1
SIM2
SIM3
SIM4
1
21
22
SIM5
SIM1
SIM2
SIM3
SIM4
1
21
22
SIM5
SIM1
SIM2
SIM3
SIM4
1
21
22
SIM5
SIM1
SIM2
SIM3
SIM4
1
21
22
SIM5
SIM1
SIM2
SIM3
SIM4
1
21
22
SIM5
SIM1
SIM2
SIM3
SIM4
1
21
22
SIM5
SIM1
SIM2
SIM3
SIM4
1
21
22
SIM5
SIM1
SIM2
SIM3
SIM4
1
21
22
SIM5
SIM1
SIM2
SIM3
SIM4
1
21
22
SIM5
SIM1
SIM2
SIM3
SIM4
1
21
22
SIM5
SIM1
SIM2
SIM3
SIM4
1
21
22
SIM5
SIM1
SIM2
SIM3
SIM4
1
21
22
SIM5
SIM1
SIM2
SIM3
SIM4
1
21
22
SIM5
SIM1
SIM2
SIM3
SIM4
1
21
22
SIM5
SIM1
SIM2
SIM3
SIM4
1
21
22
SIM5
SIM1
SIM2
SIM3
SIM4
1
21
22
SIM5
SIM1
SIM2
SIM3
SIM4
1
21
22
SIM5
SIM1
SIM2
SIM3
SIM4
1
21
22
SIM5
SIM1
SIM2
SIM3
SIM4
1
21
22
SIM5
SIM1
SIM2
SIM3
SIM4
1
21
22
SIM5
SIM1
SIM2
SIM3
SIM4
1
21
22
SIM5
SIM1
SIM2
SIM3
SIM4
1
21
22
SIM5
SIM1
SIM2
SIM3
SIM4
1
21
22
SIM5
SIM1
SIM2
SIM3
SIM4
1
21
22
SIM5
SIM1
SIM2
SIM3
SIM4
1
21
22
SIM5
SIM1
SIM2
SIM3
SIM4
1
21
22
SIM5
SIM1
SIM2
SIM3
SIM4
1
21
22
SIM5
SIM1
SIM2
SIM3
SIM4
1
21
22
SIM5
SIM1
SIM2
SIM3
SIM4
1
21
22
SIM5
SIM1
SIM2
SIM3
SIM4
1
21
22
SIM5
SIM1
SIM2
SIM3
SIM4
1
21
22
SIM5
SIM1
SIM2
SIM3
SIM4
1
21
22
SIM5
SIM1
SIM2
SIM3
SIM4
1
21
22
SIM5
SIM1
SIM2
SIM3
SIM4
1
21
22
SIM5
SIM1
SIM2
SIM3
SIM4
1
21
22
SIM5
SIM1
SIM2
SIM3
SIM4
1
21
22
SIM5
SIM1
SIM2
SIM3
SIM4
1
21
22
SIM5
SIM1
SIM2
SIM3
SIM4
1
21
22
SIM5
SIM1
SIM2
SIM3
SIM4
1
21
22
SIM5
SIM1
SIM2
SIM3
SIM4
1
21
22
SIM5
SIM1
SIM2
SIM3
SIM4
1
21
22
SIM5
SIM1
SIM2
SIM3
SIM4
1
21
22
SIM5
SIM1
SIM2
SIM3
SIM4
1
21
22
SIM5
SIM1
SIM2
SIM3
SIM4
1
21
22
SIM5
SIM1
SIM2
SIM3
SIM4
1
21
22
SIM5
SIM1
SIM2
SIM3
SIM4
1
21
22
SIM5
SIM1
SIM2
SIM3
SIM4
1
21
22
SIM5
SIM1
SIM2
SIM3
SIM4
1
21
22
SIM5
SIM1
SIM2
SIM3
SIM4
1
21
22
SIM5
SIM1
SIM2
SIM3
SIM4
1
21
22
SIM5
SIM1
SIM2
SIM3
SIM4
1
21
22
SIM5
SIM1
SIM2
SIM3
SIM4
1
21
22
SIM5
SIM1
SIM2
SIM3
SIM4
1
21
22
SIM5
SIM1
SIM2
SIM3
SIM4
1
21
22
SIM5
SIM1
SIM2
SIM3
SIM4
1
21
22
SIM5
SIM1
SIM2
SIM3
SIM4
1
21
22
SIM5
SIM1
SIM2
SIM3
SIM4
1
21
22
SIM5
SIM1
SIM2
SIM3
SIM4
1
21
22
SIM5
SIM1
SIM2
SIM3
SIM4
1
21
22
SIM5
SIM1
SIM2
SIM3
SIM4
1
21
22
SIM5
SIM1
SIM2
SIM3
SIM4
1
21
22
SIM5
SIM1
SIM2
SIM3
SIM4
1
21
22
SIM5
SIM1
SIM2
SIM3
SIM4
1
21
22
SIM5
SIM1
SIM2
SIM3
SIM4
1
21
22
SIM5
SIM1
SIM2
SIM3
SIM4
1
21
22
SIM5
SIM1
SIM2
SIM3
SIM4
1
21
22
SIM5
SIM1
SIM2
SIM3
SIM4
1
21
22
SIM5
SIM1
SIM2
DEBUG 1 147
SIM1
SIM2
SIM3
SIM4
1
21
22
SIM5
SIM1
SIM2
SIM3
SIM4
1
21
22
SIM5
SIM1
SIM2
SIM3
SIM4
1
21
22
SIM5
SIM1
SIM2
SIM3
SIM4
1
21
22
SIM5
SIM1
SIM2
SIM3
SIM4
1
21
22
SIM5
SIM1
SIM2
SIM3
SIM4
1
21
22
SIM5
SIM1
SIM2
SIM3
SIM4
1
21
22
SIM5
SIM1
SIM2
SIM3
SIM4
1
21
22
SIM5
SIM1
SIM2
SIM3
SIM4
1
21
22
SIM5
SIM1
SIM2
SIM3
SIM4
1
21
22
SIM5
SIM1
SIM2
SIM3
SIM4
1
21
22
SIM5
SIM1
SIM2
SIM3
SIM4
1
21
22
SIM5
SIM1
SIM2
SIM3
SIM4
1
21
22
SIM5
SIM1
SIM2
SIM3
SIM4
1
21
22
SIM5
SIM1
SIM2
SIM3
SIM4
1
21
22
SIM5
SIM1
SIM2
SIM3
SIM4
1
21
22
SIM5
SIM1
SIM2
SIM3
SIM4
1
21
22
SIM5
SIM1
SIM2
SIM3
SIM4
1
21
22
SIM5
SIM1
SIM2
SIM3
SIM4
1
21
22
SIM5
SIM1
SIM2
SIM3
SIM4
1
21
22
SIM5
SIM1
SIM2
SIM3
SIM4
1
21
22
SIM5
SIM1
SIM2
SIM3
SIM4
1
21
22
SIM5
SIM1
SIM2
SIM3
SIM4
1
21
22
SIM5
SIM1
SIM2
SIM3
SIM4
1
21
22
SIM5
SIM1
SIM2
SIM3
SIM4
1
21
22
SIM5
SIM1
SIM2
SIM3
SIM4
1
21
22
SIM5
SIM1
SIM2
SIM3
SIM4
1
21
22
SIM5
SIM1
SIM2
SIM3
SIM4
1
21
22
SIM5
SIM1
SIM2
SIM3
SIM4
1
21
22
SIM5
SIM1
SIM2
SIM3
SIM4
1
21
22
SIM5
SIM1
SIM2
SIM3
SIM4
1
21
22
SIM5
SIM1
SIM2
SIM3
SIM4
1
21
22
SIM5
SIM1
SIM2
SIM3
SIM4
1
21
22
SIM5
SIM1
SIM2
SIM3
SIM4
1
21
22
SIM5
SIM1
SIM2
SIM3
SIM4
1
21
22
SIM5
SIM1
SIM2
SIM3
SIM4
1
21
22
SIM5
SIM1
SIM2
SIM3
SIM4
1
21
22
SIM5
SIM1
SIM2
SIM3
SIM4
1
21
22
SIM5
SIM1
SIM2
SIM3
SIM4
1
21
22
SIM5
SIM1
SIM2
SIM3
SIM4
1
21
22
SIM5
SIM1
SIM2
SIM3
SIM4
1
21
22
SIM5
SIM1
SIM2
SIM3
SIM4
1
21
22
SIM5
SIM1
SIM2
SIM3
SIM4
1
21
22
SIM5
SIM1
SIM2
SIM3
SIM4
1
21
22
SIM5
SIM1
SIM2
SIM3
SIM4
1
21
22
SIM5
SIM1
SIM2
SIM3
SIM4
1
21
22
SIM5
SIM1
SIM2
SIM3
SIM4
1
21
22
SIM5
SIM1
SIM2
SIM3
SIM4
1
21
22
SIM5
SIM1
SIM2
SIM3
SIM4
1
21
22
SIM5
SIM1
SIM2
SIM3
SIM4
1
21
22
SIM5
SIM1
SIM2
SIM3
SIM4
1
21
22
SIM5
SIM1
SIM2
SIM3
SIM4
1
21
22
SIM5
SIM1
SIM2
SIM3
SIM4
1
21
22
SIM5
SIM1
SIM2
SIM3
SIM4
1
21
22
SIM5
SIM1
SIM2
SIM3
SIM4
1
21
22
SIM5
SIM1
SIM2
SIM3
SIM4
1
21
22
SIM5
SIM1
SIM2
SIM3
SIM4
1
21
22
SIM5
SIM1
SIM2
SIM3
SIM4
1
21
22
SIM5
SIM1
SIM2
SIM3
SIM4
1
21
22
SIM5
SIM1
SIM2
SIM3
SIM4
1
21
22
SIM5
SIM1
SIM2
SIM3
SIM4
1
21
22
SIM5
SIM1
SIM2
SIM3
SIM4
1
21
22
SIM5
SIM1
SIM2
SIM3
SIM4
1
21
22
SIM5
SIM1
SIM2
SIM3
SIM4
1
21
22
SIM5
SIM1
SIM2
SIM3
SIM4
1
21
22
SIM5
SIM1
SIM2
SIM3
SIM4
1
21
22
SIM5
SIM1
SIM2
SIM3
SIM4
1
21
22
SIM5
SIM1
SIM2
SIM3
SIM4
1
21
22
SIM5
SIM1
SIM2
SIM3
SIM4
1
21
22
SIM5
SIM1
SIM2
SIM3
SIM4
1
21
22
SIM5
SIM1
SIM2
SIM3
SIM4
1
21
22
SIM5
SIM1
SIM2
SIM3
SIM4
1
21
22
SIM5
SIM1
SIM2
SIM3
SIM4
1
21
22
SIM5
SIM1
SIM2
SIM3
SIM4
1
21
22
SIM5
SIM1
SIM2
SIM3
SIM4
1
21
22
SIM5
SIM1
SIM2
SIM3
SIM4
1
21
22
SIM5
SIM1
SIM2
SIM3
SIM4
1
21
22
SIM5
SIM1
SIM2
SIM3
SIM4
1
21
22
SIM5
SIM1
SIM2
SIM3
SIM4
1
21
22
SIM5
SIM1
SIM2
SIM3
SIM4
1
21
22
SIM5
SIM1
SIM2
SIM3
SIM4
1
21
22
SIM5
SIM1
SIM2
SIM3
SIM4
1
21
22
SIM5
SIM1
SIM2
SIM3
SIM4
1
21
22
SIM5
SIM1
SIM2
SIM3
SIM4
1
21
22
SIM5
SIM1
SIM2
SIM3
SIM4
1
21
22
SIM5
SIM1
SIM2
SIM3
SIM4
1
21
22
SIM5
SIM1
SIM2
SIM3
SIM4
1
21
22
SIM5
SIM1
SIM2
SIM3
SIM4
1
21
22
SIM5
SIM1
SIM2
SIM3
SIM4
1
21
22
SIM5
SIM1
SIM2
SIM3
SIM4
1
21
22
SIM5
SIM1
SIM2
SIM3
SIM4
1
21
22
SIM5
SIM1
SIM2
SIM3
SIM4
1
21
22
SIM5
SIM1
SIM2
SIM3
SIM4
1
21
22
SIM5
SIM1
SIM2
SIM3
SIM4
1
21
22
SIM5
SIM1
SIM2
SIM3
SIM4
1
21
22
SIM5
SIM1
SIM2
SIM3
SIM4
1
21
22
SIM5
SIM1
SIM2
SIM3
SIM4
1
21
22
SIM5
SIM1
SIM2
SIM3
SIM4
1
21
22
SIM5
SIM1
SIM2
SIM3
SIM4
1
21
22
SIM5
SIM1
SIM2
SIM3
SIM4
1
21
22
SIM5
SIM1
SIM2
SIM3
SIM4
1
21
22
SIM5
SIM1
SIM2
SIM3
SIM4
1
21
22
SIM5
SIM1
SIM2
SIM3
SIM4
1
21
22
SIM5
SIM1
SIM2
SIM3
SIM4
1
21
22
SIM5
SIM1
SIM2
SIM3
SIM4
1
21
22
SIM5
SIM1
SIM2
SIM3
SIM4
1
21
22
SIM5
SIM1
SIM2
SIM3
SIM4
1
21
22
SIM5
SIM1
SIM2
SIM3
SIM4
1
21
22
SIM5
SIM1
SIM2
SIM3
SIM4
1
21
22
SIM5
SIM1
SIM2
SIM3
SIM4
1
21
22
SIM5
SIM1
SIM2
SIM3
SIM4
1
21
22
SIM5
SIM1
SIM2
SIM3
SIM4
1
21
22
SIM5
SIM1
SIM2
SIM3
SIM4
1
21
22
SIM5
SIM1
SIM2
SIM3
SIM4
1
21
22
SIM5
SIM1
SIM2
SIM3
SIM4
1
21
22
SIM5
SIM1
SIM2
SIM3
SIM4
1
21
22
SIM5
SIM1
SIM2
SIM3
SIM4
1
21
22
SIM5
SIM1
SIM2
SIM3
SIM4
1
21
22
SIM5
SIM1
SIM2
SIM3
SIM4
1
21
22
SIM5
SIM1
SIM2
SIM3
SIM4
1
21
22
SIM5
SIM1
SIM2
SIM3
SIM4
1
21
22
SIM5
SIM1
SIM2
SIM3
SIM4
1
21
22
SIM5
SIM1
SIM2
SIM3
SIM4
1
21
22
SIM5
SIM1
SIM2
SIM3
SIM4
1
21
22
SIM5
SIM1
SIM2
SIM3
SIM4
1
21
22
SIM5
SIM1
SIM2
SIM3
SIM4
1
21
22
SIM5
SIM1
SIM2
SIM3
SIM4
1
21
22
SIM5
SIM1
SIM2
SIM3
SIM4
1
21
22
SIM5
SIM1
SIM2
SIM3
SIM4
1
21
22
SIM5
SIM1
SIM2
SIM3
SIM4
1
21
22
SIM5
SIM1
SIM2
SIM3
SIM4
1
21
22
SIM5
SIM1
SIM2
SIM3
SIM4
1
21
22
SIM5
SIM1
SIM2
SIM3
SIM4
1
21
22
SIM5
SIM1
SIM2
SIM3
SIM4
1
21
22
SIM5
SIM1
SIM2
SIM3
SIM4
1
21
22
SIM5
SIM1
SIM2
SIM3
SIM4
1
21
22
SIM5
SIM1
SIM2
SIM3
SIM4
1
21
22
SIM5
SIM1
SIM2
SIM3
SIM4
1
21
22
SIM5
SIM1
SIM2
SIM3
SIM4
1
21
22
SIM5
SIM1
SIM2
SIM3
SIM4
1
21
22
SIM5
SIM1
SIM2
SIM3
SIM4
1
21
22
SIM5
SIM1
SIM2
SIM3
SIM4
1
21
22
SIM5
SIM1
SIM2
SIM3
SIM4
1
21
22
SIM5
SIM1
SIM2
SIM3
SIM4
1
21
22
SIM5
SIM1
SIM2
SIM3
SIM4
1
21
22
SIM5
SIM1
SIM2
SIM3
SIM4
1
21
22
SIM5
SIM1
SIM2
SIM3
SIM4
1
21
22
SIM5
SIM1
SIM2
SIM3
SIM4
1
21
22
SIM5
SIM1
SIM2
SIM3
SIM4
1
21
22
SIM5
SIM1
SIM2
SIM3
SIM4
1
21
22
SIM5
SIM1
SIM2
SIM3
SIM4
1
21
22
SIM5
SIM1
SIM2
SIM3
SIM4
1
21
22
SIM5
SIM1
SIM2
DEBUG 1 148
SIM1
SIM2
SIM3
SIM4
1
21
22
SIM5
SIM1
SIM2
SIM3
SIM4
1
21
22
SIM5
SIM1
SIM2
SIM3
SIM4
1
21
22
SIM5
SIM1
SIM2
SIM3
SIM4
1
21
22
SIM5
SIM1
SIM2
SIM3
SIM4
1
21
22
SIM5
SIM1
SIM2
SIM3
SIM4
1
21
22
SIM5
SIM1
SIM2
SIM3
SIM4
1
21
22
SIM5
SIM1
SIM2
SIM3
SIM4
1
21
22
SIM5
SIM1
SIM2
SIM3
SIM4
1
21
22
SIM5
SIM1
SIM2
SIM3
SIM4
1
21
22
SIM5
SIM1
SIM2
SIM3
SIM4
1
21
22
SIM5
SIM1
SIM2
SIM3
SIM4
1
21
22
SIM5
SIM1
SIM2
SIM3
SIM4
1
21
22
SIM5
SIM1
SIM2
SIM3
SIM4
1
21
22
SIM5
SIM1
SIM2
SIM3
SIM4
1
21
22
SIM5
SIM1
SIM2
SIM3
SIM4
1
21
22
SIM5
SIM1
SIM2
SIM3
SIM4
1
21
22
SIM5
SIM1
SIM2
SIM3
SIM4
1
21
22
SIM5
SIM1
SIM2
SIM3
SIM4
1
21
22
SIM5
SIM1
SIM2
SIM3
SIM4
1
21
22
SIM5
SIM1
SIM2
SIM3
SIM4
1
21
22
SIM5
SIM1
SIM2
SIM3
SIM4
1
21
22
SIM5
SIM1
SIM2
SIM3
SIM4
1
21
22
SIM5
SIM1
SIM2
SIM3
SIM4
1
21
22
SIM5
SIM1
SIM2
SIM3
SIM4
1
21
22
SIM5
SIM1
SIM2
SIM3
SIM4
1
21
22
SIM5
SIM1
SIM2
SIM3
SIM4
1
21
22
SIM5
SIM1
SIM2
SIM3
SIM4
1
21
22
SIM5
SIM1
SIM2
SIM3
SIM4
1
21
22
SIM5
SIM1
SIM2
SIM3
SIM4
1
21
22
SIM5
SIM1
SIM2
SIM3
SIM4
1
21
22
SIM5
SIM1
SIM2
SIM3
SIM4
1
21
22
SIM5
SIM1
SIM2
SIM3
SIM4
1
21
22
SIM5
SIM1
SIM2
SIM3
SIM4
1
21
22
SIM5
SIM1
SIM2
SIM3
SIM4
1
21
22
SIM5
SIM1
SIM2
SIM3
SIM4
1
21
22
SIM5
SIM1
SIM2
SIM3
SIM4
1
21
22
SIM5
SIM1
SIM2
SIM3
SIM4
1
21
22
SIM5
SIM1
SIM2
SIM3
SIM4
1
21
22
SIM5
SIM1
SIM2
SIM3
SIM4
1
21
22
SIM5
SIM1
SIM2
SIM3
SIM4
1
21
22
SIM5
SIM1
SIM2
SIM3
SIM4
1
21
22
SIM5
SIM1
SIM2
SIM3
SIM4
1
21
22
SIM5
SIM1
SIM2
SIM3
SIM4
1
21
22
SIM5
SIM1
SIM2
SIM3
SIM4
1
21
22
SIM5
SIM1
SIM2
SIM3
SIM4
1
21
22
SIM5
SIM1
SIM2
SIM3
SIM4
1
21
22
SIM5
SIM1
SIM2
SIM3
SIM4
1
21
22
SIM5
SIM1
SIM2
SIM3
SIM4
1
21
22
SIM5
SIM1
SIM2
SIM3
SIM4
1
21
22
SIM5
SIM1
SIM2
SIM3
SIM4
1
21
22
SIM5
SIM1
SIM2
SIM3
SIM4
1
21
22
SIM5
SIM1
SIM2
SIM3
SIM4
1
21
22
SIM5
SIM1
SIM2
SIM3
SIM4
1
21
22
SIM5
SIM1
SIM2
SIM3
SIM4
1
21
22
SIM5
SIM1
SIM2
SIM3
SIM4
1
21
22
SIM5
SIM1
SIM2
SIM3
SIM4
1
21
22
SIM5
SIM1
SIM2
SIM3
SIM4
1
21
22
SIM5
SIM1
SIM2
SIM3
SIM4
1
21
22
SIM5
SIM1
SIM2
SIM3
SIM4
1
21
22
SIM5
SIM1
SIM2
SIM3
SIM4
1
21
22
SIM5
SIM1
SIM2
SIM3
SIM4
1
21
22
SIM5
SIM1
SIM2
SIM3
SIM4
1
21
22
SIM5
SIM1
SIM2
SIM3
SIM4
1
21
22
SIM5
SIM1
SIM2
SIM3
SIM4
1
21
22
SIM5
SIM1
SIM2
SIM3
SIM4
1
21
22
SIM5
SIM1
SIM2
SIM3
SIM4
1
21
22
SIM5
SIM1
SIM2
SIM3
SIM4
1
21
22
SIM5
SIM1
SIM2
SIM3
SIM4
1
21
22
SIM5
SIM1
SIM2
SIM3
SIM4
1
21
22
SIM5
SIM1
SIM2
SIM3
SIM4
1
21
22
SIM5
SIM1
SIM2
SIM3
SIM4
1
21
22
SIM5
SIM1
SIM2
SIM3
SIM4
1
21
22
SIM5
SIM1
SIM2
SIM3
SIM4
1
21
22
SIM5
SIM1
SIM2
SIM3
SIM4
1
21
22
SIM5
SIM1
SIM2
SIM3
SIM4
1
21
22
SIM5
SIM1
SIM2
SIM3
SIM4
1
21
22
SIM5
SIM1
SIM2
SIM3
SIM4
1
21
22
SIM5
SIM1
SIM2
SIM3
SIM4
1
21
22
SIM5
SIM1
SIM2
SIM3
SIM4
1
21
22
SIM5
SIM1
SIM2
SIM3
SIM4
1
21
22
SIM5
SIM1
SIM2
SIM3
SIM4
1
21
22
SIM5
SIM1
SIM2
SIM3
SIM4
1
21
22
SIM5
SIM1
SIM2
SIM3
SIM4
1
21
22
SIM5
SIM1
SIM2
SIM3
SIM4
1
21
22
SIM5
SIM1
SIM2
SIM3
SIM4
1
21
22
SIM5
SIM1
SIM2
SIM3
SIM4
1
21
22
SIM5
SIM1
SIM2
SIM3
SIM4
1
21
22
SIM5
SIM1
SIM2
SIM3
SIM4
1
21
22
SIM5
SIM1
SIM2
SIM3
SIM4
1
21
22
SIM5
SIM1
SIM2
SIM3
SIM4
1
21
22
SIM5
SIM1
SIM2
SIM3
SIM4
1
21
22
SIM5
SIM1
SIM2
SIM3
SIM4
1
21
22
SIM5
SIM1
SIM2
SIM3
SIM4
1
21
22
SIM5
SIM1
SIM2
SIM3
SIM4
1
21
22
SIM5
SIM1
SIM2
SIM3
SIM4
1
21
22
SIM5
SIM1
SIM2
SIM3
SIM4
1
21
22
SIM5
SIM1
SIM2
SIM3
SIM4
1
21
22
SIM5
SIM1
SIM2
SIM3
SIM4
1
21
22
SIM5
SIM1
SIM2
SIM3
SIM4
1
21
22
SIM5
SIM1
SIM2
SIM3
SIM4
1
21
22
SIM5
SIM1
SIM2
SIM3
SIM4
1
21
22
SIM5
SIM1
SIM2
SIM3
SIM4
1
21
22
SIM5
SIM1
SIM2
SIM3
SIM4
1
21
22
SIM5
SIM1
SIM2
SIM3
SIM4
1
21
22
SIM5
SIM1
SIM2
SIM3
SIM4
1
21
22
SIM5
SIM1
SIM2
SIM3
SIM4
1
21
22
SIM5
SIM1
SIM2
SIM3
SIM4
1
21
22
SIM5
SIM1
SIM2
SIM3
SIM4
1
21
22
SIM5
SIM1
SIM2
SIM3
SIM4
1
21
22
SIM5
SIM1
SIM2
SIM3
SIM4
1
21
22
SIM5
SIM1
SIM2
SIM3
SIM4
1
21
22
SIM5
SIM1
SIM2
SIM3
SIM4
1
21
22
SIM5
SIM1
SIM2
SIM3
SIM4
1
21
22
SIM5
SIM1
SIM2
SIM3
SIM4
1
21
22
SIM5
SIM1
SIM2
SIM3
SIM4
1
21
22
SIM5
SIM1
SIM2
SIM3
SIM4
1
21
22
SIM5
SIM1
SIM2
SIM3
SIM4
1
21
22
SIM5
SIM1
SIM2
SIM3
SIM4
1
21
22
SIM5
SIM1
SIM2
SIM3
SIM4
1
21
22
SIM5
SIM1
SIM2
SIM3
SIM4
1
21
22
SIM5
SIM1
SIM2
SIM3
SIM4
1
21
22
SIM5
SIM1
SIM2
SIM3
SIM4
1
21
22
SIM5
SIM1
SIM2
SIM3
SIM4
1
21
22
SIM5
SIM1
SIM2
SIM3
SIM4
1
21
22
SIM5
SIM1
SIM2
SIM3
SIM4
1
21
22
SIM5
SIM1
SIM2
SIM3
SIM4
1
21
22
SIM5
SIM1
SIM2
SIM3
SIM4
1
21
22
SIM5
SIM1
SIM2
SIM3
SIM4
1
21
22
SIM5
SIM1
SIM2
SIM3
SIM4
1
21
22
SIM5
SIM1
SIM2
SIM3
SIM4
1
21
22
SIM5
SIM1
SIM2
SIM3
SIM4
1
21
22
SIM5
SIM1
SIM2
SIM3
SIM4
1
21
22
SIM5
SIM1
SIM2
SIM3
SIM4
1
21
22
SIM5
SIM1
SIM2
SIM3
SIM4
1
21
22
SIM5
SIM1
SIM2
SIM3
SIM4
1
21
22
SIM5
SIM1
SIM2
SIM3
SIM4
1
21
22
SIM5
SIM1
SIM2
SIM3
SIM4
1
21
22
SIM5
SIM1
SIM2
SIM3
SIM4
1
21
22
SIM5
SIM1
SIM2
SIM3
SIM4
1
21
22
SIM5
SIM1
SIM2
SIM3
SIM4
1
21
22
SIM5
SIM1
SIM2
SIM3
SIM4
1
21
22
SIM5
SIM1
SIM2
SIM3
SIM4
1
21
22
SIM5
SIM1
SIM2
SIM3
SIM4
1
21
22
SIM5
SIM1
SIM2
SIM3
SIM4
1
21
22
SIM5
SIM1
SIM2
SIM3
SIM4
1
21
22
SIM5
SIM1
SIM2
SIM3
SIM4
1
21
22
SIM5
SIM1
SIM2
SIM3
SIM4
1
21
22
SIM5
SIM1
SIM2
SIM3
SIM4
1
21
22
SIM5
SIM1
SIM2
SIM3
SIM4
1
21
22
SIM5
SIM1
SIM2
SIM3
SIM4
1
21
22
SIM5
SIM1
SIM2
SIM3
SIM4
1
21
22
SIM5
SIM1
SIM2
SIM3
SIM4
1
21
22
SIM5
SIM1
SIM2
SIM3
SIM4
1
21
22
SIM5
SIM1
SIM2
SIM3
SIM4
1
21
22
SIM5
SIM1
SIM2
SIM3
SIM4
1
21
22
SIM5
SIM1
SIM2
SIM3
SIM4
1
21
22
SIM5
SIM1
SIM2
SIM3
SIM4
1
21
22
SIM5
SIM1
SIM2
SIM3
SIM4
1
21
22
SIM5
SIM1
SIM2
SIM3
SIM4
1
21
22
SIM5
SIM1
SIM2
SIM3
SIM4
1
21
22
SIM5
SIM1
SIM2
SIM3
SIM4
1
21
22
SIM5
SIM1
SIM2
SIM3
SIM4
1
21
22
SIM5
SIM1
SIM2
SIM3
SIM4
1
21
22
SIM5
SIM1
SIM2
SIM3
SIM4
1
21
22
SIM5
SIM1
SIM2
DEBUG 1 149
SIM1
SIM2
SIM3
SIM4
1
21
22
SIM5
SIM1
SIM2
SIM3
SIM4
1
21
22
SIM5
SIM1
SIM2
SIM3
SIM4
1
21
22
SIM5
SIM1
SIM2
SIM3
SIM4
1
21
22
SIM5
SIM1
SIM2
SIM3
SIM4
1
21
22
SIM5
SIM1
SIM2
SIM3
SIM4
1
21
22
SIM5
SIM1
SIM2
SIM3
SIM4
1
21
22
SIM5
SIM1
SIM2
SIM3
SIM4
1
21
22
SIM5
SIM1
SIM2
SIM3
SIM4
1
21
22
SIM5
SIM1
SIM2
SIM3
SIM4
1
21
22
SIM5
SIM1
SIM2
SIM3
SIM4
1
21
22
SIM5
SIM1
SIM2
SIM3
SIM4
1
21
22
SIM5
SIM1
SIM2
SIM3
SIM4
1
21
22
SIM5
SIM1
SIM2
SIM3
SIM4
1
21
22
SIM5
SIM1
SIM2
SIM3
SIM4
1
21
22
SIM5
SIM1
SIM2
SIM3
SIM4
1
21
22
SIM5
SIM1
SIM2
SIM3
SIM4
1
21
22
SIM5
SIM1
SIM2
SIM3
SIM4
1
21
22
SIM5
SIM1
SIM2
SIM3
SIM4
1
21
22
SIM5
SIM1
SIM2
SIM3
SIM4
1
21
22
SIM5
SIM1
SIM2
SIM3
SIM4
1
21
22
SIM5
SIM1
SIM2
SIM3
SIM4
1
21
22
SIM5
SIM1
SIM2
SIM3
SIM4
1
21
22
SIM5
SIM1
SIM2
SIM3
SIM4
1
21
22
SIM5
SIM1
SIM2
SIM3
SIM4
1
21
22
SIM5
SIM1
SIM2
SIM3
SIM4
1
21
22
SIM5
SIM1
SIM2
SIM3
SIM4
1
21
22
SIM5
SIM1
SIM2
SIM3
SIM4
1
21
22
SIM5
SIM1
SIM2
SIM3
SIM4
1
21
22
SIM5
SIM1
SIM2
SIM3
SIM4
1
21
22
SIM5
SIM1
SIM2
SIM3
SIM4
1
21
22
SIM5
SIM1
SIM2
SIM3
SIM4
1
21
22
SIM5
SIM1
SIM2
SIM3
SIM4
1
21
22
SIM5
SIM1
SIM2
SIM3
SIM4
1
21
22
SIM5
SIM1
SIM2
SIM3
SIM4
1
21
22
SIM5
SIM1
SIM2
SIM3
SIM4
1
21
22
SIM5
SIM1
SIM2
SIM3
SIM4
1
21
22
SIM5
SIM1
SIM2
SIM3
SIM4
1
21
22
SIM5
SIM1
SIM2
SIM3
SIM4
1
21
22
SIM5
SIM1
SIM2
SIM3
SIM4
1
21
22
SIM5
SIM1
SIM2
SIM3
SIM4
1
21
22
SIM5
SIM1
SIM2
SIM3
SIM4
1
21
22
SIM5
SIM1
SIM2
SIM3
SIM4
1
21
22
SIM5
SIM1
SIM2
SIM3
SIM4
1
21
22
SIM5
SIM1
SIM2
SIM3
SIM4
1
21
22
SIM5
SIM1
SIM2
SIM3
SIM4
1
21
22
SIM5
SIM1
SIM2
SIM3
SIM4
1
21
22
SIM5
SIM1
SIM2
SIM3
SIM4
1
21
22
SIM5
SIM1
SIM2
SIM3
SIM4
1
21
22
SIM5
SIM1
SIM2
SIM3
SIM4
1
21
22
SIM5
SIM1
SIM2
SIM3
SIM4
1
21
22
SIM5
SIM1
SIM2
SIM3
SIM4
1
21
22
SIM5
SIM1
SIM2
SIM3
SIM4
1
21
22
SIM5
SIM1
SIM2
SIM3
SIM4
1
21
22
SIM5
SIM1
SIM2
SIM3
SIM4
1
21
22
SIM5
SIM1
SIM2
SIM3
SIM4
1
21
22
SIM5
SIM1
SIM2
SIM3
SIM4
1
21
22
SIM5
SIM1
SIM2
SIM3
SIM4
1
21
22
SIM5
SIM1
SIM2
SIM3
SIM4
1
21
22
SIM5
SIM1
SIM2
SIM3
SIM4
1
21
22
SIM5
SIM1
SIM2
SIM3
SIM4
1
21
22
SIM5
SIM1
SIM2
SIM3
SIM4
1
21
22
SIM5
SIM1
SIM2
SIM3
SIM4
1
21
22
SIM5
SIM1
SIM2
SIM3
SIM4
1
21
22
SIM5
SIM1
SIM2
SIM3
SIM4
1
21
22
SIM5
SIM1
SIM2
SIM3
SIM4
1
21
22
SIM5
SIM1
SIM2
SIM3
SIM4
1
21
22
SIM5
SIM1
SIM2
SIM3
SIM4
1
21
22
SIM5
SIM1
SIM2
SIM3
SIM4
1
21
22
SIM5
SIM1
SIM2
SIM3
SIM4
1
21
22
SIM5
SIM1
SIM2
SIM3
SIM4
1
21
22
SIM5
SIM1
SIM2
SIM3
SIM4
1
21
22
SIM5
SIM1
SIM2
SIM3
SIM4
1
21
22
SIM5
SIM1
SIM2
SIM3
SIM4
1
21
22
SIM5
SIM1
SIM2
SIM3
SIM4
1
21
22
SIM5
SIM1
SIM2
SIM3
SIM4
1
21
22
SIM5
SIM1
SIM2
SIM3
SIM4
1
21
22
SIM5
SIM1
SIM2
SIM3
SIM4
1
21
22
SIM5
SIM1
SIM2
SIM3
SIM4
1
21
22
SIM5
SIM1
SIM2
SIM3
SIM4
1
21
22
SIM5
SIM1
SIM2
SIM3
SIM4
1
21
22
SIM5
SIM1
SIM2
SIM3
SIM4
1
21
22
SIM5
SIM1
SIM2
SIM3
SIM4
1
21
22
SIM5
SIM1
SIM2
SIM3
SIM4
1
21
22
SIM5
SIM1
SIM2
SIM3
SIM4
1
21
22
SIM5
SIM1
SIM2
SIM3
SIM4
1
21
22
SIM5
SIM1
SIM2
SIM3
SIM4
1
21
22
SIM5
SIM1
SIM2
SIM3
SIM4
1
21
22
SIM5
SIM1
SIM2
SIM3
SIM4
1
21
22
SIM5
SIM1
SIM2
SIM3
SIM4
1
21
22
SIM5
SIM1
SIM2
SIM3
SIM4
1
21
22
SIM5
SIM1
SIM2
SIM3
SIM4
1
21
22
SIM5
SIM1
SIM2
SIM3
SIM4
1
21
22
SIM5
SIM1
SIM2
SIM3
SIM4
1
21
22
SIM5
SIM1
SIM2
SIM3
SIM4
1
21
22
SIM5
SIM1
SIM2
SIM3
SIM4
1
21
22
SIM5
SIM1
SIM2
SIM3
SIM4
1
21
22
SIM5
SIM1
SIM2
SIM3
SIM4
1
21
22
SIM5
SIM1
SIM2
SIM3
SIM4
1
21
22
SIM5
SIM1
SIM2
SIM3
SIM4
1
21
22
SIM5
SIM1
SIM2
SIM3
SIM4
1
21
22
SIM5
SIM1
SIM2
SIM3
SIM4
1
21
22
SIM5
SIM1
SIM2
SIM3
SIM4
1
21
22
SIM5
SIM1
SIM2
SIM3
SIM4
1
21
22
SIM5
SIM1
SIM2
SIM3
SIM4
1
21
22
SIM5
SIM1
SIM2
SIM3
SIM4
1
21
22
SIM5
SIM1
SIM2
SIM3
SIM4
1
21
22
SIM5
SIM1
SIM2
SIM3
SIM4
1
21
22
SIM5
SIM1
SIM2
SIM3
SIM4
1
21
22
SIM5
SIM1
SIM2
SIM3
SIM4
1
21
22
SIM5
SIM1
SIM2
SIM3
SIM4
1
21
22
SIM5
SIM1
SIM2
SIM3
SIM4
1
21
22
SIM5
SIM1
SIM2
SIM3
SIM4
1
21
22
SIM5
SIM1
SIM2
SIM3
SIM4
1
21
22
SIM5
SIM1
SIM2
SIM3
SIM4
1
21
22
SIM5
SIM1
SIM2
SIM3
SIM4
1
21
22
SIM5
SIM1
SIM2
SIM3
SIM4
1
21
22
SIM5
SIM1
SIM2
SIM3
SIM4
1
21
22
SIM5
SIM1
SIM2
SIM3
SIM4
1
21
22
SIM5
SIM1
SIM2
SIM3
SIM4
1
21
22
SIM5
SIM1
SIM2
SIM3
SIM4
1
21
22
SIM5
SIM1
SIM2
SIM3
SIM4
1
21
22
SIM5
SIM1
SIM2
SIM3
SIM4
1
21
22
SIM5
SIM1
SIM2
SIM3
SIM4
1
21
22
SIM5
SIM1
SIM2
SIM3
SIM4
1
21
22
SIM5
SIM1
SIM2
SIM3
SIM4
1
21
22
SIM5
SIM1
SIM2
SIM3
SIM4
1
21
22
SIM5
SIM1
SIM2
SIM3
SIM4
1
21
22
SIM5
SIM1
SIM2
SIM3
SIM4
1
21
22
SIM5
SIM1
SIM2
SIM3
SIM4
1
21
22
SIM5
SIM1
SIM2
SIM3
SIM4
1
21
22
SIM5
SIM1
SIM2
SIM3
SIM4
1
21
22
SIM5
SIM1
SIM2
SIM3
SIM4
1
21
22
SIM5
SIM1
SIM2
SIM3
SIM4
1
21
22
SIM5
SIM1
SIM2
SIM3
SIM4
1
21
22
SIM5
SIM1
SIM2
SIM3
SIM4
1
21
22
SIM5
SIM1
SIM2
SIM3
SIM4
1
21
22
SIM5
SIM1
SIM2
SIM3
SIM4
1
21
22
SIM5
SIM1
SIM2
SIM3
SIM4
1
21
22
SIM5
SIM1
SIM2
SIM3
SIM4
1
21
22
SIM5
SIM1
SIM2
SIM3
SIM4
1
21
22
SIM5
SIM1
SIM2
SIM3
SIM4
1
21
22
SIM5
SIM1
SIM2
SIM3
SIM4
1
21
22
SIM5
SIM1
SIM2
SIM3
SIM4
1
21
22
SIM5
SIM1
SIM2
SIM3
SIM4
1
21
22
SIM5
SIM1
SIM2
SIM3
SIM4
1
21
22
SIM5
SIM1
SIM2
SIM3
SIM4
1
21
22
SIM5
SIM1
SIM2
SIM3
SIM4
1
21
22
SIM5
SIM1
SIM2
SIM3
SIM4
1
21
22
SIM5
SIM1
SIM2
SIM3
SIM4
1
21
22
SIM5
SIM1
SIM2
SIM3
SIM4
1
21
22
SIM5
SIM1
SIM2
SIM3
SIM4
1
21
22
SIM5
SIM1
SIM2
DEBUG 1 150
SIM1
SIM2
SIM3
SIM4
1
21
22
SIM5
SIM1
SIM2
SIM3
SIM4
1
21
22
SIM5
SIM1
SIM2
SIM3
SIM4
1
21
22
SIM5
SIM1
SIM2
SIM3
SIM4
1
21
22
SIM5
SIM1
SIM2
SIM3
SIM4
1
21
22
SIM5
SIM1
SIM2
SIM3
SIM4
1
21
22
SIM5
SIM1
SIM2
SIM3
SIM4
1
21
22
SIM5
SIM1
SIM2
SIM3
SIM4
1
21
22
SIM5
SIM1
SIM2
SIM3
SIM4
1
21
22
SIM5
SIM1
SIM2
SIM3
SIM4
1
21
22
SIM5
SIM1
SIM2
SIM3
SIM4
1
21
22
SIM5
SIM1
SIM2
SIM3
SIM4
1
21
22
SIM5
SIM1
SIM2
SIM3
SIM4
1
21
22
SIM5
SIM1
SIM2
SIM3
SIM4
1
21
22
SIM5
SIM1
SIM2
SIM3
SIM4
1
21
22
SIM5
SIM1
SIM2
SIM3
SIM4
1
21
22
SIM5
SIM1
SIM2
SIM3
SIM4
1
21
22
SIM5
SIM1
SIM2
SIM3
SIM4
1
21
22
SIM5
SIM1
SIM2
SIM3
SIM4
1
21
22
SIM5
SIM1
SIM2
SIM3
SIM4
1
21
22
SIM5
SIM1
SIM2
SIM3
SIM4
1
21
22
SIM5
SIM1
SIM2
SIM3
SIM4
1
21
22
SIM5
SIM1
SIM2
SIM3
SIM4
1
21
22
SIM5
SIM1
SIM2
SIM3
SIM4
1
21
22
SIM5
SIM1
SIM2
SIM3
SIM4
1
21
22
SIM5
SIM1
SIM2
SIM3
SIM4
1
21
22
SIM5
SIM1
SIM2
SIM3
SIM4
1
21
22
SIM5
SIM1
SIM2
SIM3
SIM4
1
21
22
SIM5
SIM1
SIM2
SIM3
SIM4
1
21
22
SIM5
SIM1
SIM2
SIM3
SIM4
1
21
22
SIM5
SIM1
SIM2
SIM3
SIM4
1
21
22
SIM5
SIM1
SIM2
SIM3
SIM4
1
21
22
SIM5
SIM1
SIM2
SIM3
SIM4
1
21
22
SIM5
SIM1
SIM2
SIM3
SIM4
1
21
22
SIM5
SIM1
SIM2
SIM3
SIM4
1
21
22
SIM5
SIM1
SIM2
SIM3
SIM4
1
21
22
SIM5
SIM1
SIM2
SIM3
SIM4
1
21
22
SIM5
SIM1
SIM2
SIM3
SIM4
1
21
22
SIM5
SIM1
SIM2
SIM3
SIM4
1
21
22
SIM5
SIM1
SIM2
SIM3
SIM4
1
21
22
SIM5
SIM1
SIM2
SIM3
SIM4
1
21
22
SIM5
SIM1
SIM2
SIM3
SIM4
1
21
22
SIM5
SIM1
SIM2
SIM3
SIM4
1
21
22
SIM5
SIM1
SIM2
SIM3
SIM4
1
21
22
SIM5
SIM1
SIM2
SIM3
SIM4
1
21
22
SIM5
SIM1
SIM2
SIM3
SIM4
1
21
22
SIM5
SIM1
SIM2
SIM3
SIM4
1
21
22
SIM5
SIM1
SIM2
SIM3
SIM4
1
21
22
SIM5
SIM1
SIM2
SIM3
SIM4
1
21
22
SIM5
SIM1
SIM2
SIM3
SIM4
1
21
22
SIM5
SIM1
SIM2
SIM3
SIM4
1
21
22
SIM5
SIM1
SIM2
SIM3
SIM4
1
21
22
SIM5
SIM1
SIM2
SIM3
SIM4
1
21
22
SIM5
SIM1
SIM2
SIM3
SIM4
1
21
22
SIM5
SIM1
SIM2
SIM3
SIM4
1
21
22
SIM5
SIM1
SIM2
SIM3
SIM4
1
21
22
SIM5
SIM1
SIM2
SIM3
SIM4
1
21
22
SIM5
SIM1
SIM2
SIM3
SIM4
1
21
22
SIM5
SIM1
SIM2
SIM3
SIM4
1
21
22
SIM5
SIM1
SIM2
SIM3
SIM4
1
21
22
SIM5
SIM1
SIM2
SIM3
SIM4
1
21
22
SIM5
SIM1
SIM2
SIM3
SIM4
1
21
22
SIM5
SIM1
SIM2
SIM3
SIM4
1
21
22
SIM5
SIM1
SIM2
SIM3
SIM4
1
21
22
SIM5
SIM1
SIM2
SIM3
SIM4
1
21
22
SIM5
SIM1
SIM2
SIM3
SIM4
1
21
22
SIM5
SIM1
SIM2
SIM3
SIM4
1
21
22
SIM5
SIM1
SIM2
SIM3
SIM4
1
21
22
SIM5
SIM1
SIM2
SIM3
SIM4
1
21
22
SIM5
SIM1
SIM2
SIM3
SIM4
1
21
22
SIM5
SIM1
SIM2
SIM3
SIM4
1
21
22
SIM5
SIM1
SIM2
SIM3
SIM4
1
21
22
SIM5
SIM1
SIM2
SIM3
SIM4
1
21
22
SIM5
SIM1
SIM2
SIM3
SIM4
1
21
22
SIM5
SIM1
SIM2
SIM3
SIM4
1
21
22
SIM5
SIM1
SIM2
SIM3
SIM4
1
21
22
SIM5
SIM1
SIM2
SIM3
SIM4
1
21
22
SIM5
SIM1
SIM2
SIM3
SIM4
1
21
22
SIM5
SIM1
SIM2
SIM3
SIM4
1
21
22
SIM5
SIM1
SIM2
SIM3
SIM4
1
21
22
SIM5
SIM1
SIM2
SIM3
SIM4
1
21
22
SIM5
SIM1
SIM2
SIM3
SIM4
1
21
22
SIM5
SIM1
SIM2
SIM3
SIM4
1
21
22
SIM5
SIM1
SIM2
SIM3
SIM4
1
21
22
SIM5
SIM1
SIM2
SIM3
SIM4
1
21
22
SIM5
SIM1
SIM2
SIM3
SIM4
1
21
22
SIM5
SIM1
SIM2
SIM3
SIM4
1
21
22
SIM5
SIM1
SIM2
SIM3
SIM4
1
21
22
SIM5
SIM1
SIM2
SIM3
SIM4
1
21
22
SIM5
SIM1
SIM2
SIM3
SIM4
1
21
22
SIM5
SIM1
SIM2
SIM3
SIM4
1
21
22
SIM5
SIM1
SIM2
SIM3
SIM4
1
21
22
SIM5
SIM1
SIM2
SIM3
SIM4
1
21
22
SIM5
SIM1
SIM2
SIM3
SIM4
1
21
22
SIM5
SIM1
SIM2
SIM3
SIM4
1
21
22
SIM5
SIM1
SIM2
SIM3
SIM4
1
21
22
SIM5
SIM1
SIM2
SIM3
SIM4
1
21
22
SIM5
SIM1
SIM2
SIM3
SIM4
1
21
22
SIM5
SIM1
SIM2
SIM3
SIM4
1
21
22
SIM5
SIM1
SIM2
SIM3
SIM4
1
21
22
SIM5
SIM1
SIM2
SIM3
SIM4
1
21
22
SIM5
SIM1
SIM2
SIM3
SIM4
1
21
22
SIM5
SIM1
SIM2
SIM3
SIM4
1
21
22
SIM5
SIM1
SIM2
SIM3
SIM4
1
21
22
SIM5
SIM1
SIM2
SIM3
SIM4
1
21
22
SIM5
SIM1
SIM2
SIM3
SIM4
1
21
22
SIM5
SIM1
SIM2
SIM3
SIM4
1
21
22
SIM5
SIM1
SIM2
SIM3
SIM4
1
21
22
SIM5
SIM1
SIM2
SIM3
SIM4
1
21
22
SIM5
SIM1
SIM2
SIM3
SIM4
1
21
22
SIM5
SIM1
SIM2
SIM3
SIM4
1
21
22
SIM5
SIM1
SIM2
SIM3
SIM4
1
21
22
SIM5
SIM1
SIM2
SIM3
SIM4
1
21
22
SIM5
SIM1
SIM2
SIM3
SIM4
1
21
22
SIM5
SIM1
SIM2
SIM3
SIM4
1
21
22
SIM5
SIM1
SIM2
SIM3
SIM4
1
21
22
SIM5
SIM1
SIM2
SIM3
SIM4
1
21
22
SIM5
SIM1
SIM2
SIM3
SIM4
1
21
22
SIM5
SIM1
SIM2
SIM3
SIM4
1
21
22
SIM5
SIM1
SIM2
SIM3
SIM4
1
21
22
SIM5
SIM1
SIM2
SIM3
SIM4
1
21
22
SIM5
SIM1
SIM2
SIM3
SIM4
1
21
22
SIM5
SIM1
SIM2
SIM3
SIM4
1
21
22
SIM5
SIM1
SIM2
SIM3
SIM4
1
21
22
SIM5
SIM1
SIM2
SIM3
SIM4
1
21
22
SIM5
SIM1
SIM2
SIM3
SIM4
1
21
22
SIM5
SIM1
SIM2
SIM3
SIM4
1
21
22
SIM5
SIM1
SIM2
SIM3
SIM4
1
21
22
SIM5
SIM1
SIM2
SIM3
SIM4
1
21
22
SIM5
SIM1
SIM2
SIM3
SIM4
1
21
22
SIM5
SIM1
SIM2
SIM3
SIM4
1
21
22
SIM5
SIM1
SIM2
SIM3
SIM4
1
21
22
SIM5
SIM1
SIM2
SIM3
SIM4
1
21
22
SIM5
SIM1
SIM2
SIM3
SIM4
1
21
22
SIM5
SIM1
SIM2
SIM3
SIM4
1
21
22
SIM5
SIM1
SIM2
SIM3
SIM4
1
21
22
SIM5
SIM1
SIM2
SIM3
SIM4
1
21
22
SIM5
SIM1
SIM2
SIM3
SIM4
1
21
22
SIM5
SIM1
SIM2
SIM3
SIM4
1
21
22
SIM5
SIM1
SIM2
SIM3
SIM4
1
21
22
SIM5
SIM1
SIM2
SIM3
SIM4
1
21
22
SIM5
SIM1
SIM2
SIM3
SIM4
1
21
22
SIM5
SIM1
SIM2
SIM3
SIM4
1
21
22
SIM5
SIM1
SIM2
SIM3
SIM4
1
21
22
SIM5
SIM1
SIM2
SIM3
SIM4
1
21
22
SIM5
SIM1
SIM2
SIM3
SIM4
1
21
22
SIM5
SIM1
SIM2
SIM3
SIM4
1
21
22
SIM5
SIM1
SIM2
SIM3
SIM4
1
21
22
SIM5
SIM1
SIM2
SIM3
SIM4
1
21
22
SIM5
SIM1
SIM2
SIM3
SIM4
1
21
22
SIM5
SIM1
SIM2
SIM3
SIM4
1
21
22
SIM5
SIM1
SIM2
SIM3
SIM4
1
21
22
SIM5
SIM1
SIM2
SIM3
SIM4
1
21
22
SIM5
SIM1
SIM2
SIM3
SIM4
1
21
22
SIM5
SIM1
SIM2
SIM3
SIM4
1
21
22
SIM5
SIM1
SIM2
SIM3
SIM4
1
21
22
SIM5
SIM1
SIM2
SIM3
SIM4
1
21
22
SIM5
SIM1
SIM2
SIM3
SIM4
1
21
22
SIM5
SIM1
SIM2
SIM3
SIM4
1
21
22
SIM5
SIM1
SIM2
SIM3
SIM4
1
21
22
SIM5
SIM1
SIM2
SIM3
SIM4
1
21
22
SIM5
SIM1
SIM2
SIM3
SIM4
1
21
22
SIM5
SIM1
SIM2
SIM3
SIM4
1
21
22
SIM5
SIM1
SIM2
SIM3
SIM4
1
21
22
SIM5
SIM1
SIM2
SIM3
SIM4
1
21
22
SIM5
SIM1
SIM2
SIM3
SIM4
1
21
22
SIM5
SIM1
SIM2
SIM3
SIM4
1
21
22
SIM5
SIM1
SIM2
SIM3
SIM4
1
21
22
SIM5
SIM1
SIM2
SIM3
SIM4
1
21
22
SIM5
SIM1
SIM2
SIM3
SIM4
1
21
22
SIM5
SIM1
SIM2
SIM3
SIM4
1
21
22
SIM5
SIM1
SIM2
SIM3
SIM4
1
21
22
SIM5
SIM1
SIM2
SIM3
SIM4
1
21
22
SIM5
SIM1
SIM2
SIM3
SIM4
1
21
22
SIM5
SIM1
SIM2
SIM3
SIM4
1
21
22
SIM5
SIM1
SIM2
SIM3
SIM4
1
21
22
SIM5
SIM1
SIM2
SIM3
SIM4
1
21
22
SIM5
SIM1
SIM2
SIM3
SIM4
1
21
22
SIM5
SIM1
SIM2
SIM3
SIM4
1
21
22
SIM5
SIM1
SIM2
SIM3
SIM4
1
21
22
SIM5
SIM1
SIM2
SIM3
SIM4
1
21
22
SIM5
SIM1
SIM2
SIM3
SIM4
1
21
22
SIM5
SIM1
SIM2
SIM3
SIM4
1
21
22
SIM5
SIM1
SIM2
SIM3
SIM4
1
21
22
SIM5
SIM1
SIM2
DEBUG 1 151
SIM1
SIM2
SIM3
SIM4
1
21
22
SIM5
SIM1
SIM2
SIM3
SIM4
1
21
22
SIM5
SIM1
SIM2
SIM3
SIM4
1
21
22
SIM5
SIM1
SIM2
SIM3
SIM4
1
21
22
SIM5
SIM1
SIM2
SIM3
SIM4
1
21
22
SIM5
SIM1
SIM2
SIM3
SIM4
1
21
22
SIM5
SIM1
SIM2
SIM3
SIM4
1
21
22
SIM5
SIM1
SIM2
SIM3
SIM4
1
21
22
SIM5
SIM1
SIM2
SIM3
SIM4
1
21
22
SIM5
SIM1
SIM2
SIM3
SIM4
1
21
22
SIM5
SIM1
SIM2
SIM3
SIM4
1
21
22
SIM5
SIM1
SIM2
SIM3
SIM4
1
21
22
SIM5
SIM1
SIM2
SIM3
SIM4
1
21
22
SIM5
SIM1
SIM2
SIM3
SIM4
1
21
22
SIM5
SIM1
SIM2
SIM3
SIM4
1
21
22
SIM5
SIM1
SIM2
SIM3
SIM4
1
21
22
SIM5
SIM1
SIM2
SIM3
SIM4
1
21
22
SIM5
SIM1
SIM2
SIM3
SIM4
1
21
22
SIM5
SIM1
SIM2
SIM3
SIM4
1
21
22
SIM5
SIM1
SIM2
SIM3
SIM4
1
21
22
SIM5
SIM1
SIM2
SIM3
SIM4
1
21
22
SIM5
SIM1
SIM2
SIM3
SIM4
1
21
22
SIM5
SIM1
SIM2
SIM3
SIM4
1
21
22
SIM5
SIM1
SIM2
SIM3
SIM4
1
21
22
SIM5
SIM1
SIM2
SIM3
SIM4
1
21
22
SIM5
SIM1
SIM2
SIM3
SIM4
1
21
22
SIM5
SIM1
SIM2
SIM3
SIM4
1
21
22
SIM5
SIM1
SIM2
SIM3
SIM4
1
21
22
SIM5
SIM1
SIM2
SIM3
SIM4
1
21
22
SIM5
SIM1
SIM2
SIM3
SIM4
1
21
22
SIM5
SIM1
SIM2
SIM3
SIM4
1
21
22
SIM5
SIM1
SIM2
SIM3
SIM4
1
21
22
SIM5
SIM1
SIM2
SIM3
SIM4
1
21
22
SIM5
SIM1
SIM2
SIM3
SIM4
1
21
22
SIM5
SIM1
SIM2
SIM3
SIM4
1
21
22
SIM5
SIM1
SIM2
SIM3
SIM4
1
21
22
SIM5
SIM1
SIM2
SIM3
SIM4
1
21
22
SIM5
SIM1
SIM2
SIM3
SIM4
1
21
22
SIM5
SIM1
SIM2
SIM3
SIM4
1
21
22
SIM5
SIM1
SIM2
SIM3
SIM4
1
21
22
SIM5
SIM1
SIM2
SIM3
SIM4
1
21
22
SIM5
SIM1
SIM2
SIM3
SIM4
1
21
22
SIM5
SIM1
SIM2
SIM3
SIM4
1
21
22
SIM5
SIM1
SIM2
SIM3
SIM4
1
21
22
SIM5
SIM1
SIM2
SIM3
SIM4
1
21
22
SIM5
SIM1
SIM2
SIM3
SIM4
1
21
22
SIM5
SIM1
SIM2
SIM3
SIM4
1
21
22
SIM5
SIM1
SIM2
SIM3
SIM4
1
21
22
SIM5
SIM1
SIM2
SIM3
SIM4
1
21
22
SIM5
SIM1
SIM2
SIM3
SIM4
1
21
22
SIM5
SIM1
SIM2
SIM3
SIM4
1
21
22
SIM5
SIM1
SIM2
SIM3
SIM4
1
21
22
SIM5
SIM1
SIM2
SIM3
SIM4
1
21
22
SIM5
SIM1
SIM2
SIM3
SIM4
1
21
22
SIM5
SIM1
SIM2
SIM3
SIM4
1
21
22
SIM5
SIM1
SIM2
SIM3
SIM4
1
21
22
SIM5
SIM1
SIM2
SIM3
SIM4
1
21
22
SIM5
SIM1
SIM2
SIM3
SIM4
1
21
22
SIM5
SIM1
SIM2
SIM3
SIM4
1
21
22
SIM5
SIM1
SIM2
SIM3
SIM4
1
21
22
SIM5
SIM1
SIM2
SIM3
SIM4
1
21
22
SIM5
SIM1
SIM2
SIM3
SIM4
1
21
22
SIM5
SIM1
SIM2
SIM3
SIM4
1
21
22
SIM5
SIM1
SIM2
SIM3
SIM4
1
21
22
SIM5
SIM1
SIM2
SIM3
SIM4
1
21
22
SIM5
SIM1
SIM2
SIM3
SIM4
1
21
22
SIM5
SIM1
SIM2
SIM3
SIM4
1
21
22
SIM5
SIM1
SIM2
SIM3
SIM4
1
21
22
SIM5
SIM1
SIM2
SIM3
SIM4
1
21
22
SIM5
SIM1
SIM2
SIM3
SIM4
1
21
22
SIM5
SIM1
SIM2
SIM3
SIM4
1
21
22
SIM5
SIM1
SIM2
SIM3
SIM4
1
21
22
SIM5
SIM1
SIM2
SIM3
SIM4
1
21
22
SIM5
SIM1
SIM2
SIM3
SIM4
1
21
22
SIM5
SIM1
SIM2
SIM3
SIM4
1
21
22
SIM5
SIM1
SIM2
SIM3
SIM4
1
21
22
SIM5
SIM1
SIM2
SIM3
SIM4
1
21
22
SIM5
SIM1
SIM2
SIM3
SIM4
1
21
22
SIM5
SIM1
SIM2
SIM3
SIM4
1
21
22
SIM5
SIM1
SIM2
SIM3
SIM4
1
21
22
SIM5
SIM1
SIM2
SIM3
SIM4
1
21
22
SIM5
SIM1
SIM2
SIM3
SIM4
1
21
22
SIM5
SIM1
SIM2
SIM3
SIM4
1
21
22
SIM5
SIM1
SIM2
SIM3
SIM4
1
21
22
SIM5
SIM1
SIM2
SIM3
SIM4
1
21
22
SIM5
SIM1
SIM2
SIM3
SIM4
1
21
22
SIM5
SIM1
SIM2
SIM3
SIM4
1
21
22
SIM5
SIM1
SIM2
SIM3
SIM4
1
21
22
SIM5
SIM1
SIM2
SIM3
SIM4
1
21
22
SIM5
SIM1
SIM2
SIM3
SIM4
1
21
22
SIM5
SIM1
SIM2
SIM3
SIM4
1
21
22
SIM5
SIM1
SIM2
SIM3
SIM4
1
21
22
SIM5
SIM1
SIM2
SIM3
SIM4
1
21
22
SIM5
SIM1
SIM2
DEBUG 1 152
SIM1
SIM2
SIM3
SIM4
1
21
22
SIM5
SIM1
SIM2
SIM3
SIM4
1
21
22
SIM5
SIM1
SIM2
SIM3
SIM4
1
21
22
SIM5
SIM1
SIM2
SIM3
SIM4
1
21
22
SIM5
SIM1
SIM2
SIM3
SIM4
1
21
22
SIM5
SIM1
SIM2
SIM3
SIM4
1
21
22
SIM5
SIM1
SIM2
SIM3
SIM4
1
21
22
SIM5
SIM1
SIM2
SIM3
SIM4
1
21
22
SIM5
SIM1
SIM2
SIM3
SIM4
1
21
22
SIM5
SIM1
SIM2
SIM3
SIM4
1
21
22
SIM5
SIM1
SIM2
SIM3
SIM4
1
21
22
SIM5
SIM1
SIM2
SIM3
SIM4
1
21
22
SIM5
SIM1
SIM2
SIM3
SIM4
1
21
22
SIM5
SIM1
SIM2
SIM3
SIM4
1
21
22
SIM5
SIM1
SIM2
SIM3
SIM4
1
21
22
SIM5
SIM1
SIM2
SIM3
SIM4
1
21
22
SIM5
SIM1
SIM2
SIM3
SIM4
1
21
22
SIM5
SIM1
SIM2
SIM3
SIM4
1
21
22
SIM5
SIM1
SIM2
SIM3
SIM4
1
21
22
SIM5
SIM1
SIM2
SIM3
SIM4
1
21
22
SIM5
SIM1
SIM2
SIM3
SIM4
1
21
22
SIM5
SIM1
SIM2
SIM3
SIM4
1
21
22
SIM5
SIM1
SIM2
SIM3
SIM4
1
21
22
SIM5
SIM1
SIM2
SIM3
SIM4
1
21
22
SIM5
SIM1
SIM2
SIM3
SIM4
1
21
22
SIM5
SIM1
SIM2
SIM3
SIM4
1
21
22
SIM5
SIM1
SIM2
SIM3
SIM4
1
21
22
SIM5
SIM1
SIM2
SIM3
SIM4
1
21
22
SIM5
SIM1
SIM2
SIM3
SIM4
1
21
22
SIM5
SIM1
SIM2
SIM3
SIM4
1
21
22
SIM5
SIM1
SIM2
SIM3
SIM4
1
21
22
SIM5
SIM1
SIM2
SIM3
SIM4
1
21
22
SIM5
SIM1
SIM2
SIM3
SIM4
1
21
22
SIM5
SIM1
SIM2
SIM3
SIM4
1
21
22
SIM5
SIM1
SIM2
SIM3
SIM4
1
21
22
SIM5
SIM1
SIM2
SIM3
SIM4
1
21
22
SIM5
SIM1
SIM2
SIM3
SIM4
1
21
22
SIM5
SIM1
SIM2
SIM3
SIM4
1
21
22
SIM5
SIM1
SIM2
SIM3
SIM4
1
21
22
SIM5
SIM1
SIM2
SIM3
SIM4
1
21
22
SIM5
SIM1
SIM2
SIM3
SIM4
1
21
22
SIM5
SIM1
SIM2
SIM3
SIM4
1
21
22
SIM5
SIM1
SIM2
SIM3
SIM4
1
21
22
SIM5
SIM1
SIM2
SIM3
SIM4
1
21
22
SIM5
SIM1
SIM2
SIM3
SIM4
1
21
22
SIM5
SIM1
SIM2
SIM3
SIM4
1
21
22
SIM5
SIM1
SIM2
SIM3
SIM4
1
21
22
SIM5
SIM1
SIM2
SIM3
SIM4
1
21
22
SIM5
SIM1
SIM2
SIM3
SIM4
1
21
22
SIM5
SIM1
SIM2
SIM3
SIM4
1
21
22
SIM5
SIM1
SIM2
SIM3
SIM4
1
21
22
SIM5
SIM1
SIM2
SIM3
SIM4
1
21
22
SIM5
SIM1
SIM2
SIM3
SIM4
1
21
22
SIM5
SIM1
SIM2
SIM3
SIM4
1
21
22
SIM5
SIM1
SIM2
SIM3
SIM4
1
21
22
SIM5
SIM1
SIM2
SIM3
SIM4
1
21
22
SIM5
SIM1
SIM2
SIM3
SIM4
1
21
22
SIM5
SIM1
SIM2
SIM3
SIM4
1
21
22
SIM5
SIM1
SIM2
SIM3
SIM4
1
21
22
SIM5
SIM1
SIM2
SIM3
SIM4
1
21
22
SIM5
SIM1
SIM2
SIM3
SIM4
1
21
22
SIM5
SIM1
SIM2
SIM3
SIM4
1
21
22
SIM5
SIM1
SIM2
SIM3
SIM4
1
21
22
SIM5
SIM1
SIM2
SIM3
SIM4
1
21
22
SIM5
SIM1
SIM2
SIM3
SIM4
1
21
22
SIM5
SIM1
SIM2
SIM3
SIM4
1
21
22
SIM5
SIM1
SIM2
SIM3
SIM4
1
21
22
SIM5
SIM1
SIM2
SIM3
SIM4
1
21
22
SIM5
SIM1
SIM2
SIM3
SIM4
1
21
22
SIM5
SIM1
SIM2
SIM3
SIM4
1
21
22
SIM5
SIM1
SIM2
SIM3
SIM4
1
21
22
SIM5
SIM1
SIM2
SIM3
SIM4
1
21
22
SIM5
SIM1
SIM2
SIM3
SIM4
1
21
22
SIM5
SIM1
SIM2
SIM3
SIM4
1
21
22
SIM5
SIM1
SIM2
SIM3
SIM4
1
21
22
SIM5
SIM1
SIM2
SIM3
SIM4
1
21
22
SIM5
SIM1
SIM2
SIM3
SIM4
1
21
22
SIM5
SIM1
SIM2
SIM3
SIM4
1
21
22
SIM5
SIM1
SIM2
SIM3
SIM4
1
21
22
SIM5
SIM1
SIM2
SIM3
SIM4
1
21
22
SIM5
SIM1
SIM2
SIM3
SIM4
1
21
22
SIM5
SIM1
SIM2
SIM3
SIM4
1
21
22
SIM5
SIM1
SIM2
SIM3
SIM4
1
21
22
SIM5
SIM1
SIM2
SIM3
SIM4
1
21
22
SIM5
SIM1
SIM2
SIM3
SIM4
1
21
22
SIM5
SIM1
SIM2
SIM3
SIM4
1
21
22
SIM5
SIM1
SIM2
SIM3
SIM4
1
21
22
SIM5
SIM1
SIM2
SIM3
SIM4
1
21
22
SIM5
SIM1
SIM2
SIM3
SIM4
1
21
22
SIM5
SIM1
SIM2
SIM3
SIM4
1
21
22
SIM5
SIM1
SIM2
SIM3
SIM4
1
21
22
SIM5
SIM1
SIM2
SIM3
SIM4
1
21
22
SIM5
SIM1
SIM2
SIM3
SIM4
1
21
22
SIM5
SIM1
SIM2
SIM3
SIM4
1
21
22
SIM5
SIM1
SIM2
SIM3
SIM4
1
21
22
SIM5
SIM1
SIM2
SIM3
SIM4
1
21
22
SIM5
SIM1
SIM2
SIM3
SIM4
1
21
22
SIM5
SIM1
SIM2
SIM3
SIM4
1
21
22
SIM5
SIM1
SIM2
SIM3
SIM4
1
21
22
SIM5
SIM1
SIM2
SIM3
SIM4
1
21
22
SIM5
SIM1
SIM2
SIM3
SIM4
1
21
22
SIM5
SIM1
SIM2
SIM3
SIM4
1
21
22
SIM5
SIM1
SIM2
SIM3
SIM4
1
21
22
SIM5
SIM1
SIM2
SIM3
SIM4
1
21
22
SIM5
SIM1
SIM2
SIM3
SIM4
1
21
22
SIM5
SIM1
SIM2
SIM3
SIM4
1
21
22
SIM5
SIM1
SIM2
SIM3
SIM4
1
21
22
SIM5
SIM1
SIM2
SIM3
SIM4
1
21
22
SIM5
SIM1
SIM2
SIM3
SIM4
1
21
22
SIM5
SIM1
SIM2
SIM3
SIM4
1
21
22
SIM5
SIM1
SIM2
SIM3
SIM4
1
21
22
SIM5
SIM1
SIM2
SIM3
SIM4
1
21
22
SIM5
SIM1
SIM2
SIM3
SIM4
1
21
22
SIM5
SIM1
SIM2
SIM3
SIM4
1
21
22
SIM5
SIM1
SIM2
SIM3
SIM4
1
21
22
SIM5
SIM1
SIM2
SIM3
SIM4
1
21
22
SIM5
SIM1
SIM2
SIM3
SIM4
1
21
22
SIM5
SIM1
SIM2
SIM3
SIM4
1
21
22
SIM5
SIM1
SIM2
SIM3
SIM4
1
21
22
SIM5
SIM1
SIM2
SIM3
SIM4
1
21
22
SIM5
SIM1
SIM2
SIM3
SIM4
1
21
22
SIM5
SIM1
SIM2
SIM3
SIM4
1
21
22
SIM5
SIM1
SIM2
SIM3
SIM4
1
21
22
SIM5
SIM1
SIM2
SIM3
SIM4
1
21
22
SIM5
SIM1
SIM2
SIM3
SIM4
1
21
22
SIM5
SIM1
SIM2
SIM3
SIM4
1
21
22
SIM5
SIM1
SIM2
SIM3
SIM4
1
21
22
SIM5
SIM1
SIM2
SIM3
SIM4
1
21
22
SIM5
SIM1
SIM2
SIM3
SIM4
1
21
22
SIM5
SIM1
SIM2
SIM3
SIM4
1
21
22
SIM5
SIM1
SIM2
SIM3
SIM4
1
21
22
SIM5
SIM1
SIM2
SIM3
SIM4
1
21
22
SIM5
SIM1
SIM2
SIM3
SIM4
1
21
22
SIM5
SIM1
SIM2
SIM3
SIM4
1
21
22
SIM5
SIM1
SIM2
SIM3
SIM4
1
21
22
SIM5
SIM1
SIM2
SIM3
SIM4
1
21
22
SIM5
SIM1
SIM2
SIM3
SIM4
1
21
22
SIM5
SIM1
SIM2
SIM3
SIM4
1
21
22
SIM5
SIM1
SIM2
SIM3
SIM4
1
21
22
SIM5
SIM1
SIM2
SIM3
SIM4
1
21
22
SIM5
SIM1
SIM2
SIM3
SIM4
1
21
22
SIM5
SIM1
SIM2
SIM3
SIM4
1
21
22
SIM5
SIM1
SIM2
SIM3
SIM4
1
21
22
SIM5
SIM1
SIM2
SIM3
SIM4
1
21
22
SIM5
SIM1
SIM2
SIM3
SIM4
1
21
22
SIM5
SIM1
SIM2
SIM3
SIM4
1
21
22
SIM5
SIM1
SIM2
SIM3
SIM4
1
21
22
SIM5
SIM1
SIM2
SIM3
SIM4
1
21
22
SIM5
SIM1
SIM2
SIM3
SIM4
1
21
22
SIM5
SIM1
SIM2
SIM3
SIM4
1
21
22
SIM5
SIM1
SIM2
SIM3
SIM4
1
21
22
SIM5
SIM1
SIM2
SIM3
SIM4
1
21
22
SIM5
SIM1
SIM2
SIM3
SIM4
1
21
22
SIM5
SIM1
SIM2
SIM3
SIM4
1
21
22
SIM5
SIM1
SIM2
SIM3
SIM4
1
21
22
SIM5
SIM1
SIM2
SIM3
SIM4
1
21
22
SIM5
SIM1
SIM2
SIM3
SIM4
1
21
22
SIM5
SIM1
SIM2
SIM3
SIM4
1
21
22
SIM5
SIM1
SIM2
SIM3
SIM4
1
21
22
SIM5
SIM1
SIM2
SIM3
SIM4
1
21
22
SIM5
SIM1
SIM2
SIM3
SIM4
1
21
22
SIM5
SIM1
SIM2
SIM3
SIM4
1
21
22
SIM5
SIM1
SIM2
SIM3
SIM4
1
21
22
SIM5
SIM1
SIM2
DEBUG 1 153
SIM1
SIM2
SIM3
SIM4
1
21
22
SIM5
SIM1
SIM2
SIM3
SIM4
1
21
22
SIM5
SIM1
SIM2
SIM3
SIM4
1
21
22
SIM5
SIM1
SIM2
SIM3
SIM4
1
21
22
SIM5
SIM1
SIM2
SIM3
SIM4
1
21
22
SIM5
SIM1
SIM2
SIM3
SIM4
1
21
22
SIM5
SIM1
SIM2
SIM3
SIM4
1
21
22
SIM5
SIM1
SIM2
SIM3
SIM4
1
21
22
SIM5
SIM1
SIM2
SIM3
SIM4
1
21
22
SIM5
SIM1
SIM2
SIM3
SIM4
1
21
22
SIM5
SIM1
SIM2
SIM3
SIM4
1
21
22
SIM5
SIM1
SIM2
SIM3
SIM4
1
21
22
SIM5
SIM1
SIM2
SIM3
SIM4
1
21
22
SIM5
SIM1
SIM2
SIM3
SIM4
1
21
22
SIM5
SIM1
SIM2
SIM3
SIM4
1
21
22
SIM5
SIM1
SIM2
SIM3
SIM4
1
21
22
SIM5
SIM1
SIM2
SIM3
SIM4
1
21
22
SIM5
SIM1
SIM2
SIM3
SIM4
1
21
22
SIM5
SIM1
SIM2
SIM3
SIM4
1
21
22
SIM5
SIM1
SIM2
SIM3
SIM4
1
21
22
SIM5
SIM1
SIM2
SIM3
SIM4
1
21
22
SIM5
SIM1
SIM2
SIM3
SIM4
1
21
22
SIM5
SIM1
SIM2
SIM3
SIM4
1
21
22
SIM5
SIM1
SIM2
SIM3
SIM4
1
21
22
SIM5
SIM1
SIM2
SIM3
SIM4
1
21
22
SIM5
SIM1
SIM2
SIM3
SIM4
1
21
22
SIM5
SIM1
SIM2
SIM3
SIM4
1
21
22
SIM5
SIM1
SIM2
SIM3
SIM4
1
21
22
SIM5
SIM1
SIM2
SIM3
SIM4
1
21
22
SIM5
SIM1
SIM2
SIM3
SIM4
1
21
22
SIM5
SIM1
SIM2
SIM3
SIM4
1
21
22
SIM5
SIM1
SIM2
SIM3
SIM4
1
21
22
SIM5
SIM1
SIM2
SIM3
SIM4
1
21
22
SIM5
SIM1
SIM2
SIM3
SIM4
1
21
22
SIM5
SIM1
SIM2
SIM3
SIM4
1
21
22
SIM5
SIM1
SIM2
SIM3
SIM4
1
21
22
SIM5
SIM1
SIM2
SIM3
SIM4
1
21
22
SIM5
SIM1
SIM2
SIM3
SIM4
1
21
22
SIM5
SIM1
SIM2
SIM3
SIM4
1
21
22
SIM5
SIM1
SIM2
SIM3
SIM4
1
21
22
SIM5
SIM1
SIM2
SIM3
SIM4
1
21
22
SIM5
SIM1
SIM2
SIM3
SIM4
1
21
22
SIM5
SIM1
SIM2
SIM3
SIM4
1
21
22
SIM5
SIM1
SIM2
SIM3
SIM4
1
21
22
SIM5
SIM1
SIM2
SIM3
SIM4
1
21
22
SIM5
SIM1
SIM2
SIM3
SIM4
1
21
22
SIM5
SIM1
SIM2
SIM3
SIM4
1
21
22
SIM5
SIM1
SIM2
SIM3
SIM4
1
21
22
SIM5
SIM1
SIM2
SIM3
SIM4
1
21
22
SIM5
SIM1
SIM2
SIM3
SIM4
1
21
22
SIM5
SIM1
SIM2
SIM3
SIM4
1
21
22
SIM5
SIM1
SIM2
SIM3
SIM4
1
21
22
SIM5
SIM1
SIM2
SIM3
SIM4
1
21
22
SIM5
SIM1
SIM2
SIM3
SIM4
1
21
22
SIM5
SIM1
SIM2
SIM3
SIM4
1
21
22
SIM5
SIM1
SIM2
SIM3
SIM4
1
21
22
SIM5
SIM1
SIM2
SIM3
SIM4
1
21
22
SIM5
SIM1
SIM2
SIM3
SIM4
1
21
22
SIM5
SIM1
SIM2
SIM3
SIM4
1
21
22
SIM5
SIM1
SIM2
SIM3
SIM4
1
21
22
SIM5
SIM1
SIM2
SIM3
SIM4
1
21
22
SIM5
SIM1
SIM2
SIM3
SIM4
1
21
22
SIM5
SIM1
SIM2
SIM3
SIM4
1
21
22
SIM5
SIM1
SIM2
SIM3
SIM4
1
21
22
SIM5
SIM1
SIM2
SIM3
SIM4
1
21
22
SIM5
SIM1
SIM2
SIM3
SIM4
1
21
22
SIM5
SIM1
SIM2
SIM3
SIM4
1
21
22
SIM5
SIM1
SIM2
SIM3
SIM4
1
21
22
SIM5
SIM1
SIM2
SIM3
SIM4
1
21
22
SIM5
SIM1
SIM2
SIM3
SIM4
1
21
22
SIM5
SIM1
SIM2
SIM3
SIM4
1
21
22
SIM5
SIM1
SIM2
SIM3
SIM4
1
21
22
SIM5
SIM1
SIM2
SIM3
SIM4
1
21
22
SIM5
SIM1
SIM2
SIM3
SIM4
1
21
22
SIM5
SIM1
SIM2
SIM3
SIM4
1
21
22
SIM5
SIM1
SIM2
SIM3
SIM4
1
21
22
SIM5
SIM1
SIM2
SIM3
SIM4
1
21
22
SIM5
SIM1
SIM2
SIM3
SIM4
1
21
22
SIM5
SIM1
SIM2
SIM3
SIM4
1
21
22
SIM5
SIM1
SIM2
SIM3
SIM4
1
21
22
SIM5
SIM1
SIM2
SIM3
SIM4
1
21
22
SIM5
SIM1
SIM2
SIM3
SIM4
1
21
22
SIM5
SIM1
SIM2
SIM3
SIM4
1
21
22
SIM5
SIM1
SIM2
SIM3
SIM4
1
21
22
SIM5
SIM1
SIM2
SIM3
SIM4
1
21
22
SIM5
SIM1
SIM2
SIM3
SIM4
1
21
22
SIM5
SIM1
SIM2
SIM3
SIM4
1
21
22
SIM5
SIM1
SIM2
SIM3
SIM4
1
21
22
SIM5
SIM1
SIM2
SIM3
SIM4
1
21
22
SIM5
SIM1
SIM2
SIM3
SIM4
1
21
22
SIM5
SIM1
SIM2
SIM3
SIM4
1
21
22
SIM5
SIM1
SIM2
SIM3
SIM4
1
21
22
SIM5
SIM1
SIM2
SIM3
SIM4
1
21
22
SIM5
SIM1
SIM2
SIM3
SIM4
1
21
22
SIM5
SIM1
SIM2
SIM3
SIM4
1
21
22
SIM5
SIM1
SIM2
SIM3
SIM4
1
21
22
SIM5
SIM1
SIM2
SIM3
SIM4
1
21
22
SIM5
SIM1
SIM2
SIM3
SIM4
1
21
22
SIM5
SIM1
SIM2
SIM3
SIM4
1
21
22
SIM5
SIM1
SIM2
SIM3
SIM4
1
21
22
SIM5
SIM1
SIM2
SIM3
SIM4
1
21
22
SIM5
SIM1
SIM2
SIM3
SIM4
1
21
22
SIM5
SIM1
SIM2
SIM3
SIM4
1
21
22
SIM5
SIM1
SIM2
SIM3
SIM4
1
21
22
SIM5
SIM1
SIM2
SIM3
SIM4
1
21
22
SIM5
SIM1
SIM2
SIM3
SIM4
1
21
22
SIM5
SIM1
SIM2
SIM3
SIM4
1
21
22
SIM5
SIM1
SIM2
SIM3
SIM4
1
21
22
SIM5
SIM1
SIM2
SIM3
SIM4
1
21
22
SIM5
SIM1
SIM2
SIM3
SIM4
1
21
22
SIM5
SIM1
SIM2
SIM3
SIM4
1
21
22
SIM5
SIM1
SIM2
SIM3
SIM4
1
21
22
SIM5
SIM1
SIM2
SIM3
SIM4
1
21
22
SIM5
SIM1
SIM2
SIM3
SIM4
1
21
22
SIM5
SIM1
SIM2
SIM3
SIM4
1
21
22
SIM5
SIM1
SIM2
SIM3
SIM4
1
21
22
SIM5
SIM1
SIM2
SIM3
SIM4
1
21
22
SIM5
SIM1
SIM2
SIM3
SIM4
1
21
22
SIM5
SIM1
SIM2
SIM3
SIM4
1
21
22
SIM5
SIM1
SIM2
SIM3
SIM4
1
21
22
SIM5
SIM1
SIM2
SIM3
SIM4
1
21
22
SIM5
SIM1
SIM2
SIM3
SIM4
1
21
22
SIM5
SIM1
SIM2
SIM3
SIM4
1
21
22
SIM5
SIM1
SIM2
SIM3
SIM4
1
21
22
SIM5
SIM1
SIM2
SIM3
SIM4
1
21
22
SIM5
SIM1
SIM2
SIM3
SIM4
1
21
22
SIM5
SIM1
SIM2
SIM3
SIM4
1
21
22
SIM5
SIM1
SIM2
SIM3
SIM4
1
21
22
SIM5
SIM1
SIM2
SIM3
SIM4
1
21
22
SIM5
SIM1
SIM2
SIM3
SIM4
1
21
22
SIM5
SIM1
SIM2
SIM3
SIM4
1
21
22
SIM5
SIM1
SIM2
SIM3
SIM4
1
21
22
SIM5
SIM1
SIM2
SIM3
SIM4
1
21
22
SIM5
SIM1
SIM2
SIM3
SIM4
1
21
22
SIM5
SIM1
SIM2
SIM3
SIM4
1
21
22
SIM5
SIM1
SIM2
SIM3
SIM4
1
21
22
SIM5
SIM1
SIM2
SIM3
SIM4
1
21
22
SIM5
SIM1
SIM2
SIM3
SIM4
1
21
22
SIM5
SIM1
SIM2
SIM3
SIM4
1
21
22
SIM5
SIM1
SIM2
SIM3
SIM4
1
21
22
SIM5
SIM1
SIM2
SIM3
SIM4
1
21
22
SIM5
SIM1
SIM2
SIM3
SIM4
1
21
22
SIM5
SIM1
SIM2
SIM3
SIM4
1
21
22
SIM5
SIM1
SIM2
SIM3
SIM4
1
21
22
SIM5
SIM1
SIM2
SIM3
SIM4
1
21
22
SIM5
SIM1
SIM2
SIM3
SIM4
1
21
22
SIM5
SIM1
SIM2
SIM3
SIM4
1
21
22
SIM5
SIM1
SIM2
SIM3
SIM4
1
21
22
SIM5
SIM1
SIM2
SIM3
SIM4
1
21
22
SIM5
SIM1
SIM2
SIM3
SIM4
1
21
22
SIM5
SIM1
SIM2
SIM3
SIM4
1
21
22
SIM5
SIM1
SIM2
SIM3
SIM4
1
21
22
SIM5
SIM1
SIM2
SIM3
SIM4
1
21
22
SIM5
SIM1
SIM2
SIM3
SIM4
1
21
22
SIM5
SIM1
SIM2
SIM3
SIM4
1
21
22
SIM5
SIM1
SIM2
SIM3
SIM4
1
21
22
SIM5
SIM1
SIM2
SIM3
SIM4
1
21
22
SIM5
SIM1
SIM2
SIM3
SIM4
1
21
22
SIM5
SIM1
SIM2
SIM3
SIM4
1
21
22
SIM5
SIM1
SIM2
SIM3
SIM4
1
21
22
SIM5
SIM1
SIM2
SIM3
SIM4
1
21
22
SIM5
SIM1
SIM2
SIM3
SIM4
1
21
22
SIM5
SIM1
SIM2
SIM3
SIM4
1
21
22
SIM5
SIM1
SIM2
SIM3
SIM4
1
21
22
SIM5
SIM1
SIM2
SIM3
SIM4
1
21
22
SIM5
SIM1
SIM2
SIM3
SIM4
1
21
22
SIM5
SIM1
SIM2
SIM3
SIM4
1
21
22
SIM5
SIM1
SIM2
SIM3
SIM4
1
21
22
SIM5
SIM1
SIM2
SIM3
SIM4
1
21
22
SIM5
SIM1
SIM2
SIM3
SIM4
1
21
22
SIM5
SIM1
SIM2
SIM3
SIM4
1
21
22
SIM5
SIM1
SIM2
SIM3
SIM4
1
21
22
SIM5
SIM1
SIM2
SIM3
SIM4
1
21
22
SIM5
SIM1
SIM2
SIM3
SIM4
1
21
22
SIM5
SIM1
SIM2
SIM3
SIM4
1
21
22
SIM5
SIM1
SIM2
SIM3
SIM4
1
21
22
SIM5
SIM1
SIM2
SIM3
SIM4
1
21
22
SIM5
SIM1
SIM2
SIM3
SIM4
1
21
22
SIM5
SIM1
SIM2
SIM3
SIM4
1
21
22
SIM5
SIM1
SIM2
SIM3
SIM4
1
21
22
SIM5
SIM1
SIM2
SIM3
SIM4
1
21
22
SIM5
SIM1
SIM2
SIM3
SIM4
1
21
22
SIM5
SIM1
SIM2
SIM3
SIM4
1
21
22
SIM5
SIM1
SIM2
SIM3
SIM4
1
21
22
SIM5
SIM1
SIM2
SIM3
SIM4
1
21
22
SIM5
SIM1
SIM2
SIM3
SIM4
1
21
22
SIM5
SIM1
SIM2
SIM3
SIM4
1
21
22
SIM5
SIM1
SIM2
SIM3
SIM4
1
21
22
SIM5
SIM1
SIM2
SIM3
SIM4
1
21
22
SIM5
SIM1
SIM2
SIM3
SIM4
1
21
22
SIM5
SIM1
SIM2
SIM3
SIM4
1
21
22
SIM5
SIM1
SIM2
SIM3
SIM4
1
21
22
SIM5
SIM1
SIM2
SIM3
SIM4
1
21
22
SIM5
SIM1
SIM2
SIM3
SIM4
1
21
22
SIM5
SIM1
SIM2
SIM3
SIM4
1
21
22
SIM5
SIM1
SIM2
SIM3
SIM4
1
21
22
SIM5
SIM1
SIM2
SIM3
SIM4
1
21
22
SIM5
SIM1
SIM2
SIM3
SIM4
1
21
22
SIM5
SIM1
SIM2
SIM3
SIM4
1
21
22
SIM5
SIM1
SIM2
SIM3
SIM4
1
21
22
SIM5
SIM1
SIM2
SIM3
SIM4
1
21
22
SIM5
SIM1
SIM2
SIM3
SIM4
1
21
22
SIM5
SIM1
SIM2
SIM3
SIM4
1
21
22
SIM5
SIM1
SIM2
SIM3
SIM4
1
21
22
SIM5
SIM1
SIM2
SIM3
SIM4
1
21
22
SIM5
SIM1
SIM2
SIM3
SIM4
1
21
22
SIM5
SIM1
SIM2
SIM3
SIM4
1
21
22
SIM5
SIM1
SIM2
SIM3
SIM4
1
21
22
SIM5
SIM1
SIM2
SIM3
SIM4
1
21
22
SIM5
SIM1
SIM2
SIM3
SIM4
1
21
22
SIM5
SIM1
SIM2
SIM3
SIM4
1
21
22
SIM5
SIM1
SIM2
SIM3
SIM4
1
21
22
SIM5
SIM1
SIM2
SIM3
SIM4
1
21
22
SIM5
SIM1
SIM2
SIM3
SIM4
1
21
22
SIM5
SIM1
SIM2
SIM3
SIM4
1
21
22
SIM5
SIM1
SIM2
SIM3
SIM4
1
21
22
SIM5
SIM1
SIM2
SIM3
SIM4
1
21
22
SIM5
SIM1
SIM2
SIM3
SIM4
1
21
22
SIM5
SIM1
SIM2
SIM3
SIM4
1
21
22
SIM5
SIM1
SIM2
SIM3
SIM4
1
21
22
SIM5
SIM1
SIM2
SIM3
SIM4
1
21
22
SIM5
SIM1
SIM2
SIM3
SIM4
1
21
22
SIM5
SIM1
SIM2
SIM3
SIM4
1
21
22
SIM5
SIM1
SIM2
SIM3
SIM4
1
21
22
SIM5
SIM1
SIM2
SIM3
SIM4
1
21
22
SIM5
SIM1
SIM2
SIM3
SIM4
1
21
22
SIM5
SIM1
SIM2
DEBUG 1 154
SIM1
SIM2
SIM3
SIM4
1
21
22
SIM5
SIM1
SIM2
SIM3
SIM4
1
21
22
SIM5
SIM1
SIM2
SIM3
SIM4
1
21
22
SIM5
SIM1
SIM2
SIM3
SIM4
1
21
22
SIM5
SIM1
SIM2
SIM3
SIM4
1
21
22
SIM5
SIM1
SIM2
SIM3
SIM4
1
21
22
SIM5
SIM1
SIM2
SIM3
SIM4
1
21
22
SIM5
SIM1
SIM2
SIM3
SIM4
1
21
22
SIM5
SIM1
SIM2
SIM3
SIM4
1
21
22
SIM5
SIM1
SIM2
SIM3
SIM4
1
21
22
SIM5
SIM1
SIM2
SIM3
SIM4
1
21
22
SIM5
SIM1
SIM2
SIM3
SIM4
1
21
22
SIM5
SIM1
SIM2
SIM3
SIM4
1
21
22
SIM5
SIM1
SIM2
SIM3
SIM4
1
21
22
SIM5
SIM1
SIM2
SIM3
SIM4
1
21
22
SIM5
SIM1
SIM2
SIM3
SIM4
1
21
22
SIM5
SIM1
SIM2
SIM3
SIM4
1
21
22
SIM5
SIM1
SIM2
SIM3
SIM4
1
21
22
SIM5
SIM1
SIM2
SIM3
SIM4
1
21
22
SIM5
SIM1
SIM2
SIM3
SIM4
1
21
22
SIM5
SIM1
SIM2
SIM3
SIM4
1
21
22
SIM5
SIM1
SIM2
SIM3
SIM4
1
21
22
SIM5
SIM1
SIM2
SIM3
SIM4
1
21
22
SIM5
SIM1
SIM2
SIM3
SIM4
1
21
22
SIM5
SIM1
SIM2
SIM3
SIM4
1
21
22
SIM5
SIM1
SIM2
SIM3
SIM4
1
21
22
SIM5
SIM1
SIM2
SIM3
SIM4
1
21
22
SIM5
SIM1
SIM2
SIM3
SIM4
1
21
22
SIM5
SIM1
SIM2
SIM3
SIM4
1
21
22
SIM5
SIM1
SIM2
SIM3
SIM4
1
21
22
SIM5
SIM1
SIM2
SIM3
SIM4
1
21
22
SIM5
SIM1
SIM2
SIM3
SIM4
1
21
22
SIM5
SIM1
SIM2
SIM3
SIM4
1
21
22
SIM5
SIM1
SIM2
SIM3
SIM4
1
21
22
SIM5
SIM1
SIM2
SIM3
SIM4
1
21
22
SIM5
SIM1
SIM2
SIM3
SIM4
1
21
22
SIM5
SIM1
SIM2
SIM3
SIM4
1
21
22
SIM5
SIM1
SIM2
SIM3
SIM4
1
21
22
SIM5
SIM1
SIM2
SIM3
SIM4
1
21
22
SIM5
SIM1
SIM2
SIM3
SIM4
1
21
22
SIM5
SIM1
SIM2
SIM3
SIM4
1
21
22
SIM5
SIM1
SIM2
SIM3
SIM4
1
21
22
SIM5
SIM1
SIM2
SIM3
SIM4
1
21
22
SIM5
SIM1
SIM2
SIM3
SIM4
1
21
22
SIM5
SIM1
SIM2
SIM3
SIM4
1
21
22
SIM5
SIM1
SIM2
SIM3
SIM4
1
21
22
SIM5
SIM1
SIM2
SIM3
SIM4
1
21
22
SIM5
SIM1
SIM2
SIM3
SIM4
1
21
22
SIM5
SIM1
SIM2
SIM3
SIM4
1
21
22
SIM5
SIM1
SIM2
SIM3
SIM4
1
21
22
SIM5
SIM1
SIM2
SIM3
SIM4
1
21
22
SIM5
SIM1
SIM2
SIM3
SIM4
1
21
22
SIM5
SIM1
SIM2
SIM3
SIM4
1
21
22
SIM5
SIM1
SIM2
SIM3
SIM4
1
21
22
SIM5
SIM1
SIM2
SIM3
SIM4
1
21
22
SIM5
SIM1
SIM2
SIM3
SIM4
1
21
22
SIM5
SIM1
SIM2
SIM3
SIM4
1
21
22
SIM5
SIM1
SIM2
SIM3
SIM4
1
21
22
SIM5
SIM1
SIM2
SIM3
SIM4
1
21
22
SIM5
SIM1
SIM2
SIM3
SIM4
1
21
22
SIM5
SIM1
SIM2
SIM3
SIM4
1
21
22
SIM5
SIM1
SIM2
SIM3
SIM4
1
21
22
SIM5
SIM1
SIM2
SIM3
SIM4
1
21
22
SIM5
SIM1
SIM2
SIM3
SIM4
1
21
22
SIM5
SIM1
SIM2
SIM3
SIM4
1
21
22
SIM5
SIM1
SIM2
SIM3
SIM4
1
21
22
SIM5
SIM1
SIM2
SIM3
SIM4
1
21
22
SIM5
SIM1
SIM2
SIM3
SIM4
1
21
22
SIM5
SIM1
SIM2
SIM3
SIM4
1
21
22
SIM5
SIM1
SIM2
SIM3
SIM4
1
21
22
SIM5
SIM1
SIM2
SIM3
SIM4
1
21
22
SIM5
SIM1
SIM2
SIM3
SIM4
1
21
22
SIM5
SIM1
SIM2
SIM3
SIM4
1
21
22
SIM5
SIM1
SIM2
SIM3
SIM4
1
21
22
SIM5
SIM1
SIM2
SIM3
SIM4
1
21
22
SIM5
SIM1
SIM2
SIM3
SIM4
1
21
22
SIM5
SIM1
SIM2
SIM3
SIM4
1
21
22
SIM5
SIM1
SIM2
SIM3
SIM4
1
21
22
SIM5
SIM1
SIM2
SIM3
SIM4
1
21
22
SIM5
SIM1
SIM2
SIM3
SIM4
1
21
22
SIM5
SIM1
SIM2
SIM3
SIM4
1
21
22
SIM5
SIM1
SIM2
SIM3
SIM4
1
21
22
SIM5
SIM1
SIM2
SIM3
SIM4
1
21
22
SIM5
SIM1
SIM2
SIM3
SIM4
1
21
22
SIM5
SIM1
SIM2
SIM3
SIM4
1
21
22
SIM5
SIM1
SIM2
SIM3
SIM4
1
21
22
SIM5
SIM1
SIM2
SIM3
SIM4
1
21
22
SIM5
SIM1
SIM2
SIM3
SIM4
1
21
22
SIM5
SIM1
SIM2
SIM3
SIM4
1
21
22
SIM5
SIM1
SIM2
SIM3
SIM4
1
21
22
SIM5
SIM1
SIM2
SIM3
SIM4
1
21
22
SIM5
SIM1
SIM2
SIM3
SIM4
1
21
22
SIM5
SIM1
SIM2
SIM3
SIM4
1
21
22
SIM5
SIM1
SIM2
SIM3
SIM4
1
21
22
SIM5
SIM1
SIM2
SIM3
SIM4
1
21
22
SIM5
SIM1
SIM2
SIM3
SIM4
1
21
22
SIM5
SIM1
SIM2
SIM3
SIM4
1
21
22
SIM5
SIM1
SIM2
SIM3
SIM4
1
21
22
SIM5
SIM1
SIM2
SIM3
SIM4
1
21
22
SIM5
SIM1
SIM2
SIM3
SIM4
1
21
22
SIM5
SIM1
SIM2
SIM3
SIM4
1
21
22
SIM5
SIM1
SIM2
SIM3
SIM4
1
21
22
SIM5
SIM1
SIM2
SIM3
SIM4
1
21
22
SIM5
SIM1
SIM2
SIM3
SIM4
1
21
22
SIM5
SIM1
SIM2
SIM3
SIM4
1
21
22
SIM5
SIM1
SIM2
SIM3
SIM4
1
21
22
SIM5
SIM1
SIM2
SIM3
SIM4
1
21
22
SIM5
SIM1
SIM2
SIM3
SIM4
1
21
22
SIM5
SIM1
SIM2
SIM3
SIM4
1
21
22
SIM5
SIM1
SIM2
SIM3
SIM4
1
21
22
SIM5
SIM1
SIM2
SIM3
SIM4
1
21
22
SIM5
SIM1
SIM2
SIM3
SIM4
1
21
22
SIM5
SIM1
SIM2
SIM3
SIM4
1
21
22
SIM5
SIM1
SIM2
SIM3
SIM4
1
21
22
SIM5
SIM1
SIM2
SIM3
SIM4
1
21
22
SIM5
SIM1
SIM2
SIM3
SIM4
1
21
22
SIM5
SIM1
SIM2
SIM3
SIM4
1
21
22
SIM5
SIM1
SIM2
SIM3
SIM4
1
21
22
SIM5
SIM1
SIM2
SIM3
SIM4
1
21
22
SIM5
SIM1
SIM2
SIM3
SIM4
1
21
22
SIM5
SIM1
SIM2
SIM3
SIM4
1
21
22
SIM5
SIM1
SIM2
SIM3
SIM4
1
21
22
SIM5
SIM1
SIM2
SIM3
SIM4
1
21
22
SIM5
SIM1
SIM2
SIM3
SIM4
1
21
22
SIM5
SIM1
SIM2
SIM3
SIM4
1
21
22
SIM5
SIM1
SIM2
SIM3
SIM4
1
21
22
SIM5
SIM1
SIM2
SIM3
SIM4
1
21
22
SIM5
SIM1
SIM2
SIM3
SIM4
1
21
22
SIM5
SIM1
SIM2
SIM3
SIM4
1
21
22
SIM5
SIM1
SIM2
SIM3
SIM4
1
21
22
SIM5
SIM1
SIM2
SIM3
SIM4
1
21
22
SIM5
SIM1
SIM2
SIM3
SIM4
1
21
22
SIM5
SIM1
SIM2
SIM3
SIM4
1
21
22
SIM5
SIM1
SIM2
SIM3
SIM4
1
21
22
SIM5
SIM1
SIM2
SIM3
SIM4
1
21
22
SIM5
SIM1
SIM2
SIM3
SIM4
1
21
22
SIM5
SIM1
SIM2
SIM3
SIM4
1
21
22
SIM5
SIM1
SIM2
SIM3
SIM4
1
21
22
SIM5
SIM1
SIM2
SIM3
SIM4
1
21
22
SIM5
SIM1
SIM2
SIM3
SIM4
1
21
22
SIM5
SIM1
SIM2
SIM3
SIM4
1
21
22
SIM5
SIM1
SIM2
SIM3
SIM4
1
21
22
SIM5
SIM1
SIM2
SIM3
SIM4
1
21
22
SIM5
SIM1
SIM2
SIM3
SIM4
1
21
22
SIM5
SIM1
SIM2
SIM3
SIM4
1
21
22
SIM5
SIM1
SIM2
SIM3
SIM4
1
21
22
SIM5
SIM1
SIM2
SIM3
SIM4
1
21
22
SIM5
SIM1
SIM2
SIM3
SIM4
1
21
22
SIM5
SIM1
SIM2
SIM3
SIM4
1
21
22
SIM5
SIM1
SIM2
SIM3
SIM4
1
21
22
SIM5
SIM1
SIM2
SIM3
SIM4
1
21
22
SIM5
SIM1
SIM2
SIM3
SIM4
1
21
22
SIM5
SIM1
SIM2
SIM3
SIM4
1
21
22
SIM5
SIM1
SIM2
SIM3
SIM4
1
21
22
SIM5
SIM1
SIM2
SIM3
SIM4
1
21
22
SIM5
SIM1
SIM2
SIM3
SIM4
1
21
22
SIM5
SIM1
SIM2
SIM3
SIM4
1
21
22
SIM5
SIM1
SIM2
SIM3
SIM4
1
21
22
SIM5
SIM1
SIM2
SIM3
SIM4
1
21
22
SIM5
SIM1
SIM2
SIM3
SIM4
1
21
22
SIM5
SIM1
SIM2
SIM3
SIM4
1
21
22
SIM5
SIM1
SIM2
SIM3
SIM4
1
21
22
SIM5
SIM1
SIM2
SIM3
SIM4
1
21
22
SIM5
SIM1
SIM2
DEBUG 1 155
SIM1
SIM2
SIM3
SIM4
1
21
22
SIM5
SIM1
SIM2
SIM3
SIM4
1
21
22
SIM5
SIM1
SIM2
SIM3
SIM4
1
21
22
SIM5
SIM1
SIM2
SIM3
SIM4
1
21
22
SIM5
SIM1
SIM2
SIM3
SIM4
1
21
22
SIM5
SIM1
SIM2
SIM3
SIM4
1
21
22
SIM5
SIM1
SIM2
SIM3
SIM4
1
21
22
SIM5
SIM1
SIM2
SIM3
SIM4
1
21
22
SIM5
SIM1
SIM2
SIM3
SIM4
1
21
22
SIM5
SIM1
SIM2
SIM3
SIM4
1
21
22
SIM5
SIM1
SIM2
SIM3
SIM4
1
21
22
SIM5
SIM1
SIM2
SIM3
SIM4
1
21
22
SIM5
SIM1
SIM2
SIM3
SIM4
1
21
22
SIM5
SIM1
SIM2
SIM3
SIM4
1
21
22
SIM5
SIM1
SIM2
SIM3
SIM4
1
21
22
SIM5
SIM1
SIM2
SIM3
SIM4
1
21
22
SIM5
SIM1
SIM2
SIM3
SIM4
1
21
22
SIM5
SIM1
SIM2
SIM3
SIM4
1
21
22
SIM5
SIM1
SIM2
SIM3
SIM4
1
21
22
SIM5
SIM1
SIM2
SIM3
SIM4
1
21
22
SIM5
SIM1
SIM2
SIM3
SIM4
1
21
22
SIM5
SIM1
SIM2
SIM3
SIM4
1
21
22
SIM5
SIM1
SIM2
SIM3
SIM4
1
21
22
SIM5
SIM1
SIM2
SIM3
SIM4
1
21
22
SIM5
SIM1
SIM2
SIM3
SIM4
1
21
22
SIM5
SIM1
SIM2
SIM3
SIM4
1
21
22
SIM5
SIM1
SIM2
SIM3
SIM4
1
21
22
SIM5
SIM1
SIM2
SIM3
SIM4
1
21
22
SIM5
SIM1
SIM2
SIM3
SIM4
1
21
22
SIM5
SIM1
SIM2
SIM3
SIM4
1
21
22
SIM5
SIM1
SIM2
SIM3
SIM4
1
21
22
SIM5
SIM1
SIM2
SIM3
SIM4
1
21
22
SIM5
SIM1
SIM2
SIM3
SIM4
1
21
22
SIM5
SIM1
SIM2
SIM3
SIM4
1
21
22
SIM5
SIM1
SIM2
SIM3
SIM4
1
21
22
SIM5
SIM1
SIM2
SIM3
SIM4
1
21
22
SIM5
SIM1
SIM2
SIM3
SIM4
1
21
22
SIM5
SIM1
SIM2
SIM3
SIM4
1
21
22
SIM5
SIM1
SIM2
SIM3
SIM4
1
21
22
SIM5
SIM1
SIM2
SIM3
SIM4
1
21
22
SIM5
SIM1
SIM2
SIM3
SIM4
1
21
22
SIM5
SIM1
SIM2
SIM3
SIM4
1
21
22
SIM5
SIM1
SIM2
SIM3
SIM4
1
21
22
SIM5
SIM1
SIM2
SIM3
SIM4
1
21
22
SIM5
SIM1
SIM2
SIM3
SIM4
1
21
22
SIM5
SIM1
SIM2
SIM3
SIM4
1
21
22
SIM5
SIM1
SIM2
SIM3
SIM4
1
21
22
SIM5
SIM1
SIM2
SIM3
SIM4
1
21
22
SIM5
SIM1
SIM2
SIM3
SIM4
1
21
22
SIM5
SIM1
SIM2
SIM3
SIM4
1
21
22
SIM5
SIM1
SIM2
SIM3
SIM4
1
21
22
SIM5
SIM1
SIM2
SIM3
SIM4
1
21
22
SIM5
SIM1
SIM2
SIM3
SIM4
1
21
22
SIM5
SIM1
SIM2
SIM3
SIM4
1
21
22
SIM5
SIM1
SIM2
SIM3
SIM4
1
21
22
SIM5
SIM1
SIM2
SIM3
SIM4
1
21
22
SIM5
SIM1
SIM2
SIM3
SIM4
1
21
22
SIM5
SIM1
SIM2
SIM3
SIM4
1
21
22
SIM5
SIM1
SIM2
SIM3
SIM4
1
21
22
SIM5
SIM1
SIM2
SIM3
SIM4
1
21
22
SIM5
SIM1
SIM2
SIM3
SIM4
1
21
22
SIM5
SIM1
SIM2
SIM3
SIM4
1
21
22
SIM5
SIM1
SIM2
SIM3
SIM4
1
21
22
SIM5
SIM1
SIM2
SIM3
SIM4
1
21
22
SIM5
SIM1
SIM2
SIM3
SIM4
1
21
22
SIM5
SIM1
SIM2
SIM3
SIM4
1
21
22
SIM5
SIM1
SIM2
SIM3
SIM4
1
21
22
SIM5
SIM1
SIM2
SIM3
SIM4
1
21
22
SIM5
SIM1
SIM2
SIM3
SIM4
1
21
22
SIM5
SIM1
SIM2
SIM3
SIM4
1
21
22
SIM5
SIM1
SIM2
SIM3
SIM4
1
21
22
SIM5
SIM1
SIM2
SIM3
SIM4
1
21
22
SIM5
SIM1
SIM2
SIM3
SIM4
1
21
22
SIM5
SIM1
SIM2
SIM3
SIM4
1
21
22
SIM5
SIM1
SIM2
SIM3
SIM4
1
21
22
SIM5
SIM1
SIM2
SIM3
SIM4
1
21
22
SIM5
SIM1
SIM2
SIM3
SIM4
1
21
22
SIM5
SIM1
SIM2
SIM3
SIM4
1
21
22
SIM5
SIM1
SIM2
SIM3
SIM4
1
21
22
SIM5
SIM1
SIM2
SIM3
SIM4
1
21
22
SIM5
SIM1
SIM2
SIM3
SIM4
1
21
22
SIM5
SIM1
SIM2
SIM3
SIM4
1
21
22
SIM5
SIM1
SIM2
SIM3
SIM4
1
21
22
SIM5
SIM1
SIM2
SIM3
SIM4
1
21
22
SIM5
SIM1
SIM2
SIM3
SIM4
1
21
22
SIM5
SIM1
SIM2
SIM3
SIM4
1
21
22
SIM5
SIM1
SIM2
SIM3
SIM4
1
21
22
SIM5
SIM1
SIM2
SIM3
SIM4
1
21
22
SIM5
SIM1
SIM2
SIM3
SIM4
1
21
22
SIM5
SIM1
SIM2
SIM3
SIM4
1
21
22
SIM5
SIM1
SIM2
SIM3
SIM4
1
21
22
SIM5
SIM1
SIM2
SIM3
SIM4
1
21
22
SIM5
SIM1
SIM2
SIM3
SIM4
1
21
22
SIM5
SIM1
SIM2
SIM3
SIM4
1
21
22
SIM5
SIM1
SIM2
SIM3
SIM4
1
21
22
SIM5
SIM1
SIM2
SIM3
SIM4
1
21
22
SIM5
SIM1
SIM2
SIM3
SIM4
1
21
22
SIM5
SIM1
SIM2
SIM3
SIM4
1
21
22
SIM5
SIM1
SIM2
SIM3
SIM4
1
21
22
SIM5
SIM1
SIM2
SIM3
SIM4
1
21
22
SIM5
SIM1
SIM2
SIM3
SIM4
1
21
22
SIM5
SIM1
SIM2
SIM3
SIM4
1
21
22
SIM5
SIM1
SIM2
SIM3
SIM4
1
21
22
SIM5
SIM1
SIM2
SIM3
SIM4
1
21
22
SIM5
SIM1
SIM2
SIM3
SIM4
1
21
22
SIM5
SIM1
SIM2
SIM3
SIM4
1
21
22
SIM5
SIM1
SIM2
SIM3
SIM4
1
21
22
SIM5
SIM1
SIM2
SIM3
SIM4
1
21
22
SIM5
SIM1
SIM2
SIM3
SIM4
1
21
22
SIM5
SIM1
SIM2
SIM3
SIM4
1
21
22
SIM5
SIM1
SIM2
SIM3
SIM4
1
21
22
SIM5
SIM1
SIM2
SIM3
SIM4
1
21
22
SIM5
SIM1
SIM2
SIM3
SIM4
1
21
22
SIM5
SIM1
SIM2
SIM3
SIM4
1
21
22
SIM5
SIM1
SIM2
SIM3
SIM4
1
21
22
SIM5
SIM1
SIM2
SIM3
SIM4
1
21
22
SIM5
SIM1
SIM2
SIM3
SIM4
1
21
22
SIM5
SIM1
SIM2
SIM3
SIM4
1
21
22
SIM5
SIM1
SIM2
SIM3
SIM4
1
21
22
SIM5
SIM1
SIM2
SIM3
SIM4
1
21
22
SIM5
SIM1
SIM2
SIM3
SIM4
1
21
22
SIM5
SIM1
SIM2
SIM3
SIM4
1
21
22
SIM5
SIM1
SIM2
SIM3
SIM4
1
21
22
SIM5
SIM1
SIM2
SIM3
SIM4
1
21
22
SIM5
SIM1
SIM2
SIM3
SIM4
1
21
22
SIM5
SIM1
SIM2
SIM3
SIM4
1
21
22
SIM5
SIM1
SIM2
SIM3
SIM4
1
21
22
SIM5
SIM1
SIM2
SIM3
SIM4
1
21
22
SIM5
SIM1
SIM2
SIM3
SIM4
1
21
22
SIM5
SIM1
SIM2
SIM3
SIM4
1
21
22
SIM5
SIM1
SIM2
SIM3
SIM4
1
21
22
SIM5
SIM1
SIM2
SIM3
SIM4
1
21
22
SIM5
SIM1
SIM2
SIM3
SIM4
1
21
22
SIM5
SIM1
SIM2
SIM3
SIM4
1
21
22
SIM5
SIM1
SIM2
SIM3
SIM4
1
21
22
SIM5
SIM1
SIM2
SIM3
SIM4
1
21
22
SIM5
SIM1
SIM2
SIM3
SIM4
1
21
22
SIM5
SIM1
SIM2
SIM3
SIM4
1
21
22
SIM5
SIM1
SIM2
SIM3
SIM4
1
21
22
SIM5
SIM1
SIM2
SIM3
SIM4
1
21
22
SIM5
SIM1
SIM2
SIM3
SIM4
1
21
22
SIM5
SIM1
SIM2
SIM3
SIM4
1
21
22
SIM5
SIM1
SIM2
SIM3
SIM4
1
21
22
SIM5
SIM1
SIM2
SIM3
SIM4
1
21
22
SIM5
SIM1
SIM2
SIM3
SIM4
1
21
22
SIM5
SIM1
SIM2
SIM3
SIM4
1
21
22
SIM5
SIM1
SIM2
SIM3
SIM4
1
21
22
SIM5
SIM1
SIM2
SIM3
SIM4
1
21
22
SIM5
SIM1
SIM2
SIM3
SIM4
1
21
22
SIM5
SIM1
SIM2
SIM3
SIM4
1
21
22
SIM5
SIM1
SIM2
SIM3
SIM4
1
21
22
SIM5
SIM1
SIM2
SIM3
SIM4
1
21
22
SIM5
SIM1
SIM2
SIM3
SIM4
1
21
22
SIM5
SIM1
SIM2
SIM3
SIM4
1
21
22
SIM5
SIM1
SIM2
SIM3
SIM4
1
21
22
SIM5
SIM1
SIM2
SIM3
SIM4
1
21
22
SIM5
SIM1
SIM2
SIM3
SIM4
1
21
22
SIM5
SIM1
SIM2
SIM3
SIM4
1
21
22
SIM5
SIM1
SIM2
SIM3
SIM4
1
21
22
SIM5
SIM1
SIM2
SIM3
SIM4
1
21
22
SIM5
SIM1
SIM2
SIM3
SIM4
1
21
22
SIM5
SIM1
SIM2
SIM3
SIM4
1
21
22
SIM5
SIM1
SIM2
SIM3
SIM4
1
21
22
SIM5
SIM1
SIM2
SIM3
SIM4
1
21
22
SIM5
SIM1
SIM2
SIM3
SIM4
1
21
22
SIM5
SIM1
SIM2
SIM3
SIM4
1
21
22
SIM5
SIM1
SIM2
SIM3
SIM4
1
21
22
SIM5
SIM1
SIM2
SIM3
SIM4
1
21
22
SIM5
SIM1
SIM2
SIM3
SIM4
1
21
22
SIM5
SIM1
SIM2
SIM3
SIM4
1
21
22
SIM5
SIM1
SIM2
SIM3
SIM4
1
21
22
SIM5
SIM1
SIM2
SIM3
SIM4
1
21
22
SIM5
SIM1
SIM2
SIM3
SIM4
1
21
22
SIM5
SIM1
SIM2
SIM3
SIM4
1
21
22
SIM5
SIM1
SIM2
SIM3
SIM4
1
21
22
SIM5
SIM1
SIM2
SIM3
SIM4
1
21
22
SIM5
SIM1
SIM2
SIM3
SIM4
1
21
22
SIM5
SIM1
SIM2
SIM3
SIM4
1
21
22
SIM5
SIM1
SIM2
SIM3
SIM4
1
21
22
SIM5
SIM1
SIM2
SIM3
SIM4
1
21
22
SIM5
SIM1
SIM2
SIM3
SIM4
1
21
22
SIM5
SIM1
SIM2
SIM3
SIM4
1
21
22
SIM5
SIM1
SIM2
SIM3
SIM4
1
21
22
SIM5
SIM1
SIM2
SIM3
SIM4
1
21
22
SIM5
SIM1
SIM2
SIM3
SIM4
1
21
22
SIM5
SIM1
SIM2
SIM3
SIM4
1
21
22
SIM5
SIM1
SIM2
SIM3
SIM4
1
21
22
SIM5
SIM1
SIM2
SIM3
SIM4
1
21
22
SIM5
SIM1
SIM2
SIM3
SIM4
1
21
22
SIM5
SIM1
SIM2
DEBUG 1 156
SIM1
SIM2
SIM3
SIM4
1
21
22
SIM5
SIM1
SIM2
SIM3
SIM4
1
21
22
SIM5
SIM1
SIM2
SIM3
SIM4
1
21
22
SIM5
SIM1
SIM2
SIM3
SIM4
1
21
22
SIM5
SIM1
SIM2
SIM3
SIM4
1
21
22
SIM5
SIM1
SIM2
SIM3
SIM4
1
21
22
SIM5
SIM1
SIM2
SIM3
SIM4
1
21
22
SIM5
SIM1
SIM2
SIM3
SIM4
1
21
22
SIM5
SIM1
SIM2
SIM3
SIM4
1
21
22
SIM5
SIM1
SIM2
SIM3
SIM4
1
21
22
SIM5
SIM1
SIM2
SIM3
SIM4
1
21
22
SIM5
SIM1
SIM2
SIM3
SIM4
1
21
22
SIM5
SIM1
SIM2
SIM3
SIM4
1
21
22
SIM5
SIM1
SIM2
SIM3
SIM4
1
21
22
SIM5
SIM1
SIM2
SIM3
SIM4
1
21
22
SIM5
SIM1
SIM2
SIM3
SIM4
1
21
22
SIM5
SIM1
SIM2
SIM3
SIM4
1
21
22
SIM5
SIM1
SIM2
SIM3
SIM4
1
21
22
SIM5
SIM1
SIM2
SIM3
SIM4
1
21
22
SIM5
SIM1
SIM2
SIM3
SIM4
1
21
22
SIM5
SIM1
SIM2
SIM3
SIM4
1
21
22
SIM5
SIM1
SIM2
SIM3
SIM4
1
21
22
SIM5
SIM1
SIM2
SIM3
SIM4
1
21
22
SIM5
SIM1
SIM2
SIM3
SIM4
1
21
22
SIM5
SIM1
SIM2
SIM3
SIM4
1
21
22
SIM5
SIM1
SIM2
SIM3
SIM4
1
21
22
SIM5
SIM1
SIM2
SIM3
SIM4
1
21
22
SIM5
SIM1
SIM2
SIM3
SIM4
1
21
22
SIM5
SIM1
SIM2
SIM3
SIM4
1
21
22
SIM5
SIM1
SIM2
SIM3
SIM4
1
21
22
SIM5
SIM1
SIM2
SIM3
SIM4
1
21
22
SIM5
SIM1
SIM2
SIM3
SIM4
1
21
22
SIM5
SIM1
SIM2
SIM3
SIM4
1
21
22
SIM5
SIM1
SIM2
SIM3
SIM4
1
21
22
SIM5
SIM1
SIM2
SIM3
SIM4
1
21
22
SIM5
SIM1
SIM2
SIM3
SIM4
1
21
22
SIM5
SIM1
SIM2
SIM3
SIM4
1
21
22
SIM5
SIM1
SIM2
SIM3
SIM4
1
21
22
SIM5
SIM1
SIM2
SIM3
SIM4
1
21
22
SIM5
SIM1
SIM2
SIM3
SIM4
1
21
22
SIM5
SIM1
SIM2
SIM3
SIM4
1
21
22
SIM5
SIM1
SIM2
SIM3
SIM4
1
21
22
SIM5
SIM1
SIM2
SIM3
SIM4
1
21
22
SIM5
SIM1
SIM2
SIM3
SIM4
1
21
22
SIM5
SIM1
SIM2
SIM3
SIM4
1
21
22
SIM5
SIM1
SIM2
SIM3
SIM4
1
21
22
SIM5
SIM1
SIM2
SIM3
SIM4
1
21
22
SIM5
SIM1
SIM2
SIM3
SIM4
1
21
22
SIM5
SIM1
SIM2
SIM3
SIM4
1
21
22
SIM5
SIM1
SIM2
SIM3
SIM4
1
21
22
SIM5
SIM1
SIM2
SIM3
SIM4
1
21
22
SIM5
SIM1
SIM2
SIM3
SIM4
1
21
22
SIM5
SIM1
SIM2
SIM3
SIM4
1
21
22
SIM5
SIM1
SIM2
SIM3
SIM4
1
21
22
SIM5
SIM1
SIM2
SIM3
SIM4
1
21
22
SIM5
SIM1
SIM2
SIM3
SIM4
1
21
22
SIM5
SIM1
SIM2
SIM3
SIM4
1
21
22
SIM5
SIM1
SIM2
SIM3
SIM4
1
21
22
SIM5
SIM1
SIM2
SIM3
SIM4
1
21
22
SIM5
SIM1
SIM2
SIM3
SIM4
1
21
22
SIM5
SIM1
SIM2
SIM3
SIM4
1
21
22
SIM5
SIM1
SIM2
SIM3
SIM4
1
21
22
SIM5
SIM1
SIM2
SIM3
SIM4
1
21
22
SIM5
SIM1
SIM2
SIM3
SIM4
1
21
22
SIM5
SIM1
SIM2
SIM3
SIM4
1
21
22
SIM5
SIM1
SIM2
SIM3
SIM4
1
21
22
SIM5
SIM1
SIM2
SIM3
SIM4
1
21
22
SIM5
SIM1
SIM2
SIM3
SIM4
1
21
22
SIM5
SIM1
SIM2
SIM3
SIM4
1
21
22
SIM5
SIM1
SIM2
SIM3
SIM4
1
21
22
SIM5
SIM1
SIM2
SIM3
SIM4
1
21
22
SIM5
SIM1
SIM2
SIM3
SIM4
1
21
22
SIM5
SIM1
SIM2
SIM3
SIM4
1
21
22
SIM5
SIM1
SIM2
SIM3
SIM4
1
21
22
SIM5
SIM1
SIM2
SIM3
SIM4
1
21
22
SIM5
SIM1
SIM2
SIM3
SIM4
1
21
22
SIM5
SIM1
SIM2
SIM3
SIM4
1
21
22
SIM5
SIM1
SIM2
SIM3
SIM4
1
21
22
SIM5
SIM1
SIM2
SIM3
SIM4
1
21
22
SIM5
SIM1
SIM2
SIM3
SIM4
1
21
22
SIM5
SIM1
SIM2
SIM3
SIM4
1
21
22
SIM5
SIM1
SIM2
SIM3
SIM4
1
21
22
SIM5
SIM1
SIM2
SIM3
SIM4
1
21
22
SIM5
SIM1
SIM2
SIM3
SIM4
1
21
22
SIM5
SIM1
SIM2
SIM3
SIM4
1
21
22
SIM5
SIM1
SIM2
SIM3
SIM4
1
21
22
SIM5
SIM1
SIM2
SIM3
SIM4
1
21
22
SIM5
SIM1
SIM2
SIM3
SIM4
1
21
22
SIM5
SIM1
SIM2
SIM3
SIM4
1
21
22
SIM5
SIM1
SIM2
SIM3
SIM4
1
21
22
SIM5
SIM1
SIM2
SIM3
SIM4
1
21
22
SIM5
SIM1
SIM2
SIM3
SIM4
1
21
22
SIM5
SIM1
SIM2
SIM3
SIM4
1
21
22
SIM5
SIM1
SIM2
SIM3
SIM4
1
21
22
SIM5
SIM1
SIM2
SIM3
SIM4
1
21
22
SIM5
SIM1
SIM2
SIM3
SIM4
1
21
22
SIM5
SIM1
SIM2
SIM3
SIM4
1
21
22
SIM5
SIM1
SIM2
SIM3
SIM4
1
21
22
SIM5
SIM1
SIM2
SIM3
SIM4
1
21
22
SIM5
SIM1
SIM2
SIM3
SIM4
1
21
22
SIM5
SIM1
SIM2
SIM3
SIM4
1
21
22
SIM5
SIM1
SIM2
SIM3
SIM4
1
21
22
SIM5
SIM1
SIM2
SIM3
SIM4
1
21
22
SIM5
SIM1
SIM2
SIM3
SIM4
1
21
22
SIM5
SIM1
SIM2
SIM3
SIM4
1
21
22
SIM5
SIM1
SIM2
SIM3
SIM4
1
21
22
SIM5
SIM1
SIM2
SIM3
SIM4
1
21
22
SIM5
SIM1
SIM2
SIM3
SIM4
1
21
22
SIM5
SIM1
SIM2
SIM3
SIM4
1
21
22
SIM5
SIM1
SIM2
SIM3
SIM4
1
21
22
SIM5
SIM1
SIM2
SIM3
SIM4
1
21
22
SIM5
SIM1
SIM2
SIM3
SIM4
1
21
22
SIM5
SIM1
SIM2
SIM3
SIM4
1
21
22
SIM5
SIM1
SIM2
SIM3
SIM4
1
21
22
SIM5
SIM1
SIM2
SIM3
SIM4
1
21
22
SIM5
SIM1
SIM2
SIM3
SIM4
1
21
22
SIM5
SIM1
SIM2
SIM3
SIM4
1
21
22
SIM5
SIM1
SIM2
SIM3
SIM4
1
21
22
SIM5
SIM1
SIM2
SIM3
SIM4
1
21
22
SIM5
SIM1
SIM2
SIM3
SIM4
1
21
22
SIM5
SIM1
SIM2
SIM3
SIM4
1
21
22
SIM5
SIM1
SIM2
SIM3
SIM4
1
21
22
SIM5
SIM1
SIM2
SIM3
SIM4
1
21
22
SIM5
SIM1
SIM2
SIM3
SIM4
1
21
22
SIM5
SIM1
SIM2
SIM3
SIM4
1
21
22
SIM5
SIM1
SIM2
SIM3
SIM4
1
21
22
SIM5
SIM1
SIM2
SIM3
SIM4
1
21
22
SIM5
SIM1
SIM2
SIM3
SIM4
1
21
22
SIM5
SIM1
SIM2
SIM3
SIM4
1
21
22
SIM5
SIM1
SIM2
SIM3
SIM4
1
21
22
SIM5
SIM1
SIM2
SIM3
SIM4
1
21
22
SIM5
SIM1
SIM2
SIM3
SIM4
1
21
22
SIM5
SIM1
SIM2
SIM3
SIM4
1
21
22
SIM5
SIM1
SIM2
SIM3
SIM4
1
21
22
SIM5
SIM1
SIM2
SIM3
SIM4
1
21
22
SIM5
SIM1
SIM2
SIM3
SIM4
1
21
22
SIM5
SIM1
SIM2
SIM3
SIM4
1
21
22
SIM5
SIM1
SIM2
SIM3
SIM4
1
21
22
SIM5
SIM1
SIM2
SIM3
SIM4
1
21
22
SIM5
SIM1
SIM2
SIM3
SIM4
1
21
22
SIM5
SIM1
SIM2
SIM3
SIM4
1
21
22
SIM5
SIM1
SIM2
SIM3
SIM4
1
21
22
SIM5
SIM1
SIM2
SIM3
SIM4
1
21
22
SIM5
SIM1
SIM2
SIM3
SIM4
1
21
22
SIM5
SIM1
SIM2
SIM3
SIM4
1
21
22
SIM5
SIM1
SIM2
SIM3
SIM4
1
21
22
SIM5
SIM1
SIM2
SIM3
SIM4
1
21
22
SIM5
SIM1
SIM2
SIM3
SIM4
1
21
22
SIM5
SIM1
SIM2
SIM3
SIM4
1
21
22
SIM5
SIM1
SIM2
SIM3
SIM4
1
21
22
SIM5
SIM1
SIM2
SIM3
SIM4
1
21
22
SIM5
SIM1
SIM2
SIM3
SIM4
1
21
22
SIM5
SIM1
SIM2
SIM3
SIM4
1
21
22
SIM5
SIM1
SIM2
SIM3
SIM4
1
21
22
SIM5
SIM1
SIM2
DEBUG 1 157
SIM1
SIM2
SIM3
SIM4
1
21
22
SIM5
SIM1
SIM2
SIM3
SIM4
1
21
22
SIM5
SIM1
SIM2
SIM3
SIM4
1
21
22
SIM5
SIM1
SIM2
SIM3
SIM4
1
21
22
SIM5
SIM1
SIM2
SIM3
SIM4
1
21
22
SIM5
SIM1
SIM2
SIM3
SIM4
1
21
22
SIM5
SIM1
SIM2
SIM3
SIM4
1
21
22
SIM5
SIM1
SIM2
SIM3
SIM4
1
21
22
SIM5
SIM1
SIM2
SIM3
SIM4
1
21
22
SIM5
SIM1
SIM2
SIM3
SIM4
1
21
22
SIM5
SIM1
SIM2
SIM3
SIM4
1
21
22
SIM5
SIM1
SIM2
SIM3
SIM4
1
21
22
SIM5
SIM1
SIM2
SIM3
SIM4
1
21
22
SIM5
SIM1
SIM2
SIM3
SIM4
1
21
22
SIM5
SIM1
SIM2
SIM3
SIM4
1
21
22
SIM5
SIM1
SIM2
SIM3
SIM4
1
21
22
SIM5
SIM1
SIM2
SIM3
SIM4
1
21
22
SIM5
SIM1
SIM2
SIM3
SIM4
1
21
22
SIM5
SIM1
SIM2
SIM3
SIM4
1
21
22
SIM5
SIM1
SIM2
SIM3
SIM4
1
21
22
SIM5
SIM1
SIM2
SIM3
SIM4
1
21
22
SIM5
SIM1
SIM2
SIM3
SIM4
1
21
22
SIM5
SIM1
SIM2
SIM3
SIM4
1
21
22
SIM5
SIM1
SIM2
SIM3
SIM4
1
21
22
SIM5
SIM1
SIM2
SIM3
SIM4
1
21
22
SIM5
SIM1
SIM2
SIM3
SIM4
1
21
22
SIM5
SIM1
SIM2
SIM3
SIM4
1
21
22
SIM5
SIM1
SIM2
SIM3
SIM4
1
21
22
SIM5
SIM1
SIM2
SIM3
SIM4
1
21
22
SIM5
SIM1
SIM2
SIM3
SIM4
1
21
22
SIM5
SIM1
SIM2
SIM3
SIM4
1
21
22
SIM5
SIM1
SIM2
SIM3
SIM4
1
21
22
SIM5
SIM1
SIM2
SIM3
SIM4
1
21
22
SIM5
SIM1
SIM2
SIM3
SIM4
1
21
22
SIM5
SIM1
SIM2
SIM3
SIM4
1
21
22
SIM5
SIM1
SIM2
SIM3
SIM4
1
21
22
SIM5
SIM1
SIM2
SIM3
SIM4
1
21
22
SIM5
SIM1
SIM2
SIM3
SIM4
1
21
22
SIM5
SIM1
SIM2
SIM3
SIM4
1
21
22
SIM5
SIM1
SIM2
SIM3
SIM4
1
21
22
SIM5
SIM1
SIM2
SIM3
SIM4
1
21
22
SIM5
SIM1
SIM2
SIM3
SIM4
1
21
22
SIM5
SIM1
SIM2
SIM3
SIM4
1
21
22
SIM5
SIM1
SIM2
SIM3
SIM4
1
21
22
SIM5
SIM1
SIM2
SIM3
SIM4
1
21
22
SIM5
SIM1
SIM2
SIM3
SIM4
1
21
22
SIM5
SIM1
SIM2
SIM3
SIM4
1
21
22
SIM5
SIM1
SIM2
SIM3
SIM4
1
21
22
SIM5
SIM1
SIM2
SIM3
SIM4
1
21
22
SIM5
SIM1
SIM2
SIM3
SIM4
1
21
22
SIM5
SIM1
SIM2
SIM3
SIM4
1
21
22
SIM5
SIM1
SIM2
SIM3
SIM4
1
21
22
SIM5
SIM1
SIM2
SIM3
SIM4
1
21
22
SIM5
SIM1
SIM2
SIM3
SIM4
1
21
22
SIM5
SIM1
SIM2
SIM3
SIM4
1
21
22
SIM5
SIM1
SIM2
SIM3
SIM4
1
21
22
SIM5
SIM1
SIM2
SIM3
SIM4
1
21
22
SIM5
SIM1
SIM2
SIM3
SIM4
1
21
22
SIM5
SIM1
SIM2
SIM3
SIM4
1
21
22
SIM5
SIM1
SIM2
SIM3
SIM4
1
21
22
SIM5
SIM1
SIM2
SIM3
SIM4
1
21
22
SIM5
SIM1
SIM2
SIM3
SIM4
1
21
22
SIM5
SIM1
SIM2
SIM3
SIM4
1
21
22
SIM5
SIM1
SIM2
SIM3
SIM4
1
21
22
SIM5
SIM1
SIM2
SIM3
SIM4
1
21
22
SIM5
SIM1
SIM2
SIM3
SIM4
1
21
22
SIM5
SIM1
SIM2
SIM3
SIM4
1
21
22
SIM5
SIM1
SIM2
SIM3
SIM4
1
21
22
SIM5
SIM1
SIM2
SIM3
SIM4
1
21
22
SIM5
SIM1
SIM2
SIM3
SIM4
1
21
22
SIM5
SIM1
SIM2
SIM3
SIM4
1
21
22
SIM5
SIM1
SIM2
SIM3
SIM4
1
21
22
SIM5
SIM1
SIM2
SIM3
SIM4
1
21
22
SIM5
SIM1
SIM2
SIM3
SIM4
1
21
22
SIM5
SIM1
SIM2
SIM3
SIM4
1
21
22
SIM5
SIM1
SIM2
SIM3
SIM4
1
21
22
SIM5
SIM1
SIM2
SIM3
SIM4
1
21
22
SIM5
SIM1
SIM2
SIM3
SIM4
1
21
22
SIM5
SIM1
SIM2
SIM3
SIM4
1
21
22
SIM5
SIM1
SIM2
SIM3
SIM4
1
21
22
SIM5
SIM1
SIM2
SIM3
SIM4
1
21
22
SIM5
SIM1
SIM2
SIM3
SIM4
1
21
22
SIM5
SIM1
SIM2
SIM3
SIM4
1
21
22
SIM5
SIM1
SIM2
SIM3
SIM4
1
21
22
SIM5
SIM1
SIM2
SIM3
SIM4
1
21
22
SIM5
SIM1
SIM2
SIM3
SIM4
1
21
22
SIM5
SIM1
SIM2
SIM3
SIM4
1
21
22
SIM5
SIM1
SIM2
SIM3
SIM4
1
21
22
SIM5
SIM1
SIM2
SIM3
SIM4
1
21
22
SIM5
SIM1
SIM2
SIM3
SIM4
1
21
22
SIM5
SIM1
SIM2
SIM3
SIM4
1
21
22
SIM5
SIM1
SIM2
SIM3
SIM4
1
21
22
SIM5
SIM1
SIM2
SIM3
SIM4
1
21
22
SIM5
SIM1
SIM2
SIM3
SIM4
1
21
22
SIM5
SIM1
SIM2
SIM3
SIM4
1
21
22
SIM5
SIM1
SIM2
SIM3
SIM4
1
21
22
SIM5
SIM1
SIM2
SIM3
SIM4
1
21
22
SIM5
SIM1
SIM2
SIM3
SIM4
1
21
22
SIM5
SIM1
SIM2
SIM3
SIM4
1
21
22
SIM5
SIM1
SIM2
SIM3
SIM4
1
21
22
SIM5
SIM1
SIM2
SIM3
SIM4
1
21
22
SIM5
SIM1
SIM2
SIM3
SIM4
1
21
22
SIM5
SIM1
SIM2
SIM3
SIM4
1
21
22
SIM5
SIM1
SIM2
SIM3
SIM4
1
21
22
SIM5
SIM1
SIM2
SIM3
SIM4
1
21
22
SIM5
SIM1
SIM2
SIM3
SIM4
1
21
22
SIM5
SIM1
SIM2
SIM3
SIM4
1
21
22
SIM5
SIM1
SIM2
SIM3
SIM4
1
21
22
SIM5
SIM1
SIM2
SIM3
SIM4
1
21
22
SIM5
SIM1
SIM2
SIM3
SIM4
1
21
22
SIM5
SIM1
SIM2
SIM3
SIM4
1
21
22
SIM5
SIM1
SIM2
SIM3
SIM4
1
21
22
SIM5
SIM1
SIM2
SIM3
SIM4
1
21
22
SIM5
SIM1
SIM2
SIM3
SIM4
1
21
22
SIM5
SIM1
SIM2
SIM3
SIM4
1
21
22
SIM5
SIM1
SIM2
SIM3
SIM4
1
21
22
SIM5
SIM1
SIM2
SIM3
SIM4
1
21
22
SIM5
SIM1
SIM2
SIM3
SIM4
1
21
22
SIM5
SIM1
SIM2
SIM3
SIM4
1
21
22
SIM5
SIM1
SIM2
SIM3
SIM4
1
21
22
SIM5
SIM1
SIM2
SIM3
SIM4
1
21
22
SIM5
SIM1
SIM2
SIM3
SIM4
1
21
22
SIM5
SIM1
SIM2
SIM3
SIM4
1
21
22
SIM5
SIM1
SIM2
SIM3
SIM4
1
21
22
SIM5
SIM1
SIM2
SIM3
SIM4
1
21
22
SIM5
SIM1
SIM2
SIM3
SIM4
1
21
22
SIM5
SIM1
SIM2
SIM3
SIM4
1
21
22
SIM5
SIM1
SIM2
SIM3
SIM4
1
21
22
SIM5
SIM1
SIM2
SIM3
SIM4
1
21
22
SIM5
SIM1
SIM2
SIM3
SIM4
1
21
22
SIM5
SIM1
SIM2
SIM3
SIM4
1
21
22
SIM5
SIM1
SIM2
SIM3
SIM4
1
21
22
SIM5
SIM1
SIM2
SIM3
SIM4
1
21
22
SIM5
SIM1
SIM2
SIM3
SIM4
1
21
22
SIM5
SIM1
SIM2
SIM3
SIM4
1
21
22
SIM5
SIM1
SIM2
SIM3
SIM4
1
21
22
SIM5
SIM1
SIM2
SIM3
SIM4
1
21
22
SIM5
SIM1
SIM2
SIM3
SIM4
1
21
22
SIM5
SIM1
SIM2
SIM3
SIM4
1
21
22
SIM5
SIM1
SIM2
SIM3
SIM4
1
21
22
SIM5
SIM1
SIM2
SIM3
SIM4
1
21
22
SIM5
SIM1
SIM2
SIM3
SIM4
1
21
22
SIM5
SIM1
SIM2
SIM3
SIM4
1
21
22
SIM5
SIM1
SIM2
SIM3
SIM4
1
21
22
SIM5
SIM1
SIM2
SIM3
SIM4
1
21
22
SIM5
SIM1
SIM2
SIM3
SIM4
1
21
22
SIM5
SIM1
SIM2
SIM3
SIM4
1
21
22
SIM5
SIM1
SIM2
SIM3
SIM4
1
21
22
SIM5
SIM1
SIM2
SIM3
SIM4
1
21
22
SIM5
SIM1
SIM2
SIM3
SIM4
1
21
22
SIM5
SIM1
SIM2
SIM3
SIM4
1
21
22
SIM5
SIM1
SIM2
SIM3
SIM4
1
21
22
SIM5
SIM1
SIM2
SIM3
SIM4
1
21
22
SIM5
SIM1
SIM2
SIM3
SIM4
1
21
22
SIM5
SIM1
SIM2
SIM3
SIM4
1
21
22
SIM5
SIM1
SIM2
SIM3
SIM4
1
21
22
SIM5
SIM1
SIM2
SIM3
SIM4
1
21
22
SIM5
SIM1
SIM2
SIM3
SIM4
1
21
22
SIM5
SIM1
SIM2
SIM3
SIM4
1
21
22
SIM5
SIM1
SIM2
DEBUG 1 158
SIM1
SIM2
SIM3
SIM4
1
21
22
SIM5
SIM1
SIM2
SIM3
SIM4
1
21
22
SIM5
SIM1
SIM2
SIM3
SIM4
1
21
22
SIM5
SIM1
SIM2
SIM3
SIM4
1
21
22
SIM5
SIM1
SIM2
SIM3
SIM4
1
21
22
SIM5
SIM1
SIM2
SIM3
SIM4
1
21
22
SIM5
SIM1
SIM2
SIM3
SIM4
1
21
22
SIM5
SIM1
SIM2
SIM3
SIM4
1
21
22
SIM5
SIM1
SIM2
SIM3
SIM4
1
21
22
SIM5
SIM1
SIM2
SIM3
SIM4
1
21
22
SIM5
SIM1
SIM2
SIM3
SIM4
1
21
22
SIM5
SIM1
SIM2
SIM3
SIM4
1
21
22
SIM5
SIM1
SIM2
SIM3
SIM4
1
21
22
SIM5
SIM1
SIM2
SIM3
SIM4
1
21
22
SIM5
SIM1
SIM2
SIM3
SIM4
1
21
22
SIM5
SIM1
SIM2
SIM3
SIM4
1
21
22
SIM5
SIM1
SIM2
SIM3
SIM4
1
21
22
SIM5
SIM1
SIM2
SIM3
SIM4
1
21
22
SIM5
SIM1
SIM2
SIM3
SIM4
1
21
22
SIM5
SIM1
SIM2
SIM3
SIM4
1
21
22
SIM5
SIM1
SIM2
SIM3
SIM4
1
21
22
SIM5
SIM1
SIM2
SIM3
SIM4
1
21
22
SIM5
SIM1
SIM2
SIM3
SIM4
1
21
22
SIM5
SIM1
SIM2
SIM3
SIM4
1
21
22
SIM5
SIM1
SIM2
SIM3
SIM4
1
21
22
SIM5
SIM1
SIM2
SIM3
SIM4
1
21
22
SIM5
SIM1
SIM2
SIM3
SIM4
1
21
22
SIM5
SIM1
SIM2
SIM3
SIM4
1
21
22
SIM5
SIM1
SIM2
SIM3
SIM4
1
21
22
SIM5
SIM1
SIM2
SIM3
SIM4
1
21
22
SIM5
SIM1
SIM2
SIM3
SIM4
1
21
22
SIM5
SIM1
SIM2
SIM3
SIM4
1
21
22
SIM5
SIM1
SIM2
SIM3
SIM4
1
21
22
SIM5
SIM1
SIM2
SIM3
SIM4
1
21
22
SIM5
SIM1
SIM2
SIM3
SIM4
1
21
22
SIM5
SIM1
SIM2
SIM3
SIM4
1
21
22
SIM5
SIM1
SIM2
SIM3
SIM4
1
21
22
SIM5
SIM1
SIM2
SIM3
SIM4
1
21
22
SIM5
SIM1
SIM2
SIM3
SIM4
1
21
22
SIM5
SIM1
SIM2
SIM3
SIM4
1
21
22
SIM5
SIM1
SIM2
SIM3
SIM4
1
21
22
SIM5
SIM1
SIM2
SIM3
SIM4
1
21
22
SIM5
SIM1
SIM2
SIM3
SIM4
1
21
22
SIM5
SIM1
SIM2
SIM3
SIM4
1
21
22
SIM5
SIM1
SIM2
SIM3
SIM4
1
21
22
SIM5
SIM1
SIM2
SIM3
SIM4
1
21
22
SIM5
SIM1
SIM2
SIM3
SIM4
1
21
22
SIM5
SIM1
SIM2
SIM3
SIM4
1
21
22
SIM5
SIM1
SIM2
SIM3
SIM4
1
21
22
SIM5
SIM1
SIM2
SIM3
SIM4
1
21
22
SIM5
SIM1
SIM2
SIM3
SIM4
1
21
22
SIM5
SIM1
SIM2
SIM3
SIM4
1
21
22
SIM5
SIM1
SIM2
SIM3
SIM4
1
21
22
SIM5
SIM1
SIM2
SIM3
SIM4
1
21
22
SIM5
SIM1
SIM2
SIM3
SIM4
1
21
22
SIM5
SIM1
SIM2
SIM3
SIM4
1
21
22
SIM5
SIM1
SIM2
SIM3
SIM4
1
21
22
SIM5
SIM1
SIM2
SIM3
SIM4
1
21
22
SIM5
SIM1
SIM2
SIM3
SIM4
1
21
22
SIM5
SIM1
SIM2
SIM3
SIM4
1
21
22
SIM5
SIM1
SIM2
SIM3
SIM4
1
21
22
SIM5
SIM1
SIM2
SIM3
SIM4
1
21
22
SIM5
SIM1
SIM2
SIM3
SIM4
1
21
22
SIM5
SIM1
SIM2
SIM3
SIM4
1
21
22
SIM5
SIM1
SIM2
SIM3
SIM4
1
21
22
SIM5
SIM1
SIM2
SIM3
SIM4
1
21
22
SIM5
SIM1
SIM2
SIM3
SIM4
1
21
22
SIM5
SIM1
SIM2
SIM3
SIM4
1
21
22
SIM5
SIM1
SIM2
SIM3
SIM4
1
21
22
SIM5
SIM1
SIM2
SIM3
SIM4
1
21
22
SIM5
SIM1
SIM2
SIM3
SIM4
1
21
22
SIM5
SIM1
SIM2
SIM3
SIM4
1
21
22
SIM5
SIM1
SIM2
SIM3
SIM4
1
21
22
SIM5
SIM1
SIM2
SIM3
SIM4
1
21
22
SIM5
SIM1
SIM2
SIM3
SIM4
1
21
22
SIM5
SIM1
SIM2
SIM3
SIM4
1
21
22
SIM5
SIM1
SIM2
SIM3
SIM4
1
21
22
SIM5
SIM1
SIM2
SIM3
SIM4
1
21
22
SIM5
SIM1
SIM2
SIM3
SIM4
1
21
22
SIM5
SIM1
SIM2
SIM3
SIM4
1
21
22
SIM5
SIM1
SIM2
SIM3
SIM4
1
21
22
SIM5
SIM1
SIM2
SIM3
SIM4
1
21
22
SIM5
SIM1
SIM2
SIM3
SIM4
1
21
22
SIM5
SIM1
SIM2
SIM3
SIM4
1
21
22
SIM5
SIM1
SIM2
SIM3
SIM4
1
21
22
SIM5
SIM1
SIM2
SIM3
SIM4
1
21
22
SIM5
SIM1
SIM2
SIM3
SIM4
1
21
22
SIM5
SIM1
SIM2
SIM3
SIM4
1
21
22
SIM5
SIM1
SIM2
SIM3
SIM4
1
21
22
SIM5
SIM1
SIM2
SIM3
SIM4
1
21
22
SIM5
SIM1
SIM2
SIM3
SIM4
1
21
22
SIM5
SIM1
SIM2
SIM3
SIM4
1
21
22
SIM5
SIM1
SIM2
SIM3
SIM4
1
21
22
SIM5
SIM1
SIM2
SIM3
SIM4
1
21
22
SIM5
SIM1
SIM2
SIM3
SIM4
1
21
22
SIM5
SIM1
SIM2
SIM3
SIM4
1
21
22
SIM5
SIM1
SIM2
SIM3
SIM4
1
21
22
SIM5
SIM1
SIM2
SIM3
SIM4
1
21
22
SIM5
SIM1
SIM2
SIM3
SIM4
1
21
22
SIM5
SIM1
SIM2
SIM3
SIM4
1
21
22
SIM5
SIM1
SIM2
SIM3
SIM4
1
21
22
SIM5
SIM1
SIM2
SIM3
SIM4
1
21
22
SIM5
SIM1
SIM2
SIM3
SIM4
1
21
22
SIM5
SIM1
SIM2
SIM3
SIM4
1
21
22
SIM5
SIM1
SIM2
SIM3
SIM4
1
21
22
SIM5
SIM1
SIM2
SIM3
SIM4
1
21
22
SIM5
SIM1
SIM2
SIM3
SIM4
1
21
22
SIM5
SIM1
SIM2
SIM3
SIM4
1
21
22
SIM5
SIM1
SIM2
SIM3
SIM4
1
21
22
SIM5
SIM1
SIM2
SIM3
SIM4
1
21
22
SIM5
SIM1
SIM2
SIM3
SIM4
1
21
22
SIM5
SIM1
SIM2
SIM3
SIM4
1
21
22
SIM5
SIM1
SIM2
SIM3
SIM4
1
21
22
SIM5
SIM1
SIM2
SIM3
SIM4
1
21
22
SIM5
SIM1
SIM2
SIM3
SIM4
1
21
22
SIM5
SIM1
SIM2
SIM3
SIM4
1
21
22
SIM5
SIM1
SIM2
SIM3
SIM4
1
21
22
SIM5
SIM1
SIM2
SIM3
SIM4
1
21
22
SIM5
SIM1
SIM2
SIM3
SIM4
1
21
22
SIM5
SIM1
SIM2
SIM3
SIM4
1
21
22
SIM5
SIM1
SIM2
SIM3
SIM4
1
21
22
SIM5
SIM1
SIM2
SIM3
SIM4
1
21
22
SIM5
SIM1
SIM2
SIM3
SIM4
1
21
22
SIM5
SIM1
SIM2
SIM3
SIM4
1
21
22
SIM5
SIM1
SIM2
SIM3
SIM4
1
21
22
SIM5
SIM1
SIM2
SIM3
SIM4
1
21
22
SIM5
SIM1
SIM2
SIM3
SIM4
1
21
22
SIM5
SIM1
SIM2
SIM3
SIM4
1
21
22
SIM5
SIM1
SIM2
SIM3
SIM4
1
21
22
SIM5
SIM1
SIM2
SIM3
SIM4
1
21
22
SIM5
SIM1
SIM2
SIM3
SIM4
1
21
22
SIM5
SIM1
SIM2
SIM3
SIM4
1
21
22
SIM5
SIM1
SIM2
SIM3
SIM4
1
21
22
SIM5
SIM1
SIM2
SIM3
SIM4
1
21
22
SIM5
SIM1
SIM2
SIM3
SIM4
1
21
22
SIM5
SIM1
SIM2
SIM3
SIM4
1
21
22
SIM5
SIM1
SIM2
SIM3
SIM4
1
21
22
SIM5
SIM1
SIM2
SIM3
SIM4
1
21
22
SIM5
SIM1
SIM2
SIM3
SIM4
1
21
22
SIM5
SIM1
SIM2
SIM3
SIM4
1
21
22
SIM5
SIM1
SIM2
SIM3
SIM4
1
21
22
SIM5
SIM1
SIM2
SIM3
SIM4
1
21
22
SIM5
SIM1
SIM2
SIM3
SIM4
1
21
22
SIM5
SIM1
SIM2
SIM3
SIM4
1
21
22
SIM5
SIM1
SIM2
SIM3
SIM4
1
21
22
SIM5
SIM1
SIM2
SIM3
SIM4
1
21
22
SIM5
SIM1
SIM2
SIM3
SIM4
1
21
22
SIM5
SIM1
SIM2
SIM3
SIM4
1
21
22
SIM5
SIM1
SIM2
SIM3
SIM4
1
21
22
SIM5
SIM1
SIM2
SIM3
SIM4
1
21
22
SIM5
SIM1
SIM2
SIM3
SIM4
1
21
22
SIM5
SIM1
SIM2
SIM3
SIM4
1
21
22
SIM5
SIM1
SIM2
SIM3
SIM4
1
21
22
SIM5
SIM1
SIM2
SIM3
SIM4
1
21
22
SIM5
SIM1
SIM2
SIM3
SIM4
1
21
22
SIM5
SIM1
SIM2
SIM3
SIM4
1
21
22
SIM5
SIM1
SIM2
SIM3
SIM4
1
21
22
SIM5
SIM1
SIM2
SIM3
SIM4
1
21
22
SIM5
SIM1
SIM2
SIM3
SIM4
1
21
22
SIM5
SIM1
SIM2
SIM3
SIM4
1
21
22
SIM5
SIM1
SIM2
SIM3
SIM4
1
21
22
SIM5
SIM1
SIM2
SIM3
SIM4
1
21
22
SIM5
SIM1
SIM2
SIM3
SIM4
1
21
22
SIM5
SIM1
SIM2
SIM3
SIM4
1
21
22
SIM5
SIM1
SIM2
SIM3
SIM4
1
21
22
SIM5
SIM1
SIM2
SIM3
SIM4
1
21
22
SIM5
SIM1
SIM2
SIM3
SIM4
1
21
22
SIM5
SIM1
SIM2
SIM3
SIM4
1
21
22
SIM5
SIM1
SIM2
SIM3
SIM4
1
21
22
SIM5
SIM1
SIM2
SIM3
SIM4
1
21
22
SIM5
SIM1
SIM2
SIM3
SIM4
1
21
22
SIM5
SIM1
SIM2
SIM3
SIM4
1
21
22
SIM5
SIM1
SIM2
SIM3
SIM4
1
21
22
SIM5
SIM1
SIM2
SIM3
SIM4
1
21
22
SIM5
SIM1
SIM2
SIM3
SIM4
1
21
22
SIM5
SIM1
SIM2
SIM3
SIM4
1
21
22
SIM5
SIM1
SIM2
SIM3
SIM4
1
21
22
SIM5
SIM1
SIM2
SIM3
SIM4
1
21
22
SIM5
SIM1
SIM2
SIM3
SIM4
1
21
22
SIM5
SIM1
SIM2
SIM3
SIM4
1
21
22
SIM5
SIM1
SIM2
SIM3
SIM4
1
21
22
SIM5
SIM1
SIM2
SIM3
SIM4
1
21
22
SIM5
SIM1
SIM2
SIM3
SIM4
1
21
22
SIM5
SIM1
SIM2
SIM3
SIM4
1
21
22
SIM5
SIM1
SIM2
SIM3
SIM4
1
21
22
SIM5
SIM1
SIM2
SIM3
SIM4
1
21
22
SIM5
SIM1
SIM2
SIM3
SIM4
1
21
22
SIM5
SIM1
SIM2
SIM3
SIM4
1
21
22
SIM5
SIM1
SIM2
SIM3
SIM4
1
21
22
SIM5
SIM1
SIM2
SIM3
SIM4
1
21
22
SIM5
SIM1
SIM2
SIM3
SIM4
1
21
22
SIM5
SIM1
SIM2
SIM3
SIM4
1
21
22
SIM5
SIM1
SIM2
SIM3
SIM4
1
21
22
SIM5
SIM1
SIM2
SIM3
SIM4
1
21
22
SIM5
SIM1
SIM2
SIM3
SIM4
1
21
22
SIM5
SIM1
SIM2
SIM3
SIM4
1
21
22
SIM5
SIM1
SIM2
SIM3
SIM4
1
21
22
SIM5
SIM1
SIM2
SIM3
SIM4
1
21
22
SIM5
SIM1
SIM2
SIM3
SIM4
1
21
22
SIM5
SIM1
SIM2
SIM3
SIM4
1
21
22
SIM5
SIM1
SIM2
SIM3
SIM4
1
21
22
SIM5
SIM1
SIM2
SIM3
SIM4
1
21
22
SIM5
SIM1
SIM2
SIM3
SIM4
1
21
22
SIM5
SIM1
SIM2
SIM3
SIM4
1
21
22
SIM5
SIM1
SIM2
SIM3
SIM4
1
21
22
SIM5
SIM1
SIM2
SIM3
SIM4
1
21
22
SIM5
SIM1
SIM2
SIM3
SIM4
1
21
22
SIM5
SIM1
SIM2
SIM3
SIM4
1
21
22
SIM5
SIM1
SIM2
SIM3
SIM4
1
21
22
SIM5
SIM1
SIM2
SIM3
SIM4
1
21
22
SIM5
SIM1
SIM2
SIM3
SIM4
1
21
22
SIM5
SIM1
SIM2
SIM3
SIM4
1
21
22
SIM5
SIM1
SIM2
SIM3
SIM4
1
21
22
SIM5
SIM1
SIM2
SIM3
SIM4
1
21
22
SIM5
SIM1
SIM2
SIM3
SIM4
1
21
22
SIM5
SIM1
SIM2
SIM3
SIM4
1
21
22
SIM5
SIM1
SIM2
SIM3
SIM4
1
21
22
SIM5
SIM1
SIM2
SIM3
SIM4
1
21
22
SIM5
SIM1
SIM2
SIM3
SIM4
1
21
22
SIM5
SIM1
SIM2
SIM3
SIM4
1
21
22
SIM5
SIM1
SIM2
SIM3
SIM4
1
21
22
SIM5
SIM1
SIM2
SIM3
SIM4
1
21
22
SIM5
SIM1
SIM2
SIM3
SIM4
1
21
22
SIM5
SIM1
SIM2
SIM3
SIM4
1
21
22
SIM5
SIM1
SIM2
SIM3
SIM4
1
21
22
SIM5
SIM1
SIM2
SIM3
SIM4
1
21
22
SIM5
SIM1
SIM2
SIM3
SIM4
1
21
22
SIM5
SIM1
SIM2
SIM3
SIM4
1
21
22
SIM5
SIM1
SIM2
SIM3
SIM4
1
21
22
SIM5
SIM1
SIM2
SIM3
SIM4
1
21
22
SIM5
SIM1
SIM2
DEBUG 1 159
SIM1
SIM2
SIM3
SIM4
1
21
22
SIM5
SIM1
SIM2
SIM3
SIM4
1
21
22
SIM5
SIM1
SIM2
SIM3
SIM4
1
21
22
SIM5
SIM1
SIM2
SIM3
SIM4
1
21
22
SIM5
SIM1
SIM2
SIM3
SIM4
1
21
22
SIM5
SIM1
SIM2
SIM3
SIM4
1
21
22
SIM5
SIM1
SIM2
SIM3
SIM4
1
21
22
SIM5
SIM1
SIM2
SIM3
SIM4
1
21
22
SIM5
SIM1
SIM2
SIM3
SIM4
1
21
22
SIM5
SIM1
SIM2
SIM3
SIM4
1
21
22
SIM5
SIM1
SIM2
SIM3
SIM4
1
21
22
SIM5
SIM1
SIM2
SIM3
SIM4
1
21
22
SIM5
SIM1
SIM2
SIM3
SIM4
1
21
22
SIM5
SIM1
SIM2
SIM3
SIM4
1
21
22
SIM5
SIM1
SIM2
SIM3
SIM4
1
21
22
SIM5
SIM1
SIM2
SIM3
SIM4
1
21
22
SIM5
SIM1
SIM2
SIM3
SIM4
1
21
22
SIM5
SIM1
SIM2
SIM3
SIM4
1
21
22
SIM5
SIM1
SIM2
SIM3
SIM4
1
21
22
SIM5
SIM1
SIM2
SIM3
SIM4
1
21
22
SIM5
SIM1
SIM2
SIM3
SIM4
1
21
22
SIM5
SIM1
SIM2
SIM3
SIM4
1
21
22
SIM5
SIM1
SIM2
SIM3
SIM4
1
21
22
SIM5
SIM1
SIM2
SIM3
SIM4
1
21
22
SIM5
SIM1
SIM2
SIM3
SIM4
1
21
22
SIM5
SIM1
SIM2
SIM3
SIM4
1
21
22
SIM5
SIM1
SIM2
SIM3
SIM4
1
21
22
SIM5
SIM1
SIM2
SIM3
SIM4
1
21
22
SIM5
SIM1
SIM2
SIM3
SIM4
1
21
22
SIM5
SIM1
SIM2
SIM3
SIM4
1
21
22
SIM5
SIM1
SIM2
SIM3
SIM4
1
21
22
SIM5
SIM1
SIM2
SIM3
SIM4
1
21
22
SIM5
SIM1
SIM2
SIM3
SIM4
1
21
22
SIM5
SIM1
SIM2
SIM3
SIM4
1
21
22
SIM5
SIM1
SIM2
SIM3
SIM4
1
21
22
SIM5
SIM1
SIM2
SIM3
SIM4
1
21
22
SIM5
SIM1
SIM2
SIM3
SIM4
1
21
22
SIM5
SIM1
SIM2
SIM3
SIM4
1
21
22
SIM5
SIM1
SIM2
SIM3
SIM4
1
21
22
SIM5
SIM1
SIM2
SIM3
SIM4
1
21
22
SIM5
SIM1
SIM2
SIM3
SIM4
1
21
22
SIM5
SIM1
SIM2
SIM3
SIM4
1
21
22
SIM5
SIM1
SIM2
SIM3
SIM4
1
21
22
SIM5
SIM1
SIM2
SIM3
SIM4
1
21
22
SIM5
SIM1
SIM2
SIM3
SIM4
1
21
22
SIM5
SIM1
SIM2
SIM3
SIM4
1
21
22
SIM5
SIM1
SIM2
SIM3
SIM4
1
21
22
SIM5
SIM1
SIM2
SIM3
SIM4
1
21
22
SIM5
SIM1
SIM2
SIM3
SIM4
1
21
22
SIM5
SIM1
SIM2
SIM3
SIM4
1
21
22
SIM5
SIM1
SIM2
SIM3
SIM4
1
21
22
SIM5
SIM1
SIM2
SIM3
SIM4
1
21
22
SIM5
SIM1
SIM2
SIM3
SIM4
1
21
22
SIM5
SIM1
SIM2
SIM3
SIM4
1
21
22
SIM5
SIM1
SIM2
SIM3
SIM4
1
21
22
SIM5
SIM1
SIM2
SIM3
SIM4
1
21
22
SIM5
SIM1
SIM2
SIM3
SIM4
1
21
22
SIM5
SIM1
SIM2
SIM3
SIM4
1
21
22
SIM5
SIM1
SIM2
SIM3
SIM4
1
21
22
SIM5
SIM1
SIM2
SIM3
SIM4
1
21
22
SIM5
SIM1
SIM2
SIM3
SIM4
1
21
22
SIM5
SIM1
SIM2
SIM3
SIM4
1
21
22
SIM5
SIM1
SIM2
SIM3
SIM4
1
21
22
SIM5
SIM1
SIM2
SIM3
SIM4
1
21
22
SIM5
SIM1
SIM2
SIM3
SIM4
1
21
22
SIM5
SIM1
SIM2
SIM3
SIM4
1
21
22
SIM5
SIM1
SIM2
SIM3
SIM4
1
21
22
SIM5
SIM1
SIM2
SIM3
SIM4
1
21
22
SIM5
SIM1
SIM2
SIM3
SIM4
1
21
22
SIM5
SIM1
SIM2
SIM3
SIM4
1
21
22
SIM5
SIM1
SIM2
SIM3
SIM4
1
21
22
SIM5
SIM1
SIM2
SIM3
SIM4
1
21
22
SIM5
SIM1
SIM2
SIM3
SIM4
1
21
22
SIM5
SIM1
SIM2
SIM3
SIM4
1
21
22
SIM5
SIM1
SIM2
SIM3
SIM4
1
21
22
SIM5
SIM1
SIM2
SIM3
SIM4
1
21
22
SIM5
SIM1
SIM2
SIM3
SIM4
1
21
22
SIM5
SIM1
SIM2
SIM3
SIM4
1
21
22
SIM5
SIM1
SIM2
SIM3
SIM4
1
21
22
SIM5
SIM1
SIM2
SIM3
SIM4
1
21
22
SIM5
SIM1
SIM2
SIM3
SIM4
1
21
22
SIM5
SIM1
SIM2
SIM3
SIM4
1
21
22
SIM5
SIM1
SIM2
SIM3
SIM4
1
21
22
SIM5
SIM1
SIM2
SIM3
SIM4
1
21
22
SIM5
SIM1
SIM2
SIM3
SIM4
1
21
22
SIM5
SIM1
SIM2
SIM3
SIM4
1
21
22
SIM5
SIM1
SIM2
SIM3
SIM4
1
21
22
SIM5
SIM1
SIM2
SIM3
SIM4
1
21
22
SIM5
SIM1
SIM2
SIM3
SIM4
1
21
22
SIM5
SIM1
SIM2
SIM3
SIM4
1
21
22
SIM5
SIM1
SIM2
SIM3
SIM4
1
21
22
SIM5
SIM1
SIM2
SIM3
SIM4
1
21
22
SIM5
SIM1
SIM2
SIM3
SIM4
1
21
22
SIM5
SIM1
SIM2
SIM3
SIM4
1
21
22
SIM5
SIM1
SIM2
SIM3
SIM4
1
21
22
SIM5
SIM1
SIM2
SIM3
SIM4
1
21
22
SIM5
SIM1
SIM2
SIM3
SIM4
1
21
22
SIM5
SIM1
SIM2
SIM3
SIM4
1
21
22
SIM5
SIM1
SIM2
SIM3
SIM4
1
21
22
SIM5
SIM1
SIM2
SIM3
SIM4
1
21
22
SIM5
SIM1
SIM2
SIM3
SIM4
1
21
22
SIM5
SIM1
SIM2
SIM3
SIM4
1
21
22
SIM5
SIM1
SIM2
SIM3
SIM4
1
21
22
SIM5
SIM1
SIM2
SIM3
SIM4
1
21
22
SIM5
SIM1
SIM2
SIM3
SIM4
1
21
22
SIM5
SIM1
SIM2
SIM3
SIM4
1
21
22
SIM5
SIM1
SIM2
SIM3
SIM4
1
21
22
SIM5
SIM1
SIM2
SIM3
SIM4
1
21
22
SIM5
SIM1
SIM2
SIM3
SIM4
1
21
22
SIM5
SIM1
SIM2
SIM3
SIM4
1
21
22
SIM5
SIM1
SIM2
SIM3
SIM4
1
21
22
SIM5
SIM1
SIM2
SIM3
SIM4
1
21
22
SIM5
SIM1
SIM2
SIM3
SIM4
1
21
22
SIM5
SIM1
SIM2
SIM3
SIM4
1
21
22
SIM5
SIM1
SIM2
SIM3
SIM4
1
21
22
SIM5
SIM1
SIM2
SIM3
SIM4
1
21
22
SIM5
SIM1
SIM2
SIM3
SIM4
1
21
22
SIM5
SIM1
SIM2
SIM3
SIM4
1
21
22
SIM5
SIM1
SIM2
SIM3
SIM4
1
21
22
SIM5
SIM1
SIM2
SIM3
SIM4
1
21
22
SIM5
SIM1
SIM2
SIM3
SIM4
1
21
22
SIM5
SIM1
SIM2
SIM3
SIM4
1
21
22
SIM5
SIM1
SIM2
SIM3
SIM4
1
21
22
SIM5
SIM1
SIM2
SIM3
SIM4
1
21
22
SIM5
SIM1
SIM2
SIM3
SIM4
1
21
22
SIM5
SIM1
SIM2
SIM3
SIM4
1
21
22
SIM5
SIM1
SIM2
SIM3
SIM4
1
21
22
SIM5
SIM1
SIM2
SIM3
SIM4
1
21
22
SIM5
SIM1
SIM2
SIM3
SIM4
1
21
22
SIM5
SIM1
SIM2
SIM3
SIM4
1
21
22
SIM5
SIM1
SIM2
SIM3
SIM4
1
21
22
SIM5
SIM1
SIM2
SIM3
SIM4
1
21
22
SIM5
SIM1
SIM2
SIM3
SIM4
1
21
22
SIM5
SIM1
SIM2
SIM3
SIM4
1
21
22
SIM5
SIM1
SIM2
SIM3
SIM4
1
21
22
SIM5
SIM1
SIM2
SIM3
SIM4
1
21
22
SIM5
SIM1
SIM2
SIM3
SIM4
1
21
22
SIM5
SIM1
SIM2
SIM3
SIM4
1
21
22
SIM5
SIM1
SIM2
SIM3
SIM4
1
21
22
SIM5
SIM1
SIM2
SIM3
SIM4
1
21
22
SIM5
SIM1
SIM2
SIM3
SIM4
1
21
22
SIM5
SIM1
SIM2
SIM3
SIM4
1
21
22
SIM5
SIM1
SIM2
SIM3
SIM4
1
21
22
SIM5
SIM1
SIM2
SIM3
SIM4
1
21
22
SIM5
SIM1
SIM2
SIM3
SIM4
1
21
22
SIM5
SIM1
SIM2
SIM3
SIM4
1
21
22
SIM5
SIM1
SIM2
SIM3
SIM4
1
21
22
SIM5
SIM1
SIM2
SIM3
SIM4
1
21
22
SIM5
SIM1
SIM2
SIM3
SIM4
1
21
22
SIM5
SIM1
SIM2
SIM3
SIM4
1
21
22
SIM5
SIM1
SIM2
SIM3
SIM4
1
21
22
SIM5
SIM1
SIM2
SIM3
SIM4
1
21
22
SIM5
SIM1
SIM2
SIM3
SIM4
1
21
22
SIM5
SIM1
SIM2
SIM3
SIM4
1
21
22
SIM5
SIM1
SIM2
SIM3
SIM4
1
21
22
SIM5
SIM1
SIM2
SIM3
SIM4
1
21
22
SIM5
SIM1
SIM2
SIM3
SIM4
1
21
22
SIM5
SIM1
SIM2
SIM3
SIM4
1
21
22
SIM5
SIM1
SIM2
SIM3
SIM4
1
21
22
SIM5
SIM1
SIM2
SIM3
SIM4
1
21
22
SIM5
SIM1
SIM2
SIM3
SIM4
1
21
22
SIM5
SIM1
SIM2
SIM3
SIM4
1
21
22
SIM5
SIM1
SIM2
SIM3
SIM4
1
21
22
SIM5
SIM1
SIM2
SIM3
SIM4
1
21
22
SIM5
SIM1
SIM2
SIM3
SIM4
1
21
22
SIM5
SIM1
SIM2
SIM3
SIM4
1
21
22
SIM5
SIM1
SIM2
SIM3
SIM4
1
21
22
SIM5
SIM1
SIM2
SIM3
SIM4
1
21
22
SIM5
SIM1
SIM2
SIM3
SIM4
1
21
22
SIM5
SIM1
SIM2
SIM3
SIM4
1
21
22
SIM5
SIM1
SIM2
SIM3
SIM4
1
21
22
SIM5
SIM1
SIM2
SIM3
SIM4
1
21
22
SIM5
SIM1
SIM2
SIM3
SIM4
1
21
22
SIM5
SIM1
SIM2
SIM3
SIM4
1
21
22
SIM5
SIM1
SIM2
SIM3
SIM4
1
21
22
SIM5
SIM1
SIM2
SIM3
SIM4
1
21
22
SIM5
SIM1
SIM2
SIM3
SIM4
1
21
22
SIM5
SIM1
SIM2
SIM3
SIM4
1
21
22
SIM5
SIM1
SIM2
SIM3
SIM4
1
21
22
SIM5
SIM1
SIM2
SIM3
SIM4
1
21
22
SIM5
SIM1
SIM2
SIM3
SIM4
1
21
22
SIM5
SIM1
SIM2
SIM3
SIM4
1
21
22
SIM5
SIM1
SIM2
SIM3
SIM4
1
21
22
SIM5
SIM1
SIM2
SIM3
SIM4
1
21
22
SIM5
SIM1
SIM2
SIM3
SIM4
1
21
22
SIM5
SIM1
SIM2
SIM3
SIM4
1
21
22
SIM5
SIM1
SIM2
SIM3
SIM4
1
21
22
SIM5
SIM1
SIM2
SIM3
SIM4
1
21
22
SIM5
SIM1
SIM2
SIM3
SIM4
1
21
22
SIM5
SIM1
SIM2
SIM3
SIM4
1
21
22
SIM5
SIM1
SIM2
SIM3
SIM4
1
21
22
SIM5
SIM1
SIM2
SIM3
SIM4
1
21
22
SIM5
SIM1
SIM2
SIM3
SIM4
1
21
22
SIM5
SIM1
SIM2
SIM3
SIM4
1
21
22
SIM5
SIM1
SIM2
SIM3
SIM4
1
21
22
SIM5
SIM1
SIM2
SIM3
SIM4
1
21
22
SIM5
SIM1
SIM2
SIM3
SIM4
1
21
22
SIM5
SIM1
SIM2
SIM3
SIM4
1
21
22
SIM5
SIM1
SIM2
SIM3
SIM4
1
21
22
SIM5
SIM1
SIM2
SIM3
SIM4
1
21
22
SIM5
SIM1
SIM2
SIM3
SIM4
1
21
22
SIM5
SIM1
SIM2
SIM3
SIM4
1
21
22
SIM5
SIM1
SIM2
SIM3
SIM4
1
21
22
SIM5
SIM1
SIM2
SIM3
SIM4
1
21
22
SIM5
SIM1
SIM2
SIM3
SIM4
1
21
22
SIM5
SIM1
SIM2
SIM3
SIM4
1
21
22
SIM5
SIM1
SIM2
SIM3
SIM4
1
21
22
SIM5
SIM1
SIM2
SIM3
SIM4
1
21
22
SIM5
SIM1
SIM2
SIM3
SIM4
1
21
22
SIM5
SIM1
SIM2
SIM3
SIM4
1
21
22
SIM5
SIM1
SIM2
SIM3
SIM4
1
21
22
SIM5
SIM1
SIM2
SIM3
SIM4
1
21
22
SIM5
SIM1
SIM2
SIM3
SIM4
1
21
22
SIM5
SIM1
SIM2
SIM3
SIM4
1
21
22
SIM5
SIM1
SIM2
SIM3
SIM4
1
21
22
SIM5
SIM1
SIM2
SIM3
SIM4
1
21
22
SIM5
SIM1
SIM2
SIM3
SIM4
1
21
22
SIM5
SIM1
SIM2
SIM3
SIM4
1
21
22
SIM5
SIM1
SIM2
SIM3
SIM4
1
21
22
SIM5
SIM1
SIM2
SIM3
SIM4
1
21
22
SIM5
SIM1
SIM2
SIM3
SIM4
1
21
22
SIM5
SIM1
SIM2
SIM3
SIM4
1
21
22
SIM5
SIM1
SIM2
SIM3
SIM4
1
21
22
SIM5
SIM1
SIM2
SIM3
SIM4
1
21
22
SIM5
SIM1
SIM2
SIM3
SIM4
1
21
22
SIM5
SIM1
SIM2
SIM3
SIM4
1
21
22
SIM5
SIM1
SIM2
SIM3
SIM4
1
21
22
SIM5
SIM1
SIM2
SIM3
SIM4
1
21
22
SIM5
SIM1
SIM2
SIM3
SIM4
1
21
22
SIM5
SIM1
SIM2
SIM3
SIM4
1
21
22
SIM5
SIM1
SIM2
SIM3
SIM4
1
21
22
SIM5
SIM1
SIM2
SIM3
SIM4
1
21
22
SIM5
SIM1
SIM2
SIM3
SIM4
1
21
22
SIM5
SIM1
SIM2
SIM3
SIM4
1
21
22
SIM5
SIM1
SIM2
SIM3
SIM4
1
21
22
SIM5
SIM1
SIM2
SIM3
SIM4
1
21
22
SIM5
SIM1
SIM2
SIM3
SIM4
1
21
22
SIM5
SIM1
SIM2
SIM3
SIM4
1
21
22
SIM5
SIM1
SIM2
SIM3
SIM4
1
21
22
SIM5
SIM1
SIM2
SIM3
SIM4
1
21
22
SIM5
SIM1
SIM2
SIM3
SIM4
1
21
22
SIM5
SIM1
SIM2
SIM3
SIM4
1
21
22
SIM5
SIM1
SIM2
SIM3
SIM4
1
21
22
SIM5
SIM1
SIM2
SIM3
SIM4
1
21
22
SIM5
SIM1
SIM2
SIM3
SIM4
1
21
22
SIM5
SIM1
SIM2
SIM3
SIM4
1
21
22
SIM5
SIM1
SIM2
SIM3
SIM4
1
21
22
SIM5
SIM1
SIM2
SIM3
SIM4
1
21
22
SIM5
SIM1
SIM2
SIM3
SIM4
1
21
22
SIM5
SIM1
SIM2
SIM3
SIM4
1
21
22
SIM5
SIM1
SIM2
SIM3
SIM4
1
21
22
SIM5
SIM1
SIM2
SIM3
SIM4
1
21
22
SIM5
SIM1
SIM2
SIM3
SIM4
1
21
22
SIM5
SIM1
SIM2
SIM3
SIM4
1
21
22
SIM5
SIM1
SIM2
SIM3
SIM4
1
21
22
SIM5
SIM1
SIM2
SIM3
SIM4
1
21
22
SIM5
SIM1
SIM2
SIM3
SIM4
1
21
22
SIM5
SIM1
SIM2
SIM3
SIM4
1
21
22
SIM5
SIM1
SIM2
SIM3
SIM4
1
21
22
SIM5
SIM1
SIM2
SIM3
SIM4
1
21
22
SIM5
SIM1
SIM2
SIM3
SIM4
1
21
22
SIM5
SIM1
SIM2
SIM3
SIM4
1
21
22
SIM5
SIM1
SIM2
SIM3
SIM4
1
21
22
SIM5
SIM1
SIM2
SIM3
SIM4
1
21
22
SIM5
SIM1
SIM2
SIM3
SIM4
1
21
22
SIM5
SIM1
SIM2
SIM3
SIM4
1
21
22
SIM5
SIM1
SIM2
SIM3
SIM4
1
21
22
SIM5
SIM1
SIM2
SIM3
SIM4
1
21
22
SIM5
SIM1
SIM2
SIM3
SIM4
1
21
22
SIM5
SIM1
SIM2
SIM3
SIM4
1
21
22
SIM5
SIM1
SIM2
SIM3
SIM4
1
21
22
SIM5
SIM1
SIM2
SIM3
SIM4
1
21
22
SIM5
SIM1
SIM2
SIM3
SIM4
1
21
22
SIM5
SIM1
SIM2
SIM3
SIM4
1
21
22
SIM5
SIM1
SIM2
SIM3
SIM4
1
21
22
SIM5
SIM1
SIM2
SIM3
SIM4
1
21
22
SIM5
SIM1
SIM2
SIM3
SIM4
1
21
22
SIM5
SIM1
SIM2
SIM3
SIM4
1
21
22
SIM5
SIM1
SIM2
SIM3
SIM4
1
21
22
SIM5
SIM1
SIM2
SIM3
SIM4
1
21
22
SIM5
SIM1
SIM2
SIM3
SIM4
1
21
22
SIM5
SIM1
SIM2
SIM3
SIM4
1
21
22
SIM5
SIM1
SIM2
SIM3
SIM4
1
21
22
SIM5
SIM1
SIM2
SIM3
SIM4
1
21
22
SIM5
SIM1
SIM2
SIM3
SIM4
1
21
22
SIM5
SIM1
SIM2
SIM3
SIM4
1
21
22
SIM5
SIM1
SIM2
SIM3
SIM4
1
21
22
SIM5
SIM1
SIM2
DEBUG 1 160
SIM1
SIM2
SIM3
SIM4
1
21
22
SIM5
SIM1
SIM2
SIM3
SIM4
1
21
22
SIM5
SIM1
SIM2
SIM3
SIM4
1
21
22
SIM5
SIM1
SIM2
SIM3
SIM4
1
21
22
SIM5
SIM1
SIM2
SIM3
SIM4
1
21
22
SIM5
SIM1
SIM2
SIM3
SIM4
1
21
22
SIM5
SIM1
SIM2
SIM3
SIM4
1
21
22
SIM5
SIM1
SIM2
SIM3
SIM4
1
21
22
SIM5
SIM1
SIM2
SIM3
SIM4
1
21
22
SIM5
SIM1
SIM2
SIM3
SIM4
1
21
22
SIM5
SIM1
SIM2
SIM3
SIM4
1
21
22
SIM5
SIM1
SIM2
SIM3
SIM4
1
21
22
SIM5
SIM1
SIM2
SIM3
SIM4
1
21
22
SIM5
SIM1
SIM2
SIM3
SIM4
1
21
22
SIM5
SIM1
SIM2
SIM3
SIM4
1
21
22
SIM5
SIM1
SIM2
SIM3
SIM4
1
21
22
SIM5
SIM1
SIM2
SIM3
SIM4
1
21
22
SIM5
SIM1
SIM2
SIM3
SIM4
1
21
22
SIM5
SIM1
SIM2
SIM3
SIM4
1
21
22
SIM5
SIM1
SIM2
SIM3
SIM4
1
21
22
SIM5
SIM1
SIM2
SIM3
SIM4
1
21
22
SIM5
SIM1
SIM2
SIM3
SIM4
1
21
22
SIM5
SIM1
SIM2
SIM3
SIM4
1
21
22
SIM5
SIM1
SIM2
SIM3
SIM4
1
21
22
SIM5
SIM1
SIM2
SIM3
SIM4
1
21
22
SIM5
SIM1
SIM2
SIM3
SIM4
1
21
22
SIM5
SIM1
SIM2
SIM3
SIM4
1
21
22
SIM5
SIM1
SIM2
SIM3
SIM4
1
21
22
SIM5
SIM1
SIM2
SIM3
SIM4
1
21
22
SIM5
SIM1
SIM2
SIM3
SIM4
1
21
22
SIM5
SIM1
SIM2
SIM3
SIM4
1
21
22
SIM5
SIM1
SIM2
SIM3
SIM4
1
21
22
SIM5
SIM1
SIM2
SIM3
SIM4
1
21
22
SIM5
SIM1
SIM2
SIM3
SIM4
1
21
22
SIM5
SIM1
SIM2
SIM3
SIM4
1
21
22
SIM5
SIM1
SIM2
SIM3
SIM4
1
21
22
SIM5
SIM1
SIM2
SIM3
SIM4
1
21
22
SIM5
SIM1
SIM2
SIM3
SIM4
1
21
22
SIM5
SIM1
SIM2
SIM3
SIM4
1
21
22
SIM5
SIM1
SIM2
SIM3
SIM4
1
21
22
SIM5
SIM1
SIM2
SIM3
SIM4
1
21
22
SIM5
SIM1
SIM2
SIM3
SIM4
1
21
22
SIM5
SIM1
SIM2
SIM3
SIM4
1
21
22
SIM5
SIM1
SIM2
SIM3
SIM4
1
21
22
SIM5
SIM1
SIM2
SIM3
SIM4
1
21
22
SIM5
SIM1
SIM2
SIM3
SIM4
1
21
22
SIM5
SIM1
SIM2
SIM3
SIM4
1
21
22
SIM5
SIM1
SIM2
SIM3
SIM4
1
21
22
SIM5
SIM1
SIM2
SIM3
SIM4
1
21
22
SIM5
SIM1
SIM2
SIM3
SIM4
1
21
22
SIM5
SIM1
SIM2
SIM3
SIM4
1
21
22
SIM5
SIM1
SIM2
SIM3
SIM4
1
21
22
SIM5
SIM1
SIM2
SIM3
SIM4
1
21
22
SIM5
SIM1
SIM2
SIM3
SIM4
1
21
22
SIM5
SIM1
SIM2
SIM3
SIM4
1
21
22
SIM5
SIM1
SIM2
SIM3
SIM4
1
21
22
SIM5
SIM1
SIM2
SIM3
SIM4
1
21
22
SIM5
SIM1
SIM2
SIM3
SIM4
1
21
22
SIM5
SIM1
SIM2
SIM3
SIM4
1
21
22
SIM5
SIM1
SIM2
SIM3
SIM4
1
21
22
SIM5
SIM1
SIM2
SIM3
SIM4
1
21
22
SIM5
SIM1
SIM2
SIM3
SIM4
1
21
22
SIM5
SIM1
SIM2
SIM3
SIM4
1
21
22
SIM5
SIM1
SIM2
SIM3
SIM4
1
21
22
SIM5
SIM1
SIM2
SIM3
SIM4
1
21
22
SIM5
SIM1
SIM2
SIM3
SIM4
1
21
22
SIM5
SIM1
SIM2
SIM3
SIM4
1
21
22
SIM5
SIM1
SIM2
SIM3
SIM4
1
21
22
SIM5
SIM1
SIM2
SIM3
SIM4
1
21
22
SIM5
SIM1
SIM2
SIM3
SIM4
1
21
22
SIM5
SIM1
SIM2
SIM3
SIM4
1
21
22
SIM5
SIM1
SIM2
SIM3
SIM4
1
21
22
SIM5
SIM1
SIM2
SIM3
SIM4
1
21
22
SIM5
SIM1
SIM2
SIM3
SIM4
1
21
22
SIM5
SIM1
SIM2
SIM3
SIM4
1
21
22
SIM5
SIM1
SIM2
SIM3
SIM4
1
21
22
SIM5
SIM1
SIM2
SIM3
SIM4
1
21
22
SIM5
SIM1
SIM2
SIM3
SIM4
1
21
22
SIM5
SIM1
SIM2
SIM3
SIM4
1
21
22
SIM5
SIM1
SIM2
SIM3
SIM4
1
21
22
SIM5
SIM1
SIM2
SIM3
SIM4
1
21
22
SIM5
SIM1
SIM2
SIM3
SIM4
1
21
22
SIM5
SIM1
SIM2
SIM3
SIM4
1
21
22
SIM5
SIM1
SIM2
SIM3
SIM4
1
21
22
SIM5
SIM1
SIM2
SIM3
SIM4
1
21
22
SIM5
SIM1
SIM2
SIM3
SIM4
1
21
22
SIM5
SIM1
SIM2
SIM3
SIM4
1
21
22
SIM5
SIM1
SIM2
SIM3
SIM4
1
21
22
SIM5
SIM1
SIM2
SIM3
SIM4
1
21
22
SIM5
SIM1
SIM2
SIM3
SIM4
1
21
22
SIM5
SIM1
SIM2
SIM3
SIM4
1
21
22
SIM5
SIM1
SIM2
SIM3
SIM4
1
21
22
SIM5
SIM1
SIM2
SIM3
SIM4
1
21
22
SIM5
SIM1
SIM2
SIM3
SIM4
1
21
22
SIM5
SIM1
SIM2
SIM3
SIM4
1
21
22
SIM5
SIM1
SIM2
SIM3
SIM4
1
21
22
SIM5
SIM1
SIM2
SIM3
SIM4
1
21
22
SIM5
SIM1
SIM2
SIM3
SIM4
1
21
22
SIM5
SIM1
SIM2
SIM3
SIM4
1
21
22
SIM5
SIM1
SIM2
SIM3
SIM4
1
21
22
SIM5
SIM1
SIM2
SIM3
SIM4
1
21
22
SIM5
SIM1
SIM2
SIM3
SIM4
1
21
22
SIM5
SIM1
SIM2
SIM3
SIM4
1
21
22
SIM5
SIM1
SIM2
SIM3
SIM4
1
21
22
SIM5
SIM1
SIM2
SIM3
SIM4
1
21
22
SIM5
SIM1
SIM2
SIM3
SIM4
1
21
22
SIM5
SIM1
SIM2
SIM3
SIM4
1
21
22
SIM5
SIM1
SIM2
SIM3
SIM4
1
21
22
SIM5
SIM1
SIM2
SIM3
SIM4
1
21
22
SIM5
SIM1
SIM2
SIM3
SIM4
1
21
22
SIM5
SIM1
SIM2
SIM3
SIM4
1
21
22
SIM5
SIM1
SIM2
SIM3
SIM4
1
21
22
SIM5
SIM1
SIM2
SIM3
SIM4
1
21
22
SIM5
SIM1
SIM2
SIM3
SIM4
1
21
22
SIM5
SIM1
SIM2
SIM3
SIM4
1
21
22
SIM5
SIM1
SIM2
SIM3
SIM4
1
21
22
SIM5
SIM1
SIM2
SIM3
SIM4
1
21
22
SIM5
SIM1
SIM2
SIM3
SIM4
1
21
22
SIM5
SIM1
SIM2
SIM3
SIM4
1
21
22
SIM5
SIM1
SIM2
SIM3
SIM4
1
21
22
SIM5
SIM1
SIM2
SIM3
SIM4
1
21
22
SIM5
SIM1
SIM2
SIM3
SIM4
1
21
22
SIM5
SIM1
SIM2
SIM3
SIM4
1
21
22
SIM5
SIM1
SIM2
SIM3
SIM4
1
21
22
SIM5
SIM1
SIM2
SIM3
SIM4
1
21
22
SIM5
SIM1
SIM2
SIM3
SIM4
1
21
22
SIM5
SIM1
SIM2
SIM3
SIM4
1
21
22
SIM5
SIM1
SIM2
SIM3
SIM4
1
21
22
SIM5
SIM1
SIM2
SIM3
SIM4
1
21
22
SIM5
SIM1
SIM2
SIM3
SIM4
1
21
22
SIM5
SIM1
SIM2
SIM3
SIM4
1
21
22
SIM5
SIM1
SIM2
SIM3
SIM4
1
21
22
SIM5
SIM1
SIM2
SIM3
SIM4
1
21
22
SIM5
SIM1
SIM2
SIM3
SIM4
1
21
22
SIM5
SIM1
SIM2
SIM3
SIM4
1
21
22
SIM5
SIM1
SIM2
SIM3
SIM4
1
21
22
SIM5
SIM1
SIM2
SIM3
SIM4
1
21
22
SIM5
SIM1
SIM2
SIM3
SIM4
1
21
22
SIM5
SIM1
SIM2
SIM3
SIM4
1
21
22
SIM5
SIM1
SIM2
SIM3
SIM4
1
21
22
SIM5
SIM1
SIM2
SIM3
SIM4
1
21
22
SIM5
SIM1
SIM2
SIM3
SIM4
1
21
22
SIM5
SIM1
SIM2
SIM3
SIM4
1
21
22
SIM5
SIM1
SIM2
SIM3
SIM4
1
21
22
SIM5
SIM1
SIM2
SIM3
SIM4
1
21
22
SIM5
SIM1
SIM2
SIM3
SIM4
1
21
22
SIM5
SIM1
SIM2
SIM3
SIM4
1
21
22
SIM5
SIM1
SIM2
SIM3
SIM4
1
21
22
SIM5
SIM1
SIM2
SIM3
SIM4
1
21
22
SIM5
SIM1
SIM2
SIM3
SIM4
1
21
22
SIM5
SIM1
SIM2
SIM3
SIM4
1
21
22
SIM5
SIM1
SIM2
SIM3
SIM4
1
21
22
SIM5
SIM1
SIM2
SIM3
SIM4
1
21
22
SIM5
SIM1
SIM2
SIM3
SIM4
1
21
22
SIM5
SIM1
SIM2
SIM3
SIM4
1
21
22
SIM5
SIM1
SIM2
SIM3
SIM4
1
21
22
SIM5
SIM1
SIM2
SIM3
SIM4
1
21
22
SIM5
SIM1
SIM2
SIM3
SIM4
1
21
22
SIM5
SIM1
SIM2
SIM3
SIM4
1
21
22
SIM5
SIM1
SIM2
SIM3
SIM4
1
21
22
SIM5
SIM1
SIM2
SIM3
SIM4
1
21
22
SIM5
SIM1
SIM2
SIM3
SIM4
1
21
22
SIM5
SIM1
SIM2
SIM3
SIM4
1
21
22
SIM5
SIM1
SIM2
SIM3
SIM4
1
21
22
SIM5
SIM1
SIM2
SIM3
SIM4
1
21
22
SIM5
SIM1
SIM2
SIM3
SIM4
1
21
22
SIM5
SIM1
SIM2
SIM3
SIM4
1
21
22
SIM5
SIM1
SIM2
SIM3
SIM4
1
21
22
SIM5
SIM1
SIM2
SIM3
SIM4
1
21
22
SIM5
SIM1
SIM2
SIM3
SIM4
1
21
22
SIM5
SIM1
SIM2
SIM3
SIM4
1
21
22
SIM5
SIM1
SIM2
SIM3
SIM4
1
21
22
SIM5
SIM1
SIM2
SIM3
SIM4
1
21
22
SIM5
SIM1
SIM2
SIM3
SIM4
1
21
22
SIM5
SIM1
SIM2
SIM3
SIM4
1
21
22
SIM5
SIM1
SIM2
SIM3
SIM4
1
21
22
SIM5
SIM1
SIM2
SIM3
SIM4
1
21
22
SIM5
SIM1
SIM2
SIM3
SIM4
1
21
22
SIM5
SIM1
SIM2
SIM3
SIM4
1
21
22
SIM5
SIM1
SIM2
SIM3
SIM4
1
21
22
SIM5
SIM1
SIM2
SIM3
SIM4
1
21
22
SIM5
SIM1
SIM2
SIM3
SIM4
1
21
22
SIM5
SIM1
SIM2
SIM3
SIM4
1
21
22
SIM5
SIM1
SIM2
SIM3
SIM4
1
21
22
SIM5
SIM1
SIM2
SIM3
SIM4
1
21
22
SIM5
SIM1
SIM2
SIM3
SIM4
1
21
22
SIM5
SIM1
SIM2
SIM3
SIM4
1
21
22
SIM5
SIM1
SIM2
SIM3
SIM4
1
21
22
SIM5
SIM1
SIM2
SIM3
SIM4
1
21
22
SIM5
SIM1
SIM2
SIM3
SIM4
1
21
22
SIM5
SIM1
SIM2
SIM3
SIM4
1
21
22
SIM5
SIM1
SIM2
SIM3
SIM4
1
21
22
SIM5
SIM1
SIM2
DEBUG 1 161
SIM1
SIM2
SIM3
SIM4
1
21
22
SIM5
SIM1
SIM2
SIM3
SIM4
1
21
22
SIM5
SIM1
SIM2
SIM3
SIM4
1
21
22
SIM5
SIM1
SIM2
SIM3
SIM4
1
21
22
SIM5
SIM1
SIM2
SIM3
SIM4
1
21
22
SIM5
SIM1
SIM2
SIM3
SIM4
1
21
22
SIM5
SIM1
SIM2
SIM3
SIM4
1
21
22
SIM5
SIM1
SIM2
SIM3
SIM4
1
21
22
SIM5
SIM1
SIM2
SIM3
SIM4
1
21
22
SIM5
SIM1
SIM2
SIM3
SIM4
1
21
22
SIM5
SIM1
SIM2
SIM3
SIM4
1
21
22
SIM5
SIM1
SIM2
SIM3
SIM4
1
21
22
SIM5
SIM1
SIM2
SIM3
SIM4
1
21
22
SIM5
SIM1
SIM2
SIM3
SIM4
1
21
22
SIM5
SIM1
SIM2
SIM3
SIM4
1
21
22
SIM5
SIM1
SIM2
SIM3
SIM4
1
21
22
SIM5
SIM1
SIM2
SIM3
SIM4
1
21
22
SIM5
SIM1
SIM2
SIM3
SIM4
1
21
22
SIM5
SIM1
SIM2
SIM3
SIM4
1
21
22
SIM5
SIM1
SIM2
SIM3
SIM4
1
21
22
SIM5
SIM1
SIM2
SIM3
SIM4
1
21
22
SIM5
SIM1
SIM2
SIM3
SIM4
1
21
22
SIM5
SIM1
SIM2
SIM3
SIM4
1
21
22
SIM5
SIM1
SIM2
SIM3
SIM4
1
21
22
SIM5
SIM1
SIM2
SIM3
SIM4
1
21
22
SIM5
SIM1
SIM2
SIM3
SIM4
1
21
22
SIM5
SIM1
SIM2
SIM3
SIM4
1
21
22
SIM5
SIM1
SIM2
SIM3
SIM4
1
21
22
SIM5
SIM1
SIM2
SIM3
SIM4
1
21
22
SIM5
SIM1
SIM2
SIM3
SIM4
1
21
22
SIM5
SIM1
SIM2
SIM3
SIM4
1
21
22
SIM5
SIM1
SIM2
SIM3
SIM4
1
21
22
SIM5
SIM1
SIM2
SIM3
SIM4
1
21
22
SIM5
SIM1
SIM2
SIM3
SIM4
1
21
22
SIM5
SIM1
SIM2
SIM3
SIM4
1
21
22
SIM5
SIM1
SIM2
SIM3
SIM4
1
21
22
SIM5
SIM1
SIM2
SIM3
SIM4
1
21
22
SIM5
SIM1
SIM2
SIM3
SIM4
1
21
22
SIM5
SIM1
SIM2
SIM3
SIM4
1
21
22
SIM5
SIM1
SIM2
SIM3
SIM4
1
21
22
SIM5
SIM1
SIM2
SIM3
SIM4
1
21
22
SIM5
SIM1
SIM2
SIM3
SIM4
1
21
22
SIM5
SIM1
SIM2
SIM3
SIM4
1
21
22
SIM5
SIM1
SIM2
SIM3
SIM4
1
21
22
SIM5
SIM1
SIM2
SIM3
SIM4
1
21
22
SIM5
SIM1
SIM2
SIM3
SIM4
1
21
22
SIM5
SIM1
SIM2
SIM3
SIM4
1
21
22
SIM5
SIM1
SIM2
SIM3
SIM4
1
21
22
SIM5
SIM1
SIM2
SIM3
SIM4
1
21
22
SIM5
SIM1
SIM2
SIM3
SIM4
1
21
22
SIM5
SIM1
SIM2
SIM3
SIM4
1
21
22
SIM5
SIM1
SIM2
SIM3
SIM4
1
21
22
SIM5
SIM1
SIM2
SIM3
SIM4
1
21
22
SIM5
SIM1
SIM2
SIM3
SIM4
1
21
22
SIM5
SIM1
SIM2
SIM3
SIM4
1
21
22
SIM5
SIM1
SIM2
SIM3
SIM4
1
21
22
SIM5
SIM1
SIM2
SIM3
SIM4
1
21
22
SIM5
SIM1
SIM2
SIM3
SIM4
1
21
22
SIM5
SIM1
SIM2
SIM3
SIM4
1
21
22
SIM5
SIM1
SIM2
SIM3
SIM4
1
21
22
SIM5
SIM1
SIM2
SIM3
SIM4
1
21
22
SIM5
SIM1
SIM2
SIM3
SIM4
1
21
22
SIM5
SIM1
SIM2
SIM3
SIM4
1
21
22
SIM5
SIM1
SIM2
SIM3
SIM4
1
21
22
SIM5
SIM1
SIM2
SIM3
SIM4
1
21
22
SIM5
SIM1
SIM2
SIM3
SIM4
1
21
22
SIM5
SIM1
SIM2
SIM3
SIM4
1
21
22
SIM5
SIM1
SIM2
SIM3
SIM4
1
21
22
SIM5
SIM1
SIM2
SIM3
SIM4
1
21
22
SIM5
SIM1
SIM2
SIM3
SIM4
1
21
22
SIM5
SIM1
SIM2
SIM3
SIM4
1
21
22
SIM5
SIM1
SIM2
SIM3
SIM4
1
21
22
SIM5
SIM1
SIM2
SIM3
SIM4
1
21
22
SIM5
SIM1
SIM2
SIM3
SIM4
1
21
22
SIM5
SIM1
SIM2
SIM3
SIM4
1
21
22
SIM5
SIM1
SIM2
SIM3
SIM4
1
21
22
SIM5
SIM1
SIM2
SIM3
SIM4
1
21
22
SIM5
SIM1
SIM2
SIM3
SIM4
1
21
22
SIM5
SIM1
SIM2
SIM3
SIM4
1
21
22
SIM5
SIM1
SIM2
SIM3
SIM4
1
21
22
SIM5
SIM1
SIM2
SIM3
SIM4
1
21
22
SIM5
SIM1
SIM2
SIM3
SIM4
1
21
22
SIM5
SIM1
SIM2
SIM3
SIM4
1
21
22
SIM5
SIM1
SIM2
SIM3
SIM4
1
21
22
SIM5
SIM1
SIM2
SIM3
SIM4
1
21
22
SIM5
SIM1
SIM2
SIM3
SIM4
1
21
22
SIM5
SIM1
SIM2
SIM3
SIM4
1
21
22
SIM5
SIM1
SIM2
SIM3
SIM4
1
21
22
SIM5
SIM1
SIM2
SIM3
SIM4
1
21
22
SIM5
SIM1
SIM2
SIM3
SIM4
1
21
22
SIM5
SIM1
SIM2
SIM3
SIM4
1
21
22
SIM5
SIM1
SIM2
SIM3
SIM4
1
21
22
SIM5
SIM1
SIM2
SIM3
SIM4
1
21
22
SIM5
SIM1
SIM2
SIM3
SIM4
1
21
22
SIM5
SIM1
SIM2
SIM3
SIM4
1
21
22
SIM5
SIM1
SIM2
SIM3
SIM4
1
21
22
SIM5
SIM1
SIM2
SIM3
SIM4
1
21
22
SIM5
SIM1
SIM2
SIM3
SIM4
1
21
22
SIM5
SIM1
SIM2
SIM3
SIM4
1
21
22
SIM5
SIM1
SIM2
SIM3
SIM4
1
21
22
SIM5
SIM1
SIM2
SIM3
SIM4
1
21
22
SIM5
SIM1
SIM2
SIM3
SIM4
1
21
22
SIM5
SIM1
SIM2
SIM3
SIM4
1
21
22
SIM5
SIM1
SIM2
SIM3
SIM4
1
21
22
SIM5
SIM1
SIM2
SIM3
SIM4
1
21
22
SIM5
SIM1
SIM2
SIM3
SIM4
1
21
22
SIM5
SIM1
SIM2
SIM3
SIM4
1
21
22
SIM5
SIM1
SIM2
SIM3
SIM4
1
21
22
SIM5
SIM1
SIM2
SIM3
SIM4
1
21
22
SIM5
SIM1
SIM2
SIM3
SIM4
1
21
22
SIM5
SIM1
SIM2
SIM3
SIM4
1
21
22
SIM5
SIM1
SIM2
SIM3
SIM4
1
21
22
SIM5
SIM1
SIM2
SIM3
SIM4
1
21
22
SIM5
SIM1
SIM2
SIM3
SIM4
1
21
22
SIM5
SIM1
SIM2
SIM3
SIM4
1
21
22
SIM5
SIM1
SIM2
SIM3
SIM4
1
21
22
SIM5
SIM1
SIM2
DEBUG 1 162
SIM1
SIM2
SIM3
SIM4
1
21
22
SIM5
SIM1
SIM2
SIM3
SIM4
1
21
22
SIM5
SIM1
SIM2
SIM3
SIM4
1
21
22
SIM5
SIM1
SIM2
SIM3
SIM4
1
21
22
SIM5
SIM1
SIM2
SIM3
SIM4
1
21
22
SIM5
SIM1
SIM2
SIM3
SIM4
1
21
22
SIM5
SIM1
SIM2
SIM3
SIM4
1
21
22
SIM5
SIM1
SIM2
SIM3
SIM4
1
21
22
SIM5
SIM1
SIM2
SIM3
SIM4
1
21
22
SIM5
SIM1
SIM2
SIM3
SIM4
1
21
22
SIM5
SIM1
SIM2
SIM3
SIM4
1
21
22
SIM5
SIM1
SIM2
SIM3
SIM4
1
21
22
SIM5
SIM1
SIM2
SIM3
SIM4
1
21
22
SIM5
SIM1
SIM2
SIM3
SIM4
1
21
22
SIM5
SIM1
SIM2
SIM3
SIM4
1
21
22
SIM5
SIM1
SIM2
SIM3
SIM4
1
21
22
SIM5
SIM1
SIM2
SIM3
SIM4
1
21
22
SIM5
SIM1
SIM2
SIM3
SIM4
1
21
22
SIM5
SIM1
SIM2
SIM3
SIM4
1
21
22
SIM5
SIM1
SIM2
SIM3
SIM4
1
21
22
SIM5
SIM1
SIM2
SIM3
SIM4
1
21
22
SIM5
SIM1
SIM2
SIM3
SIM4
1
21
22
SIM5
SIM1
SIM2
SIM3
SIM4
1
21
22
SIM5
SIM1
SIM2
SIM3
SIM4
1
21
22
SIM5
SIM1
SIM2
SIM3
SIM4
1
21
22
SIM5
SIM1
SIM2
SIM3
SIM4
1
21
22
SIM5
SIM1
SIM2
SIM3
SIM4
1
21
22
SIM5
SIM1
SIM2
SIM3
SIM4
1
21
22
SIM5
SIM1
SIM2
SIM3
SIM4
1
21
22
SIM5
SIM1
SIM2
SIM3
SIM4
1
21
22
SIM5
SIM1
SIM2
SIM3
SIM4
1
21
22
SIM5
SIM1
SIM2
SIM3
SIM4
1
21
22
SIM5
SIM1
SIM2
SIM3
SIM4
1
21
22
SIM5
SIM1
SIM2
SIM3
SIM4
1
21
22
SIM5
SIM1
SIM2
SIM3
SIM4
1
21
22
SIM5
SIM1
SIM2
SIM3
SIM4
1
21
22
SIM5
SIM1
SIM2
SIM3
SIM4
1
21
22
SIM5
SIM1
SIM2
SIM3
SIM4
1
21
22
SIM5
SIM1
SIM2
SIM3
SIM4
1
21
22
SIM5
SIM1
SIM2
SIM3
SIM4
1
21
22
SIM5
SIM1
SIM2
SIM3
SIM4
1
21
22
SIM5
SIM1
SIM2
SIM3
SIM4
1
21
22
SIM5
SIM1
SIM2
SIM3
SIM4
1
21
22
SIM5
SIM1
SIM2
SIM3
SIM4
1
21
22
SIM5
SIM1
SIM2
SIM3
SIM4
1
21
22
SIM5
SIM1
SIM2
SIM3
SIM4
1
21
22
SIM5
SIM1
SIM2
SIM3
SIM4
1
21
22
SIM5
SIM1
SIM2
SIM3
SIM4
1
21
22
SIM5
SIM1
SIM2
SIM3
SIM4
1
21
22
SIM5
SIM1
SIM2
SIM3
SIM4
1
21
22
SIM5
SIM1
SIM2
SIM3
SIM4
1
21
22
SIM5
SIM1
SIM2
SIM3
SIM4
1
21
22
SIM5
SIM1
SIM2
SIM3
SIM4
1
21
22
SIM5
SIM1
SIM2
SIM3
SIM4
1
21
22
SIM5
SIM1
SIM2
SIM3
SIM4
1
21
22
SIM5
SIM1
SIM2
SIM3
SIM4
1
21
22
SIM5
SIM1
SIM2
SIM3
SIM4
1
21
22
SIM5
SIM1
SIM2
SIM3
SIM4
1
21
22
SIM5
SIM1
SIM2
SIM3
SIM4
1
21
22
SIM5
SIM1
SIM2
SIM3
SIM4
1
21
22
SIM5
SIM1
SIM2
SIM3
SIM4
1
21
22
SIM5
SIM1
SIM2
SIM3
SIM4
1
21
22
SIM5
SIM1
SIM2
SIM3
SIM4
1
21
22
SIM5
SIM1
SIM2
SIM3
SIM4
1
21
22
SIM5
SIM1
SIM2
SIM3
SIM4
1
21
22
SIM5
SIM1
SIM2
SIM3
SIM4
1
21
22
SIM5
SIM1
SIM2
SIM3
SIM4
1
21
22
SIM5
SIM1
SIM2
SIM3
SIM4
1
21
22
SIM5
SIM1
SIM2
SIM3
SIM4
1
21
22
SIM5
SIM1
SIM2
SIM3
SIM4
1
21
22
SIM5
SIM1
SIM2
SIM3
SIM4
1
21
22
SIM5
SIM1
SIM2
SIM3
SIM4
1
21
22
SIM5
SIM1
SIM2
SIM3
SIM4
1
21
22
SIM5
SIM1
SIM2
SIM3
SIM4
1
21
22
SIM5
SIM1
SIM2
SIM3
SIM4
1
21
22
SIM5
SIM1
SIM2
SIM3
SIM4
1
21
22
SIM5
SIM1
SIM2
SIM3
SIM4
1
21
22
SIM5
SIM1
SIM2
SIM3
SIM4
1
21
22
SIM5
SIM1
SIM2
SIM3
SIM4
1
21
22
SIM5
SIM1
SIM2
SIM3
SIM4
1
21
22
SIM5
SIM1
SIM2
SIM3
SIM4
1
21
22
SIM5
SIM1
SIM2
SIM3
SIM4
1
21
22
SIM5
SIM1
SIM2
SIM3
SIM4
1
21
22
SIM5
SIM1
SIM2
SIM3
SIM4
1
21
22
SIM5
SIM1
SIM2
SIM3
SIM4
1
21
22
SIM5
SIM1
SIM2
SIM3
SIM4
1
21
22
SIM5
SIM1
SIM2
SIM3
SIM4
1
21
22
SIM5
SIM1
SIM2
SIM3
SIM4
1
21
22
SIM5
SIM1
SIM2
SIM3
SIM4
1
21
22
SIM5
SIM1
SIM2
SIM3
SIM4
1
21
22
SIM5
SIM1
SIM2
SIM3
SIM4
1
21
22
SIM5
SIM1
SIM2
SIM3
SIM4
1
21
22
SIM5
SIM1
SIM2
SIM3
SIM4
1
21
22
SIM5
SIM1
SIM2
SIM3
SIM4
1
21
22
SIM5
SIM1
SIM2
SIM3
SIM4
1
21
22
SIM5
SIM1
SIM2
SIM3
SIM4
1
21
22
SIM5
SIM1
SIM2
SIM3
SIM4
1
21
22
SIM5
SIM1
SIM2
SIM3
SIM4
1
21
22
SIM5
SIM1
SIM2
SIM3
SIM4
1
21
22
SIM5
SIM1
SIM2
SIM3
SIM4
1
21
22
SIM5
SIM1
SIM2
SIM3
SIM4
1
21
22
SIM5
SIM1
SIM2
SIM3
SIM4
1
21
22
SIM5
SIM1
SIM2
SIM3
SIM4
1
21
22
SIM5
SIM1
SIM2
SIM3
SIM4
1
21
22
SIM5
SIM1
SIM2
SIM3
SIM4
1
21
22
SIM5
SIM1
SIM2
SIM3
SIM4
1
21
22
SIM5
SIM1
SIM2
SIM3
SIM4
1
21
22
SIM5
SIM1
SIM2
SIM3
SIM4
1
21
22
SIM5
SIM1
SIM2
SIM3
SIM4
1
21
22
SIM5
SIM1
SIM2
SIM3
SIM4
1
21
22
SIM5
SIM1
SIM2
SIM3
SIM4
1
21
22
SIM5
SIM1
SIM2
SIM3
SIM4
1
21
22
SIM5
SIM1
SIM2
SIM3
SIM4
1
21
22
SIM5
SIM1
SIM2
SIM3
SIM4
1
21
22
SIM5
SIM1
SIM2
SIM3
SIM4
1
21
22
SIM5
SIM1
SIM2
SIM3
SIM4
1
21
22
SIM5
SIM1
SIM2
SIM3
SIM4
1
21
22
SIM5
SIM1
SIM2
SIM3
SIM4
1
21
22
SIM5
SIM1
SIM2
SIM3
SIM4
1
21
22
SIM5
SIM1
SIM2
SIM3
SIM4
1
21
22
SIM5
SIM1
SIM2
SIM3
SIM4
1
21
22
SIM5
SIM1
SIM2
SIM3
SIM4
1
21
22
SIM5
SIM1
SIM2
SIM3
SIM4
1
21
22
SIM5
SIM1
SIM2
SIM3
SIM4
1
21
22
SIM5
SIM1
SIM2
SIM3
SIM4
1
21
22
SIM5
SIM1
SIM2
SIM3
SIM4
1
21
22
SIM5
SIM1
SIM2
SIM3
SIM4
1
21
22
SIM5
SIM1
SIM2
SIM3
SIM4
1
21
22
SIM5
SIM1
SIM2
SIM3
SIM4
1
21
22
SIM5
SIM1
SIM2
SIM3
SIM4
1
21
22
SIM5
SIM1
SIM2
SIM3
SIM4
1
21
22
SIM5
SIM1
SIM2
SIM3
SIM4
1
21
22
SIM5
SIM1
SIM2
SIM3
SIM4
1
21
22
SIM5
SIM1
SIM2
SIM3
SIM4
1
21
22
SIM5
SIM1
SIM2
SIM3
SIM4
1
21
22
SIM5
SIM1
SIM2
SIM3
SIM4
1
21
22
SIM5
SIM1
SIM2
SIM3
SIM4
1
21
22
SIM5
SIM1
SIM2
SIM3
SIM4
1
21
22
SIM5
SIM1
SIM2
SIM3
SIM4
1
21
22
SIM5
SIM1
SIM2
SIM3
SIM4
1
21
22
SIM5
SIM1
SIM2
SIM3
SIM4
1
21
22
SIM5
SIM1
SIM2
SIM3
SIM4
1
21
22
SIM5
SIM1
SIM2
SIM3
SIM4
1
21
22
SIM5
SIM1
SIM2
SIM3
SIM4
1
21
22
SIM5
SIM1
SIM2
SIM3
SIM4
1
21
22
SIM5
SIM1
SIM2
SIM3
SIM4
1
21
22
SIM5
SIM1
SIM2
SIM3
SIM4
1
21
22
SIM5
SIM1
SIM2
SIM3
SIM4
1
21
22
SIM5
SIM1
SIM2
SIM3
SIM4
1
21
22
SIM5
SIM1
SIM2
SIM3
SIM4
1
21
22
SIM5
SIM1
SIM2
SIM3
SIM4
1
21
22
SIM5
SIM1
SIM2
SIM3
SIM4
1
21
22
SIM5
SIM1
SIM2
SIM3
SIM4
1
21
22
SIM5
SIM1
SIM2
SIM3
SIM4
1
21
22
SIM5
SIM1
SIM2
SIM3
SIM4
1
21
22
SIM5
SIM1
SIM2
SIM3
SIM4
1
21
22
SIM5
SIM1
SIM2
SIM3
SIM4
1
21
22
SIM5
SIM1
SIM2
SIM3
SIM4
1
21
22
SIM5
SIM1
SIM2
SIM3
SIM4
1
21
22
SIM5
SIM1
SIM2
SIM3
SIM4
1
21
22
SIM5
SIM1
SIM2
SIM3
SIM4
1
21
22
SIM5
SIM1
SIM2
SIM3
SIM4
1
21
22
SIM5
SIM1
SIM2
DEBUG 1 163
SIM1
SIM2
SIM3
SIM4
1
21
22
SIM5
SIM1
SIM2
SIM3
SIM4
1
21
22
SIM5
SIM1
SIM2
SIM3
SIM4
1
21
22
SIM5
SIM1
SIM2
SIM3
SIM4
1
21
22
SIM5
SIM1
SIM2
SIM3
SIM4
1
21
22
SIM5
SIM1
SIM2
SIM3
SIM4
1
21
22
SIM5
SIM1
SIM2
SIM3
SIM4
1
21
22
SIM5
SIM1
SIM2
SIM3
SIM4
1
21
22
SIM5
SIM1
SIM2
SIM3
SIM4
1
21
22
SIM5
SIM1
SIM2
SIM3
SIM4
1
21
22
SIM5
SIM1
SIM2
SIM3
SIM4
1
21
22
SIM5
SIM1
SIM2
SIM3
SIM4
1
21
22
SIM5
SIM1
SIM2
SIM3
SIM4
1
21
22
SIM5
SIM1
SIM2
SIM3
SIM4
1
21
22
SIM5
SIM1
SIM2
SIM3
SIM4
1
21
22
SIM5
SIM1
SIM2
SIM3
SIM4
1
21
22
SIM5
SIM1
SIM2
SIM3
SIM4
1
21
22
SIM5
SIM1
SIM2
SIM3
SIM4
1
21
22
SIM5
SIM1
SIM2
SIM3
SIM4
1
21
22
SIM5
SIM1
SIM2
SIM3
SIM4
1
21
22
SIM5
SIM1
SIM2
SIM3
SIM4
1
21
22
SIM5
SIM1
SIM2
SIM3
SIM4
1
21
22
SIM5
SIM1
SIM2
SIM3
SIM4
1
21
22
SIM5
SIM1
SIM2
SIM3
SIM4
1
21
22
SIM5
SIM1
SIM2
SIM3
SIM4
1
21
22
SIM5
SIM1
SIM2
SIM3
SIM4
1
21
22
SIM5
SIM1
SIM2
SIM3
SIM4
1
21
22
SIM5
SIM1
SIM2
SIM3
SIM4
1
21
22
SIM5
SIM1
SIM2
SIM3
SIM4
1
21
22
SIM5
SIM1
SIM2
SIM3
SIM4
1
21
22
SIM5
SIM1
SIM2
SIM3
SIM4
1
21
22
SIM5
SIM1
SIM2
SIM3
SIM4
1
21
22
SIM5
SIM1
SIM2
SIM3
SIM4
1
21
22
SIM5
SIM1
SIM2
SIM3
SIM4
1
21
22
SIM5
SIM1
SIM2
SIM3
SIM4
1
21
22
SIM5
SIM1
SIM2
SIM3
SIM4
1
21
22
SIM5
SIM1
SIM2
SIM3
SIM4
1
21
22
SIM5
SIM1
SIM2
SIM3
SIM4
1
21
22
SIM5
SIM1
SIM2
SIM3
SIM4
1
21
22
SIM5
SIM1
SIM2
SIM3
SIM4
1
21
22
SIM5
SIM1
SIM2
SIM3
SIM4
1
21
22
SIM5
SIM1
SIM2
SIM3
SIM4
1
21
22
SIM5
SIM1
SIM2
SIM3
SIM4
1
21
22
SIM5
SIM1
SIM2
SIM3
SIM4
1
21
22
SIM5
SIM1
SIM2
SIM3
SIM4
1
21
22
SIM5
SIM1
SIM2
SIM3
SIM4
1
21
22
SIM5
SIM1
SIM2
SIM3
SIM4
1
21
22
SIM5
SIM1
SIM2
SIM3
SIM4
1
21
22
SIM5
SIM1
SIM2
SIM3
SIM4
1
21
22
SIM5
SIM1
SIM2
SIM3
SIM4
1
21
22
SIM5
SIM1
SIM2
SIM3
SIM4
1
21
22
SIM5
SIM1
SIM2
SIM3
SIM4
1
21
22
SIM5
SIM1
SIM2
SIM3
SIM4
1
21
22
SIM5
SIM1
SIM2
SIM3
SIM4
1
21
22
SIM5
SIM1
SIM2
SIM3
SIM4
1
21
22
SIM5
SIM1
SIM2
SIM3
SIM4
1
21
22
SIM5
SIM1
SIM2
SIM3
SIM4
1
21
22
SIM5
SIM1
SIM2
SIM3
SIM4
1
21
22
SIM5
SIM1
SIM2
SIM3
SIM4
1
21
22
SIM5
SIM1
SIM2
SIM3
SIM4
1
21
22
SIM5
SIM1
SIM2
SIM3
SIM4
1
21
22
SIM5
SIM1
SIM2
SIM3
SIM4
1
21
22
SIM5
SIM1
SIM2
SIM3
SIM4
1
21
22
SIM5
SIM1
SIM2
SIM3
SIM4
1
21
22
SIM5
SIM1
SIM2
SIM3
SIM4
1
21
22
SIM5
SIM1
SIM2
SIM3
SIM4
1
21
22
SIM5
SIM1
SIM2
SIM3
SIM4
1
21
22
SIM5
SIM1
SIM2
SIM3
SIM4
1
21
22
SIM5
SIM1
SIM2
SIM3
SIM4
1
21
22
SIM5
SIM1
SIM2
SIM3
SIM4
1
21
22
SIM5
SIM1
SIM2
SIM3
SIM4
1
21
22
SIM5
SIM1
SIM2
SIM3
SIM4
1
21
22
SIM5
SIM1
SIM2
SIM3
SIM4
1
21
22
SIM5
SIM1
SIM2
SIM3
SIM4
1
21
22
SIM5
SIM1
SIM2
SIM3
SIM4
1
21
22
SIM5
SIM1
SIM2
SIM3
SIM4
1
21
22
SIM5
SIM1
SIM2
SIM3
SIM4
1
21
22
SIM5
SIM1
SIM2
SIM3
SIM4
1
21
22
SIM5
SIM1
SIM2
SIM3
SIM4
1
21
22
SIM5
SIM1
SIM2
SIM3
SIM4
1
21
22
SIM5
SIM1
SIM2
SIM3
SIM4
1
21
22
SIM5
SIM1
SIM2
SIM3
SIM4
1
21
22
SIM5
SIM1
SIM2
SIM3
SIM4
1
21
22
SIM5
SIM1
SIM2
SIM3
SIM4
1
21
22
SIM5
SIM1
SIM2
SIM3
SIM4
1
21
22
SIM5
SIM1
SIM2
SIM3
SIM4
1
21
22
SIM5
SIM1
SIM2
SIM3
SIM4
1
21
22
SIM5
SIM1
SIM2
SIM3
SIM4
1
21
22
SIM5
SIM1
SIM2
SIM3
SIM4
1
21
22
SIM5
SIM1
SIM2
SIM3
SIM4
1
21
22
SIM5
SIM1
SIM2
SIM3
SIM4
1
21
22
SIM5
SIM1
SIM2
SIM3
SIM4
1
21
22
SIM5
SIM1
SIM2
SIM3
SIM4
1
21
22
SIM5
SIM1
SIM2
SIM3
SIM4
1
21
22
SIM5
SIM1
SIM2
SIM3
SIM4
1
21
22
SIM5
SIM1
SIM2
SIM3
SIM4
1
21
22
SIM5
SIM1
SIM2
SIM3
SIM4
1
21
22
SIM5
SIM1
SIM2
SIM3
SIM4
1
21
22
SIM5
SIM1
SIM2
SIM3
SIM4
1
21
22
SIM5
SIM1
SIM2
SIM3
SIM4
1
21
22
SIM5
SIM1
SIM2
DEBUG 1 164
SIM1
SIM2
SIM3
SIM4
1
21
22
SIM5
SIM1
SIM2
SIM3
SIM4
1
21
22
SIM5
SIM1
SIM2
SIM3
SIM4
1
21
22
SIM5
SIM1
SIM2
SIM3
SIM4
1
21
22
SIM5
SIM1
SIM2
SIM3
SIM4
1
21
22
SIM5
SIM1
SIM2
SIM3
SIM4
1
21
22
SIM5
SIM1
SIM2
SIM3
SIM4
1
21
22
SIM5
SIM1
SIM2
SIM3
SIM4
1
21
22
SIM5
SIM1
SIM2
SIM3
SIM4
1
21
22
SIM5
SIM1
SIM2
SIM3
SIM4
1
21
22
SIM5
SIM1
SIM2
SIM3
SIM4
1
21
22
SIM5
SIM1
SIM2
SIM3
SIM4
1
21
22
SIM5
SIM1
SIM2
SIM3
SIM4
1
21
22
SIM5
SIM1
SIM2
SIM3
SIM4
1
21
22
SIM5
SIM1
SIM2
SIM3
SIM4
1
21
22
SIM5
SIM1
SIM2
SIM3
SIM4
1
21
22
SIM5
SIM1
SIM2
SIM3
SIM4
1
21
22
SIM5
SIM1
SIM2
SIM3
SIM4
1
21
22
SIM5
SIM1
SIM2
SIM3
SIM4
1
21
22
SIM5
SIM1
SIM2
SIM3
SIM4
1
21
22
SIM5
SIM1
SIM2
SIM3
SIM4
1
21
22
SIM5
SIM1
SIM2
SIM3
SIM4
1
21
22
SIM5
SIM1
SIM2
SIM3
SIM4
1
21
22
SIM5
SIM1
SIM2
SIM3
SIM4
1
21
22
SIM5
SIM1
SIM2
SIM3
SIM4
1
21
22
SIM5
SIM1
SIM2
SIM3
SIM4
1
21
22
SIM5
SIM1
SIM2
SIM3
SIM4
1
21
22
SIM5
SIM1
SIM2
SIM3
SIM4
1
21
22
SIM5
SIM1
SIM2
SIM3
SIM4
1
21
22
SIM5
SIM1
SIM2
SIM3
SIM4
1
21
22
SIM5
SIM1
SIM2
SIM3
SIM4
1
21
22
SIM5
SIM1
SIM2
SIM3
SIM4
1
21
22
SIM5
SIM1
SIM2
SIM3
SIM4
1
21
22
SIM5
SIM1
SIM2
SIM3
SIM4
1
21
22
SIM5
SIM1
SIM2
SIM3
SIM4
1
21
22
SIM5
SIM1
SIM2
SIM3
SIM4
1
21
22
SIM5
SIM1
SIM2
SIM3
SIM4
1
21
22
SIM5
SIM1
SIM2
SIM3
SIM4
1
21
22
SIM5
SIM1
SIM2
SIM3
SIM4
1
21
22
SIM5
SIM1
SIM2
SIM3
SIM4
1
21
22
SIM5
SIM1
SIM2
SIM3
SIM4
1
21
22
SIM5
SIM1
SIM2
SIM3
SIM4
1
21
22
SIM5
SIM1
SIM2
SIM3
SIM4
1
21
22
SIM5
SIM1
SIM2
SIM3
SIM4
1
21
22
SIM5
SIM1
SIM2
SIM3
SIM4
1
21
22
SIM5
SIM1
SIM2
SIM3
SIM4
1
21
22
SIM5
SIM1
SIM2
SIM3
SIM4
1
21
22
SIM5
SIM1
SIM2
SIM3
SIM4
1
21
22
SIM5
SIM1
SIM2
SIM3
SIM4
1
21
22
SIM5
SIM1
SIM2
SIM3
SIM4
1
21
22
SIM5
SIM1
SIM2
SIM3
SIM4
1
21
22
SIM5
SIM1
SIM2
SIM3
SIM4
1
21
22
SIM5
SIM1
SIM2
SIM3
SIM4
1
21
22
SIM5
SIM1
SIM2
SIM3
SIM4
1
21
22
SIM5
SIM1
SIM2
SIM3
SIM4
1
21
22
SIM5
SIM1
SIM2
SIM3
SIM4
1
21
22
SIM5
SIM1
SIM2
SIM3
SIM4
1
21
22
SIM5
SIM1
SIM2
SIM3
SIM4
1
21
22
SIM5
SIM1
SIM2
SIM3
SIM4
1
21
22
SIM5
SIM1
SIM2
SIM3
SIM4
1
21
22
SIM5
SIM1
SIM2
SIM3
SIM4
1
21
22
SIM5
SIM1
SIM2
SIM3
SIM4
1
21
22
SIM5
SIM1
SIM2
SIM3
SIM4
1
21
22
SIM5
SIM1
SIM2
SIM3
SIM4
1
21
22
SIM5
SIM1
SIM2
SIM3
SIM4
1
21
22
SIM5
SIM1
SIM2
SIM3
SIM4
1
21
22
SIM5
SIM1
SIM2
SIM3
SIM4
1
21
22
SIM5
SIM1
SIM2
SIM3
SIM4
1
21
22
SIM5
SIM1
SIM2
SIM3
SIM4
1
21
22
SIM5
SIM1
SIM2
SIM3
SIM4
1
21
22
SIM5
SIM1
SIM2
SIM3
SIM4
1
21
22
SIM5
SIM1
SIM2
SIM3
SIM4
1
21
22
SIM5
SIM1
SIM2
SIM3
SIM4
1
21
22
SIM5
SIM1
SIM2
SIM3
SIM4
1
21
22
SIM5
SIM1
SIM2
SIM3
SIM4
1
21
22
SIM5
SIM1
SIM2
SIM3
SIM4
1
21
22
SIM5
SIM1
SIM2
SIM3
SIM4
1
21
22
SIM5
SIM1
SIM2
SIM3
SIM4
1
21
22
SIM5
SIM1
SIM2
SIM3
SIM4
1
21
22
SIM5
SIM1
SIM2
SIM3
SIM4
1
21
22
SIM5
SIM1
SIM2
SIM3
SIM4
1
21
22
SIM5
SIM1
SIM2
SIM3
SIM4
1
21
22
SIM5
SIM1
SIM2
SIM3
SIM4
1
21
22
SIM5
SIM1
SIM2
SIM3
SIM4
1
21
22
SIM5
SIM1
SIM2
SIM3
SIM4
1
21
22
SIM5
SIM1
SIM2
SIM3
SIM4
1
21
22
SIM5
SIM1
SIM2
SIM3
SIM4
1
21
22
SIM5
SIM1
SIM2
SIM3
SIM4
1
21
22
SIM5
SIM1
SIM2
SIM3
SIM4
1
21
22
SIM5
SIM1
SIM2
SIM3
SIM4
1
21
22
SIM5
SIM1
SIM2
SIM3
SIM4
1
21
22
SIM5
SIM1
SIM2
SIM3
SIM4
1
21
22
SIM5
SIM1
SIM2
SIM3
SIM4
1
21
22
SIM5
SIM1
SIM2
SIM3
SIM4
1
21
22
SIM5
SIM1
SIM2
SIM3
SIM4
1
21
22
SIM5
SIM1
SIM2
SIM3
SIM4
1
21
22
SIM5
SIM1
SIM2
SIM3
SIM4
1
21
22
SIM5
SIM1
SIM2
SIM3
SIM4
1
21
22
SIM5
SIM1
SIM2
SIM3
SIM4
1
21
22
SIM5
SIM1
SIM2
SIM3
SIM4
1
21
22
SIM5
SIM1
SIM2
SIM3
SIM4
1
21
22
SIM5
SIM1
SIM2
SIM3
SIM4
1
21
22
SIM5
SIM1
SIM2
SIM3
SIM4
1
21
22
SIM5
SIM1
SIM2
SIM3
SIM4
1
21
22
SIM5
SIM1
SIM2
SIM3
SIM4
1
21
22
SIM5
SIM1
SIM2
SIM3
SIM4
1
21
22
SIM5
SIM1
SIM2
SIM3
SIM4
1
21
22
SIM5
SIM1
SIM2
SIM3
SIM4
1
21
22
SIM5
SIM1
SIM2
SIM3
SIM4
1
21
22
SIM5
SIM1
SIM2
SIM3
SIM4
1
21
22
SIM5
SIM1
SIM2
SIM3
SIM4
1
21
22
SIM5
SIM1
SIM2
SIM3
SIM4
1
21
22
SIM5
SIM1
SIM2
SIM3
SIM4
1
21
22
SIM5
SIM1
SIM2
SIM3
SIM4
1
21
22
SIM5
SIM1
SIM2
SIM3
SIM4
1
21
22
SIM5
SIM1
SIM2
SIM3
SIM4
1
21
22
SIM5
SIM1
SIM2
SIM3
SIM4
1
21
22
SIM5
SIM1
SIM2
SIM3
SIM4
1
21
22
SIM5
SIM1
SIM2
SIM3
SIM4
1
21
22
SIM5
SIM1
SIM2
SIM3
SIM4
1
21
22
SIM5
SIM1
SIM2
SIM3
SIM4
1
21
22
SIM5
SIM1
SIM2
SIM3
SIM4
1
21
22
SIM5
SIM1
SIM2
SIM3
SIM4
1
21
22
SIM5
SIM1
SIM2
SIM3
SIM4
1
21
22
SIM5
SIM1
SIM2
SIM3
SIM4
1
21
22
SIM5
SIM1
SIM2
SIM3
SIM4
1
21
22
SIM5
SIM1
SIM2
SIM3
SIM4
1
21
22
SIM5
SIM1
SIM2
SIM3
SIM4
1
21
22
SIM5
SIM1
SIM2
SIM3
SIM4
1
21
22
SIM5
SIM1
SIM2
SIM3
SIM4
1
21
22
SIM5
SIM1
SIM2
SIM3
SIM4
1
21
22
SIM5
SIM1
SIM2
SIM3
SIM4
1
21
22
SIM5
SIM1
SIM2
SIM3
SIM4
1
21
22
SIM5
SIM1
SIM2
SIM3
SIM4
1
21
22
SIM5
SIM1
SIM2
SIM3
SIM4
1
21
22
SIM5
SIM1
SIM2
SIM3
SIM4
1
21
22
SIM5
SIM1
SIM2
SIM3
SIM4
1
21
22
SIM5
SIM1
SIM2
SIM3
SIM4
1
21
22
SIM5
SIM1
SIM2
SIM3
SIM4
1
21
22
SIM5
SIM1
SIM2
SIM3
SIM4
1
21
22
SIM5
SIM1
SIM2
SIM3
SIM4
1
21
22
SIM5
SIM1
SIM2
SIM3
SIM4
1
21
22
SIM5
SIM1
SIM2
SIM3
SIM4
1
21
22
SIM5
SIM1
SIM2
SIM3
SIM4
1
21
22
SIM5
SIM1
SIM2
SIM3
SIM4
1
21
22
SIM5
SIM1
SIM2
SIM3
SIM4
1
21
22
SIM5
SIM1
SIM2
SIM3
SIM4
1
21
22
SIM5
SIM1
SIM2
SIM3
SIM4
1
21
22
SIM5
SIM1
SIM2
SIM3
SIM4
1
21
22
SIM5
SIM1
SIM2
SIM3
SIM4
1
21
22
SIM5
SIM1
SIM2
SIM3
SIM4
1
21
22
SIM5
SIM1
SIM2
SIM3
SIM4
1
21
22
SIM5
SIM1
SIM2
SIM3
SIM4
1
21
22
SIM5
SIM1
SIM2
SIM3
SIM4
1
21
22
SIM5
SIM1
SIM2
SIM3
SIM4
1
21
22
SIM5
SIM1
SIM2
SIM3
SIM4
1
21
22
SIM5
SIM1
SIM2
SIM3
SIM4
1
21
22
SIM5
SIM1
SIM2
SIM3
SIM4
1
21
22
SIM5
SIM1
SIM2
SIM3
SIM4
1
21
22
SIM5
SIM1
SIM2
SIM3
SIM4
1
21
22
SIM5
SIM1
SIM2
SIM3
SIM4
1
21
22
SIM5
SIM1
SIM2
SIM3
SIM4
1
21
22
SIM5
SIM1
SIM2
SIM3
SIM4
1
21
22
SIM5
SIM1
SIM2
SIM3
SIM4
1
21
22
SIM5
SIM1
SIM2
SIM3
SIM4
1
21
22
SIM5
SIM1
SIM2
SIM3
SIM4
1
21
22
SIM5
SIM1
SIM2
SIM3
SIM4
1
21
22
SIM5
SIM1
SIM2
SIM3
SIM4
1
21
22
SIM5
SIM1
SIM2
SIM3
SIM4
1
21
22
SIM5
SIM1
SIM2
SIM3
SIM4
1
21
22
SIM5
SIM1
SIM2
SIM3
SIM4
1
21
22
SIM5
SIM1
SIM2
SIM3
SIM4
1
21
22
SIM5
SIM1
SIM2
SIM3
SIM4
1
21
22
SIM5
SIM1
SIM2
SIM3
SIM4
1
21
22
SIM5
SIM1
SIM2
SIM3
SIM4
1
21
22
SIM5
SIM1
SIM2
SIM3
SIM4
1
21
22
SIM5
SIM1
SIM2
SIM3
SIM4
1
21
22
SIM5
SIM1
SIM2
SIM3
SIM4
1
21
22
SIM5
SIM1
SIM2
SIM3
SIM4
1
21
22
SIM5
SIM1
SIM2
SIM3
SIM4
1
21
22
SIM5
SIM1
SIM2
SIM3
SIM4
1
21
22
SIM5
SIM1
SIM2
SIM3
SIM4
1
21
22
SIM5
SIM1
SIM2
SIM3
SIM4
1
21
22
SIM5
SIM1
SIM2
SIM3
SIM4
1
21
22
SIM5
SIM1
SIM2
DEBUG 1 165
SIM1
SIM2
SIM3
SIM4
1
21
22
SIM5
SIM1
SIM2
SIM3
SIM4
1
21
22
SIM5
SIM1
SIM2
SIM3
SIM4
1
21
22
SIM5
SIM1
SIM2
SIM3
SIM4
1
21
22
SIM5
SIM1
SIM2
SIM3
SIM4
1
21
22
SIM5
SIM1
SIM2
SIM3
SIM4
1
21
22
SIM5
SIM1
SIM2
SIM3
SIM4
1
21
22
SIM5
SIM1
SIM2
SIM3
SIM4
1
21
22
SIM5
SIM1
SIM2
SIM3
SIM4
1
21
22
SIM5
SIM1
SIM2
SIM3
SIM4
1
21
22
SIM5
SIM1
SIM2
SIM3
SIM4
1
21
22
SIM5
SIM1
SIM2
SIM3
SIM4
1
21
22
SIM5
SIM1
SIM2
SIM3
SIM4
1
21
22
SIM5
SIM1
SIM2
SIM3
SIM4
1
21
22
SIM5
SIM1
SIM2
SIM3
SIM4
1
21
22
SIM5
SIM1
SIM2
SIM3
SIM4
1
21
22
SIM5
SIM1
SIM2
SIM3
SIM4
1
21
22
SIM5
SIM1
SIM2
SIM3
SIM4
1
21
22
SIM5
SIM1
SIM2
SIM3
SIM4
1
21
22
SIM5
SIM1
SIM2
SIM3
SIM4
1
21
22
SIM5
SIM1
SIM2
SIM3
SIM4
1
21
22
SIM5
SIM1
SIM2
SIM3
SIM4
1
21
22
SIM5
SIM1
SIM2
SIM3
SIM4
1
21
22
SIM5
SIM1
SIM2
SIM3
SIM4
1
21
22
SIM5
SIM1
SIM2
SIM3
SIM4
1
21
22
SIM5
SIM1
SIM2
SIM3
SIM4
1
21
22
SIM5
SIM1
SIM2
SIM3
SIM4
1
21
22
SIM5
SIM1
SIM2
SIM3
SIM4
1
21
22
SIM5
SIM1
SIM2
SIM3
SIM4
1
21
22
SIM5
SIM1
SIM2
SIM3
SIM4
1
21
22
SIM5
SIM1
SIM2
SIM3
SIM4
1
21
22
SIM5
SIM1
SIM2
SIM3
SIM4
1
21
22
SIM5
SIM1
SIM2
SIM3
SIM4
1
21
22
SIM5
SIM1
SIM2
SIM3
SIM4
1
21
22
SIM5
SIM1
SIM2
SIM3
SIM4
1
21
22
SIM5
SIM1
SIM2
SIM3
SIM4
1
21
22
SIM5
SIM1
SIM2
SIM3
SIM4
1
21
22
SIM5
SIM1
SIM2
SIM3
SIM4
1
21
22
SIM5
SIM1
SIM2
SIM3
SIM4
1
21
22
SIM5
SIM1
SIM2
SIM3
SIM4
1
21
22
SIM5
SIM1
SIM2
SIM3
SIM4
1
21
22
SIM5
SIM1
SIM2
SIM3
SIM4
1
21
22
SIM5
SIM1
SIM2
SIM3
SIM4
1
21
22
SIM5
SIM1
SIM2
SIM3
SIM4
1
21
22
SIM5
SIM1
SIM2
SIM3
SIM4
1
21
22
SIM5
SIM1
SIM2
SIM3
SIM4
1
21
22
SIM5
SIM1
SIM2
SIM3
SIM4
1
21
22
SIM5
SIM1
SIM2
SIM3
SIM4
1
21
22
SIM5
SIM1
SIM2
SIM3
SIM4
1
21
22
SIM5
SIM1
SIM2
SIM3
SIM4
1
21
22
SIM5
SIM1
SIM2
SIM3
SIM4
1
21
22
SIM5
SIM1
SIM2
SIM3
SIM4
1
21
22
SIM5
SIM1
SIM2
SIM3
SIM4
1
21
22
SIM5
SIM1
SIM2
SIM3
SIM4
1
21
22
SIM5
SIM1
SIM2
SIM3
SIM4
1
21
22
SIM5
SIM1
SIM2
SIM3
SIM4
1
21
22
SIM5
SIM1
SIM2
SIM3
SIM4
1
21
22
SIM5
SIM1
SIM2
SIM3
SIM4
1
21
22
SIM5
SIM1
SIM2
SIM3
SIM4
1
21
22
SIM5
SIM1
SIM2
SIM3
SIM4
1
21
22
SIM5
SIM1
SIM2
SIM3
SIM4
1
21
22
SIM5
SIM1
SIM2
SIM3
SIM4
1
21
22
SIM5
SIM1
SIM2
SIM3
SIM4
1
21
22
SIM5
SIM1
SIM2
SIM3
SIM4
1
21
22
SIM5
SIM1
SIM2
SIM3
SIM4
1
21
22
SIM5
SIM1
SIM2
SIM3
SIM4
1
21
22
SIM5
SIM1
SIM2
SIM3
SIM4
1
21
22
SIM5
SIM1
SIM2
SIM3
SIM4
1
21
22
SIM5
SIM1
SIM2
SIM3
SIM4
1
21
22
SIM5
SIM1
SIM2
SIM3
SIM4
1
21
22
SIM5
SIM1
SIM2
SIM3
SIM4
1
21
22
SIM5
SIM1
SIM2
SIM3
SIM4
1
21
22
SIM5
SIM1
SIM2
SIM3
SIM4
1
21
22
SIM5
SIM1
SIM2
SIM3
SIM4
1
21
22
SIM5
SIM1
SIM2
SIM3
SIM4
1
21
22
SIM5
SIM1
SIM2
SIM3
SIM4
1
21
22
SIM5
SIM1
SIM2
SIM3
SIM4
1
21
22
SIM5
SIM1
SIM2
SIM3
SIM4
1
21
22
SIM5
SIM1
SIM2
SIM3
SIM4
1
21
22
SIM5
SIM1
SIM2
SIM3
SIM4
1
21
22
SIM5
SIM1
SIM2
SIM3
SIM4
1
21
22
SIM5
SIM1
SIM2
SIM3
SIM4
1
21
22
SIM5
SIM1
SIM2
SIM3
SIM4
1
21
22
SIM5
SIM1
SIM2
SIM3
SIM4
1
21
22
SIM5
SIM1
SIM2
SIM3
SIM4
1
21
22
SIM5
SIM1
SIM2
SIM3
SIM4
1
21
22
SIM5
SIM1
SIM2
SIM3
SIM4
1
21
22
SIM5
SIM1
SIM2
SIM3
SIM4
1
21
22
SIM5
SIM1
SIM2
SIM3
SIM4
1
21
22
SIM5
SIM1
SIM2
SIM3
SIM4
1
21
22
SIM5
SIM1
SIM2
SIM3
SIM4
1
21
22
SIM5
SIM1
SIM2
SIM3
SIM4
1
21
22
SIM5
SIM1
SIM2
SIM3
SIM4
1
21
22
SIM5
SIM1
SIM2
SIM3
SIM4
1
21
22
SIM5
SIM1
SIM2
SIM3
SIM4
1
21
22
SIM5
SIM1
SIM2
SIM3
SIM4
1
21
22
SIM5
SIM1
SIM2
SIM3
SIM4
1
21
22
SIM5
SIM1
SIM2
SIM3
SIM4
1
21
22
SIM5
SIM1
SIM2
SIM3
SIM4
1
21
22
SIM5
SIM1
SIM2
SIM3
SIM4
1
21
22
SIM5
SIM1
SIM2
SIM3
SIM4
1
21
22
SIM5
SIM1
SIM2
SIM3
SIM4
1
21
22
SIM5
SIM1
SIM2
SIM3
SIM4
1
21
22
SIM5
SIM1
SIM2
SIM3
SIM4
1
21
22
SIM5
SIM1
SIM2
SIM3
SIM4
1
21
22
SIM5
SIM1
SIM2
SIM3
SIM4
1
21
22
SIM5
SIM1
SIM2
SIM3
SIM4
1
21
22
SIM5
SIM1
SIM2
SIM3
SIM4
1
21
22
SIM5
SIM1
SIM2
SIM3
SIM4
1
21
22
SIM5
SIM1
SIM2
SIM3
SIM4
1
21
22
SIM5
SIM1
SIM2
SIM3
SIM4
1
21
22
SIM5
SIM1
SIM2
SIM3
SIM4
1
21
22
SIM5
SIM1
SIM2
SIM3
SIM4
1
21
22
SIM5
SIM1
SIM2
SIM3
SIM4
1
21
22
SIM5
SIM1
SIM2
SIM3
SIM4
1
21
22
SIM5
SIM1
SIM2
SIM3
SIM4
1
21
22
SIM5
SIM1
SIM2
SIM3
SIM4
1
21
22
SIM5
SIM1
SIM2
SIM3
SIM4
1
21
22
SIM5
SIM1
SIM2
SIM3
SIM4
1
21
22
SIM5
SIM1
SIM2
SIM3
SIM4
1
21
22
SIM5
SIM1
SIM2
SIM3
SIM4
1
21
22
SIM5
SIM1
SIM2
SIM3
SIM4
1
21
22
SIM5
SIM1
SIM2
SIM3
SIM4
1
21
22
SIM5
SIM1
SIM2
SIM3
SIM4
1
21
22
SIM5
SIM1
SIM2
SIM3
SIM4
1
21
22
SIM5
SIM1
SIM2
SIM3
SIM4
1
21
22
SIM5
SIM1
SIM2
SIM3
SIM4
1
21
22
SIM5
SIM1
SIM2
SIM3
SIM4
1
21
22
SIM5
SIM1
SIM2
SIM3
SIM4
1
21
22
SIM5
SIM1
SIM2
SIM3
SIM4
1
21
22
SIM5
SIM1
SIM2
SIM3
SIM4
1
21
22
SIM5
SIM1
SIM2
SIM3
SIM4
1
21
22
SIM5
SIM1
SIM2
SIM3
SIM4
1
21
22
SIM5
SIM1
SIM2
SIM3
SIM4
1
21
22
SIM5
SIM1
SIM2
SIM3
SIM4
1
21
22
SIM5
SIM1
SIM2
SIM3
SIM4
1
21
22
SIM5
SIM1
SIM2
SIM3
SIM4
1
21
22
SIM5
SIM1
SIM2
SIM3
SIM4
1
21
22
SIM5
SIM1
SIM2
SIM3
SIM4
1
21
22
SIM5
SIM1
SIM2
SIM3
SIM4
1
21
22
SIM5
SIM1
SIM2
SIM3
SIM4
1
21
22
SIM5
SIM1
SIM2
SIM3
SIM4
1
21
22
SIM5
SIM1
SIM2
SIM3
SIM4
1
21
22
SIM5
SIM1
SIM2
SIM3
SIM4
1
21
22
SIM5
SIM1
SIM2
SIM3
SIM4
1
21
22
SIM5
SIM1
SIM2
SIM3
SIM4
1
21
22
SIM5
SIM1
SIM2
SIM3
SIM4
1
21
22
SIM5
SIM1
SIM2
SIM3
SIM4
1
21
22
SIM5
SIM1
SIM2
SIM3
SIM4
1
21
22
SIM5
SIM1
SIM2
SIM3
SIM4
1
21
22
SIM5
SIM1
SIM2
SIM3
SIM4
1
21
22
SIM5
SIM1
SIM2
SIM3
SIM4
1
21
22
SIM5
SIM1
SIM2
SIM3
SIM4
1
21
22
SIM5
SIM1
SIM2
SIM3
SIM4
1
21
22
SIM5
SIM1
SIM2
SIM3
SIM4
1
21
22
SIM5
SIM1
SIM2
SIM3
SIM4
1
21
22
SIM5
SIM1
SIM2
SIM3
SIM4
1
21
22
SIM5
SIM1
SIM2
SIM3
SIM4
1
21
22
SIM5
SIM1
SIM2
SIM3
SIM4
1
21
22
SIM5
SIM1
SIM2
SIM3
SIM4
1
21
22
SIM5
SIM1
SIM2
SIM3
SIM4
1
21
22
SIM5
SIM1
SIM2
SIM3
SIM4
1
21
22
SIM5
SIM1
SIM2
SIM3
SIM4
1
21
22
SIM5
SIM1
SIM2
SIM3
SIM4
1
21
22
SIM5
SIM1
SIM2
SIM3
SIM4
1
21
22
SIM5
SIM1
SIM2
SIM3
SIM4
1
21
22
SIM5
SIM1
SIM2
SIM3
SIM4
1
21
22
SIM5
SIM1
SIM2
SIM3
SIM4
1
21
22
SIM5
SIM1
SIM2
SIM3
SIM4
1
21
22
SIM5
SIM1
SIM2
SIM3
SIM4
1
21
22
SIM5
SIM1
SIM2
SIM3
SIM4
1
21
22
SIM5
SIM1
SIM2
SIM3
SIM4
1
21
22
SIM5
SIM1
SIM2
SIM3
SIM4
1
21
22
SIM5
SIM1
SIM2
SIM3
SIM4
1
21
22
SIM5
SIM1
SIM2
SIM3
SIM4
1
21
22
SIM5
SIM1
SIM2
SIM3
SIM4
1
21
22
SIM5
SIM1
SIM2
SIM3
SIM4
1
21
22
SIM5
SIM1
SIM2
DEBUG 1 166
SIM1
SIM2
SIM3
SIM4
1
21
22
SIM5
SIM1
SIM2
SIM3
SIM4
1
21
22
SIM5
SIM1
SIM2
SIM3
SIM4
1
21
22
SIM5
SIM1
SIM2
SIM3
SIM4
1
21
22
SIM5
SIM1
SIM2
SIM3
SIM4
1
21
22
SIM5
SIM1
SIM2
SIM3
SIM4
1
21
22
SIM5
SIM1
SIM2
SIM3
SIM4
1
21
22
SIM5
SIM1
SIM2
SIM3
SIM4
1
21
22
SIM5
SIM1
SIM2
SIM3
SIM4
1
21
22
SIM5
SIM1
SIM2
SIM3
SIM4
1
21
22
SIM5
SIM1
SIM2
SIM3
SIM4
1
21
22
SIM5
SIM1
SIM2
SIM3
SIM4
1
21
22
SIM5
SIM1
SIM2
SIM3
SIM4
1
21
22
SIM5
SIM1
SIM2
SIM3
SIM4
1
21
22
SIM5
SIM1
SIM2
SIM3
SIM4
1
21
22
SIM5
SIM1
SIM2
SIM3
SIM4
1
21
22
SIM5
SIM1
SIM2
SIM3
SIM4
1
21
22
SIM5
SIM1
SIM2
SIM3
SIM4
1
21
22
SIM5
SIM1
SIM2
SIM3
SIM4
1
21
22
SIM5
SIM1
SIM2
SIM3
SIM4
1
21
22
SIM5
SIM1
SIM2
SIM3
SIM4
1
21
22
SIM5
SIM1
SIM2
SIM3
SIM4
1
21
22
SIM5
SIM1
SIM2
SIM3
SIM4
1
21
22
SIM5
SIM1
SIM2
SIM3
SIM4
1
21
22
SIM5
SIM1
SIM2
SIM3
SIM4
1
21
22
SIM5
SIM1
SIM2
SIM3
SIM4
1
21
22
SIM5
SIM1
SIM2
SIM3
SIM4
1
21
22
SIM5
SIM1
SIM2
SIM3
SIM4
1
21
22
SIM5
SIM1
SIM2
SIM3
SIM4
1
21
22
SIM5
SIM1
SIM2
SIM3
SIM4
1
21
22
SIM5
SIM1
SIM2
SIM3
SIM4
1
21
22
SIM5
SIM1
SIM2
SIM3
SIM4
1
21
22
SIM5
SIM1
SIM2
SIM3
SIM4
1
21
22
SIM5
SIM1
SIM2
SIM3
SIM4
1
21
22
SIM5
SIM1
SIM2
SIM3
SIM4
1
21
22
SIM5
SIM1
SIM2
SIM3
SIM4
1
21
22
SIM5
SIM1
SIM2
SIM3
SIM4
1
21
22
SIM5
SIM1
SIM2
SIM3
SIM4
1
21
22
SIM5
SIM1
SIM2
SIM3
SIM4
1
21
22
SIM5
SIM1
SIM2
SIM3
SIM4
1
21
22
SIM5
SIM1
SIM2
SIM3
SIM4
1
21
22
SIM5
SIM1
SIM2
SIM3
SIM4
1
21
22
SIM5
SIM1
SIM2
SIM3
SIM4
1
21
22
SIM5
SIM1
SIM2
SIM3
SIM4
1
21
22
SIM5
SIM1
SIM2
SIM3
SIM4
1
21
22
SIM5
SIM1
SIM2
SIM3
SIM4
1
21
22
SIM5
SIM1
SIM2
SIM3
SIM4
1
21
22
SIM5
SIM1
SIM2
SIM3
SIM4
1
21
22
SIM5
SIM1
SIM2
SIM3
SIM4
1
21
22
SIM5
SIM1
SIM2
SIM3
SIM4
1
21
22
SIM5
SIM1
SIM2
SIM3
SIM4
1
21
22
SIM5
SIM1
SIM2
SIM3
SIM4
1
21
22
SIM5
SIM1
SIM2
SIM3
SIM4
1
21
22
SIM5
SIM1
SIM2
SIM3
SIM4
1
21
22
SIM5
SIM1
SIM2
SIM3
SIM4
1
21
22
SIM5
SIM1
SIM2
SIM3
SIM4
1
21
22
SIM5
SIM1
SIM2
SIM3
SIM4
1
21
22
SIM5
SIM1
SIM2
SIM3
SIM4
1
21
22
SIM5
SIM1
SIM2
SIM3
SIM4
1
21
22
SIM5
SIM1
SIM2
SIM3
SIM4
1
21
22
SIM5
SIM1
SIM2
SIM3
SIM4
1
21
22
SIM5
SIM1
SIM2
SIM3
SIM4
1
21
22
SIM5
SIM1
SIM2
SIM3
SIM4
1
21
22
SIM5
SIM1
SIM2
SIM3
SIM4
1
21
22
SIM5
SIM1
SIM2
SIM3
SIM4
1
21
22
SIM5
SIM1
SIM2
SIM3
SIM4
1
21
22
SIM5
SIM1
SIM2
SIM3
SIM4
1
21
22
SIM5
SIM1
SIM2
SIM3
SIM4
1
21
22
SIM5
SIM1
SIM2
SIM3
SIM4
1
21
22
SIM5
SIM1
SIM2
SIM3
SIM4
1
21
22
SIM5
SIM1
SIM2
SIM3
SIM4
1
21
22
SIM5
SIM1
SIM2
SIM3
SIM4
1
21
22
SIM5
SIM1
SIM2
SIM3
SIM4
1
21
22
SIM5
SIM1
SIM2
SIM3
SIM4
1
21
22
SIM5
SIM1
SIM2
SIM3
SIM4
1
21
22
SIM5
SIM1
SIM2
SIM3
SIM4
1
21
22
SIM5
SIM1
SIM2
SIM3
SIM4
1
21
22
SIM5
SIM1
SIM2
SIM3
SIM4
1
21
22
SIM5
SIM1
SIM2
SIM3
SIM4
1
21
22
SIM5
SIM1
SIM2
SIM3
SIM4
1
21
22
SIM5
SIM1
SIM2
SIM3
SIM4
1
21
22
SIM5
SIM1
SIM2
SIM3
SIM4
1
21
22
SIM5
SIM1
SIM2
SIM3
SIM4
1
21
22
SIM5
SIM1
SIM2
SIM3
SIM4
1
21
22
SIM5
SIM1
SIM2
SIM3
SIM4
1
21
22
SIM5
SIM1
SIM2
SIM3
SIM4
1
21
22
SIM5
SIM1
SIM2
SIM3
SIM4
1
21
22
SIM5
SIM1
SIM2
SIM3
SIM4
1
21
22
SIM5
SIM1
SIM2
SIM3
SIM4
1
21
22
SIM5
SIM1
SIM2
SIM3
SIM4
1
21
22
SIM5
SIM1
SIM2
SIM3
SIM4
1
21
22
SIM5
SIM1
SIM2
SIM3
SIM4
1
21
22
SIM5
SIM1
SIM2
SIM3
SIM4
1
21
22
SIM5
SIM1
SIM2
SIM3
SIM4
1
21
22
SIM5
SIM1
SIM2
SIM3
SIM4
1
21
22
SIM5
SIM1
SIM2
SIM3
SIM4
1
21
22
SIM5
SIM1
SIM2
SIM3
SIM4
1
21
22
SIM5
SIM1
SIM2
SIM3
SIM4
1
21
22
SIM5
SIM1
SIM2
SIM3
SIM4
1
21
22
SIM5
SIM1
SIM2
SIM3
SIM4
1
21
22
SIM5
SIM1
SIM2
SIM3
SIM4
1
21
22
SIM5
SIM1
SIM2
SIM3
SIM4
1
21
22
SIM5
SIM1
SIM2
SIM3
SIM4
1
21
22
SIM5
SIM1
SIM2
SIM3
SIM4
1
21
22
SIM5
SIM1
SIM2
SIM3
SIM4
1
21
22
SIM5
SIM1
SIM2
SIM3
SIM4
1
21
22
SIM5
SIM1
SIM2
SIM3
SIM4
1
21
22
SIM5
SIM1
SIM2
SIM3
SIM4
1
21
22
SIM5
SIM1
SIM2
SIM3
SIM4
1
21
22
SIM5
SIM1
SIM2
SIM3
SIM4
1
21
22
SIM5
SIM1
SIM2
SIM3
SIM4
1
21
22
SIM5
SIM1
SIM2
SIM3
SIM4
1
21
22
SIM5
SIM1
SIM2
SIM3
SIM4
1
21
22
SIM5
SIM1
SIM2
SIM3
SIM4
1
21
22
SIM5
SIM1
SIM2
SIM3
SIM4
1
21
22
SIM5
SIM1
SIM2
SIM3
SIM4
1
21
22
SIM5
SIM1
SIM2
SIM3
SIM4
1
21
22
SIM5
SIM1
SIM2
SIM3
SIM4
1
21
22
SIM5
SIM1
SIM2
SIM3
SIM4
1
21
22
SIM5
SIM1
SIM2
SIM3
SIM4
1
21
22
SIM5
SIM1
SIM2
SIM3
SIM4
1
21
22
SIM5
SIM1
SIM2
SIM3
SIM4
1
21
22
SIM5
SIM1
SIM2
SIM3
SIM4
1
21
22
SIM5
SIM1
SIM2
SIM3
SIM4
1
21
22
SIM5
SIM1
SIM2
SIM3
SIM4
1
21
22
SIM5
SIM1
SIM2
SIM3
SIM4
1
21
22
SIM5
SIM1
SIM2
SIM3
SIM4
1
21
22
SIM5
SIM1
SIM2
SIM3
SIM4
1
21
22
SIM5
SIM1
SIM2
SIM3
SIM4
1
21
22
SIM5
SIM1
SIM2
SIM3
SIM4
1
21
22
SIM5
SIM1
SIM2
SIM3
SIM4
1
21
22
SIM5
SIM1
SIM2
SIM3
SIM4
1
21
22
SIM5
SIM1
SIM2
SIM3
SIM4
1
21
22
SIM5
SIM1
SIM2
SIM3
SIM4
1
21
22
SIM5
SIM1
SIM2
SIM3
SIM4
1
21
22
SIM5
SIM1
SIM2
SIM3
SIM4
1
21
22
SIM5
SIM1
SIM2
SIM3
SIM4
1
21
22
SIM5
SIM1
SIM2
SIM3
SIM4
1
21
22
SIM5
SIM1
SIM2
SIM3
SIM4
1
21
22
SIM5
SIM1
SIM2
SIM3
SIM4
1
21
22
SIM5
SIM1
SIM2
SIM3
SIM4
1
21
22
SIM5
SIM1
SIM2
SIM3
SIM4
1
21
22
SIM5
SIM1
SIM2
SIM3
SIM4
1
21
22
SIM5
SIM1
SIM2
SIM3
SIM4
1
21
22
SIM5
SIM1
SIM2
SIM3
SIM4
1
21
22
SIM5
SIM1
SIM2
SIM3
SIM4
1
21
22
SIM5
SIM1
SIM2
SIM3
SIM4
1
21
22
SIM5
SIM1
SIM2
SIM3
SIM4
1
21
22
SIM5
SIM1
SIM2
SIM3
SIM4
1
21
22
SIM5
SIM1
SIM2
SIM3
SIM4
1
21
22
SIM5
SIM1
SIM2
SIM3
SIM4
1
21
22
SIM5
SIM1
SIM2
SIM3
SIM4
1
21
22
SIM5
SIM1
SIM2
SIM3
SIM4
1
21
22
SIM5
SIM1
SIM2
SIM3
SIM4
1
21
22
SIM5
SIM1
SIM2
SIM3
SIM4
1
21
22
SIM5
SIM1
SIM2
SIM3
SIM4
1
21
22
SIM5
SIM1
SIM2
SIM3
SIM4
1
21
22
SIM5
SIM1
SIM2
SIM3
SIM4
1
21
22
SIM5
SIM1
SIM2
SIM3
SIM4
1
21
22
SIM5
SIM1
SIM2
SIM3
SIM4
1
21
22
SIM5
SIM1
SIM2
SIM3
SIM4
1
21
22
SIM5
SIM1
SIM2
SIM3
SIM4
1
21
22
SIM5
SIM1
SIM2
SIM3
SIM4
1
21
22
SIM5
SIM1
SIM2
SIM3
SIM4
1
21
22
SIM5
SIM1
SIM2
SIM3
SIM4
1
21
22
SIM5
SIM1
SIM2
SIM3
SIM4
1
21
22
SIM5
SIM1
SIM2
SIM3
SIM4
1
21
22
SIM5
SIM1
SIM2
SIM3
SIM4
1
21
22
SIM5
SIM1
SIM2
SIM3
SIM4
1
21
22
SIM5
SIM1
SIM2
SIM3
SIM4
1
21
22
SIM5
SIM1
SIM2
SIM3
SIM4
1
21
22
SIM5
SIM1
SIM2
SIM3
SIM4
1
21
22
SIM5
SIM1
SIM2
SIM3
SIM4
1
21
22
SIM5
SIM1
SIM2
SIM3
SIM4
1
21
22
SIM5
SIM1
SIM2
SIM3
SIM4
1
21
22
SIM5
SIM1
SIM2
SIM3
SIM4
1
21
22
SIM5
SIM1
SIM2
SIM3
SIM4
1
21
22
SIM5
SIM1
SIM2
SIM3
SIM4
1
21
22
SIM5
SIM1
SIM2
SIM3
SIM4
1
21
22
SIM5
SIM1
SIM2
SIM3
SIM4
1
21
22
SIM5
SIM1
SIM2
SIM3
SIM4
1
21
22
SIM5
SIM1
SIM2
SIM3
SIM4
1
21
22
SIM5
SIM1
SIM2
SIM3
SIM4
1
21
22
SIM5
SIM1
SIM2
SIM3
SIM4
1
21
22
SIM5
SIM1
SIM2
SIM3
SIM4
1
21
22
SIM5
SIM1
SIM2
SIM3
SIM4
1
21
22
SIM5
SIM1
SIM2
SIM3
SIM4
1
21
22
SIM5
SIM1
SIM2
SIM3
SIM4
1
21
22
SIM5
SIM1
SIM2
SIM3
SIM4
1
21
22
SIM5
SIM1
SIM2
SIM3
SIM4
1
21
22
SIM5
SIM1
SIM2
SIM3
SIM4
1
21
22
SIM5
SIM1
SIM2
SIM3
SIM4
1
21
22
SIM5
SIM1
SIM2
SIM3
SIM4
1
21
22
SIM5
SIM1
SIM2
SIM3
SIM4
1
21
22
SIM5
SIM1
SIM2
SIM3
SIM4
1
21
22
SIM5
SIM1
SIM2
SIM3
SIM4
1
21
22
SIM5
SIM1
SIM2
SIM3
SIM4
1
21
22
SIM5
SIM1
SIM2
SIM3
SIM4
1
21
22
SIM5
SIM1
SIM2
SIM3
SIM4
1
21
22
SIM5
SIM1
SIM2
SIM3
SIM4
1
21
22
SIM5
SIM1
SIM2
SIM3
SIM4
1
21
22
SIM5
SIM1
SIM2
SIM3
SIM4
1
21
22
SIM5
SIM1
SIM2
SIM3
SIM4
1
21
22
SIM5
SIM1
SIM2
SIM3
SIM4
1
21
22
SIM5
SIM1
SIM2
SIM3
SIM4
1
21
22
SIM5
SIM1
SIM2
SIM3
SIM4
1
21
22
SIM5
SIM1
SIM2
SIM3
SIM4
1
21
22
SIM5
SIM1
SIM2
SIM3
SIM4
1
21
22
SIM5
SIM1
SIM2
SIM3
SIM4
1
21
22
SIM5
SIM1
SIM2
SIM3
SIM4
1
21
22
SIM5
SIM1
SIM2
DEBUG 1 167
SIM1
SIM2
SIM3
SIM4
1
21
22
SIM5
SIM1
SIM2
SIM3
SIM4
1
21
22
SIM5
SIM1
SIM2
SIM3
SIM4
1
21
22
SIM5
SIM1
SIM2
SIM3
SIM4
1
21
22
SIM5
SIM1
SIM2
SIM3
SIM4
1
21
22
SIM5
SIM1
SIM2
SIM3
SIM4
1
21
22
SIM5
SIM1
SIM2
SIM3
SIM4
1
21
22
SIM5
SIM1
SIM2
SIM3
SIM4
1
21
22
SIM5
SIM1
SIM2
SIM3
SIM4
1
21
22
SIM5
SIM1
SIM2
SIM3
SIM4
1
21
22
SIM5
SIM1
SIM2
SIM3
SIM4
1
21
22
SIM5
SIM1
SIM2
SIM3
SIM4
1
21
22
SIM5
SIM1
SIM2
SIM3
SIM4
1
21
22
SIM5
SIM1
SIM2
SIM3
SIM4
1
21
22
SIM5
SIM1
SIM2
SIM3
SIM4
1
21
22
SIM5
SIM1
SIM2
SIM3
SIM4
1
21
22
SIM5
SIM1
SIM2
SIM3
SIM4
1
21
22
SIM5
SIM1
SIM2
SIM3
SIM4
1
21
22
SIM5
SIM1
SIM2
SIM3
SIM4
1
21
22
SIM5
SIM1
SIM2
SIM3
SIM4
1
21
22
SIM5
SIM1
SIM2
SIM3
SIM4
1
21
22
SIM5
SIM1
SIM2
SIM3
SIM4
1
21
22
SIM5
SIM1
SIM2
SIM3
SIM4
1
21
22
SIM5
SIM1
SIM2
SIM3
SIM4
1
21
22
SIM5
SIM1
SIM2
SIM3
SIM4
1
21
22
SIM5
SIM1
SIM2
SIM3
SIM4
1
21
22
SIM5
SIM1
SIM2
SIM3
SIM4
1
21
22
SIM5
SIM1
SIM2
SIM3
SIM4
1
21
22
SIM5
SIM1
SIM2
SIM3
SIM4
1
21
22
SIM5
SIM1
SIM2
SIM3
SIM4
1
21
22
SIM5
SIM1
SIM2
SIM3
SIM4
1
21
22
SIM5
SIM1
SIM2
SIM3
SIM4
1
21
22
SIM5
SIM1
SIM2
SIM3
SIM4
1
21
22
SIM5
SIM1
SIM2
SIM3
SIM4
1
21
22
SIM5
SIM1
SIM2
SIM3
SIM4
1
21
22
SIM5
SIM1
SIM2
SIM3
SIM4
1
21
22
SIM5
SIM1
SIM2
SIM3
SIM4
1
21
22
SIM5
SIM1
SIM2
SIM3
SIM4
1
21
22
SIM5
SIM1
SIM2
SIM3
SIM4
1
21
22
SIM5
SIM1
SIM2
SIM3
SIM4
1
21
22
SIM5
SIM1
SIM2
SIM3
SIM4
1
21
22
SIM5
SIM1
SIM2
SIM3
SIM4
1
21
22
SIM5
SIM1
SIM2
SIM3
SIM4
1
21
22
SIM5
SIM1
SIM2
SIM3
SIM4
1
21
22
SIM5
SIM1
SIM2
SIM3
SIM4
1
21
22
SIM5
SIM1
SIM2
SIM3
SIM4
1
21
22
SIM5
SIM1
SIM2
SIM3
SIM4
1
21
22
SIM5
SIM1
SIM2
SIM3
SIM4
1
21
22
SIM5
SIM1
SIM2
SIM3
SIM4
1
21
22
SIM5
SIM1
SIM2
SIM3
SIM4
1
21
22
SIM5
SIM1
SIM2
SIM3
SIM4
1
21
22
SIM5
SIM1
SIM2
SIM3
SIM4
1
21
22
SIM5
SIM1
SIM2
SIM3
SIM4
1
21
22
SIM5
SIM1
SIM2
SIM3
SIM4
1
21
22
SIM5
SIM1
SIM2
SIM3
SIM4
1
21
22
SIM5
SIM1
SIM2
SIM3
SIM4
1
21
22
SIM5
SIM1
SIM2
SIM3
SIM4
1
21
22
SIM5
SIM1
SIM2
SIM3
SIM4
1
21
22
SIM5
SIM1
SIM2
SIM3
SIM4
1
21
22
SIM5
SIM1
SIM2
SIM3
SIM4
1
21
22
SIM5
SIM1
SIM2
SIM3
SIM4
1
21
22
SIM5
SIM1
SIM2
SIM3
SIM4
1
21
22
SIM5
SIM1
SIM2
SIM3
SIM4
1
21
22
SIM5
SIM1
SIM2
SIM3
SIM4
1
21
22
SIM5
SIM1
SIM2
SIM3
SIM4
1
21
22
SIM5
SIM1
SIM2
SIM3
SIM4
1
21
22
SIM5
SIM1
SIM2
SIM3
SIM4
1
21
22
SIM5
SIM1
SIM2
SIM3
SIM4
1
21
22
SIM5
SIM1
SIM2
SIM3
SIM4
1
21
22
SIM5
SIM1
SIM2
SIM3
SIM4
1
21
22
SIM5
SIM1
SIM2
SIM3
SIM4
1
21
22
SIM5
SIM1
SIM2
SIM3
SIM4
1
21
22
SIM5
SIM1
SIM2
SIM3
SIM4
1
21
22
SIM5
SIM1
SIM2
SIM3
SIM4
1
21
22
SIM5
SIM1
SIM2
SIM3
SIM4
1
21
22
SIM5
SIM1
SIM2
SIM3
SIM4
1
21
22
SIM5
SIM1
SIM2
SIM3
SIM4
1
21
22
SIM5
SIM1
SIM2
SIM3
SIM4
1
21
22
SIM5
SIM1
SIM2
SIM3
SIM4
1
21
22
SIM5
SIM1
SIM2
SIM3
SIM4
1
21
22
SIM5
SIM1
SIM2
SIM3
SIM4
1
21
22
SIM5
SIM1
SIM2
SIM3
SIM4
1
21
22
SIM5
SIM1
SIM2
SIM3
SIM4
1
21
22
SIM5
SIM1
SIM2
SIM3
SIM4
1
21
22
SIM5
SIM1
SIM2
SIM3
SIM4
1
21
22
SIM5
SIM1
SIM2
SIM3
SIM4
1
21
22
SIM5
SIM1
SIM2
SIM3
SIM4
1
21
22
SIM5
SIM1
SIM2
SIM3
SIM4
1
21
22
SIM5
SIM1
SIM2
SIM3
SIM4
1
21
22
SIM5
SIM1
SIM2
SIM3
SIM4
1
21
22
SIM5
SIM1
SIM2
SIM3
SIM4
1
21
22
SIM5
SIM1
SIM2
SIM3
SIM4
1
21
22
SIM5
SIM1
SIM2
SIM3
SIM4
1
21
22
SIM5
SIM1
SIM2
SIM3
SIM4
1
21
22
SIM5
SIM1
SIM2
SIM3
SIM4
1
21
22
SIM5
SIM1
SIM2
SIM3
SIM4
1
21
22
SIM5
SIM1
SIM2
SIM3
SIM4
1
21
22
SIM5
SIM1
SIM2
SIM3
SIM4
1
21
22
SIM5
SIM1
SIM2
SIM3
SIM4
1
21
22
SIM5
SIM1
SIM2
SIM3
SIM4
1
21
22
SIM5
SIM1
SIM2
SIM3
SIM4
1
21
22
SIM5
SIM1
SIM2
SIM3
SIM4
1
21
22
SIM5
SIM1
SIM2
SIM3
SIM4
1
21
22
SIM5
SIM1
SIM2
SIM3
SIM4
1
21
22
SIM5
SIM1
SIM2
SIM3
SIM4
1
21
22
SIM5
SIM1
SIM2
SIM3
SIM4
1
21
22
SIM5
SIM1
SIM2
SIM3
SIM4
1
21
22
SIM5
SIM1
SIM2
SIM3
SIM4
1
21
22
SIM5
SIM1
SIM2
SIM3
SIM4
1
21
22
SIM5
SIM1
SIM2
SIM3
SIM4
1
21
22
SIM5
SIM1
SIM2
SIM3
SIM4
1
21
22
SIM5
SIM1
SIM2
SIM3
SIM4
1
21
22
SIM5
SIM1
SIM2
SIM3
SIM4
1
21
22
SIM5
SIM1
SIM2
SIM3
SIM4
1
21
22
SIM5
SIM1
SIM2
SIM3
SIM4
1
21
22
SIM5
SIM1
SIM2
SIM3
SIM4
1
21
22
SIM5
SIM1
SIM2
SIM3
SIM4
1
21
22
SIM5
SIM1
SIM2
SIM3
SIM4
1
21
22
SIM5
SIM1
SIM2
SIM3
SIM4
1
21
22
SIM5
SIM1
SIM2
SIM3
SIM4
1
21
22
SIM5
SIM1
SIM2
SIM3
SIM4
1
21
22
SIM5
SIM1
SIM2
SIM3
SIM4
1
21
22
SIM5
SIM1
SIM2
SIM3
SIM4
1
21
22
SIM5
SIM1
SIM2
SIM3
SIM4
1
21
22
SIM5
SIM1
SIM2
SIM3
SIM4
1
21
22
SIM5
SIM1
SIM2
DEBUG 1 168
SIM1
SIM2
SIM3
SIM4
1
21
22
SIM5
SIM1
SIM2
SIM3
SIM4
1
21
22
SIM5
SIM1
SIM2
SIM3
SIM4
1
21
22
SIM5
SIM1
SIM2
SIM3
SIM4
1
21
22
SIM5
SIM1
SIM2
SIM3
SIM4
1
21
22
SIM5
SIM1
SIM2
SIM3
SIM4
1
21
22
SIM5
SIM1
SIM2
SIM3
SIM4
1
21
22
SIM5
SIM1
SIM2
SIM3
SIM4
1
21
22
SIM5
SIM1
SIM2
SIM3
SIM4
1
21
22
SIM5
SIM1
SIM2
SIM3
SIM4
1
21
22
SIM5
SIM1
SIM2
SIM3
SIM4
1
21
22
SIM5
SIM1
SIM2
SIM3
SIM4
1
21
22
SIM5
SIM1
SIM2
SIM3
SIM4
1
21
22
SIM5
SIM1
SIM2
SIM3
SIM4
1
21
22
SIM5
SIM1
SIM2
SIM3
SIM4
1
21
22
SIM5
SIM1
SIM2
SIM3
SIM4
1
21
22
SIM5
SIM1
SIM2
SIM3
SIM4
1
21
22
SIM5
SIM1
SIM2
SIM3
SIM4
1
21
22
SIM5
SIM1
SIM2
SIM3
SIM4
1
21
22
SIM5
SIM1
SIM2
SIM3
SIM4
1
21
22
SIM5
SIM1
SIM2
SIM3
SIM4
1
21
22
SIM5
SIM1
SIM2
SIM3
SIM4
1
21
22
SIM5
SIM1
SIM2
SIM3
SIM4
1
21
22
SIM5
SIM1
SIM2
SIM3
SIM4
1
21
22
SIM5
SIM1
SIM2
SIM3
SIM4
1
21
22
SIM5
SIM1
SIM2
SIM3
SIM4
1
21
22
SIM5
SIM1
SIM2
SIM3
SIM4
1
21
22
SIM5
SIM1
SIM2
SIM3
SIM4
1
21
22
SIM5
SIM1
SIM2
SIM3
SIM4
1
21
22
SIM5
SIM1
SIM2
SIM3
SIM4
1
21
22
SIM5
SIM1
SIM2
SIM3
SIM4
1
21
22
SIM5
SIM1
SIM2
SIM3
SIM4
1
21
22
SIM5
SIM1
SIM2
SIM3
SIM4
1
21
22
SIM5
SIM1
SIM2
SIM3
SIM4
1
21
22
SIM5
SIM1
SIM2
SIM3
SIM4
1
21
22
SIM5
SIM1
SIM2
SIM3
SIM4
1
21
22
SIM5
SIM1
SIM2
SIM3
SIM4
1
21
22
SIM5
SIM1
SIM2
SIM3
SIM4
1
21
22
SIM5
SIM1
SIM2
SIM3
SIM4
1
21
22
SIM5
SIM1
SIM2
SIM3
SIM4
1
21
22
SIM5
SIM1
SIM2
SIM3
SIM4
1
21
22
SIM5
SIM1
SIM2
SIM3
SIM4
1
21
22
SIM5
SIM1
SIM2
SIM3
SIM4
1
21
22
SIM5
SIM1
SIM2
SIM3
SIM4
1
21
22
SIM5
SIM1
SIM2
SIM3
SIM4
1
21
22
SIM5
SIM1
SIM2
SIM3
SIM4
1
21
22
SIM5
SIM1
SIM2
SIM3
SIM4
1
21
22
SIM5
SIM1
SIM2
SIM3
SIM4
1
21
22
SIM5
SIM1
SIM2
SIM3
SIM4
1
21
22
SIM5
SIM1
SIM2
SIM3
SIM4
1
21
22
SIM5
SIM1
SIM2
SIM3
SIM4
1
21
22
SIM5
SIM1
SIM2
SIM3
SIM4
1
21
22
SIM5
SIM1
SIM2
SIM3
SIM4
1
21
22
SIM5
SIM1
SIM2
SIM3
SIM4
1
21
22
SIM5
SIM1
SIM2
SIM3
SIM4
1
21
22
SIM5
SIM1
SIM2
SIM3
SIM4
1
21
22
SIM5
SIM1
SIM2
SIM3
SIM4
1
21
22
SIM5
SIM1
SIM2
SIM3
SIM4
1
21
22
SIM5
SIM1
SIM2
SIM3
SIM4
1
21
22
SIM5
SIM1
SIM2
SIM3
SIM4
1
21
22
SIM5
SIM1
SIM2
SIM3
SIM4
1
21
22
SIM5
SIM1
SIM2
SIM3
SIM4
1
21
22
SIM5
SIM1
SIM2
SIM3
SIM4
1
21
22
SIM5
SIM1
SIM2
SIM3
SIM4
1
21
22
SIM5
SIM1
SIM2
SIM3
SIM4
1
21
22
SIM5
SIM1
SIM2
SIM3
SIM4
1
21
22
SIM5
SIM1
SIM2
SIM3
SIM4
1
21
22
SIM5
SIM1
SIM2
SIM3
SIM4
1
21
22
SIM5
SIM1
SIM2
SIM3
SIM4
1
21
22
SIM5
SIM1
SIM2
SIM3
SIM4
1
21
22
SIM5
SIM1
SIM2
SIM3
SIM4
1
21
22
SIM5
SIM1
SIM2
SIM3
SIM4
1
21
22
SIM5
SIM1
SIM2
SIM3
SIM4
1
21
22
SIM5
SIM1
SIM2
SIM3
SIM4
1
21
22
SIM5
SIM1
SIM2
SIM3
SIM4
1
21
22
SIM5
SIM1
SIM2
SIM3
SIM4
1
21
22
SIM5
SIM1
SIM2
SIM3
SIM4
1
21
22
SIM5
SIM1
SIM2
SIM3
SIM4
1
21
22
SIM5
SIM1
SIM2
SIM3
SIM4
1
21
22
SIM5
SIM1
SIM2
SIM3
SIM4
1
21
22
SIM5
SIM1
SIM2
SIM3
SIM4
1
21
22
SIM5
SIM1
SIM2
SIM3
SIM4
1
21
22
SIM5
SIM1
SIM2
SIM3
SIM4
1
21
22
SIM5
SIM1
SIM2
SIM3
SIM4
1
21
22
SIM5
SIM1
SIM2
SIM3
SIM4
1
21
22
SIM5
SIM1
SIM2
SIM3
SIM4
1
21
22
SIM5
SIM1
SIM2
SIM3
SIM4
1
21
22
SIM5
SIM1
SIM2
SIM3
SIM4
1
21
22
SIM5
SIM1
SIM2
SIM3
SIM4
1
21
22
SIM5
SIM1
SIM2
SIM3
SIM4
1
21
22
SIM5
SIM1
SIM2
SIM3
SIM4
1
21
22
SIM5
SIM1
SIM2
SIM3
SIM4
1
21
22
SIM5
SIM1
SIM2
SIM3
SIM4
1
21
22
SIM5
SIM1
SIM2
SIM3
SIM4
1
21
22
SIM5
SIM1
SIM2
SIM3
SIM4
1
21
22
SIM5
SIM1
SIM2
SIM3
SIM4
1
21
22
SIM5
SIM1
SIM2
SIM3
SIM4
1
21
22
SIM5
SIM1
SIM2
SIM3
SIM4
1
21
22
SIM5
SIM1
SIM2
SIM3
SIM4
1
21
22
SIM5
SIM1
SIM2
SIM3
SIM4
1
21
22
SIM5
SIM1
SIM2
SIM3
SIM4
1
21
22
SIM5
SIM1
SIM2
SIM3
SIM4
1
21
22
SIM5
SIM1
SIM2
SIM3
SIM4
1
21
22
SIM5
SIM1
SIM2
SIM3
SIM4
1
21
22
SIM5
SIM1
SIM2
SIM3
SIM4
1
21
22
SIM5
SIM1
SIM2
SIM3
SIM4
1
21
22
SIM5
SIM1
SIM2
SIM3
SIM4
1
21
22
SIM5
SIM1
SIM2
SIM3
SIM4
1
21
22
SIM5
SIM1
SIM2
SIM3
SIM4
1
21
22
SIM5
SIM1
SIM2
SIM3
SIM4
1
21
22
SIM5
SIM1
SIM2
SIM3
SIM4
1
21
22
SIM5
SIM1
SIM2
SIM3
SIM4
1
21
22
SIM5
SIM1
SIM2
SIM3
SIM4
1
21
22
SIM5
SIM1
SIM2
SIM3
SIM4
1
21
22
SIM5
SIM1
SIM2
SIM3
SIM4
1
21
22
SIM5
SIM1
SIM2
SIM3
SIM4
1
21
22
SIM5
SIM1
SIM2
SIM3
SIM4
1
21
22
SIM5
SIM1
SIM2
SIM3
SIM4
1
21
22
SIM5
SIM1
SIM2
SIM3
SIM4
1
21
22
SIM5
SIM1
SIM2
SIM3
SIM4
1
21
22
SIM5
SIM1
SIM2
SIM3
SIM4
1
21
22
SIM5
SIM1
SIM2
SIM3
SIM4
1
21
22
SIM5
SIM1
SIM2
SIM3
SIM4
1
21
22
SIM5
SIM1
SIM2
SIM3
SIM4
1
21
22
SIM5
SIM1
SIM2
SIM3
SIM4
1
21
22
SIM5
SIM1
SIM2
SIM3
SIM4
1
21
22
SIM5
SIM1
SIM2
SIM3
SIM4
1
21
22
SIM5
SIM1
SIM2
SIM3
SIM4
1
21
22
SIM5
SIM1
SIM2
SIM3
SIM4
1
21
22
SIM5
SIM1
SIM2
SIM3
SIM4
1
21
22
SIM5
SIM1
SIM2
SIM3
SIM4
1
21
22
SIM5
SIM1
SIM2
SIM3
SIM4
1
21
22
SIM5
SIM1
SIM2
SIM3
SIM4
1
21
22
SIM5
SIM1
SIM2
SIM3
SIM4
1
21
22
SIM5
SIM1
SIM2
SIM3
SIM4
1
21
22
SIM5
SIM1
SIM2
SIM3
SIM4
1
21
22
SIM5
SIM1
SIM2
SIM3
SIM4
1
21
22
SIM5
SIM1
SIM2
SIM3
SIM4
1
21
22
SIM5
SIM1
SIM2
SIM3
SIM4
1
21
22
SIM5
SIM1
SIM2
SIM3
SIM4
1
21
22
SIM5
SIM1
SIM2
SIM3
SIM4
1
21
22
SIM5
SIM1
SIM2
SIM3
SIM4
1
21
22
SIM5
SIM1
SIM2
SIM3
SIM4
1
21
22
SIM5
SIM1
SIM2
SIM3
SIM4
1
21
22
SIM5
SIM1
SIM2
SIM3
SIM4
1
21
22
SIM5
SIM1
SIM2
SIM3
SIM4
1
21
22
SIM5
SIM1
SIM2
SIM3
SIM4
1
21
22
SIM5
SIM1
SIM2
SIM3
SIM4
1
21
22
SIM5
SIM1
SIM2
SIM3
SIM4
1
21
22
SIM5
SIM1
SIM2
SIM3
SIM4
1
21
22
SIM5
SIM1
SIM2
SIM3
SIM4
1
21
22
SIM5
SIM1
SIM2
SIM3
SIM4
1
21
22
SIM5
SIM1
SIM2
SIM3
SIM4
1
21
22
SIM5
SIM1
SIM2
SIM3
SIM4
1
21
22
SIM5
SIM1
SIM2
SIM3
SIM4
1
21
22
SIM5
SIM1
SIM2
SIM3
SIM4
1
21
22
SIM5
SIM1
SIM2
SIM3
SIM4
1
21
22
SIM5
SIM1
SIM2
SIM3
SIM4
1
21
22
SIM5
SIM1
SIM2
SIM3
SIM4
1
21
22
SIM5
SIM1
SIM2
SIM3
SIM4
1
21
22
SIM5
SIM1
SIM2
SIM3
SIM4
1
21
22
SIM5
SIM1
SIM2
SIM3
SIM4
1
21
22
SIM5
SIM1
SIM2
SIM3
SIM4
1
21
22
SIM5
SIM1
SIM2
SIM3
SIM4
1
21
22
SIM5
SIM1
SIM2
SIM3
SIM4
1
21
22
SIM5
SIM1
SIM2
SIM3
SIM4
1
21
22
SIM5
SIM1
SIM2
SIM3
SIM4
1
21
22
SIM5
SIM1
SIM2
SIM3
SIM4
1
21
22
SIM5
SIM1
SIM2
SIM3
SIM4
1
21
22
SIM5
SIM1
SIM2
SIM3
SIM4
1
21
22
SIM5
SIM1
SIM2
SIM3
SIM4
1
21
22
SIM5
SIM1
SIM2
SIM3
SIM4
1
21
22
SIM5
SIM1
SIM2
SIM3
SIM4
1
21
22
SIM5
SIM1
SIM2
SIM3
SIM4
1
21
22
SIM5
SIM1
SIM2
SIM3
SIM4
1
21
22
SIM5
SIM1
SIM2
SIM3
SIM4
1
21
22
SIM5
SIM1
SIM2
SIM3
SIM4
1
21
22
SIM5
SIM1
SIM2
SIM3
SIM4
1
21
22
SIM5
SIM1
SIM2
SIM3
SIM4
1
21
22
SIM5
SIM1
SIM2
SIM3
SIM4
1
21
22
SIM5
SIM1
SIM2
SIM3
SIM4
1
21
22
SIM5
SIM1
SIM2
SIM3
SIM4
1
21
22
SIM5
SIM1
SIM2
SIM3
SIM4
1
21
22
SIM5
SIM1
SIM2
SIM3
SIM4
1
21
22
SIM5
SIM1
SIM2
SIM3
SIM4
1
21
22
SIM5
SIM1
SIM2
SIM3
SIM4
1
21
22
SIM5
SIM1
SIM2
SIM3
SIM4
1
21
22
SIM5
SIM1
SIM2
SIM3
SIM4
1
21
22
SIM5
SIM1
SIM2
SIM3
SIM4
1
21
22
SIM5
SIM1
SIM2
DEBUG 1 169
SIM1
SIM2
SIM3
SIM4
1
21
22
SIM5
SIM1
SIM2
SIM3
SIM4
1
21
22
SIM5
SIM1
SIM2
SIM3
SIM4
1
21
22
SIM5
SIM1
SIM2
SIM3
SIM4
1
21
22
SIM5
SIM1
SIM2
SIM3
SIM4
1
21
22
SIM5
SIM1
SIM2
SIM3
SIM4
1
21
22
SIM5
SIM1
SIM2
SIM3
SIM4
1
21
22
SIM5
SIM1
SIM2
SIM3
SIM4
1
21
22
SIM5
SIM1
SIM2
SIM3
SIM4
1
21
22
SIM5
SIM1
SIM2
SIM3
SIM4
1
21
22
SIM5
SIM1
SIM2
SIM3
SIM4
1
21
22
SIM5
SIM1
SIM2
SIM3
SIM4
1
21
22
SIM5
SIM1
SIM2
SIM3
SIM4
1
21
22
SIM5
SIM1
SIM2
SIM3
SIM4
1
21
22
SIM5
SIM1
SIM2
SIM3
SIM4
1
21
22
SIM5
SIM1
SIM2
SIM3
SIM4
1
21
22
SIM5
SIM1
SIM2
SIM3
SIM4
1
21
22
SIM5
SIM1
SIM2
SIM3
SIM4
1
21
22
SIM5
SIM1
SIM2
SIM3
SIM4
1
21
22
SIM5
SIM1
SIM2
SIM3
SIM4
1
21
22
SIM5
SIM1
SIM2
SIM3
SIM4
1
21
22
SIM5
SIM1
SIM2
SIM3
SIM4
1
21
22
SIM5
SIM1
SIM2
SIM3
SIM4
1
21
22
SIM5
SIM1
SIM2
SIM3
SIM4
1
21
22
SIM5
SIM1
SIM2
SIM3
SIM4
1
21
22
SIM5
SIM1
SIM2
SIM3
SIM4
1
21
22
SIM5
SIM1
SIM2
SIM3
SIM4
1
21
22
SIM5
SIM1
SIM2
SIM3
SIM4
1
21
22
SIM5
SIM1
SIM2
SIM3
SIM4
1
21
22
SIM5
SIM1
SIM2
SIM3
SIM4
1
21
22
SIM5
SIM1
SIM2
SIM3
SIM4
1
21
22
SIM5
SIM1
SIM2
SIM3
SIM4
1
21
22
SIM5
SIM1
SIM2
SIM3
SIM4
1
21
22
SIM5
SIM1
SIM2
SIM3
SIM4
1
21
22
SIM5
SIM1
SIM2
SIM3
SIM4
1
21
22
SIM5
SIM1
SIM2
SIM3
SIM4
1
21
22
SIM5
SIM1
SIM2
SIM3
SIM4
1
21
22
SIM5
SIM1
SIM2
SIM3
SIM4
1
21
22
SIM5
SIM1
SIM2
SIM3
SIM4
1
21
22
SIM5
SIM1
SIM2
SIM3
SIM4
1
21
22
SIM5
SIM1
SIM2
SIM3
SIM4
1
21
22
SIM5
SIM1
SIM2
SIM3
SIM4
1
21
22
SIM5
SIM1
SIM2
SIM3
SIM4
1
21
22
SIM5
SIM1
SIM2
SIM3
SIM4
1
21
22
SIM5
SIM1
SIM2
SIM3
SIM4
1
21
22
SIM5
SIM1
SIM2
SIM3
SIM4
1
21
22
SIM5
SIM1
SIM2
SIM3
SIM4
1
21
22
SIM5
SIM1
SIM2
SIM3
SIM4
1
21
22
SIM5
SIM1
SIM2
SIM3
SIM4
1
21
22
SIM5
SIM1
SIM2
SIM3
SIM4
1
21
22
SIM5
SIM1
SIM2
SIM3
SIM4
1
21
22
SIM5
SIM1
SIM2
SIM3
SIM4
1
21
22
SIM5
SIM1
SIM2
SIM3
SIM4
1
21
22
SIM5
SIM1
SIM2
SIM3
SIM4
1
21
22
SIM5
SIM1
SIM2
SIM3
SIM4
1
21
22
SIM5
SIM1
SIM2
SIM3
SIM4
1
21
22
SIM5
SIM1
SIM2
SIM3
SIM4
1
21
22
SIM5
SIM1
SIM2
SIM3
SIM4
1
21
22
SIM5
SIM1
SIM2
SIM3
SIM4
1
21
22
SIM5
SIM1
SIM2
SIM3
SIM4
1
21
22
SIM5
SIM1
SIM2
SIM3
SIM4
1
21
22
SIM5
SIM1
SIM2
SIM3
SIM4
1
21
22
SIM5
SIM1
SIM2
SIM3
SIM4
1
21
22
SIM5
SIM1
SIM2
SIM3
SIM4
1
21
22
SIM5
SIM1
SIM2
SIM3
SIM4
1
21
22
SIM5
SIM1
SIM2
SIM3
SIM4
1
21
22
SIM5
SIM1
SIM2
SIM3
SIM4
1
21
22
SIM5
SIM1
SIM2
SIM3
SIM4
1
21
22
SIM5
SIM1
SIM2
SIM3
SIM4
1
21
22
SIM5
SIM1
SIM2
SIM3
SIM4
1
21
22
SIM5
SIM1
SIM2
SIM3
SIM4
1
21
22
SIM5
SIM1
SIM2
SIM3
SIM4
1
21
22
SIM5
SIM1
SIM2
SIM3
SIM4
1
21
22
SIM5
SIM1
SIM2
SIM3
SIM4
1
21
22
SIM5
SIM1
SIM2
SIM3
SIM4
1
21
22
SIM5
SIM1
SIM2
SIM3
SIM4
1
21
22
SIM5
SIM1
SIM2
SIM3
SIM4
1
21
22
SIM5
SIM1
SIM2
SIM3
SIM4
1
21
22
SIM5
SIM1
SIM2
SIM3
SIM4
1
21
22
SIM5
SIM1
SIM2
SIM3
SIM4
1
21
22
SIM5
SIM1
SIM2
SIM3
SIM4
1
21
22
SIM5
SIM1
SIM2
SIM3
SIM4
1
21
22
SIM5
SIM1
SIM2
SIM3
SIM4
1
21
22
SIM5
SIM1
SIM2
SIM3
SIM4
1
21
22
SIM5
SIM1
SIM2
SIM3
SIM4
1
21
22
SIM5
SIM1
SIM2
SIM3
SIM4
1
21
22
SIM5
SIM1
SIM2
SIM3
SIM4
1
21
22
SIM5
SIM1
SIM2
SIM3
SIM4
1
21
22
SIM5
SIM1
SIM2
SIM3
SIM4
1
21
22
SIM5
SIM1
SIM2
SIM3
SIM4
1
21
22
SIM5
SIM1
SIM2
SIM3
SIM4
1
21
22
SIM5
SIM1
SIM2
SIM3
SIM4
1
21
22
SIM5
SIM1
SIM2
SIM3
SIM4
1
21
22
SIM5
SIM1
SIM2
SIM3
SIM4
1
21
22
SIM5
SIM1
SIM2
SIM3
SIM4
1
21
22
SIM5
SIM1
SIM2
SIM3
SIM4
1
21
22
SIM5
SIM1
SIM2
SIM3
SIM4
1
21
22
SIM5
SIM1
SIM2
SIM3
SIM4
1
21
22
SIM5
SIM1
SIM2
SIM3
SIM4
1
21
22
SIM5
SIM1
SIM2
DEBUG 1 170
SIM1
SIM2
SIM3
SIM4
1
21
22
SIM5
SIM1
SIM2
SIM3
SIM4
1
21
22
SIM5
SIM1
SIM2
SIM3
SIM4
1
21
22
SIM5
SIM1
SIM2
SIM3
SIM4
1
21
22
SIM5
SIM1
SIM2
SIM3
SIM4
1
21
22
SIM5
SIM1
SIM2
SIM3
SIM4
1
21
22
SIM5
SIM1
SIM2
SIM3
SIM4
1
21
22
SIM5
SIM1
SIM2
SIM3
SIM4
1
21
22
SIM5
SIM1
SIM2
SIM3
SIM4
1
21
22
SIM5
SIM1
SIM2
SIM3
SIM4
1
21
22
SIM5
SIM1
SIM2
SIM3
SIM4
1
21
22
SIM5
SIM1
SIM2
SIM3
SIM4
1
21
22
SIM5
SIM1
SIM2
SIM3
SIM4
1
21
22
SIM5
SIM1
SIM2
SIM3
SIM4
1
21
22
SIM5
SIM1
SIM2
SIM3
SIM4
1
21
22
SIM5
SIM1
SIM2
SIM3
SIM4
1
21
22
SIM5
SIM1
SIM2
SIM3
SIM4
1
21
22
SIM5
SIM1
SIM2
SIM3
SIM4
1
21
22
SIM5
SIM1
SIM2
SIM3
SIM4
1
21
22
SIM5
SIM1
SIM2
SIM3
SIM4
1
21
22
SIM5
SIM1
SIM2
SIM3
SIM4
1
21
22
SIM5
SIM1
SIM2
SIM3
SIM4
1
21
22
SIM5
SIM1
SIM2
SIM3
SIM4
1
21
22
SIM5
SIM1
SIM2
SIM3
SIM4
1
21
22
SIM5
SIM1
SIM2
SIM3
SIM4
1
21
22
SIM5
SIM1
SIM2
SIM3
SIM4
1
21
22
SIM5
SIM1
SIM2
SIM3
SIM4
1
21
22
SIM5
SIM1
SIM2
SIM3
SIM4
1
21
22
SIM5
SIM1
SIM2
SIM3
SIM4
1
21
22
SIM5
SIM1
SIM2
SIM3
SIM4
1
21
22
SIM5
SIM1
SIM2
SIM3
SIM4
1
21
22
SIM5
SIM1
SIM2
SIM3
SIM4
1
21
22
SIM5
SIM1
SIM2
DEBUG 1 171
SIM1
SIM2
SIM3
SIM4
1
21
22
SIM5
SIM1
SIM2
SIM3
SIM4
1
21
22
SIM5
SIM1
SIM2
SIM3
SIM4
1
21
22
SIM5
SIM1
SIM2
SIM3
SIM4
1
21
22
SIM5
SIM1
SIM2
SIM3
SIM4
1
21
22
SIM5
SIM1
SIM2
SIM3
SIM4
1
21
22
SIM5
SIM1
SIM2
SIM3
SIM4
1
21
22
SIM5
SIM1
SIM2
SIM3
SIM4
1
21
22
SIM5
SIM1
SIM2
SIM3
SIM4
1
21
22
SIM5
SIM1
SIM2
SIM3
SIM4
1
21
22
SIM5
SIM1
SIM2
SIM3
SIM4
1
21
22
SIM5
SIM1
SIM2
SIM3
SIM4
1
21
22
SIM5
SIM1
SIM2
SIM3
SIM4
1
21
22
SIM5
SIM1
SIM2
SIM3
SIM4
1
21
22
SIM5
SIM1
SIM2
SIM3
SIM4
1
21
22
SIM5
SIM1
SIM2
SIM3
SIM4
1
21
22
SIM5
SIM1
SIM2
SIM3
SIM4
1
21
22
SIM5
SIM1
SIM2
SIM3
SIM4
1
21
22
SIM5
SIM1
SIM2
SIM3
SIM4
1
21
22
SIM5
SIM1
SIM2
SIM3
SIM4
1
21
22
SIM5
SIM1
SIM2
SIM3
SIM4
1
21
22
SIM5
SIM1
SIM2
SIM3
SIM4
1
21
22
SIM5
SIM1
SIM2
SIM3
SIM4
1
21
22
SIM5
SIM1
SIM2
SIM3
SIM4
1
21
22
SIM5
SIM1
SIM2
SIM3
SIM4
1
21
22
SIM5
SIM1
SIM2
SIM3
SIM4
1
21
22
SIM5
SIM1
SIM2
SIM3
SIM4
1
21
22
SIM5
SIM1
SIM2
SIM3
SIM4
1
21
22
SIM5
SIM1
SIM2
SIM3
SIM4
1
21
22
SIM5
SIM1
SIM2
SIM3
SIM4
1
21
22
SIM5
SIM1
SIM2
SIM3
SIM4
1
21
22
SIM5
SIM1
SIM2
SIM3
SIM4
1
21
22
SIM5
SIM1
SIM2
SIM3
SIM4
1
21
22
SIM5
SIM1
SIM2
SIM3
SIM4
1
21
22
SIM5
SIM1
SIM2
SIM3
SIM4
1
21
22
SIM5
SIM1
SIM2
SIM3
SIM4
1
21
22
SIM5
SIM1
SIM2
SIM3
SIM4
1
21
22
SIM5
SIM1
SIM2
SIM3
SIM4
1
21
22
SIM5
SIM1
SIM2
SIM3
SIM4
1
21
22
SIM5
SIM1
SIM2
SIM3
SIM4
1
21
22
SIM5
SIM1
SIM2
SIM3
SIM4
1
21
22
SIM5
SIM1
SIM2
SIM3
SIM4
1
21
22
SIM5
SIM1
SIM2
SIM3
SIM4
1
21
22
SIM5
SIM1
SIM2
SIM3
SIM4
1
21
22
SIM5
SIM1
SIM2
SIM3
SIM4
1
21
22
SIM5
SIM1
SIM2
SIM3
SIM4
1
21
22
SIM5
SIM1
SIM2
SIM3
SIM4
1
21
22
SIM5
SIM1
SIM2
SIM3
SIM4
1
21
22
SIM5
SIM1
SIM2
SIM3
SIM4
1
21
22
SIM5
SIM1
SIM2
SIM3
SIM4
1
21
22
SIM5
SIM1
SIM2
SIM3
SIM4
1
21
22
SIM5
SIM1
SIM2
SIM3
SIM4
1
21
22
SIM5
SIM1
SIM2
SIM3
SIM4
1
21
22
SIM5
SIM1
SIM2
SIM3
SIM4
1
21
22
SIM5
SIM1
SIM2
SIM3
SIM4
1
21
22
SIM5
SIM1
SIM2
SIM3
SIM4
1
21
22
SIM5
SIM1
SIM2
SIM3
SIM4
1
21
22
SIM5
SIM1
SIM2
SIM3
SIM4
1
21
22
SIM5
SIM1
SIM2
SIM3
SIM4
1
21
22
SIM5
SIM1
SIM2
SIM3
SIM4
1
21
22
SIM5
SIM1
SIM2
SIM3
SIM4
1
21
22
SIM5
SIM1
SIM2
SIM3
SIM4
1
21
22
SIM5
SIM1
SIM2
SIM3
SIM4
1
21
22
SIM5
SIM1
SIM2
SIM3
SIM4
1
21
22
SIM5
SIM1
SIM2
SIM3
SIM4
1
21
22
SIM5
SIM1
SIM2
SIM3
SIM4
1
21
22
SIM5
SIM1
SIM2
SIM3
SIM4
1
21
22
SIM5
SIM1
SIM2
SIM3
SIM4
1
21
22
SIM5
SIM1
SIM2
SIM3
SIM4
1
21
22
SIM5
SIM1
SIM2
SIM3
SIM4
1
21
22
SIM5
SIM1
SIM2
SIM3
SIM4
1
21
22
SIM5
SIM1
SIM2
SIM3
SIM4
1
21
22
SIM5
SIM1
SIM2
SIM3
SIM4
1
21
22
SIM5
SIM1
SIM2
SIM3
SIM4
1
21
22
SIM5
SIM1
SIM2
SIM3
SIM4
1
21
22
SIM5
SIM1
SIM2
SIM3
SIM4
1
21
22
SIM5
SIM1
SIM2
SIM3
SIM4
1
21
22
SIM5
SIM1
SIM2
SIM3
SIM4
1
21
22
SIM5
SIM1
SIM2
SIM3
SIM4
1
21
22
SIM5
SIM1
SIM2
SIM3
SIM4
1
21
22
SIM5
SIM1
SIM2
SIM3
SIM4
1
21
22
SIM5
SIM1
SIM2
SIM3
SIM4
1
21
22
SIM5
SIM1
SIM2
SIM3
SIM4
1
21
22
SIM5
SIM1
SIM2
SIM3
SIM4
1
21
22
SIM5
SIM1
SIM2
SIM3
SIM4
1
21
22
SIM5
SIM1
SIM2
SIM3
SIM4
1
21
22
SIM5
SIM1
SIM2
SIM3
SIM4
1
21
22
SIM5
SIM1
SIM2
SIM3
SIM4
1
21
22
SIM5
SIM1
SIM2
SIM3
SIM4
1
21
22
SIM5
SIM1
SIM2
SIM3
SIM4
1
21
22
SIM5
SIM1
SIM2
SIM3
SIM4
1
21
22
SIM5
SIM1
SIM2
SIM3
SIM4
1
21
22
SIM5
SIM1
SIM2
SIM3
SIM4
1
21
22
SIM5
SIM1
SIM2
SIM3
SIM4
1
21
22
SIM5
SIM1
SIM2
SIM3
SIM4
1
21
22
SIM5
SIM1
SIM2
SIM3
SIM4
1
21
22
SIM5
SIM1
SIM2
SIM3
SIM4
1
21
22
SIM5
SIM1
SIM2
SIM3
SIM4
1
21
22
SIM5
SIM1
SIM2
SIM3
SIM4
1
21
22
SIM5
SIM1
SIM2
SIM3
SIM4
1
21
22
SIM5
SIM1
SIM2
SIM3
SIM4
1
21
22
SIM5
SIM1
SIM2
SIM3
SIM4
1
21
22
SIM5
SIM1
SIM2
SIM3
SIM4
1
21
22
SIM5
SIM1
SIM2
SIM3
SIM4
1
21
22
SIM5
SIM1
SIM2
SIM3
SIM4
1
21
22
SIM5
SIM1
SIM2
SIM3
SIM4
1
21
22
SIM5
SIM1
SIM2
SIM3
SIM4
1
21
22
SIM5
SIM1
SIM2
SIM3
SIM4
1
21
22
SIM5
SIM1
SIM2
SIM3
SIM4
1
21
22
SIM5
SIM1
SIM2
SIM3
SIM4
1
21
22
SIM5
SIM1
SIM2
SIM3
SIM4
1
21
22
SIM5
SIM1
SIM2
SIM3
SIM4
1
21
22
SIM5
SIM1
SIM2
SIM3
SIM4
1
21
22
SIM5
SIM1
SIM2
SIM3
SIM4
1
21
22
SIM5
SIM1
SIM2
SIM3
SIM4
1
21
22
SIM5
SIM1
SIM2
SIM3
SIM4
1
21
22
SIM5
SIM1
SIM2
SIM3
SIM4
1
21
22
SIM5
SIM1
SIM2
SIM3
SIM4
1
21
22
SIM5
SIM1
SIM2
SIM3
SIM4
1
21
22
SIM5
SIM1
SIM2
SIM3
SIM4
1
21
22
SIM5
SIM1
SIM2
SIM3
SIM4
1
21
22
SIM5
SIM1
SIM2
SIM3
SIM4
1
21
22
SIM5
SIM1
SIM2
SIM3
SIM4
1
21
22
SIM5
SIM1
SIM2
SIM3
SIM4
1
21
22
SIM5
SIM1
SIM2
SIM3
SIM4
1
21
22
SIM5
SIM1
SIM2
SIM3
SIM4
1
21
22
SIM5
SIM1
SIM2
SIM3
SIM4
1
21
22
SIM5
SIM1
SIM2
SIM3
SIM4
1
21
22
SIM5
SIM1
SIM2
SIM3
SIM4
1
21
22
SIM5
SIM1
SIM2
SIM3
SIM4
1
21
22
SIM5
SIM1
SIM2
SIM3
SIM4
1
21
22
SIM5
SIM1
SIM2
SIM3
SIM4
1
21
22
SIM5
SIM1
SIM2
SIM3
SIM4
1
21
22
SIM5
SIM1
SIM2
SIM3
SIM4
1
21
22
SIM5
SIM1
SIM2
SIM3
SIM4
1
21
22
SIM5
SIM1
SIM2
SIM3
SIM4
1
21
22
SIM5
SIM1
SIM2
SIM3
SIM4
1
21
22
SIM5
SIM1
SIM2
SIM3
SIM4
1
21
22
SIM5
SIM1
SIM2
SIM3
SIM4
1
21
22
SIM5
SIM1
SIM2
SIM3
SIM4
1
21
22
SIM5
SIM1
SIM2
SIM3
SIM4
1
21
22
SIM5
SIM1
SIM2
SIM3
SIM4
1
21
22
SIM5
SIM1
SIM2
SIM3
SIM4
1
21
22
SIM5
SIM1
SIM2
SIM3
SIM4
1
21
22
SIM5
SIM1
SIM2
SIM3
SIM4
1
21
22
SIM5
SIM1
SIM2
SIM3
SIM4
1
21
22
SIM5
SIM1
SIM2
SIM3
SIM4
1
21
22
SIM5
SIM1
SIM2
SIM3
SIM4
1
21
22
SIM5
SIM1
SIM2
SIM3
SIM4
1
21
22
SIM5
SIM1
SIM2
SIM3
SIM4
1
21
22
SIM5
SIM1
SIM2
SIM3
SIM4
1
21
22
SIM5
SIM1
SIM2
SIM3
SIM4
1
21
22
SIM5
SIM1
SIM2
SIM3
SIM4
1
21
22
SIM5
SIM1
SIM2
SIM3
SIM4
1
21
22
SIM5
SIM1
SIM2
SIM3
SIM4
1
21
22
SIM5
SIM1
SIM2
SIM3
SIM4
1
21
22
SIM5
SIM1
SIM2
SIM3
SIM4
1
21
22
SIM5
SIM1
SIM2
SIM3
SIM4
1
21
22
SIM5
SIM1
SIM2
SIM3
SIM4
1
21
22
SIM5
SIM1
SIM2
SIM3
SIM4
1
21
22
SIM5
SIM1
SIM2
SIM3
SIM4
1
21
22
SIM5
SIM1
SIM2
SIM3
SIM4
1
21
22
SIM5
SIM1
SIM2
SIM3
SIM4
1
21
22
SIM5
SIM1
SIM2
SIM3
SIM4
1
21
22
SIM5
SIM1
SIM2
SIM3
SIM4
1
21
22
SIM5
SIM1
SIM2
SIM3
SIM4
1
21
22
SIM5
SIM1
SIM2
SIM3
SIM4
1
21
22
SIM5
SIM1
SIM2
SIM3
SIM4
1
21
22
SIM5
SIM1
SIM2
SIM3
SIM4
1
21
22
SIM5
SIM1
SIM2
SIM3
SIM4
1
21
22
SIM5
SIM1
SIM2
SIM3
SIM4
1
21
22
SIM5
SIM1
SIM2
SIM3
SIM4
1
21
22
SIM5
SIM1
SIM2
SIM3
SIM4
1
21
22
SIM5
SIM1
SIM2
SIM3
SIM4
1
21
22
SIM5
SIM1
SIM2
SIM3
SIM4
1
21
22
SIM5
SIM1
SIM2
SIM3
SIM4
1
21
22
SIM5
SIM1
SIM2
SIM3
SIM4
1
21
22
SIM5
SIM1
SIM2
SIM3
SIM4
1
21
22
SIM5
SIM1
SIM2
SIM3
SIM4
1
21
22
SIM5
SIM1
SIM2
SIM3
SIM4
1
21
22
SIM5
SIM1
SIM2
SIM3
SIM4
1
21
22
SIM5
SIM1
SIM2
SIM3
SIM4
1
21
22
SIM5
SIM1
SIM2
SIM3
SIM4
1
21
22
SIM5
SIM1
SIM2
SIM3
SIM4
1
21
22
SIM5
SIM1
SIM2
SIM3
SIM4
1
21
22
SIM5
SIM1
SIM2
SIM3
SIM4
1
21
22
SIM5
SIM1
SIM2
SIM3
SIM4
1
21
22
SIM5
SIM1
SIM2
SIM3
SIM4
1
21
22
SIM5
SIM1
SIM2
SIM3
SIM4
1
21
22
SIM5
SIM1
SIM2
SIM3
SIM4
1
21
22
SIM5
SIM1
SIM2
SIM3
SIM4
1
21
22
SIM5
SIM1
SIM2
SIM3
SIM4
1
21
22
SIM5
SIM1
SIM2
SIM3
SIM4
1
21
22
SIM5
SIM1
SIM2
SIM3
SIM4
1
21
22
SIM5
SIM1
SIM2
DEBUG 1 172
SIM1
SIM2
SIM3
SIM4
1
21
22
SIM5
SIM1
SIM2
SIM3
SIM4
1
21
22
SIM5
SIM1
SIM2
SIM3
SIM4
1
21
22
SIM5
SIM1
SIM2
SIM3
SIM4
1
21
22
SIM5
SIM1
SIM2
SIM3
SIM4
1
21
22
SIM5
SIM1
SIM2
SIM3
SIM4
1
21
22
SIM5
SIM1
SIM2
SIM3
SIM4
1
21
22
SIM5
SIM1
SIM2
SIM3
SIM4
1
21
22
SIM5
SIM1
SIM2
SIM3
SIM4
1
21
22
SIM5
SIM1
SIM2
SIM3
SIM4
1
21
22
SIM5
SIM1
SIM2
SIM3
SIM4
1
21
22
SIM5
SIM1
SIM2
SIM3
SIM4
1
21
22
SIM5
SIM1
SIM2
SIM3
SIM4
1
21
22
SIM5
SIM1
SIM2
SIM3
SIM4
1
21
22
SIM5
SIM1
SIM2
SIM3
SIM4
1
21
22
SIM5
SIM1
SIM2
SIM3
SIM4
1
21
22
SIM5
SIM1
SIM2
SIM3
SIM4
1
21
22
SIM5
SIM1
SIM2
SIM3
SIM4
1
21
22
SIM5
SIM1
SIM2
SIM3
SIM4
1
21
22
SIM5
SIM1
SIM2
SIM3
SIM4
1
21
22
SIM5
SIM1
SIM2
SIM3
SIM4
1
21
22
SIM5
SIM1
SIM2
SIM3
SIM4
1
21
22
SIM5
SIM1
SIM2
SIM3
SIM4
1
21
22
SIM5
SIM1
SIM2
SIM3
SIM4
1
21
22
SIM5
SIM1
SIM2
SIM3
SIM4
1
21
22
SIM5
SIM1
SIM2
SIM3
SIM4
1
21
22
SIM5
SIM1
SIM2
SIM3
SIM4
1
21
22
SIM5
SIM1
SIM2
SIM3
SIM4
1
21
22
SIM5
SIM1
SIM2
SIM3
SIM4
1
21
22
SIM5
SIM1
SIM2
SIM3
SIM4
1
21
22
SIM5
SIM1
SIM2
SIM3
SIM4
1
21
22
SIM5
SIM1
SIM2
SIM3
SIM4
1
21
22
SIM5
SIM1
SIM2
SIM3
SIM4
1
21
22
SIM5
SIM1
SIM2
SIM3
SIM4
1
21
22
SIM5
SIM1
SIM2
SIM3
SIM4
1
21
22
SIM5
SIM1
SIM2
SIM3
SIM4
1
21
22
SIM5
SIM1
SIM2
SIM3
SIM4
1
21
22
SIM5
SIM1
SIM2
SIM3
SIM4
1
21
22
SIM5
SIM1
SIM2
SIM3
SIM4
1
21
22
SIM5
SIM1
SIM2
SIM3
SIM4
1
21
22
SIM5
SIM1
SIM2
SIM3
SIM4
1
21
22
SIM5
SIM1
SIM2
SIM3
SIM4
1
21
22
SIM5
SIM1
SIM2
SIM3
SIM4
1
21
22
SIM5
SIM1
SIM2
SIM3
SIM4
1
21
22
SIM5
SIM1
SIM2
SIM3
SIM4
1
21
22
SIM5
SIM1
SIM2
SIM3
SIM4
1
21
22
SIM5
SIM1
SIM2
SIM3
SIM4
1
21
22
SIM5
SIM1
SIM2
SIM3
SIM4
1
21
22
SIM5
SIM1
SIM2
SIM3
SIM4
1
21
22
SIM5
SIM1
SIM2
SIM3
SIM4
1
21
22
SIM5
SIM1
SIM2
SIM3
SIM4
1
21
22
SIM5
SIM1
SIM2
SIM3
SIM4
1
21
22
SIM5
SIM1
SIM2
SIM3
SIM4
1
21
22
SIM5
SIM1
SIM2
SIM3
SIM4
1
21
22
SIM5
SIM1
SIM2
SIM3
SIM4
1
21
22
SIM5
SIM1
SIM2
SIM3
SIM4
1
21
22
SIM5
SIM1
SIM2
SIM3
SIM4
1
21
22
SIM5
SIM1
SIM2
SIM3
SIM4
1
21
22
SIM5
SIM1
SIM2
SIM3
SIM4
1
21
22
SIM5
SIM1
SIM2
SIM3
SIM4
1
21
22
SIM5
SIM1
SIM2
SIM3
SIM4
1
21
22
SIM5
SIM1
SIM2
SIM3
SIM4
1
21
22
SIM5
SIM1
SIM2
SIM3
SIM4
1
21
22
SIM5
SIM1
SIM2
SIM3
SIM4
1
21
22
SIM5
SIM1
SIM2
SIM3
SIM4
1
21
22
SIM5
SIM1
SIM2
SIM3
SIM4
1
21
22
SIM5
SIM1
SIM2
SIM3
SIM4
1
21
22
SIM5
SIM1
SIM2
SIM3
SIM4
1
21
22
SIM5
SIM1
SIM2
SIM3
SIM4
1
21
22
SIM5
SIM1
SIM2
SIM3
SIM4
1
21
22
SIM5
SIM1
SIM2
SIM3
SIM4
1
21
22
SIM5
SIM1
SIM2
SIM3
SIM4
1
21
22
SIM5
SIM1
SIM2
SIM3
SIM4
1
21
22
SIM5
SIM1
SIM2
SIM3
SIM4
1
21
22
SIM5
SIM1
SIM2
SIM3
SIM4
1
21
22
SIM5
SIM1
SIM2
SIM3
SIM4
1
21
22
SIM5
SIM1
SIM2
SIM3
SIM4
1
21
22
SIM5
SIM1
SIM2
SIM3
SIM4
1
21
22
SIM5
SIM1
SIM2
SIM3
SIM4
1
21
22
SIM5
SIM1
SIM2
SIM3
SIM4
1
21
22
SIM5
SIM1
SIM2
SIM3
SIM4
1
21
22
SIM5
SIM1
SIM2
SIM3
SIM4
1
21
22
SIM5
SIM1
SIM2
SIM3
SIM4
1
21
22
SIM5
SIM1
SIM2
SIM3
SIM4
1
21
22
SIM5
SIM1
SIM2
SIM3
SIM4
1
21
22
SIM5
SIM1
SIM2
SIM3
SIM4
1
21
22
SIM5
SIM1
SIM2
SIM3
SIM4
1
21
22
SIM5
SIM1
SIM2
SIM3
SIM4
1
21
22
SIM5
SIM1
SIM2
SIM3
SIM4
1
21
22
SIM5
SIM1
SIM2
SIM3
SIM4
1
21
22
SIM5
SIM1
SIM2
SIM3
SIM4
1
21
22
SIM5
SIM1
SIM2
SIM3
SIM4
1
21
22
SIM5
SIM1
SIM2
SIM3
SIM4
1
21
22
SIM5
SIM1
SIM2
SIM3
SIM4
1
21
22
SIM5
SIM1
SIM2
SIM3
SIM4
1
21
22
SIM5
SIM1
SIM2
SIM3
SIM4
1
21
22
SIM5
SIM1
SIM2
SIM3
SIM4
1
21
22
SIM5
SIM1
SIM2
SIM3
SIM4
1
21
22
SIM5
SIM1
SIM2
SIM3
SIM4
1
21
22
SIM5
SIM1
SIM2
SIM3
SIM4
1
21
22
SIM5
SIM1
SIM2
SIM3
SIM4
1
21
22
SIM5
SIM1
SIM2
SIM3
SIM4
1
21
22
SIM5
SIM1
SIM2
SIM3
SIM4
1
21
22
SIM5
SIM1
SIM2
SIM3
SIM4
1
21
22
SIM5
SIM1
SIM2
SIM3
SIM4
1
21
22
SIM5
SIM1
SIM2
SIM3
SIM4
1
21
22
SIM5
SIM1
SIM2
SIM3
SIM4
1
21
22
SIM5
SIM1
SIM2
SIM3
SIM4
1
21
22
SIM5
SIM1
SIM2
SIM3
SIM4
1
21
22
SIM5
SIM1
SIM2
SIM3
SIM4
1
21
22
SIM5
SIM1
SIM2
SIM3
SIM4
1
21
22
SIM5
SIM1
SIM2
SIM3
SIM4
1
21
22
SIM5
SIM1
SIM2
SIM3
SIM4
1
21
22
SIM5
SIM1
SIM2
SIM3
SIM4
1
21
22
SIM5
SIM1
SIM2
SIM3
SIM4
1
21
22
SIM5
SIM1
SIM2
SIM3
SIM4
1
21
22
SIM5
SIM1
SIM2
SIM3
SIM4
1
21
22
SIM5
SIM1
SIM2
SIM3
SIM4
1
21
22
SIM5
SIM1
SIM2
SIM3
SIM4
1
21
22
SIM5
SIM1
SIM2
SIM3
SIM4
1
21
22
SIM5
SIM1
SIM2
SIM3
SIM4
1
21
22
SIM5
SIM1
SIM2
SIM3
SIM4
1
21
22
SIM5
SIM1
SIM2
SIM3
SIM4
1
21
22
SIM5
SIM1
SIM2
SIM3
SIM4
1
21
22
SIM5
SIM1
SIM2
SIM3
SIM4
1
21
22
SIM5
SIM1
SIM2
SIM3
SIM4
1
21
22
SIM5
SIM1
SIM2
SIM3
SIM4
1
21
22
SIM5
SIM1
SIM2
SIM3
SIM4
1
21
22
SIM5
SIM1
SIM2
SIM3
SIM4
1
21
22
SIM5
SIM1
SIM2
SIM3
SIM4
1
21
22
SIM5
SIM1
SIM2
SIM3
SIM4
1
21
22
SIM5
SIM1
SIM2
SIM3
SIM4
1
21
22
SIM5
SIM1
SIM2
SIM3
SIM4
1
21
22
SIM5
SIM1
SIM2
SIM3
SIM4
1
21
22
SIM5
SIM1
SIM2
SIM3
SIM4
1
21
22
SIM5
SIM1
SIM2
SIM3
SIM4
1
21
22
SIM5
SIM1
SIM2
SIM3
SIM4
1
21
22
SIM5
SIM1
SIM2
SIM3
SIM4
1
21
22
SIM5
SIM1
SIM2
SIM3
SIM4
1
21
22
SIM5
SIM1
SIM2
SIM3
SIM4
1
21
22
SIM5
SIM1
SIM2
SIM3
SIM4
1
21
22
SIM5
SIM1
SIM2
SIM3
SIM4
1
21
22
SIM5
SIM1
SIM2
SIM3
SIM4
1
21
22
SIM5
SIM1
SIM2
SIM3
SIM4
1
21
22
SIM5
SIM1
SIM2
SIM3
SIM4
1
21
22
SIM5
SIM1
SIM2
SIM3
SIM4
1
21
22
SIM5
SIM1
SIM2
SIM3
SIM4
1
21
22
SIM5
SIM1
SIM2
SIM3
SIM4
1
21
22
SIM5
SIM1
SIM2
SIM3
SIM4
1
21
22
SIM5
SIM1
SIM2
SIM3
SIM4
1
21
22
SIM5
SIM1
SIM2
SIM3
SIM4
1
21
22
SIM5
SIM1
SIM2
SIM3
SIM4
1
21
22
SIM5
SIM1
SIM2
SIM3
SIM4
1
21
22
SIM5
SIM1
SIM2
SIM3
SIM4
1
21
22
SIM5
SIM1
SIM2
SIM3
SIM4
1
21
22
SIM5
SIM1
SIM2
SIM3
SIM4
1
21
22
SIM5
SIM1
SIM2
SIM3
SIM4
1
21
22
SIM5
SIM1
SIM2
DEBUG 1 173
SIM1
SIM2
SIM3
SIM4
1
21
22
SIM5
SIM1
SIM2
SIM3
SIM4
1
21
22
SIM5
SIM1
SIM2
SIM3
SIM4
1
21
22
SIM5
SIM1
SIM2
SIM3
SIM4
1
21
22
SIM5
SIM1
SIM2
SIM3
SIM4
1
21
22
SIM5
SIM1
SIM2
SIM3
SIM4
1
21
22
SIM5
SIM1
SIM2
SIM3
SIM4
1
21
22
SIM5
SIM1
SIM2
SIM3
SIM4
1
21
22
SIM5
SIM1
SIM2
SIM3
SIM4
1
21
22
SIM5
SIM1
SIM2
SIM3
SIM4
1
21
22
SIM5
SIM1
SIM2
SIM3
SIM4
1
21
22
SIM5
SIM1
SIM2
SIM3
SIM4
1
21
22
SIM5
SIM1
SIM2
SIM3
SIM4
1
21
22
SIM5
SIM1
SIM2
SIM3
SIM4
1
21
22
SIM5
SIM1
SIM2
SIM3
SIM4
1
21
22
SIM5
SIM1
SIM2
SIM3
SIM4
1
21
22
SIM5
SIM1
SIM2
SIM3
SIM4
1
21
22
SIM5
SIM1
SIM2
SIM3
SIM4
1
21
22
SIM5
SIM1
SIM2
SIM3
SIM4
1
21
22
SIM5
SIM1
SIM2
SIM3
SIM4
1
21
22
SIM5
SIM1
SIM2
SIM3
SIM4
1
21
22
SIM5
SIM1
SIM2
SIM3
SIM4
1
21
22
SIM5
SIM1
SIM2
SIM3
SIM4
1
21
22
SIM5
SIM1
SIM2
SIM3
SIM4
1
21
22
SIM5
SIM1
SIM2
SIM3
SIM4
1
21
22
SIM5
SIM1
SIM2
SIM3
SIM4
1
21
22
SIM5
SIM1
SIM2
SIM3
SIM4
1
21
22
SIM5
SIM1
SIM2
SIM3
SIM4
1
21
22
SIM5
SIM1
SIM2
SIM3
SIM4
1
21
22
SIM5
SIM1
SIM2
SIM3
SIM4
1
21
22
SIM5
SIM1
SIM2
SIM3
SIM4
1
21
22
SIM5
SIM1
SIM2
SIM3
SIM4
1
21
22
SIM5
SIM1
SIM2
SIM3
SIM4
1
21
22
SIM5
SIM1
SIM2
SIM3
SIM4
1
21
22
SIM5
SIM1
SIM2
SIM3
SIM4
1
21
22
SIM5
SIM1
SIM2
SIM3
SIM4
1
21
22
SIM5
SIM1
SIM2
SIM3
SIM4
1
21
22
SIM5
SIM1
SIM2
SIM3
SIM4
1
21
22
SIM5
SIM1
SIM2
SIM3
SIM4
1
21
22
SIM5
SIM1
SIM2
SIM3
SIM4
1
21
22
SIM5
SIM1
SIM2
SIM3
SIM4
1
21
22
SIM5
SIM1
SIM2
SIM3
SIM4
1
21
22
SIM5
SIM1
SIM2
SIM3
SIM4
1
21
22
SIM5
SIM1
SIM2
SIM3
SIM4
1
21
22
SIM5
SIM1
SIM2
SIM3
SIM4
1
21
22
SIM5
SIM1
SIM2
SIM3
SIM4
1
21
22
SIM5
SIM1
SIM2
SIM3
SIM4
1
21
22
SIM5
SIM1
SIM2
SIM3
SIM4
1
21
22
SIM5
SIM1
SIM2
SIM3
SIM4
1
21
22
SIM5
SIM1
SIM2
SIM3
SIM4
1
21
22
SIM5
SIM1
SIM2
SIM3
SIM4
1
21
22
SIM5
SIM1
SIM2
SIM3
SIM4
1
21
22
SIM5
SIM1
SIM2
SIM3
SIM4
1
21
22
SIM5
SIM1
SIM2
SIM3
SIM4
1
21
22
SIM5
SIM1
SIM2
SIM3
SIM4
1
21
22
SIM5
SIM1
SIM2
SIM3
SIM4
1
21
22
SIM5
SIM1
SIM2
SIM3
SIM4
1
21
22
SIM5
SIM1
SIM2
SIM3
SIM4
1
21
22
SIM5
SIM1
SIM2
SIM3
SIM4
1
21
22
SIM5
SIM1
SIM2
SIM3
SIM4
1
21
22
SIM5
SIM1
SIM2
SIM3
SIM4
1
21
22
SIM5
SIM1
SIM2
SIM3
SIM4
1
21
22
SIM5
SIM1
SIM2
SIM3
SIM4
1
21
22
SIM5
SIM1
SIM2
SIM3
SIM4
1
21
22
SIM5
SIM1
SIM2
SIM3
SIM4
1
21
22
SIM5
SIM1
SIM2
SIM3
SIM4
1
21
22
SIM5
SIM1
SIM2
SIM3
SIM4
1
21
22
SIM5
SIM1
SIM2
SIM3
SIM4
1
21
22
SIM5
SIM1
SIM2
SIM3
SIM4
1
21
22
SIM5
SIM1
SIM2
SIM3
SIM4
1
21
22
SIM5
SIM1
SIM2
SIM3
SIM4
1
21
22
SIM5
SIM1
SIM2
SIM3
SIM4
1
21
22
SIM5
SIM1
SIM2
SIM3
SIM4
1
21
22
SIM5
SIM1
SIM2
SIM3
SIM4
1
21
22
SIM5
SIM1
SIM2
SIM3
SIM4
1
21
22
SIM5
SIM1
SIM2
SIM3
SIM4
1
21
22
SIM5
SIM1
SIM2
SIM3
SIM4
1
21
22
SIM5
SIM1
SIM2
SIM3
SIM4
1
21
22
SIM5
SIM1
SIM2
SIM3
SIM4
1
21
22
SIM5
SIM1
SIM2
SIM3
SIM4
1
21
22
SIM5
SIM1
SIM2
SIM3
SIM4
1
21
22
SIM5
SIM1
SIM2
SIM3
SIM4
1
21
22
SIM5
SIM1
SIM2
SIM3
SIM4
1
21
22
SIM5
SIM1
SIM2
SIM3
SIM4
1
21
22
SIM5
SIM1
SIM2
SIM3
SIM4
1
21
22
SIM5
SIM1
SIM2
SIM3
SIM4
1
21
22
SIM5
SIM1
SIM2
SIM3
SIM4
1
21
22
SIM5
SIM1
SIM2
SIM3
SIM4
1
21
22
SIM5
SIM1
SIM2
SIM3
SIM4
1
21
22
SIM5
SIM1
SIM2
SIM3
SIM4
1
21
22
SIM5
SIM1
SIM2
SIM3
SIM4
1
21
22
SIM5
SIM1
SIM2
SIM3
SIM4
1
21
22
SIM5
SIM1
SIM2
SIM3
SIM4
1
21
22
SIM5
SIM1
SIM2
SIM3
SIM4
1
21
22
SIM5
SIM1
SIM2
SIM3
SIM4
1
21
22
SIM5
SIM1
SIM2
SIM3
SIM4
1
21
22
SIM5
SIM1
SIM2
SIM3
SIM4
1
21
22
SIM5
SIM1
SIM2
SIM3
SIM4
1
21
22
SIM5
SIM1
SIM2
SIM3
SIM4
1
21
22
SIM5
SIM1
SIM2
SIM3
SIM4
1
21
22
SIM5
SIM1
SIM2
SIM3
SIM4
1
21
22
SIM5
SIM1
SIM2
SIM3
SIM4
1
21
22
SIM5
SIM1
SIM2
SIM3
SIM4
1
21
22
SIM5
SIM1
SIM2
SIM3
SIM4
1
21
22
SIM5
SIM1
SIM2
SIM3
SIM4
1
21
22
SIM5
SIM1
SIM2
SIM3
SIM4
1
21
22
SIM5
SIM1
SIM2
SIM3
SIM4
1
21
22
SIM5
SIM1
SIM2
SIM3
SIM4
1
21
22
SIM5
SIM1
SIM2
SIM3
SIM4
1
21
22
SIM5
SIM1
SIM2
SIM3
SIM4
1
21
22
SIM5
SIM1
SIM2
SIM3
SIM4
1
21
22
SIM5
SIM1
SIM2
SIM3
SIM4
1
21
22
SIM5
SIM1
SIM2
SIM3
SIM4
1
21
22
SIM5
SIM1
SIM2
SIM3
SIM4
1
21
22
SIM5
SIM1
SIM2
SIM3
SIM4
1
21
22
SIM5
SIM1
SIM2
SIM3
SIM4
1
21
22
SIM5
SIM1
SIM2
SIM3
SIM4
1
21
22
SIM5
SIM1
SIM2
SIM3
SIM4
1
21
22
SIM5
SIM1
SIM2
SIM3
SIM4
1
21
22
SIM5
SIM1
SIM2
SIM3
SIM4
1
21
22
SIM5
SIM1
SIM2
SIM3
SIM4
1
21
22
SIM5
SIM1
SIM2
SIM3
SIM4
1
21
22
SIM5
SIM1
SIM2
SIM3
SIM4
1
21
22
SIM5
SIM1
SIM2
SIM3
SIM4
1
21
22
SIM5
SIM1
SIM2
SIM3
SIM4
1
21
22
SIM5
SIM1
SIM2
SIM3
SIM4
1
21
22
SIM5
SIM1
SIM2
SIM3
SIM4
1
21
22
SIM5
SIM1
SIM2
SIM3
SIM4
1
21
22
SIM5
SIM1
SIM2
SIM3
SIM4
1
21
22
SIM5
SIM1
SIM2
SIM3
SIM4
1
21
22
SIM5
SIM1
SIM2
SIM3
SIM4
1
21
22
SIM5
SIM1
SIM2
SIM3
SIM4
1
21
22
SIM5
SIM1
SIM2
SIM3
SIM4
1
21
22
SIM5
SIM1
SIM2
SIM3
SIM4
1
21
22
SIM5
SIM1
SIM2
SIM3
SIM4
1
21
22
SIM5
SIM1
SIM2
SIM3
SIM4
1
21
22
SIM5
SIM1
SIM2
SIM3
SIM4
1
21
22
SIM5
SIM1
SIM2
SIM3
SIM4
1
21
22
SIM5
SIM1
SIM2
SIM3
SIM4
1
21
22
SIM5
SIM1
SIM2
SIM3
SIM4
1
21
22
SIM5
SIM1
SIM2
SIM3
SIM4
1
21
22
SIM5
SIM1
SIM2
SIM3
SIM4
1
21
22
SIM5
SIM1
SIM2
SIM3
SIM4
1
21
22
SIM5
SIM1
SIM2
SIM3
SIM4
1
21
22
SIM5
SIM1
SIM2
SIM3
SIM4
1
21
22
SIM5
SIM1
SIM2
DEBUG 1 174
SIM1
SIM2
SIM3
SIM4
1
21
22
SIM5
SIM1
SIM2
SIM3
SIM4
1
21
22
SIM5
SIM1
SIM2
SIM3
SIM4
1
21
22
SIM5
SIM1
SIM2
SIM3
SIM4
1
21
22
SIM5
SIM1
SIM2
SIM3
SIM4
1
21
22
SIM5
SIM1
SIM2
SIM3
SIM4
1
21
22
SIM5
SIM1
SIM2
SIM3
SIM4
1
21
22
SIM5
SIM1
SIM2
SIM3
SIM4
1
21
22
SIM5
SIM1
SIM2
SIM3
SIM4
1
21
22
SIM5
SIM1
SIM2
SIM3
SIM4
1
21
22
SIM5
SIM1
SIM2
SIM3
SIM4
1
21
22
SIM5
SIM1
SIM2
SIM3
SIM4
1
21
22
SIM5
SIM1
SIM2
SIM3
SIM4
1
21
22
SIM5
SIM1
SIM2
SIM3
SIM4
1
21
22
SIM5
SIM1
SIM2
SIM3
SIM4
1
21
22
SIM5
SIM1
SIM2
SIM3
SIM4
1
21
22
SIM5
SIM1
SIM2
SIM3
SIM4
1
21
22
SIM5
SIM1
SIM2
SIM3
SIM4
1
21
22
SIM5
SIM1
SIM2
SIM3
SIM4
1
21
22
SIM5
SIM1
SIM2
SIM3
SIM4
1
21
22
SIM5
SIM1
SIM2
SIM3
SIM4
1
21
22
SIM5
SIM1
SIM2
SIM3
SIM4
1
21
22
SIM5
SIM1
SIM2
SIM3
SIM4
1
21
22
SIM5
SIM1
SIM2
SIM3
SIM4
1
21
22
SIM5
SIM1
SIM2
SIM3
SIM4
1
21
22
SIM5
SIM1
SIM2
SIM3
SIM4
1
21
22
SIM5
SIM1
SIM2
SIM3
SIM4
1
21
22
SIM5
SIM1
SIM2
SIM3
SIM4
1
21
22
SIM5
SIM1
SIM2
SIM3
SIM4
1
21
22
SIM5
SIM1
SIM2
SIM3
SIM4
1
21
22
SIM5
SIM1
SIM2
SIM3
SIM4
1
21
22
SIM5
SIM1
SIM2
SIM3
SIM4
1
21
22
SIM5
SIM1
SIM2
SIM3
SIM4
1
21
22
SIM5
SIM1
SIM2
SIM3
SIM4
1
21
22
SIM5
SIM1
SIM2
SIM3
SIM4
1
21
22
SIM5
SIM1
SIM2
SIM3
SIM4
1
21
22
SIM5
SIM1
SIM2
SIM3
SIM4
1
21
22
SIM5
SIM1
SIM2
SIM3
SIM4
1
21
22
SIM5
SIM1
SIM2
SIM3
SIM4
1
21
22
SIM5
SIM1
SIM2
SIM3
SIM4
1
21
22
SIM5
SIM1
SIM2
SIM3
SIM4
1
21
22
SIM5
SIM1
SIM2
SIM3
SIM4
1
21
22
SIM5
SIM1
SIM2
SIM3
SIM4
1
21
22
SIM5
SIM1
SIM2
SIM3
SIM4
1
21
22
SIM5
SIM1
SIM2
SIM3
SIM4
1
21
22
SIM5
SIM1
SIM2
SIM3
SIM4
1
21
22
SIM5
SIM1
SIM2
SIM3
SIM4
1
21
22
SIM5
SIM1
SIM2
SIM3
SIM4
1
21
22
SIM5
SIM1
SIM2
SIM3
SIM4
1
21
22
SIM5
SIM1
SIM2
SIM3
SIM4
1
21
22
SIM5
SIM1
SIM2
SIM3
SIM4
1
21
22
SIM5
SIM1
SIM2
SIM3
SIM4
1
21
22
SIM5
SIM1
SIM2
SIM3
SIM4
1
21
22
SIM5
SIM1
SIM2
SIM3
SIM4
1
21
22
SIM5
SIM1
SIM2
SIM3
SIM4
1
21
22
SIM5
SIM1
SIM2
SIM3
SIM4
1
21
22
SIM5
SIM1
SIM2
SIM3
SIM4
1
21
22
SIM5
SIM1
SIM2
SIM3
SIM4
1
21
22
SIM5
SIM1
SIM2
SIM3
SIM4
1
21
22
SIM5
SIM1
SIM2
SIM3
SIM4
1
21
22
SIM5
SIM1
SIM2
SIM3
SIM4
1
21
22
SIM5
SIM1
SIM2
SIM3
SIM4
1
21
22
SIM5
SIM1
SIM2
SIM3
SIM4
1
21
22
SIM5
SIM1
SIM2
SIM3
SIM4
1
21
22
SIM5
SIM1
SIM2
SIM3
SIM4
1
21
22
SIM5
SIM1
SIM2
SIM3
SIM4
1
21
22
SIM5
SIM1
SIM2
SIM3
SIM4
1
21
22
SIM5
SIM1
SIM2
SIM3
SIM4
1
21
22
SIM5
SIM1
SIM2
SIM3
SIM4
1
21
22
SIM5
SIM1
SIM2
SIM3
SIM4
1
21
22
SIM5
SIM1
SIM2
SIM3
SIM4
1
21
22
SIM5
SIM1
SIM2
SIM3
SIM4
1
21
22
SIM5
SIM1
SIM2
SIM3
SIM4
1
21
22
SIM5
SIM1
SIM2
SIM3
SIM4
1
21
22
SIM5
SIM1
SIM2
SIM3
SIM4
1
21
22
SIM5
SIM1
SIM2
SIM3
SIM4
1
21
22
SIM5
SIM1
SIM2
SIM3
SIM4
1
21
22
SIM5
SIM1
SIM2
SIM3
SIM4
1
21
22
SIM5
SIM1
SIM2
SIM3
SIM4
1
21
22
SIM5
SIM1
SIM2
SIM3
SIM4
1
21
22
SIM5
SIM1
SIM2
SIM3
SIM4
1
21
22
SIM5
SIM1
SIM2
SIM3
SIM4
1
21
22
SIM5
SIM1
SIM2
SIM3
SIM4
1
21
22
SIM5
SIM1
SIM2
SIM3
SIM4
1
21
22
SIM5
SIM1
SIM2
SIM3
SIM4
1
21
22
SIM5
SIM1
SIM2
SIM3
SIM4
1
21
22
SIM5
SIM1
SIM2
SIM3
SIM4
1
21
22
SIM5
SIM1
SIM2
SIM3
SIM4
1
21
22
SIM5
SIM1
SIM2
SIM3
SIM4
1
21
22
SIM5
SIM1
SIM2
SIM3
SIM4
1
21
22
SIM5
SIM1
SIM2
SIM3
SIM4
1
21
22
SIM5
SIM1
SIM2
SIM3
SIM4
1
21
22
SIM5
SIM1
SIM2
SIM3
SIM4
1
21
22
SIM5
SIM1
SIM2
SIM3
SIM4
1
21
22
SIM5
SIM1
SIM2
SIM3
SIM4
1
21
22
SIM5
SIM1
SIM2
SIM3
SIM4
1
21
22
SIM5
SIM1
SIM2
DEBUG 1 175
SIM1
SIM2
SIM3
SIM4
1
21
22
SIM5
SIM1
SIM2
SIM3
SIM4
1
21
22
SIM5
SIM1
SIM2
SIM3
SIM4
1
21
22
SIM5
SIM1
SIM2
SIM3
SIM4
1
21
22
SIM5
SIM1
SIM2
SIM3
SIM4
1
21
22
SIM5
SIM1
SIM2
SIM3
SIM4
1
21
22
SIM5
SIM1
SIM2
SIM3
SIM4
1
21
22
SIM5
SIM1
SIM2
SIM3
SIM4
1
21
22
SIM5
SIM1
SIM2
SIM3
SIM4
1
21
22
SIM5
SIM1
SIM2
SIM3
SIM4
1
21
22
SIM5
SIM1
SIM2
SIM3
SIM4
1
21
22
SIM5
SIM1
SIM2
SIM3
SIM4
1
21
22
SIM5
SIM1
SIM2
SIM3
SIM4
1
21
22
SIM5
SIM1
SIM2
SIM3
SIM4
1
21
22
SIM5
SIM1
SIM2
SIM3
SIM4
1
21
22
SIM5
SIM1
SIM2
SIM3
SIM4
1
21
22
SIM5
SIM1
SIM2
SIM3
SIM4
1
21
22
SIM5
SIM1
SIM2
SIM3
SIM4
1
21
22
SIM5
SIM1
SIM2
SIM3
SIM4
1
21
22
SIM5
SIM1
SIM2
SIM3
SIM4
1
21
22
SIM5
SIM1
SIM2
SIM3
SIM4
1
21
22
SIM5
SIM1
SIM2
SIM3
SIM4
1
21
22
SIM5
SIM1
SIM2
SIM3
SIM4
1
21
22
SIM5
SIM1
SIM2
SIM3
SIM4
1
21
22
SIM5
SIM1
SIM2
SIM3
SIM4
1
21
22
SIM5
SIM1
SIM2
SIM3
SIM4
1
21
22
SIM5
SIM1
SIM2
SIM3
SIM4
1
21
22
SIM5
SIM1
SIM2
SIM3
SIM4
1
21
22
SIM5
SIM1
SIM2
SIM3
SIM4
1
21
22
SIM5
SIM1
SIM2
SIM3
SIM4
1
21
22
SIM5
SIM1
SIM2
SIM3
SIM4
1
21
22
SIM5
SIM1
SIM2
SIM3
SIM4
1
21
22
SIM5
SIM1
SIM2
SIM3
SIM4
1
21
22
SIM5
SIM1
SIM2
SIM3
SIM4
1
21
22
SIM5
SIM1
SIM2
SIM3
SIM4
1
21
22
SIM5
SIM1
SIM2
SIM3
SIM4
1
21
22
SIM5
SIM1
SIM2
SIM3
SIM4
1
21
22
SIM5
SIM1
SIM2
SIM3
SIM4
1
21
22
SIM5
SIM1
SIM2
SIM3
SIM4
1
21
22
SIM5
SIM1
SIM2
SIM3
SIM4
1
21
22
SIM5
SIM1
SIM2
SIM3
SIM4
1
21
22
SIM5
SIM1
SIM2
SIM3
SIM4
1
21
22
SIM5
SIM1
SIM2
SIM3
SIM4
1
21
22
SIM5
SIM1
SIM2
SIM3
SIM4
1
21
22
SIM5
SIM1
SIM2
SIM3
SIM4
1
21
22
SIM5
SIM1
SIM2
SIM3
SIM4
1
21
22
SIM5
SIM1
SIM2
SIM3
SIM4
1
21
22
SIM5
SIM1
SIM2
SIM3
SIM4
1
21
22
SIM5
SIM1
SIM2
SIM3
SIM4
1
21
22
SIM5
SIM1
SIM2
SIM3
SIM4
1
21
22
SIM5
SIM1
SIM2
SIM3
SIM4
1
21
22
SIM5
SIM1
SIM2
SIM3
SIM4
1
21
22
SIM5
SIM1
SIM2
SIM3
SIM4
1
21
22
SIM5
SIM1
SIM2
SIM3
SIM4
1
21
22
SIM5
SIM1
SIM2
SIM3
SIM4
1
21
22
SIM5
SIM1
SIM2
SIM3
SIM4
1
21
22
SIM5
SIM1
SIM2
SIM3
SIM4
1
21
22
SIM5
SIM1
SIM2
SIM3
SIM4
1
21
22
SIM5
SIM1
SIM2
SIM3
SIM4
1
21
22
SIM5
SIM1
SIM2
SIM3
SIM4
1
21
22
SIM5
SIM1
SIM2
SIM3
SIM4
1
21
22
SIM5
SIM1
SIM2
SIM3
SIM4
1
21
22
SIM5
SIM1
SIM2
SIM3
SIM4
1
21
22
SIM5
SIM1
SIM2
SIM3
SIM4
1
21
22
SIM5
SIM1
SIM2
SIM3
SIM4
1
21
22
SIM5
SIM1
SIM2
SIM3
SIM4
1
21
22
SIM5
SIM1
SIM2
SIM3
SIM4
1
21
22
SIM5
SIM1
SIM2
SIM3
SIM4
1
21
22
SIM5
SIM1
SIM2
SIM3
SIM4
1
21
22
SIM5
SIM1
SIM2
SIM3
SIM4
1
21
22
SIM5
SIM1
SIM2
SIM3
SIM4
1
21
22
SIM5
SIM1
SIM2
SIM3
SIM4
1
21
22
SIM5
SIM1
SIM2
SIM3
SIM4
1
21
22
SIM5
SIM1
SIM2
SIM3
SIM4
1
21
22
SIM5
SIM1
SIM2
SIM3
SIM4
1
21
22
SIM5
SIM1
SIM2
SIM3
SIM4
1
21
22
SIM5
SIM1
SIM2
SIM3
SIM4
1
21
22
SIM5
SIM1
SIM2
SIM3
SIM4
1
21
22
SIM5
SIM1
SIM2
SIM3
SIM4
1
21
22
SIM5
SIM1
SIM2
SIM3
SIM4
1
21
22
SIM5
SIM1
SIM2
SIM3
SIM4
1
21
22
SIM5
SIM1
SIM2
SIM3
SIM4
1
21
22
SIM5
SIM1
SIM2
SIM3
SIM4
1
21
22
SIM5
SIM1
SIM2
SIM3
SIM4
1
21
22
SIM5
SIM1
SIM2
SIM3
SIM4
1
21
22
SIM5
SIM1
SIM2
SIM3
SIM4
1
21
22
SIM5
SIM1
SIM2
SIM3
SIM4
1
21
22
SIM5
SIM1
SIM2
SIM3
SIM4
1
21
22
SIM5
SIM1
SIM2
SIM3
SIM4
1
21
22
SIM5
SIM1
SIM2
SIM3
SIM4
1
21
22
SIM5
SIM1
SIM2
SIM3
SIM4
1
21
22
SIM5
SIM1
SIM2
SIM3
SIM4
1
21
22
SIM5
SIM1
SIM2
SIM3
SIM4
1
21
22
SIM5
SIM1
SIM2
SIM3
SIM4
1
21
22
SIM5
SIM1
SIM2
SIM3
SIM4
1
21
22
SIM5
SIM1
SIM2
SIM3
SIM4
1
21
22
SIM5
SIM1
SIM2
SIM3
SIM4
1
21
22
SIM5
SIM1
SIM2
SIM3
SIM4
1
21
22
SIM5
SIM1
SIM2
SIM3
SIM4
1
21
22
SIM5
SIM1
SIM2
SIM3
SIM4
1
21
22
SIM5
SIM1
SIM2
SIM3
SIM4
1
21
22
SIM5
SIM1
SIM2
SIM3
SIM4
1
21
22
SIM5
SIM1
SIM2
SIM3
SIM4
1
21
22
SIM5
SIM1
SIM2
SIM3
SIM4
1
21
22
SIM5
SIM1
SIM2
SIM3
SIM4
1
21
22
SIM5
SIM1
SIM2
SIM3
SIM4
1
21
22
SIM5
SIM1
SIM2
SIM3
SIM4
1
21
22
SIM5
SIM1
SIM2
SIM3
SIM4
1
21
22
SIM5
SIM1
SIM2
SIM3
SIM4
1
21
22
SIM5
SIM1
SIM2
SIM3
SIM4
1
21
22
SIM5
SIM1
SIM2
SIM3
SIM4
1
21
22
SIM5
SIM1
SIM2
SIM3
SIM4
1
21
22
SIM5
SIM1
SIM2
SIM3
SIM4
1
21
22
SIM5
SIM1
SIM2
SIM3
SIM4
1
21
22
SIM5
SIM1
SIM2
SIM3
SIM4
1
21
22
SIM5
SIM1
SIM2
SIM3
SIM4
1
21
22
SIM5
SIM1
SIM2
SIM3
SIM4
1
21
22
SIM5
SIM1
SIM2
SIM3
SIM4
1
21
22
SIM5
SIM1
SIM2
SIM3
SIM4
1
21
22
SIM5
SIM1
SIM2
SIM3
SIM4
1
21
22
SIM5
SIM1
SIM2
SIM3
SIM4
1
21
22
SIM5
SIM1
SIM2
SIM3
SIM4
1
21
22
SIM5
SIM1
SIM2
SIM3
SIM4
1
21
22
SIM5
SIM1
SIM2
SIM3
SIM4
1
21
22
SIM5
SIM1
SIM2
SIM3
SIM4
1
21
22
SIM5
SIM1
SIM2
SIM3
SIM4
1
21
22
SIM5
SIM1
SIM2
SIM3
SIM4
1
21
22
SIM5
SIM1
SIM2
SIM3
SIM4
1
21
22
SIM5
SIM1
SIM2
SIM3
SIM4
1
21
22
SIM5
SIM1
SIM2
SIM3
SIM4
1
21
22
SIM5
SIM1
SIM2
SIM3
SIM4
1
21
22
SIM5
SIM1
SIM2
SIM3
SIM4
1
21
22
SIM5
SIM1
SIM2
SIM3
SIM4
1
21
22
SIM5
SIM1
SIM2
SIM3
SIM4
1
21
22
SIM5
SIM1
SIM2
SIM3
SIM4
1
21
22
SIM5
SIM1
SIM2
SIM3
SIM4
1
21
22
SIM5
SIM1
SIM2
SIM3
SIM4
1
21
22
SIM5
SIM1
SIM2
SIM3
SIM4
1
21
22
SIM5
SIM1
SIM2
SIM3
SIM4
1
21
22
SIM5
SIM1
SIM2
SIM3
SIM4
1
21
22
SIM5
SIM1
SIM2
SIM3
SIM4
1
21
22
SIM5
SIM1
SIM2
SIM3
SIM4
1
21
22
SIM5
SIM1
SIM2
SIM3
SIM4
1
21
22
SIM5
SIM1
SIM2
SIM3
SIM4
1
21
22
SIM5
SIM1
SIM2
SIM3
SIM4
1
21
22
SIM5
SIM1
SIM2
SIM3
SIM4
1
21
22
SIM5
SIM1
SIM2
SIM3
SIM4
1
21
22
SIM5
SIM1
SIM2
SIM3
SIM4
1
21
22
SIM5
SIM1
SIM2
SIM3
SIM4
1
21
22
SIM5
SIM1
SIM2
SIM3
SIM4
1
21
22
SIM5
SIM1
SIM2
SIM3
SIM4
1
21
22
SIM5
SIM1
SIM2
SIM3
SIM4
1
21
22
SIM5
SIM1
SIM2
SIM3
SIM4
1
21
22
SIM5
SIM1
SIM2
SIM3
SIM4
1
21
22
SIM5
SIM1
SIM2
DEBUG 1 176
SIM1
SIM2
SIM3
SIM4
1
21
22
SIM5
SIM1
SIM2
SIM3
SIM4
1
21
22
SIM5
SIM1
SIM2
SIM3
SIM4
1
21
22
SIM5
SIM1
SIM2
SIM3
SIM4
1
21
22
SIM5
SIM1
SIM2
SIM3
SIM4
1
21
22
SIM5
SIM1
SIM2
SIM3
SIM4
1
21
22
SIM5
SIM1
SIM2
SIM3
SIM4
1
21
22
SIM5
SIM1
SIM2
SIM3
SIM4
1
21
22
SIM5
SIM1
SIM2
SIM3
SIM4
1
21
22
SIM5
SIM1
SIM2
SIM3
SIM4
1
21
22
SIM5
SIM1
SIM2
SIM3
SIM4
1
21
22
SIM5
SIM1
SIM2
SIM3
SIM4
1
21
22
SIM5
SIM1
SIM2
SIM3
SIM4
1
21
22
SIM5
SIM1
SIM2
SIM3
SIM4
1
21
22
SIM5
SIM1
SIM2
SIM3
SIM4
1
21
22
SIM5
SIM1
SIM2
SIM3
SIM4
1
21
22
SIM5
SIM1
SIM2
SIM3
SIM4
1
21
22
SIM5
SIM1
SIM2
SIM3
SIM4
1
21
22
SIM5
SIM1
SIM2
SIM3
SIM4
1
21
22
SIM5
SIM1
SIM2
SIM3
SIM4
1
21
22
SIM5
SIM1
SIM2
SIM3
SIM4
1
21
22
SIM5
SIM1
SIM2
SIM3
SIM4
1
21
22
SIM5
SIM1
SIM2
SIM3
SIM4
1
21
22
SIM5
SIM1
SIM2
SIM3
SIM4
1
21
22
SIM5
SIM1
SIM2
SIM3
SIM4
1
21
22
SIM5
SIM1
SIM2
SIM3
SIM4
1
21
22
SIM5
SIM1
SIM2
SIM3
SIM4
1
21
22
SIM5
SIM1
SIM2
SIM3
SIM4
1
21
22
SIM5
SIM1
SIM2
SIM3
SIM4
1
21
22
SIM5
SIM1
SIM2
SIM3
SIM4
1
21
22
SIM5
SIM1
SIM2
SIM3
SIM4
1
21
22
SIM5
SIM1
SIM2
SIM3
SIM4
1
21
22
SIM5
SIM1
SIM2
SIM3
SIM4
1
21
22
SIM5
SIM1
SIM2
SIM3
SIM4
1
21
22
SIM5
SIM1
SIM2
SIM3
SIM4
1
21
22
SIM5
SIM1
SIM2
SIM3
SIM4
1
21
22
SIM5
SIM1
SIM2
SIM3
SIM4
1
21
22
SIM5
SIM1
SIM2
SIM3
SIM4
1
21
22
SIM5
SIM1
SIM2
SIM3
SIM4
1
21
22
SIM5
SIM1
SIM2
SIM3
SIM4
1
21
22
SIM5
SIM1
SIM2
SIM3
SIM4
1
21
22
SIM5
SIM1
SIM2
SIM3
SIM4
1
21
22
SIM5
SIM1
SIM2
SIM3
SIM4
1
21
22
SIM5
SIM1
SIM2
SIM3
SIM4
1
21
22
SIM5
SIM1
SIM2
SIM3
SIM4
1
21
22
SIM5
SIM1
SIM2
SIM3
SIM4
1
21
22
SIM5
SIM1
SIM2
SIM3
SIM4
1
21
22
SIM5
SIM1
SIM2
SIM3
SIM4
1
21
22
SIM5
SIM1
SIM2
SIM3
SIM4
1
21
22
SIM5
SIM1
SIM2
SIM3
SIM4
1
21
22
SIM5
SIM1
SIM2
SIM3
SIM4
1
21
22
SIM5
SIM1
SIM2
SIM3
SIM4
1
21
22
SIM5
SIM1
SIM2
SIM3
SIM4
1
21
22
SIM5
SIM1
SIM2
SIM3
SIM4
1
21
22
SIM5
SIM1
SIM2
SIM3
SIM4
1
21
22
SIM5
SIM1
SIM2
SIM3
SIM4
1
21
22
SIM5
SIM1
SIM2
SIM3
SIM4
1
21
22
SIM5
SIM1
SIM2
SIM3
SIM4
1
21
22
SIM5
SIM1
SIM2
SIM3
SIM4
1
21
22
SIM5
SIM1
SIM2
SIM3
SIM4
1
21
22
SIM5
SIM1
SIM2
SIM3
SIM4
1
21
22
SIM5
SIM1
SIM2
SIM3
SIM4
1
21
22
SIM5
SIM1
SIM2
SIM3
SIM4
1
21
22
SIM5
SIM1
SIM2
SIM3
SIM4
1
21
22
SIM5
SIM1
SIM2
SIM3
SIM4
1
21
22
SIM5
SIM1
SIM2
SIM3
SIM4
1
21
22
SIM5
SIM1
SIM2
SIM3
SIM4
1
21
22
SIM5
SIM1
SIM2
SIM3
SIM4
1
21
22
SIM5
SIM1
SIM2
SIM3
SIM4
1
21
22
SIM5
SIM1
SIM2
SIM3
SIM4
1
21
22
SIM5
SIM1
SIM2
SIM3
SIM4
1
21
22
SIM5
SIM1
SIM2
SIM3
SIM4
1
21
22
SIM5
SIM1
SIM2
SIM3
SIM4
1
21
22
SIM5
SIM1
SIM2
SIM3
SIM4
1
21
22
SIM5
SIM1
SIM2
SIM3
SIM4
1
21
22
SIM5
SIM1
SIM2
SIM3
SIM4
1
21
22
SIM5
SIM1
SIM2
SIM3
SIM4
1
21
22
SIM5
SIM1
SIM2
SIM3
SIM4
1
21
22
SIM5
SIM1
SIM2
SIM3
SIM4
1
21
22
SIM5
SIM1
SIM2
SIM3
SIM4
1
21
22
SIM5
SIM1
SIM2
SIM3
SIM4
1
21
22
SIM5
SIM1
SIM2
SIM3
SIM4
1
21
22
SIM5
SIM1
SIM2
SIM3
SIM4
1
21
22
SIM5
SIM1
SIM2
SIM3
SIM4
1
21
22
SIM5
SIM1
SIM2
SIM3
SIM4
1
21
22
SIM5
SIM1
SIM2
SIM3
SIM4
1
21
22
SIM5
SIM1
SIM2
SIM3
SIM4
1
21
22
SIM5
SIM1
SIM2
SIM3
SIM4
1
21
22
SIM5
SIM1
SIM2
SIM3
SIM4
1
21
22
SIM5
SIM1
SIM2
SIM3
SIM4
1
21
22
SIM5
SIM1
SIM2
SIM3
SIM4
1
21
22
SIM5
SIM1
SIM2
SIM3
SIM4
1
21
22
SIM5
SIM1
SIM2
SIM3
SIM4
1
21
22
SIM5
SIM1
SIM2
SIM3
SIM4
1
21
22
SIM5
SIM1
SIM2
SIM3
SIM4
1
21
22
SIM5
SIM1
SIM2
SIM3
SIM4
1
21
22
SIM5
SIM1
SIM2
SIM3
SIM4
1
21
22
SIM5
SIM1
SIM2
SIM3
SIM4
1
21
22
SIM5
SIM1
SIM2
SIM3
SIM4
1
21
22
SIM5
SIM1
SIM2
SIM3
SIM4
1
21
22
SIM5
SIM1
SIM2
SIM3
SIM4
1
21
22
SIM5
SIM1
SIM2
SIM3
SIM4
1
21
22
SIM5
SIM1
SIM2
SIM3
SIM4
1
21
22
SIM5
SIM1
SIM2
SIM3
SIM4
1
21
22
SIM5
SIM1
SIM2
SIM3
SIM4
1
21
22
SIM5
SIM1
SIM2
SIM3
SIM4
1
21
22
SIM5
SIM1
SIM2
SIM3
SIM4
1
21
22
SIM5
SIM1
SIM2
SIM3
SIM4
1
21
22
SIM5
SIM1
SIM2
SIM3
SIM4
1
21
22
SIM5
SIM1
SIM2
SIM3
SIM4
1
21
22
SIM5
SIM1
SIM2
SIM3
SIM4
1
21
22
SIM5
SIM1
SIM2
SIM3
SIM4
1
21
22
SIM5
SIM1
SIM2
SIM3
SIM4
1
21
22
SIM5
SIM1
SIM2
SIM3
SIM4
1
21
22
SIM5
SIM1
SIM2
SIM3
SIM4
1
21
22
SIM5
SIM1
SIM2
SIM3
SIM4
1
21
22
SIM5
SIM1
SIM2
SIM3
SIM4
1
21
22
SIM5
SIM1
SIM2
SIM3
SIM4
1
21
22
SIM5
SIM1
SIM2
SIM3
SIM4
1
21
22
SIM5
SIM1
SIM2
SIM3
SIM4
1
21
22
SIM5
SIM1
SIM2
SIM3
SIM4
1
21
22
SIM5
SIM1
SIM2
SIM3
SIM4
1
21
22
SIM5
SIM1
SIM2
SIM3
SIM4
1
21
22
SIM5
SIM1
SIM2
SIM3
SIM4
1
21
22
SIM5
SIM1
SIM2
SIM3
SIM4
1
21
22
SIM5
SIM1
SIM2
SIM3
SIM4
1
21
22
SIM5
SIM1
SIM2
SIM3
SIM4
1
21
22
SIM5
SIM1
SIM2
SIM3
SIM4
1
21
22
SIM5
SIM1
SIM2
SIM3
SIM4
1
21
22
SIM5
SIM1
SIM2
SIM3
SIM4
1
21
22
SIM5
SIM1
SIM2
SIM3
SIM4
1
21
22
SIM5
SIM1
SIM2
SIM3
SIM4
1
21
22
SIM5
SIM1
SIM2
SIM3
SIM4
1
21
22
SIM5
SIM1
SIM2
SIM3
SIM4
1
21
22
SIM5
SIM1
SIM2
SIM3
SIM4
1
21
22
SIM5
SIM1
SIM2
SIM3
SIM4
1
21
22
SIM5
SIM1
SIM2
SIM3
SIM4
1
21
22
SIM5
SIM1
SIM2
SIM3
SIM4
1
21
22
SIM5
SIM1
SIM2
SIM3
SIM4
1
21
22
SIM5
SIM1
SIM2
SIM3
SIM4
1
21
22
SIM5
SIM1
SIM2
SIM3
SIM4
1
21
22
SIM5
SIM1
SIM2
SIM3
SIM4
1
21
22
SIM5
SIM1
SIM2
SIM3
SIM4
1
21
22
SIM5
SIM1
SIM2
SIM3
SIM4
1
21
22
SIM5
SIM1
SIM2
SIM3
SIM4
1
21
22
SIM5
SIM1
SIM2
SIM3
SIM4
1
21
22
SIM5
SIM1
SIM2
SIM3
SIM4
1
21
22
SIM5
SIM1
SIM2
SIM3
SIM4
1
21
22
SIM5
SIM1
SIM2
SIM3
SIM4
1
21
22
SIM5
SIM1
SIM2
SIM3
SIM4
1
21
22
SIM5
SIM1
SIM2
SIM3
SIM4
1
21
22
SIM5
SIM1
SIM2
SIM3
SIM4
1
21
22
SIM5
SIM1
SIM2
SIM3
SIM4
1
21
22
SIM5
SIM1
SIM2
SIM3
SIM4
1
21
22
SIM5
SIM1
SIM2
SIM3
SIM4
1
21
22
SIM5
SIM1
SIM2
SIM3
SIM4
1
21
22
SIM5
SIM1
SIM2
SIM3
SIM4
1
21
22
SIM5
SIM1
SIM2
SIM3
SIM4
1
21
22
SIM5
SIM1
SIM2
SIM3
SIM4
1
21
22
SIM5
SIM1
SIM2
SIM3
SIM4
1
21
22
SIM5
SIM1
SIM2
SIM3
SIM4
1
21
22
SIM5
SIM1
SIM2
SIM3
SIM4
1
21
22
SIM5
SIM1
SIM2
SIM3
SIM4
1
21
22
SIM5
SIM1
SIM2
SIM3
SIM4
1
21
22
SIM5
SIM1
SIM2
SIM3
SIM4
1
21
22
SIM5
SIM1
SIM2
SIM3
SIM4
1
21
22
SIM5
SIM1
SIM2
SIM3
SIM4
1
21
22
SIM5
SIM1
SIM2
SIM3
SIM4
1
21
22
SIM5
SIM1
SIM2
SIM3
SIM4
1
21
22
SIM5
SIM1
SIM2
SIM3
SIM4
1
21
22
SIM5
SIM1
SIM2
SIM3
SIM4
1
21
22
SIM5
SIM1
SIM2
SIM3
SIM4
1
21
22
SIM5
SIM1
SIM2
SIM3
SIM4
1
21
22
SIM5
SIM1
SIM2
SIM3
SIM4
1
21
22
SIM5
SIM1
SIM2
SIM3
SIM4
1
21
22
SIM5
SIM1
SIM2
SIM3
SIM4
1
21
22
SIM5
SIM1
SIM2
SIM3
SIM4
1
21
22
SIM5
SIM1
SIM2
SIM3
SIM4
1
21
22
SIM5
SIM1
SIM2
SIM3
SIM4
1
21
22
SIM5
SIM1
SIM2
SIM3
SIM4
1
21
22
SIM5
SIM1
SIM2
SIM3
SIM4
1
21
22
SIM5
SIM1
SIM2
SIM3
SIM4
1
21
22
SIM5
SIM1
SIM2
SIM3
SIM4
1
21
22
SIM5
SIM1
SIM2
SIM3
SIM4
1
21
22
SIM5
SIM1
SIM2
SIM3
SIM4
1
21
22
SIM5
SIM1
SIM2
SIM3
SIM4
1
21
22
SIM5
SIM1
SIM2
SIM3
SIM4
1
21
22
SIM5
SIM1
SIM2
SIM3
SIM4
1
21
22
SIM5
SIM1
SIM2
SIM3
SIM4
1
21
22
SIM5
SIM1
SIM2
SIM3
SIM4
1
21
22
SIM5
SIM1
SIM2
SIM3
SIM4
1
21
22
SIM5
SIM1
SIM2
SIM3
SIM4
1
21
22
SIM5
SIM1
SIM2
SIM3
SIM4
1
21
22
SIM5
SIM1
SIM2
SIM3
SIM4
1
21
22
SIM5
SIM1
SIM2
SIM3
SIM4
1
21
22
SIM5
SIM1
SIM2
SIM3
SIM4
1
21
22
SIM5
SIM1
SIM2
SIM3
SIM4
1
21
22
SIM5
SIM1
SIM2
SIM3
SIM4
1
21
22
SIM5
SIM1
SIM2
SIM3
SIM4
1
21
22
SIM5
SIM1
SIM2
SIM3
SIM4
1
21
22
SIM5
SIM1
SIM2
SIM3
SIM4
1
21
22
SIM5
SIM1
SIM2
SIM3
SIM4
1
21
22
SIM5
SIM1
SIM2
SIM3
SIM4
1
21
22
SIM5
SIM1
SIM2
SIM3
SIM4
1
21
22
SIM5
SIM1
SIM2
SIM3
SIM4
1
21
22
SIM5
SIM1
SIM2
SIM3
SIM4
1
21
22
SIM5
SIM1
SIM2
SIM3
SIM4
1
21
22
SIM5
SIM1
SIM2
SIM3
SIM4
1
21
22
SIM5
SIM1
SIM2
SIM3
SIM4
1
21
22
SIM5
SIM1
SIM2
SIM3
SIM4
1
21
22
SIM5
SIM1
SIM2
SIM3
SIM4
1
21
22
SIM5
SIM1
SIM2
SIM3
SIM4
1
21
22
SIM5
SIM1
SIM2
SIM3
SIM4
1
21
22
SIM5
SIM1
SIM2
SIM3
SIM4
1
21
22
SIM5
SIM1
SIM2
SIM3
SIM4
1
21
22
SIM5
SIM1
SIM2
SIM3
SIM4
1
21
22
SIM5
SIM1
SIM2
SIM3
SIM4
1
21
22
SIM5
SIM1
SIM2
SIM3
SIM4
1
21
22
SIM5
SIM1
SIM2
SIM3
SIM4
1
21
22
SIM5
SIM1
SIM2
SIM3
SIM4
1
21
22
SIM5
SIM1
SIM2
SIM3
SIM4
1
21
22
SIM5
SIM1
SIM2
SIM3
SIM4
1
21
22
SIM5
SIM1
SIM2
SIM3
SIM4
1
21
22
SIM5
SIM1
SIM2
SIM3
SIM4
1
21
22
SIM5
SIM1
SIM2
SIM3
SIM4
1
21
22
SIM5
SIM1
SIM2
SIM3
SIM4
1
21
22
SIM5
SIM1
SIM2
SIM3
SIM4
1
21
22
SIM5
SIM1
SIM2
SIM3
SIM4
1
21
22
SIM5
SIM1
SIM2
SIM3
SIM4
1
21
22
SIM5
SIM1
SIM2
SIM3
SIM4
1
21
22
SIM5
SIM1
SIM2
SIM3
SIM4
1
21
22
SIM5
SIM1
SIM2
SIM3
SIM4
1
21
22
SIM5
SIM1
SIM2
SIM3
SIM4
1
21
22
SIM5
SIM1
SIM2
SIM3
SIM4
1
21
22
SIM5
SIM1
SIM2
SIM3
SIM4
1
21
22
SIM5
SIM1
SIM2
SIM3
SIM4
1
21
22
SIM5
SIM1
SIM2
SIM3
SIM4
1
21
22
SIM5
SIM1
SIM2
SIM3
SIM4
1
21
22
SIM5
SIM1
SIM2
SIM3
SIM4
1
21
22
SIM5
SIM1
SIM2
SIM3
SIM4
1
21
22
SIM5
SIM1
SIM2
SIM3
SIM4
1
21
22
SIM5
SIM1
SIM2
SIM3
SIM4
1
21
22
SIM5
SIM1
SIM2
SIM3
SIM4
1
21
22
SIM5
SIM1
SIM2
SIM3
SIM4
1
21
22
SIM5
SIM1
SIM2
SIM3
SIM4
1
21
22
SIM5
SIM1
SIM2
SIM3
SIM4
1
21
22
SIM5
SIM1
SIM2
SIM3
SIM4
1
21
22
SIM5
SIM1
SIM2
SIM3
SIM4
1
21
22
SIM5
SIM1
SIM2
SIM3
SIM4
1
21
22
SIM5
SIM1
SIM2
SIM3
SIM4
1
21
22
SIM5
SIM1
SIM2
SIM3
SIM4
1
21
22
SIM5
SIM1
SIM2
SIM3
SIM4
1
21
22
SIM5
SIM1
SIM2
DEBUG 1 177
SIM1
SIM2
SIM3
SIM4
1
21
22
SIM5
SIM1
SIM2
SIM3
SIM4
1
21
22
SIM5
SIM1
SIM2
SIM3
SIM4
1
21
22
SIM5
SIM1
SIM2
SIM3
SIM4
1
21
22
SIM5
SIM1
SIM2
SIM3
SIM4
1
21
22
SIM5
SIM1
SIM2
SIM3
SIM4
1
21
22
SIM5
SIM1
SIM2
SIM3
SIM4
1
21
22
SIM5
SIM1
SIM2
SIM3
SIM4
1
21
22
SIM5
SIM1
SIM2
SIM3
SIM4
1
21
22
SIM5
SIM1
SIM2
SIM3
SIM4
1
21
22
SIM5
SIM1
SIM2
SIM3
SIM4
1
21
22
SIM5
SIM1
SIM2
SIM3
SIM4
1
21
22
SIM5
SIM1
SIM2
SIM3
SIM4
1
21
22
SIM5
SIM1
SIM2
SIM3
SIM4
1
21
22
SIM5
SIM1
SIM2
SIM3
SIM4
1
21
22
SIM5
SIM1
SIM2
SIM3
SIM4
1
21
22
SIM5
SIM1
SIM2
SIM3
SIM4
1
21
22
SIM5
SIM1
SIM2
SIM3
SIM4
1
21
22
SIM5
SIM1
SIM2
SIM3
SIM4
1
21
22
SIM5
SIM1
SIM2
SIM3
SIM4
1
21
22
SIM5
SIM1
SIM2
SIM3
SIM4
1
21
22
SIM5
SIM1
SIM2
SIM3
SIM4
1
21
22
SIM5
SIM1
SIM2
SIM3
SIM4
1
21
22
SIM5
SIM1
SIM2
SIM3
SIM4
1
21
22
SIM5
SIM1
SIM2
SIM3
SIM4
1
21
22
SIM5
SIM1
SIM2
SIM3
SIM4
1
21
22
SIM5
SIM1
SIM2
SIM3
SIM4
1
21
22
SIM5
SIM1
SIM2
SIM3
SIM4
1
21
22
SIM5
SIM1
SIM2
SIM3
SIM4
1
21
22
SIM5
SIM1
SIM2
SIM3
SIM4
1
21
22
SIM5
SIM1
SIM2
SIM3
SIM4
1
21
22
SIM5
SIM1
SIM2
SIM3
SIM4
1
21
22
SIM5
SIM1
SIM2
SIM3
SIM4
1
21
22
SIM5
SIM1
SIM2
SIM3
SIM4
1
21
22
SIM5
SIM1
SIM2
SIM3
SIM4
1
21
22
SIM5
SIM1
SIM2
SIM3
SIM4
1
21
22
SIM5
SIM1
SIM2
SIM3
SIM4
1
21
22
SIM5
SIM1
SIM2
SIM3
SIM4
1
21
22
SIM5
SIM1
SIM2
SIM3
SIM4
1
21
22
SIM5
SIM1
SIM2
SIM3
SIM4
1
21
22
SIM5
SIM1
SIM2
SIM3
SIM4
1
21
22
SIM5
SIM1
SIM2
SIM3
SIM4
1
21
22
SIM5
SIM1
SIM2
SIM3
SIM4
1
21
22
SIM5
SIM1
SIM2
SIM3
SIM4
1
21
22
SIM5
SIM1
SIM2
SIM3
SIM4
1
21
22
SIM5
SIM1
SIM2
SIM3
SIM4
1
21
22
SIM5
SIM1
SIM2
SIM3
SIM4
1
21
22
SIM5
SIM1
SIM2
SIM3
SIM4
1
21
22
SIM5
SIM1
SIM2
SIM3
SIM4
1
21
22
SIM5
SIM1
SIM2
SIM3
SIM4
1
21
22
SIM5
SIM1
SIM2
SIM3
SIM4
1
21
22
SIM5
SIM1
SIM2
SIM3
SIM4
1
21
22
SIM5
SIM1
SIM2
SIM3
SIM4
1
21
22
SIM5
SIM1
SIM2
SIM3
SIM4
1
21
22
SIM5
SIM1
SIM2
SIM3
SIM4
1
21
22
SIM5
SIM1
SIM2
SIM3
SIM4
1
21
22
SIM5
SIM1
SIM2
SIM3
SIM4
1
21
22
SIM5
SIM1
SIM2
SIM3
SIM4
1
21
22
SIM5
SIM1
SIM2
SIM3
SIM4
1
21
22
SIM5
SIM1
SIM2
SIM3
SIM4
1
21
22
SIM5
SIM1
SIM2
SIM3
SIM4
1
21
22
SIM5
SIM1
SIM2
SIM3
SIM4
1
21
22
SIM5
SIM1
SIM2
SIM3
SIM4
1
21
22
SIM5
SIM1
SIM2
SIM3
SIM4
1
21
22
SIM5
SIM1
SIM2
SIM3
SIM4
1
21
22
SIM5
SIM1
SIM2
SIM3
SIM4
1
21
22
SIM5
SIM1
SIM2
SIM3
SIM4
1
21
22
SIM5
SIM1
SIM2
SIM3
SIM4
1
21
22
SIM5
SIM1
SIM2
SIM3
SIM4
1
21
22
SIM5
SIM1
SIM2
SIM3
SIM4
1
21
22
SIM5
SIM1
SIM2
SIM3
SIM4
1
21
22
SIM5
SIM1
SIM2
SIM3
SIM4
1
21
22
SIM5
SIM1
SIM2
SIM3
SIM4
1
21
22
SIM5
SIM1
SIM2
SIM3
SIM4
1
21
22
SIM5
SIM1
SIM2
SIM3
SIM4
1
21
22
SIM5
SIM1
SIM2
SIM3
SIM4
1
21
22
SIM5
SIM1
SIM2
SIM3
SIM4
1
21
22
SIM5
SIM1
SIM2
SIM3
SIM4
1
21
22
SIM5
SIM1
SIM2
SIM3
SIM4
1
21
22
SIM5
SIM1
SIM2
SIM3
SIM4
1
21
22
SIM5
SIM1
SIM2
SIM3
SIM4
1
21
22
SIM5
SIM1
SIM2
SIM3
SIM4
1
21
22
SIM5
SIM1
SIM2
SIM3
SIM4
1
21
22
SIM5
SIM1
SIM2
SIM3
SIM4
1
21
22
SIM5
SIM1
SIM2
SIM3
SIM4
1
21
22
SIM5
SIM1
SIM2
SIM3
SIM4
1
21
22
SIM5
SIM1
SIM2
SIM3
SIM4
1
21
22
SIM5
SIM1
SIM2
SIM3
SIM4
1
21
22
SIM5
SIM1
SIM2
SIM3
SIM4
1
21
22
SIM5
SIM1
SIM2
SIM3
SIM4
1
21
22
SIM5
SIM1
SIM2
SIM3
SIM4
1
21
22
SIM5
SIM1
SIM2
SIM3
SIM4
1
21
22
SIM5
SIM1
SIM2
SIM3
SIM4
1
21
22
SIM5
SIM1
SIM2
SIM3
SIM4
1
21
22
SIM5
SIM1
SIM2
SIM3
SIM4
1
21
22
SIM5
SIM1
SIM2
SIM3
SIM4
1
21
22
SIM5
SIM1
SIM2
SIM3
SIM4
1
21
22
SIM5
SIM1
SIM2
SIM3
SIM4
1
21
22
SIM5
SIM1
SIM2
SIM3
SIM4
1
21
22
SIM5
SIM1
SIM2
SIM3
SIM4
1
21
22
SIM5
SIM1
SIM2
SIM3
SIM4
1
21
22
SIM5
SIM1
SIM2
SIM3
SIM4
1
21
22
SIM5
SIM1
SIM2
SIM3
SIM4
1
21
22
SIM5
SIM1
SIM2
SIM3
SIM4
1
21
22
SIM5
SIM1
SIM2
SIM3
SIM4
1
21
22
SIM5
SIM1
SIM2
SIM3
SIM4
1
21
22
SIM5
SIM1
SIM2
SIM3
SIM4
1
21
22
SIM5
SIM1
SIM2
SIM3
SIM4
1
21
22
SIM5
SIM1
SIM2
SIM3
SIM4
1
21
22
SIM5
SIM1
SIM2
SIM3
SIM4
1
21
22
SIM5
SIM1
SIM2
SIM3
SIM4
1
21
22
SIM5
SIM1
SIM2
SIM3
SIM4
1
21
22
SIM5
SIM1
SIM2
SIM3
SIM4
1
21
22
SIM5
SIM1
SIM2
SIM3
SIM4
1
21
22
SIM5
SIM1
SIM2
SIM3
SIM4
1
21
22
SIM5
SIM1
SIM2
SIM3
SIM4
1
21
22
SIM5
SIM1
SIM2
SIM3
SIM4
1
21
22
SIM5
SIM1
SIM2
SIM3
SIM4
1
21
22
SIM5
SIM1
SIM2
SIM3
SIM4
1
21
22
SIM5
SIM1
SIM2
SIM3
SIM4
1
21
22
SIM5
SIM1
SIM2
SIM3
SIM4
1
21
22
SIM5
SIM1
SIM2
SIM3
SIM4
1
21
22
SIM5
SIM1
SIM2
SIM3
SIM4
1
21
22
SIM5
SIM1
SIM2
SIM3
SIM4
1
21
22
SIM5
SIM1
SIM2
SIM3
SIM4
1
21
22
SIM5
SIM1
SIM2
SIM3
SIM4
1
21
22
SIM5
SIM1
SIM2
SIM3
SIM4
1
21
22
SIM5
SIM1
SIM2
SIM3
SIM4
1
21
22
SIM5
SIM1
SIM2
SIM3
SIM4
1
21
22
SIM5
SIM1
SIM2
SIM3
SIM4
1
21
22
SIM5
SIM1
SIM2
SIM3
SIM4
1
21
22
SIM5
SIM1
SIM2
SIM3
SIM4
1
21
22
SIM5
SIM1
SIM2
SIM3
SIM4
1
21
22
SIM5
SIM1
SIM2
SIM3
SIM4
1
21
22
SIM5
SIM1
SIM2
SIM3
SIM4
1
21
22
SIM5
SIM1
SIM2
SIM3
SIM4
1
21
22
SIM5
SIM1
SIM2
SIM3
SIM4
1
21
22
SIM5
SIM1
SIM2
SIM3
SIM4
1
21
22
SIM5
SIM1
SIM2
SIM3
SIM4
1
21
22
SIM5
SIM1
SIM2
SIM3
SIM4
1
21
22
SIM5
SIM1
SIM2
SIM3
SIM4
1
21
22
SIM5
SIM1
SIM2
SIM3
SIM4
1
21
22
SIM5
SIM1
SIM2
SIM3
SIM4
1
21
22
SIM5
SIM1
SIM2
SIM3
SIM4
1
21
22
SIM5
SIM1
SIM2
SIM3
SIM4
1
21
22
SIM5
SIM1
SIM2
SIM3
SIM4
1
21
22
SIM5
SIM1
SIM2
SIM3
SIM4
1
21
22
SIM5
SIM1
SIM2
SIM3
SIM4
1
21
22
SIM5
SIM1
SIM2
SIM3
SIM4
1
21
22
SIM5
SIM1
SIM2
SIM3
SIM4
1
21
22
SIM5
SIM1
SIM2
SIM3
SIM4
1
21
22
SIM5
SIM1
SIM2
SIM3
SIM4
1
21
22
SIM5
SIM1
SIM2
SIM3
SIM4
1
21
22
SIM5
SIM1
SIM2
SIM3
SIM4
1
21
22
SIM5
SIM1
SIM2
SIM3
SIM4
1
21
22
SIM5
SIM1
SIM2
SIM3
SIM4
1
21
22
SIM5
SIM1
SIM2
SIM3
SIM4
1
21
22
SIM5
SIM1
SIM2
SIM3
SIM4
1
21
22
SIM5
SIM1
SIM2
SIM3
SIM4
1
21
22
SIM5
SIM1
SIM2
SIM3
SIM4
1
21
22
SIM5
SIM1
SIM2
SIM3
SIM4
1
21
22
SIM5
SIM1
SIM2
SIM3
SIM4
1
21
22
SIM5
SIM1
SIM2
SIM3
SIM4
1
21
22
SIM5
SIM1
SIM2
SIM3
SIM4
1
21
22
SIM5
SIM1
SIM2
SIM3
SIM4
1
21
22
SIM5
SIM1
SIM2
SIM3
SIM4
1
21
22
SIM5
SIM1
SIM2
SIM3
SIM4
1
21
22
SIM5
SIM1
SIM2
SIM3
SIM4
1
21
22
SIM5
SIM1
SIM2
SIM3
SIM4
1
21
22
SIM5
SIM1
SIM2
SIM3
SIM4
1
21
22
SIM5
SIM1
SIM2
SIM3
SIM4
1
21
22
SIM5
SIM1
SIM2
SIM3
SIM4
1
21
22
SIM5
SIM1
SIM2
SIM3
SIM4
1
21
22
SIM5
SIM1
SIM2
SIM3
SIM4
1
21
22
SIM5
SIM1
SIM2
SIM3
SIM4
1
21
22
SIM5
SIM1
SIM2
SIM3
SIM4
1
21
22
SIM5
SIM1
SIM2
SIM3
SIM4
1
21
22
SIM5
SIM1
SIM2
SIM3
SIM4
1
21
22
SIM5
SIM1
SIM2
SIM3
SIM4
1
21
22
SIM5
SIM1
SIM2
SIM3
SIM4
1
21
22
SIM5
SIM1
SIM2
SIM3
SIM4
1
21
22
SIM5
SIM1
SIM2
SIM3
SIM4
1
21
22
SIM5
SIM1
SIM2
DEBUG 1 178
SIM1
SIM2
SIM3
SIM4
1
21
22
SIM5
SIM1
SIM2
SIM3
SIM4
1
21
22
SIM5
SIM1
SIM2
SIM3
SIM4
1
21
22
SIM5
SIM1
SIM2
SIM3
SIM4
1
21
22
SIM5
SIM1
SIM2
SIM3
SIM4
1
21
22
SIM5
SIM1
SIM2
SIM3
SIM4
1
21
22
SIM5
SIM1
SIM2
SIM3
SIM4
1
21
22
SIM5
SIM1
SIM2
SIM3
SIM4
1
21
22
SIM5
SIM1
SIM2
SIM3
SIM4
1
21
22
SIM5
SIM1
SIM2
SIM3
SIM4
1
21
22
SIM5
SIM1
SIM2
SIM3
SIM4
1
21
22
SIM5
SIM1
SIM2
SIM3
SIM4
1
21
22
SIM5
SIM1
SIM2
SIM3
SIM4
1
21
22
SIM5
SIM1
SIM2
SIM3
SIM4
1
21
22
SIM5
SIM1
SIM2
SIM3
SIM4
1
21
22
SIM5
SIM1
SIM2
SIM3
SIM4
1
21
22
SIM5
SIM1
SIM2
SIM3
SIM4
1
21
22
SIM5
SIM1
SIM2
SIM3
SIM4
1
21
22
SIM5
SIM1
SIM2
SIM3
SIM4
1
21
22
SIM5
SIM1
SIM2
SIM3
SIM4
1
21
22
SIM5
SIM1
SIM2
SIM3
SIM4
1
21
22
SIM5
SIM1
SIM2
SIM3
SIM4
1
21
22
SIM5
SIM1
SIM2
SIM3
SIM4
1
21
22
SIM5
SIM1
SIM2
SIM3
SIM4
1
21
22
SIM5
SIM1
SIM2
SIM3
SIM4
1
21
22
SIM5
SIM1
SIM2
SIM3
SIM4
1
21
22
SIM5
SIM1
SIM2
SIM3
SIM4
1
21
22
SIM5
SIM1
SIM2
SIM3
SIM4
1
21
22
SIM5
SIM1
SIM2
SIM3
SIM4
1
21
22
SIM5
SIM1
SIM2
SIM3
SIM4
1
21
22
SIM5
SIM1
SIM2
SIM3
SIM4
1
21
22
SIM5
SIM1
SIM2
SIM3
SIM4
1
21
22
SIM5
SIM1
SIM2
SIM3
SIM4
1
21
22
SIM5
SIM1
SIM2
SIM3
SIM4
1
21
22
SIM5
SIM1
SIM2
SIM3
SIM4
1
21
22
SIM5
SIM1
SIM2
SIM3
SIM4
1
21
22
SIM5
SIM1
SIM2
SIM3
SIM4
1
21
22
SIM5
SIM1
SIM2
SIM3
SIM4
1
21
22
SIM5
SIM1
SIM2
SIM3
SIM4
1
21
22
SIM5
SIM1
SIM2
SIM3
SIM4
1
21
22
SIM5
SIM1
SIM2
SIM3
SIM4
1
21
22
SIM5
SIM1
SIM2
SIM3
SIM4
1
21
22
SIM5
SIM1
SIM2
SIM3
SIM4
1
21
22
SIM5
SIM1
SIM2
SIM3
SIM4
1
21
22
SIM5
SIM1
SIM2
SIM3
SIM4
1
21
22
SIM5
SIM1
SIM2
SIM3
SIM4
1
21
22
SIM5
SIM1
SIM2
SIM3
SIM4
1
21
22
SIM5
SIM1
SIM2
SIM3
SIM4
1
21
22
SIM5
SIM1
SIM2
SIM3
SIM4
1
21
22
SIM5
SIM1
SIM2
SIM3
SIM4
1
21
22
SIM5
SIM1
SIM2
SIM3
SIM4
1
21
22
SIM5
SIM1
SIM2
SIM3
SIM4
1
21
22
SIM5
SIM1
SIM2
SIM3
SIM4
1
21
22
SIM5
SIM1
SIM2
SIM3
SIM4
1
21
22
SIM5
SIM1
SIM2
SIM3
SIM4
1
21
22
SIM5
SIM1
SIM2
SIM3
SIM4
1
21
22
SIM5
SIM1
SIM2
SIM3
SIM4
1
21
22
SIM5
SIM1
SIM2
SIM3
SIM4
1
21
22
SIM5
SIM1
SIM2
SIM3
SIM4
1
21
22
SIM5
SIM1
SIM2
SIM3
SIM4
1
21
22
SIM5
SIM1
SIM2
SIM3
SIM4
1
21
22
SIM5
SIM1
SIM2
SIM3
SIM4
1
21
22
SIM5
SIM1
SIM2
SIM3
SIM4
1
21
22
SIM5
SIM1
SIM2
SIM3
SIM4
1
21
22
SIM5
SIM1
SIM2
SIM3
SIM4
1
21
22
SIM5
SIM1
SIM2
SIM3
SIM4
1
21
22
SIM5
SIM1
SIM2
SIM3
SIM4
1
21
22
SIM5
SIM1
SIM2
SIM3
SIM4
1
21
22
SIM5
SIM1
SIM2
SIM3
SIM4
1
21
22
SIM5
SIM1
SIM2
SIM3
SIM4
1
21
22
SIM5
SIM1
SIM2
SIM3
SIM4
1
21
22
SIM5
SIM1
SIM2
SIM3
SIM4
1
21
22
SIM5
SIM1
SIM2
SIM3
SIM4
1
21
22
SIM5
SIM1
SIM2
SIM3
SIM4
1
21
22
SIM5
SIM1
SIM2
SIM3
SIM4
1
21
22
SIM5
SIM1
SIM2
SIM3
SIM4
1
21
22
SIM5
SIM1
SIM2
SIM3
SIM4
1
21
22
SIM5
SIM1
SIM2
SIM3
SIM4
1
21
22
SIM5
SIM1
SIM2
SIM3
SIM4
1
21
22
SIM5
SIM1
SIM2
SIM3
SIM4
1
21
22
SIM5
SIM1
SIM2
SIM3
SIM4
1
21
22
SIM5
SIM1
SIM2
SIM3
SIM4
1
21
22
SIM5
SIM1
SIM2
SIM3
SIM4
1
21
22
SIM5
SIM1
SIM2
SIM3
SIM4
1
21
22
SIM5
SIM1
SIM2
SIM3
SIM4
1
21
22
SIM5
SIM1
SIM2
SIM3
SIM4
1
21
22
SIM5
SIM1
SIM2
SIM3
SIM4
1
21
22
SIM5
SIM1
SIM2
SIM3
SIM4
1
21
22
SIM5
SIM1
SIM2
SIM3
SIM4
1
21
22
SIM5
SIM1
SIM2
SIM3
SIM4
1
21
22
SIM5
SIM1
SIM2
SIM3
SIM4
1
21
22
SIM5
SIM1
SIM2
SIM3
SIM4
1
21
22
SIM5
SIM1
SIM2
SIM3
SIM4
1
21
22
SIM5
SIM1
SIM2
SIM3
SIM4
1
21
22
SIM5
SIM1
SIM2
SIM3
SIM4
1
21
22
SIM5
SIM1
SIM2
SIM3
SIM4
1
21
22
SIM5
SIM1
SIM2
SIM3
SIM4
1
21
22
SIM5
SIM1
SIM2
SIM3
SIM4
1
21
22
SIM5
SIM1
SIM2
SIM3
SIM4
1
21
22
SIM5
SIM1
SIM2
SIM3
SIM4
1
21
22
SIM5
SIM1
SIM2
SIM3
SIM4
1
21
22
SIM5
SIM1
SIM2
SIM3
SIM4
1
21
22
SIM5
SIM1
SIM2
SIM3
SIM4
1
21
22
SIM5
SIM1
SIM2
SIM3
SIM4
1
21
22
SIM5
SIM1
SIM2
SIM3
SIM4
1
21
22
SIM5
SIM1
SIM2
SIM3
SIM4
1
21
22
SIM5
SIM1
SIM2
SIM3
SIM4
1
21
22
SIM5
SIM1
SIM2
SIM3
SIM4
1
21
22
SIM5
SIM1
SIM2
SIM3
SIM4
1
21
22
SIM5
SIM1
SIM2
SIM3
SIM4
1
21
22
SIM5
SIM1
SIM2
SIM3
SIM4
1
21
22
SIM5
SIM1
SIM2
SIM3
SIM4
1
21
22
SIM5
SIM1
SIM2
SIM3
SIM4
1
21
22
SIM5
SIM1
SIM2
SIM3
SIM4
1
21
22
SIM5
SIM1
SIM2
SIM3
SIM4
1
21
22
SIM5
SIM1
SIM2
SIM3
SIM4
1
21
22
SIM5
SIM1
SIM2
SIM3
SIM4
1
21
22
SIM5
SIM1
SIM2
SIM3
SIM4
1
21
22
SIM5
SIM1
SIM2
SIM3
SIM4
1
21
22
SIM5
SIM1
SIM2
SIM3
SIM4
1
21
22
SIM5
SIM1
SIM2
SIM3
SIM4
1
21
22
SIM5
SIM1
SIM2
SIM3
SIM4
1
21
22
SIM5
SIM1
SIM2
SIM3
SIM4
1
21
22
SIM5
SIM1
SIM2
SIM3
SIM4
1
21
22
SIM5
SIM1
SIM2
SIM3
SIM4
1
21
22
SIM5
SIM1
SIM2
SIM3
SIM4
1
21
22
SIM5
SIM1
SIM2
SIM3
SIM4
1
21
22
SIM5
SIM1
SIM2
SIM3
SIM4
1
21
22
SIM5
SIM1
SIM2
DEBUG 1 179
SIM1
SIM2
SIM3
SIM4
1
21
22
SIM5
SIM1
SIM2
SIM3
SIM4
1
21
22
SIM5
SIM1
SIM2
SIM3
SIM4
1
21
22
SIM5
SIM1
SIM2
SIM3
SIM4
1
21
22
SIM5
SIM1
SIM2
SIM3
SIM4
1
21
22
SIM5
SIM1
SIM2
SIM3
SIM4
1
21
22
SIM5
SIM1
SIM2
SIM3
SIM4
1
21
22
SIM5
SIM1
SIM2
SIM3
SIM4
1
21
22
SIM5
SIM1
SIM2
SIM3
SIM4
1
21
22
SIM5
SIM1
SIM2
SIM3
SIM4
1
21
22
SIM5
SIM1
SIM2
SIM3
SIM4
1
21
22
SIM5
SIM1
SIM2
SIM3
SIM4
1
21
22
SIM5
SIM1
SIM2
SIM3
SIM4
1
21
22
SIM5
SIM1
SIM2
SIM3
SIM4
1
21
22
SIM5
SIM1
SIM2
SIM3
SIM4
1
21
22
SIM5
SIM1
SIM2
SIM3
SIM4
1
21
22
SIM5
SIM1
SIM2
SIM3
SIM4
1
21
22
SIM5
SIM1
SIM2
SIM3
SIM4
1
21
22
SIM5
SIM1
SIM2
SIM3
SIM4
1
21
22
SIM5
SIM1
SIM2
SIM3
SIM4
1
21
22
SIM5
SIM1
SIM2
SIM3
SIM4
1
21
22
SIM5
SIM1
SIM2
SIM3
SIM4
1
21
22
SIM5
SIM1
SIM2
SIM3
SIM4
1
21
22
SIM5
SIM1
SIM2
SIM3
SIM4
1
21
22
SIM5
SIM1
SIM2
SIM3
SIM4
1
21
22
SIM5
SIM1
SIM2
SIM3
SIM4
1
21
22
SIM5
SIM1
SIM2
SIM3
SIM4
1
21
22
SIM5
SIM1
SIM2
SIM3
SIM4
1
21
22
SIM5
SIM1
SIM2
SIM3
SIM4
1
21
22
SIM5
SIM1
SIM2
SIM3
SIM4
1
21
22
SIM5
SIM1
SIM2
SIM3
SIM4
1
21
22
SIM5
SIM1
SIM2
SIM3
SIM4
1
21
22
SIM5
SIM1
SIM2
SIM3
SIM4
1
21
22
SIM5
SIM1
SIM2
SIM3
SIM4
1
21
22
SIM5
SIM1
SIM2
SIM3
SIM4
1
21
22
SIM5
SIM1
SIM2
SIM3
SIM4
1
21
22
SIM5
SIM1
SIM2
SIM3
SIM4
1
21
22
SIM5
SIM1
SIM2
SIM3
SIM4
1
21
22
SIM5
SIM1
SIM2
SIM3
SIM4
1
21
22
SIM5
SIM1
SIM2
SIM3
SIM4
1
21
22
SIM5
SIM1
SIM2
SIM3
SIM4
1
21
22
SIM5
SIM1
SIM2
SIM3
SIM4
1
21
22
SIM5
SIM1
SIM2
SIM3
SIM4
1
21
22
SIM5
SIM1
SIM2
SIM3
SIM4
1
21
22
SIM5
SIM1
SIM2
SIM3
SIM4
1
21
22
SIM5
SIM1
SIM2
SIM3
SIM4
1
21
22
SIM5
SIM1
SIM2
SIM3
SIM4
1
21
22
SIM5
SIM1
SIM2
SIM3
SIM4
1
21
22
SIM5
SIM1
SIM2
SIM3
SIM4
1
21
22
SIM5
SIM1
SIM2
SIM3
SIM4
1
21
22
SIM5
SIM1
SIM2
SIM3
SIM4
1
21
22
SIM5
SIM1
SIM2
SIM3
SIM4
1
21
22
SIM5
SIM1
SIM2
SIM3
SIM4
1
21
22
SIM5
SIM1
SIM2
SIM3
SIM4
1
21
22
SIM5
SIM1
SIM2
SIM3
SIM4
1
21
22
SIM5
SIM1
SIM2
SIM3
SIM4
1
21
22
SIM5
SIM1
SIM2
SIM3
SIM4
1
21
22
SIM5
SIM1
SIM2
SIM3
SIM4
1
21
22
SIM5
SIM1
SIM2
SIM3
SIM4
1
21
22
SIM5
SIM1
SIM2
SIM3
SIM4
1
21
22
SIM5
SIM1
SIM2
SIM3
SIM4
1
21
22
SIM5
SIM1
SIM2
SIM3
SIM4
1
21
22
SIM5
SIM1
SIM2
SIM3
SIM4
1
21
22
SIM5
SIM1
SIM2
SIM3
SIM4
1
21
22
SIM5
SIM1
SIM2
SIM3
SIM4
1
21
22
SIM5
SIM1
SIM2
SIM3
SIM4
1
21
22
SIM5
SIM1
SIM2
SIM3
SIM4
1
21
22
SIM5
SIM1
SIM2
SIM3
SIM4
1
21
22
SIM5
SIM1
SIM2
SIM3
SIM4
1
21
22
SIM5
SIM1
SIM2
SIM3
SIM4
1
21
22
SIM5
SIM1
SIM2
SIM3
SIM4
1
21
22
SIM5
SIM1
SIM2
SIM3
SIM4
1
21
22
SIM5
SIM1
SIM2
SIM3
SIM4
1
21
22
SIM5
SIM1
SIM2
SIM3
SIM4
1
21
22
SIM5
SIM1
SIM2
SIM3
SIM4
1
21
22
SIM5
SIM1
SIM2
SIM3
SIM4
1
21
22
SIM5
SIM1
SIM2
SIM3
SIM4
1
21
22
SIM5
SIM1
SIM2
SIM3
SIM4
1
21
22
SIM5
SIM1
SIM2
SIM3
SIM4
1
21
22
SIM5
SIM1
SIM2
SIM3
SIM4
1
21
22
SIM5
SIM1
SIM2
SIM3
SIM4
1
21
22
SIM5
SIM1
SIM2
SIM3
SIM4
1
21
22
SIM5
SIM1
SIM2
SIM3
SIM4
1
21
22
SIM5
SIM1
SIM2
SIM3
SIM4
1
21
22
SIM5
SIM1
SIM2
SIM3
SIM4
1
21
22
SIM5
SIM1
SIM2
SIM3
SIM4
1
21
22
SIM5
SIM1
SIM2
SIM3
SIM4
1
21
22
SIM5
SIM1
SIM2
SIM3
SIM4
1
21
22
SIM5
SIM1
SIM2
SIM3
SIM4
1
21
22
SIM5
SIM1
SIM2
SIM3
SIM4
1
21
22
SIM5
SIM1
SIM2
SIM3
SIM4
1
21
22
SIM5
SIM1
SIM2
SIM3
SIM4
1
21
22
SIM5
SIM1
SIM2
SIM3
SIM4
1
21
22
SIM5
SIM1
SIM2
SIM3
SIM4
1
21
22
SIM5
SIM1
SIM2
SIM3
SIM4
1
21
22
SIM5
SIM1
SIM2
SIM3
SIM4
1
21
22
SIM5
SIM1
SIM2
SIM3
SIM4
1
21
22
SIM5
SIM1
SIM2
SIM3
SIM4
1
21
22
SIM5
SIM1
SIM2
SIM3
SIM4
1
21
22
SIM5
SIM1
SIM2
SIM3
SIM4
1
21
22
SIM5
SIM1
SIM2
SIM3
SIM4
1
21
22
SIM5
SIM1
SIM2
SIM3
SIM4
1
21
22
SIM5
SIM1
SIM2
SIM3
SIM4
1
21
22
SIM5
SIM1
SIM2
SIM3
SIM4
1
21
22
SIM5
SIM1
SIM2
SIM3
SIM4
1
21
22
SIM5
SIM1
SIM2
SIM3
SIM4
1
21
22
SIM5
SIM1
SIM2
SIM3
SIM4
1
21
22
SIM5
SIM1
SIM2
SIM3
SIM4
1
21
22
SIM5
SIM1
SIM2
SIM3
SIM4
1
21
22
SIM5
SIM1
SIM2
SIM3
SIM4
1
21
22
SIM5
SIM1
SIM2
SIM3
SIM4
1
21
22
SIM5
SIM1
SIM2
SIM3
SIM4
1
21
22
SIM5
SIM1
SIM2
SIM3
SIM4
1
21
22
SIM5
SIM1
SIM2
SIM3
SIM4
1
21
22
SIM5
SIM1
SIM2
SIM3
SIM4
1
21
22
SIM5
SIM1
SIM2
SIM3
SIM4
1
21
22
SIM5
SIM1
SIM2
SIM3
SIM4
1
21
22
SIM5
SIM1
SIM2
SIM3
SIM4
1
21
22
SIM5
SIM1
SIM2
SIM3
SIM4
1
21
22
SIM5
SIM1
SIM2
SIM3
SIM4
1
21
22
SIM5
SIM1
SIM2
SIM3
SIM4
1
21
22
SIM5
SIM1
SIM2
SIM3
SIM4
1
21
22
SIM5
SIM1
SIM2
SIM3
SIM4
1
21
22
SIM5
SIM1
SIM2
SIM3
SIM4
1
21
22
SIM5
SIM1
SIM2
SIM3
SIM4
1
21
22
SIM5
SIM1
SIM2
SIM3
SIM4
1
21
22
SIM5
SIM1
SIM2
SIM3
SIM4
1
21
22
SIM5
SIM1
SIM2
SIM3
SIM4
1
21
22
SIM5
SIM1
SIM2
SIM3
SIM4
1
21
22
SIM5
SIM1
SIM2
SIM3
SIM4
1
21
22
SIM5
SIM1
SIM2
SIM3
SIM4
1
21
22
SIM5
SIM1
SIM2
SIM3
SIM4
1
21
22
SIM5
SIM1
SIM2
SIM3
SIM4
1
21
22
SIM5
SIM1
SIM2
SIM3
SIM4
1
21
22
SIM5
SIM1
SIM2
SIM3
SIM4
1
21
22
SIM5
SIM1
SIM2
SIM3
SIM4
1
21
22
SIM5
SIM1
SIM2
SIM3
SIM4
1
21
22
SIM5
SIM1
SIM2
SIM3
SIM4
1
21
22
SIM5
SIM1
SIM2
SIM3
SIM4
1
21
22
SIM5
SIM1
SIM2
SIM3
SIM4
1
21
22
SIM5
SIM1
SIM2
SIM3
SIM4
1
21
22
SIM5
SIM1
SIM2
SIM3
SIM4
1
21
22
SIM5
SIM1
SIM2
SIM3
SIM4
1
21
22
SIM5
SIM1
SIM2
SIM3
SIM4
1
21
22
SIM5
SIM1
SIM2
SIM3
SIM4
1
21
22
SIM5
SIM1
SIM2
SIM3
SIM4
1
21
22
SIM5
SIM1
SIM2
SIM3
SIM4
1
21
22
SIM5
SIM1
SIM2
SIM3
SIM4
1
21
22
SIM5
SIM1
SIM2
SIM3
SIM4
1
21
22
SIM5
SIM1
SIM2
SIM3
SIM4
1
21
22
SIM5
SIM1
SIM2
SIM3
SIM4
1
21
22
SIM5
SIM1
SIM2
SIM3
SIM4
1
21
22
SIM5
SIM1
SIM2
SIM3
SIM4
1
21
22
SIM5
SIM1
SIM2
SIM3
SIM4
1
21
22
SIM5
SIM1
SIM2
SIM3
SIM4
1
21
22
SIM5
SIM1
SIM2
SIM3
SIM4
1
21
22
SIM5
SIM1
SIM2
SIM3
SIM4
1
21
22
SIM5
SIM1
SIM2
SIM3
SIM4
1
21
22
SIM5
SIM1
SIM2
SIM3
SIM4
1
21
22
SIM5
SIM1
SIM2
SIM3
SIM4
1
21
22
SIM5
SIM1
SIM2
SIM3
SIM4
1
21
22
SIM5
SIM1
SIM2
SIM3
SIM4
1
21
22
SIM5
SIM1
SIM2
SIM3
SIM4
1
21
22
SIM5
SIM1
SIM2
SIM3
SIM4
1
21
22
SIM5
SIM1
SIM2
SIM3
SIM4
1
21
22
SIM5
SIM1
SIM2
SIM3
SIM4
1
21
22
SIM5
SIM1
SIM2
SIM3
SIM4
1
21
22
SIM5
SIM1
SIM2
SIM3
SIM4
1
21
22
SIM5
SIM1
SIM2
SIM3
SIM4
1
21
22
SIM5
SIM1
SIM2
SIM3
SIM4
1
21
22
SIM5
SIM1
SIM2
SIM3
SIM4
1
21
22
SIM5
SIM1
SIM2
SIM3
SIM4
1
21
22
SIM5
SIM1
SIM2
SIM3
SIM4
1
21
22
SIM5
SIM1
SIM2
SIM3
SIM4
1
21
22
SIM5
SIM1
SIM2
SIM3
SIM4
1
21
22
SIM5
SIM1
SIM2
SIM3
SIM4
1
21
22
SIM5
SIM1
SIM2
SIM3
SIM4
1
21
22
SIM5
SIM1
SIM2
SIM3
SIM4
1
21
22
SIM5
SIM1
SIM2
SIM3
SIM4
1
21
22
SIM5
SIM1
SIM2
SIM3
SIM4
1
21
22
SIM5
SIM1
SIM2
SIM3
SIM4
1
21
22
SIM5
SIM1
SIM2
SIM3
SIM4
1
21
22
SIM5
SIM1
SIM2
SIM3
SIM4
1
21
22
SIM5
SIM1
SIM2
SIM3
SIM4
1
21
22
SIM5
SIM1
SIM2
SIM3
SIM4
1
21
22
SIM5
SIM1
SIM2
SIM3
SIM4
1
21
22
SIM5
SIM1
SIM2
SIM3
SIM4
1
21
22
SIM5
SIM1
SIM2
SIM3
SIM4
1
21
22
SIM5
SIM1
SIM2
SIM3
SIM4
1
21
22
SIM5
SIM1
SIM2
SIM3
SIM4
1
21
22
SIM5
SIM1
SIM2
SIM3
SIM4
1
21
22
SIM5
SIM1
SIM2
SIM3
SIM4
1
21
22
SIM5
SIM1
SIM2
SIM3
SIM4
1
21
22
SIM5
SIM1
SIM2
SIM3
SIM4
1
21
22
SIM5
SIM1
SIM2
SIM3
SIM4
1
21
22
SIM5
SIM1
SIM2
SIM3
SIM4
1
21
22
SIM5
SIM1
SIM2
SIM3
SIM4
1
21
22
SIM5
SIM1
SIM2
SIM3
SIM4
1
21
22
SIM5
SIM1
SIM2
SIM3
SIM4
1
21
22
SIM5
SIM1
SIM2
SIM3
SIM4
1
21
22
SIM5
SIM1
SIM2
SIM3
SIM4
1
21
22
SIM5
SIM1
SIM2
SIM3
SIM4
1
21
22
SIM5
SIM1
SIM2
SIM3
SIM4
1
21
22
SIM5
SIM1
SIM2
SIM3
SIM4
1
21
22
SIM5
SIM1
SIM2
SIM3
SIM4
1
21
22
SIM5
SIM1
SIM2
SIM3
SIM4
1
21
22
SIM5
SIM1
SIM2
SIM3
SIM4
1
21
22
SIM5
SIM1
SIM2
SIM3
SIM4
1
21
22
SIM5
SIM1
SIM2
SIM3
SIM4
1
21
22
SIM5
SIM1
SIM2
SIM3
SIM4
1
21
22
SIM5
SIM1
SIM2
SIM3
SIM4
1
21
22
SIM5
SIM1
SIM2
SIM3
SIM4
1
21
22
SIM5
SIM1
SIM2
SIM3
SIM4
1
21
22
SIM5
SIM1
SIM2
DEBUG 1 180
SIM1
SIM2
SIM3
SIM4
1
21
22
SIM5
SIM1
SIM2
SIM3
SIM4
1
21
22
SIM5
SIM1
SIM2
SIM3
SIM4
1
21
22
SIM5
SIM1
SIM2
SIM3
SIM4
1
21
22
SIM5
SIM1
SIM2
SIM3
SIM4
1
21
22
SIM5
SIM1
SIM2
SIM3
SIM4
1
21
22
SIM5
SIM1
SIM2
SIM3
SIM4
1
21
22
SIM5
SIM1
SIM2
SIM3
SIM4
1
21
22
SIM5
SIM1
SIM2
SIM3
SIM4
1
21
22
SIM5
SIM1
SIM2
SIM3
SIM4
1
21
22
SIM5
SIM1
SIM2
SIM3
SIM4
1
21
22
SIM5
SIM1
SIM2
SIM3
SIM4
1
21
22
SIM5
SIM1
SIM2
SIM3
SIM4
1
21
22
SIM5
SIM1
SIM2
SIM3
SIM4
1
21
22
SIM5
SIM1
SIM2
SIM3
SIM4
1
21
22
SIM5
SIM1
SIM2
SIM3
SIM4
1
21
22
SIM5
SIM1
SIM2
SIM3
SIM4
1
21
22
SIM5
SIM1
SIM2
SIM3
SIM4
1
21
22
SIM5
SIM1
SIM2
SIM3
SIM4
1
21
22
SIM5
SIM1
SIM2
SIM3
SIM4
1
21
22
SIM5
SIM1
SIM2
SIM3
SIM4
1
21
22
SIM5
SIM1
SIM2
SIM3
SIM4
1
21
22
SIM5
SIM1
SIM2
SIM3
SIM4
1
21
22
SIM5
SIM1
SIM2
SIM3
SIM4
1
21
22
SIM5
SIM1
SIM2
SIM3
SIM4
1
21
22
SIM5
SIM1
SIM2
SIM3
SIM4
1
21
22
SIM5
SIM1
SIM2
SIM3
SIM4
1
21
22
SIM5
SIM1
SIM2
SIM3
SIM4
1
21
22
SIM5
SIM1
SIM2
SIM3
SIM4
1
21
22
SIM5
SIM1
SIM2
SIM3
SIM4
1
21
22
SIM5
SIM1
SIM2
SIM3
SIM4
1
21
22
SIM5
SIM1
SIM2
SIM3
SIM4
1
21
22
SIM5
SIM1
SIM2
SIM3
SIM4
1
21
22
SIM5
SIM1
SIM2
SIM3
SIM4
1
21
22
SIM5
SIM1
SIM2
SIM3
SIM4
1
21
22
SIM5
SIM1
SIM2
SIM3
SIM4
1
21
22
SIM5
SIM1
SIM2
SIM3
SIM4
1
21
22
SIM5
SIM1
SIM2
SIM3
SIM4
1
21
22
SIM5
SIM1
SIM2
SIM3
SIM4
1
21
22
SIM5
SIM1
SIM2
SIM3
SIM4
1
21
22
SIM5
SIM1
SIM2
SIM3
SIM4
1
21
22
SIM5
SIM1
SIM2
SIM3
SIM4
1
21
22
SIM5
SIM1
SIM2
SIM3
SIM4
1
21
22
SIM5
SIM1
SIM2
SIM3
SIM4
1
21
22
SIM5
SIM1
SIM2
SIM3
SIM4
1
21
22
SIM5
SIM1
SIM2
SIM3
SIM4
1
21
22
SIM5
SIM1
SIM2
SIM3
SIM4
1
21
22
SIM5
SIM1
SIM2
SIM3
SIM4
1
21
22
SIM5
SIM1
SIM2
SIM3
SIM4
1
21
22
SIM5
SIM1
SIM2
SIM3
SIM4
1
21
22
SIM5
SIM1
SIM2
SIM3
SIM4
1
21
22
SIM5
SIM1
SIM2
SIM3
SIM4
1
21
22
SIM5
SIM1
SIM2
SIM3
SIM4
1
21
22
SIM5
SIM1
SIM2
SIM3
SIM4
1
21
22
SIM5
SIM1
SIM2
SIM3
SIM4
1
21
22
SIM5
SIM1
SIM2
SIM3
SIM4
1
21
22
SIM5
SIM1
SIM2
SIM3
SIM4
1
21
22
SIM5
SIM1
SIM2
SIM3
SIM4
1
21
22
SIM5
SIM1
SIM2
SIM3
SIM4
1
21
22
SIM5
SIM1
SIM2
SIM3
SIM4
1
21
22
SIM5
SIM1
SIM2
SIM3
SIM4
1
21
22
SIM5
SIM1
SIM2
SIM3
SIM4
1
21
22
SIM5
SIM1
SIM2
SIM3
SIM4
1
21
22
SIM5
SIM1
SIM2
SIM3
SIM4
1
21
22
SIM5
SIM1
SIM2
SIM3
SIM4
1
21
22
SIM5
SIM1
SIM2
SIM3
SIM4
1
21
22
SIM5
SIM1
SIM2
SIM3
SIM4
1
21
22
SIM5
SIM1
SIM2
SIM3
SIM4
1
21
22
SIM5
SIM1
SIM2
SIM3
SIM4
1
21
22
SIM5
SIM1
SIM2
SIM3
SIM4
1
21
22
SIM5
SIM1
SIM2
SIM3
SIM4
1
21
22
SIM5
SIM1
SIM2
SIM3
SIM4
1
21
22
SIM5
SIM1
SIM2
SIM3
SIM4
1
21
22
SIM5
SIM1
SIM2
SIM3
SIM4
1
21
22
SIM5
SIM1
SIM2
SIM3
SIM4
1
21
22
SIM5
SIM1
SIM2
SIM3
SIM4
1
21
22
SIM5
SIM1
SIM2
SIM3
SIM4
1
21
22
SIM5
SIM1
SIM2
SIM3
SIM4
1
21
22
SIM5
SIM1
SIM2
SIM3
SIM4
1
21
22
SIM5
SIM1
SIM2
SIM3
SIM4
1
21
22
SIM5
SIM1
SIM2
SIM3
SIM4
1
21
22
SIM5
SIM1
SIM2
SIM3
SIM4
1
21
22
SIM5
SIM1
SIM2
SIM3
SIM4
1
21
22
SIM5
SIM1
SIM2
SIM3
SIM4
1
21
22
SIM5
SIM1
SIM2
SIM3
SIM4
1
21
22
SIM5
SIM1
SIM2
SIM3
SIM4
1
21
22
SIM5
SIM1
SIM2
SIM3
SIM4
1
21
22
SIM5
SIM1
SIM2
SIM3
SIM4
1
21
22
SIM5
SIM1
SIM2
SIM3
SIM4
1
21
22
SIM5
SIM1
SIM2
SIM3
SIM4
1
21
22
SIM5
SIM1
SIM2
SIM3
SIM4
1
21
22
SIM5
SIM1
SIM2
SIM3
SIM4
1
21
22
SIM5
SIM1
SIM2
SIM3
SIM4
1
21
22
SIM5
SIM1
SIM2
SIM3
SIM4
1
21
22
SIM5
SIM1
SIM2
SIM3
SIM4
1
21
22
SIM5
SIM1
SIM2
SIM3
SIM4
1
21
22
SIM5
SIM1
SIM2
SIM3
SIM4
1
21
22
SIM5
SIM1
SIM2
SIM3
SIM4
1
21
22
SIM5
SIM1
SIM2
SIM3
SIM4
1
21
22
SIM5
SIM1
SIM2
SIM3
SIM4
1
21
22
SIM5
SIM1
SIM2
SIM3
SIM4
1
21
22
SIM5
SIM1
SIM2
SIM3
SIM4
1
21
22
SIM5
SIM1
SIM2
SIM3
SIM4
1
21
22
SIM5
SIM1
SIM2
SIM3
SIM4
1
21
22
SIM5
SIM1
SIM2
SIM3
SIM4
1
21
22
SIM5
SIM1
SIM2
SIM3
SIM4
1
21
22
SIM5
SIM1
SIM2
SIM3
SIM4
1
21
22
SIM5
SIM1
SIM2
SIM3
SIM4
1
21
22
SIM5
SIM1
SIM2
SIM3
SIM4
1
21
22
SIM5
SIM1
SIM2
SIM3
SIM4
1
21
22
SIM5
SIM1
SIM2
SIM3
SIM4
1
21
22
SIM5
SIM1
SIM2
SIM3
SIM4
1
21
22
SIM5
SIM1
SIM2
SIM3
SIM4
1
21
22
SIM5
SIM1
SIM2
SIM3
SIM4
1
21
22
SIM5
SIM1
SIM2
SIM3
SIM4
1
21
22
SIM5
SIM1
SIM2
SIM3
SIM4
1
21
22
SIM5
SIM1
SIM2
SIM3
SIM4
1
21
22
SIM5
SIM1
SIM2
SIM3
SIM4
1
21
22
SIM5
SIM1
SIM2
SIM3
SIM4
1
21
22
SIM5
SIM1
SIM2
SIM3
SIM4
1
21
22
SIM5
SIM1
SIM2
SIM3
SIM4
1
21
22
SIM5
SIM1
SIM2
SIM3
SIM4
1
21
22
SIM5
SIM1
SIM2
SIM3
SIM4
1
21
22
SIM5
SIM1
SIM2
SIM3
SIM4
1
21
22
SIM5
SIM1
SIM2
SIM3
SIM4
1
21
22
SIM5
SIM1
SIM2
SIM3
SIM4
1
21
22
SIM5
SIM1
SIM2
SIM3
SIM4
1
21
22
SIM5
SIM1
SIM2
SIM3
SIM4
1
21
22
SIM5
SIM1
SIM2
SIM3
SIM4
1
21
22
SIM5
SIM1
SIM2
SIM3
SIM4
1
21
22
SIM5
SIM1
SIM2
SIM3
SIM4
1
21
22
SIM5
SIM1
SIM2
SIM3
SIM4
1
21
22
SIM5
SIM1
SIM2
SIM3
SIM4
1
21
22
SIM5
SIM1
SIM2
SIM3
SIM4
1
21
22
SIM5
SIM1
SIM2
SIM3
SIM4
1
21
22
SIM5
SIM1
SIM2
SIM3
SIM4
1
21
22
SIM5
SIM1
SIM2
SIM3
SIM4
1
21
22
SIM5
SIM1
SIM2
SIM3
SIM4
1
21
22
SIM5
SIM1
SIM2
SIM3
SIM4
1
21
22
SIM5
SIM1
SIM2
SIM3
SIM4
1
21
22
SIM5
SIM1
SIM2
SIM3
SIM4
1
21
22
SIM5
SIM1
SIM2
SIM3
SIM4
1
21
22
SIM5
SIM1
SIM2
SIM3
SIM4
1
21
22
SIM5
SIM1
SIM2
SIM3
SIM4
1
21
22
SIM5
SIM1
SIM2
SIM3
SIM4
1
21
22
SIM5
SIM1
SIM2
SIM3
SIM4
1
21
22
SIM5
SIM1
SIM2
SIM3
SIM4
1
21
22
SIM5
SIM1
SIM2
SIM3
SIM4
1
21
22
SIM5
SIM1
SIM2
SIM3
SIM4
1
21
22
SIM5
SIM1
SIM2
SIM3
SIM4
1
21
22
SIM5
SIM1
SIM2
SIM3
SIM4
1
21
22
SIM5
SIM1
SIM2
SIM3
SIM4
1
21
22
SIM5
SIM1
SIM2
SIM3
SIM4
1
21
22
SIM5
SIM1
SIM2
SIM3
SIM4
1
21
22
SIM5
SIM1
SIM2
SIM3
SIM4
1
21
22
SIM5
SIM1
SIM2
SIM3
SIM4
1
21
22
SIM5
SIM1
SIM2
SIM3
SIM4
1
21
22
SIM5
SIM1
SIM2
SIM3
SIM4
1
21
22
SIM5
SIM1
SIM2
SIM3
SIM4
1
21
22
SIM5
SIM1
SIM2
SIM3
SIM4
1
21
22
SIM5
SIM1
SIM2
SIM3
SIM4
1
21
22
SIM5
SIM1
SIM2
SIM3
SIM4
1
21
22
SIM5
SIM1
SIM2
SIM3
SIM4
1
21
22
SIM5
SIM1
SIM2
SIM3
SIM4
1
21
22
SIM5
SIM1
SIM2
SIM3
SIM4
1
21
22
SIM5
SIM1
SIM2
SIM3
SIM4
1
21
22
SIM5
SIM1
SIM2
SIM3
SIM4
1
21
22
SIM5
SIM1
SIM2
SIM3
SIM4
1
21
22
SIM5
SIM1
SIM2
SIM3
SIM4
1
21
22
SIM5
SIM1
SIM2
SIM3
SIM4
1
21
22
SIM5
SIM1
SIM2
SIM3
SIM4
1
21
22
SIM5
SIM1
SIM2
SIM3
SIM4
1
21
22
SIM5
SIM1
SIM2
SIM3
SIM4
1
21
22
SIM5
SIM1
SIM2
SIM3
SIM4
1
21
22
SIM5
SIM1
SIM2
SIM3
SIM4
1
21
22
SIM5
SIM1
SIM2
SIM3
SIM4
1
21
22
SIM5
SIM1
SIM2
SIM3
SIM4
1
21
22
SIM5
SIM1
SIM2
SIM3
SIM4
1
21
22
SIM5
SIM1
SIM2
SIM3
SIM4
1
21
22
SIM5
SIM1
SIM2
SIM3
SIM4
1
21
22
SIM5
SIM1
SIM2
SIM3
SIM4
1
21
22
SIM5
SIM1
SIM2
SIM3
SIM4
1
21
22
SIM5
SIM1
SIM2
SIM3
SIM4
1
21
22
SIM5
SIM1
SIM2
SIM3
SIM4
1
21
22
SIM5
SIM1
SIM2
SIM3
SIM4
1
21
22
SIM5
SIM1
SIM2
SIM3
SIM4
1
21
22
SIM5
SIM1
SIM2
DEBUG 1 181
SIM1
SIM2
SIM3
SIM4
1
21
22
SIM5
SIM1
SIM2
SIM3
SIM4
1
21
22
SIM5
SIM1
SIM2
SIM3
SIM4
1
21
22
SIM5
SIM1
SIM2
SIM3
SIM4
1
21
22
SIM5
SIM1
SIM2
SIM3
SIM4
1
21
22
SIM5
SIM1
SIM2
SIM3
SIM4
1
21
22
SIM5
SIM1
SIM2
SIM3
SIM4
1
21
22
SIM5
SIM1
SIM2
SIM3
SIM4
1
21
22
SIM5
SIM1
SIM2
SIM3
SIM4
1
21
22
SIM5
SIM1
SIM2
SIM3
SIM4
1
21
22
SIM5
SIM1
SIM2
SIM3
SIM4
1
21
22
SIM5
SIM1
SIM2
SIM3
SIM4
1
21
22
SIM5
SIM1
SIM2
SIM3
SIM4
1
21
22
SIM5
SIM1
SIM2
SIM3
SIM4
1
21
22
SIM5
SIM1
SIM2
SIM3
SIM4
1
21
22
SIM5
SIM1
SIM2
SIM3
SIM4
1
21
22
SIM5
SIM1
SIM2
SIM3
SIM4
1
21
22
SIM5
SIM1
SIM2
SIM3
SIM4
1
21
22
SIM5
SIM1
SIM2
SIM3
SIM4
1
21
22
SIM5
SIM1
SIM2
SIM3
SIM4
1
21
22
SIM5
SIM1
SIM2
SIM3
SIM4
1
21
22
SIM5
SIM1
SIM2
SIM3
SIM4
1
21
22
SIM5
SIM1
SIM2
SIM3
SIM4
1
21
22
SIM5
SIM1
SIM2
SIM3
SIM4
1
21
22
SIM5
SIM1
SIM2
SIM3
SIM4
1
21
22
SIM5
SIM1
SIM2
SIM3
SIM4
1
21
22
SIM5
SIM1
SIM2
SIM3
SIM4
1
21
22
SIM5
SIM1
SIM2
SIM3
SIM4
1
21
22
SIM5
SIM1
SIM2
SIM3
SIM4
1
21
22
SIM5
SIM1
SIM2
SIM3
SIM4
1
21
22
SIM5
SIM1
SIM2
SIM3
SIM4
1
21
22
SIM5
SIM1
SIM2
SIM3
SIM4
1
21
22
SIM5
SIM1
SIM2
SIM3
SIM4
1
21
22
SIM5
SIM1
SIM2
SIM3
SIM4
1
21
22
SIM5
SIM1
SIM2
SIM3
SIM4
1
21
22
SIM5
SIM1
SIM2
SIM3
SIM4
1
21
22
SIM5
SIM1
SIM2
SIM3
SIM4
1
21
22
SIM5
SIM1
SIM2
SIM3
SIM4
1
21
22
SIM5
SIM1
SIM2
SIM3
SIM4
1
21
22
SIM5
SIM1
SIM2
SIM3
SIM4
1
21
22
SIM5
SIM1
SIM2
SIM3
SIM4
1
21
22
SIM5
SIM1
SIM2
SIM3
SIM4
1
21
22
SIM5
SIM1
SIM2
SIM3
SIM4
1
21
22
SIM5
SIM1
SIM2
SIM3
SIM4
1
21
22
SIM5
SIM1
SIM2
SIM3
SIM4
1
21
22
SIM5
SIM1
SIM2
SIM3
SIM4
1
21
22
SIM5
SIM1
SIM2
SIM3
SIM4
1
21
22
SIM5
SIM1
SIM2
SIM3
SIM4
1
21
22
SIM5
SIM1
SIM2
SIM3
SIM4
1
21
22
SIM5
SIM1
SIM2
SIM3
SIM4
1
21
22
SIM5
SIM1
SIM2
SIM3
SIM4
1
21
22
SIM5
SIM1
SIM2
SIM3
SIM4
1
21
22
SIM5
SIM1
SIM2
SIM3
SIM4
1
21
22
SIM5
SIM1
SIM2
SIM3
SIM4
1
21
22
SIM5
SIM1
SIM2
SIM3
SIM4
1
21
22
SIM5
SIM1
SIM2
SIM3
SIM4
1
21
22
SIM5
SIM1
SIM2
SIM3
SIM4
1
21
22
SIM5
SIM1
SIM2
SIM3
SIM4
1
21
22
SIM5
SIM1
SIM2
SIM3
SIM4
1
21
22
SIM5
SIM1
SIM2
SIM3
SIM4
1
21
22
SIM5
SIM1
SIM2
SIM3
SIM4
1
21
22
SIM5
SIM1
SIM2
SIM3
SIM4
1
21
22
SIM5
SIM1
SIM2
SIM3
SIM4
1
21
22
SIM5
SIM1
SIM2
SIM3
SIM4
1
21
22
SIM5
SIM1
SIM2
SIM3
SIM4
1
21
22
SIM5
SIM1
SIM2
SIM3
SIM4
1
21
22
SIM5
SIM1
SIM2
SIM3
SIM4
1
21
22
SIM5
SIM1
SIM2
SIM3
SIM4
1
21
22
SIM5
SIM1
SIM2
SIM3
SIM4
1
21
22
SIM5
SIM1
SIM2
SIM3
SIM4
1
21
22
SIM5
SIM1
SIM2
SIM3
SIM4
1
21
22
SIM5
SIM1
SIM2
SIM3
SIM4
1
21
22
SIM5
SIM1
SIM2
SIM3
SIM4
1
21
22
SIM5
SIM1
SIM2
SIM3
SIM4
1
21
22
SIM5
SIM1
SIM2
SIM3
SIM4
1
21
22
SIM5
SIM1
SIM2
SIM3
SIM4
1
21
22
SIM5
SIM1
SIM2
SIM3
SIM4
1
21
22
SIM5
SIM1
SIM2
SIM3
SIM4
1
21
22
SIM5
SIM1
SIM2
SIM3
SIM4
1
21
22
SIM5
SIM1
SIM2
SIM3
SIM4
1
21
22
SIM5
SIM1
SIM2
SIM3
SIM4
1
21
22
SIM5
SIM1
SIM2
SIM3
SIM4
1
21
22
SIM5
SIM1
SIM2
SIM3
SIM4
1
21
22
SIM5
SIM1
SIM2
SIM3
SIM4
1
21
22
SIM5
SIM1
SIM2
SIM3
SIM4
1
21
22
SIM5
SIM1
SIM2
SIM3
SIM4
1
21
22
SIM5
SIM1
SIM2
SIM3
SIM4
1
21
22
SIM5
SIM1
SIM2
SIM3
SIM4
1
21
22
SIM5
SIM1
SIM2
SIM3
SIM4
1
21
22
SIM5
SIM1
SIM2
SIM3
SIM4
1
21
22
SIM5
SIM1
SIM2
SIM3
SIM4
1
21
22
SIM5
SIM1
SIM2
SIM3
SIM4
1
21
22
SIM5
SIM1
SIM2
SIM3
SIM4
1
21
22
SIM5
SIM1
SIM2
SIM3
SIM4
1
21
22
SIM5
SIM1
SIM2
SIM3
SIM4
1
21
22
SIM5
SIM1
SIM2
SIM3
SIM4
1
21
22
SIM5
SIM1
SIM2
SIM3
SIM4
1
21
22
SIM5
SIM1
SIM2
SIM3
SIM4
1
21
22
SIM5
SIM1
SIM2
SIM3
SIM4
1
21
22
SIM5
SIM1
SIM2
SIM3
SIM4
1
21
22
SIM5
SIM1
SIM2
SIM3
SIM4
1
21
22
SIM5
SIM1
SIM2
SIM3
SIM4
1
21
22
SIM5
SIM1
SIM2
SIM3
SIM4
1
21
22
SIM5
SIM1
SIM2
SIM3
SIM4
1
21
22
SIM5
SIM1
SIM2
SIM3
SIM4
1
21
22
SIM5
SIM1
SIM2
SIM3
SIM4
1
21
22
SIM5
SIM1
SIM2
SIM3
SIM4
1
21
22
SIM5
SIM1
SIM2
SIM3
SIM4
1
21
22
SIM5
SIM1
SIM2
SIM3
SIM4
1
21
22
SIM5
SIM1
SIM2
SIM3
SIM4
1
21
22
SIM5
SIM1
SIM2
SIM3
SIM4
1
21
22
SIM5
SIM1
SIM2
SIM3
SIM4
1
21
22
SIM5
SIM1
SIM2
SIM3
SIM4
1
21
22
SIM5
SIM1
SIM2
SIM3
SIM4
1
21
22
SIM5
SIM1
SIM2
SIM3
SIM4
1
21
22
SIM5
SIM1
SIM2
SIM3
SIM4
1
21
22
SIM5
SIM1
SIM2
SIM3
SIM4
1
21
22
SIM5
SIM1
SIM2
SIM3
SIM4
1
21
22
SIM5
SIM1
SIM2
SIM3
SIM4
1
21
22
SIM5
SIM1
SIM2
SIM3
SIM4
1
21
22
SIM5
SIM1
SIM2
SIM3
SIM4
1
21
22
SIM5
SIM1
SIM2
SIM3
SIM4
1
21
22
SIM5
SIM1
SIM2
SIM3
SIM4
1
21
22
SIM5
SIM1
SIM2
SIM3
SIM4
1
21
22
SIM5
SIM1
SIM2
SIM3
SIM4
1
21
22
SIM5
SIM1
SIM2
SIM3
SIM4
1
21
22
SIM5
SIM1
SIM2
SIM3
SIM4
1
21
22
SIM5
SIM1
SIM2
SIM3
SIM4
1
21
22
SIM5
SIM1
SIM2
SIM3
SIM4
1
21
22
SIM5
SIM1
SIM2
SIM3
SIM4
1
21
22
SIM5
SIM1
SIM2
SIM3
SIM4
1
21
22
SIM5
SIM1
SIM2
SIM3
SIM4
1
21
22
SIM5
SIM1
SIM2
SIM3
SIM4
1
21
22
SIM5
SIM1
SIM2
SIM3
SIM4
1
21
22
SIM5
SIM1
SIM2
SIM3
SIM4
1
21
22
SIM5
SIM1
SIM2
SIM3
SIM4
1
21
22
SIM5
SIM1
SIM2
SIM3
SIM4
1
21
22
SIM5
SIM1
SIM2
SIM3
SIM4
1
21
22
SIM5
SIM1
SIM2
SIM3
SIM4
1
21
22
SIM5
SIM1
SIM2
SIM3
SIM4
1
21
22
SIM5
SIM1
SIM2
SIM3
SIM4
1
21
22
SIM5
SIM1
SIM2
SIM3
SIM4
1
21
22
SIM5
SIM1
SIM2
SIM3
SIM4
1
21
22
SIM5
SIM1
SIM2
SIM3
SIM4
1
21
22
SIM5
SIM1
SIM2
SIM3
SIM4
1
21
22
SIM5
SIM1
SIM2
SIM3
SIM4
1
21
22
SIM5
SIM1
SIM2
SIM3
SIM4
1
21
22
SIM5
SIM1
SIM2
SIM3
SIM4
1
21
22
SIM5
SIM1
SIM2
SIM3
SIM4
1
21
22
SIM5
SIM1
SIM2
SIM3
SIM4
1
21
22
SIM5
SIM1
SIM2
SIM3
SIM4
1
21
22
SIM5
SIM1
SIM2
SIM3
SIM4
1
21
22
SIM5
SIM1
SIM2
SIM3
SIM4
1
21
22
SIM5
SIM1
SIM2
SIM3
SIM4
1
21
22
SIM5
SIM1
SIM2
SIM3
SIM4
1
21
22
SIM5
SIM1
SIM2
SIM3
SIM4
1
21
22
SIM5
SIM1
SIM2
SIM3
SIM4
1
21
22
SIM5
SIM1
SIM2
SIM3
SIM4
1
21
22
SIM5
SIM1
SIM2
SIM3
SIM4
1
21
22
SIM5
SIM1
SIM2
SIM3
SIM4
1
21
22
SIM5
SIM1
SIM2
SIM3
SIM4
1
21
22
SIM5
SIM1
SIM2
SIM3
SIM4
1
21
22
SIM5
SIM1
SIM2
SIM3
SIM4
1
21
22
SIM5
SIM1
SIM2
SIM3
SIM4
1
21
22
SIM5
SIM1
SIM2
SIM3
SIM4
1
21
22
SIM5
SIM1
SIM2
SIM3
SIM4
1
21
22
SIM5
SIM1
SIM2
SIM3
SIM4
1
21
22
SIM5
SIM1
SIM2
SIM3
SIM4
1
21
22
SIM5
SIM1
SIM2
SIM3
SIM4
1
21
22
SIM5
SIM1
SIM2
SIM3
SIM4
1
21
22
SIM5
SIM1
SIM2
SIM3
SIM4
1
21
22
SIM5
SIM1
SIM2
SIM3
SIM4
1
21
22
SIM5
SIM1
SIM2
SIM3
SIM4
1
21
22
SIM5
SIM1
SIM2
SIM3
SIM4
1
21
22
SIM5
SIM1
SIM2
SIM3
SIM4
1
21
22
SIM5
SIM1
SIM2
SIM3
SIM4
1
21
22
SIM5
SIM1
SIM2
SIM3
SIM4
1
21
22
SIM5
SIM1
SIM2
SIM3
SIM4
1
21
22
SIM5
SIM1
SIM2
SIM3
SIM4
1
21
22
SIM5
SIM1
SIM2
SIM3
SIM4
1
21
22
SIM5
SIM1
SIM2
SIM3
SIM4
1
21
22
SIM5
SIM1
SIM2
SIM3
SIM4
1
21
22
SIM5
SIM1
SIM2
SIM3
SIM4
1
21
22
SIM5
SIM1
SIM2
SIM3
SIM4
1
21
22
SIM5
SIM1
SIM2
SIM3
SIM4
1
21
22
SIM5
SIM1
SIM2
SIM3
SIM4
1
21
22
SIM5
SIM1
SIM2
SIM3
SIM4
1
21
22
SIM5
SIM1
SIM2
SIM3
SIM4
1
21
22
SIM5
SIM1
SIM2
SIM3
SIM4
1
21
22
SIM5
SIM1
SIM2
SIM3
SIM4
1
21
22
SIM5
SIM1
SIM2
SIM3
SIM4
1
21
22
SIM5
SIM1
SIM2
SIM3
SIM4
1
21
22
SIM5
SIM1
SIM2
SIM3
SIM4
1
21
22
SIM5
SIM1
SIM2
SIM3
SIM4
1
21
22
SIM5
SIM1
SIM2
SIM3
SIM4
1
21
22
SIM5
SIM1
SIM2
SIM3
SIM4
1
21
22
SIM5
SIM1
SIM2
SIM3
SIM4
1
21
22
SIM5
SIM1
SIM2
SIM3
SIM4
1
21
22
SIM5
SIM1
SIM2
DEBUG 1 182
SIM1
SIM2
SIM3
SIM4
1
21
22
SIM5
SIM1
SIM2
SIM3
SIM4
1
21
22
SIM5
SIM1
SIM2
SIM3
SIM4
1
21
22
SIM5
SIM1
SIM2
SIM3
SIM4
1
21
22
SIM5
SIM1
SIM2
SIM3
SIM4
1
21
22
SIM5
SIM1
SIM2
SIM3
SIM4
1
21
22
SIM5
SIM1
SIM2
SIM3
SIM4
1
21
22
SIM5
SIM1
SIM2
SIM3
SIM4
1
21
22
SIM5
SIM1
SIM2
SIM3
SIM4
1
21
22
SIM5
SIM1
SIM2
SIM3
SIM4
1
21
22
SIM5
SIM1
SIM2
SIM3
SIM4
1
21
22
SIM5
SIM1
SIM2
SIM3
SIM4
1
21
22
SIM5
SIM1
SIM2
SIM3
SIM4
1
21
22
SIM5
SIM1
SIM2
SIM3
SIM4
1
21
22
SIM5
SIM1
SIM2
SIM3
SIM4
1
21
22
SIM5
SIM1
SIM2
SIM3
SIM4
1
21
22
SIM5
SIM1
SIM2
SIM3
SIM4
1
21
22
SIM5
SIM1
SIM2
SIM3
SIM4
1
21
22
SIM5
SIM1
SIM2
SIM3
SIM4
1
21
22
SIM5
SIM1
SIM2
SIM3
SIM4
1
21
22
SIM5
SIM1
SIM2
SIM3
SIM4
1
21
22
SIM5
SIM1
SIM2
SIM3
SIM4
1
21
22
SIM5
SIM1
SIM2
SIM3
SIM4
1
21
22
SIM5
SIM1
SIM2
SIM3
SIM4
1
21
22
SIM5
SIM1
SIM2
SIM3
SIM4
1
21
22
SIM5
SIM1
SIM2
SIM3
SIM4
1
21
22
SIM5
SIM1
SIM2
SIM3
SIM4
1
21
22
SIM5
SIM1
SIM2
SIM3
SIM4
1
21
22
SIM5
SIM1
SIM2
SIM3
SIM4
1
21
22
SIM5
SIM1
SIM2
SIM3
SIM4
1
21
22
SIM5
SIM1
SIM2
SIM3
SIM4
1
21
22
SIM5
SIM1
SIM2
SIM3
SIM4
1
21
22
SIM5
SIM1
SIM2
SIM3
SIM4
1
21
22
SIM5
SIM1
SIM2
SIM3
SIM4
1
21
22
SIM5
SIM1
SIM2
SIM3
SIM4
1
21
22
SIM5
SIM1
SIM2
SIM3
SIM4
1
21
22
SIM5
SIM1
SIM2
SIM3
SIM4
1
21
22
SIM5
SIM1
SIM2
SIM3
SIM4
1
21
22
SIM5
SIM1
SIM2
SIM3
SIM4
1
21
22
SIM5
SIM1
SIM2
SIM3
SIM4
1
21
22
SIM5
SIM1
SIM2
SIM3
SIM4
1
21
22
SIM5
SIM1
SIM2
SIM3
SIM4
1
21
22
SIM5
SIM1
SIM2
SIM3
SIM4
1
21
22
SIM5
SIM1
SIM2
SIM3
SIM4
1
21
22
SIM5
SIM1
SIM2
SIM3
SIM4
1
21
22
SIM5
SIM1
SIM2
SIM3
SIM4
1
21
22
SIM5
SIM1
SIM2
SIM3
SIM4
1
21
22
SIM5
SIM1
SIM2
SIM3
SIM4
1
21
22
SIM5
SIM1
SIM2
SIM3
SIM4
1
21
22
SIM5
SIM1
SIM2
SIM3
SIM4
1
21
22
SIM5
SIM1
SIM2
SIM3
SIM4
1
21
22
SIM5
SIM1
SIM2
SIM3
SIM4
1
21
22
SIM5
SIM1
SIM2
SIM3
SIM4
1
21
22
SIM5
SIM1
SIM2
SIM3
SIM4
1
21
22
SIM5
SIM1
SIM2
SIM3
SIM4
1
21
22
SIM5
SIM1
SIM2
SIM3
SIM4
1
21
22
SIM5
SIM1
SIM2
SIM3
SIM4
1
21
22
SIM5
SIM1
SIM2
SIM3
SIM4
1
21
22
SIM5
SIM1
SIM2
SIM3
SIM4
1
21
22
SIM5
SIM1
SIM2
SIM3
SIM4
1
21
22
SIM5
SIM1
SIM2
SIM3
SIM4
1
21
22
SIM5
SIM1
SIM2
SIM3
SIM4
1
21
22
SIM5
SIM1
SIM2
SIM3
SIM4
1
21
22
SIM5
SIM1
SIM2
SIM3
SIM4
1
21
22
SIM5
SIM1
SIM2
SIM3
SIM4
1
21
22
SIM5
SIM1
SIM2
SIM3
SIM4
1
21
22
SIM5
SIM1
SIM2
SIM3
SIM4
1
21
22
SIM5
SIM1
SIM2
SIM3
SIM4
1
21
22
SIM5
SIM1
SIM2
SIM3
SIM4
1
21
22
SIM5
SIM1
SIM2
SIM3
SIM4
1
21
22
SIM5
SIM1
SIM2
SIM3
SIM4
1
21
22
SIM5
SIM1
SIM2
SIM3
SIM4
1
21
22
SIM5
SIM1
SIM2
SIM3
SIM4
1
21
22
SIM5
SIM1
SIM2
SIM3
SIM4
1
21
22
SIM5
SIM1
SIM2
SIM3
SIM4
1
21
22
SIM5
SIM1
SIM2
SIM3
SIM4
1
21
22
SIM5
SIM1
SIM2
SIM3
SIM4
1
21
22
SIM5
SIM1
SIM2
SIM3
SIM4
1
21
22
SIM5
SIM1
SIM2
SIM3
SIM4
1
21
22
SIM5
SIM1
SIM2
SIM3
SIM4
1
21
22
SIM5
SIM1
SIM2
SIM3
SIM4
1
21
22
SIM5
SIM1
SIM2
SIM3
SIM4
1
21
22
SIM5
SIM1
SIM2
SIM3
SIM4
1
21
22
SIM5
SIM1
SIM2
SIM3
SIM4
1
21
22
SIM5
SIM1
SIM2
SIM3
SIM4
1
21
22
SIM5
SIM1
SIM2
SIM3
SIM4
1
21
22
SIM5
SIM1
SIM2
SIM3
SIM4
1
21
22
SIM5
SIM1
SIM2
SIM3
SIM4
1
21
22
SIM5
SIM1
SIM2
SIM3
SIM4
1
21
22
SIM5
SIM1
SIM2
SIM3
SIM4
1
21
22
SIM5
SIM1
SIM2
SIM3
SIM4
1
21
22
SIM5
SIM1
SIM2
SIM3
SIM4
1
21
22
SIM5
SIM1
SIM2
SIM3
SIM4
1
21
22
SIM5
SIM1
SIM2
SIM3
SIM4
1
21
22
SIM5
SIM1
SIM2
SIM3
SIM4
1
21
22
SIM5
SIM1
SIM2
SIM3
SIM4
1
21
22
SIM5
SIM1
SIM2
SIM3
SIM4
1
21
22
SIM5
SIM1
SIM2
SIM3
SIM4
1
21
22
SIM5
SIM1
SIM2
SIM3
SIM4
1
21
22
SIM5
SIM1
SIM2
SIM3
SIM4
1
21
22
SIM5
SIM1
SIM2
SIM3
SIM4
1
21
22
SIM5
SIM1
SIM2
SIM3
SIM4
1
21
22
SIM5
SIM1
SIM2
SIM3
SIM4
1
21
22
SIM5
SIM1
SIM2
SIM3
SIM4
1
21
22
SIM5
SIM1
SIM2
SIM3
SIM4
1
21
22
SIM5
SIM1
SIM2
SIM3
SIM4
1
21
22
SIM5
SIM1
SIM2
SIM3
SIM4
1
21
22
SIM5
SIM1
SIM2
SIM3
SIM4
1
21
22
SIM5
SIM1
SIM2
SIM3
SIM4
1
21
22
SIM5
SIM1
SIM2
SIM3
SIM4
1
21
22
SIM5
SIM1
SIM2
SIM3
SIM4
1
21
22
SIM5
SIM1
SIM2
SIM3
SIM4
1
21
22
SIM5
SIM1
SIM2
SIM3
SIM4
1
21
22
SIM5
SIM1
SIM2
SIM3
SIM4
1
21
22
SIM5
SIM1
SIM2
SIM3
SIM4
1
21
22
SIM5
SIM1
SIM2
SIM3
SIM4
1
21
22
SIM5
SIM1
SIM2
SIM3
SIM4
1
21
22
SIM5
SIM1
SIM2
SIM3
SIM4
1
21
22
SIM5
SIM1
SIM2
SIM3
SIM4
1
21
22
SIM5
SIM1
SIM2
SIM3
SIM4
1
21
22
SIM5
SIM1
SIM2
SIM3
SIM4
1
21
22
SIM5
SIM1
SIM2
SIM3
SIM4
1
21
22
SIM5
SIM1
SIM2
SIM3
SIM4
1
21
22
SIM5
SIM1
SIM2
SIM3
SIM4
1
21
22
SIM5
SIM1
SIM2
SIM3
SIM4
1
21
22
SIM5
SIM1
SIM2
SIM3
SIM4
1
21
22
SIM5
SIM1
SIM2
SIM3
SIM4
1
21
22
SIM5
SIM1
SIM2
SIM3
SIM4
1
21
22
SIM5
SIM1
SIM2
SIM3
SIM4
1
21
22
SIM5
SIM1
SIM2
SIM3
SIM4
1
21
22
SIM5
SIM1
SIM2
SIM3
SIM4
1
21
22
SIM5
SIM1
SIM2
SIM3
SIM4
1
21
22
SIM5
SIM1
SIM2
SIM3
SIM4
1
21
22
SIM5
SIM1
SIM2
SIM3
SIM4
1
21
22
SIM5
SIM1
SIM2
SIM3
SIM4
1
21
22
SIM5
SIM1
SIM2
SIM3
SIM4
1
21
22
SIM5
SIM1
SIM2
SIM3
SIM4
1
21
22
SIM5
SIM1
SIM2
SIM3
SIM4
1
21
22
SIM5
SIM1
SIM2
SIM3
SIM4
1
21
22
SIM5
SIM1
SIM2
SIM3
SIM4
1
21
22
SIM5
SIM1
SIM2
SIM3
SIM4
1
21
22
SIM5
SIM1
SIM2
SIM3
SIM4
1
21
22
SIM5
SIM1
SIM2
SIM3
SIM4
1
21
22
SIM5
SIM1
SIM2
SIM3
SIM4
1
21
22
SIM5
SIM1
SIM2
SIM3
SIM4
1
21
22
SIM5
SIM1
SIM2
SIM3
SIM4
1
21
22
SIM5
SIM1
SIM2
SIM3
SIM4
1
21
22
SIM5
SIM1
SIM2
SIM3
SIM4
1
21
22
SIM5
SIM1
SIM2
SIM3
SIM4
1
21
22
SIM5
SIM1
SIM2
SIM3
SIM4
1
21
22
SIM5
SIM1
SIM2
SIM3
SIM4
1
21
22
SIM5
SIM1
SIM2
SIM3
SIM4
1
21
22
SIM5
SIM1
SIM2
SIM3
SIM4
1
21
22
SIM5
SIM1
SIM2
SIM3
SIM4
1
21
22
SIM5
SIM1
SIM2
SIM3
SIM4
1
21
22
SIM5
SIM1
SIM2
SIM3
SIM4
1
21
22
SIM5
SIM1
SIM2
SIM3
SIM4
1
21
22
SIM5
SIM1
SIM2
SIM3
SIM4
1
21
22
SIM5
SIM1
SIM2
SIM3
SIM4
1
21
22
SIM5
SIM1
SIM2
SIM3
SIM4
1
21
22
SIM5
SIM1
SIM2
SIM3
SIM4
1
21
22
SIM5
SIM1
SIM2
SIM3
SIM4
1
21
22
SIM5
SIM1
SIM2
SIM3
SIM4
1
21
22
SIM5
SIM1
SIM2
SIM3
SIM4
1
21
22
SIM5
SIM1
SIM2
SIM3
SIM4
1
21
22
SIM5
SIM1
SIM2
SIM3
SIM4
1
21
22
SIM5
SIM1
SIM2
SIM3
SIM4
1
21
22
SIM5
SIM1
SIM2
SIM3
SIM4
1
21
22
SIM5
SIM1
SIM2
SIM3
SIM4
1
21
22
SIM5
SIM1
SIM2
SIM3
SIM4
1
21
22
SIM5
SIM1
SIM2
SIM3
SIM4
1
21
22
SIM5
SIM1
SIM2
SIM3
SIM4
1
21
22
SIM5
SIM1
SIM2
SIM3
SIM4
1
21
22
SIM5
SIM1
SIM2
SIM3
SIM4
1
21
22
SIM5
SIM1
SIM2
SIM3
SIM4
1
21
22
SIM5
SIM1
SIM2
SIM3
SIM4
1
21
22
SIM5
SIM1
SIM2
SIM3
SIM4
1
21
22
SIM5
SIM1
SIM2
SIM3
SIM4
1
21
22
SIM5
SIM1
SIM2
SIM3
SIM4
1
21
22
SIM5
SIM1
SIM2
SIM3
SIM4
1
21
22
SIM5
SIM1
SIM2
SIM3
SIM4
1
21
22
SIM5
SIM1
SIM2
SIM3
SIM4
1
21
22
SIM5
SIM1
SIM2
SIM3
SIM4
1
21
22
SIM5
SIM1
SIM2
SIM3
SIM4
1
21
22
SIM5
SIM1
SIM2
SIM3
SIM4
1
21
22
SIM5
SIM1
SIM2
SIM3
SIM4
1
21
22
SIM5
SIM1
SIM2
SIM3
SIM4
1
21
22
SIM5
SIM1
SIM2
SIM3
SIM4
1
21
22
SIM5
SIM1
SIM2
SIM3
SIM4
1
21
22
SIM5
SIM1
SIM2
SIM3
SIM4
1
21
22
SIM5
SIM1
SIM2
SIM3
SIM4
1
21
22
SIM5
SIM1
SIM2
SIM3
SIM4
1
21
22
SIM5
SIM1
SIM2
SIM3
SIM4
1
21
22
SIM5
SIM1
SIM2
SIM3
SIM4
1
21
22
SIM5
SIM1
SIM2
SIM3
SIM4
1
21
22
SIM5
SIM1
SIM2
SIM3
SIM4
1
21
22
SIM5
SIM1
SIM2
SIM3
SIM4
1
21
22
SIM5
SIM1
SIM2
SIM3
SIM4
1
21
22
SIM5
SIM1
SIM2
DEBUG 1 183
SIM1
SIM2
SIM3
SIM4
1
21
22
SIM5
SIM1
SIM2
SIM3
SIM4
1
21
22
SIM5
SIM1
SIM2
SIM3
SIM4
1
21
22
SIM5
SIM1
SIM2
SIM3
SIM4
1
21
22
SIM5
SIM1
SIM2
SIM3
SIM4
1
21
22
SIM5
SIM1
SIM2
SIM3
SIM4
1
21
22
SIM5
SIM1
SIM2
SIM3
SIM4
1
21
22
SIM5
SIM1
SIM2
SIM3
SIM4
1
21
22
SIM5
SIM1
SIM2
SIM3
SIM4
1
21
22
SIM5
SIM1
SIM2
SIM3
SIM4
1
21
22
SIM5
SIM1
SIM2
SIM3
SIM4
1
21
22
SIM5
SIM1
SIM2
SIM3
SIM4
1
21
22
SIM5
SIM1
SIM2
SIM3
SIM4
1
21
22
SIM5
SIM1
SIM2
SIM3
SIM4
1
21
22
SIM5
SIM1
SIM2
SIM3
SIM4
1
21
22
SIM5
SIM1
SIM2
SIM3
SIM4
1
21
22
SIM5
SIM1
SIM2
SIM3
SIM4
1
21
22
SIM5
SIM1
SIM2
SIM3
SIM4
1
21
22
SIM5
SIM1
SIM2
SIM3
SIM4
1
21
22
SIM5
SIM1
SIM2
SIM3
SIM4
1
21
22
SIM5
SIM1
SIM2
SIM3
SIM4
1
21
22
SIM5
SIM1
SIM2
SIM3
SIM4
1
21
22
SIM5
SIM1
SIM2
SIM3
SIM4
1
21
22
SIM5
SIM1
SIM2
SIM3
SIM4
1
21
22
SIM5
SIM1
SIM2
SIM3
SIM4
1
21
22
SIM5
SIM1
SIM2
SIM3
SIM4
1
21
22
SIM5
SIM1
SIM2
SIM3
SIM4
1
21
22
SIM5
SIM1
SIM2
SIM3
SIM4
1
21
22
SIM5
SIM1
SIM2
SIM3
SIM4
1
21
22
SIM5
SIM1
SIM2
SIM3
SIM4
1
21
22
SIM5
SIM1
SIM2
SIM3
SIM4
1
21
22
SIM5
SIM1
SIM2
SIM3
SIM4
1
21
22
SIM5
SIM1
SIM2
SIM3
SIM4
1
21
22
SIM5
SIM1
SIM2
SIM3
SIM4
1
21
22
SIM5
SIM1
SIM2
SIM3
SIM4
1
21
22
SIM5
SIM1
SIM2
SIM3
SIM4
1
21
22
SIM5
SIM1
SIM2
SIM3
SIM4
1
21
22
SIM5
SIM1
SIM2
SIM3
SIM4
1
21
22
SIM5
SIM1
SIM2
SIM3
SIM4
1
21
22
SIM5
SIM1
SIM2
SIM3
SIM4
1
21
22
SIM5
SIM1
SIM2
SIM3
SIM4
1
21
22
SIM5
SIM1
SIM2
SIM3
SIM4
1
21
22
SIM5
SIM1
SIM2
SIM3
SIM4
1
21
22
SIM5
SIM1
SIM2
SIM3
SIM4
1
21
22
SIM5
SIM1
SIM2
SIM3
SIM4
1
21
22
SIM5
SIM1
SIM2
SIM3
SIM4
1
21
22
SIM5
SIM1
SIM2
SIM3
SIM4
1
21
22
SIM5
SIM1
SIM2
SIM3
SIM4
1
21
22
SIM5
SIM1
SIM2
SIM3
SIM4
1
21
22
SIM5
SIM1
SIM2
SIM3
SIM4
1
21
22
SIM5
SIM1
SIM2
SIM3
SIM4
1
21
22
SIM5
SIM1
SIM2
SIM3
SIM4
1
21
22
SIM5
SIM1
SIM2
SIM3
SIM4
1
21
22
SIM5
SIM1
SIM2
SIM3
SIM4
1
21
22
SIM5
SIM1
SIM2
SIM3
SIM4
1
21
22
SIM5
SIM1
SIM2
SIM3
SIM4
1
21
22
SIM5
SIM1
SIM2
SIM3
SIM4
1
21
22
SIM5
SIM1
SIM2
SIM3
SIM4
1
21
22
SIM5
SIM1
SIM2
SIM3
SIM4
1
21
22
SIM5
SIM1
SIM2
SIM3
SIM4
1
21
22
SIM5
SIM1
SIM2
SIM3
SIM4
1
21
22
SIM5
SIM1
SIM2
SIM3
SIM4
1
21
22
SIM5
SIM1
SIM2
SIM3
SIM4
1
21
22
SIM5
SIM1
SIM2
SIM3
SIM4
1
21
22
SIM5
SIM1
SIM2
SIM3
SIM4
1
21
22
SIM5
SIM1
SIM2
SIM3
SIM4
1
21
22
SIM5
SIM1
SIM2
SIM3
SIM4
1
21
22
SIM5
SIM1
SIM2
SIM3
SIM4
1
21
22
SIM5
SIM1
SIM2
SIM3
SIM4
1
21
22
SIM5
SIM1
SIM2
SIM3
SIM4
1
21
22
SIM5
SIM1
SIM2
SIM3
SIM4
1
21
22
SIM5
SIM1
SIM2
SIM3
SIM4
1
21
22
SIM5
SIM1
SIM2
SIM3
SIM4
1
21
22
SIM5
SIM1
SIM2
SIM3
SIM4
1
21
22
SIM5
SIM1
SIM2
SIM3
SIM4
1
21
22
SIM5
SIM1
SIM2
SIM3
SIM4
1
21
22
SIM5
SIM1
SIM2
SIM3
SIM4
1
21
22
SIM5
SIM1
SIM2
SIM3
SIM4
1
21
22
SIM5
SIM1
SIM2
SIM3
SIM4
1
21
22
SIM5
SIM1
SIM2
SIM3
SIM4
1
21
22
SIM5
SIM1
SIM2
SIM3
SIM4
1
21
22
SIM5
SIM1
SIM2
SIM3
SIM4
1
21
22
SIM5
SIM1
SIM2
SIM3
SIM4
1
21
22
SIM5
SIM1
SIM2
SIM3
SIM4
1
21
22
SIM5
SIM1
SIM2
SIM3
SIM4
1
21
22
SIM5
SIM1
SIM2
SIM3
SIM4
1
21
22
SIM5
SIM1
SIM2
SIM3
SIM4
1
21
22
SIM5
SIM1
SIM2
SIM3
SIM4
1
21
22
SIM5
SIM1
SIM2
SIM3
SIM4
1
21
22
SIM5
SIM1
SIM2
SIM3
SIM4
1
21
22
SIM5
SIM1
SIM2
SIM3
SIM4
1
21
22
SIM5
SIM1
SIM2
SIM3
SIM4
1
21
22
SIM5
SIM1
SIM2
SIM3
SIM4
1
21
22
SIM5
SIM1
SIM2
SIM3
SIM4
1
21
22
SIM5
SIM1
SIM2
SIM3
SIM4
1
21
22
SIM5
SIM1
SIM2
SIM3
SIM4
1
21
22
SIM5
SIM1
SIM2
SIM3
SIM4
1
21
22
SIM5
SIM1
SIM2
SIM3
SIM4
1
21
22
SIM5
SIM1
SIM2
SIM3
SIM4
1
21
22
SIM5
SIM1
SIM2
SIM3
SIM4
1
21
22
SIM5
SIM1
SIM2
SIM3
SIM4
1
21
22
SIM5
SIM1
SIM2
SIM3
SIM4
1
21
22
SIM5
SIM1
SIM2
SIM3
SIM4
1
21
22
SIM5
SIM1
SIM2
SIM3
SIM4
1
21
22
SIM5
SIM1
SIM2
SIM3
SIM4
1
21
22
SIM5
SIM1
SIM2
SIM3
SIM4
1
21
22
SIM5
SIM1
SIM2
SIM3
SIM4
1
21
22
SIM5
SIM1
SIM2
SIM3
SIM4
1
21
22
SIM5
SIM1
SIM2
SIM3
SIM4
1
21
22
SIM5
SIM1
SIM2
SIM3
SIM4
1
21
22
SIM5
SIM1
SIM2
SIM3
SIM4
1
21
22
SIM5
SIM1
SIM2
SIM3
SIM4
1
21
22
SIM5
SIM1
SIM2
SIM3
SIM4
1
21
22
SIM5
SIM1
SIM2
SIM3
SIM4
1
21
22
SIM5
SIM1
SIM2
SIM3
SIM4
1
21
22
SIM5
SIM1
SIM2
SIM3
SIM4
1
21
22
SIM5
SIM1
SIM2
SIM3
SIM4
1
21
22
SIM5
SIM1
SIM2
SIM3
SIM4
1
21
22
SIM5
SIM1
SIM2
SIM3
SIM4
1
21
22
SIM5
SIM1
SIM2
SIM3
SIM4
1
21
22
SIM5
SIM1
SIM2
SIM3
SIM4
1
21
22
SIM5
SIM1
SIM2
SIM3
SIM4
1
21
22
SIM5
SIM1
SIM2
SIM3
SIM4
1
21
22
SIM5
SIM1
SIM2
SIM3
SIM4
1
21
22
SIM5
SIM1
SIM2
SIM3
SIM4
1
21
22
SIM5
SIM1
SIM2
SIM3
SIM4
1
21
22
SIM5
SIM1
SIM2
SIM3
SIM4
1
21
22
SIM5
SIM1
SIM2
SIM3
SIM4
1
21
22
SIM5
SIM1
SIM2
SIM3
SIM4
1
21
22
SIM5
SIM1
SIM2
SIM3
SIM4
1
21
22
SIM5
SIM1
SIM2
SIM3
SIM4
1
21
22
SIM5
SIM1
SIM2
SIM3
SIM4
1
21
22
SIM5
SIM1
SIM2
SIM3
SIM4
1
21
22
SIM5
SIM1
SIM2
SIM3
SIM4
1
21
22
SIM5
SIM1
SIM2
SIM3
SIM4
1
21
22
SIM5
SIM1
SIM2
SIM3
SIM4
1
21
22
SIM5
SIM1
SIM2
SIM3
SIM4
1
21
22
SIM5
SIM1
SIM2
SIM3
SIM4
1
21
22
SIM5
SIM1
SIM2
SIM3
SIM4
1
21
22
SIM5
SIM1
SIM2
SIM3
SIM4
1
21
22
SIM5
SIM1
SIM2
SIM3
SIM4
1
21
22
SIM5
SIM1
SIM2
SIM3
SIM4
1
21
22
SIM5
SIM1
SIM2
SIM3
SIM4
1
21
22
SIM5
SIM1
SIM2
SIM3
SIM4
1
21
22
SIM5
SIM1
SIM2
SIM3
SIM4
1
21
22
SIM5
SIM1
SIM2
SIM3
SIM4
1
21
22
SIM5
SIM1
SIM2
SIM3
SIM4
1
21
22
SIM5
SIM1
SIM2
SIM3
SIM4
1
21
22
SIM5
SIM1
SIM2
SIM3
SIM4
1
21
22
SIM5
SIM1
SIM2
SIM3
SIM4
1
21
22
SIM5
SIM1
SIM2
SIM3
SIM4
1
21
22
SIM5
SIM1
SIM2
SIM3
SIM4
1
21
22
SIM5
SIM1
SIM2
SIM3
SIM4
1
21
22
SIM5
SIM1
SIM2
SIM3
SIM4
1
21
22
SIM5
SIM1
SIM2
SIM3
SIM4
1
21
22
SIM5
SIM1
SIM2
SIM3
SIM4
1
21
22
SIM5
SIM1
SIM2
SIM3
SIM4
1
21
22
SIM5
SIM1
SIM2
SIM3
SIM4
1
21
22
SIM5
SIM1
SIM2
SIM3
SIM4
1
21
22
SIM5
SIM1
SIM2
SIM3
SIM4
1
21
22
SIM5
SIM1
SIM2
SIM3
SIM4
1
21
22
SIM5
SIM1
SIM2
SIM3
SIM4
1
21
22
SIM5
SIM1
SIM2
SIM3
SIM4
1
21
22
SIM5
SIM1
SIM2
SIM3
SIM4
1
21
22
SIM5
SIM1
SIM2
SIM3
SIM4
1
21
22
SIM5
SIM1
SIM2
SIM3
SIM4
1
21
22
SIM5
SIM1
SIM2
SIM3
SIM4
1
21
22
SIM5
SIM1
SIM2
SIM3
SIM4
1
21
22
SIM5
SIM1
SIM2
SIM3
SIM4
1
21
22
SIM5
SIM1
SIM2
SIM3
SIM4
1
21
22
SIM5
SIM1
SIM2
SIM3
SIM4
1
21
22
SIM5
SIM1
SIM2
SIM3
SIM4
1
21
22
SIM5
SIM1
SIM2
SIM3
SIM4
1
21
22
SIM5
SIM1
SIM2
SIM3
SIM4
1
21
22
SIM5
SIM1
SIM2
SIM3
SIM4
1
21
22
SIM5
SIM1
SIM2
SIM3
SIM4
1
21
22
SIM5
SIM1
SIM2
SIM3
SIM4
1
21
22
SIM5
SIM1
SIM2
SIM3
SIM4
1
21
22
SIM5
SIM1
SIM2
SIM3
SIM4
1
21
22
SIM5
SIM1
SIM2
SIM3
SIM4
1
21
22
SIM5
SIM1
SIM2
SIM3
SIM4
1
21
22
SIM5
SIM1
SIM2
SIM3
SIM4
1
21
22
SIM5
SIM1
SIM2
SIM3
SIM4
1
21
22
SIM5
SIM1
SIM2
SIM3
SIM4
1
21
22
SIM5
SIM1
SIM2
SIM3
SIM4
1
21
22
SIM5
SIM1
SIM2
SIM3
SIM4
1
21
22
SIM5
SIM1
SIM2
SIM3
SIM4
1
21
22
SIM5
SIM1
SIM2
SIM3
SIM4
1
21
22
SIM5
SIM1
SIM2
SIM3
SIM4
1
21
22
SIM5
SIM1
SIM2
SIM3
SIM4
1
21
22
SIM5
SIM1
SIM2
SIM3
SIM4
1
21
22
SIM5
SIM1
SIM2
SIM3
SIM4
1
21
22
SIM5
SIM1
SIM2
SIM3
SIM4
1
21
22
SIM5
SIM1
SIM2
SIM3
SIM4
1
21
22
SIM5
SIM1
SIM2
DEBUG 1 184
SIM1
SIM2
SIM3
SIM4
1
21
22
SIM5
SIM1
SIM2
SIM3
SIM4
1
21
22
SIM5
SIM1
SIM2
SIM3
SIM4
1
21
22
SIM5
SIM1
SIM2
SIM3
SIM4
1
21
22
SIM5
SIM1
SIM2
SIM3
SIM4
1
21
22
SIM5
SIM1
SIM2
SIM3
SIM4
1
21
22
SIM5
SIM1
SIM2
SIM3
SIM4
1
21
22
SIM5
SIM1
SIM2
SIM3
SIM4
1
21
22
SIM5
SIM1
SIM2
SIM3
SIM4
1
21
22
SIM5
SIM1
SIM2
SIM3
SIM4
1
21
22
SIM5
SIM1
SIM2
SIM3
SIM4
1
21
22
SIM5
SIM1
SIM2
SIM3
SIM4
1
21
22
SIM5
SIM1
SIM2
SIM3
SIM4
1
21
22
SIM5
SIM1
SIM2
SIM3
SIM4
1
21
22
SIM5
SIM1
SIM2
SIM3
SIM4
1
21
22
SIM5
SIM1
SIM2
SIM3
SIM4
1
21
22
SIM5
SIM1
SIM2
SIM3
SIM4
1
21
22
SIM5
SIM1
SIM2
SIM3
SIM4
1
21
22
SIM5
SIM1
SIM2
SIM3
SIM4
1
21
22
SIM5
SIM1
SIM2
SIM3
SIM4
1
21
22
SIM5
SIM1
SIM2
SIM3
SIM4
1
21
22
SIM5
SIM1
SIM2
SIM3
SIM4
1
21
22
SIM5
SIM1
SIM2
SIM3
SIM4
1
21
22
SIM5
SIM1
SIM2
SIM3
SIM4
1
21
22
SIM5
SIM1
SIM2
SIM3
SIM4
1
21
22
SIM5
SIM1
SIM2
SIM3
SIM4
1
21
22
SIM5
SIM1
SIM2
SIM3
SIM4
1
21
22
SIM5
SIM1
SIM2
SIM3
SIM4
1
21
22
SIM5
SIM1
SIM2
SIM3
SIM4
1
21
22
SIM5
SIM1
SIM2
SIM3
SIM4
1
21
22
SIM5
SIM1
SIM2
SIM3
SIM4
1
21
22
SIM5
SIM1
SIM2
SIM3
SIM4
1
21
22
SIM5
SIM1
SIM2
SIM3
SIM4
1
21
22
SIM5
SIM1
SIM2
SIM3
SIM4
1
21
22
SIM5
SIM1
SIM2
SIM3
SIM4
1
21
22
SIM5
SIM1
SIM2
SIM3
SIM4
1
21
22
SIM5
SIM1
SIM2
SIM3
SIM4
1
21
22
SIM5
SIM1
SIM2
SIM3
SIM4
1
21
22
SIM5
SIM1
SIM2
SIM3
SIM4
1
21
22
SIM5
SIM1
SIM2
SIM3
SIM4
1
21
22
SIM5
SIM1
SIM2
SIM3
SIM4
1
21
22
SIM5
SIM1
SIM2
SIM3
SIM4
1
21
22
SIM5
SIM1
SIM2
SIM3
SIM4
1
21
22
SIM5
SIM1
SIM2
SIM3
SIM4
1
21
22
SIM5
SIM1
SIM2
SIM3
SIM4
1
21
22
SIM5
SIM1
SIM2
SIM3
SIM4
1
21
22
SIM5
SIM1
SIM2
SIM3
SIM4
1
21
22
SIM5
SIM1
SIM2
SIM3
SIM4
1
21
22
SIM5
SIM1
SIM2
SIM3
SIM4
1
21
22
SIM5
SIM1
SIM2
SIM3
SIM4
1
21
22
SIM5
SIM1
SIM2
SIM3
SIM4
1
21
22
SIM5
SIM1
SIM2
SIM3
SIM4
1
21
22
SIM5
SIM1
SIM2
SIM3
SIM4
1
21
22
SIM5
SIM1
SIM2
SIM3
SIM4
1
21
22
SIM5
SIM1
SIM2
SIM3
SIM4
1
21
22
SIM5
SIM1
SIM2
SIM3
SIM4
1
21
22
SIM5
SIM1
SIM2
SIM3
SIM4
1
21
22
SIM5
SIM1
SIM2
SIM3
SIM4
1
21
22
SIM5
SIM1
SIM2
SIM3
SIM4
1
21
22
SIM5
SIM1
SIM2
SIM3
SIM4
1
21
22
SIM5
SIM1
SIM2
SIM3
SIM4
1
21
22
SIM5
SIM1
SIM2
SIM3
SIM4
1
21
22
SIM5
SIM1
SIM2
SIM3
SIM4
1
21
22
SIM5
SIM1
SIM2
SIM3
SIM4
1
21
22
SIM5
SIM1
SIM2
SIM3
SIM4
1
21
22
SIM5
SIM1
SIM2
SIM3
SIM4
1
21
22
SIM5
SIM1
SIM2
SIM3
SIM4
1
21
22
SIM5
SIM1
SIM2
SIM3
SIM4
1
21
22
SIM5
SIM1
SIM2
SIM3
SIM4
1
21
22
SIM5
SIM1
SIM2
SIM3
SIM4
1
21
22
SIM5
SIM1
SIM2
SIM3
SIM4
1
21
22
SIM5
SIM1
SIM2
SIM3
SIM4
1
21
22
SIM5
SIM1
SIM2
SIM3
SIM4
1
21
22
SIM5
SIM1
SIM2
SIM3
SIM4
1
21
22
SIM5
SIM1
SIM2
SIM3
SIM4
1
21
22
SIM5
SIM1
SIM2
SIM3
SIM4
1
21
22
SIM5
SIM1
SIM2
SIM3
SIM4
1
21
22
SIM5
SIM1
SIM2
SIM3
SIM4
1
21
22
SIM5
SIM1
SIM2
SIM3
SIM4
1
21
22
SIM5
SIM1
SIM2
SIM3
SIM4
1
21
22
SIM5
SIM1
SIM2
SIM3
SIM4
1
21
22
SIM5
SIM1
SIM2
SIM3
SIM4
1
21
22
SIM5
SIM1
SIM2
SIM3
SIM4
1
21
22
SIM5
SIM1
SIM2
SIM3
SIM4
1
21
22
SIM5
SIM1
SIM2
SIM3
SIM4
1
21
22
SIM5
SIM1
SIM2
SIM3
SIM4
1
21
22
SIM5
SIM1
SIM2
SIM3
SIM4
1
21
22
SIM5
SIM1
SIM2
SIM3
SIM4
1
21
22
SIM5
SIM1
SIM2
SIM3
SIM4
1
21
22
SIM5
SIM1
SIM2
SIM3
SIM4
1
21
22
SIM5
SIM1
SIM2
SIM3
SIM4
1
21
22
SIM5
SIM1
SIM2
SIM3
SIM4
1
21
22
SIM5
SIM1
SIM2
SIM3
SIM4
1
21
22
SIM5
SIM1
SIM2
SIM3
SIM4
1
21
22
SIM5
SIM1
SIM2
SIM3
SIM4
1
21
22
SIM5
SIM1
SIM2
SIM3
SIM4
1
21
22
SIM5
SIM1
SIM2
SIM3
SIM4
1
21
22
SIM5
SIM1
SIM2
SIM3
SIM4
1
21
22
SIM5
SIM1
SIM2
SIM3
SIM4
1
21
22
SIM5
SIM1
SIM2
SIM3
SIM4
1
21
22
SIM5
SIM1
SIM2
SIM3
SIM4
1
21
22
SIM5
SIM1
SIM2
SIM3
SIM4
1
21
22
SIM5
SIM1
SIM2
SIM3
SIM4
1
21
22
SIM5
SIM1
SIM2
SIM3
SIM4
1
21
22
SIM5
SIM1
SIM2
SIM3
SIM4
1
21
22
SIM5
SIM1
SIM2
SIM3
SIM4
1
21
22
SIM5
SIM1
SIM2
SIM3
SIM4
1
21
22
SIM5
SIM1
SIM2
SIM3
SIM4
1
21
22
SIM5
SIM1
SIM2
SIM3
SIM4
1
21
22
SIM5
SIM1
SIM2
SIM3
SIM4
1
21
22
SIM5
SIM1
SIM2
SIM3
SIM4
1
21
22
SIM5
SIM1
SIM2
SIM3
SIM4
1
21
22
SIM5
SIM1
SIM2
SIM3
SIM4
1
21
22
SIM5
SIM1
SIM2
SIM3
SIM4
1
21
22
SIM5
SIM1
SIM2
SIM3
SIM4
1
21
22
SIM5
SIM1
SIM2
SIM3
SIM4
1
21
22
SIM5
SIM1
SIM2
SIM3
SIM4
1
21
22
SIM5
SIM1
SIM2
SIM3
SIM4
1
21
22
SIM5
SIM1
SIM2
SIM3
SIM4
1
21
22
SIM5
SIM1
SIM2
SIM3
SIM4
1
21
22
SIM5
SIM1
SIM2
SIM3
SIM4
1
21
22
SIM5
SIM1
SIM2
SIM3
SIM4
1
21
22
SIM5
SIM1
SIM2
SIM3
SIM4
1
21
22
SIM5
SIM1
SIM2
SIM3
SIM4
1
21
22
SIM5
SIM1
SIM2
SIM3
SIM4
1
21
22
SIM5
SIM1
SIM2
SIM3
SIM4
1
21
22
SIM5
SIM1
SIM2
SIM3
SIM4
1
21
22
SIM5
SIM1
SIM2
SIM3
SIM4
1
21
22
SIM5
SIM1
SIM2
SIM3
SIM4
1
21
22
SIM5
SIM1
SIM2
SIM3
SIM4
1
21
22
SIM5
SIM1
SIM2
SIM3
SIM4
1
21
22
SIM5
SIM1
SIM2
SIM3
SIM4
1
21
22
SIM5
SIM1
SIM2
SIM3
SIM4
1
21
22
SIM5
SIM1
SIM2
SIM3
SIM4
1
21
22
SIM5
SIM1
SIM2
SIM3
SIM4
1
21
22
SIM5
SIM1
SIM2
SIM3
SIM4
1
21
22
SIM5
SIM1
SIM2
SIM3
SIM4
1
21
22
SIM5
SIM1
SIM2
SIM3
SIM4
1
21
22
SIM5
SIM1
SIM2
SIM3
SIM4
1
21
22
SIM5
SIM1
SIM2
SIM3
SIM4
1
21
22
SIM5
SIM1
SIM2
SIM3
SIM4
1
21
22
SIM5
SIM1
SIM2
SIM3
SIM4
1
21
22
SIM5
SIM1
SIM2
SIM3
SIM4
1
21
22
SIM5
SIM1
SIM2
SIM3
SIM4
1
21
22
SIM5
SIM1
SIM2
SIM3
SIM4
1
21
22
SIM5
SIM1
SIM2
SIM3
SIM4
1
21
22
SIM5
SIM1
SIM2
SIM3
SIM4
1
21
22
SIM5
SIM1
SIM2
SIM3
SIM4
1
21
22
SIM5
SIM1
SIM2
SIM3
SIM4
1
21
22
SIM5
SIM1
SIM2
SIM3
SIM4
1
21
22
SIM5
SIM1
SIM2
SIM3
SIM4
1
21
22
SIM5
SIM1
SIM2
SIM3
SIM4
1
21
22
SIM5
SIM1
SIM2
SIM3
SIM4
1
21
22
SIM5
SIM1
SIM2
SIM3
SIM4
1
21
22
SIM5
SIM1
SIM2
SIM3
SIM4
1
21
22
SIM5
SIM1
SIM2
SIM3
SIM4
1
21
22
SIM5
SIM1
SIM2
SIM3
SIM4
1
21
22
SIM5
SIM1
SIM2
SIM3
SIM4
1
21
22
SIM5
SIM1
SIM2
SIM3
SIM4
1
21
22
SIM5
SIM1
SIM2
SIM3
SIM4
1
21
22
SIM5
SIM1
SIM2
SIM3
SIM4
1
21
22
SIM5
SIM1
SIM2
SIM3
SIM4
1
21
22
SIM5
SIM1
SIM2
SIM3
SIM4
1
21
22
SIM5
SIM1
SIM2
SIM3
SIM4
1
21
22
SIM5
SIM1
SIM2
SIM3
SIM4
1
21
22
SIM5
SIM1
SIM2
SIM3
SIM4
1
21
22
SIM5
SIM1
SIM2
SIM3
SIM4
1
21
22
SIM5
SIM1
SIM2
SIM3
SIM4
1
21
22
SIM5
SIM1
SIM2
SIM3
SIM4
1
21
22
SIM5
SIM1
SIM2
SIM3
SIM4
1
21
22
SIM5
SIM1
SIM2
SIM3
SIM4
1
21
22
SIM5
SIM1
SIM2
SIM3
SIM4
1
21
22
SIM5
SIM1
SIM2
SIM3
SIM4
1
21
22
SIM5
SIM1
SIM2
SIM3
SIM4
1
21
22
SIM5
SIM1
SIM2
SIM3
SIM4
1
21
22
SIM5
SIM1
SIM2
SIM3
SIM4
1
21
22
SIM5
SIM1
SIM2
SIM3
SIM4
1
21
22
SIM5
SIM1
SIM2
SIM3
SIM4
1
21
22
SIM5
SIM1
SIM2
SIM3
SIM4
1
21
22
SIM5
SIM1
SIM2
SIM3
SIM4
1
21
22
SIM5
SIM1
SIM2
SIM3
SIM4
1
21
22
SIM5
SIM1
SIM2
SIM3
SIM4
1
21
22
SIM5
SIM1
SIM2
SIM3
SIM4
1
21
22
SIM5
SIM1
SIM2
SIM3
SIM4
1
21
22
SIM5
SIM1
SIM2
SIM3
SIM4
1
21
22
SIM5
SIM1
SIM2
SIM3
SIM4
1
21
22
SIM5
SIM1
SIM2
SIM3
SIM4
1
21
22
SIM5
SIM1
SIM2
SIM3
SIM4
1
21
22
SIM5
SIM1
SIM2
SIM3
SIM4
1
21
22
SIM5
SIM1
SIM2
SIM3
SIM4
1
21
22
SIM5
SIM1
SIM2
SIM3
SIM4
1
21
22
SIM5
SIM1
SIM2
SIM3
SIM4
1
21
22
SIM5
SIM1
SIM2
SIM3
SIM4
1
21
22
SIM5
SIM1
SIM2
SIM3
SIM4
1
21
22
SIM5
SIM1
SIM2
SIM3
SIM4
1
21
22
SIM5
SIM1
SIM2
SIM3
SIM4
1
21
22
SIM5
SIM1
SIM2
SIM3
SIM4
1
21
22
SIM5
SIM1
SIM2
SIM3
SIM4
1
21
22
SIM5
SIM1
SIM2
SIM3
SIM4
1
21
22
SIM5
SIM1
SIM2
SIM3
SIM4
1
21
22
SIM5
SIM1
SIM2
SIM3
SIM4
1
21
22
SIM5
SIM1
SIM2
SIM3
SIM4
1
21
22
SIM5
SIM1
SIM2
SIM3
SIM4
1
21
22
SIM5
SIM1
SIM2
SIM3
SIM4
1
21
22
SIM5
SIM1
SIM2
SIM3
SIM4
1
21
22
SIM5
SIM1
SIM2
SIM3
SIM4
1
21
22
SIM5
SIM1
SIM2
SIM3
SIM4
1
21
22
SIM5
SIM1
SIM2
SIM3
SIM4
1
21
22
SIM5
SIM1
SIM2
SIM3
SIM4
1
21
22
SIM5
SIM1
SIM2
SIM3
SIM4
1
21
22
SIM5
SIM1
SIM2
SIM3
SIM4
1
21
22
SIM5
SIM1
SIM2
SIM3
SIM4
1
21
22
SIM5
SIM1
SIM2
SIM3
SIM4
1
21
22
SIM5
SIM1
SIM2
SIM3
SIM4
1
21
22
SIM5
SIM1
SIM2
SIM3
SIM4
1
21
22
SIM5
SIM1
SIM2
SIM3
SIM4
1
21
22
SIM5
SIM1
SIM2
SIM3
SIM4
1
21
22
SIM5
SIM1
SIM2
SIM3
SIM4
1
21
22
SIM5
SIM1
SIM2
DEBUG 1 185
SIM1
SIM2
SIM3
SIM4
1
21
22
SIM5
SIM1
SIM2
SIM3
SIM4
1
21
22
SIM5
SIM1
SIM2
SIM3
SIM4
1
21
22
SIM5
SIM1
SIM2
SIM3
SIM4
1
21
22
SIM5
SIM1
SIM2
SIM3
SIM4
1
21
22
SIM5
SIM1
SIM2
SIM3
SIM4
1
21
22
SIM5
SIM1
SIM2
SIM3
SIM4
1
21
22
SIM5
SIM1
SIM2
SIM3
SIM4
1
21
22
SIM5
SIM1
SIM2
SIM3
SIM4
1
21
22
SIM5
SIM1
SIM2
SIM3
SIM4
1
21
22
SIM5
SIM1
SIM2
SIM3
SIM4
1
21
22
SIM5
SIM1
SIM2
SIM3
SIM4
1
21
22
SIM5
SIM1
SIM2
SIM3
SIM4
1
21
22
SIM5
SIM1
SIM2
SIM3
SIM4
1
21
22
SIM5
SIM1
SIM2
SIM3
SIM4
1
21
22
SIM5
SIM1
SIM2
SIM3
SIM4
1
21
22
SIM5
SIM1
SIM2
SIM3
SIM4
1
21
22
SIM5
SIM1
SIM2
SIM3
SIM4
1
21
22
SIM5
SIM1
SIM2
SIM3
SIM4
1
21
22
SIM5
SIM1
SIM2
SIM3
SIM4
1
21
22
SIM5
SIM1
SIM2
SIM3
SIM4
1
21
22
SIM5
SIM1
SIM2
SIM3
SIM4
1
21
22
SIM5
SIM1
SIM2
SIM3
SIM4
1
21
22
SIM5
SIM1
SIM2
SIM3
SIM4
1
21
22
SIM5
SIM1
SIM2
SIM3
SIM4
1
21
22
SIM5
SIM1
SIM2
SIM3
SIM4
1
21
22
SIM5
SIM1
SIM2
SIM3
SIM4
1
21
22
SIM5
SIM1
SIM2
SIM3
SIM4
1
21
22
SIM5
SIM1
SIM2
SIM3
SIM4
1
21
22
SIM5
SIM1
SIM2
SIM3
SIM4
1
21
22
SIM5
SIM1
SIM2
SIM3
SIM4
1
21
22
SIM5
SIM1
SIM2
SIM3
SIM4
1
21
22
SIM5
SIM1
SIM2
SIM3
SIM4
1
21
22
SIM5
SIM1
SIM2
SIM3
SIM4
1
21
22
SIM5
SIM1
SIM2
SIM3
SIM4
1
21
22
SIM5
SIM1
SIM2
SIM3
SIM4
1
21
22
SIM5
SIM1
SIM2
SIM3
SIM4
1
21
22
SIM5
SIM1
SIM2
SIM3
SIM4
1
21
22
SIM5
SIM1
SIM2
SIM3
SIM4
1
21
22
SIM5
SIM1
SIM2
SIM3
SIM4
1
21
22
SIM5
SIM1
SIM2
SIM3
SIM4
1
21
22
SIM5
SIM1
SIM2
SIM3
SIM4
1
21
22
SIM5
SIM1
SIM2
SIM3
SIM4
1
21
22
SIM5
SIM1
SIM2
SIM3
SIM4
1
21
22
SIM5
SIM1
SIM2
SIM3
SIM4
1
21
22
SIM5
SIM1
SIM2
SIM3
SIM4
1
21
22
SIM5
SIM1
SIM2
SIM3
SIM4
1
21
22
SIM5
SIM1
SIM2
SIM3
SIM4
1
21
22
SIM5
SIM1
SIM2
SIM3
SIM4
1
21
22
SIM5
SIM1
SIM2
SIM3
SIM4
1
21
22
SIM5
SIM1
SIM2
SIM3
SIM4
1
21
22
SIM5
SIM1
SIM2
SIM3
SIM4
1
21
22
SIM5
SIM1
SIM2
SIM3
SIM4
1
21
22
SIM5
SIM1
SIM2
SIM3
SIM4
1
21
22
SIM5
SIM1
SIM2
SIM3
SIM4
1
21
22
SIM5
SIM1
SIM2
SIM3
SIM4
1
21
22
SIM5
SIM1
SIM2
SIM3
SIM4
1
21
22
SIM5
SIM1
SIM2
SIM3
SIM4
1
21
22
SIM5
SIM1
SIM2
SIM3
SIM4
1
21
22
SIM5
SIM1
SIM2
SIM3
SIM4
1
21
22
SIM5
SIM1
SIM2
SIM3
SIM4
1
21
22
SIM5
SIM1
SIM2
SIM3
SIM4
1
21
22
SIM5
SIM1
SIM2
SIM3
SIM4
1
21
22
SIM5
SIM1
SIM2
SIM3
SIM4
1
21
22
SIM5
SIM1
SIM2
SIM3
SIM4
1
21
22
SIM5
SIM1
SIM2
SIM3
SIM4
1
21
22
SIM5
SIM1
SIM2
SIM3
SIM4
1
21
22
SIM5
SIM1
SIM2
SIM3
SIM4
1
21
22
SIM5
SIM1
SIM2
SIM3
SIM4
1
21
22
SIM5
SIM1
SIM2
SIM3
SIM4
1
21
22
SIM5
SIM1
SIM2
SIM3
SIM4
1
21
22
SIM5
SIM1
SIM2
SIM3
SIM4
1
21
22
SIM5
SIM1
SIM2
SIM3
SIM4
1
21
22
SIM5
SIM1
SIM2
SIM3
SIM4
1
21
22
SIM5
SIM1
SIM2
SIM3
SIM4
1
21
22
SIM5
SIM1
SIM2
SIM3
SIM4
1
21
22
SIM5
SIM1
SIM2
SIM3
SIM4
1
21
22
SIM5
SIM1
SIM2
SIM3
SIM4
1
21
22
SIM5
SIM1
SIM2
SIM3
SIM4
1
21
22
SIM5
SIM1
SIM2
SIM3
SIM4
1
21
22
SIM5
SIM1
SIM2
SIM3
SIM4
1
21
22
SIM5
SIM1
SIM2
SIM3
SIM4
1
21
22
SIM5
SIM1
SIM2
SIM3
SIM4
1
21
22
SIM5
SIM1
SIM2
SIM3
SIM4
1
21
22
SIM5
SIM1
SIM2
SIM3
SIM4
1
21
22
SIM5
SIM1
SIM2
SIM3
SIM4
1
21
22
SIM5
SIM1
SIM2
SIM3
SIM4
1
21
22
SIM5
SIM1
SIM2
SIM3
SIM4
1
21
22
SIM5
SIM1
SIM2
SIM3
SIM4
1
21
22
SIM5
SIM1
SIM2
SIM3
SIM4
1
21
22
SIM5
SIM1
SIM2
SIM3
SIM4
1
21
22
SIM5
SIM1
SIM2
SIM3
SIM4
1
21
22
SIM5
SIM1
SIM2
SIM3
SIM4
1
21
22
SIM5
SIM1
SIM2
SIM3
SIM4
1
21
22
SIM5
SIM1
SIM2
SIM3
SIM4
1
21
22
SIM5
SIM1
SIM2
SIM3
SIM4
1
21
22
SIM5
SIM1
SIM2
SIM3
SIM4
1
21
22
SIM5
SIM1
SIM2
SIM3
SIM4
1
21
22
SIM5
SIM1
SIM2
SIM3
SIM4
1
21
22
SIM5
SIM1
SIM2
SIM3
SIM4
1
21
22
SIM5
SIM1
SIM2
SIM3
SIM4
1
21
22
SIM5
SIM1
SIM2
SIM3
SIM4
1
21
22
SIM5
SIM1
SIM2
SIM3
SIM4
1
21
22
SIM5
SIM1
SIM2
SIM3
SIM4
1
21
22
SIM5
SIM1
SIM2
SIM3
SIM4
1
21
22
SIM5
SIM1
SIM2
SIM3
SIM4
1
21
22
SIM5
SIM1
SIM2
SIM3
SIM4
1
21
22
SIM5
SIM1
SIM2
SIM3
SIM4
1
21
22
SIM5
SIM1
SIM2
SIM3
SIM4
1
21
22
SIM5
SIM1
SIM2
SIM3
SIM4
1
21
22
SIM5
SIM1
SIM2
SIM3
SIM4
1
21
22
SIM5
SIM1
SIM2
SIM3
SIM4
1
21
22
SIM5
SIM1
SIM2
SIM3
SIM4
1
21
22
SIM5
SIM1
SIM2
SIM3
SIM4
1
21
22
SIM5
SIM1
SIM2
SIM3
SIM4
1
21
22
SIM5
SIM1
SIM2
SIM3
SIM4
1
21
22
SIM5
SIM1
SIM2
SIM3
SIM4
1
21
22
SIM5
SIM1
SIM2
SIM3
SIM4
1
21
22
SIM5
SIM1
SIM2
SIM3
SIM4
1
21
22
SIM5
SIM1
SIM2
SIM3
SIM4
1
21
22
SIM5
SIM1
SIM2
SIM3
SIM4
1
21
22
SIM5
SIM1
SIM2
SIM3
SIM4
1
21
22
SIM5
SIM1
SIM2
SIM3
SIM4
1
21
22
SIM5
SIM1
SIM2
SIM3
SIM4
1
21
22
SIM5
SIM1
SIM2
SIM3
SIM4
1
21
22
SIM5
SIM1
SIM2
SIM3
SIM4
1
21
22
SIM5
SIM1
SIM2
SIM3
SIM4
1
21
22
SIM5
SIM1
SIM2
SIM3
SIM4
1
21
22
SIM5
SIM1
SIM2
SIM3
SIM4
1
21
22
SIM5
SIM1
SIM2
SIM3
SIM4
1
21
22
SIM5
SIM1
SIM2
SIM3
SIM4
1
21
22
SIM5
SIM1
SIM2
SIM3
SIM4
1
21
22
SIM5
SIM1
SIM2
SIM3
SIM4
1
21
22
SIM5
SIM1
SIM2
SIM3
SIM4
1
21
22
SIM5
SIM1
SIM2
SIM3
SIM4
1
21
22
SIM5
SIM1
SIM2
SIM3
SIM4
1
21
22
SIM5
SIM1
SIM2
SIM3
SIM4
1
21
22
SIM5
SIM1
SIM2
SIM3
SIM4
1
21
22
SIM5
SIM1
SIM2
SIM3
SIM4
1
21
22
SIM5
SIM1
SIM2
SIM3
SIM4
1
21
22
SIM5
SIM1
SIM2
SIM3
SIM4
1
21
22
SIM5
SIM1
SIM2
SIM3
SIM4
1
21
22
SIM5
SIM1
SIM2
SIM3
SIM4
1
21
22
SIM5
SIM1
SIM2
SIM3
SIM4
1
21
22
SIM5
SIM1
SIM2
SIM3
SIM4
1
21
22
SIM5
SIM1
SIM2
SIM3
SIM4
1
21
22
SIM5
SIM1
SIM2
SIM3
SIM4
1
21
22
SIM5
SIM1
SIM2
SIM3
SIM4
1
21
22
SIM5
SIM1
SIM2
SIM3
SIM4
1
21
22
SIM5
SIM1
SIM2
SIM3
SIM4
1
21
22
SIM5
SIM1
SIM2
SIM3
SIM4
1
21
22
SIM5
SIM1
SIM2
SIM3
SIM4
1
21
22
SIM5
SIM1
SIM2
SIM3
SIM4
1
21
22
SIM5
SIM1
SIM2
SIM3
SIM4
1
21
22
SIM5
SIM1
SIM2
SIM3
SIM4
1
21
22
SIM5
SIM1
SIM2
SIM3
SIM4
1
21
22
SIM5
SIM1
SIM2
SIM3
SIM4
1
21
22
SIM5
SIM1
SIM2
SIM3
SIM4
1
21
22
SIM5
SIM1
SIM2
SIM3
SIM4
1
21
22
SIM5
SIM1
SIM2
SIM3
SIM4
1
21
22
SIM5
SIM1
SIM2
SIM3
SIM4
1
21
22
SIM5
SIM1
SIM2
SIM3
SIM4
1
21
22
SIM5
SIM1
SIM2
SIM3
SIM4
1
21
22
SIM5
SIM1
SIM2
SIM3
SIM4
1
21
22
SIM5
SIM1
SIM2
SIM3
SIM4
1
21
22
SIM5
SIM1
SIM2
SIM3
SIM4
1
21
22
SIM5
SIM1
SIM2
SIM3
SIM4
1
21
22
SIM5
SIM1
SIM2
SIM3
SIM4
1
21
22
SIM5
SIM1
SIM2
SIM3
SIM4
1
21
22
SIM5
SIM1
SIM2
SIM3
SIM4
1
21
22
SIM5
SIM1
SIM2
SIM3
SIM4
1
21
22
SIM5
SIM1
SIM2
SIM3
SIM4
1
21
22
SIM5
SIM1
SIM2
SIM3
SIM4
1
21
22
SIM5
SIM1
SIM2
SIM3
SIM4
1
21
22
SIM5
SIM1
SIM2
SIM3
SIM4
1
21
22
SIM5
SIM1
SIM2
SIM3
SIM4
1
21
22
SIM5
SIM1
SIM2
SIM3
SIM4
1
21
22
SIM5
SIM1
SIM2
SIM3
SIM4
1
21
22
SIM5
SIM1
SIM2
SIM3
SIM4
1
21
22
SIM5
SIM1
SIM2
SIM3
SIM4
1
21
22
SIM5
SIM1
SIM2
SIM3
SIM4
1
21
22
SIM5
SIM1
SIM2
SIM3
SIM4
1
21
22
SIM5
SIM1
SIM2
SIM3
SIM4
1
21
22
SIM5
SIM1
SIM2
SIM3
SIM4
1
21
22
SIM5
SIM1
SIM2
SIM3
SIM4
1
21
22
SIM5
SIM1
SIM2
SIM3
SIM4
1
21
22
SIM5
SIM1
SIM2
SIM3
SIM4
1
21
22
SIM5
SIM1
SIM2
SIM3
SIM4
1
21
22
SIM5
SIM1
SIM2
SIM3
SIM4
1
21
22
SIM5
SIM1
SIM2
SIM3
SIM4
1
21
22
SIM5
SIM1
SIM2
SIM3
SIM4
1
21
22
SIM5
SIM1
SIM2
SIM3
SIM4
1
21
22
SIM5
SIM1
SIM2
SIM3
SIM4
1
21
22
SIM5
SIM1
SIM2
SIM3
SIM4
1
21
22
SIM5
SIM1
SIM2
SIM3
SIM4
1
21
22
SIM5
SIM1
SIM2
SIM3
SIM4
1
21
22
SIM5
SIM1
SIM2
SIM3
SIM4
1
21
22
SIM5
SIM1
SIM2
SIM3
SIM4
1
21
22
SIM5
SIM1
SIM2
SIM3
SIM4
1
21
22
SIM5
SIM1
SIM2
SIM3
SIM4
1
21
22
SIM5
SIM1
SIM2
SIM3
SIM4
1
21
22
SIM5
SIM1
SIM2
SIM3
SIM4
1
21
22
SIM5
SIM1
SIM2
SIM3
SIM4
1
21
22
SIM5
SIM1
SIM2
SIM3
SIM4
1
21
22
SIM5
SIM1
SIM2
SIM3
SIM4
1
21
22
SIM5
SIM1
SIM2
SIM3
SIM4
1
21
22
SIM5
SIM1
SIM2
SIM3
SIM4
1
21
22
SIM5
SIM1
SIM2
DEBUG 1 186
SIM1
SIM2
SIM3
SIM4
1
21
22
SIM5
SIM1
SIM2
SIM3
SIM4
1
21
22
SIM5
SIM1
SIM2
SIM3
SIM4
1
21
22
SIM5
SIM1
SIM2
SIM3
SIM4
1
21
22
SIM5
SIM1
SIM2
SIM3
SIM4
1
21
22
SIM5
SIM1
SIM2
SIM3
SIM4
1
21
22
SIM5
SIM1
SIM2
SIM3
SIM4
1
21
22
SIM5
SIM1
SIM2
SIM3
SIM4
1
21
22
SIM5
SIM1
SIM2
SIM3
SIM4
1
21
22
SIM5
SIM1
SIM2
SIM3
SIM4
1
21
22
SIM5
SIM1
SIM2
SIM3
SIM4
1
21
22
SIM5
SIM1
SIM2
SIM3
SIM4
1
21
22
SIM5
SIM1
SIM2
SIM3
SIM4
1
21
22
SIM5
SIM1
SIM2
SIM3
SIM4
1
21
22
SIM5
SIM1
SIM2
SIM3
SIM4
1
21
22
SIM5
SIM1
SIM2
SIM3
SIM4
1
21
22
SIM5
SIM1
SIM2
SIM3
SIM4
1
21
22
SIM5
SIM1
SIM2
SIM3
SIM4
1
21
22
SIM5
SIM1
SIM2
SIM3
SIM4
1
21
22
SIM5
SIM1
SIM2
SIM3
SIM4
1
21
22
SIM5
SIM1
SIM2
SIM3
SIM4
1
21
22
SIM5
SIM1
SIM2
SIM3
SIM4
1
21
22
SIM5
SIM1
SIM2
SIM3
SIM4
1
21
22
SIM5
SIM1
SIM2
SIM3
SIM4
1
21
22
SIM5
SIM1
SIM2
SIM3
SIM4
1
21
22
SIM5
SIM1
SIM2
SIM3
SIM4
1
21
22
SIM5
SIM1
SIM2
SIM3
SIM4
1
21
22
SIM5
SIM1
SIM2
SIM3
SIM4
1
21
22
SIM5
SIM1
SIM2
SIM3
SIM4
1
21
22
SIM5
SIM1
SIM2
SIM3
SIM4
1
21
22
SIM5
SIM1
SIM2
SIM3
SIM4
1
21
22
SIM5
SIM1
SIM2
SIM3
SIM4
1
21
22
SIM5
SIM1
SIM2
SIM3
SIM4
1
21
22
SIM5
SIM1
SIM2
SIM3
SIM4
1
21
22
SIM5
SIM1
SIM2
SIM3
SIM4
1
21
22
SIM5
SIM1
SIM2
SIM3
SIM4
1
21
22
SIM5
SIM1
SIM2
SIM3
SIM4
1
21
22
SIM5
SIM1
SIM2
SIM3
SIM4
1
21
22
SIM5
SIM1
SIM2
SIM3
SIM4
1
21
22
SIM5
SIM1
SIM2
SIM3
SIM4
1
21
22
SIM5
SIM1
SIM2
SIM3
SIM4
1
21
22
SIM5
SIM1
SIM2
SIM3
SIM4
1
21
22
SIM5
SIM1
SIM2
SIM3
SIM4
1
21
22
SIM5
SIM1
SIM2
SIM3
SIM4
1
21
22
SIM5
SIM1
SIM2
SIM3
SIM4
1
21
22
SIM5
SIM1
SIM2
SIM3
SIM4
1
21
22
SIM5
SIM1
SIM2
SIM3
SIM4
1
21
22
SIM5
SIM1
SIM2
SIM3
SIM4
1
21
22
SIM5
SIM1
SIM2
SIM3
SIM4
1
21
22
SIM5
SIM1
SIM2
SIM3
SIM4
1
21
22
SIM5
SIM1
SIM2
SIM3
SIM4
1
21
22
SIM5
SIM1
SIM2
SIM3
SIM4
1
21
22
SIM5
SIM1
SIM2
SIM3
SIM4
1
21
22
SIM5
SIM1
SIM2
SIM3
SIM4
1
21
22
SIM5
SIM1
SIM2
SIM3
SIM4
1
21
22
SIM5
SIM1
SIM2
SIM3
SIM4
1
21
22
SIM5
SIM1
SIM2
SIM3
SIM4
1
21
22
SIM5
SIM1
SIM2
SIM3
SIM4
1
21
22
SIM5
SIM1
SIM2
SIM3
SIM4
1
21
22
SIM5
SIM1
SIM2
SIM3
SIM4
1
21
22
SIM5
SIM1
SIM2
SIM3
SIM4
1
21
22
SIM5
SIM1
SIM2
SIM3
SIM4
1
21
22
SIM5
SIM1
SIM2
SIM3
SIM4
1
21
22
SIM5
SIM1
SIM2
SIM3
SIM4
1
21
22
SIM5
SIM1
SIM2
SIM3
SIM4
1
21
22
SIM5
SIM1
SIM2
SIM3
SIM4
1
21
22
SIM5
SIM1
SIM2
SIM3
SIM4
1
21
22
SIM5
SIM1
SIM2
SIM3
SIM4
1
21
22
SIM5
SIM1
SIM2
SIM3
SIM4
1
21
22
SIM5
SIM1
SIM2
SIM3
SIM4
1
21
22
SIM5
SIM1
SIM2
SIM3
SIM4
1
21
22
SIM5
SIM1
SIM2
SIM3
SIM4
1
21
22
SIM5
SIM1
SIM2
SIM3
SIM4
1
21
22
SIM5
SIM1
SIM2
SIM3
SIM4
1
21
22
SIM5
SIM1
SIM2
SIM3
SIM4
1
21
22
SIM5
SIM1
SIM2
SIM3
SIM4
1
21
22
SIM5
SIM1
SIM2
SIM3
SIM4
1
21
22
SIM5
SIM1
SIM2
SIM3
SIM4
1
21
22
SIM5
SIM1
SIM2
SIM3
SIM4
1
21
22
SIM5
SIM1
SIM2
SIM3
SIM4
1
21
22
SIM5
SIM1
SIM2
SIM3
SIM4
1
21
22
SIM5
SIM1
SIM2
SIM3
SIM4
1
21
22
SIM5
SIM1
SIM2
SIM3
SIM4
1
21
22
SIM5
SIM1
SIM2
SIM3
SIM4
1
21
22
SIM5
SIM1
SIM2
SIM3
SIM4
1
21
22
SIM5
SIM1
SIM2
SIM3
SIM4
1
21
22
SIM5
SIM1
SIM2
SIM3
SIM4
1
21
22
SIM5
SIM1
SIM2
SIM3
SIM4
1
21
22
SIM5
SIM1
SIM2
SIM3
SIM4
1
21
22
SIM5
SIM1
SIM2
SIM3
SIM4
1
21
22
SIM5
SIM1
SIM2
SIM3
SIM4
1
21
22
SIM5
SIM1
SIM2
SIM3
SIM4
1
21
22
SIM5
SIM1
SIM2
SIM3
SIM4
1
21
22
SIM5
SIM1
SIM2
SIM3
SIM4
1
21
22
SIM5
SIM1
SIM2
SIM3
SIM4
1
21
22
SIM5
SIM1
SIM2
SIM3
SIM4
1
21
22
SIM5
SIM1
SIM2
SIM3
SIM4
1
21
22
SIM5
SIM1
SIM2
SIM3
SIM4
1
21
22
SIM5
SIM1
SIM2
SIM3
SIM4
1
21
22
SIM5
SIM1
SIM2
SIM3
SIM4
1
21
22
SIM5
SIM1
SIM2
SIM3
SIM4
1
21
22
SIM5
SIM1
SIM2
SIM3
SIM4
1
21
22
SIM5
SIM1
SIM2
SIM3
SIM4
1
21
22
SIM5
SIM1
SIM2
SIM3
SIM4
1
21
22
SIM5
SIM1
SIM2
SIM3
SIM4
1
21
22
SIM5
SIM1
SIM2
SIM3
SIM4
1
21
22
SIM5
SIM1
SIM2
SIM3
SIM4
1
21
22
SIM5
SIM1
SIM2
SIM3
SIM4
1
21
22
SIM5
SIM1
SIM2
SIM3
SIM4
1
21
22
SIM5
SIM1
SIM2
SIM3
SIM4
1
21
22
SIM5
SIM1
SIM2
SIM3
SIM4
1
21
22
SIM5
SIM1
SIM2
SIM3
SIM4
1
21
22
SIM5
SIM1
SIM2
SIM3
SIM4
1
21
22
SIM5
SIM1
SIM2
SIM3
SIM4
1
21
22
SIM5
SIM1
SIM2
SIM3
SIM4
1
21
22
SIM5
SIM1
SIM2
SIM3
SIM4
1
21
22
SIM5
SIM1
SIM2
SIM3
SIM4
1
21
22
SIM5
SIM1
SIM2
SIM3
SIM4
1
21
22
SIM5
SIM1
SIM2
SIM3
SIM4
1
21
22
SIM5
SIM1
SIM2
SIM3
SIM4
1
21
22
SIM5
SIM1
SIM2
SIM3
SIM4
1
21
22
SIM5
SIM1
SIM2
SIM3
SIM4
1
21
22
SIM5
SIM1
SIM2
SIM3
SIM4
1
21
22
SIM5
SIM1
SIM2
SIM3
SIM4
1
21
22
SIM5
SIM1
SIM2
SIM3
SIM4
1
21
22
SIM5
SIM1
SIM2
SIM3
SIM4
1
21
22
SIM5
SIM1
SIM2
SIM3
SIM4
1
21
22
SIM5
SIM1
SIM2
SIM3
SIM4
1
21
22
SIM5
SIM1
SIM2
SIM3
SIM4
1
21
22
SIM5
SIM1
SIM2
SIM3
SIM4
1
21
22
SIM5
SIM1
SIM2
SIM3
SIM4
1
21
22
SIM5
SIM1
SIM2
SIM3
SIM4
1
21
22
SIM5
SIM1
SIM2
SIM3
SIM4
1
21
22
SIM5
SIM1
SIM2
SIM3
SIM4
1
21
22
SIM5
SIM1
SIM2
SIM3
SIM4
1
21
22
SIM5
SIM1
SIM2
SIM3
SIM4
1
21
22
SIM5
SIM1
SIM2
SIM3
SIM4
1
21
22
SIM5
SIM1
SIM2
SIM3
SIM4
1
21
22
SIM5
SIM1
SIM2
SIM3
SIM4
1
21
22
SIM5
SIM1
SIM2
SIM3
SIM4
1
21
22
SIM5
SIM1
SIM2
SIM3
SIM4
1
21
22
SIM5
SIM1
SIM2
SIM3
SIM4
1
21
22
SIM5
SIM1
SIM2
SIM3
SIM4
1
21
22
SIM5
SIM1
SIM2
SIM3
SIM4
1
21
22
SIM5
SIM1
SIM2
SIM3
SIM4
1
21
22
SIM5
SIM1
SIM2
SIM3
SIM4
1
21
22
SIM5
SIM1
SIM2
SIM3
SIM4
1
21
22
SIM5
SIM1
SIM2
SIM3
SIM4
1
21
22
SIM5
SIM1
SIM2
SIM3
SIM4
1
21
22
SIM5
SIM1
SIM2
SIM3
SIM4
1
21
22
SIM5
SIM1
SIM2
SIM3
SIM4
1
21
22
SIM5
SIM1
SIM2
SIM3
SIM4
1
21
22
SIM5
SIM1
SIM2
SIM3
SIM4
1
21
22
SIM5
SIM1
SIM2
SIM3
SIM4
1
21
22
SIM5
SIM1
SIM2
SIM3
SIM4
1
21
22
SIM5
SIM1
SIM2
SIM3
SIM4
1
21
22
SIM5
SIM1
SIM2
SIM3
SIM4
1
21
22
SIM5
SIM1
SIM2
SIM3
SIM4
1
21
22
SIM5
SIM1
SIM2
SIM3
SIM4
1
21
22
SIM5
SIM1
SIM2
SIM3
SIM4
1
21
22
SIM5
SIM1
SIM2
SIM3
SIM4
1
21
22
SIM5
SIM1
SIM2
SIM3
SIM4
1
21
22
SIM5
SIM1
SIM2
SIM3
SIM4
1
21
22
SIM5
SIM1
SIM2
SIM3
SIM4
1
21
22
SIM5
SIM1
SIM2
SIM3
SIM4
1
21
22
SIM5
SIM1
SIM2
SIM3
SIM4
1
21
22
SIM5
SIM1
SIM2
SIM3
SIM4
1
21
22
SIM5
SIM1
SIM2
SIM3
SIM4
1
21
22
SIM5
SIM1
SIM2
SIM3
SIM4
1
21
22
SIM5
SIM1
SIM2
SIM3
SIM4
1
21
22
SIM5
SIM1
SIM2
SIM3
SIM4
1
21
22
SIM5
SIM1
SIM2
SIM3
SIM4
1
21
22
SIM5
SIM1
SIM2
SIM3
SIM4
1
21
22
SIM5
SIM1
SIM2
SIM3
SIM4
1
21
22
SIM5
SIM1
SIM2
SIM3
SIM4
1
21
22
SIM5
SIM1
SIM2
SIM3
SIM4
1
21
22
SIM5
SIM1
SIM2
SIM3
SIM4
1
21
22
SIM5
SIM1
SIM2
SIM3
SIM4
1
21
22
SIM5
SIM1
SIM2
SIM3
SIM4
1
21
22
SIM5
SIM1
SIM2
SIM3
SIM4
1
21
22
SIM5
SIM1
SIM2
SIM3
SIM4
1
21
22
SIM5
SIM1
SIM2
SIM3
SIM4
1
21
22
SIM5
SIM1
SIM2
SIM3
SIM4
1
21
22
SIM5
SIM1
SIM2
SIM3
SIM4
1
21
22
SIM5
SIM1
SIM2
SIM3
SIM4
1
21
22
SIM5
SIM1
SIM2
SIM3
SIM4
1
21
22
SIM5
SIM1
SIM2
SIM3
SIM4
1
21
22
SIM5
SIM1
SIM2
SIM3
SIM4
1
21
22
SIM5
SIM1
SIM2
SIM3
SIM4
1
21
22
SIM5
SIM1
SIM2
SIM3
SIM4
1
21
22
SIM5
SIM1
SIM2
SIM3
SIM4
1
21
22
SIM5
SIM1
SIM2
SIM3
SIM4
1
21
22
SIM5
SIM1
SIM2
SIM3
SIM4
1
21
22
SIM5
SIM1
SIM2
SIM3
SIM4
1
21
22
SIM5
SIM1
SIM2
SIM3
SIM4
1
21
22
SIM5
SIM1
SIM2
SIM3
SIM4
1
21
22
SIM5
SIM1
SIM2
SIM3
SIM4
1
21
22
SIM5
SIM1
SIM2
SIM3
SIM4
1
21
22
SIM5
SIM1
SIM2
SIM3
SIM4
1
21
22
SIM5
SIM1
SIM2
SIM3
SIM4
1
21
22
SIM5
SIM1
SIM2
SIM3
SIM4
1
21
22
SIM5
SIM1
SIM2
SIM3
SIM4
1
21
22
SIM5
SIM1
SIM2
SIM3
SIM4
1
21
22
SIM5
SIM1
SIM2
SIM3
SIM4
1
21
22
SIM5
SIM1
SIM2
SIM3
SIM4
1
21
22
SIM5
SIM1
SIM2
SIM3
SIM4
1
21
22
SIM5
SIM1
SIM2
SIM3
SIM4
1
21
22
SIM5
SIM1
SIM2
SIM3
SIM4
1
21
22
SIM5
SIM1
SIM2
SIM3
SIM4
1
21
22
SIM5
SIM1
SIM2
SIM3
SIM4
1
21
22
SIM5
SIM1
SIM2
SIM3
SIM4
1
21
22
SIM5
SIM1
SIM2
SIM3
SIM4
1
21
22
SIM5
SIM1
SIM2
SIM3
SIM4
1
21
22
SIM5
SIM1
SIM2
SIM3
SIM4
1
21
22
SIM5
SIM1
SIM2
SIM3
SIM4
1
21
22
SIM5
SIM1
SIM2
SIM3
SIM4
1
21
22
SIM5
SIM1
SIM2
SIM3
SIM4
1
21
22
SIM5
SIM1
SIM2
SIM3
SIM4
1
21
22
SIM5
SIM1
SIM2
SIM3
SIM4
1
21
22
SIM5
SIM1
SIM2
SIM3
SIM4
1
21
22
SIM5
SIM1
SIM2
SIM3
SIM4
1
21
22
SIM5
SIM1
SIM2
SIM3
SIM4
1
21
22
SIM5
SIM1
SIM2
SIM3
SIM4
1
21
22
SIM5
SIM1
SIM2
SIM3
SIM4
1
21
22
SIM5
SIM1
SIM2
SIM3
SIM4
1
21
22
SIM5
SIM1
SIM2
SIM3
SIM4
1
21
22
SIM5
SIM1
SIM2
SIM3
SIM4
1
21
22
SIM5
SIM1
SIM2
SIM3
SIM4
1
21
22
SIM5
SIM1
SIM2
SIM3
SIM4
1
21
22
SIM5
SIM1
SIM2
SIM3
SIM4
1
21
22
SIM5
SIM1
SIM2
SIM3
SIM4
1
21
22
SIM5
SIM1
SIM2
DEBUG 1 187
SIM1
SIM2
SIM3
SIM4
1
21
22
SIM5
SIM1
SIM2
SIM3
SIM4
1
21
22
SIM5
SIM1
SIM2
SIM3
SIM4
1
21
22
SIM5
SIM1
SIM2
SIM3
SIM4
1
21
22
SIM5
SIM1
SIM2
SIM3
SIM4
1
21
22
SIM5
SIM1
SIM2
SIM3
SIM4
1
21
22
SIM5
SIM1
SIM2
SIM3
SIM4
1
21
22
SIM5
SIM1
SIM2
SIM3
SIM4
1
21
22
SIM5
SIM1
SIM2
SIM3
SIM4
1
21
22
SIM5
SIM1
SIM2
SIM3
SIM4
1
21
22
SIM5
SIM1
SIM2
SIM3
SIM4
1
21
22
SIM5
SIM1
SIM2
SIM3
SIM4
1
21
22
SIM5
SIM1
SIM2
SIM3
SIM4
1
21
22
SIM5
SIM1
SIM2
SIM3
SIM4
1
21
22
SIM5
SIM1
SIM2
SIM3
SIM4
1
21
22
SIM5
SIM1
SIM2
SIM3
SIM4
1
21
22
SIM5
SIM1
SIM2
SIM3
SIM4
1
21
22
SIM5
SIM1
SIM2
SIM3
SIM4
1
21
22
SIM5
SIM1
SIM2
SIM3
SIM4
1
21
22
SIM5
SIM1
SIM2
SIM3
SIM4
1
21
22
SIM5
SIM1
SIM2
SIM3
SIM4
1
21
22
SIM5
SIM1
SIM2
SIM3
SIM4
1
21
22
SIM5
SIM1
SIM2
SIM3
SIM4
1
21
22
SIM5
SIM1
SIM2
SIM3
SIM4
1
21
22
SIM5
SIM1
SIM2
SIM3
SIM4
1
21
22
SIM5
SIM1
SIM2
SIM3
SIM4
1
21
22
SIM5
SIM1
SIM2
SIM3
SIM4
1
21
22
SIM5
SIM1
SIM2
SIM3
SIM4
1
21
22
SIM5
SIM1
SIM2
SIM3
SIM4
1
21
22
SIM5
SIM1
SIM2
SIM3
SIM4
1
21
22
SIM5
SIM1
SIM2
SIM3
SIM4
1
21
22
SIM5
SIM1
SIM2
SIM3
SIM4
1
21
22
SIM5
SIM1
SIM2
SIM3
SIM4
1
21
22
SIM5
SIM1
SIM2
SIM3
SIM4
1
21
22
SIM5
SIM1
SIM2
SIM3
SIM4
1
21
22
SIM5
SIM1
SIM2
SIM3
SIM4
1
21
22
SIM5
SIM1
SIM2
SIM3
SIM4
1
21
22
SIM5
SIM1
SIM2
SIM3
SIM4
1
21
22
SIM5
SIM1
SIM2
SIM3
SIM4
1
21
22
SIM5
SIM1
SIM2
SIM3
SIM4
1
21
22
SIM5
SIM1
SIM2
SIM3
SIM4
1
21
22
SIM5
SIM1
SIM2
SIM3
SIM4
1
21
22
SIM5
SIM1
SIM2
SIM3
SIM4
1
21
22
SIM5
SIM1
SIM2
SIM3
SIM4
1
21
22
SIM5
SIM1
SIM2
SIM3
SIM4
1
21
22
SIM5
SIM1
SIM2
SIM3
SIM4
1
21
22
SIM5
SIM1
SIM2
SIM3
SIM4
1
21
22
SIM5
SIM1
SIM2
SIM3
SIM4
1
21
22
SIM5
SIM1
SIM2
SIM3
SIM4
1
21
22
SIM5
SIM1
SIM2
SIM3
SIM4
1
21
22
SIM5
SIM1
SIM2
SIM3
SIM4
1
21
22
SIM5
SIM1
SIM2
SIM3
SIM4
1
21
22
SIM5
SIM1
SIM2
SIM3
SIM4
1
21
22
SIM5
SIM1
SIM2
SIM3
SIM4
1
21
22
SIM5
SIM1
SIM2
SIM3
SIM4
1
21
22
SIM5
SIM1
SIM2
SIM3
SIM4
1
21
22
SIM5
SIM1
SIM2
SIM3
SIM4
1
21
22
SIM5
SIM1
SIM2
SIM3
SIM4
1
21
22
SIM5
SIM1
SIM2
SIM3
SIM4
1
21
22
SIM5
SIM1
SIM2
SIM3
SIM4
1
21
22
SIM5
SIM1
SIM2
SIM3
SIM4
1
21
22
SIM5
SIM1
SIM2
SIM3
SIM4
1
21
22
SIM5
SIM1
SIM2
SIM3
SIM4
1
21
22
SIM5
SIM1
SIM2
SIM3
SIM4
1
21
22
SIM5
SIM1
SIM2
SIM3
SIM4
1
21
22
SIM5
SIM1
SIM2
SIM3
SIM4
1
21
22
SIM5
SIM1
SIM2
SIM3
SIM4
1
21
22
SIM5
SIM1
SIM2
SIM3
SIM4
1
21
22
SIM5
SIM1
SIM2
SIM3
SIM4
1
21
22
SIM5
SIM1
SIM2
SIM3
SIM4
1
21
22
SIM5
SIM1
SIM2
SIM3
SIM4
1
21
22
SIM5
SIM1
SIM2
SIM3
SIM4
1
21
22
SIM5
SIM1
SIM2
SIM3
SIM4
1
21
22
SIM5
SIM1
SIM2
SIM3
SIM4
1
21
22
SIM5
SIM1
SIM2
SIM3
SIM4
1
21
22
SIM5
SIM1
SIM2
SIM3
SIM4
1
21
22
SIM5
SIM1
SIM2
SIM3
SIM4
1
21
22
SIM5
SIM1
SIM2
SIM3
SIM4
1
21
22
SIM5
SIM1
SIM2
SIM3
SIM4
1
21
22
SIM5
SIM1
SIM2
SIM3
SIM4
1
21
22
SIM5
SIM1
SIM2
SIM3
SIM4
1
21
22
SIM5
SIM1
SIM2
SIM3
SIM4
1
21
22
SIM5
SIM1
SIM2
SIM3
SIM4
1
21
22
SIM5
SIM1
SIM2
SIM3
SIM4
1
21
22
SIM5
SIM1
SIM2
SIM3
SIM4
1
21
22
SIM5
SIM1
SIM2
SIM3
SIM4
1
21
22
SIM5
SIM1
SIM2
SIM3
SIM4
1
21
22
SIM5
SIM1
SIM2
SIM3
SIM4
1
21
22
SIM5
SIM1
SIM2
SIM3
SIM4
1
21
22
SIM5
SIM1
SIM2
SIM3
SIM4
1
21
22
SIM5
SIM1
SIM2
SIM3
SIM4
1
21
22
SIM5
SIM1
SIM2
SIM3
SIM4
1
21
22
SIM5
SIM1
SIM2
SIM3
SIM4
1
21
22
SIM5
SIM1
SIM2
SIM3
SIM4
1
21
22
SIM5
SIM1
SIM2
SIM3
SIM4
1
21
22
SIM5
SIM1
SIM2
SIM3
SIM4
1
21
22
SIM5
SIM1
SIM2
SIM3
SIM4
1
21
22
SIM5
SIM1
SIM2
SIM3
SIM4
1
21
22
SIM5
SIM1
SIM2
SIM3
SIM4
1
21
22
SIM5
SIM1
SIM2
SIM3
SIM4
1
21
22
SIM5
SIM1
SIM2
SIM3
SIM4
1
21
22
SIM5
SIM1
SIM2
SIM3
SIM4
1
21
22
SIM5
SIM1
SIM2
SIM3
SIM4
1
21
22
SIM5
SIM1
SIM2
SIM3
SIM4
1
21
22
SIM5
SIM1
SIM2
SIM3
SIM4
1
21
22
SIM5
SIM1
SIM2
SIM3
SIM4
1
21
22
SIM5
SIM1
SIM2
SIM3
SIM4
1
21
22
SIM5
SIM1
SIM2
SIM3
SIM4
1
21
22
SIM5
SIM1
SIM2
SIM3
SIM4
1
21
22
SIM5
SIM1
SIM2
SIM3
SIM4
1
21
22
SIM5
SIM1
SIM2
SIM3
SIM4
1
21
22
SIM5
SIM1
SIM2
SIM3
SIM4
1
21
22
SIM5
SIM1
SIM2
SIM3
SIM4
1
21
22
SIM5
SIM1
SIM2
SIM3
SIM4
1
21
22
SIM5
SIM1
SIM2
SIM3
SIM4
1
21
22
SIM5
SIM1
SIM2
SIM3
SIM4
1
21
22
SIM5
SIM1
SIM2
SIM3
SIM4
1
21
22
SIM5
SIM1
SIM2
SIM3
SIM4
1
21
22
SIM5
SIM1
SIM2
SIM3
SIM4
1
21
22
SIM5
SIM1
SIM2
SIM3
SIM4
1
21
22
SIM5
SIM1
SIM2
SIM3
SIM4
1
21
22
SIM5
SIM1
SIM2
SIM3
SIM4
1
21
22
SIM5
SIM1
SIM2
SIM3
SIM4
1
21
22
SIM5
SIM1
SIM2
SIM3
SIM4
1
21
22
SIM5
SIM1
SIM2
SIM3
SIM4
1
21
22
SIM5
SIM1
SIM2
SIM3
SIM4
1
21
22
SIM5
SIM1
SIM2
SIM3
SIM4
1
21
22
SIM5
SIM1
SIM2
SIM3
SIM4
1
21
22
SIM5
SIM1
SIM2
SIM3
SIM4
1
21
22
SIM5
SIM1
SIM2
SIM3
SIM4
1
21
22
SIM5
SIM1
SIM2
SIM3
SIM4
1
21
22
SIM5
SIM1
SIM2
SIM3
SIM4
1
21
22
SIM5
SIM1
SIM2
SIM3
SIM4
1
21
22
SIM5
SIM1
SIM2
SIM3
SIM4
1
21
22
SIM5
SIM1
SIM2
DEBUG 1 188
SIM1
SIM2
SIM3
SIM4
1
21
22
SIM5
SIM1
SIM2
SIM3
SIM4
1
21
22
SIM5
SIM1
SIM2
SIM3
SIM4
1
21
22
SIM5
SIM1
SIM2
SIM3
SIM4
1
21
22
SIM5
SIM1
SIM2
SIM3
SIM4
1
21
22
SIM5
SIM1
SIM2
SIM3
SIM4
1
21
22
SIM5
SIM1
SIM2
SIM3
SIM4
1
21
22
SIM5
SIM1
SIM2
SIM3
SIM4
1
21
22
SIM5
SIM1
SIM2
SIM3
SIM4
1
21
22
SIM5
SIM1
SIM2
SIM3
SIM4
1
21
22
SIM5
SIM1
SIM2
SIM3
SIM4
1
21
22
SIM5
SIM1
SIM2
SIM3
SIM4
1
21
22
SIM5
SIM1
SIM2
SIM3
SIM4
1
21
22
SIM5
SIM1
SIM2
SIM3
SIM4
1
21
22
SIM5
SIM1
SIM2
SIM3
SIM4
1
21
22
SIM5
SIM1
SIM2
SIM3
SIM4
1
21
22
SIM5
SIM1
SIM2
SIM3
SIM4
1
21
22
SIM5
SIM1
SIM2
SIM3
SIM4
1
21
22
SIM5
SIM1
SIM2
SIM3
SIM4
1
21
22
SIM5
SIM1
SIM2
SIM3
SIM4
1
21
22
SIM5
SIM1
SIM2
SIM3
SIM4
1
21
22
SIM5
SIM1
SIM2
SIM3
SIM4
1
21
22
SIM5
SIM1
SIM2
SIM3
SIM4
1
21
22
SIM5
SIM1
SIM2
SIM3
SIM4
1
21
22
SIM5
SIM1
SIM2
SIM3
SIM4
1
21
22
SIM5
SIM1
SIM2
SIM3
SIM4
1
21
22
SIM5
SIM1
SIM2
SIM3
SIM4
1
21
22
SIM5
SIM1
SIM2
SIM3
SIM4
1
21
22
SIM5
SIM1
SIM2
SIM3
SIM4
1
21
22
SIM5
SIM1
SIM2
SIM3
SIM4
1
21
22
SIM5
SIM1
SIM2
SIM3
SIM4
1
21
22
SIM5
SIM1
SIM2
SIM3
SIM4
1
21
22
SIM5
SIM1
SIM2
SIM3
SIM4
1
21
22
SIM5
SIM1
SIM2
SIM3
SIM4
1
21
22
SIM5
SIM1
SIM2
SIM3
SIM4
1
21
22
SIM5
SIM1
SIM2
SIM3
SIM4
1
21
22
SIM5
SIM1
SIM2
SIM3
SIM4
1
21
22
SIM5
SIM1
SIM2
SIM3
SIM4
1
21
22
SIM5
SIM1
SIM2
SIM3
SIM4
1
21
22
SIM5
SIM1
SIM2
SIM3
SIM4
1
21
22
SIM5
SIM1
SIM2
SIM3
SIM4
1
21
22
SIM5
SIM1
SIM2
SIM3
SIM4
1
21
22
SIM5
SIM1
SIM2
SIM3
SIM4
1
21
22
SIM5
SIM1
SIM2
SIM3
SIM4
1
21
22
SIM5
SIM1
SIM2
SIM3
SIM4
1
21
22
SIM5
SIM1
SIM2
SIM3
SIM4
1
21
22
SIM5
SIM1
SIM2
SIM3
SIM4
1
21
22
SIM5
SIM1
SIM2
SIM3
SIM4
1
21
22
SIM5
SIM1
SIM2
SIM3
SIM4
1
21
22
SIM5
SIM1
SIM2
SIM3
SIM4
1
21
22
SIM5
SIM1
SIM2
SIM3
SIM4
1
21
22
SIM5
SIM1
SIM2
SIM3
SIM4
1
21
22
SIM5
SIM1
SIM2
SIM3
SIM4
1
21
22
SIM5
SIM1
SIM2
SIM3
SIM4
1
21
22
SIM5
SIM1
SIM2
SIM3
SIM4
1
21
22
SIM5
SIM1
SIM2
SIM3
SIM4
1
21
22
SIM5
SIM1
SIM2
SIM3
SIM4
1
21
22
SIM5
SIM1
SIM2
SIM3
SIM4
1
21
22
SIM5
SIM1
SIM2
SIM3
SIM4
1
21
22
SIM5
SIM1
SIM2
SIM3
SIM4
1
21
22
SIM5
SIM1
SIM2
SIM3
SIM4
1
21
22
SIM5
SIM1
SIM2
SIM3
SIM4
1
21
22
SIM5
SIM1
SIM2
SIM3
SIM4
1
21
22
SIM5
SIM1
SIM2
SIM3
SIM4
1
21
22
SIM5
SIM1
SIM2
SIM3
SIM4
1
21
22
SIM5
SIM1
SIM2
SIM3
SIM4
1
21
22
SIM5
SIM1
SIM2
SIM3
SIM4
1
21
22
SIM5
SIM1
SIM2
SIM3
SIM4
1
21
22
SIM5
SIM1
SIM2
SIM3
SIM4
1
21
22
SIM5
SIM1
SIM2
SIM3
SIM4
1
21
22
SIM5
SIM1
SIM2
SIM3
SIM4
1
21
22
SIM5
SIM1
SIM2
SIM3
SIM4
1
21
22
SIM5
SIM1
SIM2
SIM3
SIM4
1
21
22
SIM5
SIM1
SIM2
SIM3
SIM4
1
21
22
SIM5
SIM1
SIM2
SIM3
SIM4
1
21
22
SIM5
SIM1
SIM2
SIM3
SIM4
1
21
22
SIM5
SIM1
SIM2
SIM3
SIM4
1
21
22
SIM5
SIM1
SIM2
SIM3
SIM4
1
21
22
SIM5
SIM1
SIM2
SIM3
SIM4
1
21
22
SIM5
SIM1
SIM2
SIM3
SIM4
1
21
22
SIM5
SIM1
SIM2
SIM3
SIM4
1
21
22
SIM5
SIM1
SIM2
SIM3
SIM4
1
21
22
SIM5
SIM1
SIM2
SIM3
SIM4
1
21
22
SIM5
SIM1
SIM2
SIM3
SIM4
1
21
22
SIM5
SIM1
SIM2
SIM3
SIM4
1
21
22
SIM5
SIM1
SIM2
SIM3
SIM4
1
21
22
SIM5
SIM1
SIM2
SIM3
SIM4
1
21
22
SIM5
SIM1
SIM2
SIM3
SIM4
1
21
22
SIM5
SIM1
SIM2
SIM3
SIM4
1
21
22
SIM5
SIM1
SIM2
SIM3
SIM4
1
21
22
SIM5
SIM1
SIM2
SIM3
SIM4
1
21
22
SIM5
SIM1
SIM2
SIM3
SIM4
1
21
22
SIM5
SIM1
SIM2
SIM3
SIM4
1
21
22
SIM5
SIM1
SIM2
SIM3
SIM4
1
21
22
SIM5
SIM1
SIM2
SIM3
SIM4
1
21
22
SIM5
SIM1
SIM2
SIM3
SIM4
1
21
22
SIM5
SIM1
SIM2
SIM3
SIM4
1
21
22
SIM5
SIM1
SIM2
SIM3
SIM4
1
21
22
SIM5
SIM1
SIM2
SIM3
SIM4
1
21
22
SIM5
SIM1
SIM2
SIM3
SIM4
1
21
22
SIM5
SIM1
SIM2
SIM3
SIM4
1
21
22
SIM5
SIM1
SIM2
SIM3
SIM4
1
21
22
SIM5
SIM1
SIM2
SIM3
SIM4
1
21
22
SIM5
SIM1
SIM2
SIM3
SIM4
1
21
22
SIM5
SIM1
SIM2
SIM3
SIM4
1
21
22
SIM5
SIM1
SIM2
SIM3
SIM4
1
21
22
SIM5
SIM1
SIM2
SIM3
SIM4
1
21
22
SIM5
SIM1
SIM2
SIM3
SIM4
1
21
22
SIM5
SIM1
SIM2
SIM3
SIM4
1
21
22
SIM5
SIM1
SIM2
SIM3
SIM4
1
21
22
SIM5
SIM1
SIM2
SIM3
SIM4
1
21
22
SIM5
SIM1
SIM2
SIM3
SIM4
1
21
22
SIM5
SIM1
SIM2
SIM3
SIM4
1
21
22
SIM5
SIM1
SIM2
SIM3
SIM4
1
21
22
SIM5
SIM1
SIM2
SIM3
SIM4
1
21
22
SIM5
SIM1
SIM2
SIM3
SIM4
1
21
22
SIM5
SIM1
SIM2
SIM3
SIM4
1
21
22
SIM5
SIM1
SIM2
SIM3
SIM4
1
21
22
SIM5
SIM1
SIM2
SIM3
SIM4
1
21
22
SIM5
SIM1
SIM2
SIM3
SIM4
1
21
22
SIM5
SIM1
SIM2
SIM3
SIM4
1
21
22
SIM5
SIM1
SIM2
SIM3
SIM4
1
21
22
SIM5
SIM1
SIM2
SIM3
SIM4
1
21
22
SIM5
SIM1
SIM2
SIM3
SIM4
1
21
22
SIM5
SIM1
SIM2
SIM3
SIM4
1
21
22
SIM5
SIM1
SIM2
SIM3
SIM4
1
21
22
SIM5
SIM1
SIM2
SIM3
SIM4
1
21
22
SIM5
SIM1
SIM2
SIM3
SIM4
1
21
22
SIM5
SIM1
SIM2
SIM3
SIM4
1
21
22
SIM5
SIM1
SIM2
SIM3
SIM4
1
21
22
SIM5
SIM1
SIM2
SIM3
SIM4
1
21
22
SIM5
SIM1
SIM2
SIM3
SIM4
1
21
22
SIM5
SIM1
SIM2
SIM3
SIM4
1
21
22
SIM5
SIM1
SIM2
SIM3
SIM4
1
21
22
SIM5
SIM1
SIM2
SIM3
SIM4
1
21
22
SIM5
SIM1
SIM2
SIM3
SIM4
1
21
22
SIM5
SIM1
SIM2
SIM3
SIM4
1
21
22
SIM5
SIM1
SIM2
SIM3
SIM4
1
21
22
SIM5
SIM1
SIM2
SIM3
SIM4
1
21
22
SIM5
SIM1
SIM2
SIM3
SIM4
1
21
22
SIM5
SIM1
SIM2
SIM3
SIM4
1
21
22
SIM5
SIM1
SIM2
SIM3
SIM4
1
21
22
SIM5
SIM1
SIM2
SIM3
SIM4
1
21
22
SIM5
SIM1
SIM2
SIM3
SIM4
1
21
22
SIM5
SIM1
SIM2
SIM3
SIM4
1
21
22
SIM5
SIM1
SIM2
SIM3
SIM4
1
21
22
SIM5
SIM1
SIM2
SIM3
SIM4
1
21
22
SIM5
SIM1
SIM2
SIM3
SIM4
1
21
22
SIM5
SIM1
SIM2
SIM3
SIM4
1
21
22
SIM5
SIM1
SIM2
SIM3
SIM4
1
21
22
SIM5
SIM1
SIM2
SIM3
SIM4
1
21
22
SIM5
SIM1
SIM2
SIM3
SIM4
1
21
22
SIM5
SIM1
SIM2
SIM3
SIM4
1
21
22
SIM5
SIM1
SIM2
SIM3
SIM4
1
21
22
SIM5
SIM1
SIM2
SIM3
SIM4
1
21
22
SIM5
SIM1
SIM2
SIM3
SIM4
1
21
22
SIM5
SIM1
SIM2
SIM3
SIM4
1
21
22
SIM5
SIM1
SIM2
SIM3
SIM4
1
21
22
SIM5
SIM1
SIM2
SIM3
SIM4
1
21
22
SIM5
SIM1
SIM2
SIM3
SIM4
1
21
22
SIM5
SIM1
SIM2
SIM3
SIM4
1
21
22
SIM5
SIM1
SIM2
SIM3
SIM4
1
21
22
SIM5
SIM1
SIM2
DEBUG 1 189
SIM1
SIM2
SIM3
SIM4
1
21
22
SIM5
SIM1
SIM2
SIM3
SIM4
1
21
22
SIM5
SIM1
SIM2
SIM3
SIM4
1
21
22
SIM5
SIM1
SIM2
SIM3
SIM4
1
21
22
SIM5
SIM1
SIM2
SIM3
SIM4
1
21
22
SIM5
SIM1
SIM2
SIM3
SIM4
1
21
22
SIM5
SIM1
SIM2
SIM3
SIM4
1
21
22
SIM5
SIM1
SIM2
SIM3
SIM4
1
21
22
SIM5
SIM1
SIM2
SIM3
SIM4
1
21
22
SIM5
SIM1
SIM2
SIM3
SIM4
1
21
22
SIM5
SIM1
SIM2
SIM3
SIM4
1
21
22
SIM5
SIM1
SIM2
SIM3
SIM4
1
21
22
SIM5
SIM1
SIM2
SIM3
SIM4
1
21
22
SIM5
SIM1
SIM2
SIM3
SIM4
1
21
22
SIM5
SIM1
SIM2
SIM3
SIM4
1
21
22
SIM5
SIM1
SIM2
SIM3
SIM4
1
21
22
SIM5
SIM1
SIM2
SIM3
SIM4
1
21
22
SIM5
SIM1
SIM2
SIM3
SIM4
1
21
22
SIM5
SIM1
SIM2
SIM3
SIM4
1
21
22
SIM5
SIM1
SIM2
SIM3
SIM4
1
21
22
SIM5
SIM1
SIM2
SIM3
SIM4
1
21
22
SIM5
SIM1
SIM2
SIM3
SIM4
1
21
22
SIM5
SIM1
SIM2
SIM3
SIM4
1
21
22
SIM5
SIM1
SIM2
SIM3
SIM4
1
21
22
SIM5
SIM1
SIM2
SIM3
SIM4
1
21
22
SIM5
SIM1
SIM2
SIM3
SIM4
1
21
22
SIM5
SIM1
SIM2
SIM3
SIM4
1
21
22
SIM5
SIM1
SIM2
SIM3
SIM4
1
21
22
SIM5
SIM1
SIM2
SIM3
SIM4
1
21
22
SIM5
SIM1
SIM2
SIM3
SIM4
1
21
22
SIM5
SIM1
SIM2
SIM3
SIM4
1
21
22
SIM5
SIM1
SIM2
SIM3
SIM4
1
21
22
SIM5
SIM1
SIM2
SIM3
SIM4
1
21
22
SIM5
SIM1
SIM2
SIM3
SIM4
1
21
22
SIM5
SIM1
SIM2
SIM3
SIM4
1
21
22
SIM5
SIM1
SIM2
SIM3
SIM4
1
21
22
SIM5
SIM1
SIM2
SIM3
SIM4
1
21
22
SIM5
SIM1
SIM2
SIM3
SIM4
1
21
22
SIM5
SIM1
SIM2
SIM3
SIM4
1
21
22
SIM5
SIM1
SIM2
SIM3
SIM4
1
21
22
SIM5
SIM1
SIM2
SIM3
SIM4
1
21
22
SIM5
SIM1
SIM2
SIM3
SIM4
1
21
22
SIM5
SIM1
SIM2
SIM3
SIM4
1
21
22
SIM5
SIM1
SIM2
SIM3
SIM4
1
21
22
SIM5
SIM1
SIM2
SIM3
SIM4
1
21
22
SIM5
SIM1
SIM2
SIM3
SIM4
1
21
22
SIM5
SIM1
SIM2
SIM3
SIM4
1
21
22
SIM5
SIM1
SIM2
SIM3
SIM4
1
21
22
SIM5
SIM1
SIM2
SIM3
SIM4
1
21
22
SIM5
SIM1
SIM2
SIM3
SIM4
1
21
22
SIM5
SIM1
SIM2
SIM3
SIM4
1
21
22
SIM5
SIM1
SIM2
SIM3
SIM4
1
21
22
SIM5
SIM1
SIM2
SIM3
SIM4
1
21
22
SIM5
SIM1
SIM2
SIM3
SIM4
1
21
22
SIM5
SIM1
SIM2
SIM3
SIM4
1
21
22
SIM5
SIM1
SIM2
SIM3
SIM4
1
21
22
SIM5
SIM1
SIM2
SIM3
SIM4
1
21
22
SIM5
SIM1
SIM2
SIM3
SIM4
1
21
22
SIM5
SIM1
SIM2
SIM3
SIM4
1
21
22
SIM5
SIM1
SIM2
SIM3
SIM4
1
21
22
SIM5
SIM1
SIM2
SIM3
SIM4
1
21
22
SIM5
SIM1
SIM2
SIM3
SIM4
1
21
22
SIM5
SIM1
SIM2
SIM3
SIM4
1
21
22
SIM5
SIM1
SIM2
SIM3
SIM4
1
21
22
SIM5
SIM1
SIM2
SIM3
SIM4
1
21
22
SIM5
SIM1
SIM2
SIM3
SIM4
1
21
22
SIM5
SIM1
SIM2
SIM3
SIM4
1
21
22
SIM5
SIM1
SIM2
SIM3
SIM4
1
21
22
SIM5
SIM1
SIM2
SIM3
SIM4
1
21
22
SIM5
SIM1
SIM2
SIM3
SIM4
1
21
22
SIM5
SIM1
SIM2
SIM3
SIM4
1
21
22
SIM5
SIM1
SIM2
SIM3
SIM4
1
21
22
SIM5
SIM1
SIM2
SIM3
SIM4
1
21
22
SIM5
SIM1
SIM2
SIM3
SIM4
1
21
22
SIM5
SIM1
SIM2
SIM3
SIM4
1
21
22
SIM5
SIM1
SIM2
SIM3
SIM4
1
21
22
SIM5
SIM1
SIM2
SIM3
SIM4
1
21
22
SIM5
SIM1
SIM2
SIM3
SIM4
1
21
22
SIM5
SIM1
SIM2
SIM3
SIM4
1
21
22
SIM5
SIM1
SIM2
SIM3
SIM4
1
21
22
SIM5
SIM1
SIM2
SIM3
SIM4
1
21
22
SIM5
SIM1
SIM2
SIM3
SIM4
1
21
22
SIM5
SIM1
SIM2
SIM3
SIM4
1
21
22
SIM5
SIM1
SIM2
SIM3
SIM4
1
21
22
SIM5
SIM1
SIM2
SIM3
SIM4
1
21
22
SIM5
SIM1
SIM2
SIM3
SIM4
1
21
22
SIM5
SIM1
SIM2
SIM3
SIM4
1
21
22
SIM5
SIM1
SIM2
SIM3
SIM4
1
21
22
SIM5
SIM1
SIM2
SIM3
SIM4
1
21
22
SIM5
SIM1
SIM2
SIM3
SIM4
1
21
22
SIM5
SIM1
SIM2
SIM3
SIM4
1
21
22
SIM5
SIM1
SIM2
SIM3
SIM4
1
21
22
SIM5
SIM1
SIM2
SIM3
SIM4
1
21
22
SIM5
SIM1
SIM2
SIM3
SIM4
1
21
22
SIM5
SIM1
SIM2
SIM3
SIM4
1
21
22
SIM5
SIM1
SIM2
SIM3
SIM4
1
21
22
SIM5
SIM1
SIM2
SIM3
SIM4
1
21
22
SIM5
SIM1
SIM2
SIM3
SIM4
1
21
22
SIM5
SIM1
SIM2
SIM3
SIM4
1
21
22
SIM5
SIM1
SIM2
SIM3
SIM4
1
21
22
SIM5
SIM1
SIM2
SIM3
SIM4
1
21
22
SIM5
SIM1
SIM2
SIM3
SIM4
1
21
22
SIM5
SIM1
SIM2
SIM3
SIM4
1
21
22
SIM5
SIM1
SIM2
SIM3
SIM4
1
21
22
SIM5
SIM1
SIM2
SIM3
SIM4
1
21
22
SIM5
SIM1
SIM2
SIM3
SIM4
1
21
22
SIM5
SIM1
SIM2
SIM3
SIM4
1
21
22
SIM5
SIM1
SIM2
SIM3
SIM4
1
21
22
SIM5
SIM1
SIM2
SIM3
SIM4
1
21
22
SIM5
SIM1
SIM2
SIM3
SIM4
1
21
22
SIM5
SIM1
SIM2
SIM3
SIM4
1
21
22
SIM5
SIM1
SIM2
SIM3
SIM4
1
21
22
SIM5
SIM1
SIM2
SIM3
SIM4
1
21
22
SIM5
SIM1
SIM2
SIM3
SIM4
1
21
22
SIM5
SIM1
SIM2
SIM3
SIM4
1
21
22
SIM5
SIM1
SIM2
SIM3
SIM4
1
21
22
SIM5
SIM1
SIM2
SIM3
SIM4
1
21
22
SIM5
SIM1
SIM2
SIM3
SIM4
1
21
22
SIM5
SIM1
SIM2
SIM3
SIM4
1
21
22
SIM5
SIM1
SIM2
SIM3
SIM4
1
21
22
SIM5
SIM1
SIM2
SIM3
SIM4
1
21
22
SIM5
SIM1
SIM2
SIM3
SIM4
1
21
22
SIM5
SIM1
SIM2
SIM3
SIM4
1
21
22
SIM5
SIM1
SIM2
SIM3
SIM4
1
21
22
SIM5
SIM1
SIM2
SIM3
SIM4
1
21
22
SIM5
SIM1
SIM2
SIM3
SIM4
1
21
22
SIM5
SIM1
SIM2
SIM3
SIM4
1
21
22
SIM5
SIM1
SIM2
SIM3
SIM4
1
21
22
SIM5
SIM1
SIM2
SIM3
SIM4
1
21
22
SIM5
SIM1
SIM2
SIM3
SIM4
1
21
22
SIM5
SIM1
SIM2
SIM3
SIM4
1
21
22
SIM5
SIM1
SIM2
SIM3
SIM4
1
21
22
SIM5
SIM1
SIM2
SIM3
SIM4
1
21
22
SIM5
SIM1
SIM2
SIM3
SIM4
1
21
22
SIM5
SIM1
SIM2
SIM3
SIM4
1
21
22
SIM5
SIM1
SIM2
SIM3
SIM4
1
21
22
SIM5
SIM1
SIM2
SIM3
SIM4
1
21
22
SIM5
SIM1
SIM2
SIM3
SIM4
1
21
22
SIM5
SIM1
SIM2
SIM3
SIM4
1
21
22
SIM5
SIM1
SIM2
SIM3
SIM4
1
21
22
SIM5
SIM1
SIM2
SIM3
SIM4
1
21
22
SIM5
SIM1
SIM2
SIM3
SIM4
1
21
22
SIM5
SIM1
SIM2
SIM3
SIM4
1
21
22
SIM5
SIM1
SIM2
SIM3
SIM4
1
21
22
SIM5
SIM1
SIM2
SIM3
SIM4
1
21
22
SIM5
SIM1
SIM2
SIM3
SIM4
1
21
22
SIM5
SIM1
SIM2
SIM3
SIM4
1
21
22
SIM5
SIM1
SIM2
SIM3
SIM4
1
21
22
SIM5
SIM1
SIM2
SIM3
SIM4
1
21
22
SIM5
SIM1
SIM2
SIM3
SIM4
1
21
22
SIM5
SIM1
SIM2
SIM3
SIM4
1
21
22
SIM5
SIM1
SIM2
SIM3
SIM4
1
21
22
SIM5
SIM1
SIM2
SIM3
SIM4
1
21
22
SIM5
SIM1
SIM2
SIM3
SIM4
1
21
22
SIM5
SIM1
SIM2
SIM3
SIM4
1
21
22
SIM5
SIM1
SIM2
SIM3
SIM4
1
21
22
SIM5
SIM1
SIM2
SIM3
SIM4
1
21
22
SIM5
SIM1
SIM2
SIM3
SIM4
1
21
22
SIM5
SIM1
SIM2
SIM3
SIM4
1
21
22
SIM5
SIM1
SIM2
SIM3
SIM4
1
21
22
SIM5
SIM1
SIM2
SIM3
SIM4
1
21
22
SIM5
SIM1
SIM2
SIM3
SIM4
1
21
22
SIM5
SIM1
SIM2
SIM3
SIM4
1
21
22
SIM5
SIM1
SIM2
SIM3
SIM4
1
21
22
SIM5
SIM1
SIM2
SIM3
SIM4
1
21
22
SIM5
SIM1
SIM2
SIM3
SIM4
1
21
22
SIM5
SIM1
SIM2
SIM3
SIM4
1
21
22
SIM5
SIM1
SIM2
SIM3
SIM4
1
21
22
SIM5
SIM1
SIM2
SIM3
SIM4
1
21
22
SIM5
SIM1
SIM2
SIM3
SIM4
1
21
22
SIM5
SIM1
SIM2
SIM3
SIM4
1
21
22
SIM5
SIM1
SIM2
SIM3
SIM4
1
21
22
SIM5
SIM1
SIM2
SIM3
SIM4
1
21
22
SIM5
SIM1
SIM2
SIM3
SIM4
1
21
22
SIM5
SIM1
SIM2
SIM3
SIM4
1
21
22
SIM5
SIM1
SIM2
SIM3
SIM4
1
21
22
SIM5
SIM1
SIM2
SIM3
SIM4
1
21
22
SIM5
SIM1
SIM2
SIM3
SIM4
1
21
22
SIM5
SIM1
SIM2
SIM3
SIM4
1
21
22
SIM5
SIM1
SIM2
SIM3
SIM4
1
21
22
SIM5
SIM1
SIM2
SIM3
SIM4
1
21
22
SIM5
SIM1
SIM2
SIM3
SIM4
1
21
22
SIM5
SIM1
SIM2
SIM3
SIM4
1
21
22
SIM5
SIM1
SIM2
SIM3
SIM4
1
21
22
SIM5
SIM1
SIM2
SIM3
SIM4
1
21
22
SIM5
SIM1
SIM2
SIM3
SIM4
1
21
22
SIM5
SIM1
SIM2
SIM3
SIM4
1
21
22
SIM5
SIM1
SIM2
SIM3
SIM4
1
21
22
SIM5
SIM1
SIM2
SIM3
SIM4
1
21
22
SIM5
SIM1
SIM2
SIM3
SIM4
1
21
22
SIM5
SIM1
SIM2
SIM3
SIM4
1
21
22
SIM5
SIM1
SIM2
SIM3
SIM4
1
21
22
SIM5
SIM1
SIM2
SIM3
SIM4
1
21
22
SIM5
SIM1
SIM2
SIM3
SIM4
1
21
22
SIM5
SIM1
SIM2
SIM3
SIM4
1
21
22
SIM5
SIM1
SIM2
SIM3
SIM4
1
21
22
SIM5
SIM1
SIM2
SIM3
SIM4
1
21
22
SIM5
SIM1
SIM2
SIM3
SIM4
1
21
22
SIM5
SIM1
SIM2
SIM3
SIM4
1
21
22
SIM5
SIM1
SIM2
SIM3
SIM4
1
21
22
SIM5
SIM1
SIM2
SIM3
SIM4
1
21
22
SIM5
SIM1
SIM2
SIM3
SIM4
1
21
22
SIM5
SIM1
SIM2
SIM3
SIM4
1
21
22
SIM5
SIM1
SIM2
SIM3
SIM4
1
21
22
SIM5
SIM1
SIM2
SIM3
SIM4
1
21
22
SIM5
SIM1
SIM2
SIM3
SIM4
1
21
22
SIM5
SIM1
SIM2
SIM3
SIM4
1
21
22
SIM5
SIM1
SIM2
SIM3
SIM4
1
21
22
SIM5
SIM1
SIM2
DEBUG 1 190
SIM1
SIM2
SIM3
SIM4
1
21
22
SIM5
SIM1
SIM2
SIM3
SIM4
1
21
22
SIM5
SIM1
SIM2
SIM3
SIM4
1
21
22
SIM5
SIM1
SIM2
SIM3
SIM4
1
21
22
SIM5
SIM1
SIM2
SIM3
SIM4
1
21
22
SIM5
SIM1
SIM2
SIM3
SIM4
1
21
22
SIM5
SIM1
SIM2
SIM3
SIM4
1
21
22
SIM5
SIM1
SIM2
SIM3
SIM4
1
21
22
SIM5
SIM1
SIM2
SIM3
SIM4
1
21
22
SIM5
SIM1
SIM2
SIM3
SIM4
1
21
22
SIM5
SIM1
SIM2
SIM3
SIM4
1
21
22
SIM5
SIM1
SIM2
SIM3
SIM4
1
21
22
SIM5
SIM1
SIM2
SIM3
SIM4
1
21
22
SIM5
SIM1
SIM2
SIM3
SIM4
1
21
22
SIM5
SIM1
SIM2
SIM3
SIM4
1
21
22
SIM5
SIM1
SIM2
SIM3
SIM4
1
21
22
SIM5
SIM1
SIM2
SIM3
SIM4
1
21
22
SIM5
SIM1
SIM2
SIM3
SIM4
1
21
22
SIM5
SIM1
SIM2
SIM3
SIM4
1
21
22
SIM5
SIM1
SIM2
SIM3
SIM4
1
21
22
SIM5
SIM1
SIM2
SIM3
SIM4
1
21
22
SIM5
SIM1
SIM2
SIM3
SIM4
1
21
22
SIM5
SIM1
SIM2
SIM3
SIM4
1
21
22
SIM5
SIM1
SIM2
SIM3
SIM4
1
21
22
SIM5
SIM1
SIM2
SIM3
SIM4
1
21
22
SIM5
SIM1
SIM2
SIM3
SIM4
1
21
22
SIM5
SIM1
SIM2
SIM3
SIM4
1
21
22
SIM5
SIM1
SIM2
SIM3
SIM4
1
21
22
SIM5
SIM1
SIM2
SIM3
SIM4
1
21
22
SIM5
SIM1
SIM2
SIM3
SIM4
1
21
22
SIM5
SIM1
SIM2
SIM3
SIM4
1
21
22
SIM5
SIM1
SIM2
SIM3
SIM4
1
21
22
SIM5
SIM1
SIM2
SIM3
SIM4
1
21
22
SIM5
SIM1
SIM2
SIM3
SIM4
1
21
22
SIM5
SIM1
SIM2
SIM3
SIM4
1
21
22
SIM5
SIM1
SIM2
SIM3
SIM4
1
21
22
SIM5
SIM1
SIM2
SIM3
SIM4
1
21
22
SIM5
SIM1
SIM2
SIM3
SIM4
1
21
22
SIM5
SIM1
SIM2
SIM3
SIM4
1
21
22
SIM5
SIM1
SIM2
SIM3
SIM4
1
21
22
SIM5
SIM1
SIM2
SIM3
SIM4
1
21
22
SIM5
SIM1
SIM2
SIM3
SIM4
1
21
22
SIM5
SIM1
SIM2
SIM3
SIM4
1
21
22
SIM5
SIM1
SIM2
SIM3
SIM4
1
21
22
SIM5
SIM1
SIM2
SIM3
SIM4
1
21
22
SIM5
SIM1
SIM2
SIM3
SIM4
1
21
22
SIM5
SIM1
SIM2
SIM3
SIM4
1
21
22
SIM5
SIM1
SIM2
SIM3
SIM4
1
21
22
SIM5
SIM1
SIM2
SIM3
SIM4
1
21
22
SIM5
SIM1
SIM2
SIM3
SIM4
1
21
22
SIM5
SIM1
SIM2
SIM3
SIM4
1
21
22
SIM5
SIM1
SIM2
SIM3
SIM4
1
21
22
SIM5
SIM1
SIM2
SIM3
SIM4
1
21
22
SIM5
SIM1
SIM2
SIM3
SIM4
1
21
22
SIM5
SIM1
SIM2
SIM3
SIM4
1
21
22
SIM5
SIM1
SIM2
SIM3
SIM4
1
21
22
SIM5
SIM1
SIM2
SIM3
SIM4
1
21
22
SIM5
SIM1
SIM2
SIM3
SIM4
1
21
22
SIM5
SIM1
SIM2
SIM3
SIM4
1
21
22
SIM5
SIM1
SIM2
SIM3
SIM4
1
21
22
SIM5
SIM1
SIM2
SIM3
SIM4
1
21
22
SIM5
SIM1
SIM2
SIM3
SIM4
1
21
22
SIM5
SIM1
SIM2
SIM3
SIM4
1
21
22
SIM5
SIM1
SIM2
SIM3
SIM4
1
21
22
SIM5
SIM1
SIM2
SIM3
SIM4
1
21
22
SIM5
SIM1
SIM2
SIM3
SIM4
1
21
22
SIM5
SIM1
SIM2
SIM3
SIM4
1
21
22
SIM5
SIM1
SIM2
SIM3
SIM4
1
21
22
SIM5
SIM1
SIM2
SIM3
SIM4
1
21
22
SIM5
SIM1
SIM2
SIM3
SIM4
1
21
22
SIM5
SIM1
SIM2
SIM3
SIM4
1
21
22
SIM5
SIM1
SIM2
SIM3
SIM4
1
21
22
SIM5
SIM1
SIM2
SIM3
SIM4
1
21
22
SIM5
SIM1
SIM2
SIM3
SIM4
1
21
22
SIM5
SIM1
SIM2
SIM3
SIM4
1
21
22
SIM5
SIM1
SIM2
SIM3
SIM4
1
21
22
SIM5
SIM1
SIM2
SIM3
SIM4
1
21
22
SIM5
SIM1
SIM2
SIM3
SIM4
1
21
22
SIM5
SIM1
SIM2
SIM3
SIM4
1
21
22
SIM5
SIM1
SIM2
SIM3
SIM4
1
21
22
SIM5
SIM1
SIM2
SIM3
SIM4
1
21
22
SIM5
SIM1
SIM2
SIM3
SIM4
1
21
22
SIM5
SIM1
SIM2
SIM3
SIM4
1
21
22
SIM5
SIM1
SIM2
SIM3
SIM4
1
21
22
SIM5
SIM1
SIM2
SIM3
SIM4
1
21
22
SIM5
SIM1
SIM2
SIM3
SIM4
1
21
22
SIM5
SIM1
SIM2
SIM3
SIM4
1
21
22
SIM5
SIM1
SIM2
SIM3
SIM4
1
21
22
SIM5
SIM1
SIM2
SIM3
SIM4
1
21
22
SIM5
SIM1
SIM2
SIM3
SIM4
1
21
22
SIM5
SIM1
SIM2
SIM3
SIM4
1
21
22
SIM5
SIM1
SIM2
SIM3
SIM4
1
21
22
SIM5
SIM1
SIM2
SIM3
SIM4
1
21
22
SIM5
SIM1
SIM2
SIM3
SIM4
1
21
22
SIM5
SIM1
SIM2
SIM3
SIM4
1
21
22
SIM5
SIM1
SIM2
SIM3
SIM4
1
21
22
SIM5
SIM1
SIM2
SIM3
SIM4
1
21
22
SIM5
SIM1
SIM2
SIM3
SIM4
1
21
22
SIM5
SIM1
SIM2
SIM3
SIM4
1
21
22
SIM5
SIM1
SIM2
SIM3
SIM4
1
21
22
SIM5
SIM1
SIM2
SIM3
SIM4
1
21
22
SIM5
SIM1
SIM2
SIM3
SIM4
1
21
22
SIM5
SIM1
SIM2
SIM3
SIM4
1
21
22
SIM5
SIM1
SIM2
SIM3
SIM4
1
21
22
SIM5
SIM1
SIM2
SIM3
SIM4
1
21
22
SIM5
SIM1
SIM2
SIM3
SIM4
1
21
22
SIM5
SIM1
SIM2
SIM3
SIM4
1
21
22
SIM5
SIM1
SIM2
SIM3
SIM4
1
21
22
SIM5
SIM1
SIM2
SIM3
SIM4
1
21
22
SIM5
SIM1
SIM2
SIM3
SIM4
1
21
22
SIM5
SIM1
SIM2
SIM3
SIM4
1
21
22
SIM5
SIM1
SIM2
SIM3
SIM4
1
21
22
SIM5
SIM1
SIM2
SIM3
SIM4
1
21
22
SIM5
SIM1
SIM2
SIM3
SIM4
1
21
22
SIM5
SIM1
SIM2
SIM3
SIM4
1
21
22
SIM5
SIM1
SIM2
SIM3
SIM4
1
21
22
SIM5
SIM1
SIM2
SIM3
SIM4
1
21
22
SIM5
SIM1
SIM2
SIM3
SIM4
1
21
22
SIM5
SIM1
SIM2
SIM3
SIM4
1
21
22
SIM5
SIM1
SIM2
SIM3
SIM4
1
21
22
SIM5
SIM1
SIM2
SIM3
SIM4
1
21
22
SIM5
SIM1
SIM2
SIM3
SIM4
1
21
22
SIM5
SIM1
SIM2
SIM3
SIM4
1
21
22
SIM5
SIM1
SIM2
SIM3
SIM4
1
21
22
SIM5
SIM1
SIM2
SIM3
SIM4
1
21
22
SIM5
SIM1
SIM2
SIM3
SIM4
1
21
22
SIM5
SIM1
SIM2
SIM3
SIM4
1
21
22
SIM5
SIM1
SIM2
SIM3
SIM4
1
21
22
SIM5
SIM1
SIM2
SIM3
SIM4
1
21
22
SIM5
SIM1
SIM2
SIM3
SIM4
1
21
22
SIM5
SIM1
SIM2
SIM3
SIM4
1
21
22
SIM5
SIM1
SIM2
SIM3
SIM4
1
21
22
SIM5
SIM1
SIM2
SIM3
SIM4
1
21
22
SIM5
SIM1
SIM2
SIM3
SIM4
1
21
22
SIM5
SIM1
SIM2
SIM3
SIM4
1
21
22
SIM5
SIM1
SIM2
SIM3
SIM4
1
21
22
SIM5
SIM1
SIM2
SIM3
SIM4
1
21
22
SIM5
SIM1
SIM2
SIM3
SIM4
1
21
22
SIM5
SIM1
SIM2
SIM3
SIM4
1
21
22
SIM5
SIM1
SIM2
SIM3
SIM4
1
21
22
SIM5
SIM1
SIM2
SIM3
SIM4
1
21
22
SIM5
SIM1
SIM2
SIM3
SIM4
1
21
22
SIM5
SIM1
SIM2
SIM3
SIM4
1
21
22
SIM5
SIM1
SIM2
SIM3
SIM4
1
21
22
SIM5
SIM1
SIM2
SIM3
SIM4
1
21
22
SIM5
SIM1
SIM2
SIM3
SIM4
1
21
22
SIM5
SIM1
SIM2
SIM3
SIM4
1
21
22
SIM5
SIM1
SIM2
SIM3
SIM4
1
21
22
SIM5
SIM1
SIM2
SIM3
SIM4
1
21
22
SIM5
SIM1
SIM2
SIM3
SIM4
1
21
22
SIM5
SIM1
SIM2
SIM3
SIM4
1
21
22
SIM5
SIM1
SIM2
SIM3
SIM4
1
21
22
SIM5
SIM1
SIM2
SIM3
SIM4
1
21
22
SIM5
SIM1
SIM2
SIM3
SIM4
1
21
22
SIM5
SIM1
SIM2
SIM3
SIM4
1
21
22
SIM5
SIM1
SIM2
SIM3
SIM4
1
21
22
SIM5
SIM1
SIM2
SIM3
SIM4
1
21
22
SIM5
SIM1
SIM2
SIM3
SIM4
1
21
22
SIM5
SIM1
SIM2
SIM3
SIM4
1
21
22
SIM5
SIM1
SIM2
SIM3
SIM4
1
21
22
SIM5
SIM1
SIM2
SIM3
SIM4
1
21
22
SIM5
SIM1
SIM2
SIM3
SIM4
1
21
22
SIM5
SIM1
SIM2
SIM3
SIM4
1
21
22
SIM5
SIM1
SIM2
SIM3
SIM4
1
21
22
SIM5
SIM1
SIM2
SIM3
SIM4
1
21
22
SIM5
SIM1
SIM2
SIM3
SIM4
1
21
22
SIM5
SIM1
SIM2
SIM3
SIM4
1
21
22
SIM5
SIM1
SIM2
DEBUG 1 191
SIM1
SIM2
SIM3
SIM4
1
21
22
SIM5
SIM1
SIM2
SIM3
SIM4
1
21
22
SIM5
SIM1
SIM2
SIM3
SIM4
1
21
22
SIM5
SIM1
SIM2
SIM3
SIM4
1
21
22
SIM5
SIM1
SIM2
SIM3
SIM4
1
21
22
SIM5
SIM1
SIM2
SIM3
SIM4
1
21
22
SIM5
SIM1
SIM2
SIM3
SIM4
1
21
22
SIM5
SIM1
SIM2
SIM3
SIM4
1
21
22
SIM5
SIM1
SIM2
SIM3
SIM4
1
21
22
SIM5
SIM1
SIM2
SIM3
SIM4
1
21
22
SIM5
SIM1
SIM2
SIM3
SIM4
1
21
22
SIM5
SIM1
SIM2
SIM3
SIM4
1
21
22
SIM5
SIM1
SIM2
SIM3
SIM4
1
21
22
SIM5
SIM1
SIM2
SIM3
SIM4
1
21
22
SIM5
SIM1
SIM2
SIM3
SIM4
1
21
22
SIM5
SIM1
SIM2
SIM3
SIM4
1
21
22
SIM5
SIM1
SIM2
SIM3
SIM4
1
21
22
SIM5
SIM1
SIM2
SIM3
SIM4
1
21
22
SIM5
SIM1
SIM2
SIM3
SIM4
1
21
22
SIM5
SIM1
SIM2
SIM3
SIM4
1
21
22
SIM5
SIM1
SIM2
SIM3
SIM4
1
21
22
SIM5
SIM1
SIM2
SIM3
SIM4
1
21
22
SIM5
SIM1
SIM2
SIM3
SIM4
1
21
22
SIM5
SIM1
SIM2
SIM3
SIM4
1
21
22
SIM5
SIM1
SIM2
SIM3
SIM4
1
21
22
SIM5
SIM1
SIM2
SIM3
SIM4
1
21
22
SIM5
SIM1
SIM2
SIM3
SIM4
1
21
22
SIM5
SIM1
SIM2
SIM3
SIM4
1
21
22
SIM5
SIM1
SIM2
SIM3
SIM4
1
21
22
SIM5
SIM1
SIM2
SIM3
SIM4
1
21
22
SIM5
SIM1
SIM2
SIM3
SIM4
1
21
22
SIM5
SIM1
SIM2
SIM3
SIM4
1
21
22
SIM5
SIM1
SIM2
SIM3
SIM4
1
21
22
SIM5
SIM1
SIM2
SIM3
SIM4
1
21
22
SIM5
SIM1
SIM2
SIM3
SIM4
1
21
22
SIM5
SIM1
SIM2
SIM3
SIM4
1
21
22
SIM5
SIM1
SIM2
SIM3
SIM4
1
21
22
SIM5
SIM1
SIM2
SIM3
SIM4
1
21
22
SIM5
SIM1
SIM2
SIM3
SIM4
1
21
22
SIM5
SIM1
SIM2
SIM3
SIM4
1
21
22
SIM5
SIM1
SIM2
SIM3
SIM4
1
21
22
SIM5
SIM1
SIM2
SIM3
SIM4
1
21
22
SIM5
SIM1
SIM2
SIM3
SIM4
1
21
22
SIM5
SIM1
SIM2
SIM3
SIM4
1
21
22
SIM5
SIM1
SIM2
SIM3
SIM4
1
21
22
SIM5
SIM1
SIM2
SIM3
SIM4
1
21
22
SIM5
SIM1
SIM2
SIM3
SIM4
1
21
22
SIM5
SIM1
SIM2
SIM3
SIM4
1
21
22
SIM5
SIM1
SIM2
SIM3
SIM4
1
21
22
SIM5
SIM1
SIM2
SIM3
SIM4
1
21
22
SIM5
SIM1
SIM2
SIM3
SIM4
1
21
22
SIM5
SIM1
SIM2
SIM3
SIM4
1
21
22
SIM5
SIM1
SIM2
SIM3
SIM4
1
21
22
SIM5
SIM1
SIM2
SIM3
SIM4
1
21
22
SIM5
SIM1
SIM2
SIM3
SIM4
1
21
22
SIM5
SIM1
SIM2
SIM3
SIM4
1
21
22
SIM5
SIM1
SIM2
SIM3
SIM4
1
21
22
SIM5
SIM1
SIM2
SIM3
SIM4
1
21
22
SIM5
SIM1
SIM2
SIM3
SIM4
1
21
22
SIM5
SIM1
SIM2
SIM3
SIM4
1
21
22
SIM5
SIM1
SIM2
SIM3
SIM4
1
21
22
SIM5
SIM1
SIM2
SIM3
SIM4
1
21
22
SIM5
SIM1
SIM2
SIM3
SIM4
1
21
22
SIM5
SIM1
SIM2
SIM3
SIM4
1
21
22
SIM5
SIM1
SIM2
SIM3
SIM4
1
21
22
SIM5
SIM1
SIM2
SIM3
SIM4
1
21
22
SIM5
SIM1
SIM2
SIM3
SIM4
1
21
22
SIM5
SIM1
SIM2
SIM3
SIM4
1
21
22
SIM5
SIM1
SIM2
SIM3
SIM4
1
21
22
SIM5
SIM1
SIM2
SIM3
SIM4
1
21
22
SIM5
SIM1
SIM2
SIM3
SIM4
1
21
22
SIM5
SIM1
SIM2
SIM3
SIM4
1
21
22
SIM5
SIM1
SIM2
SIM3
SIM4
1
21
22
SIM5
SIM1
SIM2
SIM3
SIM4
1
21
22
SIM5
SIM1
SIM2
SIM3
SIM4
1
21
22
SIM5
SIM1
SIM2
SIM3
SIM4
1
21
22
SIM5
SIM1
SIM2
SIM3
SIM4
1
21
22
SIM5
SIM1
SIM2
SIM3
SIM4
1
21
22
SIM5
SIM1
SIM2
SIM3
SIM4
1
21
22
SIM5
SIM1
SIM2
SIM3
SIM4
1
21
22
SIM5
SIM1
SIM2
SIM3
SIM4
1
21
22
SIM5
SIM1
SIM2
SIM3
SIM4
1
21
22
SIM5
SIM1
SIM2
SIM3
SIM4
1
21
22
SIM5
SIM1
SIM2
SIM3
SIM4
1
21
22
SIM5
SIM1
SIM2
SIM3
SIM4
1
21
22
SIM5
SIM1
SIM2
SIM3
SIM4
1
21
22
SIM5
SIM1
SIM2
SIM3
SIM4
1
21
22
SIM5
SIM1
SIM2
SIM3
SIM4
1
21
22
SIM5
SIM1
SIM2
SIM3
SIM4
1
21
22
SIM5
SIM1
SIM2
SIM3
SIM4
1
21
22
SIM5
SIM1
SIM2
SIM3
SIM4
1
21
22
SIM5
SIM1
SIM2
SIM3
SIM4
1
21
22
SIM5
SIM1
SIM2
SIM3
SIM4
1
21
22
SIM5
SIM1
SIM2
SIM3
SIM4
1
21
22
SIM5
SIM1
SIM2
SIM3
SIM4
1
21
22
SIM5
SIM1
SIM2
SIM3
SIM4
1
21
22
SIM5
SIM1
SIM2
SIM3
SIM4
1
21
22
SIM5
SIM1
SIM2
SIM3
SIM4
1
21
22
SIM5
SIM1
SIM2
SIM3
SIM4
1
21
22
SIM5
SIM1
SIM2
SIM3
SIM4
1
21
22
SIM5
SIM1
SIM2
SIM3
SIM4
1
21
22
SIM5
SIM1
SIM2
SIM3
SIM4
1
21
22
SIM5
SIM1
SIM2
SIM3
SIM4
1
21
22
SIM5
SIM1
SIM2
SIM3
SIM4
1
21
22
SIM5
SIM1
SIM2
SIM3
SIM4
1
21
22
SIM5
SIM1
SIM2
SIM3
SIM4
1
21
22
SIM5
SIM1
SIM2
SIM3
SIM4
1
21
22
SIM5
SIM1
SIM2
SIM3
SIM4
1
21
22
SIM5
SIM1
SIM2
SIM3
SIM4
1
21
22
SIM5
SIM1
SIM2
SIM3
SIM4
1
21
22
SIM5
SIM1
SIM2
SIM3
SIM4
1
21
22
SIM5
SIM1
SIM2
SIM3
SIM4
1
21
22
SIM5
SIM1
SIM2
SIM3
SIM4
1
21
22
SIM5
SIM1
SIM2
SIM3
SIM4
1
21
22
SIM5
SIM1
SIM2
SIM3
SIM4
1
21
22
SIM5
SIM1
SIM2
SIM3
SIM4
1
21
22
SIM5
SIM1
SIM2
SIM3
SIM4
1
21
22
SIM5
SIM1
SIM2
SIM3
SIM4
1
21
22
SIM5
SIM1
SIM2
SIM3
SIM4
1
21
22
SIM5
SIM1
SIM2
SIM3
SIM4
1
21
22
SIM5
SIM1
SIM2
SIM3
SIM4
1
21
22
SIM5
SIM1
SIM2
SIM3
SIM4
1
21
22
SIM5
SIM1
SIM2
SIM3
SIM4
1
21
22
SIM5
SIM1
SIM2
SIM3
SIM4
1
21
22
SIM5
SIM1
SIM2
SIM3
SIM4
1
21
22
SIM5
SIM1
SIM2
SIM3
SIM4
1
21
22
SIM5
SIM1
SIM2
SIM3
SIM4
1
21
22
SIM5
SIM1
SIM2
SIM3
SIM4
1
21
22
SIM5
SIM1
SIM2
SIM3
SIM4
1
21
22
SIM5
SIM1
SIM2
SIM3
SIM4
1
21
22
SIM5
SIM1
SIM2
SIM3
SIM4
1
21
22
SIM5
SIM1
SIM2
SIM3
SIM4
1
21
22
SIM5
SIM1
SIM2
SIM3
SIM4
1
21
22
SIM5
SIM1
SIM2
SIM3
SIM4
1
21
22
SIM5
SIM1
SIM2
SIM3
SIM4
1
21
22
SIM5
SIM1
SIM2
SIM3
SIM4
1
21
22
SIM5
SIM1
SIM2
SIM3
SIM4
1
21
22
SIM5
SIM1
SIM2
SIM3
SIM4
1
21
22
SIM5
SIM1
SIM2
SIM3
SIM4
1
21
22
SIM5
SIM1
SIM2
SIM3
SIM4
1
21
22
SIM5
SIM1
SIM2
SIM3
SIM4
1
21
22
SIM5
SIM1
SIM2
SIM3
SIM4
1
21
22
SIM5
SIM1
SIM2
SIM3
SIM4
1
21
22
SIM5
SIM1
SIM2
SIM3
SIM4
1
21
22
SIM5
SIM1
SIM2
SIM3
SIM4
1
21
22
SIM5
SIM1
SIM2
SIM3
SIM4
1
21
22
SIM5
SIM1
SIM2
SIM3
SIM4
1
21
22
SIM5
SIM1
SIM2
SIM3
SIM4
1
21
22
SIM5
SIM1
SIM2
SIM3
SIM4
1
21
22
SIM5
SIM1
SIM2
SIM3
SIM4
1
21
22
SIM5
SIM1
SIM2
SIM3
SIM4
1
21
22
SIM5
SIM1
SIM2
SIM3
SIM4
1
21
22
SIM5
SIM1
SIM2
SIM3
SIM4
1
21
22
SIM5
SIM1
SIM2
SIM3
SIM4
1
21
22
SIM5
SIM1
SIM2
SIM3
SIM4
1
21
22
SIM5
SIM1
SIM2
SIM3
SIM4
1
21
22
SIM5
SIM1
SIM2
SIM3
SIM4
1
21
22
SIM5
SIM1
SIM2
SIM3
SIM4
1
21
22
SIM5
SIM1
SIM2
SIM3
SIM4
1
21
22
SIM5
SIM1
SIM2
SIM3
SIM4
1
21
22
SIM5
SIM1
SIM2
DEBUG 1 192
SIM1
SIM2
SIM3
SIM4
1
21
22
SIM5
SIM1
SIM2
SIM3
SIM4
1
21
22
SIM5
SIM1
SIM2
SIM3
SIM4
1
21
22
SIM5
SIM1
SIM2
SIM3
SIM4
1
21
22
SIM5
SIM1
SIM2
SIM3
SIM4
1
21
22
SIM5
SIM1
SIM2
SIM3
SIM4
1
21
22
SIM5
SIM1
SIM2
SIM3
SIM4
1
21
22
SIM5
SIM1
SIM2
SIM3
SIM4
1
21
22
SIM5
SIM1
SIM2
SIM3
SIM4
1
21
22
SIM5
SIM1
SIM2
SIM3
SIM4
1
21
22
SIM5
SIM1
SIM2
SIM3
SIM4
1
21
22
SIM5
SIM1
SIM2
SIM3
SIM4
1
21
22
SIM5
SIM1
SIM2
SIM3
SIM4
1
21
22
SIM5
SIM1
SIM2
SIM3
SIM4
1
21
22
SIM5
SIM1
SIM2
SIM3
SIM4
1
21
22
SIM5
SIM1
SIM2
SIM3
SIM4
1
21
22
SIM5
SIM1
SIM2
SIM3
SIM4
1
21
22
SIM5
SIM1
SIM2
SIM3
SIM4
1
21
22
SIM5
SIM1
SIM2
SIM3
SIM4
1
21
22
SIM5
SIM1
SIM2
SIM3
SIM4
1
21
22
SIM5
SIM1
SIM2
SIM3
SIM4
1
21
22
SIM5
SIM1
SIM2
SIM3
SIM4
1
21
22
SIM5
SIM1
SIM2
SIM3
SIM4
1
21
22
SIM5
SIM1
SIM2
SIM3
SIM4
1
21
22
SIM5
SIM1
SIM2
SIM3
SIM4
1
21
22
SIM5
SIM1
SIM2
SIM3
SIM4
1
21
22
SIM5
SIM1
SIM2
SIM3
SIM4
1
21
22
SIM5
SIM1
SIM2
SIM3
SIM4
1
21
22
SIM5
SIM1
SIM2
SIM3
SIM4
1
21
22
SIM5
SIM1
SIM2
SIM3
SIM4
1
21
22
SIM5
SIM1
SIM2
SIM3
SIM4
1
21
22
SIM5
SIM1
SIM2
SIM3
SIM4
1
21
22
SIM5
SIM1
SIM2
SIM3
SIM4
1
21
22
SIM5
SIM1
SIM2
SIM3
SIM4
1
21
22
SIM5
SIM1
SIM2
SIM3
SIM4
1
21
22
SIM5
SIM1
SIM2
SIM3
SIM4
1
21
22
SIM5
SIM1
SIM2
SIM3
SIM4
1
21
22
SIM5
SIM1
SIM2
SIM3
SIM4
1
21
22
SIM5
SIM1
SIM2
SIM3
SIM4
1
21
22
SIM5
SIM1
SIM2
SIM3
SIM4
1
21
22
SIM5
SIM1
SIM2
SIM3
SIM4
1
21
22
SIM5
SIM1
SIM2
SIM3
SIM4
1
21
22
SIM5
SIM1
SIM2
SIM3
SIM4
1
21
22
SIM5
SIM1
SIM2
SIM3
SIM4
1
21
22
SIM5
SIM1
SIM2
SIM3
SIM4
1
21
22
SIM5
SIM1
SIM2
SIM3
SIM4
1
21
22
SIM5
SIM1
SIM2
SIM3
SIM4
1
21
22
SIM5
SIM1
SIM2
SIM3
SIM4
1
21
22
SIM5
SIM1
SIM2
SIM3
SIM4
1
21
22
SIM5
SIM1
SIM2
SIM3
SIM4
1
21
22
SIM5
SIM1
SIM2
SIM3
SIM4
1
21
22
SIM5
SIM1
SIM2
SIM3
SIM4
1
21
22
SIM5
SIM1
SIM2
SIM3
SIM4
1
21
22
SIM5
SIM1
SIM2
SIM3
SIM4
1
21
22
SIM5
SIM1
SIM2
SIM3
SIM4
1
21
22
SIM5
SIM1
SIM2
SIM3
SIM4
1
21
22
SIM5
SIM1
SIM2
SIM3
SIM4
1
21
22
SIM5
SIM1
SIM2
SIM3
SIM4
1
21
22
SIM5
SIM1
SIM2
SIM3
SIM4
1
21
22
SIM5
SIM1
SIM2
SIM3
SIM4
1
21
22
SIM5
SIM1
SIM2
SIM3
SIM4
1
21
22
SIM5
SIM1
SIM2
SIM3
SIM4
1
21
22
SIM5
SIM1
SIM2
SIM3
SIM4
1
21
22
SIM5
SIM1
SIM2
SIM3
SIM4
1
21
22
SIM5
SIM1
SIM2
SIM3
SIM4
1
21
22
SIM5
SIM1
SIM2
SIM3
SIM4
1
21
22
SIM5
SIM1
SIM2
SIM3
SIM4
1
21
22
SIM5
SIM1
SIM2
SIM3
SIM4
1
21
22
SIM5
SIM1
SIM2
SIM3
SIM4
1
21
22
SIM5
SIM1
SIM2
SIM3
SIM4
1
21
22
SIM5
SIM1
SIM2
SIM3
SIM4
1
21
22
SIM5
SIM1
SIM2
SIM3
SIM4
1
21
22
SIM5
SIM1
SIM2
SIM3
SIM4
1
21
22
SIM5
SIM1
SIM2
SIM3
SIM4
1
21
22
SIM5
SIM1
SIM2
SIM3
SIM4
1
21
22
SIM5
SIM1
SIM2
SIM3
SIM4
1
21
22
SIM5
SIM1
SIM2
SIM3
SIM4
1
21
22
SIM5
SIM1
SIM2
SIM3
SIM4
1
21
22
SIM5
SIM1
SIM2
SIM3
SIM4
1
21
22
SIM5
SIM1
SIM2
SIM3
SIM4
1
21
22
SIM5
SIM1
SIM2
SIM3
SIM4
1
21
22
SIM5
SIM1
SIM2
SIM3
SIM4
1
21
22
SIM5
SIM1
SIM2
SIM3
SIM4
1
21
22
SIM5
SIM1
SIM2
SIM3
SIM4
1
21
22
SIM5
SIM1
SIM2
SIM3
SIM4
1
21
22
SIM5
SIM1
SIM2
SIM3
SIM4
1
21
22
SIM5
SIM1
SIM2
SIM3
SIM4
1
21
22
SIM5
SIM1
SIM2
SIM3
SIM4
1
21
22
SIM5
SIM1
SIM2
SIM3
SIM4
1
21
22
SIM5
SIM1
SIM2
SIM3
SIM4
1
21
22
SIM5
SIM1
SIM2
SIM3
SIM4
1
21
22
SIM5
SIM1
SIM2
SIM3
SIM4
1
21
22
SIM5
SIM1
SIM2
SIM3
SIM4
1
21
22
SIM5
SIM1
SIM2
SIM3
SIM4
1
21
22
SIM5
SIM1
SIM2
SIM3
SIM4
1
21
22
SIM5
SIM1
SIM2
SIM3
SIM4
1
21
22
SIM5
SIM1
SIM2
SIM3
SIM4
1
21
22
SIM5
SIM1
SIM2
SIM3
SIM4
1
21
22
SIM5
SIM1
SIM2
SIM3
SIM4
1
21
22
SIM5
SIM1
SIM2
SIM3
SIM4
1
21
22
SIM5
SIM1
SIM2
SIM3
SIM4
1
21
22
SIM5
SIM1
SIM2
SIM3
SIM4
1
21
22
SIM5
SIM1
SIM2
SIM3
SIM4
1
21
22
SIM5
SIM1
SIM2
SIM3
SIM4
1
21
22
SIM5
SIM1
SIM2
SIM3
SIM4
1
21
22
SIM5
SIM1
SIM2
SIM3
SIM4
1
21
22
SIM5
SIM1
SIM2
SIM3
SIM4
1
21
22
SIM5
SIM1
SIM2
SIM3
SIM4
1
21
22
SIM5
SIM1
SIM2
SIM3
SIM4
1
21
22
SIM5
SIM1
SIM2
SIM3
SIM4
1
21
22
SIM5
SIM1
SIM2
SIM3
SIM4
1
21
22
SIM5
SIM1
SIM2
SIM3
SIM4
1
21
22
SIM5
SIM1
SIM2
SIM3
SIM4
1
21
22
SIM5
SIM1
SIM2
SIM3
SIM4
1
21
22
SIM5
SIM1
SIM2
SIM3
SIM4
1
21
22
SIM5
SIM1
SIM2
SIM3
SIM4
1
21
22
SIM5
SIM1
SIM2
SIM3
SIM4
1
21
22
SIM5
SIM1
SIM2
SIM3
SIM4
1
21
22
SIM5
SIM1
SIM2
SIM3
SIM4
1
21
22
SIM5
SIM1
SIM2
SIM3
SIM4
1
21
22
SIM5
SIM1
SIM2
SIM3
SIM4
1
21
22
SIM5
SIM1
SIM2
SIM3
SIM4
1
21
22
SIM5
SIM1
SIM2
SIM3
SIM4
1
21
22
SIM5
SIM1
SIM2
SIM3
SIM4
1
21
22
SIM5
SIM1
SIM2
SIM3
SIM4
1
21
22
SIM5
SIM1
SIM2
SIM3
SIM4
1
21
22
SIM5
SIM1
SIM2
SIM3
SIM4
1
21
22
SIM5
SIM1
SIM2
SIM3
SIM4
1
21
22
SIM5
SIM1
SIM2
SIM3
SIM4
1
21
22
SIM5
SIM1
SIM2
SIM3
SIM4
1
21
22
SIM5
SIM1
SIM2
SIM3
SIM4
1
21
22
SIM5
SIM1
SIM2
SIM3
SIM4
1
21
22
SIM5
SIM1
SIM2
SIM3
SIM4
1
21
22
SIM5
SIM1
SIM2
SIM3
SIM4
1
21
22
SIM5
SIM1
SIM2
SIM3
SIM4
1
21
22
SIM5
SIM1
SIM2
SIM3
SIM4
1
21
22
SIM5
SIM1
SIM2
SIM3
SIM4
1
21
22
SIM5
SIM1
SIM2
SIM3
SIM4
1
21
22
SIM5
SIM1
SIM2
SIM3
SIM4
1
21
22
SIM5
SIM1
SIM2
SIM3
SIM4
1
21
22
SIM5
SIM1
SIM2
SIM3
SIM4
1
21
22
SIM5
SIM1
SIM2
SIM3
SIM4
1
21
22
SIM5
SIM1
SIM2
SIM3
SIM4
1
21
22
SIM5
SIM1
SIM2
SIM3
SIM4
1
21
22
SIM5
SIM1
SIM2
SIM3
SIM4
1
21
22
SIM5
SIM1
SIM2
SIM3
SIM4
1
21
22
SIM5
SIM1
SIM2
SIM3
SIM4
1
21
22
SIM5
SIM1
SIM2
SIM3
SIM4
1
21
22
SIM5
SIM1
SIM2
SIM3
SIM4
1
21
22
SIM5
SIM1
SIM2
SIM3
SIM4
1
21
22
SIM5
SIM1
SIM2
SIM3
SIM4
1
21
22
SIM5
SIM1
SIM2
SIM3
SIM4
1
21
22
SIM5
SIM1
SIM2
SIM3
SIM4
1
21
22
SIM5
SIM1
SIM2
SIM3
SIM4
1
21
22
SIM5
SIM1
SIM2
SIM3
SIM4
1
21
22
SIM5
SIM1
SIM2
SIM3
SIM4
1
21
22
SIM5
SIM1
SIM2
SIM3
SIM4
1
21
22
SIM5
SIM1
SIM2
SIM3
SIM4
1
21
22
SIM5
SIM1
SIM2
SIM3
SIM4
1
21
22
SIM5
SIM1
SIM2
SIM3
SIM4
1
21
22
SIM5
SIM1
SIM2
SIM3
SIM4
1
21
22
SIM5
SIM1
SIM2
SIM3
SIM4
1
21
22
SIM5
SIM1
SIM2
SIM3
SIM4
1
21
22
SIM5
SIM1
SIM2
SIM3
SIM4
1
21
22
SIM5
SIM1
SIM2
SIM3
SIM4
1
21
22
SIM5
SIM1
SIM2
SIM3
SIM4
1
21
22
SIM5
SIM1
SIM2
DEBUG 1 193
SIM1
SIM2
SIM3
SIM4
1
21
22
SIM5
SIM1
SIM2
SIM3
SIM4
1
21
22
SIM5
SIM1
SIM2
SIM3
SIM4
1
21
22
SIM5
SIM1
SIM2
SIM3
SIM4
1
21
22
SIM5
SIM1
SIM2
SIM3
SIM4
1
21
22
SIM5
SIM1
SIM2
SIM3
SIM4
1
21
22
SIM5
SIM1
SIM2
SIM3
SIM4
1
21
22
SIM5
SIM1
SIM2
SIM3
SIM4
1
21
22
SIM5
SIM1
SIM2
SIM3
SIM4
1
21
22
SIM5
SIM1
SIM2
SIM3
SIM4
1
21
22
SIM5
SIM1
SIM2
SIM3
SIM4
1
21
22
SIM5
SIM1
SIM2
SIM3
SIM4
1
21
22
SIM5
SIM1
SIM2
SIM3
SIM4
1
21
22
SIM5
SIM1
SIM2
SIM3
SIM4
1
21
22
SIM5
SIM1
SIM2
SIM3
SIM4
1
21
22
SIM5
SIM1
SIM2
SIM3
SIM4
1
21
22
SIM5
SIM1
SIM2
SIM3
SIM4
1
21
22
SIM5
SIM1
SIM2
SIM3
SIM4
1
21
22
SIM5
SIM1
SIM2
SIM3
SIM4
1
21
22
SIM5
SIM1
SIM2
SIM3
SIM4
1
21
22
SIM5
SIM1
SIM2
SIM3
SIM4
1
21
22
SIM5
SIM1
SIM2
SIM3
SIM4
1
21
22
SIM5
SIM1
SIM2
SIM3
SIM4
1
21
22
SIM5
SIM1
SIM2
SIM3
SIM4
1
21
22
SIM5
SIM1
SIM2
SIM3
SIM4
1
21
22
SIM5
SIM1
SIM2
SIM3
SIM4
1
21
22
SIM5
SIM1
SIM2
SIM3
SIM4
1
21
22
SIM5
SIM1
SIM2
SIM3
SIM4
1
21
22
SIM5
SIM1
SIM2
SIM3
SIM4
1
21
22
SIM5
SIM1
SIM2
SIM3
SIM4
1
21
22
SIM5
SIM1
SIM2
SIM3
SIM4
1
21
22
SIM5
SIM1
SIM2
SIM3
SIM4
1
21
22
SIM5
SIM1
SIM2
SIM3
SIM4
1
21
22
SIM5
SIM1
SIM2
SIM3
SIM4
1
21
22
SIM5
SIM1
SIM2
SIM3
SIM4
1
21
22
SIM5
SIM1
SIM2
SIM3
SIM4
1
21
22
SIM5
SIM1
SIM2
SIM3
SIM4
1
21
22
SIM5
SIM1
SIM2
SIM3
SIM4
1
21
22
SIM5
SIM1
SIM2
SIM3
SIM4
1
21
22
SIM5
SIM1
SIM2
SIM3
SIM4
1
21
22
SIM5
SIM1
SIM2
SIM3
SIM4
1
21
22
SIM5
SIM1
SIM2
SIM3
SIM4
1
21
22
SIM5
SIM1
SIM2
SIM3
SIM4
1
21
22
SIM5
SIM1
SIM2
SIM3
SIM4
1
21
22
SIM5
SIM1
SIM2
SIM3
SIM4
1
21
22
SIM5
SIM1
SIM2
SIM3
SIM4
1
21
22
SIM5
SIM1
SIM2
SIM3
SIM4
1
21
22
SIM5
SIM1
SIM2
SIM3
SIM4
1
21
22
SIM5
SIM1
SIM2
SIM3
SIM4
1
21
22
SIM5
SIM1
SIM2
SIM3
SIM4
1
21
22
SIM5
SIM1
SIM2
SIM3
SIM4
1
21
22
SIM5
SIM1
SIM2
SIM3
SIM4
1
21
22
SIM5
SIM1
SIM2
SIM3
SIM4
1
21
22
SIM5
SIM1
SIM2
SIM3
SIM4
1
21
22
SIM5
SIM1
SIM2
SIM3
SIM4
1
21
22
SIM5
SIM1
SIM2
SIM3
SIM4
1
21
22
SIM5
SIM1
SIM2
SIM3
SIM4
1
21
22
SIM5
SIM1
SIM2
SIM3
SIM4
1
21
22
SIM5
SIM1
SIM2
SIM3
SIM4
1
21
22
SIM5
SIM1
SIM2
SIM3
SIM4
1
21
22
SIM5
SIM1
SIM2
SIM3
SIM4
1
21
22
SIM5
SIM1
SIM2
SIM3
SIM4
1
21
22
SIM5
SIM1
SIM2
SIM3
SIM4
1
21
22
SIM5
SIM1
SIM2
SIM3
SIM4
1
21
22
SIM5
SIM1
SIM2
SIM3
SIM4
1
21
22
SIM5
SIM1
SIM2
SIM3
SIM4
1
21
22
SIM5
SIM1
SIM2
SIM3
SIM4
1
21
22
SIM5
SIM1
SIM2
SIM3
SIM4
1
21
22
SIM5
SIM1
SIM2
SIM3
SIM4
1
21
22
SIM5
SIM1
SIM2
SIM3
SIM4
1
21
22
SIM5
SIM1
SIM2
SIM3
SIM4
1
21
22
SIM5
SIM1
SIM2
SIM3
SIM4
1
21
22
SIM5
SIM1
SIM2
SIM3
SIM4
1
21
22
SIM5
SIM1
SIM2
SIM3
SIM4
1
21
22
SIM5
SIM1
SIM2
SIM3
SIM4
1
21
22
SIM5
SIM1
SIM2
SIM3
SIM4
1
21
22
SIM5
SIM1
SIM2
SIM3
SIM4
1
21
22
SIM5
SIM1
SIM2
SIM3
SIM4
1
21
22
SIM5
SIM1
SIM2
SIM3
SIM4
1
21
22
SIM5
SIM1
SIM2
SIM3
SIM4
1
21
22
SIM5
SIM1
SIM2
SIM3
SIM4
1
21
22
SIM5
SIM1
SIM2
SIM3
SIM4
1
21
22
SIM5
SIM1
SIM2
SIM3
SIM4
1
21
22
SIM5
SIM1
SIM2
SIM3
SIM4
1
21
22
SIM5
SIM1
SIM2
SIM3
SIM4
1
21
22
SIM5
SIM1
SIM2
SIM3
SIM4
1
21
22
SIM5
SIM1
SIM2
SIM3
SIM4
1
21
22
SIM5
SIM1
SIM2
SIM3
SIM4
1
21
22
SIM5
SIM1
SIM2
SIM3
SIM4
1
21
22
SIM5
SIM1
SIM2
SIM3
SIM4
1
21
22
SIM5
SIM1
SIM2
SIM3
SIM4
1
21
22
SIM5
SIM1
SIM2
SIM3
SIM4
1
21
22
SIM5
SIM1
SIM2
SIM3
SIM4
1
21
22
SIM5
SIM1
SIM2
SIM3
SIM4
1
21
22
SIM5
SIM1
SIM2
SIM3
SIM4
1
21
22
SIM5
SIM1
SIM2
SIM3
SIM4
1
21
22
SIM5
SIM1
SIM2
SIM3
SIM4
1
21
22
SIM5
SIM1
SIM2
SIM3
SIM4
1
21
22
SIM5
SIM1
SIM2
SIM3
SIM4
1
21
22
SIM5
SIM1
SIM2
SIM3
SIM4
1
21
22
SIM5
SIM1
SIM2
SIM3
SIM4
1
21
22
SIM5
SIM1
SIM2
SIM3
SIM4
1
21
22
SIM5
SIM1
SIM2
SIM3
SIM4
1
21
22
SIM5
SIM1
SIM2
SIM3
SIM4
1
21
22
SIM5
SIM1
SIM2
SIM3
SIM4
1
21
22
SIM5
SIM1
SIM2
SIM3
SIM4
1
21
22
SIM5
SIM1
SIM2
SIM3
SIM4
1
21
22
SIM5
SIM1
SIM2
SIM3
SIM4
1
21
22
SIM5
SIM1
SIM2
SIM3
SIM4
1
21
22
SIM5
SIM1
SIM2
SIM3
SIM4
1
21
22
SIM5
SIM1
SIM2
SIM3
SIM4
1
21
22
SIM5
SIM1
SIM2
SIM3
SIM4
1
21
22
SIM5
SIM1
SIM2
SIM3
SIM4
1
21
22
SIM5
SIM1
SIM2
SIM3
SIM4
1
21
22
SIM5
SIM1
SIM2
SIM3
SIM4
1
21
22
SIM5
SIM1
SIM2
SIM3
SIM4
1
21
22
SIM5
SIM1
SIM2
SIM3
SIM4
1
21
22
SIM5
SIM1
SIM2
SIM3
SIM4
1
21
22
SIM5
SIM1
SIM2
SIM3
SIM4
1
21
22
SIM5
SIM1
SIM2
SIM3
SIM4
1
21
22
SIM5
SIM1
SIM2
SIM3
SIM4
1
21
22
SIM5
SIM1
SIM2
SIM3
SIM4
1
21
22
SIM5
SIM1
SIM2
SIM3
SIM4
1
21
22
SIM5
SIM1
SIM2
SIM3
SIM4
1
21
22
SIM5
SIM1
SIM2
SIM3
SIM4
1
21
22
SIM5
SIM1
SIM2
SIM3
SIM4
1
21
22
SIM5
SIM1
SIM2
SIM3
SIM4
1
21
22
SIM5
SIM1
SIM2
SIM3
SIM4
1
21
22
SIM5
SIM1
SIM2
SIM3
SIM4
1
21
22
SIM5
SIM1
SIM2
SIM3
SIM4
1
21
22
SIM5
SIM1
SIM2
SIM3
SIM4
1
21
22
SIM5
SIM1
SIM2
SIM3
SIM4
1
21
22
SIM5
SIM1
SIM2
SIM3
SIM4
1
21
22
SIM5
SIM1
SIM2
SIM3
SIM4
1
21
22
SIM5
SIM1
SIM2
SIM3
SIM4
1
21
22
SIM5
SIM1
SIM2
SIM3
SIM4
1
21
22
SIM5
SIM1
SIM2
SIM3
SIM4
1
21
22
SIM5
SIM1
SIM2
SIM3
SIM4
1
21
22
SIM5
SIM1
SIM2
SIM3
SIM4
1
21
22
SIM5
SIM1
SIM2
SIM3
SIM4
1
21
22
SIM5
SIM1
SIM2
SIM3
SIM4
1
21
22
SIM5
SIM1
SIM2
SIM3
SIM4
1
21
22
SIM5
SIM1
SIM2
SIM3
SIM4
1
21
22
SIM5
SIM1
SIM2
SIM3
SIM4
1
21
22
SIM5
SIM1
SIM2
SIM3
SIM4
1
21
22
SIM5
SIM1
SIM2
DEBUG 1 194
SIM1
SIM2
SIM3
SIM4
1
21
22
SIM5
SIM1
SIM2
SIM3
SIM4
1
21
22
SIM5
SIM1
SIM2
SIM3
SIM4
1
21
22
SIM5
SIM1
SIM2
SIM3
SIM4
1
21
22
SIM5
SIM1
SIM2
SIM3
SIM4
1
21
22
SIM5
SIM1
SIM2
SIM3
SIM4
1
21
22
SIM5
SIM1
SIM2
SIM3
SIM4
1
21
22
SIM5
SIM1
SIM2
SIM3
SIM4
1
21
22
SIM5
SIM1
SIM2
SIM3
SIM4
1
21
22
SIM5
SIM1
SIM2
SIM3
SIM4
1
21
22
SIM5
SIM1
SIM2
SIM3
SIM4
1
21
22
SIM5
SIM1
SIM2
SIM3
SIM4
1
21
22
SIM5
SIM1
SIM2
SIM3
SIM4
1
21
22
SIM5
SIM1
SIM2
SIM3
SIM4
1
21
22
SIM5
SIM1
SIM2
SIM3
SIM4
1
21
22
SIM5
SIM1
SIM2
SIM3
SIM4
1
21
22
SIM5
SIM1
SIM2
SIM3
SIM4
1
21
22
SIM5
SIM1
SIM2
SIM3
SIM4
1
21
22
SIM5
SIM1
SIM2
SIM3
SIM4
1
21
22
SIM5
SIM1
SIM2
SIM3
SIM4
1
21
22
SIM5
SIM1
SIM2
SIM3
SIM4
1
21
22
SIM5
SIM1
SIM2
SIM3
SIM4
1
21
22
SIM5
SIM1
SIM2
SIM3
SIM4
1
21
22
SIM5
SIM1
SIM2
SIM3
SIM4
1
21
22
SIM5
SIM1
SIM2
SIM3
SIM4
1
21
22
SIM5
SIM1
SIM2
SIM3
SIM4
1
21
22
SIM5
SIM1
SIM2
SIM3
SIM4
1
21
22
SIM5
SIM1
SIM2
SIM3
SIM4
1
21
22
SIM5
SIM1
SIM2
SIM3
SIM4
1
21
22
SIM5
SIM1
SIM2
SIM3
SIM4
1
21
22
SIM5
SIM1
SIM2
SIM3
SIM4
1
21
22
SIM5
SIM1
SIM2
SIM3
SIM4
1
21
22
SIM5
SIM1
SIM2
SIM3
SIM4
1
21
22
SIM5
SIM1
SIM2
SIM3
SIM4
1
21
22
SIM5
SIM1
SIM2
SIM3
SIM4
1
21
22
SIM5
SIM1
SIM2
SIM3
SIM4
1
21
22
SIM5
SIM1
SIM2
SIM3
SIM4
1
21
22
SIM5
SIM1
SIM2
SIM3
SIM4
1
21
22
SIM5
SIM1
SIM2
SIM3
SIM4
1
21
22
SIM5
SIM1
SIM2
SIM3
SIM4
1
21
22
SIM5
SIM1
SIM2
SIM3
SIM4
1
21
22
SIM5
SIM1
SIM2
SIM3
SIM4
1
21
22
SIM5
SIM1
SIM2
SIM3
SIM4
1
21
22
SIM5
SIM1
SIM2
SIM3
SIM4
1
21
22
SIM5
SIM1
SIM2
SIM3
SIM4
1
21
22
SIM5
SIM1
SIM2
SIM3
SIM4
1
21
22
SIM5
SIM1
SIM2
SIM3
SIM4
1
21
22
SIM5
SIM1
SIM2
SIM3
SIM4
1
21
22
SIM5
SIM1
SIM2
SIM3
SIM4
1
21
22
SIM5
SIM1
SIM2
SIM3
SIM4
1
21
22
SIM5
SIM1
SIM2
SIM3
SIM4
1
21
22
SIM5
SIM1
SIM2
SIM3
SIM4
1
21
22
SIM5
SIM1
SIM2
SIM3
SIM4
1
21
22
SIM5
SIM1
SIM2
SIM3
SIM4
1
21
22
SIM5
SIM1
SIM2
SIM3
SIM4
1
21
22
SIM5
SIM1
SIM2
SIM3
SIM4
1
21
22
SIM5
SIM1
SIM2
SIM3
SIM4
1
21
22
SIM5
SIM1
SIM2
SIM3
SIM4
1
21
22
SIM5
SIM1
SIM2
SIM3
SIM4
1
21
22
SIM5
SIM1
SIM2
SIM3
SIM4
1
21
22
SIM5
SIM1
SIM2
SIM3
SIM4
1
21
22
SIM5
SIM1
SIM2
SIM3
SIM4
1
21
22
SIM5
SIM1
SIM2
SIM3
SIM4
1
21
22
SIM5
SIM1
SIM2
SIM3
SIM4
1
21
22
SIM5
SIM1
SIM2
SIM3
SIM4
1
21
22
SIM5
SIM1
SIM2
SIM3
SIM4
1
21
22
SIM5
SIM1
SIM2
SIM3
SIM4
1
21
22
SIM5
SIM1
SIM2
SIM3
SIM4
1
21
22
SIM5
SIM1
SIM2
SIM3
SIM4
1
21
22
SIM5
SIM1
SIM2
SIM3
SIM4
1
21
22
SIM5
SIM1
SIM2
SIM3
SIM4
1
21
22
SIM5
SIM1
SIM2
SIM3
SIM4
1
21
22
SIM5
SIM1
SIM2
SIM3
SIM4
1
21
22
SIM5
SIM1
SIM2
SIM3
SIM4
1
21
22
SIM5
SIM1
SIM2
SIM3
SIM4
1
21
22
SIM5
SIM1
SIM2
SIM3
SIM4
1
21
22
SIM5
SIM1
SIM2
SIM3
SIM4
1
21
22
SIM5
SIM1
SIM2
SIM3
SIM4
1
21
22
SIM5
SIM1
SIM2
SIM3
SIM4
1
21
22
SIM5
SIM1
SIM2
SIM3
SIM4
1
21
22
SIM5
SIM1
SIM2
SIM3
SIM4
1
21
22
SIM5
SIM1
SIM2
SIM3
SIM4
1
21
22
SIM5
SIM1
SIM2
SIM3
SIM4
1
21
22
SIM5
SIM1
SIM2
SIM3
SIM4
1
21
22
SIM5
SIM1
SIM2
SIM3
SIM4
1
21
22
SIM5
SIM1
SIM2
SIM3
SIM4
1
21
22
SIM5
SIM1
SIM2
SIM3
SIM4
1
21
22
SIM5
SIM1
SIM2
SIM3
SIM4
1
21
22
SIM5
SIM1
SIM2
SIM3
SIM4
1
21
22
SIM5
SIM1
SIM2
SIM3
SIM4
1
21
22
SIM5
SIM1
SIM2
SIM3
SIM4
1
21
22
SIM5
SIM1
SIM2
SIM3
SIM4
1
21
22
SIM5
SIM1
SIM2
SIM3
SIM4
1
21
22
SIM5
SIM1
SIM2
SIM3
SIM4
1
21
22
SIM5
SIM1
SIM2
SIM3
SIM4
1
21
22
SIM5
SIM1
SIM2
SIM3
SIM4
1
21
22
SIM5
SIM1
SIM2
SIM3
SIM4
1
21
22
SIM5
SIM1
SIM2
SIM3
SIM4
1
21
22
SIM5
SIM1
SIM2
SIM3
SIM4
1
21
22
SIM5
SIM1
SIM2
SIM3
SIM4
1
21
22
SIM5
SIM1
SIM2
SIM3
SIM4
1
21
22
SIM5
SIM1
SIM2
SIM3
SIM4
1
21
22
SIM5
SIM1
SIM2
SIM3
SIM4
1
21
22
SIM5
SIM1
SIM2
SIM3
SIM4
1
21
22
SIM5
SIM1
SIM2
SIM3
SIM4
1
21
22
SIM5
SIM1
SIM2
SIM3
SIM4
1
21
22
SIM5
SIM1
SIM2
SIM3
SIM4
1
21
22
SIM5
SIM1
SIM2
SIM3
SIM4
1
21
22
SIM5
SIM1
SIM2
SIM3
SIM4
1
21
22
SIM5
SIM1
SIM2
SIM3
SIM4
1
21
22
SIM5
SIM1
SIM2
DEBUG 1 195
SIM1
SIM2
SIM3
SIM4
1
21
22
SIM5
SIM1
SIM2
SIM3
SIM4
1
21
22
SIM5
SIM1
SIM2
SIM3
SIM4
1
21
22
SIM5
SIM1
SIM2
SIM3
SIM4
1
21
22
SIM5
SIM1
SIM2
SIM3
SIM4
1
21
22
SIM5
SIM1
SIM2
SIM3
SIM4
1
21
22
SIM5
SIM1
SIM2
SIM3
SIM4
1
21
22
SIM5
SIM1
SIM2
SIM3
SIM4
1
21
22
SIM5
SIM1
SIM2
SIM3
SIM4
1
21
22
SIM5
SIM1
SIM2
SIM3
SIM4
1
21
22
SIM5
SIM1
SIM2
SIM3
SIM4
1
21
22
SIM5
SIM1
SIM2
SIM3
SIM4
1
21
22
SIM5
SIM1
SIM2
SIM3
SIM4
1
21
22
SIM5
SIM1
SIM2
SIM3
SIM4
1
21
22
SIM5
SIM1
SIM2
SIM3
SIM4
1
21
22
SIM5
SIM1
SIM2
SIM3
SIM4
1
21
22
SIM5
SIM1
SIM2
SIM3
SIM4
1
21
22
SIM5
SIM1
SIM2
SIM3
SIM4
1
21
22
SIM5
SIM1
SIM2
SIM3
SIM4
1
21
22
SIM5
SIM1
SIM2
SIM3
SIM4
1
21
22
SIM5
SIM1
SIM2
SIM3
SIM4
1
21
22
SIM5
SIM1
SIM2
SIM3
SIM4
1
21
22
SIM5
SIM1
SIM2
SIM3
SIM4
1
21
22
SIM5
SIM1
SIM2
SIM3
SIM4
1
21
22
SIM5
SIM1
SIM2
SIM3
SIM4
1
21
22
SIM5
SIM1
SIM2
SIM3
SIM4
1
21
22
SIM5
SIM1
SIM2
SIM3
SIM4
1
21
22
SIM5
SIM1
SIM2
SIM3
SIM4
1
21
22
SIM5
SIM1
SIM2
SIM3
SIM4
1
21
22
SIM5
SIM1
SIM2
SIM3
SIM4
1
21
22
SIM5
SIM1
SIM2
SIM3
SIM4
1
21
22
SIM5
SIM1
SIM2
SIM3
SIM4
1
21
22
SIM5
SIM1
SIM2
SIM3
SIM4
1
21
22
SIM5
SIM1
SIM2
SIM3
SIM4
1
21
22
SIM5
SIM1
SIM2
SIM3
SIM4
1
21
22
SIM5
SIM1
SIM2
SIM3
SIM4
1
21
22
SIM5
SIM1
SIM2
SIM3
SIM4
1
21
22
SIM5
SIM1
SIM2
SIM3
SIM4
1
21
22
SIM5
SIM1
SIM2
SIM3
SIM4
1
21
22
SIM5
SIM1
SIM2
SIM3
SIM4
1
21
22
SIM5
SIM1
SIM2
SIM3
SIM4
1
21
22
SIM5
SIM1
SIM2
SIM3
SIM4
1
21
22
SIM5
SIM1
SIM2
SIM3
SIM4
1
21
22
SIM5
SIM1
SIM2
SIM3
SIM4
1
21
22
SIM5
SIM1
SIM2
SIM3
SIM4
1
21
22
SIM5
SIM1
SIM2
SIM3
SIM4
1
21
22
SIM5
SIM1
SIM2
SIM3
SIM4
1
21
22
SIM5
SIM1
SIM2
SIM3
SIM4
1
21
22
SIM5
SIM1
SIM2
SIM3
SIM4
1
21
22
SIM5
SIM1
SIM2
SIM3
SIM4
1
21
22
SIM5
SIM1
SIM2
SIM3
SIM4
1
21
22
SIM5
SIM1
SIM2
SIM3
SIM4
1
21
22
SIM5
SIM1
SIM2
SIM3
SIM4
1
21
22
SIM5
SIM1
SIM2
SIM3
SIM4
1
21
22
SIM5
SIM1
SIM2
SIM3
SIM4
1
21
22
SIM5
SIM1
SIM2
SIM3
SIM4
1
21
22
SIM5
SIM1
SIM2
SIM3
SIM4
1
21
22
SIM5
SIM1
SIM2
SIM3
SIM4
1
21
22
SIM5
SIM1
SIM2
SIM3
SIM4
1
21
22
SIM5
SIM1
SIM2
SIM3
SIM4
1
21
22
SIM5
SIM1
SIM2
SIM3
SIM4
1
21
22
SIM5
SIM1
SIM2
SIM3
SIM4
1
21
22
SIM5
SIM1
SIM2
SIM3
SIM4
1
21
22
SIM5
SIM1
SIM2
SIM3
SIM4
1
21
22
SIM5
SIM1
SIM2
SIM3
SIM4
1
21
22
SIM5
SIM1
SIM2
SIM3
SIM4
1
21
22
SIM5
SIM1
SIM2
SIM3
SIM4
1
21
22
SIM5
SIM1
SIM2
SIM3
SIM4
1
21
22
SIM5
SIM1
SIM2
SIM3
SIM4
1
21
22
SIM5
SIM1
SIM2
SIM3
SIM4
1
21
22
SIM5
SIM1
SIM2
SIM3
SIM4
1
21
22
SIM5
SIM1
SIM2
SIM3
SIM4
1
21
22
SIM5
SIM1
SIM2
SIM3
SIM4
1
21
22
SIM5
SIM1
SIM2
SIM3
SIM4
1
21
22
SIM5
SIM1
SIM2
SIM3
SIM4
1
21
22
SIM5
SIM1
SIM2
SIM3
SIM4
1
21
22
SIM5
SIM1
SIM2
SIM3
SIM4
1
21
22
SIM5
SIM1
SIM2
SIM3
SIM4
1
21
22
SIM5
SIM1
SIM2
SIM3
SIM4
1
21
22
SIM5
SIM1
SIM2
SIM3
SIM4
1
21
22
SIM5
SIM1
SIM2
SIM3
SIM4
1
21
22
SIM5
SIM1
SIM2
SIM3
SIM4
1
21
22
SIM5
SIM1
SIM2
SIM3
SIM4
1
21
22
SIM5
SIM1
SIM2
SIM3
SIM4
1
21
22
SIM5
SIM1
SIM2
SIM3
SIM4
1
21
22
SIM5
SIM1
SIM2
SIM3
SIM4
1
21
22
SIM5
SIM1
SIM2
SIM3
SIM4
1
21
22
SIM5
SIM1
SIM2
SIM3
SIM4
1
21
22
SIM5
SIM1
SIM2
SIM3
SIM4
1
21
22
SIM5
SIM1
SIM2
SIM3
SIM4
1
21
22
SIM5
SIM1
SIM2
SIM3
SIM4
1
21
22
SIM5
SIM1
SIM2
SIM3
SIM4
1
21
22
SIM5
SIM1
SIM2
SIM3
SIM4
1
21
22
SIM5
SIM1
SIM2
SIM3
SIM4
1
21
22
SIM5
SIM1
SIM2
SIM3
SIM4
1
21
22
SIM5
SIM1
SIM2
SIM3
SIM4
1
21
22
SIM5
SIM1
SIM2
SIM3
SIM4
1
21
22
SIM5
SIM1
SIM2
SIM3
SIM4
1
21
22
SIM5
SIM1
SIM2
SIM3
SIM4
1
21
22
SIM5
SIM1
SIM2
SIM3
SIM4
1
21
22
SIM5
SIM1
SIM2
SIM3
SIM4
1
21
22
SIM5
SIM1
SIM2
SIM3
SIM4
1
21
22
SIM5
SIM1
SIM2
SIM3
SIM4
1
21
22
SIM5
SIM1
SIM2
SIM3
SIM4
1
21
22
SIM5
SIM1
SIM2
SIM3
SIM4
1
21
22
SIM5
SIM1
SIM2
SIM3
SIM4
1
21
22
SIM5
SIM1
SIM2
SIM3
SIM4
1
21
22
SIM5
SIM1
SIM2
SIM3
SIM4
1
21
22
SIM5
SIM1
SIM2
SIM3
SIM4
1
21
22
SIM5
SIM1
SIM2
SIM3
SIM4
1
21
22
SIM5
SIM1
SIM2
SIM3
SIM4
1
21
22
SIM5
SIM1
SIM2
SIM3
SIM4
1
21
22
SIM5
SIM1
SIM2
SIM3
SIM4
1
21
22
SIM5
SIM1
SIM2
SIM3
SIM4
1
21
22
SIM5
SIM1
SIM2
SIM3
SIM4
1
21
22
SIM5
SIM1
SIM2
SIM3
SIM4
1
21
22
SIM5
SIM1
SIM2
SIM3
SIM4
1
21
22
SIM5
SIM1
SIM2
SIM3
SIM4
1
21
22
SIM5
SIM1
SIM2
SIM3
SIM4
1
21
22
SIM5
SIM1
SIM2
SIM3
SIM4
1
21
22
SIM5
SIM1
SIM2
SIM3
SIM4
1
21
22
SIM5
SIM1
SIM2
SIM3
SIM4
1
21
22
SIM5
SIM1
SIM2
SIM3
SIM4
1
21
22
SIM5
SIM1
SIM2
SIM3
SIM4
1
21
22
SIM5
SIM1
SIM2
SIM3
SIM4
1
21
22
SIM5
SIM1
SIM2
SIM3
SIM4
1
21
22
SIM5
SIM1
SIM2
SIM3
SIM4
1
21
22
SIM5
SIM1
SIM2
SIM3
SIM4
1
21
22
SIM5
SIM1
SIM2
SIM3
SIM4
1
21
22
SIM5
SIM1
SIM2
SIM3
SIM4
1
21
22
SIM5
SIM1
SIM2
SIM3
SIM4
1
21
22
SIM5
SIM1
SIM2
SIM3
SIM4
1
21
22
SIM5
SIM1
SIM2
SIM3
SIM4
1
21
22
SIM5
SIM1
SIM2
SIM3
SIM4
1
21
22
SIM5
SIM1
SIM2
SIM3
SIM4
1
21
22
SIM5
SIM1
SIM2
SIM3
SIM4
1
21
22
SIM5
SIM1
SIM2
SIM3
SIM4
1
21
22
SIM5
SIM1
SIM2
SIM3
SIM4
1
21
22
SIM5
SIM1
SIM2
SIM3
SIM4
1
21
22
SIM5
SIM1
SIM2
SIM3
SIM4
1
21
22
SIM5
SIM1
SIM2
SIM3
SIM4
1
21
22
SIM5
SIM1
SIM2
SIM3
SIM4
1
21
22
SIM5
SIM1
SIM2
SIM3
SIM4
1
21
22
SIM5
SIM1
SIM2
SIM3
SIM4
1
21
22
SIM5
SIM1
SIM2
SIM3
SIM4
1
21
22
SIM5
SIM1
SIM2
SIM3
SIM4
1
21
22
SIM5
SIM1
SIM2
SIM3
SIM4
1
21
22
SIM5
SIM1
SIM2
SIM3
SIM4
1
21
22
SIM5
SIM1
SIM2
SIM3
SIM4
1
21
22
SIM5
SIM1
SIM2
SIM3
SIM4
1
21
22
SIM5
SIM1
SIM2
SIM3
SIM4
1
21
22
SIM5
SIM1
SIM2
SIM3
SIM4
1
21
22
SIM5
SIM1
SIM2
SIM3
SIM4
1
21
22
SIM5
SIM1
SIM2
DEBUG 1 196
SIM1
SIM2
SIM3
SIM4
1
21
22
SIM5
SIM1
SIM2
SIM3
SIM4
1
21
22
SIM5
SIM1
SIM2
SIM3
SIM4
1
21
22
SIM5
SIM1
SIM2
SIM3
SIM4
1
21
22
SIM5
SIM1
SIM2
SIM3
SIM4
1
21
22
SIM5
SIM1
SIM2
SIM3
SIM4
1
21
22
SIM5
SIM1
SIM2
SIM3
SIM4
1
21
22
SIM5
SIM1
SIM2
SIM3
SIM4
1
21
22
SIM5
SIM1
SIM2
SIM3
SIM4
1
21
22
SIM5
SIM1
SIM2
SIM3
SIM4
1
21
22
SIM5
SIM1
SIM2
SIM3
SIM4
1
21
22
SIM5
SIM1
SIM2
SIM3
SIM4
1
21
22
SIM5
SIM1
SIM2
SIM3
SIM4
1
21
22
SIM5
SIM1
SIM2
SIM3
SIM4
1
21
22
SIM5
SIM1
SIM2
SIM3
SIM4
1
21
22
SIM5
SIM1
SIM2
SIM3
SIM4
1
21
22
SIM5
SIM1
SIM2
SIM3
SIM4
1
21
22
SIM5
SIM1
SIM2
SIM3
SIM4
1
21
22
SIM5
SIM1
SIM2
SIM3
SIM4
1
21
22
SIM5
SIM1
SIM2
SIM3
SIM4
1
21
22
SIM5
SIM1
SIM2
SIM3
SIM4
1
21
22
SIM5
SIM1
SIM2
SIM3
SIM4
1
21
22
SIM5
SIM1
SIM2
SIM3
SIM4
1
21
22
SIM5
SIM1
SIM2
SIM3
SIM4
1
21
22
SIM5
SIM1
SIM2
SIM3
SIM4
1
21
22
SIM5
SIM1
SIM2
SIM3
SIM4
1
21
22
SIM5
SIM1
SIM2
SIM3
SIM4
1
21
22
SIM5
SIM1
SIM2
SIM3
SIM4
1
21
22
SIM5
SIM1
SIM2
SIM3
SIM4
1
21
22
SIM5
SIM1
SIM2
SIM3
SIM4
1
21
22
SIM5
SIM1
SIM2
SIM3
SIM4
1
21
22
SIM5
SIM1
SIM2
SIM3
SIM4
1
21
22
SIM5
SIM1
SIM2
SIM3
SIM4
1
21
22
SIM5
SIM1
SIM2
SIM3
SIM4
1
21
22
SIM5
SIM1
SIM2
SIM3
SIM4
1
21
22
SIM5
SIM1
SIM2
SIM3
SIM4
1
21
22
SIM5
SIM1
SIM2
SIM3
SIM4
1
21
22
SIM5
SIM1
SIM2
SIM3
SIM4
1
21
22
SIM5
SIM1
SIM2
SIM3
SIM4
1
21
22
SIM5
SIM1
SIM2
SIM3
SIM4
1
21
22
SIM5
SIM1
SIM2
SIM3
SIM4
1
21
22
SIM5
SIM1
SIM2
SIM3
SIM4
1
21
22
SIM5
SIM1
SIM2
SIM3
SIM4
1
21
22
SIM5
SIM1
SIM2
SIM3
SIM4
1
21
22
SIM5
SIM1
SIM2
SIM3
SIM4
1
21
22
SIM5
SIM1
SIM2
SIM3
SIM4
1
21
22
SIM5
SIM1
SIM2
SIM3
SIM4
1
21
22
SIM5
SIM1
SIM2
SIM3
SIM4
1
21
22
SIM5
SIM1
SIM2
SIM3
SIM4
1
21
22
SIM5
SIM1
SIM2
SIM3
SIM4
1
21
22
SIM5
SIM1
SIM2
SIM3
SIM4
1
21
22
SIM5
SIM1
SIM2
SIM3
SIM4
1
21
22
SIM5
SIM1
SIM2
SIM3
SIM4
1
21
22
SIM5
SIM1
SIM2
SIM3
SIM4
1
21
22
SIM5
SIM1
SIM2
SIM3
SIM4
1
21
22
SIM5
SIM1
SIM2
SIM3
SIM4
1
21
22
SIM5
SIM1
SIM2
SIM3
SIM4
1
21
22
SIM5
SIM1
SIM2
SIM3
SIM4
1
21
22
SIM5
SIM1
SIM2
SIM3
SIM4
1
21
22
SIM5
SIM1
SIM2
SIM3
SIM4
1
21
22
SIM5
SIM1
SIM2
SIM3
SIM4
1
21
22
SIM5
SIM1
SIM2
SIM3
SIM4
1
21
22
SIM5
SIM1
SIM2
SIM3
SIM4
1
21
22
SIM5
SIM1
SIM2
SIM3
SIM4
1
21
22
SIM5
SIM1
SIM2
SIM3
SIM4
1
21
22
SIM5
SIM1
SIM2
SIM3
SIM4
1
21
22
SIM5
SIM1
SIM2
SIM3
SIM4
1
21
22
SIM5
SIM1
SIM2
SIM3
SIM4
1
21
22
SIM5
SIM1
SIM2
SIM3
SIM4
1
21
22
SIM5
SIM1
SIM2
SIM3
SIM4
1
21
22
SIM5
SIM1
SIM2
SIM3
SIM4
1
21
22
SIM5
SIM1
SIM2
SIM3
SIM4
1
21
22
SIM5
SIM1
SIM2
SIM3
SIM4
1
21
22
SIM5
SIM1
SIM2
SIM3
SIM4
1
21
22
SIM5
SIM1
SIM2
SIM3
SIM4
1
21
22
SIM5
SIM1
SIM2
SIM3
SIM4
1
21
22
SIM5
SIM1
SIM2
SIM3
SIM4
1
21
22
SIM5
SIM1
SIM2
SIM3
SIM4
1
21
22
SIM5
SIM1
SIM2
SIM3
SIM4
1
21
22
SIM5
SIM1
SIM2
SIM3
SIM4
1
21
22
SIM5
SIM1
SIM2
SIM3
SIM4
1
21
22
SIM5
SIM1
SIM2
SIM3
SIM4
1
21
22
SIM5
SIM1
SIM2
SIM3
SIM4
1
21
22
SIM5
SIM1
SIM2
SIM3
SIM4
1
21
22
SIM5
SIM1
SIM2
SIM3
SIM4
1
21
22
SIM5
SIM1
SIM2
SIM3
SIM4
1
21
22
SIM5
SIM1
SIM2
SIM3
SIM4
1
21
22
SIM5
SIM1
SIM2
SIM3
SIM4
1
21
22
SIM5
SIM1
SIM2
SIM3
SIM4
1
21
22
SIM5
SIM1
SIM2
SIM3
SIM4
1
21
22
SIM5
SIM1
SIM2
SIM3
SIM4
1
21
22
SIM5
SIM1
SIM2
SIM3
SIM4
1
21
22
SIM5
SIM1
SIM2
SIM3
SIM4
1
21
22
SIM5
SIM1
SIM2
SIM3
SIM4
1
21
22
SIM5
SIM1
SIM2
SIM3
SIM4
1
21
22
SIM5
SIM1
SIM2
SIM3
SIM4
1
21
22
SIM5
SIM1
SIM2
SIM3
SIM4
1
21
22
SIM5
SIM1
SIM2
SIM3
SIM4
1
21
22
SIM5
SIM1
SIM2
SIM3
SIM4
1
21
22
SIM5
SIM1
SIM2
SIM3
SIM4
1
21
22
SIM5
SIM1
SIM2
SIM3
SIM4
1
21
22
SIM5
SIM1
SIM2
SIM3
SIM4
1
21
22
SIM5
SIM1
SIM2
SIM3
SIM4
1
21
22
SIM5
SIM1
SIM2
SIM3
SIM4
1
21
22
SIM5
SIM1
SIM2
SIM3
SIM4
1
21
22
SIM5
SIM1
SIM2
SIM3
SIM4
1
21
22
SIM5
SIM1
SIM2
SIM3
SIM4
1
21
22
SIM5
SIM1
SIM2
SIM3
SIM4
1
21
22
SIM5
SIM1
SIM2
SIM3
SIM4
1
21
22
SIM5
SIM1
SIM2
SIM3
SIM4
1
21
22
SIM5
SIM1
SIM2
SIM3
SIM4
1
21
22
SIM5
SIM1
SIM2
SIM3
SIM4
1
21
22
SIM5
SIM1
SIM2
SIM3
SIM4
1
21
22
SIM5
SIM1
SIM2
SIM3
SIM4
1
21
22
SIM5
SIM1
SIM2
SIM3
SIM4
1
21
22
SIM5
SIM1
SIM2
SIM3
SIM4
1
21
22
SIM5
SIM1
SIM2
SIM3
SIM4
1
21
22
SIM5
SIM1
SIM2
SIM3
SIM4
1
21
22
SIM5
SIM1
SIM2
SIM3
SIM4
1
21
22
SIM5
SIM1
SIM2
SIM3
SIM4
1
21
22
SIM5
SIM1
SIM2
SIM3
SIM4
1
21
22
SIM5
SIM1
SIM2
SIM3
SIM4
1
21
22
SIM5
SIM1
SIM2
SIM3
SIM4
1
21
22
SIM5
SIM1
SIM2
SIM3
SIM4
1
21
22
SIM5
SIM1
SIM2
SIM3
SIM4
1
21
22
SIM5
SIM1
SIM2
SIM3
SIM4
1
21
22
SIM5
SIM1
SIM2
SIM3
SIM4
1
21
22
SIM5
SIM1
SIM2
SIM3
SIM4
1
21
22
SIM5
SIM1
SIM2
SIM3
SIM4
1
21
22
SIM5
SIM1
SIM2
SIM3
SIM4
1
21
22
SIM5
SIM1
SIM2
SIM3
SIM4
1
21
22
SIM5
SIM1
SIM2
SIM3
SIM4
1
21
22
SIM5
SIM1
SIM2
SIM3
SIM4
1
21
22
SIM5
SIM1
SIM2
SIM3
SIM4
1
21
22
SIM5
SIM1
SIM2
SIM3
SIM4
1
21
22
SIM5
SIM1
SIM2
SIM3
SIM4
1
21
22
SIM5
SIM1
SIM2
SIM3
SIM4
1
21
22
SIM5
SIM1
SIM2
SIM3
SIM4
1
21
22
SIM5
SIM1
SIM2
SIM3
SIM4
1
21
22
SIM5
SIM1
SIM2
SIM3
SIM4
1
21
22
SIM5
SIM1
SIM2
SIM3
SIM4
1
21
22
SIM5
SIM1
SIM2
SIM3
SIM4
1
21
22
SIM5
SIM1
SIM2
SIM3
SIM4
1
21
22
SIM5
SIM1
SIM2
SIM3
SIM4
1
21
22
SIM5
SIM1
SIM2
SIM3
SIM4
1
21
22
SIM5
SIM1
SIM2
SIM3
SIM4
1
21
22
SIM5
SIM1
SIM2
SIM3
SIM4
1
21
22
SIM5
SIM1
SIM2
SIM3
SIM4
1
21
22
SIM5
SIM1
SIM2
SIM3
SIM4
1
21
22
SIM5
SIM1
SIM2
SIM3
SIM4
1
21
22
SIM5
SIM1
SIM2
SIM3
SIM4
1
21
22
SIM5
SIM1
SIM2
SIM3
SIM4
1
21
22
SIM5
SIM1
SIM2
SIM3
SIM4
1
21
22
SIM5
SIM1
SIM2
SIM3
SIM4
1
21
22
SIM5
SIM1
SIM2
SIM3
SIM4
1
21
22
SIM5
SIM1
SIM2
SIM3
SIM4
1
21
22
SIM5
SIM1
SIM2
SIM3
SIM4
1
21
22
SIM5
SIM1
SIM2
SIM3
SIM4
1
21
22
SIM5
SIM1
SIM2
SIM3
SIM4
1
21
22
SIM5
SIM1
SIM2
SIM3
SIM4
1
21
22
SIM5
SIM1
SIM2
SIM3
SIM4
1
21
22
SIM5
SIM1
SIM2
SIM3
SIM4
1
21
22
SIM5
SIM1
SIM2
SIM3
SIM4
1
21
22
SIM5
SIM1
SIM2
SIM3
SIM4
1
21
22
SIM5
SIM1
SIM2
SIM3
SIM4
1
21
22
SIM5
SIM1
SIM2
SIM3
SIM4
1
21
22
SIM5
SIM1
SIM2
SIM3
SIM4
1
21
22
SIM5
SIM1
SIM2
SIM3
SIM4
1
21
22
SIM5
SIM1
SIM2
SIM3
SIM4
1
21
22
SIM5
SIM1
SIM2
SIM3
SIM4
1
21
22
SIM5
SIM1
SIM2
SIM3
SIM4
1
21
22
SIM5
SIM1
SIM2
SIM3
SIM4
1
21
22
SIM5
SIM1
SIM2
SIM3
SIM4
1
21
22
SIM5
SIM1
SIM2
SIM3
SIM4
1
21
22
SIM5
SIM1
SIM2
SIM3
SIM4
1
21
22
SIM5
SIM1
SIM2
SIM3
SIM4
1
21
22
SIM5
SIM1
SIM2
SIM3
SIM4
1
21
22
SIM5
SIM1
SIM2
SIM3
SIM4
1
21
22
SIM5
SIM1
SIM2
SIM3
SIM4
1
21
22
SIM5
SIM1
SIM2
SIM3
SIM4
1
21
22
SIM5
SIM1
SIM2
SIM3
SIM4
1
21
22
SIM5
SIM1
SIM2
DEBUG 1 197
SIM1
SIM2
SIM3
SIM4
1
21
22
SIM5
SIM1
SIM2
SIM3
SIM4
1
21
22
SIM5
SIM1
SIM2
SIM3
SIM4
1
21
22
SIM5
SIM1
SIM2
SIM3
SIM4
1
21
22
SIM5
SIM1
SIM2
SIM3
SIM4
1
21
22
SIM5
SIM1
SIM2
SIM3
SIM4
1
21
22
SIM5
SIM1
SIM2
SIM3
SIM4
1
21
22
SIM5
SIM1
SIM2
SIM3
SIM4
1
21
22
SIM5
SIM1
SIM2
SIM3
SIM4
1
21
22
SIM5
SIM1
SIM2
SIM3
SIM4
1
21
22
SIM5
SIM1
SIM2
SIM3
SIM4
1
21
22
SIM5
SIM1
SIM2
SIM3
SIM4
1
21
22
SIM5
SIM1
SIM2
SIM3
SIM4
1
21
22
SIM5
SIM1
SIM2
SIM3
SIM4
1
21
22
SIM5
SIM1
SIM2
SIM3
SIM4
1
21
22
SIM5
SIM1
SIM2
SIM3
SIM4
1
21
22
SIM5
SIM1
SIM2
SIM3
SIM4
1
21
22
SIM5
SIM1
SIM2
SIM3
SIM4
1
21
22
SIM5
SIM1
SIM2
SIM3
SIM4
1
21
22
SIM5
SIM1
SIM2
SIM3
SIM4
1
21
22
SIM5
SIM1
SIM2
SIM3
SIM4
1
21
22
SIM5
SIM1
SIM2
SIM3
SIM4
1
21
22
SIM5
SIM1
SIM2
SIM3
SIM4
1
21
22
SIM5
SIM1
SIM2
SIM3
SIM4
1
21
22
SIM5
SIM1
SIM2
SIM3
SIM4
1
21
22
SIM5
SIM1
SIM2
SIM3
SIM4
1
21
22
SIM5
SIM1
SIM2
SIM3
SIM4
1
21
22
SIM5
SIM1
SIM2
SIM3
SIM4
1
21
22
SIM5
SIM1
SIM2
SIM3
SIM4
1
21
22
SIM5
SIM1
SIM2
SIM3
SIM4
1
21
22
SIM5
SIM1
SIM2
SIM3
SIM4
1
21
22
SIM5
SIM1
SIM2
SIM3
SIM4
1
21
22
SIM5
SIM1
SIM2
SIM3
SIM4
1
21
22
SIM5
SIM1
SIM2
SIM3
SIM4
1
21
22
SIM5
SIM1
SIM2
SIM3
SIM4
1
21
22
SIM5
SIM1
SIM2
SIM3
SIM4
1
21
22
SIM5
SIM1
SIM2
SIM3
SIM4
1
21
22
SIM5
SIM1
SIM2
SIM3
SIM4
1
21
22
SIM5
SIM1
SIM2
SIM3
SIM4
1
21
22
SIM5
SIM1
SIM2
SIM3
SIM4
1
21
22
SIM5
SIM1
SIM2
SIM3
SIM4
1
21
22
SIM5
SIM1
SIM2
SIM3
SIM4
1
21
22
SIM5
SIM1
SIM2
SIM3
SIM4
1
21
22
SIM5
SIM1
SIM2
SIM3
SIM4
1
21
22
SIM5
SIM1
SIM2
SIM3
SIM4
1
21
22
SIM5
SIM1
SIM2
SIM3
SIM4
1
21
22
SIM5
SIM1
SIM2
SIM3
SIM4
1
21
22
SIM5
SIM1
SIM2
SIM3
SIM4
1
21
22
SIM5
SIM1
SIM2
SIM3
SIM4
1
21
22
SIM5
SIM1
SIM2
SIM3
SIM4
1
21
22
SIM5
SIM1
SIM2
SIM3
SIM4
1
21
22
SIM5
SIM1
SIM2
SIM3
SIM4
1
21
22
SIM5
SIM1
SIM2
SIM3
SIM4
1
21
22
SIM5
SIM1
SIM2
SIM3
SIM4
1
21
22
SIM5
SIM1
SIM2
SIM3
SIM4
1
21
22
SIM5
SIM1
SIM2
SIM3
SIM4
1
21
22
SIM5
SIM1
SIM2
SIM3
SIM4
1
21
22
SIM5
SIM1
SIM2
SIM3
SIM4
1
21
22
SIM5
SIM1
SIM2
SIM3
SIM4
1
21
22
SIM5
SIM1
SIM2
SIM3
SIM4
1
21
22
SIM5
SIM1
SIM2
SIM3
SIM4
1
21
22
SIM5
SIM1
SIM2
SIM3
SIM4
1
21
22
SIM5
SIM1
SIM2
SIM3
SIM4
1
21
22
SIM5
SIM1
SIM2
SIM3
SIM4
1
21
22
SIM5
SIM1
SIM2
SIM3
SIM4
1
21
22
SIM5
SIM1
SIM2
SIM3
SIM4
1
21
22
SIM5
SIM1
SIM2
SIM3
SIM4
1
21
22
SIM5
SIM1
SIM2
SIM3
SIM4
1
21
22
SIM5
SIM1
SIM2
SIM3
SIM4
1
21
22
SIM5
SIM1
SIM2
SIM3
SIM4
1
21
22
SIM5
SIM1
SIM2
SIM3
SIM4
1
21
22
SIM5
SIM1
SIM2
SIM3
SIM4
1
21
22
SIM5
SIM1
SIM2
SIM3
SIM4
1
21
22
SIM5
SIM1
SIM2
SIM3
SIM4
1
21
22
SIM5
SIM1
SIM2
SIM3
SIM4
1
21
22
SIM5
SIM1
SIM2
SIM3
SIM4
1
21
22
SIM5
SIM1
SIM2
SIM3
SIM4
1
21
22
SIM5
SIM1
SIM2
SIM3
SIM4
1
21
22
SIM5
SIM1
SIM2
SIM3
SIM4
1
21
22
SIM5
SIM1
SIM2
SIM3
SIM4
1
21
22
SIM5
SIM1
SIM2
SIM3
SIM4
1
21
22
SIM5
SIM1
SIM2
SIM3
SIM4
1
21
22
SIM5
SIM1
SIM2
SIM3
SIM4
1
21
22
SIM5
SIM1
SIM2
SIM3
SIM4
1
21
22
SIM5
SIM1
SIM2
SIM3
SIM4
1
21
22
SIM5
SIM1
SIM2
SIM3
SIM4
1
21
22
SIM5
SIM1
SIM2
SIM3
SIM4
1
21
22
SIM5
SIM1
SIM2
DEBUG 1 198
SIM1
SIM2
SIM3
SIM4
1
21
22
SIM5
SIM1
SIM2
SIM3
SIM4
1
21
22
SIM5
SIM1
SIM2
SIM3
SIM4
1
21
22
SIM5
SIM1
SIM2
SIM3
SIM4
1
21
22
SIM5
SIM1
SIM2
SIM3
SIM4
1
21
22
SIM5
SIM1
SIM2
SIM3
SIM4
1
21
22
SIM5
SIM1
SIM2
SIM3
SIM4
1
21
22
SIM5
SIM1
SIM2
SIM3
SIM4
1
21
22
SIM5
SIM1
SIM2
SIM3
SIM4
1
21
22
SIM5
SIM1
SIM2
SIM3
SIM4
1
21
22
SIM5
SIM1
SIM2
SIM3
SIM4
1
21
22
SIM5
SIM1
SIM2
SIM3
SIM4
1
21
22
SIM5
SIM1
SIM2
SIM3
SIM4
1
21
22
SIM5
SIM1
SIM2
SIM3
SIM4
1
21
22
SIM5
SIM1
SIM2
SIM3
SIM4
1
21
22
SIM5
SIM1
SIM2
SIM3
SIM4
1
21
22
SIM5
SIM1
SIM2
SIM3
SIM4
1
21
22
SIM5
SIM1
SIM2
SIM3
SIM4
1
21
22
SIM5
SIM1
SIM2
SIM3
SIM4
1
21
22
SIM5
SIM1
SIM2
SIM3
SIM4
1
21
22
SIM5
SIM1
SIM2
SIM3
SIM4
1
21
22
SIM5
SIM1
SIM2
SIM3
SIM4
1
21
22
SIM5
SIM1
SIM2
SIM3
SIM4
1
21
22
SIM5
SIM1
SIM2
SIM3
SIM4
1
21
22
SIM5
SIM1
SIM2
SIM3
SIM4
1
21
22
SIM5
SIM1
SIM2
SIM3
SIM4
1
21
22
SIM5
SIM1
SIM2
SIM3
SIM4
1
21
22
SIM5
SIM1
SIM2
SIM3
SIM4
1
21
22
SIM5
SIM1
SIM2
SIM3
SIM4
1
21
22
SIM5
SIM1
SIM2
SIM3
SIM4
1
21
22
SIM5
SIM1
SIM2
SIM3
SIM4
1
21
22
SIM5
SIM1
SIM2
SIM3
SIM4
1
21
22
SIM5
SIM1
SIM2
SIM3
SIM4
1
21
22
SIM5
SIM1
SIM2
SIM3
SIM4
1
21
22
SIM5
SIM1
SIM2
SIM3
SIM4
1
21
22
SIM5
SIM1
SIM2
SIM3
SIM4
1
21
22
SIM5
SIM1
SIM2
SIM3
SIM4
1
21
22
SIM5
SIM1
SIM2
SIM3
SIM4
1
21
22
SIM5
SIM1
SIM2
SIM3
SIM4
1
21
22
SIM5
SIM1
SIM2
SIM3
SIM4
1
21
22
SIM5
SIM1
SIM2
SIM3
SIM4
1
21
22
SIM5
SIM1
SIM2
SIM3
SIM4
1
21
22
SIM5
SIM1
SIM2
SIM3
SIM4
1
21
22
SIM5
SIM1
SIM2
SIM3
SIM4
1
21
22
SIM5
SIM1
SIM2
SIM3
SIM4
1
21
22
SIM5
SIM1
SIM2
SIM3
SIM4
1
21
22
SIM5
SIM1
SIM2
SIM3
SIM4
1
21
22
SIM5
SIM1
SIM2
SIM3
SIM4
1
21
22
SIM5
SIM1
SIM2
SIM3
SIM4
1
21
22
SIM5
SIM1
SIM2
SIM3
SIM4
1
21
22
SIM5
SIM1
SIM2
SIM3
SIM4
1
21
22
SIM5
SIM1
SIM2
SIM3
SIM4
1
21
22
SIM5
SIM1
SIM2
SIM3
SIM4
1
21
22
SIM5
SIM1
SIM2
SIM3
SIM4
1
21
22
SIM5
SIM1
SIM2
SIM3
SIM4
1
21
22
SIM5
SIM1
SIM2
SIM3
SIM4
1
21
22
SIM5
SIM1
SIM2
SIM3
SIM4
1
21
22
SIM5
SIM1
SIM2
SIM3
SIM4
1
21
22
SIM5
SIM1
SIM2
SIM3
SIM4
1
21
22
SIM5
SIM1
SIM2
SIM3
SIM4
1
21
22
SIM5
SIM1
SIM2
SIM3
SIM4
1
21
22
SIM5
SIM1
SIM2
SIM3
SIM4
1
21
22
SIM5
SIM1
SIM2
SIM3
SIM4
1
21
22
SIM5
SIM1
SIM2
SIM3
SIM4
1
21
22
SIM5
SIM1
SIM2
SIM3
SIM4
1
21
22
SIM5
SIM1
SIM2
SIM3
SIM4
1
21
22
SIM5
SIM1
SIM2
SIM3
SIM4
1
21
22
SIM5
SIM1
SIM2
SIM3
SIM4
1
21
22
SIM5
SIM1
SIM2
SIM3
SIM4
1
21
22
SIM5
SIM1
SIM2
SIM3
SIM4
1
21
22
SIM5
SIM1
SIM2
SIM3
SIM4
1
21
22
SIM5
SIM1
SIM2
SIM3
SIM4
1
21
22
SIM5
SIM1
SIM2
SIM3
SIM4
1
21
22
SIM5
SIM1
SIM2
SIM3
SIM4
1
21
22
SIM5
SIM1
SIM2
SIM3
SIM4
1
21
22
SIM5
SIM1
SIM2
SIM3
SIM4
1
21
22
SIM5
SIM1
SIM2
SIM3
SIM4
1
21
22
SIM5
SIM1
SIM2
SIM3
SIM4
1
21
22
SIM5
SIM1
SIM2
SIM3
SIM4
1
21
22
SIM5
SIM1
SIM2
SIM3
SIM4
1
21
22
SIM5
SIM1
SIM2
SIM3
SIM4
1
21
22
SIM5
SIM1
SIM2
SIM3
SIM4
1
21
22
SIM5
SIM1
SIM2
SIM3
SIM4
1
21
22
SIM5
SIM1
SIM2
SIM3
SIM4
1
21
22
SIM5
SIM1
SIM2
SIM3
SIM4
1
21
22
SIM5
SIM1
SIM2
SIM3
SIM4
1
21
22
SIM5
SIM1
SIM2
SIM3
SIM4
1
21
22
SIM5
SIM1
SIM2
SIM3
SIM4
1
21
22
SIM5
SIM1
SIM2
SIM3
SIM4
1
21
22
SIM5
SIM1
SIM2
SIM3
SIM4
1
21
22
SIM5
SIM1
SIM2
SIM3
SIM4
1
21
22
SIM5
SIM1
SIM2
SIM3
SIM4
1
21
22
SIM5
SIM1
SIM2
SIM3
SIM4
1
21
22
SIM5
SIM1
SIM2
SIM3
SIM4
1
21
22
SIM5
SIM1
SIM2
SIM3
SIM4
1
21
22
SIM5
SIM1
SIM2
SIM3
SIM4
1
21
22
SIM5
SIM1
SIM2
SIM3
SIM4
1
21
22
SIM5
SIM1
SIM2
SIM3
SIM4
1
21
22
SIM5
SIM1
SIM2
SIM3
SIM4
1
21
22
SIM5
SIM1
SIM2
SIM3
SIM4
1
21
22
SIM5
SIM1
SIM2
SIM3
SIM4
1
21
22
SIM5
SIM1
SIM2
SIM3
SIM4
1
21
22
SIM5
SIM1
SIM2
SIM3
SIM4
1
21
22
SIM5
SIM1
SIM2
SIM3
SIM4
1
21
22
SIM5
SIM1
SIM2
SIM3
SIM4
1
21
22
SIM5
SIM1
SIM2
SIM3
SIM4
1
21
22
SIM5
SIM1
SIM2
SIM3
SIM4
1
21
22
SIM5
SIM1
SIM2
SIM3
SIM4
1
21
22
SIM5
SIM1
SIM2
SIM3
SIM4
1
21
22
SIM5
SIM1
SIM2
SIM3
SIM4
1
21
22
SIM5
SIM1
SIM2
SIM3
SIM4
1
21
22
SIM5
SIM1
SIM2
SIM3
SIM4
1
21
22
SIM5
SIM1
SIM2
SIM3
SIM4
1
21
22
SIM5
SIM1
SIM2
SIM3
SIM4
1
21
22
SIM5
SIM1
SIM2
SIM3
SIM4
1
21
22
SIM5
SIM1
SIM2
SIM3
SIM4
1
21
22
SIM5
SIM1
SIM2
SIM3
SIM4
1
21
22
SIM5
SIM1
SIM2
SIM3
SIM4
1
21
22
SIM5
SIM1
SIM2
SIM3
SIM4
1
21
22
SIM5
SIM1
SIM2
SIM3
SIM4
1
21
22
SIM5
SIM1
SIM2
SIM3
SIM4
1
21
22
SIM5
SIM1
SIM2
SIM3
SIM4
1
21
22
SIM5
SIM1
SIM2
SIM3
SIM4
1
21
22
SIM5
SIM1
SIM2
SIM3
SIM4
1
21
22
SIM5
SIM1
SIM2
SIM3
SIM4
1
21
22
SIM5
SIM1
SIM2
SIM3
SIM4
1
21
22
SIM5
SIM1
SIM2
SIM3
SIM4
1
21
22
SIM5
SIM1
SIM2
SIM3
SIM4
1
21
22
SIM5
SIM1
SIM2
SIM3
SIM4
1
21
22
SIM5
SIM1
SIM2
SIM3
SIM4
1
21
22
SIM5
SIM1
SIM2
SIM3
SIM4
1
21
22
SIM5
SIM1
SIM2
SIM3
SIM4
1
21
22
SIM5
SIM1
SIM2
SIM3
SIM4
1
21
22
SIM5
SIM1
SIM2
SIM3
SIM4
1
21
22
SIM5
SIM1
SIM2
SIM3
SIM4
1
21
22
SIM5
SIM1
SIM2
SIM3
SIM4
1
21
22
SIM5
SIM1
SIM2
SIM3
SIM4
1
21
22
SIM5
SIM1
SIM2
SIM3
SIM4
1
21
22
SIM5
SIM1
SIM2
SIM3
SIM4
1
21
22
SIM5
SIM1
SIM2
SIM3
SIM4
1
21
22
SIM5
SIM1
SIM2
SIM3
SIM4
1
21
22
SIM5
SIM1
SIM2
SIM3
SIM4
1
21
22
SIM5
SIM1
SIM2
SIM3
SIM4
1
21
22
SIM5
SIM1
SIM2
DEBUG 1 199
SIM1
SIM2
SIM3
SIM4
1
21
22
SIM5
SIM1
SIM2
SIM3
SIM4
1
21
22
SIM5
SIM1
SIM2
SIM3
SIM4
1
21
22
SIM5
SIM1
SIM2
SIM3
SIM4
1
21
22
SIM5
SIM1
SIM2
SIM3
SIM4
1
21
22
SIM5
SIM1
SIM2
SIM3
SIM4
1
21
22
SIM5
SIM1
SIM2
SIM3
SIM4
1
21
22
SIM5
SIM1
SIM2
SIM3
SIM4
1
21
22
SIM5
SIM1
SIM2
SIM3
SIM4
1
21
22
SIM5
SIM1
SIM2
SIM3
SIM4
1
21
22
SIM5
SIM1
SIM2
SIM3
SIM4
1
21
22
SIM5
SIM1
SIM2
SIM3
SIM4
1
21
22
SIM5
SIM1
SIM2
SIM3
SIM4
1
21
22
SIM5
SIM1
SIM2
SIM3
SIM4
1
21
22
SIM5
SIM1
SIM2
SIM3
SIM4
1
21
22
SIM5
SIM1
SIM2
SIM3
SIM4
1
21
22
SIM5
SIM1
SIM2
SIM3
SIM4
1
21
22
SIM5
SIM1
SIM2
SIM3
SIM4
1
21
22
SIM5
SIM1
SIM2
SIM3
SIM4
1
21
22
SIM5
SIM1
SIM2
SIM3
SIM4
1
21
22
SIM5
SIM1
SIM2
SIM3
SIM4
1
21
22
SIM5
SIM1
SIM2
SIM3
SIM4
1
21
22
SIM5
SIM1
SIM2
SIM3
SIM4
1
21
22
SIM5
SIM1
SIM2
SIM3
SIM4
1
21
22
SIM5
SIM1
SIM2
SIM3
SIM4
1
21
22
SIM5
SIM1
SIM2
SIM3
SIM4
1
21
22
SIM5
SIM1
SIM2
SIM3
SIM4
1
21
22
SIM5
SIM1
SIM2
SIM3
SIM4
1
21
22
SIM5
SIM1
SIM2
SIM3
SIM4
1
21
22
SIM5
SIM1
SIM2
SIM3
SIM4
1
21
22
SIM5
SIM1
SIM2
SIM3
SIM4
1
21
22
SIM5
SIM1
SIM2
SIM3
SIM4
1
21
22
SIM5
SIM1
SIM2
SIM3
SIM4
1
21
22
SIM5
SIM1
SIM2
SIM3
SIM4
1
21
22
SIM5
SIM1
SIM2
SIM3
SIM4
1
21
22
SIM5
SIM1
SIM2
SIM3
SIM4
1
21
22
SIM5
SIM1
SIM2
SIM3
SIM4
1
21
22
SIM5
SIM1
SIM2
SIM3
SIM4
1
21
22
SIM5
SIM1
SIM2
SIM3
SIM4
1
21
22
SIM5
SIM1
SIM2
SIM3
SIM4
1
21
22
SIM5
SIM1
SIM2
SIM3
SIM4
1
21
22
SIM5
SIM1
SIM2
SIM3
SIM4
1
21
22
SIM5
SIM1
SIM2
SIM3
SIM4
1
21
22
SIM5
SIM1
SIM2
SIM3
SIM4
1
21
22
SIM5
SIM1
SIM2
SIM3
SIM4
1
21
22
SIM5
SIM1
SIM2
SIM3
SIM4
1
21
22
SIM5
SIM1
SIM2
SIM3
SIM4
1
21
22
SIM5
SIM1
SIM2
SIM3
SIM4
1
21
22
SIM5
SIM1
SIM2
SIM3
SIM4
1
21
22
SIM5
SIM1
SIM2
SIM3
SIM4
1
21
22
SIM5
SIM1
SIM2
SIM3
SIM4
1
21
22
SIM5
SIM1
SIM2
SIM3
SIM4
1
21
22
SIM5
SIM1
SIM2
SIM3
SIM4
1
21
22
SIM5
SIM1
SIM2
SIM3
SIM4
1
21
22
SIM5
SIM1
SIM2
SIM3
SIM4
1
21
22
SIM5
SIM1
SIM2
SIM3
SIM4
1
21
22
SIM5
SIM1
SIM2
SIM3
SIM4
1
21
22
SIM5
SIM1
SIM2
SIM3
SIM4
1
21
22
SIM5
SIM1
SIM2
SIM3
SIM4
1
21
22
SIM5
SIM1
SIM2
SIM3
SIM4
1
21
22
SIM5
SIM1
SIM2
SIM3
SIM4
1
21
22
SIM5
SIM1
SIM2
SIM3
SIM4
1
21
22
SIM5
SIM1
SIM2
SIM3
SIM4
1
21
22
SIM5
SIM1
SIM2
SIM3
SIM4
1
21
22
SIM5
SIM1
SIM2
SIM3
SIM4
1
21
22
SIM5
SIM1
SIM2
SIM3
SIM4
1
21
22
SIM5
SIM1
SIM2
SIM3
SIM4
1
21
22
SIM5
SIM1
SIM2
SIM3
SIM4
1
21
22
SIM5
SIM1
SIM2
SIM3
SIM4
1
21
22
SIM5
SIM1
SIM2
SIM3
SIM4
1
21
22
SIM5
SIM1
SIM2
SIM3
SIM4
1
21
22
SIM5
SIM1
SIM2
SIM3
SIM4
1
21
22
SIM5
SIM1
SIM2
SIM3
SIM4
1
21
22
SIM5
SIM1
SIM2
SIM3
SIM4
1
21
22
SIM5
SIM1
SIM2
SIM3
SIM4
1
21
22
SIM5
SIM1
SIM2
SIM3
SIM4
1
21
22
SIM5
SIM1
SIM2
SIM3
SIM4
1
21
22
SIM5
SIM1
SIM2
SIM3
SIM4
1
21
22
SIM5
SIM1
SIM2
SIM3
SIM4
1
21
22
SIM5
SIM1
SIM2
SIM3
SIM4
1
21
22
SIM5
SIM1
SIM2
SIM3
SIM4
1
21
22
SIM5
SIM1
SIM2
SIM3
SIM4
1
21
22
SIM5
SIM1
SIM2
SIM3
SIM4
1
21
22
SIM5
SIM1
SIM2
SIM3
SIM4
1
21
22
SIM5
SIM1
SIM2
SIM3
SIM4
1
21
22
SIM5
SIM1
SIM2
SIM3
SIM4
1
21
22
SIM5
SIM1
SIM2
SIM3
SIM4
1
21
22
SIM5
SIM1
SIM2
SIM3
SIM4
1
21
22
SIM5
SIM1
SIM2
SIM3
SIM4
1
21
22
SIM5
SIM1
SIM2
SIM3
SIM4
1
21
22
SIM5
SIM1
SIM2
SIM3
SIM4
1
21
22
SIM5
SIM1
SIM2
SIM3
SIM4
1
21
22
SIM5
SIM1
SIM2
SIM3
SIM4
1
21
22
SIM5
SIM1
SIM2
SIM3
SIM4
1
21
22
SIM5
SIM1
SIM2
SIM3
SIM4
1
21
22
SIM5
SIM1
SIM2
SIM3
SIM4
1
21
22
SIM5
SIM1
SIM2
SIM3
SIM4
1
21
22
SIM5
SIM1
SIM2
SIM3
SIM4
1
21
22
SIM5
SIM1
SIM2
SIM3
SIM4
1
21
22
SIM5
SIM1
SIM2
SIM3
SIM4
1
21
22
SIM5
SIM1
SIM2
SIM3
SIM4
1
21
22
SIM5
SIM1
SIM2
SIM3
SIM4
1
21
22
SIM5
SIM1
SIM2
SIM3
SIM4
1
21
22
SIM5
SIM1
SIM2
SIM3
SIM4
1
21
22
SIM5
SIM1
SIM2
SIM3
SIM4
1
21
22
SIM5
SIM1
SIM2
SIM3
SIM4
1
21
22
SIM5
SIM1
SIM2
SIM3
SIM4
1
21
22
SIM5
SIM1
SIM2
SIM3
SIM4
1
21
22
SIM5
SIM1
SIM2
SIM3
SIM4
1
21
22
SIM5
SIM1
SIM2
SIM3
SIM4
1
21
22
SIM5
SIM1
SIM2
SIM3
SIM4
1
21
22
SIM5
SIM1
SIM2
SIM3
SIM4
1
21
22
SIM5
SIM1
SIM2
SIM3
SIM4
1
21
22
SIM5
SIM1
SIM2
SIM3
SIM4
1
21
22
SIM5
SIM1
SIM2
SIM3
SIM4
1
21
22
SIM5
SIM1
SIM2
SIM3
SIM4
1
21
22
SIM5
SIM1
SIM2
SIM3
SIM4
1
21
22
SIM5
SIM1
SIM2
SIM3
SIM4
1
21
22
SIM5
SIM1
SIM2
SIM3
SIM4
1
21
22
SIM5
SIM1
SIM2
SIM3
SIM4
1
21
22
SIM5
SIM1
SIM2
SIM3
SIM4
1
21
22
SIM5
SIM1
SIM2
SIM3
SIM4
1
21
22
SIM5
SIM1
SIM2
SIM3
SIM4
1
21
22
SIM5
SIM1
SIM2
SIM3
SIM4
1
21
22
SIM5
SIM1
SIM2
SIM3
SIM4
1
21
22
SIM5
SIM1
SIM2
SIM3
SIM4
1
21
22
SIM5
SIM1
SIM2
SIM3
SIM4
1
21
22
SIM5
SIM1
SIM2
SIM3
SIM4
1
21
22
SIM5
SIM1
SIM2
SIM3
SIM4
1
21
22
SIM5
SIM1
SIM2
SIM3
SIM4
1
21
22
SIM5
SIM1
SIM2
SIM3
SIM4
1
21
22
SIM5
SIM1
SIM2
SIM3
SIM4
1
21
22
SIM5
SIM1
SIM2
SIM3
SIM4
1
21
22
SIM5
SIM1
SIM2
SIM3
SIM4
1
21
22
SIM5
SIM1
SIM2
SIM3
SIM4
1
21
22
SIM5
SIM1
SIM2
SIM3
SIM4
1
21
22
SIM5
SIM1
SIM2
SIM3
SIM4
1
21
22
SIM5
SIM1
SIM2
SIM3
SIM4
1
21
22
SIM5
SIM1
SIM2
SIM3
SIM4
1
21
22
SIM5
SIM1
SIM2
SIM3
SIM4
1
21
22
SIM5
SIM1
SIM2
SIM3
SIM4
1
21
22
SIM5
SIM1
SIM2
SIM3
SIM4
1
21
22
SIM5
SIM1
SIM2
SIM3
SIM4
1
21
22
SIM5
SIM1
SIM2
SIM3
SIM4
1
21
22
SIM5
SIM1
SIM2
SIM3
SIM4
1
21
22
SIM5
SIM1
SIM2
SIM3
SIM4
1
21
22
SIM5
SIM1
SIM2
SIM3
SIM4
1
21
22
SIM5
SIM1
SIM2
SIM3
SIM4
1
21
22
SIM5
SIM1
SIM2
SIM3
SIM4
1
21
22
SIM5
SIM1
SIM2
SIM3
SIM4
1
21
22
SIM5
SIM1
SIM2
SIM3
SIM4
1
21
22
SIM5
SIM1
SIM2
SIM3
SIM4
1
21
22
SIM5
SIM1
SIM2
SIM3
SIM4
1
21
22
SIM5
SIM1
SIM2
SIM3
SIM4
1
21
22
SIM5
SIM1
SIM2
SIM3
SIM4
1
21
22
SIM5
SIM1
SIM2
SIM3
SIM4
1
21
22
SIM5
SIM1
SIM2
SIM3
SIM4
1
21
22
SIM5
SIM1
SIM2
SIM3
SIM4
1
21
22
SIM5
SIM1
SIM2
SIM3
SIM4
1
21
22
SIM5
SIM1
SIM2
SIM3
SIM4
1
21
22
SIM5
SIM1
SIM2
SIM3
SIM4
1
21
22
SIM5
SIM1
SIM2
SIM3
SIM4
1
21
22
SIM5
SIM1
SIM2
SIM3
SIM4
1
21
22
SIM5
SIM1
SIM2
SIM3
SIM4
1
21
22
SIM5
SIM1
SIM2
SIM3
SIM4
1
21
22
SIM5
SIM1
SIM2
SIM3
SIM4
1
21
22
SIM5
SIM1
SIM2
SIM3
SIM4
1
21
22
SIM5
SIM1
SIM2
SIM3
SIM4
1
21
22
SIM5
SIM1
SIM2
DEBUG 1 200
SIM1
SIM2
SIM3
SIM4
1
21
22
SIM5
SIM1
SIM2
SIM3
SIM4
1
21
22
SIM5
SIM1
SIM2
SIM3
SIM4
1
21
22
SIM5
SIM1
SIM2
SIM3
SIM4
1
21
22
SIM5
SIM1
SIM2
SIM3
SIM4
1
21
22
SIM5
SIM1
SIM2
SIM3
SIM4
1
21
22
SIM5
SIM1
SIM2
SIM3
SIM4
1
21
22
SIM5
SIM1
SIM2
SIM3
SIM4
1
21
22
SIM5
SIM1
SIM2
SIM3
SIM4
1
21
22
SIM5
SIM1
SIM2
SIM3
SIM4
1
21
22
SIM5
SIM1
SIM2
SIM3
SIM4
1
21
22
SIM5
SIM1
SIM2
SIM3
SIM4
1
21
22
SIM5
SIM1
SIM2
SIM3
SIM4
1
21
22
SIM5
SIM1
SIM2
SIM3
SIM4
1
21
22
SIM5
SIM1
SIM2
SIM3
SIM4
1
21
22
SIM5
SIM1
SIM2
SIM3
SIM4
1
21
22
SIM5
SIM1
SIM2
SIM3
SIM4
1
21
22
SIM5
SIM1
SIM2
SIM3
SIM4
1
21
22
SIM5
SIM1
SIM2
SIM3
SIM4
1
21
22
SIM5
SIM1
SIM2
SIM3
SIM4
1
21
22
SIM5
SIM1
SIM2
SIM3
SIM4
1
21
22
SIM5
SIM1
SIM2
SIM3
SIM4
1
21
22
SIM5
SIM1
SIM2
SIM3
SIM4
1
21
22
SIM5
SIM1
SIM2
SIM3
SIM4
1
21
22
SIM5
SIM1
SIM2
SIM3
SIM4
1
21
22
SIM5
SIM1
SIM2
SIM3
SIM4
1
21
22
SIM5
SIM1
SIM2
SIM3
SIM4
1
21
22
SIM5
SIM1
SIM2
SIM3
SIM4
1
21
22
SIM5
SIM1
SIM2
SIM3
SIM4
1
21
22
SIM5
SIM1
SIM2
SIM3
SIM4
1
21
22
SIM5
SIM1
SIM2
SIM3
SIM4
1
21
22
SIM5
SIM1
SIM2
SIM3
SIM4
1
21
22
SIM5
SIM1
SIM2
SIM3
SIM4
1
21
22
SIM5
SIM1
SIM2
SIM3
SIM4
1
21
22
SIM5
SIM1
SIM2
SIM3
SIM4
1
21
22
SIM5
SIM1
SIM2
SIM3
SIM4
1
21
22
SIM5
SIM1
SIM2
SIM3
SIM4
1
21
22
SIM5
SIM1
SIM2
SIM3
SIM4
1
21
22
SIM5
SIM1
SIM2
SIM3
SIM4
1
21
22
SIM5
SIM1
SIM2
SIM3
SIM4
1
21
22
SIM5
SIM1
SIM2
SIM3
SIM4
1
21
22
SIM5
SIM1
SIM2
SIM3
SIM4
1
21
22
SIM5
SIM1
SIM2
SIM3
SIM4
1
21
22
SIM5
SIM1
SIM2
SIM3
SIM4
1
21
22
SIM5
SIM1
SIM2
SIM3
SIM4
1
21
22
SIM5
SIM1
SIM2
SIM3
SIM4
1
21
22
SIM5
SIM1
SIM2
SIM3
SIM4
1
21
22
SIM5
SIM1
SIM2
SIM3
SIM4
1
21
22
SIM5
SIM1
SIM2
SIM3
SIM4
1
21
22
SIM5
SIM1
SIM2
SIM3
SIM4
1
21
22
SIM5
SIM1
SIM2
SIM3
SIM4
1
21
22
SIM5
SIM1
SIM2
SIM3
SIM4
1
21
22
SIM5
SIM1
SIM2
SIM3
SIM4
1
21
22
SIM5
SIM1
SIM2
SIM3
SIM4
1
21
22
SIM5
SIM1
SIM2
SIM3
SIM4
1
21
22
SIM5
SIM1
SIM2
SIM3
SIM4
1
21
22
SIM5
SIM1
SIM2
SIM3
SIM4
1
21
22
SIM5
SIM1
SIM2
SIM3
SIM4
1
21
22
SIM5
SIM1
SIM2
SIM3
SIM4
1
21
22
SIM5
SIM1
SIM2
SIM3
SIM4
1
21
22
SIM5
SIM1
SIM2
SIM3
SIM4
1
21
22
SIM5
SIM1
SIM2
SIM3
SIM4
1
21
22
SIM5
SIM1
SIM2
SIM3
SIM4
1
21
22
SIM5
SIM1
SIM2
SIM3
SIM4
1
21
22
SIM5
SIM1
SIM2
SIM3
SIM4
1
21
22
SIM5
SIM1
SIM2
SIM3
SIM4
1
21
22
SIM5
SIM1
SIM2
SIM3
SIM4
1
21
22
SIM5
SIM1
SIM2
SIM3
SIM4
1
21
22
SIM5
SIM1
SIM2
SIM3
SIM4
1
21
22
SIM5
SIM1
SIM2
SIM3
SIM4
1
21
22
SIM5
SIM1
SIM2
SIM3
SIM4
1
21
22
SIM5
SIM1
SIM2
SIM3
SIM4
1
21
22
SIM5
SIM1
SIM2
SIM3
SIM4
1
21
22
SIM5
SIM1
SIM2
SIM3
SIM4
1
21
22
SIM5
SIM1
SIM2
SIM3
SIM4
1
21
22
SIM5
SIM1
SIM2
SIM3
SIM4
1
21
22
SIM5
SIM1
SIM2
SIM3
SIM4
1
21
22
SIM5
SIM1
SIM2
SIM3
SIM4
1
21
22
SIM5
SIM1
SIM2
SIM3
SIM4
1
21
22
SIM5
SIM1
SIM2
SIM3
SIM4
1
21
22
SIM5
SIM1
SIM2
SIM3
SIM4
1
21
22
SIM5
SIM1
SIM2
SIM3
SIM4
1
21
22
SIM5
SIM1
SIM2
SIM3
SIM4
1
21
22
SIM5
SIM1
SIM2
SIM3
SIM4
1
21
22
SIM5
SIM1
SIM2
SIM3
SIM4
1
21
22
SIM5
SIM1
SIM2
SIM3
SIM4
1
21
22
SIM5
SIM1
SIM2
SIM3
SIM4
1
21
22
SIM5
SIM1
SIM2
SIM3
SIM4
1
21
22
SIM5
SIM1
SIM2
SIM3
SIM4
1
21
22
SIM5
SIM1
SIM2
SIM3
SIM4
1
21
22
SIM5
SIM1
SIM2
SIM3
SIM4
1
21
22
SIM5
SIM1
SIM2
SIM3
SIM4
1
21
22
SIM5
SIM1
SIM2
SIM3
SIM4
1
21
22
SIM5
SIM1
SIM2
SIM3
SIM4
1
21
22
SIM5
SIM1
SIM2
SIM3
SIM4
1
21
22
SIM5
SIM1
SIM2
SIM3
SIM4
1
21
22
SIM5
SIM1
SIM2
SIM3
SIM4
1
21
22
SIM5
SIM1
SIM2
SIM3
SIM4
1
21
22
SIM5
SIM1
SIM2
SIM3
SIM4
1
21
22
SIM5
SIM1
SIM2
SIM3
SIM4
1
21
22
SIM5
SIM1
SIM2
SIM3
SIM4
1
21
22
SIM5
SIM1
SIM2
SIM3
SIM4
1
21
22
SIM5
SIM1
SIM2
SIM3
SIM4
1
21
22
SIM5
SIM1
SIM2
SIM3
SIM4
1
21
22
SIM5
SIM1
SIM2
SIM3
SIM4
1
21
22
SIM5
SIM1
SIM2
SIM3
SIM4
1
21
22
SIM5
SIM1
SIM2
SIM3
SIM4
1
21
22
SIM5
SIM1
SIM2
SIM3
SIM4
1
21
22
SIM5
SIM1
SIM2
SIM3
SIM4
1
21
22
SIM5
SIM1
SIM2
SIM3
SIM4
1
21
22
SIM5
SIM1
SIM2
SIM3
SIM4
1
21
22
SIM5
SIM1
SIM2
SIM3
SIM4
1
21
22
SIM5
SIM1
SIM2
SIM3
SIM4
1
21
22
SIM5
SIM1
SIM2
SIM3
SIM4
1
21
22
SIM5
SIM1
SIM2
SIM3
SIM4
1
21
22
SIM5
SIM1
SIM2
SIM3
SIM4
1
21
22
SIM5
SIM1
SIM2
SIM3
SIM4
1
21
22
SIM5
SIM1
SIM2
SIM3
SIM4
1
21
22
SIM5
SIM1
SIM2
SIM3
SIM4
1
21
22
SIM5
SIM1
SIM2
SIM3
SIM4
1
21
22
SIM5
SIM1
SIM2
SIM3
SIM4
1
21
22
SIM5
SIM1
SIM2
SIM3
SIM4
1
21
22
SIM5
SIM1
SIM2
SIM3
SIM4
1
21
22
SIM5
SIM1
SIM2
SIM3
SIM4
1
21
22
SIM5
SIM1
SIM2
SIM3
SIM4
1
21
22
SIM5
SIM1
SIM2
SIM3
SIM4
1
21
22
SIM5
SIM1
SIM2
SIM3
SIM4
1
21
22
SIM5
SIM1
SIM2
SIM3
SIM4
1
21
22
SIM5
SIM1
SIM2
SIM3
SIM4
1
21
22
SIM5
SIM1
SIM2
SIM3
SIM4
1
21
22
SIM5
SIM1
SIM2
SIM3
SIM4
1
21
22
SIM5
SIM1
SIM2
SIM3
SIM4
1
21
22
SIM5
SIM1
SIM2
SIM3
SIM4
1
21
22
SIM5
SIM1
SIM2
SIM3
SIM4
1
21
22
SIM5
SIM1
SIM2
SIM3
SIM4
1
21
22
SIM5
SIM1
SIM2
SIM3
SIM4
1
21
22
SIM5
SIM1
SIM2
SIM3
SIM4
1
21
22
SIM5
SIM1
SIM2
SIM3
SIM4
1
21
22
SIM5
SIM1
SIM2
SIM3
SIM4
1
21
22
SIM5
SIM1
SIM2
SIM3
SIM4
1
21
22
SIM5
SIM1
SIM2
SIM3
SIM4
1
21
22
SIM5
SIM1
SIM2
SIM3
SIM4
1
21
22
SIM5
SIM1
SIM2
SIM3
SIM4
1
21
22
SIM5
SIM1
SIM2
SIM3
SIM4
1
21
22
SIM5
SIM1
SIM2
SIM3
SIM4
1
21
22
SIM5
SIM1
SIM2
DEBUG 1 201
SIM1
SIM2
SIM3
SIM4
1
21
22
SIM5
SIM1
SIM2
SIM3
SIM4
1
21
22
SIM5
SIM1
SIM2
SIM3
SIM4
1
21
22
SIM5
SIM1
SIM2
SIM3
SIM4
1
21
22
SIM5
SIM1
SIM2
SIM3
SIM4
1
21
22
SIM5
SIM1
SIM2
SIM3
SIM4
1
21
22
SIM5
SIM1
SIM2
SIM3
SIM4
1
21
22
SIM5
SIM1
SIM2
SIM3
SIM4
1
21
22
SIM5
SIM1
SIM2
SIM3
SIM4
1
21
22
SIM5
SIM1
SIM2
SIM3
SIM4
1
21
22
SIM5
SIM1
SIM2
SIM3
SIM4
1
21
22
SIM5
SIM1
SIM2
SIM3
SIM4
1
21
22
SIM5
SIM1
SIM2
SIM3
SIM4
1
21
22
SIM5
SIM1
SIM2
SIM3
SIM4
1
21
22
SIM5
SIM1
SIM2
SIM3
SIM4
1
21
22
SIM5
SIM1
SIM2
SIM3
SIM4
1
21
22
SIM5
SIM1
SIM2
SIM3
SIM4
1
21
22
SIM5
SIM1
SIM2
SIM3
SIM4
1
21
22
SIM5
SIM1
SIM2
SIM3
SIM4
1
21
22
SIM5
SIM1
SIM2
SIM3
SIM4
1
21
22
SIM5
SIM1
SIM2
SIM3
SIM4
1
21
22
SIM5
SIM1
SIM2
SIM3
SIM4
1
21
22
SIM5
SIM1
SIM2
SIM3
SIM4
1
21
22
SIM5
SIM1
SIM2
SIM3
SIM4
1
21
22
SIM5
SIM1
SIM2
SIM3
SIM4
1
21
22
SIM5
SIM1
SIM2
SIM3
SIM4
1
21
22
SIM5
SIM1
SIM2
SIM3
SIM4
1
21
22
SIM5
SIM1
SIM2
SIM3
SIM4
1
21
22
SIM5
SIM1
SIM2
SIM3
SIM4
1
21
22
SIM5
SIM1
SIM2
SIM3
SIM4
1
21
22
SIM5
SIM1
SIM2
SIM3
SIM4
1
21
22
SIM5
SIM1
SIM2
SIM3
SIM4
1
21
22
SIM5
SIM1
SIM2
SIM3
SIM4
1
21
22
SIM5
SIM1
SIM2
SIM3
SIM4
1
21
22
SIM5
SIM1
SIM2
SIM3
SIM4
1
21
22
SIM5
SIM1
SIM2
SIM3
SIM4
1
21
22
SIM5
SIM1
SIM2
SIM3
SIM4
1
21
22
SIM5
SIM1
SIM2
SIM3
SIM4
1
21
22
SIM5
SIM1
SIM2
SIM3
SIM4
1
21
22
SIM5
SIM1
SIM2
SIM3
SIM4
1
21
22
SIM5
SIM1
SIM2
SIM3
SIM4
1
21
22
SIM5
SIM1
SIM2
SIM3
SIM4
1
21
22
SIM5
SIM1
SIM2
SIM3
SIM4
1
21
22
SIM5
SIM1
SIM2
SIM3
SIM4
1
21
22
SIM5
SIM1
SIM2
SIM3
SIM4
1
21
22
SIM5
SIM1
SIM2
SIM3
SIM4
1
21
22
SIM5
SIM1
SIM2
SIM3
SIM4
1
21
22
SIM5
SIM1
SIM2
SIM3
SIM4
1
21
22
SIM5
SIM1
SIM2
SIM3
SIM4
1
21
22
SIM5
SIM1
SIM2
SIM3
SIM4
1
21
22
SIM5
SIM1
SIM2
SIM3
SIM4
1
21
22
SIM5
SIM1
SIM2
SIM3
SIM4
1
21
22
SIM5
SIM1
SIM2
SIM3
SIM4
1
21
22
SIM5
SIM1
SIM2
SIM3
SIM4
1
21
22
SIM5
SIM1
SIM2
SIM3
SIM4
1
21
22
SIM5
SIM1
SIM2
SIM3
SIM4
1
21
22
SIM5
SIM1
SIM2
SIM3
SIM4
1
21
22
SIM5
SIM1
SIM2
SIM3
SIM4
1
21
22
SIM5
SIM1
SIM2
SIM3
SIM4
1
21
22
SIM5
SIM1
SIM2
SIM3
SIM4
1
21
22
SIM5
SIM1
SIM2
SIM3
SIM4
1
21
22
SIM5
SIM1
SIM2
SIM3
SIM4
1
21
22
SIM5
SIM1
SIM2
SIM3
SIM4
1
21
22
SIM5
SIM1
SIM2
SIM3
SIM4
1
21
22
SIM5
SIM1
SIM2
SIM3
SIM4
1
21
22
SIM5
SIM1
SIM2
SIM3
SIM4
1
21
22
SIM5
SIM1
SIM2
SIM3
SIM4
1
21
22
SIM5
SIM1
SIM2
SIM3
SIM4
1
21
22
SIM5
SIM1
SIM2
SIM3
SIM4
1
21
22
SIM5
SIM1
SIM2
SIM3
SIM4
1
21
22
SIM5
SIM1
SIM2
SIM3
SIM4
1
21
22
SIM5
SIM1
SIM2
SIM3
SIM4
1
21
22
SIM5
SIM1
SIM2
SIM3
SIM4
1
21
22
SIM5
SIM1
SIM2
SIM3
SIM4
1
21
22
SIM5
SIM1
SIM2
SIM3
SIM4
1
21
22
SIM5
SIM1
SIM2
SIM3
SIM4
1
21
22
SIM5
SIM1
SIM2
SIM3
SIM4
1
21
22
SIM5
SIM1
SIM2
SIM3
SIM4
1
21
22
SIM5
SIM1
SIM2
SIM3
SIM4
1
21
22
SIM5
SIM1
SIM2
SIM3
SIM4
1
21
22
SIM5
SIM1
SIM2
SIM3
SIM4
1
21
22
SIM5
SIM1
SIM2
SIM3
SIM4
1
21
22
SIM5
SIM1
SIM2
SIM3
SIM4
1
21
22
SIM5
SIM1
SIM2
SIM3
SIM4
1
21
22
SIM5
SIM1
SIM2
SIM3
SIM4
1
21
22
SIM5
SIM1
SIM2
SIM3
SIM4
1
21
22
SIM5
SIM1
SIM2
SIM3
SIM4
1
21
22
SIM5
SIM1
SIM2
SIM3
SIM4
1
21
22
SIM5
SIM1
SIM2
SIM3
SIM4
1
21
22
SIM5
SIM1
SIM2
SIM3
SIM4
1
21
22
SIM5
SIM1
SIM2
SIM3
SIM4
1
21
22
SIM5
SIM1
SIM2
SIM3
SIM4
1
21
22
SIM5
SIM1
SIM2
SIM3
SIM4
1
21
22
SIM5
SIM1
SIM2
DEBUG 1 202
SIM1
SIM2
SIM3
SIM4
1
21
22
SIM5
SIM1
SIM2
SIM3
SIM4
1
21
22
SIM5
SIM1
SIM2
SIM3
SIM4
1
21
22
SIM5
SIM1
SIM2
SIM3
SIM4
1
21
22
SIM5
SIM1
SIM2
SIM3
SIM4
1
21
22
SIM5
SIM1
SIM2
SIM3
SIM4
1
21
22
SIM5
SIM1
SIM2
SIM3
SIM4
1
21
22
SIM5
SIM1
SIM2
SIM3
SIM4
1
21
22
SIM5
SIM1
SIM2
SIM3
SIM4
1
21
22
SIM5
SIM1
SIM2
SIM3
SIM4
1
21
22
SIM5
SIM1
SIM2
SIM3
SIM4
1
21
22
SIM5
SIM1
SIM2
SIM3
SIM4
1
21
22
SIM5
SIM1
SIM2
SIM3
SIM4
1
21
22
SIM5
SIM1
SIM2
SIM3
SIM4
1
21
22
SIM5
SIM1
SIM2
SIM3
SIM4
1
21
22
SIM5
SIM1
SIM2
SIM3
SIM4
1
21
22
SIM5
SIM1
SIM2
SIM3
SIM4
1
21
22
SIM5
SIM1
SIM2
SIM3
SIM4
1
21
22
SIM5
SIM1
SIM2
SIM3
SIM4
1
21
22
SIM5
SIM1
SIM2
SIM3
SIM4
1
21
22
SIM5
SIM1
SIM2
SIM3
SIM4
1
21
22
SIM5
SIM1
SIM2
SIM3
SIM4
1
21
22
SIM5
SIM1
SIM2
SIM3
SIM4
1
21
22
SIM5
SIM1
SIM2
SIM3
SIM4
1
21
22
SIM5
SIM1
SIM2
SIM3
SIM4
1
21
22
SIM5
SIM1
SIM2
SIM3
SIM4
1
21
22
SIM5
SIM1
SIM2
SIM3
SIM4
1
21
22
SIM5
SIM1
SIM2
SIM3
SIM4
1
21
22
SIM5
SIM1
SIM2
SIM3
SIM4
1
21
22
SIM5
SIM1
SIM2
SIM3
SIM4
1
21
22
SIM5
SIM1
SIM2
SIM3
SIM4
1
21
22
SIM5
SIM1
SIM2
SIM3
SIM4
1
21
22
SIM5
SIM1
SIM2
SIM3
SIM4
1
21
22
SIM5
SIM1
SIM2
SIM3
SIM4
1
21
22
SIM5
SIM1
SIM2
SIM3
SIM4
1
21
22
SIM5
SIM1
SIM2
SIM3
SIM4
1
21
22
SIM5
SIM1
SIM2
SIM3
SIM4
1
21
22
SIM5
SIM1
SIM2
SIM3
SIM4
1
21
22
SIM5
SIM1
SIM2
SIM3
SIM4
1
21
22
SIM5
SIM1
SIM2
SIM3
SIM4
1
21
22
SIM5
SIM1
SIM2
SIM3
SIM4
1
21
22
SIM5
SIM1
SIM2
SIM3
SIM4
1
21
22
SIM5
SIM1
SIM2
SIM3
SIM4
1
21
22
SIM5
SIM1
SIM2
SIM3
SIM4
1
21
22
SIM5
SIM1
SIM2
SIM3
SIM4
1
21
22
SIM5
SIM1
SIM2
SIM3
SIM4
1
21
22
SIM5
SIM1
SIM2
SIM3
SIM4
1
21
22
SIM5
SIM1
SIM2
SIM3
SIM4
1
21
22
SIM5
SIM1
SIM2
SIM3
SIM4
1
21
22
SIM5
SIM1
SIM2
SIM3
SIM4
1
21
22
SIM5
SIM1
SIM2
SIM3
SIM4
1
21
22
SIM5
SIM1
SIM2
SIM3
SIM4
1
21
22
SIM5
SIM1
SIM2
SIM3
SIM4
1
21
22
SIM5
SIM1
SIM2
SIM3
SIM4
1
21
22
SIM5
SIM1
SIM2
SIM3
SIM4
1
21
22
SIM5
SIM1
SIM2
SIM3
SIM4
1
21
22
SIM5
SIM1
SIM2
SIM3
SIM4
1
21
22
SIM5
SIM1
SIM2
SIM3
SIM4
1
21
22
SIM5
SIM1
SIM2
SIM3
SIM4
1
21
22
SIM5
SIM1
SIM2
SIM3
SIM4
1
21
22
SIM5
SIM1
SIM2
SIM3
SIM4
1
21
22
SIM5
SIM1
SIM2
SIM3
SIM4
1
21
22
SIM5
SIM1
SIM2
SIM3
SIM4
1
21
22
SIM5
SIM1
SIM2
SIM3
SIM4
1
21
22
SIM5
SIM1
SIM2
SIM3
SIM4
1
21
22
SIM5
SIM1
SIM2
SIM3
SIM4
1
21
22
SIM5
SIM1
SIM2
SIM3
SIM4
1
21
22
SIM5
SIM1
SIM2
SIM3
SIM4
1
21
22
SIM5
SIM1
SIM2
SIM3
SIM4
1
21
22
SIM5
SIM1
SIM2
SIM3
SIM4
1
21
22
SIM5
SIM1
SIM2
SIM3
SIM4
1
21
22
SIM5
SIM1
SIM2
SIM3
SIM4
1
21
22
SIM5
SIM1
SIM2
SIM3
SIM4
1
21
22
SIM5
SIM1
SIM2
SIM3
SIM4
1
21
22
SIM5
SIM1
SIM2
SIM3
SIM4
1
21
22
SIM5
SIM1
SIM2
SIM3
SIM4
1
21
22
SIM5
SIM1
SIM2
SIM3
SIM4
1
21
22
SIM5
SIM1
SIM2
SIM3
SIM4
1
21
22
SIM5
SIM1
SIM2
SIM3
SIM4
1
21
22
SIM5
SIM1
SIM2
SIM3
SIM4
1
21
22
SIM5
SIM1
SIM2
SIM3
SIM4
1
21
22
SIM5
SIM1
SIM2
SIM3
SIM4
1
21
22
SIM5
SIM1
SIM2
SIM3
SIM4
1
21
22
SIM5
SIM1
SIM2
SIM3
SIM4
1
21
22
SIM5
SIM1
SIM2
SIM3
SIM4
1
21
22
SIM5
SIM1
SIM2
SIM3
SIM4
1
21
22
SIM5
SIM1
SIM2
SIM3
SIM4
1
21
22
SIM5
SIM1
SIM2
SIM3
SIM4
1
21
22
SIM5
SIM1
SIM2
SIM3
SIM4
1
21
22
SIM5
SIM1
SIM2
SIM3
SIM4
1
21
22
SIM5
SIM1
SIM2
SIM3
SIM4
1
21
22
SIM5
SIM1
SIM2
SIM3
SIM4
1
21
22
SIM5
SIM1
SIM2
SIM3
SIM4
1
21
22
SIM5
SIM1
SIM2
SIM3
SIM4
1
21
22
SIM5
SIM1
SIM2
SIM3
SIM4
1
21
22
SIM5
SIM1
SIM2
SIM3
SIM4
1
21
22
SIM5
SIM1
SIM2
SIM3
SIM4
1
21
22
SIM5
SIM1
SIM2
SIM3
SIM4
1
21
22
SIM5
SIM1
SIM2
SIM3
SIM4
1
21
22
SIM5
SIM1
SIM2
SIM3
SIM4
1
21
22
SIM5
SIM1
SIM2
SIM3
SIM4
1
21
22
SIM5
SIM1
SIM2
SIM3
SIM4
1
21
22
SIM5
SIM1
SIM2
SIM3
SIM4
1
21
22
SIM5
SIM1
SIM2
SIM3
SIM4
1
21
22
SIM5
SIM1
SIM2
SIM3
SIM4
1
21
22
SIM5
SIM1
SIM2
SIM3
SIM4
1
21
22
SIM5
SIM1
SIM2
SIM3
SIM4
1
21
22
SIM5
SIM1
SIM2
SIM3
SIM4
1
21
22
SIM5
SIM1
SIM2
SIM3
SIM4
1
21
22
SIM5
SIM1
SIM2
SIM3
SIM4
1
21
22
SIM5
SIM1
SIM2
SIM3
SIM4
1
21
22
SIM5
SIM1
SIM2
SIM3
SIM4
1
21
22
SIM5
SIM1
SIM2
SIM3
SIM4
1
21
22
SIM5
SIM1
SIM2
SIM3
SIM4
1
21
22
SIM5
SIM1
SIM2
SIM3
SIM4
1
21
22
SIM5
SIM1
SIM2
SIM3
SIM4
1
21
22
SIM5
SIM1
SIM2
SIM3
SIM4
1
21
22
SIM5
SIM1
SIM2
SIM3
SIM4
1
21
22
SIM5
SIM1
SIM2
SIM3
SIM4
1
21
22
SIM5
SIM1
SIM2
SIM3
SIM4
1
21
22
SIM5
SIM1
SIM2
SIM3
SIM4
1
21
22
SIM5
SIM1
SIM2
SIM3
SIM4
1
21
22
SIM5
SIM1
SIM2
SIM3
SIM4
1
21
22
SIM5
SIM1
SIM2
SIM3
SIM4
1
21
22
SIM5
SIM1
SIM2
SIM3
SIM4
1
21
22
SIM5
SIM1
SIM2
SIM3
SIM4
1
21
22
SIM5
SIM1
SIM2
SIM3
SIM4
1
21
22
SIM5
SIM1
SIM2
SIM3
SIM4
1
21
22
SIM5
SIM1
SIM2
SIM3
SIM4
1
21
22
SIM5
SIM1
SIM2
SIM3
SIM4
1
21
22
SIM5
SIM1
SIM2
SIM3
SIM4
1
21
22
SIM5
SIM1
SIM2
SIM3
SIM4
1
21
22
SIM5
SIM1
SIM2
SIM3
SIM4
1
21
22
SIM5
SIM1
SIM2
SIM3
SIM4
1
21
22
SIM5
SIM1
SIM2
SIM3
SIM4
1
21
22
SIM5
SIM1
SIM2
SIM3
SIM4
1
21
22
SIM5
SIM1
SIM2
SIM3
SIM4
1
21
22
SIM5
SIM1
SIM2
SIM3
SIM4
1
21
22
SIM5
SIM1
SIM2
SIM3
SIM4
1
21
22
SIM5
SIM1
SIM2
SIM3
SIM4
1
21
22
SIM5
SIM1
SIM2
SIM3
SIM4
1
21
22
SIM5
SIM1
SIM2
SIM3
SIM4
1
21
22
SIM5
SIM1
SIM2
SIM3
SIM4
1
21
22
SIM5
SIM1
SIM2
SIM3
SIM4
1
21
22
SIM5
SIM1
SIM2
SIM3
SIM4
1
21
22
SIM5
SIM1
SIM2
SIM3
SIM4
1
21
22
SIM5
SIM1
SIM2
SIM3
SIM4
1
21
22
SIM5
SIM1
SIM2
SIM3
SIM4
1
21
22
SIM5
SIM1
SIM2
SIM3
SIM4
1
21
22
SIM5
SIM1
SIM2
SIM3
SIM4
1
21
22
SIM5
SIM1
SIM2
SIM3
SIM4
1
21
22
SIM5
SIM1
SIM2
SIM3
SIM4
1
21
22
SIM5
SIM1
SIM2
SIM3
SIM4
1
21
22
SIM5
SIM1
SIM2
SIM3
SIM4
1
21
22
SIM5
SIM1
SIM2
SIM3
SIM4
1
21
22
SIM5
SIM1
SIM2
SIM3
SIM4
1
21
22
SIM5
SIM1
SIM2
SIM3
SIM4
1
21
22
SIM5
SIM1
SIM2
SIM3
SIM4
1
21
22
SIM5
SIM1
SIM2
SIM3
SIM4
1
21
22
SIM5
SIM1
SIM2
SIM3
SIM4
1
21
22
SIM5
SIM1
SIM2
SIM3
SIM4
1
21
22
SIM5
SIM1
SIM2
SIM3
SIM4
1
21
22
SIM5
SIM1
SIM2
SIM3
SIM4
1
21
22
SIM5
SIM1
SIM2
SIM3
SIM4
1
21
22
SIM5
SIM1
SIM2
SIM3
SIM4
1
21
22
SIM5
SIM1
SIM2
SIM3
SIM4
1
21
22
SIM5
SIM1
SIM2
SIM3
SIM4
1
21
22
SIM5
SIM1
SIM2
SIM3
SIM4
1
21
22
SIM5
SIM1
SIM2
SIM3
SIM4
1
21
22
SIM5
SIM1
SIM2
SIM3
SIM4
1
21
22
SIM5
SIM1
SIM2
SIM3
SIM4
1
21
22
SIM5
SIM1
SIM2
SIM3
SIM4
1
21
22
SIM5
SIM1
SIM2
SIM3
SIM4
1
21
22
SIM5
SIM1
SIM2
SIM3
SIM4
1
21
22
SIM5
SIM1
SIM2
SIM3
SIM4
1
21
22
SIM5
SIM1
SIM2
SIM3
SIM4
1
21
22
SIM5
SIM1
SIM2
SIM3
SIM4
1
21
22
SIM5
SIM1
SIM2
SIM3
SIM4
1
21
22
SIM5
SIM1
SIM2
SIM3
SIM4
1
21
22
SIM5
SIM1
SIM2
SIM3
SIM4
1
21
22
SIM5
SIM1
SIM2
SIM3
SIM4
1
21
22
SIM5
SIM1
SIM2
SIM3
SIM4
1
21
22
SIM5
SIM1
SIM2
SIM3
SIM4
1
21
22
SIM5
SIM1
SIM2
SIM3
SIM4
1
21
22
SIM5
SIM1
SIM2
SIM3
SIM4
1
21
22
SIM5
SIM1
SIM2
SIM3
SIM4
1
21
22
SIM5
SIM1
SIM2
SIM3
SIM4
1
21
22
SIM5
SIM1
SIM2
SIM3
SIM4
1
21
22
SIM5
SIM1
SIM2
SIM3
SIM4
1
21
22
SIM5
SIM1
SIM2
SIM3
SIM4
1
21
22
SIM5
SIM1
SIM2
SIM3
SIM4
1
21
22
SIM5
SIM1
SIM2
SIM3
SIM4
1
21
22
SIM5
SIM1
SIM2
SIM3
SIM4
1
21
22
SIM5
SIM1
SIM2
SIM3
SIM4
1
21
22
SIM5
SIM1
SIM2
SIM3
SIM4
1
21
22
SIM5
SIM1
SIM2
SIM3
SIM4
1
21
22
SIM5
SIM1
SIM2
SIM3
SIM4
1
21
22
SIM5
SIM1
SIM2
SIM3
SIM4
1
21
22
SIM5
SIM1
SIM2
SIM3
SIM4
1
21
22
SIM5
SIM1
SIM2
SIM3
SIM4
1
21
22
SIM5
SIM1
SIM2
SIM3
SIM4
1
21
22
SIM5
SIM1
SIM2
SIM3
SIM4
1
21
22
SIM5
SIM1
SIM2
SIM3
SIM4
1
21
22
SIM5
SIM1
SIM2
SIM3
SIM4
1
21
22
SIM5
SIM1
SIM2
SIM3
SIM4
1
21
22
SIM5
SIM1
SIM2
SIM3
SIM4
1
21
22
SIM5
SIM1
SIM2
SIM3
SIM4
1
21
22
SIM5
SIM1
SIM2
SIM3
SIM4
1
21
22
SIM5
SIM1
SIM2
SIM3
SIM4
1
21
22
SIM5
SIM1
SIM2
SIM3
SIM4
1
21
22
SIM5
SIM1
SIM2
SIM3
SIM4
1
21
22
SIM5
SIM1
SIM2
SIM3
SIM4
1
21
22
SIM5
SIM1
SIM2
SIM3
SIM4
1
21
22
SIM5
SIM1
SIM2
SIM3
SIM4
1
21
22
SIM5
SIM1
SIM2
SIM3
SIM4
1
21
22
SIM5
SIM1
SIM2
SIM3
SIM4
1
21
22
SIM5
SIM1
SIM2
SIM3
SIM4
1
21
22
SIM5
SIM1
SIM2
SIM3
SIM4
1
21
22
SIM5
SIM1
SIM2
SIM3
SIM4
1
21
22
SIM5
SIM1
SIM2
SIM3
SIM4
1
21
22
SIM5
SIM1
SIM2
SIM3
SIM4
1
21
22
SIM5
SIM1
SIM2
SIM3
SIM4
1
21
22
SIM5
SIM1
SIM2
SIM3
SIM4
1
21
22
SIM5
SIM1
SIM2
SIM3
SIM4
1
21
22
SIM5
SIM1
SIM2
SIM3
SIM4
1
21
22
SIM5
SIM1
SIM2
SIM3
SIM4
1
21
22
SIM5
SIM1
SIM2
SIM3
SIM4
1
21
22
SIM5
SIM1
SIM2
SIM3
SIM4
1
21
22
SIM5
SIM1
SIM2
SIM3
SIM4
1
21
22
SIM5
SIM1
SIM2
SIM3
SIM4
1
21
22
SIM5
SIM1
SIM2
SIM3
SIM4
1
21
22
SIM5
SIM1
SIM2
SIM3
SIM4
1
21
22
SIM5
SIM1
SIM2
SIM3
SIM4
1
21
22
SIM5
SIM1
SIM2
SIM3
SIM4
1
21
22
SIM5
SIM1
SIM2
SIM3
SIM4
1
21
22
SIM5
SIM1
SIM2
SIM3
SIM4
1
21
22
SIM5
SIM1
SIM2
SIM3
SIM4
1
21
22
SIM5
SIM1
SIM2
SIM3
SIM4
1
21
22
SIM5
SIM1
SIM2
SIM3
SIM4
1
21
22
SIM5
SIM1
SIM2
SIM3
SIM4
1
21
22
SIM5
SIM1
SIM2
SIM3
SIM4
1
21
22
SIM5
SIM1
SIM2
SIM3
SIM4
1
21
22
SIM5
SIM1
SIM2
SIM3
SIM4
1
21
22
SIM5
SIM1
SIM2
SIM3
SIM4
1
21
22
SIM5
SIM1
SIM2
SIM3
SIM4
1
21
22
SIM5
SIM1
SIM2
SIM3
SIM4
1
21
22
SIM5
SIM1
SIM2
SIM3
SIM4
1
21
22
SIM5
SIM1
SIM2
SIM3
SIM4
1
21
22
SIM5
SIM1
SIM2
SIM3
SIM4
1
21
22
SIM5
SIM1
SIM2
SIM3
SIM4
1
21
22
SIM5
SIM1
SIM2
SIM3
SIM4
1
21
22
SIM5
SIM1
SIM2
SIM3
SIM4
1
21
22
SIM5
SIM1
SIM2
SIM3
SIM4
1
21
22
SIM5
SIM1
SIM2
SIM3
SIM4
1
21
22
SIM5
SIM1
SIM2
SIM3
SIM4
1
21
22
SIM5
SIM1
SIM2
SIM3
SIM4
1
21
22
SIM5
SIM1
SIM2
SIM3
SIM4
1
21
22
SIM5
SIM1
SIM2
SIM3
SIM4
1
21
22
SIM5
SIM1
SIM2
DEBUG 1 203
SIM1
SIM2
SIM3
SIM4
1
21
22
SIM5
SIM1
SIM2
SIM3
SIM4
1
21
22
SIM5
SIM1
SIM2
SIM3
SIM4
1
21
22
SIM5
SIM1
SIM2
SIM3
SIM4
1
21
22
SIM5
SIM1
SIM2
SIM3
SIM4
1
21
22
SIM5
SIM1
SIM2
SIM3
SIM4
1
21
22
SIM5
SIM1
SIM2
SIM3
SIM4
1
21
22
SIM5
SIM1
SIM2
SIM3
SIM4
1
21
22
SIM5
SIM1
SIM2
SIM3
SIM4
1
21
22
SIM5
SIM1
SIM2
SIM3
SIM4
1
21
22
SIM5
SIM1
SIM2
SIM3
SIM4
1
21
22
SIM5
SIM1
SIM2
SIM3
SIM4
1
21
22
SIM5
SIM1
SIM2
SIM3
SIM4
1
21
22
SIM5
SIM1
SIM2
SIM3
SIM4
1
21
22
SIM5
SIM1
SIM2
SIM3
SIM4
1
21
22
SIM5
SIM1
SIM2
SIM3
SIM4
1
21
22
SIM5
SIM1
SIM2
SIM3
SIM4
1
21
22
SIM5
SIM1
SIM2
SIM3
SIM4
1
21
22
SIM5
SIM1
SIM2
SIM3
SIM4
1
21
22
SIM5
SIM1
SIM2
SIM3
SIM4
1
21
22
SIM5
SIM1
SIM2
SIM3
SIM4
1
21
22
SIM5
SIM1
SIM2
SIM3
SIM4
1
21
22
SIM5
SIM1
SIM2
SIM3
SIM4
1
21
22
SIM5
SIM1
SIM2
SIM3
SIM4
1
21
22
SIM5
SIM1
SIM2
SIM3
SIM4
1
21
22
SIM5
SIM1
SIM2
SIM3
SIM4
1
21
22
SIM5
SIM1
SIM2
SIM3
SIM4
1
21
22
SIM5
SIM1
SIM2
SIM3
SIM4
1
21
22
SIM5
SIM1
SIM2
SIM3
SIM4
1
21
22
SIM5
SIM1
SIM2
SIM3
SIM4
1
21
22
SIM5
SIM1
SIM2
SIM3
SIM4
1
21
22
SIM5
SIM1
SIM2
SIM3
SIM4
1
21
22
SIM5
SIM1
SIM2
SIM3
SIM4
1
21
22
SIM5
SIM1
SIM2
SIM3
SIM4
1
21
22
SIM5
SIM1
SIM2
SIM3
SIM4
1
21
22
SIM5
SIM1
SIM2
SIM3
SIM4
1
21
22
SIM5
SIM1
SIM2
SIM3
SIM4
1
21
22
SIM5
SIM1
SIM2
SIM3
SIM4
1
21
22
SIM5
SIM1
SIM2
SIM3
SIM4
1
21
22
SIM5
SIM1
SIM2
SIM3
SIM4
1
21
22
SIM5
SIM1
SIM2
SIM3
SIM4
1
21
22
SIM5
SIM1
SIM2
SIM3
SIM4
1
21
22
SIM5
SIM1
SIM2
SIM3
SIM4
1
21
22
SIM5
SIM1
SIM2
SIM3
SIM4
1
21
22
SIM5
SIM1
SIM2
SIM3
SIM4
1
21
22
SIM5
SIM1
SIM2
SIM3
SIM4
1
21
22
SIM5
SIM1
SIM2
SIM3
SIM4
1
21
22
SIM5
SIM1
SIM2
SIM3
SIM4
1
21
22
SIM5
SIM1
SIM2
SIM3
SIM4
1
21
22
SIM5
SIM1
SIM2
SIM3
SIM4
1
21
22
SIM5
SIM1
SIM2
SIM3
SIM4
1
21
22
SIM5
SIM1
SIM2
SIM3
SIM4
1
21
22
SIM5
SIM1
SIM2
SIM3
SIM4
1
21
22
SIM5
SIM1
SIM2
SIM3
SIM4
1
21
22
SIM5
SIM1
SIM2
SIM3
SIM4
1
21
22
SIM5
SIM1
SIM2
SIM3
SIM4
1
21
22
SIM5
SIM1
SIM2
SIM3
SIM4
1
21
22
SIM5
SIM1
SIM2
SIM3
SIM4
1
21
22
SIM5
SIM1
SIM2
SIM3
SIM4
1
21
22
SIM5
SIM1
SIM2
SIM3
SIM4
1
21
22
SIM5
SIM1
SIM2
SIM3
SIM4
1
21
22
SIM5
SIM1
SIM2
SIM3
SIM4
1
21
22
SIM5
SIM1
SIM2
SIM3
SIM4
1
21
22
SIM5
SIM1
SIM2
SIM3
SIM4
1
21
22
SIM5
SIM1
SIM2
SIM3
SIM4
1
21
22
SIM5
SIM1
SIM2
SIM3
SIM4
1
21
22
SIM5
SIM1
SIM2
SIM3
SIM4
1
21
22
SIM5
SIM1
SIM2
SIM3
SIM4
1
21
22
SIM5
SIM1
SIM2
SIM3
SIM4
1
21
22
SIM5
SIM1
SIM2
SIM3
SIM4
1
21
22
SIM5
SIM1
SIM2
SIM3
SIM4
1
21
22
SIM5
SIM1
SIM2
SIM3
SIM4
1
21
22
SIM5
SIM1
SIM2
SIM3
SIM4
1
21
22
SIM5
SIM1
SIM2
SIM3
SIM4
1
21
22
SIM5
SIM1
SIM2
SIM3
SIM4
1
21
22
SIM5
SIM1
SIM2
SIM3
SIM4
1
21
22
SIM5
SIM1
SIM2
SIM3
SIM4
1
21
22
SIM5
SIM1
SIM2
SIM3
SIM4
1
21
22
SIM5
SIM1
SIM2
SIM3
SIM4
1
21
22
SIM5
SIM1
SIM2
SIM3
SIM4
1
21
22
SIM5
SIM1
SIM2
SIM3
SIM4
1
21
22
SIM5
SIM1
SIM2
SIM3
SIM4
1
21
22
SIM5
SIM1
SIM2
SIM3
SIM4
1
21
22
SIM5
SIM1
SIM2
SIM3
SIM4
1
21
22
SIM5
SIM1
SIM2
SIM3
SIM4
1
21
22
SIM5
SIM1
SIM2
SIM3
SIM4
1
21
22
SIM5
SIM1
SIM2
SIM3
SIM4
1
21
22
SIM5
SIM1
SIM2
SIM3
SIM4
1
21
22
SIM5
SIM1
SIM2
SIM3
SIM4
1
21
22
SIM5
SIM1
SIM2
SIM3
SIM4
1
21
22
SIM5
SIM1
SIM2
SIM3
SIM4
1
21
22
SIM5
SIM1
SIM2
SIM3
SIM4
1
21
22
SIM5
SIM1
SIM2
SIM3
SIM4
1
21
22
SIM5
SIM1
SIM2
SIM3
SIM4
1
21
22
SIM5
SIM1
SIM2
SIM3
SIM4
1
21
22
SIM5
SIM1
SIM2
SIM3
SIM4
1
21
22
SIM5
SIM1
SIM2
SIM3
SIM4
1
21
22
SIM5
SIM1
SIM2
SIM3
SIM4
1
21
22
SIM5
SIM1
SIM2
SIM3
SIM4
1
21
22
SIM5
SIM1
SIM2
SIM3
SIM4
1
21
22
SIM5
SIM1
SIM2
SIM3
SIM4
1
21
22
SIM5
SIM1
SIM2
SIM3
SIM4
1
21
22
SIM5
SIM1
SIM2
SIM3
SIM4
1
21
22
SIM5
SIM1
SIM2
SIM3
SIM4
1
21
22
SIM5
SIM1
SIM2
SIM3
SIM4
1
21
22
SIM5
SIM1
SIM2
SIM3
SIM4
1
21
22
SIM5
SIM1
SIM2
SIM3
SIM4
1
21
22
SIM5
SIM1
SIM2
SIM3
SIM4
1
21
22
SIM5
SIM1
SIM2
SIM3
SIM4
1
21
22
SIM5
SIM1
SIM2
SIM3
SIM4
1
21
22
SIM5
SIM1
SIM2
SIM3
SIM4
1
21
22
SIM5
SIM1
SIM2
SIM3
SIM4
1
21
22
SIM5
SIM1
SIM2
SIM3
SIM4
1
21
22
SIM5
SIM1
SIM2
SIM3
SIM4
1
21
22
SIM5
SIM1
SIM2
SIM3
SIM4
1
21
22
SIM5
SIM1
SIM2
SIM3
SIM4
1
21
22
SIM5
SIM1
SIM2
SIM3
SIM4
1
21
22
SIM5
SIM1
SIM2
SIM3
SIM4
1
21
22
SIM5
SIM1
SIM2
SIM3
SIM4
1
21
22
SIM5
SIM1
SIM2
SIM3
SIM4
1
21
22
SIM5
SIM1
SIM2
SIM3
SIM4
1
21
22
SIM5
SIM1
SIM2
SIM3
SIM4
1
21
22
SIM5
SIM1
SIM2
SIM3
SIM4
1
21
22
SIM5
SIM1
SIM2
SIM3
SIM4
1
21
22
SIM5
SIM1
SIM2
SIM3
SIM4
1
21
22
SIM5
SIM1
SIM2
SIM3
SIM4
1
21
22
SIM5
SIM1
SIM2
SIM3
SIM4
1
21
22
SIM5
SIM1
SIM2
SIM3
SIM4
1
21
22
SIM5
SIM1
SIM2
SIM3
SIM4
1
21
22
SIM5
SIM1
SIM2
SIM3
SIM4
1
21
22
SIM5
SIM1
SIM2
SIM3
SIM4
1
21
22
SIM5
SIM1
SIM2
SIM3
SIM4
1
21
22
SIM5
SIM1
SIM2
SIM3
SIM4
1
21
22
SIM5
SIM1
SIM2
SIM3
SIM4
1
21
22
SIM5
SIM1
SIM2
SIM3
SIM4
1
21
22
SIM5
SIM1
SIM2
SIM3
SIM4
1
21
22
SIM5
SIM1
SIM2
SIM3
SIM4
1
21
22
SIM5
SIM1
SIM2
SIM3
SIM4
1
21
22
SIM5
SIM1
SIM2
SIM3
SIM4
1
21
22
SIM5
SIM1
SIM2
SIM3
SIM4
1
21
22
SIM5
SIM1
SIM2
SIM3
SIM4
1
21
22
SIM5
SIM1
SIM2
SIM3
SIM4
1
21
22
SIM5
SIM1
SIM2
SIM3
SIM4
1
21
22
SIM5
SIM1
SIM2
SIM3
SIM4
1
21
22
SIM5
SIM1
SIM2
SIM3
SIM4
1
21
22
SIM5
SIM1
SIM2
SIM3
SIM4
1
21
22
SIM5
SIM1
SIM2
SIM3
SIM4
1
21
22
SIM5
SIM1
SIM2
SIM3
SIM4
1
21
22
SIM5
SIM1
SIM2
SIM3
SIM4
1
21
22
SIM5
SIM1
SIM2
SIM3
SIM4
1
21
22
SIM5
SIM1
SIM2
SIM3
SIM4
1
21
22
SIM5
SIM1
SIM2
SIM3
SIM4
1
21
22
SIM5
SIM1
SIM2
SIM3
SIM4
1
21
22
SIM5
SIM1
SIM2
SIM3
SIM4
1
21
22
SIM5
SIM1
SIM2
SIM3
SIM4
1
21
22
SIM5
SIM1
SIM2
SIM3
SIM4
1
21
22
SIM5
SIM1
SIM2
SIM3
SIM4
1
21
22
SIM5
SIM1
SIM2
SIM3
SIM4
1
21
22
SIM5
SIM1
SIM2
SIM3
SIM4
1
21
22
SIM5
SIM1
SIM2
SIM3
SIM4
1
21
22
SIM5
SIM1
SIM2
SIM3
SIM4
1
21
22
SIM5
SIM1
SIM2
SIM3
SIM4
1
21
22
SIM5
SIM1
SIM2
SIM3
SIM4
1
21
22
SIM5
SIM1
SIM2
SIM3
SIM4
1
21
22
SIM5
SIM1
SIM2
SIM3
SIM4
1
21
22
SIM5
SIM1
SIM2
SIM3
SIM4
1
21
22
SIM5
SIM1
SIM2
SIM3
SIM4
1
21
22
SIM5
SIM1
SIM2
SIM3
SIM4
1
21
22
SIM5
SIM1
SIM2
SIM3
SIM4
1
21
22
SIM5
SIM1
SIM2
SIM3
SIM4
1
21
22
SIM5
SIM1
SIM2
SIM3
SIM4
1
21
22
SIM5
SIM1
SIM2
SIM3
SIM4
1
21
22
SIM5
SIM1
SIM2
SIM3
SIM4
1
21
22
SIM5
SIM1
SIM2
SIM3
SIM4
1
21
22
SIM5
SIM1
SIM2
SIM3
SIM4
1
21
22
SIM5
SIM1
SIM2
SIM3
SIM4
1
21
22
SIM5
SIM1
SIM2
SIM3
SIM4
1
21
22
SIM5
SIM1
SIM2
SIM3
SIM4
1
21
22
SIM5
SIM1
SIM2
SIM3
SIM4
1
21
22
SIM5
SIM1
SIM2
DEBUG 1 204
SIM1
SIM2
SIM3
SIM4
1
21
22
SIM5
SIM1
SIM2
SIM3
SIM4
1
21
22
SIM5
SIM1
SIM2
SIM3
SIM4
1
21
22
SIM5
SIM1
SIM2
SIM3
SIM4
1
21
22
SIM5
SIM1
SIM2
SIM3
SIM4
1
21
22
SIM5
SIM1
SIM2
SIM3
SIM4
1
21
22
SIM5
SIM1
SIM2
SIM3
SIM4
1
21
22
SIM5
SIM1
SIM2
SIM3
SIM4
1
21
22
SIM5
SIM1
SIM2
SIM3
SIM4
1
21
22
SIM5
SIM1
SIM2
SIM3
SIM4
1
21
22
SIM5
SIM1
SIM2
SIM3
SIM4
1
21
22
SIM5
SIM1
SIM2
SIM3
SIM4
1
21
22
SIM5
SIM1
SIM2
SIM3
SIM4
1
21
22
SIM5
SIM1
SIM2
SIM3
SIM4
1
21
22
SIM5
SIM1
SIM2
SIM3
SIM4
1
21
22
SIM5
SIM1
SIM2
SIM3
SIM4
1
21
22
SIM5
SIM1
SIM2
SIM3
SIM4
1
21
22
SIM5
SIM1
SIM2
SIM3
SIM4
1
21
22
SIM5
SIM1
SIM2
SIM3
SIM4
1
21
22
SIM5
SIM1
SIM2
SIM3
SIM4
1
21
22
SIM5
SIM1
SIM2
SIM3
SIM4
1
21
22
SIM5
SIM1
SIM2
SIM3
SIM4
1
21
22
SIM5
SIM1
SIM2
SIM3
SIM4
1
21
22
SIM5
SIM1
SIM2
SIM3
SIM4
1
21
22
SIM5
SIM1
SIM2
SIM3
SIM4
1
21
22
SIM5
SIM1
SIM2
SIM3
SIM4
1
21
22
SIM5
SIM1
SIM2
SIM3
SIM4
1
21
22
SIM5
SIM1
SIM2
SIM3
SIM4
1
21
22
SIM5
SIM1
SIM2
SIM3
SIM4
1
21
22
SIM5
SIM1
SIM2
SIM3
SIM4
1
21
22
SIM5
SIM1
SIM2
SIM3
SIM4
1
21
22
SIM5
SIM1
SIM2
SIM3
SIM4
1
21
22
SIM5
SIM1
SIM2
SIM3
SIM4
1
21
22
SIM5
SIM1
SIM2
SIM3
SIM4
1
21
22
SIM5
SIM1
SIM2
SIM3
SIM4
1
21
22
SIM5
SIM1
SIM2
SIM3
SIM4
1
21
22
SIM5
SIM1
SIM2
SIM3
SIM4
1
21
22
SIM5
SIM1
SIM2
SIM3
SIM4
1
21
22
SIM5
SIM1
SIM2
SIM3
SIM4
1
21
22
SIM5
SIM1
SIM2
SIM3
SIM4
1
21
22
SIM5
SIM1
SIM2
SIM3
SIM4
1
21
22
SIM5
SIM1
SIM2
SIM3
SIM4
1
21
22
SIM5
SIM1
SIM2
SIM3
SIM4
1
21
22
SIM5
SIM1
SIM2
SIM3
SIM4
1
21
22
SIM5
SIM1
SIM2
SIM3
SIM4
1
21
22
SIM5
SIM1
SIM2
SIM3
SIM4
1
21
22
SIM5
SIM1
SIM2
SIM3
SIM4
1
21
22
SIM5
SIM1
SIM2
SIM3
SIM4
1
21
22
SIM5
SIM1
SIM2
SIM3
SIM4
1
21
22
SIM5
SIM1
SIM2
SIM3
SIM4
1
21
22
SIM5
SIM1
SIM2
SIM3
SIM4
1
21
22
SIM5
SIM1
SIM2
SIM3
SIM4
1
21
22
SIM5
SIM1
SIM2
SIM3
SIM4
1
21
22
SIM5
SIM1
SIM2
SIM3
SIM4
1
21
22
SIM5
SIM1
SIM2
SIM3
SIM4
1
21
22
SIM5
SIM1
SIM2
SIM3
SIM4
1
21
22
SIM5
SIM1
SIM2
SIM3
SIM4
1
21
22
SIM5
SIM1
SIM2
SIM3
SIM4
1
21
22
SIM5
SIM1
SIM2
SIM3
SIM4
1
21
22
SIM5
SIM1
SIM2
SIM3
SIM4
1
21
22
SIM5
SIM1
SIM2
SIM3
SIM4
1
21
22
SIM5
SIM1
SIM2
SIM3
SIM4
1
21
22
SIM5
SIM1
SIM2
SIM3
SIM4
1
21
22
SIM5
SIM1
SIM2
SIM3
SIM4
1
21
22
SIM5
SIM1
SIM2
SIM3
SIM4
1
21
22
SIM5
SIM1
SIM2
SIM3
SIM4
1
21
22
SIM5
SIM1
SIM2
SIM3
SIM4
1
21
22
SIM5
SIM1
SIM2
SIM3
SIM4
1
21
22
SIM5
SIM1
SIM2
SIM3
SIM4
1
21
22
SIM5
SIM1
SIM2
SIM3
SIM4
1
21
22
SIM5
SIM1
SIM2
SIM3
SIM4
1
21
22
SIM5
SIM1
SIM2
SIM3
SIM4
1
21
22
SIM5
SIM1
SIM2
SIM3
SIM4
1
21
22
SIM5
SIM1
SIM2
SIM3
SIM4
1
21
22
SIM5
SIM1
SIM2
SIM3
SIM4
1
21
22
SIM5
SIM1
SIM2
SIM3
SIM4
1
21
22
SIM5
SIM1
SIM2
SIM3
SIM4
1
21
22
SIM5
SIM1
SIM2
SIM3
SIM4
1
21
22
SIM5
SIM1
SIM2
SIM3
SIM4
1
21
22
SIM5
SIM1
SIM2
SIM3
SIM4
1
21
22
SIM5
SIM1
SIM2
SIM3
SIM4
1
21
22
SIM5
SIM1
SIM2
SIM3
SIM4
1
21
22
SIM5
SIM1
SIM2
SIM3
SIM4
1
21
22
SIM5
SIM1
SIM2
SIM3
SIM4
1
21
22
SIM5
SIM1
SIM2
SIM3
SIM4
1
21
22
SIM5
SIM1
SIM2
SIM3
SIM4
1
21
22
SIM5
SIM1
SIM2
SIM3
SIM4
1
21
22
SIM5
SIM1
SIM2
SIM3
SIM4
1
21
22
SIM5
SIM1
SIM2
SIM3
SIM4
1
21
22
SIM5
SIM1
SIM2
SIM3
SIM4
1
21
22
SIM5
SIM1
SIM2
SIM3
SIM4
1
21
22
SIM5
SIM1
SIM2
SIM3
SIM4
1
21
22
SIM5
SIM1
SIM2
SIM3
SIM4
1
21
22
SIM5
SIM1
SIM2
SIM3
SIM4
1
21
22
SIM5
SIM1
SIM2
SIM3
SIM4
1
21
22
SIM5
SIM1
SIM2
SIM3
SIM4
1
21
22
SIM5
SIM1
SIM2
SIM3
SIM4
1
21
22
SIM5
SIM1
SIM2
SIM3
SIM4
1
21
22
SIM5
SIM1
SIM2
SIM3
SIM4
1
21
22
SIM5
SIM1
SIM2
SIM3
SIM4
1
21
22
SIM5
SIM1
SIM2
SIM3
SIM4
1
21
22
SIM5
SIM1
SIM2
SIM3
SIM4
1
21
22
SIM5
SIM1
SIM2
SIM3
SIM4
1
21
22
SIM5
SIM1
SIM2
SIM3
SIM4
1
21
22
SIM5
SIM1
SIM2
SIM3
SIM4
1
21
22
SIM5
SIM1
SIM2
SIM3
SIM4
1
21
22
SIM5
SIM1
SIM2
SIM3
SIM4
1
21
22
SIM5
SIM1
SIM2
SIM3
SIM4
1
21
22
SIM5
SIM1
SIM2
SIM3
SIM4
1
21
22
SIM5
SIM1
SIM2
SIM3
SIM4
1
21
22
SIM5
SIM1
SIM2
SIM3
SIM4
1
21
22
SIM5
SIM1
SIM2
SIM3
SIM4
1
21
22
SIM5
SIM1
SIM2
SIM3
SIM4
1
21
22
SIM5
SIM1
SIM2
SIM3
SIM4
1
21
22
SIM5
SIM1
SIM2
SIM3
SIM4
1
21
22
SIM5
SIM1
SIM2
SIM3
SIM4
1
21
22
SIM5
SIM1
SIM2
SIM3
SIM4
1
21
22
SIM5
SIM1
SIM2
SIM3
SIM4
1
21
22
SIM5
SIM1
SIM2
SIM3
SIM4
1
21
22
SIM5
SIM1
SIM2
SIM3
SIM4
1
21
22
SIM5
SIM1
SIM2
SIM3
SIM4
1
21
22
SIM5
SIM1
SIM2
SIM3
SIM4
1
21
22
SIM5
SIM1
SIM2
SIM3
SIM4
1
21
22
SIM5
SIM1
SIM2
SIM3
SIM4
1
21
22
SIM5
SIM1
SIM2
SIM3
SIM4
1
21
22
SIM5
SIM1
SIM2
SIM3
SIM4
1
21
22
SIM5
SIM1
SIM2
SIM3
SIM4
1
21
22
SIM5
SIM1
SIM2
SIM3
SIM4
1
21
22
SIM5
SIM1
SIM2
SIM3
SIM4
1
21
22
SIM5
SIM1
SIM2
SIM3
SIM4
1
21
22
SIM5
SIM1
SIM2
SIM3
SIM4
1
21
22
SIM5
SIM1
SIM2
SIM3
SIM4
1
21
22
SIM5
SIM1
SIM2
SIM3
SIM4
1
21
22
SIM5
SIM1
SIM2
SIM3
SIM4
1
21
22
SIM5
SIM1
SIM2
SIM3
SIM4
1
21
22
SIM5
SIM1
SIM2
SIM3
SIM4
1
21
22
SIM5
SIM1
SIM2
SIM3
SIM4
1
21
22
SIM5
SIM1
SIM2
SIM3
SIM4
1
21
22
SIM5
SIM1
SIM2
SIM3
SIM4
1
21
22
SIM5
SIM1
SIM2
SIM3
SIM4
1
21
22
SIM5
SIM1
SIM2
SIM3
SIM4
1
21
22
SIM5
SIM1
SIM2
SIM3
SIM4
1
21
22
SIM5
SIM1
SIM2
SIM3
SIM4
1
21
22
SIM5
SIM1
SIM2
SIM3
SIM4
1
21
22
SIM5
SIM1
SIM2
SIM3
SIM4
1
21
22
SIM5
SIM1
SIM2
DEBUG 1 205
SIM1
SIM2
SIM3
SIM4
1
21
22
SIM5
SIM1
SIM2
SIM3
SIM4
1
21
22
SIM5
SIM1
SIM2
SIM3
SIM4
1
21
22
SIM5
SIM1
SIM2
SIM3
SIM4
1
21
22
SIM5
SIM1
SIM2
SIM3
SIM4
1
21
22
SIM5
SIM1
SIM2
SIM3
SIM4
1
21
22
SIM5
SIM1
SIM2
SIM3
SIM4
1
21
22
SIM5
SIM1
SIM2
SIM3
SIM4
1
21
22
SIM5
SIM1
SIM2
SIM3
SIM4
1
21
22
SIM5
SIM1
SIM2
SIM3
SIM4
1
21
22
SIM5
SIM1
SIM2
SIM3
SIM4
1
21
22
SIM5
SIM1
SIM2
SIM3
SIM4
1
21
22
SIM5
SIM1
SIM2
SIM3
SIM4
1
21
22
SIM5
SIM1
SIM2
SIM3
SIM4
1
21
22
SIM5
SIM1
SIM2
SIM3
SIM4
1
21
22
SIM5
SIM1
SIM2
SIM3
SIM4
1
21
22
SIM5
SIM1
SIM2
SIM3
SIM4
1
21
22
SIM5
SIM1
SIM2
SIM3
SIM4
1
21
22
SIM5
SIM1
SIM2
SIM3
SIM4
1
21
22
SIM5
SIM1
SIM2
SIM3
SIM4
1
21
22
SIM5
SIM1
SIM2
SIM3
SIM4
1
21
22
SIM5
SIM1
SIM2
SIM3
SIM4
1
21
22
SIM5
SIM1
SIM2
SIM3
SIM4
1
21
22
SIM5
SIM1
SIM2
SIM3
SIM4
1
21
22
SIM5
SIM1
SIM2
SIM3
SIM4
1
21
22
SIM5
SIM1
SIM2
SIM3
SIM4
1
21
22
SIM5
SIM1
SIM2
SIM3
SIM4
1
21
22
SIM5
SIM1
SIM2
SIM3
SIM4
1
21
22
SIM5
SIM1
SIM2
SIM3
SIM4
1
21
22
SIM5
SIM1
SIM2
SIM3
SIM4
1
21
22
SIM5
SIM1
SIM2
SIM3
SIM4
1
21
22
SIM5
SIM1
SIM2
SIM3
SIM4
1
21
22
SIM5
SIM1
SIM2
SIM3
SIM4
1
21
22
SIM5
SIM1
SIM2
SIM3
SIM4
1
21
22
SIM5
SIM1
SIM2
SIM3
SIM4
1
21
22
SIM5
SIM1
SIM2
SIM3
SIM4
1
21
22
SIM5
SIM1
SIM2
SIM3
SIM4
1
21
22
SIM5
SIM1
SIM2
SIM3
SIM4
1
21
22
SIM5
SIM1
SIM2
SIM3
SIM4
1
21
22
SIM5
SIM1
SIM2
SIM3
SIM4
1
21
22
SIM5
SIM1
SIM2
SIM3
SIM4
1
21
22
SIM5
SIM1
SIM2
SIM3
SIM4
1
21
22
SIM5
SIM1
SIM2
SIM3
SIM4
1
21
22
SIM5
SIM1
SIM2
SIM3
SIM4
1
21
22
SIM5
SIM1
SIM2
SIM3
SIM4
1
21
22
SIM5
SIM1
SIM2
SIM3
SIM4
1
21
22
SIM5
SIM1
SIM2
SIM3
SIM4
1
21
22
SIM5
SIM1
SIM2
SIM3
SIM4
1
21
22
SIM5
SIM1
SIM2
SIM3
SIM4
1
21
22
SIM5
SIM1
SIM2
SIM3
SIM4
1
21
22
SIM5
SIM1
SIM2
SIM3
SIM4
1
21
22
SIM5
SIM1
SIM2
SIM3
SIM4
1
21
22
SIM5
SIM1
SIM2
SIM3
SIM4
1
21
22
SIM5
SIM1
SIM2
SIM3
SIM4
1
21
22
SIM5
SIM1
SIM2
SIM3
SIM4
1
21
22
SIM5
SIM1
SIM2
SIM3
SIM4
1
21
22
SIM5
SIM1
SIM2
SIM3
SIM4
1
21
22
SIM5
SIM1
SIM2
SIM3
SIM4
1
21
22
SIM5
SIM1
SIM2
SIM3
SIM4
1
21
22
SIM5
SIM1
SIM2
SIM3
SIM4
1
21
22
SIM5
SIM1
SIM2
SIM3
SIM4
1
21
22
SIM5
SIM1
SIM2
SIM3
SIM4
1
21
22
SIM5
SIM1
SIM2
SIM3
SIM4
1
21
22
SIM5
SIM1
SIM2
SIM3
SIM4
1
21
22
SIM5
SIM1
SIM2
SIM3
SIM4
1
21
22
SIM5
SIM1
SIM2
SIM3
SIM4
1
21
22
SIM5
SIM1
SIM2
SIM3
SIM4
1
21
22
SIM5
SIM1
SIM2
SIM3
SIM4
1
21
22
SIM5
SIM1
SIM2
SIM3
SIM4
1
21
22
SIM5
SIM1
SIM2
SIM3
SIM4
1
21
22
SIM5
SIM1
SIM2
SIM3
SIM4
1
21
22
SIM5
SIM1
SIM2
SIM3
SIM4
1
21
22
SIM5
SIM1
SIM2
SIM3
SIM4
1
21
22
SIM5
SIM1
SIM2
SIM3
SIM4
1
21
22
SIM5
SIM1
SIM2
SIM3
SIM4
1
21
22
SIM5
SIM1
SIM2
SIM3
SIM4
1
21
22
SIM5
SIM1
SIM2
SIM3
SIM4
1
21
22
SIM5
SIM1
SIM2
SIM3
SIM4
1
21
22
SIM5
SIM1
SIM2
SIM3
SIM4
1
21
22
SIM5
SIM1
SIM2
SIM3
SIM4
1
21
22
SIM5
SIM1
SIM2
SIM3
SIM4
1
21
22
SIM5
SIM1
SIM2
SIM3
SIM4
1
21
22
SIM5
SIM1
SIM2
SIM3
SIM4
1
21
22
SIM5
SIM1
SIM2
SIM3
SIM4
1
21
22
SIM5
SIM1
SIM2
SIM3
SIM4
1
21
22
SIM5
SIM1
SIM2
SIM3
SIM4
1
21
22
SIM5
SIM1
SIM2
SIM3
SIM4
1
21
22
SIM5
SIM1
SIM2
SIM3
SIM4
1
21
22
SIM5
SIM1
SIM2
SIM3
SIM4
1
21
22
SIM5
SIM1
SIM2
SIM3
SIM4
1
21
22
SIM5
SIM1
SIM2
SIM3
SIM4
1
21
22
SIM5
SIM1
SIM2
SIM3
SIM4
1
21
22
SIM5
SIM1
SIM2
SIM3
SIM4
1
21
22
SIM5
SIM1
SIM2
SIM3
SIM4
1
21
22
SIM5
SIM1
SIM2
SIM3
SIM4
1
21
22
SIM5
SIM1
SIM2
SIM3
SIM4
1
21
22
SIM5
SIM1
SIM2
SIM3
SIM4
1
21
22
SIM5
SIM1
SIM2
SIM3
SIM4
1
21
22
SIM5
SIM1
SIM2
SIM3
SIM4
1
21
22
SIM5
SIM1
SIM2
SIM3
SIM4
1
21
22
SIM5
SIM1
SIM2
SIM3
SIM4
1
21
22
SIM5
SIM1
SIM2
SIM3
SIM4
1
21
22
SIM5
SIM1
SIM2
SIM3
SIM4
1
21
22
SIM5
SIM1
SIM2
SIM3
SIM4
1
21
22
SIM5
SIM1
SIM2
SIM3
SIM4
1
21
22
SIM5
SIM1
SIM2
SIM3
SIM4
1
21
22
SIM5
SIM1
SIM2
SIM3
SIM4
1
21
22
SIM5
SIM1
SIM2
SIM3
SIM4
1
21
22
SIM5
SIM1
SIM2
SIM3
SIM4
1
21
22
SIM5
SIM1
SIM2
SIM3
SIM4
1
21
22
SIM5
SIM1
SIM2
SIM3
SIM4
1
21
22
SIM5
SIM1
SIM2
SIM3
SIM4
1
21
22
SIM5
SIM1
SIM2
SIM3
SIM4
1
21
22
SIM5
SIM1
SIM2
SIM3
SIM4
1
21
22
SIM5
SIM1
SIM2
SIM3
SIM4
1
21
22
SIM5
SIM1
SIM2
SIM3
SIM4
1
21
22
SIM5
SIM1
SIM2
SIM3
SIM4
1
21
22
SIM5
SIM1
SIM2
SIM3
SIM4
1
21
22
SIM5
SIM1
SIM2
SIM3
SIM4
1
21
22
SIM5
SIM1
SIM2
SIM3
SIM4
1
21
22
SIM5
SIM1
SIM2
SIM3
SIM4
1
21
22
SIM5
SIM1
SIM2
SIM3
SIM4
1
21
22
SIM5
SIM1
SIM2
SIM3
SIM4
1
21
22
SIM5
SIM1
SIM2
SIM3
SIM4
1
21
22
SIM5
SIM1
SIM2
SIM3
SIM4
1
21
22
SIM5
SIM1
SIM2
SIM3
SIM4
1
21
22
SIM5
SIM1
SIM2
SIM3
SIM4
1
21
22
SIM5
SIM1
SIM2
SIM3
SIM4
1
21
22
SIM5
SIM1
SIM2
SIM3
SIM4
1
21
22
SIM5
SIM1
SIM2
SIM3
SIM4
1
21
22
SIM5
SIM1
SIM2
SIM3
SIM4
1
21
22
SIM5
SIM1
SIM2
SIM3
SIM4
1
21
22
SIM5
SIM1
SIM2
SIM3
SIM4
1
21
22
SIM5
SIM1
SIM2
SIM3
SIM4
1
21
22
SIM5
SIM1
SIM2
SIM3
SIM4
1
21
22
SIM5
SIM1
SIM2
SIM3
SIM4
1
21
22
SIM5
SIM1
SIM2
SIM3
SIM4
1
21
22
SIM5
SIM1
SIM2
SIM3
SIM4
1
21
22
SIM5
SIM1
SIM2
SIM3
SIM4
1
21
22
SIM5
SIM1
SIM2
SIM3
SIM4
1
21
22
SIM5
SIM1
SIM2
SIM3
SIM4
1
21
22
SIM5
SIM1
SIM2
SIM3
SIM4
1
21
22
SIM5
SIM1
SIM2
SIM3
SIM4
1
21
22
SIM5
SIM1
SIM2
SIM3
SIM4
1
21
22
SIM5
SIM1
SIM2
SIM3
SIM4
1
21
22
SIM5
SIM1
SIM2
SIM3
SIM4
1
21
22
SIM5
SIM1
SIM2
SIM3
SIM4
1
21
22
SIM5
SIM1
SIM2
SIM3
SIM4
1
21
22
SIM5
SIM1
SIM2
SIM3
SIM4
1
21
22
SIM5
SIM1
SIM2
SIM3
SIM4
1
21
22
SIM5
SIM1
SIM2
SIM3
SIM4
1
21
22
SIM5
SIM1
SIM2
SIM3
SIM4
1
21
22
SIM5
SIM1
SIM2
SIM3
SIM4
1
21
22
SIM5
SIM1
SIM2
SIM3
SIM4
1
21
22
SIM5
SIM1
SIM2
SIM3
SIM4
1
21
22
SIM5
SIM1
SIM2
SIM3
SIM4
1
21
22
SIM5
SIM1
SIM2
SIM3
SIM4
1
21
22
SIM5
SIM1
SIM2
SIM3
SIM4
1
21
22
SIM5
SIM1
SIM2
SIM3
SIM4
1
21
22
SIM5
SIM1
SIM2
SIM3
SIM4
1
21
22
SIM5
SIM1
SIM2
SIM3
SIM4
1
21
22
SIM5
SIM1
SIM2
SIM3
SIM4
1
21
22
SIM5
SIM1
SIM2
SIM3
SIM4
1
21
22
SIM5
SIM1
SIM2
SIM3
SIM4
1
21
22
SIM5
SIM1
SIM2
SIM3
SIM4
1
21
22
SIM5
SIM1
SIM2
SIM3
SIM4
1
21
22
SIM5
SIM1
SIM2
SIM3
SIM4
1
21
22
SIM5
SIM1
SIM2
SIM3
SIM4
1
21
22
SIM5
SIM1
SIM2
SIM3
SIM4
1
21
22
SIM5
SIM1
SIM2
SIM3
SIM4
1
21
22
SIM5
SIM1
SIM2
SIM3
SIM4
1
21
22
SIM5
SIM1
SIM2
SIM3
SIM4
1
21
22
SIM5
SIM1
SIM2
SIM3
SIM4
1
21
22
SIM5
SIM1
SIM2
SIM3
SIM4
1
21
22
SIM5
SIM1
SIM2
SIM3
SIM4
1
21
22
SIM5
SIM1
SIM2
SIM3
SIM4
1
21
22
SIM5
SIM1
SIM2
SIM3
SIM4
1
21
22
SIM5
SIM1
SIM2
SIM3
SIM4
1
21
22
SIM5
SIM1
SIM2
SIM3
SIM4
1
21
22
SIM5
SIM1
SIM2
SIM3
SIM4
1
21
22
SIM5
SIM1
SIM2
SIM3
SIM4
1
21
22
SIM5
SIM1
SIM2
SIM3
SIM4
1
21
22
SIM5
SIM1
SIM2
SIM3
SIM4
1
21
22
SIM5
SIM1
SIM2
SIM3
SIM4
1
21
22
SIM5
SIM1
SIM2
SIM3
SIM4
1
21
22
SIM5
SIM1
SIM2
SIM3
SIM4
1
21
22
SIM5
SIM1
SIM2
SIM3
SIM4
1
21
22
SIM5
SIM1
SIM2
SIM3
SIM4
1
21
22
SIM5
SIM1
SIM2
SIM3
SIM4
1
21
22
SIM5
SIM1
SIM2
SIM3
SIM4
1
21
22
SIM5
SIM1
SIM2
SIM3
SIM4
1
21
22
SIM5
SIM1
SIM2
SIM3
SIM4
1
21
22
SIM5
SIM1
SIM2
SIM3
SIM4
1
21
22
SIM5
SIM1
SIM2
SIM3
SIM4
1
21
22
SIM5
SIM1
SIM2
SIM3
SIM4
1
21
22
SIM5
SIM1
SIM2
SIM3
SIM4
1
21
22
SIM5
SIM1
SIM2
SIM3
SIM4
1
21
22
SIM5
SIM1
SIM2
SIM3
SIM4
1
21
22
SIM5
SIM1
SIM2
SIM3
SIM4
1
21
22
SIM5
SIM1
SIM2
SIM3
SIM4
1
21
22
SIM5
SIM1
SIM2
SIM3
SIM4
1
21
22
SIM5
SIM1
SIM2
SIM3
SIM4
1
21
22
SIM5
SIM1
SIM2
SIM3
SIM4
1
21
22
SIM5
SIM1
SIM2
SIM3
SIM4
1
21
22
SIM5
SIM1
SIM2
DEBUG 1 206
SIM1
SIM2
SIM3
SIM4
1
21
22
SIM5
SIM1
SIM2
SIM3
SIM4
1
21
22
SIM5
SIM1
SIM2
SIM3
SIM4
1
21
22
SIM5
SIM1
SIM2
SIM3
SIM4
1
21
22
SIM5
SIM1
SIM2
SIM3
SIM4
1
21
22
SIM5
SIM1
SIM2
SIM3
SIM4
1
21
22
SIM5
SIM1
SIM2
SIM3
SIM4
1
21
22
SIM5
SIM1
SIM2
SIM3
SIM4
1
21
22
SIM5
SIM1
SIM2
SIM3
SIM4
1
21
22
SIM5
SIM1
SIM2
SIM3
SIM4
1
21
22
SIM5
SIM1
SIM2
SIM3
SIM4
1
21
22
SIM5
SIM1
SIM2
SIM3
SIM4
1
21
22
SIM5
SIM1
SIM2
SIM3
SIM4
1
21
22
SIM5
SIM1
SIM2
SIM3
SIM4
1
21
22
SIM5
SIM1
SIM2
SIM3
SIM4
1
21
22
SIM5
SIM1
SIM2
SIM3
SIM4
1
21
22
SIM5
SIM1
SIM2
SIM3
SIM4
1
21
22
SIM5
SIM1
SIM2
SIM3
SIM4
1
21
22
SIM5
SIM1
SIM2
SIM3
SIM4
1
21
22
SIM5
SIM1
SIM2
SIM3
SIM4
1
21
22
SIM5
SIM1
SIM2
SIM3
SIM4
1
21
22
SIM5
SIM1
SIM2
SIM3
SIM4
1
21
22
SIM5
SIM1
SIM2
SIM3
SIM4
1
21
22
SIM5
SIM1
SIM2
SIM3
SIM4
1
21
22
SIM5
SIM1
SIM2
SIM3
SIM4
1
21
22
SIM5
SIM1
SIM2
SIM3
SIM4
1
21
22
SIM5
SIM1
SIM2
SIM3
SIM4
1
21
22
SIM5
SIM1
SIM2
SIM3
SIM4
1
21
22
SIM5
SIM1
SIM2
SIM3
SIM4
1
21
22
SIM5
SIM1
SIM2
SIM3
SIM4
1
21
22
SIM5
SIM1
SIM2
SIM3
SIM4
1
21
22
SIM5
SIM1
SIM2
SIM3
SIM4
1
21
22
SIM5
SIM1
SIM2
SIM3
SIM4
1
21
22
SIM5
SIM1
SIM2
SIM3
SIM4
1
21
22
SIM5
SIM1
SIM2
SIM3
SIM4
1
21
22
SIM5
SIM1
SIM2
SIM3
SIM4
1
21
22
SIM5
SIM1
SIM2
SIM3
SIM4
1
21
22
SIM5
SIM1
SIM2
SIM3
SIM4
1
21
22
SIM5
SIM1
SIM2
SIM3
SIM4
1
21
22
SIM5
SIM1
SIM2
SIM3
SIM4
1
21
22
SIM5
SIM1
SIM2
SIM3
SIM4
1
21
22
SIM5
SIM1
SIM2
SIM3
SIM4
1
21
22
SIM5
SIM1
SIM2
SIM3
SIM4
1
21
22
SIM5
SIM1
SIM2
SIM3
SIM4
1
21
22
SIM5
SIM1
SIM2
SIM3
SIM4
1
21
22
SIM5
SIM1
SIM2
SIM3
SIM4
1
21
22
SIM5
SIM1
SIM2
SIM3
SIM4
1
21
22
SIM5
SIM1
SIM2
SIM3
SIM4
1
21
22
SIM5
SIM1
SIM2
SIM3
SIM4
1
21
22
SIM5
SIM1
SIM2
SIM3
SIM4
1
21
22
SIM5
SIM1
SIM2
SIM3
SIM4
1
21
22
SIM5
SIM1
SIM2
SIM3
SIM4
1
21
22
SIM5
SIM1
SIM2
SIM3
SIM4
1
21
22
SIM5
SIM1
SIM2
SIM3
SIM4
1
21
22
SIM5
SIM1
SIM2
SIM3
SIM4
1
21
22
SIM5
SIM1
SIM2
SIM3
SIM4
1
21
22
SIM5
SIM1
SIM2
SIM3
SIM4
1
21
22
SIM5
SIM1
SIM2
SIM3
SIM4
1
21
22
SIM5
SIM1
SIM2
SIM3
SIM4
1
21
22
SIM5
SIM1
SIM2
SIM3
SIM4
1
21
22
SIM5
SIM1
SIM2
SIM3
SIM4
1
21
22
SIM5
SIM1
SIM2
SIM3
SIM4
1
21
22
SIM5
SIM1
SIM2
SIM3
SIM4
1
21
22
SIM5
SIM1
SIM2
SIM3
SIM4
1
21
22
SIM5
SIM1
SIM2
SIM3
SIM4
1
21
22
SIM5
SIM1
SIM2
SIM3
SIM4
1
21
22
SIM5
SIM1
SIM2
SIM3
SIM4
1
21
22
SIM5
SIM1
SIM2
SIM3
SIM4
1
21
22
SIM5
SIM1
SIM2
SIM3
SIM4
1
21
22
SIM5
SIM1
SIM2
SIM3
SIM4
1
21
22
SIM5
SIM1
SIM2
SIM3
SIM4
1
21
22
SIM5
SIM1
SIM2
SIM3
SIM4
1
21
22
SIM5
SIM1
SIM2
SIM3
SIM4
1
21
22
SIM5
SIM1
SIM2
SIM3
SIM4
1
21
22
SIM5
SIM1
SIM2
SIM3
SIM4
1
21
22
SIM5
SIM1
SIM2
SIM3
SIM4
1
21
22
SIM5
SIM1
SIM2
SIM3
SIM4
1
21
22
SIM5
SIM1
SIM2
SIM3
SIM4
1
21
22
SIM5
SIM1
SIM2
SIM3
SIM4
1
21
22
SIM5
SIM1
SIM2
SIM3
SIM4
1
21
22
SIM5
SIM1
SIM2
SIM3
SIM4
1
21
22
SIM5
SIM1
SIM2
SIM3
SIM4
1
21
22
SIM5
SIM1
SIM2
SIM3
SIM4
1
21
22
SIM5
SIM1
SIM2
SIM3
SIM4
1
21
22
SIM5
SIM1
SIM2
SIM3
SIM4
1
21
22
SIM5
SIM1
SIM2
SIM3
SIM4
1
21
22
SIM5
SIM1
SIM2
SIM3
SIM4
1
21
22
SIM5
SIM1
SIM2
SIM3
SIM4
1
21
22
SIM5
SIM1
SIM2
SIM3
SIM4
1
21
22
SIM5
SIM1
SIM2
SIM3
SIM4
1
21
22
SIM5
SIM1
SIM2
SIM3
SIM4
1
21
22
SIM5
SIM1
SIM2
SIM3
SIM4
1
21
22
SIM5
SIM1
SIM2
SIM3
SIM4
1
21
22
SIM5
SIM1
SIM2
SIM3
SIM4
1
21
22
SIM5
SIM1
SIM2
SIM3
SIM4
1
21
22
SIM5
SIM1
SIM2
SIM3
SIM4
1
21
22
SIM5
SIM1
SIM2
SIM3
SIM4
1
21
22
SIM5
SIM1
SIM2
SIM3
SIM4
1
21
22
SIM5
SIM1
SIM2
SIM3
SIM4
1
21
22
SIM5
SIM1
SIM2
SIM3
SIM4
1
21
22
SIM5
SIM1
SIM2
SIM3
SIM4
1
21
22
SIM5
SIM1
SIM2
SIM3
SIM4
1
21
22
SIM5
SIM1
SIM2
SIM3
SIM4
1
21
22
SIM5
SIM1
SIM2
SIM3
SIM4
1
21
22
SIM5
SIM1
SIM2
SIM3
SIM4
1
21
22
SIM5
SIM1
SIM2
SIM3
SIM4
1
21
22
SIM5
SIM1
SIM2
SIM3
SIM4
1
21
22
SIM5
SIM1
SIM2
SIM3
SIM4
1
21
22
SIM5
SIM1
SIM2
SIM3
SIM4
1
21
22
SIM5
SIM1
SIM2
SIM3
SIM4
1
21
22
SIM5
SIM1
SIM2
SIM3
SIM4
1
21
22
SIM5
SIM1
SIM2
SIM3
SIM4
1
21
22
SIM5
SIM1
SIM2
SIM3
SIM4
1
21
22
SIM5
SIM1
SIM2
SIM3
SIM4
1
21
22
SIM5
SIM1
SIM2
SIM3
SIM4
1
21
22
SIM5
SIM1
SIM2
SIM3
SIM4
1
21
22
SIM5
SIM1
SIM2
SIM3
SIM4
1
21
22
SIM5
SIM1
SIM2
SIM3
SIM4
1
21
22
SIM5
SIM1
SIM2
SIM3
SIM4
1
21
22
SIM5
SIM1
SIM2
SIM3
SIM4
1
21
22
SIM5
SIM1
SIM2
SIM3
SIM4
1
21
22
SIM5
SIM1
SIM2
SIM3
SIM4
1
21
22
SIM5
SIM1
SIM2
SIM3
SIM4
1
21
22
SIM5
SIM1
SIM2
SIM3
SIM4
1
21
22
SIM5
SIM1
SIM2
SIM3
SIM4
1
21
22
SIM5
SIM1
SIM2
SIM3
SIM4
1
21
22
SIM5
SIM1
SIM2
SIM3
SIM4
1
21
22
SIM5
SIM1
SIM2
SIM3
SIM4
1
21
22
SIM5
SIM1
SIM2
SIM3
SIM4
1
21
22
SIM5
SIM1
SIM2
SIM3
SIM4
1
21
22
SIM5
SIM1
SIM2
SIM3
SIM4
1
21
22
SIM5
SIM1
SIM2
SIM3
SIM4
1
21
22
SIM5
SIM1
SIM2
SIM3
SIM4
1
21
22
SIM5
SIM1
SIM2
SIM3
SIM4
1
21
22
SIM5
SIM1
SIM2
SIM3
SIM4
1
21
22
SIM5
SIM1
SIM2
SIM3
SIM4
1
21
22
SIM5
SIM1
SIM2
SIM3
SIM4
1
21
22
SIM5
SIM1
SIM2
SIM3
SIM4
1
21
22
SIM5
SIM1
SIM2
SIM3
SIM4
1
21
22
SIM5
SIM1
SIM2
SIM3
SIM4
1
21
22
SIM5
SIM1
SIM2
SIM3
SIM4
1
21
22
SIM5
SIM1
SIM2
SIM3
SIM4
1
21
22
SIM5
SIM1
SIM2
SIM3
SIM4
1
21
22
SIM5
SIM1
SIM2
SIM3
SIM4
1
21
22
SIM5
SIM1
SIM2
SIM3
SIM4
1
21
22
SIM5
SIM1
SIM2
SIM3
SIM4
1
21
22
SIM5
SIM1
SIM2
SIM3
SIM4
1
21
22
SIM5
SIM1
SIM2
SIM3
SIM4
1
21
22
SIM5
SIM1
SIM2
SIM3
SIM4
1
21
22
SIM5
SIM1
SIM2
SIM3
SIM4
1
21
22
SIM5
SIM1
SIM2
SIM3
SIM4
1
21
22
SIM5
SIM1
SIM2
SIM3
SIM4
1
21
22
SIM5
SIM1
SIM2
SIM3
SIM4
1
21
22
SIM5
SIM1
SIM2
SIM3
SIM4
1
21
22
SIM5
SIM1
SIM2
SIM3
SIM4
1
21
22
SIM5
SIM1
SIM2
SIM3
SIM4
1
21
22
SIM5
SIM1
SIM2
SIM3
SIM4
1
21
22
SIM5
SIM1
SIM2
SIM3
SIM4
1
21
22
SIM5
SIM1
SIM2
SIM3
SIM4
1
21
22
SIM5
SIM1
SIM2
SIM3
SIM4
1
21
22
SIM5
SIM1
SIM2
SIM3
SIM4
1
21
22
SIM5
SIM1
SIM2
SIM3
SIM4
1
21
22
SIM5
SIM1
SIM2
SIM3
SIM4
1
21
22
SIM5
SIM1
SIM2
SIM3
SIM4
1
21
22
SIM5
SIM1
SIM2
SIM3
SIM4
1
21
22
SIM5
SIM1
SIM2
SIM3
SIM4
1
21
22
SIM5
SIM1
SIM2
SIM3
SIM4
1
21
22
SIM5
SIM1
SIM2
SIM3
SIM4
1
21
22
SIM5
SIM1
SIM2
SIM3
SIM4
1
21
22
SIM5
SIM1
SIM2
SIM3
SIM4
1
21
22
SIM5
SIM1
SIM2
SIM3
SIM4
1
21
22
SIM5
SIM1
SIM2
DEBUG 1 207
SIM1
SIM2
SIM3
SIM4
1
21
22
SIM5
SIM1
SIM2
SIM3
SIM4
1
21
22
SIM5
SIM1
SIM2
SIM3
SIM4
1
21
22
SIM5
SIM1
SIM2
SIM3
SIM4
1
21
22
SIM5
SIM1
SIM2
SIM3
SIM4
1
21
22
SIM5
SIM1
SIM2
SIM3
SIM4
1
21
22
SIM5
SIM1
SIM2
SIM3
SIM4
1
21
22
SIM5
SIM1
SIM2
SIM3
SIM4
1
21
22
SIM5
SIM1
SIM2
SIM3
SIM4
1
21
22
SIM5
SIM1
SIM2
SIM3
SIM4
1
21
22
SIM5
SIM1
SIM2
SIM3
SIM4
1
21
22
SIM5
SIM1
SIM2
SIM3
SIM4
1
21
22
SIM5
SIM1
SIM2
SIM3
SIM4
1
21
22
SIM5
SIM1
SIM2
SIM3
SIM4
1
21
22
SIM5
SIM1
SIM2
SIM3
SIM4
1
21
22
SIM5
SIM1
SIM2
SIM3
SIM4
1
21
22
SIM5
SIM1
SIM2
SIM3
SIM4
1
21
22
SIM5
SIM1
SIM2
SIM3
SIM4
1
21
22
SIM5
SIM1
SIM2
SIM3
SIM4
1
21
22
SIM5
SIM1
SIM2
SIM3
SIM4
1
21
22
SIM5
SIM1
SIM2
SIM3
SIM4
1
21
22
SIM5
SIM1
SIM2
SIM3
SIM4
1
21
22
SIM5
SIM1
SIM2
SIM3
SIM4
1
21
22
SIM5
SIM1
SIM2
SIM3
SIM4
1
21
22
SIM5
SIM1
SIM2
SIM3
SIM4
1
21
22
SIM5
SIM1
SIM2
SIM3
SIM4
1
21
22
SIM5
SIM1
SIM2
SIM3
SIM4
1
21
22
SIM5
SIM1
SIM2
SIM3
SIM4
1
21
22
SIM5
SIM1
SIM2
SIM3
SIM4
1
21
22
SIM5
SIM1
SIM2
SIM3
SIM4
1
21
22
SIM5
SIM1
SIM2
SIM3
SIM4
1
21
22
SIM5
SIM1
SIM2
SIM3
SIM4
1
21
22
SIM5
SIM1
SIM2
SIM3
SIM4
1
21
22
SIM5
SIM1
SIM2
SIM3
SIM4
1
21
22
SIM5
SIM1
SIM2
SIM3
SIM4
1
21
22
SIM5
SIM1
SIM2
DEBUG 1 208
SIM1
SIM2
SIM3
SIM4
1
21
22
SIM5
SIM1
SIM2
SIM3
SIM4
1
21
22
SIM5
SIM1
SIM2
SIM3
SIM4
1
21
22
SIM5
SIM1
SIM2
SIM3
SIM4
1
21
22
SIM5
SIM1
SIM2
SIM3
SIM4
1
21
22
SIM5
SIM1
SIM2
SIM3
SIM4
1
21
22
SIM5
SIM1
SIM2
SIM3
SIM4
1
21
22
SIM5
SIM1
SIM2
SIM3
SIM4
1
21
22
SIM5
SIM1
SIM2
SIM3
SIM4
1
21
22
SIM5
SIM1
SIM2
SIM3
SIM4
1
21
22
SIM5
SIM1
SIM2
SIM3
SIM4
1
21
22
SIM5
SIM1
SIM2
SIM3
SIM4
1
21
22
SIM5
SIM1
SIM2
SIM3
SIM4
1
21
22
SIM5
SIM1
SIM2
SIM3
SIM4
1
21
22
SIM5
SIM1
SIM2
SIM3
SIM4
1
21
22
SIM5
SIM1
SIM2
SIM3
SIM4
1
21
22
SIM5
SIM1
SIM2
SIM3
SIM4
1
21
22
SIM5
SIM1
SIM2
SIM3
SIM4
1
21
22
SIM5
SIM1
SIM2
SIM3
SIM4
1
21
22
SIM5
SIM1
SIM2
SIM3
SIM4
1
21
22
SIM5
SIM1
SIM2
SIM3
SIM4
1
21
22
SIM5
SIM1
SIM2
SIM3
SIM4
1
21
22
SIM5
SIM1
SIM2
SIM3
SIM4
1
21
22
SIM5
SIM1
SIM2
SIM3
SIM4
1
21
22
SIM5
SIM1
SIM2
SIM3
SIM4
1
21
22
SIM5
SIM1
SIM2
SIM3
SIM4
1
21
22
SIM5
SIM1
SIM2
SIM3
SIM4
1
21
22
SIM5
SIM1
SIM2
SIM3
SIM4
1
21
22
SIM5
SIM1
SIM2
SIM3
SIM4
1
21
22
SIM5
SIM1
SIM2
SIM3
SIM4
1
21
22
SIM5
SIM1
SIM2
SIM3
SIM4
1
21
22
SIM5
SIM1
SIM2
SIM3
SIM4
1
21
22
SIM5
SIM1
SIM2
SIM3
SIM4
1
21
22
SIM5
SIM1
SIM2
SIM3
SIM4
1
21
22
SIM5
SIM1
SIM2
SIM3
SIM4
1
21
22
SIM5
SIM1
SIM2
SIM3
SIM4
1
21
22
SIM5
SIM1
SIM2
SIM3
SIM4
1
21
22
SIM5
SIM1
SIM2
SIM3
SIM4
1
21
22
SIM5
SIM1
SIM2
SIM3
SIM4
1
21
22
SIM5
SIM1
SIM2
SIM3
SIM4
1
21
22
SIM5
SIM1
SIM2
SIM3
SIM4
1
21
22
SIM5
SIM1
SIM2
SIM3
SIM4
1
21
22
SIM5
SIM1
SIM2
SIM3
SIM4
1
21
22
SIM5
SIM1
SIM2
SIM3
SIM4
1
21
22
SIM5
SIM1
SIM2
SIM3
SIM4
1
21
22
SIM5
SIM1
SIM2
SIM3
SIM4
1
21
22
SIM5
SIM1
SIM2
SIM3
SIM4
1
21
22
SIM5
SIM1
SIM2
SIM3
SIM4
1
21
22
SIM5
SIM1
SIM2
SIM3
SIM4
1
21
22
SIM5
SIM1
SIM2
SIM3
SIM4
1
21
22
SIM5
SIM1
SIM2
SIM3
SIM4
1
21
22
SIM5
SIM1
SIM2
SIM3
SIM4
1
21
22
SIM5
SIM1
SIM2
SIM3
SIM4
1
21
22
SIM5
SIM1
SIM2
SIM3
SIM4
1
21
22
SIM5
SIM1
SIM2
SIM3
SIM4
1
21
22
SIM5
SIM1
SIM2
SIM3
SIM4
1
21
22
SIM5
SIM1
SIM2
SIM3
SIM4
1
21
22
SIM5
SIM1
SIM2
SIM3
SIM4
1
21
22
SIM5
SIM1
SIM2
SIM3
SIM4
1
21
22
SIM5
SIM1
SIM2
SIM3
SIM4
1
21
22
SIM5
SIM1
SIM2
SIM3
SIM4
1
21
22
SIM5
SIM1
SIM2
SIM3
SIM4
1
21
22
SIM5
SIM1
SIM2
SIM3
SIM4
1
21
22
SIM5
SIM1
SIM2
SIM3
SIM4
1
21
22
SIM5
SIM1
SIM2
SIM3
SIM4
1
21
22
SIM5
SIM1
SIM2
SIM3
SIM4
1
21
22
SIM5
SIM1
SIM2
SIM3
SIM4
1
21
22
SIM5
SIM1
SIM2
SIM3
SIM4
1
21
22
SIM5
SIM1
SIM2
SIM3
SIM4
1
21
22
SIM5
SIM1
SIM2
SIM3
SIM4
1
21
22
SIM5
SIM1
SIM2
SIM3
SIM4
1
21
22
SIM5
SIM1
SIM2
SIM3
SIM4
1
21
22
SIM5
SIM1
SIM2
SIM3
SIM4
1
21
22
SIM5
SIM1
SIM2
SIM3
SIM4
1
21
22
SIM5
SIM1
SIM2
SIM3
SIM4
1
21
22
SIM5
SIM1
SIM2
SIM3
SIM4
1
21
22
SIM5
SIM1
SIM2
SIM3
SIM4
1
21
22
SIM5
SIM1
SIM2
SIM3
SIM4
1
21
22
SIM5
SIM1
SIM2
SIM3
SIM4
1
21
22
SIM5
SIM1
SIM2
SIM3
SIM4
1
21
22
SIM5
SIM1
SIM2
SIM3
SIM4
1
21
22
SIM5
SIM1
SIM2
SIM3
SIM4
1
21
22
SIM5
SIM1
SIM2
SIM3
SIM4
1
21
22
SIM5
SIM1
SIM2
SIM3
SIM4
1
21
22
SIM5
SIM1
SIM2
SIM3
SIM4
1
21
22
SIM5
SIM1
SIM2
SIM3
SIM4
1
21
22
SIM5
SIM1
SIM2
SIM3
SIM4
1
21
22
SIM5
SIM1
SIM2
SIM3
SIM4
1
21
22
SIM5
SIM1
SIM2
SIM3
SIM4
1
21
22
SIM5
SIM1
SIM2
SIM3
SIM4
1
21
22
SIM5
SIM1
SIM2
SIM3
SIM4
1
21
22
SIM5
SIM1
SIM2
SIM3
SIM4
1
21
22
SIM5
SIM1
SIM2
SIM3
SIM4
1
21
22
SIM5
SIM1
SIM2
SIM3
SIM4
1
21
22
SIM5
SIM1
SIM2
SIM3
SIM4
1
21
22
SIM5
SIM1
SIM2
SIM3
SIM4
1
21
22
SIM5
SIM1
SIM2
SIM3
SIM4
1
21
22
SIM5
SIM1
SIM2
SIM3
SIM4
1
21
22
SIM5
SIM1
SIM2
SIM3
SIM4
1
21
22
SIM5
SIM1
SIM2
SIM3
SIM4
1
21
22
SIM5
SIM1
SIM2
SIM3
SIM4
1
21
22
SIM5
SIM1
SIM2
SIM3
SIM4
1
21
22
SIM5
SIM1
SIM2
SIM3
SIM4
1
21
22
SIM5
SIM1
SIM2
SIM3
SIM4
1
21
22
SIM5
SIM1
SIM2
SIM3
SIM4
1
21
22
SIM5
SIM1
SIM2
SIM3
SIM4
1
21
22
SIM5
SIM1
SIM2
SIM3
SIM4
1
21
22
SIM5
SIM1
SIM2
SIM3
SIM4
1
21
22
SIM5
SIM1
SIM2
SIM3
SIM4
1
21
22
SIM5
SIM1
SIM2
SIM3
SIM4
1
21
22
SIM5
SIM1
SIM2
SIM3
SIM4
1
21
22
SIM5
SIM1
SIM2
SIM3
SIM4
1
21
22
SIM5
SIM1
SIM2
SIM3
SIM4
1
21
22
SIM5
SIM1
SIM2
SIM3
SIM4
1
21
22
SIM5
SIM1
SIM2
SIM3
SIM4
1
21
22
SIM5
SIM1
SIM2
SIM3
SIM4
1
21
22
SIM5
SIM1
SIM2
SIM3
SIM4
1
21
22
SIM5
SIM1
SIM2
SIM3
SIM4
1
21
22
SIM5
SIM1
SIM2
SIM3
SIM4
1
21
22
SIM5
SIM1
SIM2
SIM3
SIM4
1
21
22
SIM5
SIM1
SIM2
SIM3
SIM4
1
21
22
SIM5
SIM1
SIM2
SIM3
SIM4
1
21
22
SIM5
SIM1
SIM2
SIM3
SIM4
1
21
22
SIM5
SIM1
SIM2
SIM3
SIM4
1
21
22
SIM5
SIM1
SIM2
SIM3
SIM4
1
21
22
SIM5
SIM1
SIM2
SIM3
SIM4
1
21
22
SIM5
SIM1
SIM2
SIM3
SIM4
1
21
22
SIM5
SIM1
SIM2
SIM3
SIM4
1
21
22
SIM5
SIM1
SIM2
SIM3
SIM4
1
21
22
SIM5
SIM1
SIM2
SIM3
SIM4
1
21
22
SIM5
SIM1
SIM2
SIM3
SIM4
1
21
22
SIM5
SIM1
SIM2
SIM3
SIM4
1
21
22
SIM5
SIM1
SIM2
SIM3
SIM4
1
21
22
SIM5
SIM1
SIM2
SIM3
SIM4
1
21
22
SIM5
SIM1
SIM2
SIM3
SIM4
1
21
22
SIM5
SIM1
SIM2
SIM3
SIM4
1
21
22
SIM5
SIM1
SIM2
SIM3
SIM4
1
21
22
SIM5
SIM1
SIM2
SIM3
SIM4
1
21
22
SIM5
SIM1
SIM2
SIM3
SIM4
1
21
22
SIM5
SIM1
SIM2
SIM3
SIM4
1
21
22
SIM5
SIM1
SIM2
SIM3
SIM4
1
21
22
SIM5
SIM1
SIM2
SIM3
SIM4
1
21
22
SIM5
SIM1
SIM2
SIM3
SIM4
1
21
22
SIM5
SIM1
SIM2
SIM3
SIM4
1
21
22
SIM5
SIM1
SIM2
SIM3
SIM4
1
21
22
SIM5
SIM1
SIM2
SIM3
SIM4
1
21
22
SIM5
SIM1
SIM2
SIM3
SIM4
1
21
22
SIM5
SIM1
SIM2
SIM3
SIM4
1
21
22
SIM5
SIM1
SIM2
SIM3
SIM4
1
21
22
SIM5
SIM1
SIM2
SIM3
SIM4
1
21
22
SIM5
SIM1
SIM2
SIM3
SIM4
1
21
22
SIM5
SIM1
SIM2
SIM3
SIM4
1
21
22
SIM5
SIM1
SIM2
SIM3
SIM4
1
21
22
SIM5
SIM1
SIM2
SIM3
SIM4
1
21
22
SIM5
SIM1
SIM2
SIM3
SIM4
1
21
22
SIM5
SIM1
SIM2
SIM3
SIM4
1
21
22
SIM5
SIM1
SIM2
SIM3
SIM4
1
21
22
SIM5
SIM1
SIM2
SIM3
SIM4
1
21
22
SIM5
SIM1
SIM2
SIM3
SIM4
1
21
22
SIM5
SIM1
SIM2
SIM3
SIM4
1
21
22
SIM5
SIM1
SIM2
SIM3
SIM4
1
21
22
SIM5
SIM1
SIM2
SIM3
SIM4
1
21
22
SIM5
SIM1
SIM2
SIM3
SIM4
1
21
22
SIM5
SIM1
SIM2
SIM3
SIM4
1
21
22
SIM5
SIM1
SIM2
SIM3
SIM4
1
21
22
SIM5
SIM1
SIM2
SIM3
SIM4
1
21
22
SIM5
SIM1
SIM2
SIM3
SIM4
1
21
22
SIM5
SIM1
SIM2
SIM3
SIM4
1
21
22
SIM5
SIM1
SIM2
SIM3
SIM4
1
21
22
SIM5
SIM1
SIM2
SIM3
SIM4
1
21
22
SIM5
SIM1
SIM2
SIM3
SIM4
1
21
22
SIM5
SIM1
SIM2
SIM3
SIM4
1
21
22
SIM5
SIM1
SIM2
SIM3
SIM4
1
21
22
SIM5
SIM1
SIM2
SIM3
SIM4
1
21
22
SIM5
SIM1
SIM2
SIM3
SIM4
1
21
22
SIM5
SIM1
SIM2
SIM3
SIM4
1
21
22
SIM5
SIM1
SIM2
SIM3
SIM4
1
21
22
SIM5
SIM1
SIM2
SIM3
SIM4
1
21
22
SIM5
SIM1
SIM2
SIM3
SIM4
1
21
22
SIM5
SIM1
SIM2
SIM3
SIM4
1
21
22
SIM5
SIM1
SIM2
SIM3
SIM4
1
21
22
SIM5
SIM1
SIM2
SIM3
SIM4
1
21
22
SIM5
SIM1
SIM2
SIM3
SIM4
1
21
22
SIM5
SIM1
SIM2
SIM3
SIM4
1
21
22
SIM5
SIM1
SIM2
SIM3
SIM4
1
21
22
SIM5
SIM1
SIM2
SIM3
SIM4
1
21
22
SIM5
SIM1
SIM2
SIM3
SIM4
1
21
22
SIM5
SIM1
SIM2
SIM3
SIM4
1
21
22
SIM5
SIM1
SIM2
SIM3
SIM4
1
21
22
SIM5
SIM1
SIM2
SIM3
SIM4
1
21
22
SIM5
SIM1
SIM2
SIM3
SIM4
1
21
22
SIM5
SIM1
SIM2
SIM3
SIM4
1
21
22
SIM5
SIM1
SIM2
SIM3
SIM4
1
21
22
SIM5
SIM1
SIM2
SIM3
SIM4
1
21
22
SIM5
SIM1
SIM2
SIM3
SIM4
1
21
22
SIM5
SIM1
SIM2
SIM3
SIM4
1
21
22
SIM5
SIM1
SIM2
SIM3
SIM4
1
21
22
SIM5
SIM1
SIM2
DEBUG 1 209
SIM1
SIM2
SIM3
SIM4
1
21
22
SIM5
SIM1
SIM2
SIM3
SIM4
1
21
22
SIM5
SIM1
SIM2
SIM3
SIM4
1
21
22
SIM5
SIM1
SIM2
SIM3
SIM4
1
21
22
SIM5
SIM1
SIM2
SIM3
SIM4
1
21
22
SIM5
SIM1
SIM2
SIM3
SIM4
1
21
22
SIM5
SIM1
SIM2
SIM3
SIM4
1
21
22
SIM5
SIM1
SIM2
SIM3
SIM4
1
21
22
SIM5
SIM1
SIM2
SIM3
SIM4
1
21
22
SIM5
SIM1
SIM2
SIM3
SIM4
1
21
22
SIM5
SIM1
SIM2
SIM3
SIM4
1
21
22
SIM5
SIM1
SIM2
SIM3
SIM4
1
21
22
SIM5
SIM1
SIM2
SIM3
SIM4
1
21
22
SIM5
SIM1
SIM2
SIM3
SIM4
1
21
22
SIM5
SIM1
SIM2
SIM3
SIM4
1
21
22
SIM5
SIM1
SIM2
SIM3
SIM4
1
21
22
SIM5
SIM1
SIM2
SIM3
SIM4
1
21
22
SIM5
SIM1
SIM2
SIM3
SIM4
1
21
22
SIM5
SIM1
SIM2
SIM3
SIM4
1
21
22
SIM5
SIM1
SIM2
SIM3
SIM4
1
21
22
SIM5
SIM1
SIM2
SIM3
SIM4
1
21
22
SIM5
SIM1
SIM2
SIM3
SIM4
1
21
22
SIM5
SIM1
SIM2
SIM3
SIM4
1
21
22
SIM5
SIM1
SIM2
SIM3
SIM4
1
21
22
SIM5
SIM1
SIM2
SIM3
SIM4
1
21
22
SIM5
SIM1
SIM2
SIM3
SIM4
1
21
22
SIM5
SIM1
SIM2
SIM3
SIM4
1
21
22
SIM5
SIM1
SIM2
SIM3
SIM4
1
21
22
SIM5
SIM1
SIM2
SIM3
SIM4
1
21
22
SIM5
SIM1
SIM2
SIM3
SIM4
1
21
22
SIM5
SIM1
SIM2
SIM3
SIM4
1
21
22
SIM5
SIM1
SIM2
SIM3
SIM4
1
21
22
SIM5
SIM1
SIM2
SIM3
SIM4
1
21
22
SIM5
SIM1
SIM2
SIM3
SIM4
1
21
22
SIM5
SIM1
SIM2
SIM3
SIM4
1
21
22
SIM5
SIM1
SIM2
SIM3
SIM4
1
21
22
SIM5
SIM1
SIM2
SIM3
SIM4
1
21
22
SIM5
SIM1
SIM2
SIM3
SIM4
1
21
22
SIM5
SIM1
SIM2
SIM3
SIM4
1
21
22
SIM5
SIM1
SIM2
SIM3
SIM4
1
21
22
SIM5
SIM1
SIM2
SIM3
SIM4
1
21
22
SIM5
SIM1
SIM2
SIM3
SIM4
1
21
22
SIM5
SIM1
SIM2
SIM3
SIM4
1
21
22
SIM5
SIM1
SIM2
SIM3
SIM4
1
21
22
SIM5
SIM1
SIM2
SIM3
SIM4
1
21
22
SIM5
SIM1
SIM2
SIM3
SIM4
1
21
22
SIM5
SIM1
SIM2
SIM3
SIM4
1
21
22
SIM5
SIM1
SIM2
SIM3
SIM4
1
21
22
SIM5
SIM1
SIM2
SIM3
SIM4
1
21
22
SIM5
SIM1
SIM2
SIM3
SIM4
1
21
22
SIM5
SIM1
SIM2
SIM3
SIM4
1
21
22
SIM5
SIM1
SIM2
SIM3
SIM4
1
21
22
SIM5
SIM1
SIM2
SIM3
SIM4
1
21
22
SIM5
SIM1
SIM2
SIM3
SIM4
1
21
22
SIM5
SIM1
SIM2
SIM3
SIM4
1
21
22
SIM5
SIM1
SIM2
SIM3
SIM4
1
21
22
SIM5
SIM1
SIM2
SIM3
SIM4
1
21
22
SIM5
SIM1
SIM2
SIM3
SIM4
1
21
22
SIM5
SIM1
SIM2
SIM3
SIM4
1
21
22
SIM5
SIM1
SIM2
SIM3
SIM4
1
21
22
SIM5
SIM1
SIM2
SIM3
SIM4
1
21
22
SIM5
SIM1
SIM2
SIM3
SIM4
1
21
22
SIM5
SIM1
SIM2
SIM3
SIM4
1
21
22
SIM5
SIM1
SIM2
SIM3
SIM4
1
21
22
SIM5
SIM1
SIM2
SIM3
SIM4
1
21
22
SIM5
SIM1
SIM2
SIM3
SIM4
1
21
22
SIM5
SIM1
SIM2
SIM3
SIM4
1
21
22
SIM5
SIM1
SIM2
SIM3
SIM4
1
21
22
SIM5
SIM1
SIM2
SIM3
SIM4
1
21
22
SIM5
SIM1
SIM2
SIM3
SIM4
1
21
22
SIM5
SIM1
SIM2
SIM3
SIM4
1
21
22
SIM5
SIM1
SIM2
SIM3
SIM4
1
21
22
SIM5
SIM1
SIM2
SIM3
SIM4
1
21
22
SIM5
SIM1
SIM2
SIM3
SIM4
1
21
22
SIM5
SIM1
SIM2
SIM3
SIM4
1
21
22
SIM5
SIM1
SIM2
SIM3
SIM4
1
21
22
SIM5
SIM1
SIM2
SIM3
SIM4
1
21
22
SIM5
SIM1
SIM2
SIM3
SIM4
1
21
22
SIM5
SIM1
SIM2
SIM3
SIM4
1
21
22
SIM5
SIM1
SIM2
SIM3
SIM4
1
21
22
SIM5
SIM1
SIM2
SIM3
SIM4
1
21
22
SIM5
SIM1
SIM2
SIM3
SIM4
1
21
22
SIM5
SIM1
SIM2
SIM3
SIM4
1
21
22
SIM5
SIM1
SIM2
SIM3
SIM4
1
21
22
SIM5
SIM1
SIM2
SIM3
SIM4
1
21
22
SIM5
SIM1
SIM2
SIM3
SIM4
1
21
22
SIM5
SIM1
SIM2
SIM3
SIM4
1
21
22
SIM5
SIM1
SIM2
SIM3
SIM4
1
21
22
SIM5
SIM1
SIM2
SIM3
SIM4
1
21
22
SIM5
SIM1
SIM2
SIM3
SIM4
1
21
22
SIM5
SIM1
SIM2
SIM3
SIM4
1
21
22
SIM5
SIM1
SIM2
SIM3
SIM4
1
21
22
SIM5
SIM1
SIM2
SIM3
SIM4
1
21
22
SIM5
SIM1
SIM2
SIM3
SIM4
1
21
22
SIM5
SIM1
SIM2
SIM3
SIM4
1
21
22
SIM5
SIM1
SIM2
SIM3
SIM4
1
21
22
SIM5
SIM1
SIM2
SIM3
SIM4
1
21
22
SIM5
SIM1
SIM2
SIM3
SIM4
1
21
22
SIM5
SIM1
SIM2
SIM3
SIM4
1
21
22
SIM5
SIM1
SIM2
SIM3
SIM4
1
21
22
SIM5
SIM1
SIM2
SIM3
SIM4
1
21
22
SIM5
SIM1
SIM2
SIM3
SIM4
1
21
22
SIM5
SIM1
SIM2
SIM3
SIM4
1
21
22
SIM5
SIM1
SIM2
SIM3
SIM4
1
21
22
SIM5
SIM1
SIM2
SIM3
SIM4
1
21
22
SIM5
SIM1
SIM2
SIM3
SIM4
1
21
22
SIM5
SIM1
SIM2
SIM3
SIM4
1
21
22
SIM5
SIM1
SIM2
SIM3
SIM4
1
21
22
SIM5
SIM1
SIM2
SIM3
SIM4
1
21
22
SIM5
SIM1
SIM2
SIM3
SIM4
1
21
22
SIM5
SIM1
SIM2
SIM3
SIM4
1
21
22
SIM5
SIM1
SIM2
SIM3
SIM4
1
21
22
SIM5
SIM1
SIM2
SIM3
SIM4
1
21
22
SIM5
SIM1
SIM2
SIM3
SIM4
1
21
22
SIM5
SIM1
SIM2
SIM3
SIM4
1
21
22
SIM5
SIM1
SIM2
SIM3
SIM4
1
21
22
SIM5
SIM1
SIM2
SIM3
SIM4
1
21
22
SIM5
SIM1
SIM2
SIM3
SIM4
1
21
22
SIM5
SIM1
SIM2
SIM3
SIM4
1
21
22
SIM5
SIM1
SIM2
SIM3
SIM4
1
21
22
SIM5
SIM1
SIM2
SIM3
SIM4
1
21
22
SIM5
SIM1
SIM2
SIM3
SIM4
1
21
22
SIM5
SIM1
SIM2
SIM3
SIM4
1
21
22
SIM5
SIM1
SIM2
SIM3
SIM4
1
21
22
SIM5
SIM1
SIM2
SIM3
SIM4
1
21
22
SIM5
SIM1
SIM2
SIM3
SIM4
1
21
22
SIM5
SIM1
SIM2
SIM3
SIM4
1
21
22
SIM5
SIM1
SIM2
SIM3
SIM4
1
21
22
SIM5
SIM1
SIM2
SIM3
SIM4
1
21
22
SIM5
SIM1
SIM2
SIM3
SIM4
1
21
22
SIM5
SIM1
SIM2
SIM3
SIM4
1
21
22
SIM5
SIM1
SIM2
SIM3
SIM4
1
21
22
SIM5
SIM1
SIM2
SIM3
SIM4
1
21
22
SIM5
SIM1
SIM2
SIM3
SIM4
1
21
22
SIM5
SIM1
SIM2
SIM3
SIM4
1
21
22
SIM5
SIM1
SIM2
SIM3
SIM4
1
21
22
SIM5
SIM1
SIM2
SIM3
SIM4
1
21
22
SIM5
SIM1
SIM2
SIM3
SIM4
1
21
22
SIM5
SIM1
SIM2
SIM3
SIM4
1
21
22
SIM5
SIM1
SIM2
SIM3
SIM4
1
21
22
SIM5
SIM1
SIM2
SIM3
SIM4
1
21
22
SIM5
SIM1
SIM2
SIM3
SIM4
1
21
22
SIM5
SIM1
SIM2
SIM3
SIM4
1
21
22
SIM5
SIM1
SIM2
SIM3
SIM4
1
21
22
SIM5
SIM1
SIM2
SIM3
SIM4
1
21
22
SIM5
SIM1
SIM2
SIM3
SIM4
1
21
22
SIM5
SIM1
SIM2
SIM3
SIM4
1
21
22
SIM5
SIM1
SIM2
SIM3
SIM4
1
21
22
SIM5
SIM1
SIM2
SIM3
SIM4
1
21
22
SIM5
SIM1
SIM2
SIM3
SIM4
1
21
22
SIM5
SIM1
SIM2
SIM3
SIM4
1
21
22
SIM5
SIM1
SIM2
SIM3
SIM4
1
21
22
SIM5
SIM1
SIM2
SIM3
SIM4
1
21
22
SIM5
SIM1
SIM2
SIM3
SIM4
1
21
22
SIM5
SIM1
SIM2
SIM3
SIM4
1
21
22
SIM5
SIM1
SIM2
SIM3
SIM4
1
21
22
SIM5
SIM1
SIM2
SIM3
SIM4
1
21
22
SIM5
SIM1
SIM2
SIM3
SIM4
1
21
22
SIM5
SIM1
SIM2
SIM3
SIM4
1
21
22
SIM5
SIM1
SIM2
SIM3
SIM4
1
21
22
SIM5
SIM1
SIM2
SIM3
SIM4
1
21
22
SIM5
SIM1
SIM2
SIM3
SIM4
1
21
22
SIM5
SIM1
SIM2
SIM3
SIM4
1
21
22
SIM5
SIM1
SIM2
SIM3
SIM4
1
21
22
SIM5
SIM1
SIM2
SIM3
SIM4
1
21
22
SIM5
SIM1
SIM2
SIM3
SIM4
1
21
22
SIM5
SIM1
SIM2
SIM3
SIM4
1
21
22
SIM5
SIM1
SIM2
SIM3
SIM4
1
21
22
SIM5
SIM1
SIM2
SIM3
SIM4
1
21
22
SIM5
SIM1
SIM2
SIM3
SIM4
1
21
22
SIM5
SIM1
SIM2
SIM3
SIM4
1
21
22
SIM5
SIM1
SIM2
SIM3
SIM4
1
21
22
SIM5
SIM1
SIM2
SIM3
SIM4
1
21
22
SIM5
SIM1
SIM2
SIM3
SIM4
1
21
22
SIM5
SIM1
SIM2
DEBUG 1 210
SIM1
SIM2
SIM3
SIM4
1
21
22
SIM5
SIM1
SIM2
SIM3
SIM4
1
21
22
SIM5
SIM1
SIM2
SIM3
SIM4
1
21
22
SIM5
SIM1
SIM2
SIM3
SIM4
1
21
22
SIM5
SIM1
SIM2
SIM3
SIM4
1
21
22
SIM5
SIM1
SIM2
SIM3
SIM4
1
21
22
SIM5
SIM1
SIM2
SIM3
SIM4
1
21
22
SIM5
SIM1
SIM2
SIM3
SIM4
1
21
22
SIM5
SIM1
SIM2
SIM3
SIM4
1
21
22
SIM5
SIM1
SIM2
SIM3
SIM4
1
21
22
SIM5
SIM1
SIM2
SIM3
SIM4
1
21
22
SIM5
SIM1
SIM2
SIM3
SIM4
1
21
22
SIM5
SIM1
SIM2
SIM3
SIM4
1
21
22
SIM5
SIM1
SIM2
SIM3
SIM4
1
21
22
SIM5
SIM1
SIM2
SIM3
SIM4
1
21
22
SIM5
SIM1
SIM2
SIM3
SIM4
1
21
22
SIM5
SIM1
SIM2
SIM3
SIM4
1
21
22
SIM5
SIM1
SIM2
SIM3
SIM4
1
21
22
SIM5
SIM1
SIM2
SIM3
SIM4
1
21
22
SIM5
SIM1
SIM2
SIM3
SIM4
1
21
22
SIM5
SIM1
SIM2
SIM3
SIM4
1
21
22
SIM5
SIM1
SIM2
SIM3
SIM4
1
21
22
SIM5
SIM1
SIM2
SIM3
SIM4
1
21
22
SIM5
SIM1
SIM2
SIM3
SIM4
1
21
22
SIM5
SIM1
SIM2
SIM3
SIM4
1
21
22
SIM5
SIM1
SIM2
SIM3
SIM4
1
21
22
SIM5
SIM1
SIM2
SIM3
SIM4
1
21
22
SIM5
SIM1
SIM2
SIM3
SIM4
1
21
22
SIM5
SIM1
SIM2
SIM3
SIM4
1
21
22
SIM5
SIM1
SIM2
SIM3
SIM4
1
21
22
SIM5
SIM1
SIM2
SIM3
SIM4
1
21
22
SIM5
SIM1
SIM2
SIM3
SIM4
1
21
22
SIM5
SIM1
SIM2
SIM3
SIM4
1
21
22
SIM5
SIM1
SIM2
SIM3
SIM4
1
21
22
SIM5
SIM1
SIM2
SIM3
SIM4
1
21
22
SIM5
SIM1
SIM2
SIM3
SIM4
1
21
22
SIM5
SIM1
SIM2
SIM3
SIM4
1
21
22
SIM5
SIM1
SIM2
SIM3
SIM4
1
21
22
SIM5
SIM1
SIM2
SIM3
SIM4
1
21
22
SIM5
SIM1
SIM2
SIM3
SIM4
1
21
22
SIM5
SIM1
SIM2
SIM3
SIM4
1
21
22
SIM5
SIM1
SIM2
SIM3
SIM4
1
21
22
SIM5
SIM1
SIM2
SIM3
SIM4
1
21
22
SIM5
SIM1
SIM2
SIM3
SIM4
1
21
22
SIM5
SIM1
SIM2
SIM3
SIM4
1
21
22
SIM5
SIM1
SIM2
SIM3
SIM4
1
21
22
SIM5
SIM1
SIM2
SIM3
SIM4
1
21
22
SIM5
SIM1
SIM2
SIM3
SIM4
1
21
22
SIM5
SIM1
SIM2
SIM3
SIM4
1
21
22
SIM5
SIM1
SIM2
SIM3
SIM4
1
21
22
SIM5
SIM1
SIM2
SIM3
SIM4
1
21
22
SIM5
SIM1
SIM2
SIM3
SIM4
1
21
22
SIM5
SIM1
SIM2
SIM3
SIM4
1
21
22
SIM5
SIM1
SIM2
SIM3
SIM4
1
21
22
SIM5
SIM1
SIM2
SIM3
SIM4
1
21
22
SIM5
SIM1
SIM2
SIM3
SIM4
1
21
22
SIM5
SIM1
SIM2
SIM3
SIM4
1
21
22
SIM5
SIM1
SIM2
SIM3
SIM4
1
21
22
SIM5
SIM1
SIM2
SIM3
SIM4
1
21
22
SIM5
SIM1
SIM2
SIM3
SIM4
1
21
22
SIM5
SIM1
SIM2
SIM3
SIM4
1
21
22
SIM5
SIM1
SIM2
SIM3
SIM4
1
21
22
SIM5
SIM1
SIM2
SIM3
SIM4
1
21
22
SIM5
SIM1
SIM2
SIM3
SIM4
1
21
22
SIM5
SIM1
SIM2
SIM3
SIM4
1
21
22
SIM5
SIM1
SIM2
SIM3
SIM4
1
21
22
SIM5
SIM1
SIM2
SIM3
SIM4
1
21
22
SIM5
SIM1
SIM2
SIM3
SIM4
1
21
22
SIM5
SIM1
SIM2
SIM3
SIM4
1
21
22
SIM5
SIM1
SIM2
SIM3
SIM4
1
21
22
SIM5
SIM1
SIM2
SIM3
SIM4
1
21
22
SIM5
SIM1
SIM2
SIM3
SIM4
1
21
22
SIM5
SIM1
SIM2
SIM3
SIM4
1
21
22
SIM5
SIM1
SIM2
SIM3
SIM4
1
21
22
SIM5
SIM1
SIM2
SIM3
SIM4
1
21
22
SIM5
SIM1
SIM2
SIM3
SIM4
1
21
22
SIM5
SIM1
SIM2
SIM3
SIM4
1
21
22
SIM5
SIM1
SIM2
SIM3
SIM4
1
21
22
SIM5
SIM1
SIM2
SIM3
SIM4
1
21
22
SIM5
SIM1
SIM2
SIM3
SIM4
1
21
22
SIM5
SIM1
SIM2
SIM3
SIM4
1
21
22
SIM5
SIM1
SIM2
SIM3
SIM4
1
21
22
SIM5
SIM1
SIM2
SIM3
SIM4
1
21
22
SIM5
SIM1
SIM2
SIM3
SIM4
1
21
22
SIM5
SIM1
SIM2
SIM3
SIM4
1
21
22
SIM5
SIM1
SIM2
SIM3
SIM4
1
21
22
SIM5
SIM1
SIM2
SIM3
SIM4
1
21
22
SIM5
SIM1
SIM2
SIM3
SIM4
1
21
22
SIM5
SIM1
SIM2
SIM3
SIM4
1
21
22
SIM5
SIM1
SIM2
SIM3
SIM4
1
21
22
SIM5
SIM1
SIM2
SIM3
SIM4
1
21
22
SIM5
SIM1
SIM2
SIM3
SIM4
1
21
22
SIM5
SIM1
SIM2
SIM3
SIM4
1
21
22
SIM5
SIM1
SIM2
SIM3
SIM4
1
21
22
SIM5
SIM1
SIM2
SIM3
SIM4
1
21
22
SIM5
SIM1
SIM2
SIM3
SIM4
1
21
22
SIM5
SIM1
SIM2
SIM3
SIM4
1
21
22
SIM5
SIM1
SIM2
SIM3
SIM4
1
21
22
SIM5
SIM1
SIM2
SIM3
SIM4
1
21
22
SIM5
SIM1
SIM2
SIM3
SIM4
1
21
22
SIM5
SIM1
SIM2
SIM3
SIM4
1
21
22
SIM5
SIM1
SIM2
SIM3
SIM4
1
21
22
SIM5
SIM1
SIM2
SIM3
SIM4
1
21
22
SIM5
SIM1
SIM2
SIM3
SIM4
1
21
22
SIM5
SIM1
SIM2
SIM3
SIM4
1
21
22
SIM5
SIM1
SIM2
SIM3
SIM4
1
21
22
SIM5
SIM1
SIM2
SIM3
SIM4
1
21
22
SIM5
SIM1
SIM2
SIM3
SIM4
1
21
22
SIM5
SIM1
SIM2
SIM3
SIM4
1
21
22
SIM5
SIM1
SIM2
SIM3
SIM4
1
21
22
SIM5
SIM1
SIM2
SIM3
SIM4
1
21
22
SIM5
SIM1
SIM2
SIM3
SIM4
1
21
22
SIM5
SIM1
SIM2
SIM3
SIM4
1
21
22
SIM5
SIM1
SIM2
SIM3
SIM4
1
21
22
SIM5
SIM1
SIM2
SIM3
SIM4
1
21
22
SIM5
SIM1
SIM2
SIM3
SIM4
1
21
22
SIM5
SIM1
SIM2
SIM3
SIM4
1
21
22
SIM5
SIM1
SIM2
SIM3
SIM4
1
21
22
SIM5
SIM1
SIM2
SIM3
SIM4
1
21
22
SIM5
SIM1
SIM2
SIM3
SIM4
1
21
22
SIM5
SIM1
SIM2
SIM3
SIM4
1
21
22
SIM5
SIM1
SIM2
SIM3
SIM4
1
21
22
SIM5
SIM1
SIM2
SIM3
SIM4
1
21
22
SIM5
SIM1
SIM2
SIM3
SIM4
1
21
22
SIM5
SIM1
SIM2
SIM3
SIM4
1
21
22
SIM5
SIM1
SIM2
SIM3
SIM4
1
21
22
SIM5
SIM1
SIM2
SIM3
SIM4
1
21
22
SIM5
SIM1
SIM2
SIM3
SIM4
1
21
22
SIM5
SIM1
SIM2
SIM3
SIM4
1
21
22
SIM5
SIM1
SIM2
SIM3
SIM4
1
21
22
SIM5
SIM1
SIM2
SIM3
SIM4
1
21
22
SIM5
SIM1
SIM2
SIM3
SIM4
1
21
22
SIM5
SIM1
SIM2
SIM3
SIM4
1
21
22
SIM5
SIM1
SIM2
SIM3
SIM4
1
21
22
SIM5
SIM1
SIM2
SIM3
SIM4
1
21
22
SIM5
SIM1
SIM2
SIM3
SIM4
1
21
22
SIM5
SIM1
SIM2
SIM3
SIM4
1
21
22
SIM5
SIM1
SIM2
SIM3
SIM4
1
21
22
SIM5
SIM1
SIM2
SIM3
SIM4
1
21
22
SIM5
SIM1
SIM2
SIM3
SIM4
1
21
22
SIM5
SIM1
SIM2
SIM3
SIM4
1
21
22
SIM5
SIM1
SIM2
SIM3
SIM4
1
21
22
SIM5
SIM1
SIM2
SIM3
SIM4
1
21
22
SIM5
SIM1
SIM2
SIM3
SIM4
1
21
22
SIM5
SIM1
SIM2
SIM3
SIM4
1
21
22
SIM5
SIM1
SIM2
SIM3
SIM4
1
21
22
SIM5
SIM1
SIM2
SIM3
SIM4
1
21
22
SIM5
SIM1
SIM2
SIM3
SIM4
1
21
22
SIM5
SIM1
SIM2
SIM3
SIM4
1
21
22
SIM5
SIM1
SIM2
SIM3
SIM4
1
21
22
SIM5
SIM1
SIM2
SIM3
SIM4
1
21
22
SIM5
SIM1
SIM2
SIM3
SIM4
1
21
22
SIM5
SIM1
SIM2
SIM3
SIM4
1
21
22
SIM5
SIM1
SIM2
SIM3
SIM4
1
21
22
SIM5
SIM1
SIM2
SIM3
SIM4
1
21
22
SIM5
SIM1
SIM2
SIM3
SIM4
1
21
22
SIM5
SIM1
SIM2
SIM3
SIM4
1
21
22
SIM5
SIM1
SIM2
SIM3
SIM4
1
21
22
SIM5
SIM1
SIM2
SIM3
SIM4
1
21
22
SIM5
SIM1
SIM2
SIM3
SIM4
1
21
22
SIM5
SIM1
SIM2
SIM3
SIM4
1
21
22
SIM5
SIM1
SIM2
SIM3
SIM4
1
21
22
SIM5
SIM1
SIM2
SIM3
SIM4
1
21
22
SIM5
SIM1
SIM2
SIM3
SIM4
1
21
22
SIM5
SIM1
SIM2
SIM3
SIM4
1
21
22
SIM5
SIM1
SIM2
SIM3
SIM4
1
21
22
SIM5
SIM1
SIM2
SIM3
SIM4
1
21
22
SIM5
SIM1
SIM2
SIM3
SIM4
1
21
22
SIM5
SIM1
SIM2
SIM3
SIM4
1
21
22
SIM5
SIM1
SIM2
SIM3
SIM4
1
21
22
SIM5
SIM1
SIM2
SIM3
SIM4
1
21
22
SIM5
SIM1
SIM2
SIM3
SIM4
1
21
22
SIM5
SIM1
SIM2
SIM3
SIM4
1
21
22
SIM5
SIM1
SIM2
SIM3
SIM4
1
21
22
SIM5
SIM1
SIM2
SIM3
SIM4
1
21
22
SIM5
SIM1
SIM2
SIM3
SIM4
1
21
22
SIM5
SIM1
SIM2
SIM3
SIM4
1
21
22
SIM5
SIM1
SIM2
SIM3
SIM4
1
21
22
SIM5
SIM1
SIM2
SIM3
SIM4
1
21
22
SIM5
SIM1
SIM2
SIM3
SIM4
1
21
22
SIM5
SIM1
SIM2
SIM3
SIM4
1
21
22
SIM5
SIM1
SIM2
SIM3
SIM4
1
21
22
SIM5
SIM1
SIM2
SIM3
SIM4
1
21
22
SIM5
SIM1
SIM2
SIM3
SIM4
1
21
22
SIM5
SIM1
SIM2
SIM3
SIM4
1
21
22
SIM5
SIM1
SIM2
SIM3
SIM4
1
21
22
SIM5
SIM1
SIM2
SIM3
SIM4
1
21
22
SIM5
SIM1
SIM2
SIM3
SIM4
1
21
22
SIM5
SIM1
SIM2
SIM3
SIM4
1
21
22
SIM5
SIM1
SIM2
SIM3
SIM4
1
21
22
SIM5
SIM1
SIM2
SIM3
SIM4
1
21
22
SIM5
SIM1
SIM2
SIM3
SIM4
1
21
22
SIM5
SIM1
SIM2
SIM3
SIM4
1
21
22
SIM5
SIM1
SIM2
SIM3
SIM4
1
21
22
SIM5
SIM1
SIM2
SIM3
SIM4
1
21
22
SIM5
SIM1
SIM2
SIM3
SIM4
1
21
22
SIM5
SIM1
SIM2
SIM3
SIM4
1
21
22
SIM5
SIM1
SIM2
SIM3
SIM4
1
21
22
SIM5
SIM1
SIM2
SIM3
SIM4
1
21
22
SIM5
SIM1
SIM2
SIM3
SIM4
1
21
22
SIM5
SIM1
SIM2
SIM3
SIM4
1
21
22
SIM5
SIM1
SIM2
SIM3
SIM4
1
21
22
SIM5
SIM1
SIM2
SIM3
SIM4
1
21
22
SIM5
SIM1
SIM2
SIM3
SIM4
1
21
22
SIM5
SIM1
SIM2
SIM3
SIM4
1
21
22
SIM5
SIM1
SIM2
SIM3
SIM4
1
21
22
SIM5
SIM1
SIM2
SIM3
SIM4
1
21
22
SIM5
SIM1
SIM2
SIM3
SIM4
1
21
22
SIM5
SIM1
SIM2
SIM3
SIM4
1
21
22
SIM5
SIM1
SIM2
SIM3
SIM4
1
21
22
SIM5
SIM1
SIM2
SIM3
SIM4
1
21
22
SIM5
SIM1
SIM2
SIM3
SIM4
1
21
22
SIM5
SIM1
SIM2
SIM3
SIM4
1
21
22
SIM5
SIM1
SIM2
SIM3
SIM4
1
21
22
SIM5
SIM1
SIM2
SIM3
SIM4
1
21
22
SIM5
SIM1
SIM2
SIM3
SIM4
1
21
22
SIM5
SIM1
SIM2
SIM3
SIM4
1
21
22
SIM5
SIM1
SIM2
SIM3
SIM4
1
21
22
SIM5
SIM1
SIM2
SIM3
SIM4
1
21
22
SIM5
SIM1
SIM2
SIM3
SIM4
1
21
22
SIM5
SIM1
SIM2
SIM3
SIM4
1
21
22
SIM5
SIM1
SIM2
SIM3
SIM4
1
21
22
SIM5
SIM1
SIM2
SIM3
SIM4
1
21
22
SIM5
SIM1
SIM2
SIM3
SIM4
1
21
22
SIM5
SIM1
SIM2
SIM3
SIM4
1
21
22
SIM5
SIM1
SIM2
SIM3
SIM4
1
21
22
SIM5
SIM1
SIM2
SIM3
SIM4
1
21
22
SIM5
SIM1
SIM2
SIM3
SIM4
1
21
22
SIM5
SIM1
SIM2
SIM3
SIM4
1
21
22
SIM5
SIM1
SIM2
DEBUG 1 211
SIM1
SIM2
SIM3
SIM4
1
21
22
SIM5
SIM1
SIM2
SIM3
SIM4
1
21
22
SIM5
SIM1
SIM2
SIM3
SIM4
1
21
22
SIM5
SIM1
SIM2
SIM3
SIM4
1
21
22
SIM5
SIM1
SIM2
SIM3
SIM4
1
21
22
SIM5
SIM1
SIM2
SIM3
SIM4
1
21
22
SIM5
SIM1
SIM2
SIM3
SIM4
1
21
22
SIM5
SIM1
SIM2
SIM3
SIM4
1
21
22
SIM5
SIM1
SIM2
SIM3
SIM4
1
21
22
SIM5
SIM1
SIM2
SIM3
SIM4
1
21
22
SIM5
SIM1
SIM2
SIM3
SIM4
1
21
22
SIM5
SIM1
SIM2
SIM3
SIM4
1
21
22
SIM5
SIM1
SIM2
SIM3
SIM4
1
21
22
SIM5
SIM1
SIM2
SIM3
SIM4
1
21
22
SIM5
SIM1
SIM2
SIM3
SIM4
1
21
22
SIM5
SIM1
SIM2
SIM3
SIM4
1
21
22
SIM5
SIM1
SIM2
SIM3
SIM4
1
21
22
SIM5
SIM1
SIM2
SIM3
SIM4
1
21
22
SIM5
SIM1
SIM2
SIM3
SIM4
1
21
22
SIM5
SIM1
SIM2
SIM3
SIM4
1
21
22
SIM5
SIM1
SIM2
SIM3
SIM4
1
21
22
SIM5
SIM1
SIM2
SIM3
SIM4
1
21
22
SIM5
SIM1
SIM2
SIM3
SIM4
1
21
22
SIM5
SIM1
SIM2
SIM3
SIM4
1
21
22
SIM5
SIM1
SIM2
SIM3
SIM4
1
21
22
SIM5
SIM1
SIM2
SIM3
SIM4
1
21
22
SIM5
SIM1
SIM2
SIM3
SIM4
1
21
22
SIM5
SIM1
SIM2
SIM3
SIM4
1
21
22
SIM5
SIM1
SIM2
SIM3
SIM4
1
21
22
SIM5
SIM1
SIM2
SIM3
SIM4
1
21
22
SIM5
SIM1
SIM2
SIM3
SIM4
1
21
22
SIM5
SIM1
SIM2
SIM3
SIM4
1
21
22
SIM5
SIM1
SIM2
SIM3
SIM4
1
21
22
SIM5
SIM1
SIM2
SIM3
SIM4
1
21
22
SIM5
SIM1
SIM2
SIM3
SIM4
1
21
22
SIM5
SIM1
SIM2
SIM3
SIM4
1
21
22
SIM5
SIM1
SIM2
SIM3
SIM4
1
21
22
SIM5
SIM1
SIM2
SIM3
SIM4
1
21
22
SIM5
SIM1
SIM2
SIM3
SIM4
1
21
22
SIM5
SIM1
SIM2
SIM3
SIM4
1
21
22
SIM5
SIM1
SIM2
SIM3
SIM4
1
21
22
SIM5
SIM1
SIM2
SIM3
SIM4
1
21
22
SIM5
SIM1
SIM2
SIM3
SIM4
1
21
22
SIM5
SIM1
SIM2
SIM3
SIM4
1
21
22
SIM5
SIM1
SIM2
SIM3
SIM4
1
21
22
SIM5
SIM1
SIM2
SIM3
SIM4
1
21
22
SIM5
SIM1
SIM2
SIM3
SIM4
1
21
22
SIM5
SIM1
SIM2
SIM3
SIM4
1
21
22
SIM5
SIM1
SIM2
SIM3
SIM4
1
21
22
SIM5
SIM1
SIM2
SIM3
SIM4
1
21
22
SIM5
SIM1
SIM2
SIM3
SIM4
1
21
22
SIM5
SIM1
SIM2
SIM3
SIM4
1
21
22
SIM5
SIM1
SIM2
SIM3
SIM4
1
21
22
SIM5
SIM1
SIM2
SIM3
SIM4
1
21
22
SIM5
SIM1
SIM2
SIM3
SIM4
1
21
22
SIM5
SIM1
SIM2
SIM3
SIM4
1
21
22
SIM5
SIM1
SIM2
SIM3
SIM4
1
21
22
SIM5
SIM1
SIM2
SIM3
SIM4
1
21
22
SIM5
SIM1
SIM2
SIM3
SIM4
1
21
22
SIM5
SIM1
SIM2
SIM3
SIM4
1
21
22
SIM5
SIM1
SIM2
SIM3
SIM4
1
21
22
SIM5
SIM1
SIM2
SIM3
SIM4
1
21
22
SIM5
SIM1
SIM2
SIM3
SIM4
1
21
22
SIM5
SIM1
SIM2
SIM3
SIM4
1
21
22
SIM5
SIM1
SIM2
SIM3
SIM4
1
21
22
SIM5
SIM1
SIM2
SIM3
SIM4
1
21
22
SIM5
SIM1
SIM2
SIM3
SIM4
1
21
22
SIM5
SIM1
SIM2
SIM3
SIM4
1
21
22
SIM5
SIM1
SIM2
SIM3
SIM4
1
21
22
SIM5
SIM1
SIM2
SIM3
SIM4
1
21
22
SIM5
SIM1
SIM2
SIM3
SIM4
1
21
22
SIM5
SIM1
SIM2
SIM3
SIM4
1
21
22
SIM5
SIM1
SIM2
SIM3
SIM4
1
21
22
SIM5
SIM1
SIM2
SIM3
SIM4
1
21
22
SIM5
SIM1
SIM2
SIM3
SIM4
1
21
22
SIM5
SIM1
SIM2
SIM3
SIM4
1
21
22
SIM5
SIM1
SIM2
SIM3
SIM4
1
21
22
SIM5
SIM1
SIM2
SIM3
SIM4
1
21
22
SIM5
SIM1
SIM2
SIM3
SIM4
1
21
22
SIM5
SIM1
SIM2
SIM3
SIM4
1
21
22
SIM5
SIM1
SIM2
SIM3
SIM4
1
21
22
SIM5
SIM1
SIM2
SIM3
SIM4
1
21
22
SIM5
SIM1
SIM2
SIM3
SIM4
1
21
22
SIM5
SIM1
SIM2
SIM3
SIM4
1
21
22
SIM5
SIM1
SIM2
SIM3
SIM4
1
21
22
SIM5
SIM1
SIM2
SIM3
SIM4
1
21
22
SIM5
SIM1
SIM2
SIM3
SIM4
1
21
22
SIM5
SIM1
SIM2
SIM3
SIM4
1
21
22
SIM5
SIM1
SIM2
SIM3
SIM4
1
21
22
SIM5
SIM1
SIM2
SIM3
SIM4
1
21
22
SIM5
SIM1
SIM2
SIM3
SIM4
1
21
22
SIM5
SIM1
SIM2
SIM3
SIM4
1
21
22
SIM5
SIM1
SIM2
SIM3
SIM4
1
21
22
SIM5
SIM1
SIM2
SIM3
SIM4
1
21
22
SIM5
SIM1
SIM2
SIM3
SIM4
1
21
22
SIM5
SIM1
SIM2
SIM3
SIM4
1
21
22
SIM5
SIM1
SIM2
SIM3
SIM4
1
21
22
SIM5
SIM1
SIM2
SIM3
SIM4
1
21
22
SIM5
SIM1
SIM2
SIM3
SIM4
1
21
22
SIM5
SIM1
SIM2
SIM3
SIM4
1
21
22
SIM5
SIM1
SIM2
DEBUG 1 212
SIM1
SIM2
SIM3
SIM4
1
21
22
SIM5
SIM1
SIM2
SIM3
SIM4
1
21
22
SIM5
SIM1
SIM2
SIM3
SIM4
1
21
22
SIM5
SIM1
SIM2
SIM3
SIM4
1
21
22
SIM5
SIM1
SIM2
SIM3
SIM4
1
21
22
SIM5
SIM1
SIM2
SIM3
SIM4
1
21
22
SIM5
SIM1
SIM2
SIM3
SIM4
1
21
22
SIM5
SIM1
SIM2
SIM3
SIM4
1
21
22
SIM5
SIM1
SIM2
SIM3
SIM4
1
21
22
SIM5
SIM1
SIM2
SIM3
SIM4
1
21
22
SIM5
SIM1
SIM2
SIM3
SIM4
1
21
22
SIM5
SIM1
SIM2
SIM3
SIM4
1
21
22
SIM5
SIM1
SIM2
SIM3
SIM4
1
21
22
SIM5
SIM1
SIM2
SIM3
SIM4
1
21
22
SIM5
SIM1
SIM2
SIM3
SIM4
1
21
22
SIM5
SIM1
SIM2
SIM3
SIM4
1
21
22
SIM5
SIM1
SIM2
SIM3
SIM4
1
21
22
SIM5
SIM1
SIM2
SIM3
SIM4
1
21
22
SIM5
SIM1
SIM2
SIM3
SIM4
1
21
22
SIM5
SIM1
SIM2
SIM3
SIM4
1
21
22
SIM5
SIM1
SIM2
SIM3
SIM4
1
21
22
SIM5
SIM1
SIM2
SIM3
SIM4
1
21
22
SIM5
SIM1
SIM2
SIM3
SIM4
1
21
22
SIM5
SIM1
SIM2
SIM3
SIM4
1
21
22
SIM5
SIM1
SIM2
SIM3
SIM4
1
21
22
SIM5
SIM1
SIM2
SIM3
SIM4
1
21
22
SIM5
SIM1
SIM2
SIM3
SIM4
1
21
22
SIM5
SIM1
SIM2
SIM3
SIM4
1
21
22
SIM5
SIM1
SIM2
SIM3
SIM4
1
21
22
SIM5
SIM1
SIM2
SIM3
SIM4
1
21
22
SIM5
SIM1
SIM2
SIM3
SIM4
1
21
22
SIM5
SIM1
SIM2
SIM3
SIM4
1
21
22
SIM5
SIM1
SIM2
SIM3
SIM4
1
21
22
SIM5
SIM1
SIM2
SIM3
SIM4
1
21
22
SIM5
SIM1
SIM2
SIM3
SIM4
1
21
22
SIM5
SIM1
SIM2
SIM3
SIM4
1
21
22
SIM5
SIM1
SIM2
SIM3
SIM4
1
21
22
SIM5
SIM1
SIM2
SIM3
SIM4
1
21
22
SIM5
SIM1
SIM2
SIM3
SIM4
1
21
22
SIM5
SIM1
SIM2
SIM3
SIM4
1
21
22
SIM5
SIM1
SIM2
SIM3
SIM4
1
21
22
SIM5
SIM1
SIM2
SIM3
SIM4
1
21
22
SIM5
SIM1
SIM2
SIM3
SIM4
1
21
22
SIM5
SIM1
SIM2
SIM3
SIM4
1
21
22
SIM5
SIM1
SIM2
SIM3
SIM4
1
21
22
SIM5
SIM1
SIM2
SIM3
SIM4
1
21
22
SIM5
SIM1
SIM2
SIM3
SIM4
1
21
22
SIM5
SIM1
SIM2
SIM3
SIM4
1
21
22
SIM5
SIM1
SIM2
SIM3
SIM4
1
21
22
SIM5
SIM1
SIM2
SIM3
SIM4
1
21
22
SIM5
SIM1
SIM2
SIM3
SIM4
1
21
22
SIM5
SIM1
SIM2
SIM3
SIM4
1
21
22
SIM5
SIM1
SIM2
SIM3
SIM4
1
21
22
SIM5
SIM1
SIM2
SIM3
SIM4
1
21
22
SIM5
SIM1
SIM2
SIM3
SIM4
1
21
22
SIM5
SIM1
SIM2
SIM3
SIM4
1
21
22
SIM5
SIM1
SIM2
SIM3
SIM4
1
21
22
SIM5
SIM1
SIM2
SIM3
SIM4
1
21
22
SIM5
SIM1
SIM2
SIM3
SIM4
1
21
22
SIM5
SIM1
SIM2
SIM3
SIM4
1
21
22
SIM5
SIM1
SIM2
SIM3
SIM4
1
21
22
SIM5
SIM1
SIM2
SIM3
SIM4
1
21
22
SIM5
SIM1
SIM2
SIM3
SIM4
1
21
22
SIM5
SIM1
SIM2
SIM3
SIM4
1
21
22
SIM5
SIM1
SIM2
SIM3
SIM4
1
21
22
SIM5
SIM1
SIM2
SIM3
SIM4
1
21
22
SIM5
SIM1
SIM2
SIM3
SIM4
1
21
22
SIM5
SIM1
SIM2
SIM3
SIM4
1
21
22
SIM5
SIM1
SIM2
SIM3
SIM4
1
21
22
SIM5
SIM1
SIM2
SIM3
SIM4
1
21
22
SIM5
SIM1
SIM2
SIM3
SIM4
1
21
22
SIM5
SIM1
SIM2
SIM3
SIM4
1
21
22
SIM5
SIM1
SIM2
SIM3
SIM4
1
21
22
SIM5
SIM1
SIM2
SIM3
SIM4
1
21
22
SIM5
SIM1
SIM2
SIM3
SIM4
1
21
22
SIM5
SIM1
SIM2
SIM3
SIM4
1
21
22
SIM5
SIM1
SIM2
SIM3
SIM4
1
21
22
SIM5
SIM1
SIM2
SIM3
SIM4
1
21
22
SIM5
SIM1
SIM2
SIM3
SIM4
1
21
22
SIM5
SIM1
SIM2
SIM3
SIM4
1
21
22
SIM5
SIM1
SIM2
SIM3
SIM4
1
21
22
SIM5
SIM1
SIM2
SIM3
SIM4
1
21
22
SIM5
SIM1
SIM2
SIM3
SIM4
1
21
22
SIM5
SIM1
SIM2
SIM3
SIM4
1
21
22
SIM5
SIM1
SIM2
SIM3
SIM4
1
21
22
SIM5
SIM1
SIM2
SIM3
SIM4
1
21
22
SIM5
SIM1
SIM2
SIM3
SIM4
1
21
22
SIM5
SIM1
SIM2
SIM3
SIM4
1
21
22
SIM5
SIM1
SIM2
SIM3
SIM4
1
21
22
SIM5
SIM1
SIM2
SIM3
SIM4
1
21
22
SIM5
SIM1
SIM2
SIM3
SIM4
1
21
22
SIM5
SIM1
SIM2
SIM3
SIM4
1
21
22
SIM5
SIM1
SIM2
SIM3
SIM4
1
21
22
SIM5
SIM1
SIM2
SIM3
SIM4
1
21
22
SIM5
SIM1
SIM2
SIM3
SIM4
1
21
22
SIM5
SIM1
SIM2
SIM3
SIM4
1
21
22
SIM5
SIM1
SIM2
SIM3
SIM4
1
21
22
SIM5
SIM1
SIM2
SIM3
SIM4
1
21
22
SIM5
SIM1
SIM2
SIM3
SIM4
1
21
22
SIM5
SIM1
SIM2
SIM3
SIM4
1
21
22
SIM5
SIM1
SIM2
SIM3
SIM4
1
21
22
SIM5
SIM1
SIM2
SIM3
SIM4
1
21
22
SIM5
SIM1
SIM2
SIM3
SIM4
1
21
22
SIM5
SIM1
SIM2
SIM3
SIM4
1
21
22
SIM5
SIM1
SIM2
SIM3
SIM4
1
21
22
SIM5
SIM1
SIM2
SIM3
SIM4
1
21
22
SIM5
SIM1
SIM2
SIM3
SIM4
1
21
22
SIM5
SIM1
SIM2
SIM3
SIM4
1
21
22
SIM5
SIM1
SIM2
SIM3
SIM4
1
21
22
SIM5
SIM1
SIM2
SIM3
SIM4
1
21
22
SIM5
SIM1
SIM2
SIM3
SIM4
1
21
22
SIM5
SIM1
SIM2
SIM3
SIM4
1
21
22
SIM5
SIM1
SIM2
SIM3
SIM4
1
21
22
SIM5
SIM1
SIM2
SIM3
SIM4
1
21
22
SIM5
SIM1
SIM2
SIM3
SIM4
1
21
22
SIM5
SIM1
SIM2
SIM3
SIM4
1
21
22
SIM5
SIM1
SIM2
SIM3
SIM4
1
21
22
SIM5
SIM1
SIM2
SIM3
SIM4
1
21
22
SIM5
SIM1
SIM2
SIM3
SIM4
1
21
22
SIM5
SIM1
SIM2
SIM3
SIM4
1
21
22
SIM5
SIM1
SIM2
SIM3
SIM4
1
21
22
SIM5
SIM1
SIM2
SIM3
SIM4
1
21
22
SIM5
SIM1
SIM2
SIM3
SIM4
1
21
22
SIM5
SIM1
SIM2
SIM3
SIM4
1
21
22
SIM5
SIM1
SIM2
SIM3
SIM4
1
21
22
SIM5
SIM1
SIM2
SIM3
SIM4
1
21
22
SIM5
SIM1
SIM2
SIM3
SIM4
1
21
22
SIM5
SIM1
SIM2
SIM3
SIM4
1
21
22
SIM5
SIM1
SIM2
SIM3
SIM4
1
21
22
SIM5
SIM1
SIM2
SIM3
SIM4
1
21
22
SIM5
SIM1
SIM2
SIM3
SIM4
1
21
22
SIM5
SIM1
SIM2
SIM3
SIM4
1
21
22
SIM5
SIM1
SIM2
SIM3
SIM4
1
21
22
SIM5
SIM1
SIM2
SIM3
SIM4
1
21
22
SIM5
SIM1
SIM2
SIM3
SIM4
1
21
22
SIM5
SIM1
SIM2
SIM3
SIM4
1
21
22
SIM5
SIM1
SIM2
SIM3
SIM4
1
21
22
SIM5
SIM1
SIM2
SIM3
SIM4
1
21
22
SIM5
SIM1
SIM2
SIM3
SIM4
1
21
22
SIM5
SIM1
SIM2
SIM3
SIM4
1
21
22
SIM5
SIM1
SIM2
SIM3
SIM4
1
21
22
SIM5
SIM1
SIM2
SIM3
SIM4
1
21
22
SIM5
SIM1
SIM2
SIM3
SIM4
1
21
22
SIM5
SIM1
SIM2
SIM3
SIM4
1
21
22
SIM5
SIM1
SIM2
SIM3
SIM4
1
21
22
SIM5
SIM1
SIM2
SIM3
SIM4
1
21
22
SIM5
SIM1
SIM2
SIM3
SIM4
1
21
22
SIM5
SIM1
SIM2
SIM3
SIM4
1
21
22
SIM5
SIM1
SIM2
SIM3
SIM4
1
21
22
SIM5
SIM1
SIM2
SIM3
SIM4
1
21
22
SIM5
SIM1
SIM2
SIM3
SIM4
1
21
22
SIM5
SIM1
SIM2
SIM3
SIM4
1
21
22
SIM5
SIM1
SIM2
SIM3
SIM4
1
21
22
SIM5
SIM1
SIM2
SIM3
SIM4
1
21
22
SIM5
SIM1
SIM2
SIM3
SIM4
1
21
22
SIM5
SIM1
SIM2
SIM3
SIM4
1
21
22
SIM5
SIM1
SIM2
SIM3
SIM4
1
21
22
SIM5
SIM1
SIM2
SIM3
SIM4
1
21
22
SIM5
SIM1
SIM2
SIM3
SIM4
1
21
22
SIM5
SIM1
SIM2
SIM3
SIM4
1
21
22
SIM5
SIM1
SIM2
SIM3
SIM4
1
21
22
SIM5
SIM1
SIM2
SIM3
SIM4
1
21
22
SIM5
SIM1
SIM2
SIM3
SIM4
1
21
22
SIM5
SIM1
SIM2
SIM3
SIM4
1
21
22
SIM5
SIM1
SIM2
SIM3
SIM4
1
21
22
SIM5
SIM1
SIM2
SIM3
SIM4
1
21
22
SIM5
SIM1
SIM2
SIM3
SIM4
1
21
22
SIM5
SIM1
SIM2
SIM3
SIM4
1
21
22
SIM5
SIM1
SIM2
SIM3
SIM4
1
21
22
SIM5
SIM1
SIM2
SIM3
SIM4
1
21
22
SIM5
SIM1
SIM2
SIM3
SIM4
1
21
22
SIM5
SIM1
SIM2
SIM3
SIM4
1
21
22
SIM5
SIM1
SIM2
SIM3
SIM4
1
21
22
SIM5
SIM1
SIM2
SIM3
SIM4
1
21
22
SIM5
SIM1
SIM2
SIM3
SIM4
1
21
22
SIM5
SIM1
SIM2
SIM3
SIM4
1
21
22
SIM5
SIM1
SIM2
SIM3
SIM4
1
21
22
SIM5
SIM1
SIM2
SIM3
SIM4
1
21
22
SIM5
SIM1
SIM2
SIM3
SIM4
1
21
22
SIM5
SIM1
SIM2
SIM3
SIM4
1
21
22
SIM5
SIM1
SIM2
SIM3
SIM4
1
21
22
SIM5
SIM1
SIM2
SIM3
SIM4
1
21
22
SIM5
SIM1
SIM2
SIM3
SIM4
1
21
22
SIM5
SIM1
SIM2
SIM3
SIM4
1
21
22
SIM5
SIM1
SIM2
SIM3
SIM4
1
21
22
SIM5
SIM1
SIM2
SIM3
SIM4
1
21
22
SIM5
SIM1
SIM2
SIM3
SIM4
1
21
22
SIM5
SIM1
SIM2
SIM3
SIM4
1
21
22
SIM5
SIM1
SIM2
SIM3
SIM4
1
21
22
SIM5
SIM1
SIM2
SIM3
SIM4
1
21
22
SIM5
SIM1
SIM2
SIM3
SIM4
1
21
22
SIM5
SIM1
SIM2
SIM3
SIM4
1
21
22
SIM5
SIM1
SIM2
SIM3
SIM4
1
21
22
SIM5
SIM1
SIM2
SIM3
SIM4
1
21
22
SIM5
SIM1
SIM2
SIM3
SIM4
1
21
22
SIM5
SIM1
SIM2
SIM3
SIM4
1
21
22
SIM5
SIM1
SIM2
SIM3
SIM4
1
21
22
SIM5
SIM1
SIM2
SIM3
SIM4
1
21
22
SIM5
SIM1
SIM2
SIM3
SIM4
1
21
22
SIM5
SIM1
SIM2
SIM3
SIM4
1
21
22
SIM5
SIM1
SIM2
SIM3
SIM4
1
21
22
SIM5
SIM1
SIM2
SIM3
SIM4
1
21
22
SIM5
SIM1
SIM2
SIM3
SIM4
1
21
22
SIM5
SIM1
SIM2
SIM3
SIM4
1
21
22
SIM5
SIM1
SIM2
SIM3
SIM4
1
21
22
SIM5
SIM1
SIM2
SIM3
SIM4
1
21
22
SIM5
SIM1
SIM2
SIM3
SIM4
1
21
22
SIM5
SIM1
SIM2
SIM3
SIM4
1
21
22
SIM5
SIM1
SIM2
SIM3
SIM4
1
21
22
SIM5
SIM1
SIM2
SIM3
SIM4
1
21
22
SIM5
SIM1
SIM2
SIM3
SIM4
1
21
22
SIM5
SIM1
SIM2
SIM3
SIM4
1
21
22
SIM5
SIM1
SIM2
SIM3
SIM4
1
21
22
SIM5
SIM1
SIM2
SIM3
SIM4
1
21
22
SIM5
SIM1
SIM2
SIM3
SIM4
1
21
22
SIM5
SIM1
SIM2
SIM3
SIM4
1
21
22
SIM5
SIM1
SIM2
SIM3
SIM4
1
21
22
SIM5
SIM1
SIM2
SIM3
SIM4
1
21
22
SIM5
SIM1
SIM2
SIM3
SIM4
1
21
22
SIM5
SIM1
SIM2
SIM3
SIM4
1
21
22
SIM5
SIM1
SIM2
SIM3
SIM4
1
21
22
SIM5
SIM1
SIM2
SIM3
SIM4
1
21
22
SIM5
SIM1
SIM2
SIM3
SIM4
1
21
22
SIM5
SIM1
SIM2
SIM3
SIM4
1
21
22
SIM5
SIM1
SIM2
SIM3
SIM4
1
21
22
SIM5
SIM1
SIM2
SIM3
SIM4
1
21
22
SIM5
SIM1
SIM2
SIM3
SIM4
1
21
22
SIM5
SIM1
SIM2
SIM3
SIM4
1
21
22
SIM5
SIM1
SIM2
SIM3
SIM4
1
21
22
SIM5
SIM1
SIM2
SIM3
SIM4
1
21
22
SIM5
SIM1
SIM2
SIM3
SIM4
1
21
22
SIM5
SIM1
SIM2
SIM3
SIM4
1
21
22
SIM5
SIM1
SIM2
SIM3
SIM4
1
21
22
SIM5
SIM1
SIM2
DEBUG 1 213
SIM1
SIM2
SIM3
SIM4
1
21
22
SIM5
SIM1
SIM2
SIM3
SIM4
1
21
22
SIM5
SIM1
SIM2
SIM3
SIM4
1
21
22
SIM5
SIM1
SIM2
SIM3
SIM4
1
21
22
SIM5
SIM1
SIM2
SIM3
SIM4
1
21
22
SIM5
SIM1
SIM2
SIM3
SIM4
1
21
22
SIM5
SIM1
SIM2
SIM3
SIM4
1
21
22
SIM5
SIM1
SIM2
SIM3
SIM4
1
21
22
SIM5
SIM1
SIM2
SIM3
SIM4
1
21
22
SIM5
SIM1
SIM2
SIM3
SIM4
1
21
22
SIM5
SIM1
SIM2
SIM3
SIM4
1
21
22
SIM5
SIM1
SIM2
SIM3
SIM4
1
21
22
SIM5
SIM1
SIM2
SIM3
SIM4
1
21
22
SIM5
SIM1
SIM2
SIM3
SIM4
1
21
22
SIM5
SIM1
SIM2
SIM3
SIM4
1
21
22
SIM5
SIM1
SIM2
SIM3
SIM4
1
21
22
SIM5
SIM1
SIM2
SIM3
SIM4
1
21
22
SIM5
SIM1
SIM2
SIM3
SIM4
1
21
22
SIM5
SIM1
SIM2
SIM3
SIM4
1
21
22
SIM5
SIM1
SIM2
SIM3
SIM4
1
21
22
SIM5
SIM1
SIM2
SIM3
SIM4
1
21
22
SIM5
SIM1
SIM2
SIM3
SIM4
1
21
22
SIM5
SIM1
SIM2
SIM3
SIM4
1
21
22
SIM5
SIM1
SIM2
SIM3
SIM4
1
21
22
SIM5
SIM1
SIM2
SIM3
SIM4
1
21
22
SIM5
SIM1
SIM2
SIM3
SIM4
1
21
22
SIM5
SIM1
SIM2
SIM3
SIM4
1
21
22
SIM5
SIM1
SIM2
SIM3
SIM4
1
21
22
SIM5
SIM1
SIM2
SIM3
SIM4
1
21
22
SIM5
SIM1
SIM2
SIM3
SIM4
1
21
22
SIM5
SIM1
SIM2
SIM3
SIM4
1
21
22
SIM5
SIM1
SIM2
SIM3
SIM4
1
21
22
SIM5
SIM1
SIM2
SIM3
SIM4
1
21
22
SIM5
SIM1
SIM2
SIM3
SIM4
1
21
22
SIM5
SIM1
SIM2
SIM3
SIM4
1
21
22
SIM5
SIM1
SIM2
SIM3
SIM4
1
21
22
SIM5
SIM1
SIM2
SIM3
SIM4
1
21
22
SIM5
SIM1
SIM2
SIM3
SIM4
1
21
22
SIM5
SIM1
SIM2
SIM3
SIM4
1
21
22
SIM5
SIM1
SIM2
SIM3
SIM4
1
21
22
SIM5
SIM1
SIM2
SIM3
SIM4
1
21
22
SIM5
SIM1
SIM2
SIM3
SIM4
1
21
22
SIM5
SIM1
SIM2
SIM3
SIM4
1
21
22
SIM5
SIM1
SIM2
SIM3
SIM4
1
21
22
SIM5
SIM1
SIM2
SIM3
SIM4
1
21
22
SIM5
SIM1
SIM2
SIM3
SIM4
1
21
22
SIM5
SIM1
SIM2
SIM3
SIM4
1
21
22
SIM5
SIM1
SIM2
SIM3
SIM4
1
21
22
SIM5
SIM1
SIM2
SIM3
SIM4
1
21
22
SIM5
SIM1
SIM2
SIM3
SIM4
1
21
22
SIM5
SIM1
SIM2
SIM3
SIM4
1
21
22
SIM5
SIM1
SIM2
SIM3
SIM4
1
21
22
SIM5
SIM1
SIM2
SIM3
SIM4
1
21
22
SIM5
SIM1
SIM2
SIM3
SIM4
1
21
22
SIM5
SIM1
SIM2
SIM3
SIM4
1
21
22
SIM5
SIM1
SIM2
SIM3
SIM4
1
21
22
SIM5
SIM1
SIM2
SIM3
SIM4
1
21
22
SIM5
SIM1
SIM2
SIM3
SIM4
1
21
22
SIM5
SIM1
SIM2
SIM3
SIM4
1
21
22
SIM5
SIM1
SIM2
SIM3
SIM4
1
21
22
SIM5
SIM1
SIM2
SIM3
SIM4
1
21
22
SIM5
SIM1
SIM2
SIM3
SIM4
1
21
22
SIM5
SIM1
SIM2
SIM3
SIM4
1
21
22
SIM5
SIM1
SIM2
SIM3
SIM4
1
21
22
SIM5
SIM1
SIM2
SIM3
SIM4
1
21
22
SIM5
SIM1
SIM2
SIM3
SIM4
1
21
22
SIM5
SIM1
SIM2
SIM3
SIM4
1
21
22
SIM5
SIM1
SIM2
SIM3
SIM4
1
21
22
SIM5
SIM1
SIM2
SIM3
SIM4
1
21
22
SIM5
SIM1
SIM2
SIM3
SIM4
1
21
22
SIM5
SIM1
SIM2
SIM3
SIM4
1
21
22
SIM5
SIM1
SIM2
SIM3
SIM4
1
21
22
SIM5
SIM1
SIM2
SIM3
SIM4
1
21
22
SIM5
SIM1
SIM2
SIM3
SIM4
1
21
22
SIM5
SIM1
SIM2
SIM3
SIM4
1
21
22
SIM5
SIM1
SIM2
SIM3
SIM4
1
21
22
SIM5
SIM1
SIM2
SIM3
SIM4
1
21
22
SIM5
SIM1
SIM2
SIM3
SIM4
1
21
22
SIM5
SIM1
SIM2
SIM3
SIM4
1
21
22
SIM5
SIM1
SIM2
SIM3
SIM4
1
21
22
SIM5
SIM1
SIM2
SIM3
SIM4
1
21
22
SIM5
SIM1
SIM2
SIM3
SIM4
1
21
22
SIM5
SIM1
SIM2
SIM3
SIM4
1
21
22
SIM5
SIM1
SIM2
SIM3
SIM4
1
21
22
SIM5
SIM1
SIM2
SIM3
SIM4
1
21
22
SIM5
SIM1
SIM2
SIM3
SIM4
1
21
22
SIM5
SIM1
SIM2
SIM3
SIM4
1
21
22
SIM5
SIM1
SIM2
SIM3
SIM4
1
21
22
SIM5
SIM1
SIM2
SIM3
SIM4
1
21
22
SIM5
SIM1
SIM2
SIM3
SIM4
1
21
22
SIM5
SIM1
SIM2
SIM3
SIM4
1
21
22
SIM5
SIM1
SIM2
SIM3
SIM4
1
21
22
SIM5
SIM1
SIM2
SIM3
SIM4
1
21
22
SIM5
SIM1
SIM2
SIM3
SIM4
1
21
22
SIM5
SIM1
SIM2
SIM3
SIM4
1
21
22
SIM5
SIM1
SIM2
SIM3
SIM4
1
21
22
SIM5
SIM1
SIM2
SIM3
SIM4
1
21
22
SIM5
SIM1
SIM2
SIM3
SIM4
1
21
22
SIM5
SIM1
SIM2
SIM3
SIM4
1
21
22
SIM5
SIM1
SIM2
SIM3
SIM4
1
21
22
SIM5
SIM1
SIM2
SIM3
SIM4
1
21
22
SIM5
SIM1
SIM2
SIM3
SIM4
1
21
22
SIM5
SIM1
SIM2
SIM3
SIM4
1
21
22
SIM5
SIM1
SIM2
SIM3
SIM4
1
21
22
SIM5
SIM1
SIM2
SIM3
SIM4
1
21
22
SIM5
SIM1
SIM2
SIM3
SIM4
1
21
22
SIM5
SIM1
SIM2
SIM3
SIM4
1
21
22
SIM5
SIM1
SIM2
SIM3
SIM4
1
21
22
SIM5
SIM1
SIM2
SIM3
SIM4
1
21
22
SIM5
SIM1
SIM2
SIM3
SIM4
1
21
22
SIM5
SIM1
SIM2
SIM3
SIM4
1
21
22
SIM5
SIM1
SIM2
SIM3
SIM4
1
21
22
SIM5
SIM1
SIM2
SIM3
SIM4
1
21
22
SIM5
SIM1
SIM2
SIM3
SIM4
1
21
22
SIM5
SIM1
SIM2
SIM3
SIM4
1
21
22
SIM5
SIM1
SIM2
SIM3
SIM4
1
21
22
SIM5
SIM1
SIM2
SIM3
SIM4
1
21
22
SIM5
SIM1
SIM2
SIM3
SIM4
1
21
22
SIM5
SIM1
SIM2
SIM3
SIM4
1
21
22
SIM5
SIM1
SIM2
SIM3
SIM4
1
21
22
SIM5
SIM1
SIM2
SIM3
SIM4
1
21
22
SIM5
SIM1
SIM2
SIM3
SIM4
1
21
22
SIM5
SIM1
SIM2
SIM3
SIM4
1
21
22
SIM5
SIM1
SIM2
SIM3
SIM4
1
21
22
SIM5
SIM1
SIM2
SIM3
SIM4
1
21
22
SIM5
SIM1
SIM2
SIM3
SIM4
1
21
22
SIM5
SIM1
SIM2
SIM3
SIM4
1
21
22
SIM5
SIM1
SIM2
SIM3
SIM4
1
21
22
SIM5
SIM1
SIM2
SIM3
SIM4
1
21
22
SIM5
SIM1
SIM2
SIM3
SIM4
1
21
22
SIM5
SIM1
SIM2
SIM3
SIM4
1
21
22
SIM5
SIM1
SIM2
SIM3
SIM4
1
21
22
SIM5
SIM1
SIM2
SIM3
SIM4
1
21
22
SIM5
SIM1
SIM2
SIM3
SIM4
1
21
22
SIM5
SIM1
SIM2
SIM3
SIM4
1
21
22
SIM5
SIM1
SIM2
SIM3
SIM4
1
21
22
SIM5
SIM1
SIM2
SIM3
SIM4
1
21
22
SIM5
SIM1
SIM2
SIM3
SIM4
1
21
22
SIM5
SIM1
SIM2
SIM3
SIM4
1
21
22
SIM5
SIM1
SIM2
SIM3
SIM4
1
21
22
SIM5
SIM1
SIM2
SIM3
SIM4
1
21
22
SIM5
SIM1
SIM2
SIM3
SIM4
1
21
22
SIM5
SIM1
SIM2
SIM3
SIM4
1
21
22
SIM5
SIM1
SIM2
SIM3
SIM4
1
21
22
SIM5
SIM1
SIM2
SIM3
SIM4
1
21
22
SIM5
SIM1
SIM2
SIM3
SIM4
1
21
22
SIM5
SIM1
SIM2
SIM3
SIM4
1
21
22
SIM5
SIM1
SIM2
DEBUG 1 214
SIM1
SIM2
SIM3
SIM4
1
21
22
SIM5
SIM1
SIM2
SIM3
SIM4
1
21
22
SIM5
SIM1
SIM2
SIM3
SIM4
1
21
22
SIM5
SIM1
SIM2
SIM3
SIM4
1
21
22
SIM5
SIM1
SIM2
SIM3
SIM4
1
21
22
SIM5
SIM1
SIM2
SIM3
SIM4
1
21
22
SIM5
SIM1
SIM2
SIM3
SIM4
1
21
22
SIM5
SIM1
SIM2
SIM3
SIM4
1
21
22
SIM5
SIM1
SIM2
SIM3
SIM4
1
21
22
SIM5
SIM1
SIM2
SIM3
SIM4
1
21
22
SIM5
SIM1
SIM2
SIM3
SIM4
1
21
22
SIM5
SIM1
SIM2
SIM3
SIM4
1
21
22
SIM5
SIM1
SIM2
SIM3
SIM4
1
21
22
SIM5
SIM1
SIM2
SIM3
SIM4
1
21
22
SIM5
SIM1
SIM2
SIM3
SIM4
1
21
22
SIM5
SIM1
SIM2
SIM3
SIM4
1
21
22
SIM5
SIM1
SIM2
SIM3
SIM4
1
21
22
SIM5
SIM1
SIM2
SIM3
SIM4
1
21
22
SIM5
SIM1
SIM2
SIM3
SIM4
1
21
22
SIM5
SIM1
SIM2
SIM3
SIM4
1
21
22
SIM5
SIM1
SIM2
SIM3
SIM4
1
21
22
SIM5
SIM1
SIM2
SIM3
SIM4
1
21
22
SIM5
SIM1
SIM2
SIM3
SIM4
1
21
22
SIM5
SIM1
SIM2
SIM3
SIM4
1
21
22
SIM5
SIM1
SIM2
SIM3
SIM4
1
21
22
SIM5
SIM1
SIM2
SIM3
SIM4
1
21
22
SIM5
SIM1
SIM2
SIM3
SIM4
1
21
22
SIM5
SIM1
SIM2
SIM3
SIM4
1
21
22
SIM5
SIM1
SIM2
SIM3
SIM4
1
21
22
SIM5
SIM1
SIM2
SIM3
SIM4
1
21
22
SIM5
SIM1
SIM2
SIM3
SIM4
1
21
22
SIM5
SIM1
SIM2
SIM3
SIM4
1
21
22
SIM5
SIM1
SIM2
SIM3
SIM4
1
21
22
SIM5
SIM1
SIM2
SIM3
SIM4
1
21
22
SIM5
SIM1
SIM2
SIM3
SIM4
1
21
22
SIM5
SIM1
SIM2
SIM3
SIM4
1
21
22
SIM5
SIM1
SIM2
SIM3
SIM4
1
21
22
SIM5
SIM1
SIM2
SIM3
SIM4
1
21
22
SIM5
SIM1
SIM2
SIM3
SIM4
1
21
22
SIM5
SIM1
SIM2
SIM3
SIM4
1
21
22
SIM5
SIM1
SIM2
SIM3
SIM4
1
21
22
SIM5
SIM1
SIM2
SIM3
SIM4
1
21
22
SIM5
SIM1
SIM2
SIM3
SIM4
1
21
22
SIM5
SIM1
SIM2
SIM3
SIM4
1
21
22
SIM5
SIM1
SIM2
SIM3
SIM4
1
21
22
SIM5
SIM1
SIM2
SIM3
SIM4
1
21
22
SIM5
SIM1
SIM2
SIM3
SIM4
1
21
22
SIM5
SIM1
SIM2
SIM3
SIM4
1
21
22
SIM5
SIM1
SIM2
SIM3
SIM4
1
21
22
SIM5
SIM1
SIM2
SIM3
SIM4
1
21
22
SIM5
SIM1
SIM2
SIM3
SIM4
1
21
22
SIM5
SIM1
SIM2
SIM3
SIM4
1
21
22
SIM5
SIM1
SIM2
SIM3
SIM4
1
21
22
SIM5
SIM1
SIM2
SIM3
SIM4
1
21
22
SIM5
SIM1
SIM2
SIM3
SIM4
1
21
22
SIM5
SIM1
SIM2
SIM3
SIM4
1
21
22
SIM5
SIM1
SIM2
SIM3
SIM4
1
21
22
SIM5
SIM1
SIM2
SIM3
SIM4
1
21
22
SIM5
SIM1
SIM2
SIM3
SIM4
1
21
22
SIM5
SIM1
SIM2
SIM3
SIM4
1
21
22
SIM5
SIM1
SIM2
SIM3
SIM4
1
21
22
SIM5
SIM1
SIM2
SIM3
SIM4
1
21
22
SIM5
SIM1
SIM2
SIM3
SIM4
1
21
22
SIM5
SIM1
SIM2
SIM3
SIM4
1
21
22
SIM5
SIM1
SIM2
SIM3
SIM4
1
21
22
SIM5
SIM1
SIM2
SIM3
SIM4
1
21
22
SIM5
SIM1
SIM2
SIM3
SIM4
1
21
22
SIM5
SIM1
SIM2
SIM3
SIM4
1
21
22
SIM5
SIM1
SIM2
SIM3
SIM4
1
21
22
SIM5
SIM1
SIM2
SIM3
SIM4
1
21
22
SIM5
SIM1
SIM2
SIM3
SIM4
1
21
22
SIM5
SIM1
SIM2
SIM3
SIM4
1
21
22
SIM5
SIM1
SIM2
SIM3
SIM4
1
21
22
SIM5
SIM1
SIM2
SIM3
SIM4
1
21
22
SIM5
SIM1
SIM2
SIM3
SIM4
1
21
22
SIM5
SIM1
SIM2
SIM3
SIM4
1
21
22
SIM5
SIM1
SIM2
SIM3
SIM4
1
21
22
SIM5
SIM1
SIM2
SIM3
SIM4
1
21
22
SIM5
SIM1
SIM2
SIM3
SIM4
1
21
22
SIM5
SIM1
SIM2
SIM3
SIM4
1
21
22
SIM5
SIM1
SIM2
SIM3
SIM4
1
21
22
SIM5
SIM1
SIM2
SIM3
SIM4
1
21
22
SIM5
SIM1
SIM2
SIM3
SIM4
1
21
22
SIM5
SIM1
SIM2
SIM3
SIM4
1
21
22
SIM5
SIM1
SIM2
SIM3
SIM4
1
21
22
SIM5
SIM1
SIM2
SIM3
SIM4
1
21
22
SIM5
SIM1
SIM2
SIM3
SIM4
1
21
22
SIM5
SIM1
SIM2
SIM3
SIM4
1
21
22
SIM5
SIM1
SIM2
SIM3
SIM4
1
21
22
SIM5
SIM1
SIM2
SIM3
SIM4
1
21
22
SIM5
SIM1
SIM2
SIM3
SIM4
1
21
22
SIM5
SIM1
SIM2
SIM3
SIM4
1
21
22
SIM5
SIM1
SIM2
SIM3
SIM4
1
21
22
SIM5
SIM1
SIM2
SIM3
SIM4
1
21
22
SIM5
SIM1
SIM2
SIM3
SIM4
1
21
22
SIM5
SIM1
SIM2
SIM3
SIM4
1
21
22
SIM5
SIM1
SIM2
SIM3
SIM4
1
21
22
SIM5
SIM1
SIM2
SIM3
SIM4
1
21
22
SIM5
SIM1
SIM2
SIM3
SIM4
1
21
22
SIM5
SIM1
SIM2
SIM3
SIM4
1
21
22
SIM5
SIM1
SIM2
SIM3
SIM4
1
21
22
SIM5
SIM1
SIM2
SIM3
SIM4
1
21
22
SIM5
SIM1
SIM2
SIM3
SIM4
1
21
22
SIM5
SIM1
SIM2
SIM3
SIM4
1
21
22
SIM5
SIM1
SIM2
SIM3
SIM4
1
21
22
SIM5
SIM1
SIM2
SIM3
SIM4
1
21
22
SIM5
SIM1
SIM2
SIM3
SIM4
1
21
22
SIM5
SIM1
SIM2
SIM3
SIM4
1
21
22
SIM5
SIM1
SIM2
SIM3
SIM4
1
21
22
SIM5
SIM1
SIM2
SIM3
SIM4
1
21
22
SIM5
SIM1
SIM2
SIM3
SIM4
1
21
22
SIM5
SIM1
SIM2
SIM3
SIM4
1
21
22
SIM5
SIM1
SIM2
SIM3
SIM4
1
21
22
SIM5
SIM1
SIM2
SIM3
SIM4
1
21
22
SIM5
SIM1
SIM2
SIM3
SIM4
1
21
22
SIM5
SIM1
SIM2
SIM3
SIM4
1
21
22
SIM5
SIM1
SIM2
SIM3
SIM4
1
21
22
SIM5
SIM1
SIM2
SIM3
SIM4
1
21
22
SIM5
SIM1
SIM2
SIM3
SIM4
1
21
22
SIM5
SIM1
SIM2
SIM3
SIM4
1
21
22
SIM5
SIM1
SIM2
SIM3
SIM4
1
21
22
SIM5
SIM1
SIM2
SIM3
SIM4
1
21
22
SIM5
SIM1
SIM2
SIM3
SIM4
1
21
22
SIM5
SIM1
SIM2
SIM3
SIM4
1
21
22
SIM5
SIM1
SIM2
SIM3
SIM4
1
21
22
SIM5
SIM1
SIM2
SIM3
SIM4
1
21
22
SIM5
SIM1
SIM2
SIM3
SIM4
1
21
22
SIM5
SIM1
SIM2
SIM3
SIM4
1
21
22
SIM5
SIM1
SIM2
SIM3
SIM4
1
21
22
SIM5
SIM1
SIM2
SIM3
SIM4
1
21
22
SIM5
SIM1
SIM2
SIM3
SIM4
1
21
22
SIM5
SIM1
SIM2
SIM3
SIM4
1
21
22
SIM5
SIM1
SIM2
SIM3
SIM4
1
21
22
SIM5
SIM1
SIM2
SIM3
SIM4
1
21
22
SIM5
SIM1
SIM2
SIM3
SIM4
1
21
22
SIM5
SIM1
SIM2
SIM3
SIM4
1
21
22
SIM5
SIM1
SIM2
SIM3
SIM4
1
21
22
SIM5
SIM1
SIM2
SIM3
SIM4
1
21
22
SIM5
SIM1
SIM2
SIM3
SIM4
1
21
22
SIM5
SIM1
SIM2
SIM3
SIM4
1
21
22
SIM5
SIM1
SIM2
SIM3
SIM4
1
21
22
SIM5
SIM1
SIM2
SIM3
SIM4
1
21
22
SIM5
SIM1
SIM2
SIM3
SIM4
1
21
22
SIM5
SIM1
SIM2
SIM3
SIM4
1
21
22
SIM5
SIM1
SIM2
SIM3
SIM4
1
21
22
SIM5
SIM1
SIM2
SIM3
SIM4
1
21
22
SIM5
SIM1
SIM2
SIM3
SIM4
1
21
22
SIM5
SIM1
SIM2
SIM3
SIM4
1
21
22
SIM5
SIM1
SIM2
SIM3
SIM4
1
21
22
SIM5
SIM1
SIM2
SIM3
SIM4
1
21
22
SIM5
SIM1
SIM2
SIM3
SIM4
1
21
22
SIM5
SIM1
SIM2
SIM3
SIM4
1
21
22
SIM5
SIM1
SIM2
SIM3
SIM4
1
21
22
SIM5
SIM1
SIM2
SIM3
SIM4
1
21
22
SIM5
SIM1
SIM2
SIM3
SIM4
1
21
22
SIM5
SIM1
SIM2
SIM3
SIM4
1
21
22
SIM5
SIM1
SIM2
SIM3
SIM4
1
21
22
SIM5
SIM1
SIM2
SIM3
SIM4
1
21
22
SIM5
SIM1
SIM2
SIM3
SIM4
1
21
22
SIM5
SIM1
SIM2
SIM3
SIM4
1
21
22
SIM5
SIM1
SIM2
SIM3
SIM4
1
21
22
SIM5
SIM1
SIM2
SIM3
SIM4
1
21
22
SIM5
SIM1
SIM2
SIM3
SIM4
1
21
22
SIM5
SIM1
SIM2
SIM3
SIM4
1
21
22
SIM5
SIM1
SIM2
SIM3
SIM4
1
21
22
SIM5
SIM1
SIM2
SIM3
SIM4
1
21
22
SIM5
SIM1
SIM2
SIM3
SIM4
1
21
22
SIM5
SIM1
SIM2
SIM3
SIM4
1
21
22
SIM5
SIM1
SIM2
SIM3
SIM4
1
21
22
SIM5
SIM1
SIM2
SIM3
SIM4
1
21
22
SIM5
SIM1
SIM2
SIM3
SIM4
1
21
22
SIM5
SIM1
SIM2
SIM3
SIM4
1
21
22
SIM5
SIM1
SIM2
SIM3
SIM4
1
21
22
SIM5
SIM1
SIM2
SIM3
SIM4
1
21
22
SIM5
SIM1
SIM2
SIM3
SIM4
1
21
22
SIM5
SIM1
SIM2
SIM3
SIM4
1
21
22
SIM5
SIM1
SIM2
SIM3
SIM4
1
21
22
SIM5
SIM1
SIM2
SIM3
SIM4
1
21
22
SIM5
SIM1
SIM2
SIM3
SIM4
1
21
22
SIM5
SIM1
SIM2
SIM3
SIM4
1
21
22
SIM5
SIM1
SIM2
SIM3
SIM4
1
21
22
SIM5
SIM1
SIM2
SIM3
SIM4
1
21
22
SIM5
SIM1
SIM2
SIM3
SIM4
1
21
22
SIM5
SIM1
SIM2
SIM3
SIM4
1
21
22
SIM5
SIM1
SIM2
SIM3
SIM4
1
21
22
SIM5
SIM1
SIM2
SIM3
SIM4
1
21
22
SIM5
SIM1
SIM2
SIM3
SIM4
1
21
22
SIM5
SIM1
SIM2
SIM3
SIM4
1
21
22
SIM5
SIM1
SIM2
SIM3
SIM4
1
21
22
SIM5
SIM1
SIM2
SIM3
SIM4
1
21
22
SIM5
SIM1
SIM2
SIM3
SIM4
1
21
22
SIM5
SIM1
SIM2
SIM3
SIM4
1
21
22
SIM5
SIM1
SIM2
SIM3
SIM4
1
21
22
SIM5
SIM1
SIM2
SIM3
SIM4
1
21
22
SIM5
SIM1
SIM2
SIM3
SIM4
1
21
22
SIM5
SIM1
SIM2
SIM3
SIM4
1
21
22
SIM5
SIM1
SIM2
SIM3
SIM4
1
21
22
SIM5
SIM1
SIM2
SIM3
SIM4
1
21
22
SIM5
SIM1
SIM2
SIM3
SIM4
1
21
22
SIM5
SIM1
SIM2
SIM3
SIM4
1
21
22
SIM5
SIM1
SIM2
SIM3
SIM4
1
21
22
SIM5
SIM1
SIM2
SIM3
SIM4
1
21
22
SIM5
SIM1
SIM2
SIM3
SIM4
1
21
22
SIM5
SIM1
SIM2
SIM3
SIM4
1
21
22
SIM5
SIM1
SIM2
SIM3
SIM4
1
21
22
SIM5
SIM1
SIM2
SIM3
SIM4
1
21
22
SIM5
SIM1
SIM2
SIM3
SIM4
1
21
22
SIM5
SIM1
SIM2
SIM3
SIM4
1
21
22
SIM5
SIM1
SIM2
SIM3
SIM4
1
21
22
SIM5
SIM1
SIM2
SIM3
SIM4
1
21
22
SIM5
SIM1
SIM2
SIM3
SIM4
1
21
22
SIM5
SIM1
SIM2
SIM3
SIM4
1
21
22
SIM5
SIM1
SIM2
SIM3
SIM4
1
21
22
SIM5
SIM1
SIM2
SIM3
SIM4
1
21
22
SIM5
SIM1
SIM2
SIM3
SIM4
1
21
22
SIM5
SIM1
SIM2
SIM3
SIM4
1
21
22
SIM5
SIM1
SIM2
SIM3
SIM4
1
21
22
SIM5
SIM1
SIM2
SIM3
SIM4
1
21
22
SIM5
SIM1
SIM2
SIM3
SIM4
1
21
22
SIM5
SIM1
SIM2
SIM3
SIM4
1
21
22
SIM5
SIM1
SIM2
SIM3
SIM4
1
21
22
SIM5
SIM1
SIM2
SIM3
SIM4
1
21
22
SIM5
SIM1
SIM2
SIM3
SIM4
1
21
22
SIM5
SIM1
SIM2
SIM3
SIM4
1
21
22
SIM5
SIM1
SIM2
SIM3
SIM4
1
21
22
SIM5
SIM1
SIM2
SIM3
SIM4
1
21
22
SIM5
SIM1
SIM2
SIM3
SIM4
1
21
22
SIM5
SIM1
SIM2
SIM3
SIM4
1
21
22
SIM5
SIM1
SIM2
SIM3
SIM4
1
21
22
SIM5
SIM1
SIM2
SIM3
SIM4
1
21
22
SIM5
SIM1
SIM2
SIM3
SIM4
1
21
22
SIM5
SIM1
SIM2
SIM3
SIM4
1
21
22
SIM5
SIM1
SIM2
DEBUG 1 215
SIM1
SIM2
SIM3
SIM4
1
21
22
SIM5
SIM1
SIM2
SIM3
SIM4
1
21
22
SIM5
SIM1
SIM2
SIM3
SIM4
1
21
22
SIM5
SIM1
SIM2
SIM3
SIM4
1
21
22
SIM5
SIM1
SIM2
SIM3
SIM4
1
21
22
SIM5
SIM1
SIM2
SIM3
SIM4
1
21
22
SIM5
SIM1
SIM2
SIM3
SIM4
1
21
22
SIM5
SIM1
SIM2
SIM3
SIM4
1
21
22
SIM5
SIM1
SIM2
SIM3
SIM4
1
21
22
SIM5
SIM1
SIM2
SIM3
SIM4
1
21
22
SIM5
SIM1
SIM2
SIM3
SIM4
1
21
22
SIM5
SIM1
SIM2
SIM3
SIM4
1
21
22
SIM5
SIM1
SIM2
SIM3
SIM4
1
21
22
SIM5
SIM1
SIM2
SIM3
SIM4
1
21
22
SIM5
SIM1
SIM2
SIM3
SIM4
1
21
22
SIM5
SIM1
SIM2
SIM3
SIM4
1
21
22
SIM5
SIM1
SIM2
SIM3
SIM4
1
21
22
SIM5
SIM1
SIM2
SIM3
SIM4
1
21
22
SIM5
SIM1
SIM2
SIM3
SIM4
1
21
22
SIM5
SIM1
SIM2
SIM3
SIM4
1
21
22
SIM5
SIM1
SIM2
SIM3
SIM4
1
21
22
SIM5
SIM1
SIM2
SIM3
SIM4
1
21
22
SIM5
SIM1
SIM2
SIM3
SIM4
1
21
22
SIM5
SIM1
SIM2
SIM3
SIM4
1
21
22
SIM5
SIM1
SIM2
SIM3
SIM4
1
21
22
SIM5
SIM1
SIM2
SIM3
SIM4
1
21
22
SIM5
SIM1
SIM2
SIM3
SIM4
1
21
22
SIM5
SIM1
SIM2
SIM3
SIM4
1
21
22
SIM5
SIM1
SIM2
SIM3
SIM4
1
21
22
SIM5
SIM1
SIM2
SIM3
SIM4
1
21
22
SIM5
SIM1
SIM2
SIM3
SIM4
1
21
22
SIM5
SIM1
SIM2
SIM3
SIM4
1
21
22
SIM5
SIM1
SIM2
SIM3
SIM4
1
21
22
SIM5
SIM1
SIM2
SIM3
SIM4
1
21
22
SIM5
SIM1
SIM2
SIM3
SIM4
1
21
22
SIM5
SIM1
SIM2
SIM3
SIM4
1
21
22
SIM5
SIM1
SIM2
SIM3
SIM4
1
21
22
SIM5
SIM1
SIM2
SIM3
SIM4
1
21
22
SIM5
SIM1
SIM2
SIM3
SIM4
1
21
22
SIM5
SIM1
SIM2
SIM3
SIM4
1
21
22
SIM5
SIM1
SIM2
SIM3
SIM4
1
21
22
SIM5
SIM1
SIM2
SIM3
SIM4
1
21
22
SIM5
SIM1
SIM2
SIM3
SIM4
1
21
22
SIM5
SIM1
SIM2
SIM3
SIM4
1
21
22
SIM5
SIM1
SIM2
SIM3
SIM4
1
21
22
SIM5
SIM1
SIM2
SIM3
SIM4
1
21
22
SIM5
SIM1
SIM2
SIM3
SIM4
1
21
22
SIM5
SIM1
SIM2
SIM3
SIM4
1
21
22
SIM5
SIM1
SIM2
SIM3
SIM4
1
21
22
SIM5
SIM1
SIM2
SIM3
SIM4
1
21
22
SIM5
SIM1
SIM2
SIM3
SIM4
1
21
22
SIM5
SIM1
SIM2
SIM3
SIM4
1
21
22
SIM5
SIM1
SIM2
SIM3
SIM4
1
21
22
SIM5
SIM1
SIM2
SIM3
SIM4
1
21
22
SIM5
SIM1
SIM2
SIM3
SIM4
1
21
22
SIM5
SIM1
SIM2
SIM3
SIM4
1
21
22
SIM5
SIM1
SIM2
SIM3
SIM4
1
21
22
SIM5
SIM1
SIM2
SIM3
SIM4
1
21
22
SIM5
SIM1
SIM2
SIM3
SIM4
1
21
22
SIM5
SIM1
SIM2
SIM3
SIM4
1
21
22
SIM5
SIM1
SIM2
SIM3
SIM4
1
21
22
SIM5
SIM1
SIM2
SIM3
SIM4
1
21
22
SIM5
SIM1
SIM2
SIM3
SIM4
1
21
22
SIM5
SIM1
SIM2
SIM3
SIM4
1
21
22
SIM5
SIM1
SIM2
SIM3
SIM4
1
21
22
SIM5
SIM1
SIM2
SIM3
SIM4
1
21
22
SIM5
SIM1
SIM2
SIM3
SIM4
1
21
22
SIM5
SIM1
SIM2
SIM3
SIM4
1
21
22
SIM5
SIM1
SIM2
SIM3
SIM4
1
21
22
SIM5
SIM1
SIM2
SIM3
SIM4
1
21
22
SIM5
SIM1
SIM2
SIM3
SIM4
1
21
22
SIM5
SIM1
SIM2
SIM3
SIM4
1
21
22
SIM5
SIM1
SIM2
SIM3
SIM4
1
21
22
SIM5
SIM1
SIM2
SIM3
SIM4
1
21
22
SIM5
SIM1
SIM2
SIM3
SIM4
1
21
22
SIM5
SIM1
SIM2
SIM3
SIM4
1
21
22
SIM5
SIM1
SIM2
SIM3
SIM4
1
21
22
SIM5
SIM1
SIM2
SIM3
SIM4
1
21
22
SIM5
SIM1
SIM2
SIM3
SIM4
1
21
22
SIM5
SIM1
SIM2
SIM3
SIM4
1
21
22
SIM5
SIM1
SIM2
SIM3
SIM4
1
21
22
SIM5
SIM1
SIM2
SIM3
SIM4
1
21
22
SIM5
SIM1
SIM2
SIM3
SIM4
1
21
22
SIM5
SIM1
SIM2
SIM3
SIM4
1
21
22
SIM5
SIM1
SIM2
SIM3
SIM4
1
21
22
SIM5
SIM1
SIM2
SIM3
SIM4
1
21
22
SIM5
SIM1
SIM2
SIM3
SIM4
1
21
22
SIM5
SIM1
SIM2
SIM3
SIM4
1
21
22
SIM5
SIM1
SIM2
SIM3
SIM4
1
21
22
SIM5
SIM1
SIM2
SIM3
SIM4
1
21
22
SIM5
SIM1
SIM2
SIM3
SIM4
1
21
22
SIM5
SIM1
SIM2
SIM3
SIM4
1
21
22
SIM5
SIM1
SIM2
SIM3
SIM4
1
21
22
SIM5
SIM1
SIM2
SIM3
SIM4
1
21
22
SIM5
SIM1
SIM2
SIM3
SIM4
1
21
22
SIM5
SIM1
SIM2
SIM3
SIM4
1
21
22
SIM5
SIM1
SIM2
SIM3
SIM4
1
21
22
SIM5
SIM1
SIM2
SIM3
SIM4
1
21
22
SIM5
SIM1
SIM2
SIM3
SIM4
1
21
22
SIM5
SIM1
SIM2
SIM3
SIM4
1
21
22
SIM5
SIM1
SIM2
SIM3
SIM4
1
21
22
SIM5
SIM1
SIM2
SIM3
SIM4
1
21
22
SIM5
SIM1
SIM2
SIM3
SIM4
1
21
22
SIM5
SIM1
SIM2
SIM3
SIM4
1
21
22
SIM5
SIM1
SIM2
SIM3
SIM4
1
21
22
SIM5
SIM1
SIM2
SIM3
SIM4
1
21
22
SIM5
SIM1
SIM2
SIM3
SIM4
1
21
22
SIM5
SIM1
SIM2
SIM3
SIM4
1
21
22
SIM5
SIM1
SIM2
SIM3
SIM4
1
21
22
SIM5
SIM1
SIM2
SIM3
SIM4
1
21
22
SIM5
SIM1
SIM2
SIM3
SIM4
1
21
22
SIM5
SIM1
SIM2
SIM3
SIM4
1
21
22
SIM5
SIM1
SIM2
SIM3
SIM4
1
21
22
SIM5
SIM1
SIM2
SIM3
SIM4
1
21
22
SIM5
SIM1
SIM2
SIM3
SIM4
1
21
22
SIM5
SIM1
SIM2
SIM3
SIM4
1
21
22
SIM5
SIM1
SIM2
SIM3
SIM4
1
21
22
SIM5
SIM1
SIM2
SIM3
SIM4
1
21
22
SIM5
SIM1
SIM2
SIM3
SIM4
1
21
22
SIM5
SIM1
SIM2
SIM3
SIM4
1
21
22
SIM5
SIM1
SIM2
SIM3
SIM4
1
21
22
SIM5
SIM1
SIM2
SIM3
SIM4
1
21
22
SIM5
SIM1
SIM2
SIM3
SIM4
1
21
22
SIM5
SIM1
SIM2
SIM3
SIM4
1
21
22
SIM5
SIM1
SIM2
SIM3
SIM4
1
21
22
SIM5
SIM1
SIM2
SIM3
SIM4
1
21
22
SIM5
SIM1
SIM2
SIM3
SIM4
1
21
22
SIM5
SIM1
SIM2
SIM3
SIM4
1
21
22
SIM5
SIM1
SIM2
SIM3
SIM4
1
21
22
SIM5
SIM1
SIM2
SIM3
SIM4
1
21
22
SIM5
SIM1
SIM2
SIM3
SIM4
1
21
22
SIM5
SIM1
SIM2
SIM3
SIM4
1
21
22
SIM5
SIM1
SIM2
SIM3
SIM4
1
21
22
SIM5
SIM1
SIM2
SIM3
SIM4
1
21
22
SIM5
SIM1
SIM2
SIM3
SIM4
1
21
22
SIM5
SIM1
SIM2
SIM3
SIM4
1
21
22
SIM5
SIM1
SIM2
SIM3
SIM4
1
21
22
SIM5
SIM1
SIM2
SIM3
SIM4
1
21
22
SIM5
SIM1
SIM2
SIM3
SIM4
1
21
22
SIM5
SIM1
SIM2
SIM3
SIM4
1
21
22
SIM5
SIM1
SIM2
SIM3
SIM4
1
21
22
SIM5
SIM1
SIM2
SIM3
SIM4
1
21
22
SIM5
SIM1
SIM2
SIM3
SIM4
1
21
22
SIM5
SIM1
SIM2
SIM3
SIM4
1
21
22
SIM5
SIM1
SIM2
SIM3
SIM4
1
21
22
SIM5
SIM1
SIM2
SIM3
SIM4
1
21
22
SIM5
SIM1
SIM2
SIM3
SIM4
1
21
22
SIM5
SIM1
SIM2
SIM3
SIM4
1
21
22
SIM5
SIM1
SIM2
SIM3
SIM4
1
21
22
SIM5
SIM1
SIM2
SIM3
SIM4
1
21
22
SIM5
SIM1
SIM2
SIM3
SIM4
1
21
22
SIM5
SIM1
SIM2
SIM3
SIM4
1
21
22
SIM5
SIM1
SIM2
DEBUG 1 216
SIM1
SIM2
SIM3
SIM4
1
21
22
SIM5
SIM1
SIM2
SIM3
SIM4
1
21
22
SIM5
SIM1
SIM2
SIM3
SIM4
1
21
22
SIM5
SIM1
SIM2
SIM3
SIM4
1
21
22
SIM5
SIM1
SIM2
SIM3
SIM4
1
21
22
SIM5
SIM1
SIM2
SIM3
SIM4
1
21
22
SIM5
SIM1
SIM2
SIM3
SIM4
1
21
22
SIM5
SIM1
SIM2
SIM3
SIM4
1
21
22
SIM5
SIM1
SIM2
SIM3
SIM4
1
21
22
SIM5
SIM1
SIM2
SIM3
SIM4
1
21
22
SIM5
SIM1
SIM2
SIM3
SIM4
1
21
22
SIM5
SIM1
SIM2
SIM3
SIM4
1
21
22
SIM5
SIM1
SIM2
SIM3
SIM4
1
21
22
SIM5
SIM1
SIM2
SIM3
SIM4
1
21
22
SIM5
SIM1
SIM2
SIM3
SIM4
1
21
22
SIM5
SIM1
SIM2
SIM3
SIM4
1
21
22
SIM5
SIM1
SIM2
SIM3
SIM4
1
21
22
SIM5
SIM1
SIM2
SIM3
SIM4
1
21
22
SIM5
SIM1
SIM2
SIM3
SIM4
1
21
22
SIM5
SIM1
SIM2
SIM3
SIM4
1
21
22
SIM5
SIM1
SIM2
SIM3
SIM4
1
21
22
SIM5
SIM1
SIM2
SIM3
SIM4
1
21
22
SIM5
SIM1
SIM2
SIM3
SIM4
1
21
22
SIM5
SIM1
SIM2
SIM3
SIM4
1
21
22
SIM5
SIM1
SIM2
SIM3
SIM4
1
21
22
SIM5
SIM1
SIM2
SIM3
SIM4
1
21
22
SIM5
SIM1
SIM2
SIM3
SIM4
1
21
22
SIM5
SIM1
SIM2
SIM3
SIM4
1
21
22
SIM5
SIM1
SIM2
SIM3
SIM4
1
21
22
SIM5
SIM1
SIM2
SIM3
SIM4
1
21
22
SIM5
SIM1
SIM2
SIM3
SIM4
1
21
22
SIM5
SIM1
SIM2
SIM3
SIM4
1
21
22
SIM5
SIM1
SIM2
SIM3
SIM4
1
21
22
SIM5
SIM1
SIM2
SIM3
SIM4
1
21
22
SIM5
SIM1
SIM2
SIM3
SIM4
1
21
22
SIM5
SIM1
SIM2
SIM3
SIM4
1
21
22
SIM5
SIM1
SIM2
SIM3
SIM4
1
21
22
SIM5
SIM1
SIM2
SIM3
SIM4
1
21
22
SIM5
SIM1
SIM2
SIM3
SIM4
1
21
22
SIM5
SIM1
SIM2
SIM3
SIM4
1
21
22
SIM5
SIM1
SIM2
SIM3
SIM4
1
21
22
SIM5
SIM1
SIM2
SIM3
SIM4
1
21
22
SIM5
SIM1
SIM2
SIM3
SIM4
1
21
22
SIM5
SIM1
SIM2
SIM3
SIM4
1
21
22
SIM5
SIM1
SIM2
SIM3
SIM4
1
21
22
SIM5
SIM1
SIM2
SIM3
SIM4
1
21
22
SIM5
SIM1
SIM2
SIM3
SIM4
1
21
22
SIM5
SIM1
SIM2
SIM3
SIM4
1
21
22
SIM5
SIM1
SIM2
SIM3
SIM4
1
21
22
SIM5
SIM1
SIM2
SIM3
SIM4
1
21
22
SIM5
SIM1
SIM2
SIM3
SIM4
1
21
22
SIM5
SIM1
SIM2
SIM3
SIM4
1
21
22
SIM5
SIM1
SIM2
SIM3
SIM4
1
21
22
SIM5
SIM1
SIM2
SIM3
SIM4
1
21
22
SIM5
SIM1
SIM2
SIM3
SIM4
1
21
22
SIM5
SIM1
SIM2
SIM3
SIM4
1
21
22
SIM5
SIM1
SIM2
SIM3
SIM4
1
21
22
SIM5
SIM1
SIM2
SIM3
SIM4
1
21
22
SIM5
SIM1
SIM2
SIM3
SIM4
1
21
22
SIM5
SIM1
SIM2
SIM3
SIM4
1
21
22
SIM5
SIM1
SIM2
SIM3
SIM4
1
21
22
SIM5
SIM1
SIM2
SIM3
SIM4
1
21
22
SIM5
SIM1
SIM2
SIM3
SIM4
1
21
22
SIM5
SIM1
SIM2
SIM3
SIM4
1
21
22
SIM5
SIM1
SIM2
SIM3
SIM4
1
21
22
SIM5
SIM1
SIM2
SIM3
SIM4
1
21
22
SIM5
SIM1
SIM2
SIM3
SIM4
1
21
22
SIM5
SIM1
SIM2
SIM3
SIM4
1
21
22
SIM5
SIM1
SIM2
SIM3
SIM4
1
21
22
SIM5
SIM1
SIM2
SIM3
SIM4
1
21
22
SIM5
SIM1
SIM2
SIM3
SIM4
1
21
22
SIM5
SIM1
SIM2
SIM3
SIM4
1
21
22
SIM5
SIM1
SIM2
SIM3
SIM4
1
21
22
SIM5
SIM1
SIM2
SIM3
SIM4
1
21
22
SIM5
SIM1
SIM2
SIM3
SIM4
1
21
22
SIM5
SIM1
SIM2
SIM3
SIM4
1
21
22
SIM5
SIM1
SIM2
SIM3
SIM4
1
21
22
SIM5
SIM1
SIM2
SIM3
SIM4
1
21
22
SIM5
SIM1
SIM2
SIM3
SIM4
1
21
22
SIM5
SIM1
SIM2
SIM3
SIM4
1
21
22
SIM5
SIM1
SIM2
SIM3
SIM4
1
21
22
SIM5
SIM1
SIM2
SIM3
SIM4
1
21
22
SIM5
SIM1
SIM2
SIM3
SIM4
1
21
22
SIM5
SIM1
SIM2
SIM3
SIM4
1
21
22
SIM5
SIM1
SIM2
SIM3
SIM4
1
21
22
SIM5
SIM1
SIM2
SIM3
SIM4
1
21
22
SIM5
SIM1
SIM2
SIM3
SIM4
1
21
22
SIM5
SIM1
SIM2
SIM3
SIM4
1
21
22
SIM5
SIM1
SIM2
SIM3
SIM4
1
21
22
SIM5
SIM1
SIM2
SIM3
SIM4
1
21
22
SIM5
SIM1
SIM2
SIM3
SIM4
1
21
22
SIM5
SIM1
SIM2
SIM3
SIM4
1
21
22
SIM5
SIM1
SIM2
SIM3
SIM4
1
21
22
SIM5
SIM1
SIM2
SIM3
SIM4
1
21
22
SIM5
SIM1
SIM2
SIM3
SIM4
1
21
22
SIM5
SIM1
SIM2
SIM3
SIM4
1
21
22
SIM5
SIM1
SIM2
SIM3
SIM4
1
21
22
SIM5
SIM1
SIM2
SIM3
SIM4
1
21
22
SIM5
SIM1
SIM2
SIM3
SIM4
1
21
22
SIM5
SIM1
SIM2
SIM3
SIM4
1
21
22
SIM5
SIM1
SIM2
SIM3
SIM4
1
21
22
SIM5
SIM1
SIM2
SIM3
SIM4
1
21
22
SIM5
SIM1
SIM2
SIM3
SIM4
1
21
22
SIM5
SIM1
SIM2
SIM3
SIM4
1
21
22
SIM5
SIM1
SIM2
SIM3
SIM4
1
21
22
SIM5
SIM1
SIM2
SIM3
SIM4
1
21
22
SIM5
SIM1
SIM2
SIM3
SIM4
1
21
22
SIM5
SIM1
SIM2
SIM3
SIM4
1
21
22
SIM5
SIM1
SIM2
SIM3
SIM4
1
21
22
SIM5
SIM1
SIM2
SIM3
SIM4
1
21
22
SIM5
SIM1
SIM2
SIM3
SIM4
1
21
22
SIM5
SIM1
SIM2
SIM3
SIM4
1
21
22
SIM5
SIM1
SIM2
SIM3
SIM4
1
21
22
SIM5
SIM1
SIM2
SIM3
SIM4
1
21
22
SIM5
SIM1
SIM2
SIM3
SIM4
1
21
22
SIM5
SIM1
SIM2
SIM3
SIM4
1
21
22
SIM5
SIM1
SIM2
SIM3
SIM4
1
21
22
SIM5
SIM1
SIM2
SIM3
SIM4
1
21
22
SIM5
SIM1
SIM2
SIM3
SIM4
1
21
22
SIM5
SIM1
SIM2
SIM3
SIM4
1
21
22
SIM5
SIM1
SIM2
SIM3
SIM4
1
21
22
SIM5
SIM1
SIM2
SIM3
SIM4
1
21
22
SIM5
SIM1
SIM2
SIM3
SIM4
1
21
22
SIM5
SIM1
SIM2
SIM3
SIM4
1
21
22
SIM5
SIM1
SIM2
SIM3
SIM4
1
21
22
SIM5
SIM1
SIM2
SIM3
SIM4
1
21
22
SIM5
SIM1
SIM2
SIM3
SIM4
1
21
22
SIM5
SIM1
SIM2
SIM3
SIM4
1
21
22
SIM5
SIM1
SIM2
SIM3
SIM4
1
21
22
SIM5
SIM1
SIM2
SIM3
SIM4
1
21
22
SIM5
SIM1
SIM2
SIM3
SIM4
1
21
22
SIM5
SIM1
SIM2
SIM3
SIM4
1
21
22
SIM5
SIM1
SIM2
SIM3
SIM4
1
21
22
SIM5
SIM1
SIM2
SIM3
SIM4
1
21
22
SIM5
SIM1
SIM2
SIM3
SIM4
1
21
22
SIM5
SIM1
SIM2
SIM3
SIM4
1
21
22
SIM5
SIM1
SIM2
SIM3
SIM4
1
21
22
SIM5
SIM1
SIM2
SIM3
SIM4
1
21
22
SIM5
SIM1
SIM2
SIM3
SIM4
1
21
22
SIM5
SIM1
SIM2
SIM3
SIM4
1
21
22
SIM5
SIM1
SIM2
SIM3
SIM4
1
21
22
SIM5
SIM1
SIM2
SIM3
SIM4
1
21
22
SIM5
SIM1
SIM2
SIM3
SIM4
1
21
22
SIM5
SIM1
SIM2
SIM3
SIM4
1
21
22
SIM5
SIM1
SIM2
SIM3
SIM4
1
21
22
SIM5
SIM1
SIM2
SIM3
SIM4
1
21
22
SIM5
SIM1
SIM2
SIM3
SIM4
1
21
22
SIM5
SIM1
SIM2
SIM3
SIM4
1
21
22
SIM5
SIM1
SIM2
SIM3
SIM4
1
21
22
SIM5
SIM1
SIM2
SIM3
SIM4
1
21
22
SIM5
SIM1
SIM2
SIM3
SIM4
1
21
22
SIM5
SIM1
SIM2
SIM3
SIM4
1
21
22
SIM5
SIM1
SIM2
SIM3
SIM4
1
21
22
SIM5
SIM1
SIM2
SIM3
SIM4
1
21
22
SIM5
SIM1
SIM2
SIM3
SIM4
1
21
22
SIM5
SIM1
SIM2
SIM3
SIM4
1
21
22
SIM5
SIM1
SIM2
SIM3
SIM4
1
21
22
SIM5
SIM1
SIM2
SIM3
SIM4
1
21
22
SIM5
SIM1
SIM2
SIM3
SIM4
1
21
22
SIM5
SIM1
SIM2
SIM3
SIM4
1
21
22
SIM5
SIM1
SIM2
SIM3
SIM4
1
21
22
SIM5
SIM1
SIM2
SIM3
SIM4
1
21
22
SIM5
SIM1
SIM2
SIM3
SIM4
1
21
22
SIM5
SIM1
SIM2
SIM3
SIM4
1
21
22
SIM5
SIM1
SIM2
SIM3
SIM4
1
21
22
SIM5
SIM1
SIM2
SIM3
SIM4
1
21
22
SIM5
SIM1
SIM2
SIM3
SIM4
1
21
22
SIM5
SIM1
SIM2
SIM3
SIM4
1
21
22
SIM5
SIM1
SIM2
SIM3
SIM4
1
21
22
SIM5
SIM1
SIM2
SIM3
SIM4
1
21
22
SIM5
SIM1
SIM2
SIM3
SIM4
1
21
22
SIM5
SIM1
SIM2
SIM3
SIM4
1
21
22
SIM5
SIM1
SIM2
SIM3
SIM4
1
21
22
SIM5
SIM1
SIM2
SIM3
SIM4
1
21
22
SIM5
SIM1
SIM2
SIM3
SIM4
1
21
22
SIM5
SIM1
SIM2
SIM3
SIM4
1
21
22
SIM5
SIM1
SIM2
SIM3
SIM4
1
21
22
SIM5
SIM1
SIM2
SIM3
SIM4
1
21
22
SIM5
SIM1
SIM2
SIM3
SIM4
1
21
22
SIM5
SIM1
SIM2
SIM3
SIM4
1
21
22
SIM5
SIM1
SIM2
SIM3
SIM4
1
21
22
SIM5
SIM1
SIM2
SIM3
SIM4
1
21
22
SIM5
SIM1
SIM2
SIM3
SIM4
1
21
22
SIM5
SIM1
SIM2
SIM3
SIM4
1
21
22
SIM5
SIM1
SIM2
SIM3
SIM4
1
21
22
SIM5
SIM1
SIM2
SIM3
SIM4
1
21
22
SIM5
SIM1
SIM2
SIM3
SIM4
1
21
22
SIM5
SIM1
SIM2
DEBUG 1 217
SIM1
SIM2
SIM3
SIM4
1
21
22
SIM5
SIM1
SIM2
SIM3
SIM4
1
21
22
SIM5
SIM1
SIM2
SIM3
SIM4
1
21
22
SIM5
SIM1
SIM2
SIM3
SIM4
1
21
22
SIM5
SIM1
SIM2
SIM3
SIM4
1
21
22
SIM5
SIM1
SIM2
SIM3
SIM4
1
21
22
SIM5
SIM1
SIM2
SIM3
SIM4
1
21
22
SIM5
SIM1
SIM2
SIM3
SIM4
1
21
22
SIM5
SIM1
SIM2
SIM3
SIM4
1
21
22
SIM5
SIM1
SIM2
SIM3
SIM4
1
21
22
SIM5
SIM1
SIM2
SIM3
SIM4
1
21
22
SIM5
SIM1
SIM2
SIM3
SIM4
1
21
22
SIM5
SIM1
SIM2
SIM3
SIM4
1
21
22
SIM5
SIM1
SIM2
SIM3
SIM4
1
21
22
SIM5
SIM1
SIM2
SIM3
SIM4
1
21
22
SIM5
SIM1
SIM2
SIM3
SIM4
1
21
22
SIM5
SIM1
SIM2
SIM3
SIM4
1
21
22
SIM5
SIM1
SIM2
SIM3
SIM4
1
21
22
SIM5
SIM1
SIM2
SIM3
SIM4
1
21
22
SIM5
SIM1
SIM2
SIM3
SIM4
1
21
22
SIM5
SIM1
SIM2
SIM3
SIM4
1
21
22
SIM5
SIM1
SIM2
SIM3
SIM4
1
21
22
SIM5
SIM1
SIM2
SIM3
SIM4
1
21
22
SIM5
SIM1
SIM2
SIM3
SIM4
1
21
22
SIM5
SIM1
SIM2
SIM3
SIM4
1
21
22
SIM5
SIM1
SIM2
SIM3
SIM4
1
21
22
SIM5
SIM1
SIM2
SIM3
SIM4
1
21
22
SIM5
SIM1
SIM2
SIM3
SIM4
1
21
22
SIM5
SIM1
SIM2
SIM3
SIM4
1
21
22
SIM5
SIM1
SIM2
SIM3
SIM4
1
21
22
SIM5
SIM1
SIM2
SIM3
SIM4
1
21
22
SIM5
SIM1
SIM2
SIM3
SIM4
1
21
22
SIM5
SIM1
SIM2
SIM3
SIM4
1
21
22
SIM5
SIM1
SIM2
SIM3
SIM4
1
21
22
SIM5
SIM1
SIM2
SIM3
SIM4
1
21
22
SIM5
SIM1
SIM2
SIM3
SIM4
1
21
22
SIM5
SIM1
SIM2
SIM3
SIM4
1
21
22
SIM5
SIM1
SIM2
SIM3
SIM4
1
21
22
SIM5
SIM1
SIM2
SIM3
SIM4
1
21
22
SIM5
SIM1
SIM2
SIM3
SIM4
1
21
22
SIM5
SIM1
SIM2
SIM3
SIM4
1
21
22
SIM5
SIM1
SIM2
SIM3
SIM4
1
21
22
SIM5
SIM1
SIM2
SIM3
SIM4
1
21
22
SIM5
SIM1
SIM2
SIM3
SIM4
1
21
22
SIM5
SIM1
SIM2
SIM3
SIM4
1
21
22
SIM5
SIM1
SIM2
SIM3
SIM4
1
21
22
SIM5
SIM1
SIM2
SIM3
SIM4
1
21
22
SIM5
SIM1
SIM2
SIM3
SIM4
1
21
22
SIM5
SIM1
SIM2
SIM3
SIM4
1
21
22
SIM5
SIM1
SIM2
SIM3
SIM4
1
21
22
SIM5
SIM1
SIM2
SIM3
SIM4
1
21
22
SIM5
SIM1
SIM2
SIM3
SIM4
1
21
22
SIM5
SIM1
SIM2
SIM3
SIM4
1
21
22
SIM5
SIM1
SIM2
SIM3
SIM4
1
21
22
SIM5
SIM1
SIM2
SIM3
SIM4
1
21
22
SIM5
SIM1
SIM2
SIM3
SIM4
1
21
22
SIM5
SIM1
SIM2
SIM3
SIM4
1
21
22
SIM5
SIM1
SIM2
SIM3
SIM4
1
21
22
SIM5
SIM1
SIM2
SIM3
SIM4
1
21
22
SIM5
SIM1
SIM2
SIM3
SIM4
1
21
22
SIM5
SIM1
SIM2
SIM3
SIM4
1
21
22
SIM5
SIM1
SIM2
SIM3
SIM4
1
21
22
SIM5
SIM1
SIM2
SIM3
SIM4
1
21
22
SIM5
SIM1
SIM2
SIM3
SIM4
1
21
22
SIM5
SIM1
SIM2
SIM3
SIM4
1
21
22
SIM5
SIM1
SIM2
SIM3
SIM4
1
21
22
SIM5
SIM1
SIM2
SIM3
SIM4
1
21
22
SIM5
SIM1
SIM2
SIM3
SIM4
1
21
22
SIM5
SIM1
SIM2
SIM3
SIM4
1
21
22
SIM5
SIM1
SIM2
SIM3
SIM4
1
21
22
SIM5
SIM1
SIM2
SIM3
SIM4
1
21
22
SIM5
SIM1
SIM2
SIM3
SIM4
1
21
22
SIM5
SIM1
SIM2
SIM3
SIM4
1
21
22
SIM5
SIM1
SIM2
SIM3
SIM4
1
21
22
SIM5
SIM1
SIM2
SIM3
SIM4
1
21
22
SIM5
SIM1
SIM2
SIM3
SIM4
1
21
22
SIM5
SIM1
SIM2
SIM3
SIM4
1
21
22
SIM5
SIM1
SIM2
SIM3
SIM4
1
21
22
SIM5
SIM1
SIM2
SIM3
SIM4
1
21
22
SIM5
SIM1
SIM2
SIM3
SIM4
1
21
22
SIM5
SIM1
SIM2
SIM3
SIM4
1
21
22
SIM5
SIM1
SIM2
SIM3
SIM4
1
21
22
SIM5
SIM1
SIM2
SIM3
SIM4
1
21
22
SIM5
SIM1
SIM2
SIM3
SIM4
1
21
22
SIM5
SIM1
SIM2
SIM3
SIM4
1
21
22
SIM5
SIM1
SIM2
SIM3
SIM4
1
21
22
SIM5
SIM1
SIM2
SIM3
SIM4
1
21
22
SIM5
SIM1
SIM2
SIM3
SIM4
1
21
22
SIM5
SIM1
SIM2
SIM3
SIM4
1
21
22
SIM5
SIM1
SIM2
SIM3
SIM4
1
21
22
SIM5
SIM1
SIM2
SIM3
SIM4
1
21
22
SIM5
SIM1
SIM2
SIM3
SIM4
1
21
22
SIM5
SIM1
SIM2
SIM3
SIM4
1
21
22
SIM5
SIM1
SIM2
SIM3
SIM4
1
21
22
SIM5
SIM1
SIM2
SIM3
SIM4
1
21
22
SIM5
SIM1
SIM2
SIM3
SIM4
1
21
22
SIM5
SIM1
SIM2
SIM3
SIM4
1
21
22
SIM5
SIM1
SIM2
SIM3
SIM4
1
21
22
SIM5
SIM1
SIM2
SIM3
SIM4
1
21
22
SIM5
SIM1
SIM2
SIM3
SIM4
1
21
22
SIM5
SIM1
SIM2
SIM3
SIM4
1
21
22
SIM5
SIM1
SIM2
SIM3
SIM4
1
21
22
SIM5
SIM1
SIM2
SIM3
SIM4
1
21
22
SIM5
SIM1
SIM2
SIM3
SIM4
1
21
22
SIM5
SIM1
SIM2
SIM3
SIM4
1
21
22
SIM5
SIM1
SIM2
SIM3
SIM4
1
21
22
SIM5
SIM1
SIM2
SIM3
SIM4
1
21
22
SIM5
SIM1
SIM2
SIM3
SIM4
1
21
22
SIM5
SIM1
SIM2
SIM3
SIM4
1
21
22
SIM5
SIM1
SIM2
SIM3
SIM4
1
21
22
SIM5
SIM1
SIM2
SIM3
SIM4
1
21
22
SIM5
SIM1
SIM2
SIM3
SIM4
1
21
22
SIM5
SIM1
SIM2
SIM3
SIM4
1
21
22
SIM5
SIM1
SIM2
SIM3
SIM4
1
21
22
SIM5
SIM1
SIM2
SIM3
SIM4
1
21
22
SIM5
SIM1
SIM2
SIM3
SIM4
1
21
22
SIM5
SIM1
SIM2
SIM3
SIM4
1
21
22
SIM5
SIM1
SIM2
SIM3
SIM4
1
21
22
SIM5
SIM1
SIM2
SIM3
SIM4
1
21
22
SIM5
SIM1
SIM2
SIM3
SIM4
1
21
22
SIM5
SIM1
SIM2
SIM3
SIM4
1
21
22
SIM5
SIM1
SIM2
SIM3
SIM4
1
21
22
SIM5
SIM1
SIM2
SIM3
SIM4
1
21
22
SIM5
SIM1
SIM2
SIM3
SIM4
1
21
22
SIM5
SIM1
SIM2
SIM3
SIM4
1
21
22
SIM5
SIM1
SIM2
SIM3
SIM4
1
21
22
SIM5
SIM1
SIM2
SIM3
SIM4
1
21
22
SIM5
SIM1
SIM2
SIM3
SIM4
1
21
22
SIM5
SIM1
SIM2
SIM3
SIM4
1
21
22
SIM5
SIM1
SIM2
SIM3
SIM4
1
21
22
SIM5
SIM1
SIM2
SIM3
SIM4
1
21
22
SIM5
SIM1
SIM2
SIM3
SIM4
1
21
22
SIM5
SIM1
SIM2
SIM3
SIM4
1
21
22
SIM5
SIM1
SIM2
SIM3
SIM4
1
21
22
SIM5
SIM1
SIM2
SIM3
SIM4
1
21
22
SIM5
SIM1
SIM2
SIM3
SIM4
1
21
22
SIM5
SIM1
SIM2
SIM3
SIM4
1
21
22
SIM5
SIM1
SIM2
SIM3
SIM4
1
21
22
SIM5
SIM1
SIM2
SIM3
SIM4
1
21
22
SIM5
SIM1
SIM2
SIM3
SIM4
1
21
22
SIM5
SIM1
SIM2
SIM3
SIM4
1
21
22
SIM5
SIM1
SIM2
SIM3
SIM4
1
21
22
SIM5
SIM1
SIM2
SIM3
SIM4
1
21
22
SIM5
SIM1
SIM2
SIM3
SIM4
1
21
22
SIM5
SIM1
SIM2
SIM3
SIM4
1
21
22
SIM5
SIM1
SIM2
SIM3
SIM4
1
21
22
SIM5
SIM1
SIM2
SIM3
SIM4
1
21
22
SIM5
SIM1
SIM2
SIM3
SIM4
1
21
22
SIM5
SIM1
SIM2
SIM3
SIM4
1
21
22
SIM5
SIM1
SIM2
SIM3
SIM4
1
21
22
SIM5
SIM1
SIM2
SIM3
SIM4
1
21
22
SIM5
SIM1
SIM2
SIM3
SIM4
1
21
22
SIM5
SIM1
SIM2
SIM3
SIM4
1
21
22
SIM5
SIM1
SIM2
SIM3
SIM4
1
21
22
SIM5
SIM1
SIM2
SIM3
SIM4
1
21
22
SIM5
SIM1
SIM2
SIM3
SIM4
1
21
22
SIM5
SIM1
SIM2
SIM3
SIM4
1
21
22
SIM5
SIM1
SIM2
SIM3
SIM4
1
21
22
SIM5
SIM1
SIM2
SIM3
SIM4
1
21
22
SIM5
SIM1
SIM2
SIM3
SIM4
1
21
22
SIM5
SIM1
SIM2
SIM3
SIM4
1
21
22
SIM5
SIM1
SIM2
SIM3
SIM4
1
21
22
SIM5
SIM1
SIM2
SIM3
SIM4
1
21
22
SIM5
SIM1
SIM2
SIM3
SIM4
1
21
22
SIM5
SIM1
SIM2
SIM3
SIM4
1
21
22
SIM5
SIM1
SIM2
SIM3
SIM4
1
21
22
SIM5
SIM1
SIM2
SIM3
SIM4
1
21
22
SIM5
SIM1
SIM2
DEBUG 1 218
SIM1
SIM2
SIM3
SIM4
1
21
22
SIM5
SIM1
SIM2
SIM3
SIM4
1
21
22
SIM5
SIM1
SIM2
SIM3
SIM4
1
21
22
SIM5
SIM1
SIM2
SIM3
SIM4
1
21
22
SIM5
SIM1
SIM2
SIM3
SIM4
1
21
22
SIM5
SIM1
SIM2
SIM3
SIM4
1
21
22
SIM5
SIM1
SIM2
SIM3
SIM4
1
21
22
SIM5
SIM1
SIM2
SIM3
SIM4
1
21
22
SIM5
SIM1
SIM2
SIM3
SIM4
1
21
22
SIM5
SIM1
SIM2
SIM3
SIM4
1
21
22
SIM5
SIM1
SIM2
SIM3
SIM4
1
21
22
SIM5
SIM1
SIM2
SIM3
SIM4
1
21
22
SIM5
SIM1
SIM2
SIM3
SIM4
1
21
22
SIM5
SIM1
SIM2
SIM3
SIM4
1
21
22
SIM5
SIM1
SIM2
SIM3
SIM4
1
21
22
SIM5
SIM1
SIM2
SIM3
SIM4
1
21
22
SIM5
SIM1
SIM2
SIM3
SIM4
1
21
22
SIM5
SIM1
SIM2
SIM3
SIM4
1
21
22
SIM5
SIM1
SIM2
SIM3
SIM4
1
21
22
SIM5
SIM1
SIM2
SIM3
SIM4
1
21
22
SIM5
SIM1
SIM2
SIM3
SIM4
1
21
22
SIM5
SIM1
SIM2
SIM3
SIM4
1
21
22
SIM5
SIM1
SIM2
SIM3
SIM4
1
21
22
SIM5
SIM1
SIM2
SIM3
SIM4
1
21
22
SIM5
SIM1
SIM2
SIM3
SIM4
1
21
22
SIM5
SIM1
SIM2
SIM3
SIM4
1
21
22
SIM5
SIM1
SIM2
SIM3
SIM4
1
21
22
SIM5
SIM1
SIM2
SIM3
SIM4
1
21
22
SIM5
SIM1
SIM2
SIM3
SIM4
1
21
22
SIM5
SIM1
SIM2
SIM3
SIM4
1
21
22
SIM5
SIM1
SIM2
SIM3
SIM4
1
21
22
SIM5
SIM1
SIM2
SIM3
SIM4
1
21
22
SIM5
SIM1
SIM2
SIM3
SIM4
1
21
22
SIM5
SIM1
SIM2
SIM3
SIM4
1
21
22
SIM5
SIM1
SIM2
SIM3
SIM4
1
21
22
SIM5
SIM1
SIM2
SIM3
SIM4
1
21
22
SIM5
SIM1
SIM2
SIM3
SIM4
1
21
22
SIM5
SIM1
SIM2
SIM3
SIM4
1
21
22
SIM5
SIM1
SIM2
SIM3
SIM4
1
21
22
SIM5
SIM1
SIM2
SIM3
SIM4
1
21
22
SIM5
SIM1
SIM2
SIM3
SIM4
1
21
22
SIM5
SIM1
SIM2
SIM3
SIM4
1
21
22
SIM5
SIM1
SIM2
SIM3
SIM4
1
21
22
SIM5
SIM1
SIM2
SIM3
SIM4
1
21
22
SIM5
SIM1
SIM2
SIM3
SIM4
1
21
22
SIM5
SIM1
SIM2
SIM3
SIM4
1
21
22
SIM5
SIM1
SIM2
SIM3
SIM4
1
21
22
SIM5
SIM1
SIM2
SIM3
SIM4
1
21
22
SIM5
SIM1
SIM2
SIM3
SIM4
1
21
22
SIM5
SIM1
SIM2
SIM3
SIM4
1
21
22
SIM5
SIM1
SIM2
SIM3
SIM4
1
21
22
SIM5
SIM1
SIM2
SIM3
SIM4
1
21
22
SIM5
SIM1
SIM2
SIM3
SIM4
1
21
22
SIM5
SIM1
SIM2
SIM3
SIM4
1
21
22
SIM5
SIM1
SIM2
SIM3
SIM4
1
21
22
SIM5
SIM1
SIM2
SIM3
SIM4
1
21
22
SIM5
SIM1
SIM2
SIM3
SIM4
1
21
22
SIM5
SIM1
SIM2
SIM3
SIM4
1
21
22
SIM5
SIM1
SIM2
SIM3
SIM4
1
21
22
SIM5
SIM1
SIM2
SIM3
SIM4
1
21
22
SIM5
SIM1
SIM2
SIM3
SIM4
1
21
22
SIM5
SIM1
SIM2
SIM3
SIM4
1
21
22
SIM5
SIM1
SIM2
SIM3
SIM4
1
21
22
SIM5
SIM1
SIM2
SIM3
SIM4
1
21
22
SIM5
SIM1
SIM2
SIM3
SIM4
1
21
22
SIM5
SIM1
SIM2
SIM3
SIM4
1
21
22
SIM5
SIM1
SIM2
SIM3
SIM4
1
21
22
SIM5
SIM1
SIM2
SIM3
SIM4
1
21
22
SIM5
SIM1
SIM2
SIM3
SIM4
1
21
22
SIM5
SIM1
SIM2
SIM3
SIM4
1
21
22
SIM5
SIM1
SIM2
SIM3
SIM4
1
21
22
SIM5
SIM1
SIM2
SIM3
SIM4
1
21
22
SIM5
SIM1
SIM2
SIM3
SIM4
1
21
22
SIM5
SIM1
SIM2
SIM3
SIM4
1
21
22
SIM5
SIM1
SIM2
SIM3
SIM4
1
21
22
SIM5
SIM1
SIM2
SIM3
SIM4
1
21
22
SIM5
SIM1
SIM2
SIM3
SIM4
1
21
22
SIM5
SIM1
SIM2
SIM3
SIM4
1
21
22
SIM5
SIM1
SIM2
SIM3
SIM4
1
21
22
SIM5
SIM1
SIM2
SIM3
SIM4
1
21
22
SIM5
SIM1
SIM2
SIM3
SIM4
1
21
22
SIM5
SIM1
SIM2
SIM3
SIM4
1
21
22
SIM5
SIM1
SIM2
SIM3
SIM4
1
21
22
SIM5
SIM1
SIM2
SIM3
SIM4
1
21
22
SIM5
SIM1
SIM2
SIM3
SIM4
1
21
22
SIM5
SIM1
SIM2
SIM3
SIM4
1
21
22
SIM5
SIM1
SIM2
SIM3
SIM4
1
21
22
SIM5
SIM1
SIM2
SIM3
SIM4
1
21
22
SIM5
SIM1
SIM2
SIM3
SIM4
1
21
22
SIM5
SIM1
SIM2
SIM3
SIM4
1
21
22
SIM5
SIM1
SIM2
SIM3
SIM4
1
21
22
SIM5
SIM1
SIM2
SIM3
SIM4
1
21
22
SIM5
SIM1
SIM2
SIM3
SIM4
1
21
22
SIM5
SIM1
SIM2
SIM3
SIM4
1
21
22
SIM5
SIM1
SIM2
SIM3
SIM4
1
21
22
SIM5
SIM1
SIM2
SIM3
SIM4
1
21
22
SIM5
SIM1
SIM2
SIM3
SIM4
1
21
22
SIM5
SIM1
SIM2
SIM3
SIM4
1
21
22
SIM5
SIM1
SIM2
SIM3
SIM4
1
21
22
SIM5
SIM1
SIM2
SIM3
SIM4
1
21
22
SIM5
SIM1
SIM2
SIM3
SIM4
1
21
22
SIM5
SIM1
SIM2
SIM3
SIM4
1
21
22
SIM5
SIM1
SIM2
SIM3
SIM4
1
21
22
SIM5
SIM1
SIM2
SIM3
SIM4
1
21
22
SIM5
SIM1
SIM2
SIM3
SIM4
1
21
22
SIM5
SIM1
SIM2
SIM3
SIM4
1
21
22
SIM5
SIM1
SIM2
SIM3
SIM4
1
21
22
SIM5
SIM1
SIM2
SIM3
SIM4
1
21
22
SIM5
SIM1
SIM2
SIM3
SIM4
1
21
22
SIM5
SIM1
SIM2
SIM3
SIM4
1
21
22
SIM5
SIM1
SIM2
SIM3
SIM4
1
21
22
SIM5
SIM1
SIM2
SIM3
SIM4
1
21
22
SIM5
SIM1
SIM2
SIM3
SIM4
1
21
22
SIM5
SIM1
SIM2
SIM3
SIM4
1
21
22
SIM5
SIM1
SIM2
SIM3
SIM4
1
21
22
SIM5
SIM1
SIM2
SIM3
SIM4
1
21
22
SIM5
SIM1
SIM2
SIM3
SIM4
1
21
22
SIM5
SIM1
SIM2
SIM3
SIM4
1
21
22
SIM5
SIM1
SIM2
SIM3
SIM4
1
21
22
SIM5
SIM1
SIM2
SIM3
SIM4
1
21
22
SIM5
SIM1
SIM2
SIM3
SIM4
1
21
22
SIM5
SIM1
SIM2
SIM3
SIM4
1
21
22
SIM5
SIM1
SIM2
SIM3
SIM4
1
21
22
SIM5
SIM1
SIM2
SIM3
SIM4
1
21
22
SIM5
SIM1
SIM2
SIM3
SIM4
1
21
22
SIM5
SIM1
SIM2
SIM3
SIM4
1
21
22
SIM5
SIM1
SIM2
SIM3
SIM4
1
21
22
SIM5
SIM1
SIM2
SIM3
SIM4
1
21
22
SIM5
SIM1
SIM2
SIM3
SIM4
1
21
22
SIM5
SIM1
SIM2
SIM3
SIM4
1
21
22
SIM5
SIM1
SIM2
SIM3
SIM4
1
21
22
SIM5
SIM1
SIM2
SIM3
SIM4
1
21
22
SIM5
SIM1
SIM2
SIM3
SIM4
1
21
22
SIM5
SIM1
SIM2
SIM3
SIM4
1
21
22
SIM5
SIM1
SIM2
SIM3
SIM4
1
21
22
SIM5
SIM1
SIM2
SIM3
SIM4
1
21
22
SIM5
SIM1
SIM2
SIM3
SIM4
1
21
22
SIM5
SIM1
SIM2
SIM3
SIM4
1
21
22
SIM5
SIM1
SIM2
SIM3
SIM4
1
21
22
SIM5
SIM1
SIM2
SIM3
SIM4
1
21
22
SIM5
SIM1
SIM2
SIM3
SIM4
1
21
22
SIM5
SIM1
SIM2
SIM3
SIM4
1
21
22
SIM5
SIM1
SIM2
SIM3
SIM4
1
21
22
SIM5
SIM1
SIM2
SIM3
SIM4
1
21
22
SIM5
SIM1
SIM2
SIM3
SIM4
1
21
22
SIM5
SIM1
SIM2
SIM3
SIM4
1
21
22
SIM5
SIM1
SIM2
SIM3
SIM4
1
21
22
SIM5
SIM1
SIM2
SIM3
SIM4
1
21
22
SIM5
SIM1
SIM2
SIM3
SIM4
1
21
22
SIM5
SIM1
SIM2
SIM3
SIM4
1
21
22
SIM5
SIM1
SIM2
SIM3
SIM4
1
21
22
SIM5
SIM1
SIM2
SIM3
SIM4
1
21
22
SIM5
SIM1
SIM2
SIM3
SIM4
1
21
22
SIM5
SIM1
SIM2
SIM3
SIM4
1
21
22
SIM5
SIM1
SIM2
SIM3
SIM4
1
21
22
SIM5
SIM1
SIM2
SIM3
SIM4
1
21
22
SIM5
SIM1
SIM2
SIM3
SIM4
1
21
22
SIM5
SIM1
SIM2
SIM3
SIM4
1
21
22
SIM5
SIM1
SIM2
SIM3
SIM4
1
21
22
SIM5
SIM1
SIM2
SIM3
SIM4
1
21
22
SIM5
SIM1
SIM2
SIM3
SIM4
1
21
22
SIM5
SIM1
SIM2
SIM3
SIM4
1
21
22
SIM5
SIM1
SIM2
SIM3
SIM4
1
21
22
SIM5
SIM1
SIM2
SIM3
SIM4
1
21
22
SIM5
SIM1
SIM2
SIM3
SIM4
1
21
22
SIM5
SIM1
SIM2
DEBUG 1 219
SIM1
SIM2
SIM3
SIM4
1
21
22
SIM5
SIM1
SIM2
SIM3
SIM4
1
21
22
SIM5
SIM1
SIM2
SIM3
SIM4
1
21
22
SIM5
SIM1
SIM2
SIM3
SIM4
1
21
22
SIM5
SIM1
SIM2
SIM3
SIM4
1
21
22
SIM5
SIM1
SIM2
SIM3
SIM4
1
21
22
SIM5
SIM1
SIM2
SIM3
SIM4
1
21
22
SIM5
SIM1
SIM2
SIM3
SIM4
1
21
22
SIM5
SIM1
SIM2
SIM3
SIM4
1
21
22
SIM5
SIM1
SIM2
SIM3
SIM4
1
21
22
SIM5
SIM1
SIM2
SIM3
SIM4
1
21
22
SIM5
SIM1
SIM2
SIM3
SIM4
1
21
22
SIM5
SIM1
SIM2
SIM3
SIM4
1
21
22
SIM5
SIM1
SIM2
SIM3
SIM4
1
21
22
SIM5
SIM1
SIM2
SIM3
SIM4
1
21
22
SIM5
SIM1
SIM2
SIM3
SIM4
1
21
22
SIM5
SIM1
SIM2
SIM3
SIM4
1
21
22
SIM5
SIM1
SIM2
SIM3
SIM4
1
21
22
SIM5
SIM1
SIM2
SIM3
SIM4
1
21
22
SIM5
SIM1
SIM2
SIM3
SIM4
1
21
22
SIM5
SIM1
SIM2
SIM3
SIM4
1
21
22
SIM5
SIM1
SIM2
SIM3
SIM4
1
21
22
SIM5
SIM1
SIM2
SIM3
SIM4
1
21
22
SIM5
SIM1
SIM2
SIM3
SIM4
1
21
22
SIM5
SIM1
SIM2
SIM3
SIM4
1
21
22
SIM5
SIM1
SIM2
SIM3
SIM4
1
21
22
SIM5
SIM1
SIM2
SIM3
SIM4
1
21
22
SIM5
SIM1
SIM2
SIM3
SIM4
1
21
22
SIM5
SIM1
SIM2
SIM3
SIM4
1
21
22
SIM5
SIM1
SIM2
SIM3
SIM4
1
21
22
SIM5
SIM1
SIM2
SIM3
SIM4
1
21
22
SIM5
SIM1
SIM2
SIM3
SIM4
1
21
22
SIM5
SIM1
SIM2
SIM3
SIM4
1
21
22
SIM5
SIM1
SIM2
SIM3
SIM4
1
21
22
SIM5
SIM1
SIM2
SIM3
SIM4
1
21
22
SIM5
SIM1
SIM2
SIM3
SIM4
1
21
22
SIM5
SIM1
SIM2
SIM3
SIM4
1
21
22
SIM5
SIM1
SIM2
SIM3
SIM4
1
21
22
SIM5
SIM1
SIM2
SIM3
SIM4
1
21
22
SIM5
SIM1
SIM2
SIM3
SIM4
1
21
22
SIM5
SIM1
SIM2
SIM3
SIM4
1
21
22
SIM5
SIM1
SIM2
SIM3
SIM4
1
21
22
SIM5
SIM1
SIM2
SIM3
SIM4
1
21
22
SIM5
SIM1
SIM2
SIM3
SIM4
1
21
22
SIM5
SIM1
SIM2
SIM3
SIM4
1
21
22
SIM5
SIM1
SIM2
SIM3
SIM4
1
21
22
SIM5
SIM1
SIM2
SIM3
SIM4
1
21
22
SIM5
SIM1
SIM2
SIM3
SIM4
1
21
22
SIM5
SIM1
SIM2
SIM3
SIM4
1
21
22
SIM5
SIM1
SIM2
SIM3
SIM4
1
21
22
SIM5
SIM1
SIM2
SIM3
SIM4
1
21
22
SIM5
SIM1
SIM2
SIM3
SIM4
1
21
22
SIM5
SIM1
SIM2
SIM3
SIM4
1
21
22
SIM5
SIM1
SIM2
SIM3
SIM4
1
21
22
SIM5
SIM1
SIM2
SIM3
SIM4
1
21
22
SIM5
SIM1
SIM2
SIM3
SIM4
1
21
22
SIM5
SIM1
SIM2
SIM3
SIM4
1
21
22
SIM5
SIM1
SIM2
SIM3
SIM4
1
21
22
SIM5
SIM1
SIM2
SIM3
SIM4
1
21
22
SIM5
SIM1
SIM2
SIM3
SIM4
1
21
22
SIM5
SIM1
SIM2
SIM3
SIM4
1
21
22
SIM5
SIM1
SIM2
SIM3
SIM4
1
21
22
SIM5
SIM1
SIM2
SIM3
SIM4
1
21
22
SIM5
SIM1
SIM2
SIM3
SIM4
1
21
22
SIM5
SIM1
SIM2
SIM3
SIM4
1
21
22
SIM5
SIM1
SIM2
SIM3
SIM4
1
21
22
SIM5
SIM1
SIM2
SIM3
SIM4
1
21
22
SIM5
SIM1
SIM2
SIM3
SIM4
1
21
22
SIM5
SIM1
SIM2
SIM3
SIM4
1
21
22
SIM5
SIM1
SIM2
SIM3
SIM4
1
21
22
SIM5
SIM1
SIM2
SIM3
SIM4
1
21
22
SIM5
SIM1
SIM2
SIM3
SIM4
1
21
22
SIM5
SIM1
SIM2
SIM3
SIM4
1
21
22
SIM5
SIM1
SIM2
SIM3
SIM4
1
21
22
SIM5
SIM1
SIM2
SIM3
SIM4
1
21
22
SIM5
SIM1
SIM2
SIM3
SIM4
1
21
22
SIM5
SIM1
SIM2
SIM3
SIM4
1
21
22
SIM5
SIM1
SIM2
SIM3
SIM4
1
21
22
SIM5
SIM1
SIM2
SIM3
SIM4
1
21
22
SIM5
SIM1
SIM2
SIM3
SIM4
1
21
22
SIM5
SIM1
SIM2
SIM3
SIM4
1
21
22
SIM5
SIM1
SIM2
SIM3
SIM4
1
21
22
SIM5
SIM1
SIM2
SIM3
SIM4
1
21
22
SIM5
SIM1
SIM2
SIM3
SIM4
1
21
22
SIM5
SIM1
SIM2
SIM3
SIM4
1
21
22
SIM5
SIM1
SIM2
SIM3
SIM4
1
21
22
SIM5
SIM1
SIM2
SIM3
SIM4
1
21
22
SIM5
SIM1
SIM2
SIM3
SIM4
1
21
22
SIM5
SIM1
SIM2
SIM3
SIM4
1
21
22
SIM5
SIM1
SIM2
SIM3
SIM4
1
21
22
SIM5
SIM1
SIM2
SIM3
SIM4
1
21
22
SIM5
SIM1
SIM2
SIM3
SIM4
1
21
22
SIM5
SIM1
SIM2
SIM3
SIM4
1
21
22
SIM5
SIM1
SIM2
SIM3
SIM4
1
21
22
SIM5
SIM1
SIM2
SIM3
SIM4
1
21
22
SIM5
SIM1
SIM2
SIM3
SIM4
1
21
22
SIM5
SIM1
SIM2
SIM3
SIM4
1
21
22
SIM5
SIM1
SIM2
SIM3
SIM4
1
21
22
SIM5
SIM1
SIM2
SIM3
SIM4
1
21
22
SIM5
SIM1
SIM2
SIM3
SIM4
1
21
22
SIM5
SIM1
SIM2
SIM3
SIM4
1
21
22
SIM5
SIM1
SIM2
SIM3
SIM4
1
21
22
SIM5
SIM1
SIM2
SIM3
SIM4
1
21
22
SIM5
SIM1
SIM2
SIM3
SIM4
1
21
22
SIM5
SIM1
SIM2
SIM3
SIM4
1
21
22
SIM5
SIM1
SIM2
SIM3
SIM4
1
21
22
SIM5
SIM1
SIM2
SIM3
SIM4
1
21
22
SIM5
SIM1
SIM2
SIM3
SIM4
1
21
22
SIM5
SIM1
SIM2
SIM3
SIM4
1
21
22
SIM5
SIM1
SIM2
SIM3
SIM4
1
21
22
SIM5
SIM1
SIM2
SIM3
SIM4
1
21
22
SIM5
SIM1
SIM2
SIM3
SIM4
1
21
22
SIM5
SIM1
SIM2
SIM3
SIM4
1
21
22
SIM5
SIM1
SIM2
SIM3
SIM4
1
21
22
SIM5
SIM1
SIM2
SIM3
SIM4
1
21
22
SIM5
SIM1
SIM2
SIM3
SIM4
1
21
22
SIM5
SIM1
SIM2
SIM3
SIM4
1
21
22
SIM5
SIM1
SIM2
SIM3
SIM4
1
21
22
SIM5
SIM1
SIM2
SIM3
SIM4
1
21
22
SIM5
SIM1
SIM2
SIM3
SIM4
1
21
22
SIM5
SIM1
SIM2
SIM3
SIM4
1
21
22
SIM5
SIM1
SIM2
SIM3
SIM4
1
21
22
SIM5
SIM1
SIM2
SIM3
SIM4
1
21
22
SIM5
SIM1
SIM2
SIM3
SIM4
1
21
22
SIM5
SIM1
SIM2
SIM3
SIM4
1
21
22
SIM5
SIM1
SIM2
SIM3
SIM4
1
21
22
SIM5
SIM1
SIM2
SIM3
SIM4
1
21
22
SIM5
SIM1
SIM2
SIM3
SIM4
1
21
22
SIM5
SIM1
SIM2
SIM3
SIM4
1
21
22
SIM5
SIM1
SIM2
SIM3
SIM4
1
21
22
SIM5
SIM1
SIM2
SIM3
SIM4
1
21
22
SIM5
SIM1
SIM2
SIM3
SIM4
1
21
22
SIM5
SIM1
SIM2
SIM3
SIM4
1
21
22
SIM5
SIM1
SIM2
SIM3
SIM4
1
21
22
SIM5
SIM1
SIM2
SIM3
SIM4
1
21
22
SIM5
SIM1
SIM2
SIM3
SIM4
1
21
22
SIM5
SIM1
SIM2
SIM3
SIM4
1
21
22
SIM5
SIM1
SIM2
SIM3
SIM4
1
21
22
SIM5
SIM1
SIM2
SIM3
SIM4
1
21
22
SIM5
SIM1
SIM2
SIM3
SIM4
1
21
22
SIM5
SIM1
SIM2
SIM3
SIM4
1
21
22
SIM5
SIM1
SIM2
SIM3
SIM4
1
21
22
SIM5
SIM1
SIM2
SIM3
SIM4
1
21
22
SIM5
SIM1
SIM2
SIM3
SIM4
1
21
22
SIM5
SIM1
SIM2
SIM3
SIM4
1
21
22
SIM5
SIM1
SIM2
DEBUG 1 220
SIM1
SIM2
SIM3
SIM4
1
21
22
SIM5
SIM1
SIM2
SIM3
SIM4
1
21
22
SIM5
SIM1
SIM2
SIM3
SIM4
1
21
22
SIM5
SIM1
SIM2
SIM3
SIM4
1
21
22
SIM5
SIM1
SIM2
SIM3
SIM4
1
21
22
SIM5
SIM1
SIM2
SIM3
SIM4
1
21
22
SIM5
SIM1
SIM2
SIM3
SIM4
1
21
22
SIM5
SIM1
SIM2
SIM3
SIM4
1
21
22
SIM5
SIM1
SIM2
SIM3
SIM4
1
21
22
SIM5
SIM1
SIM2
SIM3
SIM4
1
21
22
SIM5
SIM1
SIM2
SIM3
SIM4
1
21
22
SIM5
SIM1
SIM2
SIM3
SIM4
1
21
22
SIM5
SIM1
SIM2
SIM3
SIM4
1
21
22
SIM5
SIM1
SIM2
SIM3
SIM4
1
21
22
SIM5
SIM1
SIM2
SIM3
SIM4
1
21
22
SIM5
SIM1
SIM2
SIM3
SIM4
1
21
22
SIM5
SIM1
SIM2
SIM3
SIM4
1
21
22
SIM5
SIM1
SIM2
SIM3
SIM4
1
21
22
SIM5
SIM1
SIM2
SIM3
SIM4
1
21
22
SIM5
SIM1
SIM2
SIM3
SIM4
1
21
22
SIM5
SIM1
SIM2
SIM3
SIM4
1
21
22
SIM5
SIM1
SIM2
SIM3
SIM4
1
21
22
SIM5
SIM1
SIM2
SIM3
SIM4
1
21
22
SIM5
SIM1
SIM2
SIM3
SIM4
1
21
22
SIM5
SIM1
SIM2
SIM3
SIM4
1
21
22
SIM5
SIM1
SIM2
SIM3
SIM4
1
21
22
SIM5
SIM1
SIM2
SIM3
SIM4
1
21
22
SIM5
SIM1
SIM2
SIM3
SIM4
1
21
22
SIM5
SIM1
SIM2
SIM3
SIM4
1
21
22
SIM5
SIM1
SIM2
SIM3
SIM4
1
21
22
SIM5
SIM1
SIM2
SIM3
SIM4
1
21
22
SIM5
SIM1
SIM2
SIM3
SIM4
1
21
22
SIM5
SIM1
SIM2
SIM3
SIM4
1
21
22
SIM5
SIM1
SIM2
SIM3
SIM4
1
21
22
SIM5
SIM1
SIM2
SIM3
SIM4
1
21
22
SIM5
SIM1
SIM2
SIM3
SIM4
1
21
22
SIM5
SIM1
SIM2
SIM3
SIM4
1
21
22
SIM5
SIM1
SIM2
SIM3
SIM4
1
21
22
SIM5
SIM1
SIM2
SIM3
SIM4
1
21
22
SIM5
SIM1
SIM2
SIM3
SIM4
1
21
22
SIM5
SIM1
SIM2
SIM3
SIM4
1
21
22
SIM5
SIM1
SIM2
DEBUG 1 221
SIM1
SIM2
SIM3
SIM4
1
21
22
SIM5
SIM1
SIM2
SIM3
SIM4
1
21
22
SIM5
SIM1
SIM2
SIM3
SIM4
1
21
22
SIM5
SIM1
SIM2
SIM3
SIM4
1
21
22
SIM5
SIM1
SIM2
SIM3
SIM4
1
21
22
SIM5
SIM1
SIM2
SIM3
SIM4
1
21
22
SIM5
SIM1
SIM2
SIM3
SIM4
1
21
22
SIM5
SIM1
SIM2
SIM3
SIM4
1
21
22
SIM5
SIM1
SIM2
SIM3
SIM4
1
21
22
SIM5
SIM1
SIM2
SIM3
SIM4
1
21
22
SIM5
SIM1
SIM2
SIM3
SIM4
1
21
22
SIM5
SIM1
SIM2
SIM3
SIM4
1
21
22
SIM5
SIM1
SIM2
SIM3
SIM4
1
21
22
SIM5
SIM1
SIM2
SIM3
SIM4
1
21
22
SIM5
SIM1
SIM2
SIM3
SIM4
1
21
22
SIM5
SIM1
SIM2
SIM3
SIM4
1
21
22
SIM5
SIM1
SIM2
SIM3
SIM4
1
21
22
SIM5
SIM1
SIM2
SIM3
SIM4
1
21
22
SIM5
SIM1
SIM2
SIM3
SIM4
1
21
22
SIM5
SIM1
SIM2
SIM3
SIM4
1
21
22
SIM5
SIM1
SIM2
SIM3
SIM4
1
21
22
SIM5
SIM1
SIM2
SIM3
SIM4
1
21
22
SIM5
SIM1
SIM2
SIM3
SIM4
1
21
22
SIM5
SIM1
SIM2
SIM3
SIM4
1
21
22
SIM5
SIM1
SIM2
SIM3
SIM4
1
21
22
SIM5
SIM1
SIM2
SIM3
SIM4
1
21
22
SIM5
SIM1
SIM2
SIM3
SIM4
1
21
22
SIM5
SIM1
SIM2
SIM3
SIM4
1
21
22
SIM5
SIM1
SIM2
SIM3
SIM4
1
21
22
SIM5
SIM1
SIM2
SIM3
SIM4
1
21
22
SIM5
SIM1
SIM2
SIM3
SIM4
1
21
22
SIM5
SIM1
SIM2
SIM3
SIM4
1
21
22
SIM5
SIM1
SIM2
SIM3
SIM4
1
21
22
SIM5
SIM1
SIM2
SIM3
SIM4
1
21
22
SIM5
SIM1
SIM2
SIM3
SIM4
1
21
22
SIM5
SIM1
SIM2
SIM3
SIM4
1
21
22
SIM5
SIM1
SIM2
SIM3
SIM4
1
21
22
SIM5
SIM1
SIM2
SIM3
SIM4
1
21
22
SIM5
SIM1
SIM2
SIM3
SIM4
1
21
22
SIM5
SIM1
SIM2
SIM3
SIM4
1
21
22
SIM5
SIM1
SIM2
SIM3
SIM4
1
21
22
SIM5
SIM1
SIM2
SIM3
SIM4
1
21
22
SIM5
SIM1
SIM2
SIM3
SIM4
1
21
22
SIM5
SIM1
SIM2
SIM3
SIM4
1
21
22
SIM5
SIM1
SIM2
SIM3
SIM4
1
21
22
SIM5
SIM1
SIM2
SIM3
SIM4
1
21
22
SIM5
SIM1
SIM2
SIM3
SIM4
1
21
22
SIM5
SIM1
SIM2
SIM3
SIM4
1
21
22
SIM5
SIM1
SIM2
SIM3
SIM4
1
21
22
SIM5
SIM1
SIM2
SIM3
SIM4
1
21
22
SIM5
SIM1
SIM2
SIM3
SIM4
1
21
22
SIM5
SIM1
SIM2
SIM3
SIM4
1
21
22
SIM5
SIM1
SIM2
SIM3
SIM4
1
21
22
SIM5
SIM1
SIM2
SIM3
SIM4
1
21
22
SIM5
SIM1
SIM2
SIM3
SIM4
1
21
22
SIM5
SIM1
SIM2
SIM3
SIM4
1
21
22
SIM5
SIM1
SIM2
SIM3
SIM4
1
21
22
SIM5
SIM1
SIM2
SIM3
SIM4
1
21
22
SIM5
SIM1
SIM2
SIM3
SIM4
1
21
22
SIM5
SIM1
SIM2
SIM3
SIM4
1
21
22
SIM5
SIM1
SIM2
SIM3
SIM4
1
21
22
SIM5
SIM1
SIM2
SIM3
SIM4
1
21
22
SIM5
SIM1
SIM2
SIM3
SIM4
1
21
22
SIM5
SIM1
SIM2
SIM3
SIM4
1
21
22
SIM5
SIM1
SIM2
SIM3
SIM4
1
21
22
SIM5
SIM1
SIM2
SIM3
SIM4
1
21
22
SIM5
SIM1
SIM2
SIM3
SIM4
1
21
22
SIM5
SIM1
SIM2
SIM3
SIM4
1
21
22
SIM5
SIM1
SIM2
SIM3
SIM4
1
21
22
SIM5
SIM1
SIM2
SIM3
SIM4
1
21
22
SIM5
SIM1
SIM2
SIM3
SIM4
1
21
22
SIM5
SIM1
SIM2
SIM3
SIM4
1
21
22
SIM5
SIM1
SIM2
SIM3
SIM4
1
21
22
SIM5
SIM1
SIM2
SIM3
SIM4
1
21
22
SIM5
SIM1
SIM2
SIM3
SIM4
1
21
22
SIM5
SIM1
SIM2
SIM3
SIM4
1
21
22
SIM5
SIM1
SIM2
SIM3
SIM4
1
21
22
SIM5
SIM1
SIM2
SIM3
SIM4
1
21
22
SIM5
SIM1
SIM2
SIM3
SIM4
1
21
22
SIM5
SIM1
SIM2
SIM3
SIM4
1
21
22
SIM5
SIM1
SIM2
SIM3
SIM4
1
21
22
SIM5
SIM1
SIM2
SIM3
SIM4
1
21
22
SIM5
SIM1
SIM2
SIM3
SIM4
1
21
22
SIM5
SIM1
SIM2
SIM3
SIM4
1
21
22
SIM5
SIM1
SIM2
SIM3
SIM4
1
21
22
SIM5
SIM1
SIM2
SIM3
SIM4
1
21
22
SIM5
SIM1
SIM2
SIM3
SIM4
1
21
22
SIM5
SIM1
SIM2
SIM3
SIM4
1
21
22
SIM5
SIM1
SIM2
SIM3
SIM4
1
21
22
SIM5
SIM1
SIM2
SIM3
SIM4
1
21
22
SIM5
SIM1
SIM2
SIM3
SIM4
1
21
22
SIM5
SIM1
SIM2
SIM3
SIM4
1
21
22
SIM5
SIM1
SIM2
SIM3
SIM4
1
21
22
SIM5
SIM1
SIM2
SIM3
SIM4
1
21
22
SIM5
SIM1
SIM2
SIM3
SIM4
1
21
22
SIM5
SIM1
SIM2
SIM3
SIM4
1
21
22
SIM5
SIM1
SIM2
SIM3
SIM4
1
21
22
SIM5
SIM1
SIM2
SIM3
SIM4
1
21
22
SIM5
SIM1
SIM2
SIM3
SIM4
1
21
22
SIM5
SIM1
SIM2
SIM3
SIM4
1
21
22
SIM5
SIM1
SIM2
SIM3
SIM4
1
21
22
SIM5
SIM1
SIM2
SIM3
SIM4
1
21
22
SIM5
SIM1
SIM2
SIM3
SIM4
1
21
22
SIM5
SIM1
SIM2
SIM3
SIM4
1
21
22
SIM5
SIM1
SIM2
SIM3
SIM4
1
21
22
SIM5
SIM1
SIM2
SIM3
SIM4
1
21
22
SIM5
SIM1
SIM2
SIM3
SIM4
1
21
22
SIM5
SIM1
SIM2
SIM3
SIM4
1
21
22
SIM5
SIM1
SIM2
SIM3
SIM4
1
21
22
SIM5
SIM1
SIM2
SIM3
SIM4
1
21
22
SIM5
SIM1
SIM2
SIM3
SIM4
1
21
22
SIM5
SIM1
SIM2
SIM3
SIM4
1
21
22
SIM5
SIM1
SIM2
SIM3
SIM4
1
21
22
SIM5
SIM1
SIM2
SIM3
SIM4
1
21
22
SIM5
SIM1
SIM2
SIM3
SIM4
1
21
22
SIM5
SIM1
SIM2
SIM3
SIM4
1
21
22
SIM5
SIM1
SIM2
SIM3
SIM4
1
21
22
SIM5
SIM1
SIM2
SIM3
SIM4
1
21
22
SIM5
SIM1
SIM2
SIM3
SIM4
1
21
22
SIM5
SIM1
SIM2
SIM3
SIM4
1
21
22
SIM5
SIM1
SIM2
SIM3
SIM4
1
21
22
SIM5
SIM1
SIM2
SIM3
SIM4
1
21
22
SIM5
SIM1
SIM2
SIM3
SIM4
1
21
22
SIM5
SIM1
SIM2
SIM3
SIM4
1
21
22
SIM5
SIM1
SIM2
SIM3
SIM4
1
21
22
SIM5
SIM1
SIM2
SIM3
SIM4
1
21
22
SIM5
SIM1
SIM2
SIM3
SIM4
1
21
22
SIM5
SIM1
SIM2
SIM3
SIM4
1
21
22
SIM5
SIM1
SIM2
SIM3
SIM4
1
21
22
SIM5
SIM1
SIM2
SIM3
SIM4
1
21
22
SIM5
SIM1
SIM2
SIM3
SIM4
1
21
22
SIM5
SIM1
SIM2
SIM3
SIM4
1
21
22
SIM5
SIM1
SIM2
SIM3
SIM4
1
21
22
SIM5
SIM1
SIM2
SIM3
SIM4
1
21
22
SIM5
SIM1
SIM2
SIM3
SIM4
1
21
22
SIM5
SIM1
SIM2
DEBUG 1 222
SIM1
SIM2
SIM3
SIM4
1
21
22
SIM5
SIM1
SIM2
SIM3
SIM4
1
21
22
SIM5
SIM1
SIM2
SIM3
SIM4
1
21
22
SIM5
SIM1
SIM2
SIM3
SIM4
1
21
22
SIM5
SIM1
SIM2
SIM3
SIM4
1
21
22
SIM5
SIM1
SIM2
SIM3
SIM4
1
21
22
SIM5
SIM1
SIM2
SIM3
SIM4
1
21
22
SIM5
SIM1
SIM2
SIM3
SIM4
1
21
22
SIM5
SIM1
SIM2
SIM3
SIM4
1
21
22
SIM5
SIM1
SIM2
SIM3
SIM4
1
21
22
SIM5
SIM1
SIM2
SIM3
SIM4
1
21
22
SIM5
SIM1
SIM2
SIM3
SIM4
1
21
22
SIM5
SIM1
SIM2
SIM3
SIM4
1
21
22
SIM5
SIM1
SIM2
SIM3
SIM4
1
21
22
SIM5
SIM1
SIM2
SIM3
SIM4
1
21
22
SIM5
SIM1
SIM2
SIM3
SIM4
1
21
22
SIM5
SIM1
SIM2
SIM3
SIM4
1
21
22
SIM5
SIM1
SIM2
SIM3
SIM4
1
21
22
SIM5
SIM1
SIM2
SIM3
SIM4
1
21
22
SIM5
SIM1
SIM2
SIM3
SIM4
1
21
22
SIM5
SIM1
SIM2
SIM3
SIM4
1
21
22
SIM5
SIM1
SIM2
SIM3
SIM4
1
21
22
SIM5
SIM1
SIM2
SIM3
SIM4
1
21
22
SIM5
SIM1
SIM2
SIM3
SIM4
1
21
22
SIM5
SIM1
SIM2
SIM3
SIM4
1
21
22
SIM5
SIM1
SIM2
SIM3
SIM4
1
21
22
SIM5
SIM1
SIM2
SIM3
SIM4
1
21
22
SIM5
SIM1
SIM2
SIM3
SIM4
1
21
22
SIM5
SIM1
SIM2
SIM3
SIM4
1
21
22
SIM5
SIM1
SIM2
SIM3
SIM4
1
21
22
SIM5
SIM1
SIM2
SIM3
SIM4
1
21
22
SIM5
SIM1
SIM2
SIM3
SIM4
1
21
22
SIM5
SIM1
SIM2
SIM3
SIM4
1
21
22
SIM5
SIM1
SIM2
SIM3
SIM4
1
21
22
SIM5
SIM1
SIM2
SIM3
SIM4
1
21
22
SIM5
SIM1
SIM2
SIM3
SIM4
1
21
22
SIM5
SIM1
SIM2
SIM3
SIM4
1
21
22
SIM5
SIM1
SIM2
SIM3
SIM4
1
21
22
SIM5
SIM1
SIM2
SIM3
SIM4
1
21
22
SIM5
SIM1
SIM2
SIM3
SIM4
1
21
22
SIM5
SIM1
SIM2
SIM3
SIM4
1
21
22
SIM5
SIM1
SIM2
SIM3
SIM4
1
21
22
SIM5
SIM1
SIM2
SIM3
SIM4
1
21
22
SIM5
SIM1
SIM2
SIM3
SIM4
1
21
22
SIM5
SIM1
SIM2
SIM3
SIM4
1
21
22
SIM5
SIM1
SIM2
SIM3
SIM4
1
21
22
SIM5
SIM1
SIM2
SIM3
SIM4
1
21
22
SIM5
SIM1
SIM2
SIM3
SIM4
1
21
22
SIM5
SIM1
SIM2
SIM3
SIM4
1
21
22
SIM5
SIM1
SIM2
SIM3
SIM4
1
21
22
SIM5
SIM1
SIM2
SIM3
SIM4
1
21
22
SIM5
SIM1
SIM2
SIM3
SIM4
1
21
22
SIM5
SIM1
SIM2
SIM3
SIM4
1
21
22
SIM5
SIM1
SIM2
SIM3
SIM4
1
21
22
SIM5
SIM1
SIM2
SIM3
SIM4
1
21
22
SIM5
SIM1
SIM2
SIM3
SIM4
1
21
22
SIM5
SIM1
SIM2
SIM3
SIM4
1
21
22
SIM5
SIM1
SIM2
SIM3
SIM4
1
21
22
SIM5
SIM1
SIM2
SIM3
SIM4
1
21
22
SIM5
SIM1
SIM2
SIM3
SIM4
1
21
22
SIM5
SIM1
SIM2
SIM3
SIM4
1
21
22
SIM5
SIM1
SIM2
SIM3
SIM4
1
21
22
SIM5
SIM1
SIM2
SIM3
SIM4
1
21
22
SIM5
SIM1
SIM2
SIM3
SIM4
1
21
22
SIM5
SIM1
SIM2
SIM3
SIM4
1
21
22
SIM5
SIM1
SIM2
SIM3
SIM4
1
21
22
SIM5
SIM1
SIM2
SIM3
SIM4
1
21
22
SIM5
SIM1
SIM2
SIM3
SIM4
1
21
22
SIM5
SIM1
SIM2
SIM3
SIM4
1
21
22
SIM5
SIM1
SIM2
SIM3
SIM4
1
21
22
SIM5
SIM1
SIM2
SIM3
SIM4
1
21
22
SIM5
SIM1
SIM2
SIM3
SIM4
1
21
22
SIM5
SIM1
SIM2
SIM3
SIM4
1
21
22
SIM5
SIM1
SIM2
SIM3
SIM4
1
21
22
SIM5
SIM1
SIM2
SIM3
SIM4
1
21
22
SIM5
SIM1
SIM2
SIM3
SIM4
1
21
22
SIM5
SIM1
SIM2
SIM3
SIM4
1
21
22
SIM5
SIM1
SIM2
SIM3
SIM4
1
21
22
SIM5
SIM1
SIM2
SIM3
SIM4
1
21
22
SIM5
SIM1
SIM2
SIM3
SIM4
1
21
22
SIM5
SIM1
SIM2
SIM3
SIM4
1
21
22
SIM5
SIM1
SIM2
SIM3
SIM4
1
21
22
SIM5
SIM1
SIM2
SIM3
SIM4
1
21
22
SIM5
SIM1
SIM2
SIM3
SIM4
1
21
22
SIM5
SIM1
SIM2
SIM3
SIM4
1
21
22
SIM5
SIM1
SIM2
SIM3
SIM4
1
21
22
SIM5
SIM1
SIM2
SIM3
SIM4
1
21
22
SIM5
SIM1
SIM2
SIM3
SIM4
1
21
22
SIM5
SIM1
SIM2
SIM3
SIM4
1
21
22
SIM5
SIM1
SIM2
SIM3
SIM4
1
21
22
SIM5
SIM1
SIM2
SIM3
SIM4
1
21
22
SIM5
SIM1
SIM2
SIM3
SIM4
1
21
22
SIM5
SIM1
SIM2
SIM3
SIM4
1
21
22
SIM5
SIM1
SIM2
SIM3
SIM4
1
21
22
SIM5
SIM1
SIM2
SIM3
SIM4
1
21
22
SIM5
SIM1
SIM2
SIM3
SIM4
1
21
22
SIM5
SIM1
SIM2
SIM3
SIM4
1
21
22
SIM5
SIM1
SIM2
SIM3
SIM4
1
21
22
SIM5
SIM1
SIM2
SIM3
SIM4
1
21
22
SIM5
SIM1
SIM2
SIM3
SIM4
1
21
22
SIM5
SIM1
SIM2
SIM3
SIM4
1
21
22
SIM5
SIM1
SIM2
SIM3
SIM4
1
21
22
SIM5
SIM1
SIM2
SIM3
SIM4
1
21
22
SIM5
SIM1
SIM2
SIM3
SIM4
1
21
22
SIM5
SIM1
SIM2
SIM3
SIM4
1
21
22
SIM5
SIM1
SIM2
SIM3
SIM4
1
21
22
SIM5
SIM1
SIM2
SIM3
SIM4
1
21
22
SIM5
SIM1
SIM2
SIM3
SIM4
1
21
22
SIM5
SIM1
SIM2
SIM3
SIM4
1
21
22
SIM5
SIM1
SIM2
SIM3
SIM4
1
21
22
SIM5
SIM1
SIM2
SIM3
SIM4
1
21
22
SIM5
SIM1
SIM2
SIM3
SIM4
1
21
22
SIM5
SIM1
SIM2
SIM3
SIM4
1
21
22
SIM5
SIM1
SIM2
SIM3
SIM4
1
21
22
SIM5
SIM1
SIM2
SIM3
SIM4
1
21
22
SIM5
SIM1
SIM2
SIM3
SIM4
1
21
22
SIM5
SIM1
SIM2
SIM3
SIM4
1
21
22
SIM5
SIM1
SIM2
SIM3
SIM4
1
21
22
SIM5
SIM1
SIM2
SIM3
SIM4
1
21
22
SIM5
SIM1
SIM2
SIM3
SIM4
1
21
22
SIM5
SIM1
SIM2
SIM3
SIM4
1
21
22
SIM5
SIM1
SIM2
SIM3
SIM4
1
21
22
SIM5
SIM1
SIM2
SIM3
SIM4
1
21
22
SIM5
SIM1
SIM2
SIM3
SIM4
1
21
22
SIM5
SIM1
SIM2
SIM3
SIM4
1
21
22
SIM5
SIM1
SIM2
SIM3
SIM4
1
21
22
SIM5
SIM1
SIM2
SIM3
SIM4
1
21
22
SIM5
SIM1
SIM2
SIM3
SIM4
1
21
22
SIM5
SIM1
SIM2
SIM3
SIM4
1
21
22
SIM5
SIM1
SIM2
SIM3
SIM4
1
21
22
SIM5
SIM1
SIM2
SIM3
SIM4
1
21
22
SIM5
SIM1
SIM2
SIM3
SIM4
1
21
22
SIM5
SIM1
SIM2
SIM3
SIM4
1
21
22
SIM5
SIM1
SIM2
SIM3
SIM4
1
21
22
SIM5
SIM1
SIM2
SIM3
SIM4
1
21
22
SIM5
SIM1
SIM2
SIM3
SIM4
1
21
22
SIM5
SIM1
SIM2
SIM3
SIM4
1
21
22
SIM5
SIM1
SIM2
SIM3
SIM4
1
21
22
SIM5
SIM1
SIM2
SIM3
SIM4
1
21
22
SIM5
SIM1
SIM2
SIM3
SIM4
1
21
22
SIM5
SIM1
SIM2
SIM3
SIM4
1
21
22
SIM5
SIM1
SIM2
SIM3
SIM4
1
21
22
SIM5
SIM1
SIM2
SIM3
SIM4
1
21
22
SIM5
SIM1
SIM2
SIM3
SIM4
1
21
22
SIM5
SIM1
SIM2
SIM3
SIM4
1
21
22
SIM5
SIM1
SIM2
SIM3
SIM4
1
21
22
SIM5
SIM1
SIM2
SIM3
SIM4
1
21
22
SIM5
SIM1
SIM2
SIM3
SIM4
1
21
22
SIM5
SIM1
SIM2
SIM3
SIM4
1
21
22
SIM5
SIM1
SIM2
SIM3
SIM4
1
21
22
SIM5
SIM1
SIM2
SIM3
SIM4
1
21
22
SIM5
SIM1
SIM2
SIM3
SIM4
1
21
22
SIM5
SIM1
SIM2
SIM3
SIM4
1
21
22
SIM5
SIM1
SIM2
SIM3
SIM4
1
21
22
SIM5
SIM1
SIM2
SIM3
SIM4
1
21
22
SIM5
SIM1
SIM2
SIM3
SIM4
1
21
22
SIM5
SIM1
SIM2
SIM3
SIM4
1
21
22
SIM5
SIM1
SIM2
SIM3
SIM4
1
21
22
SIM5
SIM1
SIM2
SIM3
SIM4
1
21
22
SIM5
SIM1
SIM2
SIM3
SIM4
1
21
22
SIM5
SIM1
SIM2
SIM3
SIM4
1
21
22
SIM5
SIM1
SIM2
SIM3
SIM4
1
21
22
SIM5
SIM1
SIM2
SIM3
SIM4
1
21
22
SIM5
SIM1
SIM2
SIM3
SIM4
1
21
22
SIM5
SIM1
SIM2
SIM3
SIM4
1
21
22
SIM5
SIM1
SIM2
SIM3
SIM4
1
21
22
SIM5
SIM1
SIM2
DEBUG 1 223
SIM1
SIM2
SIM3
SIM4
1
21
22
SIM5
SIM1
SIM2
SIM3
SIM4
1
21
22
SIM5
SIM1
SIM2
SIM3
SIM4
1
21
22
SIM5
SIM1
SIM2
SIM3
SIM4
1
21
22
SIM5
SIM1
SIM2
SIM3
SIM4
1
21
22
SIM5
SIM1
SIM2
SIM3
SIM4
1
21
22
SIM5
SIM1
SIM2
SIM3
SIM4
1
21
22
SIM5
SIM1
SIM2
SIM3
SIM4
1
21
22
SIM5
SIM1
SIM2
SIM3
SIM4
1
21
22
SIM5
SIM1
SIM2
SIM3
SIM4
1
21
22
SIM5
SIM1
SIM2
SIM3
SIM4
1
21
22
SIM5
SIM1
SIM2
SIM3
SIM4
1
21
22
SIM5
SIM1
SIM2
SIM3
SIM4
1
21
22
SIM5
SIM1
SIM2
SIM3
SIM4
1
21
22
SIM5
SIM1
SIM2
SIM3
SIM4
1
21
22
SIM5
SIM1
SIM2
SIM3
SIM4
1
21
22
SIM5
SIM1
SIM2
SIM3
SIM4
1
21
22
SIM5
SIM1
SIM2
SIM3
SIM4
1
21
22
SIM5
SIM1
SIM2
SIM3
SIM4
1
21
22
SIM5
SIM1
SIM2
SIM3
SIM4
1
21
22
SIM5
SIM1
SIM2
SIM3
SIM4
1
21
22
SIM5
SIM1
SIM2
SIM3
SIM4
1
21
22
SIM5
SIM1
SIM2
SIM3
SIM4
1
21
22
SIM5
SIM1
SIM2
SIM3
SIM4
1
21
22
SIM5
SIM1
SIM2
SIM3
SIM4
1
21
22
SIM5
SIM1
SIM2
SIM3
SIM4
1
21
22
SIM5
SIM1
SIM2
SIM3
SIM4
1
21
22
SIM5
SIM1
SIM2
SIM3
SIM4
1
21
22
SIM5
SIM1
SIM2
SIM3
SIM4
1
21
22
SIM5
SIM1
SIM2
SIM3
SIM4
1
21
22
SIM5
SIM1
SIM2
SIM3
SIM4
1
21
22
SIM5
SIM1
SIM2
SIM3
SIM4
1
21
22
SIM5
SIM1
SIM2
SIM3
SIM4
1
21
22
SIM5
SIM1
SIM2
SIM3
SIM4
1
21
22
SIM5
SIM1
SIM2
SIM3
SIM4
1
21
22
SIM5
SIM1
SIM2
SIM3
SIM4
1
21
22
SIM5
SIM1
SIM2
SIM3
SIM4
1
21
22
SIM5
SIM1
SIM2
SIM3
SIM4
1
21
22
SIM5
SIM1
SIM2
SIM3
SIM4
1
21
22
SIM5
SIM1
SIM2
SIM3
SIM4
1
21
22
SIM5
SIM1
SIM2
SIM3
SIM4
1
21
22
SIM5
SIM1
SIM2
SIM3
SIM4
1
21
22
SIM5
SIM1
SIM2
SIM3
SIM4
1
21
22
SIM5
SIM1
SIM2
SIM3
SIM4
1
21
22
SIM5
SIM1
SIM2
SIM3
SIM4
1
21
22
SIM5
SIM1
SIM2
SIM3
SIM4
1
21
22
SIM5
SIM1
SIM2
SIM3
SIM4
1
21
22
SIM5
SIM1
SIM2
SIM3
SIM4
1
21
22
SIM5
SIM1
SIM2
SIM3
SIM4
1
21
22
SIM5
SIM1
SIM2
SIM3
SIM4
1
21
22
SIM5
SIM1
SIM2
SIM3
SIM4
1
21
22
SIM5
SIM1
SIM2
SIM3
SIM4
1
21
22
SIM5
SIM1
SIM2
SIM3
SIM4
1
21
22
SIM5
SIM1
SIM2
SIM3
SIM4
1
21
22
SIM5
SIM1
SIM2
SIM3
SIM4
1
21
22
SIM5
SIM1
SIM2
SIM3
SIM4
1
21
22
SIM5
SIM1
SIM2
SIM3
SIM4
1
21
22
SIM5
SIM1
SIM2
SIM3
SIM4
1
21
22
SIM5
SIM1
SIM2
SIM3
SIM4
1
21
22
SIM5
SIM1
SIM2
SIM3
SIM4
1
21
22
SIM5
SIM1
SIM2
SIM3
SIM4
1
21
22
SIM5
SIM1
SIM2
SIM3
SIM4
1
21
22
SIM5
SIM1
SIM2
SIM3
SIM4
1
21
22
SIM5
SIM1
SIM2
SIM3
SIM4
1
21
22
SIM5
SIM1
SIM2
SIM3
SIM4
1
21
22
SIM5
SIM1
SIM2
SIM3
SIM4
1
21
22
SIM5
SIM1
SIM2
SIM3
SIM4
1
21
22
SIM5
SIM1
SIM2
SIM3
SIM4
1
21
22
SIM5
SIM1
SIM2
SIM3
SIM4
1
21
22
SIM5
SIM1
SIM2
SIM3
SIM4
1
21
22
SIM5
SIM1
SIM2
SIM3
SIM4
1
21
22
SIM5
SIM1
SIM2
SIM3
SIM4
1
21
22
SIM5
SIM1
SIM2
SIM3
SIM4
1
21
22
SIM5
SIM1
SIM2
SIM3
SIM4
1
21
22
SIM5
SIM1
SIM2
SIM3
SIM4
1
21
22
SIM5
SIM1
SIM2
SIM3
SIM4
1
21
22
SIM5
SIM1
SIM2
SIM3
SIM4
1
21
22
SIM5
SIM1
SIM2
SIM3
SIM4
1
21
22
SIM5
SIM1
SIM2
SIM3
SIM4
1
21
22
SIM5
SIM1
SIM2
SIM3
SIM4
1
21
22
SIM5
SIM1
SIM2
SIM3
SIM4
1
21
22
SIM5
SIM1
SIM2
SIM3
SIM4
1
21
22
SIM5
SIM1
SIM2
SIM3
SIM4
1
21
22
SIM5
SIM1
SIM2
SIM3
SIM4
1
21
22
SIM5
SIM1
SIM2
SIM3
SIM4
1
21
22
SIM5
SIM1
SIM2
SIM3
SIM4
1
21
22
SIM5
SIM1
SIM2
SIM3
SIM4
1
21
22
SIM5
SIM1
SIM2
SIM3
SIM4
1
21
22
SIM5
SIM1
SIM2
SIM3
SIM4
1
21
22
SIM5
SIM1
SIM2
SIM3
SIM4
1
21
22
SIM5
SIM1
SIM2
SIM3
SIM4
1
21
22
SIM5
SIM1
SIM2
SIM3
SIM4
1
21
22
SIM5
SIM1
SIM2
SIM3
SIM4
1
21
22
SIM5
SIM1
SIM2
SIM3
SIM4
1
21
22
SIM5
SIM1
SIM2
SIM3
SIM4
1
21
22
SIM5
SIM1
SIM2
SIM3
SIM4
1
21
22
SIM5
SIM1
SIM2
SIM3
SIM4
1
21
22
SIM5
SIM1
SIM2
SIM3
SIM4
1
21
22
SIM5
SIM1
SIM2
SIM3
SIM4
1
21
22
SIM5
SIM1
SIM2
SIM3
SIM4
1
21
22
SIM5
SIM1
SIM2
SIM3
SIM4
1
21
22
SIM5
SIM1
SIM2
SIM3
SIM4
1
21
22
SIM5
SIM1
SIM2
SIM3
SIM4
1
21
22
SIM5
SIM1
SIM2
SIM3
SIM4
1
21
22
SIM5
SIM1
SIM2
SIM3
SIM4
1
21
22
SIM5
SIM1
SIM2
SIM3
SIM4
1
21
22
SIM5
SIM1
SIM2
SIM3
SIM4
1
21
22
SIM5
SIM1
SIM2
SIM3
SIM4
1
21
22
SIM5
SIM1
SIM2
SIM3
SIM4
1
21
22
SIM5
SIM1
SIM2
SIM3
SIM4
1
21
22
SIM5
SIM1
SIM2
SIM3
SIM4
1
21
22
SIM5
SIM1
SIM2
SIM3
SIM4
1
21
22
SIM5
SIM1
SIM2
SIM3
SIM4
1
21
22
SIM5
SIM1
SIM2
SIM3
SIM4
1
21
22
SIM5
SIM1
SIM2
SIM3
SIM4
1
21
22
SIM5
SIM1
SIM2
SIM3
SIM4
1
21
22
SIM5
SIM1
SIM2
SIM3
SIM4
1
21
22
SIM5
SIM1
SIM2
SIM3
SIM4
1
21
22
SIM5
SIM1
SIM2
SIM3
SIM4
1
21
22
SIM5
SIM1
SIM2
SIM3
SIM4
1
21
22
SIM5
SIM1
SIM2
SIM3
SIM4
1
21
22
SIM5
SIM1
SIM2
SIM3
SIM4
1
21
22
SIM5
SIM1
SIM2
SIM3
SIM4
1
21
22
SIM5
SIM1
SIM2
SIM3
SIM4
1
21
22
SIM5
SIM1
SIM2
SIM3
SIM4
1
21
22
SIM5
SIM1
SIM2
SIM3
SIM4
1
21
22
SIM5
SIM1
SIM2
SIM3
SIM4
1
21
22
SIM5
SIM1
SIM2
SIM3
SIM4
1
21
22
SIM5
SIM1
SIM2
SIM3
SIM4
1
21
22
SIM5
SIM1
SIM2
SIM3
SIM4
1
21
22
SIM5
SIM1
SIM2
SIM3
SIM4
1
21
22
SIM5
SIM1
SIM2
SIM3
SIM4
1
21
22
SIM5
SIM1
SIM2
SIM3
SIM4
1
21
22
SIM5
SIM1
SIM2
SIM3
SIM4
1
21
22
SIM5
SIM1
SIM2
SIM3
SIM4
1
21
22
SIM5
SIM1
SIM2
SIM3
SIM4
1
21
22
SIM5
SIM1
SIM2
SIM3
SIM4
1
21
22
SIM5
SIM1
SIM2
SIM3
SIM4
1
21
22
SIM5
SIM1
SIM2
SIM3
SIM4
1
21
22
SIM5
SIM1
SIM2
SIM3
SIM4
1
21
22
SIM5
SIM1
SIM2
SIM3
SIM4
1
21
22
SIM5
SIM1
SIM2
SIM3
SIM4
1
21
22
SIM5
SIM1
SIM2
SIM3
SIM4
1
21
22
SIM5
SIM1
SIM2
SIM3
SIM4
1
21
22
SIM5
SIM1
SIM2
SIM3
SIM4
1
21
22
SIM5
SIM1
SIM2
SIM3
SIM4
1
21
22
SIM5
SIM1
SIM2
SIM3
SIM4
1
21
22
SIM5
SIM1
SIM2
SIM3
SIM4
1
21
22
SIM5
SIM1
SIM2
SIM3
SIM4
1
21
22
SIM5
SIM1
SIM2
SIM3
SIM4
1
21
22
SIM5
SIM1
SIM2
SIM3
SIM4
1
21
22
SIM5
SIM1
SIM2
SIM3
SIM4
1
21
22
SIM5
SIM1
SIM2
SIM3
SIM4
1
21
22
SIM5
SIM1
SIM2
SIM3
SIM4
1
21
22
SIM5
SIM1
SIM2
SIM3
SIM4
1
21
22
SIM5
SIM1
SIM2
SIM3
SIM4
1
21
22
SIM5
SIM1
SIM2
SIM3
SIM4
1
21
22
SIM5
SIM1
SIM2
SIM3
SIM4
1
21
22
SIM5
SIM1
SIM2
SIM3
SIM4
1
21
22
SIM5
SIM1
SIM2
SIM3
SIM4
1
21
22
SIM5
SIM1
SIM2
SIM3
SIM4
1
21
22
SIM5
SIM1
SIM2
SIM3
SIM4
1
21
22
SIM5
SIM1
SIM2
SIM3
SIM4
1
21
22
SIM5
SIM1
SIM2
SIM3
SIM4
1
21
22
SIM5
SIM1
SIM2
SIM3
SIM4
1
21
22
SIM5
SIM1
SIM2
SIM3
SIM4
1
21
22
SIM5
SIM1
SIM2
SIM3
SIM4
1
21
22
SIM5
SIM1
SIM2
SIM3
SIM4
1
21
22
SIM5
SIM1
SIM2
SIM3
SIM4
1
21
22
SIM5
SIM1
SIM2
SIM3
SIM4
1
21
22
SIM5
SIM1
SIM2
SIM3
SIM4
1
21
22
SIM5
SIM1
SIM2
SIM3
SIM4
1
21
22
SIM5
SIM1
SIM2
SIM3
SIM4
1
21
22
SIM5
SIM1
SIM2
SIM3
SIM4
1
21
22
SIM5
SIM1
SIM2
SIM3
SIM4
1
21
22
SIM5
SIM1
SIM2
SIM3
SIM4
1
21
22
SIM5
SIM1
SIM2
SIM3
SIM4
1
21
22
SIM5
SIM1
SIM2
SIM3
SIM4
1
21
22
SIM5
SIM1
SIM2
SIM3
SIM4
1
21
22
SIM5
SIM1
SIM2
SIM3
SIM4
1
21
22
SIM5
SIM1
SIM2
SIM3
SIM4
1
21
22
SIM5
SIM1
SIM2
SIM3
SIM4
1
21
22
SIM5
SIM1
SIM2
SIM3
SIM4
1
21
22
SIM5
SIM1
SIM2
SIM3
SIM4
1
21
22
SIM5
SIM1
SIM2
SIM3
SIM4
1
21
22
SIM5
SIM1
SIM2
SIM3
SIM4
1
21
22
SIM5
SIM1
SIM2
SIM3
SIM4
1
21
22
SIM5
SIM1
SIM2
SIM3
SIM4
1
21
22
SIM5
SIM1
SIM2
SIM3
SIM4
1
21
22
SIM5
SIM1
SIM2
SIM3
SIM4
1
21
22
SIM5
SIM1
SIM2
SIM3
SIM4
1
21
22
SIM5
SIM1
SIM2
SIM3
SIM4
1
21
22
SIM5
SIM1
SIM2
SIM3
SIM4
1
21
22
SIM5
SIM1
SIM2
SIM3
SIM4
1
21
22
SIM5
SIM1
SIM2
SIM3
SIM4
1
21
22
SIM5
SIM1
SIM2
SIM3
SIM4
1
21
22
SIM5
SIM1
SIM2
SIM3
SIM4
1
21
22
SIM5
SIM1
SIM2
SIM3
SIM4
1
21
22
SIM5
SIM1
SIM2
SIM3
SIM4
1
21
22
SIM5
SIM1
SIM2
SIM3
SIM4
1
21
22
SIM5
SIM1
SIM2
SIM3
SIM4
1
21
22
SIM5
SIM1
SIM2
SIM3
SIM4
1
21
22
SIM5
SIM1
SIM2
SIM3
SIM4
1
21
22
SIM5
SIM1
SIM2
SIM3
SIM4
1
21
22
SIM5
SIM1
SIM2
SIM3
SIM4
1
21
22
SIM5
SIM1
SIM2
SIM3
SIM4
1
21
22
SIM5
SIM1
SIM2
SIM3
SIM4
1
21
22
SIM5
SIM1
SIM2
SIM3
SIM4
1
21
22
SIM5
SIM1
SIM2
SIM3
SIM4
1
21
22
SIM5
SIM1
SIM2
SIM3
SIM4
1
21
22
SIM5
SIM1
SIM2
SIM3
SIM4
1
21
22
SIM5
SIM1
SIM2
SIM3
SIM4
1
21
22
SIM5
SIM1
SIM2
SIM3
SIM4
1
21
22
SIM5
SIM1
SIM2
SIM3
SIM4
1
21
22
SIM5
SIM1
SIM2
SIM3
SIM4
1
21
22
SIM5
SIM1
SIM2
SIM3
SIM4
1
21
22
SIM5
SIM1
SIM2
DEBUG 1 224
SIM1
SIM2
SIM3
SIM4
1
21
22
SIM5
SIM1
SIM2
SIM3
SIM4
1
21
22
SIM5
SIM1
SIM2
SIM3
SIM4
1
21
22
SIM5
SIM1
SIM2
SIM3
SIM4
1
21
22
SIM5
SIM1
SIM2
SIM3
SIM4
1
21
22
SIM5
SIM1
SIM2
SIM3
SIM4
1
21
22
SIM5
SIM1
SIM2
SIM3
SIM4
1
21
22
SIM5
SIM1
SIM2
SIM3
SIM4
1
21
22
SIM5
SIM1
SIM2
SIM3
SIM4
1
21
22
SIM5
SIM1
SIM2
SIM3
SIM4
1
21
22
SIM5
SIM1
SIM2
SIM3
SIM4
1
21
22
SIM5
SIM1
SIM2
SIM3
SIM4
1
21
22
SIM5
SIM1
SIM2
SIM3
SIM4
1
21
22
SIM5
SIM1
SIM2
SIM3
SIM4
1
21
22
SIM5
SIM1
SIM2
SIM3
SIM4
1
21
22
SIM5
SIM1
SIM2
SIM3
SIM4
1
21
22
SIM5
SIM1
SIM2
SIM3
SIM4
1
21
22
SIM5
SIM1
SIM2
SIM3
SIM4
1
21
22
SIM5
SIM1
SIM2
SIM3
SIM4
1
21
22
SIM5
SIM1
SIM2
SIM3
SIM4
1
21
22
SIM5
SIM1
SIM2
SIM3
SIM4
1
21
22
SIM5
SIM1
SIM2
SIM3
SIM4
1
21
22
SIM5
SIM1
SIM2
SIM3
SIM4
1
21
22
SIM5
SIM1
SIM2
SIM3
SIM4
1
21
22
SIM5
SIM1
SIM2
SIM3
SIM4
1
21
22
SIM5
SIM1
SIM2
SIM3
SIM4
1
21
22
SIM5
SIM1
SIM2
SIM3
SIM4
1
21
22
SIM5
SIM1
SIM2
SIM3
SIM4
1
21
22
SIM5
SIM1
SIM2
SIM3
SIM4
1
21
22
SIM5
SIM1
SIM2
SIM3
SIM4
1
21
22
SIM5
SIM1
SIM2
SIM3
SIM4
1
21
22
SIM5
SIM1
SIM2
SIM3
SIM4
1
21
22
SIM5
SIM1
SIM2
SIM3
SIM4
1
21
22
SIM5
SIM1
SIM2
SIM3
SIM4
1
21
22
SIM5
SIM1
SIM2
SIM3
SIM4
1
21
22
SIM5
SIM1
SIM2
SIM3
SIM4
1
21
22
SIM5
SIM1
SIM2
SIM3
SIM4
1
21
22
SIM5
SIM1
SIM2
SIM3
SIM4
1
21
22
SIM5
SIM1
SIM2
SIM3
SIM4
1
21
22
SIM5
SIM1
SIM2
SIM3
SIM4
1
21
22
SIM5
SIM1
SIM2
SIM3
SIM4
1
21
22
SIM5
SIM1
SIM2
SIM3
SIM4
1
21
22
SIM5
SIM1
SIM2
SIM3
SIM4
1
21
22
SIM5
SIM1
SIM2
SIM3
SIM4
1
21
22
SIM5
SIM1
SIM2
SIM3
SIM4
1
21
22
SIM5
SIM1
SIM2
SIM3
SIM4
1
21
22
SIM5
SIM1
SIM2
SIM3
SIM4
1
21
22
SIM5
SIM1
SIM2
SIM3
SIM4
1
21
22
SIM5
SIM1
SIM2
SIM3
SIM4
1
21
22
SIM5
SIM1
SIM2
SIM3
SIM4
1
21
22
SIM5
SIM1
SIM2
SIM3
SIM4
1
21
22
SIM5
SIM1
SIM2
SIM3
SIM4
1
21
22
SIM5
SIM1
SIM2
SIM3
SIM4
1
21
22
SIM5
SIM1
SIM2
SIM3
SIM4
1
21
22
SIM5
SIM1
SIM2
SIM3
SIM4
1
21
22
SIM5
SIM1
SIM2
SIM3
SIM4
1
21
22
SIM5
SIM1
SIM2
SIM3
SIM4
1
21
22
SIM5
SIM1
SIM2
SIM3
SIM4
1
21
22
SIM5
SIM1
SIM2
SIM3
SIM4
1
21
22
SIM5
SIM1
SIM2
SIM3
SIM4
1
21
22
SIM5
SIM1
SIM2
SIM3
SIM4
1
21
22
SIM5
SIM1
SIM2
SIM3
SIM4
1
21
22
SIM5
SIM1
SIM2
SIM3
SIM4
1
21
22
SIM5
SIM1
SIM2
SIM3
SIM4
1
21
22
SIM5
SIM1
SIM2
SIM3
SIM4
1
21
22
SIM5
SIM1
SIM2
SIM3
SIM4
1
21
22
SIM5
SIM1
SIM2
SIM3
SIM4
1
21
22
SIM5
SIM1
SIM2
SIM3
SIM4
1
21
22
SIM5
SIM1
SIM2
SIM3
SIM4
1
21
22
SIM5
SIM1
SIM2
SIM3
SIM4
1
21
22
SIM5
SIM1
SIM2
SIM3
SIM4
1
21
22
SIM5
SIM1
SIM2
SIM3
SIM4
1
21
22
SIM5
SIM1
SIM2
SIM3
SIM4
1
21
22
SIM5
SIM1
SIM2
SIM3
SIM4
1
21
22
SIM5
SIM1
SIM2
SIM3
SIM4
1
21
22
SIM5
SIM1
SIM2
SIM3
SIM4
1
21
22
SIM5
SIM1
SIM2
SIM3
SIM4
1
21
22
SIM5
SIM1
SIM2
SIM3
SIM4
1
21
22
SIM5
SIM1
SIM2
SIM3
SIM4
1
21
22
SIM5
SIM1
SIM2
SIM3
SIM4
1
21
22
SIM5
SIM1
SIM2
SIM3
SIM4
1
21
22
SIM5
SIM1
SIM2
SIM3
SIM4
1
21
22
SIM5
SIM1
SIM2
SIM3
SIM4
1
21
22
SIM5
SIM1
SIM2
SIM3
SIM4
1
21
22
SIM5
SIM1
SIM2
SIM3
SIM4
1
21
22
SIM5
SIM1
SIM2
SIM3
SIM4
1
21
22
SIM5
SIM1
SIM2
SIM3
SIM4
1
21
22
SIM5
SIM1
SIM2
SIM3
SIM4
1
21
22
SIM5
SIM1
SIM2
SIM3
SIM4
1
21
22
SIM5
SIM1
SIM2
SIM3
SIM4
1
21
22
SIM5
SIM1
SIM2
SIM3
SIM4
1
21
22
SIM5
SIM1
SIM2
SIM3
SIM4
1
21
22
SIM5
SIM1
SIM2
SIM3
SIM4
1
21
22
SIM5
SIM1
SIM2
SIM3
SIM4
1
21
22
SIM5
SIM1
SIM2
SIM3
SIM4
1
21
22
SIM5
SIM1
SIM2
SIM3
SIM4
1
21
22
SIM5
SIM1
SIM2
SIM3
SIM4
1
21
22
SIM5
SIM1
SIM2
SIM3
SIM4
1
21
22
SIM5
SIM1
SIM2
SIM3
SIM4
1
21
22
SIM5
SIM1
SIM2
SIM3
SIM4
1
21
22
SIM5
SIM1
SIM2
SIM3
SIM4
1
21
22
SIM5
SIM1
SIM2
SIM3
SIM4
1
21
22
SIM5
SIM1
SIM2
SIM3
SIM4
1
21
22
SIM5
SIM1
SIM2
SIM3
SIM4
1
21
22
SIM5
SIM1
SIM2
SIM3
SIM4
1
21
22
SIM5
SIM1
SIM2
SIM3
SIM4
1
21
22
SIM5
SIM1
SIM2
SIM3
SIM4
1
21
22
SIM5
SIM1
SIM2
SIM3
SIM4
1
21
22
SIM5
SIM1
SIM2
SIM3
SIM4
1
21
22
SIM5
SIM1
SIM2
SIM3
SIM4
1
21
22
SIM5
SIM1
SIM2
SIM3
SIM4
1
21
22
SIM5
SIM1
SIM2
SIM3
SIM4
1
21
22
SIM5
SIM1
SIM2
SIM3
SIM4
1
21
22
SIM5
SIM1
SIM2
SIM3
SIM4
1
21
22
SIM5
SIM1
SIM2
SIM3
SIM4
1
21
22
SIM5
SIM1
SIM2
SIM3
SIM4
1
21
22
SIM5
SIM1
SIM2
SIM3
SIM4
1
21
22
SIM5
SIM1
SIM2
SIM3
SIM4
1
21
22
SIM5
SIM1
SIM2
SIM3
SIM4
1
21
22
SIM5
SIM1
SIM2
SIM3
SIM4
1
21
22
SIM5
SIM1
SIM2
SIM3
SIM4
1
21
22
SIM5
SIM1
SIM2
SIM3
SIM4
1
21
22
SIM5
SIM1
SIM2
SIM3
SIM4
1
21
22
SIM5
SIM1
SIM2
SIM3
SIM4
1
21
22
SIM5
SIM1
SIM2
SIM3
SIM4
1
21
22
SIM5
SIM1
SIM2
SIM3
SIM4
1
21
22
SIM5
SIM1
SIM2
SIM3
SIM4
1
21
22
SIM5
SIM1
SIM2
SIM3
SIM4
1
21
22
SIM5
SIM1
SIM2
SIM3
SIM4
1
21
22
SIM5
SIM1
SIM2
SIM3
SIM4
1
21
22
SIM5
SIM1
SIM2
SIM3
SIM4
1
21
22
SIM5
SIM1
SIM2
SIM3
SIM4
1
21
22
SIM5
SIM1
SIM2
SIM3
SIM4
1
21
22
SIM5
SIM1
SIM2
SIM3
SIM4
1
21
22
SIM5
SIM1
SIM2
SIM3
SIM4
1
21
22
SIM5
SIM1
SIM2
SIM3
SIM4
1
21
22
SIM5
SIM1
SIM2
SIM3
SIM4
1
21
22
SIM5
SIM1
SIM2
SIM3
SIM4
1
21
22
SIM5
SIM1
SIM2
SIM3
SIM4
1
21
22
SIM5
SIM1
SIM2
SIM3
SIM4
1
21
22
SIM5
SIM1
SIM2
SIM3
SIM4
1
21
22
SIM5
SIM1
SIM2
SIM3
SIM4
1
21
22
SIM5
SIM1
SIM2
SIM3
SIM4
1
21
22
SIM5
SIM1
SIM2
SIM3
SIM4
1
21
22
SIM5
SIM1
SIM2
SIM3
SIM4
1
21
22
SIM5
SIM1
SIM2
SIM3
SIM4
1
21
22
SIM5
SIM1
SIM2
SIM3
SIM4
1
21
22
SIM5
SIM1
SIM2
SIM3
SIM4
1
21
22
SIM5
SIM1
SIM2
SIM3
SIM4
1
21
22
SIM5
SIM1
SIM2
SIM3
SIM4
1
21
22
SIM5
SIM1
SIM2
SIM3
SIM4
1
21
22
SIM5
SIM1
SIM2
SIM3
SIM4
1
21
22
SIM5
SIM1
SIM2
SIM3
SIM4
1
21
22
SIM5
SIM1
SIM2
SIM3
SIM4
1
21
22
SIM5
SIM1
SIM2
SIM3
SIM4
1
21
22
SIM5
SIM1
SIM2
SIM3
SIM4
1
21
22
SIM5
SIM1
SIM2
SIM3
SIM4
1
21
22
SIM5
SIM1
SIM2
SIM3
SIM4
1
21
22
SIM5
SIM1
SIM2
SIM3
SIM4
1
21
22
SIM5
SIM1
SIM2
SIM3
SIM4
1
21
22
SIM5
SIM1
SIM2
SIM3
SIM4
1
21
22
SIM5
SIM1
SIM2
SIM3
SIM4
1
21
22
SIM5
SIM1
SIM2
SIM3
SIM4
1
21
22
SIM5
SIM1
SIM2
SIM3
SIM4
1
21
22
SIM5
SIM1
SIM2
SIM3
SIM4
1
21
22
SIM5
SIM1
SIM2
SIM3
SIM4
1
21
22
SIM5
SIM1
SIM2
SIM3
SIM4
1
21
22
SIM5
SIM1
SIM2
SIM3
SIM4
1
21
22
SIM5
SIM1
SIM2
SIM3
SIM4
1
21
22
SIM5
SIM1
SIM2
SIM3
SIM4
1
21
22
SIM5
SIM1
SIM2
SIM3
SIM4
1
21
22
SIM5
SIM1
SIM2
SIM3
SIM4
1
21
22
SIM5
SIM1
SIM2
SIM3
SIM4
1
21
22
SIM5
SIM1
SIM2
SIM3
SIM4
1
21
22
SIM5
SIM1
SIM2
SIM3
SIM4
1
21
22
SIM5
SIM1
SIM2
SIM3
SIM4
1
21
22
SIM5
SIM1
SIM2
SIM3
SIM4
1
21
22
SIM5
SIM1
SIM2
SIM3
SIM4
1
21
22
SIM5
SIM1
SIM2
SIM3
SIM4
1
21
22
SIM5
SIM1
SIM2
SIM3
SIM4
1
21
22
SIM5
SIM1
SIM2
SIM3
SIM4
1
21
22
SIM5
SIM1
SIM2
SIM3
SIM4
1
21
22
SIM5
SIM1
SIM2
SIM3
SIM4
1
21
22
SIM5
SIM1
SIM2
SIM3
SIM4
1
21
22
SIM5
SIM1
SIM2
SIM3
SIM4
1
21
22
SIM5
SIM1
SIM2
SIM3
SIM4
1
21
22
SIM5
SIM1
SIM2
SIM3
SIM4
1
21
22
SIM5
SIM1
SIM2
SIM3
SIM4
1
21
22
SIM5
SIM1
SIM2
SIM3
SIM4
1
21
22
SIM5
SIM1
SIM2
SIM3
SIM4
1
21
22
SIM5
SIM1
SIM2
SIM3
SIM4
1
21
22
SIM5
SIM1
SIM2
SIM3
SIM4
1
21
22
SIM5
SIM1
SIM2
SIM3
SIM4
1
21
22
SIM5
SIM1
SIM2
SIM3
SIM4
1
21
22
SIM5
SIM1
SIM2
SIM3
SIM4
1
21
22
SIM5
SIM1
SIM2
SIM3
SIM4
1
21
22
SIM5
SIM1
SIM2
SIM3
SIM4
1
21
22
SIM5
SIM1
SIM2
SIM3
SIM4
1
21
22
SIM5
SIM1
SIM2
SIM3
SIM4
1
21
22
SIM5
SIM1
SIM2
SIM3
SIM4
1
21
22
SIM5
SIM1
SIM2
SIM3
SIM4
1
21
22
SIM5
SIM1
SIM2
SIM3
SIM4
1
21
22
SIM5
SIM1
SIM2
SIM3
SIM4
1
21
22
SIM5
SIM1
SIM2
SIM3
SIM4
1
21
22
SIM5
SIM1
SIM2
SIM3
SIM4
1
21
22
SIM5
SIM1
SIM2
SIM3
SIM4
1
21
22
SIM5
SIM1
SIM2
SIM3
SIM4
1
21
22
SIM5
SIM1
SIM2
SIM3
SIM4
1
21
22
SIM5
SIM1
SIM2
SIM3
SIM4
1
21
22
SIM5
SIM1
SIM2
SIM3
SIM4
1
21
22
SIM5
SIM1
SIM2
SIM3
SIM4
1
21
22
SIM5
SIM1
SIM2
SIM3
SIM4
1
21
22
SIM5
SIM1
SIM2
SIM3
SIM4
1
21
22
SIM5
SIM1
SIM2
SIM3
SIM4
1
21
22
SIM5
SIM1
SIM2
SIM3
SIM4
1
21
22
SIM5
SIM1
SIM2
SIM3
SIM4
1
21
22
SIM5
SIM1
SIM2
SIM3
SIM4
1
21
22
SIM5
SIM1
SIM2
SIM3
SIM4
1
21
22
SIM5
SIM1
SIM2
SIM3
SIM4
1
21
22
SIM5
SIM1
SIM2
SIM3
SIM4
1
21
22
SIM5
SIM1
SIM2
SIM3
SIM4
1
21
22
SIM5
SIM1
SIM2
SIM3
SIM4
1
21
22
SIM5
SIM1
SIM2
SIM3
SIM4
1
21
22
SIM5
SIM1
SIM2
SIM3
SIM4
1
21
22
SIM5
SIM1
SIM2
SIM3
SIM4
1
21
22
SIM5
SIM1
SIM2
DEBUG 1 225
SIM1
SIM2
SIM3
SIM4
1
21
22
SIM5
SIM1
SIM2
SIM3
SIM4
1
21
22
SIM5
SIM1
SIM2
SIM3
SIM4
1
21
22
SIM5
SIM1
SIM2
SIM3
SIM4
1
21
22
SIM5
SIM1
SIM2
SIM3
SIM4
1
21
22
SIM5
SIM1
SIM2
SIM3
SIM4
1
21
22
SIM5
SIM1
SIM2
SIM3
SIM4
1
21
22
SIM5
SIM1
SIM2
SIM3
SIM4
1
21
22
SIM5
SIM1
SIM2
SIM3
SIM4
1
21
22
SIM5
SIM1
SIM2
SIM3
SIM4
1
21
22
SIM5
SIM1
SIM2
SIM3
SIM4
1
21
22
SIM5
SIM1
SIM2
SIM3
SIM4
1
21
22
SIM5
SIM1
SIM2
SIM3
SIM4
1
21
22
SIM5
SIM1
SIM2
SIM3
SIM4
1
21
22
SIM5
SIM1
SIM2
SIM3
SIM4
1
21
22
SIM5
SIM1
SIM2
SIM3
SIM4
1
21
22
SIM5
SIM1
SIM2
SIM3
SIM4
1
21
22
SIM5
SIM1
SIM2
SIM3
SIM4
1
21
22
SIM5
SIM1
SIM2
SIM3
SIM4
1
21
22
SIM5
SIM1
SIM2
SIM3
SIM4
1
21
22
SIM5
SIM1
SIM2
SIM3
SIM4
1
21
22
SIM5
SIM1
SIM2
SIM3
SIM4
1
21
22
SIM5
SIM1
SIM2
SIM3
SIM4
1
21
22
SIM5
SIM1
SIM2
SIM3
SIM4
1
21
22
SIM5
SIM1
SIM2
SIM3
SIM4
1
21
22
SIM5
SIM1
SIM2
SIM3
SIM4
1
21
22
SIM5
SIM1
SIM2
SIM3
SIM4
1
21
22
SIM5
SIM1
SIM2
SIM3
SIM4
1
21
22
SIM5
SIM1
SIM2
SIM3
SIM4
1
21
22
SIM5
SIM1
SIM2
SIM3
SIM4
1
21
22
SIM5
SIM1
SIM2
SIM3
SIM4
1
21
22
SIM5
SIM1
SIM2
SIM3
SIM4
1
21
22
SIM5
SIM1
SIM2
SIM3
SIM4
1
21
22
SIM5
SIM1
SIM2
SIM3
SIM4
1
21
22
SIM5
SIM1
SIM2
SIM3
SIM4
1
21
22
SIM5
SIM1
SIM2
SIM3
SIM4
1
21
22
SIM5
SIM1
SIM2
SIM3
SIM4
1
21
22
SIM5
SIM1
SIM2
SIM3
SIM4
1
21
22
SIM5
SIM1
SIM2
SIM3
SIM4
1
21
22
SIM5
SIM1
SIM2
SIM3
SIM4
1
21
22
SIM5
SIM1
SIM2
SIM3
SIM4
1
21
22
SIM5
SIM1
SIM2
SIM3
SIM4
1
21
22
SIM5
SIM1
SIM2
SIM3
SIM4
1
21
22
SIM5
SIM1
SIM2
SIM3
SIM4
1
21
22
SIM5
SIM1
SIM2
SIM3
SIM4
1
21
22
SIM5
SIM1
SIM2
SIM3
SIM4
1
21
22
SIM5
SIM1
SIM2
SIM3
SIM4
1
21
22
SIM5
SIM1
SIM2
SIM3
SIM4
1
21
22
SIM5
SIM1
SIM2
SIM3
SIM4
1
21
22
SIM5
SIM1
SIM2
SIM3
SIM4
1
21
22
SIM5
SIM1
SIM2
SIM3
SIM4
1
21
22
SIM5
SIM1
SIM2
SIM3
SIM4
1
21
22
SIM5
SIM1
SIM2
SIM3
SIM4
1
21
22
SIM5
SIM1
SIM2
SIM3
SIM4
1
21
22
SIM5
SIM1
SIM2
SIM3
SIM4
1
21
22
SIM5
SIM1
SIM2
SIM3
SIM4
1
21
22
SIM5
SIM1
SIM2
SIM3
SIM4
1
21
22
SIM5
SIM1
SIM2
SIM3
SIM4
1
21
22
SIM5
SIM1
SIM2
SIM3
SIM4
1
21
22
SIM5
SIM1
SIM2
SIM3
SIM4
1
21
22
SIM5
SIM1
SIM2
SIM3
SIM4
1
21
22
SIM5
SIM1
SIM2
SIM3
SIM4
1
21
22
SIM5
SIM1
SIM2
SIM3
SIM4
1
21
22
SIM5
SIM1
SIM2
SIM3
SIM4
1
21
22
SIM5
SIM1
SIM2
SIM3
SIM4
1
21
22
SIM5
SIM1
SIM2
SIM3
SIM4
1
21
22
SIM5
SIM1
SIM2
SIM3
SIM4
1
21
22
SIM5
SIM1
SIM2
SIM3
SIM4
1
21
22
SIM5
SIM1
SIM2
SIM3
SIM4
1
21
22
SIM5
SIM1
SIM2
SIM3
SIM4
1
21
22
SIM5
SIM1
SIM2
SIM3
SIM4
1
21
22
SIM5
SIM1
SIM2
SIM3
SIM4
1
21
22
SIM5
SIM1
SIM2
SIM3
SIM4
1
21
22
SIM5
SIM1
SIM2
SIM3
SIM4
1
21
22
SIM5
SIM1
SIM2
SIM3
SIM4
1
21
22
SIM5
SIM1
SIM2
SIM3
SIM4
1
21
22
SIM5
SIM1
SIM2
SIM3
SIM4
1
21
22
SIM5
SIM1
SIM2
SIM3
SIM4
1
21
22
SIM5
SIM1
SIM2
SIM3
SIM4
1
21
22
SIM5
SIM1
SIM2
SIM3
SIM4
1
21
22
SIM5
SIM1
SIM2
SIM3
SIM4
1
21
22
SIM5
SIM1
SIM2
SIM3
SIM4
1
21
22
SIM5
SIM1
SIM2
SIM3
SIM4
1
21
22
SIM5
SIM1
SIM2
SIM3
SIM4
1
21
22
SIM5
SIM1
SIM2
SIM3
SIM4
1
21
22
SIM5
SIM1
SIM2
SIM3
SIM4
1
21
22
SIM5
SIM1
SIM2
SIM3
SIM4
1
21
22
SIM5
SIM1
SIM2
SIM3
SIM4
1
21
22
SIM5
SIM1
SIM2
SIM3
SIM4
1
21
22
SIM5
SIM1
SIM2
SIM3
SIM4
1
21
22
SIM5
SIM1
SIM2
SIM3
SIM4
1
21
22
SIM5
SIM1
SIM2
SIM3
SIM4
1
21
22
SIM5
SIM1
SIM2
SIM3
SIM4
1
21
22
SIM5
SIM1
SIM2
SIM3
SIM4
1
21
22
SIM5
SIM1
SIM2
SIM3
SIM4
1
21
22
SIM5
SIM1
SIM2
SIM3
SIM4
1
21
22
SIM5
SIM1
SIM2
SIM3
SIM4
1
21
22
SIM5
SIM1
SIM2
SIM3
SIM4
1
21
22
SIM5
SIM1
SIM2
SIM3
SIM4
1
21
22
SIM5
SIM1
SIM2
SIM3
SIM4
1
21
22
SIM5
SIM1
SIM2
SIM3
SIM4
1
21
22
SIM5
SIM1
SIM2
SIM3
SIM4
1
21
22
SIM5
SIM1
SIM2
SIM3
SIM4
1
21
22
SIM5
SIM1
SIM2
SIM3
SIM4
1
21
22
SIM5
SIM1
SIM2
SIM3
SIM4
1
21
22
SIM5
SIM1
SIM2
SIM3
SIM4
1
21
22
SIM5
SIM1
SIM2
SIM3
SIM4
1
21
22
SIM5
SIM1
SIM2
SIM3
SIM4
1
21
22
SIM5
SIM1
SIM2
SIM3
SIM4
1
21
22
SIM5
SIM1
SIM2
SIM3
SIM4
1
21
22
SIM5
SIM1
SIM2
SIM3
SIM4
1
21
22
SIM5
SIM1
SIM2
SIM3
SIM4
1
21
22
SIM5
SIM1
SIM2
SIM3
SIM4
1
21
22
SIM5
SIM1
SIM2
SIM3
SIM4
1
21
22
SIM5
SIM1
SIM2
SIM3
SIM4
1
21
22
SIM5
SIM1
SIM2
SIM3
SIM4
1
21
22
SIM5
SIM1
SIM2
SIM3
SIM4
1
21
22
SIM5
SIM1
SIM2
SIM3
SIM4
1
21
22
SIM5
SIM1
SIM2
SIM3
SIM4
1
21
22
SIM5
SIM1
SIM2
SIM3
SIM4
1
21
22
SIM5
SIM1
SIM2
SIM3
SIM4
1
21
22
SIM5
SIM1
SIM2
SIM3
SIM4
1
21
22
SIM5
SIM1
SIM2
SIM3
SIM4
1
21
22
SIM5
SIM1
SIM2
SIM3
SIM4
1
21
22
SIM5
SIM1
SIM2
SIM3
SIM4
1
21
22
SIM5
SIM1
SIM2
SIM3
SIM4
1
21
22
SIM5
SIM1
SIM2
SIM3
SIM4
1
21
22
SIM5
SIM1
SIM2
SIM3
SIM4
1
21
22
SIM5
SIM1
SIM2
SIM3
SIM4
1
21
22
SIM5
SIM1
SIM2
SIM3
SIM4
1
21
22
SIM5
SIM1
SIM2
SIM3
SIM4
1
21
22
SIM5
SIM1
SIM2
SIM3
SIM4
1
21
22
SIM5
SIM1
SIM2
SIM3
SIM4
1
21
22
SIM5
SIM1
SIM2
SIM3
SIM4
1
21
22
SIM5
SIM1
SIM2
SIM3
SIM4
1
21
22
SIM5
SIM1
SIM2
SIM3
SIM4
1
21
22
SIM5
SIM1
SIM2
SIM3
SIM4
1
21
22
SIM5
SIM1
SIM2
SIM3
SIM4
1
21
22
SIM5
SIM1
SIM2
SIM3
SIM4
1
21
22
SIM5
SIM1
SIM2
SIM3
SIM4
1
21
22
SIM5
SIM1
SIM2
SIM3
SIM4
1
21
22
SIM5
SIM1
SIM2
SIM3
SIM4
1
21
22
SIM5
SIM1
SIM2
SIM3
SIM4
1
21
22
SIM5
SIM1
SIM2
SIM3
SIM4
1
21
22
SIM5
SIM1
SIM2
SIM3
SIM4
1
21
22
SIM5
SIM1
SIM2
SIM3
SIM4
1
21
22
SIM5
SIM1
SIM2
SIM3
SIM4
1
21
22
SIM5
SIM1
SIM2
SIM3
SIM4
1
21
22
SIM5
SIM1
SIM2
SIM3
SIM4
1
21
22
SIM5
SIM1
SIM2
SIM3
SIM4
1
21
22
SIM5
SIM1
SIM2
SIM3
SIM4
1
21
22
SIM5
SIM1
SIM2
SIM3
SIM4
1
21
22
SIM5
SIM1
SIM2
SIM3
SIM4
1
21
22
SIM5
SIM1
SIM2
SIM3
SIM4
1
21
22
SIM5
SIM1
SIM2
DEBUG 1 226
SIM1
SIM2
SIM3
SIM4
1
21
22
SIM5
SIM1
SIM2
SIM3
SIM4
1
21
22
SIM5
SIM1
SIM2
SIM3
SIM4
1
21
22
SIM5
SIM1
SIM2
SIM3
SIM4
1
21
22
SIM5
SIM1
SIM2
SIM3
SIM4
1
21
22
SIM5
SIM1
SIM2
SIM3
SIM4
1
21
22
SIM5
SIM1
SIM2
SIM3
SIM4
1
21
22
SIM5
SIM1
SIM2
SIM3
SIM4
1
21
22
SIM5
SIM1
SIM2
SIM3
SIM4
1
21
22
SIM5
SIM1
SIM2
SIM3
SIM4
1
21
22
SIM5
SIM1
SIM2
SIM3
SIM4
1
21
22
SIM5
SIM1
SIM2
SIM3
SIM4
1
21
22
SIM5
SIM1
SIM2
SIM3
SIM4
1
21
22
SIM5
SIM1
SIM2
SIM3
SIM4
1
21
22
SIM5
SIM1
SIM2
SIM3
SIM4
1
21
22
SIM5
SIM1
SIM2
SIM3
SIM4
1
21
22
SIM5
SIM1
SIM2
SIM3
SIM4
1
21
22
SIM5
SIM1
SIM2
SIM3
SIM4
1
21
22
SIM5
SIM1
SIM2
SIM3
SIM4
1
21
22
SIM5
SIM1
SIM2
SIM3
SIM4
1
21
22
SIM5
SIM1
SIM2
SIM3
SIM4
1
21
22
SIM5
SIM1
SIM2
SIM3
SIM4
1
21
22
SIM5
SIM1
SIM2
SIM3
SIM4
1
21
22
SIM5
SIM1
SIM2
SIM3
SIM4
1
21
22
SIM5
SIM1
SIM2
SIM3
SIM4
1
21
22
SIM5
SIM1
SIM2
SIM3
SIM4
1
21
22
SIM5
SIM1
SIM2
SIM3
SIM4
1
21
22
SIM5
SIM1
SIM2
SIM3
SIM4
1
21
22
SIM5
SIM1
SIM2
SIM3
SIM4
1
21
22
SIM5
SIM1
SIM2
SIM3
SIM4
1
21
22
SIM5
SIM1
SIM2
SIM3
SIM4
1
21
22
SIM5
SIM1
SIM2
SIM3
SIM4
1
21
22
SIM5
SIM1
SIM2
SIM3
SIM4
1
21
22
SIM5
SIM1
SIM2
SIM3
SIM4
1
21
22
SIM5
SIM1
SIM2
SIM3
SIM4
1
21
22
SIM5
SIM1
SIM2
SIM3
SIM4
1
21
22
SIM5
SIM1
SIM2
SIM3
SIM4
1
21
22
SIM5
SIM1
SIM2
SIM3
SIM4
1
21
22
SIM5
SIM1
SIM2
SIM3
SIM4
1
21
22
SIM5
SIM1
SIM2
SIM3
SIM4
1
21
22
SIM5
SIM1
SIM2
SIM3
SIM4
1
21
22
SIM5
SIM1
SIM2
SIM3
SIM4
1
21
22
SIM5
SIM1
SIM2
SIM3
SIM4
1
21
22
SIM5
SIM1
SIM2
SIM3
SIM4
1
21
22
SIM5
SIM1
SIM2
SIM3
SIM4
1
21
22
SIM5
SIM1
SIM2
SIM3
SIM4
1
21
22
SIM5
SIM1
SIM2
SIM3
SIM4
1
21
22
SIM5
SIM1
SIM2
SIM3
SIM4
1
21
22
SIM5
SIM1
SIM2
SIM3
SIM4
1
21
22
SIM5
SIM1
SIM2
SIM3
SIM4
1
21
22
SIM5
SIM1
SIM2
SIM3
SIM4
1
21
22
SIM5
SIM1
SIM2
SIM3
SIM4
1
21
22
SIM5
SIM1
SIM2
SIM3
SIM4
1
21
22
SIM5
SIM1
SIM2
SIM3
SIM4
1
21
22
SIM5
SIM1
SIM2
SIM3
SIM4
1
21
22
SIM5
SIM1
SIM2
SIM3
SIM4
1
21
22
SIM5
SIM1
SIM2
SIM3
SIM4
1
21
22
SIM5
SIM1
SIM2
SIM3
SIM4
1
21
22
SIM5
SIM1
SIM2
SIM3
SIM4
1
21
22
SIM5
SIM1
SIM2
SIM3
SIM4
1
21
22
SIM5
SIM1
SIM2
SIM3
SIM4
1
21
22
SIM5
SIM1
SIM2
SIM3
SIM4
1
21
22
SIM5
SIM1
SIM2
SIM3
SIM4
1
21
22
SIM5
SIM1
SIM2
SIM3
SIM4
1
21
22
SIM5
SIM1
SIM2
SIM3
SIM4
1
21
22
SIM5
SIM1
SIM2
SIM3
SIM4
1
21
22
SIM5
SIM1
SIM2
SIM3
SIM4
1
21
22
SIM5
SIM1
SIM2
SIM3
SIM4
1
21
22
SIM5
SIM1
SIM2
SIM3
SIM4
1
21
22
SIM5
SIM1
SIM2
SIM3
SIM4
1
21
22
SIM5
SIM1
SIM2
SIM3
SIM4
1
21
22
SIM5
SIM1
SIM2
SIM3
SIM4
1
21
22
SIM5
SIM1
SIM2
SIM3
SIM4
1
21
22
SIM5
SIM1
SIM2
SIM3
SIM4
1
21
22
SIM5
SIM1
SIM2
SIM3
SIM4
1
21
22
SIM5
SIM1
SIM2
SIM3
SIM4
1
21
22
SIM5
SIM1
SIM2
SIM3
SIM4
1
21
22
SIM5
SIM1
SIM2
SIM3
SIM4
1
21
22
SIM5
SIM1
SIM2
SIM3
SIM4
1
21
22
SIM5
SIM1
SIM2
SIM3
SIM4
1
21
22
SIM5
SIM1
SIM2
SIM3
SIM4
1
21
22
SIM5
SIM1
SIM2
SIM3
SIM4
1
21
22
SIM5
SIM1
SIM2
SIM3
SIM4
1
21
22
SIM5
SIM1
SIM2
SIM3
SIM4
1
21
22
SIM5
SIM1
SIM2
SIM3
SIM4
1
21
22
SIM5
SIM1
SIM2
SIM3
SIM4
1
21
22
SIM5
SIM1
SIM2
SIM3
SIM4
1
21
22
SIM5
SIM1
SIM2
SIM3
SIM4
1
21
22
SIM5
SIM1
SIM2
SIM3
SIM4
1
21
22
SIM5
SIM1
SIM2
SIM3
SIM4
1
21
22
SIM5
SIM1
SIM2
SIM3
SIM4
1
21
22
SIM5
SIM1
SIM2
SIM3
SIM4
1
21
22
SIM5
SIM1
SIM2
SIM3
SIM4
1
21
22
SIM5
SIM1
SIM2
SIM3
SIM4
1
21
22
SIM5
SIM1
SIM2
SIM3
SIM4
1
21
22
SIM5
SIM1
SIM2
SIM3
SIM4
1
21
22
SIM5
SIM1
SIM2
SIM3
SIM4
1
21
22
SIM5
SIM1
SIM2
SIM3
SIM4
1
21
22
SIM5
SIM1
SIM2
DEBUG 1 227
SIM1
SIM2
SIM3
SIM4
1
21
22
SIM5
SIM1
SIM2
SIM3
SIM4
1
21
22
SIM5
SIM1
SIM2
SIM3
SIM4
1
21
22
SIM5
SIM1
SIM2
SIM3
SIM4
1
21
22
SIM5
SIM1
SIM2
SIM3
SIM4
1
21
22
SIM5
SIM1
SIM2
SIM3
SIM4
1
21
22
SIM5
SIM1
SIM2
SIM3
SIM4
1
21
22
SIM5
SIM1
SIM2
SIM3
SIM4
1
21
22
SIM5
SIM1
SIM2
SIM3
SIM4
1
21
22
SIM5
SIM1
SIM2
SIM3
SIM4
1
21
22
SIM5
SIM1
SIM2
SIM3
SIM4
1
21
22
SIM5
SIM1
SIM2
SIM3
SIM4
1
21
22
SIM5
SIM1
SIM2
SIM3
SIM4
1
21
22
SIM5
SIM1
SIM2
SIM3
SIM4
1
21
22
SIM5
SIM1
SIM2
SIM3
SIM4
1
21
22
SIM5
SIM1
SIM2
SIM3
SIM4
1
21
22
SIM5
SIM1
SIM2
SIM3
SIM4
1
21
22
SIM5
SIM1
SIM2
SIM3
SIM4
1
21
22
SIM5
SIM1
SIM2
SIM3
SIM4
1
21
22
SIM5
SIM1
SIM2
SIM3
SIM4
1
21
22
SIM5
SIM1
SIM2
SIM3
SIM4
1
21
22
SIM5
SIM1
SIM2
SIM3
SIM4
1
21
22
SIM5
SIM1
SIM2
SIM3
SIM4
1
21
22
SIM5
SIM1
SIM2
SIM3
SIM4
1
21
22
SIM5
SIM1
SIM2
SIM3
SIM4
1
21
22
SIM5
SIM1
SIM2
SIM3
SIM4
1
21
22
SIM5
SIM1
SIM2
SIM3
SIM4
1
21
22
SIM5
SIM1
SIM2
SIM3
SIM4
1
21
22
SIM5
SIM1
SIM2
SIM3
SIM4
1
21
22
SIM5
SIM1
SIM2
SIM3
SIM4
1
21
22
SIM5
SIM1
SIM2
SIM3
SIM4
1
21
22
SIM5
SIM1
SIM2
SIM3
SIM4
1
21
22
SIM5
SIM1
SIM2
SIM3
SIM4
1
21
22
SIM5
SIM1
SIM2
SIM3
SIM4
1
21
22
SIM5
SIM1
SIM2
SIM3
SIM4
1
21
22
SIM5
SIM1
SIM2
SIM3
SIM4
1
21
22
SIM5
SIM1
SIM2
SIM3
SIM4
1
21
22
SIM5
SIM1
SIM2
SIM3
SIM4
1
21
22
SIM5
SIM1
SIM2
SIM3
SIM4
1
21
22
SIM5
SIM1
SIM2
SIM3
SIM4
1
21
22
SIM5
SIM1
SIM2
SIM3
SIM4
1
21
22
SIM5
SIM1
SIM2
SIM3
SIM4
1
21
22
SIM5
SIM1
SIM2
SIM3
SIM4
1
21
22
SIM5
SIM1
SIM2
SIM3
SIM4
1
21
22
SIM5
SIM1
SIM2
SIM3
SIM4
1
21
22
SIM5
SIM1
SIM2
SIM3
SIM4
1
21
22
SIM5
SIM1
SIM2
SIM3
SIM4
1
21
22
SIM5
SIM1
SIM2
SIM3
SIM4
1
21
22
SIM5
SIM1
SIM2
SIM3
SIM4
1
21
22
SIM5
SIM1
SIM2
SIM3
SIM4
1
21
22
SIM5
SIM1
SIM2
SIM3
SIM4
1
21
22
SIM5
SIM1
SIM2
SIM3
SIM4
1
21
22
SIM5
SIM1
SIM2
SIM3
SIM4
1
21
22
SIM5
SIM1
SIM2
SIM3
SIM4
1
21
22
SIM5
SIM1
SIM2
SIM3
SIM4
1
21
22
SIM5
SIM1
SIM2
SIM3
SIM4
1
21
22
SIM5
SIM1
SIM2
SIM3
SIM4
1
21
22
SIM5
SIM1
SIM2
SIM3
SIM4
1
21
22
SIM5
SIM1
SIM2
SIM3
SIM4
1
21
22
SIM5
SIM1
SIM2
SIM3
SIM4
1
21
22
SIM5
SIM1
SIM2
SIM3
SIM4
1
21
22
SIM5
SIM1
SIM2
SIM3
SIM4
1
21
22
SIM5
SIM1
SIM2
SIM3
SIM4
1
21
22
SIM5
SIM1
SIM2
SIM3
SIM4
1
21
22
SIM5
SIM1
SIM2
SIM3
SIM4
1
21
22
SIM5
SIM1
SIM2
SIM3
SIM4
1
21
22
SIM5
SIM1
SIM2
SIM3
SIM4
1
21
22
SIM5
SIM1
SIM2
SIM3
SIM4
1
21
22
SIM5
SIM1
SIM2
SIM3
SIM4
1
21
22
SIM5
SIM1
SIM2
SIM3
SIM4
1
21
22
SIM5
SIM1
SIM2
SIM3
SIM4
1
21
22
SIM5
SIM1
SIM2
SIM3
SIM4
1
21
22
SIM5
SIM1
SIM2
SIM3
SIM4
1
21
22
SIM5
SIM1
SIM2
SIM3
SIM4
1
21
22
SIM5
SIM1
SIM2
SIM3
SIM4
1
21
22
SIM5
SIM1
SIM2
SIM3
SIM4
1
21
22
SIM5
SIM1
SIM2
SIM3
SIM4
1
21
22
SIM5
SIM1
SIM2
SIM3
SIM4
1
21
22
SIM5
SIM1
SIM2
SIM3
SIM4
1
21
22
SIM5
SIM1
SIM2
SIM3
SIM4
1
21
22
SIM5
SIM1
SIM2
SIM3
SIM4
1
21
22
SIM5
SIM1
SIM2
SIM3
SIM4
1
21
22
SIM5
SIM1
SIM2
SIM3
SIM4
1
21
22
SIM5
SIM1
SIM2
SIM3
SIM4
1
21
22
SIM5
SIM1
SIM2
SIM3
SIM4
1
21
22
SIM5
SIM1
SIM2
SIM3
SIM4
1
21
22
SIM5
SIM1
SIM2
SIM3
SIM4
1
21
22
SIM5
SIM1
SIM2
SIM3
SIM4
1
21
22
SIM5
SIM1
SIM2
SIM3
SIM4
1
21
22
SIM5
SIM1
SIM2
SIM3
SIM4
1
21
22
SIM5
SIM1
SIM2
SIM3
SIM4
1
21
22
SIM5
SIM1
SIM2
SIM3
SIM4
1
21
22
SIM5
SIM1
SIM2
SIM3
SIM4
1
21
22
SIM5
SIM1
SIM2
SIM3
SIM4
1
21
22
SIM5
SIM1
SIM2
SIM3
SIM4
1
21
22
SIM5
SIM1
SIM2
SIM3
SIM4
1
21
22
SIM5
SIM1
SIM2
SIM3
SIM4
1
21
22
SIM5
SIM1
SIM2
SIM3
SIM4
1
21
22
SIM5
SIM1
SIM2
SIM3
SIM4
1
21
22
SIM5
SIM1
SIM2
SIM3
SIM4
1
21
22
SIM5
SIM1
SIM2
SIM3
SIM4
1
21
22
SIM5
SIM1
SIM2
SIM3
SIM4
1
21
22
SIM5
SIM1
SIM2
SIM3
SIM4
1
21
22
SIM5
SIM1
SIM2
SIM3
SIM4
1
21
22
SIM5
SIM1
SIM2
SIM3
SIM4
1
21
22
SIM5
SIM1
SIM2
SIM3
SIM4
1
21
22
SIM5
SIM1
SIM2
SIM3
SIM4
1
21
22
SIM5
SIM1
SIM2
SIM3
SIM4
1
21
22
SIM5
SIM1
SIM2
SIM3
SIM4
1
21
22
SIM5
SIM1
SIM2
SIM3
SIM4
1
21
22
SIM5
SIM1
SIM2
SIM3
SIM4
1
21
22
SIM5
SIM1
SIM2
SIM3
SIM4
1
21
22
SIM5
SIM1
SIM2
SIM3
SIM4
1
21
22
SIM5
SIM1
SIM2
SIM3
SIM4
1
21
22
SIM5
SIM1
SIM2
SIM3
SIM4
1
21
22
SIM5
SIM1
SIM2
SIM3
SIM4
1
21
22
SIM5
SIM1
SIM2
SIM3
SIM4
1
21
22
SIM5
SIM1
SIM2
SIM3
SIM4
1
21
22
SIM5
SIM1
SIM2
SIM3
SIM4
1
21
22
SIM5
SIM1
SIM2
SIM3
SIM4
1
21
22
SIM5
SIM1
SIM2
SIM3
SIM4
1
21
22
SIM5
SIM1
SIM2
SIM3
SIM4
1
21
22
SIM5
SIM1
SIM2
SIM3
SIM4
1
21
22
SIM5
SIM1
SIM2
SIM3
SIM4
1
21
22
SIM5
SIM1
SIM2
SIM3
SIM4
1
21
22
SIM5
SIM1
SIM2
SIM3
SIM4
1
21
22
SIM5
SIM1
SIM2
SIM3
SIM4
1
21
22
SIM5
SIM1
SIM2
SIM3
SIM4
1
21
22
SIM5
SIM1
SIM2
SIM3
SIM4
1
21
22
SIM5
SIM1
SIM2
SIM3
SIM4
1
21
22
SIM5
SIM1
SIM2
SIM3
SIM4
1
21
22
SIM5
SIM1
SIM2
SIM3
SIM4
1
21
22
SIM5
SIM1
SIM2
SIM3
SIM4
1
21
22
SIM5
SIM1
SIM2
SIM3
SIM4
1
21
22
SIM5
SIM1
SIM2
SIM3
SIM4
1
21
22
SIM5
SIM1
SIM2
SIM3
SIM4
1
21
22
SIM5
SIM1
SIM2
SIM3
SIM4
1
21
22
SIM5
SIM1
SIM2
SIM3
SIM4
1
21
22
SIM5
SIM1
SIM2
SIM3
SIM4
1
21
22
SIM5
SIM1
SIM2
SIM3
SIM4
1
21
22
SIM5
SIM1
SIM2
SIM3
SIM4
1
21
22
SIM5
SIM1
SIM2
SIM3
SIM4
1
21
22
SIM5
SIM1
SIM2
SIM3
SIM4
1
21
22
SIM5
SIM1
SIM2
SIM3
SIM4
1
21
22
SIM5
SIM1
SIM2
SIM3
SIM4
1
21
22
SIM5
SIM1
SIM2
SIM3
SIM4
1
21
22
SIM5
SIM1
SIM2
SIM3
SIM4
1
21
22
SIM5
SIM1
SIM2
SIM3
SIM4
1
21
22
SIM5
SIM1
SIM2
SIM3
SIM4
1
21
22
SIM5
SIM1
SIM2
SIM3
SIM4
1
21
22
SIM5
SIM1
SIM2
SIM3
SIM4
1
21
22
SIM5
SIM1
SIM2
SIM3
SIM4
1
21
22
SIM5
SIM1
SIM2
SIM3
SIM4
1
21
22
SIM5
SIM1
SIM2
SIM3
SIM4
1
21
22
SIM5
SIM1
SIM2
SIM3
SIM4
1
21
22
SIM5
SIM1
SIM2
SIM3
SIM4
1
21
22
SIM5
SIM1
SIM2
SIM3
SIM4
1
21
22
SIM5
SIM1
SIM2
SIM3
SIM4
1
21
22
SIM5
SIM1
SIM2
SIM3
SIM4
1
21
22
SIM5
SIM1
SIM2
SIM3
SIM4
1
21
22
SIM5
SIM1
SIM2
SIM3
SIM4
1
21
22
SIM5
SIM1
SIM2
SIM3
SIM4
1
21
22
SIM5
SIM1
SIM2
SIM3
SIM4
1
21
22
SIM5
SIM1
SIM2
SIM3
SIM4
1
21
22
SIM5
SIM1
SIM2
SIM3
SIM4
1
21
22
SIM5
SIM1
SIM2
SIM3
SIM4
1
21
22
SIM5
SIM1
SIM2
SIM3
SIM4
1
21
22
SIM5
SIM1
SIM2
SIM3
SIM4
1
21
22
SIM5
SIM1
SIM2
SIM3
SIM4
1
21
22
SIM5
SIM1
SIM2
SIM3
SIM4
1
21
22
SIM5
SIM1
SIM2
SIM3
SIM4
1
21
22
SIM5
SIM1
SIM2
SIM3
SIM4
1
21
22
SIM5
SIM1
SIM2
SIM3
SIM4
1
21
22
SIM5
SIM1
SIM2
SIM3
SIM4
1
21
22
SIM5
SIM1
SIM2
SIM3
SIM4
1
21
22
SIM5
SIM1
SIM2
SIM3
SIM4
1
21
22
SIM5
SIM1
SIM2
SIM3
SIM4
1
21
22
SIM5
SIM1
SIM2
SIM3
SIM4
1
21
22
SIM5
SIM1
SIM2
SIM3
SIM4
1
21
22
SIM5
SIM1
SIM2
SIM3
SIM4
1
21
22
SIM5
SIM1
SIM2
SIM3
SIM4
1
21
22
SIM5
SIM1
SIM2
SIM3
SIM4
1
21
22
SIM5
SIM1
SIM2
SIM3
SIM4
1
21
22
SIM5
SIM1
SIM2
SIM3
SIM4
1
21
22
SIM5
SIM1
SIM2
SIM3
SIM4
1
21
22
SIM5
SIM1
SIM2
SIM3
SIM4
1
21
22
SIM5
SIM1
SIM2
SIM3
SIM4
1
21
22
SIM5
SIM1
SIM2
SIM3
SIM4
1
21
22
SIM5
SIM1
SIM2
SIM3
SIM4
1
21
22
SIM5
SIM1
SIM2
SIM3
SIM4
1
21
22
SIM5
SIM1
SIM2
SIM3
SIM4
1
21
22
SIM5
SIM1
SIM2
SIM3
SIM4
1
21
22
SIM5
SIM1
SIM2
SIM3
SIM4
1
21
22
SIM5
SIM1
SIM2
SIM3
SIM4
1
21
22
SIM5
SIM1
SIM2
SIM3
SIM4
1
21
22
SIM5
SIM1
SIM2
SIM3
SIM4
1
21
22
SIM5
SIM1
SIM2
SIM3
SIM4
1
21
22
SIM5
SIM1
SIM2
SIM3
SIM4
1
21
22
SIM5
SIM1
SIM2
SIM3
SIM4
1
21
22
SIM5
SIM1
SIM2
SIM3
SIM4
1
21
22
SIM5
SIM1
SIM2
SIM3
SIM4
1
21
22
SIM5
SIM1
SIM2
SIM3
SIM4
1
21
22
SIM5
SIM1
SIM2
SIM3
SIM4
1
21
22
SIM5
SIM1
SIM2
SIM3
SIM4
1
21
22
SIM5
SIM1
SIM2
SIM3
SIM4
1
21
22
SIM5
SIM1
SIM2
SIM3
SIM4
1
21
22
SIM5
SIM1
SIM2
DEBUG 1 228
SIM1
SIM2
SIM3
SIM4
1
21
22
SIM5
SIM1
SIM2
SIM3
SIM4
1
21
22
SIM5
SIM1
SIM2
SIM3
SIM4
1
21
22
SIM5
SIM1
SIM2
SIM3
SIM4
1
21
22
SIM5
SIM1
SIM2
SIM3
SIM4
1
21
22
SIM5
SIM1
SIM2
SIM3
SIM4
1
21
22
SIM5
SIM1
SIM2
SIM3
SIM4
1
21
22
SIM5
SIM1
SIM2
SIM3
SIM4
1
21
22
SIM5
SIM1
SIM2
SIM3
SIM4
1
21
22
SIM5
SIM1
SIM2
SIM3
SIM4
1
21
22
SIM5
SIM1
SIM2
SIM3
SIM4
1
21
22
SIM5
SIM1
SIM2
SIM3
SIM4
1
21
22
SIM5
SIM1
SIM2
SIM3
SIM4
1
21
22
SIM5
SIM1
SIM2
SIM3
SIM4
1
21
22
SIM5
SIM1
SIM2
SIM3
SIM4
1
21
22
SIM5
SIM1
SIM2
SIM3
SIM4
1
21
22
SIM5
SIM1
SIM2
SIM3
SIM4
1
21
22
SIM5
SIM1
SIM2
SIM3
SIM4
1
21
22
SIM5
SIM1
SIM2
SIM3
SIM4
1
21
22
SIM5
SIM1
SIM2
SIM3
SIM4
1
21
22
SIM5
SIM1
SIM2
SIM3
SIM4
1
21
22
SIM5
SIM1
SIM2
SIM3
SIM4
1
21
22
SIM5
SIM1
SIM2
SIM3
SIM4
1
21
22
SIM5
SIM1
SIM2
SIM3
SIM4
1
21
22
SIM5
SIM1
SIM2
SIM3
SIM4
1
21
22
SIM5
SIM1
SIM2
SIM3
SIM4
1
21
22
SIM5
SIM1
SIM2
SIM3
SIM4
1
21
22
SIM5
SIM1
SIM2
SIM3
SIM4
1
21
22
SIM5
SIM1
SIM2
SIM3
SIM4
1
21
22
SIM5
SIM1
SIM2
SIM3
SIM4
1
21
22
SIM5
SIM1
SIM2
SIM3
SIM4
1
21
22
SIM5
SIM1
SIM2
SIM3
SIM4
1
21
22
SIM5
SIM1
SIM2
SIM3
SIM4
1
21
22
SIM5
SIM1
SIM2
SIM3
SIM4
1
21
22
SIM5
SIM1
SIM2
SIM3
SIM4
1
21
22
SIM5
SIM1
SIM2
SIM3
SIM4
1
21
22
SIM5
SIM1
SIM2
SIM3
SIM4
1
21
22
SIM5
SIM1
SIM2
SIM3
SIM4
1
21
22
SIM5
SIM1
SIM2
SIM3
SIM4
1
21
22
SIM5
SIM1
SIM2
SIM3
SIM4
1
21
22
SIM5
SIM1
SIM2
SIM3
SIM4
1
21
22
SIM5
SIM1
SIM2
SIM3
SIM4
1
21
22
SIM5
SIM1
SIM2
SIM3
SIM4
1
21
22
SIM5
SIM1
SIM2
SIM3
SIM4
1
21
22
SIM5
SIM1
SIM2
SIM3
SIM4
1
21
22
SIM5
SIM1
SIM2
SIM3
SIM4
1
21
22
SIM5
SIM1
SIM2
SIM3
SIM4
1
21
22
SIM5
SIM1
SIM2
SIM3
SIM4
1
21
22
SIM5
SIM1
SIM2
SIM3
SIM4
1
21
22
SIM5
SIM1
SIM2
SIM3
SIM4
1
21
22
SIM5
SIM1
SIM2
SIM3
SIM4
1
21
22
SIM5
SIM1
SIM2
SIM3
SIM4
1
21
22
SIM5
SIM1
SIM2
SIM3
SIM4
1
21
22
SIM5
SIM1
SIM2
SIM3
SIM4
1
21
22
SIM5
SIM1
SIM2
SIM3
SIM4
1
21
22
SIM5
SIM1
SIM2
SIM3
SIM4
1
21
22
SIM5
SIM1
SIM2
SIM3
SIM4
1
21
22
SIM5
SIM1
SIM2
SIM3
SIM4
1
21
22
SIM5
SIM1
SIM2
SIM3
SIM4
1
21
22
SIM5
SIM1
SIM2
SIM3
SIM4
1
21
22
SIM5
SIM1
SIM2
SIM3
SIM4
1
21
22
SIM5
SIM1
SIM2
SIM3
SIM4
1
21
22
SIM5
SIM1
SIM2
SIM3
SIM4
1
21
22
SIM5
SIM1
SIM2
SIM3
SIM4
1
21
22
SIM5
SIM1
SIM2
SIM3
SIM4
1
21
22
SIM5
SIM1
SIM2
SIM3
SIM4
1
21
22
SIM5
SIM1
SIM2
SIM3
SIM4
1
21
22
SIM5
SIM1
SIM2
SIM3
SIM4
1
21
22
SIM5
SIM1
SIM2
SIM3
SIM4
1
21
22
SIM5
SIM1
SIM2
SIM3
SIM4
1
21
22
SIM5
SIM1
SIM2
SIM3
SIM4
1
21
22
SIM5
SIM1
SIM2
SIM3
SIM4
1
21
22
SIM5
SIM1
SIM2
SIM3
SIM4
1
21
22
SIM5
SIM1
SIM2
SIM3
SIM4
1
21
22
SIM5
SIM1
SIM2
SIM3
SIM4
1
21
22
SIM5
SIM1
SIM2
SIM3
SIM4
1
21
22
SIM5
SIM1
SIM2
SIM3
SIM4
1
21
22
SIM5
SIM1
SIM2
SIM3
SIM4
1
21
22
SIM5
SIM1
SIM2
SIM3
SIM4
1
21
22
SIM5
SIM1
SIM2
SIM3
SIM4
1
21
22
SIM5
SIM1
SIM2
SIM3
SIM4
1
21
22
SIM5
SIM1
SIM2
SIM3
SIM4
1
21
22
SIM5
SIM1
SIM2
SIM3
SIM4
1
21
22
SIM5
SIM1
SIM2
SIM3
SIM4
1
21
22
SIM5
SIM1
SIM2
SIM3
SIM4
1
21
22
SIM5
SIM1
SIM2
SIM3
SIM4
1
21
22
SIM5
SIM1
SIM2
SIM3
SIM4
1
21
22
SIM5
SIM1
SIM2
SIM3
SIM4
1
21
22
SIM5
SIM1
SIM2
SIM3
SIM4
1
21
22
SIM5
SIM1
SIM2
SIM3
SIM4
1
21
22
SIM5
SIM1
SIM2
SIM3
SIM4
1
21
22
SIM5
SIM1
SIM2
SIM3
SIM4
1
21
22
SIM5
SIM1
SIM2
SIM3
SIM4
1
21
22
SIM5
SIM1
SIM2
SIM3
SIM4
1
21
22
SIM5
SIM1
SIM2
SIM3
SIM4
1
21
22
SIM5
SIM1
SIM2
SIM3
SIM4
1
21
22
SIM5
SIM1
SIM2
SIM3
SIM4
1
21
22
SIM5
SIM1
SIM2
SIM3
SIM4
1
21
22
SIM5
SIM1
SIM2
SIM3
SIM4
1
21
22
SIM5
SIM1
SIM2
SIM3
SIM4
1
21
22
SIM5
SIM1
SIM2
SIM3
SIM4
1
21
22
SIM5
SIM1
SIM2
SIM3
SIM4
1
21
22
SIM5
SIM1
SIM2
SIM3
SIM4
1
21
22
SIM5
SIM1
SIM2
SIM3
SIM4
1
21
22
SIM5
SIM1
SIM2
SIM3
SIM4
1
21
22
SIM5
SIM1
SIM2
SIM3
SIM4
1
21
22
SIM5
SIM1
SIM2
SIM3
SIM4
1
21
22
SIM5
SIM1
SIM2
SIM3
SIM4
1
21
22
SIM5
SIM1
SIM2
SIM3
SIM4
1
21
22
SIM5
SIM1
SIM2
SIM3
SIM4
1
21
22
SIM5
SIM1
SIM2
SIM3
SIM4
1
21
22
SIM5
SIM1
SIM2
SIM3
SIM4
1
21
22
SIM5
SIM1
SIM2
SIM3
SIM4
1
21
22
SIM5
SIM1
SIM2
SIM3
SIM4
1
21
22
SIM5
SIM1
SIM2
SIM3
SIM4
1
21
22
SIM5
SIM1
SIM2
SIM3
SIM4
1
21
22
SIM5
SIM1
SIM2
SIM3
SIM4
1
21
22
SIM5
SIM1
SIM2
SIM3
SIM4
1
21
22
SIM5
SIM1
SIM2
SIM3
SIM4
1
21
22
SIM5
SIM1
SIM2
SIM3
SIM4
1
21
22
SIM5
SIM1
SIM2
SIM3
SIM4
1
21
22
SIM5
SIM1
SIM2
SIM3
SIM4
1
21
22
SIM5
SIM1
SIM2
SIM3
SIM4
1
21
22
SIM5
SIM1
SIM2
SIM3
SIM4
1
21
22
SIM5
SIM1
SIM2
SIM3
SIM4
1
21
22
SIM5
SIM1
SIM2
SIM3
SIM4
1
21
22
SIM5
SIM1
SIM2
SIM3
SIM4
1
21
22
SIM5
SIM1
SIM2
SIM3
SIM4
1
21
22
SIM5
SIM1
SIM2
SIM3
SIM4
1
21
22
SIM5
SIM1
SIM2
SIM3
SIM4
1
21
22
SIM5
SIM1
SIM2
SIM3
SIM4
1
21
22
SIM5
SIM1
SIM2
SIM3
SIM4
1
21
22
SIM5
SIM1
SIM2
SIM3
SIM4
1
21
22
SIM5
SIM1
SIM2
SIM3
SIM4
1
21
22
SIM5
SIM1
SIM2
SIM3
SIM4
1
21
22
SIM5
SIM1
SIM2
SIM3
SIM4
1
21
22
SIM5
SIM1
SIM2
SIM3
SIM4
1
21
22
SIM5
SIM1
SIM2
SIM3
SIM4
1
21
22
SIM5
SIM1
SIM2
SIM3
SIM4
1
21
22
SIM5
SIM1
SIM2
SIM3
SIM4
1
21
22
SIM5
SIM1
SIM2
SIM3
SIM4
1
21
22
SIM5
SIM1
SIM2
SIM3
SIM4
1
21
22
SIM5
SIM1
SIM2
SIM3
SIM4
1
21
22
SIM5
SIM1
SIM2
SIM3
SIM4
1
21
22
SIM5
SIM1
SIM2
SIM3
SIM4
1
21
22
SIM5
SIM1
SIM2
SIM3
SIM4
1
21
22
SIM5
SIM1
SIM2
SIM3
SIM4
1
21
22
SIM5
SIM1
SIM2
SIM3
SIM4
1
21
22
SIM5
SIM1
SIM2
SIM3
SIM4
1
21
22
SIM5
SIM1
SIM2
SIM3
SIM4
1
21
22
SIM5
SIM1
SIM2
SIM3
SIM4
1
21
22
SIM5
SIM1
SIM2
SIM3
SIM4
1
21
22
SIM5
SIM1
SIM2
SIM3
SIM4
1
21
22
SIM5
SIM1
SIM2
SIM3
SIM4
1
21
22
SIM5
SIM1
SIM2
SIM3
SIM4
1
21
22
SIM5
SIM1
SIM2
SIM3
SIM4
1
21
22
SIM5
SIM1
SIM2
SIM3
SIM4
1
21
22
SIM5
SIM1
SIM2
SIM3
SIM4
1
21
22
SIM5
SIM1
SIM2
SIM3
SIM4
1
21
22
SIM5
SIM1
SIM2
SIM3
SIM4
1
21
22
SIM5
SIM1
SIM2
SIM3
SIM4
1
21
22
SIM5
SIM1
SIM2
SIM3
SIM4
1
21
22
SIM5
SIM1
SIM2
SIM3
SIM4
1
21
22
SIM5
SIM1
SIM2
SIM3
SIM4
1
21
22
SIM5
SIM1
SIM2
SIM3
SIM4
1
21
22
SIM5
SIM1
SIM2
SIM3
SIM4
1
21
22
SIM5
SIM1
SIM2
SIM3
SIM4
1
21
22
SIM5
SIM1
SIM2
SIM3
SIM4
1
21
22
SIM5
SIM1
SIM2
SIM3
SIM4
1
21
22
SIM5
SIM1
SIM2
SIM3
SIM4
1
21
22
SIM5
SIM1
SIM2
SIM3
SIM4
1
21
22
SIM5
SIM1
SIM2
SIM3
SIM4
1
21
22
SIM5
SIM1
SIM2
SIM3
SIM4
1
21
22
SIM5
SIM1
SIM2
SIM3
SIM4
1
21
22
SIM5
SIM1
SIM2
SIM3
SIM4
1
21
22
SIM5
SIM1
SIM2
SIM3
SIM4
1
21
22
SIM5
SIM1
SIM2
SIM3
SIM4
1
21
22
SIM5
SIM1
SIM2
SIM3
SIM4
1
21
22
SIM5
SIM1
SIM2
SIM3
SIM4
1
21
22
SIM5
SIM1
SIM2
SIM3
SIM4
1
21
22
SIM5
SIM1
SIM2
SIM3
SIM4
1
21
22
SIM5
SIM1
SIM2
SIM3
SIM4
1
21
22
SIM5
SIM1
SIM2
SIM3
SIM4
1
21
22
SIM5
SIM1
SIM2
SIM3
SIM4
1
21
22
SIM5
SIM1
SIM2
SIM3
SIM4
1
21
22
SIM5
SIM1
SIM2
SIM3
SIM4
1
21
22
SIM5
SIM1
SIM2
SIM3
SIM4
1
21
22
SIM5
SIM1
SIM2
SIM3
SIM4
1
21
22
SIM5
SIM1
SIM2
SIM3
SIM4
1
21
22
SIM5
SIM1
SIM2
SIM3
SIM4
1
21
22
SIM5
SIM1
SIM2
SIM3
SIM4
1
21
22
SIM5
SIM1
SIM2
SIM3
SIM4
1
21
22
SIM5
SIM1
SIM2
SIM3
SIM4
1
21
22
SIM5
SIM1
SIM2
SIM3
SIM4
1
21
22
SIM5
SIM1
SIM2
SIM3
SIM4
1
21
22
SIM5
SIM1
SIM2
SIM3
SIM4
1
21
22
SIM5
SIM1
SIM2
SIM3
SIM4
1
21
22
SIM5
SIM1
SIM2
SIM3
SIM4
1
21
22
SIM5
SIM1
SIM2
SIM3
SIM4
1
21
22
SIM5
SIM1
SIM2
SIM3
SIM4
1
21
22
SIM5
SIM1
SIM2
SIM3
SIM4
1
21
22
SIM5
SIM1
SIM2
SIM3
SIM4
1
21
22
SIM5
SIM1
SIM2
SIM3
SIM4
1
21
22
SIM5
SIM1
SIM2
SIM3
SIM4
1
21
22
SIM5
SIM1
SIM2
SIM3
SIM4
1
21
22
SIM5
SIM1
SIM2
SIM3
SIM4
1
21
22
SIM5
SIM1
SIM2
SIM3
SIM4
1
21
22
SIM5
SIM1
SIM2
SIM3
SIM4
1
21
22
SIM5
SIM1
SIM2
SIM3
SIM4
1
21
22
SIM5
SIM1
SIM2
SIM3
SIM4
1
21
22
SIM5
SIM1
SIM2
SIM3
SIM4
1
21
22
SIM5
SIM1
SIM2
SIM3
SIM4
1
21
22
SIM5
SIM1
SIM2
SIM3
SIM4
1
21
22
SIM5
SIM1
SIM2
SIM3
SIM4
1
21
22
SIM5
SIM1
SIM2
SIM3
SIM4
1
21
22
SIM5
SIM1
SIM2
SIM3
SIM4
1
21
22
SIM5
SIM1
SIM2
SIM3
SIM4
1
21
22
SIM5
SIM1
SIM2
SIM3
SIM4
1
21
22
SIM5
SIM1
SIM2
SIM3
SIM4
1
21
22
SIM5
SIM1
SIM2
SIM3
SIM4
1
21
22
SIM5
SIM1
SIM2
SIM3
SIM4
1
21
22
SIM5
SIM1
SIM2
SIM3
SIM4
1
21
22
SIM5
SIM1
SIM2
SIM3
SIM4
1
21
22
SIM5
SIM1
SIM2
SIM3
SIM4
1
21
22
SIM5
SIM1
SIM2
SIM3
SIM4
1
21
22
SIM5
SIM1
SIM2
SIM3
SIM4
1
21
22
SIM5
SIM1
SIM2
SIM3
SIM4
1
21
22
SIM5
SIM1
SIM2
SIM3
SIM4
1
21
22
SIM5
SIM1
SIM2
SIM3
SIM4
1
21
22
SIM5
SIM1
SIM2
SIM3
SIM4
1
21
22
SIM5
SIM1
SIM2
SIM3
SIM4
1
21
22
SIM5
SIM1
SIM2
SIM3
SIM4
1
21
22
SIM5
SIM1
SIM2
SIM3
SIM4
1
21
22
SIM5
SIM1
SIM2
SIM3
SIM4
1
21
22
SIM5
SIM1
SIM2
SIM3
SIM4
1
21
22
SIM5
SIM1
SIM2
SIM3
SIM4
1
21
22
SIM5
SIM1
SIM2
SIM3
SIM4
1
21
22
SIM5
SIM1
SIM2
SIM3
SIM4
1
21
22
SIM5
SIM1
SIM2
SIM3
SIM4
1
21
22
SIM5
SIM1
SIM2
SIM3
SIM4
1
21
22
SIM5
SIM1
SIM2
SIM3
SIM4
1
21
22
SIM5
SIM1
SIM2
SIM3
SIM4
1
21
22
SIM5
SIM1
SIM2
SIM3
SIM4
1
21
22
SIM5
SIM1
SIM2
SIM3
SIM4
1
21
22
SIM5
SIM1
SIM2
SIM3
SIM4
1
21
22
SIM5
SIM1
SIM2
SIM3
SIM4
1
21
22
SIM5
SIM1
SIM2
SIM3
SIM4
1
21
22
SIM5
SIM1
SIM2
SIM3
SIM4
1
21
22
SIM5
SIM1
SIM2
SIM3
SIM4
1
21
22
SIM5
SIM1
SIM2
SIM3
SIM4
1
21
22
SIM5
SIM1
SIM2
SIM3
SIM4
1
21
22
SIM5
SIM1
SIM2
SIM3
SIM4
1
21
22
SIM5
SIM1
SIM2
SIM3
SIM4
1
21
22
SIM5
SIM1
SIM2
SIM3
SIM4
1
21
22
SIM5
SIM1
SIM2
SIM3
SIM4
1
21
22
SIM5
SIM1
SIM2
SIM3
SIM4
1
21
22
SIM5
SIM1
SIM2
SIM3
SIM4
1
21
22
SIM5
SIM1
SIM2
SIM3
SIM4
1
21
22
SIM5
SIM1
SIM2
SIM3
SIM4
1
21
22
SIM5
SIM1
SIM2
SIM3
SIM4
1
21
22
SIM5
SIM1
SIM2
SIM3
SIM4
1
21
22
SIM5
SIM1
SIM2
SIM3
SIM4
1
21
22
SIM5
SIM1
SIM2
SIM3
SIM4
1
21
22
SIM5
SIM1
SIM2
SIM3
SIM4
1
21
22
SIM5
SIM1
SIM2
SIM3
SIM4
1
21
22
SIM5
SIM1
SIM2
SIM3
SIM4
1
21
22
SIM5
SIM1
SIM2
SIM3
SIM4
1
21
22
SIM5
SIM1
SIM2
SIM3
SIM4
1
21
22
SIM5
SIM1
SIM2
SIM3
SIM4
1
21
22
SIM5
SIM1
SIM2
SIM3
SIM4
1
21
22
SIM5
SIM1
SIM2
SIM3
SIM4
1
21
22
SIM5
SIM1
SIM2
SIM3
SIM4
1
21
22
SIM5
SIM1
SIM2
SIM3
SIM4
1
21
22
SIM5
SIM1
SIM2
SIM3
SIM4
1
21
22
SIM5
SIM1
SIM2
SIM3
SIM4
1
21
22
SIM5
SIM1
SIM2
SIM3
SIM4
1
21
22
SIM5
SIM1
SIM2
SIM3
SIM4
1
21
22
SIM5
SIM1
SIM2
SIM3
SIM4
1
21
22
SIM5
SIM1
SIM2
SIM3
SIM4
1
21
22
SIM5
SIM1
SIM2
SIM3
SIM4
1
21
22
SIM5
SIM1
SIM2
SIM3
SIM4
1
21
22
SIM5
SIM1
SIM2
SIM3
SIM4
1
21
22
SIM5
SIM1
SIM2
SIM3
SIM4
1
21
22
SIM5
SIM1
SIM2
SIM3
SIM4
1
21
22
SIM5
SIM1
SIM2
SIM3
SIM4
1
21
22
SIM5
SIM1
SIM2
SIM3
SIM4
1
21
22
SIM5
SIM1
SIM2
SIM3
SIM4
1
21
22
SIM5
SIM1
SIM2
SIM3
SIM4
1
21
22
SIM5
SIM1
SIM2
SIM3
SIM4
1
21
22
SIM5
SIM1
SIM2
SIM3
SIM4
1
21
22
SIM5
SIM1
SIM2
SIM3
SIM4
1
21
22
SIM5
SIM1
SIM2
SIM3
SIM4
1
21
22
SIM5
SIM1
SIM2
SIM3
SIM4
1
21
22
SIM5
SIM1
SIM2
SIM3
SIM4
1
21
22
SIM5
SIM1
SIM2
SIM3
SIM4
1
21
22
SIM5
SIM1
SIM2
SIM3
SIM4
1
21
22
SIM5
SIM1
SIM2
SIM3
SIM4
1
21
22
SIM5
SIM1
SIM2
SIM3
SIM4
1
21
22
SIM5
SIM1
SIM2
SIM3
SIM4
1
21
22
SIM5
SIM1
SIM2
SIM3
SIM4
1
21
22
SIM5
SIM1
SIM2
SIM3
SIM4
1
21
22
SIM5
SIM1
SIM2
SIM3
SIM4
1
21
22
SIM5
SIM1
SIM2
SIM3
SIM4
1
21
22
SIM5
SIM1
SIM2
SIM3
SIM4
1
21
22
SIM5
SIM1
SIM2
SIM3
SIM4
1
21
22
SIM5
SIM1
SIM2
SIM3
SIM4
1
21
22
SIM5
SIM1
SIM2
DEBUG 1 229
SIM1
SIM2
SIM3
SIM4
1
21
22
SIM5
SIM1
SIM2
SIM3
SIM4
1
21
22
SIM5
SIM1
SIM2
SIM3
SIM4
1
21
22
SIM5
SIM1
SIM2
SIM3
SIM4
1
21
22
SIM5
SIM1
SIM2
SIM3
SIM4
1
21
22
SIM5
SIM1
SIM2
SIM3
SIM4
1
21
22
SIM5
SIM1
SIM2
SIM3
SIM4
1
21
22
SIM5
SIM1
SIM2
SIM3
SIM4
1
21
22
SIM5
SIM1
SIM2
SIM3
SIM4
1
21
22
SIM5
SIM1
SIM2
SIM3
SIM4
1
21
22
SIM5
SIM1
SIM2
SIM3
SIM4
1
21
22
SIM5
SIM1
SIM2
SIM3
SIM4
1
21
22
SIM5
SIM1
SIM2
SIM3
SIM4
1
21
22
SIM5
SIM1
SIM2
SIM3
SIM4
1
21
22
SIM5
SIM1
SIM2
SIM3
SIM4
1
21
22
SIM5
SIM1
SIM2
SIM3
SIM4
1
21
22
SIM5
SIM1
SIM2
SIM3
SIM4
1
21
22
SIM5
SIM1
SIM2
SIM3
SIM4
1
21
22
SIM5
SIM1
SIM2
SIM3
SIM4
1
21
22
SIM5
SIM1
SIM2
SIM3
SIM4
1
21
22
SIM5
SIM1
SIM2
SIM3
SIM4
1
21
22
SIM5
SIM1
SIM2
SIM3
SIM4
1
21
22
SIM5
SIM1
SIM2
SIM3
SIM4
1
21
22
SIM5
SIM1
SIM2
SIM3
SIM4
1
21
22
SIM5
SIM1
SIM2
SIM3
SIM4
1
21
22
SIM5
SIM1
SIM2
SIM3
SIM4
1
21
22
SIM5
SIM1
SIM2
SIM3
SIM4
1
21
22
SIM5
SIM1
SIM2
SIM3
SIM4
1
21
22
SIM5
SIM1
SIM2
SIM3
SIM4
1
21
22
SIM5
SIM1
SIM2
SIM3
SIM4
1
21
22
SIM5
SIM1
SIM2
SIM3
SIM4
1
21
22
SIM5
SIM1
SIM2
SIM3
SIM4
1
21
22
SIM5
SIM1
SIM2
SIM3
SIM4
1
21
22
SIM5
SIM1
SIM2
SIM3
SIM4
1
21
22
SIM5
SIM1
SIM2
SIM3
SIM4
1
21
22
SIM5
SIM1
SIM2
SIM3
SIM4
1
21
22
SIM5
SIM1
SIM2
SIM3
SIM4
1
21
22
SIM5
SIM1
SIM2
SIM3
SIM4
1
21
22
SIM5
SIM1
SIM2
SIM3
SIM4
1
21
22
SIM5
SIM1
SIM2
SIM3
SIM4
1
21
22
SIM5
SIM1
SIM2
SIM3
SIM4
1
21
22
SIM5
SIM1
SIM2
SIM3
SIM4
1
21
22
SIM5
SIM1
SIM2
SIM3
SIM4
1
21
22
SIM5
SIM1
SIM2
SIM3
SIM4
1
21
22
SIM5
SIM1
SIM2
SIM3
SIM4
1
21
22
SIM5
SIM1
SIM2
SIM3
SIM4
1
21
22
SIM5
SIM1
SIM2
SIM3
SIM4
1
21
22
SIM5
SIM1
SIM2
SIM3
SIM4
1
21
22
SIM5
SIM1
SIM2
SIM3
SIM4
1
21
22
SIM5
SIM1
SIM2
SIM3
SIM4
1
21
22
SIM5
SIM1
SIM2
SIM3
SIM4
1
21
22
SIM5
SIM1
SIM2
SIM3
SIM4
1
21
22
SIM5
SIM1
SIM2
SIM3
SIM4
1
21
22
SIM5
SIM1
SIM2
SIM3
SIM4
1
21
22
SIM5
SIM1
SIM2
SIM3
SIM4
1
21
22
SIM5
SIM1
SIM2
SIM3
SIM4
1
21
22
SIM5
SIM1
SIM2
SIM3
SIM4
1
21
22
SIM5
SIM1
SIM2
SIM3
SIM4
1
21
22
SIM5
SIM1
SIM2
SIM3
SIM4
1
21
22
SIM5
SIM1
SIM2
SIM3
SIM4
1
21
22
SIM5
SIM1
SIM2
SIM3
SIM4
1
21
22
SIM5
SIM1
SIM2
SIM3
SIM4
1
21
22
SIM5
SIM1
SIM2
SIM3
SIM4
1
21
22
SIM5
SIM1
SIM2
SIM3
SIM4
1
21
22
SIM5
SIM1
SIM2
SIM3
SIM4
1
21
22
SIM5
SIM1
SIM2
SIM3
SIM4
1
21
22
SIM5
SIM1
SIM2
SIM3
SIM4
1
21
22
SIM5
SIM1
SIM2
SIM3
SIM4
1
21
22
SIM5
SIM1
SIM2
SIM3
SIM4
1
21
22
SIM5
SIM1
SIM2
SIM3
SIM4
1
21
22
SIM5
SIM1
SIM2
SIM3
SIM4
1
21
22
SIM5
SIM1
SIM2
SIM3
SIM4
1
21
22
SIM5
SIM1
SIM2
SIM3
SIM4
1
21
22
SIM5
SIM1
SIM2
SIM3
SIM4
1
21
22
SIM5
SIM1
SIM2
SIM3
SIM4
1
21
22
SIM5
SIM1
SIM2
SIM3
SIM4
1
21
22
SIM5
SIM1
SIM2
SIM3
SIM4
1
21
22
SIM5
SIM1
SIM2
SIM3
SIM4
1
21
22
SIM5
SIM1
SIM2
SIM3
SIM4
1
21
22
SIM5
SIM1
SIM2
SIM3
SIM4
1
21
22
SIM5
SIM1
SIM2
SIM3
SIM4
1
21
22
SIM5
SIM1
SIM2
SIM3
SIM4
1
21
22
SIM5
SIM1
SIM2
SIM3
SIM4
1
21
22
SIM5
SIM1
SIM2
SIM3
SIM4
1
21
22
SIM5
SIM1
SIM2
SIM3
SIM4
1
21
22
SIM5
SIM1
SIM2
SIM3
SIM4
1
21
22
SIM5
SIM1
SIM2
SIM3
SIM4
1
21
22
SIM5
SIM1
SIM2
SIM3
SIM4
1
21
22
SIM5
SIM1
SIM2
SIM3
SIM4
1
21
22
SIM5
SIM1
SIM2
SIM3
SIM4
1
21
22
SIM5
SIM1
SIM2
SIM3
SIM4
1
21
22
SIM5
SIM1
SIM2
SIM3
SIM4
1
21
22
SIM5
SIM1
SIM2
SIM3
SIM4
1
21
22
SIM5
SIM1
SIM2
SIM3
SIM4
1
21
22
SIM5
SIM1
SIM2
SIM3
SIM4
1
21
22
SIM5
SIM1
SIM2
SIM3
SIM4
1
21
22
SIM5
SIM1
SIM2
SIM3
SIM4
1
21
22
SIM5
SIM1
SIM2
SIM3
SIM4
1
21
22
SIM5
SIM1
SIM2
SIM3
SIM4
1
21
22
SIM5
SIM1
SIM2
SIM3
SIM4
1
21
22
SIM5
SIM1
SIM2
SIM3
SIM4
1
21
22
SIM5
SIM1
SIM2
SIM3
SIM4
1
21
22
SIM5
SIM1
SIM2
SIM3
SIM4
1
21
22
SIM5
SIM1
SIM2
SIM3
SIM4
1
21
22
SIM5
SIM1
SIM2
SIM3
SIM4
1
21
22
SIM5
SIM1
SIM2
SIM3
SIM4
1
21
22
SIM5
SIM1
SIM2
SIM3
SIM4
1
21
22
SIM5
SIM1
SIM2
SIM3
SIM4
1
21
22
SIM5
SIM1
SIM2
SIM3
SIM4
1
21
22
SIM5
SIM1
SIM2
SIM3
SIM4
1
21
22
SIM5
SIM1
SIM2
SIM3
SIM4
1
21
22
SIM5
SIM1
SIM2
SIM3
SIM4
1
21
22
SIM5
SIM1
SIM2
SIM3
SIM4
1
21
22
SIM5
SIM1
SIM2
SIM3
SIM4
1
21
22
SIM5
SIM1
SIM2
SIM3
SIM4
1
21
22
SIM5
SIM1
SIM2
SIM3
SIM4
1
21
22
SIM5
SIM1
SIM2
SIM3
SIM4
1
21
22
SIM5
SIM1
SIM2
SIM3
SIM4
1
21
22
SIM5
SIM1
SIM2
SIM3
SIM4
1
21
22
SIM5
SIM1
SIM2
SIM3
SIM4
1
21
22
SIM5
SIM1
SIM2
SIM3
SIM4
1
21
22
SIM5
SIM1
SIM2
SIM3
SIM4
1
21
22
SIM5
SIM1
SIM2
SIM3
SIM4
1
21
22
SIM5
SIM1
SIM2
SIM3
SIM4
1
21
22
SIM5
SIM1
SIM2
SIM3
SIM4
1
21
22
SIM5
SIM1
SIM2
SIM3
SIM4
1
21
22
SIM5
SIM1
SIM2
SIM3
SIM4
1
21
22
SIM5
SIM1
SIM2
SIM3
SIM4
1
21
22
SIM5
SIM1
SIM2
SIM3
SIM4
1
21
22
SIM5
SIM1
SIM2
SIM3
SIM4
1
21
22
SIM5
SIM1
SIM2
SIM3
SIM4
1
21
22
SIM5
SIM1
SIM2
SIM3
SIM4
1
21
22
SIM5
SIM1
SIM2
SIM3
SIM4
1
21
22
SIM5
SIM1
SIM2
SIM3
SIM4
1
21
22
SIM5
SIM1
SIM2
SIM3
SIM4
1
21
22
SIM5
SIM1
SIM2
SIM3
SIM4
1
21
22
SIM5
SIM1
SIM2
SIM3
SIM4
1
21
22
SIM5
SIM1
SIM2
SIM3
SIM4
1
21
22
SIM5
SIM1
SIM2
SIM3
SIM4
1
21
22
SIM5
SIM1
SIM2
SIM3
SIM4
1
21
22
SIM5
SIM1
SIM2
SIM3
SIM4
1
21
22
SIM5
SIM1
SIM2
SIM3
SIM4
1
21
22
SIM5
SIM1
SIM2
SIM3
SIM4
1
21
22
SIM5
SIM1
SIM2
SIM3
SIM4
1
21
22
SIM5
SIM1
SIM2
SIM3
SIM4
1
21
22
SIM5
SIM1
SIM2
SIM3
SIM4
1
21
22
SIM5
SIM1
SIM2
SIM3
SIM4
1
21
22
SIM5
SIM1
SIM2
SIM3
SIM4
1
21
22
SIM5
SIM1
SIM2
SIM3
SIM4
1
21
22
SIM5
SIM1
SIM2
SIM3
SIM4
1
21
22
SIM5
SIM1
SIM2
SIM3
SIM4
1
21
22
SIM5
SIM1
SIM2
SIM3
SIM4
1
21
22
SIM5
SIM1
SIM2
SIM3
SIM4
1
21
22
SIM5
SIM1
SIM2
SIM3
SIM4
1
21
22
SIM5
SIM1
SIM2
SIM3
SIM4
1
21
22
SIM5
SIM1
SIM2
SIM3
SIM4
1
21
22
SIM5
SIM1
SIM2
SIM3
SIM4
1
21
22
SIM5
SIM1
SIM2
SIM3
SIM4
1
21
22
SIM5
SIM1
SIM2
SIM3
SIM4
1
21
22
SIM5
SIM1
SIM2
SIM3
SIM4
1
21
22
SIM5
SIM1
SIM2
SIM3
SIM4
1
21
22
SIM5
SIM1
SIM2
DEBUG 1 230
SIM1
SIM2
SIM3
SIM4
1
21
22
SIM5
SIM1
SIM2
SIM3
SIM4
1
21
22
SIM5
SIM1
SIM2
SIM3
SIM4
1
21
22
SIM5
SIM1
SIM2
SIM3
SIM4
1
21
22
SIM5
SIM1
SIM2
SIM3
SIM4
1
21
22
SIM5
SIM1
SIM2
SIM3
SIM4
1
21
22
SIM5
SIM1
SIM2
SIM3
SIM4
1
21
22
SIM5
SIM1
SIM2
SIM3
SIM4
1
21
22
SIM5
SIM1
SIM2
SIM3
SIM4
1
21
22
SIM5
SIM1
SIM2
SIM3
SIM4
1
21
22
SIM5
SIM1
SIM2
SIM3
SIM4
1
21
22
SIM5
SIM1
SIM2
SIM3
SIM4
1
21
22
SIM5
SIM1
SIM2
SIM3
SIM4
1
21
22
SIM5
SIM1
SIM2
SIM3
SIM4
1
21
22
SIM5
SIM1
SIM2
SIM3
SIM4
1
21
22
SIM5
SIM1
SIM2
SIM3
SIM4
1
21
22
SIM5
SIM1
SIM2
SIM3
SIM4
1
21
22
SIM5
SIM1
SIM2
SIM3
SIM4
1
21
22
SIM5
SIM1
SIM2
SIM3
SIM4
1
21
22
SIM5
SIM1
SIM2
SIM3
SIM4
1
21
22
SIM5
SIM1
SIM2
SIM3
SIM4
1
21
22
SIM5
SIM1
SIM2
SIM3
SIM4
1
21
22
SIM5
SIM1
SIM2
SIM3
SIM4
1
21
22
SIM5
SIM1
SIM2
SIM3
SIM4
1
21
22
SIM5
SIM1
SIM2
SIM3
SIM4
1
21
22
SIM5
SIM1
SIM2
SIM3
SIM4
1
21
22
SIM5
SIM1
SIM2
SIM3
SIM4
1
21
22
SIM5
SIM1
SIM2
SIM3
SIM4
1
21
22
SIM5
SIM1
SIM2
SIM3
SIM4
1
21
22
SIM5
SIM1
SIM2
SIM3
SIM4
1
21
22
SIM5
SIM1
SIM2
SIM3
SIM4
1
21
22
SIM5
SIM1
SIM2
SIM3
SIM4
1
21
22
SIM5
SIM1
SIM2
SIM3
SIM4
1
21
22
SIM5
SIM1
SIM2
SIM3
SIM4
1
21
22
SIM5
SIM1
SIM2
SIM3
SIM4
1
21
22
SIM5
SIM1
SIM2
SIM3
SIM4
1
21
22
SIM5
SIM1
SIM2
SIM3
SIM4
1
21
22
SIM5
SIM1
SIM2
SIM3
SIM4
1
21
22
SIM5
SIM1
SIM2
SIM3
SIM4
1
21
22
SIM5
SIM1
SIM2
SIM3
SIM4
1
21
22
SIM5
SIM1
SIM2
SIM3
SIM4
1
21
22
SIM5
SIM1
SIM2
SIM3
SIM4
1
21
22
SIM5
SIM1
SIM2
SIM3
SIM4
1
21
22
SIM5
SIM1
SIM2
SIM3
SIM4
1
21
22
SIM5
SIM1
SIM2
SIM3
SIM4
1
21
22
SIM5
SIM1
SIM2
SIM3
SIM4
1
21
22
SIM5
SIM1
SIM2
SIM3
SIM4
1
21
22
SIM5
SIM1
SIM2
SIM3
SIM4
1
21
22
SIM5
SIM1
SIM2
SIM3
SIM4
1
21
22
SIM5
SIM1
SIM2
SIM3
SIM4
1
21
22
SIM5
SIM1
SIM2
SIM3
SIM4
1
21
22
SIM5
SIM1
SIM2
SIM3
SIM4
1
21
22
SIM5
SIM1
SIM2
SIM3
SIM4
1
21
22
SIM5
SIM1
SIM2
SIM3
SIM4
1
21
22
SIM5
SIM1
SIM2
SIM3
SIM4
1
21
22
SIM5
SIM1
SIM2
SIM3
SIM4
1
21
22
SIM5
SIM1
SIM2
SIM3
SIM4
1
21
22
SIM5
SIM1
SIM2
SIM3
SIM4
1
21
22
SIM5
SIM1
SIM2
SIM3
SIM4
1
21
22
SIM5
SIM1
SIM2
SIM3
SIM4
1
21
22
SIM5
SIM1
SIM2
SIM3
SIM4
1
21
22
SIM5
SIM1
SIM2
SIM3
SIM4
1
21
22
SIM5
SIM1
SIM2
SIM3
SIM4
1
21
22
SIM5
SIM1
SIM2
SIM3
SIM4
1
21
22
SIM5
SIM1
SIM2
SIM3
SIM4
1
21
22
SIM5
SIM1
SIM2
SIM3
SIM4
1
21
22
SIM5
SIM1
SIM2
SIM3
SIM4
1
21
22
SIM5
SIM1
SIM2
SIM3
SIM4
1
21
22
SIM5
SIM1
SIM2
SIM3
SIM4
1
21
22
SIM5
SIM1
SIM2
SIM3
SIM4
1
21
22
SIM5
SIM1
SIM2
SIM3
SIM4
1
21
22
SIM5
SIM1
SIM2
SIM3
SIM4
1
21
22
SIM5
SIM1
SIM2
SIM3
SIM4
1
21
22
SIM5
SIM1
SIM2
SIM3
SIM4
1
21
22
SIM5
SIM1
SIM2
SIM3
SIM4
1
21
22
SIM5
SIM1
SIM2
SIM3
SIM4
1
21
22
SIM5
SIM1
SIM2
SIM3
SIM4
1
21
22
SIM5
SIM1
SIM2
SIM3
SIM4
1
21
22
SIM5
SIM1
SIM2
SIM3
SIM4
1
21
22
SIM5
SIM1
SIM2
SIM3
SIM4
1
21
22
SIM5
SIM1
SIM2
SIM3
SIM4
1
21
22
SIM5
SIM1
SIM2
SIM3
SIM4
1
21
22
SIM5
SIM1
SIM2
SIM3
SIM4
1
21
22
SIM5
SIM1
SIM2
SIM3
SIM4
1
21
22
SIM5
SIM1
SIM2
SIM3
SIM4
1
21
22
SIM5
SIM1
SIM2
SIM3
SIM4
1
21
22
SIM5
SIM1
SIM2
SIM3
SIM4
1
21
22
SIM5
SIM1
SIM2
SIM3
SIM4
1
21
22
SIM5
SIM1
SIM2
SIM3
SIM4
1
21
22
SIM5
SIM1
SIM2
SIM3
SIM4
1
21
22
SIM5
SIM1
SIM2
SIM3
SIM4
1
21
22
SIM5
SIM1
SIM2
SIM3
SIM4
1
21
22
SIM5
SIM1
SIM2
SIM3
SIM4
1
21
22
SIM5
SIM1
SIM2
SIM3
SIM4
1
21
22
SIM5
SIM1
SIM2
SIM3
SIM4
1
21
22
SIM5
SIM1
SIM2
DEBUG 1 231
SIM1
SIM2
SIM3
SIM4
1
21
22
SIM5
SIM1
SIM2
SIM3
SIM4
1
21
22
SIM5
SIM1
SIM2
SIM3
SIM4
1
21
22
SIM5
SIM1
SIM2
SIM3
SIM4
1
21
22
SIM5
SIM1
SIM2
SIM3
SIM4
1
21
22
SIM5
SIM1
SIM2
SIM3
SIM4
1
21
22
SIM5
SIM1
SIM2
SIM3
SIM4
1
21
22
SIM5
SIM1
SIM2
SIM3
SIM4
1
21
22
SIM5
SIM1
SIM2
SIM3
SIM4
1
21
22
SIM5
SIM1
SIM2
SIM3
SIM4
1
21
22
SIM5
SIM1
SIM2
SIM3
SIM4
1
21
22
SIM5
SIM1
SIM2
SIM3
SIM4
1
21
22
SIM5
SIM1
SIM2
SIM3
SIM4
1
21
22
SIM5
SIM1
SIM2
SIM3
SIM4
1
21
22
SIM5
SIM1
SIM2
SIM3
SIM4
1
21
22
SIM5
SIM1
SIM2
SIM3
SIM4
1
21
22
SIM5
SIM1
SIM2
SIM3
SIM4
1
21
22
SIM5
SIM1
SIM2
SIM3
SIM4
1
21
22
SIM5
SIM1
SIM2
SIM3
SIM4
1
21
22
SIM5
SIM1
SIM2
SIM3
SIM4
1
21
22
SIM5
SIM1
SIM2
SIM3
SIM4
1
21
22
SIM5
SIM1
SIM2
SIM3
SIM4
1
21
22
SIM5
SIM1
SIM2
SIM3
SIM4
1
21
22
SIM5
SIM1
SIM2
SIM3
SIM4
1
21
22
SIM5
SIM1
SIM2
SIM3
SIM4
1
21
22
SIM5
SIM1
SIM2
SIM3
SIM4
1
21
22
SIM5
SIM1
SIM2
SIM3
SIM4
1
21
22
SIM5
SIM1
SIM2
SIM3
SIM4
1
21
22
SIM5
SIM1
SIM2
SIM3
SIM4
1
21
22
SIM5
SIM1
SIM2
SIM3
SIM4
1
21
22
SIM5
SIM1
SIM2
SIM3
SIM4
1
21
22
SIM5
SIM1
SIM2
SIM3
SIM4
1
21
22
SIM5
SIM1
SIM2
SIM3
SIM4
1
21
22
SIM5
SIM1
SIM2
SIM3
SIM4
1
21
22
SIM5
SIM1
SIM2
SIM3
SIM4
1
21
22
SIM5
SIM1
SIM2
SIM3
SIM4
1
21
22
SIM5
SIM1
SIM2
SIM3
SIM4
1
21
22
SIM5
SIM1
SIM2
SIM3
SIM4
1
21
22
SIM5
SIM1
SIM2
SIM3
SIM4
1
21
22
SIM5
SIM1
SIM2
SIM3
SIM4
1
21
22
SIM5
SIM1
SIM2
SIM3
SIM4
1
21
22
SIM5
SIM1
SIM2
SIM3
SIM4
1
21
22
SIM5
SIM1
SIM2
SIM3
SIM4
1
21
22
SIM5
SIM1
SIM2
SIM3
SIM4
1
21
22
SIM5
SIM1
SIM2
SIM3
SIM4
1
21
22
SIM5
SIM1
SIM2
SIM3
SIM4
1
21
22
SIM5
SIM1
SIM2
SIM3
SIM4
1
21
22
SIM5
SIM1
SIM2
SIM3
SIM4
1
21
22
SIM5
SIM1
SIM2
SIM3
SIM4
1
21
22
SIM5
SIM1
SIM2
SIM3
SIM4
1
21
22
SIM5
SIM1
SIM2
SIM3
SIM4
1
21
22
SIM5
SIM1
SIM2
SIM3
SIM4
1
21
22
SIM5
SIM1
SIM2
SIM3
SIM4
1
21
22
SIM5
SIM1
SIM2
SIM3
SIM4
1
21
22
SIM5
SIM1
SIM2
SIM3
SIM4
1
21
22
SIM5
SIM1
SIM2
SIM3
SIM4
1
21
22
SIM5
SIM1
SIM2
SIM3
SIM4
1
21
22
SIM5
SIM1
SIM2
SIM3
SIM4
1
21
22
SIM5
SIM1
SIM2
SIM3
SIM4
1
21
22
SIM5
SIM1
SIM2
SIM3
SIM4
1
21
22
SIM5
SIM1
SIM2
SIM3
SIM4
1
21
22
SIM5
SIM1
SIM2
SIM3
SIM4
1
21
22
SIM5
SIM1
SIM2
SIM3
SIM4
1
21
22
SIM5
SIM1
SIM2
SIM3
SIM4
1
21
22
SIM5
SIM1
SIM2
SIM3
SIM4
1
21
22
SIM5
SIM1
SIM2
SIM3
SIM4
1
21
22
SIM5
SIM1
SIM2
SIM3
SIM4
1
21
22
SIM5
SIM1
SIM2
SIM3
SIM4
1
21
22
SIM5
SIM1
SIM2
SIM3
SIM4
1
21
22
SIM5
SIM1
SIM2
SIM3
SIM4
1
21
22
SIM5
SIM1
SIM2
SIM3
SIM4
1
21
22
SIM5
SIM1
SIM2
SIM3
SIM4
1
21
22
SIM5
SIM1
SIM2
SIM3
SIM4
1
21
22
SIM5
SIM1
SIM2
SIM3
SIM4
1
21
22
SIM5
SIM1
SIM2
SIM3
SIM4
1
21
22
SIM5
SIM1
SIM2
SIM3
SIM4
1
21
22
SIM5
SIM1
SIM2
SIM3
SIM4
1
21
22
SIM5
SIM1
SIM2
SIM3
SIM4
1
21
22
SIM5
SIM1
SIM2
SIM3
SIM4
1
21
22
SIM5
SIM1
SIM2
SIM3
SIM4
1
21
22
SIM5
SIM1
SIM2
SIM3
SIM4
1
21
22
SIM5
SIM1
SIM2
SIM3
SIM4
1
21
22
SIM5
SIM1
SIM2
SIM3
SIM4
1
21
22
SIM5
SIM1
SIM2
SIM3
SIM4
1
21
22
SIM5
SIM1
SIM2
SIM3
SIM4
1
21
22
SIM5
SIM1
SIM2
SIM3
SIM4
1
21
22
SIM5
SIM1
SIM2
SIM3
SIM4
1
21
22
SIM5
SIM1
SIM2
SIM3
SIM4
1
21
22
SIM5
SIM1
SIM2
SIM3
SIM4
1
21
22
SIM5
SIM1
SIM2
SIM3
SIM4
1
21
22
SIM5
SIM1
SIM2
SIM3
SIM4
1
21
22
SIM5
SIM1
SIM2
SIM3
SIM4
1
21
22
SIM5
SIM1
SIM2
SIM3
SIM4
1
21
22
SIM5
SIM1
SIM2
SIM3
SIM4
1
21
22
SIM5
SIM1
SIM2
SIM3
SIM4
1
21
22
SIM5
SIM1
SIM2
SIM3
SIM4
1
21
22
SIM5
SIM1
SIM2
SIM3
SIM4
1
21
22
SIM5
SIM1
SIM2
SIM3
SIM4
1
21
22
SIM5
SIM1
SIM2
SIM3
SIM4
1
21
22
SIM5
SIM1
SIM2
SIM3
SIM4
1
21
22
SIM5
SIM1
SIM2
SIM3
SIM4
1
21
22
SIM5
SIM1
SIM2
SIM3
SIM4
1
21
22
SIM5
SIM1
SIM2
SIM3
SIM4
1
21
22
SIM5
SIM1
SIM2
SIM3
SIM4
1
21
22
SIM5
SIM1
SIM2
SIM3
SIM4
1
21
22
SIM5
SIM1
SIM2
SIM3
SIM4
1
21
22
SIM5
SIM1
SIM2
SIM3
SIM4
1
21
22
SIM5
SIM1
SIM2
SIM3
SIM4
1
21
22
SIM5
SIM1
SIM2
SIM3
SIM4
1
21
22
SIM5
SIM1
SIM2
SIM3
SIM4
1
21
22
SIM5
SIM1
SIM2
SIM3
SIM4
1
21
22
SIM5
SIM1
SIM2
SIM3
SIM4
1
21
22
SIM5
SIM1
SIM2
SIM3
SIM4
1
21
22
SIM5
SIM1
SIM2
SIM3
SIM4
1
21
22
SIM5
SIM1
SIM2
SIM3
SIM4
1
21
22
SIM5
SIM1
SIM2
SIM3
SIM4
1
21
22
SIM5
SIM1
SIM2
SIM3
SIM4
1
21
22
SIM5
SIM1
SIM2
SIM3
SIM4
1
21
22
SIM5
SIM1
SIM2
SIM3
SIM4
1
21
22
SIM5
SIM1
SIM2
SIM3
SIM4
1
21
22
SIM5
SIM1
SIM2
SIM3
SIM4
1
21
22
SIM5
SIM1
SIM2
SIM3
SIM4
1
21
22
SIM5
SIM1
SIM2
SIM3
SIM4
1
21
22
SIM5
SIM1
SIM2
SIM3
SIM4
1
21
22
SIM5
SIM1
SIM2
SIM3
SIM4
1
21
22
SIM5
SIM1
SIM2
SIM3
SIM4
1
21
22
SIM5
SIM1
SIM2
SIM3
SIM4
1
21
22
SIM5
SIM1
SIM2
SIM3
SIM4
1
21
22
SIM5
SIM1
SIM2
SIM3
SIM4
1
21
22
SIM5
SIM1
SIM2
SIM3
SIM4
1
21
22
SIM5
SIM1
SIM2
SIM3
SIM4
1
21
22
SIM5
SIM1
SIM2
SIM3
SIM4
1
21
22
SIM5
SIM1
SIM2
SIM3
SIM4
1
21
22
SIM5
SIM1
SIM2
SIM3
SIM4
1
21
22
SIM5
SIM1
SIM2
SIM3
SIM4
1
21
22
SIM5
SIM1
SIM2
SIM3
SIM4
1
21
22
SIM5
SIM1
SIM2
SIM3
SIM4
1
21
22
SIM5
SIM1
SIM2
SIM3
SIM4
1
21
22
SIM5
SIM1
SIM2
SIM3
SIM4
1
21
22
SIM5
SIM1
SIM2
SIM3
SIM4
1
21
22
SIM5
SIM1
SIM2
SIM3
SIM4
1
21
22
SIM5
SIM1
SIM2
SIM3
SIM4
1
21
22
SIM5
SIM1
SIM2
SIM3
SIM4
1
21
22
SIM5
SIM1
SIM2
SIM3
SIM4
1
21
22
SIM5
SIM1
SIM2
SIM3
SIM4
1
21
22
SIM5
SIM1
SIM2
SIM3
SIM4
1
21
22
SIM5
SIM1
SIM2
SIM3
SIM4
1
21
22
SIM5
SIM1
SIM2
SIM3
SIM4
1
21
22
SIM5
SIM1
SIM2
SIM3
SIM4
1
21
22
SIM5
SIM1
SIM2
SIM3
SIM4
1
21
22
SIM5
SIM1
SIM2
SIM3
SIM4
1
21
22
SIM5
SIM1
SIM2
SIM3
SIM4
1
21
22
SIM5
SIM1
SIM2
SIM3
SIM4
1
21
22
SIM5
SIM1
SIM2
SIM3
SIM4
1
21
22
SIM5
SIM1
SIM2
SIM3
SIM4
1
21
22
SIM5
SIM1
SIM2
SIM3
SIM4
1
21
22
SIM5
SIM1
SIM2
SIM3
SIM4
1
21
22
SIM5
SIM1
SIM2
SIM3
SIM4
1
21
22
SIM5
SIM1
SIM2
SIM3
SIM4
1
21
22
SIM5
SIM1
SIM2
SIM3
SIM4
1
21
22
SIM5
SIM1
SIM2
SIM3
SIM4
1
21
22
SIM5
SIM1
SIM2
SIM3
SIM4
1
21
22
SIM5
SIM1
SIM2
SIM3
SIM4
1
21
22
SIM5
SIM1
SIM2
SIM3
SIM4
1
21
22
SIM5
SIM1
SIM2
SIM3
SIM4
1
21
22
SIM5
SIM1
SIM2
SIM3
SIM4
1
21
22
SIM5
SIM1
SIM2
SIM3
SIM4
1
21
22
SIM5
SIM1
SIM2
SIM3
SIM4
1
21
22
SIM5
SIM1
SIM2
SIM3
SIM4
1
21
22
SIM5
SIM1
SIM2
SIM3
SIM4
1
21
22
SIM5
SIM1
SIM2
SIM3
SIM4
1
21
22
SIM5
SIM1
SIM2
SIM3
SIM4
1
21
22
SIM5
SIM1
SIM2
SIM3
SIM4
1
21
22
SIM5
SIM1
SIM2
SIM3
SIM4
1
21
22
SIM5
SIM1
SIM2
SIM3
SIM4
1
21
22
SIM5
SIM1
SIM2
SIM3
SIM4
1
21
22
SIM5
SIM1
SIM2
SIM3
SIM4
1
21
22
SIM5
SIM1
SIM2
SIM3
SIM4
1
21
22
SIM5
SIM1
SIM2
SIM3
SIM4
1
21
22
SIM5
SIM1
SIM2
SIM3
SIM4
1
21
22
SIM5
SIM1
SIM2
SIM3
SIM4
1
21
22
SIM5
SIM1
SIM2
SIM3
SIM4
1
21
22
SIM5
SIM1
SIM2
SIM3
SIM4
1
21
22
SIM5
SIM1
SIM2
SIM3
SIM4
1
21
22
SIM5
SIM1
SIM2
SIM3
SIM4
1
21
22
SIM5
SIM1
SIM2
SIM3
SIM4
1
21
22
SIM5
SIM1
SIM2
SIM3
SIM4
1
21
22
SIM5
SIM1
SIM2
SIM3
SIM4
1
21
22
SIM5
SIM1
SIM2
SIM3
SIM4
1
21
22
SIM5
SIM1
SIM2
SIM3
SIM4
1
21
22
SIM5
SIM1
SIM2
SIM3
SIM4
1
21
22
SIM5
SIM1
SIM2
SIM3
SIM4
1
21
22
SIM5
SIM1
SIM2
SIM3
SIM4
1
21
22
SIM5
SIM1
SIM2
SIM3
SIM4
1
21
22
SIM5
SIM1
SIM2
SIM3
SIM4
1
21
22
SIM5
SIM1
SIM2
SIM3
SIM4
1
21
22
SIM5
SIM1
SIM2
SIM3
SIM4
1
21
22
SIM5
SIM1
SIM2
SIM3
SIM4
1
21
22
SIM5
SIM1
SIM2
SIM3
SIM4
1
21
22
SIM5
SIM1
SIM2
SIM3
SIM4
1
21
22
SIM5
SIM1
SIM2
SIM3
SIM4
1
21
22
SIM5
SIM1
SIM2
SIM3
SIM4
1
21
22
SIM5
SIM1
SIM2
SIM3
SIM4
1
21
22
SIM5
SIM1
SIM2
SIM3
SIM4
1
21
22
SIM5
SIM1
SIM2
SIM3
SIM4
1
21
22
SIM5
SIM1
SIM2
SIM3
SIM4
1
21
22
SIM5
SIM1
SIM2
SIM3
SIM4
1
21
22
SIM5
SIM1
SIM2
SIM3
SIM4
1
21
22
SIM5
SIM1
SIM2
SIM3
SIM4
1
21
22
SIM5
SIM1
SIM2
SIM3
SIM4
1
21
22
SIM5
SIM1
SIM2
SIM3
SIM4
1
21
22
SIM5
SIM1
SIM2
SIM3
SIM4
1
21
22
SIM5
SIM1
SIM2
SIM3
SIM4
1
21
22
SIM5
SIM1
SIM2
SIM3
SIM4
1
21
22
SIM5
SIM1
SIM2
SIM3
SIM4
1
21
22
SIM5
SIM1
SIM2
SIM3
SIM4
1
21
22
SIM5
SIM1
SIM2
SIM3
SIM4
1
21
22
SIM5
SIM1
SIM2
SIM3
SIM4
1
21
22
SIM5
SIM1
SIM2
SIM3
SIM4
1
21
22
SIM5
SIM1
SIM2
SIM3
SIM4
1
21
22
SIM5
SIM1
SIM2
SIM3
SIM4
1
21
22
SIM5
SIM1
SIM2
SIM3
SIM4
1
21
22
SIM5
SIM1
SIM2
SIM3
SIM4
1
21
22
SIM5
SIM1
SIM2
SIM3
SIM4
1
21
22
SIM5
SIM1
SIM2
SIM3
SIM4
1
21
22
SIM5
SIM1
SIM2
SIM3
SIM4
1
21
22
SIM5
SIM1
SIM2
SIM3
SIM4
1
21
22
SIM5
SIM1
SIM2
DEBUG 1 232
SIM1
SIM2
SIM3
SIM4
1
21
22
SIM5
SIM1
SIM2
SIM3
SIM4
1
21
22
SIM5
SIM1
SIM2
SIM3
SIM4
1
21
22
SIM5
SIM1
SIM2
SIM3
SIM4
1
21
22
SIM5
SIM1
SIM2
SIM3
SIM4
1
21
22
SIM5
SIM1
SIM2
SIM3
SIM4
1
21
22
SIM5
SIM1
SIM2
SIM3
SIM4
1
21
22
SIM5
SIM1
SIM2
SIM3
SIM4
1
21
22
SIM5
SIM1
SIM2
SIM3
SIM4
1
21
22
SIM5
SIM1
SIM2
SIM3
SIM4
1
21
22
SIM5
SIM1
SIM2
SIM3
SIM4
1
21
22
SIM5
SIM1
SIM2
SIM3
SIM4
1
21
22
SIM5
SIM1
SIM2
SIM3
SIM4
1
21
22
SIM5
SIM1
SIM2
SIM3
SIM4
1
21
22
SIM5
SIM1
SIM2
SIM3
SIM4
1
21
22
SIM5
SIM1
SIM2
SIM3
SIM4
1
21
22
SIM5
SIM1
SIM2
SIM3
SIM4
1
21
22
SIM5
SIM1
SIM2
SIM3
SIM4
1
21
22
SIM5
SIM1
SIM2
SIM3
SIM4
1
21
22
SIM5
SIM1
SIM2
SIM3
SIM4
1
21
22
SIM5
SIM1
SIM2
SIM3
SIM4
1
21
22
SIM5
SIM1
SIM2
SIM3
SIM4
1
21
22
SIM5
SIM1
SIM2
SIM3
SIM4
1
21
22
SIM5
SIM1
SIM2
SIM3
SIM4
1
21
22
SIM5
SIM1
SIM2
SIM3
SIM4
1
21
22
SIM5
SIM1
SIM2
SIM3
SIM4
1
21
22
SIM5
SIM1
SIM2
SIM3
SIM4
1
21
22
SIM5
SIM1
SIM2
SIM3
SIM4
1
21
22
SIM5
SIM1
SIM2
SIM3
SIM4
1
21
22
SIM5
SIM1
SIM2
SIM3
SIM4
1
21
22
SIM5
SIM1
SIM2
SIM3
SIM4
1
21
22
SIM5
SIM1
SIM2
SIM3
SIM4
1
21
22
SIM5
SIM1
SIM2
SIM3
SIM4
1
21
22
SIM5
SIM1
SIM2
SIM3
SIM4
1
21
22
SIM5
SIM1
SIM2
SIM3
SIM4
1
21
22
SIM5
SIM1
SIM2
SIM3
SIM4
1
21
22
SIM5
SIM1
SIM2
SIM3
SIM4
1
21
22
SIM5
SIM1
SIM2
SIM3
SIM4
1
21
22
SIM5
SIM1
SIM2
SIM3
SIM4
1
21
22
SIM5
SIM1
SIM2
SIM3
SIM4
1
21
22
SIM5
SIM1
SIM2
SIM3
SIM4
1
21
22
SIM5
SIM1
SIM2
SIM3
SIM4
1
21
22
SIM5
SIM1
SIM2
SIM3
SIM4
1
21
22
SIM5
SIM1
SIM2
SIM3
SIM4
1
21
22
SIM5
SIM1
SIM2
SIM3
SIM4
1
21
22
SIM5
SIM1
SIM2
SIM3
SIM4
1
21
22
SIM5
SIM1
SIM2
SIM3
SIM4
1
21
22
SIM5
SIM1
SIM2
SIM3
SIM4
1
21
22
SIM5
SIM1
SIM2
SIM3
SIM4
1
21
22
SIM5
SIM1
SIM2
SIM3
SIM4
1
21
22
SIM5
SIM1
SIM2
SIM3
SIM4
1
21
22
SIM5
SIM1
SIM2
SIM3
SIM4
1
21
22
SIM5
SIM1
SIM2
SIM3
SIM4
1
21
22
SIM5
SIM1
SIM2
SIM3
SIM4
1
21
22
SIM5
SIM1
SIM2
SIM3
SIM4
1
21
22
SIM5
SIM1
SIM2
SIM3
SIM4
1
21
22
SIM5
SIM1
SIM2
SIM3
SIM4
1
21
22
SIM5
SIM1
SIM2
SIM3
SIM4
1
21
22
SIM5
SIM1
SIM2
SIM3
SIM4
1
21
22
SIM5
SIM1
SIM2
SIM3
SIM4
1
21
22
SIM5
SIM1
SIM2
SIM3
SIM4
1
21
22
SIM5
SIM1
SIM2
SIM3
SIM4
1
21
22
SIM5
SIM1
SIM2
SIM3
SIM4
1
21
22
SIM5
SIM1
SIM2
SIM3
SIM4
1
21
22
SIM5
SIM1
SIM2
SIM3
SIM4
1
21
22
SIM5
SIM1
SIM2
SIM3
SIM4
1
21
22
SIM5
SIM1
SIM2
SIM3
SIM4
1
21
22
SIM5
SIM1
SIM2
SIM3
SIM4
1
21
22
SIM5
SIM1
SIM2
SIM3
SIM4
1
21
22
SIM5
SIM1
SIM2
SIM3
SIM4
1
21
22
SIM5
SIM1
SIM2
SIM3
SIM4
1
21
22
SIM5
SIM1
SIM2
SIM3
SIM4
1
21
22
SIM5
SIM1
SIM2
SIM3
SIM4
1
21
22
SIM5
SIM1
SIM2
SIM3
SIM4
1
21
22
SIM5
SIM1
SIM2
SIM3
SIM4
1
21
22
SIM5
SIM1
SIM2
SIM3
SIM4
1
21
22
SIM5
SIM1
SIM2
SIM3
SIM4
1
21
22
SIM5
SIM1
SIM2
SIM3
SIM4
1
21
22
SIM5
SIM1
SIM2
SIM3
SIM4
1
21
22
SIM5
SIM1
SIM2
SIM3
SIM4
1
21
22
SIM5
SIM1
SIM2
SIM3
SIM4
1
21
22
SIM5
SIM1
SIM2
SIM3
SIM4
1
21
22
SIM5
SIM1
SIM2
SIM3
SIM4
1
21
22
SIM5
SIM1
SIM2
SIM3
SIM4
1
21
22
SIM5
SIM1
SIM2
SIM3
SIM4
1
21
22
SIM5
SIM1
SIM2
SIM3
SIM4
1
21
22
SIM5
SIM1
SIM2
SIM3
SIM4
1
21
22
SIM5
SIM1
SIM2
SIM3
SIM4
1
21
22
SIM5
SIM1
SIM2
SIM3
SIM4
1
21
22
SIM5
SIM1
SIM2
SIM3
SIM4
1
21
22
SIM5
SIM1
SIM2
SIM3
SIM4
1
21
22
SIM5
SIM1
SIM2
SIM3
SIM4
1
21
22
SIM5
SIM1
SIM2
SIM3
SIM4
1
21
22
SIM5
SIM1
SIM2
SIM3
SIM4
1
21
22
SIM5
SIM1
SIM2
SIM3
SIM4
1
21
22
SIM5
SIM1
SIM2
SIM3
SIM4
1
21
22
SIM5
SIM1
SIM2
SIM3
SIM4
1
21
22
SIM5
SIM1
SIM2
SIM3
SIM4
1
21
22
SIM5
SIM1
SIM2
SIM3
SIM4
1
21
22
SIM5
SIM1
SIM2
SIM3
SIM4
1
21
22
SIM5
SIM1
SIM2
SIM3
SIM4
1
21
22
SIM5
SIM1
SIM2
SIM3
SIM4
1
21
22
SIM5
SIM1
SIM2
SIM3
SIM4
1
21
22
SIM5
SIM1
SIM2
SIM3
SIM4
1
21
22
SIM5
SIM1
SIM2
SIM3
SIM4
1
21
22
SIM5
SIM1
SIM2
DEBUG 1 233
SIM1
SIM2
SIM3
SIM4
1
21
22
SIM5
SIM1
SIM2
SIM3
SIM4
1
21
22
SIM5
SIM1
SIM2
SIM3
SIM4
1
21
22
SIM5
SIM1
SIM2
SIM3
SIM4
1
21
22
SIM5
SIM1
SIM2
SIM3
SIM4
1
21
22
SIM5
SIM1
SIM2
SIM3
SIM4
1
21
22
SIM5
SIM1
SIM2
SIM3
SIM4
1
21
22
SIM5
SIM1
SIM2
SIM3
SIM4
1
21
22
SIM5
SIM1
SIM2
SIM3
SIM4
1
21
22
SIM5
SIM1
SIM2
SIM3
SIM4
1
21
22
SIM5
SIM1
SIM2
SIM3
SIM4
1
21
22
SIM5
SIM1
SIM2
SIM3
SIM4
1
21
22
SIM5
SIM1
SIM2
SIM3
SIM4
1
21
22
SIM5
SIM1
SIM2
SIM3
SIM4
1
21
22
SIM5
SIM1
SIM2
SIM3
SIM4
1
21
22
SIM5
SIM1
SIM2
SIM3
SIM4
1
21
22
SIM5
SIM1
SIM2
SIM3
SIM4
1
21
22
SIM5
SIM1
SIM2
SIM3
SIM4
1
21
22
SIM5
SIM1
SIM2
SIM3
SIM4
1
21
22
SIM5
SIM1
SIM2
SIM3
SIM4
1
21
22
SIM5
SIM1
SIM2
SIM3
SIM4
1
21
22
SIM5
SIM1
SIM2
SIM3
SIM4
1
21
22
SIM5
SIM1
SIM2
SIM3
SIM4
1
21
22
SIM5
SIM1
SIM2
SIM3
SIM4
1
21
22
SIM5
SIM1
SIM2
SIM3
SIM4
1
21
22
SIM5
SIM1
SIM2
SIM3
SIM4
1
21
22
SIM5
SIM1
SIM2
SIM3
SIM4
1
21
22
SIM5
SIM1
SIM2
SIM3
SIM4
1
21
22
SIM5
SIM1
SIM2
SIM3
SIM4
1
21
22
SIM5
SIM1
SIM2
SIM3
SIM4
1
21
22
SIM5
SIM1
SIM2
SIM3
SIM4
1
21
22
SIM5
SIM1
SIM2
SIM3
SIM4
1
21
22
SIM5
SIM1
SIM2
SIM3
SIM4
1
21
22
SIM5
SIM1
SIM2
SIM3
SIM4
1
21
22
SIM5
SIM1
SIM2
SIM3
SIM4
1
21
22
SIM5
SIM1
SIM2
SIM3
SIM4
1
21
22
SIM5
SIM1
SIM2
SIM3
SIM4
1
21
22
SIM5
SIM1
SIM2
SIM3
SIM4
1
21
22
SIM5
SIM1
SIM2
SIM3
SIM4
1
21
22
SIM5
SIM1
SIM2
SIM3
SIM4
1
21
22
SIM5
SIM1
SIM2
SIM3
SIM4
1
21
22
SIM5
SIM1
SIM2
SIM3
SIM4
1
21
22
SIM5
SIM1
SIM2
SIM3
SIM4
1
21
22
SIM5
SIM1
SIM2
SIM3
SIM4
1
21
22
SIM5
SIM1
SIM2
SIM3
SIM4
1
21
22
SIM5
SIM1
SIM2
SIM3
SIM4
1
21
22
SIM5
SIM1
SIM2
SIM3
SIM4
1
21
22
SIM5
SIM1
SIM2
SIM3
SIM4
1
21
22
SIM5
SIM1
SIM2
SIM3
SIM4
1
21
22
SIM5
SIM1
SIM2
SIM3
SIM4
1
21
22
SIM5
SIM1
SIM2
SIM3
SIM4
1
21
22
SIM5
SIM1
SIM2
SIM3
SIM4
1
21
22
SIM5
SIM1
SIM2
SIM3
SIM4
1
21
22
SIM5
SIM1
SIM2
SIM3
SIM4
1
21
22
SIM5
SIM1
SIM2
SIM3
SIM4
1
21
22
SIM5
SIM1
SIM2
SIM3
SIM4
1
21
22
SIM5
SIM1
SIM2
SIM3
SIM4
1
21
22
SIM5
SIM1
SIM2
SIM3
SIM4
1
21
22
SIM5
SIM1
SIM2
SIM3
SIM4
1
21
22
SIM5
SIM1
SIM2
SIM3
SIM4
1
21
22
SIM5
SIM1
SIM2
SIM3
SIM4
1
21
22
SIM5
SIM1
SIM2
SIM3
SIM4
1
21
22
SIM5
SIM1
SIM2
SIM3
SIM4
1
21
22
SIM5
SIM1
SIM2
SIM3
SIM4
1
21
22
SIM5
SIM1
SIM2
SIM3
SIM4
1
21
22
SIM5
SIM1
SIM2
SIM3
SIM4
1
21
22
SIM5
SIM1
SIM2
SIM3
SIM4
1
21
22
SIM5
SIM1
SIM2
SIM3
SIM4
1
21
22
SIM5
SIM1
SIM2
SIM3
SIM4
1
21
22
SIM5
SIM1
SIM2
SIM3
SIM4
1
21
22
SIM5
SIM1
SIM2
SIM3
SIM4
1
21
22
SIM5
SIM1
SIM2
SIM3
SIM4
1
21
22
SIM5
SIM1
SIM2
SIM3
SIM4
1
21
22
SIM5
SIM1
SIM2
SIM3
SIM4
1
21
22
SIM5
SIM1
SIM2
SIM3
SIM4
1
21
22
SIM5
SIM1
SIM2
SIM3
SIM4
1
21
22
SIM5
SIM1
SIM2
SIM3
SIM4
1
21
22
SIM5
SIM1
SIM2
SIM3
SIM4
1
21
22
SIM5
SIM1
SIM2
SIM3
SIM4
1
21
22
SIM5
SIM1
SIM2
SIM3
SIM4
1
21
22
SIM5
SIM1
SIM2
SIM3
SIM4
1
21
22
SIM5
SIM1
SIM2
SIM3
SIM4
1
21
22
SIM5
SIM1
SIM2
SIM3
SIM4
1
21
22
SIM5
SIM1
SIM2
SIM3
SIM4
1
21
22
SIM5
SIM1
SIM2
SIM3
SIM4
1
21
22
SIM5
SIM1
SIM2
SIM3
SIM4
1
21
22
SIM5
SIM1
SIM2
SIM3
SIM4
1
21
22
SIM5
SIM1
SIM2
SIM3
SIM4
1
21
22
SIM5
SIM1
SIM2
SIM3
SIM4
1
21
22
SIM5
SIM1
SIM2
SIM3
SIM4
1
21
22
SIM5
SIM1
SIM2
SIM3
SIM4
1
21
22
SIM5
SIM1
SIM2
SIM3
SIM4
1
21
22
SIM5
SIM1
SIM2
SIM3
SIM4
1
21
22
SIM5
SIM1
SIM2
SIM3
SIM4
1
21
22
SIM5
SIM1
SIM2
SIM3
SIM4
1
21
22
SIM5
SIM1
SIM2
SIM3
SIM4
1
21
22
SIM5
SIM1
SIM2
SIM3
SIM4
1
21
22
SIM5
SIM1
SIM2
SIM3
SIM4
1
21
22
SIM5
SIM1
SIM2
SIM3
SIM4
1
21
22
SIM5
SIM1
SIM2
SIM3
SIM4
1
21
22
SIM5
SIM1
SIM2
SIM3
SIM4
1
21
22
SIM5
SIM1
SIM2
SIM3
SIM4
1
21
22
SIM5
SIM1
SIM2
SIM3
SIM4
1
21
22
SIM5
SIM1
SIM2
SIM3
SIM4
1
21
22
SIM5
SIM1
SIM2
SIM3
SIM4
1
21
22
SIM5
SIM1
SIM2
SIM3
SIM4
1
21
22
SIM5
SIM1
SIM2
SIM3
SIM4
1
21
22
SIM5
SIM1
SIM2
SIM3
SIM4
1
21
22
SIM5
SIM1
SIM2
SIM3
SIM4
1
21
22
SIM5
SIM1
SIM2
SIM3
SIM4
1
21
22
SIM5
SIM1
SIM2
SIM3
SIM4
1
21
22
SIM5
SIM1
SIM2
SIM3
SIM4
1
21
22
SIM5
SIM1
SIM2
SIM3
SIM4
1
21
22
SIM5
SIM1
SIM2
SIM3
SIM4
1
21
22
SIM5
SIM1
SIM2
SIM3
SIM4
1
21
22
SIM5
SIM1
SIM2
SIM3
SIM4
1
21
22
SIM5
SIM1
SIM2
SIM3
SIM4
1
21
22
SIM5
SIM1
SIM2
SIM3
SIM4
1
21
22
SIM5
SIM1
SIM2
SIM3
SIM4
1
21
22
SIM5
SIM1
SIM2
SIM3
SIM4
1
21
22
SIM5
SIM1
SIM2
SIM3
SIM4
1
21
22
SIM5
SIM1
SIM2
SIM3
SIM4
1
21
22
SIM5
SIM1
SIM2
SIM3
SIM4
1
21
22
SIM5
SIM1
SIM2
SIM3
SIM4
1
21
22
SIM5
SIM1
SIM2
SIM3
SIM4
1
21
22
SIM5
SIM1
SIM2
SIM3
SIM4
1
21
22
SIM5
SIM1
SIM2
SIM3
SIM4
1
21
22
SIM5
SIM1
SIM2
SIM3
SIM4
1
21
22
SIM5
SIM1
SIM2
SIM3
SIM4
1
21
22
SIM5
SIM1
SIM2
SIM3
SIM4
1
21
22
SIM5
SIM1
SIM2
SIM3
SIM4
1
21
22
SIM5
SIM1
SIM2
SIM3
SIM4
1
21
22
SIM5
SIM1
SIM2
SIM3
SIM4
1
21
22
SIM5
SIM1
SIM2
SIM3
SIM4
1
21
22
SIM5
SIM1
SIM2
SIM3
SIM4
1
21
22
SIM5
SIM1
SIM2
SIM3
SIM4
1
21
22
SIM5
SIM1
SIM2
SIM3
SIM4
1
21
22
SIM5
SIM1
SIM2
SIM3
SIM4
1
21
22
SIM5
SIM1
SIM2
SIM3
SIM4
1
21
22
SIM5
SIM1
SIM2
SIM3
SIM4
1
21
22
SIM5
SIM1
SIM2
SIM3
SIM4
1
21
22
SIM5
SIM1
SIM2
SIM3
SIM4
1
21
22
SIM5
SIM1
SIM2
SIM3
SIM4
1
21
22
SIM5
SIM1
SIM2
SIM3
SIM4
1
21
22
SIM5
SIM1
SIM2
SIM3
SIM4
1
21
22
SIM5
SIM1
SIM2
SIM3
SIM4
1
21
22
SIM5
SIM1
SIM2
SIM3
SIM4
1
21
22
SIM5
SIM1
SIM2
SIM3
SIM4
1
21
22
SIM5
SIM1
SIM2
SIM3
SIM4
1
21
22
SIM5
SIM1
SIM2
SIM3
SIM4
1
21
22
SIM5
SIM1
SIM2
SIM3
SIM4
1
21
22
SIM5
SIM1
SIM2
SIM3
SIM4
1
21
22
SIM5
SIM1
SIM2
SIM3
SIM4
1
21
22
SIM5
SIM1
SIM2
SIM3
SIM4
1
21
22
SIM5
SIM1
SIM2
SIM3
SIM4
1
21
22
SIM5
SIM1
SIM2
SIM3
SIM4
1
21
22
SIM5
SIM1
SIM2
SIM3
SIM4
1
21
22
SIM5
SIM1
SIM2
SIM3
SIM4
1
21
22
SIM5
SIM1
SIM2
SIM3
SIM4
1
21
22
SIM5
SIM1
SIM2
SIM3
SIM4
1
21
22
SIM5
SIM1
SIM2
SIM3
SIM4
1
21
22
SIM5
SIM1
SIM2
SIM3
SIM4
1
21
22
SIM5
SIM1
SIM2
SIM3
SIM4
1
21
22
SIM5
SIM1
SIM2
SIM3
SIM4
1
21
22
SIM5
SIM1
SIM2
SIM3
SIM4
1
21
22
SIM5
SIM1
SIM2
SIM3
SIM4
1
21
22
SIM5
SIM1
SIM2
SIM3
SIM4
1
21
22
SIM5
SIM1
SIM2
SIM3
SIM4
1
21
22
SIM5
SIM1
SIM2
SIM3
SIM4
1
21
22
SIM5
SIM1
SIM2
SIM3
SIM4
1
21
22
SIM5
SIM1
SIM2
SIM3
SIM4
1
21
22
SIM5
SIM1
SIM2
SIM3
SIM4
1
21
22
SIM5
SIM1
SIM2
SIM3
SIM4
1
21
22
SIM5
SIM1
SIM2
SIM3
SIM4
1
21
22
SIM5
SIM1
SIM2
SIM3
SIM4
1
21
22
SIM5
SIM1
SIM2
SIM3
SIM4
1
21
22
SIM5
SIM1
SIM2
SIM3
SIM4
1
21
22
SIM5
SIM1
SIM2
SIM3
SIM4
1
21
22
SIM5
SIM1
SIM2
SIM3
SIM4
1
21
22
SIM5
SIM1
SIM2
SIM3
SIM4
1
21
22
SIM5
SIM1
SIM2
SIM3
SIM4
1
21
22
SIM5
SIM1
SIM2
SIM3
SIM4
1
21
22
SIM5
SIM1
SIM2
SIM3
SIM4
1
21
22
SIM5
SIM1
SIM2
SIM3
SIM4
1
21
22
SIM5
SIM1
SIM2
SIM3
SIM4
1
21
22
SIM5
SIM1
SIM2
SIM3
SIM4
1
21
22
SIM5
SIM1
SIM2
SIM3
SIM4
1
21
22
SIM5
SIM1
SIM2
SIM3
SIM4
1
21
22
SIM5
SIM1
SIM2
SIM3
SIM4
1
21
22
SIM5
SIM1
SIM2
SIM3
SIM4
1
21
22
SIM5
SIM1
SIM2
SIM3
SIM4
1
21
22
SIM5
SIM1
SIM2
SIM3
SIM4
1
21
22
SIM5
SIM1
SIM2
SIM3
SIM4
1
21
22
SIM5
SIM1
SIM2
SIM3
SIM4
1
21
22
SIM5
SIM1
SIM2
SIM3
SIM4
1
21
22
SIM5
SIM1
SIM2
SIM3
SIM4
1
21
22
SIM5
SIM1
SIM2
SIM3
SIM4
1
21
22
SIM5
SIM1
SIM2
SIM3
SIM4
1
21
22
SIM5
SIM1
SIM2
SIM3
SIM4
1
21
22
SIM5
SIM1
SIM2
SIM3
SIM4
1
21
22
SIM5
SIM1
SIM2
SIM3
SIM4
1
21
22
SIM5
SIM1
SIM2
SIM3
SIM4
1
21
22
SIM5
SIM1
SIM2
SIM3
SIM4
1
21
22
SIM5
SIM1
SIM2
SIM3
SIM4
1
21
22
SIM5
SIM1
SIM2
SIM3
SIM4
1
21
22
SIM5
SIM1
SIM2
SIM3
SIM4
1
21
22
SIM5
SIM1
SIM2
SIM3
SIM4
1
21
22
SIM5
SIM1
SIM2
SIM3
SIM4
1
21
22
SIM5
SIM1
SIM2
SIM3
SIM4
1
21
22
SIM5
SIM1
SIM2
SIM3
SIM4
1
21
22
SIM5
SIM1
SIM2
DEBUG 1 234
SIM1
SIM2
SIM3
SIM4
1
21
22
SIM5
SIM1
SIM2
SIM3
SIM4
1
21
22
SIM5
SIM1
SIM2
SIM3
SIM4
1
21
22
SIM5
SIM1
SIM2
SIM3
SIM4
1
21
22
SIM5
SIM1
SIM2
SIM3
SIM4
1
21
22
SIM5
SIM1
SIM2
SIM3
SIM4
1
21
22
SIM5
SIM1
SIM2
SIM3
SIM4
1
21
22
SIM5
SIM1
SIM2
SIM3
SIM4
1
21
22
SIM5
SIM1
SIM2
SIM3
SIM4
1
21
22
SIM5
SIM1
SIM2
SIM3
SIM4
1
21
22
SIM5
SIM1
SIM2
SIM3
SIM4
1
21
22
SIM5
SIM1
SIM2
SIM3
SIM4
1
21
22
SIM5
SIM1
SIM2
SIM3
SIM4
1
21
22
SIM5
SIM1
SIM2
SIM3
SIM4
1
21
22
SIM5
SIM1
SIM2
SIM3
SIM4
1
21
22
SIM5
SIM1
SIM2
SIM3
SIM4
1
21
22
SIM5
SIM1
SIM2
SIM3
SIM4
1
21
22
SIM5
SIM1
SIM2
SIM3
SIM4
1
21
22
SIM5
SIM1
SIM2
SIM3
SIM4
1
21
22
SIM5
SIM1
SIM2
SIM3
SIM4
1
21
22
SIM5
SIM1
SIM2
SIM3
SIM4
1
21
22
SIM5
SIM1
SIM2
SIM3
SIM4
1
21
22
SIM5
SIM1
SIM2
SIM3
SIM4
1
21
22
SIM5
SIM1
SIM2
SIM3
SIM4
1
21
22
SIM5
SIM1
SIM2
SIM3
SIM4
1
21
22
SIM5
SIM1
SIM2
SIM3
SIM4
1
21
22
SIM5
SIM1
SIM2
SIM3
SIM4
1
21
22
SIM5
SIM1
SIM2
SIM3
SIM4
1
21
22
SIM5
SIM1
SIM2
SIM3
SIM4
1
21
22
SIM5
SIM1
SIM2
SIM3
SIM4
1
21
22
SIM5
SIM1
SIM2
SIM3
SIM4
1
21
22
SIM5
SIM1
SIM2
SIM3
SIM4
1
21
22
SIM5
SIM1
SIM2
SIM3
SIM4
1
21
22
SIM5
SIM1
SIM2
SIM3
SIM4
1
21
22
SIM5
SIM1
SIM2
SIM3
SIM4
1
21
22
SIM5
SIM1
SIM2
SIM3
SIM4
1
21
22
SIM5
SIM1
SIM2
SIM3
SIM4
1
21
22
SIM5
SIM1
SIM2
SIM3
SIM4
1
21
22
SIM5
SIM1
SIM2
SIM3
SIM4
1
21
22
SIM5
SIM1
SIM2
SIM3
SIM4
1
21
22
SIM5
SIM1
SIM2
SIM3
SIM4
1
21
22
SIM5
SIM1
SIM2
SIM3
SIM4
1
21
22
SIM5
SIM1
SIM2
SIM3
SIM4
1
21
22
SIM5
SIM1
SIM2
SIM3
SIM4
1
21
22
SIM5
SIM1
SIM2
SIM3
SIM4
1
21
22
SIM5
SIM1
SIM2
SIM3
SIM4
1
21
22
SIM5
SIM1
SIM2
SIM3
SIM4
1
21
22
SIM5
SIM1
SIM2
SIM3
SIM4
1
21
22
SIM5
SIM1
SIM2
SIM3
SIM4
1
21
22
SIM5
SIM1
SIM2
SIM3
SIM4
1
21
22
SIM5
SIM1
SIM2
SIM3
SIM4
1
21
22
SIM5
SIM1
SIM2
SIM3
SIM4
1
21
22
SIM5
SIM1
SIM2
SIM3
SIM4
1
21
22
SIM5
SIM1
SIM2
SIM3
SIM4
1
21
22
SIM5
SIM1
SIM2
SIM3
SIM4
1
21
22
SIM5
SIM1
SIM2
SIM3
SIM4
1
21
22
SIM5
SIM1
SIM2
SIM3
SIM4
1
21
22
SIM5
SIM1
SIM2
SIM3
SIM4
1
21
22
SIM5
SIM1
SIM2
SIM3
SIM4
1
21
22
SIM5
SIM1
SIM2
SIM3
SIM4
1
21
22
SIM5
SIM1
SIM2
SIM3
SIM4
1
21
22
SIM5
SIM1
SIM2
SIM3
SIM4
1
21
22
SIM5
SIM1
SIM2
SIM3
SIM4
1
21
22
SIM5
SIM1
SIM2
SIM3
SIM4
1
21
22
SIM5
SIM1
SIM2
SIM3
SIM4
1
21
22
SIM5
SIM1
SIM2
SIM3
SIM4
1
21
22
SIM5
SIM1
SIM2
SIM3
SIM4
1
21
22
SIM5
SIM1
SIM2
SIM3
SIM4
1
21
22
SIM5
SIM1
SIM2
SIM3
SIM4
1
21
22
SIM5
SIM1
SIM2
SIM3
SIM4
1
21
22
SIM5
SIM1
SIM2
SIM3
SIM4
1
21
22
SIM5
SIM1
SIM2
SIM3
SIM4
1
21
22
SIM5
SIM1
SIM2
SIM3
SIM4
1
21
22
SIM5
SIM1
SIM2
SIM3
SIM4
1
21
22
SIM5
SIM1
SIM2
SIM3
SIM4
1
21
22
SIM5
SIM1
SIM2
SIM3
SIM4
1
21
22
SIM5
SIM1
SIM2
SIM3
SIM4
1
21
22
SIM5
SIM1
SIM2
SIM3
SIM4
1
21
22
SIM5
SIM1
SIM2
SIM3
SIM4
1
21
22
SIM5
SIM1
SIM2
SIM3
SIM4
1
21
22
SIM5
SIM1
SIM2
SIM3
SIM4
1
21
22
SIM5
SIM1
SIM2
SIM3
SIM4
1
21
22
SIM5
SIM1
SIM2
SIM3
SIM4
1
21
22
SIM5
SIM1
SIM2
SIM3
SIM4
1
21
22
SIM5
SIM1
SIM2
SIM3
SIM4
1
21
22
SIM5
SIM1
SIM2
SIM3
SIM4
1
21
22
SIM5
SIM1
SIM2
SIM3
SIM4
1
21
22
SIM5
SIM1
SIM2
SIM3
SIM4
1
21
22
SIM5
SIM1
SIM2
SIM3
SIM4
1
21
22
SIM5
SIM1
SIM2
SIM3
SIM4
1
21
22
SIM5
SIM1
SIM2
SIM3
SIM4
1
21
22
SIM5
SIM1
SIM2
SIM3
SIM4
1
21
22
SIM5
SIM1
SIM2
SIM3
SIM4
1
21
22
SIM5
SIM1
SIM2
SIM3
SIM4
1
21
22
SIM5
SIM1
SIM2
SIM3
SIM4
1
21
22
SIM5
SIM1
SIM2
SIM3
SIM4
1
21
22
SIM5
SIM1
SIM2
SIM3
SIM4
1
21
22
SIM5
SIM1
SIM2
SIM3
SIM4
1
21
22
SIM5
SIM1
SIM2
SIM3
SIM4
1
21
22
SIM5
SIM1
SIM2
SIM3
SIM4
1
21
22
SIM5
SIM1
SIM2
SIM3
SIM4
1
21
22
SIM5
SIM1
SIM2
SIM3
SIM4
1
21
22
SIM5
SIM1
SIM2
SIM3
SIM4
1
21
22
SIM5
SIM1
SIM2
SIM3
SIM4
1
21
22
SIM5
SIM1
SIM2
SIM3
SIM4
1
21
22
SIM5
SIM1
SIM2
SIM3
SIM4
1
21
22
SIM5
SIM1
SIM2
SIM3
SIM4
1
21
22
SIM5
SIM1
SIM2
SIM3
SIM4
1
21
22
SIM5
SIM1
SIM2
SIM3
SIM4
1
21
22
SIM5
SIM1
SIM2
SIM3
SIM4
1
21
22
SIM5
SIM1
SIM2
SIM3
SIM4
1
21
22
SIM5
SIM1
SIM2
SIM3
SIM4
1
21
22
SIM5
SIM1
SIM2
SIM3
SIM4
1
21
22
SIM5
SIM1
SIM2
SIM3
SIM4
1
21
22
SIM5
SIM1
SIM2
SIM3
SIM4
1
21
22
SIM5
SIM1
SIM2
SIM3
SIM4
1
21
22
SIM5
SIM1
SIM2
SIM3
SIM4
1
21
22
SIM5
SIM1
SIM2
SIM3
SIM4
1
21
22
SIM5
SIM1
SIM2
SIM3
SIM4
1
21
22
SIM5
SIM1
SIM2
SIM3
SIM4
1
21
22
SIM5
SIM1
SIM2
SIM3
SIM4
1
21
22
SIM5
SIM1
SIM2
SIM3
SIM4
1
21
22
SIM5
SIM1
SIM2
SIM3
SIM4
1
21
22
SIM5
SIM1
SIM2
SIM3
SIM4
1
21
22
SIM5
SIM1
SIM2
SIM3
SIM4
1
21
22
SIM5
SIM1
SIM2
SIM3
SIM4
1
21
22
SIM5
SIM1
SIM2
SIM3
SIM4
1
21
22
SIM5
SIM1
SIM2
SIM3
SIM4
1
21
22
SIM5
SIM1
SIM2
SIM3
SIM4
1
21
22
SIM5
SIM1
SIM2
SIM3
SIM4
1
21
22
SIM5
SIM1
SIM2
SIM3
SIM4
1
21
22
SIM5
SIM1
SIM2
SIM3
SIM4
1
21
22
SIM5
SIM1
SIM2
SIM3
SIM4
1
21
22
SIM5
SIM1
SIM2
SIM3
SIM4
1
21
22
SIM5
SIM1
SIM2
SIM3
SIM4
1
21
22
SIM5
SIM1
SIM2
SIM3
SIM4
1
21
22
SIM5
SIM1
SIM2
SIM3
SIM4
1
21
22
SIM5
SIM1
SIM2
SIM3
SIM4
1
21
22
SIM5
SIM1
SIM2
SIM3
SIM4
1
21
22
SIM5
SIM1
SIM2
SIM3
SIM4
1
21
22
SIM5
SIM1
SIM2
SIM3
SIM4
1
21
22
SIM5
SIM1
SIM2
SIM3
SIM4
1
21
22
SIM5
SIM1
SIM2
SIM3
SIM4
1
21
22
SIM5
SIM1
SIM2
SIM3
SIM4
1
21
22
SIM5
SIM1
SIM2
SIM3
SIM4
1
21
22
SIM5
SIM1
SIM2
SIM3
SIM4
1
21
22
SIM5
SIM1
SIM2
SIM3
SIM4
1
21
22
SIM5
SIM1
SIM2
SIM3
SIM4
1
21
22
SIM5
SIM1
SIM2
SIM3
SIM4
1
21
22
SIM5
SIM1
SIM2
SIM3
SIM4
1
21
22
SIM5
SIM1
SIM2
SIM3
SIM4
1
21
22
SIM5
SIM1
SIM2
SIM3
SIM4
1
21
22
SIM5
SIM1
SIM2
SIM3
SIM4
1
21
22
SIM5
SIM1
SIM2
SIM3
SIM4
1
21
22
SIM5
SIM1
SIM2
SIM3
SIM4
1
21
22
SIM5
SIM1
SIM2
SIM3
SIM4
1
21
22
SIM5
SIM1
SIM2
SIM3
SIM4
1
21
22
SIM5
SIM1
SIM2
SIM3
SIM4
1
21
22
SIM5
SIM1
SIM2
SIM3
SIM4
1
21
22
SIM5
SIM1
SIM2
SIM3
SIM4
1
21
22
SIM5
SIM1
SIM2
SIM3
SIM4
1
21
22
SIM5
SIM1
SIM2
SIM3
SIM4
1
21
22
SIM5
SIM1
SIM2
SIM3
SIM4
1
21
22
SIM5
SIM1
SIM2
SIM3
SIM4
1
21
22
SIM5
SIM1
SIM2
SIM3
SIM4
1
21
22
SIM5
SIM1
SIM2
SIM3
SIM4
1
21
22
SIM5
SIM1
SIM2
SIM3
SIM4
1
21
22
SIM5
SIM1
SIM2
SIM3
SIM4
1
21
22
SIM5
SIM1
SIM2
SIM3
SIM4
1
21
22
SIM5
SIM1
SIM2
SIM3
SIM4
1
21
22
SIM5
SIM1
SIM2
SIM3
SIM4
1
21
22
SIM5
SIM1
SIM2
SIM3
SIM4
1
21
22
SIM5
SIM1
SIM2
SIM3
SIM4
1
21
22
SIM5
SIM1
SIM2
SIM3
SIM4
1
21
22
SIM5
SIM1
SIM2
SIM3
SIM4
1
21
22
SIM5
SIM1
SIM2
SIM3
SIM4
1
21
22
SIM5
SIM1
SIM2
SIM3
SIM4
1
21
22
SIM5
SIM1
SIM2
SIM3
SIM4
1
21
22
SIM5
SIM1
SIM2
SIM3
SIM4
1
21
22
SIM5
SIM1
SIM2
DEBUG 1 235
SIM1
SIM2
SIM3
SIM4
1
21
22
SIM5
SIM1
SIM2
SIM3
SIM4
1
21
22
SIM5
SIM1
SIM2
SIM3
SIM4
1
21
22
SIM5
SIM1
SIM2
SIM3
SIM4
1
21
22
SIM5
SIM1
SIM2
SIM3
SIM4
1
21
22
SIM5
SIM1
SIM2
SIM3
SIM4
1
21
22
SIM5
SIM1
SIM2
SIM3
SIM4
1
21
22
SIM5
SIM1
SIM2
SIM3
SIM4
1
21
22
SIM5
SIM1
SIM2
SIM3
SIM4
1
21
22
SIM5
SIM1
SIM2
SIM3
SIM4
1
21
22
SIM5
SIM1
SIM2
SIM3
SIM4
1
21
22
SIM5
SIM1
SIM2
SIM3
SIM4
1
21
22
SIM5
SIM1
SIM2
SIM3
SIM4
1
21
22
SIM5
SIM1
SIM2
SIM3
SIM4
1
21
22
SIM5
SIM1
SIM2
SIM3
SIM4
1
21
22
SIM5
SIM1
SIM2
SIM3
SIM4
1
21
22
SIM5
SIM1
SIM2
SIM3
SIM4
1
21
22
SIM5
SIM1
SIM2
SIM3
SIM4
1
21
22
SIM5
SIM1
SIM2
SIM3
SIM4
1
21
22
SIM5
SIM1
SIM2
SIM3
SIM4
1
21
22
SIM5
SIM1
SIM2
SIM3
SIM4
1
21
22
SIM5
SIM1
SIM2
SIM3
SIM4
1
21
22
SIM5
SIM1
SIM2
SIM3
SIM4
1
21
22
SIM5
SIM1
SIM2
SIM3
SIM4
1
21
22
SIM5
SIM1
SIM2
SIM3
SIM4
1
21
22
SIM5
SIM1
SIM2
SIM3
SIM4
1
21
22
SIM5
SIM1
SIM2
SIM3
SIM4
1
21
22
SIM5
SIM1
SIM2
SIM3
SIM4
1
21
22
SIM5
SIM1
SIM2
SIM3
SIM4
1
21
22
SIM5
SIM1
SIM2
SIM3
SIM4
1
21
22
SIM5
SIM1
SIM2
SIM3
SIM4
1
21
22
SIM5
SIM1
SIM2
SIM3
SIM4
1
21
22
SIM5
SIM1
SIM2
SIM3
SIM4
1
21
22
SIM5
SIM1
SIM2
SIM3
SIM4
1
21
22
SIM5
SIM1
SIM2
SIM3
SIM4
1
21
22
SIM5
SIM1
SIM2
SIM3
SIM4
1
21
22
SIM5
SIM1
SIM2
SIM3
SIM4
1
21
22
SIM5
SIM1
SIM2
SIM3
SIM4
1
21
22
SIM5
SIM1
SIM2
SIM3
SIM4
1
21
22
SIM5
SIM1
SIM2
SIM3
SIM4
1
21
22
SIM5
SIM1
SIM2
SIM3
SIM4
1
21
22
SIM5
SIM1
SIM2
SIM3
SIM4
1
21
22
SIM5
SIM1
SIM2
SIM3
SIM4
1
21
22
SIM5
SIM1
SIM2
SIM3
SIM4
1
21
22
SIM5
SIM1
SIM2
SIM3
SIM4
1
21
22
SIM5
SIM1
SIM2
SIM3
SIM4
1
21
22
SIM5
SIM1
SIM2
SIM3
SIM4
1
21
22
SIM5
SIM1
SIM2
SIM3
SIM4
1
21
22
SIM5
SIM1
SIM2
SIM3
SIM4
1
21
22
SIM5
SIM1
SIM2
SIM3
SIM4
1
21
22
SIM5
SIM1
SIM2
SIM3
SIM4
1
21
22
SIM5
SIM1
SIM2
SIM3
SIM4
1
21
22
SIM5
SIM1
SIM2
SIM3
SIM4
1
21
22
SIM5
SIM1
SIM2
SIM3
SIM4
1
21
22
SIM5
SIM1
SIM2
SIM3
SIM4
1
21
22
SIM5
SIM1
SIM2
SIM3
SIM4
1
21
22
SIM5
SIM1
SIM2
SIM3
SIM4
1
21
22
SIM5
SIM1
SIM2
SIM3
SIM4
1
21
22
SIM5
SIM1
SIM2
SIM3
SIM4
1
21
22
SIM5
SIM1
SIM2
SIM3
SIM4
1
21
22
SIM5
SIM1
SIM2
SIM3
SIM4
1
21
22
SIM5
SIM1
SIM2
SIM3
SIM4
1
21
22
SIM5
SIM1
SIM2
SIM3
SIM4
1
21
22
SIM5
SIM1
SIM2
SIM3
SIM4
1
21
22
SIM5
SIM1
SIM2
SIM3
SIM4
1
21
22
SIM5
SIM1
SIM2
SIM3
SIM4
1
21
22
SIM5
SIM1
SIM2
SIM3
SIM4
1
21
22
SIM5
SIM1
SIM2
SIM3
SIM4
1
21
22
SIM5
SIM1
SIM2
SIM3
SIM4
1
21
22
SIM5
SIM1
SIM2
SIM3
SIM4
1
21
22
SIM5
SIM1
SIM2
SIM3
SIM4
1
21
22
SIM5
SIM1
SIM2
SIM3
SIM4
1
21
22
SIM5
SIM1
SIM2
SIM3
SIM4
1
21
22
SIM5
SIM1
SIM2
SIM3
SIM4
1
21
22
SIM5
SIM1
SIM2
SIM3
SIM4
1
21
22
SIM5
SIM1
SIM2
SIM3
SIM4
1
21
22
SIM5
SIM1
SIM2
SIM3
SIM4
1
21
22
SIM5
SIM1
SIM2
SIM3
SIM4
1
21
22
SIM5
SIM1
SIM2
SIM3
SIM4
1
21
22
SIM5
SIM1
SIM2
SIM3
SIM4
1
21
22
SIM5
SIM1
SIM2
SIM3
SIM4
1
21
22
SIM5
SIM1
SIM2
SIM3
SIM4
1
21
22
SIM5
SIM1
SIM2
SIM3
SIM4
1
21
22
SIM5
SIM1
SIM2
SIM3
SIM4
1
21
22
SIM5
SIM1
SIM2
SIM3
SIM4
1
21
22
SIM5
SIM1
SIM2
SIM3
SIM4
1
21
22
SIM5
SIM1
SIM2
SIM3
SIM4
1
21
22
SIM5
SIM1
SIM2
SIM3
SIM4
1
21
22
SIM5
SIM1
SIM2
SIM3
SIM4
1
21
22
SIM5
SIM1
SIM2
SIM3
SIM4
1
21
22
SIM5
SIM1
SIM2
SIM3
SIM4
1
21
22
SIM5
SIM1
SIM2
SIM3
SIM4
1
21
22
SIM5
SIM1
SIM2
SIM3
SIM4
1
21
22
SIM5
SIM1
SIM2
SIM3
SIM4
1
21
22
SIM5
SIM1
SIM2
SIM3
SIM4
1
21
22
SIM5
SIM1
SIM2
SIM3
SIM4
1
21
22
SIM5
SIM1
SIM2
SIM3
SIM4
1
21
22
SIM5
SIM1
SIM2
SIM3
SIM4
1
21
22
SIM5
SIM1
SIM2
SIM3
SIM4
1
21
22
SIM5
SIM1
SIM2
SIM3
SIM4
1
21
22
SIM5
SIM1
SIM2
SIM3
SIM4
1
21
22
SIM5
SIM1
SIM2
SIM3
SIM4
1
21
22
SIM5
SIM1
SIM2
SIM3
SIM4
1
21
22
SIM5
SIM1
SIM2
SIM3
SIM4
1
21
22
SIM5
SIM1
SIM2
SIM3
SIM4
1
21
22
SIM5
SIM1
SIM2
SIM3
SIM4
1
21
22
SIM5
SIM1
SIM2
SIM3
SIM4
1
21
22
SIM5
SIM1
SIM2
SIM3
SIM4
1
21
22
SIM5
SIM1
SIM2
SIM3
SIM4
1
21
22
SIM5
SIM1
SIM2
SIM3
SIM4
1
21
22
SIM5
SIM1
SIM2
SIM3
SIM4
1
21
22
SIM5
SIM1
SIM2
SIM3
SIM4
1
21
22
SIM5
SIM1
SIM2
SIM3
SIM4
1
21
22
SIM5
SIM1
SIM2
SIM3
SIM4
1
21
22
SIM5
SIM1
SIM2
SIM3
SIM4
1
21
22
SIM5
SIM1
SIM2
SIM3
SIM4
1
21
22
SIM5
SIM1
SIM2
SIM3
SIM4
1
21
22
SIM5
SIM1
SIM2
SIM3
SIM4
1
21
22
SIM5
SIM1
SIM2
SIM3
SIM4
1
21
22
SIM5
SIM1
SIM2
SIM3
SIM4
1
21
22
SIM5
SIM1
SIM2
SIM3
SIM4
1
21
22
SIM5
SIM1
SIM2
SIM3
SIM4
1
21
22
SIM5
SIM1
SIM2
SIM3
SIM4
1
21
22
SIM5
SIM1
SIM2
SIM3
SIM4
1
21
22
SIM5
SIM1
SIM2
SIM3
SIM4
1
21
22
SIM5
SIM1
SIM2
SIM3
SIM4
1
21
22
SIM5
SIM1
SIM2
SIM3
SIM4
1
21
22
SIM5
SIM1
SIM2
SIM3
SIM4
1
21
22
SIM5
SIM1
SIM2
SIM3
SIM4
1
21
22
SIM5
SIM1
SIM2
SIM3
SIM4
1
21
22
SIM5
SIM1
SIM2
SIM3
SIM4
1
21
22
SIM5
SIM1
SIM2
SIM3
SIM4
1
21
22
SIM5
SIM1
SIM2
SIM3
SIM4
1
21
22
SIM5
SIM1
SIM2
SIM3
SIM4
1
21
22
SIM5
SIM1
SIM2
SIM3
SIM4
1
21
22
SIM5
SIM1
SIM2
SIM3
SIM4
1
21
22
SIM5
SIM1
SIM2
SIM3
SIM4
1
21
22
SIM5
SIM1
SIM2
SIM3
SIM4
1
21
22
SIM5
SIM1
SIM2
SIM3
SIM4
1
21
22
SIM5
SIM1
SIM2
SIM3
SIM4
1
21
22
SIM5
SIM1
SIM2
SIM3
SIM4
1
21
22
SIM5
SIM1
SIM2
SIM3
SIM4
1
21
22
SIM5
SIM1
SIM2
SIM3
SIM4
1
21
22
SIM5
SIM1
SIM2
SIM3
SIM4
1
21
22
SIM5
SIM1
SIM2
SIM3
SIM4
1
21
22
SIM5
SIM1
SIM2
SIM3
SIM4
1
21
22
SIM5
SIM1
SIM2
SIM3
SIM4
1
21
22
SIM5
SIM1
SIM2
SIM3
SIM4
1
21
22
SIM5
SIM1
SIM2
SIM3
SIM4
1
21
22
SIM5
SIM1
SIM2
SIM3
SIM4
1
21
22
SIM5
SIM1
SIM2
SIM3
SIM4
1
21
22
SIM5
SIM1
SIM2
SIM3
SIM4
1
21
22
SIM5
SIM1
SIM2
SIM3
SIM4
1
21
22
SIM5
SIM1
SIM2
SIM3
SIM4
1
21
22
SIM5
SIM1
SIM2
SIM3
SIM4
1
21
22
SIM5
SIM1
SIM2
SIM3
SIM4
1
21
22
SIM5
SIM1
SIM2
SIM3
SIM4
1
21
22
SIM5
SIM1
SIM2
SIM3
SIM4
1
21
22
SIM5
SIM1
SIM2
SIM3
SIM4
1
21
22
SIM5
SIM1
SIM2
SIM3
SIM4
1
21
22
SIM5
SIM1
SIM2
SIM3
SIM4
1
21
22
SIM5
SIM1
SIM2
SIM3
SIM4
1
21
22
SIM5
SIM1
SIM2
SIM3
SIM4
1
21
22
SIM5
SIM1
SIM2
SIM3
SIM4
1
21
22
SIM5
SIM1
SIM2
SIM3
SIM4
1
21
22
SIM5
SIM1
SIM2
SIM3
SIM4
1
21
22
SIM5
SIM1
SIM2
SIM3
SIM4
1
21
22
SIM5
SIM1
SIM2
SIM3
SIM4
1
21
22
SIM5
SIM1
SIM2
SIM3
SIM4
1
21
22
SIM5
SIM1
SIM2
SIM3
SIM4
1
21
22
SIM5
SIM1
SIM2
SIM3
SIM4
1
21
22
SIM5
SIM1
SIM2
SIM3
SIM4
1
21
22
SIM5
SIM1
SIM2
SIM3
SIM4
1
21
22
SIM5
SIM1
SIM2
SIM3
SIM4
1
21
22
SIM5
SIM1
SIM2
SIM3
SIM4
1
21
22
SIM5
SIM1
SIM2
SIM3
SIM4
1
21
22
SIM5
SIM1
SIM2
SIM3
SIM4
1
21
22
SIM5
SIM1
SIM2
SIM3
SIM4
1
21
22
SIM5
SIM1
SIM2
SIM3
SIM4
1
21
22
SIM5
SIM1
SIM2
SIM3
SIM4
1
21
22
SIM5
SIM1
SIM2
SIM3
SIM4
1
21
22
SIM5
SIM1
SIM2
SIM3
SIM4
1
21
22
SIM5
SIM1
SIM2
SIM3
SIM4
1
21
22
SIM5
SIM1
SIM2
SIM3
SIM4
1
21
22
SIM5
SIM1
SIM2
SIM3
SIM4
1
21
22
SIM5
SIM1
SIM2
SIM3
SIM4
1
21
22
SIM5
SIM1
SIM2
SIM3
SIM4
1
21
22
SIM5
SIM1
SIM2
SIM3
SIM4
1
21
22
SIM5
SIM1
SIM2
SIM3
SIM4
1
21
22
SIM5
SIM1
SIM2
SIM3
SIM4
1
21
22
SIM5
SIM1
SIM2
SIM3
SIM4
1
21
22
SIM5
SIM1
SIM2
SIM3
SIM4
1
21
22
SIM5
SIM1
SIM2
SIM3
SIM4
1
21
22
SIM5
SIM1
SIM2
SIM3
SIM4
1
21
22
SIM5
SIM1
SIM2
SIM3
SIM4
1
21
22
SIM5
SIM1
SIM2
SIM3
SIM4
1
21
22
SIM5
SIM1
SIM2
SIM3
SIM4
1
21
22
SIM5
SIM1
SIM2
SIM3
SIM4
1
21
22
SIM5
SIM1
SIM2
SIM3
SIM4
1
21
22
SIM5
SIM1
SIM2
SIM3
SIM4
1
21
22
SIM5
SIM1
SIM2
SIM3
SIM4
1
21
22
SIM5
SIM1
SIM2
SIM3
SIM4
1
21
22
SIM5
SIM1
SIM2
SIM3
SIM4
1
21
22
SIM5
SIM1
SIM2
SIM3
SIM4
1
21
22
SIM5
SIM1
SIM2
SIM3
SIM4
1
21
22
SIM5
SIM1
SIM2
SIM3
SIM4
1
21
22
SIM5
SIM1
SIM2
SIM3
SIM4
1
21
22
SIM5
SIM1
SIM2
SIM3
SIM4
1
21
22
SIM5
SIM1
SIM2
SIM3
SIM4
1
21
22
SIM5
SIM1
SIM2
SIM3
SIM4
1
21
22
SIM5
SIM1
SIM2
SIM3
SIM4
1
21
22
SIM5
SIM1
SIM2
SIM3
SIM4
1
21
22
SIM5
SIM1
SIM2
SIM3
SIM4
1
21
22
SIM5
SIM1
SIM2
SIM3
SIM4
1
21
22
SIM5
SIM1
SIM2
SIM3
SIM4
1
21
22
SIM5
SIM1
SIM2
SIM3
SIM4
1
21
22
SIM5
SIM1
SIM2
SIM3
SIM4
1
21
22
SIM5
SIM1
SIM2
SIM3
SIM4
1
21
22
SIM5
SIM1
SIM2
SIM3
SIM4
1
21
22
SIM5
SIM1
SIM2
SIM3
SIM4
1
21
22
SIM5
SIM1
SIM2
SIM3
SIM4
1
21
22
SIM5
SIM1
SIM2
SIM3
SIM4
1
21
22
SIM5
SIM1
SIM2
SIM3
SIM4
1
21
22
SIM5
SIM1
SIM2
SIM3
SIM4
1
21
22
SIM5
SIM1
SIM2
SIM3
SIM4
1
21
22
SIM5
SIM1
SIM2
SIM3
SIM4
1
21
22
SIM5
SIM1
SIM2
SIM3
SIM4
1
21
22
SIM5
SIM1
SIM2
SIM3
SIM4
1
21
22
SIM5
SIM1
SIM2
SIM3
SIM4
1
21
22
SIM5
SIM1
SIM2
SIM3
SIM4
1
21
22
SIM5
SIM1
SIM2
SIM3
SIM4
1
21
22
SIM5
SIM1
SIM2
SIM3
SIM4
1
21
22
SIM5
SIM1
SIM2
SIM3
SIM4
1
21
22
SIM5
SIM1
SIM2
SIM3
SIM4
1
21
22
SIM5
SIM1
SIM2
SIM3
SIM4
1
21
22
SIM5
SIM1
SIM2
SIM3
SIM4
1
21
22
SIM5
SIM1
SIM2
SIM3
SIM4
1
21
22
SIM5
SIM1
SIM2
DEBUG 1 236
SIM1
SIM2
SIM3
SIM4
1
21
22
SIM5
SIM1
SIM2
SIM3
SIM4
1
21
22
SIM5
SIM1
SIM2
SIM3
SIM4
1
21
22
SIM5
SIM1
SIM2
SIM3
SIM4
1
21
22
SIM5
SIM1
SIM2
SIM3
SIM4
1
21
22
SIM5
SIM1
SIM2
SIM3
SIM4
1
21
22
SIM5
SIM1
SIM2
SIM3
SIM4
1
21
22
SIM5
SIM1
SIM2
SIM3
SIM4
1
21
22
SIM5
SIM1
SIM2
SIM3
SIM4
1
21
22
SIM5
SIM1
SIM2
SIM3
SIM4
1
21
22
SIM5
SIM1
SIM2
SIM3
SIM4
1
21
22
SIM5
SIM1
SIM2
SIM3
SIM4
1
21
22
SIM5
SIM1
SIM2
SIM3
SIM4
1
21
22
SIM5
SIM1
SIM2
SIM3
SIM4
1
21
22
SIM5
SIM1
SIM2
SIM3
SIM4
1
21
22
SIM5
SIM1
SIM2
SIM3
SIM4
1
21
22
SIM5
SIM1
SIM2
SIM3
SIM4
1
21
22
SIM5
SIM1
SIM2
SIM3
SIM4
1
21
22
SIM5
SIM1
SIM2
SIM3
SIM4
1
21
22
SIM5
SIM1
SIM2
SIM3
SIM4
1
21
22
SIM5
SIM1
SIM2
SIM3
SIM4
1
21
22
SIM5
SIM1
SIM2
SIM3
SIM4
1
21
22
SIM5
SIM1
SIM2
SIM3
SIM4
1
21
22
SIM5
SIM1
SIM2
SIM3
SIM4
1
21
22
SIM5
SIM1
SIM2
SIM3
SIM4
1
21
22
SIM5
SIM1
SIM2
SIM3
SIM4
1
21
22
SIM5
SIM1
SIM2
SIM3
SIM4
1
21
22
SIM5
SIM1
SIM2
SIM3
SIM4
1
21
22
SIM5
SIM1
SIM2
SIM3
SIM4
1
21
22
SIM5
SIM1
SIM2
SIM3
SIM4
1
21
22
SIM5
SIM1
SIM2
SIM3
SIM4
1
21
22
SIM5
SIM1
SIM2
SIM3
SIM4
1
21
22
SIM5
SIM1
SIM2
SIM3
SIM4
1
21
22
SIM5
SIM1
SIM2
SIM3
SIM4
1
21
22
SIM5
SIM1
SIM2
SIM3
SIM4
1
21
22
SIM5
SIM1
SIM2
SIM3
SIM4
1
21
22
SIM5
SIM1
SIM2
SIM3
SIM4
1
21
22
SIM5
SIM1
SIM2
SIM3
SIM4
1
21
22
SIM5
SIM1
SIM2
SIM3
SIM4
1
21
22
SIM5
SIM1
SIM2
SIM3
SIM4
1
21
22
SIM5
SIM1
SIM2
SIM3
SIM4
1
21
22
SIM5
SIM1
SIM2
SIM3
SIM4
1
21
22
SIM5
SIM1
SIM2
SIM3
SIM4
1
21
22
SIM5
SIM1
SIM2
SIM3
SIM4
1
21
22
SIM5
SIM1
SIM2
SIM3
SIM4
1
21
22
SIM5
SIM1
SIM2
SIM3
SIM4
1
21
22
SIM5
SIM1
SIM2
SIM3
SIM4
1
21
22
SIM5
SIM1
SIM2
SIM3
SIM4
1
21
22
SIM5
SIM1
SIM2
SIM3
SIM4
1
21
22
SIM5
SIM1
SIM2
SIM3
SIM4
1
21
22
SIM5
SIM1
SIM2
SIM3
SIM4
1
21
22
SIM5
SIM1
SIM2
SIM3
SIM4
1
21
22
SIM5
SIM1
SIM2
SIM3
SIM4
1
21
22
SIM5
SIM1
SIM2
SIM3
SIM4
1
21
22
SIM5
SIM1
SIM2
SIM3
SIM4
1
21
22
SIM5
SIM1
SIM2
SIM3
SIM4
1
21
22
SIM5
SIM1
SIM2
SIM3
SIM4
1
21
22
SIM5
SIM1
SIM2
SIM3
SIM4
1
21
22
SIM5
SIM1
SIM2
SIM3
SIM4
1
21
22
SIM5
SIM1
SIM2
SIM3
SIM4
1
21
22
SIM5
SIM1
SIM2
SIM3
SIM4
1
21
22
SIM5
SIM1
SIM2
SIM3
SIM4
1
21
22
SIM5
SIM1
SIM2
SIM3
SIM4
1
21
22
SIM5
SIM1
SIM2
SIM3
SIM4
1
21
22
SIM5
SIM1
SIM2
SIM3
SIM4
1
21
22
SIM5
SIM1
SIM2
SIM3
SIM4
1
21
22
SIM5
SIM1
SIM2
SIM3
SIM4
1
21
22
SIM5
SIM1
SIM2
SIM3
SIM4
1
21
22
SIM5
SIM1
SIM2
SIM3
SIM4
1
21
22
SIM5
SIM1
SIM2
SIM3
SIM4
1
21
22
SIM5
SIM1
SIM2
SIM3
SIM4
1
21
22
SIM5
SIM1
SIM2
SIM3
SIM4
1
21
22
SIM5
SIM1
SIM2
SIM3
SIM4
1
21
22
SIM5
SIM1
SIM2
SIM3
SIM4
1
21
22
SIM5
SIM1
SIM2
SIM3
SIM4
1
21
22
SIM5
SIM1
SIM2
SIM3
SIM4
1
21
22
SIM5
SIM1
SIM2
SIM3
SIM4
1
21
22
SIM5
SIM1
SIM2
SIM3
SIM4
1
21
22
SIM5
SIM1
SIM2
SIM3
SIM4
1
21
22
SIM5
SIM1
SIM2
SIM3
SIM4
1
21
22
SIM5
SIM1
SIM2
SIM3
SIM4
1
21
22
SIM5
SIM1
SIM2
SIM3
SIM4
1
21
22
SIM5
SIM1
SIM2
SIM3
SIM4
1
21
22
SIM5
SIM1
SIM2
SIM3
SIM4
1
21
22
SIM5
SIM1
SIM2
SIM3
SIM4
1
21
22
SIM5
SIM1
SIM2
SIM3
SIM4
1
21
22
SIM5
SIM1
SIM2
SIM3
SIM4
1
21
22
SIM5
SIM1
SIM2
SIM3
SIM4
1
21
22
SIM5
SIM1
SIM2
SIM3
SIM4
1
21
22
SIM5
SIM1
SIM2
SIM3
SIM4
1
21
22
SIM5
SIM1
SIM2
SIM3
SIM4
1
21
22
SIM5
SIM1
SIM2
SIM3
SIM4
1
21
22
SIM5
SIM1
SIM2
SIM3
SIM4
1
21
22
SIM5
SIM1
SIM2
SIM3
SIM4
1
21
22
SIM5
SIM1
SIM2
SIM3
SIM4
1
21
22
SIM5
SIM1
SIM2
SIM3
SIM4
1
21
22
SIM5
SIM1
SIM2
SIM3
SIM4
1
21
22
SIM5
SIM1
SIM2
SIM3
SIM4
1
21
22
SIM5
SIM1
SIM2
SIM3
SIM4
1
21
22
SIM5
SIM1
SIM2
SIM3
SIM4
1
21
22
SIM5
SIM1
SIM2
SIM3
SIM4
1
21
22
SIM5
SIM1
SIM2
SIM3
SIM4
1
21
22
SIM5
SIM1
SIM2
SIM3
SIM4
1
21
22
SIM5
SIM1
SIM2
SIM3
SIM4
1
21
22
SIM5
SIM1
SIM2
SIM3
SIM4
1
21
22
SIM5
SIM1
SIM2
SIM3
SIM4
1
21
22
SIM5
SIM1
SIM2
SIM3
SIM4
1
21
22
SIM5
SIM1
SIM2
SIM3
SIM4
1
21
22
SIM5
SIM1
SIM2
SIM3
SIM4
1
21
22
SIM5
SIM1
SIM2
SIM3
SIM4
1
21
22
SIM5
SIM1
SIM2
SIM3
SIM4
1
21
22
SIM5
SIM1
SIM2
SIM3
SIM4
1
21
22
SIM5
SIM1
SIM2
SIM3
SIM4
1
21
22
SIM5
SIM1
SIM2
SIM3
SIM4
1
21
22
SIM5
SIM1
SIM2
SIM3
SIM4
1
21
22
SIM5
SIM1
SIM2
SIM3
SIM4
1
21
22
SIM5
SIM1
SIM2
SIM3
SIM4
1
21
22
SIM5
SIM1
SIM2
SIM3
SIM4
1
21
22
SIM5
SIM1
SIM2
SIM3
SIM4
1
21
22
SIM5
SIM1
SIM2
SIM3
SIM4
1
21
22
SIM5
SIM1
SIM2
SIM3
SIM4
1
21
22
SIM5
SIM1
SIM2
SIM3
SIM4
1
21
22
SIM5
SIM1
SIM2
SIM3
SIM4
1
21
22
SIM5
SIM1
SIM2
SIM3
SIM4
1
21
22
SIM5
SIM1
SIM2
SIM3
SIM4
1
21
22
SIM5
SIM1
SIM2
SIM3
SIM4
1
21
22
SIM5
SIM1
SIM2
SIM3
SIM4
1
21
22
SIM5
SIM1
SIM2
SIM3
SIM4
1
21
22
SIM5
SIM1
SIM2
SIM3
SIM4
1
21
22
SIM5
SIM1
SIM2
SIM3
SIM4
1
21
22
SIM5
SIM1
SIM2
SIM3
SIM4
1
21
22
SIM5
SIM1
SIM2
SIM3
SIM4
1
21
22
SIM5
SIM1
SIM2
SIM3
SIM4
1
21
22
SIM5
SIM1
SIM2
SIM3
SIM4
1
21
22
SIM5
SIM1
SIM2
SIM3
SIM4
1
21
22
SIM5
SIM1
SIM2
SIM3
SIM4
1
21
22
SIM5
SIM1
SIM2
SIM3
SIM4
1
21
22
SIM5
SIM1
SIM2
SIM3
SIM4
1
21
22
SIM5
SIM1
SIM2
SIM3
SIM4
1
21
22
SIM5
SIM1
SIM2
SIM3
SIM4
1
21
22
SIM5
SIM1
SIM2
SIM3
SIM4
1
21
22
SIM5
SIM1
SIM2
SIM3
SIM4
1
21
22
SIM5
SIM1
SIM2
SIM3
SIM4
1
21
22
SIM5
SIM1
SIM2
SIM3
SIM4
1
21
22
SIM5
SIM1
SIM2
SIM3
SIM4
1
21
22
SIM5
SIM1
SIM2
SIM3
SIM4
1
21
22
SIM5
SIM1
SIM2
SIM3
SIM4
1
21
22
SIM5
SIM1
SIM2
SIM3
SIM4
1
21
22
SIM5
SIM1
SIM2
SIM3
SIM4
1
21
22
SIM5
SIM1
SIM2
SIM3
SIM4
1
21
22
SIM5
SIM1
SIM2
SIM3
SIM4
1
21
22
SIM5
SIM1
SIM2
SIM3
SIM4
1
21
22
SIM5
SIM1
SIM2
SIM3
SIM4
1
21
22
SIM5
SIM1
SIM2
SIM3
SIM4
1
21
22
SIM5
SIM1
SIM2
SIM3
SIM4
1
21
22
SIM5
SIM1
SIM2
SIM3
SIM4
1
21
22
SIM5
SIM1
SIM2
SIM3
SIM4
1
21
22
SIM5
SIM1
SIM2
SIM3
SIM4
1
21
22
SIM5
SIM1
SIM2
SIM3
SIM4
1
21
22
SIM5
SIM1
SIM2
SIM3
SIM4
1
21
22
SIM5
SIM1
SIM2
SIM3
SIM4
1
21
22
SIM5
SIM1
SIM2
SIM3
SIM4
1
21
22
SIM5
SIM1
SIM2
SIM3
SIM4
1
21
22
SIM5
SIM1
SIM2
SIM3
SIM4
1
21
22
SIM5
SIM1
SIM2
SIM3
SIM4
1
21
22
SIM5
SIM1
SIM2
SIM3
SIM4
1
21
22
SIM5
SIM1
SIM2
SIM3
SIM4
1
21
22
SIM5
SIM1
SIM2
SIM3
SIM4
1
21
22
SIM5
SIM1
SIM2
SIM3
SIM4
1
21
22
SIM5
SIM1
SIM2
SIM3
SIM4
1
21
22
SIM5
SIM1
SIM2
SIM3
SIM4
1
21
22
SIM5
SIM1
SIM2
SIM3
SIM4
1
21
22
SIM5
SIM1
SIM2
SIM3
SIM4
1
21
22
SIM5
SIM1
SIM2
SIM3
SIM4
1
21
22
SIM5
SIM1
SIM2
SIM3
SIM4
1
21
22
SIM5
SIM1
SIM2
SIM3
SIM4
1
21
22
SIM5
SIM1
SIM2
SIM3
SIM4
1
21
22
SIM5
SIM1
SIM2
SIM3
SIM4
1
21
22
SIM5
SIM1
SIM2
SIM3
SIM4
1
21
22
SIM5
SIM1
SIM2
SIM3
SIM4
1
21
22
SIM5
SIM1
SIM2
SIM3
SIM4
1
21
22
SIM5
SIM1
SIM2
SIM3
SIM4
1
21
22
SIM5
SIM1
SIM2
SIM3
SIM4
1
21
22
SIM5
SIM1
SIM2
SIM3
SIM4
1
21
22
SIM5
SIM1
SIM2
SIM3
SIM4
1
21
22
SIM5
SIM1
SIM2
SIM3
SIM4
1
21
22
SIM5
SIM1
SIM2
SIM3
SIM4
1
21
22
SIM5
SIM1
SIM2
SIM3
SIM4
1
21
22
SIM5
SIM1
SIM2
SIM3
SIM4
1
21
22
SIM5
SIM1
SIM2
SIM3
SIM4
1
21
22
SIM5
SIM1
SIM2
SIM3
SIM4
1
21
22
SIM5
SIM1
SIM2
SIM3
SIM4
1
21
22
SIM5
SIM1
SIM2
SIM3
SIM4
1
21
22
SIM5
SIM1
SIM2
SIM3
SIM4
1
21
22
SIM5
SIM1
SIM2
SIM3
SIM4
1
21
22
SIM5
SIM1
SIM2
SIM3
SIM4
1
21
22
SIM5
SIM1
SIM2
SIM3
SIM4
1
21
22
SIM5
SIM1
SIM2
SIM3
SIM4
1
21
22
SIM5
SIM1
SIM2
SIM3
SIM4
1
21
22
SIM5
SIM1
SIM2
SIM3
SIM4
1
21
22
SIM5
SIM1
SIM2
SIM3
SIM4
1
21
22
SIM5
SIM1
SIM2
SIM3
SIM4
1
21
22
SIM5
SIM1
SIM2
SIM3
SIM4
1
21
22
SIM5
SIM1
SIM2
SIM3
SIM4
1
21
22
SIM5
SIM1
SIM2
SIM3
SIM4
1
21
22
SIM5
SIM1
SIM2
DEBUG 1 237
SIM1
SIM2
SIM3
SIM4
1
21
22
SIM5
SIM1
SIM2
SIM3
SIM4
1
21
22
SIM5
SIM1
SIM2
SIM3
SIM4
1
21
22
SIM5
SIM1
SIM2
SIM3
SIM4
1
21
22
SIM5
SIM1
SIM2
SIM3
SIM4
1
21
22
SIM5
SIM1
SIM2
SIM3
SIM4
1
21
22
SIM5
SIM1
SIM2
SIM3
SIM4
1
21
22
SIM5
SIM1
SIM2
SIM3
SIM4
1
21
22
SIM5
SIM1
SIM2
SIM3
SIM4
1
21
22
SIM5
SIM1
SIM2
SIM3
SIM4
1
21
22
SIM5
SIM1
SIM2
SIM3
SIM4
1
21
22
SIM5
SIM1
SIM2
SIM3
SIM4
1
21
22
SIM5
SIM1
SIM2
SIM3
SIM4
1
21
22
SIM5
SIM1
SIM2
SIM3
SIM4
1
21
22
SIM5
SIM1
SIM2
SIM3
SIM4
1
21
22
SIM5
SIM1
SIM2
SIM3
SIM4
1
21
22
SIM5
SIM1
SIM2
SIM3
SIM4
1
21
22
SIM5
SIM1
SIM2
SIM3
SIM4
1
21
22
SIM5
SIM1
SIM2
SIM3
SIM4
1
21
22
SIM5
SIM1
SIM2
SIM3
SIM4
1
21
22
SIM5
SIM1
SIM2
SIM3
SIM4
1
21
22
SIM5
SIM1
SIM2
SIM3
SIM4
1
21
22
SIM5
SIM1
SIM2
SIM3
SIM4
1
21
22
SIM5
SIM1
SIM2
SIM3
SIM4
1
21
22
SIM5
SIM1
SIM2
SIM3
SIM4
1
21
22
SIM5
SIM1
SIM2
SIM3
SIM4
1
21
22
SIM5
SIM1
SIM2
SIM3
SIM4
1
21
22
SIM5
SIM1
SIM2
SIM3
SIM4
1
21
22
SIM5
SIM1
SIM2
SIM3
SIM4
1
21
22
SIM5
SIM1
SIM2
SIM3
SIM4
1
21
22
SIM5
SIM1
SIM2
SIM3
SIM4
1
21
22
SIM5
SIM1
SIM2
SIM3
SIM4
1
21
22
SIM5
SIM1
SIM2
SIM3
SIM4
1
21
22
SIM5
SIM1
SIM2
SIM3
SIM4
1
21
22
SIM5
SIM1
SIM2
SIM3
SIM4
1
21
22
SIM5
SIM1
SIM2
SIM3
SIM4
1
21
22
SIM5
SIM1
SIM2
SIM3
SIM4
1
21
22
SIM5
SIM1
SIM2
SIM3
SIM4
1
21
22
SIM5
SIM1
SIM2
SIM3
SIM4
1
21
22
SIM5
SIM1
SIM2
SIM3
SIM4
1
21
22
SIM5
SIM1
SIM2
SIM3
SIM4
1
21
22
SIM5
SIM1
SIM2
SIM3
SIM4
1
21
22
SIM5
SIM1
SIM2
SIM3
SIM4
1
21
22
SIM5
SIM1
SIM2
SIM3
SIM4
1
21
22
SIM5
SIM1
SIM2
SIM3
SIM4
1
21
22
SIM5
SIM1
SIM2
SIM3
SIM4
1
21
22
SIM5
SIM1
SIM2
SIM3
SIM4
1
21
22
SIM5
SIM1
SIM2
SIM3
SIM4
1
21
22
SIM5
SIM1
SIM2
SIM3
SIM4
1
21
22
SIM5
SIM1
SIM2
SIM3
SIM4
1
21
22
SIM5
SIM1
SIM2
SIM3
SIM4
1
21
22
SIM5
SIM1
SIM2
SIM3
SIM4
1
21
22
SIM5
SIM1
SIM2
SIM3
SIM4
1
21
22
SIM5
SIM1
SIM2
SIM3
SIM4
1
21
22
SIM5
SIM1
SIM2
SIM3
SIM4
1
21
22
SIM5
SIM1
SIM2
SIM3
SIM4
1
21
22
SIM5
SIM1
SIM2
SIM3
SIM4
1
21
22
SIM5
SIM1
SIM2
SIM3
SIM4
1
21
22
SIM5
SIM1
SIM2
SIM3
SIM4
1
21
22
SIM5
SIM1
SIM2
SIM3
SIM4
1
21
22
SIM5
SIM1
SIM2
SIM3
SIM4
1
21
22
SIM5
SIM1
SIM2
SIM3
SIM4
1
21
22
SIM5
SIM1
SIM2
SIM3
SIM4
1
21
22
SIM5
SIM1
SIM2
SIM3
SIM4
1
21
22
SIM5
SIM1
SIM2
SIM3
SIM4
1
21
22
SIM5
SIM1
SIM2
SIM3
SIM4
1
21
22
SIM5
SIM1
SIM2
SIM3
SIM4
1
21
22
SIM5
SIM1
SIM2
SIM3
SIM4
1
21
22
SIM5
SIM1
SIM2
SIM3
SIM4
1
21
22
SIM5
SIM1
SIM2
SIM3
SIM4
1
21
22
SIM5
SIM1
SIM2
SIM3
SIM4
1
21
22
SIM5
SIM1
SIM2
SIM3
SIM4
1
21
22
SIM5
SIM1
SIM2
SIM3
SIM4
1
21
22
SIM5
SIM1
SIM2
SIM3
SIM4
1
21
22
SIM5
SIM1
SIM2
SIM3
SIM4
1
21
22
SIM5
SIM1
SIM2
SIM3
SIM4
1
21
22
SIM5
SIM1
SIM2
SIM3
SIM4
1
21
22
SIM5
SIM1
SIM2
SIM3
SIM4
1
21
22
SIM5
SIM1
SIM2
SIM3
SIM4
1
21
22
SIM5
SIM1
SIM2
SIM3
SIM4
1
21
22
SIM5
SIM1
SIM2
SIM3
SIM4
1
21
22
SIM5
SIM1
SIM2
SIM3
SIM4
1
21
22
SIM5
SIM1
SIM2
SIM3
SIM4
1
21
22
SIM5
SIM1
SIM2
SIM3
SIM4
1
21
22
SIM5
SIM1
SIM2
SIM3
SIM4
1
21
22
SIM5
SIM1
SIM2
SIM3
SIM4
1
21
22
SIM5
SIM1
SIM2
SIM3
SIM4
1
21
22
SIM5
SIM1
SIM2
SIM3
SIM4
1
21
22
SIM5
SIM1
SIM2
SIM3
SIM4
1
21
22
SIM5
SIM1
SIM2
SIM3
SIM4
1
21
22
SIM5
SIM1
SIM2
SIM3
SIM4
1
21
22
SIM5
SIM1
SIM2
SIM3
SIM4
1
21
22
SIM5
SIM1
SIM2
SIM3
SIM4
1
21
22
SIM5
SIM1
SIM2
SIM3
SIM4
1
21
22
SIM5
SIM1
SIM2
SIM3
SIM4
1
21
22
SIM5
SIM1
SIM2
SIM3
SIM4
1
21
22
SIM5
SIM1
SIM2
SIM3
SIM4
1
21
22
SIM5
SIM1
SIM2
SIM3
SIM4
1
21
22
SIM5
SIM1
SIM2
SIM3
SIM4
1
21
22
SIM5
SIM1
SIM2
SIM3
SIM4
1
21
22
SIM5
SIM1
SIM2
SIM3
SIM4
1
21
22
SIM5
SIM1
SIM2
SIM3
SIM4
1
21
22
SIM5
SIM1
SIM2
SIM3
SIM4
1
21
22
SIM5
SIM1
SIM2
SIM3
SIM4
1
21
22
SIM5
SIM1
SIM2
SIM3
SIM4
1
21
22
SIM5
SIM1
SIM2
SIM3
SIM4
1
21
22
SIM5
SIM1
SIM2
SIM3
SIM4
1
21
22
SIM5
SIM1
SIM2
SIM3
SIM4
1
21
22
SIM5
SIM1
SIM2
SIM3
SIM4
1
21
22
SIM5
SIM1
SIM2
SIM3
SIM4
1
21
22
SIM5
SIM1
SIM2
SIM3
SIM4
1
21
22
SIM5
SIM1
SIM2
SIM3
SIM4
1
21
22
SIM5
SIM1
SIM2
SIM3
SIM4
1
21
22
SIM5
SIM1
SIM2
SIM3
SIM4
1
21
22
SIM5
SIM1
SIM2
SIM3
SIM4
1
21
22
SIM5
SIM1
SIM2
SIM3
SIM4
1
21
22
SIM5
SIM1
SIM2
SIM3
SIM4
1
21
22
SIM5
SIM1
SIM2
SIM3
SIM4
1
21
22
SIM5
SIM1
SIM2
SIM3
SIM4
1
21
22
SIM5
SIM1
SIM2
SIM3
SIM4
1
21
22
SIM5
SIM1
SIM2
SIM3
SIM4
1
21
22
SIM5
SIM1
SIM2
SIM3
SIM4
1
21
22
SIM5
SIM1
SIM2
SIM3
SIM4
1
21
22
SIM5
SIM1
SIM2
SIM3
SIM4
1
21
22
SIM5
SIM1
SIM2
SIM3
SIM4
1
21
22
SIM5
SIM1
SIM2
SIM3
SIM4
1
21
22
SIM5
SIM1
SIM2
SIM3
SIM4
1
21
22
SIM5
SIM1
SIM2
SIM3
SIM4
1
21
22
SIM5
SIM1
SIM2
SIM3
SIM4
1
21
22
SIM5
SIM1
SIM2
SIM3
SIM4
1
21
22
SIM5
SIM1
SIM2
SIM3
SIM4
1
21
22
SIM5
SIM1
SIM2
SIM3
SIM4
1
21
22
SIM5
SIM1
SIM2
SIM3
SIM4
1
21
22
SIM5
SIM1
SIM2
SIM3
SIM4
1
21
22
SIM5
SIM1
SIM2
SIM3
SIM4
1
21
22
SIM5
SIM1
SIM2
SIM3
SIM4
1
21
22
SIM5
SIM1
SIM2
SIM3
SIM4
1
21
22
SIM5
SIM1
SIM2
SIM3
SIM4
1
21
22
SIM5
SIM1
SIM2
SIM3
SIM4
1
21
22
SIM5
SIM1
SIM2
SIM3
SIM4
1
21
22
SIM5
SIM1
SIM2
SIM3
SIM4
1
21
22
SIM5
SIM1
SIM2
SIM3
SIM4
1
21
22
SIM5
SIM1
SIM2
DEBUG 1 238
SIM1
SIM2
SIM3
SIM4
1
21
22
SIM5
SIM1
SIM2
SIM3
SIM4
1
21
22
SIM5
SIM1
SIM2
SIM3
SIM4
1
21
22
SIM5
SIM1
SIM2
SIM3
SIM4
1
21
22
SIM5
SIM1
SIM2
SIM3
SIM4
1
21
22
SIM5
SIM1
SIM2
SIM3
SIM4
1
21
22
SIM5
SIM1
SIM2
SIM3
SIM4
1
21
22
SIM5
SIM1
SIM2
SIM3
SIM4
1
21
22
SIM5
SIM1
SIM2
SIM3
SIM4
1
21
22
SIM5
SIM1
SIM2
SIM3
SIM4
1
21
22
SIM5
SIM1
SIM2
SIM3
SIM4
1
21
22
SIM5
SIM1
SIM2
SIM3
SIM4
1
21
22
SIM5
SIM1
SIM2
SIM3
SIM4
1
21
22
SIM5
SIM1
SIM2
SIM3
SIM4
1
21
22
SIM5
SIM1
SIM2
SIM3
SIM4
1
21
22
SIM5
SIM1
SIM2
SIM3
SIM4
1
21
22
SIM5
SIM1
SIM2
SIM3
SIM4
1
21
22
SIM5
SIM1
SIM2
SIM3
SIM4
1
21
22
SIM5
SIM1
SIM2
SIM3
SIM4
1
21
22
SIM5
SIM1
SIM2
SIM3
SIM4
1
21
22
SIM5
SIM1
SIM2
SIM3
SIM4
1
21
22
SIM5
SIM1
SIM2
SIM3
SIM4
1
21
22
SIM5
SIM1
SIM2
SIM3
SIM4
1
21
22
SIM5
SIM1
SIM2
SIM3
SIM4
1
21
22
SIM5
SIM1
SIM2
SIM3
SIM4
1
21
22
SIM5
SIM1
SIM2
SIM3
SIM4
1
21
22
SIM5
SIM1
SIM2
SIM3
SIM4
1
21
22
SIM5
SIM1
SIM2
SIM3
SIM4
1
21
22
SIM5
SIM1
SIM2
SIM3
SIM4
1
21
22
SIM5
SIM1
SIM2
SIM3
SIM4
1
21
22
SIM5
SIM1
SIM2
SIM3
SIM4
1
21
22
SIM5
SIM1
SIM2
SIM3
SIM4
1
21
22
SIM5
SIM1
SIM2
SIM3
SIM4
1
21
22
SIM5
SIM1
SIM2
SIM3
SIM4
1
21
22
SIM5
SIM1
SIM2
SIM3
SIM4
1
21
22
SIM5
SIM1
SIM2
SIM3
SIM4
1
21
22
SIM5
SIM1
SIM2
SIM3
SIM4
1
21
22
SIM5
SIM1
SIM2
SIM3
SIM4
1
21
22
SIM5
SIM1
SIM2
SIM3
SIM4
1
21
22
SIM5
SIM1
SIM2
SIM3
SIM4
1
21
22
SIM5
SIM1
SIM2
SIM3
SIM4
1
21
22
SIM5
SIM1
SIM2
SIM3
SIM4
1
21
22
SIM5
SIM1
SIM2
SIM3
SIM4
1
21
22
SIM5
SIM1
SIM2
SIM3
SIM4
1
21
22
SIM5
SIM1
SIM2
SIM3
SIM4
1
21
22
SIM5
SIM1
SIM2
SIM3
SIM4
1
21
22
SIM5
SIM1
SIM2
SIM3
SIM4
1
21
22
SIM5
SIM1
SIM2
SIM3
SIM4
1
21
22
SIM5
SIM1
SIM2
SIM3
SIM4
1
21
22
SIM5
SIM1
SIM2
SIM3
SIM4
1
21
22
SIM5
SIM1
SIM2
SIM3
SIM4
1
21
22
SIM5
SIM1
SIM2
SIM3
SIM4
1
21
22
SIM5
SIM1
SIM2
SIM3
SIM4
1
21
22
SIM5
SIM1
SIM2
SIM3
SIM4
1
21
22
SIM5
SIM1
SIM2
SIM3
SIM4
1
21
22
SIM5
SIM1
SIM2
SIM3
SIM4
1
21
22
SIM5
SIM1
SIM2
SIM3
SIM4
1
21
22
SIM5
SIM1
SIM2
SIM3
SIM4
1
21
22
SIM5
SIM1
SIM2
SIM3
SIM4
1
21
22
SIM5
SIM1
SIM2
SIM3
SIM4
1
21
22
SIM5
SIM1
SIM2
SIM3
SIM4
1
21
22
SIM5
SIM1
SIM2
SIM3
SIM4
1
21
22
SIM5
SIM1
SIM2
SIM3
SIM4
1
21
22
SIM5
SIM1
SIM2
SIM3
SIM4
1
21
22
SIM5
SIM1
SIM2
SIM3
SIM4
1
21
22
SIM5
SIM1
SIM2
SIM3
SIM4
1
21
22
SIM5
SIM1
SIM2
SIM3
SIM4
1
21
22
SIM5
SIM1
SIM2
SIM3
SIM4
1
21
22
SIM5
SIM1
SIM2
SIM3
SIM4
1
21
22
SIM5
SIM1
SIM2
SIM3
SIM4
1
21
22
SIM5
SIM1
SIM2
SIM3
SIM4
1
21
22
SIM5
SIM1
SIM2
SIM3
SIM4
1
21
22
SIM5
SIM1
SIM2
SIM3
SIM4
1
21
22
SIM5
SIM1
SIM2
SIM3
SIM4
1
21
22
SIM5
SIM1
SIM2
SIM3
SIM4
1
21
22
SIM5
SIM1
SIM2
SIM3
SIM4
1
21
22
SIM5
SIM1
SIM2
SIM3
SIM4
1
21
22
SIM5
SIM1
SIM2
SIM3
SIM4
1
21
22
SIM5
SIM1
SIM2
SIM3
SIM4
1
21
22
SIM5
SIM1
SIM2
SIM3
SIM4
1
21
22
SIM5
SIM1
SIM2
SIM3
SIM4
1
21
22
SIM5
SIM1
SIM2
SIM3
SIM4
1
21
22
SIM5
SIM1
SIM2
SIM3
SIM4
1
21
22
SIM5
SIM1
SIM2
SIM3
SIM4
1
21
22
SIM5
SIM1
SIM2
SIM3
SIM4
1
21
22
SIM5
SIM1
SIM2
SIM3
SIM4
1
21
22
SIM5
SIM1
SIM2
SIM3
SIM4
1
21
22
SIM5
SIM1
SIM2
SIM3
SIM4
1
21
22
SIM5
SIM1
SIM2
SIM3
SIM4
1
21
22
SIM5
SIM1
SIM2
SIM3
SIM4
1
21
22
SIM5
SIM1
SIM2
SIM3
SIM4
1
21
22
SIM5
SIM1
SIM2
SIM3
SIM4
1
21
22
SIM5
SIM1
SIM2
SIM3
SIM4
1
21
22
SIM5
SIM1
SIM2
SIM3
SIM4
1
21
22
SIM5
SIM1
SIM2
SIM3
SIM4
1
21
22
SIM5
SIM1
SIM2
SIM3
SIM4
1
21
22
SIM5
SIM1
SIM2
SIM3
SIM4
1
21
22
SIM5
SIM1
SIM2
SIM3
SIM4
1
21
22
SIM5
SIM1
SIM2
SIM3
SIM4
1
21
22
SIM5
SIM1
SIM2
SIM3
SIM4
1
21
22
SIM5
SIM1
SIM2
SIM3
SIM4
1
21
22
SIM5
SIM1
SIM2
SIM3
SIM4
1
21
22
SIM5
SIM1
SIM2
SIM3
SIM4
1
21
22
SIM5
SIM1
SIM2
SIM3
SIM4
1
21
22
SIM5
SIM1
SIM2
SIM3
SIM4
1
21
22
SIM5
SIM1
SIM2
SIM3
SIM4
1
21
22
SIM5
SIM1
SIM2
SIM3
SIM4
1
21
22
SIM5
SIM1
SIM2
SIM3
SIM4
1
21
22
SIM5
SIM1
SIM2
SIM3
SIM4
1
21
22
SIM5
SIM1
SIM2
SIM3
SIM4
1
21
22
SIM5
SIM1
SIM2
SIM3
SIM4
1
21
22
SIM5
SIM1
SIM2
SIM3
SIM4
1
21
22
SIM5
SIM1
SIM2
SIM3
SIM4
1
21
22
SIM5
SIM1
SIM2
SIM3
SIM4
1
21
22
SIM5
SIM1
SIM2
SIM3
SIM4
1
21
22
SIM5
SIM1
SIM2
SIM3
SIM4
1
21
22
SIM5
SIM1
SIM2
SIM3
SIM4
1
21
22
SIM5
SIM1
SIM2
SIM3
SIM4
1
21
22
SIM5
SIM1
SIM2
SIM3
SIM4
1
21
22
SIM5
SIM1
SIM2
SIM3
SIM4
1
21
22
SIM5
SIM1
SIM2
SIM3
SIM4
1
21
22
SIM5
SIM1
SIM2
SIM3
SIM4
1
21
22
SIM5
SIM1
SIM2
SIM3
SIM4
1
21
22
SIM5
SIM1
SIM2
SIM3
SIM4
1
21
22
SIM5
SIM1
SIM2
SIM3
SIM4
1
21
22
SIM5
SIM1
SIM2
SIM3
SIM4
1
21
22
SIM5
SIM1
SIM2
SIM3
SIM4
1
21
22
SIM5
SIM1
SIM2
SIM3
SIM4
1
21
22
SIM5
SIM1
SIM2
SIM3
SIM4
1
21
22
SIM5
SIM1
SIM2
SIM3
SIM4
1
21
22
SIM5
SIM1
SIM2
SIM3
SIM4
1
21
22
SIM5
SIM1
SIM2
SIM3
SIM4
1
21
22
SIM5
SIM1
SIM2
SIM3
SIM4
1
21
22
SIM5
SIM1
SIM2
SIM3
SIM4
1
21
22
SIM5
SIM1
SIM2
SIM3
SIM4
1
21
22
SIM5
SIM1
SIM2
SIM3
SIM4
1
21
22
SIM5
SIM1
SIM2
SIM3
SIM4
1
21
22
SIM5
SIM1
SIM2
SIM3
SIM4
1
21
22
SIM5
SIM1
SIM2
SIM3
SIM4
1
21
22
SIM5
SIM1
SIM2
SIM3
SIM4
1
21
22
SIM5
SIM1
SIM2
SIM3
SIM4
1
21
22
SIM5
SIM1
SIM2
SIM3
SIM4
1
21
22
SIM5
SIM1
SIM2
SIM3
SIM4
1
21
22
SIM5
SIM1
SIM2
SIM3
SIM4
1
21
22
SIM5
SIM1
SIM2
SIM3
SIM4
1
21
22
SIM5
SIM1
SIM2
SIM3
SIM4
1
21
22
SIM5
SIM1
SIM2
SIM3
SIM4
1
21
22
SIM5
SIM1
SIM2
SIM3
SIM4
1
21
22
SIM5
SIM1
SIM2
SIM3
SIM4
1
21
22
SIM5
SIM1
SIM2
SIM3
SIM4
1
21
22
SIM5
SIM1
SIM2
SIM3
SIM4
1
21
22
SIM5
SIM1
SIM2
SIM3
SIM4
1
21
22
SIM5
SIM1
SIM2
SIM3
SIM4
1
21
22
SIM5
SIM1
SIM2
SIM3
SIM4
1
21
22
SIM5
SIM1
SIM2
SIM3
SIM4
1
21
22
SIM5
SIM1
SIM2
SIM3
SIM4
1
21
22
SIM5
SIM1
SIM2
SIM3
SIM4
1
21
22
SIM5
SIM1
SIM2
SIM3
SIM4
1
21
22
SIM5
SIM1
SIM2
SIM3
SIM4
1
21
22
SIM5
SIM1
SIM2
SIM3
SIM4
1
21
22
SIM5
SIM1
SIM2
SIM3
SIM4
1
21
22
SIM5
SIM1
SIM2
SIM3
SIM4
1
21
22
SIM5
SIM1
SIM2
SIM3
SIM4
1
21
22
SIM5
SIM1
SIM2
SIM3
SIM4
1
21
22
SIM5
SIM1
SIM2
SIM3
SIM4
1
21
22
SIM5
SIM1
SIM2
SIM3
SIM4
1
21
22
SIM5
SIM1
SIM2
SIM3
SIM4
1
21
22
SIM5
SIM1
SIM2
SIM3
SIM4
1
21
22
SIM5
SIM1
SIM2
SIM3
SIM4
1
21
22
SIM5
SIM1
SIM2
SIM3
SIM4
1
21
22
SIM5
SIM1
SIM2
SIM3
SIM4
1
21
22
SIM5
SIM1
SIM2
SIM3
SIM4
1
21
22
SIM5
SIM1
SIM2
SIM3
SIM4
1
21
22
SIM5
SIM1
SIM2
SIM3
SIM4
1
21
22
SIM5
SIM1
SIM2
SIM3
SIM4
1
21
22
SIM5
SIM1
SIM2
SIM3
SIM4
1
21
22
SIM5
SIM1
SIM2
SIM3
SIM4
1
21
22
SIM5
SIM1
SIM2
SIM3
SIM4
1
21
22
SIM5
SIM1
SIM2
SIM3
SIM4
1
21
22
SIM5
SIM1
SIM2
SIM3
SIM4
1
21
22
SIM5
SIM1
SIM2
SIM3
SIM4
1
21
22
SIM5
SIM1
SIM2
SIM3
SIM4
1
21
22
SIM5
SIM1
SIM2
SIM3
SIM4
1
21
22
SIM5
SIM1
SIM2
SIM3
SIM4
1
21
22
SIM5
SIM1
SIM2
SIM3
SIM4
1
21
22
SIM5
SIM1
SIM2
SIM3
SIM4
1
21
22
SIM5
SIM1
SIM2
SIM3
SIM4
1
21
22
SIM5
SIM1
SIM2
SIM3
SIM4
1
21
22
SIM5
SIM1
SIM2
SIM3
SIM4
1
21
22
SIM5
SIM1
SIM2
SIM3
SIM4
1
21
22
SIM5
SIM1
SIM2
SIM3
SIM4
1
21
22
SIM5
SIM1
SIM2
SIM3
SIM4
1
21
22
SIM5
SIM1
SIM2
SIM3
SIM4
1
21
22
SIM5
SIM1
SIM2
SIM3
SIM4
1
21
22
SIM5
SIM1
SIM2
SIM3
SIM4
1
21
22
SIM5
SIM1
SIM2
SIM3
SIM4
1
21
22
SIM5
SIM1
SIM2
SIM3
SIM4
1
21
22
SIM5
SIM1
SIM2
SIM3
SIM4
1
21
22
SIM5
SIM1
SIM2
SIM3
SIM4
1
21
22
SIM5
SIM1
SIM2
SIM3
SIM4
1
21
22
SIM5
SIM1
SIM2
SIM3
SIM4
1
21
22
SIM5
SIM1
SIM2
SIM3
SIM4
1
21
22
SIM5
SIM1
SIM2
SIM3
SIM4
1
21
22
SIM5
SIM1
SIM2
SIM3
SIM4
1
21
22
SIM5
SIM1
SIM2
SIM3
SIM4
1
21
22
SIM5
SIM1
SIM2
SIM3
SIM4
1
21
22
SIM5
SIM1
SIM2
SIM3
SIM4
1
21
22
SIM5
SIM1
SIM2
SIM3
SIM4
1
21
22
SIM5
SIM1
SIM2
SIM3
SIM4
1
21
22
SIM5
SIM1
SIM2
SIM3
SIM4
1
21
22
SIM5
SIM1
SIM2
SIM3
SIM4
1
21
22
SIM5
SIM1
SIM2
SIM3
SIM4
1
21
22
SIM5
SIM1
SIM2
SIM3
SIM4
1
21
22
SIM5
SIM1
SIM2
SIM3
SIM4
1
21
22
SIM5
SIM1
SIM2
SIM3
SIM4
1
21
22
SIM5
SIM1
SIM2
SIM3
SIM4
1
21
22
SIM5
SIM1
SIM2
SIM3
SIM4
1
21
22
SIM5
SIM1
SIM2
SIM3
SIM4
1
21
22
SIM5
SIM1
SIM2
SIM3
SIM4
1
21
22
SIM5
SIM1
SIM2
SIM3
SIM4
1
21
22
SIM5
SIM1
SIM2
SIM3
SIM4
1
21
22
SIM5
SIM1
SIM2
SIM3
SIM4
1
21
22
SIM5
SIM1
SIM2
DEBUG 1 239
SIM1
SIM2
SIM3
SIM4
1
21
22
SIM5
SIM1
SIM2
SIM3
SIM4
1
21
22
SIM5
SIM1
SIM2
SIM3
SIM4
1
21
22
SIM5
SIM1
SIM2
SIM3
SIM4
1
21
22
SIM5
SIM1
SIM2
SIM3
SIM4
1
21
22
SIM5
SIM1
SIM2
SIM3
SIM4
1
21
22
SIM5
SIM1
SIM2
SIM3
SIM4
1
21
22
SIM5
SIM1
SIM2
SIM3
SIM4
1
21
22
SIM5
SIM1
SIM2
SIM3
SIM4
1
21
22
SIM5
SIM1
SIM2
SIM3
SIM4
1
21
22
SIM5
SIM1
SIM2
SIM3
SIM4
1
21
22
SIM5
SIM1
SIM2
SIM3
SIM4
1
21
22
SIM5
SIM1
SIM2
SIM3
SIM4
1
21
22
SIM5
SIM1
SIM2
SIM3
SIM4
1
21
22
SIM5
SIM1
SIM2
SIM3
SIM4
1
21
22
SIM5
SIM1
SIM2
SIM3
SIM4
1
21
22
SIM5
SIM1
SIM2
SIM3
SIM4
1
21
22
SIM5
SIM1
SIM2
SIM3
SIM4
1
21
22
SIM5
SIM1
SIM2
SIM3
SIM4
1
21
22
SIM5
SIM1
SIM2
SIM3
SIM4
1
21
22
SIM5
SIM1
SIM2
SIM3
SIM4
1
21
22
SIM5
SIM1
SIM2
SIM3
SIM4
1
21
22
SIM5
SIM1
SIM2
SIM3
SIM4
1
21
22
SIM5
SIM1
SIM2
SIM3
SIM4
1
21
22
SIM5
SIM1
SIM2
SIM3
SIM4
1
21
22
SIM5
SIM1
SIM2
SIM3
SIM4
1
21
22
SIM5
SIM1
SIM2
SIM3
SIM4
1
21
22
SIM5
SIM1
SIM2
SIM3
SIM4
1
21
22
SIM5
SIM1
SIM2
SIM3
SIM4
1
21
22
SIM5
SIM1
SIM2
SIM3
SIM4
1
21
22
SIM5
SIM1
SIM2
SIM3
SIM4
1
21
22
SIM5
SIM1
SIM2
SIM3
SIM4
1
21
22
SIM5
SIM1
SIM2
SIM3
SIM4
1
21
22
SIM5
SIM1
SIM2
SIM3
SIM4
1
21
22
SIM5
SIM1
SIM2
SIM3
SIM4
1
21
22
SIM5
SIM1
SIM2
SIM3
SIM4
1
21
22
SIM5
SIM1
SIM2
SIM3
SIM4
1
21
22
SIM5
SIM1
SIM2
SIM3
SIM4
1
21
22
SIM5
SIM1
SIM2
SIM3
SIM4
1
21
22
SIM5
SIM1
SIM2
SIM3
SIM4
1
21
22
SIM5
SIM1
SIM2
SIM3
SIM4
1
21
22
SIM5
SIM1
SIM2
SIM3
SIM4
1
21
22
SIM5
SIM1
SIM2
SIM3
SIM4
1
21
22
SIM5
SIM1
SIM2
SIM3
SIM4
1
21
22
SIM5
SIM1
SIM2
SIM3
SIM4
1
21
22
SIM5
SIM1
SIM2
SIM3
SIM4
1
21
22
SIM5
SIM1
SIM2
SIM3
SIM4
1
21
22
SIM5
SIM1
SIM2
SIM3
SIM4
1
21
22
SIM5
SIM1
SIM2
SIM3
SIM4
1
21
22
SIM5
SIM1
SIM2
SIM3
SIM4
1
21
22
SIM5
SIM1
SIM2
SIM3
SIM4
1
21
22
SIM5
SIM1
SIM2
SIM3
SIM4
1
21
22
SIM5
SIM1
SIM2
SIM3
SIM4
1
21
22
SIM5
SIM1
SIM2
SIM3
SIM4
1
21
22
SIM5
SIM1
SIM2
SIM3
SIM4
1
21
22
SIM5
SIM1
SIM2
SIM3
SIM4
1
21
22
SIM5
SIM1
SIM2
SIM3
SIM4
1
21
22
SIM5
SIM1
SIM2
SIM3
SIM4
1
21
22
SIM5
SIM1
SIM2
SIM3
SIM4
1
21
22
SIM5
SIM1
SIM2
SIM3
SIM4
1
21
22
SIM5
SIM1
SIM2
SIM3
SIM4
1
21
22
SIM5
SIM1
SIM2
SIM3
SIM4
1
21
22
SIM5
SIM1
SIM2
SIM3
SIM4
1
21
22
SIM5
SIM1
SIM2
SIM3
SIM4
1
21
22
SIM5
SIM1
SIM2
SIM3
SIM4
1
21
22
SIM5
SIM1
SIM2
SIM3
SIM4
1
21
22
SIM5
SIM1
SIM2
SIM3
SIM4
1
21
22
SIM5
SIM1
SIM2
SIM3
SIM4
1
21
22
SIM5
SIM1
SIM2
SIM3
SIM4
1
21
22
SIM5
SIM1
SIM2
SIM3
SIM4
1
21
22
SIM5
SIM1
SIM2
SIM3
SIM4
1
21
22
SIM5
SIM1
SIM2
SIM3
SIM4
1
21
22
SIM5
SIM1
SIM2
SIM3
SIM4
1
21
22
SIM5
SIM1
SIM2
SIM3
SIM4
1
21
22
SIM5
SIM1
SIM2
SIM3
SIM4
1
21
22
SIM5
SIM1
SIM2
SIM3
SIM4
1
21
22
SIM5
SIM1
SIM2
SIM3
SIM4
1
21
22
SIM5
SIM1
SIM2
SIM3
SIM4
1
21
22
SIM5
SIM1
SIM2
SIM3
SIM4
1
21
22
SIM5
SIM1
SIM2
SIM3
SIM4
1
21
22
SIM5
SIM1
SIM2
SIM3
SIM4
1
21
22
SIM5
SIM1
SIM2
SIM3
SIM4
1
21
22
SIM5
SIM1
SIM2
SIM3
SIM4
1
21
22
SIM5
SIM1
SIM2
SIM3
SIM4
1
21
22
SIM5
SIM1
SIM2
SIM3
SIM4
1
21
22
SIM5
SIM1
SIM2
SIM3
SIM4
1
21
22
SIM5
SIM1
SIM2
SIM3
SIM4
1
21
22
SIM5
SIM1
SIM2
SIM3
SIM4
1
21
22
SIM5
SIM1
SIM2
SIM3
SIM4
1
21
22
SIM5
SIM1
SIM2
SIM3
SIM4
1
21
22
SIM5
SIM1
SIM2
SIM3
SIM4
1
21
22
SIM5
SIM1
SIM2
SIM3
SIM4
1
21
22
SIM5
SIM1
SIM2
SIM3
SIM4
1
21
22
SIM5
SIM1
SIM2
SIM3
SIM4
1
21
22
SIM5
SIM1
SIM2
SIM3
SIM4
1
21
22
SIM5
SIM1
SIM2
SIM3
SIM4
1
21
22
SIM5
SIM1
SIM2
SIM3
SIM4
1
21
22
SIM5
SIM1
SIM2
SIM3
SIM4
1
21
22
SIM5
SIM1
SIM2
SIM3
SIM4
1
21
22
SIM5
SIM1
SIM2
SIM3
SIM4
1
21
22
SIM5
SIM1
SIM2
SIM3
SIM4
1
21
22
SIM5
SIM1
SIM2
SIM3
SIM4
1
21
22
SIM5
SIM1
SIM2
SIM3
SIM4
1
21
22
SIM5
SIM1
SIM2
SIM3
SIM4
1
21
22
SIM5
SIM1
SIM2
SIM3
SIM4
1
21
22
SIM5
SIM1
SIM2
SIM3
SIM4
1
21
22
SIM5
SIM1
SIM2
SIM3
SIM4
1
21
22
SIM5
SIM1
SIM2
SIM3
SIM4
1
21
22
SIM5
SIM1
SIM2
SIM3
SIM4
1
21
22
SIM5
SIM1
SIM2
SIM3
SIM4
1
21
22
SIM5
SIM1
SIM2
SIM3
SIM4
1
21
22
SIM5
SIM1
SIM2
SIM3
SIM4
1
21
22
SIM5
SIM1
SIM2
SIM3
SIM4
1
21
22
SIM5
SIM1
SIM2
SIM3
SIM4
1
21
22
SIM5
SIM1
SIM2
SIM3
SIM4
1
21
22
SIM5
SIM1
SIM2
SIM3
SIM4
1
21
22
SIM5
SIM1
SIM2
SIM3
SIM4
1
21
22
SIM5
SIM1
SIM2
SIM3
SIM4
1
21
22
SIM5
SIM1
SIM2
SIM3
SIM4
1
21
22
SIM5
SIM1
SIM2
SIM3
SIM4
1
21
22
SIM5
SIM1
SIM2
SIM3
SIM4
1
21
22
SIM5
SIM1
SIM2
SIM3
SIM4
1
21
22
SIM5
SIM1
SIM2
SIM3
SIM4
1
21
22
SIM5
SIM1
SIM2
SIM3
SIM4
1
21
22
SIM5
SIM1
SIM2
SIM3
SIM4
1
21
22
SIM5
SIM1
SIM2
SIM3
SIM4
1
21
22
SIM5
SIM1
SIM2
SIM3
SIM4
1
21
22
SIM5
SIM1
SIM2
SIM3
SIM4
1
21
22
SIM5
SIM1
SIM2
SIM3
SIM4
1
21
22
SIM5
SIM1
SIM2
SIM3
SIM4
1
21
22
SIM5
SIM1
SIM2
SIM3
SIM4
1
21
22
SIM5
SIM1
SIM2
SIM3
SIM4
1
21
22
SIM5
SIM1
SIM2
SIM3
SIM4
1
21
22
SIM5
SIM1
SIM2
SIM3
SIM4
1
21
22
SIM5
SIM1
SIM2
SIM3
SIM4
1
21
22
SIM5
SIM1
SIM2
SIM3
SIM4
1
21
22
SIM5
SIM1
SIM2
SIM3
SIM4
1
21
22
SIM5
SIM1
SIM2
SIM3
SIM4
1
21
22
SIM5
SIM1
SIM2
SIM3
SIM4
1
21
22
SIM5
SIM1
SIM2
SIM3
SIM4
1
21
22
SIM5
SIM1
SIM2
SIM3
SIM4
1
21
22
SIM5
SIM1
SIM2
SIM3
SIM4
1
21
22
SIM5
SIM1
SIM2
SIM3
SIM4
1
21
22
SIM5
SIM1
SIM2
SIM3
SIM4
1
21
22
SIM5
SIM1
SIM2
SIM3
SIM4
1
21
22
SIM5
SIM1
SIM2
SIM3
SIM4
1
21
22
SIM5
SIM1
SIM2
SIM3
SIM4
1
21
22
SIM5
SIM1
SIM2
DEBUG 1 240
SIM1
SIM2
SIM3
SIM4
1
21
22
SIM5
SIM1
SIM2
SIM3
SIM4
1
21
22
SIM5
SIM1
SIM2
SIM3
SIM4
1
21
22
SIM5
SIM1
SIM2
SIM3
SIM4
1
21
22
SIM5
SIM1
SIM2
SIM3
SIM4
1
21
22
SIM5
SIM1
SIM2
SIM3
SIM4
1
21
22
SIM5
SIM1
SIM2
SIM3
SIM4
1
21
22
SIM5
SIM1
SIM2
SIM3
SIM4
1
21
22
SIM5
SIM1
SIM2
SIM3
SIM4
1
21
22
SIM5
SIM1
SIM2
SIM3
SIM4
1
21
22
SIM5
SIM1
SIM2
SIM3
SIM4
1
21
22
SIM5
SIM1
SIM2
SIM3
SIM4
1
21
22
SIM5
SIM1
SIM2
SIM3
SIM4
1
21
22
SIM5
SIM1
SIM2
SIM3
SIM4
1
21
22
SIM5
SIM1
SIM2
SIM3
SIM4
1
21
22
SIM5
SIM1
SIM2
SIM3
SIM4
1
21
22
SIM5
SIM1
SIM2
SIM3
SIM4
1
21
22
SIM5
SIM1
SIM2
SIM3
SIM4
1
21
22
SIM5
SIM1
SIM2
SIM3
SIM4
1
21
22
SIM5
SIM1
SIM2
SIM3
SIM4
1
21
22
SIM5
SIM1
SIM2
SIM3
SIM4
1
21
22
SIM5
SIM1
SIM2
SIM3
SIM4
1
21
22
SIM5
SIM1
SIM2
SIM3
SIM4
1
21
22
SIM5
SIM1
SIM2
SIM3
SIM4
1
21
22
SIM5
SIM1
SIM2
SIM3
SIM4
1
21
22
SIM5
SIM1
SIM2
SIM3
SIM4
1
21
22
SIM5
SIM1
SIM2
SIM3
SIM4
1
21
22
SIM5
SIM1
SIM2
SIM3
SIM4
1
21
22
SIM5
SIM1
SIM2
SIM3
SIM4
1
21
22
SIM5
SIM1
SIM2
SIM3
SIM4
1
21
22
SIM5
SIM1
SIM2
SIM3
SIM4
1
21
22
SIM5
SIM1
SIM2
SIM3
SIM4
1
21
22
SIM5
SIM1
SIM2
SIM3
SIM4
1
21
22
SIM5
SIM1
SIM2
SIM3
SIM4
1
21
22
SIM5
SIM1
SIM2
SIM3
SIM4
1
21
22
SIM5
SIM1
SIM2
SIM3
SIM4
1
21
22
SIM5
SIM1
SIM2
SIM3
SIM4
1
21
22
SIM5
SIM1
SIM2
SIM3
SIM4
1
21
22
SIM5
SIM1
SIM2
SIM3
SIM4
1
21
22
SIM5
SIM1
SIM2
SIM3
SIM4
1
21
22
SIM5
SIM1
SIM2
SIM3
SIM4
1
21
22
SIM5
SIM1
SIM2
SIM3
SIM4
1
21
22
SIM5
SIM1
SIM2
SIM3
SIM4
1
21
22
SIM5
SIM1
SIM2
SIM3
SIM4
1
21
22
SIM5
SIM1
SIM2
SIM3
SIM4
1
21
22
SIM5
SIM1
SIM2
SIM3
SIM4
1
21
22
SIM5
SIM1
SIM2
SIM3
SIM4
1
21
22
SIM5
SIM1
SIM2
SIM3
SIM4
1
21
22
SIM5
SIM1
SIM2
SIM3
SIM4
1
21
22
SIM5
SIM1
SIM2
SIM3
SIM4
1
21
22
SIM5
SIM1
SIM2
SIM3
SIM4
1
21
22
SIM5
SIM1
SIM2
SIM3
SIM4
1
21
22
SIM5
SIM1
SIM2
SIM3
SIM4
1
21
22
SIM5
SIM1
SIM2
SIM3
SIM4
1
21
22
SIM5
SIM1
SIM2
SIM3
SIM4
1
21
22
SIM5
SIM1
SIM2
SIM3
SIM4
1
21
22
SIM5
SIM1
SIM2
SIM3
SIM4
1
21
22
SIM5
SIM1
SIM2
SIM3
SIM4
1
21
22
SIM5
SIM1
SIM2
SIM3
SIM4
1
21
22
SIM5
SIM1
SIM2
SIM3
SIM4
1
21
22
SIM5
SIM1
SIM2
SIM3
SIM4
1
21
22
SIM5
SIM1
SIM2
SIM3
SIM4
1
21
22
SIM5
SIM1
SIM2
SIM3
SIM4
1
21
22
SIM5
SIM1
SIM2
SIM3
SIM4
1
21
22
SIM5
SIM1
SIM2
SIM3
SIM4
1
21
22
SIM5
SIM1
SIM2
SIM3
SIM4
1
21
22
SIM5
SIM1
SIM2
SIM3
SIM4
1
21
22
SIM5
SIM1
SIM2
SIM3
SIM4
1
21
22
SIM5
SIM1
SIM2
SIM3
SIM4
1
21
22
SIM5
SIM1
SIM2
SIM3
SIM4
1
21
22
SIM5
SIM1
SIM2
SIM3
SIM4
1
21
22
SIM5
SIM1
SIM2
SIM3
SIM4
1
21
22
SIM5
SIM1
SIM2
SIM3
SIM4
1
21
22
SIM5
SIM1
SIM2
SIM3
SIM4
1
21
22
SIM5
SIM1
SIM2
SIM3
SIM4
1
21
22
SIM5
SIM1
SIM2
SIM3
SIM4
1
21
22
SIM5
SIM1
SIM2
SIM3
SIM4
1
21
22
SIM5
SIM1
SIM2
SIM3
SIM4
1
21
22
SIM5
SIM1
SIM2
SIM3
SIM4
1
21
22
SIM5
SIM1
SIM2
SIM3
SIM4
1
21
22
SIM5
SIM1
SIM2
SIM3
SIM4
1
21
22
SIM5
SIM1
SIM2
SIM3
SIM4
1
21
22
SIM5
SIM1
SIM2
SIM3
SIM4
1
21
22
SIM5
SIM1
SIM2
SIM3
SIM4
1
21
22
SIM5
SIM1
SIM2
SIM3
SIM4
1
21
22
SIM5
SIM1
SIM2
SIM3
SIM4
1
21
22
SIM5
SIM1
SIM2
SIM3
SIM4
1
21
22
SIM5
SIM1
SIM2
SIM3
SIM4
1
21
22
SIM5
SIM1
SIM2
SIM3
SIM4
1
21
22
SIM5
SIM1
SIM2
SIM3
SIM4
1
21
22
SIM5
SIM1
SIM2
SIM3
SIM4
1
21
22
SIM5
SIM1
SIM2
SIM3
SIM4
1
21
22
SIM5
SIM1
SIM2
SIM3
SIM4
1
21
22
SIM5
SIM1
SIM2
SIM3
SIM4
1
21
22
SIM5
SIM1
SIM2
SIM3
SIM4
1
21
22
SIM5
SIM1
SIM2
SIM3
SIM4
1
21
22
SIM5
SIM1
SIM2
SIM3
SIM4
1
21
22
SIM5
SIM1
SIM2
SIM3
SIM4
1
21
22
SIM5
SIM1
SIM2
SIM3
SIM4
1
21
22
SIM5
SIM1
SIM2
SIM3
SIM4
1
21
22
SIM5
SIM1
SIM2
SIM3
SIM4
1
21
22
SIM5
SIM1
SIM2
SIM3
SIM4
1
21
22
SIM5
SIM1
SIM2
SIM3
SIM4
1
21
22
SIM5
SIM1
SIM2
SIM3
SIM4
1
21
22
SIM5
SIM1
SIM2
SIM3
SIM4
1
21
22
SIM5
SIM1
SIM2
SIM3
SIM4
1
21
22
SIM5
SIM1
SIM2
SIM3
SIM4
1
21
22
SIM5
SIM1
SIM2
SIM3
SIM4
1
21
22
SIM5
SIM1
SIM2
SIM3
SIM4
1
21
22
SIM5
SIM1
SIM2
SIM3
SIM4
1
21
22
SIM5
SIM1
SIM2
SIM3
SIM4
1
21
22
SIM5
SIM1
SIM2
SIM3
SIM4
1
21
22
SIM5
SIM1
SIM2
SIM3
SIM4
1
21
22
SIM5
SIM1
SIM2
SIM3
SIM4
1
21
22
SIM5
SIM1
SIM2
SIM3
SIM4
1
21
22
SIM5
SIM1
SIM2
SIM3
SIM4
1
21
22
SIM5
SIM1
SIM2
SIM3
SIM4
1
21
22
SIM5
SIM1
SIM2
SIM3
SIM4
1
21
22
SIM5
SIM1
SIM2
SIM3
SIM4
1
21
22
SIM5
SIM1
SIM2
SIM3
SIM4
1
21
22
SIM5
SIM1
SIM2
SIM3
SIM4
1
21
22
SIM5
SIM1
SIM2
SIM3
SIM4
1
21
22
SIM5
SIM1
SIM2
SIM3
SIM4
1
21
22
SIM5
SIM1
SIM2
SIM3
SIM4
1
21
22
SIM5
SIM1
SIM2
SIM3
SIM4
1
21
22
SIM5
SIM1
SIM2
SIM3
SIM4
1
21
22
SIM5
SIM1
SIM2
SIM3
SIM4
1
21
22
SIM5
SIM1
SIM2
SIM3
SIM4
1
21
22
SIM5
SIM1
SIM2
SIM3
SIM4
1
21
22
SIM5
SIM1
SIM2
SIM3
SIM4
1
21
22
SIM5
SIM1
SIM2
SIM3
SIM4
1
21
22
SIM5
SIM1
SIM2
SIM3
SIM4
1
21
22
SIM5
SIM1
SIM2
SIM3
SIM4
1
21
22
SIM5
SIM1
SIM2
SIM3
SIM4
1
21
22
SIM5
SIM1
SIM2
SIM3
SIM4
1
21
22
SIM5
SIM1
SIM2
SIM3
SIM4
1
21
22
SIM5
SIM1
SIM2
SIM3
SIM4
1
21
22
SIM5
SIM1
SIM2
SIM3
SIM4
1
21
22
SIM5
SIM1
SIM2
SIM3
SIM4
1
21
22
SIM5
SIM1
SIM2
SIM3
SIM4
1
21
22
SIM5
SIM1
SIM2
SIM3
SIM4
1
21
22
SIM5
SIM1
SIM2
SIM3
SIM4
1
21
22
SIM5
SIM1
SIM2
SIM3
SIM4
1
21
22
SIM5
SIM1
SIM2
SIM3
SIM4
1
21
22
SIM5
SIM1
SIM2
SIM3
SIM4
1
21
22
SIM5
SIM1
SIM2
SIM3
SIM4
1
21
22
SIM5
SIM1
SIM2
SIM3
SIM4
1
21
22
SIM5
SIM1
SIM2
SIM3
SIM4
1
21
22
SIM5
SIM1
SIM2
SIM3
SIM4
1
21
22
SIM5
SIM1
SIM2
SIM3
SIM4
1
21
22
SIM5
SIM1
SIM2
SIM3
SIM4
1
21
22
SIM5
SIM1
SIM2
SIM3
SIM4
1
21
22
SIM5
SIM1
SIM2
SIM3
SIM4
1
21
22
SIM5
SIM1
SIM2
SIM3
SIM4
1
21
22
SIM5
SIM1
SIM2
SIM3
SIM4
1
21
22
SIM5
SIM1
SIM2
SIM3
SIM4
1
21
22
SIM5
SIM1
SIM2
SIM3
SIM4
1
21
22
SIM5
SIM1
SIM2
SIM3
SIM4
1
21
22
SIM5
SIM1
SIM2
SIM3
SIM4
1
21
22
SIM5
SIM1
SIM2
SIM3
SIM4
1
21
22
SIM5
SIM1
SIM2
SIM3
SIM4
1
21
22
SIM5
SIM1
SIM2
SIM3
SIM4
1
21
22
SIM5
SIM1
SIM2
SIM3
SIM4
1
21
22
SIM5
SIM1
SIM2
SIM3
SIM4
1
21
22
SIM5
SIM1
SIM2
SIM3
SIM4
1
21
22
SIM5
SIM1
SIM2
SIM3
SIM4
1
21
22
SIM5
SIM1
SIM2
SIM3
SIM4
1
21
22
SIM5
SIM1
SIM2
SIM3
SIM4
1
21
22
SIM5
SIM1
SIM2
SIM3
SIM4
1
21
22
SIM5
SIM1
SIM2
SIM3
SIM4
1
21
22
SIM5
SIM1
SIM2
SIM3
SIM4
1
21
22
SIM5
SIM1
SIM2
SIM3
SIM4
1
21
22
SIM5
SIM1
SIM2
SIM3
SIM4
1
21
22
SIM5
SIM1
SIM2
SIM3
SIM4
1
21
22
SIM5
SIM1
SIM2
SIM3
SIM4
1
21
22
SIM5
SIM1
SIM2
SIM3
SIM4
1
21
22
SIM5
SIM1
SIM2
SIM3
SIM4
1
21
22
SIM5
SIM1
SIM2
SIM3
SIM4
1
21
22
SIM5
SIM1
SIM2
SIM3
SIM4
1
21
22
SIM5
SIM1
SIM2
SIM3
SIM4
1
21
22
SIM5
SIM1
SIM2
SIM3
SIM4
1
21
22
SIM5
SIM1
SIM2
SIM3
SIM4
1
21
22
SIM5
SIM1
SIM2
SIM3
SIM4
1
21
22
SIM5
SIM1
SIM2
SIM3
SIM4
1
21
22
SIM5
SIM1
SIM2
SIM3
SIM4
1
21
22
SIM5
SIM1
SIM2
SIM3
SIM4
1
21
22
SIM5
SIM1
SIM2
SIM3
SIM4
1
21
22
SIM5
SIM1
SIM2
SIM3
SIM4
1
21
22
SIM5
SIM1
SIM2
SIM3
SIM4
1
21
22
SIM5
SIM1
SIM2
SIM3
SIM4
1
21
22
SIM5
SIM1
SIM2
SIM3
SIM4
1
21
22
SIM5
SIM1
SIM2
SIM3
SIM4
1
21
22
SIM5
SIM1
SIM2
SIM3
SIM4
1
21
22
SIM5
SIM1
SIM2
SIM3
SIM4
1
21
22
SIM5
SIM1
SIM2
SIM3
SIM4
1
21
22
SIM5
SIM1
SIM2
SIM3
SIM4
1
21
22
SIM5
SIM1
SIM2
SIM3
SIM4
1
21
22
SIM5
SIM1
SIM2
SIM3
SIM4
1
21
22
SIM5
SIM1
SIM2
SIM3
SIM4
1
21
22
SIM5
SIM1
SIM2
SIM3
SIM4
1
21
22
SIM5
SIM1
SIM2
SIM3
SIM4
1
21
22
SIM5
SIM1
SIM2
SIM3
SIM4
1
21
22
SIM5
SIM1
SIM2
SIM3
SIM4
1
21
22
SIM5
SIM1
SIM2
SIM3
SIM4
1
21
22
SIM5
SIM1
SIM2
SIM3
SIM4
1
21
22
SIM5
SIM1
SIM2
SIM3
SIM4
1
21
22
SIM5
SIM1
SIM2
SIM3
SIM4
1
21
22
SIM5
SIM1
SIM2
SIM3
SIM4
1
21
22
SIM5
SIM1
SIM2
SIM3
SIM4
1
21
22
SIM5
SIM1
SIM2
SIM3
SIM4
1
21
22
SIM5
SIM1
SIM2
SIM3
SIM4
1
21
22
SIM5
SIM1
SIM2
SIM3
SIM4
1
21
22
SIM5
SIM1
SIM2
SIM3
SIM4
1
21
22
SIM5
SIM1
SIM2
SIM3
SIM4
1
21
22
SIM5
SIM1
SIM2
SIM3
SIM4
1
21
22
SIM5
SIM1
SIM2
SIM3
SIM4
1
21
22
SIM5
SIM1
SIM2
SIM3
SIM4
1
21
22
SIM5
SIM1
SIM2
SIM3
SIM4
1
21
22
SIM5
SIM1
SIM2
SIM3
SIM4
1
21
22
SIM5
SIM1
SIM2
SIM3
SIM4
1
21
22
SIM5
SIM1
SIM2
SIM3
SIM4
1
21
22
SIM5
SIM1
SIM2
SIM3
SIM4
1
21
22
SIM5
SIM1
SIM2
SIM3
SIM4
1
21
22
SIM5
SIM1
SIM2
SIM3
SIM4
1
21
22
SIM5
SIM1
SIM2
SIM3
SIM4
1
21
22
SIM5
SIM1
SIM2
SIM3
SIM4
1
21
22
SIM5
SIM1
SIM2
SIM3
SIM4
1
21
22
SIM5
SIM1
SIM2
SIM3
SIM4
1
21
22
SIM5
SIM1
SIM2
SIM3
SIM4
1
21
22
SIM5
SIM1
SIM2
SIM3
SIM4
1
21
22
SIM5
SIM1
SIM2
SIM3
SIM4
1
21
22
SIM5
SIM1
SIM2
SIM3
SIM4
1
21
22
SIM5
SIM1
SIM2
DEBUG 1 241
SIM1
SIM2
SIM3
SIM4
1
21
22
SIM5
SIM1
SIM2
SIM3
SIM4
1
21
22
SIM5
SIM1
SIM2
SIM3
SIM4
1
21
22
SIM5
SIM1
SIM2
SIM3
SIM4
1
21
22
SIM5
SIM1
SIM2
SIM3
SIM4
1
21
22
SIM5
SIM1
SIM2
SIM3
SIM4
1
21
22
SIM5
SIM1
SIM2
SIM3
SIM4
1
21
22
SIM5
SIM1
SIM2
SIM3
SIM4
1
21
22
SIM5
SIM1
SIM2
SIM3
SIM4
1
21
22
SIM5
SIM1
SIM2
SIM3
SIM4
1
21
22
SIM5
SIM1
SIM2
SIM3
SIM4
1
21
22
SIM5
SIM1
SIM2
SIM3
SIM4
1
21
22
SIM5
SIM1
SIM2
SIM3
SIM4
1
21
22
SIM5
SIM1
SIM2
SIM3
SIM4
1
21
22
SIM5
SIM1
SIM2
SIM3
SIM4
1
21
22
SIM5
SIM1
SIM2
SIM3
SIM4
1
21
22
SIM5
SIM1
SIM2
SIM3
SIM4
1
21
22
SIM5
SIM1
SIM2
SIM3
SIM4
1
21
22
SIM5
SIM1
SIM2
SIM3
SIM4
1
21
22
SIM5
SIM1
SIM2
SIM3
SIM4
1
21
22
SIM5
SIM1
SIM2
SIM3
SIM4
1
21
22
SIM5
SIM1
SIM2
SIM3
SIM4
1
21
22
SIM5
SIM1
SIM2
SIM3
SIM4
1
21
22
SIM5
SIM1
SIM2
SIM3
SIM4
1
21
22
SIM5
SIM1
SIM2
SIM3
SIM4
1
21
22
SIM5
SIM1
SIM2
SIM3
SIM4
1
21
22
SIM5
SIM1
SIM2
SIM3
SIM4
1
21
22
SIM5
SIM1
SIM2
SIM3
SIM4
1
21
22
SIM5
SIM1
SIM2
SIM3
SIM4
1
21
22
SIM5
SIM1
SIM2
SIM3
SIM4
1
21
22
SIM5
SIM1
SIM2
SIM3
SIM4
1
21
22
SIM5
SIM1
SIM2
SIM3
SIM4
1
21
22
SIM5
SIM1
SIM2
SIM3
SIM4
1
21
22
SIM5
SIM1
SIM2
SIM3
SIM4
1
21
22
SIM5
SIM1
SIM2
SIM3
SIM4
1
21
22
SIM5
SIM1
SIM2
SIM3
SIM4
1
21
22
SIM5
SIM1
SIM2
SIM3
SIM4
1
21
22
SIM5
SIM1
SIM2
SIM3
SIM4
1
21
22
SIM5
SIM1
SIM2
SIM3
SIM4
1
21
22
SIM5
SIM1
SIM2
SIM3
SIM4
1
21
22
SIM5
SIM1
SIM2
SIM3
SIM4
1
21
22
SIM5
SIM1
SIM2
SIM3
SIM4
1
21
22
SIM5
SIM1
SIM2
SIM3
SIM4
1
21
22
SIM5
SIM1
SIM2
SIM3
SIM4
1
21
22
SIM5
SIM1
SIM2
SIM3
SIM4
1
21
22
SIM5
SIM1
SIM2
SIM3
SIM4
1
21
22
SIM5
SIM1
SIM2
SIM3
SIM4
1
21
22
SIM5
SIM1
SIM2
SIM3
SIM4
1
21
22
SIM5
SIM1
SIM2
SIM3
SIM4
1
21
22
SIM5
SIM1
SIM2
SIM3
SIM4
1
21
22
SIM5
SIM1
SIM2
SIM3
SIM4
1
21
22
SIM5
SIM1
SIM2
SIM3
SIM4
1
21
22
SIM5
SIM1
SIM2
SIM3
SIM4
1
21
22
SIM5
SIM1
SIM2
SIM3
SIM4
1
21
22
SIM5
SIM1
SIM2
SIM3
SIM4
1
21
22
SIM5
SIM1
SIM2
SIM3
SIM4
1
21
22
SIM5
SIM1
SIM2
SIM3
SIM4
1
21
22
SIM5
SIM1
SIM2
SIM3
SIM4
1
21
22
SIM5
SIM1
SIM2
SIM3
SIM4
1
21
22
SIM5
SIM1
SIM2
SIM3
SIM4
1
21
22
SIM5
SIM1
SIM2
SIM3
SIM4
1
21
22
SIM5
SIM1
SIM2
SIM3
SIM4
1
21
22
SIM5
SIM1
SIM2
SIM3
SIM4
1
21
22
SIM5
SIM1
SIM2
SIM3
SIM4
1
21
22
SIM5
SIM1
SIM2
SIM3
SIM4
1
21
22
SIM5
SIM1
SIM2
SIM3
SIM4
1
21
22
SIM5
SIM1
SIM2
SIM3
SIM4
1
21
22
SIM5
SIM1
SIM2
SIM3
SIM4
1
21
22
SIM5
SIM1
SIM2
SIM3
SIM4
1
21
22
SIM5
SIM1
SIM2
SIM3
SIM4
1
21
22
SIM5
SIM1
SIM2
SIM3
SIM4
1
21
22
SIM5
SIM1
SIM2
SIM3
SIM4
1
21
22
SIM5
SIM1
SIM2
SIM3
SIM4
1
21
22
SIM5
SIM1
SIM2
SIM3
SIM4
1
21
22
SIM5
SIM1
SIM2
SIM3
SIM4
1
21
22
SIM5
SIM1
SIM2
SIM3
SIM4
1
21
22
SIM5
SIM1
SIM2
SIM3
SIM4
1
21
22
SIM5
SIM1
SIM2
SIM3
SIM4
1
21
22
SIM5
SIM1
SIM2
SIM3
SIM4
1
21
22
SIM5
SIM1
SIM2
SIM3
SIM4
1
21
22
SIM5
SIM1
SIM2
SIM3
SIM4
1
21
22
SIM5
SIM1
SIM2
SIM3
SIM4
1
21
22
SIM5
SIM1
SIM2
SIM3
SIM4
1
21
22
SIM5
SIM1
SIM2
SIM3
SIM4
1
21
22
SIM5
SIM1
SIM2
SIM3
SIM4
1
21
22
SIM5
SIM1
SIM2
SIM3
SIM4
1
21
22
SIM5
SIM1
SIM2
SIM3
SIM4
1
21
22
SIM5
SIM1
SIM2
SIM3
SIM4
1
21
22
SIM5
SIM1
SIM2
SIM3
SIM4
1
21
22
SIM5
SIM1
SIM2
SIM3
SIM4
1
21
22
SIM5
SIM1
SIM2
SIM3
SIM4
1
21
22
SIM5
SIM1
SIM2
SIM3
SIM4
1
21
22
SIM5
SIM1
SIM2
SIM3
SIM4
1
21
22
SIM5
SIM1
SIM2
SIM3
SIM4
1
21
22
SIM5
SIM1
SIM2
SIM3
SIM4
1
21
22
SIM5
SIM1
SIM2
SIM3
SIM4
1
21
22
SIM5
SIM1
SIM2
SIM3
SIM4
1
21
22
SIM5
SIM1
SIM2
SIM3
SIM4
1
21
22
SIM5
SIM1
SIM2
SIM3
SIM4
1
21
22
SIM5
SIM1
SIM2
SIM3
SIM4
1
21
22
SIM5
SIM1
SIM2
SIM3
SIM4
1
21
22
SIM5
SIM1
SIM2
SIM3
SIM4
1
21
22
SIM5
SIM1
SIM2
SIM3
SIM4
1
21
22
SIM5
SIM1
SIM2
SIM3
SIM4
1
21
22
SIM5
SIM1
SIM2
SIM3
SIM4
1
21
22
SIM5
SIM1
SIM2
SIM3
SIM4
1
21
22
SIM5
SIM1
SIM2
SIM3
SIM4
1
21
22
SIM5
SIM1
SIM2
SIM3
SIM4
1
21
22
SIM5
SIM1
SIM2
SIM3
SIM4
1
21
22
SIM5
SIM1
SIM2
SIM3
SIM4
1
21
22
SIM5
SIM1
SIM2
SIM3
SIM4
1
21
22
SIM5
SIM1
SIM2
SIM3
SIM4
1
21
22
SIM5
SIM1
SIM2
SIM3
SIM4
1
21
22
SIM5
SIM1
SIM2
SIM3
SIM4
1
21
22
SIM5
SIM1
SIM2
SIM3
SIM4
1
21
22
SIM5
SIM1
SIM2
SIM3
SIM4
1
21
22
SIM5
SIM1
SIM2
SIM3
SIM4
1
21
22
SIM5
SIM1
SIM2
SIM3
SIM4
1
21
22
SIM5
SIM1
SIM2
SIM3
SIM4
1
21
22
SIM5
SIM1
SIM2
SIM3
SIM4
1
21
22
SIM5
SIM1
SIM2
SIM3
SIM4
1
21
22
SIM5
SIM1
SIM2
SIM3
SIM4
1
21
22
SIM5
SIM1
SIM2
SIM3
SIM4
1
21
22
SIM5
SIM1
SIM2
SIM3
SIM4
1
21
22
SIM5
SIM1
SIM2
SIM3
SIM4
1
21
22
SIM5
SIM1
SIM2
SIM3
SIM4
1
21
22
SIM5
SIM1
SIM2
SIM3
SIM4
1
21
22
SIM5
SIM1
SIM2
SIM3
SIM4
1
21
22
SIM5
SIM1
SIM2
SIM3
SIM4
1
21
22
SIM5
SIM1
SIM2
SIM3
SIM4
1
21
22
SIM5
SIM1
SIM2
SIM3
SIM4
1
21
22
SIM5
SIM1
SIM2
SIM3
SIM4
1
21
22
SIM5
SIM1
SIM2
SIM3
SIM4
1
21
22
SIM5
SIM1
SIM2
SIM3
SIM4
1
21
22
SIM5
SIM1
SIM2
SIM3
SIM4
1
21
22
SIM5
SIM1
SIM2
SIM3
SIM4
1
21
22
SIM5
SIM1
SIM2
SIM3
SIM4
1
21
22
SIM5
SIM1
SIM2
SIM3
SIM4
1
21
22
SIM5
SIM1
SIM2
SIM3
SIM4
1
21
22
SIM5
SIM1
SIM2
SIM3
SIM4
1
21
22
SIM5
SIM1
SIM2
SIM3
SIM4
1
21
22
SIM5
SIM1
SIM2
SIM3
SIM4
1
21
22
SIM5
SIM1
SIM2
SIM3
SIM4
1
21
22
SIM5
SIM1
SIM2
SIM3
SIM4
1
21
22
SIM5
SIM1
SIM2
SIM3
SIM4
1
21
22
SIM5
SIM1
SIM2
SIM3
SIM4
1
21
22
SIM5
SIM1
SIM2
SIM3
SIM4
1
21
22
SIM5
SIM1
SIM2
SIM3
SIM4
1
21
22
SIM5
SIM1
SIM2
SIM3
SIM4
1
21
22
SIM5
SIM1
SIM2
SIM3
SIM4
1
21
22
SIM5
SIM1
SIM2
SIM3
SIM4
1
21
22
SIM5
SIM1
SIM2
SIM3
SIM4
1
21
22
SIM5
SIM1
SIM2
SIM3
SIM4
1
21
22
SIM5
SIM1
SIM2
SIM3
SIM4
1
21
22
SIM5
SIM1
SIM2
SIM3
SIM4
1
21
22
SIM5
SIM1
SIM2
SIM3
SIM4
1
21
22
SIM5
SIM1
SIM2
SIM3
SIM4
1
21
22
SIM5
SIM1
SIM2
SIM3
SIM4
1
21
22
SIM5
SIM1
SIM2
SIM3
SIM4
1
21
22
SIM5
SIM1
SIM2
SIM3
SIM4
1
21
22
SIM5
SIM1
SIM2
SIM3
SIM4
1
21
22
SIM5
SIM1
SIM2
SIM3
SIM4
1
21
22
SIM5
SIM1
SIM2
SIM3
SIM4
1
21
22
SIM5
SIM1
SIM2
SIM3
SIM4
1
21
22
SIM5
SIM1
SIM2
SIM3
SIM4
1
21
22
SIM5
SIM1
SIM2
SIM3
SIM4
1
21
22
SIM5
SIM1
SIM2
SIM3
SIM4
1
21
22
SIM5
SIM1
SIM2
SIM3
SIM4
1
21
22
SIM5
SIM1
SIM2
SIM3
SIM4
1
21
22
SIM5
SIM1
SIM2
SIM3
SIM4
1
21
22
SIM5
SIM1
SIM2
SIM3
SIM4
1
21
22
SIM5
SIM1
SIM2
SIM3
SIM4
1
21
22
SIM5
SIM1
SIM2
SIM3
SIM4
1
21
22
SIM5
SIM1
SIM2
SIM3
SIM4
1
21
22
SIM5
SIM1
SIM2
SIM3
SIM4
1
21
22
SIM5
SIM1
SIM2
SIM3
SIM4
1
21
22
SIM5
SIM1
SIM2
SIM3
SIM4
1
21
22
SIM5
SIM1
SIM2
SIM3
SIM4
1
21
22
SIM5
SIM1
SIM2
SIM3
SIM4
1
21
22
SIM5
SIM1
SIM2
SIM3
SIM4
1
21
22
SIM5
SIM1
SIM2
SIM3
SIM4
1
21
22
SIM5
SIM1
SIM2
SIM3
SIM4
1
21
22
SIM5
SIM1
SIM2
SIM3
SIM4
1
21
22
SIM5
SIM1
SIM2
SIM3
SIM4
1
21
22
SIM5
SIM1
SIM2
SIM3
SIM4
1
21
22
SIM5
SIM1
SIM2
SIM3
SIM4
1
21
22
SIM5
SIM1
SIM2
SIM3
SIM4
1
21
22
SIM5
SIM1
SIM2
SIM3
SIM4
1
21
22
SIM5
SIM1
SIM2
SIM3
SIM4
1
21
22
SIM5
SIM1
SIM2
SIM3
SIM4
1
21
22
SIM5
SIM1
SIM2
SIM3
SIM4
1
21
22
SIM5
SIM1
SIM2
SIM3
SIM4
1
21
22
SIM5
SIM1
SIM2
SIM3
SIM4
1
21
22
SIM5
SIM1
SIM2
SIM3
SIM4
1
21
22
SIM5
SIM1
SIM2
SIM3
SIM4
1
21
22
SIM5
SIM1
SIM2
SIM3
SIM4
1
21
22
SIM5
SIM1
SIM2
SIM3
SIM4
1
21
22
SIM5
SIM1
SIM2
SIM3
SIM4
1
21
22
SIM5
SIM1
SIM2
SIM3
SIM4
1
21
22
SIM5
SIM1
SIM2
SIM3
SIM4
1
21
22
SIM5
SIM1
SIM2
SIM3
SIM4
1
21
22
SIM5
SIM1
SIM2
SIM3
SIM4
1
21
22
SIM5
SIM1
SIM2
SIM3
SIM4
1
21
22
SIM5
SIM1
SIM2
SIM3
SIM4
1
21
22
SIM5
SIM1
SIM2
SIM3
SIM4
1
21
22
SIM5
SIM1
SIM2
SIM3
SIM4
1
21
22
SIM5
SIM1
SIM2
SIM3
SIM4
1
21
22
SIM5
SIM1
SIM2
SIM3
SIM4
1
21
22
SIM5
SIM1
SIM2
SIM3
SIM4
1
21
22
SIM5
SIM1
SIM2
SIM3
SIM4
1
21
22
SIM5
SIM1
SIM2
SIM3
SIM4
1
21
22
SIM5
SIM1
SIM2
SIM3
SIM4
1
21
22
SIM5
SIM1
SIM2
SIM3
SIM4
1
21
22
SIM5
SIM1
SIM2
SIM3
SIM4
1
21
22
SIM5
SIM1
SIM2
SIM3
SIM4
1
21
22
SIM5
SIM1
SIM2
SIM3
SIM4
1
21
22
SIM5
SIM1
SIM2
SIM3
SIM4
1
21
22
SIM5
SIM1
SIM2
SIM3
SIM4
1
21
22
SIM5
SIM1
SIM2
SIM3
SIM4
1
21
22
SIM5
SIM1
SIM2
SIM3
SIM4
1
21
22
SIM5
SIM1
SIM2
SIM3
SIM4
1
21
22
SIM5
SIM1
SIM2
SIM3
SIM4
1
21
22
SIM5
SIM1
SIM2
SIM3
SIM4
1
21
22
SIM5
SIM1
SIM2
SIM3
SIM4
1
21
22
SIM5
SIM1
SIM2
SIM3
SIM4
1
21
22
SIM5
SIM1
SIM2
SIM3
SIM4
1
21
22
SIM5
SIM1
SIM2
SIM3
SIM4
1
21
22
SIM5
SIM1
SIM2
SIM3
SIM4
1
21
22
SIM5
SIM1
SIM2
SIM3
SIM4
1
21
22
SIM5
SIM1
SIM2
SIM3
SIM4
1
21
22
SIM5
SIM1
SIM2
SIM3
SIM4
1
21
22
SIM5
SIM1
SIM2
DEBUG 1 242
SIM1
SIM2
SIM3
SIM4
1
21
22
SIM5
SIM1
SIM2
SIM3
SIM4
1
21
22
SIM5
SIM1
SIM2
SIM3
SIM4
1
21
22
SIM5
SIM1
SIM2
SIM3
SIM4
1
21
22
SIM5
SIM1
SIM2
SIM3
SIM4
1
21
22
SIM5
SIM1
SIM2
SIM3
SIM4
1
21
22
SIM5
SIM1
SIM2
SIM3
SIM4
1
21
22
SIM5
SIM1
SIM2
SIM3
SIM4
1
21
22
SIM5
SIM1
SIM2
SIM3
SIM4
1
21
22
SIM5
SIM1
SIM2
SIM3
SIM4
1
21
22
SIM5
SIM1
SIM2
SIM3
SIM4
1
21
22
SIM5
SIM1
SIM2
SIM3
SIM4
1
21
22
SIM5
SIM1
SIM2
SIM3
SIM4
1
21
22
SIM5
SIM1
SIM2
SIM3
SIM4
1
21
22
SIM5
SIM1
SIM2
SIM3
SIM4
1
21
22
SIM5
SIM1
SIM2
SIM3
SIM4
1
21
22
SIM5
SIM1
SIM2
SIM3
SIM4
1
21
22
SIM5
SIM1
SIM2
SIM3
SIM4
1
21
22
SIM5
SIM1
SIM2
SIM3
SIM4
1
21
22
SIM5
SIM1
SIM2
SIM3
SIM4
1
21
22
SIM5
SIM1
SIM2
SIM3
SIM4
1
21
22
SIM5
SIM1
SIM2
SIM3
SIM4
1
21
22
SIM5
SIM1
SIM2
SIM3
SIM4
1
21
22
SIM5
SIM1
SIM2
SIM3
SIM4
1
21
22
SIM5
SIM1
SIM2
SIM3
SIM4
1
21
22
SIM5
SIM1
SIM2
SIM3
SIM4
1
21
22
SIM5
SIM1
SIM2
SIM3
SIM4
1
21
22
SIM5
SIM1
SIM2
SIM3
SIM4
1
21
22
SIM5
SIM1
SIM2
SIM3
SIM4
1
21
22
SIM5
SIM1
SIM2
SIM3
SIM4
1
21
22
SIM5
SIM1
SIM2
SIM3
SIM4
1
21
22
SIM5
SIM1
SIM2
SIM3
SIM4
1
21
22
SIM5
SIM1
SIM2
SIM3
SIM4
1
21
22
SIM5
SIM1
SIM2
SIM3
SIM4
1
21
22
SIM5
SIM1
SIM2
SIM3
SIM4
1
21
22
SIM5
SIM1
SIM2
SIM3
SIM4
1
21
22
SIM5
SIM1
SIM2
SIM3
SIM4
1
21
22
SIM5
SIM1
SIM2
SIM3
SIM4
1
21
22
SIM5
SIM1
SIM2
SIM3
SIM4
1
21
22
SIM5
SIM1
SIM2
SIM3
SIM4
1
21
22
SIM5
SIM1
SIM2
SIM3
SIM4
1
21
22
SIM5
SIM1
SIM2
SIM3
SIM4
1
21
22
SIM5
SIM1
SIM2
SIM3
SIM4
1
21
22
SIM5
SIM1
SIM2
SIM3
SIM4
1
21
22
SIM5
SIM1
SIM2
SIM3
SIM4
1
21
22
SIM5
SIM1
SIM2
SIM3
SIM4
1
21
22
SIM5
SIM1
SIM2
SIM3
SIM4
1
21
22
SIM5
SIM1
SIM2
SIM3
SIM4
1
21
22
SIM5
SIM1
SIM2
SIM3
SIM4
1
21
22
SIM5
SIM1
SIM2
SIM3
SIM4
1
21
22
SIM5
SIM1
SIM2
SIM3
SIM4
1
21
22
SIM5
SIM1
SIM2
SIM3
SIM4
1
21
22
SIM5
SIM1
SIM2
SIM3
SIM4
1
21
22
SIM5
SIM1
SIM2
SIM3
SIM4
1
21
22
SIM5
SIM1
SIM2
SIM3
SIM4
1
21
22
SIM5
SIM1
SIM2
SIM3
SIM4
1
21
22
SIM5
SIM1
SIM2
SIM3
SIM4
1
21
22
SIM5
SIM1
SIM2
SIM3
SIM4
1
21
22
SIM5
SIM1
SIM2
SIM3
SIM4
1
21
22
SIM5
SIM1
SIM2
SIM3
SIM4
1
21
22
SIM5
SIM1
SIM2
SIM3
SIM4
1
21
22
SIM5
SIM1
SIM2
SIM3
SIM4
1
21
22
SIM5
SIM1
SIM2
SIM3
SIM4
1
21
22
SIM5
SIM1
SIM2
SIM3
SIM4
1
21
22
SIM5
SIM1
SIM2
SIM3
SIM4
1
21
22
SIM5
SIM1
SIM2
SIM3
SIM4
1
21
22
SIM5
SIM1
SIM2
SIM3
SIM4
1
21
22
SIM5
SIM1
SIM2
SIM3
SIM4
1
21
22
SIM5
SIM1
SIM2
SIM3
SIM4
1
21
22
SIM5
SIM1
SIM2
SIM3
SIM4
1
21
22
SIM5
SIM1
SIM2
SIM3
SIM4
1
21
22
SIM5
SIM1
SIM2
SIM3
SIM4
1
21
22
SIM5
SIM1
SIM2
SIM3
SIM4
1
21
22
SIM5
SIM1
SIM2
SIM3
SIM4
1
21
22
SIM5
SIM1
SIM2
SIM3
SIM4
1
21
22
SIM5
SIM1
SIM2
SIM3
SIM4
1
21
22
SIM5
SIM1
SIM2
SIM3
SIM4
1
21
22
SIM5
SIM1
SIM2
SIM3
SIM4
1
21
22
SIM5
SIM1
SIM2
SIM3
SIM4
1
21
22
SIM5
SIM1
SIM2
SIM3
SIM4
1
21
22
SIM5
SIM1
SIM2
SIM3
SIM4
1
21
22
SIM5
SIM1
SIM2
SIM3
SIM4
1
21
22
SIM5
SIM1
SIM2
SIM3
SIM4
1
21
22
SIM5
SIM1
SIM2
SIM3
SIM4
1
21
22
SIM5
SIM1
SIM2
SIM3
SIM4
1
21
22
SIM5
SIM1
SIM2
SIM3
SIM4
1
21
22
SIM5
SIM1
SIM2
SIM3
SIM4
1
21
22
SIM5
SIM1
SIM2
SIM3
SIM4
1
21
22
SIM5
SIM1
SIM2
SIM3
SIM4
1
21
22
SIM5
SIM1
SIM2
SIM3
SIM4
1
21
22
SIM5
SIM1
SIM2
SIM3
SIM4
1
21
22
SIM5
SIM1
SIM2
SIM3
SIM4
1
21
22
SIM5
SIM1
SIM2
SIM3
SIM4
1
21
22
SIM5
SIM1
SIM2
SIM3
SIM4
1
21
22
SIM5
SIM1
SIM2
SIM3
SIM4
1
21
22
SIM5
SIM1
SIM2
SIM3
SIM4
1
21
22
SIM5
SIM1
SIM2
SIM3
SIM4
1
21
22
SIM5
SIM1
SIM2
SIM3
SIM4
1
21
22
SIM5
SIM1
SIM2
SIM3
SIM4
1
21
22
SIM5
SIM1
SIM2
SIM3
SIM4
1
21
22
SIM5
SIM1
SIM2
SIM3
SIM4
1
21
22
SIM5
SIM1
SIM2
SIM3
SIM4
1
21
22
SIM5
SIM1
SIM2
SIM3
SIM4
1
21
22
SIM5
SIM1
SIM2
SIM3
SIM4
1
21
22
SIM5
SIM1
SIM2
SIM3
SIM4
1
21
22
SIM5
SIM1
SIM2
SIM3
SIM4
1
21
22
SIM5
SIM1
SIM2
SIM3
SIM4
1
21
22
SIM5
SIM1
SIM2
SIM3
SIM4
1
21
22
SIM5
SIM1
SIM2
SIM3
SIM4
1
21
22
SIM5
SIM1
SIM2
SIM3
SIM4
1
21
22
SIM5
SIM1
SIM2
SIM3
SIM4
1
21
22
SIM5
SIM1
SIM2
SIM3
SIM4
1
21
22
SIM5
SIM1
SIM2
SIM3
SIM4
1
21
22
SIM5
SIM1
SIM2
SIM3
SIM4
1
21
22
SIM5
SIM1
SIM2
SIM3
SIM4
1
21
22
SIM5
SIM1
SIM2
SIM3
SIM4
1
21
22
SIM5
SIM1
SIM2
SIM3
SIM4
1
21
22
SIM5
SIM1
SIM2
SIM3
SIM4
1
21
22
SIM5
SIM1
SIM2
SIM3
SIM4
1
21
22
SIM5
SIM1
SIM2
SIM3
SIM4
1
21
22
SIM5
SIM1
SIM2
SIM3
SIM4
1
21
22
SIM5
SIM1
SIM2
SIM3
SIM4
1
21
22
SIM5
SIM1
SIM2
SIM3
SIM4
1
21
22
SIM5
SIM1
SIM2
SIM3
SIM4
1
21
22
SIM5
SIM1
SIM2
SIM3
SIM4
1
21
22
SIM5
SIM1
SIM2
SIM3
SIM4
1
21
22
SIM5
SIM1
SIM2
SIM3
SIM4
1
21
22
SIM5
SIM1
SIM2
SIM3
SIM4
1
21
22
SIM5
SIM1
SIM2
SIM3
SIM4
1
21
22
SIM5
SIM1
SIM2
SIM3
SIM4
1
21
22
SIM5
SIM1
SIM2
SIM3
SIM4
1
21
22
SIM5
SIM1
SIM2
SIM3
SIM4
1
21
22
SIM5
SIM1
SIM2
SIM3
SIM4
1
21
22
SIM5
SIM1
SIM2
SIM3
SIM4
1
21
22
SIM5
SIM1
SIM2
SIM3
SIM4
1
21
22
SIM5
SIM1
SIM2
SIM3
SIM4
1
21
22
SIM5
SIM1
SIM2
SIM3
SIM4
1
21
22
SIM5
SIM1
SIM2
SIM3
SIM4
1
21
22
SIM5
SIM1
SIM2
SIM3
SIM4
1
21
22
SIM5
SIM1
SIM2
SIM3
SIM4
1
21
22
SIM5
SIM1
SIM2
SIM3
SIM4
1
21
22
SIM5
SIM1
SIM2
SIM3
SIM4
1
21
22
SIM5
SIM1
SIM2
SIM3
SIM4
1
21
22
SIM5
SIM1
SIM2
SIM3
SIM4
1
21
22
SIM5
SIM1
SIM2
SIM3
SIM4
1
21
22
SIM5
SIM1
SIM2
SIM3
SIM4
1
21
22
SIM5
SIM1
SIM2
SIM3
SIM4
1
21
22
SIM5
SIM1
SIM2
SIM3
SIM4
1
21
22
SIM5
SIM1
SIM2
SIM3
SIM4
1
21
22
SIM5
SIM1
SIM2
SIM3
SIM4
1
21
22
SIM5
SIM1
SIM2
SIM3
SIM4
1
21
22
SIM5
SIM1
SIM2
SIM3
SIM4
1
21
22
SIM5
SIM1
SIM2
SIM3
SIM4
1
21
22
SIM5
SIM1
SIM2
SIM3
SIM4
1
21
22
SIM5
SIM1
SIM2
SIM3
SIM4
1
21
22
SIM5
SIM1
SIM2
SIM3
SIM4
1
21
22
SIM5
SIM1
SIM2
SIM3
SIM4
1
21
22
SIM5
SIM1
SIM2
SIM3
SIM4
1
21
22
SIM5
SIM1
SIM2
SIM3
SIM4
1
21
22
SIM5
SIM1
SIM2
SIM3
SIM4
1
21
22
SIM5
SIM1
SIM2
SIM3
SIM4
1
21
22
SIM5
SIM1
SIM2
SIM3
SIM4
1
21
22
SIM5
SIM1
SIM2
SIM3
SIM4
1
21
22
SIM5
SIM1
SIM2
SIM3
SIM4
1
21
22
SIM5
SIM1
SIM2
SIM3
SIM4
1
21
22
SIM5
SIM1
SIM2
SIM3
SIM4
1
21
22
SIM5
SIM1
SIM2
SIM3
SIM4
1
21
22
SIM5
SIM1
SIM2
SIM3
SIM4
1
21
22
SIM5
SIM1
SIM2
SIM3
SIM4
1
21
22
SIM5
SIM1
SIM2
SIM3
SIM4
1
21
22
SIM5
SIM1
SIM2
SIM3
SIM4
1
21
22
SIM5
SIM1
SIM2
SIM3
SIM4
1
21
22
SIM5
SIM1
SIM2
SIM3
SIM4
1
21
22
SIM5
SIM1
SIM2
SIM3
SIM4
1
21
22
SIM5
SIM1
SIM2
SIM3
SIM4
1
21
22
SIM5
SIM1
SIM2
SIM3
SIM4
1
21
22
SIM5
SIM1
SIM2
SIM3
SIM4
1
21
22
SIM5
SIM1
SIM2
SIM3
SIM4
1
21
22
SIM5
SIM1
SIM2
SIM3
SIM4
1
21
22
SIM5
SIM1
SIM2
SIM3
SIM4
1
21
22
SIM5
SIM1
SIM2
SIM3
SIM4
1
21
22
SIM5
SIM1
SIM2
DEBUG 1 243
SIM1
SIM2
SIM3
SIM4
1
21
22
SIM5
SIM1
SIM2
SIM3
SIM4
1
21
22
SIM5
SIM1
SIM2
SIM3
SIM4
1
21
22
SIM5
SIM1
SIM2
SIM3
SIM4
1
21
22
SIM5
SIM1
SIM2
SIM3
SIM4
1
21
22
SIM5
SIM1
SIM2
SIM3
SIM4
1
21
22
SIM5
SIM1
SIM2
SIM3
SIM4
1
21
22
SIM5
SIM1
SIM2
SIM3
SIM4
1
21
22
SIM5
SIM1
SIM2
SIM3
SIM4
1
21
22
SIM5
SIM1
SIM2
SIM3
SIM4
1
21
22
SIM5
SIM1
SIM2
SIM3
SIM4
1
21
22
SIM5
SIM1
SIM2
SIM3
SIM4
1
21
22
SIM5
SIM1
SIM2
SIM3
SIM4
1
21
22
SIM5
SIM1
SIM2
SIM3
SIM4
1
21
22
SIM5
SIM1
SIM2
SIM3
SIM4
1
21
22
SIM5
SIM1
SIM2
SIM3
SIM4
1
21
22
SIM5
SIM1
SIM2
SIM3
SIM4
1
21
22
SIM5
SIM1
SIM2
SIM3
SIM4
1
21
22
SIM5
SIM1
SIM2
SIM3
SIM4
1
21
22
SIM5
SIM1
SIM2
SIM3
SIM4
1
21
22
SIM5
SIM1
SIM2
SIM3
SIM4
1
21
22
SIM5
SIM1
SIM2
SIM3
SIM4
1
21
22
SIM5
SIM1
SIM2
SIM3
SIM4
1
21
22
SIM5
SIM1
SIM2
SIM3
SIM4
1
21
22
SIM5
SIM1
SIM2
SIM3
SIM4
1
21
22
SIM5
SIM1
SIM2
SIM3
SIM4
1
21
22
SIM5
SIM1
SIM2
SIM3
SIM4
1
21
22
SIM5
SIM1
SIM2
SIM3
SIM4
1
21
22
SIM5
SIM1
SIM2
SIM3
SIM4
1
21
22
SIM5
SIM1
SIM2
SIM3
SIM4
1
21
22
SIM5
SIM1
SIM2
SIM3
SIM4
1
21
22
SIM5
SIM1
SIM2
SIM3
SIM4
1
21
22
SIM5
SIM1
SIM2
SIM3
SIM4
1
21
22
SIM5
SIM1
SIM2
SIM3
SIM4
1
21
22
SIM5
SIM1
SIM2
SIM3
SIM4
1
21
22
SIM5
SIM1
SIM2
SIM3
SIM4
1
21
22
SIM5
SIM1
SIM2
SIM3
SIM4
1
21
22
SIM5
SIM1
SIM2
SIM3
SIM4
1
21
22
SIM5
SIM1
SIM2
SIM3
SIM4
1
21
22
SIM5
SIM1
SIM2
SIM3
SIM4
1
21
22
SIM5
SIM1
SIM2
SIM3
SIM4
1
21
22
SIM5
SIM1
SIM2
SIM3
SIM4
1
21
22
SIM5
SIM1
SIM2
SIM3
SIM4
1
21
22
SIM5
SIM1
SIM2
SIM3
SIM4
1
21
22
SIM5
SIM1
SIM2
SIM3
SIM4
1
21
22
SIM5
SIM1
SIM2
SIM3
SIM4
1
21
22
SIM5
SIM1
SIM2
SIM3
SIM4
1
21
22
SIM5
SIM1
SIM2
SIM3
SIM4
1
21
22
SIM5
SIM1
SIM2
SIM3
SIM4
1
21
22
SIM5
SIM1
SIM2
SIM3
SIM4
1
21
22
SIM5
SIM1
SIM2
SIM3
SIM4
1
21
22
SIM5
SIM1
SIM2
SIM3
SIM4
1
21
22
SIM5
SIM1
SIM2
SIM3
SIM4
1
21
22
SIM5
SIM1
SIM2
SIM3
SIM4
1
21
22
SIM5
SIM1
SIM2
SIM3
SIM4
1
21
22
SIM5
SIM1
SIM2
SIM3
SIM4
1
21
22
SIM5
SIM1
SIM2
SIM3
SIM4
1
21
22
SIM5
SIM1
SIM2
SIM3
SIM4
1
21
22
SIM5
SIM1
SIM2
SIM3
SIM4
1
21
22
SIM5
SIM1
SIM2
SIM3
SIM4
1
21
22
SIM5
SIM1
SIM2
SIM3
SIM4
1
21
22
SIM5
SIM1
SIM2
SIM3
SIM4
1
21
22
SIM5
SIM1
SIM2
SIM3
SIM4
1
21
22
SIM5
SIM1
SIM2
SIM3
SIM4
1
21
22
SIM5
SIM1
SIM2
SIM3
SIM4
1
21
22
SIM5
SIM1
SIM2
SIM3
SIM4
1
21
22
SIM5
SIM1
SIM2
SIM3
SIM4
1
21
22
SIM5
SIM1
SIM2
SIM3
SIM4
1
21
22
SIM5
SIM1
SIM2
SIM3
SIM4
1
21
22
SIM5
SIM1
SIM2
SIM3
SIM4
1
21
22
SIM5
SIM1
SIM2
SIM3
SIM4
1
21
22
SIM5
SIM1
SIM2
SIM3
SIM4
1
21
22
SIM5
SIM1
SIM2
SIM3
SIM4
1
21
22
SIM5
SIM1
SIM2
SIM3
SIM4
1
21
22
SIM5
SIM1
SIM2
SIM3
SIM4
1
21
22
SIM5
SIM1
SIM2
SIM3
SIM4
1
21
22
SIM5
SIM1
SIM2
SIM3
SIM4
1
21
22
SIM5
SIM1
SIM2
SIM3
SIM4
1
21
22
SIM5
SIM1
SIM2
SIM3
SIM4
1
21
22
SIM5
SIM1
SIM2
SIM3
SIM4
1
21
22
SIM5
SIM1
SIM2
SIM3
SIM4
1
21
22
SIM5
SIM1
SIM2
SIM3
SIM4
1
21
22
SIM5
SIM1
SIM2
SIM3
SIM4
1
21
22
SIM5
SIM1
SIM2
SIM3
SIM4
1
21
22
SIM5
SIM1
SIM2
SIM3
SIM4
1
21
22
SIM5
SIM1
SIM2
SIM3
SIM4
1
21
22
SIM5
SIM1
SIM2
SIM3
SIM4
1
21
22
SIM5
SIM1
SIM2
SIM3
SIM4
1
21
22
SIM5
SIM1
SIM2
SIM3
SIM4
1
21
22
SIM5
SIM1
SIM2
SIM3
SIM4
1
21
22
SIM5
SIM1
SIM2
SIM3
SIM4
1
21
22
SIM5
SIM1
SIM2
SIM3
SIM4
1
21
22
SIM5
SIM1
SIM2
SIM3
SIM4
1
21
22
SIM5
SIM1
SIM2
SIM3
SIM4
1
21
22
SIM5
SIM1
SIM2
SIM3
SIM4
1
21
22
SIM5
SIM1
SIM2
SIM3
SIM4
1
21
22
SIM5
SIM1
SIM2
SIM3
SIM4
1
21
22
SIM5
SIM1
SIM2
SIM3
SIM4
1
21
22
SIM5
SIM1
SIM2
SIM3
SIM4
1
21
22
SIM5
SIM1
SIM2
SIM3
SIM4
1
21
22
SIM5
SIM1
SIM2
SIM3
SIM4
1
21
22
SIM5
SIM1
SIM2
SIM3
SIM4
1
21
22
SIM5
SIM1
SIM2
SIM3
SIM4
1
21
22
SIM5
SIM1
SIM2
SIM3
SIM4
1
21
22
SIM5
SIM1
SIM2
SIM3
SIM4
1
21
22
SIM5
SIM1
SIM2
SIM3
SIM4
1
21
22
SIM5
SIM1
SIM2
SIM3
SIM4
1
21
22
SIM5
SIM1
SIM2
SIM3
SIM4
1
21
22
SIM5
SIM1
SIM2
SIM3
SIM4
1
21
22
SIM5
SIM1
SIM2
SIM3
SIM4
1
21
22
SIM5
SIM1
SIM2
SIM3
SIM4
1
21
22
SIM5
SIM1
SIM2
SIM3
SIM4
1
21
22
SIM5
SIM1
SIM2
SIM3
SIM4
1
21
22
SIM5
SIM1
SIM2
SIM3
SIM4
1
21
22
SIM5
SIM1
SIM2
SIM3
SIM4
1
21
22
SIM5
SIM1
SIM2
SIM3
SIM4
1
21
22
SIM5
SIM1
SIM2
SIM3
SIM4
1
21
22
SIM5
SIM1
SIM2
SIM3
SIM4
1
21
22
SIM5
SIM1
SIM2
SIM3
SIM4
1
21
22
SIM5
SIM1
SIM2
SIM3
SIM4
1
21
22
SIM5
SIM1
SIM2
SIM3
SIM4
1
21
22
SIM5
SIM1
SIM2
SIM3
SIM4
1
21
22
SIM5
SIM1
SIM2
SIM3
SIM4
1
21
22
SIM5
SIM1
SIM2
SIM3
SIM4
1
21
22
SIM5
SIM1
SIM2
SIM3
SIM4
1
21
22
SIM5
SIM1
SIM2
SIM3
SIM4
1
21
22
SIM5
SIM1
SIM2
SIM3
SIM4
1
21
22
SIM5
SIM1
SIM2
SIM3
SIM4
1
21
22
SIM5
SIM1
SIM2
SIM3
SIM4
1
21
22
SIM5
SIM1
SIM2
SIM3
SIM4
1
21
22
SIM5
SIM1
SIM2
SIM3
SIM4
1
21
22
SIM5
SIM1
SIM2
SIM3
SIM4
1
21
22
SIM5
SIM1
SIM2
SIM3
SIM4
1
21
22
SIM5
SIM1
SIM2
SIM3
SIM4
1
21
22
SIM5
SIM1
SIM2
SIM3
SIM4
1
21
22
SIM5
SIM1
SIM2
SIM3
SIM4
1
21
22
SIM5
SIM1
SIM2
SIM3
SIM4
1
21
22
SIM5
SIM1
SIM2
SIM3
SIM4
1
21
22
SIM5
SIM1
SIM2
SIM3
SIM4
1
21
22
SIM5
SIM1
SIM2
SIM3
SIM4
1
21
22
SIM5
SIM1
SIM2
SIM3
SIM4
1
21
22
SIM5
SIM1
SIM2
SIM3
SIM4
1
21
22
SIM5
SIM1
SIM2
SIM3
SIM4
1
21
22
SIM5
SIM1
SIM2
SIM3
SIM4
1
21
22
SIM5
SIM1
SIM2
SIM3
SIM4
1
21
22
SIM5
SIM1
SIM2
DEBUG 1 244
SIM1
SIM2
SIM3
SIM4
1
21
22
SIM5
SIM1
SIM2
SIM3
SIM4
1
21
22
SIM5
SIM1
SIM2
SIM3
SIM4
1
21
22
SIM5
SIM1
SIM2
SIM3
SIM4
1
21
22
SIM5
SIM1
SIM2
SIM3
SIM4
1
21
22
SIM5
SIM1
SIM2
SIM3
SIM4
1
21
22
SIM5
SIM1
SIM2
SIM3
SIM4
1
21
22
SIM5
SIM1
SIM2
SIM3
SIM4
1
21
22
SIM5
SIM1
SIM2
SIM3
SIM4
1
21
22
SIM5
SIM1
SIM2
SIM3
SIM4
1
21
22
SIM5
SIM1
SIM2
SIM3
SIM4
1
21
22
SIM5
SIM1
SIM2
SIM3
SIM4
1
21
22
SIM5
SIM1
SIM2
SIM3
SIM4
1
21
22
SIM5
SIM1
SIM2
SIM3
SIM4
1
21
22
SIM5
SIM1
SIM2
SIM3
SIM4
1
21
22
SIM5
SIM1
SIM2
SIM3
SIM4
1
21
22
SIM5
SIM1
SIM2
SIM3
SIM4
1
21
22
SIM5
SIM1
SIM2
SIM3
SIM4
1
21
22
SIM5
SIM1
SIM2
SIM3
SIM4
1
21
22
SIM5
SIM1
SIM2
SIM3
SIM4
1
21
22
SIM5
SIM1
SIM2
SIM3
SIM4
1
21
22
SIM5
SIM1
SIM2
SIM3
SIM4
1
21
22
SIM5
SIM1
SIM2
SIM3
SIM4
1
21
22
SIM5
SIM1
SIM2
SIM3
SIM4
1
21
22
SIM5
SIM1
SIM2
SIM3
SIM4
1
21
22
SIM5
SIM1
SIM2
SIM3
SIM4
1
21
22
SIM5
SIM1
SIM2
SIM3
SIM4
1
21
22
SIM5
SIM1
SIM2
SIM3
SIM4
1
21
22
SIM5
SIM1
SIM2
SIM3
SIM4
1
21
22
SIM5
SIM1
SIM2
SIM3
SIM4
1
21
22
SIM5
SIM1
SIM2
SIM3
SIM4
1
21
22
SIM5
SIM1
SIM2
SIM3
SIM4
1
21
22
SIM5
SIM1
SIM2
SIM3
SIM4
1
21
22
SIM5
SIM1
SIM2
SIM3
SIM4
1
21
22
SIM5
SIM1
SIM2
SIM3
SIM4
1
21
22
SIM5
SIM1
SIM2
SIM3
SIM4
1
21
22
SIM5
SIM1
SIM2
SIM3
SIM4
1
21
22
SIM5
SIM1
SIM2
SIM3
SIM4
1
21
22
SIM5
SIM1
SIM2
SIM3
SIM4
1
21
22
SIM5
SIM1
SIM2
SIM3
SIM4
1
21
22
SIM5
SIM1
SIM2
SIM3
SIM4
1
21
22
SIM5
SIM1
SIM2
SIM3
SIM4
1
21
22
SIM5
SIM1
SIM2
SIM3
SIM4
1
21
22
SIM5
SIM1
SIM2
SIM3
SIM4
1
21
22
SIM5
SIM1
SIM2
SIM3
SIM4
1
21
22
SIM5
SIM1
SIM2
SIM3
SIM4
1
21
22
SIM5
SIM1
SIM2
SIM3
SIM4
1
21
22
SIM5
SIM1
SIM2
SIM3
SIM4
1
21
22
SIM5
SIM1
SIM2
SIM3
SIM4
1
21
22
SIM5
SIM1
SIM2
SIM3
SIM4
1
21
22
SIM5
SIM1
SIM2
SIM3
SIM4
1
21
22
SIM5
SIM1
SIM2
SIM3
SIM4
1
21
22
SIM5
SIM1
SIM2
SIM3
SIM4
1
21
22
SIM5
SIM1
SIM2
SIM3
SIM4
1
21
22
SIM5
SIM1
SIM2
SIM3
SIM4
1
21
22
SIM5
SIM1
SIM2
SIM3
SIM4
1
21
22
SIM5
SIM1
SIM2
SIM3
SIM4
1
21
22
SIM5
SIM1
SIM2
SIM3
SIM4
1
21
22
SIM5
SIM1
SIM2
SIM3
SIM4
1
21
22
SIM5
SIM1
SIM2
SIM3
SIM4
1
21
22
SIM5
SIM1
SIM2
SIM3
SIM4
1
21
22
SIM5
SIM1
SIM2
SIM3
SIM4
1
21
22
SIM5
SIM1
SIM2
SIM3
SIM4
1
21
22
SIM5
SIM1
SIM2
SIM3
SIM4
1
21
22
SIM5
SIM1
SIM2
SIM3
SIM4
1
21
22
SIM5
SIM1
SIM2
SIM3
SIM4
1
21
22
SIM5
SIM1
SIM2
SIM3
SIM4
1
21
22
SIM5
SIM1
SIM2
SIM3
SIM4
1
21
22
SIM5
SIM1
SIM2
SIM3
SIM4
1
21
22
SIM5
SIM1
SIM2
SIM3
SIM4
1
21
22
SIM5
SIM1
SIM2
SIM3
SIM4
1
21
22
SIM5
SIM1
SIM2
SIM3
SIM4
1
21
22
SIM5
SIM1
SIM2
SIM3
SIM4
1
21
22
SIM5
SIM1
SIM2
SIM3
SIM4
1
21
22
SIM5
SIM1
SIM2
SIM3
SIM4
1
21
22
SIM5
SIM1
SIM2
SIM3
SIM4
1
21
22
SIM5
SIM1
SIM2
SIM3
SIM4
1
21
22
SIM5
SIM1
SIM2
SIM3
SIM4
1
21
22
SIM5
SIM1
SIM2
SIM3
SIM4
1
21
22
SIM5
SIM1
SIM2
SIM3
SIM4
1
21
22
SIM5
SIM1
SIM2
SIM3
SIM4
1
21
22
SIM5
SIM1
SIM2
SIM3
SIM4
1
21
22
SIM5
SIM1
SIM2
SIM3
SIM4
1
21
22
SIM5
SIM1
SIM2
SIM3
SIM4
1
21
22
SIM5
SIM1
SIM2
SIM3
SIM4
1
21
22
SIM5
SIM1
SIM2
SIM3
SIM4
1
21
22
SIM5
SIM1
SIM2
SIM3
SIM4
1
21
22
SIM5
SIM1
SIM2
SIM3
SIM4
1
21
22
SIM5
SIM1
SIM2
SIM3
SIM4
1
21
22
SIM5
SIM1
SIM2
SIM3
SIM4
1
21
22
SIM5
SIM1
SIM2
SIM3
SIM4
1
21
22
SIM5
SIM1
SIM2
SIM3
SIM4
1
21
22
SIM5
SIM1
SIM2
SIM3
SIM4
1
21
22
SIM5
SIM1
SIM2
SIM3
SIM4
1
21
22
SIM5
SIM1
SIM2
SIM3
SIM4
1
21
22
SIM5
SIM1
SIM2
SIM3
SIM4
1
21
22
SIM5
SIM1
SIM2
SIM3
SIM4
1
21
22
SIM5
SIM1
SIM2
SIM3
SIM4
1
21
22
SIM5
SIM1
SIM2
SIM3
SIM4
1
21
22
SIM5
SIM1
SIM2
SIM3
SIM4
1
21
22
SIM5
SIM1
SIM2
SIM3
SIM4
1
21
22
SIM5
SIM1
SIM2
SIM3
SIM4
1
21
22
SIM5
SIM1
SIM2
SIM3
SIM4
1
21
22
SIM5
SIM1
SIM2
SIM3
SIM4
1
21
22
SIM5
SIM1
SIM2
SIM3
SIM4
1
21
22
SIM5
SIM1
SIM2
SIM3
SIM4
1
21
22
SIM5
SIM1
SIM2
SIM3
SIM4
1
21
22
SIM5
SIM1
SIM2
SIM3
SIM4
1
21
22
SIM5
SIM1
SIM2
SIM3
SIM4
1
21
22
SIM5
SIM1
SIM2
SIM3
SIM4
1
21
22
SIM5
SIM1
SIM2
SIM3
SIM4
1
21
22
SIM5
SIM1
SIM2
SIM3
SIM4
1
21
22
SIM5
SIM1
SIM2
SIM3
SIM4
1
21
22
SIM5
SIM1
SIM2
SIM3
SIM4
1
21
22
SIM5
SIM1
SIM2
SIM3
SIM4
1
21
22
SIM5
SIM1
SIM2
SIM3
SIM4
1
21
22
SIM5
SIM1
SIM2
SIM3
SIM4
1
21
22
SIM5
SIM1
SIM2
SIM3
SIM4
1
21
22
SIM5
SIM1
SIM2
SIM3
SIM4
1
21
22
SIM5
SIM1
SIM2
SIM3
SIM4
1
21
22
SIM5
SIM1
SIM2
SIM3
SIM4
1
21
22
SIM5
SIM1
SIM2
SIM3
SIM4
1
21
22
SIM5
SIM1
SIM2
SIM3
SIM4
1
21
22
SIM5
SIM1
SIM2
SIM3
SIM4
1
21
22
SIM5
SIM1
SIM2
SIM3
SIM4
1
21
22
SIM5
SIM1
SIM2
SIM3
SIM4
1
21
22
SIM5
SIM1
SIM2
SIM3
SIM4
1
21
22
SIM5
SIM1
SIM2
SIM3
SIM4
1
21
22
SIM5
SIM1
SIM2
SIM3
SIM4
1
21
22
SIM5
SIM1
SIM2
SIM3
SIM4
1
21
22
SIM5
SIM1
SIM2
SIM3
SIM4
1
21
22
SIM5
SIM1
SIM2
SIM3
SIM4
1
21
22
SIM5
SIM1
SIM2
SIM3
SIM4
1
21
22
SIM5
SIM1
SIM2
SIM3
SIM4
1
21
22
SIM5
SIM1
SIM2
SIM3
SIM4
1
21
22
SIM5
SIM1
SIM2
SIM3
SIM4
1
21
22
SIM5
SIM1
SIM2
SIM3
SIM4
1
21
22
SIM5
SIM1
SIM2
SIM3
SIM4
1
21
22
SIM5
SIM1
SIM2
SIM3
SIM4
1
21
22
SIM5
SIM1
SIM2
SIM3
SIM4
1
21
22
SIM5
SIM1
SIM2
SIM3
SIM4
1
21
22
SIM5
SIM1
SIM2
SIM3
SIM4
1
21
22
SIM5
SIM1
SIM2
SIM3
SIM4
1
21
22
SIM5
SIM1
SIM2
SIM3
SIM4
1
21
22
SIM5
SIM1
SIM2
SIM3
SIM4
1
21
22
SIM5
SIM1
SIM2
SIM3
SIM4
1
21
22
SIM5
SIM1
SIM2
DEBUG 1 245
SIM1
SIM2
SIM3
SIM4
1
21
22
SIM5
SIM1
SIM2
SIM3
SIM4
1
21
22
SIM5
SIM1
SIM2
SIM3
SIM4
1
21
22
SIM5
SIM1
SIM2
SIM3
SIM4
1
21
22
SIM5
SIM1
SIM2
SIM3
SIM4
1
21
22
SIM5
SIM1
SIM2
SIM3
SIM4
1
21
22
SIM5
SIM1
SIM2
SIM3
SIM4
1
21
22
SIM5
SIM1
SIM2
SIM3
SIM4
1
21
22
SIM5
SIM1
SIM2
SIM3
SIM4
1
21
22
SIM5
SIM1
SIM2
SIM3
SIM4
1
21
22
SIM5
SIM1
SIM2
SIM3
SIM4
1
21
22
SIM5
SIM1
SIM2
SIM3
SIM4
1
21
22
SIM5
SIM1
SIM2
SIM3
SIM4
1
21
22
SIM5
SIM1
SIM2
SIM3
SIM4
1
21
22
SIM5
SIM1
SIM2
SIM3
SIM4
1
21
22
SIM5
SIM1
SIM2
SIM3
SIM4
1
21
22
SIM5
SIM1
SIM2
SIM3
SIM4
1
21
22
SIM5
SIM1
SIM2
SIM3
SIM4
1
21
22
SIM5
SIM1
SIM2
SIM3
SIM4
1
21
22
SIM5
SIM1
SIM2
SIM3
SIM4
1
21
22
SIM5
SIM1
SIM2
SIM3
SIM4
1
21
22
SIM5
SIM1
SIM2
SIM3
SIM4
1
21
22
SIM5
SIM1
SIM2
SIM3
SIM4
1
21
22
SIM5
SIM1
SIM2
SIM3
SIM4
1
21
22
SIM5
SIM1
SIM2
SIM3
SIM4
1
21
22
SIM5
SIM1
SIM2
SIM3
SIM4
1
21
22
SIM5
SIM1
SIM2
SIM3
SIM4
1
21
22
SIM5
SIM1
SIM2
SIM3
SIM4
1
21
22
SIM5
SIM1
SIM2
SIM3
SIM4
1
21
22
SIM5
SIM1
SIM2
SIM3
SIM4
1
21
22
SIM5
SIM1
SIM2
SIM3
SIM4
1
21
22
SIM5
SIM1
SIM2
SIM3
SIM4
1
21
22
SIM5
SIM1
SIM2
SIM3
SIM4
1
21
22
SIM5
SIM1
SIM2
SIM3
SIM4
1
21
22
SIM5
SIM1
SIM2
SIM3
SIM4
1
21
22
SIM5
SIM1
SIM2
SIM3
SIM4
1
21
22
SIM5
SIM1
SIM2
SIM3
SIM4
1
21
22
SIM5
SIM1
SIM2
SIM3
SIM4
1
21
22
SIM5
SIM1
SIM2
SIM3
SIM4
1
21
22
SIM5
SIM1
SIM2
SIM3
SIM4
1
21
22
SIM5
SIM1
SIM2
SIM3
SIM4
1
21
22
SIM5
SIM1
SIM2
SIM3
SIM4
1
21
22
SIM5
SIM1
SIM2
SIM3
SIM4
1
21
22
SIM5
SIM1
SIM2
SIM3
SIM4
1
21
22
SIM5
SIM1
SIM2
SIM3
SIM4
1
21
22
SIM5
SIM1
SIM2
SIM3
SIM4
1
21
22
SIM5
SIM1
SIM2
SIM3
SIM4
1
21
22
SIM5
SIM1
SIM2
SIM3
SIM4
1
21
22
SIM5
SIM1
SIM2
SIM3
SIM4
1
21
22
SIM5
SIM1
SIM2
SIM3
SIM4
1
21
22
SIM5
SIM1
SIM2
SIM3
SIM4
1
21
22
SIM5
SIM1
SIM2
SIM3
SIM4
1
21
22
SIM5
SIM1
SIM2
SIM3
SIM4
1
21
22
SIM5
SIM1
SIM2
SIM3
SIM4
1
21
22
SIM5
SIM1
SIM2
SIM3
SIM4
1
21
22
SIM5
SIM1
SIM2
SIM3
SIM4
1
21
22
SIM5
SIM1
SIM2
SIM3
SIM4
1
21
22
SIM5
SIM1
SIM2
SIM3
SIM4
1
21
22
SIM5
SIM1
SIM2
SIM3
SIM4
1
21
22
SIM5
SIM1
SIM2
SIM3
SIM4
1
21
22
SIM5
SIM1
SIM2
SIM3
SIM4
1
21
22
SIM5
SIM1
SIM2
SIM3
SIM4
1
21
22
SIM5
SIM1
SIM2
SIM3
SIM4
1
21
22
SIM5
SIM1
SIM2
SIM3
SIM4
1
21
22
SIM5
SIM1
SIM2
SIM3
SIM4
1
21
22
SIM5
SIM1
SIM2
SIM3
SIM4
1
21
22
SIM5
SIM1
SIM2
SIM3
SIM4
1
21
22
SIM5
SIM1
SIM2
SIM3
SIM4
1
21
22
SIM5
SIM1
SIM2
SIM3
SIM4
1
21
22
SIM5
SIM1
SIM2
SIM3
SIM4
1
21
22
SIM5
SIM1
SIM2
SIM3
SIM4
1
21
22
SIM5
SIM1
SIM2
SIM3
SIM4
1
21
22
SIM5
SIM1
SIM2
SIM3
SIM4
1
21
22
SIM5
SIM1
SIM2
SIM3
SIM4
1
21
22
SIM5
SIM1
SIM2
SIM3
SIM4
1
21
22
SIM5
SIM1
SIM2
SIM3
SIM4
1
21
22
SIM5
SIM1
SIM2
SIM3
SIM4
1
21
22
SIM5
SIM1
SIM2
SIM3
SIM4
1
21
22
SIM5
SIM1
SIM2
SIM3
SIM4
1
21
22
SIM5
SIM1
SIM2
SIM3
SIM4
1
21
22
SIM5
SIM1
SIM2
SIM3
SIM4
1
21
22
SIM5
SIM1
SIM2
SIM3
SIM4
1
21
22
SIM5
SIM1
SIM2
SIM3
SIM4
1
21
22
SIM5
SIM1
SIM2
SIM3
SIM4
1
21
22
SIM5
SIM1
SIM2
SIM3
SIM4
1
21
22
SIM5
SIM1
SIM2
SIM3
SIM4
1
21
22
SIM5
SIM1
SIM2
SIM3
SIM4
1
21
22
SIM5
SIM1
SIM2
SIM3
SIM4
1
21
22
SIM5
SIM1
SIM2
SIM3
SIM4
1
21
22
SIM5
SIM1
SIM2
SIM3
SIM4
1
21
22
SIM5
SIM1
SIM2
SIM3
SIM4
1
21
22
SIM5
SIM1
SIM2
SIM3
SIM4
1
21
22
SIM5
SIM1
SIM2
SIM3
SIM4
1
21
22
SIM5
SIM1
SIM2
SIM3
SIM4
1
21
22
SIM5
SIM1
SIM2
SIM3
SIM4
1
21
22
SIM5
SIM1
SIM2
SIM3
SIM4
1
21
22
SIM5
SIM1
SIM2
SIM3
SIM4
1
21
22
SIM5
SIM1
SIM2
SIM3
SIM4
1
21
22
SIM5
SIM1
SIM2
SIM3
SIM4
1
21
22
SIM5
SIM1
SIM2
SIM3
SIM4
1
21
22
SIM5
SIM1
SIM2
SIM3
SIM4
1
21
22
SIM5
SIM1
SIM2
SIM3
SIM4
1
21
22
SIM5
SIM1
SIM2
SIM3
SIM4
1
21
22
SIM5
SIM1
SIM2
SIM3
SIM4
1
21
22
SIM5
SIM1
SIM2
SIM3
SIM4
1
21
22
SIM5
SIM1
SIM2
SIM3
SIM4
1
21
22
SIM5
SIM1
SIM2
SIM3
SIM4
1
21
22
SIM5
SIM1
SIM2
SIM3
SIM4
1
21
22
SIM5
SIM1
SIM2
SIM3
SIM4
1
21
22
SIM5
SIM1
SIM2
SIM3
SIM4
1
21
22
SIM5
SIM1
SIM2
SIM3
SIM4
1
21
22
SIM5
SIM1
SIM2
SIM3
SIM4
1
21
22
SIM5
SIM1
SIM2
SIM3
SIM4
1
21
22
SIM5
SIM1
SIM2
SIM3
SIM4
1
21
22
SIM5
SIM1
SIM2
SIM3
SIM4
1
21
22
SIM5
SIM1
SIM2
SIM3
SIM4
1
21
22
SIM5
SIM1
SIM2
SIM3
SIM4
1
21
22
SIM5
SIM1
SIM2
SIM3
SIM4
1
21
22
SIM5
SIM1
SIM2
SIM3
SIM4
1
21
22
SIM5
SIM1
SIM2
SIM3
SIM4
1
21
22
SIM5
SIM1
SIM2
SIM3
SIM4
1
21
22
SIM5
SIM1
SIM2
SIM3
SIM4
1
21
22
SIM5
SIM1
SIM2
SIM3
SIM4
1
21
22
SIM5
SIM1
SIM2
SIM3
SIM4
1
21
22
SIM5
SIM1
SIM2
SIM3
SIM4
1
21
22
SIM5
SIM1
SIM2
SIM3
SIM4
1
21
22
SIM5
SIM1
SIM2
SIM3
SIM4
1
21
22
SIM5
SIM1
SIM2
SIM3
SIM4
1
21
22
SIM5
SIM1
SIM2
SIM3
SIM4
1
21
22
SIM5
SIM1
SIM2
SIM3
SIM4
1
21
22
SIM5
SIM1
SIM2
SIM3
SIM4
1
21
22
SIM5
SIM1
SIM2
SIM3
SIM4
1
21
22
SIM5
SIM1
SIM2
SIM3
SIM4
1
21
22
SIM5
SIM1
SIM2
SIM3
SIM4
1
21
22
SIM5
SIM1
SIM2
SIM3
SIM4
1
21
22
SIM5
SIM1
SIM2
SIM3
SIM4
1
21
22
SIM5
SIM1
SIM2
SIM3
SIM4
1
21
22
SIM5
SIM1
SIM2
SIM3
SIM4
1
21
22
SIM5
SIM1
SIM2
SIM3
SIM4
1
21
22
SIM5
SIM1
SIM2
SIM3
SIM4
1
21
22
SIM5
SIM1
SIM2
SIM3
SIM4
1
21
22
SIM5
SIM1
SIM2
SIM3
SIM4
1
21
22
SIM5
SIM1
SIM2
SIM3
SIM4
1
21
22
SIM5
SIM1
SIM2
SIM3
SIM4
1
21
22
SIM5
SIM1
SIM2
SIM3
SIM4
1
21
22
SIM5
SIM1
SIM2
SIM3
SIM4
1
21
22
SIM5
SIM1
SIM2
SIM3
SIM4
1
21
22
SIM5
SIM1
SIM2
SIM3
SIM4
1
21
22
SIM5
SIM1
SIM2
SIM3
SIM4
1
21
22
SIM5
SIM1
SIM2
SIM3
SIM4
1
21
22
SIM5
SIM1
SIM2
SIM3
SIM4
1
21
22
SIM5
SIM1
SIM2
SIM3
SIM4
1
21
22
SIM5
SIM1
SIM2
SIM3
SIM4
1
21
22
SIM5
SIM1
SIM2
SIM3
SIM4
1
21
22
SIM5
SIM1
SIM2
SIM3
SIM4
1
21
22
SIM5
SIM1
SIM2
SIM3
SIM4
1
21
22
SIM5
SIM1
SIM2
SIM3
SIM4
1
21
22
SIM5
SIM1
SIM2
SIM3
SIM4
1
21
22
SIM5
SIM1
SIM2
SIM3
SIM4
1
21
22
SIM5
SIM1
SIM2
SIM3
SIM4
1
21
22
SIM5
SIM1
SIM2
SIM3
SIM4
1
21
22
SIM5
SIM1
SIM2
SIM3
SIM4
1
21
22
SIM5
SIM1
SIM2
SIM3
SIM4
1
21
22
SIM5
SIM1
SIM2
SIM3
SIM4
1
21
22
SIM5
SIM1
SIM2
SIM3
SIM4
1
21
22
SIM5
SIM1
SIM2
DEBUG 1 246
SIM1
SIM2
SIM3
SIM4
1
21
22
SIM5
SIM1
SIM2
SIM3
SIM4
1
21
22
SIM5
SIM1
SIM2
SIM3
SIM4
1
21
22
SIM5
SIM1
SIM2
SIM3
SIM4
1
21
22
SIM5
SIM1
SIM2
SIM3
SIM4
1
21
22
SIM5
SIM1
SIM2
SIM3
SIM4
1
21
22
SIM5
SIM1
SIM2
SIM3
SIM4
1
21
22
SIM5
SIM1
SIM2
SIM3
SIM4
1
21
22
SIM5
SIM1
SIM2
SIM3
SIM4
1
21
22
SIM5
SIM1
SIM2
SIM3
SIM4
1
21
22
SIM5
SIM1
SIM2
SIM3
SIM4
1
21
22
SIM5
SIM1
SIM2
SIM3
SIM4
1
21
22
SIM5
SIM1
SIM2
SIM3
SIM4
1
21
22
SIM5
SIM1
SIM2
SIM3
SIM4
1
21
22
SIM5
SIM1
SIM2
SIM3
SIM4
1
21
22
SIM5
SIM1
SIM2
SIM3
SIM4
1
21
22
SIM5
SIM1
SIM2
SIM3
SIM4
1
21
22
SIM5
SIM1
SIM2
SIM3
SIM4
1
21
22
SIM5
SIM1
SIM2
SIM3
SIM4
1
21
22
SIM5
SIM1
SIM2
SIM3
SIM4
1
21
22
SIM5
SIM1
SIM2
SIM3
SIM4
1
21
22
SIM5
SIM1
SIM2
SIM3
SIM4
1
21
22
SIM5
SIM1
SIM2
SIM3
SIM4
1
21
22
SIM5
SIM1
SIM2
SIM3
SIM4
1
21
22
SIM5
SIM1
SIM2
SIM3
SIM4
1
21
22
SIM5
SIM1
SIM2
SIM3
SIM4
1
21
22
SIM5
SIM1
SIM2
SIM3
SIM4
1
21
22
SIM5
SIM1
SIM2
SIM3
SIM4
1
21
22
SIM5
SIM1
SIM2
SIM3
SIM4
1
21
22
SIM5
SIM1
SIM2
SIM3
SIM4
1
21
22
SIM5
SIM1
SIM2
SIM3
SIM4
1
21
22
SIM5
SIM1
SIM2
SIM3
SIM4
1
21
22
SIM5
SIM1
SIM2
SIM3
SIM4
1
21
22
SIM5
SIM1
SIM2
SIM3
SIM4
1
21
22
SIM5
SIM1
SIM2
SIM3
SIM4
1
21
22
SIM5
SIM1
SIM2
SIM3
SIM4
1
21
22
SIM5
SIM1
SIM2
SIM3
SIM4
1
21
22
SIM5
SIM1
SIM2
SIM3
SIM4
1
21
22
SIM5
SIM1
SIM2
SIM3
SIM4
1
21
22
SIM5
SIM1
SIM2
SIM3
SIM4
1
21
22
SIM5
SIM1
SIM2
SIM3
SIM4
1
21
22
SIM5
SIM1
SIM2
SIM3
SIM4
1
21
22
SIM5
SIM1
SIM2
SIM3
SIM4
1
21
22
SIM5
SIM1
SIM2
SIM3
SIM4
1
21
22
SIM5
SIM1
SIM2
SIM3
SIM4
1
21
22
SIM5
SIM1
SIM2
SIM3
SIM4
1
21
22
SIM5
SIM1
SIM2
SIM3
SIM4
1
21
22
SIM5
SIM1
SIM2
SIM3
SIM4
1
21
22
SIM5
SIM1
SIM2
SIM3
SIM4
1
21
22
SIM5
SIM1
SIM2
SIM3
SIM4
1
21
22
SIM5
SIM1
SIM2
SIM3
SIM4
1
21
22
SIM5
SIM1
SIM2
SIM3
SIM4
1
21
22
SIM5
SIM1
SIM2
SIM3
SIM4
1
21
22
SIM5
SIM1
SIM2
SIM3
SIM4
1
21
22
SIM5
SIM1
SIM2
SIM3
SIM4
1
21
22
SIM5
SIM1
SIM2
SIM3
SIM4
1
21
22
SIM5
SIM1
SIM2
SIM3
SIM4
1
21
22
SIM5
SIM1
SIM2
SIM3
SIM4
1
21
22
SIM5
SIM1
SIM2
SIM3
SIM4
1
21
22
SIM5
SIM1
SIM2
SIM3
SIM4
1
21
22
SIM5
SIM1
SIM2
SIM3
SIM4
1
21
22
SIM5
SIM1
SIM2
SIM3
SIM4
1
21
22
SIM5
SIM1
SIM2
SIM3
SIM4
1
21
22
SIM5
SIM1
SIM2
SIM3
SIM4
1
21
22
SIM5
SIM1
SIM2
SIM3
SIM4
1
21
22
SIM5
SIM1
SIM2
SIM3
SIM4
1
21
22
SIM5
SIM1
SIM2
SIM3
SIM4
1
21
22
SIM5
SIM1
SIM2
SIM3
SIM4
1
21
22
SIM5
SIM1
SIM2
SIM3
SIM4
1
21
22
SIM5
SIM1
SIM2
SIM3
SIM4
1
21
22
SIM5
SIM1
SIM2
SIM3
SIM4
1
21
22
SIM5
SIM1
SIM2
SIM3
SIM4
1
21
22
SIM5
SIM1
SIM2
SIM3
SIM4
1
21
22
SIM5
SIM1
SIM2
SIM3
SIM4
1
21
22
SIM5
SIM1
SIM2
SIM3
SIM4
1
21
22
SIM5
SIM1
SIM2
SIM3
SIM4
1
21
22
SIM5
SIM1
SIM2
SIM3
SIM4
1
21
22
SIM5
SIM1
SIM2
SIM3
SIM4
1
21
22
SIM5
SIM1
SIM2
SIM3
SIM4
1
21
22
SIM5
SIM1
SIM2
SIM3
SIM4
1
21
22
SIM5
SIM1
SIM2
SIM3
SIM4
1
21
22
SIM5
SIM1
SIM2
SIM3
SIM4
1
21
22
SIM5
SIM1
SIM2
SIM3
SIM4
1
21
22
SIM5
SIM1
SIM2
SIM3
SIM4
1
21
22
SIM5
SIM1
SIM2
SIM3
SIM4
1
21
22
SIM5
SIM1
SIM2
SIM3
SIM4
1
21
22
SIM5
SIM1
SIM2
SIM3
SIM4
1
21
22
SIM5
SIM1
SIM2
SIM3
SIM4
1
21
22
SIM5
SIM1
SIM2
SIM3
SIM4
1
21
22
SIM5
SIM1
SIM2
SIM3
SIM4
1
21
22
SIM5
SIM1
SIM2
SIM3
SIM4
1
21
22
SIM5
SIM1
SIM2
SIM3
SIM4
1
21
22
SIM5
SIM1
SIM2
SIM3
SIM4
1
21
22
SIM5
SIM1
SIM2
SIM3
SIM4
1
21
22
SIM5
SIM1
SIM2
SIM3
SIM4
1
21
22
SIM5
SIM1
SIM2
SIM3
SIM4
1
21
22
SIM5
SIM1
SIM2
SIM3
SIM4
1
21
22
SIM5
SIM1
SIM2
SIM3
SIM4
1
21
22
SIM5
SIM1
SIM2
SIM3
SIM4
1
21
22
SIM5
SIM1
SIM2
SIM3
SIM4
1
21
22
SIM5
SIM1
SIM2
SIM3
SIM4
1
21
22
SIM5
SIM1
SIM2
SIM3
SIM4
1
21
22
SIM5
SIM1
SIM2
SIM3
SIM4
1
21
22
SIM5
SIM1
SIM2
SIM3
SIM4
1
21
22
SIM5
SIM1
SIM2
SIM3
SIM4
1
21
22
SIM5
SIM1
SIM2
SIM3
SIM4
1
21
22
SIM5
SIM1
SIM2
SIM3
SIM4
1
21
22
SIM5
SIM1
SIM2
SIM3
SIM4
1
21
22
SIM5
SIM1
SIM2
SIM3
SIM4
1
21
22
SIM5
SIM1
SIM2
SIM3
SIM4
1
21
22
SIM5
SIM1
SIM2
SIM3
SIM4
1
21
22
SIM5
SIM1
SIM2
SIM3
SIM4
1
21
22
SIM5
SIM1
SIM2
SIM3
SIM4
1
21
22
SIM5
SIM1
SIM2
SIM3
SIM4
1
21
22
SIM5
SIM1
SIM2
SIM3
SIM4
1
21
22
SIM5
SIM1
SIM2
SIM3
SIM4
1
21
22
SIM5
SIM1
SIM2
SIM3
SIM4
1
21
22
SIM5
SIM1
SIM2
SIM3
SIM4
1
21
22
SIM5
SIM1
SIM2
SIM3
SIM4
1
21
22
SIM5
SIM1
SIM2
SIM3
SIM4
1
21
22
SIM5
SIM1
SIM2
SIM3
SIM4
1
21
22
SIM5
SIM1
SIM2
SIM3
SIM4
1
21
22
SIM5
SIM1
SIM2
SIM3
SIM4
1
21
22
SIM5
SIM1
SIM2
SIM3
SIM4
1
21
22
SIM5
SIM1
SIM2
SIM3
SIM4
1
21
22
SIM5
SIM1
SIM2
SIM3
SIM4
1
21
22
SIM5
SIM1
SIM2
SIM3
SIM4
1
21
22
SIM5
SIM1
SIM2
SIM3
SIM4
1
21
22
SIM5
SIM1
SIM2
SIM3
SIM4
1
21
22
SIM5
SIM1
SIM2
SIM3
SIM4
1
21
22
SIM5
SIM1
SIM2
SIM3
SIM4
1
21
22
SIM5
SIM1
SIM2
SIM3
SIM4
1
21
22
SIM5
SIM1
SIM2
SIM3
SIM4
1
21
22
SIM5
SIM1
SIM2
SIM3
SIM4
1
21
22
SIM5
SIM1
SIM2
SIM3
SIM4
1
21
22
SIM5
SIM1
SIM2
SIM3
SIM4
1
21
22
SIM5
SIM1
SIM2
SIM3
SIM4
1
21
22
SIM5
SIM1
SIM2
SIM3
SIM4
1
21
22
SIM5
SIM1
SIM2
SIM3
SIM4
1
21
22
SIM5
SIM1
SIM2
SIM3
SIM4
1
21
22
SIM5
SIM1
SIM2
SIM3
SIM4
1
21
22
SIM5
SIM1
SIM2
SIM3
SIM4
1
21
22
SIM5
SIM1
SIM2
SIM3
SIM4
1
21
22
SIM5
SIM1
SIM2
SIM3
SIM4
1
21
22
SIM5
SIM1
SIM2
SIM3
SIM4
1
21
22
SIM5
SIM1
SIM2
SIM3
SIM4
1
21
22
SIM5
SIM1
SIM2
SIM3
SIM4
1
21
22
SIM5
SIM1
SIM2
SIM3
SIM4
1
21
22
SIM5
SIM1
SIM2
SIM3
SIM4
1
21
22
SIM5
SIM1
SIM2
SIM3
SIM4
1
21
22
SIM5
SIM1
SIM2
SIM3
SIM4
1
21
22
SIM5
SIM1
SIM2
SIM3
SIM4
1
21
22
SIM5
SIM1
SIM2
SIM3
SIM4
1
21
22
SIM5
SIM1
SIM2
SIM3
SIM4
1
21
22
SIM5
SIM1
SIM2
SIM3
SIM4
1
21
22
SIM5
SIM1
SIM2
SIM3
SIM4
1
21
22
SIM5
SIM1
SIM2
SIM3
SIM4
1
21
22
SIM5
SIM1
SIM2
SIM3
SIM4
1
21
22
SIM5
SIM1
SIM2
SIM3
SIM4
1
21
22
SIM5
SIM1
SIM2
SIM3
SIM4
1
21
22
SIM5
SIM1
SIM2
SIM3
SIM4
1
21
22
SIM5
SIM1
SIM2
SIM3
SIM4
1
21
22
SIM5
SIM1
SIM2
SIM3
SIM4
1
21
22
SIM5
SIM1
SIM2
SIM3
SIM4
1
21
22
SIM5
SIM1
SIM2
SIM3
SIM4
1
21
22
SIM5
SIM1
SIM2
SIM3
SIM4
1
21
22
SIM5
SIM1
SIM2
SIM3
SIM4
1
21
22
SIM5
SIM1
SIM2
SIM3
SIM4
1
21
22
SIM5
SIM1
SIM2
SIM3
SIM4
1
21
22
SIM5
SIM1
SIM2
SIM3
SIM4
1
21
22
SIM5
SIM1
SIM2
SIM3
SIM4
1
21
22
SIM5
SIM1
SIM2
SIM3
SIM4
1
21
22
SIM5
SIM1
SIM2
SIM3
SIM4
1
21
22
SIM5
SIM1
SIM2
SIM3
SIM4
1
21
22
SIM5
SIM1
SIM2
SIM3
SIM4
1
21
22
SIM5
SIM1
SIM2
SIM3
SIM4
1
21
22
SIM5
SIM1
SIM2
SIM3
SIM4
1
21
22
SIM5
SIM1
SIM2
SIM3
SIM4
1
21
22
SIM5
SIM1
SIM2
SIM3
SIM4
1
21
22
SIM5
SIM1
SIM2
SIM3
SIM4
1
21
22
SIM5
SIM1
SIM2
SIM3
SIM4
1
21
22
SIM5
SIM1
SIM2
SIM3
SIM4
1
21
22
SIM5
SIM1
SIM2
SIM3
SIM4
1
21
22
SIM5
SIM1
SIM2
SIM3
SIM4
1
21
22
SIM5
SIM1
SIM2
SIM3
SIM4
1
21
22
SIM5
SIM1
SIM2
SIM3
SIM4
1
21
22
SIM5
SIM1
SIM2
SIM3
SIM4
1
21
22
SIM5
SIM1
SIM2
SIM3
SIM4
1
21
22
SIM5
SIM1
SIM2
SIM3
SIM4
1
21
22
SIM5
SIM1
SIM2
SIM3
SIM4
1
21
22
SIM5
SIM1
SIM2
SIM3
SIM4
1
21
22
SIM5
SIM1
SIM2
SIM3
SIM4
1
21
22
SIM5
SIM1
SIM2
SIM3
SIM4
1
21
22
SIM5
SIM1
SIM2
SIM3
SIM4
1
21
22
SIM5
SIM1
SIM2
SIM3
SIM4
1
21
22
SIM5
SIM1
SIM2
SIM3
SIM4
1
21
22
SIM5
SIM1
SIM2
SIM3
SIM4
1
21
22
SIM5
SIM1
SIM2
SIM3
SIM4
1
21
22
SIM5
SIM1
SIM2
SIM3
SIM4
1
21
22
SIM5
SIM1
SIM2
SIM3
SIM4
1
21
22
SIM5
SIM1
SIM2
SIM3
SIM4
1
21
22
SIM5
SIM1
SIM2
SIM3
SIM4
1
21
22
SIM5
SIM1
SIM2
SIM3
SIM4
1
21
22
SIM5
SIM1
SIM2
SIM3
SIM4
1
21
22
SIM5
SIM1
SIM2
SIM3
SIM4
1
21
22
SIM5
SIM1
SIM2
SIM3
SIM4
1
21
22
SIM5
SIM1
SIM2
SIM3
SIM4
1
21
22
SIM5
SIM1
SIM2
SIM3
SIM4
1
21
22
SIM5
SIM1
SIM2
SIM3
SIM4
1
21
22
SIM5
SIM1
SIM2
SIM3
SIM4
1
21
22
SIM5
SIM1
SIM2
SIM3
SIM4
1
21
22
SIM5
SIM1
SIM2
SIM3
SIM4
1
21
22
SIM5
SIM1
SIM2
SIM3
SIM4
1
21
22
SIM5
SIM1
SIM2
SIM3
SIM4
1
21
22
SIM5
SIM1
SIM2
SIM3
SIM4
1
21
22
SIM5
SIM1
SIM2
SIM3
SIM4
1
21
22
SIM5
SIM1
SIM2
SIM3
SIM4
1
21
22
SIM5
SIM1
SIM2
SIM3
SIM4
1
21
22
SIM5
SIM1
SIM2
SIM3
SIM4
1
21
22
SIM5
SIM1
SIM2
SIM3
SIM4
1
21
22
SIM5
SIM1
SIM2
SIM3
SIM4
1
21
22
SIM5
SIM1
SIM2
SIM3
SIM4
1
21
22
SIM5
SIM1
SIM2
SIM3
SIM4
1
21
22
SIM5
SIM1
SIM2
SIM3
SIM4
1
21
22
SIM5
SIM1
SIM2
SIM3
SIM4
1
21
22
SIM5
SIM1
SIM2
SIM3
SIM4
1
21
22
SIM5
SIM1
SIM2
SIM3
SIM4
1
21
22
SIM5
SIM1
SIM2
SIM3
SIM4
1
21
22
SIM5
SIM1
SIM2
SIM3
SIM4
1
21
22
SIM5
SIM1
SIM2
SIM3
SIM4
1
21
22
SIM5
SIM1
SIM2
SIM3
SIM4
1
21
22
SIM5
SIM1
SIM2
SIM3
SIM4
1
21
22
SIM5
SIM1
SIM2
SIM3
SIM4
1
21
22
SIM5
SIM1
SIM2
SIM3
SIM4
1
21
22
SIM5
SIM1
SIM2
SIM3
SIM4
1
21
22
SIM5
SIM1
SIM2
SIM3
SIM4
1
21
22
SIM5
SIM1
SIM2
SIM3
SIM4
1
21
22
SIM5
SIM1
SIM2
SIM3
SIM4
1
21
22
SIM5
SIM1
SIM2
SIM3
SIM4
1
21
22
SIM5
SIM1
SIM2
SIM3
SIM4
1
21
22
SIM5
SIM1
SIM2
SIM3
SIM4
1
21
22
SIM5
SIM1
SIM2
SIM3
SIM4
1
21
22
SIM5
SIM1
SIM2
SIM3
SIM4
1
21
22
SIM5
SIM1
SIM2
SIM3
SIM4
1
21
22
SIM5
SIM1
SIM2
SIM3
SIM4
1
21
22
SIM5
SIM1
SIM2
SIM3
SIM4
1
21
22
SIM5
SIM1
SIM2
SIM3
SIM4
1
21
22
SIM5
SIM1
SIM2
SIM3
SIM4
1
21
22
SIM5
SIM1
SIM2
SIM3
SIM4
1
21
22
SIM5
SIM1
SIM2
SIM3
SIM4
1
21
22
SIM5
SIM1
SIM2
SIM3
SIM4
1
21
22
SIM5
SIM1
SIM2
SIM3
SIM4
1
21
22
SIM5
SIM1
SIM2
SIM3
SIM4
1
21
22
SIM5
SIM1
SIM2
SIM3
SIM4
1
21
22
SIM5
SIM1
SIM2
SIM3
SIM4
1
21
22
SIM5
SIM1
SIM2
SIM3
SIM4
1
21
22
SIM5
SIM1
SIM2
SIM3
SIM4
1
21
22
SIM5
SIM1
SIM2
SIM3
SIM4
1
21
22
SIM5
SIM1
SIM2
SIM3
SIM4
1
21
22
SIM5
SIM1
SIM2
SIM3
SIM4
1
21
22
SIM5
SIM1
SIM2
SIM3
SIM4
1
21
22
SIM5
SIM1
SIM2
SIM3
SIM4
1
21
22
SIM5
SIM1
SIM2
SIM3
SIM4
1
21
22
SIM5
SIM1
SIM2
SIM3
SIM4
1
21
22
SIM5
SIM1
SIM2
SIM3
SIM4
1
21
22
SIM5
SIM1
SIM2
SIM3
SIM4
1
21
22
SIM5
SIM1
SIM2
SIM3
SIM4
1
21
22
SIM5
SIM1
SIM2
SIM3
SIM4
1
21
22
SIM5
SIM1
SIM2
SIM3
SIM4
1
21
22
SIM5
SIM1
SIM2
SIM3
SIM4
1
21
22
SIM5
SIM1
SIM2
SIM3
SIM4
1
21
22
SIM5
SIM1
SIM2
DEBUG 1 247
SIM1
SIM2
SIM3
SIM4
1
21
22
SIM5
SIM1
SIM2
SIM3
SIM4
1
21
22
SIM5
SIM1
SIM2
SIM3
SIM4
1
21
22
SIM5
SIM1
SIM2
SIM3
SIM4
1
21
22
SIM5
SIM1
SIM2
SIM3
SIM4
1
21
22
SIM5
SIM1
SIM2
SIM3
SIM4
1
21
22
SIM5
SIM1
SIM2
SIM3
SIM4
1
21
22
SIM5
SIM1
SIM2
SIM3
SIM4
1
21
22
SIM5
SIM1
SIM2
SIM3
SIM4
1
21
22
SIM5
SIM1
SIM2
SIM3
SIM4
1
21
22
SIM5
SIM1
SIM2
SIM3
SIM4
1
21
22
SIM5
SIM1
SIM2
SIM3
SIM4
1
21
22
SIM5
SIM1
SIM2
SIM3
SIM4
1
21
22
SIM5
SIM1
SIM2
SIM3
SIM4
1
21
22
SIM5
SIM1
SIM2
SIM3
SIM4
1
21
22
SIM5
SIM1
SIM2
SIM3
SIM4
1
21
22
SIM5
SIM1
SIM2
SIM3
SIM4
1
21
22
SIM5
SIM1
SIM2
SIM3
SIM4
1
21
22
SIM5
SIM1
SIM2
SIM3
SIM4
1
21
22
SIM5
SIM1
SIM2
SIM3
SIM4
1
21
22
SIM5
SIM1
SIM2
SIM3
SIM4
1
21
22
SIM5
SIM1
SIM2
SIM3
SIM4
1
21
22
SIM5
SIM1
SIM2
SIM3
SIM4
1
21
22
SIM5
SIM1
SIM2
SIM3
SIM4
1
21
22
SIM5
SIM1
SIM2
SIM3
SIM4
1
21
22
SIM5
SIM1
SIM2
SIM3
SIM4
1
21
22
SIM5
SIM1
SIM2
SIM3
SIM4
1
21
22
SIM5
SIM1
SIM2
SIM3
SIM4
1
21
22
SIM5
SIM1
SIM2
SIM3
SIM4
1
21
22
SIM5
SIM1
SIM2
SIM3
SIM4
1
21
22
SIM5
SIM1
SIM2
SIM3
SIM4
1
21
22
SIM5
SIM1
SIM2
SIM3
SIM4
1
21
22
SIM5
SIM1
SIM2
SIM3
SIM4
1
21
22
SIM5
SIM1
SIM2
SIM3
SIM4
1
21
22
SIM5
SIM1
SIM2
SIM3
SIM4
1
21
22
SIM5
SIM1
SIM2
SIM3
SIM4
1
21
22
SIM5
SIM1
SIM2
SIM3
SIM4
1
21
22
SIM5
SIM1
SIM2
SIM3
SIM4
1
21
22
SIM5
SIM1
SIM2
SIM3
SIM4
1
21
22
SIM5
SIM1
SIM2
SIM3
SIM4
1
21
22
SIM5
SIM1
SIM2
SIM3
SIM4
1
21
22
SIM5
SIM1
SIM2
SIM3
SIM4
1
21
22
SIM5
SIM1
SIM2
SIM3
SIM4
1
21
22
SIM5
SIM1
SIM2
SIM3
SIM4
1
21
22
SIM5
SIM1
SIM2
SIM3
SIM4
1
21
22
SIM5
SIM1
SIM2
SIM3
SIM4
1
21
22
SIM5
SIM1
SIM2
SIM3
SIM4
1
21
22
SIM5
SIM1
SIM2
SIM3
SIM4
1
21
22
SIM5
SIM1
SIM2
SIM3
SIM4
1
21
22
SIM5
SIM1
SIM2
SIM3
SIM4
1
21
22
SIM5
SIM1
SIM2
SIM3
SIM4
1
21
22
SIM5
SIM1
SIM2
SIM3
SIM4
1
21
22
SIM5
SIM1
SIM2
SIM3
SIM4
1
21
22
SIM5
SIM1
SIM2
SIM3
SIM4
1
21
22
SIM5
SIM1
SIM2
SIM3
SIM4
1
21
22
SIM5
SIM1
SIM2
SIM3
SIM4
1
21
22
SIM5
SIM1
SIM2
SIM3
SIM4
1
21
22
SIM5
SIM1
SIM2
SIM3
SIM4
1
21
22
SIM5
SIM1
SIM2
SIM3
SIM4
1
21
22
SIM5
SIM1
SIM2
SIM3
SIM4
1
21
22
SIM5
SIM1
SIM2
SIM3
SIM4
1
21
22
SIM5
SIM1
SIM2
SIM3
SIM4
1
21
22
SIM5
SIM1
SIM2
SIM3
SIM4
1
21
22
SIM5
SIM1
SIM2
SIM3
SIM4
1
21
22
SIM5
SIM1
SIM2
SIM3
SIM4
1
21
22
SIM5
SIM1
SIM2
SIM3
SIM4
1
21
22
SIM5
SIM1
SIM2
SIM3
SIM4
1
21
22
SIM5
SIM1
SIM2
SIM3
SIM4
1
21
22
SIM5
SIM1
SIM2
SIM3
SIM4
1
21
22
SIM5
SIM1
SIM2
SIM3
SIM4
1
21
22
SIM5
SIM1
SIM2
SIM3
SIM4
1
21
22
SIM5
SIM1
SIM2
SIM3
SIM4
1
21
22
SIM5
SIM1
SIM2
SIM3
SIM4
1
21
22
SIM5
SIM1
SIM2
SIM3
SIM4
1
21
22
SIM5
SIM1
SIM2
SIM3
SIM4
1
21
22
SIM5
SIM1
SIM2
SIM3
SIM4
1
21
22
SIM5
SIM1
SIM2
SIM3
SIM4
1
21
22
SIM5
SIM1
SIM2
SIM3
SIM4
1
21
22
SIM5
SIM1
SIM2
SIM3
SIM4
1
21
22
SIM5
SIM1
SIM2
SIM3
SIM4
1
21
22
SIM5
SIM1
SIM2
SIM3
SIM4
1
21
22
SIM5
SIM1
SIM2
SIM3
SIM4
1
21
22
SIM5
SIM1
SIM2
SIM3
SIM4
1
21
22
SIM5
SIM1
SIM2
SIM3
SIM4
1
21
22
SIM5
SIM1
SIM2
SIM3
SIM4
1
21
22
SIM5
SIM1
SIM2
SIM3
SIM4
1
21
22
SIM5
SIM1
SIM2
SIM3
SIM4
1
21
22
SIM5
SIM1
SIM2
SIM3
SIM4
1
21
22
SIM5
SIM1
SIM2
SIM3
SIM4
1
21
22
SIM5
SIM1
SIM2
SIM3
SIM4
1
21
22
SIM5
SIM1
SIM2
SIM3
SIM4
1
21
22
SIM5
SIM1
SIM2
SIM3
SIM4
1
21
22
SIM5
SIM1
SIM2
SIM3
SIM4
1
21
22
SIM5
SIM1
SIM2
SIM3
SIM4
1
21
22
SIM5
SIM1
SIM2
SIM3
SIM4
1
21
22
SIM5
SIM1
SIM2
SIM3
SIM4
1
21
22
SIM5
SIM1
SIM2
SIM3
SIM4
1
21
22
SIM5
SIM1
SIM2
SIM3
SIM4
1
21
22
SIM5
SIM1
SIM2
SIM3
SIM4
1
21
22
SIM5
SIM1
SIM2
SIM3
SIM4
1
21
22
SIM5
SIM1
SIM2
SIM3
SIM4
1
21
22
SIM5
SIM1
SIM2
SIM3
SIM4
1
21
22
SIM5
SIM1
SIM2
SIM3
SIM4
1
21
22
SIM5
SIM1
SIM2
SIM3
SIM4
1
21
22
SIM5
SIM1
SIM2
SIM3
SIM4
1
21
22
SIM5
SIM1
SIM2
SIM3
SIM4
1
21
22
SIM5
SIM1
SIM2
SIM3
SIM4
1
21
22
SIM5
SIM1
SIM2
SIM3
SIM4
1
21
22
SIM5
SIM1
SIM2
SIM3
SIM4
1
21
22
SIM5
SIM1
SIM2
SIM3
SIM4
1
21
22
SIM5
SIM1
SIM2
SIM3
SIM4
1
21
22
SIM5
SIM1
SIM2
SIM3
SIM4
1
21
22
SIM5
SIM1
SIM2
SIM3
SIM4
1
21
22
SIM5
SIM1
SIM2
SIM3
SIM4
1
21
22
SIM5
SIM1
SIM2
SIM3
SIM4
1
21
22
SIM5
SIM1
SIM2
SIM3
SIM4
1
21
22
SIM5
SIM1
SIM2
SIM3
SIM4
1
21
22
SIM5
SIM1
SIM2
SIM3
SIM4
1
21
22
SIM5
SIM1
SIM2
SIM3
SIM4
1
21
22
SIM5
SIM1
SIM2
SIM3
SIM4
1
21
22
SIM5
SIM1
SIM2
SIM3
SIM4
1
21
22
SIM5
SIM1
SIM2
SIM3
SIM4
1
21
22
SIM5
SIM1
SIM2
SIM3
SIM4
1
21
22
SIM5
SIM1
SIM2
SIM3
SIM4
1
21
22
SIM5
SIM1
SIM2
SIM3
SIM4
1
21
22
SIM5
SIM1
SIM2
SIM3
SIM4
1
21
22
SIM5
SIM1
SIM2
SIM3
SIM4
1
21
22
SIM5
SIM1
SIM2
SIM3
SIM4
1
21
22
SIM5
SIM1
SIM2
SIM3
SIM4
1
21
22
SIM5
SIM1
SIM2
SIM3
SIM4
1
21
22
SIM5
SIM1
SIM2
SIM3
SIM4
1
21
22
SIM5
SIM1
SIM2
SIM3
SIM4
1
21
22
SIM5
SIM1
SIM2
SIM3
SIM4
1
21
22
SIM5
SIM1
SIM2
SIM3
SIM4
1
21
22
SIM5
SIM1
SIM2
SIM3
SIM4
1
21
22
SIM5
SIM1
SIM2
SIM3
SIM4
1
21
22
SIM5
SIM1
SIM2
SIM3
SIM4
1
21
22
SIM5
SIM1
SIM2
SIM3
SIM4
1
21
22
SIM5
SIM1
SIM2
SIM3
SIM4
1
21
22
SIM5
SIM1
SIM2
SIM3
SIM4
1
21
22
SIM5
SIM1
SIM2
SIM3
SIM4
1
21
22
SIM5
SIM1
SIM2
SIM3
SIM4
1
21
22
SIM5
SIM1
SIM2
SIM3
SIM4
1
21
22
SIM5
SIM1
SIM2
SIM3
SIM4
1
21
22
SIM5
SIM1
SIM2
SIM3
SIM4
1
21
22
SIM5
SIM1
SIM2
SIM3
SIM4
1
21
22
SIM5
SIM1
SIM2
SIM3
SIM4
1
21
22
SIM5
SIM1
SIM2
SIM3
SIM4
1
21
22
SIM5
SIM1
SIM2
SIM3
SIM4
1
21
22
SIM5
SIM1
SIM2
SIM3
SIM4
1
21
22
SIM5
SIM1
SIM2
SIM3
SIM4
1
21
22
SIM5
SIM1
SIM2
SIM3
SIM4
1
21
22
SIM5
SIM1
SIM2
SIM3
SIM4
1
21
22
SIM5
SIM1
SIM2
SIM3
SIM4
1
21
22
SIM5
SIM1
SIM2
SIM3
SIM4
1
21
22
SIM5
SIM1
SIM2
SIM3
SIM4
1
21
22
SIM5
SIM1
SIM2
SIM3
SIM4
1
21
22
SIM5
SIM1
SIM2
SIM3
SIM4
1
21
22
SIM5
SIM1
SIM2
SIM3
SIM4
1
21
22
SIM5
SIM1
SIM2
SIM3
SIM4
1
21
22
SIM5
SIM1
SIM2
SIM3
SIM4
1
21
22
SIM5
SIM1
SIM2
SIM3
SIM4
1
21
22
SIM5
SIM1
SIM2
SIM3
SIM4
1
21
22
SIM5
SIM1
SIM2
SIM3
SIM4
1
21
22
SIM5
SIM1
SIM2
SIM3
SIM4
1
21
22
SIM5
SIM1
SIM2
SIM3
SIM4
1
21
22
SIM5
SIM1
SIM2
SIM3
SIM4
1
21
22
SIM5
SIM1
SIM2
SIM3
SIM4
1
21
22
SIM5
SIM1
SIM2
SIM3
SIM4
1
21
22
SIM5
SIM1
SIM2
SIM3
SIM4
1
21
22
SIM5
SIM1
SIM2
SIM3
SIM4
1
21
22
SIM5
SIM1
SIM2
SIM3
SIM4
1
21
22
SIM5
SIM1
SIM2
SIM3
SIM4
1
21
22
SIM5
SIM1
SIM2
SIM3
SIM4
1
21
22
SIM5
SIM1
SIM2
SIM3
SIM4
1
21
22
SIM5
SIM1
SIM2
SIM3
SIM4
1
21
22
SIM5
SIM1
SIM2
SIM3
SIM4
1
21
22
SIM5
SIM1
SIM2
SIM3
SIM4
1
21
22
SIM5
SIM1
SIM2
SIM3
SIM4
1
21
22
SIM5
SIM1
SIM2
SIM3
SIM4
1
21
22
SIM5
SIM1
SIM2
SIM3
SIM4
1
21
22
SIM5
SIM1
SIM2
SIM3
SIM4
1
21
22
SIM5
SIM1
SIM2
SIM3
SIM4
1
21
22
SIM5
SIM1
SIM2
SIM3
SIM4
1
21
22
SIM5
SIM1
SIM2
SIM3
SIM4
1
21
22
SIM5
SIM1
SIM2
SIM3
SIM4
1
21
22
SIM5
SIM1
SIM2
SIM3
SIM4
1
21
22
SIM5
SIM1
SIM2
SIM3
SIM4
1
21
22
SIM5
SIM1
SIM2
SIM3
SIM4
1
21
22
SIM5
SIM1
SIM2
SIM3
SIM4
1
21
22
SIM5
SIM1
SIM2
SIM3
SIM4
1
21
22
SIM5
SIM1
SIM2
SIM3
SIM4
1
21
22
SIM5
SIM1
SIM2
SIM3
SIM4
1
21
22
SIM5
SIM1
SIM2
SIM3
SIM4
1
21
22
SIM5
SIM1
SIM2
SIM3
SIM4
1
21
22
SIM5
SIM1
SIM2
SIM3
SIM4
1
21
22
SIM5
SIM1
SIM2
SIM3
SIM4
1
21
22
SIM5
SIM1
SIM2
SIM3
SIM4
1
21
22
SIM5
SIM1
SIM2
SIM3
SIM4
1
21
22
SIM5
SIM1
SIM2
SIM3
SIM4
1
21
22
SIM5
SIM1
SIM2
SIM3
SIM4
1
21
22
SIM5
SIM1
SIM2
SIM3
SIM4
1
21
22
SIM5
SIM1
SIM2
SIM3
SIM4
1
21
22
SIM5
SIM1
SIM2
SIM3
SIM4
1
21
22
SIM5
SIM1
SIM2
SIM3
SIM4
1
21
22
SIM5
SIM1
SIM2
SIM3
SIM4
1
21
22
SIM5
SIM1
SIM2
SIM3
SIM4
1
21
22
SIM5
SIM1
SIM2
SIM3
SIM4
1
21
22
SIM5
SIM1
SIM2
SIM3
SIM4
1
21
22
SIM5
SIM1
SIM2
SIM3
SIM4
1
21
22
SIM5
SIM1
SIM2
SIM3
SIM4
1
21
22
SIM5
SIM1
SIM2
SIM3
SIM4
1
21
22
SIM5
SIM1
SIM2
SIM3
SIM4
1
21
22
SIM5
SIM1
SIM2
SIM3
SIM4
1
21
22
SIM5
SIM1
SIM2
SIM3
SIM4
1
21
22
SIM5
SIM1
SIM2
SIM3
SIM4
1
21
22
SIM5
SIM1
SIM2
SIM3
SIM4
1
21
22
SIM5
SIM1
SIM2
DEBUG 1 248
SIM1
SIM2
SIM3
SIM4
1
21
22
SIM5
SIM1
SIM2
SIM3
SIM4
1
21
22
SIM5
SIM1
SIM2
SIM3
SIM4
1
21
22
SIM5
SIM1
SIM2
SIM3
SIM4
1
21
22
SIM5
SIM1
SIM2
SIM3
SIM4
1
21
22
SIM5
SIM1
SIM2
SIM3
SIM4
1
21
22
SIM5
SIM1
SIM2
SIM3
SIM4
1
21
22
SIM5
SIM1
SIM2
SIM3
SIM4
1
21
22
SIM5
SIM1
SIM2
SIM3
SIM4
1
21
22
SIM5
SIM1
SIM2
SIM3
SIM4
1
21
22
SIM5
SIM1
SIM2
SIM3
SIM4
1
21
22
SIM5
SIM1
SIM2
SIM3
SIM4
1
21
22
SIM5
SIM1
SIM2
SIM3
SIM4
1
21
22
SIM5
SIM1
SIM2
SIM3
SIM4
1
21
22
SIM5
SIM1
SIM2
SIM3
SIM4
1
21
22
SIM5
SIM1
SIM2
SIM3
SIM4
1
21
22
SIM5
SIM1
SIM2
SIM3
SIM4
1
21
22
SIM5
SIM1
SIM2
SIM3
SIM4
1
21
22
SIM5
SIM1
SIM2
SIM3
SIM4
1
21
22
SIM5
SIM1
SIM2
SIM3
SIM4
1
21
22
SIM5
SIM1
SIM2
SIM3
SIM4
1
21
22
SIM5
SIM1
SIM2
SIM3
SIM4
1
21
22
SIM5
SIM1
SIM2
SIM3
SIM4
1
21
22
SIM5
SIM1
SIM2
SIM3
SIM4
1
21
22
SIM5
SIM1
SIM2
SIM3
SIM4
1
21
22
SIM5
SIM1
SIM2
SIM3
SIM4
1
21
22
SIM5
SIM1
SIM2
SIM3
SIM4
1
21
22
SIM5
SIM1
SIM2
SIM3
SIM4
1
21
22
SIM5
SIM1
SIM2
SIM3
SIM4
1
21
22
SIM5
SIM1
SIM2
SIM3
SIM4
1
21
22
SIM5
SIM1
SIM2
SIM3
SIM4
1
21
22
SIM5
SIM1
SIM2
SIM3
SIM4
1
21
22
SIM5
SIM1
SIM2
SIM3
SIM4
1
21
22
SIM5
SIM1
SIM2
SIM3
SIM4
1
21
22
SIM5
SIM1
SIM2
SIM3
SIM4
1
21
22
SIM5
SIM1
SIM2
SIM3
SIM4
1
21
22
SIM5
SIM1
SIM2
SIM3
SIM4
1
21
22
SIM5
SIM1
SIM2
SIM3
SIM4
1
21
22
SIM5
SIM1
SIM2
SIM3
SIM4
1
21
22
SIM5
SIM1
SIM2
SIM3
SIM4
1
21
22
SIM5
SIM1
SIM2
SIM3
SIM4
1
21
22
SIM5
SIM1
SIM2
SIM3
SIM4
1
21
22
SIM5
SIM1
SIM2
SIM3
SIM4
1
21
22
SIM5
SIM1
SIM2
SIM3
SIM4
1
21
22
SIM5
SIM1
SIM2
SIM3
SIM4
1
21
22
SIM5
SIM1
SIM2
SIM3
SIM4
1
21
22
SIM5
SIM1
SIM2
SIM3
SIM4
1
21
22
SIM5
SIM1
SIM2
SIM3
SIM4
1
21
22
SIM5
SIM1
SIM2
SIM3
SIM4
1
21
22
SIM5
SIM1
SIM2
SIM3
SIM4
1
21
22
SIM5
SIM1
SIM2
SIM3
SIM4
1
21
22
SIM5
SIM1
SIM2
SIM3
SIM4
1
21
22
SIM5
SIM1
SIM2
SIM3
SIM4
1
21
22
SIM5
SIM1
SIM2
SIM3
SIM4
1
21
22
SIM5
SIM1
SIM2
SIM3
SIM4
1
21
22
SIM5
SIM1
SIM2
SIM3
SIM4
1
21
22
SIM5
SIM1
SIM2
SIM3
SIM4
1
21
22
SIM5
SIM1
SIM2
SIM3
SIM4
1
21
22
SIM5
SIM1
SIM2
SIM3
SIM4
1
21
22
SIM5
SIM1
SIM2
SIM3
SIM4
1
21
22
SIM5
SIM1
SIM2
SIM3
SIM4
1
21
22
SIM5
SIM1
SIM2
SIM3
SIM4
1
21
22
SIM5
SIM1
SIM2
SIM3
SIM4
1
21
22
SIM5
SIM1
SIM2
SIM3
SIM4
1
21
22
SIM5
SIM1
SIM2
SIM3
SIM4
1
21
22
SIM5
SIM1
SIM2
SIM3
SIM4
1
21
22
SIM5
SIM1
SIM2
SIM3
SIM4
1
21
22
SIM5
SIM1
SIM2
SIM3
SIM4
1
21
22
SIM5
SIM1
SIM2
SIM3
SIM4
1
21
22
SIM5
SIM1
SIM2
SIM3
SIM4
1
21
22
SIM5
SIM1
SIM2
SIM3
SIM4
1
21
22
SIM5
SIM1
SIM2
SIM3
SIM4
1
21
22
SIM5
SIM1
SIM2
SIM3
SIM4
1
21
22
SIM5
SIM1
SIM2
SIM3
SIM4
1
21
22
SIM5
SIM1
SIM2
SIM3
SIM4
1
21
22
SIM5
SIM1
SIM2
SIM3
SIM4
1
21
22
SIM5
SIM1
SIM2
SIM3
SIM4
1
21
22
SIM5
SIM1
SIM2
SIM3
SIM4
1
21
22
SIM5
SIM1
SIM2
SIM3
SIM4
1
21
22
SIM5
SIM1
SIM2
SIM3
SIM4
1
21
22
SIM5
SIM1
SIM2
SIM3
SIM4
1
21
22
SIM5
SIM1
SIM2
SIM3
SIM4
1
21
22
SIM5
SIM1
SIM2
SIM3
SIM4
1
21
22
SIM5
SIM1
SIM2
SIM3
SIM4
1
21
22
SIM5
SIM1
SIM2
SIM3
SIM4
1
21
22
SIM5
SIM1
SIM2
SIM3
SIM4
1
21
22
SIM5
SIM1
SIM2
SIM3
SIM4
1
21
22
SIM5
SIM1
SIM2
SIM3
SIM4
1
21
22
SIM5
SIM1
SIM2
SIM3
SIM4
1
21
22
SIM5
SIM1
SIM2
SIM3
SIM4
1
21
22
SIM5
SIM1
SIM2
SIM3
SIM4
1
21
22
SIM5
SIM1
SIM2
SIM3
SIM4
1
21
22
SIM5
SIM1
SIM2
SIM3
SIM4
1
21
22
SIM5
SIM1
SIM2
SIM3
SIM4
1
21
22
SIM5
SIM1
SIM2
SIM3
SIM4
1
21
22
SIM5
SIM1
SIM2
SIM3
SIM4
1
21
22
SIM5
SIM1
SIM2
SIM3
SIM4
1
21
22
SIM5
SIM1
SIM2
SIM3
SIM4
1
21
22
SIM5
SIM1
SIM2
SIM3
SIM4
1
21
22
SIM5
SIM1
SIM2
SIM3
SIM4
1
21
22
SIM5
SIM1
SIM2
SIM3
SIM4
1
21
22
SIM5
SIM1
SIM2
SIM3
SIM4
1
21
22
SIM5
SIM1
SIM2
SIM3
SIM4
1
21
22
SIM5
SIM1
SIM2
SIM3
SIM4
1
21
22
SIM5
SIM1
SIM2
SIM3
SIM4
1
21
22
SIM5
SIM1
SIM2
SIM3
SIM4
1
21
22
SIM5
SIM1
SIM2
SIM3
SIM4
1
21
22
SIM5
SIM1
SIM2
SIM3
SIM4
1
21
22
SIM5
SIM1
SIM2
SIM3
SIM4
1
21
22
SIM5
SIM1
SIM2
SIM3
SIM4
1
21
22
SIM5
SIM1
SIM2
SIM3
SIM4
1
21
22
SIM5
SIM1
SIM2
SIM3
SIM4
1
21
22
SIM5
SIM1
SIM2
SIM3
SIM4
1
21
22
SIM5
SIM1
SIM2
SIM3
SIM4
1
21
22
SIM5
SIM1
SIM2
SIM3
SIM4
1
21
22
SIM5
SIM1
SIM2
SIM3
SIM4
1
21
22
SIM5
SIM1
SIM2
SIM3
SIM4
1
21
22
SIM5
SIM1
SIM2
SIM3
SIM4
1
21
22
SIM5
SIM1
SIM2
SIM3
SIM4
1
21
22
SIM5
SIM1
SIM2
SIM3
SIM4
1
21
22
SIM5
SIM1
SIM2
SIM3
SIM4
1
21
22
SIM5
SIM1
SIM2
SIM3
SIM4
1
21
22
SIM5
SIM1
SIM2
SIM3
SIM4
1
21
22
SIM5
SIM1
SIM2
SIM3
SIM4
1
21
22
SIM5
SIM1
SIM2
SIM3
SIM4
1
21
22
SIM5
SIM1
SIM2
SIM3
SIM4
1
21
22
SIM5
SIM1
SIM2
SIM3
SIM4
1
21
22
SIM5
SIM1
SIM2
SIM3
SIM4
1
21
22
SIM5
SIM1
SIM2
SIM3
SIM4
1
21
22
SIM5
SIM1
SIM2
SIM3
SIM4
1
21
22
SIM5
SIM1
SIM2
SIM3
SIM4
1
21
22
SIM5
SIM1
SIM2
SIM3
SIM4
1
21
22
SIM5
SIM1
SIM2
SIM3
SIM4
1
21
22
SIM5
SIM1
SIM2
SIM3
SIM4
1
21
22
SIM5
SIM1
SIM2
SIM3
SIM4
1
21
22
SIM5
SIM1
SIM2
SIM3
SIM4
1
21
22
SIM5
SIM1
SIM2
SIM3
SIM4
1
21
22
SIM5
SIM1
SIM2
SIM3
SIM4
1
21
22
SIM5
SIM1
SIM2
SIM3
SIM4
1
21
22
SIM5
SIM1
SIM2
SIM3
SIM4
1
21
22
SIM5
SIM1
SIM2
SIM3
SIM4
1
21
22
SIM5
SIM1
SIM2
SIM3
SIM4
1
21
22
SIM5
SIM1
SIM2
SIM3
SIM4
1
21
22
SIM5
SIM1
SIM2
SIM3
SIM4
1
21
22
SIM5
SIM1
SIM2
SIM3
SIM4
1
21
22
SIM5
SIM1
SIM2
DEBUG 1 249
SIM1
SIM2
SIM3
SIM4
1
21
22
SIM5
SIM1
SIM2
SIM3
SIM4
1
21
22
SIM5
SIM1
SIM2
SIM3
SIM4
1
21
22
SIM5
SIM1
SIM2
SIM3
SIM4
1
21
22
SIM5
SIM1
SIM2
SIM3
SIM4
1
21
22
SIM5
SIM1
SIM2
SIM3
SIM4
1
21
22
SIM5
SIM1
SIM2
SIM3
SIM4
1
21
22
SIM5
SIM1
SIM2
SIM3
SIM4
1
21
22
SIM5
SIM1
SIM2
SIM3
SIM4
1
21
22
SIM5
SIM1
SIM2
SIM3
SIM4
1
21
22
SIM5
SIM1
SIM2
SIM3
SIM4
1
21
22
SIM5
SIM1
SIM2
SIM3
SIM4
1
21
22
SIM5
SIM1
SIM2
SIM3
SIM4
1
21
22
SIM5
SIM1
SIM2
SIM3
SIM4
1
21
22
SIM5
SIM1
SIM2
SIM3
SIM4
1
21
22
SIM5
SIM1
SIM2
SIM3
SIM4
1
21
22
SIM5
SIM1
SIM2
SIM3
SIM4
1
21
22
SIM5
SIM1
SIM2
SIM3
SIM4
1
21
22
SIM5
SIM1
SIM2
SIM3
SIM4
1
21
22
SIM5
SIM1
SIM2
SIM3
SIM4
1
21
22
SIM5
SIM1
SIM2
SIM3
SIM4
1
21
22
SIM5
SIM1
SIM2
SIM3
SIM4
1
21
22
SIM5
SIM1
SIM2
SIM3
SIM4
1
21
22
SIM5
SIM1
SIM2
SIM3
SIM4
1
21
22
SIM5
SIM1
SIM2
SIM3
SIM4
1
21
22
SIM5
SIM1
SIM2
SIM3
SIM4
1
21
22
SIM5
SIM1
SIM2
SIM3
SIM4
1
21
22
SIM5
SIM1
SIM2
SIM3
SIM4
1
21
22
SIM5
SIM1
SIM2
SIM3
SIM4
1
21
22
SIM5
SIM1
SIM2
SIM3
SIM4
1
21
22
SIM5
SIM1
SIM2
SIM3
SIM4
1
21
22
SIM5
SIM1
SIM2
SIM3
SIM4
1
21
22
SIM5
SIM1
SIM2
SIM3
SIM4
1
21
22
SIM5
SIM1
SIM2
SIM3
SIM4
1
21
22
SIM5
SIM1
SIM2
SIM3
SIM4
1
21
22
SIM5
SIM1
SIM2
SIM3
SIM4
1
21
22
SIM5
SIM1
SIM2
SIM3
SIM4
1
21
22
SIM5
SIM1
SIM2
SIM3
SIM4
1
21
22
SIM5
SIM1
SIM2
SIM3
SIM4
1
21
22
SIM5
SIM1
SIM2
SIM3
SIM4
1
21
22
SIM5
SIM1
SIM2
SIM3
SIM4
1
21
22
SIM5
SIM1
SIM2
SIM3
SIM4
1
21
22
SIM5
SIM1
SIM2
SIM3
SIM4
1
21
22
SIM5
SIM1
SIM2
SIM3
SIM4
1
21
22
SIM5
SIM1
SIM2
SIM3
SIM4
1
21
22
SIM5
SIM1
SIM2
SIM3
SIM4
1
21
22
SIM5
SIM1
SIM2
SIM3
SIM4
1
21
22
SIM5
SIM1
SIM2
SIM3
SIM4
1
21
22
SIM5
SIM1
SIM2
SIM3
SIM4
1
21
22
SIM5
SIM1
SIM2
SIM3
SIM4
1
21
22
SIM5
SIM1
SIM2
SIM3
SIM4
1
21
22
SIM5
SIM1
SIM2
SIM3
SIM4
1
21
22
SIM5
SIM1
SIM2
SIM3
SIM4
1
21
22
SIM5
SIM1
SIM2
SIM3
SIM4
1
21
22
SIM5
SIM1
SIM2
SIM3
SIM4
1
21
22
SIM5
SIM1
SIM2
SIM3
SIM4
1
21
22
SIM5
SIM1
SIM2
SIM3
SIM4
1
21
22
SIM5
SIM1
SIM2
SIM3
SIM4
1
21
22
SIM5
SIM1
SIM2
SIM3
SIM4
1
21
22
SIM5
SIM1
SIM2
SIM3
SIM4
1
21
22
SIM5
SIM1
SIM2
SIM3
SIM4
1
21
22
SIM5
SIM1
SIM2
SIM3
SIM4
1
21
22
SIM5
SIM1
SIM2
SIM3
SIM4
1
21
22
SIM5
SIM1
SIM2
SIM3
SIM4
1
21
22
SIM5
SIM1
SIM2
SIM3
SIM4
1
21
22
SIM5
SIM1
SIM2
SIM3
SIM4
1
21
22
SIM5
SIM1
SIM2
SIM3
SIM4
1
21
22
SIM5
SIM1
SIM2
SIM3
SIM4
1
21
22
SIM5
SIM1
SIM2
SIM3
SIM4
1
21
22
SIM5
SIM1
SIM2
SIM3
SIM4
1
21
22
SIM5
SIM1
SIM2
SIM3
SIM4
1
21
22
SIM5
SIM1
SIM2
SIM3
SIM4
1
21
22
SIM5
SIM1
SIM2
SIM3
SIM4
1
21
22
SIM5
SIM1
SIM2
SIM3
SIM4
1
21
22
SIM5
SIM1
SIM2
SIM3
SIM4
1
21
22
SIM5
SIM1
SIM2
SIM3
SIM4
1
21
22
SIM5
SIM1
SIM2
SIM3
SIM4
1
21
22
SIM5
SIM1
SIM2
SIM3
SIM4
1
21
22
SIM5
SIM1
SIM2
SIM3
SIM4
1
21
22
SIM5
SIM1
SIM2
SIM3
SIM4
1
21
22
SIM5
SIM1
SIM2
SIM3
SIM4
1
21
22
SIM5
SIM1
SIM2
SIM3
SIM4
1
21
22
SIM5
SIM1
SIM2
SIM3
SIM4
1
21
22
SIM5
SIM1
SIM2
SIM3
SIM4
1
21
22
SIM5
SIM1
SIM2
SIM3
SIM4
1
21
22
SIM5
SIM1
SIM2
SIM3
SIM4
1
21
22
SIM5
SIM1
SIM2
SIM3
SIM4
1
21
22
SIM5
SIM1
SIM2
SIM3
SIM4
1
21
22
SIM5
SIM1
SIM2
SIM3
SIM4
1
21
22
SIM5
SIM1
SIM2
SIM3
SIM4
1
21
22
SIM5
SIM1
SIM2
SIM3
SIM4
1
21
22
SIM5
SIM1
SIM2
SIM3
SIM4
1
21
22
SIM5
SIM1
SIM2
SIM3
SIM4
1
21
22
SIM5
SIM1
SIM2
SIM3
SIM4
1
21
22
SIM5
SIM1
SIM2
SIM3
SIM4
1
21
22
SIM5
SIM1
SIM2
SIM3
SIM4
1
21
22
SIM5
SIM1
SIM2
SIM3
SIM4
1
21
22
SIM5
SIM1
SIM2
SIM3
SIM4
1
21
22
SIM5
SIM1
SIM2
SIM3
SIM4
1
21
22
SIM5
SIM1
SIM2
SIM3
SIM4
1
21
22
SIM5
SIM1
SIM2
SIM3
SIM4
1
21
22
SIM5
SIM1
SIM2
SIM3
SIM4
1
21
22
SIM5
SIM1
SIM2
SIM3
SIM4
1
21
22
SIM5
SIM1
SIM2
SIM3
SIM4
1
21
22
SIM5
SIM1
SIM2
SIM3
SIM4
1
21
22
SIM5
SIM1
SIM2
SIM3
SIM4
1
21
22
SIM5
SIM1
SIM2
SIM3
SIM4
1
21
22
SIM5
SIM1
SIM2
SIM3
SIM4
1
21
22
SIM5
SIM1
SIM2
SIM3
SIM4
1
21
22
SIM5
SIM1
SIM2
SIM3
SIM4
1
21
22
SIM5
SIM1
SIM2
SIM3
SIM4
1
21
22
SIM5
SIM1
SIM2
SIM3
SIM4
1
21
22
SIM5
SIM1
SIM2
SIM3
SIM4
1
21
22
SIM5
SIM1
SIM2
SIM3
SIM4
1
21
22
SIM5
SIM1
SIM2
SIM3
SIM4
1
21
22
SIM5
SIM1
SIM2
SIM3
SIM4
1
21
22
SIM5
SIM1
SIM2
SIM3
SIM4
1
21
22
SIM5
SIM1
SIM2
SIM3
SIM4
1
21
22
SIM5
SIM1
SIM2
SIM3
SIM4
1
21
22
SIM5
SIM1
SIM2
SIM3
SIM4
1
21
22
SIM5
SIM1
SIM2
SIM3
SIM4
1
21
22
SIM5
SIM1
SIM2
SIM3
SIM4
1
21
22
SIM5
SIM1
SIM2
SIM3
SIM4
1
21
22
SIM5
SIM1
SIM2
SIM3
SIM4
1
21
22
SIM5
SIM1
SIM2
SIM3
SIM4
1
21
22
SIM5
SIM1
SIM2
SIM3
SIM4
1
21
22
SIM5
SIM1
SIM2
SIM3
SIM4
1
21
22
SIM5
SIM1
SIM2
SIM3
SIM4
1
21
22
SIM5
SIM1
SIM2
SIM3
SIM4
1
21
22
SIM5
SIM1
SIM2
SIM3
SIM4
1
21
22
SIM5
SIM1
SIM2
SIM3
SIM4
1
21
22
SIM5
SIM1
SIM2
SIM3
SIM4
1
21
22
SIM5
SIM1
SIM2
SIM3
SIM4
1
21
22
SIM5
SIM1
SIM2
SIM3
SIM4
1
21
22
SIM5
SIM1
SIM2
SIM3
SIM4
1
21
22
SIM5
SIM1
SIM2
SIM3
SIM4
1
21
22
SIM5
SIM1
SIM2
SIM3
SIM4
1
21
22
SIM5
SIM1
SIM2
SIM3
SIM4
1
21
22
SIM5
SIM1
SIM2
SIM3
SIM4
1
21
22
SIM5
SIM1
SIM2
SIM3
SIM4
1
21
22
SIM5
SIM1
SIM2
SIM3
SIM4
1
21
22
SIM5
SIM1
SIM2
SIM3
SIM4
1
21
22
SIM5
SIM1
SIM2
SIM3
SIM4
1
21
22
SIM5
SIM1
SIM2
SIM3
SIM4
1
21
22
SIM5
SIM1
SIM2
SIM3
SIM4
1
21
22
SIM5
SIM1
SIM2
SIM3
SIM4
1
21
22
SIM5
SIM1
SIM2
SIM3
SIM4
1
21
22
SIM5
SIM1
SIM2
SIM3
SIM4
1
21
22
SIM5
SIM1
SIM2
SIM3
SIM4
1
21
22
SIM5
SIM1
SIM2
SIM3
SIM4
1
21
22
SIM5
SIM1
SIM2
SIM3
SIM4
1
21
22
SIM5
SIM1
SIM2
SIM3
SIM4
1
21
22
SIM5
SIM1
SIM2
SIM3
SIM4
1
21
22
SIM5
SIM1
SIM2
SIM3
SIM4
1
21
22
SIM5
SIM1
SIM2
SIM3
SIM4
1
21
22
SIM5
SIM1
SIM2
SIM3
SIM4
1
21
22
SIM5
SIM1
SIM2
SIM3
SIM4
1
21
22
SIM5
SIM1
SIM2
SIM3
SIM4
1
21
22
SIM5
SIM1
SIM2
SIM3
SIM4
1
21
22
SIM5
SIM1
SIM2
SIM3
SIM4
1
21
22
SIM5
SIM1
SIM2
SIM3
SIM4
1
21
22
SIM5
SIM1
SIM2
SIM3
SIM4
1
21
22
SIM5
SIM1
SIM2
SIM3
SIM4
1
21
22
SIM5
SIM1
SIM2
SIM3
SIM4
1
21
22
SIM5
SIM1
SIM2
SIM3
SIM4
1
21
22
SIM5
SIM1
SIM2
SIM3
SIM4
1
21
22
SIM5
SIM1
SIM2
SIM3
SIM4
1
21
22
SIM5
SIM1
SIM2
SIM3
SIM4
1
21
22
SIM5
SIM1
SIM2
SIM3
SIM4
1
21
22
SIM5
SIM1
SIM2
SIM3
SIM4
1
21
22
SIM5
SIM1
SIM2
SIM3
SIM4
1
21
22
SIM5
SIM1
SIM2
SIM3
SIM4
1
21
22
SIM5
SIM1
SIM2
SIM3
SIM4
1
21
22
SIM5
SIM1
SIM2
DEBUG 1 250
SIM1
SIM2
SIM3
SIM4
1
21
22
SIM5
SIM1
SIM2
SIM3
SIM4
1
21
22
SIM5
SIM1
SIM2
SIM3
SIM4
1
21
22
SIM5
SIM1
SIM2
SIM3
SIM4
1
21
22
SIM5
SIM1
SIM2
SIM3
SIM4
1
21
22
SIM5
SIM1
SIM2
SIM3
SIM4
1
21
22
SIM5
SIM1
SIM2
SIM3
SIM4
1
21
22
SIM5
SIM1
SIM2
SIM3
SIM4
1
21
22
SIM5
SIM1
SIM2
SIM3
SIM4
1
21
22
SIM5
SIM1
SIM2
SIM3
SIM4
1
21
22
SIM5
SIM1
SIM2
SIM3
SIM4
1
21
22
SIM5
SIM1
SIM2
SIM3
SIM4
1
21
22
SIM5
SIM1
SIM2
SIM3
SIM4
1
21
22
SIM5
SIM1
SIM2
SIM3
SIM4
1
21
22
SIM5
SIM1
SIM2
SIM3
SIM4
1
21
22
SIM5
SIM1
SIM2
SIM3
SIM4
1
21
22
SIM5
SIM1
SIM2
SIM3
SIM4
1
21
22
SIM5
SIM1
SIM2
SIM3
SIM4
1
21
22
SIM5
SIM1
SIM2
SIM3
SIM4
1
21
22
SIM5
SIM1
SIM2
SIM3
SIM4
1
21
22
SIM5
SIM1
SIM2
SIM3
SIM4
1
21
22
SIM5
SIM1
SIM2
SIM3
SIM4
1
21
22
SIM5
SIM1
SIM2
SIM3
SIM4
1
21
22
SIM5
SIM1
SIM2
SIM3
SIM4
1
21
22
SIM5
SIM1
SIM2
SIM3
SIM4
1
21
22
SIM5
SIM1
SIM2
SIM3
SIM4
1
21
22
SIM5
SIM1
SIM2
SIM3
SIM4
1
21
22
SIM5
SIM1
SIM2
SIM3
SIM4
1
21
22
SIM5
SIM1
SIM2
SIM3
SIM4
1
21
22
SIM5
SIM1
SIM2
SIM3
SIM4
1
21
22
SIM5
SIM1
SIM2
SIM3
SIM4
1
21
22
SIM5
SIM1
SIM2
SIM3
SIM4
1
21
22
SIM5
SIM1
SIM2
SIM3
SIM4
1
21
22
SIM5
SIM1
SIM2
SIM3
SIM4
1
21
22
SIM5
SIM1
SIM2
SIM3
SIM4
1
21
22
SIM5
SIM1
SIM2
SIM3
SIM4
1
21
22
SIM5
SIM1
SIM2
SIM3
SIM4
1
21
22
SIM5
SIM1
SIM2
SIM3
SIM4
1
21
22
SIM5
SIM1
SIM2
SIM3
SIM4
1
21
22
SIM5
SIM1
SIM2
SIM3
SIM4
1
21
22
SIM5
SIM1
SIM2
SIM3
SIM4
1
21
22
SIM5
SIM1
SIM2
SIM3
SIM4
1
21
22
SIM5
SIM1
SIM2
SIM3
SIM4
1
21
22
SIM5
SIM1
SIM2
SIM3
SIM4
1
21
22
SIM5
SIM1
SIM2
SIM3
SIM4
1
21
22
SIM5
SIM1
SIM2
SIM3
SIM4
1
21
22
SIM5
SIM1
SIM2
SIM3
SIM4
1
21
22
SIM5
SIM1
SIM2
SIM3
SIM4
1
21
22
SIM5
SIM1
SIM2
SIM3
SIM4
1
21
22
SIM5
SIM1
SIM2
SIM3
SIM4
1
21
22
SIM5
SIM1
SIM2
SIM3
SIM4
1
21
22
SIM5
SIM1
SIM2
SIM3
SIM4
1
21
22
SIM5
SIM1
SIM2
SIM3
SIM4
1
21
22
SIM5
SIM1
SIM2
SIM3
SIM4
1
21
22
SIM5
SIM1
SIM2
SIM3
SIM4
1
21
22
SIM5
SIM1
SIM2
SIM3
SIM4
1
21
22
SIM5
SIM1
SIM2
SIM3
SIM4
1
21
22
SIM5
SIM1
SIM2
SIM3
SIM4
1
21
22
SIM5
SIM1
SIM2
SIM3
SIM4
1
21
22
SIM5
SIM1
SIM2
SIM3
SIM4
1
21
22
SIM5
SIM1
SIM2
SIM3
SIM4
1
21
22
SIM5
SIM1
SIM2
SIM3
SIM4
1
21
22
SIM5
SIM1
SIM2
SIM3
SIM4
1
21
22
SIM5
SIM1
SIM2
SIM3
SIM4
1
21
22
SIM5
SIM1
SIM2
SIM3
SIM4
1
21
22
SIM5
SIM1
SIM2
SIM3
SIM4
1
21
22
SIM5
SIM1
SIM2
SIM3
SIM4
1
21
22
SIM5
SIM1
SIM2
SIM3
SIM4
1
21
22
SIM5
SIM1
SIM2
SIM3
SIM4
1
21
22
SIM5
SIM1
SIM2
SIM3
SIM4
1
21
22
SIM5
SIM1
SIM2
SIM3
SIM4
1
21
22
SIM5
SIM1
SIM2
SIM3
SIM4
1
21
22
SIM5
SIM1
SIM2
SIM3
SIM4
1
21
22
SIM5
SIM1
SIM2
SIM3
SIM4
1
21
22
SIM5
SIM1
SIM2
SIM3
SIM4
1
21
22
SIM5
SIM1
SIM2
SIM3
SIM4
1
21
22
SIM5
SIM1
SIM2
SIM3
SIM4
1
21
22
SIM5
SIM1
SIM2
SIM3
SIM4
1
21
22
SIM5
SIM1
SIM2
SIM3
SIM4
1
21
22
SIM5
SIM1
SIM2
SIM3
SIM4
1
21
22
SIM5
SIM1
SIM2
SIM3
SIM4
1
21
22
SIM5
SIM1
SIM2
SIM3
SIM4
1
21
22
SIM5
SIM1
SIM2
SIM3
SIM4
1
21
22
SIM5
SIM1
SIM2
DEBUG 1 251
SIM1
SIM2
SIM3
SIM4
1
21
22
SIM5
SIM1
SIM2
SIM3
SIM4
1
21
22
SIM5
SIM1
SIM2
SIM3
SIM4
1
21
22
SIM5
SIM1
SIM2
SIM3
SIM4
1
21
22
SIM5
SIM1
SIM2
SIM3
SIM4
1
21
22
SIM5
SIM1
SIM2
SIM3
SIM4
1
21
22
SIM5
SIM1
SIM2
SIM3
SIM4
1
21
22
SIM5
SIM1
SIM2
SIM3
SIM4
1
21
22
SIM5
SIM1
SIM2
SIM3
SIM4
1
21
22
SIM5
SIM1
SIM2
SIM3
SIM4
1
21
22
SIM5
SIM1
SIM2
SIM3
SIM4
1
21
22
SIM5
SIM1
SIM2
SIM3
SIM4
1
21
22
SIM5
SIM1
SIM2
SIM3
SIM4
1
21
22
SIM5
SIM1
SIM2
SIM3
SIM4
1
21
22
SIM5
SIM1
SIM2
SIM3
SIM4
1
21
22
SIM5
SIM1
SIM2
SIM3
SIM4
1
21
22
SIM5
SIM1
SIM2
SIM3
SIM4
1
21
22
SIM5
SIM1
SIM2
SIM3
SIM4
1
21
22
SIM5
SIM1
SIM2
SIM3
SIM4
1
21
22
SIM5
SIM1
SIM2
SIM3
SIM4
1
21
22
SIM5
SIM1
SIM2
SIM3
SIM4
1
21
22
SIM5
SIM1
SIM2
SIM3
SIM4
1
21
22
SIM5
SIM1
SIM2
SIM3
SIM4
1
21
22
SIM5
SIM1
SIM2
SIM3
SIM4
1
21
22
SIM5
SIM1
SIM2
SIM3
SIM4
1
21
22
SIM5
SIM1
SIM2
SIM3
SIM4
1
21
22
SIM5
SIM1
SIM2
SIM3
SIM4
1
21
22
SIM5
SIM1
SIM2
SIM3
SIM4
1
21
22
SIM5
SIM1
SIM2
SIM3
SIM4
1
21
22
SIM5
SIM1
SIM2
SIM3
SIM4
1
21
22
SIM5
SIM1
SIM2
SIM3
SIM4
1
21
22
SIM5
SIM1
SIM2
SIM3
SIM4
1
21
22
SIM5
SIM1
SIM2
SIM3
SIM4
1
21
22
SIM5
SIM1
SIM2
SIM3
SIM4
1
21
22
SIM5
SIM1
SIM2
SIM3
SIM4
1
21
22
SIM5
SIM1
SIM2
SIM3
SIM4
1
21
22
SIM5
SIM1
SIM2
SIM3
SIM4
1
21
22
SIM5
SIM1
SIM2
SIM3
SIM4
1
21
22
SIM5
SIM1
SIM2
SIM3
SIM4
1
21
22
SIM5
SIM1
SIM2
SIM3
SIM4
1
21
22
SIM5
SIM1
SIM2
SIM3
SIM4
1
21
22
SIM5
SIM1
SIM2
SIM3
SIM4
1
21
22
SIM5
SIM1
SIM2
SIM3
SIM4
1
21
22
SIM5
SIM1
SIM2
SIM3
SIM4
1
21
22
SIM5
SIM1
SIM2
SIM3
SIM4
1
21
22
SIM5
SIM1
SIM2
SIM3
SIM4
1
21
22
SIM5
SIM1
SIM2
SIM3
SIM4
1
21
22
SIM5
SIM1
SIM2
SIM3
SIM4
1
21
22
SIM5
SIM1
SIM2
SIM3
SIM4
1
21
22
SIM5
SIM1
SIM2
SIM3
SIM4
1
21
22
SIM5
SIM1
SIM2
SIM3
SIM4
1
21
22
SIM5
SIM1
SIM2
SIM3
SIM4
1
21
22
SIM5
SIM1
SIM2
SIM3
SIM4
1
21
22
SIM5
SIM1
SIM2
SIM3
SIM4
1
21
22
SIM5
SIM1
SIM2
SIM3
SIM4
1
21
22
SIM5
SIM1
SIM2
SIM3
SIM4
1
21
22
SIM5
SIM1
SIM2
SIM3
SIM4
1
21
22
SIM5
SIM1
SIM2
SIM3
SIM4
1
21
22
SIM5
SIM1
SIM2
SIM3
SIM4
1
21
22
SIM5
SIM1
SIM2
SIM3
SIM4
1
21
22
SIM5
SIM1
SIM2
SIM3
SIM4
1
21
22
SIM5
SIM1
SIM2
SIM3
SIM4
1
21
22
SIM5
SIM1
SIM2
SIM3
SIM4
1
21
22
SIM5
SIM1
SIM2
SIM3
SIM4
1
21
22
SIM5
SIM1
SIM2
SIM3
SIM4
1
21
22
SIM5
SIM1
SIM2
SIM3
SIM4
1
21
22
SIM5
SIM1
SIM2
SIM3
SIM4
1
21
22
SIM5
SIM1
SIM2
SIM3
SIM4
1
21
22
SIM5
SIM1
SIM2
SIM3
SIM4
1
21
22
SIM5
SIM1
SIM2
SIM3
SIM4
1
21
22
SIM5
SIM1
SIM2
SIM3
SIM4
1
21
22
SIM5
SIM1
SIM2
SIM3
SIM4
1
21
22
SIM5
SIM1
SIM2
SIM3
SIM4
1
21
22
SIM5
SIM1
SIM2
SIM3
SIM4
1
21
22
SIM5
SIM1
SIM2
SIM3
SIM4
1
21
22
SIM5
SIM1
SIM2
SIM3
SIM4
1
21
22
SIM5
SIM1
SIM2
SIM3
SIM4
1
21
22
SIM5
SIM1
SIM2
SIM3
SIM4
1
21
22
SIM5
SIM1
SIM2
SIM3
SIM4
1
21
22
SIM5
SIM1
SIM2
SIM3
SIM4
1
21
22
SIM5
SIM1
SIM2
SIM3
SIM4
1
21
22
SIM5
SIM1
SIM2
SIM3
SIM4
1
21
22
SIM5
SIM1
SIM2
SIM3
SIM4
1
21
22
SIM5
SIM1
SIM2
SIM3
SIM4
1
21
22
SIM5
SIM1
SIM2
SIM3
SIM4
1
21
22
SIM5
SIM1
SIM2
SIM3
SIM4
1
21
22
SIM5
SIM1
SIM2
SIM3
SIM4
1
21
22
SIM5
SIM1
SIM2
SIM3
SIM4
1
21
22
SIM5
SIM1
SIM2
SIM3
SIM4
1
21
22
SIM5
SIM1
SIM2
SIM3
SIM4
1
21
22
SIM5
SIM1
SIM2
SIM3
SIM4
1
21
22
SIM5
SIM1
SIM2
SIM3
SIM4
1
21
22
SIM5
SIM1
SIM2
SIM3
SIM4
1
21
22
SIM5
SIM1
SIM2
SIM3
SIM4
1
21
22
SIM5
SIM1
SIM2
SIM3
SIM4
1
21
22
SIM5
SIM1
SIM2
SIM3
SIM4
1
21
22
SIM5
SIM1
SIM2
SIM3
SIM4
1
21
22
SIM5
SIM1
SIM2
SIM3
SIM4
1
21
22
SIM5
SIM1
SIM2
SIM3
SIM4
1
21
22
SIM5
SIM1
SIM2
SIM3
SIM4
1
21
22
SIM5
SIM1
SIM2
SIM3
SIM4
1
21
22
SIM5
SIM1
SIM2
SIM3
SIM4
1
21
22
SIM5
SIM1
SIM2
SIM3
SIM4
1
21
22
SIM5
SIM1
SIM2
SIM3
SIM4
1
21
22
SIM5
SIM1
SIM2
SIM3
SIM4
1
21
22
SIM5
SIM1
SIM2
SIM3
SIM4
1
21
22
SIM5
SIM1
SIM2
SIM3
SIM4
1
21
22
SIM5
SIM1
SIM2
SIM3
SIM4
1
21
22
SIM5
SIM1
SIM2
SIM3
SIM4
1
21
22
SIM5
SIM1
SIM2
SIM3
SIM4
1
21
22
SIM5
SIM1
SIM2
SIM3
SIM4
1
21
22
SIM5
SIM1
SIM2
SIM3
SIM4
1
21
22
SIM5
SIM1
SIM2
SIM3
SIM4
1
21
22
SIM5
SIM1
SIM2
SIM3
SIM4
1
21
22
SIM5
SIM1
SIM2
SIM3
SIM4
1
21
22
SIM5
SIM1
SIM2
SIM3
SIM4
1
21
22
SIM5
SIM1
SIM2
SIM3
SIM4
1
21
22
SIM5
SIM1
SIM2
SIM3
SIM4
1
21
22
SIM5
SIM1
SIM2
SIM3
SIM4
1
21
22
SIM5
SIM1
SIM2
SIM3
SIM4
1
21
22
SIM5
SIM1
SIM2
SIM3
SIM4
1
21
22
SIM5
SIM1
SIM2
SIM3
SIM4
1
21
22
SIM5
SIM1
SIM2
SIM3
SIM4
1
21
22
SIM5
SIM1
SIM2
SIM3
SIM4
1
21
22
SIM5
SIM1
SIM2
SIM3
SIM4
1
21
22
SIM5
SIM1
SIM2
SIM3
SIM4
1
21
22
SIM5
SIM1
SIM2
SIM3
SIM4
1
21
22
SIM5
SIM1
SIM2
SIM3
SIM4
1
21
22
SIM5
SIM1
SIM2
SIM3
SIM4
1
21
22
SIM5
SIM1
SIM2
SIM3
SIM4
1
21
22
SIM5
SIM1
SIM2
SIM3
SIM4
1
21
22
SIM5
SIM1
SIM2
SIM3
SIM4
1
21
22
SIM5
SIM1
SIM2
SIM3
SIM4
1
21
22
SIM5
SIM1
SIM2
SIM3
SIM4
1
21
22
SIM5
SIM1
SIM2
SIM3
SIM4
1
21
22
SIM5
SIM1
SIM2
SIM3
SIM4
1
21
22
SIM5
SIM1
SIM2
SIM3
SIM4
1
21
22
SIM5
SIM1
SIM2
SIM3
SIM4
1
21
22
SIM5
SIM1
SIM2
SIM3
SIM4
1
21
22
SIM5
SIM1
SIM2
SIM3
SIM4
1
21
22
SIM5
SIM1
SIM2
SIM3
SIM4
1
21
22
SIM5
SIM1
SIM2
SIM3
SIM4
1
21
22
SIM5
SIM1
SIM2
SIM3
SIM4
1
21
22
SIM5
SIM1
SIM2
SIM3
SIM4
1
21
22
SIM5
SIM1
SIM2
SIM3
SIM4
1
21
22
SIM5
SIM1
SIM2
SIM3
SIM4
1
21
22
SIM5
SIM1
SIM2
SIM3
SIM4
1
21
22
SIM5
SIM1
SIM2
SIM3
SIM4
1
21
22
SIM5
SIM1
SIM2
SIM3
SIM4
1
21
22
SIM5
SIM1
SIM2
SIM3
SIM4
1
21
22
SIM5
SIM1
SIM2
SIM3
SIM4
1
21
22
SIM5
SIM1
SIM2
SIM3
SIM4
1
21
22
SIM5
SIM1
SIM2
SIM3
SIM4
1
21
22
SIM5
SIM1
SIM2
SIM3
SIM4
1
21
22
SIM5
SIM1
SIM2
SIM3
SIM4
1
21
22
SIM5
SIM1
SIM2
SIM3
SIM4
1
21
22
SIM5
SIM1
SIM2
SIM3
SIM4
1
21
22
SIM5
SIM1
SIM2
SIM3
SIM4
1
21
22
SIM5
SIM1
SIM2
SIM3
SIM4
1
21
22
SIM5
SIM1
SIM2
SIM3
SIM4
1
21
22
SIM5
SIM1
SIM2
SIM3
SIM4
1
21
22
SIM5
SIM1
SIM2
SIM3
SIM4
1
21
22
SIM5
SIM1
SIM2
SIM3
SIM4
1
21
22
SIM5
SIM1
SIM2
SIM3
SIM4
1
21
22
SIM5
SIM1
SIM2
SIM3
SIM4
1
21
22
SIM5
SIM1
SIM2
SIM3
SIM4
1
21
22
SIM5
SIM1
SIM2
SIM3
SIM4
1
21
22
SIM5
SIM1
SIM2
SIM3
SIM4
1
21
22
SIM5
SIM1
SIM2
SIM3
SIM4
1
21
22
SIM5
SIM1
SIM2
SIM3
SIM4
1
21
22
SIM5
SIM1
SIM2
SIM3
SIM4
1
21
22
SIM5
SIM1
SIM2
SIM3
SIM4
1
21
22
SIM5
SIM1
SIM2
SIM3
SIM4
1
21
22
SIM5
SIM1
SIM2
SIM3
SIM4
1
21
22
SIM5
SIM1
SIM2
SIM3
SIM4
1
21
22
SIM5
SIM1
SIM2
SIM3
SIM4
1
21
22
SIM5
SIM1
SIM2
SIM3
SIM4
1
21
22
SIM5
SIM1
SIM2
SIM3
SIM4
1
21
22
SIM5
SIM1
SIM2
SIM3
SIM4
1
21
22
SIM5
SIM1
SIM2
SIM3
SIM4
1
21
22
SIM5
SIM1
SIM2
SIM3
SIM4
1
21
22
SIM5
SIM1
SIM2
SIM3
SIM4
1
21
22
SIM5
SIM1
SIM2
SIM3
SIM4
1
21
22
SIM5
SIM1
SIM2
SIM3
SIM4
1
21
22
SIM5
SIM1
SIM2
SIM3
SIM4
1
21
22
SIM5
SIM1
SIM2
SIM3
SIM4
1
21
22
SIM5
SIM1
SIM2
SIM3
SIM4
1
21
22
SIM5
SIM1
SIM2
SIM3
SIM4
1
21
22
SIM5
SIM1
SIM2
SIM3
SIM4
1
21
22
SIM5
SIM1
SIM2
SIM3
SIM4
1
21
22
SIM5
SIM1
SIM2
SIM3
SIM4
1
21
22
SIM5
SIM1
SIM2
SIM3
SIM4
1
21
22
SIM5
SIM1
SIM2
SIM3
SIM4
1
21
22
SIM5
SIM1
SIM2
SIM3
SIM4
1
21
22
SIM5
SIM1
SIM2
SIM3
SIM4
1
21
22
SIM5
SIM1
SIM2
SIM3
SIM4
1
21
22
SIM5
SIM1
SIM2
SIM3
SIM4
1
21
22
SIM5
SIM1
SIM2
SIM3
SIM4
1
21
22
SIM5
SIM1
SIM2
SIM3
SIM4
1
21
22
SIM5
SIM1
SIM2
SIM3
SIM4
1
21
22
SIM5
SIM1
SIM2
SIM3
SIM4
1
21
22
SIM5
SIM1
SIM2
SIM3
SIM4
1
21
22
SIM5
SIM1
SIM2
SIM3
SIM4
1
21
22
SIM5
SIM1
SIM2
SIM3
SIM4
1
21
22
SIM5
SIM1
SIM2
SIM3
SIM4
1
21
22
SIM5
SIM1
SIM2
SIM3
SIM4
1
21
22
SIM5
SIM1
SIM2
SIM3
SIM4
1
21
22
SIM5
SIM1
SIM2
SIM3
SIM4
1
21
22
SIM5
SIM1
SIM2
SIM3
SIM4
1
21
22
SIM5
SIM1
SIM2
SIM3
SIM4
1
21
22
SIM5
SIM1
SIM2
SIM3
SIM4
1
21
22
SIM5
SIM1
SIM2
SIM3
SIM4
1
21
22
SIM5
SIM1
SIM2
SIM3
SIM4
1
21
22
SIM5
SIM1
SIM2
SIM3
SIM4
1
21
22
SIM5
SIM1
SIM2
SIM3
SIM4
1
21
22
SIM5
SIM1
SIM2
SIM3
SIM4
1
21
22
SIM5
SIM1
SIM2
SIM3
SIM4
1
21
22
SIM5
SIM1
SIM2
SIM3
SIM4
1
21
22
SIM5
SIM1
SIM2
SIM3
SIM4
1
21
22
SIM5
SIM1
SIM2
SIM3
SIM4
1
21
22
SIM5
SIM1
SIM2
SIM3
SIM4
1
21
22
SIM5
SIM1
SIM2
SIM3
SIM4
1
21
22
SIM5
SIM1
SIM2
SIM3
SIM4
1
21
22
SIM5
SIM1
SIM2
SIM3
SIM4
1
21
22
SIM5
SIM1
SIM2
SIM3
SIM4
1
21
22
SIM5
SIM1
SIM2
SIM3
SIM4
1
21
22
SIM5
SIM1
SIM2
SIM3
SIM4
1
21
22
SIM5
SIM1
SIM2
SIM3
SIM4
1
21
22
SIM5
SIM1
SIM2
SIM3
SIM4
1
21
22
SIM5
SIM1
SIM2
SIM3
SIM4
1
21
22
SIM5
SIM1
SIM2
SIM3
SIM4
1
21
22
SIM5
SIM1
SIM2
SIM3
SIM4
1
21
22
SIM5
SIM1
SIM2
SIM3
SIM4
1
21
22
SIM5
SIM1
SIM2
SIM3
SIM4
1
21
22
SIM5
SIM1
SIM2
SIM3
SIM4
1
21
22
SIM5
SIM1
SIM2
SIM3
SIM4
1
21
22
SIM5
SIM1
SIM2
SIM3
SIM4
1
21
22
SIM5
SIM1
SIM2
SIM3
SIM4
1
21
22
SIM5
SIM1
SIM2
SIM3
SIM4
1
21
22
SIM5
SIM1
SIM2
SIM3
SIM4
1
21
22
SIM5
SIM1
SIM2
SIM3
SIM4
1
21
22
SIM5
SIM1
SIM2
SIM3
SIM4
1
21
22
SIM5
SIM1
SIM2
SIM3
SIM4
1
21
22
SIM5
SIM1
SIM2
SIM3
SIM4
1
21
22
SIM5
SIM1
SIM2
SIM3
SIM4
1
21
22
SIM5
SIM1
SIM2
SIM3
SIM4
1
21
22
SIM5
SIM1
SIM2
SIM3
SIM4
1
21
22
SIM5
SIM1
SIM2
SIM3
SIM4
1
21
22
SIM5
SIM1
SIM2
SIM3
SIM4
1
21
22
SIM5
SIM1
SIM2
SIM3
SIM4
1
21
22
SIM5
SIM1
SIM2
SIM3
SIM4
1
21
22
SIM5
SIM1
SIM2
SIM3
SIM4
1
21
22
SIM5
SIM1
SIM2
SIM3
SIM4
1
21
22
SIM5
SIM1
SIM2
SIM3
SIM4
1
21
22
SIM5
SIM1
SIM2
SIM3
SIM4
1
21
22
SIM5
SIM1
SIM2
SIM3
SIM4
1
21
22
SIM5
SIM1
SIM2
SIM3
SIM4
1
21
22
SIM5
SIM1
SIM2
SIM3
SIM4
1
21
22
SIM5
SIM1
SIM2
SIM3
SIM4
1
21
22
SIM5
SIM1
SIM2
SIM3
SIM4
1
21
22
SIM5
SIM1
SIM2
SIM3
SIM4
1
21
22
SIM5
SIM1
SIM2
SIM3
SIM4
1
21
22
SIM5
SIM1
SIM2
SIM3
SIM4
1
21
22
SIM5
SIM1
SIM2
SIM3
SIM4
1
21
22
SIM5
SIM1
SIM2
SIM3
SIM4
1
21
22
SIM5
SIM1
SIM2
SIM3
SIM4
1
21
22
SIM5
SIM1
SIM2
SIM3
SIM4
1
21
22
SIM5
SIM1
SIM2
SIM3
SIM4
1
21
22
SIM5
SIM1
SIM2
SIM3
SIM4
1
21
22
SIM5
SIM1
SIM2
SIM3
SIM4
1
21
22
SIM5
SIM1
SIM2
SIM3
SIM4
1
21
22
SIM5
SIM1
SIM2
SIM3
SIM4
1
21
22
SIM5
SIM1
SIM2
DEBUG 1 252
SIM1
SIM2
SIM3
SIM4
1
21
22
SIM5
SIM1
SIM2
SIM3
SIM4
1
21
22
SIM5
SIM1
SIM2
SIM3
SIM4
1
21
22
SIM5
SIM1
SIM2
SIM3
SIM4
1
21
22
SIM5
SIM1
SIM2
SIM3
SIM4
1
21
22
SIM5
SIM1
SIM2
SIM3
SIM4
1
21
22
SIM5
SIM1
SIM2
SIM3
SIM4
1
21
22
SIM5
SIM1
SIM2
SIM3
SIM4
1
21
22
SIM5
SIM1
SIM2
SIM3
SIM4
1
21
22
SIM5
SIM1
SIM2
SIM3
SIM4
1
21
22
SIM5
SIM1
SIM2
SIM3
SIM4
1
21
22
SIM5
SIM1
SIM2
SIM3
SIM4
1
21
22
SIM5
SIM1
SIM2
SIM3
SIM4
1
21
22
SIM5
SIM1
SIM2
SIM3
SIM4
1
21
22
SIM5
SIM1
SIM2
SIM3
SIM4
1
21
22
SIM5
SIM1
SIM2
SIM3
SIM4
1
21
22
SIM5
SIM1
SIM2
SIM3
SIM4
1
21
22
SIM5
SIM1
SIM2
SIM3
SIM4
1
21
22
SIM5
SIM1
SIM2
SIM3
SIM4
1
21
22
SIM5
SIM1
SIM2
SIM3
SIM4
1
21
22
SIM5
SIM1
SIM2
SIM3
SIM4
1
21
22
SIM5
SIM1
SIM2
SIM3
SIM4
1
21
22
SIM5
SIM1
SIM2
SIM3
SIM4
1
21
22
SIM5
SIM1
SIM2
SIM3
SIM4
1
21
22
SIM5
SIM1
SIM2
SIM3
SIM4
1
21
22
SIM5
SIM1
SIM2
SIM3
SIM4
1
21
22
SIM5
SIM1
SIM2
SIM3
SIM4
1
21
22
SIM5
SIM1
SIM2
SIM3
SIM4
1
21
22
SIM5
SIM1
SIM2
SIM3
SIM4
1
21
22
SIM5
SIM1
SIM2
SIM3
SIM4
1
21
22
SIM5
SIM1
SIM2
SIM3
SIM4
1
21
22
SIM5
SIM1
SIM2
SIM3
SIM4
1
21
22
SIM5
SIM1
SIM2
SIM3
SIM4
1
21
22
SIM5
SIM1
SIM2
SIM3
SIM4
1
21
22
SIM5
SIM1
SIM2
SIM3
SIM4
1
21
22
SIM5
SIM1
SIM2
SIM3
SIM4
1
21
22
SIM5
SIM1
SIM2
SIM3
SIM4
1
21
22
SIM5
SIM1
SIM2
SIM3
SIM4
1
21
22
SIM5
SIM1
SIM2
SIM3
SIM4
1
21
22
SIM5
SIM1
SIM2
SIM3
SIM4
1
21
22
SIM5
SIM1
SIM2
SIM3
SIM4
1
21
22
SIM5
SIM1
SIM2
SIM3
SIM4
1
21
22
SIM5
SIM1
SIM2
SIM3
SIM4
1
21
22
SIM5
SIM1
SIM2
SIM3
SIM4
1
21
22
SIM5
SIM1
SIM2
SIM3
SIM4
1
21
22
SIM5
SIM1
SIM2
SIM3
SIM4
1
21
22
SIM5
SIM1
SIM2
SIM3
SIM4
1
21
22
SIM5
SIM1
SIM2
SIM3
SIM4
1
21
22
SIM5
SIM1
SIM2
SIM3
SIM4
1
21
22
SIM5
SIM1
SIM2
SIM3
SIM4
1
21
22
SIM5
SIM1
SIM2
SIM3
SIM4
1
21
22
SIM5
SIM1
SIM2
SIM3
SIM4
1
21
22
SIM5
SIM1
SIM2
SIM3
SIM4
1
21
22
SIM5
SIM1
SIM2
SIM3
SIM4
1
21
22
SIM5
SIM1
SIM2
SIM3
SIM4
1
21
22
SIM5
SIM1
SIM2
SIM3
SIM4
1
21
22
SIM5
SIM1
SIM2
SIM3
SIM4
1
21
22
SIM5
SIM1
SIM2
SIM3
SIM4
1
21
22
SIM5
SIM1
SIM2
SIM3
SIM4
1
21
22
SIM5
SIM1
SIM2
SIM3
SIM4
1
21
22
SIM5
SIM1
SIM2
SIM3
SIM4
1
21
22
SIM5
SIM1
SIM2
SIM3
SIM4
1
21
22
SIM5
SIM1
SIM2
SIM3
SIM4
1
21
22
SIM5
SIM1
SIM2
SIM3
SIM4
1
21
22
SIM5
SIM1
SIM2
SIM3
SIM4
1
21
22
SIM5
SIM1
SIM2
SIM3
SIM4
1
21
22
SIM5
SIM1
SIM2
SIM3
SIM4
1
21
22
SIM5
SIM1
SIM2
SIM3
SIM4
1
21
22
SIM5
SIM1
SIM2
SIM3
SIM4
1
21
22
SIM5
SIM1
SIM2
SIM3
SIM4
1
21
22
SIM5
SIM1
SIM2
SIM3
SIM4
1
21
22
SIM5
SIM1
SIM2
SIM3
SIM4
1
21
22
SIM5
SIM1
SIM2
SIM3
SIM4
1
21
22
SIM5
SIM1
SIM2
SIM3
SIM4
1
21
22
SIM5
SIM1
SIM2
SIM3
SIM4
1
21
22
SIM5
SIM1
SIM2
SIM3
SIM4
1
21
22
SIM5
SIM1
SIM2
SIM3
SIM4
1
21
22
SIM5
SIM1
SIM2
SIM3
SIM4
1
21
22
SIM5
SIM1
SIM2
SIM3
SIM4
1
21
22
SIM5
SIM1
SIM2
SIM3
SIM4
1
21
22
SIM5
SIM1
SIM2
SIM3
SIM4
1
21
22
SIM5
SIM1
SIM2
SIM3
SIM4
1
21
22
SIM5
SIM1
SIM2
SIM3
SIM4
1
21
22
SIM5
SIM1
SIM2
SIM3
SIM4
1
21
22
SIM5
SIM1
SIM2
SIM3
SIM4
1
21
22
SIM5
SIM1
SIM2
SIM3
SIM4
1
21
22
SIM5
SIM1
SIM2
SIM3
SIM4
1
21
22
SIM5
SIM1
SIM2
SIM3
SIM4
1
21
22
SIM5
SIM1
SIM2
SIM3
SIM4
1
21
22
SIM5
SIM1
SIM2
SIM3
SIM4
1
21
22
SIM5
SIM1
SIM2
SIM3
SIM4
1
21
22
SIM5
SIM1
SIM2
SIM3
SIM4
1
21
22
SIM5
SIM1
SIM2
SIM3
SIM4
1
21
22
SIM5
SIM1
SIM2
SIM3
SIM4
1
21
22
SIM5
SIM1
SIM2
SIM3
SIM4
1
21
22
SIM5
SIM1
SIM2
SIM3
SIM4
1
21
22
SIM5
SIM1
SIM2
SIM3
SIM4
1
21
22
SIM5
SIM1
SIM2
SIM3
SIM4
1
21
22
SIM5
SIM1
SIM2
SIM3
SIM4
1
21
22
SIM5
SIM1
SIM2
SIM3
SIM4
1
21
22
SIM5
SIM1
SIM2
SIM3
SIM4
1
21
22
SIM5
SIM1
SIM2
SIM3
SIM4
1
21
22
SIM5
SIM1
SIM2
SIM3
SIM4
1
21
22
SIM5
SIM1
SIM2
SIM3
SIM4
1
21
22
SIM5
SIM1
SIM2
SIM3
SIM4
1
21
22
SIM5
SIM1
SIM2
SIM3
SIM4
1
21
22
SIM5
SIM1
SIM2
SIM3
SIM4
1
21
22
SIM5
SIM1
SIM2
SIM3
SIM4
1
21
22
SIM5
SIM1
SIM2
SIM3
SIM4
1
21
22
SIM5
SIM1
SIM2
SIM3
SIM4
1
21
22
SIM5
SIM1
SIM2
SIM3
SIM4
1
21
22
SIM5
SIM1
SIM2
SIM3
SIM4
1
21
22
SIM5
SIM1
SIM2
SIM3
SIM4
1
21
22
SIM5
SIM1
SIM2
SIM3
SIM4
1
21
22
SIM5
SIM1
SIM2
SIM3
SIM4
1
21
22
SIM5
SIM1
SIM2
SIM3
SIM4
1
21
22
SIM5
SIM1
SIM2
SIM3
SIM4
1
21
22
SIM5
SIM1
SIM2
SIM3
SIM4
1
21
22
SIM5
SIM1
SIM2
SIM3
SIM4
1
21
22
SIM5
SIM1
SIM2
SIM3
SIM4
1
21
22
SIM5
SIM1
SIM2
SIM3
SIM4
1
21
22
SIM5
SIM1
SIM2
SIM3
SIM4
1
21
22
SIM5
SIM1
SIM2
SIM3
SIM4
1
21
22
SIM5
SIM1
SIM2
SIM3
SIM4
1
21
22
SIM5
SIM1
SIM2
SIM3
SIM4
1
21
22
SIM5
SIM1
SIM2
SIM3
SIM4
1
21
22
SIM5
SIM1
SIM2
SIM3
SIM4
1
21
22
SIM5
SIM1
SIM2
SIM3
SIM4
1
21
22
SIM5
SIM1
SIM2
SIM3
SIM4
1
21
22
SIM5
SIM1
SIM2
SIM3
SIM4
1
21
22
SIM5
SIM1
SIM2
SIM3
SIM4
1
21
22
SIM5
SIM1
SIM2
SIM3
SIM4
1
21
22
SIM5
SIM1
SIM2
SIM3
SIM4
1
21
22
SIM5
SIM1
SIM2
SIM3
SIM4
1
21
22
SIM5
SIM1
SIM2
SIM3
SIM4
1
21
22
SIM5
SIM1
SIM2
SIM3
SIM4
1
21
22
SIM5
SIM1
SIM2
SIM3
SIM4
1
21
22
SIM5
SIM1
SIM2
SIM3
SIM4
1
21
22
SIM5
SIM1
SIM2
SIM3
SIM4
1
21
22
SIM5
SIM1
SIM2
SIM3
SIM4
1
21
22
SIM5
SIM1
SIM2
SIM3
SIM4
1
21
22
SIM5
SIM1
SIM2
SIM3
SIM4
1
21
22
SIM5
SIM1
SIM2
SIM3
SIM4
1
21
22
SIM5
SIM1
SIM2
SIM3
SIM4
1
21
22
SIM5
SIM1
SIM2
SIM3
SIM4
1
21
22
SIM5
SIM1
SIM2
SIM3
SIM4
1
21
22
SIM5
SIM1
SIM2
DEBUG 1 253
SIM1
SIM2
SIM3
SIM4
1
21
22
SIM5
SIM1
SIM2
SIM3
SIM4
1
21
22
SIM5
SIM1
SIM2
SIM3
SIM4
1
21
22
SIM5
SIM1
SIM2
SIM3
SIM4
1
21
22
SIM5
SIM1
SIM2
SIM3
SIM4
1
21
22
SIM5
SIM1
SIM2
SIM3
SIM4
1
21
22
SIM5
SIM1
SIM2
SIM3
SIM4
1
21
22
SIM5
SIM1
SIM2
SIM3
SIM4
1
21
22
SIM5
SIM1
SIM2
SIM3
SIM4
1
21
22
SIM5
SIM1
SIM2
SIM3
SIM4
1
21
22
SIM5
SIM1
SIM2
SIM3
SIM4
1
21
22
SIM5
SIM1
SIM2
SIM3
SIM4
1
21
22
SIM5
SIM1
SIM2
SIM3
SIM4
1
21
22
SIM5
SIM1
SIM2
SIM3
SIM4
1
21
22
SIM5
SIM1
SIM2
SIM3
SIM4
1
21
22
SIM5
SIM1
SIM2
SIM3
SIM4
1
21
22
SIM5
SIM1
SIM2
SIM3
SIM4
1
21
22
SIM5
SIM1
SIM2
SIM3
SIM4
1
21
22
SIM5
SIM1
SIM2
SIM3
SIM4
1
21
22
SIM5
SIM1
SIM2
SIM3
SIM4
1
21
22
SIM5
SIM1
SIM2
SIM3
SIM4
1
21
22
SIM5
SIM1
SIM2
SIM3
SIM4
1
21
22
SIM5
SIM1
SIM2
SIM3
SIM4
1
21
22
SIM5
SIM1
SIM2
SIM3
SIM4
1
21
22
SIM5
SIM1
SIM2
SIM3
SIM4
1
21
22
SIM5
SIM1
SIM2
SIM3
SIM4
1
21
22
SIM5
SIM1
SIM2
SIM3
SIM4
1
21
22
SIM5
SIM1
SIM2
SIM3
SIM4
1
21
22
SIM5
SIM1
SIM2
SIM3
SIM4
1
21
22
SIM5
SIM1
SIM2
SIM3
SIM4
1
21
22
SIM5
SIM1
SIM2
SIM3
SIM4
1
21
22
SIM5
SIM1
SIM2
SIM3
SIM4
1
21
22
SIM5
SIM1
SIM2
SIM3
SIM4
1
21
22
SIM5
SIM1
SIM2
SIM3
SIM4
1
21
22
SIM5
SIM1
SIM2
SIM3
SIM4
1
21
22
SIM5
SIM1
SIM2
SIM3
SIM4
1
21
22
SIM5
SIM1
SIM2
SIM3
SIM4
1
21
22
SIM5
SIM1
SIM2
SIM3
SIM4
1
21
22
SIM5
SIM1
SIM2
SIM3
SIM4
1
21
22
SIM5
SIM1
SIM2
SIM3
SIM4
1
21
22
SIM5
SIM1
SIM2
SIM3
SIM4
1
21
22
SIM5
SIM1
SIM2
SIM3
SIM4
1
21
22
SIM5
SIM1
SIM2
SIM3
SIM4
1
21
22
SIM5
SIM1
SIM2
SIM3
SIM4
1
21
22
SIM5
SIM1
SIM2
SIM3
SIM4
1
21
22
SIM5
SIM1
SIM2
SIM3
SIM4
1
21
22
SIM5
SIM1
SIM2
SIM3
SIM4
1
21
22
SIM5
SIM1
SIM2
SIM3
SIM4
1
21
22
SIM5
SIM1
SIM2
SIM3
SIM4
1
21
22
SIM5
SIM1
SIM2
SIM3
SIM4
1
21
22
SIM5
SIM1
SIM2
SIM3
SIM4
1
21
22
SIM5
SIM1
SIM2
SIM3
SIM4
1
21
22
SIM5
SIM1
SIM2
SIM3
SIM4
1
21
22
SIM5
SIM1
SIM2
SIM3
SIM4
1
21
22
SIM5
SIM1
SIM2
SIM3
SIM4
1
21
22
SIM5
SIM1
SIM2
SIM3
SIM4
1
21
22
SIM5
SIM1
SIM2
SIM3
SIM4
1
21
22
SIM5
SIM1
SIM2
SIM3
SIM4
1
21
22
SIM5
SIM1
SIM2
SIM3
SIM4
1
21
22
SIM5
SIM1
SIM2
SIM3
SIM4
1
21
22
SIM5
SIM1
SIM2
SIM3
SIM4
1
21
22
SIM5
SIM1
SIM2
SIM3
SIM4
1
21
22
SIM5
SIM1
SIM2
SIM3
SIM4
1
21
22
SIM5
SIM1
SIM2
SIM3
SIM4
1
21
22
SIM5
SIM1
SIM2
SIM3
SIM4
1
21
22
SIM5
SIM1
SIM2
SIM3
SIM4
1
21
22
SIM5
SIM1
SIM2
SIM3
SIM4
1
21
22
SIM5
SIM1
SIM2
SIM3
SIM4
1
21
22
SIM5
SIM1
SIM2
SIM3
SIM4
1
21
22
SIM5
SIM1
SIM2
SIM3
SIM4
1
21
22
SIM5
SIM1
SIM2
SIM3
SIM4
1
21
22
SIM5
SIM1
SIM2
SIM3
SIM4
1
21
22
SIM5
SIM1
SIM2
SIM3
SIM4
1
21
22
SIM5
SIM1
SIM2
SIM3
SIM4
1
21
22
SIM5
SIM1
SIM2
SIM3
SIM4
1
21
22
SIM5
SIM1
SIM2
SIM3
SIM4
1
21
22
SIM5
SIM1
SIM2
SIM3
SIM4
1
21
22
SIM5
SIM1
SIM2
SIM3
SIM4
1
21
22
SIM5
SIM1
SIM2
SIM3
SIM4
1
21
22
SIM5
SIM1
SIM2
SIM3
SIM4
1
21
22
SIM5
SIM1
SIM2
SIM3
SIM4
1
21
22
SIM5
SIM1
SIM2
SIM3
SIM4
1
21
22
SIM5
SIM1
SIM2
SIM3
SIM4
1
21
22
SIM5
SIM1
SIM2
SIM3
SIM4
1
21
22
SIM5
SIM1
SIM2
SIM3
SIM4
1
21
22
SIM5
SIM1
SIM2
SIM3
SIM4
1
21
22
SIM5
SIM1
SIM2
SIM3
SIM4
1
21
22
SIM5
SIM1
SIM2
SIM3
SIM4
1
21
22
SIM5
SIM1
SIM2
SIM3
SIM4
1
21
22
SIM5
SIM1
SIM2
SIM3
SIM4
1
21
22
SIM5
SIM1
SIM2
SIM3
SIM4
1
21
22
SIM5
SIM1
SIM2
SIM3
SIM4
1
21
22
SIM5
SIM1
SIM2
SIM3
SIM4
1
21
22
SIM5
SIM1
SIM2
SIM3
SIM4
1
21
22
SIM5
SIM1
SIM2
SIM3
SIM4
1
21
22
SIM5
SIM1
SIM2
SIM3
SIM4
1
21
22
SIM5
SIM1
SIM2
SIM3
SIM4
1
21
22
SIM5
SIM1
SIM2
SIM3
SIM4
1
21
22
SIM5
SIM1
SIM2
SIM3
SIM4
1
21
22
SIM5
SIM1
SIM2
SIM3
SIM4
1
21
22
SIM5
SIM1
SIM2
SIM3
SIM4
1
21
22
SIM5
SIM1
SIM2
SIM3
SIM4
1
21
22
SIM5
SIM1
SIM2
SIM3
SIM4
1
21
22
SIM5
SIM1
SIM2
SIM3
SIM4
1
21
22
SIM5
SIM1
SIM2
SIM3
SIM4
1
21
22
SIM5
SIM1
SIM2
SIM3
SIM4
1
21
22
SIM5
SIM1
SIM2
SIM3
SIM4
1
21
22
SIM5
SIM1
SIM2
SIM3
SIM4
1
21
22
SIM5
SIM1
SIM2
SIM3
SIM4
1
21
22
SIM5
SIM1
SIM2
SIM3
SIM4
1
21
22
SIM5
SIM1
SIM2
SIM3
SIM4
1
21
22
SIM5
SIM1
SIM2
SIM3
SIM4
1
21
22
SIM5
SIM1
SIM2
SIM3
SIM4
1
21
22
SIM5
SIM1
SIM2
SIM3
SIM4
1
21
22
SIM5
SIM1
SIM2
SIM3
SIM4
1
21
22
SIM5
SIM1
SIM2
SIM3
SIM4
1
21
22
SIM5
SIM1
SIM2
SIM3
SIM4
1
21
22
SIM5
SIM1
SIM2
SIM3
SIM4
1
21
22
SIM5
SIM1
SIM2
SIM3
SIM4
1
21
22
SIM5
SIM1
SIM2
SIM3
SIM4
1
21
22
SIM5
SIM1
SIM2
SIM3
SIM4
1
21
22
SIM5
SIM1
SIM2
SIM3
SIM4
1
21
22
SIM5
SIM1
SIM2
SIM3
SIM4
1
21
22
SIM5
SIM1
SIM2
SIM3
SIM4
1
21
22
SIM5
SIM1
SIM2
SIM3
SIM4
1
21
22
SIM5
SIM1
SIM2
SIM3
SIM4
1
21
22
SIM5
SIM1
SIM2
SIM3
SIM4
1
21
22
SIM5
SIM1
SIM2
SIM3
SIM4
1
21
22
SIM5
SIM1
SIM2
SIM3
SIM4
1
21
22
SIM5
SIM1
SIM2
SIM3
SIM4
1
21
22
SIM5
SIM1
SIM2
SIM3
SIM4
1
21
22
SIM5
SIM1
SIM2
SIM3
SIM4
1
21
22
SIM5
SIM1
SIM2
SIM3
SIM4
1
21
22
SIM5
SIM1
SIM2
SIM3
SIM4
1
21
22
SIM5
SIM1
SIM2
SIM3
SIM4
1
21
22
SIM5
SIM1
SIM2
SIM3
SIM4
1
21
22
SIM5
SIM1
SIM2
SIM3
SIM4
1
21
22
SIM5
SIM1
SIM2
SIM3
SIM4
1
21
22
SIM5
SIM1
SIM2
SIM3
SIM4
1
21
22
SIM5
SIM1
SIM2
SIM3
SIM4
1
21
22
SIM5
SIM1
SIM2
SIM3
SIM4
1
21
22
SIM5
SIM1
SIM2
SIM3
SIM4
1
21
22
SIM5
SIM1
SIM2
SIM3
SIM4
1
21
22
SIM5
SIM1
SIM2
SIM3
SIM4
1
21
22
SIM5
SIM1
SIM2
SIM3
SIM4
1
21
22
SIM5
SIM1
SIM2
SIM3
SIM4
1
21
22
SIM5
SIM1
SIM2
SIM3
SIM4
1
21
22
SIM5
SIM1
SIM2
SIM3
SIM4
1
21
22
SIM5
SIM1
SIM2
SIM3
SIM4
1
21
22
SIM5
SIM1
SIM2
SIM3
SIM4
1
21
22
SIM5
SIM1
SIM2
SIM3
SIM4
1
21
22
SIM5
SIM1
SIM2
SIM3
SIM4
1
21
22
SIM5
SIM1
SIM2
SIM3
SIM4
1
21
22
SIM5
SIM1
SIM2
DEBUG 1 254
SIM1
SIM2
SIM3
SIM4
1
21
22
SIM5
SIM1
SIM2
SIM3
SIM4
1
21
22
SIM5
SIM1
SIM2
SIM3
SIM4
1
21
22
SIM5
SIM1
SIM2
SIM3
SIM4
1
21
22
SIM5
SIM1
SIM2
SIM3
SIM4
1
21
22
SIM5
SIM1
SIM2
SIM3
SIM4
1
21
22
SIM5
SIM1
SIM2
SIM3
SIM4
1
21
22
SIM5
SIM1
SIM2
SIM3
SIM4
1
21
22
SIM5
SIM1
SIM2
SIM3
SIM4
1
21
22
SIM5
SIM1
SIM2
SIM3
SIM4
1
21
22
SIM5
SIM1
SIM2
SIM3
SIM4
1
21
22
SIM5
SIM1
SIM2
SIM3
SIM4
1
21
22
SIM5
SIM1
SIM2
SIM3
SIM4
1
21
22
SIM5
SIM1
SIM2
SIM3
SIM4
1
21
22
SIM5
SIM1
SIM2
SIM3
SIM4
1
21
22
SIM5
SIM1
SIM2
SIM3
SIM4
1
21
22
SIM5
SIM1
SIM2
SIM3
SIM4
1
21
22
SIM5
SIM1
SIM2
SIM3
SIM4
1
21
22
SIM5
SIM1
SIM2
SIM3
SIM4
1
21
22
SIM5
SIM1
SIM2
SIM3
SIM4
1
21
22
SIM5
SIM1
SIM2
SIM3
SIM4
1
21
22
SIM5
SIM1
SIM2
SIM3
SIM4
1
21
22
SIM5
SIM1
SIM2
SIM3
SIM4
1
21
22
SIM5
SIM1
SIM2
SIM3
SIM4
1
21
22
SIM5
SIM1
SIM2
SIM3
SIM4
1
21
22
SIM5
SIM1
SIM2
SIM3
SIM4
1
21
22
SIM5
SIM1
SIM2
SIM3
SIM4
1
21
22
SIM5
SIM1
SIM2
SIM3
SIM4
1
21
22
SIM5
SIM1
SIM2
SIM3
SIM4
1
21
22
SIM5
SIM1
SIM2
SIM3
SIM4
1
21
22
SIM5
SIM1
SIM2
SIM3
SIM4
1
21
22
SIM5
SIM1
SIM2
SIM3
SIM4
1
21
22
SIM5
SIM1
SIM2
SIM3
SIM4
1
21
22
SIM5
SIM1
SIM2
SIM3
SIM4
1
21
22
SIM5
SIM1
SIM2
SIM3
SIM4
1
21
22
SIM5
SIM1
SIM2
SIM3
SIM4
1
21
22
SIM5
SIM1
SIM2
SIM3
SIM4
1
21
22
SIM5
SIM1
SIM2
SIM3
SIM4
1
21
22
SIM5
SIM1
SIM2
SIM3
SIM4
1
21
22
SIM5
SIM1
SIM2
SIM3
SIM4
1
21
22
SIM5
SIM1
SIM2
SIM3
SIM4
1
21
22
SIM5
SIM1
SIM2
SIM3
SIM4
1
21
22
SIM5
SIM1
SIM2
SIM3
SIM4
1
21
22
SIM5
SIM1
SIM2
SIM3
SIM4
1
21
22
SIM5
SIM1
SIM2
SIM3
SIM4
1
21
22
SIM5
SIM1
SIM2
SIM3
SIM4
1
21
22
SIM5
SIM1
SIM2
SIM3
SIM4
1
21
22
SIM5
SIM1
SIM2
SIM3
SIM4
1
21
22
SIM5
SIM1
SIM2
SIM3
SIM4
1
21
22
SIM5
SIM1
SIM2
SIM3
SIM4
1
21
22
SIM5
SIM1
SIM2
SIM3
SIM4
1
21
22
SIM5
SIM1
SIM2
SIM3
SIM4
1
21
22
SIM5
SIM1
SIM2
SIM3
SIM4
1
21
22
SIM5
SIM1
SIM2
SIM3
SIM4
1
21
22
SIM5
SIM1
SIM2
SIM3
SIM4
1
21
22
SIM5
SIM1
SIM2
SIM3
SIM4
1
21
22
SIM5
SIM1
SIM2
SIM3
SIM4
1
21
22
SIM5
SIM1
SIM2
SIM3
SIM4
1
21
22
SIM5
SIM1
SIM2
SIM3
SIM4
1
21
22
SIM5
SIM1
SIM2
SIM3
SIM4
1
21
22
SIM5
SIM1
SIM2
SIM3
SIM4
1
21
22
SIM5
SIM1
SIM2
SIM3
SIM4
1
21
22
SIM5
SIM1
SIM2
SIM3
SIM4
1
21
22
SIM5
SIM1
SIM2
SIM3
SIM4
1
21
22
SIM5
SIM1
SIM2
SIM3
SIM4
1
21
22
SIM5
SIM1
SIM2
SIM3
SIM4
1
21
22
SIM5
SIM1
SIM2
SIM3
SIM4
1
21
22
SIM5
SIM1
SIM2
SIM3
SIM4
1
21
22
SIM5
SIM1
SIM2
SIM3
SIM4
1
21
22
SIM5
SIM1
SIM2
SIM3
SIM4
1
21
22
SIM5
SIM1
SIM2
SIM3
SIM4
1
21
22
SIM5
SIM1
SIM2
SIM3
SIM4
1
21
22
SIM5
SIM1
SIM2
SIM3
SIM4
1
21
22
SIM5
SIM1
SIM2
SIM3
SIM4
1
21
22
SIM5
SIM1
SIM2
SIM3
SIM4
1
21
22
SIM5
SIM1
SIM2
SIM3
SIM4
1
21
22
SIM5
SIM1
SIM2
SIM3
SIM4
1
21
22
SIM5
SIM1
SIM2
SIM3
SIM4
1
21
22
SIM5
SIM1
SIM2
SIM3
SIM4
1
21
22
SIM5
SIM1
SIM2
SIM3
SIM4
1
21
22
SIM5
SIM1
SIM2
SIM3
SIM4
1
21
22
SIM5
SIM1
SIM2
SIM3
SIM4
1
21
22
SIM5
SIM1
SIM2
SIM3
SIM4
1
21
22
SIM5
SIM1
SIM2
SIM3
SIM4
1
21
22
SIM5
SIM1
SIM2
SIM3
SIM4
1
21
22
SIM5
SIM1
SIM2
SIM3
SIM4
1
21
22
SIM5
SIM1
SIM2
SIM3
SIM4
1
21
22
SIM5
SIM1
SIM2
SIM3
SIM4
1
21
22
SIM5
SIM1
SIM2
SIM3
SIM4
1
21
22
SIM5
SIM1
SIM2
SIM3
SIM4
1
21
22
SIM5
SIM1
SIM2
SIM3
SIM4
1
21
22
SIM5
SIM1
SIM2
SIM3
SIM4
1
21
22
SIM5
SIM1
SIM2
SIM3
SIM4
1
21
22
SIM5
SIM1
SIM2
SIM3
SIM4
1
21
22
SIM5
SIM1
SIM2
SIM3
SIM4
1
21
22
SIM5
SIM1
SIM2
SIM3
SIM4
1
21
22
SIM5
SIM1
SIM2
SIM3
SIM4
1
21
22
SIM5
SIM1
SIM2
SIM3
SIM4
1
21
22
SIM5
SIM1
SIM2
SIM3
SIM4
1
21
22
SIM5
SIM1
SIM2
SIM3
SIM4
1
21
22
SIM5
SIM1
SIM2
SIM3
SIM4
1
21
22
SIM5
SIM1
SIM2
SIM3
SIM4
1
21
22
SIM5
SIM1
SIM2
SIM3
SIM4
1
21
22
SIM5
SIM1
SIM2
SIM3
SIM4
1
21
22
SIM5
SIM1
SIM2
SIM3
SIM4
1
21
22
SIM5
SIM1
SIM2
SIM3
SIM4
1
21
22
SIM5
SIM1
SIM2
SIM3
SIM4
1
21
22
SIM5
SIM1
SIM2
SIM3
SIM4
1
21
22
SIM5
SIM1
SIM2
SIM3
SIM4
1
21
22
SIM5
SIM1
SIM2
SIM3
SIM4
1
21
22
SIM5
SIM1
SIM2
SIM3
SIM4
1
21
22
SIM5
SIM1
SIM2
SIM3
SIM4
1
21
22
SIM5
SIM1
SIM2
SIM3
SIM4
1
21
22
SIM5
SIM1
SIM2
SIM3
SIM4
1
21
22
SIM5
SIM1
SIM2
SIM3
SIM4
1
21
22
SIM5
SIM1
SIM2
SIM3
SIM4
1
21
22
SIM5
SIM1
SIM2
SIM3
SIM4
1
21
22
SIM5
SIM1
SIM2
SIM3
SIM4
1
21
22
SIM5
SIM1
SIM2
SIM3
SIM4
1
21
22
SIM5
SIM1
SIM2
SIM3
SIM4
1
21
22
SIM5
SIM1
SIM2
SIM3
SIM4
1
21
22
SIM5
SIM1
SIM2
SIM3
SIM4
1
21
22
SIM5
SIM1
SIM2
SIM3
SIM4
1
21
22
SIM5
SIM1
SIM2
SIM3
SIM4
1
21
22
SIM5
SIM1
SIM2
SIM3
SIM4
1
21
22
SIM5
SIM1
SIM2
SIM3
SIM4
1
21
22
SIM5
SIM1
SIM2
SIM3
SIM4
1
21
22
SIM5
SIM1
SIM2
SIM3
SIM4
1
21
22
SIM5
SIM1
SIM2
SIM3
SIM4
1
21
22
SIM5
SIM1
SIM2
SIM3
SIM4
1
21
22
SIM5
SIM1
SIM2
SIM3
SIM4
1
21
22
SIM5
SIM1
SIM2
SIM3
SIM4
1
21
22
SIM5
SIM1
SIM2
SIM3
SIM4
1
21
22
SIM5
SIM1
SIM2
SIM3
SIM4
1
21
22
SIM5
SIM1
SIM2
SIM3
SIM4
1
21
22
SIM5
SIM1
SIM2
SIM3
SIM4
1
21
22
SIM5
SIM1
SIM2
SIM3
SIM4
1
21
22
SIM5
SIM1
SIM2
SIM3
SIM4
1
21
22
SIM5
SIM1
SIM2
SIM3
SIM4
1
21
22
SIM5
SIM1
SIM2
SIM3
SIM4
1
21
22
SIM5
SIM1
SIM2
SIM3
SIM4
1
21
22
SIM5
SIM1
SIM2
SIM3
SIM4
1
21
22
SIM5
SIM1
SIM2
SIM3
SIM4
1
21
22
SIM5
SIM1
SIM2
SIM3
SIM4
1
21
22
SIM5
SIM1
SIM2
SIM3
SIM4
1
21
22
SIM5
SIM1
SIM2
SIM3
SIM4
1
21
22
SIM5
SIM1
SIM2
SIM3
SIM4
1
21
22
SIM5
SIM1
SIM2
SIM3
SIM4
1
21
22
SIM5
SIM1
SIM2
SIM3
SIM4
1
21
22
SIM5
SIM1
SIM2
SIM3
SIM4
1
21
22
SIM5
SIM1
SIM2
SIM3
SIM4
1
21
22
SIM5
SIM1
SIM2
DEBUG 1 255
SIM1
SIM2
SIM3
SIM4
1
21
22
SIM5
SIM1
SIM2
SIM3
SIM4
1
21
22
SIM5
SIM1
SIM2
SIM3
SIM4
1
21
22
SIM5
SIM1
SIM2
SIM3
SIM4
1
21
22
SIM5
SIM1
SIM2
SIM3
SIM4
1
21
22
SIM5
SIM1
SIM2
SIM3
SIM4
1
21
22
SIM5
SIM1
SIM2
SIM3
SIM4
1
21
22
SIM5
SIM1
SIM2
SIM3
SIM4
1
21
22
SIM5
SIM1
SIM2
SIM3
SIM4
1
21
22
SIM5
SIM1
SIM2
SIM3
SIM4
1
21
22
SIM5
SIM1
SIM2
SIM3
SIM4
1
21
22
SIM5
SIM1
SIM2
SIM3
SIM4
1
21
22
SIM5
SIM1
SIM2
SIM3
SIM4
1
21
22
SIM5
SIM1
SIM2
SIM3
SIM4
1
21
22
SIM5
SIM1
SIM2
SIM3
SIM4
1
21
22
SIM5
SIM1
SIM2
SIM3
SIM4
1
21
22
SIM5
SIM1
SIM2
SIM3
SIM4
1
21
22
SIM5
SIM1
SIM2
SIM3
SIM4
1
21
22
SIM5
SIM1
SIM2
SIM3
SIM4
1
21
22
SIM5
SIM1
SIM2
SIM3
SIM4
1
21
22
SIM5
SIM1
SIM2
SIM3
SIM4
1
21
22
SIM5
SIM1
SIM2
SIM3
SIM4
1
21
22
SIM5
SIM1
SIM2
SIM3
SIM4
1
21
22
SIM5
SIM1
SIM2
SIM3
SIM4
1
21
22
SIM5
SIM1
SIM2
SIM3
SIM4
1
21
22
SIM5
SIM1
SIM2
SIM3
SIM4
1
21
22
SIM5
SIM1
SIM2
SIM3
SIM4
1
21
22
SIM5
SIM1
SIM2
SIM3
SIM4
1
21
22
SIM5
SIM1
SIM2
SIM3
SIM4
1
21
22
SIM5
SIM1
SIM2
SIM3
SIM4
1
21
22
SIM5
SIM1
SIM2
SIM3
SIM4
1
21
22
SIM5
SIM1
SIM2
SIM3
SIM4
1
21
22
SIM5
SIM1
SIM2
SIM3
SIM4
1
21
22
SIM5
SIM1
SIM2
SIM3
SIM4
1
21
22
SIM5
SIM1
SIM2
SIM3
SIM4
1
21
22
SIM5
SIM1
SIM2
SIM3
SIM4
1
21
22
SIM5
SIM1
SIM2
SIM3
SIM4
1
21
22
SIM5
SIM1
SIM2
SIM3
SIM4
1
21
22
SIM5
SIM1
SIM2
SIM3
SIM4
1
21
22
SIM5
SIM1
SIM2
SIM3
SIM4
1
21
22
SIM5
SIM1
SIM2
SIM3
SIM4
1
21
22
SIM5
SIM1
SIM2
SIM3
SIM4
1
21
22
SIM5
SIM1
SIM2
SIM3
SIM4
1
21
22
SIM5
SIM1
SIM2
SIM3
SIM4
1
21
22
SIM5
SIM1
SIM2
SIM3
SIM4
1
21
22
SIM5
SIM1
SIM2
SIM3
SIM4
1
21
22
SIM5
SIM1
SIM2
SIM3
SIM4
1
21
22
SIM5
SIM1
SIM2
SIM3
SIM4
1
21
22
SIM5
SIM1
SIM2
SIM3
SIM4
1
21
22
SIM5
SIM1
SIM2
SIM3
SIM4
1
21
22
SIM5
SIM1
SIM2
SIM3
SIM4
1
21
22
SIM5
SIM1
SIM2
SIM3
SIM4
1
21
22
SIM5
SIM1
SIM2
SIM3
SIM4
1
21
22
SIM5
SIM1
SIM2
SIM3
SIM4
1
21
22
SIM5
SIM1
SIM2
SIM3
SIM4
1
21
22
SIM5
SIM1
SIM2
SIM3
SIM4
1
21
22
SIM5
SIM1
SIM2
SIM3
SIM4
1
21
22
SIM5
SIM1
SIM2
SIM3
SIM4
1
21
22
SIM5
SIM1
SIM2
SIM3
SIM4
1
21
22
SIM5
SIM1
SIM2
SIM3
SIM4
1
21
22
SIM5
SIM1
SIM2
SIM3
SIM4
1
21
22
SIM5
SIM1
SIM2
SIM3
SIM4
1
21
22
SIM5
SIM1
SIM2
SIM3
SIM4
1
21
22
SIM5
SIM1
SIM2
SIM3
SIM4
1
21
22
SIM5
SIM1
SIM2
SIM3
SIM4
1
21
22
SIM5
SIM1
SIM2
SIM3
SIM4
1
21
22
SIM5
SIM1
SIM2
SIM3
SIM4
1
21
22
SIM5
SIM1
SIM2
SIM3
SIM4
1
21
22
SIM5
SIM1
SIM2
SIM3
SIM4
1
21
22
SIM5
SIM1
SIM2
SIM3
SIM4
1
21
22
SIM5
SIM1
SIM2
SIM3
SIM4
1
21
22
SIM5
SIM1
SIM2
SIM3
SIM4
1
21
22
SIM5
SIM1
SIM2
SIM3
SIM4
1
21
22
SIM5
SIM1
SIM2
SIM3
SIM4
1
21
22
SIM5
SIM1
SIM2
SIM3
SIM4
1
21
22
SIM5
SIM1
SIM2
SIM3
SIM4
1
21
22
SIM5
SIM1
SIM2
SIM3
SIM4
1
21
22
SIM5
SIM1
SIM2
SIM3
SIM4
1
21
22
SIM5
SIM1
SIM2
SIM3
SIM4
1
21
22
SIM5
SIM1
SIM2
SIM3
SIM4
1
21
22
SIM5
SIM1
SIM2
SIM3
SIM4
1
21
22
SIM5
SIM1
SIM2
SIM3
SIM4
1
21
22
SIM5
SIM1
SIM2
SIM3
SIM4
1
21
22
SIM5
SIM1
SIM2
SIM3
SIM4
1
21
22
SIM5
SIM1
SIM2
SIM3
SIM4
1
21
22
SIM5
SIM1
SIM2
SIM3
SIM4
1
21
22
SIM5
SIM1
SIM2
SIM3
SIM4
1
21
22
SIM5
SIM1
SIM2
SIM3
SIM4
1
21
22
SIM5
SIM1
SIM2
SIM3
SIM4
1
21
22
SIM5
SIM1
SIM2
SIM3
SIM4
1
21
22
SIM5
SIM1
SIM2
SIM3
SIM4
1
21
22
SIM5
SIM1
SIM2
SIM3
SIM4
1
21
22
SIM5
SIM1
SIM2
SIM3
SIM4
1
21
22
SIM5
SIM1
SIM2
SIM3
SIM4
1
21
22
SIM5
SIM1
SIM2
SIM3
SIM4
1
21
22
SIM5
SIM1
SIM2
SIM3
SIM4
1
21
22
SIM5
SIM1
SIM2
SIM3
SIM4
1
21
22
SIM5
SIM1
SIM2
SIM3
SIM4
1
21
22
SIM5
SIM1
SIM2
SIM3
SIM4
1
21
22
SIM5
SIM1
SIM2
SIM3
SIM4
1
21
22
SIM5
SIM1
SIM2
SIM3
SIM4
1
21
22
SIM5
SIM1
SIM2
SIM3
SIM4
1
21
22
SIM5
SIM1
SIM2
SIM3
SIM4
1
21
22
SIM5
SIM1
SIM2
SIM3
SIM4
1
21
22
SIM5
SIM1
SIM2
SIM3
SIM4
1
21
22
SIM5
SIM1
SIM2
SIM3
SIM4
1
21
22
SIM5
SIM1
SIM2
SIM3
SIM4
1
21
22
SIM5
SIM1
SIM2
SIM3
SIM4
1
21
22
SIM5
SIM1
SIM2
SIM3
SIM4
1
21
22
SIM5
SIM1
SIM2
SIM3
SIM4
1
21
22
SIM5
SIM1
SIM2
SIM3
SIM4
1
21
22
SIM5
SIM1
SIM2
SIM3
SIM4
1
21
22
SIM5
SIM1
SIM2
SIM3
SIM4
1
21
22
SIM5
SIM1
SIM2
SIM3
SIM4
1
21
22
SIM5
SIM1
SIM2
SIM3
SIM4
1
21
22
SIM5
SIM1
SIM2
SIM3
SIM4
1
21
22
SIM5
SIM1
SIM2
SIM3
SIM4
1
21
22
SIM5
SIM1
SIM2
SIM3
SIM4
1
21
22
SIM5
SIM1
SIM2
SIM3
SIM4
1
21
22
SIM5
SIM1
SIM2
SIM3
SIM4
1
21
22
SIM5
SIM1
SIM2
SIM3
SIM4
1
21
22
SIM5
SIM1
SIM2
SIM3
SIM4
1
21
22
SIM5
SIM1
SIM2
SIM3
SIM4
1
21
22
SIM5
SIM1
SIM2
SIM3
SIM4
1
21
22
SIM5
SIM1
SIM2
SIM3
SIM4
1
21
22
SIM5
SIM1
SIM2
SIM3
SIM4
1
21
22
SIM5
SIM1
SIM2
SIM3
SIM4
1
21
22
SIM5
SIM1
SIM2
SIM3
SIM4
1
21
22
SIM5
SIM1
SIM2
SIM3
SIM4
1
21
22
SIM5
SIM1
SIM2
SIM3
SIM4
1
21
22
SIM5
SIM1
SIM2
SIM3
SIM4
1
21
22
SIM5
SIM1
SIM2
SIM3
SIM4
1
21
22
SIM5
SIM1
SIM2
SIM3
SIM4
1
21
22
SIM5
SIM1
SIM2
SIM3
SIM4
1
21
22
SIM5
SIM1
SIM2
SIM3
SIM4
1
21
22
SIM5
SIM1
SIM2
SIM3
SIM4
1
21
22
SIM5
SIM1
SIM2
SIM3
SIM4
1
21
22
SIM5
SIM1
SIM2
SIM3
SIM4
1
21
22
SIM5
SIM1
SIM2
SIM3
SIM4
1
21
22
SIM5
SIM1
SIM2
SIM3
SIM4
1
21
22
SIM5
SIM1
SIM2
SIM3
SIM4
1
21
22
SIM5
SIM1
SIM2
SIM3
SIM4
1
21
22
SIM5
SIM1
SIM2
SIM3
SIM4
1
21
22
SIM5
SIM1
SIM2
SIM3
SIM4
1
21
22
SIM5
SIM1
SIM2
SIM3
SIM4
1
21
22
SIM5
SIM1
SIM2
SIM3
SIM4
1
21
22
SIM5
SIM1
SIM2
SIM3
SIM4
1
21
22
SIM5
SIM1
SIM2
SIM3
SIM4
1
21
22
SIM5
SIM1
SIM2
SIM3
SIM4
1
21
22
SIM5
SIM1
SIM2
SIM3
SIM4
1
21
22
SIM5
SIM1
SIM2
SIM3
SIM4
1
21
22
SIM5
SIM1
SIM2
SIM3
SIM4
1
21
22
SIM5
SIM1
SIM2
SIM3
SIM4
1
21
22
SIM5
SIM1
SIM2
SIM3
SIM4
1
21
22
SIM5
SIM1
SIM2
SIM3
SIM4
1
21
22
SIM5
SIM1
SIM2
SIM3
SIM4
1
21
22
SIM5
SIM1
SIM2
SIM3
SIM4
1
21
22
SIM5
SIM1
SIM2
SIM3
SIM4
1
21
22
SIM5
SIM1
SIM2
SIM3
SIM4
1
21
22
SIM5
SIM1
SIM2
SIM3
SIM4
1
21
22
SIM5
SIM1
SIM2
SIM3
SIM4
1
21
22
SIM5
SIM1
SIM2
SIM3
SIM4
1
21
22
SIM5
SIM1
SIM2
SIM3
SIM4
1
21
22
SIM5
SIM1
SIM2
SIM3
SIM4
1
21
22
SIM5
SIM1
SIM2
SIM3
SIM4
1
21
22
SIM5
SIM1
SIM2
SIM3
SIM4
1
21
22
SIM5
SIM1
SIM2
SIM3
SIM4
1
21
22
SIM5
SIM1
SIM2
SIM3
SIM4
1
21
22
SIM5
SIM1
SIM2
SIM3
SIM4
1
21
22
SIM5
SIM1
SIM2
SIM3
SIM4
1
21
22
SIM5
SIM1
SIM2
SIM3
SIM4
1
21
22
SIM5
SIM1
SIM2
SIM3
SIM4
1
21
22
SIM5
SIM1
SIM2
SIM3
SIM4
1
21
22
SIM5
SIM1
SIM2
SIM3
SIM4
1
21
22
SIM5
SIM1
SIM2
SIM3
SIM4
1
21
22
SIM5
SIM1
SIM2
SIM3
SIM4
1
21
22
SIM5
SIM1
SIM2
SIM3
SIM4
1
21
22
SIM5
SIM1
SIM2
SIM3
SIM4
1
21
22
SIM5
SIM1
SIM2
SIM3
SIM4
1
21
22
SIM5
SIM1
SIM2
SIM3
SIM4
1
21
22
SIM5
SIM1
SIM2
SIM3
SIM4
1
21
22
SIM5
SIM1
SIM2
SIM3
SIM4
1
21
22
SIM5
SIM1
SIM2
SIM3
SIM4
1
21
22
SIM5
SIM1
SIM2
SIM3
SIM4
1
21
22
SIM5
SIM1
SIM2
SIM3
SIM4
1
21
22
SIM5
SIM1
SIM2
SIM3
SIM4
1
21
22
SIM5
SIM1
SIM2
SIM3
SIM4
1
21
22
SIM5
SIM1
SIM2
SIM3
SIM4
1
21
22
SIM5
SIM1
SIM2
SIM3
SIM4
1
21
22
SIM5
SIM1
SIM2
SIM3
SIM4
1
21
22
SIM5
SIM1
SIM2
SIM3
SIM4
1
21
22
SIM5
SIM1
SIM2
SIM3
SIM4
1
21
22
SIM5
SIM1
SIM2
SIM3
SIM4
1
21
22
SIM5
SIM1
SIM2
SIM3
SIM4
1
21
22
SIM5
SIM1
SIM2
SIM3
SIM4
1
21
22
SIM5
SIM1
SIM2
SIM3
SIM4
1
21
22
SIM5
SIM1
SIM2
SIM3
SIM4
1
21
22
SIM5
SIM1
SIM2
SIM3
SIM4
1
21
22
SIM5
SIM1
SIM2
SIM3
SIM4
1
21
22
SIM5
SIM1
SIM2
SIM3
SIM4
1
21
22
SIM5
SIM1
SIM2
SIM3
SIM4
1
21
22
SIM5
SIM1
SIM2
SIM3
SIM4
1
21
22
SIM5
SIM1
SIM2
SIM3
SIM4
1
21
22
SIM5
SIM1
SIM2
SIM3
SIM4
1
21
22
SIM5
SIM1
SIM2
SIM3
SIM4
1
21
22
SIM5
SIM1
SIM2
SIM3
SIM4
1
21
22
SIM5
SIM1
SIM2
SIM3
SIM4
1
21
22
SIM5
SIM1
SIM2
SIM3
SIM4
1
21
22
SIM5
SIM1
SIM2
SIM3
SIM4
1
21
22
SIM5
SIM1
SIM2
SIM3
SIM4
1
21
22
SIM5
SIM1
SIM2
SIM3
SIM4
1
21
22
SIM5
SIM1
SIM2
SIM3
SIM4
1
21
22
SIM5
SIM1
SIM2
DEBUG 1 256
SIM1
SIM2
SIM3
SIM4
1
21
22
SIM5
SIM1
SIM2
SIM3
SIM4
1
21
22
SIM5
SIM1
SIM2
SIM3
SIM4
1
21
22
SIM5
SIM1
SIM2
SIM3
SIM4
1
21
22
SIM5
SIM1
SIM2
SIM3
SIM4
1
21
22
SIM5
SIM1
SIM2
SIM3
SIM4
1
21
22
SIM5
SIM1
SIM2
SIM3
SIM4
1
21
22
SIM5
SIM1
SIM2
SIM3
SIM4
1
21
22
SIM5
SIM1
SIM2
SIM3
SIM4
1
21
22
SIM5
SIM1
SIM2
SIM3
SIM4
1
21
22
SIM5
SIM1
SIM2
SIM3
SIM4
1
21
22
SIM5
SIM1
SIM2
SIM3
SIM4
1
21
22
SIM5
SIM1
SIM2
SIM3
SIM4
1
21
22
SIM5
SIM1
SIM2
SIM3
SIM4
1
21
22
SIM5
SIM1
SIM2
SIM3
SIM4
1
21
22
SIM5
SIM1
SIM2
SIM3
SIM4
1
21
22
SIM5
SIM1
SIM2
SIM3
SIM4
1
21
22
SIM5
SIM1
SIM2
SIM3
SIM4
1
21
22
SIM5
SIM1
SIM2
SIM3
SIM4
1
21
22
SIM5
SIM1
SIM2
SIM3
SIM4
1
21
22
SIM5
SIM1
SIM2
SIM3
SIM4
1
21
22
SIM5
SIM1
SIM2
SIM3
SIM4
1
21
22
SIM5
SIM1
SIM2
SIM3
SIM4
1
21
22
SIM5
SIM1
SIM2
SIM3
SIM4
1
21
22
SIM5
SIM1
SIM2
SIM3
SIM4
1
21
22
SIM5
SIM1
SIM2
SIM3
SIM4
1
21
22
SIM5
SIM1
SIM2
SIM3
SIM4
1
21
22
SIM5
SIM1
SIM2
SIM3
SIM4
1
21
22
SIM5
SIM1
SIM2
SIM3
SIM4
1
21
22
SIM5
SIM1
SIM2
SIM3
SIM4
1
21
22
SIM5
SIM1
SIM2
SIM3
SIM4
1
21
22
SIM5
SIM1
SIM2
SIM3
SIM4
1
21
22
SIM5
SIM1
SIM2
SIM3
SIM4
1
21
22
SIM5
SIM1
SIM2
SIM3
SIM4
1
21
22
SIM5
SIM1
SIM2
SIM3
SIM4
1
21
22
SIM5
SIM1
SIM2
SIM3
SIM4
1
21
22
SIM5
SIM1
SIM2
SIM3
SIM4
1
21
22
SIM5
SIM1
SIM2
SIM3
SIM4
1
21
22
SIM5
SIM1
SIM2
SIM3
SIM4
1
21
22
SIM5
SIM1
SIM2
SIM3
SIM4
1
21
22
SIM5
SIM1
SIM2
SIM3
SIM4
1
21
22
SIM5
SIM1
SIM2
SIM3
SIM4
1
21
22
SIM5
SIM1
SIM2
SIM3
SIM4
1
21
22
SIM5
SIM1
SIM2
SIM3
SIM4
1
21
22
SIM5
SIM1
SIM2
SIM3
SIM4
1
21
22
SIM5
SIM1
SIM2
SIM3
SIM4
1
21
22
SIM5
SIM1
SIM2
SIM3
SIM4
1
21
22
SIM5
SIM1
SIM2
SIM3
SIM4
1
21
22
SIM5
SIM1
SIM2
SIM3
SIM4
1
21
22
SIM5
SIM1
SIM2
SIM3
SIM4
1
21
22
SIM5
SIM1
SIM2
SIM3
SIM4
1
21
22
SIM5
SIM1
SIM2
SIM3
SIM4
1
21
22
SIM5
SIM1
SIM2
SIM3
SIM4
1
21
22
SIM5
SIM1
SIM2
SIM3
SIM4
1
21
22
SIM5
SIM1
SIM2
SIM3
SIM4
1
21
22
SIM5
SIM1
SIM2
SIM3
SIM4
1
21
22
SIM5
SIM1
SIM2
SIM3
SIM4
1
21
22
SIM5
SIM1
SIM2
SIM3
SIM4
1
21
22
SIM5
SIM1
SIM2
SIM3
SIM4
1
21
22
SIM5
SIM1
SIM2
SIM3
SIM4
1
21
22
SIM5
SIM1
SIM2
SIM3
SIM4
1
21
22
SIM5
SIM1
SIM2
SIM3
SIM4
1
21
22
SIM5
SIM1
SIM2
SIM3
SIM4
1
21
22
SIM5
SIM1
SIM2
SIM3
SIM4
1
21
22
SIM5
SIM1
SIM2
SIM3
SIM4
1
21
22
SIM5
SIM1
SIM2
SIM3
SIM4
1
21
22
SIM5
SIM1
SIM2
SIM3
SIM4
1
21
22
SIM5
SIM1
SIM2
SIM3
SIM4
1
21
22
SIM5
SIM1
SIM2
SIM3
SIM4
1
21
22
SIM5
SIM1
SIM2
SIM3
SIM4
1
21
22
SIM5
SIM1
SIM2
SIM3
SIM4
1
21
22
SIM5
SIM1
SIM2
SIM3
SIM4
1
21
22
SIM5
SIM1
SIM2
SIM3
SIM4
1
21
22
SIM5
SIM1
SIM2
SIM3
SIM4
1
21
22
SIM5
SIM1
SIM2
SIM3
SIM4
1
21
22
SIM5
SIM1
SIM2
SIM3
SIM4
1
21
22
SIM5
SIM1
SIM2
SIM3
SIM4
1
21
22
SIM5
SIM1
SIM2
SIM3
SIM4
1
21
22
SIM5
SIM1
SIM2
SIM3
SIM4
1
21
22
SIM5
SIM1
SIM2
SIM3
SIM4
1
21
22
SIM5
SIM1
SIM2
SIM3
SIM4
1
21
22
SIM5
SIM1
SIM2
SIM3
SIM4
1
21
22
SIM5
SIM1
SIM2
SIM3
SIM4
1
21
22
SIM5
SIM1
SIM2
SIM3
SIM4
1
21
22
SIM5
SIM1
SIM2
SIM3
SIM4
1
21
22
SIM5
SIM1
SIM2
SIM3
SIM4
1
21
22
SIM5
SIM1
SIM2
SIM3
SIM4
1
21
22
SIM5
SIM1
SIM2
SIM3
SIM4
1
21
22
SIM5
SIM1
SIM2
SIM3
SIM4
1
21
22
SIM5
SIM1
SIM2
SIM3
SIM4
1
21
22
SIM5
SIM1
SIM2
SIM3
SIM4
1
21
22
SIM5
SIM1
SIM2
SIM3
SIM4
1
21
22
SIM5
SIM1
SIM2
SIM3
SIM4
1
21
22
SIM5
SIM1
SIM2
SIM3
SIM4
1
21
22
SIM5
SIM1
SIM2
SIM3
SIM4
1
21
22
SIM5
SIM1
SIM2
SIM3
SIM4
1
21
22
SIM5
SIM1
SIM2
SIM3
SIM4
1
21
22
SIM5
SIM1
SIM2
SIM3
SIM4
1
21
22
SIM5
SIM1
SIM2
SIM3
SIM4
1
21
22
SIM5
SIM1
SIM2
SIM3
SIM4
1
21
22
SIM5
SIM1
SIM2
SIM3
SIM4
1
21
22
SIM5
SIM1
SIM2
SIM3
SIM4
1
21
22
SIM5
SIM1
SIM2
SIM3
SIM4
1
21
22
SIM5
SIM1
SIM2
SIM3
SIM4
1
21
22
SIM5
SIM1
SIM2
SIM3
SIM4
1
21
22
SIM5
SIM1
SIM2
SIM3
SIM4
1
21
22
SIM5
SIM1
SIM2
SIM3
SIM4
1
21
22
SIM5
SIM1
SIM2
SIM3
SIM4
1
21
22
SIM5
SIM1
SIM2
SIM3
SIM4
1
21
22
SIM5
SIM1
SIM2
SIM3
SIM4
1
21
22
SIM5
SIM1
SIM2
SIM3
SIM4
1
21
22
SIM5
SIM1
SIM2
SIM3
SIM4
1
21
22
SIM5
SIM1
SIM2
SIM3
SIM4
1
21
22
SIM5
SIM1
SIM2
SIM3
SIM4
1
21
22
SIM5
SIM1
SIM2
SIM3
SIM4
1
21
22
SIM5
SIM1
SIM2
SIM3
SIM4
1
21
22
SIM5
SIM1
SIM2
SIM3
SIM4
1
21
22
SIM5
SIM1
SIM2
SIM3
SIM4
1
21
22
SIM5
SIM1
SIM2
SIM3
SIM4
1
21
22
SIM5
SIM1
SIM2
SIM3
SIM4
1
21
22
SIM5
SIM1
SIM2
SIM3
SIM4
1
21
22
SIM5
SIM1
SIM2
SIM3
SIM4
1
21
22
SIM5
SIM1
SIM2
SIM3
SIM4
1
21
22
SIM5
SIM1
SIM2
SIM3
SIM4
1
21
22
SIM5
SIM1
SIM2
SIM3
SIM4
1
21
22
SIM5
SIM1
SIM2
SIM3
SIM4
1
21
22
SIM5
SIM1
SIM2
SIM3
SIM4
1
21
22
SIM5
SIM1
SIM2
SIM3
SIM4
1
21
22
SIM5
SIM1
SIM2
SIM3
SIM4
1
21
22
SIM5
SIM1
SIM2
SIM3
SIM4
1
21
22
SIM5
SIM1
SIM2
SIM3
SIM4
1
21
22
SIM5
SIM1
SIM2
SIM3
SIM4
1
21
22
SIM5
SIM1
SIM2
SIM3
SIM4
1
21
22
SIM5
SIM1
SIM2
SIM3
SIM4
1
21
22
SIM5
SIM1
SIM2
SIM3
SIM4
1
21
22
SIM5
SIM1
SIM2
SIM3
SIM4
1
21
22
SIM5
SIM1
SIM2
SIM3
SIM4
1
21
22
SIM5
SIM1
SIM2
SIM3
SIM4
1
21
22
SIM5
SIM1
SIM2
SIM3
SIM4
1
21
22
SIM5
SIM1
SIM2
SIM3
SIM4
1
21
22
SIM5
SIM1
SIM2
SIM3
SIM4
1
21
22
SIM5
SIM1
SIM2
SIM3
SIM4
1
21
22
SIM5
SIM1
SIM2
SIM3
SIM4
1
21
22
SIM5
SIM1
SIM2
SIM3
SIM4
1
21
22
SIM5
SIM1
SIM2
SIM3
SIM4
1
21
22
SIM5
SIM1
SIM2
SIM3
SIM4
1
21
22
SIM5
SIM1
SIM2
SIM3
SIM4
1
21
22
SIM5
SIM1
SIM2
SIM3
SIM4
1
21
22
SIM5
SIM1
SIM2
SIM3
SIM4
1
21
22
SIM5
SIM1
SIM2
SIM3
SIM4
1
21
22
SIM5
SIM1
SIM2
SIM3
SIM4
1
21
22
SIM5
SIM1
SIM2
SIM3
SIM4
1
21
22
SIM5
SIM1
SIM2
SIM3
SIM4
1
21
22
SIM5
SIM1
SIM2
SIM3
SIM4
1
21
22
SIM5
SIM1
SIM2
SIM3
SIM4
1
21
22
SIM5
SIM1
SIM2
SIM3
SIM4
1
21
22
SIM5
SIM1
SIM2
SIM3
SIM4
1
21
22
SIM5
SIM1
SIM2
SIM3
SIM4
1
21
22
SIM5
SIM1
SIM2
SIM3
SIM4
1
21
22
SIM5
SIM1
SIM2
SIM3
SIM4
1
21
22
SIM5
SIM1
SIM2
SIM3
SIM4
1
21
22
SIM5
SIM1
SIM2
SIM3
SIM4
1
21
22
SIM5
SIM1
SIM2
SIM3
SIM4
1
21
22
SIM5
SIM1
SIM2
SIM3
SIM4
1
21
22
SIM5
SIM1
SIM2
DEBUG 1 257
SIM1
SIM2
SIM3
SIM4
1
21
22
SIM5
SIM1
SIM2
SIM3
SIM4
1
21
22
SIM5
SIM1
SIM2
SIM3
SIM4
1
21
22
SIM5
SIM1
SIM2
SIM3
SIM4
1
21
22
SIM5
SIM1
SIM2
SIM3
SIM4
1
21
22
SIM5
SIM1
SIM2
SIM3
SIM4
1
21
22
SIM5
SIM1
SIM2
SIM3
SIM4
1
21
22
SIM5
SIM1
SIM2
SIM3
SIM4
1
21
22
SIM5
SIM1
SIM2
SIM3
SIM4
1
21
22
SIM5
SIM1
SIM2
SIM3
SIM4
1
21
22
SIM5
SIM1
SIM2
SIM3
SIM4
1
21
22
SIM5
SIM1
SIM2
SIM3
SIM4
1
21
22
SIM5
SIM1
SIM2
SIM3
SIM4
1
21
22
SIM5
SIM1
SIM2
SIM3
SIM4
1
21
22
SIM5
SIM1
SIM2
SIM3
SIM4
1
21
22
SIM5
SIM1
SIM2
SIM3
SIM4
1
21
22
SIM5
SIM1
SIM2
SIM3
SIM4
1
21
22
SIM5
SIM1
SIM2
SIM3
SIM4
1
21
22
SIM5
SIM1
SIM2
SIM3
SIM4
1
21
22
SIM5
SIM1
SIM2
SIM3
SIM4
1
21
22
SIM5
SIM1
SIM2
SIM3
SIM4
1
21
22
SIM5
SIM1
SIM2
SIM3
SIM4
1
21
22
SIM5
SIM1
SIM2
SIM3
SIM4
1
21
22
SIM5
SIM1
SIM2
SIM3
SIM4
1
21
22
SIM5
SIM1
SIM2
SIM3
SIM4
1
21
22
SIM5
SIM1
SIM2
SIM3
SIM4
1
21
22
SIM5
SIM1
SIM2
SIM3
SIM4
1
21
22
SIM5
SIM1
SIM2
SIM3
SIM4
1
21
22
SIM5
SIM1
SIM2
SIM3
SIM4
1
21
22
SIM5
SIM1
SIM2
SIM3
SIM4
1
21
22
SIM5
SIM1
SIM2
SIM3
SIM4
1
21
22
SIM5
SIM1
SIM2
SIM3
SIM4
1
21
22
SIM5
SIM1
SIM2
SIM3
SIM4
1
21
22
SIM5
SIM1
SIM2
SIM3
SIM4
1
21
22
SIM5
SIM1
SIM2
SIM3
SIM4
1
21
22
SIM5
SIM1
SIM2
SIM3
SIM4
1
21
22
SIM5
SIM1
SIM2
SIM3
SIM4
1
21
22
SIM5
SIM1
SIM2
SIM3
SIM4
1
21
22
SIM5
SIM1
SIM2
SIM3
SIM4
1
21
22
SIM5
SIM1
SIM2
SIM3
SIM4
1
21
22
SIM5
SIM1
SIM2
SIM3
SIM4
1
21
22
SIM5
SIM1
SIM2
SIM3
SIM4
1
21
22
SIM5
SIM1
SIM2
SIM3
SIM4
1
21
22
SIM5
SIM1
SIM2
SIM3
SIM4
1
21
22
SIM5
SIM1
SIM2
SIM3
SIM4
1
21
22
SIM5
SIM1
SIM2
SIM3
SIM4
1
21
22
SIM5
SIM1
SIM2
SIM3
SIM4
1
21
22
SIM5
SIM1
SIM2
SIM3
SIM4
1
21
22
SIM5
SIM1
SIM2
SIM3
SIM4
1
21
22
SIM5
SIM1
SIM2
SIM3
SIM4
1
21
22
SIM5
SIM1
SIM2
SIM3
SIM4
1
21
22
SIM5
SIM1
SIM2
SIM3
SIM4
1
21
22
SIM5
SIM1
SIM2
SIM3
SIM4
1
21
22
SIM5
SIM1
SIM2
SIM3
SIM4
1
21
22
SIM5
SIM1
SIM2
SIM3
SIM4
1
21
22
SIM5
SIM1
SIM2
SIM3
SIM4
1
21
22
SIM5
SIM1
SIM2
SIM3
SIM4
1
21
22
SIM5
SIM1
SIM2
SIM3
SIM4
1
21
22
SIM5
SIM1
SIM2
SIM3
SIM4
1
21
22
SIM5
SIM1
SIM2
SIM3
SIM4
1
21
22
SIM5
SIM1
SIM2
SIM3
SIM4
1
21
22
SIM5
SIM1
SIM2
SIM3
SIM4
1
21
22
SIM5
SIM1
SIM2
SIM3
SIM4
1
21
22
SIM5
SIM1
SIM2
SIM3
SIM4
1
21
22
SIM5
SIM1
SIM2
SIM3
SIM4
1
21
22
SIM5
SIM1
SIM2
SIM3
SIM4
1
21
22
SIM5
SIM1
SIM2
SIM3
SIM4
1
21
22
SIM5
SIM1
SIM2
SIM3
SIM4
1
21
22
SIM5
SIM1
SIM2
SIM3
SIM4
1
21
22
SIM5
SIM1
SIM2
SIM3
SIM4
1
21
22
SIM5
SIM1
SIM2
SIM3
SIM4
1
21
22
SIM5
SIM1
SIM2
SIM3
SIM4
1
21
22
SIM5
SIM1
SIM2
SIM3
SIM4
1
21
22
SIM5
SIM1
SIM2
SIM3
SIM4
1
21
22
SIM5
SIM1
SIM2
SIM3
SIM4
1
21
22
SIM5
SIM1
SIM2
SIM3
SIM4
1
21
22
SIM5
SIM1
SIM2
SIM3
SIM4
1
21
22
SIM5
SIM1
SIM2
SIM3
SIM4
1
21
22
SIM5
SIM1
SIM2
SIM3
SIM4
1
21
22
SIM5
SIM1
SIM2
SIM3
SIM4
1
21
22
SIM5
SIM1
SIM2
SIM3
SIM4
1
21
22
SIM5
SIM1
SIM2
SIM3
SIM4
1
21
22
SIM5
SIM1
SIM2
SIM3
SIM4
1
21
22
SIM5
SIM1
SIM2
SIM3
SIM4
1
21
22
SIM5
SIM1
SIM2
SIM3
SIM4
1
21
22
SIM5
SIM1
SIM2
SIM3
SIM4
1
21
22
SIM5
SIM1
SIM2
SIM3
SIM4
1
21
22
SIM5
SIM1
SIM2
SIM3
SIM4
1
21
22
SIM5
SIM1
SIM2
SIM3
SIM4
1
21
22
SIM5
SIM1
SIM2
SIM3
SIM4
1
21
22
SIM5
SIM1
SIM2
SIM3
SIM4
1
21
22
SIM5
SIM1
SIM2
SIM3
SIM4
1
21
22
SIM5
SIM1
SIM2
SIM3
SIM4
1
21
22
SIM5
SIM1
SIM2
SIM3
SIM4
1
21
22
SIM5
SIM1
SIM2
SIM3
SIM4
1
21
22
SIM5
SIM1
SIM2
SIM3
SIM4
1
21
22
SIM5
SIM1
SIM2
SIM3
SIM4
1
21
22
SIM5
SIM1
SIM2
SIM3
SIM4
1
21
22
SIM5
SIM1
SIM2
SIM3
SIM4
1
21
22
SIM5
SIM1
SIM2
SIM3
SIM4
1
21
22
SIM5
SIM1
SIM2
SIM3
SIM4
1
21
22
SIM5
SIM1
SIM2
SIM3
SIM4
1
21
22
SIM5
SIM1
SIM2
SIM3
SIM4
1
21
22
SIM5
SIM1
SIM2
SIM3
SIM4
1
21
22
SIM5
SIM1
SIM2
SIM3
SIM4
1
21
22
SIM5
SIM1
SIM2
SIM3
SIM4
1
21
22
SIM5
SIM1
SIM2
SIM3
SIM4
1
21
22
SIM5
SIM1
SIM2
SIM3
SIM4
1
21
22
SIM5
SIM1
SIM2
SIM3
SIM4
1
21
22
SIM5
SIM1
SIM2
SIM3
SIM4
1
21
22
SIM5
SIM1
SIM2
SIM3
SIM4
1
21
22
SIM5
SIM1
SIM2
SIM3
SIM4
1
21
22
SIM5
SIM1
SIM2
SIM3
SIM4
1
21
22
SIM5
SIM1
SIM2
SIM3
SIM4
1
21
22
SIM5
SIM1
SIM2
SIM3
SIM4
1
21
22
SIM5
SIM1
SIM2
SIM3
SIM4
1
21
22
SIM5
SIM1
SIM2
SIM3
SIM4
1
21
22
SIM5
SIM1
SIM2
SIM3
SIM4
1
21
22
SIM5
SIM1
SIM2
SIM3
SIM4
1
21
22
SIM5
SIM1
SIM2
SIM3
SIM4
1
21
22
SIM5
SIM1
SIM2
SIM3
SIM4
1
21
22
SIM5
SIM1
SIM2
SIM3
SIM4
1
21
22
SIM5
SIM1
SIM2
SIM3
SIM4
1
21
22
SIM5
SIM1
SIM2
SIM3
SIM4
1
21
22
SIM5
SIM1
SIM2
SIM3
SIM4
1
21
22
SIM5
SIM1
SIM2
SIM3
SIM4
1
21
22
SIM5
SIM1
SIM2
SIM3
SIM4
1
21
22
SIM5
SIM1
SIM2
SIM3
SIM4
1
21
22
SIM5
SIM1
SIM2
SIM3
SIM4
1
21
22
SIM5
SIM1
SIM2
SIM3
SIM4
1
21
22
SIM5
SIM1
SIM2
SIM3
SIM4
1
21
22
SIM5
SIM1
SIM2
SIM3
SIM4
1
21
22
SIM5
SIM1
SIM2
SIM3
SIM4
1
21
22
SIM5
SIM1
SIM2
SIM3
SIM4
1
21
22
SIM5
SIM1
SIM2
SIM3
SIM4
1
21
22
SIM5
SIM1
SIM2
SIM3
SIM4
1
21
22
SIM5
SIM1
SIM2
SIM3
SIM4
1
21
22
SIM5
SIM1
SIM2
SIM3
SIM4
1
21
22
SIM5
SIM1
SIM2
SIM3
SIM4
1
21
22
SIM5
SIM1
SIM2
SIM3
SIM4
1
21
22
SIM5
SIM1
SIM2
SIM3
SIM4
1
21
22
SIM5
SIM1
SIM2
SIM3
SIM4
1
21
22
SIM5
SIM1
SIM2
SIM3
SIM4
1
21
22
SIM5
SIM1
SIM2
SIM3
SIM4
1
21
22
SIM5
SIM1
SIM2
SIM3
SIM4
1
21
22
SIM5
SIM1
SIM2
SIM3
SIM4
1
21
22
SIM5
SIM1
SIM2
SIM3
SIM4
1
21
22
SIM5
SIM1
SIM2
SIM3
SIM4
1
21
22
SIM5
SIM1
SIM2
SIM3
SIM4
1
21
22
SIM5
SIM1
SIM2
SIM3
SIM4
1
21
22
SIM5
SIM1
SIM2
SIM3
SIM4
1
21
22
SIM5
SIM1
SIM2
SIM3
SIM4
1
21
22
SIM5
SIM1
SIM2
SIM3
SIM4
1
21
22
SIM5
SIM1
SIM2
SIM3
SIM4
1
21
22
SIM5
SIM1
SIM2
SIM3
SIM4
1
21
22
SIM5
SIM1
SIM2
SIM3
SIM4
1
21
22
SIM5
SIM1
SIM2
SIM3
SIM4
1
21
22
SIM5
SIM1
SIM2
SIM3
SIM4
1
21
22
SIM5
SIM1
SIM2
SIM3
SIM4
1
21
22
SIM5
SIM1
SIM2
SIM3
SIM4
1
21
22
SIM5
SIM1
SIM2
SIM3
SIM4
1
21
22
SIM5
SIM1
SIM2
SIM3
SIM4
1
21
22
SIM5
SIM1
SIM2
SIM3
SIM4
1
21
22
SIM5
SIM1
SIM2
SIM3
SIM4
1
21
22
SIM5
SIM1
SIM2
SIM3
SIM4
1
21
22
SIM5
SIM1
SIM2
SIM3
SIM4
1
21
22
SIM5
SIM1
SIM2
SIM3
SIM4
1
21
22
SIM5
SIM1
SIM2
SIM3
SIM4
1
21
22
SIM5
SIM1
SIM2
SIM3
SIM4
1
21
22
SIM5
SIM1
SIM2
SIM3
SIM4
1
21
22
SIM5
SIM1
SIM2
SIM3
SIM4
1
21
22
SIM5
SIM1
SIM2
SIM3
SIM4
1
21
22
SIM5
SIM1
SIM2
SIM3
SIM4
1
21
22
SIM5
SIM1
SIM2
SIM3
SIM4
1
21
22
SIM5
SIM1
SIM2
SIM3
SIM4
1
21
22
SIM5
SIM1
SIM2
SIM3
SIM4
1
21
22
SIM5
SIM1
SIM2
SIM3
SIM4
1
21
22
SIM5
SIM1
SIM2
SIM3
SIM4
1
21
22
SIM5
SIM1
SIM2
SIM3
SIM4
1
21
22
SIM5
SIM1
SIM2
SIM3
SIM4
1
21
22
SIM5
SIM1
SIM2
SIM3
SIM4
1
21
22
SIM5
SIM1
SIM2
SIM3
SIM4
1
21
22
SIM5
SIM1
SIM2
SIM3
SIM4
1
21
22
SIM5
SIM1
SIM2
SIM3
SIM4
1
21
22
SIM5
SIM1
SIM2
SIM3
SIM4
1
21
22
SIM5
SIM1
SIM2
SIM3
SIM4
1
21
22
SIM5
SIM1
SIM2
SIM3
SIM4
1
21
22
SIM5
SIM1
SIM2
SIM3
SIM4
1
21
22
SIM5
SIM1
SIM2
SIM3
SIM4
1
21
22
SIM5
SIM1
SIM2
SIM3
SIM4
1
21
22
SIM5
SIM1
SIM2
SIM3
SIM4
1
21
22
SIM5
SIM1
SIM2
SIM3
SIM4
1
21
22
SIM5
SIM1
SIM2
SIM3
SIM4
1
21
22
SIM5
SIM1
SIM2
SIM3
SIM4
1
21
22
SIM5
SIM1
SIM2
SIM3
SIM4
1
21
22
SIM5
SIM1
SIM2
SIM3
SIM4
1
21
22
SIM5
SIM1
SIM2
SIM3
SIM4
1
21
22
SIM5
SIM1
SIM2
SIM3
SIM4
1
21
22
SIM5
SIM1
SIM2
SIM3
SIM4
1
21
22
SIM5
SIM1
SIM2
SIM3
SIM4
1
21
22
SIM5
SIM1
SIM2
SIM3
SIM4
1
21
22
SIM5
SIM1
SIM2
SIM3
SIM4
1
21
22
SIM5
SIM1
SIM2
SIM3
SIM4
1
21
22
SIM5
SIM1
SIM2
SIM3
SIM4
1
21
22
SIM5
SIM1
SIM2
SIM3
SIM4
1
21
22
SIM5
SIM1
SIM2
SIM3
SIM4
1
21
22
SIM5
SIM1
SIM2
SIM3
SIM4
1
21
22
SIM5
SIM1
SIM2
SIM3
SIM4
1
21
22
SIM5
SIM1
SIM2
SIM3
SIM4
1
21
22
SIM5
SIM1
SIM2
SIM3
SIM4
1
21
22
SIM5
SIM1
SIM2
SIM3
SIM4
1
21
22
SIM5
SIM1
SIM2
SIM3
SIM4
1
21
22
SIM5
SIM1
SIM2
SIM3
SIM4
1
21
22
SIM5
SIM1
SIM2
SIM3
SIM4
1
21
22
SIM5
SIM1
SIM2
SIM3
SIM4
1
21
22
SIM5
SIM1
SIM2
SIM3
SIM4
1
21
22
SIM5
SIM1
SIM2
SIM3
SIM4
1
21
22
SIM5
SIM1
SIM2
SIM3
SIM4
1
21
22
SIM5
SIM1
SIM2
SIM3
SIM4
1
21
22
SIM5
SIM1
SIM2
SIM3
SIM4
1
21
22
SIM5
SIM1
SIM2
SIM3
SIM4
1
21
22
SIM5
SIM1
SIM2
SIM3
SIM4
1
21
22
SIM5
SIM1
SIM2
SIM3
SIM4
1
21
22
SIM5
SIM1
SIM2
SIM3
SIM4
1
21
22
SIM5
SIM1
SIM2
SIM3
SIM4
1
21
22
SIM5
SIM1
SIM2
SIM3
SIM4
1
21
22
SIM5
SIM1
SIM2
SIM3
SIM4
1
21
22
SIM5
SIM1
SIM2
SIM3
SIM4
1
21
22
SIM5
SIM1
SIM2
SIM3
SIM4
1
21
22
SIM5
SIM1
SIM2
SIM3
SIM4
1
21
22
SIM5
SIM1
SIM2
SIM3
SIM4
1
21
22
SIM5
SIM1
SIM2
SIM3
SIM4
1
21
22
SIM5
SIM1
SIM2
SIM3
SIM4
1
21
22
SIM5
SIM1
SIM2
SIM3
SIM4
1
21
22
SIM5
SIM1
SIM2
SIM3
SIM4
1
21
22
SIM5
SIM1
SIM2
SIM3
SIM4
1
21
22
SIM5
SIM1
SIM2
SIM3
SIM4
1
21
22
SIM5
SIM1
SIM2
SIM3
SIM4
1
21
22
SIM5
SIM1
SIM2
SIM3
SIM4
1
21
22
SIM5
SIM1
SIM2
SIM3
SIM4
1
21
22
SIM5
SIM1
SIM2
SIM3
SIM4
1
21
22
SIM5
SIM1
SIM2
SIM3
SIM4
1
21
22
SIM5
SIM1
SIM2
SIM3
SIM4
1
21
22
SIM5
SIM1
SIM2
SIM3
SIM4
1
21
22
SIM5
SIM1
SIM2
SIM3
SIM4
1
21
22
SIM5
SIM1
SIM2
DEBUG 1 258
SIM1
SIM2
SIM3
SIM4
1
21
22
SIM5
SIM1
SIM2
SIM3
SIM4
1
21
22
SIM5
SIM1
SIM2
SIM3
SIM4
1
21
22
SIM5
SIM1
SIM2
SIM3
SIM4
1
21
22
SIM5
SIM1
SIM2
SIM3
SIM4
1
21
22
SIM5
SIM1
SIM2
SIM3
SIM4
1
21
22
SIM5
SIM1
SIM2
SIM3
SIM4
1
21
22
SIM5
SIM1
SIM2
SIM3
SIM4
1
21
22
SIM5
SIM1
SIM2
SIM3
SIM4
1
21
22
SIM5
SIM1
SIM2
SIM3
SIM4
1
21
22
SIM5
SIM1
SIM2
SIM3
SIM4
1
21
22
SIM5
SIM1
SIM2
SIM3
SIM4
1
21
22
SIM5
SIM1
SIM2
SIM3
SIM4
1
21
22
SIM5
SIM1
SIM2
SIM3
SIM4
1
21
22
SIM5
SIM1
SIM2
SIM3
SIM4
1
21
22
SIM5
SIM1
SIM2
SIM3
SIM4
1
21
22
SIM5
SIM1
SIM2
SIM3
SIM4
1
21
22
SIM5
SIM1
SIM2
SIM3
SIM4
1
21
22
SIM5
SIM1
SIM2
SIM3
SIM4
1
21
22
SIM5
SIM1
SIM2
SIM3
SIM4
1
21
22
SIM5
SIM1
SIM2
SIM3
SIM4
1
21
22
SIM5
SIM1
SIM2
SIM3
SIM4
1
21
22
SIM5
SIM1
SIM2
SIM3
SIM4
1
21
22
SIM5
SIM1
SIM2
SIM3
SIM4
1
21
22
SIM5
SIM1
SIM2
SIM3
SIM4
1
21
22
SIM5
SIM1
SIM2
SIM3
SIM4
1
21
22
SIM5
SIM1
SIM2
SIM3
SIM4
1
21
22
SIM5
SIM1
SIM2
SIM3
SIM4
1
21
22
SIM5
SIM1
SIM2
SIM3
SIM4
1
21
22
SIM5
SIM1
SIM2
SIM3
SIM4
1
21
22
SIM5
SIM1
SIM2
SIM3
SIM4
1
21
22
SIM5
SIM1
SIM2
SIM3
SIM4
1
21
22
SIM5
SIM1
SIM2
SIM3
SIM4
1
21
22
SIM5
SIM1
SIM2
SIM3
SIM4
1
21
22
SIM5
SIM1
SIM2
SIM3
SIM4
1
21
22
SIM5
SIM1
SIM2
SIM3
SIM4
1
21
22
SIM5
SIM1
SIM2
SIM3
SIM4
1
21
22
SIM5
SIM1
SIM2
SIM3
SIM4
1
21
22
SIM5
SIM1
SIM2
SIM3
SIM4
1
21
22
SIM5
SIM1
SIM2
SIM3
SIM4
1
21
22
SIM5
SIM1
SIM2
SIM3
SIM4
1
21
22
SIM5
SIM1
SIM2
SIM3
SIM4
1
21
22
SIM5
SIM1
SIM2
SIM3
SIM4
1
21
22
SIM5
SIM1
SIM2
SIM3
SIM4
1
21
22
SIM5
SIM1
SIM2
SIM3
SIM4
1
21
22
SIM5
SIM1
SIM2
SIM3
SIM4
1
21
22
SIM5
SIM1
SIM2
SIM3
SIM4
1
21
22
SIM5
SIM1
SIM2
SIM3
SIM4
1
21
22
SIM5
SIM1
SIM2
SIM3
SIM4
1
21
22
SIM5
SIM1
SIM2
SIM3
SIM4
1
21
22
SIM5
SIM1
SIM2
SIM3
SIM4
1
21
22
SIM5
SIM1
SIM2
SIM3
SIM4
1
21
22
SIM5
SIM1
SIM2
SIM3
SIM4
1
21
22
SIM5
SIM1
SIM2
SIM3
SIM4
1
21
22
SIM5
SIM1
SIM2
SIM3
SIM4
1
21
22
SIM5
SIM1
SIM2
SIM3
SIM4
1
21
22
SIM5
SIM1
SIM2
SIM3
SIM4
1
21
22
SIM5
SIM1
SIM2
SIM3
SIM4
1
21
22
SIM5
SIM1
SIM2
SIM3
SIM4
1
21
22
SIM5
SIM1
SIM2
SIM3
SIM4
1
21
22
SIM5
SIM1
SIM2
SIM3
SIM4
1
21
22
SIM5
SIM1
SIM2
SIM3
SIM4
1
21
22
SIM5
SIM1
SIM2
SIM3
SIM4
1
21
22
SIM5
SIM1
SIM2
SIM3
SIM4
1
21
22
SIM5
SIM1
SIM2
SIM3
SIM4
1
21
22
SIM5
SIM1
SIM2
SIM3
SIM4
1
21
22
SIM5
SIM1
SIM2
SIM3
SIM4
1
21
22
SIM5
SIM1
SIM2
SIM3
SIM4
1
21
22
SIM5
SIM1
SIM2
SIM3
SIM4
1
21
22
SIM5
SIM1
SIM2
SIM3
SIM4
1
21
22
SIM5
SIM1
SIM2
SIM3
SIM4
1
21
22
SIM5
SIM1
SIM2
SIM3
SIM4
1
21
22
SIM5
SIM1
SIM2
SIM3
SIM4
1
21
22
SIM5
SIM1
SIM2
SIM3
SIM4
1
21
22
SIM5
SIM1
SIM2
SIM3
SIM4
1
21
22
SIM5
SIM1
SIM2
SIM3
SIM4
1
21
22
SIM5
SIM1
SIM2
SIM3
SIM4
1
21
22
SIM5
SIM1
SIM2
SIM3
SIM4
1
21
22
SIM5
SIM1
SIM2
SIM3
SIM4
1
21
22
SIM5
SIM1
SIM2
SIM3
SIM4
1
21
22
SIM5
SIM1
SIM2
SIM3
SIM4
1
21
22
SIM5
SIM1
SIM2
SIM3
SIM4
1
21
22
SIM5
SIM1
SIM2
SIM3
SIM4
1
21
22
SIM5
SIM1
SIM2
SIM3
SIM4
1
21
22
SIM5
SIM1
SIM2
SIM3
SIM4
1
21
22
SIM5
SIM1
SIM2
SIM3
SIM4
1
21
22
SIM5
SIM1
SIM2
SIM3
SIM4
1
21
22
SIM5
SIM1
SIM2
SIM3
SIM4
1
21
22
SIM5
SIM1
SIM2
SIM3
SIM4
1
21
22
SIM5
SIM1
SIM2
SIM3
SIM4
1
21
22
SIM5
SIM1
SIM2
SIM3
SIM4
1
21
22
SIM5
SIM1
SIM2
SIM3
SIM4
1
21
22
SIM5
SIM1
SIM2
SIM3
SIM4
1
21
22
SIM5
SIM1
SIM2
SIM3
SIM4
1
21
22
SIM5
SIM1
SIM2
SIM3
SIM4
1
21
22
SIM5
SIM1
SIM2
SIM3
SIM4
1
21
22
SIM5
SIM1
SIM2
SIM3
SIM4
1
21
22
SIM5
SIM1
SIM2
SIM3
SIM4
1
21
22
SIM5
SIM1
SIM2
SIM3
SIM4
1
21
22
SIM5
SIM1
SIM2
SIM3
SIM4
1
21
22
SIM5
SIM1
SIM2
SIM3
SIM4
1
21
22
SIM5
SIM1
SIM2
SIM3
SIM4
1
21
22
SIM5
SIM1
SIM2
SIM3
SIM4
1
21
22
SIM5
SIM1
SIM2
SIM3
SIM4
1
21
22
SIM5
SIM1
SIM2
SIM3
SIM4
1
21
22
SIM5
SIM1
SIM2
SIM3
SIM4
1
21
22
SIM5
SIM1
SIM2
SIM3
SIM4
1
21
22
SIM5
SIM1
SIM2
SIM3
SIM4
1
21
22
SIM5
SIM1
SIM2
SIM3
SIM4
1
21
22
SIM5
SIM1
SIM2
SIM3
SIM4
1
21
22
SIM5
SIM1
SIM2
SIM3
SIM4
1
21
22
SIM5
SIM1
SIM2
SIM3
SIM4
1
21
22
SIM5
SIM1
SIM2
SIM3
SIM4
1
21
22
SIM5
SIM1
SIM2
SIM3
SIM4
1
21
22
SIM5
SIM1
SIM2
SIM3
SIM4
1
21
22
SIM5
SIM1
SIM2
SIM3
SIM4
1
21
22
SIM5
SIM1
SIM2
SIM3
SIM4
1
21
22
SIM5
SIM1
SIM2
SIM3
SIM4
1
21
22
SIM5
SIM1
SIM2
SIM3
SIM4
1
21
22
SIM5
SIM1
SIM2
SIM3
SIM4
1
21
22
SIM5
SIM1
SIM2
SIM3
SIM4
1
21
22
SIM5
SIM1
SIM2
SIM3
SIM4
1
21
22
SIM5
SIM1
SIM2
SIM3
SIM4
1
21
22
SIM5
SIM1
SIM2
SIM3
SIM4
1
21
22
SIM5
SIM1
SIM2
SIM3
SIM4
1
21
22
SIM5
SIM1
SIM2
SIM3
SIM4
1
21
22
SIM5
SIM1
SIM2
SIM3
SIM4
1
21
22
SIM5
SIM1
SIM2
SIM3
SIM4
1
21
22
SIM5
SIM1
SIM2
SIM3
SIM4
1
21
22
SIM5
SIM1
SIM2
SIM3
SIM4
1
21
22
SIM5
SIM1
SIM2
SIM3
SIM4
1
21
22
SIM5
SIM1
SIM2
SIM3
SIM4
1
21
22
SIM5
SIM1
SIM2
SIM3
SIM4
1
21
22
SIM5
SIM1
SIM2
SIM3
SIM4
1
21
22
SIM5
SIM1
SIM2
SIM3
SIM4
1
21
22
SIM5
SIM1
SIM2
SIM3
SIM4
1
21
22
SIM5
SIM1
SIM2
SIM3
SIM4
1
21
22
SIM5
SIM1
SIM2
SIM3
SIM4
1
21
22
SIM5
SIM1
SIM2
SIM3
SIM4
1
21
22
SIM5
SIM1
SIM2
SIM3
SIM4
1
21
22
SIM5
SIM1
SIM2
SIM3
SIM4
1
21
22
SIM5
SIM1
SIM2
SIM3
SIM4
1
21
22
SIM5
SIM1
SIM2
SIM3
SIM4
1
21
22
SIM5
SIM1
SIM2
SIM3
SIM4
1
21
22
SIM5
SIM1
SIM2
SIM3
SIM4
1
21
22
SIM5
SIM1
SIM2
SIM3
SIM4
1
21
22
SIM5
SIM1
SIM2
SIM3
SIM4
1
21
22
SIM5
SIM1
SIM2
SIM3
SIM4
1
21
22
SIM5
SIM1
SIM2
SIM3
SIM4
1
21
22
SIM5
SIM1
SIM2
SIM3
SIM4
1
21
22
SIM5
SIM1
SIM2
SIM3
SIM4
1
21
22
SIM5
SIM1
SIM2
SIM3
SIM4
1
21
22
SIM5
SIM1
SIM2
SIM3
SIM4
1
21
22
SIM5
SIM1
SIM2
SIM3
SIM4
1
21
22
SIM5
SIM1
SIM2
SIM3
SIM4
1
21
22
SIM5
SIM1
SIM2
SIM3
SIM4
1
21
22
SIM5
SIM1
SIM2
SIM3
SIM4
1
21
22
SIM5
SIM1
SIM2
SIM3
SIM4
1
21
22
SIM5
SIM1
SIM2
SIM3
SIM4
1
21
22
SIM5
SIM1
SIM2
SIM3
SIM4
1
21
22
SIM5
SIM1
SIM2
SIM3
SIM4
1
21
22
SIM5
SIM1
SIM2
SIM3
SIM4
1
21
22
SIM5
SIM1
SIM2
SIM3
SIM4
1
21
22
SIM5
SIM1
SIM2
SIM3
SIM4
1
21
22
SIM5
SIM1
SIM2
SIM3
SIM4
1
21
22
SIM5
SIM1
SIM2
SIM3
SIM4
1
21
22
SIM5
SIM1
SIM2
SIM3
SIM4
1
21
22
SIM5
SIM1
SIM2
SIM3
SIM4
1
21
22
SIM5
SIM1
SIM2
SIM3
SIM4
1
21
22
SIM5
SIM1
SIM2
SIM3
SIM4
1
21
22
SIM5
SIM1
SIM2
SIM3
SIM4
1
21
22
SIM5
SIM1
SIM2
SIM3
SIM4
1
21
22
SIM5
SIM1
SIM2
SIM3
SIM4
1
21
22
SIM5
SIM1
SIM2
DEBUG 1 259
SIM1
SIM2
SIM3
SIM4
1
21
22
SIM5
SIM1
SIM2
SIM3
SIM4
1
21
22
SIM5
SIM1
SIM2
SIM3
SIM4
1
21
22
SIM5
SIM1
SIM2
SIM3
SIM4
1
21
22
SIM5
SIM1
SIM2
SIM3
SIM4
1
21
22
SIM5
SIM1
SIM2
SIM3
SIM4
1
21
22
SIM5
SIM1
SIM2
SIM3
SIM4
1
21
22
SIM5
SIM1
SIM2
SIM3
SIM4
1
21
22
SIM5
SIM1
SIM2
SIM3
SIM4
1
21
22
SIM5
SIM1
SIM2
SIM3
SIM4
1
21
22
SIM5
SIM1
SIM2
SIM3
SIM4
1
21
22
SIM5
SIM1
SIM2
SIM3
SIM4
1
21
22
SIM5
SIM1
SIM2
SIM3
SIM4
1
21
22
SIM5
SIM1
SIM2
SIM3
SIM4
1
21
22
SIM5
SIM1
SIM2
SIM3
SIM4
1
21
22
SIM5
SIM1
SIM2
SIM3
SIM4
1
21
22
SIM5
SIM1
SIM2
SIM3
SIM4
1
21
22
SIM5
SIM1
SIM2
SIM3
SIM4
1
21
22
SIM5
SIM1
SIM2
SIM3
SIM4
1
21
22
SIM5
SIM1
SIM2
SIM3
SIM4
1
21
22
SIM5
SIM1
SIM2
SIM3
SIM4
1
21
22
SIM5
SIM1
SIM2
SIM3
SIM4
1
21
22
SIM5
SIM1
SIM2
SIM3
SIM4
1
21
22
SIM5
SIM1
SIM2
SIM3
SIM4
1
21
22
SIM5
SIM1
SIM2
SIM3
SIM4
1
21
22
SIM5
SIM1
SIM2
SIM3
SIM4
1
21
22
SIM5
SIM1
SIM2
SIM3
SIM4
1
21
22
SIM5
SIM1
SIM2
SIM3
SIM4
1
21
22
SIM5
SIM1
SIM2
SIM3
SIM4
1
21
22
SIM5
SIM1
SIM2
SIM3
SIM4
1
21
22
SIM5
SIM1
SIM2
SIM3
SIM4
1
21
22
SIM5
SIM1
SIM2
SIM3
SIM4
1
21
22
SIM5
SIM1
SIM2
SIM3
SIM4
1
21
22
SIM5
SIM1
SIM2
SIM3
SIM4
1
21
22
SIM5
SIM1
SIM2
SIM3
SIM4
1
21
22
SIM5
SIM1
SIM2
SIM3
SIM4
1
21
22
SIM5
SIM1
SIM2
SIM3
SIM4
1
21
22
SIM5
SIM1
SIM2
SIM3
SIM4
1
21
22
SIM5
SIM1
SIM2
SIM3
SIM4
1
21
22
SIM5
SIM1
SIM2
SIM3
SIM4
1
21
22
SIM5
SIM1
SIM2
SIM3
SIM4
1
21
22
SIM5
SIM1
SIM2
SIM3
SIM4
1
21
22
SIM5
SIM1
SIM2
SIM3
SIM4
1
21
22
SIM5
SIM1
SIM2
SIM3
SIM4
1
21
22
SIM5
SIM1
SIM2
SIM3
SIM4
1
21
22
SIM5
SIM1
SIM2
SIM3
SIM4
1
21
22
SIM5
SIM1
SIM2
SIM3
SIM4
1
21
22
SIM5
SIM1
SIM2
SIM3
SIM4
1
21
22
SIM5
SIM1
SIM2
SIM3
SIM4
1
21
22
SIM5
SIM1
SIM2
SIM3
SIM4
1
21
22
SIM5
SIM1
SIM2
SIM3
SIM4
1
21
22
SIM5
SIM1
SIM2
SIM3
SIM4
1
21
22
SIM5
SIM1
SIM2
SIM3
SIM4
1
21
22
SIM5
SIM1
SIM2
SIM3
SIM4
1
21
22
SIM5
SIM1
SIM2
SIM3
SIM4
1
21
22
SIM5
SIM1
SIM2
SIM3
SIM4
1
21
22
SIM5
SIM1
SIM2
SIM3
SIM4
1
21
22
SIM5
SIM1
SIM2
SIM3
SIM4
1
21
22
SIM5
SIM1
SIM2
SIM3
SIM4
1
21
22
SIM5
SIM1
SIM2
SIM3
SIM4
1
21
22
SIM5
SIM1
SIM2
SIM3
SIM4
1
21
22
SIM5
SIM1
SIM2
SIM3
SIM4
1
21
22
SIM5
SIM1
SIM2
SIM3
SIM4
1
21
22
SIM5
SIM1
SIM2
SIM3
SIM4
1
21
22
SIM5
SIM1
SIM2
SIM3
SIM4
1
21
22
SIM5
SIM1
SIM2
SIM3
SIM4
1
21
22
SIM5
SIM1
SIM2
SIM3
SIM4
1
21
22
SIM5
SIM1
SIM2
SIM3
SIM4
1
21
22
SIM5
SIM1
SIM2
SIM3
SIM4
1
21
22
SIM5
SIM1
SIM2
SIM3
SIM4
1
21
22
SIM5
SIM1
SIM2
SIM3
SIM4
1
21
22
SIM5
SIM1
SIM2
SIM3
SIM4
1
21
22
SIM5
SIM1
SIM2
SIM3
SIM4
1
21
22
SIM5
SIM1
SIM2
SIM3
SIM4
1
21
22
SIM5
SIM1
SIM2
SIM3
SIM4
1
21
22
SIM5
SIM1
SIM2
SIM3
SIM4
1
21
22
SIM5
SIM1
SIM2
SIM3
SIM4
1
21
22
SIM5
SIM1
SIM2
SIM3
SIM4
1
21
22
SIM5
SIM1
SIM2
SIM3
SIM4
1
21
22
SIM5
SIM1
SIM2
SIM3
SIM4
1
21
22
SIM5
SIM1
SIM2
SIM3
SIM4
1
21
22
SIM5
SIM1
SIM2
SIM3
SIM4
1
21
22
SIM5
SIM1
SIM2
SIM3
SIM4
1
21
22
SIM5
SIM1
SIM2
SIM3
SIM4
1
21
22
SIM5
SIM1
SIM2
SIM3
SIM4
1
21
22
SIM5
SIM1
SIM2
SIM3
SIM4
1
21
22
SIM5
SIM1
SIM2
SIM3
SIM4
1
21
22
SIM5
SIM1
SIM2
SIM3
SIM4
1
21
22
SIM5
SIM1
SIM2
SIM3
SIM4
1
21
22
SIM5
SIM1
SIM2
SIM3
SIM4
1
21
22
SIM5
SIM1
SIM2
SIM3
SIM4
1
21
22
SIM5
SIM1
SIM2
SIM3
SIM4
1
21
22
SIM5
SIM1
SIM2
SIM3
SIM4
1
21
22
SIM5
SIM1
SIM2
SIM3
SIM4
1
21
22
SIM5
SIM1
SIM2
SIM3
SIM4
1
21
22
SIM5
SIM1
SIM2
SIM3
SIM4
1
21
22
SIM5
SIM1
SIM2
SIM3
SIM4
1
21
22
SIM5
SIM1
SIM2
SIM3
SIM4
1
21
22
SIM5
SIM1
SIM2
SIM3
SIM4
1
21
22
SIM5
SIM1
SIM2
SIM3
SIM4
1
21
22
SIM5
SIM1
SIM2
SIM3
SIM4
1
21
22
SIM5
SIM1
SIM2
SIM3
SIM4
1
21
22
SIM5
SIM1
SIM2
SIM3
SIM4
1
21
22
SIM5
SIM1
SIM2
SIM3
SIM4
1
21
22
SIM5
SIM1
SIM2
SIM3
SIM4
1
21
22
SIM5
SIM1
SIM2
SIM3
SIM4
1
21
22
SIM5
SIM1
SIM2
SIM3
SIM4
1
21
22
SIM5
SIM1
SIM2
SIM3
SIM4
1
21
22
SIM5
SIM1
SIM2
SIM3
SIM4
1
21
22
SIM5
SIM1
SIM2
SIM3
SIM4
1
21
22
SIM5
SIM1
SIM2
SIM3
SIM4
1
21
22
SIM5
SIM1
SIM2
SIM3
SIM4
1
21
22
SIM5
SIM1
SIM2
SIM3
SIM4
1
21
22
SIM5
SIM1
SIM2
SIM3
SIM4
1
21
22
SIM5
SIM1
SIM2
SIM3
SIM4
1
21
22
SIM5
SIM1
SIM2
SIM3
SIM4
1
21
22
SIM5
SIM1
SIM2
SIM3
SIM4
1
21
22
SIM5
SIM1
SIM2
SIM3
SIM4
1
21
22
SIM5
SIM1
SIM2
SIM3
SIM4
1
21
22
SIM5
SIM1
SIM2
SIM3
SIM4
1
21
22
SIM5
SIM1
SIM2
SIM3
SIM4
1
21
22
SIM5
SIM1
SIM2
SIM3
SIM4
1
21
22
SIM5
SIM1
SIM2
SIM3
SIM4
1
21
22
SIM5
SIM1
SIM2
SIM3
SIM4
1
21
22
SIM5
SIM1
SIM2
SIM3
SIM4
1
21
22
SIM5
SIM1
SIM2
SIM3
SIM4
1
21
22
SIM5
SIM1
SIM2
SIM3
SIM4
1
21
22
SIM5
SIM1
SIM2
SIM3
SIM4
1
21
22
SIM5
SIM1
SIM2
SIM3
SIM4
1
21
22
SIM5
SIM1
SIM2
SIM3
SIM4
1
21
22
SIM5
SIM1
SIM2
SIM3
SIM4
1
21
22
SIM5
SIM1
SIM2
SIM3
SIM4
1
21
22
SIM5
SIM1
SIM2
SIM3
SIM4
1
21
22
SIM5
SIM1
SIM2
SIM3
SIM4
1
21
22
SIM5
SIM1
SIM2
SIM3
SIM4
1
21
22
SIM5
SIM1
SIM2
SIM3
SIM4
1
21
22
SIM5
SIM1
SIM2
SIM3
SIM4
1
21
22
SIM5
SIM1
SIM2
SIM3
SIM4
1
21
22
SIM5
SIM1
SIM2
SIM3
SIM4
1
21
22
SIM5
SIM1
SIM2
SIM3
SIM4
1
21
22
SIM5
SIM1
SIM2
SIM3
SIM4
1
21
22
SIM5
SIM1
SIM2
SIM3
SIM4
1
21
22
SIM5
SIM1
SIM2
SIM3
SIM4
1
21
22
SIM5
SIM1
SIM2
SIM3
SIM4
1
21
22
SIM5
SIM1
SIM2
SIM3
SIM4
1
21
22
SIM5
SIM1
SIM2
SIM3
SIM4
1
21
22
SIM5
SIM1
SIM2
SIM3
SIM4
1
21
22
SIM5
SIM1
SIM2
SIM3
SIM4
1
21
22
SIM5
SIM1
SIM2
SIM3
SIM4
1
21
22
SIM5
SIM1
SIM2
SIM3
SIM4
1
21
22
SIM5
SIM1
SIM2
SIM3
SIM4
1
21
22
SIM5
SIM1
SIM2
SIM3
SIM4
1
21
22
SIM5
SIM1
SIM2
SIM3
SIM4
1
21
22
SIM5
SIM1
SIM2
SIM3
SIM4
1
21
22
SIM5
SIM1
SIM2
SIM3
SIM4
1
21
22
SIM5
SIM1
SIM2
SIM3
SIM4
1
21
22
SIM5
SIM1
SIM2
SIM3
SIM4
1
21
22
SIM5
SIM1
SIM2
SIM3
SIM4
1
21
22
SIM5
SIM1
SIM2
SIM3
SIM4
1
21
22
SIM5
SIM1
SIM2
SIM3
SIM4
1
21
22
SIM5
SIM1
SIM2
SIM3
SIM4
1
21
22
SIM5
SIM1
SIM2
DEBUG 1 260
SIM1
SIM2
SIM3
SIM4
1
21
22
SIM5
SIM1
SIM2
SIM3
SIM4
1
21
22
SIM5
SIM1
SIM2
SIM3
SIM4
1
21
22
SIM5
SIM1
SIM2
SIM3
SIM4
1
21
22
SIM5
SIM1
SIM2
SIM3
SIM4
1
21
22
SIM5
SIM1
SIM2
SIM3
SIM4
1
21
22
SIM5
SIM1
SIM2
SIM3
SIM4
1
21
22
SIM5
SIM1
SIM2
SIM3
SIM4
1
21
22
SIM5
SIM1
SIM2
SIM3
SIM4
1
21
22
SIM5
SIM1
SIM2
SIM3
SIM4
1
21
22
SIM5
SIM1
SIM2
SIM3
SIM4
1
21
22
SIM5
SIM1
SIM2
SIM3
SIM4
1
21
22
SIM5
SIM1
SIM2
SIM3
SIM4
1
21
22
SIM5
SIM1
SIM2
SIM3
SIM4
1
21
22
SIM5
SIM1
SIM2
SIM3
SIM4
1
21
22
SIM5
SIM1
SIM2
SIM3
SIM4
1
21
22
SIM5
SIM1
SIM2
SIM3
SIM4
1
21
22
SIM5
SIM1
SIM2
SIM3
SIM4
1
21
22
SIM5
SIM1
SIM2
SIM3
SIM4
1
21
22
SIM5
SIM1
SIM2
SIM3
SIM4
1
21
22
SIM5
SIM1
SIM2
SIM3
SIM4
1
21
22
SIM5
SIM1
SIM2
SIM3
SIM4
1
21
22
SIM5
SIM1
SIM2
SIM3
SIM4
1
21
22
SIM5
SIM1
SIM2
SIM3
SIM4
1
21
22
SIM5
SIM1
SIM2
SIM3
SIM4
1
21
22
SIM5
SIM1
SIM2
SIM3
SIM4
1
21
22
SIM5
SIM1
SIM2
SIM3
SIM4
1
21
22
SIM5
SIM1
SIM2
SIM3
SIM4
1
21
22
SIM5
SIM1
SIM2
SIM3
SIM4
1
21
22
SIM5
SIM1
SIM2
SIM3
SIM4
1
21
22
SIM5
SIM1
SIM2
SIM3
SIM4
1
21
22
SIM5
SIM1
SIM2
SIM3
SIM4
1
21
22
SIM5
SIM1
SIM2
SIM3
SIM4
1
21
22
SIM5
SIM1
SIM2
SIM3
SIM4
1
21
22
SIM5
SIM1
SIM2
SIM3
SIM4
1
21
22
SIM5
SIM1
SIM2
SIM3
SIM4
1
21
22
SIM5
SIM1
SIM2
SIM3
SIM4
1
21
22
SIM5
SIM1
SIM2
SIM3
SIM4
1
21
22
SIM5
SIM1
SIM2
SIM3
SIM4
1
21
22
SIM5
SIM1
SIM2
SIM3
SIM4
1
21
22
SIM5
SIM1
SIM2
SIM3
SIM4
1
21
22
SIM5
SIM1
SIM2
SIM3
SIM4
1
21
22
SIM5
SIM1
SIM2
SIM3
SIM4
1
21
22
SIM5
SIM1
SIM2
SIM3
SIM4
1
21
22
SIM5
SIM1
SIM2
SIM3
SIM4
1
21
22
SIM5
SIM1
SIM2
SIM3
SIM4
1
21
22
SIM5
SIM1
SIM2
SIM3
SIM4
1
21
22
SIM5
SIM1
SIM2
SIM3
SIM4
1
21
22
SIM5
SIM1
SIM2
SIM3
SIM4
1
21
22
SIM5
SIM1
SIM2
SIM3
SIM4
1
21
22
SIM5
SIM1
SIM2
SIM3
SIM4
1
21
22
SIM5
SIM1
SIM2
SIM3
SIM4
1
21
22
SIM5
SIM1
SIM2
SIM3
SIM4
1
21
22
SIM5
SIM1
SIM2
SIM3
SIM4
1
21
22
SIM5
SIM1
SIM2
SIM3
SIM4
1
21
22
SIM5
SIM1
SIM2
SIM3
SIM4
1
21
22
SIM5
SIM1
SIM2
SIM3
SIM4
1
21
22
SIM5
SIM1
SIM2
SIM3
SIM4
1
21
22
SIM5
SIM1
SIM2
SIM3
SIM4
1
21
22
SIM5
SIM1
SIM2
SIM3
SIM4
1
21
22
SIM5
SIM1
SIM2
SIM3
SIM4
1
21
22
SIM5
SIM1
SIM2
SIM3
SIM4
1
21
22
SIM5
SIM1
SIM2
SIM3
SIM4
1
21
22
SIM5
SIM1
SIM2
SIM3
SIM4
1
21
22
SIM5
SIM1
SIM2
SIM3
SIM4
1
21
22
SIM5
SIM1
SIM2
SIM3
SIM4
1
21
22
SIM5
SIM1
SIM2
SIM3
SIM4
1
21
22
SIM5
SIM1
SIM2
SIM3
SIM4
1
21
22
SIM5
SIM1
SIM2
SIM3
SIM4
1
21
22
SIM5
SIM1
SIM2
SIM3
SIM4
1
21
22
SIM5
SIM1
SIM2
SIM3
SIM4
1
21
22
SIM5
SIM1
SIM2
SIM3
SIM4
1
21
22
SIM5
SIM1
SIM2
SIM3
SIM4
1
21
22
SIM5
SIM1
SIM2
SIM3
SIM4
1
21
22
SIM5
SIM1
SIM2
SIM3
SIM4
1
21
22
SIM5
SIM1
SIM2
SIM3
SIM4
1
21
22
SIM5
SIM1
SIM2
SIM3
SIM4
1
21
22
SIM5
SIM1
SIM2
SIM3
SIM4
1
21
22
SIM5
SIM1
SIM2
SIM3
SIM4
1
21
22
SIM5
SIM1
SIM2
SIM3
SIM4
1
21
22
SIM5
SIM1
SIM2
SIM3
SIM4
1
21
22
SIM5
SIM1
SIM2
SIM3
SIM4
1
21
22
SIM5
SIM1
SIM2
SIM3
SIM4
1
21
22
SIM5
SIM1
SIM2
SIM3
SIM4
1
21
22
SIM5
SIM1
SIM2
SIM3
SIM4
1
21
22
SIM5
SIM1
SIM2
SIM3
SIM4
1
21
22
SIM5
SIM1
SIM2
SIM3
SIM4
1
21
22
SIM5
SIM1
SIM2
SIM3
SIM4
1
21
22
SIM5
SIM1
SIM2
SIM3
SIM4
1
21
22
SIM5
SIM1
SIM2
SIM3
SIM4
1
21
22
SIM5
SIM1
SIM2
SIM3
SIM4
1
21
22
SIM5
SIM1
SIM2
SIM3
SIM4
1
21
22
SIM5
SIM1
SIM2
SIM3
SIM4
1
21
22
SIM5
SIM1
SIM2
SIM3
SIM4
1
21
22
SIM5
SIM1
SIM2
SIM3
SIM4
1
21
22
SIM5
SIM1
SIM2
SIM3
SIM4
1
21
22
SIM5
SIM1
SIM2
SIM3
SIM4
1
21
22
SIM5
SIM1
SIM2
SIM3
SIM4
1
21
22
SIM5
SIM1
SIM2
SIM3
SIM4
1
21
22
SIM5
SIM1
SIM2
SIM3
SIM4
1
21
22
SIM5
SIM1
SIM2
SIM3
SIM4
1
21
22
SIM5
SIM1
SIM2
SIM3
SIM4
1
21
22
SIM5
SIM1
SIM2
SIM3
SIM4
1
21
22
SIM5
SIM1
SIM2
SIM3
SIM4
1
21
22
SIM5
SIM1
SIM2
SIM3
SIM4
1
21
22
SIM5
SIM1
SIM2
SIM3
SIM4
1
21
22
SIM5
SIM1
SIM2
SIM3
SIM4
1
21
22
SIM5
SIM1
SIM2
SIM3
SIM4
1
21
22
SIM5
SIM1
SIM2
SIM3
SIM4
1
21
22
SIM5
SIM1
SIM2
SIM3
SIM4
1
21
22
SIM5
SIM1
SIM2
SIM3
SIM4
1
21
22
SIM5
SIM1
SIM2
SIM3
SIM4
1
21
22
SIM5
SIM1
SIM2
SIM3
SIM4
1
21
22
SIM5
SIM1
SIM2
SIM3
SIM4
1
21
22
SIM5
SIM1
SIM2
SIM3
SIM4
1
21
22
SIM5
SIM1
SIM2
SIM3
SIM4
1
21
22
SIM5
SIM1
SIM2
SIM3
SIM4
1
21
22
SIM5
SIM1
SIM2
SIM3
SIM4
1
21
22
SIM5
SIM1
SIM2
SIM3
SIM4
1
21
22
SIM5
SIM1
SIM2
SIM3
SIM4
1
21
22
SIM5
SIM1
SIM2
SIM3
SIM4
1
21
22
SIM5
SIM1
SIM2
SIM3
SIM4
1
21
22
SIM5
SIM1
SIM2
SIM3
SIM4
1
21
22
SIM5
SIM1
SIM2
SIM3
SIM4
1
21
22
SIM5
SIM1
SIM2
SIM3
SIM4
1
21
22
SIM5
SIM1
SIM2
SIM3
SIM4
1
21
22
SIM5
SIM1
SIM2
SIM3
SIM4
1
21
22
SIM5
SIM1
SIM2
SIM3
SIM4
1
21
22
SIM5
SIM1
SIM2
SIM3
SIM4
1
21
22
SIM5
SIM1
SIM2
SIM3
SIM4
1
21
22
SIM5
SIM1
SIM2
SIM3
SIM4
1
21
22
SIM5
SIM1
SIM2
SIM3
SIM4
1
21
22
SIM5
SIM1
SIM2
SIM3
SIM4
1
21
22
SIM5
SIM1
SIM2
SIM3
SIM4
1
21
22
SIM5
SIM1
SIM2
SIM3
SIM4
1
21
22
SIM5
SIM1
SIM2
SIM3
SIM4
1
21
22
SIM5
SIM1
SIM2
SIM3
SIM4
1
21
22
SIM5
SIM1
SIM2
SIM3
SIM4
1
21
22
SIM5
SIM1
SIM2
SIM3
SIM4
1
21
22
SIM5
SIM1
SIM2
SIM3
SIM4
1
21
22
SIM5
SIM1
SIM2
SIM3
SIM4
1
21
22
SIM5
SIM1
SIM2
SIM3
SIM4
1
21
22
SIM5
SIM1
SIM2
SIM3
SIM4
1
21
22
SIM5
SIM1
SIM2
SIM3
SIM4
1
21
22
SIM5
SIM1
SIM2
SIM3
SIM4
1
21
22
SIM5
SIM1
SIM2
SIM3
SIM4
1
21
22
SIM5
SIM1
SIM2
SIM3
SIM4
1
21
22
SIM5
SIM1
SIM2
SIM3
SIM4
1
21
22
SIM5
SIM1
SIM2
SIM3
SIM4
1
21
22
SIM5
SIM1
SIM2
SIM3
SIM4
1
21
22
SIM5
SIM1
SIM2
SIM3
SIM4
1
21
22
SIM5
SIM1
SIM2
SIM3
SIM4
1
21
22
SIM5
SIM1
SIM2
DEBUG 1 261
SIM1
SIM2
SIM3
SIM4
1
21
22
SIM5
SIM1
SIM2
SIM3
SIM4
1
21
22
SIM5
SIM1
SIM2
SIM3
SIM4
1
21
22
SIM5
SIM1
SIM2
SIM3
SIM4
1
21
22
SIM5
SIM1
SIM2
SIM3
SIM4
1
21
22
SIM5
SIM1
SIM2
SIM3
SIM4
1
21
22
SIM5
SIM1
SIM2
SIM3
SIM4
1
21
22
SIM5
SIM1
SIM2
SIM3
SIM4
1
21
22
SIM5
SIM1
SIM2
SIM3
SIM4
1
21
22
SIM5
SIM1
SIM2
SIM3
SIM4
1
21
22
SIM5
SIM1
SIM2
SIM3
SIM4
1
21
22
SIM5
SIM1
SIM2
SIM3
SIM4
1
21
22
SIM5
SIM1
SIM2
SIM3
SIM4
1
21
22
SIM5
SIM1
SIM2
SIM3
SIM4
1
21
22
SIM5
SIM1
SIM2
SIM3
SIM4
1
21
22
SIM5
SIM1
SIM2
SIM3
SIM4
1
21
22
SIM5
SIM1
SIM2
SIM3
SIM4
1
21
22
SIM5
SIM1
SIM2
SIM3
SIM4
1
21
22
SIM5
SIM1
SIM2
SIM3
SIM4
1
21
22
SIM5
SIM1
SIM2
SIM3
SIM4
1
21
22
SIM5
SIM1
SIM2
SIM3
SIM4
1
21
22
SIM5
SIM1
SIM2
SIM3
SIM4
1
21
22
SIM5
SIM1
SIM2
SIM3
SIM4
1
21
22
SIM5
SIM1
SIM2
SIM3
SIM4
1
21
22
SIM5
SIM1
SIM2
SIM3
SIM4
1
21
22
SIM5
SIM1
SIM2
SIM3
SIM4
1
21
22
SIM5
SIM1
SIM2
SIM3
SIM4
1
21
22
SIM5
SIM1
SIM2
SIM3
SIM4
1
21
22
SIM5
SIM1
SIM2
SIM3
SIM4
1
21
22
SIM5
SIM1
SIM2
SIM3
SIM4
1
21
22
SIM5
SIM1
SIM2
SIM3
SIM4
1
21
22
SIM5
SIM1
SIM2
SIM3
SIM4
1
21
22
SIM5
SIM1
SIM2
SIM3
SIM4
1
21
22
SIM5
SIM1
SIM2
SIM3
SIM4
1
21
22
SIM5
SIM1
SIM2
SIM3
SIM4
1
21
22
SIM5
SIM1
SIM2
SIM3
SIM4
1
21
22
SIM5
SIM1
SIM2
SIM3
SIM4
1
21
22
SIM5
SIM1
SIM2
SIM3
SIM4
1
21
22
SIM5
SIM1
SIM2
SIM3
SIM4
1
21
22
SIM5
SIM1
SIM2
SIM3
SIM4
1
21
22
SIM5
SIM1
SIM2
SIM3
SIM4
1
21
22
SIM5
SIM1
SIM2
SIM3
SIM4
1
21
22
SIM5
SIM1
SIM2
SIM3
SIM4
1
21
22
SIM5
SIM1
SIM2
SIM3
SIM4
1
21
22
SIM5
SIM1
SIM2
SIM3
SIM4
1
21
22
SIM5
SIM1
SIM2
SIM3
SIM4
1
21
22
SIM5
SIM1
SIM2
SIM3
SIM4
1
21
22
SIM5
SIM1
SIM2
SIM3
SIM4
1
21
22
SIM5
SIM1
SIM2
SIM3
SIM4
1
21
22
SIM5
SIM1
SIM2
SIM3
SIM4
1
21
22
SIM5
SIM1
SIM2
SIM3
SIM4
1
21
22
SIM5
SIM1
SIM2
SIM3
SIM4
1
21
22
SIM5
SIM1
SIM2
SIM3
SIM4
1
21
22
SIM5
SIM1
SIM2
SIM3
SIM4
1
21
22
SIM5
SIM1
SIM2
SIM3
SIM4
1
21
22
SIM5
SIM1
SIM2
SIM3
SIM4
1
21
22
SIM5
SIM1
SIM2
SIM3
SIM4
1
21
22
SIM5
SIM1
SIM2
SIM3
SIM4
1
21
22
SIM5
SIM1
SIM2
SIM3
SIM4
1
21
22
SIM5
SIM1
SIM2
SIM3
SIM4
1
21
22
SIM5
SIM1
SIM2
SIM3
SIM4
1
21
22
SIM5
SIM1
SIM2
SIM3
SIM4
1
21
22
SIM5
SIM1
SIM2
SIM3
SIM4
1
21
22
SIM5
SIM1
SIM2
SIM3
SIM4
1
21
22
SIM5
SIM1
SIM2
SIM3
SIM4
1
21
22
SIM5
SIM1
SIM2
SIM3
SIM4
1
21
22
SIM5
SIM1
SIM2
SIM3
SIM4
1
21
22
SIM5
SIM1
SIM2
SIM3
SIM4
1
21
22
SIM5
SIM1
SIM2
SIM3
SIM4
1
21
22
SIM5
SIM1
SIM2
SIM3
SIM4
1
21
22
SIM5
SIM1
SIM2
SIM3
SIM4
1
21
22
SIM5
SIM1
SIM2
SIM3
SIM4
1
21
22
SIM5
SIM1
SIM2
SIM3
SIM4
1
21
22
SIM5
SIM1
SIM2
SIM3
SIM4
1
21
22
SIM5
SIM1
SIM2
SIM3
SIM4
1
21
22
SIM5
SIM1
SIM2
SIM3
SIM4
1
21
22
SIM5
SIM1
SIM2
SIM3
SIM4
1
21
22
SIM5
SIM1
SIM2
SIM3
SIM4
1
21
22
SIM5
SIM1
SIM2
SIM3
SIM4
1
21
22
SIM5
SIM1
SIM2
SIM3
SIM4
1
21
22
SIM5
SIM1
SIM2
SIM3
SIM4
1
21
22
SIM5
SIM1
SIM2
SIM3
SIM4
1
21
22
SIM5
SIM1
SIM2
SIM3
SIM4
1
21
22
SIM5
SIM1
SIM2
SIM3
SIM4
1
21
22
SIM5
SIM1
SIM2
SIM3
SIM4
1
21
22
SIM5
SIM1
SIM2
SIM3
SIM4
1
21
22
SIM5
SIM1
SIM2
SIM3
SIM4
1
21
22
SIM5
SIM1
SIM2
SIM3
SIM4
1
21
22
SIM5
SIM1
SIM2
SIM3
SIM4
1
21
22
SIM5
SIM1
SIM2
SIM3
SIM4
1
21
22
SIM5
SIM1
SIM2
SIM3
SIM4
1
21
22
SIM5
SIM1
SIM2
SIM3
SIM4
1
21
22
SIM5
SIM1
SIM2
SIM3
SIM4
1
21
22
SIM5
SIM1
SIM2
SIM3
SIM4
1
21
22
SIM5
SIM1
SIM2
SIM3
SIM4
1
21
22
SIM5
SIM1
SIM2
SIM3
SIM4
1
21
22
SIM5
SIM1
SIM2
SIM3
SIM4
1
21
22
SIM5
SIM1
SIM2
SIM3
SIM4
1
21
22
SIM5
SIM1
SIM2
SIM3
SIM4
1
21
22
SIM5
SIM1
SIM2
SIM3
SIM4
1
21
22
SIM5
SIM1
SIM2
SIM3
SIM4
1
21
22
SIM5
SIM1
SIM2
SIM3
SIM4
1
21
22
SIM5
SIM1
SIM2
SIM3
SIM4
1
21
22
SIM5
SIM1
SIM2
SIM3
SIM4
1
21
22
SIM5
SIM1
SIM2
SIM3
SIM4
1
21
22
SIM5
SIM1
SIM2
SIM3
SIM4
1
21
22
SIM5
SIM1
SIM2
SIM3
SIM4
1
21
22
SIM5
SIM1
SIM2
SIM3
SIM4
1
21
22
SIM5
SIM1
SIM2
SIM3
SIM4
1
21
22
SIM5
SIM1
SIM2
SIM3
SIM4
1
21
22
SIM5
SIM1
SIM2
SIM3
SIM4
1
21
22
SIM5
SIM1
SIM2
SIM3
SIM4
1
21
22
SIM5
SIM1
SIM2
SIM3
SIM4
1
21
22
SIM5
SIM1
SIM2
SIM3
SIM4
1
21
22
SIM5
SIM1
SIM2
SIM3
SIM4
1
21
22
SIM5
SIM1
SIM2
SIM3
SIM4
1
21
22
SIM5
SIM1
SIM2
SIM3
SIM4
1
21
22
SIM5
SIM1
SIM2
SIM3
SIM4
1
21
22
SIM5
SIM1
SIM2
SIM3
SIM4
1
21
22
SIM5
SIM1
SIM2
SIM3
SIM4
1
21
22
SIM5
SIM1
SIM2
SIM3
SIM4
1
21
22
SIM5
SIM1
SIM2
SIM3
SIM4
1
21
22
SIM5
SIM1
SIM2
SIM3
SIM4
1
21
22
SIM5
SIM1
SIM2
DEBUG 1 262
SIM1
SIM2
SIM3
SIM4
1
21
22
SIM5
SIM1
SIM2
SIM3
SIM4
1
21
22
SIM5
SIM1
SIM2
SIM3
SIM4
1
21
22
SIM5
SIM1
SIM2
SIM3
SIM4
1
21
22
SIM5
SIM1
SIM2
SIM3
SIM4
1
21
22
SIM5
SIM1
SIM2
SIM3
SIM4
1
21
22
SIM5
SIM1
SIM2
SIM3
SIM4
1
21
22
SIM5
SIM1
SIM2
SIM3
SIM4
1
21
22
SIM5
SIM1
SIM2
SIM3
SIM4
1
21
22
SIM5
SIM1
SIM2
SIM3
SIM4
1
21
22
SIM5
SIM1
SIM2
SIM3
SIM4
1
21
22
SIM5
SIM1
SIM2
SIM3
SIM4
1
21
22
SIM5
SIM1
SIM2
SIM3
SIM4
1
21
22
SIM5
SIM1
SIM2
SIM3
SIM4
1
21
22
SIM5
SIM1
SIM2
SIM3
SIM4
1
21
22
SIM5
SIM1
SIM2
SIM3
SIM4
1
21
22
SIM5
SIM1
SIM2
SIM3
SIM4
1
21
22
SIM5
SIM1
SIM2
SIM3
SIM4
1
21
22
SIM5
SIM1
SIM2
SIM3
SIM4
1
21
22
SIM5
SIM1
SIM2
SIM3
SIM4
1
21
22
SIM5
SIM1
SIM2
SIM3
SIM4
1
21
22
SIM5
SIM1
SIM2
SIM3
SIM4
1
21
22
SIM5
SIM1
SIM2
SIM3
SIM4
1
21
22
SIM5
SIM1
SIM2
SIM3
SIM4
1
21
22
SIM5
SIM1
SIM2
SIM3
SIM4
1
21
22
SIM5
SIM1
SIM2
SIM3
SIM4
1
21
22
SIM5
SIM1
SIM2
SIM3
SIM4
1
21
22
SIM5
SIM1
SIM2
SIM3
SIM4
1
21
22
SIM5
SIM1
SIM2
SIM3
SIM4
1
21
22
SIM5
SIM1
SIM2
SIM3
SIM4
1
21
22
SIM5
SIM1
SIM2
SIM3
SIM4
1
21
22
SIM5
SIM1
SIM2
SIM3
SIM4
1
21
22
SIM5
SIM1
SIM2
SIM3
SIM4
1
21
22
SIM5
SIM1
SIM2
SIM3
SIM4
1
21
22
SIM5
SIM1
SIM2
SIM3
SIM4
1
21
22
SIM5
SIM1
SIM2
SIM3
SIM4
1
21
22
SIM5
SIM1
SIM2
SIM3
SIM4
1
21
22
SIM5
SIM1
SIM2
SIM3
SIM4
1
21
22
SIM5
SIM1
SIM2
SIM3
SIM4
1
21
22
SIM5
SIM1
SIM2
SIM3
SIM4
1
21
22
SIM5
SIM1
SIM2
SIM3
SIM4
1
21
22
SIM5
SIM1
SIM2
SIM3
SIM4
1
21
22
SIM5
SIM1
SIM2
SIM3
SIM4
1
21
22
SIM5
SIM1
SIM2
SIM3
SIM4
1
21
22
SIM5
SIM1
SIM2
SIM3
SIM4
1
21
22
SIM5
SIM1
SIM2
SIM3
SIM4
1
21
22
SIM5
SIM1
SIM2
SIM3
SIM4
1
21
22
SIM5
SIM1
SIM2
SIM3
SIM4
1
21
22
SIM5
SIM1
SIM2
SIM3
SIM4
1
21
22
SIM5
SIM1
SIM2
SIM3
SIM4
1
21
22
SIM5
SIM1
SIM2
SIM3
SIM4
1
21
22
SIM5
SIM1
SIM2
SIM3
SIM4
1
21
22
SIM5
SIM1
SIM2
SIM3
SIM4
1
21
22
SIM5
SIM1
SIM2
SIM3
SIM4
1
21
22
SIM5
SIM1
SIM2
SIM3
SIM4
1
21
22
SIM5
SIM1
SIM2
SIM3
SIM4
1
21
22
SIM5
SIM1
SIM2
SIM3
SIM4
1
21
22
SIM5
SIM1
SIM2
SIM3
SIM4
1
21
22
SIM5
SIM1
SIM2
SIM3
SIM4
1
21
22
SIM5
SIM1
SIM2
SIM3
SIM4
1
21
22
SIM5
SIM1
SIM2
SIM3
SIM4
1
21
22
SIM5
SIM1
SIM2
SIM3
SIM4
1
21
22
SIM5
SIM1
SIM2
SIM3
SIM4
1
21
22
SIM5
SIM1
SIM2
SIM3
SIM4
1
21
22
SIM5
SIM1
SIM2
SIM3
SIM4
1
21
22
SIM5
SIM1
SIM2
SIM3
SIM4
1
21
22
SIM5
SIM1
SIM2
SIM3
SIM4
1
21
22
SIM5
SIM1
SIM2
SIM3
SIM4
1
21
22
SIM5
SIM1
SIM2
SIM3
SIM4
1
21
22
SIM5
SIM1
SIM2
SIM3
SIM4
1
21
22
SIM5
SIM1
SIM2
SIM3
SIM4
1
21
22
SIM5
SIM1
SIM2
SIM3
SIM4
1
21
22
SIM5
SIM1
SIM2
SIM3
SIM4
1
21
22
SIM5
SIM1
SIM2
SIM3
SIM4
1
21
22
SIM5
SIM1
SIM2
SIM3
SIM4
1
21
22
SIM5
SIM1
SIM2
SIM3
SIM4
1
21
22
SIM5
SIM1
SIM2
SIM3
SIM4
1
21
22
SIM5
SIM1
SIM2
SIM3
SIM4
1
21
22
SIM5
SIM1
SIM2
SIM3
SIM4
1
21
22
SIM5
SIM1
SIM2
SIM3
SIM4
1
21
22
SIM5
SIM1
SIM2
SIM3
SIM4
1
21
22
SIM5
SIM1
SIM2
SIM3
SIM4
1
21
22
SIM5
SIM1
SIM2
SIM3
SIM4
1
21
22
SIM5
SIM1
SIM2
SIM3
SIM4
1
21
22
SIM5
SIM1
SIM2
SIM3
SIM4
1
21
22
SIM5
SIM1
SIM2
SIM3
SIM4
1
21
22
SIM5
SIM1
SIM2
SIM3
SIM4
1
21
22
SIM5
SIM1
SIM2
SIM3
SIM4
1
21
22
SIM5
SIM1
SIM2
SIM3
SIM4
1
21
22
SIM5
SIM1
SIM2
SIM3
SIM4
1
21
22
SIM5
SIM1
SIM2
SIM3
SIM4
1
21
22
SIM5
SIM1
SIM2
SIM3
SIM4
1
21
22
SIM5
SIM1
SIM2
SIM3
SIM4
1
21
22
SIM5
SIM1
SIM2
SIM3
SIM4
1
21
22
SIM5
SIM1
SIM2
SIM3
SIM4
1
21
22
SIM5
SIM1
SIM2
SIM3
SIM4
1
21
22
SIM5
SIM1
SIM2
SIM3
SIM4
1
21
22
SIM5
SIM1
SIM2
SIM3
SIM4
1
21
22
SIM5
SIM1
SIM2
SIM3
SIM4
1
21
22
SIM5
SIM1
SIM2
SIM3
SIM4
1
21
22
SIM5
SIM1
SIM2
SIM3
SIM4
1
21
22
SIM5
SIM1
SIM2
SIM3
SIM4
1
21
22
SIM5
SIM1
SIM2
SIM3
SIM4
1
21
22
SIM5
SIM1
SIM2
SIM3
SIM4
1
21
22
SIM5
SIM1
SIM2
SIM3
SIM4
1
21
22
SIM5
SIM1
SIM2
SIM3
SIM4
1
21
22
SIM5
SIM1
SIM2
SIM3
SIM4
1
21
22
SIM5
SIM1
SIM2
SIM3
SIM4
1
21
22
SIM5
SIM1
SIM2
SIM3
SIM4
1
21
22
SIM5
SIM1
SIM2
SIM3
SIM4
1
21
22
SIM5
SIM1
SIM2
SIM3
SIM4
1
21
22
SIM5
SIM1
SIM2
SIM3
SIM4
1
21
22
SIM5
SIM1
SIM2
SIM3
SIM4
1
21
22
SIM5
SIM1
SIM2
SIM3
SIM4
1
21
22
SIM5
SIM1
SIM2
SIM3
SIM4
1
21
22
SIM5
SIM1
SIM2
SIM3
SIM4
1
21
22
SIM5
SIM1
SIM2
SIM3
SIM4
1
21
22
SIM5
SIM1
SIM2
SIM3
SIM4
1
21
22
SIM5
SIM1
SIM2
SIM3
SIM4
1
21
22
SIM5
SIM1
SIM2
SIM3
SIM4
1
21
22
SIM5
SIM1
SIM2
SIM3
SIM4
1
21
22
SIM5
SIM1
SIM2
SIM3
SIM4
1
21
22
SIM5
SIM1
SIM2
SIM3
SIM4
1
21
22
SIM5
SIM1
SIM2
SIM3
SIM4
1
21
22
SIM5
SIM1
SIM2
SIM3
SIM4
1
21
22
SIM5
SIM1
SIM2
SIM3
SIM4
1
21
22
SIM5
SIM1
SIM2
SIM3
SIM4
1
21
22
SIM5
SIM1
SIM2
SIM3
SIM4
1
21
22
SIM5
SIM1
SIM2
SIM3
SIM4
1
21
22
SIM5
SIM1
SIM2
SIM3
SIM4
1
21
22
SIM5
SIM1
SIM2
SIM3
SIM4
1
21
22
SIM5
SIM1
SIM2
SIM3
SIM4
1
21
22
SIM5
SIM1
SIM2
SIM3
SIM4
1
21
22
SIM5
SIM1
SIM2
SIM3
SIM4
1
21
22
SIM5
SIM1
SIM2
SIM3
SIM4
1
21
22
SIM5
SIM1
SIM2
SIM3
SIM4
1
21
22
SIM5
SIM1
SIM2
SIM3
SIM4
1
21
22
SIM5
SIM1
SIM2
SIM3
SIM4
1
21
22
SIM5
SIM1
SIM2
SIM3
SIM4
1
21
22
SIM5
SIM1
SIM2
SIM3
SIM4
1
21
22
SIM5
SIM1
SIM2
SIM3
SIM4
1
21
22
SIM5
SIM1
SIM2
SIM3
SIM4
1
21
22
SIM5
SIM1
SIM2
SIM3
SIM4
1
21
22
SIM5
SIM1
SIM2
SIM3
SIM4
1
21
22
SIM5
SIM1
SIM2
SIM3
SIM4
1
21
22
SIM5
SIM1
SIM2
SIM3
SIM4
1
21
22
SIM5
SIM1
SIM2
SIM3
SIM4
1
21
22
SIM5
SIM1
SIM2
SIM3
SIM4
1
21
22
SIM5
SIM1
SIM2
SIM3
SIM4
1
21
22
SIM5
SIM1
SIM2
SIM3
SIM4
1
21
22
SIM5
SIM1
SIM2
SIM3
SIM4
1
21
22
SIM5
SIM1
SIM2
SIM3
SIM4
1
21
22
SIM5
SIM1
SIM2
SIM3
SIM4
1
21
22
SIM5
SIM1
SIM2
SIM3
SIM4
1
21
22
SIM5
SIM1
SIM2
SIM3
SIM4
1
21
22
SIM5
SIM1
SIM2
SIM3
SIM4
1
21
22
SIM5
SIM1
SIM2
SIM3
SIM4
1
21
22
SIM5
SIM1
SIM2
SIM3
SIM4
1
21
22
SIM5
SIM1
SIM2
SIM3
SIM4
1
21
22
SIM5
SIM1
SIM2
SIM3
SIM4
1
21
22
SIM5
SIM1
SIM2
SIM3
SIM4
1
21
22
SIM5
SIM1
SIM2
SIM3
SIM4
1
21
22
SIM5
SIM1
SIM2
SIM3
SIM4
1
21
22
SIM5
SIM1
SIM2
SIM3
SIM4
1
21
22
SIM5
SIM1
SIM2
SIM3
SIM4
1
21
22
SIM5
SIM1
SIM2
SIM3
SIM4
1
21
22
SIM5
SIM1
SIM2
SIM3
SIM4
1
21
22
SIM5
SIM1
SIM2
SIM3
SIM4
1
21
22
SIM5
SIM1
SIM2
SIM3
SIM4
1
21
22
SIM5
SIM1
SIM2
SIM3
SIM4
1
21
22
SIM5
SIM1
SIM2
SIM3
SIM4
1
21
22
SIM5
SIM1
SIM2
SIM3
SIM4
1
21
22
SIM5
SIM1
SIM2
SIM3
SIM4
1
21
22
SIM5
SIM1
SIM2
SIM3
SIM4
1
21
22
SIM5
SIM1
SIM2
SIM3
SIM4
1
21
22
SIM5
SIM1
SIM2
SIM3
SIM4
1
21
22
SIM5
SIM1
SIM2
SIM3
SIM4
1
21
22
SIM5
SIM1
SIM2
SIM3
SIM4
1
21
22
SIM5
SIM1
SIM2
SIM3
SIM4
1
21
22
SIM5
SIM1
SIM2
SIM3
SIM4
1
21
22
SIM5
SIM1
SIM2
SIM3
SIM4
1
21
22
SIM5
SIM1
SIM2
SIM3
SIM4
1
21
22
SIM5
SIM1
SIM2
SIM3
SIM4
1
21
22
SIM5
SIM1
SIM2
SIM3
SIM4
1
21
22
SIM5
SIM1
SIM2
SIM3
SIM4
1
21
22
SIM5
SIM1
SIM2
SIM3
SIM4
1
21
22
SIM5
SIM1
SIM2
SIM3
SIM4
1
21
22
SIM5
SIM1
SIM2
SIM3
SIM4
1
21
22
SIM5
SIM1
SIM2
SIM3
SIM4
1
21
22
SIM5
SIM1
SIM2
SIM3
SIM4
1
21
22
SIM5
SIM1
SIM2
SIM3
SIM4
1
21
22
SIM5
SIM1
SIM2
SIM3
SIM4
1
21
22
SIM5
SIM1
SIM2
SIM3
SIM4
1
21
22
SIM5
SIM1
SIM2
SIM3
SIM4
1
21
22
SIM5
SIM1
SIM2
SIM3
SIM4
1
21
22
SIM5
SIM1
SIM2
SIM3
SIM4
1
21
22
SIM5
SIM1
SIM2
SIM3
SIM4
1
21
22
SIM5
SIM1
SIM2
SIM3
SIM4
1
21
22
SIM5
SIM1
SIM2
SIM3
SIM4
1
21
22
SIM5
SIM1
SIM2
SIM3
SIM4
1
21
22
SIM5
SIM1
SIM2
SIM3
SIM4
1
21
22
SIM5
SIM1
SIM2
SIM3
SIM4
1
21
22
SIM5
SIM1
SIM2
SIM3
SIM4
1
21
22
SIM5
SIM1
SIM2
SIM3
SIM4
1
21
22
SIM5
SIM1
SIM2
SIM3
SIM4
1
21
22
SIM5
SIM1
SIM2
SIM3
SIM4
1
21
22
SIM5
SIM1
SIM2
SIM3
SIM4
1
21
22
SIM5
SIM1
SIM2
SIM3
SIM4
1
21
22
SIM5
SIM1
SIM2
SIM3
SIM4
1
21
22
SIM5
SIM1
SIM2
SIM3
SIM4
1
21
22
SIM5
SIM1
SIM2
SIM3
SIM4
1
21
22
SIM5
SIM1
SIM2
SIM3
SIM4
1
21
22
SIM5
SIM1
SIM2
SIM3
SIM4
1
21
22
SIM5
SIM1
SIM2
SIM3
SIM4
1
21
22
SIM5
SIM1
SIM2
SIM3
SIM4
1
21
22
SIM5
SIM1
SIM2
SIM3
SIM4
1
21
22
SIM5
SIM1
SIM2
SIM3
SIM4
1
21
22
SIM5
SIM1
SIM2
SIM3
SIM4
1
21
22
SIM5
SIM1
SIM2
SIM3
SIM4
1
21
22
SIM5
SIM1
SIM2
SIM3
SIM4
1
21
22
SIM5
SIM1
SIM2
SIM3
SIM4
1
21
22
SIM5
SIM1
SIM2
SIM3
SIM4
1
21
22
SIM5
SIM1
SIM2
SIM3
SIM4
1
21
22
SIM5
SIM1
SIM2
SIM3
SIM4
1
21
22
SIM5
SIM1
SIM2
SIM3
SIM4
1
21
22
SIM5
SIM1
SIM2
SIM3
SIM4
1
21
22
SIM5
SIM1
SIM2
SIM3
SIM4
1
21
22
SIM5
SIM1
SIM2
SIM3
SIM4
1
21
22
SIM5
SIM1
SIM2
SIM3
SIM4
1
21
22
SIM5
SIM1
SIM2
SIM3
SIM4
1
21
22
SIM5
SIM1
SIM2
SIM3
SIM4
1
21
22
SIM5
SIM1
SIM2
SIM3
SIM4
1
21
22
SIM5
SIM1
SIM2
SIM3
SIM4
1
21
22
SIM5
SIM1
SIM2
SIM3
SIM4
1
21
22
SIM5
SIM1
SIM2
SIM3
SIM4
1
21
22
SIM5
SIM1
SIM2
SIM3
SIM4
1
21
22
SIM5
SIM1
SIM2
SIM3
SIM4
1
21
22
SIM5
SIM1
SIM2
SIM3
SIM4
1
21
22
SIM5
SIM1
SIM2
SIM3
SIM4
1
21
22
SIM5
SIM1
SIM2
SIM3
SIM4
1
21
22
SIM5
SIM1
SIM2
SIM3
SIM4
1
21
22
SIM5
SIM1
SIM2
SIM3
SIM4
1
21
22
SIM5
SIM1
SIM2
SIM3
SIM4
1
21
22
SIM5
SIM1
SIM2
SIM3
SIM4
1
21
22
SIM5
SIM1
SIM2
SIM3
SIM4
1
21
22
SIM5
SIM1
SIM2
SIM3
SIM4
1
21
22
SIM5
SIM1
SIM2
SIM3
SIM4
1
21
22
SIM5
SIM1
SIM2
SIM3
SIM4
1
21
22
SIM5
SIM1
SIM2
SIM3
SIM4
1
21
22
SIM5
SIM1
SIM2
SIM3
SIM4
1
21
22
SIM5
SIM1
SIM2
SIM3
SIM4
1
21
22
SIM5
SIM1
SIM2
SIM3
SIM4
1
21
22
SIM5
SIM1
SIM2
SIM3
SIM4
1
21
22
SIM5
SIM1
SIM2
DEBUG 1 263
SIM1
SIM2
SIM3
SIM4
1
21
22
SIM5
SIM1
SIM2
SIM3
SIM4
1
21
22
SIM5
SIM1
SIM2
SIM3
SIM4
1
21
22
SIM5
SIM1
SIM2
SIM3
SIM4
1
21
22
SIM5
SIM1
SIM2
SIM3
SIM4
1
21
22
SIM5
SIM1
SIM2
SIM3
SIM4
1
21
22
SIM5
SIM1
SIM2
SIM3
SIM4
1
21
22
SIM5
SIM1
SIM2
SIM3
SIM4
1
21
22
SIM5
SIM1
SIM2
SIM3
SIM4
1
21
22
SIM5
SIM1
SIM2
SIM3
SIM4
1
21
22
SIM5
SIM1
SIM2
SIM3
SIM4
1
21
22
SIM5
SIM1
SIM2
SIM3
SIM4
1
21
22
SIM5
SIM1
SIM2
SIM3
SIM4
1
21
22
SIM5
SIM1
SIM2
SIM3
SIM4
1
21
22
SIM5
SIM1
SIM2
SIM3
SIM4
1
21
22
SIM5
SIM1
SIM2
SIM3
SIM4
1
21
22
SIM5
SIM1
SIM2
SIM3
SIM4
1
21
22
SIM5
SIM1
SIM2
SIM3
SIM4
1
21
22
SIM5
SIM1
SIM2
SIM3
SIM4
1
21
22
SIM5
SIM1
SIM2
SIM3
SIM4
1
21
22
SIM5
SIM1
SIM2
SIM3
SIM4
1
21
22
SIM5
SIM1
SIM2
SIM3
SIM4
1
21
22
SIM5
SIM1
SIM2
SIM3
SIM4
1
21
22
SIM5
SIM1
SIM2
SIM3
SIM4
1
21
22
SIM5
SIM1
SIM2
SIM3
SIM4
1
21
22
SIM5
SIM1
SIM2
SIM3
SIM4
1
21
22
SIM5
SIM1
SIM2
SIM3
SIM4
1
21
22
SIM5
SIM1
SIM2
SIM3
SIM4
1
21
22
SIM5
SIM1
SIM2
SIM3
SIM4
1
21
22
SIM5
SIM1
SIM2
SIM3
SIM4
1
21
22
SIM5
SIM1
SIM2
SIM3
SIM4
1
21
22
SIM5
SIM1
SIM2
SIM3
SIM4
1
21
22
SIM5
SIM1
SIM2
SIM3
SIM4
1
21
22
SIM5
SIM1
SIM2
SIM3
SIM4
1
21
22
SIM5
SIM1
SIM2
SIM3
SIM4
1
21
22
SIM5
SIM1
SIM2
SIM3
SIM4
1
21
22
SIM5
SIM1
SIM2
SIM3
SIM4
1
21
22
SIM5
SIM1
SIM2
SIM3
SIM4
1
21
22
SIM5
SIM1
SIM2
SIM3
SIM4
1
21
22
SIM5
SIM1
SIM2
SIM3
SIM4
1
21
22
SIM5
SIM1
SIM2
SIM3
SIM4
1
21
22
SIM5
SIM1
SIM2
SIM3
SIM4
1
21
22
SIM5
SIM1
SIM2
SIM3
SIM4
1
21
22
SIM5
SIM1
SIM2
SIM3
SIM4
1
21
22
SIM5
SIM1
SIM2
SIM3
SIM4
1
21
22
SIM5
SIM1
SIM2
SIM3
SIM4
1
21
22
SIM5
SIM1
SIM2
SIM3
SIM4
1
21
22
SIM5
SIM1
SIM2
SIM3
SIM4
1
21
22
SIM5
SIM1
SIM2
SIM3
SIM4
1
21
22
SIM5
SIM1
SIM2
SIM3
SIM4
1
21
22
SIM5
SIM1
SIM2
SIM3
SIM4
1
21
22
SIM5
SIM1
SIM2
SIM3
SIM4
1
21
22
SIM5
SIM1
SIM2
SIM3
SIM4
1
21
22
SIM5
SIM1
SIM2
SIM3
SIM4
1
21
22
SIM5
SIM1
SIM2
SIM3
SIM4
1
21
22
SIM5
SIM1
SIM2
SIM3
SIM4
1
21
22
SIM5
SIM1
SIM2
SIM3
SIM4
1
21
22
SIM5
SIM1
SIM2
SIM3
SIM4
1
21
22
SIM5
SIM1
SIM2
SIM3
SIM4
1
21
22
SIM5
SIM1
SIM2
SIM3
SIM4
1
21
22
SIM5
SIM1
SIM2
SIM3
SIM4
1
21
22
SIM5
SIM1
SIM2
SIM3
SIM4
1
21
22
SIM5
SIM1
SIM2
SIM3
SIM4
1
21
22
SIM5
SIM1
SIM2
SIM3
SIM4
1
21
22
SIM5
SIM1
SIM2
SIM3
SIM4
1
21
22
SIM5
SIM1
SIM2
SIM3
SIM4
1
21
22
SIM5
SIM1
SIM2
SIM3
SIM4
1
21
22
SIM5
SIM1
SIM2
SIM3
SIM4
1
21
22
SIM5
SIM1
SIM2
SIM3
SIM4
1
21
22
SIM5
SIM1
SIM2
SIM3
SIM4
1
21
22
SIM5
SIM1
SIM2
SIM3
SIM4
1
21
22
SIM5
SIM1
SIM2
SIM3
SIM4
1
21
22
SIM5
SIM1
SIM2
SIM3
SIM4
1
21
22
SIM5
SIM1
SIM2
SIM3
SIM4
1
21
22
SIM5
SIM1
SIM2
SIM3
SIM4
1
21
22
SIM5
SIM1
SIM2
SIM3
SIM4
1
21
22
SIM5
SIM1
SIM2
SIM3
SIM4
1
21
22
SIM5
SIM1
SIM2
SIM3
SIM4
1
21
22
SIM5
SIM1
SIM2
SIM3
SIM4
1
21
22
SIM5
SIM1
SIM2
SIM3
SIM4
1
21
22
SIM5
SIM1
SIM2
SIM3
SIM4
1
21
22
SIM5
SIM1
SIM2
SIM3
SIM4
1
21
22
SIM5
SIM1
SIM2
SIM3
SIM4
1
21
22
SIM5
SIM1
SIM2
SIM3
SIM4
1
21
22
SIM5
SIM1
SIM2
SIM3
SIM4
1
21
22
SIM5
SIM1
SIM2
SIM3
SIM4
1
21
22
SIM5
SIM1
SIM2
SIM3
SIM4
1
21
22
SIM5
SIM1
SIM2
SIM3
SIM4
1
21
22
SIM5
SIM1
SIM2
SIM3
SIM4
1
21
22
SIM5
SIM1
SIM2
SIM3
SIM4
1
21
22
SIM5
SIM1
SIM2
SIM3
SIM4
1
21
22
SIM5
SIM1
SIM2
SIM3
SIM4
1
21
22
SIM5
SIM1
SIM2
SIM3
SIM4
1
21
22
SIM5
SIM1
SIM2
SIM3
SIM4
1
21
22
SIM5
SIM1
SIM2
SIM3
SIM4
1
21
22
SIM5
SIM1
SIM2
SIM3
SIM4
1
21
22
SIM5
SIM1
SIM2
SIM3
SIM4
1
21
22
SIM5
SIM1
SIM2
SIM3
SIM4
1
21
22
SIM5
SIM1
SIM2
SIM3
SIM4
1
21
22
SIM5
SIM1
SIM2
SIM3
SIM4
1
21
22
SIM5
SIM1
SIM2
SIM3
SIM4
1
21
22
SIM5
SIM1
SIM2
SIM3
SIM4
1
21
22
SIM5
SIM1
SIM2
SIM3
SIM4
1
21
22
SIM5
SIM1
SIM2
SIM3
SIM4
1
21
22
SIM5
SIM1
SIM2
SIM3
SIM4
1
21
22
SIM5
SIM1
SIM2
SIM3
SIM4
1
21
22
SIM5
SIM1
SIM2
SIM3
SIM4
1
21
22
SIM5
SIM1
SIM2
SIM3
SIM4
1
21
22
SIM5
SIM1
SIM2
SIM3
SIM4
1
21
22
SIM5
SIM1
SIM2
SIM3
SIM4
1
21
22
SIM5
SIM1
SIM2
SIM3
SIM4
1
21
22
SIM5
SIM1
SIM2
SIM3
SIM4
1
21
22
SIM5
SIM1
SIM2
SIM3
SIM4
1
21
22
SIM5
SIM1
SIM2
SIM3
SIM4
1
21
22
SIM5
SIM1
SIM2
SIM3
SIM4
1
21
22
SIM5
SIM1
SIM2
SIM3
SIM4
1
21
22
SIM5
SIM1
SIM2
SIM3
SIM4
1
21
22
SIM5
SIM1
SIM2
SIM3
SIM4
1
21
22
SIM5
SIM1
SIM2
SIM3
SIM4
1
21
22
SIM5
SIM1
SIM2
SIM3
SIM4
1
21
22
SIM5
SIM1
SIM2
SIM3
SIM4
1
21
22
SIM5
SIM1
SIM2
SIM3
SIM4
1
21
22
SIM5
SIM1
SIM2
SIM3
SIM4
1
21
22
SIM5
SIM1
SIM2
SIM3
SIM4
1
21
22
SIM5
SIM1
SIM2
SIM3
SIM4
1
21
22
SIM5
SIM1
SIM2
SIM3
SIM4
1
21
22
SIM5
SIM1
SIM2
SIM3
SIM4
1
21
22
SIM5
SIM1
SIM2
SIM3
SIM4
1
21
22
SIM5
SIM1
SIM2
SIM3
SIM4
1
21
22
SIM5
SIM1
SIM2
SIM3
SIM4
1
21
22
SIM5
SIM1
SIM2
SIM3
SIM4
1
21
22
SIM5
SIM1
SIM2
SIM3
SIM4
1
21
22
SIM5
SIM1
SIM2
SIM3
SIM4
1
21
22
SIM5
SIM1
SIM2
SIM3
SIM4
1
21
22
SIM5
SIM1
SIM2
SIM3
SIM4
1
21
22
SIM5
SIM1
SIM2
SIM3
SIM4
1
21
22
SIM5
SIM1
SIM2
SIM3
SIM4
1
21
22
SIM5
SIM1
SIM2
SIM3
SIM4
1
21
22
SIM5
SIM1
SIM2
DEBUG 1 264
SIM1
SIM2
SIM3
SIM4
1
21
22
SIM5
SIM1
SIM2
SIM3
SIM4
1
21
22
SIM5
SIM1
SIM2
SIM3
SIM4
1
21
22
SIM5
SIM1
SIM2
SIM3
SIM4
1
21
22
SIM5
SIM1
SIM2
SIM3
SIM4
1
21
22
SIM5
SIM1
SIM2
SIM3
SIM4
1
21
22
SIM5
SIM1
SIM2
SIM3
SIM4
1
21
22
SIM5
SIM1
SIM2
SIM3
SIM4
1
21
22
SIM5
SIM1
SIM2
SIM3
SIM4
1
21
22
SIM5
SIM1
SIM2
SIM3
SIM4
1
21
22
SIM5
SIM1
SIM2
SIM3
SIM4
1
21
22
SIM5
SIM1
SIM2
SIM3
SIM4
1
21
22
SIM5
SIM1
SIM2
SIM3
SIM4
1
21
22
SIM5
SIM1
SIM2
SIM3
SIM4
1
21
22
SIM5
SIM1
SIM2
SIM3
SIM4
1
21
22
SIM5
SIM1
SIM2
SIM3
SIM4
1
21
22
SIM5
SIM1
SIM2
SIM3
SIM4
1
21
22
SIM5
SIM1
SIM2
SIM3
SIM4
1
21
22
SIM5
SIM1
SIM2
SIM3
SIM4
1
21
22
SIM5
SIM1
SIM2
SIM3
SIM4
1
21
22
SIM5
SIM1
SIM2
SIM3
SIM4
1
21
22
SIM5
SIM1
SIM2
SIM3
SIM4
1
21
22
SIM5
SIM1
SIM2
SIM3
SIM4
1
21
22
SIM5
SIM1
SIM2
SIM3
SIM4
1
21
22
SIM5
SIM1
SIM2
SIM3
SIM4
1
21
22
SIM5
SIM1
SIM2
SIM3
SIM4
1
21
22
SIM5
SIM1
SIM2
SIM3
SIM4
1
21
22
SIM5
SIM1
SIM2
SIM3
SIM4
1
21
22
SIM5
SIM1
SIM2
SIM3
SIM4
1
21
22
SIM5
SIM1
SIM2
SIM3
SIM4
1
21
22
SIM5
SIM1
SIM2
SIM3
SIM4
1
21
22
SIM5
SIM1
SIM2
SIM3
SIM4
1
21
22
SIM5
SIM1
SIM2
SIM3
SIM4
1
21
22
SIM5
SIM1
SIM2
SIM3
SIM4
1
21
22
SIM5
SIM1
SIM2
SIM3
SIM4
1
21
22
SIM5
SIM1
SIM2
SIM3
SIM4
1
21
22
SIM5
SIM1
SIM2
SIM3
SIM4
1
21
22
SIM5
SIM1
SIM2
SIM3
SIM4
1
21
22
SIM5
SIM1
SIM2
SIM3
SIM4
1
21
22
SIM5
SIM1
SIM2
SIM3
SIM4
1
21
22
SIM5
SIM1
SIM2
SIM3
SIM4
1
21
22
SIM5
SIM1
SIM2
SIM3
SIM4
1
21
22
SIM5
SIM1
SIM2
SIM3
SIM4
1
21
22
SIM5
SIM1
SIM2
SIM3
SIM4
1
21
22
SIM5
SIM1
SIM2
SIM3
SIM4
1
21
22
SIM5
SIM1
SIM2
SIM3
SIM4
1
21
22
SIM5
SIM1
SIM2
SIM3
SIM4
1
21
22
SIM5
SIM1
SIM2
SIM3
SIM4
1
21
22
SIM5
SIM1
SIM2
SIM3
SIM4
1
21
22
SIM5
SIM1
SIM2
SIM3
SIM4
1
21
22
SIM5
SIM1
SIM2
SIM3
SIM4
1
21
22
SIM5
SIM1
SIM2
SIM3
SIM4
1
21
22
SIM5
SIM1
SIM2
SIM3
SIM4
1
21
22
SIM5
SIM1
SIM2
SIM3
SIM4
1
21
22
SIM5
SIM1
SIM2
SIM3
SIM4
1
21
22
SIM5
SIM1
SIM2
SIM3
SIM4
1
21
22
SIM5
SIM1
SIM2
SIM3
SIM4
1
21
22
SIM5
SIM1
SIM2
SIM3
SIM4
1
21
22
SIM5
SIM1
SIM2
SIM3
SIM4
1
21
22
SIM5
SIM1
SIM2
SIM3
SIM4
1
21
22
SIM5
SIM1
SIM2
SIM3
SIM4
1
21
22
SIM5
SIM1
SIM2
SIM3
SIM4
1
21
22
SIM5
SIM1
SIM2
SIM3
SIM4
1
21
22
SIM5
SIM1
SIM2
SIM3
SIM4
1
21
22
SIM5
SIM1
SIM2
SIM3
SIM4
1
21
22
SIM5
SIM1
SIM2
SIM3
SIM4
1
21
22
SIM5
SIM1
SIM2
SIM3
SIM4
1
21
22
SIM5
SIM1
SIM2
SIM3
SIM4
1
21
22
SIM5
SIM1
SIM2
SIM3
SIM4
1
21
22
SIM5
SIM1
SIM2
SIM3
SIM4
1
21
22
SIM5
SIM1
SIM2
SIM3
SIM4
1
21
22
SIM5
SIM1
SIM2
SIM3
SIM4
1
21
22
SIM5
SIM1
SIM2
SIM3
SIM4
1
21
22
SIM5
SIM1
SIM2
SIM3
SIM4
1
21
22
SIM5
SIM1
SIM2
SIM3
SIM4
1
21
22
SIM5
SIM1
SIM2
SIM3
SIM4
1
21
22
SIM5
SIM1
SIM2
SIM3
SIM4
1
21
22
SIM5
SIM1
SIM2
SIM3
SIM4
1
21
22
SIM5
SIM1
SIM2
SIM3
SIM4
1
21
22
SIM5
SIM1
SIM2
SIM3
SIM4
1
21
22
SIM5
SIM1
SIM2
SIM3
SIM4
1
21
22
SIM5
SIM1
SIM2
SIM3
SIM4
1
21
22
SIM5
SIM1
SIM2
SIM3
SIM4
1
21
22
SIM5
SIM1
SIM2
SIM3
SIM4
1
21
22
SIM5
SIM1
SIM2
SIM3
SIM4
1
21
22
SIM5
SIM1
SIM2
SIM3
SIM4
1
21
22
SIM5
SIM1
SIM2
SIM3
SIM4
1
21
22
SIM5
SIM1
SIM2
SIM3
SIM4
1
21
22
SIM5
SIM1
SIM2
SIM3
SIM4
1
21
22
SIM5
SIM1
SIM2
SIM3
SIM4
1
21
22
SIM5
SIM1
SIM2
SIM3
SIM4
1
21
22
SIM5
SIM1
SIM2
SIM3
SIM4
1
21
22
SIM5
SIM1
SIM2
SIM3
SIM4
1
21
22
SIM5
SIM1
SIM2
SIM3
SIM4
1
21
22
SIM5
SIM1
SIM2
SIM3
SIM4
1
21
22
SIM5
SIM1
SIM2
SIM3
SIM4
1
21
22
SIM5
SIM1
SIM2
SIM3
SIM4
1
21
22
SIM5
SIM1
SIM2
SIM3
SIM4
1
21
22
SIM5
SIM1
SIM2
SIM3
SIM4
1
21
22
SIM5
SIM1
SIM2
SIM3
SIM4
1
21
22
SIM5
SIM1
SIM2
SIM3
SIM4
1
21
22
SIM5
SIM1
SIM2
SIM3
SIM4
1
21
22
SIM5
SIM1
SIM2
SIM3
SIM4
1
21
22
SIM5
SIM1
SIM2
SIM3
SIM4
1
21
22
SIM5
SIM1
SIM2
SIM3
SIM4
1
21
22
SIM5
SIM1
SIM2
SIM3
SIM4
1
21
22
SIM5
SIM1
SIM2
SIM3
SIM4
1
21
22
SIM5
SIM1
SIM2
SIM3
SIM4
1
21
22
SIM5
SIM1
SIM2
SIM3
SIM4
1
21
22
SIM5
SIM1
SIM2
SIM3
SIM4
1
21
22
SIM5
SIM1
SIM2
SIM3
SIM4
1
21
22
SIM5
SIM1
SIM2
SIM3
SIM4
1
21
22
SIM5
SIM1
SIM2
SIM3
SIM4
1
21
22
SIM5
SIM1
SIM2
SIM3
SIM4
1
21
22
SIM5
SIM1
SIM2
SIM3
SIM4
1
21
22
SIM5
SIM1
SIM2
SIM3
SIM4
1
21
22
SIM5
SIM1
SIM2
SIM3
SIM4
1
21
22
SIM5
SIM1
SIM2
SIM3
SIM4
1
21
22
SIM5
SIM1
SIM2
SIM3
SIM4
1
21
22
SIM5
SIM1
SIM2
SIM3
SIM4
1
21
22
SIM5
SIM1
SIM2
SIM3
SIM4
1
21
22
SIM5
SIM1
SIM2
SIM3
SIM4
1
21
22
SIM5
SIM1
SIM2
SIM3
SIM4
1
21
22
SIM5
SIM1
SIM2
SIM3
SIM4
1
21
22
SIM5
SIM1
SIM2
SIM3
SIM4
1
21
22
SIM5
SIM1
SIM2
SIM3
SIM4
1
21
22
SIM5
SIM1
SIM2
SIM3
SIM4
1
21
22
SIM5
SIM1
SIM2
SIM3
SIM4
1
21
22
SIM5
SIM1
SIM2
SIM3
SIM4
1
21
22
SIM5
SIM1
SIM2
SIM3
SIM4
1
21
22
SIM5
SIM1
SIM2
SIM3
SIM4
1
21
22
SIM5
SIM1
SIM2
SIM3
SIM4
1
21
22
SIM5
SIM1
SIM2
SIM3
SIM4
1
21
22
SIM5
SIM1
SIM2
SIM3
SIM4
1
21
22
SIM5
SIM1
SIM2
SIM3
SIM4
1
21
22
SIM5
SIM1
SIM2
SIM3
SIM4
1
21
22
SIM5
SIM1
SIM2
SIM3
SIM4
1
21
22
SIM5
SIM1
SIM2
SIM3
SIM4
1
21
22
SIM5
SIM1
SIM2
SIM3
SIM4
1
21
22
SIM5
SIM1
SIM2
SIM3
SIM4
1
21
22
SIM5
SIM1
SIM2
SIM3
SIM4
1
21
22
SIM5
SIM1
SIM2
SIM3
SIM4
1
21
22
SIM5
SIM1
SIM2
SIM3
SIM4
1
21
22
SIM5
SIM1
SIM2
SIM3
SIM4
1
21
22
SIM5
SIM1
SIM2
SIM3
SIM4
1
21
22
SIM5
SIM1
SIM2
SIM3
SIM4
1
21
22
SIM5
SIM1
SIM2
SIM3
SIM4
1
21
22
SIM5
SIM1
SIM2
SIM3
SIM4
1
21
22
SIM5
SIM1
SIM2
SIM3
SIM4
1
21
22
SIM5
SIM1
SIM2
SIM3
SIM4
1
21
22
SIM5
SIM1
SIM2
SIM3
SIM4
1
21
22
SIM5
SIM1
SIM2
SIM3
SIM4
1
21
22
SIM5
SIM1
SIM2
SIM3
SIM4
1
21
22
SIM5
SIM1
SIM2
SIM3
SIM4
1
21
22
SIM5
SIM1
SIM2
SIM3
SIM4
1
21
22
SIM5
SIM1
SIM2
SIM3
SIM4
1
21
22
SIM5
SIM1
SIM2
SIM3
SIM4
1
21
22
SIM5
SIM1
SIM2
SIM3
SIM4
1
21
22
SIM5
SIM1
SIM2
SIM3
SIM4
1
21
22
SIM5
SIM1
SIM2
SIM3
SIM4
1
21
22
SIM5
SIM1
SIM2
SIM3
SIM4
1
21
22
SIM5
SIM1
SIM2
SIM3
SIM4
1
21
22
SIM5
SIM1
SIM2
SIM3
SIM4
1
21
22
SIM5
SIM1
SIM2
SIM3
SIM4
1
21
22
SIM5
SIM1
SIM2
SIM3
SIM4
1
21
22
SIM5
SIM1
SIM2
SIM3
SIM4
1
21
22
SIM5
SIM1
SIM2
SIM3
SIM4
1
21
22
SIM5
SIM1
SIM2
SIM3
SIM4
1
21
22
SIM5
SIM1
SIM2
SIM3
SIM4
1
21
22
SIM5
SIM1
SIM2
SIM3
SIM4
1
21
22
SIM5
SIM1
SIM2
SIM3
SIM4
1
21
22
SIM5
SIM1
SIM2
SIM3
SIM4
1
21
22
SIM5
SIM1
SIM2
SIM3
SIM4
1
21
22
SIM5
SIM1
SIM2
SIM3
SIM4
1
21
22
SIM5
SIM1
SIM2
SIM3
SIM4
1
21
22
SIM5
SIM1
SIM2
SIM3
SIM4
1
21
22
SIM5
SIM1
SIM2
SIM3
SIM4
1
21
22
SIM5
SIM1
SIM2
SIM3
SIM4
1
21
22
SIM5
SIM1
SIM2
SIM3
SIM4
1
21
22
SIM5
SIM1
SIM2
SIM3
SIM4
1
21
22
SIM5
SIM1
SIM2
SIM3
SIM4
1
21
22
SIM5
SIM1
SIM2
SIM3
SIM4
1
21
22
SIM5
SIM1
SIM2
SIM3
SIM4
1
21
22
SIM5
SIM1
SIM2
SIM3
SIM4
1
21
22
SIM5
SIM1
SIM2
SIM3
SIM4
1
21
22
SIM5
SIM1
SIM2
SIM3
SIM4
1
21
22
SIM5
SIM1
SIM2
SIM3
SIM4
1
21
22
SIM5
SIM1
SIM2
SIM3
SIM4
1
21
22
SIM5
SIM1
SIM2
SIM3
SIM4
1
21
22
SIM5
SIM1
SIM2
SIM3
SIM4
1
21
22
SIM5
SIM1
SIM2
SIM3
SIM4
1
21
22
SIM5
SIM1
SIM2
SIM3
SIM4
1
21
22
SIM5
SIM1
SIM2
SIM3
SIM4
1
21
22
SIM5
SIM1
SIM2
SIM3
SIM4
1
21
22
SIM5
SIM1
SIM2
SIM3
SIM4
1
21
22
SIM5
SIM1
SIM2
SIM3
SIM4
1
21
22
SIM5
SIM1
SIM2
SIM3
SIM4
1
21
22
SIM5
SIM1
SIM2
SIM3
SIM4
1
21
22
SIM5
SIM1
SIM2
SIM3
SIM4
1
21
22
SIM5
SIM1
SIM2
SIM3
SIM4
1
21
22
SIM5
SIM1
SIM2
SIM3
SIM4
1
21
22
SIM5
SIM1
SIM2
SIM3
SIM4
1
21
22
SIM5
SIM1
SIM2
SIM3
SIM4
1
21
22
SIM5
SIM1
SIM2
SIM3
SIM4
1
21
22
SIM5
SIM1
SIM2
SIM3
SIM4
1
21
22
SIM5
SIM1
SIM2
SIM3
SIM4
1
21
22
SIM5
SIM1
SIM2
SIM3
SIM4
1
21
22
SIM5
SIM1
SIM2
SIM3
SIM4
1
21
22
SIM5
SIM1
SIM2
SIM3
SIM4
1
21
22
SIM5
SIM1
SIM2
SIM3
SIM4
1
21
22
SIM5
SIM1
SIM2
SIM3
SIM4
1
21
22
SIM5
SIM1
SIM2
SIM3
SIM4
1
21
22
SIM5
SIM1
SIM2
SIM3
SIM4
1
21
22
SIM5
SIM1
SIM2
SIM3
SIM4
1
21
22
SIM5
SIM1
SIM2
SIM3
SIM4
1
21
22
SIM5
SIM1
SIM2
SIM3
SIM4
1
21
22
SIM5
SIM1
SIM2
SIM3
SIM4
1
21
22
SIM5
SIM1
SIM2
SIM3
SIM4
1
21
22
SIM5
SIM1
SIM2
SIM3
SIM4
1
21
22
SIM5
SIM1
SIM2
SIM3
SIM4
1
21
22
SIM5
SIM1
SIM2
SIM3
SIM4
1
21
22
SIM5
SIM1
SIM2
SIM3
SIM4
1
21
22
SIM5
SIM1
SIM2
SIM3
SIM4
1
21
22
SIM5
SIM1
SIM2
SIM3
SIM4
1
21
22
SIM5
SIM1
SIM2
SIM3
SIM4
1
21
22
SIM5
SIM1
SIM2
SIM3
SIM4
1
21
22
SIM5
SIM1
SIM2
DEBUG 1 265
SIM1
SIM2
SIM3
SIM4
1
21
22
SIM5
SIM1
SIM2
SIM3
SIM4
1
21
22
SIM5
SIM1
SIM2
SIM3
SIM4
1
21
22
SIM5
SIM1
SIM2
SIM3
SIM4
1
21
22
SIM5
SIM1
SIM2
SIM3
SIM4
1
21
22
SIM5
SIM1
SIM2
SIM3
SIM4
1
21
22
SIM5
SIM1
SIM2
SIM3
SIM4
1
21
22
SIM5
SIM1
SIM2
SIM3
SIM4
1
21
22
SIM5
SIM1
SIM2
SIM3
SIM4
1
21
22
SIM5
SIM1
SIM2
SIM3
SIM4
1
21
22
SIM5
SIM1
SIM2
SIM3
SIM4
1
21
22
SIM5
SIM1
SIM2
SIM3
SIM4
1
21
22
SIM5
SIM1
SIM2
SIM3
SIM4
1
21
22
SIM5
SIM1
SIM2
SIM3
SIM4
1
21
22
SIM5
SIM1
SIM2
SIM3
SIM4
1
21
22
SIM5
SIM1
SIM2
SIM3
SIM4
1
21
22
SIM5
SIM1
SIM2
SIM3
SIM4
1
21
22
SIM5
SIM1
SIM2
SIM3
SIM4
1
21
22
SIM5
SIM1
SIM2
SIM3
SIM4
1
21
22
SIM5
SIM1
SIM2
SIM3
SIM4
1
21
22
SIM5
SIM1
SIM2
SIM3
SIM4
1
21
22
SIM5
SIM1
SIM2
SIM3
SIM4
1
21
22
SIM5
SIM1
SIM2
SIM3
SIM4
1
21
22
SIM5
SIM1
SIM2
SIM3
SIM4
1
21
22
SIM5
SIM1
SIM2
SIM3
SIM4
1
21
22
SIM5
SIM1
SIM2
SIM3
SIM4
1
21
22
SIM5
SIM1
SIM2
SIM3
SIM4
1
21
22
SIM5
SIM1
SIM2
SIM3
SIM4
1
21
22
SIM5
SIM1
SIM2
SIM3
SIM4
1
21
22
SIM5
SIM1
SIM2
SIM3
SIM4
1
21
22
SIM5
SIM1
SIM2
SIM3
SIM4
1
21
22
SIM5
SIM1
SIM2
SIM3
SIM4
1
21
22
SIM5
SIM1
SIM2
SIM3
SIM4
1
21
22
SIM5
SIM1
SIM2
SIM3
SIM4
1
21
22
SIM5
SIM1
SIM2
SIM3
SIM4
1
21
22
SIM5
SIM1
SIM2
SIM3
SIM4
1
21
22
SIM5
SIM1
SIM2
SIM3
SIM4
1
21
22
SIM5
SIM1
SIM2
SIM3
SIM4
1
21
22
SIM5
SIM1
SIM2
SIM3
SIM4
1
21
22
SIM5
SIM1
SIM2
SIM3
SIM4
1
21
22
SIM5
SIM1
SIM2
SIM3
SIM4
1
21
22
SIM5
SIM1
SIM2
SIM3
SIM4
1
21
22
SIM5
SIM1
SIM2
SIM3
SIM4
1
21
22
SIM5
SIM1
SIM2
SIM3
SIM4
1
21
22
SIM5
SIM1
SIM2
SIM3
SIM4
1
21
22
SIM5
SIM1
SIM2
SIM3
SIM4
1
21
22
SIM5
SIM1
SIM2
SIM3
SIM4
1
21
22
SIM5
SIM1
SIM2
SIM3
SIM4
1
21
22
SIM5
SIM1
SIM2
SIM3
SIM4
1
21
22
SIM5
SIM1
SIM2
SIM3
SIM4
1
21
22
SIM5
SIM1
SIM2
SIM3
SIM4
1
21
22
SIM5
SIM1
SIM2
SIM3
SIM4
1
21
22
SIM5
SIM1
SIM2
SIM3
SIM4
1
21
22
SIM5
SIM1
SIM2
SIM3
SIM4
1
21
22
SIM5
SIM1
SIM2
SIM3
SIM4
1
21
22
SIM5
SIM1
SIM2
SIM3
SIM4
1
21
22
SIM5
SIM1
SIM2
SIM3
SIM4
1
21
22
SIM5
SIM1
SIM2
SIM3
SIM4
1
21
22
SIM5
SIM1
SIM2
SIM3
SIM4
1
21
22
SIM5
SIM1
SIM2
SIM3
SIM4
1
21
22
SIM5
SIM1
SIM2
SIM3
SIM4
1
21
22
SIM5
SIM1
SIM2
SIM3
SIM4
1
21
22
SIM5
SIM1
SIM2
SIM3
SIM4
1
21
22
SIM5
SIM1
SIM2
SIM3
SIM4
1
21
22
SIM5
SIM1
SIM2
SIM3
SIM4
1
21
22
SIM5
SIM1
SIM2
SIM3
SIM4
1
21
22
SIM5
SIM1
SIM2
SIM3
SIM4
1
21
22
SIM5
SIM1
SIM2
SIM3
SIM4
1
21
22
SIM5
SIM1
SIM2
SIM3
SIM4
1
21
22
SIM5
SIM1
SIM2
SIM3
SIM4
1
21
22
SIM5
SIM1
SIM2
SIM3
SIM4
1
21
22
SIM5
SIM1
SIM2
SIM3
SIM4
1
21
22
SIM5
SIM1
SIM2
SIM3
SIM4
1
21
22
SIM5
SIM1
SIM2
SIM3
SIM4
1
21
22
SIM5
SIM1
SIM2
SIM3
SIM4
1
21
22
SIM5
SIM1
SIM2
SIM3
SIM4
1
21
22
SIM5
SIM1
SIM2
SIM3
SIM4
1
21
22
SIM5
SIM1
SIM2
SIM3
SIM4
1
21
22
SIM5
SIM1
SIM2
SIM3
SIM4
1
21
22
SIM5
SIM1
SIM2
SIM3
SIM4
1
21
22
SIM5
SIM1
SIM2
SIM3
SIM4
1
21
22
SIM5
SIM1
SIM2
SIM3
SIM4
1
21
22
SIM5
SIM1
SIM2
SIM3
SIM4
1
21
22
SIM5
SIM1
SIM2
SIM3
SIM4
1
21
22
SIM5
SIM1
SIM2
DEBUG 1 266
SIM1
SIM2
SIM3
SIM4
1
21
22
SIM5
SIM1
SIM2
SIM3
SIM4
1
21
22
SIM5
SIM1
SIM2
SIM3
SIM4
1
21
22
SIM5
SIM1
SIM2
SIM3
SIM4
1
21
22
SIM5
SIM1
SIM2
SIM3
SIM4
1
21
22
SIM5
SIM1
SIM2
SIM3
SIM4
1
21
22
SIM5
SIM1
SIM2
SIM3
SIM4
1
21
22
SIM5
SIM1
SIM2
SIM3
SIM4
1
21
22
SIM5
SIM1
SIM2
SIM3
SIM4
1
21
22
SIM5
SIM1
SIM2
SIM3
SIM4
1
21
22
SIM5
SIM1
SIM2
SIM3
SIM4
1
21
22
SIM5
SIM1
SIM2
SIM3
SIM4
1
21
22
SIM5
SIM1
SIM2
SIM3
SIM4
1
21
22
SIM5
SIM1
SIM2
SIM3
SIM4
1
21
22
SIM5
SIM1
SIM2
SIM3
SIM4
1
21
22
SIM5
SIM1
SIM2
SIM3
SIM4
1
21
22
SIM5
SIM1
SIM2
SIM3
SIM4
1
21
22
SIM5
SIM1
SIM2
SIM3
SIM4
1
21
22
SIM5
SIM1
SIM2
SIM3
SIM4
1
21
22
SIM5
SIM1
SIM2
SIM3
SIM4
1
21
22
SIM5
SIM1
SIM2
SIM3
SIM4
1
21
22
SIM5
SIM1
SIM2
SIM3
SIM4
1
21
22
SIM5
SIM1
SIM2
SIM3
SIM4
1
21
22
SIM5
SIM1
SIM2
SIM3
SIM4
1
21
22
SIM5
SIM1
SIM2
SIM3
SIM4
1
21
22
SIM5
SIM1
SIM2
SIM3
SIM4
1
21
22
SIM5
SIM1
SIM2
SIM3
SIM4
1
21
22
SIM5
SIM1
SIM2
SIM3
SIM4
1
21
22
SIM5
SIM1
SIM2
SIM3
SIM4
1
21
22
SIM5
SIM1
SIM2
SIM3
SIM4
1
21
22
SIM5
SIM1
SIM2
SIM3
SIM4
1
21
22
SIM5
SIM1
SIM2
SIM3
SIM4
1
21
22
SIM5
SIM1
SIM2
SIM3
SIM4
1
21
22
SIM5
SIM1
SIM2
SIM3
SIM4
1
21
22
SIM5
SIM1
SIM2
SIM3
SIM4
1
21
22
SIM5
SIM1
SIM2
SIM3
SIM4
1
21
22
SIM5
SIM1
SIM2
SIM3
SIM4
1
21
22
SIM5
SIM1
SIM2
SIM3
SIM4
1
21
22
SIM5
SIM1
SIM2
SIM3
SIM4
1
21
22
SIM5
SIM1
SIM2
SIM3
SIM4
1
21
22
SIM5
SIM1
SIM2
SIM3
SIM4
1
21
22
SIM5
SIM1
SIM2
SIM3
SIM4
1
21
22
SIM5
SIM1
SIM2
SIM3
SIM4
1
21
22
SIM5
SIM1
SIM2
SIM3
SIM4
1
21
22
SIM5
SIM1
SIM2
SIM3
SIM4
1
21
22
SIM5
SIM1
SIM2
SIM3
SIM4
1
21
22
SIM5
SIM1
SIM2
SIM3
SIM4
1
21
22
SIM5
SIM1
SIM2
SIM3
SIM4
1
21
22
SIM5
SIM1
SIM2
SIM3
SIM4
1
21
22
SIM5
SIM1
SIM2
SIM3
SIM4
1
21
22
SIM5
SIM1
SIM2
SIM3
SIM4
1
21
22
SIM5
SIM1
SIM2
SIM3
SIM4
1
21
22
SIM5
SIM1
SIM2
SIM3
SIM4
1
21
22
SIM5
SIM1
SIM2
SIM3
SIM4
1
21
22
SIM5
SIM1
SIM2
SIM3
SIM4
1
21
22
SIM5
SIM1
SIM2
SIM3
SIM4
1
21
22
SIM5
SIM1
SIM2
SIM3
SIM4
1
21
22
SIM5
SIM1
SIM2
SIM3
SIM4
1
21
22
SIM5
SIM1
SIM2
SIM3
SIM4
1
21
22
SIM5
SIM1
SIM2
SIM3
SIM4
1
21
22
SIM5
SIM1
SIM2
SIM3
SIM4
1
21
22
SIM5
SIM1
SIM2
SIM3
SIM4
1
21
22
SIM5
SIM1
SIM2
SIM3
SIM4
1
21
22
SIM5
SIM1
SIM2
SIM3
SIM4
1
21
22
SIM5
SIM1
SIM2
SIM3
SIM4
1
21
22
SIM5
SIM1
SIM2
SIM3
SIM4
1
21
22
SIM5
SIM1
SIM2
SIM3
SIM4
1
21
22
SIM5
SIM1
SIM2
SIM3
SIM4
1
21
22
SIM5
SIM1
SIM2
SIM3
SIM4
1
21
22
SIM5
SIM1
SIM2
SIM3
SIM4
1
21
22
SIM5
SIM1
SIM2
SIM3
SIM4
1
21
22
SIM5
SIM1
SIM2
SIM3
SIM4
1
21
22
SIM5
SIM1
SIM2
SIM3
SIM4
1
21
22
SIM5
SIM1
SIM2
SIM3
SIM4
1
21
22
SIM5
SIM1
SIM2
SIM3
SIM4
1
21
22
SIM5
SIM1
SIM2
SIM3
SIM4
1
21
22
SIM5
SIM1
SIM2
SIM3
SIM4
1
21
22
SIM5
SIM1
SIM2
SIM3
SIM4
1
21
22
SIM5
SIM1
SIM2
SIM3
SIM4
1
21
22
SIM5
SIM1
SIM2
SIM3
SIM4
1
21
22
SIM5
SIM1
SIM2
SIM3
SIM4
1
21
22
SIM5
SIM1
SIM2
SIM3
SIM4
1
21
22
SIM5
SIM1
SIM2
SIM3
SIM4
1
21
22
SIM5
SIM1
SIM2
SIM3
SIM4
1
21
22
SIM5
SIM1
SIM2
SIM3
SIM4
1
21
22
SIM5
SIM1
SIM2
SIM3
SIM4
1
21
22
SIM5
SIM1
SIM2
SIM3
SIM4
1
21
22
SIM5
SIM1
SIM2
SIM3
SIM4
1
21
22
SIM5
SIM1
SIM2
SIM3
SIM4
1
21
22
SIM5
SIM1
SIM2
SIM3
SIM4
1
21
22
SIM5
SIM1
SIM2
SIM3
SIM4
1
21
22
SIM5
SIM1
SIM2
SIM3
SIM4
1
21
22
SIM5
SIM1
SIM2
SIM3
SIM4
1
21
22
SIM5
SIM1
SIM2
SIM3
SIM4
1
21
22
SIM5
SIM1
SIM2
SIM3
SIM4
1
21
22
SIM5
SIM1
SIM2
SIM3
SIM4
1
21
22
SIM5
SIM1
SIM2
SIM3
SIM4
1
21
22
SIM5
SIM1
SIM2
SIM3
SIM4
1
21
22
SIM5
SIM1
SIM2
SIM3
SIM4
1
21
22
SIM5
SIM1
SIM2
SIM3
SIM4
1
21
22
SIM5
SIM1
SIM2
SIM3
SIM4
1
21
22
SIM5
SIM1
SIM2
SIM3
SIM4
1
21
22
SIM5
SIM1
SIM2
SIM3
SIM4
1
21
22
SIM5
SIM1
SIM2
SIM3
SIM4
1
21
22
SIM5
SIM1
SIM2
SIM3
SIM4
1
21
22
SIM5
SIM1
SIM2
SIM3
SIM4
1
21
22
SIM5
SIM1
SIM2
SIM3
SIM4
1
21
22
SIM5
SIM1
SIM2
SIM3
SIM4
1
21
22
SIM5
SIM1
SIM2
SIM3
SIM4
1
21
22
SIM5
SIM1
SIM2
SIM3
SIM4
1
21
22
SIM5
SIM1
SIM2
SIM3
SIM4
1
21
22
SIM5
SIM1
SIM2
SIM3
SIM4
1
21
22
SIM5
SIM1
SIM2
SIM3
SIM4
1
21
22
SIM5
SIM1
SIM2
SIM3
SIM4
1
21
22
SIM5
SIM1
SIM2
SIM3
SIM4
1
21
22
SIM5
SIM1
SIM2
SIM3
SIM4
1
21
22
SIM5
SIM1
SIM2
SIM3
SIM4
1
21
22
SIM5
SIM1
SIM2
SIM3
SIM4
1
21
22
SIM5
SIM1
SIM2
SIM3
SIM4
1
21
22
SIM5
SIM1
SIM2
SIM3
SIM4
1
21
22
SIM5
SIM1
SIM2
SIM3
SIM4
1
21
22
SIM5
SIM1
SIM2
SIM3
SIM4
1
21
22
SIM5
SIM1
SIM2
SIM3
SIM4
1
21
22
SIM5
SIM1
SIM2
SIM3
SIM4
1
21
22
SIM5
SIM1
SIM2
SIM3
SIM4
1
21
22
SIM5
SIM1
SIM2
SIM3
SIM4
1
21
22
SIM5
SIM1
SIM2
SIM3
SIM4
1
21
22
SIM5
SIM1
SIM2
SIM3
SIM4
1
21
22
SIM5
SIM1
SIM2
SIM3
SIM4
1
21
22
SIM5
SIM1
SIM2
SIM3
SIM4
1
21
22
SIM5
SIM1
SIM2
SIM3
SIM4
1
21
22
SIM5
SIM1
SIM2
SIM3
SIM4
1
21
22
SIM5
SIM1
SIM2
SIM3
SIM4
1
21
22
SIM5
SIM1
SIM2
SIM3
SIM4
1
21
22
SIM5
SIM1
SIM2
SIM3
SIM4
1
21
22
SIM5
SIM1
SIM2
SIM3
SIM4
1
21
22
SIM5
SIM1
SIM2
SIM3
SIM4
1
21
22
SIM5
SIM1
SIM2
SIM3
SIM4
1
21
22
SIM5
SIM1
SIM2
SIM3
SIM4
1
21
22
SIM5
SIM1
SIM2
SIM3
SIM4
1
21
22
SIM5
SIM1
SIM2
SIM3
SIM4
1
21
22
SIM5
SIM1
SIM2
SIM3
SIM4
1
21
22
SIM5
SIM1
SIM2
SIM3
SIM4
1
21
22
SIM5
SIM1
SIM2
SIM3
SIM4
1
21
22
SIM5
SIM1
SIM2
SIM3
SIM4
1
21
22
SIM5
SIM1
SIM2
SIM3
SIM4
1
21
22
SIM5
SIM1
SIM2
SIM3
SIM4
1
21
22
SIM5
SIM1
SIM2
SIM3
SIM4
1
21
22
SIM5
SIM1
SIM2
SIM3
SIM4
1
21
22
SIM5
SIM1
SIM2
SIM3
SIM4
1
21
22
SIM5
SIM1
SIM2
SIM3
SIM4
1
21
22
SIM5
SIM1
SIM2
SIM3
SIM4
1
21
22
SIM5
SIM1
SIM2
SIM3
SIM4
1
21
22
SIM5
SIM1
SIM2
SIM3
SIM4
1
21
22
SIM5
SIM1
SIM2
SIM3
SIM4
1
21
22
SIM5
SIM1
SIM2
SIM3
SIM4
1
21
22
SIM5
SIM1
SIM2
SIM3
SIM4
1
21
22
SIM5
SIM1
SIM2
SIM3
SIM4
1
21
22
SIM5
SIM1
SIM2
SIM3
SIM4
1
21
22
SIM5
SIM1
SIM2
SIM3
SIM4
1
21
22
SIM5
SIM1
SIM2
SIM3
SIM4
1
21
22
SIM5
SIM1
SIM2
SIM3
SIM4
1
21
22
SIM5
SIM1
SIM2
SIM3
SIM4
1
21
22
SIM5
SIM1
SIM2
SIM3
SIM4
1
21
22
SIM5
SIM1
SIM2
SIM3
SIM4
1
21
22
SIM5
SIM1
SIM2
SIM3
SIM4
1
21
22
SIM5
SIM1
SIM2
SIM3
SIM4
1
21
22
SIM5
SIM1
SIM2
SIM3
SIM4
1
21
22
SIM5
SIM1
SIM2
SIM3
SIM4
1
21
22
SIM5
SIM1
SIM2
SIM3
SIM4
1
21
22
SIM5
SIM1
SIM2
SIM3
SIM4
1
21
22
SIM5
SIM1
SIM2
SIM3
SIM4
1
21
22
SIM5
SIM1
SIM2
SIM3
SIM4
1
21
22
SIM5
SIM1
SIM2
SIM3
SIM4
1
21
22
SIM5
SIM1
SIM2
SIM3
SIM4
1
21
22
SIM5
SIM1
SIM2
SIM3
SIM4
1
21
22
SIM5
SIM1
SIM2
SIM3
SIM4
1
21
22
SIM5
SIM1
SIM2
SIM3
SIM4
1
21
22
SIM5
SIM1
SIM2
SIM3
SIM4
1
21
22
SIM5
SIM1
SIM2
SIM3
SIM4
1
21
22
SIM5
SIM1
SIM2
SIM3
SIM4
1
21
22
SIM5
SIM1
SIM2
SIM3
SIM4
1
21
22
SIM5
SIM1
SIM2
SIM3
SIM4
1
21
22
SIM5
SIM1
SIM2
SIM3
SIM4
1
21
22
SIM5
SIM1
SIM2
SIM3
SIM4
1
21
22
SIM5
SIM1
SIM2
SIM3
SIM4
1
21
22
SIM5
SIM1
SIM2
SIM3
SIM4
1
21
22
SIM5
SIM1
SIM2
SIM3
SIM4
1
21
22
SIM5
SIM1
SIM2
SIM3
SIM4
1
21
22
SIM5
SIM1
SIM2
SIM3
SIM4
1
21
22
SIM5
SIM1
SIM2
SIM3
SIM4
1
21
22
SIM5
SIM1
SIM2
SIM3
SIM4
1
21
22
SIM5
SIM1
SIM2
SIM3
SIM4
1
21
22
SIM5
SIM1
SIM2
SIM3
SIM4
1
21
22
SIM5
SIM1
SIM2
SIM3
SIM4
1
21
22
SIM5
SIM1
SIM2
SIM3
SIM4
1
21
22
SIM5
SIM1
SIM2
SIM3
SIM4
1
21
22
SIM5
SIM1
SIM2
SIM3
SIM4
1
21
22
SIM5
SIM1
SIM2
SIM3
SIM4
1
21
22
SIM5
SIM1
SIM2
SIM3
SIM4
1
21
22
SIM5
SIM1
SIM2
SIM3
SIM4
1
21
22
SIM5
SIM1
SIM2
SIM3
SIM4
1
21
22
SIM5
SIM1
SIM2
SIM3
SIM4
1
21
22
SIM5
SIM1
SIM2
SIM3
SIM4
1
21
22
SIM5
SIM1
SIM2
SIM3
SIM4
1
21
22
SIM5
SIM1
SIM2
SIM3
SIM4
1
21
22
SIM5
SIM1
SIM2
SIM3
SIM4
1
21
22
SIM5
SIM1
SIM2
SIM3
SIM4
1
21
22
SIM5
SIM1
SIM2
DEBUG 1 267
SIM1
SIM2
SIM3
SIM4
1
21
22
SIM5
SIM1
SIM2
SIM3
SIM4
1
21
22
SIM5
SIM1
SIM2
SIM3
SIM4
1
21
22
SIM5
SIM1
SIM2
SIM3
SIM4
1
21
22
SIM5
SIM1
SIM2
SIM3
SIM4
1
21
22
SIM5
SIM1
SIM2
SIM3
SIM4
1
21
22
SIM5
SIM1
SIM2
SIM3
SIM4
1
21
22
SIM5
SIM1
SIM2
SIM3
SIM4
1
21
22
SIM5
SIM1
SIM2
SIM3
SIM4
1
21
22
SIM5
SIM1
SIM2
SIM3
SIM4
1
21
22
SIM5
SIM1
SIM2
SIM3
SIM4
1
21
22
SIM5
SIM1
SIM2
SIM3
SIM4
1
21
22
SIM5
SIM1
SIM2
SIM3
SIM4
1
21
22
SIM5
SIM1
SIM2
SIM3
SIM4
1
21
22
SIM5
SIM1
SIM2
SIM3
SIM4
1
21
22
SIM5
SIM1
SIM2
SIM3
SIM4
1
21
22
SIM5
SIM1
SIM2
SIM3
SIM4
1
21
22
SIM5
SIM1
SIM2
SIM3
SIM4
1
21
22
SIM5
SIM1
SIM2
SIM3
SIM4
1
21
22
SIM5
SIM1
SIM2
SIM3
SIM4
1
21
22
SIM5
SIM1
SIM2
SIM3
SIM4
1
21
22
SIM5
SIM1
SIM2
SIM3
SIM4
1
21
22
SIM5
SIM1
SIM2
SIM3
SIM4
1
21
22
SIM5
SIM1
SIM2
SIM3
SIM4
1
21
22
SIM5
SIM1
SIM2
SIM3
SIM4
1
21
22
SIM5
SIM1
SIM2
SIM3
SIM4
1
21
22
SIM5
SIM1
SIM2
SIM3
SIM4
1
21
22
SIM5
SIM1
SIM2
SIM3
SIM4
1
21
22
SIM5
SIM1
SIM2
SIM3
SIM4
1
21
22
SIM5
SIM1
SIM2
SIM3
SIM4
1
21
22
SIM5
SIM1
SIM2
SIM3
SIM4
1
21
22
SIM5
SIM1
SIM2
SIM3
SIM4
1
21
22
SIM5
SIM1
SIM2
SIM3
SIM4
1
21
22
SIM5
SIM1
SIM2
SIM3
SIM4
1
21
22
SIM5
SIM1
SIM2
SIM3
SIM4
1
21
22
SIM5
SIM1
SIM2
SIM3
SIM4
1
21
22
SIM5
SIM1
SIM2
SIM3
SIM4
1
21
22
SIM5
SIM1
SIM2
SIM3
SIM4
1
21
22
SIM5
SIM1
SIM2
SIM3
SIM4
1
21
22
SIM5
SIM1
SIM2
SIM3
SIM4
1
21
22
SIM5
SIM1
SIM2
SIM3
SIM4
1
21
22
SIM5
SIM1
SIM2
SIM3
SIM4
1
21
22
SIM5
SIM1
SIM2
SIM3
SIM4
1
21
22
SIM5
SIM1
SIM2
SIM3
SIM4
1
21
22
SIM5
SIM1
SIM2
SIM3
SIM4
1
21
22
SIM5
SIM1
SIM2
SIM3
SIM4
1
21
22
SIM5
SIM1
SIM2
SIM3
SIM4
1
21
22
SIM5
SIM1
SIM2
SIM3
SIM4
1
21
22
SIM5
SIM1
SIM2
SIM3
SIM4
1
21
22
SIM5
SIM1
SIM2
SIM3
SIM4
1
21
22
SIM5
SIM1
SIM2
SIM3
SIM4
1
21
22
SIM5
SIM1
SIM2
SIM3
SIM4
1
21
22
SIM5
SIM1
SIM2
SIM3
SIM4
1
21
22
SIM5
SIM1
SIM2
SIM3
SIM4
1
21
22
SIM5
SIM1
SIM2
SIM3
SIM4
1
21
22
SIM5
SIM1
SIM2
SIM3
SIM4
1
21
22
SIM5
SIM1
SIM2
SIM3
SIM4
1
21
22
SIM5
SIM1
SIM2
SIM3
SIM4
1
21
22
SIM5
SIM1
SIM2
SIM3
SIM4
1
21
22
SIM5
SIM1
SIM2
SIM3
SIM4
1
21
22
SIM5
SIM1
SIM2
SIM3
SIM4
1
21
22
SIM5
SIM1
SIM2
SIM3
SIM4
1
21
22
SIM5
SIM1
SIM2
SIM3
SIM4
1
21
22
SIM5
SIM1
SIM2
SIM3
SIM4
1
21
22
SIM5
SIM1
SIM2
SIM3
SIM4
1
21
22
SIM5
SIM1
SIM2
SIM3
SIM4
1
21
22
SIM5
SIM1
SIM2
SIM3
SIM4
1
21
22
SIM5
SIM1
SIM2
SIM3
SIM4
1
21
22
SIM5
SIM1
SIM2
SIM3
SIM4
1
21
22
SIM5
SIM1
SIM2
SIM3
SIM4
1
21
22
SIM5
SIM1
SIM2
SIM3
SIM4
1
21
22
SIM5
SIM1
SIM2
SIM3
SIM4
1
21
22
SIM5
SIM1
SIM2
SIM3
SIM4
1
21
22
SIM5
SIM1
SIM2
SIM3
SIM4
1
21
22
SIM5
SIM1
SIM2
SIM3
SIM4
1
21
22
SIM5
SIM1
SIM2
SIM3
SIM4
1
21
22
SIM5
SIM1
SIM2
SIM3
SIM4
1
21
22
SIM5
SIM1
SIM2
SIM3
SIM4
1
21
22
SIM5
SIM1
SIM2
SIM3
SIM4
1
21
22
SIM5
SIM1
SIM2
SIM3
SIM4
1
21
22
SIM5
SIM1
SIM2
SIM3
SIM4
1
21
22
SIM5
SIM1
SIM2
SIM3
SIM4
1
21
22
SIM5
SIM1
SIM2
SIM3
SIM4
1
21
22
SIM5
SIM1
SIM2
SIM3
SIM4
1
21
22
SIM5
SIM1
SIM2
SIM3
SIM4
1
21
22
SIM5
SIM1
SIM2
SIM3
SIM4
1
21
22
SIM5
SIM1
SIM2
SIM3
SIM4
1
21
22
SIM5
SIM1
SIM2
SIM3
SIM4
1
21
22
SIM5
SIM1
SIM2
SIM3
SIM4
1
21
22
SIM5
SIM1
SIM2
SIM3
SIM4
1
21
22
SIM5
SIM1
SIM2
SIM3
SIM4
1
21
22
SIM5
SIM1
SIM2
SIM3
SIM4
1
21
22
SIM5
SIM1
SIM2
SIM3
SIM4
1
21
22
SIM5
SIM1
SIM2
SIM3
SIM4
1
21
22
SIM5
SIM1
SIM2
SIM3
SIM4
1
21
22
SIM5
SIM1
SIM2
SIM3
SIM4
1
21
22
SIM5
SIM1
SIM2
SIM3
SIM4
1
21
22
SIM5
SIM1
SIM2
SIM3
SIM4
1
21
22
SIM5
SIM1
SIM2
SIM3
SIM4
1
21
22
SIM5
SIM1
SIM2
SIM3
SIM4
1
21
22
SIM5
SIM1
SIM2
SIM3
SIM4
1
21
22
SIM5
SIM1
SIM2
SIM3
SIM4
1
21
22
SIM5
SIM1
SIM2
SIM3
SIM4
1
21
22
SIM5
SIM1
SIM2
SIM3
SIM4
1
21
22
SIM5
SIM1
SIM2
SIM3
SIM4
1
21
22
SIM5
SIM1
SIM2
SIM3
SIM4
1
21
22
SIM5
SIM1
SIM2
SIM3
SIM4
1
21
22
SIM5
SIM1
SIM2
SIM3
SIM4
1
21
22
SIM5
SIM1
SIM2
SIM3
SIM4
1
21
22
SIM5
SIM1
SIM2
SIM3
SIM4
1
21
22
SIM5
SIM1
SIM2
SIM3
SIM4
1
21
22
SIM5
SIM1
SIM2
SIM3
SIM4
1
21
22
SIM5
SIM1
SIM2
SIM3
SIM4
1
21
22
SIM5
SIM1
SIM2
SIM3
SIM4
1
21
22
SIM5
SIM1
SIM2
SIM3
SIM4
1
21
22
SIM5
SIM1
SIM2
SIM3
SIM4
1
21
22
SIM5
SIM1
SIM2
SIM3
SIM4
1
21
22
SIM5
SIM1
SIM2
SIM3
SIM4
1
21
22
SIM5
SIM1
SIM2
SIM3
SIM4
1
21
22
SIM5
SIM1
SIM2
SIM3
SIM4
1
21
22
SIM5
SIM1
SIM2
SIM3
SIM4
1
21
22
SIM5
SIM1
SIM2
SIM3
SIM4
1
21
22
SIM5
SIM1
SIM2
SIM3
SIM4
1
21
22
SIM5
SIM1
SIM2
SIM3
SIM4
1
21
22
SIM5
SIM1
SIM2
SIM3
SIM4
1
21
22
SIM5
SIM1
SIM2
SIM3
SIM4
1
21
22
SIM5
SIM1
SIM2
SIM3
SIM4
1
21
22
SIM5
SIM1
SIM2
SIM3
SIM4
1
21
22
SIM5
SIM1
SIM2
SIM3
SIM4
1
21
22
SIM5
SIM1
SIM2
SIM3
SIM4
1
21
22
SIM5
SIM1
SIM2
SIM3
SIM4
1
21
22
SIM5
SIM1
SIM2
SIM3
SIM4
1
21
22
SIM5
SIM1
SIM2
SIM3
SIM4
1
21
22
SIM5
SIM1
SIM2
SIM3
SIM4
1
21
22
SIM5
SIM1
SIM2
SIM3
SIM4
1
21
22
SIM5
SIM1
SIM2
SIM3
SIM4
1
21
22
SIM5
SIM1
SIM2
SIM3
SIM4
1
21
22
SIM5
SIM1
SIM2
SIM3
SIM4
1
21
22
SIM5
SIM1
SIM2
SIM3
SIM4
1
21
22
SIM5
SIM1
SIM2
SIM3
SIM4
1
21
22
SIM5
SIM1
SIM2
SIM3
SIM4
1
21
22
SIM5
SIM1
SIM2
SIM3
SIM4
1
21
22
SIM5
SIM1
SIM2
SIM3
SIM4
1
21
22
SIM5
SIM1
SIM2
SIM3
SIM4
1
21
22
SIM5
SIM1
SIM2
SIM3
SIM4
1
21
22
SIM5
SIM1
SIM2
SIM3
SIM4
1
21
22
SIM5
SIM1
SIM2
SIM3
SIM4
1
21
22
SIM5
SIM1
SIM2
SIM3
SIM4
1
21
22
SIM5
SIM1
SIM2
SIM3
SIM4
1
21
22
SIM5
SIM1
SIM2
SIM3
SIM4
1
21
22
SIM5
SIM1
SIM2
SIM3
SIM4
1
21
22
SIM5
SIM1
SIM2
DEBUG 1 268
SIM1
SIM2
SIM3
SIM4
1
21
22
SIM5
SIM1
SIM2
SIM3
SIM4
1
21
22
SIM5
SIM1
SIM2
SIM3
SIM4
1
21
22
SIM5
SIM1
SIM2
SIM3
SIM4
1
21
22
SIM5
SIM1
SIM2
SIM3
SIM4
1
21
22
SIM5
SIM1
SIM2
SIM3
SIM4
1
21
22
SIM5
SIM1
SIM2
SIM3
SIM4
1
21
22
SIM5
SIM1
SIM2
SIM3
SIM4
1
21
22
SIM5
SIM1
SIM2
SIM3
SIM4
1
21
22
SIM5
SIM1
SIM2
SIM3
SIM4
1
21
22
SIM5
SIM1
SIM2
SIM3
SIM4
1
21
22
SIM5
SIM1
SIM2
SIM3
SIM4
1
21
22
SIM5
SIM1
SIM2
SIM3
SIM4
1
21
22
SIM5
SIM1
SIM2
SIM3
SIM4
1
21
22
SIM5
SIM1
SIM2
SIM3
SIM4
1
21
22
SIM5
SIM1
SIM2
SIM3
SIM4
1
21
22
SIM5
SIM1
SIM2
SIM3
SIM4
1
21
22
SIM5
SIM1
SIM2
SIM3
SIM4
1
21
22
SIM5
SIM1
SIM2
SIM3
SIM4
1
21
22
SIM5
SIM1
SIM2
SIM3
SIM4
1
21
22
SIM5
SIM1
SIM2
SIM3
SIM4
1
21
22
SIM5
SIM1
SIM2
SIM3
SIM4
1
21
22
SIM5
SIM1
SIM2
SIM3
SIM4
1
21
22
SIM5
SIM1
SIM2
SIM3
SIM4
1
21
22
SIM5
SIM1
SIM2
SIM3
SIM4
1
21
22
SIM5
SIM1
SIM2
SIM3
SIM4
1
21
22
SIM5
SIM1
SIM2
SIM3
SIM4
1
21
22
SIM5
SIM1
SIM2
SIM3
SIM4
1
21
22
SIM5
SIM1
SIM2
SIM3
SIM4
1
21
22
SIM5
SIM1
SIM2
SIM3
SIM4
1
21
22
SIM5
SIM1
SIM2
SIM3
SIM4
1
21
22
SIM5
SIM1
SIM2
SIM3
SIM4
1
21
22
SIM5
SIM1
SIM2
SIM3
SIM4
1
21
22
SIM5
SIM1
SIM2
SIM3
SIM4
1
21
22
SIM5
SIM1
SIM2
SIM3
SIM4
1
21
22
SIM5
SIM1
SIM2
SIM3
SIM4
1
21
22
SIM5
SIM1
SIM2
SIM3
SIM4
1
21
22
SIM5
SIM1
SIM2
SIM3
SIM4
1
21
22
SIM5
SIM1
SIM2
SIM3
SIM4
1
21
22
SIM5
SIM1
SIM2
SIM3
SIM4
1
21
22
SIM5
SIM1
SIM2
SIM3
SIM4
1
21
22
SIM5
SIM1
SIM2
SIM3
SIM4
1
21
22
SIM5
SIM1
SIM2
SIM3
SIM4
1
21
22
SIM5
SIM1
SIM2
SIM3
SIM4
1
21
22
SIM5
SIM1
SIM2
SIM3
SIM4
1
21
22
SIM5
SIM1
SIM2
SIM3
SIM4
1
21
22
SIM5
SIM1
SIM2
SIM3
SIM4
1
21
22
SIM5
SIM1
SIM2
SIM3
SIM4
1
21
22
SIM5
SIM1
SIM2
SIM3
SIM4
1
21
22
SIM5
SIM1
SIM2
SIM3
SIM4
1
21
22
SIM5
SIM1
SIM2
SIM3
SIM4
1
21
22
SIM5
SIM1
SIM2
SIM3
SIM4
1
21
22
SIM5
SIM1
SIM2
SIM3
SIM4
1
21
22
SIM5
SIM1
SIM2
SIM3
SIM4
1
21
22
SIM5
SIM1
SIM2
SIM3
SIM4
1
21
22
SIM5
SIM1
SIM2
SIM3
SIM4
1
21
22
SIM5
SIM1
SIM2
SIM3
SIM4
1
21
22
SIM5
SIM1
SIM2
SIM3
SIM4
1
21
22
SIM5
SIM1
SIM2
SIM3
SIM4
1
21
22
SIM5
SIM1
SIM2
SIM3
SIM4
1
21
22
SIM5
SIM1
SIM2
SIM3
SIM4
1
21
22
SIM5
SIM1
SIM2
SIM3
SIM4
1
21
22
SIM5
SIM1
SIM2
SIM3
SIM4
1
21
22
SIM5
SIM1
SIM2
SIM3
SIM4
1
21
22
SIM5
SIM1
SIM2
SIM3
SIM4
1
21
22
SIM5
SIM1
SIM2
SIM3
SIM4
1
21
22
SIM5
SIM1
SIM2
SIM3
SIM4
1
21
22
SIM5
SIM1
SIM2
SIM3
SIM4
1
21
22
SIM5
SIM1
SIM2
SIM3
SIM4
1
21
22
SIM5
SIM1
SIM2
SIM3
SIM4
1
21
22
SIM5
SIM1
SIM2
SIM3
SIM4
1
21
22
SIM5
SIM1
SIM2
SIM3
SIM4
1
21
22
SIM5
SIM1
SIM2
SIM3
SIM4
1
21
22
SIM5
SIM1
SIM2
SIM3
SIM4
1
21
22
SIM5
SIM1
SIM2
SIM3
SIM4
1
21
22
SIM5
SIM1
SIM2
SIM3
SIM4
1
21
22
SIM5
SIM1
SIM2
SIM3
SIM4
1
21
22
SIM5
SIM1
SIM2
SIM3
SIM4
1
21
22
SIM5
SIM1
SIM2
SIM3
SIM4
1
21
22
SIM5
SIM1
SIM2
SIM3
SIM4
1
21
22
SIM5
SIM1
SIM2
SIM3
SIM4
1
21
22
SIM5
SIM1
SIM2
SIM3
SIM4
1
21
22
SIM5
SIM1
SIM2
SIM3
SIM4
1
21
22
SIM5
SIM1
SIM2
SIM3
SIM4
1
21
22
SIM5
SIM1
SIM2
SIM3
SIM4
1
21
22
SIM5
SIM1
SIM2
SIM3
SIM4
1
21
22
SIM5
SIM1
SIM2
SIM3
SIM4
1
21
22
SIM5
SIM1
SIM2
SIM3
SIM4
1
21
22
SIM5
SIM1
SIM2
SIM3
SIM4
1
21
22
SIM5
SIM1
SIM2
SIM3
SIM4
1
21
22
SIM5
SIM1
SIM2
SIM3
SIM4
1
21
22
SIM5
SIM1
SIM2
SIM3
SIM4
1
21
22
SIM5
SIM1
SIM2
SIM3
SIM4
1
21
22
SIM5
SIM1
SIM2
SIM3
SIM4
1
21
22
SIM5
SIM1
SIM2
SIM3
SIM4
1
21
22
SIM5
SIM1
SIM2
SIM3
SIM4
1
21
22
SIM5
SIM1
SIM2
SIM3
SIM4
1
21
22
SIM5
SIM1
SIM2
SIM3
SIM4
1
21
22
SIM5
SIM1
SIM2
SIM3
SIM4
1
21
22
SIM5
SIM1
SIM2
SIM3
SIM4
1
21
22
SIM5
SIM1
SIM2
SIM3
SIM4
1
21
22
SIM5
SIM1
SIM2
SIM3
SIM4
1
21
22
SIM5
SIM1
SIM2
SIM3
SIM4
1
21
22
SIM5
SIM1
SIM2
SIM3
SIM4
1
21
22
SIM5
SIM1
SIM2
SIM3
SIM4
1
21
22
SIM5
SIM1
SIM2
SIM3
SIM4
1
21
22
SIM5
SIM1
SIM2
SIM3
SIM4
1
21
22
SIM5
SIM1
SIM2
SIM3
SIM4
1
21
22
SIM5
SIM1
SIM2
SIM3
SIM4
1
21
22
SIM5
SIM1
SIM2
SIM3
SIM4
1
21
22
SIM5
SIM1
SIM2
SIM3
SIM4
1
21
22
SIM5
SIM1
SIM2
SIM3
SIM4
1
21
22
SIM5
SIM1
SIM2
SIM3
SIM4
1
21
22
SIM5
SIM1
SIM2
SIM3
SIM4
1
21
22
SIM5
SIM1
SIM2
SIM3
SIM4
1
21
22
SIM5
SIM1
SIM2
SIM3
SIM4
1
21
22
SIM5
SIM1
SIM2
SIM3
SIM4
1
21
22
SIM5
SIM1
SIM2
SIM3
SIM4
1
21
22
SIM5
SIM1
SIM2
SIM3
SIM4
1
21
22
SIM5
SIM1
SIM2
SIM3
SIM4
1
21
22
SIM5
SIM1
SIM2
SIM3
SIM4
1
21
22
SIM5
SIM1
SIM2
SIM3
SIM4
1
21
22
SIM5
SIM1
SIM2
SIM3
SIM4
1
21
22
SIM5
SIM1
SIM2
SIM3
SIM4
1
21
22
SIM5
SIM1
SIM2
SIM3
SIM4
1
21
22
SIM5
SIM1
SIM2
SIM3
SIM4
1
21
22
SIM5
SIM1
SIM2
SIM3
SIM4
1
21
22
SIM5
SIM1
SIM2
SIM3
SIM4
1
21
22
SIM5
SIM1
SIM2
SIM3
SIM4
1
21
22
SIM5
SIM1
SIM2
SIM3
SIM4
1
21
22
SIM5
SIM1
SIM2
SIM3
SIM4
1
21
22
SIM5
SIM1
SIM2
SIM3
SIM4
1
21
22
SIM5
SIM1
SIM2
SIM3
SIM4
1
21
22
SIM5
SIM1
SIM2
SIM3
SIM4
1
21
22
SIM5
SIM1
SIM2
SIM3
SIM4
1
21
22
SIM5
SIM1
SIM2
SIM3
SIM4
1
21
22
SIM5
SIM1
SIM2
SIM3
SIM4
1
21
22
SIM5
SIM1
SIM2
SIM3
SIM4
1
21
22
SIM5
SIM1
SIM2
SIM3
SIM4
1
21
22
SIM5
SIM1
SIM2
SIM3
SIM4
1
21
22
SIM5
SIM1
SIM2
SIM3
SIM4
1
21
22
SIM5
SIM1
SIM2
SIM3
SIM4
1
21
22
SIM5
SIM1
SIM2
SIM3
SIM4
1
21
22
SIM5
SIM1
SIM2
SIM3
SIM4
1
21
22
SIM5
SIM1
SIM2
SIM3
SIM4
1
21
22
SIM5
SIM1
SIM2
SIM3
SIM4
1
21
22
SIM5
SIM1
SIM2
SIM3
SIM4
1
21
22
SIM5
SIM1
SIM2
SIM3
SIM4
1
21
22
SIM5
SIM1
SIM2
SIM3
SIM4
1
21
22
SIM5
SIM1
SIM2
SIM3
SIM4
1
21
22
SIM5
SIM1
SIM2
SIM3
SIM4
1
21
22
SIM5
SIM1
SIM2
SIM3
SIM4
1
21
22
SIM5
SIM1
SIM2
SIM3
SIM4
1
21
22
SIM5
SIM1
SIM2
SIM3
SIM4
1
21
22
SIM5
SIM1
SIM2
SIM3
SIM4
1
21
22
SIM5
SIM1
SIM2
SIM3
SIM4
1
21
22
SIM5
SIM1
SIM2
SIM3
SIM4
1
21
22
SIM5
SIM1
SIM2
SIM3
SIM4
1
21
22
SIM5
SIM1
SIM2
SIM3
SIM4
1
21
22
SIM5
SIM1
SIM2
SIM3
SIM4
1
21
22
SIM5
SIM1
SIM2
SIM3
SIM4
1
21
22
SIM5
SIM1
SIM2
SIM3
SIM4
1
21
22
SIM5
SIM1
SIM2
SIM3
SIM4
1
21
22
SIM5
SIM1
SIM2
SIM3
SIM4
1
21
22
SIM5
SIM1
SIM2
SIM3
SIM4
1
21
22
SIM5
SIM1
SIM2
SIM3
SIM4
1
21
22
SIM5
SIM1
SIM2
SIM3
SIM4
1
21
22
SIM5
SIM1
SIM2
SIM3
SIM4
1
21
22
SIM5
SIM1
SIM2
SIM3
SIM4
1
21
22
SIM5
SIM1
SIM2
SIM3
SIM4
1
21
22
SIM5
SIM1
SIM2
SIM3
SIM4
1
21
22
SIM5
SIM1
SIM2
SIM3
SIM4
1
21
22
SIM5
SIM1
SIM2
SIM3
SIM4
1
21
22
SIM5
SIM1
SIM2
SIM3
SIM4
1
21
22
SIM5
SIM1
SIM2
SIM3
SIM4
1
21
22
SIM5
SIM1
SIM2
SIM3
SIM4
1
21
22
SIM5
SIM1
SIM2
SIM3
SIM4
1
21
22
SIM5
SIM1
SIM2
SIM3
SIM4
1
21
22
SIM5
SIM1
SIM2
SIM3
SIM4
1
21
22
SIM5
SIM1
SIM2
SIM3
SIM4
1
21
22
SIM5
SIM1
SIM2
SIM3
SIM4
1
21
22
SIM5
SIM1
SIM2
SIM3
SIM4
1
21
22
SIM5
SIM1
SIM2
SIM3
SIM4
1
21
22
SIM5
SIM1
SIM2
SIM3
SIM4
1
21
22
SIM5
SIM1
SIM2
SIM3
SIM4
1
21
22
SIM5
SIM1
SIM2
DEBUG 1 269
SIM1
SIM2
SIM3
SIM4
1
21
22
SIM5
SIM1
SIM2
SIM3
SIM4
1
21
22
SIM5
SIM1
SIM2
SIM3
SIM4
1
21
22
SIM5
SIM1
SIM2
SIM3
SIM4
1
21
22
SIM5
SIM1
SIM2
SIM3
SIM4
1
21
22
SIM5
SIM1
SIM2
SIM3
SIM4
1
21
22
SIM5
SIM1
SIM2
SIM3
SIM4
1
21
22
SIM5
SIM1
SIM2
SIM3
SIM4
1
21
22
SIM5
SIM1
SIM2
SIM3
SIM4
1
21
22
SIM5
SIM1
SIM2
SIM3
SIM4
1
21
22
SIM5
SIM1
SIM2
SIM3
SIM4
1
21
22
SIM5
SIM1
SIM2
SIM3
SIM4
1
21
22
SIM5
SIM1
SIM2
SIM3
SIM4
1
21
22
SIM5
SIM1
SIM2
SIM3
SIM4
1
21
22
SIM5
SIM1
SIM2
SIM3
SIM4
1
21
22
SIM5
SIM1
SIM2
SIM3
SIM4
1
21
22
SIM5
SIM1
SIM2
SIM3
SIM4
1
21
22
SIM5
SIM1
SIM2
SIM3
SIM4
1
21
22
SIM5
SIM1
SIM2
SIM3
SIM4
1
21
22
SIM5
SIM1
SIM2
SIM3
SIM4
1
21
22
SIM5
SIM1
SIM2
SIM3
SIM4
1
21
22
SIM5
SIM1
SIM2
SIM3
SIM4
1
21
22
SIM5
SIM1
SIM2
SIM3
SIM4
1
21
22
SIM5
SIM1
SIM2
SIM3
SIM4
1
21
22
SIM5
SIM1
SIM2
SIM3
SIM4
1
21
22
SIM5
SIM1
SIM2
SIM3
SIM4
1
21
22
SIM5
SIM1
SIM2
SIM3
SIM4
1
21
22
SIM5
SIM1
SIM2
SIM3
SIM4
1
21
22
SIM5
SIM1
SIM2
SIM3
SIM4
1
21
22
SIM5
SIM1
SIM2
SIM3
SIM4
1
21
22
SIM5
SIM1
SIM2
SIM3
SIM4
1
21
22
SIM5
SIM1
SIM2
SIM3
SIM4
1
21
22
SIM5
SIM1
SIM2
SIM3
SIM4
1
21
22
SIM5
SIM1
SIM2
SIM3
SIM4
1
21
22
SIM5
SIM1
SIM2
SIM3
SIM4
1
21
22
SIM5
SIM1
SIM2
SIM3
SIM4
1
21
22
SIM5
SIM1
SIM2
SIM3
SIM4
1
21
22
SIM5
SIM1
SIM2
SIM3
SIM4
1
21
22
SIM5
SIM1
SIM2
SIM3
SIM4
1
21
22
SIM5
SIM1
SIM2
SIM3
SIM4
1
21
22
SIM5
SIM1
SIM2
SIM3
SIM4
1
21
22
SIM5
SIM1
SIM2
SIM3
SIM4
1
21
22
SIM5
SIM1
SIM2
SIM3
SIM4
1
21
22
SIM5
SIM1
SIM2
SIM3
SIM4
1
21
22
SIM5
SIM1
SIM2
SIM3
SIM4
1
21
22
SIM5
SIM1
SIM2
SIM3
SIM4
1
21
22
SIM5
SIM1
SIM2
SIM3
SIM4
1
21
22
SIM5
SIM1
SIM2
SIM3
SIM4
1
21
22
SIM5
SIM1
SIM2
SIM3
SIM4
1
21
22
SIM5
SIM1
SIM2
SIM3
SIM4
1
21
22
SIM5
SIM1
SIM2
SIM3
SIM4
1
21
22
SIM5
SIM1
SIM2
SIM3
SIM4
1
21
22
SIM5
SIM1
SIM2
SIM3
SIM4
1
21
22
SIM5
SIM1
SIM2
SIM3
SIM4
1
21
22
SIM5
SIM1
SIM2
SIM3
SIM4
1
21
22
SIM5
SIM1
SIM2
SIM3
SIM4
1
21
22
SIM5
SIM1
SIM2
SIM3
SIM4
1
21
22
SIM5
SIM1
SIM2
SIM3
SIM4
1
21
22
SIM5
SIM1
SIM2
SIM3
SIM4
1
21
22
SIM5
SIM1
SIM2
SIM3
SIM4
1
21
22
SIM5
SIM1
SIM2
SIM3
SIM4
1
21
22
SIM5
SIM1
SIM2
SIM3
SIM4
1
21
22
SIM5
SIM1
SIM2
SIM3
SIM4
1
21
22
SIM5
SIM1
SIM2
SIM3
SIM4
1
21
22
SIM5
SIM1
SIM2
SIM3
SIM4
1
21
22
SIM5
SIM1
SIM2
SIM3
SIM4
1
21
22
SIM5
SIM1
SIM2
SIM3
SIM4
1
21
22
SIM5
SIM1
SIM2
SIM3
SIM4
1
21
22
SIM5
SIM1
SIM2
SIM3
SIM4
1
21
22
SIM5
SIM1
SIM2
SIM3
SIM4
1
21
22
SIM5
SIM1
SIM2
SIM3
SIM4
1
21
22
SIM5
SIM1
SIM2
SIM3
SIM4
1
21
22
SIM5
SIM1
SIM2
SIM3
SIM4
1
21
22
SIM5
SIM1
SIM2
SIM3
SIM4
1
21
22
SIM5
SIM1
SIM2
SIM3
SIM4
1
21
22
SIM5
SIM1
SIM2
SIM3
SIM4
1
21
22
SIM5
SIM1
SIM2
SIM3
SIM4
1
21
22
SIM5
SIM1
SIM2
SIM3
SIM4
1
21
22
SIM5
SIM1
SIM2
SIM3
SIM4
1
21
22
SIM5
SIM1
SIM2
SIM3
SIM4
1
21
22
SIM5
SIM1
SIM2
SIM3
SIM4
1
21
22
SIM5
SIM1
SIM2
SIM3
SIM4
1
21
22
SIM5
SIM1
SIM2
SIM3
SIM4
1
21
22
SIM5
SIM1
SIM2
SIM3
SIM4
1
21
22
SIM5
SIM1
SIM2
SIM3
SIM4
1
21
22
SIM5
SIM1
SIM2
SIM3
SIM4
1
21
22
SIM5
SIM1
SIM2
SIM3
SIM4
1
21
22
SIM5
SIM1
SIM2
SIM3
SIM4
1
21
22
SIM5
SIM1
SIM2
SIM3
SIM4
1
21
22
SIM5
SIM1
SIM2
SIM3
SIM4
1
21
22
SIM5
SIM1
SIM2
SIM3
SIM4
1
21
22
SIM5
SIM1
SIM2
SIM3
SIM4
1
21
22
SIM5
SIM1
SIM2
SIM3
SIM4
1
21
22
SIM5
SIM1
SIM2
SIM3
SIM4
1
21
22
SIM5
SIM1
SIM2
SIM3
SIM4
1
21
22
SIM5
SIM1
SIM2
SIM3
SIM4
1
21
22
SIM5
SIM1
SIM2
SIM3
SIM4
1
21
22
SIM5
SIM1
SIM2
SIM3
SIM4
1
21
22
SIM5
SIM1
SIM2
SIM3
SIM4
1
21
22
SIM5
SIM1
SIM2
SIM3
SIM4
1
21
22
SIM5
SIM1
SIM2
SIM3
SIM4
1
21
22
SIM5
SIM1
SIM2
SIM3
SIM4
1
21
22
SIM5
SIM1
SIM2
SIM3
SIM4
1
21
22
SIM5
SIM1
SIM2
SIM3
SIM4
1
21
22
SIM5
SIM1
SIM2
SIM3
SIM4
1
21
22
SIM5
SIM1
SIM2
SIM3
SIM4
1
21
22
SIM5
SIM1
SIM2
SIM3
SIM4
1
21
22
SIM5
SIM1
SIM2
SIM3
SIM4
1
21
22
SIM5
SIM1
SIM2
SIM3
SIM4
1
21
22
SIM5
SIM1
SIM2
SIM3
SIM4
1
21
22
SIM5
SIM1
SIM2
SIM3
SIM4
1
21
22
SIM5
SIM1
SIM2
SIM3
SIM4
1
21
22
SIM5
SIM1
SIM2
SIM3
SIM4
1
21
22
SIM5
SIM1
SIM2
SIM3
SIM4
1
21
22
SIM5
SIM1
SIM2
SIM3
SIM4
1
21
22
SIM5
SIM1
SIM2
SIM3
SIM4
1
21
22
SIM5
SIM1
SIM2
SIM3
SIM4
1
21
22
SIM5
SIM1
SIM2
SIM3
SIM4
1
21
22
SIM5
SIM1
SIM2
SIM3
SIM4
1
21
22
SIM5
SIM1
SIM2
SIM3
SIM4
1
21
22
SIM5
SIM1
SIM2
SIM3
SIM4
1
21
22
SIM5
SIM1
SIM2
SIM3
SIM4
1
21
22
SIM5
SIM1
SIM2
SIM3
SIM4
1
21
22
SIM5
SIM1
SIM2
SIM3
SIM4
1
21
22
SIM5
SIM1
SIM2
SIM3
SIM4
1
21
22
SIM5
SIM1
SIM2
SIM3
SIM4
1
21
22
SIM5
SIM1
SIM2
SIM3
SIM4
1
21
22
SIM5
SIM1
SIM2
SIM3
SIM4
1
21
22
SIM5
SIM1
SIM2
SIM3
SIM4
1
21
22
SIM5
SIM1
SIM2
SIM3
SIM4
1
21
22
SIM5
SIM1
SIM2
SIM3
SIM4
1
21
22
SIM5
SIM1
SIM2
SIM3
SIM4
1
21
22
SIM5
SIM1
SIM2
SIM3
SIM4
1
21
22
SIM5
SIM1
SIM2
SIM3
SIM4
1
21
22
SIM5
SIM1
SIM2
DEBUG 1 270
SIM1
SIM2
SIM3
SIM4
1
21
22
SIM5
SIM1
SIM2
SIM3
SIM4
1
21
22
SIM5
SIM1
SIM2
SIM3
SIM4
1
21
22
SIM5
SIM1
SIM2
SIM3
SIM4
1
21
22
SIM5
SIM1
SIM2
SIM3
SIM4
1
21
22
SIM5
SIM1
SIM2
SIM3
SIM4
1
21
22
SIM5
SIM1
SIM2
SIM3
SIM4
1
21
22
SIM5
SIM1
SIM2
SIM3
SIM4
1
21
22
SIM5
SIM1
SIM2
SIM3
SIM4
1
21
22
SIM5
SIM1
SIM2
SIM3
SIM4
1
21
22
SIM5
SIM1
SIM2
SIM3
SIM4
1
21
22
SIM5
SIM1
SIM2
SIM3
SIM4
1
21
22
SIM5
SIM1
SIM2
SIM3
SIM4
1
21
22
SIM5
SIM1
SIM2
SIM3
SIM4
1
21
22
SIM5
SIM1
SIM2
SIM3
SIM4
1
21
22
SIM5
SIM1
SIM2
SIM3
SIM4
1
21
22
SIM5
SIM1
SIM2
SIM3
SIM4
1
21
22
SIM5
SIM1
SIM2
SIM3
SIM4
1
21
22
SIM5
SIM1
SIM2
SIM3
SIM4
1
21
22
SIM5
SIM1
SIM2
SIM3
SIM4
1
21
22
SIM5
SIM1
SIM2
SIM3
SIM4
1
21
22
SIM5
SIM1
SIM2
SIM3
SIM4
1
21
22
SIM5
SIM1
SIM2
SIM3
SIM4
1
21
22
SIM5
SIM1
SIM2
SIM3
SIM4
1
21
22
SIM5
SIM1
SIM2
SIM3
SIM4
1
21
22
SIM5
SIM1
SIM2
SIM3
SIM4
1
21
22
SIM5
SIM1
SIM2
SIM3
SIM4
1
21
22
SIM5
SIM1
SIM2
SIM3
SIM4
1
21
22
SIM5
SIM1
SIM2
SIM3
SIM4
1
21
22
SIM5
SIM1
SIM2
SIM3
SIM4
1
21
22
SIM5
SIM1
SIM2
SIM3
SIM4
1
21
22
SIM5
SIM1
SIM2
SIM3
SIM4
1
21
22
SIM5
SIM1
SIM2
SIM3
SIM4
1
21
22
SIM5
SIM1
SIM2
SIM3
SIM4
1
21
22
SIM5
SIM1
SIM2
SIM3
SIM4
1
21
22
SIM5
SIM1
SIM2
SIM3
SIM4
1
21
22
SIM5
SIM1
SIM2
SIM3
SIM4
1
21
22
SIM5
SIM1
SIM2
SIM3
SIM4
1
21
22
SIM5
SIM1
SIM2
SIM3
SIM4
1
21
22
SIM5
SIM1
SIM2
SIM3
SIM4
1
21
22
SIM5
SIM1
SIM2
SIM3
SIM4
1
21
22
SIM5
SIM1
SIM2
SIM3
SIM4
1
21
22
SIM5
SIM1
SIM2
SIM3
SIM4
1
21
22
SIM5
SIM1
SIM2
SIM3
SIM4
1
21
22
SIM5
SIM1
SIM2
SIM3
SIM4
1
21
22
SIM5
SIM1
SIM2
SIM3
SIM4
1
21
22
SIM5
SIM1
SIM2
SIM3
SIM4
1
21
22
SIM5
SIM1
SIM2
SIM3
SIM4
1
21
22
SIM5
SIM1
SIM2
SIM3
SIM4
1
21
22
SIM5
SIM1
SIM2
SIM3
SIM4
1
21
22
SIM5
SIM1
SIM2
SIM3
SIM4
1
21
22
SIM5
SIM1
SIM2
SIM3
SIM4
1
21
22
SIM5
SIM1
SIM2
SIM3
SIM4
1
21
22
SIM5
SIM1
SIM2
SIM3
SIM4
1
21
22
SIM5
SIM1
SIM2
SIM3
SIM4
1
21
22
SIM5
SIM1
SIM2
SIM3
SIM4
1
21
22
SIM5
SIM1
SIM2
SIM3
SIM4
1
21
22
SIM5
SIM1
SIM2
SIM3
SIM4
1
21
22
SIM5
SIM1
SIM2
SIM3
SIM4
1
21
22
SIM5
SIM1
SIM2
SIM3
SIM4
1
21
22
SIM5
SIM1
SIM2
SIM3
SIM4
1
21
22
SIM5
SIM1
SIM2
SIM3
SIM4
1
21
22
SIM5
SIM1
SIM2
SIM3
SIM4
1
21
22
SIM5
SIM1
SIM2
SIM3
SIM4
1
21
22
SIM5
SIM1
SIM2
SIM3
SIM4
1
21
22
SIM5
SIM1
SIM2
SIM3
SIM4
1
21
22
SIM5
SIM1
SIM2
SIM3
SIM4
1
21
22
SIM5
SIM1
SIM2
SIM3
SIM4
1
21
22
SIM5
SIM1
SIM2
SIM3
SIM4
1
21
22
SIM5
SIM1
SIM2
SIM3
SIM4
1
21
22
SIM5
SIM1
SIM2
SIM3
SIM4
1
21
22
SIM5
SIM1
SIM2
SIM3
SIM4
1
21
22
SIM5
SIM1
SIM2
SIM3
SIM4
1
21
22
SIM5
SIM1
SIM2
SIM3
SIM4
1
21
22
SIM5
SIM1
SIM2
SIM3
SIM4
1
21
22
SIM5
SIM1
SIM2
SIM3
SIM4
1
21
22
SIM5
SIM1
SIM2
SIM3
SIM4
1
21
22
SIM5
SIM1
SIM2
SIM3
SIM4
1
21
22
SIM5
SIM1
SIM2
SIM3
SIM4
1
21
22
SIM5
SIM1
SIM2
SIM3
SIM4
1
21
22
SIM5
SIM1
SIM2
SIM3
SIM4
1
21
22
SIM5
SIM1
SIM2
SIM3
SIM4
1
21
22
SIM5
SIM1
SIM2
SIM3
SIM4
1
21
22
SIM5
SIM1
SIM2
SIM3
SIM4
1
21
22
SIM5
SIM1
SIM2
SIM3
SIM4
1
21
22
SIM5
SIM1
SIM2
SIM3
SIM4
1
21
22
SIM5
SIM1
SIM2
SIM3
SIM4
1
21
22
SIM5
SIM1
SIM2
SIM3
SIM4
1
21
22
SIM5
SIM1
SIM2
SIM3
SIM4
1
21
22
SIM5
SIM1
SIM2
SIM3
SIM4
1
21
22
SIM5
SIM1
SIM2
SIM3
SIM4
1
21
22
SIM5
SIM1
SIM2
SIM3
SIM4
1
21
22
SIM5
SIM1
SIM2
SIM3
SIM4
1
21
22
SIM5
SIM1
SIM2
SIM3
SIM4
1
21
22
SIM5
SIM1
SIM2
SIM3
SIM4
1
21
22
SIM5
SIM1
SIM2
SIM3
SIM4
1
21
22
SIM5
SIM1
SIM2
SIM3
SIM4
1
21
22
SIM5
SIM1
SIM2
SIM3
SIM4
1
21
22
SIM5
SIM1
SIM2
SIM3
SIM4
1
21
22
SIM5
SIM1
SIM2
SIM3
SIM4
1
21
22
SIM5
SIM1
SIM2
SIM3
SIM4
1
21
22
SIM5
SIM1
SIM2
SIM3
SIM4
1
21
22
SIM5
SIM1
SIM2
SIM3
SIM4
1
21
22
SIM5
SIM1
SIM2
SIM3
SIM4
1
21
22
SIM5
SIM1
SIM2
SIM3
SIM4
1
21
22
SIM5
SIM1
SIM2
SIM3
SIM4
1
21
22
SIM5
SIM1
SIM2
SIM3
SIM4
1
21
22
SIM5
SIM1
SIM2
SIM3
SIM4
1
21
22
SIM5
SIM1
SIM2
SIM3
SIM4
1
21
22
SIM5
SIM1
SIM2
SIM3
SIM4
1
21
22
SIM5
SIM1
SIM2
SIM3
SIM4
1
21
22
SIM5
SIM1
SIM2
SIM3
SIM4
1
21
22
SIM5
SIM1
SIM2
SIM3
SIM4
1
21
22
SIM5
SIM1
SIM2
SIM3
SIM4
1
21
22
SIM5
SIM1
SIM2
SIM3
SIM4
1
21
22
SIM5
SIM1
SIM2
SIM3
SIM4
1
21
22
SIM5
SIM1
SIM2
SIM3
SIM4
1
21
22
SIM5
SIM1
SIM2
SIM3
SIM4
1
21
22
SIM5
SIM1
SIM2
SIM3
SIM4
1
21
22
SIM5
SIM1
SIM2
SIM3
SIM4
1
21
22
SIM5
SIM1
SIM2
SIM3
SIM4
1
21
22
SIM5
SIM1
SIM2
SIM3
SIM4
1
21
22
SIM5
SIM1
SIM2
SIM3
SIM4
1
21
22
SIM5
SIM1
SIM2
SIM3
SIM4
1
21
22
SIM5
SIM1
SIM2
SIM3
SIM4
1
21
22
SIM5
SIM1
SIM2
SIM3
SIM4
1
21
22
SIM5
SIM1
SIM2
SIM3
SIM4
1
21
22
SIM5
SIM1
SIM2
SIM3
SIM4
1
21
22
SIM5
SIM1
SIM2
SIM3
SIM4
1
21
22
SIM5
SIM1
SIM2
SIM3
SIM4
1
21
22
SIM5
SIM1
SIM2
SIM3
SIM4
1
21
22
SIM5
SIM1
SIM2
SIM3
SIM4
1
21
22
SIM5
SIM1
SIM2
SIM3
SIM4
1
21
22
SIM5
SIM1
SIM2
SIM3
SIM4
1
21
22
SIM5
SIM1
SIM2
SIM3
SIM4
1
21
22
SIM5
SIM1
SIM2
SIM3
SIM4
1
21
22
SIM5
SIM1
SIM2
SIM3
SIM4
1
21
22
SIM5
SIM1
SIM2
SIM3
SIM4
1
21
22
SIM5
SIM1
SIM2
SIM3
SIM4
1
21
22
SIM5
SIM1
SIM2
SIM3
SIM4
1
21
22
SIM5
SIM1
SIM2
SIM3
SIM4
1
21
22
SIM5
SIM1
SIM2
SIM3
SIM4
1
21
22
SIM5
SIM1
SIM2
SIM3
SIM4
1
21
22
SIM5
SIM1
SIM2
SIM3
SIM4
1
21
22
SIM5
SIM1
SIM2
SIM3
SIM4
1
21
22
SIM5
SIM1
SIM2
SIM3
SIM4
1
21
22
SIM5
SIM1
SIM2
SIM3
SIM4
1
21
22
SIM5
SIM1
SIM2
SIM3
SIM4
1
21
22
SIM5
SIM1
SIM2
SIM3
SIM4
1
21
22
SIM5
SIM1
SIM2
SIM3
SIM4
1
21
22
SIM5
SIM1
SIM2
SIM3
SIM4
1
21
22
SIM5
SIM1
SIM2
SIM3
SIM4
1
21
22
SIM5
SIM1
SIM2
SIM3
SIM4
1
21
22
SIM5
SIM1
SIM2
SIM3
SIM4
1
21
22
SIM5
SIM1
SIM2
SIM3
SIM4
1
21
22
SIM5
SIM1
SIM2
SIM3
SIM4
1
21
22
SIM5
SIM1
SIM2
SIM3
SIM4
1
21
22
SIM5
SIM1
SIM2
SIM3
SIM4
1
21
22
SIM5
SIM1
SIM2
SIM3
SIM4
1
21
22
SIM5
SIM1
SIM2
SIM3
SIM4
1
21
22
SIM5
SIM1
SIM2
SIM3
SIM4
1
21
22
SIM5
SIM1
SIM2
SIM3
SIM4
1
21
22
SIM5
SIM1
SIM2
SIM3
SIM4
1
21
22
SIM5
SIM1
SIM2
SIM3
SIM4
1
21
22
SIM5
SIM1
SIM2
SIM3
SIM4
1
21
22
SIM5
SIM1
SIM2
SIM3
SIM4
1
21
22
SIM5
SIM1
SIM2
SIM3
SIM4
1
21
22
SIM5
SIM1
SIM2
SIM3
SIM4
1
21
22
SIM5
SIM1
SIM2
SIM3
SIM4
1
21
22
SIM5
SIM1
SIM2
SIM3
SIM4
1
21
22
SIM5
SIM1
SIM2
SIM3
SIM4
1
21
22
SIM5
SIM1
SIM2
SIM3
SIM4
1
21
22
SIM5
SIM1
SIM2
SIM3
SIM4
1
21
22
SIM5
SIM1
SIM2
SIM3
SIM4
1
21
22
SIM5
SIM1
SIM2
SIM3
SIM4
1
21
22
SIM5
SIM1
SIM2
SIM3
SIM4
1
21
22
SIM5
SIM1
SIM2
SIM3
SIM4
1
21
22
SIM5
SIM1
SIM2
SIM3
SIM4
1
21
22
SIM5
SIM1
SIM2
SIM3
SIM4
1
21
22
SIM5
SIM1
SIM2
SIM3
SIM4
1
21
22
SIM5
SIM1
SIM2
SIM3
SIM4
1
21
22
SIM5
SIM1
SIM2
SIM3
SIM4
1
21
22
SIM5
SIM1
SIM2
SIM3
SIM4
1
21
22
SIM5
SIM1
SIM2
SIM3
SIM4
1
21
22
SIM5
SIM1
SIM2
SIM3
SIM4
1
21
22
SIM5
SIM1
SIM2
SIM3
SIM4
1
21
22
SIM5
SIM1
SIM2
SIM3
SIM4
1
21
22
SIM5
SIM1
SIM2
SIM3
SIM4
1
21
22
SIM5
SIM1
SIM2
SIM3
SIM4
1
21
22
SIM5
SIM1
SIM2
SIM3
SIM4
1
21
22
SIM5
SIM1
SIM2
SIM3
SIM4
1
21
22
SIM5
SIM1
SIM2
SIM3
SIM4
1
21
22
SIM5
SIM1
SIM2
SIM3
SIM4
1
21
22
SIM5
SIM1
SIM2
SIM3
SIM4
1
21
22
SIM5
SIM1
SIM2
SIM3
SIM4
1
21
22
SIM5
SIM1
SIM2
SIM3
SIM4
1
21
22
SIM5
SIM1
SIM2
SIM3
SIM4
1
21
22
SIM5
SIM1
SIM2
SIM3
SIM4
1
21
22
SIM5
SIM1
SIM2
SIM3
SIM4
1
21
22
SIM5
SIM1
SIM2
SIM3
SIM4
1
21
22
SIM5
SIM1
SIM2
SIM3
SIM4
1
21
22
SIM5
SIM1
SIM2
SIM3
SIM4
1
21
22
SIM5
SIM1
SIM2
SIM3
SIM4
1
21
22
SIM5
SIM1
SIM2
SIM3
SIM4
1
21
22
SIM5
SIM1
SIM2
SIM3
SIM4
1
21
22
SIM5
SIM1
SIM2
SIM3
SIM4
1
21
22
SIM5
SIM1
SIM2
SIM3
SIM4
1
21
22
SIM5
SIM1
SIM2
SIM3
SIM4
1
21
22
SIM5
SIM1
SIM2
SIM3
SIM4
1
21
22
SIM5
SIM1
SIM2
SIM3
SIM4
1
21
22
SIM5
SIM1
SIM2
SIM3
SIM4
1
21
22
SIM5
SIM1
SIM2
SIM3
SIM4
1
21
22
SIM5
SIM1
SIM2
SIM3
SIM4
1
21
22
SIM5
SIM1
SIM2
SIM3
SIM4
1
21
22
SIM5
SIM1
SIM2
SIM3
SIM4
1
21
22
SIM5
SIM1
SIM2
SIM3
SIM4
1
21
22
SIM5
SIM1
SIM2
SIM3
SIM4
1
21
22
SIM5
SIM1
SIM2
SIM3
SIM4
1
21
22
SIM5
SIM1
SIM2
SIM3
SIM4
1
21
22
SIM5
SIM1
SIM2
SIM3
SIM4
1
21
22
SIM5
SIM1
SIM2
SIM3
SIM4
1
21
22
SIM5
SIM1
SIM2
SIM3
SIM4
1
21
22
SIM5
SIM1
SIM2
SIM3
SIM4
1
21
22
SIM5
SIM1
SIM2
SIM3
SIM4
1
21
22
SIM5
SIM1
SIM2
SIM3
SIM4
1
21
22
SIM5
SIM1
SIM2
DEBUG 1 271
SIM1
SIM2
SIM3
SIM4
1
21
22
SIM5
SIM1
SIM2
SIM3
SIM4
1
21
22
SIM5
SIM1
SIM2
SIM3
SIM4
1
21
22
SIM5
SIM1
SIM2
SIM3
SIM4
1
21
22
SIM5
SIM1
SIM2
SIM3
SIM4
1
21
22
SIM5
SIM1
SIM2
SIM3
SIM4
1
21
22
SIM5
SIM1
SIM2
SIM3
SIM4
1
21
22
SIM5
SIM1
SIM2
SIM3
SIM4
1
21
22
SIM5
SIM1
SIM2
SIM3
SIM4
1
21
22
SIM5
SIM1
SIM2
SIM3
SIM4
1
21
22
SIM5
SIM1
SIM2
SIM3
SIM4
1
21
22
SIM5
SIM1
SIM2
SIM3
SIM4
1
21
22
SIM5
SIM1
SIM2
SIM3
SIM4
1
21
22
SIM5
SIM1
SIM2
SIM3
SIM4
1
21
22
SIM5
SIM1
SIM2
SIM3
SIM4
1
21
22
SIM5
SIM1
SIM2
SIM3
SIM4
1
21
22
SIM5
SIM1
SIM2
SIM3
SIM4
1
21
22
SIM5
SIM1
SIM2
SIM3
SIM4
1
21
22
SIM5
SIM1
SIM2
SIM3
SIM4
1
21
22
SIM5
SIM1
SIM2
SIM3
SIM4
1
21
22
SIM5
SIM1
SIM2
SIM3
SIM4
1
21
22
SIM5
SIM1
SIM2
SIM3
SIM4
1
21
22
SIM5
SIM1
SIM2
SIM3
SIM4
1
21
22
SIM5
SIM1
SIM2
SIM3
SIM4
1
21
22
SIM5
SIM1
SIM2
SIM3
SIM4
1
21
22
SIM5
SIM1
SIM2
SIM3
SIM4
1
21
22
SIM5
SIM1
SIM2
SIM3
SIM4
1
21
22
SIM5
SIM1
SIM2
SIM3
SIM4
1
21
22
SIM5
SIM1
SIM2
SIM3
SIM4
1
21
22
SIM5
SIM1
SIM2
SIM3
SIM4
1
21
22
SIM5
SIM1
SIM2
SIM3
SIM4
1
21
22
SIM5
SIM1
SIM2
SIM3
SIM4
1
21
22
SIM5
SIM1
SIM2
SIM3
SIM4
1
21
22
SIM5
SIM1
SIM2
SIM3
SIM4
1
21
22
SIM5
SIM1
SIM2
SIM3
SIM4
1
21
22
SIM5
SIM1
SIM2
SIM3
SIM4
1
21
22
SIM5
SIM1
SIM2
SIM3
SIM4
1
21
22
SIM5
SIM1
SIM2
SIM3
SIM4
1
21
22
SIM5
SIM1
SIM2
SIM3
SIM4
1
21
22
SIM5
SIM1
SIM2
SIM3
SIM4
1
21
22
SIM5
SIM1
SIM2
SIM3
SIM4
1
21
22
SIM5
SIM1
SIM2
SIM3
SIM4
1
21
22
SIM5
SIM1
SIM2
SIM3
SIM4
1
21
22
SIM5
SIM1
SIM2
SIM3
SIM4
1
21
22
SIM5
SIM1
SIM2
SIM3
SIM4
1
21
22
SIM5
SIM1
SIM2
SIM3
SIM4
1
21
22
SIM5
SIM1
SIM2
SIM3
SIM4
1
21
22
SIM5
SIM1
SIM2
SIM3
SIM4
1
21
22
SIM5
SIM1
SIM2
SIM3
SIM4
1
21
22
SIM5
SIM1
SIM2
SIM3
SIM4
1
21
22
SIM5
SIM1
SIM2
SIM3
SIM4
1
21
22
SIM5
SIM1
SIM2
SIM3
SIM4
1
21
22
SIM5
SIM1
SIM2
SIM3
SIM4
1
21
22
SIM5
SIM1
SIM2
SIM3
SIM4
1
21
22
SIM5
SIM1
SIM2
SIM3
SIM4
1
21
22
SIM5
SIM1
SIM2
SIM3
SIM4
1
21
22
SIM5
SIM1
SIM2
SIM3
SIM4
1
21
22
SIM5
SIM1
SIM2
SIM3
SIM4
1
21
22
SIM5
SIM1
SIM2
SIM3
SIM4
1
21
22
SIM5
SIM1
SIM2
SIM3
SIM4
1
21
22
SIM5
SIM1
SIM2
SIM3
SIM4
1
21
22
SIM5
SIM1
SIM2
SIM3
SIM4
1
21
22
SIM5
SIM1
SIM2
SIM3
SIM4
1
21
22
SIM5
SIM1
SIM2
SIM3
SIM4
1
21
22
SIM5
SIM1
SIM2
SIM3
SIM4
1
21
22
SIM5
SIM1
SIM2
SIM3
SIM4
1
21
22
SIM5
SIM1
SIM2
SIM3
SIM4
1
21
22
SIM5
SIM1
SIM2
SIM3
SIM4
1
21
22
SIM5
SIM1
SIM2
SIM3
SIM4
1
21
22
SIM5
SIM1
SIM2
SIM3
SIM4
1
21
22
SIM5
SIM1
SIM2
SIM3
SIM4
1
21
22
SIM5
SIM1
SIM2
SIM3
SIM4
1
21
22
SIM5
SIM1
SIM2
SIM3
SIM4
1
21
22
SIM5
SIM1
SIM2
SIM3
SIM4
1
21
22
SIM5
SIM1
SIM2
SIM3
SIM4
1
21
22
SIM5
SIM1
SIM2
SIM3
SIM4
1
21
22
SIM5
SIM1
SIM2
SIM3
SIM4
1
21
22
SIM5
SIM1
SIM2
SIM3
SIM4
1
21
22
SIM5
SIM1
SIM2
SIM3
SIM4
1
21
22
SIM5
SIM1
SIM2
SIM3
SIM4
1
21
22
SIM5
SIM1
SIM2
SIM3
SIM4
1
21
22
SIM5
SIM1
SIM2
SIM3
SIM4
1
21
22
SIM5
SIM1
SIM2
SIM3
SIM4
1
21
22
SIM5
SIM1
SIM2
SIM3
SIM4
1
21
22
SIM5
SIM1
SIM2
SIM3
SIM4
1
21
22
SIM5
SIM1
SIM2
SIM3
SIM4
1
21
22
SIM5
SIM1
SIM2
SIM3
SIM4
1
21
22
SIM5
SIM1
SIM2
SIM3
SIM4
1
21
22
SIM5
SIM1
SIM2
SIM3
SIM4
1
21
22
SIM5
SIM1
SIM2
SIM3
SIM4
1
21
22
SIM5
SIM1
SIM2
SIM3
SIM4
1
21
22
SIM5
SIM1
SIM2
SIM3
SIM4
1
21
22
SIM5
SIM1
SIM2
SIM3
SIM4
1
21
22
SIM5
SIM1
SIM2
SIM3
SIM4
1
21
22
SIM5
SIM1
SIM2
SIM3
SIM4
1
21
22
SIM5
SIM1
SIM2
SIM3
SIM4
1
21
22
SIM5
SIM1
SIM2
SIM3
SIM4
1
21
22
SIM5
SIM1
SIM2
SIM3
SIM4
1
21
22
SIM5
SIM1
SIM2
SIM3
SIM4
1
21
22
SIM5
SIM1
SIM2
SIM3
SIM4
1
21
22
SIM5
SIM1
SIM2
SIM3
SIM4
1
21
22
SIM5
SIM1
SIM2
SIM3
SIM4
1
21
22
SIM5
SIM1
SIM2
SIM3
SIM4
1
21
22
SIM5
SIM1
SIM2
SIM3
SIM4
1
21
22
SIM5
SIM1
SIM2
SIM3
SIM4
1
21
22
SIM5
SIM1
SIM2
SIM3
SIM4
1
21
22
SIM5
SIM1
SIM2
SIM3
SIM4
1
21
22
SIM5
SIM1
SIM2
SIM3
SIM4
1
21
22
SIM5
SIM1
SIM2
SIM3
SIM4
1
21
22
SIM5
SIM1
SIM2
SIM3
SIM4
1
21
22
SIM5
SIM1
SIM2
SIM3
SIM4
1
21
22
SIM5
SIM1
SIM2
SIM3
SIM4
1
21
22
SIM5
SIM1
SIM2
SIM3
SIM4
1
21
22
SIM5
SIM1
SIM2
SIM3
SIM4
1
21
22
SIM5
SIM1
SIM2
SIM3
SIM4
1
21
22
SIM5
SIM1
SIM2
SIM3
SIM4
1
21
22
SIM5
SIM1
SIM2
SIM3
SIM4
1
21
22
SIM5
SIM1
SIM2
SIM3
SIM4
1
21
22
SIM5
SIM1
SIM2
SIM3
SIM4
1
21
22
SIM5
SIM1
SIM2
SIM3
SIM4
1
21
22
SIM5
SIM1
SIM2
SIM3
SIM4
1
21
22
SIM5
SIM1
SIM2
SIM3
SIM4
1
21
22
SIM5
SIM1
SIM2
SIM3
SIM4
1
21
22
SIM5
SIM1
SIM2
SIM3
SIM4
1
21
22
SIM5
SIM1
SIM2
SIM3
SIM4
1
21
22
SIM5
SIM1
SIM2
SIM3
SIM4
1
21
22
SIM5
SIM1
SIM2
SIM3
SIM4
1
21
22
SIM5
SIM1
SIM2
SIM3
SIM4
1
21
22
SIM5
SIM1
SIM2
SIM3
SIM4
1
21
22
SIM5
SIM1
SIM2
SIM3
SIM4
1
21
22
SIM5
SIM1
SIM2
SIM3
SIM4
1
21
22
SIM5
SIM1
SIM2
SIM3
SIM4
1
21
22
SIM5
SIM1
SIM2
SIM3
SIM4
1
21
22
SIM5
SIM1
SIM2
SIM3
SIM4
1
21
22
SIM5
SIM1
SIM2
SIM3
SIM4
1
21
22
SIM5
SIM1
SIM2
SIM3
SIM4
1
21
22
SIM5
SIM1
SIM2
SIM3
SIM4
1
21
22
SIM5
SIM1
SIM2
SIM3
SIM4
1
21
22
SIM5
SIM1
SIM2
SIM3
SIM4
1
21
22
SIM5
SIM1
SIM2
SIM3
SIM4
1
21
22
SIM5
SIM1
SIM2
SIM3
SIM4
1
21
22
SIM5
SIM1
SIM2
SIM3
SIM4
1
21
22
SIM5
SIM1
SIM2
SIM3
SIM4
1
21
22
SIM5
SIM1
SIM2
SIM3
SIM4
1
21
22
SIM5
SIM1
SIM2
SIM3
SIM4
1
21
22
SIM5
SIM1
SIM2
SIM3
SIM4
1
21
22
SIM5
SIM1
SIM2
SIM3
SIM4
1
21
22
SIM5
SIM1
SIM2
SIM3
SIM4
1
21
22
SIM5
SIM1
SIM2
SIM3
SIM4
1
21
22
SIM5
SIM1
SIM2
SIM3
SIM4
1
21
22
SIM5
SIM1
SIM2
SIM3
SIM4
1
21
22
SIM5
SIM1
SIM2
SIM3
SIM4
1
21
22
SIM5
SIM1
SIM2
SIM3
SIM4
1
21
22
SIM5
SIM1
SIM2
SIM3
SIM4
1
21
22
SIM5
SIM1
SIM2
SIM3
SIM4
1
21
22
SIM5
SIM1
SIM2
SIM3
SIM4
1
21
22
SIM5
SIM1
SIM2
SIM3
SIM4
1
21
22
SIM5
SIM1
SIM2
SIM3
SIM4
1
21
22
SIM5
SIM1
SIM2
SIM3
SIM4
1
21
22
SIM5
SIM1
SIM2
SIM3
SIM4
1
21
22
SIM5
SIM1
SIM2
SIM3
SIM4
1
21
22
SIM5
SIM1
SIM2
SIM3
SIM4
1
21
22
SIM5
SIM1
SIM2
SIM3
SIM4
1
21
22
SIM5
SIM1
SIM2
SIM3
SIM4
1
21
22
SIM5
SIM1
SIM2
SIM3
SIM4
1
21
22
SIM5
SIM1
SIM2
SIM3
SIM4
1
21
22
SIM5
SIM1
SIM2
SIM3
SIM4
1
21
22
SIM5
SIM1
SIM2
SIM3
SIM4
1
21
22
SIM5
SIM1
SIM2
SIM3
SIM4
1
21
22
SIM5
SIM1
SIM2
SIM3
SIM4
1
21
22
SIM5
SIM1
SIM2
SIM3
SIM4
1
21
22
SIM5
SIM1
SIM2
SIM3
SIM4
1
21
22
SIM5
SIM1
SIM2
SIM3
SIM4
1
21
22
SIM5
SIM1
SIM2
SIM3
SIM4
1
21
22
SIM5
SIM1
SIM2
SIM3
SIM4
1
21
22
SIM5
SIM1
SIM2
SIM3
SIM4
1
21
22
SIM5
SIM1
SIM2
SIM3
SIM4
1
21
22
SIM5
SIM1
SIM2
SIM3
SIM4
1
21
22
SIM5
SIM1
SIM2
SIM3
SIM4
1
21
22
SIM5
SIM1
SIM2
SIM3
SIM4
1
21
22
SIM5
SIM1
SIM2
SIM3
SIM4
1
21
22
SIM5
SIM1
SIM2
SIM3
SIM4
1
21
22
SIM5
SIM1
SIM2
SIM3
SIM4
1
21
22
SIM5
SIM1
SIM2
SIM3
SIM4
1
21
22
SIM5
SIM1
SIM2
SIM3
SIM4
1
21
22
SIM5
SIM1
SIM2
SIM3
SIM4
1
21
22
SIM5
SIM1
SIM2
SIM3
SIM4
1
21
22
SIM5
SIM1
SIM2
SIM3
SIM4
1
21
22
SIM5
SIM1
SIM2
SIM3
SIM4
1
21
22
SIM5
SIM1
SIM2
SIM3
SIM4
1
21
22
SIM5
SIM1
SIM2
SIM3
SIM4
1
21
22
SIM5
SIM1
SIM2
SIM3
SIM4
1
21
22
SIM5
SIM1
SIM2
SIM3
SIM4
1
21
22
SIM5
SIM1
SIM2
SIM3
SIM4
1
21
22
SIM5
SIM1
SIM2
SIM3
SIM4
1
21
22
SIM5
SIM1
SIM2
SIM3
SIM4
1
21
22
SIM5
SIM1
SIM2
SIM3
SIM4
1
21
22
SIM5
SIM1
SIM2
SIM3
SIM4
1
21
22
SIM5
SIM1
SIM2
SIM3
SIM4
1
21
22
SIM5
SIM1
SIM2
SIM3
SIM4
1
21
22
SIM5
SIM1
SIM2
SIM3
SIM4
1
21
22
SIM5
SIM1
SIM2
SIM3
SIM4
1
21
22
SIM5
SIM1
SIM2
SIM3
SIM4
1
21
22
SIM5
SIM1
SIM2
SIM3
SIM4
1
21
22
SIM5
SIM1
SIM2
SIM3
SIM4
1
21
22
SIM5
SIM1
SIM2
SIM3
SIM4
1
21
22
SIM5
SIM1
SIM2
DEBUG 1 272
SIM1
SIM2
SIM3
SIM4
1
21
22
SIM5
SIM1
SIM2
SIM3
SIM4
1
21
22
SIM5
SIM1
SIM2
SIM3
SIM4
1
21
22
SIM5
SIM1
SIM2
SIM3
SIM4
1
21
22
SIM5
SIM1
SIM2
SIM3
SIM4
1
21
22
SIM5
SIM1
SIM2
SIM3
SIM4
1
21
22
SIM5
SIM1
SIM2
SIM3
SIM4
1
21
22
SIM5
SIM1
SIM2
SIM3
SIM4
1
21
22
SIM5
SIM1
SIM2
SIM3
SIM4
1
21
22
SIM5
SIM1
SIM2
SIM3
SIM4
1
21
22
SIM5
SIM1
SIM2
SIM3
SIM4
1
21
22
SIM5
SIM1
SIM2
SIM3
SIM4
1
21
22
SIM5
SIM1
SIM2
SIM3
SIM4
1
21
22
SIM5
SIM1
SIM2
SIM3
SIM4
1
21
22
SIM5
SIM1
SIM2
SIM3
SIM4
1
21
22
SIM5
SIM1
SIM2
SIM3
SIM4
1
21
22
SIM5
SIM1
SIM2
SIM3
SIM4
1
21
22
SIM5
SIM1
SIM2
SIM3
SIM4
1
21
22
SIM5
SIM1
SIM2
SIM3
SIM4
1
21
22
SIM5
SIM1
SIM2
SIM3
SIM4
1
21
22
SIM5
SIM1
SIM2
SIM3
SIM4
1
21
22
SIM5
SIM1
SIM2
SIM3
SIM4
1
21
22
SIM5
SIM1
SIM2
SIM3
SIM4
1
21
22
SIM5
SIM1
SIM2
SIM3
SIM4
1
21
22
SIM5
SIM1
SIM2
SIM3
SIM4
1
21
22
SIM5
SIM1
SIM2
SIM3
SIM4
1
21
22
SIM5
SIM1
SIM2
SIM3
SIM4
1
21
22
SIM5
SIM1
SIM2
SIM3
SIM4
1
21
22
SIM5
SIM1
SIM2
SIM3
SIM4
1
21
22
SIM5
SIM1
SIM2
SIM3
SIM4
1
21
22
SIM5
SIM1
SIM2
SIM3
SIM4
1
21
22
SIM5
SIM1
SIM2
SIM3
SIM4
1
21
22
SIM5
SIM1
SIM2
SIM3
SIM4
1
21
22
SIM5
SIM1
SIM2
SIM3
SIM4
1
21
22
SIM5
SIM1
SIM2
SIM3
SIM4
1
21
22
SIM5
SIM1
SIM2
SIM3
SIM4
1
21
22
SIM5
SIM1
SIM2
SIM3
SIM4
1
21
22
SIM5
SIM1
SIM2
SIM3
SIM4
1
21
22
SIM5
SIM1
SIM2
SIM3
SIM4
1
21
22
SIM5
SIM1
SIM2
SIM3
SIM4
1
21
22
SIM5
SIM1
SIM2
SIM3
SIM4
1
21
22
SIM5
SIM1
SIM2
SIM3
SIM4
1
21
22
SIM5
SIM1
SIM2
SIM3
SIM4
1
21
22
SIM5
SIM1
SIM2
SIM3
SIM4
1
21
22
SIM5
SIM1
SIM2
SIM3
SIM4
1
21
22
SIM5
SIM1
SIM2
SIM3
SIM4
1
21
22
SIM5
SIM1
SIM2
SIM3
SIM4
1
21
22
SIM5
SIM1
SIM2
SIM3
SIM4
1
21
22
SIM5
SIM1
SIM2
SIM3
SIM4
1
21
22
SIM5
SIM1
SIM2
SIM3
SIM4
1
21
22
SIM5
SIM1
SIM2
SIM3
SIM4
1
21
22
SIM5
SIM1
SIM2
SIM3
SIM4
1
21
22
SIM5
SIM1
SIM2
SIM3
SIM4
1
21
22
SIM5
SIM1
SIM2
SIM3
SIM4
1
21
22
SIM5
SIM1
SIM2
SIM3
SIM4
1
21
22
SIM5
SIM1
SIM2
SIM3
SIM4
1
21
22
SIM5
SIM1
SIM2
SIM3
SIM4
1
21
22
SIM5
SIM1
SIM2
SIM3
SIM4
1
21
22
SIM5
SIM1
SIM2
SIM3
SIM4
1
21
22
SIM5
SIM1
SIM2
SIM3
SIM4
1
21
22
SIM5
SIM1
SIM2
SIM3
SIM4
1
21
22
SIM5
SIM1
SIM2
SIM3
SIM4
1
21
22
SIM5
SIM1
SIM2
SIM3
SIM4
1
21
22
SIM5
SIM1
SIM2
SIM3
SIM4
1
21
22
SIM5
SIM1
SIM2
SIM3
SIM4
1
21
22
SIM5
SIM1
SIM2
SIM3
SIM4
1
21
22
SIM5
SIM1
SIM2
SIM3
SIM4
1
21
22
SIM5
SIM1
SIM2
SIM3
SIM4
1
21
22
SIM5
SIM1
SIM2
SIM3
SIM4
1
21
22
SIM5
SIM1
SIM2
SIM3
SIM4
1
21
22
SIM5
SIM1
SIM2
SIM3
SIM4
1
21
22
SIM5
SIM1
SIM2
SIM3
SIM4
1
21
22
SIM5
SIM1
SIM2
SIM3
SIM4
1
21
22
SIM5
SIM1
SIM2
SIM3
SIM4
1
21
22
SIM5
SIM1
SIM2
SIM3
SIM4
1
21
22
SIM5
SIM1
SIM2
SIM3
SIM4
1
21
22
SIM5
SIM1
SIM2
SIM3
SIM4
1
21
22
SIM5
SIM1
SIM2
SIM3
SIM4
1
21
22
SIM5
SIM1
SIM2
SIM3
SIM4
1
21
22
SIM5
SIM1
SIM2
SIM3
SIM4
1
21
22
SIM5
SIM1
SIM2
SIM3
SIM4
1
21
22
SIM5
SIM1
SIM2
SIM3
SIM4
1
21
22
SIM5
SIM1
SIM2
SIM3
SIM4
1
21
22
SIM5
SIM1
SIM2
SIM3
SIM4
1
21
22
SIM5
SIM1
SIM2
SIM3
SIM4
1
21
22
SIM5
SIM1
SIM2
SIM3
SIM4
1
21
22
SIM5
SIM1
SIM2
SIM3
SIM4
1
21
22
SIM5
SIM1
SIM2
SIM3
SIM4
1
21
22
SIM5
SIM1
SIM2
SIM3
SIM4
1
21
22
SIM5
SIM1
SIM2
SIM3
SIM4
1
21
22
SIM5
SIM1
SIM2
SIM3
SIM4
1
21
22
SIM5
SIM1
SIM2
SIM3
SIM4
1
21
22
SIM5
SIM1
SIM2
SIM3
SIM4
1
21
22
SIM5
SIM1
SIM2
SIM3
SIM4
1
21
22
SIM5
SIM1
SIM2
SIM3
SIM4
1
21
22
SIM5
SIM1
SIM2
SIM3
SIM4
1
21
22
SIM5
SIM1
SIM2
SIM3
SIM4
1
21
22
SIM5
SIM1
SIM2
SIM3
SIM4
1
21
22
SIM5
SIM1
SIM2
SIM3
SIM4
1
21
22
SIM5
SIM1
SIM2
SIM3
SIM4
1
21
22
SIM5
SIM1
SIM2
SIM3
SIM4
1
21
22
SIM5
SIM1
SIM2
SIM3
SIM4
1
21
22
SIM5
SIM1
SIM2
SIM3
SIM4
1
21
22
SIM5
SIM1
SIM2
SIM3
SIM4
1
21
22
SIM5
SIM1
SIM2
SIM3
SIM4
1
21
22
SIM5
SIM1
SIM2
SIM3
SIM4
1
21
22
SIM5
SIM1
SIM2
SIM3
SIM4
1
21
22
SIM5
SIM1
SIM2
SIM3
SIM4
1
21
22
SIM5
SIM1
SIM2
SIM3
SIM4
1
21
22
SIM5
SIM1
SIM2
SIM3
SIM4
1
21
22
SIM5
SIM1
SIM2
SIM3
SIM4
1
21
22
SIM5
SIM1
SIM2
SIM3
SIM4
1
21
22
SIM5
SIM1
SIM2
SIM3
SIM4
1
21
22
SIM5
SIM1
SIM2
SIM3
SIM4
1
21
22
SIM5
SIM1
SIM2
SIM3
SIM4
1
21
22
SIM5
SIM1
SIM2
SIM3
SIM4
1
21
22
SIM5
SIM1
SIM2
SIM3
SIM4
1
21
22
SIM5
SIM1
SIM2
SIM3
SIM4
1
21
22
SIM5
SIM1
SIM2
SIM3
SIM4
1
21
22
SIM5
SIM1
SIM2
SIM3
SIM4
1
21
22
SIM5
SIM1
SIM2
SIM3
SIM4
1
21
22
SIM5
SIM1
SIM2
SIM3
SIM4
1
21
22
SIM5
SIM1
SIM2
SIM3
SIM4
1
21
22
SIM5
SIM1
SIM2
SIM3
SIM4
1
21
22
SIM5
SIM1
SIM2
SIM3
SIM4
1
21
22
SIM5
SIM1
SIM2
SIM3
SIM4
1
21
22
SIM5
SIM1
SIM2
SIM3
SIM4
1
21
22
SIM5
SIM1
SIM2
SIM3
SIM4
1
21
22
SIM5
SIM1
SIM2
SIM3
SIM4
1
21
22
SIM5
SIM1
SIM2
SIM3
SIM4
1
21
22
SIM5
SIM1
SIM2
SIM3
SIM4
1
21
22
SIM5
SIM1
SIM2
SIM3
SIM4
1
21
22
SIM5
SIM1
SIM2
SIM3
SIM4
1
21
22
SIM5
SIM1
SIM2
SIM3
SIM4
1
21
22
SIM5
SIM1
SIM2
SIM3
SIM4
1
21
22
SIM5
SIM1
SIM2
SIM3
SIM4
1
21
22
SIM5
SIM1
SIM2
SIM3
SIM4
1
21
22
SIM5
SIM1
SIM2
SIM3
SIM4
1
21
22
SIM5
SIM1
SIM2
SIM3
SIM4
1
21
22
SIM5
SIM1
SIM2
SIM3
SIM4
1
21
22
SIM5
SIM1
SIM2
SIM3
SIM4
1
21
22
SIM5
SIM1
SIM2
SIM3
SIM4
1
21
22
SIM5
SIM1
SIM2
SIM3
SIM4
1
21
22
SIM5
SIM1
SIM2
SIM3
SIM4
1
21
22
SIM5
SIM1
SIM2
SIM3
SIM4
1
21
22
SIM5
SIM1
SIM2
SIM3
SIM4
1
21
22
SIM5
SIM1
SIM2
SIM3
SIM4
1
21
22
SIM5
SIM1
SIM2
SIM3
SIM4
1
21
22
SIM5
SIM1
SIM2
SIM3
SIM4
1
21
22
SIM5
SIM1
SIM2
SIM3
SIM4
1
21
22
SIM5
SIM1
SIM2
SIM3
SIM4
1
21
22
SIM5
SIM1
SIM2
SIM3
SIM4
1
21
22
SIM5
SIM1
SIM2
SIM3
SIM4
1
21
22
SIM5
SIM1
SIM2
SIM3
SIM4
1
21
22
SIM5
SIM1
SIM2
SIM3
SIM4
1
21
22
SIM5
SIM1
SIM2
SIM3
SIM4
1
21
22
SIM5
SIM1
SIM2
SIM3
SIM4
1
21
22
SIM5
SIM1
SIM2
SIM3
SIM4
1
21
22
SIM5
SIM1
SIM2
SIM3
SIM4
1
21
22
SIM5
SIM1
SIM2
SIM3
SIM4
1
21
22
SIM5
SIM1
SIM2
SIM3
SIM4
1
21
22
SIM5
SIM1
SIM2
SIM3
SIM4
1
21
22
SIM5
SIM1
SIM2
SIM3
SIM4
1
21
22
SIM5
SIM1
SIM2
SIM3
SIM4
1
21
22
SIM5
SIM1
SIM2
SIM3
SIM4
1
21
22
SIM5
SIM1
SIM2
SIM3
SIM4
1
21
22
SIM5
SIM1
SIM2
SIM3
SIM4
1
21
22
SIM5
SIM1
SIM2
SIM3
SIM4
1
21
22
SIM5
SIM1
SIM2
SIM3
SIM4
1
21
22
SIM5
SIM1
SIM2
SIM3
SIM4
1
21
22
SIM5
SIM1
SIM2
SIM3
SIM4
1
21
22
SIM5
SIM1
SIM2
SIM3
SIM4
1
21
22
SIM5
SIM1
SIM2
SIM3
SIM4
1
21
22
SIM5
SIM1
SIM2
SIM3
SIM4
1
21
22
SIM5
SIM1
SIM2
SIM3
SIM4
1
21
22
SIM5
SIM1
SIM2
SIM3
SIM4
1
21
22
SIM5
SIM1
SIM2
SIM3
SIM4
1
21
22
SIM5
SIM1
SIM2
SIM3
SIM4
1
21
22
SIM5
SIM1
SIM2
SIM3
SIM4
1
21
22
SIM5
SIM1
SIM2
SIM3
SIM4
1
21
22
SIM5
SIM1
SIM2
SIM3
SIM4
1
21
22
SIM5
SIM1
SIM2
SIM3
SIM4
1
21
22
SIM5
SIM1
SIM2
SIM3
SIM4
1
21
22
SIM5
SIM1
SIM2
SIM3
SIM4
1
21
22
SIM5
SIM1
SIM2
SIM3
SIM4
1
21
22
SIM5
SIM1
SIM2
SIM3
SIM4
1
21
22
SIM5
SIM1
SIM2
SIM3
SIM4
1
21
22
SIM5
SIM1
SIM2
SIM3
SIM4
1
21
22
SIM5
SIM1
SIM2
SIM3
SIM4
1
21
22
SIM5
SIM1
SIM2
SIM3
SIM4
1
21
22
SIM5
SIM1
SIM2
SIM3
SIM4
1
21
22
SIM5
SIM1
SIM2
SIM3
SIM4
1
21
22
SIM5
SIM1
SIM2
SIM3
SIM4
1
21
22
SIM5
SIM1
SIM2
SIM3
SIM4
1
21
22
SIM5
SIM1
SIM2
SIM3
SIM4
1
21
22
SIM5
SIM1
SIM2
SIM3
SIM4
1
21
22
SIM5
SIM1
SIM2
SIM3
SIM4
1
21
22
SIM5
SIM1
SIM2
SIM3
SIM4
1
21
22
SIM5
SIM1
SIM2
SIM3
SIM4
1
21
22
SIM5
SIM1
SIM2
SIM3
SIM4
1
21
22
SIM5
SIM1
SIM2
SIM3
SIM4
1
21
22
SIM5
SIM1
SIM2
SIM3
SIM4
1
21
22
SIM5
SIM1
SIM2
SIM3
SIM4
1
21
22
SIM5
SIM1
SIM2
SIM3
SIM4
1
21
22
SIM5
SIM1
SIM2
SIM3
SIM4
1
21
22
SIM5
SIM1
SIM2
SIM3
SIM4
1
21
22
SIM5
SIM1
SIM2
SIM3
SIM4
1
21
22
SIM5
SIM1
SIM2
SIM3
SIM4
1
21
22
SIM5
SIM1
SIM2
SIM3
SIM4
1
21
22
SIM5
SIM1
SIM2
SIM3
SIM4
1
21
22
SIM5
SIM1
SIM2
SIM3
SIM4
1
21
22
SIM5
SIM1
SIM2
SIM3
SIM4
1
21
22
SIM5
SIM1
SIM2
SIM3
SIM4
1
21
22
SIM5
SIM1
SIM2
SIM3
SIM4
1
21
22
SIM5
SIM1
SIM2
SIM3
SIM4
1
21
22
SIM5
SIM1
SIM2
SIM3
SIM4
1
21
22
SIM5
SIM1
SIM2
SIM3
SIM4
1
21
22
SIM5
SIM1
SIM2
SIM3
SIM4
1
21
22
SIM5
SIM1
SIM2
SIM3
SIM4
1
21
22
SIM5
SIM1
SIM2
SIM3
SIM4
1
21
22
SIM5
SIM1
SIM2
SIM3
SIM4
1
21
22
SIM5
SIM1
SIM2
SIM3
SIM4
1
21
22
SIM5
SIM1
SIM2
SIM3
SIM4
1
21
22
SIM5
SIM1
SIM2
SIM3
SIM4
1
21
22
SIM5
SIM1
SIM2
SIM3
SIM4
1
21
22
SIM5
SIM1
SIM2
SIM3
SIM4
1
21
22
SIM5
SIM1
SIM2
SIM3
SIM4
1
21
22
SIM5
SIM1
SIM2
SIM3
SIM4
1
21
22
SIM5
SIM1
SIM2
SIM3
SIM4
1
21
22
SIM5
SIM1
SIM2
SIM3
SIM4
1
21
22
SIM5
SIM1
SIM2
SIM3
SIM4
1
21
22
SIM5
SIM1
SIM2
SIM3
SIM4
1
21
22
SIM5
SIM1
SIM2
SIM3
SIM4
1
21
22
SIM5
SIM1
SIM2
SIM3
SIM4
1
21
22
SIM5
SIM1
SIM2
SIM3
SIM4
1
21
22
SIM5
SIM1
SIM2
SIM3
SIM4
1
21
22
SIM5
SIM1
SIM2
SIM3
SIM4
1
21
22
SIM5
SIM1
SIM2
SIM3
SIM4
1
21
22
SIM5
SIM1
SIM2
SIM3
SIM4
1
21
22
SIM5
SIM1
SIM2
SIM3
SIM4
1
21
22
SIM5
SIM1
SIM2
SIM3
SIM4
1
21
22
SIM5
SIM1
SIM2
SIM3
SIM4
1
21
22
SIM5
SIM1
SIM2
SIM3
SIM4
1
21
22
SIM5
SIM1
SIM2
SIM3
SIM4
1
21
22
SIM5
SIM1
SIM2
SIM3
SIM4
1
21
22
SIM5
SIM1
SIM2
SIM3
SIM4
1
21
22
SIM5
SIM1
SIM2
SIM3
SIM4
1
21
22
SIM5
SIM1
SIM2
SIM3
SIM4
1
21
22
SIM5
SIM1
SIM2
SIM3
SIM4
1
21
22
SIM5
SIM1
SIM2
SIM3
SIM4
1
21
22
SIM5
SIM1
SIM2
SIM3
SIM4
1
21
22
SIM5
SIM1
SIM2
SIM3
SIM4
1
21
22
SIM5
SIM1
SIM2
SIM3
SIM4
1
21
22
SIM5
SIM1
SIM2
SIM3
SIM4
1
21
22
SIM5
SIM1
SIM2
SIM3
SIM4
1
21
22
SIM5
SIM1
SIM2
SIM3
SIM4
1
21
22
SIM5
SIM1
SIM2
SIM3
SIM4
1
21
22
SIM5
SIM1
SIM2
SIM3
SIM4
1
21
22
SIM5
SIM1
SIM2
SIM3
SIM4
1
21
22
SIM5
SIM1
SIM2
SIM3
SIM4
1
21
22
SIM5
SIM1
SIM2
SIM3
SIM4
1
21
22
SIM5
SIM1
SIM2
SIM3
SIM4
1
21
22
SIM5
SIM1
SIM2
SIM3
SIM4
1
21
22
SIM5
SIM1
SIM2
SIM3
SIM4
1
21
22
SIM5
SIM1
SIM2
SIM3
SIM4
1
21
22
SIM5
SIM1
SIM2
SIM3
SIM4
1
21
22
SIM5
SIM1
SIM2
SIM3
SIM4
1
21
22
SIM5
SIM1
SIM2
SIM3
SIM4
1
21
22
SIM5
SIM1
SIM2
SIM3
SIM4
1
21
22
SIM5
SIM1
SIM2
SIM3
SIM4
1
21
22
SIM5
SIM1
SIM2
SIM3
SIM4
1
21
22
SIM5
SIM1
SIM2
SIM3
SIM4
1
21
22
SIM5
SIM1
SIM2
SIM3
SIM4
1
21
22
SIM5
SIM1
SIM2
SIM3
SIM4
1
21
22
SIM5
SIM1
SIM2
SIM3
SIM4
1
21
22
SIM5
SIM1
SIM2
SIM3
SIM4
1
21
22
SIM5
SIM1
SIM2
SIM3
SIM4
1
21
22
SIM5
SIM1
SIM2
SIM3
SIM4
1
21
22
SIM5
SIM1
SIM2
SIM3
SIM4
1
21
22
SIM5
SIM1
SIM2
SIM3
SIM4
1
21
22
SIM5
SIM1
SIM2
SIM3
SIM4
1
21
22
SIM5
SIM1
SIM2
SIM3
SIM4
1
21
22
SIM5
SIM1
SIM2
SIM3
SIM4
1
21
22
SIM5
SIM1
SIM2
SIM3
SIM4
1
21
22
SIM5
SIM1
SIM2
SIM3
SIM4
1
21
22
SIM5
SIM1
SIM2
SIM3
SIM4
1
21
22
SIM5
SIM1
SIM2
SIM3
SIM4
1
21
22
SIM5
SIM1
SIM2
SIM3
SIM4
1
21
22
SIM5
SIM1
SIM2
SIM3
SIM4
1
21
22
SIM5
SIM1
SIM2
SIM3
SIM4
1
21
22
SIM5
SIM1
SIM2
SIM3
SIM4
1
21
22
SIM5
SIM1
SIM2
SIM3
SIM4
1
21
22
SIM5
SIM1
SIM2
SIM3
SIM4
1
21
22
SIM5
SIM1
SIM2
SIM3
SIM4
1
21
22
SIM5
SIM1
SIM2
SIM3
SIM4
1
21
22
SIM5
SIM1
SIM2
SIM3
SIM4
1
21
22
SIM5
SIM1
SIM2
SIM3
SIM4
1
21
22
SIM5
SIM1
SIM2
SIM3
SIM4
1
21
22
SIM5
SIM1
SIM2
SIM3
SIM4
1
21
22
SIM5
SIM1
SIM2
SIM3
SIM4
1
21
22
SIM5
SIM1
SIM2
SIM3
SIM4
1
21
22
SIM5
SIM1
SIM2
SIM3
SIM4
1
21
22
SIM5
SIM1
SIM2
SIM3
SIM4
1
21
22
SIM5
SIM1
SIM2
SIM3
SIM4
1
21
22
SIM5
SIM1
SIM2
SIM3
SIM4
1
21
22
SIM5
SIM1
SIM2
SIM3
SIM4
1
21
22
SIM5
SIM1
SIM2
SIM3
SIM4
1
21
22
SIM5
SIM1
SIM2
SIM3
SIM4
1
21
22
SIM5
SIM1
SIM2
SIM3
SIM4
1
21
22
SIM5
SIM1
SIM2
SIM3
SIM4
1
21
22
SIM5
SIM1
SIM2
SIM3
SIM4
1
21
22
SIM5
SIM1
SIM2
SIM3
SIM4
1
21
22
SIM5
SIM1
SIM2
SIM3
SIM4
1
21
22
SIM5
SIM1
SIM2
DEBUG 1 273
SIM1
SIM2
SIM3
SIM4
1
21
22
SIM5
SIM1
SIM2
SIM3
SIM4
1
21
22
SIM5
SIM1
SIM2
SIM3
SIM4
1
21
22
SIM5
SIM1
SIM2
SIM3
SIM4
1
21
22
SIM5
SIM1
SIM2
SIM3
SIM4
1
21
22
SIM5
SIM1
SIM2
SIM3
SIM4
1
21
22
SIM5
SIM1
SIM2
SIM3
SIM4
1
21
22
SIM5
SIM1
SIM2
SIM3
SIM4
1
21
22
SIM5
SIM1
SIM2
SIM3
SIM4
1
21
22
SIM5
SIM1
SIM2
SIM3
SIM4
1
21
22
SIM5
SIM1
SIM2
SIM3
SIM4
1
21
22
SIM5
SIM1
SIM2
SIM3
SIM4
1
21
22
SIM5
SIM1
SIM2
SIM3
SIM4
1
21
22
SIM5
SIM1
SIM2
SIM3
SIM4
1
21
22
SIM5
SIM1
SIM2
SIM3
SIM4
1
21
22
SIM5
SIM1
SIM2
SIM3
SIM4
1
21
22
SIM5
SIM1
SIM2
SIM3
SIM4
1
21
22
SIM5
SIM1
SIM2
SIM3
SIM4
1
21
22
SIM5
SIM1
SIM2
SIM3
SIM4
1
21
22
SIM5
SIM1
SIM2
SIM3
SIM4
1
21
22
SIM5
SIM1
SIM2
SIM3
SIM4
1
21
22
SIM5
SIM1
SIM2
SIM3
SIM4
1
21
22
SIM5
SIM1
SIM2
SIM3
SIM4
1
21
22
SIM5
SIM1
SIM2
SIM3
SIM4
1
21
22
SIM5
SIM1
SIM2
SIM3
SIM4
1
21
22
SIM5
SIM1
SIM2
SIM3
SIM4
1
21
22
SIM5
SIM1
SIM2
SIM3
SIM4
1
21
22
SIM5
SIM1
SIM2
SIM3
SIM4
1
21
22
SIM5
SIM1
SIM2
SIM3
SIM4
1
21
22
SIM5
SIM1
SIM2
SIM3
SIM4
1
21
22
SIM5
SIM1
SIM2
SIM3
SIM4
1
21
22
SIM5
SIM1
SIM2
SIM3
SIM4
1
21
22
SIM5
SIM1
SIM2
SIM3
SIM4
1
21
22
SIM5
SIM1
SIM2
SIM3
SIM4
1
21
22
SIM5
SIM1
SIM2
SIM3
SIM4
1
21
22
SIM5
SIM1
SIM2
SIM3
SIM4
1
21
22
SIM5
SIM1
SIM2
SIM3
SIM4
1
21
22
SIM5
SIM1
SIM2
SIM3
SIM4
1
21
22
SIM5
SIM1
SIM2
SIM3
SIM4
1
21
22
SIM5
SIM1
SIM2
SIM3
SIM4
1
21
22
SIM5
SIM1
SIM2
SIM3
SIM4
1
21
22
SIM5
SIM1
SIM2
SIM3
SIM4
1
21
22
SIM5
SIM1
SIM2
SIM3
SIM4
1
21
22
SIM5
SIM1
SIM2
SIM3
SIM4
1
21
22
SIM5
SIM1
SIM2
SIM3
SIM4
1
21
22
SIM5
SIM1
SIM2
SIM3
SIM4
1
21
22
SIM5
SIM1
SIM2
SIM3
SIM4
1
21
22
SIM5
SIM1
SIM2
SIM3
SIM4
1
21
22
SIM5
SIM1
SIM2
SIM3
SIM4
1
21
22
SIM5
SIM1
SIM2
SIM3
SIM4
1
21
22
SIM5
SIM1
SIM2
SIM3
SIM4
1
21
22
SIM5
SIM1
SIM2
SIM3
SIM4
1
21
22
SIM5
SIM1
SIM2
SIM3
SIM4
1
21
22
SIM5
SIM1
SIM2
SIM3
SIM4
1
21
22
SIM5
SIM1
SIM2
SIM3
SIM4
1
21
22
SIM5
SIM1
SIM2
SIM3
SIM4
1
21
22
SIM5
SIM1
SIM2
SIM3
SIM4
1
21
22
SIM5
SIM1
SIM2
SIM3
SIM4
1
21
22
SIM5
SIM1
SIM2
SIM3
SIM4
1
21
22
SIM5
SIM1
SIM2
SIM3
SIM4
1
21
22
SIM5
SIM1
SIM2
SIM3
SIM4
1
21
22
SIM5
SIM1
SIM2
SIM3
SIM4
1
21
22
SIM5
SIM1
SIM2
SIM3
SIM4
1
21
22
SIM5
SIM1
SIM2
SIM3
SIM4
1
21
22
SIM5
SIM1
SIM2
SIM3
SIM4
1
21
22
SIM5
SIM1
SIM2
SIM3
SIM4
1
21
22
SIM5
SIM1
SIM2
SIM3
SIM4
1
21
22
SIM5
SIM1
SIM2
SIM3
SIM4
1
21
22
SIM5
SIM1
SIM2
SIM3
SIM4
1
21
22
SIM5
SIM1
SIM2
SIM3
SIM4
1
21
22
SIM5
SIM1
SIM2
SIM3
SIM4
1
21
22
SIM5
SIM1
SIM2
SIM3
SIM4
1
21
22
SIM5
SIM1
SIM2
SIM3
SIM4
1
21
22
SIM5
SIM1
SIM2
SIM3
SIM4
1
21
22
SIM5
SIM1
SIM2
SIM3
SIM4
1
21
22
SIM5
SIM1
SIM2
SIM3
SIM4
1
21
22
SIM5
SIM1
SIM2
SIM3
SIM4
1
21
22
SIM5
SIM1
SIM2
SIM3
SIM4
1
21
22
SIM5
SIM1
SIM2
SIM3
SIM4
1
21
22
SIM5
SIM1
SIM2
SIM3
SIM4
1
21
22
SIM5
SIM1
SIM2
SIM3
SIM4
1
21
22
SIM5
SIM1
SIM2
SIM3
SIM4
1
21
22
SIM5
SIM1
SIM2
SIM3
SIM4
1
21
22
SIM5
SIM1
SIM2
SIM3
SIM4
1
21
22
SIM5
SIM1
SIM2
SIM3
SIM4
1
21
22
SIM5
SIM1
SIM2
SIM3
SIM4
1
21
22
SIM5
SIM1
SIM2
SIM3
SIM4
1
21
22
SIM5
SIM1
SIM2
SIM3
SIM4
1
21
22
SIM5
SIM1
SIM2
SIM3
SIM4
1
21
22
SIM5
SIM1
SIM2
SIM3
SIM4
1
21
22
SIM5
SIM1
SIM2
SIM3
SIM4
1
21
22
SIM5
SIM1
SIM2
SIM3
SIM4
1
21
22
SIM5
SIM1
SIM2
SIM3
SIM4
1
21
22
SIM5
SIM1
SIM2
SIM3
SIM4
1
21
22
SIM5
SIM1
SIM2
SIM3
SIM4
1
21
22
SIM5
SIM1
SIM2
SIM3
SIM4
1
21
22
SIM5
SIM1
SIM2
SIM3
SIM4
1
21
22
SIM5
SIM1
SIM2
SIM3
SIM4
1
21
22
SIM5
SIM1
SIM2
SIM3
SIM4
1
21
22
SIM5
SIM1
SIM2
SIM3
SIM4
1
21
22
SIM5
SIM1
SIM2
SIM3
SIM4
1
21
22
SIM5
SIM1
SIM2
SIM3
SIM4
1
21
22
SIM5
SIM1
SIM2
SIM3
SIM4
1
21
22
SIM5
SIM1
SIM2
SIM3
SIM4
1
21
22
SIM5
SIM1
SIM2
SIM3
SIM4
1
21
22
SIM5
SIM1
SIM2
SIM3
SIM4
1
21
22
SIM5
SIM1
SIM2
SIM3
SIM4
1
21
22
SIM5
SIM1
SIM2
SIM3
SIM4
1
21
22
SIM5
SIM1
SIM2
SIM3
SIM4
1
21
22
SIM5
SIM1
SIM2
SIM3
SIM4
1
21
22
SIM5
SIM1
SIM2
SIM3
SIM4
1
21
22
SIM5
SIM1
SIM2
SIM3
SIM4
1
21
22
SIM5
SIM1
SIM2
SIM3
SIM4
1
21
22
SIM5
SIM1
SIM2
SIM3
SIM4
1
21
22
SIM5
SIM1
SIM2
SIM3
SIM4
1
21
22
SIM5
SIM1
SIM2
SIM3
SIM4
1
21
22
SIM5
SIM1
SIM2
SIM3
SIM4
1
21
22
SIM5
SIM1
SIM2
SIM3
SIM4
1
21
22
SIM5
SIM1
SIM2
SIM3
SIM4
1
21
22
SIM5
SIM1
SIM2
SIM3
SIM4
1
21
22
SIM5
SIM1
SIM2
SIM3
SIM4
1
21
22
SIM5
SIM1
SIM2
SIM3
SIM4
1
21
22
SIM5
SIM1
SIM2
SIM3
SIM4
1
21
22
SIM5
SIM1
SIM2
SIM3
SIM4
1
21
22
SIM5
SIM1
SIM2
SIM3
SIM4
1
21
22
SIM5
SIM1
SIM2
SIM3
SIM4
1
21
22
SIM5
SIM1
SIM2
SIM3
SIM4
1
21
22
SIM5
SIM1
SIM2
SIM3
SIM4
1
21
22
SIM5
SIM1
SIM2
SIM3
SIM4
1
21
22
SIM5
SIM1
SIM2
SIM3
SIM4
1
21
22
SIM5
SIM1
SIM2
SIM3
SIM4
1
21
22
SIM5
SIM1
SIM2
SIM3
SIM4
1
21
22
SIM5
SIM1
SIM2
SIM3
SIM4
1
21
22
SIM5
SIM1
SIM2
SIM3
SIM4
1
21
22
SIM5
SIM1
SIM2
SIM3
SIM4
1
21
22
SIM5
SIM1
SIM2
SIM3
SIM4
1
21
22
SIM5
SIM1
SIM2
SIM3
SIM4
1
21
22
SIM5
SIM1
SIM2
SIM3
SIM4
1
21
22
SIM5
SIM1
SIM2
SIM3
SIM4
1
21
22
SIM5
SIM1
SIM2
SIM3
SIM4
1
21
22
SIM5
SIM1
SIM2
SIM3
SIM4
1
21
22
SIM5
SIM1
SIM2
SIM3
SIM4
1
21
22
SIM5
SIM1
SIM2
SIM3
SIM4
1
21
22
SIM5
SIM1
SIM2
SIM3
SIM4
1
21
22
SIM5
SIM1
SIM2
SIM3
SIM4
1
21
22
SIM5
SIM1
SIM2
SIM3
SIM4
1
21
22
SIM5
SIM1
SIM2
SIM3
SIM4
1
21
22
SIM5
SIM1
SIM2
SIM3
SIM4
1
21
22
SIM5
SIM1
SIM2
SIM3
SIM4
1
21
22
SIM5
SIM1
SIM2
SIM3
SIM4
1
21
22
SIM5
SIM1
SIM2
SIM3
SIM4
1
21
22
SIM5
SIM1
SIM2
SIM3
SIM4
1
21
22
SIM5
SIM1
SIM2
SIM3
SIM4
1
21
22
SIM5
SIM1
SIM2
SIM3
SIM4
1
21
22
SIM5
SIM1
SIM2
SIM3
SIM4
1
21
22
SIM5
SIM1
SIM2
SIM3
SIM4
1
21
22
SIM5
SIM1
SIM2
SIM3
SIM4
1
21
22
SIM5
SIM1
SIM2
SIM3
SIM4
1
21
22
SIM5
SIM1
SIM2
SIM3
SIM4
1
21
22
SIM5
SIM1
SIM2
SIM3
SIM4
1
21
22
SIM5
SIM1
SIM2
SIM3
SIM4
1
21
22
SIM5
SIM1
SIM2
SIM3
SIM4
1
21
22
SIM5
SIM1
SIM2
SIM3
SIM4
1
21
22
SIM5
SIM1
SIM2
SIM3
SIM4
1
21
22
SIM5
SIM1
SIM2
SIM3
SIM4
1
21
22
SIM5
SIM1
SIM2
SIM3
SIM4
1
21
22
SIM5
SIM1
SIM2
SIM3
SIM4
1
21
22
SIM5
SIM1
SIM2
SIM3
SIM4
1
21
22
SIM5
SIM1
SIM2
SIM3
SIM4
1
21
22
SIM5
SIM1
SIM2
SIM3
SIM4
1
21
22
SIM5
SIM1
SIM2
SIM3
SIM4
1
21
22
SIM5
SIM1
SIM2
SIM3
SIM4
1
21
22
SIM5
SIM1
SIM2
SIM3
SIM4
1
21
22
SIM5
SIM1
SIM2
SIM3
SIM4
1
21
22
SIM5
SIM1
SIM2
SIM3
SIM4
1
21
22
SIM5
SIM1
SIM2
SIM3
SIM4
1
21
22
SIM5
SIM1
SIM2
DEBUG 1 274
SIM1
SIM2
SIM3
SIM4
1
21
22
SIM5
SIM1
SIM2
SIM3
SIM4
1
21
22
SIM5
SIM1
SIM2
SIM3
SIM4
1
21
22
SIM5
SIM1
SIM2
SIM3
SIM4
1
21
22
SIM5
SIM1
SIM2
SIM3
SIM4
1
21
22
SIM5
SIM1
SIM2
SIM3
SIM4
1
21
22
SIM5
SIM1
SIM2
SIM3
SIM4
1
21
22
SIM5
SIM1
SIM2
SIM3
SIM4
1
21
22
SIM5
SIM1
SIM2
SIM3
SIM4
1
21
22
SIM5
SIM1
SIM2
SIM3
SIM4
1
21
22
SIM5
SIM1
SIM2
SIM3
SIM4
1
21
22
SIM5
SIM1
SIM2
SIM3
SIM4
1
21
22
SIM5
SIM1
SIM2
SIM3
SIM4
1
21
22
SIM5
SIM1
SIM2
SIM3
SIM4
1
21
22
SIM5
SIM1
SIM2
SIM3
SIM4
1
21
22
SIM5
SIM1
SIM2
SIM3
SIM4
1
21
22
SIM5
SIM1
SIM2
SIM3
SIM4
1
21
22
SIM5
SIM1
SIM2
SIM3
SIM4
1
21
22
SIM5
SIM1
SIM2
SIM3
SIM4
1
21
22
SIM5
SIM1
SIM2
SIM3
SIM4
1
21
22
SIM5
SIM1
SIM2
SIM3
SIM4
1
21
22
SIM5
SIM1
SIM2
SIM3
SIM4
1
21
22
SIM5
SIM1
SIM2
SIM3
SIM4
1
21
22
SIM5
SIM1
SIM2
SIM3
SIM4
1
21
22
SIM5
SIM1
SIM2
SIM3
SIM4
1
21
22
SIM5
SIM1
SIM2
SIM3
SIM4
1
21
22
SIM5
SIM1
SIM2
SIM3
SIM4
1
21
22
SIM5
SIM1
SIM2
SIM3
SIM4
1
21
22
SIM5
SIM1
SIM2
SIM3
SIM4
1
21
22
SIM5
SIM1
SIM2
SIM3
SIM4
1
21
22
SIM5
SIM1
SIM2
SIM3
SIM4
1
21
22
SIM5
SIM1
SIM2
SIM3
SIM4
1
21
22
SIM5
SIM1
SIM2
SIM3
SIM4
1
21
22
SIM5
SIM1
SIM2
SIM3
SIM4
1
21
22
SIM5
SIM1
SIM2
SIM3
SIM4
1
21
22
SIM5
SIM1
SIM2
SIM3
SIM4
1
21
22
SIM5
SIM1
SIM2
SIM3
SIM4
1
21
22
SIM5
SIM1
SIM2
SIM3
SIM4
1
21
22
SIM5
SIM1
SIM2
SIM3
SIM4
1
21
22
SIM5
SIM1
SIM2
SIM3
SIM4
1
21
22
SIM5
SIM1
SIM2
SIM3
SIM4
1
21
22
SIM5
SIM1
SIM2
SIM3
SIM4
1
21
22
SIM5
SIM1
SIM2
SIM3
SIM4
1
21
22
SIM5
SIM1
SIM2
SIM3
SIM4
1
21
22
SIM5
SIM1
SIM2
SIM3
SIM4
1
21
22
SIM5
SIM1
SIM2
SIM3
SIM4
1
21
22
SIM5
SIM1
SIM2
SIM3
SIM4
1
21
22
SIM5
SIM1
SIM2
SIM3
SIM4
1
21
22
SIM5
SIM1
SIM2
SIM3
SIM4
1
21
22
SIM5
SIM1
SIM2
SIM3
SIM4
1
21
22
SIM5
SIM1
SIM2
SIM3
SIM4
1
21
22
SIM5
SIM1
SIM2
SIM3
SIM4
1
21
22
SIM5
SIM1
SIM2
SIM3
SIM4
1
21
22
SIM5
SIM1
SIM2
SIM3
SIM4
1
21
22
SIM5
SIM1
SIM2
SIM3
SIM4
1
21
22
SIM5
SIM1
SIM2
SIM3
SIM4
1
21
22
SIM5
SIM1
SIM2
SIM3
SIM4
1
21
22
SIM5
SIM1
SIM2
SIM3
SIM4
1
21
22
SIM5
SIM1
SIM2
SIM3
SIM4
1
21
22
SIM5
SIM1
SIM2
SIM3
SIM4
1
21
22
SIM5
SIM1
SIM2
SIM3
SIM4
1
21
22
SIM5
SIM1
SIM2
SIM3
SIM4
1
21
22
SIM5
SIM1
SIM2
SIM3
SIM4
1
21
22
SIM5
SIM1
SIM2
SIM3
SIM4
1
21
22
SIM5
SIM1
SIM2
SIM3
SIM4
1
21
22
SIM5
SIM1
SIM2
SIM3
SIM4
1
21
22
SIM5
SIM1
SIM2
SIM3
SIM4
1
21
22
SIM5
SIM1
SIM2
SIM3
SIM4
1
21
22
SIM5
SIM1
SIM2
SIM3
SIM4
1
21
22
SIM5
SIM1
SIM2
SIM3
SIM4
1
21
22
SIM5
SIM1
SIM2
SIM3
SIM4
1
21
22
SIM5
SIM1
SIM2
SIM3
SIM4
1
21
22
SIM5
SIM1
SIM2
SIM3
SIM4
1
21
22
SIM5
SIM1
SIM2
SIM3
SIM4
1
21
22
SIM5
SIM1
SIM2
SIM3
SIM4
1
21
22
SIM5
SIM1
SIM2
SIM3
SIM4
1
21
22
SIM5
SIM1
SIM2
SIM3
SIM4
1
21
22
SIM5
SIM1
SIM2
SIM3
SIM4
1
21
22
SIM5
SIM1
SIM2
SIM3
SIM4
1
21
22
SIM5
SIM1
SIM2
SIM3
SIM4
1
21
22
SIM5
SIM1
SIM2
SIM3
SIM4
1
21
22
SIM5
SIM1
SIM2
SIM3
SIM4
1
21
22
SIM5
SIM1
SIM2
SIM3
SIM4
1
21
22
SIM5
SIM1
SIM2
SIM3
SIM4
1
21
22
SIM5
SIM1
SIM2
SIM3
SIM4
1
21
22
SIM5
SIM1
SIM2
SIM3
SIM4
1
21
22
SIM5
SIM1
SIM2
SIM3
SIM4
1
21
22
SIM5
SIM1
SIM2
SIM3
SIM4
1
21
22
SIM5
SIM1
SIM2
SIM3
SIM4
1
21
22
SIM5
SIM1
SIM2
SIM3
SIM4
1
21
22
SIM5
SIM1
SIM2
SIM3
SIM4
1
21
22
SIM5
SIM1
SIM2
SIM3
SIM4
1
21
22
SIM5
SIM1
SIM2
SIM3
SIM4
1
21
22
SIM5
SIM1
SIM2
SIM3
SIM4
1
21
22
SIM5
SIM1
SIM2
SIM3
SIM4
1
21
22
SIM5
SIM1
SIM2
SIM3
SIM4
1
21
22
SIM5
SIM1
SIM2
SIM3
SIM4
1
21
22
SIM5
SIM1
SIM2
SIM3
SIM4
1
21
22
SIM5
SIM1
SIM2
SIM3
SIM4
1
21
22
SIM5
SIM1
SIM2
SIM3
SIM4
1
21
22
SIM5
SIM1
SIM2
SIM3
SIM4
1
21
22
SIM5
SIM1
SIM2
SIM3
SIM4
1
21
22
SIM5
SIM1
SIM2
SIM3
SIM4
1
21
22
SIM5
SIM1
SIM2
SIM3
SIM4
1
21
22
SIM5
SIM1
SIM2
SIM3
SIM4
1
21
22
SIM5
SIM1
SIM2
SIM3
SIM4
1
21
22
SIM5
SIM1
SIM2
SIM3
SIM4
1
21
22
SIM5
SIM1
SIM2
SIM3
SIM4
1
21
22
SIM5
SIM1
SIM2
SIM3
SIM4
1
21
22
SIM5
SIM1
SIM2
SIM3
SIM4
1
21
22
SIM5
SIM1
SIM2
SIM3
SIM4
1
21
22
SIM5
SIM1
SIM2
SIM3
SIM4
1
21
22
SIM5
SIM1
SIM2
SIM3
SIM4
1
21
22
SIM5
SIM1
SIM2
SIM3
SIM4
1
21
22
SIM5
SIM1
SIM2
SIM3
SIM4
1
21
22
SIM5
SIM1
SIM2
SIM3
SIM4
1
21
22
SIM5
SIM1
SIM2
SIM3
SIM4
1
21
22
SIM5
SIM1
SIM2
SIM3
SIM4
1
21
22
SIM5
SIM1
SIM2
SIM3
SIM4
1
21
22
SIM5
SIM1
SIM2
SIM3
SIM4
1
21
22
SIM5
SIM1
SIM2
SIM3
SIM4
1
21
22
SIM5
SIM1
SIM2
SIM3
SIM4
1
21
22
SIM5
SIM1
SIM2
SIM3
SIM4
1
21
22
SIM5
SIM1
SIM2
SIM3
SIM4
1
21
22
SIM5
SIM1
SIM2
SIM3
SIM4
1
21
22
SIM5
SIM1
SIM2
SIM3
SIM4
1
21
22
SIM5
SIM1
SIM2
SIM3
SIM4
1
21
22
SIM5
SIM1
SIM2
SIM3
SIM4
1
21
22
SIM5
SIM1
SIM2
DEBUG 1 275
SIM1
SIM2
SIM3
SIM4
1
21
22
SIM5
SIM1
SIM2
SIM3
SIM4
1
21
22
SIM5
SIM1
SIM2
SIM3
SIM4
1
21
22
SIM5
SIM1
SIM2
SIM3
SIM4
1
21
22
SIM5
SIM1
SIM2
SIM3
SIM4
1
21
22
SIM5
SIM1
SIM2
SIM3
SIM4
1
21
22
SIM5
SIM1
SIM2
SIM3
SIM4
1
21
22
SIM5
SIM1
SIM2
SIM3
SIM4
1
21
22
SIM5
SIM1
SIM2
SIM3
SIM4
1
21
22
SIM5
SIM1
SIM2
SIM3
SIM4
1
21
22
SIM5
SIM1
SIM2
SIM3
SIM4
1
21
22
SIM5
SIM1
SIM2
SIM3
SIM4
1
21
22
SIM5
SIM1
SIM2
SIM3
SIM4
1
21
22
SIM5
SIM1
SIM2
SIM3
SIM4
1
21
22
SIM5
SIM1
SIM2
SIM3
SIM4
1
21
22
SIM5
SIM1
SIM2
SIM3
SIM4
1
21
22
SIM5
SIM1
SIM2
SIM3
SIM4
1
21
22
SIM5
SIM1
SIM2
SIM3
SIM4
1
21
22
SIM5
SIM1
SIM2
SIM3
SIM4
1
21
22
SIM5
SIM1
SIM2
SIM3
SIM4
1
21
22
SIM5
SIM1
SIM2
SIM3
SIM4
1
21
22
SIM5
SIM1
SIM2
SIM3
SIM4
1
21
22
SIM5
SIM1
SIM2
SIM3
SIM4
1
21
22
SIM5
SIM1
SIM2
SIM3
SIM4
1
21
22
SIM5
SIM1
SIM2
SIM3
SIM4
1
21
22
SIM5
SIM1
SIM2
SIM3
SIM4
1
21
22
SIM5
SIM1
SIM2
SIM3
SIM4
1
21
22
SIM5
SIM1
SIM2
SIM3
SIM4
1
21
22
SIM5
SIM1
SIM2
SIM3
SIM4
1
21
22
SIM5
SIM1
SIM2
SIM3
SIM4
1
21
22
SIM5
SIM1
SIM2
SIM3
SIM4
1
21
22
SIM5
SIM1
SIM2
SIM3
SIM4
1
21
22
SIM5
SIM1
SIM2
SIM3
SIM4
1
21
22
SIM5
SIM1
SIM2
SIM3
SIM4
1
21
22
SIM5
SIM1
SIM2
SIM3
SIM4
1
21
22
SIM5
SIM1
SIM2
SIM3
SIM4
1
21
22
SIM5
SIM1
SIM2
SIM3
SIM4
1
21
22
SIM5
SIM1
SIM2
SIM3
SIM4
1
21
22
SIM5
SIM1
SIM2
SIM3
SIM4
1
21
22
SIM5
SIM1
SIM2
SIM3
SIM4
1
21
22
SIM5
SIM1
SIM2
SIM3
SIM4
1
21
22
SIM5
SIM1
SIM2
SIM3
SIM4
1
21
22
SIM5
SIM1
SIM2
SIM3
SIM4
1
21
22
SIM5
SIM1
SIM2
SIM3
SIM4
1
21
22
SIM5
SIM1
SIM2
SIM3
SIM4
1
21
22
SIM5
SIM1
SIM2
SIM3
SIM4
1
21
22
SIM5
SIM1
SIM2
SIM3
SIM4
1
21
22
SIM5
SIM1
SIM2
SIM3
SIM4
1
21
22
SIM5
SIM1
SIM2
SIM3
SIM4
1
21
22
SIM5
SIM1
SIM2
SIM3
SIM4
1
21
22
SIM5
SIM1
SIM2
SIM3
SIM4
1
21
22
SIM5
SIM1
SIM2
SIM3
SIM4
1
21
22
SIM5
SIM1
SIM2
SIM3
SIM4
1
21
22
SIM5
SIM1
SIM2
SIM3
SIM4
1
21
22
SIM5
SIM1
SIM2
SIM3
SIM4
1
21
22
SIM5
SIM1
SIM2
SIM3
SIM4
1
21
22
SIM5
SIM1
SIM2
SIM3
SIM4
1
21
22
SIM5
SIM1
SIM2
SIM3
SIM4
1
21
22
SIM5
SIM1
SIM2
SIM3
SIM4
1
21
22
SIM5
SIM1
SIM2
SIM3
SIM4
1
21
22
SIM5
SIM1
SIM2
SIM3
SIM4
1
21
22
SIM5
SIM1
SIM2
SIM3
SIM4
1
21
22
SIM5
SIM1
SIM2
SIM3
SIM4
1
21
22
SIM5
SIM1
SIM2
SIM3
SIM4
1
21
22
SIM5
SIM1
SIM2
SIM3
SIM4
1
21
22
SIM5
SIM1
SIM2
SIM3
SIM4
1
21
22
SIM5
SIM1
SIM2
SIM3
SIM4
1
21
22
SIM5
SIM1
SIM2
SIM3
SIM4
1
21
22
SIM5
SIM1
SIM2
SIM3
SIM4
1
21
22
SIM5
SIM1
SIM2
SIM3
SIM4
1
21
22
SIM5
SIM1
SIM2
SIM3
SIM4
1
21
22
SIM5
SIM1
SIM2
SIM3
SIM4
1
21
22
SIM5
SIM1
SIM2
SIM3
SIM4
1
21
22
SIM5
SIM1
SIM2
SIM3
SIM4
1
21
22
SIM5
SIM1
SIM2
SIM3
SIM4
1
21
22
SIM5
SIM1
SIM2
SIM3
SIM4
1
21
22
SIM5
SIM1
SIM2
SIM3
SIM4
1
21
22
SIM5
SIM1
SIM2
SIM3
SIM4
1
21
22
SIM5
SIM1
SIM2
SIM3
SIM4
1
21
22
SIM5
SIM1
SIM2
SIM3
SIM4
1
21
22
SIM5
SIM1
SIM2
SIM3
SIM4
1
21
22
SIM5
SIM1
SIM2
SIM3
SIM4
1
21
22
SIM5
SIM1
SIM2
SIM3
SIM4
1
21
22
SIM5
SIM1
SIM2
SIM3
SIM4
1
21
22
SIM5
SIM1
SIM2
SIM3
SIM4
1
21
22
SIM5
SIM1
SIM2
SIM3
SIM4
1
21
22
SIM5
SIM1
SIM2
SIM3
SIM4
1
21
22
SIM5
SIM1
SIM2
SIM3
SIM4
1
21
22
SIM5
SIM1
SIM2
SIM3
SIM4
1
21
22
SIM5
SIM1
SIM2
SIM3
SIM4
1
21
22
SIM5
SIM1
SIM2
SIM3
SIM4
1
21
22
SIM5
SIM1
SIM2
SIM3
SIM4
1
21
22
SIM5
SIM1
SIM2
SIM3
SIM4
1
21
22
SIM5
SIM1
SIM2
SIM3
SIM4
1
21
22
SIM5
SIM1
SIM2
SIM3
SIM4
1
21
22
SIM5
SIM1
SIM2
SIM3
SIM4
1
21
22
SIM5
SIM1
SIM2
SIM3
SIM4
1
21
22
SIM5
SIM1
SIM2
SIM3
SIM4
1
21
22
SIM5
SIM1
SIM2
SIM3
SIM4
1
21
22
SIM5
SIM1
SIM2
SIM3
SIM4
1
21
22
SIM5
SIM1
SIM2
SIM3
SIM4
1
21
22
SIM5
SIM1
SIM2
SIM3
SIM4
1
21
22
SIM5
SIM1
SIM2
SIM3
SIM4
1
21
22
SIM5
SIM1
SIM2
SIM3
SIM4
1
21
22
SIM5
SIM1
SIM2
SIM3
SIM4
1
21
22
SIM5
SIM1
SIM2
SIM3
SIM4
1
21
22
SIM5
SIM1
SIM2
SIM3
SIM4
1
21
22
SIM5
SIM1
SIM2
SIM3
SIM4
1
21
22
SIM5
SIM1
SIM2
SIM3
SIM4
1
21
22
SIM5
SIM1
SIM2
SIM3
SIM4
1
21
22
SIM5
SIM1
SIM2
SIM3
SIM4
1
21
22
SIM5
SIM1
SIM2
SIM3
SIM4
1
21
22
SIM5
SIM1
SIM2
SIM3
SIM4
1
21
22
SIM5
SIM1
SIM2
SIM3
SIM4
1
21
22
SIM5
SIM1
SIM2
SIM3
SIM4
1
21
22
SIM5
SIM1
SIM2
SIM3
SIM4
1
21
22
SIM5
SIM1
SIM2
SIM3
SIM4
1
21
22
SIM5
SIM1
SIM2
SIM3
SIM4
1
21
22
SIM5
SIM1
SIM2
SIM3
SIM4
1
21
22
SIM5
SIM1
SIM2
SIM3
SIM4
1
21
22
SIM5
SIM1
SIM2
SIM3
SIM4
1
21
22
SIM5
SIM1
SIM2
SIM3
SIM4
1
21
22
SIM5
SIM1
SIM2
SIM3
SIM4
1
21
22
SIM5
SIM1
SIM2
SIM3
SIM4
1
21
22
SIM5
SIM1
SIM2
SIM3
SIM4
1
21
22
SIM5
SIM1
SIM2
SIM3
SIM4
1
21
22
SIM5
SIM1
SIM2
SIM3
SIM4
1
21
22
SIM5
SIM1
SIM2
SIM3
SIM4
1
21
22
SIM5
SIM1
SIM2
SIM3
SIM4
1
21
22
SIM5
SIM1
SIM2
SIM3
SIM4
1
21
22
SIM5
SIM1
SIM2
SIM3
SIM4
1
21
22
SIM5
SIM1
SIM2
SIM3
SIM4
1
21
22
SIM5
SIM1
SIM2
SIM3
SIM4
1
21
22
SIM5
SIM1
SIM2
SIM3
SIM4
1
21
22
SIM5
SIM1
SIM2
SIM3
SIM4
1
21
22
SIM5
SIM1
SIM2
SIM3
SIM4
1
21
22
SIM5
SIM1
SIM2
SIM3
SIM4
1
21
22
SIM5
SIM1
SIM2
SIM3
SIM4
1
21
22
SIM5
SIM1
SIM2
SIM3
SIM4
1
21
22
SIM5
SIM1
SIM2
SIM3
SIM4
1
21
22
SIM5
SIM1
SIM2
SIM3
SIM4
1
21
22
SIM5
SIM1
SIM2
SIM3
SIM4
1
21
22
SIM5
SIM1
SIM2
SIM3
SIM4
1
21
22
SIM5
SIM1
SIM2
SIM3
SIM4
1
21
22
SIM5
SIM1
SIM2
SIM3
SIM4
1
21
22
SIM5
SIM1
SIM2
SIM3
SIM4
1
21
22
SIM5
SIM1
SIM2
SIM3
SIM4
1
21
22
SIM5
SIM1
SIM2
SIM3
SIM4
1
21
22
SIM5
SIM1
SIM2
SIM3
SIM4
1
21
22
SIM5
SIM1
SIM2
SIM3
SIM4
1
21
22
SIM5
SIM1
SIM2
SIM3
SIM4
1
21
22
SIM5
SIM1
SIM2
SIM3
SIM4
1
21
22
SIM5
SIM1
SIM2
SIM3
SIM4
1
21
22
SIM5
SIM1
SIM2
SIM3
SIM4
1
21
22
SIM5
SIM1
SIM2
SIM3
SIM4
1
21
22
SIM5
SIM1
SIM2
SIM3
SIM4
1
21
22
SIM5
SIM1
SIM2
SIM3
SIM4
1
21
22
SIM5
SIM1
SIM2
SIM3
SIM4
1
21
22
SIM5
SIM1
SIM2
SIM3
SIM4
1
21
22
SIM5
SIM1
SIM2
SIM3
SIM4
1
21
22
SIM5
SIM1
SIM2
SIM3
SIM4
1
21
22
SIM5
SIM1
SIM2
SIM3
SIM4
1
21
22
SIM5
SIM1
SIM2
SIM3
SIM4
1
21
22
SIM5
SIM1
SIM2
SIM3
SIM4
1
21
22
SIM5
SIM1
SIM2
SIM3
SIM4
1
21
22
SIM5
SIM1
SIM2
SIM3
SIM4
1
21
22
SIM5
SIM1
SIM2
SIM3
SIM4
1
21
22
SIM5
SIM1
SIM2
SIM3
SIM4
1
21
22
SIM5
SIM1
SIM2
SIM3
SIM4
1
21
22
SIM5
SIM1
SIM2
SIM3
SIM4
1
21
22
SIM5
SIM1
SIM2
SIM3
SIM4
1
21
22
SIM5
SIM1
SIM2
SIM3
SIM4
1
21
22
SIM5
SIM1
SIM2
SIM3
SIM4
1
21
22
SIM5
SIM1
SIM2
SIM3
SIM4
1
21
22
SIM5
SIM1
SIM2
SIM3
SIM4
1
21
22
SIM5
SIM1
SIM2
SIM3
SIM4
1
21
22
SIM5
SIM1
SIM2
SIM3
SIM4
1
21
22
SIM5
SIM1
SIM2
SIM3
SIM4
1
21
22
SIM5
SIM1
SIM2
SIM3
SIM4
1
21
22
SIM5
SIM1
SIM2
SIM3
SIM4
1
21
22
SIM5
SIM1
SIM2
SIM3
SIM4
1
21
22
SIM5
SIM1
SIM2
SIM3
SIM4
1
21
22
SIM5
SIM1
SIM2
SIM3
SIM4
1
21
22
SIM5
SIM1
SIM2
SIM3
SIM4
1
21
22
SIM5
SIM1
SIM2
SIM3
SIM4
1
21
22
SIM5
SIM1
SIM2
SIM3
SIM4
1
21
22
SIM5
SIM1
SIM2
SIM3
SIM4
1
21
22
SIM5
SIM1
SIM2
SIM3
SIM4
1
21
22
SIM5
SIM1
SIM2
SIM3
SIM4
1
21
22
SIM5
SIM1
SIM2
SIM3
SIM4
1
21
22
SIM5
SIM1
SIM2
SIM3
SIM4
1
21
22
SIM5
SIM1
SIM2
SIM3
SIM4
1
21
22
SIM5
SIM1
SIM2
SIM3
SIM4
1
21
22
SIM5
SIM1
SIM2
SIM3
SIM4
1
21
22
SIM5
SIM1
SIM2
SIM3
SIM4
1
21
22
SIM5
SIM1
SIM2
SIM3
SIM4
1
21
22
SIM5
SIM1
SIM2
SIM3
SIM4
1
21
22
SIM5
SIM1
SIM2
SIM3
SIM4
1
21
22
SIM5
SIM1
SIM2
SIM3
SIM4
1
21
22
SIM5
SIM1
SIM2
SIM3
SIM4
1
21
22
SIM5
SIM1
SIM2
SIM3
SIM4
1
21
22
SIM5
SIM1
SIM2
SIM3
SIM4
1
21
22
SIM5
SIM1
SIM2
SIM3
SIM4
1
21
22
SIM5
SIM1
SIM2
SIM3
SIM4
1
21
22
SIM5
SIM1
SIM2
SIM3
SIM4
1
21
22
SIM5
SIM1
SIM2
SIM3
SIM4
1
21
22
SIM5
SIM1
SIM2
SIM3
SIM4
1
21
22
SIM5
SIM1
SIM2
SIM3
SIM4
1
21
22
SIM5
SIM1
SIM2
SIM3
SIM4
1
21
22
SIM5
SIM1
SIM2
SIM3
SIM4
1
21
22
SIM5
SIM1
SIM2
SIM3
SIM4
1
21
22
SIM5
SIM1
SIM2
SIM3
SIM4
1
21
22
SIM5
SIM1
SIM2
SIM3
SIM4
1
21
22
SIM5
SIM1
SIM2
SIM3
SIM4
1
21
22
SIM5
SIM1
SIM2
SIM3
SIM4
1
21
22
SIM5
SIM1
SIM2
SIM3
SIM4
1
21
22
SIM5
SIM1
SIM2
SIM3
SIM4
1
21
22
SIM5
SIM1
SIM2
SIM3
SIM4
1
21
22
SIM5
SIM1
SIM2
SIM3
SIM4
1
21
22
SIM5
SIM1
SIM2
DEBUG 1 276
SIM1
SIM2
SIM3
SIM4
1
21
22
SIM5
SIM1
SIM2
SIM3
SIM4
1
21
22
SIM5
SIM1
SIM2
SIM3
SIM4
1
21
22
SIM5
SIM1
SIM2
SIM3
SIM4
1
21
22
SIM5
SIM1
SIM2
SIM3
SIM4
1
21
22
SIM5
SIM1
SIM2
SIM3
SIM4
1
21
22
SIM5
SIM1
SIM2
SIM3
SIM4
1
21
22
SIM5
SIM1
SIM2
SIM3
SIM4
1
21
22
SIM5
SIM1
SIM2
SIM3
SIM4
1
21
22
SIM5
SIM1
SIM2
SIM3
SIM4
1
21
22
SIM5
SIM1
SIM2
SIM3
SIM4
1
21
22
SIM5
SIM1
SIM2
SIM3
SIM4
1
21
22
SIM5
SIM1
SIM2
SIM3
SIM4
1
21
22
SIM5
SIM1
SIM2
SIM3
SIM4
1
21
22
SIM5
SIM1
SIM2
SIM3
SIM4
1
21
22
SIM5
SIM1
SIM2
SIM3
SIM4
1
21
22
SIM5
SIM1
SIM2
SIM3
SIM4
1
21
22
SIM5
SIM1
SIM2
SIM3
SIM4
1
21
22
SIM5
SIM1
SIM2
SIM3
SIM4
1
21
22
SIM5
SIM1
SIM2
SIM3
SIM4
1
21
22
SIM5
SIM1
SIM2
SIM3
SIM4
1
21
22
SIM5
SIM1
SIM2
SIM3
SIM4
1
21
22
SIM5
SIM1
SIM2
SIM3
SIM4
1
21
22
SIM5
SIM1
SIM2
SIM3
SIM4
1
21
22
SIM5
SIM1
SIM2
SIM3
SIM4
1
21
22
SIM5
SIM1
SIM2
SIM3
SIM4
1
21
22
SIM5
SIM1
SIM2
SIM3
SIM4
1
21
22
SIM5
SIM1
SIM2
SIM3
SIM4
1
21
22
SIM5
SIM1
SIM2
SIM3
SIM4
1
21
22
SIM5
SIM1
SIM2
SIM3
SIM4
1
21
22
SIM5
SIM1
SIM2
SIM3
SIM4
1
21
22
SIM5
SIM1
SIM2
SIM3
SIM4
1
21
22
SIM5
SIM1
SIM2
SIM3
SIM4
1
21
22
SIM5
SIM1
SIM2
SIM3
SIM4
1
21
22
SIM5
SIM1
SIM2
SIM3
SIM4
1
21
22
SIM5
SIM1
SIM2
SIM3
SIM4
1
21
22
SIM5
SIM1
SIM2
SIM3
SIM4
1
21
22
SIM5
SIM1
SIM2
SIM3
SIM4
1
21
22
SIM5
SIM1
SIM2
SIM3
SIM4
1
21
22
SIM5
SIM1
SIM2
SIM3
SIM4
1
21
22
SIM5
SIM1
SIM2
SIM3
SIM4
1
21
22
SIM5
SIM1
SIM2
SIM3
SIM4
1
21
22
SIM5
SIM1
SIM2
SIM3
SIM4
1
21
22
SIM5
SIM1
SIM2
SIM3
SIM4
1
21
22
SIM5
SIM1
SIM2
SIM3
SIM4
1
21
22
SIM5
SIM1
SIM2
SIM3
SIM4
1
21
22
SIM5
SIM1
SIM2
SIM3
SIM4
1
21
22
SIM5
SIM1
SIM2
SIM3
SIM4
1
21
22
SIM5
SIM1
SIM2
SIM3
SIM4
1
21
22
SIM5
SIM1
SIM2
SIM3
SIM4
1
21
22
SIM5
SIM1
SIM2
SIM3
SIM4
1
21
22
SIM5
SIM1
SIM2
SIM3
SIM4
1
21
22
SIM5
SIM1
SIM2
SIM3
SIM4
1
21
22
SIM5
SIM1
SIM2
SIM3
SIM4
1
21
22
SIM5
SIM1
SIM2
SIM3
SIM4
1
21
22
SIM5
SIM1
SIM2
SIM3
SIM4
1
21
22
SIM5
SIM1
SIM2
SIM3
SIM4
1
21
22
SIM5
SIM1
SIM2
SIM3
SIM4
1
21
22
SIM5
SIM1
SIM2
SIM3
SIM4
1
21
22
SIM5
SIM1
SIM2
SIM3
SIM4
1
21
22
SIM5
SIM1
SIM2
SIM3
SIM4
1
21
22
SIM5
SIM1
SIM2
SIM3
SIM4
1
21
22
SIM5
SIM1
SIM2
SIM3
SIM4
1
21
22
SIM5
SIM1
SIM2
SIM3
SIM4
1
21
22
SIM5
SIM1
SIM2
SIM3
SIM4
1
21
22
SIM5
SIM1
SIM2
SIM3
SIM4
1
21
22
SIM5
SIM1
SIM2
SIM3
SIM4
1
21
22
SIM5
SIM1
SIM2
SIM3
SIM4
1
21
22
SIM5
SIM1
SIM2
SIM3
SIM4
1
21
22
SIM5
SIM1
SIM2
SIM3
SIM4
1
21
22
SIM5
SIM1
SIM2
SIM3
SIM4
1
21
22
SIM5
SIM1
SIM2
SIM3
SIM4
1
21
22
SIM5
SIM1
SIM2
SIM3
SIM4
1
21
22
SIM5
SIM1
SIM2
SIM3
SIM4
1
21
22
SIM5
SIM1
SIM2
SIM3
SIM4
1
21
22
SIM5
SIM1
SIM2
SIM3
SIM4
1
21
22
SIM5
SIM1
SIM2
SIM3
SIM4
1
21
22
SIM5
SIM1
SIM2
SIM3
SIM4
1
21
22
SIM5
SIM1
SIM2
SIM3
SIM4
1
21
22
SIM5
SIM1
SIM2
SIM3
SIM4
1
21
22
SIM5
SIM1
SIM2
SIM3
SIM4
1
21
22
SIM5
SIM1
SIM2
SIM3
SIM4
1
21
22
SIM5
SIM1
SIM2
SIM3
SIM4
1
21
22
SIM5
SIM1
SIM2
SIM3
SIM4
1
21
22
SIM5
SIM1
SIM2
SIM3
SIM4
1
21
22
SIM5
SIM1
SIM2
SIM3
SIM4
1
21
22
SIM5
SIM1
SIM2
SIM3
SIM4
1
21
22
SIM5
SIM1
SIM2
SIM3
SIM4
1
21
22
SIM5
SIM1
SIM2
SIM3
SIM4
1
21
22
SIM5
SIM1
SIM2
SIM3
SIM4
1
21
22
SIM5
SIM1
SIM2
SIM3
SIM4
1
21
22
SIM5
SIM1
SIM2
SIM3
SIM4
1
21
22
SIM5
SIM1
SIM2
SIM3
SIM4
1
21
22
SIM5
SIM1
SIM2
SIM3
SIM4
1
21
22
SIM5
SIM1
SIM2
SIM3
SIM4
1
21
22
SIM5
SIM1
SIM2
SIM3
SIM4
1
21
22
SIM5
SIM1
SIM2
SIM3
SIM4
1
21
22
SIM5
SIM1
SIM2
SIM3
SIM4
1
21
22
SIM5
SIM1
SIM2
SIM3
SIM4
1
21
22
SIM5
SIM1
SIM2
SIM3
SIM4
1
21
22
SIM5
SIM1
SIM2
SIM3
SIM4
1
21
22
SIM5
SIM1
SIM2
SIM3
SIM4
1
21
22
SIM5
SIM1
SIM2
SIM3
SIM4
1
21
22
SIM5
SIM1
SIM2
SIM3
SIM4
1
21
22
SIM5
SIM1
SIM2
SIM3
SIM4
1
21
22
SIM5
SIM1
SIM2
SIM3
SIM4
1
21
22
SIM5
SIM1
SIM2
SIM3
SIM4
1
21
22
SIM5
SIM1
SIM2
SIM3
SIM4
1
21
22
SIM5
SIM1
SIM2
SIM3
SIM4
1
21
22
SIM5
SIM1
SIM2
SIM3
SIM4
1
21
22
SIM5
SIM1
SIM2
SIM3
SIM4
1
21
22
SIM5
SIM1
SIM2
SIM3
SIM4
1
21
22
SIM5
SIM1
SIM2
SIM3
SIM4
1
21
22
SIM5
SIM1
SIM2
SIM3
SIM4
1
21
22
SIM5
SIM1
SIM2
SIM3
SIM4
1
21
22
SIM5
SIM1
SIM2
SIM3
SIM4
1
21
22
SIM5
SIM1
SIM2
SIM3
SIM4
1
21
22
SIM5
SIM1
SIM2
SIM3
SIM4
1
21
22
SIM5
SIM1
SIM2
SIM3
SIM4
1
21
22
SIM5
SIM1
SIM2
SIM3
SIM4
1
21
22
SIM5
SIM1
SIM2
SIM3
SIM4
1
21
22
SIM5
SIM1
SIM2
SIM3
SIM4
1
21
22
SIM5
SIM1
SIM2
SIM3
SIM4
1
21
22
SIM5
SIM1
SIM2
SIM3
SIM4
1
21
22
SIM5
SIM1
SIM2
SIM3
SIM4
1
21
22
SIM5
SIM1
SIM2
SIM3
SIM4
1
21
22
SIM5
SIM1
SIM2
SIM3
SIM4
1
21
22
SIM5
SIM1
SIM2
SIM3
SIM4
1
21
22
SIM5
SIM1
SIM2
SIM3
SIM4
1
21
22
SIM5
SIM1
SIM2
SIM3
SIM4
1
21
22
SIM5
SIM1
SIM2
SIM3
SIM4
1
21
22
SIM5
SIM1
SIM2
SIM3
SIM4
1
21
22
SIM5
SIM1
SIM2
SIM3
SIM4
1
21
22
SIM5
SIM1
SIM2
SIM3
SIM4
1
21
22
SIM5
SIM1
SIM2
SIM3
SIM4
1
21
22
SIM5
SIM1
SIM2
SIM3
SIM4
1
21
22
SIM5
SIM1
SIM2
SIM3
SIM4
1
21
22
SIM5
SIM1
SIM2
SIM3
SIM4
1
21
22
SIM5
SIM1
SIM2
SIM3
SIM4
1
21
22
SIM5
SIM1
SIM2
SIM3
SIM4
1
21
22
SIM5
SIM1
SIM2
SIM3
SIM4
1
21
22
SIM5
SIM1
SIM2
SIM3
SIM4
1
21
22
SIM5
SIM1
SIM2
SIM3
SIM4
1
21
22
SIM5
SIM1
SIM2
SIM3
SIM4
1
21
22
SIM5
SIM1
SIM2
SIM3
SIM4
1
21
22
SIM5
SIM1
SIM2
SIM3
SIM4
1
21
22
SIM5
SIM1
SIM2
SIM3
SIM4
1
21
22
SIM5
SIM1
SIM2
SIM3
SIM4
1
21
22
SIM5
SIM1
SIM2
SIM3
SIM4
1
21
22
SIM5
SIM1
SIM2
SIM3
SIM4
1
21
22
SIM5
SIM1
SIM2
SIM3
SIM4
1
21
22
SIM5
SIM1
SIM2
SIM3
SIM4
1
21
22
SIM5
SIM1
SIM2
SIM3
SIM4
1
21
22
SIM5
SIM1
SIM2
SIM3
SIM4
1
21
22
SIM5
SIM1
SIM2
SIM3
SIM4
1
21
22
SIM5
SIM1
SIM2
SIM3
SIM4
1
21
22
SIM5
SIM1
SIM2
SIM3
SIM4
1
21
22
SIM5
SIM1
SIM2
SIM3
SIM4
1
21
22
SIM5
SIM1
SIM2
SIM3
SIM4
1
21
22
SIM5
SIM1
SIM2
SIM3
SIM4
1
21
22
SIM5
SIM1
SIM2
SIM3
SIM4
1
21
22
SIM5
SIM1
SIM2
SIM3
SIM4
1
21
22
SIM5
SIM1
SIM2
SIM3
SIM4
1
21
22
SIM5
SIM1
SIM2
SIM3
SIM4
1
21
22
SIM5
SIM1
SIM2
SIM3
SIM4
1
21
22
SIM5
SIM1
SIM2
SIM3
SIM4
1
21
22
SIM5
SIM1
SIM2
SIM3
SIM4
1
21
22
SIM5
SIM1
SIM2
SIM3
SIM4
1
21
22
SIM5
SIM1
SIM2
SIM3
SIM4
1
21
22
SIM5
SIM1
SIM2
SIM3
SIM4
1
21
22
SIM5
SIM1
SIM2
SIM3
SIM4
1
21
22
SIM5
SIM1
SIM2
SIM3
SIM4
1
21
22
SIM5
SIM1
SIM2
SIM3
SIM4
1
21
22
SIM5
SIM1
SIM2
SIM3
SIM4
1
21
22
SIM5
SIM1
SIM2
SIM3
SIM4
1
21
22
SIM5
SIM1
SIM2
SIM3
SIM4
1
21
22
SIM5
SIM1
SIM2
SIM3
SIM4
1
21
22
SIM5
SIM1
SIM2
SIM3
SIM4
1
21
22
SIM5
SIM1
SIM2
SIM3
SIM4
1
21
22
SIM5
SIM1
SIM2
SIM3
SIM4
1
21
22
SIM5
SIM1
SIM2
SIM3
SIM4
1
21
22
SIM5
SIM1
SIM2
SIM3
SIM4
1
21
22
SIM5
SIM1
SIM2
SIM3
SIM4
1
21
22
SIM5
SIM1
SIM2
SIM3
SIM4
1
21
22
SIM5
SIM1
SIM2
SIM3
SIM4
1
21
22
SIM5
SIM1
SIM2
SIM3
SIM4
1
21
22
SIM5
SIM1
SIM2
SIM3
SIM4
1
21
22
SIM5
SIM1
SIM2
SIM3
SIM4
1
21
22
SIM5
SIM1
SIM2
SIM3
SIM4
1
21
22
SIM5
SIM1
SIM2
SIM3
SIM4
1
21
22
SIM5
SIM1
SIM2
SIM3
SIM4
1
21
22
SIM5
SIM1
SIM2
SIM3
SIM4
1
21
22
SIM5
SIM1
SIM2
SIM3
SIM4
1
21
22
SIM5
SIM1
SIM2
SIM3
SIM4
1
21
22
SIM5
SIM1
SIM2
SIM3
SIM4
1
21
22
SIM5
SIM1
SIM2
SIM3
SIM4
1
21
22
SIM5
SIM1
SIM2
SIM3
SIM4
1
21
22
SIM5
SIM1
SIM2
SIM3
SIM4
1
21
22
SIM5
SIM1
SIM2
SIM3
SIM4
1
21
22
SIM5
SIM1
SIM2
SIM3
SIM4
1
21
22
SIM5
SIM1
SIM2
SIM3
SIM4
1
21
22
SIM5
SIM1
SIM2
SIM3
SIM4
1
21
22
SIM5
SIM1
SIM2
SIM3
SIM4
1
21
22
SIM5
SIM1
SIM2
SIM3
SIM4
1
21
22
SIM5
SIM1
SIM2
SIM3
SIM4
1
21
22
SIM5
SIM1
SIM2
SIM3
SIM4
1
21
22
SIM5
SIM1
SIM2
DEBUG 1 277
SIM1
SIM2
SIM3
SIM4
1
21
22
SIM5
SIM1
SIM2
SIM3
SIM4
1
21
22
SIM5
SIM1
SIM2
SIM3
SIM4
1
21
22
SIM5
SIM1
SIM2
SIM3
SIM4
1
21
22
SIM5
SIM1
SIM2
SIM3
SIM4
1
21
22
SIM5
SIM1
SIM2
SIM3
SIM4
1
21
22
SIM5
SIM1
SIM2
SIM3
SIM4
1
21
22
SIM5
SIM1
SIM2
SIM3
SIM4
1
21
22
SIM5
SIM1
SIM2
SIM3
SIM4
1
21
22
SIM5
SIM1
SIM2
SIM3
SIM4
1
21
22
SIM5
SIM1
SIM2
SIM3
SIM4
1
21
22
SIM5
SIM1
SIM2
SIM3
SIM4
1
21
22
SIM5
SIM1
SIM2
SIM3
SIM4
1
21
22
SIM5
SIM1
SIM2
SIM3
SIM4
1
21
22
SIM5
SIM1
SIM2
SIM3
SIM4
1
21
22
SIM5
SIM1
SIM2
SIM3
SIM4
1
21
22
SIM5
SIM1
SIM2
SIM3
SIM4
1
21
22
SIM5
SIM1
SIM2
SIM3
SIM4
1
21
22
SIM5
SIM1
SIM2
SIM3
SIM4
1
21
22
SIM5
SIM1
SIM2
SIM3
SIM4
1
21
22
SIM5
SIM1
SIM2
SIM3
SIM4
1
21
22
SIM5
SIM1
SIM2
SIM3
SIM4
1
21
22
SIM5
SIM1
SIM2
SIM3
SIM4
1
21
22
SIM5
SIM1
SIM2
SIM3
SIM4
1
21
22
SIM5
SIM1
SIM2
SIM3
SIM4
1
21
22
SIM5
SIM1
SIM2
SIM3
SIM4
1
21
22
SIM5
SIM1
SIM2
SIM3
SIM4
1
21
22
SIM5
SIM1
SIM2
SIM3
SIM4
1
21
22
SIM5
SIM1
SIM2
SIM3
SIM4
1
21
22
SIM5
SIM1
SIM2
SIM3
SIM4
1
21
22
SIM5
SIM1
SIM2
SIM3
SIM4
1
21
22
SIM5
SIM1
SIM2
SIM3
SIM4
1
21
22
SIM5
SIM1
SIM2
SIM3
SIM4
1
21
22
SIM5
SIM1
SIM2
SIM3
SIM4
1
21
22
SIM5
SIM1
SIM2
SIM3
SIM4
1
21
22
SIM5
SIM1
SIM2
SIM3
SIM4
1
21
22
SIM5
SIM1
SIM2
SIM3
SIM4
1
21
22
SIM5
SIM1
SIM2
SIM3
SIM4
1
21
22
SIM5
SIM1
SIM2
SIM3
SIM4
1
21
22
SIM5
SIM1
SIM2
SIM3
SIM4
1
21
22
SIM5
SIM1
SIM2
SIM3
SIM4
1
21
22
SIM5
SIM1
SIM2
SIM3
SIM4
1
21
22
SIM5
SIM1
SIM2
SIM3
SIM4
1
21
22
SIM5
SIM1
SIM2
SIM3
SIM4
1
21
22
SIM5
SIM1
SIM2
SIM3
SIM4
1
21
22
SIM5
SIM1
SIM2
SIM3
SIM4
1
21
22
SIM5
SIM1
SIM2
SIM3
SIM4
1
21
22
SIM5
SIM1
SIM2
SIM3
SIM4
1
21
22
SIM5
SIM1
SIM2
SIM3
SIM4
1
21
22
SIM5
SIM1
SIM2
SIM3
SIM4
1
21
22
SIM5
SIM1
SIM2
SIM3
SIM4
1
21
22
SIM5
SIM1
SIM2
SIM3
SIM4
1
21
22
SIM5
SIM1
SIM2
SIM3
SIM4
1
21
22
SIM5
SIM1
SIM2
SIM3
SIM4
1
21
22
SIM5
SIM1
SIM2
SIM3
SIM4
1
21
22
SIM5
SIM1
SIM2
SIM3
SIM4
1
21
22
SIM5
SIM1
SIM2
SIM3
SIM4
1
21
22
SIM5
SIM1
SIM2
SIM3
SIM4
1
21
22
SIM5
SIM1
SIM2
SIM3
SIM4
1
21
22
SIM5
SIM1
SIM2
SIM3
SIM4
1
21
22
SIM5
SIM1
SIM2
SIM3
SIM4
1
21
22
SIM5
SIM1
SIM2
SIM3
SIM4
1
21
22
SIM5
SIM1
SIM2
SIM3
SIM4
1
21
22
SIM5
SIM1
SIM2
SIM3
SIM4
1
21
22
SIM5
SIM1
SIM2
SIM3
SIM4
1
21
22
SIM5
SIM1
SIM2
SIM3
SIM4
1
21
22
SIM5
SIM1
SIM2
SIM3
SIM4
1
21
22
SIM5
SIM1
SIM2
SIM3
SIM4
1
21
22
SIM5
SIM1
SIM2
SIM3
SIM4
1
21
22
SIM5
SIM1
SIM2
SIM3
SIM4
1
21
22
SIM5
SIM1
SIM2
SIM3
SIM4
1
21
22
SIM5
SIM1
SIM2
SIM3
SIM4
1
21
22
SIM5
SIM1
SIM2
SIM3
SIM4
1
21
22
SIM5
SIM1
SIM2
SIM3
SIM4
1
21
22
SIM5
SIM1
SIM2
SIM3
SIM4
1
21
22
SIM5
SIM1
SIM2
SIM3
SIM4
1
21
22
SIM5
SIM1
SIM2
SIM3
SIM4
1
21
22
SIM5
SIM1
SIM2
SIM3
SIM4
1
21
22
SIM5
SIM1
SIM2
SIM3
SIM4
1
21
22
SIM5
SIM1
SIM2
SIM3
SIM4
1
21
22
SIM5
SIM1
SIM2
SIM3
SIM4
1
21
22
SIM5
SIM1
SIM2
SIM3
SIM4
1
21
22
SIM5
SIM1
SIM2
SIM3
SIM4
1
21
22
SIM5
SIM1
SIM2
SIM3
SIM4
1
21
22
SIM5
SIM1
SIM2
SIM3
SIM4
1
21
22
SIM5
SIM1
SIM2
SIM3
SIM4
1
21
22
SIM5
SIM1
SIM2
SIM3
SIM4
1
21
22
SIM5
SIM1
SIM2
SIM3
SIM4
1
21
22
SIM5
SIM1
SIM2
SIM3
SIM4
1
21
22
SIM5
SIM1
SIM2
SIM3
SIM4
1
21
22
SIM5
SIM1
SIM2
SIM3
SIM4
1
21
22
SIM5
SIM1
SIM2
SIM3
SIM4
1
21
22
SIM5
SIM1
SIM2
SIM3
SIM4
1
21
22
SIM5
SIM1
SIM2
SIM3
SIM4
1
21
22
SIM5
SIM1
SIM2
SIM3
SIM4
1
21
22
SIM5
SIM1
SIM2
SIM3
SIM4
1
21
22
SIM5
SIM1
SIM2
SIM3
SIM4
1
21
22
SIM5
SIM1
SIM2
SIM3
SIM4
1
21
22
SIM5
SIM1
SIM2
SIM3
SIM4
1
21
22
SIM5
SIM1
SIM2
SIM3
SIM4
1
21
22
SIM5
SIM1
SIM2
SIM3
SIM4
1
21
22
SIM5
SIM1
SIM2
SIM3
SIM4
1
21
22
SIM5
SIM1
SIM2
SIM3
SIM4
1
21
22
SIM5
SIM1
SIM2
SIM3
SIM4
1
21
22
SIM5
SIM1
SIM2
SIM3
SIM4
1
21
22
SIM5
SIM1
SIM2
SIM3
SIM4
1
21
22
SIM5
SIM1
SIM2
SIM3
SIM4
1
21
22
SIM5
SIM1
SIM2
SIM3
SIM4
1
21
22
SIM5
SIM1
SIM2
SIM3
SIM4
1
21
22
SIM5
SIM1
SIM2
SIM3
SIM4
1
21
22
SIM5
SIM1
SIM2
SIM3
SIM4
1
21
22
SIM5
SIM1
SIM2
SIM3
SIM4
1
21
22
SIM5
SIM1
SIM2
SIM3
SIM4
1
21
22
SIM5
SIM1
SIM2
SIM3
SIM4
1
21
22
SIM5
SIM1
SIM2
SIM3
SIM4
1
21
22
SIM5
SIM1
SIM2
SIM3
SIM4
1
21
22
SIM5
SIM1
SIM2
SIM3
SIM4
1
21
22
SIM5
SIM1
SIM2
SIM3
SIM4
1
21
22
SIM5
SIM1
SIM2
SIM3
SIM4
1
21
22
SIM5
SIM1
SIM2
SIM3
SIM4
1
21
22
SIM5
SIM1
SIM2
SIM3
SIM4
1
21
22
SIM5
SIM1
SIM2
SIM3
SIM4
1
21
22
SIM5
SIM1
SIM2
SIM3
SIM4
1
21
22
SIM5
SIM1
SIM2
SIM3
SIM4
1
21
22
SIM5
SIM1
SIM2
SIM3
SIM4
1
21
22
SIM5
SIM1
SIM2
SIM3
SIM4
1
21
22
SIM5
SIM1
SIM2
SIM3
SIM4
1
21
22
SIM5
SIM1
SIM2
SIM3
SIM4
1
21
22
SIM5
SIM1
SIM2
SIM3
SIM4
1
21
22
SIM5
SIM1
SIM2
SIM3
SIM4
1
21
22
SIM5
SIM1
SIM2
SIM3
SIM4
1
21
22
SIM5
SIM1
SIM2
SIM3
SIM4
1
21
22
SIM5
SIM1
SIM2
SIM3
SIM4
1
21
22
SIM5
SIM1
SIM2
SIM3
SIM4
1
21
22
SIM5
SIM1
SIM2
SIM3
SIM4
1
21
22
SIM5
SIM1
SIM2
SIM3
SIM4
1
21
22
SIM5
SIM1
SIM2
SIM3
SIM4
1
21
22
SIM5
SIM1
SIM2
SIM3
SIM4
1
21
22
SIM5
SIM1
SIM2
SIM3
SIM4
1
21
22
SIM5
SIM1
SIM2
SIM3
SIM4
1
21
22
SIM5
SIM1
SIM2
SIM3
SIM4
1
21
22
SIM5
SIM1
SIM2
SIM3
SIM4
1
21
22
SIM5
SIM1
SIM2
SIM3
SIM4
1
21
22
SIM5
SIM1
SIM2
SIM3
SIM4
1
21
22
SIM5
SIM1
SIM2
SIM3
SIM4
1
21
22
SIM5
SIM1
SIM2
SIM3
SIM4
1
21
22
SIM5
SIM1
SIM2
SIM3
SIM4
1
21
22
SIM5
SIM1
SIM2
SIM3
SIM4
1
21
22
SIM5
SIM1
SIM2
SIM3
SIM4
1
21
22
SIM5
SIM1
SIM2
SIM3
SIM4
1
21
22
SIM5
SIM1
SIM2
SIM3
SIM4
1
21
22
SIM5
SIM1
SIM2
SIM3
SIM4
1
21
22
SIM5
SIM1
SIM2
SIM3
SIM4
1
21
22
SIM5
SIM1
SIM2
SIM3
SIM4
1
21
22
SIM5
SIM1
SIM2
SIM3
SIM4
1
21
22
SIM5
SIM1
SIM2
SIM3
SIM4
1
21
22
SIM5
SIM1
SIM2
SIM3
SIM4
1
21
22
SIM5
SIM1
SIM2
SIM3
SIM4
1
21
22
SIM5
SIM1
SIM2
SIM3
SIM4
1
21
22
SIM5
SIM1
SIM2
SIM3
SIM4
1
21
22
SIM5
SIM1
SIM2
SIM3
SIM4
1
21
22
SIM5
SIM1
SIM2
SIM3
SIM4
1
21
22
SIM5
SIM1
SIM2
SIM3
SIM4
1
21
22
SIM5
SIM1
SIM2
SIM3
SIM4
1
21
22
SIM5
SIM1
SIM2
SIM3
SIM4
1
21
22
SIM5
SIM1
SIM2
SIM3
SIM4
1
21
22
SIM5
SIM1
SIM2
SIM3
SIM4
1
21
22
SIM5
SIM1
SIM2
SIM3
SIM4
1
21
22
SIM5
SIM1
SIM2
SIM3
SIM4
1
21
22
SIM5
SIM1
SIM2
DEBUG 1 278
SIM1
SIM2
SIM3
SIM4
1
21
22
SIM5
SIM1
SIM2
SIM3
SIM4
1
21
22
SIM5
SIM1
SIM2
SIM3
SIM4
1
21
22
SIM5
SIM1
SIM2
SIM3
SIM4
1
21
22
SIM5
SIM1
SIM2
SIM3
SIM4
1
21
22
SIM5
SIM1
SIM2
SIM3
SIM4
1
21
22
SIM5
SIM1
SIM2
SIM3
SIM4
1
21
22
SIM5
SIM1
SIM2
SIM3
SIM4
1
21
22
SIM5
SIM1
SIM2
SIM3
SIM4
1
21
22
SIM5
SIM1
SIM2
SIM3
SIM4
1
21
22
SIM5
SIM1
SIM2
SIM3
SIM4
1
21
22
SIM5
SIM1
SIM2
SIM3
SIM4
1
21
22
SIM5
SIM1
SIM2
SIM3
SIM4
1
21
22
SIM5
SIM1
SIM2
SIM3
SIM4
1
21
22
SIM5
SIM1
SIM2
SIM3
SIM4
1
21
22
SIM5
SIM1
SIM2
SIM3
SIM4
1
21
22
SIM5
SIM1
SIM2
SIM3
SIM4
1
21
22
SIM5
SIM1
SIM2
SIM3
SIM4
1
21
22
SIM5
SIM1
SIM2
SIM3
SIM4
1
21
22
SIM5
SIM1
SIM2
SIM3
SIM4
1
21
22
SIM5
SIM1
SIM2
SIM3
SIM4
1
21
22
SIM5
SIM1
SIM2
SIM3
SIM4
1
21
22
SIM5
SIM1
SIM2
SIM3
SIM4
1
21
22
SIM5
SIM1
SIM2
SIM3
SIM4
1
21
22
SIM5
SIM1
SIM2
SIM3
SIM4
1
21
22
SIM5
SIM1
SIM2
SIM3
SIM4
1
21
22
SIM5
SIM1
SIM2
SIM3
SIM4
1
21
22
SIM5
SIM1
SIM2
SIM3
SIM4
1
21
22
SIM5
SIM1
SIM2
SIM3
SIM4
1
21
22
SIM5
SIM1
SIM2
SIM3
SIM4
1
21
22
SIM5
SIM1
SIM2
SIM3
SIM4
1
21
22
SIM5
SIM1
SIM2
SIM3
SIM4
1
21
22
SIM5
SIM1
SIM2
SIM3
SIM4
1
21
22
SIM5
SIM1
SIM2
SIM3
SIM4
1
21
22
SIM5
SIM1
SIM2
SIM3
SIM4
1
21
22
SIM5
SIM1
SIM2
SIM3
SIM4
1
21
22
SIM5
SIM1
SIM2
SIM3
SIM4
1
21
22
SIM5
SIM1
SIM2
SIM3
SIM4
1
21
22
SIM5
SIM1
SIM2
SIM3
SIM4
1
21
22
SIM5
SIM1
SIM2
SIM3
SIM4
1
21
22
SIM5
SIM1
SIM2
SIM3
SIM4
1
21
22
SIM5
SIM1
SIM2
SIM3
SIM4
1
21
22
SIM5
SIM1
SIM2
SIM3
SIM4
1
21
22
SIM5
SIM1
SIM2
SIM3
SIM4
1
21
22
SIM5
SIM1
SIM2
SIM3
SIM4
1
21
22
SIM5
SIM1
SIM2
SIM3
SIM4
1
21
22
SIM5
SIM1
SIM2
SIM3
SIM4
1
21
22
SIM5
SIM1
SIM2
SIM3
SIM4
1
21
22
SIM5
SIM1
SIM2
SIM3
SIM4
1
21
22
SIM5
SIM1
SIM2
SIM3
SIM4
1
21
22
SIM5
SIM1
SIM2
SIM3
SIM4
1
21
22
SIM5
SIM1
SIM2
SIM3
SIM4
1
21
22
SIM5
SIM1
SIM2
SIM3
SIM4
1
21
22
SIM5
SIM1
SIM2
SIM3
SIM4
1
21
22
SIM5
SIM1
SIM2
SIM3
SIM4
1
21
22
SIM5
SIM1
SIM2
SIM3
SIM4
1
21
22
SIM5
SIM1
SIM2
SIM3
SIM4
1
21
22
SIM5
SIM1
SIM2
SIM3
SIM4
1
21
22
SIM5
SIM1
SIM2
SIM3
SIM4
1
21
22
SIM5
SIM1
SIM2
SIM3
SIM4
1
21
22
SIM5
SIM1
SIM2
SIM3
SIM4
1
21
22
SIM5
SIM1
SIM2
SIM3
SIM4
1
21
22
SIM5
SIM1
SIM2
SIM3
SIM4
1
21
22
SIM5
SIM1
SIM2
SIM3
SIM4
1
21
22
SIM5
SIM1
SIM2
SIM3
SIM4
1
21
22
SIM5
SIM1
SIM2
SIM3
SIM4
1
21
22
SIM5
SIM1
SIM2
SIM3
SIM4
1
21
22
SIM5
SIM1
SIM2
SIM3
SIM4
1
21
22
SIM5
SIM1
SIM2
SIM3
SIM4
1
21
22
SIM5
SIM1
SIM2
SIM3
SIM4
1
21
22
SIM5
SIM1
SIM2
SIM3
SIM4
1
21
22
SIM5
SIM1
SIM2
SIM3
SIM4
1
21
22
SIM5
SIM1
SIM2
SIM3
SIM4
1
21
22
SIM5
SIM1
SIM2
SIM3
SIM4
1
21
22
SIM5
SIM1
SIM2
SIM3
SIM4
1
21
22
SIM5
SIM1
SIM2
SIM3
SIM4
1
21
22
SIM5
SIM1
SIM2
SIM3
SIM4
1
21
22
SIM5
SIM1
SIM2
SIM3
SIM4
1
21
22
SIM5
SIM1
SIM2
SIM3
SIM4
1
21
22
SIM5
SIM1
SIM2
SIM3
SIM4
1
21
22
SIM5
SIM1
SIM2
SIM3
SIM4
1
21
22
SIM5
SIM1
SIM2
SIM3
SIM4
1
21
22
SIM5
SIM1
SIM2
SIM3
SIM4
1
21
22
SIM5
SIM1
SIM2
SIM3
SIM4
1
21
22
SIM5
SIM1
SIM2
SIM3
SIM4
1
21
22
SIM5
SIM1
SIM2
SIM3
SIM4
1
21
22
SIM5
SIM1
SIM2
SIM3
SIM4
1
21
22
SIM5
SIM1
SIM2
SIM3
SIM4
1
21
22
SIM5
SIM1
SIM2
SIM3
SIM4
1
21
22
SIM5
SIM1
SIM2
SIM3
SIM4
1
21
22
SIM5
SIM1
SIM2
SIM3
SIM4
1
21
22
SIM5
SIM1
SIM2
SIM3
SIM4
1
21
22
SIM5
SIM1
SIM2
SIM3
SIM4
1
21
22
SIM5
SIM1
SIM2
SIM3
SIM4
1
21
22
SIM5
SIM1
SIM2
SIM3
SIM4
1
21
22
SIM5
SIM1
SIM2
SIM3
SIM4
1
21
22
SIM5
SIM1
SIM2
SIM3
SIM4
1
21
22
SIM5
SIM1
SIM2
SIM3
SIM4
1
21
22
SIM5
SIM1
SIM2
SIM3
SIM4
1
21
22
SIM5
SIM1
SIM2
SIM3
SIM4
1
21
22
SIM5
SIM1
SIM2
SIM3
SIM4
1
21
22
SIM5
SIM1
SIM2
SIM3
SIM4
1
21
22
SIM5
SIM1
SIM2
SIM3
SIM4
1
21
22
SIM5
SIM1
SIM2
SIM3
SIM4
1
21
22
SIM5
SIM1
SIM2
SIM3
SIM4
1
21
22
SIM5
SIM1
SIM2
SIM3
SIM4
1
21
22
SIM5
SIM1
SIM2
SIM3
SIM4
1
21
22
SIM5
SIM1
SIM2
SIM3
SIM4
1
21
22
SIM5
SIM1
SIM2
SIM3
SIM4
1
21
22
SIM5
SIM1
SIM2
SIM3
SIM4
1
21
22
SIM5
SIM1
SIM2
SIM3
SIM4
1
21
22
SIM5
SIM1
SIM2
SIM3
SIM4
1
21
22
SIM5
SIM1
SIM2
SIM3
SIM4
1
21
22
SIM5
SIM1
SIM2
SIM3
SIM4
1
21
22
SIM5
SIM1
SIM2
SIM3
SIM4
1
21
22
SIM5
SIM1
SIM2
SIM3
SIM4
1
21
22
SIM5
SIM1
SIM2
SIM3
SIM4
1
21
22
SIM5
SIM1
SIM2
SIM3
SIM4
1
21
22
SIM5
SIM1
SIM2
SIM3
SIM4
1
21
22
SIM5
SIM1
SIM2
SIM3
SIM4
1
21
22
SIM5
SIM1
SIM2
SIM3
SIM4
1
21
22
SIM5
SIM1
SIM2
SIM3
SIM4
1
21
22
SIM5
SIM1
SIM2
SIM3
SIM4
1
21
22
SIM5
SIM1
SIM2
SIM3
SIM4
1
21
22
SIM5
SIM1
SIM2
SIM3
SIM4
1
21
22
SIM5
SIM1
SIM2
SIM3
SIM4
1
21
22
SIM5
SIM1
SIM2
SIM3
SIM4
1
21
22
SIM5
SIM1
SIM2
SIM3
SIM4
1
21
22
SIM5
SIM1
SIM2
SIM3
SIM4
1
21
22
SIM5
SIM1
SIM2
SIM3
SIM4
1
21
22
SIM5
SIM1
SIM2
SIM3
SIM4
1
21
22
SIM5
SIM1
SIM2
SIM3
SIM4
1
21
22
SIM5
SIM1
SIM2
SIM3
SIM4
1
21
22
SIM5
SIM1
SIM2
SIM3
SIM4
1
21
22
SIM5
SIM1
SIM2
SIM3
SIM4
1
21
22
SIM5
SIM1
SIM2
SIM3
SIM4
1
21
22
SIM5
SIM1
SIM2
SIM3
SIM4
1
21
22
SIM5
SIM1
SIM2
SIM3
SIM4
1
21
22
SIM5
SIM1
SIM2
SIM3
SIM4
1
21
22
SIM5
SIM1
SIM2
SIM3
SIM4
1
21
22
SIM5
SIM1
SIM2
SIM3
SIM4
1
21
22
SIM5
SIM1
SIM2
SIM3
SIM4
1
21
22
SIM5
SIM1
SIM2
SIM3
SIM4
1
21
22
SIM5
SIM1
SIM2
SIM3
SIM4
1
21
22
SIM5
SIM1
SIM2
SIM3
SIM4
1
21
22
SIM5
SIM1
SIM2
SIM3
SIM4
1
21
22
SIM5
SIM1
SIM2
SIM3
SIM4
1
21
22
SIM5
SIM1
SIM2
SIM3
SIM4
1
21
22
SIM5
SIM1
SIM2
SIM3
SIM4
1
21
22
SIM5
SIM1
SIM2
SIM3
SIM4
1
21
22
SIM5
SIM1
SIM2
SIM3
SIM4
1
21
22
SIM5
SIM1
SIM2
SIM3
SIM4
1
21
22
SIM5
SIM1
SIM2
SIM3
SIM4
1
21
22
SIM5
SIM1
SIM2
SIM3
SIM4
1
21
22
SIM5
SIM1
SIM2
SIM3
SIM4
1
21
22
SIM5
SIM1
SIM2
SIM3
SIM4
1
21
22
SIM5
SIM1
SIM2
SIM3
SIM4
1
21
22
SIM5
SIM1
SIM2
SIM3
SIM4
1
21
22
SIM5
SIM1
SIM2
SIM3
SIM4
1
21
22
SIM5
SIM1
SIM2
SIM3
SIM4
1
21
22
SIM5
SIM1
SIM2
SIM3
SIM4
1
21
22
SIM5
SIM1
SIM2
SIM3
SIM4
1
21
22
SIM5
SIM1
SIM2
SIM3
SIM4
1
21
22
SIM5
SIM1
SIM2
SIM3
SIM4
1
21
22
SIM5
SIM1
SIM2
SIM3
SIM4
1
21
22
SIM5
SIM1
SIM2
SIM3
SIM4
1
21
22
SIM5
SIM1
SIM2
SIM3
SIM4
1
21
22
SIM5
SIM1
SIM2
SIM3
SIM4
1
21
22
SIM5
SIM1
SIM2
SIM3
SIM4
1
21
22
SIM5
SIM1
SIM2
DEBUG 1 279
SIM1
SIM2
SIM3
SIM4
1
21
22
SIM5
SIM1
SIM2
SIM3
SIM4
1
21
22
SIM5
SIM1
SIM2
SIM3
SIM4
1
21
22
SIM5
SIM1
SIM2
SIM3
SIM4
1
21
22
SIM5
SIM1
SIM2
SIM3
SIM4
1
21
22
SIM5
SIM1
SIM2
SIM3
SIM4
1
21
22
SIM5
SIM1
SIM2
SIM3
SIM4
1
21
22
SIM5
SIM1
SIM2
SIM3
SIM4
1
21
22
SIM5
SIM1
SIM2
SIM3
SIM4
1
21
22
SIM5
SIM1
SIM2
SIM3
SIM4
1
21
22
SIM5
SIM1
SIM2
SIM3
SIM4
1
21
22
SIM5
SIM1
SIM2
SIM3
SIM4
1
21
22
SIM5
SIM1
SIM2
SIM3
SIM4
1
21
22
SIM5
SIM1
SIM2
SIM3
SIM4
1
21
22
SIM5
SIM1
SIM2
SIM3
SIM4
1
21
22
SIM5
SIM1
SIM2
SIM3
SIM4
1
21
22
SIM5
SIM1
SIM2
SIM3
SIM4
1
21
22
SIM5
SIM1
SIM2
SIM3
SIM4
1
21
22
SIM5
SIM1
SIM2
SIM3
SIM4
1
21
22
SIM5
SIM1
SIM2
SIM3
SIM4
1
21
22
SIM5
SIM1
SIM2
SIM3
SIM4
1
21
22
SIM5
SIM1
SIM2
SIM3
SIM4
1
21
22
SIM5
SIM1
SIM2
SIM3
SIM4
1
21
22
SIM5
SIM1
SIM2
SIM3
SIM4
1
21
22
SIM5
SIM1
SIM2
SIM3
SIM4
1
21
22
SIM5
SIM1
SIM2
SIM3
SIM4
1
21
22
SIM5
SIM1
SIM2
SIM3
SIM4
1
21
22
SIM5
SIM1
SIM2
SIM3
SIM4
1
21
22
SIM5
SIM1
SIM2
SIM3
SIM4
1
21
22
SIM5
SIM1
SIM2
SIM3
SIM4
1
21
22
SIM5
SIM1
SIM2
SIM3
SIM4
1
21
22
SIM5
SIM1
SIM2
SIM3
SIM4
1
21
22
SIM5
SIM1
SIM2
SIM3
SIM4
1
21
22
SIM5
SIM1
SIM2
SIM3
SIM4
1
21
22
SIM5
SIM1
SIM2
SIM3
SIM4
1
21
22
SIM5
SIM1
SIM2
SIM3
SIM4
1
21
22
SIM5
SIM1
SIM2
SIM3
SIM4
1
21
22
SIM5
SIM1
SIM2
SIM3
SIM4
1
21
22
SIM5
SIM1
SIM2
SIM3
SIM4
1
21
22
SIM5
SIM1
SIM2
SIM3
SIM4
1
21
22
SIM5
SIM1
SIM2
SIM3
SIM4
1
21
22
SIM5
SIM1
SIM2
SIM3
SIM4
1
21
22
SIM5
SIM1
SIM2
SIM3
SIM4
1
21
22
SIM5
SIM1
SIM2
SIM3
SIM4
1
21
22
SIM5
SIM1
SIM2
SIM3
SIM4
1
21
22
SIM5
SIM1
SIM2
SIM3
SIM4
1
21
22
SIM5
SIM1
SIM2
SIM3
SIM4
1
21
22
SIM5
SIM1
SIM2
SIM3
SIM4
1
21
22
SIM5
SIM1
SIM2
SIM3
SIM4
1
21
22
SIM5
SIM1
SIM2
SIM3
SIM4
1
21
22
SIM5
SIM1
SIM2
SIM3
SIM4
1
21
22
SIM5
SIM1
SIM2
SIM3
SIM4
1
21
22
SIM5
SIM1
SIM2
SIM3
SIM4
1
21
22
SIM5
SIM1
SIM2
SIM3
SIM4
1
21
22
SIM5
SIM1
SIM2
SIM3
SIM4
1
21
22
SIM5
SIM1
SIM2
SIM3
SIM4
1
21
22
SIM5
SIM1
SIM2
SIM3
SIM4
1
21
22
SIM5
SIM1
SIM2
SIM3
SIM4
1
21
22
SIM5
SIM1
SIM2
SIM3
SIM4
1
21
22
SIM5
SIM1
SIM2
SIM3
SIM4
1
21
22
SIM5
SIM1
SIM2
SIM3
SIM4
1
21
22
SIM5
SIM1
SIM2
SIM3
SIM4
1
21
22
SIM5
SIM1
SIM2
SIM3
SIM4
1
21
22
SIM5
SIM1
SIM2
SIM3
SIM4
1
21
22
SIM5
SIM1
SIM2
SIM3
SIM4
1
21
22
SIM5
SIM1
SIM2
SIM3
SIM4
1
21
22
SIM5
SIM1
SIM2
SIM3
SIM4
1
21
22
SIM5
SIM1
SIM2
SIM3
SIM4
1
21
22
SIM5
SIM1
SIM2
SIM3
SIM4
1
21
22
SIM5
SIM1
SIM2
SIM3
SIM4
1
21
22
SIM5
SIM1
SIM2
SIM3
SIM4
1
21
22
SIM5
SIM1
SIM2
SIM3
SIM4
1
21
22
SIM5
SIM1
SIM2
SIM3
SIM4
1
21
22
SIM5
SIM1
SIM2
SIM3
SIM4
1
21
22
SIM5
SIM1
SIM2
SIM3
SIM4
1
21
22
SIM5
SIM1
SIM2
SIM3
SIM4
1
21
22
SIM5
SIM1
SIM2
SIM3
SIM4
1
21
22
SIM5
SIM1
SIM2
SIM3
SIM4
1
21
22
SIM5
SIM1
SIM2
SIM3
SIM4
1
21
22
SIM5
SIM1
SIM2
SIM3
SIM4
1
21
22
SIM5
SIM1
SIM2
SIM3
SIM4
1
21
22
SIM5
SIM1
SIM2
SIM3
SIM4
1
21
22
SIM5
SIM1
SIM2
SIM3
SIM4
1
21
22
SIM5
SIM1
SIM2
SIM3
SIM4
1
21
22
SIM5
SIM1
SIM2
SIM3
SIM4
1
21
22
SIM5
SIM1
SIM2
SIM3
SIM4
1
21
22
SIM5
SIM1
SIM2
SIM3
SIM4
1
21
22
SIM5
SIM1
SIM2
SIM3
SIM4
1
21
22
SIM5
SIM1
SIM2
SIM3
SIM4
1
21
22
SIM5
SIM1
SIM2
SIM3
SIM4
1
21
22
SIM5
SIM1
SIM2
SIM3
SIM4
1
21
22
SIM5
SIM1
SIM2
SIM3
SIM4
1
21
22
SIM5
SIM1
SIM2
SIM3
SIM4
1
21
22
SIM5
SIM1
SIM2
SIM3
SIM4
1
21
22
SIM5
SIM1
SIM2
SIM3
SIM4
1
21
22
SIM5
SIM1
SIM2
SIM3
SIM4
1
21
22
SIM5
SIM1
SIM2
SIM3
SIM4
1
21
22
SIM5
SIM1
SIM2
SIM3
SIM4
1
21
22
SIM5
SIM1
SIM2
SIM3
SIM4
1
21
22
SIM5
SIM1
SIM2
SIM3
SIM4
1
21
22
SIM5
SIM1
SIM2
SIM3
SIM4
1
21
22
SIM5
SIM1
SIM2
SIM3
SIM4
1
21
22
SIM5
SIM1
SIM2
SIM3
SIM4
1
21
22
SIM5
SIM1
SIM2
SIM3
SIM4
1
21
22
SIM5
SIM1
SIM2
SIM3
SIM4
1
21
22
SIM5
SIM1
SIM2
SIM3
SIM4
1
21
22
SIM5
SIM1
SIM2
SIM3
SIM4
1
21
22
SIM5
SIM1
SIM2
SIM3
SIM4
1
21
22
SIM5
SIM1
SIM2
SIM3
SIM4
1
21
22
SIM5
SIM1
SIM2
SIM3
SIM4
1
21
22
SIM5
SIM1
SIM2
SIM3
SIM4
1
21
22
SIM5
SIM1
SIM2
SIM3
SIM4
1
21
22
SIM5
SIM1
SIM2
SIM3
SIM4
1
21
22
SIM5
SIM1
SIM2
SIM3
SIM4
1
21
22
SIM5
SIM1
SIM2
SIM3
SIM4
1
21
22
SIM5
SIM1
SIM2
SIM3
SIM4
1
21
22
SIM5
SIM1
SIM2
SIM3
SIM4
1
21
22
SIM5
SIM1
SIM2
SIM3
SIM4
1
21
22
SIM5
SIM1
SIM2
SIM3
SIM4
1
21
22
SIM5
SIM1
SIM2
SIM3
SIM4
1
21
22
SIM5
SIM1
SIM2
SIM3
SIM4
1
21
22
SIM5
SIM1
SIM2
SIM3
SIM4
1
21
22
SIM5
SIM1
SIM2
SIM3
SIM4
1
21
22
SIM5
SIM1
SIM2
SIM3
SIM4
1
21
22
SIM5
SIM1
SIM2
SIM3
SIM4
1
21
22
SIM5
SIM1
SIM2
SIM3
SIM4
1
21
22
SIM5
SIM1
SIM2
SIM3
SIM4
1
21
22
SIM5
SIM1
SIM2
SIM3
SIM4
1
21
22
SIM5
SIM1
SIM2
SIM3
SIM4
1
21
22
SIM5
SIM1
SIM2
SIM3
SIM4
1
21
22
SIM5
SIM1
SIM2
SIM3
SIM4
1
21
22
SIM5
SIM1
SIM2
SIM3
SIM4
1
21
22
SIM5
SIM1
SIM2
SIM3
SIM4
1
21
22
SIM5
SIM1
SIM2
SIM3
SIM4
1
21
22
SIM5
SIM1
SIM2
SIM3
SIM4
1
21
22
SIM5
SIM1
SIM2
SIM3
SIM4
1
21
22
SIM5
SIM1
SIM2
SIM3
SIM4
1
21
22
SIM5
SIM1
SIM2
SIM3
SIM4
1
21
22
SIM5
SIM1
SIM2
SIM3
SIM4
1
21
22
SIM5
SIM1
SIM2
SIM3
SIM4
1
21
22
SIM5
SIM1
SIM2
SIM3
SIM4
1
21
22
SIM5
SIM1
SIM2
SIM3
SIM4
1
21
22
SIM5
SIM1
SIM2
SIM3
SIM4
1
21
22
SIM5
SIM1
SIM2
SIM3
SIM4
1
21
22
SIM5
SIM1
SIM2
SIM3
SIM4
1
21
22
SIM5
SIM1
SIM2
SIM3
SIM4
1
21
22
SIM5
SIM1
SIM2
SIM3
SIM4
1
21
22
SIM5
SIM1
SIM2
SIM3
SIM4
1
21
22
SIM5
SIM1
SIM2
SIM3
SIM4
1
21
22
SIM5
SIM1
SIM2
SIM3
SIM4
1
21
22
SIM5
SIM1
SIM2
SIM3
SIM4
1
21
22
SIM5
SIM1
SIM2
SIM3
SIM4
1
21
22
SIM5
SIM1
SIM2
SIM3
SIM4
1
21
22
SIM5
SIM1
SIM2
SIM3
SIM4
1
21
22
SIM5
SIM1
SIM2
SIM3
SIM4
1
21
22
SIM5
SIM1
SIM2
SIM3
SIM4
1
21
22
SIM5
SIM1
SIM2
SIM3
SIM4
1
21
22
SIM5
SIM1
SIM2
SIM3
SIM4
1
21
22
SIM5
SIM1
SIM2
SIM3
SIM4
1
21
22
SIM5
SIM1
SIM2
SIM3
SIM4
1
21
22
SIM5
SIM1
SIM2
SIM3
SIM4
1
21
22
SIM5
SIM1
SIM2
SIM3
SIM4
1
21
22
SIM5
SIM1
SIM2
SIM3
SIM4
1
21
22
SIM5
SIM1
SIM2
SIM3
SIM4
1
21
22
SIM5
SIM1
SIM2
SIM3
SIM4
1
21
22
SIM5
SIM1
SIM2
SIM3
SIM4
1
21
22
SIM5
SIM1
SIM2
SIM3
SIM4
1
21
22
SIM5
SIM1
SIM2
SIM3
SIM4
1
21
22
SIM5
SIM1
SIM2
SIM3
SIM4
1
21
22
SIM5
SIM1
SIM2
SIM3
SIM4
1
21
22
SIM5
SIM1
SIM2
SIM3
SIM4
1
21
22
SIM5
SIM1
SIM2
SIM3
SIM4
1
21
22
SIM5
SIM1
SIM2
SIM3
SIM4
1
21
22
SIM5
SIM1
SIM2
SIM3
SIM4
1
21
22
SIM5
SIM1
SIM2
SIM3
SIM4
1
21
22
SIM5
SIM1
SIM2
SIM3
SIM4
1
21
22
SIM5
SIM1
SIM2
SIM3
SIM4
1
21
22
SIM5
SIM1
SIM2
SIM3
SIM4
1
21
22
SIM5
SIM1
SIM2
SIM3
SIM4
1
21
22
SIM5
SIM1
SIM2
SIM3
SIM4
1
21
22
SIM5
SIM1
SIM2
SIM3
SIM4
1
21
22
SIM5
SIM1
SIM2
SIM3
SIM4
1
21
22
SIM5
SIM1
SIM2
SIM3
SIM4
1
21
22
SIM5
SIM1
SIM2
SIM3
SIM4
1
21
22
SIM5
SIM1
SIM2
SIM3
SIM4
1
21
22
SIM5
SIM1
SIM2
SIM3
SIM4
1
21
22
SIM5
SIM1
SIM2
SIM3
SIM4
1
21
22
SIM5
SIM1
SIM2
SIM3
SIM4
1
21
22
SIM5
SIM1
SIM2
SIM3
SIM4
1
21
22
SIM5
SIM1
SIM2
SIM3
SIM4
1
21
22
SIM5
SIM1
SIM2
SIM3
SIM4
1
21
22
SIM5
SIM1
SIM2
SIM3
SIM4
1
21
22
SIM5
SIM1
SIM2
SIM3
SIM4
1
21
22
SIM5
SIM1
SIM2
SIM3
SIM4
1
21
22
SIM5
SIM1
SIM2
SIM3
SIM4
1
21
22
SIM5
SIM1
SIM2
SIM3
SIM4
1
21
22
SIM5
SIM1
SIM2
SIM3
SIM4
1
21
22
SIM5
SIM1
SIM2
SIM3
SIM4
1
21
22
SIM5
SIM1
SIM2
SIM3
SIM4
1
21
22
SIM5
SIM1
SIM2
SIM3
SIM4
1
21
22
SIM5
SIM1
SIM2
SIM3
SIM4
1
21
22
SIM5
SIM1
SIM2
SIM3
SIM4
1
21
22
SIM5
SIM1
SIM2
SIM3
SIM4
1
21
22
SIM5
SIM1
SIM2
SIM3
SIM4
1
21
22
SIM5
SIM1
SIM2
SIM3
SIM4
1
21
22
SIM5
SIM1
SIM2
SIM3
SIM4
1
21
22
SIM5
SIM1
SIM2
SIM3
SIM4
1
21
22
SIM5
SIM1
SIM2
SIM3
SIM4
1
21
22
SIM5
SIM1
SIM2
SIM3
SIM4
1
21
22
SIM5
SIM1
SIM2
SIM3
SIM4
1
21
22
SIM5
SIM1
SIM2
SIM3
SIM4
1
21
22
SIM5
SIM1
SIM2
SIM3
SIM4
1
21
22
SIM5
SIM1
SIM2
SIM3
SIM4
1
21
22
SIM5
SIM1
SIM2
SIM3
SIM4
1
21
22
SIM5
SIM1
SIM2
SIM3
SIM4
1
21
22
SIM5
SIM1
SIM2
SIM3
SIM4
1
21
22
SIM5
SIM1
SIM2
SIM3
SIM4
1
21
22
SIM5
SIM1
SIM2
SIM3
SIM4
1
21
22
SIM5
SIM1
SIM2
SIM3
SIM4
1
21
22
SIM5
SIM1
SIM2
SIM3
SIM4
1
21
22
SIM5
SIM1
SIM2
SIM3
SIM4
1
21
22
SIM5
SIM1
SIM2
SIM3
SIM4
1
21
22
SIM5
SIM1
SIM2
SIM3
SIM4
1
21
22
SIM5
SIM1
SIM2
DEBUG 1 280
SIM1
SIM2
SIM3
SIM4
1
21
22
SIM5
SIM1
SIM2
SIM3
SIM4
1
21
22
SIM5
SIM1
SIM2
SIM3
SIM4
1
21
22
SIM5
SIM1
SIM2
SIM3
SIM4
1
21
22
SIM5
SIM1
SIM2
SIM3
SIM4
1
21
22
SIM5
SIM1
SIM2
SIM3
SIM4
1
21
22
SIM5
SIM1
SIM2
SIM3
SIM4
1
21
22
SIM5
SIM1
SIM2
SIM3
SIM4
1
21
22
SIM5
SIM1
SIM2
SIM3
SIM4
1
21
22
SIM5
SIM1
SIM2
SIM3
SIM4
1
21
22
SIM5
SIM1
SIM2
SIM3
SIM4
1
21
22
SIM5
SIM1
SIM2
SIM3
SIM4
1
21
22
SIM5
SIM1
SIM2
SIM3
SIM4
1
21
22
SIM5
SIM1
SIM2
SIM3
SIM4
1
21
22
SIM5
SIM1
SIM2
SIM3
SIM4
1
21
22
SIM5
SIM1
SIM2
SIM3
SIM4
1
21
22
SIM5
SIM1
SIM2
SIM3
SIM4
1
21
22
SIM5
SIM1
SIM2
SIM3
SIM4
1
21
22
SIM5
SIM1
SIM2
SIM3
SIM4
1
21
22
SIM5
SIM1
SIM2
SIM3
SIM4
1
21
22
SIM5
SIM1
SIM2
SIM3
SIM4
1
21
22
SIM5
SIM1
SIM2
SIM3
SIM4
1
21
22
SIM5
SIM1
SIM2
SIM3
SIM4
1
21
22
SIM5
SIM1
SIM2
SIM3
SIM4
1
21
22
SIM5
SIM1
SIM2
SIM3
SIM4
1
21
22
SIM5
SIM1
SIM2
SIM3
SIM4
1
21
22
SIM5
SIM1
SIM2
SIM3
SIM4
1
21
22
SIM5
SIM1
SIM2
SIM3
SIM4
1
21
22
SIM5
SIM1
SIM2
SIM3
SIM4
1
21
22
SIM5
SIM1
SIM2
SIM3
SIM4
1
21
22
SIM5
SIM1
SIM2
SIM3
SIM4
1
21
22
SIM5
SIM1
SIM2
SIM3
SIM4
1
21
22
SIM5
SIM1
SIM2
SIM3
SIM4
1
21
22
SIM5
SIM1
SIM2
SIM3
SIM4
1
21
22
SIM5
SIM1
SIM2
SIM3
SIM4
1
21
22
SIM5
SIM1
SIM2
SIM3
SIM4
1
21
22
SIM5
SIM1
SIM2
SIM3
SIM4
1
21
22
SIM5
SIM1
SIM2
SIM3
SIM4
1
21
22
SIM5
SIM1
SIM2
SIM3
SIM4
1
21
22
SIM5
SIM1
SIM2
SIM3
SIM4
1
21
22
SIM5
SIM1
SIM2
SIM3
SIM4
1
21
22
SIM5
SIM1
SIM2
SIM3
SIM4
1
21
22
SIM5
SIM1
SIM2
SIM3
SIM4
1
21
22
SIM5
SIM1
SIM2
SIM3
SIM4
1
21
22
SIM5
SIM1
SIM2
SIM3
SIM4
1
21
22
SIM5
SIM1
SIM2
SIM3
SIM4
1
21
22
SIM5
SIM1
SIM2
SIM3
SIM4
1
21
22
SIM5
SIM1
SIM2
SIM3
SIM4
1
21
22
SIM5
SIM1
SIM2
SIM3
SIM4
1
21
22
SIM5
SIM1
SIM2
SIM3
SIM4
1
21
22
SIM5
SIM1
SIM2
SIM3
SIM4
1
21
22
SIM5
SIM1
SIM2
SIM3
SIM4
1
21
22
SIM5
SIM1
SIM2
SIM3
SIM4
1
21
22
SIM5
SIM1
SIM2
SIM3
SIM4
1
21
22
SIM5
SIM1
SIM2
SIM3
SIM4
1
21
22
SIM5
SIM1
SIM2
SIM3
SIM4
1
21
22
SIM5
SIM1
SIM2
SIM3
SIM4
1
21
22
SIM5
SIM1
SIM2
SIM3
SIM4
1
21
22
SIM5
SIM1
SIM2
SIM3
SIM4
1
21
22
SIM5
SIM1
SIM2
SIM3
SIM4
1
21
22
SIM5
SIM1
SIM2
SIM3
SIM4
1
21
22
SIM5
SIM1
SIM2
SIM3
SIM4
1
21
22
SIM5
SIM1
SIM2
SIM3
SIM4
1
21
22
SIM5
SIM1
SIM2
SIM3
SIM4
1
21
22
SIM5
SIM1
SIM2
SIM3
SIM4
1
21
22
SIM5
SIM1
SIM2
SIM3
SIM4
1
21
22
SIM5
SIM1
SIM2
SIM3
SIM4
1
21
22
SIM5
SIM1
SIM2
SIM3
SIM4
1
21
22
SIM5
SIM1
SIM2
SIM3
SIM4
1
21
22
SIM5
SIM1
SIM2
SIM3
SIM4
1
21
22
SIM5
SIM1
SIM2
SIM3
SIM4
1
21
22
SIM5
SIM1
SIM2
SIM3
SIM4
1
21
22
SIM5
SIM1
SIM2
SIM3
SIM4
1
21
22
SIM5
SIM1
SIM2
SIM3
SIM4
1
21
22
SIM5
SIM1
SIM2
SIM3
SIM4
1
21
22
SIM5
SIM1
SIM2
SIM3
SIM4
1
21
22
SIM5
SIM1
SIM2
SIM3
SIM4
1
21
22
SIM5
SIM1
SIM2
SIM3
SIM4
1
21
22
SIM5
SIM1
SIM2
SIM3
SIM4
1
21
22
SIM5
SIM1
SIM2
SIM3
SIM4
1
21
22
SIM5
SIM1
SIM2
SIM3
SIM4
1
21
22
SIM5
SIM1
SIM2
SIM3
SIM4
1
21
22
SIM5
SIM1
SIM2
SIM3
SIM4
1
21
22
SIM5
SIM1
SIM2
SIM3
SIM4
1
21
22
SIM5
SIM1
SIM2
SIM3
SIM4
1
21
22
SIM5
SIM1
SIM2
SIM3
SIM4
1
21
22
SIM5
SIM1
SIM2
SIM3
SIM4
1
21
22
SIM5
SIM1
SIM2
SIM3
SIM4
1
21
22
SIM5
SIM1
SIM2
SIM3
SIM4
1
21
22
SIM5
SIM1
SIM2
SIM3
SIM4
1
21
22
SIM5
SIM1
SIM2
SIM3
SIM4
1
21
22
SIM5
SIM1
SIM2
SIM3
SIM4
1
21
22
SIM5
SIM1
SIM2
SIM3
SIM4
1
21
22
SIM5
SIM1
SIM2
SIM3
SIM4
1
21
22
SIM5
SIM1
SIM2
SIM3
SIM4
1
21
22
SIM5
SIM1
SIM2
SIM3
SIM4
1
21
22
SIM5
SIM1
SIM2
SIM3
SIM4
1
21
22
SIM5
SIM1
SIM2
SIM3
SIM4
1
21
22
SIM5
SIM1
SIM2
SIM3
SIM4
1
21
22
SIM5
SIM1
SIM2
SIM3
SIM4
1
21
22
SIM5
SIM1
SIM2
SIM3
SIM4
1
21
22
SIM5
SIM1
SIM2
SIM3
SIM4
1
21
22
SIM5
SIM1
SIM2
SIM3
SIM4
1
21
22
SIM5
SIM1
SIM2
SIM3
SIM4
1
21
22
SIM5
SIM1
SIM2
SIM3
SIM4
1
21
22
SIM5
SIM1
SIM2
SIM3
SIM4
1
21
22
SIM5
SIM1
SIM2
SIM3
SIM4
1
21
22
SIM5
SIM1
SIM2
SIM3
SIM4
1
21
22
SIM5
SIM1
SIM2
SIM3
SIM4
1
21
22
SIM5
SIM1
SIM2
SIM3
SIM4
1
21
22
SIM5
SIM1
SIM2
SIM3
SIM4
1
21
22
SIM5
SIM1
SIM2
SIM3
SIM4
1
21
22
SIM5
SIM1
SIM2
SIM3
SIM4
1
21
22
SIM5
SIM1
SIM2
SIM3
SIM4
1
21
22
SIM5
SIM1
SIM2
SIM3
SIM4
1
21
22
SIM5
SIM1
SIM2
SIM3
SIM4
1
21
22
SIM5
SIM1
SIM2
SIM3
SIM4
1
21
22
SIM5
SIM1
SIM2
SIM3
SIM4
1
21
22
SIM5
SIM1
SIM2
SIM3
SIM4
1
21
22
SIM5
SIM1
SIM2
SIM3
SIM4
1
21
22
SIM5
SIM1
SIM2
SIM3
SIM4
1
21
22
SIM5
SIM1
SIM2
SIM3
SIM4
1
21
22
SIM5
SIM1
SIM2
SIM3
SIM4
1
21
22
SIM5
SIM1
SIM2
SIM3
SIM4
1
21
22
SIM5
SIM1
SIM2
SIM3
SIM4
1
21
22
SIM5
SIM1
SIM2
SIM3
SIM4
1
21
22
SIM5
SIM1
SIM2
SIM3
SIM4
1
21
22
SIM5
SIM1
SIM2
SIM3
SIM4
1
21
22
SIM5
SIM1
SIM2
SIM3
SIM4
1
21
22
SIM5
SIM1
SIM2
SIM3
SIM4
1
21
22
SIM5
SIM1
SIM2
SIM3
SIM4
1
21
22
SIM5
SIM1
SIM2
SIM3
SIM4
1
21
22
SIM5
SIM1
SIM2
SIM3
SIM4
1
21
22
SIM5
SIM1
SIM2
SIM3
SIM4
1
21
22
SIM5
SIM1
SIM2
SIM3
SIM4
1
21
22
SIM5
SIM1
SIM2
SIM3
SIM4
1
21
22
SIM5
SIM1
SIM2
SIM3
SIM4
1
21
22
SIM5
SIM1
SIM2
SIM3
SIM4
1
21
22
SIM5
SIM1
SIM2
SIM3
SIM4
1
21
22
SIM5
SIM1
SIM2
SIM3
SIM4
1
21
22
SIM5
SIM1
SIM2
SIM3
SIM4
1
21
22
SIM5
SIM1
SIM2
SIM3
SIM4
1
21
22
SIM5
SIM1
SIM2
SIM3
SIM4
1
21
22
SIM5
SIM1
SIM2
SIM3
SIM4
1
21
22
SIM5
SIM1
SIM2
SIM3
SIM4
1
21
22
SIM5
SIM1
SIM2
SIM3
SIM4
1
21
22
SIM5
SIM1
SIM2
SIM3
SIM4
1
21
22
SIM5
SIM1
SIM2
SIM3
SIM4
1
21
22
SIM5
SIM1
SIM2
SIM3
SIM4
1
21
22
SIM5
SIM1
SIM2
SIM3
SIM4
1
21
22
SIM5
SIM1
SIM2
SIM3
SIM4
1
21
22
SIM5
SIM1
SIM2
SIM3
SIM4
1
21
22
SIM5
SIM1
SIM2
SIM3
SIM4
1
21
22
SIM5
SIM1
SIM2
SIM3
SIM4
1
21
22
SIM5
SIM1
SIM2
SIM3
SIM4
1
21
22
SIM5
SIM1
SIM2
SIM3
SIM4
1
21
22
SIM5
SIM1
SIM2
SIM3
SIM4
1
21
22
SIM5
SIM1
SIM2
SIM3
SIM4
1
21
22
SIM5
SIM1
SIM2
SIM3
SIM4
1
21
22
SIM5
SIM1
SIM2
SIM3
SIM4
1
21
22
SIM5
SIM1
SIM2
SIM3
SIM4
1
21
22
SIM5
SIM1
SIM2
SIM3
SIM4
1
21
22
SIM5
SIM1
SIM2
SIM3
SIM4
1
21
22
SIM5
SIM1
SIM2
SIM3
SIM4
1
21
22
SIM5
SIM1
SIM2
SIM3
SIM4
1
21
22
SIM5
SIM1
SIM2
SIM3
SIM4
1
21
22
SIM5
SIM1
SIM2
SIM3
SIM4
1
21
22
SIM5
SIM1
SIM2
SIM3
SIM4
1
21
22
SIM5
SIM1
SIM2
SIM3
SIM4
1
21
22
SIM5
SIM1
SIM2
SIM3
SIM4
1
21
22
SIM5
SIM1
SIM2
SIM3
SIM4
1
21
22
SIM5
SIM1
SIM2
SIM3
SIM4
1
21
22
SIM5
SIM1
SIM2
SIM3
SIM4
1
21
22
SIM5
SIM1
SIM2
SIM3
SIM4
1
21
22
SIM5
SIM1
SIM2
SIM3
SIM4
1
21
22
SIM5
SIM1
SIM2
SIM3
SIM4
1
21
22
SIM5
SIM1
SIM2
SIM3
SIM4
1
21
22
SIM5
SIM1
SIM2
SIM3
SIM4
1
21
22
SIM5
SIM1
SIM2
SIM3
SIM4
1
21
22
SIM5
SIM1
SIM2
SIM3
SIM4
1
21
22
SIM5
SIM1
SIM2
SIM3
SIM4
1
21
22
SIM5
SIM1
SIM2
SIM3
SIM4
1
21
22
SIM5
SIM1
SIM2
SIM3
SIM4
1
21
22
SIM5
SIM1
SIM2
SIM3
SIM4
1
21
22
SIM5
SIM1
SIM2
SIM3
SIM4
1
21
22
SIM5
SIM1
SIM2
SIM3
SIM4
1
21
22
SIM5
SIM1
SIM2
SIM3
SIM4
1
21
22
SIM5
SIM1
SIM2
SIM3
SIM4
1
21
22
SIM5
SIM1
SIM2
DEBUG 1 281
SIM1
SIM2
SIM3
SIM4
1
21
22
SIM5
SIM1
SIM2
SIM3
SIM4
1
21
22
SIM5
SIM1
SIM2
SIM3
SIM4
1
21
22
SIM5
SIM1
SIM2
SIM3
SIM4
1
21
22
SIM5
SIM1
SIM2
SIM3
SIM4
1
21
22
SIM5
SIM1
SIM2
SIM3
SIM4
1
21
22
SIM5
SIM1
SIM2
SIM3
SIM4
1
21
22
SIM5
SIM1
SIM2
SIM3
SIM4
1
21
22
SIM5
SIM1
SIM2
SIM3
SIM4
1
21
22
SIM5
SIM1
SIM2
SIM3
SIM4
1
21
22
SIM5
SIM1
SIM2
SIM3
SIM4
1
21
22
SIM5
SIM1
SIM2
SIM3
SIM4
1
21
22
SIM5
SIM1
SIM2
SIM3
SIM4
1
21
22
SIM5
SIM1
SIM2
SIM3
SIM4
1
21
22
SIM5
SIM1
SIM2
SIM3
SIM4
1
21
22
SIM5
SIM1
SIM2
SIM3
SIM4
1
21
22
SIM5
SIM1
SIM2
SIM3
SIM4
1
21
22
SIM5
SIM1
SIM2
SIM3
SIM4
1
21
22
SIM5
SIM1
SIM2
SIM3
SIM4
1
21
22
SIM5
SIM1
SIM2
SIM3
SIM4
1
21
22
SIM5
SIM1
SIM2
SIM3
SIM4
1
21
22
SIM5
SIM1
SIM2
SIM3
SIM4
1
21
22
SIM5
SIM1
SIM2
SIM3
SIM4
1
21
22
SIM5
SIM1
SIM2
SIM3
SIM4
1
21
22
SIM5
SIM1
SIM2
SIM3
SIM4
1
21
22
SIM5
SIM1
SIM2
SIM3
SIM4
1
21
22
SIM5
SIM1
SIM2
SIM3
SIM4
1
21
22
SIM5
SIM1
SIM2
SIM3
SIM4
1
21
22
SIM5
SIM1
SIM2
SIM3
SIM4
1
21
22
SIM5
SIM1
SIM2
SIM3
SIM4
1
21
22
SIM5
SIM1
SIM2
SIM3
SIM4
1
21
22
SIM5
SIM1
SIM2
SIM3
SIM4
1
21
22
SIM5
SIM1
SIM2
SIM3
SIM4
1
21
22
SIM5
SIM1
SIM2
SIM3
SIM4
1
21
22
SIM5
SIM1
SIM2
SIM3
SIM4
1
21
22
SIM5
SIM1
SIM2
SIM3
SIM4
1
21
22
SIM5
SIM1
SIM2
SIM3
SIM4
1
21
22
SIM5
SIM1
SIM2
SIM3
SIM4
1
21
22
SIM5
SIM1
SIM2
SIM3
SIM4
1
21
22
SIM5
SIM1
SIM2
SIM3
SIM4
1
21
22
SIM5
SIM1
SIM2
SIM3
SIM4
1
21
22
SIM5
SIM1
SIM2
SIM3
SIM4
1
21
22
SIM5
SIM1
SIM2
SIM3
SIM4
1
21
22
SIM5
SIM1
SIM2
SIM3
SIM4
1
21
22
SIM5
SIM1
SIM2
SIM3
SIM4
1
21
22
SIM5
SIM1
SIM2
SIM3
SIM4
1
21
22
SIM5
SIM1
SIM2
SIM3
SIM4
1
21
22
SIM5
SIM1
SIM2
SIM3
SIM4
1
21
22
SIM5
SIM1
SIM2
SIM3
SIM4
1
21
22
SIM5
SIM1
SIM2
SIM3
SIM4
1
21
22
SIM5
SIM1
SIM2
SIM3
SIM4
1
21
22
SIM5
SIM1
SIM2
SIM3
SIM4
1
21
22
SIM5
SIM1
SIM2
SIM3
SIM4
1
21
22
SIM5
SIM1
SIM2
SIM3
SIM4
1
21
22
SIM5
SIM1
SIM2
SIM3
SIM4
1
21
22
SIM5
SIM1
SIM2
SIM3
SIM4
1
21
22
SIM5
SIM1
SIM2
SIM3
SIM4
1
21
22
SIM5
SIM1
SIM2
SIM3
SIM4
1
21
22
SIM5
SIM1
SIM2
SIM3
SIM4
1
21
22
SIM5
SIM1
SIM2
SIM3
SIM4
1
21
22
SIM5
SIM1
SIM2
SIM3
SIM4
1
21
22
SIM5
SIM1
SIM2
SIM3
SIM4
1
21
22
SIM5
SIM1
SIM2
SIM3
SIM4
1
21
22
SIM5
SIM1
SIM2
SIM3
SIM4
1
21
22
SIM5
SIM1
SIM2
SIM3
SIM4
1
21
22
SIM5
SIM1
SIM2
SIM3
SIM4
1
21
22
SIM5
SIM1
SIM2
SIM3
SIM4
1
21
22
SIM5
SIM1
SIM2
SIM3
SIM4
1
21
22
SIM5
SIM1
SIM2
SIM3
SIM4
1
21
22
SIM5
SIM1
SIM2
SIM3
SIM4
1
21
22
SIM5
SIM1
SIM2
SIM3
SIM4
1
21
22
SIM5
SIM1
SIM2
SIM3
SIM4
1
21
22
SIM5
SIM1
SIM2
SIM3
SIM4
1
21
22
SIM5
SIM1
SIM2
SIM3
SIM4
1
21
22
SIM5
SIM1
SIM2
SIM3
SIM4
1
21
22
SIM5
SIM1
SIM2
SIM3
SIM4
1
21
22
SIM5
SIM1
SIM2
SIM3
SIM4
1
21
22
SIM5
SIM1
SIM2
SIM3
SIM4
1
21
22
SIM5
SIM1
SIM2
SIM3
SIM4
1
21
22
SIM5
SIM1
SIM2
SIM3
SIM4
1
21
22
SIM5
SIM1
SIM2
SIM3
SIM4
1
21
22
SIM5
SIM1
SIM2
SIM3
SIM4
1
21
22
SIM5
SIM1
SIM2
SIM3
SIM4
1
21
22
SIM5
SIM1
SIM2
SIM3
SIM4
1
21
22
SIM5
SIM1
SIM2
SIM3
SIM4
1
21
22
SIM5
SIM1
SIM2
SIM3
SIM4
1
21
22
SIM5
SIM1
SIM2
SIM3
SIM4
1
21
22
SIM5
SIM1
SIM2
SIM3
SIM4
1
21
22
SIM5
SIM1
SIM2
SIM3
SIM4
1
21
22
SIM5
SIM1
SIM2
SIM3
SIM4
1
21
22
SIM5
SIM1
SIM2
SIM3
SIM4
1
21
22
SIM5
SIM1
SIM2
SIM3
SIM4
1
21
22
SIM5
SIM1
SIM2
SIM3
SIM4
1
21
22
SIM5
SIM1
SIM2
SIM3
SIM4
1
21
22
SIM5
SIM1
SIM2
SIM3
SIM4
1
21
22
SIM5
SIM1
SIM2
SIM3
SIM4
1
21
22
SIM5
SIM1
SIM2
SIM3
SIM4
1
21
22
SIM5
SIM1
SIM2
SIM3
SIM4
1
21
22
SIM5
SIM1
SIM2
SIM3
SIM4
1
21
22
SIM5
SIM1
SIM2
SIM3
SIM4
1
21
22
SIM5
SIM1
SIM2
SIM3
SIM4
1
21
22
SIM5
SIM1
SIM2
SIM3
SIM4
1
21
22
SIM5
SIM1
SIM2
SIM3
SIM4
1
21
22
SIM5
SIM1
SIM2
SIM3
SIM4
1
21
22
SIM5
SIM1
SIM2
SIM3
SIM4
1
21
22
SIM5
SIM1
SIM2
SIM3
SIM4
1
21
22
SIM5
SIM1
SIM2
SIM3
SIM4
1
21
22
SIM5
SIM1
SIM2
SIM3
SIM4
1
21
22
SIM5
SIM1
SIM2
SIM3
SIM4
1
21
22
SIM5
SIM1
SIM2
SIM3
SIM4
1
21
22
SIM5
SIM1
SIM2
SIM3
SIM4
1
21
22
SIM5
SIM1
SIM2
SIM3
SIM4
1
21
22
SIM5
SIM1
SIM2
SIM3
SIM4
1
21
22
SIM5
SIM1
SIM2
SIM3
SIM4
1
21
22
SIM5
SIM1
SIM2
SIM3
SIM4
1
21
22
SIM5
SIM1
SIM2
SIM3
SIM4
1
21
22
SIM5
SIM1
SIM2
SIM3
SIM4
1
21
22
SIM5
SIM1
SIM2
SIM3
SIM4
1
21
22
SIM5
SIM1
SIM2
SIM3
SIM4
1
21
22
SIM5
SIM1
SIM2
SIM3
SIM4
1
21
22
SIM5
SIM1
SIM2
SIM3
SIM4
1
21
22
SIM5
SIM1
SIM2
SIM3
SIM4
1
21
22
SIM5
SIM1
SIM2
SIM3
SIM4
1
21
22
SIM5
SIM1
SIM2
SIM3
SIM4
1
21
22
SIM5
SIM1
SIM2
SIM3
SIM4
1
21
22
SIM5
SIM1
SIM2
SIM3
SIM4
1
21
22
SIM5
SIM1
SIM2
SIM3
SIM4
1
21
22
SIM5
SIM1
SIM2
SIM3
SIM4
1
21
22
SIM5
SIM1
SIM2
SIM3
SIM4
1
21
22
SIM5
SIM1
SIM2
SIM3
SIM4
1
21
22
SIM5
SIM1
SIM2
SIM3
SIM4
1
21
22
SIM5
SIM1
SIM2
SIM3
SIM4
1
21
22
SIM5
SIM1
SIM2
SIM3
SIM4
1
21
22
SIM5
SIM1
SIM2
SIM3
SIM4
1
21
22
SIM5
SIM1
SIM2
SIM3
SIM4
1
21
22
SIM5
SIM1
SIM2
SIM3
SIM4
1
21
22
SIM5
SIM1
SIM2
SIM3
SIM4
1
21
22
SIM5
SIM1
SIM2
SIM3
SIM4
1
21
22
SIM5
SIM1
SIM2
SIM3
SIM4
1
21
22
SIM5
SIM1
SIM2
SIM3
SIM4
1
21
22
SIM5
SIM1
SIM2
SIM3
SIM4
1
21
22
SIM5
SIM1
SIM2
SIM3
SIM4
1
21
22
SIM5
SIM1
SIM2
SIM3
SIM4
1
21
22
SIM5
SIM1
SIM2
SIM3
SIM4
1
21
22
SIM5
SIM1
SIM2
SIM3
SIM4
1
21
22
SIM5
SIM1
SIM2
DEBUG 1 282
SIM1
SIM2
SIM3
SIM4
1
21
22
SIM5
SIM1
SIM2
SIM3
SIM4
1
21
22
SIM5
SIM1
SIM2
SIM3
SIM4
1
21
22
SIM5
SIM1
SIM2
SIM3
SIM4
1
21
22
SIM5
SIM1
SIM2
SIM3
SIM4
1
21
22
SIM5
SIM1
SIM2
SIM3
SIM4
1
21
22
SIM5
SIM1
SIM2
SIM3
SIM4
1
21
22
SIM5
SIM1
SIM2
SIM3
SIM4
1
21
22
SIM5
SIM1
SIM2
SIM3
SIM4
1
21
22
SIM5
SIM1
SIM2
SIM3
SIM4
1
21
22
SIM5
SIM1
SIM2
SIM3
SIM4
1
21
22
SIM5
SIM1
SIM2
SIM3
SIM4
1
21
22
SIM5
SIM1
SIM2
SIM3
SIM4
1
21
22
SIM5
SIM1
SIM2
SIM3
SIM4
1
21
22
SIM5
SIM1
SIM2
SIM3
SIM4
1
21
22
SIM5
SIM1
SIM2
SIM3
SIM4
1
21
22
SIM5
SIM1
SIM2
SIM3
SIM4
1
21
22
SIM5
SIM1
SIM2
SIM3
SIM4
1
21
22
SIM5
SIM1
SIM2
SIM3
SIM4
1
21
22
SIM5
SIM1
SIM2
SIM3
SIM4
1
21
22
SIM5
SIM1
SIM2
SIM3
SIM4
1
21
22
SIM5
SIM1
SIM2
SIM3
SIM4
1
21
22
SIM5
SIM1
SIM2
SIM3
SIM4
1
21
22
SIM5
SIM1
SIM2
SIM3
SIM4
1
21
22
SIM5
SIM1
SIM2
SIM3
SIM4
1
21
22
SIM5
SIM1
SIM2
SIM3
SIM4
1
21
22
SIM5
SIM1
SIM2
SIM3
SIM4
1
21
22
SIM5
SIM1
SIM2
SIM3
SIM4
1
21
22
SIM5
SIM1
SIM2
SIM3
SIM4
1
21
22
SIM5
SIM1
SIM2
SIM3
SIM4
1
21
22
SIM5
SIM1
SIM2
SIM3
SIM4
1
21
22
SIM5
SIM1
SIM2
SIM3
SIM4
1
21
22
SIM5
SIM1
SIM2
SIM3
SIM4
1
21
22
SIM5
SIM1
SIM2
SIM3
SIM4
1
21
22
SIM5
SIM1
SIM2
SIM3
SIM4
1
21
22
SIM5
SIM1
SIM2
SIM3
SIM4
1
21
22
SIM5
SIM1
SIM2
SIM3
SIM4
1
21
22
SIM5
SIM1
SIM2
SIM3
SIM4
1
21
22
SIM5
SIM1
SIM2
SIM3
SIM4
1
21
22
SIM5
SIM1
SIM2
SIM3
SIM4
1
21
22
SIM5
SIM1
SIM2
SIM3
SIM4
1
21
22
SIM5
SIM1
SIM2
SIM3
SIM4
1
21
22
SIM5
SIM1
SIM2
SIM3
SIM4
1
21
22
SIM5
SIM1
SIM2
SIM3
SIM4
1
21
22
SIM5
SIM1
SIM2
SIM3
SIM4
1
21
22
SIM5
SIM1
SIM2
SIM3
SIM4
1
21
22
SIM5
SIM1
SIM2
SIM3
SIM4
1
21
22
SIM5
SIM1
SIM2
SIM3
SIM4
1
21
22
SIM5
SIM1
SIM2
SIM3
SIM4
1
21
22
SIM5
SIM1
SIM2
SIM3
SIM4
1
21
22
SIM5
SIM1
SIM2
SIM3
SIM4
1
21
22
SIM5
SIM1
SIM2
SIM3
SIM4
1
21
22
SIM5
SIM1
SIM2
SIM3
SIM4
1
21
22
SIM5
SIM1
SIM2
SIM3
SIM4
1
21
22
SIM5
SIM1
SIM2
SIM3
SIM4
1
21
22
SIM5
SIM1
SIM2
SIM3
SIM4
1
21
22
SIM5
SIM1
SIM2
SIM3
SIM4
1
21
22
SIM5
SIM1
SIM2
SIM3
SIM4
1
21
22
SIM5
SIM1
SIM2
SIM3
SIM4
1
21
22
SIM5
SIM1
SIM2
SIM3
SIM4
1
21
22
SIM5
SIM1
SIM2
SIM3
SIM4
1
21
22
SIM5
SIM1
SIM2
SIM3
SIM4
1
21
22
SIM5
SIM1
SIM2
SIM3
SIM4
1
21
22
SIM5
SIM1
SIM2
SIM3
SIM4
1
21
22
SIM5
SIM1
SIM2
SIM3
SIM4
1
21
22
SIM5
SIM1
SIM2
SIM3
SIM4
1
21
22
SIM5
SIM1
SIM2
SIM3
SIM4
1
21
22
SIM5
SIM1
SIM2
SIM3
SIM4
1
21
22
SIM5
SIM1
SIM2
SIM3
SIM4
1
21
22
SIM5
SIM1
SIM2
SIM3
SIM4
1
21
22
SIM5
SIM1
SIM2
SIM3
SIM4
1
21
22
SIM5
SIM1
SIM2
SIM3
SIM4
1
21
22
SIM5
SIM1
SIM2
SIM3
SIM4
1
21
22
SIM5
SIM1
SIM2
SIM3
SIM4
1
21
22
SIM5
SIM1
SIM2
SIM3
SIM4
1
21
22
SIM5
SIM1
SIM2
SIM3
SIM4
1
21
22
SIM5
SIM1
SIM2
SIM3
SIM4
1
21
22
SIM5
SIM1
SIM2
SIM3
SIM4
1
21
22
SIM5
SIM1
SIM2
SIM3
SIM4
1
21
22
SIM5
SIM1
SIM2
SIM3
SIM4
1
21
22
SIM5
SIM1
SIM2
SIM3
SIM4
1
21
22
SIM5
SIM1
SIM2
SIM3
SIM4
1
21
22
SIM5
SIM1
SIM2
SIM3
SIM4
1
21
22
SIM5
SIM1
SIM2
SIM3
SIM4
1
21
22
SIM5
SIM1
SIM2
SIM3
SIM4
1
21
22
SIM5
SIM1
SIM2
SIM3
SIM4
1
21
22
SIM5
SIM1
SIM2
SIM3
SIM4
1
21
22
SIM5
SIM1
SIM2
SIM3
SIM4
1
21
22
SIM5
SIM1
SIM2
SIM3
SIM4
1
21
22
SIM5
SIM1
SIM2
SIM3
SIM4
1
21
22
SIM5
SIM1
SIM2
SIM3
SIM4
1
21
22
SIM5
SIM1
SIM2
SIM3
SIM4
1
21
22
SIM5
SIM1
SIM2
SIM3
SIM4
1
21
22
SIM5
SIM1
SIM2
SIM3
SIM4
1
21
22
SIM5
SIM1
SIM2
SIM3
SIM4
1
21
22
SIM5
SIM1
SIM2
SIM3
SIM4
1
21
22
SIM5
SIM1
SIM2
SIM3
SIM4
1
21
22
SIM5
SIM1
SIM2
SIM3
SIM4
1
21
22
SIM5
SIM1
SIM2
SIM3
SIM4
1
21
22
SIM5
SIM1
SIM2
SIM3
SIM4
1
21
22
SIM5
SIM1
SIM2
SIM3
SIM4
1
21
22
SIM5
SIM1
SIM2
SIM3
SIM4
1
21
22
SIM5
SIM1
SIM2
SIM3
SIM4
1
21
22
SIM5
SIM1
SIM2
SIM3
SIM4
1
21
22
SIM5
SIM1
SIM2
SIM3
SIM4
1
21
22
SIM5
SIM1
SIM2
SIM3
SIM4
1
21
22
SIM5
SIM1
SIM2
SIM3
SIM4
1
21
22
SIM5
SIM1
SIM2
SIM3
SIM4
1
21
22
SIM5
SIM1
SIM2
SIM3
SIM4
1
21
22
SIM5
SIM1
SIM2
SIM3
SIM4
1
21
22
SIM5
SIM1
SIM2
SIM3
SIM4
1
21
22
SIM5
SIM1
SIM2
SIM3
SIM4
1
21
22
SIM5
SIM1
SIM2
SIM3
SIM4
1
21
22
SIM5
SIM1
SIM2
SIM3
SIM4
1
21
22
SIM5
SIM1
SIM2
SIM3
SIM4
1
21
22
SIM5
SIM1
SIM2
SIM3
SIM4
1
21
22
SIM5
SIM1
SIM2
SIM3
SIM4
1
21
22
SIM5
SIM1
SIM2
SIM3
SIM4
1
21
22
SIM5
SIM1
SIM2
SIM3
SIM4
1
21
22
SIM5
SIM1
SIM2
SIM3
SIM4
1
21
22
SIM5
SIM1
SIM2
SIM3
SIM4
1
21
22
SIM5
SIM1
SIM2
SIM3
SIM4
1
21
22
SIM5
SIM1
SIM2
SIM3
SIM4
1
21
22
SIM5
SIM1
SIM2
SIM3
SIM4
1
21
22
SIM5
SIM1
SIM2
SIM3
SIM4
1
21
22
SIM5
SIM1
SIM2
SIM3
SIM4
1
21
22
SIM5
SIM1
SIM2
SIM3
SIM4
1
21
22
SIM5
SIM1
SIM2
SIM3
SIM4
1
21
22
SIM5
SIM1
SIM2
SIM3
SIM4
1
21
22
SIM5
SIM1
SIM2
SIM3
SIM4
1
21
22
SIM5
SIM1
SIM2
SIM3
SIM4
1
21
22
SIM5
SIM1
SIM2
SIM3
SIM4
1
21
22
SIM5
SIM1
SIM2
SIM3
SIM4
1
21
22
SIM5
SIM1
SIM2
SIM3
SIM4
1
21
22
SIM5
SIM1
SIM2
SIM3
SIM4
1
21
22
SIM5
SIM1
SIM2
SIM3
SIM4
1
21
22
SIM5
SIM1
SIM2
SIM3
SIM4
1
21
22
SIM5
SIM1
SIM2
SIM3
SIM4
1
21
22
SIM5
SIM1
SIM2
SIM3
SIM4
1
21
22
SIM5
SIM1
SIM2
SIM3
SIM4
1
21
22
SIM5
SIM1
SIM2
SIM3
SIM4
1
21
22
SIM5
SIM1
SIM2
SIM3
SIM4
1
21
22
SIM5
SIM1
SIM2
SIM3
SIM4
1
21
22
SIM5
SIM1
SIM2
SIM3
SIM4
1
21
22
SIM5
SIM1
SIM2
SIM3
SIM4
1
21
22
SIM5
SIM1
SIM2
SIM3
SIM4
1
21
22
SIM5
SIM1
SIM2
SIM3
SIM4
1
21
22
SIM5
SIM1
SIM2
SIM3
SIM4
1
21
22
SIM5
SIM1
SIM2
SIM3
SIM4
1
21
22
SIM5
SIM1
SIM2
SIM3
SIM4
1
21
22
SIM5
SIM1
SIM2
SIM3
SIM4
1
21
22
SIM5
SIM1
SIM2
SIM3
SIM4
1
21
22
SIM5
SIM1
SIM2
SIM3
SIM4
1
21
22
SIM5
SIM1
SIM2
SIM3
SIM4
1
21
22
SIM5
SIM1
SIM2
SIM3
SIM4
1
21
22
SIM5
SIM1
SIM2
SIM3
SIM4
1
21
22
SIM5
SIM1
SIM2
SIM3
SIM4
1
21
22
SIM5
SIM1
SIM2
SIM3
SIM4
1
21
22
SIM5
SIM1
SIM2
SIM3
SIM4
1
21
22
SIM5
SIM1
SIM2
SIM3
SIM4
1
21
22
SIM5
SIM1
SIM2
SIM3
SIM4
1
21
22
SIM5
SIM1
SIM2
SIM3
SIM4
1
21
22
SIM5
SIM1
SIM2
SIM3
SIM4
1
21
22
SIM5
SIM1
SIM2
SIM3
SIM4
1
21
22
SIM5
SIM1
SIM2
SIM3
SIM4
1
21
22
SIM5
SIM1
SIM2
SIM3
SIM4
1
21
22
SIM5
SIM1
SIM2
SIM3
SIM4
1
21
22
SIM5
SIM1
SIM2
SIM3
SIM4
1
21
22
SIM5
SIM1
SIM2
SIM3
SIM4
1
21
22
SIM5
SIM1
SIM2
SIM3
SIM4
1
21
22
SIM5
SIM1
SIM2
SIM3
SIM4
1
21
22
SIM5
SIM1
SIM2
SIM3
SIM4
1
21
22
SIM5
SIM1
SIM2
SIM3
SIM4
1
21
22
SIM5
SIM1
SIM2
SIM3
SIM4
1
21
22
SIM5
SIM1
SIM2
SIM3
SIM4
1
21
22
SIM5
SIM1
SIM2
SIM3
SIM4
1
21
22
SIM5
SIM1
SIM2
SIM3
SIM4
1
21
22
SIM5
SIM1
SIM2
SIM3
SIM4
1
21
22
SIM5
SIM1
SIM2
SIM3
SIM4
1
21
22
SIM5
SIM1
SIM2
SIM3
SIM4
1
21
22
SIM5
SIM1
SIM2
SIM3
SIM4
1
21
22
SIM5
SIM1
SIM2
SIM3
SIM4
1
21
22
SIM5
SIM1
SIM2
SIM3
SIM4
1
21
22
SIM5
SIM1
SIM2
SIM3
SIM4
1
21
22
SIM5
SIM1
SIM2
SIM3
SIM4
1
21
22
SIM5
SIM1
SIM2
SIM3
SIM4
1
21
22
SIM5
SIM1
SIM2
SIM3
SIM4
1
21
22
SIM5
SIM1
SIM2
SIM3
SIM4
1
21
22
SIM5
SIM1
SIM2
SIM3
SIM4
1
21
22
SIM5
SIM1
SIM2
SIM3
SIM4
1
21
22
SIM5
SIM1
SIM2
SIM3
SIM4
1
21
22
SIM5
SIM1
SIM2
SIM3
SIM4
1
21
22
SIM5
SIM1
SIM2
SIM3
SIM4
1
21
22
SIM5
SIM1
SIM2
SIM3
SIM4
1
21
22
SIM5
SIM1
SIM2
SIM3
SIM4
1
21
22
SIM5
SIM1
SIM2
SIM3
SIM4
1
21
22
SIM5
SIM1
SIM2
SIM3
SIM4
1
21
22
SIM5
SIM1
SIM2
SIM3
SIM4
1
21
22
SIM5
SIM1
SIM2
SIM3
SIM4
1
21
22
SIM5
SIM1
SIM2
SIM3
SIM4
1
21
22
SIM5
SIM1
SIM2
SIM3
SIM4
1
21
22
SIM5
SIM1
SIM2
SIM3
SIM4
1
21
22
SIM5
SIM1
SIM2
SIM3
SIM4
1
21
22
SIM5
SIM1
SIM2
SIM3
SIM4
1
21
22
SIM5
SIM1
SIM2
SIM3
SIM4
1
21
22
SIM5
SIM1
SIM2
SIM3
SIM4
1
21
22
SIM5
SIM1
SIM2
SIM3
SIM4
1
21
22
SIM5
SIM1
SIM2
SIM3
SIM4
1
21
22
SIM5
SIM1
SIM2
SIM3
SIM4
1
21
22
SIM5
SIM1
SIM2
SIM3
SIM4
1
21
22
SIM5
SIM1
SIM2
SIM3
SIM4
1
21
22
SIM5
SIM1
SIM2
SIM3
SIM4
1
21
22
SIM5
SIM1
SIM2
SIM3
SIM4
1
21
22
SIM5
SIM1
SIM2
SIM3
SIM4
1
21
22
SIM5
SIM1
SIM2
SIM3
SIM4
1
21
22
SIM5
SIM1
SIM2
SIM3
SIM4
1
21
22
SIM5
SIM1
SIM2
SIM3
SIM4
1
21
22
SIM5
SIM1
SIM2
SIM3
SIM4
1
21
22
SIM5
SIM1
SIM2
SIM3
SIM4
1
21
22
SIM5
SIM1
SIM2
SIM3
SIM4
1
21
22
SIM5
SIM1
SIM2
SIM3
SIM4
1
21
22
SIM5
SIM1
SIM2
SIM3
SIM4
1
21
22
SIM5
SIM1
SIM2
SIM3
SIM4
1
21
22
SIM5
SIM1
SIM2
SIM3
SIM4
1
21
22
SIM5
SIM1
SIM2
SIM3
SIM4
1
21
22
SIM5
SIM1
SIM2
SIM3
SIM4
1
21
22
SIM5
SIM1
SIM2
SIM3
SIM4
1
21
22
SIM5
SIM1
SIM2
SIM3
SIM4
1
21
22
SIM5
SIM1
SIM2
SIM3
SIM4
1
21
22
SIM5
SIM1
SIM2
SIM3
SIM4
1
21
22
SIM5
SIM1
SIM2
SIM3
SIM4
1
21
22
SIM5
SIM1
SIM2
SIM3
SIM4
1
21
22
SIM5
SIM1
SIM2
SIM3
SIM4
1
21
22
SIM5
SIM1
SIM2
SIM3
SIM4
1
21
22
SIM5
SIM1
SIM2
SIM3
SIM4
1
21
22
SIM5
SIM1
SIM2
SIM3
SIM4
1
21
22
SIM5
SIM1
SIM2
SIM3
SIM4
1
21
22
SIM5
SIM1
SIM2
SIM3
SIM4
1
21
22
SIM5
SIM1
SIM2
SIM3
SIM4
1
21
22
SIM5
SIM1
SIM2
SIM3
SIM4
1
21
22
SIM5
SIM1
SIM2
SIM3
SIM4
1
21
22
SIM5
SIM1
SIM2
SIM3
SIM4
1
21
22
SIM5
SIM1
SIM2
SIM3
SIM4
1
21
22
SIM5
SIM1
SIM2
SIM3
SIM4
1
21
22
SIM5
SIM1
SIM2
SIM3
SIM4
1
21
22
SIM5
SIM1
SIM2
SIM3
SIM4
1
21
22
SIM5
SIM1
SIM2
SIM3
SIM4
1
21
22
SIM5
SIM1
SIM2
SIM3
SIM4
1
21
22
SIM5
SIM1
SIM2
DEBUG 1 283
SIM1
SIM2
SIM3
SIM4
1
21
22
SIM5
SIM1
SIM2
SIM3
SIM4
1
21
22
SIM5
SIM1
SIM2
SIM3
SIM4
1
21
22
SIM5
SIM1
SIM2
SIM3
SIM4
1
21
22
SIM5
SIM1
SIM2
SIM3
SIM4
1
21
22
SIM5
SIM1
SIM2
SIM3
SIM4
1
21
22
SIM5
SIM1
SIM2
SIM3
SIM4
1
21
22
SIM5
SIM1
SIM2
SIM3
SIM4
1
21
22
SIM5
SIM1
SIM2
SIM3
SIM4
1
21
22
SIM5
SIM1
SIM2
SIM3
SIM4
1
21
22
SIM5
SIM1
SIM2
SIM3
SIM4
1
21
22
SIM5
SIM1
SIM2
SIM3
SIM4
1
21
22
SIM5
SIM1
SIM2
SIM3
SIM4
1
21
22
SIM5
SIM1
SIM2
SIM3
SIM4
1
21
22
SIM5
SIM1
SIM2
SIM3
SIM4
1
21
22
SIM5
SIM1
SIM2
SIM3
SIM4
1
21
22
SIM5
SIM1
SIM2
SIM3
SIM4
1
21
22
SIM5
SIM1
SIM2
SIM3
SIM4
1
21
22
SIM5
SIM1
SIM2
SIM3
SIM4
1
21
22
SIM5
SIM1
SIM2
SIM3
SIM4
1
21
22
SIM5
SIM1
SIM2
SIM3
SIM4
1
21
22
SIM5
SIM1
SIM2
SIM3
SIM4
1
21
22
SIM5
SIM1
SIM2
SIM3
SIM4
1
21
22
SIM5
SIM1
SIM2
SIM3
SIM4
1
21
22
SIM5
SIM1
SIM2
SIM3
SIM4
1
21
22
SIM5
SIM1
SIM2
SIM3
SIM4
1
21
22
SIM5
SIM1
SIM2
SIM3
SIM4
1
21
22
SIM5
SIM1
SIM2
SIM3
SIM4
1
21
22
SIM5
SIM1
SIM2
SIM3
SIM4
1
21
22
SIM5
SIM1
SIM2
SIM3
SIM4
1
21
22
SIM5
SIM1
SIM2
SIM3
SIM4
1
21
22
SIM5
SIM1
SIM2
SIM3
SIM4
1
21
22
SIM5
SIM1
SIM2
SIM3
SIM4
1
21
22
SIM5
SIM1
SIM2
SIM3
SIM4
1
21
22
SIM5
SIM1
SIM2
SIM3
SIM4
1
21
22
SIM5
SIM1
SIM2
SIM3
SIM4
1
21
22
SIM5
SIM1
SIM2
SIM3
SIM4
1
21
22
SIM5
SIM1
SIM2
SIM3
SIM4
1
21
22
SIM5
SIM1
SIM2
SIM3
SIM4
1
21
22
SIM5
SIM1
SIM2
SIM3
SIM4
1
21
22
SIM5
SIM1
SIM2
SIM3
SIM4
1
21
22
SIM5
SIM1
SIM2
SIM3
SIM4
1
21
22
SIM5
SIM1
SIM2
SIM3
SIM4
1
21
22
SIM5
SIM1
SIM2
SIM3
SIM4
1
21
22
SIM5
SIM1
SIM2
SIM3
SIM4
1
21
22
SIM5
SIM1
SIM2
SIM3
SIM4
1
21
22
SIM5
SIM1
SIM2
SIM3
SIM4
1
21
22
SIM5
SIM1
SIM2
SIM3
SIM4
1
21
22
SIM5
SIM1
SIM2
SIM3
SIM4
1
21
22
SIM5
SIM1
SIM2
SIM3
SIM4
1
21
22
SIM5
SIM1
SIM2
SIM3
SIM4
1
21
22
SIM5
SIM1
SIM2
SIM3
SIM4
1
21
22
SIM5
SIM1
SIM2
SIM3
SIM4
1
21
22
SIM5
SIM1
SIM2
SIM3
SIM4
1
21
22
SIM5
SIM1
SIM2
SIM3
SIM4
1
21
22
SIM5
SIM1
SIM2
SIM3
SIM4
1
21
22
SIM5
SIM1
SIM2
SIM3
SIM4
1
21
22
SIM5
SIM1
SIM2
SIM3
SIM4
1
21
22
SIM5
SIM1
SIM2
SIM3
SIM4
1
21
22
SIM5
SIM1
SIM2
SIM3
SIM4
1
21
22
SIM5
SIM1
SIM2
SIM3
SIM4
1
21
22
SIM5
SIM1
SIM2
SIM3
SIM4
1
21
22
SIM5
SIM1
SIM2
SIM3
SIM4
1
21
22
SIM5
SIM1
SIM2
SIM3
SIM4
1
21
22
SIM5
SIM1
SIM2
SIM3
SIM4
1
21
22
SIM5
SIM1
SIM2
SIM3
SIM4
1
21
22
SIM5
SIM1
SIM2
SIM3
SIM4
1
21
22
SIM5
SIM1
SIM2
SIM3
SIM4
1
21
22
SIM5
SIM1
SIM2
SIM3
SIM4
1
21
22
SIM5
SIM1
SIM2
SIM3
SIM4
1
21
22
SIM5
SIM1
SIM2
SIM3
SIM4
1
21
22
SIM5
SIM1
SIM2
SIM3
SIM4
1
21
22
SIM5
SIM1
SIM2
SIM3
SIM4
1
21
22
SIM5
SIM1
SIM2
SIM3
SIM4
1
21
22
SIM5
SIM1
SIM2
SIM3
SIM4
1
21
22
SIM5
SIM1
SIM2
SIM3
SIM4
1
21
22
SIM5
SIM1
SIM2
SIM3
SIM4
1
21
22
SIM5
SIM1
SIM2
SIM3
SIM4
1
21
22
SIM5
SIM1
SIM2
SIM3
SIM4
1
21
22
SIM5
SIM1
SIM2
SIM3
SIM4
1
21
22
SIM5
SIM1
SIM2
SIM3
SIM4
1
21
22
SIM5
SIM1
SIM2
SIM3
SIM4
1
21
22
SIM5
SIM1
SIM2
SIM3
SIM4
1
21
22
SIM5
SIM1
SIM2
SIM3
SIM4
1
21
22
SIM5
SIM1
SIM2
SIM3
SIM4
1
21
22
SIM5
SIM1
SIM2
SIM3
SIM4
1
21
22
SIM5
SIM1
SIM2
SIM3
SIM4
1
21
22
SIM5
SIM1
SIM2
SIM3
SIM4
1
21
22
SIM5
SIM1
SIM2
SIM3
SIM4
1
21
22
SIM5
SIM1
SIM2
SIM3
SIM4
1
21
22
SIM5
SIM1
SIM2
SIM3
SIM4
1
21
22
SIM5
SIM1
SIM2
SIM3
SIM4
1
21
22
SIM5
SIM1
SIM2
SIM3
SIM4
1
21
22
SIM5
SIM1
SIM2
SIM3
SIM4
1
21
22
SIM5
SIM1
SIM2
SIM3
SIM4
1
21
22
SIM5
SIM1
SIM2
SIM3
SIM4
1
21
22
SIM5
SIM1
SIM2
SIM3
SIM4
1
21
22
SIM5
SIM1
SIM2
SIM3
SIM4
1
21
22
SIM5
SIM1
SIM2
SIM3
SIM4
1
21
22
SIM5
SIM1
SIM2
SIM3
SIM4
1
21
22
SIM5
SIM1
SIM2
SIM3
SIM4
1
21
22
SIM5
SIM1
SIM2
SIM3
SIM4
1
21
22
SIM5
SIM1
SIM2
SIM3
SIM4
1
21
22
SIM5
SIM1
SIM2
SIM3
SIM4
1
21
22
SIM5
SIM1
SIM2
SIM3
SIM4
1
21
22
SIM5
SIM1
SIM2
SIM3
SIM4
1
21
22
SIM5
SIM1
SIM2
SIM3
SIM4
1
21
22
SIM5
SIM1
SIM2
SIM3
SIM4
1
21
22
SIM5
SIM1
SIM2
SIM3
SIM4
1
21
22
SIM5
SIM1
SIM2
SIM3
SIM4
1
21
22
SIM5
SIM1
SIM2
SIM3
SIM4
1
21
22
SIM5
SIM1
SIM2
SIM3
SIM4
1
21
22
SIM5
SIM1
SIM2
SIM3
SIM4
1
21
22
SIM5
SIM1
SIM2
SIM3
SIM4
1
21
22
SIM5
SIM1
SIM2
SIM3
SIM4
1
21
22
SIM5
SIM1
SIM2
SIM3
SIM4
1
21
22
SIM5
SIM1
SIM2
SIM3
SIM4
1
21
22
SIM5
SIM1
SIM2
SIM3
SIM4
1
21
22
SIM5
SIM1
SIM2
SIM3
SIM4
1
21
22
SIM5
SIM1
SIM2
SIM3
SIM4
1
21
22
SIM5
SIM1
SIM2
SIM3
SIM4
1
21
22
SIM5
SIM1
SIM2
SIM3
SIM4
1
21
22
SIM5
SIM1
SIM2
SIM3
SIM4
1
21
22
SIM5
SIM1
SIM2
SIM3
SIM4
1
21
22
SIM5
SIM1
SIM2
SIM3
SIM4
1
21
22
SIM5
SIM1
SIM2
SIM3
SIM4
1
21
22
SIM5
SIM1
SIM2
SIM3
SIM4
1
21
22
SIM5
SIM1
SIM2
SIM3
SIM4
1
21
22
SIM5
SIM1
SIM2
SIM3
SIM4
1
21
22
SIM5
SIM1
SIM2
SIM3
SIM4
1
21
22
SIM5
SIM1
SIM2
SIM3
SIM4
1
21
22
SIM5
SIM1
SIM2
SIM3
SIM4
1
21
22
SIM5
SIM1
SIM2
SIM3
SIM4
1
21
22
SIM5
SIM1
SIM2
SIM3
SIM4
1
21
22
SIM5
SIM1
SIM2
SIM3
SIM4
1
21
22
SIM5
SIM1
SIM2
SIM3
SIM4
1
21
22
SIM5
SIM1
SIM2
SIM3
SIM4
1
21
22
SIM5
SIM1
SIM2
SIM3
SIM4
1
21
22
SIM5
SIM1
SIM2
SIM3
SIM4
1
21
22
SIM5
SIM1
SIM2
SIM3
SIM4
1
21
22
SIM5
SIM1
SIM2
SIM3
SIM4
1
21
22
SIM5
SIM1
SIM2
SIM3
SIM4
1
21
22
SIM5
SIM1
SIM2
SIM3
SIM4
1
21
22
SIM5
SIM1
SIM2
SIM3
SIM4
1
21
22
SIM5
SIM1
SIM2
SIM3
SIM4
1
21
22
SIM5
SIM1
SIM2
SIM3
SIM4
1
21
22
SIM5
SIM1
SIM2
SIM3
SIM4
1
21
22
SIM5
SIM1
SIM2
SIM3
SIM4
1
21
22
SIM5
SIM1
SIM2
SIM3
SIM4
1
21
22
SIM5
SIM1
SIM2
SIM3
SIM4
1
21
22
SIM5
SIM1
SIM2
SIM3
SIM4
1
21
22
SIM5
SIM1
SIM2
SIM3
SIM4
1
21
22
SIM5
SIM1
SIM2
SIM3
SIM4
1
21
22
SIM5
SIM1
SIM2
SIM3
SIM4
1
21
22
SIM5
SIM1
SIM2
SIM3
SIM4
1
21
22
SIM5
SIM1
SIM2
SIM3
SIM4
1
21
22
SIM5
SIM1
SIM2
SIM3
SIM4
1
21
22
SIM5
SIM1
SIM2
SIM3
SIM4
1
21
22
SIM5
SIM1
SIM2
SIM3
SIM4
1
21
22
SIM5
SIM1
SIM2
SIM3
SIM4
1
21
22
SIM5
SIM1
SIM2
SIM3
SIM4
1
21
22
SIM5
SIM1
SIM2
SIM3
SIM4
1
21
22
SIM5
SIM1
SIM2
SIM3
SIM4
1
21
22
SIM5
SIM1
SIM2
SIM3
SIM4
1
21
22
SIM5
SIM1
SIM2
SIM3
SIM4
1
21
22
SIM5
SIM1
SIM2
SIM3
SIM4
1
21
22
SIM5
SIM1
SIM2
SIM3
SIM4
1
21
22
SIM5
SIM1
SIM2
SIM3
SIM4
1
21
22
SIM5
SIM1
SIM2
SIM3
SIM4
1
21
22
SIM5
SIM1
SIM2
SIM3
SIM4
1
21
22
SIM5
SIM1
SIM2
SIM3
SIM4
1
21
22
SIM5
SIM1
SIM2
SIM3
SIM4
1
21
22
SIM5
SIM1
SIM2
SIM3
SIM4
1
21
22
SIM5
SIM1
SIM2
SIM3
SIM4
1
21
22
SIM5
SIM1
SIM2
SIM3
SIM4
1
21
22
SIM5
SIM1
SIM2
SIM3
SIM4
1
21
22
SIM5
SIM1
SIM2
SIM3
SIM4
1
21
22
SIM5
SIM1
SIM2
SIM3
SIM4
1
21
22
SIM5
SIM1
SIM2
SIM3
SIM4
1
21
22
SIM5
SIM1
SIM2
SIM3
SIM4
1
21
22
SIM5
SIM1
SIM2
SIM3
SIM4
1
21
22
SIM5
SIM1
SIM2
SIM3
SIM4
1
21
22
SIM5
SIM1
SIM2
SIM3
SIM4
1
21
22
SIM5
SIM1
SIM2
SIM3
SIM4
1
21
22
SIM5
SIM1
SIM2
SIM3
SIM4
1
21
22
SIM5
SIM1
SIM2
SIM3
SIM4
1
21
22
SIM5
SIM1
SIM2
SIM3
SIM4
1
21
22
SIM5
SIM1
SIM2
SIM3
SIM4
1
21
22
SIM5
SIM1
SIM2
SIM3
SIM4
1
21
22
SIM5
SIM1
SIM2
SIM3
SIM4
1
21
22
SIM5
SIM1
SIM2
SIM3
SIM4
1
21
22
SIM5
SIM1
SIM2
SIM3
SIM4
1
21
22
SIM5
SIM1
SIM2
SIM3
SIM4
1
21
22
SIM5
SIM1
SIM2
SIM3
SIM4
1
21
22
SIM5
SIM1
SIM2
SIM3
SIM4
1
21
22
SIM5
SIM1
SIM2
SIM3
SIM4
1
21
22
SIM5
SIM1
SIM2
SIM3
SIM4
1
21
22
SIM5
SIM1
SIM2
SIM3
SIM4
1
21
22
SIM5
SIM1
SIM2
SIM3
SIM4
1
21
22
SIM5
SIM1
SIM2
SIM3
SIM4
1
21
22
SIM5
SIM1
SIM2
SIM3
SIM4
1
21
22
SIM5
SIM1
SIM2
SIM3
SIM4
1
21
22
SIM5
SIM1
SIM2
SIM3
SIM4
1
21
22
SIM5
SIM1
SIM2
SIM3
SIM4
1
21
22
SIM5
SIM1
SIM2
SIM3
SIM4
1
21
22
SIM5
SIM1
SIM2
SIM3
SIM4
1
21
22
SIM5
SIM1
SIM2
SIM3
SIM4
1
21
22
SIM5
SIM1
SIM2
SIM3
SIM4
1
21
22
SIM5
SIM1
SIM2
SIM3
SIM4
1
21
22
SIM5
SIM1
SIM2
SIM3
SIM4
1
21
22
SIM5
SIM1
SIM2
SIM3
SIM4
1
21
22
SIM5
SIM1
SIM2
SIM3
SIM4
1
21
22
SIM5
SIM1
SIM2
SIM3
SIM4
1
21
22
SIM5
SIM1
SIM2
SIM3
SIM4
1
21
22
SIM5
SIM1
SIM2
SIM3
SIM4
1
21
22
SIM5
SIM1
SIM2
SIM3
SIM4
1
21
22
SIM5
SIM1
SIM2
SIM3
SIM4
1
21
22
SIM5
SIM1
SIM2
SIM3
SIM4
1
21
22
SIM5
SIM1
SIM2
SIM3
SIM4
1
21
22
SIM5
SIM1
SIM2
SIM3
SIM4
1
21
22
SIM5
SIM1
SIM2
SIM3
SIM4
1
21
22
SIM5
SIM1
SIM2
SIM3
SIM4
1
21
22
SIM5
SIM1
SIM2
SIM3
SIM4
1
21
22
SIM5
SIM1
SIM2
SIM3
SIM4
1
21
22
SIM5
SIM1
SIM2
SIM3
SIM4
1
21
22
SIM5
SIM1
SIM2
SIM3
SIM4
1
21
22
SIM5
SIM1
SIM2
SIM3
SIM4
1
21
22
SIM5
SIM1
SIM2
SIM3
SIM4
1
21
22
SIM5
SIM1
SIM2
SIM3
SIM4
1
21
22
SIM5
SIM1
SIM2
SIM3
SIM4
1
21
22
SIM5
SIM1
SIM2
SIM3
SIM4
1
21
22
SIM5
SIM1
SIM2
SIM3
SIM4
1
21
22
SIM5
SIM1
SIM2
SIM3
SIM4
1
21
22
SIM5
SIM1
SIM2
SIM3
SIM4
1
21
22
SIM5
SIM1
SIM2
SIM3
SIM4
1
21
22
SIM5
SIM1
SIM2
SIM3
SIM4
1
21
22
SIM5
SIM1
SIM2
SIM3
SIM4
1
21
22
SIM5
SIM1
SIM2
SIM3
SIM4
1
21
22
SIM5
SIM1
SIM2
SIM3
SIM4
1
21
22
SIM5
SIM1
SIM2
DEBUG 1 284
SIM1
SIM2
SIM3
SIM4
1
21
22
SIM5
SIM1
SIM2
SIM3
SIM4
1
21
22
SIM5
SIM1
SIM2
SIM3
SIM4
1
21
22
SIM5
SIM1
SIM2
SIM3
SIM4
1
21
22
SIM5
SIM1
SIM2
SIM3
SIM4
1
21
22
SIM5
SIM1
SIM2
SIM3
SIM4
1
21
22
SIM5
SIM1
SIM2
SIM3
SIM4
1
21
22
SIM5
SIM1
SIM2
SIM3
SIM4
1
21
22
SIM5
SIM1
SIM2
SIM3
SIM4
1
21
22
SIM5
SIM1
SIM2
SIM3
SIM4
1
21
22
SIM5
SIM1
SIM2
SIM3
SIM4
1
21
22
SIM5
SIM1
SIM2
SIM3
SIM4
1
21
22
SIM5
SIM1
SIM2
SIM3
SIM4
1
21
22
SIM5
SIM1
SIM2
SIM3
SIM4
1
21
22
SIM5
SIM1
SIM2
SIM3
SIM4
1
21
22
SIM5
SIM1
SIM2
SIM3
SIM4
1
21
22
SIM5
SIM1
SIM2
SIM3
SIM4
1
21
22
SIM5
SIM1
SIM2
SIM3
SIM4
1
21
22
SIM5
SIM1
SIM2
SIM3
SIM4
1
21
22
SIM5
SIM1
SIM2
SIM3
SIM4
1
21
22
SIM5
SIM1
SIM2
SIM3
SIM4
1
21
22
SIM5
SIM1
SIM2
SIM3
SIM4
1
21
22
SIM5
SIM1
SIM2
SIM3
SIM4
1
21
22
SIM5
SIM1
SIM2
SIM3
SIM4
1
21
22
SIM5
SIM1
SIM2
SIM3
SIM4
1
21
22
SIM5
SIM1
SIM2
SIM3
SIM4
1
21
22
SIM5
SIM1
SIM2
SIM3
SIM4
1
21
22
SIM5
SIM1
SIM2
SIM3
SIM4
1
21
22
SIM5
SIM1
SIM2
SIM3
SIM4
1
21
22
SIM5
SIM1
SIM2
SIM3
SIM4
1
21
22
SIM5
SIM1
SIM2
SIM3
SIM4
1
21
22
SIM5
SIM1
SIM2
SIM3
SIM4
1
21
22
SIM5
SIM1
SIM2
SIM3
SIM4
1
21
22
SIM5
SIM1
SIM2
SIM3
SIM4
1
21
22
SIM5
SIM1
SIM2
SIM3
SIM4
1
21
22
SIM5
SIM1
SIM2
SIM3
SIM4
1
21
22
SIM5
SIM1
SIM2
SIM3
SIM4
1
21
22
SIM5
SIM1
SIM2
SIM3
SIM4
1
21
22
SIM5
SIM1
SIM2
SIM3
SIM4
1
21
22
SIM5
SIM1
SIM2
SIM3
SIM4
1
21
22
SIM5
SIM1
SIM2
SIM3
SIM4
1
21
22
SIM5
SIM1
SIM2
SIM3
SIM4
1
21
22
SIM5
SIM1
SIM2
SIM3
SIM4
1
21
22
SIM5
SIM1
SIM2
SIM3
SIM4
1
21
22
SIM5
SIM1
SIM2
SIM3
SIM4
1
21
22
SIM5
SIM1
SIM2
SIM3
SIM4
1
21
22
SIM5
SIM1
SIM2
SIM3
SIM4
1
21
22
SIM5
SIM1
SIM2
SIM3
SIM4
1
21
22
SIM5
SIM1
SIM2
SIM3
SIM4
1
21
22
SIM5
SIM1
SIM2
SIM3
SIM4
1
21
22
SIM5
SIM1
SIM2
SIM3
SIM4
1
21
22
SIM5
SIM1
SIM2
SIM3
SIM4
1
21
22
SIM5
SIM1
SIM2
SIM3
SIM4
1
21
22
SIM5
SIM1
SIM2
SIM3
SIM4
1
21
22
SIM5
SIM1
SIM2
SIM3
SIM4
1
21
22
SIM5
SIM1
SIM2
SIM3
SIM4
1
21
22
SIM5
SIM1
SIM2
SIM3
SIM4
1
21
22
SIM5
SIM1
SIM2
SIM3
SIM4
1
21
22
SIM5
SIM1
SIM2
SIM3
SIM4
1
21
22
SIM5
SIM1
SIM2
SIM3
SIM4
1
21
22
SIM5
SIM1
SIM2
SIM3
SIM4
1
21
22
SIM5
SIM1
SIM2
SIM3
SIM4
1
21
22
SIM5
SIM1
SIM2
SIM3
SIM4
1
21
22
SIM5
SIM1
SIM2
SIM3
SIM4
1
21
22
SIM5
SIM1
SIM2
SIM3
SIM4
1
21
22
SIM5
SIM1
SIM2
SIM3
SIM4
1
21
22
SIM5
SIM1
SIM2
SIM3
SIM4
1
21
22
SIM5
SIM1
SIM2
SIM3
SIM4
1
21
22
SIM5
SIM1
SIM2
SIM3
SIM4
1
21
22
SIM5
SIM1
SIM2
SIM3
SIM4
1
21
22
SIM5
SIM1
SIM2
SIM3
SIM4
1
21
22
SIM5
SIM1
SIM2
SIM3
SIM4
1
21
22
SIM5
SIM1
SIM2
SIM3
SIM4
1
21
22
SIM5
SIM1
SIM2
SIM3
SIM4
1
21
22
SIM5
SIM1
SIM2
SIM3
SIM4
1
21
22
SIM5
SIM1
SIM2
SIM3
SIM4
1
21
22
SIM5
SIM1
SIM2
SIM3
SIM4
1
21
22
SIM5
SIM1
SIM2
SIM3
SIM4
1
21
22
SIM5
SIM1
SIM2
SIM3
SIM4
1
21
22
SIM5
SIM1
SIM2
SIM3
SIM4
1
21
22
SIM5
SIM1
SIM2
SIM3
SIM4
1
21
22
SIM5
SIM1
SIM2
SIM3
SIM4
1
21
22
SIM5
SIM1
SIM2
SIM3
SIM4
1
21
22
SIM5
SIM1
SIM2
SIM3
SIM4
1
21
22
SIM5
SIM1
SIM2
SIM3
SIM4
1
21
22
SIM5
SIM1
SIM2
SIM3
SIM4
1
21
22
SIM5
SIM1
SIM2
SIM3
SIM4
1
21
22
SIM5
SIM1
SIM2
SIM3
SIM4
1
21
22
SIM5
SIM1
SIM2
SIM3
SIM4
1
21
22
SIM5
SIM1
SIM2
SIM3
SIM4
1
21
22
SIM5
SIM1
SIM2
SIM3
SIM4
1
21
22
SIM5
SIM1
SIM2
SIM3
SIM4
1
21
22
SIM5
SIM1
SIM2
SIM3
SIM4
1
21
22
SIM5
SIM1
SIM2
SIM3
SIM4
1
21
22
SIM5
SIM1
SIM2
SIM3
SIM4
1
21
22
SIM5
SIM1
SIM2
SIM3
SIM4
1
21
22
SIM5
SIM1
SIM2
SIM3
SIM4
1
21
22
SIM5
SIM1
SIM2
SIM3
SIM4
1
21
22
SIM5
SIM1
SIM2
SIM3
SIM4
1
21
22
SIM5
SIM1
SIM2
SIM3
SIM4
1
21
22
SIM5
SIM1
SIM2
SIM3
SIM4
1
21
22
SIM5
SIM1
SIM2
SIM3
SIM4
1
21
22
SIM5
SIM1
SIM2
SIM3
SIM4
1
21
22
SIM5
SIM1
SIM2
SIM3
SIM4
1
21
22
SIM5
SIM1
SIM2
SIM3
SIM4
1
21
22
SIM5
SIM1
SIM2
SIM3
SIM4
1
21
22
SIM5
SIM1
SIM2
SIM3
SIM4
1
21
22
SIM5
SIM1
SIM2
SIM3
SIM4
1
21
22
SIM5
SIM1
SIM2
SIM3
SIM4
1
21
22
SIM5
SIM1
SIM2
SIM3
SIM4
1
21
22
SIM5
SIM1
SIM2
SIM3
SIM4
1
21
22
SIM5
SIM1
SIM2
SIM3
SIM4
1
21
22
SIM5
SIM1
SIM2
SIM3
SIM4
1
21
22
SIM5
SIM1
SIM2
SIM3
SIM4
1
21
22
SIM5
SIM1
SIM2
SIM3
SIM4
1
21
22
SIM5
SIM1
SIM2
SIM3
SIM4
1
21
22
SIM5
SIM1
SIM2
SIM3
SIM4
1
21
22
SIM5
SIM1
SIM2
SIM3
SIM4
1
21
22
SIM5
SIM1
SIM2
SIM3
SIM4
1
21
22
SIM5
SIM1
SIM2
SIM3
SIM4
1
21
22
SIM5
SIM1
SIM2
SIM3
SIM4
1
21
22
SIM5
SIM1
SIM2
SIM3
SIM4
1
21
22
SIM5
SIM1
SIM2
SIM3
SIM4
1
21
22
SIM5
SIM1
SIM2
SIM3
SIM4
1
21
22
SIM5
SIM1
SIM2
SIM3
SIM4
1
21
22
SIM5
SIM1
SIM2
SIM3
SIM4
1
21
22
SIM5
SIM1
SIM2
SIM3
SIM4
1
21
22
SIM5
SIM1
SIM2
SIM3
SIM4
1
21
22
SIM5
SIM1
SIM2
SIM3
SIM4
1
21
22
SIM5
SIM1
SIM2
SIM3
SIM4
1
21
22
SIM5
SIM1
SIM2
SIM3
SIM4
1
21
22
SIM5
SIM1
SIM2
SIM3
SIM4
1
21
22
SIM5
SIM1
SIM2
SIM3
SIM4
1
21
22
SIM5
SIM1
SIM2
SIM3
SIM4
1
21
22
SIM5
SIM1
SIM2
SIM3
SIM4
1
21
22
SIM5
SIM1
SIM2
SIM3
SIM4
1
21
22
SIM5
SIM1
SIM2
SIM3
SIM4
1
21
22
SIM5
SIM1
SIM2
DEBUG 1 285
SIM1
SIM2
SIM3
SIM4
1
21
22
SIM5
SIM1
SIM2
SIM3
SIM4
1
21
22
SIM5
SIM1
SIM2
SIM3
SIM4
1
21
22
SIM5
SIM1
SIM2
SIM3
SIM4
1
21
22
SIM5
SIM1
SIM2
SIM3
SIM4
1
21
22
SIM5
SIM1
SIM2
SIM3
SIM4
1
21
22
SIM5
SIM1
SIM2
SIM3
SIM4
1
21
22
SIM5
SIM1
SIM2
SIM3
SIM4
1
21
22
SIM5
SIM1
SIM2
SIM3
SIM4
1
21
22
SIM5
SIM1
SIM2
SIM3
SIM4
1
21
22
SIM5
SIM1
SIM2
SIM3
SIM4
1
21
22
SIM5
SIM1
SIM2
SIM3
SIM4
1
21
22
SIM5
SIM1
SIM2
SIM3
SIM4
1
21
22
SIM5
SIM1
SIM2
SIM3
SIM4
1
21
22
SIM5
SIM1
SIM2
SIM3
SIM4
1
21
22
SIM5
SIM1
SIM2
SIM3
SIM4
1
21
22
SIM5
SIM1
SIM2
SIM3
SIM4
1
21
22
SIM5
SIM1
SIM2
SIM3
SIM4
1
21
22
SIM5
SIM1
SIM2
SIM3
SIM4
1
21
22
SIM5
SIM1
SIM2
SIM3
SIM4
1
21
22
SIM5
SIM1
SIM2
SIM3
SIM4
1
21
22
SIM5
SIM1
SIM2
SIM3
SIM4
1
21
22
SIM5
SIM1
SIM2
SIM3
SIM4
1
21
22
SIM5
SIM1
SIM2
SIM3
SIM4
1
21
22
SIM5
SIM1
SIM2
SIM3
SIM4
1
21
22
SIM5
SIM1
SIM2
SIM3
SIM4
1
21
22
SIM5
SIM1
SIM2
SIM3
SIM4
1
21
22
SIM5
SIM1
SIM2
SIM3
SIM4
1
21
22
SIM5
SIM1
SIM2
SIM3
SIM4
1
21
22
SIM5
SIM1
SIM2
SIM3
SIM4
1
21
22
SIM5
SIM1
SIM2
SIM3
SIM4
1
21
22
SIM5
SIM1
SIM2
SIM3
SIM4
1
21
22
SIM5
SIM1
SIM2
SIM3
SIM4
1
21
22
SIM5
SIM1
SIM2
SIM3
SIM4
1
21
22
SIM5
SIM1
SIM2
SIM3
SIM4
1
21
22
SIM5
SIM1
SIM2
SIM3
SIM4
1
21
22
SIM5
SIM1
SIM2
SIM3
SIM4
1
21
22
SIM5
SIM1
SIM2
SIM3
SIM4
1
21
22
SIM5
SIM1
SIM2
SIM3
SIM4
1
21
22
SIM5
SIM1
SIM2
SIM3
SIM4
1
21
22
SIM5
SIM1
SIM2
SIM3
SIM4
1
21
22
SIM5
SIM1
SIM2
SIM3
SIM4
1
21
22
SIM5
SIM1
SIM2
SIM3
SIM4
1
21
22
SIM5
SIM1
SIM2
SIM3
SIM4
1
21
22
SIM5
SIM1
SIM2
SIM3
SIM4
1
21
22
SIM5
SIM1
SIM2
SIM3
SIM4
1
21
22
SIM5
SIM1
SIM2
SIM3
SIM4
1
21
22
SIM5
SIM1
SIM2
SIM3
SIM4
1
21
22
SIM5
SIM1
SIM2
SIM3
SIM4
1
21
22
SIM5
SIM1
SIM2
SIM3
SIM4
1
21
22
SIM5
SIM1
SIM2
SIM3
SIM4
1
21
22
SIM5
SIM1
SIM2
SIM3
SIM4
1
21
22
SIM5
SIM1
SIM2
SIM3
SIM4
1
21
22
SIM5
SIM1
SIM2
SIM3
SIM4
1
21
22
SIM5
SIM1
SIM2
SIM3
SIM4
1
21
22
SIM5
SIM1
SIM2
SIM3
SIM4
1
21
22
SIM5
SIM1
SIM2
SIM3
SIM4
1
21
22
SIM5
SIM1
SIM2
SIM3
SIM4
1
21
22
SIM5
SIM1
SIM2
SIM3
SIM4
1
21
22
SIM5
SIM1
SIM2
SIM3
SIM4
1
21
22
SIM5
SIM1
SIM2
SIM3
SIM4
1
21
22
SIM5
SIM1
SIM2
SIM3
SIM4
1
21
22
SIM5
SIM1
SIM2
SIM3
SIM4
1
21
22
SIM5
SIM1
SIM2
SIM3
SIM4
1
21
22
SIM5
SIM1
SIM2
SIM3
SIM4
1
21
22
SIM5
SIM1
SIM2
SIM3
SIM4
1
21
22
SIM5
SIM1
SIM2
SIM3
SIM4
1
21
22
SIM5
SIM1
SIM2
SIM3
SIM4
1
21
22
SIM5
SIM1
SIM2
SIM3
SIM4
1
21
22
SIM5
SIM1
SIM2
SIM3
SIM4
1
21
22
SIM5
SIM1
SIM2
SIM3
SIM4
1
21
22
SIM5
SIM1
SIM2
SIM3
SIM4
1
21
22
SIM5
SIM1
SIM2
SIM3
SIM4
1
21
22
SIM5
SIM1
SIM2
SIM3
SIM4
1
21
22
SIM5
SIM1
SIM2
SIM3
SIM4
1
21
22
SIM5
SIM1
SIM2
SIM3
SIM4
1
21
22
SIM5
SIM1
SIM2
SIM3
SIM4
1
21
22
SIM5
SIM1
SIM2
SIM3
SIM4
1
21
22
SIM5
SIM1
SIM2
SIM3
SIM4
1
21
22
SIM5
SIM1
SIM2
SIM3
SIM4
1
21
22
SIM5
SIM1
SIM2
SIM3
SIM4
1
21
22
SIM5
SIM1
SIM2
SIM3
SIM4
1
21
22
SIM5
SIM1
SIM2
SIM3
SIM4
1
21
22
SIM5
SIM1
SIM2
SIM3
SIM4
1
21
22
SIM5
SIM1
SIM2
SIM3
SIM4
1
21
22
SIM5
SIM1
SIM2
SIM3
SIM4
1
21
22
SIM5
SIM1
SIM2
SIM3
SIM4
1
21
22
SIM5
SIM1
SIM2
SIM3
SIM4
1
21
22
SIM5
SIM1
SIM2
SIM3
SIM4
1
21
22
SIM5
SIM1
SIM2
SIM3
SIM4
1
21
22
SIM5
SIM1
SIM2
SIM3
SIM4
1
21
22
SIM5
SIM1
SIM2
SIM3
SIM4
1
21
22
SIM5
SIM1
SIM2
SIM3
SIM4
1
21
22
SIM5
SIM1
SIM2
SIM3
SIM4
1
21
22
SIM5
SIM1
SIM2
SIM3
SIM4
1
21
22
SIM5
SIM1
SIM2
SIM3
SIM4
1
21
22
SIM5
SIM1
SIM2
SIM3
SIM4
1
21
22
SIM5
SIM1
SIM2
SIM3
SIM4
1
21
22
SIM5
SIM1
SIM2
SIM3
SIM4
1
21
22
SIM5
SIM1
SIM2
SIM3
SIM4
1
21
22
SIM5
SIM1
SIM2
SIM3
SIM4
1
21
22
SIM5
SIM1
SIM2
SIM3
SIM4
1
21
22
SIM5
SIM1
SIM2
SIM3
SIM4
1
21
22
SIM5
SIM1
SIM2
SIM3
SIM4
1
21
22
SIM5
SIM1
SIM2
SIM3
SIM4
1
21
22
SIM5
SIM1
SIM2
SIM3
SIM4
1
21
22
SIM5
SIM1
SIM2
SIM3
SIM4
1
21
22
SIM5
SIM1
SIM2
SIM3
SIM4
1
21
22
SIM5
SIM1
SIM2
SIM3
SIM4
1
21
22
SIM5
SIM1
SIM2
SIM3
SIM4
1
21
22
SIM5
SIM1
SIM2
SIM3
SIM4
1
21
22
SIM5
SIM1
SIM2
SIM3
SIM4
1
21
22
SIM5
SIM1
SIM2
SIM3
SIM4
1
21
22
SIM5
SIM1
SIM2
SIM3
SIM4
1
21
22
SIM5
SIM1
SIM2
SIM3
SIM4
1
21
22
SIM5
SIM1
SIM2
SIM3
SIM4
1
21
22
SIM5
SIM1
SIM2
SIM3
SIM4
1
21
22
SIM5
SIM1
SIM2
SIM3
SIM4
1
21
22
SIM5
SIM1
SIM2
SIM3
SIM4
1
21
22
SIM5
SIM1
SIM2
SIM3
SIM4
1
21
22
SIM5
SIM1
SIM2
SIM3
SIM4
1
21
22
SIM5
SIM1
SIM2
SIM3
SIM4
1
21
22
SIM5
SIM1
SIM2
SIM3
SIM4
1
21
22
SIM5
SIM1
SIM2
SIM3
SIM4
1
21
22
SIM5
SIM1
SIM2
SIM3
SIM4
1
21
22
SIM5
SIM1
SIM2
SIM3
SIM4
1
21
22
SIM5
SIM1
SIM2
SIM3
SIM4
1
21
22
SIM5
SIM1
SIM2
SIM3
SIM4
1
21
22
SIM5
SIM1
SIM2
DEBUG 1 286
SIM1
SIM2
SIM3
SIM4
1
21
22
SIM5
SIM1
SIM2
SIM3
SIM4
1
21
22
SIM5
SIM1
SIM2
SIM3
SIM4
1
21
22
SIM5
SIM1
SIM2
SIM3
SIM4
1
21
22
SIM5
SIM1
SIM2
SIM3
SIM4
1
21
22
SIM5
SIM1
SIM2
SIM3
SIM4
1
21
22
SIM5
SIM1
SIM2
SIM3
SIM4
1
21
22
SIM5
SIM1
SIM2
SIM3
SIM4
1
21
22
SIM5
SIM1
SIM2
SIM3
SIM4
1
21
22
SIM5
SIM1
SIM2
SIM3
SIM4
1
21
22
SIM5
SIM1
SIM2
SIM3
SIM4
1
21
22
SIM5
SIM1
SIM2
SIM3
SIM4
1
21
22
SIM5
SIM1
SIM2
SIM3
SIM4
1
21
22
SIM5
SIM1
SIM2
SIM3
SIM4
1
21
22
SIM5
SIM1
SIM2
SIM3
SIM4
1
21
22
SIM5
SIM1
SIM2
SIM3
SIM4
1
21
22
SIM5
SIM1
SIM2
SIM3
SIM4
1
21
22
SIM5
SIM1
SIM2
SIM3
SIM4
1
21
22
SIM5
SIM1
SIM2
SIM3
SIM4
1
21
22
SIM5
SIM1
SIM2
SIM3
SIM4
1
21
22
SIM5
SIM1
SIM2
SIM3
SIM4
1
21
22
SIM5
SIM1
SIM2
SIM3
SIM4
1
21
22
SIM5
SIM1
SIM2
SIM3
SIM4
1
21
22
SIM5
SIM1
SIM2
SIM3
SIM4
1
21
22
SIM5
SIM1
SIM2
SIM3
SIM4
1
21
22
SIM5
SIM1
SIM2
SIM3
SIM4
1
21
22
SIM5
SIM1
SIM2
SIM3
SIM4
1
21
22
SIM5
SIM1
SIM2
SIM3
SIM4
1
21
22
SIM5
SIM1
SIM2
SIM3
SIM4
1
21
22
SIM5
SIM1
SIM2
SIM3
SIM4
1
21
22
SIM5
SIM1
SIM2
SIM3
SIM4
1
21
22
SIM5
SIM1
SIM2
SIM3
SIM4
1
21
22
SIM5
SIM1
SIM2
SIM3
SIM4
1
21
22
SIM5
SIM1
SIM2
SIM3
SIM4
1
21
22
SIM5
SIM1
SIM2
SIM3
SIM4
1
21
22
SIM5
SIM1
SIM2
SIM3
SIM4
1
21
22
SIM5
SIM1
SIM2
SIM3
SIM4
1
21
22
SIM5
SIM1
SIM2
SIM3
SIM4
1
21
22
SIM5
SIM1
SIM2
SIM3
SIM4
1
21
22
SIM5
SIM1
SIM2
SIM3
SIM4
1
21
22
SIM5
SIM1
SIM2
SIM3
SIM4
1
21
22
SIM5
SIM1
SIM2
SIM3
SIM4
1
21
22
SIM5
SIM1
SIM2
SIM3
SIM4
1
21
22
SIM5
SIM1
SIM2
SIM3
SIM4
1
21
22
SIM5
SIM1
SIM2
SIM3
SIM4
1
21
22
SIM5
SIM1
SIM2
SIM3
SIM4
1
21
22
SIM5
SIM1
SIM2
SIM3
SIM4
1
21
22
SIM5
SIM1
SIM2
SIM3
SIM4
1
21
22
SIM5
SIM1
SIM2
SIM3
SIM4
1
21
22
SIM5
SIM1
SIM2
SIM3
SIM4
1
21
22
SIM5
SIM1
SIM2
SIM3
SIM4
1
21
22
SIM5
SIM1
SIM2
SIM3
SIM4
1
21
22
SIM5
SIM1
SIM2
SIM3
SIM4
1
21
22
SIM5
SIM1
SIM2
SIM3
SIM4
1
21
22
SIM5
SIM1
SIM2
SIM3
SIM4
1
21
22
SIM5
SIM1
SIM2
SIM3
SIM4
1
21
22
SIM5
SIM1
SIM2
SIM3
SIM4
1
21
22
SIM5
SIM1
SIM2
SIM3
SIM4
1
21
22
SIM5
SIM1
SIM2
SIM3
SIM4
1
21
22
SIM5
SIM1
SIM2
SIM3
SIM4
1
21
22
SIM5
SIM1
SIM2
SIM3
SIM4
1
21
22
SIM5
SIM1
SIM2
SIM3
SIM4
1
21
22
SIM5
SIM1
SIM2
SIM3
SIM4
1
21
22
SIM5
SIM1
SIM2
SIM3
SIM4
1
21
22
SIM5
SIM1
SIM2
SIM3
SIM4
1
21
22
SIM5
SIM1
SIM2
SIM3
SIM4
1
21
22
SIM5
SIM1
SIM2
SIM3
SIM4
1
21
22
SIM5
SIM1
SIM2
SIM3
SIM4
1
21
22
SIM5
SIM1
SIM2
SIM3
SIM4
1
21
22
SIM5
SIM1
SIM2
SIM3
SIM4
1
21
22
SIM5
SIM1
SIM2
SIM3
SIM4
1
21
22
SIM5
SIM1
SIM2
SIM3
SIM4
1
21
22
SIM5
SIM1
SIM2
SIM3
SIM4
1
21
22
SIM5
SIM1
SIM2
SIM3
SIM4
1
21
22
SIM5
SIM1
SIM2
SIM3
SIM4
1
21
22
SIM5
SIM1
SIM2
SIM3
SIM4
1
21
22
SIM5
SIM1
SIM2
SIM3
SIM4
1
21
22
SIM5
SIM1
SIM2
SIM3
SIM4
1
21
22
SIM5
SIM1
SIM2
SIM3
SIM4
1
21
22
SIM5
SIM1
SIM2
SIM3
SIM4
1
21
22
SIM5
SIM1
SIM2
SIM3
SIM4
1
21
22
SIM5
SIM1
SIM2
SIM3
SIM4
1
21
22
SIM5
SIM1
SIM2
SIM3
SIM4
1
21
22
SIM5
SIM1
SIM2
SIM3
SIM4
1
21
22
SIM5
SIM1
SIM2
SIM3
SIM4
1
21
22
SIM5
SIM1
SIM2
SIM3
SIM4
1
21
22
SIM5
SIM1
SIM2
SIM3
SIM4
1
21
22
SIM5
SIM1
SIM2
SIM3
SIM4
1
21
22
SIM5
SIM1
SIM2
SIM3
SIM4
1
21
22
SIM5
SIM1
SIM2
SIM3
SIM4
1
21
22
SIM5
SIM1
SIM2
SIM3
SIM4
1
21
22
SIM5
SIM1
SIM2
SIM3
SIM4
1
21
22
SIM5
SIM1
SIM2
SIM3
SIM4
1
21
22
SIM5
SIM1
SIM2
SIM3
SIM4
1
21
22
SIM5
SIM1
SIM2
SIM3
SIM4
1
21
22
SIM5
SIM1
SIM2
SIM3
SIM4
1
21
22
SIM5
SIM1
SIM2
SIM3
SIM4
1
21
22
SIM5
SIM1
SIM2
SIM3
SIM4
1
21
22
SIM5
SIM1
SIM2
SIM3
SIM4
1
21
22
SIM5
SIM1
SIM2
SIM3
SIM4
1
21
22
SIM5
SIM1
SIM2
SIM3
SIM4
1
21
22
SIM5
SIM1
SIM2
SIM3
SIM4
1
21
22
SIM5
SIM1
SIM2
SIM3
SIM4
1
21
22
SIM5
SIM1
SIM2
SIM3
SIM4
1
21
22
SIM5
SIM1
SIM2
SIM3
SIM4
1
21
22
SIM5
SIM1
SIM2
SIM3
SIM4
1
21
22
SIM5
SIM1
SIM2
SIM3
SIM4
1
21
22
SIM5
SIM1
SIM2
SIM3
SIM4
1
21
22
SIM5
SIM1
SIM2
SIM3
SIM4
1
21
22
SIM5
SIM1
SIM2
SIM3
SIM4
1
21
22
SIM5
SIM1
SIM2
SIM3
SIM4
1
21
22
SIM5
SIM1
SIM2
SIM3
SIM4
1
21
22
SIM5
SIM1
SIM2
SIM3
SIM4
1
21
22
SIM5
SIM1
SIM2
SIM3
SIM4
1
21
22
SIM5
SIM1
SIM2
SIM3
SIM4
1
21
22
SIM5
SIM1
SIM2
SIM3
SIM4
1
21
22
SIM5
SIM1
SIM2
SIM3
SIM4
1
21
22
SIM5
SIM1
SIM2
SIM3
SIM4
1
21
22
SIM5
SIM1
SIM2
SIM3
SIM4
1
21
22
SIM5
SIM1
SIM2
SIM3
SIM4
1
21
22
SIM5
SIM1
SIM2
SIM3
SIM4
1
21
22
SIM5
SIM1
SIM2
SIM3
SIM4
1
21
22
SIM5
SIM1
SIM2
SIM3
SIM4
1
21
22
SIM5
SIM1
SIM2
SIM3
SIM4
1
21
22
SIM5
SIM1
SIM2
SIM3
SIM4
1
21
22
SIM5
SIM1
SIM2
SIM3
SIM4
1
21
22
SIM5
SIM1
SIM2
SIM3
SIM4
1
21
22
SIM5
SIM1
SIM2
SIM3
SIM4
1
21
22
SIM5
SIM1
SIM2
SIM3
SIM4
1
21
22
SIM5
SIM1
SIM2
SIM3
SIM4
1
21
22
SIM5
SIM1
SIM2
SIM3
SIM4
1
21
22
SIM5
SIM1
SIM2
SIM3
SIM4
1
21
22
SIM5
SIM1
SIM2
SIM3
SIM4
1
21
22
SIM5
SIM1
SIM2
SIM3
SIM4
1
21
22
SIM5
SIM1
SIM2
SIM3
SIM4
1
21
22
SIM5
SIM1
SIM2
SIM3
SIM4
1
21
22
SIM5
SIM1
SIM2
SIM3
SIM4
1
21
22
SIM5
SIM1
SIM2
SIM3
SIM4
1
21
22
SIM5
SIM1
SIM2
SIM3
SIM4
1
21
22
SIM5
SIM1
SIM2
SIM3
SIM4
1
21
22
SIM5
SIM1
SIM2
SIM3
SIM4
1
21
22
SIM5
SIM1
SIM2
SIM3
SIM4
1
21
22
SIM5
SIM1
SIM2
SIM3
SIM4
1
21
22
SIM5
SIM1
SIM2
SIM3
SIM4
1
21
22
SIM5
SIM1
SIM2
SIM3
SIM4
1
21
22
SIM5
SIM1
SIM2
SIM3
SIM4
1
21
22
SIM5
SIM1
SIM2
DEBUG 1 287
SIM1
SIM2
SIM3
SIM4
1
21
22
SIM5
SIM1
SIM2
SIM3
SIM4
1
21
22
SIM5
SIM1
SIM2
SIM3
SIM4
1
21
22
SIM5
SIM1
SIM2
SIM3
SIM4
1
21
22
SIM5
SIM1
SIM2
SIM3
SIM4
1
21
22
SIM5
SIM1
SIM2
SIM3
SIM4
1
21
22
SIM5
SIM1
SIM2
SIM3
SIM4
1
21
22
SIM5
SIM1
SIM2
SIM3
SIM4
1
21
22
SIM5
SIM1
SIM2
SIM3
SIM4
1
21
22
SIM5
SIM1
SIM2
SIM3
SIM4
1
21
22
SIM5
SIM1
SIM2
SIM3
SIM4
1
21
22
SIM5
SIM1
SIM2
SIM3
SIM4
1
21
22
SIM5
SIM1
SIM2
SIM3
SIM4
1
21
22
SIM5
SIM1
SIM2
SIM3
SIM4
1
21
22
SIM5
SIM1
SIM2
SIM3
SIM4
1
21
22
SIM5
SIM1
SIM2
SIM3
SIM4
1
21
22
SIM5
SIM1
SIM2
SIM3
SIM4
1
21
22
SIM5
SIM1
SIM2
SIM3
SIM4
1
21
22
SIM5
SIM1
SIM2
SIM3
SIM4
1
21
22
SIM5
SIM1
SIM2
SIM3
SIM4
1
21
22
SIM5
SIM1
SIM2
SIM3
SIM4
1
21
22
SIM5
SIM1
SIM2
SIM3
SIM4
1
21
22
SIM5
SIM1
SIM2
SIM3
SIM4
1
21
22
SIM5
SIM1
SIM2
SIM3
SIM4
1
21
22
SIM5
SIM1
SIM2
SIM3
SIM4
1
21
22
SIM5
SIM1
SIM2
SIM3
SIM4
1
21
22
SIM5
SIM1
SIM2
SIM3
SIM4
1
21
22
SIM5
SIM1
SIM2
SIM3
SIM4
1
21
22
SIM5
SIM1
SIM2
SIM3
SIM4
1
21
22
SIM5
SIM1
SIM2
SIM3
SIM4
1
21
22
SIM5
SIM1
SIM2
SIM3
SIM4
1
21
22
SIM5
SIM1
SIM2
SIM3
SIM4
1
21
22
SIM5
SIM1
SIM2
SIM3
SIM4
1
21
22
SIM5
SIM1
SIM2
SIM3
SIM4
1
21
22
SIM5
SIM1
SIM2
SIM3
SIM4
1
21
22
SIM5
SIM1
SIM2
SIM3
SIM4
1
21
22
SIM5
SIM1
SIM2
SIM3
SIM4
1
21
22
SIM5
SIM1
SIM2
SIM3
SIM4
1
21
22
SIM5
SIM1
SIM2
SIM3
SIM4
1
21
22
SIM5
SIM1
SIM2
SIM3
SIM4
1
21
22
SIM5
SIM1
SIM2
SIM3
SIM4
1
21
22
SIM5
SIM1
SIM2
SIM3
SIM4
1
21
22
SIM5
SIM1
SIM2
SIM3
SIM4
1
21
22
SIM5
SIM1
SIM2
SIM3
SIM4
1
21
22
SIM5
SIM1
SIM2
SIM3
SIM4
1
21
22
SIM5
SIM1
SIM2
SIM3
SIM4
1
21
22
SIM5
SIM1
SIM2
SIM3
SIM4
1
21
22
SIM5
SIM1
SIM2
SIM3
SIM4
1
21
22
SIM5
SIM1
SIM2
SIM3
SIM4
1
21
22
SIM5
SIM1
SIM2
SIM3
SIM4
1
21
22
SIM5
SIM1
SIM2
SIM3
SIM4
1
21
22
SIM5
SIM1
SIM2
SIM3
SIM4
1
21
22
SIM5
SIM1
SIM2
SIM3
SIM4
1
21
22
SIM5
SIM1
SIM2
SIM3
SIM4
1
21
22
SIM5
SIM1
SIM2
SIM3
SIM4
1
21
22
SIM5
SIM1
SIM2
SIM3
SIM4
1
21
22
SIM5
SIM1
SIM2
SIM3
SIM4
1
21
22
SIM5
SIM1
SIM2
SIM3
SIM4
1
21
22
SIM5
SIM1
SIM2
SIM3
SIM4
1
21
22
SIM5
SIM1
SIM2
SIM3
SIM4
1
21
22
SIM5
SIM1
SIM2
SIM3
SIM4
1
21
22
SIM5
SIM1
SIM2
SIM3
SIM4
1
21
22
SIM5
SIM1
SIM2
SIM3
SIM4
1
21
22
SIM5
SIM1
SIM2
SIM3
SIM4
1
21
22
SIM5
SIM1
SIM2
SIM3
SIM4
1
21
22
SIM5
SIM1
SIM2
SIM3
SIM4
1
21
22
SIM5
SIM1
SIM2
SIM3
SIM4
1
21
22
SIM5
SIM1
SIM2
SIM3
SIM4
1
21
22
SIM5
SIM1
SIM2
SIM3
SIM4
1
21
22
SIM5
SIM1
SIM2
SIM3
SIM4
1
21
22
SIM5
SIM1
SIM2
SIM3
SIM4
1
21
22
SIM5
SIM1
SIM2
SIM3
SIM4
1
21
22
SIM5
SIM1
SIM2
SIM3
SIM4
1
21
22
SIM5
SIM1
SIM2
SIM3
SIM4
1
21
22
SIM5
SIM1
SIM2
SIM3
SIM4
1
21
22
SIM5
SIM1
SIM2
SIM3
SIM4
1
21
22
SIM5
SIM1
SIM2
SIM3
SIM4
1
21
22
SIM5
SIM1
SIM2
SIM3
SIM4
1
21
22
SIM5
SIM1
SIM2
SIM3
SIM4
1
21
22
SIM5
SIM1
SIM2
SIM3
SIM4
1
21
22
SIM5
SIM1
SIM2
SIM3
SIM4
1
21
22
SIM5
SIM1
SIM2
SIM3
SIM4
1
21
22
SIM5
SIM1
SIM2
SIM3
SIM4
1
21
22
SIM5
SIM1
SIM2
SIM3
SIM4
1
21
22
SIM5
SIM1
SIM2
SIM3
SIM4
1
21
22
SIM5
SIM1
SIM2
SIM3
SIM4
1
21
22
SIM5
SIM1
SIM2
SIM3
SIM4
1
21
22
SIM5
SIM1
SIM2
SIM3
SIM4
1
21
22
SIM5
SIM1
SIM2
SIM3
SIM4
1
21
22
SIM5
SIM1
SIM2
SIM3
SIM4
1
21
22
SIM5
SIM1
SIM2
SIM3
SIM4
1
21
22
SIM5
SIM1
SIM2
SIM3
SIM4
1
21
22
SIM5
SIM1
SIM2
SIM3
SIM4
1
21
22
SIM5
SIM1
SIM2
SIM3
SIM4
1
21
22
SIM5
SIM1
SIM2
SIM3
SIM4
1
21
22
SIM5
SIM1
SIM2
SIM3
SIM4
1
21
22
SIM5
SIM1
SIM2
SIM3
SIM4
1
21
22
SIM5
SIM1
SIM2
SIM3
SIM4
1
21
22
SIM5
SIM1
SIM2
SIM3
SIM4
1
21
22
SIM5
SIM1
SIM2
SIM3
SIM4
1
21
22
SIM5
SIM1
SIM2
SIM3
SIM4
1
21
22
SIM5
SIM1
SIM2
SIM3
SIM4
1
21
22
SIM5
SIM1
SIM2
SIM3
SIM4
1
21
22
SIM5
SIM1
SIM2
SIM3
SIM4
1
21
22
SIM5
SIM1
SIM2
SIM3
SIM4
1
21
22
SIM5
SIM1
SIM2
SIM3
SIM4
1
21
22
SIM5
SIM1
SIM2
SIM3
SIM4
1
21
22
SIM5
SIM1
SIM2
SIM3
SIM4
1
21
22
SIM5
SIM1
SIM2
SIM3
SIM4
1
21
22
SIM5
SIM1
SIM2
SIM3
SIM4
1
21
22
SIM5
SIM1
SIM2
SIM3
SIM4
1
21
22
SIM5
SIM1
SIM2
SIM3
SIM4
1
21
22
SIM5
SIM1
SIM2
SIM3
SIM4
1
21
22
SIM5
SIM1
SIM2
SIM3
SIM4
1
21
22
SIM5
SIM1
SIM2
SIM3
SIM4
1
21
22
SIM5
SIM1
SIM2
SIM3
SIM4
1
21
22
SIM5
SIM1
SIM2
SIM3
SIM4
1
21
22
SIM5
SIM1
SIM2
SIM3
SIM4
1
21
22
SIM5
SIM1
SIM2
SIM3
SIM4
1
21
22
SIM5
SIM1
SIM2
SIM3
SIM4
1
21
22
SIM5
SIM1
SIM2
SIM3
SIM4
1
21
22
SIM5
SIM1
SIM2
SIM3
SIM4
1
21
22
SIM5
SIM1
SIM2
SIM3
SIM4
1
21
22
SIM5
SIM1
SIM2
SIM3
SIM4
1
21
22
SIM5
SIM1
SIM2
SIM3
SIM4
1
21
22
SIM5
SIM1
SIM2
SIM3
SIM4
1
21
22
SIM5
SIM1
SIM2
SIM3
SIM4
1
21
22
SIM5
SIM1
SIM2
SIM3
SIM4
1
21
22
SIM5
SIM1
SIM2
SIM3
SIM4
1
21
22
SIM5
SIM1
SIM2
SIM3
SIM4
1
21
22
SIM5
SIM1
SIM2
SIM3
SIM4
1
21
22
SIM5
SIM1
SIM2
SIM3
SIM4
1
21
22
SIM5
SIM1
SIM2
SIM3
SIM4
1
21
22
SIM5
SIM1
SIM2
SIM3
SIM4
1
21
22
SIM5
SIM1
SIM2
SIM3
SIM4
1
21
22
SIM5
SIM1
SIM2
SIM3
SIM4
1
21
22
SIM5
SIM1
SIM2
SIM3
SIM4
1
21
22
SIM5
SIM1
SIM2
DEBUG 1 288
SIM1
SIM2
SIM3
SIM4
1
21
22
SIM5
SIM1
SIM2
SIM3
SIM4
1
21
22
SIM5
SIM1
SIM2
SIM3
SIM4
1
21
22
SIM5
SIM1
SIM2
SIM3
SIM4
1
21
22
SIM5
SIM1
SIM2
SIM3
SIM4
1
21
22
SIM5
SIM1
SIM2
SIM3
SIM4
1
21
22
SIM5
SIM1
SIM2
SIM3
SIM4
1
21
22
SIM5
SIM1
SIM2
SIM3
SIM4
1
21
22
SIM5
SIM1
SIM2
SIM3
SIM4
1
21
22
SIM5
SIM1
SIM2
SIM3
SIM4
1
21
22
SIM5
SIM1
SIM2
SIM3
SIM4
1
21
22
SIM5
SIM1
SIM2
SIM3
SIM4
1
21
22
SIM5
SIM1
SIM2
SIM3
SIM4
1
21
22
SIM5
SIM1
SIM2
SIM3
SIM4
1
21
22
SIM5
SIM1
SIM2
SIM3
SIM4
1
21
22
SIM5
SIM1
SIM2
SIM3
SIM4
1
21
22
SIM5
SIM1
SIM2
SIM3
SIM4
1
21
22
SIM5
SIM1
SIM2
SIM3
SIM4
1
21
22
SIM5
SIM1
SIM2
SIM3
SIM4
1
21
22
SIM5
SIM1
SIM2
SIM3
SIM4
1
21
22
SIM5
SIM1
SIM2
SIM3
SIM4
1
21
22
SIM5
SIM1
SIM2
SIM3
SIM4
1
21
22
SIM5
SIM1
SIM2
SIM3
SIM4
1
21
22
SIM5
SIM1
SIM2
SIM3
SIM4
1
21
22
SIM5
SIM1
SIM2
SIM3
SIM4
1
21
22
SIM5
SIM1
SIM2
SIM3
SIM4
1
21
22
SIM5
SIM1
SIM2
SIM3
SIM4
1
21
22
SIM5
SIM1
SIM2
SIM3
SIM4
1
21
22
SIM5
SIM1
SIM2
SIM3
SIM4
1
21
22
SIM5
SIM1
SIM2
SIM3
SIM4
1
21
22
SIM5
SIM1
SIM2
SIM3
SIM4
1
21
22
SIM5
SIM1
SIM2
SIM3
SIM4
1
21
22
SIM5
SIM1
SIM2
SIM3
SIM4
1
21
22
SIM5
SIM1
SIM2
SIM3
SIM4
1
21
22
SIM5
SIM1
SIM2
SIM3
SIM4
1
21
22
SIM5
SIM1
SIM2
SIM3
SIM4
1
21
22
SIM5
SIM1
SIM2
SIM3
SIM4
1
21
22
SIM5
SIM1
SIM2
SIM3
SIM4
1
21
22
SIM5
SIM1
SIM2
SIM3
SIM4
1
21
22
SIM5
SIM1
SIM2
SIM3
SIM4
1
21
22
SIM5
SIM1
SIM2
SIM3
SIM4
1
21
22
SIM5
SIM1
SIM2
SIM3
SIM4
1
21
22
SIM5
SIM1
SIM2
SIM3
SIM4
1
21
22
SIM5
SIM1
SIM2
SIM3
SIM4
1
21
22
SIM5
SIM1
SIM2
SIM3
SIM4
1
21
22
SIM5
SIM1
SIM2
SIM3
SIM4
1
21
22
SIM5
SIM1
SIM2
SIM3
SIM4
1
21
22
SIM5
SIM1
SIM2
SIM3
SIM4
1
21
22
SIM5
SIM1
SIM2
SIM3
SIM4
1
21
22
SIM5
SIM1
SIM2
SIM3
SIM4
1
21
22
SIM5
SIM1
SIM2
SIM3
SIM4
1
21
22
SIM5
SIM1
SIM2
SIM3
SIM4
1
21
22
SIM5
SIM1
SIM2
SIM3
SIM4
1
21
22
SIM5
SIM1
SIM2
SIM3
SIM4
1
21
22
SIM5
SIM1
SIM2
SIM3
SIM4
1
21
22
SIM5
SIM1
SIM2
SIM3
SIM4
1
21
22
SIM5
SIM1
SIM2
SIM3
SIM4
1
21
22
SIM5
SIM1
SIM2
SIM3
SIM4
1
21
22
SIM5
SIM1
SIM2
SIM3
SIM4
1
21
22
SIM5
SIM1
SIM2
SIM3
SIM4
1
21
22
SIM5
SIM1
SIM2
SIM3
SIM4
1
21
22
SIM5
SIM1
SIM2
SIM3
SIM4
1
21
22
SIM5
SIM1
SIM2
SIM3
SIM4
1
21
22
SIM5
SIM1
SIM2
SIM3
SIM4
1
21
22
SIM5
SIM1
SIM2
SIM3
SIM4
1
21
22
SIM5
SIM1
SIM2
SIM3
SIM4
1
21
22
SIM5
SIM1
SIM2
SIM3
SIM4
1
21
22
SIM5
SIM1
SIM2
SIM3
SIM4
1
21
22
SIM5
SIM1
SIM2
SIM3
SIM4
1
21
22
SIM5
SIM1
SIM2
SIM3
SIM4
1
21
22
SIM5
SIM1
SIM2
SIM3
SIM4
1
21
22
SIM5
SIM1
SIM2
SIM3
SIM4
1
21
22
SIM5
SIM1
SIM2
SIM3
SIM4
1
21
22
SIM5
SIM1
SIM2
SIM3
SIM4
1
21
22
SIM5
SIM1
SIM2
SIM3
SIM4
1
21
22
SIM5
SIM1
SIM2
SIM3
SIM4
1
21
22
SIM5
SIM1
SIM2
SIM3
SIM4
1
21
22
SIM5
SIM1
SIM2
SIM3
SIM4
1
21
22
SIM5
SIM1
SIM2
SIM3
SIM4
1
21
22
SIM5
SIM1
SIM2
SIM3
SIM4
1
21
22
SIM5
SIM1
SIM2
SIM3
SIM4
1
21
22
SIM5
SIM1
SIM2
SIM3
SIM4
1
21
22
SIM5
SIM1
SIM2
SIM3
SIM4
1
21
22
SIM5
SIM1
SIM2
SIM3
SIM4
1
21
22
SIM5
SIM1
SIM2
SIM3
SIM4
1
21
22
SIM5
SIM1
SIM2
SIM3
SIM4
1
21
22
SIM5
SIM1
SIM2
SIM3
SIM4
1
21
22
SIM5
SIM1
SIM2
SIM3
SIM4
1
21
22
SIM5
SIM1
SIM2
SIM3
SIM4
1
21
22
SIM5
SIM1
SIM2
SIM3
SIM4
1
21
22
SIM5
SIM1
SIM2
SIM3
SIM4
1
21
22
SIM5
SIM1
SIM2
SIM3
SIM4
1
21
22
SIM5
SIM1
SIM2
SIM3
SIM4
1
21
22
SIM5
SIM1
SIM2
SIM3
SIM4
1
21
22
SIM5
SIM1
SIM2
SIM3
SIM4
1
21
22
SIM5
SIM1
SIM2
SIM3
SIM4
1
21
22
SIM5
SIM1
SIM2
SIM3
SIM4
1
21
22
SIM5
SIM1
SIM2
SIM3
SIM4
1
21
22
SIM5
SIM1
SIM2
SIM3
SIM4
1
21
22
SIM5
SIM1
SIM2
SIM3
SIM4
1
21
22
SIM5
SIM1
SIM2
SIM3
SIM4
1
21
22
SIM5
SIM1
SIM2
SIM3
SIM4
1
21
22
SIM5
SIM1
SIM2
SIM3
SIM4
1
21
22
SIM5
SIM1
SIM2
SIM3
SIM4
1
21
22
SIM5
SIM1
SIM2
SIM3
SIM4
1
21
22
SIM5
SIM1
SIM2
SIM3
SIM4
1
21
22
SIM5
SIM1
SIM2
SIM3
SIM4
1
21
22
SIM5
SIM1
SIM2
SIM3
SIM4
1
21
22
SIM5
SIM1
SIM2
SIM3
SIM4
1
21
22
SIM5
SIM1
SIM2
SIM3
SIM4
1
21
22
SIM5
SIM1
SIM2
SIM3
SIM4
1
21
22
SIM5
SIM1
SIM2
SIM3
SIM4
1
21
22
SIM5
SIM1
SIM2
SIM3
SIM4
1
21
22
SIM5
SIM1
SIM2
SIM3
SIM4
1
21
22
SIM5
SIM1
SIM2
SIM3
SIM4
1
21
22
SIM5
SIM1
SIM2
SIM3
SIM4
1
21
22
SIM5
SIM1
SIM2
SIM3
SIM4
1
21
22
SIM5
SIM1
SIM2
SIM3
SIM4
1
21
22
SIM5
SIM1
SIM2
SIM3
SIM4
1
21
22
SIM5
SIM1
SIM2
SIM3
SIM4
1
21
22
SIM5
SIM1
SIM2
SIM3
SIM4
1
21
22
SIM5
SIM1
SIM2
SIM3
SIM4
1
21
22
SIM5
SIM1
SIM2
SIM3
SIM4
1
21
22
SIM5
SIM1
SIM2
SIM3
SIM4
1
21
22
SIM5
SIM1
SIM2
SIM3
SIM4
1
21
22
SIM5
SIM1
SIM2
SIM3
SIM4
1
21
22
SIM5
SIM1
SIM2
SIM3
SIM4
1
21
22
SIM5
SIM1
SIM2
SIM3
SIM4
1
21
22
SIM5
SIM1
SIM2
SIM3
SIM4
1
21
22
SIM5
SIM1
SIM2
SIM3
SIM4
1
21
22
SIM5
SIM1
SIM2
SIM3
SIM4
1
21
22
SIM5
SIM1
SIM2
SIM3
SIM4
1
21
22
SIM5
SIM1
SIM2
SIM3
SIM4
1
21
22
SIM5
SIM1
SIM2
SIM3
SIM4
1
21
22
SIM5
SIM1
SIM2
SIM3
SIM4
1
21
22
SIM5
SIM1
SIM2
SIM3
SIM4
1
21
22
SIM5
SIM1
SIM2
SIM3
SIM4
1
21
22
SIM5
SIM1
SIM2
SIM3
SIM4
1
21
22
SIM5
SIM1
SIM2
SIM3
SIM4
1
21
22
SIM5
SIM1
SIM2
SIM3
SIM4
1
21
22
SIM5
SIM1
SIM2
SIM3
SIM4
1
21
22
SIM5
SIM1
SIM2
SIM3
SIM4
1
21
22
SIM5
SIM1
SIM2
SIM3
SIM4
1
21
22
SIM5
SIM1
SIM2
SIM3
SIM4
1
21
22
SIM5
SIM1
SIM2
SIM3
SIM4
1
21
22
SIM5
SIM1
SIM2
SIM3
SIM4
1
21
22
SIM5
SIM1
SIM2
DEBUG 1 289
SIM1
SIM2
SIM3
SIM4
1
21
22
SIM5
SIM1
SIM2
SIM3
SIM4
1
21
22
SIM5
SIM1
SIM2
SIM3
SIM4
1
21
22
SIM5
SIM1
SIM2
SIM3
SIM4
1
21
22
SIM5
SIM1
SIM2
SIM3
SIM4
1
21
22
SIM5
SIM1
SIM2
SIM3
SIM4
1
21
22
SIM5
SIM1
SIM2
SIM3
SIM4
1
21
22
SIM5
SIM1
SIM2
SIM3
SIM4
1
21
22
SIM5
SIM1
SIM2
SIM3
SIM4
1
21
22
SIM5
SIM1
SIM2
SIM3
SIM4
1
21
22
SIM5
SIM1
SIM2
SIM3
SIM4
1
21
22
SIM5
SIM1
SIM2
SIM3
SIM4
1
21
22
SIM5
SIM1
SIM2
SIM3
SIM4
1
21
22
SIM5
SIM1
SIM2
SIM3
SIM4
1
21
22
SIM5
SIM1
SIM2
SIM3
SIM4
1
21
22
SIM5
SIM1
SIM2
SIM3
SIM4
1
21
22
SIM5
SIM1
SIM2
SIM3
SIM4
1
21
22
SIM5
SIM1
SIM2
SIM3
SIM4
1
21
22
SIM5
SIM1
SIM2
SIM3
SIM4
1
21
22
SIM5
SIM1
SIM2
SIM3
SIM4
1
21
22
SIM5
SIM1
SIM2
SIM3
SIM4
1
21
22
SIM5
SIM1
SIM2
SIM3
SIM4
1
21
22
SIM5
SIM1
SIM2
SIM3
SIM4
1
21
22
SIM5
SIM1
SIM2
SIM3
SIM4
1
21
22
SIM5
SIM1
SIM2
SIM3
SIM4
1
21
22
SIM5
SIM1
SIM2
SIM3
SIM4
1
21
22
SIM5
SIM1
SIM2
SIM3
SIM4
1
21
22
SIM5
SIM1
SIM2
SIM3
SIM4
1
21
22
SIM5
SIM1
SIM2
SIM3
SIM4
1
21
22
SIM5
SIM1
SIM2
SIM3
SIM4
1
21
22
SIM5
SIM1
SIM2
SIM3
SIM4
1
21
22
SIM5
SIM1
SIM2
SIM3
SIM4
1
21
22
SIM5
SIM1
SIM2
SIM3
SIM4
1
21
22
SIM5
SIM1
SIM2
SIM3
SIM4
1
21
22
SIM5
SIM1
SIM2
SIM3
SIM4
1
21
22
SIM5
SIM1
SIM2
SIM3
SIM4
1
21
22
SIM5
SIM1
SIM2
SIM3
SIM4
1
21
22
SIM5
SIM1
SIM2
SIM3
SIM4
1
21
22
SIM5
SIM1
SIM2
SIM3
SIM4
1
21
22
SIM5
SIM1
SIM2
SIM3
SIM4
1
21
22
SIM5
SIM1
SIM2
SIM3
SIM4
1
21
22
SIM5
SIM1
SIM2
SIM3
SIM4
1
21
22
SIM5
SIM1
SIM2
SIM3
SIM4
1
21
22
SIM5
SIM1
SIM2
SIM3
SIM4
1
21
22
SIM5
SIM1
SIM2
SIM3
SIM4
1
21
22
SIM5
SIM1
SIM2
SIM3
SIM4
1
21
22
SIM5
SIM1
SIM2
SIM3
SIM4
1
21
22
SIM5
SIM1
SIM2
SIM3
SIM4
1
21
22
SIM5
SIM1
SIM2
SIM3
SIM4
1
21
22
SIM5
SIM1
SIM2
SIM3
SIM4
1
21
22
SIM5
SIM1
SIM2
SIM3
SIM4
1
21
22
SIM5
SIM1
SIM2
SIM3
SIM4
1
21
22
SIM5
SIM1
SIM2
SIM3
SIM4
1
21
22
SIM5
SIM1
SIM2
SIM3
SIM4
1
21
22
SIM5
SIM1
SIM2
SIM3
SIM4
1
21
22
SIM5
SIM1
SIM2
SIM3
SIM4
1
21
22
SIM5
SIM1
SIM2
SIM3
SIM4
1
21
22
SIM5
SIM1
SIM2
SIM3
SIM4
1
21
22
SIM5
SIM1
SIM2
SIM3
SIM4
1
21
22
SIM5
SIM1
SIM2
SIM3
SIM4
1
21
22
SIM5
SIM1
SIM2
SIM3
SIM4
1
21
22
SIM5
SIM1
SIM2
SIM3
SIM4
1
21
22
SIM5
SIM1
SIM2
SIM3
SIM4
1
21
22
SIM5
SIM1
SIM2
SIM3
SIM4
1
21
22
SIM5
SIM1
SIM2
SIM3
SIM4
1
21
22
SIM5
SIM1
SIM2
SIM3
SIM4
1
21
22
SIM5
SIM1
SIM2
SIM3
SIM4
1
21
22
SIM5
SIM1
SIM2
SIM3
SIM4
1
21
22
SIM5
SIM1
SIM2
SIM3
SIM4
1
21
22
SIM5
SIM1
SIM2
SIM3
SIM4
1
21
22
SIM5
SIM1
SIM2
SIM3
SIM4
1
21
22
SIM5
SIM1
SIM2
SIM3
SIM4
1
21
22
SIM5
SIM1
SIM2
SIM3
SIM4
1
21
22
SIM5
SIM1
SIM2
SIM3
SIM4
1
21
22
SIM5
SIM1
SIM2
SIM3
SIM4
1
21
22
SIM5
SIM1
SIM2
SIM3
SIM4
1
21
22
SIM5
SIM1
SIM2
SIM3
SIM4
1
21
22
SIM5
SIM1
SIM2
SIM3
SIM4
1
21
22
SIM5
SIM1
SIM2
SIM3
SIM4
1
21
22
SIM5
SIM1
SIM2
SIM3
SIM4
1
21
22
SIM5
SIM1
SIM2
SIM3
SIM4
1
21
22
SIM5
SIM1
SIM2
SIM3
SIM4
1
21
22
SIM5
SIM1
SIM2
SIM3
SIM4
1
21
22
SIM5
SIM1
SIM2
SIM3
SIM4
1
21
22
SIM5
SIM1
SIM2
SIM3
SIM4
1
21
22
SIM5
SIM1
SIM2
SIM3
SIM4
1
21
22
SIM5
SIM1
SIM2
SIM3
SIM4
1
21
22
SIM5
SIM1
SIM2
SIM3
SIM4
1
21
22
SIM5
SIM1
SIM2
SIM3
SIM4
1
21
22
SIM5
SIM1
SIM2
SIM3
SIM4
1
21
22
SIM5
SIM1
SIM2
SIM3
SIM4
1
21
22
SIM5
SIM1
SIM2
SIM3
SIM4
1
21
22
SIM5
SIM1
SIM2
SIM3
SIM4
1
21
22
SIM5
SIM1
SIM2
SIM3
SIM4
1
21
22
SIM5
SIM1
SIM2
SIM3
SIM4
1
21
22
SIM5
SIM1
SIM2
SIM3
SIM4
1
21
22
SIM5
SIM1
SIM2
SIM3
SIM4
1
21
22
SIM5
SIM1
SIM2
SIM3
SIM4
1
21
22
SIM5
SIM1
SIM2
SIM3
SIM4
1
21
22
SIM5
SIM1
SIM2
SIM3
SIM4
1
21
22
SIM5
SIM1
SIM2
SIM3
SIM4
1
21
22
SIM5
SIM1
SIM2
SIM3
SIM4
1
21
22
SIM5
SIM1
SIM2
SIM3
SIM4
1
21
22
SIM5
SIM1
SIM2
SIM3
SIM4
1
21
22
SIM5
SIM1
SIM2
SIM3
SIM4
1
21
22
SIM5
SIM1
SIM2
SIM3
SIM4
1
21
22
SIM5
SIM1
SIM2
SIM3
SIM4
1
21
22
SIM5
SIM1
SIM2
SIM3
SIM4
1
21
22
SIM5
SIM1
SIM2
SIM3
SIM4
1
21
22
SIM5
SIM1
SIM2
SIM3
SIM4
1
21
22
SIM5
SIM1
SIM2
SIM3
SIM4
1
21
22
SIM5
SIM1
SIM2
SIM3
SIM4
1
21
22
SIM5
SIM1
SIM2
SIM3
SIM4
1
21
22
SIM5
SIM1
SIM2
SIM3
SIM4
1
21
22
SIM5
SIM1
SIM2
SIM3
SIM4
1
21
22
SIM5
SIM1
SIM2
SIM3
SIM4
1
21
22
SIM5
SIM1
SIM2
SIM3
SIM4
1
21
22
SIM5
SIM1
SIM2
SIM3
SIM4
1
21
22
SIM5
SIM1
SIM2
SIM3
SIM4
1
21
22
SIM5
SIM1
SIM2
SIM3
SIM4
1
21
22
SIM5
SIM1
SIM2
SIM3
SIM4
1
21
22
SIM5
SIM1
SIM2
SIM3
SIM4
1
21
22
SIM5
SIM1
SIM2
SIM3
SIM4
1
21
22
SIM5
SIM1
SIM2
SIM3
SIM4
1
21
22
SIM5
SIM1
SIM2
SIM3
SIM4
1
21
22
SIM5
SIM1
SIM2
SIM3
SIM4
1
21
22
SIM5
SIM1
SIM2
SIM3
SIM4
1
21
22
SIM5
SIM1
SIM2
SIM3
SIM4
1
21
22
SIM5
SIM1
SIM2
DEBUG 1 290
SIM1
SIM2
SIM3
SIM4
1
21
22
SIM5
SIM1
SIM2
SIM3
SIM4
1
21
22
SIM5
SIM1
SIM2
SIM3
SIM4
1
21
22
SIM5
SIM1
SIM2
SIM3
SIM4
1
21
22
SIM5
SIM1
SIM2
SIM3
SIM4
1
21
22
SIM5
SIM1
SIM2
SIM3
SIM4
1
21
22
SIM5
SIM1
SIM2
SIM3
SIM4
1
21
22
SIM5
SIM1
SIM2
SIM3
SIM4
1
21
22
SIM5
SIM1
SIM2
SIM3
SIM4
1
21
22
SIM5
SIM1
SIM2
SIM3
SIM4
1
21
22
SIM5
SIM1
SIM2
SIM3
SIM4
1
21
22
SIM5
SIM1
SIM2
SIM3
SIM4
1
21
22
SIM5
SIM1
SIM2
SIM3
SIM4
1
21
22
SIM5
SIM1
SIM2
SIM3
SIM4
1
21
22
SIM5
SIM1
SIM2
SIM3
SIM4
1
21
22
SIM5
SIM1
SIM2
SIM3
SIM4
1
21
22
SIM5
SIM1
SIM2
SIM3
SIM4
1
21
22
SIM5
SIM1
SIM2
SIM3
SIM4
1
21
22
SIM5
SIM1
SIM2
SIM3
SIM4
1
21
22
SIM5
SIM1
SIM2
SIM3
SIM4
1
21
22
SIM5
SIM1
SIM2
SIM3
SIM4
1
21
22
SIM5
SIM1
SIM2
SIM3
SIM4
1
21
22
SIM5
SIM1
SIM2
SIM3
SIM4
1
21
22
SIM5
SIM1
SIM2
SIM3
SIM4
1
21
22
SIM5
SIM1
SIM2
SIM3
SIM4
1
21
22
SIM5
SIM1
SIM2
SIM3
SIM4
1
21
22
SIM5
SIM1
SIM2
SIM3
SIM4
1
21
22
SIM5
SIM1
SIM2
SIM3
SIM4
1
21
22
SIM5
SIM1
SIM2
SIM3
SIM4
1
21
22
SIM5
SIM1
SIM2
SIM3
SIM4
1
21
22
SIM5
SIM1
SIM2
SIM3
SIM4
1
21
22
SIM5
SIM1
SIM2
SIM3
SIM4
1
21
22
SIM5
SIM1
SIM2
SIM3
SIM4
1
21
22
SIM5
SIM1
SIM2
SIM3
SIM4
1
21
22
SIM5
SIM1
SIM2
SIM3
SIM4
1
21
22
SIM5
SIM1
SIM2
SIM3
SIM4
1
21
22
SIM5
SIM1
SIM2
SIM3
SIM4
1
21
22
SIM5
SIM1
SIM2
SIM3
SIM4
1
21
22
SIM5
SIM1
SIM2
SIM3
SIM4
1
21
22
SIM5
SIM1
SIM2
SIM3
SIM4
1
21
22
SIM5
SIM1
SIM2
SIM3
SIM4
1
21
22
SIM5
SIM1
SIM2
SIM3
SIM4
1
21
22
SIM5
SIM1
SIM2
SIM3
SIM4
1
21
22
SIM5
SIM1
SIM2
SIM3
SIM4
1
21
22
SIM5
SIM1
SIM2
SIM3
SIM4
1
21
22
SIM5
SIM1
SIM2
SIM3
SIM4
1
21
22
SIM5
SIM1
SIM2
SIM3
SIM4
1
21
22
SIM5
SIM1
SIM2
SIM3
SIM4
1
21
22
SIM5
SIM1
SIM2
SIM3
SIM4
1
21
22
SIM5
SIM1
SIM2
SIM3
SIM4
1
21
22
SIM5
SIM1
SIM2
SIM3
SIM4
1
21
22
SIM5
SIM1
SIM2
SIM3
SIM4
1
21
22
SIM5
SIM1
SIM2
SIM3
SIM4
1
21
22
SIM5
SIM1
SIM2
SIM3
SIM4
1
21
22
SIM5
SIM1
SIM2
SIM3
SIM4
1
21
22
SIM5
SIM1
SIM2
SIM3
SIM4
1
21
22
SIM5
SIM1
SIM2
SIM3
SIM4
1
21
22
SIM5
SIM1
SIM2
SIM3
SIM4
1
21
22
SIM5
SIM1
SIM2
SIM3
SIM4
1
21
22
SIM5
SIM1
SIM2
SIM3
SIM4
1
21
22
SIM5
SIM1
SIM2
SIM3
SIM4
1
21
22
SIM5
SIM1
SIM2
SIM3
SIM4
1
21
22
SIM5
SIM1
SIM2
SIM3
SIM4
1
21
22
SIM5
SIM1
SIM2
SIM3
SIM4
1
21
22
SIM5
SIM1
SIM2
SIM3
SIM4
1
21
22
SIM5
SIM1
SIM2
SIM3
SIM4
1
21
22
SIM5
SIM1
SIM2
SIM3
SIM4
1
21
22
SIM5
SIM1
SIM2
SIM3
SIM4
1
21
22
SIM5
SIM1
SIM2
SIM3
SIM4
1
21
22
SIM5
SIM1
SIM2
SIM3
SIM4
1
21
22
SIM5
SIM1
SIM2
SIM3
SIM4
1
21
22
SIM5
SIM1
SIM2
SIM3
SIM4
1
21
22
SIM5
SIM1
SIM2
SIM3
SIM4
1
21
22
SIM5
SIM1
SIM2
SIM3
SIM4
1
21
22
SIM5
SIM1
SIM2
SIM3
SIM4
1
21
22
SIM5
SIM1
SIM2
SIM3
SIM4
1
21
22
SIM5
SIM1
SIM2
SIM3
SIM4
1
21
22
SIM5
SIM1
SIM2
SIM3
SIM4
1
21
22
SIM5
SIM1
SIM2
SIM3
SIM4
1
21
22
SIM5
SIM1
SIM2
SIM3
SIM4
1
21
22
SIM5
SIM1
SIM2
SIM3
SIM4
1
21
22
SIM5
SIM1
SIM2
SIM3
SIM4
1
21
22
SIM5
SIM1
SIM2
SIM3
SIM4
1
21
22
SIM5
SIM1
SIM2
SIM3
SIM4
1
21
22
SIM5
SIM1
SIM2
SIM3
SIM4
1
21
22
SIM5
SIM1
SIM2
SIM3
SIM4
1
21
22
SIM5
SIM1
SIM2
SIM3
SIM4
1
21
22
SIM5
SIM1
SIM2
SIM3
SIM4
1
21
22
SIM5
SIM1
SIM2
SIM3
SIM4
1
21
22
SIM5
SIM1
SIM2
SIM3
SIM4
1
21
22
SIM5
SIM1
SIM2
SIM3
SIM4
1
21
22
SIM5
SIM1
SIM2
SIM3
SIM4
1
21
22
SIM5
SIM1
SIM2
SIM3
SIM4
1
21
22
SIM5
SIM1
SIM2
SIM3
SIM4
1
21
22
SIM5
SIM1
SIM2
SIM3
SIM4
1
21
22
SIM5
SIM1
SIM2
SIM3
SIM4
1
21
22
SIM5
SIM1
SIM2
SIM3
SIM4
1
21
22
SIM5
SIM1
SIM2
SIM3
SIM4
1
21
22
SIM5
SIM1
SIM2
SIM3
SIM4
1
21
22
SIM5
SIM1
SIM2
SIM3
SIM4
1
21
22
SIM5
SIM1
SIM2
SIM3
SIM4
1
21
22
SIM5
SIM1
SIM2
SIM3
SIM4
1
21
22
SIM5
SIM1
SIM2
SIM3
SIM4
1
21
22
SIM5
SIM1
SIM2
SIM3
SIM4
1
21
22
SIM5
SIM1
SIM2
SIM3
SIM4
1
21
22
SIM5
SIM1
SIM2
SIM3
SIM4
1
21
22
SIM5
SIM1
SIM2
SIM3
SIM4
1
21
22
SIM5
SIM1
SIM2
SIM3
SIM4
1
21
22
SIM5
SIM1
SIM2
SIM3
SIM4
1
21
22
SIM5
SIM1
SIM2
SIM3
SIM4
1
21
22
SIM5
SIM1
SIM2
SIM3
SIM4
1
21
22
SIM5
SIM1
SIM2
SIM3
SIM4
1
21
22
SIM5
SIM1
SIM2
SIM3
SIM4
1
21
22
SIM5
SIM1
SIM2
SIM3
SIM4
1
21
22
SIM5
SIM1
SIM2
SIM3
SIM4
1
21
22
SIM5
SIM1
SIM2
SIM3
SIM4
1
21
22
SIM5
SIM1
SIM2
SIM3
SIM4
1
21
22
SIM5
SIM1
SIM2
SIM3
SIM4
1
21
22
SIM5
SIM1
SIM2
SIM3
SIM4
1
21
22
SIM5
SIM1
SIM2
SIM3
SIM4
1
21
22
SIM5
SIM1
SIM2
SIM3
SIM4
1
21
22
SIM5
SIM1
SIM2
SIM3
SIM4
1
21
22
SIM5
SIM1
SIM2
SIM3
SIM4
1
21
22
SIM5
SIM1
SIM2
SIM3
SIM4
1
21
22
SIM5
SIM1
SIM2
SIM3
SIM4
1
21
22
SIM5
SIM1
SIM2
SIM3
SIM4
1
21
22
SIM5
SIM1
SIM2
SIM3
SIM4
1
21
22
SIM5
SIM1
SIM2
SIM3
SIM4
1
21
22
SIM5
SIM1
SIM2
SIM3
SIM4
1
21
22
SIM5
SIM1
SIM2
SIM3
SIM4
1
21
22
SIM5
SIM1
SIM2
SIM3
SIM4
1
21
22
SIM5
SIM1
SIM2
SIM3
SIM4
1
21
22
SIM5
SIM1
SIM2
SIM3
SIM4
1
21
22
SIM5
SIM1
SIM2
SIM3
SIM4
1
21
22
SIM5
SIM1
SIM2
SIM3
SIM4
1
21
22
SIM5
SIM1
SIM2
SIM3
SIM4
1
21
22
SIM5
SIM1
SIM2
SIM3
SIM4
1
21
22
SIM5
SIM1
SIM2
SIM3
SIM4
1
21
22
SIM5
SIM1
SIM2
SIM3
SIM4
1
21
22
SIM5
SIM1
SIM2
SIM3
SIM4
1
21
22
SIM5
SIM1
SIM2
SIM3
SIM4
1
21
22
SIM5
SIM1
SIM2
SIM3
SIM4
1
21
22
SIM5
SIM1
SIM2
SIM3
SIM4
1
21
22
SIM5
SIM1
SIM2
SIM3
SIM4
1
21
22
SIM5
SIM1
SIM2
SIM3
SIM4
1
21
22
SIM5
SIM1
SIM2
SIM3
SIM4
1
21
22
SIM5
SIM1
SIM2
SIM3
SIM4
1
21
22
SIM5
SIM1
SIM2
SIM3
SIM4
1
21
22
SIM5
SIM1
SIM2
SIM3
SIM4
1
21
22
SIM5
SIM1
SIM2
SIM3
SIM4
1
21
22
SIM5
SIM1
SIM2
SIM3
SIM4
1
21
22
SIM5
SIM1
SIM2
SIM3
SIM4
1
21
22
SIM5
SIM1
SIM2
SIM3
SIM4
1
21
22
SIM5
SIM1
SIM2
SIM3
SIM4
1
21
22
SIM5
SIM1
SIM2
SIM3
SIM4
1
21
22
SIM5
SIM1
SIM2
SIM3
SIM4
1
21
22
SIM5
SIM1
SIM2
SIM3
SIM4
1
21
22
SIM5
SIM1
SIM2
SIM3
SIM4
1
21
22
SIM5
SIM1
SIM2
SIM3
SIM4
1
21
22
SIM5
SIM1
SIM2
SIM3
SIM4
1
21
22
SIM5
SIM1
SIM2
SIM3
SIM4
1
21
22
SIM5
SIM1
SIM2
SIM3
SIM4
1
21
22
SIM5
SIM1
SIM2
SIM3
SIM4
1
21
22
SIM5
SIM1
SIM2
SIM3
SIM4
1
21
22
SIM5
SIM1
SIM2
SIM3
SIM4
1
21
22
SIM5
SIM1
SIM2
SIM3
SIM4
1
21
22
SIM5
SIM1
SIM2
SIM3
SIM4
1
21
22
SIM5
SIM1
SIM2
SIM3
SIM4
1
21
22
SIM5
SIM1
SIM2
SIM3
SIM4
1
21
22
SIM5
SIM1
SIM2
SIM3
SIM4
1
21
22
SIM5
SIM1
SIM2
SIM3
SIM4
1
21
22
SIM5
SIM1
SIM2
SIM3
SIM4
1
21
22
SIM5
SIM1
SIM2
SIM3
SIM4
1
21
22
SIM5
SIM1
SIM2
SIM3
SIM4
1
21
22
SIM5
SIM1
SIM2
SIM3
SIM4
1
21
22
SIM5
SIM1
SIM2
SIM3
SIM4
1
21
22
SIM5
SIM1
SIM2
SIM3
SIM4
1
21
22
SIM5
SIM1
SIM2
SIM3
SIM4
1
21
22
SIM5
SIM1
SIM2
SIM3
SIM4
1
21
22
SIM5
SIM1
SIM2
SIM3
SIM4
1
21
22
SIM5
SIM1
SIM2
SIM3
SIM4
1
21
22
SIM5
SIM1
SIM2
SIM3
SIM4
1
21
22
SIM5
SIM1
SIM2
SIM3
SIM4
1
21
22
SIM5
SIM1
SIM2
SIM3
SIM4
1
21
22
SIM5
SIM1
SIM2
SIM3
SIM4
1
21
22
SIM5
SIM1
SIM2
SIM3
SIM4
1
21
22
SIM5
SIM1
SIM2
SIM3
SIM4
1
21
22
SIM5
SIM1
SIM2
SIM3
SIM4
1
21
22
SIM5
SIM1
SIM2
SIM3
SIM4
1
21
22
SIM5
SIM1
SIM2
SIM3
SIM4
1
21
22
SIM5
SIM1
SIM2
DEBUG 1 291
SIM1
SIM2
SIM3
SIM4
1
21
22
SIM5
SIM1
SIM2
SIM3
SIM4
1
21
22
SIM5
SIM1
SIM2
SIM3
SIM4
1
21
22
SIM5
SIM1
SIM2
SIM3
SIM4
1
21
22
SIM5
SIM1
SIM2
SIM3
SIM4
1
21
22
SIM5
SIM1
SIM2
SIM3
SIM4
1
21
22
SIM5
SIM1
SIM2
SIM3
SIM4
1
21
22
SIM5
SIM1
SIM2
SIM3
SIM4
1
21
22
SIM5
SIM1
SIM2
SIM3
SIM4
1
21
22
SIM5
SIM1
SIM2
SIM3
SIM4
1
21
22
SIM5
SIM1
SIM2
SIM3
SIM4
1
21
22
SIM5
SIM1
SIM2
SIM3
SIM4
1
21
22
SIM5
SIM1
SIM2
SIM3
SIM4
1
21
22
SIM5
SIM1
SIM2
SIM3
SIM4
1
21
22
SIM5
SIM1
SIM2
SIM3
SIM4
1
21
22
SIM5
SIM1
SIM2
SIM3
SIM4
1
21
22
SIM5
SIM1
SIM2
SIM3
SIM4
1
21
22
SIM5
SIM1
SIM2
SIM3
SIM4
1
21
22
SIM5
SIM1
SIM2
SIM3
SIM4
1
21
22
SIM5
SIM1
SIM2
SIM3
SIM4
1
21
22
SIM5
SIM1
SIM2
SIM3
SIM4
1
21
22
SIM5
SIM1
SIM2
SIM3
SIM4
1
21
22
SIM5
SIM1
SIM2
SIM3
SIM4
1
21
22
SIM5
SIM1
SIM2
SIM3
SIM4
1
21
22
SIM5
SIM1
SIM2
SIM3
SIM4
1
21
22
SIM5
SIM1
SIM2
SIM3
SIM4
1
21
22
SIM5
SIM1
SIM2
SIM3
SIM4
1
21
22
SIM5
SIM1
SIM2
SIM3
SIM4
1
21
22
SIM5
SIM1
SIM2
SIM3
SIM4
1
21
22
SIM5
SIM1
SIM2
SIM3
SIM4
1
21
22
SIM5
SIM1
SIM2
SIM3
SIM4
1
21
22
SIM5
SIM1
SIM2
SIM3
SIM4
1
21
22
SIM5
SIM1
SIM2
SIM3
SIM4
1
21
22
SIM5
SIM1
SIM2
SIM3
SIM4
1
21
22
SIM5
SIM1
SIM2
SIM3
SIM4
1
21
22
SIM5
SIM1
SIM2
SIM3
SIM4
1
21
22
SIM5
SIM1
SIM2
SIM3
SIM4
1
21
22
SIM5
SIM1
SIM2
SIM3
SIM4
1
21
22
SIM5
SIM1
SIM2
SIM3
SIM4
1
21
22
SIM5
SIM1
SIM2
SIM3
SIM4
1
21
22
SIM5
SIM1
SIM2
SIM3
SIM4
1
21
22
SIM5
SIM1
SIM2
SIM3
SIM4
1
21
22
SIM5
SIM1
SIM2
SIM3
SIM4
1
21
22
SIM5
SIM1
SIM2
SIM3
SIM4
1
21
22
SIM5
SIM1
SIM2
SIM3
SIM4
1
21
22
SIM5
SIM1
SIM2
SIM3
SIM4
1
21
22
SIM5
SIM1
SIM2
SIM3
SIM4
1
21
22
SIM5
SIM1
SIM2
SIM3
SIM4
1
21
22
SIM5
SIM1
SIM2
SIM3
SIM4
1
21
22
SIM5
SIM1
SIM2
SIM3
SIM4
1
21
22
SIM5
SIM1
SIM2
SIM3
SIM4
1
21
22
SIM5
SIM1
SIM2
SIM3
SIM4
1
21
22
SIM5
SIM1
SIM2
SIM3
SIM4
1
21
22
SIM5
SIM1
SIM2
SIM3
SIM4
1
21
22
SIM5
SIM1
SIM2
SIM3
SIM4
1
21
22
SIM5
SIM1
SIM2
SIM3
SIM4
1
21
22
SIM5
SIM1
SIM2
SIM3
SIM4
1
21
22
SIM5
SIM1
SIM2
SIM3
SIM4
1
21
22
SIM5
SIM1
SIM2
SIM3
SIM4
1
21
22
SIM5
SIM1
SIM2
SIM3
SIM4
1
21
22
SIM5
SIM1
SIM2
SIM3
SIM4
1
21
22
SIM5
SIM1
SIM2
SIM3
SIM4
1
21
22
SIM5
SIM1
SIM2
SIM3
SIM4
1
21
22
SIM5
SIM1
SIM2
SIM3
SIM4
1
21
22
SIM5
SIM1
SIM2
SIM3
SIM4
1
21
22
SIM5
SIM1
SIM2
SIM3
SIM4
1
21
22
SIM5
SIM1
SIM2
SIM3
SIM4
1
21
22
SIM5
SIM1
SIM2
SIM3
SIM4
1
21
22
SIM5
SIM1
SIM2
SIM3
SIM4
1
21
22
SIM5
SIM1
SIM2
SIM3
SIM4
1
21
22
SIM5
SIM1
SIM2
SIM3
SIM4
1
21
22
SIM5
SIM1
SIM2
SIM3
SIM4
1
21
22
SIM5
SIM1
SIM2
SIM3
SIM4
1
21
22
SIM5
SIM1
SIM2
SIM3
SIM4
1
21
22
SIM5
SIM1
SIM2
SIM3
SIM4
1
21
22
SIM5
SIM1
SIM2
SIM3
SIM4
1
21
22
SIM5
SIM1
SIM2
SIM3
SIM4
1
21
22
SIM5
SIM1
SIM2
SIM3
SIM4
1
21
22
SIM5
SIM1
SIM2
SIM3
SIM4
1
21
22
SIM5
SIM1
SIM2
SIM3
SIM4
1
21
22
SIM5
SIM1
SIM2
SIM3
SIM4
1
21
22
SIM5
SIM1
SIM2
SIM3
SIM4
1
21
22
SIM5
SIM1
SIM2
SIM3
SIM4
1
21
22
SIM5
SIM1
SIM2
SIM3
SIM4
1
21
22
SIM5
SIM1
SIM2
SIM3
SIM4
1
21
22
SIM5
SIM1
SIM2
SIM3
SIM4
1
21
22
SIM5
SIM1
SIM2
SIM3
SIM4
1
21
22
SIM5
SIM1
SIM2
SIM3
SIM4
1
21
22
SIM5
SIM1
SIM2
SIM3
SIM4
1
21
22
SIM5
SIM1
SIM2
SIM3
SIM4
1
21
22
SIM5
SIM1
SIM2
SIM3
SIM4
1
21
22
SIM5
SIM1
SIM2
DEBUG 1 292
SIM1
SIM2
SIM3
SIM4
1
21
22
SIM5
SIM1
SIM2
SIM3
SIM4
1
21
22
SIM5
SIM1
SIM2
SIM3
SIM4
1
21
22
SIM5
SIM1
SIM2
SIM3
SIM4
1
21
22
SIM5
SIM1
SIM2
SIM3
SIM4
1
21
22
SIM5
SIM1
SIM2
SIM3
SIM4
1
21
22
SIM5
SIM1
SIM2
SIM3
SIM4
1
21
22
SIM5
SIM1
SIM2
SIM3
SIM4
1
21
22
SIM5
SIM1
SIM2
SIM3
SIM4
1
21
22
SIM5
SIM1
SIM2
SIM3
SIM4
1
21
22
SIM5
SIM1
SIM2
SIM3
SIM4
1
21
22
SIM5
SIM1
SIM2
SIM3
SIM4
1
21
22
SIM5
SIM1
SIM2
SIM3
SIM4
1
21
22
SIM5
SIM1
SIM2
SIM3
SIM4
1
21
22
SIM5
SIM1
SIM2
SIM3
SIM4
1
21
22
SIM5
SIM1
SIM2
SIM3
SIM4
1
21
22
SIM5
SIM1
SIM2
SIM3
SIM4
1
21
22
SIM5
SIM1
SIM2
SIM3
SIM4
1
21
22
SIM5
SIM1
SIM2
SIM3
SIM4
1
21
22
SIM5
SIM1
SIM2
SIM3
SIM4
1
21
22
SIM5
SIM1
SIM2
SIM3
SIM4
1
21
22
SIM5
SIM1
SIM2
SIM3
SIM4
1
21
22
SIM5
SIM1
SIM2
SIM3
SIM4
1
21
22
SIM5
SIM1
SIM2
SIM3
SIM4
1
21
22
SIM5
SIM1
SIM2
SIM3
SIM4
1
21
22
SIM5
SIM1
SIM2
SIM3
SIM4
1
21
22
SIM5
SIM1
SIM2
SIM3
SIM4
1
21
22
SIM5
SIM1
SIM2
SIM3
SIM4
1
21
22
SIM5
SIM1
SIM2
SIM3
SIM4
1
21
22
SIM5
SIM1
SIM2
SIM3
SIM4
1
21
22
SIM5
SIM1
SIM2
SIM3
SIM4
1
21
22
SIM5
SIM1
SIM2
SIM3
SIM4
1
21
22
SIM5
SIM1
SIM2
SIM3
SIM4
1
21
22
SIM5
SIM1
SIM2
SIM3
SIM4
1
21
22
SIM5
SIM1
SIM2
SIM3
SIM4
1
21
22
SIM5
SIM1
SIM2
SIM3
SIM4
1
21
22
SIM5
SIM1
SIM2
SIM3
SIM4
1
21
22
SIM5
SIM1
SIM2
SIM3
SIM4
1
21
22
SIM5
SIM1
SIM2
SIM3
SIM4
1
21
22
SIM5
SIM1
SIM2
SIM3
SIM4
1
21
22
SIM5
SIM1
SIM2
SIM3
SIM4
1
21
22
SIM5
SIM1
SIM2
SIM3
SIM4
1
21
22
SIM5
SIM1
SIM2
SIM3
SIM4
1
21
22
SIM5
SIM1
SIM2
SIM3
SIM4
1
21
22
SIM5
SIM1
SIM2
SIM3
SIM4
1
21
22
SIM5
SIM1
SIM2
SIM3
SIM4
1
21
22
SIM5
SIM1
SIM2
SIM3
SIM4
1
21
22
SIM5
SIM1
SIM2
SIM3
SIM4
1
21
22
SIM5
SIM1
SIM2
SIM3
SIM4
1
21
22
SIM5
SIM1
SIM2
SIM3
SIM4
1
21
22
SIM5
SIM1
SIM2
SIM3
SIM4
1
21
22
SIM5
SIM1
SIM2
SIM3
SIM4
1
21
22
SIM5
SIM1
SIM2
SIM3
SIM4
1
21
22
SIM5
SIM1
SIM2
SIM3
SIM4
1
21
22
SIM5
SIM1
SIM2
SIM3
SIM4
1
21
22
SIM5
SIM1
SIM2
SIM3
SIM4
1
21
22
SIM5
SIM1
SIM2
SIM3
SIM4
1
21
22
SIM5
SIM1
SIM2
SIM3
SIM4
1
21
22
SIM5
SIM1
SIM2
SIM3
SIM4
1
21
22
SIM5
SIM1
SIM2
SIM3
SIM4
1
21
22
SIM5
SIM1
SIM2
SIM3
SIM4
1
21
22
SIM5
SIM1
SIM2
SIM3
SIM4
1
21
22
SIM5
SIM1
SIM2
SIM3
SIM4
1
21
22
SIM5
SIM1
SIM2
SIM3
SIM4
1
21
22
SIM5
SIM1
SIM2
SIM3
SIM4
1
21
22
SIM5
SIM1
SIM2
SIM3
SIM4
1
21
22
SIM5
SIM1
SIM2
SIM3
SIM4
1
21
22
SIM5
SIM1
SIM2
SIM3
SIM4
1
21
22
SIM5
SIM1
SIM2
SIM3
SIM4
1
21
22
SIM5
SIM1
SIM2
SIM3
SIM4
1
21
22
SIM5
SIM1
SIM2
SIM3
SIM4
1
21
22
SIM5
SIM1
SIM2
SIM3
SIM4
1
21
22
SIM5
SIM1
SIM2
SIM3
SIM4
1
21
22
SIM5
SIM1
SIM2
SIM3
SIM4
1
21
22
SIM5
SIM1
SIM2
SIM3
SIM4
1
21
22
SIM5
SIM1
SIM2
SIM3
SIM4
1
21
22
SIM5
SIM1
SIM2
SIM3
SIM4
1
21
22
SIM5
SIM1
SIM2
SIM3
SIM4
1
21
22
SIM5
SIM1
SIM2
SIM3
SIM4
1
21
22
SIM5
SIM1
SIM2
SIM3
SIM4
1
21
22
SIM5
SIM1
SIM2
SIM3
SIM4
1
21
22
SIM5
SIM1
SIM2
SIM3
SIM4
1
21
22
SIM5
SIM1
SIM2
SIM3
SIM4
1
21
22
SIM5
SIM1
SIM2
SIM3
SIM4
1
21
22
SIM5
SIM1
SIM2
SIM3
SIM4
1
21
22
SIM5
SIM1
SIM2
SIM3
SIM4
1
21
22
SIM5
SIM1
SIM2
SIM3
SIM4
1
21
22
SIM5
SIM1
SIM2
SIM3
SIM4
1
21
22
SIM5
SIM1
SIM2
SIM3
SIM4
1
21
22
SIM5
SIM1
SIM2
SIM3
SIM4
1
21
22
SIM5
SIM1
SIM2
SIM3
SIM4
1
21
22
SIM5
SIM1
SIM2
SIM3
SIM4
1
21
22
SIM5
SIM1
SIM2
SIM3
SIM4
1
21
22
SIM5
SIM1
SIM2
SIM3
SIM4
1
21
22
SIM5
SIM1
SIM2
SIM3
SIM4
1
21
22
SIM5
SIM1
SIM2
SIM3
SIM4
1
21
22
SIM5
SIM1
SIM2
SIM3
SIM4
1
21
22
SIM5
SIM1
SIM2
SIM3
SIM4
1
21
22
SIM5
SIM1
SIM2
SIM3
SIM4
1
21
22
SIM5
SIM1
SIM2
SIM3
SIM4
1
21
22
SIM5
SIM1
SIM2
SIM3
SIM4
1
21
22
SIM5
SIM1
SIM2
SIM3
SIM4
1
21
22
SIM5
SIM1
SIM2
SIM3
SIM4
1
21
22
SIM5
SIM1
SIM2
SIM3
SIM4
1
21
22
SIM5
SIM1
SIM2
SIM3
SIM4
1
21
22
SIM5
SIM1
SIM2
SIM3
SIM4
1
21
22
SIM5
SIM1
SIM2
SIM3
SIM4
1
21
22
SIM5
SIM1
SIM2
SIM3
SIM4
1
21
22
SIM5
SIM1
SIM2
SIM3
SIM4
1
21
22
SIM5
SIM1
SIM2
SIM3
SIM4
1
21
22
SIM5
SIM1
SIM2
SIM3
SIM4
1
21
22
SIM5
SIM1
SIM2
SIM3
SIM4
1
21
22
SIM5
SIM1
SIM2
SIM3
SIM4
1
21
22
SIM5
SIM1
SIM2
DEBUG 1 293
SIM1
SIM2
SIM3
SIM4
1
21
22
SIM5
SIM1
SIM2
SIM3
SIM4
1
21
22
SIM5
SIM1
SIM2
SIM3
SIM4
1
21
22
SIM5
SIM1
SIM2
SIM3
SIM4
1
21
22
SIM5
SIM1
SIM2
SIM3
SIM4
1
21
22
SIM5
SIM1
SIM2
SIM3
SIM4
1
21
22
SIM5
SIM1
SIM2
SIM3
SIM4
1
21
22
SIM5
SIM1
SIM2
SIM3
SIM4
1
21
22
SIM5
SIM1
SIM2
SIM3
SIM4
1
21
22
SIM5
SIM1
SIM2
SIM3
SIM4
1
21
22
SIM5
SIM1
SIM2
SIM3
SIM4
1
21
22
SIM5
SIM1
SIM2
SIM3
SIM4
1
21
22
SIM5
SIM1
SIM2
SIM3
SIM4
1
21
22
SIM5
SIM1
SIM2
SIM3
SIM4
1
21
22
SIM5
SIM1
SIM2
SIM3
SIM4
1
21
22
SIM5
SIM1
SIM2
SIM3
SIM4
1
21
22
SIM5
SIM1
SIM2
SIM3
SIM4
1
21
22
SIM5
SIM1
SIM2
SIM3
SIM4
1
21
22
SIM5
SIM1
SIM2
SIM3
SIM4
1
21
22
SIM5
SIM1
SIM2
SIM3
SIM4
1
21
22
SIM5
SIM1
SIM2
SIM3
SIM4
1
21
22
SIM5
SIM1
SIM2
SIM3
SIM4
1
21
22
SIM5
SIM1
SIM2
SIM3
SIM4
1
21
22
SIM5
SIM1
SIM2
SIM3
SIM4
1
21
22
SIM5
SIM1
SIM2
SIM3
SIM4
1
21
22
SIM5
SIM1
SIM2
SIM3
SIM4
1
21
22
SIM5
SIM1
SIM2
SIM3
SIM4
1
21
22
SIM5
SIM1
SIM2
SIM3
SIM4
1
21
22
SIM5
SIM1
SIM2
SIM3
SIM4
1
21
22
SIM5
SIM1
SIM2
SIM3
SIM4
1
21
22
SIM5
SIM1
SIM2
SIM3
SIM4
1
21
22
SIM5
SIM1
SIM2
SIM3
SIM4
1
21
22
SIM5
SIM1
SIM2
SIM3
SIM4
1
21
22
SIM5
SIM1
SIM2
SIM3
SIM4
1
21
22
SIM5
SIM1
SIM2
SIM3
SIM4
1
21
22
SIM5
SIM1
SIM2
SIM3
SIM4
1
21
22
SIM5
SIM1
SIM2
SIM3
SIM4
1
21
22
SIM5
SIM1
SIM2
SIM3
SIM4
1
21
22
SIM5
SIM1
SIM2
SIM3
SIM4
1
21
22
SIM5
SIM1
SIM2
SIM3
SIM4
1
21
22
SIM5
SIM1
SIM2
SIM3
SIM4
1
21
22
SIM5
SIM1
SIM2
SIM3
SIM4
1
21
22
SIM5
SIM1
SIM2
SIM3
SIM4
1
21
22
SIM5
SIM1
SIM2
SIM3
SIM4
1
21
22
SIM5
SIM1
SIM2
SIM3
SIM4
1
21
22
SIM5
SIM1
SIM2
SIM3
SIM4
1
21
22
SIM5
SIM1
SIM2
SIM3
SIM4
1
21
22
SIM5
SIM1
SIM2
SIM3
SIM4
1
21
22
SIM5
SIM1
SIM2
SIM3
SIM4
1
21
22
SIM5
SIM1
SIM2
SIM3
SIM4
1
21
22
SIM5
SIM1
SIM2
SIM3
SIM4
1
21
22
SIM5
SIM1
SIM2
SIM3
SIM4
1
21
22
SIM5
SIM1
SIM2
SIM3
SIM4
1
21
22
SIM5
SIM1
SIM2
SIM3
SIM4
1
21
22
SIM5
SIM1
SIM2
SIM3
SIM4
1
21
22
SIM5
SIM1
SIM2
SIM3
SIM4
1
21
22
SIM5
SIM1
SIM2
SIM3
SIM4
1
21
22
SIM5
SIM1
SIM2
SIM3
SIM4
1
21
22
SIM5
SIM1
SIM2
SIM3
SIM4
1
21
22
SIM5
SIM1
SIM2
SIM3
SIM4
1
21
22
SIM5
SIM1
SIM2
SIM3
SIM4
1
21
22
SIM5
SIM1
SIM2
SIM3
SIM4
1
21
22
SIM5
SIM1
SIM2
SIM3
SIM4
1
21
22
SIM5
SIM1
SIM2
SIM3
SIM4
1
21
22
SIM5
SIM1
SIM2
SIM3
SIM4
1
21
22
SIM5
SIM1
SIM2
SIM3
SIM4
1
21
22
SIM5
SIM1
SIM2
SIM3
SIM4
1
21
22
SIM5
SIM1
SIM2
SIM3
SIM4
1
21
22
SIM5
SIM1
SIM2
SIM3
SIM4
1
21
22
SIM5
SIM1
SIM2
SIM3
SIM4
1
21
22
SIM5
SIM1
SIM2
SIM3
SIM4
1
21
22
SIM5
SIM1
SIM2
SIM3
SIM4
1
21
22
SIM5
SIM1
SIM2
SIM3
SIM4
1
21
22
SIM5
SIM1
SIM2
SIM3
SIM4
1
21
22
SIM5
SIM1
SIM2
SIM3
SIM4
1
21
22
SIM5
SIM1
SIM2
SIM3
SIM4
1
21
22
SIM5
SIM1
SIM2
SIM3
SIM4
1
21
22
SIM5
SIM1
SIM2
SIM3
SIM4
1
21
22
SIM5
SIM1
SIM2
SIM3
SIM4
1
21
22
SIM5
SIM1
SIM2
SIM3
SIM4
1
21
22
SIM5
SIM1
SIM2
SIM3
SIM4
1
21
22
SIM5
SIM1
SIM2
SIM3
SIM4
1
21
22
SIM5
SIM1
SIM2
SIM3
SIM4
1
21
22
SIM5
SIM1
SIM2
SIM3
SIM4
1
21
22
SIM5
SIM1
SIM2
SIM3
SIM4
1
21
22
SIM5
SIM1
SIM2
SIM3
SIM4
1
21
22
SIM5
SIM1
SIM2
SIM3
SIM4
1
21
22
SIM5
SIM1
SIM2
SIM3
SIM4
1
21
22
SIM5
SIM1
SIM2
SIM3
SIM4
1
21
22
SIM5
SIM1
SIM2
SIM3
SIM4
1
21
22
SIM5
SIM1
SIM2
SIM3
SIM4
1
21
22
SIM5
SIM1
SIM2
SIM3
SIM4
1
21
22
SIM5
SIM1
SIM2
SIM3
SIM4
1
21
22
SIM5
SIM1
SIM2
SIM3
SIM4
1
21
22
SIM5
SIM1
SIM2
SIM3
SIM4
1
21
22
SIM5
SIM1
SIM2
SIM3
SIM4
1
21
22
SIM5
SIM1
SIM2
SIM3
SIM4
1
21
22
SIM5
SIM1
SIM2
SIM3
SIM4
1
21
22
SIM5
SIM1
SIM2
SIM3
SIM4
1
21
22
SIM5
SIM1
SIM2
SIM3
SIM4
1
21
22
SIM5
SIM1
SIM2
SIM3
SIM4
1
21
22
SIM5
SIM1
SIM2
SIM3
SIM4
1
21
22
SIM5
SIM1
SIM2
SIM3
SIM4
1
21
22
SIM5
SIM1
SIM2
SIM3
SIM4
1
21
22
SIM5
SIM1
SIM2
SIM3
SIM4
1
21
22
SIM5
SIM1
SIM2
SIM3
SIM4
1
21
22
SIM5
SIM1
SIM2
SIM3
SIM4
1
21
22
SIM5
SIM1
SIM2
SIM3
SIM4
1
21
22
SIM5
SIM1
SIM2
SIM3
SIM4
1
21
22
SIM5
SIM1
SIM2
SIM3
SIM4
1
21
22
SIM5
SIM1
SIM2
SIM3
SIM4
1
21
22
SIM5
SIM1
SIM2
SIM3
SIM4
1
21
22
SIM5
SIM1
SIM2
SIM3
SIM4
1
21
22
SIM5
SIM1
SIM2
SIM3
SIM4
1
21
22
SIM5
SIM1
SIM2
SIM3
SIM4
1
21
22
SIM5
SIM1
SIM2
SIM3
SIM4
1
21
22
SIM5
SIM1
SIM2
SIM3
SIM4
1
21
22
SIM5
SIM1
SIM2
SIM3
SIM4
1
21
22
SIM5
SIM1
SIM2
SIM3
SIM4
1
21
22
SIM5
SIM1
SIM2
SIM3
SIM4
1
21
22
SIM5
SIM1
SIM2
SIM3
SIM4
1
21
22
SIM5
SIM1
SIM2
SIM3
SIM4
1
21
22
SIM5
SIM1
SIM2
SIM3
SIM4
1
21
22
SIM5
SIM1
SIM2
SIM3
SIM4
1
21
22
SIM5
SIM1
SIM2
SIM3
SIM4
1
21
22
SIM5
SIM1
SIM2
SIM3
SIM4
1
21
22
SIM5
SIM1
SIM2
SIM3
SIM4
1
21
22
SIM5
SIM1
SIM2
SIM3
SIM4
1
21
22
SIM5
SIM1
SIM2
SIM3
SIM4
1
21
22
SIM5
SIM1
SIM2
SIM3
SIM4
1
21
22
SIM5
SIM1
SIM2
SIM3
SIM4
1
21
22
SIM5
SIM1
SIM2
SIM3
SIM4
1
21
22
SIM5
SIM1
SIM2
SIM3
SIM4
1
21
22
SIM5
SIM1
SIM2
SIM3
SIM4
1
21
22
SIM5
SIM1
SIM2
SIM3
SIM4
1
21
22
SIM5
SIM1
SIM2
SIM3
SIM4
1
21
22
SIM5
SIM1
SIM2
SIM3
SIM4
1
21
22
SIM5
SIM1
SIM2
SIM3
SIM4
1
21
22
SIM5
SIM1
SIM2
SIM3
SIM4
1
21
22
SIM5
SIM1
SIM2
SIM3
SIM4
1
21
22
SIM5
SIM1
SIM2
SIM3
SIM4
1
21
22
SIM5
SIM1
SIM2
SIM3
SIM4
1
21
22
SIM5
SIM1
SIM2
SIM3
SIM4
1
21
22
SIM5
SIM1
SIM2
SIM3
SIM4
1
21
22
SIM5
SIM1
SIM2
SIM3
SIM4
1
21
22
SIM5
SIM1
SIM2
SIM3
SIM4
1
21
22
SIM5
SIM1
SIM2
SIM3
SIM4
1
21
22
SIM5
SIM1
SIM2
SIM3
SIM4
1
21
22
SIM5
SIM1
SIM2
SIM3
SIM4
1
21
22
SIM5
SIM1
SIM2
SIM3
SIM4
1
21
22
SIM5
SIM1
SIM2
SIM3
SIM4
1
21
22
SIM5
SIM1
SIM2
SIM3
SIM4
1
21
22
SIM5
SIM1
SIM2
SIM3
SIM4
1
21
22
SIM5
SIM1
SIM2
SIM3
SIM4
1
21
22
SIM5
SIM1
SIM2
SIM3
SIM4
1
21
22
SIM5
SIM1
SIM2
SIM3
SIM4
1
21
22
SIM5
SIM1
SIM2
SIM3
SIM4
1
21
22
SIM5
SIM1
SIM2
SIM3
SIM4
1
21
22
SIM5
SIM1
SIM2
SIM3
SIM4
1
21
22
SIM5
SIM1
SIM2
SIM3
SIM4
1
21
22
SIM5
SIM1
SIM2
SIM3
SIM4
1
21
22
SIM5
SIM1
SIM2
SIM3
SIM4
1
21
22
SIM5
SIM1
SIM2
SIM3
SIM4
1
21
22
SIM5
SIM1
SIM2
SIM3
SIM4
1
21
22
SIM5
SIM1
SIM2
SIM3
SIM4
1
21
22
SIM5
SIM1
SIM2
SIM3
SIM4
1
21
22
SIM5
SIM1
SIM2
SIM3
SIM4
1
21
22
SIM5
SIM1
SIM2
DEBUG 1 294
SIM1
SIM2
SIM3
SIM4
1
21
22
SIM5
SIM1
SIM2
SIM3
SIM4
1
21
22
SIM5
SIM1
SIM2
SIM3
SIM4
1
21
22
SIM5
SIM1
SIM2
SIM3
SIM4
1
21
22
SIM5
SIM1
SIM2
SIM3
SIM4
1
21
22
SIM5
SIM1
SIM2
SIM3
SIM4
1
21
22
SIM5
SIM1
SIM2
SIM3
SIM4
1
21
22
SIM5
SIM1
SIM2
SIM3
SIM4
1
21
22
SIM5
SIM1
SIM2
SIM3
SIM4
1
21
22
SIM5
SIM1
SIM2
SIM3
SIM4
1
21
22
SIM5
SIM1
SIM2
SIM3
SIM4
1
21
22
SIM5
SIM1
SIM2
SIM3
SIM4
1
21
22
SIM5
SIM1
SIM2
SIM3
SIM4
1
21
22
SIM5
SIM1
SIM2
SIM3
SIM4
1
21
22
SIM5
SIM1
SIM2
SIM3
SIM4
1
21
22
SIM5
SIM1
SIM2
SIM3
SIM4
1
21
22
SIM5
SIM1
SIM2
SIM3
SIM4
1
21
22
SIM5
SIM1
SIM2
SIM3
SIM4
1
21
22
SIM5
SIM1
SIM2
SIM3
SIM4
1
21
22
SIM5
SIM1
SIM2
SIM3
SIM4
1
21
22
SIM5
SIM1
SIM2
SIM3
SIM4
1
21
22
SIM5
SIM1
SIM2
SIM3
SIM4
1
21
22
SIM5
SIM1
SIM2
SIM3
SIM4
1
21
22
SIM5
SIM1
SIM2
SIM3
SIM4
1
21
22
SIM5
SIM1
SIM2
SIM3
SIM4
1
21
22
SIM5
SIM1
SIM2
SIM3
SIM4
1
21
22
SIM5
SIM1
SIM2
SIM3
SIM4
1
21
22
SIM5
SIM1
SIM2
SIM3
SIM4
1
21
22
SIM5
SIM1
SIM2
SIM3
SIM4
1
21
22
SIM5
SIM1
SIM2
SIM3
SIM4
1
21
22
SIM5
SIM1
SIM2
SIM3
SIM4
1
21
22
SIM5
SIM1
SIM2
SIM3
SIM4
1
21
22
SIM5
SIM1
SIM2
SIM3
SIM4
1
21
22
SIM5
SIM1
SIM2
SIM3
SIM4
1
21
22
SIM5
SIM1
SIM2
SIM3
SIM4
1
21
22
SIM5
SIM1
SIM2
SIM3
SIM4
1
21
22
SIM5
SIM1
SIM2
SIM3
SIM4
1
21
22
SIM5
SIM1
SIM2
SIM3
SIM4
1
21
22
SIM5
SIM1
SIM2
SIM3
SIM4
1
21
22
SIM5
SIM1
SIM2
SIM3
SIM4
1
21
22
SIM5
SIM1
SIM2
SIM3
SIM4
1
21
22
SIM5
SIM1
SIM2
SIM3
SIM4
1
21
22
SIM5
SIM1
SIM2
SIM3
SIM4
1
21
22
SIM5
SIM1
SIM2
SIM3
SIM4
1
21
22
SIM5
SIM1
SIM2
SIM3
SIM4
1
21
22
SIM5
SIM1
SIM2
SIM3
SIM4
1
21
22
SIM5
SIM1
SIM2
SIM3
SIM4
1
21
22
SIM5
SIM1
SIM2
SIM3
SIM4
1
21
22
SIM5
SIM1
SIM2
SIM3
SIM4
1
21
22
SIM5
SIM1
SIM2
SIM3
SIM4
1
21
22
SIM5
SIM1
SIM2
SIM3
SIM4
1
21
22
SIM5
SIM1
SIM2
SIM3
SIM4
1
21
22
SIM5
SIM1
SIM2
SIM3
SIM4
1
21
22
SIM5
SIM1
SIM2
SIM3
SIM4
1
21
22
SIM5
SIM1
SIM2
SIM3
SIM4
1
21
22
SIM5
SIM1
SIM2
SIM3
SIM4
1
21
22
SIM5
SIM1
SIM2
SIM3
SIM4
1
21
22
SIM5
SIM1
SIM2
SIM3
SIM4
1
21
22
SIM5
SIM1
SIM2
SIM3
SIM4
1
21
22
SIM5
SIM1
SIM2
SIM3
SIM4
1
21
22
SIM5
SIM1
SIM2
SIM3
SIM4
1
21
22
SIM5
SIM1
SIM2
SIM3
SIM4
1
21
22
SIM5
SIM1
SIM2
SIM3
SIM4
1
21
22
SIM5
SIM1
SIM2
SIM3
SIM4
1
21
22
SIM5
SIM1
SIM2
SIM3
SIM4
1
21
22
SIM5
SIM1
SIM2
SIM3
SIM4
1
21
22
SIM5
SIM1
SIM2
SIM3
SIM4
1
21
22
SIM5
SIM1
SIM2
SIM3
SIM4
1
21
22
SIM5
SIM1
SIM2
SIM3
SIM4
1
21
22
SIM5
SIM1
SIM2
SIM3
SIM4
1
21
22
SIM5
SIM1
SIM2
SIM3
SIM4
1
21
22
SIM5
SIM1
SIM2
SIM3
SIM4
1
21
22
SIM5
SIM1
SIM2
SIM3
SIM4
1
21
22
SIM5
SIM1
SIM2
SIM3
SIM4
1
21
22
SIM5
SIM1
SIM2
SIM3
SIM4
1
21
22
SIM5
SIM1
SIM2
SIM3
SIM4
1
21
22
SIM5
SIM1
SIM2
SIM3
SIM4
1
21
22
SIM5
SIM1
SIM2
SIM3
SIM4
1
21
22
SIM5
SIM1
SIM2
SIM3
SIM4
1
21
22
SIM5
SIM1
SIM2
SIM3
SIM4
1
21
22
SIM5
SIM1
SIM2
SIM3
SIM4
1
21
22
SIM5
SIM1
SIM2
SIM3
SIM4
1
21
22
SIM5
SIM1
SIM2
SIM3
SIM4
1
21
22
SIM5
SIM1
SIM2
SIM3
SIM4
1
21
22
SIM5
SIM1
SIM2
SIM3
SIM4
1
21
22
SIM5
SIM1
SIM2
SIM3
SIM4
1
21
22
SIM5
SIM1
SIM2
SIM3
SIM4
1
21
22
SIM5
SIM1
SIM2
SIM3
SIM4
1
21
22
SIM5
SIM1
SIM2
SIM3
SIM4
1
21
22
SIM5
SIM1
SIM2
SIM3
SIM4
1
21
22
SIM5
SIM1
SIM2
SIM3
SIM4
1
21
22
SIM5
SIM1
SIM2
SIM3
SIM4
1
21
22
SIM5
SIM1
SIM2
SIM3
SIM4
1
21
22
SIM5
SIM1
SIM2
SIM3
SIM4
1
21
22
SIM5
SIM1
SIM2
SIM3
SIM4
1
21
22
SIM5
SIM1
SIM2
SIM3
SIM4
1
21
22
SIM5
SIM1
SIM2
SIM3
SIM4
1
21
22
SIM5
SIM1
SIM2
SIM3
SIM4
1
21
22
SIM5
SIM1
SIM2
SIM3
SIM4
1
21
22
SIM5
SIM1
SIM2
SIM3
SIM4
1
21
22
SIM5
SIM1
SIM2
SIM3
SIM4
1
21
22
SIM5
SIM1
SIM2
SIM3
SIM4
1
21
22
SIM5
SIM1
SIM2
SIM3
SIM4
1
21
22
SIM5
SIM1
SIM2
SIM3
SIM4
1
21
22
SIM5
SIM1
SIM2
SIM3
SIM4
1
21
22
SIM5
SIM1
SIM2
SIM3
SIM4
1
21
22
SIM5
SIM1
SIM2
SIM3
SIM4
1
21
22
SIM5
SIM1
SIM2
SIM3
SIM4
1
21
22
SIM5
SIM1
SIM2
SIM3
SIM4
1
21
22
SIM5
SIM1
SIM2
SIM3
SIM4
1
21
22
SIM5
SIM1
SIM2
SIM3
SIM4
1
21
22
SIM5
SIM1
SIM2
SIM3
SIM4
1
21
22
SIM5
SIM1
SIM2
SIM3
SIM4
1
21
22
SIM5
SIM1
SIM2
SIM3
SIM4
1
21
22
SIM5
SIM1
SIM2
SIM3
SIM4
1
21
22
SIM5
SIM1
SIM2
SIM3
SIM4
1
21
22
SIM5
SIM1
SIM2
SIM3
SIM4
1
21
22
SIM5
SIM1
SIM2
SIM3
SIM4
1
21
22
SIM5
SIM1
SIM2
SIM3
SIM4
1
21
22
SIM5
SIM1
SIM2
SIM3
SIM4
1
21
22
SIM5
SIM1
SIM2
SIM3
SIM4
1
21
22
SIM5
SIM1
SIM2
SIM3
SIM4
1
21
22
SIM5
SIM1
SIM2
SIM3
SIM4
1
21
22
SIM5
SIM1
SIM2
SIM3
SIM4
1
21
22
SIM5
SIM1
SIM2
SIM3
SIM4
1
21
22
SIM5
SIM1
SIM2
SIM3
SIM4
1
21
22
SIM5
SIM1
SIM2
SIM3
SIM4
1
21
22
SIM5
SIM1
SIM2
SIM3
SIM4
1
21
22
SIM5
SIM1
SIM2
SIM3
SIM4
1
21
22
SIM5
SIM1
SIM2
SIM3
SIM4
1
21
22
SIM5
SIM1
SIM2
SIM3
SIM4
1
21
22
SIM5
SIM1
SIM2
SIM3
SIM4
1
21
22
SIM5
SIM1
SIM2
SIM3
SIM4
1
21
22
SIM5
SIM1
SIM2
SIM3
SIM4
1
21
22
SIM5
SIM1
SIM2
SIM3
SIM4
1
21
22
SIM5
SIM1
SIM2
SIM3
SIM4
1
21
22
SIM5
SIM1
SIM2
SIM3
SIM4
1
21
22
SIM5
SIM1
SIM2
SIM3
SIM4
1
21
22
SIM5
SIM1
SIM2
SIM3
SIM4
1
21
22
SIM5
SIM1
SIM2
SIM3
SIM4
1
21
22
SIM5
SIM1
SIM2
SIM3
SIM4
1
21
22
SIM5
SIM1
SIM2
SIM3
SIM4
1
21
22
SIM5
SIM1
SIM2
SIM3
SIM4
1
21
22
SIM5
SIM1
SIM2
SIM3
SIM4
1
21
22
SIM5
SIM1
SIM2
SIM3
SIM4
1
21
22
SIM5
SIM1
SIM2
SIM3
SIM4
1
21
22
SIM5
SIM1
SIM2
SIM3
SIM4
1
21
22
SIM5
SIM1
SIM2
SIM3
SIM4
1
21
22
SIM5
SIM1
SIM2
SIM3
SIM4
1
21
22
SIM5
SIM1
SIM2
SIM3
SIM4
1
21
22
SIM5
SIM1
SIM2
SIM3
SIM4
1
21
22
SIM5
SIM1
SIM2
SIM3
SIM4
1
21
22
SIM5
SIM1
SIM2
SIM3
SIM4
1
21
22
SIM5
SIM1
SIM2
SIM3
SIM4
1
21
22
SIM5
SIM1
SIM2
SIM3
SIM4
1
21
22
SIM5
SIM1
SIM2
SIM3
SIM4
1
21
22
SIM5
SIM1
SIM2
SIM3
SIM4
1
21
22
SIM5
SIM1
SIM2
SIM3
SIM4
1
21
22
SIM5
SIM1
SIM2
SIM3
SIM4
1
21
22
SIM5
SIM1
SIM2
SIM3
SIM4
1
21
22
SIM5
SIM1
SIM2
SIM3
SIM4
1
21
22
SIM5
SIM1
SIM2
SIM3
SIM4
1
21
22
SIM5
SIM1
SIM2
SIM3
SIM4
1
21
22
SIM5
SIM1
SIM2
SIM3
SIM4
1
21
22
SIM5
SIM1
SIM2
SIM3
SIM4
1
21
22
SIM5
SIM1
SIM2
SIM3
SIM4
1
21
22
SIM5
SIM1
SIM2
SIM3
SIM4
1
21
22
SIM5
SIM1
SIM2
SIM3
SIM4
1
21
22
SIM5
SIM1
SIM2
SIM3
SIM4
1
21
22
SIM5
SIM1
SIM2
SIM3
SIM4
1
21
22
SIM5
SIM1
SIM2
SIM3
SIM4
1
21
22
SIM5
SIM1
SIM2
SIM3
SIM4
1
21
22
SIM5
SIM1
SIM2
SIM3
SIM4
1
21
22
SIM5
SIM1
SIM2
SIM3
SIM4
1
21
22
SIM5
SIM1
SIM2
SIM3
SIM4
1
21
22
SIM5
SIM1
SIM2
SIM3
SIM4
1
21
22
SIM5
SIM1
SIM2
SIM3
SIM4
1
21
22
SIM5
SIM1
SIM2
SIM3
SIM4
1
21
22
SIM5
SIM1
SIM2
SIM3
SIM4
1
21
22
SIM5
SIM1
SIM2
SIM3
SIM4
1
21
22
SIM5
SIM1
SIM2
SIM3
SIM4
1
21
22
SIM5
SIM1
SIM2
SIM3
SIM4
1
21
22
SIM5
SIM1
SIM2
SIM3
SIM4
1
21
22
SIM5
SIM1
SIM2
SIM3
SIM4
1
21
22
SIM5
SIM1
SIM2
DEBUG 1 295
SIM1
SIM2
SIM3
SIM4
1
21
22
SIM5
SIM1
SIM2
SIM3
SIM4
1
21
22
SIM5
SIM1
SIM2
SIM3
SIM4
1
21
22
SIM5
SIM1
SIM2
SIM3
SIM4
1
21
22
SIM5
SIM1
SIM2
SIM3
SIM4
1
21
22
SIM5
SIM1
SIM2
SIM3
SIM4
1
21
22
SIM5
SIM1
SIM2
SIM3
SIM4
1
21
22
SIM5
SIM1
SIM2
SIM3
SIM4
1
21
22
SIM5
SIM1
SIM2
SIM3
SIM4
1
21
22
SIM5
SIM1
SIM2
SIM3
SIM4
1
21
22
SIM5
SIM1
SIM2
SIM3
SIM4
1
21
22
SIM5
SIM1
SIM2
SIM3
SIM4
1
21
22
SIM5
SIM1
SIM2
SIM3
SIM4
1
21
22
SIM5
SIM1
SIM2
SIM3
SIM4
1
21
22
SIM5
SIM1
SIM2
SIM3
SIM4
1
21
22
SIM5
SIM1
SIM2
SIM3
SIM4
1
21
22
SIM5
SIM1
SIM2
SIM3
SIM4
1
21
22
SIM5
SIM1
SIM2
SIM3
SIM4
1
21
22
SIM5
SIM1
SIM2
SIM3
SIM4
1
21
22
SIM5
SIM1
SIM2
SIM3
SIM4
1
21
22
SIM5
SIM1
SIM2
SIM3
SIM4
1
21
22
SIM5
SIM1
SIM2
SIM3
SIM4
1
21
22
SIM5
SIM1
SIM2
SIM3
SIM4
1
21
22
SIM5
SIM1
SIM2
SIM3
SIM4
1
21
22
SIM5
SIM1
SIM2
SIM3
SIM4
1
21
22
SIM5
SIM1
SIM2
SIM3
SIM4
1
21
22
SIM5
SIM1
SIM2
SIM3
SIM4
1
21
22
SIM5
SIM1
SIM2
SIM3
SIM4
1
21
22
SIM5
SIM1
SIM2
SIM3
SIM4
1
21
22
SIM5
SIM1
SIM2
SIM3
SIM4
1
21
22
SIM5
SIM1
SIM2
SIM3
SIM4
1
21
22
SIM5
SIM1
SIM2
SIM3
SIM4
1
21
22
SIM5
SIM1
SIM2
SIM3
SIM4
1
21
22
SIM5
SIM1
SIM2
SIM3
SIM4
1
21
22
SIM5
SIM1
SIM2
SIM3
SIM4
1
21
22
SIM5
SIM1
SIM2
SIM3
SIM4
1
21
22
SIM5
SIM1
SIM2
SIM3
SIM4
1
21
22
SIM5
SIM1
SIM2
SIM3
SIM4
1
21
22
SIM5
SIM1
SIM2
SIM3
SIM4
1
21
22
SIM5
SIM1
SIM2
SIM3
SIM4
1
21
22
SIM5
SIM1
SIM2
SIM3
SIM4
1
21
22
SIM5
SIM1
SIM2
SIM3
SIM4
1
21
22
SIM5
SIM1
SIM2
SIM3
SIM4
1
21
22
SIM5
SIM1
SIM2
SIM3
SIM4
1
21
22
SIM5
SIM1
SIM2
SIM3
SIM4
1
21
22
SIM5
SIM1
SIM2
SIM3
SIM4
1
21
22
SIM5
SIM1
SIM2
SIM3
SIM4
1
21
22
SIM5
SIM1
SIM2
SIM3
SIM4
1
21
22
SIM5
SIM1
SIM2
SIM3
SIM4
1
21
22
SIM5
SIM1
SIM2
SIM3
SIM4
1
21
22
SIM5
SIM1
SIM2
SIM3
SIM4
1
21
22
SIM5
SIM1
SIM2
SIM3
SIM4
1
21
22
SIM5
SIM1
SIM2
SIM3
SIM4
1
21
22
SIM5
SIM1
SIM2
SIM3
SIM4
1
21
22
SIM5
SIM1
SIM2
SIM3
SIM4
1
21
22
SIM5
SIM1
SIM2
SIM3
SIM4
1
21
22
SIM5
SIM1
SIM2
SIM3
SIM4
1
21
22
SIM5
SIM1
SIM2
SIM3
SIM4
1
21
22
SIM5
SIM1
SIM2
SIM3
SIM4
1
21
22
SIM5
SIM1
SIM2
SIM3
SIM4
1
21
22
SIM5
SIM1
SIM2
SIM3
SIM4
1
21
22
SIM5
SIM1
SIM2
SIM3
SIM4
1
21
22
SIM5
SIM1
SIM2
SIM3
SIM4
1
21
22
SIM5
SIM1
SIM2
SIM3
SIM4
1
21
22
SIM5
SIM1
SIM2
SIM3
SIM4
1
21
22
SIM5
SIM1
SIM2
SIM3
SIM4
1
21
22
SIM5
SIM1
SIM2
SIM3
SIM4
1
21
22
SIM5
SIM1
SIM2
SIM3
SIM4
1
21
22
SIM5
SIM1
SIM2
SIM3
SIM4
1
21
22
SIM5
SIM1
SIM2
SIM3
SIM4
1
21
22
SIM5
SIM1
SIM2
SIM3
SIM4
1
21
22
SIM5
SIM1
SIM2
SIM3
SIM4
1
21
22
SIM5
SIM1
SIM2
SIM3
SIM4
1
21
22
SIM5
SIM1
SIM2
SIM3
SIM4
1
21
22
SIM5
SIM1
SIM2
SIM3
SIM4
1
21
22
SIM5
SIM1
SIM2
SIM3
SIM4
1
21
22
SIM5
SIM1
SIM2
SIM3
SIM4
1
21
22
SIM5
SIM1
SIM2
SIM3
SIM4
1
21
22
SIM5
SIM1
SIM2
SIM3
SIM4
1
21
22
SIM5
SIM1
SIM2
SIM3
SIM4
1
21
22
SIM5
SIM1
SIM2
SIM3
SIM4
1
21
22
SIM5
SIM1
SIM2
SIM3
SIM4
1
21
22
SIM5
SIM1
SIM2
SIM3
SIM4
1
21
22
SIM5
SIM1
SIM2
SIM3
SIM4
1
21
22
SIM5
SIM1
SIM2
SIM3
SIM4
1
21
22
SIM5
SIM1
SIM2
SIM3
SIM4
1
21
22
SIM5
SIM1
SIM2
SIM3
SIM4
1
21
22
SIM5
SIM1
SIM2
SIM3
SIM4
1
21
22
SIM5
SIM1
SIM2
SIM3
SIM4
1
21
22
SIM5
SIM1
SIM2
SIM3
SIM4
1
21
22
SIM5
SIM1
SIM2
SIM3
SIM4
1
21
22
SIM5
SIM1
SIM2
SIM3
SIM4
1
21
22
SIM5
SIM1
SIM2
SIM3
SIM4
1
21
22
SIM5
SIM1
SIM2
SIM3
SIM4
1
21
22
SIM5
SIM1
SIM2
SIM3
SIM4
1
21
22
SIM5
SIM1
SIM2
SIM3
SIM4
1
21
22
SIM5
SIM1
SIM2
SIM3
SIM4
1
21
22
SIM5
SIM1
SIM2
SIM3
SIM4
1
21
22
SIM5
SIM1
SIM2
SIM3
SIM4
1
21
22
SIM5
SIM1
SIM2
SIM3
SIM4
1
21
22
SIM5
SIM1
SIM2
SIM3
SIM4
1
21
22
SIM5
SIM1
SIM2
SIM3
SIM4
1
21
22
SIM5
SIM1
SIM2
SIM3
SIM4
1
21
22
SIM5
SIM1
SIM2
SIM3
SIM4
1
21
22
SIM5
SIM1
SIM2
SIM3
SIM4
1
21
22
SIM5
SIM1
SIM2
SIM3
SIM4
1
21
22
SIM5
SIM1
SIM2
SIM3
SIM4
1
21
22
SIM5
SIM1
SIM2
SIM3
SIM4
1
21
22
SIM5
SIM1
SIM2
SIM3
SIM4
1
21
22
SIM5
SIM1
SIM2
SIM3
SIM4
1
21
22
SIM5
SIM1
SIM2
SIM3
SIM4
1
21
22
SIM5
SIM1
SIM2
SIM3
SIM4
1
21
22
SIM5
SIM1
SIM2
SIM3
SIM4
1
21
22
SIM5
SIM1
SIM2
SIM3
SIM4
1
21
22
SIM5
SIM1
SIM2
SIM3
SIM4
1
21
22
SIM5
SIM1
SIM2
SIM3
SIM4
1
21
22
SIM5
SIM1
SIM2
SIM3
SIM4
1
21
22
SIM5
SIM1
SIM2
SIM3
SIM4
1
21
22
SIM5
SIM1
SIM2
SIM3
SIM4
1
21
22
SIM5
SIM1
SIM2
SIM3
SIM4
1
21
22
SIM5
SIM1
SIM2
SIM3
SIM4
1
21
22
SIM5
SIM1
SIM2
SIM3
SIM4
1
21
22
SIM5
SIM1
SIM2
SIM3
SIM4
1
21
22
SIM5
SIM1
SIM2
SIM3
SIM4
1
21
22
SIM5
SIM1
SIM2
SIM3
SIM4
1
21
22
SIM5
SIM1
SIM2
SIM3
SIM4
1
21
22
SIM5
SIM1
SIM2
SIM3
SIM4
1
21
22
SIM5
SIM1
SIM2
SIM3
SIM4
1
21
22
SIM5
SIM1
SIM2
SIM3
SIM4
1
21
22
SIM5
SIM1
SIM2
SIM3
SIM4
1
21
22
SIM5
SIM1
SIM2
SIM3
SIM4
1
21
22
SIM5
SIM1
SIM2
SIM3
SIM4
1
21
22
SIM5
SIM1
SIM2
SIM3
SIM4
1
21
22
SIM5
SIM1
SIM2
SIM3
SIM4
1
21
22
SIM5
SIM1
SIM2
SIM3
SIM4
1
21
22
SIM5
SIM1
SIM2
SIM3
SIM4
1
21
22
SIM5
SIM1
SIM2
SIM3
SIM4
1
21
22
SIM5
SIM1
SIM2
SIM3
SIM4
1
21
22
SIM5
SIM1
SIM2
SIM3
SIM4
1
21
22
SIM5
SIM1
SIM2
SIM3
SIM4
1
21
22
SIM5
SIM1
SIM2
SIM3
SIM4
1
21
22
SIM5
SIM1
SIM2
SIM3
SIM4
1
21
22
SIM5
SIM1
SIM2
SIM3
SIM4
1
21
22
SIM5
SIM1
SIM2
SIM3
SIM4
1
21
22
SIM5
SIM1
SIM2
SIM3
SIM4
1
21
22
SIM5
SIM1
SIM2
SIM3
SIM4
1
21
22
SIM5
SIM1
SIM2
SIM3
SIM4
1
21
22
SIM5
SIM1
SIM2
SIM3
SIM4
1
21
22
SIM5
SIM1
SIM2
SIM3
SIM4
1
21
22
SIM5
SIM1
SIM2
SIM3
SIM4
1
21
22
SIM5
SIM1
SIM2
SIM3
SIM4
1
21
22
SIM5
SIM1
SIM2
SIM3
SIM4
1
21
22
SIM5
SIM1
SIM2
SIM3
SIM4
1
21
22
SIM5
SIM1
SIM2
SIM3
SIM4
1
21
22
SIM5
SIM1
SIM2
SIM3
SIM4
1
21
22
SIM5
SIM1
SIM2
SIM3
SIM4
1
21
22
SIM5
SIM1
SIM2
SIM3
SIM4
1
21
22
SIM5
SIM1
SIM2
SIM3
SIM4
1
21
22
SIM5
SIM1
SIM2
SIM3
SIM4
1
21
22
SIM5
SIM1
SIM2
SIM3
SIM4
1
21
22
SIM5
SIM1
SIM2
SIM3
SIM4
1
21
22
SIM5
SIM1
SIM2
SIM3
SIM4
1
21
22
SIM5
SIM1
SIM2
SIM3
SIM4
1
21
22
SIM5
SIM1
SIM2
SIM3
SIM4
1
21
22
SIM5
SIM1
SIM2
SIM3
SIM4
1
21
22
SIM5
SIM1
SIM2
SIM3
SIM4
1
21
22
SIM5
SIM1
SIM2
SIM3
SIM4
1
21
22
SIM5
SIM1
SIM2
SIM3
SIM4
1
21
22
SIM5
SIM1
SIM2
SIM3
SIM4
1
21
22
SIM5
SIM1
SIM2
SIM3
SIM4
1
21
22
SIM5
SIM1
SIM2
SIM3
SIM4
1
21
22
SIM5
SIM1
SIM2
SIM3
SIM4
1
21
22
SIM5
SIM1
SIM2
SIM3
SIM4
1
21
22
SIM5
SIM1
SIM2
SIM3
SIM4
1
21
22
SIM5
SIM1
SIM2
SIM3
SIM4
1
21
22
SIM5
SIM1
SIM2
SIM3
SIM4
1
21
22
SIM5
SIM1
SIM2
SIM3
SIM4
1
21
22
SIM5
SIM1
SIM2
SIM3
SIM4
1
21
22
SIM5
SIM1
SIM2
SIM3
SIM4
1
21
22
SIM5
SIM1
SIM2
SIM3
SIM4
1
21
22
SIM5
SIM1
SIM2
SIM3
SIM4
1
21
22
SIM5
SIM1
SIM2
SIM3
SIM4
1
21
22
SIM5
SIM1
SIM2
SIM3
SIM4
1
21
22
SIM5
SIM1
SIM2
SIM3
SIM4
1
21
22
SIM5
SIM1
SIM2
SIM3
SIM4
1
21
22
SIM5
SIM1
SIM2
SIM3
SIM4
1
21
22
SIM5
SIM1
SIM2
SIM3
SIM4
1
21
22
SIM5
SIM1
SIM2
SIM3
SIM4
1
21
22
SIM5
SIM1
SIM2
SIM3
SIM4
1
21
22
SIM5
SIM1
SIM2
SIM3
SIM4
1
21
22
SIM5
SIM1
SIM2
SIM3
SIM4
1
21
22
SIM5
SIM1
SIM2
SIM3
SIM4
1
21
22
SIM5
SIM1
SIM2
SIM3
SIM4
1
21
22
SIM5
SIM1
SIM2
SIM3
SIM4
1
21
22
SIM5
SIM1
SIM2
SIM3
SIM4
1
21
22
SIM5
SIM1
SIM2
SIM3
SIM4
1
21
22
SIM5
SIM1
SIM2
SIM3
SIM4
1
21
22
SIM5
SIM1
SIM2
SIM3
SIM4
1
21
22
SIM5
SIM1
SIM2
SIM3
SIM4
1
21
22
SIM5
SIM1
SIM2
SIM3
SIM4
1
21
22
SIM5
SIM1
SIM2
SIM3
SIM4
1
21
22
SIM5
SIM1
SIM2
SIM3
SIM4
1
21
22
SIM5
SIM1
SIM2
SIM3
SIM4
1
21
22
SIM5
SIM1
SIM2
SIM3
SIM4
1
21
22
SIM5
SIM1
SIM2
SIM3
SIM4
1
21
22
SIM5
SIM1
SIM2
SIM3
SIM4
1
21
22
SIM5
SIM1
SIM2
SIM3
SIM4
1
21
22
SIM5
SIM1
SIM2
SIM3
SIM4
1
21
22
SIM5
SIM1
SIM2
SIM3
SIM4
1
21
22
SIM5
SIM1
SIM2
SIM3
SIM4
1
21
22
SIM5
SIM1
SIM2
SIM3
SIM4
1
21
22
SIM5
SIM1
SIM2
SIM3
SIM4
1
21
22
SIM5
SIM1
SIM2
SIM3
SIM4
1
21
22
SIM5
SIM1
SIM2
SIM3
SIM4
1
21
22
SIM5
SIM1
SIM2
SIM3
SIM4
1
21
22
SIM5
SIM1
SIM2
SIM3
SIM4
1
21
22
SIM5
SIM1
SIM2
SIM3
SIM4
1
21
22
SIM5
SIM1
SIM2
SIM3
SIM4
1
21
22
SIM5
SIM1
SIM2
SIM3
SIM4
1
21
22
SIM5
SIM1
SIM2
SIM3
SIM4
1
21
22
SIM5
SIM1
SIM2
SIM3
SIM4
1
21
22
SIM5
SIM1
SIM2
SIM3
SIM4
1
21
22
SIM5
SIM1
SIM2
SIM3
SIM4
1
21
22
SIM5
SIM1
SIM2
SIM3
SIM4
1
21
22
SIM5
SIM1
SIM2
SIM3
SIM4
1
21
22
SIM5
SIM1
SIM2
SIM3
SIM4
1
21
22
SIM5
SIM1
SIM2
SIM3
SIM4
1
21
22
SIM5
SIM1
SIM2
SIM3
SIM4
1
21
22
SIM5
SIM1
SIM2
SIM3
SIM4
1
21
22
SIM5
SIM1
SIM2
SIM3
SIM4
1
21
22
SIM5
SIM1
SIM2
SIM3
SIM4
1
21
22
SIM5
SIM1
SIM2
SIM3
SIM4
1
21
22
SIM5
SIM1
SIM2
SIM3
SIM4
1
21
22
SIM5
SIM1
SIM2
SIM3
SIM4
1
21
22
SIM5
SIM1
SIM2
SIM3
SIM4
1
21
22
SIM5
SIM1
SIM2
SIM3
SIM4
1
21
22
SIM5
SIM1
SIM2
SIM3
SIM4
1
21
22
SIM5
SIM1
SIM2
SIM3
SIM4
1
21
22
SIM5
SIM1
SIM2
SIM3
SIM4
1
21
22
SIM5
SIM1
SIM2
SIM3
SIM4
1
21
22
SIM5
SIM1
SIM2
DEBUG 1 296
SIM1
SIM2
SIM3
SIM4
1
21
22
SIM5
SIM1
SIM2
SIM3
SIM4
1
21
22
SIM5
SIM1
SIM2
SIM3
SIM4
1
21
22
SIM5
SIM1
SIM2
SIM3
SIM4
1
21
22
SIM5
SIM1
SIM2
SIM3
SIM4
1
21
22
SIM5
SIM1
SIM2
SIM3
SIM4
1
21
22
SIM5
SIM1
SIM2
SIM3
SIM4
1
21
22
SIM5
SIM1
SIM2
SIM3
SIM4
1
21
22
SIM5
SIM1
SIM2
SIM3
SIM4
1
21
22
SIM5
SIM1
SIM2
SIM3
SIM4
1
21
22
SIM5
SIM1
SIM2
SIM3
SIM4
1
21
22
SIM5
SIM1
SIM2
SIM3
SIM4
1
21
22
SIM5
SIM1
SIM2
SIM3
SIM4
1
21
22
SIM5
SIM1
SIM2
SIM3
SIM4
1
21
22
SIM5
SIM1
SIM2
SIM3
SIM4
1
21
22
SIM5
SIM1
SIM2
SIM3
SIM4
1
21
22
SIM5
SIM1
SIM2
SIM3
SIM4
1
21
22
SIM5
SIM1
SIM2
SIM3
SIM4
1
21
22
SIM5
SIM1
SIM2
SIM3
SIM4
1
21
22
SIM5
SIM1
SIM2
SIM3
SIM4
1
21
22
SIM5
SIM1
SIM2
SIM3
SIM4
1
21
22
SIM5
SIM1
SIM2
SIM3
SIM4
1
21
22
SIM5
SIM1
SIM2
SIM3
SIM4
1
21
22
SIM5
SIM1
SIM2
SIM3
SIM4
1
21
22
SIM5
SIM1
SIM2
SIM3
SIM4
1
21
22
SIM5
SIM1
SIM2
SIM3
SIM4
1
21
22
SIM5
SIM1
SIM2
SIM3
SIM4
1
21
22
SIM5
SIM1
SIM2
SIM3
SIM4
1
21
22
SIM5
SIM1
SIM2
SIM3
SIM4
1
21
22
SIM5
SIM1
SIM2
SIM3
SIM4
1
21
22
SIM5
SIM1
SIM2
SIM3
SIM4
1
21
22
SIM5
SIM1
SIM2
SIM3
SIM4
1
21
22
SIM5
SIM1
SIM2
SIM3
SIM4
1
21
22
SIM5
SIM1
SIM2
SIM3
SIM4
1
21
22
SIM5
SIM1
SIM2
SIM3
SIM4
1
21
22
SIM5
SIM1
SIM2
SIM3
SIM4
1
21
22
SIM5
SIM1
SIM2
SIM3
SIM4
1
21
22
SIM5
SIM1
SIM2
SIM3
SIM4
1
21
22
SIM5
SIM1
SIM2
SIM3
SIM4
1
21
22
SIM5
SIM1
SIM2
SIM3
SIM4
1
21
22
SIM5
SIM1
SIM2
SIM3
SIM4
1
21
22
SIM5
SIM1
SIM2
SIM3
SIM4
1
21
22
SIM5
SIM1
SIM2
SIM3
SIM4
1
21
22
SIM5
SIM1
SIM2
SIM3
SIM4
1
21
22
SIM5
SIM1
SIM2
SIM3
SIM4
1
21
22
SIM5
SIM1
SIM2
SIM3
SIM4
1
21
22
SIM5
SIM1
SIM2
SIM3
SIM4
1
21
22
SIM5
SIM1
SIM2
SIM3
SIM4
1
21
22
SIM5
SIM1
SIM2
SIM3
SIM4
1
21
22
SIM5
SIM1
SIM2
SIM3
SIM4
1
21
22
SIM5
SIM1
SIM2
SIM3
SIM4
1
21
22
SIM5
SIM1
SIM2
SIM3
SIM4
1
21
22
SIM5
SIM1
SIM2
SIM3
SIM4
1
21
22
SIM5
SIM1
SIM2
SIM3
SIM4
1
21
22
SIM5
SIM1
SIM2
SIM3
SIM4
1
21
22
SIM5
SIM1
SIM2
SIM3
SIM4
1
21
22
SIM5
SIM1
SIM2
SIM3
SIM4
1
21
22
SIM5
SIM1
SIM2
SIM3
SIM4
1
21
22
SIM5
SIM1
SIM2
SIM3
SIM4
1
21
22
SIM5
SIM1
SIM2
SIM3
SIM4
1
21
22
SIM5
SIM1
SIM2
SIM3
SIM4
1
21
22
SIM5
SIM1
SIM2
SIM3
SIM4
1
21
22
SIM5
SIM1
SIM2
SIM3
SIM4
1
21
22
SIM5
SIM1
SIM2
SIM3
SIM4
1
21
22
SIM5
SIM1
SIM2
SIM3
SIM4
1
21
22
SIM5
SIM1
SIM2
SIM3
SIM4
1
21
22
SIM5
SIM1
SIM2
SIM3
SIM4
1
21
22
SIM5
SIM1
SIM2
SIM3
SIM4
1
21
22
SIM5
SIM1
SIM2
SIM3
SIM4
1
21
22
SIM5
SIM1
SIM2
SIM3
SIM4
1
21
22
SIM5
SIM1
SIM2
SIM3
SIM4
1
21
22
SIM5
SIM1
SIM2
SIM3
SIM4
1
21
22
SIM5
SIM1
SIM2
SIM3
SIM4
1
21
22
SIM5
SIM1
SIM2
SIM3
SIM4
1
21
22
SIM5
SIM1
SIM2
SIM3
SIM4
1
21
22
SIM5
SIM1
SIM2
SIM3
SIM4
1
21
22
SIM5
SIM1
SIM2
SIM3
SIM4
1
21
22
SIM5
SIM1
SIM2
SIM3
SIM4
1
21
22
SIM5
SIM1
SIM2
SIM3
SIM4
1
21
22
SIM5
SIM1
SIM2
SIM3
SIM4
1
21
22
SIM5
SIM1
SIM2
SIM3
SIM4
1
21
22
SIM5
SIM1
SIM2
SIM3
SIM4
1
21
22
SIM5
SIM1
SIM2
SIM3
SIM4
1
21
22
SIM5
SIM1
SIM2
SIM3
SIM4
1
21
22
SIM5
SIM1
SIM2
SIM3
SIM4
1
21
22
SIM5
SIM1
SIM2
SIM3
SIM4
1
21
22
SIM5
SIM1
SIM2
SIM3
SIM4
1
21
22
SIM5
SIM1
SIM2
SIM3
SIM4
1
21
22
SIM5
SIM1
SIM2
SIM3
SIM4
1
21
22
SIM5
SIM1
SIM2
SIM3
SIM4
1
21
22
SIM5
SIM1
SIM2
SIM3
SIM4
1
21
22
SIM5
SIM1
SIM2
SIM3
SIM4
1
21
22
SIM5
SIM1
SIM2
SIM3
SIM4
1
21
22
SIM5
SIM1
SIM2
SIM3
SIM4
1
21
22
SIM5
SIM1
SIM2
SIM3
SIM4
1
21
22
SIM5
SIM1
SIM2
SIM3
SIM4
1
21
22
SIM5
SIM1
SIM2
SIM3
SIM4
1
21
22
SIM5
SIM1
SIM2
SIM3
SIM4
1
21
22
SIM5
SIM1
SIM2
SIM3
SIM4
1
21
22
SIM5
SIM1
SIM2
SIM3
SIM4
1
21
22
SIM5
SIM1
SIM2
SIM3
SIM4
1
21
22
SIM5
SIM1
SIM2
SIM3
SIM4
1
21
22
SIM5
SIM1
SIM2
SIM3
SIM4
1
21
22
SIM5
SIM1
SIM2
SIM3
SIM4
1
21
22
SIM5
SIM1
SIM2
SIM3
SIM4
1
21
22
SIM5
SIM1
SIM2
SIM3
SIM4
1
21
22
SIM5
SIM1
SIM2
SIM3
SIM4
1
21
22
SIM5
SIM1
SIM2
SIM3
SIM4
1
21
22
SIM5
SIM1
SIM2
SIM3
SIM4
1
21
22
SIM5
SIM1
SIM2
SIM3
SIM4
1
21
22
SIM5
SIM1
SIM2
SIM3
SIM4
1
21
22
SIM5
SIM1
SIM2
SIM3
SIM4
1
21
22
SIM5
SIM1
SIM2
SIM3
SIM4
1
21
22
SIM5
SIM1
SIM2
SIM3
SIM4
1
21
22
SIM5
SIM1
SIM2
SIM3
SIM4
1
21
22
SIM5
SIM1
SIM2
SIM3
SIM4
1
21
22
SIM5
SIM1
SIM2
SIM3
SIM4
1
21
22
SIM5
SIM1
SIM2
SIM3
SIM4
1
21
22
SIM5
SIM1
SIM2
SIM3
SIM4
1
21
22
SIM5
SIM1
SIM2
SIM3
SIM4
1
21
22
SIM5
SIM1
SIM2
SIM3
SIM4
1
21
22
SIM5
SIM1
SIM2
SIM3
SIM4
1
21
22
SIM5
SIM1
SIM2
SIM3
SIM4
1
21
22
SIM5
SIM1
SIM2
SIM3
SIM4
1
21
22
SIM5
SIM1
SIM2
SIM3
SIM4
1
21
22
SIM5
SIM1
SIM2
SIM3
SIM4
1
21
22
SIM5
SIM1
SIM2
SIM3
SIM4
1
21
22
SIM5
SIM1
SIM2
SIM3
SIM4
1
21
22
SIM5
SIM1
SIM2
SIM3
SIM4
1
21
22
SIM5
SIM1
SIM2
SIM3
SIM4
1
21
22
SIM5
SIM1
SIM2
SIM3
SIM4
1
21
22
SIM5
SIM1
SIM2
SIM3
SIM4
1
21
22
SIM5
SIM1
SIM2
SIM3
SIM4
1
21
22
SIM5
SIM1
SIM2
SIM3
SIM4
1
21
22
SIM5
SIM1
SIM2
SIM3
SIM4
1
21
22
SIM5
SIM1
SIM2
SIM3
SIM4
1
21
22
SIM5
SIM1
SIM2
SIM3
SIM4
1
21
22
SIM5
SIM1
SIM2
SIM3
SIM4
1
21
22
SIM5
SIM1
SIM2
SIM3
SIM4
1
21
22
SIM5
SIM1
SIM2
SIM3
SIM4
1
21
22
SIM5
SIM1
SIM2
SIM3
SIM4
1
21
22
SIM5
SIM1
SIM2
SIM3
SIM4
1
21
22
SIM5
SIM1
SIM2
SIM3
SIM4
1
21
22
SIM5
SIM1
SIM2
SIM3
SIM4
1
21
22
SIM5
SIM1
SIM2
SIM3
SIM4
1
21
22
SIM5
SIM1
SIM2
SIM3
SIM4
1
21
22
SIM5
SIM1
SIM2
SIM3
SIM4
1
21
22
SIM5
SIM1
SIM2
SIM3
SIM4
1
21
22
SIM5
SIM1
SIM2
SIM3
SIM4
1
21
22
SIM5
SIM1
SIM2
SIM3
SIM4
1
21
22
SIM5
SIM1
SIM2
SIM3
SIM4
1
21
22
SIM5
SIM1
SIM2
SIM3
SIM4
1
21
22
SIM5
SIM1
SIM2
SIM3
SIM4
1
21
22
SIM5
SIM1
SIM2
SIM3
SIM4
1
21
22
SIM5
SIM1
SIM2
SIM3
SIM4
1
21
22
SIM5
SIM1
SIM2
SIM3
SIM4
1
21
22
SIM5
SIM1
SIM2
SIM3
SIM4
1
21
22
SIM5
SIM1
SIM2
SIM3
SIM4
1
21
22
SIM5
SIM1
SIM2
SIM3
SIM4
1
21
22
SIM5
SIM1
SIM2
SIM3
SIM4
1
21
22
SIM5
SIM1
SIM2
SIM3
SIM4
1
21
22
SIM5
SIM1
SIM2
SIM3
SIM4
1
21
22
SIM5
SIM1
SIM2
SIM3
SIM4
1
21
22
SIM5
SIM1
SIM2
SIM3
SIM4
1
21
22
SIM5
SIM1
SIM2
SIM3
SIM4
1
21
22
SIM5
SIM1
SIM2
SIM3
SIM4
1
21
22
SIM5
SIM1
SIM2
SIM3
SIM4
1
21
22
SIM5
SIM1
SIM2
SIM3
SIM4
1
21
22
SIM5
SIM1
SIM2
SIM3
SIM4
1
21
22
SIM5
SIM1
SIM2
SIM3
SIM4
1
21
22
SIM5
SIM1
SIM2
SIM3
SIM4
1
21
22
SIM5
SIM1
SIM2
SIM3
SIM4
1
21
22
SIM5
SIM1
SIM2
SIM3
SIM4
1
21
22
SIM5
SIM1
SIM2
SIM3
SIM4
1
21
22
SIM5
SIM1
SIM2
SIM3
SIM4
1
21
22
SIM5
SIM1
SIM2
SIM3
SIM4
1
21
22
SIM5
SIM1
SIM2
SIM3
SIM4
1
21
22
SIM5
SIM1
SIM2
SIM3
SIM4
1
21
22
SIM5
SIM1
SIM2
SIM3
SIM4
1
21
22
SIM5
SIM1
SIM2
SIM3
SIM4
1
21
22
SIM5
SIM1
SIM2
SIM3
SIM4
1
21
22
SIM5
SIM1
SIM2
SIM3
SIM4
1
21
22
SIM5
SIM1
SIM2
SIM3
SIM4
1
21
22
SIM5
SIM1
SIM2
SIM3
SIM4
1
21
22
SIM5
SIM1
SIM2
SIM3
SIM4
1
21
22
SIM5
SIM1
SIM2
DEBUG 1 297
SIM1
SIM2
SIM3
SIM4
1
21
22
SIM5
SIM1
SIM2
SIM3
SIM4
1
21
22
SIM5
SIM1
SIM2
SIM3
SIM4
1
21
22
SIM5
SIM1
SIM2
SIM3
SIM4
1
21
22
SIM5
SIM1
SIM2
SIM3
SIM4
1
21
22
SIM5
SIM1
SIM2
SIM3
SIM4
1
21
22
SIM5
SIM1
SIM2
SIM3
SIM4
1
21
22
SIM5
SIM1
SIM2
SIM3
SIM4
1
21
22
SIM5
SIM1
SIM2
SIM3
SIM4
1
21
22
SIM5
SIM1
SIM2
SIM3
SIM4
1
21
22
SIM5
SIM1
SIM2
SIM3
SIM4
1
21
22
SIM5
SIM1
SIM2
SIM3
SIM4
1
21
22
SIM5
SIM1
SIM2
SIM3
SIM4
1
21
22
SIM5
SIM1
SIM2
SIM3
SIM4
1
21
22
SIM5
SIM1
SIM2
SIM3
SIM4
1
21
22
SIM5
SIM1
SIM2
SIM3
SIM4
1
21
22
SIM5
SIM1
SIM2
SIM3
SIM4
1
21
22
SIM5
SIM1
SIM2
SIM3
SIM4
1
21
22
SIM5
SIM1
SIM2
SIM3
SIM4
1
21
22
SIM5
SIM1
SIM2
SIM3
SIM4
1
21
22
SIM5
SIM1
SIM2
SIM3
SIM4
1
21
22
SIM5
SIM1
SIM2
SIM3
SIM4
1
21
22
SIM5
SIM1
SIM2
SIM3
SIM4
1
21
22
SIM5
SIM1
SIM2
SIM3
SIM4
1
21
22
SIM5
SIM1
SIM2
SIM3
SIM4
1
21
22
SIM5
SIM1
SIM2
SIM3
SIM4
1
21
22
SIM5
SIM1
SIM2
SIM3
SIM4
1
21
22
SIM5
SIM1
SIM2
SIM3
SIM4
1
21
22
SIM5
SIM1
SIM2
SIM3
SIM4
1
21
22
SIM5
SIM1
SIM2
SIM3
SIM4
1
21
22
SIM5
SIM1
SIM2
SIM3
SIM4
1
21
22
SIM5
SIM1
SIM2
SIM3
SIM4
1
21
22
SIM5
SIM1
SIM2
SIM3
SIM4
1
21
22
SIM5
SIM1
SIM2
SIM3
SIM4
1
21
22
SIM5
SIM1
SIM2
SIM3
SIM4
1
21
22
SIM5
SIM1
SIM2
SIM3
SIM4
1
21
22
SIM5
SIM1
SIM2
SIM3
SIM4
1
21
22
SIM5
SIM1
SIM2
SIM3
SIM4
1
21
22
SIM5
SIM1
SIM2
SIM3
SIM4
1
21
22
SIM5
SIM1
SIM2
SIM3
SIM4
1
21
22
SIM5
SIM1
SIM2
SIM3
SIM4
1
21
22
SIM5
SIM1
SIM2
SIM3
SIM4
1
21
22
SIM5
SIM1
SIM2
SIM3
SIM4
1
21
22
SIM5
SIM1
SIM2
SIM3
SIM4
1
21
22
SIM5
SIM1
SIM2
SIM3
SIM4
1
21
22
SIM5
SIM1
SIM2
SIM3
SIM4
1
21
22
SIM5
SIM1
SIM2
SIM3
SIM4
1
21
22
SIM5
SIM1
SIM2
SIM3
SIM4
1
21
22
SIM5
SIM1
SIM2
SIM3
SIM4
1
21
22
SIM5
SIM1
SIM2
SIM3
SIM4
1
21
22
SIM5
SIM1
SIM2
SIM3
SIM4
1
21
22
SIM5
SIM1
SIM2
SIM3
SIM4
1
21
22
SIM5
SIM1
SIM2
SIM3
SIM4
1
21
22
SIM5
SIM1
SIM2
SIM3
SIM4
1
21
22
SIM5
SIM1
SIM2
SIM3
SIM4
1
21
22
SIM5
SIM1
SIM2
SIM3
SIM4
1
21
22
SIM5
SIM1
SIM2
SIM3
SIM4
1
21
22
SIM5
SIM1
SIM2
SIM3
SIM4
1
21
22
SIM5
SIM1
SIM2
SIM3
SIM4
1
21
22
SIM5
SIM1
SIM2
SIM3
SIM4
1
21
22
SIM5
SIM1
SIM2
SIM3
SIM4
1
21
22
SIM5
SIM1
SIM2
SIM3
SIM4
1
21
22
SIM5
SIM1
SIM2
SIM3
SIM4
1
21
22
SIM5
SIM1
SIM2
SIM3
SIM4
1
21
22
SIM5
SIM1
SIM2
SIM3
SIM4
1
21
22
SIM5
SIM1
SIM2
SIM3
SIM4
1
21
22
SIM5
SIM1
SIM2
SIM3
SIM4
1
21
22
SIM5
SIM1
SIM2
SIM3
SIM4
1
21
22
SIM5
SIM1
SIM2
SIM3
SIM4
1
21
22
SIM5
SIM1
SIM2
SIM3
SIM4
1
21
22
SIM5
SIM1
SIM2
SIM3
SIM4
1
21
22
SIM5
SIM1
SIM2
SIM3
SIM4
1
21
22
SIM5
SIM1
SIM2
SIM3
SIM4
1
21
22
SIM5
SIM1
SIM2
SIM3
SIM4
1
21
22
SIM5
SIM1
SIM2
SIM3
SIM4
1
21
22
SIM5
SIM1
SIM2
SIM3
SIM4
1
21
22
SIM5
SIM1
SIM2
SIM3
SIM4
1
21
22
SIM5
SIM1
SIM2
SIM3
SIM4
1
21
22
SIM5
SIM1
SIM2
SIM3
SIM4
1
21
22
SIM5
SIM1
SIM2
SIM3
SIM4
1
21
22
SIM5
SIM1
SIM2
SIM3
SIM4
1
21
22
SIM5
SIM1
SIM2
SIM3
SIM4
1
21
22
SIM5
SIM1
SIM2
SIM3
SIM4
1
21
22
SIM5
SIM1
SIM2
SIM3
SIM4
1
21
22
SIM5
SIM1
SIM2
SIM3
SIM4
1
21
22
SIM5
SIM1
SIM2
SIM3
SIM4
1
21
22
SIM5
SIM1
SIM2
SIM3
SIM4
1
21
22
SIM5
SIM1
SIM2
SIM3
SIM4
1
21
22
SIM5
SIM1
SIM2
SIM3
SIM4
1
21
22
SIM5
SIM1
SIM2
SIM3
SIM4
1
21
22
SIM5
SIM1
SIM2
SIM3
SIM4
1
21
22
SIM5
SIM1
SIM2
SIM3
SIM4
1
21
22
SIM5
SIM1
SIM2
SIM3
SIM4
1
21
22
SIM5
SIM1
SIM2
SIM3
SIM4
1
21
22
SIM5
SIM1
SIM2
SIM3
SIM4
1
21
22
SIM5
SIM1
SIM2
SIM3
SIM4
1
21
22
SIM5
SIM1
SIM2
SIM3
SIM4
1
21
22
SIM5
SIM1
SIM2
SIM3
SIM4
1
21
22
SIM5
SIM1
SIM2
SIM3
SIM4
1
21
22
SIM5
SIM1
SIM2
SIM3
SIM4
1
21
22
SIM5
SIM1
SIM2
SIM3
SIM4
1
21
22
SIM5
SIM1
SIM2
SIM3
SIM4
1
21
22
SIM5
SIM1
SIM2
SIM3
SIM4
1
21
22
SIM5
SIM1
SIM2
SIM3
SIM4
1
21
22
SIM5
SIM1
SIM2
SIM3
SIM4
1
21
22
SIM5
SIM1
SIM2
SIM3
SIM4
1
21
22
SIM5
SIM1
SIM2
SIM3
SIM4
1
21
22
SIM5
SIM1
SIM2
SIM3
SIM4
1
21
22
SIM5
SIM1
SIM2
SIM3
SIM4
1
21
22
SIM5
SIM1
SIM2
SIM3
SIM4
1
21
22
SIM5
SIM1
SIM2
SIM3
SIM4
1
21
22
SIM5
SIM1
SIM2
SIM3
SIM4
1
21
22
SIM5
SIM1
SIM2
SIM3
SIM4
1
21
22
SIM5
SIM1
SIM2
SIM3
SIM4
1
21
22
SIM5
SIM1
SIM2
SIM3
SIM4
1
21
22
SIM5
SIM1
SIM2
SIM3
SIM4
1
21
22
SIM5
SIM1
SIM2
SIM3
SIM4
1
21
22
SIM5
SIM1
SIM2
SIM3
SIM4
1
21
22
SIM5
SIM1
SIM2
SIM3
SIM4
1
21
22
SIM5
SIM1
SIM2
SIM3
SIM4
1
21
22
SIM5
SIM1
SIM2
SIM3
SIM4
1
21
22
SIM5
SIM1
SIM2
SIM3
SIM4
1
21
22
SIM5
SIM1
SIM2
SIM3
SIM4
1
21
22
SIM5
SIM1
SIM2
SIM3
SIM4
1
21
22
SIM5
SIM1
SIM2
SIM3
SIM4
1
21
22
SIM5
SIM1
SIM2
SIM3
SIM4
1
21
22
SIM5
SIM1
SIM2
SIM3
SIM4
1
21
22
SIM5
SIM1
SIM2
SIM3
SIM4
1
21
22
SIM5
SIM1
SIM2
SIM3
SIM4
1
21
22
SIM5
SIM1
SIM2
SIM3
SIM4
1
21
22
SIM5
SIM1
SIM2
SIM3
SIM4
1
21
22
SIM5
SIM1
SIM2
SIM3
SIM4
1
21
22
SIM5
SIM1
SIM2
SIM3
SIM4
1
21
22
SIM5
SIM1
SIM2
SIM3
SIM4
1
21
22
SIM5
SIM1
SIM2
SIM3
SIM4
1
21
22
SIM5
SIM1
SIM2
SIM3
SIM4
1
21
22
SIM5
SIM1
SIM2
SIM3
SIM4
1
21
22
SIM5
SIM1
SIM2
SIM3
SIM4
1
21
22
SIM5
SIM1
SIM2
SIM3
SIM4
1
21
22
SIM5
SIM1
SIM2
SIM3
SIM4
1
21
22
SIM5
SIM1
SIM2
SIM3
SIM4
1
21
22
SIM5
SIM1
SIM2
SIM3
SIM4
1
21
22
SIM5
SIM1
SIM2
SIM3
SIM4
1
21
22
SIM5
SIM1
SIM2
SIM3
SIM4
1
21
22
SIM5
SIM1
SIM2
SIM3
SIM4
1
21
22
SIM5
SIM1
SIM2
SIM3
SIM4
1
21
22
SIM5
SIM1
SIM2
SIM3
SIM4
1
21
22
SIM5
SIM1
SIM2
SIM3
SIM4
1
21
22
SIM5
SIM1
SIM2
SIM3
SIM4
1
21
22
SIM5
SIM1
SIM2
SIM3
SIM4
1
21
22
SIM5
SIM1
SIM2
SIM3
SIM4
1
21
22
SIM5
SIM1
SIM2
SIM3
SIM4
1
21
22
SIM5
SIM1
SIM2
SIM3
SIM4
1
21
22
SIM5
SIM1
SIM2
SIM3
SIM4
1
21
22
SIM5
SIM1
SIM2
DEBUG 1 298
SIM1
SIM2
SIM3
SIM4
1
21
22
SIM5
SIM1
SIM2
SIM3
SIM4
1
21
22
SIM5
SIM1
SIM2
SIM3
SIM4
1
21
22
SIM5
SIM1
SIM2
SIM3
SIM4
1
21
22
SIM5
SIM1
SIM2
SIM3
SIM4
1
21
22
SIM5
SIM1
SIM2
SIM3
SIM4
1
21
22
SIM5
SIM1
SIM2
SIM3
SIM4
1
21
22
SIM5
SIM1
SIM2
SIM3
SIM4
1
21
22
SIM5
SIM1
SIM2
SIM3
SIM4
1
21
22
SIM5
SIM1
SIM2
SIM3
SIM4
1
21
22
SIM5
SIM1
SIM2
SIM3
SIM4
1
21
22
SIM5
SIM1
SIM2
SIM3
SIM4
1
21
22
SIM5
SIM1
SIM2
SIM3
SIM4
1
21
22
SIM5
SIM1
SIM2
SIM3
SIM4
1
21
22
SIM5
SIM1
SIM2
SIM3
SIM4
1
21
22
SIM5
SIM1
SIM2
SIM3
SIM4
1
21
22
SIM5
SIM1
SIM2
SIM3
SIM4
1
21
22
SIM5
SIM1
SIM2
SIM3
SIM4
1
21
22
SIM5
SIM1
SIM2
SIM3
SIM4
1
21
22
SIM5
SIM1
SIM2
SIM3
SIM4
1
21
22
SIM5
SIM1
SIM2
SIM3
SIM4
1
21
22
SIM5
SIM1
SIM2
SIM3
SIM4
1
21
22
SIM5
SIM1
SIM2
SIM3
SIM4
1
21
22
SIM5
SIM1
SIM2
SIM3
SIM4
1
21
22
SIM5
SIM1
SIM2
SIM3
SIM4
1
21
22
SIM5
SIM1
SIM2
SIM3
SIM4
1
21
22
SIM5
SIM1
SIM2
SIM3
SIM4
1
21
22
SIM5
SIM1
SIM2
SIM3
SIM4
1
21
22
SIM5
SIM1
SIM2
SIM3
SIM4
1
21
22
SIM5
SIM1
SIM2
SIM3
SIM4
1
21
22
SIM5
SIM1
SIM2
SIM3
SIM4
1
21
22
SIM5
SIM1
SIM2
SIM3
SIM4
1
21
22
SIM5
SIM1
SIM2
SIM3
SIM4
1
21
22
SIM5
SIM1
SIM2
SIM3
SIM4
1
21
22
SIM5
SIM1
SIM2
SIM3
SIM4
1
21
22
SIM5
SIM1
SIM2
SIM3
SIM4
1
21
22
SIM5
SIM1
SIM2
SIM3
SIM4
1
21
22
SIM5
SIM1
SIM2
SIM3
SIM4
1
21
22
SIM5
SIM1
SIM2
SIM3
SIM4
1
21
22
SIM5
SIM1
SIM2
SIM3
SIM4
1
21
22
SIM5
SIM1
SIM2
SIM3
SIM4
1
21
22
SIM5
SIM1
SIM2
SIM3
SIM4
1
21
22
SIM5
SIM1
SIM2
SIM3
SIM4
1
21
22
SIM5
SIM1
SIM2
SIM3
SIM4
1
21
22
SIM5
SIM1
SIM2
SIM3
SIM4
1
21
22
SIM5
SIM1
SIM2
SIM3
SIM4
1
21
22
SIM5
SIM1
SIM2
SIM3
SIM4
1
21
22
SIM5
SIM1
SIM2
SIM3
SIM4
1
21
22
SIM5
SIM1
SIM2
SIM3
SIM4
1
21
22
SIM5
SIM1
SIM2
SIM3
SIM4
1
21
22
SIM5
SIM1
SIM2
SIM3
SIM4
1
21
22
SIM5
SIM1
SIM2
SIM3
SIM4
1
21
22
SIM5
SIM1
SIM2
SIM3
SIM4
1
21
22
SIM5
SIM1
SIM2
SIM3
SIM4
1
21
22
SIM5
SIM1
SIM2
SIM3
SIM4
1
21
22
SIM5
SIM1
SIM2
SIM3
SIM4
1
21
22
SIM5
SIM1
SIM2
SIM3
SIM4
1
21
22
SIM5
SIM1
SIM2
SIM3
SIM4
1
21
22
SIM5
SIM1
SIM2
SIM3
SIM4
1
21
22
SIM5
SIM1
SIM2
SIM3
SIM4
1
21
22
SIM5
SIM1
SIM2
SIM3
SIM4
1
21
22
SIM5
SIM1
SIM2
SIM3
SIM4
1
21
22
SIM5
SIM1
SIM2
SIM3
SIM4
1
21
22
SIM5
SIM1
SIM2
SIM3
SIM4
1
21
22
SIM5
SIM1
SIM2
SIM3
SIM4
1
21
22
SIM5
SIM1
SIM2
SIM3
SIM4
1
21
22
SIM5
SIM1
SIM2
SIM3
SIM4
1
21
22
SIM5
SIM1
SIM2
SIM3
SIM4
1
21
22
SIM5
SIM1
SIM2
SIM3
SIM4
1
21
22
SIM5
SIM1
SIM2
SIM3
SIM4
1
21
22
SIM5
SIM1
SIM2
SIM3
SIM4
1
21
22
SIM5
SIM1
SIM2
SIM3
SIM4
1
21
22
SIM5
SIM1
SIM2
SIM3
SIM4
1
21
22
SIM5
SIM1
SIM2
SIM3
SIM4
1
21
22
SIM5
SIM1
SIM2
SIM3
SIM4
1
21
22
SIM5
SIM1
SIM2
SIM3
SIM4
1
21
22
SIM5
SIM1
SIM2
SIM3
SIM4
1
21
22
SIM5
SIM1
SIM2
SIM3
SIM4
1
21
22
SIM5
SIM1
SIM2
SIM3
SIM4
1
21
22
SIM5
SIM1
SIM2
SIM3
SIM4
1
21
22
SIM5
SIM1
SIM2
SIM3
SIM4
1
21
22
SIM5
SIM1
SIM2
SIM3
SIM4
1
21
22
SIM5
SIM1
SIM2
SIM3
SIM4
1
21
22
SIM5
SIM1
SIM2
SIM3
SIM4
1
21
22
SIM5
SIM1
SIM2
SIM3
SIM4
1
21
22
SIM5
SIM1
SIM2
SIM3
SIM4
1
21
22
SIM5
SIM1
SIM2
SIM3
SIM4
1
21
22
SIM5
SIM1
SIM2
SIM3
SIM4
1
21
22
SIM5
SIM1
SIM2
SIM3
SIM4
1
21
22
SIM5
SIM1
SIM2
SIM3
SIM4
1
21
22
SIM5
SIM1
SIM2
SIM3
SIM4
1
21
22
SIM5
SIM1
SIM2
SIM3
SIM4
1
21
22
SIM5
SIM1
SIM2
SIM3
SIM4
1
21
22
SIM5
SIM1
SIM2
SIM3
SIM4
1
21
22
SIM5
SIM1
SIM2
SIM3
SIM4
1
21
22
SIM5
SIM1
SIM2
SIM3
SIM4
1
21
22
SIM5
SIM1
SIM2
SIM3
SIM4
1
21
22
SIM5
SIM1
SIM2
SIM3
SIM4
1
21
22
SIM5
SIM1
SIM2
SIM3
SIM4
1
21
22
SIM5
SIM1
SIM2
SIM3
SIM4
1
21
22
SIM5
SIM1
SIM2
SIM3
SIM4
1
21
22
SIM5
SIM1
SIM2
SIM3
SIM4
1
21
22
SIM5
SIM1
SIM2
SIM3
SIM4
1
21
22
SIM5
SIM1
SIM2
SIM3
SIM4
1
21
22
SIM5
SIM1
SIM2
SIM3
SIM4
1
21
22
SIM5
SIM1
SIM2
SIM3
SIM4
1
21
22
SIM5
SIM1
SIM2
SIM3
SIM4
1
21
22
SIM5
SIM1
SIM2
SIM3
SIM4
1
21
22
SIM5
SIM1
SIM2
SIM3
SIM4
1
21
22
SIM5
SIM1
SIM2
SIM3
SIM4
1
21
22
SIM5
SIM1
SIM2
SIM3
SIM4
1
21
22
SIM5
SIM1
SIM2
SIM3
SIM4
1
21
22
SIM5
SIM1
SIM2
SIM3
SIM4
1
21
22
SIM5
SIM1
SIM2
SIM3
SIM4
1
21
22
SIM5
SIM1
SIM2
SIM3
SIM4
1
21
22
SIM5
SIM1
SIM2
SIM3
SIM4
1
21
22
SIM5
SIM1
SIM2
SIM3
SIM4
1
21
22
SIM5
SIM1
SIM2
SIM3
SIM4
1
21
22
SIM5
SIM1
SIM2
SIM3
SIM4
1
21
22
SIM5
SIM1
SIM2
SIM3
SIM4
1
21
22
SIM5
SIM1
SIM2
SIM3
SIM4
1
21
22
SIM5
SIM1
SIM2
SIM3
SIM4
1
21
22
SIM5
SIM1
SIM2
SIM3
SIM4
1
21
22
SIM5
SIM1
SIM2
SIM3
SIM4
1
21
22
SIM5
SIM1
SIM2
SIM3
SIM4
1
21
22
SIM5
SIM1
SIM2
SIM3
SIM4
1
21
22
SIM5
SIM1
SIM2
SIM3
SIM4
1
21
22
SIM5
SIM1
SIM2
SIM3
SIM4
1
21
22
SIM5
SIM1
SIM2
SIM3
SIM4
1
21
22
SIM5
SIM1
SIM2
SIM3
SIM4
1
21
22
SIM5
SIM1
SIM2
SIM3
SIM4
1
21
22
SIM5
SIM1
SIM2
SIM3
SIM4
1
21
22
SIM5
SIM1
SIM2
SIM3
SIM4
1
21
22
SIM5
SIM1
SIM2
SIM3
SIM4
1
21
22
SIM5
SIM1
SIM2
SIM3
SIM4
1
21
22
SIM5
SIM1
SIM2
SIM3
SIM4
1
21
22
SIM5
SIM1
SIM2
SIM3
SIM4
1
21
22
SIM5
SIM1
SIM2
SIM3
SIM4
1
21
22
SIM5
SIM1
SIM2
SIM3
SIM4
1
21
22
SIM5
SIM1
SIM2
SIM3
SIM4
1
21
22
SIM5
SIM1
SIM2
SIM3
SIM4
1
21
22
SIM5
SIM1
SIM2
SIM3
SIM4
1
21
22
SIM5
SIM1
SIM2
DEBUG 1 299
SIM1
SIM2
SIM3
SIM4
1
21
22
SIM5
SIM1
SIM2
SIM3
SIM4
1
21
22
SIM5
SIM1
SIM2
SIM3
SIM4
1
21
22
SIM5
SIM1
SIM2
SIM3
SIM4
1
21
22
SIM5
SIM1
SIM2
SIM3
SIM4
1
21
22
SIM5
SIM1
SIM2
SIM3
SIM4
1
21
22
SIM5
SIM1
SIM2
SIM3
SIM4
1
21
22
SIM5
SIM1
SIM2
SIM3
SIM4
1
21
22
SIM5
SIM1
SIM2
SIM3
SIM4
1
21
22
SIM5
SIM1
SIM2
SIM3
SIM4
1
21
22
SIM5
SIM1
SIM2
SIM3
SIM4
1
21
22
SIM5
SIM1
SIM2
SIM3
SIM4
1
21
22
SIM5
SIM1
SIM2
SIM3
SIM4
1
21
22
SIM5
SIM1
SIM2
SIM3
SIM4
1
21
22
SIM5
SIM1
SIM2
SIM3
SIM4
1
21
22
SIM5
SIM1
SIM2
SIM3
SIM4
1
21
22
SIM5
SIM1
SIM2
SIM3
SIM4
1
21
22
SIM5
SIM1
SIM2
SIM3
SIM4
1
21
22
SIM5
SIM1
SIM2
SIM3
SIM4
1
21
22
SIM5
SIM1
SIM2
SIM3
SIM4
1
21
22
SIM5
SIM1
SIM2
SIM3
SIM4
1
21
22
SIM5
SIM1
SIM2
SIM3
SIM4
1
21
22
SIM5
SIM1
SIM2
SIM3
SIM4
1
21
22
SIM5
SIM1
SIM2
SIM3
SIM4
1
21
22
SIM5
SIM1
SIM2
SIM3
SIM4
1
21
22
SIM5
SIM1
SIM2
SIM3
SIM4
1
21
22
SIM5
SIM1
SIM2
SIM3
SIM4
1
21
22
SIM5
SIM1
SIM2
SIM3
SIM4
1
21
22
SIM5
SIM1
SIM2
SIM3
SIM4
1
21
22
SIM5
SIM1
SIM2
SIM3
SIM4
1
21
22
SIM5
SIM1
SIM2
SIM3
SIM4
1
21
22
SIM5
SIM1
SIM2
SIM3
SIM4
1
21
22
SIM5
SIM1
SIM2
SIM3
SIM4
1
21
22
SIM5
SIM1
SIM2
SIM3
SIM4
1
21
22
SIM5
SIM1
SIM2
SIM3
SIM4
1
21
22
SIM5
SIM1
SIM2
SIM3
SIM4
1
21
22
SIM5
SIM1
SIM2
SIM3
SIM4
1
21
22
SIM5
SIM1
SIM2
SIM3
SIM4
1
21
22
SIM5
SIM1
SIM2
SIM3
SIM4
1
21
22
SIM5
SIM1
SIM2
SIM3
SIM4
1
21
22
SIM5
SIM1
SIM2
SIM3
SIM4
1
21
22
SIM5
SIM1
SIM2
SIM3
SIM4
1
21
22
SIM5
SIM1
SIM2
SIM3
SIM4
1
21
22
SIM5
SIM1
SIM2
SIM3
SIM4
1
21
22
SIM5
SIM1
SIM2
SIM3
SIM4
1
21
22
SIM5
SIM1
SIM2
SIM3
SIM4
1
21
22
SIM5
SIM1
SIM2
SIM3
SIM4
1
21
22
SIM5
SIM1
SIM2
SIM3
SIM4
1
21
22
SIM5
SIM1
SIM2
SIM3
SIM4
1
21
22
SIM5
SIM1
SIM2
SIM3
SIM4
1
21
22
SIM5
SIM1
SIM2
SIM3
SIM4
1
21
22
SIM5
SIM1
SIM2
SIM3
SIM4
1
21
22
SIM5
SIM1
SIM2
SIM3
SIM4
1
21
22
SIM5
SIM1
SIM2
SIM3
SIM4
1
21
22
SIM5
SIM1
SIM2
SIM3
SIM4
1
21
22
SIM5
SIM1
SIM2
SIM3
SIM4
1
21
22
SIM5
SIM1
SIM2
SIM3
SIM4
1
21
22
SIM5
SIM1
SIM2
SIM3
SIM4
1
21
22
SIM5
SIM1
SIM2
SIM3
SIM4
1
21
22
SIM5
SIM1
SIM2
SIM3
SIM4
1
21
22
SIM5
SIM1
SIM2
SIM3
SIM4
1
21
22
SIM5
SIM1
SIM2
SIM3
SIM4
1
21
22
SIM5
SIM1
SIM2
SIM3
SIM4
1
21
22
SIM5
SIM1
SIM2
SIM3
SIM4
1
21
22
SIM5
SIM1
SIM2
SIM3
SIM4
1
21
22
SIM5
SIM1
SIM2
SIM3
SIM4
1
21
22
SIM5
SIM1
SIM2
SIM3
SIM4
1
21
22
SIM5
SIM1
SIM2
SIM3
SIM4
1
21
22
SIM5
SIM1
SIM2
SIM3
SIM4
1
21
22
SIM5
SIM1
SIM2
SIM3
SIM4
1
21
22
SIM5
SIM1
SIM2
SIM3
SIM4
1
21
22
SIM5
SIM1
SIM2
SIM3
SIM4
1
21
22
SIM5
SIM1
SIM2
SIM3
SIM4
1
21
22
SIM5
SIM1
SIM2
SIM3
SIM4
1
21
22
SIM5
SIM1
SIM2
SIM3
SIM4
1
21
22
SIM5
SIM1
SIM2
SIM3
SIM4
1
21
22
SIM5
SIM1
SIM2
SIM3
SIM4
1
21
22
SIM5
SIM1
SIM2
SIM3
SIM4
1
21
22
SIM5
SIM1
SIM2
SIM3
SIM4
1
21
22
SIM5
SIM1
SIM2
SIM3
SIM4
1
21
22
SIM5
SIM1
SIM2
SIM3
SIM4
1
21
22
SIM5
SIM1
SIM2
SIM3
SIM4
1
21
22
SIM5
SIM1
SIM2
SIM3
SIM4
1
21
22
SIM5
SIM1
SIM2
SIM3
SIM4
1
21
22
SIM5
SIM1
SIM2
SIM3
SIM4
1
21
22
SIM5
SIM1
SIM2
SIM3
SIM4
1
21
22
SIM5
SIM1
SIM2
SIM3
SIM4
1
21
22
SIM5
SIM1
SIM2
SIM3
SIM4
1
21
22
SIM5
SIM1
SIM2
SIM3
SIM4
1
21
22
SIM5
SIM1
SIM2
SIM3
SIM4
1
21
22
SIM5
SIM1
SIM2
SIM3
SIM4
1
21
22
SIM5
SIM1
SIM2
SIM3
SIM4
1
21
22
SIM5
SIM1
SIM2
SIM3
SIM4
1
21
22
SIM5
SIM1
SIM2
SIM3
SIM4
1
21
22
SIM5
SIM1
SIM2
SIM3
SIM4
1
21
22
SIM5
SIM1
SIM2
SIM3
SIM4
1
21
22
SIM5
SIM1
SIM2
SIM3
SIM4
1
21
22
SIM5
SIM1
SIM2
SIM3
SIM4
1
21
22
SIM5
SIM1
SIM2
SIM3
SIM4
1
21
22
SIM5
SIM1
SIM2
SIM3
SIM4
1
21
22
SIM5
SIM1
SIM2
SIM3
SIM4
1
21
22
SIM5
SIM1
SIM2
SIM3
SIM4
1
21
22
SIM5
SIM1
SIM2
SIM3
SIM4
1
21
22
SIM5
SIM1
SIM2
SIM3
SIM4
1
21
22
SIM5
SIM1
SIM2
SIM3
SIM4
1
21
22
SIM5
SIM1
SIM2
SIM3
SIM4
1
21
22
SIM5
SIM1
SIM2
SIM3
SIM4
1
21
22
SIM5
SIM1
SIM2
SIM3
SIM4
1
21
22
SIM5
SIM1
SIM2
SIM3
SIM4
1
21
22
SIM5
SIM1
SIM2
SIM3
SIM4
1
21
22
SIM5
SIM1
SIM2
SIM3
SIM4
1
21
22
SIM5
SIM1
SIM2
SIM3
SIM4
1
21
22
SIM5
SIM1
SIM2
SIM3
SIM4
1
21
22
SIM5
SIM1
SIM2
SIM3
SIM4
1
21
22
SIM5
SIM1
SIM2
SIM3
SIM4
1
21
22
SIM5
SIM1
SIM2
SIM3
SIM4
1
21
22
SIM5
SIM1
SIM2
SIM3
SIM4
1
21
22
SIM5
SIM1
SIM2
SIM3
SIM4
1
21
22
SIM5
SIM1
SIM2
SIM3
SIM4
1
21
22
SIM5
SIM1
SIM2
SIM3
SIM4
1
21
22
SIM5
SIM1
SIM2
SIM3
SIM4
1
21
22
SIM5
SIM1
SIM2
SIM3
SIM4
1
21
22
SIM5
SIM1
SIM2
SIM3
SIM4
1
21
22
SIM5
SIM1
SIM2
SIM3
SIM4
1
21
22
SIM5
SIM1
SIM2
SIM3
SIM4
1
21
22
SIM5
SIM1
SIM2
SIM3
SIM4
1
21
22
SIM5
SIM1
SIM2
SIM3
SIM4
1
21
22
SIM5
SIM1
SIM2
SIM3
SIM4
1
21
22
SIM5
SIM1
SIM2
SIM3
SIM4
1
21
22
SIM5
SIM1
SIM2
SIM3
SIM4
1
21
22
SIM5
SIM1
SIM2
SIM3
SIM4
1
21
22
SIM5
SIM1
SIM2
SIM3
SIM4
1
21
22
SIM5
SIM1
SIM2
SIM3
SIM4
1
21
22
SIM5
SIM1
SIM2
SIM3
SIM4
1
21
22
SIM5
SIM1
SIM2
SIM3
SIM4
1
21
22
SIM5
SIM1
SIM2
SIM3
SIM4
1
21
22
SIM5
SIM1
SIM2
SIM3
SIM4
1
21
22
SIM5
SIM1
SIM2
SIM3
SIM4
1
21
22
SIM5
SIM1
SIM2
SIM3
SIM4
1
21
22
SIM5
SIM1
SIM2
SIM3
SIM4
1
21
22
SIM5
SIM1
SIM2
SIM3
SIM4
1
21
22
SIM5
SIM1
SIM2
SIM3
SIM4
1
21
22
SIM5
SIM1
SIM2
SIM3
SIM4
1
21
22
SIM5
SIM1
SIM2
SIM3
SIM4
1
21
22
SIM5
SIM1
SIM2
SIM3
SIM4
1
21
22
SIM5
SIM1
SIM2
SIM3
SIM4
1
21
22
SIM5
SIM1
SIM2
SIM3
SIM4
1
21
22
SIM5
SIM1
SIM2
SIM3
SIM4
1
21
22
SIM5
SIM1
SIM2
SIM3
SIM4
1
21
22
SIM5
SIM1
SIM2
SIM3
SIM4
1
21
22
SIM5
SIM1
SIM2
SIM3
SIM4
1
21
22
SIM5
SIM1
SIM2
SIM3
SIM4
1
21
22
SIM5
SIM1
SIM2
SIM3
SIM4
1
21
22
SIM5
SIM1
SIM2
SIM3
SIM4
1
21
22
SIM5
SIM1
SIM2
SIM3
SIM4
1
21
22
SIM5
SIM1
SIM2
SIM3
SIM4
1
21
22
SIM5
SIM1
SIM2
SIM3
SIM4
1
21
22
SIM5
SIM1
SIM2
SIM3
SIM4
1
21
22
SIM5
SIM1
SIM2
SIM3
SIM4
1
21
22
SIM5
SIM1
SIM2
SIM3
SIM4
1
21
22
SIM5
SIM1
SIM2
SIM3
SIM4
1
21
22
SIM5
SIM1
SIM2
SIM3
SIM4
1
21
22
SIM5
SIM1
SIM2
SIM3
SIM4
1
21
22
SIM5
SIM1
SIM2
SIM3
SIM4
1
21
22
SIM5
SIM1
SIM2
SIM3
SIM4
1
21
22
SIM5
SIM1
SIM2
SIM3
SIM4
1
21
22
SIM5
SIM1
SIM2
SIM3
SIM4
1
21
22
SIM5
SIM1
SIM2
SIM3
SIM4
1
21
22
SIM5
SIM1
SIM2
SIM3
SIM4
1
21
22
SIM5
SIM1
SIM2
SIM3
SIM4
1
21
22
SIM5
SIM1
SIM2
SIM3
SIM4
1
21
22
SIM5
SIM1
SIM2
SIM3
SIM4
1
21
22
SIM5
SIM1
SIM2
SIM3
SIM4
1
21
22
SIM5
SIM1
SIM2
SIM3
SIM4
1
21
22
SIM5
SIM1
SIM2
SIM3
SIM4
1
21
22
SIM5
SIM1
SIM2
SIM3
SIM4
1
21
22
SIM5
SIM1
SIM2
SIM3
SIM4
1
21
22
SIM5
SIM1
SIM2
SIM3
SIM4
1
21
22
SIM5
SIM1
SIM2
SIM3
SIM4
1
21
22
SIM5
SIM1
SIM2
SIM3
SIM4
1
21
22
SIM5
SIM1
SIM2
SIM3
SIM4
1
21
22
SIM5
SIM1
SIM2
SIM3
SIM4
1
21
22
SIM5
SIM1
SIM2
SIM3
SIM4
1
21
22
SIM5
SIM1
SIM2
SIM3
SIM4
1
21
22
SIM5
SIM1
SIM2
SIM3
SIM4
1
21
22
SIM5
SIM1
SIM2
SIM3
SIM4
1
21
22
SIM5
SIM1
SIM2
SIM3
SIM4
1
21
22
SIM5
SIM1
SIM2
SIM3
SIM4
1
21
22
SIM5
SIM1
SIM2
SIM3
SIM4
1
21
22
SIM5
SIM1
SIM2
SIM3
SIM4
1
21
22
SIM5
SIM1
SIM2
SIM3
SIM4
1
21
22
SIM5
SIM1
SIM2
DEBUG 1 300
SIM1
SIM2
SIM3
SIM4
1
21
22
SIM5
SIM1
SIM2
SIM3
SIM4
1
21
22
SIM5
SIM1
SIM2
SIM3
SIM4
1
21
22
SIM5
SIM1
SIM2
SIM3
SIM4
1
21
22
SIM5
SIM1
SIM2
SIM3
SIM4
1
21
22
SIM5
SIM1
SIM2
SIM3
SIM4
1
21
22
SIM5
SIM1
SIM2
SIM3
SIM4
1
21
22
SIM5
SIM1
SIM2
SIM3
SIM4
1
21
22
SIM5
SIM1
SIM2
SIM3
SIM4
1
21
22
SIM5
SIM1
SIM2
SIM3
SIM4
1
21
22
SIM5
SIM1
SIM2
SIM3
SIM4
1
21
22
SIM5
SIM1
SIM2
SIM3
SIM4
1
21
22
SIM5
SIM1
SIM2
SIM3
SIM4
1
21
22
SIM5
SIM1
SIM2
SIM3
SIM4
1
21
22
SIM5
SIM1
SIM2
SIM3
SIM4
1
21
22
SIM5
SIM1
SIM2
SIM3
SIM4
1
21
22
SIM5
SIM1
SIM2
SIM3
SIM4
1
21
22
SIM5
SIM1
SIM2
SIM3
SIM4
1
21
22
SIM5
SIM1
SIM2
SIM3
SIM4
1
21
22
SIM5
SIM1
SIM2
SIM3
SIM4
1
21
22
SIM5
SIM1
SIM2
SIM3
SIM4
1
21
22
SIM5
SIM1
SIM2
SIM3
SIM4
1
21
22
SIM5
SIM1
SIM2
SIM3
SIM4
1
21
22
SIM5
SIM1
SIM2
SIM3
SIM4
1
21
22
SIM5
SIM1
SIM2
SIM3
SIM4
1
21
22
SIM5
SIM1
SIM2
SIM3
SIM4
1
21
22
SIM5
SIM1
SIM2
SIM3
SIM4
1
21
22
SIM5
SIM1
SIM2
SIM3
SIM4
1
21
22
SIM5
SIM1
SIM2
SIM3
SIM4
1
21
22
SIM5
SIM1
SIM2
SIM3
SIM4
1
21
22
SIM5
SIM1
SIM2
SIM3
SIM4
1
21
22
SIM5
SIM1
SIM2
SIM3
SIM4
1
21
22
SIM5
SIM1
SIM2
SIM3
SIM4
1
21
22
SIM5
SIM1
SIM2
SIM3
SIM4
1
21
22
SIM5
SIM1
SIM2
SIM3
SIM4
1
21
22
SIM5
SIM1
SIM2
SIM3
SIM4
1
21
22
SIM5
SIM1
SIM2
SIM3
SIM4
1
21
22
SIM5
SIM1
SIM2
SIM3
SIM4
1
21
22
SIM5
SIM1
SIM2
SIM3
SIM4
1
21
22
SIM5
SIM1
SIM2
SIM3
SIM4
1
21
22
SIM5
SIM1
SIM2
SIM3
SIM4
1
21
22
SIM5
SIM1
SIM2
SIM3
SIM4
1
21
22
SIM5
SIM1
SIM2
SIM3
SIM4
1
21
22
SIM5
SIM1
SIM2
SIM3
SIM4
1
21
22
SIM5
SIM1
SIM2
SIM3
SIM4
1
21
22
SIM5
SIM1
SIM2
SIM3
SIM4
1
21
22
SIM5
SIM1
SIM2
SIM3
SIM4
1
21
22
SIM5
SIM1
SIM2
SIM3
SIM4
1
21
22
SIM5
SIM1
SIM2
SIM3
SIM4
1
21
22
SIM5
SIM1
SIM2
SIM3
SIM4
1
21
22
SIM5
SIM1
SIM2
SIM3
SIM4
1
21
22
SIM5
SIM1
SIM2
SIM3
SIM4
1
21
22
SIM5
SIM1
SIM2
SIM3
SIM4
1
21
22
SIM5
SIM1
SIM2
SIM3
SIM4
1
21
22
SIM5
SIM1
SIM2
SIM3
SIM4
1
21
22
SIM5
SIM1
SIM2
SIM3
SIM4
1
21
22
SIM5
SIM1
SIM2
SIM3
SIM4
1
21
22
SIM5
SIM1
SIM2
SIM3
SIM4
1
21
22
SIM5
SIM1
SIM2
SIM3
SIM4
1
21
22
SIM5
SIM1
SIM2
SIM3
SIM4
1
21
22
SIM5
SIM1
SIM2
SIM3
SIM4
1
21
22
SIM5
SIM1
SIM2
SIM3
SIM4
1
21
22
SIM5
SIM1
SIM2
SIM3
SIM4
1
21
22
SIM5
SIM1
SIM2
SIM3
SIM4
1
21
22
SIM5
SIM1
SIM2
SIM3
SIM4
1
21
22
SIM5
SIM1
SIM2
SIM3
SIM4
1
21
22
SIM5
SIM1
SIM2
SIM3
SIM4
1
21
22
SIM5
SIM1
SIM2
SIM3
SIM4
1
21
22
SIM5
SIM1
SIM2
SIM3
SIM4
1
21
22
SIM5
SIM1
SIM2
SIM3
SIM4
1
21
22
SIM5
SIM1
SIM2
SIM3
SIM4
1
21
22
SIM5
SIM1
SIM2
SIM3
SIM4
1
21
22
SIM5
SIM1
SIM2
SIM3
SIM4
1
21
22
SIM5
SIM1
SIM2
SIM3
SIM4
1
21
22
SIM5
SIM1
SIM2
SIM3
SIM4
1
21
22
SIM5
SIM1
SIM2
SIM3
SIM4
1
21
22
SIM5
SIM1
SIM2
SIM3
SIM4
1
21
22
SIM5
SIM1
SIM2
SIM3
SIM4
1
21
22
SIM5
SIM1
SIM2
SIM3
SIM4
1
21
22
SIM5
SIM1
SIM2
SIM3
SIM4
1
21
22
SIM5
SIM1
SIM2
SIM3
SIM4
1
21
22
SIM5
SIM1
SIM2
SIM3
SIM4
1
21
22
SIM5
SIM1
SIM2
SIM3
SIM4
1
21
22
SIM5
SIM1
SIM2
SIM3
SIM4
1
21
22
SIM5
SIM1
SIM2
SIM3
SIM4
1
21
22
SIM5
SIM1
SIM2
SIM3
SIM4
1
21
22
SIM5
SIM1
SIM2
SIM3
SIM4
1
21
22
SIM5
SIM1
SIM2
SIM3
SIM4
1
21
22
SIM5
SIM1
SIM2
SIM3
SIM4
1
21
22
SIM5
SIM1
SIM2
SIM3
SIM4
1
21
22
SIM5
SIM1
SIM2
SIM3
SIM4
1
21
22
SIM5
SIM1
SIM2
SIM3
SIM4
1
21
22
SIM5
SIM1
SIM2
SIM3
SIM4
1
21
22
SIM5
SIM1
SIM2
SIM3
SIM4
1
21
22
SIM5
SIM1
SIM2
SIM3
SIM4
1
21
22
SIM5
SIM1
SIM2
SIM3
SIM4
1
21
22
SIM5
SIM1
SIM2
SIM3
SIM4
1
21
22
SIM5
SIM1
SIM2
SIM3
SIM4
1
21
22
SIM5
SIM1
SIM2
SIM3
SIM4
1
21
22
SIM5
SIM1
SIM2
SIM3
SIM4
1
21
22
SIM5
SIM1
SIM2
SIM3
SIM4
1
21
22
SIM5
SIM1
SIM2
SIM3
SIM4
1
21
22
SIM5
SIM1
SIM2
SIM3
SIM4
1
21
22
SIM5
SIM1
SIM2
SIM3
SIM4
1
21
22
SIM5
SIM1
SIM2
SIM3
SIM4
1
21
22
SIM5
SIM1
SIM2
SIM3
SIM4
1
21
22
SIM5
SIM1
SIM2
SIM3
SIM4
1
21
22
SIM5
SIM1
SIM2
SIM3
SIM4
1
21
22
SIM5
SIM1
SIM2
SIM3
SIM4
1
21
22
SIM5
SIM1
SIM2
SIM3
SIM4
1
21
22
SIM5
SIM1
SIM2
SIM3
SIM4
1
21
22
SIM5
SIM1
SIM2
SIM3
SIM4
1
21
22
SIM5
SIM1
SIM2
SIM3
SIM4
1
21
22
SIM5
SIM1
SIM2
SIM3
SIM4
1
21
22
SIM5
SIM1
SIM2
SIM3
SIM4
1
21
22
SIM5
SIM1
SIM2
SIM3
SIM4
1
21
22
SIM5
SIM1
SIM2
SIM3
SIM4
1
21
22
SIM5
SIM1
SIM2
SIM3
SIM4
1
21
22
SIM5
SIM1
SIM2
SIM3
SIM4
1
21
22
SIM5
SIM1
SIM2
SIM3
SIM4
1
21
22
SIM5
SIM1
SIM2
SIM3
SIM4
1
21
22
SIM5
SIM1
SIM2
SIM3
SIM4
1
21
22
SIM5
SIM1
SIM2
SIM3
SIM4
1
21
22
SIM5
SIM1
SIM2
SIM3
SIM4
1
21
22
SIM5
SIM1
SIM2
SIM3
SIM4
1
21
22
SIM5
SIM1
SIM2
SIM3
SIM4
1
21
22
SIM5
SIM1
SIM2
SIM3
SIM4
1
21
22
SIM5
SIM1
SIM2
SIM3
SIM4
1
21
22
SIM5
SIM1
SIM2
SIM3
SIM4
1
21
22
SIM5
SIM1
SIM2
SIM3
SIM4
1
21
22
SIM5
SIM1
SIM2
SIM3
SIM4
1
21
22
SIM5
SIM1
SIM2
SIM3
SIM4
1
21
22
SIM5
SIM1
SIM2
SIM3
SIM4
1
21
22
SIM5
SIM1
SIM2
SIM3
SIM4
1
21
22
SIM5
SIM1
SIM2
SIM3
SIM4
1
21
22
SIM5
SIM1
SIM2
SIM3
SIM4
1
21
22
SIM5
SIM1
SIM2
SIM3
SIM4
1
21
22
SIM5
SIM1
SIM2
SIM3
SIM4
1
21
22
SIM5
SIM1
SIM2
SIM3
SIM4
1
21
22
SIM5
SIM1
SIM2
SIM3
SIM4
1
21
22
SIM5
SIM1
SIM2
SIM3
SIM4
1
21
22
SIM5
SIM1
SIM2
DEBUG 1 301
SIM1
SIM2
SIM3
SIM4
1
21
22
SIM5
SIM1
SIM2
SIM3
SIM4
1
21
22
SIM5
SIM1
SIM2
SIM3
SIM4
1
21
22
SIM5
SIM1
SIM2
SIM3
SIM4
1
21
22
SIM5
SIM1
SIM2
SIM3
SIM4
1
21
22
SIM5
SIM1
SIM2
SIM3
SIM4
1
21
22
SIM5
SIM1
SIM2
SIM3
SIM4
1
21
22
SIM5
SIM1
SIM2
SIM3
SIM4
1
21
22
SIM5
SIM1
SIM2
SIM3
SIM4
1
21
22
SIM5
SIM1
SIM2
SIM3
SIM4
1
21
22
SIM5
SIM1
SIM2
SIM3
SIM4
1
21
22
SIM5
SIM1
SIM2
SIM3
SIM4
1
21
22
SIM5
SIM1
SIM2
SIM3
SIM4
1
21
22
SIM5
SIM1
SIM2
SIM3
SIM4
1
21
22
SIM5
SIM1
SIM2
SIM3
SIM4
1
21
22
SIM5
SIM1
SIM2
SIM3
SIM4
1
21
22
SIM5
SIM1
SIM2
SIM3
SIM4
1
21
22
SIM5
SIM1
SIM2
SIM3
SIM4
1
21
22
SIM5
SIM1
SIM2
SIM3
SIM4
1
21
22
SIM5
SIM1
SIM2
SIM3
SIM4
1
21
22
SIM5
SIM1
SIM2
SIM3
SIM4
1
21
22
SIM5
SIM1
SIM2
SIM3
SIM4
1
21
22
SIM5
SIM1
SIM2
SIM3
SIM4
1
21
22
SIM5
SIM1
SIM2
SIM3
SIM4
1
21
22
SIM5
SIM1
SIM2
SIM3
SIM4
1
21
22
SIM5
SIM1
SIM2
SIM3
SIM4
1
21
22
SIM5
SIM1
SIM2
SIM3
SIM4
1
21
22
SIM5
SIM1
SIM2
SIM3
SIM4
1
21
22
SIM5
SIM1
SIM2
SIM3
SIM4
1
21
22
SIM5
SIM1
SIM2
SIM3
SIM4
1
21
22
SIM5
SIM1
SIM2
SIM3
SIM4
1
21
22
SIM5
SIM1
SIM2
SIM3
SIM4
1
21
22
SIM5
SIM1
SIM2
SIM3
SIM4
1
21
22
SIM5
SIM1
SIM2
SIM3
SIM4
1
21
22
SIM5
SIM1
SIM2
SIM3
SIM4
1
21
22
SIM5
SIM1
SIM2
SIM3
SIM4
1
21
22
SIM5
SIM1
SIM2
SIM3
SIM4
1
21
22
SIM5
SIM1
SIM2
SIM3
SIM4
1
21
22
SIM5
SIM1
SIM2
SIM3
SIM4
1
21
22
SIM5
SIM1
SIM2
SIM3
SIM4
1
21
22
SIM5
SIM1
SIM2
SIM3
SIM4
1
21
22
SIM5
SIM1
SIM2
SIM3
SIM4
1
21
22
SIM5
SIM1
SIM2
SIM3
SIM4
1
21
22
SIM5
SIM1
SIM2
SIM3
SIM4
1
21
22
SIM5
SIM1
SIM2
SIM3
SIM4
1
21
22
SIM5
SIM1
SIM2
SIM3
SIM4
1
21
22
SIM5
SIM1
SIM2
SIM3
SIM4
1
21
22
SIM5
SIM1
SIM2
SIM3
SIM4
1
21
22
SIM5
SIM1
SIM2
SIM3
SIM4
1
21
22
SIM5
SIM1
SIM2
SIM3
SIM4
1
21
22
SIM5
SIM1
SIM2
SIM3
SIM4
1
21
22
SIM5
SIM1
SIM2
SIM3
SIM4
1
21
22
SIM5
SIM1
SIM2
SIM3
SIM4
1
21
22
SIM5
SIM1
SIM2
SIM3
SIM4
1
21
22
SIM5
SIM1
SIM2
SIM3
SIM4
1
21
22
SIM5
SIM1
SIM2
SIM3
SIM4
1
21
22
SIM5
SIM1
SIM2
SIM3
SIM4
1
21
22
SIM5
SIM1
SIM2
SIM3
SIM4
1
21
22
SIM5
SIM1
SIM2
SIM3
SIM4
1
21
22
SIM5
SIM1
SIM2
SIM3
SIM4
1
21
22
SIM5
SIM1
SIM2
SIM3
SIM4
1
21
22
SIM5
SIM1
SIM2
SIM3
SIM4
1
21
22
SIM5
SIM1
SIM2
SIM3
SIM4
1
21
22
SIM5
SIM1
SIM2
SIM3
SIM4
1
21
22
SIM5
SIM1
SIM2
SIM3
SIM4
1
21
22
SIM5
SIM1
SIM2
SIM3
SIM4
1
21
22
SIM5
SIM1
SIM2
SIM3
SIM4
1
21
22
SIM5
SIM1
SIM2
SIM3
SIM4
1
21
22
SIM5
SIM1
SIM2
SIM3
SIM4
1
21
22
SIM5
SIM1
SIM2
SIM3
SIM4
1
21
22
SIM5
SIM1
SIM2
SIM3
SIM4
1
21
22
SIM5
SIM1
SIM2
SIM3
SIM4
1
21
22
SIM5
SIM1
SIM2
SIM3
SIM4
1
21
22
SIM5
SIM1
SIM2
SIM3
SIM4
1
21
22
SIM5
SIM1
SIM2
SIM3
SIM4
1
21
22
SIM5
SIM1
SIM2
SIM3
SIM4
1
21
22
SIM5
SIM1
SIM2
SIM3
SIM4
1
21
22
SIM5
SIM1
SIM2
SIM3
SIM4
1
21
22
SIM5
SIM1
SIM2
SIM3
SIM4
1
21
22
SIM5
SIM1
SIM2
SIM3
SIM4
1
21
22
SIM5
SIM1
SIM2
SIM3
SIM4
1
21
22
SIM5
SIM1
SIM2
SIM3
SIM4
1
21
22
SIM5
SIM1
SIM2
SIM3
SIM4
1
21
22
SIM5
SIM1
SIM2
SIM3
SIM4
1
21
22
SIM5
SIM1
SIM2
SIM3
SIM4
1
21
22
SIM5
SIM1
SIM2
SIM3
SIM4
1
21
22
SIM5
SIM1
SIM2
SIM3
SIM4
1
21
22
SIM5
SIM1
SIM2
SIM3
SIM4
1
21
22
SIM5
SIM1
SIM2
SIM3
SIM4
1
21
22
SIM5
SIM1
SIM2
SIM3
SIM4
1
21
22
SIM5
SIM1
SIM2
SIM3
SIM4
1
21
22
SIM5
SIM1
SIM2
SIM3
SIM4
1
21
22
SIM5
SIM1
SIM2
SIM3
SIM4
1
21
22
SIM5
SIM1
SIM2
SIM3
SIM4
1
21
22
SIM5
SIM1
SIM2
SIM3
SIM4
1
21
22
SIM5
SIM1
SIM2
SIM3
SIM4
1
21
22
SIM5
SIM1
SIM2
SIM3
SIM4
1
21
22
SIM5
SIM1
SIM2
SIM3
SIM4
1
21
22
SIM5
SIM1
SIM2
SIM3
SIM4
1
21
22
SIM5
SIM1
SIM2
SIM3
SIM4
1
21
22
SIM5
SIM1
SIM2
SIM3
SIM4
1
21
22
SIM5
SIM1
SIM2
SIM3
SIM4
1
21
22
SIM5
SIM1
SIM2
SIM3
SIM4
1
21
22
SIM5
SIM1
SIM2
SIM3
SIM4
1
21
22
SIM5
SIM1
SIM2
SIM3
SIM4
1
21
22
SIM5
SIM1
SIM2
SIM3
SIM4
1
21
22
SIM5
SIM1
SIM2
SIM3
SIM4
1
21
22
SIM5
SIM1
SIM2
SIM3
SIM4
1
21
22
SIM5
SIM1
SIM2
SIM3
SIM4
1
21
22
SIM5
SIM1
SIM2
SIM3
SIM4
1
21
22
SIM5
SIM1
SIM2
SIM3
SIM4
1
21
22
SIM5
SIM1
SIM2
SIM3
SIM4
1
21
22
SIM5
SIM1
SIM2
SIM3
SIM4
1
21
22
SIM5
SIM1
SIM2
SIM3
SIM4
1
21
22
SIM5
SIM1
SIM2
SIM3
SIM4
1
21
22
SIM5
SIM1
SIM2
SIM3
SIM4
1
21
22
SIM5
SIM1
SIM2
SIM3
SIM4
1
21
22
SIM5
SIM1
SIM2
SIM3
SIM4
1
21
22
SIM5
SIM1
SIM2
SIM3
SIM4
1
21
22
SIM5
SIM1
SIM2
SIM3
SIM4
1
21
22
SIM5
SIM1
SIM2
SIM3
SIM4
1
21
22
SIM5
SIM1
SIM2
SIM3
SIM4
1
21
22
SIM5
SIM1
SIM2
SIM3
SIM4
1
21
22
SIM5
SIM1
SIM2
SIM3
SIM4
1
21
22
SIM5
SIM1
SIM2
SIM3
SIM4
1
21
22
SIM5
SIM1
SIM2
SIM3
SIM4
1
21
22
SIM5
SIM1
SIM2
SIM3
SIM4
1
21
22
SIM5
SIM1
SIM2
SIM3
SIM4
1
21
22
SIM5
SIM1
SIM2
SIM3
SIM4
1
21
22
SIM5
SIM1
SIM2
SIM3
SIM4
1
21
22
SIM5
SIM1
SIM2
SIM3
SIM4
1
21
22
SIM5
SIM1
SIM2
SIM3
SIM4
1
21
22
SIM5
SIM1
SIM2
SIM3
SIM4
1
21
22
SIM5
SIM1
SIM2
SIM3
SIM4
1
21
22
SIM5
SIM1
SIM2
SIM3
SIM4
1
21
22
SIM5
SIM1
SIM2
SIM3
SIM4
1
21
22
SIM5
SIM1
SIM2
SIM3
SIM4
1
21
22
SIM5
SIM1
SIM2
SIM3
SIM4
1
21
22
SIM5
SIM1
SIM2
SIM3
SIM4
1
21
22
SIM5
SIM1
SIM2
SIM3
SIM4
1
21
22
SIM5
SIM1
SIM2
SIM3
SIM4
1
21
22
SIM5
SIM1
SIM2
SIM3
SIM4
1
21
22
SIM5
SIM1
SIM2
SIM3
SIM4
1
21
22
SIM5
SIM1
SIM2
SIM3
SIM4
1
21
22
SIM5
SIM1
SIM2
SIM3
SIM4
1
21
22
SIM5
SIM1
SIM2
SIM3
SIM4
1
21
22
SIM5
SIM1
SIM2
SIM3
SIM4
1
21
22
SIM5
SIM1
SIM2
SIM3
SIM4
1
21
22
SIM5
SIM1
SIM2
SIM3
SIM4
1
21
22
SIM5
SIM1
SIM2
SIM3
SIM4
1
21
22
SIM5
SIM1
SIM2
SIM3
SIM4
1
21
22
SIM5
SIM1
SIM2
SIM3
SIM4
1
21
22
SIM5
SIM1
SIM2
SIM3
SIM4
1
21
22
SIM5
SIM1
SIM2
SIM3
SIM4
1
21
22
SIM5
SIM1
SIM2
SIM3
SIM4
1
21
22
SIM5
SIM1
SIM2
SIM3
SIM4
1
21
22
SIM5
SIM1
SIM2
SIM3
SIM4
1
21
22
SIM5
SIM1
SIM2
SIM3
SIM4
1
21
22
SIM5
SIM1
SIM2
SIM3
SIM4
1
21
22
SIM5
SIM1
SIM2
SIM3
SIM4
1
21
22
SIM5
SIM1
SIM2
SIM3
SIM4
1
21
22
SIM5
SIM1
SIM2
SIM3
SIM4
1
21
22
SIM5
SIM1
SIM2
SIM3
SIM4
1
21
22
SIM5
SIM1
SIM2
SIM3
SIM4
1
21
22
SIM5
SIM1
SIM2
SIM3
SIM4
1
21
22
SIM5
SIM1
SIM2
SIM3
SIM4
1
21
22
SIM5
SIM1
SIM2
SIM3
SIM4
1
21
22
SIM5
SIM1
SIM2
SIM3
SIM4
1
21
22
SIM5
SIM1
SIM2
SIM3
SIM4
1
21
22
SIM5
SIM1
SIM2
SIM3
SIM4
1
21
22
SIM5
SIM1
SIM2
SIM3
SIM4
1
21
22
SIM5
SIM1
SIM2
SIM3
SIM4
1
21
22
SIM5
SIM1
SIM2
SIM3
SIM4
1
21
22
SIM5
SIM1
SIM2
SIM3
SIM4
1
21
22
SIM5
SIM1
SIM2
SIM3
SIM4
1
21
22
SIM5
SIM1
SIM2
SIM3
SIM4
1
21
22
SIM5
SIM1
SIM2
SIM3
SIM4
1
21
22
SIM5
SIM1
SIM2
SIM3
SIM4
1
21
22
SIM5
SIM1
SIM2
SIM3
SIM4
1
21
22
SIM5
SIM1
SIM2
SIM3
SIM4
1
21
22
SIM5
SIM1
SIM2
SIM3
SIM4
1
21
22
SIM5
SIM1
SIM2
SIM3
SIM4
1
21
22
SIM5
SIM1
SIM2
SIM3
SIM4
1
21
22
SIM5
SIM1
SIM2
SIM3
SIM4
1
21
22
SIM5
SIM1
SIM2
SIM3
SIM4
1
21
22
SIM5
SIM1
SIM2
SIM3
SIM4
1
21
22
SIM5
SIM1
SIM2
SIM3
SIM4
1
21
22
SIM5
SIM1
SIM2
SIM3
SIM4
1
21
22
SIM5
SIM1
SIM2
SIM3
SIM4
1
21
22
SIM5
SIM1
SIM2
SIM3
SIM4
1
21
22
SIM5
SIM1
SIM2
SIM3
SIM4
1
21
22
SIM5
SIM1
SIM2
SIM3
SIM4
1
21
22
SIM5
SIM1
SIM2
SIM3
SIM4
1
21
22
SIM5
SIM1
SIM2
SIM3
SIM4
1
21
22
SIM5
SIM1
SIM2
SIM3
SIM4
1
21
22
SIM5
SIM1
SIM2
SIM3
SIM4
1
21
22
SIM5
SIM1
SIM2
SIM3
SIM4
1
21
22
SIM5
SIM1
SIM2
SIM3
SIM4
1
21
22
SIM5
SIM1
SIM2
SIM3
SIM4
1
21
22
SIM5
SIM1
SIM2
SIM3
SIM4
1
21
22
SIM5
SIM1
SIM2
SIM3
SIM4
1
21
22
SIM5
SIM1
SIM2
SIM3
SIM4
1
21
22
SIM5
SIM1
SIM2
SIM3
SIM4
1
21
22
SIM5
SIM1
SIM2
SIM3
SIM4
1
21
22
SIM5
SIM1
SIM2
SIM3
SIM4
1
21
22
SIM5
SIM1
SIM2
SIM3
SIM4
1
21
22
SIM5
SIM1
SIM2
SIM3
SIM4
1
21
22
SIM5
SIM1
SIM2
SIM3
SIM4
1
21
22
SIM5
SIM1
SIM2
SIM3
SIM4
1
21
22
SIM5
SIM1
SIM2
SIM3
SIM4
1
21
22
SIM5
SIM1
SIM2
SIM3
SIM4
1
21
22
SIM5
SIM1
SIM2
SIM3
SIM4
1
21
22
SIM5
SIM1
SIM2
SIM3
SIM4
1
21
22
SIM5
SIM1
SIM2
SIM3
SIM4
1
21
22
SIM5
SIM1
SIM2
SIM3
SIM4
1
21
22
SIM5
SIM1
SIM2
SIM3
SIM4
1
21
22
SIM5
SIM1
SIM2
SIM3
SIM4
1
21
22
SIM5
SIM1
SIM2
SIM3
SIM4
1
21
22
SIM5
SIM1
SIM2
SIM3
SIM4
1
21
22
SIM5
SIM1
SIM2
SIM3
SIM4
1
21
22
SIM5
SIM1
SIM2
SIM3
SIM4
1
21
22
SIM5
SIM1
SIM2
SIM3
SIM4
1
21
22
SIM5
SIM1
SIM2
SIM3
SIM4
1
21
22
SIM5
SIM1
SIM2
SIM3
SIM4
1
21
22
SIM5
SIM1
SIM2
SIM3
SIM4
1
21
22
SIM5
SIM1
SIM2
SIM3
SIM4
1
21
22
SIM5
SIM1
SIM2
SIM3
SIM4
1
21
22
SIM5
SIM1
SIM2
SIM3
SIM4
1
21
22
SIM5
SIM1
SIM2
SIM3
SIM4
1
21
22
SIM5
SIM1
SIM2
DEBUG 1 302
SIM1
SIM2
SIM3
SIM4
1
21
22
SIM5
SIM1
SIM2
SIM3
SIM4
1
21
22
SIM5
SIM1
SIM2
SIM3
SIM4
1
21
22
SIM5
SIM1
SIM2
SIM3
SIM4
1
21
22
SIM5
SIM1
SIM2
SIM3
SIM4
1
21
22
SIM5
SIM1
SIM2
SIM3
SIM4
1
21
22
SIM5
SIM1
SIM2
SIM3
SIM4
1
21
22
SIM5
SIM1
SIM2
SIM3
SIM4
1
21
22
SIM5
SIM1
SIM2
SIM3
SIM4
1
21
22
SIM5
SIM1
SIM2
SIM3
SIM4
1
21
22
SIM5
SIM1
SIM2
SIM3
SIM4
1
21
22
SIM5
SIM1
SIM2
SIM3
SIM4
1
21
22
SIM5
SIM1
SIM2
SIM3
SIM4
1
21
22
SIM5
SIM1
SIM2
SIM3
SIM4
1
21
22
SIM5
SIM1
SIM2
SIM3
SIM4
1
21
22
SIM5
SIM1
SIM2
SIM3
SIM4
1
21
22
SIM5
SIM1
SIM2
SIM3
SIM4
1
21
22
SIM5
SIM1
SIM2
SIM3
SIM4
1
21
22
SIM5
SIM1
SIM2
SIM3
SIM4
1
21
22
SIM5
SIM1
SIM2
SIM3
SIM4
1
21
22
SIM5
SIM1
SIM2
SIM3
SIM4
1
21
22
SIM5
SIM1
SIM2
SIM3
SIM4
1
21
22
SIM5
SIM1
SIM2
SIM3
SIM4
1
21
22
SIM5
SIM1
SIM2
SIM3
SIM4
1
21
22
SIM5
SIM1
SIM2
SIM3
SIM4
1
21
22
SIM5
SIM1
SIM2
SIM3
SIM4
1
21
22
SIM5
SIM1
SIM2
SIM3
SIM4
1
21
22
SIM5
SIM1
SIM2
SIM3
SIM4
1
21
22
SIM5
SIM1
SIM2
SIM3
SIM4
1
21
22
SIM5
SIM1
SIM2
SIM3
SIM4
1
21
22
SIM5
SIM1
SIM2
SIM3
SIM4
1
21
22
SIM5
SIM1
SIM2
SIM3
SIM4
1
21
22
SIM5
SIM1
SIM2
SIM3
SIM4
1
21
22
SIM5
SIM1
SIM2
SIM3
SIM4
1
21
22
SIM5
SIM1
SIM2
SIM3
SIM4
1
21
22
SIM5
SIM1
SIM2
SIM3
SIM4
1
21
22
SIM5
SIM1
SIM2
SIM3
SIM4
1
21
22
SIM5
SIM1
SIM2
SIM3
SIM4
1
21
22
SIM5
SIM1
SIM2
SIM3
SIM4
1
21
22
SIM5
SIM1
SIM2
SIM3
SIM4
1
21
22
SIM5
SIM1
SIM2
SIM3
SIM4
1
21
22
SIM5
SIM1
SIM2
SIM3
SIM4
1
21
22
SIM5
SIM1
SIM2
SIM3
SIM4
1
21
22
SIM5
SIM1
SIM2
SIM3
SIM4
1
21
22
SIM5
SIM1
SIM2
SIM3
SIM4
1
21
22
SIM5
SIM1
SIM2
SIM3
SIM4
1
21
22
SIM5
SIM1
SIM2
SIM3
SIM4
1
21
22
SIM5
SIM1
SIM2
SIM3
SIM4
1
21
22
SIM5
SIM1
SIM2
SIM3
SIM4
1
21
22
SIM5
SIM1
SIM2
SIM3
SIM4
1
21
22
SIM5
SIM1
SIM2
SIM3
SIM4
1
21
22
SIM5
SIM1
SIM2
SIM3
SIM4
1
21
22
SIM5
SIM1
SIM2
SIM3
SIM4
1
21
22
SIM5
SIM1
SIM2
SIM3
SIM4
1
21
22
SIM5
SIM1
SIM2
SIM3
SIM4
1
21
22
SIM5
SIM1
SIM2
SIM3
SIM4
1
21
22
SIM5
SIM1
SIM2
SIM3
SIM4
1
21
22
SIM5
SIM1
SIM2
SIM3
SIM4
1
21
22
SIM5
SIM1
SIM2
SIM3
SIM4
1
21
22
SIM5
SIM1
SIM2
SIM3
SIM4
1
21
22
SIM5
SIM1
SIM2
SIM3
SIM4
1
21
22
SIM5
SIM1
SIM2
SIM3
SIM4
1
21
22
SIM5
SIM1
SIM2
SIM3
SIM4
1
21
22
SIM5
SIM1
SIM2
SIM3
SIM4
1
21
22
SIM5
SIM1
SIM2
SIM3
SIM4
1
21
22
SIM5
SIM1
SIM2
SIM3
SIM4
1
21
22
SIM5
SIM1
SIM2
SIM3
SIM4
1
21
22
SIM5
SIM1
SIM2
SIM3
SIM4
1
21
22
SIM5
SIM1
SIM2
SIM3
SIM4
1
21
22
SIM5
SIM1
SIM2
SIM3
SIM4
1
21
22
SIM5
SIM1
SIM2
SIM3
SIM4
1
21
22
SIM5
SIM1
SIM2
SIM3
SIM4
1
21
22
SIM5
SIM1
SIM2
SIM3
SIM4
1
21
22
SIM5
SIM1
SIM2
SIM3
SIM4
1
21
22
SIM5
SIM1
SIM2
SIM3
SIM4
1
21
22
SIM5
SIM1
SIM2
SIM3
SIM4
1
21
22
SIM5
SIM1
SIM2
SIM3
SIM4
1
21
22
SIM5
SIM1
SIM2
SIM3
SIM4
1
21
22
SIM5
SIM1
SIM2
SIM3
SIM4
1
21
22
SIM5
SIM1
SIM2
SIM3
SIM4
1
21
22
SIM5
SIM1
SIM2
SIM3
SIM4
1
21
22
SIM5
SIM1
SIM2
SIM3
SIM4
1
21
22
SIM5
SIM1
SIM2
SIM3
SIM4
1
21
22
SIM5
SIM1
SIM2
SIM3
SIM4
1
21
22
SIM5
SIM1
SIM2
SIM3
SIM4
1
21
22
SIM5
SIM1
SIM2
SIM3
SIM4
1
21
22
SIM5
SIM1
SIM2
SIM3
SIM4
1
21
22
SIM5
SIM1
SIM2
SIM3
SIM4
1
21
22
SIM5
SIM1
SIM2
SIM3
SIM4
1
21
22
SIM5
SIM1
SIM2
SIM3
SIM4
1
21
22
SIM5
SIM1
SIM2
SIM3
SIM4
1
21
22
SIM5
SIM1
SIM2
SIM3
SIM4
1
21
22
SIM5
SIM1
SIM2
SIM3
SIM4
1
21
22
SIM5
SIM1
SIM2
SIM3
SIM4
1
21
22
SIM5
SIM1
SIM2
SIM3
SIM4
1
21
22
SIM5
SIM1
SIM2
SIM3
SIM4
1
21
22
SIM5
SIM1
SIM2
SIM3
SIM4
1
21
22
SIM5
SIM1
SIM2
SIM3
SIM4
1
21
22
SIM5
SIM1
SIM2
SIM3
SIM4
1
21
22
SIM5
SIM1
SIM2
SIM3
SIM4
1
21
22
SIM5
SIM1
SIM2
SIM3
SIM4
1
21
22
SIM5
SIM1
SIM2
SIM3
SIM4
1
21
22
SIM5
SIM1
SIM2
SIM3
SIM4
1
21
22
SIM5
SIM1
SIM2
SIM3
SIM4
1
21
22
SIM5
SIM1
SIM2
SIM3
SIM4
1
21
22
SIM5
SIM1
SIM2
SIM3
SIM4
1
21
22
SIM5
SIM1
SIM2
SIM3
SIM4
1
21
22
SIM5
SIM1
SIM2
SIM3
SIM4
1
21
22
SIM5
SIM1
SIM2
SIM3
SIM4
1
21
22
SIM5
SIM1
SIM2
SIM3
SIM4
1
21
22
SIM5
SIM1
SIM2
SIM3
SIM4
1
21
22
SIM5
SIM1
SIM2
SIM3
SIM4
1
21
22
SIM5
SIM1
SIM2
SIM3
SIM4
1
21
22
SIM5
SIM1
SIM2
SIM3
SIM4
1
21
22
SIM5
SIM1
SIM2
SIM3
SIM4
1
21
22
SIM5
SIM1
SIM2
SIM3
SIM4
1
21
22
SIM5
SIM1
SIM2
SIM3
SIM4
1
21
22
SIM5
SIM1
SIM2
SIM3
SIM4
1
21
22
SIM5
SIM1
SIM2
SIM3
SIM4
1
21
22
SIM5
SIM1
SIM2
SIM3
SIM4
1
21
22
SIM5
SIM1
SIM2
SIM3
SIM4
1
21
22
SIM5
SIM1
SIM2
SIM3
SIM4
1
21
22
SIM5
SIM1
SIM2
SIM3
SIM4
1
21
22
SIM5
SIM1
SIM2
SIM3
SIM4
1
21
22
SIM5
SIM1
SIM2
SIM3
SIM4
1
21
22
SIM5
SIM1
SIM2
SIM3
SIM4
1
21
22
SIM5
SIM1
SIM2
SIM3
SIM4
1
21
22
SIM5
SIM1
SIM2
SIM3
SIM4
1
21
22
SIM5
SIM1
SIM2
SIM3
SIM4
1
21
22
SIM5
SIM1
SIM2
SIM3
SIM4
1
21
22
SIM5
SIM1
SIM2
SIM3
SIM4
1
21
22
SIM5
SIM1
SIM2
SIM3
SIM4
1
21
22
SIM5
SIM1
SIM2
SIM3
SIM4
1
21
22
SIM5
SIM1
SIM2
SIM3
SIM4
1
21
22
SIM5
SIM1
SIM2
SIM3
SIM4
1
21
22
SIM5
SIM1
SIM2
DEBUG 1 303
SIM1
SIM2
SIM3
SIM4
1
21
22
SIM5
SIM1
SIM2
SIM3
SIM4
1
21
22
SIM5
SIM1
SIM2
SIM3
SIM4
1
21
22
SIM5
SIM1
SIM2
SIM3
SIM4
1
21
22
SIM5
SIM1
SIM2
SIM3
SIM4
1
21
22
SIM5
SIM1
SIM2
SIM3
SIM4
1
21
22
SIM5
SIM1
SIM2
SIM3
SIM4
1
21
22
SIM5
SIM1
SIM2
SIM3
SIM4
1
21
22
SIM5
SIM1
SIM2
SIM3
SIM4
1
21
22
SIM5
SIM1
SIM2
SIM3
SIM4
1
21
22
SIM5
SIM1
SIM2
SIM3
SIM4
1
21
22
SIM5
SIM1
SIM2
SIM3
SIM4
1
21
22
SIM5
SIM1
SIM2
SIM3
SIM4
1
21
22
SIM5
SIM1
SIM2
SIM3
SIM4
1
21
22
SIM5
SIM1
SIM2
SIM3
SIM4
1
21
22
SIM5
SIM1
SIM2
SIM3
SIM4
1
21
22
SIM5
SIM1
SIM2
SIM3
SIM4
1
21
22
SIM5
SIM1
SIM2
SIM3
SIM4
1
21
22
SIM5
SIM1
SIM2
SIM3
SIM4
1
21
22
SIM5
SIM1
SIM2
SIM3
SIM4
1
21
22
SIM5
SIM1
SIM2
SIM3
SIM4
1
21
22
SIM5
SIM1
SIM2
SIM3
SIM4
1
21
22
SIM5
SIM1
SIM2
SIM3
SIM4
1
21
22
SIM5
SIM1
SIM2
SIM3
SIM4
1
21
22
SIM5
SIM1
SIM2
SIM3
SIM4
1
21
22
SIM5
SIM1
SIM2
SIM3
SIM4
1
21
22
SIM5
SIM1
SIM2
SIM3
SIM4
1
21
22
SIM5
SIM1
SIM2
SIM3
SIM4
1
21
22
SIM5
SIM1
SIM2
SIM3
SIM4
1
21
22
SIM5
SIM1
SIM2
SIM3
SIM4
1
21
22
SIM5
SIM1
SIM2
SIM3
SIM4
1
21
22
SIM5
SIM1
SIM2
SIM3
SIM4
1
21
22
SIM5
SIM1
SIM2
SIM3
SIM4
1
21
22
SIM5
SIM1
SIM2
SIM3
SIM4
1
21
22
SIM5
SIM1
SIM2
SIM3
SIM4
1
21
22
SIM5
SIM1
SIM2
SIM3
SIM4
1
21
22
SIM5
SIM1
SIM2
SIM3
SIM4
1
21
22
SIM5
SIM1
SIM2
SIM3
SIM4
1
21
22
SIM5
SIM1
SIM2
SIM3
SIM4
1
21
22
SIM5
SIM1
SIM2
SIM3
SIM4
1
21
22
SIM5
SIM1
SIM2
SIM3
SIM4
1
21
22
SIM5
SIM1
SIM2
SIM3
SIM4
1
21
22
SIM5
SIM1
SIM2
SIM3
SIM4
1
21
22
SIM5
SIM1
SIM2
SIM3
SIM4
1
21
22
SIM5
SIM1
SIM2
SIM3
SIM4
1
21
22
SIM5
SIM1
SIM2
SIM3
SIM4
1
21
22
SIM5
SIM1
SIM2
SIM3
SIM4
1
21
22
SIM5
SIM1
SIM2
SIM3
SIM4
1
21
22
SIM5
SIM1
SIM2
SIM3
SIM4
1
21
22
SIM5
SIM1
SIM2
SIM3
SIM4
1
21
22
SIM5
SIM1
SIM2
SIM3
SIM4
1
21
22
SIM5
SIM1
SIM2
SIM3
SIM4
1
21
22
SIM5
SIM1
SIM2
SIM3
SIM4
1
21
22
SIM5
SIM1
SIM2
SIM3
SIM4
1
21
22
SIM5
SIM1
SIM2
SIM3
SIM4
1
21
22
SIM5
SIM1
SIM2
SIM3
SIM4
1
21
22
SIM5
SIM1
SIM2
SIM3
SIM4
1
21
22
SIM5
SIM1
SIM2
SIM3
SIM4
1
21
22
SIM5
SIM1
SIM2
SIM3
SIM4
1
21
22
SIM5
SIM1
SIM2
SIM3
SIM4
1
21
22
SIM5
SIM1
SIM2
SIM3
SIM4
1
21
22
SIM5
SIM1
SIM2
SIM3
SIM4
1
21
22
SIM5
SIM1
SIM2
SIM3
SIM4
1
21
22
SIM5
SIM1
SIM2
SIM3
SIM4
1
21
22
SIM5
SIM1
SIM2
SIM3
SIM4
1
21
22
SIM5
SIM1
SIM2
SIM3
SIM4
1
21
22
SIM5
SIM1
SIM2
SIM3
SIM4
1
21
22
SIM5
SIM1
SIM2
SIM3
SIM4
1
21
22
SIM5
SIM1
SIM2
SIM3
SIM4
1
21
22
SIM5
SIM1
SIM2
SIM3
SIM4
1
21
22
SIM5
SIM1
SIM2
SIM3
SIM4
1
21
22
SIM5
SIM1
SIM2
SIM3
SIM4
1
21
22
SIM5
SIM1
SIM2
SIM3
SIM4
1
21
22
SIM5
SIM1
SIM2
SIM3
SIM4
1
21
22
SIM5
SIM1
SIM2
SIM3
SIM4
1
21
22
SIM5
SIM1
SIM2
SIM3
SIM4
1
21
22
SIM5
SIM1
SIM2
SIM3
SIM4
1
21
22
SIM5
SIM1
SIM2
SIM3
SIM4
1
21
22
SIM5
SIM1
SIM2
SIM3
SIM4
1
21
22
SIM5
SIM1
SIM2
SIM3
SIM4
1
21
22
SIM5
SIM1
SIM2
SIM3
SIM4
1
21
22
SIM5
SIM1
SIM2
SIM3
SIM4
1
21
22
SIM5
SIM1
SIM2
SIM3
SIM4
1
21
22
SIM5
SIM1
SIM2
SIM3
SIM4
1
21
22
SIM5
SIM1
SIM2
SIM3
SIM4
1
21
22
SIM5
SIM1
SIM2
SIM3
SIM4
1
21
22
SIM5
SIM1
SIM2
SIM3
SIM4
1
21
22
SIM5
SIM1
SIM2
SIM3
SIM4
1
21
22
SIM5
SIM1
SIM2
SIM3
SIM4
1
21
22
SIM5
SIM1
SIM2
SIM3
SIM4
1
21
22
SIM5
SIM1
SIM2
SIM3
SIM4
1
21
22
SIM5
SIM1
SIM2
SIM3
SIM4
1
21
22
SIM5
SIM1
SIM2
SIM3
SIM4
1
21
22
SIM5
SIM1
SIM2
SIM3
SIM4
1
21
22
SIM5
SIM1
SIM2
SIM3
SIM4
1
21
22
SIM5
SIM1
SIM2
SIM3
SIM4
1
21
22
SIM5
SIM1
SIM2
SIM3
SIM4
1
21
22
SIM5
SIM1
SIM2
SIM3
SIM4
1
21
22
SIM5
SIM1
SIM2
SIM3
SIM4
1
21
22
SIM5
SIM1
SIM2
SIM3
SIM4
1
21
22
SIM5
SIM1
SIM2
SIM3
SIM4
1
21
22
SIM5
SIM1
SIM2
SIM3
SIM4
1
21
22
SIM5
SIM1
SIM2
SIM3
SIM4
1
21
22
SIM5
SIM1
SIM2
SIM3
SIM4
1
21
22
SIM5
SIM1
SIM2
SIM3
SIM4
1
21
22
SIM5
SIM1
SIM2
SIM3
SIM4
1
21
22
SIM5
SIM1
SIM2
SIM3
SIM4
1
21
22
SIM5
SIM1
SIM2
SIM3
SIM4
1
21
22
SIM5
SIM1
SIM2
SIM3
SIM4
1
21
22
SIM5
SIM1
SIM2
SIM3
SIM4
1
21
22
SIM5
SIM1
SIM2
SIM3
SIM4
1
21
22
SIM5
SIM1
SIM2
SIM3
SIM4
1
21
22
SIM5
SIM1
SIM2
SIM3
SIM4
1
21
22
SIM5
SIM1
SIM2
SIM3
SIM4
1
21
22
SIM5
SIM1
SIM2
SIM3
SIM4
1
21
22
SIM5
SIM1
SIM2
SIM3
SIM4
1
21
22
SIM5
SIM1
SIM2
SIM3
SIM4
1
21
22
SIM5
SIM1
SIM2
SIM3
SIM4
1
21
22
SIM5
SIM1
SIM2
SIM3
SIM4
1
21
22
SIM5
SIM1
SIM2
SIM3
SIM4
1
21
22
SIM5
SIM1
SIM2
SIM3
SIM4
1
21
22
SIM5
SIM1
SIM2
SIM3
SIM4
1
21
22
SIM5
SIM1
SIM2
SIM3
SIM4
1
21
22
SIM5
SIM1
SIM2
SIM3
SIM4
1
21
22
SIM5
SIM1
SIM2
SIM3
SIM4
1
21
22
SIM5
SIM1
SIM2
SIM3
SIM4
1
21
22
SIM5
SIM1
SIM2
SIM3
SIM4
1
21
22
SIM5
SIM1
SIM2
SIM3
SIM4
1
21
22
SIM5
SIM1
SIM2
SIM3
SIM4
1
21
22
SIM5
SIM1
SIM2
SIM3
SIM4
1
21
22
SIM5
SIM1
SIM2
SIM3
SIM4
1
21
22
SIM5
SIM1
SIM2
SIM3
SIM4
1
21
22
SIM5
SIM1
SIM2
SIM3
SIM4
1
21
22
SIM5
SIM1
SIM2
SIM3
SIM4
1
21
22
SIM5
SIM1
SIM2
SIM3
SIM4
1
21
22
SIM5
SIM1
SIM2
SIM3
SIM4
1
21
22
SIM5
SIM1
SIM2
SIM3
SIM4
1
21
22
SIM5
SIM1
SIM2
SIM3
SIM4
1
21
22
SIM5
SIM1
SIM2
SIM3
SIM4
1
21
22
SIM5
SIM1
SIM2
SIM3
SIM4
1
21
22
SIM5
SIM1
SIM2
SIM3
SIM4
1
21
22
SIM5
SIM1
SIM2
SIM3
SIM4
1
21
22
SIM5
SIM1
SIM2
SIM3
SIM4
1
21
22
SIM5
SIM1
SIM2
SIM3
SIM4
1
21
22
SIM5
SIM1
SIM2
SIM3
SIM4
1
21
22
SIM5
SIM1
SIM2
SIM3
SIM4
1
21
22
SIM5
SIM1
SIM2
SIM3
SIM4
1
21
22
SIM5
SIM1
SIM2
SIM3
SIM4
1
21
22
SIM5
SIM1
SIM2
SIM3
SIM4
1
21
22
SIM5
SIM1
SIM2
SIM3
SIM4
1
21
22
SIM5
SIM1
SIM2
SIM3
SIM4
1
21
22
SIM5
SIM1
SIM2
SIM3
SIM4
1
21
22
SIM5
SIM1
SIM2
SIM3
SIM4
1
21
22
SIM5
SIM1
SIM2
SIM3
SIM4
1
21
22
SIM5
SIM1
SIM2
SIM3
SIM4
1
21
22
SIM5
SIM1
SIM2
SIM3
SIM4
1
21
22
SIM5
SIM1
SIM2
SIM3
SIM4
1
21
22
SIM5
SIM1
SIM2
SIM3
SIM4
1
21
22
SIM5
SIM1
SIM2
SIM3
SIM4
1
21
22
SIM5
SIM1
SIM2
SIM3
SIM4
1
21
22
SIM5
SIM1
SIM2
SIM3
SIM4
1
21
22
SIM5
SIM1
SIM2
SIM3
SIM4
1
21
22
SIM5
SIM1
SIM2
SIM3
SIM4
1
21
22
SIM5
SIM1
SIM2
SIM3
SIM4
1
21
22
SIM5
SIM1
SIM2
SIM3
SIM4
1
21
22
SIM5
SIM1
SIM2
SIM3
SIM4
1
21
22
SIM5
SIM1
SIM2
SIM3
SIM4
1
21
22
SIM5
SIM1
SIM2
SIM3
SIM4
1
21
22
SIM5
SIM1
SIM2
SIM3
SIM4
1
21
22
SIM5
SIM1
SIM2
SIM3
SIM4
1
21
22
SIM5
SIM1
SIM2
DEBUG 1 304
SIM1
SIM2
SIM3
SIM4
1
21
22
SIM5
SIM1
SIM2
SIM3
SIM4
1
21
22
SIM5
SIM1
SIM2
SIM3
SIM4
1
21
22
SIM5
SIM1
SIM2
SIM3
SIM4
1
21
22
SIM5
SIM1
SIM2
SIM3
SIM4
1
21
22
SIM5
SIM1
SIM2
SIM3
SIM4
1
21
22
SIM5
SIM1
SIM2
SIM3
SIM4
1
21
22
SIM5
SIM1
SIM2
SIM3
SIM4
1
21
22
SIM5
SIM1
SIM2
SIM3
SIM4
1
21
22
SIM5
SIM1
SIM2
SIM3
SIM4
1
21
22
SIM5
SIM1
SIM2
SIM3
SIM4
1
21
22
SIM5
SIM1
SIM2
SIM3
SIM4
1
21
22
SIM5
SIM1
SIM2
SIM3
SIM4
1
21
22
SIM5
SIM1
SIM2
SIM3
SIM4
1
21
22
SIM5
SIM1
SIM2
SIM3
SIM4
1
21
22
SIM5
SIM1
SIM2
SIM3
SIM4
1
21
22
SIM5
SIM1
SIM2
SIM3
SIM4
1
21
22
SIM5
SIM1
SIM2
SIM3
SIM4
1
21
22
SIM5
SIM1
SIM2
SIM3
SIM4
1
21
22
SIM5
SIM1
SIM2
SIM3
SIM4
1
21
22
SIM5
SIM1
SIM2
SIM3
SIM4
1
21
22
SIM5
SIM1
SIM2
SIM3
SIM4
1
21
22
SIM5
SIM1
SIM2
SIM3
SIM4
1
21
22
SIM5
SIM1
SIM2
SIM3
SIM4
1
21
22
SIM5
SIM1
SIM2
SIM3
SIM4
1
21
22
SIM5
SIM1
SIM2
SIM3
SIM4
1
21
22
SIM5
SIM1
SIM2
SIM3
SIM4
1
21
22
SIM5
SIM1
SIM2
SIM3
SIM4
1
21
22
SIM5
SIM1
SIM2
SIM3
SIM4
1
21
22
SIM5
SIM1
SIM2
SIM3
SIM4
1
21
22
SIM5
SIM1
SIM2
SIM3
SIM4
1
21
22
SIM5
SIM1
SIM2
SIM3
SIM4
1
21
22
SIM5
SIM1
SIM2
SIM3
SIM4
1
21
22
SIM5
SIM1
SIM2
SIM3
SIM4
1
21
22
SIM5
SIM1
SIM2
SIM3
SIM4
1
21
22
SIM5
SIM1
SIM2
SIM3
SIM4
1
21
22
SIM5
SIM1
SIM2
SIM3
SIM4
1
21
22
SIM5
SIM1
SIM2
SIM3
SIM4
1
21
22
SIM5
SIM1
SIM2
SIM3
SIM4
1
21
22
SIM5
SIM1
SIM2
SIM3
SIM4
1
21
22
SIM5
SIM1
SIM2
SIM3
SIM4
1
21
22
SIM5
SIM1
SIM2
SIM3
SIM4
1
21
22
SIM5
SIM1
SIM2
SIM3
SIM4
1
21
22
SIM5
SIM1
SIM2
SIM3
SIM4
1
21
22
SIM5
SIM1
SIM2
SIM3
SIM4
1
21
22
SIM5
SIM1
SIM2
SIM3
SIM4
1
21
22
SIM5
SIM1
SIM2
SIM3
SIM4
1
21
22
SIM5
SIM1
SIM2
SIM3
SIM4
1
21
22
SIM5
SIM1
SIM2
SIM3
SIM4
1
21
22
SIM5
SIM1
SIM2
SIM3
SIM4
1
21
22
SIM5
SIM1
SIM2
SIM3
SIM4
1
21
22
SIM5
SIM1
SIM2
SIM3
SIM4
1
21
22
SIM5
SIM1
SIM2
SIM3
SIM4
1
21
22
SIM5
SIM1
SIM2
SIM3
SIM4
1
21
22
SIM5
SIM1
SIM2
SIM3
SIM4
1
21
22
SIM5
SIM1
SIM2
SIM3
SIM4
1
21
22
SIM5
SIM1
SIM2
SIM3
SIM4
1
21
22
SIM5
SIM1
SIM2
SIM3
SIM4
1
21
22
SIM5
SIM1
SIM2
SIM3
SIM4
1
21
22
SIM5
SIM1
SIM2
SIM3
SIM4
1
21
22
SIM5
SIM1
SIM2
SIM3
SIM4
1
21
22
SIM5
SIM1
SIM2
SIM3
SIM4
1
21
22
SIM5
SIM1
SIM2
SIM3
SIM4
1
21
22
SIM5
SIM1
SIM2
SIM3
SIM4
1
21
22
SIM5
SIM1
SIM2
SIM3
SIM4
1
21
22
SIM5
SIM1
SIM2
SIM3
SIM4
1
21
22
SIM5
SIM1
SIM2
SIM3
SIM4
1
21
22
SIM5
SIM1
SIM2
SIM3
SIM4
1
21
22
SIM5
SIM1
SIM2
SIM3
SIM4
1
21
22
SIM5
SIM1
SIM2
SIM3
SIM4
1
21
22
SIM5
SIM1
SIM2
SIM3
SIM4
1
21
22
SIM5
SIM1
SIM2
SIM3
SIM4
1
21
22
SIM5
SIM1
SIM2
SIM3
SIM4
1
21
22
SIM5
SIM1
SIM2
SIM3
SIM4
1
21
22
SIM5
SIM1
SIM2
SIM3
SIM4
1
21
22
SIM5
SIM1
SIM2
SIM3
SIM4
1
21
22
SIM5
SIM1
SIM2
SIM3
SIM4
1
21
22
SIM5
SIM1
SIM2
SIM3
SIM4
1
21
22
SIM5
SIM1
SIM2
SIM3
SIM4
1
21
22
SIM5
SIM1
SIM2
SIM3
SIM4
1
21
22
SIM5
SIM1
SIM2
SIM3
SIM4
1
21
22
SIM5
SIM1
SIM2
SIM3
SIM4
1
21
22
SIM5
SIM1
SIM2
SIM3
SIM4
1
21
22
SIM5
SIM1
SIM2
SIM3
SIM4
1
21
22
SIM5
SIM1
SIM2
SIM3
SIM4
1
21
22
SIM5
SIM1
SIM2
SIM3
SIM4
1
21
22
SIM5
SIM1
SIM2
SIM3
SIM4
1
21
22
SIM5
SIM1
SIM2
SIM3
SIM4
1
21
22
SIM5
SIM1
SIM2
SIM3
SIM4
1
21
22
SIM5
SIM1
SIM2
SIM3
SIM4
1
21
22
SIM5
SIM1
SIM2
SIM3
SIM4
1
21
22
SIM5
SIM1
SIM2
SIM3
SIM4
1
21
22
SIM5
SIM1
SIM2
SIM3
SIM4
1
21
22
SIM5
SIM1
SIM2
SIM3
SIM4
1
21
22
SIM5
SIM1
SIM2
SIM3
SIM4
1
21
22
SIM5
SIM1
SIM2
SIM3
SIM4
1
21
22
SIM5
SIM1
SIM2
SIM3
SIM4
1
21
22
SIM5
SIM1
SIM2
SIM3
SIM4
1
21
22
SIM5
SIM1
SIM2
SIM3
SIM4
1
21
22
SIM5
SIM1
SIM2
SIM3
SIM4
1
21
22
SIM5
SIM1
SIM2
SIM3
SIM4
1
21
22
SIM5
SIM1
SIM2
SIM3
SIM4
1
21
22
SIM5
SIM1
SIM2
SIM3
SIM4
1
21
22
SIM5
SIM1
SIM2
SIM3
SIM4
1
21
22
SIM5
SIM1
SIM2
SIM3
SIM4
1
21
22
SIM5
SIM1
SIM2
SIM3
SIM4
1
21
22
SIM5
SIM1
SIM2
SIM3
SIM4
1
21
22
SIM5
SIM1
SIM2
SIM3
SIM4
1
21
22
SIM5
SIM1
SIM2
SIM3
SIM4
1
21
22
SIM5
SIM1
SIM2
SIM3
SIM4
1
21
22
SIM5
SIM1
SIM2
SIM3
SIM4
1
21
22
SIM5
SIM1
SIM2
SIM3
SIM4
1
21
22
SIM5
SIM1
SIM2
SIM3
SIM4
1
21
22
SIM5
SIM1
SIM2
SIM3
SIM4
1
21
22
SIM5
SIM1
SIM2
SIM3
SIM4
1
21
22
SIM5
SIM1
SIM2
SIM3
SIM4
1
21
22
SIM5
SIM1
SIM2
SIM3
SIM4
1
21
22
SIM5
SIM1
SIM2
SIM3
SIM4
1
21
22
SIM5
SIM1
SIM2
SIM3
SIM4
1
21
22
SIM5
SIM1
SIM2
SIM3
SIM4
1
21
22
SIM5
SIM1
SIM2
SIM3
SIM4
1
21
22
SIM5
SIM1
SIM2
SIM3
SIM4
1
21
22
SIM5
SIM1
SIM2
SIM3
SIM4
1
21
22
SIM5
SIM1
SIM2
SIM3
SIM4
1
21
22
SIM5
SIM1
SIM2
SIM3
SIM4
1
21
22
SIM5
SIM1
SIM2
SIM3
SIM4
1
21
22
SIM5
SIM1
SIM2
SIM3
SIM4
1
21
22
SIM5
SIM1
SIM2
SIM3
SIM4
1
21
22
SIM5
SIM1
SIM2
SIM3
SIM4
1
21
22
SIM5
SIM1
SIM2
SIM3
SIM4
1
21
22
SIM5
SIM1
SIM2
SIM3
SIM4
1
21
22
SIM5
SIM1
SIM2
SIM3
SIM4
1
21
22
SIM5
SIM1
SIM2
SIM3
SIM4
1
21
22
SIM5
SIM1
SIM2
SIM3
SIM4
1
21
22
SIM5
SIM1
SIM2
SIM3
SIM4
1
21
22
SIM5
SIM1
SIM2
SIM3
SIM4
1
21
22
SIM5
SIM1
SIM2
SIM3
SIM4
1
21
22
SIM5
SIM1
SIM2
SIM3
SIM4
1
21
22
SIM5
SIM1
SIM2
SIM3
SIM4
1
21
22
SIM5
SIM1
SIM2
SIM3
SIM4
1
21
22
SIM5
SIM1
SIM2
SIM3
SIM4
1
21
22
SIM5
SIM1
SIM2
SIM3
SIM4
1
21
22
SIM5
SIM1
SIM2
SIM3
SIM4
1
21
22
SIM5
SIM1
SIM2
SIM3
SIM4
1
21
22
SIM5
SIM1
SIM2
SIM3
SIM4
1
21
22
SIM5
SIM1
SIM2
SIM3
SIM4
1
21
22
SIM5
SIM1
SIM2
SIM3
SIM4
1
21
22
SIM5
SIM1
SIM2
SIM3
SIM4
1
21
22
SIM5
SIM1
SIM2
SIM3
SIM4
1
21
22
SIM5
SIM1
SIM2
SIM3
SIM4
1
21
22
SIM5
SIM1
SIM2
SIM3
SIM4
1
21
22
SIM5
SIM1
SIM2
SIM3
SIM4
1
21
22
SIM5
SIM1
SIM2
SIM3
SIM4
1
21
22
SIM5
SIM1
SIM2
SIM3
SIM4
1
21
22
SIM5
SIM1
SIM2
SIM3
SIM4
1
21
22
SIM5
SIM1
SIM2
SIM3
SIM4
1
21
22
SIM5
SIM1
SIM2
SIM3
SIM4
1
21
22
SIM5
SIM1
SIM2
DEBUG 1 305
SIM1
SIM2
SIM3
SIM4
1
21
22
SIM5
SIM1
SIM2
SIM3
SIM4
1
21
22
SIM5
SIM1
SIM2
SIM3
SIM4
1
21
22
SIM5
SIM1
SIM2
SIM3
SIM4
1
21
22
SIM5
SIM1
SIM2
SIM3
SIM4
1
21
22
SIM5
SIM1
SIM2
SIM3
SIM4
1
21
22
SIM5
SIM1
SIM2
SIM3
SIM4
1
21
22
SIM5
SIM1
SIM2
SIM3
SIM4
1
21
22
SIM5
SIM1
SIM2
SIM3
SIM4
1
21
22
SIM5
SIM1
SIM2
SIM3
SIM4
1
21
22
SIM5
SIM1
SIM2
SIM3
SIM4
1
21
22
SIM5
SIM1
SIM2
SIM3
SIM4
1
21
22
SIM5
SIM1
SIM2
SIM3
SIM4
1
21
22
SIM5
SIM1
SIM2
SIM3
SIM4
1
21
22
SIM5
SIM1
SIM2
SIM3
SIM4
1
21
22
SIM5
SIM1
SIM2
SIM3
SIM4
1
21
22
SIM5
SIM1
SIM2
SIM3
SIM4
1
21
22
SIM5
SIM1
SIM2
SIM3
SIM4
1
21
22
SIM5
SIM1
SIM2
SIM3
SIM4
1
21
22
SIM5
SIM1
SIM2
SIM3
SIM4
1
21
22
SIM5
SIM1
SIM2
SIM3
SIM4
1
21
22
SIM5
SIM1
SIM2
SIM3
SIM4
1
21
22
SIM5
SIM1
SIM2
SIM3
SIM4
1
21
22
SIM5
SIM1
SIM2
SIM3
SIM4
1
21
22
SIM5
SIM1
SIM2
SIM3
SIM4
1
21
22
SIM5
SIM1
SIM2
SIM3
SIM4
1
21
22
SIM5
SIM1
SIM2
SIM3
SIM4
1
21
22
SIM5
SIM1
SIM2
SIM3
SIM4
1
21
22
SIM5
SIM1
SIM2
SIM3
SIM4
1
21
22
SIM5
SIM1
SIM2
SIM3
SIM4
1
21
22
SIM5
SIM1
SIM2
SIM3
SIM4
1
21
22
SIM5
SIM1
SIM2
SIM3
SIM4
1
21
22
SIM5
SIM1
SIM2
SIM3
SIM4
1
21
22
SIM5
SIM1
SIM2
SIM3
SIM4
1
21
22
SIM5
SIM1
SIM2
SIM3
SIM4
1
21
22
SIM5
SIM1
SIM2
SIM3
SIM4
1
21
22
SIM5
SIM1
SIM2
SIM3
SIM4
1
21
22
SIM5
SIM1
SIM2
SIM3
SIM4
1
21
22
SIM5
SIM1
SIM2
SIM3
SIM4
1
21
22
SIM5
SIM1
SIM2
SIM3
SIM4
1
21
22
SIM5
SIM1
SIM2
SIM3
SIM4
1
21
22
SIM5
SIM1
SIM2
SIM3
SIM4
1
21
22
SIM5
SIM1
SIM2
SIM3
SIM4
1
21
22
SIM5
SIM1
SIM2
SIM3
SIM4
1
21
22
SIM5
SIM1
SIM2
SIM3
SIM4
1
21
22
SIM5
SIM1
SIM2
SIM3
SIM4
1
21
22
SIM5
SIM1
SIM2
SIM3
SIM4
1
21
22
SIM5
SIM1
SIM2
SIM3
SIM4
1
21
22
SIM5
SIM1
SIM2
SIM3
SIM4
1
21
22
SIM5
SIM1
SIM2
SIM3
SIM4
1
21
22
SIM5
SIM1
SIM2
SIM3
SIM4
1
21
22
SIM5
SIM1
SIM2
SIM3
SIM4
1
21
22
SIM5
SIM1
SIM2
SIM3
SIM4
1
21
22
SIM5
SIM1
SIM2
SIM3
SIM4
1
21
22
SIM5
SIM1
SIM2
SIM3
SIM4
1
21
22
SIM5
SIM1
SIM2
SIM3
SIM4
1
21
22
SIM5
SIM1
SIM2
SIM3
SIM4
1
21
22
SIM5
SIM1
SIM2
SIM3
SIM4
1
21
22
SIM5
SIM1
SIM2
SIM3
SIM4
1
21
22
SIM5
SIM1
SIM2
SIM3
SIM4
1
21
22
SIM5
SIM1
SIM2
SIM3
SIM4
1
21
22
SIM5
SIM1
SIM2
SIM3
SIM4
1
21
22
SIM5
SIM1
SIM2
SIM3
SIM4
1
21
22
SIM5
SIM1
SIM2
SIM3
SIM4
1
21
22
SIM5
SIM1
SIM2
SIM3
SIM4
1
21
22
SIM5
SIM1
SIM2
SIM3
SIM4
1
21
22
SIM5
SIM1
SIM2
SIM3
SIM4
1
21
22
SIM5
SIM1
SIM2
SIM3
SIM4
1
21
22
SIM5
SIM1
SIM2
SIM3
SIM4
1
21
22
SIM5
SIM1
SIM2
SIM3
SIM4
1
21
22
SIM5
SIM1
SIM2
SIM3
SIM4
1
21
22
SIM5
SIM1
SIM2
SIM3
SIM4
1
21
22
SIM5
SIM1
SIM2
SIM3
SIM4
1
21
22
SIM5
SIM1
SIM2
SIM3
SIM4
1
21
22
SIM5
SIM1
SIM2
SIM3
SIM4
1
21
22
SIM5
SIM1
SIM2
SIM3
SIM4
1
21
22
SIM5
SIM1
SIM2
SIM3
SIM4
1
21
22
SIM5
SIM1
SIM2
SIM3
SIM4
1
21
22
SIM5
SIM1
SIM2
SIM3
SIM4
1
21
22
SIM5
SIM1
SIM2
SIM3
SIM4
1
21
22
SIM5
SIM1
SIM2
SIM3
SIM4
1
21
22
SIM5
SIM1
SIM2
SIM3
SIM4
1
21
22
SIM5
SIM1
SIM2
SIM3
SIM4
1
21
22
SIM5
SIM1
SIM2
SIM3
SIM4
1
21
22
SIM5
SIM1
SIM2
SIM3
SIM4
1
21
22
SIM5
SIM1
SIM2
SIM3
SIM4
1
21
22
SIM5
SIM1
SIM2
SIM3
SIM4
1
21
22
SIM5
SIM1
SIM2
SIM3
SIM4
1
21
22
SIM5
SIM1
SIM2
SIM3
SIM4
1
21
22
SIM5
SIM1
SIM2
SIM3
SIM4
1
21
22
SIM5
SIM1
SIM2
SIM3
SIM4
1
21
22
SIM5
SIM1
SIM2
SIM3
SIM4
1
21
22
SIM5
SIM1
SIM2
SIM3
SIM4
1
21
22
SIM5
SIM1
SIM2
SIM3
SIM4
1
21
22
SIM5
SIM1
SIM2
SIM3
SIM4
1
21
22
SIM5
SIM1
SIM2
SIM3
SIM4
1
21
22
SIM5
SIM1
SIM2
SIM3
SIM4
1
21
22
SIM5
SIM1
SIM2
SIM3
SIM4
1
21
22
SIM5
SIM1
SIM2
SIM3
SIM4
1
21
22
SIM5
SIM1
SIM2
SIM3
SIM4
1
21
22
SIM5
SIM1
SIM2
SIM3
SIM4
1
21
22
SIM5
SIM1
SIM2
SIM3
SIM4
1
21
22
SIM5
SIM1
SIM2
SIM3
SIM4
1
21
22
SIM5
SIM1
SIM2
SIM3
SIM4
1
21
22
SIM5
SIM1
SIM2
SIM3
SIM4
1
21
22
SIM5
SIM1
SIM2
SIM3
SIM4
1
21
22
SIM5
SIM1
SIM2
SIM3
SIM4
1
21
22
SIM5
SIM1
SIM2
SIM3
SIM4
1
21
22
SIM5
SIM1
SIM2
SIM3
SIM4
1
21
22
SIM5
SIM1
SIM2
SIM3
SIM4
1
21
22
SIM5
SIM1
SIM2
SIM3
SIM4
1
21
22
SIM5
SIM1
SIM2
SIM3
SIM4
1
21
22
SIM5
SIM1
SIM2
SIM3
SIM4
1
21
22
SIM5
SIM1
SIM2
SIM3
SIM4
1
21
22
SIM5
SIM1
SIM2
SIM3
SIM4
1
21
22
SIM5
SIM1
SIM2
SIM3
SIM4
1
21
22
SIM5
SIM1
SIM2
SIM3
SIM4
1
21
22
SIM5
SIM1
SIM2
SIM3
SIM4
1
21
22
SIM5
SIM1
SIM2
SIM3
SIM4
1
21
22
SIM5
SIM1
SIM2
SIM3
SIM4
1
21
22
SIM5
SIM1
SIM2
SIM3
SIM4
1
21
22
SIM5
SIM1
SIM2
DEBUG 1 306
SIM1
SIM2
SIM3
SIM4
1
21
22
SIM5
SIM1
SIM2
SIM3
SIM4
1
21
22
SIM5
SIM1
SIM2
SIM3
SIM4
1
21
22
SIM5
SIM1
SIM2
SIM3
SIM4
1
21
22
SIM5
SIM1
SIM2
SIM3
SIM4
1
21
22
SIM5
SIM1
SIM2
SIM3
SIM4
1
21
22
SIM5
SIM1
SIM2
SIM3
SIM4
1
21
22
SIM5
SIM1
SIM2
SIM3
SIM4
1
21
22
SIM5
SIM1
SIM2
SIM3
SIM4
1
21
22
SIM5
SIM1
SIM2
SIM3
SIM4
1
21
22
SIM5
SIM1
SIM2
SIM3
SIM4
1
21
22
SIM5
SIM1
SIM2
SIM3
SIM4
1
21
22
SIM5
SIM1
SIM2
SIM3
SIM4
1
21
22
SIM5
SIM1
SIM2
SIM3
SIM4
1
21
22
SIM5
SIM1
SIM2
SIM3
SIM4
1
21
22
SIM5
SIM1
SIM2
SIM3
SIM4
1
21
22
SIM5
SIM1
SIM2
SIM3
SIM4
1
21
22
SIM5
SIM1
SIM2
SIM3
SIM4
1
21
22
SIM5
SIM1
SIM2
SIM3
SIM4
1
21
22
SIM5
SIM1
SIM2
SIM3
SIM4
1
21
22
SIM5
SIM1
SIM2
SIM3
SIM4
1
21
22
SIM5
SIM1
SIM2
SIM3
SIM4
1
21
22
SIM5
SIM1
SIM2
SIM3
SIM4
1
21
22
SIM5
SIM1
SIM2
SIM3
SIM4
1
21
22
SIM5
SIM1
SIM2
SIM3
SIM4
1
21
22
SIM5
SIM1
SIM2
SIM3
SIM4
1
21
22
SIM5
SIM1
SIM2
SIM3
SIM4
1
21
22
SIM5
SIM1
SIM2
SIM3
SIM4
1
21
22
SIM5
SIM1
SIM2
SIM3
SIM4
1
21
22
SIM5
SIM1
SIM2
SIM3
SIM4
1
21
22
SIM5
SIM1
SIM2
SIM3
SIM4
1
21
22
SIM5
SIM1
SIM2
SIM3
SIM4
1
21
22
SIM5
SIM1
SIM2
SIM3
SIM4
1
21
22
SIM5
SIM1
SIM2
SIM3
SIM4
1
21
22
SIM5
SIM1
SIM2
SIM3
SIM4
1
21
22
SIM5
SIM1
SIM2
SIM3
SIM4
1
21
22
SIM5
SIM1
SIM2
SIM3
SIM4
1
21
22
SIM5
SIM1
SIM2
SIM3
SIM4
1
21
22
SIM5
SIM1
SIM2
SIM3
SIM4
1
21
22
SIM5
SIM1
SIM2
SIM3
SIM4
1
21
22
SIM5
SIM1
SIM2
SIM3
SIM4
1
21
22
SIM5
SIM1
SIM2
SIM3
SIM4
1
21
22
SIM5
SIM1
SIM2
SIM3
SIM4
1
21
22
SIM5
SIM1
SIM2
SIM3
SIM4
1
21
22
SIM5
SIM1
SIM2
SIM3
SIM4
1
21
22
SIM5
SIM1
SIM2
SIM3
SIM4
1
21
22
SIM5
SIM1
SIM2
SIM3
SIM4
1
21
22
SIM5
SIM1
SIM2
SIM3
SIM4
1
21
22
SIM5
SIM1
SIM2
SIM3
SIM4
1
21
22
SIM5
SIM1
SIM2
SIM3
SIM4
1
21
22
SIM5
SIM1
SIM2
SIM3
SIM4
1
21
22
SIM5
SIM1
SIM2
SIM3
SIM4
1
21
22
SIM5
SIM1
SIM2
SIM3
SIM4
1
21
22
SIM5
SIM1
SIM2
SIM3
SIM4
1
21
22
SIM5
SIM1
SIM2
SIM3
SIM4
1
21
22
SIM5
SIM1
SIM2
SIM3
SIM4
1
21
22
SIM5
SIM1
SIM2
SIM3
SIM4
1
21
22
SIM5
SIM1
SIM2
SIM3
SIM4
1
21
22
SIM5
SIM1
SIM2
SIM3
SIM4
1
21
22
SIM5
SIM1
SIM2
SIM3
SIM4
1
21
22
SIM5
SIM1
SIM2
SIM3
SIM4
1
21
22
SIM5
SIM1
SIM2
SIM3
SIM4
1
21
22
SIM5
SIM1
SIM2
SIM3
SIM4
1
21
22
SIM5
SIM1
SIM2
SIM3
SIM4
1
21
22
SIM5
SIM1
SIM2
SIM3
SIM4
1
21
22
SIM5
SIM1
SIM2
SIM3
SIM4
1
21
22
SIM5
SIM1
SIM2
SIM3
SIM4
1
21
22
SIM5
SIM1
SIM2
SIM3
SIM4
1
21
22
SIM5
SIM1
SIM2
SIM3
SIM4
1
21
22
SIM5
SIM1
SIM2
SIM3
SIM4
1
21
22
SIM5
SIM1
SIM2
SIM3
SIM4
1
21
22
SIM5
SIM1
SIM2
SIM3
SIM4
1
21
22
SIM5
SIM1
SIM2
SIM3
SIM4
1
21
22
SIM5
SIM1
SIM2
SIM3
SIM4
1
21
22
SIM5
SIM1
SIM2
SIM3
SIM4
1
21
22
SIM5
SIM1
SIM2
SIM3
SIM4
1
21
22
SIM5
SIM1
SIM2
SIM3
SIM4
1
21
22
SIM5
SIM1
SIM2
SIM3
SIM4
1
21
22
SIM5
SIM1
SIM2
SIM3
SIM4
1
21
22
SIM5
SIM1
SIM2
SIM3
SIM4
1
21
22
SIM5
SIM1
SIM2
SIM3
SIM4
1
21
22
SIM5
SIM1
SIM2
SIM3
SIM4
1
21
22
SIM5
SIM1
SIM2
SIM3
SIM4
1
21
22
SIM5
SIM1
SIM2
SIM3
SIM4
1
21
22
SIM5
SIM1
SIM2
SIM3
SIM4
1
21
22
SIM5
SIM1
SIM2
SIM3
SIM4
1
21
22
SIM5
SIM1
SIM2
SIM3
SIM4
1
21
22
SIM5
SIM1
SIM2
SIM3
SIM4
1
21
22
SIM5
SIM1
SIM2
SIM3
SIM4
1
21
22
SIM5
SIM1
SIM2
SIM3
SIM4
1
21
22
SIM5
SIM1
SIM2
SIM3
SIM4
1
21
22
SIM5
SIM1
SIM2
SIM3
SIM4
1
21
22
SIM5
SIM1
SIM2
SIM3
SIM4
1
21
22
SIM5
SIM1
SIM2
SIM3
SIM4
1
21
22
SIM5
SIM1
SIM2
SIM3
SIM4
1
21
22
SIM5
SIM1
SIM2
SIM3
SIM4
1
21
22
SIM5
SIM1
SIM2
SIM3
SIM4
1
21
22
SIM5
SIM1
SIM2
SIM3
SIM4
1
21
22
SIM5
SIM1
SIM2
SIM3
SIM4
1
21
22
SIM5
SIM1
SIM2
SIM3
SIM4
1
21
22
SIM5
SIM1
SIM2
SIM3
SIM4
1
21
22
SIM5
SIM1
SIM2
SIM3
SIM4
1
21
22
SIM5
SIM1
SIM2
SIM3
SIM4
1
21
22
SIM5
SIM1
SIM2
SIM3
SIM4
1
21
22
SIM5
SIM1
SIM2
SIM3
SIM4
1
21
22
SIM5
SIM1
SIM2
SIM3
SIM4
1
21
22
SIM5
SIM1
SIM2
SIM3
SIM4
1
21
22
SIM5
SIM1
SIM2
SIM3
SIM4
1
21
22
SIM5
SIM1
SIM2
SIM3
SIM4
1
21
22
SIM5
SIM1
SIM2
SIM3
SIM4
1
21
22
SIM5
SIM1
SIM2
SIM3
SIM4
1
21
22
SIM5
SIM1
SIM2
SIM3
SIM4
1
21
22
SIM5
SIM1
SIM2
SIM3
SIM4
1
21
22
SIM5
SIM1
SIM2
SIM3
SIM4
1
21
22
SIM5
SIM1
SIM2
SIM3
SIM4
1
21
22
SIM5
SIM1
SIM2
SIM3
SIM4
1
21
22
SIM5
SIM1
SIM2
SIM3
SIM4
1
21
22
SIM5
SIM1
SIM2
SIM3
SIM4
1
21
22
SIM5
SIM1
SIM2
SIM3
SIM4
1
21
22
SIM5
SIM1
SIM2
SIM3
SIM4
1
21
22
SIM5
SIM1
SIM2
SIM3
SIM4
1
21
22
SIM5
SIM1
SIM2
SIM3
SIM4
1
21
22
SIM5
SIM1
SIM2
SIM3
SIM4
1
21
22
SIM5
SIM1
SIM2
SIM3
SIM4
1
21
22
SIM5
SIM1
SIM2
SIM3
SIM4
1
21
22
SIM5
SIM1
SIM2
SIM3
SIM4
1
21
22
SIM5
SIM1
SIM2
SIM3
SIM4
1
21
22
SIM5
SIM1
SIM2
SIM3
SIM4
1
21
22
SIM5
SIM1
SIM2
SIM3
SIM4
1
21
22
SIM5
SIM1
SIM2
SIM3
SIM4
1
21
22
SIM5
SIM1
SIM2
SIM3
SIM4
1
21
22
SIM5
SIM1
SIM2
SIM3
SIM4
1
21
22
SIM5
SIM1
SIM2
SIM3
SIM4
1
21
22
SIM5
SIM1
SIM2
SIM3
SIM4
1
21
22
SIM5
SIM1
SIM2
SIM3
SIM4
1
21
22
SIM5
SIM1
SIM2
SIM3
SIM4
1
21
22
SIM5
SIM1
SIM2
SIM3
SIM4
1
21
22
SIM5
SIM1
SIM2
SIM3
SIM4
1
21
22
SIM5
SIM1
SIM2
SIM3
SIM4
1
21
22
SIM5
SIM1
SIM2
SIM3
SIM4
1
21
22
SIM5
SIM1
SIM2
SIM3
SIM4
1
21
22
SIM5
SIM1
SIM2
SIM3
SIM4
1
21
22
SIM5
SIM1
SIM2
SIM3
SIM4
1
21
22
SIM5
SIM1
SIM2
SIM3
SIM4
1
21
22
SIM5
SIM1
SIM2
SIM3
SIM4
1
21
22
SIM5
SIM1
SIM2
SIM3
SIM4
1
21
22
SIM5
SIM1
SIM2
SIM3
SIM4
1
21
22
SIM5
SIM1
SIM2
SIM3
SIM4
1
21
22
SIM5
SIM1
SIM2
SIM3
SIM4
1
21
22
SIM5
SIM1
SIM2
SIM3
SIM4
1
21
22
SIM5
SIM1
SIM2
SIM3
SIM4
1
21
22
SIM5
SIM1
SIM2
SIM3
SIM4
1
21
22
SIM5
SIM1
SIM2
SIM3
SIM4
1
21
22
SIM5
SIM1
SIM2
SIM3
SIM4
1
21
22
SIM5
SIM1
SIM2
SIM3
SIM4
1
21
22
SIM5
SIM1
SIM2
SIM3
SIM4
1
21
22
SIM5
SIM1
SIM2
SIM3
SIM4
1
21
22
SIM5
SIM1
SIM2
SIM3
SIM4
1
21
22
SIM5
SIM1
SIM2
SIM3
SIM4
1
21
22
SIM5
SIM1
SIM2
SIM3
SIM4
1
21
22
SIM5
SIM1
SIM2
SIM3
SIM4
1
21
22
SIM5
SIM1
SIM2
SIM3
SIM4
1
21
22
SIM5
SIM1
SIM2
SIM3
SIM4
1
21
22
SIM5
SIM1
SIM2
SIM3
SIM4
1
21
22
SIM5
SIM1
SIM2
SIM3
SIM4
1
21
22
SIM5
SIM1
SIM2
SIM3
SIM4
1
21
22
SIM5
SIM1
SIM2
SIM3
SIM4
1
21
22
SIM5
SIM1
SIM2
SIM3
SIM4
1
21
22
SIM5
SIM1
SIM2
SIM3
SIM4
1
21
22
SIM5
SIM1
SIM2
SIM3
SIM4
1
21
22
SIM5
SIM1
SIM2
SIM3
SIM4
1
21
22
SIM5
SIM1
SIM2
SIM3
SIM4
1
21
22
SIM5
SIM1
SIM2
SIM3
SIM4
1
21
22
SIM5
SIM1
SIM2
SIM3
SIM4
1
21
22
SIM5
SIM1
SIM2
SIM3
SIM4
1
21
22
SIM5
SIM1
SIM2
SIM3
SIM4
1
21
22
SIM5
SIM1
SIM2
SIM3
SIM4
1
21
22
SIM5
SIM1
SIM2
SIM3
SIM4
1
21
22
SIM5
SIM1
SIM2
SIM3
SIM4
1
21
22
SIM5
SIM1
SIM2
SIM3
SIM4
1
21
22
SIM5
SIM1
SIM2
SIM3
SIM4
1
21
22
SIM5
SIM1
SIM2
SIM3
SIM4
1
21
22
SIM5
SIM1
SIM2
SIM3
SIM4
1
21
22
SIM5
SIM1
SIM2
SIM3
SIM4
1
21
22
SIM5
SIM1
SIM2
SIM3
SIM4
1
21
22
SIM5
SIM1
SIM2
SIM3
SIM4
1
21
22
SIM5
SIM1
SIM2
SIM3
SIM4
1
21
22
SIM5
SIM1
SIM2
SIM3
SIM4
1
21
22
SIM5
SIM1
SIM2
SIM3
SIM4
1
21
22
SIM5
SIM1
SIM2
SIM3
SIM4
1
21
22
SIM5
SIM1
SIM2
SIM3
SIM4
1
21
22
SIM5
SIM1
SIM2
SIM3
SIM4
1
21
22
SIM5
SIM1
SIM2
SIM3
SIM4
1
21
22
SIM5
SIM1
SIM2
SIM3
SIM4
1
21
22
SIM5
SIM1
SIM2
SIM3
SIM4
1
21
22
SIM5
SIM1
SIM2
SIM3
SIM4
1
21
22
SIM5
SIM1
SIM2
SIM3
SIM4
1
21
22
SIM5
SIM1
SIM2
SIM3
SIM4
1
21
22
SIM5
SIM1
SIM2
SIM3
SIM4
1
21
22
SIM5
SIM1
SIM2
SIM3
SIM4
1
21
22
SIM5
SIM1
SIM2
SIM3
SIM4
1
21
22
SIM5
SIM1
SIM2
SIM3
SIM4
1
21
22
SIM5
SIM1
SIM2
SIM3
SIM4
1
21
22
SIM5
SIM1
SIM2
SIM3
SIM4
1
21
22
SIM5
SIM1
SIM2
SIM3
SIM4
1
21
22
SIM5
SIM1
SIM2
SIM3
SIM4
1
21
22
SIM5
SIM1
SIM2
SIM3
SIM4
1
21
22
SIM5
SIM1
SIM2
SIM3
SIM4
1
21
22
SIM5
SIM1
SIM2
SIM3
SIM4
1
21
22
SIM5
SIM1
SIM2
SIM3
SIM4
1
21
22
SIM5
SIM1
SIM2
SIM3
SIM4
1
21
22
SIM5
SIM1
SIM2
SIM3
SIM4
1
21
22
SIM5
SIM1
SIM2
SIM3
SIM4
1
21
22
SIM5
SIM1
SIM2
SIM3
SIM4
1
21
22
SIM5
SIM1
SIM2
SIM3
SIM4
1
21
22
SIM5
SIM1
SIM2
SIM3
SIM4
1
21
22
SIM5
SIM1
SIM2
SIM3
SIM4
1
21
22
SIM5
SIM1
SIM2
SIM3
SIM4
1
21
22
SIM5
SIM1
SIM2
SIM3
SIM4
1
21
22
SIM5
SIM1
SIM2
SIM3
SIM4
1
21
22
SIM5
SIM1
SIM2
SIM3
SIM4
1
21
22
SIM5
SIM1
SIM2
SIM3
SIM4
1
21
22
SIM5
SIM1
SIM2
SIM3
SIM4
1
21
22
SIM5
SIM1
SIM2
SIM3
SIM4
1
21
22
SIM5
SIM1
SIM2
SIM3
SIM4
1
21
22
SIM5
SIM1
SIM2
SIM3
SIM4
1
21
22
SIM5
SIM1
SIM2
SIM3
SIM4
1
21
22
SIM5
SIM1
SIM2
SIM3
SIM4
1
21
22
SIM5
SIM1
SIM2
SIM3
SIM4
1
21
22
SIM5
SIM1
SIM2
SIM3
SIM4
1
21
22
SIM5
SIM1
SIM2
SIM3
SIM4
1
21
22
SIM5
SIM1
SIM2
SIM3
SIM4
1
21
22
SIM5
SIM1
SIM2
SIM3
SIM4
1
21
22
SIM5
SIM1
SIM2
SIM3
SIM4
1
21
22
SIM5
SIM1
SIM2
SIM3
SIM4
1
21
22
SIM5
SIM1
SIM2
SIM3
SIM4
1
21
22
SIM5
SIM1
SIM2
SIM3
SIM4
1
21
22
SIM5
SIM1
SIM2
SIM3
SIM4
1
21
22
SIM5
SIM1
SIM2
SIM3
SIM4
1
21
22
SIM5
SIM1
SIM2
SIM3
SIM4
1
21
22
SIM5
SIM1
SIM2
SIM3
SIM4
1
21
22
SIM5
SIM1
SIM2
SIM3
SIM4
1
21
22
SIM5
SIM1
SIM2
SIM3
SIM4
1
21
22
SIM5
SIM1
SIM2
SIM3
SIM4
1
21
22
SIM5
SIM1
SIM2
SIM3
SIM4
1
21
22
SIM5
SIM1
SIM2
SIM3
SIM4
1
21
22
SIM5
SIM1
SIM2
SIM3
SIM4
1
21
22
SIM5
SIM1
SIM2
SIM3
SIM4
1
21
22
SIM5
SIM1
SIM2
SIM3
SIM4
1
21
22
SIM5
SIM1
SIM2
SIM3
SIM4
1
21
22
SIM5
SIM1
SIM2
SIM3
SIM4
1
21
22
SIM5
SIM1
SIM2
SIM3
SIM4
1
21
22
SIM5
SIM1
SIM2
SIM3
SIM4
1
21
22
SIM5
SIM1
SIM2
SIM3
SIM4
1
21
22
SIM5
SIM1
SIM2
SIM3
SIM4
1
21
22
SIM5
SIM1
SIM2
SIM3
SIM4
1
21
22
SIM5
SIM1
SIM2
SIM3
SIM4
1
21
22
SIM5
SIM1
SIM2
SIM3
SIM4
1
21
22
SIM5
SIM1
SIM2
SIM3
SIM4
1
21
22
SIM5
SIM1
SIM2
SIM3
SIM4
1
21
22
SIM5
SIM1
SIM2
SIM3
SIM4
1
21
22
SIM5
SIM1
SIM2
SIM3
SIM4
1
21
22
SIM5
SIM1
SIM2
SIM3
SIM4
1
21
22
SIM5
SIM1
SIM2
SIM3
SIM4
1
21
22
SIM5
SIM1
SIM2
SIM3
SIM4
1
21
22
SIM5
SIM1
SIM2
SIM3
SIM4
1
21
22
SIM5
SIM1
SIM2
SIM3
SIM4
1
21
22
SIM5
SIM1
SIM2
SIM3
SIM4
1
21
22
SIM5
SIM1
SIM2
SIM3
SIM4
1
21
22
SIM5
SIM1
SIM2
SIM3
SIM4
1
21
22
SIM5
SIM1
SIM2
SIM3
SIM4
1
21
22
SIM5
SIM1
SIM2
SIM3
SIM4
1
21
22
SIM5
SIM1
SIM2
DEBUG 1 307
SIM1
SIM2
SIM3
SIM4
1
21
22
SIM5
SIM1
SIM2
SIM3
SIM4
1
21
22
SIM5
SIM1
SIM2
SIM3
SIM4
1
21
22
SIM5
SIM1
SIM2
SIM3
SIM4
1
21
22
SIM5
SIM1
SIM2
SIM3
SIM4
1
21
22
SIM5
SIM1
SIM2
SIM3
SIM4
1
21
22
SIM5
SIM1
SIM2
SIM3
SIM4
1
21
22
SIM5
SIM1
SIM2
SIM3
SIM4
1
21
22
SIM5
SIM1
SIM2
SIM3
SIM4
1
21
22
SIM5
SIM1
SIM2
SIM3
SIM4
1
21
22
SIM5
SIM1
SIM2
SIM3
SIM4
1
21
22
SIM5
SIM1
SIM2
SIM3
SIM4
1
21
22
SIM5
SIM1
SIM2
SIM3
SIM4
1
21
22
SIM5
SIM1
SIM2
SIM3
SIM4
1
21
22
SIM5
SIM1
SIM2
SIM3
SIM4
1
21
22
SIM5
SIM1
SIM2
SIM3
SIM4
1
21
22
SIM5
SIM1
SIM2
SIM3
SIM4
1
21
22
SIM5
SIM1
SIM2
SIM3
SIM4
1
21
22
SIM5
SIM1
SIM2
SIM3
SIM4
1
21
22
SIM5
SIM1
SIM2
SIM3
SIM4
1
21
22
SIM5
SIM1
SIM2
SIM3
SIM4
1
21
22
SIM5
SIM1
SIM2
SIM3
SIM4
1
21
22
SIM5
SIM1
SIM2
SIM3
SIM4
1
21
22
SIM5
SIM1
SIM2
SIM3
SIM4
1
21
22
SIM5
SIM1
SIM2
SIM3
SIM4
1
21
22
SIM5
SIM1
SIM2
SIM3
SIM4
1
21
22
SIM5
SIM1
SIM2
SIM3
SIM4
1
21
22
SIM5
SIM1
SIM2
SIM3
SIM4
1
21
22
SIM5
SIM1
SIM2
SIM3
SIM4
1
21
22
SIM5
SIM1
SIM2
SIM3
SIM4
1
21
22
SIM5
SIM1
SIM2
SIM3
SIM4
1
21
22
SIM5
SIM1
SIM2
SIM3
SIM4
1
21
22
SIM5
SIM1
SIM2
SIM3
SIM4
1
21
22
SIM5
SIM1
SIM2
SIM3
SIM4
1
21
22
SIM5
SIM1
SIM2
SIM3
SIM4
1
21
22
SIM5
SIM1
SIM2
SIM3
SIM4
1
21
22
SIM5
SIM1
SIM2
SIM3
SIM4
1
21
22
SIM5
SIM1
SIM2
SIM3
SIM4
1
21
22
SIM5
SIM1
SIM2
SIM3
SIM4
1
21
22
SIM5
SIM1
SIM2
SIM3
SIM4
1
21
22
SIM5
SIM1
SIM2
SIM3
SIM4
1
21
22
SIM5
SIM1
SIM2
SIM3
SIM4
1
21
22
SIM5
SIM1
SIM2
SIM3
SIM4
1
21
22
SIM5
SIM1
SIM2
SIM3
SIM4
1
21
22
SIM5
SIM1
SIM2
SIM3
SIM4
1
21
22
SIM5
SIM1
SIM2
SIM3
SIM4
1
21
22
SIM5
SIM1
SIM2
SIM3
SIM4
1
21
22
SIM5
SIM1
SIM2
SIM3
SIM4
1
21
22
SIM5
SIM1
SIM2
SIM3
SIM4
1
21
22
SIM5
SIM1
SIM2
SIM3
SIM4
1
21
22
SIM5
SIM1
SIM2
SIM3
SIM4
1
21
22
SIM5
SIM1
SIM2
SIM3
SIM4
1
21
22
SIM5
SIM1
SIM2
SIM3
SIM4
1
21
22
SIM5
SIM1
SIM2
SIM3
SIM4
1
21
22
SIM5
SIM1
SIM2
SIM3
SIM4
1
21
22
SIM5
SIM1
SIM2
SIM3
SIM4
1
21
22
SIM5
SIM1
SIM2
SIM3
SIM4
1
21
22
SIM5
SIM1
SIM2
SIM3
SIM4
1
21
22
SIM5
SIM1
SIM2
SIM3
SIM4
1
21
22
SIM5
SIM1
SIM2
SIM3
SIM4
1
21
22
SIM5
SIM1
SIM2
SIM3
SIM4
1
21
22
SIM5
SIM1
SIM2
SIM3
SIM4
1
21
22
SIM5
SIM1
SIM2
SIM3
SIM4
1
21
22
SIM5
SIM1
SIM2
SIM3
SIM4
1
21
22
SIM5
SIM1
SIM2
SIM3
SIM4
1
21
22
SIM5
SIM1
SIM2
SIM3
SIM4
1
21
22
SIM5
SIM1
SIM2
SIM3
SIM4
1
21
22
SIM5
SIM1
SIM2
SIM3
SIM4
1
21
22
SIM5
SIM1
SIM2
SIM3
SIM4
1
21
22
SIM5
SIM1
SIM2
SIM3
SIM4
1
21
22
SIM5
SIM1
SIM2
SIM3
SIM4
1
21
22
SIM5
SIM1
SIM2
SIM3
SIM4
1
21
22
SIM5
SIM1
SIM2
SIM3
SIM4
1
21
22
SIM5
SIM1
SIM2
SIM3
SIM4
1
21
22
SIM5
SIM1
SIM2
SIM3
SIM4
1
21
22
SIM5
SIM1
SIM2
SIM3
SIM4
1
21
22
SIM5
SIM1
SIM2
SIM3
SIM4
1
21
22
SIM5
SIM1
SIM2
SIM3
SIM4
1
21
22
SIM5
SIM1
SIM2
SIM3
SIM4
1
21
22
SIM5
SIM1
SIM2
SIM3
SIM4
1
21
22
SIM5
SIM1
SIM2
SIM3
SIM4
1
21
22
SIM5
SIM1
SIM2
SIM3
SIM4
1
21
22
SIM5
SIM1
SIM2
SIM3
SIM4
1
21
22
SIM5
SIM1
SIM2
SIM3
SIM4
1
21
22
SIM5
SIM1
SIM2
SIM3
SIM4
1
21
22
SIM5
SIM1
SIM2
SIM3
SIM4
1
21
22
SIM5
SIM1
SIM2
SIM3
SIM4
1
21
22
SIM5
SIM1
SIM2
SIM3
SIM4
1
21
22
SIM5
SIM1
SIM2
SIM3
SIM4
1
21
22
SIM5
SIM1
SIM2
SIM3
SIM4
1
21
22
SIM5
SIM1
SIM2
SIM3
SIM4
1
21
22
SIM5
SIM1
SIM2
SIM3
SIM4
1
21
22
SIM5
SIM1
SIM2
SIM3
SIM4
1
21
22
SIM5
SIM1
SIM2
SIM3
SIM4
1
21
22
SIM5
SIM1
SIM2
SIM3
SIM4
1
21
22
SIM5
SIM1
SIM2
SIM3
SIM4
1
21
22
SIM5
SIM1
SIM2
SIM3
SIM4
1
21
22
SIM5
SIM1
SIM2
SIM3
SIM4
1
21
22
SIM5
SIM1
SIM2
SIM3
SIM4
1
21
22
SIM5
SIM1
SIM2
SIM3
SIM4
1
21
22
SIM5
SIM1
SIM2
SIM3
SIM4
1
21
22
SIM5
SIM1
SIM2
SIM3
SIM4
1
21
22
SIM5
SIM1
SIM2
SIM3
SIM4
1
21
22
SIM5
SIM1
SIM2
SIM3
SIM4
1
21
22
SIM5
SIM1
SIM2
SIM3
SIM4
1
21
22
SIM5
SIM1
SIM2
SIM3
SIM4
1
21
22
SIM5
SIM1
SIM2
SIM3
SIM4
1
21
22
SIM5
SIM1
SIM2
SIM3
SIM4
1
21
22
SIM5
SIM1
SIM2
SIM3
SIM4
1
21
22
SIM5
SIM1
SIM2
SIM3
SIM4
1
21
22
SIM5
SIM1
SIM2
SIM3
SIM4
1
21
22
SIM5
SIM1
SIM2
SIM3
SIM4
1
21
22
SIM5
SIM1
SIM2
SIM3
SIM4
1
21
22
SIM5
SIM1
SIM2
SIM3
SIM4
1
21
22
SIM5
SIM1
SIM2
SIM3
SIM4
1
21
22
SIM5
SIM1
SIM2
SIM3
SIM4
1
21
22
SIM5
SIM1
SIM2
SIM3
SIM4
1
21
22
SIM5
SIM1
SIM2
SIM3
SIM4
1
21
22
SIM5
SIM1
SIM2
DEBUG 1 308
SIM1
SIM2
SIM3
SIM4
1
21
22
SIM5
SIM1
SIM2
SIM3
SIM4
1
21
22
SIM5
SIM1
SIM2
SIM3
SIM4
1
21
22
SIM5
SIM1
SIM2
SIM3
SIM4
1
21
22
SIM5
SIM1
SIM2
SIM3
SIM4
1
21
22
SIM5
SIM1
SIM2
SIM3
SIM4
1
21
22
SIM5
SIM1
SIM2
SIM3
SIM4
1
21
22
SIM5
SIM1
SIM2
SIM3
SIM4
1
21
22
SIM5
SIM1
SIM2
SIM3
SIM4
1
21
22
SIM5
SIM1
SIM2
SIM3
SIM4
1
21
22
SIM5
SIM1
SIM2
SIM3
SIM4
1
21
22
SIM5
SIM1
SIM2
SIM3
SIM4
1
21
22
SIM5
SIM1
SIM2
SIM3
SIM4
1
21
22
SIM5
SIM1
SIM2
SIM3
SIM4
1
21
22
SIM5
SIM1
SIM2
SIM3
SIM4
1
21
22
SIM5
SIM1
SIM2
SIM3
SIM4
1
21
22
SIM5
SIM1
SIM2
SIM3
SIM4
1
21
22
SIM5
SIM1
SIM2
SIM3
SIM4
1
21
22
SIM5
SIM1
SIM2
SIM3
SIM4
1
21
22
SIM5
SIM1
SIM2
SIM3
SIM4
1
21
22
SIM5
SIM1
SIM2
SIM3
SIM4
1
21
22
SIM5
SIM1
SIM2
SIM3
SIM4
1
21
22
SIM5
SIM1
SIM2
SIM3
SIM4
1
21
22
SIM5
SIM1
SIM2
SIM3
SIM4
1
21
22
SIM5
SIM1
SIM2
SIM3
SIM4
1
21
22
SIM5
SIM1
SIM2
SIM3
SIM4
1
21
22
SIM5
SIM1
SIM2
SIM3
SIM4
1
21
22
SIM5
SIM1
SIM2
SIM3
SIM4
1
21
22
SIM5
SIM1
SIM2
SIM3
SIM4
1
21
22
SIM5
SIM1
SIM2
SIM3
SIM4
1
21
22
SIM5
SIM1
SIM2
SIM3
SIM4
1
21
22
SIM5
SIM1
SIM2
SIM3
SIM4
1
21
22
SIM5
SIM1
SIM2
SIM3
SIM4
1
21
22
SIM5
SIM1
SIM2
SIM3
SIM4
1
21
22
SIM5
SIM1
SIM2
SIM3
SIM4
1
21
22
SIM5
SIM1
SIM2
SIM3
SIM4
1
21
22
SIM5
SIM1
SIM2
SIM3
SIM4
1
21
22
SIM5
SIM1
SIM2
SIM3
SIM4
1
21
22
SIM5
SIM1
SIM2
SIM3
SIM4
1
21
22
SIM5
SIM1
SIM2
SIM3
SIM4
1
21
22
SIM5
SIM1
SIM2
SIM3
SIM4
1
21
22
SIM5
SIM1
SIM2
SIM3
SIM4
1
21
22
SIM5
SIM1
SIM2
SIM3
SIM4
1
21
22
SIM5
SIM1
SIM2
SIM3
SIM4
1
21
22
SIM5
SIM1
SIM2
SIM3
SIM4
1
21
22
SIM5
SIM1
SIM2
SIM3
SIM4
1
21
22
SIM5
SIM1
SIM2
SIM3
SIM4
1
21
22
SIM5
SIM1
SIM2
SIM3
SIM4
1
21
22
SIM5
SIM1
SIM2
SIM3
SIM4
1
21
22
SIM5
SIM1
SIM2
SIM3
SIM4
1
21
22
SIM5
SIM1
SIM2
SIM3
SIM4
1
21
22
SIM5
SIM1
SIM2
SIM3
SIM4
1
21
22
SIM5
SIM1
SIM2
SIM3
SIM4
1
21
22
SIM5
SIM1
SIM2
SIM3
SIM4
1
21
22
SIM5
SIM1
SIM2
SIM3
SIM4
1
21
22
SIM5
SIM1
SIM2
SIM3
SIM4
1
21
22
SIM5
SIM1
SIM2
SIM3
SIM4
1
21
22
SIM5
SIM1
SIM2
SIM3
SIM4
1
21
22
SIM5
SIM1
SIM2
SIM3
SIM4
1
21
22
SIM5
SIM1
SIM2
SIM3
SIM4
1
21
22
SIM5
SIM1
SIM2
SIM3
SIM4
1
21
22
SIM5
SIM1
SIM2
SIM3
SIM4
1
21
22
SIM5
SIM1
SIM2
SIM3
SIM4
1
21
22
SIM5
SIM1
SIM2
SIM3
SIM4
1
21
22
SIM5
SIM1
SIM2
SIM3
SIM4
1
21
22
SIM5
SIM1
SIM2
SIM3
SIM4
1
21
22
SIM5
SIM1
SIM2
SIM3
SIM4
1
21
22
SIM5
SIM1
SIM2
SIM3
SIM4
1
21
22
SIM5
SIM1
SIM2
SIM3
SIM4
1
21
22
SIM5
SIM1
SIM2
SIM3
SIM4
1
21
22
SIM5
SIM1
SIM2
SIM3
SIM4
1
21
22
SIM5
SIM1
SIM2
SIM3
SIM4
1
21
22
SIM5
SIM1
SIM2
SIM3
SIM4
1
21
22
SIM5
SIM1
SIM2
SIM3
SIM4
1
21
22
SIM5
SIM1
SIM2
SIM3
SIM4
1
21
22
SIM5
SIM1
SIM2
SIM3
SIM4
1
21
22
SIM5
SIM1
SIM2
SIM3
SIM4
1
21
22
SIM5
SIM1
SIM2
SIM3
SIM4
1
21
22
SIM5
SIM1
SIM2
SIM3
SIM4
1
21
22
SIM5
SIM1
SIM2
SIM3
SIM4
1
21
22
SIM5
SIM1
SIM2
SIM3
SIM4
1
21
22
SIM5
SIM1
SIM2
SIM3
SIM4
1
21
22
SIM5
SIM1
SIM2
SIM3
SIM4
1
21
22
SIM5
SIM1
SIM2
SIM3
SIM4
1
21
22
SIM5
SIM1
SIM2
SIM3
SIM4
1
21
22
SIM5
SIM1
SIM2
SIM3
SIM4
1
21
22
SIM5
SIM1
SIM2
SIM3
SIM4
1
21
22
SIM5
SIM1
SIM2
SIM3
SIM4
1
21
22
SIM5
SIM1
SIM2
SIM3
SIM4
1
21
22
SIM5
SIM1
SIM2
SIM3
SIM4
1
21
22
SIM5
SIM1
SIM2
SIM3
SIM4
1
21
22
SIM5
SIM1
SIM2
SIM3
SIM4
1
21
22
SIM5
SIM1
SIM2
SIM3
SIM4
1
21
22
SIM5
SIM1
SIM2
SIM3
SIM4
1
21
22
SIM5
SIM1
SIM2
SIM3
SIM4
1
21
22
SIM5
SIM1
SIM2
SIM3
SIM4
1
21
22
SIM5
SIM1
SIM2
SIM3
SIM4
1
21
22
SIM5
SIM1
SIM2
SIM3
SIM4
1
21
22
SIM5
SIM1
SIM2
SIM3
SIM4
1
21
22
SIM5
SIM1
SIM2
SIM3
SIM4
1
21
22
SIM5
SIM1
SIM2
SIM3
SIM4
1
21
22
SIM5
SIM1
SIM2
SIM3
SIM4
1
21
22
SIM5
SIM1
SIM2
SIM3
SIM4
1
21
22
SIM5
SIM1
SIM2
SIM3
SIM4
1
21
22
SIM5
SIM1
SIM2
SIM3
SIM4
1
21
22
SIM5
SIM1
SIM2
SIM3
SIM4
1
21
22
SIM5
SIM1
SIM2
SIM3
SIM4
1
21
22
SIM5
SIM1
SIM2
SIM3
SIM4
1
21
22
SIM5
SIM1
SIM2
SIM3
SIM4
1
21
22
SIM5
SIM1
SIM2
SIM3
SIM4
1
21
22
SIM5
SIM1
SIM2
SIM3
SIM4
1
21
22
SIM5
SIM1
SIM2
SIM3
SIM4
1
21
22
SIM5
SIM1
SIM2
SIM3
SIM4
1
21
22
SIM5
SIM1
SIM2
SIM3
SIM4
1
21
22
SIM5
SIM1
SIM2
SIM3
SIM4
1
21
22
SIM5
SIM1
SIM2
SIM3
SIM4
1
21
22
SIM5
SIM1
SIM2
SIM3
SIM4
1
21
22
SIM5
SIM1
SIM2
SIM3
SIM4
1
21
22
SIM5
SIM1
SIM2
SIM3
SIM4
1
21
22
SIM5
SIM1
SIM2
SIM3
SIM4
1
21
22
SIM5
SIM1
SIM2
SIM3
SIM4
1
21
22
SIM5
SIM1
SIM2
SIM3
SIM4
1
21
22
SIM5
SIM1
SIM2
SIM3
SIM4
1
21
22
SIM5
SIM1
SIM2
SIM3
SIM4
1
21
22
SIM5
SIM1
SIM2
SIM3
SIM4
1
21
22
SIM5
SIM1
SIM2
SIM3
SIM4
1
21
22
SIM5
SIM1
SIM2
SIM3
SIM4
1
21
22
SIM5
SIM1
SIM2
SIM3
SIM4
1
21
22
SIM5
SIM1
SIM2
SIM3
SIM4
1
21
22
SIM5
SIM1
SIM2
SIM3
SIM4
1
21
22
SIM5
SIM1
SIM2
SIM3
SIM4
1
21
22
SIM5
SIM1
SIM2
SIM3
SIM4
1
21
22
SIM5
SIM1
SIM2
SIM3
SIM4
1
21
22
SIM5
SIM1
SIM2
DEBUG 1 309
SIM1
SIM2
SIM3
SIM4
1
21
22
SIM5
SIM1
SIM2
SIM3
SIM4
1
21
22
SIM5
SIM1
SIM2
SIM3
SIM4
1
21
22
SIM5
SIM1
SIM2
SIM3
SIM4
1
21
22
SIM5
SIM1
SIM2
SIM3
SIM4
1
21
22
SIM5
SIM1
SIM2
SIM3
SIM4
1
21
22
SIM5
SIM1
SIM2
SIM3
SIM4
1
21
22
SIM5
SIM1
SIM2
SIM3
SIM4
1
21
22
SIM5
SIM1
SIM2
SIM3
SIM4
1
21
22
SIM5
SIM1
SIM2
SIM3
SIM4
1
21
22
SIM5
SIM1
SIM2
SIM3
SIM4
1
21
22
SIM5
SIM1
SIM2
SIM3
SIM4
1
21
22
SIM5
SIM1
SIM2
SIM3
SIM4
1
21
22
SIM5
SIM1
SIM2
SIM3
SIM4
1
21
22
SIM5
SIM1
SIM2
SIM3
SIM4
1
21
22
SIM5
SIM1
SIM2
SIM3
SIM4
1
21
22
SIM5
SIM1
SIM2
SIM3
SIM4
1
21
22
SIM5
SIM1
SIM2
SIM3
SIM4
1
21
22
SIM5
SIM1
SIM2
SIM3
SIM4
1
21
22
SIM5
SIM1
SIM2
SIM3
SIM4
1
21
22
SIM5
SIM1
SIM2
SIM3
SIM4
1
21
22
SIM5
SIM1
SIM2
SIM3
SIM4
1
21
22
SIM5
SIM1
SIM2
SIM3
SIM4
1
21
22
SIM5
SIM1
SIM2
SIM3
SIM4
1
21
22
SIM5
SIM1
SIM2
SIM3
SIM4
1
21
22
SIM5
SIM1
SIM2
SIM3
SIM4
1
21
22
SIM5
SIM1
SIM2
SIM3
SIM4
1
21
22
SIM5
SIM1
SIM2
SIM3
SIM4
1
21
22
SIM5
SIM1
SIM2
SIM3
SIM4
1
21
22
SIM5
SIM1
SIM2
SIM3
SIM4
1
21
22
SIM5
SIM1
SIM2
SIM3
SIM4
1
21
22
SIM5
SIM1
SIM2
SIM3
SIM4
1
21
22
SIM5
SIM1
SIM2
SIM3
SIM4
1
21
22
SIM5
SIM1
SIM2
SIM3
SIM4
1
21
22
SIM5
SIM1
SIM2
SIM3
SIM4
1
21
22
SIM5
SIM1
SIM2
SIM3
SIM4
1
21
22
SIM5
SIM1
SIM2
SIM3
SIM4
1
21
22
SIM5
SIM1
SIM2
SIM3
SIM4
1
21
22
SIM5
SIM1
SIM2
SIM3
SIM4
1
21
22
SIM5
SIM1
SIM2
SIM3
SIM4
1
21
22
SIM5
SIM1
SIM2
SIM3
SIM4
1
21
22
SIM5
SIM1
SIM2
SIM3
SIM4
1
21
22
SIM5
SIM1
SIM2
SIM3
SIM4
1
21
22
SIM5
SIM1
SIM2
SIM3
SIM4
1
21
22
SIM5
SIM1
SIM2
SIM3
SIM4
1
21
22
SIM5
SIM1
SIM2
SIM3
SIM4
1
21
22
SIM5
SIM1
SIM2
SIM3
SIM4
1
21
22
SIM5
SIM1
SIM2
SIM3
SIM4
1
21
22
SIM5
SIM1
SIM2
SIM3
SIM4
1
21
22
SIM5
SIM1
SIM2
SIM3
SIM4
1
21
22
SIM5
SIM1
SIM2
SIM3
SIM4
1
21
22
SIM5
SIM1
SIM2
SIM3
SIM4
1
21
22
SIM5
SIM1
SIM2
SIM3
SIM4
1
21
22
SIM5
SIM1
SIM2
SIM3
SIM4
1
21
22
SIM5
SIM1
SIM2
SIM3
SIM4
1
21
22
SIM5
SIM1
SIM2
SIM3
SIM4
1
21
22
SIM5
SIM1
SIM2
SIM3
SIM4
1
21
22
SIM5
SIM1
SIM2
SIM3
SIM4
1
21
22
SIM5
SIM1
SIM2
SIM3
SIM4
1
21
22
SIM5
SIM1
SIM2
SIM3
SIM4
1
21
22
SIM5
SIM1
SIM2
SIM3
SIM4
1
21
22
SIM5
SIM1
SIM2
SIM3
SIM4
1
21
22
SIM5
SIM1
SIM2
SIM3
SIM4
1
21
22
SIM5
SIM1
SIM2
SIM3
SIM4
1
21
22
SIM5
SIM1
SIM2
SIM3
SIM4
1
21
22
SIM5
SIM1
SIM2
SIM3
SIM4
1
21
22
SIM5
SIM1
SIM2
SIM3
SIM4
1
21
22
SIM5
SIM1
SIM2
SIM3
SIM4
1
21
22
SIM5
SIM1
SIM2
SIM3
SIM4
1
21
22
SIM5
SIM1
SIM2
SIM3
SIM4
1
21
22
SIM5
SIM1
SIM2
SIM3
SIM4
1
21
22
SIM5
SIM1
SIM2
SIM3
SIM4
1
21
22
SIM5
SIM1
SIM2
SIM3
SIM4
1
21
22
SIM5
SIM1
SIM2
SIM3
SIM4
1
21
22
SIM5
SIM1
SIM2
SIM3
SIM4
1
21
22
SIM5
SIM1
SIM2
SIM3
SIM4
1
21
22
SIM5
SIM1
SIM2
SIM3
SIM4
1
21
22
SIM5
SIM1
SIM2
SIM3
SIM4
1
21
22
SIM5
SIM1
SIM2
SIM3
SIM4
1
21
22
SIM5
SIM1
SIM2
SIM3
SIM4
1
21
22
SIM5
SIM1
SIM2
SIM3
SIM4
1
21
22
SIM5
SIM1
SIM2
SIM3
SIM4
1
21
22
SIM5
SIM1
SIM2
SIM3
SIM4
1
21
22
SIM5
SIM1
SIM2
SIM3
SIM4
1
21
22
SIM5
SIM1
SIM2
SIM3
SIM4
1
21
22
SIM5
SIM1
SIM2
SIM3
SIM4
1
21
22
SIM5
SIM1
SIM2
SIM3
SIM4
1
21
22
SIM5
SIM1
SIM2
SIM3
SIM4
1
21
22
SIM5
SIM1
SIM2
SIM3
SIM4
1
21
22
SIM5
SIM1
SIM2
SIM3
SIM4
1
21
22
SIM5
SIM1
SIM2
SIM3
SIM4
1
21
22
SIM5
SIM1
SIM2
SIM3
SIM4
1
21
22
SIM5
SIM1
SIM2
SIM3
SIM4
1
21
22
SIM5
SIM1
SIM2
SIM3
SIM4
1
21
22
SIM5
SIM1
SIM2
SIM3
SIM4
1
21
22
SIM5
SIM1
SIM2
SIM3
SIM4
1
21
22
SIM5
SIM1
SIM2
SIM3
SIM4
1
21
22
SIM5
SIM1
SIM2
SIM3
SIM4
1
21
22
SIM5
SIM1
SIM2
SIM3
SIM4
1
21
22
SIM5
SIM1
SIM2
SIM3
SIM4
1
21
22
SIM5
SIM1
SIM2
SIM3
SIM4
1
21
22
SIM5
SIM1
SIM2
SIM3
SIM4
1
21
22
SIM5
SIM1
SIM2
SIM3
SIM4
1
21
22
SIM5
SIM1
SIM2
SIM3
SIM4
1
21
22
SIM5
SIM1
SIM2
SIM3
SIM4
1
21
22
SIM5
SIM1
SIM2
SIM3
SIM4
1
21
22
SIM5
SIM1
SIM2
SIM3
SIM4
1
21
22
SIM5
SIM1
SIM2
SIM3
SIM4
1
21
22
SIM5
SIM1
SIM2
SIM3
SIM4
1
21
22
SIM5
SIM1
SIM2
SIM3
SIM4
1
21
22
SIM5
SIM1
SIM2
SIM3
SIM4
1
21
22
SIM5
SIM1
SIM2
SIM3
SIM4
1
21
22
SIM5
SIM1
SIM2
SIM3
SIM4
1
21
22
SIM5
SIM1
SIM2
SIM3
SIM4
1
21
22
SIM5
SIM1
SIM2
SIM3
SIM4
1
21
22
SIM5
SIM1
SIM2
SIM3
SIM4
1
21
22
SIM5
SIM1
SIM2
SIM3
SIM4
1
21
22
SIM5
SIM1
SIM2
SIM3
SIM4
1
21
22
SIM5
SIM1
SIM2
SIM3
SIM4
1
21
22
SIM5
SIM1
SIM2
SIM3
SIM4
1
21
22
SIM5
SIM1
SIM2
SIM3
SIM4
1
21
22
SIM5
SIM1
SIM2
SIM3
SIM4
1
21
22
SIM5
SIM1
SIM2
SIM3
SIM4
1
21
22
SIM5
SIM1
SIM2
SIM3
SIM4
1
21
22
SIM5
SIM1
SIM2
SIM3
SIM4
1
21
22
SIM5
SIM1
SIM2
SIM3
SIM4
1
21
22
SIM5
SIM1
SIM2
SIM3
SIM4
1
21
22
SIM5
SIM1
SIM2
SIM3
SIM4
1
21
22
SIM5
SIM1
SIM2
SIM3
SIM4
1
21
22
SIM5
SIM1
SIM2
SIM3
SIM4
1
21
22
SIM5
SIM1
SIM2
SIM3
SIM4
1
21
22
SIM5
SIM1
SIM2
SIM3
SIM4
1
21
22
SIM5
SIM1
SIM2
SIM3
SIM4
1
21
22
SIM5
SIM1
SIM2
SIM3
SIM4
1
21
22
SIM5
SIM1
SIM2
SIM3
SIM4
1
21
22
SIM5
SIM1
SIM2
SIM3
SIM4
1
21
22
SIM5
SIM1
SIM2
SIM3
SIM4
1
21
22
SIM5
SIM1
SIM2
SIM3
SIM4
1
21
22
SIM5
SIM1
SIM2
SIM3
SIM4
1
21
22
SIM5
SIM1
SIM2
SIM3
SIM4
1
21
22
SIM5
SIM1
SIM2
SIM3
SIM4
1
21
22
SIM5
SIM1
SIM2
SIM3
SIM4
1
21
22
SIM5
SIM1
SIM2
SIM3
SIM4
1
21
22
SIM5
SIM1
SIM2
SIM3
SIM4
1
21
22
SIM5
SIM1
SIM2
SIM3
SIM4
1
21
22
SIM5
SIM1
SIM2
SIM3
SIM4
1
21
22
SIM5
SIM1
SIM2
SIM3
SIM4
1
21
22
SIM5
SIM1
SIM2
SIM3
SIM4
1
21
22
SIM5
SIM1
SIM2
SIM3
SIM4
1
21
22
SIM5
SIM1
SIM2
SIM3
SIM4
1
21
22
SIM5
SIM1
SIM2
SIM3
SIM4
1
21
22
SIM5
SIM1
SIM2
SIM3
SIM4
1
21
22
SIM5
SIM1
SIM2
SIM3
SIM4
1
21
22
SIM5
SIM1
SIM2
SIM3
SIM4
1
21
22
SIM5
SIM1
SIM2
SIM3
SIM4
1
21
22
SIM5
SIM1
SIM2
SIM3
SIM4
1
21
22
SIM5
SIM1
SIM2
SIM3
SIM4
1
21
22
SIM5
SIM1
SIM2
SIM3
SIM4
1
21
22
SIM5
SIM1
SIM2
SIM3
SIM4
1
21
22
SIM5
SIM1
SIM2
SIM3
SIM4
1
21
22
SIM5
SIM1
SIM2
SIM3
SIM4
1
21
22
SIM5
SIM1
SIM2
SIM3
SIM4
1
21
22
SIM5
SIM1
SIM2
SIM3
SIM4
1
21
22
SIM5
SIM1
SIM2
SIM3
SIM4
1
21
22
SIM5
SIM1
SIM2
SIM3
SIM4
1
21
22
SIM5
SIM1
SIM2
DEBUG 1 310
SIM1
SIM2
SIM3
SIM4
1
21
22
SIM5
SIM1
SIM2
SIM3
SIM4
1
21
22
SIM5
SIM1
SIM2
SIM3
SIM4
1
21
22
SIM5
SIM1
SIM2
SIM3
SIM4
1
21
22
SIM5
SIM1
SIM2
SIM3
SIM4
1
21
22
SIM5
SIM1
SIM2
SIM3
SIM4
1
21
22
SIM5
SIM1
SIM2
SIM3
SIM4
1
21
22
SIM5
SIM1
SIM2
SIM3
SIM4
1
21
22
SIM5
SIM1
SIM2
SIM3
SIM4
1
21
22
SIM5
SIM1
SIM2
SIM3
SIM4
1
21
22
SIM5
SIM1
SIM2
SIM3
SIM4
1
21
22
SIM5
SIM1
SIM2
SIM3
SIM4
1
21
22
SIM5
SIM1
SIM2
SIM3
SIM4
1
21
22
SIM5
SIM1
SIM2
SIM3
SIM4
1
21
22
SIM5
SIM1
SIM2
SIM3
SIM4
1
21
22
SIM5
SIM1
SIM2
SIM3
SIM4
1
21
22
SIM5
SIM1
SIM2
SIM3
SIM4
1
21
22
SIM5
SIM1
SIM2
SIM3
SIM4
1
21
22
SIM5
SIM1
SIM2
SIM3
SIM4
1
21
22
SIM5
SIM1
SIM2
SIM3
SIM4
1
21
22
SIM5
SIM1
SIM2
SIM3
SIM4
1
21
22
SIM5
SIM1
SIM2
SIM3
SIM4
1
21
22
SIM5
SIM1
SIM2
SIM3
SIM4
1
21
22
SIM5
SIM1
SIM2
SIM3
SIM4
1
21
22
SIM5
SIM1
SIM2
SIM3
SIM4
1
21
22
SIM5
SIM1
SIM2
SIM3
SIM4
1
21
22
SIM5
SIM1
SIM2
SIM3
SIM4
1
21
22
SIM5
SIM1
SIM2
SIM3
SIM4
1
21
22
SIM5
SIM1
SIM2
SIM3
SIM4
1
21
22
SIM5
SIM1
SIM2
SIM3
SIM4
1
21
22
SIM5
SIM1
SIM2
SIM3
SIM4
1
21
22
SIM5
SIM1
SIM2
SIM3
SIM4
1
21
22
SIM5
SIM1
SIM2
SIM3
SIM4
1
21
22
SIM5
SIM1
SIM2
SIM3
SIM4
1
21
22
SIM5
SIM1
SIM2
SIM3
SIM4
1
21
22
SIM5
SIM1
SIM2
SIM3
SIM4
1
21
22
SIM5
SIM1
SIM2
SIM3
SIM4
1
21
22
SIM5
SIM1
SIM2
SIM3
SIM4
1
21
22
SIM5
SIM1
SIM2
SIM3
SIM4
1
21
22
SIM5
SIM1
SIM2
SIM3
SIM4
1
21
22
SIM5
SIM1
SIM2
SIM3
SIM4
1
21
22
SIM5
SIM1
SIM2
SIM3
SIM4
1
21
22
SIM5
SIM1
SIM2
SIM3
SIM4
1
21
22
SIM5
SIM1
SIM2
SIM3
SIM4
1
21
22
SIM5
SIM1
SIM2
SIM3
SIM4
1
21
22
SIM5
SIM1
SIM2
SIM3
SIM4
1
21
22
SIM5
SIM1
SIM2
SIM3
SIM4
1
21
22
SIM5
SIM1
SIM2
SIM3
SIM4
1
21
22
SIM5
SIM1
SIM2
SIM3
SIM4
1
21
22
SIM5
SIM1
SIM2
SIM3
SIM4
1
21
22
SIM5
SIM1
SIM2
SIM3
SIM4
1
21
22
SIM5
SIM1
SIM2
SIM3
SIM4
1
21
22
SIM5
SIM1
SIM2
SIM3
SIM4
1
21
22
SIM5
SIM1
SIM2
SIM3
SIM4
1
21
22
SIM5
SIM1
SIM2
SIM3
SIM4
1
21
22
SIM5
SIM1
SIM2
SIM3
SIM4
1
21
22
SIM5
SIM1
SIM2
SIM3
SIM4
1
21
22
SIM5
SIM1
SIM2
SIM3
SIM4
1
21
22
SIM5
SIM1
SIM2
SIM3
SIM4
1
21
22
SIM5
SIM1
SIM2
SIM3
SIM4
1
21
22
SIM5
SIM1
SIM2
SIM3
SIM4
1
21
22
SIM5
SIM1
SIM2
SIM3
SIM4
1
21
22
SIM5
SIM1
SIM2
SIM3
SIM4
1
21
22
SIM5
SIM1
SIM2
SIM3
SIM4
1
21
22
SIM5
SIM1
SIM2
SIM3
SIM4
1
21
22
SIM5
SIM1
SIM2
SIM3
SIM4
1
21
22
SIM5
SIM1
SIM2
SIM3
SIM4
1
21
22
SIM5
SIM1
SIM2
SIM3
SIM4
1
21
22
SIM5
SIM1
SIM2
SIM3
SIM4
1
21
22
SIM5
SIM1
SIM2
SIM3
SIM4
1
21
22
SIM5
SIM1
SIM2
SIM3
SIM4
1
21
22
SIM5
SIM1
SIM2
SIM3
SIM4
1
21
22
SIM5
SIM1
SIM2
SIM3
SIM4
1
21
22
SIM5
SIM1
SIM2
SIM3
SIM4
1
21
22
SIM5
SIM1
SIM2
SIM3
SIM4
1
21
22
SIM5
SIM1
SIM2
SIM3
SIM4
1
21
22
SIM5
SIM1
SIM2
SIM3
SIM4
1
21
22
SIM5
SIM1
SIM2
SIM3
SIM4
1
21
22
SIM5
SIM1
SIM2
SIM3
SIM4
1
21
22
SIM5
SIM1
SIM2
SIM3
SIM4
1
21
22
SIM5
SIM1
SIM2
SIM3
SIM4
1
21
22
SIM5
SIM1
SIM2
SIM3
SIM4
1
21
22
SIM5
SIM1
SIM2
SIM3
SIM4
1
21
22
SIM5
SIM1
SIM2
SIM3
SIM4
1
21
22
SIM5
SIM1
SIM2
SIM3
SIM4
1
21
22
SIM5
SIM1
SIM2
SIM3
SIM4
1
21
22
SIM5
SIM1
SIM2
SIM3
SIM4
1
21
22
SIM5
SIM1
SIM2
SIM3
SIM4
1
21
22
SIM5
SIM1
SIM2
SIM3
SIM4
1
21
22
SIM5
SIM1
SIM2
SIM3
SIM4
1
21
22
SIM5
SIM1
SIM2
SIM3
SIM4
1
21
22
SIM5
SIM1
SIM2
SIM3
SIM4
1
21
22
SIM5
SIM1
SIM2
SIM3
SIM4
1
21
22
SIM5
SIM1
SIM2
SIM3
SIM4
1
21
22
SIM5
SIM1
SIM2
SIM3
SIM4
1
21
22
SIM5
SIM1
SIM2
SIM3
SIM4
1
21
22
SIM5
SIM1
SIM2
SIM3
SIM4
1
21
22
SIM5
SIM1
SIM2
SIM3
SIM4
1
21
22
SIM5
SIM1
SIM2
SIM3
SIM4
1
21
22
SIM5
SIM1
SIM2
SIM3
SIM4
1
21
22
SIM5
SIM1
SIM2
SIM3
SIM4
1
21
22
SIM5
SIM1
SIM2
SIM3
SIM4
1
21
22
SIM5
SIM1
SIM2
SIM3
SIM4
1
21
22
SIM5
SIM1
SIM2
SIM3
SIM4
1
21
22
SIM5
SIM1
SIM2
SIM3
SIM4
1
21
22
SIM5
SIM1
SIM2
SIM3
SIM4
1
21
22
SIM5
SIM1
SIM2
SIM3
SIM4
1
21
22
SIM5
SIM1
SIM2
SIM3
SIM4
1
21
22
SIM5
SIM1
SIM2
SIM3
SIM4
1
21
22
SIM5
SIM1
SIM2
SIM3
SIM4
1
21
22
SIM5
SIM1
SIM2
SIM3
SIM4
1
21
22
SIM5
SIM1
SIM2
SIM3
SIM4
1
21
22
SIM5
SIM1
SIM2
SIM3
SIM4
1
21
22
SIM5
SIM1
SIM2
SIM3
SIM4
1
21
22
SIM5
SIM1
SIM2
SIM3
SIM4
1
21
22
SIM5
SIM1
SIM2
SIM3
SIM4
1
21
22
SIM5
SIM1
SIM2
SIM3
SIM4
1
21
22
SIM5
SIM1
SIM2
SIM3
SIM4
1
21
22
SIM5
SIM1
SIM2
SIM3
SIM4
1
21
22
SIM5
SIM1
SIM2
SIM3
SIM4
1
21
22
SIM5
SIM1
SIM2
SIM3
SIM4
1
21
22
SIM5
SIM1
SIM2
SIM3
SIM4
1
21
22
SIM5
SIM1
SIM2
SIM3
SIM4
1
21
22
SIM5
SIM1
SIM2
SIM3
SIM4
1
21
22
SIM5
SIM1
SIM2
SIM3
SIM4
1
21
22
SIM5
SIM1
SIM2
SIM3
SIM4
1
21
22
SIM5
SIM1
SIM2
SIM3
SIM4
1
21
22
SIM5
SIM1
SIM2
SIM3
SIM4
1
21
22
SIM5
SIM1
SIM2
SIM3
SIM4
1
21
22
SIM5
SIM1
SIM2
SIM3
SIM4
1
21
22
SIM5
SIM1
SIM2
SIM3
SIM4
1
21
22
SIM5
SIM1
SIM2
SIM3
SIM4
1
21
22
SIM5
SIM1
SIM2
SIM3
SIM4
1
21
22
SIM5
SIM1
SIM2
SIM3
SIM4
1
21
22
SIM5
SIM1
SIM2
SIM3
SIM4
1
21
22
SIM5
SIM1
SIM2
SIM3
SIM4
1
21
22
SIM5
SIM1
SIM2
SIM3
SIM4
1
21
22
SIM5
SIM1
SIM2
SIM3
SIM4
1
21
22
SIM5
SIM1
SIM2
SIM3
SIM4
1
21
22
SIM5
SIM1
SIM2
SIM3
SIM4
1
21
22
SIM5
SIM1
SIM2
SIM3
SIM4
1
21
22
SIM5
SIM1
SIM2
SIM3
SIM4
1
21
22
SIM5
SIM1
SIM2
SIM3
SIM4
1
21
22
SIM5
SIM1
SIM2
SIM3
SIM4
1
21
22
SIM5
SIM1
SIM2
SIM3
SIM4
1
21
22
SIM5
SIM1
SIM2
SIM3
SIM4
1
21
22
SIM5
SIM1
SIM2
SIM3
SIM4
1
21
22
SIM5
SIM1
SIM2
SIM3
SIM4
1
21
22
SIM5
SIM1
SIM2
SIM3
SIM4
1
21
22
SIM5
SIM1
SIM2
SIM3
SIM4
1
21
22
SIM5
SIM1
SIM2
SIM3
SIM4
1
21
22
SIM5
SIM1
SIM2
SIM3
SIM4
1
21
22
SIM5
SIM1
SIM2
SIM3
SIM4
1
21
22
SIM5
SIM1
SIM2
SIM3
SIM4
1
21
22
SIM5
SIM1
SIM2
SIM3
SIM4
1
21
22
SIM5
SIM1
SIM2
SIM3
SIM4
1
21
22
SIM5
SIM1
SIM2
SIM3
SIM4
1
21
22
SIM5
SIM1
SIM2
SIM3
SIM4
1
21
22
SIM5
SIM1
SIM2
SIM3
SIM4
1
21
22
SIM5
SIM1
SIM2
SIM3
SIM4
1
21
22
SIM5
SIM1
SIM2
SIM3
SIM4
1
21
22
SIM5
SIM1
SIM2
SIM3
SIM4
1
21
22
SIM5
SIM1
SIM2
SIM3
SIM4
1
21
22
SIM5
SIM1
SIM2
SIM3
SIM4
1
21
22
SIM5
SIM1
SIM2
SIM3
SIM4
1
21
22
SIM5
SIM1
SIM2
SIM3
SIM4
1
21
22
SIM5
SIM1
SIM2
SIM3
SIM4
1
21
22
SIM5
SIM1
SIM2
SIM3
SIM4
1
21
22
SIM5
SIM1
SIM2
SIM3
SIM4
1
21
22
SIM5
SIM1
SIM2
SIM3
SIM4
1
21
22
SIM5
SIM1
SIM2
SIM3
SIM4
1
21
22
SIM5
SIM1
SIM2
SIM3
SIM4
1
21
22
SIM5
SIM1
SIM2
SIM3
SIM4
1
21
22
SIM5
SIM1
SIM2
SIM3
SIM4
1
21
22
SIM5
SIM1
SIM2
SIM3
SIM4
1
21
22
SIM5
SIM1
SIM2
SIM3
SIM4
1
21
22
SIM5
SIM1
SIM2
SIM3
SIM4
1
21
22
SIM5
SIM1
SIM2
SIM3
SIM4
1
21
22
SIM5
SIM1
SIM2
SIM3
SIM4
1
21
22
SIM5
SIM1
SIM2
SIM3
SIM4
1
21
22
SIM5
SIM1
SIM2
SIM3
SIM4
1
21
22
SIM5
SIM1
SIM2
SIM3
SIM4
1
21
22
SIM5
SIM1
SIM2
SIM3
SIM4
1
21
22
SIM5
SIM1
SIM2
SIM3
SIM4
1
21
22
SIM5
SIM1
SIM2
SIM3
SIM4
1
21
22
SIM5
SIM1
SIM2
SIM3
SIM4
1
21
22
SIM5
SIM1
SIM2
SIM3
SIM4
1
21
22
SIM5
SIM1
SIM2
SIM3
SIM4
1
21
22
SIM5
SIM1
SIM2
SIM3
SIM4
1
21
22
SIM5
SIM1
SIM2
SIM3
SIM4
1
21
22
SIM5
SIM1
SIM2
SIM3
SIM4
1
21
22
SIM5
SIM1
SIM2
SIM3
SIM4
1
21
22
SIM5
SIM1
SIM2
SIM3
SIM4
1
21
22
SIM5
SIM1
SIM2
SIM3
SIM4
1
21
22
SIM5
SIM1
SIM2
SIM3
SIM4
1
21
22
SIM5
SIM1
SIM2
SIM3
SIM4
1
21
22
SIM5
SIM1
SIM2
SIM3
SIM4
1
21
22
SIM5
SIM1
SIM2
SIM3
SIM4
1
21
22
SIM5
SIM1
SIM2
SIM3
SIM4
1
21
22
SIM5
SIM1
SIM2
SIM3
SIM4
1
21
22
SIM5
SIM1
SIM2
SIM3
SIM4
1
21
22
SIM5
SIM1
SIM2
SIM3
SIM4
1
21
22
SIM5
SIM1
SIM2
SIM3
SIM4
1
21
22
SIM5
SIM1
SIM2
SIM3
SIM4
1
21
22
SIM5
SIM1
SIM2
SIM3
SIM4
1
21
22
SIM5
SIM1
SIM2
SIM3
SIM4
1
21
22
SIM5
SIM1
SIM2
SIM3
SIM4
1
21
22
SIM5
SIM1
SIM2
SIM3
SIM4
1
21
22
SIM5
SIM1
SIM2
SIM3
SIM4
1
21
22
SIM5
SIM1
SIM2
SIM3
SIM4
1
21
22
SIM5
SIM1
SIM2
SIM3
SIM4
1
21
22
SIM5
SIM1
SIM2
SIM3
SIM4
1
21
22
SIM5
SIM1
SIM2
SIM3
SIM4
1
21
22
SIM5
SIM1
SIM2
SIM3
SIM4
1
21
22
SIM5
SIM1
SIM2
SIM3
SIM4
1
21
22
SIM5
SIM1
SIM2
SIM3
SIM4
1
21
22
SIM5
SIM1
SIM2
SIM3
SIM4
1
21
22
SIM5
SIM1
SIM2
SIM3
SIM4
1
21
22
SIM5
SIM1
SIM2
SIM3
SIM4
1
21
22
SIM5
SIM1
SIM2
SIM3
SIM4
1
21
22
SIM5
SIM1
SIM2
SIM3
SIM4
1
21
22
SIM5
SIM1
SIM2
SIM3
SIM4
1
21
22
SIM5
SIM1
SIM2
SIM3
SIM4
1
21
22
SIM5
SIM1
SIM2
SIM3
SIM4
1
21
22
SIM5
SIM1
SIM2
SIM3
SIM4
1
21
22
SIM5
SIM1
SIM2
DEBUG 1 311
SIM1
SIM2
SIM3
SIM4
1
21
22
SIM5
SIM1
SIM2
SIM3
SIM4
1
21
22
SIM5
SIM1
SIM2
SIM3
SIM4
1
21
22
SIM5
SIM1
SIM2
SIM3
SIM4
1
21
22
SIM5
SIM1
SIM2
SIM3
SIM4
1
21
22
SIM5
SIM1
SIM2
SIM3
SIM4
1
21
22
SIM5
SIM1
SIM2
SIM3
SIM4
1
21
22
SIM5
SIM1
SIM2
SIM3
SIM4
1
21
22
SIM5
SIM1
SIM2
SIM3
SIM4
1
21
22
SIM5
SIM1
SIM2
SIM3
SIM4
1
21
22
SIM5
SIM1
SIM2
SIM3
SIM4
1
21
22
SIM5
SIM1
SIM2
SIM3
SIM4
1
21
22
SIM5
SIM1
SIM2
SIM3
SIM4
1
21
22
SIM5
SIM1
SIM2
SIM3
SIM4
1
21
22
SIM5
SIM1
SIM2
SIM3
SIM4
1
21
22
SIM5
SIM1
SIM2
SIM3
SIM4
1
21
22
SIM5
SIM1
SIM2
SIM3
SIM4
1
21
22
SIM5
SIM1
SIM2
SIM3
SIM4
1
21
22
SIM5
SIM1
SIM2
SIM3
SIM4
1
21
22
SIM5
SIM1
SIM2
SIM3
SIM4
1
21
22
SIM5
SIM1
SIM2
SIM3
SIM4
1
21
22
SIM5
SIM1
SIM2
SIM3
SIM4
1
21
22
SIM5
SIM1
SIM2
SIM3
SIM4
1
21
22
SIM5
SIM1
SIM2
SIM3
SIM4
1
21
22
SIM5
SIM1
SIM2
SIM3
SIM4
1
21
22
SIM5
SIM1
SIM2
SIM3
SIM4
1
21
22
SIM5
SIM1
SIM2
SIM3
SIM4
1
21
22
SIM5
SIM1
SIM2
SIM3
SIM4
1
21
22
SIM5
SIM1
SIM2
SIM3
SIM4
1
21
22
SIM5
SIM1
SIM2
SIM3
SIM4
1
21
22
SIM5
SIM1
SIM2
SIM3
SIM4
1
21
22
SIM5
SIM1
SIM2
SIM3
SIM4
1
21
22
SIM5
SIM1
SIM2
SIM3
SIM4
1
21
22
SIM5
SIM1
SIM2
SIM3
SIM4
1
21
22
SIM5
SIM1
SIM2
SIM3
SIM4
1
21
22
SIM5
SIM1
SIM2
SIM3
SIM4
1
21
22
SIM5
SIM1
SIM2
SIM3
SIM4
1
21
22
SIM5
SIM1
SIM2
SIM3
SIM4
1
21
22
SIM5
SIM1
SIM2
SIM3
SIM4
1
21
22
SIM5
SIM1
SIM2
SIM3
SIM4
1
21
22
SIM5
SIM1
SIM2
SIM3
SIM4
1
21
22
SIM5
SIM1
SIM2
SIM3
SIM4
1
21
22
SIM5
SIM1
SIM2
SIM3
SIM4
1
21
22
SIM5
SIM1
SIM2
SIM3
SIM4
1
21
22
SIM5
SIM1
SIM2
SIM3
SIM4
1
21
22
SIM5
SIM1
SIM2
SIM3
SIM4
1
21
22
SIM5
SIM1
SIM2
SIM3
SIM4
1
21
22
SIM5
SIM1
SIM2
SIM3
SIM4
1
21
22
SIM5
SIM1
SIM2
SIM3
SIM4
1
21
22
SIM5
SIM1
SIM2
SIM3
SIM4
1
21
22
SIM5
SIM1
SIM2
SIM3
SIM4
1
21
22
SIM5
SIM1
SIM2
SIM3
SIM4
1
21
22
SIM5
SIM1
SIM2
SIM3
SIM4
1
21
22
SIM5
SIM1
SIM2
SIM3
SIM4
1
21
22
SIM5
SIM1
SIM2
SIM3
SIM4
1
21
22
SIM5
SIM1
SIM2
SIM3
SIM4
1
21
22
SIM5
SIM1
SIM2
SIM3
SIM4
1
21
22
SIM5
SIM1
SIM2
SIM3
SIM4
1
21
22
SIM5
SIM1
SIM2
SIM3
SIM4
1
21
22
SIM5
SIM1
SIM2
SIM3
SIM4
1
21
22
SIM5
SIM1
SIM2
SIM3
SIM4
1
21
22
SIM5
SIM1
SIM2
SIM3
SIM4
1
21
22
SIM5
SIM1
SIM2
SIM3
SIM4
1
21
22
SIM5
SIM1
SIM2
SIM3
SIM4
1
21
22
SIM5
SIM1
SIM2
SIM3
SIM4
1
21
22
SIM5
SIM1
SIM2
SIM3
SIM4
1
21
22
SIM5
SIM1
SIM2
SIM3
SIM4
1
21
22
SIM5
SIM1
SIM2
SIM3
SIM4
1
21
22
SIM5
SIM1
SIM2
SIM3
SIM4
1
21
22
SIM5
SIM1
SIM2
SIM3
SIM4
1
21
22
SIM5
SIM1
SIM2
SIM3
SIM4
1
21
22
SIM5
SIM1
SIM2
SIM3
SIM4
1
21
22
SIM5
SIM1
SIM2
SIM3
SIM4
1
21
22
SIM5
SIM1
SIM2
SIM3
SIM4
1
21
22
SIM5
SIM1
SIM2
SIM3
SIM4
1
21
22
SIM5
SIM1
SIM2
SIM3
SIM4
1
21
22
SIM5
SIM1
SIM2
SIM3
SIM4
1
21
22
SIM5
SIM1
SIM2
SIM3
SIM4
1
21
22
SIM5
SIM1
SIM2
SIM3
SIM4
1
21
22
SIM5
SIM1
SIM2
SIM3
SIM4
1
21
22
SIM5
SIM1
SIM2
SIM3
SIM4
1
21
22
SIM5
SIM1
SIM2
SIM3
SIM4
1
21
22
SIM5
SIM1
SIM2
SIM3
SIM4
1
21
22
SIM5
SIM1
SIM2
SIM3
SIM4
1
21
22
SIM5
SIM1
SIM2
SIM3
SIM4
1
21
22
SIM5
SIM1
SIM2
SIM3
SIM4
1
21
22
SIM5
SIM1
SIM2
SIM3
SIM4
1
21
22
SIM5
SIM1
SIM2
SIM3
SIM4
1
21
22
SIM5
SIM1
SIM2
SIM3
SIM4
1
21
22
SIM5
SIM1
SIM2
SIM3
SIM4
1
21
22
SIM5
SIM1
SIM2
SIM3
SIM4
1
21
22
SIM5
SIM1
SIM2
SIM3
SIM4
1
21
22
SIM5
SIM1
SIM2
SIM3
SIM4
1
21
22
SIM5
SIM1
SIM2
SIM3
SIM4
1
21
22
SIM5
SIM1
SIM2
SIM3
SIM4
1
21
22
SIM5
SIM1
SIM2
SIM3
SIM4
1
21
22
SIM5
SIM1
SIM2
SIM3
SIM4
1
21
22
SIM5
SIM1
SIM2
SIM3
SIM4
1
21
22
SIM5
SIM1
SIM2
SIM3
SIM4
1
21
22
SIM5
SIM1
SIM2
SIM3
SIM4
1
21
22
SIM5
SIM1
SIM2
SIM3
SIM4
1
21
22
SIM5
SIM1
SIM2
SIM3
SIM4
1
21
22
SIM5
SIM1
SIM2
SIM3
SIM4
1
21
22
SIM5
SIM1
SIM2
SIM3
SIM4
1
21
22
SIM5
SIM1
SIM2
SIM3
SIM4
1
21
22
SIM5
SIM1
SIM2
SIM3
SIM4
1
21
22
SIM5
SIM1
SIM2
SIM3
SIM4
1
21
22
SIM5
SIM1
SIM2
SIM3
SIM4
1
21
22
SIM5
SIM1
SIM2
SIM3
SIM4
1
21
22
SIM5
SIM1
SIM2
DEBUG 1 312
SIM1
SIM2
SIM3
SIM4
1
21
22
SIM5
SIM1
SIM2
SIM3
SIM4
1
21
22
SIM5
SIM1
SIM2
SIM3
SIM4
1
21
22
SIM5
SIM1
SIM2
SIM3
SIM4
1
21
22
SIM5
SIM1
SIM2
SIM3
SIM4
1
21
22
SIM5
SIM1
SIM2
SIM3
SIM4
1
21
22
SIM5
SIM1
SIM2
SIM3
SIM4
1
21
22
SIM5
SIM1
SIM2
SIM3
SIM4
1
21
22
SIM5
SIM1
SIM2
SIM3
SIM4
1
21
22
SIM5
SIM1
SIM2
SIM3
SIM4
1
21
22
SIM5
SIM1
SIM2
SIM3
SIM4
1
21
22
SIM5
SIM1
SIM2
SIM3
SIM4
1
21
22
SIM5
SIM1
SIM2
SIM3
SIM4
1
21
22
SIM5
SIM1
SIM2
SIM3
SIM4
1
21
22
SIM5
SIM1
SIM2
SIM3
SIM4
1
21
22
SIM5
SIM1
SIM2
SIM3
SIM4
1
21
22
SIM5
SIM1
SIM2
SIM3
SIM4
1
21
22
SIM5
SIM1
SIM2
SIM3
SIM4
1
21
22
SIM5
SIM1
SIM2
SIM3
SIM4
1
21
22
SIM5
SIM1
SIM2
SIM3
SIM4
1
21
22
SIM5
SIM1
SIM2
SIM3
SIM4
1
21
22
SIM5
SIM1
SIM2
SIM3
SIM4
1
21
22
SIM5
SIM1
SIM2
SIM3
SIM4
1
21
22
SIM5
SIM1
SIM2
SIM3
SIM4
1
21
22
SIM5
SIM1
SIM2
SIM3
SIM4
1
21
22
SIM5
SIM1
SIM2
SIM3
SIM4
1
21
22
SIM5
SIM1
SIM2
SIM3
SIM4
1
21
22
SIM5
SIM1
SIM2
SIM3
SIM4
1
21
22
SIM5
SIM1
SIM2
SIM3
SIM4
1
21
22
SIM5
SIM1
SIM2
SIM3
SIM4
1
21
22
SIM5
SIM1
SIM2
SIM3
SIM4
1
21
22
SIM5
SIM1
SIM2
SIM3
SIM4
1
21
22
SIM5
SIM1
SIM2
SIM3
SIM4
1
21
22
SIM5
SIM1
SIM2
SIM3
SIM4
1
21
22
SIM5
SIM1
SIM2
SIM3
SIM4
1
21
22
SIM5
SIM1
SIM2
SIM3
SIM4
1
21
22
SIM5
SIM1
SIM2
SIM3
SIM4
1
21
22
SIM5
SIM1
SIM2
SIM3
SIM4
1
21
22
SIM5
SIM1
SIM2
SIM3
SIM4
1
21
22
SIM5
SIM1
SIM2
SIM3
SIM4
1
21
22
SIM5
SIM1
SIM2
SIM3
SIM4
1
21
22
SIM5
SIM1
SIM2
SIM3
SIM4
1
21
22
SIM5
SIM1
SIM2
SIM3
SIM4
1
21
22
SIM5
SIM1
SIM2
SIM3
SIM4
1
21
22
SIM5
SIM1
SIM2
SIM3
SIM4
1
21
22
SIM5
SIM1
SIM2
SIM3
SIM4
1
21
22
SIM5
SIM1
SIM2
SIM3
SIM4
1
21
22
SIM5
SIM1
SIM2
SIM3
SIM4
1
21
22
SIM5
SIM1
SIM2
SIM3
SIM4
1
21
22
SIM5
SIM1
SIM2
SIM3
SIM4
1
21
22
SIM5
SIM1
SIM2
SIM3
SIM4
1
21
22
SIM5
SIM1
SIM2
SIM3
SIM4
1
21
22
SIM5
SIM1
SIM2
SIM3
SIM4
1
21
22
SIM5
SIM1
SIM2
SIM3
SIM4
1
21
22
SIM5
SIM1
SIM2
SIM3
SIM4
1
21
22
SIM5
SIM1
SIM2
SIM3
SIM4
1
21
22
SIM5
SIM1
SIM2
SIM3
SIM4
1
21
22
SIM5
SIM1
SIM2
SIM3
SIM4
1
21
22
SIM5
SIM1
SIM2
SIM3
SIM4
1
21
22
SIM5
SIM1
SIM2
SIM3
SIM4
1
21
22
SIM5
SIM1
SIM2
SIM3
SIM4
1
21
22
SIM5
SIM1
SIM2
SIM3
SIM4
1
21
22
SIM5
SIM1
SIM2
SIM3
SIM4
1
21
22
SIM5
SIM1
SIM2
SIM3
SIM4
1
21
22
SIM5
SIM1
SIM2
SIM3
SIM4
1
21
22
SIM5
SIM1
SIM2
SIM3
SIM4
1
21
22
SIM5
SIM1
SIM2
SIM3
SIM4
1
21
22
SIM5
SIM1
SIM2
SIM3
SIM4
1
21
22
SIM5
SIM1
SIM2
SIM3
SIM4
1
21
22
SIM5
SIM1
SIM2
SIM3
SIM4
1
21
22
SIM5
SIM1
SIM2
SIM3
SIM4
1
21
22
SIM5
SIM1
SIM2
SIM3
SIM4
1
21
22
SIM5
SIM1
SIM2
SIM3
SIM4
1
21
22
SIM5
SIM1
SIM2
SIM3
SIM4
1
21
22
SIM5
SIM1
SIM2
SIM3
SIM4
1
21
22
SIM5
SIM1
SIM2
SIM3
SIM4
1
21
22
SIM5
SIM1
SIM2
SIM3
SIM4
1
21
22
SIM5
SIM1
SIM2
SIM3
SIM4
1
21
22
SIM5
SIM1
SIM2
SIM3
SIM4
1
21
22
SIM5
SIM1
SIM2
SIM3
SIM4
1
21
22
SIM5
SIM1
SIM2
SIM3
SIM4
1
21
22
SIM5
SIM1
SIM2
SIM3
SIM4
1
21
22
SIM5
SIM1
SIM2
SIM3
SIM4
1
21
22
SIM5
SIM1
SIM2
SIM3
SIM4
1
21
22
SIM5
SIM1
SIM2
SIM3
SIM4
1
21
22
SIM5
SIM1
SIM2
SIM3
SIM4
1
21
22
SIM5
SIM1
SIM2
SIM3
SIM4
1
21
22
SIM5
SIM1
SIM2
SIM3
SIM4
1
21
22
SIM5
SIM1
SIM2
SIM3
SIM4
1
21
22
SIM5
SIM1
SIM2
SIM3
SIM4
1
21
22
SIM5
SIM1
SIM2
SIM3
SIM4
1
21
22
SIM5
SIM1
SIM2
SIM3
SIM4
1
21
22
SIM5
SIM1
SIM2
SIM3
SIM4
1
21
22
SIM5
SIM1
SIM2
SIM3
SIM4
1
21
22
SIM5
SIM1
SIM2
SIM3
SIM4
1
21
22
SIM5
SIM1
SIM2
SIM3
SIM4
1
21
22
SIM5
SIM1
SIM2
SIM3
SIM4
1
21
22
SIM5
SIM1
SIM2
SIM3
SIM4
1
21
22
SIM5
SIM1
SIM2
SIM3
SIM4
1
21
22
SIM5
SIM1
SIM2
SIM3
SIM4
1
21
22
SIM5
SIM1
SIM2
SIM3
SIM4
1
21
22
SIM5
SIM1
SIM2
SIM3
SIM4
1
21
22
SIM5
SIM1
SIM2
SIM3
SIM4
1
21
22
SIM5
SIM1
SIM2
SIM3
SIM4
1
21
22
SIM5
SIM1
SIM2
SIM3
SIM4
1
21
22
SIM5
SIM1
SIM2
SIM3
SIM4
1
21
22
SIM5
SIM1
SIM2
SIM3
SIM4
1
21
22
SIM5
SIM1
SIM2
SIM3
SIM4
1
21
22
SIM5
SIM1
SIM2
SIM3
SIM4
1
21
22
SIM5
SIM1
SIM2
SIM3
SIM4
1
21
22
SIM5
SIM1
SIM2
SIM3
SIM4
1
21
22
SIM5
SIM1
SIM2
SIM3
SIM4
1
21
22
SIM5
SIM1
SIM2
SIM3
SIM4
1
21
22
SIM5
SIM1
SIM2
SIM3
SIM4
1
21
22
SIM5
SIM1
SIM2
SIM3
SIM4
1
21
22
SIM5
SIM1
SIM2
SIM3
SIM4
1
21
22
SIM5
SIM1
SIM2
SIM3
SIM4
1
21
22
SIM5
SIM1
SIM2
SIM3
SIM4
1
21
22
SIM5
SIM1
SIM2
SIM3
SIM4
1
21
22
SIM5
SIM1
SIM2
SIM3
SIM4
1
21
22
SIM5
SIM1
SIM2
SIM3
SIM4
1
21
22
SIM5
SIM1
SIM2
SIM3
SIM4
1
21
22
SIM5
SIM1
SIM2
SIM3
SIM4
1
21
22
SIM5
SIM1
SIM2
SIM3
SIM4
1
21
22
SIM5
SIM1
SIM2
SIM3
SIM4
1
21
22
SIM5
SIM1
SIM2
SIM3
SIM4
1
21
22
SIM5
SIM1
SIM2
SIM3
SIM4
1
21
22
SIM5
SIM1
SIM2
SIM3
SIM4
1
21
22
SIM5
SIM1
SIM2
SIM3
SIM4
1
21
22
SIM5
SIM1
SIM2
SIM3
SIM4
1
21
22
SIM5
SIM1
SIM2
SIM3
SIM4
1
21
22
SIM5
SIM1
SIM2
SIM3
SIM4
1
21
22
SIM5
SIM1
SIM2
SIM3
SIM4
1
21
22
SIM5
SIM1
SIM2
SIM3
SIM4
1
21
22
SIM5
SIM1
SIM2
SIM3
SIM4
1
21
22
SIM5
SIM1
SIM2
SIM3
SIM4
1
21
22
SIM5
SIM1
SIM2
SIM3
SIM4
1
21
22
SIM5
SIM1
SIM2
SIM3
SIM4
1
21
22
SIM5
SIM1
SIM2
SIM3
SIM4
1
21
22
SIM5
SIM1
SIM2
SIM3
SIM4
1
21
22
SIM5
SIM1
SIM2
SIM3
SIM4
1
21
22
SIM5
SIM1
SIM2
DEBUG 1 313
SIM1
SIM2
SIM3
SIM4
1
21
22
SIM5
SIM1
SIM2
SIM3
SIM4
1
21
22
SIM5
SIM1
SIM2
SIM3
SIM4
1
21
22
SIM5
SIM1
SIM2
SIM3
SIM4
1
21
22
SIM5
SIM1
SIM2
SIM3
SIM4
1
21
22
SIM5
SIM1
SIM2
SIM3
SIM4
1
21
22
SIM5
SIM1
SIM2
SIM3
SIM4
1
21
22
SIM5
SIM1
SIM2
SIM3
SIM4
1
21
22
SIM5
SIM1
SIM2
SIM3
SIM4
1
21
22
SIM5
SIM1
SIM2
SIM3
SIM4
1
21
22
SIM5
SIM1
SIM2
SIM3
SIM4
1
21
22
SIM5
SIM1
SIM2
SIM3
SIM4
1
21
22
SIM5
SIM1
SIM2
SIM3
SIM4
1
21
22
SIM5
SIM1
SIM2
SIM3
SIM4
1
21
22
SIM5
SIM1
SIM2
SIM3
SIM4
1
21
22
SIM5
SIM1
SIM2
SIM3
SIM4
1
21
22
SIM5
SIM1
SIM2
SIM3
SIM4
1
21
22
SIM5
SIM1
SIM2
SIM3
SIM4
1
21
22
SIM5
SIM1
SIM2
SIM3
SIM4
1
21
22
SIM5
SIM1
SIM2
SIM3
SIM4
1
21
22
SIM5
SIM1
SIM2
SIM3
SIM4
1
21
22
SIM5
SIM1
SIM2
SIM3
SIM4
1
21
22
SIM5
SIM1
SIM2
SIM3
SIM4
1
21
22
SIM5
SIM1
SIM2
SIM3
SIM4
1
21
22
SIM5
SIM1
SIM2
SIM3
SIM4
1
21
22
SIM5
SIM1
SIM2
SIM3
SIM4
1
21
22
SIM5
SIM1
SIM2
SIM3
SIM4
1
21
22
SIM5
SIM1
SIM2
SIM3
SIM4
1
21
22
SIM5
SIM1
SIM2
SIM3
SIM4
1
21
22
SIM5
SIM1
SIM2
SIM3
SIM4
1
21
22
SIM5
SIM1
SIM2
SIM3
SIM4
1
21
22
SIM5
SIM1
SIM2
SIM3
SIM4
1
21
22
SIM5
SIM1
SIM2
SIM3
SIM4
1
21
22
SIM5
SIM1
SIM2
SIM3
SIM4
1
21
22
SIM5
SIM1
SIM2
SIM3
SIM4
1
21
22
SIM5
SIM1
SIM2
SIM3
SIM4
1
21
22
SIM5
SIM1
SIM2
SIM3
SIM4
1
21
22
SIM5
SIM1
SIM2
SIM3
SIM4
1
21
22
SIM5
SIM1
SIM2
SIM3
SIM4
1
21
22
SIM5
SIM1
SIM2
SIM3
SIM4
1
21
22
SIM5
SIM1
SIM2
SIM3
SIM4
1
21
22
SIM5
SIM1
SIM2
SIM3
SIM4
1
21
22
SIM5
SIM1
SIM2
SIM3
SIM4
1
21
22
SIM5
SIM1
SIM2
SIM3
SIM4
1
21
22
SIM5
SIM1
SIM2
SIM3
SIM4
1
21
22
SIM5
SIM1
SIM2
SIM3
SIM4
1
21
22
SIM5
SIM1
SIM2
SIM3
SIM4
1
21
22
SIM5
SIM1
SIM2
SIM3
SIM4
1
21
22
SIM5
SIM1
SIM2
SIM3
SIM4
1
21
22
SIM5
SIM1
SIM2
SIM3
SIM4
1
21
22
SIM5
SIM1
SIM2
SIM3
SIM4
1
21
22
SIM5
SIM1
SIM2
SIM3
SIM4
1
21
22
SIM5
SIM1
SIM2
SIM3
SIM4
1
21
22
SIM5
SIM1
SIM2
SIM3
SIM4
1
21
22
SIM5
SIM1
SIM2
SIM3
SIM4
1
21
22
SIM5
SIM1
SIM2
SIM3
SIM4
1
21
22
SIM5
SIM1
SIM2
SIM3
SIM4
1
21
22
SIM5
SIM1
SIM2
SIM3
SIM4
1
21
22
SIM5
SIM1
SIM2
SIM3
SIM4
1
21
22
SIM5
SIM1
SIM2
SIM3
SIM4
1
21
22
SIM5
SIM1
SIM2
SIM3
SIM4
1
21
22
SIM5
SIM1
SIM2
SIM3
SIM4
1
21
22
SIM5
SIM1
SIM2
SIM3
SIM4
1
21
22
SIM5
SIM1
SIM2
SIM3
SIM4
1
21
22
SIM5
SIM1
SIM2
SIM3
SIM4
1
21
22
SIM5
SIM1
SIM2
SIM3
SIM4
1
21
22
SIM5
SIM1
SIM2
SIM3
SIM4
1
21
22
SIM5
SIM1
SIM2
SIM3
SIM4
1
21
22
SIM5
SIM1
SIM2
SIM3
SIM4
1
21
22
SIM5
SIM1
SIM2
SIM3
SIM4
1
21
22
SIM5
SIM1
SIM2
SIM3
SIM4
1
21
22
SIM5
SIM1
SIM2
SIM3
SIM4
1
21
22
SIM5
SIM1
SIM2
SIM3
SIM4
1
21
22
SIM5
SIM1
SIM2
SIM3
SIM4
1
21
22
SIM5
SIM1
SIM2
SIM3
SIM4
1
21
22
SIM5
SIM1
SIM2
SIM3
SIM4
1
21
22
SIM5
SIM1
SIM2
SIM3
SIM4
1
21
22
SIM5
SIM1
SIM2
SIM3
SIM4
1
21
22
SIM5
SIM1
SIM2
SIM3
SIM4
1
21
22
SIM5
SIM1
SIM2
SIM3
SIM4
1
21
22
SIM5
SIM1
SIM2
SIM3
SIM4
1
21
22
SIM5
SIM1
SIM2
SIM3
SIM4
1
21
22
SIM5
SIM1
SIM2
SIM3
SIM4
1
21
22
SIM5
SIM1
SIM2
SIM3
SIM4
1
21
22
SIM5
SIM1
SIM2
SIM3
SIM4
1
21
22
SIM5
SIM1
SIM2
SIM3
SIM4
1
21
22
SIM5
SIM1
SIM2
SIM3
SIM4
1
21
22
SIM5
SIM1
SIM2
SIM3
SIM4
1
21
22
SIM5
SIM1
SIM2
SIM3
SIM4
1
21
22
SIM5
SIM1
SIM2
SIM3
SIM4
1
21
22
SIM5
SIM1
SIM2
SIM3
SIM4
1
21
22
SIM5
SIM1
SIM2
SIM3
SIM4
1
21
22
SIM5
SIM1
SIM2
SIM3
SIM4
1
21
22
SIM5
SIM1
SIM2
SIM3
SIM4
1
21
22
SIM5
SIM1
SIM2
SIM3
SIM4
1
21
22
SIM5
SIM1
SIM2
SIM3
SIM4
1
21
22
SIM5
SIM1
SIM2
SIM3
SIM4
1
21
22
SIM5
SIM1
SIM2
SIM3
SIM4
1
21
22
SIM5
SIM1
SIM2
SIM3
SIM4
1
21
22
SIM5
SIM1
SIM2
SIM3
SIM4
1
21
22
SIM5
SIM1
SIM2
SIM3
SIM4
1
21
22
SIM5
SIM1
SIM2
SIM3
SIM4
1
21
22
SIM5
SIM1
SIM2
SIM3
SIM4
1
21
22
SIM5
SIM1
SIM2
SIM3
SIM4
1
21
22
SIM5
SIM1
SIM2
SIM3
SIM4
1
21
22
SIM5
SIM1
SIM2
SIM3
SIM4
1
21
22
SIM5
SIM1
SIM2
SIM3
SIM4
1
21
22
SIM5
SIM1
SIM2
SIM3
SIM4
1
21
22
SIM5
SIM1
SIM2
SIM3
SIM4
1
21
22
SIM5
SIM1
SIM2
SIM3
SIM4
1
21
22
SIM5
SIM1
SIM2
SIM3
SIM4
1
21
22
SIM5
SIM1
SIM2
SIM3
SIM4
1
21
22
SIM5
SIM1
SIM2
SIM3
SIM4
1
21
22
SIM5
SIM1
SIM2
SIM3
SIM4
1
21
22
SIM5
SIM1
SIM2
SIM3
SIM4
1
21
22
SIM5
SIM1
SIM2
SIM3
SIM4
1
21
22
SIM5
SIM1
SIM2
SIM3
SIM4
1
21
22
SIM5
SIM1
SIM2
SIM3
SIM4
1
21
22
SIM5
SIM1
SIM2
SIM3
SIM4
1
21
22
SIM5
SIM1
SIM2
SIM3
SIM4
1
21
22
SIM5
SIM1
SIM2
SIM3
SIM4
1
21
22
SIM5
SIM1
SIM2
SIM3
SIM4
1
21
22
SIM5
SIM1
SIM2
SIM3
SIM4
1
21
22
SIM5
SIM1
SIM2
SIM3
SIM4
1
21
22
SIM5
SIM1
SIM2
SIM3
SIM4
1
21
22
SIM5
SIM1
SIM2
SIM3
SIM4
1
21
22
SIM5
SIM1
SIM2
SIM3
SIM4
1
21
22
SIM5
SIM1
SIM2
SIM3
SIM4
1
21
22
SIM5
SIM1
SIM2
SIM3
SIM4
1
21
22
SIM5
SIM1
SIM2
SIM3
SIM4
1
21
22
SIM5
SIM1
SIM2
SIM3
SIM4
1
21
22
SIM5
SIM1
SIM2
SIM3
SIM4
1
21
22
SIM5
SIM1
SIM2
SIM3
SIM4
1
21
22
SIM5
SIM1
SIM2
SIM3
SIM4
1
21
22
SIM5
SIM1
SIM2
SIM3
SIM4
1
21
22
SIM5
SIM1
SIM2
SIM3
SIM4
1
21
22
SIM5
SIM1
SIM2
SIM3
SIM4
1
21
22
SIM5
SIM1
SIM2
SIM3
SIM4
1
21
22
SIM5
SIM1
SIM2
SIM3
SIM4
1
21
22
SIM5
SIM1
SIM2
SIM3
SIM4
1
21
22
SIM5
SIM1
SIM2
SIM3
SIM4
1
21
22
SIM5
SIM1
SIM2
SIM3
SIM4
1
21
22
SIM5
SIM1
SIM2
SIM3
SIM4
1
21
22
SIM5
SIM1
SIM2
SIM3
SIM4
1
21
22
SIM5
SIM1
SIM2
SIM3
SIM4
1
21
22
SIM5
SIM1
SIM2
SIM3
SIM4
1
21
22
SIM5
SIM1
SIM2
SIM3
SIM4
1
21
22
SIM5
SIM1
SIM2
SIM3
SIM4
1
21
22
SIM5
SIM1
SIM2
DEBUG 1 314
SIM1
SIM2
SIM3
SIM4
1
21
22
SIM5
SIM1
SIM2
SIM3
SIM4
1
21
22
SIM5
SIM1
SIM2
SIM3
SIM4
1
21
22
SIM5
SIM1
SIM2
SIM3
SIM4
1
21
22
SIM5
SIM1
SIM2
SIM3
SIM4
1
21
22
SIM5
SIM1
SIM2
SIM3
SIM4
1
21
22
SIM5
SIM1
SIM2
SIM3
SIM4
1
21
22
SIM5
SIM1
SIM2
SIM3
SIM4
1
21
22
SIM5
SIM1
SIM2
SIM3
SIM4
1
21
22
SIM5
SIM1
SIM2
SIM3
SIM4
1
21
22
SIM5
SIM1
SIM2
SIM3
SIM4
1
21
22
SIM5
SIM1
SIM2
SIM3
SIM4
1
21
22
SIM5
SIM1
SIM2
SIM3
SIM4
1
21
22
SIM5
SIM1
SIM2
SIM3
SIM4
1
21
22
SIM5
SIM1
SIM2
SIM3
SIM4
1
21
22
SIM5
SIM1
SIM2
SIM3
SIM4
1
21
22
SIM5
SIM1
SIM2
SIM3
SIM4
1
21
22
SIM5
SIM1
SIM2
SIM3
SIM4
1
21
22
SIM5
SIM1
SIM2
SIM3
SIM4
1
21
22
SIM5
SIM1
SIM2
SIM3
SIM4
1
21
22
SIM5
SIM1
SIM2
SIM3
SIM4
1
21
22
SIM5
SIM1
SIM2
SIM3
SIM4
1
21
22
SIM5
SIM1
SIM2
SIM3
SIM4
1
21
22
SIM5
SIM1
SIM2
SIM3
SIM4
1
21
22
SIM5
SIM1
SIM2
SIM3
SIM4
1
21
22
SIM5
SIM1
SIM2
SIM3
SIM4
1
21
22
SIM5
SIM1
SIM2
SIM3
SIM4
1
21
22
SIM5
SIM1
SIM2
SIM3
SIM4
1
21
22
SIM5
SIM1
SIM2
SIM3
SIM4
1
21
22
SIM5
SIM1
SIM2
SIM3
SIM4
1
21
22
SIM5
SIM1
SIM2
SIM3
SIM4
1
21
22
SIM5
SIM1
SIM2
SIM3
SIM4
1
21
22
SIM5
SIM1
SIM2
SIM3
SIM4
1
21
22
SIM5
SIM1
SIM2
SIM3
SIM4
1
21
22
SIM5
SIM1
SIM2
SIM3
SIM4
1
21
22
SIM5
SIM1
SIM2
SIM3
SIM4
1
21
22
SIM5
SIM1
SIM2
SIM3
SIM4
1
21
22
SIM5
SIM1
SIM2
SIM3
SIM4
1
21
22
SIM5
SIM1
SIM2
SIM3
SIM4
1
21
22
SIM5
SIM1
SIM2
SIM3
SIM4
1
21
22
SIM5
SIM1
SIM2
SIM3
SIM4
1
21
22
SIM5
SIM1
SIM2
SIM3
SIM4
1
21
22
SIM5
SIM1
SIM2
SIM3
SIM4
1
21
22
SIM5
SIM1
SIM2
SIM3
SIM4
1
21
22
SIM5
SIM1
SIM2
SIM3
SIM4
1
21
22
SIM5
SIM1
SIM2
SIM3
SIM4
1
21
22
SIM5
SIM1
SIM2
SIM3
SIM4
1
21
22
SIM5
SIM1
SIM2
SIM3
SIM4
1
21
22
SIM5
SIM1
SIM2
SIM3
SIM4
1
21
22
SIM5
SIM1
SIM2
SIM3
SIM4
1
21
22
SIM5
SIM1
SIM2
SIM3
SIM4
1
21
22
SIM5
SIM1
SIM2
SIM3
SIM4
1
21
22
SIM5
SIM1
SIM2
SIM3
SIM4
1
21
22
SIM5
SIM1
SIM2
SIM3
SIM4
1
21
22
SIM5
SIM1
SIM2
SIM3
SIM4
1
21
22
SIM5
SIM1
SIM2
SIM3
SIM4
1
21
22
SIM5
SIM1
SIM2
SIM3
SIM4
1
21
22
SIM5
SIM1
SIM2
SIM3
SIM4
1
21
22
SIM5
SIM1
SIM2
SIM3
SIM4
1
21
22
SIM5
SIM1
SIM2
SIM3
SIM4
1
21
22
SIM5
SIM1
SIM2
SIM3
SIM4
1
21
22
SIM5
SIM1
SIM2
SIM3
SIM4
1
21
22
SIM5
SIM1
SIM2
SIM3
SIM4
1
21
22
SIM5
SIM1
SIM2
SIM3
SIM4
1
21
22
SIM5
SIM1
SIM2
SIM3
SIM4
1
21
22
SIM5
SIM1
SIM2
SIM3
SIM4
1
21
22
SIM5
SIM1
SIM2
SIM3
SIM4
1
21
22
SIM5
SIM1
SIM2
SIM3
SIM4
1
21
22
SIM5
SIM1
SIM2
SIM3
SIM4
1
21
22
SIM5
SIM1
SIM2
SIM3
SIM4
1
21
22
SIM5
SIM1
SIM2
SIM3
SIM4
1
21
22
SIM5
SIM1
SIM2
SIM3
SIM4
1
21
22
SIM5
SIM1
SIM2
SIM3
SIM4
1
21
22
SIM5
SIM1
SIM2
SIM3
SIM4
1
21
22
SIM5
SIM1
SIM2
SIM3
SIM4
1
21
22
SIM5
SIM1
SIM2
SIM3
SIM4
1
21
22
SIM5
SIM1
SIM2
SIM3
SIM4
1
21
22
SIM5
SIM1
SIM2
SIM3
SIM4
1
21
22
SIM5
SIM1
SIM2
SIM3
SIM4
1
21
22
SIM5
SIM1
SIM2
SIM3
SIM4
1
21
22
SIM5
SIM1
SIM2
SIM3
SIM4
1
21
22
SIM5
SIM1
SIM2
SIM3
SIM4
1
21
22
SIM5
SIM1
SIM2
SIM3
SIM4
1
21
22
SIM5
SIM1
SIM2
SIM3
SIM4
1
21
22
SIM5
SIM1
SIM2
SIM3
SIM4
1
21
22
SIM5
SIM1
SIM2
SIM3
SIM4
1
21
22
SIM5
SIM1
SIM2
SIM3
SIM4
1
21
22
SIM5
SIM1
SIM2
SIM3
SIM4
1
21
22
SIM5
SIM1
SIM2
SIM3
SIM4
1
21
22
SIM5
SIM1
SIM2
SIM3
SIM4
1
21
22
SIM5
SIM1
SIM2
SIM3
SIM4
1
21
22
SIM5
SIM1
SIM2
SIM3
SIM4
1
21
22
SIM5
SIM1
SIM2
SIM3
SIM4
1
21
22
SIM5
SIM1
SIM2
SIM3
SIM4
1
21
22
SIM5
SIM1
SIM2
SIM3
SIM4
1
21
22
SIM5
SIM1
SIM2
SIM3
SIM4
1
21
22
SIM5
SIM1
SIM2
SIM3
SIM4
1
21
22
SIM5
SIM1
SIM2
SIM3
SIM4
1
21
22
SIM5
SIM1
SIM2
SIM3
SIM4
1
21
22
SIM5
SIM1
SIM2
SIM3
SIM4
1
21
22
SIM5
SIM1
SIM2
SIM3
SIM4
1
21
22
SIM5
SIM1
SIM2
SIM3
SIM4
1
21
22
SIM5
SIM1
SIM2
SIM3
SIM4
1
21
22
SIM5
SIM1
SIM2
SIM3
SIM4
1
21
22
SIM5
SIM1
SIM2
SIM3
SIM4
1
21
22
SIM5
SIM1
SIM2
SIM3
SIM4
1
21
22
SIM5
SIM1
SIM2
SIM3
SIM4
1
21
22
SIM5
SIM1
SIM2
SIM3
SIM4
1
21
22
SIM5
SIM1
SIM2
SIM3
SIM4
1
21
22
SIM5
SIM1
SIM2
SIM3
SIM4
1
21
22
SIM5
SIM1
SIM2
SIM3
SIM4
1
21
22
SIM5
SIM1
SIM2
SIM3
SIM4
1
21
22
SIM5
SIM1
SIM2
SIM3
SIM4
1
21
22
SIM5
SIM1
SIM2
SIM3
SIM4
1
21
22
SIM5
SIM1
SIM2
SIM3
SIM4
1
21
22
SIM5
SIM1
SIM2
SIM3
SIM4
1
21
22
SIM5
SIM1
SIM2
SIM3
SIM4
1
21
22
SIM5
SIM1
SIM2
SIM3
SIM4
1
21
22
SIM5
SIM1
SIM2
SIM3
SIM4
1
21
22
SIM5
SIM1
SIM2
SIM3
SIM4
1
21
22
SIM5
SIM1
SIM2
SIM3
SIM4
1
21
22
SIM5
SIM1
SIM2
SIM3
SIM4
1
21
22
SIM5
SIM1
SIM2
SIM3
SIM4
1
21
22
SIM5
SIM1
SIM2
SIM3
SIM4
1
21
22
SIM5
SIM1
SIM2
SIM3
SIM4
1
21
22
SIM5
SIM1
SIM2
SIM3
SIM4
1
21
22
SIM5
SIM1
SIM2
SIM3
SIM4
1
21
22
SIM5
SIM1
SIM2
SIM3
SIM4
1
21
22
SIM5
SIM1
SIM2
SIM3
SIM4
1
21
22
SIM5
SIM1
SIM2
SIM3
SIM4
1
21
22
SIM5
SIM1
SIM2
SIM3
SIM4
1
21
22
SIM5
SIM1
SIM2
SIM3
SIM4
1
21
22
SIM5
SIM1
SIM2
SIM3
SIM4
1
21
22
SIM5
SIM1
SIM2
SIM3
SIM4
1
21
22
SIM5
SIM1
SIM2
SIM3
SIM4
1
21
22
SIM5
SIM1
SIM2
SIM3
SIM4
1
21
22
SIM5
SIM1
SIM2
SIM3
SIM4
1
21
22
SIM5
SIM1
SIM2
SIM3
SIM4
1
21
22
SIM5
SIM1
SIM2
SIM3
SIM4
1
21
22
SIM5
SIM1
SIM2
SIM3
SIM4
1
21
22
SIM5
SIM1
SIM2
SIM3
SIM4
1
21
22
SIM5
SIM1
SIM2
SIM3
SIM4
1
21
22
SIM5
SIM1
SIM2
SIM3
SIM4
1
21
22
SIM5
SIM1
SIM2
SIM3
SIM4
1
21
22
SIM5
SIM1
SIM2
SIM3
SIM4
1
21
22
SIM5
SIM1
SIM2
SIM3
SIM4
1
21
22
SIM5
SIM1
SIM2
SIM3
SIM4
1
21
22
SIM5
SIM1
SIM2
SIM3
SIM4
1
21
22
SIM5
SIM1
SIM2
SIM3
SIM4
1
21
22
SIM5
SIM1
SIM2
SIM3
SIM4
1
21
22
SIM5
SIM1
SIM2
SIM3
SIM4
1
21
22
SIM5
SIM1
SIM2
SIM3
SIM4
1
21
22
SIM5
SIM1
SIM2
SIM3
SIM4
1
21
22
SIM5
SIM1
SIM2
SIM3
SIM4
1
21
22
SIM5
SIM1
SIM2
SIM3
SIM4
1
21
22
SIM5
SIM1
SIM2
SIM3
SIM4
1
21
22
SIM5
SIM1
SIM2
SIM3
SIM4
1
21
22
SIM5
SIM1
SIM2
SIM3
SIM4
1
21
22
SIM5
SIM1
SIM2
SIM3
SIM4
1
21
22
SIM5
SIM1
SIM2
SIM3
SIM4
1
21
22
SIM5
SIM1
SIM2
SIM3
SIM4
1
21
22
SIM5
SIM1
SIM2
SIM3
SIM4
1
21
22
SIM5
SIM1
SIM2
SIM3
SIM4
1
21
22
SIM5
SIM1
SIM2
SIM3
SIM4
1
21
22
SIM5
SIM1
SIM2
SIM3
SIM4
1
21
22
SIM5
SIM1
SIM2
SIM3
SIM4
1
21
22
SIM5
SIM1
SIM2
SIM3
SIM4
1
21
22
SIM5
SIM1
SIM2
SIM3
SIM4
1
21
22
SIM5
SIM1
SIM2
SIM3
SIM4
1
21
22
SIM5
SIM1
SIM2
SIM3
SIM4
1
21
22
SIM5
SIM1
SIM2
SIM3
SIM4
1
21
22
SIM5
SIM1
SIM2
SIM3
SIM4
1
21
22
SIM5
SIM1
SIM2
SIM3
SIM4
1
21
22
SIM5
SIM1
SIM2
SIM3
SIM4
1
21
22
SIM5
SIM1
SIM2
SIM3
SIM4
1
21
22
SIM5
SIM1
SIM2
SIM3
SIM4
1
21
22
SIM5
SIM1
SIM2
SIM3
SIM4
1
21
22
SIM5
SIM1
SIM2
SIM3
SIM4
1
21
22
SIM5
SIM1
SIM2
SIM3
SIM4
1
21
22
SIM5
SIM1
SIM2
SIM3
SIM4
1
21
22
SIM5
SIM1
SIM2
SIM3
SIM4
1
21
22
SIM5
SIM1
SIM2
SIM3
SIM4
1
21
22
SIM5
SIM1
SIM2
SIM3
SIM4
1
21
22
SIM5
SIM1
SIM2
SIM3
SIM4
1
21
22
SIM5
SIM1
SIM2
SIM3
SIM4
1
21
22
SIM5
SIM1
SIM2
SIM3
SIM4
1
21
22
SIM5
SIM1
SIM2
SIM3
SIM4
1
21
22
SIM5
SIM1
SIM2
SIM3
SIM4
1
21
22
SIM5
SIM1
SIM2
SIM3
SIM4
1
21
22
SIM5
SIM1
SIM2
SIM3
SIM4
1
21
22
SIM5
SIM1
SIM2
SIM3
SIM4
1
21
22
SIM5
SIM1
SIM2
SIM3
SIM4
1
21
22
SIM5
SIM1
SIM2
SIM3
SIM4
1
21
22
SIM5
SIM1
SIM2
SIM3
SIM4
1
21
22
SIM5
SIM1
SIM2
DEBUG 1 315
SIM1
SIM2
SIM3
SIM4
1
21
22
SIM5
SIM1
SIM2
SIM3
SIM4
1
21
22
SIM5
SIM1
SIM2
SIM3
SIM4
1
21
22
SIM5
SIM1
SIM2
SIM3
SIM4
1
21
22
SIM5
SIM1
SIM2
SIM3
SIM4
1
21
22
SIM5
SIM1
SIM2
SIM3
SIM4
1
21
22
SIM5
SIM1
SIM2
SIM3
SIM4
1
21
22
SIM5
SIM1
SIM2
SIM3
SIM4
1
21
22
SIM5
SIM1
SIM2
SIM3
SIM4
1
21
22
SIM5
SIM1
SIM2
SIM3
SIM4
1
21
22
SIM5
SIM1
SIM2
SIM3
SIM4
1
21
22
SIM5
SIM1
SIM2
SIM3
SIM4
1
21
22
SIM5
SIM1
SIM2
SIM3
SIM4
1
21
22
SIM5
SIM1
SIM2
SIM3
SIM4
1
21
22
SIM5
SIM1
SIM2
SIM3
SIM4
1
21
22
SIM5
SIM1
SIM2
SIM3
SIM4
1
21
22
SIM5
SIM1
SIM2
SIM3
SIM4
1
21
22
SIM5
SIM1
SIM2
SIM3
SIM4
1
21
22
SIM5
SIM1
SIM2
SIM3
SIM4
1
21
22
SIM5
SIM1
SIM2
SIM3
SIM4
1
21
22
SIM5
SIM1
SIM2
SIM3
SIM4
1
21
22
SIM5
SIM1
SIM2
SIM3
SIM4
1
21
22
SIM5
SIM1
SIM2
SIM3
SIM4
1
21
22
SIM5
SIM1
SIM2
SIM3
SIM4
1
21
22
SIM5
SIM1
SIM2
SIM3
SIM4
1
21
22
SIM5
SIM1
SIM2
SIM3
SIM4
1
21
22
SIM5
SIM1
SIM2
SIM3
SIM4
1
21
22
SIM5
SIM1
SIM2
SIM3
SIM4
1
21
22
SIM5
SIM1
SIM2
SIM3
SIM4
1
21
22
SIM5
SIM1
SIM2
SIM3
SIM4
1
21
22
SIM5
SIM1
SIM2
SIM3
SIM4
1
21
22
SIM5
SIM1
SIM2
SIM3
SIM4
1
21
22
SIM5
SIM1
SIM2
SIM3
SIM4
1
21
22
SIM5
SIM1
SIM2
SIM3
SIM4
1
21
22
SIM5
SIM1
SIM2
SIM3
SIM4
1
21
22
SIM5
SIM1
SIM2
SIM3
SIM4
1
21
22
SIM5
SIM1
SIM2
SIM3
SIM4
1
21
22
SIM5
SIM1
SIM2
SIM3
SIM4
1
21
22
SIM5
SIM1
SIM2
SIM3
SIM4
1
21
22
SIM5
SIM1
SIM2
SIM3
SIM4
1
21
22
SIM5
SIM1
SIM2
SIM3
SIM4
1
21
22
SIM5
SIM1
SIM2
SIM3
SIM4
1
21
22
SIM5
SIM1
SIM2
SIM3
SIM4
1
21
22
SIM5
SIM1
SIM2
SIM3
SIM4
1
21
22
SIM5
SIM1
SIM2
SIM3
SIM4
1
21
22
SIM5
SIM1
SIM2
SIM3
SIM4
1
21
22
SIM5
SIM1
SIM2
SIM3
SIM4
1
21
22
SIM5
SIM1
SIM2
SIM3
SIM4
1
21
22
SIM5
SIM1
SIM2
SIM3
SIM4
1
21
22
SIM5
SIM1
SIM2
SIM3
SIM4
1
21
22
SIM5
SIM1
SIM2
SIM3
SIM4
1
21
22
SIM5
SIM1
SIM2
SIM3
SIM4
1
21
22
SIM5
SIM1
SIM2
SIM3
SIM4
1
21
22
SIM5
SIM1
SIM2
SIM3
SIM4
1
21
22
SIM5
SIM1
SIM2
SIM3
SIM4
1
21
22
SIM5
SIM1
SIM2
SIM3
SIM4
1
21
22
SIM5
SIM1
SIM2
SIM3
SIM4
1
21
22
SIM5
SIM1
SIM2
SIM3
SIM4
1
21
22
SIM5
SIM1
SIM2
SIM3
SIM4
1
21
22
SIM5
SIM1
SIM2
SIM3
SIM4
1
21
22
SIM5
SIM1
SIM2
SIM3
SIM4
1
21
22
SIM5
SIM1
SIM2
SIM3
SIM4
1
21
22
SIM5
SIM1
SIM2
SIM3
SIM4
1
21
22
SIM5
SIM1
SIM2
SIM3
SIM4
1
21
22
SIM5
SIM1
SIM2
SIM3
SIM4
1
21
22
SIM5
SIM1
SIM2
SIM3
SIM4
1
21
22
SIM5
SIM1
SIM2
SIM3
SIM4
1
21
22
SIM5
SIM1
SIM2
SIM3
SIM4
1
21
22
SIM5
SIM1
SIM2
SIM3
SIM4
1
21
22
SIM5
SIM1
SIM2
SIM3
SIM4
1
21
22
SIM5
SIM1
SIM2
SIM3
SIM4
1
21
22
SIM5
SIM1
SIM2
SIM3
SIM4
1
21
22
SIM5
SIM1
SIM2
SIM3
SIM4
1
21
22
SIM5
SIM1
SIM2
SIM3
SIM4
1
21
22
SIM5
SIM1
SIM2
SIM3
SIM4
1
21
22
SIM5
SIM1
SIM2
SIM3
SIM4
1
21
22
SIM5
SIM1
SIM2
SIM3
SIM4
1
21
22
SIM5
SIM1
SIM2
SIM3
SIM4
1
21
22
SIM5
SIM1
SIM2
SIM3
SIM4
1
21
22
SIM5
SIM1
SIM2
SIM3
SIM4
1
21
22
SIM5
SIM1
SIM2
SIM3
SIM4
1
21
22
SIM5
SIM1
SIM2
SIM3
SIM4
1
21
22
SIM5
SIM1
SIM2
SIM3
SIM4
1
21
22
SIM5
SIM1
SIM2
SIM3
SIM4
1
21
22
SIM5
SIM1
SIM2
SIM3
SIM4
1
21
22
SIM5
SIM1
SIM2
SIM3
SIM4
1
21
22
SIM5
SIM1
SIM2
SIM3
SIM4
1
21
22
SIM5
SIM1
SIM2
SIM3
SIM4
1
21
22
SIM5
SIM1
SIM2
SIM3
SIM4
1
21
22
SIM5
SIM1
SIM2
SIM3
SIM4
1
21
22
SIM5
SIM1
SIM2
SIM3
SIM4
1
21
22
SIM5
SIM1
SIM2
SIM3
SIM4
1
21
22
SIM5
SIM1
SIM2
SIM3
SIM4
1
21
22
SIM5
SIM1
SIM2
SIM3
SIM4
1
21
22
SIM5
SIM1
SIM2
SIM3
SIM4
1
21
22
SIM5
SIM1
SIM2
SIM3
SIM4
1
21
22
SIM5
SIM1
SIM2
SIM3
SIM4
1
21
22
SIM5
SIM1
SIM2
SIM3
SIM4
1
21
22
SIM5
SIM1
SIM2
SIM3
SIM4
1
21
22
SIM5
SIM1
SIM2
SIM3
SIM4
1
21
22
SIM5
SIM1
SIM2
SIM3
SIM4
1
21
22
SIM5
SIM1
SIM2
SIM3
SIM4
1
21
22
SIM5
SIM1
SIM2
SIM3
SIM4
1
21
22
SIM5
SIM1
SIM2
SIM3
SIM4
1
21
22
SIM5
SIM1
SIM2
SIM3
SIM4
1
21
22
SIM5
SIM1
SIM2
SIM3
SIM4
1
21
22
SIM5
SIM1
SIM2
SIM3
SIM4
1
21
22
SIM5
SIM1
SIM2
SIM3
SIM4
1
21
22
SIM5
SIM1
SIM2
SIM3
SIM4
1
21
22
SIM5
SIM1
SIM2
SIM3
SIM4
1
21
22
SIM5
SIM1
SIM2
SIM3
SIM4
1
21
22
SIM5
SIM1
SIM2
SIM3
SIM4
1
21
22
SIM5
SIM1
SIM2
SIM3
SIM4
1
21
22
SIM5
SIM1
SIM2
SIM3
SIM4
1
21
22
SIM5
SIM1
SIM2
SIM3
SIM4
1
21
22
SIM5
SIM1
SIM2
SIM3
SIM4
1
21
22
SIM5
SIM1
SIM2
SIM3
SIM4
1
21
22
SIM5
SIM1
SIM2
SIM3
SIM4
1
21
22
SIM5
SIM1
SIM2
SIM3
SIM4
1
21
22
SIM5
SIM1
SIM2
SIM3
SIM4
1
21
22
SIM5
SIM1
SIM2
SIM3
SIM4
1
21
22
SIM5
SIM1
SIM2
SIM3
SIM4
1
21
22
SIM5
SIM1
SIM2
SIM3
SIM4
1
21
22
SIM5
SIM1
SIM2
SIM3
SIM4
1
21
22
SIM5
SIM1
SIM2
SIM3
SIM4
1
21
22
SIM5
SIM1
SIM2
SIM3
SIM4
1
21
22
SIM5
SIM1
SIM2
SIM3
SIM4
1
21
22
SIM5
SIM1
SIM2
SIM3
SIM4
1
21
22
SIM5
SIM1
SIM2
SIM3
SIM4
1
21
22
SIM5
SIM1
SIM2
SIM3
SIM4
1
21
22
SIM5
SIM1
SIM2
SIM3
SIM4
1
21
22
SIM5
SIM1
SIM2
SIM3
SIM4
1
21
22
SIM5
SIM1
SIM2
SIM3
SIM4
1
21
22
SIM5
SIM1
SIM2
SIM3
SIM4
1
21
22
SIM5
SIM1
SIM2
SIM3
SIM4
1
21
22
SIM5
SIM1
SIM2
SIM3
SIM4
1
21
22
SIM5
SIM1
SIM2
SIM3
SIM4
1
21
22
SIM5
SIM1
SIM2
SIM3
SIM4
1
21
22
SIM5
SIM1
SIM2
SIM3
SIM4
1
21
22
SIM5
SIM1
SIM2
SIM3
SIM4
1
21
22
SIM5
SIM1
SIM2
SIM3
SIM4
1
21
22
SIM5
SIM1
SIM2
SIM3
SIM4
1
21
22
SIM5
SIM1
SIM2
SIM3
SIM4
1
21
22
SIM5
SIM1
SIM2
SIM3
SIM4
1
21
22
SIM5
SIM1
SIM2
SIM3
SIM4
1
21
22
SIM5
SIM1
SIM2
SIM3
SIM4
1
21
22
SIM5
SIM1
SIM2
SIM3
SIM4
1
21
22
SIM5
SIM1
SIM2
SIM3
SIM4
1
21
22
SIM5
SIM1
SIM2
SIM3
SIM4
1
21
22
SIM5
SIM1
SIM2
SIM3
SIM4
1
21
22
SIM5
SIM1
SIM2
SIM3
SIM4
1
21
22
SIM5
SIM1
SIM2
SIM3
SIM4
1
21
22
SIM5
SIM1
SIM2
SIM3
SIM4
1
21
22
SIM5
SIM1
SIM2
SIM3
SIM4
1
21
22
SIM5
SIM1
SIM2
SIM3
SIM4
1
21
22
SIM5
SIM1
SIM2
SIM3
SIM4
1
21
22
SIM5
SIM1
SIM2
SIM3
SIM4
1
21
22
SIM5
SIM1
SIM2
SIM3
SIM4
1
21
22
SIM5
SIM1
SIM2
SIM3
SIM4
1
21
22
SIM5
SIM1
SIM2
SIM3
SIM4
1
21
22
SIM5
SIM1
SIM2
SIM3
SIM4
1
21
22
SIM5
SIM1
SIM2
SIM3
SIM4
1
21
22
SIM5
SIM1
SIM2
SIM3
SIM4
1
21
22
SIM5
SIM1
SIM2
SIM3
SIM4
1
21
22
SIM5
SIM1
SIM2
SIM3
SIM4
1
21
22
SIM5
SIM1
SIM2
SIM3
SIM4
1
21
22
SIM5
SIM1
SIM2
SIM3
SIM4
1
21
22
SIM5
SIM1
SIM2
SIM3
SIM4
1
21
22
SIM5
SIM1
SIM2
SIM3
SIM4
1
21
22
SIM5
SIM1
SIM2
SIM3
SIM4
1
21
22
SIM5
SIM1
SIM2
SIM3
SIM4
1
21
22
SIM5
SIM1
SIM2
SIM3
SIM4
1
21
22
SIM5
SIM1
SIM2
SIM3
SIM4
1
21
22
SIM5
SIM1
SIM2
SIM3
SIM4
1
21
22
SIM5
SIM1
SIM2
SIM3
SIM4
1
21
22
SIM5
SIM1
SIM2
SIM3
SIM4
1
21
22
SIM5
SIM1
SIM2
SIM3
SIM4
1
21
22
SIM5
SIM1
SIM2
SIM3
SIM4
1
21
22
SIM5
SIM1
SIM2
SIM3
SIM4
1
21
22
SIM5
SIM1
SIM2
SIM3
SIM4
1
21
22
SIM5
SIM1
SIM2
SIM3
SIM4
1
21
22
SIM5
SIM1
SIM2
SIM3
SIM4
1
21
22
SIM5
SIM1
SIM2
SIM3
SIM4
1
21
22
SIM5
SIM1
SIM2
DEBUG 1 316
SIM1
SIM2
SIM3
SIM4
1
21
22
SIM5
SIM1
SIM2
SIM3
SIM4
1
21
22
SIM5
SIM1
SIM2
SIM3
SIM4
1
21
22
SIM5
SIM1
SIM2
SIM3
SIM4
1
21
22
SIM5
SIM1
SIM2
SIM3
SIM4
1
21
22
SIM5
SIM1
SIM2
SIM3
SIM4
1
21
22
SIM5
SIM1
SIM2
SIM3
SIM4
1
21
22
SIM5
SIM1
SIM2
SIM3
SIM4
1
21
22
SIM5
SIM1
SIM2
SIM3
SIM4
1
21
22
SIM5
SIM1
SIM2
SIM3
SIM4
1
21
22
SIM5
SIM1
SIM2
SIM3
SIM4
1
21
22
SIM5
SIM1
SIM2
SIM3
SIM4
1
21
22
SIM5
SIM1
SIM2
SIM3
SIM4
1
21
22
SIM5
SIM1
SIM2
SIM3
SIM4
1
21
22
SIM5
SIM1
SIM2
SIM3
SIM4
1
21
22
SIM5
SIM1
SIM2
SIM3
SIM4
1
21
22
SIM5
SIM1
SIM2
SIM3
SIM4
1
21
22
SIM5
SIM1
SIM2
SIM3
SIM4
1
21
22
SIM5
SIM1
SIM2
SIM3
SIM4
1
21
22
SIM5
SIM1
SIM2
SIM3
SIM4
1
21
22
SIM5
SIM1
SIM2
SIM3
SIM4
1
21
22
SIM5
SIM1
SIM2
SIM3
SIM4
1
21
22
SIM5
SIM1
SIM2
SIM3
SIM4
1
21
22
SIM5
SIM1
SIM2
SIM3
SIM4
1
21
22
SIM5
SIM1
SIM2
SIM3
SIM4
1
21
22
SIM5
SIM1
SIM2
SIM3
SIM4
1
21
22
SIM5
SIM1
SIM2
SIM3
SIM4
1
21
22
SIM5
SIM1
SIM2
SIM3
SIM4
1
21
22
SIM5
SIM1
SIM2
SIM3
SIM4
1
21
22
SIM5
SIM1
SIM2
SIM3
SIM4
1
21
22
SIM5
SIM1
SIM2
SIM3
SIM4
1
21
22
SIM5
SIM1
SIM2
SIM3
SIM4
1
21
22
SIM5
SIM1
SIM2
SIM3
SIM4
1
21
22
SIM5
SIM1
SIM2
SIM3
SIM4
1
21
22
SIM5
SIM1
SIM2
SIM3
SIM4
1
21
22
SIM5
SIM1
SIM2
SIM3
SIM4
1
21
22
SIM5
SIM1
SIM2
SIM3
SIM4
1
21
22
SIM5
SIM1
SIM2
SIM3
SIM4
1
21
22
SIM5
SIM1
SIM2
SIM3
SIM4
1
21
22
SIM5
SIM1
SIM2
SIM3
SIM4
1
21
22
SIM5
SIM1
SIM2
SIM3
SIM4
1
21
22
SIM5
SIM1
SIM2
SIM3
SIM4
1
21
22
SIM5
SIM1
SIM2
SIM3
SIM4
1
21
22
SIM5
SIM1
SIM2
SIM3
SIM4
1
21
22
SIM5
SIM1
SIM2
SIM3
SIM4
1
21
22
SIM5
SIM1
SIM2
SIM3
SIM4
1
21
22
SIM5
SIM1
SIM2
SIM3
SIM4
1
21
22
SIM5
SIM1
SIM2
SIM3
SIM4
1
21
22
SIM5
SIM1
SIM2
SIM3
SIM4
1
21
22
SIM5
SIM1
SIM2
SIM3
SIM4
1
21
22
SIM5
SIM1
SIM2
SIM3
SIM4
1
21
22
SIM5
SIM1
SIM2
SIM3
SIM4
1
21
22
SIM5
SIM1
SIM2
SIM3
SIM4
1
21
22
SIM5
SIM1
SIM2
SIM3
SIM4
1
21
22
SIM5
SIM1
SIM2
SIM3
SIM4
1
21
22
SIM5
SIM1
SIM2
SIM3
SIM4
1
21
22
SIM5
SIM1
SIM2
SIM3
SIM4
1
21
22
SIM5
SIM1
SIM2
SIM3
SIM4
1
21
22
SIM5
SIM1
SIM2
SIM3
SIM4
1
21
22
SIM5
SIM1
SIM2
SIM3
SIM4
1
21
22
SIM5
SIM1
SIM2
SIM3
SIM4
1
21
22
SIM5
SIM1
SIM2
SIM3
SIM4
1
21
22
SIM5
SIM1
SIM2
SIM3
SIM4
1
21
22
SIM5
SIM1
SIM2
SIM3
SIM4
1
21
22
SIM5
SIM1
SIM2
SIM3
SIM4
1
21
22
SIM5
SIM1
SIM2
SIM3
SIM4
1
21
22
SIM5
SIM1
SIM2
SIM3
SIM4
1
21
22
SIM5
SIM1
SIM2
SIM3
SIM4
1
21
22
SIM5
SIM1
SIM2
SIM3
SIM4
1
21
22
SIM5
SIM1
SIM2
SIM3
SIM4
1
21
22
SIM5
SIM1
SIM2
SIM3
SIM4
1
21
22
SIM5
SIM1
SIM2
SIM3
SIM4
1
21
22
SIM5
SIM1
SIM2
SIM3
SIM4
1
21
22
SIM5
SIM1
SIM2
SIM3
SIM4
1
21
22
SIM5
SIM1
SIM2
SIM3
SIM4
1
21
22
SIM5
SIM1
SIM2
SIM3
SIM4
1
21
22
SIM5
SIM1
SIM2
SIM3
SIM4
1
21
22
SIM5
SIM1
SIM2
SIM3
SIM4
1
21
22
SIM5
SIM1
SIM2
SIM3
SIM4
1
21
22
SIM5
SIM1
SIM2
SIM3
SIM4
1
21
22
SIM5
SIM1
SIM2
SIM3
SIM4
1
21
22
SIM5
SIM1
SIM2
SIM3
SIM4
1
21
22
SIM5
SIM1
SIM2
SIM3
SIM4
1
21
22
SIM5
SIM1
SIM2
SIM3
SIM4
1
21
22
SIM5
SIM1
SIM2
SIM3
SIM4
1
21
22
SIM5
SIM1
SIM2
SIM3
SIM4
1
21
22
SIM5
SIM1
SIM2
SIM3
SIM4
1
21
22
SIM5
SIM1
SIM2
SIM3
SIM4
1
21
22
SIM5
SIM1
SIM2
SIM3
SIM4
1
21
22
SIM5
SIM1
SIM2
SIM3
SIM4
1
21
22
SIM5
SIM1
SIM2
SIM3
SIM4
1
21
22
SIM5
SIM1
SIM2
SIM3
SIM4
1
21
22
SIM5
SIM1
SIM2
SIM3
SIM4
1
21
22
SIM5
SIM1
SIM2
SIM3
SIM4
1
21
22
SIM5
SIM1
SIM2
SIM3
SIM4
1
21
22
SIM5
SIM1
SIM2
SIM3
SIM4
1
21
22
SIM5
SIM1
SIM2
SIM3
SIM4
1
21
22
SIM5
SIM1
SIM2
SIM3
SIM4
1
21
22
SIM5
SIM1
SIM2
SIM3
SIM4
1
21
22
SIM5
SIM1
SIM2
SIM3
SIM4
1
21
22
SIM5
SIM1
SIM2
SIM3
SIM4
1
21
22
SIM5
SIM1
SIM2
SIM3
SIM4
1
21
22
SIM5
SIM1
SIM2
SIM3
SIM4
1
21
22
SIM5
SIM1
SIM2
SIM3
SIM4
1
21
22
SIM5
SIM1
SIM2
SIM3
SIM4
1
21
22
SIM5
SIM1
SIM2
SIM3
SIM4
1
21
22
SIM5
SIM1
SIM2
SIM3
SIM4
1
21
22
SIM5
SIM1
SIM2
SIM3
SIM4
1
21
22
SIM5
SIM1
SIM2
SIM3
SIM4
1
21
22
SIM5
SIM1
SIM2
SIM3
SIM4
1
21
22
SIM5
SIM1
SIM2
SIM3
SIM4
1
21
22
SIM5
SIM1
SIM2
SIM3
SIM4
1
21
22
SIM5
SIM1
SIM2
SIM3
SIM4
1
21
22
SIM5
SIM1
SIM2
SIM3
SIM4
1
21
22
SIM5
SIM1
SIM2
SIM3
SIM4
1
21
22
SIM5
SIM1
SIM2
SIM3
SIM4
1
21
22
SIM5
SIM1
SIM2
SIM3
SIM4
1
21
22
SIM5
SIM1
SIM2
SIM3
SIM4
1
21
22
SIM5
SIM1
SIM2
SIM3
SIM4
1
21
22
SIM5
SIM1
SIM2
SIM3
SIM4
1
21
22
SIM5
SIM1
SIM2
SIM3
SIM4
1
21
22
SIM5
SIM1
SIM2
SIM3
SIM4
1
21
22
SIM5
SIM1
SIM2
SIM3
SIM4
1
21
22
SIM5
SIM1
SIM2
SIM3
SIM4
1
21
22
SIM5
SIM1
SIM2
DEBUG 1 317
SIM1
SIM2
SIM3
SIM4
1
21
22
SIM5
SIM1
SIM2
SIM3
SIM4
1
21
22
SIM5
SIM1
SIM2
SIM3
SIM4
1
21
22
SIM5
SIM1
SIM2
SIM3
SIM4
1
21
22
SIM5
SIM1
SIM2
SIM3
SIM4
1
21
22
SIM5
SIM1
SIM2
SIM3
SIM4
1
21
22
SIM5
SIM1
SIM2
SIM3
SIM4
1
21
22
SIM5
SIM1
SIM2
SIM3
SIM4
1
21
22
SIM5
SIM1
SIM2
SIM3
SIM4
1
21
22
SIM5
SIM1
SIM2
SIM3
SIM4
1
21
22
SIM5
SIM1
SIM2
SIM3
SIM4
1
21
22
SIM5
SIM1
SIM2
SIM3
SIM4
1
21
22
SIM5
SIM1
SIM2
SIM3
SIM4
1
21
22
SIM5
SIM1
SIM2
SIM3
SIM4
1
21
22
SIM5
SIM1
SIM2
SIM3
SIM4
1
21
22
SIM5
SIM1
SIM2
SIM3
SIM4
1
21
22
SIM5
SIM1
SIM2
SIM3
SIM4
1
21
22
SIM5
SIM1
SIM2
SIM3
SIM4
1
21
22
SIM5
SIM1
SIM2
SIM3
SIM4
1
21
22
SIM5
SIM1
SIM2
SIM3
SIM4
1
21
22
SIM5
SIM1
SIM2
SIM3
SIM4
1
21
22
SIM5
SIM1
SIM2
SIM3
SIM4
1
21
22
SIM5
SIM1
SIM2
SIM3
SIM4
1
21
22
SIM5
SIM1
SIM2
SIM3
SIM4
1
21
22
SIM5
SIM1
SIM2
SIM3
SIM4
1
21
22
SIM5
SIM1
SIM2
SIM3
SIM4
1
21
22
SIM5
SIM1
SIM2
SIM3
SIM4
1
21
22
SIM5
SIM1
SIM2
SIM3
SIM4
1
21
22
SIM5
SIM1
SIM2
SIM3
SIM4
1
21
22
SIM5
SIM1
SIM2
SIM3
SIM4
1
21
22
SIM5
SIM1
SIM2
SIM3
SIM4
1
21
22
SIM5
SIM1
SIM2
SIM3
SIM4
1
21
22
SIM5
SIM1
SIM2
SIM3
SIM4
1
21
22
SIM5
SIM1
SIM2
SIM3
SIM4
1
21
22
SIM5
SIM1
SIM2
SIM3
SIM4
1
21
22
SIM5
SIM1
SIM2
SIM3
SIM4
1
21
22
SIM5
SIM1
SIM2
SIM3
SIM4
1
21
22
SIM5
SIM1
SIM2
SIM3
SIM4
1
21
22
SIM5
SIM1
SIM2
SIM3
SIM4
1
21
22
SIM5
SIM1
SIM2
SIM3
SIM4
1
21
22
SIM5
SIM1
SIM2
SIM3
SIM4
1
21
22
SIM5
SIM1
SIM2
SIM3
SIM4
1
21
22
SIM5
SIM1
SIM2
SIM3
SIM4
1
21
22
SIM5
SIM1
SIM2
SIM3
SIM4
1
21
22
SIM5
SIM1
SIM2
SIM3
SIM4
1
21
22
SIM5
SIM1
SIM2
SIM3
SIM4
1
21
22
SIM5
SIM1
SIM2
SIM3
SIM4
1
21
22
SIM5
SIM1
SIM2
SIM3
SIM4
1
21
22
SIM5
SIM1
SIM2
SIM3
SIM4
1
21
22
SIM5
SIM1
SIM2
SIM3
SIM4
1
21
22
SIM5
SIM1
SIM2
SIM3
SIM4
1
21
22
SIM5
SIM1
SIM2
SIM3
SIM4
1
21
22
SIM5
SIM1
SIM2
SIM3
SIM4
1
21
22
SIM5
SIM1
SIM2
SIM3
SIM4
1
21
22
SIM5
SIM1
SIM2
SIM3
SIM4
1
21
22
SIM5
SIM1
SIM2
SIM3
SIM4
1
21
22
SIM5
SIM1
SIM2
SIM3
SIM4
1
21
22
SIM5
SIM1
SIM2
SIM3
SIM4
1
21
22
SIM5
SIM1
SIM2
SIM3
SIM4
1
21
22
SIM5
SIM1
SIM2
SIM3
SIM4
1
21
22
SIM5
SIM1
SIM2
SIM3
SIM4
1
21
22
SIM5
SIM1
SIM2
SIM3
SIM4
1
21
22
SIM5
SIM1
SIM2
SIM3
SIM4
1
21
22
SIM5
SIM1
SIM2
SIM3
SIM4
1
21
22
SIM5
SIM1
SIM2
SIM3
SIM4
1
21
22
SIM5
SIM1
SIM2
SIM3
SIM4
1
21
22
SIM5
SIM1
SIM2
SIM3
SIM4
1
21
22
SIM5
SIM1
SIM2
SIM3
SIM4
1
21
22
SIM5
SIM1
SIM2
SIM3
SIM4
1
21
22
SIM5
SIM1
SIM2
SIM3
SIM4
1
21
22
SIM5
SIM1
SIM2
SIM3
SIM4
1
21
22
SIM5
SIM1
SIM2
SIM3
SIM4
1
21
22
SIM5
SIM1
SIM2
SIM3
SIM4
1
21
22
SIM5
SIM1
SIM2
SIM3
SIM4
1
21
22
SIM5
SIM1
SIM2
SIM3
SIM4
1
21
22
SIM5
SIM1
SIM2
SIM3
SIM4
1
21
22
SIM5
SIM1
SIM2
SIM3
SIM4
1
21
22
SIM5
SIM1
SIM2
SIM3
SIM4
1
21
22
SIM5
SIM1
SIM2
SIM3
SIM4
1
21
22
SIM5
SIM1
SIM2
SIM3
SIM4
1
21
22
SIM5
SIM1
SIM2
SIM3
SIM4
1
21
22
SIM5
SIM1
SIM2
SIM3
SIM4
1
21
22
SIM5
SIM1
SIM2
SIM3
SIM4
1
21
22
SIM5
SIM1
SIM2
SIM3
SIM4
1
21
22
SIM5
SIM1
SIM2
SIM3
SIM4
1
21
22
SIM5
SIM1
SIM2
SIM3
SIM4
1
21
22
SIM5
SIM1
SIM2
SIM3
SIM4
1
21
22
SIM5
SIM1
SIM2
SIM3
SIM4
1
21
22
SIM5
SIM1
SIM2
SIM3
SIM4
1
21
22
SIM5
SIM1
SIM2
SIM3
SIM4
1
21
22
SIM5
SIM1
SIM2
SIM3
SIM4
1
21
22
SIM5
SIM1
SIM2
SIM3
SIM4
1
21
22
SIM5
SIM1
SIM2
SIM3
SIM4
1
21
22
SIM5
SIM1
SIM2
SIM3
SIM4
1
21
22
SIM5
SIM1
SIM2
SIM3
SIM4
1
21
22
SIM5
SIM1
SIM2
SIM3
SIM4
1
21
22
SIM5
SIM1
SIM2
SIM3
SIM4
1
21
22
SIM5
SIM1
SIM2
SIM3
SIM4
1
21
22
SIM5
SIM1
SIM2
SIM3
SIM4
1
21
22
SIM5
SIM1
SIM2
SIM3
SIM4
1
21
22
SIM5
SIM1
SIM2
SIM3
SIM4
1
21
22
SIM5
SIM1
SIM2
SIM3
SIM4
1
21
22
SIM5
SIM1
SIM2
SIM3
SIM4
1
21
22
SIM5
SIM1
SIM2
SIM3
SIM4
1
21
22
SIM5
SIM1
SIM2
SIM3
SIM4
1
21
22
SIM5
SIM1
SIM2
SIM3
SIM4
1
21
22
SIM5
SIM1
SIM2
SIM3
SIM4
1
21
22
SIM5
SIM1
SIM2
SIM3
SIM4
1
21
22
SIM5
SIM1
SIM2
SIM3
SIM4
1
21
22
SIM5
SIM1
SIM2
SIM3
SIM4
1
21
22
SIM5
SIM1
SIM2
SIM3
SIM4
1
21
22
SIM5
SIM1
SIM2
SIM3
SIM4
1
21
22
SIM5
SIM1
SIM2
SIM3
SIM4
1
21
22
SIM5
SIM1
SIM2
SIM3
SIM4
1
21
22
SIM5
SIM1
SIM2
DEBUG 1 318
SIM1
SIM2
SIM3
SIM4
1
21
22
SIM5
SIM1
SIM2
SIM3
SIM4
1
21
22
SIM5
SIM1
SIM2
SIM3
SIM4
1
21
22
SIM5
SIM1
SIM2
SIM3
SIM4
1
21
22
SIM5
SIM1
SIM2
SIM3
SIM4
1
21
22
SIM5
SIM1
SIM2
SIM3
SIM4
1
21
22
SIM5
SIM1
SIM2
SIM3
SIM4
1
21
22
SIM5
SIM1
SIM2
SIM3
SIM4
1
21
22
SIM5
SIM1
SIM2
SIM3
SIM4
1
21
22
SIM5
SIM1
SIM2
SIM3
SIM4
1
21
22
SIM5
SIM1
SIM2
SIM3
SIM4
1
21
22
SIM5
SIM1
SIM2
SIM3
SIM4
1
21
22
SIM5
SIM1
SIM2
SIM3
SIM4
1
21
22
SIM5
SIM1
SIM2
SIM3
SIM4
1
21
22
SIM5
SIM1
SIM2
SIM3
SIM4
1
21
22
SIM5
SIM1
SIM2
SIM3
SIM4
1
21
22
SIM5
SIM1
SIM2
SIM3
SIM4
1
21
22
SIM5
SIM1
SIM2
SIM3
SIM4
1
21
22
SIM5
SIM1
SIM2
SIM3
SIM4
1
21
22
SIM5
SIM1
SIM2
SIM3
SIM4
1
21
22
SIM5
SIM1
SIM2
SIM3
SIM4
1
21
22
SIM5
SIM1
SIM2
SIM3
SIM4
1
21
22
SIM5
SIM1
SIM2
SIM3
SIM4
1
21
22
SIM5
SIM1
SIM2
SIM3
SIM4
1
21
22
SIM5
SIM1
SIM2
SIM3
SIM4
1
21
22
SIM5
SIM1
SIM2
SIM3
SIM4
1
21
22
SIM5
SIM1
SIM2
SIM3
SIM4
1
21
22
SIM5
SIM1
SIM2
SIM3
SIM4
1
21
22
SIM5
SIM1
SIM2
SIM3
SIM4
1
21
22
SIM5
SIM1
SIM2
SIM3
SIM4
1
21
22
SIM5
SIM1
SIM2
SIM3
SIM4
1
21
22
SIM5
SIM1
SIM2
SIM3
SIM4
1
21
22
SIM5
SIM1
SIM2
SIM3
SIM4
1
21
22
SIM5
SIM1
SIM2
SIM3
SIM4
1
21
22
SIM5
SIM1
SIM2
SIM3
SIM4
1
21
22
SIM5
SIM1
SIM2
SIM3
SIM4
1
21
22
SIM5
SIM1
SIM2
SIM3
SIM4
1
21
22
SIM5
SIM1
SIM2
SIM3
SIM4
1
21
22
SIM5
SIM1
SIM2
SIM3
SIM4
1
21
22
SIM5
SIM1
SIM2
SIM3
SIM4
1
21
22
SIM5
SIM1
SIM2
SIM3
SIM4
1
21
22
SIM5
SIM1
SIM2
SIM3
SIM4
1
21
22
SIM5
SIM1
SIM2
SIM3
SIM4
1
21
22
SIM5
SIM1
SIM2
SIM3
SIM4
1
21
22
SIM5
SIM1
SIM2
SIM3
SIM4
1
21
22
SIM5
SIM1
SIM2
SIM3
SIM4
1
21
22
SIM5
SIM1
SIM2
SIM3
SIM4
1
21
22
SIM5
SIM1
SIM2
SIM3
SIM4
1
21
22
SIM5
SIM1
SIM2
SIM3
SIM4
1
21
22
SIM5
SIM1
SIM2
SIM3
SIM4
1
21
22
SIM5
SIM1
SIM2
SIM3
SIM4
1
21
22
SIM5
SIM1
SIM2
SIM3
SIM4
1
21
22
SIM5
SIM1
SIM2
SIM3
SIM4
1
21
22
SIM5
SIM1
SIM2
SIM3
SIM4
1
21
22
SIM5
SIM1
SIM2
SIM3
SIM4
1
21
22
SIM5
SIM1
SIM2
SIM3
SIM4
1
21
22
SIM5
SIM1
SIM2
SIM3
SIM4
1
21
22
SIM5
SIM1
SIM2
SIM3
SIM4
1
21
22
SIM5
SIM1
SIM2
SIM3
SIM4
1
21
22
SIM5
SIM1
SIM2
SIM3
SIM4
1
21
22
SIM5
SIM1
SIM2
SIM3
SIM4
1
21
22
SIM5
SIM1
SIM2
SIM3
SIM4
1
21
22
SIM5
SIM1
SIM2
SIM3
SIM4
1
21
22
SIM5
SIM1
SIM2
SIM3
SIM4
1
21
22
SIM5
SIM1
SIM2
SIM3
SIM4
1
21
22
SIM5
SIM1
SIM2
SIM3
SIM4
1
21
22
SIM5
SIM1
SIM2
SIM3
SIM4
1
21
22
SIM5
SIM1
SIM2
SIM3
SIM4
1
21
22
SIM5
SIM1
SIM2
SIM3
SIM4
1
21
22
SIM5
SIM1
SIM2
SIM3
SIM4
1
21
22
SIM5
SIM1
SIM2
SIM3
SIM4
1
21
22
SIM5
SIM1
SIM2
SIM3
SIM4
1
21
22
SIM5
SIM1
SIM2
SIM3
SIM4
1
21
22
SIM5
SIM1
SIM2
SIM3
SIM4
1
21
22
SIM5
SIM1
SIM2
SIM3
SIM4
1
21
22
SIM5
SIM1
SIM2
SIM3
SIM4
1
21
22
SIM5
SIM1
SIM2
SIM3
SIM4
1
21
22
SIM5
SIM1
SIM2
SIM3
SIM4
1
21
22
SIM5
SIM1
SIM2
SIM3
SIM4
1
21
22
SIM5
SIM1
SIM2
SIM3
SIM4
1
21
22
SIM5
SIM1
SIM2
SIM3
SIM4
1
21
22
SIM5
SIM1
SIM2
SIM3
SIM4
1
21
22
SIM5
SIM1
SIM2
SIM3
SIM4
1
21
22
SIM5
SIM1
SIM2
SIM3
SIM4
1
21
22
SIM5
SIM1
SIM2
SIM3
SIM4
1
21
22
SIM5
SIM1
SIM2
SIM3
SIM4
1
21
22
SIM5
SIM1
SIM2
SIM3
SIM4
1
21
22
SIM5
SIM1
SIM2
SIM3
SIM4
1
21
22
SIM5
SIM1
SIM2
SIM3
SIM4
1
21
22
SIM5
SIM1
SIM2
SIM3
SIM4
1
21
22
SIM5
SIM1
SIM2
SIM3
SIM4
1
21
22
SIM5
SIM1
SIM2
SIM3
SIM4
1
21
22
SIM5
SIM1
SIM2
SIM3
SIM4
1
21
22
SIM5
SIM1
SIM2
SIM3
SIM4
1
21
22
SIM5
SIM1
SIM2
SIM3
SIM4
1
21
22
SIM5
SIM1
SIM2
SIM3
SIM4
1
21
22
SIM5
SIM1
SIM2
SIM3
SIM4
1
21
22
SIM5
SIM1
SIM2
SIM3
SIM4
1
21
22
SIM5
SIM1
SIM2
SIM3
SIM4
1
21
22
SIM5
SIM1
SIM2
SIM3
SIM4
1
21
22
SIM5
SIM1
SIM2
SIM3
SIM4
1
21
22
SIM5
SIM1
SIM2
SIM3
SIM4
1
21
22
SIM5
SIM1
SIM2
SIM3
SIM4
1
21
22
SIM5
SIM1
SIM2
SIM3
SIM4
1
21
22
SIM5
SIM1
SIM2
SIM3
SIM4
1
21
22
SIM5
SIM1
SIM2
SIM3
SIM4
1
21
22
SIM5
SIM1
SIM2
SIM3
SIM4
1
21
22
SIM5
SIM1
SIM2
SIM3
SIM4
1
21
22
SIM5
SIM1
SIM2
SIM3
SIM4
1
21
22
SIM5
SIM1
SIM2
SIM3
SIM4
1
21
22
SIM5
SIM1
SIM2
SIM3
SIM4
1
21
22
SIM5
SIM1
SIM2
SIM3
SIM4
1
21
22
SIM5
SIM1
SIM2
SIM3
SIM4
1
21
22
SIM5
SIM1
SIM2
SIM3
SIM4
1
21
22
SIM5
SIM1
SIM2
SIM3
SIM4
1
21
22
SIM5
SIM1
SIM2
SIM3
SIM4
1
21
22
SIM5
SIM1
SIM2
SIM3
SIM4
1
21
22
SIM5
SIM1
SIM2
SIM3
SIM4
1
21
22
SIM5
SIM1
SIM2
SIM3
SIM4
1
21
22
SIM5
SIM1
SIM2
SIM3
SIM4
1
21
22
SIM5
SIM1
SIM2
SIM3
SIM4
1
21
22
SIM5
SIM1
SIM2
SIM3
SIM4
1
21
22
SIM5
SIM1
SIM2
SIM3
SIM4
1
21
22
SIM5
SIM1
SIM2
SIM3
SIM4
1
21
22
SIM5
SIM1
SIM2
SIM3
SIM4
1
21
22
SIM5
SIM1
SIM2
SIM3
SIM4
1
21
22
SIM5
SIM1
SIM2
SIM3
SIM4
1
21
22
SIM5
SIM1
SIM2
SIM3
SIM4
1
21
22
SIM5
SIM1
SIM2
SIM3
SIM4
1
21
22
SIM5
SIM1
SIM2
SIM3
SIM4
1
21
22
SIM5
SIM1
SIM2
SIM3
SIM4
1
21
22
SIM5
SIM1
SIM2
SIM3
SIM4
1
21
22
SIM5
SIM1
SIM2
SIM3
SIM4
1
21
22
SIM5
SIM1
SIM2
SIM3
SIM4
1
21
22
SIM5
SIM1
SIM2
SIM3
SIM4
1
21
22
SIM5
SIM1
SIM2
SIM3
SIM4
1
21
22
SIM5
SIM1
SIM2
SIM3
SIM4
1
21
22
SIM5
SIM1
SIM2
SIM3
SIM4
1
21
22
SIM5
SIM1
SIM2
SIM3
SIM4
1
21
22
SIM5
SIM1
SIM2
SIM3
SIM4
1
21
22
SIM5
SIM1
SIM2
SIM3
SIM4
1
21
22
SIM5
SIM1
SIM2
SIM3
SIM4
1
21
22
SIM5
SIM1
SIM2
SIM3
SIM4
1
21
22
SIM5
SIM1
SIM2
SIM3
SIM4
1
21
22
SIM5
SIM1
SIM2
SIM3
SIM4
1
21
22
SIM5
SIM1
SIM2
SIM3
SIM4
1
21
22
SIM5
SIM1
SIM2
SIM3
SIM4
1
21
22
SIM5
SIM1
SIM2
SIM3
SIM4
1
21
22
SIM5
SIM1
SIM2
SIM3
SIM4
1
21
22
SIM5
SIM1
SIM2
SIM3
SIM4
1
21
22
SIM5
SIM1
SIM2
SIM3
SIM4
1
21
22
SIM5
SIM1
SIM2
SIM3
SIM4
1
21
22
SIM5
SIM1
SIM2
SIM3
SIM4
1
21
22
SIM5
SIM1
SIM2
SIM3
SIM4
1
21
22
SIM5
SIM1
SIM2
SIM3
SIM4
1
21
22
SIM5
SIM1
SIM2
SIM3
SIM4
1
21
22
SIM5
SIM1
SIM2
SIM3
SIM4
1
21
22
SIM5
SIM1
SIM2
SIM3
SIM4
1
21
22
SIM5
SIM1
SIM2
SIM3
SIM4
1
21
22
SIM5
SIM1
SIM2
DEBUG 1 319
SIM1
SIM2
SIM3
SIM4
1
21
22
SIM5
SIM1
SIM2
SIM3
SIM4
1
21
22
SIM5
SIM1
SIM2
SIM3
SIM4
1
21
22
SIM5
SIM1
SIM2
SIM3
SIM4
1
21
22
SIM5
SIM1
SIM2
SIM3
SIM4
1
21
22
SIM5
SIM1
SIM2
SIM3
SIM4
1
21
22
SIM5
SIM1
SIM2
SIM3
SIM4
1
21
22
SIM5
SIM1
SIM2
SIM3
SIM4
1
21
22
SIM5
SIM1
SIM2
SIM3
SIM4
1
21
22
SIM5
SIM1
SIM2
SIM3
SIM4
1
21
22
SIM5
SIM1
SIM2
SIM3
SIM4
1
21
22
SIM5
SIM1
SIM2
SIM3
SIM4
1
21
22
SIM5
SIM1
SIM2
SIM3
SIM4
1
21
22
SIM5
SIM1
SIM2
SIM3
SIM4
1
21
22
SIM5
SIM1
SIM2
SIM3
SIM4
1
21
22
SIM5
SIM1
SIM2
SIM3
SIM4
1
21
22
SIM5
SIM1
SIM2
SIM3
SIM4
1
21
22
SIM5
SIM1
SIM2
SIM3
SIM4
1
21
22
SIM5
SIM1
SIM2
SIM3
SIM4
1
21
22
SIM5
SIM1
SIM2
SIM3
SIM4
1
21
22
SIM5
SIM1
SIM2
SIM3
SIM4
1
21
22
SIM5
SIM1
SIM2
SIM3
SIM4
1
21
22
SIM5
SIM1
SIM2
SIM3
SIM4
1
21
22
SIM5
SIM1
SIM2
SIM3
SIM4
1
21
22
SIM5
SIM1
SIM2
SIM3
SIM4
1
21
22
SIM5
SIM1
SIM2
SIM3
SIM4
1
21
22
SIM5
SIM1
SIM2
SIM3
SIM4
1
21
22
SIM5
SIM1
SIM2
SIM3
SIM4
1
21
22
SIM5
SIM1
SIM2
SIM3
SIM4
1
21
22
SIM5
SIM1
SIM2
SIM3
SIM4
1
21
22
SIM5
SIM1
SIM2
SIM3
SIM4
1
21
22
SIM5
SIM1
SIM2
SIM3
SIM4
1
21
22
SIM5
SIM1
SIM2
SIM3
SIM4
1
21
22
SIM5
SIM1
SIM2
SIM3
SIM4
1
21
22
SIM5
SIM1
SIM2
SIM3
SIM4
1
21
22
SIM5
SIM1
SIM2
SIM3
SIM4
1
21
22
SIM5
SIM1
SIM2
SIM3
SIM4
1
21
22
SIM5
SIM1
SIM2
SIM3
SIM4
1
21
22
SIM5
SIM1
SIM2
SIM3
SIM4
1
21
22
SIM5
SIM1
SIM2
SIM3
SIM4
1
21
22
SIM5
SIM1
SIM2
SIM3
SIM4
1
21
22
SIM5
SIM1
SIM2
SIM3
SIM4
1
21
22
SIM5
SIM1
SIM2
SIM3
SIM4
1
21
22
SIM5
SIM1
SIM2
SIM3
SIM4
1
21
22
SIM5
SIM1
SIM2
SIM3
SIM4
1
21
22
SIM5
SIM1
SIM2
SIM3
SIM4
1
21
22
SIM5
SIM1
SIM2
SIM3
SIM4
1
21
22
SIM5
SIM1
SIM2
SIM3
SIM4
1
21
22
SIM5
SIM1
SIM2
SIM3
SIM4
1
21
22
SIM5
SIM1
SIM2
SIM3
SIM4
1
21
22
SIM5
SIM1
SIM2
SIM3
SIM4
1
21
22
SIM5
SIM1
SIM2
SIM3
SIM4
1
21
22
SIM5
SIM1
SIM2
SIM3
SIM4
1
21
22
SIM5
SIM1
SIM2
SIM3
SIM4
1
21
22
SIM5
SIM1
SIM2
SIM3
SIM4
1
21
22
SIM5
SIM1
SIM2
SIM3
SIM4
1
21
22
SIM5
SIM1
SIM2
SIM3
SIM4
1
21
22
SIM5
SIM1
SIM2
SIM3
SIM4
1
21
22
SIM5
SIM1
SIM2
SIM3
SIM4
1
21
22
SIM5
SIM1
SIM2
SIM3
SIM4
1
21
22
SIM5
SIM1
SIM2
SIM3
SIM4
1
21
22
SIM5
SIM1
SIM2
SIM3
SIM4
1
21
22
SIM5
SIM1
SIM2
SIM3
SIM4
1
21
22
SIM5
SIM1
SIM2
SIM3
SIM4
1
21
22
SIM5
SIM1
SIM2
SIM3
SIM4
1
21
22
SIM5
SIM1
SIM2
SIM3
SIM4
1
21
22
SIM5
SIM1
SIM2
SIM3
SIM4
1
21
22
SIM5
SIM1
SIM2
SIM3
SIM4
1
21
22
SIM5
SIM1
SIM2
SIM3
SIM4
1
21
22
SIM5
SIM1
SIM2
SIM3
SIM4
1
21
22
SIM5
SIM1
SIM2
SIM3
SIM4
1
21
22
SIM5
SIM1
SIM2
SIM3
SIM4
1
21
22
SIM5
SIM1
SIM2
SIM3
SIM4
1
21
22
SIM5
SIM1
SIM2
SIM3
SIM4
1
21
22
SIM5
SIM1
SIM2
SIM3
SIM4
1
21
22
SIM5
SIM1
SIM2
SIM3
SIM4
1
21
22
SIM5
SIM1
SIM2
SIM3
SIM4
1
21
22
SIM5
SIM1
SIM2
SIM3
SIM4
1
21
22
SIM5
SIM1
SIM2
SIM3
SIM4
1
21
22
SIM5
SIM1
SIM2
SIM3
SIM4
1
21
22
SIM5
SIM1
SIM2
SIM3
SIM4
1
21
22
SIM5
SIM1
SIM2
SIM3
SIM4
1
21
22
SIM5
SIM1
SIM2
SIM3
SIM4
1
21
22
SIM5
SIM1
SIM2
SIM3
SIM4
1
21
22
SIM5
SIM1
SIM2
SIM3
SIM4
1
21
22
SIM5
SIM1
SIM2
SIM3
SIM4
1
21
22
SIM5
SIM1
SIM2
SIM3
SIM4
1
21
22
SIM5
SIM1
SIM2
SIM3
SIM4
1
21
22
SIM5
SIM1
SIM2
SIM3
SIM4
1
21
22
SIM5
SIM1
SIM2
SIM3
SIM4
1
21
22
SIM5
SIM1
SIM2
SIM3
SIM4
1
21
22
SIM5
SIM1
SIM2
SIM3
SIM4
1
21
22
SIM5
SIM1
SIM2
SIM3
SIM4
1
21
22
SIM5
SIM1
SIM2
SIM3
SIM4
1
21
22
SIM5
SIM1
SIM2
SIM3
SIM4
1
21
22
SIM5
SIM1
SIM2
SIM3
SIM4
1
21
22
SIM5
SIM1
SIM2
SIM3
SIM4
1
21
22
SIM5
SIM1
SIM2
SIM3
SIM4
1
21
22
SIM5
SIM1
SIM2
SIM3
SIM4
1
21
22
SIM5
SIM1
SIM2
SIM3
SIM4
1
21
22
SIM5
SIM1
SIM2
SIM3
SIM4
1
21
22
SIM5
SIM1
SIM2
SIM3
SIM4
1
21
22
SIM5
SIM1
SIM2
SIM3
SIM4
1
21
22
SIM5
SIM1
SIM2
SIM3
SIM4
1
21
22
SIM5
SIM1
SIM2
SIM3
SIM4
1
21
22
SIM5
SIM1
SIM2
SIM3
SIM4
1
21
22
SIM5
SIM1
SIM2
SIM3
SIM4
1
21
22
SIM5
SIM1
SIM2
SIM3
SIM4
1
21
22
SIM5
SIM1
SIM2
SIM3
SIM4
1
21
22
SIM5
SIM1
SIM2
SIM3
SIM4
1
21
22
SIM5
SIM1
SIM2
SIM3
SIM4
1
21
22
SIM5
SIM1
SIM2
SIM3
SIM4
1
21
22
SIM5
SIM1
SIM2
SIM3
SIM4
1
21
22
SIM5
SIM1
SIM2
SIM3
SIM4
1
21
22
SIM5
SIM1
SIM2
SIM3
SIM4
1
21
22
SIM5
SIM1
SIM2
SIM3
SIM4
1
21
22
SIM5
SIM1
SIM2
SIM3
SIM4
1
21
22
SIM5
SIM1
SIM2
SIM3
SIM4
1
21
22
SIM5
SIM1
SIM2
SIM3
SIM4
1
21
22
SIM5
SIM1
SIM2
SIM3
SIM4
1
21
22
SIM5
SIM1
SIM2
SIM3
SIM4
1
21
22
SIM5
SIM1
SIM2
SIM3
SIM4
1
21
22
SIM5
SIM1
SIM2
SIM3
SIM4
1
21
22
SIM5
SIM1
SIM2
SIM3
SIM4
1
21
22
SIM5
SIM1
SIM2
SIM3
SIM4
1
21
22
SIM5
SIM1
SIM2
SIM3
SIM4
1
21
22
SIM5
SIM1
SIM2
SIM3
SIM4
1
21
22
SIM5
SIM1
SIM2
SIM3
SIM4
1
21
22
SIM5
SIM1
SIM2
SIM3
SIM4
1
21
22
SIM5
SIM1
SIM2
SIM3
SIM4
1
21
22
SIM5
SIM1
SIM2
SIM3
SIM4
1
21
22
SIM5
SIM1
SIM2
SIM3
SIM4
1
21
22
SIM5
SIM1
SIM2
SIM3
SIM4
1
21
22
SIM5
SIM1
SIM2
SIM3
SIM4
1
21
22
SIM5
SIM1
SIM2
SIM3
SIM4
1
21
22
SIM5
SIM1
SIM2
SIM3
SIM4
1
21
22
SIM5
SIM1
SIM2
SIM3
SIM4
1
21
22
SIM5
SIM1
SIM2
SIM3
SIM4
1
21
22
SIM5
SIM1
SIM2
SIM3
SIM4
1
21
22
SIM5
SIM1
SIM2
SIM3
SIM4
1
21
22
SIM5
SIM1
SIM2
SIM3
SIM4
1
21
22
SIM5
SIM1
SIM2
SIM3
SIM4
1
21
22
SIM5
SIM1
SIM2
SIM3
SIM4
1
21
22
SIM5
SIM1
SIM2
SIM3
SIM4
1
21
22
SIM5
SIM1
SIM2
SIM3
SIM4
1
21
22
SIM5
SIM1
SIM2
SIM3
SIM4
1
21
22
SIM5
SIM1
SIM2
SIM3
SIM4
1
21
22
SIM5
SIM1
SIM2
SIM3
SIM4
1
21
22
SIM5
SIM1
SIM2
SIM3
SIM4
1
21
22
SIM5
SIM1
SIM2
SIM3
SIM4
1
21
22
SIM5
SIM1
SIM2
SIM3
SIM4
1
21
22
SIM5
SIM1
SIM2
SIM3
SIM4
1
21
22
SIM5
SIM1
SIM2
SIM3
SIM4
1
21
22
SIM5
SIM1
SIM2
SIM3
SIM4
1
21
22
SIM5
SIM1
SIM2
SIM3
SIM4
1
21
22
SIM5
SIM1
SIM2
SIM3
SIM4
1
21
22
SIM5
SIM1
SIM2
SIM3
SIM4
1
21
22
SIM5
SIM1
SIM2
SIM3
SIM4
1
21
22
SIM5
SIM1
SIM2
SIM3
SIM4
1
21
22
SIM5
SIM1
SIM2
SIM3
SIM4
1
21
22
SIM5
SIM1
SIM2
SIM3
SIM4
1
21
22
SIM5
SIM1
SIM2
SIM3
SIM4
1
21
22
SIM5
SIM1
SIM2
SIM3
SIM4
1
21
22
SIM5
SIM1
SIM2
SIM3
SIM4
1
21
22
SIM5
SIM1
SIM2
SIM3
SIM4
1
21
22
SIM5
SIM1
SIM2
SIM3
SIM4
1
21
22
SIM5
SIM1
SIM2
SIM3
SIM4
1
21
22
SIM5
SIM1
SIM2
SIM3
SIM4
1
21
22
SIM5
SIM1
SIM2
SIM3
SIM4
1
21
22
SIM5
SIM1
SIM2
SIM3
SIM4
1
21
22
SIM5
SIM1
SIM2
SIM3
SIM4
1
21
22
SIM5
SIM1
SIM2
SIM3
SIM4
1
21
22
SIM5
SIM1
SIM2
SIM3
SIM4
1
21
22
SIM5
SIM1
SIM2
SIM3
SIM4
1
21
22
SIM5
SIM1
SIM2
SIM3
SIM4
1
21
22
SIM5
SIM1
SIM2
SIM3
SIM4
1
21
22
SIM5
SIM1
SIM2
SIM3
SIM4
1
21
22
SIM5
SIM1
SIM2
SIM3
SIM4
1
21
22
SIM5
SIM1
SIM2
SIM3
SIM4
1
21
22
SIM5
SIM1
SIM2
SIM3
SIM4
1
21
22
SIM5
SIM1
SIM2
SIM3
SIM4
1
21
22
SIM5
SIM1
SIM2
SIM3
SIM4
1
21
22
SIM5
SIM1
SIM2
SIM3
SIM4
1
21
22
SIM5
SIM1
SIM2
SIM3
SIM4
1
21
22
SIM5
SIM1
SIM2
SIM3
SIM4
1
21
22
SIM5
SIM1
SIM2
SIM3
SIM4
1
21
22
SIM5
SIM1
SIM2
SIM3
SIM4
1
21
22
SIM5
SIM1
SIM2
SIM3
SIM4
1
21
22
SIM5
SIM1
SIM2
SIM3
SIM4
1
21
22
SIM5
SIM1
SIM2
SIM3
SIM4
1
21
22
SIM5
SIM1
SIM2
SIM3
SIM4
1
21
22
SIM5
SIM1
SIM2
SIM3
SIM4
1
21
22
SIM5
SIM1
SIM2
SIM3
SIM4
1
21
22
SIM5
SIM1
SIM2
SIM3
SIM4
1
21
22
SIM5
SIM1
SIM2
SIM3
SIM4
1
21
22
SIM5
SIM1
SIM2
SIM3
SIM4
1
21
22
SIM5
SIM1
SIM2
DEBUG 1 320
SIM1
SIM2
SIM3
SIM4
1
21
22
SIM5
SIM1
SIM2
SIM3
SIM4
1
21
22
SIM5
SIM1
SIM2
SIM3
SIM4
1
21
22
SIM5
SIM1
SIM2
SIM3
SIM4
1
21
22
SIM5
SIM1
SIM2
SIM3
SIM4
1
21
22
SIM5
SIM1
SIM2
SIM3
SIM4
1
21
22
SIM5
SIM1
SIM2
SIM3
SIM4
1
21
22
SIM5
SIM1
SIM2
SIM3
SIM4
1
21
22
SIM5
SIM1
SIM2
SIM3
SIM4
1
21
22
SIM5
SIM1
SIM2
SIM3
SIM4
1
21
22
SIM5
SIM1
SIM2
SIM3
SIM4
1
21
22
SIM5
SIM1
SIM2
SIM3
SIM4
1
21
22
SIM5
SIM1
SIM2
SIM3
SIM4
1
21
22
SIM5
SIM1
SIM2
SIM3
SIM4
1
21
22
SIM5
SIM1
SIM2
SIM3
SIM4
1
21
22
SIM5
SIM1
SIM2
SIM3
SIM4
1
21
22
SIM5
SIM1
SIM2
SIM3
SIM4
1
21
22
SIM5
SIM1
SIM2
SIM3
SIM4
1
21
22
SIM5
SIM1
SIM2
SIM3
SIM4
1
21
22
SIM5
SIM1
SIM2
SIM3
SIM4
1
21
22
SIM5
SIM1
SIM2
SIM3
SIM4
1
21
22
SIM5
SIM1
SIM2
SIM3
SIM4
1
21
22
SIM5
SIM1
SIM2
SIM3
SIM4
1
21
22
SIM5
SIM1
SIM2
SIM3
SIM4
1
21
22
SIM5
SIM1
SIM2
SIM3
SIM4
1
21
22
SIM5
SIM1
SIM2
SIM3
SIM4
1
21
22
SIM5
SIM1
SIM2
SIM3
SIM4
1
21
22
SIM5
SIM1
SIM2
SIM3
SIM4
1
21
22
SIM5
SIM1
SIM2
SIM3
SIM4
1
21
22
SIM5
SIM1
SIM2
SIM3
SIM4
1
21
22
SIM5
SIM1
SIM2
SIM3
SIM4
1
21
22
SIM5
SIM1
SIM2
SIM3
SIM4
1
21
22
SIM5
SIM1
SIM2
SIM3
SIM4
1
21
22
SIM5
SIM1
SIM2
SIM3
SIM4
1
21
22
SIM5
SIM1
SIM2
SIM3
SIM4
1
21
22
SIM5
SIM1
SIM2
SIM3
SIM4
1
21
22
SIM5
SIM1
SIM2
SIM3
SIM4
1
21
22
SIM5
SIM1
SIM2
SIM3
SIM4
1
21
22
SIM5
SIM1
SIM2
SIM3
SIM4
1
21
22
SIM5
SIM1
SIM2
SIM3
SIM4
1
21
22
SIM5
SIM1
SIM2
SIM3
SIM4
1
21
22
SIM5
SIM1
SIM2
SIM3
SIM4
1
21
22
SIM5
SIM1
SIM2
SIM3
SIM4
1
21
22
SIM5
SIM1
SIM2
SIM3
SIM4
1
21
22
SIM5
SIM1
SIM2
SIM3
SIM4
1
21
22
SIM5
SIM1
SIM2
SIM3
SIM4
1
21
22
SIM5
SIM1
SIM2
SIM3
SIM4
1
21
22
SIM5
SIM1
SIM2
SIM3
SIM4
1
21
22
SIM5
SIM1
SIM2
SIM3
SIM4
1
21
22
SIM5
SIM1
SIM2
SIM3
SIM4
1
21
22
SIM5
SIM1
SIM2
SIM3
SIM4
1
21
22
SIM5
SIM1
SIM2
SIM3
SIM4
1
21
22
SIM5
SIM1
SIM2
SIM3
SIM4
1
21
22
SIM5
SIM1
SIM2
SIM3
SIM4
1
21
22
SIM5
SIM1
SIM2
SIM3
SIM4
1
21
22
SIM5
SIM1
SIM2
SIM3
SIM4
1
21
22
SIM5
SIM1
SIM2
SIM3
SIM4
1
21
22
SIM5
SIM1
SIM2
SIM3
SIM4
1
21
22
SIM5
SIM1
SIM2
SIM3
SIM4
1
21
22
SIM5
SIM1
SIM2
SIM3
SIM4
1
21
22
SIM5
SIM1
SIM2
SIM3
SIM4
1
21
22
SIM5
SIM1
SIM2
SIM3
SIM4
1
21
22
SIM5
SIM1
SIM2
SIM3
SIM4
1
21
22
SIM5
SIM1
SIM2
SIM3
SIM4
1
21
22
SIM5
SIM1
SIM2
SIM3
SIM4
1
21
22
SIM5
SIM1
SIM2
SIM3
SIM4
1
21
22
SIM5
SIM1
SIM2
SIM3
SIM4
1
21
22
SIM5
SIM1
SIM2
SIM3
SIM4
1
21
22
SIM5
SIM1
SIM2
SIM3
SIM4
1
21
22
SIM5
SIM1
SIM2
SIM3
SIM4
1
21
22
SIM5
SIM1
SIM2
SIM3
SIM4
1
21
22
SIM5
SIM1
SIM2
SIM3
SIM4
1
21
22
SIM5
SIM1
SIM2
SIM3
SIM4
1
21
22
SIM5
SIM1
SIM2
SIM3
SIM4
1
21
22
SIM5
SIM1
SIM2
SIM3
SIM4
1
21
22
SIM5
SIM1
SIM2
SIM3
SIM4
1
21
22
SIM5
SIM1
SIM2
SIM3
SIM4
1
21
22
SIM5
SIM1
SIM2
SIM3
SIM4
1
21
22
SIM5
SIM1
SIM2
SIM3
SIM4
1
21
22
SIM5
SIM1
SIM2
SIM3
SIM4
1
21
22
SIM5
SIM1
SIM2
SIM3
SIM4
1
21
22
SIM5
SIM1
SIM2
SIM3
SIM4
1
21
22
SIM5
SIM1
SIM2
SIM3
SIM4
1
21
22
SIM5
SIM1
SIM2
SIM3
SIM4
1
21
22
SIM5
SIM1
SIM2
SIM3
SIM4
1
21
22
SIM5
SIM1
SIM2
SIM3
SIM4
1
21
22
SIM5
SIM1
SIM2
SIM3
SIM4
1
21
22
SIM5
SIM1
SIM2
SIM3
SIM4
1
21
22
SIM5
SIM1
SIM2
SIM3
SIM4
1
21
22
SIM5
SIM1
SIM2
SIM3
SIM4
1
21
22
SIM5
SIM1
SIM2
SIM3
SIM4
1
21
22
SIM5
SIM1
SIM2
SIM3
SIM4
1
21
22
SIM5
SIM1
SIM2
SIM3
SIM4
1
21
22
SIM5
SIM1
SIM2
SIM3
SIM4
1
21
22
SIM5
SIM1
SIM2
SIM3
SIM4
1
21
22
SIM5
SIM1
SIM2
SIM3
SIM4
1
21
22
SIM5
SIM1
SIM2
SIM3
SIM4
1
21
22
SIM5
SIM1
SIM2
SIM3
SIM4
1
21
22
SIM5
SIM1
SIM2
SIM3
SIM4
1
21
22
SIM5
SIM1
SIM2
SIM3
SIM4
1
21
22
SIM5
SIM1
SIM2
SIM3
SIM4
1
21
22
SIM5
SIM1
SIM2
SIM3
SIM4
1
21
22
SIM5
SIM1
SIM2
SIM3
SIM4
1
21
22
SIM5
SIM1
SIM2
SIM3
SIM4
1
21
22
SIM5
SIM1
SIM2
SIM3
SIM4
1
21
22
SIM5
SIM1
SIM2
SIM3
SIM4
1
21
22
SIM5
SIM1
SIM2
SIM3
SIM4
1
21
22
SIM5
SIM1
SIM2
SIM3
SIM4
1
21
22
SIM5
SIM1
SIM2
SIM3
SIM4
1
21
22
SIM5
SIM1
SIM2
SIM3
SIM4
1
21
22
SIM5
SIM1
SIM2
SIM3
SIM4
1
21
22
SIM5
SIM1
SIM2
SIM3
SIM4
1
21
22
SIM5
SIM1
SIM2
SIM3
SIM4
1
21
22
SIM5
SIM1
SIM2
SIM3
SIM4
1
21
22
SIM5
SIM1
SIM2
SIM3
SIM4
1
21
22
SIM5
SIM1
SIM2
SIM3
SIM4
1
21
22
SIM5
SIM1
SIM2
SIM3
SIM4
1
21
22
SIM5
SIM1
SIM2
SIM3
SIM4
1
21
22
SIM5
SIM1
SIM2
SIM3
SIM4
1
21
22
SIM5
SIM1
SIM2
SIM3
SIM4
1
21
22
SIM5
SIM1
SIM2
SIM3
SIM4
1
21
22
SIM5
SIM1
SIM2
SIM3
SIM4
1
21
22
SIM5
SIM1
SIM2
SIM3
SIM4
1
21
22
SIM5
SIM1
SIM2
SIM3
SIM4
1
21
22
SIM5
SIM1
SIM2
SIM3
SIM4
1
21
22
SIM5
SIM1
SIM2
DEBUG 1 321
SIM1
SIM2
SIM3
SIM4
1
21
22
SIM5
SIM1
SIM2
SIM3
SIM4
1
21
22
SIM5
SIM1
SIM2
SIM3
SIM4
1
21
22
SIM5
SIM1
SIM2
SIM3
SIM4
1
21
22
SIM5
SIM1
SIM2
SIM3
SIM4
1
21
22
SIM5
SIM1
SIM2
SIM3
SIM4
1
21
22
SIM5
SIM1
SIM2
SIM3
SIM4
1
21
22
SIM5
SIM1
SIM2
SIM3
SIM4
1
21
22
SIM5
SIM1
SIM2
SIM3
SIM4
1
21
22
SIM5
SIM1
SIM2
SIM3
SIM4
1
21
22
SIM5
SIM1
SIM2
SIM3
SIM4
1
21
22
SIM5
SIM1
SIM2
SIM3
SIM4
1
21
22
SIM5
SIM1
SIM2
SIM3
SIM4
1
21
22
SIM5
SIM1
SIM2
SIM3
SIM4
1
21
22
SIM5
SIM1
SIM2
SIM3
SIM4
1
21
22
SIM5
SIM1
SIM2
SIM3
SIM4
1
21
22
SIM5
SIM1
SIM2
SIM3
SIM4
1
21
22
SIM5
SIM1
SIM2
SIM3
SIM4
1
21
22
SIM5
SIM1
SIM2
SIM3
SIM4
1
21
22
SIM5
SIM1
SIM2
SIM3
SIM4
1
21
22
SIM5
SIM1
SIM2
SIM3
SIM4
1
21
22
SIM5
SIM1
SIM2
SIM3
SIM4
1
21
22
SIM5
SIM1
SIM2
SIM3
SIM4
1
21
22
SIM5
SIM1
SIM2
SIM3
SIM4
1
21
22
SIM5
SIM1
SIM2
SIM3
SIM4
1
21
22
SIM5
SIM1
SIM2
SIM3
SIM4
1
21
22
SIM5
SIM1
SIM2
SIM3
SIM4
1
21
22
SIM5
SIM1
SIM2
SIM3
SIM4
1
21
22
SIM5
SIM1
SIM2
SIM3
SIM4
1
21
22
SIM5
SIM1
SIM2
SIM3
SIM4
1
21
22
SIM5
SIM1
SIM2
SIM3
SIM4
1
21
22
SIM5
SIM1
SIM2
SIM3
SIM4
1
21
22
SIM5
SIM1
SIM2
SIM3
SIM4
1
21
22
SIM5
SIM1
SIM2
SIM3
SIM4
1
21
22
SIM5
SIM1
SIM2
SIM3
SIM4
1
21
22
SIM5
SIM1
SIM2
SIM3
SIM4
1
21
22
SIM5
SIM1
SIM2
SIM3
SIM4
1
21
22
SIM5
SIM1
SIM2
SIM3
SIM4
1
21
22
SIM5
SIM1
SIM2
SIM3
SIM4
1
21
22
SIM5
SIM1
SIM2
SIM3
SIM4
1
21
22
SIM5
SIM1
SIM2
SIM3
SIM4
1
21
22
SIM5
SIM1
SIM2
SIM3
SIM4
1
21
22
SIM5
SIM1
SIM2
SIM3
SIM4
1
21
22
SIM5
SIM1
SIM2
SIM3
SIM4
1
21
22
SIM5
SIM1
SIM2
SIM3
SIM4
1
21
22
SIM5
SIM1
SIM2
SIM3
SIM4
1
21
22
SIM5
SIM1
SIM2
SIM3
SIM4
1
21
22
SIM5
SIM1
SIM2
SIM3
SIM4
1
21
22
SIM5
SIM1
SIM2
SIM3
SIM4
1
21
22
SIM5
SIM1
SIM2
SIM3
SIM4
1
21
22
SIM5
SIM1
SIM2
SIM3
SIM4
1
21
22
SIM5
SIM1
SIM2
SIM3
SIM4
1
21
22
SIM5
SIM1
SIM2
SIM3
SIM4
1
21
22
SIM5
SIM1
SIM2
SIM3
SIM4
1
21
22
SIM5
SIM1
SIM2
SIM3
SIM4
1
21
22
SIM5
SIM1
SIM2
SIM3
SIM4
1
21
22
SIM5
SIM1
SIM2
SIM3
SIM4
1
21
22
SIM5
SIM1
SIM2
SIM3
SIM4
1
21
22
SIM5
SIM1
SIM2
SIM3
SIM4
1
21
22
SIM5
SIM1
SIM2
SIM3
SIM4
1
21
22
SIM5
SIM1
SIM2
SIM3
SIM4
1
21
22
SIM5
SIM1
SIM2
SIM3
SIM4
1
21
22
SIM5
SIM1
SIM2
SIM3
SIM4
1
21
22
SIM5
SIM1
SIM2
SIM3
SIM4
1
21
22
SIM5
SIM1
SIM2
SIM3
SIM4
1
21
22
SIM5
SIM1
SIM2
SIM3
SIM4
1
21
22
SIM5
SIM1
SIM2
SIM3
SIM4
1
21
22
SIM5
SIM1
SIM2
SIM3
SIM4
1
21
22
SIM5
SIM1
SIM2
SIM3
SIM4
1
21
22
SIM5
SIM1
SIM2
SIM3
SIM4
1
21
22
SIM5
SIM1
SIM2
SIM3
SIM4
1
21
22
SIM5
SIM1
SIM2
SIM3
SIM4
1
21
22
SIM5
SIM1
SIM2
SIM3
SIM4
1
21
22
SIM5
SIM1
SIM2
SIM3
SIM4
1
21
22
SIM5
SIM1
SIM2
SIM3
SIM4
1
21
22
SIM5
SIM1
SIM2
SIM3
SIM4
1
21
22
SIM5
SIM1
SIM2
SIM3
SIM4
1
21
22
SIM5
SIM1
SIM2
SIM3
SIM4
1
21
22
SIM5
SIM1
SIM2
SIM3
SIM4
1
21
22
SIM5
SIM1
SIM2
SIM3
SIM4
1
21
22
SIM5
SIM1
SIM2
SIM3
SIM4
1
21
22
SIM5
SIM1
SIM2
SIM3
SIM4
1
21
22
SIM5
SIM1
SIM2
SIM3
SIM4
1
21
22
SIM5
SIM1
SIM2
SIM3
SIM4
1
21
22
SIM5
SIM1
SIM2
SIM3
SIM4
1
21
22
SIM5
SIM1
SIM2
SIM3
SIM4
1
21
22
SIM5
SIM1
SIM2
SIM3
SIM4
1
21
22
SIM5
SIM1
SIM2
SIM3
SIM4
1
21
22
SIM5
SIM1
SIM2
SIM3
SIM4
1
21
22
SIM5
SIM1
SIM2
SIM3
SIM4
1
21
22
SIM5
SIM1
SIM2
SIM3
SIM4
1
21
22
SIM5
SIM1
SIM2
SIM3
SIM4
1
21
22
SIM5
SIM1
SIM2
SIM3
SIM4
1
21
22
SIM5
SIM1
SIM2
SIM3
SIM4
1
21
22
SIM5
SIM1
SIM2
SIM3
SIM4
1
21
22
SIM5
SIM1
SIM2
SIM3
SIM4
1
21
22
SIM5
SIM1
SIM2
SIM3
SIM4
1
21
22
SIM5
SIM1
SIM2
SIM3
SIM4
1
21
22
SIM5
SIM1
SIM2
SIM3
SIM4
1
21
22
SIM5
SIM1
SIM2
SIM3
SIM4
1
21
22
SIM5
SIM1
SIM2
SIM3
SIM4
1
21
22
SIM5
SIM1
SIM2
SIM3
SIM4
1
21
22
SIM5
SIM1
SIM2
SIM3
SIM4
1
21
22
SIM5
SIM1
SIM2
SIM3
SIM4
1
21
22
SIM5
SIM1
SIM2
SIM3
SIM4
1
21
22
SIM5
SIM1
SIM2
SIM3
SIM4
1
21
22
SIM5
SIM1
SIM2
SIM3
SIM4
1
21
22
SIM5
SIM1
SIM2
SIM3
SIM4
1
21
22
SIM5
SIM1
SIM2
SIM3
SIM4
1
21
22
SIM5
SIM1
SIM2
SIM3
SIM4
1
21
22
SIM5
SIM1
SIM2
SIM3
SIM4
1
21
22
SIM5
SIM1
SIM2
SIM3
SIM4
1
21
22
SIM5
SIM1
SIM2
SIM3
SIM4
1
21
22
SIM5
SIM1
SIM2
SIM3
SIM4
1
21
22
SIM5
SIM1
SIM2
SIM3
SIM4
1
21
22
SIM5
SIM1
SIM2
SIM3
SIM4
1
21
22
SIM5
SIM1
SIM2
SIM3
SIM4
1
21
22
SIM5
SIM1
SIM2
SIM3
SIM4
1
21
22
SIM5
SIM1
SIM2
SIM3
SIM4
1
21
22
SIM5
SIM1
SIM2
SIM3
SIM4
1
21
22
SIM5
SIM1
SIM2
SIM3
SIM4
1
21
22
SIM5
SIM1
SIM2
SIM3
SIM4
1
21
22
SIM5
SIM1
SIM2
SIM3
SIM4
1
21
22
SIM5
SIM1
SIM2
SIM3
SIM4
1
21
22
SIM5
SIM1
SIM2
SIM3
SIM4
1
21
22
SIM5
SIM1
SIM2
SIM3
SIM4
1
21
22
SIM5
SIM1
SIM2
SIM3
SIM4
1
21
22
SIM5
SIM1
SIM2
SIM3
SIM4
1
21
22
SIM5
SIM1
SIM2
SIM3
SIM4
1
21
22
SIM5
SIM1
SIM2
SIM3
SIM4
1
21
22
SIM5
SIM1
SIM2
SIM3
SIM4
1
21
22
SIM5
SIM1
SIM2
SIM3
SIM4
1
21
22
SIM5
SIM1
SIM2
SIM3
SIM4
1
21
22
SIM5
SIM1
SIM2
SIM3
SIM4
1
21
22
SIM5
SIM1
SIM2
SIM3
SIM4
1
21
22
SIM5
SIM1
SIM2
SIM3
SIM4
1
21
22
SIM5
SIM1
SIM2
SIM3
SIM4
1
21
22
SIM5
SIM1
SIM2
SIM3
SIM4
1
21
22
SIM5
SIM1
SIM2
SIM3
SIM4
1
21
22
SIM5
SIM1
SIM2
SIM3
SIM4
1
21
22
SIM5
SIM1
SIM2
SIM3
SIM4
1
21
22
SIM5
SIM1
SIM2
SIM3
SIM4
1
21
22
SIM5
SIM1
SIM2
SIM3
SIM4
1
21
22
SIM5
SIM1
SIM2
SIM3
SIM4
1
21
22
SIM5
SIM1
SIM2
SIM3
SIM4
1
21
22
SIM5
SIM1
SIM2
SIM3
SIM4
1
21
22
SIM5
SIM1
SIM2
SIM3
SIM4
1
21
22
SIM5
SIM1
SIM2
SIM3
SIM4
1
21
22
SIM5
SIM1
SIM2
SIM3
SIM4
1
21
22
SIM5
SIM1
SIM2
SIM3
SIM4
1
21
22
SIM5
SIM1
SIM2
SIM3
SIM4
1
21
22
SIM5
SIM1
SIM2
SIM3
SIM4
1
21
22
SIM5
SIM1
SIM2
SIM3
SIM4
1
21
22
SIM5
SIM1
SIM2
SIM3
SIM4
1
21
22
SIM5
SIM1
SIM2
SIM3
SIM4
1
21
22
SIM5
SIM1
SIM2
SIM3
SIM4
1
21
22
SIM5
SIM1
SIM2
SIM3
SIM4
1
21
22
SIM5
SIM1
SIM2
SIM3
SIM4
1
21
22
SIM5
SIM1
SIM2
SIM3
SIM4
1
21
22
SIM5
SIM1
SIM2
SIM3
SIM4
1
21
22
SIM5
SIM1
SIM2
SIM3
SIM4
1
21
22
SIM5
SIM1
SIM2
SIM3
SIM4
1
21
22
SIM5
SIM1
SIM2
SIM3
SIM4
1
21
22
SIM5
SIM1
SIM2
SIM3
SIM4
1
21
22
SIM5
SIM1
SIM2
SIM3
SIM4
1
21
22
SIM5
SIM1
SIM2
SIM3
SIM4
1
21
22
SIM5
SIM1
SIM2
SIM3
SIM4
1
21
22
SIM5
SIM1
SIM2
SIM3
SIM4
1
21
22
SIM5
SIM1
SIM2
SIM3
SIM4
1
21
22
SIM5
SIM1
SIM2
SIM3
SIM4
1
21
22
SIM5
SIM1
SIM2
SIM3
SIM4
1
21
22
SIM5
SIM1
SIM2
SIM3
SIM4
1
21
22
SIM5
SIM1
SIM2
SIM3
SIM4
1
21
22
SIM5
SIM1
SIM2
SIM3
SIM4
1
21
22
SIM5
SIM1
SIM2
SIM3
SIM4
1
21
22
SIM5
SIM1
SIM2
SIM3
SIM4
1
21
22
SIM5
SIM1
SIM2
SIM3
SIM4
1
21
22
SIM5
SIM1
SIM2
SIM3
SIM4
1
21
22
SIM5
SIM1
SIM2
SIM3
SIM4
1
21
22
SIM5
SIM1
SIM2
SIM3
SIM4
1
21
22
SIM5
SIM1
SIM2
SIM3
SIM4
1
21
22
SIM5
SIM1
SIM2
SIM3
SIM4
1
21
22
SIM5
SIM1
SIM2
SIM3
SIM4
1
21
22
SIM5
SIM1
SIM2
SIM3
SIM4
1
21
22
SIM5
SIM1
SIM2
SIM3
SIM4
1
21
22
SIM5
SIM1
SIM2
SIM3
SIM4
1
21
22
SIM5
SIM1
SIM2
SIM3
SIM4
1
21
22
SIM5
SIM1
SIM2
SIM3
SIM4
1
21
22
SIM5
SIM1
SIM2
SIM3
SIM4
1
21
22
SIM5
SIM1
SIM2
SIM3
SIM4
1
21
22
SIM5
SIM1
SIM2
SIM3
SIM4
1
21
22
SIM5
SIM1
SIM2
SIM3
SIM4
1
21
22
SIM5
SIM1
SIM2
SIM3
SIM4
1
21
22
SIM5
SIM1
SIM2
SIM3
SIM4
1
21
22
SIM5
SIM1
SIM2
SIM3
SIM4
1
21
22
SIM5
SIM1
SIM2
SIM3
SIM4
1
21
22
SIM5
SIM1
SIM2
SIM3
SIM4
1
21
22
SIM5
SIM1
SIM2
SIM3
SIM4
1
21
22
SIM5
SIM1
SIM2
SIM3
SIM4
1
21
22
SIM5
SIM1
SIM2
DEBUG 1 322
SIM1
SIM2
SIM3
SIM4
1
21
22
SIM5
SIM1
SIM2
SIM3
SIM4
1
21
22
SIM5
SIM1
SIM2
SIM3
SIM4
1
21
22
SIM5
SIM1
SIM2
SIM3
SIM4
1
21
22
SIM5
SIM1
SIM2
SIM3
SIM4
1
21
22
SIM5
SIM1
SIM2
SIM3
SIM4
1
21
22
SIM5
SIM1
SIM2
SIM3
SIM4
1
21
22
SIM5
SIM1
SIM2
SIM3
SIM4
1
21
22
SIM5
SIM1
SIM2
SIM3
SIM4
1
21
22
SIM5
SIM1
SIM2
SIM3
SIM4
1
21
22
SIM5
SIM1
SIM2
SIM3
SIM4
1
21
22
SIM5
SIM1
SIM2
SIM3
SIM4
1
21
22
SIM5
SIM1
SIM2
SIM3
SIM4
1
21
22
SIM5
SIM1
SIM2
SIM3
SIM4
1
21
22
SIM5
SIM1
SIM2
SIM3
SIM4
1
21
22
SIM5
SIM1
SIM2
SIM3
SIM4
1
21
22
SIM5
SIM1
SIM2
SIM3
SIM4
1
21
22
SIM5
SIM1
SIM2
SIM3
SIM4
1
21
22
SIM5
SIM1
SIM2
SIM3
SIM4
1
21
22
SIM5
SIM1
SIM2
SIM3
SIM4
1
21
22
SIM5
SIM1
SIM2
SIM3
SIM4
1
21
22
SIM5
SIM1
SIM2
SIM3
SIM4
1
21
22
SIM5
SIM1
SIM2
SIM3
SIM4
1
21
22
SIM5
SIM1
SIM2
SIM3
SIM4
1
21
22
SIM5
SIM1
SIM2
SIM3
SIM4
1
21
22
SIM5
SIM1
SIM2
SIM3
SIM4
1
21
22
SIM5
SIM1
SIM2
SIM3
SIM4
1
21
22
SIM5
SIM1
SIM2
SIM3
SIM4
1
21
22
SIM5
SIM1
SIM2
SIM3
SIM4
1
21
22
SIM5
SIM1
SIM2
SIM3
SIM4
1
21
22
SIM5
SIM1
SIM2
SIM3
SIM4
1
21
22
SIM5
SIM1
SIM2
SIM3
SIM4
1
21
22
SIM5
SIM1
SIM2
SIM3
SIM4
1
21
22
SIM5
SIM1
SIM2
SIM3
SIM4
1
21
22
SIM5
SIM1
SIM2
SIM3
SIM4
1
21
22
SIM5
SIM1
SIM2
SIM3
SIM4
1
21
22
SIM5
SIM1
SIM2
SIM3
SIM4
1
21
22
SIM5
SIM1
SIM2
SIM3
SIM4
1
21
22
SIM5
SIM1
SIM2
SIM3
SIM4
1
21
22
SIM5
SIM1
SIM2
SIM3
SIM4
1
21
22
SIM5
SIM1
SIM2
SIM3
SIM4
1
21
22
SIM5
SIM1
SIM2
SIM3
SIM4
1
21
22
SIM5
SIM1
SIM2
SIM3
SIM4
1
21
22
SIM5
SIM1
SIM2
SIM3
SIM4
1
21
22
SIM5
SIM1
SIM2
SIM3
SIM4
1
21
22
SIM5
SIM1
SIM2
SIM3
SIM4
1
21
22
SIM5
SIM1
SIM2
SIM3
SIM4
1
21
22
SIM5
SIM1
SIM2
SIM3
SIM4
1
21
22
SIM5
SIM1
SIM2
SIM3
SIM4
1
21
22
SIM5
SIM1
SIM2
SIM3
SIM4
1
21
22
SIM5
SIM1
SIM2
SIM3
SIM4
1
21
22
SIM5
SIM1
SIM2
SIM3
SIM4
1
21
22
SIM5
SIM1
SIM2
SIM3
SIM4
1
21
22
SIM5
SIM1
SIM2
SIM3
SIM4
1
21
22
SIM5
SIM1
SIM2
SIM3
SIM4
1
21
22
SIM5
SIM1
SIM2
SIM3
SIM4
1
21
22
SIM5
SIM1
SIM2
SIM3
SIM4
1
21
22
SIM5
SIM1
SIM2
SIM3
SIM4
1
21
22
SIM5
SIM1
SIM2
SIM3
SIM4
1
21
22
SIM5
SIM1
SIM2
SIM3
SIM4
1
21
22
SIM5
SIM1
SIM2
SIM3
SIM4
1
21
22
SIM5
SIM1
SIM2
SIM3
SIM4
1
21
22
SIM5
SIM1
SIM2
SIM3
SIM4
1
21
22
SIM5
SIM1
SIM2
SIM3
SIM4
1
21
22
SIM5
SIM1
SIM2
SIM3
SIM4
1
21
22
SIM5
SIM1
SIM2
SIM3
SIM4
1
21
22
SIM5
SIM1
SIM2
SIM3
SIM4
1
21
22
SIM5
SIM1
SIM2
SIM3
SIM4
1
21
22
SIM5
SIM1
SIM2
SIM3
SIM4
1
21
22
SIM5
SIM1
SIM2
SIM3
SIM4
1
21
22
SIM5
SIM1
SIM2
SIM3
SIM4
1
21
22
SIM5
SIM1
SIM2
SIM3
SIM4
1
21
22
SIM5
SIM1
SIM2
SIM3
SIM4
1
21
22
SIM5
SIM1
SIM2
SIM3
SIM4
1
21
22
SIM5
SIM1
SIM2
SIM3
SIM4
1
21
22
SIM5
SIM1
SIM2
SIM3
SIM4
1
21
22
SIM5
SIM1
SIM2
SIM3
SIM4
1
21
22
SIM5
SIM1
SIM2
SIM3
SIM4
1
21
22
SIM5
SIM1
SIM2
SIM3
SIM4
1
21
22
SIM5
SIM1
SIM2
SIM3
SIM4
1
21
22
SIM5
SIM1
SIM2
SIM3
SIM4
1
21
22
SIM5
SIM1
SIM2
SIM3
SIM4
1
21
22
SIM5
SIM1
SIM2
SIM3
SIM4
1
21
22
SIM5
SIM1
SIM2
SIM3
SIM4
1
21
22
SIM5
SIM1
SIM2
SIM3
SIM4
1
21
22
SIM5
SIM1
SIM2
SIM3
SIM4
1
21
22
SIM5
SIM1
SIM2
SIM3
SIM4
1
21
22
SIM5
SIM1
SIM2
SIM3
SIM4
1
21
22
SIM5
SIM1
SIM2
SIM3
SIM4
1
21
22
SIM5
SIM1
SIM2
SIM3
SIM4
1
21
22
SIM5
SIM1
SIM2
SIM3
SIM4
1
21
22
SIM5
SIM1
SIM2
SIM3
SIM4
1
21
22
SIM5
SIM1
SIM2
SIM3
SIM4
1
21
22
SIM5
SIM1
SIM2
SIM3
SIM4
1
21
22
SIM5
SIM1
SIM2
SIM3
SIM4
1
21
22
SIM5
SIM1
SIM2
SIM3
SIM4
1
21
22
SIM5
SIM1
SIM2
SIM3
SIM4
1
21
22
SIM5
SIM1
SIM2
SIM3
SIM4
1
21
22
SIM5
SIM1
SIM2
SIM3
SIM4
1
21
22
SIM5
SIM1
SIM2
SIM3
SIM4
1
21
22
SIM5
SIM1
SIM2
SIM3
SIM4
1
21
22
SIM5
SIM1
SIM2
SIM3
SIM4
1
21
22
SIM5
SIM1
SIM2
SIM3
SIM4
1
21
22
SIM5
SIM1
SIM2
SIM3
SIM4
1
21
22
SIM5
SIM1
SIM2
SIM3
SIM4
1
21
22
SIM5
SIM1
SIM2
SIM3
SIM4
1
21
22
SIM5
SIM1
SIM2
SIM3
SIM4
1
21
22
SIM5
SIM1
SIM2
SIM3
SIM4
1
21
22
SIM5
SIM1
SIM2
SIM3
SIM4
1
21
22
SIM5
SIM1
SIM2
SIM3
SIM4
1
21
22
SIM5
SIM1
SIM2
SIM3
SIM4
1
21
22
SIM5
SIM1
SIM2
SIM3
SIM4
1
21
22
SIM5
SIM1
SIM2
SIM3
SIM4
1
21
22
SIM5
SIM1
SIM2
SIM3
SIM4
1
21
22
SIM5
SIM1
SIM2
SIM3
SIM4
1
21
22
SIM5
SIM1
SIM2
SIM3
SIM4
1
21
22
SIM5
SIM1
SIM2
SIM3
SIM4
1
21
22
SIM5
SIM1
SIM2
SIM3
SIM4
1
21
22
SIM5
SIM1
SIM2
SIM3
SIM4
1
21
22
SIM5
SIM1
SIM2
SIM3
SIM4
1
21
22
SIM5
SIM1
SIM2
SIM3
SIM4
1
21
22
SIM5
SIM1
SIM2
SIM3
SIM4
1
21
22
SIM5
SIM1
SIM2
SIM3
SIM4
1
21
22
SIM5
SIM1
SIM2
SIM3
SIM4
1
21
22
SIM5
SIM1
SIM2
SIM3
SIM4
1
21
22
SIM5
SIM1
SIM2
SIM3
SIM4
1
21
22
SIM5
SIM1
SIM2
SIM3
SIM4
1
21
22
SIM5
SIM1
SIM2
SIM3
SIM4
1
21
22
SIM5
SIM1
SIM2
SIM3
SIM4
1
21
22
SIM5
SIM1
SIM2
SIM3
SIM4
1
21
22
SIM5
SIM1
SIM2
SIM3
SIM4
1
21
22
SIM5
SIM1
SIM2
SIM3
SIM4
1
21
22
SIM5
SIM1
SIM2
SIM3
SIM4
1
21
22
SIM5
SIM1
SIM2
SIM3
SIM4
1
21
22
SIM5
SIM1
SIM2
SIM3
SIM4
1
21
22
SIM5
SIM1
SIM2
SIM3
SIM4
1
21
22
SIM5
SIM1
SIM2
SIM3
SIM4
1
21
22
SIM5
SIM1
SIM2
SIM3
SIM4
1
21
22
SIM5
SIM1
SIM2
SIM3
SIM4
1
21
22
SIM5
SIM1
SIM2
SIM3
SIM4
1
21
22
SIM5
SIM1
SIM2
SIM3
SIM4
1
21
22
SIM5
SIM1
SIM2
SIM3
SIM4
1
21
22
SIM5
SIM1
SIM2
SIM3
SIM4
1
21
22
SIM5
SIM1
SIM2
SIM3
SIM4
1
21
22
SIM5
SIM1
SIM2
SIM3
SIM4
1
21
22
SIM5
SIM1
SIM2
SIM3
SIM4
1
21
22
SIM5
SIM1
SIM2
SIM3
SIM4
1
21
22
SIM5
SIM1
SIM2
SIM3
SIM4
1
21
22
SIM5
SIM1
SIM2
SIM3
SIM4
1
21
22
SIM5
SIM1
SIM2
SIM3
SIM4
1
21
22
SIM5
SIM1
SIM2
SIM3
SIM4
1
21
22
SIM5
SIM1
SIM2
SIM3
SIM4
1
21
22
SIM5
SIM1
SIM2
SIM3
SIM4
1
21
22
SIM5
SIM1
SIM2
SIM3
SIM4
1
21
22
SIM5
SIM1
SIM2
SIM3
SIM4
1
21
22
SIM5
SIM1
SIM2
SIM3
SIM4
1
21
22
SIM5
SIM1
SIM2
SIM3
SIM4
1
21
22
SIM5
SIM1
SIM2
SIM3
SIM4
1
21
22
SIM5
SIM1
SIM2
SIM3
SIM4
1
21
22
SIM5
SIM1
SIM2
SIM3
SIM4
1
21
22
SIM5
SIM1
SIM2
SIM3
SIM4
1
21
22
SIM5
SIM1
SIM2
SIM3
SIM4
1
21
22
SIM5
SIM1
SIM2
SIM3
SIM4
1
21
22
SIM5
SIM1
SIM2
SIM3
SIM4
1
21
22
SIM5
SIM1
SIM2
SIM3
SIM4
1
21
22
SIM5
SIM1
SIM2
SIM3
SIM4
1
21
22
SIM5
SIM1
SIM2
SIM3
SIM4
1
21
22
SIM5
SIM1
SIM2
SIM3
SIM4
1
21
22
SIM5
SIM1
SIM2
SIM3
SIM4
1
21
22
SIM5
SIM1
SIM2
SIM3
SIM4
1
21
22
SIM5
SIM1
SIM2
SIM3
SIM4
1
21
22
SIM5
SIM1
SIM2
SIM3
SIM4
1
21
22
SIM5
SIM1
SIM2
SIM3
SIM4
1
21
22
SIM5
SIM1
SIM2
SIM3
SIM4
1
21
22
SIM5
SIM1
SIM2
SIM3
SIM4
1
21
22
SIM5
SIM1
SIM2
SIM3
SIM4
1
21
22
SIM5
SIM1
SIM2
SIM3
SIM4
1
21
22
SIM5
SIM1
SIM2
DEBUG 1 323
SIM1
SIM2
SIM3
SIM4
1
21
22
SIM5
SIM1
SIM2
SIM3
SIM4
1
21
22
SIM5
SIM1
SIM2
SIM3
SIM4
1
21
22
SIM5
SIM1
SIM2
SIM3
SIM4
1
21
22
SIM5
SIM1
SIM2
SIM3
SIM4
1
21
22
SIM5
SIM1
SIM2
SIM3
SIM4
1
21
22
SIM5
SIM1
SIM2
SIM3
SIM4
1
21
22
SIM5
SIM1
SIM2
SIM3
SIM4
1
21
22
SIM5
SIM1
SIM2
SIM3
SIM4
1
21
22
SIM5
SIM1
SIM2
SIM3
SIM4
1
21
22
SIM5
SIM1
SIM2
SIM3
SIM4
1
21
22
SIM5
SIM1
SIM2
SIM3
SIM4
1
21
22
SIM5
SIM1
SIM2
SIM3
SIM4
1
21
22
SIM5
SIM1
SIM2
SIM3
SIM4
1
21
22
SIM5
SIM1
SIM2
SIM3
SIM4
1
21
22
SIM5
SIM1
SIM2
SIM3
SIM4
1
21
22
SIM5
SIM1
SIM2
SIM3
SIM4
1
21
22
SIM5
SIM1
SIM2
SIM3
SIM4
1
21
22
SIM5
SIM1
SIM2
SIM3
SIM4
1
21
22
SIM5
SIM1
SIM2
SIM3
SIM4
1
21
22
SIM5
SIM1
SIM2
SIM3
SIM4
1
21
22
SIM5
SIM1
SIM2
SIM3
SIM4
1
21
22
SIM5
SIM1
SIM2
SIM3
SIM4
1
21
22
SIM5
SIM1
SIM2
SIM3
SIM4
1
21
22
SIM5
SIM1
SIM2
SIM3
SIM4
1
21
22
SIM5
SIM1
SIM2
SIM3
SIM4
1
21
22
SIM5
SIM1
SIM2
SIM3
SIM4
1
21
22
SIM5
SIM1
SIM2
SIM3
SIM4
1
21
22
SIM5
SIM1
SIM2
SIM3
SIM4
1
21
22
SIM5
SIM1
SIM2
SIM3
SIM4
1
21
22
SIM5
SIM1
SIM2
SIM3
SIM4
1
21
22
SIM5
SIM1
SIM2
SIM3
SIM4
1
21
22
SIM5
SIM1
SIM2
SIM3
SIM4
1
21
22
SIM5
SIM1
SIM2
SIM3
SIM4
1
21
22
SIM5
SIM1
SIM2
SIM3
SIM4
1
21
22
SIM5
SIM1
SIM2
SIM3
SIM4
1
21
22
SIM5
SIM1
SIM2
SIM3
SIM4
1
21
22
SIM5
SIM1
SIM2
SIM3
SIM4
1
21
22
SIM5
SIM1
SIM2
SIM3
SIM4
1
21
22
SIM5
SIM1
SIM2
SIM3
SIM4
1
21
22
SIM5
SIM1
SIM2
SIM3
SIM4
1
21
22
SIM5
SIM1
SIM2
SIM3
SIM4
1
21
22
SIM5
SIM1
SIM2
SIM3
SIM4
1
21
22
SIM5
SIM1
SIM2
SIM3
SIM4
1
21
22
SIM5
SIM1
SIM2
SIM3
SIM4
1
21
22
SIM5
SIM1
SIM2
SIM3
SIM4
1
21
22
SIM5
SIM1
SIM2
SIM3
SIM4
1
21
22
SIM5
SIM1
SIM2
SIM3
SIM4
1
21
22
SIM5
SIM1
SIM2
SIM3
SIM4
1
21
22
SIM5
SIM1
SIM2
SIM3
SIM4
1
21
22
SIM5
SIM1
SIM2
SIM3
SIM4
1
21
22
SIM5
SIM1
SIM2
SIM3
SIM4
1
21
22
SIM5
SIM1
SIM2
SIM3
SIM4
1
21
22
SIM5
SIM1
SIM2
SIM3
SIM4
1
21
22
SIM5
SIM1
SIM2
SIM3
SIM4
1
21
22
SIM5
SIM1
SIM2
SIM3
SIM4
1
21
22
SIM5
SIM1
SIM2
SIM3
SIM4
1
21
22
SIM5
SIM1
SIM2
SIM3
SIM4
1
21
22
SIM5
SIM1
SIM2
SIM3
SIM4
1
21
22
SIM5
SIM1
SIM2
SIM3
SIM4
1
21
22
SIM5
SIM1
SIM2
SIM3
SIM4
1
21
22
SIM5
SIM1
SIM2
SIM3
SIM4
1
21
22
SIM5
SIM1
SIM2
SIM3
SIM4
1
21
22
SIM5
SIM1
SIM2
SIM3
SIM4
1
21
22
SIM5
SIM1
SIM2
SIM3
SIM4
1
21
22
SIM5
SIM1
SIM2
SIM3
SIM4
1
21
22
SIM5
SIM1
SIM2
SIM3
SIM4
1
21
22
SIM5
SIM1
SIM2
SIM3
SIM4
1
21
22
SIM5
SIM1
SIM2
SIM3
SIM4
1
21
22
SIM5
SIM1
SIM2
SIM3
SIM4
1
21
22
SIM5
SIM1
SIM2
SIM3
SIM4
1
21
22
SIM5
SIM1
SIM2
SIM3
SIM4
1
21
22
SIM5
SIM1
SIM2
SIM3
SIM4
1
21
22
SIM5
SIM1
SIM2
SIM3
SIM4
1
21
22
SIM5
SIM1
SIM2
SIM3
SIM4
1
21
22
SIM5
SIM1
SIM2
SIM3
SIM4
1
21
22
SIM5
SIM1
SIM2
SIM3
SIM4
1
21
22
SIM5
SIM1
SIM2
SIM3
SIM4
1
21
22
SIM5
SIM1
SIM2
SIM3
SIM4
1
21
22
SIM5
SIM1
SIM2
SIM3
SIM4
1
21
22
SIM5
SIM1
SIM2
SIM3
SIM4
1
21
22
SIM5
SIM1
SIM2
SIM3
SIM4
1
21
22
SIM5
SIM1
SIM2
SIM3
SIM4
1
21
22
SIM5
SIM1
SIM2
SIM3
SIM4
1
21
22
SIM5
SIM1
SIM2
SIM3
SIM4
1
21
22
SIM5
SIM1
SIM2
SIM3
SIM4
1
21
22
SIM5
SIM1
SIM2
SIM3
SIM4
1
21
22
SIM5
SIM1
SIM2
SIM3
SIM4
1
21
22
SIM5
SIM1
SIM2
SIM3
SIM4
1
21
22
SIM5
SIM1
SIM2
SIM3
SIM4
1
21
22
SIM5
SIM1
SIM2
SIM3
SIM4
1
21
22
SIM5
SIM1
SIM2
SIM3
SIM4
1
21
22
SIM5
SIM1
SIM2
SIM3
SIM4
1
21
22
SIM5
SIM1
SIM2
SIM3
SIM4
1
21
22
SIM5
SIM1
SIM2
SIM3
SIM4
1
21
22
SIM5
SIM1
SIM2
SIM3
SIM4
1
21
22
SIM5
SIM1
SIM2
SIM3
SIM4
1
21
22
SIM5
SIM1
SIM2
DEBUG 1 324
SIM1
SIM2
SIM3
SIM4
1
21
22
SIM5
SIM1
SIM2
SIM3
SIM4
1
21
22
SIM5
SIM1
SIM2
SIM3
SIM4
1
21
22
SIM5
SIM1
SIM2
SIM3
SIM4
1
21
22
SIM5
SIM1
SIM2
SIM3
SIM4
1
21
22
SIM5
SIM1
SIM2
SIM3
SIM4
1
21
22
SIM5
SIM1
SIM2
SIM3
SIM4
1
21
22
SIM5
SIM1
SIM2
SIM3
SIM4
1
21
22
SIM5
SIM1
SIM2
SIM3
SIM4
1
21
22
SIM5
SIM1
SIM2
SIM3
SIM4
1
21
22
SIM5
SIM1
SIM2
SIM3
SIM4
1
21
22
SIM5
SIM1
SIM2
SIM3
SIM4
1
21
22
SIM5
SIM1
SIM2
SIM3
SIM4
1
21
22
SIM5
SIM1
SIM2
SIM3
SIM4
1
21
22
SIM5
SIM1
SIM2
SIM3
SIM4
1
21
22
SIM5
SIM1
SIM2
SIM3
SIM4
1
21
22
SIM5
SIM1
SIM2
SIM3
SIM4
1
21
22
SIM5
SIM1
SIM2
SIM3
SIM4
1
21
22
SIM5
SIM1
SIM2
SIM3
SIM4
1
21
22
SIM5
SIM1
SIM2
SIM3
SIM4
1
21
22
SIM5
SIM1
SIM2
SIM3
SIM4
1
21
22
SIM5
SIM1
SIM2
SIM3
SIM4
1
21
22
SIM5
SIM1
SIM2
SIM3
SIM4
1
21
22
SIM5
SIM1
SIM2
SIM3
SIM4
1
21
22
SIM5
SIM1
SIM2
SIM3
SIM4
1
21
22
SIM5
SIM1
SIM2
SIM3
SIM4
1
21
22
SIM5
SIM1
SIM2
SIM3
SIM4
1
21
22
SIM5
SIM1
SIM2
SIM3
SIM4
1
21
22
SIM5
SIM1
SIM2
SIM3
SIM4
1
21
22
SIM5
SIM1
SIM2
SIM3
SIM4
1
21
22
SIM5
SIM1
SIM2
SIM3
SIM4
1
21
22
SIM5
SIM1
SIM2
SIM3
SIM4
1
21
22
SIM5
SIM1
SIM2
SIM3
SIM4
1
21
22
SIM5
SIM1
SIM2
SIM3
SIM4
1
21
22
SIM5
SIM1
SIM2
SIM3
SIM4
1
21
22
SIM5
SIM1
SIM2
SIM3
SIM4
1
21
22
SIM5
SIM1
SIM2
SIM3
SIM4
1
21
22
SIM5
SIM1
SIM2
SIM3
SIM4
1
21
22
SIM5
SIM1
SIM2
SIM3
SIM4
1
21
22
SIM5
SIM1
SIM2
SIM3
SIM4
1
21
22
SIM5
SIM1
SIM2
SIM3
SIM4
1
21
22
SIM5
SIM1
SIM2
SIM3
SIM4
1
21
22
SIM5
SIM1
SIM2
SIM3
SIM4
1
21
22
SIM5
SIM1
SIM2
SIM3
SIM4
1
21
22
SIM5
SIM1
SIM2
SIM3
SIM4
1
21
22
SIM5
SIM1
SIM2
SIM3
SIM4
1
21
22
SIM5
SIM1
SIM2
SIM3
SIM4
1
21
22
SIM5
SIM1
SIM2
SIM3
SIM4
1
21
22
SIM5
SIM1
SIM2
SIM3
SIM4
1
21
22
SIM5
SIM1
SIM2
SIM3
SIM4
1
21
22
SIM5
SIM1
SIM2
SIM3
SIM4
1
21
22
SIM5
SIM1
SIM2
SIM3
SIM4
1
21
22
SIM5
SIM1
SIM2
SIM3
SIM4
1
21
22
SIM5
SIM1
SIM2
SIM3
SIM4
1
21
22
SIM5
SIM1
SIM2
SIM3
SIM4
1
21
22
SIM5
SIM1
SIM2
SIM3
SIM4
1
21
22
SIM5
SIM1
SIM2
SIM3
SIM4
1
21
22
SIM5
SIM1
SIM2
SIM3
SIM4
1
21
22
SIM5
SIM1
SIM2
SIM3
SIM4
1
21
22
SIM5
SIM1
SIM2
SIM3
SIM4
1
21
22
SIM5
SIM1
SIM2
SIM3
SIM4
1
21
22
SIM5
SIM1
SIM2
SIM3
SIM4
1
21
22
SIM5
SIM1
SIM2
SIM3
SIM4
1
21
22
SIM5
SIM1
SIM2
SIM3
SIM4
1
21
22
SIM5
SIM1
SIM2
SIM3
SIM4
1
21
22
SIM5
SIM1
SIM2
SIM3
SIM4
1
21
22
SIM5
SIM1
SIM2
SIM3
SIM4
1
21
22
SIM5
SIM1
SIM2
SIM3
SIM4
1
21
22
SIM5
SIM1
SIM2
SIM3
SIM4
1
21
22
SIM5
SIM1
SIM2
SIM3
SIM4
1
21
22
SIM5
SIM1
SIM2
SIM3
SIM4
1
21
22
SIM5
SIM1
SIM2
SIM3
SIM4
1
21
22
SIM5
SIM1
SIM2
SIM3
SIM4
1
21
22
SIM5
SIM1
SIM2
SIM3
SIM4
1
21
22
SIM5
SIM1
SIM2
SIM3
SIM4
1
21
22
SIM5
SIM1
SIM2
SIM3
SIM4
1
21
22
SIM5
SIM1
SIM2
SIM3
SIM4
1
21
22
SIM5
SIM1
SIM2
SIM3
SIM4
1
21
22
SIM5
SIM1
SIM2
SIM3
SIM4
1
21
22
SIM5
SIM1
SIM2
SIM3
SIM4
1
21
22
SIM5
SIM1
SIM2
SIM3
SIM4
1
21
22
SIM5
SIM1
SIM2
SIM3
SIM4
1
21
22
SIM5
SIM1
SIM2
SIM3
SIM4
1
21
22
SIM5
SIM1
SIM2
SIM3
SIM4
1
21
22
SIM5
SIM1
SIM2
SIM3
SIM4
1
21
22
SIM5
SIM1
SIM2
SIM3
SIM4
1
21
22
SIM5
SIM1
SIM2
SIM3
SIM4
1
21
22
SIM5
SIM1
SIM2
SIM3
SIM4
1
21
22
SIM5
SIM1
SIM2
SIM3
SIM4
1
21
22
SIM5
SIM1
SIM2
SIM3
SIM4
1
21
22
SIM5
SIM1
SIM2
SIM3
SIM4
1
21
22
SIM5
SIM1
SIM2
SIM3
SIM4
1
21
22
SIM5
SIM1
SIM2
SIM3
SIM4
1
21
22
SIM5
SIM1
SIM2
SIM3
SIM4
1
21
22
SIM5
SIM1
SIM2
SIM3
SIM4
1
21
22
SIM5
SIM1
SIM2
SIM3
SIM4
1
21
22
SIM5
SIM1
SIM2
SIM3
SIM4
1
21
22
SIM5
SIM1
SIM2
SIM3
SIM4
1
21
22
SIM5
SIM1
SIM2
SIM3
SIM4
1
21
22
SIM5
SIM1
SIM2
SIM3
SIM4
1
21
22
SIM5
SIM1
SIM2
SIM3
SIM4
1
21
22
SIM5
SIM1
SIM2
SIM3
SIM4
1
21
22
SIM5
SIM1
SIM2
SIM3
SIM4
1
21
22
SIM5
SIM1
SIM2
SIM3
SIM4
1
21
22
SIM5
SIM1
SIM2
SIM3
SIM4
1
21
22
SIM5
SIM1
SIM2
SIM3
SIM4
1
21
22
SIM5
SIM1
SIM2
SIM3
SIM4
1
21
22
SIM5
SIM1
SIM2
SIM3
SIM4
1
21
22
SIM5
SIM1
SIM2
SIM3
SIM4
1
21
22
SIM5
SIM1
SIM2
SIM3
SIM4
1
21
22
SIM5
SIM1
SIM2
SIM3
SIM4
1
21
22
SIM5
SIM1
SIM2
SIM3
SIM4
1
21
22
SIM5
SIM1
SIM2
SIM3
SIM4
1
21
22
SIM5
SIM1
SIM2
SIM3
SIM4
1
21
22
SIM5
SIM1
SIM2
SIM3
SIM4
1
21
22
SIM5
SIM1
SIM2
SIM3
SIM4
1
21
22
SIM5
SIM1
SIM2
SIM3
SIM4
1
21
22
SIM5
SIM1
SIM2
SIM3
SIM4
1
21
22
SIM5
SIM1
SIM2
SIM3
SIM4
1
21
22
SIM5
SIM1
SIM2
SIM3
SIM4
1
21
22
SIM5
SIM1
SIM2
SIM3
SIM4
1
21
22
SIM5
SIM1
SIM2
SIM3
SIM4
1
21
22
SIM5
SIM1
SIM2
SIM3
SIM4
1
21
22
SIM5
SIM1
SIM2
SIM3
SIM4
1
21
22
SIM5
SIM1
SIM2
SIM3
SIM4
1
21
22
SIM5
SIM1
SIM2
SIM3
SIM4
1
21
22
SIM5
SIM1
SIM2
SIM3
SIM4
1
21
22
SIM5
SIM1
SIM2
SIM3
SIM4
1
21
22
SIM5
SIM1
SIM2
SIM3
SIM4
1
21
22
SIM5
SIM1
SIM2
SIM3
SIM4
1
21
22
SIM5
SIM1
SIM2
SIM3
SIM4
1
21
22
SIM5
SIM1
SIM2
SIM3
SIM4
1
21
22
SIM5
SIM1
SIM2
SIM3
SIM4
1
21
22
SIM5
SIM1
SIM2
SIM3
SIM4
1
21
22
SIM5
SIM1
SIM2
SIM3
SIM4
1
21
22
SIM5
SIM1
SIM2
SIM3
SIM4
1
21
22
SIM5
SIM1
SIM2
SIM3
SIM4
1
21
22
SIM5
SIM1
SIM2
SIM3
SIM4
1
21
22
SIM5
SIM1
SIM2
SIM3
SIM4
1
21
22
SIM5
SIM1
SIM2
SIM3
SIM4
1
21
22
SIM5
SIM1
SIM2
SIM3
SIM4
1
21
22
SIM5
SIM1
SIM2
SIM3
SIM4
1
21
22
SIM5
SIM1
SIM2
SIM3
SIM4
1
21
22
SIM5
SIM1
SIM2
SIM3
SIM4
1
21
22
SIM5
SIM1
SIM2
SIM3
SIM4
1
21
22
SIM5
SIM1
SIM2
SIM3
SIM4
1
21
22
SIM5
SIM1
SIM2
SIM3
SIM4
1
21
22
SIM5
SIM1
SIM2
SIM3
SIM4
1
21
22
SIM5
SIM1
SIM2
SIM3
SIM4
1
21
22
SIM5
SIM1
SIM2
SIM3
SIM4
1
21
22
SIM5
SIM1
SIM2
SIM3
SIM4
1
21
22
SIM5
SIM1
SIM2
SIM3
SIM4
1
21
22
SIM5
SIM1
SIM2
SIM3
SIM4
1
21
22
SIM5
SIM1
SIM2
SIM3
SIM4
1
21
22
SIM5
SIM1
SIM2
SIM3
SIM4
1
21
22
SIM5
SIM1
SIM2
SIM3
SIM4
1
21
22
SIM5
SIM1
SIM2
SIM3
SIM4
1
21
22
SIM5
SIM1
SIM2
SIM3
SIM4
1
21
22
SIM5
SIM1
SIM2
SIM3
SIM4
1
21
22
SIM5
SIM1
SIM2
SIM3
SIM4
1
21
22
SIM5
SIM1
SIM2
SIM3
SIM4
1
21
22
SIM5
SIM1
SIM2
SIM3
SIM4
1
21
22
SIM5
SIM1
SIM2
SIM3
SIM4
1
21
22
SIM5
SIM1
SIM2
SIM3
SIM4
1
21
22
SIM5
SIM1
SIM2
SIM3
SIM4
1
21
22
SIM5
SIM1
SIM2
SIM3
SIM4
1
21
22
SIM5
SIM1
SIM2
SIM3
SIM4
1
21
22
SIM5
SIM1
SIM2
SIM3
SIM4
1
21
22
SIM5
SIM1
SIM2
SIM3
SIM4
1
21
22
SIM5
SIM1
SIM2
SIM3
SIM4
1
21
22
SIM5
SIM1
SIM2
SIM3
SIM4
1
21
22
SIM5
SIM1
SIM2
SIM3
SIM4
1
21
22
SIM5
SIM1
SIM2
SIM3
SIM4
1
21
22
SIM5
SIM1
SIM2
SIM3
SIM4
1
21
22
SIM5
SIM1
SIM2
SIM3
SIM4
1
21
22
SIM5
SIM1
SIM2
SIM3
SIM4
1
21
22
SIM5
SIM1
SIM2
SIM3
SIM4
1
21
22
SIM5
SIM1
SIM2
SIM3
SIM4
1
21
22
SIM5
SIM1
SIM2
SIM3
SIM4
1
21
22
SIM5
SIM1
SIM2
SIM3
SIM4
1
21
22
SIM5
SIM1
SIM2
SIM3
SIM4
1
21
22
SIM5
SIM1
SIM2
SIM3
SIM4
1
21
22
SIM5
SIM1
SIM2
SIM3
SIM4
1
21
22
SIM5
SIM1
SIM2
SIM3
SIM4
1
21
22
SIM5
SIM1
SIM2
SIM3
SIM4
1
21
22
SIM5
SIM1
SIM2
SIM3
SIM4
1
21
22
SIM5
SIM1
SIM2
SIM3
SIM4
1
21
22
SIM5
SIM1
SIM2
SIM3
SIM4
1
21
22
SIM5
SIM1
SIM2
SIM3
SIM4
1
21
22
SIM5
SIM1
SIM2
SIM3
SIM4
1
21
22
SIM5
SIM1
SIM2
SIM3
SIM4
1
21
22
SIM5
SIM1
SIM2
SIM3
SIM4
1
21
22
SIM5
SIM1
SIM2
SIM3
SIM4
1
21
22
SIM5
SIM1
SIM2
SIM3
SIM4
1
21
22
SIM5
SIM1
SIM2
SIM3
SIM4
1
21
22
SIM5
SIM1
SIM2
SIM3
SIM4
1
21
22
SIM5
SIM1
SIM2
SIM3
SIM4
1
21
22
SIM5
SIM1
SIM2
SIM3
SIM4
1
21
22
SIM5
SIM1
SIM2
SIM3
SIM4
1
21
22
SIM5
SIM1
SIM2
SIM3
SIM4
1
21
22
SIM5
SIM1
SIM2
SIM3
SIM4
1
21
22
SIM5
SIM1
SIM2
SIM3
SIM4
1
21
22
SIM5
SIM1
SIM2
DEBUG 1 325
SIM1
SIM2
SIM3
SIM4
1
21
22
SIM5
SIM1
SIM2
SIM3
SIM4
1
21
22
SIM5
SIM1
SIM2
SIM3
SIM4
1
21
22
SIM5
SIM1
SIM2
SIM3
SIM4
1
21
22
SIM5
SIM1
SIM2
SIM3
SIM4
1
21
22
SIM5
SIM1
SIM2
SIM3
SIM4
1
21
22
SIM5
SIM1
SIM2
SIM3
SIM4
1
21
22
SIM5
SIM1
SIM2
SIM3
SIM4
1
21
22
SIM5
SIM1
SIM2
SIM3
SIM4
1
21
22
SIM5
SIM1
SIM2
SIM3
SIM4
1
21
22
SIM5
SIM1
SIM2
SIM3
SIM4
1
21
22
SIM5
SIM1
SIM2
SIM3
SIM4
1
21
22
SIM5
SIM1
SIM2
SIM3
SIM4
1
21
22
SIM5
SIM1
SIM2
SIM3
SIM4
1
21
22
SIM5
SIM1
SIM2
SIM3
SIM4
1
21
22
SIM5
SIM1
SIM2
SIM3
SIM4
1
21
22
SIM5
SIM1
SIM2
SIM3
SIM4
1
21
22
SIM5
SIM1
SIM2
SIM3
SIM4
1
21
22
SIM5
SIM1
SIM2
SIM3
SIM4
1
21
22
SIM5
SIM1
SIM2
SIM3
SIM4
1
21
22
SIM5
SIM1
SIM2
SIM3
SIM4
1
21
22
SIM5
SIM1
SIM2
SIM3
SIM4
1
21
22
SIM5
SIM1
SIM2
SIM3
SIM4
1
21
22
SIM5
SIM1
SIM2
SIM3
SIM4
1
21
22
SIM5
SIM1
SIM2
SIM3
SIM4
1
21
22
SIM5
SIM1
SIM2
SIM3
SIM4
1
21
22
SIM5
SIM1
SIM2
SIM3
SIM4
1
21
22
SIM5
SIM1
SIM2
SIM3
SIM4
1
21
22
SIM5
SIM1
SIM2
SIM3
SIM4
1
21
22
SIM5
SIM1
SIM2
SIM3
SIM4
1
21
22
SIM5
SIM1
SIM2
SIM3
SIM4
1
21
22
SIM5
SIM1
SIM2
SIM3
SIM4
1
21
22
SIM5
SIM1
SIM2
SIM3
SIM4
1
21
22
SIM5
SIM1
SIM2
SIM3
SIM4
1
21
22
SIM5
SIM1
SIM2
SIM3
SIM4
1
21
22
SIM5
SIM1
SIM2
SIM3
SIM4
1
21
22
SIM5
SIM1
SIM2
SIM3
SIM4
1
21
22
SIM5
SIM1
SIM2
SIM3
SIM4
1
21
22
SIM5
SIM1
SIM2
SIM3
SIM4
1
21
22
SIM5
SIM1
SIM2
SIM3
SIM4
1
21
22
SIM5
SIM1
SIM2
SIM3
SIM4
1
21
22
SIM5
SIM1
SIM2
SIM3
SIM4
1
21
22
SIM5
SIM1
SIM2
SIM3
SIM4
1
21
22
SIM5
SIM1
SIM2
SIM3
SIM4
1
21
22
SIM5
SIM1
SIM2
SIM3
SIM4
1
21
22
SIM5
SIM1
SIM2
SIM3
SIM4
1
21
22
SIM5
SIM1
SIM2
SIM3
SIM4
1
21
22
SIM5
SIM1
SIM2
SIM3
SIM4
1
21
22
SIM5
SIM1
SIM2
SIM3
SIM4
1
21
22
SIM5
SIM1
SIM2
SIM3
SIM4
1
21
22
SIM5
SIM1
SIM2
SIM3
SIM4
1
21
22
SIM5
SIM1
SIM2
SIM3
SIM4
1
21
22
SIM5
SIM1
SIM2
SIM3
SIM4
1
21
22
SIM5
SIM1
SIM2
SIM3
SIM4
1
21
22
SIM5
SIM1
SIM2
SIM3
SIM4
1
21
22
SIM5
SIM1
SIM2
SIM3
SIM4
1
21
22
SIM5
SIM1
SIM2
SIM3
SIM4
1
21
22
SIM5
SIM1
SIM2
SIM3
SIM4
1
21
22
SIM5
SIM1
SIM2
SIM3
SIM4
1
21
22
SIM5
SIM1
SIM2
SIM3
SIM4
1
21
22
SIM5
SIM1
SIM2
SIM3
SIM4
1
21
22
SIM5
SIM1
SIM2
SIM3
SIM4
1
21
22
SIM5
SIM1
SIM2
SIM3
SIM4
1
21
22
SIM5
SIM1
SIM2
SIM3
SIM4
1
21
22
SIM5
SIM1
SIM2
SIM3
SIM4
1
21
22
SIM5
SIM1
SIM2
SIM3
SIM4
1
21
22
SIM5
SIM1
SIM2
SIM3
SIM4
1
21
22
SIM5
SIM1
SIM2
SIM3
SIM4
1
21
22
SIM5
SIM1
SIM2
SIM3
SIM4
1
21
22
SIM5
SIM1
SIM2
SIM3
SIM4
1
21
22
SIM5
SIM1
SIM2
SIM3
SIM4
1
21
22
SIM5
SIM1
SIM2
SIM3
SIM4
1
21
22
SIM5
SIM1
SIM2
SIM3
SIM4
1
21
22
SIM5
SIM1
SIM2
SIM3
SIM4
1
21
22
SIM5
SIM1
SIM2
SIM3
SIM4
1
21
22
SIM5
SIM1
SIM2
SIM3
SIM4
1
21
22
SIM5
SIM1
SIM2
SIM3
SIM4
1
21
22
SIM5
SIM1
SIM2
SIM3
SIM4
1
21
22
SIM5
SIM1
SIM2
SIM3
SIM4
1
21
22
SIM5
SIM1
SIM2
SIM3
SIM4
1
21
22
SIM5
SIM1
SIM2
SIM3
SIM4
1
21
22
SIM5
SIM1
SIM2
SIM3
SIM4
1
21
22
SIM5
SIM1
SIM2
SIM3
SIM4
1
21
22
SIM5
SIM1
SIM2
SIM3
SIM4
1
21
22
SIM5
SIM1
SIM2
SIM3
SIM4
1
21
22
SIM5
SIM1
SIM2
SIM3
SIM4
1
21
22
SIM5
SIM1
SIM2
SIM3
SIM4
1
21
22
SIM5
SIM1
SIM2
SIM3
SIM4
1
21
22
SIM5
SIM1
SIM2
SIM3
SIM4
1
21
22
SIM5
SIM1
SIM2
SIM3
SIM4
1
21
22
SIM5
SIM1
SIM2
SIM3
SIM4
1
21
22
SIM5
SIM1
SIM2
SIM3
SIM4
1
21
22
SIM5
SIM1
SIM2
SIM3
SIM4
1
21
22
SIM5
SIM1
SIM2
SIM3
SIM4
1
21
22
SIM5
SIM1
SIM2
SIM3
SIM4
1
21
22
SIM5
SIM1
SIM2
SIM3
SIM4
1
21
22
SIM5
SIM1
SIM2
SIM3
SIM4
1
21
22
SIM5
SIM1
SIM2
SIM3
SIM4
1
21
22
SIM5
SIM1
SIM2
SIM3
SIM4
1
21
22
SIM5
SIM1
SIM2
SIM3
SIM4
1
21
22
SIM5
SIM1
SIM2
SIM3
SIM4
1
21
22
SIM5
SIM1
SIM2
SIM3
SIM4
1
21
22
SIM5
SIM1
SIM2
SIM3
SIM4
1
21
22
SIM5
SIM1
SIM2
SIM3
SIM4
1
21
22
SIM5
SIM1
SIM2
SIM3
SIM4
1
21
22
SIM5
SIM1
SIM2
SIM3
SIM4
1
21
22
SIM5
SIM1
SIM2
SIM3
SIM4
1
21
22
SIM5
SIM1
SIM2
SIM3
SIM4
1
21
22
SIM5
SIM1
SIM2
SIM3
SIM4
1
21
22
SIM5
SIM1
SIM2
SIM3
SIM4
1
21
22
SIM5
SIM1
SIM2
SIM3
SIM4
1
21
22
SIM5
SIM1
SIM2
SIM3
SIM4
1
21
22
SIM5
SIM1
SIM2
SIM3
SIM4
1
21
22
SIM5
SIM1
SIM2
SIM3
SIM4
1
21
22
SIM5
SIM1
SIM2
SIM3
SIM4
1
21
22
SIM5
SIM1
SIM2
SIM3
SIM4
1
21
22
SIM5
SIM1
SIM2
SIM3
SIM4
1
21
22
SIM5
SIM1
SIM2
SIM3
SIM4
1
21
22
SIM5
SIM1
SIM2
SIM3
SIM4
1
21
22
SIM5
SIM1
SIM2
SIM3
SIM4
1
21
22
SIM5
SIM1
SIM2
SIM3
SIM4
1
21
22
SIM5
SIM1
SIM2
SIM3
SIM4
1
21
22
SIM5
SIM1
SIM2
SIM3
SIM4
1
21
22
SIM5
SIM1
SIM2
SIM3
SIM4
1
21
22
SIM5
SIM1
SIM2
SIM3
SIM4
1
21
22
SIM5
SIM1
SIM2
SIM3
SIM4
1
21
22
SIM5
SIM1
SIM2
SIM3
SIM4
1
21
22
SIM5
SIM1
SIM2
SIM3
SIM4
1
21
22
SIM5
SIM1
SIM2
SIM3
SIM4
1
21
22
SIM5
SIM1
SIM2
SIM3
SIM4
1
21
22
SIM5
SIM1
SIM2
SIM3
SIM4
1
21
22
SIM5
SIM1
SIM2
SIM3
SIM4
1
21
22
SIM5
SIM1
SIM2
SIM3
SIM4
1
21
22
SIM5
SIM1
SIM2
SIM3
SIM4
1
21
22
SIM5
SIM1
SIM2
SIM3
SIM4
1
21
22
SIM5
SIM1
SIM2
SIM3
SIM4
1
21
22
SIM5
SIM1
SIM2
SIM3
SIM4
1
21
22
SIM5
SIM1
SIM2
SIM3
SIM4
1
21
22
SIM5
SIM1
SIM2
SIM3
SIM4
1
21
22
SIM5
SIM1
SIM2
SIM3
SIM4
1
21
22
SIM5
SIM1
SIM2
SIM3
SIM4
1
21
22
SIM5
SIM1
SIM2
SIM3
SIM4
1
21
22
SIM5
SIM1
SIM2
SIM3
SIM4
1
21
22
SIM5
SIM1
SIM2
SIM3
SIM4
1
21
22
SIM5
SIM1
SIM2
SIM3
SIM4
1
21
22
SIM5
SIM1
SIM2
DEBUG 1 326
SIM1
SIM2
SIM3
SIM4
1
21
22
SIM5
SIM1
SIM2
SIM3
SIM4
1
21
22
SIM5
SIM1
SIM2
SIM3
SIM4
1
21
22
SIM5
SIM1
SIM2
SIM3
SIM4
1
21
22
SIM5
SIM1
SIM2
SIM3
SIM4
1
21
22
SIM5
SIM1
SIM2
SIM3
SIM4
1
21
22
SIM5
SIM1
SIM2
SIM3
SIM4
1
21
22
SIM5
SIM1
SIM2
SIM3
SIM4
1
21
22
SIM5
SIM1
SIM2
SIM3
SIM4
1
21
22
SIM5
SIM1
SIM2
SIM3
SIM4
1
21
22
SIM5
SIM1
SIM2
SIM3
SIM4
1
21
22
SIM5
SIM1
SIM2
SIM3
SIM4
1
21
22
SIM5
SIM1
SIM2
SIM3
SIM4
1
21
22
SIM5
SIM1
SIM2
SIM3
SIM4
1
21
22
SIM5
SIM1
SIM2
SIM3
SIM4
1
21
22
SIM5
SIM1
SIM2
SIM3
SIM4
1
21
22
SIM5
SIM1
SIM2
SIM3
SIM4
1
21
22
SIM5
SIM1
SIM2
SIM3
SIM4
1
21
22
SIM5
SIM1
SIM2
SIM3
SIM4
1
21
22
SIM5
SIM1
SIM2
SIM3
SIM4
1
21
22
SIM5
SIM1
SIM2
SIM3
SIM4
1
21
22
SIM5
SIM1
SIM2
SIM3
SIM4
1
21
22
SIM5
SIM1
SIM2
SIM3
SIM4
1
21
22
SIM5
SIM1
SIM2
SIM3
SIM4
1
21
22
SIM5
SIM1
SIM2
SIM3
SIM4
1
21
22
SIM5
SIM1
SIM2
SIM3
SIM4
1
21
22
SIM5
SIM1
SIM2
SIM3
SIM4
1
21
22
SIM5
SIM1
SIM2
SIM3
SIM4
1
21
22
SIM5
SIM1
SIM2
SIM3
SIM4
1
21
22
SIM5
SIM1
SIM2
SIM3
SIM4
1
21
22
SIM5
SIM1
SIM2
SIM3
SIM4
1
21
22
SIM5
SIM1
SIM2
SIM3
SIM4
1
21
22
SIM5
SIM1
SIM2
SIM3
SIM4
1
21
22
SIM5
SIM1
SIM2
SIM3
SIM4
1
21
22
SIM5
SIM1
SIM2
SIM3
SIM4
1
21
22
SIM5
SIM1
SIM2
SIM3
SIM4
1
21
22
SIM5
SIM1
SIM2
SIM3
SIM4
1
21
22
SIM5
SIM1
SIM2
SIM3
SIM4
1
21
22
SIM5
SIM1
SIM2
SIM3
SIM4
1
21
22
SIM5
SIM1
SIM2
SIM3
SIM4
1
21
22
SIM5
SIM1
SIM2
SIM3
SIM4
1
21
22
SIM5
SIM1
SIM2
SIM3
SIM4
1
21
22
SIM5
SIM1
SIM2
SIM3
SIM4
1
21
22
SIM5
SIM1
SIM2
SIM3
SIM4
1
21
22
SIM5
SIM1
SIM2
SIM3
SIM4
1
21
22
SIM5
SIM1
SIM2
SIM3
SIM4
1
21
22
SIM5
SIM1
SIM2
SIM3
SIM4
1
21
22
SIM5
SIM1
SIM2
SIM3
SIM4
1
21
22
SIM5
SIM1
SIM2
SIM3
SIM4
1
21
22
SIM5
SIM1
SIM2
SIM3
SIM4
1
21
22
SIM5
SIM1
SIM2
SIM3
SIM4
1
21
22
SIM5
SIM1
SIM2
SIM3
SIM4
1
21
22
SIM5
SIM1
SIM2
SIM3
SIM4
1
21
22
SIM5
SIM1
SIM2
SIM3
SIM4
1
21
22
SIM5
SIM1
SIM2
SIM3
SIM4
1
21
22
SIM5
SIM1
SIM2
SIM3
SIM4
1
21
22
SIM5
SIM1
SIM2
SIM3
SIM4
1
21
22
SIM5
SIM1
SIM2
SIM3
SIM4
1
21
22
SIM5
SIM1
SIM2
SIM3
SIM4
1
21
22
SIM5
SIM1
SIM2
SIM3
SIM4
1
21
22
SIM5
SIM1
SIM2
SIM3
SIM4
1
21
22
SIM5
SIM1
SIM2
SIM3
SIM4
1
21
22
SIM5
SIM1
SIM2
SIM3
SIM4
1
21
22
SIM5
SIM1
SIM2
SIM3
SIM4
1
21
22
SIM5
SIM1
SIM2
SIM3
SIM4
1
21
22
SIM5
SIM1
SIM2
SIM3
SIM4
1
21
22
SIM5
SIM1
SIM2
SIM3
SIM4
1
21
22
SIM5
SIM1
SIM2
SIM3
SIM4
1
21
22
SIM5
SIM1
SIM2
SIM3
SIM4
1
21
22
SIM5
SIM1
SIM2
SIM3
SIM4
1
21
22
SIM5
SIM1
SIM2
SIM3
SIM4
1
21
22
SIM5
SIM1
SIM2
SIM3
SIM4
1
21
22
SIM5
SIM1
SIM2
SIM3
SIM4
1
21
22
SIM5
SIM1
SIM2
SIM3
SIM4
1
21
22
SIM5
SIM1
SIM2
SIM3
SIM4
1
21
22
SIM5
SIM1
SIM2
SIM3
SIM4
1
21
22
SIM5
SIM1
SIM2
SIM3
SIM4
1
21
22
SIM5
SIM1
SIM2
SIM3
SIM4
1
21
22
SIM5
SIM1
SIM2
SIM3
SIM4
1
21
22
SIM5
SIM1
SIM2
SIM3
SIM4
1
21
22
SIM5
SIM1
SIM2
SIM3
SIM4
1
21
22
SIM5
SIM1
SIM2
SIM3
SIM4
1
21
22
SIM5
SIM1
SIM2
SIM3
SIM4
1
21
22
SIM5
SIM1
SIM2
SIM3
SIM4
1
21
22
SIM5
SIM1
SIM2
SIM3
SIM4
1
21
22
SIM5
SIM1
SIM2
SIM3
SIM4
1
21
22
SIM5
SIM1
SIM2
SIM3
SIM4
1
21
22
SIM5
SIM1
SIM2
SIM3
SIM4
1
21
22
SIM5
SIM1
SIM2
SIM3
SIM4
1
21
22
SIM5
SIM1
SIM2
SIM3
SIM4
1
21
22
SIM5
SIM1
SIM2
SIM3
SIM4
1
21
22
SIM5
SIM1
SIM2
SIM3
SIM4
1
21
22
SIM5
SIM1
SIM2
SIM3
SIM4
1
21
22
SIM5
SIM1
SIM2
SIM3
SIM4
1
21
22
SIM5
SIM1
SIM2
SIM3
SIM4
1
21
22
SIM5
SIM1
SIM2
SIM3
SIM4
1
21
22
SIM5
SIM1
SIM2
SIM3
SIM4
1
21
22
SIM5
SIM1
SIM2
SIM3
SIM4
1
21
22
SIM5
SIM1
SIM2
SIM3
SIM4
1
21
22
SIM5
SIM1
SIM2
SIM3
SIM4
1
21
22
SIM5
SIM1
SIM2
SIM3
SIM4
1
21
22
SIM5
SIM1
SIM2
SIM3
SIM4
1
21
22
SIM5
SIM1
SIM2
SIM3
SIM4
1
21
22
SIM5
SIM1
SIM2
SIM3
SIM4
1
21
22
SIM5
SIM1
SIM2
SIM3
SIM4
1
21
22
SIM5
SIM1
SIM2
SIM3
SIM4
1
21
22
SIM5
SIM1
SIM2
SIM3
SIM4
1
21
22
SIM5
SIM1
SIM2
SIM3
SIM4
1
21
22
SIM5
SIM1
SIM2
SIM3
SIM4
1
21
22
SIM5
SIM1
SIM2
SIM3
SIM4
1
21
22
SIM5
SIM1
SIM2
SIM3
SIM4
1
21
22
SIM5
SIM1
SIM2
SIM3
SIM4
1
21
22
SIM5
SIM1
SIM2
SIM3
SIM4
1
21
22
SIM5
SIM1
SIM2
SIM3
SIM4
1
21
22
SIM5
SIM1
SIM2
SIM3
SIM4
1
21
22
SIM5
SIM1
SIM2
SIM3
SIM4
1
21
22
SIM5
SIM1
SIM2
SIM3
SIM4
1
21
22
SIM5
SIM1
SIM2
SIM3
SIM4
1
21
22
SIM5
SIM1
SIM2
SIM3
SIM4
1
21
22
SIM5
SIM1
SIM2
SIM3
SIM4
1
21
22
SIM5
SIM1
SIM2
SIM3
SIM4
1
21
22
SIM5
SIM1
SIM2
SIM3
SIM4
1
21
22
SIM5
SIM1
SIM2
SIM3
SIM4
1
21
22
SIM5
SIM1
SIM2
SIM3
SIM4
1
21
22
SIM5
SIM1
SIM2
SIM3
SIM4
1
21
22
SIM5
SIM1
SIM2
SIM3
SIM4
1
21
22
SIM5
SIM1
SIM2
SIM3
SIM4
1
21
22
SIM5
SIM1
SIM2
SIM3
SIM4
1
21
22
SIM5
SIM1
SIM2
SIM3
SIM4
1
21
22
SIM5
SIM1
SIM2
SIM3
SIM4
1
21
22
SIM5
SIM1
SIM2
SIM3
SIM4
1
21
22
SIM5
SIM1
SIM2
SIM3
SIM4
1
21
22
SIM5
SIM1
SIM2
SIM3
SIM4
1
21
22
SIM5
SIM1
SIM2
SIM3
SIM4
1
21
22
SIM5
SIM1
SIM2
SIM3
SIM4
1
21
22
SIM5
SIM1
SIM2
SIM3
SIM4
1
21
22
SIM5
SIM1
SIM2
SIM3
SIM4
1
21
22
SIM5
SIM1
SIM2
SIM3
SIM4
1
21
22
SIM5
SIM1
SIM2
SIM3
SIM4
1
21
22
SIM5
SIM1
SIM2
SIM3
SIM4
1
21
22
SIM5
SIM1
SIM2
SIM3
SIM4
1
21
22
SIM5
SIM1
SIM2
SIM3
SIM4
1
21
22
SIM5
SIM1
SIM2
SIM3
SIM4
1
21
22
SIM5
SIM1
SIM2
SIM3
SIM4
1
21
22
SIM5
SIM1
SIM2
SIM3
SIM4
1
21
22
SIM5
SIM1
SIM2
SIM3
SIM4
1
21
22
SIM5
SIM1
SIM2
SIM3
SIM4
1
21
22
SIM5
SIM1
SIM2
DEBUG 1 327
SIM1
SIM2
SIM3
SIM4
1
21
22
SIM5
SIM1
SIM2
SIM3
SIM4
1
21
22
SIM5
SIM1
SIM2
SIM3
SIM4
1
21
22
SIM5
SIM1
SIM2
SIM3
SIM4
1
21
22
SIM5
SIM1
SIM2
SIM3
SIM4
1
21
22
SIM5
SIM1
SIM2
SIM3
SIM4
1
21
22
SIM5
SIM1
SIM2
SIM3
SIM4
1
21
22
SIM5
SIM1
SIM2
SIM3
SIM4
1
21
22
SIM5
SIM1
SIM2
SIM3
SIM4
1
21
22
SIM5
SIM1
SIM2
SIM3
SIM4
1
21
22
SIM5
SIM1
SIM2
SIM3
SIM4
1
21
22
SIM5
SIM1
SIM2
SIM3
SIM4
1
21
22
SIM5
SIM1
SIM2
SIM3
SIM4
1
21
22
SIM5
SIM1
SIM2
SIM3
SIM4
1
21
22
SIM5
SIM1
SIM2
SIM3
SIM4
1
21
22
SIM5
SIM1
SIM2
SIM3
SIM4
1
21
22
SIM5
SIM1
SIM2
SIM3
SIM4
1
21
22
SIM5
SIM1
SIM2
SIM3
SIM4
1
21
22
SIM5
SIM1
SIM2
SIM3
SIM4
1
21
22
SIM5
SIM1
SIM2
SIM3
SIM4
1
21
22
SIM5
SIM1
SIM2
SIM3
SIM4
1
21
22
SIM5
SIM1
SIM2
SIM3
SIM4
1
21
22
SIM5
SIM1
SIM2
SIM3
SIM4
1
21
22
SIM5
SIM1
SIM2
SIM3
SIM4
1
21
22
SIM5
SIM1
SIM2
SIM3
SIM4
1
21
22
SIM5
SIM1
SIM2
SIM3
SIM4
1
21
22
SIM5
SIM1
SIM2
SIM3
SIM4
1
21
22
SIM5
SIM1
SIM2
SIM3
SIM4
1
21
22
SIM5
SIM1
SIM2
SIM3
SIM4
1
21
22
SIM5
SIM1
SIM2
SIM3
SIM4
1
21
22
SIM5
SIM1
SIM2
SIM3
SIM4
1
21
22
SIM5
SIM1
SIM2
SIM3
SIM4
1
21
22
SIM5
SIM1
SIM2
SIM3
SIM4
1
21
22
SIM5
SIM1
SIM2
SIM3
SIM4
1
21
22
SIM5
SIM1
SIM2
SIM3
SIM4
1
21
22
SIM5
SIM1
SIM2
SIM3
SIM4
1
21
22
SIM5
SIM1
SIM2
SIM3
SIM4
1
21
22
SIM5
SIM1
SIM2
SIM3
SIM4
1
21
22
SIM5
SIM1
SIM2
SIM3
SIM4
1
21
22
SIM5
SIM1
SIM2
SIM3
SIM4
1
21
22
SIM5
SIM1
SIM2
SIM3
SIM4
1
21
22
SIM5
SIM1
SIM2
SIM3
SIM4
1
21
22
SIM5
SIM1
SIM2
SIM3
SIM4
1
21
22
SIM5
SIM1
SIM2
SIM3
SIM4
1
21
22
SIM5
SIM1
SIM2
SIM3
SIM4
1
21
22
SIM5
SIM1
SIM2
SIM3
SIM4
1
21
22
SIM5
SIM1
SIM2
SIM3
SIM4
1
21
22
SIM5
SIM1
SIM2
SIM3
SIM4
1
21
22
SIM5
SIM1
SIM2
SIM3
SIM4
1
21
22
SIM5
SIM1
SIM2
SIM3
SIM4
1
21
22
SIM5
SIM1
SIM2
SIM3
SIM4
1
21
22
SIM5
SIM1
SIM2
SIM3
SIM4
1
21
22
SIM5
SIM1
SIM2
SIM3
SIM4
1
21
22
SIM5
SIM1
SIM2
SIM3
SIM4
1
21
22
SIM5
SIM1
SIM2
SIM3
SIM4
1
21
22
SIM5
SIM1
SIM2
SIM3
SIM4
1
21
22
SIM5
SIM1
SIM2
SIM3
SIM4
1
21
22
SIM5
SIM1
SIM2
SIM3
SIM4
1
21
22
SIM5
SIM1
SIM2
SIM3
SIM4
1
21
22
SIM5
SIM1
SIM2
SIM3
SIM4
1
21
22
SIM5
SIM1
SIM2
SIM3
SIM4
1
21
22
SIM5
SIM1
SIM2
SIM3
SIM4
1
21
22
SIM5
SIM1
SIM2
SIM3
SIM4
1
21
22
SIM5
SIM1
SIM2
SIM3
SIM4
1
21
22
SIM5
SIM1
SIM2
SIM3
SIM4
1
21
22
SIM5
SIM1
SIM2
SIM3
SIM4
1
21
22
SIM5
SIM1
SIM2
SIM3
SIM4
1
21
22
SIM5
SIM1
SIM2
SIM3
SIM4
1
21
22
SIM5
SIM1
SIM2
SIM3
SIM4
1
21
22
SIM5
SIM1
SIM2
SIM3
SIM4
1
21
22
SIM5
SIM1
SIM2
SIM3
SIM4
1
21
22
SIM5
SIM1
SIM2
SIM3
SIM4
1
21
22
SIM5
SIM1
SIM2
SIM3
SIM4
1
21
22
SIM5
SIM1
SIM2
SIM3
SIM4
1
21
22
SIM5
SIM1
SIM2
SIM3
SIM4
1
21
22
SIM5
SIM1
SIM2
SIM3
SIM4
1
21
22
SIM5
SIM1
SIM2
SIM3
SIM4
1
21
22
SIM5
SIM1
SIM2
SIM3
SIM4
1
21
22
SIM5
SIM1
SIM2
SIM3
SIM4
1
21
22
SIM5
SIM1
SIM2
SIM3
SIM4
1
21
22
SIM5
SIM1
SIM2
SIM3
SIM4
1
21
22
SIM5
SIM1
SIM2
SIM3
SIM4
1
21
22
SIM5
SIM1
SIM2
SIM3
SIM4
1
21
22
SIM5
SIM1
SIM2
SIM3
SIM4
1
21
22
SIM5
SIM1
SIM2
SIM3
SIM4
1
21
22
SIM5
SIM1
SIM2
SIM3
SIM4
1
21
22
SIM5
SIM1
SIM2
SIM3
SIM4
1
21
22
SIM5
SIM1
SIM2
SIM3
SIM4
1
21
22
SIM5
SIM1
SIM2
SIM3
SIM4
1
21
22
SIM5
SIM1
SIM2
SIM3
SIM4
1
21
22
SIM5
SIM1
SIM2
SIM3
SIM4
1
21
22
SIM5
SIM1
SIM2
SIM3
SIM4
1
21
22
SIM5
SIM1
SIM2
SIM3
SIM4
1
21
22
SIM5
SIM1
SIM2
SIM3
SIM4
1
21
22
SIM5
SIM1
SIM2
SIM3
SIM4
1
21
22
SIM5
SIM1
SIM2
SIM3
SIM4
1
21
22
SIM5
SIM1
SIM2
SIM3
SIM4
1
21
22
SIM5
SIM1
SIM2
SIM3
SIM4
1
21
22
SIM5
SIM1
SIM2
SIM3
SIM4
1
21
22
SIM5
SIM1
SIM2
SIM3
SIM4
1
21
22
SIM5
SIM1
SIM2
SIM3
SIM4
1
21
22
SIM5
SIM1
SIM2
SIM3
SIM4
1
21
22
SIM5
SIM1
SIM2
SIM3
SIM4
1
21
22
SIM5
SIM1
SIM2
SIM3
SIM4
1
21
22
SIM5
SIM1
SIM2
SIM3
SIM4
1
21
22
SIM5
SIM1
SIM2
SIM3
SIM4
1
21
22
SIM5
SIM1
SIM2
SIM3
SIM4
1
21
22
SIM5
SIM1
SIM2
SIM3
SIM4
1
21
22
SIM5
SIM1
SIM2
SIM3
SIM4
1
21
22
SIM5
SIM1
SIM2
SIM3
SIM4
1
21
22
SIM5
SIM1
SIM2
SIM3
SIM4
1
21
22
SIM5
SIM1
SIM2
SIM3
SIM4
1
21
22
SIM5
SIM1
SIM2
SIM3
SIM4
1
21
22
SIM5
SIM1
SIM2
SIM3
SIM4
1
21
22
SIM5
SIM1
SIM2
SIM3
SIM4
1
21
22
SIM5
SIM1
SIM2
SIM3
SIM4
1
21
22
SIM5
SIM1
SIM2
SIM3
SIM4
1
21
22
SIM5
SIM1
SIM2
SIM3
SIM4
1
21
22
SIM5
SIM1
SIM2
SIM3
SIM4
1
21
22
SIM5
SIM1
SIM2
SIM3
SIM4
1
21
22
SIM5
SIM1
SIM2
SIM3
SIM4
1
21
22
SIM5
SIM1
SIM2
SIM3
SIM4
1
21
22
SIM5
SIM1
SIM2
SIM3
SIM4
1
21
22
SIM5
SIM1
SIM2
SIM3
SIM4
1
21
22
SIM5
SIM1
SIM2
SIM3
SIM4
1
21
22
SIM5
SIM1
SIM2
SIM3
SIM4
1
21
22
SIM5
SIM1
SIM2
SIM3
SIM4
1
21
22
SIM5
SIM1
SIM2
SIM3
SIM4
1
21
22
SIM5
SIM1
SIM2
SIM3
SIM4
1
21
22
SIM5
SIM1
SIM2
SIM3
SIM4
1
21
22
SIM5
SIM1
SIM2
SIM3
SIM4
1
21
22
SIM5
SIM1
SIM2
SIM3
SIM4
1
21
22
SIM5
SIM1
SIM2
SIM3
SIM4
1
21
22
SIM5
SIM1
SIM2
SIM3
SIM4
1
21
22
SIM5
SIM1
SIM2
SIM3
SIM4
1
21
22
SIM5
SIM1
SIM2
SIM3
SIM4
1
21
22
SIM5
SIM1
SIM2
SIM3
SIM4
1
21
22
SIM5
SIM1
SIM2
SIM3
SIM4
1
21
22
SIM5
SIM1
SIM2
SIM3
SIM4
1
21
22
SIM5
SIM1
SIM2
SIM3
SIM4
1
21
22
SIM5
SIM1
SIM2
SIM3
SIM4
1
21
22
SIM5
SIM1
SIM2
SIM3
SIM4
1
21
22
SIM5
SIM1
SIM2
SIM3
SIM4
1
21
22
SIM5
SIM1
SIM2
SIM3
SIM4
1
21
22
SIM5
SIM1
SIM2
SIM3
SIM4
1
21
22
SIM5
SIM1
SIM2
SIM3
SIM4
1
21
22
SIM5
SIM1
SIM2
SIM3
SIM4
1
21
22
SIM5
SIM1
SIM2
SIM3
SIM4
1
21
22
SIM5
SIM1
SIM2
SIM3
SIM4
1
21
22
SIM5
SIM1
SIM2
SIM3
SIM4
1
21
22
SIM5
SIM1
SIM2
SIM3
SIM4
1
21
22
SIM5
SIM1
SIM2
SIM3
SIM4
1
21
22
SIM5
SIM1
SIM2
SIM3
SIM4
1
21
22
SIM5
SIM1
SIM2
SIM3
SIM4
1
21
22
SIM5
SIM1
SIM2
SIM3
SIM4
1
21
22
SIM5
SIM1
SIM2
SIM3
SIM4
1
21
22
SIM5
SIM1
SIM2
SIM3
SIM4
1
21
22
SIM5
SIM1
SIM2
SIM3
SIM4
1
21
22
SIM5
SIM1
SIM2
SIM3
SIM4
1
21
22
SIM5
SIM1
SIM2
SIM3
SIM4
1
21
22
SIM5
SIM1
SIM2
SIM3
SIM4
1
21
22
SIM5
SIM1
SIM2
SIM3
SIM4
1
21
22
SIM5
SIM1
SIM2
SIM3
SIM4
1
21
22
SIM5
SIM1
SIM2
SIM3
SIM4
1
21
22
SIM5
SIM1
SIM2
SIM3
SIM4
1
21
22
SIM5
SIM1
SIM2
SIM3
SIM4
1
21
22
SIM5
SIM1
SIM2
SIM3
SIM4
1
21
22
SIM5
SIM1
SIM2
SIM3
SIM4
1
21
22
SIM5
SIM1
SIM2
SIM3
SIM4
1
21
22
SIM5
SIM1
SIM2
SIM3
SIM4
1
21
22
SIM5
SIM1
SIM2
SIM3
SIM4
1
21
22
SIM5
SIM1
SIM2
SIM3
SIM4
1
21
22
SIM5
SIM1
SIM2
SIM3
SIM4
1
21
22
SIM5
SIM1
SIM2
SIM3
SIM4
1
21
22
SIM5
SIM1
SIM2
SIM3
SIM4
1
21
22
SIM5
SIM1
SIM2
SIM3
SIM4
1
21
22
SIM5
SIM1
SIM2
SIM3
SIM4
1
21
22
SIM5
SIM1
SIM2
SIM3
SIM4
1
21
22
SIM5
SIM1
SIM2
SIM3
SIM4
1
21
22
SIM5
SIM1
SIM2
SIM3
SIM4
1
21
22
SIM5
SIM1
SIM2
SIM3
SIM4
1
21
22
SIM5
SIM1
SIM2
SIM3
SIM4
1
21
22
SIM5
SIM1
SIM2
SIM3
SIM4
1
21
22
SIM5
SIM1
SIM2
SIM3
SIM4
1
21
22
SIM5
SIM1
SIM2
SIM3
SIM4
1
21
22
SIM5
SIM1
SIM2
SIM3
SIM4
1
21
22
SIM5
SIM1
SIM2
SIM3
SIM4
1
21
22
SIM5
SIM1
SIM2
SIM3
SIM4
1
21
22
SIM5
SIM1
SIM2
SIM3
SIM4
1
21
22
SIM5
SIM1
SIM2
SIM3
SIM4
1
21
22
SIM5
SIM1
SIM2
SIM3
SIM4
1
21
22
SIM5
SIM1
SIM2
SIM3
SIM4
1
21
22
SIM5
SIM1
SIM2
SIM3
SIM4
1
21
22
SIM5
SIM1
SIM2
SIM3
SIM4
1
21
22
SIM5
SIM1
SIM2
SIM3
SIM4
1
21
22
SIM5
SIM1
SIM2
SIM3
SIM4
1
21
22
SIM5
SIM1
SIM2
SIM3
SIM4
1
21
22
SIM5
SIM1
SIM2
SIM3
SIM4
1
21
22
SIM5
SIM1
SIM2
SIM3
SIM4
1
21
22
SIM5
SIM1
SIM2
SIM3
SIM4
1
21
22
SIM5
SIM1
SIM2
SIM3
SIM4
1
21
22
SIM5
SIM1
SIM2
SIM3
SIM4
1
21
22
SIM5
SIM1
SIM2
SIM3
SIM4
1
21
22
SIM5
SIM1
SIM2
SIM3
SIM4
1
21
22
SIM5
SIM1
SIM2
SIM3
SIM4
1
21
22
SIM5
SIM1
SIM2
SIM3
SIM4
1
21
22
SIM5
SIM1
SIM2
SIM3
SIM4
1
21
22
SIM5
SIM1
SIM2
SIM3
SIM4
1
21
22
SIM5
SIM1
SIM2
SIM3
SIM4
1
21
22
SIM5
SIM1
SIM2
SIM3
SIM4
1
21
22
SIM5
SIM1
SIM2
SIM3
SIM4
1
21
22
SIM5
SIM1
SIM2
DEBUG 1 328
SIM1
SIM2
SIM3
SIM4
1
21
22
SIM5
SIM1
SIM2
SIM3
SIM4
1
21
22
SIM5
SIM1
SIM2
SIM3
SIM4
1
21
22
SIM5
SIM1
SIM2
SIM3
SIM4
1
21
22
SIM5
SIM1
SIM2
SIM3
SIM4
1
21
22
SIM5
SIM1
SIM2
SIM3
SIM4
1
21
22
SIM5
SIM1
SIM2
SIM3
SIM4
1
21
22
SIM5
SIM1
SIM2
SIM3
SIM4
1
21
22
SIM5
SIM1
SIM2
SIM3
SIM4
1
21
22
SIM5
SIM1
SIM2
SIM3
SIM4
1
21
22
SIM5
SIM1
SIM2
SIM3
SIM4
1
21
22
SIM5
SIM1
SIM2
SIM3
SIM4
1
21
22
SIM5
SIM1
SIM2
SIM3
SIM4
1
21
22
SIM5
SIM1
SIM2
SIM3
SIM4
1
21
22
SIM5
SIM1
SIM2
SIM3
SIM4
1
21
22
SIM5
SIM1
SIM2
SIM3
SIM4
1
21
22
SIM5
SIM1
SIM2
SIM3
SIM4
1
21
22
SIM5
SIM1
SIM2
SIM3
SIM4
1
21
22
SIM5
SIM1
SIM2
SIM3
SIM4
1
21
22
SIM5
SIM1
SIM2
SIM3
SIM4
1
21
22
SIM5
SIM1
SIM2
SIM3
SIM4
1
21
22
SIM5
SIM1
SIM2
SIM3
SIM4
1
21
22
SIM5
SIM1
SIM2
SIM3
SIM4
1
21
22
SIM5
SIM1
SIM2
SIM3
SIM4
1
21
22
SIM5
SIM1
SIM2
SIM3
SIM4
1
21
22
SIM5
SIM1
SIM2
SIM3
SIM4
1
21
22
SIM5
SIM1
SIM2
SIM3
SIM4
1
21
22
SIM5
SIM1
SIM2
SIM3
SIM4
1
21
22
SIM5
SIM1
SIM2
SIM3
SIM4
1
21
22
SIM5
SIM1
SIM2
SIM3
SIM4
1
21
22
SIM5
SIM1
SIM2
SIM3
SIM4
1
21
22
SIM5
SIM1
SIM2
SIM3
SIM4
1
21
22
SIM5
SIM1
SIM2
SIM3
SIM4
1
21
22
SIM5
SIM1
SIM2
SIM3
SIM4
1
21
22
SIM5
SIM1
SIM2
SIM3
SIM4
1
21
22
SIM5
SIM1
SIM2
SIM3
SIM4
1
21
22
SIM5
SIM1
SIM2
SIM3
SIM4
1
21
22
SIM5
SIM1
SIM2
SIM3
SIM4
1
21
22
SIM5
SIM1
SIM2
SIM3
SIM4
1
21
22
SIM5
SIM1
SIM2
SIM3
SIM4
1
21
22
SIM5
SIM1
SIM2
SIM3
SIM4
1
21
22
SIM5
SIM1
SIM2
SIM3
SIM4
1
21
22
SIM5
SIM1
SIM2
SIM3
SIM4
1
21
22
SIM5
SIM1
SIM2
SIM3
SIM4
1
21
22
SIM5
SIM1
SIM2
SIM3
SIM4
1
21
22
SIM5
SIM1
SIM2
SIM3
SIM4
1
21
22
SIM5
SIM1
SIM2
SIM3
SIM4
1
21
22
SIM5
SIM1
SIM2
SIM3
SIM4
1
21
22
SIM5
SIM1
SIM2
SIM3
SIM4
1
21
22
SIM5
SIM1
SIM2
SIM3
SIM4
1
21
22
SIM5
SIM1
SIM2
SIM3
SIM4
1
21
22
SIM5
SIM1
SIM2
SIM3
SIM4
1
21
22
SIM5
SIM1
SIM2
SIM3
SIM4
1
21
22
SIM5
SIM1
SIM2
SIM3
SIM4
1
21
22
SIM5
SIM1
SIM2
SIM3
SIM4
1
21
22
SIM5
SIM1
SIM2
SIM3
SIM4
1
21
22
SIM5
SIM1
SIM2
SIM3
SIM4
1
21
22
SIM5
SIM1
SIM2
SIM3
SIM4
1
21
22
SIM5
SIM1
SIM2
SIM3
SIM4
1
21
22
SIM5
SIM1
SIM2
SIM3
SIM4
1
21
22
SIM5
SIM1
SIM2
SIM3
SIM4
1
21
22
SIM5
SIM1
SIM2
SIM3
SIM4
1
21
22
SIM5
SIM1
SIM2
SIM3
SIM4
1
21
22
SIM5
SIM1
SIM2
SIM3
SIM4
1
21
22
SIM5
SIM1
SIM2
SIM3
SIM4
1
21
22
SIM5
SIM1
SIM2
SIM3
SIM4
1
21
22
SIM5
SIM1
SIM2
SIM3
SIM4
1
21
22
SIM5
SIM1
SIM2
SIM3
SIM4
1
21
22
SIM5
SIM1
SIM2
SIM3
SIM4
1
21
22
SIM5
SIM1
SIM2
SIM3
SIM4
1
21
22
SIM5
SIM1
SIM2
SIM3
SIM4
1
21
22
SIM5
SIM1
SIM2
SIM3
SIM4
1
21
22
SIM5
SIM1
SIM2
SIM3
SIM4
1
21
22
SIM5
SIM1
SIM2
SIM3
SIM4
1
21
22
SIM5
SIM1
SIM2
SIM3
SIM4
1
21
22
SIM5
SIM1
SIM2
SIM3
SIM4
1
21
22
SIM5
SIM1
SIM2
SIM3
SIM4
1
21
22
SIM5
SIM1
SIM2
SIM3
SIM4
1
21
22
SIM5
SIM1
SIM2
SIM3
SIM4
1
21
22
SIM5
SIM1
SIM2
SIM3
SIM4
1
21
22
SIM5
SIM1
SIM2
SIM3
SIM4
1
21
22
SIM5
SIM1
SIM2
SIM3
SIM4
1
21
22
SIM5
SIM1
SIM2
SIM3
SIM4
1
21
22
SIM5
SIM1
SIM2
SIM3
SIM4
1
21
22
SIM5
SIM1
SIM2
SIM3
SIM4
1
21
22
SIM5
SIM1
SIM2
SIM3
SIM4
1
21
22
SIM5
SIM1
SIM2
SIM3
SIM4
1
21
22
SIM5
SIM1
SIM2
SIM3
SIM4
1
21
22
SIM5
SIM1
SIM2
SIM3
SIM4
1
21
22
SIM5
SIM1
SIM2
SIM3
SIM4
1
21
22
SIM5
SIM1
SIM2
SIM3
SIM4
1
21
22
SIM5
SIM1
SIM2
SIM3
SIM4
1
21
22
SIM5
SIM1
SIM2
SIM3
SIM4
1
21
22
SIM5
SIM1
SIM2
SIM3
SIM4
1
21
22
SIM5
SIM1
SIM2
SIM3
SIM4
1
21
22
SIM5
SIM1
SIM2
SIM3
SIM4
1
21
22
SIM5
SIM1
SIM2
SIM3
SIM4
1
21
22
SIM5
SIM1
SIM2
SIM3
SIM4
1
21
22
SIM5
SIM1
SIM2
SIM3
SIM4
1
21
22
SIM5
SIM1
SIM2
SIM3
SIM4
1
21
22
SIM5
SIM1
SIM2
SIM3
SIM4
1
21
22
SIM5
SIM1
SIM2
SIM3
SIM4
1
21
22
SIM5
SIM1
SIM2
SIM3
SIM4
1
21
22
SIM5
SIM1
SIM2
SIM3
SIM4
1
21
22
SIM5
SIM1
SIM2
SIM3
SIM4
1
21
22
SIM5
SIM1
SIM2
SIM3
SIM4
1
21
22
SIM5
SIM1
SIM2
SIM3
SIM4
1
21
22
SIM5
SIM1
SIM2
SIM3
SIM4
1
21
22
SIM5
SIM1
SIM2
SIM3
SIM4
1
21
22
SIM5
SIM1
SIM2
SIM3
SIM4
1
21
22
SIM5
SIM1
SIM2
SIM3
SIM4
1
21
22
SIM5
SIM1
SIM2
SIM3
SIM4
1
21
22
SIM5
SIM1
SIM2
SIM3
SIM4
1
21
22
SIM5
SIM1
SIM2
SIM3
SIM4
1
21
22
SIM5
SIM1
SIM2
SIM3
SIM4
1
21
22
SIM5
SIM1
SIM2
SIM3
SIM4
1
21
22
SIM5
SIM1
SIM2
SIM3
SIM4
1
21
22
SIM5
SIM1
SIM2
SIM3
SIM4
1
21
22
SIM5
SIM1
SIM2
SIM3
SIM4
1
21
22
SIM5
SIM1
SIM2
SIM3
SIM4
1
21
22
SIM5
SIM1
SIM2
SIM3
SIM4
1
21
22
SIM5
SIM1
SIM2
SIM3
SIM4
1
21
22
SIM5
SIM1
SIM2
SIM3
SIM4
1
21
22
SIM5
SIM1
SIM2
SIM3
SIM4
1
21
22
SIM5
SIM1
SIM2
SIM3
SIM4
1
21
22
SIM5
SIM1
SIM2
SIM3
SIM4
1
21
22
SIM5
SIM1
SIM2
SIM3
SIM4
1
21
22
SIM5
SIM1
SIM2
SIM3
SIM4
1
21
22
SIM5
SIM1
SIM2
SIM3
SIM4
1
21
22
SIM5
SIM1
SIM2
SIM3
SIM4
1
21
22
SIM5
SIM1
SIM2
SIM3
SIM4
1
21
22
SIM5
SIM1
SIM2
SIM3
SIM4
1
21
22
SIM5
SIM1
SIM2
SIM3
SIM4
1
21
22
SIM5
SIM1
SIM2
SIM3
SIM4
1
21
22
SIM5
SIM1
SIM2
SIM3
SIM4
1
21
22
SIM5
SIM1
SIM2
SIM3
SIM4
1
21
22
SIM5
SIM1
SIM2
SIM3
SIM4
1
21
22
SIM5
SIM1
SIM2
SIM3
SIM4
1
21
22
SIM5
SIM1
SIM2
SIM3
SIM4
1
21
22
SIM5
SIM1
SIM2
SIM3
SIM4
1
21
22
SIM5
SIM1
SIM2
SIM3
SIM4
1
21
22
SIM5
SIM1
SIM2
SIM3
SIM4
1
21
22
SIM5
SIM1
SIM2
SIM3
SIM4
1
21
22
SIM5
SIM1
SIM2
SIM3
SIM4
1
21
22
SIM5
SIM1
SIM2
SIM3
SIM4
1
21
22
SIM5
SIM1
SIM2
SIM3
SIM4
1
21
22
SIM5
SIM1
SIM2
SIM3
SIM4
1
21
22
SIM5
SIM1
SIM2
SIM3
SIM4
1
21
22
SIM5
SIM1
SIM2
SIM3
SIM4
1
21
22
SIM5
SIM1
SIM2
SIM3
SIM4
1
21
22
SIM5
SIM1
SIM2
SIM3
SIM4
1
21
22
SIM5
SIM1
SIM2
SIM3
SIM4
1
21
22
SIM5
SIM1
SIM2
SIM3
SIM4
1
21
22
SIM5
SIM1
SIM2
SIM3
SIM4
1
21
22
SIM5
SIM1
SIM2
SIM3
SIM4
1
21
22
SIM5
SIM1
SIM2
SIM3
SIM4
1
21
22
SIM5
SIM1
SIM2
SIM3
SIM4
1
21
22
SIM5
SIM1
SIM2
SIM3
SIM4
1
21
22
SIM5
SIM1
SIM2
SIM3
SIM4
1
21
22
SIM5
SIM1
SIM2
SIM3
SIM4
1
21
22
SIM5
SIM1
SIM2
SIM3
SIM4
1
21
22
SIM5
SIM1
SIM2
SIM3
SIM4
1
21
22
SIM5
SIM1
SIM2
SIM3
SIM4
1
21
22
SIM5
SIM1
SIM2
SIM3
SIM4
1
21
22
SIM5
SIM1
SIM2
SIM3
SIM4
1
21
22
SIM5
SIM1
SIM2
SIM3
SIM4
1
21
22
SIM5
SIM1
SIM2
SIM3
SIM4
1
21
22
SIM5
SIM1
SIM2
SIM3
SIM4
1
21
22
SIM5
SIM1
SIM2
DEBUG 1 329
SIM1
SIM2
SIM3
SIM4
1
21
22
SIM5
SIM1
SIM2
SIM3
SIM4
1
21
22
SIM5
SIM1
SIM2
SIM3
SIM4
1
21
22
SIM5
SIM1
SIM2
SIM3
SIM4
1
21
22
SIM5
SIM1
SIM2
SIM3
SIM4
1
21
22
SIM5
SIM1
SIM2
SIM3
SIM4
1
21
22
SIM5
SIM1
SIM2
SIM3
SIM4
1
21
22
SIM5
SIM1
SIM2
SIM3
SIM4
1
21
22
SIM5
SIM1
SIM2
SIM3
SIM4
1
21
22
SIM5
SIM1
SIM2
SIM3
SIM4
1
21
22
SIM5
SIM1
SIM2
SIM3
SIM4
1
21
22
SIM5
SIM1
SIM2
SIM3
SIM4
1
21
22
SIM5
SIM1
SIM2
SIM3
SIM4
1
21
22
SIM5
SIM1
SIM2
SIM3
SIM4
1
21
22
SIM5
SIM1
SIM2
SIM3
SIM4
1
21
22
SIM5
SIM1
SIM2
SIM3
SIM4
1
21
22
SIM5
SIM1
SIM2
SIM3
SIM4
1
21
22
SIM5
SIM1
SIM2
SIM3
SIM4
1
21
22
SIM5
SIM1
SIM2
SIM3
SIM4
1
21
22
SIM5
SIM1
SIM2
SIM3
SIM4
1
21
22
SIM5
SIM1
SIM2
SIM3
SIM4
1
21
22
SIM5
SIM1
SIM2
SIM3
SIM4
1
21
22
SIM5
SIM1
SIM2
SIM3
SIM4
1
21
22
SIM5
SIM1
SIM2
SIM3
SIM4
1
21
22
SIM5
SIM1
SIM2
SIM3
SIM4
1
21
22
SIM5
SIM1
SIM2
SIM3
SIM4
1
21
22
SIM5
SIM1
SIM2
SIM3
SIM4
1
21
22
SIM5
SIM1
SIM2
SIM3
SIM4
1
21
22
SIM5
SIM1
SIM2
SIM3
SIM4
1
21
22
SIM5
SIM1
SIM2
SIM3
SIM4
1
21
22
SIM5
SIM1
SIM2
SIM3
SIM4
1
21
22
SIM5
SIM1
SIM2
SIM3
SIM4
1
21
22
SIM5
SIM1
SIM2
SIM3
SIM4
1
21
22
SIM5
SIM1
SIM2
SIM3
SIM4
1
21
22
SIM5
SIM1
SIM2
SIM3
SIM4
1
21
22
SIM5
SIM1
SIM2
SIM3
SIM4
1
21
22
SIM5
SIM1
SIM2
SIM3
SIM4
1
21
22
SIM5
SIM1
SIM2
SIM3
SIM4
1
21
22
SIM5
SIM1
SIM2
SIM3
SIM4
1
21
22
SIM5
SIM1
SIM2
SIM3
SIM4
1
21
22
SIM5
SIM1
SIM2
SIM3
SIM4
1
21
22
SIM5
SIM1
SIM2
SIM3
SIM4
1
21
22
SIM5
SIM1
SIM2
SIM3
SIM4
1
21
22
SIM5
SIM1
SIM2
SIM3
SIM4
1
21
22
SIM5
SIM1
SIM2
SIM3
SIM4
1
21
22
SIM5
SIM1
SIM2
SIM3
SIM4
1
21
22
SIM5
SIM1
SIM2
SIM3
SIM4
1
21
22
SIM5
SIM1
SIM2
SIM3
SIM4
1
21
22
SIM5
SIM1
SIM2
SIM3
SIM4
1
21
22
SIM5
SIM1
SIM2
SIM3
SIM4
1
21
22
SIM5
SIM1
SIM2
SIM3
SIM4
1
21
22
SIM5
SIM1
SIM2
SIM3
SIM4
1
21
22
SIM5
SIM1
SIM2
SIM3
SIM4
1
21
22
SIM5
SIM1
SIM2
SIM3
SIM4
1
21
22
SIM5
SIM1
SIM2
SIM3
SIM4
1
21
22
SIM5
SIM1
SIM2
SIM3
SIM4
1
21
22
SIM5
SIM1
SIM2
SIM3
SIM4
1
21
22
SIM5
SIM1
SIM2
SIM3
SIM4
1
21
22
SIM5
SIM1
SIM2
SIM3
SIM4
1
21
22
SIM5
SIM1
SIM2
SIM3
SIM4
1
21
22
SIM5
SIM1
SIM2
SIM3
SIM4
1
21
22
SIM5
SIM1
SIM2
SIM3
SIM4
1
21
22
SIM5
SIM1
SIM2
SIM3
SIM4
1
21
22
SIM5
SIM1
SIM2
SIM3
SIM4
1
21
22
SIM5
SIM1
SIM2
SIM3
SIM4
1
21
22
SIM5
SIM1
SIM2
SIM3
SIM4
1
21
22
SIM5
SIM1
SIM2
SIM3
SIM4
1
21
22
SIM5
SIM1
SIM2
SIM3
SIM4
1
21
22
SIM5
SIM1
SIM2
SIM3
SIM4
1
21
22
SIM5
SIM1
SIM2
SIM3
SIM4
1
21
22
SIM5
SIM1
SIM2
SIM3
SIM4
1
21
22
SIM5
SIM1
SIM2
SIM3
SIM4
1
21
22
SIM5
SIM1
SIM2
SIM3
SIM4
1
21
22
SIM5
SIM1
SIM2
SIM3
SIM4
1
21
22
SIM5
SIM1
SIM2
SIM3
SIM4
1
21
22
SIM5
SIM1
SIM2
SIM3
SIM4
1
21
22
SIM5
SIM1
SIM2
SIM3
SIM4
1
21
22
SIM5
SIM1
SIM2
SIM3
SIM4
1
21
22
SIM5
SIM1
SIM2
SIM3
SIM4
1
21
22
SIM5
SIM1
SIM2
SIM3
SIM4
1
21
22
SIM5
SIM1
SIM2
SIM3
SIM4
1
21
22
SIM5
SIM1
SIM2
SIM3
SIM4
1
21
22
SIM5
SIM1
SIM2
SIM3
SIM4
1
21
22
SIM5
SIM1
SIM2
SIM3
SIM4
1
21
22
SIM5
SIM1
SIM2
SIM3
SIM4
1
21
22
SIM5
SIM1
SIM2
SIM3
SIM4
1
21
22
SIM5
SIM1
SIM2
SIM3
SIM4
1
21
22
SIM5
SIM1
SIM2
SIM3
SIM4
1
21
22
SIM5
SIM1
SIM2
SIM3
SIM4
1
21
22
SIM5
SIM1
SIM2
SIM3
SIM4
1
21
22
SIM5
SIM1
SIM2
SIM3
SIM4
1
21
22
SIM5
SIM1
SIM2
SIM3
SIM4
1
21
22
SIM5
SIM1
SIM2
SIM3
SIM4
1
21
22
SIM5
SIM1
SIM2
SIM3
SIM4
1
21
22
SIM5
SIM1
SIM2
SIM3
SIM4
1
21
22
SIM5
SIM1
SIM2
SIM3
SIM4
1
21
22
SIM5
SIM1
SIM2
SIM3
SIM4
1
21
22
SIM5
SIM1
SIM2
SIM3
SIM4
1
21
22
SIM5
SIM1
SIM2
SIM3
SIM4
1
21
22
SIM5
SIM1
SIM2
SIM3
SIM4
1
21
22
SIM5
SIM1
SIM2
SIM3
SIM4
1
21
22
SIM5
SIM1
SIM2
SIM3
SIM4
1
21
22
SIM5
SIM1
SIM2
SIM3
SIM4
1
21
22
SIM5
SIM1
SIM2
SIM3
SIM4
1
21
22
SIM5
SIM1
SIM2
SIM3
SIM4
1
21
22
SIM5
SIM1
SIM2
SIM3
SIM4
1
21
22
SIM5
SIM1
SIM2
SIM3
SIM4
1
21
22
SIM5
SIM1
SIM2
SIM3
SIM4
1
21
22
SIM5
SIM1
SIM2
SIM3
SIM4
1
21
22
SIM5
SIM1
SIM2
SIM3
SIM4
1
21
22
SIM5
SIM1
SIM2
SIM3
SIM4
1
21
22
SIM5
SIM1
SIM2
SIM3
SIM4
1
21
22
SIM5
SIM1
SIM2
SIM3
SIM4
1
21
22
SIM5
SIM1
SIM2
SIM3
SIM4
1
21
22
SIM5
SIM1
SIM2
SIM3
SIM4
1
21
22
SIM5
SIM1
SIM2
SIM3
SIM4
1
21
22
SIM5
SIM1
SIM2
SIM3
SIM4
1
21
22
SIM5
SIM1
SIM2
SIM3
SIM4
1
21
22
SIM5
SIM1
SIM2
SIM3
SIM4
1
21
22
SIM5
SIM1
SIM2
SIM3
SIM4
1
21
22
SIM5
SIM1
SIM2
SIM3
SIM4
1
21
22
SIM5
SIM1
SIM2
SIM3
SIM4
1
21
22
SIM5
SIM1
SIM2
SIM3
SIM4
1
21
22
SIM5
SIM1
SIM2
SIM3
SIM4
1
21
22
SIM5
SIM1
SIM2
SIM3
SIM4
1
21
22
SIM5
SIM1
SIM2
SIM3
SIM4
1
21
22
SIM5
SIM1
SIM2
SIM3
SIM4
1
21
22
SIM5
SIM1
SIM2
SIM3
SIM4
1
21
22
SIM5
SIM1
SIM2
SIM3
SIM4
1
21
22
SIM5
SIM1
SIM2
SIM3
SIM4
1
21
22
SIM5
SIM1
SIM2
SIM3
SIM4
1
21
22
SIM5
SIM1
SIM2
SIM3
SIM4
1
21
22
SIM5
SIM1
SIM2
SIM3
SIM4
1
21
22
SIM5
SIM1
SIM2
SIM3
SIM4
1
21
22
SIM5
SIM1
SIM2
SIM3
SIM4
1
21
22
SIM5
SIM1
SIM2
SIM3
SIM4
1
21
22
SIM5
SIM1
SIM2
SIM3
SIM4
1
21
22
SIM5
SIM1
SIM2
SIM3
SIM4
1
21
22
SIM5
SIM1
SIM2
SIM3
SIM4
1
21
22
SIM5
SIM1
SIM2
SIM3
SIM4
1
21
22
SIM5
SIM1
SIM2
SIM3
SIM4
1
21
22
SIM5
SIM1
SIM2
SIM3
SIM4
1
21
22
SIM5
SIM1
SIM2
SIM3
SIM4
1
21
22
SIM5
SIM1
SIM2
SIM3
SIM4
1
21
22
SIM5
SIM1
SIM2
SIM3
SIM4
1
21
22
SIM5
SIM1
SIM2
DEBUG 1 330
SIM1
SIM2
SIM3
SIM4
1
21
22
SIM5
SIM1
SIM2
SIM3
SIM4
1
21
22
SIM5
SIM1
SIM2
SIM3
SIM4
1
21
22
SIM5
SIM1
SIM2
SIM3
SIM4
1
21
22
SIM5
SIM1
SIM2
SIM3
SIM4
1
21
22
SIM5
SIM1
SIM2
SIM3
SIM4
1
21
22
SIM5
SIM1
SIM2
SIM3
SIM4
1
21
22
SIM5
SIM1
SIM2
SIM3
SIM4
1
21
22
SIM5
SIM1
SIM2
SIM3
SIM4
1
21
22
SIM5
SIM1
SIM2
SIM3
SIM4
1
21
22
SIM5
SIM1
SIM2
SIM3
SIM4
1
21
22
SIM5
SIM1
SIM2
SIM3
SIM4
1
21
22
SIM5
SIM1
SIM2
SIM3
SIM4
1
21
22
SIM5
SIM1
SIM2
SIM3
SIM4
1
21
22
SIM5
SIM1
SIM2
SIM3
SIM4
1
21
22
SIM5
SIM1
SIM2
SIM3
SIM4
1
21
22
SIM5
SIM1
SIM2
SIM3
SIM4
1
21
22
SIM5
SIM1
SIM2
SIM3
SIM4
1
21
22
SIM5
SIM1
SIM2
SIM3
SIM4
1
21
22
SIM5
SIM1
SIM2
SIM3
SIM4
1
21
22
SIM5
SIM1
SIM2
SIM3
SIM4
1
21
22
SIM5
SIM1
SIM2
SIM3
SIM4
1
21
22
SIM5
SIM1
SIM2
SIM3
SIM4
1
21
22
SIM5
SIM1
SIM2
SIM3
SIM4
1
21
22
SIM5
SIM1
SIM2
SIM3
SIM4
1
21
22
SIM5
SIM1
SIM2
SIM3
SIM4
1
21
22
SIM5
SIM1
SIM2
SIM3
SIM4
1
21
22
SIM5
SIM1
SIM2
SIM3
SIM4
1
21
22
SIM5
SIM1
SIM2
SIM3
SIM4
1
21
22
SIM5
SIM1
SIM2
SIM3
SIM4
1
21
22
SIM5
SIM1
SIM2
SIM3
SIM4
1
21
22
SIM5
SIM1
SIM2
SIM3
SIM4
1
21
22
SIM5
SIM1
SIM2
SIM3
SIM4
1
21
22
SIM5
SIM1
SIM2
SIM3
SIM4
1
21
22
SIM5
SIM1
SIM2
SIM3
SIM4
1
21
22
SIM5
SIM1
SIM2
SIM3
SIM4
1
21
22
SIM5
SIM1
SIM2
SIM3
SIM4
1
21
22
SIM5
SIM1
SIM2
SIM3
SIM4
1
21
22
SIM5
SIM1
SIM2
SIM3
SIM4
1
21
22
SIM5
SIM1
SIM2
SIM3
SIM4
1
21
22
SIM5
SIM1
SIM2
SIM3
SIM4
1
21
22
SIM5
SIM1
SIM2
SIM3
SIM4
1
21
22
SIM5
SIM1
SIM2
SIM3
SIM4
1
21
22
SIM5
SIM1
SIM2
SIM3
SIM4
1
21
22
SIM5
SIM1
SIM2
SIM3
SIM4
1
21
22
SIM5
SIM1
SIM2
SIM3
SIM4
1
21
22
SIM5
SIM1
SIM2
SIM3
SIM4
1
21
22
SIM5
SIM1
SIM2
SIM3
SIM4
1
21
22
SIM5
SIM1
SIM2
SIM3
SIM4
1
21
22
SIM5
SIM1
SIM2
SIM3
SIM4
1
21
22
SIM5
SIM1
SIM2
SIM3
SIM4
1
21
22
SIM5
SIM1
SIM2
SIM3
SIM4
1
21
22
SIM5
SIM1
SIM2
SIM3
SIM4
1
21
22
SIM5
SIM1
SIM2
SIM3
SIM4
1
21
22
SIM5
SIM1
SIM2
SIM3
SIM4
1
21
22
SIM5
SIM1
SIM2
SIM3
SIM4
1
21
22
SIM5
SIM1
SIM2
SIM3
SIM4
1
21
22
SIM5
SIM1
SIM2
SIM3
SIM4
1
21
22
SIM5
SIM1
SIM2
SIM3
SIM4
1
21
22
SIM5
SIM1
SIM2
SIM3
SIM4
1
21
22
SIM5
SIM1
SIM2
SIM3
SIM4
1
21
22
SIM5
SIM1
SIM2
SIM3
SIM4
1
21
22
SIM5
SIM1
SIM2
SIM3
SIM4
1
21
22
SIM5
SIM1
SIM2
SIM3
SIM4
1
21
22
SIM5
SIM1
SIM2
SIM3
SIM4
1
21
22
SIM5
SIM1
SIM2
SIM3
SIM4
1
21
22
SIM5
SIM1
SIM2
SIM3
SIM4
1
21
22
SIM5
SIM1
SIM2
SIM3
SIM4
1
21
22
SIM5
SIM1
SIM2
SIM3
SIM4
1
21
22
SIM5
SIM1
SIM2
SIM3
SIM4
1
21
22
SIM5
SIM1
SIM2
SIM3
SIM4
1
21
22
SIM5
SIM1
SIM2
SIM3
SIM4
1
21
22
SIM5
SIM1
SIM2
SIM3
SIM4
1
21
22
SIM5
SIM1
SIM2
SIM3
SIM4
1
21
22
SIM5
SIM1
SIM2
SIM3
SIM4
1
21
22
SIM5
SIM1
SIM2
SIM3
SIM4
1
21
22
SIM5
SIM1
SIM2
SIM3
SIM4
1
21
22
SIM5
SIM1
SIM2
SIM3
SIM4
1
21
22
SIM5
SIM1
SIM2
SIM3
SIM4
1
21
22
SIM5
SIM1
SIM2
SIM3
SIM4
1
21
22
SIM5
SIM1
SIM2
SIM3
SIM4
1
21
22
SIM5
SIM1
SIM2
SIM3
SIM4
1
21
22
SIM5
SIM1
SIM2
SIM3
SIM4
1
21
22
SIM5
SIM1
SIM2
SIM3
SIM4
1
21
22
SIM5
SIM1
SIM2
SIM3
SIM4
1
21
22
SIM5
SIM1
SIM2
SIM3
SIM4
1
21
22
SIM5
SIM1
SIM2
SIM3
SIM4
1
21
22
SIM5
SIM1
SIM2
SIM3
SIM4
1
21
22
SIM5
SIM1
SIM2
SIM3
SIM4
1
21
22
SIM5
SIM1
SIM2
SIM3
SIM4
1
21
22
SIM5
SIM1
SIM2
SIM3
SIM4
1
21
22
SIM5
SIM1
SIM2
SIM3
SIM4
1
21
22
SIM5
SIM1
SIM2
SIM3
SIM4
1
21
22
SIM5
SIM1
SIM2
SIM3
SIM4
1
21
22
SIM5
SIM1
SIM2
SIM3
SIM4
1
21
22
SIM5
SIM1
SIM2
SIM3
SIM4
1
21
22
SIM5
SIM1
SIM2
SIM3
SIM4
1
21
22
SIM5
SIM1
SIM2
SIM3
SIM4
1
21
22
SIM5
SIM1
SIM2
SIM3
SIM4
1
21
22
SIM5
SIM1
SIM2
SIM3
SIM4
1
21
22
SIM5
SIM1
SIM2
SIM3
SIM4
1
21
22
SIM5
SIM1
SIM2
SIM3
SIM4
1
21
22
SIM5
SIM1
SIM2
SIM3
SIM4
1
21
22
SIM5
SIM1
SIM2
SIM3
SIM4
1
21
22
SIM5
SIM1
SIM2
SIM3
SIM4
1
21
22
SIM5
SIM1
SIM2
SIM3
SIM4
1
21
22
SIM5
SIM1
SIM2
SIM3
SIM4
1
21
22
SIM5
SIM1
SIM2
SIM3
SIM4
1
21
22
SIM5
SIM1
SIM2
SIM3
SIM4
1
21
22
SIM5
SIM1
SIM2
SIM3
SIM4
1
21
22
SIM5
SIM1
SIM2
SIM3
SIM4
1
21
22
SIM5
SIM1
SIM2
SIM3
SIM4
1
21
22
SIM5
SIM1
SIM2
SIM3
SIM4
1
21
22
SIM5
SIM1
SIM2
SIM3
SIM4
1
21
22
SIM5
SIM1
SIM2
SIM3
SIM4
1
21
22
SIM5
SIM1
SIM2
SIM3
SIM4
1
21
22
SIM5
SIM1
SIM2
SIM3
SIM4
1
21
22
SIM5
SIM1
SIM2
SIM3
SIM4
1
21
22
SIM5
SIM1
SIM2
SIM3
SIM4
1
21
22
SIM5
SIM1
SIM2
SIM3
SIM4
1
21
22
SIM5
SIM1
SIM2
SIM3
SIM4
1
21
22
SIM5
SIM1
SIM2
SIM3
SIM4
1
21
22
SIM5
SIM1
SIM2
SIM3
SIM4
1
21
22
SIM5
SIM1
SIM2
SIM3
SIM4
1
21
22
SIM5
SIM1
SIM2
SIM3
SIM4
1
21
22
SIM5
SIM1
SIM2
SIM3
SIM4
1
21
22
SIM5
SIM1
SIM2
SIM3
SIM4
1
21
22
SIM5
SIM1
SIM2
SIM3
SIM4
1
21
22
SIM5
SIM1
SIM2
SIM3
SIM4
1
21
22
SIM5
SIM1
SIM2
SIM3
SIM4
1
21
22
SIM5
SIM1
SIM2
SIM3
SIM4
1
21
22
SIM5
SIM1
SIM2
SIM3
SIM4
1
21
22
SIM5
SIM1
SIM2
SIM3
SIM4
1
21
22
SIM5
SIM1
SIM2
SIM3
SIM4
1
21
22
SIM5
SIM1
SIM2
SIM3
SIM4
1
21
22
SIM5
SIM1
SIM2
SIM3
SIM4
1
21
22
SIM5
SIM1
SIM2
SIM3
SIM4
1
21
22
SIM5
SIM1
SIM2
SIM3
SIM4
1
21
22
SIM5
SIM1
SIM2
SIM3
SIM4
1
21
22
SIM5
SIM1
SIM2
SIM3
SIM4
1
21
22
SIM5
SIM1
SIM2
SIM3
SIM4
1
21
22
SIM5
SIM1
SIM2
SIM3
SIM4
1
21
22
SIM5
SIM1
SIM2
SIM3
SIM4
1
21
22
SIM5
SIM1
SIM2
SIM3
SIM4
1
21
22
SIM5
SIM1
SIM2
SIM3
SIM4
1
21
22
SIM5
SIM1
SIM2
SIM3
SIM4
1
21
22
SIM5
SIM1
SIM2
SIM3
SIM4
1
21
22
SIM5
SIM1
SIM2
SIM3
SIM4
1
21
22
SIM5
SIM1
SIM2
SIM3
SIM4
1
21
22
SIM5
SIM1
SIM2
SIM3
SIM4
1
21
22
SIM5
SIM1
SIM2
SIM3
SIM4
1
21
22
SIM5
SIM1
SIM2
SIM3
SIM4
1
21
22
SIM5
SIM1
SIM2
DEBUG 1 331
SIM1
SIM2
SIM3
SIM4
1
21
22
SIM5
SIM1
SIM2
SIM3
SIM4
1
21
22
SIM5
SIM1
SIM2
SIM3
SIM4
1
21
22
SIM5
SIM1
SIM2
SIM3
SIM4
1
21
22
SIM5
SIM1
SIM2
SIM3
SIM4
1
21
22
SIM5
SIM1
SIM2
SIM3
SIM4
1
21
22
SIM5
SIM1
SIM2
SIM3
SIM4
1
21
22
SIM5
SIM1
SIM2
SIM3
SIM4
1
21
22
SIM5
SIM1
SIM2
SIM3
SIM4
1
21
22
SIM5
SIM1
SIM2
SIM3
SIM4
1
21
22
SIM5
SIM1
SIM2
SIM3
SIM4
1
21
22
SIM5
SIM1
SIM2
SIM3
SIM4
1
21
22
SIM5
SIM1
SIM2
SIM3
SIM4
1
21
22
SIM5
SIM1
SIM2
SIM3
SIM4
1
21
22
SIM5
SIM1
SIM2
SIM3
SIM4
1
21
22
SIM5
SIM1
SIM2
SIM3
SIM4
1
21
22
SIM5
SIM1
SIM2
SIM3
SIM4
1
21
22
SIM5
SIM1
SIM2
SIM3
SIM4
1
21
22
SIM5
SIM1
SIM2
SIM3
SIM4
1
21
22
SIM5
SIM1
SIM2
SIM3
SIM4
1
21
22
SIM5
SIM1
SIM2
SIM3
SIM4
1
21
22
SIM5
SIM1
SIM2
SIM3
SIM4
1
21
22
SIM5
SIM1
SIM2
SIM3
SIM4
1
21
22
SIM5
SIM1
SIM2
SIM3
SIM4
1
21
22
SIM5
SIM1
SIM2
SIM3
SIM4
1
21
22
SIM5
SIM1
SIM2
SIM3
SIM4
1
21
22
SIM5
SIM1
SIM2
SIM3
SIM4
1
21
22
SIM5
SIM1
SIM2
SIM3
SIM4
1
21
22
SIM5
SIM1
SIM2
SIM3
SIM4
1
21
22
SIM5
SIM1
SIM2
SIM3
SIM4
1
21
22
SIM5
SIM1
SIM2
SIM3
SIM4
1
21
22
SIM5
SIM1
SIM2
SIM3
SIM4
1
21
22
SIM5
SIM1
SIM2
SIM3
SIM4
1
21
22
SIM5
SIM1
SIM2
SIM3
SIM4
1
21
22
SIM5
SIM1
SIM2
SIM3
SIM4
1
21
22
SIM5
SIM1
SIM2
SIM3
SIM4
1
21
22
SIM5
SIM1
SIM2
SIM3
SIM4
1
21
22
SIM5
SIM1
SIM2
SIM3
SIM4
1
21
22
SIM5
SIM1
SIM2
SIM3
SIM4
1
21
22
SIM5
SIM1
SIM2
SIM3
SIM4
1
21
22
SIM5
SIM1
SIM2
SIM3
SIM4
1
21
22
SIM5
SIM1
SIM2
SIM3
SIM4
1
21
22
SIM5
SIM1
SIM2
SIM3
SIM4
1
21
22
SIM5
SIM1
SIM2
SIM3
SIM4
1
21
22
SIM5
SIM1
SIM2
SIM3
SIM4
1
21
22
SIM5
SIM1
SIM2
SIM3
SIM4
1
21
22
SIM5
SIM1
SIM2
SIM3
SIM4
1
21
22
SIM5
SIM1
SIM2
SIM3
SIM4
1
21
22
SIM5
SIM1
SIM2
SIM3
SIM4
1
21
22
SIM5
SIM1
SIM2
SIM3
SIM4
1
21
22
SIM5
SIM1
SIM2
SIM3
SIM4
1
21
22
SIM5
SIM1
SIM2
SIM3
SIM4
1
21
22
SIM5
SIM1
SIM2
SIM3
SIM4
1
21
22
SIM5
SIM1
SIM2
SIM3
SIM4
1
21
22
SIM5
SIM1
SIM2
SIM3
SIM4
1
21
22
SIM5
SIM1
SIM2
SIM3
SIM4
1
21
22
SIM5
SIM1
SIM2
SIM3
SIM4
1
21
22
SIM5
SIM1
SIM2
SIM3
SIM4
1
21
22
SIM5
SIM1
SIM2
SIM3
SIM4
1
21
22
SIM5
SIM1
SIM2
SIM3
SIM4
1
21
22
SIM5
SIM1
SIM2
SIM3
SIM4
1
21
22
SIM5
SIM1
SIM2
SIM3
SIM4
1
21
22
SIM5
SIM1
SIM2
SIM3
SIM4
1
21
22
SIM5
SIM1
SIM2
SIM3
SIM4
1
21
22
SIM5
SIM1
SIM2
SIM3
SIM4
1
21
22
SIM5
SIM1
SIM2
SIM3
SIM4
1
21
22
SIM5
SIM1
SIM2
SIM3
SIM4
1
21
22
SIM5
SIM1
SIM2
SIM3
SIM4
1
21
22
SIM5
SIM1
SIM2
SIM3
SIM4
1
21
22
SIM5
SIM1
SIM2
SIM3
SIM4
1
21
22
SIM5
SIM1
SIM2
SIM3
SIM4
1
21
22
SIM5
SIM1
SIM2
SIM3
SIM4
1
21
22
SIM5
SIM1
SIM2
SIM3
SIM4
1
21
22
SIM5
SIM1
SIM2
SIM3
SIM4
1
21
22
SIM5
SIM1
SIM2
SIM3
SIM4
1
21
22
SIM5
SIM1
SIM2
SIM3
SIM4
1
21
22
SIM5
SIM1
SIM2
SIM3
SIM4
1
21
22
SIM5
SIM1
SIM2
SIM3
SIM4
1
21
22
SIM5
SIM1
SIM2
SIM3
SIM4
1
21
22
SIM5
SIM1
SIM2
SIM3
SIM4
1
21
22
SIM5
SIM1
SIM2
SIM3
SIM4
1
21
22
SIM5
SIM1
SIM2
SIM3
SIM4
1
21
22
SIM5
SIM1
SIM2
SIM3
SIM4
1
21
22
SIM5
SIM1
SIM2
SIM3
SIM4
1
21
22
SIM5
SIM1
SIM2
SIM3
SIM4
1
21
22
SIM5
SIM1
SIM2
SIM3
SIM4
1
21
22
SIM5
SIM1
SIM2
SIM3
SIM4
1
21
22
SIM5
SIM1
SIM2
SIM3
SIM4
1
21
22
SIM5
SIM1
SIM2
SIM3
SIM4
1
21
22
SIM5
SIM1
SIM2
SIM3
SIM4
1
21
22
SIM5
SIM1
SIM2
SIM3
SIM4
1
21
22
SIM5
SIM1
SIM2
SIM3
SIM4
1
21
22
SIM5
SIM1
SIM2
SIM3
SIM4
1
21
22
SIM5
SIM1
SIM2
SIM3
SIM4
1
21
22
SIM5
SIM1
SIM2
SIM3
SIM4
1
21
22
SIM5
SIM1
SIM2
SIM3
SIM4
1
21
22
SIM5
SIM1
SIM2
SIM3
SIM4
1
21
22
SIM5
SIM1
SIM2
SIM3
SIM4
1
21
22
SIM5
SIM1
SIM2
SIM3
SIM4
1
21
22
SIM5
SIM1
SIM2
SIM3
SIM4
1
21
22
SIM5
SIM1
SIM2
SIM3
SIM4
1
21
22
SIM5
SIM1
SIM2
SIM3
SIM4
1
21
22
SIM5
SIM1
SIM2
SIM3
SIM4
1
21
22
SIM5
SIM1
SIM2
SIM3
SIM4
1
21
22
SIM5
SIM1
SIM2
SIM3
SIM4
1
21
22
SIM5
SIM1
SIM2
SIM3
SIM4
1
21
22
SIM5
SIM1
SIM2
SIM3
SIM4
1
21
22
SIM5
SIM1
SIM2
SIM3
SIM4
1
21
22
SIM5
SIM1
SIM2
SIM3
SIM4
1
21
22
SIM5
SIM1
SIM2
SIM3
SIM4
1
21
22
SIM5
SIM1
SIM2
SIM3
SIM4
1
21
22
SIM5
SIM1
SIM2
SIM3
SIM4
1
21
22
SIM5
SIM1
SIM2
SIM3
SIM4
1
21
22
SIM5
SIM1
SIM2
SIM3
SIM4
1
21
22
SIM5
SIM1
SIM2
SIM3
SIM4
1
21
22
SIM5
SIM1
SIM2
SIM3
SIM4
1
21
22
SIM5
SIM1
SIM2
SIM3
SIM4
1
21
22
SIM5
SIM1
SIM2
SIM3
SIM4
1
21
22
SIM5
SIM1
SIM2
SIM3
SIM4
1
21
22
SIM5
SIM1
SIM2
SIM3
SIM4
1
21
22
SIM5
SIM1
SIM2
DEBUG 1 332
SIM1
SIM2
SIM3
SIM4
1
21
22
SIM5
SIM1
SIM2
SIM3
SIM4
1
21
22
SIM5
SIM1
SIM2
SIM3
SIM4
1
21
22
SIM5
SIM1
SIM2
SIM3
SIM4
1
21
22
SIM5
SIM1
SIM2
SIM3
SIM4
1
21
22
SIM5
SIM1
SIM2
SIM3
SIM4
1
21
22
SIM5
SIM1
SIM2
SIM3
SIM4
1
21
22
SIM5
SIM1
SIM2
SIM3
SIM4
1
21
22
SIM5
SIM1
SIM2
SIM3
SIM4
1
21
22
SIM5
SIM1
SIM2
SIM3
SIM4
1
21
22
SIM5
SIM1
SIM2
SIM3
SIM4
1
21
22
SIM5
SIM1
SIM2
SIM3
SIM4
1
21
22
SIM5
SIM1
SIM2
SIM3
SIM4
1
21
22
SIM5
SIM1
SIM2
SIM3
SIM4
1
21
22
SIM5
SIM1
SIM2
SIM3
SIM4
1
21
22
SIM5
SIM1
SIM2
SIM3
SIM4
1
21
22
SIM5
SIM1
SIM2
SIM3
SIM4
1
21
22
SIM5
SIM1
SIM2
SIM3
SIM4
1
21
22
SIM5
SIM1
SIM2
SIM3
SIM4
1
21
22
SIM5
SIM1
SIM2
SIM3
SIM4
1
21
22
SIM5
SIM1
SIM2
SIM3
SIM4
1
21
22
SIM5
SIM1
SIM2
SIM3
SIM4
1
21
22
SIM5
SIM1
SIM2
SIM3
SIM4
1
21
22
SIM5
SIM1
SIM2
SIM3
SIM4
1
21
22
SIM5
SIM1
SIM2
SIM3
SIM4
1
21
22
SIM5
SIM1
SIM2
SIM3
SIM4
1
21
22
SIM5
SIM1
SIM2
SIM3
SIM4
1
21
22
SIM5
SIM1
SIM2
SIM3
SIM4
1
21
22
SIM5
SIM1
SIM2
SIM3
SIM4
1
21
22
SIM5
SIM1
SIM2
SIM3
SIM4
1
21
22
SIM5
SIM1
SIM2
SIM3
SIM4
1
21
22
SIM5
SIM1
SIM2
SIM3
SIM4
1
21
22
SIM5
SIM1
SIM2
SIM3
SIM4
1
21
22
SIM5
SIM1
SIM2
SIM3
SIM4
1
21
22
SIM5
SIM1
SIM2
SIM3
SIM4
1
21
22
SIM5
SIM1
SIM2
SIM3
SIM4
1
21
22
SIM5
SIM1
SIM2
SIM3
SIM4
1
21
22
SIM5
SIM1
SIM2
SIM3
SIM4
1
21
22
SIM5
SIM1
SIM2
SIM3
SIM4
1
21
22
SIM5
SIM1
SIM2
SIM3
SIM4
1
21
22
SIM5
SIM1
SIM2
SIM3
SIM4
1
21
22
SIM5
SIM1
SIM2
SIM3
SIM4
1
21
22
SIM5
SIM1
SIM2
SIM3
SIM4
1
21
22
SIM5
SIM1
SIM2
SIM3
SIM4
1
21
22
SIM5
SIM1
SIM2
SIM3
SIM4
1
21
22
SIM5
SIM1
SIM2
SIM3
SIM4
1
21
22
SIM5
SIM1
SIM2
SIM3
SIM4
1
21
22
SIM5
SIM1
SIM2
SIM3
SIM4
1
21
22
SIM5
SIM1
SIM2
SIM3
SIM4
1
21
22
SIM5
SIM1
SIM2
SIM3
SIM4
1
21
22
SIM5
SIM1
SIM2
SIM3
SIM4
1
21
22
SIM5
SIM1
SIM2
SIM3
SIM4
1
21
22
SIM5
SIM1
SIM2
SIM3
SIM4
1
21
22
SIM5
SIM1
SIM2
SIM3
SIM4
1
21
22
SIM5
SIM1
SIM2
SIM3
SIM4
1
21
22
SIM5
SIM1
SIM2
SIM3
SIM4
1
21
22
SIM5
SIM1
SIM2
SIM3
SIM4
1
21
22
SIM5
SIM1
SIM2
SIM3
SIM4
1
21
22
SIM5
SIM1
SIM2
SIM3
SIM4
1
21
22
SIM5
SIM1
SIM2
SIM3
SIM4
1
21
22
SIM5
SIM1
SIM2
SIM3
SIM4
1
21
22
SIM5
SIM1
SIM2
SIM3
SIM4
1
21
22
SIM5
SIM1
SIM2
SIM3
SIM4
1
21
22
SIM5
SIM1
SIM2
SIM3
SIM4
1
21
22
SIM5
SIM1
SIM2
SIM3
SIM4
1
21
22
SIM5
SIM1
SIM2
SIM3
SIM4
1
21
22
SIM5
SIM1
SIM2
SIM3
SIM4
1
21
22
SIM5
SIM1
SIM2
SIM3
SIM4
1
21
22
SIM5
SIM1
SIM2
SIM3
SIM4
1
21
22
SIM5
SIM1
SIM2
SIM3
SIM4
1
21
22
SIM5
SIM1
SIM2
SIM3
SIM4
1
21
22
SIM5
SIM1
SIM2
SIM3
SIM4
1
21
22
SIM5
SIM1
SIM2
SIM3
SIM4
1
21
22
SIM5
SIM1
SIM2
SIM3
SIM4
1
21
22
SIM5
SIM1
SIM2
SIM3
SIM4
1
21
22
SIM5
SIM1
SIM2
SIM3
SIM4
1
21
22
SIM5
SIM1
SIM2
SIM3
SIM4
1
21
22
SIM5
SIM1
SIM2
SIM3
SIM4
1
21
22
SIM5
SIM1
SIM2
SIM3
SIM4
1
21
22
SIM5
SIM1
SIM2
SIM3
SIM4
1
21
22
SIM5
SIM1
SIM2
SIM3
SIM4
1
21
22
SIM5
SIM1
SIM2
SIM3
SIM4
1
21
22
SIM5
SIM1
SIM2
SIM3
SIM4
1
21
22
SIM5
SIM1
SIM2
SIM3
SIM4
1
21
22
SIM5
SIM1
SIM2
SIM3
SIM4
1
21
22
SIM5
SIM1
SIM2
SIM3
SIM4
1
21
22
SIM5
SIM1
SIM2
SIM3
SIM4
1
21
22
SIM5
SIM1
SIM2
SIM3
SIM4
1
21
22
SIM5
SIM1
SIM2
SIM3
SIM4
1
21
22
SIM5
SIM1
SIM2
SIM3
SIM4
1
21
22
SIM5
SIM1
SIM2
SIM3
SIM4
1
21
22
SIM5
SIM1
SIM2
SIM3
SIM4
1
21
22
SIM5
SIM1
SIM2
SIM3
SIM4
1
21
22
SIM5
SIM1
SIM2
SIM3
SIM4
1
21
22
SIM5
SIM1
SIM2
SIM3
SIM4
1
21
22
SIM5
SIM1
SIM2
SIM3
SIM4
1
21
22
SIM5
SIM1
SIM2
SIM3
SIM4
1
21
22
SIM5
SIM1
SIM2
SIM3
SIM4
1
21
22
SIM5
SIM1
SIM2
SIM3
SIM4
1
21
22
SIM5
SIM1
SIM2
SIM3
SIM4
1
21
22
SIM5
SIM1
SIM2
SIM3
SIM4
1
21
22
SIM5
SIM1
SIM2
SIM3
SIM4
1
21
22
SIM5
SIM1
SIM2
SIM3
SIM4
1
21
22
SIM5
SIM1
SIM2
SIM3
SIM4
1
21
22
SIM5
SIM1
SIM2
SIM3
SIM4
1
21
22
SIM5
SIM1
SIM2
SIM3
SIM4
1
21
22
SIM5
SIM1
SIM2
SIM3
SIM4
1
21
22
SIM5
SIM1
SIM2
SIM3
SIM4
1
21
22
SIM5
SIM1
SIM2
SIM3
SIM4
1
21
22
SIM5
SIM1
SIM2
SIM3
SIM4
1
21
22
SIM5
SIM1
SIM2
SIM3
SIM4
1
21
22
SIM5
SIM1
SIM2
SIM3
SIM4
1
21
22
SIM5
SIM1
SIM2
SIM3
SIM4
1
21
22
SIM5
SIM1
SIM2
SIM3
SIM4
1
21
22
SIM5
SIM1
SIM2
SIM3
SIM4
1
21
22
SIM5
SIM1
SIM2
SIM3
SIM4
1
21
22
SIM5
SIM1
SIM2
SIM3
SIM4
1
21
22
SIM5
SIM1
SIM2
SIM3
SIM4
1
21
22
SIM5
SIM1
SIM2
SIM3
SIM4
1
21
22
SIM5
SIM1
SIM2
SIM3
SIM4
1
21
22
SIM5
SIM1
SIM2
SIM3
SIM4
1
21
22
SIM5
SIM1
SIM2
SIM3
SIM4
1
21
22
SIM5
SIM1
SIM2
SIM3
SIM4
1
21
22
SIM5
SIM1
SIM2
SIM3
SIM4
1
21
22
SIM5
SIM1
SIM2
SIM3
SIM4
1
21
22
SIM5
SIM1
SIM2
SIM3
SIM4
1
21
22
SIM5
SIM1
SIM2
SIM3
SIM4
1
21
22
SIM5
SIM1
SIM2
SIM3
SIM4
1
21
22
SIM5
SIM1
SIM2
SIM3
SIM4
1
21
22
SIM5
SIM1
SIM2
SIM3
SIM4
1
21
22
SIM5
SIM1
SIM2
SIM3
SIM4
1
21
22
SIM5
SIM1
SIM2
SIM3
SIM4
1
21
22
SIM5
SIM1
SIM2
SIM3
SIM4
1
21
22
SIM5
SIM1
SIM2
SIM3
SIM4
1
21
22
SIM5
SIM1
SIM2
SIM3
SIM4
1
21
22
SIM5
SIM1
SIM2
SIM3
SIM4
1
21
22
SIM5
SIM1
SIM2
SIM3
SIM4
1
21
22
SIM5
SIM1
SIM2
SIM3
SIM4
1
21
22
SIM5
SIM1
SIM2
SIM3
SIM4
1
21
22
SIM5
SIM1
SIM2
SIM3
SIM4
1
21
22
SIM5
SIM1
SIM2
SIM3
SIM4
1
21
22
SIM5
SIM1
SIM2
SIM3
SIM4
1
21
22
SIM5
SIM1
SIM2
SIM3
SIM4
1
21
22
SIM5
SIM1
SIM2
SIM3
SIM4
1
21
22
SIM5
SIM1
SIM2
SIM3
SIM4
1
21
22
SIM5
SIM1
SIM2
SIM3
SIM4
1
21
22
SIM5
SIM1
SIM2
SIM3
SIM4
1
21
22
SIM5
SIM1
SIM2
SIM3
SIM4
1
21
22
SIM5
SIM1
SIM2
SIM3
SIM4
1
21
22
SIM5
SIM1
SIM2
SIM3
SIM4
1
21
22
SIM5
SIM1
SIM2
SIM3
SIM4
1
21
22
SIM5
SIM1
SIM2
SIM3
SIM4
1
21
22
SIM5
SIM1
SIM2
SIM3
SIM4
1
21
22
SIM5
SIM1
SIM2
SIM3
SIM4
1
21
22
SIM5
SIM1
SIM2
SIM3
SIM4
1
21
22
SIM5
SIM1
SIM2
SIM3
SIM4
1
21
22
SIM5
SIM1
SIM2
SIM3
SIM4
1
21
22
SIM5
SIM1
SIM2
SIM3
SIM4
1
21
22
SIM5
SIM1
SIM2
SIM3
SIM4
1
21
22
SIM5
SIM1
SIM2
SIM3
SIM4
1
21
22
SIM5
SIM1
SIM2
SIM3
SIM4
1
21
22
SIM5
SIM1
SIM2
SIM3
SIM4
1
21
22
SIM5
SIM1
SIM2
SIM3
SIM4
1
21
22
SIM5
SIM1
SIM2
SIM3
SIM4
1
21
22
SIM5
SIM1
SIM2
SIM3
SIM4
1
21
22
SIM5
SIM1
SIM2
SIM3
SIM4
1
21
22
SIM5
SIM1
SIM2
SIM3
SIM4
1
21
22
SIM5
SIM1
SIM2
SIM3
SIM4
1
21
22
SIM5
SIM1
SIM2
SIM3
SIM4
1
21
22
SIM5
SIM1
SIM2
SIM3
SIM4
1
21
22
SIM5
SIM1
SIM2
SIM3
SIM4
1
21
22
SIM5
SIM1
SIM2
SIM3
SIM4
1
21
22
SIM5
SIM1
SIM2
SIM3
SIM4
1
21
22
SIM5
SIM1
SIM2
SIM3
SIM4
1
21
22
SIM5
SIM1
SIM2
SIM3
SIM4
1
21
22
SIM5
SIM1
SIM2
SIM3
SIM4
1
21
22
SIM5
SIM1
SIM2
SIM3
SIM4
1
21
22
SIM5
SIM1
SIM2
SIM3
SIM4
1
21
22
SIM5
SIM1
SIM2
SIM3
SIM4
1
21
22
SIM5
SIM1
SIM2
SIM3
SIM4
1
21
22
SIM5
SIM1
SIM2
SIM3
SIM4
1
21
22
SIM5
SIM1
SIM2
SIM3
SIM4
1
21
22
SIM5
SIM1
SIM2
SIM3
SIM4
1
21
22
SIM5
SIM1
SIM2
SIM3
SIM4
1
21
22
SIM5
SIM1
SIM2
SIM3
SIM4
1
21
22
SIM5
SIM1
SIM2
SIM3
SIM4
1
21
22
SIM5
SIM1
SIM2
SIM3
SIM4
1
21
22
SIM5
SIM1
SIM2
SIM3
SIM4
1
21
22
SIM5
SIM1
SIM2
SIM3
SIM4
1
21
22
SIM5
SIM1
SIM2
SIM3
SIM4
1
21
22
SIM5
SIM1
SIM2
SIM3
SIM4
1
21
22
SIM5
SIM1
SIM2
SIM3
SIM4
1
21
22
SIM5
SIM1
SIM2
SIM3
SIM4
1
21
22
SIM5
SIM1
SIM2
SIM3
SIM4
1
21
22
SIM5
SIM1
SIM2
SIM3
SIM4
1
21
22
SIM5
SIM1
SIM2
SIM3
SIM4
1
21
22
SIM5
SIM1
SIM2
SIM3
SIM4
1
21
22
SIM5
SIM1
SIM2
SIM3
SIM4
1
21
22
SIM5
SIM1
SIM2
SIM3
SIM4
1
21
22
SIM5
SIM1
SIM2
SIM3
SIM4
1
21
22
SIM5
SIM1
SIM2
SIM3
SIM4
1
21
22
SIM5
SIM1
SIM2
SIM3
SIM4
1
21
22
SIM5
SIM1
SIM2
SIM3
SIM4
1
21
22
SIM5
SIM1
SIM2
SIM3
SIM4
1
21
22
SIM5
SIM1
SIM2
SIM3
SIM4
1
21
22
SIM5
SIM1
SIM2
SIM3
SIM4
1
21
22
SIM5
SIM1
SIM2
SIM3
SIM4
1
21
22
SIM5
SIM1
SIM2
SIM3
SIM4
1
21
22
SIM5
SIM1
SIM2
SIM3
SIM4
1
21
22
SIM5
SIM1
SIM2
SIM3
SIM4
1
21
22
SIM5
SIM1
SIM2
SIM3
SIM4
1
21
22
SIM5
SIM1
SIM2
SIM3
SIM4
1
21
22
SIM5
SIM1
SIM2
SIM3
SIM4
1
21
22
SIM5
SIM1
SIM2
SIM3
SIM4
1
21
22
SIM5
SIM1
SIM2
SIM3
SIM4
1
21
22
SIM5
SIM1
SIM2
SIM3
SIM4
1
21
22
SIM5
SIM1
SIM2
SIM3
SIM4
1
21
22
SIM5
SIM1
SIM2
SIM3
SIM4
1
21
22
SIM5
SIM1
SIM2
SIM3
SIM4
1
21
22
SIM5
SIM1
SIM2
SIM3
SIM4
1
21
22
SIM5
SIM1
SIM2
SIM3
SIM4
1
21
22
SIM5
SIM1
SIM2
SIM3
SIM4
1
21
22
SIM5
SIM1
SIM2
SIM3
SIM4
1
21
22
SIM5
SIM1
SIM2
SIM3
SIM4
1
21
22
SIM5
SIM1
SIM2
SIM3
SIM4
1
21
22
SIM5
SIM1
SIM2
SIM3
SIM4
1
21
22
SIM5
SIM1
SIM2
SIM3
SIM4
1
21
22
SIM5
SIM1
SIM2
SIM3
SIM4
1
21
22
SIM5
SIM1
SIM2
SIM3
SIM4
1
21
22
SIM5
SIM1
SIM2
SIM3
SIM4
1
21
22
SIM5
SIM1
SIM2
SIM3
SIM4
1
21
22
SIM5
SIM1
SIM2
SIM3
SIM4
1
21
22
SIM5
SIM1
SIM2
SIM3
SIM4
1
21
22
SIM5
SIM1
SIM2
SIM3
SIM4
1
21
22
SIM5
SIM1
SIM2
SIM3
SIM4
1
21
22
SIM5
SIM1
SIM2
SIM3
SIM4
1
21
22
SIM5
SIM1
SIM2
SIM3
SIM4
1
21
22
SIM5
SIM1
SIM2
SIM3
SIM4
1
21
22
SIM5
SIM1
SIM2
SIM3
SIM4
1
21
22
SIM5
SIM1
SIM2
SIM3
SIM4
1
21
22
SIM5
SIM1
SIM2
SIM3
SIM4
1
21
22
SIM5
SIM1
SIM2
SIM3
SIM4
1
21
22
SIM5
SIM1
SIM2
SIM3
SIM4
1
21
22
SIM5
SIM1
SIM2
SIM3
SIM4
1
21
22
SIM5
SIM1
SIM2
SIM3
SIM4
1
21
22
SIM5
SIM1
SIM2
SIM3
SIM4
1
21
22
SIM5
SIM1
SIM2
SIM3
SIM4
1
21
22
SIM5
SIM1
SIM2
SIM3
SIM4
1
21
22
SIM5
SIM1
SIM2
SIM3
SIM4
1
21
22
SIM5
SIM1
SIM2
SIM3
SIM4
1
21
22
SIM5
SIM1
SIM2
SIM3
SIM4
1
21
22
SIM5
SIM1
SIM2
SIM3
SIM4
1
21
22
SIM5
SIM1
SIM2
SIM3
SIM4
1
21
22
SIM5
SIM1
SIM2
SIM3
SIM4
1
21
22
SIM5
SIM1
SIM2
SIM3
SIM4
1
21
22
SIM5
SIM1
SIM2
SIM3
SIM4
1
21
22
SIM5
SIM1
SIM2
SIM3
SIM4
1
21
22
SIM5
SIM1
SIM2
SIM3
SIM4
1
21
22
SIM5
SIM1
SIM2
SIM3
SIM4
1
21
22
SIM5
SIM1
SIM2
SIM3
SIM4
1
21
22
SIM5
SIM1
SIM2
SIM3
SIM4
1
21
22
SIM5
SIM1
SIM2
SIM3
SIM4
1
21
22
SIM5
SIM1
SIM2
SIM3
SIM4
1
21
22
SIM5
SIM1
SIM2
SIM3
SIM4
1
21
22
SIM5
SIM1
SIM2
SIM3
SIM4
1
21
22
SIM5
SIM1
SIM2
SIM3
SIM4
1
21
22
SIM5
SIM1
SIM2
DEBUG 1 333
SIM1
SIM2
SIM3
SIM4
1
21
22
SIM5
SIM1
SIM2
SIM3
SIM4
1
21
22
SIM5
SIM1
SIM2
SIM3
SIM4
1
21
22
SIM5
SIM1
SIM2
SIM3
SIM4
1
21
22
SIM5
SIM1
SIM2
SIM3
SIM4
1
21
22
SIM5
SIM1
SIM2
SIM3
SIM4
1
21
22
SIM5
SIM1
SIM2
SIM3
SIM4
1
21
22
SIM5
SIM1
SIM2
SIM3
SIM4
1
21
22
SIM5
SIM1
SIM2
SIM3
SIM4
1
21
22
SIM5
SIM1
SIM2
SIM3
SIM4
1
21
22
SIM5
SIM1
SIM2
SIM3
SIM4
1
21
22
SIM5
SIM1
SIM2
SIM3
SIM4
1
21
22
SIM5
SIM1
SIM2
SIM3
SIM4
1
21
22
SIM5
SIM1
SIM2
SIM3
SIM4
1
21
22
SIM5
SIM1
SIM2
SIM3
SIM4
1
21
22
SIM5
SIM1
SIM2
SIM3
SIM4
1
21
22
SIM5
SIM1
SIM2
SIM3
SIM4
1
21
22
SIM5
SIM1
SIM2
SIM3
SIM4
1
21
22
SIM5
SIM1
SIM2
SIM3
SIM4
1
21
22
SIM5
SIM1
SIM2
SIM3
SIM4
1
21
22
SIM5
SIM1
SIM2
SIM3
SIM4
1
21
22
SIM5
SIM1
SIM2
SIM3
SIM4
1
21
22
SIM5
SIM1
SIM2
SIM3
SIM4
1
21
22
SIM5
SIM1
SIM2
SIM3
SIM4
1
21
22
SIM5
SIM1
SIM2
SIM3
SIM4
1
21
22
SIM5
SIM1
SIM2
SIM3
SIM4
1
21
22
SIM5
SIM1
SIM2
SIM3
SIM4
1
21
22
SIM5
SIM1
SIM2
SIM3
SIM4
1
21
22
SIM5
SIM1
SIM2
SIM3
SIM4
1
21
22
SIM5
SIM1
SIM2
SIM3
SIM4
1
21
22
SIM5
SIM1
SIM2
SIM3
SIM4
1
21
22
SIM5
SIM1
SIM2
SIM3
SIM4
1
21
22
SIM5
SIM1
SIM2
SIM3
SIM4
1
21
22
SIM5
SIM1
SIM2
SIM3
SIM4
1
21
22
SIM5
SIM1
SIM2
SIM3
SIM4
1
21
22
SIM5
SIM1
SIM2
SIM3
SIM4
1
21
22
SIM5
SIM1
SIM2
SIM3
SIM4
1
21
22
SIM5
SIM1
SIM2
SIM3
SIM4
1
21
22
SIM5
SIM1
SIM2
SIM3
SIM4
1
21
22
SIM5
SIM1
SIM2
SIM3
SIM4
1
21
22
SIM5
SIM1
SIM2
SIM3
SIM4
1
21
22
SIM5
SIM1
SIM2
SIM3
SIM4
1
21
22
SIM5
SIM1
SIM2
SIM3
SIM4
1
21
22
SIM5
SIM1
SIM2
SIM3
SIM4
1
21
22
SIM5
SIM1
SIM2
SIM3
SIM4
1
21
22
SIM5
SIM1
SIM2
SIM3
SIM4
1
21
22
SIM5
SIM1
SIM2
SIM3
SIM4
1
21
22
SIM5
SIM1
SIM2
SIM3
SIM4
1
21
22
SIM5
SIM1
SIM2
SIM3
SIM4
1
21
22
SIM5
SIM1
SIM2
SIM3
SIM4
1
21
22
SIM5
SIM1
SIM2
SIM3
SIM4
1
21
22
SIM5
SIM1
SIM2
SIM3
SIM4
1
21
22
SIM5
SIM1
SIM2
SIM3
SIM4
1
21
22
SIM5
SIM1
SIM2
SIM3
SIM4
1
21
22
SIM5
SIM1
SIM2
SIM3
SIM4
1
21
22
SIM5
SIM1
SIM2
SIM3
SIM4
1
21
22
SIM5
SIM1
SIM2
SIM3
SIM4
1
21
22
SIM5
SIM1
SIM2
SIM3
SIM4
1
21
22
SIM5
SIM1
SIM2
SIM3
SIM4
1
21
22
SIM5
SIM1
SIM2
SIM3
SIM4
1
21
22
SIM5
SIM1
SIM2
SIM3
SIM4
1
21
22
SIM5
SIM1
SIM2
SIM3
SIM4
1
21
22
SIM5
SIM1
SIM2
SIM3
SIM4
1
21
22
SIM5
SIM1
SIM2
SIM3
SIM4
1
21
22
SIM5
SIM1
SIM2
SIM3
SIM4
1
21
22
SIM5
SIM1
SIM2
SIM3
SIM4
1
21
22
SIM5
SIM1
SIM2
SIM3
SIM4
1
21
22
SIM5
SIM1
SIM2
SIM3
SIM4
1
21
22
SIM5
SIM1
SIM2
SIM3
SIM4
1
21
22
SIM5
SIM1
SIM2
SIM3
SIM4
1
21
22
SIM5
SIM1
SIM2
SIM3
SIM4
1
21
22
SIM5
SIM1
SIM2
SIM3
SIM4
1
21
22
SIM5
SIM1
SIM2
SIM3
SIM4
1
21
22
SIM5
SIM1
SIM2
SIM3
SIM4
1
21
22
SIM5
SIM1
SIM2
SIM3
SIM4
1
21
22
SIM5
SIM1
SIM2
SIM3
SIM4
1
21
22
SIM5
SIM1
SIM2
SIM3
SIM4
1
21
22
SIM5
SIM1
SIM2
SIM3
SIM4
1
21
22
SIM5
SIM1
SIM2
SIM3
SIM4
1
21
22
SIM5
SIM1
SIM2
SIM3
SIM4
1
21
22
SIM5
SIM1
SIM2
SIM3
SIM4
1
21
22
SIM5
SIM1
SIM2
SIM3
SIM4
1
21
22
SIM5
SIM1
SIM2
SIM3
SIM4
1
21
22
SIM5
SIM1
SIM2
SIM3
SIM4
1
21
22
SIM5
SIM1
SIM2
SIM3
SIM4
1
21
22
SIM5
SIM1
SIM2
SIM3
SIM4
1
21
22
SIM5
SIM1
SIM2
SIM3
SIM4
1
21
22
SIM5
SIM1
SIM2
SIM3
SIM4
1
21
22
SIM5
SIM1
SIM2
SIM3
SIM4
1
21
22
SIM5
SIM1
SIM2
SIM3
SIM4
1
21
22
SIM5
SIM1
SIM2
SIM3
SIM4
1
21
22
SIM5
SIM1
SIM2
SIM3
SIM4
1
21
22
SIM5
SIM1
SIM2
SIM3
SIM4
1
21
22
SIM5
SIM1
SIM2
SIM3
SIM4
1
21
22
SIM5
SIM1
SIM2
SIM3
SIM4
1
21
22
SIM5
SIM1
SIM2
SIM3
SIM4
1
21
22
SIM5
SIM1
SIM2
SIM3
SIM4
1
21
22
SIM5
SIM1
SIM2
SIM3
SIM4
1
21
22
SIM5
SIM1
SIM2
SIM3
SIM4
1
21
22
SIM5
SIM1
SIM2
SIM3
SIM4
1
21
22
SIM5
SIM1
SIM2
SIM3
SIM4
1
21
22
SIM5
SIM1
SIM2
SIM3
SIM4
1
21
22
SIM5
SIM1
SIM2
SIM3
SIM4
1
21
22
SIM5
SIM1
SIM2
SIM3
SIM4
1
21
22
SIM5
SIM1
SIM2
SIM3
SIM4
1
21
22
SIM5
SIM1
SIM2
SIM3
SIM4
1
21
22
SIM5
SIM1
SIM2
SIM3
SIM4
1
21
22
SIM5
SIM1
SIM2
SIM3
SIM4
1
21
22
SIM5
SIM1
SIM2
SIM3
SIM4
1
21
22
SIM5
SIM1
SIM2
SIM3
SIM4
1
21
22
SIM5
SIM1
SIM2
SIM3
SIM4
1
21
22
SIM5
SIM1
SIM2
SIM3
SIM4
1
21
22
SIM5
SIM1
SIM2
SIM3
SIM4
1
21
22
SIM5
SIM1
SIM2
SIM3
SIM4
1
21
22
SIM5
SIM1
SIM2
SIM3
SIM4
1
21
22
SIM5
SIM1
SIM2
SIM3
SIM4
1
21
22
SIM5
SIM1
SIM2
SIM3
SIM4
1
21
22
SIM5
SIM1
SIM2
SIM3
SIM4
1
21
22
SIM5
SIM1
SIM2
SIM3
SIM4
1
21
22
SIM5
SIM1
SIM2
SIM3
SIM4
1
21
22
SIM5
SIM1
SIM2
SIM3
SIM4
1
21
22
SIM5
SIM1
SIM2
SIM3
SIM4
1
21
22
SIM5
SIM1
SIM2
SIM3
SIM4
1
21
22
SIM5
SIM1
SIM2
SIM3
SIM4
1
21
22
SIM5
SIM1
SIM2
SIM3
SIM4
1
21
22
SIM5
SIM1
SIM2
SIM3
SIM4
1
21
22
SIM5
SIM1
SIM2
SIM3
SIM4
1
21
22
SIM5
SIM1
SIM2
SIM3
SIM4
1
21
22
SIM5
SIM1
SIM2
SIM3
SIM4
1
21
22
SIM5
SIM1
SIM2
SIM3
SIM4
1
21
22
SIM5
SIM1
SIM2
SIM3
SIM4
1
21
22
SIM5
SIM1
SIM2
DEBUG 1 334
SIM1
SIM2
SIM3
SIM4
1
21
22
SIM5
SIM1
SIM2
SIM3
SIM4
1
21
22
SIM5
SIM1
SIM2
SIM3
SIM4
1
21
22
SIM5
SIM1
SIM2
SIM3
SIM4
1
21
22
SIM5
SIM1
SIM2
SIM3
SIM4
1
21
22
SIM5
SIM1
SIM2
SIM3
SIM4
1
21
22
SIM5
SIM1
SIM2
SIM3
SIM4
1
21
22
SIM5
SIM1
SIM2
SIM3
SIM4
1
21
22
SIM5
SIM1
SIM2
SIM3
SIM4
1
21
22
SIM5
SIM1
SIM2
SIM3
SIM4
1
21
22
SIM5
SIM1
SIM2
SIM3
SIM4
1
21
22
SIM5
SIM1
SIM2
SIM3
SIM4
1
21
22
SIM5
SIM1
SIM2
SIM3
SIM4
1
21
22
SIM5
SIM1
SIM2
SIM3
SIM4
1
21
22
SIM5
SIM1
SIM2
SIM3
SIM4
1
21
22
SIM5
SIM1
SIM2
SIM3
SIM4
1
21
22
SIM5
SIM1
SIM2
SIM3
SIM4
1
21
22
SIM5
SIM1
SIM2
SIM3
SIM4
1
21
22
SIM5
SIM1
SIM2
SIM3
SIM4
1
21
22
SIM5
SIM1
SIM2
SIM3
SIM4
1
21
22
SIM5
SIM1
SIM2
SIM3
SIM4
1
21
22
SIM5
SIM1
SIM2
SIM3
SIM4
1
21
22
SIM5
SIM1
SIM2
SIM3
SIM4
1
21
22
SIM5
SIM1
SIM2
SIM3
SIM4
1
21
22
SIM5
SIM1
SIM2
SIM3
SIM4
1
21
22
SIM5
SIM1
SIM2
SIM3
SIM4
1
21
22
SIM5
SIM1
SIM2
SIM3
SIM4
1
21
22
SIM5
SIM1
SIM2
SIM3
SIM4
1
21
22
SIM5
SIM1
SIM2
SIM3
SIM4
1
21
22
SIM5
SIM1
SIM2
SIM3
SIM4
1
21
22
SIM5
SIM1
SIM2
SIM3
SIM4
1
21
22
SIM5
SIM1
SIM2
SIM3
SIM4
1
21
22
SIM5
SIM1
SIM2
SIM3
SIM4
1
21
22
SIM5
SIM1
SIM2
SIM3
SIM4
1
21
22
SIM5
SIM1
SIM2
SIM3
SIM4
1
21
22
SIM5
SIM1
SIM2
SIM3
SIM4
1
21
22
SIM5
SIM1
SIM2
SIM3
SIM4
1
21
22
SIM5
SIM1
SIM2
SIM3
SIM4
1
21
22
SIM5
SIM1
SIM2
SIM3
SIM4
1
21
22
SIM5
SIM1
SIM2
SIM3
SIM4
1
21
22
SIM5
SIM1
SIM2
SIM3
SIM4
1
21
22
SIM5
SIM1
SIM2
SIM3
SIM4
1
21
22
SIM5
SIM1
SIM2
SIM3
SIM4
1
21
22
SIM5
SIM1
SIM2
SIM3
SIM4
1
21
22
SIM5
SIM1
SIM2
SIM3
SIM4
1
21
22
SIM5
SIM1
SIM2
SIM3
SIM4
1
21
22
SIM5
SIM1
SIM2
SIM3
SIM4
1
21
22
SIM5
SIM1
SIM2
SIM3
SIM4
1
21
22
SIM5
SIM1
SIM2
SIM3
SIM4
1
21
22
SIM5
SIM1
SIM2
SIM3
SIM4
1
21
22
SIM5
SIM1
SIM2
SIM3
SIM4
1
21
22
SIM5
SIM1
SIM2
SIM3
SIM4
1
21
22
SIM5
SIM1
SIM2
SIM3
SIM4
1
21
22
SIM5
SIM1
SIM2
SIM3
SIM4
1
21
22
SIM5
SIM1
SIM2
SIM3
SIM4
1
21
22
SIM5
SIM1
SIM2
SIM3
SIM4
1
21
22
SIM5
SIM1
SIM2
SIM3
SIM4
1
21
22
SIM5
SIM1
SIM2
SIM3
SIM4
1
21
22
SIM5
SIM1
SIM2
SIM3
SIM4
1
21
22
SIM5
SIM1
SIM2
SIM3
SIM4
1
21
22
SIM5
SIM1
SIM2
SIM3
SIM4
1
21
22
SIM5
SIM1
SIM2
SIM3
SIM4
1
21
22
SIM5
SIM1
SIM2
SIM3
SIM4
1
21
22
SIM5
SIM1
SIM2
SIM3
SIM4
1
21
22
SIM5
SIM1
SIM2
SIM3
SIM4
1
21
22
SIM5
SIM1
SIM2
SIM3
SIM4
1
21
22
SIM5
SIM1
SIM2
SIM3
SIM4
1
21
22
SIM5
SIM1
SIM2
SIM3
SIM4
1
21
22
SIM5
SIM1
SIM2
SIM3
SIM4
1
21
22
SIM5
SIM1
SIM2
SIM3
SIM4
1
21
22
SIM5
SIM1
SIM2
SIM3
SIM4
1
21
22
SIM5
SIM1
SIM2
SIM3
SIM4
1
21
22
SIM5
SIM1
SIM2
SIM3
SIM4
1
21
22
SIM5
SIM1
SIM2
SIM3
SIM4
1
21
22
SIM5
SIM1
SIM2
SIM3
SIM4
1
21
22
SIM5
SIM1
SIM2
SIM3
SIM4
1
21
22
SIM5
SIM1
SIM2
SIM3
SIM4
1
21
22
SIM5
SIM1
SIM2
SIM3
SIM4
1
21
22
SIM5
SIM1
SIM2
SIM3
SIM4
1
21
22
SIM5
SIM1
SIM2
SIM3
SIM4
1
21
22
SIM5
SIM1
SIM2
SIM3
SIM4
1
21
22
SIM5
SIM1
SIM2
SIM3
SIM4
1
21
22
SIM5
SIM1
SIM2
SIM3
SIM4
1
21
22
SIM5
SIM1
SIM2
SIM3
SIM4
1
21
22
SIM5
SIM1
SIM2
SIM3
SIM4
1
21
22
SIM5
SIM1
SIM2
SIM3
SIM4
1
21
22
SIM5
SIM1
SIM2
SIM3
SIM4
1
21
22
SIM5
SIM1
SIM2
SIM3
SIM4
1
21
22
SIM5
SIM1
SIM2
SIM3
SIM4
1
21
22
SIM5
SIM1
SIM2
SIM3
SIM4
1
21
22
SIM5
SIM1
SIM2
SIM3
SIM4
1
21
22
SIM5
SIM1
SIM2
SIM3
SIM4
1
21
22
SIM5
SIM1
SIM2
SIM3
SIM4
1
21
22
SIM5
SIM1
SIM2
SIM3
SIM4
1
21
22
SIM5
SIM1
SIM2
SIM3
SIM4
1
21
22
SIM5
SIM1
SIM2
SIM3
SIM4
1
21
22
SIM5
SIM1
SIM2
SIM3
SIM4
1
21
22
SIM5
SIM1
SIM2
SIM3
SIM4
1
21
22
SIM5
SIM1
SIM2
SIM3
SIM4
1
21
22
SIM5
SIM1
SIM2
SIM3
SIM4
1
21
22
SIM5
SIM1
SIM2
SIM3
SIM4
1
21
22
SIM5
SIM1
SIM2
SIM3
SIM4
1
21
22
SIM5
SIM1
SIM2
SIM3
SIM4
1
21
22
SIM5
SIM1
SIM2
SIM3
SIM4
1
21
22
SIM5
SIM1
SIM2
SIM3
SIM4
1
21
22
SIM5
SIM1
SIM2
SIM3
SIM4
1
21
22
SIM5
SIM1
SIM2
SIM3
SIM4
1
21
22
SIM5
SIM1
SIM2
SIM3
SIM4
1
21
22
SIM5
SIM1
SIM2
SIM3
SIM4
1
21
22
SIM5
SIM1
SIM2
SIM3
SIM4
1
21
22
SIM5
SIM1
SIM2
SIM3
SIM4
1
21
22
SIM5
SIM1
SIM2
SIM3
SIM4
1
21
22
SIM5
SIM1
SIM2
SIM3
SIM4
1
21
22
SIM5
SIM1
SIM2
SIM3
SIM4
1
21
22
SIM5
SIM1
SIM2
SIM3
SIM4
1
21
22
SIM5
SIM1
SIM2
SIM3
SIM4
1
21
22
SIM5
SIM1
SIM2
SIM3
SIM4
1
21
22
SIM5
SIM1
SIM2
SIM3
SIM4
1
21
22
SIM5
SIM1
SIM2
SIM3
SIM4
1
21
22
SIM5
SIM1
SIM2
SIM3
SIM4
1
21
22
SIM5
SIM1
SIM2
SIM3
SIM4
1
21
22
SIM5
SIM1
SIM2
SIM3
SIM4
1
21
22
SIM5
SIM1
SIM2
SIM3
SIM4
1
21
22
SIM5
SIM1
SIM2
SIM3
SIM4
1
21
22
SIM5
SIM1
SIM2
SIM3
SIM4
1
21
22
SIM5
SIM1
SIM2
SIM3
SIM4
1
21
22
SIM5
SIM1
SIM2
SIM3
SIM4
1
21
22
SIM5
SIM1
SIM2
SIM3
SIM4
1
21
22
SIM5
SIM1
SIM2
SIM3
SIM4
1
21
22
SIM5
SIM1
SIM2
SIM3
SIM4
1
21
22
SIM5
SIM1
SIM2
SIM3
SIM4
1
21
22
SIM5
SIM1
SIM2
SIM3
SIM4
1
21
22
SIM5
SIM1
SIM2
SIM3
SIM4
1
21
22
SIM5
SIM1
SIM2
SIM3
SIM4
1
21
22
SIM5
SIM1
SIM2
SIM3
SIM4
1
21
22
SIM5
SIM1
SIM2
SIM3
SIM4
1
21
22
SIM5
SIM1
SIM2
SIM3
SIM4
1
21
22
SIM5
SIM1
SIM2
SIM3
SIM4
1
21
22
SIM5
SIM1
SIM2
SIM3
SIM4
1
21
22
SIM5
SIM1
SIM2
SIM3
SIM4
1
21
22
SIM5
SIM1
SIM2
SIM3
SIM4
1
21
22
SIM5
SIM1
SIM2
SIM3
SIM4
1
21
22
SIM5
SIM1
SIM2
SIM3
SIM4
1
21
22
SIM5
SIM1
SIM2
SIM3
SIM4
1
21
22
SIM5
SIM1
SIM2
SIM3
SIM4
1
21
22
SIM5
SIM1
SIM2
SIM3
SIM4
1
21
22
SIM5
SIM1
SIM2
SIM3
SIM4
1
21
22
SIM5
SIM1
SIM2
SIM3
SIM4
1
21
22
SIM5
SIM1
SIM2
SIM3
SIM4
1
21
22
SIM5
SIM1
SIM2
SIM3
SIM4
1
21
22
SIM5
SIM1
SIM2
SIM3
SIM4
1
21
22
SIM5
SIM1
SIM2
SIM3
SIM4
1
21
22
SIM5
SIM1
SIM2
SIM3
SIM4
1
21
22
SIM5
SIM1
SIM2
SIM3
SIM4
1
21
22
SIM5
SIM1
SIM2
SIM3
SIM4
1
21
22
SIM5
SIM1
SIM2
SIM3
SIM4
1
21
22
SIM5
SIM1
SIM2
SIM3
SIM4
1
21
22
SIM5
SIM1
SIM2
SIM3
SIM4
1
21
22
SIM5
SIM1
SIM2
DEBUG 1 335
SIM1
SIM2
SIM3
SIM4
1
21
22
SIM5
SIM1
SIM2
SIM3
SIM4
1
21
22
SIM5
SIM1
SIM2
SIM3
SIM4
1
21
22
SIM5
SIM1
SIM2
SIM3
SIM4
1
21
22
SIM5
SIM1
SIM2
SIM3
SIM4
1
21
22
SIM5
SIM1
SIM2
SIM3
SIM4
1
21
22
SIM5
SIM1
SIM2
SIM3
SIM4
1
21
22
SIM5
SIM1
SIM2
SIM3
SIM4
1
21
22
SIM5
SIM1
SIM2
SIM3
SIM4
1
21
22
SIM5
SIM1
SIM2
SIM3
SIM4
1
21
22
SIM5
SIM1
SIM2
SIM3
SIM4
1
21
22
SIM5
SIM1
SIM2
SIM3
SIM4
1
21
22
SIM5
SIM1
SIM2
SIM3
SIM4
1
21
22
SIM5
SIM1
SIM2
SIM3
SIM4
1
21
22
SIM5
SIM1
SIM2
SIM3
SIM4
1
21
22
SIM5
SIM1
SIM2
SIM3
SIM4
1
21
22
SIM5
SIM1
SIM2
SIM3
SIM4
1
21
22
SIM5
SIM1
SIM2
SIM3
SIM4
1
21
22
SIM5
SIM1
SIM2
SIM3
SIM4
1
21
22
SIM5
SIM1
SIM2
SIM3
SIM4
1
21
22
SIM5
SIM1
SIM2
SIM3
SIM4
1
21
22
SIM5
SIM1
SIM2
SIM3
SIM4
1
21
22
SIM5
SIM1
SIM2
SIM3
SIM4
1
21
22
SIM5
SIM1
SIM2
SIM3
SIM4
1
21
22
SIM5
SIM1
SIM2
SIM3
SIM4
1
21
22
SIM5
SIM1
SIM2
SIM3
SIM4
1
21
22
SIM5
SIM1
SIM2
SIM3
SIM4
1
21
22
SIM5
SIM1
SIM2
SIM3
SIM4
1
21
22
SIM5
SIM1
SIM2
SIM3
SIM4
1
21
22
SIM5
SIM1
SIM2
SIM3
SIM4
1
21
22
SIM5
SIM1
SIM2
SIM3
SIM4
1
21
22
SIM5
SIM1
SIM2
SIM3
SIM4
1
21
22
SIM5
SIM1
SIM2
SIM3
SIM4
1
21
22
SIM5
SIM1
SIM2
SIM3
SIM4
1
21
22
SIM5
SIM1
SIM2
SIM3
SIM4
1
21
22
SIM5
SIM1
SIM2
SIM3
SIM4
1
21
22
SIM5
SIM1
SIM2
SIM3
SIM4
1
21
22
SIM5
SIM1
SIM2
SIM3
SIM4
1
21
22
SIM5
SIM1
SIM2
SIM3
SIM4
1
21
22
SIM5
SIM1
SIM2
SIM3
SIM4
1
21
22
SIM5
SIM1
SIM2
SIM3
SIM4
1
21
22
SIM5
SIM1
SIM2
SIM3
SIM4
1
21
22
SIM5
SIM1
SIM2
SIM3
SIM4
1
21
22
SIM5
SIM1
SIM2
SIM3
SIM4
1
21
22
SIM5
SIM1
SIM2
SIM3
SIM4
1
21
22
SIM5
SIM1
SIM2
SIM3
SIM4
1
21
22
SIM5
SIM1
SIM2
SIM3
SIM4
1
21
22
SIM5
SIM1
SIM2
SIM3
SIM4
1
21
22
SIM5
SIM1
SIM2
SIM3
SIM4
1
21
22
SIM5
SIM1
SIM2
SIM3
SIM4
1
21
22
SIM5
SIM1
SIM2
SIM3
SIM4
1
21
22
SIM5
SIM1
SIM2
SIM3
SIM4
1
21
22
SIM5
SIM1
SIM2
SIM3
SIM4
1
21
22
SIM5
SIM1
SIM2
SIM3
SIM4
1
21
22
SIM5
SIM1
SIM2
SIM3
SIM4
1
21
22
SIM5
SIM1
SIM2
SIM3
SIM4
1
21
22
SIM5
SIM1
SIM2
SIM3
SIM4
1
21
22
SIM5
SIM1
SIM2
SIM3
SIM4
1
21
22
SIM5
SIM1
SIM2
SIM3
SIM4
1
21
22
SIM5
SIM1
SIM2
SIM3
SIM4
1
21
22
SIM5
SIM1
SIM2
SIM3
SIM4
1
21
22
SIM5
SIM1
SIM2
SIM3
SIM4
1
21
22
SIM5
SIM1
SIM2
SIM3
SIM4
1
21
22
SIM5
SIM1
SIM2
SIM3
SIM4
1
21
22
SIM5
SIM1
SIM2
SIM3
SIM4
1
21
22
SIM5
SIM1
SIM2
SIM3
SIM4
1
21
22
SIM5
SIM1
SIM2
SIM3
SIM4
1
21
22
SIM5
SIM1
SIM2
SIM3
SIM4
1
21
22
SIM5
SIM1
SIM2
SIM3
SIM4
1
21
22
SIM5
SIM1
SIM2
SIM3
SIM4
1
21
22
SIM5
SIM1
SIM2
SIM3
SIM4
1
21
22
SIM5
SIM1
SIM2
SIM3
SIM4
1
21
22
SIM5
SIM1
SIM2
SIM3
SIM4
1
21
22
SIM5
SIM1
SIM2
SIM3
SIM4
1
21
22
SIM5
SIM1
SIM2
SIM3
SIM4
1
21
22
SIM5
SIM1
SIM2
SIM3
SIM4
1
21
22
SIM5
SIM1
SIM2
SIM3
SIM4
1
21
22
SIM5
SIM1
SIM2
SIM3
SIM4
1
21
22
SIM5
SIM1
SIM2
SIM3
SIM4
1
21
22
SIM5
SIM1
SIM2
SIM3
SIM4
1
21
22
SIM5
SIM1
SIM2
SIM3
SIM4
1
21
22
SIM5
SIM1
SIM2
SIM3
SIM4
1
21
22
SIM5
SIM1
SIM2
SIM3
SIM4
1
21
22
SIM5
SIM1
SIM2
SIM3
SIM4
1
21
22
SIM5
SIM1
SIM2
SIM3
SIM4
1
21
22
SIM5
SIM1
SIM2
SIM3
SIM4
1
21
22
SIM5
SIM1
SIM2
SIM3
SIM4
1
21
22
SIM5
SIM1
SIM2
SIM3
SIM4
1
21
22
SIM5
SIM1
SIM2
SIM3
SIM4
1
21
22
SIM5
SIM1
SIM2
SIM3
SIM4
1
21
22
SIM5
SIM1
SIM2
SIM3
SIM4
1
21
22
SIM5
SIM1
SIM2
SIM3
SIM4
1
21
22
SIM5
SIM1
SIM2
SIM3
SIM4
1
21
22
SIM5
SIM1
SIM2
SIM3
SIM4
1
21
22
SIM5
SIM1
SIM2
SIM3
SIM4
1
21
22
SIM5
SIM1
SIM2
SIM3
SIM4
1
21
22
SIM5
SIM1
SIM2
SIM3
SIM4
1
21
22
SIM5
SIM1
SIM2
SIM3
SIM4
1
21
22
SIM5
SIM1
SIM2
SIM3
SIM4
1
21
22
SIM5
SIM1
SIM2
SIM3
SIM4
1
21
22
SIM5
SIM1
SIM2
SIM3
SIM4
1
21
22
SIM5
SIM1
SIM2
SIM3
SIM4
1
21
22
SIM5
SIM1
SIM2
SIM3
SIM4
1
21
22
SIM5
SIM1
SIM2
SIM3
SIM4
1
21
22
SIM5
SIM1
SIM2
SIM3
SIM4
1
21
22
SIM5
SIM1
SIM2
SIM3
SIM4
1
21
22
SIM5
SIM1
SIM2
SIM3
SIM4
1
21
22
SIM5
SIM1
SIM2
SIM3
SIM4
1
21
22
SIM5
SIM1
SIM2
SIM3
SIM4
1
21
22
SIM5
SIM1
SIM2
SIM3
SIM4
1
21
22
SIM5
SIM1
SIM2
SIM3
SIM4
1
21
22
SIM5
SIM1
SIM2
SIM3
SIM4
1
21
22
SIM5
SIM1
SIM2
SIM3
SIM4
1
21
22
SIM5
SIM1
SIM2
SIM3
SIM4
1
21
22
SIM5
SIM1
SIM2
SIM3
SIM4
1
21
22
SIM5
SIM1
SIM2
SIM3
SIM4
1
21
22
SIM5
SIM1
SIM2
SIM3
SIM4
1
21
22
SIM5
SIM1
SIM2
SIM3
SIM4
1
21
22
SIM5
SIM1
SIM2
SIM3
SIM4
1
21
22
SIM5
SIM1
SIM2
SIM3
SIM4
1
21
22
SIM5
SIM1
SIM2
SIM3
SIM4
1
21
22
SIM5
SIM1
SIM2
SIM3
SIM4
1
21
22
SIM5
SIM1
SIM2
SIM3
SIM4
1
21
22
SIM5
SIM1
SIM2
SIM3
SIM4
1
21
22
SIM5
SIM1
SIM2
SIM3
SIM4
1
21
22
SIM5
SIM1
SIM2
SIM3
SIM4
1
21
22
SIM5
SIM1
SIM2
SIM3
SIM4
1
21
22
SIM5
SIM1
SIM2
SIM3
SIM4
1
21
22
SIM5
SIM1
SIM2
SIM3
SIM4
1
21
22
SIM5
SIM1
SIM2
SIM3
SIM4
1
21
22
SIM5
SIM1
SIM2
SIM3
SIM4
1
21
22
SIM5
SIM1
SIM2
SIM3
SIM4
1
21
22
SIM5
SIM1
SIM2
SIM3
SIM4
1
21
22
SIM5
SIM1
SIM2
SIM3
SIM4
1
21
22
SIM5
SIM1
SIM2
SIM3
SIM4
1
21
22
SIM5
SIM1
SIM2
SIM3
SIM4
1
21
22
SIM5
SIM1
SIM2
SIM3
SIM4
1
21
22
SIM5
SIM1
SIM2
SIM3
SIM4
1
21
22
SIM5
SIM1
SIM2
SIM3
SIM4
1
21
22
SIM5
SIM1
SIM2
SIM3
SIM4
1
21
22
SIM5
SIM1
SIM2
SIM3
SIM4
1
21
22
SIM5
SIM1
SIM2
SIM3
SIM4
1
21
22
SIM5
SIM1
SIM2
SIM3
SIM4
1
21
22
SIM5
SIM1
SIM2
SIM3
SIM4
1
21
22
SIM5
SIM1
SIM2
SIM3
SIM4
1
21
22
SIM5
SIM1
SIM2
SIM3
SIM4
1
21
22
SIM5
SIM1
SIM2
SIM3
SIM4
1
21
22
SIM5
SIM1
SIM2
SIM3
SIM4
1
21
22
SIM5
SIM1
SIM2
SIM3
SIM4
1
21
22
SIM5
SIM1
SIM2
SIM3
SIM4
1
21
22
SIM5
SIM1
SIM2
SIM3
SIM4
1
21
22
SIM5
SIM1
SIM2
SIM3
SIM4
1
21
22
SIM5
SIM1
SIM2
SIM3
SIM4
1
21
22
SIM5
SIM1
SIM2
SIM3
SIM4
1
21
22
SIM5
SIM1
SIM2
SIM3
SIM4
1
21
22
SIM5
SIM1
SIM2
SIM3
SIM4
1
21
22
SIM5
SIM1
SIM2
SIM3
SIM4
1
21
22
SIM5
SIM1
SIM2
SIM3
SIM4
1
21
22
SIM5
SIM1
SIM2
SIM3
SIM4
1
21
22
SIM5
SIM1
SIM2
SIM3
SIM4
1
21
22
SIM5
SIM1
SIM2
SIM3
SIM4
1
21
22
SIM5
SIM1
SIM2
SIM3
SIM4
1
21
22
SIM5
SIM1
SIM2
SIM3
SIM4
1
21
22
SIM5
SIM1
SIM2
SIM3
SIM4
1
21
22
SIM5
SIM1
SIM2
SIM3
SIM4
1
21
22
SIM5
SIM1
SIM2
SIM3
SIM4
1
21
22
SIM5
SIM1
SIM2
SIM3
SIM4
1
21
22
SIM5
SIM1
SIM2
SIM3
SIM4
1
21
22
SIM5
SIM1
SIM2
SIM3
SIM4
1
21
22
SIM5
SIM1
SIM2
SIM3
SIM4
1
21
22
SIM5
SIM1
SIM2
SIM3
SIM4
1
21
22
SIM5
SIM1
SIM2
SIM3
SIM4
1
21
22
SIM5
SIM1
SIM2
SIM3
SIM4
1
21
22
SIM5
SIM1
SIM2
SIM3
SIM4
1
21
22
SIM5
SIM1
SIM2
SIM3
SIM4
1
21
22
SIM5
SIM1
SIM2
SIM3
SIM4
1
21
22
SIM5
SIM1
SIM2
SIM3
SIM4
1
21
22
SIM5
SIM1
SIM2
SIM3
SIM4
1
21
22
SIM5
SIM1
SIM2
SIM3
SIM4
1
21
22
SIM5
SIM1
SIM2
SIM3
SIM4
1
21
22
SIM5
SIM1
SIM2
SIM3
SIM4
1
21
22
SIM5
SIM1
SIM2
SIM3
SIM4
1
21
22
SIM5
SIM1
SIM2
SIM3
SIM4
1
21
22
SIM5
SIM1
SIM2
SIM3
SIM4
1
21
22
SIM5
SIM1
SIM2
DEBUG 1 336
SIM1
SIM2
SIM3
SIM4
1
21
22
SIM5
SIM1
SIM2
SIM3
SIM4
1
21
22
SIM5
SIM1
SIM2
SIM3
SIM4
1
21
22
SIM5
SIM1
SIM2
SIM3
SIM4
1
21
22
SIM5
SIM1
SIM2
SIM3
SIM4
1
21
22
SIM5
SIM1
SIM2
SIM3
SIM4
1
21
22
SIM5
SIM1
SIM2
SIM3
SIM4
1
21
22
SIM5
SIM1
SIM2
SIM3
SIM4
1
21
22
SIM5
SIM1
SIM2
SIM3
SIM4
1
21
22
SIM5
SIM1
SIM2
SIM3
SIM4
1
21
22
SIM5
SIM1
SIM2
SIM3
SIM4
1
21
22
SIM5
SIM1
SIM2
SIM3
SIM4
1
21
22
SIM5
SIM1
SIM2
SIM3
SIM4
1
21
22
SIM5
SIM1
SIM2
SIM3
SIM4
1
21
22
SIM5
SIM1
SIM2
SIM3
SIM4
1
21
22
SIM5
SIM1
SIM2
SIM3
SIM4
1
21
22
SIM5
SIM1
SIM2
SIM3
SIM4
1
21
22
SIM5
SIM1
SIM2
SIM3
SIM4
1
21
22
SIM5
SIM1
SIM2
SIM3
SIM4
1
21
22
SIM5
SIM1
SIM2
SIM3
SIM4
1
21
22
SIM5
SIM1
SIM2
SIM3
SIM4
1
21
22
SIM5
SIM1
SIM2
SIM3
SIM4
1
21
22
SIM5
SIM1
SIM2
SIM3
SIM4
1
21
22
SIM5
SIM1
SIM2
SIM3
SIM4
1
21
22
SIM5
SIM1
SIM2
SIM3
SIM4
1
21
22
SIM5
SIM1
SIM2
SIM3
SIM4
1
21
22
SIM5
SIM1
SIM2
SIM3
SIM4
1
21
22
SIM5
SIM1
SIM2
SIM3
SIM4
1
21
22
SIM5
SIM1
SIM2
SIM3
SIM4
1
21
22
SIM5
SIM1
SIM2
SIM3
SIM4
1
21
22
SIM5
SIM1
SIM2
SIM3
SIM4
1
21
22
SIM5
SIM1
SIM2
SIM3
SIM4
1
21
22
SIM5
SIM1
SIM2
SIM3
SIM4
1
21
22
SIM5
SIM1
SIM2
SIM3
SIM4
1
21
22
SIM5
SIM1
SIM2
SIM3
SIM4
1
21
22
SIM5
SIM1
SIM2
SIM3
SIM4
1
21
22
SIM5
SIM1
SIM2
SIM3
SIM4
1
21
22
SIM5
SIM1
SIM2
SIM3
SIM4
1
21
22
SIM5
SIM1
SIM2
SIM3
SIM4
1
21
22
SIM5
SIM1
SIM2
SIM3
SIM4
1
21
22
SIM5
SIM1
SIM2
SIM3
SIM4
1
21
22
SIM5
SIM1
SIM2
SIM3
SIM4
1
21
22
SIM5
SIM1
SIM2
SIM3
SIM4
1
21
22
SIM5
SIM1
SIM2
SIM3
SIM4
1
21
22
SIM5
SIM1
SIM2
SIM3
SIM4
1
21
22
SIM5
SIM1
SIM2
SIM3
SIM4
1
21
22
SIM5
SIM1
SIM2
SIM3
SIM4
1
21
22
SIM5
SIM1
SIM2
SIM3
SIM4
1
21
22
SIM5
SIM1
SIM2
SIM3
SIM4
1
21
22
SIM5
SIM1
SIM2
SIM3
SIM4
1
21
22
SIM5
SIM1
SIM2
SIM3
SIM4
1
21
22
SIM5
SIM1
SIM2
SIM3
SIM4
1
21
22
SIM5
SIM1
SIM2
SIM3
SIM4
1
21
22
SIM5
SIM1
SIM2
SIM3
SIM4
1
21
22
SIM5
SIM1
SIM2
SIM3
SIM4
1
21
22
SIM5
SIM1
SIM2
SIM3
SIM4
1
21
22
SIM5
SIM1
SIM2
SIM3
SIM4
1
21
22
SIM5
SIM1
SIM2
SIM3
SIM4
1
21
22
SIM5
SIM1
SIM2
SIM3
SIM4
1
21
22
SIM5
SIM1
SIM2
SIM3
SIM4
1
21
22
SIM5
SIM1
SIM2
SIM3
SIM4
1
21
22
SIM5
SIM1
SIM2
SIM3
SIM4
1
21
22
SIM5
SIM1
SIM2
SIM3
SIM4
1
21
22
SIM5
SIM1
SIM2
SIM3
SIM4
1
21
22
SIM5
SIM1
SIM2
SIM3
SIM4
1
21
22
SIM5
SIM1
SIM2
SIM3
SIM4
1
21
22
SIM5
SIM1
SIM2
SIM3
SIM4
1
21
22
SIM5
SIM1
SIM2
SIM3
SIM4
1
21
22
SIM5
SIM1
SIM2
SIM3
SIM4
1
21
22
SIM5
SIM1
SIM2
SIM3
SIM4
1
21
22
SIM5
SIM1
SIM2
SIM3
SIM4
1
21
22
SIM5
SIM1
SIM2
SIM3
SIM4
1
21
22
SIM5
SIM1
SIM2
SIM3
SIM4
1
21
22
SIM5
SIM1
SIM2
SIM3
SIM4
1
21
22
SIM5
SIM1
SIM2
SIM3
SIM4
1
21
22
SIM5
SIM1
SIM2
SIM3
SIM4
1
21
22
SIM5
SIM1
SIM2
SIM3
SIM4
1
21
22
SIM5
SIM1
SIM2
SIM3
SIM4
1
21
22
SIM5
SIM1
SIM2
SIM3
SIM4
1
21
22
SIM5
SIM1
SIM2
SIM3
SIM4
1
21
22
SIM5
SIM1
SIM2
SIM3
SIM4
1
21
22
SIM5
SIM1
SIM2
SIM3
SIM4
1
21
22
SIM5
SIM1
SIM2
SIM3
SIM4
1
21
22
SIM5
SIM1
SIM2
SIM3
SIM4
1
21
22
SIM5
SIM1
SIM2
SIM3
SIM4
1
21
22
SIM5
SIM1
SIM2
SIM3
SIM4
1
21
22
SIM5
SIM1
SIM2
SIM3
SIM4
1
21
22
SIM5
SIM1
SIM2
SIM3
SIM4
1
21
22
SIM5
SIM1
SIM2
SIM3
SIM4
1
21
22
SIM5
SIM1
SIM2
SIM3
SIM4
1
21
22
SIM5
SIM1
SIM2
SIM3
SIM4
1
21
22
SIM5
SIM1
SIM2
SIM3
SIM4
1
21
22
SIM5
SIM1
SIM2
SIM3
SIM4
1
21
22
SIM5
SIM1
SIM2
SIM3
SIM4
1
21
22
SIM5
SIM1
SIM2
SIM3
SIM4
1
21
22
SIM5
SIM1
SIM2
SIM3
SIM4
1
21
22
SIM5
SIM1
SIM2
SIM3
SIM4
1
21
22
SIM5
SIM1
SIM2
SIM3
SIM4
1
21
22
SIM5
SIM1
SIM2
SIM3
SIM4
1
21
22
SIM5
SIM1
SIM2
SIM3
SIM4
1
21
22
SIM5
SIM1
SIM2
SIM3
SIM4
1
21
22
SIM5
SIM1
SIM2
SIM3
SIM4
1
21
22
SIM5
SIM1
SIM2
SIM3
SIM4
1
21
22
SIM5
SIM1
SIM2
SIM3
SIM4
1
21
22
SIM5
SIM1
SIM2
SIM3
SIM4
1
21
22
SIM5
SIM1
SIM2
SIM3
SIM4
1
21
22
SIM5
SIM1
SIM2
SIM3
SIM4
1
21
22
SIM5
SIM1
SIM2
SIM3
SIM4
1
21
22
SIM5
SIM1
SIM2
SIM3
SIM4
1
21
22
SIM5
SIM1
SIM2
SIM3
SIM4
1
21
22
SIM5
SIM1
SIM2
SIM3
SIM4
1
21
22
SIM5
SIM1
SIM2
SIM3
SIM4
1
21
22
SIM5
SIM1
SIM2
SIM3
SIM4
1
21
22
SIM5
SIM1
SIM2
SIM3
SIM4
1
21
22
SIM5
SIM1
SIM2
SIM3
SIM4
1
21
22
SIM5
SIM1
SIM2
SIM3
SIM4
1
21
22
SIM5
SIM1
SIM2
SIM3
SIM4
1
21
22
SIM5
SIM1
SIM2
SIM3
SIM4
1
21
22
SIM5
SIM1
SIM2
SIM3
SIM4
1
21
22
SIM5
SIM1
SIM2
SIM3
SIM4
1
21
22
SIM5
SIM1
SIM2
SIM3
SIM4
1
21
22
SIM5
SIM1
SIM2
SIM3
SIM4
1
21
22
SIM5
SIM1
SIM2
SIM3
SIM4
1
21
22
SIM5
SIM1
SIM2
SIM3
SIM4
1
21
22
SIM5
SIM1
SIM2
SIM3
SIM4
1
21
22
SIM5
SIM1
SIM2
SIM3
SIM4
1
21
22
SIM5
SIM1
SIM2
SIM3
SIM4
1
21
22
SIM5
SIM1
SIM2
SIM3
SIM4
1
21
22
SIM5
SIM1
SIM2
SIM3
SIM4
1
21
22
SIM5
SIM1
SIM2
SIM3
SIM4
1
21
22
SIM5
SIM1
SIM2
SIM3
SIM4
1
21
22
SIM5
SIM1
SIM2
SIM3
SIM4
1
21
22
SIM5
SIM1
SIM2
SIM3
SIM4
1
21
22
SIM5
SIM1
SIM2
SIM3
SIM4
1
21
22
SIM5
SIM1
SIM2
SIM3
SIM4
1
21
22
SIM5
SIM1
SIM2
SIM3
SIM4
1
21
22
SIM5
SIM1
SIM2
SIM3
SIM4
1
21
22
SIM5
SIM1
SIM2
SIM3
SIM4
1
21
22
SIM5
SIM1
SIM2
SIM3
SIM4
1
21
22
SIM5
SIM1
SIM2
SIM3
SIM4
1
21
22
SIM5
SIM1
SIM2
SIM3
SIM4
1
21
22
SIM5
SIM1
SIM2
SIM3
SIM4
1
21
22
SIM5
SIM1
SIM2
SIM3
SIM4
1
21
22
SIM5
SIM1
SIM2
SIM3
SIM4
1
21
22
SIM5
SIM1
SIM2
SIM3
SIM4
1
21
22
SIM5
SIM1
SIM2
SIM3
SIM4
1
21
22
SIM5
SIM1
SIM2
SIM3
SIM4
1
21
22
SIM5
SIM1
SIM2
SIM3
SIM4
1
21
22
SIM5
SIM1
SIM2
SIM3
SIM4
1
21
22
SIM5
SIM1
SIM2
SIM3
SIM4
1
21
22
SIM5
SIM1
SIM2
SIM3
SIM4
1
21
22
SIM5
SIM1
SIM2
SIM3
SIM4
1
21
22
SIM5
SIM1
SIM2
SIM3
SIM4
1
21
22
SIM5
SIM1
SIM2
SIM3
SIM4
1
21
22
SIM5
SIM1
SIM2
SIM3
SIM4
1
21
22
SIM5
SIM1
SIM2
SIM3
SIM4
1
21
22
SIM5
SIM1
SIM2
SIM3
SIM4
1
21
22
SIM5
SIM1
SIM2
SIM3
SIM4
1
21
22
SIM5
SIM1
SIM2
SIM3
SIM4
1
21
22
SIM5
SIM1
SIM2
SIM3
SIM4
1
21
22
SIM5
SIM1
SIM2
SIM3
SIM4
1
21
22
SIM5
SIM1
SIM2
SIM3
SIM4
1
21
22
SIM5
SIM1
SIM2
SIM3
SIM4
1
21
22
SIM5
SIM1
SIM2
SIM3
SIM4
1
21
22
SIM5
SIM1
SIM2
SIM3
SIM4
1
21
22
SIM5
SIM1
SIM2
SIM3
SIM4
1
21
22
SIM5
SIM1
SIM2
SIM3
SIM4
1
21
22
SIM5
SIM1
SIM2
SIM3
SIM4
1
21
22
SIM5
SIM1
SIM2
SIM3
SIM4
1
21
22
SIM5
SIM1
SIM2
DEBUG 1 337
SIM1
SIM2
SIM3
SIM4
1
21
22
SIM5
SIM1
SIM2
SIM3
SIM4
1
21
22
SIM5
SIM1
SIM2
SIM3
SIM4
1
21
22
SIM5
SIM1
SIM2
SIM3
SIM4
1
21
22
SIM5
SIM1
SIM2
SIM3
SIM4
1
21
22
SIM5
SIM1
SIM2
SIM3
SIM4
1
21
22
SIM5
SIM1
SIM2
SIM3
SIM4
1
21
22
SIM5
SIM1
SIM2
SIM3
SIM4
1
21
22
SIM5
SIM1
SIM2
SIM3
SIM4
1
21
22
SIM5
SIM1
SIM2
SIM3
SIM4
1
21
22
SIM5
SIM1
SIM2
SIM3
SIM4
1
21
22
SIM5
SIM1
SIM2
SIM3
SIM4
1
21
22
SIM5
SIM1
SIM2
SIM3
SIM4
1
21
22
SIM5
SIM1
SIM2
SIM3
SIM4
1
21
22
SIM5
SIM1
SIM2
SIM3
SIM4
1
21
22
SIM5
SIM1
SIM2
SIM3
SIM4
1
21
22
SIM5
SIM1
SIM2
SIM3
SIM4
1
21
22
SIM5
SIM1
SIM2
SIM3
SIM4
1
21
22
SIM5
SIM1
SIM2
SIM3
SIM4
1
21
22
SIM5
SIM1
SIM2
SIM3
SIM4
1
21
22
SIM5
SIM1
SIM2
SIM3
SIM4
1
21
22
SIM5
SIM1
SIM2
SIM3
SIM4
1
21
22
SIM5
SIM1
SIM2
SIM3
SIM4
1
21
22
SIM5
SIM1
SIM2
SIM3
SIM4
1
21
22
SIM5
SIM1
SIM2
SIM3
SIM4
1
21
22
SIM5
SIM1
SIM2
SIM3
SIM4
1
21
22
SIM5
SIM1
SIM2
SIM3
SIM4
1
21
22
SIM5
SIM1
SIM2
SIM3
SIM4
1
21
22
SIM5
SIM1
SIM2
SIM3
SIM4
1
21
22
SIM5
SIM1
SIM2
SIM3
SIM4
1
21
22
SIM5
SIM1
SIM2
SIM3
SIM4
1
21
22
SIM5
SIM1
SIM2
SIM3
SIM4
1
21
22
SIM5
SIM1
SIM2
SIM3
SIM4
1
21
22
SIM5
SIM1
SIM2
SIM3
SIM4
1
21
22
SIM5
SIM1
SIM2
SIM3
SIM4
1
21
22
SIM5
SIM1
SIM2
SIM3
SIM4
1
21
22
SIM5
SIM1
SIM2
SIM3
SIM4
1
21
22
SIM5
SIM1
SIM2
SIM3
SIM4
1
21
22
SIM5
SIM1
SIM2
SIM3
SIM4
1
21
22
SIM5
SIM1
SIM2
SIM3
SIM4
1
21
22
SIM5
SIM1
SIM2
SIM3
SIM4
1
21
22
SIM5
SIM1
SIM2
SIM3
SIM4
1
21
22
SIM5
SIM1
SIM2
SIM3
SIM4
1
21
22
SIM5
SIM1
SIM2
SIM3
SIM4
1
21
22
SIM5
SIM1
SIM2
SIM3
SIM4
1
21
22
SIM5
SIM1
SIM2
SIM3
SIM4
1
21
22
SIM5
SIM1
SIM2
SIM3
SIM4
1
21
22
SIM5
SIM1
SIM2
SIM3
SIM4
1
21
22
SIM5
SIM1
SIM2
SIM3
SIM4
1
21
22
SIM5
SIM1
SIM2
SIM3
SIM4
1
21
22
SIM5
SIM1
SIM2
SIM3
SIM4
1
21
22
SIM5
SIM1
SIM2
SIM3
SIM4
1
21
22
SIM5
SIM1
SIM2
SIM3
SIM4
1
21
22
SIM5
SIM1
SIM2
SIM3
SIM4
1
21
22
SIM5
SIM1
SIM2
SIM3
SIM4
1
21
22
SIM5
SIM1
SIM2
SIM3
SIM4
1
21
22
SIM5
SIM1
SIM2
SIM3
SIM4
1
21
22
SIM5
SIM1
SIM2
SIM3
SIM4
1
21
22
SIM5
SIM1
SIM2
SIM3
SIM4
1
21
22
SIM5
SIM1
SIM2
SIM3
SIM4
1
21
22
SIM5
SIM1
SIM2
SIM3
SIM4
1
21
22
SIM5
SIM1
SIM2
SIM3
SIM4
1
21
22
SIM5
SIM1
SIM2
SIM3
SIM4
1
21
22
SIM5
SIM1
SIM2
SIM3
SIM4
1
21
22
SIM5
SIM1
SIM2
SIM3
SIM4
1
21
22
SIM5
SIM1
SIM2
SIM3
SIM4
1
21
22
SIM5
SIM1
SIM2
SIM3
SIM4
1
21
22
SIM5
SIM1
SIM2
SIM3
SIM4
1
21
22
SIM5
SIM1
SIM2
SIM3
SIM4
1
21
22
SIM5
SIM1
SIM2
SIM3
SIM4
1
21
22
SIM5
SIM1
SIM2
SIM3
SIM4
1
21
22
SIM5
SIM1
SIM2
SIM3
SIM4
1
21
22
SIM5
SIM1
SIM2
SIM3
SIM4
1
21
22
SIM5
SIM1
SIM2
SIM3
SIM4
1
21
22
SIM5
SIM1
SIM2
SIM3
SIM4
1
21
22
SIM5
SIM1
SIM2
SIM3
SIM4
1
21
22
SIM5
SIM1
SIM2
SIM3
SIM4
1
21
22
SIM5
SIM1
SIM2
SIM3
SIM4
1
21
22
SIM5
SIM1
SIM2
SIM3
SIM4
1
21
22
SIM5
SIM1
SIM2
SIM3
SIM4
1
21
22
SIM5
SIM1
SIM2
SIM3
SIM4
1
21
22
SIM5
SIM1
SIM2
SIM3
SIM4
1
21
22
SIM5
SIM1
SIM2
SIM3
SIM4
1
21
22
SIM5
SIM1
SIM2
SIM3
SIM4
1
21
22
SIM5
SIM1
SIM2
SIM3
SIM4
1
21
22
SIM5
SIM1
SIM2
SIM3
SIM4
1
21
22
SIM5
SIM1
SIM2
SIM3
SIM4
1
21
22
SIM5
SIM1
SIM2
SIM3
SIM4
1
21
22
SIM5
SIM1
SIM2
SIM3
SIM4
1
21
22
SIM5
SIM1
SIM2
SIM3
SIM4
1
21
22
SIM5
SIM1
SIM2
SIM3
SIM4
1
21
22
SIM5
SIM1
SIM2
SIM3
SIM4
1
21
22
SIM5
SIM1
SIM2
SIM3
SIM4
1
21
22
SIM5
SIM1
SIM2
SIM3
SIM4
1
21
22
SIM5
SIM1
SIM2
SIM3
SIM4
1
21
22
SIM5
SIM1
SIM2
SIM3
SIM4
1
21
22
SIM5
SIM1
SIM2
SIM3
SIM4
1
21
22
SIM5
SIM1
SIM2
SIM3
SIM4
1
21
22
SIM5
SIM1
SIM2
SIM3
SIM4
1
21
22
SIM5
SIM1
SIM2
SIM3
SIM4
1
21
22
SIM5
SIM1
SIM2
SIM3
SIM4
1
21
22
SIM5
SIM1
SIM2
SIM3
SIM4
1
21
22
SIM5
SIM1
SIM2
SIM3
SIM4
1
21
22
SIM5
SIM1
SIM2
SIM3
SIM4
1
21
22
SIM5
SIM1
SIM2
SIM3
SIM4
1
21
22
SIM5
SIM1
SIM2
SIM3
SIM4
1
21
22
SIM5
SIM1
SIM2
SIM3
SIM4
1
21
22
SIM5
SIM1
SIM2
SIM3
SIM4
1
21
22
SIM5
SIM1
SIM2
SIM3
SIM4
1
21
22
SIM5
SIM1
SIM2
SIM3
SIM4
1
21
22
SIM5
SIM1
SIM2
SIM3
SIM4
1
21
22
SIM5
SIM1
SIM2
SIM3
SIM4
1
21
22
SIM5
SIM1
SIM2
SIM3
SIM4
1
21
22
SIM5
SIM1
SIM2
SIM3
SIM4
1
21
22
SIM5
SIM1
SIM2
SIM3
SIM4
1
21
22
SIM5
SIM1
SIM2
SIM3
SIM4
1
21
22
SIM5
SIM1
SIM2
SIM3
SIM4
1
21
22
SIM5
SIM1
SIM2
SIM3
SIM4
1
21
22
SIM5
SIM1
SIM2
SIM3
SIM4
1
21
22
SIM5
SIM1
SIM2
SIM3
SIM4
1
21
22
SIM5
SIM1
SIM2
SIM3
SIM4
1
21
22
SIM5
SIM1
SIM2
SIM3
SIM4
1
21
22
SIM5
SIM1
SIM2
SIM3
SIM4
1
21
22
SIM5
SIM1
SIM2
SIM3
SIM4
1
21
22
SIM5
SIM1
SIM2
SIM3
SIM4
1
21
22
SIM5
SIM1
SIM2
SIM3
SIM4
1
21
22
SIM5
SIM1
SIM2
SIM3
SIM4
1
21
22
SIM5
SIM1
SIM2
SIM3
SIM4
1
21
22
SIM5
SIM1
SIM2
SIM3
SIM4
1
21
22
SIM5
SIM1
SIM2
SIM3
SIM4
1
21
22
SIM5
SIM1
SIM2
SIM3
SIM4
1
21
22
SIM5
SIM1
SIM2
SIM3
SIM4
1
21
22
SIM5
SIM1
SIM2
SIM3
SIM4
1
21
22
SIM5
SIM1
SIM2
SIM3
SIM4
1
21
22
SIM5
SIM1
SIM2
SIM3
SIM4
1
21
22
SIM5
SIM1
SIM2
SIM3
SIM4
1
21
22
SIM5
SIM1
SIM2
SIM3
SIM4
1
21
22
SIM5
SIM1
SIM2
SIM3
SIM4
1
21
22
SIM5
SIM1
SIM2
SIM3
SIM4
1
21
22
SIM5
SIM1
SIM2
SIM3
SIM4
1
21
22
SIM5
SIM1
SIM2
SIM3
SIM4
1
21
22
SIM5
SIM1
SIM2
SIM3
SIM4
1
21
22
SIM5
SIM1
SIM2
SIM3
SIM4
1
21
22
SIM5
SIM1
SIM2
SIM3
SIM4
1
21
22
SIM5
SIM1
SIM2
SIM3
SIM4
1
21
22
SIM5
SIM1
SIM2
SIM3
SIM4
1
21
22
SIM5
SIM1
SIM2
SIM3
SIM4
1
21
22
SIM5
SIM1
SIM2
SIM3
SIM4
1
21
22
SIM5
SIM1
SIM2
SIM3
SIM4
1
21
22
SIM5
SIM1
SIM2
SIM3
SIM4
1
21
22
SIM5
SIM1
SIM2
SIM3
SIM4
1
21
22
SIM5
SIM1
SIM2
SIM3
SIM4
1
21
22
SIM5
SIM1
SIM2
SIM3
SIM4
1
21
22
SIM5
SIM1
SIM2
SIM3
SIM4
1
21
22
SIM5
SIM1
SIM2
SIM3
SIM4
1
21
22
SIM5
SIM1
SIM2
SIM3
SIM4
1
21
22
SIM5
SIM1
SIM2
SIM3
SIM4
1
21
22
SIM5
SIM1
SIM2
SIM3
SIM4
1
21
22
SIM5
SIM1
SIM2
SIM3
SIM4
1
21
22
SIM5
SIM1
SIM2
SIM3
SIM4
1
21
22
SIM5
SIM1
SIM2
SIM3
SIM4
1
21
22
SIM5
SIM1
SIM2
SIM3
SIM4
1
21
22
SIM5
SIM1
SIM2
SIM3
SIM4
1
21
22
SIM5
SIM1
SIM2
SIM3
SIM4
1
21
22
SIM5
SIM1
SIM2
SIM3
SIM4
1
21
22
SIM5
SIM1
SIM2
SIM3
SIM4
1
21
22
SIM5
SIM1
SIM2
SIM3
SIM4
1
21
22
SIM5
SIM1
SIM2
SIM3
SIM4
1
21
22
SIM5
SIM1
SIM2
SIM3
SIM4
1
21
22
SIM5
SIM1
SIM2
SIM3
SIM4
1
21
22
SIM5
SIM1
SIM2
SIM3
SIM4
1
21
22
SIM5
SIM1
SIM2
SIM3
SIM4
1
21
22
SIM5
SIM1
SIM2
SIM3
SIM4
1
21
22
SIM5
SIM1
SIM2
SIM3
SIM4
1
21
22
SIM5
SIM1
SIM2
SIM3
SIM4
1
21
22
SIM5
SIM1
SIM2
SIM3
SIM4
1
21
22
SIM5
SIM1
SIM2
SIM3
SIM4
1
21
22
SIM5
SIM1
SIM2
SIM3
SIM4
1
21
22
SIM5
SIM1
SIM2
SIM3
SIM4
1
21
22
SIM5
SIM1
SIM2
SIM3
SIM4
1
21
22
SIM5
SIM1
SIM2
SIM3
SIM4
1
21
22
SIM5
SIM1
SIM2
SIM3
SIM4
1
21
22
SIM5
SIM1
SIM2
SIM3
SIM4
1
21
22
SIM5
SIM1
SIM2
SIM3
SIM4
1
21
22
SIM5
SIM1
SIM2
SIM3
SIM4
1
21
22
SIM5
SIM1
SIM2
SIM3
SIM4
1
21
22
SIM5
SIM1
SIM2
SIM3
SIM4
1
21
22
SIM5
SIM1
SIM2
SIM3
SIM4
1
21
22
SIM5
SIM1
SIM2
SIM3
SIM4
1
21
22
SIM5
SIM1
SIM2
SIM3
SIM4
1
21
22
SIM5
SIM1
SIM2
SIM3
SIM4
1
21
22
SIM5
SIM1
SIM2
SIM3
SIM4
1
21
22
SIM5
SIM1
SIM2
SIM3
SIM4
1
21
22
SIM5
SIM1
SIM2
SIM3
SIM4
1
21
22
SIM5
SIM1
SIM2
SIM3
SIM4
1
21
22
SIM5
SIM1
SIM2
SIM3
SIM4
1
21
22
SIM5
SIM1
SIM2
SIM3
SIM4
1
21
22
SIM5
SIM1
SIM2
SIM3
SIM4
1
21
22
SIM5
SIM1
SIM2
SIM3
SIM4
1
21
22
SIM5
SIM1
SIM2
SIM3
SIM4
1
21
22
SIM5
SIM1
SIM2
SIM3
SIM4
1
21
22
SIM5
SIM1
SIM2
SIM3
SIM4
1
21
22
SIM5
SIM1
SIM2
SIM3
SIM4
1
21
22
SIM5
SIM1
SIM2
SIM3
SIM4
1
21
22
SIM5
SIM1
SIM2
SIM3
SIM4
1
21
22
SIM5
SIM1
SIM2
SIM3
SIM4
1
21
22
SIM5
SIM1
SIM2
SIM3
SIM4
1
21
22
SIM5
SIM1
SIM2
SIM3
SIM4
1
21
22
SIM5
SIM1
SIM2
SIM3
SIM4
1
21
22
SIM5
SIM1
SIM2
SIM3
SIM4
1
21
22
SIM5
SIM1
SIM2
SIM3
SIM4
1
21
22
SIM5
SIM1
SIM2
SIM3
SIM4
1
21
22
SIM5
SIM1
SIM2
SIM3
SIM4
1
21
22
SIM5
SIM1
SIM2
SIM3
SIM4
1
21
22
SIM5
SIM1
SIM2
SIM3
SIM4
1
21
22
SIM5
SIM1
SIM2
SIM3
SIM4
1
21
22
SIM5
SIM1
SIM2
SIM3
SIM4
1
21
22
SIM5
SIM1
SIM2
SIM3
SIM4
1
21
22
SIM5
SIM1
SIM2
SIM3
SIM4
1
21
22
SIM5
SIM1
SIM2
SIM3
SIM4
1
21
22
SIM5
SIM1
SIM2
SIM3
SIM4
1
21
22
SIM5
SIM1
SIM2
SIM3
SIM4
1
21
22
SIM5
SIM1
SIM2
SIM3
SIM4
1
21
22
SIM5
SIM1
SIM2
SIM3
SIM4
1
21
22
SIM5
SIM1
SIM2
SIM3
SIM4
1
21
22
SIM5
SIM1
SIM2
SIM3
SIM4
1
21
22
SIM5
SIM1
SIM2
SIM3
SIM4
1
21
22
SIM5
SIM1
SIM2
SIM3
SIM4
1
21
22
SIM5
SIM1
SIM2
SIM3
SIM4
1
21
22
SIM5
SIM1
SIM2
SIM3
SIM4
1
21
22
SIM5
SIM1
SIM2
SIM3
SIM4
1
21
22
SIM5
SIM1
SIM2
SIM3
SIM4
1
21
22
SIM5
SIM1
SIM2
SIM3
SIM4
1
21
22
SIM5
SIM1
SIM2
SIM3
SIM4
1
21
22
SIM5
SIM1
SIM2
SIM3
SIM4
1
21
22
SIM5
SIM1
SIM2
SIM3
SIM4
1
21
22
SIM5
SIM1
SIM2
SIM3
SIM4
1
21
22
SIM5
SIM1
SIM2
SIM3
SIM4
1
21
22
SIM5
SIM1
SIM2
SIM3
SIM4
1
21
22
SIM5
SIM1
SIM2
SIM3
SIM4
1
21
22
SIM5
SIM1
SIM2
SIM3
SIM4
1
21
22
SIM5
SIM1
SIM2
SIM3
SIM4
1
21
22
SIM5
SIM1
SIM2
SIM3
SIM4
1
21
22
SIM5
SIM1
SIM2
SIM3
SIM4
1
21
22
SIM5
SIM1
SIM2
SIM3
SIM4
1
21
22
SIM5
SIM1
SIM2
SIM3
SIM4
1
21
22
SIM5
SIM1
SIM2
DEBUG 1 338
SIM1
SIM2
SIM3
SIM4
1
21
22
SIM5
SIM1
SIM2
SIM3
SIM4
1
21
22
SIM5
SIM1
SIM2
SIM3
SIM4
1
21
22
SIM5
SIM1
SIM2
SIM3
SIM4
1
21
22
SIM5
SIM1
SIM2
SIM3
SIM4
1
21
22
SIM5
SIM1
SIM2
SIM3
SIM4
1
21
22
SIM5
SIM1
SIM2
SIM3
SIM4
1
21
22
SIM5
SIM1
SIM2
SIM3
SIM4
1
21
22
SIM5
SIM1
SIM2
SIM3
SIM4
1
21
22
SIM5
SIM1
SIM2
SIM3
SIM4
1
21
22
SIM5
SIM1
SIM2
SIM3
SIM4
1
21
22
SIM5
SIM1
SIM2
SIM3
SIM4
1
21
22
SIM5
SIM1
SIM2
SIM3
SIM4
1
21
22
SIM5
SIM1
SIM2
SIM3
SIM4
1
21
22
SIM5
SIM1
SIM2
SIM3
SIM4
1
21
22
SIM5
SIM1
SIM2
SIM3
SIM4
1
21
22
SIM5
SIM1
SIM2
SIM3
SIM4
1
21
22
SIM5
SIM1
SIM2
SIM3
SIM4
1
21
22
SIM5
SIM1
SIM2
SIM3
SIM4
1
21
22
SIM5
SIM1
SIM2
SIM3
SIM4
1
21
22
SIM5
SIM1
SIM2
SIM3
SIM4
1
21
22
SIM5
SIM1
SIM2
SIM3
SIM4
1
21
22
SIM5
SIM1
SIM2
SIM3
SIM4
1
21
22
SIM5
SIM1
SIM2
SIM3
SIM4
1
21
22
SIM5
SIM1
SIM2
SIM3
SIM4
1
21
22
SIM5
SIM1
SIM2
SIM3
SIM4
1
21
22
SIM5
SIM1
SIM2
SIM3
SIM4
1
21
22
SIM5
SIM1
SIM2
SIM3
SIM4
1
21
22
SIM5
SIM1
SIM2
SIM3
SIM4
1
21
22
SIM5
SIM1
SIM2
SIM3
SIM4
1
21
22
SIM5
SIM1
SIM2
SIM3
SIM4
1
21
22
SIM5
SIM1
SIM2
SIM3
SIM4
1
21
22
SIM5
SIM1
SIM2
SIM3
SIM4
1
21
22
SIM5
SIM1
SIM2
SIM3
SIM4
1
21
22
SIM5
SIM1
SIM2
SIM3
SIM4
1
21
22
SIM5
SIM1
SIM2
SIM3
SIM4
1
21
22
SIM5
SIM1
SIM2
SIM3
SIM4
1
21
22
SIM5
SIM1
SIM2
SIM3
SIM4
1
21
22
SIM5
SIM1
SIM2
SIM3
SIM4
1
21
22
SIM5
SIM1
SIM2
SIM3
SIM4
1
21
22
SIM5
SIM1
SIM2
SIM3
SIM4
1
21
22
SIM5
SIM1
SIM2
SIM3
SIM4
1
21
22
SIM5
SIM1
SIM2
SIM3
SIM4
1
21
22
SIM5
SIM1
SIM2
SIM3
SIM4
1
21
22
SIM5
SIM1
SIM2
SIM3
SIM4
1
21
22
SIM5
SIM1
SIM2
SIM3
SIM4
1
21
22
SIM5
SIM1
SIM2
SIM3
SIM4
1
21
22
SIM5
SIM1
SIM2
SIM3
SIM4
1
21
22
SIM5
SIM1
SIM2
SIM3
SIM4
1
21
22
SIM5
SIM1
SIM2
SIM3
SIM4
1
21
22
SIM5
SIM1
SIM2
SIM3
SIM4
1
21
22
SIM5
SIM1
SIM2
SIM3
SIM4
1
21
22
SIM5
SIM1
SIM2
SIM3
SIM4
1
21
22
SIM5
SIM1
SIM2
SIM3
SIM4
1
21
22
SIM5
SIM1
SIM2
SIM3
SIM4
1
21
22
SIM5
SIM1
SIM2
SIM3
SIM4
1
21
22
SIM5
SIM1
SIM2
SIM3
SIM4
1
21
22
SIM5
SIM1
SIM2
SIM3
SIM4
1
21
22
SIM5
SIM1
SIM2
SIM3
SIM4
1
21
22
SIM5
SIM1
SIM2
SIM3
SIM4
1
21
22
SIM5
SIM1
SIM2
SIM3
SIM4
1
21
22
SIM5
SIM1
SIM2
SIM3
SIM4
1
21
22
SIM5
SIM1
SIM2
SIM3
SIM4
1
21
22
SIM5
SIM1
SIM2
SIM3
SIM4
1
21
22
SIM5
SIM1
SIM2
SIM3
SIM4
1
21
22
SIM5
SIM1
SIM2
SIM3
SIM4
1
21
22
SIM5
SIM1
SIM2
SIM3
SIM4
1
21
22
SIM5
SIM1
SIM2
SIM3
SIM4
1
21
22
SIM5
SIM1
SIM2
SIM3
SIM4
1
21
22
SIM5
SIM1
SIM2
SIM3
SIM4
1
21
22
SIM5
SIM1
SIM2
SIM3
SIM4
1
21
22
SIM5
SIM1
SIM2
SIM3
SIM4
1
21
22
SIM5
SIM1
SIM2
SIM3
SIM4
1
21
22
SIM5
SIM1
SIM2
SIM3
SIM4
1
21
22
SIM5
SIM1
SIM2
SIM3
SIM4
1
21
22
SIM5
SIM1
SIM2
SIM3
SIM4
1
21
22
SIM5
SIM1
SIM2
SIM3
SIM4
1
21
22
SIM5
SIM1
SIM2
SIM3
SIM4
1
21
22
SIM5
SIM1
SIM2
SIM3
SIM4
1
21
22
SIM5
SIM1
SIM2
SIM3
SIM4
1
21
22
SIM5
SIM1
SIM2
SIM3
SIM4
1
21
22
SIM5
SIM1
SIM2
SIM3
SIM4
1
21
22
SIM5
SIM1
SIM2
SIM3
SIM4
1
21
22
SIM5
SIM1
SIM2
SIM3
SIM4
1
21
22
SIM5
SIM1
SIM2
SIM3
SIM4
1
21
22
SIM5
SIM1
SIM2
SIM3
SIM4
1
21
22
SIM5
SIM1
SIM2
SIM3
SIM4
1
21
22
SIM5
SIM1
SIM2
SIM3
SIM4
1
21
22
SIM5
SIM1
SIM2
SIM3
SIM4
1
21
22
SIM5
SIM1
SIM2
SIM3
SIM4
1
21
22
SIM5
SIM1
SIM2
SIM3
SIM4
1
21
22
SIM5
SIM1
SIM2
SIM3
SIM4
1
21
22
SIM5
SIM1
SIM2
SIM3
SIM4
1
21
22
SIM5
SIM1
SIM2
SIM3
SIM4
1
21
22
SIM5
SIM1
SIM2
SIM3
SIM4
1
21
22
SIM5
SIM1
SIM2
SIM3
SIM4
1
21
22
SIM5
SIM1
SIM2
SIM3
SIM4
1
21
22
SIM5
SIM1
SIM2
SIM3
SIM4
1
21
22
SIM5
SIM1
SIM2
SIM3
SIM4
1
21
22
SIM5
SIM1
SIM2
SIM3
SIM4
1
21
22
SIM5
SIM1
SIM2
SIM3
SIM4
1
21
22
SIM5
SIM1
SIM2
SIM3
SIM4
1
21
22
SIM5
SIM1
SIM2
SIM3
SIM4
1
21
22
SIM5
SIM1
SIM2
SIM3
SIM4
1
21
22
SIM5
SIM1
SIM2
SIM3
SIM4
1
21
22
SIM5
SIM1
SIM2
SIM3
SIM4
1
21
22
SIM5
SIM1
SIM2
SIM3
SIM4
1
21
22
SIM5
SIM1
SIM2
SIM3
SIM4
1
21
22
SIM5
SIM1
SIM2
SIM3
SIM4
1
21
22
SIM5
SIM1
SIM2
SIM3
SIM4
1
21
22
SIM5
SIM1
SIM2
SIM3
SIM4
1
21
22
SIM5
SIM1
SIM2
SIM3
SIM4
1
21
22
SIM5
SIM1
SIM2
SIM3
SIM4
1
21
22
SIM5
SIM1
SIM2
SIM3
SIM4
1
21
22
SIM5
SIM1
SIM2
SIM3
SIM4
1
21
22
SIM5
SIM1
SIM2
SIM3
SIM4
1
21
22
SIM5
SIM1
SIM2
SIM3
SIM4
1
21
22
SIM5
SIM1
SIM2
SIM3
SIM4
1
21
22
SIM5
SIM1
SIM2
SIM3
SIM4
1
21
22
SIM5
SIM1
SIM2
SIM3
SIM4
1
21
22
SIM5
SIM1
SIM2
SIM3
SIM4
1
21
22
SIM5
SIM1
SIM2
SIM3
SIM4
1
21
22
SIM5
SIM1
SIM2
SIM3
SIM4
1
21
22
SIM5
SIM1
SIM2
SIM3
SIM4
1
21
22
SIM5
SIM1
SIM2
SIM3
SIM4
1
21
22
SIM5
SIM1
SIM2
SIM3
SIM4
1
21
22
SIM5
SIM1
SIM2
SIM3
SIM4
1
21
22
SIM5
SIM1
SIM2
SIM3
SIM4
1
21
22
SIM5
SIM1
SIM2
SIM3
SIM4
1
21
22
SIM5
SIM1
SIM2
SIM3
SIM4
1
21
22
SIM5
SIM1
SIM2
SIM3
SIM4
1
21
22
SIM5
SIM1
SIM2
SIM3
SIM4
1
21
22
SIM5
SIM1
SIM2
SIM3
SIM4
1
21
22
SIM5
SIM1
SIM2
SIM3
SIM4
1
21
22
SIM5
SIM1
SIM2
SIM3
SIM4
1
21
22
SIM5
SIM1
SIM2
SIM3
SIM4
1
21
22
SIM5
SIM1
SIM2
SIM3
SIM4
1
21
22
SIM5
SIM1
SIM2
SIM3
SIM4
1
21
22
SIM5
SIM1
SIM2
SIM3
SIM4
1
21
22
SIM5
SIM1
SIM2
SIM3
SIM4
1
21
22
SIM5
SIM1
SIM2
SIM3
SIM4
1
21
22
SIM5
SIM1
SIM2
SIM3
SIM4
1
21
22
SIM5
SIM1
SIM2
SIM3
SIM4
1
21
22
SIM5
SIM1
SIM2
SIM3
SIM4
1
21
22
SIM5
SIM1
SIM2
SIM3
SIM4
1
21
22
SIM5
SIM1
SIM2
SIM3
SIM4
1
21
22
SIM5
SIM1
SIM2
SIM3
SIM4
1
21
22
SIM5
SIM1
SIM2
SIM3
SIM4
1
21
22
SIM5
SIM1
SIM2
SIM3
SIM4
1
21
22
SIM5
SIM1
SIM2
SIM3
SIM4
1
21
22
SIM5
SIM1
SIM2
SIM3
SIM4
1
21
22
SIM5
SIM1
SIM2
SIM3
SIM4
1
21
22
SIM5
SIM1
SIM2
SIM3
SIM4
1
21
22
SIM5
SIM1
SIM2
SIM3
SIM4
1
21
22
SIM5
SIM1
SIM2
SIM3
SIM4
1
21
22
SIM5
SIM1
SIM2
SIM3
SIM4
1
21
22
SIM5
SIM1
SIM2
SIM3
SIM4
1
21
22
SIM5
SIM1
SIM2
SIM3
SIM4
1
21
22
SIM5
SIM1
SIM2
SIM3
SIM4
1
21
22
SIM5
SIM1
SIM2
SIM3
SIM4
1
21
22
SIM5
SIM1
SIM2
SIM3
SIM4
1
21
22
SIM5
SIM1
SIM2
SIM3
SIM4
1
21
22
SIM5
SIM1
SIM2
SIM3
SIM4
1
21
22
SIM5
SIM1
SIM2
SIM3
SIM4
1
21
22
SIM5
SIM1
SIM2
SIM3
SIM4
1
21
22
SIM5
SIM1
SIM2
DEBUG 1 339
SIM1
SIM2
SIM3
SIM4
1
21
22
SIM5
SIM1
SIM2
SIM3
SIM4
1
21
22
SIM5
SIM1
SIM2
SIM3
SIM4
1
21
22
SIM5
SIM1
SIM2
SIM3
SIM4
1
21
22
SIM5
SIM1
SIM2
SIM3
SIM4
1
21
22
SIM5
SIM1
SIM2
SIM3
SIM4
1
21
22
SIM5
SIM1
SIM2
SIM3
SIM4
1
21
22
SIM5
SIM1
SIM2
SIM3
SIM4
1
21
22
SIM5
SIM1
SIM2
SIM3
SIM4
1
21
22
SIM5
SIM1
SIM2
SIM3
SIM4
1
21
22
SIM5
SIM1
SIM2
SIM3
SIM4
1
21
22
SIM5
SIM1
SIM2
SIM3
SIM4
1
21
22
SIM5
SIM1
SIM2
SIM3
SIM4
1
21
22
SIM5
SIM1
SIM2
SIM3
SIM4
1
21
22
SIM5
SIM1
SIM2
SIM3
SIM4
1
21
22
SIM5
SIM1
SIM2
SIM3
SIM4
1
21
22
SIM5
SIM1
SIM2
SIM3
SIM4
1
21
22
SIM5
SIM1
SIM2
SIM3
SIM4
1
21
22
SIM5
SIM1
SIM2
SIM3
SIM4
1
21
22
SIM5
SIM1
SIM2
SIM3
SIM4
1
21
22
SIM5
SIM1
SIM2
SIM3
SIM4
1
21
22
SIM5
SIM1
SIM2
SIM3
SIM4
1
21
22
SIM5
SIM1
SIM2
SIM3
SIM4
1
21
22
SIM5
SIM1
SIM2
SIM3
SIM4
1
21
22
SIM5
SIM1
SIM2
SIM3
SIM4
1
21
22
SIM5
SIM1
SIM2
SIM3
SIM4
1
21
22
SIM5
SIM1
SIM2
SIM3
SIM4
1
21
22
SIM5
SIM1
SIM2
SIM3
SIM4
1
21
22
SIM5
SIM1
SIM2
SIM3
SIM4
1
21
22
SIM5
SIM1
SIM2
SIM3
SIM4
1
21
22
SIM5
SIM1
SIM2
SIM3
SIM4
1
21
22
SIM5
SIM1
SIM2
SIM3
SIM4
1
21
22
SIM5
SIM1
SIM2
SIM3
SIM4
1
21
22
SIM5
SIM1
SIM2
SIM3
SIM4
1
21
22
SIM5
SIM1
SIM2
SIM3
SIM4
1
21
22
SIM5
SIM1
SIM2
SIM3
SIM4
1
21
22
SIM5
SIM1
SIM2
SIM3
SIM4
1
21
22
SIM5
SIM1
SIM2
SIM3
SIM4
1
21
22
SIM5
SIM1
SIM2
SIM3
SIM4
1
21
22
SIM5
SIM1
SIM2
SIM3
SIM4
1
21
22
SIM5
SIM1
SIM2
SIM3
SIM4
1
21
22
SIM5
SIM1
SIM2
SIM3
SIM4
1
21
22
SIM5
SIM1
SIM2
SIM3
SIM4
1
21
22
SIM5
SIM1
SIM2
SIM3
SIM4
1
21
22
SIM5
SIM1
SIM2
SIM3
SIM4
1
21
22
SIM5
SIM1
SIM2
SIM3
SIM4
1
21
22
SIM5
SIM1
SIM2
SIM3
SIM4
1
21
22
SIM5
SIM1
SIM2
SIM3
SIM4
1
21
22
SIM5
SIM1
SIM2
SIM3
SIM4
1
21
22
SIM5
SIM1
SIM2
SIM3
SIM4
1
21
22
SIM5
SIM1
SIM2
SIM3
SIM4
1
21
22
SIM5
SIM1
SIM2
SIM3
SIM4
1
21
22
SIM5
SIM1
SIM2
SIM3
SIM4
1
21
22
SIM5
SIM1
SIM2
SIM3
SIM4
1
21
22
SIM5
SIM1
SIM2
SIM3
SIM4
1
21
22
SIM5
SIM1
SIM2
SIM3
SIM4
1
21
22
SIM5
SIM1
SIM2
SIM3
SIM4
1
21
22
SIM5
SIM1
SIM2
SIM3
SIM4
1
21
22
SIM5
SIM1
SIM2
SIM3
SIM4
1
21
22
SIM5
SIM1
SIM2
SIM3
SIM4
1
21
22
SIM5
SIM1
SIM2
SIM3
SIM4
1
21
22
SIM5
SIM1
SIM2
SIM3
SIM4
1
21
22
SIM5
SIM1
SIM2
SIM3
SIM4
1
21
22
SIM5
SIM1
SIM2
SIM3
SIM4
1
21
22
SIM5
SIM1
SIM2
SIM3
SIM4
1
21
22
SIM5
SIM1
SIM2
SIM3
SIM4
1
21
22
SIM5
SIM1
SIM2
SIM3
SIM4
1
21
22
SIM5
SIM1
SIM2
SIM3
SIM4
1
21
22
SIM5
SIM1
SIM2
SIM3
SIM4
1
21
22
SIM5
SIM1
SIM2
SIM3
SIM4
1
21
22
SIM5
SIM1
SIM2
SIM3
SIM4
1
21
22
SIM5
SIM1
SIM2
SIM3
SIM4
1
21
22
SIM5
SIM1
SIM2
SIM3
SIM4
1
21
22
SIM5
SIM1
SIM2
SIM3
SIM4
1
21
22
SIM5
SIM1
SIM2
SIM3
SIM4
1
21
22
SIM5
SIM1
SIM2
SIM3
SIM4
1
21
22
SIM5
SIM1
SIM2
SIM3
SIM4
1
21
22
SIM5
SIM1
SIM2
SIM3
SIM4
1
21
22
SIM5
SIM1
SIM2
SIM3
SIM4
1
21
22
SIM5
SIM1
SIM2
SIM3
SIM4
1
21
22
SIM5
SIM1
SIM2
SIM3
SIM4
1
21
22
SIM5
SIM1
SIM2
SIM3
SIM4
1
21
22
SIM5
SIM1
SIM2
SIM3
SIM4
1
21
22
SIM5
SIM1
SIM2
SIM3
SIM4
1
21
22
SIM5
SIM1
SIM2
SIM3
SIM4
1
21
22
SIM5
SIM1
SIM2
SIM3
SIM4
1
21
22
SIM5
SIM1
SIM2
SIM3
SIM4
1
21
22
SIM5
SIM1
SIM2
SIM3
SIM4
1
21
22
SIM5
SIM1
SIM2
SIM3
SIM4
1
21
22
SIM5
SIM1
SIM2
SIM3
SIM4
1
21
22
SIM5
SIM1
SIM2
SIM3
SIM4
1
21
22
SIM5
SIM1
SIM2
SIM3
SIM4
1
21
22
SIM5
SIM1
SIM2
SIM3
SIM4
1
21
22
SIM5
SIM1
SIM2
SIM3
SIM4
1
21
22
SIM5
SIM1
SIM2
SIM3
SIM4
1
21
22
SIM5
SIM1
SIM2
SIM3
SIM4
1
21
22
SIM5
SIM1
SIM2
SIM3
SIM4
1
21
22
SIM5
SIM1
SIM2
SIM3
SIM4
1
21
22
SIM5
SIM1
SIM2
SIM3
SIM4
1
21
22
SIM5
SIM1
SIM2
SIM3
SIM4
1
21
22
SIM5
SIM1
SIM2
SIM3
SIM4
1
21
22
SIM5
SIM1
SIM2
SIM3
SIM4
1
21
22
SIM5
SIM1
SIM2
SIM3
SIM4
1
21
22
SIM5
SIM1
SIM2
SIM3
SIM4
1
21
22
SIM5
SIM1
SIM2
SIM3
SIM4
1
21
22
SIM5
SIM1
SIM2
SIM3
SIM4
1
21
22
SIM5
SIM1
SIM2
SIM3
SIM4
1
21
22
SIM5
SIM1
SIM2
SIM3
SIM4
1
21
22
SIM5
SIM1
SIM2
SIM3
SIM4
1
21
22
SIM5
SIM1
SIM2
SIM3
SIM4
1
21
22
SIM5
SIM1
SIM2
SIM3
SIM4
1
21
22
SIM5
SIM1
SIM2
SIM3
SIM4
1
21
22
SIM5
SIM1
SIM2
SIM3
SIM4
1
21
22
SIM5
SIM1
SIM2
SIM3
SIM4
1
21
22
SIM5
SIM1
SIM2
SIM3
SIM4
1
21
22
SIM5
SIM1
SIM2
SIM3
SIM4
1
21
22
SIM5
SIM1
SIM2
SIM3
SIM4
1
21
22
SIM5
SIM1
SIM2
SIM3
SIM4
1
21
22
SIM5
SIM1
SIM2
SIM3
SIM4
1
21
22
SIM5
SIM1
SIM2
SIM3
SIM4
1
21
22
SIM5
SIM1
SIM2
SIM3
SIM4
1
21
22
SIM5
SIM1
SIM2
SIM3
SIM4
1
21
22
SIM5
SIM1
SIM2
SIM3
SIM4
1
21
22
SIM5
SIM1
SIM2
SIM3
SIM4
1
21
22
SIM5
SIM1
SIM2
SIM3
SIM4
1
21
22
SIM5
SIM1
SIM2
SIM3
SIM4
1
21
22
SIM5
SIM1
SIM2
DEBUG 1 340
SIM1
SIM2
SIM3
SIM4
1
21
22
SIM5
SIM1
SIM2
SIM3
SIM4
1
21
22
SIM5
SIM1
SIM2
SIM3
SIM4
1
21
22
SIM5
SIM1
SIM2
SIM3
SIM4
1
21
22
SIM5
SIM1
SIM2
SIM3
SIM4
1
21
22
SIM5
SIM1
SIM2
SIM3
SIM4
1
21
22
SIM5
SIM1
SIM2
SIM3
SIM4
1
21
22
SIM5
SIM1
SIM2
SIM3
SIM4
1
21
22
SIM5
SIM1
SIM2
SIM3
SIM4
1
21
22
SIM5
SIM1
SIM2
SIM3
SIM4
1
21
22
SIM5
SIM1
SIM2
SIM3
SIM4
1
21
22
SIM5
SIM1
SIM2
SIM3
SIM4
1
21
22
SIM5
SIM1
SIM2
SIM3
SIM4
1
21
22
SIM5
SIM1
SIM2
SIM3
SIM4
1
21
22
SIM5
SIM1
SIM2
SIM3
SIM4
1
21
22
SIM5
SIM1
SIM2
SIM3
SIM4
1
21
22
SIM5
SIM1
SIM2
SIM3
SIM4
1
21
22
SIM5
SIM1
SIM2
SIM3
SIM4
1
21
22
SIM5
SIM1
SIM2
SIM3
SIM4
1
21
22
SIM5
SIM1
SIM2
SIM3
SIM4
1
21
22
SIM5
SIM1
SIM2
SIM3
SIM4
1
21
22
SIM5
SIM1
SIM2
SIM3
SIM4
1
21
22
SIM5
SIM1
SIM2
SIM3
SIM4
1
21
22
SIM5
SIM1
SIM2
SIM3
SIM4
1
21
22
SIM5
SIM1
SIM2
SIM3
SIM4
1
21
22
SIM5
SIM1
SIM2
SIM3
SIM4
1
21
22
SIM5
SIM1
SIM2
SIM3
SIM4
1
21
22
SIM5
SIM1
SIM2
SIM3
SIM4
1
21
22
SIM5
SIM1
SIM2
SIM3
SIM4
1
21
22
SIM5
SIM1
SIM2
SIM3
SIM4
1
21
22
SIM5
SIM1
SIM2
SIM3
SIM4
1
21
22
SIM5
SIM1
SIM2
SIM3
SIM4
1
21
22
SIM5
SIM1
SIM2
SIM3
SIM4
1
21
22
SIM5
SIM1
SIM2
SIM3
SIM4
1
21
22
SIM5
SIM1
SIM2
SIM3
SIM4
1
21
22
SIM5
SIM1
SIM2
SIM3
SIM4
1
21
22
SIM5
SIM1
SIM2
SIM3
SIM4
1
21
22
SIM5
SIM1
SIM2
SIM3
SIM4
1
21
22
SIM5
SIM1
SIM2
SIM3
SIM4
1
21
22
SIM5
SIM1
SIM2
SIM3
SIM4
1
21
22
SIM5
SIM1
SIM2
SIM3
SIM4
1
21
22
SIM5
SIM1
SIM2
SIM3
SIM4
1
21
22
SIM5
SIM1
SIM2
SIM3
SIM4
1
21
22
SIM5
SIM1
SIM2
SIM3
SIM4
1
21
22
SIM5
SIM1
SIM2
SIM3
SIM4
1
21
22
SIM5
SIM1
SIM2
SIM3
SIM4
1
21
22
SIM5
SIM1
SIM2
SIM3
SIM4
1
21
22
SIM5
SIM1
SIM2
SIM3
SIM4
1
21
22
SIM5
SIM1
SIM2
SIM3
SIM4
1
21
22
SIM5
SIM1
SIM2
SIM3
SIM4
1
21
22
SIM5
SIM1
SIM2
SIM3
SIM4
1
21
22
SIM5
SIM1
SIM2
SIM3
SIM4
1
21
22
SIM5
SIM1
SIM2
SIM3
SIM4
1
21
22
SIM5
SIM1
SIM2
SIM3
SIM4
1
21
22
SIM5
SIM1
SIM2
SIM3
SIM4
1
21
22
SIM5
SIM1
SIM2
SIM3
SIM4
1
21
22
SIM5
SIM1
SIM2
SIM3
SIM4
1
21
22
SIM5
SIM1
SIM2
SIM3
SIM4
1
21
22
SIM5
SIM1
SIM2
SIM3
SIM4
1
21
22
SIM5
SIM1
SIM2
SIM3
SIM4
1
21
22
SIM5
SIM1
SIM2
SIM3
SIM4
1
21
22
SIM5
SIM1
SIM2
SIM3
SIM4
1
21
22
SIM5
SIM1
SIM2
SIM3
SIM4
1
21
22
SIM5
SIM1
SIM2
SIM3
SIM4
1
21
22
SIM5
SIM1
SIM2
SIM3
SIM4
1
21
22
SIM5
SIM1
SIM2
SIM3
SIM4
1
21
22
SIM5
SIM1
SIM2
SIM3
SIM4
1
21
22
SIM5
SIM1
SIM2
SIM3
SIM4
1
21
22
SIM5
SIM1
SIM2
SIM3
SIM4
1
21
22
SIM5
SIM1
SIM2
SIM3
SIM4
1
21
22
SIM5
SIM1
SIM2
SIM3
SIM4
1
21
22
SIM5
SIM1
SIM2
SIM3
SIM4
1
21
22
SIM5
SIM1
SIM2
SIM3
SIM4
1
21
22
SIM5
SIM1
SIM2
SIM3
SIM4
1
21
22
SIM5
SIM1
SIM2
SIM3
SIM4
1
21
22
SIM5
SIM1
SIM2
SIM3
SIM4
1
21
22
SIM5
SIM1
SIM2
SIM3
SIM4
1
21
22
SIM5
SIM1
SIM2
SIM3
SIM4
1
21
22
SIM5
SIM1
SIM2
SIM3
SIM4
1
21
22
SIM5
SIM1
SIM2
SIM3
SIM4
1
21
22
SIM5
SIM1
SIM2
SIM3
SIM4
1
21
22
SIM5
SIM1
SIM2
SIM3
SIM4
1
21
22
SIM5
SIM1
SIM2
SIM3
SIM4
1
21
22
SIM5
SIM1
SIM2
SIM3
SIM4
1
21
22
SIM5
SIM1
SIM2
SIM3
SIM4
1
21
22
SIM5
SIM1
SIM2
SIM3
SIM4
1
21
22
SIM5
SIM1
SIM2
SIM3
SIM4
1
21
22
SIM5
SIM1
SIM2
SIM3
SIM4
1
21
22
SIM5
SIM1
SIM2
SIM3
SIM4
1
21
22
SIM5
SIM1
SIM2
SIM3
SIM4
1
21
22
SIM5
SIM1
SIM2
SIM3
SIM4
1
21
22
SIM5
SIM1
SIM2
SIM3
SIM4
1
21
22
SIM5
SIM1
SIM2
SIM3
SIM4
1
21
22
SIM5
SIM1
SIM2
SIM3
SIM4
1
21
22
SIM5
SIM1
SIM2
SIM3
SIM4
1
21
22
SIM5
SIM1
SIM2
SIM3
SIM4
1
21
22
SIM5
SIM1
SIM2
SIM3
SIM4
1
21
22
SIM5
SIM1
SIM2
SIM3
SIM4
1
21
22
SIM5
SIM1
SIM2
SIM3
SIM4
1
21
22
SIM5
SIM1
SIM2
SIM3
SIM4
1
21
22
SIM5
SIM1
SIM2
SIM3
SIM4
1
21
22
SIM5
SIM1
SIM2
SIM3
SIM4
1
21
22
SIM5
SIM1
SIM2
SIM3
SIM4
1
21
22
SIM5
SIM1
SIM2
SIM3
SIM4
1
21
22
SIM5
SIM1
SIM2
SIM3
SIM4
1
21
22
SIM5
SIM1
SIM2
SIM3
SIM4
1
21
22
SIM5
SIM1
SIM2
SIM3
SIM4
1
21
22
SIM5
SIM1
SIM2
SIM3
SIM4
1
21
22
SIM5
SIM1
SIM2
SIM3
SIM4
1
21
22
SIM5
SIM1
SIM2
SIM3
SIM4
1
21
22
SIM5
SIM1
SIM2
SIM3
SIM4
1
21
22
SIM5
SIM1
SIM2
SIM3
SIM4
1
21
22
SIM5
SIM1
SIM2
SIM3
SIM4
1
21
22
SIM5
SIM1
SIM2
SIM3
SIM4
1
21
22
SIM5
SIM1
SIM2
SIM3
SIM4
1
21
22
SIM5
SIM1
SIM2
SIM3
SIM4
1
21
22
SIM5
SIM1
SIM2
SIM3
SIM4
1
21
22
SIM5
SIM1
SIM2
SIM3
SIM4
1
21
22
SIM5
SIM1
SIM2
SIM3
SIM4
1
21
22
SIM5
SIM1
SIM2
SIM3
SIM4
1
21
22
SIM5
SIM1
SIM2
SIM3
SIM4
1
21
22
SIM5
SIM1
SIM2
SIM3
SIM4
1
21
22
SIM5
SIM1
SIM2
SIM3
SIM4
1
21
22
SIM5
SIM1
SIM2
SIM3
SIM4
1
21
22
SIM5
SIM1
SIM2
SIM3
SIM4
1
21
22
SIM5
SIM1
SIM2
SIM3
SIM4
1
21
22
SIM5
SIM1
SIM2
SIM3
SIM4
1
21
22
SIM5
SIM1
SIM2
SIM3
SIM4
1
21
22
SIM5
SIM1
SIM2
SIM3
SIM4
1
21
22
SIM5
SIM1
SIM2
SIM3
SIM4
1
21
22
SIM5
SIM1
SIM2
SIM3
SIM4
1
21
22
SIM5
SIM1
SIM2
SIM3
SIM4
1
21
22
SIM5
SIM1
SIM2
SIM3
SIM4
1
21
22
SIM5
SIM1
SIM2
SIM3
SIM4
1
21
22
SIM5
SIM1
SIM2
SIM3
SIM4
1
21
22
SIM5
SIM1
SIM2
SIM3
SIM4
1
21
22
SIM5
SIM1
SIM2
SIM3
SIM4
1
21
22
SIM5
SIM1
SIM2
SIM3
SIM4
1
21
22
SIM5
SIM1
SIM2
SIM3
SIM4
1
21
22
SIM5
SIM1
SIM2
SIM3
SIM4
1
21
22
SIM5
SIM1
SIM2
SIM3
SIM4
1
21
22
SIM5
SIM1
SIM2
SIM3
SIM4
1
21
22
SIM5
SIM1
SIM2
SIM3
SIM4
1
21
22
SIM5
SIM1
SIM2
SIM3
SIM4
1
21
22
SIM5
SIM1
SIM2
SIM3
SIM4
1
21
22
SIM5
SIM1
SIM2
SIM3
SIM4
1
21
22
SIM5
SIM1
SIM2
SIM3
SIM4
1
21
22
SIM5
SIM1
SIM2
SIM3
SIM4
1
21
22
SIM5
SIM1
SIM2
SIM3
SIM4
1
21
22
SIM5
SIM1
SIM2
DEBUG 1 341
SIM1
SIM2
SIM3
SIM4
1
21
22
SIM5
SIM1
SIM2
SIM3
SIM4
1
21
22
SIM5
SIM1
SIM2
SIM3
SIM4
1
21
22
SIM5
SIM1
SIM2
SIM3
SIM4
1
21
22
SIM5
SIM1
SIM2
SIM3
SIM4
1
21
22
SIM5
SIM1
SIM2
SIM3
SIM4
1
21
22
SIM5
SIM1
SIM2
SIM3
SIM4
1
21
22
SIM5
SIM1
SIM2
SIM3
SIM4
1
21
22
SIM5
SIM1
SIM2
SIM3
SIM4
1
21
22
SIM5
SIM1
SIM2
SIM3
SIM4
1
21
22
SIM5
SIM1
SIM2
SIM3
SIM4
1
21
22
SIM5
SIM1
SIM2
SIM3
SIM4
1
21
22
SIM5
SIM1
SIM2
SIM3
SIM4
1
21
22
SIM5
SIM1
SIM2
SIM3
SIM4
1
21
22
SIM5
SIM1
SIM2
SIM3
SIM4
1
21
22
SIM5
SIM1
SIM2
SIM3
SIM4
1
21
22
SIM5
SIM1
SIM2
SIM3
SIM4
1
21
22
SIM5
SIM1
SIM2
SIM3
SIM4
1
21
22
SIM5
SIM1
SIM2
SIM3
SIM4
1
21
22
SIM5
SIM1
SIM2
SIM3
SIM4
1
21
22
SIM5
SIM1
SIM2
SIM3
SIM4
1
21
22
SIM5
SIM1
SIM2
SIM3
SIM4
1
21
22
SIM5
SIM1
SIM2
SIM3
SIM4
1
21
22
SIM5
SIM1
SIM2
SIM3
SIM4
1
21
22
SIM5
SIM1
SIM2
SIM3
SIM4
1
21
22
SIM5
SIM1
SIM2
SIM3
SIM4
1
21
22
SIM5
SIM1
SIM2
SIM3
SIM4
1
21
22
SIM5
SIM1
SIM2
SIM3
SIM4
1
21
22
SIM5
SIM1
SIM2
SIM3
SIM4
1
21
22
SIM5
SIM1
SIM2
SIM3
SIM4
1
21
22
SIM5
SIM1
SIM2
SIM3
SIM4
1
21
22
SIM5
SIM1
SIM2
SIM3
SIM4
1
21
22
SIM5
SIM1
SIM2
SIM3
SIM4
1
21
22
SIM5
SIM1
SIM2
SIM3
SIM4
1
21
22
SIM5
SIM1
SIM2
SIM3
SIM4
1
21
22
SIM5
SIM1
SIM2
SIM3
SIM4
1
21
22
SIM5
SIM1
SIM2
SIM3
SIM4
1
21
22
SIM5
SIM1
SIM2
SIM3
SIM4
1
21
22
SIM5
SIM1
SIM2
SIM3
SIM4
1
21
22
SIM5
SIM1
SIM2
SIM3
SIM4
1
21
22
SIM5
SIM1
SIM2
SIM3
SIM4
1
21
22
SIM5
SIM1
SIM2
SIM3
SIM4
1
21
22
SIM5
SIM1
SIM2
SIM3
SIM4
1
21
22
SIM5
SIM1
SIM2
SIM3
SIM4
1
21
22
SIM5
SIM1
SIM2
SIM3
SIM4
1
21
22
SIM5
SIM1
SIM2
SIM3
SIM4
1
21
22
SIM5
SIM1
SIM2
SIM3
SIM4
1
21
22
SIM5
SIM1
SIM2
SIM3
SIM4
1
21
22
SIM5
SIM1
SIM2
SIM3
SIM4
1
21
22
SIM5
SIM1
SIM2
SIM3
SIM4
1
21
22
SIM5
SIM1
SIM2
SIM3
SIM4
1
21
22
SIM5
SIM1
SIM2
SIM3
SIM4
1
21
22
SIM5
SIM1
SIM2
SIM3
SIM4
1
21
22
SIM5
SIM1
SIM2
SIM3
SIM4
1
21
22
SIM5
SIM1
SIM2
SIM3
SIM4
1
21
22
SIM5
SIM1
SIM2
SIM3
SIM4
1
21
22
SIM5
SIM1
SIM2
SIM3
SIM4
1
21
22
SIM5
SIM1
SIM2
SIM3
SIM4
1
21
22
SIM5
SIM1
SIM2
SIM3
SIM4
1
21
22
SIM5
SIM1
SIM2
SIM3
SIM4
1
21
22
SIM5
SIM1
SIM2
SIM3
SIM4
1
21
22
SIM5
SIM1
SIM2
SIM3
SIM4
1
21
22
SIM5
SIM1
SIM2
SIM3
SIM4
1
21
22
SIM5
SIM1
SIM2
SIM3
SIM4
1
21
22
SIM5
SIM1
SIM2
SIM3
SIM4
1
21
22
SIM5
SIM1
SIM2
SIM3
SIM4
1
21
22
SIM5
SIM1
SIM2
SIM3
SIM4
1
21
22
SIM5
SIM1
SIM2
SIM3
SIM4
1
21
22
SIM5
SIM1
SIM2
SIM3
SIM4
1
21
22
SIM5
SIM1
SIM2
SIM3
SIM4
1
21
22
SIM5
SIM1
SIM2
SIM3
SIM4
1
21
22
SIM5
SIM1
SIM2
SIM3
SIM4
1
21
22
SIM5
SIM1
SIM2
SIM3
SIM4
1
21
22
SIM5
SIM1
SIM2
SIM3
SIM4
1
21
22
SIM5
SIM1
SIM2
SIM3
SIM4
1
21
22
SIM5
SIM1
SIM2
SIM3
SIM4
1
21
22
SIM5
SIM1
SIM2
SIM3
SIM4
1
21
22
SIM5
SIM1
SIM2
SIM3
SIM4
1
21
22
SIM5
SIM1
SIM2
SIM3
SIM4
1
21
22
SIM5
SIM1
SIM2
SIM3
SIM4
1
21
22
SIM5
SIM1
SIM2
SIM3
SIM4
1
21
22
SIM5
SIM1
SIM2
SIM3
SIM4
1
21
22
SIM5
SIM1
SIM2
SIM3
SIM4
1
21
22
SIM5
SIM1
SIM2
SIM3
SIM4
1
21
22
SIM5
SIM1
SIM2
SIM3
SIM4
1
21
22
SIM5
SIM1
SIM2
SIM3
SIM4
1
21
22
SIM5
SIM1
SIM2
SIM3
SIM4
1
21
22
SIM5
SIM1
SIM2
SIM3
SIM4
1
21
22
SIM5
SIM1
SIM2
SIM3
SIM4
1
21
22
SIM5
SIM1
SIM2
SIM3
SIM4
1
21
22
SIM5
SIM1
SIM2
SIM3
SIM4
1
21
22
SIM5
SIM1
SIM2
SIM3
SIM4
1
21
22
SIM5
SIM1
SIM2
SIM3
SIM4
1
21
22
SIM5
SIM1
SIM2
SIM3
SIM4
1
21
22
SIM5
SIM1
SIM2
SIM3
SIM4
1
21
22
SIM5
SIM1
SIM2
SIM3
SIM4
1
21
22
SIM5
SIM1
SIM2
SIM3
SIM4
1
21
22
SIM5
SIM1
SIM2
SIM3
SIM4
1
21
22
SIM5
SIM1
SIM2
SIM3
SIM4
1
21
22
SIM5
SIM1
SIM2
SIM3
SIM4
1
21
22
SIM5
SIM1
SIM2
SIM3
SIM4
1
21
22
SIM5
SIM1
SIM2
SIM3
SIM4
1
21
22
SIM5
SIM1
SIM2
SIM3
SIM4
1
21
22
SIM5
SIM1
SIM2
SIM3
SIM4
1
21
22
SIM5
SIM1
SIM2
SIM3
SIM4
1
21
22
SIM5
SIM1
SIM2
SIM3
SIM4
1
21
22
SIM5
SIM1
SIM2
SIM3
SIM4
1
21
22
SIM5
SIM1
SIM2
SIM3
SIM4
1
21
22
SIM5
SIM1
SIM2
SIM3
SIM4
1
21
22
SIM5
SIM1
SIM2
SIM3
SIM4
1
21
22
SIM5
SIM1
SIM2
SIM3
SIM4
1
21
22
SIM5
SIM1
SIM2
SIM3
SIM4
1
21
22
SIM5
SIM1
SIM2
SIM3
SIM4
1
21
22
SIM5
SIM1
SIM2
SIM3
SIM4
1
21
22
SIM5
SIM1
SIM2
SIM3
SIM4
1
21
22
SIM5
SIM1
SIM2
SIM3
SIM4
1
21
22
SIM5
SIM1
SIM2
SIM3
SIM4
1
21
22
SIM5
SIM1
SIM2
SIM3
SIM4
1
21
22
SIM5
SIM1
SIM2
SIM3
SIM4
1
21
22
SIM5
SIM1
SIM2
SIM3
SIM4
1
21
22
SIM5
SIM1
SIM2
SIM3
SIM4
1
21
22
SIM5
SIM1
SIM2
SIM3
SIM4
1
21
22
SIM5
SIM1
SIM2
SIM3
SIM4
1
21
22
SIM5
SIM1
SIM2
SIM3
SIM4
1
21
22
SIM5
SIM1
SIM2
SIM3
SIM4
1
21
22
SIM5
SIM1
SIM2
SIM3
SIM4
1
21
22
SIM5
SIM1
SIM2
SIM3
SIM4
1
21
22
SIM5
SIM1
SIM2
SIM3
SIM4
1
21
22
SIM5
SIM1
SIM2
SIM3
SIM4
1
21
22
SIM5
SIM1
SIM2
SIM3
SIM4
1
21
22
SIM5
SIM1
SIM2
SIM3
SIM4
1
21
22
SIM5
SIM1
SIM2
SIM3
SIM4
1
21
22
SIM5
SIM1
SIM2
SIM3
SIM4
1
21
22
SIM5
SIM1
SIM2
SIM3
SIM4
1
21
22
SIM5
SIM1
SIM2
SIM3
SIM4
1
21
22
SIM5
SIM1
SIM2
SIM3
SIM4
1
21
22
SIM5
SIM1
SIM2
SIM3
SIM4
1
21
22
SIM5
SIM1
SIM2
SIM3
SIM4
1
21
22
SIM5
SIM1
SIM2
SIM3
SIM4
1
21
22
SIM5
SIM1
SIM2
SIM3
SIM4
1
21
22
SIM5
SIM1
SIM2
SIM3
SIM4
1
21
22
SIM5
SIM1
SIM2
SIM3
SIM4
1
21
22
SIM5
SIM1
SIM2
SIM3
SIM4
1
21
22
SIM5
SIM1
SIM2
SIM3
SIM4
1
21
22
SIM5
SIM1
SIM2
SIM3
SIM4
1
21
22
SIM5
SIM1
SIM2
SIM3
SIM4
1
21
22
SIM5
SIM1
SIM2
SIM3
SIM4
1
21
22
SIM5
SIM1
SIM2
SIM3
SIM4
1
21
22
SIM5
SIM1
SIM2
SIM3
SIM4
1
21
22
SIM5
SIM1
SIM2
SIM3
SIM4
1
21
22
SIM5
SIM1
SIM2
SIM3
SIM4
1
21
22
SIM5
SIM1
SIM2
SIM3
SIM4
1
21
22
SIM5
SIM1
SIM2
SIM3
SIM4
1
21
22
SIM5
SIM1
SIM2
SIM3
SIM4
1
21
22
SIM5
SIM1
SIM2
SIM3
SIM4
1
21
22
SIM5
SIM1
SIM2
DEBUG 1 342
SIM1
SIM2
SIM3
SIM4
1
21
22
SIM5
SIM1
SIM2
SIM3
SIM4
1
21
22
SIM5
SIM1
SIM2
SIM3
SIM4
1
21
22
SIM5
SIM1
SIM2
SIM3
SIM4
1
21
22
SIM5
SIM1
SIM2
SIM3
SIM4
1
21
22
SIM5
SIM1
SIM2
SIM3
SIM4
1
21
22
SIM5
SIM1
SIM2
SIM3
SIM4
1
21
22
SIM5
SIM1
SIM2
SIM3
SIM4
1
21
22
SIM5
SIM1
SIM2
SIM3
SIM4
1
21
22
SIM5
SIM1
SIM2
SIM3
SIM4
1
21
22
SIM5
SIM1
SIM2
SIM3
SIM4
1
21
22
SIM5
SIM1
SIM2
SIM3
SIM4
1
21
22
SIM5
SIM1
SIM2
SIM3
SIM4
1
21
22
SIM5
SIM1
SIM2
SIM3
SIM4
1
21
22
SIM5
SIM1
SIM2
SIM3
SIM4
1
21
22
SIM5
SIM1
SIM2
SIM3
SIM4
1
21
22
SIM5
SIM1
SIM2
SIM3
SIM4
1
21
22
SIM5
SIM1
SIM2
SIM3
SIM4
1
21
22
SIM5
SIM1
SIM2
SIM3
SIM4
1
21
22
SIM5
SIM1
SIM2
SIM3
SIM4
1
21
22
SIM5
SIM1
SIM2
SIM3
SIM4
1
21
22
SIM5
SIM1
SIM2
SIM3
SIM4
1
21
22
SIM5
SIM1
SIM2
SIM3
SIM4
1
21
22
SIM5
SIM1
SIM2
SIM3
SIM4
1
21
22
SIM5
SIM1
SIM2
SIM3
SIM4
1
21
22
SIM5
SIM1
SIM2
SIM3
SIM4
1
21
22
SIM5
SIM1
SIM2
SIM3
SIM4
1
21
22
SIM5
SIM1
SIM2
SIM3
SIM4
1
21
22
SIM5
SIM1
SIM2
SIM3
SIM4
1
21
22
SIM5
SIM1
SIM2
SIM3
SIM4
1
21
22
SIM5
SIM1
SIM2
SIM3
SIM4
1
21
22
SIM5
SIM1
SIM2
SIM3
SIM4
1
21
22
SIM5
SIM1
SIM2
SIM3
SIM4
1
21
22
SIM5
SIM1
SIM2
SIM3
SIM4
1
21
22
SIM5
SIM1
SIM2
SIM3
SIM4
1
21
22
SIM5
SIM1
SIM2
SIM3
SIM4
1
21
22
SIM5
SIM1
SIM2
SIM3
SIM4
1
21
22
SIM5
SIM1
SIM2
SIM3
SIM4
1
21
22
SIM5
SIM1
SIM2
SIM3
SIM4
1
21
22
SIM5
SIM1
SIM2
SIM3
SIM4
1
21
22
SIM5
SIM1
SIM2
SIM3
SIM4
1
21
22
SIM5
SIM1
SIM2
SIM3
SIM4
1
21
22
SIM5
SIM1
SIM2
SIM3
SIM4
1
21
22
SIM5
SIM1
SIM2
SIM3
SIM4
1
21
22
SIM5
SIM1
SIM2
SIM3
SIM4
1
21
22
SIM5
SIM1
SIM2
SIM3
SIM4
1
21
22
SIM5
SIM1
SIM2
SIM3
SIM4
1
21
22
SIM5
SIM1
SIM2
SIM3
SIM4
1
21
22
SIM5
SIM1
SIM2
SIM3
SIM4
1
21
22
SIM5
SIM1
SIM2
SIM3
SIM4
1
21
22
SIM5
SIM1
SIM2
SIM3
SIM4
1
21
22
SIM5
SIM1
SIM2
SIM3
SIM4
1
21
22
SIM5
SIM1
SIM2
SIM3
SIM4
1
21
22
SIM5
SIM1
SIM2
SIM3
SIM4
1
21
22
SIM5
SIM1
SIM2
SIM3
SIM4
1
21
22
SIM5
SIM1
SIM2
SIM3
SIM4
1
21
22
SIM5
SIM1
SIM2
SIM3
SIM4
1
21
22
SIM5
SIM1
SIM2
SIM3
SIM4
1
21
22
SIM5
SIM1
SIM2
SIM3
SIM4
1
21
22
SIM5
SIM1
SIM2
SIM3
SIM4
1
21
22
SIM5
SIM1
SIM2
SIM3
SIM4
1
21
22
SIM5
SIM1
SIM2
SIM3
SIM4
1
21
22
SIM5
SIM1
SIM2
SIM3
SIM4
1
21
22
SIM5
SIM1
SIM2
SIM3
SIM4
1
21
22
SIM5
SIM1
SIM2
SIM3
SIM4
1
21
22
SIM5
SIM1
SIM2
SIM3
SIM4
1
21
22
SIM5
SIM1
SIM2
SIM3
SIM4
1
21
22
SIM5
SIM1
SIM2
SIM3
SIM4
1
21
22
SIM5
SIM1
SIM2
SIM3
SIM4
1
21
22
SIM5
SIM1
SIM2
SIM3
SIM4
1
21
22
SIM5
SIM1
SIM2
SIM3
SIM4
1
21
22
SIM5
SIM1
SIM2
SIM3
SIM4
1
21
22
SIM5
SIM1
SIM2
SIM3
SIM4
1
21
22
SIM5
SIM1
SIM2
SIM3
SIM4
1
21
22
SIM5
SIM1
SIM2
SIM3
SIM4
1
21
22
SIM5
SIM1
SIM2
SIM3
SIM4
1
21
22
SIM5
SIM1
SIM2
SIM3
SIM4
1
21
22
SIM5
SIM1
SIM2
SIM3
SIM4
1
21
22
SIM5
SIM1
SIM2
SIM3
SIM4
1
21
22
SIM5
SIM1
SIM2
SIM3
SIM4
1
21
22
SIM5
SIM1
SIM2
SIM3
SIM4
1
21
22
SIM5
SIM1
SIM2
SIM3
SIM4
1
21
22
SIM5
SIM1
SIM2
SIM3
SIM4
1
21
22
SIM5
SIM1
SIM2
SIM3
SIM4
1
21
22
SIM5
SIM1
SIM2
SIM3
SIM4
1
21
22
SIM5
SIM1
SIM2
SIM3
SIM4
1
21
22
SIM5
SIM1
SIM2
SIM3
SIM4
1
21
22
SIM5
SIM1
SIM2
SIM3
SIM4
1
21
22
SIM5
SIM1
SIM2
SIM3
SIM4
1
21
22
SIM5
SIM1
SIM2
SIM3
SIM4
1
21
22
SIM5
SIM1
SIM2
SIM3
SIM4
1
21
22
SIM5
SIM1
SIM2
SIM3
SIM4
1
21
22
SIM5
SIM1
SIM2
SIM3
SIM4
1
21
22
SIM5
SIM1
SIM2
SIM3
SIM4
1
21
22
SIM5
SIM1
SIM2
SIM3
SIM4
1
21
22
SIM5
SIM1
SIM2
SIM3
SIM4
1
21
22
SIM5
SIM1
SIM2
SIM3
SIM4
1
21
22
SIM5
SIM1
SIM2
SIM3
SIM4
1
21
22
SIM5
SIM1
SIM2
SIM3
SIM4
1
21
22
SIM5
SIM1
SIM2
SIM3
SIM4
1
21
22
SIM5
SIM1
SIM2
SIM3
SIM4
1
21
22
SIM5
SIM1
SIM2
SIM3
SIM4
1
21
22
SIM5
SIM1
SIM2
SIM3
SIM4
1
21
22
SIM5
SIM1
SIM2
SIM3
SIM4
1
21
22
SIM5
SIM1
SIM2
SIM3
SIM4
1
21
22
SIM5
SIM1
SIM2
SIM3
SIM4
1
21
22
SIM5
SIM1
SIM2
SIM3
SIM4
1
21
22
SIM5
SIM1
SIM2
SIM3
SIM4
1
21
22
SIM5
SIM1
SIM2
SIM3
SIM4
1
21
22
SIM5
SIM1
SIM2
SIM3
SIM4
1
21
22
SIM5
SIM1
SIM2
SIM3
SIM4
1
21
22
SIM5
SIM1
SIM2
SIM3
SIM4
1
21
22
SIM5
SIM1
SIM2
SIM3
SIM4
1
21
22
SIM5
SIM1
SIM2
SIM3
SIM4
1
21
22
SIM5
SIM1
SIM2
SIM3
SIM4
1
21
22
SIM5
SIM1
SIM2
SIM3
SIM4
1
21
22
SIM5
SIM1
SIM2
SIM3
SIM4
1
21
22
SIM5
SIM1
SIM2
SIM3
SIM4
1
21
22
SIM5
SIM1
SIM2
SIM3
SIM4
1
21
22
SIM5
SIM1
SIM2
SIM3
SIM4
1
21
22
SIM5
SIM1
SIM2
SIM3
SIM4
1
21
22
SIM5
SIM1
SIM2
SIM3
SIM4
1
21
22
SIM5
SIM1
SIM2
SIM3
SIM4
1
21
22
SIM5
SIM1
SIM2
SIM3
SIM4
1
21
22
SIM5
SIM1
SIM2
SIM3
SIM4
1
21
22
SIM5
SIM1
SIM2
SIM3
SIM4
1
21
22
SIM5
SIM1
SIM2
SIM3
SIM4
1
21
22
SIM5
SIM1
SIM2
SIM3
SIM4
1
21
22
SIM5
SIM1
SIM2
SIM3
SIM4
1
21
22
SIM5
SIM1
SIM2
SIM3
SIM4
1
21
22
SIM5
SIM1
SIM2
SIM3
SIM4
1
21
22
SIM5
SIM1
SIM2
SIM3
SIM4
1
21
22
SIM5
SIM1
SIM2
SIM3
SIM4
1
21
22
SIM5
SIM1
SIM2
SIM3
SIM4
1
21
22
SIM5
SIM1
SIM2
SIM3
SIM4
1
21
22
SIM5
SIM1
SIM2
SIM3
SIM4
1
21
22
SIM5
SIM1
SIM2
SIM3
SIM4
1
21
22
SIM5
SIM1
SIM2
SIM3
SIM4
1
21
22
SIM5
SIM1
SIM2
SIM3
SIM4
1
21
22
SIM5
SIM1
SIM2
SIM3
SIM4
1
21
22
SIM5
SIM1
SIM2
SIM3
SIM4
1
21
22
SIM5
SIM1
SIM2
SIM3
SIM4
1
21
22
SIM5
SIM1
SIM2
SIM3
SIM4
1
21
22
SIM5
SIM1
SIM2
SIM3
SIM4
1
21
22
SIM5
SIM1
SIM2
SIM3
SIM4
1
21
22
SIM5
SIM1
SIM2
SIM3
SIM4
1
21
22
SIM5
SIM1
SIM2
SIM3
SIM4
1
21
22
SIM5
SIM1
SIM2
SIM3
SIM4
1
21
22
SIM5
SIM1
SIM2
SIM3
SIM4
1
21
22
SIM5
SIM1
SIM2
SIM3
SIM4
1
21
22
SIM5
SIM1
SIM2
SIM3
SIM4
1
21
22
SIM5
SIM1
SIM2
SIM3
SIM4
1
21
22
SIM5
SIM1
SIM2
SIM3
SIM4
1
21
22
SIM5
SIM1
SIM2
SIM3
SIM4
1
21
22
SIM5
SIM1
SIM2
SIM3
SIM4
1
21
22
SIM5
SIM1
SIM2
SIM3
SIM4
1
21
22
SIM5
SIM1
SIM2
SIM3
SIM4
1
21
22
SIM5
SIM1
SIM2
SIM3
SIM4
1
21
22
SIM5
SIM1
SIM2
SIM3
SIM4
1
21
22
SIM5
SIM1
SIM2
SIM3
SIM4
1
21
22
SIM5
SIM1
SIM2
SIM3
SIM4
1
21
22
SIM5
SIM1
SIM2
SIM3
SIM4
1
21
22
SIM5
SIM1
SIM2
SIM3
SIM4
1
21
22
SIM5
SIM1
SIM2
SIM3
SIM4
1
21
22
SIM5
SIM1
SIM2
SIM3
SIM4
1
21
22
SIM5
SIM1
SIM2
SIM3
SIM4
1
21
22
SIM5
SIM1
SIM2
SIM3
SIM4
1
21
22
SIM5
SIM1
SIM2
SIM3
SIM4
1
21
22
SIM5
SIM1
SIM2
SIM3
SIM4
1
21
22
SIM5
SIM1
SIM2
SIM3
SIM4
1
21
22
SIM5
SIM1
SIM2
SIM3
SIM4
1
21
22
SIM5
SIM1
SIM2
SIM3
SIM4
1
21
22
SIM5
SIM1
SIM2
SIM3
SIM4
1
21
22
SIM5
SIM1
SIM2
SIM3
SIM4
1
21
22
SIM5
SIM1
SIM2
SIM3
SIM4
1
21
22
SIM5
SIM1
SIM2
SIM3
SIM4
1
21
22
SIM5
SIM1
SIM2
SIM3
SIM4
1
21
22
SIM5
SIM1
SIM2
SIM3
SIM4
1
21
22
SIM5
SIM1
SIM2
SIM3
SIM4
1
21
22
SIM5
SIM1
SIM2
SIM3
SIM4
1
21
22
SIM5
SIM1
SIM2
SIM3
SIM4
1
21
22
SIM5
SIM1
SIM2
SIM3
SIM4
1
21
22
SIM5
SIM1
SIM2
SIM3
SIM4
1
21
22
SIM5
SIM1
SIM2
SIM3
SIM4
1
21
22
SIM5
SIM1
SIM2
SIM3
SIM4
1
21
22
SIM5
SIM1
SIM2
SIM3
SIM4
1
21
22
SIM5
SIM1
SIM2
SIM3
SIM4
1
21
22
SIM5
SIM1
SIM2
SIM3
SIM4
1
21
22
SIM5
SIM1
SIM2
SIM3
SIM4
1
21
22
SIM5
SIM1
SIM2
SIM3
SIM4
1
21
22
SIM5
SIM1
SIM2
SIM3
SIM4
1
21
22
SIM5
SIM1
SIM2
SIM3
SIM4
1
21
22
SIM5
SIM1
SIM2
SIM3
SIM4
1
21
22
SIM5
SIM1
SIM2
SIM3
SIM4
1
21
22
SIM5
SIM1
SIM2
SIM3
SIM4
1
21
22
SIM5
SIM1
SIM2
SIM3
SIM4
1
21
22
SIM5
SIM1
SIM2
SIM3
SIM4
1
21
22
SIM5
SIM1
SIM2
SIM3
SIM4
1
21
22
SIM5
SIM1
SIM2
SIM3
SIM4
1
21
22
SIM5
SIM1
SIM2
SIM3
SIM4
1
21
22
SIM5
SIM1
SIM2
SIM3
SIM4
1
21
22
SIM5
SIM1
SIM2
SIM3
SIM4
1
21
22
SIM5
SIM1
SIM2
SIM3
SIM4
1
21
22
SIM5
SIM1
SIM2
SIM3
SIM4
1
21
22
SIM5
SIM1
SIM2
SIM3
SIM4
1
21
22
SIM5
SIM1
SIM2
SIM3
SIM4
1
21
22
SIM5
SIM1
SIM2
SIM3
SIM4
1
21
22
SIM5
SIM1
SIM2
SIM3
SIM4
1
21
22
SIM5
SIM1
SIM2
SIM3
SIM4
1
21
22
SIM5
SIM1
SIM2
SIM3
SIM4
1
21
22
SIM5
SIM1
SIM2
SIM3
SIM4
1
21
22
SIM5
SIM1
SIM2
SIM3
SIM4
1
21
22
SIM5
SIM1
SIM2
SIM3
SIM4
1
21
22
SIM5
SIM1
SIM2
SIM3
SIM4
1
21
22
SIM5
SIM1
SIM2
SIM3
SIM4
1
21
22
SIM5
SIM1
SIM2
SIM3
SIM4
1
21
22
SIM5
SIM1
SIM2
SIM3
SIM4
1
21
22
SIM5
SIM1
SIM2
SIM3
SIM4
1
21
22
SIM5
SIM1
SIM2
SIM3
SIM4
1
21
22
SIM5
SIM1
SIM2
SIM3
SIM4
1
21
22
SIM5
SIM1
SIM2
SIM3
SIM4
1
21
22
SIM5
SIM1
SIM2
SIM3
SIM4
1
21
22
SIM5
SIM1
SIM2
SIM3
SIM4
1
21
22
SIM5
SIM1
SIM2
SIM3
SIM4
1
21
22
SIM5
SIM1
SIM2
SIM3
SIM4
1
21
22
SIM5
SIM1
SIM2
SIM3
SIM4
1
21
22
SIM5
SIM1
SIM2
SIM3
SIM4
1
21
22
SIM5
SIM1
SIM2
SIM3
SIM4
1
21
22
SIM5
SIM1
SIM2
DEBUG 1 343
SIM1
SIM2
SIM3
SIM4
1
21
22
SIM5
SIM1
SIM2
SIM3
SIM4
1
21
22
SIM5
SIM1
SIM2
SIM3
SIM4
1
21
22
SIM5
SIM1
SIM2
SIM3
SIM4
1
21
22
SIM5
SIM1
SIM2
SIM3
SIM4
1
21
22
SIM5
SIM1
SIM2
SIM3
SIM4
1
21
22
SIM5
SIM1
SIM2
SIM3
SIM4
1
21
22
SIM5
SIM1
SIM2
SIM3
SIM4
1
21
22
SIM5
SIM1
SIM2
SIM3
SIM4
1
21
22
SIM5
SIM1
SIM2
SIM3
SIM4
1
21
22
SIM5
SIM1
SIM2
SIM3
SIM4
1
21
22
SIM5
SIM1
SIM2
SIM3
SIM4
1
21
22
SIM5
SIM1
SIM2
SIM3
SIM4
1
21
22
SIM5
SIM1
SIM2
SIM3
SIM4
1
21
22
SIM5
SIM1
SIM2
SIM3
SIM4
1
21
22
SIM5
SIM1
SIM2
SIM3
SIM4
1
21
22
SIM5
SIM1
SIM2
SIM3
SIM4
1
21
22
SIM5
SIM1
SIM2
SIM3
SIM4
1
21
22
SIM5
SIM1
SIM2
SIM3
SIM4
1
21
22
SIM5
SIM1
SIM2
SIM3
SIM4
1
21
22
SIM5
SIM1
SIM2
SIM3
SIM4
1
21
22
SIM5
SIM1
SIM2
SIM3
SIM4
1
21
22
SIM5
SIM1
SIM2
SIM3
SIM4
1
21
22
SIM5
SIM1
SIM2
SIM3
SIM4
1
21
22
SIM5
SIM1
SIM2
SIM3
SIM4
1
21
22
SIM5
SIM1
SIM2
SIM3
SIM4
1
21
22
SIM5
SIM1
SIM2
SIM3
SIM4
1
21
22
SIM5
SIM1
SIM2
SIM3
SIM4
1
21
22
SIM5
SIM1
SIM2
SIM3
SIM4
1
21
22
SIM5
SIM1
SIM2
SIM3
SIM4
1
21
22
SIM5
SIM1
SIM2
SIM3
SIM4
1
21
22
SIM5
SIM1
SIM2
SIM3
SIM4
1
21
22
SIM5
SIM1
SIM2
SIM3
SIM4
1
21
22
SIM5
SIM1
SIM2
SIM3
SIM4
1
21
22
SIM5
SIM1
SIM2
SIM3
SIM4
1
21
22
SIM5
SIM1
SIM2
SIM3
SIM4
1
21
22
SIM5
SIM1
SIM2
SIM3
SIM4
1
21
22
SIM5
SIM1
SIM2
SIM3
SIM4
1
21
22
SIM5
SIM1
SIM2
SIM3
SIM4
1
21
22
SIM5
SIM1
SIM2
SIM3
SIM4
1
21
22
SIM5
SIM1
SIM2
SIM3
SIM4
1
21
22
SIM5
SIM1
SIM2
SIM3
SIM4
1
21
22
SIM5
SIM1
SIM2
SIM3
SIM4
1
21
22
SIM5
SIM1
SIM2
SIM3
SIM4
1
21
22
SIM5
SIM1
SIM2
SIM3
SIM4
1
21
22
SIM5
SIM1
SIM2
SIM3
SIM4
1
21
22
SIM5
SIM1
SIM2
SIM3
SIM4
1
21
22
SIM5
SIM1
SIM2
SIM3
SIM4
1
21
22
SIM5
SIM1
SIM2
SIM3
SIM4
1
21
22
SIM5
SIM1
SIM2
SIM3
SIM4
1
21
22
SIM5
SIM1
SIM2
SIM3
SIM4
1
21
22
SIM5
SIM1
SIM2
SIM3
SIM4
1
21
22
SIM5
SIM1
SIM2
SIM3
SIM4
1
21
22
SIM5
SIM1
SIM2
SIM3
SIM4
1
21
22
SIM5
SIM1
SIM2
SIM3
SIM4
1
21
22
SIM5
SIM1
SIM2
SIM3
SIM4
1
21
22
SIM5
SIM1
SIM2
SIM3
SIM4
1
21
22
SIM5
SIM1
SIM2
SIM3
SIM4
1
21
22
SIM5
SIM1
SIM2
SIM3
SIM4
1
21
22
SIM5
SIM1
SIM2
SIM3
SIM4
1
21
22
SIM5
SIM1
SIM2
SIM3
SIM4
1
21
22
SIM5
SIM1
SIM2
SIM3
SIM4
1
21
22
SIM5
SIM1
SIM2
SIM3
SIM4
1
21
22
SIM5
SIM1
SIM2
SIM3
SIM4
1
21
22
SIM5
SIM1
SIM2
SIM3
SIM4
1
21
22
SIM5
SIM1
SIM2
SIM3
SIM4
1
21
22
SIM5
SIM1
SIM2
SIM3
SIM4
1
21
22
SIM5
SIM1
SIM2
SIM3
SIM4
1
21
22
SIM5
SIM1
SIM2
SIM3
SIM4
1
21
22
SIM5
SIM1
SIM2
SIM3
SIM4
1
21
22
SIM5
SIM1
SIM2
SIM3
SIM4
1
21
22
SIM5
SIM1
SIM2
SIM3
SIM4
1
21
22
SIM5
SIM1
SIM2
SIM3
SIM4
1
21
22
SIM5
SIM1
SIM2
SIM3
SIM4
1
21
22
SIM5
SIM1
SIM2
SIM3
SIM4
1
21
22
SIM5
SIM1
SIM2
SIM3
SIM4
1
21
22
SIM5
SIM1
SIM2
SIM3
SIM4
1
21
22
SIM5
SIM1
SIM2
SIM3
SIM4
1
21
22
SIM5
SIM1
SIM2
SIM3
SIM4
1
21
22
SIM5
SIM1
SIM2
SIM3
SIM4
1
21
22
SIM5
SIM1
SIM2
SIM3
SIM4
1
21
22
SIM5
SIM1
SIM2
SIM3
SIM4
1
21
22
SIM5
SIM1
SIM2
SIM3
SIM4
1
21
22
SIM5
SIM1
SIM2
SIM3
SIM4
1
21
22
SIM5
SIM1
SIM2
SIM3
SIM4
1
21
22
SIM5
SIM1
SIM2
SIM3
SIM4
1
21
22
SIM5
SIM1
SIM2
SIM3
SIM4
1
21
22
SIM5
SIM1
SIM2
SIM3
SIM4
1
21
22
SIM5
SIM1
SIM2
SIM3
SIM4
1
21
22
SIM5
SIM1
SIM2
SIM3
SIM4
1
21
22
SIM5
SIM1
SIM2
SIM3
SIM4
1
21
22
SIM5
SIM1
SIM2
SIM3
SIM4
1
21
22
SIM5
SIM1
SIM2
SIM3
SIM4
1
21
22
SIM5
SIM1
SIM2
SIM3
SIM4
1
21
22
SIM5
SIM1
SIM2
SIM3
SIM4
1
21
22
SIM5
SIM1
SIM2
SIM3
SIM4
1
21
22
SIM5
SIM1
SIM2
SIM3
SIM4
1
21
22
SIM5
SIM1
SIM2
SIM3
SIM4
1
21
22
SIM5
SIM1
SIM2
SIM3
SIM4
1
21
22
SIM5
SIM1
SIM2
SIM3
SIM4
1
21
22
SIM5
SIM1
SIM2
SIM3
SIM4
1
21
22
SIM5
SIM1
SIM2
SIM3
SIM4
1
21
22
SIM5
SIM1
SIM2
SIM3
SIM4
1
21
22
SIM5
SIM1
SIM2
SIM3
SIM4
1
21
22
SIM5
SIM1
SIM2
SIM3
SIM4
1
21
22
SIM5
SIM1
SIM2
SIM3
SIM4
1
21
22
SIM5
SIM1
SIM2
SIM3
SIM4
1
21
22
SIM5
SIM1
SIM2
SIM3
SIM4
1
21
22
SIM5
SIM1
SIM2
SIM3
SIM4
1
21
22
SIM5
SIM1
SIM2
SIM3
SIM4
1
21
22
SIM5
SIM1
SIM2
SIM3
SIM4
1
21
22
SIM5
SIM1
SIM2
SIM3
SIM4
1
21
22
SIM5
SIM1
SIM2
SIM3
SIM4
1
21
22
SIM5
SIM1
SIM2
SIM3
SIM4
1
21
22
SIM5
SIM1
SIM2
SIM3
SIM4
1
21
22
SIM5
SIM1
SIM2
SIM3
SIM4
1
21
22
SIM5
SIM1
SIM2
SIM3
SIM4
1
21
22
SIM5
SIM1
SIM2
SIM3
SIM4
1
21
22
SIM5
SIM1
SIM2
SIM3
SIM4
1
21
22
SIM5
SIM1
SIM2
SIM3
SIM4
1
21
22
SIM5
SIM1
SIM2
SIM3
SIM4
1
21
22
SIM5
SIM1
SIM2
SIM3
SIM4
1
21
22
SIM5
SIM1
SIM2
SIM3
SIM4
1
21
22
SIM5
SIM1
SIM2
SIM3
SIM4
1
21
22
SIM5
SIM1
SIM2
SIM3
SIM4
1
21
22
SIM5
SIM1
SIM2
SIM3
SIM4
1
21
22
SIM5
SIM1
SIM2
SIM3
SIM4
1
21
22
SIM5
SIM1
SIM2
SIM3
SIM4
1
21
22
SIM5
SIM1
SIM2
SIM3
SIM4
1
21
22
SIM5
SIM1
SIM2
SIM3
SIM4
1
21
22
SIM5
SIM1
SIM2
SIM3
SIM4
1
21
22
SIM5
SIM1
SIM2
SIM3
SIM4
1
21
22
SIM5
SIM1
SIM2
SIM3
SIM4
1
21
22
SIM5
SIM1
SIM2
SIM3
SIM4
1
21
22
SIM5
SIM1
SIM2
DEBUG 1 344
SIM1
SIM2
SIM3
SIM4
1
21
22
SIM5
SIM1
SIM2
SIM3
SIM4
1
21
22
SIM5
SIM1
SIM2
SIM3
SIM4
1
21
22
SIM5
SIM1
SIM2
SIM3
SIM4
1
21
22
SIM5
SIM1
SIM2
SIM3
SIM4
1
21
22
SIM5
SIM1
SIM2
SIM3
SIM4
1
21
22
SIM5
SIM1
SIM2
SIM3
SIM4
1
21
22
SIM5
SIM1
SIM2
SIM3
SIM4
1
21
22
SIM5
SIM1
SIM2
SIM3
SIM4
1
21
22
SIM5
SIM1
SIM2
SIM3
SIM4
1
21
22
SIM5
SIM1
SIM2
SIM3
SIM4
1
21
22
SIM5
SIM1
SIM2
SIM3
SIM4
1
21
22
SIM5
SIM1
SIM2
SIM3
SIM4
1
21
22
SIM5
SIM1
SIM2
SIM3
SIM4
1
21
22
SIM5
SIM1
SIM2
SIM3
SIM4
1
21
22
SIM5
SIM1
SIM2
SIM3
SIM4
1
21
22
SIM5
SIM1
SIM2
SIM3
SIM4
1
21
22
SIM5
SIM1
SIM2
SIM3
SIM4
1
21
22
SIM5
SIM1
SIM2
SIM3
SIM4
1
21
22
SIM5
SIM1
SIM2
SIM3
SIM4
1
21
22
SIM5
SIM1
SIM2
SIM3
SIM4
1
21
22
SIM5
SIM1
SIM2
SIM3
SIM4
1
21
22
SIM5
SIM1
SIM2
SIM3
SIM4
1
21
22
SIM5
SIM1
SIM2
SIM3
SIM4
1
21
22
SIM5
SIM1
SIM2
SIM3
SIM4
1
21
22
SIM5
SIM1
SIM2
SIM3
SIM4
1
21
22
SIM5
SIM1
SIM2
SIM3
SIM4
1
21
22
SIM5
SIM1
SIM2
SIM3
SIM4
1
21
22
SIM5
SIM1
SIM2
SIM3
SIM4
1
21
22
SIM5
SIM1
SIM2
SIM3
SIM4
1
21
22
SIM5
SIM1
SIM2
SIM3
SIM4
1
21
22
SIM5
SIM1
SIM2
SIM3
SIM4
1
21
22
SIM5
SIM1
SIM2
SIM3
SIM4
1
21
22
SIM5
SIM1
SIM2
SIM3
SIM4
1
21
22
SIM5
SIM1
SIM2
SIM3
SIM4
1
21
22
SIM5
SIM1
SIM2
SIM3
SIM4
1
21
22
SIM5
SIM1
SIM2
SIM3
SIM4
1
21
22
SIM5
SIM1
SIM2
SIM3
SIM4
1
21
22
SIM5
SIM1
SIM2
SIM3
SIM4
1
21
22
SIM5
SIM1
SIM2
SIM3
SIM4
1
21
22
SIM5
SIM1
SIM2
SIM3
SIM4
1
21
22
SIM5
SIM1
SIM2
SIM3
SIM4
1
21
22
SIM5
SIM1
SIM2
SIM3
SIM4
1
21
22
SIM5
SIM1
SIM2
SIM3
SIM4
1
21
22
SIM5
SIM1
SIM2
SIM3
SIM4
1
21
22
SIM5
SIM1
SIM2
SIM3
SIM4
1
21
22
SIM5
SIM1
SIM2
SIM3
SIM4
1
21
22
SIM5
SIM1
SIM2
SIM3
SIM4
1
21
22
SIM5
SIM1
SIM2
SIM3
SIM4
1
21
22
SIM5
SIM1
SIM2
SIM3
SIM4
1
21
22
SIM5
SIM1
SIM2
SIM3
SIM4
1
21
22
SIM5
SIM1
SIM2
SIM3
SIM4
1
21
22
SIM5
SIM1
SIM2
SIM3
SIM4
1
21
22
SIM5
SIM1
SIM2
SIM3
SIM4
1
21
22
SIM5
SIM1
SIM2
SIM3
SIM4
1
21
22
SIM5
SIM1
SIM2
SIM3
SIM4
1
21
22
SIM5
SIM1
SIM2
SIM3
SIM4
1
21
22
SIM5
SIM1
SIM2
SIM3
SIM4
1
21
22
SIM5
SIM1
SIM2
SIM3
SIM4
1
21
22
SIM5
SIM1
SIM2
SIM3
SIM4
1
21
22
SIM5
SIM1
SIM2
SIM3
SIM4
1
21
22
SIM5
SIM1
SIM2
SIM3
SIM4
1
21
22
SIM5
SIM1
SIM2
SIM3
SIM4
1
21
22
SIM5
SIM1
SIM2
SIM3
SIM4
1
21
22
SIM5
SIM1
SIM2
SIM3
SIM4
1
21
22
SIM5
SIM1
SIM2
SIM3
SIM4
1
21
22
SIM5
SIM1
SIM2
SIM3
SIM4
1
21
22
SIM5
SIM1
SIM2
SIM3
SIM4
1
21
22
SIM5
SIM1
SIM2
SIM3
SIM4
1
21
22
SIM5
SIM1
SIM2
SIM3
SIM4
1
21
22
SIM5
SIM1
SIM2
SIM3
SIM4
1
21
22
SIM5
SIM1
SIM2
SIM3
SIM4
1
21
22
SIM5
SIM1
SIM2
SIM3
SIM4
1
21
22
SIM5
SIM1
SIM2
SIM3
SIM4
1
21
22
SIM5
SIM1
SIM2
SIM3
SIM4
1
21
22
SIM5
SIM1
SIM2
SIM3
SIM4
1
21
22
SIM5
SIM1
SIM2
SIM3
SIM4
1
21
22
SIM5
SIM1
SIM2
SIM3
SIM4
1
21
22
SIM5
SIM1
SIM2
SIM3
SIM4
1
21
22
SIM5
SIM1
SIM2
SIM3
SIM4
1
21
22
SIM5
SIM1
SIM2
SIM3
SIM4
1
21
22
SIM5
SIM1
SIM2
SIM3
SIM4
1
21
22
SIM5
SIM1
SIM2
SIM3
SIM4
1
21
22
SIM5
SIM1
SIM2
SIM3
SIM4
1
21
22
SIM5
SIM1
SIM2
SIM3
SIM4
1
21
22
SIM5
SIM1
SIM2
SIM3
SIM4
1
21
22
SIM5
SIM1
SIM2
SIM3
SIM4
1
21
22
SIM5
SIM1
SIM2
SIM3
SIM4
1
21
22
SIM5
SIM1
SIM2
SIM3
SIM4
1
21
22
SIM5
SIM1
SIM2
SIM3
SIM4
1
21
22
SIM5
SIM1
SIM2
SIM3
SIM4
1
21
22
SIM5
SIM1
SIM2
SIM3
SIM4
1
21
22
SIM5
SIM1
SIM2
SIM3
SIM4
1
21
22
SIM5
SIM1
SIM2
SIM3
SIM4
1
21
22
SIM5
SIM1
SIM2
SIM3
SIM4
1
21
22
SIM5
SIM1
SIM2
SIM3
SIM4
1
21
22
SIM5
SIM1
SIM2
SIM3
SIM4
1
21
22
SIM5
SIM1
SIM2
SIM3
SIM4
1
21
22
SIM5
SIM1
SIM2
SIM3
SIM4
1
21
22
SIM5
SIM1
SIM2
SIM3
SIM4
1
21
22
SIM5
SIM1
SIM2
SIM3
SIM4
1
21
22
SIM5
SIM1
SIM2
SIM3
SIM4
1
21
22
SIM5
SIM1
SIM2
SIM3
SIM4
1
21
22
SIM5
SIM1
SIM2
SIM3
SIM4
1
21
22
SIM5
SIM1
SIM2
SIM3
SIM4
1
21
22
SIM5
SIM1
SIM2
SIM3
SIM4
1
21
22
SIM5
SIM1
SIM2
SIM3
SIM4
1
21
22
SIM5
SIM1
SIM2
SIM3
SIM4
1
21
22
SIM5
SIM1
SIM2
SIM3
SIM4
1
21
22
SIM5
SIM1
SIM2
SIM3
SIM4
1
21
22
SIM5
SIM1
SIM2
SIM3
SIM4
1
21
22
SIM5
SIM1
SIM2
SIM3
SIM4
1
21
22
SIM5
SIM1
SIM2
SIM3
SIM4
1
21
22
SIM5
SIM1
SIM2
SIM3
SIM4
1
21
22
SIM5
SIM1
SIM2
SIM3
SIM4
1
21
22
SIM5
SIM1
SIM2
SIM3
SIM4
1
21
22
SIM5
SIM1
SIM2
SIM3
SIM4
1
21
22
SIM5
SIM1
SIM2
SIM3
SIM4
1
21
22
SIM5
SIM1
SIM2
SIM3
SIM4
1
21
22
SIM5
SIM1
SIM2
SIM3
SIM4
1
21
22
SIM5
SIM1
SIM2
SIM3
SIM4
1
21
22
SIM5
SIM1
SIM2
SIM3
SIM4
1
21
22
SIM5
SIM1
SIM2
SIM3
SIM4
1
21
22
SIM5
SIM1
SIM2
SIM3
SIM4
1
21
22
SIM5
SIM1
SIM2
SIM3
SIM4
1
21
22
SIM5
SIM1
SIM2
SIM3
SIM4
1
21
22
SIM5
SIM1
SIM2
SIM3
SIM4
1
21
22
SIM5
SIM1
SIM2
SIM3
SIM4
1
21
22
SIM5
SIM1
SIM2
SIM3
SIM4
1
21
22
SIM5
SIM1
SIM2
SIM3
SIM4
1
21
22
SIM5
SIM1
SIM2
SIM3
SIM4
1
21
22
SIM5
SIM1
SIM2
SIM3
SIM4
1
21
22
SIM5
SIM1
SIM2
SIM3
SIM4
1
21
22
SIM5
SIM1
SIM2
SIM3
SIM4
1
21
22
SIM5
SIM1
SIM2
SIM3
SIM4
1
21
22
SIM5
SIM1
SIM2
SIM3
SIM4
1
21
22
SIM5
SIM1
SIM2
SIM3
SIM4
1
21
22
SIM5
SIM1
SIM2
SIM3
SIM4
1
21
22
SIM5
SIM1
SIM2
SIM3
SIM4
1
21
22
SIM5
SIM1
SIM2
DEBUG 1 345
SIM1
SIM2
SIM3
SIM4
1
21
22
SIM5
SIM1
SIM2
SIM3
SIM4
1
21
22
SIM5
SIM1
SIM2
SIM3
SIM4
1
21
22
SIM5
SIM1
SIM2
SIM3
SIM4
1
21
22
SIM5
SIM1
SIM2
SIM3
SIM4
1
21
22
SIM5
SIM1
SIM2
SIM3
SIM4
1
21
22
SIM5
SIM1
SIM2
SIM3
SIM4
1
21
22
SIM5
SIM1
SIM2
SIM3
SIM4
1
21
22
SIM5
SIM1
SIM2
SIM3
SIM4
1
21
22
SIM5
SIM1
SIM2
SIM3
SIM4
1
21
22
SIM5
SIM1
SIM2
SIM3
SIM4
1
21
22
SIM5
SIM1
SIM2
SIM3
SIM4
1
21
22
SIM5
SIM1
SIM2
SIM3
SIM4
1
21
22
SIM5
SIM1
SIM2
SIM3
SIM4
1
21
22
SIM5
SIM1
SIM2
SIM3
SIM4
1
21
22
SIM5
SIM1
SIM2
SIM3
SIM4
1
21
22
SIM5
SIM1
SIM2
SIM3
SIM4
1
21
22
SIM5
SIM1
SIM2
SIM3
SIM4
1
21
22
SIM5
SIM1
SIM2
SIM3
SIM4
1
21
22
SIM5
SIM1
SIM2
SIM3
SIM4
1
21
22
SIM5
SIM1
SIM2
SIM3
SIM4
1
21
22
SIM5
SIM1
SIM2
SIM3
SIM4
1
21
22
SIM5
SIM1
SIM2
SIM3
SIM4
1
21
22
SIM5
SIM1
SIM2
SIM3
SIM4
1
21
22
SIM5
SIM1
SIM2
SIM3
SIM4
1
21
22
SIM5
SIM1
SIM2
SIM3
SIM4
1
21
22
SIM5
SIM1
SIM2
SIM3
SIM4
1
21
22
SIM5
SIM1
SIM2
SIM3
SIM4
1
21
22
SIM5
SIM1
SIM2
SIM3
SIM4
1
21
22
SIM5
SIM1
SIM2
SIM3
SIM4
1
21
22
SIM5
SIM1
SIM2
SIM3
SIM4
1
21
22
SIM5
SIM1
SIM2
SIM3
SIM4
1
21
22
SIM5
SIM1
SIM2
SIM3
SIM4
1
21
22
SIM5
SIM1
SIM2
SIM3
SIM4
1
21
22
SIM5
SIM1
SIM2
SIM3
SIM4
1
21
22
SIM5
SIM1
SIM2
SIM3
SIM4
1
21
22
SIM5
SIM1
SIM2
SIM3
SIM4
1
21
22
SIM5
SIM1
SIM2
SIM3
SIM4
1
21
22
SIM5
SIM1
SIM2
SIM3
SIM4
1
21
22
SIM5
SIM1
SIM2
SIM3
SIM4
1
21
22
SIM5
SIM1
SIM2
SIM3
SIM4
1
21
22
SIM5
SIM1
SIM2
SIM3
SIM4
1
21
22
SIM5
SIM1
SIM2
SIM3
SIM4
1
21
22
SIM5
SIM1
SIM2
SIM3
SIM4
1
21
22
SIM5
SIM1
SIM2
SIM3
SIM4
1
21
22
SIM5
SIM1
SIM2
SIM3
SIM4
1
21
22
SIM5
SIM1
SIM2
SIM3
SIM4
1
21
22
SIM5
SIM1
SIM2
SIM3
SIM4
1
21
22
SIM5
SIM1
SIM2
SIM3
SIM4
1
21
22
SIM5
SIM1
SIM2
SIM3
SIM4
1
21
22
SIM5
SIM1
SIM2
SIM3
SIM4
1
21
22
SIM5
SIM1
SIM2
SIM3
SIM4
1
21
22
SIM5
SIM1
SIM2
SIM3
SIM4
1
21
22
SIM5
SIM1
SIM2
SIM3
SIM4
1
21
22
SIM5
SIM1
SIM2
SIM3
SIM4
1
21
22
SIM5
SIM1
SIM2
SIM3
SIM4
1
21
22
SIM5
SIM1
SIM2
SIM3
SIM4
1
21
22
SIM5
SIM1
SIM2
SIM3
SIM4
1
21
22
SIM5
SIM1
SIM2
SIM3
SIM4
1
21
22
SIM5
SIM1
SIM2
SIM3
SIM4
1
21
22
SIM5
SIM1
SIM2
SIM3
SIM4
1
21
22
SIM5
SIM1
SIM2
SIM3
SIM4
1
21
22
SIM5
SIM1
SIM2
SIM3
SIM4
1
21
22
SIM5
SIM1
SIM2
SIM3
SIM4
1
21
22
SIM5
SIM1
SIM2
SIM3
SIM4
1
21
22
SIM5
SIM1
SIM2
SIM3
SIM4
1
21
22
SIM5
SIM1
SIM2
SIM3
SIM4
1
21
22
SIM5
SIM1
SIM2
SIM3
SIM4
1
21
22
SIM5
SIM1
SIM2
SIM3
SIM4
1
21
22
SIM5
SIM1
SIM2
SIM3
SIM4
1
21
22
SIM5
SIM1
SIM2
SIM3
SIM4
1
21
22
SIM5
SIM1
SIM2
SIM3
SIM4
1
21
22
SIM5
SIM1
SIM2
SIM3
SIM4
1
21
22
SIM5
SIM1
SIM2
SIM3
SIM4
1
21
22
SIM5
SIM1
SIM2
SIM3
SIM4
1
21
22
SIM5
SIM1
SIM2
SIM3
SIM4
1
21
22
SIM5
SIM1
SIM2
SIM3
SIM4
1
21
22
SIM5
SIM1
SIM2
SIM3
SIM4
1
21
22
SIM5
SIM1
SIM2
SIM3
SIM4
1
21
22
SIM5
SIM1
SIM2
SIM3
SIM4
1
21
22
SIM5
SIM1
SIM2
SIM3
SIM4
1
21
22
SIM5
SIM1
SIM2
SIM3
SIM4
1
21
22
SIM5
SIM1
SIM2
SIM3
SIM4
1
21
22
SIM5
SIM1
SIM2
SIM3
SIM4
1
21
22
SIM5
SIM1
SIM2
SIM3
SIM4
1
21
22
SIM5
SIM1
SIM2
SIM3
SIM4
1
21
22
SIM5
SIM1
SIM2
SIM3
SIM4
1
21
22
SIM5
SIM1
SIM2
SIM3
SIM4
1
21
22
SIM5
SIM1
SIM2
SIM3
SIM4
1
21
22
SIM5
SIM1
SIM2
SIM3
SIM4
1
21
22
SIM5
SIM1
SIM2
SIM3
SIM4
1
21
22
SIM5
SIM1
SIM2
SIM3
SIM4
1
21
22
SIM5
SIM1
SIM2
SIM3
SIM4
1
21
22
SIM5
SIM1
SIM2
SIM3
SIM4
1
21
22
SIM5
SIM1
SIM2
SIM3
SIM4
1
21
22
SIM5
SIM1
SIM2
DEBUG 1 346
SIM1
SIM2
SIM3
SIM4
1
21
22
SIM5
SIM1
SIM2
SIM3
SIM4
1
21
22
SIM5
SIM1
SIM2
SIM3
SIM4
1
21
22
SIM5
SIM1
SIM2
SIM3
SIM4
1
21
22
SIM5
SIM1
SIM2
SIM3
SIM4
1
21
22
SIM5
SIM1
SIM2
SIM3
SIM4
1
21
22
SIM5
SIM1
SIM2
SIM3
SIM4
1
21
22
SIM5
SIM1
SIM2
SIM3
SIM4
1
21
22
SIM5
SIM1
SIM2
SIM3
SIM4
1
21
22
SIM5
SIM1
SIM2
SIM3
SIM4
1
21
22
SIM5
SIM1
SIM2
SIM3
SIM4
1
21
22
SIM5
SIM1
SIM2
SIM3
SIM4
1
21
22
SIM5
SIM1
SIM2
SIM3
SIM4
1
21
22
SIM5
SIM1
SIM2
SIM3
SIM4
1
21
22
SIM5
SIM1
SIM2
SIM3
SIM4
1
21
22
SIM5
SIM1
SIM2
SIM3
SIM4
1
21
22
SIM5
SIM1
SIM2
SIM3
SIM4
1
21
22
SIM5
SIM1
SIM2
SIM3
SIM4
1
21
22
SIM5
SIM1
SIM2
SIM3
SIM4
1
21
22
SIM5
SIM1
SIM2
SIM3
SIM4
1
21
22
SIM5
SIM1
SIM2
SIM3
SIM4
1
21
22
SIM5
SIM1
SIM2
SIM3
SIM4
1
21
22
SIM5
SIM1
SIM2
SIM3
SIM4
1
21
22
SIM5
SIM1
SIM2
SIM3
SIM4
1
21
22
SIM5
SIM1
SIM2
SIM3
SIM4
1
21
22
SIM5
SIM1
SIM2
SIM3
SIM4
1
21
22
SIM5
SIM1
SIM2
SIM3
SIM4
1
21
22
SIM5
SIM1
SIM2
SIM3
SIM4
1
21
22
SIM5
SIM1
SIM2
SIM3
SIM4
1
21
22
SIM5
SIM1
SIM2
SIM3
SIM4
1
21
22
SIM5
SIM1
SIM2
SIM3
SIM4
1
21
22
SIM5
SIM1
SIM2
SIM3
SIM4
1
21
22
SIM5
SIM1
SIM2
SIM3
SIM4
1
21
22
SIM5
SIM1
SIM2
SIM3
SIM4
1
21
22
SIM5
SIM1
SIM2
SIM3
SIM4
1
21
22
SIM5
SIM1
SIM2
SIM3
SIM4
1
21
22
SIM5
SIM1
SIM2
SIM3
SIM4
1
21
22
SIM5
SIM1
SIM2
SIM3
SIM4
1
21
22
SIM5
SIM1
SIM2
SIM3
SIM4
1
21
22
SIM5
SIM1
SIM2
SIM3
SIM4
1
21
22
SIM5
SIM1
SIM2
SIM3
SIM4
1
21
22
SIM5
SIM1
SIM2
SIM3
SIM4
1
21
22
SIM5
SIM1
SIM2
SIM3
SIM4
1
21
22
SIM5
SIM1
SIM2
SIM3
SIM4
1
21
22
SIM5
SIM1
SIM2
SIM3
SIM4
1
21
22
SIM5
SIM1
SIM2
SIM3
SIM4
1
21
22
SIM5
SIM1
SIM2
SIM3
SIM4
1
21
22
SIM5
SIM1
SIM2
SIM3
SIM4
1
21
22
SIM5
SIM1
SIM2
SIM3
SIM4
1
21
22
SIM5
SIM1
SIM2
SIM3
SIM4
1
21
22
SIM5
SIM1
SIM2
SIM3
SIM4
1
21
22
SIM5
SIM1
SIM2
SIM3
SIM4
1
21
22
SIM5
SIM1
SIM2
SIM3
SIM4
1
21
22
SIM5
SIM1
SIM2
SIM3
SIM4
1
21
22
SIM5
SIM1
SIM2
SIM3
SIM4
1
21
22
SIM5
SIM1
SIM2
SIM3
SIM4
1
21
22
SIM5
SIM1
SIM2
SIM3
SIM4
1
21
22
SIM5
SIM1
SIM2
SIM3
SIM4
1
21
22
SIM5
SIM1
SIM2
SIM3
SIM4
1
21
22
SIM5
SIM1
SIM2
SIM3
SIM4
1
21
22
SIM5
SIM1
SIM2
SIM3
SIM4
1
21
22
SIM5
SIM1
SIM2
SIM3
SIM4
1
21
22
SIM5
SIM1
SIM2
SIM3
SIM4
1
21
22
SIM5
SIM1
SIM2
SIM3
SIM4
1
21
22
SIM5
SIM1
SIM2
SIM3
SIM4
1
21
22
SIM5
SIM1
SIM2
SIM3
SIM4
1
21
22
SIM5
SIM1
SIM2
SIM3
SIM4
1
21
22
SIM5
SIM1
SIM2
SIM3
SIM4
1
21
22
SIM5
SIM1
SIM2
SIM3
SIM4
1
21
22
SIM5
SIM1
SIM2
SIM3
SIM4
1
21
22
SIM5
SIM1
SIM2
SIM3
SIM4
1
21
22
SIM5
SIM1
SIM2
SIM3
SIM4
1
21
22
SIM5
SIM1
SIM2
SIM3
SIM4
1
21
22
SIM5
SIM1
SIM2
SIM3
SIM4
1
21
22
SIM5
SIM1
SIM2
SIM3
SIM4
1
21
22
SIM5
SIM1
SIM2
SIM3
SIM4
1
21
22
SIM5
SIM1
SIM2
SIM3
SIM4
1
21
22
SIM5
SIM1
SIM2
SIM3
SIM4
1
21
22
SIM5
SIM1
SIM2
SIM3
SIM4
1
21
22
SIM5
SIM1
SIM2
SIM3
SIM4
1
21
22
SIM5
SIM1
SIM2
SIM3
SIM4
1
21
22
SIM5
SIM1
SIM2
SIM3
SIM4
1
21
22
SIM5
SIM1
SIM2
SIM3
SIM4
1
21
22
SIM5
SIM1
SIM2
SIM3
SIM4
1
21
22
SIM5
SIM1
SIM2
SIM3
SIM4
1
21
22
SIM5
SIM1
SIM2
SIM3
SIM4
1
21
22
SIM5
SIM1
SIM2
SIM3
SIM4
1
21
22
SIM5
SIM1
SIM2
SIM3
SIM4
1
21
22
SIM5
SIM1
SIM2
SIM3
SIM4
1
21
22
SIM5
SIM1
SIM2
SIM3
SIM4
1
21
22
SIM5
SIM1
SIM2
SIM3
SIM4
1
21
22
SIM5
SIM1
SIM2
SIM3
SIM4
1
21
22
SIM5
SIM1
SIM2
SIM3
SIM4
1
21
22
SIM5
SIM1
SIM2
SIM3
SIM4
1
21
22
SIM5
SIM1
SIM2
SIM3
SIM4
1
21
22
SIM5
SIM1
SIM2
SIM3
SIM4
1
21
22
SIM5
SIM1
SIM2
SIM3
SIM4
1
21
22
SIM5
SIM1
SIM2
SIM3
SIM4
1
21
22
SIM5
SIM1
SIM2
SIM3
SIM4
1
21
22
SIM5
SIM1
SIM2
SIM3
SIM4
1
21
22
SIM5
SIM1
SIM2
SIM3
SIM4
1
21
22
SIM5
SIM1
SIM2
SIM3
SIM4
1
21
22
SIM5
SIM1
SIM2
SIM3
SIM4
1
21
22
SIM5
SIM1
SIM2
SIM3
SIM4
1
21
22
SIM5
SIM1
SIM2
SIM3
SIM4
1
21
22
SIM5
SIM1
SIM2
SIM3
SIM4
1
21
22
SIM5
SIM1
SIM2
SIM3
SIM4
1
21
22
SIM5
SIM1
SIM2
SIM3
SIM4
1
21
22
SIM5
SIM1
SIM2
SIM3
SIM4
1
21
22
SIM5
SIM1
SIM2
SIM3
SIM4
1
21
22
SIM5
SIM1
SIM2
SIM3
SIM4
1
21
22
SIM5
SIM1
SIM2
SIM3
SIM4
1
21
22
SIM5
SIM1
SIM2
SIM3
SIM4
1
21
22
SIM5
SIM1
SIM2
SIM3
SIM4
1
21
22
SIM5
SIM1
SIM2
SIM3
SIM4
1
21
22
SIM5
SIM1
SIM2
SIM3
SIM4
1
21
22
SIM5
SIM1
SIM2
SIM3
SIM4
1
21
22
SIM5
SIM1
SIM2
SIM3
SIM4
1
21
22
SIM5
SIM1
SIM2
SIM3
SIM4
1
21
22
SIM5
SIM1
SIM2
SIM3
SIM4
1
21
22
SIM5
SIM1
SIM2
SIM3
SIM4
1
21
22
SIM5
SIM1
SIM2
SIM3
SIM4
1
21
22
SIM5
SIM1
SIM2
SIM3
SIM4
1
21
22
SIM5
SIM1
SIM2
SIM3
SIM4
1
21
22
SIM5
SIM1
SIM2
SIM3
SIM4
1
21
22
SIM5
SIM1
SIM2
SIM3
SIM4
1
21
22
SIM5
SIM1
SIM2
SIM3
SIM4
1
21
22
SIM5
SIM1
SIM2
SIM3
SIM4
1
21
22
SIM5
SIM1
SIM2
SIM3
SIM4
1
21
22
SIM5
SIM1
SIM2
SIM3
SIM4
1
21
22
SIM5
SIM1
SIM2
SIM3
SIM4
1
21
22
SIM5
SIM1
SIM2
SIM3
SIM4
1
21
22
SIM5
SIM1
SIM2
SIM3
SIM4
1
21
22
SIM5
SIM1
SIM2
SIM3
SIM4
1
21
22
SIM5
SIM1
SIM2
SIM3
SIM4
1
21
22
SIM5
SIM1
SIM2
SIM3
SIM4
1
21
22
SIM5
SIM1
SIM2
SIM3
SIM4
1
21
22
SIM5
SIM1
SIM2
SIM3
SIM4
1
21
22
SIM5
SIM1
SIM2
SIM3
SIM4
1
21
22
SIM5
SIM1
SIM2
SIM3
SIM4
1
21
22
SIM5
SIM1
SIM2
SIM3
SIM4
1
21
22
SIM5
SIM1
SIM2
SIM3
SIM4
1
21
22
SIM5
SIM1
SIM2
SIM3
SIM4
1
21
22
SIM5
SIM1
SIM2
SIM3
SIM4
1
21
22
SIM5
SIM1
SIM2
SIM3
SIM4
1
21
22
SIM5
SIM1
SIM2
SIM3
SIM4
1
21
22
SIM5
SIM1
SIM2
SIM3
SIM4
1
21
22
SIM5
SIM1
SIM2
SIM3
SIM4
1
21
22
SIM5
SIM1
SIM2
SIM3
SIM4
1
21
22
SIM5
SIM1
SIM2
SIM3
SIM4
1
21
22
SIM5
SIM1
SIM2
SIM3
SIM4
1
21
22
SIM5
SIM1
SIM2
SIM3
SIM4
1
21
22
SIM5
SIM1
SIM2
SIM3
SIM4
1
21
22
SIM5
SIM1
SIM2
SIM3
SIM4
1
21
22
SIM5
SIM1
SIM2
SIM3
SIM4
1
21
22
SIM5
SIM1
SIM2
SIM3
SIM4
1
21
22
SIM5
SIM1
SIM2
SIM3
SIM4
1
21
22
SIM5
SIM1
SIM2
SIM3
SIM4
1
21
22
SIM5
SIM1
SIM2
SIM3
SIM4
1
21
22
SIM5
SIM1
SIM2
SIM3
SIM4
1
21
22
SIM5
SIM1
SIM2
SIM3
SIM4
1
21
22
SIM5
SIM1
SIM2
SIM3
SIM4
1
21
22
SIM5
SIM1
SIM2
SIM3
SIM4
1
21
22
SIM5
SIM1
SIM2
SIM3
SIM4
1
21
22
SIM5
SIM1
SIM2
SIM3
SIM4
1
21
22
SIM5
SIM1
SIM2
SIM3
SIM4
1
21
22
SIM5
SIM1
SIM2
SIM3
SIM4
1
21
22
SIM5
SIM1
SIM2
SIM3
SIM4
1
21
22
SIM5
SIM1
SIM2
SIM3
SIM4
1
21
22
SIM5
SIM1
SIM2
SIM3
SIM4
1
21
22
SIM5
SIM1
SIM2
SIM3
SIM4
1
21
22
SIM5
SIM1
SIM2
SIM3
SIM4
1
21
22
SIM5
SIM1
SIM2
SIM3
SIM4
1
21
22
SIM5
SIM1
SIM2
SIM3
SIM4
1
21
22
SIM5
SIM1
SIM2
SIM3
SIM4
1
21
22
SIM5
SIM1
SIM2
SIM3
SIM4
1
21
22
SIM5
SIM1
SIM2
SIM3
SIM4
1
21
22
SIM5
SIM1
SIM2
SIM3
SIM4
1
21
22
SIM5
SIM1
SIM2
SIM3
SIM4
1
21
22
SIM5
SIM1
SIM2
SIM3
SIM4
1
21
22
SIM5
SIM1
SIM2
SIM3
SIM4
1
21
22
SIM5
SIM1
SIM2
SIM3
SIM4
1
21
22
SIM5
SIM1
SIM2
SIM3
SIM4
1
21
22
SIM5
SIM1
SIM2
SIM3
SIM4
1
21
22
SIM5
SIM1
SIM2
SIM3
SIM4
1
21
22
SIM5
SIM1
SIM2
SIM3
SIM4
1
21
22
SIM5
SIM1
SIM2
SIM3
SIM4
1
21
22
SIM5
SIM1
SIM2
SIM3
SIM4
1
21
22
SIM5
SIM1
SIM2
SIM3
SIM4
1
21
22
SIM5
SIM1
SIM2
SIM3
SIM4
1
21
22
SIM5
SIM1
SIM2
SIM3
SIM4
1
21
22
SIM5
SIM1
SIM2
SIM3
SIM4
1
21
22
SIM5
SIM1
SIM2
SIM3
SIM4
1
21
22
SIM5
SIM1
SIM2
SIM3
SIM4
1
21
22
SIM5
SIM1
SIM2
SIM3
SIM4
1
21
22
SIM5
SIM1
SIM2
SIM3
SIM4
1
21
22
SIM5
SIM1
SIM2
SIM3
SIM4
1
21
22
SIM5
SIM1
SIM2
SIM3
SIM4
1
21
22
SIM5
SIM1
SIM2
SIM3
SIM4
1
21
22
SIM5
SIM1
SIM2
SIM3
SIM4
1
21
22
SIM5
SIM1
SIM2
SIM3
SIM4
1
21
22
SIM5
SIM1
SIM2
SIM3
SIM4
1
21
22
SIM5
SIM1
SIM2
SIM3
SIM4
1
21
22
SIM5
SIM1
SIM2
SIM3
SIM4
1
21
22
SIM5
SIM1
SIM2
SIM3
SIM4
1
21
22
SIM5
SIM1
SIM2
SIM3
SIM4
1
21
22
SIM5
SIM1
SIM2
SIM3
SIM4
1
21
22
SIM5
SIM1
SIM2
SIM3
SIM4
1
21
22
SIM5
SIM1
SIM2
SIM3
SIM4
1
21
22
SIM5
SIM1
SIM2
SIM3
SIM4
1
21
22
SIM5
SIM1
SIM2
SIM3
SIM4
1
21
22
SIM5
SIM1
SIM2
SIM3
SIM4
1
21
22
SIM5
SIM1
SIM2
SIM3
SIM4
1
21
22
SIM5
SIM1
SIM2
SIM3
SIM4
1
21
22
SIM5
SIM1
SIM2
SIM3
SIM4
1
21
22
SIM5
SIM1
SIM2
SIM3
SIM4
1
21
22
SIM5
SIM1
SIM2
SIM3
SIM4
1
21
22
SIM5
SIM1
SIM2
SIM3
SIM4
1
21
22
SIM5
SIM1
SIM2
SIM3
SIM4
1
21
22
SIM5
SIM1
SIM2
SIM3
SIM4
1
21
22
SIM5
SIM1
SIM2
SIM3
SIM4
1
21
22
SIM5
SIM1
SIM2
SIM3
SIM4
1
21
22
SIM5
SIM1
SIM2
SIM3
SIM4
1
21
22
SIM5
SIM1
SIM2
SIM3
SIM4
1
21
22
SIM5
SIM1
SIM2
SIM3
SIM4
1
21
22
SIM5
SIM1
SIM2
SIM3
SIM4
1
21
22
SIM5
SIM1
SIM2
SIM3
SIM4
1
21
22
SIM5
SIM1
SIM2
SIM3
SIM4
1
21
22
SIM5
SIM1
SIM2
SIM3
SIM4
1
21
22
SIM5
SIM1
SIM2
SIM3
SIM4
1
21
22
SIM5
SIM1
SIM2
SIM3
SIM4
1
21
22
SIM5
SIM1
SIM2
SIM3
SIM4
1
21
22
SIM5
SIM1
SIM2
SIM3
SIM4
1
21
22
SIM5
SIM1
SIM2
SIM3
SIM4
1
21
22
SIM5
SIM1
SIM2
SIM3
SIM4
1
21
22
SIM5
SIM1
SIM2
SIM3
SIM4
1
21
22
SIM5
SIM1
SIM2
SIM3
SIM4
1
21
22
SIM5
SIM1
SIM2
SIM3
SIM4
1
21
22
SIM5
SIM1
SIM2
SIM3
SIM4
1
21
22
SIM5
SIM1
SIM2
SIM3
SIM4
1
21
22
SIM5
SIM1
SIM2
SIM3
SIM4
1
21
22
SIM5
SIM1
SIM2
SIM3
SIM4
1
21
22
SIM5
SIM1
SIM2
SIM3
SIM4
1
21
22
SIM5
SIM1
SIM2
SIM3
SIM4
1
21
22
SIM5
SIM1
SIM2
SIM3
SIM4
1
21
22
SIM5
SIM1
SIM2
SIM3
SIM4
1
21
22
SIM5
SIM1
SIM2
SIM3
SIM4
1
21
22
SIM5
SIM1
SIM2
SIM3
SIM4
1
21
22
SIM5
SIM1
SIM2
SIM3
SIM4
1
21
22
SIM5
SIM1
SIM2
SIM3
SIM4
1
21
22
SIM5
SIM1
SIM2
SIM3
SIM4
1
21
22
SIM5
SIM1
SIM2
SIM3
SIM4
1
21
22
SIM5
SIM1
SIM2
SIM3
SIM4
1
21
22
SIM5
SIM1
SIM2
SIM3
SIM4
1
21
22
SIM5
SIM1
SIM2
SIM3
SIM4
1
21
22
SIM5
SIM1
SIM2
DEBUG 1 347
SIM1
SIM2
SIM3
SIM4
1
21
22
SIM5
SIM1
SIM2
SIM3
SIM4
1
21
22
SIM5
SIM1
SIM2
SIM3
SIM4
1
21
22
SIM5
SIM1
SIM2
SIM3
SIM4
1
21
22
SIM5
SIM1
SIM2
SIM3
SIM4
1
21
22
SIM5
SIM1
SIM2
SIM3
SIM4
1
21
22
SIM5
SIM1
SIM2
SIM3
SIM4
1
21
22
SIM5
SIM1
SIM2
SIM3
SIM4
1
21
22
SIM5
SIM1
SIM2
SIM3
SIM4
1
21
22
SIM5
SIM1
SIM2
SIM3
SIM4
1
21
22
SIM5
SIM1
SIM2
SIM3
SIM4
1
21
22
SIM5
SIM1
SIM2
SIM3
SIM4
1
21
22
SIM5
SIM1
SIM2
SIM3
SIM4
1
21
22
SIM5
SIM1
SIM2
SIM3
SIM4
1
21
22
SIM5
SIM1
SIM2
SIM3
SIM4
1
21
22
SIM5
SIM1
SIM2
SIM3
SIM4
1
21
22
SIM5
SIM1
SIM2
SIM3
SIM4
1
21
22
SIM5
SIM1
SIM2
SIM3
SIM4
1
21
22
SIM5
SIM1
SIM2
SIM3
SIM4
1
21
22
SIM5
SIM1
SIM2
SIM3
SIM4
1
21
22
SIM5
SIM1
SIM2
SIM3
SIM4
1
21
22
SIM5
SIM1
SIM2
SIM3
SIM4
1
21
22
SIM5
SIM1
SIM2
SIM3
SIM4
1
21
22
SIM5
SIM1
SIM2
SIM3
SIM4
1
21
22
SIM5
SIM1
SIM2
SIM3
SIM4
1
21
22
SIM5
SIM1
SIM2
SIM3
SIM4
1
21
22
SIM5
SIM1
SIM2
SIM3
SIM4
1
21
22
SIM5
SIM1
SIM2
SIM3
SIM4
1
21
22
SIM5
SIM1
SIM2
SIM3
SIM4
1
21
22
SIM5
SIM1
SIM2
SIM3
SIM4
1
21
22
SIM5
SIM1
SIM2
SIM3
SIM4
1
21
22
SIM5
SIM1
SIM2
SIM3
SIM4
1
21
22
SIM5
SIM1
SIM2
SIM3
SIM4
1
21
22
SIM5
SIM1
SIM2
SIM3
SIM4
1
21
22
SIM5
SIM1
SIM2
SIM3
SIM4
1
21
22
SIM5
SIM1
SIM2
SIM3
SIM4
1
21
22
SIM5
SIM1
SIM2
SIM3
SIM4
1
21
22
SIM5
SIM1
SIM2
SIM3
SIM4
1
21
22
SIM5
SIM1
SIM2
SIM3
SIM4
1
21
22
SIM5
SIM1
SIM2
SIM3
SIM4
1
21
22
SIM5
SIM1
SIM2
SIM3
SIM4
1
21
22
SIM5
SIM1
SIM2
SIM3
SIM4
1
21
22
SIM5
SIM1
SIM2
SIM3
SIM4
1
21
22
SIM5
SIM1
SIM2
SIM3
SIM4
1
21
22
SIM5
SIM1
SIM2
SIM3
SIM4
1
21
22
SIM5
SIM1
SIM2
SIM3
SIM4
1
21
22
SIM5
SIM1
SIM2
SIM3
SIM4
1
21
22
SIM5
SIM1
SIM2
SIM3
SIM4
1
21
22
SIM5
SIM1
SIM2
SIM3
SIM4
1
21
22
SIM5
SIM1
SIM2
SIM3
SIM4
1
21
22
SIM5
SIM1
SIM2
SIM3
SIM4
1
21
22
SIM5
SIM1
SIM2
SIM3
SIM4
1
21
22
SIM5
SIM1
SIM2
SIM3
SIM4
1
21
22
SIM5
SIM1
SIM2
SIM3
SIM4
1
21
22
SIM5
SIM1
SIM2
SIM3
SIM4
1
21
22
SIM5
SIM1
SIM2
SIM3
SIM4
1
21
22
SIM5
SIM1
SIM2
SIM3
SIM4
1
21
22
SIM5
SIM1
SIM2
SIM3
SIM4
1
21
22
SIM5
SIM1
SIM2
SIM3
SIM4
1
21
22
SIM5
SIM1
SIM2
SIM3
SIM4
1
21
22
SIM5
SIM1
SIM2
SIM3
SIM4
1
21
22
SIM5
SIM1
SIM2
SIM3
SIM4
1
21
22
SIM5
SIM1
SIM2
SIM3
SIM4
1
21
22
SIM5
SIM1
SIM2
SIM3
SIM4
1
21
22
SIM5
SIM1
SIM2
SIM3
SIM4
1
21
22
SIM5
SIM1
SIM2
SIM3
SIM4
1
21
22
SIM5
SIM1
SIM2
SIM3
SIM4
1
21
22
SIM5
SIM1
SIM2
SIM3
SIM4
1
21
22
SIM5
SIM1
SIM2
SIM3
SIM4
1
21
22
SIM5
SIM1
SIM2
SIM3
SIM4
1
21
22
SIM5
SIM1
SIM2
SIM3
SIM4
1
21
22
SIM5
SIM1
SIM2
SIM3
SIM4
1
21
22
SIM5
SIM1
SIM2
SIM3
SIM4
1
21
22
SIM5
SIM1
SIM2
SIM3
SIM4
1
21
22
SIM5
SIM1
SIM2
SIM3
SIM4
1
21
22
SIM5
SIM1
SIM2
SIM3
SIM4
1
21
22
SIM5
SIM1
SIM2
SIM3
SIM4
1
21
22
SIM5
SIM1
SIM2
SIM3
SIM4
1
21
22
SIM5
SIM1
SIM2
SIM3
SIM4
1
21
22
SIM5
SIM1
SIM2
SIM3
SIM4
1
21
22
SIM5
SIM1
SIM2
SIM3
SIM4
1
21
22
SIM5
SIM1
SIM2
SIM3
SIM4
1
21
22
SIM5
SIM1
SIM2
SIM3
SIM4
1
21
22
SIM5
SIM1
SIM2
SIM3
SIM4
1
21
22
SIM5
SIM1
SIM2
SIM3
SIM4
1
21
22
SIM5
SIM1
SIM2
SIM3
SIM4
1
21
22
SIM5
SIM1
SIM2
SIM3
SIM4
1
21
22
SIM5
SIM1
SIM2
SIM3
SIM4
1
21
22
SIM5
SIM1
SIM2
SIM3
SIM4
1
21
22
SIM5
SIM1
SIM2
SIM3
SIM4
1
21
22
SIM5
SIM1
SIM2
SIM3
SIM4
1
21
22
SIM5
SIM1
SIM2
SIM3
SIM4
1
21
22
SIM5
SIM1
SIM2
SIM3
SIM4
1
21
22
SIM5
SIM1
SIM2
SIM3
SIM4
1
21
22
SIM5
SIM1
SIM2
SIM3
SIM4
1
21
22
SIM5
SIM1
SIM2
SIM3
SIM4
1
21
22
SIM5
SIM1
SIM2
SIM3
SIM4
1
21
22
SIM5
SIM1
SIM2
SIM3
SIM4
1
21
22
SIM5
SIM1
SIM2
SIM3
SIM4
1
21
22
SIM5
SIM1
SIM2
SIM3
SIM4
1
21
22
SIM5
SIM1
SIM2
SIM3
SIM4
1
21
22
SIM5
SIM1
SIM2
SIM3
SIM4
1
21
22
SIM5
SIM1
SIM2
SIM3
SIM4
1
21
22
SIM5
SIM1
SIM2
SIM3
SIM4
1
21
22
SIM5
SIM1
SIM2
SIM3
SIM4
1
21
22
SIM5
SIM1
SIM2
SIM3
SIM4
1
21
22
SIM5
SIM1
SIM2
SIM3
SIM4
1
21
22
SIM5
SIM1
SIM2
SIM3
SIM4
1
21
22
SIM5
SIM1
SIM2
SIM3
SIM4
1
21
22
SIM5
SIM1
SIM2
SIM3
SIM4
1
21
22
SIM5
SIM1
SIM2
SIM3
SIM4
1
21
22
SIM5
SIM1
SIM2
SIM3
SIM4
1
21
22
SIM5
SIM1
SIM2
SIM3
SIM4
1
21
22
SIM5
SIM1
SIM2
SIM3
SIM4
1
21
22
SIM5
SIM1
SIM2
SIM3
SIM4
1
21
22
SIM5
SIM1
SIM2
SIM3
SIM4
1
21
22
SIM5
SIM1
SIM2
SIM3
SIM4
1
21
22
SIM5
SIM1
SIM2
SIM3
SIM4
1
21
22
SIM5
SIM1
SIM2
SIM3
SIM4
1
21
22
SIM5
SIM1
SIM2
SIM3
SIM4
1
21
22
SIM5
SIM1
SIM2
SIM3
SIM4
1
21
22
SIM5
SIM1
SIM2
SIM3
SIM4
1
21
22
SIM5
SIM1
SIM2
SIM3
SIM4
1
21
22
SIM5
SIM1
SIM2
SIM3
SIM4
1
21
22
SIM5
SIM1
SIM2
SIM3
SIM4
1
21
22
SIM5
SIM1
SIM2
SIM3
SIM4
1
21
22
SIM5
SIM1
SIM2
SIM3
SIM4
1
21
22
SIM5
SIM1
SIM2
SIM3
SIM4
1
21
22
SIM5
SIM1
SIM2
SIM3
SIM4
1
21
22
SIM5
SIM1
SIM2
SIM3
SIM4
1
21
22
SIM5
SIM1
SIM2
SIM3
SIM4
1
21
22
SIM5
SIM1
SIM2
SIM3
SIM4
1
21
22
SIM5
SIM1
SIM2
SIM3
SIM4
1
21
22
SIM5
SIM1
SIM2
SIM3
SIM4
1
21
22
SIM5
SIM1
SIM2
SIM3
SIM4
1
21
22
SIM5
SIM1
SIM2
SIM3
SIM4
1
21
22
SIM5
SIM1
SIM2
SIM3
SIM4
1
21
22
SIM5
SIM1
SIM2
SIM3
SIM4
1
21
22
SIM5
SIM1
SIM2
SIM3
SIM4
1
21
22
SIM5
SIM1
SIM2
DEBUG 1 348
SIM1
SIM2
SIM3
SIM4
1
21
22
SIM5
SIM1
SIM2
SIM3
SIM4
1
21
22
SIM5
SIM1
SIM2
SIM3
SIM4
1
21
22
SIM5
SIM1
SIM2
SIM3
SIM4
1
21
22
SIM5
SIM1
SIM2
SIM3
SIM4
1
21
22
SIM5
SIM1
SIM2
SIM3
SIM4
1
21
22
SIM5
SIM1
SIM2
SIM3
SIM4
1
21
22
SIM5
SIM1
SIM2
SIM3
SIM4
1
21
22
SIM5
SIM1
SIM2
SIM3
SIM4
1
21
22
SIM5
SIM1
SIM2
SIM3
SIM4
1
21
22
SIM5
SIM1
SIM2
SIM3
SIM4
1
21
22
SIM5
SIM1
SIM2
SIM3
SIM4
1
21
22
SIM5
SIM1
SIM2
SIM3
SIM4
1
21
22
SIM5
SIM1
SIM2
SIM3
SIM4
1
21
22
SIM5
SIM1
SIM2
SIM3
SIM4
1
21
22
SIM5
SIM1
SIM2
SIM3
SIM4
1
21
22
SIM5
SIM1
SIM2
SIM3
SIM4
1
21
22
SIM5
SIM1
SIM2
SIM3
SIM4
1
21
22
SIM5
SIM1
SIM2
SIM3
SIM4
1
21
22
SIM5
SIM1
SIM2
SIM3
SIM4
1
21
22
SIM5
SIM1
SIM2
SIM3
SIM4
1
21
22
SIM5
SIM1
SIM2
SIM3
SIM4
1
21
22
SIM5
SIM1
SIM2
SIM3
SIM4
1
21
22
SIM5
SIM1
SIM2
SIM3
SIM4
1
21
22
SIM5
SIM1
SIM2
SIM3
SIM4
1
21
22
SIM5
SIM1
SIM2
SIM3
SIM4
1
21
22
SIM5
SIM1
SIM2
SIM3
SIM4
1
21
22
SIM5
SIM1
SIM2
SIM3
SIM4
1
21
22
SIM5
SIM1
SIM2
SIM3
SIM4
1
21
22
SIM5
SIM1
SIM2
SIM3
SIM4
1
21
22
SIM5
SIM1
SIM2
SIM3
SIM4
1
21
22
SIM5
SIM1
SIM2
SIM3
SIM4
1
21
22
SIM5
SIM1
SIM2
SIM3
SIM4
1
21
22
SIM5
SIM1
SIM2
SIM3
SIM4
1
21
22
SIM5
SIM1
SIM2
SIM3
SIM4
1
21
22
SIM5
SIM1
SIM2
SIM3
SIM4
1
21
22
SIM5
SIM1
SIM2
SIM3
SIM4
1
21
22
SIM5
SIM1
SIM2
SIM3
SIM4
1
21
22
SIM5
SIM1
SIM2
SIM3
SIM4
1
21
22
SIM5
SIM1
SIM2
SIM3
SIM4
1
21
22
SIM5
SIM1
SIM2
SIM3
SIM4
1
21
22
SIM5
SIM1
SIM2
SIM3
SIM4
1
21
22
SIM5
SIM1
SIM2
SIM3
SIM4
1
21
22
SIM5
SIM1
SIM2
SIM3
SIM4
1
21
22
SIM5
SIM1
SIM2
SIM3
SIM4
1
21
22
SIM5
SIM1
SIM2
SIM3
SIM4
1
21
22
SIM5
SIM1
SIM2
SIM3
SIM4
1
21
22
SIM5
SIM1
SIM2
SIM3
SIM4
1
21
22
SIM5
SIM1
SIM2
SIM3
SIM4
1
21
22
SIM5
SIM1
SIM2
SIM3
SIM4
1
21
22
SIM5
SIM1
SIM2
SIM3
SIM4
1
21
22
SIM5
SIM1
SIM2
SIM3
SIM4
1
21
22
SIM5
SIM1
SIM2
SIM3
SIM4
1
21
22
SIM5
SIM1
SIM2
SIM3
SIM4
1
21
22
SIM5
SIM1
SIM2
SIM3
SIM4
1
21
22
SIM5
SIM1
SIM2
SIM3
SIM4
1
21
22
SIM5
SIM1
SIM2
SIM3
SIM4
1
21
22
SIM5
SIM1
SIM2
SIM3
SIM4
1
21
22
SIM5
SIM1
SIM2
SIM3
SIM4
1
21
22
SIM5
SIM1
SIM2
SIM3
SIM4
1
21
22
SIM5
SIM1
SIM2
SIM3
SIM4
1
21
22
SIM5
SIM1
SIM2
SIM3
SIM4
1
21
22
SIM5
SIM1
SIM2
SIM3
SIM4
1
21
22
SIM5
SIM1
SIM2
SIM3
SIM4
1
21
22
SIM5
SIM1
SIM2
SIM3
SIM4
1
21
22
SIM5
SIM1
SIM2
SIM3
SIM4
1
21
22
SIM5
SIM1
SIM2
SIM3
SIM4
1
21
22
SIM5
SIM1
SIM2
SIM3
SIM4
1
21
22
SIM5
SIM1
SIM2
SIM3
SIM4
1
21
22
SIM5
SIM1
SIM2
SIM3
SIM4
1
21
22
SIM5
SIM1
SIM2
SIM3
SIM4
1
21
22
SIM5
SIM1
SIM2
SIM3
SIM4
1
21
22
SIM5
SIM1
SIM2
SIM3
SIM4
1
21
22
SIM5
SIM1
SIM2
SIM3
SIM4
1
21
22
SIM5
SIM1
SIM2
SIM3
SIM4
1
21
22
SIM5
SIM1
SIM2
SIM3
SIM4
1
21
22
SIM5
SIM1
SIM2
SIM3
SIM4
1
21
22
SIM5
SIM1
SIM2
SIM3
SIM4
1
21
22
SIM5
SIM1
SIM2
SIM3
SIM4
1
21
22
SIM5
SIM1
SIM2
SIM3
SIM4
1
21
22
SIM5
SIM1
SIM2
SIM3
SIM4
1
21
22
SIM5
SIM1
SIM2
SIM3
SIM4
1
21
22
SIM5
SIM1
SIM2
SIM3
SIM4
1
21
22
SIM5
SIM1
SIM2
SIM3
SIM4
1
21
22
SIM5
SIM1
SIM2
SIM3
SIM4
1
21
22
SIM5
SIM1
SIM2
SIM3
SIM4
1
21
22
SIM5
SIM1
SIM2
SIM3
SIM4
1
21
22
SIM5
SIM1
SIM2
SIM3
SIM4
1
21
22
SIM5
SIM1
SIM2
SIM3
SIM4
1
21
22
SIM5
SIM1
SIM2
SIM3
SIM4
1
21
22
SIM5
SIM1
SIM2
SIM3
SIM4
1
21
22
SIM5
SIM1
SIM2
SIM3
SIM4
1
21
22
SIM5
SIM1
SIM2
SIM3
SIM4
1
21
22
SIM5
SIM1
SIM2
SIM3
SIM4
1
21
22
SIM5
SIM1
SIM2
SIM3
SIM4
1
21
22
SIM5
SIM1
SIM2
SIM3
SIM4
1
21
22
SIM5
SIM1
SIM2
SIM3
SIM4
1
21
22
SIM5
SIM1
SIM2
SIM3
SIM4
1
21
22
SIM5
SIM1
SIM2
SIM3
SIM4
1
21
22
SIM5
SIM1
SIM2
SIM3
SIM4
1
21
22
SIM5
SIM1
SIM2
SIM3
SIM4
1
21
22
SIM5
SIM1
SIM2
SIM3
SIM4
1
21
22
SIM5
SIM1
SIM2
SIM3
SIM4
1
21
22
SIM5
SIM1
SIM2
SIM3
SIM4
1
21
22
SIM5
SIM1
SIM2
SIM3
SIM4
1
21
22
SIM5
SIM1
SIM2
SIM3
SIM4
1
21
22
SIM5
SIM1
SIM2
SIM3
SIM4
1
21
22
SIM5
SIM1
SIM2
SIM3
SIM4
1
21
22
SIM5
SIM1
SIM2
SIM3
SIM4
1
21
22
SIM5
SIM1
SIM2
SIM3
SIM4
1
21
22
SIM5
SIM1
SIM2
SIM3
SIM4
1
21
22
SIM5
SIM1
SIM2
SIM3
SIM4
1
21
22
SIM5
SIM1
SIM2
SIM3
SIM4
1
21
22
SIM5
SIM1
SIM2
SIM3
SIM4
1
21
22
SIM5
SIM1
SIM2
SIM3
SIM4
1
21
22
SIM5
SIM1
SIM2
SIM3
SIM4
1
21
22
SIM5
SIM1
SIM2
SIM3
SIM4
1
21
22
SIM5
SIM1
SIM2
SIM3
SIM4
1
21
22
SIM5
SIM1
SIM2
SIM3
SIM4
1
21
22
SIM5
SIM1
SIM2
SIM3
SIM4
1
21
22
SIM5
SIM1
SIM2
SIM3
SIM4
1
21
22
SIM5
SIM1
SIM2
SIM3
SIM4
1
21
22
SIM5
SIM1
SIM2
SIM3
SIM4
1
21
22
SIM5
SIM1
SIM2
SIM3
SIM4
1
21
22
SIM5
SIM1
SIM2
SIM3
SIM4
1
21
22
SIM5
SIM1
SIM2
SIM3
SIM4
1
21
22
SIM5
SIM1
SIM2
SIM3
SIM4
1
21
22
SIM5
SIM1
SIM2
SIM3
SIM4
1
21
22
SIM5
SIM1
SIM2
SIM3
SIM4
1
21
22
SIM5
SIM1
SIM2
SIM3
SIM4
1
21
22
SIM5
SIM1
SIM2
SIM3
SIM4
1
21
22
SIM5
SIM1
SIM2
SIM3
SIM4
1
21
22
SIM5
SIM1
SIM2
SIM3
SIM4
1
21
22
SIM5
SIM1
SIM2
SIM3
SIM4
1
21
22
SIM5
SIM1
SIM2
SIM3
SIM4
1
21
22
SIM5
SIM1
SIM2
SIM3
SIM4
1
21
22
SIM5
SIM1
SIM2
SIM3
SIM4
1
21
22
SIM5
SIM1
SIM2
SIM3
SIM4
1
21
22
SIM5
SIM1
SIM2
SIM3
SIM4
1
21
22
SIM5
SIM1
SIM2
SIM3
SIM4
1
21
22
SIM5
SIM1
SIM2
SIM3
SIM4
1
21
22
SIM5
SIM1
SIM2
SIM3
SIM4
1
21
22
SIM5
SIM1
SIM2
SIM3
SIM4
1
21
22
SIM5
SIM1
SIM2
SIM3
SIM4
1
21
22
SIM5
SIM1
SIM2
SIM3
SIM4
1
21
22
SIM5
SIM1
SIM2
SIM3
SIM4
1
21
22
SIM5
SIM1
SIM2
SIM3
SIM4
1
21
22
SIM5
SIM1
SIM2
DEBUG 1 349
SIM1
SIM2
SIM3
SIM4
1
21
22
SIM5
SIM1
SIM2
SIM3
SIM4
1
21
22
SIM5
SIM1
SIM2
SIM3
SIM4
1
21
22
SIM5
SIM1
SIM2
SIM3
SIM4
1
21
22
SIM5
SIM1
SIM2
SIM3
SIM4
1
21
22
SIM5
SIM1
SIM2
SIM3
SIM4
1
21
22
SIM5
SIM1
SIM2
SIM3
SIM4
1
21
22
SIM5
SIM1
SIM2
SIM3
SIM4
1
21
22
SIM5
SIM1
SIM2
SIM3
SIM4
1
21
22
SIM5
SIM1
SIM2
SIM3
SIM4
1
21
22
SIM5
SIM1
SIM2
SIM3
SIM4
1
21
22
SIM5
SIM1
SIM2
SIM3
SIM4
1
21
22
SIM5
SIM1
SIM2
SIM3
SIM4
1
21
22
SIM5
SIM1
SIM2
SIM3
SIM4
1
21
22
SIM5
SIM1
SIM2
SIM3
SIM4
1
21
22
SIM5
SIM1
SIM2
SIM3
SIM4
1
21
22
SIM5
SIM1
SIM2
SIM3
SIM4
1
21
22
SIM5
SIM1
SIM2
SIM3
SIM4
1
21
22
SIM5
SIM1
SIM2
SIM3
SIM4
1
21
22
SIM5
SIM1
SIM2
SIM3
SIM4
1
21
22
SIM5
SIM1
SIM2
SIM3
SIM4
1
21
22
SIM5
SIM1
SIM2
SIM3
SIM4
1
21
22
SIM5
SIM1
SIM2
SIM3
SIM4
1
21
22
SIM5
SIM1
SIM2
SIM3
SIM4
1
21
22
SIM5
SIM1
SIM2
SIM3
SIM4
1
21
22
SIM5
SIM1
SIM2
SIM3
SIM4
1
21
22
SIM5
SIM1
SIM2
SIM3
SIM4
1
21
22
SIM5
SIM1
SIM2
SIM3
SIM4
1
21
22
SIM5
SIM1
SIM2
SIM3
SIM4
1
21
22
SIM5
SIM1
SIM2
SIM3
SIM4
1
21
22
SIM5
SIM1
SIM2
SIM3
SIM4
1
21
22
SIM5
SIM1
SIM2
SIM3
SIM4
1
21
22
SIM5
SIM1
SIM2
SIM3
SIM4
1
21
22
SIM5
SIM1
SIM2
SIM3
SIM4
1
21
22
SIM5
SIM1
SIM2
SIM3
SIM4
1
21
22
SIM5
SIM1
SIM2
SIM3
SIM4
1
21
22
SIM5
SIM1
SIM2
SIM3
SIM4
1
21
22
SIM5
SIM1
SIM2
SIM3
SIM4
1
21
22
SIM5
SIM1
SIM2
SIM3
SIM4
1
21
22
SIM5
SIM1
SIM2
SIM3
SIM4
1
21
22
SIM5
SIM1
SIM2
SIM3
SIM4
1
21
22
SIM5
SIM1
SIM2
SIM3
SIM4
1
21
22
SIM5
SIM1
SIM2
SIM3
SIM4
1
21
22
SIM5
SIM1
SIM2
SIM3
SIM4
1
21
22
SIM5
SIM1
SIM2
SIM3
SIM4
1
21
22
SIM5
SIM1
SIM2
SIM3
SIM4
1
21
22
SIM5
SIM1
SIM2
SIM3
SIM4
1
21
22
SIM5
SIM1
SIM2
SIM3
SIM4
1
21
22
SIM5
SIM1
SIM2
SIM3
SIM4
1
21
22
SIM5
SIM1
SIM2
SIM3
SIM4
1
21
22
SIM5
SIM1
SIM2
SIM3
SIM4
1
21
22
SIM5
SIM1
SIM2
SIM3
SIM4
1
21
22
SIM5
SIM1
SIM2
SIM3
SIM4
1
21
22
SIM5
SIM1
SIM2
SIM3
SIM4
1
21
22
SIM5
SIM1
SIM2
SIM3
SIM4
1
21
22
SIM5
SIM1
SIM2
SIM3
SIM4
1
21
22
SIM5
SIM1
SIM2
SIM3
SIM4
1
21
22
SIM5
SIM1
SIM2
SIM3
SIM4
1
21
22
SIM5
SIM1
SIM2
SIM3
SIM4
1
21
22
SIM5
SIM1
SIM2
SIM3
SIM4
1
21
22
SIM5
SIM1
SIM2
SIM3
SIM4
1
21
22
SIM5
SIM1
SIM2
SIM3
SIM4
1
21
22
SIM5
SIM1
SIM2
SIM3
SIM4
1
21
22
SIM5
SIM1
SIM2
SIM3
SIM4
1
21
22
SIM5
SIM1
SIM2
SIM3
SIM4
1
21
22
SIM5
SIM1
SIM2
SIM3
SIM4
1
21
22
SIM5
SIM1
SIM2
SIM3
SIM4
1
21
22
SIM5
SIM1
SIM2
SIM3
SIM4
1
21
22
SIM5
SIM1
SIM2
SIM3
SIM4
1
21
22
SIM5
SIM1
SIM2
SIM3
SIM4
1
21
22
SIM5
SIM1
SIM2
SIM3
SIM4
1
21
22
SIM5
SIM1
SIM2
SIM3
SIM4
1
21
22
SIM5
SIM1
SIM2
SIM3
SIM4
1
21
22
SIM5
SIM1
SIM2
SIM3
SIM4
1
21
22
SIM5
SIM1
SIM2
SIM3
SIM4
1
21
22
SIM5
SIM1
SIM2
SIM3
SIM4
1
21
22
SIM5
SIM1
SIM2
SIM3
SIM4
1
21
22
SIM5
SIM1
SIM2
SIM3
SIM4
1
21
22
SIM5
SIM1
SIM2
SIM3
SIM4
1
21
22
SIM5
SIM1
SIM2
SIM3
SIM4
1
21
22
SIM5
SIM1
SIM2
SIM3
SIM4
1
21
22
SIM5
SIM1
SIM2
SIM3
SIM4
1
21
22
SIM5
SIM1
SIM2
SIM3
SIM4
1
21
22
SIM5
SIM1
SIM2
SIM3
SIM4
1
21
22
SIM5
SIM1
SIM2
SIM3
SIM4
1
21
22
SIM5
SIM1
SIM2
SIM3
SIM4
1
21
22
SIM5
SIM1
SIM2
SIM3
SIM4
1
21
22
SIM5
SIM1
SIM2
SIM3
SIM4
1
21
22
SIM5
SIM1
SIM2
SIM3
SIM4
1
21
22
SIM5
SIM1
SIM2
SIM3
SIM4
1
21
22
SIM5
SIM1
SIM2
SIM3
SIM4
1
21
22
SIM5
SIM1
SIM2
SIM3
SIM4
1
21
22
SIM5
SIM1
SIM2
SIM3
SIM4
1
21
22
SIM5
SIM1
SIM2
SIM3
SIM4
1
21
22
SIM5
SIM1
SIM2
SIM3
SIM4
1
21
22
SIM5
SIM1
SIM2
SIM3
SIM4
1
21
22
SIM5
SIM1
SIM2
SIM3
SIM4
1
21
22
SIM5
SIM1
SIM2
SIM3
SIM4
1
21
22
SIM5
SIM1
SIM2
SIM3
SIM4
1
21
22
SIM5
SIM1
SIM2
SIM3
SIM4
1
21
22
SIM5
SIM1
SIM2
SIM3
SIM4
1
21
22
SIM5
SIM1
SIM2
SIM3
SIM4
1
21
22
SIM5
SIM1
SIM2
SIM3
SIM4
1
21
22
SIM5
SIM1
SIM2
SIM3
SIM4
1
21
22
SIM5
SIM1
SIM2
SIM3
SIM4
1
21
22
SIM5
SIM1
SIM2
SIM3
SIM4
1
21
22
SIM5
SIM1
SIM2
SIM3
SIM4
1
21
22
SIM5
SIM1
SIM2
SIM3
SIM4
1
21
22
SIM5
SIM1
SIM2
SIM3
SIM4
1
21
22
SIM5
SIM1
SIM2
SIM3
SIM4
1
21
22
SIM5
SIM1
SIM2
SIM3
SIM4
1
21
22
SIM5
SIM1
SIM2
SIM3
SIM4
1
21
22
SIM5
SIM1
SIM2
SIM3
SIM4
1
21
22
SIM5
SIM1
SIM2
SIM3
SIM4
1
21
22
SIM5
SIM1
SIM2
SIM3
SIM4
1
21
22
SIM5
SIM1
SIM2
SIM3
SIM4
1
21
22
SIM5
SIM1
SIM2
SIM3
SIM4
1
21
22
SIM5
SIM1
SIM2
SIM3
SIM4
1
21
22
SIM5
SIM1
SIM2
SIM3
SIM4
1
21
22
SIM5
SIM1
SIM2
SIM3
SIM4
1
21
22
SIM5
SIM1
SIM2
SIM3
SIM4
1
21
22
SIM5
SIM1
SIM2
SIM3
SIM4
1
21
22
SIM5
SIM1
SIM2
SIM3
SIM4
1
21
22
SIM5
SIM1
SIM2
SIM3
SIM4
1
21
22
SIM5
SIM1
SIM2
SIM3
SIM4
1
21
22
SIM5
SIM1
SIM2
SIM3
SIM4
1
21
22
SIM5
SIM1
SIM2
SIM3
SIM4
1
21
22
SIM5
SIM1
SIM2
SIM3
SIM4
1
21
22
SIM5
SIM1
SIM2
SIM3
SIM4
1
21
22
SIM5
SIM1
SIM2
SIM3
SIM4
1
21
22
SIM5
SIM1
SIM2
SIM3
SIM4
1
21
22
SIM5
SIM1
SIM2
SIM3
SIM4
1
21
22
SIM5
SIM1
SIM2
SIM3
SIM4
1
21
22
SIM5
SIM1
SIM2
SIM3
SIM4
1
21
22
SIM5
SIM1
SIM2
SIM3
SIM4
1
21
22
SIM5
SIM1
SIM2
SIM3
SIM4
1
21
22
SIM5
SIM1
SIM2
SIM3
SIM4
1
21
22
SIM5
SIM1
SIM2
SIM3
SIM4
1
21
22
SIM5
SIM1
SIM2
SIM3
SIM4
1
21
22
SIM5
SIM1
SIM2
SIM3
SIM4
1
21
22
SIM5
SIM1
SIM2
SIM3
SIM4
1
21
22
SIM5
SIM1
SIM2
SIM3
SIM4
1
21
22
SIM5
SIM1
SIM2
SIM3
SIM4
1
21
22
SIM5
SIM1
SIM2
SIM3
SIM4
1
21
22
SIM5
SIM1
SIM2
SIM3
SIM4
1
21
22
SIM5
SIM1
SIM2
SIM3
SIM4
1
21
22
SIM5
SIM1
SIM2
SIM3
SIM4
1
21
22
SIM5
SIM1
SIM2
SIM3
SIM4
1
21
22
SIM5
SIM1
SIM2
SIM3
SIM4
1
21
22
SIM5
SIM1
SIM2
SIM3
SIM4
1
21
22
SIM5
SIM1
SIM2
SIM3
SIM4
1
21
22
SIM5
SIM1
SIM2
SIM3
SIM4
1
21
22
SIM5
SIM1
SIM2
SIM3
SIM4
1
21
22
SIM5
SIM1
SIM2
SIM3
SIM4
1
21
22
SIM5
SIM1
SIM2
SIM3
SIM4
1
21
22
SIM5
SIM1
SIM2
SIM3
SIM4
1
21
22
SIM5
SIM1
SIM2
SIM3
SIM4
1
21
22
SIM5
SIM1
SIM2
SIM3
SIM4
1
21
22
SIM5
SIM1
SIM2
SIM3
SIM4
1
21
22
SIM5
SIM1
SIM2
SIM3
SIM4
1
21
22
SIM5
SIM1
SIM2
SIM3
SIM4
1
21
22
SIM5
SIM1
SIM2
SIM3
SIM4
1
21
22
SIM5
SIM1
SIM2
SIM3
SIM4
1
21
22
SIM5
SIM1
SIM2
SIM3
SIM4
1
21
22
SIM5
SIM1
SIM2
SIM3
SIM4
1
21
22
SIM5
SIM1
SIM2
SIM3
SIM4
1
21
22
SIM5
SIM1
SIM2
SIM3
SIM4
1
21
22
SIM5
SIM1
SIM2
SIM3
SIM4
1
21
22
SIM5
SIM1
SIM2
SIM3
SIM4
1
21
22
SIM5
SIM1
SIM2
SIM3
SIM4
1
21
22
SIM5
SIM1
SIM2
SIM3
SIM4
1
21
22
SIM5
SIM1
SIM2
SIM3
SIM4
1
21
22
SIM5
SIM1
SIM2
SIM3
SIM4
1
21
22
SIM5
SIM1
SIM2
SIM3
SIM4
1
21
22
SIM5
SIM1
SIM2
SIM3
SIM4
1
21
22
SIM5
SIM1
SIM2
SIM3
SIM4
1
21
22
SIM5
SIM1
SIM2
SIM3
SIM4
1
21
22
SIM5
SIM1
SIM2
SIM3
SIM4
1
21
22
SIM5
SIM1
SIM2
SIM3
SIM4
1
21
22
SIM5
SIM1
SIM2
SIM3
SIM4
1
21
22
SIM5
SIM1
SIM2
SIM3
SIM4
1
21
22
SIM5
SIM1
SIM2
SIM3
SIM4
1
21
22
SIM5
SIM1
SIM2
SIM3
SIM4
1
21
22
SIM5
SIM1
SIM2
SIM3
SIM4
1
21
22
SIM5
SIM1
SIM2
SIM3
SIM4
1
21
22
SIM5
SIM1
SIM2
SIM3
SIM4
1
21
22
SIM5
SIM1
SIM2
SIM3
SIM4
1
21
22
SIM5
SIM1
SIM2
SIM3
SIM4
1
21
22
SIM5
SIM1
SIM2
SIM3
SIM4
1
21
22
SIM5
SIM1
SIM2
SIM3
SIM4
1
21
22
SIM5
SIM1
SIM2
SIM3
SIM4
1
21
22
SIM5
SIM1
SIM2
SIM3
SIM4
1
21
22
SIM5
SIM1
SIM2
SIM3
SIM4
1
21
22
SIM5
SIM1
SIM2
SIM3
SIM4
1
21
22
SIM5
SIM1
SIM2
SIM3
SIM4
1
21
22
SIM5
SIM1
SIM2
SIM3
SIM4
1
21
22
SIM5
SIM1
SIM2
SIM3
SIM4
1
21
22
SIM5
SIM1
SIM2
SIM3
SIM4
1
21
22
SIM5
SIM1
SIM2
SIM3
SIM4
1
21
22
SIM5
SIM1
SIM2
SIM3
SIM4
1
21
22
SIM5
SIM1
SIM2
SIM3
SIM4
1
21
22
SIM5
SIM1
SIM2
SIM3
SIM4
1
21
22
SIM5
SIM1
SIM2
SIM3
SIM4
1
21
22
SIM5
SIM1
SIM2
SIM3
SIM4
1
21
22
SIM5
SIM1
SIM2
SIM3
SIM4
1
21
22
SIM5
SIM1
SIM2
SIM3
SIM4
1
21
22
SIM5
SIM1
SIM2
SIM3
SIM4
1
21
22
SIM5
SIM1
SIM2
SIM3
SIM4
1
21
22
SIM5
SIM1
SIM2
SIM3
SIM4
1
21
22
SIM5
SIM1
SIM2
SIM3
SIM4
1
21
22
SIM5
SIM1
SIM2
SIM3
SIM4
1
21
22
SIM5
SIM1
SIM2
SIM3
SIM4
1
21
22
SIM5
SIM1
SIM2
SIM3
SIM4
1
21
22
SIM5
SIM1
SIM2
SIM3
SIM4
1
21
22
SIM5
SIM1
SIM2
SIM3
SIM4
1
21
22
SIM5
SIM1
SIM2
SIM3
SIM4
1
21
22
SIM5
SIM1
SIM2
SIM3
SIM4
1
21
22
SIM5
SIM1
SIM2
SIM3
SIM4
1
21
22
SIM5
SIM1
SIM2
SIM3
SIM4
1
21
22
SIM5
SIM1
SIM2
SIM3
SIM4
1
21
22
SIM5
SIM1
SIM2
SIM3
SIM4
1
21
22
SIM5
SIM1
SIM2
SIM3
SIM4
1
21
22
SIM5
SIM1
SIM2
SIM3
SIM4
1
21
22
SIM5
SIM1
SIM2
SIM3
SIM4
1
21
22
SIM5
SIM1
SIM2
SIM3
SIM4
1
21
22
SIM5
SIM1
SIM2
SIM3
SIM4
1
21
22
SIM5
SIM1
SIM2
SIM3
SIM4
1
21
22
SIM5
SIM1
SIM2
SIM3
SIM4
1
21
22
SIM5
SIM1
SIM2
SIM3
SIM4
1
21
22
SIM5
SIM1
SIM2
SIM3
SIM4
1
21
22
SIM5
SIM1
SIM2
SIM3
SIM4
1
21
22
SIM5
SIM1
SIM2
SIM3
SIM4
1
21
22
SIM5
SIM1
SIM2
SIM3
SIM4
1
21
22
SIM5
SIM1
SIM2
SIM3
SIM4
1
21
22
SIM5
SIM1
SIM2
SIM3
SIM4
1
21
22
SIM5
SIM1
SIM2
SIM3
SIM4
1
21
22
SIM5
SIM1
SIM2
SIM3
SIM4
1
21
22
SIM5
SIM1
SIM2
SIM3
SIM4
1
21
22
SIM5
SIM1
SIM2
SIM3
SIM4
1
21
22
SIM5
SIM1
SIM2
DEBUG 1 350
SIM1
SIM2
SIM3
SIM4
1
21
22
SIM5
SIM1
SIM2
SIM3
SIM4
1
21
22
SIM5
SIM1
SIM2
SIM3
SIM4
1
21
22
SIM5
SIM1
SIM2
SIM3
SIM4
1
21
22
SIM5
SIM1
SIM2
SIM3
SIM4
1
21
22
SIM5
SIM1
SIM2
SIM3
SIM4
1
21
22
SIM5
SIM1
SIM2
SIM3
SIM4
1
21
22
SIM5
SIM1
SIM2
SIM3
SIM4
1
21
22
SIM5
SIM1
SIM2
SIM3
SIM4
1
21
22
SIM5
SIM1
SIM2
SIM3
SIM4
1
21
22
SIM5
SIM1
SIM2
SIM3
SIM4
1
21
22
SIM5
SIM1
SIM2
SIM3
SIM4
1
21
22
SIM5
SIM1
SIM2
SIM3
SIM4
1
21
22
SIM5
SIM1
SIM2
SIM3
SIM4
1
21
22
SIM5
SIM1
SIM2
SIM3
SIM4
1
21
22
SIM5
SIM1
SIM2
SIM3
SIM4
1
21
22
SIM5
SIM1
SIM2
SIM3
SIM4
1
21
22
SIM5
SIM1
SIM2
SIM3
SIM4
1
21
22
SIM5
SIM1
SIM2
SIM3
SIM4
1
21
22
SIM5
SIM1
SIM2
SIM3
SIM4
1
21
22
SIM5
SIM1
SIM2
SIM3
SIM4
1
21
22
SIM5
SIM1
SIM2
SIM3
SIM4
1
21
22
SIM5
SIM1
SIM2
SIM3
SIM4
1
21
22
SIM5
SIM1
SIM2
SIM3
SIM4
1
21
22
SIM5
SIM1
SIM2
SIM3
SIM4
1
21
22
SIM5
SIM1
SIM2
SIM3
SIM4
1
21
22
SIM5
SIM1
SIM2
SIM3
SIM4
1
21
22
SIM5
SIM1
SIM2
SIM3
SIM4
1
21
22
SIM5
SIM1
SIM2
SIM3
SIM4
1
21
22
SIM5
SIM1
SIM2
SIM3
SIM4
1
21
22
SIM5
SIM1
SIM2
SIM3
SIM4
1
21
22
SIM5
SIM1
SIM2
SIM3
SIM4
1
21
22
SIM5
SIM1
SIM2
SIM3
SIM4
1
21
22
SIM5
SIM1
SIM2
SIM3
SIM4
1
21
22
SIM5
SIM1
SIM2
SIM3
SIM4
1
21
22
SIM5
SIM1
SIM2
SIM3
SIM4
1
21
22
SIM5
SIM1
SIM2
SIM3
SIM4
1
21
22
SIM5
SIM1
SIM2
SIM3
SIM4
1
21
22
SIM5
SIM1
SIM2
SIM3
SIM4
1
21
22
SIM5
SIM1
SIM2
SIM3
SIM4
1
21
22
SIM5
SIM1
SIM2
SIM3
SIM4
1
21
22
SIM5
SIM1
SIM2
SIM3
SIM4
1
21
22
SIM5
SIM1
SIM2
SIM3
SIM4
1
21
22
SIM5
SIM1
SIM2
SIM3
SIM4
1
21
22
SIM5
SIM1
SIM2
SIM3
SIM4
1
21
22
SIM5
SIM1
SIM2
SIM3
SIM4
1
21
22
SIM5
SIM1
SIM2
SIM3
SIM4
1
21
22
SIM5
SIM1
SIM2
SIM3
SIM4
1
21
22
SIM5
SIM1
SIM2
SIM3
SIM4
1
21
22
SIM5
SIM1
SIM2
SIM3
SIM4
1
21
22
SIM5
SIM1
SIM2
SIM3
SIM4
1
21
22
SIM5
SIM1
SIM2
SIM3
SIM4
1
21
22
SIM5
SIM1
SIM2
SIM3
SIM4
1
21
22
SIM5
SIM1
SIM2
SIM3
SIM4
1
21
22
SIM5
SIM1
SIM2
SIM3
SIM4
1
21
22
SIM5
SIM1
SIM2
SIM3
SIM4
1
21
22
SIM5
SIM1
SIM2
SIM3
SIM4
1
21
22
SIM5
SIM1
SIM2
SIM3
SIM4
1
21
22
SIM5
SIM1
SIM2
SIM3
SIM4
1
21
22
SIM5
SIM1
SIM2
SIM3
SIM4
1
21
22
SIM5
SIM1
SIM2
SIM3
SIM4
1
21
22
SIM5
SIM1
SIM2
SIM3
SIM4
1
21
22
SIM5
SIM1
SIM2
SIM3
SIM4
1
21
22
SIM5
SIM1
SIM2
SIM3
SIM4
1
21
22
SIM5
SIM1
SIM2
SIM3
SIM4
1
21
22
SIM5
SIM1
SIM2
SIM3
SIM4
1
21
22
SIM5
SIM1
SIM2
SIM3
SIM4
1
21
22
SIM5
SIM1
SIM2
SIM3
SIM4
1
21
22
SIM5
SIM1
SIM2
SIM3
SIM4
1
21
22
SIM5
SIM1
SIM2
SIM3
SIM4
1
21
22
SIM5
SIM1
SIM2
SIM3
SIM4
1
21
22
SIM5
SIM1
SIM2
SIM3
SIM4
1
21
22
SIM5
SIM1
SIM2
SIM3
SIM4
1
21
22
SIM5
SIM1
SIM2
SIM3
SIM4
1
21
22
SIM5
SIM1
SIM2
SIM3
SIM4
1
21
22
SIM5
SIM1
SIM2
SIM3
SIM4
1
21
22
SIM5
SIM1
SIM2
SIM3
SIM4
1
21
22
SIM5
SIM1
SIM2
SIM3
SIM4
1
21
22
SIM5
SIM1
SIM2
SIM3
SIM4
1
21
22
SIM5
SIM1
SIM2
SIM3
SIM4
1
21
22
SIM5
SIM1
SIM2
SIM3
SIM4
1
21
22
SIM5
SIM1
SIM2
SIM3
SIM4
1
21
22
SIM5
SIM1
SIM2
SIM3
SIM4
1
21
22
SIM5
SIM1
SIM2
SIM3
SIM4
1
21
22
SIM5
SIM1
SIM2
SIM3
SIM4
1
21
22
SIM5
SIM1
SIM2
SIM3
SIM4
1
21
22
SIM5
SIM1
SIM2
SIM3
SIM4
1
21
22
SIM5
SIM1
SIM2
SIM3
SIM4
1
21
22
SIM5
SIM1
SIM2
SIM3
SIM4
1
21
22
SIM5
SIM1
SIM2
SIM3
SIM4
1
21
22
SIM5
SIM1
SIM2
SIM3
SIM4
1
21
22
SIM5
SIM1
SIM2
SIM3
SIM4
1
21
22
SIM5
SIM1
SIM2
SIM3
SIM4
1
21
22
SIM5
SIM1
SIM2
SIM3
SIM4
1
21
22
SIM5
SIM1
SIM2
SIM3
SIM4
1
21
22
SIM5
SIM1
SIM2
SIM3
SIM4
1
21
22
SIM5
SIM1
SIM2
SIM3
SIM4
1
21
22
SIM5
SIM1
SIM2
SIM3
SIM4
1
21
22
SIM5
SIM1
SIM2
SIM3
SIM4
1
21
22
SIM5
SIM1
SIM2
SIM3
SIM4
1
21
22
SIM5
SIM1
SIM2
SIM3
SIM4
1
21
22
SIM5
SIM1
SIM2
SIM3
SIM4
1
21
22
SIM5
SIM1
SIM2
SIM3
SIM4
1
21
22
SIM5
SIM1
SIM2
SIM3
SIM4
1
21
22
SIM5
SIM1
SIM2
SIM3
SIM4
1
21
22
SIM5
SIM1
SIM2
SIM3
SIM4
1
21
22
SIM5
SIM1
SIM2
SIM3
SIM4
1
21
22
SIM5
SIM1
SIM2
SIM3
SIM4
1
21
22
SIM5
SIM1
SIM2
SIM3
SIM4
1
21
22
SIM5
SIM1
SIM2
SIM3
SIM4
1
21
22
SIM5
SIM1
SIM2
SIM3
SIM4
1
21
22
SIM5
SIM1
SIM2
SIM3
SIM4
1
21
22
SIM5
SIM1
SIM2
SIM3
SIM4
1
21
22
SIM5
SIM1
SIM2
SIM3
SIM4
1
21
22
SIM5
SIM1
SIM2
SIM3
SIM4
1
21
22
SIM5
SIM1
SIM2
SIM3
SIM4
1
21
22
SIM5
SIM1
SIM2
SIM3
SIM4
1
21
22
SIM5
SIM1
SIM2
SIM3
SIM4
1
21
22
SIM5
SIM1
SIM2
SIM3
SIM4
1
21
22
SIM5
SIM1
SIM2
SIM3
SIM4
1
21
22
SIM5
SIM1
SIM2
SIM3
SIM4
1
21
22
SIM5
SIM1
SIM2
SIM3
SIM4
1
21
22
SIM5
SIM1
SIM2
SIM3
SIM4
1
21
22
SIM5
SIM1
SIM2
SIM3
SIM4
1
21
22
SIM5
SIM1
SIM2
SIM3
SIM4
1
21
22
SIM5
SIM1
SIM2
SIM3
SIM4
1
21
22
SIM5
SIM1
SIM2
SIM3
SIM4
1
21
22
SIM5
SIM1
SIM2
SIM3
SIM4
1
21
22
SIM5
SIM1
SIM2
SIM3
SIM4
1
21
22
SIM5
SIM1
SIM2
SIM3
SIM4
1
21
22
SIM5
SIM1
SIM2
SIM3
SIM4
1
21
22
SIM5
SIM1
SIM2
SIM3
SIM4
1
21
22
SIM5
SIM1
SIM2
SIM3
SIM4
1
21
22
SIM5
SIM1
SIM2
SIM3
SIM4
1
21
22
SIM5
SIM1
SIM2
SIM3
SIM4
1
21
22
SIM5
SIM1
SIM2
SIM3
SIM4
1
21
22
SIM5
SIM1
SIM2
SIM3
SIM4
1
21
22
SIM5
SIM1
SIM2
SIM3
SIM4
1
21
22
SIM5
SIM1
SIM2
SIM3
SIM4
1
21
22
SIM5
SIM1
SIM2
SIM3
SIM4
1
21
22
SIM5
SIM1
SIM2
SIM3
SIM4
1
21
22
SIM5
SIM1
SIM2
SIM3
SIM4
1
21
22
SIM5
SIM1
SIM2
SIM3
SIM4
1
21
22
SIM5
SIM1
SIM2
SIM3
SIM4
1
21
22
SIM5
SIM1
SIM2
SIM3
SIM4
1
21
22
SIM5
SIM1
SIM2
SIM3
SIM4
1
21
22
SIM5
SIM1
SIM2
SIM3
SIM4
1
21
22
SIM5
SIM1
SIM2
DEBUG 1 351
SIM1
SIM2
SIM3
SIM4
1
21
22
SIM5
SIM1
SIM2
SIM3
SIM4
1
21
22
SIM5
SIM1
SIM2
SIM3
SIM4
1
21
22
SIM5
SIM1
SIM2
SIM3
SIM4
1
21
22
SIM5
SIM1
SIM2
SIM3
SIM4
1
21
22
SIM5
SIM1
SIM2
SIM3
SIM4
1
21
22
SIM5
SIM1
SIM2
SIM3
SIM4
1
21
22
SIM5
SIM1
SIM2
SIM3
SIM4
1
21
22
SIM5
SIM1
SIM2
SIM3
SIM4
1
21
22
SIM5
SIM1
SIM2
SIM3
SIM4
1
21
22
SIM5
SIM1
SIM2
SIM3
SIM4
1
21
22
SIM5
SIM1
SIM2
SIM3
SIM4
1
21
22
SIM5
SIM1
SIM2
SIM3
SIM4
1
21
22
SIM5
SIM1
SIM2
SIM3
SIM4
1
21
22
SIM5
SIM1
SIM2
SIM3
SIM4
1
21
22
SIM5
SIM1
SIM2
SIM3
SIM4
1
21
22
SIM5
SIM1
SIM2
SIM3
SIM4
1
21
22
SIM5
SIM1
SIM2
SIM3
SIM4
1
21
22
SIM5
SIM1
SIM2
SIM3
SIM4
1
21
22
SIM5
SIM1
SIM2
SIM3
SIM4
1
21
22
SIM5
SIM1
SIM2
SIM3
SIM4
1
21
22
SIM5
SIM1
SIM2
SIM3
SIM4
1
21
22
SIM5
SIM1
SIM2
SIM3
SIM4
1
21
22
SIM5
SIM1
SIM2
SIM3
SIM4
1
21
22
SIM5
SIM1
SIM2
SIM3
SIM4
1
21
22
SIM5
SIM1
SIM2
SIM3
SIM4
1
21
22
SIM5
SIM1
SIM2
SIM3
SIM4
1
21
22
SIM5
SIM1
SIM2
SIM3
SIM4
1
21
22
SIM5
SIM1
SIM2
SIM3
SIM4
1
21
22
SIM5
SIM1
SIM2
SIM3
SIM4
1
21
22
SIM5
SIM1
SIM2
SIM3
SIM4
1
21
22
SIM5
SIM1
SIM2
SIM3
SIM4
1
21
22
SIM5
SIM1
SIM2
SIM3
SIM4
1
21
22
SIM5
SIM1
SIM2
SIM3
SIM4
1
21
22
SIM5
SIM1
SIM2
SIM3
SIM4
1
21
22
SIM5
SIM1
SIM2
SIM3
SIM4
1
21
22
SIM5
SIM1
SIM2
SIM3
SIM4
1
21
22
SIM5
SIM1
SIM2
SIM3
SIM4
1
21
22
SIM5
SIM1
SIM2
SIM3
SIM4
1
21
22
SIM5
SIM1
SIM2
SIM3
SIM4
1
21
22
SIM5
SIM1
SIM2
SIM3
SIM4
1
21
22
SIM5
SIM1
SIM2
SIM3
SIM4
1
21
22
SIM5
SIM1
SIM2
SIM3
SIM4
1
21
22
SIM5
SIM1
SIM2
SIM3
SIM4
1
21
22
SIM5
SIM1
SIM2
SIM3
SIM4
1
21
22
SIM5
SIM1
SIM2
SIM3
SIM4
1
21
22
SIM5
SIM1
SIM2
SIM3
SIM4
1
21
22
SIM5
SIM1
SIM2
SIM3
SIM4
1
21
22
SIM5
SIM1
SIM2
SIM3
SIM4
1
21
22
SIM5
SIM1
SIM2
SIM3
SIM4
1
21
22
SIM5
SIM1
SIM2
SIM3
SIM4
1
21
22
SIM5
SIM1
SIM2
SIM3
SIM4
1
21
22
SIM5
SIM1
SIM2
SIM3
SIM4
1
21
22
SIM5
SIM1
SIM2
SIM3
SIM4
1
21
22
SIM5
SIM1
SIM2
SIM3
SIM4
1
21
22
SIM5
SIM1
SIM2
SIM3
SIM4
1
21
22
SIM5
SIM1
SIM2
SIM3
SIM4
1
21
22
SIM5
SIM1
SIM2
SIM3
SIM4
1
21
22
SIM5
SIM1
SIM2
SIM3
SIM4
1
21
22
SIM5
SIM1
SIM2
SIM3
SIM4
1
21
22
SIM5
SIM1
SIM2
SIM3
SIM4
1
21
22
SIM5
SIM1
SIM2
SIM3
SIM4
1
21
22
SIM5
SIM1
SIM2
SIM3
SIM4
1
21
22
SIM5
SIM1
SIM2
SIM3
SIM4
1
21
22
SIM5
SIM1
SIM2
SIM3
SIM4
1
21
22
SIM5
SIM1
SIM2
SIM3
SIM4
1
21
22
SIM5
SIM1
SIM2
SIM3
SIM4
1
21
22
SIM5
SIM1
SIM2
SIM3
SIM4
1
21
22
SIM5
SIM1
SIM2
SIM3
SIM4
1
21
22
SIM5
SIM1
SIM2
SIM3
SIM4
1
21
22
SIM5
SIM1
SIM2
SIM3
SIM4
1
21
22
SIM5
SIM1
SIM2
SIM3
SIM4
1
21
22
SIM5
SIM1
SIM2
SIM3
SIM4
1
21
22
SIM5
SIM1
SIM2
SIM3
SIM4
1
21
22
SIM5
SIM1
SIM2
SIM3
SIM4
1
21
22
SIM5
SIM1
SIM2
SIM3
SIM4
1
21
22
SIM5
SIM1
SIM2
SIM3
SIM4
1
21
22
SIM5
SIM1
SIM2
SIM3
SIM4
1
21
22
SIM5
SIM1
SIM2
SIM3
SIM4
1
21
22
SIM5
SIM1
SIM2
SIM3
SIM4
1
21
22
SIM5
SIM1
SIM2
SIM3
SIM4
1
21
22
SIM5
SIM1
SIM2
SIM3
SIM4
1
21
22
SIM5
SIM1
SIM2
SIM3
SIM4
1
21
22
SIM5
SIM1
SIM2
SIM3
SIM4
1
21
22
SIM5
SIM1
SIM2
SIM3
SIM4
1
21
22
SIM5
SIM1
SIM2
SIM3
SIM4
1
21
22
SIM5
SIM1
SIM2
SIM3
SIM4
1
21
22
SIM5
SIM1
SIM2
SIM3
SIM4
1
21
22
SIM5
SIM1
SIM2
SIM3
SIM4
1
21
22
SIM5
SIM1
SIM2
SIM3
SIM4
1
21
22
SIM5
SIM1
SIM2
SIM3
SIM4
1
21
22
SIM5
SIM1
SIM2
SIM3
SIM4
1
21
22
SIM5
SIM1
SIM2
SIM3
SIM4
1
21
22
SIM5
SIM1
SIM2
SIM3
SIM4
1
21
22
SIM5
SIM1
SIM2
SIM3
SIM4
1
21
22
SIM5
SIM1
SIM2
SIM3
SIM4
1
21
22
SIM5
SIM1
SIM2
SIM3
SIM4
1
21
22
SIM5
SIM1
SIM2
SIM3
SIM4
1
21
22
SIM5
SIM1
SIM2
SIM3
SIM4
1
21
22
SIM5
SIM1
SIM2
SIM3
SIM4
1
21
22
SIM5
SIM1
SIM2
SIM3
SIM4
1
21
22
SIM5
SIM1
SIM2
SIM3
SIM4
1
21
22
SIM5
SIM1
SIM2
SIM3
SIM4
1
21
22
SIM5
SIM1
SIM2
SIM3
SIM4
1
21
22
SIM5
SIM1
SIM2
SIM3
SIM4
1
21
22
SIM5
SIM1
SIM2
SIM3
SIM4
1
21
22
SIM5
SIM1
SIM2
SIM3
SIM4
1
21
22
SIM5
SIM1
SIM2
SIM3
SIM4
1
21
22
SIM5
SIM1
SIM2
SIM3
SIM4
1
21
22
SIM5
SIM1
SIM2
SIM3
SIM4
1
21
22
SIM5
SIM1
SIM2
SIM3
SIM4
1
21
22
SIM5
SIM1
SIM2
SIM3
SIM4
1
21
22
SIM5
SIM1
SIM2
SIM3
SIM4
1
21
22
SIM5
SIM1
SIM2
SIM3
SIM4
1
21
22
SIM5
SIM1
SIM2
SIM3
SIM4
1
21
22
SIM5
SIM1
SIM2
SIM3
SIM4
1
21
22
SIM5
SIM1
SIM2
SIM3
SIM4
1
21
22
SIM5
SIM1
SIM2
SIM3
SIM4
1
21
22
SIM5
SIM1
SIM2
SIM3
SIM4
1
21
22
SIM5
SIM1
SIM2
SIM3
SIM4
1
21
22
SIM5
SIM1
SIM2
SIM3
SIM4
1
21
22
SIM5
SIM1
SIM2
SIM3
SIM4
1
21
22
SIM5
SIM1
SIM2
SIM3
SIM4
1
21
22
SIM5
SIM1
SIM2
SIM3
SIM4
1
21
22
SIM5
SIM1
SIM2
SIM3
SIM4
1
21
22
SIM5
SIM1
SIM2
SIM3
SIM4
1
21
22
SIM5
SIM1
SIM2
SIM3
SIM4
1
21
22
SIM5
SIM1
SIM2
SIM3
SIM4
1
21
22
SIM5
SIM1
SIM2
SIM3
SIM4
1
21
22
SIM5
SIM1
SIM2
SIM3
SIM4
1
21
22
SIM5
SIM1
SIM2
SIM3
SIM4
1
21
22
SIM5
SIM1
SIM2
SIM3
SIM4
1
21
22
SIM5
SIM1
SIM2
SIM3
SIM4
1
21
22
SIM5
SIM1
SIM2
SIM3
SIM4
1
21
22
SIM5
SIM1
SIM2
SIM3
SIM4
1
21
22
SIM5
SIM1
SIM2
SIM3
SIM4
1
21
22
SIM5
SIM1
SIM2
SIM3
SIM4
1
21
22
SIM5
SIM1
SIM2
SIM3
SIM4
1
21
22
SIM5
SIM1
SIM2
SIM3
SIM4
1
21
22
SIM5
SIM1
SIM2
SIM3
SIM4
1
21
22
SIM5
SIM1
SIM2
SIM3
SIM4
1
21
22
SIM5
SIM1
SIM2
SIM3
SIM4
1
21
22
SIM5
SIM1
SIM2
SIM3
SIM4
1
21
22
SIM5
SIM1
SIM2
SIM3
SIM4
1
21
22
SIM5
SIM1
SIM2
SIM3
SIM4
1
21
22
SIM5
SIM1
SIM2
SIM3
SIM4
1
21
22
SIM5
SIM1
SIM2
SIM3
SIM4
1
21
22
SIM5
SIM1
SIM2
SIM3
SIM4
1
21
22
SIM5
SIM1
SIM2
SIM3
SIM4
1
21
22
SIM5
SIM1
SIM2
SIM3
SIM4
1
21
22
SIM5
SIM1
SIM2
SIM3
SIM4
1
21
22
SIM5
SIM1
SIM2
SIM3
SIM4
1
21
22
SIM5
SIM1
SIM2
SIM3
SIM4
1
21
22
SIM5
SIM1
SIM2
SIM3
SIM4
1
21
22
SIM5
SIM1
SIM2
SIM3
SIM4
1
21
22
SIM5
SIM1
SIM2
SIM3
SIM4
1
21
22
SIM5
SIM1
SIM2
SIM3
SIM4
1
21
22
SIM5
SIM1
SIM2
SIM3
SIM4
1
21
22
SIM5
SIM1
SIM2
SIM3
SIM4
1
21
22
SIM5
SIM1
SIM2
SIM3
SIM4
1
21
22
SIM5
SIM1
SIM2
SIM3
SIM4
1
21
22
SIM5
SIM1
SIM2
SIM3
SIM4
1
21
22
SIM5
SIM1
SIM2
SIM3
SIM4
1
21
22
SIM5
SIM1
SIM2
SIM3
SIM4
1
21
22
SIM5
SIM1
SIM2
SIM3
SIM4
1
21
22
SIM5
SIM1
SIM2
SIM3
SIM4
1
21
22
SIM5
SIM1
SIM2
SIM3
SIM4
1
21
22
SIM5
SIM1
SIM2
SIM3
SIM4
1
21
22
SIM5
SIM1
SIM2
SIM3
SIM4
1
21
22
SIM5
SIM1
SIM2
SIM3
SIM4
1
21
22
SIM5
SIM1
SIM2
SIM3
SIM4
1
21
22
SIM5
SIM1
SIM2
SIM3
SIM4
1
21
22
SIM5
SIM1
SIM2
SIM3
SIM4
1
21
22
SIM5
SIM1
SIM2
SIM3
SIM4
1
21
22
SIM5
SIM1
SIM2
SIM3
SIM4
1
21
22
SIM5
SIM1
SIM2
SIM3
SIM4
1
21
22
SIM5
SIM1
SIM2
SIM3
SIM4
1
21
22
SIM5
SIM1
SIM2
SIM3
SIM4
1
21
22
SIM5
SIM1
SIM2
SIM3
SIM4
1
21
22
SIM5
SIM1
SIM2
SIM3
SIM4
1
21
22
SIM5
SIM1
SIM2
SIM3
SIM4
1
21
22
SIM5
SIM1
SIM2
SIM3
SIM4
1
21
22
SIM5
SIM1
SIM2
SIM3
SIM4
1
21
22
SIM5
SIM1
SIM2
SIM3
SIM4
1
21
22
SIM5
SIM1
SIM2
SIM3
SIM4
1
21
22
SIM5
SIM1
SIM2
SIM3
SIM4
1
21
22
SIM5
SIM1
SIM2
SIM3
SIM4
1
21
22
SIM5
SIM1
SIM2
SIM3
SIM4
1
21
22
SIM5
SIM1
SIM2
SIM3
SIM4
1
21
22
SIM5
SIM1
SIM2
SIM3
SIM4
1
21
22
SIM5
SIM1
SIM2
SIM3
SIM4
1
21
22
SIM5
SIM1
SIM2
SIM3
SIM4
1
21
22
SIM5
SIM1
SIM2
SIM3
SIM4
1
21
22
SIM5
SIM1
SIM2
SIM3
SIM4
1
21
22
SIM5
SIM1
SIM2
SIM3
SIM4
1
21
22
SIM5
SIM1
SIM2
SIM3
SIM4
1
21
22
SIM5
SIM1
SIM2
SIM3
SIM4
1
21
22
SIM5
SIM1
SIM2
SIM3
SIM4
1
21
22
SIM5
SIM1
SIM2
SIM3
SIM4
1
21
22
SIM5
SIM1
SIM2
SIM3
SIM4
1
21
22
SIM5
SIM1
SIM2
SIM3
SIM4
1
21
22
SIM5
SIM1
SIM2
SIM3
SIM4
1
21
22
SIM5
SIM1
SIM2
SIM3
SIM4
1
21
22
SIM5
SIM1
SIM2
SIM3
SIM4
1
21
22
SIM5
SIM1
SIM2
SIM3
SIM4
1
21
22
SIM5
SIM1
SIM2
SIM3
SIM4
1
21
22
SIM5
SIM1
SIM2
SIM3
SIM4
1
21
22
SIM5
SIM1
SIM2
SIM3
SIM4
1
21
22
SIM5
SIM1
SIM2
SIM3
SIM4
1
21
22
SIM5
SIM1
SIM2
SIM3
SIM4
1
21
22
SIM5
SIM1
SIM2
SIM3
SIM4
1
21
22
SIM5
SIM1
SIM2
SIM3
SIM4
1
21
22
SIM5
SIM1
SIM2
SIM3
SIM4
1
21
22
SIM5
SIM1
SIM2
SIM3
SIM4
1
21
22
SIM5
SIM1
SIM2
SIM3
SIM4
1
21
22
SIM5
SIM1
SIM2
SIM3
SIM4
1
21
22
SIM5
SIM1
SIM2
SIM3
SIM4
1
21
22
SIM5
SIM1
SIM2
SIM3
SIM4
1
21
22
SIM5
SIM1
SIM2
SIM3
SIM4
1
21
22
SIM5
SIM1
SIM2
SIM3
SIM4
1
21
22
SIM5
SIM1
SIM2
SIM3
SIM4
1
21
22
SIM5
SIM1
SIM2
SIM3
SIM4
1
21
22
SIM5
SIM1
SIM2
SIM3
SIM4
1
21
22
SIM5
SIM1
SIM2
SIM3
SIM4
1
21
22
SIM5
SIM1
SIM2
SIM3
SIM4
1
21
22
SIM5
SIM1
SIM2
SIM3
SIM4
1
21
22
SIM5
SIM1
SIM2
SIM3
SIM4
1
21
22
SIM5
SIM1
SIM2
SIM3
SIM4
1
21
22
SIM5
SIM1
SIM2
SIM3
SIM4
1
21
22
SIM5
SIM1
SIM2
SIM3
SIM4
1
21
22
SIM5
SIM1
SIM2
SIM3
SIM4
1
21
22
SIM5
SIM1
SIM2
SIM3
SIM4
1
21
22
SIM5
SIM1
SIM2
SIM3
SIM4
1
21
22
SIM5
SIM1
SIM2
SIM3
SIM4
1
21
22
SIM5
SIM1
SIM2
SIM3
SIM4
1
21
22
SIM5
SIM1
SIM2
SIM3
SIM4
1
21
22
SIM5
SIM1
SIM2
SIM3
SIM4
1
21
22
SIM5
SIM1
SIM2
SIM3
SIM4
1
21
22
SIM5
SIM1
SIM2
SIM3
SIM4
1
21
22
SIM5
SIM1
SIM2
SIM3
SIM4
1
21
22
SIM5
SIM1
SIM2
SIM3
SIM4
1
21
22
SIM5
SIM1
SIM2
SIM3
SIM4
1
21
22
SIM5
SIM1
SIM2
SIM3
SIM4
1
21
22
SIM5
SIM1
SIM2
SIM3
SIM4
1
21
22
SIM5
SIM1
SIM2
SIM3
SIM4
1
21
22
SIM5
SIM1
SIM2
SIM3
SIM4
1
21
22
SIM5
SIM1
SIM2
SIM3
SIM4
1
21
22
SIM5
SIM1
SIM2
SIM3
SIM4
1
21
22
SIM5
SIM1
SIM2
SIM3
SIM4
1
21
22
SIM5
SIM1
SIM2
SIM3
SIM4
1
21
22
SIM5
SIM1
SIM2
DEBUG 1 352
SIM1
SIM2
SIM3
SIM4
1
21
22
SIM5
SIM1
SIM2
SIM3
SIM4
1
21
22
SIM5
SIM1
SIM2
SIM3
SIM4
1
21
22
SIM5
SIM1
SIM2
SIM3
SIM4
1
21
22
SIM5
SIM1
SIM2
SIM3
SIM4
1
21
22
SIM5
SIM1
SIM2
SIM3
SIM4
1
21
22
SIM5
SIM1
SIM2
SIM3
SIM4
1
21
22
SIM5
SIM1
SIM2
SIM3
SIM4
1
21
22
SIM5
SIM1
SIM2
SIM3
SIM4
1
21
22
SIM5
SIM1
SIM2
SIM3
SIM4
1
21
22
SIM5
SIM1
SIM2
SIM3
SIM4
1
21
22
SIM5
SIM1
SIM2
SIM3
SIM4
1
21
22
SIM5
SIM1
SIM2
SIM3
SIM4
1
21
22
SIM5
SIM1
SIM2
SIM3
SIM4
1
21
22
SIM5
SIM1
SIM2
SIM3
SIM4
1
21
22
SIM5
SIM1
SIM2
SIM3
SIM4
1
21
22
SIM5
SIM1
SIM2
SIM3
SIM4
1
21
22
SIM5
SIM1
SIM2
SIM3
SIM4
1
21
22
SIM5
SIM1
SIM2
SIM3
SIM4
1
21
22
SIM5
SIM1
SIM2
SIM3
SIM4
1
21
22
SIM5
SIM1
SIM2
SIM3
SIM4
1
21
22
SIM5
SIM1
SIM2
SIM3
SIM4
1
21
22
SIM5
SIM1
SIM2
SIM3
SIM4
1
21
22
SIM5
SIM1
SIM2
SIM3
SIM4
1
21
22
SIM5
SIM1
SIM2
SIM3
SIM4
1
21
22
SIM5
SIM1
SIM2
SIM3
SIM4
1
21
22
SIM5
SIM1
SIM2
SIM3
SIM4
1
21
22
SIM5
SIM1
SIM2
SIM3
SIM4
1
21
22
SIM5
SIM1
SIM2
SIM3
SIM4
1
21
22
SIM5
SIM1
SIM2
SIM3
SIM4
1
21
22
SIM5
SIM1
SIM2
SIM3
SIM4
1
21
22
SIM5
SIM1
SIM2
SIM3
SIM4
1
21
22
SIM5
SIM1
SIM2
SIM3
SIM4
1
21
22
SIM5
SIM1
SIM2
SIM3
SIM4
1
21
22
SIM5
SIM1
SIM2
SIM3
SIM4
1
21
22
SIM5
SIM1
SIM2
SIM3
SIM4
1
21
22
SIM5
SIM1
SIM2
SIM3
SIM4
1
21
22
SIM5
SIM1
SIM2
SIM3
SIM4
1
21
22
SIM5
SIM1
SIM2
SIM3
SIM4
1
21
22
SIM5
SIM1
SIM2
SIM3
SIM4
1
21
22
SIM5
SIM1
SIM2
SIM3
SIM4
1
21
22
SIM5
SIM1
SIM2
SIM3
SIM4
1
21
22
SIM5
SIM1
SIM2
SIM3
SIM4
1
21
22
SIM5
SIM1
SIM2
SIM3
SIM4
1
21
22
SIM5
SIM1
SIM2
SIM3
SIM4
1
21
22
SIM5
SIM1
SIM2
SIM3
SIM4
1
21
22
SIM5
SIM1
SIM2
SIM3
SIM4
1
21
22
SIM5
SIM1
SIM2
SIM3
SIM4
1
21
22
SIM5
SIM1
SIM2
SIM3
SIM4
1
21
22
SIM5
SIM1
SIM2
SIM3
SIM4
1
21
22
SIM5
SIM1
SIM2
SIM3
SIM4
1
21
22
SIM5
SIM1
SIM2
SIM3
SIM4
1
21
22
SIM5
SIM1
SIM2
SIM3
SIM4
1
21
22
SIM5
SIM1
SIM2
SIM3
SIM4
1
21
22
SIM5
SIM1
SIM2
SIM3
SIM4
1
21
22
SIM5
SIM1
SIM2
SIM3
SIM4
1
21
22
SIM5
SIM1
SIM2
SIM3
SIM4
1
21
22
SIM5
SIM1
SIM2
SIM3
SIM4
1
21
22
SIM5
SIM1
SIM2
SIM3
SIM4
1
21
22
SIM5
SIM1
SIM2
SIM3
SIM4
1
21
22
SIM5
SIM1
SIM2
SIM3
SIM4
1
21
22
SIM5
SIM1
SIM2
SIM3
SIM4
1
21
22
SIM5
SIM1
SIM2
SIM3
SIM4
1
21
22
SIM5
SIM1
SIM2
SIM3
SIM4
1
21
22
SIM5
SIM1
SIM2
SIM3
SIM4
1
21
22
SIM5
SIM1
SIM2
SIM3
SIM4
1
21
22
SIM5
SIM1
SIM2
SIM3
SIM4
1
21
22
SIM5
SIM1
SIM2
SIM3
SIM4
1
21
22
SIM5
SIM1
SIM2
SIM3
SIM4
1
21
22
SIM5
SIM1
SIM2
SIM3
SIM4
1
21
22
SIM5
SIM1
SIM2
SIM3
SIM4
1
21
22
SIM5
SIM1
SIM2
SIM3
SIM4
1
21
22
SIM5
SIM1
SIM2
SIM3
SIM4
1
21
22
SIM5
SIM1
SIM2
SIM3
SIM4
1
21
22
SIM5
SIM1
SIM2
SIM3
SIM4
1
21
22
SIM5
SIM1
SIM2
SIM3
SIM4
1
21
22
SIM5
SIM1
SIM2
SIM3
SIM4
1
21
22
SIM5
SIM1
SIM2
SIM3
SIM4
1
21
22
SIM5
SIM1
SIM2
SIM3
SIM4
1
21
22
SIM5
SIM1
SIM2
SIM3
SIM4
1
21
22
SIM5
SIM1
SIM2
SIM3
SIM4
1
21
22
SIM5
SIM1
SIM2
SIM3
SIM4
1
21
22
SIM5
SIM1
SIM2
SIM3
SIM4
1
21
22
SIM5
SIM1
SIM2
SIM3
SIM4
1
21
22
SIM5
SIM1
SIM2
SIM3
SIM4
1
21
22
SIM5
SIM1
SIM2
SIM3
SIM4
1
21
22
SIM5
SIM1
SIM2
SIM3
SIM4
1
21
22
SIM5
SIM1
SIM2
SIM3
SIM4
1
21
22
SIM5
SIM1
SIM2
SIM3
SIM4
1
21
22
SIM5
SIM1
SIM2
SIM3
SIM4
1
21
22
SIM5
SIM1
SIM2
SIM3
SIM4
1
21
22
SIM5
SIM1
SIM2
SIM3
SIM4
1
21
22
SIM5
SIM1
SIM2
SIM3
SIM4
1
21
22
SIM5
SIM1
SIM2
SIM3
SIM4
1
21
22
SIM5
SIM1
SIM2
SIM3
SIM4
1
21
22
SIM5
SIM1
SIM2
SIM3
SIM4
1
21
22
SIM5
SIM1
SIM2
SIM3
SIM4
1
21
22
SIM5
SIM1
SIM2
SIM3
SIM4
1
21
22
SIM5
SIM1
SIM2
SIM3
SIM4
1
21
22
SIM5
SIM1
SIM2
SIM3
SIM4
1
21
22
SIM5
SIM1
SIM2
SIM3
SIM4
1
21
22
SIM5
SIM1
SIM2
SIM3
SIM4
1
21
22
SIM5
SIM1
SIM2
SIM3
SIM4
1
21
22
SIM5
SIM1
SIM2
SIM3
SIM4
1
21
22
SIM5
SIM1
SIM2
SIM3
SIM4
1
21
22
SIM5
SIM1
SIM2
SIM3
SIM4
1
21
22
SIM5
SIM1
SIM2
SIM3
SIM4
1
21
22
SIM5
SIM1
SIM2
SIM3
SIM4
1
21
22
SIM5
SIM1
SIM2
SIM3
SIM4
1
21
22
SIM5
SIM1
SIM2
SIM3
SIM4
1
21
22
SIM5
SIM1
SIM2
SIM3
SIM4
1
21
22
SIM5
SIM1
SIM2
SIM3
SIM4
1
21
22
SIM5
SIM1
SIM2
SIM3
SIM4
1
21
22
SIM5
SIM1
SIM2
SIM3
SIM4
1
21
22
SIM5
SIM1
SIM2
SIM3
SIM4
1
21
22
SIM5
SIM1
SIM2
SIM3
SIM4
1
21
22
SIM5
SIM1
SIM2
SIM3
SIM4
1
21
22
SIM5
SIM1
SIM2
SIM3
SIM4
1
21
22
SIM5
SIM1
SIM2
SIM3
SIM4
1
21
22
SIM5
SIM1
SIM2
SIM3
SIM4
1
21
22
SIM5
SIM1
SIM2
SIM3
SIM4
1
21
22
SIM5
SIM1
SIM2
SIM3
SIM4
1
21
22
SIM5
SIM1
SIM2
SIM3
SIM4
1
21
22
SIM5
SIM1
SIM2
SIM3
SIM4
1
21
22
SIM5
SIM1
SIM2
SIM3
SIM4
1
21
22
SIM5
SIM1
SIM2
SIM3
SIM4
1
21
22
SIM5
SIM1
SIM2
SIM3
SIM4
1
21
22
SIM5
SIM1
SIM2
SIM3
SIM4
1
21
22
SIM5
SIM1
SIM2
SIM3
SIM4
1
21
22
SIM5
SIM1
SIM2
SIM3
SIM4
1
21
22
SIM5
SIM1
SIM2
SIM3
SIM4
1
21
22
SIM5
SIM1
SIM2
DEBUG 1 353
SIM1
SIM2
SIM3
SIM4
1
21
22
SIM5
SIM1
SIM2
SIM3
SIM4
1
21
22
SIM5
SIM1
SIM2
SIM3
SIM4
1
21
22
SIM5
SIM1
SIM2
SIM3
SIM4
1
21
22
SIM5
SIM1
SIM2
SIM3
SIM4
1
21
22
SIM5
SIM1
SIM2
SIM3
SIM4
1
21
22
SIM5
SIM1
SIM2
SIM3
SIM4
1
21
22
SIM5
SIM1
SIM2
SIM3
SIM4
1
21
22
SIM5
SIM1
SIM2
SIM3
SIM4
1
21
22
SIM5
SIM1
SIM2
SIM3
SIM4
1
21
22
SIM5
SIM1
SIM2
SIM3
SIM4
1
21
22
SIM5
SIM1
SIM2
SIM3
SIM4
1
21
22
SIM5
SIM1
SIM2
SIM3
SIM4
1
21
22
SIM5
SIM1
SIM2
SIM3
SIM4
1
21
22
SIM5
SIM1
SIM2
SIM3
SIM4
1
21
22
SIM5
SIM1
SIM2
SIM3
SIM4
1
21
22
SIM5
SIM1
SIM2
SIM3
SIM4
1
21
22
SIM5
SIM1
SIM2
SIM3
SIM4
1
21
22
SIM5
SIM1
SIM2
SIM3
SIM4
1
21
22
SIM5
SIM1
SIM2
SIM3
SIM4
1
21
22
SIM5
SIM1
SIM2
SIM3
SIM4
1
21
22
SIM5
SIM1
SIM2
SIM3
SIM4
1
21
22
SIM5
SIM1
SIM2
SIM3
SIM4
1
21
22
SIM5
SIM1
SIM2
SIM3
SIM4
1
21
22
SIM5
SIM1
SIM2
SIM3
SIM4
1
21
22
SIM5
SIM1
SIM2
SIM3
SIM4
1
21
22
SIM5
SIM1
SIM2
SIM3
SIM4
1
21
22
SIM5
SIM1
SIM2
SIM3
SIM4
1
21
22
SIM5
SIM1
SIM2
SIM3
SIM4
1
21
22
SIM5
SIM1
SIM2
SIM3
SIM4
1
21
22
SIM5
SIM1
SIM2
SIM3
SIM4
1
21
22
SIM5
SIM1
SIM2
SIM3
SIM4
1
21
22
SIM5
SIM1
SIM2
SIM3
SIM4
1
21
22
SIM5
SIM1
SIM2
SIM3
SIM4
1
21
22
SIM5
SIM1
SIM2
SIM3
SIM4
1
21
22
SIM5
SIM1
SIM2
SIM3
SIM4
1
21
22
SIM5
SIM1
SIM2
SIM3
SIM4
1
21
22
SIM5
SIM1
SIM2
SIM3
SIM4
1
21
22
SIM5
SIM1
SIM2
SIM3
SIM4
1
21
22
SIM5
SIM1
SIM2
SIM3
SIM4
1
21
22
SIM5
SIM1
SIM2
SIM3
SIM4
1
21
22
SIM5
SIM1
SIM2
SIM3
SIM4
1
21
22
SIM5
SIM1
SIM2
SIM3
SIM4
1
21
22
SIM5
SIM1
SIM2
SIM3
SIM4
1
21
22
SIM5
SIM1
SIM2
SIM3
SIM4
1
21
22
SIM5
SIM1
SIM2
SIM3
SIM4
1
21
22
SIM5
SIM1
SIM2
SIM3
SIM4
1
21
22
SIM5
SIM1
SIM2
SIM3
SIM4
1
21
22
SIM5
SIM1
SIM2
SIM3
SIM4
1
21
22
SIM5
SIM1
SIM2
SIM3
SIM4
1
21
22
SIM5
SIM1
SIM2
SIM3
SIM4
1
21
22
SIM5
SIM1
SIM2
SIM3
SIM4
1
21
22
SIM5
SIM1
SIM2
SIM3
SIM4
1
21
22
SIM5
SIM1
SIM2
SIM3
SIM4
1
21
22
SIM5
SIM1
SIM2
SIM3
SIM4
1
21
22
SIM5
SIM1
SIM2
SIM3
SIM4
1
21
22
SIM5
SIM1
SIM2
SIM3
SIM4
1
21
22
SIM5
SIM1
SIM2
SIM3
SIM4
1
21
22
SIM5
SIM1
SIM2
SIM3
SIM4
1
21
22
SIM5
SIM1
SIM2
SIM3
SIM4
1
21
22
SIM5
SIM1
SIM2
SIM3
SIM4
1
21
22
SIM5
SIM1
SIM2
SIM3
SIM4
1
21
22
SIM5
SIM1
SIM2
SIM3
SIM4
1
21
22
SIM5
SIM1
SIM2
SIM3
SIM4
1
21
22
SIM5
SIM1
SIM2
SIM3
SIM4
1
21
22
SIM5
SIM1
SIM2
SIM3
SIM4
1
21
22
SIM5
SIM1
SIM2
SIM3
SIM4
1
21
22
SIM5
SIM1
SIM2
SIM3
SIM4
1
21
22
SIM5
SIM1
SIM2
SIM3
SIM4
1
21
22
SIM5
SIM1
SIM2
SIM3
SIM4
1
21
22
SIM5
SIM1
SIM2
SIM3
SIM4
1
21
22
SIM5
SIM1
SIM2
SIM3
SIM4
1
21
22
SIM5
SIM1
SIM2
SIM3
SIM4
1
21
22
SIM5
SIM1
SIM2
SIM3
SIM4
1
21
22
SIM5
SIM1
SIM2
SIM3
SIM4
1
21
22
SIM5
SIM1
SIM2
SIM3
SIM4
1
21
22
SIM5
SIM1
SIM2
SIM3
SIM4
1
21
22
SIM5
SIM1
SIM2
SIM3
SIM4
1
21
22
SIM5
SIM1
SIM2
SIM3
SIM4
1
21
22
SIM5
SIM1
SIM2
SIM3
SIM4
1
21
22
SIM5
SIM1
SIM2
SIM3
SIM4
1
21
22
SIM5
SIM1
SIM2
SIM3
SIM4
1
21
22
SIM5
SIM1
SIM2
SIM3
SIM4
1
21
22
SIM5
SIM1
SIM2
SIM3
SIM4
1
21
22
SIM5
SIM1
SIM2
SIM3
SIM4
1
21
22
SIM5
SIM1
SIM2
SIM3
SIM4
1
21
22
SIM5
SIM1
SIM2
SIM3
SIM4
1
21
22
SIM5
SIM1
SIM2
SIM3
SIM4
1
21
22
SIM5
SIM1
SIM2
SIM3
SIM4
1
21
22
SIM5
SIM1
SIM2
SIM3
SIM4
1
21
22
SIM5
SIM1
SIM2
SIM3
SIM4
1
21
22
SIM5
SIM1
SIM2
SIM3
SIM4
1
21
22
SIM5
SIM1
SIM2
SIM3
SIM4
1
21
22
SIM5
SIM1
SIM2
SIM3
SIM4
1
21
22
SIM5
SIM1
SIM2
SIM3
SIM4
1
21
22
SIM5
SIM1
SIM2
SIM3
SIM4
1
21
22
SIM5
SIM1
SIM2
SIM3
SIM4
1
21
22
SIM5
SIM1
SIM2
SIM3
SIM4
1
21
22
SIM5
SIM1
SIM2
SIM3
SIM4
1
21
22
SIM5
SIM1
SIM2
SIM3
SIM4
1
21
22
SIM5
SIM1
SIM2
SIM3
SIM4
1
21
22
SIM5
SIM1
SIM2
SIM3
SIM4
1
21
22
SIM5
SIM1
SIM2
SIM3
SIM4
1
21
22
SIM5
SIM1
SIM2
SIM3
SIM4
1
21
22
SIM5
SIM1
SIM2
SIM3
SIM4
1
21
22
SIM5
SIM1
SIM2
SIM3
SIM4
1
21
22
SIM5
SIM1
SIM2
SIM3
SIM4
1
21
22
SIM5
SIM1
SIM2
SIM3
SIM4
1
21
22
SIM5
SIM1
SIM2
SIM3
SIM4
1
21
22
SIM5
SIM1
SIM2
SIM3
SIM4
1
21
22
SIM5
SIM1
SIM2
SIM3
SIM4
1
21
22
SIM5
SIM1
SIM2
SIM3
SIM4
1
21
22
SIM5
SIM1
SIM2
SIM3
SIM4
1
21
22
SIM5
SIM1
SIM2
SIM3
SIM4
1
21
22
SIM5
SIM1
SIM2
SIM3
SIM4
1
21
22
SIM5
SIM1
SIM2
SIM3
SIM4
1
21
22
SIM5
SIM1
SIM2
SIM3
SIM4
1
21
22
SIM5
SIM1
SIM2
SIM3
SIM4
1
21
22
SIM5
SIM1
SIM2
SIM3
SIM4
1
21
22
SIM5
SIM1
SIM2
SIM3
SIM4
1
21
22
SIM5
SIM1
SIM2
SIM3
SIM4
1
21
22
SIM5
SIM1
SIM2
SIM3
SIM4
1
21
22
SIM5
SIM1
SIM2
SIM3
SIM4
1
21
22
SIM5
SIM1
SIM2
SIM3
SIM4
1
21
22
SIM5
SIM1
SIM2
SIM3
SIM4
1
21
22
SIM5
SIM1
SIM2
SIM3
SIM4
1
21
22
SIM5
SIM1
SIM2
SIM3
SIM4
1
21
22
SIM5
SIM1
SIM2
SIM3
SIM4
1
21
22
SIM5
SIM1
SIM2
SIM3
SIM4
1
21
22
SIM5
SIM1
SIM2
SIM3
SIM4
1
21
22
SIM5
SIM1
SIM2
SIM3
SIM4
1
21
22
SIM5
SIM1
SIM2
SIM3
SIM4
1
21
22
SIM5
SIM1
SIM2
SIM3
SIM4
1
21
22
SIM5
SIM1
SIM2
SIM3
SIM4
1
21
22
SIM5
SIM1
SIM2
SIM3
SIM4
1
21
22
SIM5
SIM1
SIM2
SIM3
SIM4
1
21
22
SIM5
SIM1
SIM2
SIM3
SIM4
1
21
22
SIM5
SIM1
SIM2
SIM3
SIM4
1
21
22
SIM5
SIM1
SIM2
SIM3
SIM4
1
21
22
SIM5
SIM1
SIM2
SIM3
SIM4
1
21
22
SIM5
SIM1
SIM2
SIM3
SIM4
1
21
22
SIM5
SIM1
SIM2
SIM3
SIM4
1
21
22
SIM5
SIM1
SIM2
SIM3
SIM4
1
21
22
SIM5
SIM1
SIM2
SIM3
SIM4
1
21
22
SIM5
SIM1
SIM2
SIM3
SIM4
1
21
22
SIM5
SIM1
SIM2
SIM3
SIM4
1
21
22
SIM5
SIM1
SIM2
SIM3
SIM4
1
21
22
SIM5
SIM1
SIM2
SIM3
SIM4
1
21
22
SIM5
SIM1
SIM2
SIM3
SIM4
1
21
22
SIM5
SIM1
SIM2
SIM3
SIM4
1
21
22
SIM5
SIM1
SIM2
SIM3
SIM4
1
21
22
SIM5
SIM1
SIM2
SIM3
SIM4
1
21
22
SIM5
SIM1
SIM2
SIM3
SIM4
1
21
22
SIM5
SIM1
SIM2
SIM3
SIM4
1
21
22
SIM5
SIM1
SIM2
SIM3
SIM4
1
21
22
SIM5
SIM1
SIM2
SIM3
SIM4
1
21
22
SIM5
SIM1
SIM2
SIM3
SIM4
1
21
22
SIM5
SIM1
SIM2
SIM3
SIM4
1
21
22
SIM5
SIM1
SIM2
SIM3
SIM4
1
21
22
SIM5
SIM1
SIM2
SIM3
SIM4
1
21
22
SIM5
SIM1
SIM2
SIM3
SIM4
1
21
22
SIM5
SIM1
SIM2
SIM3
SIM4
1
21
22
SIM5
SIM1
SIM2
SIM3
SIM4
1
21
22
SIM5
SIM1
SIM2
SIM3
SIM4
1
21
22
SIM5
SIM1
SIM2
SIM3
SIM4
1
21
22
SIM5
SIM1
SIM2
SIM3
SIM4
1
21
22
SIM5
SIM1
SIM2
SIM3
SIM4
1
21
22
SIM5
SIM1
SIM2
SIM3
SIM4
1
21
22
SIM5
SIM1
SIM2
SIM3
SIM4
1
21
22
SIM5
SIM1
SIM2
SIM3
SIM4
1
21
22
SIM5
SIM1
SIM2
SIM3
SIM4
1
21
22
SIM5
SIM1
SIM2
SIM3
SIM4
1
21
22
SIM5
SIM1
SIM2
SIM3
SIM4
1
21
22
SIM5
SIM1
SIM2
SIM3
SIM4
1
21
22
SIM5
SIM1
SIM2
SIM3
SIM4
1
21
22
SIM5
SIM1
SIM2
SIM3
SIM4
1
21
22
SIM5
SIM1
SIM2
SIM3
SIM4
1
21
22
SIM5
SIM1
SIM2
SIM3
SIM4
1
21
22
SIM5
SIM1
SIM2
SIM3
SIM4
1
21
22
SIM5
SIM1
SIM2
SIM3
SIM4
1
21
22
SIM5
SIM1
SIM2
SIM3
SIM4
1
21
22
SIM5
SIM1
SIM2
SIM3
SIM4
1
21
22
SIM5
SIM1
SIM2
SIM3
SIM4
1
21
22
SIM5
SIM1
SIM2
SIM3
SIM4
1
21
22
SIM5
SIM1
SIM2
SIM3
SIM4
1
21
22
SIM5
SIM1
SIM2
SIM3
SIM4
1
21
22
SIM5
SIM1
SIM2
SIM3
SIM4
1
21
22
SIM5
SIM1
SIM2
SIM3
SIM4
1
21
22
SIM5
SIM1
SIM2
SIM3
SIM4
1
21
22
SIM5
SIM1
SIM2
SIM3
SIM4
1
21
22
SIM5
SIM1
SIM2
SIM3
SIM4
1
21
22
SIM5
SIM1
SIM2
DEBUG 1 354
SIM1
SIM2
SIM3
SIM4
1
21
22
SIM5
SIM1
SIM2
SIM3
SIM4
1
21
22
SIM5
SIM1
SIM2
SIM3
SIM4
1
21
22
SIM5
SIM1
SIM2
SIM3
SIM4
1
21
22
SIM5
SIM1
SIM2
SIM3
SIM4
1
21
22
SIM5
SIM1
SIM2
SIM3
SIM4
1
21
22
SIM5
SIM1
SIM2
SIM3
SIM4
1
21
22
SIM5
SIM1
SIM2
SIM3
SIM4
1
21
22
SIM5
SIM1
SIM2
SIM3
SIM4
1
21
22
SIM5
SIM1
SIM2
SIM3
SIM4
1
21
22
SIM5
SIM1
SIM2
SIM3
SIM4
1
21
22
SIM5
SIM1
SIM2
SIM3
SIM4
1
21
22
SIM5
SIM1
SIM2
SIM3
SIM4
1
21
22
SIM5
SIM1
SIM2
SIM3
SIM4
1
21
22
SIM5
SIM1
SIM2
SIM3
SIM4
1
21
22
SIM5
SIM1
SIM2
SIM3
SIM4
1
21
22
SIM5
SIM1
SIM2
SIM3
SIM4
1
21
22
SIM5
SIM1
SIM2
SIM3
SIM4
1
21
22
SIM5
SIM1
SIM2
SIM3
SIM4
1
21
22
SIM5
SIM1
SIM2
SIM3
SIM4
1
21
22
SIM5
SIM1
SIM2
SIM3
SIM4
1
21
22
SIM5
SIM1
SIM2
SIM3
SIM4
1
21
22
SIM5
SIM1
SIM2
SIM3
SIM4
1
21
22
SIM5
SIM1
SIM2
SIM3
SIM4
1
21
22
SIM5
SIM1
SIM2
SIM3
SIM4
1
21
22
SIM5
SIM1
SIM2
SIM3
SIM4
1
21
22
SIM5
SIM1
SIM2
SIM3
SIM4
1
21
22
SIM5
SIM1
SIM2
SIM3
SIM4
1
21
22
SIM5
SIM1
SIM2
SIM3
SIM4
1
21
22
SIM5
SIM1
SIM2
SIM3
SIM4
1
21
22
SIM5
SIM1
SIM2
SIM3
SIM4
1
21
22
SIM5
SIM1
SIM2
SIM3
SIM4
1
21
22
SIM5
SIM1
SIM2
SIM3
SIM4
1
21
22
SIM5
SIM1
SIM2
SIM3
SIM4
1
21
22
SIM5
SIM1
SIM2
SIM3
SIM4
1
21
22
SIM5
SIM1
SIM2
SIM3
SIM4
1
21
22
SIM5
SIM1
SIM2
SIM3
SIM4
1
21
22
SIM5
SIM1
SIM2
SIM3
SIM4
1
21
22
SIM5
SIM1
SIM2
SIM3
SIM4
1
21
22
SIM5
SIM1
SIM2
SIM3
SIM4
1
21
22
SIM5
SIM1
SIM2
SIM3
SIM4
1
21
22
SIM5
SIM1
SIM2
SIM3
SIM4
1
21
22
SIM5
SIM1
SIM2
SIM3
SIM4
1
21
22
SIM5
SIM1
SIM2
SIM3
SIM4
1
21
22
SIM5
SIM1
SIM2
SIM3
SIM4
1
21
22
SIM5
SIM1
SIM2
SIM3
SIM4
1
21
22
SIM5
SIM1
SIM2
SIM3
SIM4
1
21
22
SIM5
SIM1
SIM2
SIM3
SIM4
1
21
22
SIM5
SIM1
SIM2
SIM3
SIM4
1
21
22
SIM5
SIM1
SIM2
SIM3
SIM4
1
21
22
SIM5
SIM1
SIM2
SIM3
SIM4
1
21
22
SIM5
SIM1
SIM2
SIM3
SIM4
1
21
22
SIM5
SIM1
SIM2
SIM3
SIM4
1
21
22
SIM5
SIM1
SIM2
SIM3
SIM4
1
21
22
SIM5
SIM1
SIM2
SIM3
SIM4
1
21
22
SIM5
SIM1
SIM2
SIM3
SIM4
1
21
22
SIM5
SIM1
SIM2
SIM3
SIM4
1
21
22
SIM5
SIM1
SIM2
SIM3
SIM4
1
21
22
SIM5
SIM1
SIM2
SIM3
SIM4
1
21
22
SIM5
SIM1
SIM2
SIM3
SIM4
1
21
22
SIM5
SIM1
SIM2
SIM3
SIM4
1
21
22
SIM5
SIM1
SIM2
SIM3
SIM4
1
21
22
SIM5
SIM1
SIM2
SIM3
SIM4
1
21
22
SIM5
SIM1
SIM2
SIM3
SIM4
1
21
22
SIM5
SIM1
SIM2
SIM3
SIM4
1
21
22
SIM5
SIM1
SIM2
SIM3
SIM4
1
21
22
SIM5
SIM1
SIM2
SIM3
SIM4
1
21
22
SIM5
SIM1
SIM2
SIM3
SIM4
1
21
22
SIM5
SIM1
SIM2
SIM3
SIM4
1
21
22
SIM5
SIM1
SIM2
SIM3
SIM4
1
21
22
SIM5
SIM1
SIM2
SIM3
SIM4
1
21
22
SIM5
SIM1
SIM2
SIM3
SIM4
1
21
22
SIM5
SIM1
SIM2
SIM3
SIM4
1
21
22
SIM5
SIM1
SIM2
SIM3
SIM4
1
21
22
SIM5
SIM1
SIM2
SIM3
SIM4
1
21
22
SIM5
SIM1
SIM2
SIM3
SIM4
1
21
22
SIM5
SIM1
SIM2
SIM3
SIM4
1
21
22
SIM5
SIM1
SIM2
SIM3
SIM4
1
21
22
SIM5
SIM1
SIM2
SIM3
SIM4
1
21
22
SIM5
SIM1
SIM2
SIM3
SIM4
1
21
22
SIM5
SIM1
SIM2
SIM3
SIM4
1
21
22
SIM5
SIM1
SIM2
SIM3
SIM4
1
21
22
SIM5
SIM1
SIM2
SIM3
SIM4
1
21
22
SIM5
SIM1
SIM2
SIM3
SIM4
1
21
22
SIM5
SIM1
SIM2
SIM3
SIM4
1
21
22
SIM5
SIM1
SIM2
SIM3
SIM4
1
21
22
SIM5
SIM1
SIM2
SIM3
SIM4
1
21
22
SIM5
SIM1
SIM2
SIM3
SIM4
1
21
22
SIM5
SIM1
SIM2
SIM3
SIM4
1
21
22
SIM5
SIM1
SIM2
SIM3
SIM4
1
21
22
SIM5
SIM1
SIM2
SIM3
SIM4
1
21
22
SIM5
SIM1
SIM2
SIM3
SIM4
1
21
22
SIM5
SIM1
SIM2
SIM3
SIM4
1
21
22
SIM5
SIM1
SIM2
SIM3
SIM4
1
21
22
SIM5
SIM1
SIM2
SIM3
SIM4
1
21
22
SIM5
SIM1
SIM2
SIM3
SIM4
1
21
22
SIM5
SIM1
SIM2
SIM3
SIM4
1
21
22
SIM5
SIM1
SIM2
SIM3
SIM4
1
21
22
SIM5
SIM1
SIM2
SIM3
SIM4
1
21
22
SIM5
SIM1
SIM2
SIM3
SIM4
1
21
22
SIM5
SIM1
SIM2
SIM3
SIM4
1
21
22
SIM5
SIM1
SIM2
SIM3
SIM4
1
21
22
SIM5
SIM1
SIM2
SIM3
SIM4
1
21
22
SIM5
SIM1
SIM2
SIM3
SIM4
1
21
22
SIM5
SIM1
SIM2
SIM3
SIM4
1
21
22
SIM5
SIM1
SIM2
SIM3
SIM4
1
21
22
SIM5
SIM1
SIM2
SIM3
SIM4
1
21
22
SIM5
SIM1
SIM2
SIM3
SIM4
1
21
22
SIM5
SIM1
SIM2
SIM3
SIM4
1
21
22
SIM5
SIM1
SIM2
DEBUG 1 355
SIM1
SIM2
SIM3
SIM4
1
21
22
SIM5
SIM1
SIM2
SIM3
SIM4
1
21
22
SIM5
SIM1
SIM2
SIM3
SIM4
1
21
22
SIM5
SIM1
SIM2
SIM3
SIM4
1
21
22
SIM5
SIM1
SIM2
SIM3
SIM4
1
21
22
SIM5
SIM1
SIM2
SIM3
SIM4
1
21
22
SIM5
SIM1
SIM2
SIM3
SIM4
1
21
22
SIM5
SIM1
SIM2
SIM3
SIM4
1
21
22
SIM5
SIM1
SIM2
SIM3
SIM4
1
21
22
SIM5
SIM1
SIM2
SIM3
SIM4
1
21
22
SIM5
SIM1
SIM2
SIM3
SIM4
1
21
22
SIM5
SIM1
SIM2
SIM3
SIM4
1
21
22
SIM5
SIM1
SIM2
SIM3
SIM4
1
21
22
SIM5
SIM1
SIM2
SIM3
SIM4
1
21
22
SIM5
SIM1
SIM2
SIM3
SIM4
1
21
22
SIM5
SIM1
SIM2
SIM3
SIM4
1
21
22
SIM5
SIM1
SIM2
SIM3
SIM4
1
21
22
SIM5
SIM1
SIM2
SIM3
SIM4
1
21
22
SIM5
SIM1
SIM2
SIM3
SIM4
1
21
22
SIM5
SIM1
SIM2
SIM3
SIM4
1
21
22
SIM5
SIM1
SIM2
SIM3
SIM4
1
21
22
SIM5
SIM1
SIM2
SIM3
SIM4
1
21
22
SIM5
SIM1
SIM2
SIM3
SIM4
1
21
22
SIM5
SIM1
SIM2
SIM3
SIM4
1
21
22
SIM5
SIM1
SIM2
SIM3
SIM4
1
21
22
SIM5
SIM1
SIM2
SIM3
SIM4
1
21
22
SIM5
SIM1
SIM2
SIM3
SIM4
1
21
22
SIM5
SIM1
SIM2
SIM3
SIM4
1
21
22
SIM5
SIM1
SIM2
SIM3
SIM4
1
21
22
SIM5
SIM1
SIM2
SIM3
SIM4
1
21
22
SIM5
SIM1
SIM2
SIM3
SIM4
1
21
22
SIM5
SIM1
SIM2
SIM3
SIM4
1
21
22
SIM5
SIM1
SIM2
SIM3
SIM4
1
21
22
SIM5
SIM1
SIM2
SIM3
SIM4
1
21
22
SIM5
SIM1
SIM2
SIM3
SIM4
1
21
22
SIM5
SIM1
SIM2
SIM3
SIM4
1
21
22
SIM5
SIM1
SIM2
SIM3
SIM4
1
21
22
SIM5
SIM1
SIM2
SIM3
SIM4
1
21
22
SIM5
SIM1
SIM2
SIM3
SIM4
1
21
22
SIM5
SIM1
SIM2
SIM3
SIM4
1
21
22
SIM5
SIM1
SIM2
SIM3
SIM4
1
21
22
SIM5
SIM1
SIM2
SIM3
SIM4
1
21
22
SIM5
SIM1
SIM2
SIM3
SIM4
1
21
22
SIM5
SIM1
SIM2
SIM3
SIM4
1
21
22
SIM5
SIM1
SIM2
SIM3
SIM4
1
21
22
SIM5
SIM1
SIM2
SIM3
SIM4
1
21
22
SIM5
SIM1
SIM2
SIM3
SIM4
1
21
22
SIM5
SIM1
SIM2
SIM3
SIM4
1
21
22
SIM5
SIM1
SIM2
SIM3
SIM4
1
21
22
SIM5
SIM1
SIM2
SIM3
SIM4
1
21
22
SIM5
SIM1
SIM2
SIM3
SIM4
1
21
22
SIM5
SIM1
SIM2
SIM3
SIM4
1
21
22
SIM5
SIM1
SIM2
SIM3
SIM4
1
21
22
SIM5
SIM1
SIM2
SIM3
SIM4
1
21
22
SIM5
SIM1
SIM2
SIM3
SIM4
1
21
22
SIM5
SIM1
SIM2
SIM3
SIM4
1
21
22
SIM5
SIM1
SIM2
SIM3
SIM4
1
21
22
SIM5
SIM1
SIM2
SIM3
SIM4
1
21
22
SIM5
SIM1
SIM2
SIM3
SIM4
1
21
22
SIM5
SIM1
SIM2
SIM3
SIM4
1
21
22
SIM5
SIM1
SIM2
SIM3
SIM4
1
21
22
SIM5
SIM1
SIM2
SIM3
SIM4
1
21
22
SIM5
SIM1
SIM2
SIM3
SIM4
1
21
22
SIM5
SIM1
SIM2
SIM3
SIM4
1
21
22
SIM5
SIM1
SIM2
SIM3
SIM4
1
21
22
SIM5
SIM1
SIM2
SIM3
SIM4
1
21
22
SIM5
SIM1
SIM2
SIM3
SIM4
1
21
22
SIM5
SIM1
SIM2
SIM3
SIM4
1
21
22
SIM5
SIM1
SIM2
SIM3
SIM4
1
21
22
SIM5
SIM1
SIM2
SIM3
SIM4
1
21
22
SIM5
SIM1
SIM2
SIM3
SIM4
1
21
22
SIM5
SIM1
SIM2
SIM3
SIM4
1
21
22
SIM5
SIM1
SIM2
SIM3
SIM4
1
21
22
SIM5
SIM1
SIM2
SIM3
SIM4
1
21
22
SIM5
SIM1
SIM2
SIM3
SIM4
1
21
22
SIM5
SIM1
SIM2
SIM3
SIM4
1
21
22
SIM5
SIM1
SIM2
SIM3
SIM4
1
21
22
SIM5
SIM1
SIM2
SIM3
SIM4
1
21
22
SIM5
SIM1
SIM2
SIM3
SIM4
1
21
22
SIM5
SIM1
SIM2
SIM3
SIM4
1
21
22
SIM5
SIM1
SIM2
SIM3
SIM4
1
21
22
SIM5
SIM1
SIM2
SIM3
SIM4
1
21
22
SIM5
SIM1
SIM2
SIM3
SIM4
1
21
22
SIM5
SIM1
SIM2
SIM3
SIM4
1
21
22
SIM5
SIM1
SIM2
SIM3
SIM4
1
21
22
SIM5
SIM1
SIM2
SIM3
SIM4
1
21
22
SIM5
SIM1
SIM2
SIM3
SIM4
1
21
22
SIM5
SIM1
SIM2
SIM3
SIM4
1
21
22
SIM5
SIM1
SIM2
SIM3
SIM4
1
21
22
SIM5
SIM1
SIM2
SIM3
SIM4
1
21
22
SIM5
SIM1
SIM2
SIM3
SIM4
1
21
22
SIM5
SIM1
SIM2
SIM3
SIM4
1
21
22
SIM5
SIM1
SIM2
SIM3
SIM4
1
21
22
SIM5
SIM1
SIM2
SIM3
SIM4
1
21
22
SIM5
SIM1
SIM2
SIM3
SIM4
1
21
22
SIM5
SIM1
SIM2
SIM3
SIM4
1
21
22
SIM5
SIM1
SIM2
SIM3
SIM4
1
21
22
SIM5
SIM1
SIM2
SIM3
SIM4
1
21
22
SIM5
SIM1
SIM2
SIM3
SIM4
1
21
22
SIM5
SIM1
SIM2
SIM3
SIM4
1
21
22
SIM5
SIM1
SIM2
SIM3
SIM4
1
21
22
SIM5
SIM1
SIM2
SIM3
SIM4
1
21
22
SIM5
SIM1
SIM2
SIM3
SIM4
1
21
22
SIM5
SIM1
SIM2
SIM3
SIM4
1
21
22
SIM5
SIM1
SIM2
SIM3
SIM4
1
21
22
SIM5
SIM1
SIM2
SIM3
SIM4
1
21
22
SIM5
SIM1
SIM2
SIM3
SIM4
1
21
22
SIM5
SIM1
SIM2
SIM3
SIM4
1
21
22
SIM5
SIM1
SIM2
SIM3
SIM4
1
21
22
SIM5
SIM1
SIM2
SIM3
SIM4
1
21
22
SIM5
SIM1
SIM2
SIM3
SIM4
1
21
22
SIM5
SIM1
SIM2
SIM3
SIM4
1
21
22
SIM5
SIM1
SIM2
SIM3
SIM4
1
21
22
SIM5
SIM1
SIM2
SIM3
SIM4
1
21
22
SIM5
SIM1
SIM2
SIM3
SIM4
1
21
22
SIM5
SIM1
SIM2
SIM3
SIM4
1
21
22
SIM5
SIM1
SIM2
SIM3
SIM4
1
21
22
SIM5
SIM1
SIM2
SIM3
SIM4
1
21
22
SIM5
SIM1
SIM2
SIM3
SIM4
1
21
22
SIM5
SIM1
SIM2
SIM3
SIM4
1
21
22
SIM5
SIM1
SIM2
SIM3
SIM4
1
21
22
SIM5
SIM1
SIM2
SIM3
SIM4
1
21
22
SIM5
SIM1
SIM2
SIM3
SIM4
1
21
22
SIM5
SIM1
SIM2
SIM3
SIM4
1
21
22
SIM5
SIM1
SIM2
SIM3
SIM4
1
21
22
SIM5
SIM1
SIM2
SIM3
SIM4
1
21
22
SIM5
SIM1
SIM2
SIM3
SIM4
1
21
22
SIM5
SIM1
SIM2
SIM3
SIM4
1
21
22
SIM5
SIM1
SIM2
SIM3
SIM4
1
21
22
SIM5
SIM1
SIM2
SIM3
SIM4
1
21
22
SIM5
SIM1
SIM2
SIM3
SIM4
1
21
22
SIM5
SIM1
SIM2
SIM3
SIM4
1
21
22
SIM5
SIM1
SIM2
SIM3
SIM4
1
21
22
SIM5
SIM1
SIM2
SIM3
SIM4
1
21
22
SIM5
SIM1
SIM2
SIM3
SIM4
1
21
22
SIM5
SIM1
SIM2
SIM3
SIM4
1
21
22
SIM5
SIM1
SIM2
SIM3
SIM4
1
21
22
SIM5
SIM1
SIM2
SIM3
SIM4
1
21
22
SIM5
SIM1
SIM2
SIM3
SIM4
1
21
22
SIM5
SIM1
SIM2
SIM3
SIM4
1
21
22
SIM5
SIM1
SIM2
SIM3
SIM4
1
21
22
SIM5
SIM1
SIM2
SIM3
SIM4
1
21
22
SIM5
SIM1
SIM2
SIM3
SIM4
1
21
22
SIM5
SIM1
SIM2
SIM3
SIM4
1
21
22
SIM5
SIM1
SIM2
SIM3
SIM4
1
21
22
SIM5
SIM1
SIM2
SIM3
SIM4
1
21
22
SIM5
SIM1
SIM2
SIM3
SIM4
1
21
22
SIM5
SIM1
SIM2
SIM3
SIM4
1
21
22
SIM5
SIM1
SIM2
SIM3
SIM4
1
21
22
SIM5
SIM1
SIM2
SIM3
SIM4
1
21
22
SIM5
SIM1
SIM2
SIM3
SIM4
1
21
22
SIM5
SIM1
SIM2
SIM3
SIM4
1
21
22
SIM5
SIM1
SIM2
SIM3
SIM4
1
21
22
SIM5
SIM1
SIM2
SIM3
SIM4
1
21
22
SIM5
SIM1
SIM2
SIM3
SIM4
1
21
22
SIM5
SIM1
SIM2
SIM3
SIM4
1
21
22
SIM5
SIM1
SIM2
SIM3
SIM4
1
21
22
SIM5
SIM1
SIM2
DEBUG 1 356
SIM1
SIM2
SIM3
SIM4
1
21
22
SIM5
SIM1
SIM2
SIM3
SIM4
1
21
22
SIM5
SIM1
SIM2
SIM3
SIM4
1
21
22
SIM5
SIM1
SIM2
SIM3
SIM4
1
21
22
SIM5
SIM1
SIM2
SIM3
SIM4
1
21
22
SIM5
SIM1
SIM2
SIM3
SIM4
1
21
22
SIM5
SIM1
SIM2
SIM3
SIM4
1
21
22
SIM5
SIM1
SIM2
SIM3
SIM4
1
21
22
SIM5
SIM1
SIM2
SIM3
SIM4
1
21
22
SIM5
SIM1
SIM2
SIM3
SIM4
1
21
22
SIM5
SIM1
SIM2
SIM3
SIM4
1
21
22
SIM5
SIM1
SIM2
SIM3
SIM4
1
21
22
SIM5
SIM1
SIM2
SIM3
SIM4
1
21
22
SIM5
SIM1
SIM2
SIM3
SIM4
1
21
22
SIM5
SIM1
SIM2
SIM3
SIM4
1
21
22
SIM5
SIM1
SIM2
SIM3
SIM4
1
21
22
SIM5
SIM1
SIM2
SIM3
SIM4
1
21
22
SIM5
SIM1
SIM2
SIM3
SIM4
1
21
22
SIM5
SIM1
SIM2
SIM3
SIM4
1
21
22
SIM5
SIM1
SIM2
SIM3
SIM4
1
21
22
SIM5
SIM1
SIM2
SIM3
SIM4
1
21
22
SIM5
SIM1
SIM2
SIM3
SIM4
1
21
22
SIM5
SIM1
SIM2
SIM3
SIM4
1
21
22
SIM5
SIM1
SIM2
SIM3
SIM4
1
21
22
SIM5
SIM1
SIM2
SIM3
SIM4
1
21
22
SIM5
SIM1
SIM2
SIM3
SIM4
1
21
22
SIM5
SIM1
SIM2
SIM3
SIM4
1
21
22
SIM5
SIM1
SIM2
SIM3
SIM4
1
21
22
SIM5
SIM1
SIM2
SIM3
SIM4
1
21
22
SIM5
SIM1
SIM2
SIM3
SIM4
1
21
22
SIM5
SIM1
SIM2
SIM3
SIM4
1
21
22
SIM5
SIM1
SIM2
SIM3
SIM4
1
21
22
SIM5
SIM1
SIM2
SIM3
SIM4
1
21
22
SIM5
SIM1
SIM2
SIM3
SIM4
1
21
22
SIM5
SIM1
SIM2
SIM3
SIM4
1
21
22
SIM5
SIM1
SIM2
SIM3
SIM4
1
21
22
SIM5
SIM1
SIM2
SIM3
SIM4
1
21
22
SIM5
SIM1
SIM2
SIM3
SIM4
1
21
22
SIM5
SIM1
SIM2
SIM3
SIM4
1
21
22
SIM5
SIM1
SIM2
SIM3
SIM4
1
21
22
SIM5
SIM1
SIM2
SIM3
SIM4
1
21
22
SIM5
SIM1
SIM2
SIM3
SIM4
1
21
22
SIM5
SIM1
SIM2
SIM3
SIM4
1
21
22
SIM5
SIM1
SIM2
SIM3
SIM4
1
21
22
SIM5
SIM1
SIM2
SIM3
SIM4
1
21
22
SIM5
SIM1
SIM2
SIM3
SIM4
1
21
22
SIM5
SIM1
SIM2
SIM3
SIM4
1
21
22
SIM5
SIM1
SIM2
SIM3
SIM4
1
21
22
SIM5
SIM1
SIM2
SIM3
SIM4
1
21
22
SIM5
SIM1
SIM2
SIM3
SIM4
1
21
22
SIM5
SIM1
SIM2
SIM3
SIM4
1
21
22
SIM5
SIM1
SIM2
DEBUG 1 357
SIM1
SIM2
SIM3
SIM4
1
21
22
SIM5
SIM1
SIM2
SIM3
SIM4
1
21
22
SIM5
SIM1
SIM2
SIM3
SIM4
1
21
22
SIM5
SIM1
SIM2
SIM3
SIM4
1
21
22
SIM5
SIM1
SIM2
SIM3
SIM4
1
21
22
SIM5
SIM1
SIM2
SIM3
SIM4
1
21
22
SIM5
SIM1
SIM2
SIM3
SIM4
1
21
22
SIM5
SIM1
SIM2
SIM3
SIM4
1
21
22
SIM5
SIM1
SIM2
SIM3
SIM4
1
21
22
SIM5
SIM1
SIM2
SIM3
SIM4
1
21
22
SIM5
SIM1
SIM2
SIM3
SIM4
1
21
22
SIM5
SIM1
SIM2
SIM3
SIM4
1
21
22
SIM5
SIM1
SIM2
SIM3
SIM4
1
21
22
SIM5
SIM1
SIM2
SIM3
SIM4
1
21
22
SIM5
SIM1
SIM2
SIM3
SIM4
1
21
22
SIM5
SIM1
SIM2
SIM3
SIM4
1
21
22
SIM5
SIM1
SIM2
SIM3
SIM4
1
21
22
SIM5
SIM1
SIM2
SIM3
SIM4
1
21
22
SIM5
SIM1
SIM2
SIM3
SIM4
1
21
22
SIM5
SIM1
SIM2
SIM3
SIM4
1
21
22
SIM5
SIM1
SIM2
SIM3
SIM4
1
21
22
SIM5
SIM1
SIM2
SIM3
SIM4
1
21
22
SIM5
SIM1
SIM2
SIM3
SIM4
1
21
22
SIM5
SIM1
SIM2
SIM3
SIM4
1
21
22
SIM5
SIM1
SIM2
SIM3
SIM4
1
21
22
SIM5
SIM1
SIM2
SIM3
SIM4
1
21
22
SIM5
SIM1
SIM2
SIM3
SIM4
1
21
22
SIM5
SIM1
SIM2
SIM3
SIM4
1
21
22
SIM5
SIM1
SIM2
SIM3
SIM4
1
21
22
SIM5
SIM1
SIM2
SIM3
SIM4
1
21
22
SIM5
SIM1
SIM2
SIM3
SIM4
1
21
22
SIM5
SIM1
SIM2
SIM3
SIM4
1
21
22
SIM5
SIM1
SIM2
SIM3
SIM4
1
21
22
SIM5
SIM1
SIM2
SIM3
SIM4
1
21
22
SIM5
SIM1
SIM2
SIM3
SIM4
1
21
22
SIM5
SIM1
SIM2
SIM3
SIM4
1
21
22
SIM5
SIM1
SIM2
SIM3
SIM4
1
21
22
SIM5
SIM1
SIM2
SIM3
SIM4
1
21
22
SIM5
SIM1
SIM2
SIM3
SIM4
1
21
22
SIM5
SIM1
SIM2
SIM3
SIM4
1
21
22
SIM5
SIM1
SIM2
SIM3
SIM4
1
21
22
SIM5
SIM1
SIM2
SIM3
SIM4
1
21
22
SIM5
SIM1
SIM2
SIM3
SIM4
1
21
22
SIM5
SIM1
SIM2
SIM3
SIM4
1
21
22
SIM5
SIM1
SIM2
SIM3
SIM4
1
21
22
SIM5
SIM1
SIM2
SIM3
SIM4
1
21
22
SIM5
SIM1
SIM2
SIM3
SIM4
1
21
22
SIM5
SIM1
SIM2
SIM3
SIM4
1
21
22
SIM5
SIM1
SIM2
SIM3
SIM4
1
21
22
SIM5
SIM1
SIM2
SIM3
SIM4
1
21
22
SIM5
SIM1
SIM2
SIM3
SIM4
1
21
22
SIM5
SIM1
SIM2
SIM3
SIM4
1
21
22
SIM5
SIM1
SIM2
SIM3
SIM4
1
21
22
SIM5
SIM1
SIM2
SIM3
SIM4
1
21
22
SIM5
SIM1
SIM2
SIM3
SIM4
1
21
22
SIM5
SIM1
SIM2
SIM3
SIM4
1
21
22
SIM5
SIM1
SIM2
SIM3
SIM4
1
21
22
SIM5
SIM1
SIM2
SIM3
SIM4
1
21
22
SIM5
SIM1
SIM2
SIM3
SIM4
1
21
22
SIM5
SIM1
SIM2
SIM3
SIM4
1
21
22
SIM5
SIM1
SIM2
SIM3
SIM4
1
21
22
SIM5
SIM1
SIM2
SIM3
SIM4
1
21
22
SIM5
SIM1
SIM2
SIM3
SIM4
1
21
22
SIM5
SIM1
SIM2
SIM3
SIM4
1
21
22
SIM5
SIM1
SIM2
SIM3
SIM4
1
21
22
SIM5
SIM1
SIM2
SIM3
SIM4
1
21
22
SIM5
SIM1
SIM2
SIM3
SIM4
1
21
22
SIM5
SIM1
SIM2
SIM3
SIM4
1
21
22
SIM5
SIM1
SIM2
SIM3
SIM4
1
21
22
SIM5
SIM1
SIM2
SIM3
SIM4
1
21
22
SIM5
SIM1
SIM2
SIM3
SIM4
1
21
22
SIM5
SIM1
SIM2
SIM3
SIM4
1
21
22
SIM5
SIM1
SIM2
SIM3
SIM4
1
21
22
SIM5
SIM1
SIM2
SIM3
SIM4
1
21
22
SIM5
SIM1
SIM2
SIM3
SIM4
1
21
22
SIM5
SIM1
SIM2
SIM3
SIM4
1
21
22
SIM5
SIM1
SIM2
SIM3
SIM4
1
21
22
SIM5
SIM1
SIM2
SIM3
SIM4
1
21
22
SIM5
SIM1
SIM2
SIM3
SIM4
1
21
22
SIM5
SIM1
SIM2
SIM3
SIM4
1
21
22
SIM5
SIM1
SIM2
SIM3
SIM4
1
21
22
SIM5
SIM1
SIM2
SIM3
SIM4
1
21
22
SIM5
SIM1
SIM2
SIM3
SIM4
1
21
22
SIM5
SIM1
SIM2
SIM3
SIM4
1
21
22
SIM5
SIM1
SIM2
SIM3
SIM4
1
21
22
SIM5
SIM1
SIM2
SIM3
SIM4
1
21
22
SIM5
SIM1
SIM2
SIM3
SIM4
1
21
22
SIM5
SIM1
SIM2
SIM3
SIM4
1
21
22
SIM5
SIM1
SIM2
SIM3
SIM4
1
21
22
SIM5
SIM1
SIM2
SIM3
SIM4
1
21
22
SIM5
SIM1
SIM2
SIM3
SIM4
1
21
22
SIM5
SIM1
SIM2
SIM3
SIM4
1
21
22
SIM5
SIM1
SIM2
SIM3
SIM4
1
21
22
SIM5
SIM1
SIM2
SIM3
SIM4
1
21
22
SIM5
SIM1
SIM2
SIM3
SIM4
1
21
22
SIM5
SIM1
SIM2
SIM3
SIM4
1
21
22
SIM5
SIM1
SIM2
SIM3
SIM4
1
21
22
SIM5
SIM1
SIM2
SIM3
SIM4
1
21
22
SIM5
SIM1
SIM2
SIM3
SIM4
1
21
22
SIM5
SIM1
SIM2
SIM3
SIM4
1
21
22
SIM5
SIM1
SIM2
SIM3
SIM4
1
21
22
SIM5
SIM1
SIM2
DEBUG 1 358
SIM1
SIM2
SIM3
SIM4
1
21
22
SIM5
SIM1
SIM2
SIM3
SIM4
1
21
22
SIM5
SIM1
SIM2
SIM3
SIM4
1
21
22
SIM5
SIM1
SIM2
SIM3
SIM4
1
21
22
SIM5
SIM1
SIM2
SIM3
SIM4
1
21
22
SIM5
SIM1
SIM2
SIM3
SIM4
1
21
22
SIM5
SIM1
SIM2
SIM3
SIM4
1
21
22
SIM5
SIM1
SIM2
SIM3
SIM4
1
21
22
SIM5
SIM1
SIM2
SIM3
SIM4
1
21
22
SIM5
SIM1
SIM2
SIM3
SIM4
1
21
22
SIM5
SIM1
SIM2
SIM3
SIM4
1
21
22
SIM5
SIM1
SIM2
SIM3
SIM4
1
21
22
SIM5
SIM1
SIM2
SIM3
SIM4
1
21
22
SIM5
SIM1
SIM2
SIM3
SIM4
1
21
22
SIM5
SIM1
SIM2
SIM3
SIM4
1
21
22
SIM5
SIM1
SIM2
SIM3
SIM4
1
21
22
SIM5
SIM1
SIM2
SIM3
SIM4
1
21
22
SIM5
SIM1
SIM2
SIM3
SIM4
1
21
22
SIM5
SIM1
SIM2
SIM3
SIM4
1
21
22
SIM5
SIM1
SIM2
SIM3
SIM4
1
21
22
SIM5
SIM1
SIM2
SIM3
SIM4
1
21
22
SIM5
SIM1
SIM2
SIM3
SIM4
1
21
22
SIM5
SIM1
SIM2
SIM3
SIM4
1
21
22
SIM5
SIM1
SIM2
SIM3
SIM4
1
21
22
SIM5
SIM1
SIM2
SIM3
SIM4
1
21
22
SIM5
SIM1
SIM2
SIM3
SIM4
1
21
22
SIM5
SIM1
SIM2
SIM3
SIM4
1
21
22
SIM5
SIM1
SIM2
SIM3
SIM4
1
21
22
SIM5
SIM1
SIM2
SIM3
SIM4
1
21
22
SIM5
SIM1
SIM2
SIM3
SIM4
1
21
22
SIM5
SIM1
SIM2
SIM3
SIM4
1
21
22
SIM5
SIM1
SIM2
SIM3
SIM4
1
21
22
SIM5
SIM1
SIM2
SIM3
SIM4
1
21
22
SIM5
SIM1
SIM2
SIM3
SIM4
1
21
22
SIM5
SIM1
SIM2
SIM3
SIM4
1
21
22
SIM5
SIM1
SIM2
SIM3
SIM4
1
21
22
SIM5
SIM1
SIM2
SIM3
SIM4
1
21
22
SIM5
SIM1
SIM2
SIM3
SIM4
1
21
22
SIM5
SIM1
SIM2
SIM3
SIM4
1
21
22
SIM5
SIM1
SIM2
SIM3
SIM4
1
21
22
SIM5
SIM1
SIM2
SIM3
SIM4
1
21
22
SIM5
SIM1
SIM2
SIM3
SIM4
1
21
22
SIM5
SIM1
SIM2
SIM3
SIM4
1
21
22
SIM5
SIM1
SIM2
SIM3
SIM4
1
21
22
SIM5
SIM1
SIM2
SIM3
SIM4
1
21
22
SIM5
SIM1
SIM2
SIM3
SIM4
1
21
22
SIM5
SIM1
SIM2
SIM3
SIM4
1
21
22
SIM5
SIM1
SIM2
SIM3
SIM4
1
21
22
SIM5
SIM1
SIM2
SIM3
SIM4
1
21
22
SIM5
SIM1
SIM2
SIM3
SIM4
1
21
22
SIM5
SIM1
SIM2
SIM3
SIM4
1
21
22
SIM5
SIM1
SIM2
SIM3
SIM4
1
21
22
SIM5
SIM1
SIM2
SIM3
SIM4
1
21
22
SIM5
SIM1
SIM2
SIM3
SIM4
1
21
22
SIM5
SIM1
SIM2
SIM3
SIM4
1
21
22
SIM5
SIM1
SIM2
SIM3
SIM4
1
21
22
SIM5
SIM1
SIM2
SIM3
SIM4
1
21
22
SIM5
SIM1
SIM2
SIM3
SIM4
1
21
22
SIM5
SIM1
SIM2
SIM3
SIM4
1
21
22
SIM5
SIM1
SIM2
SIM3
SIM4
1
21
22
SIM5
SIM1
SIM2
SIM3
SIM4
1
21
22
SIM5
SIM1
SIM2
SIM3
SIM4
1
21
22
SIM5
SIM1
SIM2
SIM3
SIM4
1
21
22
SIM5
SIM1
SIM2
SIM3
SIM4
1
21
22
SIM5
SIM1
SIM2
SIM3
SIM4
1
21
22
SIM5
SIM1
SIM2
SIM3
SIM4
1
21
22
SIM5
SIM1
SIM2
SIM3
SIM4
1
21
22
SIM5
SIM1
SIM2
SIM3
SIM4
1
21
22
SIM5
SIM1
SIM2
SIM3
SIM4
1
21
22
SIM5
SIM1
SIM2
SIM3
SIM4
1
21
22
SIM5
SIM1
SIM2
SIM3
SIM4
1
21
22
SIM5
SIM1
SIM2
SIM3
SIM4
1
21
22
SIM5
SIM1
SIM2
SIM3
SIM4
1
21
22
SIM5
SIM1
SIM2
SIM3
SIM4
1
21
22
SIM5
SIM1
SIM2
SIM3
SIM4
1
21
22
SIM5
SIM1
SIM2
SIM3
SIM4
1
21
22
SIM5
SIM1
SIM2
SIM3
SIM4
1
21
22
SIM5
SIM1
SIM2
SIM3
SIM4
1
21
22
SIM5
SIM1
SIM2
SIM3
SIM4
1
21
22
SIM5
SIM1
SIM2
SIM3
SIM4
1
21
22
SIM5
SIM1
SIM2
SIM3
SIM4
1
21
22
SIM5
SIM1
SIM2
SIM3
SIM4
1
21
22
SIM5
SIM1
SIM2
SIM3
SIM4
1
21
22
SIM5
SIM1
SIM2
SIM3
SIM4
1
21
22
SIM5
SIM1
SIM2
SIM3
SIM4
1
21
22
SIM5
SIM1
SIM2
SIM3
SIM4
1
21
22
SIM5
SIM1
SIM2
SIM3
SIM4
1
21
22
SIM5
SIM1
SIM2
SIM3
SIM4
1
21
22
SIM5
SIM1
SIM2
SIM3
SIM4
1
21
22
SIM5
SIM1
SIM2
SIM3
SIM4
1
21
22
SIM5
SIM1
SIM2
SIM3
SIM4
1
21
22
SIM5
SIM1
SIM2
SIM3
SIM4
1
21
22
SIM5
SIM1
SIM2
SIM3
SIM4
1
21
22
SIM5
SIM1
SIM2
SIM3
SIM4
1
21
22
SIM5
SIM1
SIM2
SIM3
SIM4
1
21
22
SIM5
SIM1
SIM2
SIM3
SIM4
1
21
22
SIM5
SIM1
SIM2
SIM3
SIM4
1
21
22
SIM5
SIM1
SIM2
SIM3
SIM4
1
21
22
SIM5
SIM1
SIM2
SIM3
SIM4
1
21
22
SIM5
SIM1
SIM2
SIM3
SIM4
1
21
22
SIM5
SIM1
SIM2
SIM3
SIM4
1
21
22
SIM5
SIM1
SIM2
SIM3
SIM4
1
21
22
SIM5
SIM1
SIM2
SIM3
SIM4
1
21
22
SIM5
SIM1
SIM2
SIM3
SIM4
1
21
22
SIM5
SIM1
SIM2
SIM3
SIM4
1
21
22
SIM5
SIM1
SIM2
SIM3
SIM4
1
21
22
SIM5
SIM1
SIM2
SIM3
SIM4
1
21
22
SIM5
SIM1
SIM2
SIM3
SIM4
1
21
22
SIM5
SIM1
SIM2
SIM3
SIM4
1
21
22
SIM5
SIM1
SIM2
SIM3
SIM4
1
21
22
SIM5
SIM1
SIM2
SIM3
SIM4
1
21
22
SIM5
SIM1
SIM2
SIM3
SIM4
1
21
22
SIM5
SIM1
SIM2
SIM3
SIM4
1
21
22
SIM5
SIM1
SIM2
SIM3
SIM4
1
21
22
SIM5
SIM1
SIM2
SIM3
SIM4
1
21
22
SIM5
SIM1
SIM2
SIM3
SIM4
1
21
22
SIM5
SIM1
SIM2
SIM3
SIM4
1
21
22
SIM5
SIM1
SIM2
SIM3
SIM4
1
21
22
SIM5
SIM1
SIM2
SIM3
SIM4
1
21
22
SIM5
SIM1
SIM2
SIM3
SIM4
1
21
22
SIM5
SIM1
SIM2
SIM3
SIM4
1
21
22
SIM5
SIM1
SIM2
SIM3
SIM4
1
21
22
SIM5
SIM1
SIM2
SIM3
SIM4
1
21
22
SIM5
SIM1
SIM2
SIM3
SIM4
1
21
22
SIM5
SIM1
SIM2
SIM3
SIM4
1
21
22
SIM5
SIM1
SIM2
SIM3
SIM4
1
21
22
SIM5
SIM1
SIM2
SIM3
SIM4
1
21
22
SIM5
SIM1
SIM2
SIM3
SIM4
1
21
22
SIM5
SIM1
SIM2
SIM3
SIM4
1
21
22
SIM5
SIM1
SIM2
SIM3
SIM4
1
21
22
SIM5
SIM1
SIM2
SIM3
SIM4
1
21
22
SIM5
SIM1
SIM2
SIM3
SIM4
1
21
22
SIM5
SIM1
SIM2
SIM3
SIM4
1
21
22
SIM5
SIM1
SIM2
SIM3
SIM4
1
21
22
SIM5
SIM1
SIM2
SIM3
SIM4
1
21
22
SIM5
SIM1
SIM2
SIM3
SIM4
1
21
22
SIM5
SIM1
SIM2
SIM3
SIM4
1
21
22
SIM5
SIM1
SIM2
SIM3
SIM4
1
21
22
SIM5
SIM1
SIM2
SIM3
SIM4
1
21
22
SIM5
SIM1
SIM2
SIM3
SIM4
1
21
22
SIM5
SIM1
SIM2
SIM3
SIM4
1
21
22
SIM5
SIM1
SIM2
SIM3
SIM4
1
21
22
SIM5
SIM1
SIM2
SIM3
SIM4
1
21
22
SIM5
SIM1
SIM2
SIM3
SIM4
1
21
22
SIM5
SIM1
SIM2
SIM3
SIM4
1
21
22
SIM5
SIM1
SIM2
SIM3
SIM4
1
21
22
SIM5
SIM1
SIM2
SIM3
SIM4
1
21
22
SIM5
SIM1
SIM2
SIM3
SIM4
1
21
22
SIM5
SIM1
SIM2
SIM3
SIM4
1
21
22
SIM5
SIM1
SIM2
SIM3
SIM4
1
21
22
SIM5
SIM1
SIM2
SIM3
SIM4
1
21
22
SIM5
SIM1
SIM2
SIM3
SIM4
1
21
22
SIM5
SIM1
SIM2
SIM3
SIM4
1
21
22
SIM5
SIM1
SIM2
SIM3
SIM4
1
21
22
SIM5
SIM1
SIM2
SIM3
SIM4
1
21
22
SIM5
SIM1
SIM2
SIM3
SIM4
1
21
22
SIM5
SIM1
SIM2
SIM3
SIM4
1
21
22
SIM5
SIM1
SIM2
SIM3
SIM4
1
21
22
SIM5
SIM1
SIM2
DEBUG 1 359
SIM1
SIM2
SIM3
SIM4
1
21
22
SIM5
SIM1
SIM2
SIM3
SIM4
1
21
22
SIM5
SIM1
SIM2
SIM3
SIM4
1
21
22
SIM5
SIM1
SIM2
SIM3
SIM4
1
21
22
SIM5
SIM1
SIM2
SIM3
SIM4
1
21
22
SIM5
SIM1
SIM2
SIM3
SIM4
1
21
22
SIM5
SIM1
SIM2
SIM3
SIM4
1
21
22
SIM5
SIM1
SIM2
SIM3
SIM4
1
21
22
SIM5
SIM1
SIM2
SIM3
SIM4
1
21
22
SIM5
SIM1
SIM2
SIM3
SIM4
1
21
22
SIM5
SIM1
SIM2
SIM3
SIM4
1
21
22
SIM5
SIM1
SIM2
SIM3
SIM4
1
21
22
SIM5
SIM1
SIM2
SIM3
SIM4
1
21
22
SIM5
SIM1
SIM2
SIM3
SIM4
1
21
22
SIM5
SIM1
SIM2
SIM3
SIM4
1
21
22
SIM5
SIM1
SIM2
SIM3
SIM4
1
21
22
SIM5
SIM1
SIM2
SIM3
SIM4
1
21
22
SIM5
SIM1
SIM2
SIM3
SIM4
1
21
22
SIM5
SIM1
SIM2
SIM3
SIM4
1
21
22
SIM5
SIM1
SIM2
SIM3
SIM4
1
21
22
SIM5
SIM1
SIM2
SIM3
SIM4
1
21
22
SIM5
SIM1
SIM2
SIM3
SIM4
1
21
22
SIM5
SIM1
SIM2
SIM3
SIM4
1
21
22
SIM5
SIM1
SIM2
SIM3
SIM4
1
21
22
SIM5
SIM1
SIM2
SIM3
SIM4
1
21
22
SIM5
SIM1
SIM2
SIM3
SIM4
1
21
22
SIM5
SIM1
SIM2
SIM3
SIM4
1
21
22
SIM5
SIM1
SIM2
SIM3
SIM4
1
21
22
SIM5
SIM1
SIM2
SIM3
SIM4
1
21
22
SIM5
SIM1
SIM2
SIM3
SIM4
1
21
22
SIM5
SIM1
SIM2
SIM3
SIM4
1
21
22
SIM5
SIM1
SIM2
SIM3
SIM4
1
21
22
SIM5
SIM1
SIM2
SIM3
SIM4
1
21
22
SIM5
SIM1
SIM2
SIM3
SIM4
1
21
22
SIM5
SIM1
SIM2
SIM3
SIM4
1
21
22
SIM5
SIM1
SIM2
SIM3
SIM4
1
21
22
SIM5
SIM1
SIM2
SIM3
SIM4
1
21
22
SIM5
SIM1
SIM2
SIM3
SIM4
1
21
22
SIM5
SIM1
SIM2
SIM3
SIM4
1
21
22
SIM5
SIM1
SIM2
SIM3
SIM4
1
21
22
SIM5
SIM1
SIM2
SIM3
SIM4
1
21
22
SIM5
SIM1
SIM2
SIM3
SIM4
1
21
22
SIM5
SIM1
SIM2
SIM3
SIM4
1
21
22
SIM5
SIM1
SIM2
SIM3
SIM4
1
21
22
SIM5
SIM1
SIM2
SIM3
SIM4
1
21
22
SIM5
SIM1
SIM2
SIM3
SIM4
1
21
22
SIM5
SIM1
SIM2
SIM3
SIM4
1
21
22
SIM5
SIM1
SIM2
SIM3
SIM4
1
21
22
SIM5
SIM1
SIM2
SIM3
SIM4
1
21
22
SIM5
SIM1
SIM2
SIM3
SIM4
1
21
22
SIM5
SIM1
SIM2
SIM3
SIM4
1
21
22
SIM5
SIM1
SIM2
SIM3
SIM4
1
21
22
SIM5
SIM1
SIM2
SIM3
SIM4
1
21
22
SIM5
SIM1
SIM2
SIM3
SIM4
1
21
22
SIM5
SIM1
SIM2
SIM3
SIM4
1
21
22
SIM5
SIM1
SIM2
SIM3
SIM4
1
21
22
SIM5
SIM1
SIM2
SIM3
SIM4
1
21
22
SIM5
SIM1
SIM2
SIM3
SIM4
1
21
22
SIM5
SIM1
SIM2
SIM3
SIM4
1
21
22
SIM5
SIM1
SIM2
SIM3
SIM4
1
21
22
SIM5
SIM1
SIM2
SIM3
SIM4
1
21
22
SIM5
SIM1
SIM2
SIM3
SIM4
1
21
22
SIM5
SIM1
SIM2
SIM3
SIM4
1
21
22
SIM5
SIM1
SIM2
SIM3
SIM4
1
21
22
SIM5
SIM1
SIM2
SIM3
SIM4
1
21
22
SIM5
SIM1
SIM2
SIM3
SIM4
1
21
22
SIM5
SIM1
SIM2
SIM3
SIM4
1
21
22
SIM5
SIM1
SIM2
SIM3
SIM4
1
21
22
SIM5
SIM1
SIM2
SIM3
SIM4
1
21
22
SIM5
SIM1
SIM2
SIM3
SIM4
1
21
22
SIM5
SIM1
SIM2
SIM3
SIM4
1
21
22
SIM5
SIM1
SIM2
SIM3
SIM4
1
21
22
SIM5
SIM1
SIM2
SIM3
SIM4
1
21
22
SIM5
SIM1
SIM2
SIM3
SIM4
1
21
22
SIM5
SIM1
SIM2
SIM3
SIM4
1
21
22
SIM5
SIM1
SIM2
SIM3
SIM4
1
21
22
SIM5
SIM1
SIM2
SIM3
SIM4
1
21
22
SIM5
SIM1
SIM2
SIM3
SIM4
1
21
22
SIM5
SIM1
SIM2
SIM3
SIM4
1
21
22
SIM5
SIM1
SIM2
SIM3
SIM4
1
21
22
SIM5
SIM1
SIM2
SIM3
SIM4
1
21
22
SIM5
SIM1
SIM2
SIM3
SIM4
1
21
22
SIM5
SIM1
SIM2
SIM3
SIM4
1
21
22
SIM5
SIM1
SIM2
SIM3
SIM4
1
21
22
SIM5
SIM1
SIM2
SIM3
SIM4
1
21
22
SIM5
SIM1
SIM2
SIM3
SIM4
1
21
22
SIM5
SIM1
SIM2
SIM3
SIM4
1
21
22
SIM5
SIM1
SIM2
SIM3
SIM4
1
21
22
SIM5
SIM1
SIM2
SIM3
SIM4
1
21
22
SIM5
SIM1
SIM2
SIM3
SIM4
1
21
22
SIM5
SIM1
SIM2
SIM3
SIM4
1
21
22
SIM5
SIM1
SIM2
SIM3
SIM4
1
21
22
SIM5
SIM1
SIM2
SIM3
SIM4
1
21
22
SIM5
SIM1
SIM2
SIM3
SIM4
1
21
22
SIM5
SIM1
SIM2
SIM3
SIM4
1
21
22
SIM5
SIM1
SIM2
SIM3
SIM4
1
21
22
SIM5
SIM1
SIM2
SIM3
SIM4
1
21
22
SIM5
SIM1
SIM2
SIM3
SIM4
1
21
22
SIM5
SIM1
SIM2
SIM3
SIM4
1
21
22
SIM5
SIM1
SIM2
SIM3
SIM4
1
21
22
SIM5
SIM1
SIM2
SIM3
SIM4
1
21
22
SIM5
SIM1
SIM2
SIM3
SIM4
1
21
22
SIM5
SIM1
SIM2
SIM3
SIM4
1
21
22
SIM5
SIM1
SIM2
SIM3
SIM4
1
21
22
SIM5
SIM1
SIM2
SIM3
SIM4
1
21
22
SIM5
SIM1
SIM2
SIM3
SIM4
1
21
22
SIM5
SIM1
SIM2
SIM3
SIM4
1
21
22
SIM5
SIM1
SIM2
SIM3
SIM4
1
21
22
SIM5
SIM1
SIM2
SIM3
SIM4
1
21
22
SIM5
SIM1
SIM2
SIM3
SIM4
1
21
22
SIM5
SIM1
SIM2
SIM3
SIM4
1
21
22
SIM5
SIM1
SIM2
SIM3
SIM4
1
21
22
SIM5
SIM1
SIM2
SIM3
SIM4
1
21
22
SIM5
SIM1
SIM2
SIM3
SIM4
1
21
22
SIM5
SIM1
SIM2
SIM3
SIM4
1
21
22
SIM5
SIM1
SIM2
SIM3
SIM4
1
21
22
SIM5
SIM1
SIM2
SIM3
SIM4
1
21
22
SIM5
SIM1
SIM2
SIM3
SIM4
1
21
22
SIM5
SIM1
SIM2
SIM3
SIM4
1
21
22
SIM5
SIM1
SIM2
SIM3
SIM4
1
21
22
SIM5
SIM1
SIM2
SIM3
SIM4
1
21
22
SIM5
SIM1
SIM2
SIM3
SIM4
1
21
22
SIM5
SIM1
SIM2
SIM3
SIM4
1
21
22
SIM5
SIM1
SIM2
SIM3
SIM4
1
21
22
SIM5
SIM1
SIM2
SIM3
SIM4
1
21
22
SIM5
SIM1
SIM2
SIM3
SIM4
1
21
22
SIM5
SIM1
SIM2
SIM3
SIM4
1
21
22
SIM5
SIM1
SIM2
SIM3
SIM4
1
21
22
SIM5
SIM1
SIM2
SIM3
SIM4
1
21
22
SIM5
SIM1
SIM2
SIM3
SIM4
1
21
22
SIM5
SIM1
SIM2
SIM3
SIM4
1
21
22
SIM5
SIM1
SIM2
SIM3
SIM4
1
21
22
SIM5
SIM1
SIM2
SIM3
SIM4
1
21
22
SIM5
SIM1
SIM2
SIM3
SIM4
1
21
22
SIM5
SIM1
SIM2
SIM3
SIM4
1
21
22
SIM5
SIM1
SIM2
SIM3
SIM4
1
21
22
SIM5
SIM1
SIM2
SIM3
SIM4
1
21
22
SIM5
SIM1
SIM2
SIM3
SIM4
1
21
22
SIM5
SIM1
SIM2
SIM3
SIM4
1
21
22
SIM5
SIM1
SIM2
SIM3
SIM4
1
21
22
SIM5
SIM1
SIM2
SIM3
SIM4
1
21
22
SIM5
SIM1
SIM2
SIM3
SIM4
1
21
22
SIM5
SIM1
SIM2
DEBUG 1 360
SIM1
SIM2
SIM3
SIM4
1
21
22
SIM5
SIM1
SIM2
SIM3
SIM4
1
21
22
SIM5
SIM1
SIM2
SIM3
SIM4
1
21
22
SIM5
SIM1
SIM2
SIM3
SIM4
1
21
22
SIM5
SIM1
SIM2
SIM3
SIM4
1
21
22
SIM5
SIM1
SIM2
SIM3
SIM4
1
21
22
SIM5
SIM1
SIM2
SIM3
SIM4
1
21
22
SIM5
SIM1
SIM2
SIM3
SIM4
1
21
22
SIM5
SIM1
SIM2
SIM3
SIM4
1
21
22
SIM5
SIM1
SIM2
SIM3
SIM4
1
21
22
SIM5
SIM1
SIM2
SIM3
SIM4
1
21
22
SIM5
SIM1
SIM2
SIM3
SIM4
1
21
22
SIM5
SIM1
SIM2
SIM3
SIM4
1
21
22
SIM5
SIM1
SIM2
SIM3
SIM4
1
21
22
SIM5
SIM1
SIM2
SIM3
SIM4
1
21
22
SIM5
SIM1
SIM2
SIM3
SIM4
1
21
22
SIM5
SIM1
SIM2
SIM3
SIM4
1
21
22
SIM5
SIM1
SIM2
SIM3
SIM4
1
21
22
SIM5
SIM1
SIM2
SIM3
SIM4
1
21
22
SIM5
SIM1
SIM2
SIM3
SIM4
1
21
22
SIM5
SIM1
SIM2
SIM3
SIM4
1
21
22
SIM5
SIM1
SIM2
SIM3
SIM4
1
21
22
SIM5
SIM1
SIM2
SIM3
SIM4
1
21
22
SIM5
SIM1
SIM2
SIM3
SIM4
1
21
22
SIM5
SIM1
SIM2
SIM3
SIM4
1
21
22
SIM5
SIM1
SIM2
SIM3
SIM4
1
21
22
SIM5
SIM1
SIM2
SIM3
SIM4
1
21
22
SIM5
SIM1
SIM2
SIM3
SIM4
1
21
22
SIM5
SIM1
SIM2
SIM3
SIM4
1
21
22
SIM5
SIM1
SIM2
SIM3
SIM4
1
21
22
SIM5
SIM1
SIM2
SIM3
SIM4
1
21
22
SIM5
SIM1
SIM2
SIM3
SIM4
1
21
22
SIM5
SIM1
SIM2
SIM3
SIM4
1
21
22
SIM5
SIM1
SIM2
SIM3
SIM4
1
21
22
SIM5
SIM1
SIM2
SIM3
SIM4
1
21
22
SIM5
SIM1
SIM2
SIM3
SIM4
1
21
22
SIM5
SIM1
SIM2
SIM3
SIM4
1
21
22
SIM5
SIM1
SIM2
SIM3
SIM4
1
21
22
SIM5
SIM1
SIM2
SIM3
SIM4
1
21
22
SIM5
SIM1
SIM2
SIM3
SIM4
1
21
22
SIM5
SIM1
SIM2
SIM3
SIM4
1
21
22
SIM5
SIM1
SIM2
SIM3
SIM4
1
21
22
SIM5
SIM1
SIM2
SIM3
SIM4
1
21
22
SIM5
SIM1
SIM2
SIM3
SIM4
1
21
22
SIM5
SIM1
SIM2
SIM3
SIM4
1
21
22
SIM5
SIM1
SIM2
SIM3
SIM4
1
21
22
SIM5
SIM1
SIM2
SIM3
SIM4
1
21
22
SIM5
SIM1
SIM2
SIM3
SIM4
1
21
22
SIM5
SIM1
SIM2
SIM3
SIM4
1
21
22
SIM5
SIM1
SIM2
SIM3
SIM4
1
21
22
SIM5
SIM1
SIM2
SIM3
SIM4
1
21
22
SIM5
SIM1
SIM2
SIM3
SIM4
1
21
22
SIM5
SIM1
SIM2
SIM3
SIM4
1
21
22
SIM5
SIM1
SIM2
SIM3
SIM4
1
21
22
SIM5
SIM1
SIM2
SIM3
SIM4
1
21
22
SIM5
SIM1
SIM2
SIM3
SIM4
1
21
22
SIM5
SIM1
SIM2
SIM3
SIM4
1
21
22
SIM5
SIM1
SIM2
SIM3
SIM4
1
21
22
SIM5
SIM1
SIM2
SIM3
SIM4
1
21
22
SIM5
SIM1
SIM2
SIM3
SIM4
1
21
22
SIM5
SIM1
SIM2
SIM3
SIM4
1
21
22
SIM5
SIM1
SIM2
SIM3
SIM4
1
21
22
SIM5
SIM1
SIM2
SIM3
SIM4
1
21
22
SIM5
SIM1
SIM2
SIM3
SIM4
1
21
22
SIM5
SIM1
SIM2
SIM3
SIM4
1
21
22
SIM5
SIM1
SIM2
SIM3
SIM4
1
21
22
SIM5
SIM1
SIM2
SIM3
SIM4
1
21
22
SIM5
SIM1
SIM2
SIM3
SIM4
1
21
22
SIM5
SIM1
SIM2
SIM3
SIM4
1
21
22
SIM5
SIM1
SIM2
SIM3
SIM4
1
21
22
SIM5
SIM1
SIM2
SIM3
SIM4
1
21
22
SIM5
SIM1
SIM2
SIM3
SIM4
1
21
22
SIM5
SIM1
SIM2
SIM3
SIM4
1
21
22
SIM5
SIM1
SIM2
SIM3
SIM4
1
21
22
SIM5
SIM1
SIM2
SIM3
SIM4
1
21
22
SIM5
SIM1
SIM2
SIM3
SIM4
1
21
22
SIM5
SIM1
SIM2
SIM3
SIM4
1
21
22
SIM5
SIM1
SIM2
SIM3
SIM4
1
21
22
SIM5
SIM1
SIM2
SIM3
SIM4
1
21
22
SIM5
SIM1
SIM2
SIM3
SIM4
1
21
22
SIM5
SIM1
SIM2
SIM3
SIM4
1
21
22
SIM5
SIM1
SIM2
SIM3
SIM4
1
21
22
SIM5
SIM1
SIM2
SIM3
SIM4
1
21
22
SIM5
SIM1
SIM2
SIM3
SIM4
1
21
22
SIM5
SIM1
SIM2
SIM3
SIM4
1
21
22
SIM5
SIM1
SIM2
SIM3
SIM4
1
21
22
SIM5
SIM1
SIM2
SIM3
SIM4
1
21
22
SIM5
SIM1
SIM2
SIM3
SIM4
1
21
22
SIM5
SIM1
SIM2
SIM3
SIM4
1
21
22
SIM5
SIM1
SIM2
SIM3
SIM4
1
21
22
SIM5
SIM1
SIM2
SIM3
SIM4
1
21
22
SIM5
SIM1
SIM2
SIM3
SIM4
1
21
22
SIM5
SIM1
SIM2
SIM3
SIM4
1
21
22
SIM5
SIM1
SIM2
SIM3
SIM4
1
21
22
SIM5
SIM1
SIM2
SIM3
SIM4
1
21
22
SIM5
SIM1
SIM2
SIM3
SIM4
1
21
22
SIM5
SIM1
SIM2
SIM3
SIM4
1
21
22
SIM5
SIM1
SIM2
SIM3
SIM4
1
21
22
SIM5
SIM1
SIM2
SIM3
SIM4
1
21
22
SIM5
SIM1
SIM2
SIM3
SIM4
1
21
22
SIM5
SIM1
SIM2
SIM3
SIM4
1
21
22
SIM5
SIM1
SIM2
SIM3
SIM4
1
21
22
SIM5
SIM1
SIM2
SIM3
SIM4
1
21
22
SIM5
SIM1
SIM2
SIM3
SIM4
1
21
22
SIM5
SIM1
SIM2
SIM3
SIM4
1
21
22
SIM5
SIM1
SIM2
SIM3
SIM4
1
21
22
SIM5
SIM1
SIM2
SIM3
SIM4
1
21
22
SIM5
SIM1
SIM2
SIM3
SIM4
1
21
22
SIM5
SIM1
SIM2
SIM3
SIM4
1
21
22
SIM5
SIM1
SIM2
SIM3
SIM4
1
21
22
SIM5
SIM1
SIM2
SIM3
SIM4
1
21
22
SIM5
SIM1
SIM2
SIM3
SIM4
1
21
22
SIM5
SIM1
SIM2
SIM3
SIM4
1
21
22
SIM5
SIM1
SIM2
SIM3
SIM4
1
21
22
SIM5
SIM1
SIM2
SIM3
SIM4
1
21
22
SIM5
SIM1
SIM2
SIM3
SIM4
1
21
22
SIM5
SIM1
SIM2
SIM3
SIM4
1
21
22
SIM5
SIM1
SIM2
SIM3
SIM4
1
21
22
SIM5
SIM1
SIM2
SIM3
SIM4
1
21
22
SIM5
SIM1
SIM2
SIM3
SIM4
1
21
22
SIM5
SIM1
SIM2
SIM3
SIM4
1
21
22
SIM5
SIM1
SIM2
SIM3
SIM4
1
21
22
SIM5
SIM1
SIM2
SIM3
SIM4
1
21
22
SIM5
SIM1
SIM2
SIM3
SIM4
1
21
22
SIM5
SIM1
SIM2
SIM3
SIM4
1
21
22
SIM5
SIM1
SIM2
SIM3
SIM4
1
21
22
SIM5
SIM1
SIM2
SIM3
SIM4
1
21
22
SIM5
SIM1
SIM2
SIM3
SIM4
1
21
22
SIM5
SIM1
SIM2
SIM3
SIM4
1
21
22
SIM5
SIM1
SIM2
SIM3
SIM4
1
21
22
SIM5
SIM1
SIM2
SIM3
SIM4
1
21
22
SIM5
SIM1
SIM2
SIM3
SIM4
1
21
22
SIM5
SIM1
SIM2
SIM3
SIM4
1
21
22
SIM5
SIM1
SIM2
SIM3
SIM4
1
21
22
SIM5
SIM1
SIM2
DEBUG 1 361
SIM1
SIM2
SIM3
SIM4
1
21
22
SIM5
SIM1
SIM2
SIM3
SIM4
1
21
22
SIM5
SIM1
SIM2
SIM3
SIM4
1
21
22
SIM5
SIM1
SIM2
SIM3
SIM4
1
21
22
SIM5
SIM1
SIM2
SIM3
SIM4
1
21
22
SIM5
SIM1
SIM2
SIM3
SIM4
1
21
22
SIM5
SIM1
SIM2
SIM3
SIM4
1
21
22
SIM5
SIM1
SIM2
SIM3
SIM4
1
21
22
SIM5
SIM1
SIM2
SIM3
SIM4
1
21
22
SIM5
SIM1
SIM2
SIM3
SIM4
1
21
22
SIM5
SIM1
SIM2
SIM3
SIM4
1
21
22
SIM5
SIM1
SIM2
SIM3
SIM4
1
21
22
SIM5
SIM1
SIM2
SIM3
SIM4
1
21
22
SIM5
SIM1
SIM2
SIM3
SIM4
1
21
22
SIM5
SIM1
SIM2
SIM3
SIM4
1
21
22
SIM5
SIM1
SIM2
SIM3
SIM4
1
21
22
SIM5
SIM1
SIM2
SIM3
SIM4
1
21
22
SIM5
SIM1
SIM2
SIM3
SIM4
1
21
22
SIM5
SIM1
SIM2
SIM3
SIM4
1
21
22
SIM5
SIM1
SIM2
SIM3
SIM4
1
21
22
SIM5
SIM1
SIM2
SIM3
SIM4
1
21
22
SIM5
SIM1
SIM2
SIM3
SIM4
1
21
22
SIM5
SIM1
SIM2
SIM3
SIM4
1
21
22
SIM5
SIM1
SIM2
SIM3
SIM4
1
21
22
SIM5
SIM1
SIM2
SIM3
SIM4
1
21
22
SIM5
SIM1
SIM2
SIM3
SIM4
1
21
22
SIM5
SIM1
SIM2
SIM3
SIM4
1
21
22
SIM5
SIM1
SIM2
DEBUG 1 362
SIM1
SIM2
SIM3
SIM4
1
21
22
SIM5
SIM1
SIM2
SIM3
SIM4
1
21
22
SIM5
SIM1
SIM2
SIM3
SIM4
1
21
22
SIM5
SIM1
SIM2
SIM3
SIM4
1
21
22
SIM5
SIM1
SIM2
SIM3
SIM4
1
21
22
SIM5
SIM1
SIM2
SIM3
SIM4
1
21
22
SIM5
SIM1
SIM2
SIM3
SIM4
1
21
22
SIM5
SIM1
SIM2
SIM3
SIM4
1
21
22
SIM5
SIM1
SIM2
SIM3
SIM4
1
21
22
SIM5
SIM1
SIM2
SIM3
SIM4
1
21
22
SIM5
SIM1
SIM2
SIM3
SIM4
1
21
22
SIM5
SIM1
SIM2
SIM3
SIM4
1
21
22
SIM5
SIM1
SIM2
SIM3
SIM4
1
21
22
SIM5
SIM1
SIM2
SIM3
SIM4
1
21
22
SIM5
SIM1
SIM2
SIM3
SIM4
1
21
22
SIM5
SIM1
SIM2
SIM3
SIM4
1
21
22
SIM5
SIM1
SIM2
SIM3
SIM4
1
21
22
SIM5
SIM1
SIM2
SIM3
SIM4
1
21
22
SIM5
SIM1
SIM2
SIM3
SIM4
1
21
22
SIM5
SIM1
SIM2
SIM3
SIM4
1
21
22
SIM5
SIM1
SIM2
SIM3
SIM4
1
21
22
SIM5
SIM1
SIM2
SIM3
SIM4
1
21
22
SIM5
SIM1
SIM2
SIM3
SIM4
1
21
22
SIM5
SIM1
SIM2
SIM3
SIM4
1
21
22
SIM5
SIM1
SIM2
SIM3
SIM4
1
21
22
SIM5
SIM1
SIM2
SIM3
SIM4
1
21
22
SIM5
SIM1
SIM2
SIM3
SIM4
1
21
22
SIM5
SIM1
SIM2
SIM3
SIM4
1
21
22
SIM5
SIM1
SIM2
SIM3
SIM4
1
21
22
SIM5
SIM1
SIM2
SIM3
SIM4
1
21
22
SIM5
SIM1
SIM2
SIM3
SIM4
1
21
22
SIM5
SIM1
SIM2
SIM3
SIM4
1
21
22
SIM5
SIM1
SIM2
SIM3
SIM4
1
21
22
SIM5
SIM1
SIM2
SIM3
SIM4
1
21
22
SIM5
SIM1
SIM2
SIM3
SIM4
1
21
22
SIM5
SIM1
SIM2
SIM3
SIM4
1
21
22
SIM5
SIM1
SIM2
SIM3
SIM4
1
21
22
SIM5
SIM1
SIM2
SIM3
SIM4
1
21
22
SIM5
SIM1
SIM2
SIM3
SIM4
1
21
22
SIM5
SIM1
SIM2
SIM3
SIM4
1
21
22
SIM5
SIM1
SIM2
SIM3
SIM4
1
21
22
SIM5
SIM1
SIM2
SIM3
SIM4
1
21
22
SIM5
SIM1
SIM2
SIM3
SIM4
1
21
22
SIM5
SIM1
SIM2
SIM3
SIM4
1
21
22
SIM5
SIM1
SIM2
SIM3
SIM4
1
21
22
SIM5
SIM1
SIM2
SIM3
SIM4
1
21
22
SIM5
SIM1
SIM2
SIM3
SIM4
1
21
22
SIM5
SIM1
SIM2
SIM3
SIM4
1
21
22
SIM5
SIM1
SIM2
SIM3
SIM4
1
21
22
SIM5
SIM1
SIM2
SIM3
SIM4
1
21
22
SIM5
SIM1
SIM2
SIM3
SIM4
1
21
22
SIM5
SIM1
SIM2
SIM3
SIM4
1
21
22
SIM5
SIM1
SIM2
SIM3
SIM4
1
21
22
SIM5
SIM1
SIM2
SIM3
SIM4
1
21
22
SIM5
SIM1
SIM2
SIM3
SIM4
1
21
22
SIM5
SIM1
SIM2
SIM3
SIM4
1
21
22
SIM5
SIM1
SIM2
SIM3
SIM4
1
21
22
SIM5
SIM1
SIM2
SIM3
SIM4
1
21
22
SIM5
SIM1
SIM2
SIM3
SIM4
1
21
22
SIM5
SIM1
SIM2
SIM3
SIM4
1
21
22
SIM5
SIM1
SIM2
SIM3
SIM4
1
21
22
SIM5
SIM1
SIM2
SIM3
SIM4
1
21
22
SIM5
SIM1
SIM2
SIM3
SIM4
1
21
22
SIM5
SIM1
SIM2
SIM3
SIM4
1
21
22
SIM5
SIM1
SIM2
SIM3
SIM4
1
21
22
SIM5
SIM1
SIM2
SIM3
SIM4
1
21
22
SIM5
SIM1
SIM2
SIM3
SIM4
1
21
22
SIM5
SIM1
SIM2
SIM3
SIM4
1
21
22
SIM5
SIM1
SIM2
SIM3
SIM4
1
21
22
SIM5
SIM1
SIM2
SIM3
SIM4
1
21
22
SIM5
SIM1
SIM2
SIM3
SIM4
1
21
22
SIM5
SIM1
SIM2
SIM3
SIM4
1
21
22
SIM5
SIM1
SIM2
SIM3
SIM4
1
21
22
SIM5
SIM1
SIM2
SIM3
SIM4
1
21
22
SIM5
SIM1
SIM2
SIM3
SIM4
1
21
22
SIM5
SIM1
SIM2
SIM3
SIM4
1
21
22
SIM5
SIM1
SIM2
SIM3
SIM4
1
21
22
SIM5
SIM1
SIM2
SIM3
SIM4
1
21
22
SIM5
SIM1
SIM2
SIM3
SIM4
1
21
22
SIM5
SIM1
SIM2
SIM3
SIM4
1
21
22
SIM5
SIM1
SIM2
SIM3
SIM4
1
21
22
SIM5
SIM1
SIM2
SIM3
SIM4
1
21
22
SIM5
SIM1
SIM2
SIM3
SIM4
1
21
22
SIM5
SIM1
SIM2
SIM3
SIM4
1
21
22
SIM5
SIM1
SIM2
SIM3
SIM4
1
21
22
SIM5
SIM1
SIM2
SIM3
SIM4
1
21
22
SIM5
SIM1
SIM2
SIM3
SIM4
1
21
22
SIM5
SIM1
SIM2
SIM3
SIM4
1
21
22
SIM5
SIM1
SIM2
SIM3
SIM4
1
21
22
SIM5
SIM1
SIM2
SIM3
SIM4
1
21
22
SIM5
SIM1
SIM2
SIM3
SIM4
1
21
22
SIM5
SIM1
SIM2
SIM3
SIM4
1
21
22
SIM5
SIM1
SIM2
SIM3
SIM4
1
21
22
SIM5
SIM1
SIM2
SIM3
SIM4
1
21
22
SIM5
SIM1
SIM2
SIM3
SIM4
1
21
22
SIM5
SIM1
SIM2
SIM3
SIM4
1
21
22
SIM5
SIM1
SIM2
SIM3
SIM4
1
21
22
SIM5
SIM1
SIM2
SIM3
SIM4
1
21
22
SIM5
SIM1
SIM2
SIM3
SIM4
1
21
22
SIM5
SIM1
SIM2
SIM3
SIM4
1
21
22
SIM5
SIM1
SIM2
SIM3
SIM4
1
21
22
SIM5
SIM1
SIM2
SIM3
SIM4
1
21
22
SIM5
SIM1
SIM2
SIM3
SIM4
1
21
22
SIM5
SIM1
SIM2
SIM3
SIM4
1
21
22
SIM5
SIM1
SIM2
SIM3
SIM4
1
21
22
SIM5
SIM1
SIM2
SIM3
SIM4
1
21
22
SIM5
SIM1
SIM2
SIM3
SIM4
1
21
22
SIM5
SIM1
SIM2
SIM3
SIM4
1
21
22
SIM5
SIM1
SIM2
SIM3
SIM4
1
21
22
SIM5
SIM1
SIM2
SIM3
SIM4
1
21
22
SIM5
SIM1
SIM2
SIM3
SIM4
1
21
22
SIM5
SIM1
SIM2
SIM3
SIM4
1
21
22
SIM5
SIM1
SIM2
SIM3
SIM4
1
21
22
SIM5
SIM1
SIM2
SIM3
SIM4
1
21
22
SIM5
SIM1
SIM2
SIM3
SIM4
1
21
22
SIM5
SIM1
SIM2
SIM3
SIM4
1
21
22
SIM5
SIM1
SIM2
SIM3
SIM4
1
21
22
SIM5
SIM1
SIM2
SIM3
SIM4
1
21
22
SIM5
SIM1
SIM2
SIM3
SIM4
1
21
22
SIM5
SIM1
SIM2
SIM3
SIM4
1
21
22
SIM5
SIM1
SIM2
SIM3
SIM4
1
21
22
SIM5
SIM1
SIM2
SIM3
SIM4
1
21
22
SIM5
SIM1
SIM2
SIM3
SIM4
1
21
22
SIM5
SIM1
SIM2
SIM3
SIM4
1
21
22
SIM5
SIM1
SIM2
SIM3
SIM4
1
21
22
SIM5
SIM1
SIM2
SIM3
SIM4
1
21
22
SIM5
SIM1
SIM2
SIM3
SIM4
1
21
22
SIM5
SIM1
SIM2
SIM3
SIM4
1
21
22
SIM5
SIM1
SIM2
SIM3
SIM4
1
21
22
SIM5
SIM1
SIM2
SIM3
SIM4
1
21
22
SIM5
SIM1
SIM2
SIM3
SIM4
1
21
22
SIM5
SIM1
SIM2
SIM3
SIM4
1
21
22
SIM5
SIM1
SIM2
SIM3
SIM4
1
21
22
SIM5
SIM1
SIM2
SIM3
SIM4
1
21
22
SIM5
SIM1
SIM2
SIM3
SIM4
1
21
22
SIM5
SIM1
SIM2
SIM3
SIM4
1
21
22
SIM5
SIM1
SIM2
SIM3
SIM4
1
21
22
SIM5
SIM1
SIM2
SIM3
SIM4
1
21
22
SIM5
SIM1
SIM2
SIM3
SIM4
1
21
22
SIM5
SIM1
SIM2
SIM3
SIM4
1
21
22
SIM5
SIM1
SIM2
SIM3
SIM4
1
21
22
SIM5
SIM1
SIM2
SIM3
SIM4
1
21
22
SIM5
SIM1
SIM2
SIM3
SIM4
1
21
22
SIM5
SIM1
SIM2
SIM3
SIM4
1
21
22
SIM5
SIM1
SIM2
SIM3
SIM4
1
21
22
SIM5
SIM1
SIM2
SIM3
SIM4
1
21
22
SIM5
SIM1
SIM2
SIM3
SIM4
1
21
22
SIM5
SIM1
SIM2
DEBUG 1 363
SIM1
SIM2
SIM3
SIM4
1
21
22
SIM5
SIM1
SIM2
SIM3
SIM4
1
21
22
SIM5
SIM1
SIM2
SIM3
SIM4
1
21
22
SIM5
SIM1
SIM2
SIM3
SIM4
1
21
22
SIM5
SIM1
SIM2
SIM3
SIM4
1
21
22
SIM5
SIM1
SIM2
SIM3
SIM4
1
21
22
SIM5
SIM1
SIM2
SIM3
SIM4
1
21
22
SIM5
SIM1
SIM2
SIM3
SIM4
1
21
22
SIM5
SIM1
SIM2
SIM3
SIM4
1
21
22
SIM5
SIM1
SIM2
SIM3
SIM4
1
21
22
SIM5
SIM1
SIM2
SIM3
SIM4
1
21
22
SIM5
SIM1
SIM2
SIM3
SIM4
1
21
22
SIM5
SIM1
SIM2
SIM3
SIM4
1
21
22
SIM5
SIM1
SIM2
SIM3
SIM4
1
21
22
SIM5
SIM1
SIM2
SIM3
SIM4
1
21
22
SIM5
SIM1
SIM2
SIM3
SIM4
1
21
22
SIM5
SIM1
SIM2
SIM3
SIM4
1
21
22
SIM5
SIM1
SIM2
SIM3
SIM4
1
21
22
SIM5
SIM1
SIM2
SIM3
SIM4
1
21
22
SIM5
SIM1
SIM2
SIM3
SIM4
1
21
22
SIM5
SIM1
SIM2
SIM3
SIM4
1
21
22
SIM5
SIM1
SIM2
SIM3
SIM4
1
21
22
SIM5
SIM1
SIM2
SIM3
SIM4
1
21
22
SIM5
SIM1
SIM2
SIM3
SIM4
1
21
22
SIM5
SIM1
SIM2
SIM3
SIM4
1
21
22
SIM5
SIM1
SIM2
SIM3
SIM4
1
21
22
SIM5
SIM1
SIM2
SIM3
SIM4
1
21
22
SIM5
SIM1
SIM2
SIM3
SIM4
1
21
22
SIM5
SIM1
SIM2
SIM3
SIM4
1
21
22
SIM5
SIM1
SIM2
SIM3
SIM4
1
21
22
SIM5
SIM1
SIM2
SIM3
SIM4
1
21
22
SIM5
SIM1
SIM2
SIM3
SIM4
1
21
22
SIM5
SIM1
SIM2
SIM3
SIM4
1
21
22
SIM5
SIM1
SIM2
SIM3
SIM4
1
21
22
SIM5
SIM1
SIM2
SIM3
SIM4
1
21
22
SIM5
SIM1
SIM2
SIM3
SIM4
1
21
22
SIM5
SIM1
SIM2
SIM3
SIM4
1
21
22
SIM5
SIM1
SIM2
SIM3
SIM4
1
21
22
SIM5
SIM1
SIM2
SIM3
SIM4
1
21
22
SIM5
SIM1
SIM2
SIM3
SIM4
1
21
22
SIM5
SIM1
SIM2
SIM3
SIM4
1
21
22
SIM5
SIM1
SIM2
SIM3
SIM4
1
21
22
SIM5
SIM1
SIM2
SIM3
SIM4
1
21
22
SIM5
SIM1
SIM2
SIM3
SIM4
1
21
22
SIM5
SIM1
SIM2
SIM3
SIM4
1
21
22
SIM5
SIM1
SIM2
SIM3
SIM4
1
21
22
SIM5
SIM1
SIM2
SIM3
SIM4
1
21
22
SIM5
SIM1
SIM2
SIM3
SIM4
1
21
22
SIM5
SIM1
SIM2
SIM3
SIM4
1
21
22
SIM5
SIM1
SIM2
SIM3
SIM4
1
21
22
SIM5
SIM1
SIM2
SIM3
SIM4
1
21
22
SIM5
SIM1
SIM2
SIM3
SIM4
1
21
22
SIM5
SIM1
SIM2
SIM3
SIM4
1
21
22
SIM5
SIM1
SIM2
SIM3
SIM4
1
21
22
SIM5
SIM1
SIM2
SIM3
SIM4
1
21
22
SIM5
SIM1
SIM2
SIM3
SIM4
1
21
22
SIM5
SIM1
SIM2
SIM3
SIM4
1
21
22
SIM5
SIM1
SIM2
SIM3
SIM4
1
21
22
SIM5
SIM1
SIM2
SIM3
SIM4
1
21
22
SIM5
SIM1
SIM2
SIM3
SIM4
1
21
22
SIM5
SIM1
SIM2
SIM3
SIM4
1
21
22
SIM5
SIM1
SIM2
SIM3
SIM4
1
21
22
SIM5
SIM1
SIM2
SIM3
SIM4
1
21
22
SIM5
SIM1
SIM2
SIM3
SIM4
1
21
22
SIM5
SIM1
SIM2
SIM3
SIM4
1
21
22
SIM5
SIM1
SIM2
SIM3
SIM4
1
21
22
SIM5
SIM1
SIM2
SIM3
SIM4
1
21
22
SIM5
SIM1
SIM2
SIM3
SIM4
1
21
22
SIM5
SIM1
SIM2
SIM3
SIM4
1
21
22
SIM5
SIM1
SIM2
SIM3
SIM4
1
21
22
SIM5
SIM1
SIM2
SIM3
SIM4
1
21
22
SIM5
SIM1
SIM2
SIM3
SIM4
1
21
22
SIM5
SIM1
SIM2
SIM3
SIM4
1
21
22
SIM5
SIM1
SIM2
SIM3
SIM4
1
21
22
SIM5
SIM1
SIM2
SIM3
SIM4
1
21
22
SIM5
SIM1
SIM2
SIM3
SIM4
1
21
22
SIM5
SIM1
SIM2
SIM3
SIM4
1
21
22
SIM5
SIM1
SIM2
SIM3
SIM4
1
21
22
SIM5
SIM1
SIM2
SIM3
SIM4
1
21
22
SIM5
SIM1
SIM2
SIM3
SIM4
1
21
22
SIM5
SIM1
SIM2
SIM3
SIM4
1
21
22
SIM5
SIM1
SIM2
SIM3
SIM4
1
21
22
SIM5
SIM1
SIM2
SIM3
SIM4
1
21
22
SIM5
SIM1
SIM2
SIM3
SIM4
1
21
22
SIM5
SIM1
SIM2
SIM3
SIM4
1
21
22
SIM5
SIM1
SIM2
SIM3
SIM4
1
21
22
SIM5
SIM1
SIM2
SIM3
SIM4
1
21
22
SIM5
SIM1
SIM2
SIM3
SIM4
1
21
22
SIM5
SIM1
SIM2
SIM3
SIM4
1
21
22
SIM5
SIM1
SIM2
SIM3
SIM4
1
21
22
SIM5
SIM1
SIM2
SIM3
SIM4
1
21
22
SIM5
SIM1
SIM2
SIM3
SIM4
1
21
22
SIM5
SIM1
SIM2
SIM3
SIM4
1
21
22
SIM5
SIM1
SIM2
SIM3
SIM4
1
21
22
SIM5
SIM1
SIM2
SIM3
SIM4
1
21
22
SIM5
SIM1
SIM2
SIM3
SIM4
1
21
22
SIM5
SIM1
SIM2
SIM3
SIM4
1
21
22
SIM5
SIM1
SIM2
SIM3
SIM4
1
21
22
SIM5
SIM1
SIM2
SIM3
SIM4
1
21
22
SIM5
SIM1
SIM2
SIM3
SIM4
1
21
22
SIM5
SIM1
SIM2
SIM3
SIM4
1
21
22
SIM5
SIM1
SIM2
SIM3
SIM4
1
21
22
SIM5
SIM1
SIM2
SIM3
SIM4
1
21
22
SIM5
SIM1
SIM2
SIM3
SIM4
1
21
22
SIM5
SIM1
SIM2
SIM3
SIM4
1
21
22
SIM5
SIM1
SIM2
SIM3
SIM4
1
21
22
SIM5
SIM1
SIM2
SIM3
SIM4
1
21
22
SIM5
SIM1
SIM2
SIM3
SIM4
1
21
22
SIM5
SIM1
SIM2
SIM3
SIM4
1
21
22
SIM5
SIM1
SIM2
SIM3
SIM4
1
21
22
SIM5
SIM1
SIM2
SIM3
SIM4
1
21
22
SIM5
SIM1
SIM2
SIM3
SIM4
1
21
22
SIM5
SIM1
SIM2
SIM3
SIM4
1
21
22
SIM5
SIM1
SIM2
SIM3
SIM4
1
21
22
SIM5
SIM1
SIM2
SIM3
SIM4
1
21
22
SIM5
SIM1
SIM2
SIM3
SIM4
1
21
22
SIM5
SIM1
SIM2
SIM3
SIM4
1
21
22
SIM5
SIM1
SIM2
SIM3
SIM4
1
21
22
SIM5
SIM1
SIM2
SIM3
SIM4
1
21
22
SIM5
SIM1
SIM2
SIM3
SIM4
1
21
22
SIM5
SIM1
SIM2
SIM3
SIM4
1
21
22
SIM5
SIM1
SIM2
SIM3
SIM4
1
21
22
SIM5
SIM1
SIM2
SIM3
SIM4
1
21
22
SIM5
SIM1
SIM2
SIM3
SIM4
1
21
22
SIM5
SIM1
SIM2
SIM3
SIM4
1
21
22
SIM5
SIM1
SIM2
SIM3
SIM4
1
21
22
SIM5
SIM1
SIM2
SIM3
SIM4
1
21
22
SIM5
SIM1
SIM2
SIM3
SIM4
1
21
22
SIM5
SIM1
SIM2
DEBUG 1 364
SIM1
SIM2
SIM3
SIM4
1
21
22
SIM5
SIM1
SIM2
SIM3
SIM4
1
21
22
SIM5
SIM1
SIM2
SIM3
SIM4
1
21
22
SIM5
SIM1
SIM2
SIM3
SIM4
1
21
22
SIM5
SIM1
SIM2
SIM3
SIM4
1
21
22
SIM5
SIM1
SIM2
SIM3
SIM4
1
21
22
SIM5
SIM1
SIM2
SIM3
SIM4
1
21
22
SIM5
SIM1
SIM2
SIM3
SIM4
1
21
22
SIM5
SIM1
SIM2
SIM3
SIM4
1
21
22
SIM5
SIM1
SIM2
SIM3
SIM4
1
21
22
SIM5
SIM1
SIM2
SIM3
SIM4
1
21
22
SIM5
SIM1
SIM2
SIM3
SIM4
1
21
22
SIM5
SIM1
SIM2
SIM3
SIM4
1
21
22
SIM5
SIM1
SIM2
SIM3
SIM4
1
21
22
SIM5
SIM1
SIM2
SIM3
SIM4
1
21
22
SIM5
SIM1
SIM2
SIM3
SIM4
1
21
22
SIM5
SIM1
SIM2
SIM3
SIM4
1
21
22
SIM5
SIM1
SIM2
SIM3
SIM4
1
21
22
SIM5
SIM1
SIM2
SIM3
SIM4
1
21
22
SIM5
SIM1
SIM2
SIM3
SIM4
1
21
22
SIM5
SIM1
SIM2
SIM3
SIM4
1
21
22
SIM5
SIM1
SIM2
SIM3
SIM4
1
21
22
SIM5
SIM1
SIM2
SIM3
SIM4
1
21
22
SIM5
SIM1
SIM2
SIM3
SIM4
1
21
22
SIM5
SIM1
SIM2
SIM3
SIM4
1
21
22
SIM5
SIM1
SIM2
SIM3
SIM4
1
21
22
SIM5
SIM1
SIM2
SIM3
SIM4
1
21
22
SIM5
SIM1
SIM2
SIM3
SIM4
1
21
22
SIM5
SIM1
SIM2
SIM3
SIM4
1
21
22
SIM5
SIM1
SIM2
SIM3
SIM4
1
21
22
SIM5
SIM1
SIM2
SIM3
SIM4
1
21
22
SIM5
SIM1
SIM2
SIM3
SIM4
1
21
22
SIM5
SIM1
SIM2
SIM3
SIM4
1
21
22
SIM5
SIM1
SIM2
SIM3
SIM4
1
21
22
SIM5
SIM1
SIM2
SIM3
SIM4
1
21
22
SIM5
SIM1
SIM2
SIM3
SIM4
1
21
22
SIM5
SIM1
SIM2
SIM3
SIM4
1
21
22
SIM5
SIM1
SIM2
SIM3
SIM4
1
21
22
SIM5
SIM1
SIM2
SIM3
SIM4
1
21
22
SIM5
SIM1
SIM2
SIM3
SIM4
1
21
22
SIM5
SIM1
SIM2
SIM3
SIM4
1
21
22
SIM5
SIM1
SIM2
SIM3
SIM4
1
21
22
SIM5
SIM1
SIM2
SIM3
SIM4
1
21
22
SIM5
SIM1
SIM2
SIM3
SIM4
1
21
22
SIM5
SIM1
SIM2
SIM3
SIM4
1
21
22
SIM5
SIM1
SIM2
SIM3
SIM4
1
21
22
SIM5
SIM1
SIM2
SIM3
SIM4
1
21
22
SIM5
SIM1
SIM2
SIM3
SIM4
1
21
22
SIM5
SIM1
SIM2
SIM3
SIM4
1
21
22
SIM5
SIM1
SIM2
SIM3
SIM4
1
21
22
SIM5
SIM1
SIM2
SIM3
SIM4
1
21
22
SIM5
SIM1
SIM2
SIM3
SIM4
1
21
22
SIM5
SIM1
SIM2
SIM3
SIM4
1
21
22
SIM5
SIM1
SIM2
SIM3
SIM4
1
21
22
SIM5
SIM1
SIM2
SIM3
SIM4
1
21
22
SIM5
SIM1
SIM2
SIM3
SIM4
1
21
22
SIM5
SIM1
SIM2
SIM3
SIM4
1
21
22
SIM5
SIM1
SIM2
SIM3
SIM4
1
21
22
SIM5
SIM1
SIM2
SIM3
SIM4
1
21
22
SIM5
SIM1
SIM2
SIM3
SIM4
1
21
22
SIM5
SIM1
SIM2
SIM3
SIM4
1
21
22
SIM5
SIM1
SIM2
SIM3
SIM4
1
21
22
SIM5
SIM1
SIM2
SIM3
SIM4
1
21
22
SIM5
SIM1
SIM2
SIM3
SIM4
1
21
22
SIM5
SIM1
SIM2
SIM3
SIM4
1
21
22
SIM5
SIM1
SIM2
SIM3
SIM4
1
21
22
SIM5
SIM1
SIM2
SIM3
SIM4
1
21
22
SIM5
SIM1
SIM2
SIM3
SIM4
1
21
22
SIM5
SIM1
SIM2
SIM3
SIM4
1
21
22
SIM5
SIM1
SIM2
SIM3
SIM4
1
21
22
SIM5
SIM1
SIM2
SIM3
SIM4
1
21
22
SIM5
SIM1
SIM2
SIM3
SIM4
1
21
22
SIM5
SIM1
SIM2
SIM3
SIM4
1
21
22
SIM5
SIM1
SIM2
SIM3
SIM4
1
21
22
SIM5
SIM1
SIM2
SIM3
SIM4
1
21
22
SIM5
SIM1
SIM2
SIM3
SIM4
1
21
22
SIM5
SIM1
SIM2
SIM3
SIM4
1
21
22
SIM5
SIM1
SIM2
SIM3
SIM4
1
21
22
SIM5
SIM1
SIM2
SIM3
SIM4
1
21
22
SIM5
SIM1
SIM2
SIM3
SIM4
1
21
22
SIM5
SIM1
SIM2
SIM3
SIM4
1
21
22
SIM5
SIM1
SIM2
SIM3
SIM4
1
21
22
SIM5
SIM1
SIM2
SIM3
SIM4
1
21
22
SIM5
SIM1
SIM2
SIM3
SIM4
1
21
22
SIM5
SIM1
SIM2
SIM3
SIM4
1
21
22
SIM5
SIM1
SIM2
SIM3
SIM4
1
21
22
SIM5
SIM1
SIM2
SIM3
SIM4
1
21
22
SIM5
SIM1
SIM2
SIM3
SIM4
1
21
22
SIM5
SIM1
SIM2
SIM3
SIM4
1
21
22
SIM5
SIM1
SIM2
SIM3
SIM4
1
21
22
SIM5
SIM1
SIM2
SIM3
SIM4
1
21
22
SIM5
SIM1
SIM2
DEBUG 1 365
SIM1
SIM2
SIM3
SIM4
1
21
22
SIM5
SIM1
SIM2
SIM3
SIM4
1
21
22
SIM5
SIM1
SIM2
SIM3
SIM4
1
21
22
SIM5
SIM1
SIM2
SIM3
SIM4
1
21
22
SIM5
SIM1
SIM2
SIM3
SIM4
1
21
22
SIM5
SIM1
SIM2
SIM3
SIM4
1
21
22
SIM5
SIM1
SIM2
SIM3
SIM4
1
21
22
SIM5
SIM1
SIM2
SIM3
SIM4
1
21
22
SIM5
SIM1
SIM2
SIM3
SIM4
1
21
22
SIM5
SIM1
SIM2
SIM3
SIM4
1
21
22
SIM5
SIM1
SIM2
SIM3
SIM4
1
21
22
SIM5
SIM1
SIM2
SIM3
SIM4
1
21
22
SIM5
SIM1
SIM2
SIM3
SIM4
1
21
22
SIM5
SIM1
SIM2
SIM3
SIM4
1
21
22
SIM5
SIM1
SIM2
SIM3
SIM4
1
21
22
SIM5
SIM1
SIM2
SIM3
SIM4
1
21
22
SIM5
SIM1
SIM2
SIM3
SIM4
1
21
22
SIM5
SIM1
SIM2
SIM3
SIM4
1
21
22
SIM5
SIM1
SIM2
SIM3
SIM4
1
21
22
SIM5
SIM1
SIM2
SIM3
SIM4
1
21
22
SIM5
SIM1
SIM2
SIM3
SIM4
1
21
22
SIM5
SIM1
SIM2
SIM3
SIM4
1
21
22
SIM5
SIM1
SIM2
SIM3
SIM4
1
21
22
SIM5
SIM1
SIM2
SIM3
SIM4
1
21
22
SIM5
SIM1
SIM2
SIM3
SIM4
1
21
22
SIM5
SIM1
SIM2
SIM3
SIM4
1
21
22
SIM5
SIM1
SIM2
SIM3
SIM4
1
21
22
SIM5
SIM1
SIM2
SIM3
SIM4
1
21
22
SIM5
SIM1
SIM2
SIM3
SIM4
1
21
22
SIM5
SIM1
SIM2
SIM3
SIM4
1
21
22
SIM5
SIM1
SIM2
SIM3
SIM4
1
21
22
SIM5
SIM1
SIM2
SIM3
SIM4
1
21
22
SIM5
SIM1
SIM2
SIM3
SIM4
1
21
22
SIM5
SIM1
SIM2
SIM3
SIM4
1
21
22
SIM5
SIM1
SIM2
SIM3
SIM4
1
21
22
SIM5
SIM1
SIM2
SIM3
SIM4
1
21
22
SIM5
SIM1
SIM2
SIM3
SIM4
1
21
22
SIM5
SIM1
SIM2
SIM3
SIM4
1
21
22
SIM5
SIM1
SIM2
SIM3
SIM4
1
21
22
SIM5
SIM1
SIM2
SIM3
SIM4
1
21
22
SIM5
SIM1
SIM2
SIM3
SIM4
1
21
22
SIM5
SIM1
SIM2
SIM3
SIM4
1
21
22
SIM5
SIM1
SIM2
SIM3
SIM4
1
21
22
SIM5
SIM1
SIM2
SIM3
SIM4
1
21
22
SIM5
SIM1
SIM2
SIM3
SIM4
1
21
22
SIM5
SIM1
SIM2
SIM3
SIM4
1
21
22
SIM5
SIM1
SIM2
SIM3
SIM4
1
21
22
SIM5
SIM1
SIM2
SIM3
SIM4
1
21
22
SIM5
SIM1
SIM2
SIM3
SIM4
1
21
22
SIM5
SIM1
SIM2
SIM3
SIM4
1
21
22
SIM5
SIM1
SIM2
SIM3
SIM4
1
21
22
SIM5
SIM1
SIM2
SIM3
SIM4
1
21
22
SIM5
SIM1
SIM2
SIM3
SIM4
1
21
22
SIM5
SIM1
SIM2
SIM3
SIM4
1
21
22
SIM5
SIM1
SIM2
SIM3
SIM4
1
21
22
SIM5
SIM1
SIM2
SIM3
SIM4
1
21
22
SIM5
SIM1
SIM2
SIM3
SIM4
1
21
22
SIM5
SIM1
SIM2
SIM3
SIM4
1
21
22
SIM5
SIM1
SIM2
SIM3
SIM4
1
21
22
SIM5
SIM1
SIM2
SIM3
SIM4
1
21
22
SIM5
SIM1
SIM2
SIM3
SIM4
1
21
22
SIM5
SIM1
SIM2
SIM3
SIM4
1
21
22
SIM5
SIM1
SIM2
SIM3
SIM4
1
21
22
SIM5
SIM1
SIM2
SIM3
SIM4
1
21
22
SIM5
SIM1
SIM2
SIM3
SIM4
1
21
22
SIM5
SIM1
SIM2
SIM3
SIM4
1
21
22
SIM5
SIM1
SIM2
SIM3
SIM4
1
21
22
SIM5
SIM1
SIM2
SIM3
SIM4
1
21
22
SIM5
SIM1
SIM2
SIM3
SIM4
1
21
22
SIM5
SIM1
SIM2
SIM3
SIM4
1
21
22
SIM5
SIM1
SIM2
SIM3
SIM4
1
21
22
SIM5
SIM1
SIM2
SIM3
SIM4
1
21
22
SIM5
SIM1
SIM2
SIM3
SIM4
1
21
22
SIM5
SIM1
SIM2
SIM3
SIM4
1
21
22
SIM5
SIM1
SIM2
SIM3
SIM4
1
21
22
SIM5
SIM1
SIM2
SIM3
SIM4
1
21
22
SIM5
SIM1
SIM2
SIM3
SIM4
1
21
22
SIM5
SIM1
SIM2
SIM3
SIM4
1
21
22
SIM5
SIM1
SIM2
SIM3
SIM4
1
21
22
SIM5
SIM1
SIM2
SIM3
SIM4
1
21
22
SIM5
SIM1
SIM2
SIM3
SIM4
1
21
22
SIM5
SIM1
SIM2
SIM3
SIM4
1
21
22
SIM5
SIM1
SIM2
SIM3
SIM4
1
21
22
SIM5
SIM1
SIM2
SIM3
SIM4
1
21
22
SIM5
SIM1
SIM2
SIM3
SIM4
1
21
22
SIM5
SIM1
SIM2
SIM3
SIM4
1
21
22
SIM5
SIM1
SIM2
SIM3
SIM4
1
21
22
SIM5
SIM1
SIM2
SIM3
SIM4
1
21
22
SIM5
SIM1
SIM2
SIM3
SIM4
1
21
22
SIM5
SIM1
SIM2
SIM3
SIM4
1
21
22
SIM5
SIM1
SIM2
SIM3
SIM4
1
21
22
SIM5
SIM1
SIM2
SIM3
SIM4
1
21
22
SIM5
SIM1
SIM2
SIM3
SIM4
1
21
22
SIM5
SIM1
SIM2
SIM3
SIM4
1
21
22
SIM5
SIM1
SIM2
SIM3
SIM4
1
21
22
SIM5
SIM1
SIM2
SIM3
SIM4
1
21
22
SIM5
SIM1
SIM2
SIM3
SIM4
1
21
22
SIM5
SIM1
SIM2
SIM3
SIM4
1
21
22
SIM5
SIM1
SIM2
SIM3
SIM4
1
21
22
SIM5
SIM1
SIM2
SIM3
SIM4
1
21
22
SIM5
SIM1
SIM2
SIM3
SIM4
1
21
22
SIM5
SIM1
SIM2
SIM3
SIM4
1
21
22
SIM5
SIM1
SIM2
SIM3
SIM4
1
21
22
SIM5
SIM1
SIM2
SIM3
SIM4
1
21
22
SIM5
SIM1
SIM2
SIM3
SIM4
1
21
22
SIM5
SIM1
SIM2
SIM3
SIM4
1
21
22
SIM5
SIM1
SIM2
SIM3
SIM4
1
21
22
SIM5
SIM1
SIM2
SIM3
SIM4
1
21
22
SIM5
SIM1
SIM2
SIM3
SIM4
1
21
22
SIM5
SIM1
SIM2
SIM3
SIM4
1
21
22
SIM5
SIM1
SIM2
SIM3
SIM4
1
21
22
SIM5
SIM1
SIM2
SIM3
SIM4
1
21
22
SIM5
SIM1
SIM2
SIM3
SIM4
1
21
22
SIM5
SIM1
SIM2
SIM3
SIM4
1
21
22
SIM5
SIM1
SIM2
SIM3
SIM4
1
21
22
SIM5
SIM1
SIM2
SIM3
SIM4
1
21
22
SIM5
SIM1
SIM2
SIM3
SIM4
1
21
22
SIM5
SIM1
SIM2
SIM3
SIM4
1
21
22
SIM5
SIM1
SIM2
SIM3
SIM4
1
21
22
SIM5
SIM1
SIM2
SIM3
SIM4
1
21
22
SIM5
SIM1
SIM2
SIM3
SIM4
1
21
22
SIM5
SIM1
SIM2
SIM3
SIM4
1
21
22
SIM5
SIM1
SIM2
SIM3
SIM4
1
21
22
SIM5
SIM1
SIM2
SIM3
SIM4
1
21
22
SIM5
SIM1
SIM2
SIM3
SIM4
1
21
22
SIM5
SIM1
SIM2
SIM3
SIM4
1
21
22
SIM5
SIM1
SIM2
SIM3
SIM4
1
21
22
SIM5
SIM1
SIM2
SIM3
SIM4
1
21
22
SIM5
SIM1
SIM2
SIM3
SIM4
1
21
22
SIM5
SIM1
SIM2
SIM3
SIM4
1
21
22
SIM5
SIM1
SIM2
SIM3
SIM4
1
21
22
SIM5
SIM1
SIM2
SIM3
SIM4
1
21
22
SIM5
SIM1
SIM2
SIM3
SIM4
1
21
22
SIM5
SIM1
SIM2
SIM3
SIM4
1
21
22
SIM5
SIM1
SIM2
SIM3
SIM4
1
21
22
SIM5
SIM1
SIM2
SIM3
SIM4
1
21
22
SIM5
SIM1
SIM2
SIM3
SIM4
1
21
22
SIM5
SIM1
SIM2
SIM3
SIM4
1
21
22
SIM5
SIM1
SIM2
SIM3
SIM4
1
21
22
SIM5
SIM1
SIM2
SIM3
SIM4
1
21
22
SIM5
SIM1
SIM2
SIM3
SIM4
1
21
22
SIM5
SIM1
SIM2
SIM3
SIM4
1
21
22
SIM5
SIM1
SIM2
SIM3
SIM4
1
21
22
SIM5
SIM1
SIM2
SIM3
SIM4
1
21
22
SIM5
SIM1
SIM2
SIM3
SIM4
1
21
22
SIM5
SIM1
SIM2
SIM3
SIM4
1
21
22
SIM5
SIM1
SIM2
SIM3
SIM4
1
21
22
SIM5
SIM1
SIM2
SIM3
SIM4
1
21
22
SIM5
SIM1
SIM2
SIM3
SIM4
1
21
22
SIM5
SIM1
SIM2
SIM3
SIM4
1
21
22
SIM5
SIM1
SIM2
SIM3
SIM4
1
21
22
SIM5
SIM1
SIM2
SIM3
SIM4
1
21
22
SIM5
SIM1
SIM2
SIM3
SIM4
1
21
22
SIM5
SIM1
SIM2
DEBUG 1 366
SIM1
SIM2
SIM3
SIM4
1
21
22
SIM5
SIM1
SIM2
SIM3
SIM4
1
21
22
SIM5
SIM1
SIM2
SIM3
SIM4
1
21
22
SIM5
SIM1
SIM2
SIM3
SIM4
1
21
22
SIM5
SIM1
SIM2
SIM3
SIM4
1
21
22
SIM5
SIM1
SIM2
SIM3
SIM4
1
21
22
SIM5
SIM1
SIM2
SIM3
SIM4
1
21
22
SIM5
SIM1
SIM2
SIM3
SIM4
1
21
22
SIM5
SIM1
SIM2
SIM3
SIM4
1
21
22
SIM5
SIM1
SIM2
SIM3
SIM4
1
21
22
SIM5
SIM1
SIM2
SIM3
SIM4
1
21
22
SIM5
SIM1
SIM2
SIM3
SIM4
1
21
22
SIM5
SIM1
SIM2
SIM3
SIM4
1
21
22
SIM5
SIM1
SIM2
SIM3
SIM4
1
21
22
SIM5
SIM1
SIM2
SIM3
SIM4
1
21
22
SIM5
SIM1
SIM2
SIM3
SIM4
1
21
22
SIM5
SIM1
SIM2
SIM3
SIM4
1
21
22
SIM5
SIM1
SIM2
SIM3
SIM4
1
21
22
SIM5
SIM1
SIM2
SIM3
SIM4
1
21
22
SIM5
SIM1
SIM2
SIM3
SIM4
1
21
22
SIM5
SIM1
SIM2
SIM3
SIM4
1
21
22
SIM5
SIM1
SIM2
SIM3
SIM4
1
21
22
SIM5
SIM1
SIM2
SIM3
SIM4
1
21
22
SIM5
SIM1
SIM2
SIM3
SIM4
1
21
22
SIM5
SIM1
SIM2
SIM3
SIM4
1
21
22
SIM5
SIM1
SIM2
SIM3
SIM4
1
21
22
SIM5
SIM1
SIM2
SIM3
SIM4
1
21
22
SIM5
SIM1
SIM2
SIM3
SIM4
1
21
22
SIM5
SIM1
SIM2
SIM3
SIM4
1
21
22
SIM5
SIM1
SIM2
SIM3
SIM4
1
21
22
SIM5
SIM1
SIM2
SIM3
SIM4
1
21
22
SIM5
SIM1
SIM2
SIM3
SIM4
1
21
22
SIM5
SIM1
SIM2
SIM3
SIM4
1
21
22
SIM5
SIM1
SIM2
SIM3
SIM4
1
21
22
SIM5
SIM1
SIM2
SIM3
SIM4
1
21
22
SIM5
SIM1
SIM2
SIM3
SIM4
1
21
22
SIM5
SIM1
SIM2
SIM3
SIM4
1
21
22
SIM5
SIM1
SIM2
SIM3
SIM4
1
21
22
SIM5
SIM1
SIM2
SIM3
SIM4
1
21
22
SIM5
SIM1
SIM2
SIM3
SIM4
1
21
22
SIM5
SIM1
SIM2
SIM3
SIM4
1
21
22
SIM5
SIM1
SIM2
SIM3
SIM4
1
21
22
SIM5
SIM1
SIM2
SIM3
SIM4
1
21
22
SIM5
SIM1
SIM2
SIM3
SIM4
1
21
22
SIM5
SIM1
SIM2
SIM3
SIM4
1
21
22
SIM5
SIM1
SIM2
SIM3
SIM4
1
21
22
SIM5
SIM1
SIM2
SIM3
SIM4
1
21
22
SIM5
SIM1
SIM2
SIM3
SIM4
1
21
22
SIM5
SIM1
SIM2
SIM3
SIM4
1
21
22
SIM5
SIM1
SIM2
SIM3
SIM4
1
21
22
SIM5
SIM1
SIM2
SIM3
SIM4
1
21
22
SIM5
SIM1
SIM2
SIM3
SIM4
1
21
22
SIM5
SIM1
SIM2
SIM3
SIM4
1
21
22
SIM5
SIM1
SIM2
SIM3
SIM4
1
21
22
SIM5
SIM1
SIM2
SIM3
SIM4
1
21
22
SIM5
SIM1
SIM2
SIM3
SIM4
1
21
22
SIM5
SIM1
SIM2
SIM3
SIM4
1
21
22
SIM5
SIM1
SIM2
SIM3
SIM4
1
21
22
SIM5
SIM1
SIM2
SIM3
SIM4
1
21
22
SIM5
SIM1
SIM2
SIM3
SIM4
1
21
22
SIM5
SIM1
SIM2
SIM3
SIM4
1
21
22
SIM5
SIM1
SIM2
SIM3
SIM4
1
21
22
SIM5
SIM1
SIM2
SIM3
SIM4
1
21
22
SIM5
SIM1
SIM2
SIM3
SIM4
1
21
22
SIM5
SIM1
SIM2
SIM3
SIM4
1
21
22
SIM5
SIM1
SIM2
SIM3
SIM4
1
21
22
SIM5
SIM1
SIM2
SIM3
SIM4
1
21
22
SIM5
SIM1
SIM2
SIM3
SIM4
1
21
22
SIM5
SIM1
SIM2
SIM3
SIM4
1
21
22
SIM5
SIM1
SIM2
SIM3
SIM4
1
21
22
SIM5
SIM1
SIM2
SIM3
SIM4
1
21
22
SIM5
SIM1
SIM2
SIM3
SIM4
1
21
22
SIM5
SIM1
SIM2
SIM3
SIM4
1
21
22
SIM5
SIM1
SIM2
SIM3
SIM4
1
21
22
SIM5
SIM1
SIM2
SIM3
SIM4
1
21
22
SIM5
SIM1
SIM2
SIM3
SIM4
1
21
22
SIM5
SIM1
SIM2
SIM3
SIM4
1
21
22
SIM5
SIM1
SIM2
SIM3
SIM4
1
21
22
SIM5
SIM1
SIM2
SIM3
SIM4
1
21
22
SIM5
SIM1
SIM2
SIM3
SIM4
1
21
22
SIM5
SIM1
SIM2
SIM3
SIM4
1
21
22
SIM5
SIM1
SIM2
SIM3
SIM4
1
21
22
SIM5
SIM1
SIM2
SIM3
SIM4
1
21
22
SIM5
SIM1
SIM2
SIM3
SIM4
1
21
22
SIM5
SIM1
SIM2
SIM3
SIM4
1
21
22
SIM5
SIM1
SIM2
SIM3
SIM4
1
21
22
SIM5
SIM1
SIM2
SIM3
SIM4
1
21
22
SIM5
SIM1
SIM2
SIM3
SIM4
1
21
22
SIM5
SIM1
SIM2
SIM3
SIM4
1
21
22
SIM5
SIM1
SIM2
SIM3
SIM4
1
21
22
SIM5
SIM1
SIM2
SIM3
SIM4
1
21
22
SIM5
SIM1
SIM2
SIM3
SIM4
1
21
22
SIM5
SIM1
SIM2
SIM3
SIM4
1
21
22
SIM5
SIM1
SIM2
SIM3
SIM4
1
21
22
SIM5
SIM1
SIM2
SIM3
SIM4
1
21
22
SIM5
SIM1
SIM2
SIM3
SIM4
1
21
22
SIM5
SIM1
SIM2
SIM3
SIM4
1
21
22
SIM5
SIM1
SIM2
SIM3
SIM4
1
21
22
SIM5
SIM1
SIM2
SIM3
SIM4
1
21
22
SIM5
SIM1
SIM2
SIM3
SIM4
1
21
22
SIM5
SIM1
SIM2
SIM3
SIM4
1
21
22
SIM5
SIM1
SIM2
SIM3
SIM4
1
21
22
SIM5
SIM1
SIM2
SIM3
SIM4
1
21
22
SIM5
SIM1
SIM2
SIM3
SIM4
1
21
22
SIM5
SIM1
SIM2
SIM3
SIM4
1
21
22
SIM5
SIM1
SIM2
SIM3
SIM4
1
21
22
SIM5
SIM1
SIM2
SIM3
SIM4
1
21
22
SIM5
SIM1
SIM2
SIM3
SIM4
1
21
22
SIM5
SIM1
SIM2
SIM3
SIM4
1
21
22
SIM5
SIM1
SIM2
SIM3
SIM4
1
21
22
SIM5
SIM1
SIM2
SIM3
SIM4
1
21
22
SIM5
SIM1
SIM2
SIM3
SIM4
1
21
22
SIM5
SIM1
SIM2
SIM3
SIM4
1
21
22
SIM5
SIM1
SIM2
SIM3
SIM4
1
21
22
SIM5
SIM1
SIM2
SIM3
SIM4
1
21
22
SIM5
SIM1
SIM2
SIM3
SIM4
1
21
22
SIM5
SIM1
SIM2
SIM3
SIM4
1
21
22
SIM5
SIM1
SIM2
SIM3
SIM4
1
21
22
SIM5
SIM1
SIM2
SIM3
SIM4
1
21
22
SIM5
SIM1
SIM2
SIM3
SIM4
1
21
22
SIM5
SIM1
SIM2
SIM3
SIM4
1
21
22
SIM5
SIM1
SIM2
SIM3
SIM4
1
21
22
SIM5
SIM1
SIM2
SIM3
SIM4
1
21
22
SIM5
SIM1
SIM2
SIM3
SIM4
1
21
22
SIM5
SIM1
SIM2
SIM3
SIM4
1
21
22
SIM5
SIM1
SIM2
SIM3
SIM4
1
21
22
SIM5
SIM1
SIM2
SIM3
SIM4
1
21
22
SIM5
SIM1
SIM2
SIM3
SIM4
1
21
22
SIM5
SIM1
SIM2
SIM3
SIM4
1
21
22
SIM5
SIM1
SIM2
SIM3
SIM4
1
21
22
SIM5
SIM1
SIM2
SIM3
SIM4
1
21
22
SIM5
SIM1
SIM2
SIM3
SIM4
1
21
22
SIM5
SIM1
SIM2
SIM3
SIM4
1
21
22
SIM5
SIM1
SIM2
SIM3
SIM4
1
21
22
SIM5
SIM1
SIM2
SIM3
SIM4
1
21
22
SIM5
SIM1
SIM2
SIM3
SIM4
1
21
22
SIM5
SIM1
SIM2
SIM3
SIM4
1
21
22
SIM5
SIM1
SIM2
SIM3
SIM4
1
21
22
SIM5
SIM1
SIM2
SIM3
SIM4
1
21
22
SIM5
SIM1
SIM2
SIM3
SIM4
1
21
22
SIM5
SIM1
SIM2
SIM3
SIM4
1
21
22
SIM5
SIM1
SIM2
SIM3
SIM4
1
21
22
SIM5
SIM1
SIM2
SIM3
SIM4
1
21
22
SIM5
SIM1
SIM2
SIM3
SIM4
1
21
22
SIM5
SIM1
SIM2
SIM3
SIM4
1
21
22
SIM5
SIM1
SIM2
SIM3
SIM4
1
21
22
SIM5
SIM1
SIM2
SIM3
SIM4
1
21
22
SIM5
SIM1
SIM2
SIM3
SIM4
1
21
22
SIM5
SIM1
SIM2
SIM3
SIM4
1
21
22
SIM5
SIM1
SIM2
SIM3
SIM4
1
21
22
SIM5
SIM1
SIM2
SIM3
SIM4
1
21
22
SIM5
SIM1
SIM2
SIM3
SIM4
1
21
22
SIM5
SIM1
SIM2
SIM3
SIM4
1
21
22
SIM5
SIM1
SIM2
SIM3
SIM4
1
21
22
SIM5
SIM1
SIM2
SIM3
SIM4
1
21
22
SIM5
SIM1
SIM2
SIM3
SIM4
1
21
22
SIM5
SIM1
SIM2
SIM3
SIM4
1
21
22
SIM5
SIM1
SIM2
SIM3
SIM4
1
21
22
SIM5
SIM1
SIM2
SIM3
SIM4
1
21
22
SIM5
SIM1
SIM2
SIM3
SIM4
1
21
22
SIM5
SIM1
SIM2
SIM3
SIM4
1
21
22
SIM5
SIM1
SIM2
SIM3
SIM4
1
21
22
SIM5
SIM1
SIM2
SIM3
SIM4
1
21
22
SIM5
SIM1
SIM2
SIM3
SIM4
1
21
22
SIM5
SIM1
SIM2
SIM3
SIM4
1
21
22
SIM5
SIM1
SIM2
SIM3
SIM4
1
21
22
SIM5
SIM1
SIM2
SIM3
SIM4
1
21
22
SIM5
SIM1
SIM2
SIM3
SIM4
1
21
22
SIM5
SIM1
SIM2
SIM3
SIM4
1
21
22
SIM5
SIM1
SIM2
SIM3
SIM4
1
21
22
SIM5
SIM1
SIM2
SIM3
SIM4
1
21
22
SIM5
SIM1
SIM2
SIM3
SIM4
1
21
22
SIM5
SIM1
SIM2
SIM3
SIM4
1
21
22
SIM5
SIM1
SIM2
SIM3
SIM4
1
21
22
SIM5
SIM1
SIM2
SIM3
SIM4
1
21
22
SIM5
SIM1
SIM2
SIM3
SIM4
1
21
22
SIM5
SIM1
SIM2
SIM3
SIM4
1
21
22
SIM5
SIM1
SIM2
SIM3
SIM4
1
21
22
SIM5
SIM1
SIM2
SIM3
SIM4
1
21
22
SIM5
SIM1
SIM2
SIM3
SIM4
1
21
22
SIM5
SIM1
SIM2
SIM3
SIM4
1
21
22
SIM5
SIM1
SIM2
SIM3
SIM4
1
21
22
SIM5
SIM1
SIM2
SIM3
SIM4
1
21
22
SIM5
SIM1
SIM2
SIM3
SIM4
1
21
22
SIM5
SIM1
SIM2
SIM3
SIM4
1
21
22
SIM5
SIM1
SIM2
SIM3
SIM4
1
21
22
SIM5
SIM1
SIM2
SIM3
SIM4
1
21
22
SIM5
SIM1
SIM2
SIM3
SIM4
1
21
22
SIM5
SIM1
SIM2
SIM3
SIM4
1
21
22
SIM5
SIM1
SIM2
SIM3
SIM4
1
21
22
SIM5
SIM1
SIM2
SIM3
SIM4
1
21
22
SIM5
SIM1
SIM2
SIM3
SIM4
1
21
22
SIM5
SIM1
SIM2
SIM3
SIM4
1
21
22
SIM5
SIM1
SIM2
SIM3
SIM4
1
21
22
SIM5
SIM1
SIM2
DEBUG 1 367
SIM1
SIM2
SIM3
SIM4
1
21
22
SIM5
SIM1
SIM2
SIM3
SIM4
1
21
22
SIM5
SIM1
SIM2
SIM3
SIM4
1
21
22
SIM5
SIM1
SIM2
SIM3
SIM4
1
21
22
SIM5
SIM1
SIM2
SIM3
SIM4
1
21
22
SIM5
SIM1
SIM2
SIM3
SIM4
1
21
22
SIM5
SIM1
SIM2
SIM3
SIM4
1
21
22
SIM5
SIM1
SIM2
SIM3
SIM4
1
21
22
SIM5
SIM1
SIM2
SIM3
SIM4
1
21
22
SIM5
SIM1
SIM2
SIM3
SIM4
1
21
22
SIM5
SIM1
SIM2
SIM3
SIM4
1
21
22
SIM5
SIM1
SIM2
SIM3
SIM4
1
21
22
SIM5
SIM1
SIM2
SIM3
SIM4
1
21
22
SIM5
SIM1
SIM2
SIM3
SIM4
1
21
22
SIM5
SIM1
SIM2
SIM3
SIM4
1
21
22
SIM5
SIM1
SIM2
SIM3
SIM4
1
21
22
SIM5
SIM1
SIM2
SIM3
SIM4
1
21
22
SIM5
SIM1
SIM2
SIM3
SIM4
1
21
22
SIM5
SIM1
SIM2
SIM3
SIM4
1
21
22
SIM5
SIM1
SIM2
SIM3
SIM4
1
21
22
SIM5
SIM1
SIM2
SIM3
SIM4
1
21
22
SIM5
SIM1
SIM2
SIM3
SIM4
1
21
22
SIM5
SIM1
SIM2
SIM3
SIM4
1
21
22
SIM5
SIM1
SIM2
SIM3
SIM4
1
21
22
SIM5
SIM1
SIM2
SIM3
SIM4
1
21
22
SIM5
SIM1
SIM2
SIM3
SIM4
1
21
22
SIM5
SIM1
SIM2
SIM3
SIM4
1
21
22
SIM5
SIM1
SIM2
SIM3
SIM4
1
21
22
SIM5
SIM1
SIM2
SIM3
SIM4
1
21
22
SIM5
SIM1
SIM2
SIM3
SIM4
1
21
22
SIM5
SIM1
SIM2
SIM3
SIM4
1
21
22
SIM5
SIM1
SIM2
SIM3
SIM4
1
21
22
SIM5
SIM1
SIM2
SIM3
SIM4
1
21
22
SIM5
SIM1
SIM2
SIM3
SIM4
1
21
22
SIM5
SIM1
SIM2
SIM3
SIM4
1
21
22
SIM5
SIM1
SIM2
SIM3
SIM4
1
21
22
SIM5
SIM1
SIM2
SIM3
SIM4
1
21
22
SIM5
SIM1
SIM2
SIM3
SIM4
1
21
22
SIM5
SIM1
SIM2
SIM3
SIM4
1
21
22
SIM5
SIM1
SIM2
SIM3
SIM4
1
21
22
SIM5
SIM1
SIM2
SIM3
SIM4
1
21
22
SIM5
SIM1
SIM2
SIM3
SIM4
1
21
22
SIM5
SIM1
SIM2
SIM3
SIM4
1
21
22
SIM5
SIM1
SIM2
SIM3
SIM4
1
21
22
SIM5
SIM1
SIM2
SIM3
SIM4
1
21
22
SIM5
SIM1
SIM2
SIM3
SIM4
1
21
22
SIM5
SIM1
SIM2
SIM3
SIM4
1
21
22
SIM5
SIM1
SIM2
SIM3
SIM4
1
21
22
SIM5
SIM1
SIM2
SIM3
SIM4
1
21
22
SIM5
SIM1
SIM2
SIM3
SIM4
1
21
22
SIM5
SIM1
SIM2
SIM3
SIM4
1
21
22
SIM5
SIM1
SIM2
SIM3
SIM4
1
21
22
SIM5
SIM1
SIM2
SIM3
SIM4
1
21
22
SIM5
SIM1
SIM2
SIM3
SIM4
1
21
22
SIM5
SIM1
SIM2
SIM3
SIM4
1
21
22
SIM5
SIM1
SIM2
SIM3
SIM4
1
21
22
SIM5
SIM1
SIM2
SIM3
SIM4
1
21
22
SIM5
SIM1
SIM2
SIM3
SIM4
1
21
22
SIM5
SIM1
SIM2
SIM3
SIM4
1
21
22
SIM5
SIM1
SIM2
SIM3
SIM4
1
21
22
SIM5
SIM1
SIM2
SIM3
SIM4
1
21
22
SIM5
SIM1
SIM2
SIM3
SIM4
1
21
22
SIM5
SIM1
SIM2
SIM3
SIM4
1
21
22
SIM5
SIM1
SIM2
SIM3
SIM4
1
21
22
SIM5
SIM1
SIM2
SIM3
SIM4
1
21
22
SIM5
SIM1
SIM2
SIM3
SIM4
1
21
22
SIM5
SIM1
SIM2
SIM3
SIM4
1
21
22
SIM5
SIM1
SIM2
SIM3
SIM4
1
21
22
SIM5
SIM1
SIM2
SIM3
SIM4
1
21
22
SIM5
SIM1
SIM2
SIM3
SIM4
1
21
22
SIM5
SIM1
SIM2
SIM3
SIM4
1
21
22
SIM5
SIM1
SIM2
SIM3
SIM4
1
21
22
SIM5
SIM1
SIM2
SIM3
SIM4
1
21
22
SIM5
SIM1
SIM2
SIM3
SIM4
1
21
22
SIM5
SIM1
SIM2
SIM3
SIM4
1
21
22
SIM5
SIM1
SIM2
SIM3
SIM4
1
21
22
SIM5
SIM1
SIM2
SIM3
SIM4
1
21
22
SIM5
SIM1
SIM2
SIM3
SIM4
1
21
22
SIM5
SIM1
SIM2
SIM3
SIM4
1
21
22
SIM5
SIM1
SIM2
SIM3
SIM4
1
21
22
SIM5
SIM1
SIM2
SIM3
SIM4
1
21
22
SIM5
SIM1
SIM2
SIM3
SIM4
1
21
22
SIM5
SIM1
SIM2
SIM3
SIM4
1
21
22
SIM5
SIM1
SIM2
SIM3
SIM4
1
21
22
SIM5
SIM1
SIM2
SIM3
SIM4
1
21
22
SIM5
SIM1
SIM2
SIM3
SIM4
1
21
22
SIM5
SIM1
SIM2
SIM3
SIM4
1
21
22
SIM5
SIM1
SIM2
SIM3
SIM4
1
21
22
SIM5
SIM1
SIM2
SIM3
SIM4
1
21
22
SIM5
SIM1
SIM2
SIM3
SIM4
1
21
22
SIM5
SIM1
SIM2
SIM3
SIM4
1
21
22
SIM5
SIM1
SIM2
SIM3
SIM4
1
21
22
SIM5
SIM1
SIM2
SIM3
SIM4
1
21
22
SIM5
SIM1
SIM2
SIM3
SIM4
1
21
22
SIM5
SIM1
SIM2
SIM3
SIM4
1
21
22
SIM5
SIM1
SIM2
SIM3
SIM4
1
21
22
SIM5
SIM1
SIM2
SIM3
SIM4
1
21
22
SIM5
SIM1
SIM2
SIM3
SIM4
1
21
22
SIM5
SIM1
SIM2
SIM3
SIM4
1
21
22
SIM5
SIM1
SIM2
SIM3
SIM4
1
21
22
SIM5
SIM1
SIM2
SIM3
SIM4
1
21
22
SIM5
SIM1
SIM2
SIM3
SIM4
1
21
22
SIM5
SIM1
SIM2
SIM3
SIM4
1
21
22
SIM5
SIM1
SIM2
SIM3
SIM4
1
21
22
SIM5
SIM1
SIM2
SIM3
SIM4
1
21
22
SIM5
SIM1
SIM2
SIM3
SIM4
1
21
22
SIM5
SIM1
SIM2
SIM3
SIM4
1
21
22
SIM5
SIM1
SIM2
SIM3
SIM4
1
21
22
SIM5
SIM1
SIM2
SIM3
SIM4
1
21
22
SIM5
SIM1
SIM2
SIM3
SIM4
1
21
22
SIM5
SIM1
SIM2
SIM3
SIM4
1
21
22
SIM5
SIM1
SIM2
SIM3
SIM4
1
21
22
SIM5
SIM1
SIM2
SIM3
SIM4
1
21
22
SIM5
SIM1
SIM2
SIM3
SIM4
1
21
22
SIM5
SIM1
SIM2
SIM3
SIM4
1
21
22
SIM5
SIM1
SIM2
SIM3
SIM4
1
21
22
SIM5
SIM1
SIM2
SIM3
SIM4
1
21
22
SIM5
SIM1
SIM2
SIM3
SIM4
1
21
22
SIM5
SIM1
SIM2
SIM3
SIM4
1
21
22
SIM5
SIM1
SIM2
SIM3
SIM4
1
21
22
SIM5
SIM1
SIM2
SIM3
SIM4
1
21
22
SIM5
SIM1
SIM2
SIM3
SIM4
1
21
22
SIM5
SIM1
SIM2
SIM3
SIM4
1
21
22
SIM5
SIM1
SIM2
SIM3
SIM4
1
21
22
SIM5
SIM1
SIM2
SIM3
SIM4
1
21
22
SIM5
SIM1
SIM2
SIM3
SIM4
1
21
22
SIM5
SIM1
SIM2
SIM3
SIM4
1
21
22
SIM5
SIM1
SIM2
SIM3
SIM4
1
21
22
SIM5
SIM1
SIM2
SIM3
SIM4
1
21
22
SIM5
SIM1
SIM2
SIM3
SIM4
1
21
22
SIM5
SIM1
SIM2
SIM3
SIM4
1
21
22
SIM5
SIM1
SIM2
SIM3
SIM4
1
21
22
SIM5
SIM1
SIM2
SIM3
SIM4
1
21
22
SIM5
SIM1
SIM2
DEBUG 1 368
SIM1
SIM2
SIM3
SIM4
1
21
22
SIM5
SIM1
SIM2
SIM3
SIM4
1
21
22
SIM5
SIM1
SIM2
SIM3
SIM4
1
21
22
SIM5
SIM1
SIM2
SIM3
SIM4
1
21
22
SIM5
SIM1
SIM2
SIM3
SIM4
1
21
22
SIM5
SIM1
SIM2
SIM3
SIM4
1
21
22
SIM5
SIM1
SIM2
SIM3
SIM4
1
21
22
SIM5
SIM1
SIM2
SIM3
SIM4
1
21
22
SIM5
SIM1
SIM2
SIM3
SIM4
1
21
22
SIM5
SIM1
SIM2
SIM3
SIM4
1
21
22
SIM5
SIM1
SIM2
SIM3
SIM4
1
21
22
SIM5
SIM1
SIM2
SIM3
SIM4
1
21
22
SIM5
SIM1
SIM2
SIM3
SIM4
1
21
22
SIM5
SIM1
SIM2
SIM3
SIM4
1
21
22
SIM5
SIM1
SIM2
SIM3
SIM4
1
21
22
SIM5
SIM1
SIM2
SIM3
SIM4
1
21
22
SIM5
SIM1
SIM2
SIM3
SIM4
1
21
22
SIM5
SIM1
SIM2
SIM3
SIM4
1
21
22
SIM5
SIM1
SIM2
SIM3
SIM4
1
21
22
SIM5
SIM1
SIM2
SIM3
SIM4
1
21
22
SIM5
SIM1
SIM2
SIM3
SIM4
1
21
22
SIM5
SIM1
SIM2
SIM3
SIM4
1
21
22
SIM5
SIM1
SIM2
SIM3
SIM4
1
21
22
SIM5
SIM1
SIM2
SIM3
SIM4
1
21
22
SIM5
SIM1
SIM2
SIM3
SIM4
1
21
22
SIM5
SIM1
SIM2
SIM3
SIM4
1
21
22
SIM5
SIM1
SIM2
SIM3
SIM4
1
21
22
SIM5
SIM1
SIM2
SIM3
SIM4
1
21
22
SIM5
SIM1
SIM2
SIM3
SIM4
1
21
22
SIM5
SIM1
SIM2
SIM3
SIM4
1
21
22
SIM5
SIM1
SIM2
SIM3
SIM4
1
21
22
SIM5
SIM1
SIM2
SIM3
SIM4
1
21
22
SIM5
SIM1
SIM2
SIM3
SIM4
1
21
22
SIM5
SIM1
SIM2
SIM3
SIM4
1
21
22
SIM5
SIM1
SIM2
SIM3
SIM4
1
21
22
SIM5
SIM1
SIM2
SIM3
SIM4
1
21
22
SIM5
SIM1
SIM2
SIM3
SIM4
1
21
22
SIM5
SIM1
SIM2
SIM3
SIM4
1
21
22
SIM5
SIM1
SIM2
SIM3
SIM4
1
21
22
SIM5
SIM1
SIM2
SIM3
SIM4
1
21
22
SIM5
SIM1
SIM2
SIM3
SIM4
1
21
22
SIM5
SIM1
SIM2
SIM3
SIM4
1
21
22
SIM5
SIM1
SIM2
SIM3
SIM4
1
21
22
SIM5
SIM1
SIM2
SIM3
SIM4
1
21
22
SIM5
SIM1
SIM2
SIM3
SIM4
1
21
22
SIM5
SIM1
SIM2
SIM3
SIM4
1
21
22
SIM5
SIM1
SIM2
SIM3
SIM4
1
21
22
SIM5
SIM1
SIM2
SIM3
SIM4
1
21
22
SIM5
SIM1
SIM2
SIM3
SIM4
1
21
22
SIM5
SIM1
SIM2
SIM3
SIM4
1
21
22
SIM5
SIM1
SIM2
SIM3
SIM4
1
21
22
SIM5
SIM1
SIM2
SIM3
SIM4
1
21
22
SIM5
SIM1
SIM2
SIM3
SIM4
1
21
22
SIM5
SIM1
SIM2
SIM3
SIM4
1
21
22
SIM5
SIM1
SIM2
SIM3
SIM4
1
21
22
SIM5
SIM1
SIM2
SIM3
SIM4
1
21
22
SIM5
SIM1
SIM2
SIM3
SIM4
1
21
22
SIM5
SIM1
SIM2
SIM3
SIM4
1
21
22
SIM5
SIM1
SIM2
SIM3
SIM4
1
21
22
SIM5
SIM1
SIM2
SIM3
SIM4
1
21
22
SIM5
SIM1
SIM2
SIM3
SIM4
1
21
22
SIM5
SIM1
SIM2
SIM3
SIM4
1
21
22
SIM5
SIM1
SIM2
SIM3
SIM4
1
21
22
SIM5
SIM1
SIM2
SIM3
SIM4
1
21
22
SIM5
SIM1
SIM2
SIM3
SIM4
1
21
22
SIM5
SIM1
SIM2
SIM3
SIM4
1
21
22
SIM5
SIM1
SIM2
SIM3
SIM4
1
21
22
SIM5
SIM1
SIM2
SIM3
SIM4
1
21
22
SIM5
SIM1
SIM2
SIM3
SIM4
1
21
22
SIM5
SIM1
SIM2
SIM3
SIM4
1
21
22
SIM5
SIM1
SIM2
SIM3
SIM4
1
21
22
SIM5
SIM1
SIM2
SIM3
SIM4
1
21
22
SIM5
SIM1
SIM2
SIM3
SIM4
1
21
22
SIM5
SIM1
SIM2
SIM3
SIM4
1
21
22
SIM5
SIM1
SIM2
SIM3
SIM4
1
21
22
SIM5
SIM1
SIM2
SIM3
SIM4
1
21
22
SIM5
SIM1
SIM2
SIM3
SIM4
1
21
22
SIM5
SIM1
SIM2
SIM3
SIM4
1
21
22
SIM5
SIM1
SIM2
SIM3
SIM4
1
21
22
SIM5
SIM1
SIM2
SIM3
SIM4
1
21
22
SIM5
SIM1
SIM2
SIM3
SIM4
1
21
22
SIM5
SIM1
SIM2
SIM3
SIM4
1
21
22
SIM5
SIM1
SIM2
SIM3
SIM4
1
21
22
SIM5
SIM1
SIM2
SIM3
SIM4
1
21
22
SIM5
SIM1
SIM2
SIM3
SIM4
1
21
22
SIM5
SIM1
SIM2
SIM3
SIM4
1
21
22
SIM5
SIM1
SIM2
SIM3
SIM4
1
21
22
SIM5
SIM1
SIM2
SIM3
SIM4
1
21
22
SIM5
SIM1
SIM2
SIM3
SIM4
1
21
22
SIM5
SIM1
SIM2
SIM3
SIM4
1
21
22
SIM5
SIM1
SIM2
SIM3
SIM4
1
21
22
SIM5
SIM1
SIM2
SIM3
SIM4
1
21
22
SIM5
SIM1
SIM2
SIM3
SIM4
1
21
22
SIM5
SIM1
SIM2
SIM3
SIM4
1
21
22
SIM5
SIM1
SIM2
SIM3
SIM4
1
21
22
SIM5
SIM1
SIM2
SIM3
SIM4
1
21
22
SIM5
SIM1
SIM2
SIM3
SIM4
1
21
22
SIM5
SIM1
SIM2
SIM3
SIM4
1
21
22
SIM5
SIM1
SIM2
SIM3
SIM4
1
21
22
SIM5
SIM1
SIM2
SIM3
SIM4
1
21
22
SIM5
SIM1
SIM2
SIM3
SIM4
1
21
22
SIM5
SIM1
SIM2
SIM3
SIM4
1
21
22
SIM5
SIM1
SIM2
SIM3
SIM4
1
21
22
SIM5
SIM1
SIM2
SIM3
SIM4
1
21
22
SIM5
SIM1
SIM2
SIM3
SIM4
1
21
22
SIM5
SIM1
SIM2
SIM3
SIM4
1
21
22
SIM5
SIM1
SIM2
SIM3
SIM4
1
21
22
SIM5
SIM1
SIM2
SIM3
SIM4
1
21
22
SIM5
SIM1
SIM2
SIM3
SIM4
1
21
22
SIM5
SIM1
SIM2
SIM3
SIM4
1
21
22
SIM5
SIM1
SIM2
SIM3
SIM4
1
21
22
SIM5
SIM1
SIM2
SIM3
SIM4
1
21
22
SIM5
SIM1
SIM2
SIM3
SIM4
1
21
22
SIM5
SIM1
SIM2
SIM3
SIM4
1
21
22
SIM5
SIM1
SIM2
SIM3
SIM4
1
21
22
SIM5
SIM1
SIM2
SIM3
SIM4
1
21
22
SIM5
SIM1
SIM2
SIM3
SIM4
1
21
22
SIM5
SIM1
SIM2
SIM3
SIM4
1
21
22
SIM5
SIM1
SIM2
SIM3
SIM4
1
21
22
SIM5
SIM1
SIM2
SIM3
SIM4
1
21
22
SIM5
SIM1
SIM2
SIM3
SIM4
1
21
22
SIM5
SIM1
SIM2
SIM3
SIM4
1
21
22
SIM5
SIM1
SIM2
SIM3
SIM4
1
21
22
SIM5
SIM1
SIM2
SIM3
SIM4
1
21
22
SIM5
SIM1
SIM2
SIM3
SIM4
1
21
22
SIM5
SIM1
SIM2
SIM3
SIM4
1
21
22
SIM5
SIM1
SIM2
SIM3
SIM4
1
21
22
SIM5
SIM1
SIM2
SIM3
SIM4
1
21
22
SIM5
SIM1
SIM2
SIM3
SIM4
1
21
22
SIM5
SIM1
SIM2
SIM3
SIM4
1
21
22
SIM5
SIM1
SIM2
SIM3
SIM4
1
21
22
SIM5
SIM1
SIM2
SIM3
SIM4
1
21
22
SIM5
SIM1
SIM2
SIM3
SIM4
1
21
22
SIM5
SIM1
SIM2
SIM3
SIM4
1
21
22
SIM5
SIM1
SIM2
SIM3
SIM4
1
21
22
SIM5
SIM1
SIM2
SIM3
SIM4
1
21
22
SIM5
SIM1
SIM2
SIM3
SIM4
1
21
22
SIM5
SIM1
SIM2
SIM3
SIM4
1
21
22
SIM5
SIM1
SIM2
SIM3
SIM4
1
21
22
SIM5
SIM1
SIM2
SIM3
SIM4
1
21
22
SIM5
SIM1
SIM2
SIM3
SIM4
1
21
22
SIM5
SIM1
SIM2
SIM3
SIM4
1
21
22
SIM5
SIM1
SIM2
SIM3
SIM4
1
21
22
SIM5
SIM1
SIM2
SIM3
SIM4
1
21
22
SIM5
SIM1
SIM2
SIM3
SIM4
1
21
22
SIM5
SIM1
SIM2
SIM3
SIM4
1
21
22
SIM5
SIM1
SIM2
SIM3
SIM4
1
21
22
SIM5
SIM1
SIM2
SIM3
SIM4
1
21
22
SIM5
SIM1
SIM2
SIM3
SIM4
1
21
22
SIM5
SIM1
SIM2
SIM3
SIM4
1
21
22
SIM5
SIM1
SIM2
SIM3
SIM4
1
21
22
SIM5
SIM1
SIM2
SIM3
SIM4
1
21
22
SIM5
SIM1
SIM2
SIM3
SIM4
1
21
22
SIM5
SIM1
SIM2
SIM3
SIM4
1
21
22
SIM5
SIM1
SIM2
SIM3
SIM4
1
21
22
SIM5
SIM1
SIM2
SIM3
SIM4
1
21
22
SIM5
SIM1
SIM2
SIM3
SIM4
1
21
22
SIM5
SIM1
SIM2
SIM3
SIM4
1
21
22
SIM5
SIM1
SIM2
SIM3
SIM4
1
21
22
SIM5
SIM1
SIM2
SIM3
SIM4
1
21
22
SIM5
SIM1
SIM2
SIM3
SIM4
1
21
22
SIM5
SIM1
SIM2
SIM3
SIM4
1
21
22
SIM5
SIM1
SIM2
SIM3
SIM4
1
21
22
SIM5
SIM1
SIM2
SIM3
SIM4
1
21
22
SIM5
SIM1
SIM2
SIM3
SIM4
1
21
22
SIM5
SIM1
SIM2
SIM3
SIM4
1
21
22
SIM5
SIM1
SIM2
SIM3
SIM4
1
21
22
SIM5
SIM1
SIM2
SIM3
SIM4
1
21
22
SIM5
SIM1
SIM2
SIM3
SIM4
1
21
22
SIM5
SIM1
SIM2
SIM3
SIM4
1
21
22
SIM5
SIM1
SIM2
SIM3
SIM4
1
21
22
SIM5
SIM1
SIM2
SIM3
SIM4
1
21
22
SIM5
SIM1
SIM2
SIM3
SIM4
1
21
22
SIM5
SIM1
SIM2
SIM3
SIM4
1
21
22
SIM5
SIM1
SIM2
SIM3
SIM4
1
21
22
SIM5
SIM1
SIM2
SIM3
SIM4
1
21
22
SIM5
SIM1
SIM2
SIM3
SIM4
1
21
22
SIM5
SIM1
SIM2
SIM3
SIM4
1
21
22
SIM5
SIM1
SIM2
SIM3
SIM4
1
21
22
SIM5
SIM1
SIM2
SIM3
SIM4
1
21
22
SIM5
SIM1
SIM2
SIM3
SIM4
1
21
22
SIM5
SIM1
SIM2
SIM3
SIM4
1
21
22
SIM5
SIM1
SIM2
SIM3
SIM4
1
21
22
SIM5
SIM1
SIM2
SIM3
SIM4
1
21
22
SIM5
SIM1
SIM2
SIM3
SIM4
1
21
22
SIM5
SIM1
SIM2
SIM3
SIM4
1
21
22
SIM5
SIM1
SIM2
SIM3
SIM4
1
21
22
SIM5
SIM1
SIM2
SIM3
SIM4
1
21
22
SIM5
SIM1
SIM2
SIM3
SIM4
1
21
22
SIM5
SIM1
SIM2
SIM3
SIM4
1
21
22
SIM5
SIM1
SIM2
SIM3
SIM4
1
21
22
SIM5
SIM1
SIM2
SIM3
SIM4
1
21
22
SIM5
SIM1
SIM2
SIM3
SIM4
1
21
22
SIM5
SIM1
SIM2
SIM3
SIM4
1
21
22
SIM5
SIM1
SIM2
SIM3
SIM4
1
21
22
SIM5
SIM1
SIM2
SIM3
SIM4
1
21
22
SIM5
SIM1
SIM2
SIM3
SIM4
1
21
22
SIM5
SIM1
SIM2
SIM3
SIM4
1
21
22
SIM5
SIM1
SIM2
SIM3
SIM4
1
21
22
SIM5
SIM1
SIM2
SIM3
SIM4
1
21
22
SIM5
SIM1
SIM2
SIM3
SIM4
1
21
22
SIM5
SIM1
SIM2
SIM3
SIM4
1
21
22
SIM5
SIM1
SIM2
SIM3
SIM4
1
21
22
SIM5
SIM1
SIM2
SIM3
SIM4
1
21
22
SIM5
SIM1
SIM2
SIM3
SIM4
1
21
22
SIM5
SIM1
SIM2
SIM3
SIM4
1
21
22
SIM5
SIM1
SIM2
SIM3
SIM4
1
21
22
SIM5
SIM1
SIM2
SIM3
SIM4
1
21
22
SIM5
SIM1
SIM2
SIM3
SIM4
1
21
22
SIM5
SIM1
SIM2
SIM3
SIM4
1
21
22
SIM5
SIM1
SIM2
SIM3
SIM4
1
21
22
SIM5
SIM1
SIM2
SIM3
SIM4
1
21
22
SIM5
SIM1
SIM2
SIM3
SIM4
1
21
22
SIM5
SIM1
SIM2
SIM3
SIM4
1
21
22
SIM5
SIM1
SIM2
SIM3
SIM4
1
21
22
SIM5
SIM1
SIM2
SIM3
SIM4
1
21
22
SIM5
SIM1
SIM2
SIM3
SIM4
1
21
22
SIM5
SIM1
SIM2
SIM3
SIM4
1
21
22
SIM5
SIM1
SIM2
SIM3
SIM4
1
21
22
SIM5
SIM1
SIM2
SIM3
SIM4
1
21
22
SIM5
SIM1
SIM2
SIM3
SIM4
1
21
22
SIM5
SIM1
SIM2
SIM3
SIM4
1
21
22
SIM5
SIM1
SIM2
SIM3
SIM4
1
21
22
SIM5
SIM1
SIM2
SIM3
SIM4
1
21
22
SIM5
SIM1
SIM2
SIM3
SIM4
1
21
22
SIM5
SIM1
SIM2
SIM3
SIM4
1
21
22
SIM5
SIM1
SIM2
SIM3
SIM4
1
21
22
SIM5
SIM1
SIM2
SIM3
SIM4
1
21
22
SIM5
SIM1
SIM2
SIM3
SIM4
1
21
22
SIM5
SIM1
SIM2
SIM3
SIM4
1
21
22
SIM5
SIM1
SIM2
SIM3
SIM4
1
21
22
SIM5
SIM1
SIM2
SIM3
SIM4
1
21
22
SIM5
SIM1
SIM2
SIM3
SIM4
1
21
22
SIM5
SIM1
SIM2
SIM3
SIM4
1
21
22
SIM5
SIM1
SIM2
SIM3
SIM4
1
21
22
SIM5
SIM1
SIM2
SIM3
SIM4
1
21
22
SIM5
SIM1
SIM2
SIM3
SIM4
1
21
22
SIM5
SIM1
SIM2
SIM3
SIM4
1
21
22
SIM5
SIM1
SIM2
SIM3
SIM4
1
21
22
SIM5
SIM1
SIM2
SIM3
SIM4
1
21
22
SIM5
SIM1
SIM2
SIM3
SIM4
1
21
22
SIM5
SIM1
SIM2
SIM3
SIM4
1
21
22
SIM5
SIM1
SIM2
SIM3
SIM4
1
21
22
SIM5
SIM1
SIM2
SIM3
SIM4
1
21
22
SIM5
SIM1
SIM2
SIM3
SIM4
1
21
22
SIM5
SIM1
SIM2
SIM3
SIM4
1
21
22
SIM5
SIM1
SIM2
SIM3
SIM4
1
21
22
SIM5
SIM1
SIM2
SIM3
SIM4
1
21
22
SIM5
SIM1
SIM2
SIM3
SIM4
1
21
22
SIM5
SIM1
SIM2
SIM3
SIM4
1
21
22
SIM5
SIM1
SIM2
SIM3
SIM4
1
21
22
SIM5
SIM1
SIM2
SIM3
SIM4
1
21
22
SIM5
SIM1
SIM2
SIM3
SIM4
1
21
22
SIM5
SIM1
SIM2
SIM3
SIM4
1
21
22
SIM5
SIM1
SIM2
SIM3
SIM4
1
21
22
SIM5
SIM1
SIM2
SIM3
SIM4
1
21
22
SIM5
SIM1
SIM2
SIM3
SIM4
1
21
22
SIM5
SIM1
SIM2
SIM3
SIM4
1
21
22
SIM5
SIM1
SIM2
SIM3
SIM4
1
21
22
SIM5
SIM1
SIM2
SIM3
SIM4
1
21
22
SIM5
SIM1
SIM2
SIM3
SIM4
1
21
22
SIM5
SIM1
SIM2
SIM3
SIM4
1
21
22
SIM5
SIM1
SIM2
SIM3
SIM4
1
21
22
SIM5
SIM1
SIM2
SIM3
SIM4
1
21
22
SIM5
SIM1
SIM2
SIM3
SIM4
1
21
22
SIM5
SIM1
SIM2
SIM3
SIM4
1
21
22
SIM5
SIM1
SIM2
SIM3
SIM4
1
21
22
SIM5
SIM1
SIM2
SIM3
SIM4
1
21
22
SIM5
SIM1
SIM2
SIM3
SIM4
1
21
22
SIM5
SIM1
SIM2
SIM3
SIM4
1
21
22
SIM5
SIM1
SIM2
SIM3
SIM4
1
21
22
SIM5
SIM1
SIM2
SIM3
SIM4
1
21
22
SIM5
SIM1
SIM2
SIM3
SIM4
1
21
22
SIM5
SIM1
SIM2
SIM3
SIM4
1
21
22
SIM5
SIM1
SIM2
SIM3
SIM4
1
21
22
SIM5
SIM1
SIM2
SIM3
SIM4
1
21
22
SIM5
SIM1
SIM2
SIM3
SIM4
1
21
22
SIM5
SIM1
SIM2
SIM3
SIM4
1
21
22
SIM5
SIM1
SIM2
SIM3
SIM4
1
21
22
SIM5
SIM1
SIM2
SIM3
SIM4
1
21
22
SIM5
SIM1
SIM2
SIM3
SIM4
1
21
22
SIM5
SIM1
SIM2
SIM3
SIM4
1
21
22
SIM5
SIM1
SIM2
SIM3
SIM4
1
21
22
SIM5
SIM1
SIM2
SIM3
SIM4
1
21
22
SIM5
SIM1
SIM2
SIM3
SIM4
1
21
22
SIM5
SIM1
SIM2
DEBUG 1 369
SIM1
SIM2
SIM3
SIM4
1
21
22
SIM5
SIM1
SIM2
SIM3
SIM4
1
21
22
SIM5
SIM1
SIM2
SIM3
SIM4
1
21
22
SIM5
SIM1
SIM2
SIM3
SIM4
1
21
22
SIM5
SIM1
SIM2
SIM3
SIM4
1
21
22
SIM5
SIM1
SIM2
SIM3
SIM4
1
21
22
SIM5
SIM1
SIM2
SIM3
SIM4
1
21
22
SIM5
SIM1
SIM2
SIM3
SIM4
1
21
22
SIM5
SIM1
SIM2
SIM3
SIM4
1
21
22
SIM5
SIM1
SIM2
SIM3
SIM4
1
21
22
SIM5
SIM1
SIM2
SIM3
SIM4
1
21
22
SIM5
SIM1
SIM2
SIM3
SIM4
1
21
22
SIM5
SIM1
SIM2
SIM3
SIM4
1
21
22
SIM5
SIM1
SIM2
SIM3
SIM4
1
21
22
SIM5
SIM1
SIM2
SIM3
SIM4
1
21
22
SIM5
SIM1
SIM2
SIM3
SIM4
1
21
22
SIM5
SIM1
SIM2
SIM3
SIM4
1
21
22
SIM5
SIM1
SIM2
SIM3
SIM4
1
21
22
SIM5
SIM1
SIM2
SIM3
SIM4
1
21
22
SIM5
SIM1
SIM2
SIM3
SIM4
1
21
22
SIM5
SIM1
SIM2
SIM3
SIM4
1
21
22
SIM5
SIM1
SIM2
SIM3
SIM4
1
21
22
SIM5
SIM1
SIM2
SIM3
SIM4
1
21
22
SIM5
SIM1
SIM2
SIM3
SIM4
1
21
22
SIM5
SIM1
SIM2
SIM3
SIM4
1
21
22
SIM5
SIM1
SIM2
SIM3
SIM4
1
21
22
SIM5
SIM1
SIM2
SIM3
SIM4
1
21
22
SIM5
SIM1
SIM2
SIM3
SIM4
1
21
22
SIM5
SIM1
SIM2
SIM3
SIM4
1
21
22
SIM5
SIM1
SIM2
SIM3
SIM4
1
21
22
SIM5
SIM1
SIM2
SIM3
SIM4
1
21
22
SIM5
SIM1
SIM2
SIM3
SIM4
1
21
22
SIM5
SIM1
SIM2
SIM3
SIM4
1
21
22
SIM5
SIM1
SIM2
SIM3
SIM4
1
21
22
SIM5
SIM1
SIM2
SIM3
SIM4
1
21
22
SIM5
SIM1
SIM2
SIM3
SIM4
1
21
22
SIM5
SIM1
SIM2
SIM3
SIM4
1
21
22
SIM5
SIM1
SIM2
SIM3
SIM4
1
21
22
SIM5
SIM1
SIM2
SIM3
SIM4
1
21
22
SIM5
SIM1
SIM2
SIM3
SIM4
1
21
22
SIM5
SIM1
SIM2
SIM3
SIM4
1
21
22
SIM5
SIM1
SIM2
SIM3
SIM4
1
21
22
SIM5
SIM1
SIM2
SIM3
SIM4
1
21
22
SIM5
SIM1
SIM2
SIM3
SIM4
1
21
22
SIM5
SIM1
SIM2
SIM3
SIM4
1
21
22
SIM5
SIM1
SIM2
SIM3
SIM4
1
21
22
SIM5
SIM1
SIM2
SIM3
SIM4
1
21
22
SIM5
SIM1
SIM2
SIM3
SIM4
1
21
22
SIM5
SIM1
SIM2
SIM3
SIM4
1
21
22
SIM5
SIM1
SIM2
SIM3
SIM4
1
21
22
SIM5
SIM1
SIM2
SIM3
SIM4
1
21
22
SIM5
SIM1
SIM2
SIM3
SIM4
1
21
22
SIM5
SIM1
SIM2
SIM3
SIM4
1
21
22
SIM5
SIM1
SIM2
DEBUG 1 370
SIM1
SIM2
SIM3
SIM4
1
21
22
SIM5
SIM1
SIM2
SIM3
SIM4
1
21
22
SIM5
SIM1
SIM2
SIM3
SIM4
1
21
22
SIM5
SIM1
SIM2
SIM3
SIM4
1
21
22
SIM5
SIM1
SIM2
SIM3
SIM4
1
21
22
SIM5
SIM1
SIM2
SIM3
SIM4
1
21
22
SIM5
SIM1
SIM2
SIM3
SIM4
1
21
22
SIM5
SIM1
SIM2
SIM3
SIM4
1
21
22
SIM5
SIM1
SIM2
SIM3
SIM4
1
21
22
SIM5
SIM1
SIM2
SIM3
SIM4
1
21
22
SIM5
SIM1
SIM2
SIM3
SIM4
1
21
22
SIM5
SIM1
SIM2
SIM3
SIM4
1
21
22
SIM5
SIM1
SIM2
SIM3
SIM4
1
21
22
SIM5
SIM1
SIM2
SIM3
SIM4
1
21
22
SIM5
SIM1
SIM2
SIM3
SIM4
1
21
22
SIM5
SIM1
SIM2
SIM3
SIM4
1
21
22
SIM5
SIM1
SIM2
SIM3
SIM4
1
21
22
SIM5
SIM1
SIM2
SIM3
SIM4
1
21
22
SIM5
SIM1
SIM2
SIM3
SIM4
1
21
22
SIM5
SIM1
SIM2
SIM3
SIM4
1
21
22
SIM5
SIM1
SIM2
SIM3
SIM4
1
21
22
SIM5
SIM1
SIM2
SIM3
SIM4
1
21
22
SIM5
SIM1
SIM2
SIM3
SIM4
1
21
22
SIM5
SIM1
SIM2
SIM3
SIM4
1
21
22
SIM5
SIM1
SIM2
SIM3
SIM4
1
21
22
SIM5
SIM1
SIM2
SIM3
SIM4
1
21
22
SIM5
SIM1
SIM2
SIM3
SIM4
1
21
22
SIM5
SIM1
SIM2
SIM3
SIM4
1
21
22
SIM5
SIM1
SIM2
SIM3
SIM4
1
21
22
SIM5
SIM1
SIM2
SIM3
SIM4
1
21
22
SIM5
SIM1
SIM2
SIM3
SIM4
1
21
22
SIM5
SIM1
SIM2
SIM3
SIM4
1
21
22
SIM5
SIM1
SIM2
SIM3
SIM4
1
21
22
SIM5
SIM1
SIM2
SIM3
SIM4
1
21
22
SIM5
SIM1
SIM2
SIM3
SIM4
1
21
22
SIM5
SIM1
SIM2
SIM3
SIM4
1
21
22
SIM5
SIM1
SIM2
SIM3
SIM4
1
21
22
SIM5
SIM1
SIM2
SIM3
SIM4
1
21
22
SIM5
SIM1
SIM2
SIM3
SIM4
1
21
22
SIM5
SIM1
SIM2
SIM3
SIM4
1
21
22
SIM5
SIM1
SIM2
SIM3
SIM4
1
21
22
SIM5
SIM1
SIM2
SIM3
SIM4
1
21
22
SIM5
SIM1
SIM2
SIM3
SIM4
1
21
22
SIM5
SIM1
SIM2
SIM3
SIM4
1
21
22
SIM5
SIM1
SIM2
SIM3
SIM4
1
21
22
SIM5
SIM1
SIM2
SIM3
SIM4
1
21
22
SIM5
SIM1
SIM2
SIM3
SIM4
1
21
22
SIM5
SIM1
SIM2
SIM3
SIM4
1
21
22
SIM5
SIM1
SIM2
SIM3
SIM4
1
21
22
SIM5
SIM1
SIM2
SIM3
SIM4
1
21
22
SIM5
SIM1
SIM2
SIM3
SIM4
1
21
22
SIM5
SIM1
SIM2
SIM3
SIM4
1
21
22
SIM5
SIM1
SIM2
SIM3
SIM4
1
21
22
SIM5
SIM1
SIM2
SIM3
SIM4
1
21
22
SIM5
SIM1
SIM2
SIM3
SIM4
1
21
22
SIM5
SIM1
SIM2
SIM3
SIM4
1
21
22
SIM5
SIM1
SIM2
SIM3
SIM4
1
21
22
SIM5
SIM1
SIM2
SIM3
SIM4
1
21
22
SIM5
SIM1
SIM2
SIM3
SIM4
1
21
22
SIM5
SIM1
SIM2
SIM3
SIM4
1
21
22
SIM5
SIM1
SIM2
SIM3
SIM4
1
21
22
SIM5
SIM1
SIM2
SIM3
SIM4
1
21
22
SIM5
SIM1
SIM2
SIM3
SIM4
1
21
22
SIM5
SIM1
SIM2
SIM3
SIM4
1
21
22
SIM5
SIM1
SIM2
SIM3
SIM4
1
21
22
SIM5
SIM1
SIM2
SIM3
SIM4
1
21
22
SIM5
SIM1
SIM2
SIM3
SIM4
1
21
22
SIM5
SIM1
SIM2
SIM3
SIM4
1
21
22
SIM5
SIM1
SIM2
SIM3
SIM4
1
21
22
SIM5
SIM1
SIM2
SIM3
SIM4
1
21
22
SIM5
SIM1
SIM2
SIM3
SIM4
1
21
22
SIM5
SIM1
SIM2
SIM3
SIM4
1
21
22
SIM5
SIM1
SIM2
SIM3
SIM4
1
21
22
SIM5
SIM1
SIM2
SIM3
SIM4
1
21
22
SIM5
SIM1
SIM2
SIM3
SIM4
1
21
22
SIM5
SIM1
SIM2
SIM3
SIM4
1
21
22
SIM5
SIM1
SIM2
SIM3
SIM4
1
21
22
SIM5
SIM1
SIM2
SIM3
SIM4
1
21
22
SIM5
SIM1
SIM2
SIM3
SIM4
1
21
22
SIM5
SIM1
SIM2
SIM3
SIM4
1
21
22
SIM5
SIM1
SIM2
SIM3
SIM4
1
21
22
SIM5
SIM1
SIM2
SIM3
SIM4
1
21
22
SIM5
SIM1
SIM2
SIM3
SIM4
1
21
22
SIM5
SIM1
SIM2
SIM3
SIM4
1
21
22
SIM5
SIM1
SIM2
SIM3
SIM4
1
21
22
SIM5
SIM1
SIM2
SIM3
SIM4
1
21
22
SIM5
SIM1
SIM2
SIM3
SIM4
1
21
22
SIM5
SIM1
SIM2
SIM3
SIM4
1
21
22
SIM5
SIM1
SIM2
SIM3
SIM4
1
21
22
SIM5
SIM1
SIM2
SIM3
SIM4
1
21
22
SIM5
SIM1
SIM2
SIM3
SIM4
1
21
22
SIM5
SIM1
SIM2
SIM3
SIM4
1
21
22
SIM5
SIM1
SIM2
SIM3
SIM4
1
21
22
SIM5
SIM1
SIM2
SIM3
SIM4
1
21
22
SIM5
SIM1
SIM2
SIM3
SIM4
1
21
22
SIM5
SIM1
SIM2
SIM3
SIM4
1
21
22
SIM5
SIM1
SIM2
SIM3
SIM4
1
21
22
SIM5
SIM1
SIM2
SIM3
SIM4
1
21
22
SIM5
SIM1
SIM2
SIM3
SIM4
1
21
22
SIM5
SIM1
SIM2
SIM3
SIM4
1
21
22
SIM5
SIM1
SIM2
SIM3
SIM4
1
21
22
SIM5
SIM1
SIM2
SIM3
SIM4
1
21
22
SIM5
SIM1
SIM2
SIM3
SIM4
1
21
22
SIM5
SIM1
SIM2
SIM3
SIM4
1
21
22
SIM5
SIM1
SIM2
SIM3
SIM4
1
21
22
SIM5
SIM1
SIM2
SIM3
SIM4
1
21
22
SIM5
SIM1
SIM2
SIM3
SIM4
1
21
22
SIM5
SIM1
SIM2
SIM3
SIM4
1
21
22
SIM5
SIM1
SIM2
SIM3
SIM4
1
21
22
SIM5
SIM1
SIM2
SIM3
SIM4
1
21
22
SIM5
SIM1
SIM2
SIM3
SIM4
1
21
22
SIM5
SIM1
SIM2
SIM3
SIM4
1
21
22
SIM5
SIM1
SIM2
SIM3
SIM4
1
21
22
SIM5
SIM1
SIM2
SIM3
SIM4
1
21
22
SIM5
SIM1
SIM2
SIM3
SIM4
1
21
22
SIM5
SIM1
SIM2
SIM3
SIM4
1
21
22
SIM5
SIM1
SIM2
SIM3
SIM4
1
21
22
SIM5
SIM1
SIM2
SIM3
SIM4
1
21
22
SIM5
SIM1
SIM2
SIM3
SIM4
1
21
22
SIM5
SIM1
SIM2
SIM3
SIM4
1
21
22
SIM5
SIM1
SIM2
SIM3
SIM4
1
21
22
SIM5
SIM1
SIM2
SIM3
SIM4
1
21
22
SIM5
SIM1
SIM2
SIM3
SIM4
1
21
22
SIM5
SIM1
SIM2
SIM3
SIM4
1
21
22
SIM5
SIM1
SIM2
SIM3
SIM4
1
21
22
SIM5
SIM1
SIM2
SIM3
SIM4
1
21
22
SIM5
SIM1
SIM2
SIM3
SIM4
1
21
22
SIM5
SIM1
SIM2
SIM3
SIM4
1
21
22
SIM5
SIM1
SIM2
SIM3
SIM4
1
21
22
SIM5
SIM1
SIM2
SIM3
SIM4
1
21
22
SIM5
SIM1
SIM2
DEBUG 1 371
SIM1
SIM2
SIM3
SIM4
1
21
22
SIM5
SIM1
SIM2
SIM3
SIM4
1
21
22
SIM5
SIM1
SIM2
SIM3
SIM4
1
21
22
SIM5
SIM1
SIM2
SIM3
SIM4
1
21
22
SIM5
SIM1
SIM2
SIM3
SIM4
1
21
22
SIM5
SIM1
SIM2
SIM3
SIM4
1
21
22
SIM5
SIM1
SIM2
SIM3
SIM4
1
21
22
SIM5
SIM1
SIM2
SIM3
SIM4
1
21
22
SIM5
SIM1
SIM2
SIM3
SIM4
1
21
22
SIM5
SIM1
SIM2
SIM3
SIM4
1
21
22
SIM5
SIM1
SIM2
SIM3
SIM4
1
21
22
SIM5
SIM1
SIM2
SIM3
SIM4
1
21
22
SIM5
SIM1
SIM2
SIM3
SIM4
1
21
22
SIM5
SIM1
SIM2
SIM3
SIM4
1
21
22
SIM5
SIM1
SIM2
SIM3
SIM4
1
21
22
SIM5
SIM1
SIM2
SIM3
SIM4
1
21
22
SIM5
SIM1
SIM2
SIM3
SIM4
1
21
22
SIM5
SIM1
SIM2
SIM3
SIM4
1
21
22
SIM5
SIM1
SIM2
SIM3
SIM4
1
21
22
SIM5
SIM1
SIM2
SIM3
SIM4
1
21
22
SIM5
SIM1
SIM2
SIM3
SIM4
1
21
22
SIM5
SIM1
SIM2
SIM3
SIM4
1
21
22
SIM5
SIM1
SIM2
SIM3
SIM4
1
21
22
SIM5
SIM1
SIM2
SIM3
SIM4
1
21
22
SIM5
SIM1
SIM2
SIM3
SIM4
1
21
22
SIM5
SIM1
SIM2
SIM3
SIM4
1
21
22
SIM5
SIM1
SIM2
SIM3
SIM4
1
21
22
SIM5
SIM1
SIM2
SIM3
SIM4
1
21
22
SIM5
SIM1
SIM2
SIM3
SIM4
1
21
22
SIM5
SIM1
SIM2
SIM3
SIM4
1
21
22
SIM5
SIM1
SIM2
SIM3
SIM4
1
21
22
SIM5
SIM1
SIM2
SIM3
SIM4
1
21
22
SIM5
SIM1
SIM2
SIM3
SIM4
1
21
22
SIM5
SIM1
SIM2
SIM3
SIM4
1
21
22
SIM5
SIM1
SIM2
SIM3
SIM4
1
21
22
SIM5
SIM1
SIM2
SIM3
SIM4
1
21
22
SIM5
SIM1
SIM2
SIM3
SIM4
1
21
22
SIM5
SIM1
SIM2
SIM3
SIM4
1
21
22
SIM5
SIM1
SIM2
SIM3
SIM4
1
21
22
SIM5
SIM1
SIM2
SIM3
SIM4
1
21
22
SIM5
SIM1
SIM2
SIM3
SIM4
1
21
22
SIM5
SIM1
SIM2
SIM3
SIM4
1
21
22
SIM5
SIM1
SIM2
SIM3
SIM4
1
21
22
SIM5
SIM1
SIM2
SIM3
SIM4
1
21
22
SIM5
SIM1
SIM2
SIM3
SIM4
1
21
22
SIM5
SIM1
SIM2
SIM3
SIM4
1
21
22
SIM5
SIM1
SIM2
SIM3
SIM4
1
21
22
SIM5
SIM1
SIM2
SIM3
SIM4
1
21
22
SIM5
SIM1
SIM2
SIM3
SIM4
1
21
22
SIM5
SIM1
SIM2
SIM3
SIM4
1
21
22
SIM5
SIM1
SIM2
SIM3
SIM4
1
21
22
SIM5
SIM1
SIM2
SIM3
SIM4
1
21
22
SIM5
SIM1
SIM2
SIM3
SIM4
1
21
22
SIM5
SIM1
SIM2
SIM3
SIM4
1
21
22
SIM5
SIM1
SIM2
SIM3
SIM4
1
21
22
SIM5
SIM1
SIM2
SIM3
SIM4
1
21
22
SIM5
SIM1
SIM2
SIM3
SIM4
1
21
22
SIM5
SIM1
SIM2
SIM3
SIM4
1
21
22
SIM5
SIM1
SIM2
SIM3
SIM4
1
21
22
SIM5
SIM1
SIM2
SIM3
SIM4
1
21
22
SIM5
SIM1
SIM2
SIM3
SIM4
1
21
22
SIM5
SIM1
SIM2
SIM3
SIM4
1
21
22
SIM5
SIM1
SIM2
SIM3
SIM4
1
21
22
SIM5
SIM1
SIM2
SIM3
SIM4
1
21
22
SIM5
SIM1
SIM2
SIM3
SIM4
1
21
22
SIM5
SIM1
SIM2
SIM3
SIM4
1
21
22
SIM5
SIM1
SIM2
SIM3
SIM4
1
21
22
SIM5
SIM1
SIM2
SIM3
SIM4
1
21
22
SIM5
SIM1
SIM2
SIM3
SIM4
1
21
22
SIM5
SIM1
SIM2
SIM3
SIM4
1
21
22
SIM5
SIM1
SIM2
SIM3
SIM4
1
21
22
SIM5
SIM1
SIM2
SIM3
SIM4
1
21
22
SIM5
SIM1
SIM2
SIM3
SIM4
1
21
22
SIM5
SIM1
SIM2
SIM3
SIM4
1
21
22
SIM5
SIM1
SIM2
SIM3
SIM4
1
21
22
SIM5
SIM1
SIM2
SIM3
SIM4
1
21
22
SIM5
SIM1
SIM2
SIM3
SIM4
1
21
22
SIM5
SIM1
SIM2
SIM3
SIM4
1
21
22
SIM5
SIM1
SIM2
SIM3
SIM4
1
21
22
SIM5
SIM1
SIM2
SIM3
SIM4
1
21
22
SIM5
SIM1
SIM2
SIM3
SIM4
1
21
22
SIM5
SIM1
SIM2
SIM3
SIM4
1
21
22
SIM5
SIM1
SIM2
SIM3
SIM4
1
21
22
SIM5
SIM1
SIM2
SIM3
SIM4
1
21
22
SIM5
SIM1
SIM2
SIM3
SIM4
1
21
22
SIM5
SIM1
SIM2
SIM3
SIM4
1
21
22
SIM5
SIM1
SIM2
SIM3
SIM4
1
21
22
SIM5
SIM1
SIM2
SIM3
SIM4
1
21
22
SIM5
SIM1
SIM2
SIM3
SIM4
1
21
22
SIM5
SIM1
SIM2
SIM3
SIM4
1
21
22
SIM5
SIM1
SIM2
SIM3
SIM4
1
21
22
SIM5
SIM1
SIM2
SIM3
SIM4
1
21
22
SIM5
SIM1
SIM2
SIM3
SIM4
1
21
22
SIM5
SIM1
SIM2
SIM3
SIM4
1
21
22
SIM5
SIM1
SIM2
SIM3
SIM4
1
21
22
SIM5
SIM1
SIM2
SIM3
SIM4
1
21
22
SIM5
SIM1
SIM2
SIM3
SIM4
1
21
22
SIM5
SIM1
SIM2
SIM3
SIM4
1
21
22
SIM5
SIM1
SIM2
SIM3
SIM4
1
21
22
SIM5
SIM1
SIM2
SIM3
SIM4
1
21
22
SIM5
SIM1
SIM2
SIM3
SIM4
1
21
22
SIM5
SIM1
SIM2
SIM3
SIM4
1
21
22
SIM5
SIM1
SIM2
SIM3
SIM4
1
21
22
SIM5
SIM1
SIM2
SIM3
SIM4
1
21
22
SIM5
SIM1
SIM2
SIM3
SIM4
1
21
22
SIM5
SIM1
SIM2
SIM3
SIM4
1
21
22
SIM5
SIM1
SIM2
SIM3
SIM4
1
21
22
SIM5
SIM1
SIM2
SIM3
SIM4
1
21
22
SIM5
SIM1
SIM2
SIM3
SIM4
1
21
22
SIM5
SIM1
SIM2
SIM3
SIM4
1
21
22
SIM5
SIM1
SIM2
SIM3
SIM4
1
21
22
SIM5
SIM1
SIM2
SIM3
SIM4
1
21
22
SIM5
SIM1
SIM2
SIM3
SIM4
1
21
22
SIM5
SIM1
SIM2
SIM3
SIM4
1
21
22
SIM5
SIM1
SIM2
SIM3
SIM4
1
21
22
SIM5
SIM1
SIM2
SIM3
SIM4
1
21
22
SIM5
SIM1
SIM2
SIM3
SIM4
1
21
22
SIM5
SIM1
SIM2
SIM3
SIM4
1
21
22
SIM5
SIM1
SIM2
SIM3
SIM4
1
21
22
SIM5
SIM1
SIM2
SIM3
SIM4
1
21
22
SIM5
SIM1
SIM2
SIM3
SIM4
1
21
22
SIM5
SIM1
SIM2
SIM3
SIM4
1
21
22
SIM5
SIM1
SIM2
SIM3
SIM4
1
21
22
SIM5
SIM1
SIM2
SIM3
SIM4
1
21
22
SIM5
SIM1
SIM2
SIM3
SIM4
1
21
22
SIM5
SIM1
SIM2
SIM3
SIM4
1
21
22
SIM5
SIM1
SIM2
SIM3
SIM4
1
21
22
SIM5
SIM1
SIM2
SIM3
SIM4
1
21
22
SIM5
SIM1
SIM2
SIM3
SIM4
1
21
22
SIM5
SIM1
SIM2
SIM3
SIM4
1
21
22
SIM5
SIM1
SIM2
SIM3
SIM4
1
21
22
SIM5
SIM1
SIM2
SIM3
SIM4
1
21
22
SIM5
SIM1
SIM2
SIM3
SIM4
1
21
22
SIM5
SIM1
SIM2
SIM3
SIM4
1
21
22
SIM5
SIM1
SIM2
SIM3
SIM4
1
21
22
SIM5
SIM1
SIM2
SIM3
SIM4
1
21
22
SIM5
SIM1
SIM2
SIM3
SIM4
1
21
22
SIM5
SIM1
SIM2
SIM3
SIM4
1
21
22
SIM5
SIM1
SIM2
SIM3
SIM4
1
21
22
SIM5
SIM1
SIM2
SIM3
SIM4
1
21
22
SIM5
SIM1
SIM2
SIM3
SIM4
1
21
22
SIM5
SIM1
SIM2
SIM3
SIM4
1
21
22
SIM5
SIM1
SIM2
SIM3
SIM4
1
21
22
SIM5
SIM1
SIM2
SIM3
SIM4
1
21
22
SIM5
SIM1
SIM2
SIM3
SIM4
1
21
22
SIM5
SIM1
SIM2
SIM3
SIM4
1
21
22
SIM5
SIM1
SIM2
SIM3
SIM4
1
21
22
SIM5
SIM1
SIM2
SIM3
SIM4
1
21
22
SIM5
SIM1
SIM2
SIM3
SIM4
1
21
22
SIM5
SIM1
SIM2
SIM3
SIM4
1
21
22
SIM5
SIM1
SIM2
SIM3
SIM4
1
21
22
SIM5
SIM1
SIM2
SIM3
SIM4
1
21
22
SIM5
SIM1
SIM2
SIM3
SIM4
1
21
22
SIM5
SIM1
SIM2
SIM3
SIM4
1
21
22
SIM5
SIM1
SIM2
SIM3
SIM4
1
21
22
SIM5
SIM1
SIM2
SIM3
SIM4
1
21
22
SIM5
SIM1
SIM2
SIM3
SIM4
1
21
22
SIM5
SIM1
SIM2
SIM3
SIM4
1
21
22
SIM5
SIM1
SIM2
SIM3
SIM4
1
21
22
SIM5
SIM1
SIM2
SIM3
SIM4
1
21
22
SIM5
SIM1
SIM2
SIM3
SIM4
1
21
22
SIM5
SIM1
SIM2
SIM3
SIM4
1
21
22
SIM5
SIM1
SIM2
SIM3
SIM4
1
21
22
SIM5
SIM1
SIM2
SIM3
SIM4
1
21
22
SIM5
SIM1
SIM2
SIM3
SIM4
1
21
22
SIM5
SIM1
SIM2
SIM3
SIM4
1
21
22
SIM5
SIM1
SIM2
SIM3
SIM4
1
21
22
SIM5
SIM1
SIM2
SIM3
SIM4
1
21
22
SIM5
SIM1
SIM2
SIM3
SIM4
1
21
22
SIM5
SIM1
SIM2
SIM3
SIM4
1
21
22
SIM5
SIM1
SIM2
SIM3
SIM4
1
21
22
SIM5
SIM1
SIM2
SIM3
SIM4
1
21
22
SIM5
SIM1
SIM2
SIM3
SIM4
1
21
22
SIM5
SIM1
SIM2
SIM3
SIM4
1
21
22
SIM5
SIM1
SIM2
SIM3
SIM4
1
21
22
SIM5
SIM1
SIM2
SIM3
SIM4
1
21
22
SIM5
SIM1
SIM2
SIM3
SIM4
1
21
22
SIM5
SIM1
SIM2
SIM3
SIM4
1
21
22
SIM5
SIM1
SIM2
SIM3
SIM4
1
21
22
SIM5
SIM1
SIM2
SIM3
SIM4
1
21
22
SIM5
SIM1
SIM2
SIM3
SIM4
1
21
22
SIM5
SIM1
SIM2
SIM3
SIM4
1
21
22
SIM5
SIM1
SIM2
SIM3
SIM4
1
21
22
SIM5
SIM1
SIM2
SIM3
SIM4
1
21
22
SIM5
SIM1
SIM2
SIM3
SIM4
1
21
22
SIM5
SIM1
SIM2
SIM3
SIM4
1
21
22
SIM5
SIM1
SIM2
SIM3
SIM4
1
21
22
SIM5
SIM1
SIM2
SIM3
SIM4
1
21
22
SIM5
SIM1
SIM2
SIM3
SIM4
1
21
22
SIM5
SIM1
SIM2
SIM3
SIM4
1
21
22
SIM5
SIM1
SIM2
SIM3
SIM4
1
21
22
SIM5
SIM1
SIM2
SIM3
SIM4
1
21
22
SIM5
SIM1
SIM2
SIM3
SIM4
1
21
22
SIM5
SIM1
SIM2
SIM3
SIM4
1
21
22
SIM5
SIM1
SIM2
SIM3
SIM4
1
21
22
SIM5
SIM1
SIM2
SIM3
SIM4
1
21
22
SIM5
SIM1
SIM2
DEBUG 1 372
SIM1
SIM2
SIM3
SIM4
1
21
22
SIM5
SIM1
SIM2
SIM3
SIM4
1
21
22
SIM5
SIM1
SIM2
SIM3
SIM4
1
21
22
SIM5
SIM1
SIM2
SIM3
SIM4
1
21
22
SIM5
SIM1
SIM2
SIM3
SIM4
1
21
22
SIM5
SIM1
SIM2
SIM3
SIM4
1
21
22
SIM5
SIM1
SIM2
SIM3
SIM4
1
21
22
SIM5
SIM1
SIM2
SIM3
SIM4
1
21
22
SIM5
SIM1
SIM2
SIM3
SIM4
1
21
22
SIM5
SIM1
SIM2
SIM3
SIM4
1
21
22
SIM5
SIM1
SIM2
SIM3
SIM4
1
21
22
SIM5
SIM1
SIM2
SIM3
SIM4
1
21
22
SIM5
SIM1
SIM2
SIM3
SIM4
1
21
22
SIM5
SIM1
SIM2
SIM3
SIM4
1
21
22
SIM5
SIM1
SIM2
SIM3
SIM4
1
21
22
SIM5
SIM1
SIM2
SIM3
SIM4
1
21
22
SIM5
SIM1
SIM2
SIM3
SIM4
1
21
22
SIM5
SIM1
SIM2
SIM3
SIM4
1
21
22
SIM5
SIM1
SIM2
SIM3
SIM4
1
21
22
SIM5
SIM1
SIM2
SIM3
SIM4
1
21
22
SIM5
SIM1
SIM2
SIM3
SIM4
1
21
22
SIM5
SIM1
SIM2
SIM3
SIM4
1
21
22
SIM5
SIM1
SIM2
SIM3
SIM4
1
21
22
SIM5
SIM1
SIM2
SIM3
SIM4
1
21
22
SIM5
SIM1
SIM2
SIM3
SIM4
1
21
22
SIM5
SIM1
SIM2
SIM3
SIM4
1
21
22
SIM5
SIM1
SIM2
SIM3
SIM4
1
21
22
SIM5
SIM1
SIM2
SIM3
SIM4
1
21
22
SIM5
SIM1
SIM2
SIM3
SIM4
1
21
22
SIM5
SIM1
SIM2
SIM3
SIM4
1
21
22
SIM5
SIM1
SIM2
SIM3
SIM4
1
21
22
SIM5
SIM1
SIM2
SIM3
SIM4
1
21
22
SIM5
SIM1
SIM2
SIM3
SIM4
1
21
22
SIM5
SIM1
SIM2
SIM3
SIM4
1
21
22
SIM5
SIM1
SIM2
SIM3
SIM4
1
21
22
SIM5
SIM1
SIM2
SIM3
SIM4
1
21
22
SIM5
SIM1
SIM2
SIM3
SIM4
1
21
22
SIM5
SIM1
SIM2
SIM3
SIM4
1
21
22
SIM5
SIM1
SIM2
SIM3
SIM4
1
21
22
SIM5
SIM1
SIM2
SIM3
SIM4
1
21
22
SIM5
SIM1
SIM2
SIM3
SIM4
1
21
22
SIM5
SIM1
SIM2
SIM3
SIM4
1
21
22
SIM5
SIM1
SIM2
SIM3
SIM4
1
21
22
SIM5
SIM1
SIM2
SIM3
SIM4
1
21
22
SIM5
SIM1
SIM2
SIM3
SIM4
1
21
22
SIM5
SIM1
SIM2
SIM3
SIM4
1
21
22
SIM5
SIM1
SIM2
SIM3
SIM4
1
21
22
SIM5
SIM1
SIM2
SIM3
SIM4
1
21
22
SIM5
SIM1
SIM2
SIM3
SIM4
1
21
22
SIM5
SIM1
SIM2
SIM3
SIM4
1
21
22
SIM5
SIM1
SIM2
SIM3
SIM4
1
21
22
SIM5
SIM1
SIM2
SIM3
SIM4
1
21
22
SIM5
SIM1
SIM2
SIM3
SIM4
1
21
22
SIM5
SIM1
SIM2
SIM3
SIM4
1
21
22
SIM5
SIM1
SIM2
SIM3
SIM4
1
21
22
SIM5
SIM1
SIM2
SIM3
SIM4
1
21
22
SIM5
SIM1
SIM2
SIM3
SIM4
1
21
22
SIM5
SIM1
SIM2
SIM3
SIM4
1
21
22
SIM5
SIM1
SIM2
SIM3
SIM4
1
21
22
SIM5
SIM1
SIM2
SIM3
SIM4
1
21
22
SIM5
SIM1
SIM2
SIM3
SIM4
1
21
22
SIM5
SIM1
SIM2
SIM3
SIM4
1
21
22
SIM5
SIM1
SIM2
SIM3
SIM4
1
21
22
SIM5
SIM1
SIM2
SIM3
SIM4
1
21
22
SIM5
SIM1
SIM2
SIM3
SIM4
1
21
22
SIM5
SIM1
SIM2
SIM3
SIM4
1
21
22
SIM5
SIM1
SIM2
SIM3
SIM4
1
21
22
SIM5
SIM1
SIM2
SIM3
SIM4
1
21
22
SIM5
SIM1
SIM2
SIM3
SIM4
1
21
22
SIM5
SIM1
SIM2
SIM3
SIM4
1
21
22
SIM5
SIM1
SIM2
SIM3
SIM4
1
21
22
SIM5
SIM1
SIM2
SIM3
SIM4
1
21
22
SIM5
SIM1
SIM2
SIM3
SIM4
1
21
22
SIM5
SIM1
SIM2
SIM3
SIM4
1
21
22
SIM5
SIM1
SIM2
SIM3
SIM4
1
21
22
SIM5
SIM1
SIM2
SIM3
SIM4
1
21
22
SIM5
SIM1
SIM2
SIM3
SIM4
1
21
22
SIM5
SIM1
SIM2
SIM3
SIM4
1
21
22
SIM5
SIM1
SIM2
SIM3
SIM4
1
21
22
SIM5
SIM1
SIM2
SIM3
SIM4
1
21
22
SIM5
SIM1
SIM2
SIM3
SIM4
1
21
22
SIM5
SIM1
SIM2
SIM3
SIM4
1
21
22
SIM5
SIM1
SIM2
SIM3
SIM4
1
21
22
SIM5
SIM1
SIM2
SIM3
SIM4
1
21
22
SIM5
SIM1
SIM2
SIM3
SIM4
1
21
22
SIM5
SIM1
SIM2
SIM3
SIM4
1
21
22
SIM5
SIM1
SIM2
SIM3
SIM4
1
21
22
SIM5
SIM1
SIM2
SIM3
SIM4
1
21
22
SIM5
SIM1
SIM2
SIM3
SIM4
1
21
22
SIM5
SIM1
SIM2
SIM3
SIM4
1
21
22
SIM5
SIM1
SIM2
SIM3
SIM4
1
21
22
SIM5
SIM1
SIM2
SIM3
SIM4
1
21
22
SIM5
SIM1
SIM2
SIM3
SIM4
1
21
22
SIM5
SIM1
SIM2
SIM3
SIM4
1
21
22
SIM5
SIM1
SIM2
SIM3
SIM4
1
21
22
SIM5
SIM1
SIM2
SIM3
SIM4
1
21
22
SIM5
SIM1
SIM2
SIM3
SIM4
1
21
22
SIM5
SIM1
SIM2
SIM3
SIM4
1
21
22
SIM5
SIM1
SIM2
SIM3
SIM4
1
21
22
SIM5
SIM1
SIM2
SIM3
SIM4
1
21
22
SIM5
SIM1
SIM2
SIM3
SIM4
1
21
22
SIM5
SIM1
SIM2
SIM3
SIM4
1
21
22
SIM5
SIM1
SIM2
SIM3
SIM4
1
21
22
SIM5
SIM1
SIM2
SIM3
SIM4
1
21
22
SIM5
SIM1
SIM2
SIM3
SIM4
1
21
22
SIM5
SIM1
SIM2
SIM3
SIM4
1
21
22
SIM5
SIM1
SIM2
SIM3
SIM4
1
21
22
SIM5
SIM1
SIM2
SIM3
SIM4
1
21
22
SIM5
SIM1
SIM2
SIM3
SIM4
1
21
22
SIM5
SIM1
SIM2
SIM3
SIM4
1
21
22
SIM5
SIM1
SIM2
SIM3
SIM4
1
21
22
SIM5
SIM1
SIM2
SIM3
SIM4
1
21
22
SIM5
SIM1
SIM2
SIM3
SIM4
1
21
22
SIM5
SIM1
SIM2
SIM3
SIM4
1
21
22
SIM5
SIM1
SIM2
SIM3
SIM4
1
21
22
SIM5
SIM1
SIM2
SIM3
SIM4
1
21
22
SIM5
SIM1
SIM2
SIM3
SIM4
1
21
22
SIM5
SIM1
SIM2
SIM3
SIM4
1
21
22
SIM5
SIM1
SIM2
SIM3
SIM4
1
21
22
SIM5
SIM1
SIM2
SIM3
SIM4
1
21
22
SIM5
SIM1
SIM2
SIM3
SIM4
1
21
22
SIM5
SIM1
SIM2
SIM3
SIM4
1
21
22
SIM5
SIM1
SIM2
SIM3
SIM4
1
21
22
SIM5
SIM1
SIM2
SIM3
SIM4
1
21
22
SIM5
SIM1
SIM2
SIM3
SIM4
1
21
22
SIM5
SIM1
SIM2
SIM3
SIM4
1
21
22
SIM5
SIM1
SIM2
SIM3
SIM4
1
21
22
SIM5
SIM1
SIM2
SIM3
SIM4
1
21
22
SIM5
SIM1
SIM2
SIM3
SIM4
1
21
22
SIM5
SIM1
SIM2
SIM3
SIM4
1
21
22
SIM5
SIM1
SIM2
SIM3
SIM4
1
21
22
SIM5
SIM1
SIM2
SIM3
SIM4
1
21
22
SIM5
SIM1
SIM2
SIM3
SIM4
1
21
22
SIM5
SIM1
SIM2
SIM3
SIM4
1
21
22
SIM5
SIM1
SIM2
SIM3
SIM4
1
21
22
SIM5
SIM1
SIM2
SIM3
SIM4
1
21
22
SIM5
SIM1
SIM2
SIM3
SIM4
1
21
22
SIM5
SIM1
SIM2
SIM3
SIM4
1
21
22
SIM5
SIM1
SIM2
SIM3
SIM4
1
21
22
SIM5
SIM1
SIM2
SIM3
SIM4
1
21
22
SIM5
SIM1
SIM2
SIM3
SIM4
1
21
22
SIM5
SIM1
SIM2
SIM3
SIM4
1
21
22
SIM5
SIM1
SIM2
SIM3
SIM4
1
21
22
SIM5
SIM1
SIM2
SIM3
SIM4
1
21
22
SIM5
SIM1
SIM2
SIM3
SIM4
1
21
22
SIM5
SIM1
SIM2
SIM3
SIM4
1
21
22
SIM5
SIM1
SIM2
SIM3
SIM4
1
21
22
SIM5
SIM1
SIM2
SIM3
SIM4
1
21
22
SIM5
SIM1
SIM2
SIM3
SIM4
1
21
22
SIM5
SIM1
SIM2
SIM3
SIM4
1
21
22
SIM5
SIM1
SIM2
SIM3
SIM4
1
21
22
SIM5
SIM1
SIM2
SIM3
SIM4
1
21
22
SIM5
SIM1
SIM2
SIM3
SIM4
1
21
22
SIM5
SIM1
SIM2
SIM3
SIM4
1
21
22
SIM5
SIM1
SIM2
SIM3
SIM4
1
21
22
SIM5
SIM1
SIM2
SIM3
SIM4
1
21
22
SIM5
SIM1
SIM2
SIM3
SIM4
1
21
22
SIM5
SIM1
SIM2
SIM3
SIM4
1
21
22
SIM5
SIM1
SIM2
SIM3
SIM4
1
21
22
SIM5
SIM1
SIM2
SIM3
SIM4
1
21
22
SIM5
SIM1
SIM2
SIM3
SIM4
1
21
22
SIM5
SIM1
SIM2
SIM3
SIM4
1
21
22
SIM5
SIM1
SIM2
SIM3
SIM4
1
21
22
SIM5
SIM1
SIM2
SIM3
SIM4
1
21
22
SIM5
SIM1
SIM2
SIM3
SIM4
1
21
22
SIM5
SIM1
SIM2
SIM3
SIM4
1
21
22
SIM5
SIM1
SIM2
SIM3
SIM4
1
21
22
SIM5
SIM1
SIM2
SIM3
SIM4
1
21
22
SIM5
SIM1
SIM2
SIM3
SIM4
1
21
22
SIM5
SIM1
SIM2
SIM3
SIM4
1
21
22
SIM5
SIM1
SIM2
SIM3
SIM4
1
21
22
SIM5
SIM1
SIM2
SIM3
SIM4
1
21
22
SIM5
SIM1
SIM2
SIM3
SIM4
1
21
22
SIM5
SIM1
SIM2
SIM3
SIM4
1
21
22
SIM5
SIM1
SIM2
SIM3
SIM4
1
21
22
SIM5
SIM1
SIM2
SIM3
SIM4
1
21
22
SIM5
SIM1
SIM2
SIM3
SIM4
1
21
22
SIM5
SIM1
SIM2
SIM3
SIM4
1
21
22
SIM5
SIM1
SIM2
SIM3
SIM4
1
21
22
SIM5
SIM1
SIM2
SIM3
SIM4
1
21
22
SIM5
SIM1
SIM2
SIM3
SIM4
1
21
22
SIM5
SIM1
SIM2
SIM3
SIM4
1
21
22
SIM5
SIM1
SIM2
SIM3
SIM4
1
21
22
SIM5
SIM1
SIM2
SIM3
SIM4
1
21
22
SIM5
SIM1
SIM2
SIM3
SIM4
1
21
22
SIM5
SIM1
SIM2
SIM3
SIM4
1
21
22
SIM5
SIM1
SIM2
SIM3
SIM4
1
21
22
SIM5
SIM1
SIM2
SIM3
SIM4
1
21
22
SIM5
SIM1
SIM2
SIM3
SIM4
1
21
22
SIM5
SIM1
SIM2
SIM3
SIM4
1
21
22
SIM5
SIM1
SIM2
SIM3
SIM4
1
21
22
SIM5
SIM1
SIM2
SIM3
SIM4
1
21
22
SIM5
SIM1
SIM2
SIM3
SIM4
1
21
22
SIM5
SIM1
SIM2
SIM3
SIM4
1
21
22
SIM5
SIM1
SIM2
SIM3
SIM4
1
21
22
SIM5
SIM1
SIM2
DEBUG 1 373
SIM1
SIM2
SIM3
SIM4
1
21
22
SIM5
SIM1
SIM2
SIM3
SIM4
1
21
22
SIM5
SIM1
SIM2
SIM3
SIM4
1
21
22
SIM5
SIM1
SIM2
SIM3
SIM4
1
21
22
SIM5
SIM1
SIM2
SIM3
SIM4
1
21
22
SIM5
SIM1
SIM2
SIM3
SIM4
1
21
22
SIM5
SIM1
SIM2
SIM3
SIM4
1
21
22
SIM5
SIM1
SIM2
SIM3
SIM4
1
21
22
SIM5
SIM1
SIM2
SIM3
SIM4
1
21
22
SIM5
SIM1
SIM2
SIM3
SIM4
1
21
22
SIM5
SIM1
SIM2
SIM3
SIM4
1
21
22
SIM5
SIM1
SIM2
SIM3
SIM4
1
21
22
SIM5
SIM1
SIM2
SIM3
SIM4
1
21
22
SIM5
SIM1
SIM2
SIM3
SIM4
1
21
22
SIM5
SIM1
SIM2
SIM3
SIM4
1
21
22
SIM5
SIM1
SIM2
SIM3
SIM4
1
21
22
SIM5
SIM1
SIM2
SIM3
SIM4
1
21
22
SIM5
SIM1
SIM2
SIM3
SIM4
1
21
22
SIM5
SIM1
SIM2
SIM3
SIM4
1
21
22
SIM5
SIM1
SIM2
SIM3
SIM4
1
21
22
SIM5
SIM1
SIM2
SIM3
SIM4
1
21
22
SIM5
SIM1
SIM2
SIM3
SIM4
1
21
22
SIM5
SIM1
SIM2
SIM3
SIM4
1
21
22
SIM5
SIM1
SIM2
SIM3
SIM4
1
21
22
SIM5
SIM1
SIM2
SIM3
SIM4
1
21
22
SIM5
SIM1
SIM2
SIM3
SIM4
1
21
22
SIM5
SIM1
SIM2
SIM3
SIM4
1
21
22
SIM5
SIM1
SIM2
SIM3
SIM4
1
21
22
SIM5
SIM1
SIM2
SIM3
SIM4
1
21
22
SIM5
SIM1
SIM2
SIM3
SIM4
1
21
22
SIM5
SIM1
SIM2
SIM3
SIM4
1
21
22
SIM5
SIM1
SIM2
SIM3
SIM4
1
21
22
SIM5
SIM1
SIM2
SIM3
SIM4
1
21
22
SIM5
SIM1
SIM2
SIM3
SIM4
1
21
22
SIM5
SIM1
SIM2
SIM3
SIM4
1
21
22
SIM5
SIM1
SIM2
SIM3
SIM4
1
21
22
SIM5
SIM1
SIM2
SIM3
SIM4
1
21
22
SIM5
SIM1
SIM2
SIM3
SIM4
1
21
22
SIM5
SIM1
SIM2
SIM3
SIM4
1
21
22
SIM5
SIM1
SIM2
SIM3
SIM4
1
21
22
SIM5
SIM1
SIM2
SIM3
SIM4
1
21
22
SIM5
SIM1
SIM2
SIM3
SIM4
1
21
22
SIM5
SIM1
SIM2
SIM3
SIM4
1
21
22
SIM5
SIM1
SIM2
SIM3
SIM4
1
21
22
SIM5
SIM1
SIM2
SIM3
SIM4
1
21
22
SIM5
SIM1
SIM2
SIM3
SIM4
1
21
22
SIM5
SIM1
SIM2
SIM3
SIM4
1
21
22
SIM5
SIM1
SIM2
SIM3
SIM4
1
21
22
SIM5
SIM1
SIM2
SIM3
SIM4
1
21
22
SIM5
SIM1
SIM2
SIM3
SIM4
1
21
22
SIM5
SIM1
SIM2
SIM3
SIM4
1
21
22
SIM5
SIM1
SIM2
SIM3
SIM4
1
21
22
SIM5
SIM1
SIM2
SIM3
SIM4
1
21
22
SIM5
SIM1
SIM2
SIM3
SIM4
1
21
22
SIM5
SIM1
SIM2
SIM3
SIM4
1
21
22
SIM5
SIM1
SIM2
SIM3
SIM4
1
21
22
SIM5
SIM1
SIM2
SIM3
SIM4
1
21
22
SIM5
SIM1
SIM2
SIM3
SIM4
1
21
22
SIM5
SIM1
SIM2
SIM3
SIM4
1
21
22
SIM5
SIM1
SIM2
SIM3
SIM4
1
21
22
SIM5
SIM1
SIM2
SIM3
SIM4
1
21
22
SIM5
SIM1
SIM2
SIM3
SIM4
1
21
22
SIM5
SIM1
SIM2
SIM3
SIM4
1
21
22
SIM5
SIM1
SIM2
SIM3
SIM4
1
21
22
SIM5
SIM1
SIM2
SIM3
SIM4
1
21
22
SIM5
SIM1
SIM2
SIM3
SIM4
1
21
22
SIM5
SIM1
SIM2
SIM3
SIM4
1
21
22
SIM5
SIM1
SIM2
SIM3
SIM4
1
21
22
SIM5
SIM1
SIM2
SIM3
SIM4
1
21
22
SIM5
SIM1
SIM2
SIM3
SIM4
1
21
22
SIM5
SIM1
SIM2
SIM3
SIM4
1
21
22
SIM5
SIM1
SIM2
SIM3
SIM4
1
21
22
SIM5
SIM1
SIM2
SIM3
SIM4
1
21
22
SIM5
SIM1
SIM2
SIM3
SIM4
1
21
22
SIM5
SIM1
SIM2
SIM3
SIM4
1
21
22
SIM5
SIM1
SIM2
SIM3
SIM4
1
21
22
SIM5
SIM1
SIM2
SIM3
SIM4
1
21
22
SIM5
SIM1
SIM2
SIM3
SIM4
1
21
22
SIM5
SIM1
SIM2
SIM3
SIM4
1
21
22
SIM5
SIM1
SIM2
SIM3
SIM4
1
21
22
SIM5
SIM1
SIM2
SIM3
SIM4
1
21
22
SIM5
SIM1
SIM2
SIM3
SIM4
1
21
22
SIM5
SIM1
SIM2
SIM3
SIM4
1
21
22
SIM5
SIM1
SIM2
SIM3
SIM4
1
21
22
SIM5
SIM1
SIM2
SIM3
SIM4
1
21
22
SIM5
SIM1
SIM2
SIM3
SIM4
1
21
22
SIM5
SIM1
SIM2
SIM3
SIM4
1
21
22
SIM5
SIM1
SIM2
SIM3
SIM4
1
21
22
SIM5
SIM1
SIM2
SIM3
SIM4
1
21
22
SIM5
SIM1
SIM2
SIM3
SIM4
1
21
22
SIM5
SIM1
SIM2
SIM3
SIM4
1
21
22
SIM5
SIM1
SIM2
SIM3
SIM4
1
21
22
SIM5
SIM1
SIM2
SIM3
SIM4
1
21
22
SIM5
SIM1
SIM2
SIM3
SIM4
1
21
22
SIM5
SIM1
SIM2
SIM3
SIM4
1
21
22
SIM5
SIM1
SIM2
SIM3
SIM4
1
21
22
SIM5
SIM1
SIM2
SIM3
SIM4
1
21
22
SIM5
SIM1
SIM2
SIM3
SIM4
1
21
22
SIM5
SIM1
SIM2
SIM3
SIM4
1
21
22
SIM5
SIM1
SIM2
SIM3
SIM4
1
21
22
SIM5
SIM1
SIM2
SIM3
SIM4
1
21
22
SIM5
SIM1
SIM2
SIM3
SIM4
1
21
22
SIM5
SIM1
SIM2
SIM3
SIM4
1
21
22
SIM5
SIM1
SIM2
SIM3
SIM4
1
21
22
SIM5
SIM1
SIM2
SIM3
SIM4
1
21
22
SIM5
SIM1
SIM2
SIM3
SIM4
1
21
22
SIM5
SIM1
SIM2
SIM3
SIM4
1
21
22
SIM5
SIM1
SIM2
SIM3
SIM4
1
21
22
SIM5
SIM1
SIM2
SIM3
SIM4
1
21
22
SIM5
SIM1
SIM2
SIM3
SIM4
1
21
22
SIM5
SIM1
SIM2
SIM3
SIM4
1
21
22
SIM5
SIM1
SIM2
SIM3
SIM4
1
21
22
SIM5
SIM1
SIM2
SIM3
SIM4
1
21
22
SIM5
SIM1
SIM2
SIM3
SIM4
1
21
22
SIM5
SIM1
SIM2
SIM3
SIM4
1
21
22
SIM5
SIM1
SIM2
SIM3
SIM4
1
21
22
SIM5
SIM1
SIM2
SIM3
SIM4
1
21
22
SIM5
SIM1
SIM2
SIM3
SIM4
1
21
22
SIM5
SIM1
SIM2
SIM3
SIM4
1
21
22
SIM5
SIM1
SIM2
SIM3
SIM4
1
21
22
SIM5
SIM1
SIM2
SIM3
SIM4
1
21
22
SIM5
SIM1
SIM2
SIM3
SIM4
1
21
22
SIM5
SIM1
SIM2
SIM3
SIM4
1
21
22
SIM5
SIM1
SIM2
SIM3
SIM4
1
21
22
SIM5
SIM1
SIM2
SIM3
SIM4
1
21
22
SIM5
SIM1
SIM2
SIM3
SIM4
1
21
22
SIM5
SIM1
SIM2
SIM3
SIM4
1
21
22
SIM5
SIM1
SIM2
SIM3
SIM4
1
21
22
SIM5
SIM1
SIM2
SIM3
SIM4
1
21
22
SIM5
SIM1
SIM2
SIM3
SIM4
1
21
22
SIM5
SIM1
SIM2
SIM3
SIM4
1
21
22
SIM5
SIM1
SIM2
SIM3
SIM4
1
21
22
SIM5
SIM1
SIM2
SIM3
SIM4
1
21
22
SIM5
SIM1
SIM2
SIM3
SIM4
1
21
22
SIM5
SIM1
SIM2
SIM3
SIM4
1
21
22
SIM5
SIM1
SIM2
SIM3
SIM4
1
21
22
SIM5
SIM1
SIM2
SIM3
SIM4
1
21
22
SIM5
SIM1
SIM2
SIM3
SIM4
1
21
22
SIM5
SIM1
SIM2
SIM3
SIM4
1
21
22
SIM5
SIM1
SIM2
SIM3
SIM4
1
21
22
SIM5
SIM1
SIM2
SIM3
SIM4
1
21
22
SIM5
SIM1
SIM2
SIM3
SIM4
1
21
22
SIM5
SIM1
SIM2
SIM3
SIM4
1
21
22
SIM5
SIM1
SIM2
SIM3
SIM4
1
21
22
SIM5
SIM1
SIM2
SIM3
SIM4
1
21
22
SIM5
SIM1
SIM2
SIM3
SIM4
1
21
22
SIM5
SIM1
SIM2
SIM3
SIM4
1
21
22
SIM5
SIM1
SIM2
SIM3
SIM4
1
21
22
SIM5
SIM1
SIM2
SIM3
SIM4
1
21
22
SIM5
SIM1
SIM2
SIM3
SIM4
1
21
22
SIM5
SIM1
SIM2
SIM3
SIM4
1
21
22
SIM5
SIM1
SIM2
SIM3
SIM4
1
21
22
SIM5
SIM1
SIM2
SIM3
SIM4
1
21
22
SIM5
SIM1
SIM2
SIM3
SIM4
1
21
22
SIM5
SIM1
SIM2
SIM3
SIM4
1
21
22
SIM5
SIM1
SIM2
SIM3
SIM4
1
21
22
SIM5
SIM1
SIM2
SIM3
SIM4
1
21
22
SIM5
SIM1
SIM2
SIM3
SIM4
1
21
22
SIM5
SIM1
SIM2
SIM3
SIM4
1
21
22
SIM5
SIM1
SIM2
SIM3
SIM4
1
21
22
SIM5
SIM1
SIM2
SIM3
SIM4
1
21
22
SIM5
SIM1
SIM2
SIM3
SIM4
1
21
22
SIM5
SIM1
SIM2
SIM3
SIM4
1
21
22
SIM5
SIM1
SIM2
SIM3
SIM4
1
21
22
SIM5
SIM1
SIM2
SIM3
SIM4
1
21
22
SIM5
SIM1
SIM2
SIM3
SIM4
1
21
22
SIM5
SIM1
SIM2
SIM3
SIM4
1
21
22
SIM5
SIM1
SIM2
SIM3
SIM4
1
21
22
SIM5
SIM1
SIM2
SIM3
SIM4
1
21
22
SIM5
SIM1
SIM2
SIM3
SIM4
1
21
22
SIM5
SIM1
SIM2
SIM3
SIM4
1
21
22
SIM5
SIM1
SIM2
SIM3
SIM4
1
21
22
SIM5
SIM1
SIM2
SIM3
SIM4
1
21
22
SIM5
SIM1
SIM2
SIM3
SIM4
1
21
22
SIM5
SIM1
SIM2
SIM3
SIM4
1
21
22
SIM5
SIM1
SIM2
SIM3
SIM4
1
21
22
SIM5
SIM1
SIM2
SIM3
SIM4
1
21
22
SIM5
SIM1
SIM2
SIM3
SIM4
1
21
22
SIM5
SIM1
SIM2
SIM3
SIM4
1
21
22
SIM5
SIM1
SIM2
SIM3
SIM4
1
21
22
SIM5
SIM1
SIM2
SIM3
SIM4
1
21
22
SIM5
SIM1
SIM2
SIM3
SIM4
1
21
22
SIM5
SIM1
SIM2
SIM3
SIM4
1
21
22
SIM5
SIM1
SIM2
SIM3
SIM4
1
21
22
SIM5
SIM1
SIM2
SIM3
SIM4
1
21
22
SIM5
SIM1
SIM2
SIM3
SIM4
1
21
22
SIM5
SIM1
SIM2
DEBUG 1 374
SIM1
SIM2
SIM3
SIM4
1
21
22
SIM5
SIM1
SIM2
SIM3
SIM4
1
21
22
SIM5
SIM1
SIM2
SIM3
SIM4
1
21
22
SIM5
SIM1
SIM2
SIM3
SIM4
1
21
22
SIM5
SIM1
SIM2
SIM3
SIM4
1
21
22
SIM5
SIM1
SIM2
SIM3
SIM4
1
21
22
SIM5
SIM1
SIM2
SIM3
SIM4
1
21
22
SIM5
SIM1
SIM2
SIM3
SIM4
1
21
22
SIM5
SIM1
SIM2
SIM3
SIM4
1
21
22
SIM5
SIM1
SIM2
SIM3
SIM4
1
21
22
SIM5
SIM1
SIM2
SIM3
SIM4
1
21
22
SIM5
SIM1
SIM2
SIM3
SIM4
1
21
22
SIM5
SIM1
SIM2
SIM3
SIM4
1
21
22
SIM5
SIM1
SIM2
SIM3
SIM4
1
21
22
SIM5
SIM1
SIM2
SIM3
SIM4
1
21
22
SIM5
SIM1
SIM2
SIM3
SIM4
1
21
22
SIM5
SIM1
SIM2
SIM3
SIM4
1
21
22
SIM5
SIM1
SIM2
SIM3
SIM4
1
21
22
SIM5
SIM1
SIM2
SIM3
SIM4
1
21
22
SIM5
SIM1
SIM2
SIM3
SIM4
1
21
22
SIM5
SIM1
SIM2
SIM3
SIM4
1
21
22
SIM5
SIM1
SIM2
SIM3
SIM4
1
21
22
SIM5
SIM1
SIM2
SIM3
SIM4
1
21
22
SIM5
SIM1
SIM2
SIM3
SIM4
1
21
22
SIM5
SIM1
SIM2
SIM3
SIM4
1
21
22
SIM5
SIM1
SIM2
SIM3
SIM4
1
21
22
SIM5
SIM1
SIM2
SIM3
SIM4
1
21
22
SIM5
SIM1
SIM2
SIM3
SIM4
1
21
22
SIM5
SIM1
SIM2
SIM3
SIM4
1
21
22
SIM5
SIM1
SIM2
SIM3
SIM4
1
21
22
SIM5
SIM1
SIM2
SIM3
SIM4
1
21
22
SIM5
SIM1
SIM2
SIM3
SIM4
1
21
22
SIM5
SIM1
SIM2
SIM3
SIM4
1
21
22
SIM5
SIM1
SIM2
SIM3
SIM4
1
21
22
SIM5
SIM1
SIM2
SIM3
SIM4
1
21
22
SIM5
SIM1
SIM2
SIM3
SIM4
1
21
22
SIM5
SIM1
SIM2
SIM3
SIM4
1
21
22
SIM5
SIM1
SIM2
SIM3
SIM4
1
21
22
SIM5
SIM1
SIM2
SIM3
SIM4
1
21
22
SIM5
SIM1
SIM2
SIM3
SIM4
1
21
22
SIM5
SIM1
SIM2
SIM3
SIM4
1
21
22
SIM5
SIM1
SIM2
SIM3
SIM4
1
21
22
SIM5
SIM1
SIM2
SIM3
SIM4
1
21
22
SIM5
SIM1
SIM2
SIM3
SIM4
1
21
22
SIM5
SIM1
SIM2
SIM3
SIM4
1
21
22
SIM5
SIM1
SIM2
SIM3
SIM4
1
21
22
SIM5
SIM1
SIM2
SIM3
SIM4
1
21
22
SIM5
SIM1
SIM2
SIM3
SIM4
1
21
22
SIM5
SIM1
SIM2
SIM3
SIM4
1
21
22
SIM5
SIM1
SIM2
SIM3
SIM4
1
21
22
SIM5
SIM1
SIM2
SIM3
SIM4
1
21
22
SIM5
SIM1
SIM2
SIM3
SIM4
1
21
22
SIM5
SIM1
SIM2
SIM3
SIM4
1
21
22
SIM5
SIM1
SIM2
SIM3
SIM4
1
21
22
SIM5
SIM1
SIM2
SIM3
SIM4
1
21
22
SIM5
SIM1
SIM2
SIM3
SIM4
1
21
22
SIM5
SIM1
SIM2
SIM3
SIM4
1
21
22
SIM5
SIM1
SIM2
SIM3
SIM4
1
21
22
SIM5
SIM1
SIM2
SIM3
SIM4
1
21
22
SIM5
SIM1
SIM2
SIM3
SIM4
1
21
22
SIM5
SIM1
SIM2
SIM3
SIM4
1
21
22
SIM5
SIM1
SIM2
SIM3
SIM4
1
21
22
SIM5
SIM1
SIM2
SIM3
SIM4
1
21
22
SIM5
SIM1
SIM2
SIM3
SIM4
1
21
22
SIM5
SIM1
SIM2
SIM3
SIM4
1
21
22
SIM5
SIM1
SIM2
SIM3
SIM4
1
21
22
SIM5
SIM1
SIM2
SIM3
SIM4
1
21
22
SIM5
SIM1
SIM2
SIM3
SIM4
1
21
22
SIM5
SIM1
SIM2
SIM3
SIM4
1
21
22
SIM5
SIM1
SIM2
SIM3
SIM4
1
21
22
SIM5
SIM1
SIM2
SIM3
SIM4
1
21
22
SIM5
SIM1
SIM2
SIM3
SIM4
1
21
22
SIM5
SIM1
SIM2
SIM3
SIM4
1
21
22
SIM5
SIM1
SIM2
SIM3
SIM4
1
21
22
SIM5
SIM1
SIM2
SIM3
SIM4
1
21
22
SIM5
SIM1
SIM2
SIM3
SIM4
1
21
22
SIM5
SIM1
SIM2
SIM3
SIM4
1
21
22
SIM5
SIM1
SIM2
SIM3
SIM4
1
21
22
SIM5
SIM1
SIM2
SIM3
SIM4
1
21
22
SIM5
SIM1
SIM2
SIM3
SIM4
1
21
22
SIM5
SIM1
SIM2
SIM3
SIM4
1
21
22
SIM5
SIM1
SIM2
SIM3
SIM4
1
21
22
SIM5
SIM1
SIM2
SIM3
SIM4
1
21
22
SIM5
SIM1
SIM2
SIM3
SIM4
1
21
22
SIM5
SIM1
SIM2
SIM3
SIM4
1
21
22
SIM5
SIM1
SIM2
SIM3
SIM4
1
21
22
SIM5
SIM1
SIM2
SIM3
SIM4
1
21
22
SIM5
SIM1
SIM2
SIM3
SIM4
1
21
22
SIM5
SIM1
SIM2
SIM3
SIM4
1
21
22
SIM5
SIM1
SIM2
SIM3
SIM4
1
21
22
SIM5
SIM1
SIM2
SIM3
SIM4
1
21
22
SIM5
SIM1
SIM2
SIM3
SIM4
1
21
22
SIM5
SIM1
SIM2
SIM3
SIM4
1
21
22
SIM5
SIM1
SIM2
SIM3
SIM4
1
21
22
SIM5
SIM1
SIM2
SIM3
SIM4
1
21
22
SIM5
SIM1
SIM2
SIM3
SIM4
1
21
22
SIM5
SIM1
SIM2
SIM3
SIM4
1
21
22
SIM5
SIM1
SIM2
SIM3
SIM4
1
21
22
SIM5
SIM1
SIM2
SIM3
SIM4
1
21
22
SIM5
SIM1
SIM2
SIM3
SIM4
1
21
22
SIM5
SIM1
SIM2
SIM3
SIM4
1
21
22
SIM5
SIM1
SIM2
SIM3
SIM4
1
21
22
SIM5
SIM1
SIM2
SIM3
SIM4
1
21
22
SIM5
SIM1
SIM2
SIM3
SIM4
1
21
22
SIM5
SIM1
SIM2
SIM3
SIM4
1
21
22
SIM5
SIM1
SIM2
SIM3
SIM4
1
21
22
SIM5
SIM1
SIM2
SIM3
SIM4
1
21
22
SIM5
SIM1
SIM2
SIM3
SIM4
1
21
22
SIM5
SIM1
SIM2
SIM3
SIM4
1
21
22
SIM5
SIM1
SIM2
SIM3
SIM4
1
21
22
SIM5
SIM1
SIM2
SIM3
SIM4
1
21
22
SIM5
SIM1
SIM2
SIM3
SIM4
1
21
22
SIM5
SIM1
SIM2
SIM3
SIM4
1
21
22
SIM5
SIM1
SIM2
SIM3
SIM4
1
21
22
SIM5
SIM1
SIM2
SIM3
SIM4
1
21
22
SIM5
SIM1
SIM2
SIM3
SIM4
1
21
22
SIM5
SIM1
SIM2
DEBUG 1 375
SIM1
SIM2
SIM3
SIM4
1
21
22
SIM5
SIM1
SIM2
SIM3
SIM4
1
21
22
SIM5
SIM1
SIM2
SIM3
SIM4
1
21
22
SIM5
SIM1
SIM2
SIM3
SIM4
1
21
22
SIM5
SIM1
SIM2
SIM3
SIM4
1
21
22
SIM5
SIM1
SIM2
SIM3
SIM4
1
21
22
SIM5
SIM1
SIM2
SIM3
SIM4
1
21
22
SIM5
SIM1
SIM2
SIM3
SIM4
1
21
22
SIM5
SIM1
SIM2
SIM3
SIM4
1
21
22
SIM5
SIM1
SIM2
SIM3
SIM4
1
21
22
SIM5
SIM1
SIM2
SIM3
SIM4
1
21
22
SIM5
SIM1
SIM2
SIM3
SIM4
1
21
22
SIM5
SIM1
SIM2
SIM3
SIM4
1
21
22
SIM5
SIM1
SIM2
SIM3
SIM4
1
21
22
SIM5
SIM1
SIM2
SIM3
SIM4
1
21
22
SIM5
SIM1
SIM2
SIM3
SIM4
1
21
22
SIM5
SIM1
SIM2
SIM3
SIM4
1
21
22
SIM5
SIM1
SIM2
SIM3
SIM4
1
21
22
SIM5
SIM1
SIM2
SIM3
SIM4
1
21
22
SIM5
SIM1
SIM2
SIM3
SIM4
1
21
22
SIM5
SIM1
SIM2
SIM3
SIM4
1
21
22
SIM5
SIM1
SIM2
SIM3
SIM4
1
21
22
SIM5
SIM1
SIM2
SIM3
SIM4
1
21
22
SIM5
SIM1
SIM2
SIM3
SIM4
1
21
22
SIM5
SIM1
SIM2
SIM3
SIM4
1
21
22
SIM5
SIM1
SIM2
SIM3
SIM4
1
21
22
SIM5
SIM1
SIM2
SIM3
SIM4
1
21
22
SIM5
SIM1
SIM2
SIM3
SIM4
1
21
22
SIM5
SIM1
SIM2
SIM3
SIM4
1
21
22
SIM5
SIM1
SIM2
SIM3
SIM4
1
21
22
SIM5
SIM1
SIM2
SIM3
SIM4
1
21
22
SIM5
SIM1
SIM2
SIM3
SIM4
1
21
22
SIM5
SIM1
SIM2
SIM3
SIM4
1
21
22
SIM5
SIM1
SIM2
SIM3
SIM4
1
21
22
SIM5
SIM1
SIM2
SIM3
SIM4
1
21
22
SIM5
SIM1
SIM2
SIM3
SIM4
1
21
22
SIM5
SIM1
SIM2
SIM3
SIM4
1
21
22
SIM5
SIM1
SIM2
SIM3
SIM4
1
21
22
SIM5
SIM1
SIM2
SIM3
SIM4
1
21
22
SIM5
SIM1
SIM2
SIM3
SIM4
1
21
22
SIM5
SIM1
SIM2
SIM3
SIM4
1
21
22
SIM5
SIM1
SIM2
SIM3
SIM4
1
21
22
SIM5
SIM1
SIM2
SIM3
SIM4
1
21
22
SIM5
SIM1
SIM2
SIM3
SIM4
1
21
22
SIM5
SIM1
SIM2
SIM3
SIM4
1
21
22
SIM5
SIM1
SIM2
SIM3
SIM4
1
21
22
SIM5
SIM1
SIM2
SIM3
SIM4
1
21
22
SIM5
SIM1
SIM2
SIM3
SIM4
1
21
22
SIM5
SIM1
SIM2
SIM3
SIM4
1
21
22
SIM5
SIM1
SIM2
SIM3
SIM4
1
21
22
SIM5
SIM1
SIM2
SIM3
SIM4
1
21
22
SIM5
SIM1
SIM2
SIM3
SIM4
1
21
22
SIM5
SIM1
SIM2
SIM3
SIM4
1
21
22
SIM5
SIM1
SIM2
SIM3
SIM4
1
21
22
SIM5
SIM1
SIM2
SIM3
SIM4
1
21
22
SIM5
SIM1
SIM2
SIM3
SIM4
1
21
22
SIM5
SIM1
SIM2
SIM3
SIM4
1
21
22
SIM5
SIM1
SIM2
SIM3
SIM4
1
21
22
SIM5
SIM1
SIM2
SIM3
SIM4
1
21
22
SIM5
SIM1
SIM2
SIM3
SIM4
1
21
22
SIM5
SIM1
SIM2
SIM3
SIM4
1
21
22
SIM5
SIM1
SIM2
SIM3
SIM4
1
21
22
SIM5
SIM1
SIM2
SIM3
SIM4
1
21
22
SIM5
SIM1
SIM2
SIM3
SIM4
1
21
22
SIM5
SIM1
SIM2
SIM3
SIM4
1
21
22
SIM5
SIM1
SIM2
SIM3
SIM4
1
21
22
SIM5
SIM1
SIM2
SIM3
SIM4
1
21
22
SIM5
SIM1
SIM2
SIM3
SIM4
1
21
22
SIM5
SIM1
SIM2
SIM3
SIM4
1
21
22
SIM5
SIM1
SIM2
SIM3
SIM4
1
21
22
SIM5
SIM1
SIM2
SIM3
SIM4
1
21
22
SIM5
SIM1
SIM2
SIM3
SIM4
1
21
22
SIM5
SIM1
SIM2
SIM3
SIM4
1
21
22
SIM5
SIM1
SIM2
SIM3
SIM4
1
21
22
SIM5
SIM1
SIM2
SIM3
SIM4
1
21
22
SIM5
SIM1
SIM2
SIM3
SIM4
1
21
22
SIM5
SIM1
SIM2
SIM3
SIM4
1
21
22
SIM5
SIM1
SIM2
SIM3
SIM4
1
21
22
SIM5
SIM1
SIM2
SIM3
SIM4
1
21
22
SIM5
SIM1
SIM2
SIM3
SIM4
1
21
22
SIM5
SIM1
SIM2
SIM3
SIM4
1
21
22
SIM5
SIM1
SIM2
SIM3
SIM4
1
21
22
SIM5
SIM1
SIM2
SIM3
SIM4
1
21
22
SIM5
SIM1
SIM2
SIM3
SIM4
1
21
22
SIM5
SIM1
SIM2
SIM3
SIM4
1
21
22
SIM5
SIM1
SIM2
SIM3
SIM4
1
21
22
SIM5
SIM1
SIM2
SIM3
SIM4
1
21
22
SIM5
SIM1
SIM2
SIM3
SIM4
1
21
22
SIM5
SIM1
SIM2
SIM3
SIM4
1
21
22
SIM5
SIM1
SIM2
SIM3
SIM4
1
21
22
SIM5
SIM1
SIM2
SIM3
SIM4
1
21
22
SIM5
SIM1
SIM2
SIM3
SIM4
1
21
22
SIM5
SIM1
SIM2
SIM3
SIM4
1
21
22
SIM5
SIM1
SIM2
SIM3
SIM4
1
21
22
SIM5
SIM1
SIM2
SIM3
SIM4
1
21
22
SIM5
SIM1
SIM2
SIM3
SIM4
1
21
22
SIM5
SIM1
SIM2
SIM3
SIM4
1
21
22
SIM5
SIM1
SIM2
SIM3
SIM4
1
21
22
SIM5
SIM1
SIM2
SIM3
SIM4
1
21
22
SIM5
SIM1
SIM2
SIM3
SIM4
1
21
22
SIM5
SIM1
SIM2
SIM3
SIM4
1
21
22
SIM5
SIM1
SIM2
SIM3
SIM4
1
21
22
SIM5
SIM1
SIM2
SIM3
SIM4
1
21
22
SIM5
SIM1
SIM2
SIM3
SIM4
1
21
22
SIM5
SIM1
SIM2
SIM3
SIM4
1
21
22
SIM5
SIM1
SIM2
SIM3
SIM4
1
21
22
SIM5
SIM1
SIM2
SIM3
SIM4
1
21
22
SIM5
SIM1
SIM2
SIM3
SIM4
1
21
22
SIM5
SIM1
SIM2
SIM3
SIM4
1
21
22
SIM5
SIM1
SIM2
SIM3
SIM4
1
21
22
SIM5
SIM1
SIM2
SIM3
SIM4
1
21
22
SIM5
SIM1
SIM2
SIM3
SIM4
1
21
22
SIM5
SIM1
SIM2
SIM3
SIM4
1
21
22
SIM5
SIM1
SIM2
SIM3
SIM4
1
21
22
SIM5
SIM1
SIM2
SIM3
SIM4
1
21
22
SIM5
SIM1
SIM2
SIM3
SIM4
1
21
22
SIM5
SIM1
SIM2
SIM3
SIM4
1
21
22
SIM5
SIM1
SIM2
SIM3
SIM4
1
21
22
SIM5
SIM1
SIM2
SIM3
SIM4
1
21
22
SIM5
SIM1
SIM2
SIM3
SIM4
1
21
22
SIM5
SIM1
SIM2
SIM3
SIM4
1
21
22
SIM5
SIM1
SIM2
SIM3
SIM4
1
21
22
SIM5
SIM1
SIM2
SIM3
SIM4
1
21
22
SIM5
SIM1
SIM2
SIM3
SIM4
1
21
22
SIM5
SIM1
SIM2
SIM3
SIM4
1
21
22
SIM5
SIM1
SIM2
SIM3
SIM4
1
21
22
SIM5
SIM1
SIM2
SIM3
SIM4
1
21
22
SIM5
SIM1
SIM2
SIM3
SIM4
1
21
22
SIM5
SIM1
SIM2
SIM3
SIM4
1
21
22
SIM5
SIM1
SIM2
SIM3
SIM4
1
21
22
SIM5
SIM1
SIM2
SIM3
SIM4
1
21
22
SIM5
SIM1
SIM2
SIM3
SIM4
1
21
22
SIM5
SIM1
SIM2
SIM3
SIM4
1
21
22
SIM5
SIM1
SIM2
SIM3
SIM4
1
21
22
SIM5
SIM1
SIM2
SIM3
SIM4
1
21
22
SIM5
SIM1
SIM2
SIM3
SIM4
1
21
22
SIM5
SIM1
SIM2
SIM3
SIM4
1
21
22
SIM5
SIM1
SIM2
SIM3
SIM4
1
21
22
SIM5
SIM1
SIM2
SIM3
SIM4
1
21
22
SIM5
SIM1
SIM2
SIM3
SIM4
1
21
22
SIM5
SIM1
SIM2
SIM3
SIM4
1
21
22
SIM5
SIM1
SIM2
SIM3
SIM4
1
21
22
SIM5
SIM1
SIM2
SIM3
SIM4
1
21
22
SIM5
SIM1
SIM2
SIM3
SIM4
1
21
22
SIM5
SIM1
SIM2
SIM3
SIM4
1
21
22
SIM5
SIM1
SIM2
SIM3
SIM4
1
21
22
SIM5
SIM1
SIM2
SIM3
SIM4
1
21
22
SIM5
SIM1
SIM2
SIM3
SIM4
1
21
22
SIM5
SIM1
SIM2
SIM3
SIM4
1
21
22
SIM5
SIM1
SIM2
SIM3
SIM4
1
21
22
SIM5
SIM1
SIM2
SIM3
SIM4
1
21
22
SIM5
SIM1
SIM2
SIM3
SIM4
1
21
22
SIM5
SIM1
SIM2
SIM3
SIM4
1
21
22
SIM5
SIM1
SIM2
SIM3
SIM4
1
21
22
SIM5
SIM1
SIM2
SIM3
SIM4
1
21
22
SIM5
SIM1
SIM2
SIM3
SIM4
1
21
22
SIM5
SIM1
SIM2
SIM3
SIM4
1
21
22
SIM5
SIM1
SIM2
SIM3
SIM4
1
21
22
SIM5
SIM1
SIM2
SIM3
SIM4
1
21
22
SIM5
SIM1
SIM2
SIM3
SIM4
1
21
22
SIM5
SIM1
SIM2
SIM3
SIM4
1
21
22
SIM5
SIM1
SIM2
SIM3
SIM4
1
21
22
SIM5
SIM1
SIM2
SIM3
SIM4
1
21
22
SIM5
SIM1
SIM2
SIM3
SIM4
1
21
22
SIM5
SIM1
SIM2
SIM3
SIM4
1
21
22
SIM5
SIM1
SIM2
SIM3
SIM4
1
21
22
SIM5
SIM1
SIM2
SIM3
SIM4
1
21
22
SIM5
SIM1
SIM2
SIM3
SIM4
1
21
22
SIM5
SIM1
SIM2
SIM3
SIM4
1
21
22
SIM5
SIM1
SIM2
SIM3
SIM4
1
21
22
SIM5
SIM1
SIM2
SIM3
SIM4
1
21
22
SIM5
SIM1
SIM2
SIM3
SIM4
1
21
22
SIM5
SIM1
SIM2
SIM3
SIM4
1
21
22
SIM5
SIM1
SIM2
SIM3
SIM4
1
21
22
SIM5
SIM1
SIM2
SIM3
SIM4
1
21
22
SIM5
SIM1
SIM2
SIM3
SIM4
1
21
22
SIM5
SIM1
SIM2
SIM3
SIM4
1
21
22
SIM5
SIM1
SIM2
SIM3
SIM4
1
21
22
SIM5
SIM1
SIM2
SIM3
SIM4
1
21
22
SIM5
SIM1
SIM2
SIM3
SIM4
1
21
22
SIM5
SIM1
SIM2
SIM3
SIM4
1
21
22
SIM5
SIM1
SIM2
SIM3
SIM4
1
21
22
SIM5
SIM1
SIM2
SIM3
SIM4
1
21
22
SIM5
SIM1
SIM2
SIM3
SIM4
1
21
22
SIM5
SIM1
SIM2
SIM3
SIM4
1
21
22
SIM5
SIM1
SIM2
SIM3
SIM4
1
21
22
SIM5
SIM1
SIM2
SIM3
SIM4
1
21
22
SIM5
SIM1
SIM2
SIM3
SIM4
1
21
22
SIM5
SIM1
SIM2
SIM3
SIM4
1
21
22
SIM5
SIM1
SIM2
SIM3
SIM4
1
21
22
SIM5
SIM1
SIM2
SIM3
SIM4
1
21
22
SIM5
SIM1
SIM2
SIM3
SIM4
1
21
22
SIM5
SIM1
SIM2
SIM3
SIM4
1
21
22
SIM5
SIM1
SIM2
SIM3
SIM4
1
21
22
SIM5
SIM1
SIM2
SIM3
SIM4
1
21
22
SIM5
SIM1
SIM2
SIM3
SIM4
1
21
22
SIM5
SIM1
SIM2
SIM3
SIM4
1
21
22
SIM5
SIM1
SIM2
SIM3
SIM4
1
21
22
SIM5
SIM1
SIM2
SIM3
SIM4
1
21
22
SIM5
SIM1
SIM2
SIM3
SIM4
1
21
22
SIM5
SIM1
SIM2
SIM3
SIM4
1
21
22
SIM5
SIM1
SIM2
SIM3
SIM4
1
21
22
SIM5
SIM1
SIM2
SIM3
SIM4
1
21
22
SIM5
SIM1
SIM2
SIM3
SIM4
1
21
22
SIM5
SIM1
SIM2
SIM3
SIM4
1
21
22
SIM5
SIM1
SIM2
SIM3
SIM4
1
21
22
SIM5
SIM1
SIM2
SIM3
SIM4
1
21
22
SIM5
SIM1
SIM2
SIM3
SIM4
1
21
22
SIM5
SIM1
SIM2
SIM3
SIM4
1
21
22
SIM5
SIM1
SIM2
SIM3
SIM4
1
21
22
SIM5
SIM1
SIM2
SIM3
SIM4
1
21
22
SIM5
SIM1
SIM2
SIM3
SIM4
1
21
22
SIM5
SIM1
SIM2
SIM3
SIM4
1
21
22
SIM5
SIM1
SIM2
SIM3
SIM4
1
21
22
SIM5
SIM1
SIM2
SIM3
SIM4
1
21
22
SIM5
SIM1
SIM2
SIM3
SIM4
1
21
22
SIM5
SIM1
SIM2
SIM3
SIM4
1
21
22
SIM5
SIM1
SIM2
SIM3
SIM4
1
21
22
SIM5
SIM1
SIM2
SIM3
SIM4
1
21
22
SIM5
SIM1
SIM2
SIM3
SIM4
1
21
22
SIM5
SIM1
SIM2
DEBUG 1 376
SIM1
SIM2
SIM3
SIM4
1
21
22
SIM5
SIM1
SIM2
SIM3
SIM4
1
21
22
SIM5
SIM1
SIM2
SIM3
SIM4
1
21
22
SIM5
SIM1
SIM2
SIM3
SIM4
1
21
22
SIM5
SIM1
SIM2
SIM3
SIM4
1
21
22
SIM5
SIM1
SIM2
SIM3
SIM4
1
21
22
SIM5
SIM1
SIM2
SIM3
SIM4
1
21
22
SIM5
SIM1
SIM2
SIM3
SIM4
1
21
22
SIM5
SIM1
SIM2
SIM3
SIM4
1
21
22
SIM5
SIM1
SIM2
SIM3
SIM4
1
21
22
SIM5
SIM1
SIM2
SIM3
SIM4
1
21
22
SIM5
SIM1
SIM2
SIM3
SIM4
1
21
22
SIM5
SIM1
SIM2
SIM3
SIM4
1
21
22
SIM5
SIM1
SIM2
SIM3
SIM4
1
21
22
SIM5
SIM1
SIM2
SIM3
SIM4
1
21
22
SIM5
SIM1
SIM2
SIM3
SIM4
1
21
22
SIM5
SIM1
SIM2
SIM3
SIM4
1
21
22
SIM5
SIM1
SIM2
SIM3
SIM4
1
21
22
SIM5
SIM1
SIM2
SIM3
SIM4
1
21
22
SIM5
SIM1
SIM2
SIM3
SIM4
1
21
22
SIM5
SIM1
SIM2
SIM3
SIM4
1
21
22
SIM5
SIM1
SIM2
SIM3
SIM4
1
21
22
SIM5
SIM1
SIM2
SIM3
SIM4
1
21
22
SIM5
SIM1
SIM2
SIM3
SIM4
1
21
22
SIM5
SIM1
SIM2
SIM3
SIM4
1
21
22
SIM5
SIM1
SIM2
SIM3
SIM4
1
21
22
SIM5
SIM1
SIM2
SIM3
SIM4
1
21
22
SIM5
SIM1
SIM2
SIM3
SIM4
1
21
22
SIM5
SIM1
SIM2
SIM3
SIM4
1
21
22
SIM5
SIM1
SIM2
SIM3
SIM4
1
21
22
SIM5
SIM1
SIM2
SIM3
SIM4
1
21
22
SIM5
SIM1
SIM2
SIM3
SIM4
1
21
22
SIM5
SIM1
SIM2
SIM3
SIM4
1
21
22
SIM5
SIM1
SIM2
SIM3
SIM4
1
21
22
SIM5
SIM1
SIM2
SIM3
SIM4
1
21
22
SIM5
SIM1
SIM2
SIM3
SIM4
1
21
22
SIM5
SIM1
SIM2
SIM3
SIM4
1
21
22
SIM5
SIM1
SIM2
SIM3
SIM4
1
21
22
SIM5
SIM1
SIM2
SIM3
SIM4
1
21
22
SIM5
SIM1
SIM2
SIM3
SIM4
1
21
22
SIM5
SIM1
SIM2
SIM3
SIM4
1
21
22
SIM5
SIM1
SIM2
SIM3
SIM4
1
21
22
SIM5
SIM1
SIM2
SIM3
SIM4
1
21
22
SIM5
SIM1
SIM2
SIM3
SIM4
1
21
22
SIM5
SIM1
SIM2
SIM3
SIM4
1
21
22
SIM5
SIM1
SIM2
SIM3
SIM4
1
21
22
SIM5
SIM1
SIM2
SIM3
SIM4
1
21
22
SIM5
SIM1
SIM2
SIM3
SIM4
1
21
22
SIM5
SIM1
SIM2
SIM3
SIM4
1
21
22
SIM5
SIM1
SIM2
SIM3
SIM4
1
21
22
SIM5
SIM1
SIM2
SIM3
SIM4
1
21
22
SIM5
SIM1
SIM2
SIM3
SIM4
1
21
22
SIM5
SIM1
SIM2
SIM3
SIM4
1
21
22
SIM5
SIM1
SIM2
SIM3
SIM4
1
21
22
SIM5
SIM1
SIM2
SIM3
SIM4
1
21
22
SIM5
SIM1
SIM2
SIM3
SIM4
1
21
22
SIM5
SIM1
SIM2
SIM3
SIM4
1
21
22
SIM5
SIM1
SIM2
SIM3
SIM4
1
21
22
SIM5
SIM1
SIM2
SIM3
SIM4
1
21
22
SIM5
SIM1
SIM2
SIM3
SIM4
1
21
22
SIM5
SIM1
SIM2
SIM3
SIM4
1
21
22
SIM5
SIM1
SIM2
SIM3
SIM4
1
21
22
SIM5
SIM1
SIM2
SIM3
SIM4
1
21
22
SIM5
SIM1
SIM2
SIM3
SIM4
1
21
22
SIM5
SIM1
SIM2
SIM3
SIM4
1
21
22
SIM5
SIM1
SIM2
SIM3
SIM4
1
21
22
SIM5
SIM1
SIM2
SIM3
SIM4
1
21
22
SIM5
SIM1
SIM2
SIM3
SIM4
1
21
22
SIM5
SIM1
SIM2
SIM3
SIM4
1
21
22
SIM5
SIM1
SIM2
SIM3
SIM4
1
21
22
SIM5
SIM1
SIM2
SIM3
SIM4
1
21
22
SIM5
SIM1
SIM2
SIM3
SIM4
1
21
22
SIM5
SIM1
SIM2
SIM3
SIM4
1
21
22
SIM5
SIM1
SIM2
SIM3
SIM4
1
21
22
SIM5
SIM1
SIM2
SIM3
SIM4
1
21
22
SIM5
SIM1
SIM2
SIM3
SIM4
1
21
22
SIM5
SIM1
SIM2
SIM3
SIM4
1
21
22
SIM5
SIM1
SIM2
SIM3
SIM4
1
21
22
SIM5
SIM1
SIM2
SIM3
SIM4
1
21
22
SIM5
SIM1
SIM2
SIM3
SIM4
1
21
22
SIM5
SIM1
SIM2
SIM3
SIM4
1
21
22
SIM5
SIM1
SIM2
SIM3
SIM4
1
21
22
SIM5
SIM1
SIM2
SIM3
SIM4
1
21
22
SIM5
SIM1
SIM2
SIM3
SIM4
1
21
22
SIM5
SIM1
SIM2
SIM3
SIM4
1
21
22
SIM5
SIM1
SIM2
SIM3
SIM4
1
21
22
SIM5
SIM1
SIM2
SIM3
SIM4
1
21
22
SIM5
SIM1
SIM2
SIM3
SIM4
1
21
22
SIM5
SIM1
SIM2
SIM3
SIM4
1
21
22
SIM5
SIM1
SIM2
SIM3
SIM4
1
21
22
SIM5
SIM1
SIM2
SIM3
SIM4
1
21
22
SIM5
SIM1
SIM2
SIM3
SIM4
1
21
22
SIM5
SIM1
SIM2
SIM3
SIM4
1
21
22
SIM5
SIM1
SIM2
SIM3
SIM4
1
21
22
SIM5
SIM1
SIM2
SIM3
SIM4
1
21
22
SIM5
SIM1
SIM2
SIM3
SIM4
1
21
22
SIM5
SIM1
SIM2
SIM3
SIM4
1
21
22
SIM5
SIM1
SIM2
SIM3
SIM4
1
21
22
SIM5
SIM1
SIM2
SIM3
SIM4
1
21
22
SIM5
SIM1
SIM2
SIM3
SIM4
1
21
22
SIM5
SIM1
SIM2
SIM3
SIM4
1
21
22
SIM5
SIM1
SIM2
SIM3
SIM4
1
21
22
SIM5
SIM1
SIM2
SIM3
SIM4
1
21
22
SIM5
SIM1
SIM2
SIM3
SIM4
1
21
22
SIM5
SIM1
SIM2
SIM3
SIM4
1
21
22
SIM5
SIM1
SIM2
SIM3
SIM4
1
21
22
SIM5
SIM1
SIM2
SIM3
SIM4
1
21
22
SIM5
SIM1
SIM2
SIM3
SIM4
1
21
22
SIM5
SIM1
SIM2
SIM3
SIM4
1
21
22
SIM5
SIM1
SIM2
SIM3
SIM4
1
21
22
SIM5
SIM1
SIM2
SIM3
SIM4
1
21
22
SIM5
SIM1
SIM2
SIM3
SIM4
1
21
22
SIM5
SIM1
SIM2
SIM3
SIM4
1
21
22
SIM5
SIM1
SIM2
SIM3
SIM4
1
21
22
SIM5
SIM1
SIM2
SIM3
SIM4
1
21
22
SIM5
SIM1
SIM2
SIM3
SIM4
1
21
22
SIM5
SIM1
SIM2
SIM3
SIM4
1
21
22
SIM5
SIM1
SIM2
SIM3
SIM4
1
21
22
SIM5
SIM1
SIM2
SIM3
SIM4
1
21
22
SIM5
SIM1
SIM2
SIM3
SIM4
1
21
22
SIM5
SIM1
SIM2
SIM3
SIM4
1
21
22
SIM5
SIM1
SIM2
SIM3
SIM4
1
21
22
SIM5
SIM1
SIM2
SIM3
SIM4
1
21
22
SIM5
SIM1
SIM2
SIM3
SIM4
1
21
22
SIM5
SIM1
SIM2
SIM3
SIM4
1
21
22
SIM5
SIM1
SIM2
SIM3
SIM4
1
21
22
SIM5
SIM1
SIM2
SIM3
SIM4
1
21
22
SIM5
SIM1
SIM2
SIM3
SIM4
1
21
22
SIM5
SIM1
SIM2
SIM3
SIM4
1
21
22
SIM5
SIM1
SIM2
SIM3
SIM4
1
21
22
SIM5
SIM1
SIM2
SIM3
SIM4
1
21
22
SIM5
SIM1
SIM2
SIM3
SIM4
1
21
22
SIM5
SIM1
SIM2
SIM3
SIM4
1
21
22
SIM5
SIM1
SIM2
SIM3
SIM4
1
21
22
SIM5
SIM1
SIM2
SIM3
SIM4
1
21
22
SIM5
SIM1
SIM2
SIM3
SIM4
1
21
22
SIM5
SIM1
SIM2
SIM3
SIM4
1
21
22
SIM5
SIM1
SIM2
SIM3
SIM4
1
21
22
SIM5
SIM1
SIM2
SIM3
SIM4
1
21
22
SIM5
SIM1
SIM2
SIM3
SIM4
1
21
22
SIM5
SIM1
SIM2
SIM3
SIM4
1
21
22
SIM5
SIM1
SIM2
SIM3
SIM4
1
21
22
SIM5
SIM1
SIM2
SIM3
SIM4
1
21
22
SIM5
SIM1
SIM2
SIM3
SIM4
1
21
22
SIM5
SIM1
SIM2
SIM3
SIM4
1
21
22
SIM5
SIM1
SIM2
SIM3
SIM4
1
21
22
SIM5
SIM1
SIM2
SIM3
SIM4
1
21
22
SIM5
SIM1
SIM2
SIM3
SIM4
1
21
22
SIM5
SIM1
SIM2
SIM3
SIM4
1
21
22
SIM5
SIM1
SIM2
SIM3
SIM4
1
21
22
SIM5
SIM1
SIM2
SIM3
SIM4
1
21
22
SIM5
SIM1
SIM2
SIM3
SIM4
1
21
22
SIM5
SIM1
SIM2
SIM3
SIM4
1
21
22
SIM5
SIM1
SIM2
SIM3
SIM4
1
21
22
SIM5
SIM1
SIM2
SIM3
SIM4
1
21
22
SIM5
SIM1
SIM2
SIM3
SIM4
1
21
22
SIM5
SIM1
SIM2
SIM3
SIM4
1
21
22
SIM5
SIM1
SIM2
SIM3
SIM4
1
21
22
SIM5
SIM1
SIM2
SIM3
SIM4
1
21
22
SIM5
SIM1
SIM2
SIM3
SIM4
1
21
22
SIM5
SIM1
SIM2
SIM3
SIM4
1
21
22
SIM5
SIM1
SIM2
SIM3
SIM4
1
21
22
SIM5
SIM1
SIM2
SIM3
SIM4
1
21
22
SIM5
SIM1
SIM2
SIM3
SIM4
1
21
22
SIM5
SIM1
SIM2
SIM3
SIM4
1
21
22
SIM5
SIM1
SIM2
SIM3
SIM4
1
21
22
SIM5
SIM1
SIM2
SIM3
SIM4
1
21
22
SIM5
SIM1
SIM2
SIM3
SIM4
1
21
22
SIM5
SIM1
SIM2
SIM3
SIM4
1
21
22
SIM5
SIM1
SIM2
SIM3
SIM4
1
21
22
SIM5
SIM1
SIM2
SIM3
SIM4
1
21
22
SIM5
SIM1
SIM2
SIM3
SIM4
1
21
22
SIM5
SIM1
SIM2
SIM3
SIM4
1
21
22
SIM5
SIM1
SIM2
SIM3
SIM4
1
21
22
SIM5
SIM1
SIM2
SIM3
SIM4
1
21
22
SIM5
SIM1
SIM2
SIM3
SIM4
1
21
22
SIM5
SIM1
SIM2
SIM3
SIM4
1
21
22
SIM5
SIM1
SIM2
SIM3
SIM4
1
21
22
SIM5
SIM1
SIM2
SIM3
SIM4
1
21
22
SIM5
SIM1
SIM2
SIM3
SIM4
1
21
22
SIM5
SIM1
SIM2
SIM3
SIM4
1
21
22
SIM5
SIM1
SIM2
SIM3
SIM4
1
21
22
SIM5
SIM1
SIM2
SIM3
SIM4
1
21
22
SIM5
SIM1
SIM2
SIM3
SIM4
1
21
22
SIM5
SIM1
SIM2
SIM3
SIM4
1
21
22
SIM5
SIM1
SIM2
SIM3
SIM4
1
21
22
SIM5
SIM1
SIM2
SIM3
SIM4
1
21
22
SIM5
SIM1
SIM2
SIM3
SIM4
1
21
22
SIM5
SIM1
SIM2
SIM3
SIM4
1
21
22
SIM5
SIM1
SIM2
SIM3
SIM4
1
21
22
SIM5
SIM1
SIM2
DEBUG 1 377
SIM1
SIM2
SIM3
SIM4
1
21
22
SIM5
SIM1
SIM2
SIM3
SIM4
1
21
22
SIM5
SIM1
SIM2
SIM3
SIM4
1
21
22
SIM5
SIM1
SIM2
SIM3
SIM4
1
21
22
SIM5
SIM1
SIM2
SIM3
SIM4
1
21
22
SIM5
SIM1
SIM2
SIM3
SIM4
1
21
22
SIM5
SIM1
SIM2
SIM3
SIM4
1
21
22
SIM5
SIM1
SIM2
SIM3
SIM4
1
21
22
SIM5
SIM1
SIM2
SIM3
SIM4
1
21
22
SIM5
SIM1
SIM2
SIM3
SIM4
1
21
22
SIM5
SIM1
SIM2
SIM3
SIM4
1
21
22
SIM5
SIM1
SIM2
SIM3
SIM4
1
21
22
SIM5
SIM1
SIM2
SIM3
SIM4
1
21
22
SIM5
SIM1
SIM2
SIM3
SIM4
1
21
22
SIM5
SIM1
SIM2
SIM3
SIM4
1
21
22
SIM5
SIM1
SIM2
SIM3
SIM4
1
21
22
SIM5
SIM1
SIM2
SIM3
SIM4
1
21
22
SIM5
SIM1
SIM2
SIM3
SIM4
1
21
22
SIM5
SIM1
SIM2
SIM3
SIM4
1
21
22
SIM5
SIM1
SIM2
SIM3
SIM4
1
21
22
SIM5
SIM1
SIM2
SIM3
SIM4
1
21
22
SIM5
SIM1
SIM2
SIM3
SIM4
1
21
22
SIM5
SIM1
SIM2
SIM3
SIM4
1
21
22
SIM5
SIM1
SIM2
SIM3
SIM4
1
21
22
SIM5
SIM1
SIM2
SIM3
SIM4
1
21
22
SIM5
SIM1
SIM2
SIM3
SIM4
1
21
22
SIM5
SIM1
SIM2
SIM3
SIM4
1
21
22
SIM5
SIM1
SIM2
SIM3
SIM4
1
21
22
SIM5
SIM1
SIM2
SIM3
SIM4
1
21
22
SIM5
SIM1
SIM2
SIM3
SIM4
1
21
22
SIM5
SIM1
SIM2
SIM3
SIM4
1
21
22
SIM5
SIM1
SIM2
SIM3
SIM4
1
21
22
SIM5
SIM1
SIM2
SIM3
SIM4
1
21
22
SIM5
SIM1
SIM2
SIM3
SIM4
1
21
22
SIM5
SIM1
SIM2
SIM3
SIM4
1
21
22
SIM5
SIM1
SIM2
SIM3
SIM4
1
21
22
SIM5
SIM1
SIM2
SIM3
SIM4
1
21
22
SIM5
SIM1
SIM2
SIM3
SIM4
1
21
22
SIM5
SIM1
SIM2
SIM3
SIM4
1
21
22
SIM5
SIM1
SIM2
SIM3
SIM4
1
21
22
SIM5
SIM1
SIM2
SIM3
SIM4
1
21
22
SIM5
SIM1
SIM2
SIM3
SIM4
1
21
22
SIM5
SIM1
SIM2
SIM3
SIM4
1
21
22
SIM5
SIM1
SIM2
SIM3
SIM4
1
21
22
SIM5
SIM1
SIM2
SIM3
SIM4
1
21
22
SIM5
SIM1
SIM2
SIM3
SIM4
1
21
22
SIM5
SIM1
SIM2
SIM3
SIM4
1
21
22
SIM5
SIM1
SIM2
SIM3
SIM4
1
21
22
SIM5
SIM1
SIM2
SIM3
SIM4
1
21
22
SIM5
SIM1
SIM2
SIM3
SIM4
1
21
22
SIM5
SIM1
SIM2
SIM3
SIM4
1
21
22
SIM5
SIM1
SIM2
SIM3
SIM4
1
21
22
SIM5
SIM1
SIM2
SIM3
SIM4
1
21
22
SIM5
SIM1
SIM2
SIM3
SIM4
1
21
22
SIM5
SIM1
SIM2
SIM3
SIM4
1
21
22
SIM5
SIM1
SIM2
SIM3
SIM4
1
21
22
SIM5
SIM1
SIM2
SIM3
SIM4
1
21
22
SIM5
SIM1
SIM2
SIM3
SIM4
1
21
22
SIM5
SIM1
SIM2
SIM3
SIM4
1
21
22
SIM5
SIM1
SIM2
SIM3
SIM4
1
21
22
SIM5
SIM1
SIM2
SIM3
SIM4
1
21
22
SIM5
SIM1
SIM2
SIM3
SIM4
1
21
22
SIM5
SIM1
SIM2
SIM3
SIM4
1
21
22
SIM5
SIM1
SIM2
SIM3
SIM4
1
21
22
SIM5
SIM1
SIM2
SIM3
SIM4
1
21
22
SIM5
SIM1
SIM2
SIM3
SIM4
1
21
22
SIM5
SIM1
SIM2
SIM3
SIM4
1
21
22
SIM5
SIM1
SIM2
SIM3
SIM4
1
21
22
SIM5
SIM1
SIM2
SIM3
SIM4
1
21
22
SIM5
SIM1
SIM2
SIM3
SIM4
1
21
22
SIM5
SIM1
SIM2
SIM3
SIM4
1
21
22
SIM5
SIM1
SIM2
SIM3
SIM4
1
21
22
SIM5
SIM1
SIM2
SIM3
SIM4
1
21
22
SIM5
SIM1
SIM2
SIM3
SIM4
1
21
22
SIM5
SIM1
SIM2
SIM3
SIM4
1
21
22
SIM5
SIM1
SIM2
SIM3
SIM4
1
21
22
SIM5
SIM1
SIM2
SIM3
SIM4
1
21
22
SIM5
SIM1
SIM2
SIM3
SIM4
1
21
22
SIM5
SIM1
SIM2
SIM3
SIM4
1
21
22
SIM5
SIM1
SIM2
SIM3
SIM4
1
21
22
SIM5
SIM1
SIM2
SIM3
SIM4
1
21
22
SIM5
SIM1
SIM2
SIM3
SIM4
1
21
22
SIM5
SIM1
SIM2
SIM3
SIM4
1
21
22
SIM5
SIM1
SIM2
SIM3
SIM4
1
21
22
SIM5
SIM1
SIM2
SIM3
SIM4
1
21
22
SIM5
SIM1
SIM2
SIM3
SIM4
1
21
22
SIM5
SIM1
SIM2
SIM3
SIM4
1
21
22
SIM5
SIM1
SIM2
SIM3
SIM4
1
21
22
SIM5
SIM1
SIM2
SIM3
SIM4
1
21
22
SIM5
SIM1
SIM2
SIM3
SIM4
1
21
22
SIM5
SIM1
SIM2
SIM3
SIM4
1
21
22
SIM5
SIM1
SIM2
SIM3
SIM4
1
21
22
SIM5
SIM1
SIM2
SIM3
SIM4
1
21
22
SIM5
SIM1
SIM2
SIM3
SIM4
1
21
22
SIM5
SIM1
SIM2
SIM3
SIM4
1
21
22
SIM5
SIM1
SIM2
SIM3
SIM4
1
21
22
SIM5
SIM1
SIM2
SIM3
SIM4
1
21
22
SIM5
SIM1
SIM2
SIM3
SIM4
1
21
22
SIM5
SIM1
SIM2
SIM3
SIM4
1
21
22
SIM5
SIM1
SIM2
SIM3
SIM4
1
21
22
SIM5
SIM1
SIM2
SIM3
SIM4
1
21
22
SIM5
SIM1
SIM2
SIM3
SIM4
1
21
22
SIM5
SIM1
SIM2
SIM3
SIM4
1
21
22
SIM5
SIM1
SIM2
SIM3
SIM4
1
21
22
SIM5
SIM1
SIM2
SIM3
SIM4
1
21
22
SIM5
SIM1
SIM2
SIM3
SIM4
1
21
22
SIM5
SIM1
SIM2
SIM3
SIM4
1
21
22
SIM5
SIM1
SIM2
SIM3
SIM4
1
21
22
SIM5
SIM1
SIM2
SIM3
SIM4
1
21
22
SIM5
SIM1
SIM2
SIM3
SIM4
1
21
22
SIM5
SIM1
SIM2
SIM3
SIM4
1
21
22
SIM5
SIM1
SIM2
SIM3
SIM4
1
21
22
SIM5
SIM1
SIM2
SIM3
SIM4
1
21
22
SIM5
SIM1
SIM2
SIM3
SIM4
1
21
22
SIM5
SIM1
SIM2
SIM3
SIM4
1
21
22
SIM5
SIM1
SIM2
SIM3
SIM4
1
21
22
SIM5
SIM1
SIM2
SIM3
SIM4
1
21
22
SIM5
SIM1
SIM2
SIM3
SIM4
1
21
22
SIM5
SIM1
SIM2
SIM3
SIM4
1
21
22
SIM5
SIM1
SIM2
SIM3
SIM4
1
21
22
SIM5
SIM1
SIM2
SIM3
SIM4
1
21
22
SIM5
SIM1
SIM2
SIM3
SIM4
1
21
22
SIM5
SIM1
SIM2
DEBUG 1 378
SIM1
SIM2
SIM3
SIM4
1
21
22
SIM5
SIM1
SIM2
SIM3
SIM4
1
21
22
SIM5
SIM1
SIM2
SIM3
SIM4
1
21
22
SIM5
SIM1
SIM2
SIM3
SIM4
1
21
22
SIM5
SIM1
SIM2
SIM3
SIM4
1
21
22
SIM5
SIM1
SIM2
SIM3
SIM4
1
21
22
SIM5
SIM1
SIM2
SIM3
SIM4
1
21
22
SIM5
SIM1
SIM2
SIM3
SIM4
1
21
22
SIM5
SIM1
SIM2
SIM3
SIM4
1
21
22
SIM5
SIM1
SIM2
SIM3
SIM4
1
21
22
SIM5
SIM1
SIM2
SIM3
SIM4
1
21
22
SIM5
SIM1
SIM2
SIM3
SIM4
1
21
22
SIM5
SIM1
SIM2
SIM3
SIM4
1
21
22
SIM5
SIM1
SIM2
SIM3
SIM4
1
21
22
SIM5
SIM1
SIM2
SIM3
SIM4
1
21
22
SIM5
SIM1
SIM2
SIM3
SIM4
1
21
22
SIM5
SIM1
SIM2
SIM3
SIM4
1
21
22
SIM5
SIM1
SIM2
SIM3
SIM4
1
21
22
SIM5
SIM1
SIM2
SIM3
SIM4
1
21
22
SIM5
SIM1
SIM2
SIM3
SIM4
1
21
22
SIM5
SIM1
SIM2
SIM3
SIM4
1
21
22
SIM5
SIM1
SIM2
SIM3
SIM4
1
21
22
SIM5
SIM1
SIM2
SIM3
SIM4
1
21
22
SIM5
SIM1
SIM2
SIM3
SIM4
1
21
22
SIM5
SIM1
SIM2
SIM3
SIM4
1
21
22
SIM5
SIM1
SIM2
SIM3
SIM4
1
21
22
SIM5
SIM1
SIM2
SIM3
SIM4
1
21
22
SIM5
SIM1
SIM2
SIM3
SIM4
1
21
22
SIM5
SIM1
SIM2
SIM3
SIM4
1
21
22
SIM5
SIM1
SIM2
SIM3
SIM4
1
21
22
SIM5
SIM1
SIM2
SIM3
SIM4
1
21
22
SIM5
SIM1
SIM2
SIM3
SIM4
1
21
22
SIM5
SIM1
SIM2
SIM3
SIM4
1
21
22
SIM5
SIM1
SIM2
SIM3
SIM4
1
21
22
SIM5
SIM1
SIM2
SIM3
SIM4
1
21
22
SIM5
SIM1
SIM2
SIM3
SIM4
1
21
22
SIM5
SIM1
SIM2
SIM3
SIM4
1
21
22
SIM5
SIM1
SIM2
SIM3
SIM4
1
21
22
SIM5
SIM1
SIM2
SIM3
SIM4
1
21
22
SIM5
SIM1
SIM2
SIM3
SIM4
1
21
22
SIM5
SIM1
SIM2
SIM3
SIM4
1
21
22
SIM5
SIM1
SIM2
SIM3
SIM4
1
21
22
SIM5
SIM1
SIM2
SIM3
SIM4
1
21
22
SIM5
SIM1
SIM2
SIM3
SIM4
1
21
22
SIM5
SIM1
SIM2
SIM3
SIM4
1
21
22
SIM5
SIM1
SIM2
SIM3
SIM4
1
21
22
SIM5
SIM1
SIM2
SIM3
SIM4
1
21
22
SIM5
SIM1
SIM2
SIM3
SIM4
1
21
22
SIM5
SIM1
SIM2
SIM3
SIM4
1
21
22
SIM5
SIM1
SIM2
SIM3
SIM4
1
21
22
SIM5
SIM1
SIM2
SIM3
SIM4
1
21
22
SIM5
SIM1
SIM2
SIM3
SIM4
1
21
22
SIM5
SIM1
SIM2
SIM3
SIM4
1
21
22
SIM5
SIM1
SIM2
SIM3
SIM4
1
21
22
SIM5
SIM1
SIM2
SIM3
SIM4
1
21
22
SIM5
SIM1
SIM2
SIM3
SIM4
1
21
22
SIM5
SIM1
SIM2
SIM3
SIM4
1
21
22
SIM5
SIM1
SIM2
SIM3
SIM4
1
21
22
SIM5
SIM1
SIM2
SIM3
SIM4
1
21
22
SIM5
SIM1
SIM2
SIM3
SIM4
1
21
22
SIM5
SIM1
SIM2
SIM3
SIM4
1
21
22
SIM5
SIM1
SIM2
SIM3
SIM4
1
21
22
SIM5
SIM1
SIM2
SIM3
SIM4
1
21
22
SIM5
SIM1
SIM2
SIM3
SIM4
1
21
22
SIM5
SIM1
SIM2
SIM3
SIM4
1
21
22
SIM5
SIM1
SIM2
SIM3
SIM4
1
21
22
SIM5
SIM1
SIM2
SIM3
SIM4
1
21
22
SIM5
SIM1
SIM2
SIM3
SIM4
1
21
22
SIM5
SIM1
SIM2
SIM3
SIM4
1
21
22
SIM5
SIM1
SIM2
SIM3
SIM4
1
21
22
SIM5
SIM1
SIM2
SIM3
SIM4
1
21
22
SIM5
SIM1
SIM2
SIM3
SIM4
1
21
22
SIM5
SIM1
SIM2
SIM3
SIM4
1
21
22
SIM5
SIM1
SIM2
SIM3
SIM4
1
21
22
SIM5
SIM1
SIM2
SIM3
SIM4
1
21
22
SIM5
SIM1
SIM2
SIM3
SIM4
1
21
22
SIM5
SIM1
SIM2
SIM3
SIM4
1
21
22
SIM5
SIM1
SIM2
SIM3
SIM4
1
21
22
SIM5
SIM1
SIM2
SIM3
SIM4
1
21
22
SIM5
SIM1
SIM2
SIM3
SIM4
1
21
22
SIM5
SIM1
SIM2
SIM3
SIM4
1
21
22
SIM5
SIM1
SIM2
SIM3
SIM4
1
21
22
SIM5
SIM1
SIM2
SIM3
SIM4
1
21
22
SIM5
SIM1
SIM2
SIM3
SIM4
1
21
22
SIM5
SIM1
SIM2
SIM3
SIM4
1
21
22
SIM5
SIM1
SIM2
SIM3
SIM4
1
21
22
SIM5
SIM1
SIM2
SIM3
SIM4
1
21
22
SIM5
SIM1
SIM2
SIM3
SIM4
1
21
22
SIM5
SIM1
SIM2
SIM3
SIM4
1
21
22
SIM5
SIM1
SIM2
SIM3
SIM4
1
21
22
SIM5
SIM1
SIM2
SIM3
SIM4
1
21
22
SIM5
SIM1
SIM2
SIM3
SIM4
1
21
22
SIM5
SIM1
SIM2
SIM3
SIM4
1
21
22
SIM5
SIM1
SIM2
SIM3
SIM4
1
21
22
SIM5
SIM1
SIM2
SIM3
SIM4
1
21
22
SIM5
SIM1
SIM2
SIM3
SIM4
1
21
22
SIM5
SIM1
SIM2
SIM3
SIM4
1
21
22
SIM5
SIM1
SIM2
SIM3
SIM4
1
21
22
SIM5
SIM1
SIM2
SIM3
SIM4
1
21
22
SIM5
SIM1
SIM2
SIM3
SIM4
1
21
22
SIM5
SIM1
SIM2
SIM3
SIM4
1
21
22
SIM5
SIM1
SIM2
SIM3
SIM4
1
21
22
SIM5
SIM1
SIM2
SIM3
SIM4
1
21
22
SIM5
SIM1
SIM2
SIM3
SIM4
1
21
22
SIM5
SIM1
SIM2
SIM3
SIM4
1
21
22
SIM5
SIM1
SIM2
SIM3
SIM4
1
21
22
SIM5
SIM1
SIM2
SIM3
SIM4
1
21
22
SIM5
SIM1
SIM2
SIM3
SIM4
1
21
22
SIM5
SIM1
SIM2
SIM3
SIM4
1
21
22
SIM5
SIM1
SIM2
SIM3
SIM4
1
21
22
SIM5
SIM1
SIM2
SIM3
SIM4
1
21
22
SIM5
SIM1
SIM2
SIM3
SIM4
1
21
22
SIM5
SIM1
SIM2
SIM3
SIM4
1
21
22
SIM5
SIM1
SIM2
SIM3
SIM4
1
21
22
SIM5
SIM1
SIM2
SIM3
SIM4
1
21
22
SIM5
SIM1
SIM2
SIM3
SIM4
1
21
22
SIM5
SIM1
SIM2
SIM3
SIM4
1
21
22
SIM5
SIM1
SIM2
SIM3
SIM4
1
21
22
SIM5
SIM1
SIM2
SIM3
SIM4
1
21
22
SIM5
SIM1
SIM2
SIM3
SIM4
1
21
22
SIM5
SIM1
SIM2
SIM3
SIM4
1
21
22
SIM5
SIM1
SIM2
SIM3
SIM4
1
21
22
SIM5
SIM1
SIM2
SIM3
SIM4
1
21
22
SIM5
SIM1
SIM2
SIM3
SIM4
1
21
22
SIM5
SIM1
SIM2
SIM3
SIM4
1
21
22
SIM5
SIM1
SIM2
SIM3
SIM4
1
21
22
SIM5
SIM1
SIM2
SIM3
SIM4
1
21
22
SIM5
SIM1
SIM2
SIM3
SIM4
1
21
22
SIM5
SIM1
SIM2
SIM3
SIM4
1
21
22
SIM5
SIM1
SIM2
SIM3
SIM4
1
21
22
SIM5
SIM1
SIM2
SIM3
SIM4
1
21
22
SIM5
SIM1
SIM2
SIM3
SIM4
1
21
22
SIM5
SIM1
SIM2
SIM3
SIM4
1
21
22
SIM5
SIM1
SIM2
SIM3
SIM4
1
21
22
SIM5
SIM1
SIM2
SIM3
SIM4
1
21
22
SIM5
SIM1
SIM2
SIM3
SIM4
1
21
22
SIM5
SIM1
SIM2
SIM3
SIM4
1
21
22
SIM5
SIM1
SIM2
SIM3
SIM4
1
21
22
SIM5
SIM1
SIM2
SIM3
SIM4
1
21
22
SIM5
SIM1
SIM2
SIM3
SIM4
1
21
22
SIM5
SIM1
SIM2
SIM3
SIM4
1
21
22
SIM5
SIM1
SIM2
SIM3
SIM4
1
21
22
SIM5
SIM1
SIM2
SIM3
SIM4
1
21
22
SIM5
SIM1
SIM2
SIM3
SIM4
1
21
22
SIM5
SIM1
SIM2
SIM3
SIM4
1
21
22
SIM5
SIM1
SIM2
SIM3
SIM4
1
21
22
SIM5
SIM1
SIM2
SIM3
SIM4
1
21
22
SIM5
SIM1
SIM2
SIM3
SIM4
1
21
22
SIM5
SIM1
SIM2
SIM3
SIM4
1
21
22
SIM5
SIM1
SIM2
SIM3
SIM4
1
21
22
SIM5
SIM1
SIM2
DEBUG 1 379
SIM1
SIM2
SIM3
SIM4
1
21
22
SIM5
SIM1
SIM2
SIM3
SIM4
1
21
22
SIM5
SIM1
SIM2
SIM3
SIM4
1
21
22
SIM5
SIM1
SIM2
SIM3
SIM4
1
21
22
SIM5
SIM1
SIM2
SIM3
SIM4
1
21
22
SIM5
SIM1
SIM2
SIM3
SIM4
1
21
22
SIM5
SIM1
SIM2
SIM3
SIM4
1
21
22
SIM5
SIM1
SIM2
SIM3
SIM4
1
21
22
SIM5
SIM1
SIM2
SIM3
SIM4
1
21
22
SIM5
SIM1
SIM2
SIM3
SIM4
1
21
22
SIM5
SIM1
SIM2
SIM3
SIM4
1
21
22
SIM5
SIM1
SIM2
SIM3
SIM4
1
21
22
SIM5
SIM1
SIM2
SIM3
SIM4
1
21
22
SIM5
SIM1
SIM2
SIM3
SIM4
1
21
22
SIM5
SIM1
SIM2
SIM3
SIM4
1
21
22
SIM5
SIM1
SIM2
SIM3
SIM4
1
21
22
SIM5
SIM1
SIM2
SIM3
SIM4
1
21
22
SIM5
SIM1
SIM2
SIM3
SIM4
1
21
22
SIM5
SIM1
SIM2
SIM3
SIM4
1
21
22
SIM5
SIM1
SIM2
SIM3
SIM4
1
21
22
SIM5
SIM1
SIM2
SIM3
SIM4
1
21
22
SIM5
SIM1
SIM2
SIM3
SIM4
1
21
22
SIM5
SIM1
SIM2
SIM3
SIM4
1
21
22
SIM5
SIM1
SIM2
SIM3
SIM4
1
21
22
SIM5
SIM1
SIM2
SIM3
SIM4
1
21
22
SIM5
SIM1
SIM2
SIM3
SIM4
1
21
22
SIM5
SIM1
SIM2
SIM3
SIM4
1
21
22
SIM5
SIM1
SIM2
SIM3
SIM4
1
21
22
SIM5
SIM1
SIM2
SIM3
SIM4
1
21
22
SIM5
SIM1
SIM2
SIM3
SIM4
1
21
22
SIM5
SIM1
SIM2
SIM3
SIM4
1
21
22
SIM5
SIM1
SIM2
SIM3
SIM4
1
21
22
SIM5
SIM1
SIM2
SIM3
SIM4
1
21
22
SIM5
SIM1
SIM2
SIM3
SIM4
1
21
22
SIM5
SIM1
SIM2
SIM3
SIM4
1
21
22
SIM5
SIM1
SIM2
SIM3
SIM4
1
21
22
SIM5
SIM1
SIM2
SIM3
SIM4
1
21
22
SIM5
SIM1
SIM2
SIM3
SIM4
1
21
22
SIM5
SIM1
SIM2
SIM3
SIM4
1
21
22
SIM5
SIM1
SIM2
SIM3
SIM4
1
21
22
SIM5
SIM1
SIM2
SIM3
SIM4
1
21
22
SIM5
SIM1
SIM2
SIM3
SIM4
1
21
22
SIM5
SIM1
SIM2
SIM3
SIM4
1
21
22
SIM5
SIM1
SIM2
SIM3
SIM4
1
21
22
SIM5
SIM1
SIM2
SIM3
SIM4
1
21
22
SIM5
SIM1
SIM2
SIM3
SIM4
1
21
22
SIM5
SIM1
SIM2
SIM3
SIM4
1
21
22
SIM5
SIM1
SIM2
SIM3
SIM4
1
21
22
SIM5
SIM1
SIM2
SIM3
SIM4
1
21
22
SIM5
SIM1
SIM2
SIM3
SIM4
1
21
22
SIM5
SIM1
SIM2
SIM3
SIM4
1
21
22
SIM5
SIM1
SIM2
SIM3
SIM4
1
21
22
SIM5
SIM1
SIM2
SIM3
SIM4
1
21
22
SIM5
SIM1
SIM2
SIM3
SIM4
1
21
22
SIM5
SIM1
SIM2
SIM3
SIM4
1
21
22
SIM5
SIM1
SIM2
SIM3
SIM4
1
21
22
SIM5
SIM1
SIM2
SIM3
SIM4
1
21
22
SIM5
SIM1
SIM2
SIM3
SIM4
1
21
22
SIM5
SIM1
SIM2
SIM3
SIM4
1
21
22
SIM5
SIM1
SIM2
SIM3
SIM4
1
21
22
SIM5
SIM1
SIM2
SIM3
SIM4
1
21
22
SIM5
SIM1
SIM2
SIM3
SIM4
1
21
22
SIM5
SIM1
SIM2
SIM3
SIM4
1
21
22
SIM5
SIM1
SIM2
SIM3
SIM4
1
21
22
SIM5
SIM1
SIM2
SIM3
SIM4
1
21
22
SIM5
SIM1
SIM2
SIM3
SIM4
1
21
22
SIM5
SIM1
SIM2
SIM3
SIM4
1
21
22
SIM5
SIM1
SIM2
SIM3
SIM4
1
21
22
SIM5
SIM1
SIM2
SIM3
SIM4
1
21
22
SIM5
SIM1
SIM2
SIM3
SIM4
1
21
22
SIM5
SIM1
SIM2
SIM3
SIM4
1
21
22
SIM5
SIM1
SIM2
SIM3
SIM4
1
21
22
SIM5
SIM1
SIM2
SIM3
SIM4
1
21
22
SIM5
SIM1
SIM2
SIM3
SIM4
1
21
22
SIM5
SIM1
SIM2
SIM3
SIM4
1
21
22
SIM5
SIM1
SIM2
SIM3
SIM4
1
21
22
SIM5
SIM1
SIM2
SIM3
SIM4
1
21
22
SIM5
SIM1
SIM2
SIM3
SIM4
1
21
22
SIM5
SIM1
SIM2
SIM3
SIM4
1
21
22
SIM5
SIM1
SIM2
SIM3
SIM4
1
21
22
SIM5
SIM1
SIM2
SIM3
SIM4
1
21
22
SIM5
SIM1
SIM2
SIM3
SIM4
1
21
22
SIM5
SIM1
SIM2
SIM3
SIM4
1
21
22
SIM5
SIM1
SIM2
SIM3
SIM4
1
21
22
SIM5
SIM1
SIM2
SIM3
SIM4
1
21
22
SIM5
SIM1
SIM2
SIM3
SIM4
1
21
22
SIM5
SIM1
SIM2
SIM3
SIM4
1
21
22
SIM5
SIM1
SIM2
SIM3
SIM4
1
21
22
SIM5
SIM1
SIM2
SIM3
SIM4
1
21
22
SIM5
SIM1
SIM2
SIM3
SIM4
1
21
22
SIM5
SIM1
SIM2
SIM3
SIM4
1
21
22
SIM5
SIM1
SIM2
SIM3
SIM4
1
21
22
SIM5
SIM1
SIM2
SIM3
SIM4
1
21
22
SIM5
SIM1
SIM2
SIM3
SIM4
1
21
22
SIM5
SIM1
SIM2
SIM3
SIM4
1
21
22
SIM5
SIM1
SIM2
SIM3
SIM4
1
21
22
SIM5
SIM1
SIM2
SIM3
SIM4
1
21
22
SIM5
SIM1
SIM2
SIM3
SIM4
1
21
22
SIM5
SIM1
SIM2
SIM3
SIM4
1
21
22
SIM5
SIM1
SIM2
SIM3
SIM4
1
21
22
SIM5
SIM1
SIM2
SIM3
SIM4
1
21
22
SIM5
SIM1
SIM2
SIM3
SIM4
1
21
22
SIM5
SIM1
SIM2
SIM3
SIM4
1
21
22
SIM5
SIM1
SIM2
SIM3
SIM4
1
21
22
SIM5
SIM1
SIM2
SIM3
SIM4
1
21
22
SIM5
SIM1
SIM2
SIM3
SIM4
1
21
22
SIM5
SIM1
SIM2
SIM3
SIM4
1
21
22
SIM5
SIM1
SIM2
SIM3
SIM4
1
21
22
SIM5
SIM1
SIM2
SIM3
SIM4
1
21
22
SIM5
SIM1
SIM2
SIM3
SIM4
1
21
22
SIM5
SIM1
SIM2
SIM3
SIM4
1
21
22
SIM5
SIM1
SIM2
SIM3
SIM4
1
21
22
SIM5
SIM1
SIM2
SIM3
SIM4
1
21
22
SIM5
SIM1
SIM2
SIM3
SIM4
1
21
22
SIM5
SIM1
SIM2
SIM3
SIM4
1
21
22
SIM5
SIM1
SIM2
SIM3
SIM4
1
21
22
SIM5
SIM1
SIM2
SIM3
SIM4
1
21
22
SIM5
SIM1
SIM2
DEBUG 1 380
SIM1
SIM2
SIM3
SIM4
1
21
22
SIM5
SIM1
SIM2
SIM3
SIM4
1
21
22
SIM5
SIM1
SIM2
SIM3
SIM4
1
21
22
SIM5
SIM1
SIM2
SIM3
SIM4
1
21
22
SIM5
SIM1
SIM2
SIM3
SIM4
1
21
22
SIM5
SIM1
SIM2
SIM3
SIM4
1
21
22
SIM5
SIM1
SIM2
SIM3
SIM4
1
21
22
SIM5
SIM1
SIM2
SIM3
SIM4
1
21
22
SIM5
SIM1
SIM2
SIM3
SIM4
1
21
22
SIM5
SIM1
SIM2
SIM3
SIM4
1
21
22
SIM5
SIM1
SIM2
SIM3
SIM4
1
21
22
SIM5
SIM1
SIM2
SIM3
SIM4
1
21
22
SIM5
SIM1
SIM2
SIM3
SIM4
1
21
22
SIM5
SIM1
SIM2
SIM3
SIM4
1
21
22
SIM5
SIM1
SIM2
SIM3
SIM4
1
21
22
SIM5
SIM1
SIM2
SIM3
SIM4
1
21
22
SIM5
SIM1
SIM2
SIM3
SIM4
1
21
22
SIM5
SIM1
SIM2
SIM3
SIM4
1
21
22
SIM5
SIM1
SIM2
SIM3
SIM4
1
21
22
SIM5
SIM1
SIM2
SIM3
SIM4
1
21
22
SIM5
SIM1
SIM2
SIM3
SIM4
1
21
22
SIM5
SIM1
SIM2
SIM3
SIM4
1
21
22
SIM5
SIM1
SIM2
SIM3
SIM4
1
21
22
SIM5
SIM1
SIM2
SIM3
SIM4
1
21
22
SIM5
SIM1
SIM2
SIM3
SIM4
1
21
22
SIM5
SIM1
SIM2
SIM3
SIM4
1
21
22
SIM5
SIM1
SIM2
SIM3
SIM4
1
21
22
SIM5
SIM1
SIM2
SIM3
SIM4
1
21
22
SIM5
SIM1
SIM2
SIM3
SIM4
1
21
22
SIM5
SIM1
SIM2
SIM3
SIM4
1
21
22
SIM5
SIM1
SIM2
SIM3
SIM4
1
21
22
SIM5
SIM1
SIM2
SIM3
SIM4
1
21
22
SIM5
SIM1
SIM2
SIM3
SIM4
1
21
22
SIM5
SIM1
SIM2
SIM3
SIM4
1
21
22
SIM5
SIM1
SIM2
SIM3
SIM4
1
21
22
SIM5
SIM1
SIM2
SIM3
SIM4
1
21
22
SIM5
SIM1
SIM2
SIM3
SIM4
1
21
22
SIM5
SIM1
SIM2
SIM3
SIM4
1
21
22
SIM5
SIM1
SIM2
SIM3
SIM4
1
21
22
SIM5
SIM1
SIM2
SIM3
SIM4
1
21
22
SIM5
SIM1
SIM2
SIM3
SIM4
1
21
22
SIM5
SIM1
SIM2
SIM3
SIM4
1
21
22
SIM5
SIM1
SIM2
SIM3
SIM4
1
21
22
SIM5
SIM1
SIM2
SIM3
SIM4
1
21
22
SIM5
SIM1
SIM2
SIM3
SIM4
1
21
22
SIM5
SIM1
SIM2
SIM3
SIM4
1
21
22
SIM5
SIM1
SIM2
SIM3
SIM4
1
21
22
SIM5
SIM1
SIM2
SIM3
SIM4
1
21
22
SIM5
SIM1
SIM2
SIM3
SIM4
1
21
22
SIM5
SIM1
SIM2
SIM3
SIM4
1
21
22
SIM5
SIM1
SIM2
SIM3
SIM4
1
21
22
SIM5
SIM1
SIM2
SIM3
SIM4
1
21
22
SIM5
SIM1
SIM2
SIM3
SIM4
1
21
22
SIM5
SIM1
SIM2
SIM3
SIM4
1
21
22
SIM5
SIM1
SIM2
SIM3
SIM4
1
21
22
SIM5
SIM1
SIM2
SIM3
SIM4
1
21
22
SIM5
SIM1
SIM2
SIM3
SIM4
1
21
22
SIM5
SIM1
SIM2
SIM3
SIM4
1
21
22
SIM5
SIM1
SIM2
SIM3
SIM4
1
21
22
SIM5
SIM1
SIM2
SIM3
SIM4
1
21
22
SIM5
SIM1
SIM2
SIM3
SIM4
1
21
22
SIM5
SIM1
SIM2
SIM3
SIM4
1
21
22
SIM5
SIM1
SIM2
SIM3
SIM4
1
21
22
SIM5
SIM1
SIM2
SIM3
SIM4
1
21
22
SIM5
SIM1
SIM2
SIM3
SIM4
1
21
22
SIM5
SIM1
SIM2
SIM3
SIM4
1
21
22
SIM5
SIM1
SIM2
SIM3
SIM4
1
21
22
SIM5
SIM1
SIM2
SIM3
SIM4
1
21
22
SIM5
SIM1
SIM2
SIM3
SIM4
1
21
22
SIM5
SIM1
SIM2
SIM3
SIM4
1
21
22
SIM5
SIM1
SIM2
SIM3
SIM4
1
21
22
SIM5
SIM1
SIM2
SIM3
SIM4
1
21
22
SIM5
SIM1
SIM2
SIM3
SIM4
1
21
22
SIM5
SIM1
SIM2
SIM3
SIM4
1
21
22
SIM5
SIM1
SIM2
SIM3
SIM4
1
21
22
SIM5
SIM1
SIM2
SIM3
SIM4
1
21
22
SIM5
SIM1
SIM2
SIM3
SIM4
1
21
22
SIM5
SIM1
SIM2
SIM3
SIM4
1
21
22
SIM5
SIM1
SIM2
SIM3
SIM4
1
21
22
SIM5
SIM1
SIM2
SIM3
SIM4
1
21
22
SIM5
SIM1
SIM2
SIM3
SIM4
1
21
22
SIM5
SIM1
SIM2
SIM3
SIM4
1
21
22
SIM5
SIM1
SIM2
SIM3
SIM4
1
21
22
SIM5
SIM1
SIM2
SIM3
SIM4
1
21
22
SIM5
SIM1
SIM2
SIM3
SIM4
1
21
22
SIM5
SIM1
SIM2
SIM3
SIM4
1
21
22
SIM5
SIM1
SIM2
SIM3
SIM4
1
21
22
SIM5
SIM1
SIM2
SIM3
SIM4
1
21
22
SIM5
SIM1
SIM2
SIM3
SIM4
1
21
22
SIM5
SIM1
SIM2
SIM3
SIM4
1
21
22
SIM5
SIM1
SIM2
SIM3
SIM4
1
21
22
SIM5
SIM1
SIM2
SIM3
SIM4
1
21
22
SIM5
SIM1
SIM2
SIM3
SIM4
1
21
22
SIM5
SIM1
SIM2
SIM3
SIM4
1
21
22
SIM5
SIM1
SIM2
SIM3
SIM4
1
21
22
SIM5
SIM1
SIM2
SIM3
SIM4
1
21
22
SIM5
SIM1
SIM2
SIM3
SIM4
1
21
22
SIM5
SIM1
SIM2
SIM3
SIM4
1
21
22
SIM5
SIM1
SIM2
SIM3
SIM4
1
21
22
SIM5
SIM1
SIM2
SIM3
SIM4
1
21
22
SIM5
SIM1
SIM2
SIM3
SIM4
1
21
22
SIM5
SIM1
SIM2
SIM3
SIM4
1
21
22
SIM5
SIM1
SIM2
SIM3
SIM4
1
21
22
SIM5
SIM1
SIM2
SIM3
SIM4
1
21
22
SIM5
SIM1
SIM2
SIM3
SIM4
1
21
22
SIM5
SIM1
SIM2
SIM3
SIM4
1
21
22
SIM5
SIM1
SIM2
SIM3
SIM4
1
21
22
SIM5
SIM1
SIM2
SIM3
SIM4
1
21
22
SIM5
SIM1
SIM2
SIM3
SIM4
1
21
22
SIM5
SIM1
SIM2
SIM3
SIM4
1
21
22
SIM5
SIM1
SIM2
SIM3
SIM4
1
21
22
SIM5
SIM1
SIM2
SIM3
SIM4
1
21
22
SIM5
SIM1
SIM2
SIM3
SIM4
1
21
22
SIM5
SIM1
SIM2
SIM3
SIM4
1
21
22
SIM5
SIM1
SIM2
SIM3
SIM4
1
21
22
SIM5
SIM1
SIM2
SIM3
SIM4
1
21
22
SIM5
SIM1
SIM2
SIM3
SIM4
1
21
22
SIM5
SIM1
SIM2
SIM3
SIM4
1
21
22
SIM5
SIM1
SIM2
SIM3
SIM4
1
21
22
SIM5
SIM1
SIM2
SIM3
SIM4
1
21
22
SIM5
SIM1
SIM2
SIM3
SIM4
1
21
22
SIM5
SIM1
SIM2
SIM3
SIM4
1
21
22
SIM5
SIM1
SIM2
SIM3
SIM4
1
21
22
SIM5
SIM1
SIM2
SIM3
SIM4
1
21
22
SIM5
SIM1
SIM2
SIM3
SIM4
1
21
22
SIM5
SIM1
SIM2
SIM3
SIM4
1
21
22
SIM5
SIM1
SIM2
SIM3
SIM4
1
21
22
SIM5
SIM1
SIM2
SIM3
SIM4
1
21
22
SIM5
SIM1
SIM2
SIM3
SIM4
1
21
22
SIM5
SIM1
SIM2
DEBUG 1 381
SIM1
SIM2
SIM3
SIM4
1
21
22
SIM5
SIM1
SIM2
SIM3
SIM4
1
21
22
SIM5
SIM1
SIM2
SIM3
SIM4
1
21
22
SIM5
SIM1
SIM2
SIM3
SIM4
1
21
22
SIM5
SIM1
SIM2
SIM3
SIM4
1
21
22
SIM5
SIM1
SIM2
SIM3
SIM4
1
21
22
SIM5
SIM1
SIM2
SIM3
SIM4
1
21
22
SIM5
SIM1
SIM2
SIM3
SIM4
1
21
22
SIM5
SIM1
SIM2
SIM3
SIM4
1
21
22
SIM5
SIM1
SIM2
SIM3
SIM4
1
21
22
SIM5
SIM1
SIM2
SIM3
SIM4
1
21
22
SIM5
SIM1
SIM2
SIM3
SIM4
1
21
22
SIM5
SIM1
SIM2
SIM3
SIM4
1
21
22
SIM5
SIM1
SIM2
SIM3
SIM4
1
21
22
SIM5
SIM1
SIM2
SIM3
SIM4
1
21
22
SIM5
SIM1
SIM2
SIM3
SIM4
1
21
22
SIM5
SIM1
SIM2
SIM3
SIM4
1
21
22
SIM5
SIM1
SIM2
SIM3
SIM4
1
21
22
SIM5
SIM1
SIM2
SIM3
SIM4
1
21
22
SIM5
SIM1
SIM2
SIM3
SIM4
1
21
22
SIM5
SIM1
SIM2
SIM3
SIM4
1
21
22
SIM5
SIM1
SIM2
SIM3
SIM4
1
21
22
SIM5
SIM1
SIM2
SIM3
SIM4
1
21
22
SIM5
SIM1
SIM2
SIM3
SIM4
1
21
22
SIM5
SIM1
SIM2
SIM3
SIM4
1
21
22
SIM5
SIM1
SIM2
SIM3
SIM4
1
21
22
SIM5
SIM1
SIM2
SIM3
SIM4
1
21
22
SIM5
SIM1
SIM2
SIM3
SIM4
1
21
22
SIM5
SIM1
SIM2
SIM3
SIM4
1
21
22
SIM5
SIM1
SIM2
SIM3
SIM4
1
21
22
SIM5
SIM1
SIM2
SIM3
SIM4
1
21
22
SIM5
SIM1
SIM2
SIM3
SIM4
1
21
22
SIM5
SIM1
SIM2
SIM3
SIM4
1
21
22
SIM5
SIM1
SIM2
SIM3
SIM4
1
21
22
SIM5
SIM1
SIM2
SIM3
SIM4
1
21
22
SIM5
SIM1
SIM2
SIM3
SIM4
1
21
22
SIM5
SIM1
SIM2
SIM3
SIM4
1
21
22
SIM5
SIM1
SIM2
SIM3
SIM4
1
21
22
SIM5
SIM1
SIM2
SIM3
SIM4
1
21
22
SIM5
SIM1
SIM2
SIM3
SIM4
1
21
22
SIM5
SIM1
SIM2
SIM3
SIM4
1
21
22
SIM5
SIM1
SIM2
SIM3
SIM4
1
21
22
SIM5
SIM1
SIM2
SIM3
SIM4
1
21
22
SIM5
SIM1
SIM2
SIM3
SIM4
1
21
22
SIM5
SIM1
SIM2
SIM3
SIM4
1
21
22
SIM5
SIM1
SIM2
SIM3
SIM4
1
21
22
SIM5
SIM1
SIM2
SIM3
SIM4
1
21
22
SIM5
SIM1
SIM2
SIM3
SIM4
1
21
22
SIM5
SIM1
SIM2
SIM3
SIM4
1
21
22
SIM5
SIM1
SIM2
SIM3
SIM4
1
21
22
SIM5
SIM1
SIM2
SIM3
SIM4
1
21
22
SIM5
SIM1
SIM2
SIM3
SIM4
1
21
22
SIM5
SIM1
SIM2
SIM3
SIM4
1
21
22
SIM5
SIM1
SIM2
SIM3
SIM4
1
21
22
SIM5
SIM1
SIM2
SIM3
SIM4
1
21
22
SIM5
SIM1
SIM2
SIM3
SIM4
1
21
22
SIM5
SIM1
SIM2
SIM3
SIM4
1
21
22
SIM5
SIM1
SIM2
SIM3
SIM4
1
21
22
SIM5
SIM1
SIM2
SIM3
SIM4
1
21
22
SIM5
SIM1
SIM2
SIM3
SIM4
1
21
22
SIM5
SIM1
SIM2
SIM3
SIM4
1
21
22
SIM5
SIM1
SIM2
SIM3
SIM4
1
21
22
SIM5
SIM1
SIM2
SIM3
SIM4
1
21
22
SIM5
SIM1
SIM2
SIM3
SIM4
1
21
22
SIM5
SIM1
SIM2
SIM3
SIM4
1
21
22
SIM5
SIM1
SIM2
SIM3
SIM4
1
21
22
SIM5
SIM1
SIM2
SIM3
SIM4
1
21
22
SIM5
SIM1
SIM2
SIM3
SIM4
1
21
22
SIM5
SIM1
SIM2
SIM3
SIM4
1
21
22
SIM5
SIM1
SIM2
SIM3
SIM4
1
21
22
SIM5
SIM1
SIM2
SIM3
SIM4
1
21
22
SIM5
SIM1
SIM2
SIM3
SIM4
1
21
22
SIM5
SIM1
SIM2
SIM3
SIM4
1
21
22
SIM5
SIM1
SIM2
SIM3
SIM4
1
21
22
SIM5
SIM1
SIM2
SIM3
SIM4
1
21
22
SIM5
SIM1
SIM2
SIM3
SIM4
1
21
22
SIM5
SIM1
SIM2
SIM3
SIM4
1
21
22
SIM5
SIM1
SIM2
SIM3
SIM4
1
21
22
SIM5
SIM1
SIM2
SIM3
SIM4
1
21
22
SIM5
SIM1
SIM2
SIM3
SIM4
1
21
22
SIM5
SIM1
SIM2
SIM3
SIM4
1
21
22
SIM5
SIM1
SIM2
SIM3
SIM4
1
21
22
SIM5
SIM1
SIM2
SIM3
SIM4
1
21
22
SIM5
SIM1
SIM2
SIM3
SIM4
1
21
22
SIM5
SIM1
SIM2
SIM3
SIM4
1
21
22
SIM5
SIM1
SIM2
SIM3
SIM4
1
21
22
SIM5
SIM1
SIM2
SIM3
SIM4
1
21
22
SIM5
SIM1
SIM2
SIM3
SIM4
1
21
22
SIM5
SIM1
SIM2
SIM3
SIM4
1
21
22
SIM5
SIM1
SIM2
SIM3
SIM4
1
21
22
SIM5
SIM1
SIM2
SIM3
SIM4
1
21
22
SIM5
SIM1
SIM2
SIM3
SIM4
1
21
22
SIM5
SIM1
SIM2
SIM3
SIM4
1
21
22
SIM5
SIM1
SIM2
SIM3
SIM4
1
21
22
SIM5
SIM1
SIM2
SIM3
SIM4
1
21
22
SIM5
SIM1
SIM2
SIM3
SIM4
1
21
22
SIM5
SIM1
SIM2
SIM3
SIM4
1
21
22
SIM5
SIM1
SIM2
SIM3
SIM4
1
21
22
SIM5
SIM1
SIM2
SIM3
SIM4
1
21
22
SIM5
SIM1
SIM2
SIM3
SIM4
1
21
22
SIM5
SIM1
SIM2
SIM3
SIM4
1
21
22
SIM5
SIM1
SIM2
DEBUG 1 382
SIM1
SIM2
SIM3
SIM4
1
21
22
SIM5
SIM1
SIM2
SIM3
SIM4
1
21
22
SIM5
SIM1
SIM2
SIM3
SIM4
1
21
22
SIM5
SIM1
SIM2
SIM3
SIM4
1
21
22
SIM5
SIM1
SIM2
SIM3
SIM4
1
21
22
SIM5
SIM1
SIM2
SIM3
SIM4
1
21
22
SIM5
SIM1
SIM2
SIM3
SIM4
1
21
22
SIM5
SIM1
SIM2
SIM3
SIM4
1
21
22
SIM5
SIM1
SIM2
SIM3
SIM4
1
21
22
SIM5
SIM1
SIM2
SIM3
SIM4
1
21
22
SIM5
SIM1
SIM2
SIM3
SIM4
1
21
22
SIM5
SIM1
SIM2
SIM3
SIM4
1
21
22
SIM5
SIM1
SIM2
SIM3
SIM4
1
21
22
SIM5
SIM1
SIM2
SIM3
SIM4
1
21
22
SIM5
SIM1
SIM2
SIM3
SIM4
1
21
22
SIM5
SIM1
SIM2
SIM3
SIM4
1
21
22
SIM5
SIM1
SIM2
SIM3
SIM4
1
21
22
SIM5
SIM1
SIM2
SIM3
SIM4
1
21
22
SIM5
SIM1
SIM2
SIM3
SIM4
1
21
22
SIM5
SIM1
SIM2
SIM3
SIM4
1
21
22
SIM5
SIM1
SIM2
SIM3
SIM4
1
21
22
SIM5
SIM1
SIM2
SIM3
SIM4
1
21
22
SIM5
SIM1
SIM2
SIM3
SIM4
1
21
22
SIM5
SIM1
SIM2
SIM3
SIM4
1
21
22
SIM5
SIM1
SIM2
SIM3
SIM4
1
21
22
SIM5
SIM1
SIM2
SIM3
SIM4
1
21
22
SIM5
SIM1
SIM2
SIM3
SIM4
1
21
22
SIM5
SIM1
SIM2
SIM3
SIM4
1
21
22
SIM5
SIM1
SIM2
SIM3
SIM4
1
21
22
SIM5
SIM1
SIM2
SIM3
SIM4
1
21
22
SIM5
SIM1
SIM2
SIM3
SIM4
1
21
22
SIM5
SIM1
SIM2
SIM3
SIM4
1
21
22
SIM5
SIM1
SIM2
SIM3
SIM4
1
21
22
SIM5
SIM1
SIM2
SIM3
SIM4
1
21
22
SIM5
SIM1
SIM2
SIM3
SIM4
1
21
22
SIM5
SIM1
SIM2
SIM3
SIM4
1
21
22
SIM5
SIM1
SIM2
SIM3
SIM4
1
21
22
SIM5
SIM1
SIM2
SIM3
SIM4
1
21
22
SIM5
SIM1
SIM2
SIM3
SIM4
1
21
22
SIM5
SIM1
SIM2
SIM3
SIM4
1
21
22
SIM5
SIM1
SIM2
SIM3
SIM4
1
21
22
SIM5
SIM1
SIM2
SIM3
SIM4
1
21
22
SIM5
SIM1
SIM2
SIM3
SIM4
1
21
22
SIM5
SIM1
SIM2
SIM3
SIM4
1
21
22
SIM5
SIM1
SIM2
SIM3
SIM4
1
21
22
SIM5
SIM1
SIM2
SIM3
SIM4
1
21
22
SIM5
SIM1
SIM2
SIM3
SIM4
1
21
22
SIM5
SIM1
SIM2
SIM3
SIM4
1
21
22
SIM5
SIM1
SIM2
SIM3
SIM4
1
21
22
SIM5
SIM1
SIM2
SIM3
SIM4
1
21
22
SIM5
SIM1
SIM2
SIM3
SIM4
1
21
22
SIM5
SIM1
SIM2
SIM3
SIM4
1
21
22
SIM5
SIM1
SIM2
SIM3
SIM4
1
21
22
SIM5
SIM1
SIM2
SIM3
SIM4
1
21
22
SIM5
SIM1
SIM2
SIM3
SIM4
1
21
22
SIM5
SIM1
SIM2
SIM3
SIM4
1
21
22
SIM5
SIM1
SIM2
SIM3
SIM4
1
21
22
SIM5
SIM1
SIM2
SIM3
SIM4
1
21
22
SIM5
SIM1
SIM2
SIM3
SIM4
1
21
22
SIM5
SIM1
SIM2
SIM3
SIM4
1
21
22
SIM5
SIM1
SIM2
SIM3
SIM4
1
21
22
SIM5
SIM1
SIM2
SIM3
SIM4
1
21
22
SIM5
SIM1
SIM2
SIM3
SIM4
1
21
22
SIM5
SIM1
SIM2
SIM3
SIM4
1
21
22
SIM5
SIM1
SIM2
SIM3
SIM4
1
21
22
SIM5
SIM1
SIM2
SIM3
SIM4
1
21
22
SIM5
SIM1
SIM2
SIM3
SIM4
1
21
22
SIM5
SIM1
SIM2
SIM3
SIM4
1
21
22
SIM5
SIM1
SIM2
SIM3
SIM4
1
21
22
SIM5
SIM1
SIM2
SIM3
SIM4
1
21
22
SIM5
SIM1
SIM2
SIM3
SIM4
1
21
22
SIM5
SIM1
SIM2
SIM3
SIM4
1
21
22
SIM5
SIM1
SIM2
SIM3
SIM4
1
21
22
SIM5
SIM1
SIM2
SIM3
SIM4
1
21
22
SIM5
SIM1
SIM2
SIM3
SIM4
1
21
22
SIM5
SIM1
SIM2
SIM3
SIM4
1
21
22
SIM5
SIM1
SIM2
SIM3
SIM4
1
21
22
SIM5
SIM1
SIM2
SIM3
SIM4
1
21
22
SIM5
SIM1
SIM2
SIM3
SIM4
1
21
22
SIM5
SIM1
SIM2
SIM3
SIM4
1
21
22
SIM5
SIM1
SIM2
SIM3
SIM4
1
21
22
SIM5
SIM1
SIM2
SIM3
SIM4
1
21
22
SIM5
SIM1
SIM2
SIM3
SIM4
1
21
22
SIM5
SIM1
SIM2
SIM3
SIM4
1
21
22
SIM5
SIM1
SIM2
SIM3
SIM4
1
21
22
SIM5
SIM1
SIM2
SIM3
SIM4
1
21
22
SIM5
SIM1
SIM2
SIM3
SIM4
1
21
22
SIM5
SIM1
SIM2
SIM3
SIM4
1
21
22
SIM5
SIM1
SIM2
SIM3
SIM4
1
21
22
SIM5
SIM1
SIM2
SIM3
SIM4
1
21
22
SIM5
SIM1
SIM2
SIM3
SIM4
1
21
22
SIM5
SIM1
SIM2
SIM3
SIM4
1
21
22
SIM5
SIM1
SIM2
SIM3
SIM4
1
21
22
SIM5
SIM1
SIM2
SIM3
SIM4
1
21
22
SIM5
SIM1
SIM2
SIM3
SIM4
1
21
22
SIM5
SIM1
SIM2
SIM3
SIM4
1
21
22
SIM5
SIM1
SIM2
SIM3
SIM4
1
21
22
SIM5
SIM1
SIM2
SIM3
SIM4
1
21
22
SIM5
SIM1
SIM2
SIM3
SIM4
1
21
22
SIM5
SIM1
SIM2
SIM3
SIM4
1
21
22
SIM5
SIM1
SIM2
SIM3
SIM4
1
21
22
SIM5
SIM1
SIM2
SIM3
SIM4
1
21
22
SIM5
SIM1
SIM2
SIM3
SIM4
1
21
22
SIM5
SIM1
SIM2
SIM3
SIM4
1
21
22
SIM5
SIM1
SIM2
SIM3
SIM4
1
21
22
SIM5
SIM1
SIM2
SIM3
SIM4
1
21
22
SIM5
SIM1
SIM2
SIM3
SIM4
1
21
22
SIM5
SIM1
SIM2
SIM3
SIM4
1
21
22
SIM5
SIM1
SIM2
SIM3
SIM4
1
21
22
SIM5
SIM1
SIM2
SIM3
SIM4
1
21
22
SIM5
SIM1
SIM2
SIM3
SIM4
1
21
22
SIM5
SIM1
SIM2
SIM3
SIM4
1
21
22
SIM5
SIM1
SIM2
SIM3
SIM4
1
21
22
SIM5
SIM1
SIM2
SIM3
SIM4
1
21
22
SIM5
SIM1
SIM2
SIM3
SIM4
1
21
22
SIM5
SIM1
SIM2
SIM3
SIM4
1
21
22
SIM5
SIM1
SIM2
SIM3
SIM4
1
21
22
SIM5
SIM1
SIM2
SIM3
SIM4
1
21
22
SIM5
SIM1
SIM2
SIM3
SIM4
1
21
22
SIM5
SIM1
SIM2
SIM3
SIM4
1
21
22
SIM5
SIM1
SIM2
SIM3
SIM4
1
21
22
SIM5
SIM1
SIM2
SIM3
SIM4
1
21
22
SIM5
SIM1
SIM2
SIM3
SIM4
1
21
22
SIM5
SIM1
SIM2
SIM3
SIM4
1
21
22
SIM5
SIM1
SIM2
SIM3
SIM4
1
21
22
SIM5
SIM1
SIM2
SIM3
SIM4
1
21
22
SIM5
SIM1
SIM2
SIM3
SIM4
1
21
22
SIM5
SIM1
SIM2
SIM3
SIM4
1
21
22
SIM5
SIM1
SIM2
SIM3
SIM4
1
21
22
SIM5
SIM1
SIM2
SIM3
SIM4
1
21
22
SIM5
SIM1
SIM2
DEBUG 1 383
SIM1
SIM2
SIM3
SIM4
1
21
22
SIM5
SIM1
SIM2
SIM3
SIM4
1
21
22
SIM5
SIM1
SIM2
SIM3
SIM4
1
21
22
SIM5
SIM1
SIM2
SIM3
SIM4
1
21
22
SIM5
SIM1
SIM2
SIM3
SIM4
1
21
22
SIM5
SIM1
SIM2
SIM3
SIM4
1
21
22
SIM5
SIM1
SIM2
SIM3
SIM4
1
21
22
SIM5
SIM1
SIM2
SIM3
SIM4
1
21
22
SIM5
SIM1
SIM2
SIM3
SIM4
1
21
22
SIM5
SIM1
SIM2
SIM3
SIM4
1
21
22
SIM5
SIM1
SIM2
SIM3
SIM4
1
21
22
SIM5
SIM1
SIM2
SIM3
SIM4
1
21
22
SIM5
SIM1
SIM2
SIM3
SIM4
1
21
22
SIM5
SIM1
SIM2
SIM3
SIM4
1
21
22
SIM5
SIM1
SIM2
SIM3
SIM4
1
21
22
SIM5
SIM1
SIM2
SIM3
SIM4
1
21
22
SIM5
SIM1
SIM2
SIM3
SIM4
1
21
22
SIM5
SIM1
SIM2
SIM3
SIM4
1
21
22
SIM5
SIM1
SIM2
SIM3
SIM4
1
21
22
SIM5
SIM1
SIM2
SIM3
SIM4
1
21
22
SIM5
SIM1
SIM2
SIM3
SIM4
1
21
22
SIM5
SIM1
SIM2
SIM3
SIM4
1
21
22
SIM5
SIM1
SIM2
SIM3
SIM4
1
21
22
SIM5
SIM1
SIM2
SIM3
SIM4
1
21
22
SIM5
SIM1
SIM2
SIM3
SIM4
1
21
22
SIM5
SIM1
SIM2
SIM3
SIM4
1
21
22
SIM5
SIM1
SIM2
SIM3
SIM4
1
21
22
SIM5
SIM1
SIM2
SIM3
SIM4
1
21
22
SIM5
SIM1
SIM2
SIM3
SIM4
1
21
22
SIM5
SIM1
SIM2
SIM3
SIM4
1
21
22
SIM5
SIM1
SIM2
SIM3
SIM4
1
21
22
SIM5
SIM1
SIM2
SIM3
SIM4
1
21
22
SIM5
SIM1
SIM2
SIM3
SIM4
1
21
22
SIM5
SIM1
SIM2
SIM3
SIM4
1
21
22
SIM5
SIM1
SIM2
SIM3
SIM4
1
21
22
SIM5
SIM1
SIM2
SIM3
SIM4
1
21
22
SIM5
SIM1
SIM2
SIM3
SIM4
1
21
22
SIM5
SIM1
SIM2
SIM3
SIM4
1
21
22
SIM5
SIM1
SIM2
SIM3
SIM4
1
21
22
SIM5
SIM1
SIM2
SIM3
SIM4
1
21
22
SIM5
SIM1
SIM2
SIM3
SIM4
1
21
22
SIM5
SIM1
SIM2
SIM3
SIM4
1
21
22
SIM5
SIM1
SIM2
SIM3
SIM4
1
21
22
SIM5
SIM1
SIM2
SIM3
SIM4
1
21
22
SIM5
SIM1
SIM2
SIM3
SIM4
1
21
22
SIM5
SIM1
SIM2
SIM3
SIM4
1
21
22
SIM5
SIM1
SIM2
SIM3
SIM4
1
21
22
SIM5
SIM1
SIM2
SIM3
SIM4
1
21
22
SIM5
SIM1
SIM2
SIM3
SIM4
1
21
22
SIM5
SIM1
SIM2
SIM3
SIM4
1
21
22
SIM5
SIM1
SIM2
SIM3
SIM4
1
21
22
SIM5
SIM1
SIM2
SIM3
SIM4
1
21
22
SIM5
SIM1
SIM2
SIM3
SIM4
1
21
22
SIM5
SIM1
SIM2
SIM3
SIM4
1
21
22
SIM5
SIM1
SIM2
SIM3
SIM4
1
21
22
SIM5
SIM1
SIM2
SIM3
SIM4
1
21
22
SIM5
SIM1
SIM2
SIM3
SIM4
1
21
22
SIM5
SIM1
SIM2
SIM3
SIM4
1
21
22
SIM5
SIM1
SIM2
SIM3
SIM4
1
21
22
SIM5
SIM1
SIM2
SIM3
SIM4
1
21
22
SIM5
SIM1
SIM2
SIM3
SIM4
1
21
22
SIM5
SIM1
SIM2
SIM3
SIM4
1
21
22
SIM5
SIM1
SIM2
SIM3
SIM4
1
21
22
SIM5
SIM1
SIM2
SIM3
SIM4
1
21
22
SIM5
SIM1
SIM2
SIM3
SIM4
1
21
22
SIM5
SIM1
SIM2
SIM3
SIM4
1
21
22
SIM5
SIM1
SIM2
SIM3
SIM4
1
21
22
SIM5
SIM1
SIM2
SIM3
SIM4
1
21
22
SIM5
SIM1
SIM2
SIM3
SIM4
1
21
22
SIM5
SIM1
SIM2
SIM3
SIM4
1
21
22
SIM5
SIM1
SIM2
SIM3
SIM4
1
21
22
SIM5
SIM1
SIM2
SIM3
SIM4
1
21
22
SIM5
SIM1
SIM2
SIM3
SIM4
1
21
22
SIM5
SIM1
SIM2
SIM3
SIM4
1
21
22
SIM5
SIM1
SIM2
SIM3
SIM4
1
21
22
SIM5
SIM1
SIM2
SIM3
SIM4
1
21
22
SIM5
SIM1
SIM2
SIM3
SIM4
1
21
22
SIM5
SIM1
SIM2
SIM3
SIM4
1
21
22
SIM5
SIM1
SIM2
SIM3
SIM4
1
21
22
SIM5
SIM1
SIM2
SIM3
SIM4
1
21
22
SIM5
SIM1
SIM2
SIM3
SIM4
1
21
22
SIM5
SIM1
SIM2
SIM3
SIM4
1
21
22
SIM5
SIM1
SIM2
SIM3
SIM4
1
21
22
SIM5
SIM1
SIM2
SIM3
SIM4
1
21
22
SIM5
SIM1
SIM2
SIM3
SIM4
1
21
22
SIM5
SIM1
SIM2
SIM3
SIM4
1
21
22
SIM5
SIM1
SIM2
SIM3
SIM4
1
21
22
SIM5
SIM1
SIM2
SIM3
SIM4
1
21
22
SIM5
SIM1
SIM2
SIM3
SIM4
1
21
22
SIM5
SIM1
SIM2
SIM3
SIM4
1
21
22
SIM5
SIM1
SIM2
SIM3
SIM4
1
21
22
SIM5
SIM1
SIM2
SIM3
SIM4
1
21
22
SIM5
SIM1
SIM2
SIM3
SIM4
1
21
22
SIM5
SIM1
SIM2
SIM3
SIM4
1
21
22
SIM5
SIM1
SIM2
SIM3
SIM4
1
21
22
SIM5
SIM1
SIM2
SIM3
SIM4
1
21
22
SIM5
SIM1
SIM2
SIM3
SIM4
1
21
22
SIM5
SIM1
SIM2
SIM3
SIM4
1
21
22
SIM5
SIM1
SIM2
SIM3
SIM4
1
21
22
SIM5
SIM1
SIM2
SIM3
SIM4
1
21
22
SIM5
SIM1
SIM2
SIM3
SIM4
1
21
22
SIM5
SIM1
SIM2
SIM3
SIM4
1
21
22
SIM5
SIM1
SIM2
SIM3
SIM4
1
21
22
SIM5
SIM1
SIM2
SIM3
SIM4
1
21
22
SIM5
SIM1
SIM2
SIM3
SIM4
1
21
22
SIM5
SIM1
SIM2
SIM3
SIM4
1
21
22
SIM5
SIM1
SIM2
SIM3
SIM4
1
21
22
SIM5
SIM1
SIM2
SIM3
SIM4
1
21
22
SIM5
SIM1
SIM2
SIM3
SIM4
1
21
22
SIM5
SIM1
SIM2
SIM3
SIM4
1
21
22
SIM5
SIM1
SIM2
SIM3
SIM4
1
21
22
SIM5
SIM1
SIM2
SIM3
SIM4
1
21
22
SIM5
SIM1
SIM2
SIM3
SIM4
1
21
22
SIM5
SIM1
SIM2
SIM3
SIM4
1
21
22
SIM5
SIM1
SIM2
SIM3
SIM4
1
21
22
SIM5
SIM1
SIM2
SIM3
SIM4
1
21
22
SIM5
SIM1
SIM2
SIM3
SIM4
1
21
22
SIM5
SIM1
SIM2
SIM3
SIM4
1
21
22
SIM5
SIM1
SIM2
SIM3
SIM4
1
21
22
SIM5
SIM1
SIM2
SIM3
SIM4
1
21
22
SIM5
SIM1
SIM2
SIM3
SIM4
1
21
22
SIM5
SIM1
SIM2
SIM3
SIM4
1
21
22
SIM5
SIM1
SIM2
SIM3
SIM4
1
21
22
SIM5
SIM1
SIM2
SIM3
SIM4
1
21
22
SIM5
SIM1
SIM2
SIM3
SIM4
1
21
22
SIM5
SIM1
SIM2
SIM3
SIM4
1
21
22
SIM5
SIM1
SIM2
SIM3
SIM4
1
21
22
SIM5
SIM1
SIM2
SIM3
SIM4
1
21
22
SIM5
SIM1
SIM2
SIM3
SIM4
1
21
22
SIM5
SIM1
SIM2
SIM3
SIM4
1
21
22
SIM5
SIM1
SIM2
SIM3
SIM4
1
21
22
SIM5
SIM1
SIM2
SIM3
SIM4
1
21
22
SIM5
SIM1
SIM2
SIM3
SIM4
1
21
22
SIM5
SIM1
SIM2
SIM3
SIM4
1
21
22
SIM5
SIM1
SIM2
SIM3
SIM4
1
21
22
SIM5
SIM1
SIM2
SIM3
SIM4
1
21
22
SIM5
SIM1
SIM2
SIM3
SIM4
1
21
22
SIM5
SIM1
SIM2
SIM3
SIM4
1
21
22
SIM5
SIM1
SIM2
SIM3
SIM4
1
21
22
SIM5
SIM1
SIM2
SIM3
SIM4
1
21
22
SIM5
SIM1
SIM2
SIM3
SIM4
1
21
22
SIM5
SIM1
SIM2
SIM3
SIM4
1
21
22
SIM5
SIM1
SIM2
SIM3
SIM4
1
21
22
SIM5
SIM1
SIM2
SIM3
SIM4
1
21
22
SIM5
SIM1
SIM2
SIM3
SIM4
1
21
22
SIM5
SIM1
SIM2
SIM3
SIM4
1
21
22
SIM5
SIM1
SIM2
SIM3
SIM4
1
21
22
SIM5
SIM1
SIM2
SIM3
SIM4
1
21
22
SIM5
SIM1
SIM2
SIM3
SIM4
1
21
22
SIM5
SIM1
SIM2
SIM3
SIM4
1
21
22
SIM5
SIM1
SIM2
SIM3
SIM4
1
21
22
SIM5
SIM1
SIM2
SIM3
SIM4
1
21
22
SIM5
SIM1
SIM2
SIM3
SIM4
1
21
22
SIM5
SIM1
SIM2
SIM3
SIM4
1
21
22
SIM5
SIM1
SIM2
SIM3
SIM4
1
21
22
SIM5
SIM1
SIM2
SIM3
SIM4
1
21
22
SIM5
SIM1
SIM2
SIM3
SIM4
1
21
22
SIM5
SIM1
SIM2
SIM3
SIM4
1
21
22
SIM5
SIM1
SIM2
SIM3
SIM4
1
21
22
SIM5
SIM1
SIM2
SIM3
SIM4
1
21
22
SIM5
SIM1
SIM2
SIM3
SIM4
1
21
22
SIM5
SIM1
SIM2
SIM3
SIM4
1
21
22
SIM5
SIM1
SIM2
SIM3
SIM4
1
21
22
SIM5
SIM1
SIM2
SIM3
SIM4
1
21
22
SIM5
SIM1
SIM2
SIM3
SIM4
1
21
22
SIM5
SIM1
SIM2
SIM3
SIM4
1
21
22
SIM5
SIM1
SIM2
SIM3
SIM4
1
21
22
SIM5
SIM1
SIM2
SIM3
SIM4
1
21
22
SIM5
SIM1
SIM2
DEBUG 1 384
SIM1
SIM2
SIM3
SIM4
1
21
22
SIM5
SIM1
SIM2
SIM3
SIM4
1
21
22
SIM5
SIM1
SIM2
SIM3
SIM4
1
21
22
SIM5
SIM1
SIM2
SIM3
SIM4
1
21
22
SIM5
SIM1
SIM2
SIM3
SIM4
1
21
22
SIM5
SIM1
SIM2
SIM3
SIM4
1
21
22
SIM5
SIM1
SIM2
SIM3
SIM4
1
21
22
SIM5
SIM1
SIM2
SIM3
SIM4
1
21
22
SIM5
SIM1
SIM2
SIM3
SIM4
1
21
22
SIM5
SIM1
SIM2
SIM3
SIM4
1
21
22
SIM5
SIM1
SIM2
SIM3
SIM4
1
21
22
SIM5
SIM1
SIM2
SIM3
SIM4
1
21
22
SIM5
SIM1
SIM2
SIM3
SIM4
1
21
22
SIM5
SIM1
SIM2
SIM3
SIM4
1
21
22
SIM5
SIM1
SIM2
SIM3
SIM4
1
21
22
SIM5
SIM1
SIM2
SIM3
SIM4
1
21
22
SIM5
SIM1
SIM2
SIM3
SIM4
1
21
22
SIM5
SIM1
SIM2
SIM3
SIM4
1
21
22
SIM5
SIM1
SIM2
SIM3
SIM4
1
21
22
SIM5
SIM1
SIM2
SIM3
SIM4
1
21
22
SIM5
SIM1
SIM2
SIM3
SIM4
1
21
22
SIM5
SIM1
SIM2
SIM3
SIM4
1
21
22
SIM5
SIM1
SIM2
SIM3
SIM4
1
21
22
SIM5
SIM1
SIM2
SIM3
SIM4
1
21
22
SIM5
SIM1
SIM2
SIM3
SIM4
1
21
22
SIM5
SIM1
SIM2
SIM3
SIM4
1
21
22
SIM5
SIM1
SIM2
SIM3
SIM4
1
21
22
SIM5
SIM1
SIM2
SIM3
SIM4
1
21
22
SIM5
SIM1
SIM2
SIM3
SIM4
1
21
22
SIM5
SIM1
SIM2
SIM3
SIM4
1
21
22
SIM5
SIM1
SIM2
SIM3
SIM4
1
21
22
SIM5
SIM1
SIM2
SIM3
SIM4
1
21
22
SIM5
SIM1
SIM2
SIM3
SIM4
1
21
22
SIM5
SIM1
SIM2
SIM3
SIM4
1
21
22
SIM5
SIM1
SIM2
SIM3
SIM4
1
21
22
SIM5
SIM1
SIM2
SIM3
SIM4
1
21
22
SIM5
SIM1
SIM2
SIM3
SIM4
1
21
22
SIM5
SIM1
SIM2
SIM3
SIM4
1
21
22
SIM5
SIM1
SIM2
SIM3
SIM4
1
21
22
SIM5
SIM1
SIM2
SIM3
SIM4
1
21
22
SIM5
SIM1
SIM2
SIM3
SIM4
1
21
22
SIM5
SIM1
SIM2
SIM3
SIM4
1
21
22
SIM5
SIM1
SIM2
SIM3
SIM4
1
21
22
SIM5
SIM1
SIM2
SIM3
SIM4
1
21
22
SIM5
SIM1
SIM2
SIM3
SIM4
1
21
22
SIM5
SIM1
SIM2
SIM3
SIM4
1
21
22
SIM5
SIM1
SIM2
SIM3
SIM4
1
21
22
SIM5
SIM1
SIM2
SIM3
SIM4
1
21
22
SIM5
SIM1
SIM2
SIM3
SIM4
1
21
22
SIM5
SIM1
SIM2
SIM3
SIM4
1
21
22
SIM5
SIM1
SIM2
SIM3
SIM4
1
21
22
SIM5
SIM1
SIM2
SIM3
SIM4
1
21
22
SIM5
SIM1
SIM2
SIM3
SIM4
1
21
22
SIM5
SIM1
SIM2
SIM3
SIM4
1
21
22
SIM5
SIM1
SIM2
SIM3
SIM4
1
21
22
SIM5
SIM1
SIM2
SIM3
SIM4
1
21
22
SIM5
SIM1
SIM2
SIM3
SIM4
1
21
22
SIM5
SIM1
SIM2
SIM3
SIM4
1
21
22
SIM5
SIM1
SIM2
SIM3
SIM4
1
21
22
SIM5
SIM1
SIM2
SIM3
SIM4
1
21
22
SIM5
SIM1
SIM2
SIM3
SIM4
1
21
22
SIM5
SIM1
SIM2
SIM3
SIM4
1
21
22
SIM5
SIM1
SIM2
SIM3
SIM4
1
21
22
SIM5
SIM1
SIM2
SIM3
SIM4
1
21
22
SIM5
SIM1
SIM2
SIM3
SIM4
1
21
22
SIM5
SIM1
SIM2
SIM3
SIM4
1
21
22
SIM5
SIM1
SIM2
SIM3
SIM4
1
21
22
SIM5
SIM1
SIM2
SIM3
SIM4
1
21
22
SIM5
SIM1
SIM2
SIM3
SIM4
1
21
22
SIM5
SIM1
SIM2
SIM3
SIM4
1
21
22
SIM5
SIM1
SIM2
SIM3
SIM4
1
21
22
SIM5
SIM1
SIM2
SIM3
SIM4
1
21
22
SIM5
SIM1
SIM2
SIM3
SIM4
1
21
22
SIM5
SIM1
SIM2
SIM3
SIM4
1
21
22
SIM5
SIM1
SIM2
SIM3
SIM4
1
21
22
SIM5
SIM1
SIM2
SIM3
SIM4
1
21
22
SIM5
SIM1
SIM2
SIM3
SIM4
1
21
22
SIM5
SIM1
SIM2
SIM3
SIM4
1
21
22
SIM5
SIM1
SIM2
SIM3
SIM4
1
21
22
SIM5
SIM1
SIM2
SIM3
SIM4
1
21
22
SIM5
SIM1
SIM2
SIM3
SIM4
1
21
22
SIM5
SIM1
SIM2
SIM3
SIM4
1
21
22
SIM5
SIM1
SIM2
SIM3
SIM4
1
21
22
SIM5
SIM1
SIM2
SIM3
SIM4
1
21
22
SIM5
SIM1
SIM2
SIM3
SIM4
1
21
22
SIM5
SIM1
SIM2
SIM3
SIM4
1
21
22
SIM5
SIM1
SIM2
SIM3
SIM4
1
21
22
SIM5
SIM1
SIM2
SIM3
SIM4
1
21
22
SIM5
SIM1
SIM2
SIM3
SIM4
1
21
22
SIM5
SIM1
SIM2
SIM3
SIM4
1
21
22
SIM5
SIM1
SIM2
SIM3
SIM4
1
21
22
SIM5
SIM1
SIM2
SIM3
SIM4
1
21
22
SIM5
SIM1
SIM2
SIM3
SIM4
1
21
22
SIM5
SIM1
SIM2
SIM3
SIM4
1
21
22
SIM5
SIM1
SIM2
SIM3
SIM4
1
21
22
SIM5
SIM1
SIM2
SIM3
SIM4
1
21
22
SIM5
SIM1
SIM2
SIM3
SIM4
1
21
22
SIM5
SIM1
SIM2
SIM3
SIM4
1
21
22
SIM5
SIM1
SIM2
SIM3
SIM4
1
21
22
SIM5
SIM1
SIM2
SIM3
SIM4
1
21
22
SIM5
SIM1
SIM2
SIM3
SIM4
1
21
22
SIM5
SIM1
SIM2
SIM3
SIM4
1
21
22
SIM5
SIM1
SIM2
SIM3
SIM4
1
21
22
SIM5
SIM1
SIM2
SIM3
SIM4
1
21
22
SIM5
SIM1
SIM2
SIM3
SIM4
1
21
22
SIM5
SIM1
SIM2
SIM3
SIM4
1
21
22
SIM5
SIM1
SIM2
SIM3
SIM4
1
21
22
SIM5
SIM1
SIM2
SIM3
SIM4
1
21
22
SIM5
SIM1
SIM2
SIM3
SIM4
1
21
22
SIM5
SIM1
SIM2
SIM3
SIM4
1
21
22
SIM5
SIM1
SIM2
SIM3
SIM4
1
21
22
SIM5
SIM1
SIM2
SIM3
SIM4
1
21
22
SIM5
SIM1
SIM2
SIM3
SIM4
1
21
22
SIM5
SIM1
SIM2
SIM3
SIM4
1
21
22
SIM5
SIM1
SIM2
SIM3
SIM4
1
21
22
SIM5
SIM1
SIM2
SIM3
SIM4
1
21
22
SIM5
SIM1
SIM2
SIM3
SIM4
1
21
22
SIM5
SIM1
SIM2
SIM3
SIM4
1
21
22
SIM5
SIM1
SIM2
SIM3
SIM4
1
21
22
SIM5
SIM1
SIM2
SIM3
SIM4
1
21
22
SIM5
SIM1
SIM2
SIM3
SIM4
1
21
22
SIM5
SIM1
SIM2
SIM3
SIM4
1
21
22
SIM5
SIM1
SIM2
SIM3
SIM4
1
21
22
SIM5
SIM1
SIM2
SIM3
SIM4
1
21
22
SIM5
SIM1
SIM2
SIM3
SIM4
1
21
22
SIM5
SIM1
SIM2
SIM3
SIM4
1
21
22
SIM5
SIM1
SIM2
SIM3
SIM4
1
21
22
SIM5
SIM1
SIM2
SIM3
SIM4
1
21
22
SIM5
SIM1
SIM2
SIM3
SIM4
1
21
22
SIM5
SIM1
SIM2
SIM3
SIM4
1
21
22
SIM5
SIM1
SIM2
SIM3
SIM4
1
21
22
SIM5
SIM1
SIM2
SIM3
SIM4
1
21
22
SIM5
SIM1
SIM2
SIM3
SIM4
1
21
22
SIM5
SIM1
SIM2
SIM3
SIM4
1
21
22
SIM5
SIM1
SIM2
SIM3
SIM4
1
21
22
SIM5
SIM1
SIM2
SIM3
SIM4
1
21
22
SIM5
SIM1
SIM2
SIM3
SIM4
1
21
22
SIM5
SIM1
SIM2
SIM3
SIM4
1
21
22
SIM5
SIM1
SIM2
SIM3
SIM4
1
21
22
SIM5
SIM1
SIM2
SIM3
SIM4
1
21
22
SIM5
SIM1
SIM2
SIM3
SIM4
1
21
22
SIM5
SIM1
SIM2
SIM3
SIM4
1
21
22
SIM5
SIM1
SIM2
SIM3
SIM4
1
21
22
SIM5
SIM1
SIM2
SIM3
SIM4
1
21
22
SIM5
SIM1
SIM2
SIM3
SIM4
1
21
22
SIM5
SIM1
SIM2
SIM3
SIM4
1
21
22
SIM5
SIM1
SIM2
SIM3
SIM4
1
21
22
SIM5
SIM1
SIM2
SIM3
SIM4
1
21
22
SIM5
SIM1
SIM2
SIM3
SIM4
1
21
22
SIM5
SIM1
SIM2
SIM3
SIM4
1
21
22
SIM5
SIM1
SIM2
SIM3
SIM4
1
21
22
SIM5
SIM1
SIM2
SIM3
SIM4
1
21
22
SIM5
SIM1
SIM2
SIM3
SIM4
1
21
22
SIM5
SIM1
SIM2
SIM3
SIM4
1
21
22
SIM5
SIM1
SIM2
SIM3
SIM4
1
21
22
SIM5
SIM1
SIM2
SIM3
SIM4
1
21
22
SIM5
SIM1
SIM2
SIM3
SIM4
1
21
22
SIM5
SIM1
SIM2
SIM3
SIM4
1
21
22
SIM5
SIM1
SIM2
SIM3
SIM4
1
21
22
SIM5
SIM1
SIM2
SIM3
SIM4
1
21
22
SIM5
SIM1
SIM2
SIM3
SIM4
1
21
22
SIM5
SIM1
SIM2
SIM3
SIM4
1
21
22
SIM5
SIM1
SIM2
SIM3
SIM4
1
21
22
SIM5
SIM1
SIM2
SIM3
SIM4
1
21
22
SIM5
SIM1
SIM2
SIM3
SIM4
1
21
22
SIM5
SIM1
SIM2
SIM3
SIM4
1
21
22
SIM5
SIM1
SIM2
SIM3
SIM4
1
21
22
SIM5
SIM1
SIM2
SIM3
SIM4
1
21
22
SIM5
SIM1
SIM2
SIM3
SIM4
1
21
22
SIM5
SIM1
SIM2
SIM3
SIM4
1
21
22
SIM5
SIM1
SIM2
SIM3
SIM4
1
21
22
SIM5
SIM1
SIM2
SIM3
SIM4
1
21
22
SIM5
SIM1
SIM2
SIM3
SIM4
1
21
22
SIM5
SIM1
SIM2
SIM3
SIM4
1
21
22
SIM5
SIM1
SIM2
SIM3
SIM4
1
21
22
SIM5
SIM1
SIM2
SIM3
SIM4
1
21
22
SIM5
SIM1
SIM2
SIM3
SIM4
1
21
22
SIM5
SIM1
SIM2
SIM3
SIM4
1
21
22
SIM5
SIM1
SIM2
SIM3
SIM4
1
21
22
SIM5
SIM1
SIM2
SIM3
SIM4
1
21
22
SIM5
SIM1
SIM2
SIM3
SIM4
1
21
22
SIM5
SIM1
SIM2
SIM3
SIM4
1
21
22
SIM5
SIM1
SIM2
SIM3
SIM4
1
21
22
SIM5
SIM1
SIM2
SIM3
SIM4
1
21
22
SIM5
SIM1
SIM2
SIM3
SIM4
1
21
22
SIM5
SIM1
SIM2
SIM3
SIM4
1
21
22
SIM5
SIM1
SIM2
SIM3
SIM4
1
21
22
SIM5
SIM1
SIM2
SIM3
SIM4
1
21
22
SIM5
SIM1
SIM2
SIM3
SIM4
1
21
22
SIM5
SIM1
SIM2
SIM3
SIM4
1
21
22
SIM5
SIM1
SIM2
SIM3
SIM4
1
21
22
SIM5
SIM1
SIM2
SIM3
SIM4
1
21
22
SIM5
SIM1
SIM2
SIM3
SIM4
1
21
22
SIM5
SIM1
SIM2
SIM3
SIM4
1
21
22
SIM5
SIM1
SIM2
SIM3
SIM4
1
21
22
SIM5
SIM1
SIM2
SIM3
SIM4
1
21
22
SIM5
SIM1
SIM2
SIM3
SIM4
1
21
22
SIM5
SIM1
SIM2
SIM3
SIM4
1
21
22
SIM5
SIM1
SIM2
SIM3
SIM4
1
21
22
SIM5
SIM1
SIM2
SIM3
SIM4
1
21
22
SIM5
SIM1
SIM2
SIM3
SIM4
1
21
22
SIM5
SIM1
SIM2
SIM3
SIM4
1
21
22
SIM5
SIM1
SIM2
SIM3
SIM4
1
21
22
SIM5
SIM1
SIM2
SIM3
SIM4
1
21
22
SIM5
SIM1
SIM2
SIM3
SIM4
1
21
22
SIM5
SIM1
SIM2
SIM3
SIM4
1
21
22
SIM5
SIM1
SIM2
SIM3
SIM4
1
21
22
SIM5
SIM1
SIM2
SIM3
SIM4
1
21
22
SIM5
SIM1
SIM2
SIM3
SIM4
1
21
22
SIM5
SIM1
SIM2
SIM3
SIM4
1
21
22
SIM5
SIM1
SIM2
SIM3
SIM4
1
21
22
SIM5
SIM1
SIM2
SIM3
SIM4
1
21
22
SIM5
SIM1
SIM2
SIM3
SIM4
1
21
22
SIM5
SIM1
SIM2
SIM3
SIM4
1
21
22
SIM5
SIM1
SIM2
SIM3
SIM4
1
21
22
SIM5
SIM1
SIM2
SIM3
SIM4
1
21
22
SIM5
SIM1
SIM2
SIM3
SIM4
1
21
22
SIM5
SIM1
SIM2
SIM3
SIM4
1
21
22
SIM5
SIM1
SIM2
SIM3
SIM4
1
21
22
SIM5
SIM1
SIM2
SIM3
SIM4
1
21
22
SIM5
SIM1
SIM2
SIM3
SIM4
1
21
22
SIM5
SIM1
SIM2
SIM3
SIM4
1
21
22
SIM5
SIM1
SIM2
SIM3
SIM4
1
21
22
SIM5
SIM1
SIM2
SIM3
SIM4
1
21
22
SIM5
SIM1
SIM2
SIM3
SIM4
1
21
22
SIM5
SIM1
SIM2
SIM3
SIM4
1
21
22
SIM5
SIM1
SIM2
SIM3
SIM4
1
21
22
SIM5
SIM1
SIM2
SIM3
SIM4
1
21
22
SIM5
SIM1
SIM2
SIM3
SIM4
1
21
22
SIM5
SIM1
SIM2
SIM3
SIM4
1
21
22
SIM5
SIM1
SIM2
SIM3
SIM4
1
21
22
SIM5
SIM1
SIM2
SIM3
SIM4
1
21
22
SIM5
SIM1
SIM2
SIM3
SIM4
1
21
22
SIM5
SIM1
SIM2
SIM3
SIM4
1
21
22
SIM5
SIM1
SIM2
SIM3
SIM4
1
21
22
SIM5
SIM1
SIM2
SIM3
SIM4
1
21
22
SIM5
SIM1
SIM2
SIM3
SIM4
1
21
22
SIM5
SIM1
SIM2
SIM3
SIM4
1
21
22
SIM5
SIM1
SIM2
SIM3
SIM4
1
21
22
SIM5
SIM1
SIM2
SIM3
SIM4
1
21
22
SIM5
SIM1
SIM2
SIM3
SIM4
1
21
22
SIM5
SIM1
SIM2
SIM3
SIM4
1
21
22
SIM5
SIM1
SIM2
SIM3
SIM4
1
21
22
SIM5
SIM1
SIM2
SIM3
SIM4
1
21
22
SIM5
SIM1
SIM2
SIM3
SIM4
1
21
22
SIM5
SIM1
SIM2
SIM3
SIM4
1
21
22
SIM5
SIM1
SIM2
SIM3
SIM4
1
21
22
SIM5
SIM1
SIM2
SIM3
SIM4
1
21
22
SIM5
SIM1
SIM2
SIM3
SIM4
1
21
22
SIM5
SIM1
SIM2
DEBUG 1 385
SIM1
SIM2
SIM3
SIM4
1
21
22
SIM5
SIM1
SIM2
SIM3
SIM4
1
21
22
SIM5
SIM1
SIM2
SIM3
SIM4
1
21
22
SIM5
SIM1
SIM2
SIM3
SIM4
1
21
22
SIM5
SIM1
SIM2
SIM3
SIM4
1
21
22
SIM5
SIM1
SIM2
SIM3
SIM4
1
21
22
SIM5
SIM1
SIM2
SIM3
SIM4
1
21
22
SIM5
SIM1
SIM2
SIM3
SIM4
1
21
22
SIM5
SIM1
SIM2
SIM3
SIM4
1
21
22
SIM5
SIM1
SIM2
SIM3
SIM4
1
21
22
SIM5
SIM1
SIM2
SIM3
SIM4
1
21
22
SIM5
SIM1
SIM2
SIM3
SIM4
1
21
22
SIM5
SIM1
SIM2
SIM3
SIM4
1
21
22
SIM5
SIM1
SIM2
SIM3
SIM4
1
21
22
SIM5
SIM1
SIM2
SIM3
SIM4
1
21
22
SIM5
SIM1
SIM2
SIM3
SIM4
1
21
22
SIM5
SIM1
SIM2
SIM3
SIM4
1
21
22
SIM5
SIM1
SIM2
SIM3
SIM4
1
21
22
SIM5
SIM1
SIM2
SIM3
SIM4
1
21
22
SIM5
SIM1
SIM2
SIM3
SIM4
1
21
22
SIM5
SIM1
SIM2
SIM3
SIM4
1
21
22
SIM5
SIM1
SIM2
SIM3
SIM4
1
21
22
SIM5
SIM1
SIM2
SIM3
SIM4
1
21
22
SIM5
SIM1
SIM2
SIM3
SIM4
1
21
22
SIM5
SIM1
SIM2
SIM3
SIM4
1
21
22
SIM5
SIM1
SIM2
SIM3
SIM4
1
21
22
SIM5
SIM1
SIM2
SIM3
SIM4
1
21
22
SIM5
SIM1
SIM2
SIM3
SIM4
1
21
22
SIM5
SIM1
SIM2
SIM3
SIM4
1
21
22
SIM5
SIM1
SIM2
SIM3
SIM4
1
21
22
SIM5
SIM1
SIM2
SIM3
SIM4
1
21
22
SIM5
SIM1
SIM2
SIM3
SIM4
1
21
22
SIM5
SIM1
SIM2
SIM3
SIM4
1
21
22
SIM5
SIM1
SIM2
SIM3
SIM4
1
21
22
SIM5
SIM1
SIM2
SIM3
SIM4
1
21
22
SIM5
SIM1
SIM2
SIM3
SIM4
1
21
22
SIM5
SIM1
SIM2
SIM3
SIM4
1
21
22
SIM5
SIM1
SIM2
SIM3
SIM4
1
21
22
SIM5
SIM1
SIM2
SIM3
SIM4
1
21
22
SIM5
SIM1
SIM2
SIM3
SIM4
1
21
22
SIM5
SIM1
SIM2
SIM3
SIM4
1
21
22
SIM5
SIM1
SIM2
SIM3
SIM4
1
21
22
SIM5
SIM1
SIM2
SIM3
SIM4
1
21
22
SIM5
SIM1
SIM2
SIM3
SIM4
1
21
22
SIM5
SIM1
SIM2
SIM3
SIM4
1
21
22
SIM5
SIM1
SIM2
SIM3
SIM4
1
21
22
SIM5
SIM1
SIM2
SIM3
SIM4
1
21
22
SIM5
SIM1
SIM2
SIM3
SIM4
1
21
22
SIM5
SIM1
SIM2
SIM3
SIM4
1
21
22
SIM5
SIM1
SIM2
SIM3
SIM4
1
21
22
SIM5
SIM1
SIM2
SIM3
SIM4
1
21
22
SIM5
SIM1
SIM2
SIM3
SIM4
1
21
22
SIM5
SIM1
SIM2
SIM3
SIM4
1
21
22
SIM5
SIM1
SIM2
SIM3
SIM4
1
21
22
SIM5
SIM1
SIM2
SIM3
SIM4
1
21
22
SIM5
SIM1
SIM2
SIM3
SIM4
1
21
22
SIM5
SIM1
SIM2
SIM3
SIM4
1
21
22
SIM5
SIM1
SIM2
SIM3
SIM4
1
21
22
SIM5
SIM1
SIM2
SIM3
SIM4
1
21
22
SIM5
SIM1
SIM2
SIM3
SIM4
1
21
22
SIM5
SIM1
SIM2
SIM3
SIM4
1
21
22
SIM5
SIM1
SIM2
SIM3
SIM4
1
21
22
SIM5
SIM1
SIM2
SIM3
SIM4
1
21
22
SIM5
SIM1
SIM2
SIM3
SIM4
1
21
22
SIM5
SIM1
SIM2
SIM3
SIM4
1
21
22
SIM5
SIM1
SIM2
SIM3
SIM4
1
21
22
SIM5
SIM1
SIM2
SIM3
SIM4
1
21
22
SIM5
SIM1
SIM2
SIM3
SIM4
1
21
22
SIM5
SIM1
SIM2
SIM3
SIM4
1
21
22
SIM5
SIM1
SIM2
SIM3
SIM4
1
21
22
SIM5
SIM1
SIM2
SIM3
SIM4
1
21
22
SIM5
SIM1
SIM2
SIM3
SIM4
1
21
22
SIM5
SIM1
SIM2
SIM3
SIM4
1
21
22
SIM5
SIM1
SIM2
SIM3
SIM4
1
21
22
SIM5
SIM1
SIM2
SIM3
SIM4
1
21
22
SIM5
SIM1
SIM2
SIM3
SIM4
1
21
22
SIM5
SIM1
SIM2
SIM3
SIM4
1
21
22
SIM5
SIM1
SIM2
SIM3
SIM4
1
21
22
SIM5
SIM1
SIM2
SIM3
SIM4
1
21
22
SIM5
SIM1
SIM2
SIM3
SIM4
1
21
22
SIM5
SIM1
SIM2
SIM3
SIM4
1
21
22
SIM5
SIM1
SIM2
SIM3
SIM4
1
21
22
SIM5
SIM1
SIM2
SIM3
SIM4
1
21
22
SIM5
SIM1
SIM2
SIM3
SIM4
1
21
22
SIM5
SIM1
SIM2
SIM3
SIM4
1
21
22
SIM5
SIM1
SIM2
SIM3
SIM4
1
21
22
SIM5
SIM1
SIM2
SIM3
SIM4
1
21
22
SIM5
SIM1
SIM2
SIM3
SIM4
1
21
22
SIM5
SIM1
SIM2
SIM3
SIM4
1
21
22
SIM5
SIM1
SIM2
SIM3
SIM4
1
21
22
SIM5
SIM1
SIM2
SIM3
SIM4
1
21
22
SIM5
SIM1
SIM2
SIM3
SIM4
1
21
22
SIM5
SIM1
SIM2
SIM3
SIM4
1
21
22
SIM5
SIM1
SIM2
SIM3
SIM4
1
21
22
SIM5
SIM1
SIM2
SIM3
SIM4
1
21
22
SIM5
SIM1
SIM2
SIM3
SIM4
1
21
22
SIM5
SIM1
SIM2
SIM3
SIM4
1
21
22
SIM5
SIM1
SIM2
SIM3
SIM4
1
21
22
SIM5
SIM1
SIM2
SIM3
SIM4
1
21
22
SIM5
SIM1
SIM2
SIM3
SIM4
1
21
22
SIM5
SIM1
SIM2
SIM3
SIM4
1
21
22
SIM5
SIM1
SIM2
SIM3
SIM4
1
21
22
SIM5
SIM1
SIM2
SIM3
SIM4
1
21
22
SIM5
SIM1
SIM2
SIM3
SIM4
1
21
22
SIM5
SIM1
SIM2
SIM3
SIM4
1
21
22
SIM5
SIM1
SIM2
SIM3
SIM4
1
21
22
SIM5
SIM1
SIM2
SIM3
SIM4
1
21
22
SIM5
SIM1
SIM2
SIM3
SIM4
1
21
22
SIM5
SIM1
SIM2
SIM3
SIM4
1
21
22
SIM5
SIM1
SIM2
SIM3
SIM4
1
21
22
SIM5
SIM1
SIM2
SIM3
SIM4
1
21
22
SIM5
SIM1
SIM2
SIM3
SIM4
1
21
22
SIM5
SIM1
SIM2
SIM3
SIM4
1
21
22
SIM5
SIM1
SIM2
SIM3
SIM4
1
21
22
SIM5
SIM1
SIM2
SIM3
SIM4
1
21
22
SIM5
SIM1
SIM2
SIM3
SIM4
1
21
22
SIM5
SIM1
SIM2
SIM3
SIM4
1
21
22
SIM5
SIM1
SIM2
SIM3
SIM4
1
21
22
SIM5
SIM1
SIM2
SIM3
SIM4
1
21
22
SIM5
SIM1
SIM2
SIM3
SIM4
1
21
22
SIM5
SIM1
SIM2
SIM3
SIM4
1
21
22
SIM5
SIM1
SIM2
SIM3
SIM4
1
21
22
SIM5
SIM1
SIM2
SIM3
SIM4
1
21
22
SIM5
SIM1
SIM2
SIM3
SIM4
1
21
22
SIM5
SIM1
SIM2
SIM3
SIM4
1
21
22
SIM5
SIM1
SIM2
SIM3
SIM4
1
21
22
SIM5
SIM1
SIM2
SIM3
SIM4
1
21
22
SIM5
SIM1
SIM2
SIM3
SIM4
1
21
22
SIM5
SIM1
SIM2
SIM3
SIM4
1
21
22
SIM5
SIM1
SIM2
SIM3
SIM4
1
21
22
SIM5
SIM1
SIM2
SIM3
SIM4
1
21
22
SIM5
SIM1
SIM2
SIM3
SIM4
1
21
22
SIM5
SIM1
SIM2
SIM3
SIM4
1
21
22
SIM5
SIM1
SIM2
SIM3
SIM4
1
21
22
SIM5
SIM1
SIM2
SIM3
SIM4
1
21
22
SIM5
SIM1
SIM2
SIM3
SIM4
1
21
22
SIM5
SIM1
SIM2
SIM3
SIM4
1
21
22
SIM5
SIM1
SIM2
SIM3
SIM4
1
21
22
SIM5
SIM1
SIM2
SIM3
SIM4
1
21
22
SIM5
SIM1
SIM2
SIM3
SIM4
1
21
22
SIM5
SIM1
SIM2
SIM3
SIM4
1
21
22
SIM5
SIM1
SIM2
SIM3
SIM4
1
21
22
SIM5
SIM1
SIM2
SIM3
SIM4
1
21
22
SIM5
SIM1
SIM2
SIM3
SIM4
1
21
22
SIM5
SIM1
SIM2
SIM3
SIM4
1
21
22
SIM5
SIM1
SIM2
SIM3
SIM4
1
21
22
SIM5
SIM1
SIM2
SIM3
SIM4
1
21
22
SIM5
SIM1
SIM2
SIM3
SIM4
1
21
22
SIM5
SIM1
SIM2
SIM3
SIM4
1
21
22
SIM5
SIM1
SIM2
SIM3
SIM4
1
21
22
SIM5
SIM1
SIM2
SIM3
SIM4
1
21
22
SIM5
SIM1
SIM2
SIM3
SIM4
1
21
22
SIM5
SIM1
SIM2
SIM3
SIM4
1
21
22
SIM5
SIM1
SIM2
SIM3
SIM4
1
21
22
SIM5
SIM1
SIM2
SIM3
SIM4
1
21
22
SIM5
SIM1
SIM2
SIM3
SIM4
1
21
22
SIM5
SIM1
SIM2
SIM3
SIM4
1
21
22
SIM5
SIM1
SIM2
SIM3
SIM4
1
21
22
SIM5
SIM1
SIM2
SIM3
SIM4
1
21
22
SIM5
SIM1
SIM2
SIM3
SIM4
1
21
22
SIM5
SIM1
SIM2
SIM3
SIM4
1
21
22
SIM5
SIM1
SIM2
SIM3
SIM4
1
21
22
SIM5
SIM1
SIM2
SIM3
SIM4
1
21
22
SIM5
SIM1
SIM2
SIM3
SIM4
1
21
22
SIM5
SIM1
SIM2
SIM3
SIM4
1
21
22
SIM5
SIM1
SIM2
SIM3
SIM4
1
21
22
SIM5
SIM1
SIM2
SIM3
SIM4
1
21
22
SIM5
SIM1
SIM2
SIM3
SIM4
1
21
22
SIM5
SIM1
SIM2
SIM3
SIM4
1
21
22
SIM5
SIM1
SIM2
SIM3
SIM4
1
21
22
SIM5
SIM1
SIM2
SIM3
SIM4
1
21
22
SIM5
SIM1
SIM2
DEBUG 1 386
SIM1
SIM2
SIM3
SIM4
1
21
22
SIM5
SIM1
SIM2
SIM3
SIM4
1
21
22
SIM5
SIM1
SIM2
SIM3
SIM4
1
21
22
SIM5
SIM1
SIM2
SIM3
SIM4
1
21
22
SIM5
SIM1
SIM2
SIM3
SIM4
1
21
22
SIM5
SIM1
SIM2
SIM3
SIM4
1
21
22
SIM5
SIM1
SIM2
SIM3
SIM4
1
21
22
SIM5
SIM1
SIM2
SIM3
SIM4
1
21
22
SIM5
SIM1
SIM2
SIM3
SIM4
1
21
22
SIM5
SIM1
SIM2
SIM3
SIM4
1
21
22
SIM5
SIM1
SIM2
SIM3
SIM4
1
21
22
SIM5
SIM1
SIM2
SIM3
SIM4
1
21
22
SIM5
SIM1
SIM2
SIM3
SIM4
1
21
22
SIM5
SIM1
SIM2
SIM3
SIM4
1
21
22
SIM5
SIM1
SIM2
SIM3
SIM4
1
21
22
SIM5
SIM1
SIM2
SIM3
SIM4
1
21
22
SIM5
SIM1
SIM2
SIM3
SIM4
1
21
22
SIM5
SIM1
SIM2
SIM3
SIM4
1
21
22
SIM5
SIM1
SIM2
SIM3
SIM4
1
21
22
SIM5
SIM1
SIM2
SIM3
SIM4
1
21
22
SIM5
SIM1
SIM2
SIM3
SIM4
1
21
22
SIM5
SIM1
SIM2
SIM3
SIM4
1
21
22
SIM5
SIM1
SIM2
SIM3
SIM4
1
21
22
SIM5
SIM1
SIM2
SIM3
SIM4
1
21
22
SIM5
SIM1
SIM2
SIM3
SIM4
1
21
22
SIM5
SIM1
SIM2
SIM3
SIM4
1
21
22
SIM5
SIM1
SIM2
SIM3
SIM4
1
21
22
SIM5
SIM1
SIM2
SIM3
SIM4
1
21
22
SIM5
SIM1
SIM2
SIM3
SIM4
1
21
22
SIM5
SIM1
SIM2
SIM3
SIM4
1
21
22
SIM5
SIM1
SIM2
SIM3
SIM4
1
21
22
SIM5
SIM1
SIM2
SIM3
SIM4
1
21
22
SIM5
SIM1
SIM2
SIM3
SIM4
1
21
22
SIM5
SIM1
SIM2
SIM3
SIM4
1
21
22
SIM5
SIM1
SIM2
SIM3
SIM4
1
21
22
SIM5
SIM1
SIM2
SIM3
SIM4
1
21
22
SIM5
SIM1
SIM2
SIM3
SIM4
1
21
22
SIM5
SIM1
SIM2
SIM3
SIM4
1
21
22
SIM5
SIM1
SIM2
SIM3
SIM4
1
21
22
SIM5
SIM1
SIM2
SIM3
SIM4
1
21
22
SIM5
SIM1
SIM2
SIM3
SIM4
1
21
22
SIM5
SIM1
SIM2
SIM3
SIM4
1
21
22
SIM5
SIM1
SIM2
SIM3
SIM4
1
21
22
SIM5
SIM1
SIM2
SIM3
SIM4
1
21
22
SIM5
SIM1
SIM2
SIM3
SIM4
1
21
22
SIM5
SIM1
SIM2
SIM3
SIM4
1
21
22
SIM5
SIM1
SIM2
SIM3
SIM4
1
21
22
SIM5
SIM1
SIM2
SIM3
SIM4
1
21
22
SIM5
SIM1
SIM2
SIM3
SIM4
1
21
22
SIM5
SIM1
SIM2
SIM3
SIM4
1
21
22
SIM5
SIM1
SIM2
SIM3
SIM4
1
21
22
SIM5
SIM1
SIM2
SIM3
SIM4
1
21
22
SIM5
SIM1
SIM2
SIM3
SIM4
1
21
22
SIM5
SIM1
SIM2
SIM3
SIM4
1
21
22
SIM5
SIM1
SIM2
SIM3
SIM4
1
21
22
SIM5
SIM1
SIM2
SIM3
SIM4
1
21
22
SIM5
SIM1
SIM2
SIM3
SIM4
1
21
22
SIM5
SIM1
SIM2
SIM3
SIM4
1
21
22
SIM5
SIM1
SIM2
SIM3
SIM4
1
21
22
SIM5
SIM1
SIM2
SIM3
SIM4
1
21
22
SIM5
SIM1
SIM2
SIM3
SIM4
1
21
22
SIM5
SIM1
SIM2
SIM3
SIM4
1
21
22
SIM5
SIM1
SIM2
SIM3
SIM4
1
21
22
SIM5
SIM1
SIM2
SIM3
SIM4
1
21
22
SIM5
SIM1
SIM2
SIM3
SIM4
1
21
22
SIM5
SIM1
SIM2
SIM3
SIM4
1
21
22
SIM5
SIM1
SIM2
SIM3
SIM4
1
21
22
SIM5
SIM1
SIM2
SIM3
SIM4
1
21
22
SIM5
SIM1
SIM2
SIM3
SIM4
1
21
22
SIM5
SIM1
SIM2
SIM3
SIM4
1
21
22
SIM5
SIM1
SIM2
SIM3
SIM4
1
21
22
SIM5
SIM1
SIM2
SIM3
SIM4
1
21
22
SIM5
SIM1
SIM2
SIM3
SIM4
1
21
22
SIM5
SIM1
SIM2
SIM3
SIM4
1
21
22
SIM5
SIM1
SIM2
SIM3
SIM4
1
21
22
SIM5
SIM1
SIM2
SIM3
SIM4
1
21
22
SIM5
SIM1
SIM2
SIM3
SIM4
1
21
22
SIM5
SIM1
SIM2
SIM3
SIM4
1
21
22
SIM5
SIM1
SIM2
SIM3
SIM4
1
21
22
SIM5
SIM1
SIM2
SIM3
SIM4
1
21
22
SIM5
SIM1
SIM2
SIM3
SIM4
1
21
22
SIM5
SIM1
SIM2
SIM3
SIM4
1
21
22
SIM5
SIM1
SIM2
SIM3
SIM4
1
21
22
SIM5
SIM1
SIM2
SIM3
SIM4
1
21
22
SIM5
SIM1
SIM2
SIM3
SIM4
1
21
22
SIM5
SIM1
SIM2
SIM3
SIM4
1
21
22
SIM5
SIM1
SIM2
SIM3
SIM4
1
21
22
SIM5
SIM1
SIM2
SIM3
SIM4
1
21
22
SIM5
SIM1
SIM2
SIM3
SIM4
1
21
22
SIM5
SIM1
SIM2
SIM3
SIM4
1
21
22
SIM5
SIM1
SIM2
SIM3
SIM4
1
21
22
SIM5
SIM1
SIM2
SIM3
SIM4
1
21
22
SIM5
SIM1
SIM2
SIM3
SIM4
1
21
22
SIM5
SIM1
SIM2
SIM3
SIM4
1
21
22
SIM5
SIM1
SIM2
SIM3
SIM4
1
21
22
SIM5
SIM1
SIM2
SIM3
SIM4
1
21
22
SIM5
SIM1
SIM2
SIM3
SIM4
1
21
22
SIM5
SIM1
SIM2
SIM3
SIM4
1
21
22
SIM5
SIM1
SIM2
SIM3
SIM4
1
21
22
SIM5
SIM1
SIM2
SIM3
SIM4
1
21
22
SIM5
SIM1
SIM2
SIM3
SIM4
1
21
22
SIM5
SIM1
SIM2
SIM3
SIM4
1
21
22
SIM5
SIM1
SIM2
SIM3
SIM4
1
21
22
SIM5
SIM1
SIM2
SIM3
SIM4
1
21
22
SIM5
SIM1
SIM2
SIM3
SIM4
1
21
22
SIM5
SIM1
SIM2
SIM3
SIM4
1
21
22
SIM5
SIM1
SIM2
SIM3
SIM4
1
21
22
SIM5
SIM1
SIM2
SIM3
SIM4
1
21
22
SIM5
SIM1
SIM2
SIM3
SIM4
1
21
22
SIM5
SIM1
SIM2
SIM3
SIM4
1
21
22
SIM5
SIM1
SIM2
SIM3
SIM4
1
21
22
SIM5
SIM1
SIM2
SIM3
SIM4
1
21
22
SIM5
SIM1
SIM2
SIM3
SIM4
1
21
22
SIM5
SIM1
SIM2
SIM3
SIM4
1
21
22
SIM5
SIM1
SIM2
SIM3
SIM4
1
21
22
SIM5
SIM1
SIM2
SIM3
SIM4
1
21
22
SIM5
SIM1
SIM2
SIM3
SIM4
1
21
22
SIM5
SIM1
SIM2
SIM3
SIM4
1
21
22
SIM5
SIM1
SIM2
SIM3
SIM4
1
21
22
SIM5
SIM1
SIM2
SIM3
SIM4
1
21
22
SIM5
SIM1
SIM2
SIM3
SIM4
1
21
22
SIM5
SIM1
SIM2
SIM3
SIM4
1
21
22
SIM5
SIM1
SIM2
SIM3
SIM4
1
21
22
SIM5
SIM1
SIM2
SIM3
SIM4
1
21
22
SIM5
SIM1
SIM2
SIM3
SIM4
1
21
22
SIM5
SIM1
SIM2
SIM3
SIM4
1
21
22
SIM5
SIM1
SIM2
SIM3
SIM4
1
21
22
SIM5
SIM1
SIM2
SIM3
SIM4
1
21
22
SIM5
SIM1
SIM2
SIM3
SIM4
1
21
22
SIM5
SIM1
SIM2
SIM3
SIM4
1
21
22
SIM5
SIM1
SIM2
SIM3
SIM4
1
21
22
SIM5
SIM1
SIM2
SIM3
SIM4
1
21
22
SIM5
SIM1
SIM2
SIM3
SIM4
1
21
22
SIM5
SIM1
SIM2
SIM3
SIM4
1
21
22
SIM5
SIM1
SIM2
SIM3
SIM4
1
21
22
SIM5
SIM1
SIM2
SIM3
SIM4
1
21
22
SIM5
SIM1
SIM2
SIM3
SIM4
1
21
22
SIM5
SIM1
SIM2
SIM3
SIM4
1
21
22
SIM5
SIM1
SIM2
SIM3
SIM4
1
21
22
SIM5
SIM1
SIM2
SIM3
SIM4
1
21
22
SIM5
SIM1
SIM2
SIM3
SIM4
1
21
22
SIM5
SIM1
SIM2
SIM3
SIM4
1
21
22
SIM5
SIM1
SIM2
SIM3
SIM4
1
21
22
SIM5
SIM1
SIM2
SIM3
SIM4
1
21
22
SIM5
SIM1
SIM2
SIM3
SIM4
1
21
22
SIM5
SIM1
SIM2
SIM3
SIM4
1
21
22
SIM5
SIM1
SIM2
SIM3
SIM4
1
21
22
SIM5
SIM1
SIM2
SIM3
SIM4
1
21
22
SIM5
SIM1
SIM2
SIM3
SIM4
1
21
22
SIM5
SIM1
SIM2
SIM3
SIM4
1
21
22
SIM5
SIM1
SIM2
SIM3
SIM4
1
21
22
SIM5
SIM1
SIM2
SIM3
SIM4
1
21
22
SIM5
SIM1
SIM2
SIM3
SIM4
1
21
22
SIM5
SIM1
SIM2
SIM3
SIM4
1
21
22
SIM5
SIM1
SIM2
SIM3
SIM4
1
21
22
SIM5
SIM1
SIM2
SIM3
SIM4
1
21
22
SIM5
SIM1
SIM2
SIM3
SIM4
1
21
22
SIM5
SIM1
SIM2
SIM3
SIM4
1
21
22
SIM5
SIM1
SIM2
SIM3
SIM4
1
21
22
SIM5
SIM1
SIM2
SIM3
SIM4
1
21
22
SIM5
SIM1
SIM2
SIM3
SIM4
1
21
22
SIM5
SIM1
SIM2
SIM3
SIM4
1
21
22
SIM5
SIM1
SIM2
SIM3
SIM4
1
21
22
SIM5
SIM1
SIM2
SIM3
SIM4
1
21
22
SIM5
SIM1
SIM2
SIM3
SIM4
1
21
22
SIM5
SIM1
SIM2
SIM3
SIM4
1
21
22
SIM5
SIM1
SIM2
SIM3
SIM4
1
21
22
SIM5
SIM1
SIM2
DEBUG 1 387
SIM1
SIM2
SIM3
SIM4
1
21
22
SIM5
SIM1
SIM2
SIM3
SIM4
1
21
22
SIM5
SIM1
SIM2
SIM3
SIM4
1
21
22
SIM5
SIM1
SIM2
SIM3
SIM4
1
21
22
SIM5
SIM1
SIM2
SIM3
SIM4
1
21
22
SIM5
SIM1
SIM2
SIM3
SIM4
1
21
22
SIM5
SIM1
SIM2
SIM3
SIM4
1
21
22
SIM5
SIM1
SIM2
SIM3
SIM4
1
21
22
SIM5
SIM1
SIM2
SIM3
SIM4
1
21
22
SIM5
SIM1
SIM2
SIM3
SIM4
1
21
22
SIM5
SIM1
SIM2
SIM3
SIM4
1
21
22
SIM5
SIM1
SIM2
SIM3
SIM4
1
21
22
SIM5
SIM1
SIM2
SIM3
SIM4
1
21
22
SIM5
SIM1
SIM2
SIM3
SIM4
1
21
22
SIM5
SIM1
SIM2
SIM3
SIM4
1
21
22
SIM5
SIM1
SIM2
SIM3
SIM4
1
21
22
SIM5
SIM1
SIM2
SIM3
SIM4
1
21
22
SIM5
SIM1
SIM2
SIM3
SIM4
1
21
22
SIM5
SIM1
SIM2
SIM3
SIM4
1
21
22
SIM5
SIM1
SIM2
SIM3
SIM4
1
21
22
SIM5
SIM1
SIM2
SIM3
SIM4
1
21
22
SIM5
SIM1
SIM2
SIM3
SIM4
1
21
22
SIM5
SIM1
SIM2
SIM3
SIM4
1
21
22
SIM5
SIM1
SIM2
SIM3
SIM4
1
21
22
SIM5
SIM1
SIM2
SIM3
SIM4
1
21
22
SIM5
SIM1
SIM2
SIM3
SIM4
1
21
22
SIM5
SIM1
SIM2
SIM3
SIM4
1
21
22
SIM5
SIM1
SIM2
SIM3
SIM4
1
21
22
SIM5
SIM1
SIM2
SIM3
SIM4
1
21
22
SIM5
SIM1
SIM2
SIM3
SIM4
1
21
22
SIM5
SIM1
SIM2
SIM3
SIM4
1
21
22
SIM5
SIM1
SIM2
SIM3
SIM4
1
21
22
SIM5
SIM1
SIM2
SIM3
SIM4
1
21
22
SIM5
SIM1
SIM2
SIM3
SIM4
1
21
22
SIM5
SIM1
SIM2
SIM3
SIM4
1
21
22
SIM5
SIM1
SIM2
SIM3
SIM4
1
21
22
SIM5
SIM1
SIM2
SIM3
SIM4
1
21
22
SIM5
SIM1
SIM2
SIM3
SIM4
1
21
22
SIM5
SIM1
SIM2
SIM3
SIM4
1
21
22
SIM5
SIM1
SIM2
SIM3
SIM4
1
21
22
SIM5
SIM1
SIM2
SIM3
SIM4
1
21
22
SIM5
SIM1
SIM2
SIM3
SIM4
1
21
22
SIM5
SIM1
SIM2
SIM3
SIM4
1
21
22
SIM5
SIM1
SIM2
SIM3
SIM4
1
21
22
SIM5
SIM1
SIM2
SIM3
SIM4
1
21
22
SIM5
SIM1
SIM2
SIM3
SIM4
1
21
22
SIM5
SIM1
SIM2
SIM3
SIM4
1
21
22
SIM5
SIM1
SIM2
SIM3
SIM4
1
21
22
SIM5
SIM1
SIM2
SIM3
SIM4
1
21
22
SIM5
SIM1
SIM2
SIM3
SIM4
1
21
22
SIM5
SIM1
SIM2
SIM3
SIM4
1
21
22
SIM5
SIM1
SIM2
SIM3
SIM4
1
21
22
SIM5
SIM1
SIM2
SIM3
SIM4
1
21
22
SIM5
SIM1
SIM2
SIM3
SIM4
1
21
22
SIM5
SIM1
SIM2
SIM3
SIM4
1
21
22
SIM5
SIM1
SIM2
SIM3
SIM4
1
21
22
SIM5
SIM1
SIM2
SIM3
SIM4
1
21
22
SIM5
SIM1
SIM2
SIM3
SIM4
1
21
22
SIM5
SIM1
SIM2
SIM3
SIM4
1
21
22
SIM5
SIM1
SIM2
SIM3
SIM4
1
21
22
SIM5
SIM1
SIM2
SIM3
SIM4
1
21
22
SIM5
SIM1
SIM2
SIM3
SIM4
1
21
22
SIM5
SIM1
SIM2
SIM3
SIM4
1
21
22
SIM5
SIM1
SIM2
SIM3
SIM4
1
21
22
SIM5
SIM1
SIM2
SIM3
SIM4
1
21
22
SIM5
SIM1
SIM2
SIM3
SIM4
1
21
22
SIM5
SIM1
SIM2
SIM3
SIM4
1
21
22
SIM5
SIM1
SIM2
SIM3
SIM4
1
21
22
SIM5
SIM1
SIM2
SIM3
SIM4
1
21
22
SIM5
SIM1
SIM2
SIM3
SIM4
1
21
22
SIM5
SIM1
SIM2
SIM3
SIM4
1
21
22
SIM5
SIM1
SIM2
SIM3
SIM4
1
21
22
SIM5
SIM1
SIM2
SIM3
SIM4
1
21
22
SIM5
SIM1
SIM2
SIM3
SIM4
1
21
22
SIM5
SIM1
SIM2
SIM3
SIM4
1
21
22
SIM5
SIM1
SIM2
SIM3
SIM4
1
21
22
SIM5
SIM1
SIM2
SIM3
SIM4
1
21
22
SIM5
SIM1
SIM2
SIM3
SIM4
1
21
22
SIM5
SIM1
SIM2
SIM3
SIM4
1
21
22
SIM5
SIM1
SIM2
SIM3
SIM4
1
21
22
SIM5
SIM1
SIM2
SIM3
SIM4
1
21
22
SIM5
SIM1
SIM2
SIM3
SIM4
1
21
22
SIM5
SIM1
SIM2
SIM3
SIM4
1
21
22
SIM5
SIM1
SIM2
SIM3
SIM4
1
21
22
SIM5
SIM1
SIM2
SIM3
SIM4
1
21
22
SIM5
SIM1
SIM2
SIM3
SIM4
1
21
22
SIM5
SIM1
SIM2
SIM3
SIM4
1
21
22
SIM5
SIM1
SIM2
SIM3
SIM4
1
21
22
SIM5
SIM1
SIM2
SIM3
SIM4
1
21
22
SIM5
SIM1
SIM2
SIM3
SIM4
1
21
22
SIM5
SIM1
SIM2
SIM3
SIM4
1
21
22
SIM5
SIM1
SIM2
SIM3
SIM4
1
21
22
SIM5
SIM1
SIM2
SIM3
SIM4
1
21
22
SIM5
SIM1
SIM2
SIM3
SIM4
1
21
22
SIM5
SIM1
SIM2
SIM3
SIM4
1
21
22
SIM5
SIM1
SIM2
SIM3
SIM4
1
21
22
SIM5
SIM1
SIM2
SIM3
SIM4
1
21
22
SIM5
SIM1
SIM2
SIM3
SIM4
1
21
22
SIM5
SIM1
SIM2
SIM3
SIM4
1
21
22
SIM5
SIM1
SIM2
SIM3
SIM4
1
21
22
SIM5
SIM1
SIM2
SIM3
SIM4
1
21
22
SIM5
SIM1
SIM2
SIM3
SIM4
1
21
22
SIM5
SIM1
SIM2
SIM3
SIM4
1
21
22
SIM5
SIM1
SIM2
SIM3
SIM4
1
21
22
SIM5
SIM1
SIM2
SIM3
SIM4
1
21
22
SIM5
SIM1
SIM2
SIM3
SIM4
1
21
22
SIM5
SIM1
SIM2
SIM3
SIM4
1
21
22
SIM5
SIM1
SIM2
SIM3
SIM4
1
21
22
SIM5
SIM1
SIM2
SIM3
SIM4
1
21
22
SIM5
SIM1
SIM2
SIM3
SIM4
1
21
22
SIM5
SIM1
SIM2
SIM3
SIM4
1
21
22
SIM5
SIM1
SIM2
SIM3
SIM4
1
21
22
SIM5
SIM1
SIM2
SIM3
SIM4
1
21
22
SIM5
SIM1
SIM2
SIM3
SIM4
1
21
22
SIM5
SIM1
SIM2
SIM3
SIM4
1
21
22
SIM5
SIM1
SIM2
SIM3
SIM4
1
21
22
SIM5
SIM1
SIM2
SIM3
SIM4
1
21
22
SIM5
SIM1
SIM2
SIM3
SIM4
1
21
22
SIM5
SIM1
SIM2
SIM3
SIM4
1
21
22
SIM5
SIM1
SIM2
SIM3
SIM4
1
21
22
SIM5
SIM1
SIM2
SIM3
SIM4
1
21
22
SIM5
SIM1
SIM2
SIM3
SIM4
1
21
22
SIM5
SIM1
SIM2
SIM3
SIM4
1
21
22
SIM5
SIM1
SIM2
SIM3
SIM4
1
21
22
SIM5
SIM1
SIM2
SIM3
SIM4
1
21
22
SIM5
SIM1
SIM2
SIM3
SIM4
1
21
22
SIM5
SIM1
SIM2
DEBUG 1 388
SIM1
SIM2
SIM3
SIM4
1
21
22
SIM5
SIM1
SIM2
SIM3
SIM4
1
21
22
SIM5
SIM1
SIM2
SIM3
SIM4
1
21
22
SIM5
SIM1
SIM2
SIM3
SIM4
1
21
22
SIM5
SIM1
SIM2
SIM3
SIM4
1
21
22
SIM5
SIM1
SIM2
SIM3
SIM4
1
21
22
SIM5
SIM1
SIM2
SIM3
SIM4
1
21
22
SIM5
SIM1
SIM2
SIM3
SIM4
1
21
22
SIM5
SIM1
SIM2
SIM3
SIM4
1
21
22
SIM5
SIM1
SIM2
SIM3
SIM4
1
21
22
SIM5
SIM1
SIM2
SIM3
SIM4
1
21
22
SIM5
SIM1
SIM2
SIM3
SIM4
1
21
22
SIM5
SIM1
SIM2
SIM3
SIM4
1
21
22
SIM5
SIM1
SIM2
SIM3
SIM4
1
21
22
SIM5
SIM1
SIM2
SIM3
SIM4
1
21
22
SIM5
SIM1
SIM2
SIM3
SIM4
1
21
22
SIM5
SIM1
SIM2
SIM3
SIM4
1
21
22
SIM5
SIM1
SIM2
SIM3
SIM4
1
21
22
SIM5
SIM1
SIM2
SIM3
SIM4
1
21
22
SIM5
SIM1
SIM2
SIM3
SIM4
1
21
22
SIM5
SIM1
SIM2
SIM3
SIM4
1
21
22
SIM5
SIM1
SIM2
SIM3
SIM4
1
21
22
SIM5
SIM1
SIM2
SIM3
SIM4
1
21
22
SIM5
SIM1
SIM2
SIM3
SIM4
1
21
22
SIM5
SIM1
SIM2
SIM3
SIM4
1
21
22
SIM5
SIM1
SIM2
SIM3
SIM4
1
21
22
SIM5
SIM1
SIM2
SIM3
SIM4
1
21
22
SIM5
SIM1
SIM2
SIM3
SIM4
1
21
22
SIM5
SIM1
SIM2
SIM3
SIM4
1
21
22
SIM5
SIM1
SIM2
SIM3
SIM4
1
21
22
SIM5
SIM1
SIM2
SIM3
SIM4
1
21
22
SIM5
SIM1
SIM2
SIM3
SIM4
1
21
22
SIM5
SIM1
SIM2
SIM3
SIM4
1
21
22
SIM5
SIM1
SIM2
SIM3
SIM4
1
21
22
SIM5
SIM1
SIM2
SIM3
SIM4
1
21
22
SIM5
SIM1
SIM2
SIM3
SIM4
1
21
22
SIM5
SIM1
SIM2
SIM3
SIM4
1
21
22
SIM5
SIM1
SIM2
SIM3
SIM4
1
21
22
SIM5
SIM1
SIM2
SIM3
SIM4
1
21
22
SIM5
SIM1
SIM2
SIM3
SIM4
1
21
22
SIM5
SIM1
SIM2
SIM3
SIM4
1
21
22
SIM5
SIM1
SIM2
SIM3
SIM4
1
21
22
SIM5
SIM1
SIM2
SIM3
SIM4
1
21
22
SIM5
SIM1
SIM2
SIM3
SIM4
1
21
22
SIM5
SIM1
SIM2
SIM3
SIM4
1
21
22
SIM5
SIM1
SIM2
SIM3
SIM4
1
21
22
SIM5
SIM1
SIM2
SIM3
SIM4
1
21
22
SIM5
SIM1
SIM2
SIM3
SIM4
1
21
22
SIM5
SIM1
SIM2
SIM3
SIM4
1
21
22
SIM5
SIM1
SIM2
SIM3
SIM4
1
21
22
SIM5
SIM1
SIM2
SIM3
SIM4
1
21
22
SIM5
SIM1
SIM2
SIM3
SIM4
1
21
22
SIM5
SIM1
SIM2
SIM3
SIM4
1
21
22
SIM5
SIM1
SIM2
SIM3
SIM4
1
21
22
SIM5
SIM1
SIM2
SIM3
SIM4
1
21
22
SIM5
SIM1
SIM2
SIM3
SIM4
1
21
22
SIM5
SIM1
SIM2
SIM3
SIM4
1
21
22
SIM5
SIM1
SIM2
SIM3
SIM4
1
21
22
SIM5
SIM1
SIM2
SIM3
SIM4
1
21
22
SIM5
SIM1
SIM2
SIM3
SIM4
1
21
22
SIM5
SIM1
SIM2
SIM3
SIM4
1
21
22
SIM5
SIM1
SIM2
SIM3
SIM4
1
21
22
SIM5
SIM1
SIM2
SIM3
SIM4
1
21
22
SIM5
SIM1
SIM2
DEBUG 1 389
SIM1
SIM2
SIM3
SIM4
1
21
22
SIM5
SIM1
SIM2
SIM3
SIM4
1
21
22
SIM5
SIM1
SIM2
SIM3
SIM4
1
21
22
SIM5
SIM1
SIM2
SIM3
SIM4
1
21
22
SIM5
SIM1
SIM2
SIM3
SIM4
1
21
22
SIM5
SIM1
SIM2
SIM3
SIM4
1
21
22
SIM5
SIM1
SIM2
SIM3
SIM4
1
21
22
SIM5
SIM1
SIM2
SIM3
SIM4
1
21
22
SIM5
SIM1
SIM2
SIM3
SIM4
1
21
22
SIM5
SIM1
SIM2
SIM3
SIM4
1
21
22
SIM5
SIM1
SIM2
SIM3
SIM4
1
21
22
SIM5
SIM1
SIM2
SIM3
SIM4
1
21
22
SIM5
SIM1
SIM2
SIM3
SIM4
1
21
22
SIM5
SIM1
SIM2
SIM3
SIM4
1
21
22
SIM5
SIM1
SIM2
SIM3
SIM4
1
21
22
SIM5
SIM1
SIM2
SIM3
SIM4
1
21
22
SIM5
SIM1
SIM2
SIM3
SIM4
1
21
22
SIM5
SIM1
SIM2
SIM3
SIM4
1
21
22
SIM5
SIM1
SIM2
SIM3
SIM4
1
21
22
SIM5
SIM1
SIM2
SIM3
SIM4
1
21
22
SIM5
SIM1
SIM2
SIM3
SIM4
1
21
22
SIM5
SIM1
SIM2
SIM3
SIM4
1
21
22
SIM5
SIM1
SIM2
SIM3
SIM4
1
21
22
SIM5
SIM1
SIM2
SIM3
SIM4
1
21
22
SIM5
SIM1
SIM2
SIM3
SIM4
1
21
22
SIM5
SIM1
SIM2
SIM3
SIM4
1
21
22
SIM5
SIM1
SIM2
SIM3
SIM4
1
21
22
SIM5
SIM1
SIM2
SIM3
SIM4
1
21
22
SIM5
SIM1
SIM2
SIM3
SIM4
1
21
22
SIM5
SIM1
SIM2
SIM3
SIM4
1
21
22
SIM5
SIM1
SIM2
SIM3
SIM4
1
21
22
SIM5
SIM1
SIM2
SIM3
SIM4
1
21
22
SIM5
SIM1
SIM2
SIM3
SIM4
1
21
22
SIM5
SIM1
SIM2
SIM3
SIM4
1
21
22
SIM5
SIM1
SIM2
SIM3
SIM4
1
21
22
SIM5
SIM1
SIM2
SIM3
SIM4
1
21
22
SIM5
SIM1
SIM2
SIM3
SIM4
1
21
22
SIM5
SIM1
SIM2
SIM3
SIM4
1
21
22
SIM5
SIM1
SIM2
SIM3
SIM4
1
21
22
SIM5
SIM1
SIM2
SIM3
SIM4
1
21
22
SIM5
SIM1
SIM2
SIM3
SIM4
1
21
22
SIM5
SIM1
SIM2
SIM3
SIM4
1
21
22
SIM5
SIM1
SIM2
SIM3
SIM4
1
21
22
SIM5
SIM1
SIM2
SIM3
SIM4
1
21
22
SIM5
SIM1
SIM2
SIM3
SIM4
1
21
22
SIM5
SIM1
SIM2
SIM3
SIM4
1
21
22
SIM5
SIM1
SIM2
SIM3
SIM4
1
21
22
SIM5
SIM1
SIM2
SIM3
SIM4
1
21
22
SIM5
SIM1
SIM2
SIM3
SIM4
1
21
22
SIM5
SIM1
SIM2
SIM3
SIM4
1
21
22
SIM5
SIM1
SIM2
SIM3
SIM4
1
21
22
SIM5
SIM1
SIM2
SIM3
SIM4
1
21
22
SIM5
SIM1
SIM2
SIM3
SIM4
1
21
22
SIM5
SIM1
SIM2
SIM3
SIM4
1
21
22
SIM5
SIM1
SIM2
SIM3
SIM4
1
21
22
SIM5
SIM1
SIM2
SIM3
SIM4
1
21
22
SIM5
SIM1
SIM2
SIM3
SIM4
1
21
22
SIM5
SIM1
SIM2
SIM3
SIM4
1
21
22
SIM5
SIM1
SIM2
SIM3
SIM4
1
21
22
SIM5
SIM1
SIM2
SIM3
SIM4
1
21
22
SIM5
SIM1
SIM2
SIM3
SIM4
1
21
22
SIM5
SIM1
SIM2
SIM3
SIM4
1
21
22
SIM5
SIM1
SIM2
SIM3
SIM4
1
21
22
SIM5
SIM1
SIM2
SIM3
SIM4
1
21
22
SIM5
SIM1
SIM2
SIM3
SIM4
1
21
22
SIM5
SIM1
SIM2
SIM3
SIM4
1
21
22
SIM5
SIM1
SIM2
SIM3
SIM4
1
21
22
SIM5
SIM1
SIM2
SIM3
SIM4
1
21
22
SIM5
SIM1
SIM2
SIM3
SIM4
1
21
22
SIM5
SIM1
SIM2
SIM3
SIM4
1
21
22
SIM5
SIM1
SIM2
SIM3
SIM4
1
21
22
SIM5
SIM1
SIM2
SIM3
SIM4
1
21
22
SIM5
SIM1
SIM2
SIM3
SIM4
1
21
22
SIM5
SIM1
SIM2
SIM3
SIM4
1
21
22
SIM5
SIM1
SIM2
SIM3
SIM4
1
21
22
SIM5
SIM1
SIM2
SIM3
SIM4
1
21
22
SIM5
SIM1
SIM2
SIM3
SIM4
1
21
22
SIM5
SIM1
SIM2
SIM3
SIM4
1
21
22
SIM5
SIM1
SIM2
SIM3
SIM4
1
21
22
SIM5
SIM1
SIM2
SIM3
SIM4
1
21
22
SIM5
SIM1
SIM2
SIM3
SIM4
1
21
22
SIM5
SIM1
SIM2
SIM3
SIM4
1
21
22
SIM5
SIM1
SIM2
SIM3
SIM4
1
21
22
SIM5
SIM1
SIM2
SIM3
SIM4
1
21
22
SIM5
SIM1
SIM2
SIM3
SIM4
1
21
22
SIM5
SIM1
SIM2
SIM3
SIM4
1
21
22
SIM5
SIM1
SIM2
SIM3
SIM4
1
21
22
SIM5
SIM1
SIM2
SIM3
SIM4
1
21
22
SIM5
SIM1
SIM2
SIM3
SIM4
1
21
22
SIM5
SIM1
SIM2
SIM3
SIM4
1
21
22
SIM5
SIM1
SIM2
SIM3
SIM4
1
21
22
SIM5
SIM1
SIM2
SIM3
SIM4
1
21
22
SIM5
SIM1
SIM2
SIM3
SIM4
1
21
22
SIM5
SIM1
SIM2
SIM3
SIM4
1
21
22
SIM5
SIM1
SIM2
SIM3
SIM4
1
21
22
SIM5
SIM1
SIM2
SIM3
SIM4
1
21
22
SIM5
SIM1
SIM2
SIM3
SIM4
1
21
22
SIM5
SIM1
SIM2
SIM3
SIM4
1
21
22
SIM5
SIM1
SIM2
SIM3
SIM4
1
21
22
SIM5
SIM1
SIM2
SIM3
SIM4
1
21
22
SIM5
SIM1
SIM2
SIM3
SIM4
1
21
22
SIM5
SIM1
SIM2
SIM3
SIM4
1
21
22
SIM5
SIM1
SIM2
SIM3
SIM4
1
21
22
SIM5
SIM1
SIM2
SIM3
SIM4
1
21
22
SIM5
SIM1
SIM2
SIM3
SIM4
1
21
22
SIM5
SIM1
SIM2
SIM3
SIM4
1
21
22
SIM5
SIM1
SIM2
SIM3
SIM4
1
21
22
SIM5
SIM1
SIM2
SIM3
SIM4
1
21
22
SIM5
SIM1
SIM2
SIM3
SIM4
1
21
22
SIM5
SIM1
SIM2
SIM3
SIM4
1
21
22
SIM5
SIM1
SIM2
SIM3
SIM4
1
21
22
SIM5
SIM1
SIM2
SIM3
SIM4
1
21
22
SIM5
SIM1
SIM2
SIM3
SIM4
1
21
22
SIM5
SIM1
SIM2
SIM3
SIM4
1
21
22
SIM5
SIM1
SIM2
SIM3
SIM4
1
21
22
SIM5
SIM1
SIM2
SIM3
SIM4
1
21
22
SIM5
SIM1
SIM2
SIM3
SIM4
1
21
22
SIM5
SIM1
SIM2
SIM3
SIM4
1
21
22
SIM5
SIM1
SIM2
SIM3
SIM4
1
21
22
SIM5
SIM1
SIM2
SIM3
SIM4
1
21
22
SIM5
SIM1
SIM2
SIM3
SIM4
1
21
22
SIM5
SIM1
SIM2
SIM3
SIM4
1
21
22
SIM5
SIM1
SIM2
SIM3
SIM4
1
21
22
SIM5
SIM1
SIM2
SIM3
SIM4
1
21
22
SIM5
SIM1
SIM2
SIM3
SIM4
1
21
22
SIM5
SIM1
SIM2
SIM3
SIM4
1
21
22
SIM5
SIM1
SIM2
SIM3
SIM4
1
21
22
SIM5
SIM1
SIM2
SIM3
SIM4
1
21
22
SIM5
SIM1
SIM2
SIM3
SIM4
1
21
22
SIM5
SIM1
SIM2
SIM3
SIM4
1
21
22
SIM5
SIM1
SIM2
SIM3
SIM4
1
21
22
SIM5
SIM1
SIM2
SIM3
SIM4
1
21
22
SIM5
SIM1
SIM2
SIM3
SIM4
1
21
22
SIM5
SIM1
SIM2
SIM3
SIM4
1
21
22
SIM5
SIM1
SIM2
SIM3
SIM4
1
21
22
SIM5
SIM1
SIM2
SIM3
SIM4
1
21
22
SIM5
SIM1
SIM2
SIM3
SIM4
1
21
22
SIM5
SIM1
SIM2
SIM3
SIM4
1
21
22
SIM5
SIM1
SIM2
SIM3
SIM4
1
21
22
SIM5
SIM1
SIM2
SIM3
SIM4
1
21
22
SIM5
SIM1
SIM2
SIM3
SIM4
1
21
22
SIM5
SIM1
SIM2
SIM3
SIM4
1
21
22
SIM5
SIM1
SIM2
SIM3
SIM4
1
21
22
SIM5
SIM1
SIM2
SIM3
SIM4
1
21
22
SIM5
SIM1
SIM2
SIM3
SIM4
1
21
22
SIM5
SIM1
SIM2
SIM3
SIM4
1
21
22
SIM5
SIM1
SIM2
SIM3
SIM4
1
21
22
SIM5
SIM1
SIM2
DEBUG 1 390
SIM1
SIM2
SIM3
SIM4
1
21
22
SIM5
SIM1
SIM2
SIM3
SIM4
1
21
22
SIM5
SIM1
SIM2
SIM3
SIM4
1
21
22
SIM5
SIM1
SIM2
SIM3
SIM4
1
21
22
SIM5
SIM1
SIM2
SIM3
SIM4
1
21
22
SIM5
SIM1
SIM2
SIM3
SIM4
1
21
22
SIM5
SIM1
SIM2
SIM3
SIM4
1
21
22
SIM5
SIM1
SIM2
SIM3
SIM4
1
21
22
SIM5
SIM1
SIM2
SIM3
SIM4
1
21
22
SIM5
SIM1
SIM2
SIM3
SIM4
1
21
22
SIM5
SIM1
SIM2
SIM3
SIM4
1
21
22
SIM5
SIM1
SIM2
SIM3
SIM4
1
21
22
SIM5
SIM1
SIM2
SIM3
SIM4
1
21
22
SIM5
SIM1
SIM2
SIM3
SIM4
1
21
22
SIM5
SIM1
SIM2
SIM3
SIM4
1
21
22
SIM5
SIM1
SIM2
SIM3
SIM4
1
21
22
SIM5
SIM1
SIM2
SIM3
SIM4
1
21
22
SIM5
SIM1
SIM2
SIM3
SIM4
1
21
22
SIM5
SIM1
SIM2
SIM3
SIM4
1
21
22
SIM5
SIM1
SIM2
SIM3
SIM4
1
21
22
SIM5
SIM1
SIM2
SIM3
SIM4
1
21
22
SIM5
SIM1
SIM2
SIM3
SIM4
1
21
22
SIM5
SIM1
SIM2
SIM3
SIM4
1
21
22
SIM5
SIM1
SIM2
SIM3
SIM4
1
21
22
SIM5
SIM1
SIM2
SIM3
SIM4
1
21
22
SIM5
SIM1
SIM2
SIM3
SIM4
1
21
22
SIM5
SIM1
SIM2
SIM3
SIM4
1
21
22
SIM5
SIM1
SIM2
SIM3
SIM4
1
21
22
SIM5
SIM1
SIM2
SIM3
SIM4
1
21
22
SIM5
SIM1
SIM2
SIM3
SIM4
1
21
22
SIM5
SIM1
SIM2
SIM3
SIM4
1
21
22
SIM5
SIM1
SIM2
SIM3
SIM4
1
21
22
SIM5
SIM1
SIM2
SIM3
SIM4
1
21
22
SIM5
SIM1
SIM2
SIM3
SIM4
1
21
22
SIM5
SIM1
SIM2
SIM3
SIM4
1
21
22
SIM5
SIM1
SIM2
SIM3
SIM4
1
21
22
SIM5
SIM1
SIM2
SIM3
SIM4
1
21
22
SIM5
SIM1
SIM2
SIM3
SIM4
1
21
22
SIM5
SIM1
SIM2
SIM3
SIM4
1
21
22
SIM5
SIM1
SIM2
SIM3
SIM4
1
21
22
SIM5
SIM1
SIM2
SIM3
SIM4
1
21
22
SIM5
SIM1
SIM2
SIM3
SIM4
1
21
22
SIM5
SIM1
SIM2
SIM3
SIM4
1
21
22
SIM5
SIM1
SIM2
SIM3
SIM4
1
21
22
SIM5
SIM1
SIM2
SIM3
SIM4
1
21
22
SIM5
SIM1
SIM2
SIM3
SIM4
1
21
22
SIM5
SIM1
SIM2
SIM3
SIM4
1
21
22
SIM5
SIM1
SIM2
SIM3
SIM4
1
21
22
SIM5
SIM1
SIM2
SIM3
SIM4
1
21
22
SIM5
SIM1
SIM2
SIM3
SIM4
1
21
22
SIM5
SIM1
SIM2
SIM3
SIM4
1
21
22
SIM5
SIM1
SIM2
SIM3
SIM4
1
21
22
SIM5
SIM1
SIM2
SIM3
SIM4
1
21
22
SIM5
SIM1
SIM2
SIM3
SIM4
1
21
22
SIM5
SIM1
SIM2
SIM3
SIM4
1
21
22
SIM5
SIM1
SIM2
SIM3
SIM4
1
21
22
SIM5
SIM1
SIM2
SIM3
SIM4
1
21
22
SIM5
SIM1
SIM2
SIM3
SIM4
1
21
22
SIM5
SIM1
SIM2
SIM3
SIM4
1
21
22
SIM5
SIM1
SIM2
SIM3
SIM4
1
21
22
SIM5
SIM1
SIM2
SIM3
SIM4
1
21
22
SIM5
SIM1
SIM2
SIM3
SIM4
1
21
22
SIM5
SIM1
SIM2
SIM3
SIM4
1
21
22
SIM5
SIM1
SIM2
SIM3
SIM4
1
21
22
SIM5
SIM1
SIM2
SIM3
SIM4
1
21
22
SIM5
SIM1
SIM2
SIM3
SIM4
1
21
22
SIM5
SIM1
SIM2
SIM3
SIM4
1
21
22
SIM5
SIM1
SIM2
SIM3
SIM4
1
21
22
SIM5
SIM1
SIM2
SIM3
SIM4
1
21
22
SIM5
SIM1
SIM2
SIM3
SIM4
1
21
22
SIM5
SIM1
SIM2
SIM3
SIM4
1
21
22
SIM5
SIM1
SIM2
SIM3
SIM4
1
21
22
SIM5
SIM1
SIM2
SIM3
SIM4
1
21
22
SIM5
SIM1
SIM2
SIM3
SIM4
1
21
22
SIM5
SIM1
SIM2
SIM3
SIM4
1
21
22
SIM5
SIM1
SIM2
SIM3
SIM4
1
21
22
SIM5
SIM1
SIM2
SIM3
SIM4
1
21
22
SIM5
SIM1
SIM2
SIM3
SIM4
1
21
22
SIM5
SIM1
SIM2
SIM3
SIM4
1
21
22
SIM5
SIM1
SIM2
SIM3
SIM4
1
21
22
SIM5
SIM1
SIM2
SIM3
SIM4
1
21
22
SIM5
SIM1
SIM2
SIM3
SIM4
1
21
22
SIM5
SIM1
SIM2
SIM3
SIM4
1
21
22
SIM5
SIM1
SIM2
SIM3
SIM4
1
21
22
SIM5
SIM1
SIM2
SIM3
SIM4
1
21
22
SIM5
SIM1
SIM2
SIM3
SIM4
1
21
22
SIM5
SIM1
SIM2
SIM3
SIM4
1
21
22
SIM5
SIM1
SIM2
SIM3
SIM4
1
21
22
SIM5
SIM1
SIM2
SIM3
SIM4
1
21
22
SIM5
SIM1
SIM2
SIM3
SIM4
1
21
22
SIM5
SIM1
SIM2
SIM3
SIM4
1
21
22
SIM5
SIM1
SIM2
SIM3
SIM4
1
21
22
SIM5
SIM1
SIM2
SIM3
SIM4
1
21
22
SIM5
SIM1
SIM2
SIM3
SIM4
1
21
22
SIM5
SIM1
SIM2
SIM3
SIM4
1
21
22
SIM5
SIM1
SIM2
SIM3
SIM4
1
21
22
SIM5
SIM1
SIM2
SIM3
SIM4
1
21
22
SIM5
SIM1
SIM2
SIM3
SIM4
1
21
22
SIM5
SIM1
SIM2
SIM3
SIM4
1
21
22
SIM5
SIM1
SIM2
SIM3
SIM4
1
21
22
SIM5
SIM1
SIM2
SIM3
SIM4
1
21
22
SIM5
SIM1
SIM2
SIM3
SIM4
1
21
22
SIM5
SIM1
SIM2
SIM3
SIM4
1
21
22
SIM5
SIM1
SIM2
SIM3
SIM4
1
21
22
SIM5
SIM1
SIM2
SIM3
SIM4
1
21
22
SIM5
SIM1
SIM2
SIM3
SIM4
1
21
22
SIM5
SIM1
SIM2
SIM3
SIM4
1
21
22
SIM5
SIM1
SIM2
SIM3
SIM4
1
21
22
SIM5
SIM1
SIM2
SIM3
SIM4
1
21
22
SIM5
SIM1
SIM2
SIM3
SIM4
1
21
22
SIM5
SIM1
SIM2
SIM3
SIM4
1
21
22
SIM5
SIM1
SIM2
SIM3
SIM4
1
21
22
SIM5
SIM1
SIM2
SIM3
SIM4
1
21
22
SIM5
SIM1
SIM2
SIM3
SIM4
1
21
22
SIM5
SIM1
SIM2
SIM3
SIM4
1
21
22
SIM5
SIM1
SIM2
SIM3
SIM4
1
21
22
SIM5
SIM1
SIM2
SIM3
SIM4
1
21
22
SIM5
SIM1
SIM2
SIM3
SIM4
1
21
22
SIM5
SIM1
SIM2
SIM3
SIM4
1
21
22
SIM5
SIM1
SIM2
SIM3
SIM4
1
21
22
SIM5
SIM1
SIM2
SIM3
SIM4
1
21
22
SIM5
SIM1
SIM2
SIM3
SIM4
1
21
22
SIM5
SIM1
SIM2
SIM3
SIM4
1
21
22
SIM5
SIM1
SIM2
SIM3
SIM4
1
21
22
SIM5
SIM1
SIM2
SIM3
SIM4
1
21
22
SIM5
SIM1
SIM2
SIM3
SIM4
1
21
22
SIM5
SIM1
SIM2
SIM3
SIM4
1
21
22
SIM5
SIM1
SIM2
SIM3
SIM4
1
21
22
SIM5
SIM1
SIM2
SIM3
SIM4
1
21
22
SIM5
SIM1
SIM2
SIM3
SIM4
1
21
22
SIM5
SIM1
SIM2
SIM3
SIM4
1
21
22
SIM5
SIM1
SIM2
SIM3
SIM4
1
21
22
SIM5
SIM1
SIM2
SIM3
SIM4
1
21
22
SIM5
SIM1
SIM2
SIM3
SIM4
1
21
22
SIM5
SIM1
SIM2
SIM3
SIM4
1
21
22
SIM5
SIM1
SIM2
SIM3
SIM4
1
21
22
SIM5
SIM1
SIM2
SIM3
SIM4
1
21
22
SIM5
SIM1
SIM2
SIM3
SIM4
1
21
22
SIM5
SIM1
SIM2
SIM3
SIM4
1
21
22
SIM5
SIM1
SIM2
SIM3
SIM4
1
21
22
SIM5
SIM1
SIM2
SIM3
SIM4
1
21
22
SIM5
SIM1
SIM2
SIM3
SIM4
1
21
22
SIM5
SIM1
SIM2
SIM3
SIM4
1
21
22
SIM5
SIM1
SIM2
SIM3
SIM4
1
21
22
SIM5
SIM1
SIM2
SIM3
SIM4
1
21
22
SIM5
SIM1
SIM2
SIM3
SIM4
1
21
22
SIM5
SIM1
SIM2
SIM3
SIM4
1
21
22
SIM5
SIM1
SIM2
SIM3
SIM4
1
21
22
SIM5
SIM1
SIM2
SIM3
SIM4
1
21
22
SIM5
SIM1
SIM2
SIM3
SIM4
1
21
22
SIM5
SIM1
SIM2
SIM3
SIM4
1
21
22
SIM5
SIM1
SIM2
SIM3
SIM4
1
21
22
SIM5
SIM1
SIM2
SIM3
SIM4
1
21
22
SIM5
SIM1
SIM2
SIM3
SIM4
1
21
22
SIM5
SIM1
SIM2
SIM3
SIM4
1
21
22
SIM5
SIM1
SIM2
SIM3
SIM4
1
21
22
SIM5
SIM1
SIM2
SIM3
SIM4
1
21
22
SIM5
SIM1
SIM2
SIM3
SIM4
1
21
22
SIM5
SIM1
SIM2
SIM3
SIM4
1
21
22
SIM5
SIM1
SIM2
SIM3
SIM4
1
21
22
SIM5
SIM1
SIM2
SIM3
SIM4
1
21
22
SIM5
SIM1
SIM2
SIM3
SIM4
1
21
22
SIM5
SIM1
SIM2
SIM3
SIM4
1
21
22
SIM5
SIM1
SIM2
SIM3
SIM4
1
21
22
SIM5
SIM1
SIM2
SIM3
SIM4
1
21
22
SIM5
SIM1
SIM2
SIM3
SIM4
1
21
22
SIM5
SIM1
SIM2
SIM3
SIM4
1
21
22
SIM5
SIM1
SIM2
SIM3
SIM4
1
21
22
SIM5
SIM1
SIM2
SIM3
SIM4
1
21
22
SIM5
SIM1
SIM2
SIM3
SIM4
1
21
22
SIM5
SIM1
SIM2
SIM3
SIM4
1
21
22
SIM5
SIM1
SIM2
SIM3
SIM4
1
21
22
SIM5
SIM1
SIM2
SIM3
SIM4
1
21
22
SIM5
SIM1
SIM2
SIM3
SIM4
1
21
22
SIM5
SIM1
SIM2
SIM3
SIM4
1
21
22
SIM5
SIM1
SIM2
SIM3
SIM4
1
21
22
SIM5
SIM1
SIM2
SIM3
SIM4
1
21
22
SIM5
SIM1
SIM2
SIM3
SIM4
1
21
22
SIM5
SIM1
SIM2
SIM3
SIM4
1
21
22
SIM5
SIM1
SIM2
SIM3
SIM4
1
21
22
SIM5
SIM1
SIM2
SIM3
SIM4
1
21
22
SIM5
SIM1
SIM2
SIM3
SIM4
1
21
22
SIM5
SIM1
SIM2
SIM3
SIM4
1
21
22
SIM5
SIM1
SIM2
SIM3
SIM4
1
21
22
SIM5
SIM1
SIM2
SIM3
SIM4
1
21
22
SIM5
SIM1
SIM2
SIM3
SIM4
1
21
22
SIM5
SIM1
SIM2
SIM3
SIM4
1
21
22
SIM5
SIM1
SIM2
SIM3
SIM4
1
21
22
SIM5
SIM1
SIM2
SIM3
SIM4
1
21
22
SIM5
SIM1
SIM2
SIM3
SIM4
1
21
22
SIM5
SIM1
SIM2
SIM3
SIM4
1
21
22
SIM5
SIM1
SIM2
SIM3
SIM4
1
21
22
SIM5
SIM1
SIM2
SIM3
SIM4
1
21
22
SIM5
SIM1
SIM2
SIM3
SIM4
1
21
22
SIM5
SIM1
SIM2
SIM3
SIM4
1
21
22
SIM5
SIM1
SIM2
SIM3
SIM4
1
21
22
SIM5
SIM1
SIM2
SIM3
SIM4
1
21
22
SIM5
SIM1
SIM2
SIM3
SIM4
1
21
22
SIM5
SIM1
SIM2
SIM3
SIM4
1
21
22
SIM5
SIM1
SIM2
SIM3
SIM4
1
21
22
SIM5
SIM1
SIM2
SIM3
SIM4
1
21
22
SIM5
SIM1
SIM2
SIM3
SIM4
1
21
22
SIM5
SIM1
SIM2
SIM3
SIM4
1
21
22
SIM5
SIM1
SIM2
DEBUG 1 391
SIM1
SIM2
SIM3
SIM4
1
21
22
SIM5
SIM1
SIM2
SIM3
SIM4
1
21
22
SIM5
SIM1
SIM2
SIM3
SIM4
1
21
22
SIM5
SIM1
SIM2
SIM3
SIM4
1
21
22
SIM5
SIM1
SIM2
SIM3
SIM4
1
21
22
SIM5
SIM1
SIM2
SIM3
SIM4
1
21
22
SIM5
SIM1
SIM2
SIM3
SIM4
1
21
22
SIM5
SIM1
SIM2
SIM3
SIM4
1
21
22
SIM5
SIM1
SIM2
SIM3
SIM4
1
21
22
SIM5
SIM1
SIM2
SIM3
SIM4
1
21
22
SIM5
SIM1
SIM2
SIM3
SIM4
1
21
22
SIM5
SIM1
SIM2
SIM3
SIM4
1
21
22
SIM5
SIM1
SIM2
SIM3
SIM4
1
21
22
SIM5
SIM1
SIM2
SIM3
SIM4
1
21
22
SIM5
SIM1
SIM2
SIM3
SIM4
1
21
22
SIM5
SIM1
SIM2
SIM3
SIM4
1
21
22
SIM5
SIM1
SIM2
SIM3
SIM4
1
21
22
SIM5
SIM1
SIM2
SIM3
SIM4
1
21
22
SIM5
SIM1
SIM2
SIM3
SIM4
1
21
22
SIM5
SIM1
SIM2
SIM3
SIM4
1
21
22
SIM5
SIM1
SIM2
SIM3
SIM4
1
21
22
SIM5
SIM1
SIM2
SIM3
SIM4
1
21
22
SIM5
SIM1
SIM2
SIM3
SIM4
1
21
22
SIM5
SIM1
SIM2
SIM3
SIM4
1
21
22
SIM5
SIM1
SIM2
SIM3
SIM4
1
21
22
SIM5
SIM1
SIM2
SIM3
SIM4
1
21
22
SIM5
SIM1
SIM2
SIM3
SIM4
1
21
22
SIM5
SIM1
SIM2
SIM3
SIM4
1
21
22
SIM5
SIM1
SIM2
SIM3
SIM4
1
21
22
SIM5
SIM1
SIM2
SIM3
SIM4
1
21
22
SIM5
SIM1
SIM2
SIM3
SIM4
1
21
22
SIM5
SIM1
SIM2
SIM3
SIM4
1
21
22
SIM5
SIM1
SIM2
SIM3
SIM4
1
21
22
SIM5
SIM1
SIM2
SIM3
SIM4
1
21
22
SIM5
SIM1
SIM2
SIM3
SIM4
1
21
22
SIM5
SIM1
SIM2
SIM3
SIM4
1
21
22
SIM5
SIM1
SIM2
SIM3
SIM4
1
21
22
SIM5
SIM1
SIM2
SIM3
SIM4
1
21
22
SIM5
SIM1
SIM2
SIM3
SIM4
1
21
22
SIM5
SIM1
SIM2
SIM3
SIM4
1
21
22
SIM5
SIM1
SIM2
SIM3
SIM4
1
21
22
SIM5
SIM1
SIM2
SIM3
SIM4
1
21
22
SIM5
SIM1
SIM2
SIM3
SIM4
1
21
22
SIM5
SIM1
SIM2
SIM3
SIM4
1
21
22
SIM5
SIM1
SIM2
SIM3
SIM4
1
21
22
SIM5
SIM1
SIM2
SIM3
SIM4
1
21
22
SIM5
SIM1
SIM2
SIM3
SIM4
1
21
22
SIM5
SIM1
SIM2
SIM3
SIM4
1
21
22
SIM5
SIM1
SIM2
SIM3
SIM4
1
21
22
SIM5
SIM1
SIM2
SIM3
SIM4
1
21
22
SIM5
SIM1
SIM2
SIM3
SIM4
1
21
22
SIM5
SIM1
SIM2
SIM3
SIM4
1
21
22
SIM5
SIM1
SIM2
SIM3
SIM4
1
21
22
SIM5
SIM1
SIM2
SIM3
SIM4
1
21
22
SIM5
SIM1
SIM2
SIM3
SIM4
1
21
22
SIM5
SIM1
SIM2
SIM3
SIM4
1
21
22
SIM5
SIM1
SIM2
SIM3
SIM4
1
21
22
SIM5
SIM1
SIM2
SIM3
SIM4
1
21
22
SIM5
SIM1
SIM2
SIM3
SIM4
1
21
22
SIM5
SIM1
SIM2
SIM3
SIM4
1
21
22
SIM5
SIM1
SIM2
SIM3
SIM4
1
21
22
SIM5
SIM1
SIM2
SIM3
SIM4
1
21
22
SIM5
SIM1
SIM2
SIM3
SIM4
1
21
22
SIM5
SIM1
SIM2
SIM3
SIM4
1
21
22
SIM5
SIM1
SIM2
SIM3
SIM4
1
21
22
SIM5
SIM1
SIM2
SIM3
SIM4
1
21
22
SIM5
SIM1
SIM2
SIM3
SIM4
1
21
22
SIM5
SIM1
SIM2
SIM3
SIM4
1
21
22
SIM5
SIM1
SIM2
SIM3
SIM4
1
21
22
SIM5
SIM1
SIM2
SIM3
SIM4
1
21
22
SIM5
SIM1
SIM2
SIM3
SIM4
1
21
22
SIM5
SIM1
SIM2
SIM3
SIM4
1
21
22
SIM5
SIM1
SIM2
SIM3
SIM4
1
21
22
SIM5
SIM1
SIM2
SIM3
SIM4
1
21
22
SIM5
SIM1
SIM2
SIM3
SIM4
1
21
22
SIM5
SIM1
SIM2
SIM3
SIM4
1
21
22
SIM5
SIM1
SIM2
SIM3
SIM4
1
21
22
SIM5
SIM1
SIM2
SIM3
SIM4
1
21
22
SIM5
SIM1
SIM2
SIM3
SIM4
1
21
22
SIM5
SIM1
SIM2
SIM3
SIM4
1
21
22
SIM5
SIM1
SIM2
SIM3
SIM4
1
21
22
SIM5
SIM1
SIM2
SIM3
SIM4
1
21
22
SIM5
SIM1
SIM2
SIM3
SIM4
1
21
22
SIM5
SIM1
SIM2
SIM3
SIM4
1
21
22
SIM5
SIM1
SIM2
SIM3
SIM4
1
21
22
SIM5
SIM1
SIM2
SIM3
SIM4
1
21
22
SIM5
SIM1
SIM2
SIM3
SIM4
1
21
22
SIM5
SIM1
SIM2
SIM3
SIM4
1
21
22
SIM5
SIM1
SIM2
SIM3
SIM4
1
21
22
SIM5
SIM1
SIM2
SIM3
SIM4
1
21
22
SIM5
SIM1
SIM2
SIM3
SIM4
1
21
22
SIM5
SIM1
SIM2
SIM3
SIM4
1
21
22
SIM5
SIM1
SIM2
SIM3
SIM4
1
21
22
SIM5
SIM1
SIM2
SIM3
SIM4
1
21
22
SIM5
SIM1
SIM2
SIM3
SIM4
1
21
22
SIM5
SIM1
SIM2
SIM3
SIM4
1
21
22
SIM5
SIM1
SIM2
SIM3
SIM4
1
21
22
SIM5
SIM1
SIM2
SIM3
SIM4
1
21
22
SIM5
SIM1
SIM2
SIM3
SIM4
1
21
22
SIM5
SIM1
SIM2
SIM3
SIM4
1
21
22
SIM5
SIM1
SIM2
SIM3
SIM4
1
21
22
SIM5
SIM1
SIM2
SIM3
SIM4
1
21
22
SIM5
SIM1
SIM2
SIM3
SIM4
1
21
22
SIM5
SIM1
SIM2
SIM3
SIM4
1
21
22
SIM5
SIM1
SIM2
SIM3
SIM4
1
21
22
SIM5
SIM1
SIM2
SIM3
SIM4
1
21
22
SIM5
SIM1
SIM2
SIM3
SIM4
1
21
22
SIM5
SIM1
SIM2
SIM3
SIM4
1
21
22
SIM5
SIM1
SIM2
SIM3
SIM4
1
21
22
SIM5
SIM1
SIM2
SIM3
SIM4
1
21
22
SIM5
SIM1
SIM2
SIM3
SIM4
1
21
22
SIM5
SIM1
SIM2
SIM3
SIM4
1
21
22
SIM5
SIM1
SIM2
SIM3
SIM4
1
21
22
SIM5
SIM1
SIM2
SIM3
SIM4
1
21
22
SIM5
SIM1
SIM2
SIM3
SIM4
1
21
22
SIM5
SIM1
SIM2
SIM3
SIM4
1
21
22
SIM5
SIM1
SIM2
SIM3
SIM4
1
21
22
SIM5
SIM1
SIM2
SIM3
SIM4
1
21
22
SIM5
SIM1
SIM2
SIM3
SIM4
1
21
22
SIM5
SIM1
SIM2
SIM3
SIM4
1
21
22
SIM5
SIM1
SIM2
SIM3
SIM4
1
21
22
SIM5
SIM1
SIM2
SIM3
SIM4
1
21
22
SIM5
SIM1
SIM2
SIM3
SIM4
1
21
22
SIM5
SIM1
SIM2
SIM3
SIM4
1
21
22
SIM5
SIM1
SIM2
SIM3
SIM4
1
21
22
SIM5
SIM1
SIM2
SIM3
SIM4
1
21
22
SIM5
SIM1
SIM2
SIM3
SIM4
1
21
22
SIM5
SIM1
SIM2
SIM3
SIM4
1
21
22
SIM5
SIM1
SIM2
SIM3
SIM4
1
21
22
SIM5
SIM1
SIM2
SIM3
SIM4
1
21
22
SIM5
SIM1
SIM2
SIM3
SIM4
1
21
22
SIM5
SIM1
SIM2
SIM3
SIM4
1
21
22
SIM5
SIM1
SIM2
SIM3
SIM4
1
21
22
SIM5
SIM1
SIM2
SIM3
SIM4
1
21
22
SIM5
SIM1
SIM2
SIM3
SIM4
1
21
22
SIM5
SIM1
SIM2
SIM3
SIM4
1
21
22
SIM5
SIM1
SIM2
SIM3
SIM4
1
21
22
SIM5
SIM1
SIM2
SIM3
SIM4
1
21
22
SIM5
SIM1
SIM2
SIM3
SIM4
1
21
22
SIM5
SIM1
SIM2
SIM3
SIM4
1
21
22
SIM5
SIM1
SIM2
SIM3
SIM4
1
21
22
SIM5
SIM1
SIM2
SIM3
SIM4
1
21
22
SIM5
SIM1
SIM2
SIM3
SIM4
1
21
22
SIM5
SIM1
SIM2
SIM3
SIM4
1
21
22
SIM5
SIM1
SIM2
SIM3
SIM4
1
21
22
SIM5
SIM1
SIM2
SIM3
SIM4
1
21
22
SIM5
SIM1
SIM2
SIM3
SIM4
1
21
22
SIM5
SIM1
SIM2
SIM3
SIM4
1
21
22
SIM5
SIM1
SIM2
SIM3
SIM4
1
21
22
SIM5
SIM1
SIM2
SIM3
SIM4
1
21
22
SIM5
SIM1
SIM2
SIM3
SIM4
1
21
22
SIM5
SIM1
SIM2
SIM3
SIM4
1
21
22
SIM5
SIM1
SIM2
SIM3
SIM4
1
21
22
SIM5
SIM1
SIM2
SIM3
SIM4
1
21
22
SIM5
SIM1
SIM2
SIM3
SIM4
1
21
22
SIM5
SIM1
SIM2
SIM3
SIM4
1
21
22
SIM5
SIM1
SIM2
SIM3
SIM4
1
21
22
SIM5
SIM1
SIM2
SIM3
SIM4
1
21
22
SIM5
SIM1
SIM2
SIM3
SIM4
1
21
22
SIM5
SIM1
SIM2
SIM3
SIM4
1
21
22
SIM5
SIM1
SIM2
SIM3
SIM4
1
21
22
SIM5
SIM1
SIM2
SIM3
SIM4
1
21
22
SIM5
SIM1
SIM2
SIM3
SIM4
1
21
22
SIM5
SIM1
SIM2
SIM3
SIM4
1
21
22
SIM5
SIM1
SIM2
SIM3
SIM4
1
21
22
SIM5
SIM1
SIM2
SIM3
SIM4
1
21
22
SIM5
SIM1
SIM2
SIM3
SIM4
1
21
22
SIM5
SIM1
SIM2
SIM3
SIM4
1
21
22
SIM5
SIM1
SIM2
SIM3
SIM4
1
21
22
SIM5
SIM1
SIM2
SIM3
SIM4
1
21
22
SIM5
SIM1
SIM2
SIM3
SIM4
1
21
22
SIM5
SIM1
SIM2
SIM3
SIM4
1
21
22
SIM5
SIM1
SIM2
SIM3
SIM4
1
21
22
SIM5
SIM1
SIM2
SIM3
SIM4
1
21
22
SIM5
SIM1
SIM2
SIM3
SIM4
1
21
22
SIM5
SIM1
SIM2
SIM3
SIM4
1
21
22
SIM5
SIM1
SIM2
SIM3
SIM4
1
21
22
SIM5
SIM1
SIM2
SIM3
SIM4
1
21
22
SIM5
SIM1
SIM2
SIM3
SIM4
1
21
22
SIM5
SIM1
SIM2
SIM3
SIM4
1
21
22
SIM5
SIM1
SIM2
SIM3
SIM4
1
21
22
SIM5
SIM1
SIM2
SIM3
SIM4
1
21
22
SIM5
SIM1
SIM2
SIM3
SIM4
1
21
22
SIM5
SIM1
SIM2
SIM3
SIM4
1
21
22
SIM5
SIM1
SIM2
SIM3
SIM4
1
21
22
SIM5
SIM1
SIM2
SIM3
SIM4
1
21
22
SIM5
SIM1
SIM2
SIM3
SIM4
1
21
22
SIM5
SIM1
SIM2
SIM3
SIM4
1
21
22
SIM5
SIM1
SIM2
SIM3
SIM4
1
21
22
SIM5
SIM1
SIM2
SIM3
SIM4
1
21
22
SIM5
SIM1
SIM2
SIM3
SIM4
1
21
22
SIM5
SIM1
SIM2
SIM3
SIM4
1
21
22
SIM5
SIM1
SIM2
SIM3
SIM4
1
21
22
SIM5
SIM1
SIM2
DEBUG 1 392
SIM1
SIM2
SIM3
SIM4
1
21
22
SIM5
SIM1
SIM2
SIM3
SIM4
1
21
22
SIM5
SIM1
SIM2
SIM3
SIM4
1
21
22
SIM5
SIM1
SIM2
SIM3
SIM4
1
21
22
SIM5
SIM1
SIM2
SIM3
SIM4
1
21
22
SIM5
SIM1
SIM2
SIM3
SIM4
1
21
22
SIM5
SIM1
SIM2
SIM3
SIM4
1
21
22
SIM5
SIM1
SIM2
SIM3
SIM4
1
21
22
SIM5
SIM1
SIM2
SIM3
SIM4
1
21
22
SIM5
SIM1
SIM2
SIM3
SIM4
1
21
22
SIM5
SIM1
SIM2
SIM3
SIM4
1
21
22
SIM5
SIM1
SIM2
SIM3
SIM4
1
21
22
SIM5
SIM1
SIM2
SIM3
SIM4
1
21
22
SIM5
SIM1
SIM2
SIM3
SIM4
1
21
22
SIM5
SIM1
SIM2
SIM3
SIM4
1
21
22
SIM5
SIM1
SIM2
SIM3
SIM4
1
21
22
SIM5
SIM1
SIM2
SIM3
SIM4
1
21
22
SIM5
SIM1
SIM2
SIM3
SIM4
1
21
22
SIM5
SIM1
SIM2
SIM3
SIM4
1
21
22
SIM5
SIM1
SIM2
SIM3
SIM4
1
21
22
SIM5
SIM1
SIM2
SIM3
SIM4
1
21
22
SIM5
SIM1
SIM2
SIM3
SIM4
1
21
22
SIM5
SIM1
SIM2
SIM3
SIM4
1
21
22
SIM5
SIM1
SIM2
SIM3
SIM4
1
21
22
SIM5
SIM1
SIM2
SIM3
SIM4
1
21
22
SIM5
SIM1
SIM2
SIM3
SIM4
1
21
22
SIM5
SIM1
SIM2
SIM3
SIM4
1
21
22
SIM5
SIM1
SIM2
SIM3
SIM4
1
21
22
SIM5
SIM1
SIM2
SIM3
SIM4
1
21
22
SIM5
SIM1
SIM2
SIM3
SIM4
1
21
22
SIM5
SIM1
SIM2
SIM3
SIM4
1
21
22
SIM5
SIM1
SIM2
SIM3
SIM4
1
21
22
SIM5
SIM1
SIM2
SIM3
SIM4
1
21
22
SIM5
SIM1
SIM2
SIM3
SIM4
1
21
22
SIM5
SIM1
SIM2
SIM3
SIM4
1
21
22
SIM5
SIM1
SIM2
SIM3
SIM4
1
21
22
SIM5
SIM1
SIM2
SIM3
SIM4
1
21
22
SIM5
SIM1
SIM2
SIM3
SIM4
1
21
22
SIM5
SIM1
SIM2
SIM3
SIM4
1
21
22
SIM5
SIM1
SIM2
SIM3
SIM4
1
21
22
SIM5
SIM1
SIM2
SIM3
SIM4
1
21
22
SIM5
SIM1
SIM2
SIM3
SIM4
1
21
22
SIM5
SIM1
SIM2
SIM3
SIM4
1
21
22
SIM5
SIM1
SIM2
SIM3
SIM4
1
21
22
SIM5
SIM1
SIM2
SIM3
SIM4
1
21
22
SIM5
SIM1
SIM2
SIM3
SIM4
1
21
22
SIM5
SIM1
SIM2
SIM3
SIM4
1
21
22
SIM5
SIM1
SIM2
SIM3
SIM4
1
21
22
SIM5
SIM1
SIM2
SIM3
SIM4
1
21
22
SIM5
SIM1
SIM2
SIM3
SIM4
1
21
22
SIM5
SIM1
SIM2
SIM3
SIM4
1
21
22
SIM5
SIM1
SIM2
SIM3
SIM4
1
21
22
SIM5
SIM1
SIM2
SIM3
SIM4
1
21
22
SIM5
SIM1
SIM2
SIM3
SIM4
1
21
22
SIM5
SIM1
SIM2
SIM3
SIM4
1
21
22
SIM5
SIM1
SIM2
SIM3
SIM4
1
21
22
SIM5
SIM1
SIM2
SIM3
SIM4
1
21
22
SIM5
SIM1
SIM2
SIM3
SIM4
1
21
22
SIM5
SIM1
SIM2
SIM3
SIM4
1
21
22
SIM5
SIM1
SIM2
SIM3
SIM4
1
21
22
SIM5
SIM1
SIM2
SIM3
SIM4
1
21
22
SIM5
SIM1
SIM2
SIM3
SIM4
1
21
22
SIM5
SIM1
SIM2
SIM3
SIM4
1
21
22
SIM5
SIM1
SIM2
SIM3
SIM4
1
21
22
SIM5
SIM1
SIM2
SIM3
SIM4
1
21
22
SIM5
SIM1
SIM2
SIM3
SIM4
1
21
22
SIM5
SIM1
SIM2
SIM3
SIM4
1
21
22
SIM5
SIM1
SIM2
SIM3
SIM4
1
21
22
SIM5
SIM1
SIM2
SIM3
SIM4
1
21
22
SIM5
SIM1
SIM2
SIM3
SIM4
1
21
22
SIM5
SIM1
SIM2
SIM3
SIM4
1
21
22
SIM5
SIM1
SIM2
SIM3
SIM4
1
21
22
SIM5
SIM1
SIM2
SIM3
SIM4
1
21
22
SIM5
SIM1
SIM2
SIM3
SIM4
1
21
22
SIM5
SIM1
SIM2
SIM3
SIM4
1
21
22
SIM5
SIM1
SIM2
SIM3
SIM4
1
21
22
SIM5
SIM1
SIM2
SIM3
SIM4
1
21
22
SIM5
SIM1
SIM2
SIM3
SIM4
1
21
22
SIM5
SIM1
SIM2
SIM3
SIM4
1
21
22
SIM5
SIM1
SIM2
SIM3
SIM4
1
21
22
SIM5
SIM1
SIM2
SIM3
SIM4
1
21
22
SIM5
SIM1
SIM2
SIM3
SIM4
1
21
22
SIM5
SIM1
SIM2
SIM3
SIM4
1
21
22
SIM5
SIM1
SIM2
SIM3
SIM4
1
21
22
SIM5
SIM1
SIM2
SIM3
SIM4
1
21
22
SIM5
SIM1
SIM2
SIM3
SIM4
1
21
22
SIM5
SIM1
SIM2
SIM3
SIM4
1
21
22
SIM5
SIM1
SIM2
SIM3
SIM4
1
21
22
SIM5
SIM1
SIM2
SIM3
SIM4
1
21
22
SIM5
SIM1
SIM2
SIM3
SIM4
1
21
22
SIM5
SIM1
SIM2
SIM3
SIM4
1
21
22
SIM5
SIM1
SIM2
SIM3
SIM4
1
21
22
SIM5
SIM1
SIM2
SIM3
SIM4
1
21
22
SIM5
SIM1
SIM2
SIM3
SIM4
1
21
22
SIM5
SIM1
SIM2
SIM3
SIM4
1
21
22
SIM5
SIM1
SIM2
SIM3
SIM4
1
21
22
SIM5
SIM1
SIM2
SIM3
SIM4
1
21
22
SIM5
SIM1
SIM2
SIM3
SIM4
1
21
22
SIM5
SIM1
SIM2
SIM3
SIM4
1
21
22
SIM5
SIM1
SIM2
SIM3
SIM4
1
21
22
SIM5
SIM1
SIM2
SIM3
SIM4
1
21
22
SIM5
SIM1
SIM2
SIM3
SIM4
1
21
22
SIM5
SIM1
SIM2
SIM3
SIM4
1
21
22
SIM5
SIM1
SIM2
SIM3
SIM4
1
21
22
SIM5
SIM1
SIM2
SIM3
SIM4
1
21
22
SIM5
SIM1
SIM2
SIM3
SIM4
1
21
22
SIM5
SIM1
SIM2
SIM3
SIM4
1
21
22
SIM5
SIM1
SIM2
SIM3
SIM4
1
21
22
SIM5
SIM1
SIM2
SIM3
SIM4
1
21
22
SIM5
SIM1
SIM2
SIM3
SIM4
1
21
22
SIM5
SIM1
SIM2
SIM3
SIM4
1
21
22
SIM5
SIM1
SIM2
SIM3
SIM4
1
21
22
SIM5
SIM1
SIM2
SIM3
SIM4
1
21
22
SIM5
SIM1
SIM2
SIM3
SIM4
1
21
22
SIM5
SIM1
SIM2
SIM3
SIM4
1
21
22
SIM5
SIM1
SIM2
SIM3
SIM4
1
21
22
SIM5
SIM1
SIM2
SIM3
SIM4
1
21
22
SIM5
SIM1
SIM2
SIM3
SIM4
1
21
22
SIM5
SIM1
SIM2
SIM3
SIM4
1
21
22
SIM5
SIM1
SIM2
SIM3
SIM4
1
21
22
SIM5
SIM1
SIM2
SIM3
SIM4
1
21
22
SIM5
SIM1
SIM2
SIM3
SIM4
1
21
22
SIM5
SIM1
SIM2
SIM3
SIM4
1
21
22
SIM5
SIM1
SIM2
SIM3
SIM4
1
21
22
SIM5
SIM1
SIM2
SIM3
SIM4
1
21
22
SIM5
SIM1
SIM2
SIM3
SIM4
1
21
22
SIM5
SIM1
SIM2
SIM3
SIM4
1
21
22
SIM5
SIM1
SIM2
SIM3
SIM4
1
21
22
SIM5
SIM1
SIM2
SIM3
SIM4
1
21
22
SIM5
SIM1
SIM2
SIM3
SIM4
1
21
22
SIM5
SIM1
SIM2
SIM3
SIM4
1
21
22
SIM5
SIM1
SIM2
SIM3
SIM4
1
21
22
SIM5
SIM1
SIM2
SIM3
SIM4
1
21
22
SIM5
SIM1
SIM2
SIM3
SIM4
1
21
22
SIM5
SIM1
SIM2
SIM3
SIM4
1
21
22
SIM5
SIM1
SIM2
SIM3
SIM4
1
21
22
SIM5
SIM1
SIM2
SIM3
SIM4
1
21
22
SIM5
SIM1
SIM2
SIM3
SIM4
1
21
22
SIM5
SIM1
SIM2
SIM3
SIM4
1
21
22
SIM5
SIM1
SIM2
SIM3
SIM4
1
21
22
SIM5
SIM1
SIM2
SIM3
SIM4
1
21
22
SIM5
SIM1
SIM2
SIM3
SIM4
1
21
22
SIM5
SIM1
SIM2
SIM3
SIM4
1
21
22
SIM5
SIM1
SIM2
SIM3
SIM4
1
21
22
SIM5
SIM1
SIM2
SIM3
SIM4
1
21
22
SIM5
SIM1
SIM2
SIM3
SIM4
1
21
22
SIM5
SIM1
SIM2
SIM3
SIM4
1
21
22
SIM5
SIM1
SIM2
SIM3
SIM4
1
21
22
SIM5
SIM1
SIM2
SIM3
SIM4
1
21
22
SIM5
SIM1
SIM2
SIM3
SIM4
1
21
22
SIM5
SIM1
SIM2
SIM3
SIM4
1
21
22
SIM5
SIM1
SIM2
SIM3
SIM4
1
21
22
SIM5
SIM1
SIM2
SIM3
SIM4
1
21
22
SIM5
SIM1
SIM2
SIM3
SIM4
1
21
22
SIM5
SIM1
SIM2
SIM3
SIM4
1
21
22
SIM5
SIM1
SIM2
SIM3
SIM4
1
21
22
SIM5
SIM1
SIM2
SIM3
SIM4
1
21
22
SIM5
SIM1
SIM2
SIM3
SIM4
1
21
22
SIM5
SIM1
SIM2
SIM3
SIM4
1
21
22
SIM5
SIM1
SIM2
SIM3
SIM4
1
21
22
SIM5
SIM1
SIM2
SIM3
SIM4
1
21
22
SIM5
SIM1
SIM2
SIM3
SIM4
1
21
22
SIM5
SIM1
SIM2
SIM3
SIM4
1
21
22
SIM5
SIM1
SIM2
SIM3
SIM4
1
21
22
SIM5
SIM1
SIM2
SIM3
SIM4
1
21
22
SIM5
SIM1
SIM2
SIM3
SIM4
1
21
22
SIM5
SIM1
SIM2
SIM3
SIM4
1
21
22
SIM5
SIM1
SIM2
SIM3
SIM4
1
21
22
SIM5
SIM1
SIM2
SIM3
SIM4
1
21
22
SIM5
SIM1
SIM2
SIM3
SIM4
1
21
22
SIM5
SIM1
SIM2
SIM3
SIM4
1
21
22
SIM5
SIM1
SIM2
SIM3
SIM4
1
21
22
SIM5
SIM1
SIM2
SIM3
SIM4
1
21
22
SIM5
SIM1
SIM2
SIM3
SIM4
1
21
22
SIM5
SIM1
SIM2
SIM3
SIM4
1
21
22
SIM5
SIM1
SIM2
SIM3
SIM4
1
21
22
SIM5
SIM1
SIM2
SIM3
SIM4
1
21
22
SIM5
SIM1
SIM2
SIM3
SIM4
1
21
22
SIM5
SIM1
SIM2
SIM3
SIM4
1
21
22
SIM5
SIM1
SIM2
SIM3
SIM4
1
21
22
SIM5
SIM1
SIM2
SIM3
SIM4
1
21
22
SIM5
SIM1
SIM2
SIM3
SIM4
1
21
22
SIM5
SIM1
SIM2
SIM3
SIM4
1
21
22
SIM5
SIM1
SIM2
SIM3
SIM4
1
21
22
SIM5
SIM1
SIM2
SIM3
SIM4
1
21
22
SIM5
SIM1
SIM2
SIM3
SIM4
1
21
22
SIM5
SIM1
SIM2
SIM3
SIM4
1
21
22
SIM5
SIM1
SIM2
SIM3
SIM4
1
21
22
SIM5
SIM1
SIM2
SIM3
SIM4
1
21
22
SIM5
SIM1
SIM2
SIM3
SIM4
1
21
22
SIM5
SIM1
SIM2
SIM3
SIM4
1
21
22
SIM5
SIM1
SIM2
SIM3
SIM4
1
21
22
SIM5
SIM1
SIM2
SIM3
SIM4
1
21
22
SIM5
SIM1
SIM2
SIM3
SIM4
1
21
22
SIM5
SIM1
SIM2
SIM3
SIM4
1
21
22
SIM5
SIM1
SIM2
SIM3
SIM4
1
21
22
SIM5
SIM1
SIM2
SIM3
SIM4
1
21
22
SIM5
SIM1
SIM2
SIM3
SIM4
1
21
22
SIM5
SIM1
SIM2
SIM3
SIM4
1
21
22
SIM5
SIM1
SIM2
SIM3
SIM4
1
21
22
SIM5
SIM1
SIM2
SIM3
SIM4
1
21
22
SIM5
SIM1
SIM2
SIM3
SIM4
1
21
22
SIM5
SIM1
SIM2
SIM3
SIM4
1
21
22
SIM5
SIM1
SIM2
SIM3
SIM4
1
21
22
SIM5
SIM1
SIM2
SIM3
SIM4
1
21
22
SIM5
SIM1
SIM2
SIM3
SIM4
1
21
22
SIM5
SIM1
SIM2
SIM3
SIM4
1
21
22
SIM5
SIM1
SIM2
SIM3
SIM4
1
21
22
SIM5
SIM1
SIM2
SIM3
SIM4
1
21
22
SIM5
SIM1
SIM2
SIM3
SIM4
1
21
22
SIM5
SIM1
SIM2
SIM3
SIM4
1
21
22
SIM5
SIM1
SIM2
SIM3
SIM4
1
21
22
SIM5
SIM1
SIM2
SIM3
SIM4
1
21
22
SIM5
SIM1
SIM2
SIM3
SIM4
1
21
22
SIM5
SIM1
SIM2
SIM3
SIM4
1
21
22
SIM5
SIM1
SIM2
SIM3
SIM4
1
21
22
SIM5
SIM1
SIM2
SIM3
SIM4
1
21
22
SIM5
SIM1
SIM2
SIM3
SIM4
1
21
22
SIM5
SIM1
SIM2
SIM3
SIM4
1
21
22
SIM5
SIM1
SIM2
DEBUG 1 393
SIM1
SIM2
SIM3
SIM4
1
21
22
SIM5
SIM1
SIM2
SIM3
SIM4
1
21
22
SIM5
SIM1
SIM2
SIM3
SIM4
1
21
22
SIM5
SIM1
SIM2
SIM3
SIM4
1
21
22
SIM5
SIM1
SIM2
SIM3
SIM4
1
21
22
SIM5
SIM1
SIM2
SIM3
SIM4
1
21
22
SIM5
SIM1
SIM2
SIM3
SIM4
1
21
22
SIM5
SIM1
SIM2
SIM3
SIM4
1
21
22
SIM5
SIM1
SIM2
SIM3
SIM4
1
21
22
SIM5
SIM1
SIM2
SIM3
SIM4
1
21
22
SIM5
SIM1
SIM2
SIM3
SIM4
1
21
22
SIM5
SIM1
SIM2
SIM3
SIM4
1
21
22
SIM5
SIM1
SIM2
SIM3
SIM4
1
21
22
SIM5
SIM1
SIM2
SIM3
SIM4
1
21
22
SIM5
SIM1
SIM2
SIM3
SIM4
1
21
22
SIM5
SIM1
SIM2
SIM3
SIM4
1
21
22
SIM5
SIM1
SIM2
SIM3
SIM4
1
21
22
SIM5
SIM1
SIM2
SIM3
SIM4
1
21
22
SIM5
SIM1
SIM2
SIM3
SIM4
1
21
22
SIM5
SIM1
SIM2
SIM3
SIM4
1
21
22
SIM5
SIM1
SIM2
SIM3
SIM4
1
21
22
SIM5
SIM1
SIM2
SIM3
SIM4
1
21
22
SIM5
SIM1
SIM2
SIM3
SIM4
1
21
22
SIM5
SIM1
SIM2
SIM3
SIM4
1
21
22
SIM5
SIM1
SIM2
SIM3
SIM4
1
21
22
SIM5
SIM1
SIM2
SIM3
SIM4
1
21
22
SIM5
SIM1
SIM2
SIM3
SIM4
1
21
22
SIM5
SIM1
SIM2
SIM3
SIM4
1
21
22
SIM5
SIM1
SIM2
SIM3
SIM4
1
21
22
SIM5
SIM1
SIM2
SIM3
SIM4
1
21
22
SIM5
SIM1
SIM2
SIM3
SIM4
1
21
22
SIM5
SIM1
SIM2
SIM3
SIM4
1
21
22
SIM5
SIM1
SIM2
SIM3
SIM4
1
21
22
SIM5
SIM1
SIM2
SIM3
SIM4
1
21
22
SIM5
SIM1
SIM2
SIM3
SIM4
1
21
22
SIM5
SIM1
SIM2
SIM3
SIM4
1
21
22
SIM5
SIM1
SIM2
SIM3
SIM4
1
21
22
SIM5
SIM1
SIM2
SIM3
SIM4
1
21
22
SIM5
SIM1
SIM2
SIM3
SIM4
1
21
22
SIM5
SIM1
SIM2
SIM3
SIM4
1
21
22
SIM5
SIM1
SIM2
SIM3
SIM4
1
21
22
SIM5
SIM1
SIM2
SIM3
SIM4
1
21
22
SIM5
SIM1
SIM2
SIM3
SIM4
1
21
22
SIM5
SIM1
SIM2
SIM3
SIM4
1
21
22
SIM5
SIM1
SIM2
SIM3
SIM4
1
21
22
SIM5
SIM1
SIM2
SIM3
SIM4
1
21
22
SIM5
SIM1
SIM2
SIM3
SIM4
1
21
22
SIM5
SIM1
SIM2
SIM3
SIM4
1
21
22
SIM5
SIM1
SIM2
SIM3
SIM4
1
21
22
SIM5
SIM1
SIM2
SIM3
SIM4
1
21
22
SIM5
SIM1
SIM2
SIM3
SIM4
1
21
22
SIM5
SIM1
SIM2
SIM3
SIM4
1
21
22
SIM5
SIM1
SIM2
SIM3
SIM4
1
21
22
SIM5
SIM1
SIM2
SIM3
SIM4
1
21
22
SIM5
SIM1
SIM2
SIM3
SIM4
1
21
22
SIM5
SIM1
SIM2
SIM3
SIM4
1
21
22
SIM5
SIM1
SIM2
SIM3
SIM4
1
21
22
SIM5
SIM1
SIM2
SIM3
SIM4
1
21
22
SIM5
SIM1
SIM2
SIM3
SIM4
1
21
22
SIM5
SIM1
SIM2
SIM3
SIM4
1
21
22
SIM5
SIM1
SIM2
SIM3
SIM4
1
21
22
SIM5
SIM1
SIM2
SIM3
SIM4
1
21
22
SIM5
SIM1
SIM2
SIM3
SIM4
1
21
22
SIM5
SIM1
SIM2
SIM3
SIM4
1
21
22
SIM5
SIM1
SIM2
SIM3
SIM4
1
21
22
SIM5
SIM1
SIM2
SIM3
SIM4
1
21
22
SIM5
SIM1
SIM2
SIM3
SIM4
1
21
22
SIM5
SIM1
SIM2
SIM3
SIM4
1
21
22
SIM5
SIM1
SIM2
SIM3
SIM4
1
21
22
SIM5
SIM1
SIM2
SIM3
SIM4
1
21
22
SIM5
SIM1
SIM2
SIM3
SIM4
1
21
22
SIM5
SIM1
SIM2
SIM3
SIM4
1
21
22
SIM5
SIM1
SIM2
SIM3
SIM4
1
21
22
SIM5
SIM1
SIM2
SIM3
SIM4
1
21
22
SIM5
SIM1
SIM2
SIM3
SIM4
1
21
22
SIM5
SIM1
SIM2
SIM3
SIM4
1
21
22
SIM5
SIM1
SIM2
SIM3
SIM4
1
21
22
SIM5
SIM1
SIM2
SIM3
SIM4
1
21
22
SIM5
SIM1
SIM2
SIM3
SIM4
1
21
22
SIM5
SIM1
SIM2
SIM3
SIM4
1
21
22
SIM5
SIM1
SIM2
SIM3
SIM4
1
21
22
SIM5
SIM1
SIM2
SIM3
SIM4
1
21
22
SIM5
SIM1
SIM2
SIM3
SIM4
1
21
22
SIM5
SIM1
SIM2
SIM3
SIM4
1
21
22
SIM5
SIM1
SIM2
SIM3
SIM4
1
21
22
SIM5
SIM1
SIM2
SIM3
SIM4
1
21
22
SIM5
SIM1
SIM2
SIM3
SIM4
1
21
22
SIM5
SIM1
SIM2
SIM3
SIM4
1
21
22
SIM5
SIM1
SIM2
SIM3
SIM4
1
21
22
SIM5
SIM1
SIM2
SIM3
SIM4
1
21
22
SIM5
SIM1
SIM2
SIM3
SIM4
1
21
22
SIM5
SIM1
SIM2
SIM3
SIM4
1
21
22
SIM5
SIM1
SIM2
SIM3
SIM4
1
21
22
SIM5
SIM1
SIM2
SIM3
SIM4
1
21
22
SIM5
SIM1
SIM2
SIM3
SIM4
1
21
22
SIM5
SIM1
SIM2
SIM3
SIM4
1
21
22
SIM5
SIM1
SIM2
SIM3
SIM4
1
21
22
SIM5
SIM1
SIM2
SIM3
SIM4
1
21
22
SIM5
SIM1
SIM2
SIM3
SIM4
1
21
22
SIM5
SIM1
SIM2
SIM3
SIM4
1
21
22
SIM5
SIM1
SIM2
SIM3
SIM4
1
21
22
SIM5
SIM1
SIM2
SIM3
SIM4
1
21
22
SIM5
SIM1
SIM2
SIM3
SIM4
1
21
22
SIM5
SIM1
SIM2
SIM3
SIM4
1
21
22
SIM5
SIM1
SIM2
SIM3
SIM4
1
21
22
SIM5
SIM1
SIM2
SIM3
SIM4
1
21
22
SIM5
SIM1
SIM2
SIM3
SIM4
1
21
22
SIM5
SIM1
SIM2
SIM3
SIM4
1
21
22
SIM5
SIM1
SIM2
SIM3
SIM4
1
21
22
SIM5
SIM1
SIM2
SIM3
SIM4
1
21
22
SIM5
SIM1
SIM2
SIM3
SIM4
1
21
22
SIM5
SIM1
SIM2
SIM3
SIM4
1
21
22
SIM5
SIM1
SIM2
SIM3
SIM4
1
21
22
SIM5
SIM1
SIM2
SIM3
SIM4
1
21
22
SIM5
SIM1
SIM2
SIM3
SIM4
1
21
22
SIM5
SIM1
SIM2
SIM3
SIM4
1
21
22
SIM5
SIM1
SIM2
SIM3
SIM4
1
21
22
SIM5
SIM1
SIM2
SIM3
SIM4
1
21
22
SIM5
SIM1
SIM2
SIM3
SIM4
1
21
22
SIM5
SIM1
SIM2
SIM3
SIM4
1
21
22
SIM5
SIM1
SIM2
SIM3
SIM4
1
21
22
SIM5
SIM1
SIM2
SIM3
SIM4
1
21
22
SIM5
SIM1
SIM2
SIM3
SIM4
1
21
22
SIM5
SIM1
SIM2
SIM3
SIM4
1
21
22
SIM5
SIM1
SIM2
SIM3
SIM4
1
21
22
SIM5
SIM1
SIM2
SIM3
SIM4
1
21
22
SIM5
SIM1
SIM2
SIM3
SIM4
1
21
22
SIM5
SIM1
SIM2
SIM3
SIM4
1
21
22
SIM5
SIM1
SIM2
SIM3
SIM4
1
21
22
SIM5
SIM1
SIM2
SIM3
SIM4
1
21
22
SIM5
SIM1
SIM2
SIM3
SIM4
1
21
22
SIM5
SIM1
SIM2
SIM3
SIM4
1
21
22
SIM5
SIM1
SIM2
SIM3
SIM4
1
21
22
SIM5
SIM1
SIM2
SIM3
SIM4
1
21
22
SIM5
SIM1
SIM2
SIM3
SIM4
1
21
22
SIM5
SIM1
SIM2
SIM3
SIM4
1
21
22
SIM5
SIM1
SIM2
SIM3
SIM4
1
21
22
SIM5
SIM1
SIM2
SIM3
SIM4
1
21
22
SIM5
SIM1
SIM2
SIM3
SIM4
1
21
22
SIM5
SIM1
SIM2
SIM3
SIM4
1
21
22
SIM5
SIM1
SIM2
SIM3
SIM4
1
21
22
SIM5
SIM1
SIM2
SIM3
SIM4
1
21
22
SIM5
SIM1
SIM2
SIM3
SIM4
1
21
22
SIM5
SIM1
SIM2
SIM3
SIM4
1
21
22
SIM5
SIM1
SIM2
SIM3
SIM4
1
21
22
SIM5
SIM1
SIM2
SIM3
SIM4
1
21
22
SIM5
SIM1
SIM2
SIM3
SIM4
1
21
22
SIM5
SIM1
SIM2
SIM3
SIM4
1
21
22
SIM5
SIM1
SIM2
SIM3
SIM4
1
21
22
SIM5
SIM1
SIM2
SIM3
SIM4
1
21
22
SIM5
SIM1
SIM2
SIM3
SIM4
1
21
22
SIM5
SIM1
SIM2
SIM3
SIM4
1
21
22
SIM5
SIM1
SIM2
SIM3
SIM4
1
21
22
SIM5
SIM1
SIM2
SIM3
SIM4
1
21
22
SIM5
SIM1
SIM2
SIM3
SIM4
1
21
22
SIM5
SIM1
SIM2
SIM3
SIM4
1
21
22
SIM5
SIM1
SIM2
SIM3
SIM4
1
21
22
SIM5
SIM1
SIM2
SIM3
SIM4
1
21
22
SIM5
SIM1
SIM2
SIM3
SIM4
1
21
22
SIM5
SIM1
SIM2
SIM3
SIM4
1
21
22
SIM5
SIM1
SIM2
SIM3
SIM4
1
21
22
SIM5
SIM1
SIM2
SIM3
SIM4
1
21
22
SIM5
SIM1
SIM2
SIM3
SIM4
1
21
22
SIM5
SIM1
SIM2
SIM3
SIM4
1
21
22
SIM5
SIM1
SIM2
SIM3
SIM4
1
21
22
SIM5
SIM1
SIM2
SIM3
SIM4
1
21
22
SIM5
SIM1
SIM2
SIM3
SIM4
1
21
22
SIM5
SIM1
SIM2
SIM3
SIM4
1
21
22
SIM5
SIM1
SIM2
SIM3
SIM4
1
21
22
SIM5
SIM1
SIM2
SIM3
SIM4
1
21
22
SIM5
SIM1
SIM2
SIM3
SIM4
1
21
22
SIM5
SIM1
SIM2
SIM3
SIM4
1
21
22
SIM5
SIM1
SIM2
SIM3
SIM4
1
21
22
SIM5
SIM1
SIM2
SIM3
SIM4
1
21
22
SIM5
SIM1
SIM2
SIM3
SIM4
1
21
22
SIM5
SIM1
SIM2
SIM3
SIM4
1
21
22
SIM5
SIM1
SIM2
SIM3
SIM4
1
21
22
SIM5
SIM1
SIM2
SIM3
SIM4
1
21
22
SIM5
SIM1
SIM2
SIM3
SIM4
1
21
22
SIM5
SIM1
SIM2
SIM3
SIM4
1
21
22
SIM5
SIM1
SIM2
SIM3
SIM4
1
21
22
SIM5
SIM1
SIM2
SIM3
SIM4
1
21
22
SIM5
SIM1
SIM2
SIM3
SIM4
1
21
22
SIM5
SIM1
SIM2
SIM3
SIM4
1
21
22
SIM5
SIM1
SIM2
SIM3
SIM4
1
21
22
SIM5
SIM1
SIM2
DEBUG 1 394
SIM1
SIM2
SIM3
SIM4
1
21
22
SIM5
SIM1
SIM2
SIM3
SIM4
1
21
22
SIM5
SIM1
SIM2
SIM3
SIM4
1
21
22
SIM5
SIM1
SIM2
SIM3
SIM4
1
21
22
SIM5
SIM1
SIM2
SIM3
SIM4
1
21
22
SIM5
SIM1
SIM2
SIM3
SIM4
1
21
22
SIM5
SIM1
SIM2
SIM3
SIM4
1
21
22
SIM5
SIM1
SIM2
SIM3
SIM4
1
21
22
SIM5
SIM1
SIM2
SIM3
SIM4
1
21
22
SIM5
SIM1
SIM2
SIM3
SIM4
1
21
22
SIM5
SIM1
SIM2
SIM3
SIM4
1
21
22
SIM5
SIM1
SIM2
SIM3
SIM4
1
21
22
SIM5
SIM1
SIM2
SIM3
SIM4
1
21
22
SIM5
SIM1
SIM2
SIM3
SIM4
1
21
22
SIM5
SIM1
SIM2
SIM3
SIM4
1
21
22
SIM5
SIM1
SIM2
SIM3
SIM4
1
21
22
SIM5
SIM1
SIM2
SIM3
SIM4
1
21
22
SIM5
SIM1
SIM2
SIM3
SIM4
1
21
22
SIM5
SIM1
SIM2
SIM3
SIM4
1
21
22
SIM5
SIM1
SIM2
SIM3
SIM4
1
21
22
SIM5
SIM1
SIM2
SIM3
SIM4
1
21
22
SIM5
SIM1
SIM2
SIM3
SIM4
1
21
22
SIM5
SIM1
SIM2
SIM3
SIM4
1
21
22
SIM5
SIM1
SIM2
SIM3
SIM4
1
21
22
SIM5
SIM1
SIM2
SIM3
SIM4
1
21
22
SIM5
SIM1
SIM2
SIM3
SIM4
1
21
22
SIM5
SIM1
SIM2
SIM3
SIM4
1
21
22
SIM5
SIM1
SIM2
SIM3
SIM4
1
21
22
SIM5
SIM1
SIM2
SIM3
SIM4
1
21
22
SIM5
SIM1
SIM2
SIM3
SIM4
1
21
22
SIM5
SIM1
SIM2
SIM3
SIM4
1
21
22
SIM5
SIM1
SIM2
SIM3
SIM4
1
21
22
SIM5
SIM1
SIM2
SIM3
SIM4
1
21
22
SIM5
SIM1
SIM2
SIM3
SIM4
1
21
22
SIM5
SIM1
SIM2
SIM3
SIM4
1
21
22
SIM5
SIM1
SIM2
SIM3
SIM4
1
21
22
SIM5
SIM1
SIM2
SIM3
SIM4
1
21
22
SIM5
SIM1
SIM2
SIM3
SIM4
1
21
22
SIM5
SIM1
SIM2
SIM3
SIM4
1
21
22
SIM5
SIM1
SIM2
SIM3
SIM4
1
21
22
SIM5
SIM1
SIM2
SIM3
SIM4
1
21
22
SIM5
SIM1
SIM2
SIM3
SIM4
1
21
22
SIM5
SIM1
SIM2
SIM3
SIM4
1
21
22
SIM5
SIM1
SIM2
SIM3
SIM4
1
21
22
SIM5
SIM1
SIM2
SIM3
SIM4
1
21
22
SIM5
SIM1
SIM2
SIM3
SIM4
1
21
22
SIM5
SIM1
SIM2
SIM3
SIM4
1
21
22
SIM5
SIM1
SIM2
SIM3
SIM4
1
21
22
SIM5
SIM1
SIM2
SIM3
SIM4
1
21
22
SIM5
SIM1
SIM2
SIM3
SIM4
1
21
22
SIM5
SIM1
SIM2
SIM3
SIM4
1
21
22
SIM5
SIM1
SIM2
SIM3
SIM4
1
21
22
SIM5
SIM1
SIM2
SIM3
SIM4
1
21
22
SIM5
SIM1
SIM2
SIM3
SIM4
1
21
22
SIM5
SIM1
SIM2
SIM3
SIM4
1
21
22
SIM5
SIM1
SIM2
SIM3
SIM4
1
21
22
SIM5
SIM1
SIM2
SIM3
SIM4
1
21
22
SIM5
SIM1
SIM2
SIM3
SIM4
1
21
22
SIM5
SIM1
SIM2
SIM3
SIM4
1
21
22
SIM5
SIM1
SIM2
SIM3
SIM4
1
21
22
SIM5
SIM1
SIM2
SIM3
SIM4
1
21
22
SIM5
SIM1
SIM2
SIM3
SIM4
1
21
22
SIM5
SIM1
SIM2
SIM3
SIM4
1
21
22
SIM5
SIM1
SIM2
SIM3
SIM4
1
21
22
SIM5
SIM1
SIM2
SIM3
SIM4
1
21
22
SIM5
SIM1
SIM2
SIM3
SIM4
1
21
22
SIM5
SIM1
SIM2
SIM3
SIM4
1
21
22
SIM5
SIM1
SIM2
SIM3
SIM4
1
21
22
SIM5
SIM1
SIM2
SIM3
SIM4
1
21
22
SIM5
SIM1
SIM2
SIM3
SIM4
1
21
22
SIM5
SIM1
SIM2
SIM3
SIM4
1
21
22
SIM5
SIM1
SIM2
SIM3
SIM4
1
21
22
SIM5
SIM1
SIM2
SIM3
SIM4
1
21
22
SIM5
SIM1
SIM2
SIM3
SIM4
1
21
22
SIM5
SIM1
SIM2
SIM3
SIM4
1
21
22
SIM5
SIM1
SIM2
SIM3
SIM4
1
21
22
SIM5
SIM1
SIM2
SIM3
SIM4
1
21
22
SIM5
SIM1
SIM2
SIM3
SIM4
1
21
22
SIM5
SIM1
SIM2
SIM3
SIM4
1
21
22
SIM5
SIM1
SIM2
SIM3
SIM4
1
21
22
SIM5
SIM1
SIM2
SIM3
SIM4
1
21
22
SIM5
SIM1
SIM2
SIM3
SIM4
1
21
22
SIM5
SIM1
SIM2
SIM3
SIM4
1
21
22
SIM5
SIM1
SIM2
SIM3
SIM4
1
21
22
SIM5
SIM1
SIM2
SIM3
SIM4
1
21
22
SIM5
SIM1
SIM2
SIM3
SIM4
1
21
22
SIM5
SIM1
SIM2
SIM3
SIM4
1
21
22
SIM5
SIM1
SIM2
SIM3
SIM4
1
21
22
SIM5
SIM1
SIM2
SIM3
SIM4
1
21
22
SIM5
SIM1
SIM2
SIM3
SIM4
1
21
22
SIM5
SIM1
SIM2
SIM3
SIM4
1
21
22
SIM5
SIM1
SIM2
SIM3
SIM4
1
21
22
SIM5
SIM1
SIM2
SIM3
SIM4
1
21
22
SIM5
SIM1
SIM2
SIM3
SIM4
1
21
22
SIM5
SIM1
SIM2
SIM3
SIM4
1
21
22
SIM5
SIM1
SIM2
SIM3
SIM4
1
21
22
SIM5
SIM1
SIM2
SIM3
SIM4
1
21
22
SIM5
SIM1
SIM2
SIM3
SIM4
1
21
22
SIM5
SIM1
SIM2
SIM3
SIM4
1
21
22
SIM5
SIM1
SIM2
SIM3
SIM4
1
21
22
SIM5
SIM1
SIM2
SIM3
SIM4
1
21
22
SIM5
SIM1
SIM2
SIM3
SIM4
1
21
22
SIM5
SIM1
SIM2
SIM3
SIM4
1
21
22
SIM5
SIM1
SIM2
SIM3
SIM4
1
21
22
SIM5
SIM1
SIM2
SIM3
SIM4
1
21
22
SIM5
SIM1
SIM2
SIM3
SIM4
1
21
22
SIM5
SIM1
SIM2
SIM3
SIM4
1
21
22
SIM5
SIM1
SIM2
SIM3
SIM4
1
21
22
SIM5
SIM1
SIM2
SIM3
SIM4
1
21
22
SIM5
SIM1
SIM2
SIM3
SIM4
1
21
22
SIM5
SIM1
SIM2
SIM3
SIM4
1
21
22
SIM5
SIM1
SIM2
SIM3
SIM4
1
21
22
SIM5
SIM1
SIM2
SIM3
SIM4
1
21
22
SIM5
SIM1
SIM2
SIM3
SIM4
1
21
22
SIM5
SIM1
SIM2
SIM3
SIM4
1
21
22
SIM5
SIM1
SIM2
SIM3
SIM4
1
21
22
SIM5
SIM1
SIM2
SIM3
SIM4
1
21
22
SIM5
SIM1
SIM2
SIM3
SIM4
1
21
22
SIM5
SIM1
SIM2
SIM3
SIM4
1
21
22
SIM5
SIM1
SIM2
SIM3
SIM4
1
21
22
SIM5
SIM1
SIM2
SIM3
SIM4
1
21
22
SIM5
SIM1
SIM2
SIM3
SIM4
1
21
22
SIM5
SIM1
SIM2
SIM3
SIM4
1
21
22
SIM5
SIM1
SIM2
SIM3
SIM4
1
21
22
SIM5
SIM1
SIM2
SIM3
SIM4
1
21
22
SIM5
SIM1
SIM2
SIM3
SIM4
1
21
22
SIM5
SIM1
SIM2
SIM3
SIM4
1
21
22
SIM5
SIM1
SIM2
SIM3
SIM4
1
21
22
SIM5
SIM1
SIM2
SIM3
SIM4
1
21
22
SIM5
SIM1
SIM2
SIM3
SIM4
1
21
22
SIM5
SIM1
SIM2
SIM3
SIM4
1
21
22
SIM5
SIM1
SIM2
SIM3
SIM4
1
21
22
SIM5
SIM1
SIM2
SIM3
SIM4
1
21
22
SIM5
SIM1
SIM2
SIM3
SIM4
1
21
22
SIM5
SIM1
SIM2
SIM3
SIM4
1
21
22
SIM5
SIM1
SIM2
SIM3
SIM4
1
21
22
SIM5
SIM1
SIM2
SIM3
SIM4
1
21
22
SIM5
SIM1
SIM2
SIM3
SIM4
1
21
22
SIM5
SIM1
SIM2
SIM3
SIM4
1
21
22
SIM5
SIM1
SIM2
SIM3
SIM4
1
21
22
SIM5
SIM1
SIM2
SIM3
SIM4
1
21
22
SIM5
SIM1
SIM2
SIM3
SIM4
1
21
22
SIM5
SIM1
SIM2
SIM3
SIM4
1
21
22
SIM5
SIM1
SIM2
SIM3
SIM4
1
21
22
SIM5
SIM1
SIM2
SIM3
SIM4
1
21
22
SIM5
SIM1
SIM2
SIM3
SIM4
1
21
22
SIM5
SIM1
SIM2
SIM3
SIM4
1
21
22
SIM5
SIM1
SIM2
SIM3
SIM4
1
21
22
SIM5
SIM1
SIM2
SIM3
SIM4
1
21
22
SIM5
SIM1
SIM2
SIM3
SIM4
1
21
22
SIM5
SIM1
SIM2
SIM3
SIM4
1
21
22
SIM5
SIM1
SIM2
SIM3
SIM4
1
21
22
SIM5
SIM1
SIM2
SIM3
SIM4
1
21
22
SIM5
SIM1
SIM2
SIM3
SIM4
1
21
22
SIM5
SIM1
SIM2
SIM3
SIM4
1
21
22
SIM5
SIM1
SIM2
SIM3
SIM4
1
21
22
SIM5
SIM1
SIM2
SIM3
SIM4
1
21
22
SIM5
SIM1
SIM2
SIM3
SIM4
1
21
22
SIM5
SIM1
SIM2
SIM3
SIM4
1
21
22
SIM5
SIM1
SIM2
SIM3
SIM4
1
21
22
SIM5
SIM1
SIM2
SIM3
SIM4
1
21
22
SIM5
SIM1
SIM2
SIM3
SIM4
1
21
22
SIM5
SIM1
SIM2
SIM3
SIM4
1
21
22
SIM5
SIM1
SIM2
SIM3
SIM4
1
21
22
SIM5
SIM1
SIM2
SIM3
SIM4
1
21
22
SIM5
SIM1
SIM2
SIM3
SIM4
1
21
22
SIM5
SIM1
SIM2
SIM3
SIM4
1
21
22
SIM5
SIM1
SIM2
SIM3
SIM4
1
21
22
SIM5
SIM1
SIM2
SIM3
SIM4
1
21
22
SIM5
SIM1
SIM2
SIM3
SIM4
1
21
22
SIM5
SIM1
SIM2
SIM3
SIM4
1
21
22
SIM5
SIM1
SIM2
SIM3
SIM4
1
21
22
SIM5
SIM1
SIM2
SIM3
SIM4
1
21
22
SIM5
SIM1
SIM2
SIM3
SIM4
1
21
22
SIM5
SIM1
SIM2
SIM3
SIM4
1
21
22
SIM5
SIM1
SIM2
SIM3
SIM4
1
21
22
SIM5
SIM1
SIM2
SIM3
SIM4
1
21
22
SIM5
SIM1
SIM2
SIM3
SIM4
1
21
22
SIM5
SIM1
SIM2
SIM3
SIM4
1
21
22
SIM5
SIM1
SIM2
SIM3
SIM4
1
21
22
SIM5
SIM1
SIM2
SIM3
SIM4
1
21
22
SIM5
SIM1
SIM2
SIM3
SIM4
1
21
22
SIM5
SIM1
SIM2
SIM3
SIM4
1
21
22
SIM5
SIM1
SIM2
SIM3
SIM4
1
21
22
SIM5
SIM1
SIM2
SIM3
SIM4
1
21
22
SIM5
SIM1
SIM2
SIM3
SIM4
1
21
22
SIM5
SIM1
SIM2
SIM3
SIM4
1
21
22
SIM5
SIM1
SIM2
SIM3
SIM4
1
21
22
SIM5
SIM1
SIM2
SIM3
SIM4
1
21
22
SIM5
SIM1
SIM2
SIM3
SIM4
1
21
22
SIM5
SIM1
SIM2
SIM3
SIM4
1
21
22
SIM5
SIM1
SIM2
SIM3
SIM4
1
21
22
SIM5
SIM1
SIM2
SIM3
SIM4
1
21
22
SIM5
SIM1
SIM2
SIM3
SIM4
1
21
22
SIM5
SIM1
SIM2
SIM3
SIM4
1
21
22
SIM5
SIM1
SIM2
SIM3
SIM4
1
21
22
SIM5
SIM1
SIM2
SIM3
SIM4
1
21
22
SIM5
SIM1
SIM2
SIM3
SIM4
1
21
22
SIM5
SIM1
SIM2
SIM3
SIM4
1
21
22
SIM5
SIM1
SIM2
SIM3
SIM4
1
21
22
SIM5
SIM1
SIM2
SIM3
SIM4
1
21
22
SIM5
SIM1
SIM2
SIM3
SIM4
1
21
22
SIM5
SIM1
SIM2
SIM3
SIM4
1
21
22
SIM5
SIM1
SIM2
SIM3
SIM4
1
21
22
SIM5
SIM1
SIM2
SIM3
SIM4
1
21
22
SIM5
SIM1
SIM2
SIM3
SIM4
1
21
22
SIM5
SIM1
SIM2
SIM3
SIM4
1
21
22
SIM5
SIM1
SIM2
SIM3
SIM4
1
21
22
SIM5
SIM1
SIM2
SIM3
SIM4
1
21
22
SIM5
SIM1
SIM2
SIM3
SIM4
1
21
22
SIM5
SIM1
SIM2
SIM3
SIM4
1
21
22
SIM5
SIM1
SIM2
SIM3
SIM4
1
21
22
SIM5
SIM1
SIM2
SIM3
SIM4
1
21
22
SIM5
SIM1
SIM2
SIM3
SIM4
1
21
22
SIM5
SIM1
SIM2
SIM3
SIM4
1
21
22
SIM5
SIM1
SIM2
SIM3
SIM4
1
21
22
SIM5
SIM1
SIM2
SIM3
SIM4
1
21
22
SIM5
SIM1
SIM2
SIM3
SIM4
1
21
22
SIM5
SIM1
SIM2
SIM3
SIM4
1
21
22
SIM5
SIM1
SIM2
SIM3
SIM4
1
21
22
SIM5
SIM1
SIM2
SIM3
SIM4
1
21
22
SIM5
SIM1
SIM2
SIM3
SIM4
1
21
22
SIM5
SIM1
SIM2
SIM3
SIM4
1
21
22
SIM5
SIM1
SIM2
SIM3
SIM4
1
21
22
SIM5
SIM1
SIM2
SIM3
SIM4
1
21
22
SIM5
SIM1
SIM2
SIM3
SIM4
1
21
22
SIM5
SIM1
SIM2
SIM3
SIM4
1
21
22
SIM5
SIM1
SIM2
SIM3
SIM4
1
21
22
SIM5
SIM1
SIM2
SIM3
SIM4
1
21
22
SIM5
SIM1
SIM2
SIM3
SIM4
1
21
22
SIM5
SIM1
SIM2
SIM3
SIM4
1
21
22
SIM5
SIM1
SIM2
SIM3
SIM4
1
21
22
SIM5
SIM1
SIM2
SIM3
SIM4
1
21
22
SIM5
SIM1
SIM2
SIM3
SIM4
1
21
22
SIM5
SIM1
SIM2
SIM3
SIM4
1
21
22
SIM5
SIM1
SIM2
SIM3
SIM4
1
21
22
SIM5
SIM1
SIM2
SIM3
SIM4
1
21
22
SIM5
SIM1
SIM2
SIM3
SIM4
1
21
22
SIM5
SIM1
SIM2
SIM3
SIM4
1
21
22
SIM5
SIM1
SIM2
SIM3
SIM4
1
21
22
SIM5
SIM1
SIM2
SIM3
SIM4
1
21
22
SIM5
SIM1
SIM2
SIM3
SIM4
1
21
22
SIM5
SIM1
SIM2
SIM3
SIM4
1
21
22
SIM5
SIM1
SIM2
SIM3
SIM4
1
21
22
SIM5
SIM1
SIM2
SIM3
SIM4
1
21
22
SIM5
SIM1
SIM2
SIM3
SIM4
1
21
22
SIM5
SIM1
SIM2
SIM3
SIM4
1
21
22
SIM5
SIM1
SIM2
SIM3
SIM4
1
21
22
SIM5
SIM1
SIM2
SIM3
SIM4
1
21
22
SIM5
SIM1
SIM2
SIM3
SIM4
1
21
22
SIM5
SIM1
SIM2
SIM3
SIM4
1
21
22
SIM5
SIM1
SIM2
SIM3
SIM4
1
21
22
SIM5
SIM1
SIM2
SIM3
SIM4
1
21
22
SIM5
SIM1
SIM2
SIM3
SIM4
1
21
22
SIM5
SIM1
SIM2
SIM3
SIM4
1
21
22
SIM5
SIM1
SIM2
SIM3
SIM4
1
21
22
SIM5
SIM1
SIM2
SIM3
SIM4
1
21
22
SIM5
SIM1
SIM2
SIM3
SIM4
1
21
22
SIM5
SIM1
SIM2
SIM3
SIM4
1
21
22
SIM5
SIM1
SIM2
SIM3
SIM4
1
21
22
SIM5
SIM1
SIM2
SIM3
SIM4
1
21
22
SIM5
SIM1
SIM2
SIM3
SIM4
1
21
22
SIM5
SIM1
SIM2
SIM3
SIM4
1
21
22
SIM5
SIM1
SIM2
SIM3
SIM4
1
21
22
SIM5
SIM1
SIM2
SIM3
SIM4
1
21
22
SIM5
SIM1
SIM2
SIM3
SIM4
1
21
22
SIM5
SIM1
SIM2
SIM3
SIM4
1
21
22
SIM5
SIM1
SIM2
SIM3
SIM4
1
21
22
SIM5
SIM1
SIM2
SIM3
SIM4
1
21
22
SIM5
SIM1
SIM2
SIM3
SIM4
1
21
22
SIM5
SIM1
SIM2
SIM3
SIM4
1
21
22
SIM5
SIM1
SIM2
SIM3
SIM4
1
21
22
SIM5
SIM1
SIM2
SIM3
SIM4
1
21
22
SIM5
SIM1
SIM2
SIM3
SIM4
1
21
22
SIM5
SIM1
SIM2
SIM3
SIM4
1
21
22
SIM5
SIM1
SIM2
SIM3
SIM4
1
21
22
SIM5
SIM1
SIM2
SIM3
SIM4
1
21
22
SIM5
SIM1
SIM2
SIM3
SIM4
1
21
22
SIM5
SIM1
SIM2
SIM3
SIM4
1
21
22
SIM5
SIM1
SIM2
SIM3
SIM4
1
21
22
SIM5
SIM1
SIM2
SIM3
SIM4
1
21
22
SIM5
SIM1
SIM2
SIM3
SIM4
1
21
22
SIM5
SIM1
SIM2
SIM3
SIM4
1
21
22
SIM5
SIM1
SIM2
SIM3
SIM4
1
21
22
SIM5
SIM1
SIM2
SIM3
SIM4
1
21
22
SIM5
SIM1
SIM2
SIM3
SIM4
1
21
22
SIM5
SIM1
SIM2
SIM3
SIM4
1
21
22
SIM5
SIM1
SIM2
SIM3
SIM4
1
21
22
SIM5
SIM1
SIM2
SIM3
SIM4
1
21
22
SIM5
SIM1
SIM2
SIM3
SIM4
1
21
22
SIM5
SIM1
SIM2
SIM3
SIM4
1
21
22
SIM5
SIM1
SIM2
SIM3
SIM4
1
21
22
SIM5
SIM1
SIM2
SIM3
SIM4
1
21
22
SIM5
SIM1
SIM2
SIM3
SIM4
1
21
22
SIM5
SIM1
SIM2
SIM3
SIM4
1
21
22
SIM5
SIM1
SIM2
SIM3
SIM4
1
21
22
SIM5
SIM1
SIM2
SIM3
SIM4
1
21
22
SIM5
SIM1
SIM2
SIM3
SIM4
1
21
22
SIM5
SIM1
SIM2
SIM3
SIM4
1
21
22
SIM5
SIM1
SIM2
SIM3
SIM4
1
21
22
SIM5
SIM1
SIM2
SIM3
SIM4
1
21
22
SIM5
SIM1
SIM2
SIM3
SIM4
1
21
22
SIM5
SIM1
SIM2
SIM3
SIM4
1
21
22
SIM5
SIM1
SIM2
SIM3
SIM4
1
21
22
SIM5
SIM1
SIM2
SIM3
SIM4
1
21
22
SIM5
SIM1
SIM2
SIM3
SIM4
1
21
22
SIM5
SIM1
SIM2
SIM3
SIM4
1
21
22
SIM5
SIM1
SIM2
SIM3
SIM4
1
21
22
SIM5
SIM1
SIM2
SIM3
SIM4
1
21
22
SIM5
SIM1
SIM2
SIM3
SIM4
1
21
22
SIM5
SIM1
SIM2
SIM3
SIM4
1
21
22
SIM5
SIM1
SIM2
SIM3
SIM4
1
21
22
SIM5
SIM1
SIM2
SIM3
SIM4
1
21
22
SIM5
SIM1
SIM2
SIM3
SIM4
1
21
22
SIM5
SIM1
SIM2
SIM3
SIM4
1
21
22
SIM5
SIM1
SIM2
SIM3
SIM4
1
21
22
SIM5
SIM1
SIM2
SIM3
SIM4
1
21
22
SIM5
SIM1
SIM2
SIM3
SIM4
1
21
22
SIM5
SIM1
SIM2
SIM3
SIM4
1
21
22
SIM5
SIM1
SIM2
SIM3
SIM4
1
21
22
SIM5
SIM1
SIM2
SIM3
SIM4
1
21
22
SIM5
SIM1
SIM2
SIM3
SIM4
1
21
22
SIM5
SIM1
SIM2
SIM3
SIM4
1
21
22
SIM5
SIM1
SIM2
SIM3
SIM4
1
21
22
SIM5
SIM1
SIM2
SIM3
SIM4
1
21
22
SIM5
SIM1
SIM2
SIM3
SIM4
1
21
22
SIM5
SIM1
SIM2
SIM3
SIM4
1
21
22
SIM5
SIM1
SIM2
SIM3
SIM4
1
21
22
SIM5
SIM1
SIM2
SIM3
SIM4
1
21
22
SIM5
SIM1
SIM2
SIM3
SIM4
1
21
22
SIM5
SIM1
SIM2
SIM3
SIM4
1
21
22
SIM5
SIM1
SIM2
SIM3
SIM4
1
21
22
SIM5
SIM1
SIM2
SIM3
SIM4
1
21
22
SIM5
SIM1
SIM2
SIM3
SIM4
1
21
22
SIM5
SIM1
SIM2
SIM3
SIM4
1
21
22
SIM5
SIM1
SIM2
SIM3
SIM4
1
21
22
SIM5
SIM1
SIM2
SIM3
SIM4
1
21
22
SIM5
SIM1
SIM2
SIM3
SIM4
1
21
22
SIM5
SIM1
SIM2
SIM3
SIM4
1
21
22
SIM5
SIM1
SIM2
SIM3
SIM4
1
21
22
SIM5
SIM1
SIM2
SIM3
SIM4
1
21
22
SIM5
SIM1
SIM2
SIM3
SIM4
1
21
22
SIM5
SIM1
SIM2
SIM3
SIM4
1
21
22
SIM5
SIM1
SIM2
DEBUG 1 395
SIM1
SIM2
SIM3
SIM4
1
21
22
SIM5
SIM1
SIM2
SIM3
SIM4
1
21
22
SIM5
SIM1
SIM2
SIM3
SIM4
1
21
22
SIM5
SIM1
SIM2
SIM3
SIM4
1
21
22
SIM5
SIM1
SIM2
SIM3
SIM4
1
21
22
SIM5
SIM1
SIM2
SIM3
SIM4
1
21
22
SIM5
SIM1
SIM2
SIM3
SIM4
1
21
22
SIM5
SIM1
SIM2
SIM3
SIM4
1
21
22
SIM5
SIM1
SIM2
SIM3
SIM4
1
21
22
SIM5
SIM1
SIM2
SIM3
SIM4
1
21
22
SIM5
SIM1
SIM2
SIM3
SIM4
1
21
22
SIM5
SIM1
SIM2
SIM3
SIM4
1
21
22
SIM5
SIM1
SIM2
SIM3
SIM4
1
21
22
SIM5
SIM1
SIM2
SIM3
SIM4
1
21
22
SIM5
SIM1
SIM2
SIM3
SIM4
1
21
22
SIM5
SIM1
SIM2
SIM3
SIM4
1
21
22
SIM5
SIM1
SIM2
SIM3
SIM4
1
21
22
SIM5
SIM1
SIM2
SIM3
SIM4
1
21
22
SIM5
SIM1
SIM2
SIM3
SIM4
1
21
22
SIM5
SIM1
SIM2
SIM3
SIM4
1
21
22
SIM5
SIM1
SIM2
SIM3
SIM4
1
21
22
SIM5
SIM1
SIM2
SIM3
SIM4
1
21
22
SIM5
SIM1
SIM2
SIM3
SIM4
1
21
22
SIM5
SIM1
SIM2
SIM3
SIM4
1
21
22
SIM5
SIM1
SIM2
SIM3
SIM4
1
21
22
SIM5
SIM1
SIM2
SIM3
SIM4
1
21
22
SIM5
SIM1
SIM2
SIM3
SIM4
1
21
22
SIM5
SIM1
SIM2
SIM3
SIM4
1
21
22
SIM5
SIM1
SIM2
SIM3
SIM4
1
21
22
SIM5
SIM1
SIM2
SIM3
SIM4
1
21
22
SIM5
SIM1
SIM2
SIM3
SIM4
1
21
22
SIM5
SIM1
SIM2
SIM3
SIM4
1
21
22
SIM5
SIM1
SIM2
SIM3
SIM4
1
21
22
SIM5
SIM1
SIM2
SIM3
SIM4
1
21
22
SIM5
SIM1
SIM2
SIM3
SIM4
1
21
22
SIM5
SIM1
SIM2
SIM3
SIM4
1
21
22
SIM5
SIM1
SIM2
SIM3
SIM4
1
21
22
SIM5
SIM1
SIM2
SIM3
SIM4
1
21
22
SIM5
SIM1
SIM2
SIM3
SIM4
1
21
22
SIM5
SIM1
SIM2
SIM3
SIM4
1
21
22
SIM5
SIM1
SIM2
SIM3
SIM4
1
21
22
SIM5
SIM1
SIM2
SIM3
SIM4
1
21
22
SIM5
SIM1
SIM2
SIM3
SIM4
1
21
22
SIM5
SIM1
SIM2
SIM3
SIM4
1
21
22
SIM5
SIM1
SIM2
SIM3
SIM4
1
21
22
SIM5
SIM1
SIM2
SIM3
SIM4
1
21
22
SIM5
SIM1
SIM2
SIM3
SIM4
1
21
22
SIM5
SIM1
SIM2
SIM3
SIM4
1
21
22
SIM5
SIM1
SIM2
SIM3
SIM4
1
21
22
SIM5
SIM1
SIM2
SIM3
SIM4
1
21
22
SIM5
SIM1
SIM2
SIM3
SIM4
1
21
22
SIM5
SIM1
SIM2
SIM3
SIM4
1
21
22
SIM5
SIM1
SIM2
SIM3
SIM4
1
21
22
SIM5
SIM1
SIM2
SIM3
SIM4
1
21
22
SIM5
SIM1
SIM2
SIM3
SIM4
1
21
22
SIM5
SIM1
SIM2
SIM3
SIM4
1
21
22
SIM5
SIM1
SIM2
SIM3
SIM4
1
21
22
SIM5
SIM1
SIM2
SIM3
SIM4
1
21
22
SIM5
SIM1
SIM2
SIM3
SIM4
1
21
22
SIM5
SIM1
SIM2
SIM3
SIM4
1
21
22
SIM5
SIM1
SIM2
SIM3
SIM4
1
21
22
SIM5
SIM1
SIM2
SIM3
SIM4
1
21
22
SIM5
SIM1
SIM2
SIM3
SIM4
1
21
22
SIM5
SIM1
SIM2
SIM3
SIM4
1
21
22
SIM5
SIM1
SIM2
SIM3
SIM4
1
21
22
SIM5
SIM1
SIM2
SIM3
SIM4
1
21
22
SIM5
SIM1
SIM2
SIM3
SIM4
1
21
22
SIM5
SIM1
SIM2
SIM3
SIM4
1
21
22
SIM5
SIM1
SIM2
SIM3
SIM4
1
21
22
SIM5
SIM1
SIM2
SIM3
SIM4
1
21
22
SIM5
SIM1
SIM2
SIM3
SIM4
1
21
22
SIM5
SIM1
SIM2
SIM3
SIM4
1
21
22
SIM5
SIM1
SIM2
SIM3
SIM4
1
21
22
SIM5
SIM1
SIM2
SIM3
SIM4
1
21
22
SIM5
SIM1
SIM2
SIM3
SIM4
1
21
22
SIM5
SIM1
SIM2
SIM3
SIM4
1
21
22
SIM5
SIM1
SIM2
SIM3
SIM4
1
21
22
SIM5
SIM1
SIM2
SIM3
SIM4
1
21
22
SIM5
SIM1
SIM2
SIM3
SIM4
1
21
22
SIM5
SIM1
SIM2
SIM3
SIM4
1
21
22
SIM5
SIM1
SIM2
SIM3
SIM4
1
21
22
SIM5
SIM1
SIM2
SIM3
SIM4
1
21
22
SIM5
SIM1
SIM2
SIM3
SIM4
1
21
22
SIM5
SIM1
SIM2
SIM3
SIM4
1
21
22
SIM5
SIM1
SIM2
SIM3
SIM4
1
21
22
SIM5
SIM1
SIM2
SIM3
SIM4
1
21
22
SIM5
SIM1
SIM2
SIM3
SIM4
1
21
22
SIM5
SIM1
SIM2
SIM3
SIM4
1
21
22
SIM5
SIM1
SIM2
SIM3
SIM4
1
21
22
SIM5
SIM1
SIM2
SIM3
SIM4
1
21
22
SIM5
SIM1
SIM2
SIM3
SIM4
1
21
22
SIM5
SIM1
SIM2
SIM3
SIM4
1
21
22
SIM5
SIM1
SIM2
SIM3
SIM4
1
21
22
SIM5
SIM1
SIM2
SIM3
SIM4
1
21
22
SIM5
SIM1
SIM2
SIM3
SIM4
1
21
22
SIM5
SIM1
SIM2
SIM3
SIM4
1
21
22
SIM5
SIM1
SIM2
SIM3
SIM4
1
21
22
SIM5
SIM1
SIM2
SIM3
SIM4
1
21
22
SIM5
SIM1
SIM2
SIM3
SIM4
1
21
22
SIM5
SIM1
SIM2
SIM3
SIM4
1
21
22
SIM5
SIM1
SIM2
SIM3
SIM4
1
21
22
SIM5
SIM1
SIM2
SIM3
SIM4
1
21
22
SIM5
SIM1
SIM2
SIM3
SIM4
1
21
22
SIM5
SIM1
SIM2
SIM3
SIM4
1
21
22
SIM5
SIM1
SIM2
SIM3
SIM4
1
21
22
SIM5
SIM1
SIM2
SIM3
SIM4
1
21
22
SIM5
SIM1
SIM2
SIM3
SIM4
1
21
22
SIM5
SIM1
SIM2
SIM3
SIM4
1
21
22
SIM5
SIM1
SIM2
SIM3
SIM4
1
21
22
SIM5
SIM1
SIM2
SIM3
SIM4
1
21
22
SIM5
SIM1
SIM2
SIM3
SIM4
1
21
22
SIM5
SIM1
SIM2
SIM3
SIM4
1
21
22
SIM5
SIM1
SIM2
SIM3
SIM4
1
21
22
SIM5
SIM1
SIM2
SIM3
SIM4
1
21
22
SIM5
SIM1
SIM2
SIM3
SIM4
1
21
22
SIM5
SIM1
SIM2
SIM3
SIM4
1
21
22
SIM5
SIM1
SIM2
SIM3
SIM4
1
21
22
SIM5
SIM1
SIM2
SIM3
SIM4
1
21
22
SIM5
SIM1
SIM2
SIM3
SIM4
1
21
22
SIM5
SIM1
SIM2
SIM3
SIM4
1
21
22
SIM5
SIM1
SIM2
SIM3
SIM4
1
21
22
SIM5
SIM1
SIM2
SIM3
SIM4
1
21
22
SIM5
SIM1
SIM2
SIM3
SIM4
1
21
22
SIM5
SIM1
SIM2
SIM3
SIM4
1
21
22
SIM5
SIM1
SIM2
SIM3
SIM4
1
21
22
SIM5
SIM1
SIM2
SIM3
SIM4
1
21
22
SIM5
SIM1
SIM2
SIM3
SIM4
1
21
22
SIM5
SIM1
SIM2
SIM3
SIM4
1
21
22
SIM5
SIM1
SIM2
SIM3
SIM4
1
21
22
SIM5
SIM1
SIM2
SIM3
SIM4
1
21
22
SIM5
SIM1
SIM2
SIM3
SIM4
1
21
22
SIM5
SIM1
SIM2
SIM3
SIM4
1
21
22
SIM5
SIM1
SIM2
SIM3
SIM4
1
21
22
SIM5
SIM1
SIM2
SIM3
SIM4
1
21
22
SIM5
SIM1
SIM2
SIM3
SIM4
1
21
22
SIM5
SIM1
SIM2
SIM3
SIM4
1
21
22
SIM5
SIM1
SIM2
SIM3
SIM4
1
21
22
SIM5
SIM1
SIM2
SIM3
SIM4
1
21
22
SIM5
SIM1
SIM2
SIM3
SIM4
1
21
22
SIM5
SIM1
SIM2
SIM3
SIM4
1
21
22
SIM5
SIM1
SIM2
SIM3
SIM4
1
21
22
SIM5
SIM1
SIM2
SIM3
SIM4
1
21
22
SIM5
SIM1
SIM2
SIM3
SIM4
1
21
22
SIM5
SIM1
SIM2
SIM3
SIM4
1
21
22
SIM5
SIM1
SIM2
SIM3
SIM4
1
21
22
SIM5
SIM1
SIM2
SIM3
SIM4
1
21
22
SIM5
SIM1
SIM2
SIM3
SIM4
1
21
22
SIM5
SIM1
SIM2
DEBUG 1 396
SIM1
SIM2
SIM3
SIM4
1
21
22
SIM5
SIM1
SIM2
SIM3
SIM4
1
21
22
SIM5
SIM1
SIM2
SIM3
SIM4
1
21
22
SIM5
SIM1
SIM2
SIM3
SIM4
1
21
22
SIM5
SIM1
SIM2
SIM3
SIM4
1
21
22
SIM5
SIM1
SIM2
SIM3
SIM4
1
21
22
SIM5
SIM1
SIM2
SIM3
SIM4
1
21
22
SIM5
SIM1
SIM2
SIM3
SIM4
1
21
22
SIM5
SIM1
SIM2
SIM3
SIM4
1
21
22
SIM5
SIM1
SIM2
SIM3
SIM4
1
21
22
SIM5
SIM1
SIM2
SIM3
SIM4
1
21
22
SIM5
SIM1
SIM2
SIM3
SIM4
1
21
22
SIM5
SIM1
SIM2
SIM3
SIM4
1
21
22
SIM5
SIM1
SIM2
SIM3
SIM4
1
21
22
SIM5
SIM1
SIM2
SIM3
SIM4
1
21
22
SIM5
SIM1
SIM2
SIM3
SIM4
1
21
22
SIM5
SIM1
SIM2
SIM3
SIM4
1
21
22
SIM5
SIM1
SIM2
SIM3
SIM4
1
21
22
SIM5
SIM1
SIM2
SIM3
SIM4
1
21
22
SIM5
SIM1
SIM2
SIM3
SIM4
1
21
22
SIM5
SIM1
SIM2
SIM3
SIM4
1
21
22
SIM5
SIM1
SIM2
SIM3
SIM4
1
21
22
SIM5
SIM1
SIM2
SIM3
SIM4
1
21
22
SIM5
SIM1
SIM2
SIM3
SIM4
1
21
22
SIM5
SIM1
SIM2
SIM3
SIM4
1
21
22
SIM5
SIM1
SIM2
SIM3
SIM4
1
21
22
SIM5
SIM1
SIM2
SIM3
SIM4
1
21
22
SIM5
SIM1
SIM2
SIM3
SIM4
1
21
22
SIM5
SIM1
SIM2
SIM3
SIM4
1
21
22
SIM5
SIM1
SIM2
SIM3
SIM4
1
21
22
SIM5
SIM1
SIM2
SIM3
SIM4
1
21
22
SIM5
SIM1
SIM2
SIM3
SIM4
1
21
22
SIM5
SIM1
SIM2
SIM3
SIM4
1
21
22
SIM5
SIM1
SIM2
SIM3
SIM4
1
21
22
SIM5
SIM1
SIM2
SIM3
SIM4
1
21
22
SIM5
SIM1
SIM2
SIM3
SIM4
1
21
22
SIM5
SIM1
SIM2
SIM3
SIM4
1
21
22
SIM5
SIM1
SIM2
SIM3
SIM4
1
21
22
SIM5
SIM1
SIM2
SIM3
SIM4
1
21
22
SIM5
SIM1
SIM2
SIM3
SIM4
1
21
22
SIM5
SIM1
SIM2
SIM3
SIM4
1
21
22
SIM5
SIM1
SIM2
SIM3
SIM4
1
21
22
SIM5
SIM1
SIM2
SIM3
SIM4
1
21
22
SIM5
SIM1
SIM2
SIM3
SIM4
1
21
22
SIM5
SIM1
SIM2
SIM3
SIM4
1
21
22
SIM5
SIM1
SIM2
SIM3
SIM4
1
21
22
SIM5
SIM1
SIM2
SIM3
SIM4
1
21
22
SIM5
SIM1
SIM2
SIM3
SIM4
1
21
22
SIM5
SIM1
SIM2
SIM3
SIM4
1
21
22
SIM5
SIM1
SIM2
SIM3
SIM4
1
21
22
SIM5
SIM1
SIM2
SIM3
SIM4
1
21
22
SIM5
SIM1
SIM2
SIM3
SIM4
1
21
22
SIM5
SIM1
SIM2
SIM3
SIM4
1
21
22
SIM5
SIM1
SIM2
SIM3
SIM4
1
21
22
SIM5
SIM1
SIM2
SIM3
SIM4
1
21
22
SIM5
SIM1
SIM2
SIM3
SIM4
1
21
22
SIM5
SIM1
SIM2
SIM3
SIM4
1
21
22
SIM5
SIM1
SIM2
SIM3
SIM4
1
21
22
SIM5
SIM1
SIM2
SIM3
SIM4
1
21
22
SIM5
SIM1
SIM2
SIM3
SIM4
1
21
22
SIM5
SIM1
SIM2
SIM3
SIM4
1
21
22
SIM5
SIM1
SIM2
SIM3
SIM4
1
21
22
SIM5
SIM1
SIM2
SIM3
SIM4
1
21
22
SIM5
SIM1
SIM2
SIM3
SIM4
1
21
22
SIM5
SIM1
SIM2
SIM3
SIM4
1
21
22
SIM5
SIM1
SIM2
SIM3
SIM4
1
21
22
SIM5
SIM1
SIM2
SIM3
SIM4
1
21
22
SIM5
SIM1
SIM2
SIM3
SIM4
1
21
22
SIM5
SIM1
SIM2
SIM3
SIM4
1
21
22
SIM5
SIM1
SIM2
SIM3
SIM4
1
21
22
SIM5
SIM1
SIM2
SIM3
SIM4
1
21
22
SIM5
SIM1
SIM2
SIM3
SIM4
1
21
22
SIM5
SIM1
SIM2
SIM3
SIM4
1
21
22
SIM5
SIM1
SIM2
SIM3
SIM4
1
21
22
SIM5
SIM1
SIM2
SIM3
SIM4
1
21
22
SIM5
SIM1
SIM2
SIM3
SIM4
1
21
22
SIM5
SIM1
SIM2
SIM3
SIM4
1
21
22
SIM5
SIM1
SIM2
SIM3
SIM4
1
21
22
SIM5
SIM1
SIM2
SIM3
SIM4
1
21
22
SIM5
SIM1
SIM2
SIM3
SIM4
1
21
22
SIM5
SIM1
SIM2
SIM3
SIM4
1
21
22
SIM5
SIM1
SIM2
SIM3
SIM4
1
21
22
SIM5
SIM1
SIM2
SIM3
SIM4
1
21
22
SIM5
SIM1
SIM2
SIM3
SIM4
1
21
22
SIM5
SIM1
SIM2
SIM3
SIM4
1
21
22
SIM5
SIM1
SIM2
SIM3
SIM4
1
21
22
SIM5
SIM1
SIM2
SIM3
SIM4
1
21
22
SIM5
SIM1
SIM2
SIM3
SIM4
1
21
22
SIM5
SIM1
SIM2
SIM3
SIM4
1
21
22
SIM5
SIM1
SIM2
SIM3
SIM4
1
21
22
SIM5
SIM1
SIM2
SIM3
SIM4
1
21
22
SIM5
SIM1
SIM2
SIM3
SIM4
1
21
22
SIM5
SIM1
SIM2
SIM3
SIM4
1
21
22
SIM5
SIM1
SIM2
SIM3
SIM4
1
21
22
SIM5
SIM1
SIM2
SIM3
SIM4
1
21
22
SIM5
SIM1
SIM2
SIM3
SIM4
1
21
22
SIM5
SIM1
SIM2
SIM3
SIM4
1
21
22
SIM5
SIM1
SIM2
SIM3
SIM4
1
21
22
SIM5
SIM1
SIM2
SIM3
SIM4
1
21
22
SIM5
SIM1
SIM2
SIM3
SIM4
1
21
22
SIM5
SIM1
SIM2
SIM3
SIM4
1
21
22
SIM5
SIM1
SIM2
SIM3
SIM4
1
21
22
SIM5
SIM1
SIM2
SIM3
SIM4
1
21
22
SIM5
SIM1
SIM2
SIM3
SIM4
1
21
22
SIM5
SIM1
SIM2
SIM3
SIM4
1
21
22
SIM5
SIM1
SIM2
SIM3
SIM4
1
21
22
SIM5
SIM1
SIM2
SIM3
SIM4
1
21
22
SIM5
SIM1
SIM2
SIM3
SIM4
1
21
22
SIM5
SIM1
SIM2
SIM3
SIM4
1
21
22
SIM5
SIM1
SIM2
SIM3
SIM4
1
21
22
SIM5
SIM1
SIM2
SIM3
SIM4
1
21
22
SIM5
SIM1
SIM2
SIM3
SIM4
1
21
22
SIM5
SIM1
SIM2
SIM3
SIM4
1
21
22
SIM5
SIM1
SIM2
SIM3
SIM4
1
21
22
SIM5
SIM1
SIM2
SIM3
SIM4
1
21
22
SIM5
SIM1
SIM2
SIM3
SIM4
1
21
22
SIM5
SIM1
SIM2
SIM3
SIM4
1
21
22
SIM5
SIM1
SIM2
SIM3
SIM4
1
21
22
SIM5
SIM1
SIM2
SIM3
SIM4
1
21
22
SIM5
SIM1
SIM2
SIM3
SIM4
1
21
22
SIM5
SIM1
SIM2
SIM3
SIM4
1
21
22
SIM5
SIM1
SIM2
SIM3
SIM4
1
21
22
SIM5
SIM1
SIM2
SIM3
SIM4
1
21
22
SIM5
SIM1
SIM2
SIM3
SIM4
1
21
22
SIM5
SIM1
SIM2
SIM3
SIM4
1
21
22
SIM5
SIM1
SIM2
SIM3
SIM4
1
21
22
SIM5
SIM1
SIM2
SIM3
SIM4
1
21
22
SIM5
SIM1
SIM2
SIM3
SIM4
1
21
22
SIM5
SIM1
SIM2
SIM3
SIM4
1
21
22
SIM5
SIM1
SIM2
SIM3
SIM4
1
21
22
SIM5
SIM1
SIM2
SIM3
SIM4
1
21
22
SIM5
SIM1
SIM2
SIM3
SIM4
1
21
22
SIM5
SIM1
SIM2
SIM3
SIM4
1
21
22
SIM5
SIM1
SIM2
SIM3
SIM4
1
21
22
SIM5
SIM1
SIM2
SIM3
SIM4
1
21
22
SIM5
SIM1
SIM2
SIM3
SIM4
1
21
22
SIM5
SIM1
SIM2
SIM3
SIM4
1
21
22
SIM5
SIM1
SIM2
SIM3
SIM4
1
21
22
SIM5
SIM1
SIM2
DEBUG 1 397
SIM1
SIM2
SIM3
SIM4
1
21
22
SIM5
SIM1
SIM2
SIM3
SIM4
1
21
22
SIM5
SIM1
SIM2
SIM3
SIM4
1
21
22
SIM5
SIM1
SIM2
SIM3
SIM4
1
21
22
SIM5
SIM1
SIM2
SIM3
SIM4
1
21
22
SIM5
SIM1
SIM2
SIM3
SIM4
1
21
22
SIM5
SIM1
SIM2
SIM3
SIM4
1
21
22
SIM5
SIM1
SIM2
SIM3
SIM4
1
21
22
SIM5
SIM1
SIM2
SIM3
SIM4
1
21
22
SIM5
SIM1
SIM2
SIM3
SIM4
1
21
22
SIM5
SIM1
SIM2
SIM3
SIM4
1
21
22
SIM5
SIM1
SIM2
SIM3
SIM4
1
21
22
SIM5
SIM1
SIM2
SIM3
SIM4
1
21
22
SIM5
SIM1
SIM2
SIM3
SIM4
1
21
22
SIM5
SIM1
SIM2
SIM3
SIM4
1
21
22
SIM5
SIM1
SIM2
SIM3
SIM4
1
21
22
SIM5
SIM1
SIM2
SIM3
SIM4
1
21
22
SIM5
SIM1
SIM2
SIM3
SIM4
1
21
22
SIM5
SIM1
SIM2
SIM3
SIM4
1
21
22
SIM5
SIM1
SIM2
SIM3
SIM4
1
21
22
SIM5
SIM1
SIM2
SIM3
SIM4
1
21
22
SIM5
SIM1
SIM2
SIM3
SIM4
1
21
22
SIM5
SIM1
SIM2
SIM3
SIM4
1
21
22
SIM5
SIM1
SIM2
SIM3
SIM4
1
21
22
SIM5
SIM1
SIM2
SIM3
SIM4
1
21
22
SIM5
SIM1
SIM2
SIM3
SIM4
1
21
22
SIM5
SIM1
SIM2
SIM3
SIM4
1
21
22
SIM5
SIM1
SIM2
SIM3
SIM4
1
21
22
SIM5
SIM1
SIM2
SIM3
SIM4
1
21
22
SIM5
SIM1
SIM2
SIM3
SIM4
1
21
22
SIM5
SIM1
SIM2
SIM3
SIM4
1
21
22
SIM5
SIM1
SIM2
SIM3
SIM4
1
21
22
SIM5
SIM1
SIM2
SIM3
SIM4
1
21
22
SIM5
SIM1
SIM2
SIM3
SIM4
1
21
22
SIM5
SIM1
SIM2
SIM3
SIM4
1
21
22
SIM5
SIM1
SIM2
SIM3
SIM4
1
21
22
SIM5
SIM1
SIM2
SIM3
SIM4
1
21
22
SIM5
SIM1
SIM2
SIM3
SIM4
1
21
22
SIM5
SIM1
SIM2
SIM3
SIM4
1
21
22
SIM5
SIM1
SIM2
SIM3
SIM4
1
21
22
SIM5
SIM1
SIM2
SIM3
SIM4
1
21
22
SIM5
SIM1
SIM2
SIM3
SIM4
1
21
22
SIM5
SIM1
SIM2
SIM3
SIM4
1
21
22
SIM5
SIM1
SIM2
SIM3
SIM4
1
21
22
SIM5
SIM1
SIM2
SIM3
SIM4
1
21
22
SIM5
SIM1
SIM2
SIM3
SIM4
1
21
22
SIM5
SIM1
SIM2
SIM3
SIM4
1
21
22
SIM5
SIM1
SIM2
SIM3
SIM4
1
21
22
SIM5
SIM1
SIM2
SIM3
SIM4
1
21
22
SIM5
SIM1
SIM2
SIM3
SIM4
1
21
22
SIM5
SIM1
SIM2
SIM3
SIM4
1
21
22
SIM5
SIM1
SIM2
SIM3
SIM4
1
21
22
SIM5
SIM1
SIM2
SIM3
SIM4
1
21
22
SIM5
SIM1
SIM2
SIM3
SIM4
1
21
22
SIM5
SIM1
SIM2
SIM3
SIM4
1
21
22
SIM5
SIM1
SIM2
SIM3
SIM4
1
21
22
SIM5
SIM1
SIM2
SIM3
SIM4
1
21
22
SIM5
SIM1
SIM2
SIM3
SIM4
1
21
22
SIM5
SIM1
SIM2
SIM3
SIM4
1
21
22
SIM5
SIM1
SIM2
SIM3
SIM4
1
21
22
SIM5
SIM1
SIM2
SIM3
SIM4
1
21
22
SIM5
SIM1
SIM2
SIM3
SIM4
1
21
22
SIM5
SIM1
SIM2
SIM3
SIM4
1
21
22
SIM5
SIM1
SIM2
SIM3
SIM4
1
21
22
SIM5
SIM1
SIM2
SIM3
SIM4
1
21
22
SIM5
SIM1
SIM2
SIM3
SIM4
1
21
22
SIM5
SIM1
SIM2
SIM3
SIM4
1
21
22
SIM5
SIM1
SIM2
SIM3
SIM4
1
21
22
SIM5
SIM1
SIM2
SIM3
SIM4
1
21
22
SIM5
SIM1
SIM2
SIM3
SIM4
1
21
22
SIM5
SIM1
SIM2
SIM3
SIM4
1
21
22
SIM5
SIM1
SIM2
SIM3
SIM4
1
21
22
SIM5
SIM1
SIM2
SIM3
SIM4
1
21
22
SIM5
SIM1
SIM2
SIM3
SIM4
1
21
22
SIM5
SIM1
SIM2
SIM3
SIM4
1
21
22
SIM5
SIM1
SIM2
SIM3
SIM4
1
21
22
SIM5
SIM1
SIM2
SIM3
SIM4
1
21
22
SIM5
SIM1
SIM2
SIM3
SIM4
1
21
22
SIM5
SIM1
SIM2
SIM3
SIM4
1
21
22
SIM5
SIM1
SIM2
SIM3
SIM4
1
21
22
SIM5
SIM1
SIM2
SIM3
SIM4
1
21
22
SIM5
SIM1
SIM2
SIM3
SIM4
1
21
22
SIM5
SIM1
SIM2
SIM3
SIM4
1
21
22
SIM5
SIM1
SIM2
SIM3
SIM4
1
21
22
SIM5
SIM1
SIM2
SIM3
SIM4
1
21
22
SIM5
SIM1
SIM2
SIM3
SIM4
1
21
22
SIM5
SIM1
SIM2
SIM3
SIM4
1
21
22
SIM5
SIM1
SIM2
SIM3
SIM4
1
21
22
SIM5
SIM1
SIM2
SIM3
SIM4
1
21
22
SIM5
SIM1
SIM2
SIM3
SIM4
1
21
22
SIM5
SIM1
SIM2
SIM3
SIM4
1
21
22
SIM5
SIM1
SIM2
SIM3
SIM4
1
21
22
SIM5
SIM1
SIM2
SIM3
SIM4
1
21
22
SIM5
SIM1
SIM2
SIM3
SIM4
1
21
22
SIM5
SIM1
SIM2
SIM3
SIM4
1
21
22
SIM5
SIM1
SIM2
SIM3
SIM4
1
21
22
SIM5
SIM1
SIM2
SIM3
SIM4
1
21
22
SIM5
SIM1
SIM2
SIM3
SIM4
1
21
22
SIM5
SIM1
SIM2
SIM3
SIM4
1
21
22
SIM5
SIM1
SIM2
SIM3
SIM4
1
21
22
SIM5
SIM1
SIM2
SIM3
SIM4
1
21
22
SIM5
SIM1
SIM2
SIM3
SIM4
1
21
22
SIM5
SIM1
SIM2
SIM3
SIM4
1
21
22
SIM5
SIM1
SIM2
SIM3
SIM4
1
21
22
SIM5
SIM1
SIM2
SIM3
SIM4
1
21
22
SIM5
SIM1
SIM2
SIM3
SIM4
1
21
22
SIM5
SIM1
SIM2
SIM3
SIM4
1
21
22
SIM5
SIM1
SIM2
SIM3
SIM4
1
21
22
SIM5
SIM1
SIM2
SIM3
SIM4
1
21
22
SIM5
SIM1
SIM2
SIM3
SIM4
1
21
22
SIM5
SIM1
SIM2
SIM3
SIM4
1
21
22
SIM5
SIM1
SIM2
SIM3
SIM4
1
21
22
SIM5
SIM1
SIM2
SIM3
SIM4
1
21
22
SIM5
SIM1
SIM2
SIM3
SIM4
1
21
22
SIM5
SIM1
SIM2
SIM3
SIM4
1
21
22
SIM5
SIM1
SIM2
SIM3
SIM4
1
21
22
SIM5
SIM1
SIM2
SIM3
SIM4
1
21
22
SIM5
SIM1
SIM2
SIM3
SIM4
1
21
22
SIM5
SIM1
SIM2
SIM3
SIM4
1
21
22
SIM5
SIM1
SIM2
SIM3
SIM4
1
21
22
SIM5
SIM1
SIM2
SIM3
SIM4
1
21
22
SIM5
SIM1
SIM2
SIM3
SIM4
1
21
22
SIM5
SIM1
SIM2
SIM3
SIM4
1
21
22
SIM5
SIM1
SIM2
SIM3
SIM4
1
21
22
SIM5
SIM1
SIM2
SIM3
SIM4
1
21
22
SIM5
SIM1
SIM2
SIM3
SIM4
1
21
22
SIM5
SIM1
SIM2
SIM3
SIM4
1
21
22
SIM5
SIM1
SIM2
SIM3
SIM4
1
21
22
SIM5
SIM1
SIM2
SIM3
SIM4
1
21
22
SIM5
SIM1
SIM2
SIM3
SIM4
1
21
22
SIM5
SIM1
SIM2
SIM3
SIM4
1
21
22
SIM5
SIM1
SIM2
SIM3
SIM4
1
21
22
SIM5
SIM1
SIM2
SIM3
SIM4
1
21
22
SIM5
SIM1
SIM2
SIM3
SIM4
1
21
22
SIM5
SIM1
SIM2
SIM3
SIM4
1
21
22
SIM5
SIM1
SIM2
SIM3
SIM4
1
21
22
SIM5
SIM1
SIM2
SIM3
SIM4
1
21
22
SIM5
SIM1
SIM2
SIM3
SIM4
1
21
22
SIM5
SIM1
SIM2
SIM3
SIM4
1
21
22
SIM5
SIM1
SIM2
SIM3
SIM4
1
21
22
SIM5
SIM1
SIM2
SIM3
SIM4
1
21
22
SIM5
SIM1
SIM2
SIM3
SIM4
1
21
22
SIM5
SIM1
SIM2
SIM3
SIM4
1
21
22
SIM5
SIM1
SIM2
SIM3
SIM4
1
21
22
SIM5
SIM1
SIM2
SIM3
SIM4
1
21
22
SIM5
SIM1
SIM2
SIM3
SIM4
1
21
22
SIM5
SIM1
SIM2
SIM3
SIM4
1
21
22
SIM5
SIM1
SIM2
SIM3
SIM4
1
21
22
SIM5
SIM1
SIM2
SIM3
SIM4
1
21
22
SIM5
SIM1
SIM2
SIM3
SIM4
1
21
22
SIM5
SIM1
SIM2
SIM3
SIM4
1
21
22
SIM5
SIM1
SIM2
SIM3
SIM4
1
21
22
SIM5
SIM1
SIM2
SIM3
SIM4
1
21
22
SIM5
SIM1
SIM2
SIM3
SIM4
1
21
22
SIM5
SIM1
SIM2
SIM3
SIM4
1
21
22
SIM5
SIM1
SIM2
SIM3
SIM4
1
21
22
SIM5
SIM1
SIM2
SIM3
SIM4
1
21
22
SIM5
SIM1
SIM2
SIM3
SIM4
1
21
22
SIM5
SIM1
SIM2
SIM3
SIM4
1
21
22
SIM5
SIM1
SIM2
SIM3
SIM4
1
21
22
SIM5
SIM1
SIM2
SIM3
SIM4
1
21
22
SIM5
SIM1
SIM2
SIM3
SIM4
1
21
22
SIM5
SIM1
SIM2
SIM3
SIM4
1
21
22
SIM5
SIM1
SIM2
SIM3
SIM4
1
21
22
SIM5
SIM1
SIM2
SIM3
SIM4
1
21
22
SIM5
SIM1
SIM2
SIM3
SIM4
1
21
22
SIM5
SIM1
SIM2
SIM3
SIM4
1
21
22
SIM5
SIM1
SIM2
SIM3
SIM4
1
21
22
SIM5
SIM1
SIM2
SIM3
SIM4
1
21
22
SIM5
SIM1
SIM2
SIM3
SIM4
1
21
22
SIM5
SIM1
SIM2
SIM3
SIM4
1
21
22
SIM5
SIM1
SIM2
SIM3
SIM4
1
21
22
SIM5
SIM1
SIM2
SIM3
SIM4
1
21
22
SIM5
SIM1
SIM2
SIM3
SIM4
1
21
22
SIM5
SIM1
SIM2
SIM3
SIM4
1
21
22
SIM5
SIM1
SIM2
SIM3
SIM4
1
21
22
SIM5
SIM1
SIM2
SIM3
SIM4
1
21
22
SIM5
SIM1
SIM2
SIM3
SIM4
1
21
22
SIM5
SIM1
SIM2
SIM3
SIM4
1
21
22
SIM5
SIM1
SIM2
SIM3
SIM4
1
21
22
SIM5
SIM1
SIM2
SIM3
SIM4
1
21
22
SIM5
SIM1
SIM2
SIM3
SIM4
1
21
22
SIM5
SIM1
SIM2
SIM3
SIM4
1
21
22
SIM5
SIM1
SIM2
SIM3
SIM4
1
21
22
SIM5
SIM1
SIM2
SIM3
SIM4
1
21
22
SIM5
SIM1
SIM2
SIM3
SIM4
1
21
22
SIM5
SIM1
SIM2
SIM3
SIM4
1
21
22
SIM5
SIM1
SIM2
SIM3
SIM4
1
21
22
SIM5
SIM1
SIM2
SIM3
SIM4
1
21
22
SIM5
SIM1
SIM2
SIM3
SIM4
1
21
22
SIM5
SIM1
SIM2
SIM3
SIM4
1
21
22
SIM5
SIM1
SIM2
SIM3
SIM4
1
21
22
SIM5
SIM1
SIM2
SIM3
SIM4
1
21
22
SIM5
SIM1
SIM2
SIM3
SIM4
1
21
22
SIM5
SIM1
SIM2
DEBUG 1 398
SIM1
SIM2
SIM3
SIM4
1
21
22
SIM5
SIM1
SIM2
SIM3
SIM4
1
21
22
SIM5
SIM1
SIM2
SIM3
SIM4
1
21
22
SIM5
SIM1
SIM2
SIM3
SIM4
1
21
22
SIM5
SIM1
SIM2
SIM3
SIM4
1
21
22
SIM5
SIM1
SIM2
SIM3
SIM4
1
21
22
SIM5
SIM1
SIM2
SIM3
SIM4
1
21
22
SIM5
SIM1
SIM2
SIM3
SIM4
1
21
22
SIM5
SIM1
SIM2
SIM3
SIM4
1
21
22
SIM5
SIM1
SIM2
SIM3
SIM4
1
21
22
SIM5
SIM1
SIM2
SIM3
SIM4
1
21
22
SIM5
SIM1
SIM2
SIM3
SIM4
1
21
22
SIM5
SIM1
SIM2
SIM3
SIM4
1
21
22
SIM5
SIM1
SIM2
SIM3
SIM4
1
21
22
SIM5
SIM1
SIM2
SIM3
SIM4
1
21
22
SIM5
SIM1
SIM2
SIM3
SIM4
1
21
22
SIM5
SIM1
SIM2
SIM3
SIM4
1
21
22
SIM5
SIM1
SIM2
SIM3
SIM4
1
21
22
SIM5
SIM1
SIM2
SIM3
SIM4
1
21
22
SIM5
SIM1
SIM2
SIM3
SIM4
1
21
22
SIM5
SIM1
SIM2
SIM3
SIM4
1
21
22
SIM5
SIM1
SIM2
SIM3
SIM4
1
21
22
SIM5
SIM1
SIM2
SIM3
SIM4
1
21
22
SIM5
SIM1
SIM2
SIM3
SIM4
1
21
22
SIM5
SIM1
SIM2
SIM3
SIM4
1
21
22
SIM5
SIM1
SIM2
SIM3
SIM4
1
21
22
SIM5
SIM1
SIM2
SIM3
SIM4
1
21
22
SIM5
SIM1
SIM2
SIM3
SIM4
1
21
22
SIM5
SIM1
SIM2
SIM3
SIM4
1
21
22
SIM5
SIM1
SIM2
SIM3
SIM4
1
21
22
SIM5
SIM1
SIM2
SIM3
SIM4
1
21
22
SIM5
SIM1
SIM2
SIM3
SIM4
1
21
22
SIM5
SIM1
SIM2
SIM3
SIM4
1
21
22
SIM5
SIM1
SIM2
SIM3
SIM4
1
21
22
SIM5
SIM1
SIM2
SIM3
SIM4
1
21
22
SIM5
SIM1
SIM2
SIM3
SIM4
1
21
22
SIM5
SIM1
SIM2
SIM3
SIM4
1
21
22
SIM5
SIM1
SIM2
SIM3
SIM4
1
21
22
SIM5
SIM1
SIM2
SIM3
SIM4
1
21
22
SIM5
SIM1
SIM2
SIM3
SIM4
1
21
22
SIM5
SIM1
SIM2
SIM3
SIM4
1
21
22
SIM5
SIM1
SIM2
SIM3
SIM4
1
21
22
SIM5
SIM1
SIM2
SIM3
SIM4
1
21
22
SIM5
SIM1
SIM2
SIM3
SIM4
1
21
22
SIM5
SIM1
SIM2
SIM3
SIM4
1
21
22
SIM5
SIM1
SIM2
SIM3
SIM4
1
21
22
SIM5
SIM1
SIM2
SIM3
SIM4
1
21
22
SIM5
SIM1
SIM2
SIM3
SIM4
1
21
22
SIM5
SIM1
SIM2
SIM3
SIM4
1
21
22
SIM5
SIM1
SIM2
SIM3
SIM4
1
21
22
SIM5
SIM1
SIM2
SIM3
SIM4
1
21
22
SIM5
SIM1
SIM2
SIM3
SIM4
1
21
22
SIM5
SIM1
SIM2
SIM3
SIM4
1
21
22
SIM5
SIM1
SIM2
SIM3
SIM4
1
21
22
SIM5
SIM1
SIM2
SIM3
SIM4
1
21
22
SIM5
SIM1
SIM2
SIM3
SIM4
1
21
22
SIM5
SIM1
SIM2
SIM3
SIM4
1
21
22
SIM5
SIM1
SIM2
SIM3
SIM4
1
21
22
SIM5
SIM1
SIM2
SIM3
SIM4
1
21
22
SIM5
SIM1
SIM2
SIM3
SIM4
1
21
22
SIM5
SIM1
SIM2
SIM3
SIM4
1
21
22
SIM5
SIM1
SIM2
SIM3
SIM4
1
21
22
SIM5
SIM1
SIM2
SIM3
SIM4
1
21
22
SIM5
SIM1
SIM2
SIM3
SIM4
1
21
22
SIM5
SIM1
SIM2
SIM3
SIM4
1
21
22
SIM5
SIM1
SIM2
SIM3
SIM4
1
21
22
SIM5
SIM1
SIM2
SIM3
SIM4
1
21
22
SIM5
SIM1
SIM2
SIM3
SIM4
1
21
22
SIM5
SIM1
SIM2
SIM3
SIM4
1
21
22
SIM5
SIM1
SIM2
SIM3
SIM4
1
21
22
SIM5
SIM1
SIM2
SIM3
SIM4
1
21
22
SIM5
SIM1
SIM2
SIM3
SIM4
1
21
22
SIM5
SIM1
SIM2
SIM3
SIM4
1
21
22
SIM5
SIM1
SIM2
SIM3
SIM4
1
21
22
SIM5
SIM1
SIM2
SIM3
SIM4
1
21
22
SIM5
SIM1
SIM2
SIM3
SIM4
1
21
22
SIM5
SIM1
SIM2
SIM3
SIM4
1
21
22
SIM5
SIM1
SIM2
SIM3
SIM4
1
21
22
SIM5
SIM1
SIM2
SIM3
SIM4
1
21
22
SIM5
SIM1
SIM2
SIM3
SIM4
1
21
22
SIM5
SIM1
SIM2
SIM3
SIM4
1
21
22
SIM5
SIM1
SIM2
SIM3
SIM4
1
21
22
SIM5
SIM1
SIM2
SIM3
SIM4
1
21
22
SIM5
SIM1
SIM2
SIM3
SIM4
1
21
22
SIM5
SIM1
SIM2
SIM3
SIM4
1
21
22
SIM5
SIM1
SIM2
SIM3
SIM4
1
21
22
SIM5
SIM1
SIM2
SIM3
SIM4
1
21
22
SIM5
SIM1
SIM2
SIM3
SIM4
1
21
22
SIM5
SIM1
SIM2
SIM3
SIM4
1
21
22
SIM5
SIM1
SIM2
SIM3
SIM4
1
21
22
SIM5
SIM1
SIM2
SIM3
SIM4
1
21
22
SIM5
SIM1
SIM2
SIM3
SIM4
1
21
22
SIM5
SIM1
SIM2
SIM3
SIM4
1
21
22
SIM5
SIM1
SIM2
SIM3
SIM4
1
21
22
SIM5
SIM1
SIM2
SIM3
SIM4
1
21
22
SIM5
SIM1
SIM2
SIM3
SIM4
1
21
22
SIM5
SIM1
SIM2
SIM3
SIM4
1
21
22
SIM5
SIM1
SIM2
SIM3
SIM4
1
21
22
SIM5
SIM1
SIM2
SIM3
SIM4
1
21
22
SIM5
SIM1
SIM2
SIM3
SIM4
1
21
22
SIM5
SIM1
SIM2
SIM3
SIM4
1
21
22
SIM5
SIM1
SIM2
SIM3
SIM4
1
21
22
SIM5
SIM1
SIM2
SIM3
SIM4
1
21
22
SIM5
SIM1
SIM2
SIM3
SIM4
1
21
22
SIM5
SIM1
SIM2
SIM3
SIM4
1
21
22
SIM5
SIM1
SIM2
SIM3
SIM4
1
21
22
SIM5
SIM1
SIM2
SIM3
SIM4
1
21
22
SIM5
SIM1
SIM2
SIM3
SIM4
1
21
22
SIM5
SIM1
SIM2
SIM3
SIM4
1
21
22
SIM5
SIM1
SIM2
SIM3
SIM4
1
21
22
SIM5
SIM1
SIM2
SIM3
SIM4
1
21
22
SIM5
SIM1
SIM2
SIM3
SIM4
1
21
22
SIM5
SIM1
SIM2
SIM3
SIM4
1
21
22
SIM5
SIM1
SIM2
SIM3
SIM4
1
21
22
SIM5
SIM1
SIM2
SIM3
SIM4
1
21
22
SIM5
SIM1
SIM2
SIM3
SIM4
1
21
22
SIM5
SIM1
SIM2
SIM3
SIM4
1
21
22
SIM5
SIM1
SIM2
SIM3
SIM4
1
21
22
SIM5
SIM1
SIM2
SIM3
SIM4
1
21
22
SIM5
SIM1
SIM2
SIM3
SIM4
1
21
22
SIM5
SIM1
SIM2
SIM3
SIM4
1
21
22
SIM5
SIM1
SIM2
SIM3
SIM4
1
21
22
SIM5
SIM1
SIM2
SIM3
SIM4
1
21
22
SIM5
SIM1
SIM2
SIM3
SIM4
1
21
22
SIM5
SIM1
SIM2
SIM3
SIM4
1
21
22
SIM5
SIM1
SIM2
SIM3
SIM4
1
21
22
SIM5
SIM1
SIM2
SIM3
SIM4
1
21
22
SIM5
SIM1
SIM2
SIM3
SIM4
1
21
22
SIM5
SIM1
SIM2
SIM3
SIM4
1
21
22
SIM5
SIM1
SIM2
SIM3
SIM4
1
21
22
SIM5
SIM1
SIM2
SIM3
SIM4
1
21
22
SIM5
SIM1
SIM2
SIM3
SIM4
1
21
22
SIM5
SIM1
SIM2
SIM3
SIM4
1
21
22
SIM5
SIM1
SIM2
SIM3
SIM4
1
21
22
SIM5
SIM1
SIM2
SIM3
SIM4
1
21
22
SIM5
SIM1
SIM2
SIM3
SIM4
1
21
22
SIM5
SIM1
SIM2
SIM3
SIM4
1
21
22
SIM5
SIM1
SIM2
SIM3
SIM4
1
21
22
SIM5
SIM1
SIM2
SIM3
SIM4
1
21
22
SIM5
SIM1
SIM2
SIM3
SIM4
1
21
22
SIM5
SIM1
SIM2
SIM3
SIM4
1
21
22
SIM5
SIM1
SIM2
SIM3
SIM4
1
21
22
SIM5
SIM1
SIM2
SIM3
SIM4
1
21
22
SIM5
SIM1
SIM2
SIM3
SIM4
1
21
22
SIM5
SIM1
SIM2
SIM3
SIM4
1
21
22
SIM5
SIM1
SIM2
SIM3
SIM4
1
21
22
SIM5
SIM1
SIM2
SIM3
SIM4
1
21
22
SIM5
SIM1
SIM2
SIM3
SIM4
1
21
22
SIM5
SIM1
SIM2
SIM3
SIM4
1
21
22
SIM5
SIM1
SIM2
SIM3
SIM4
1
21
22
SIM5
SIM1
SIM2
SIM3
SIM4
1
21
22
SIM5
SIM1
SIM2
SIM3
SIM4
1
21
22
SIM5
SIM1
SIM2
SIM3
SIM4
1
21
22
SIM5
SIM1
SIM2
SIM3
SIM4
1
21
22
SIM5
SIM1
SIM2
SIM3
SIM4
1
21
22
SIM5
SIM1
SIM2
SIM3
SIM4
1
21
22
SIM5
SIM1
SIM2
SIM3
SIM4
1
21
22
SIM5
SIM1
SIM2
SIM3
SIM4
1
21
22
SIM5
SIM1
SIM2
SIM3
SIM4
1
21
22
SIM5
SIM1
SIM2
SIM3
SIM4
1
21
22
SIM5
SIM1
SIM2
SIM3
SIM4
1
21
22
SIM5
SIM1
SIM2
SIM3
SIM4
1
21
22
SIM5
SIM1
SIM2
SIM3
SIM4
1
21
22
SIM5
SIM1
SIM2
SIM3
SIM4
1
21
22
SIM5
SIM1
SIM2
SIM3
SIM4
1
21
22
SIM5
SIM1
SIM2
SIM3
SIM4
1
21
22
SIM5
SIM1
SIM2
SIM3
SIM4
1
21
22
SIM5
SIM1
SIM2
SIM3
SIM4
1
21
22
SIM5
SIM1
SIM2
SIM3
SIM4
1
21
22
SIM5
SIM1
SIM2
DEBUG 1 399
SIM1
SIM2
SIM3
SIM4
1
21
22
SIM5
SIM1
SIM2
SIM3
SIM4
1
21
22
SIM5
SIM1
SIM2
SIM3
SIM4
1
21
22
SIM5
SIM1
SIM2
SIM3
SIM4
1
21
22
SIM5
SIM1
SIM2
SIM3
SIM4
1
21
22
SIM5
SIM1
SIM2
SIM3
SIM4
1
21
22
SIM5
SIM1
SIM2
SIM3
SIM4
1
21
22
SIM5
SIM1
SIM2
SIM3
SIM4
1
21
22
SIM5
SIM1
SIM2
SIM3
SIM4
1
21
22
SIM5
SIM1
SIM2
SIM3
SIM4
1
21
22
SIM5
SIM1
SIM2
SIM3
SIM4
1
21
22
SIM5
SIM1
SIM2
SIM3
SIM4
1
21
22
SIM5
SIM1
SIM2
SIM3
SIM4
1
21
22
SIM5
SIM1
SIM2
SIM3
SIM4
1
21
22
SIM5
SIM1
SIM2
SIM3
SIM4
1
21
22
SIM5
SIM1
SIM2
SIM3
SIM4
1
21
22
SIM5
SIM1
SIM2
SIM3
SIM4
1
21
22
SIM5
SIM1
SIM2
SIM3
SIM4
1
21
22
SIM5
SIM1
SIM2
SIM3
SIM4
1
21
22
SIM5
SIM1
SIM2
SIM3
SIM4
1
21
22
SIM5
SIM1
SIM2
SIM3
SIM4
1
21
22
SIM5
SIM1
SIM2
SIM3
SIM4
1
21
22
SIM5
SIM1
SIM2
SIM3
SIM4
1
21
22
SIM5
SIM1
SIM2
SIM3
SIM4
1
21
22
SIM5
SIM1
SIM2
SIM3
SIM4
1
21
22
SIM5
SIM1
SIM2
SIM3
SIM4
1
21
22
SIM5
SIM1
SIM2
SIM3
SIM4
1
21
22
SIM5
SIM1
SIM2
SIM3
SIM4
1
21
22
SIM5
SIM1
SIM2
SIM3
SIM4
1
21
22
SIM5
SIM1
SIM2
SIM3
SIM4
1
21
22
SIM5
SIM1
SIM2
SIM3
SIM4
1
21
22
SIM5
SIM1
SIM2
SIM3
SIM4
1
21
22
SIM5
SIM1
SIM2
SIM3
SIM4
1
21
22
SIM5
SIM1
SIM2
SIM3
SIM4
1
21
22
SIM5
SIM1
SIM2
SIM3
SIM4
1
21
22
SIM5
SIM1
SIM2
SIM3
SIM4
1
21
22
SIM5
SIM1
SIM2
SIM3
SIM4
1
21
22
SIM5
SIM1
SIM2
SIM3
SIM4
1
21
22
SIM5
SIM1
SIM2
SIM3
SIM4
1
21
22
SIM5
SIM1
SIM2
SIM3
SIM4
1
21
22
SIM5
SIM1
SIM2
SIM3
SIM4
1
21
22
SIM5
SIM1
SIM2
SIM3
SIM4
1
21
22
SIM5
SIM1
SIM2
SIM3
SIM4
1
21
22
SIM5
SIM1
SIM2
SIM3
SIM4
1
21
22
SIM5
SIM1
SIM2
SIM3
SIM4
1
21
22
SIM5
SIM1
SIM2
SIM3
SIM4
1
21
22
SIM5
SIM1
SIM2
SIM3
SIM4
1
21
22
SIM5
SIM1
SIM2
SIM3
SIM4
1
21
22
SIM5
SIM1
SIM2
SIM3
SIM4
1
21
22
SIM5
SIM1
SIM2
SIM3
SIM4
1
21
22
SIM5
SIM1
SIM2
SIM3
SIM4
1
21
22
SIM5
SIM1
SIM2
SIM3
SIM4
1
21
22
SIM5
SIM1
SIM2
SIM3
SIM4
1
21
22
SIM5
SIM1
SIM2
SIM3
SIM4
1
21
22
SIM5
SIM1
SIM2
SIM3
SIM4
1
21
22
SIM5
SIM1
SIM2
SIM3
SIM4
1
21
22
SIM5
SIM1
SIM2
SIM3
SIM4
1
21
22
SIM5
SIM1
SIM2
SIM3
SIM4
1
21
22
SIM5
SIM1
SIM2
SIM3
SIM4
1
21
22
SIM5
SIM1
SIM2
SIM3
SIM4
1
21
22
SIM5
SIM1
SIM2
SIM3
SIM4
1
21
22
SIM5
SIM1
SIM2
SIM3
SIM4
1
21
22
SIM5
SIM1
SIM2
SIM3
SIM4
1
21
22
SIM5
SIM1
SIM2
SIM3
SIM4
1
21
22
SIM5
SIM1
SIM2
SIM3
SIM4
1
21
22
SIM5
SIM1
SIM2
SIM3
SIM4
1
21
22
SIM5
SIM1
SIM2
SIM3
SIM4
1
21
22
SIM5
SIM1
SIM2
SIM3
SIM4
1
21
22
SIM5
SIM1
SIM2
SIM3
SIM4
1
21
22
SIM5
SIM1
SIM2
SIM3
SIM4
1
21
22
SIM5
SIM1
SIM2
SIM3
SIM4
1
21
22
SIM5
SIM1
SIM2
SIM3
SIM4
1
21
22
SIM5
SIM1
SIM2
SIM3
SIM4
1
21
22
SIM5
SIM1
SIM2
SIM3
SIM4
1
21
22
SIM5
SIM1
SIM2
SIM3
SIM4
1
21
22
SIM5
SIM1
SIM2
SIM3
SIM4
1
21
22
SIM5
SIM1
SIM2
SIM3
SIM4
1
21
22
SIM5
SIM1
SIM2
SIM3
SIM4
1
21
22
SIM5
SIM1
SIM2
SIM3
SIM4
1
21
22
SIM5
SIM1
SIM2
SIM3
SIM4
1
21
22
SIM5
SIM1
SIM2
SIM3
SIM4
1
21
22
SIM5
SIM1
SIM2
SIM3
SIM4
1
21
22
SIM5
SIM1
SIM2
SIM3
SIM4
1
21
22
SIM5
SIM1
SIM2
SIM3
SIM4
1
21
22
SIM5
SIM1
SIM2
SIM3
SIM4
1
21
22
SIM5
SIM1
SIM2
SIM3
SIM4
1
21
22
SIM5
SIM1
SIM2
SIM3
SIM4
1
21
22
SIM5
SIM1
SIM2
SIM3
SIM4
1
21
22
SIM5
SIM1
SIM2
SIM3
SIM4
1
21
22
SIM5
SIM1
SIM2
SIM3
SIM4
1
21
22
SIM5
SIM1
SIM2
SIM3
SIM4
1
21
22
SIM5
SIM1
SIM2
SIM3
SIM4
1
21
22
SIM5
SIM1
SIM2
SIM3
SIM4
1
21
22
SIM5
SIM1
SIM2
SIM3
SIM4
1
21
22
SIM5
SIM1
SIM2
SIM3
SIM4
1
21
22
SIM5
SIM1
SIM2
SIM3
SIM4
1
21
22
SIM5
SIM1
SIM2
SIM3
SIM4
1
21
22
SIM5
SIM1
SIM2
SIM3
SIM4
1
21
22
SIM5
SIM1
SIM2
SIM3
SIM4
1
21
22
SIM5
SIM1
SIM2
SIM3
SIM4
1
21
22
SIM5
SIM1
SIM2
SIM3
SIM4
1
21
22
SIM5
SIM1
SIM2
SIM3
SIM4
1
21
22
SIM5
SIM1
SIM2
SIM3
SIM4
1
21
22
SIM5
SIM1
SIM2
SIM3
SIM4
1
21
22
SIM5
SIM1
SIM2
SIM3
SIM4
1
21
22
SIM5
SIM1
SIM2
SIM3
SIM4
1
21
22
SIM5
SIM1
SIM2
SIM3
SIM4
1
21
22
SIM5
SIM1
SIM2
SIM3
SIM4
1
21
22
SIM5
SIM1
SIM2
SIM3
SIM4
1
21
22
SIM5
SIM1
SIM2
SIM3
SIM4
1
21
22
SIM5
SIM1
SIM2
SIM3
SIM4
1
21
22
SIM5
SIM1
SIM2
SIM3
SIM4
1
21
22
SIM5
SIM1
SIM2
SIM3
SIM4
1
21
22
SIM5
SIM1
SIM2
SIM3
SIM4
1
21
22
SIM5
SIM1
SIM2
SIM3
SIM4
1
21
22
SIM5
SIM1
SIM2
SIM3
SIM4
1
21
22
SIM5
SIM1
SIM2
SIM3
SIM4
1
21
22
SIM5
SIM1
SIM2
SIM3
SIM4
1
21
22
SIM5
SIM1
SIM2
SIM3
SIM4
1
21
22
SIM5
SIM1
SIM2
SIM3
SIM4
1
21
22
SIM5
SIM1
SIM2
SIM3
SIM4
1
21
22
SIM5
SIM1
SIM2
SIM3
SIM4
1
21
22
SIM5
SIM1
SIM2
SIM3
SIM4
1
21
22
SIM5
SIM1
SIM2
SIM3
SIM4
1
21
22
SIM5
SIM1
SIM2
SIM3
SIM4
1
21
22
SIM5
SIM1
SIM2
SIM3
SIM4
1
21
22
SIM5
SIM1
SIM2
SIM3
SIM4
1
21
22
SIM5
SIM1
SIM2
SIM3
SIM4
1
21
22
SIM5
SIM1
SIM2
SIM3
SIM4
1
21
22
SIM5
SIM1
SIM2
SIM3
SIM4
1
21
22
SIM5
SIM1
SIM2
SIM3
SIM4
1
21
22
SIM5
SIM1
SIM2
SIM3
SIM4
1
21
22
SIM5
SIM1
SIM2
SIM3
SIM4
1
21
22
SIM5
SIM1
SIM2
SIM3
SIM4
1
21
22
SIM5
SIM1
SIM2
SIM3
SIM4
1
21
22
SIM5
SIM1
SIM2
SIM3
SIM4
1
21
22
SIM5
SIM1
SIM2
SIM3
SIM4
1
21
22
SIM5
SIM1
SIM2
SIM3
SIM4
1
21
22
SIM5
SIM1
SIM2
SIM3
SIM4
1
21
22
SIM5
SIM1
SIM2
SIM3
SIM4
1
21
22
SIM5
SIM1
SIM2
SIM3
SIM4
1
21
22
SIM5
SIM1
SIM2
SIM3
SIM4
1
21
22
SIM5
SIM1
SIM2
SIM3
SIM4
1
21
22
SIM5
SIM1
SIM2
SIM3
SIM4
1
21
22
SIM5
SIM1
SIM2
SIM3
SIM4
1
21
22
SIM5
SIM1
SIM2
SIM3
SIM4
1
21
22
SIM5
SIM1
SIM2
SIM3
SIM4
1
21
22
SIM5
SIM1
SIM2
SIM3
SIM4
1
21
22
SIM5
SIM1
SIM2
SIM3
SIM4
1
21
22
SIM5
SIM1
SIM2
SIM3
SIM4
1
21
22
SIM5
SIM1
SIM2
SIM3
SIM4
1
21
22
SIM5
SIM1
SIM2
SIM3
SIM4
1
21
22
SIM5
SIM1
SIM2
SIM3
SIM4
1
21
22
SIM5
SIM1
SIM2
SIM3
SIM4
1
21
22
SIM5
SIM1
SIM2
SIM3
SIM4
1
21
22
SIM5
SIM1
SIM2
SIM3
SIM4
1
21
22
SIM5
SIM1
SIM2
SIM3
SIM4
1
21
22
SIM5
SIM1
SIM2
SIM3
SIM4
1
21
22
SIM5
SIM1
SIM2
SIM3
SIM4
1
21
22
SIM5
SIM1
SIM2
SIM3
SIM4
1
21
22
SIM5
SIM1
SIM2
SIM3
SIM4
1
21
22
SIM5
SIM1
SIM2
SIM3
SIM4
1
21
22
SIM5
SIM1
SIM2
SIM3
SIM4
1
21
22
SIM5
SIM1
SIM2
SIM3
SIM4
1
21
22
SIM5
SIM1
SIM2
SIM3
SIM4
1
21
22
SIM5
SIM1
SIM2
SIM3
SIM4
1
21
22
SIM5
SIM1
SIM2
SIM3
SIM4
1
21
22
SIM5
SIM1
SIM2
SIM3
SIM4
1
21
22
SIM5
SIM1
SIM2
SIM3
SIM4
1
21
22
SIM5
SIM1
SIM2
SIM3
SIM4
1
21
22
SIM5
SIM1
SIM2
SIM3
SIM4
1
21
22
SIM5
SIM1
SIM2
SIM3
SIM4
1
21
22
SIM5
SIM1
SIM2
SIM3
SIM4
1
21
22
SIM5
SIM1
SIM2
SIM3
SIM4
1
21
22
SIM5
SIM1
SIM2
SIM3
SIM4
1
21
22
SIM5
SIM1
SIM2
SIM3
SIM4
1
21
22
SIM5
SIM1
SIM2
SIM3
SIM4
1
21
22
SIM5
SIM1
SIM2
SIM3
SIM4
1
21
22
SIM5
SIM1
SIM2
SIM3
SIM4
1
21
22
SIM5
SIM1
SIM2
SIM3
SIM4
1
21
22
SIM5
SIM1
SIM2
SIM3
SIM4
1
21
22
SIM5
SIM1
SIM2
SIM3
SIM4
1
21
22
SIM5
SIM1
SIM2
SIM3
SIM4
1
21
22
SIM5
SIM1
SIM2
SIM3
SIM4
1
21
22
SIM5
SIM1
SIM2
SIM3
SIM4
1
21
22
SIM5
SIM1
SIM2
SIM3
SIM4
1
21
22
SIM5
SIM1
SIM2
SIM3
SIM4
1
21
22
SIM5
SIM1
SIM2
SIM3
SIM4
1
21
22
SIM5
SIM1
SIM2
SIM3
SIM4
1
21
22
SIM5
SIM1
SIM2
SIM3
SIM4
1
21
22
SIM5
SIM1
SIM2
SIM3
SIM4
1
21
22
SIM5
SIM1
SIM2
SIM3
SIM4
1
21
22
SIM5
SIM1
SIM2
SIM3
SIM4
1
21
22
SIM5
SIM1
SIM2
SIM3
SIM4
1
21
22
SIM5
SIM1
SIM2
SIM3
SIM4
1
21
22
SIM5
SIM1
SIM2
SIM3
SIM4
1
21
22
SIM5
SIM1
SIM2
SIM3
SIM4
1
21
22
SIM5
SIM1
SIM2
SIM3
SIM4
1
21
22
SIM5
SIM1
SIM2
SIM3
SIM4
1
21
22
SIM5
SIM1
SIM2
SIM3
SIM4
1
21
22
SIM5
SIM1
SIM2
SIM3
SIM4
1
21
22
SIM5
SIM1
SIM2
SIM3
SIM4
1
21
22
SIM5
SIM1
SIM2
SIM3
SIM4
1
21
22
SIM5
SIM1
SIM2
SIM3
SIM4
1
21
22
SIM5
SIM1
SIM2
SIM3
SIM4
1
21
22
SIM5
SIM1
SIM2
SIM3
SIM4
1
21
22
SIM5
SIM1
SIM2
SIM3
SIM4
1
21
22
SIM5
SIM1
SIM2
SIM3
SIM4
1
21
22
SIM5
SIM1
SIM2
SIM3
SIM4
1
21
22
SIM5
SIM1
SIM2
SIM3
SIM4
1
21
22
SIM5
SIM1
SIM2
SIM3
SIM4
1
21
22
SIM5
SIM1
SIM2
SIM3
SIM4
1
21
22
SIM5
SIM1
SIM2
SIM3
SIM4
1
21
22
SIM5
SIM1
SIM2
SIM3
SIM4
1
21
22
SIM5
SIM1
SIM2
SIM3
SIM4
1
21
22
SIM5
SIM1
SIM2
SIM3
SIM4
1
21
22
SIM5
SIM1
SIM2
SIM3
SIM4
1
21
22
SIM5
SIM1
SIM2
SIM3
SIM4
1
21
22
SIM5
SIM1
SIM2
SIM3
SIM4
1
21
22
SIM5
SIM1
SIM2
SIM3
SIM4
1
21
22
SIM5
SIM1
SIM2
SIM3
SIM4
1
21
22
SIM5
SIM1
SIM2
SIM3
SIM4
1
21
22
SIM5
SIM1
SIM2
SIM3
SIM4
1
21
22
SIM5
SIM1
SIM2
SIM3
SIM4
1
21
22
SIM5
SIM1
SIM2
SIM3
SIM4
1
21
22
SIM5
SIM1
SIM2
SIM3
SIM4
1
21
22
SIM5
SIM1
SIM2
SIM3
SIM4
1
21
22
SIM5
SIM1
SIM2
SIM3
SIM4
1
21
22
SIM5
SIM1
SIM2
SIM3
SIM4
1
21
22
SIM5
SIM1
SIM2
SIM3
SIM4
1
21
22
SIM5
SIM1
SIM2
SIM3
SIM4
1
21
22
SIM5
SIM1
SIM2
SIM3
SIM4
1
21
22
SIM5
SIM1
SIM2
SIM3
SIM4
1
21
22
SIM5
SIM1
SIM2
SIM3
SIM4
1
21
22
SIM5
SIM1
SIM2
SIM3
SIM4
1
21
22
SIM5
SIM1
SIM2
SIM3
SIM4
1
21
22
SIM5
SIM1
SIM2
SIM3
SIM4
1
21
22
SIM5
SIM1
SIM2
SIM3
SIM4
1
21
22
SIM5
SIM1
SIM2
SIM3
SIM4
1
21
22
SIM5
SIM1
SIM2
SIM3
SIM4
1
21
22
SIM5
SIM1
SIM2
SIM3
SIM4
1
21
22
SIM5
SIM1
SIM2
SIM3
SIM4
1
21
22
SIM5
SIM1
SIM2
SIM3
SIM4
1
21
22
SIM5
SIM1
SIM2
SIM3
SIM4
1
21
22
SIM5
SIM1
SIM2
SIM3
SIM4
1
21
22
SIM5
SIM1
SIM2
DEBUG 1 400
SIM1
SIM2
SIM3
SIM4
1
21
22
SIM5
SIM1
SIM2
SIM3
SIM4
1
21
22
SIM5
SIM1
SIM2
SIM3
SIM4
1
21
22
SIM5
SIM1
SIM2
SIM3
SIM4
1
21
22
SIM5
SIM1
SIM2
SIM3
SIM4
1
21
22
SIM5
SIM1
SIM2
SIM3
SIM4
1
21
22
SIM5
SIM1
SIM2
SIM3
SIM4
1
21
22
SIM5
SIM1
SIM2
SIM3
SIM4
1
21
22
SIM5
SIM1
SIM2
SIM3
SIM4
1
21
22
SIM5
SIM1
SIM2
SIM3
SIM4
1
21
22
SIM5
SIM1
SIM2
SIM3
SIM4
1
21
22
SIM5
SIM1
SIM2
SIM3
SIM4
1
21
22
SIM5
SIM1
SIM2
SIM3
SIM4
1
21
22
SIM5
SIM1
SIM2
SIM3
SIM4
1
21
22
SIM5
SIM1
SIM2
SIM3
SIM4
1
21
22
SIM5
SIM1
SIM2
SIM3
SIM4
1
21
22
SIM5
SIM1
SIM2
SIM3
SIM4
1
21
22
SIM5
SIM1
SIM2
SIM3
SIM4
1
21
22
SIM5
SIM1
SIM2
SIM3
SIM4
1
21
22
SIM5
SIM1
SIM2
SIM3
SIM4
1
21
22
SIM5
SIM1
SIM2
SIM3
SIM4
1
21
22
SIM5
SIM1
SIM2
SIM3
SIM4
1
21
22
SIM5
SIM1
SIM2
SIM3
SIM4
1
21
22
SIM5
SIM1
SIM2
SIM3
SIM4
1
21
22
SIM5
SIM1
SIM2
SIM3
SIM4
1
21
22
SIM5
SIM1
SIM2
SIM3
SIM4
1
21
22
SIM5
SIM1
SIM2
SIM3
SIM4
1
21
22
SIM5
SIM1
SIM2
SIM3
SIM4
1
21
22
SIM5
SIM1
SIM2
SIM3
SIM4
1
21
22
SIM5
SIM1
SIM2
SIM3
SIM4
1
21
22
SIM5
SIM1
SIM2
SIM3
SIM4
1
21
22
SIM5
SIM1
SIM2
SIM3
SIM4
1
21
22
SIM5
SIM1
SIM2
SIM3
SIM4
1
21
22
SIM5
SIM1
SIM2
SIM3
SIM4
1
21
22
SIM5
SIM1
SIM2
SIM3
SIM4
1
21
22
SIM5
SIM1
SIM2
SIM3
SIM4
1
21
22
SIM5
SIM1
SIM2
SIM3
SIM4
1
21
22
SIM5
SIM1
SIM2
SIM3
SIM4
1
21
22
SIM5
SIM1
SIM2
SIM3
SIM4
1
21
22
SIM5
SIM1
SIM2
SIM3
SIM4
1
21
22
SIM5
SIM1
SIM2
SIM3
SIM4
1
21
22
SIM5
SIM1
SIM2
SIM3
SIM4
1
21
22
SIM5
SIM1
SIM2
SIM3
SIM4
1
21
22
SIM5
SIM1
SIM2
SIM3
SIM4
1
21
22
SIM5
SIM1
SIM2
SIM3
SIM4
1
21
22
SIM5
SIM1
SIM2
SIM3
SIM4
1
21
22
SIM5
SIM1
SIM2
SIM3
SIM4
1
21
22
SIM5
SIM1
SIM2
SIM3
SIM4
1
21
22
SIM5
SIM1
SIM2
SIM3
SIM4
1
21
22
SIM5
SIM1
SIM2
SIM3
SIM4
1
21
22
SIM5
SIM1
SIM2
SIM3
SIM4
1
21
22
SIM5
SIM1
SIM2
SIM3
SIM4
1
21
22
SIM5
SIM1
SIM2
SIM3
SIM4
1
21
22
SIM5
SIM1
SIM2
SIM3
SIM4
1
21
22
SIM5
SIM1
SIM2
SIM3
SIM4
1
21
22
SIM5
SIM1
SIM2
SIM3
SIM4
1
21
22
SIM5
SIM1
SIM2
SIM3
SIM4
1
21
22
SIM5
SIM1
SIM2
SIM3
SIM4
1
21
22
SIM5
SIM1
SIM2
SIM3
SIM4
1
21
22
SIM5
SIM1
SIM2
SIM3
SIM4
1
21
22
SIM5
SIM1
SIM2
SIM3
SIM4
1
21
22
SIM5
SIM1
SIM2
SIM3
SIM4
1
21
22
SIM5
SIM1
SIM2
SIM3
SIM4
1
21
22
SIM5
SIM1
SIM2
SIM3
SIM4
1
21
22
SIM5
SIM1
SIM2
SIM3
SIM4
1
21
22
SIM5
SIM1
SIM2
SIM3
SIM4
1
21
22
SIM5
SIM1
SIM2
SIM3
SIM4
1
21
22
SIM5
SIM1
SIM2
SIM3
SIM4
1
21
22
SIM5
SIM1
SIM2
SIM3
SIM4
1
21
22
SIM5
SIM1
SIM2
SIM3
SIM4
1
21
22
SIM5
SIM1
SIM2
SIM3
SIM4
1
21
22
SIM5
SIM1
SIM2
SIM3
SIM4
1
21
22
SIM5
SIM1
SIM2
SIM3
SIM4
1
21
22
SIM5
SIM1
SIM2
SIM3
SIM4
1
21
22
SIM5
SIM1
SIM2
SIM3
SIM4
1
21
22
SIM5
SIM1
SIM2
SIM3
SIM4
1
21
22
SIM5
SIM1
SIM2
SIM3
SIM4
1
21
22
SIM5
SIM1
SIM2
SIM3
SIM4
1
21
22
SIM5
SIM1
SIM2
SIM3
SIM4
1
21
22
SIM5
SIM1
SIM2
SIM3
SIM4
1
21
22
SIM5
SIM1
SIM2
SIM3
SIM4
1
21
22
SIM5
SIM1
SIM2
SIM3
SIM4
1
21
22
SIM5
SIM1
SIM2
SIM3
SIM4
1
21
22
SIM5
SIM1
SIM2
SIM3
SIM4
1
21
22
SIM5
SIM1
SIM2
SIM3
SIM4
1
21
22
SIM5
SIM1
SIM2
SIM3
SIM4
1
21
22
SIM5
SIM1
SIM2
SIM3
SIM4
1
21
22
SIM5
SIM1
SIM2
SIM3
SIM4
1
21
22
SIM5
SIM1
SIM2
SIM3
SIM4
1
21
22
SIM5
SIM1
SIM2
SIM3
SIM4
1
21
22
SIM5
SIM1
SIM2
SIM3
SIM4
1
21
22
SIM5
SIM1
SIM2
SIM3
SIM4
1
21
22
SIM5
SIM1
SIM2
SIM3
SIM4
1
21
22
SIM5
SIM1
SIM2
SIM3
SIM4
1
21
22
SIM5
SIM1
SIM2
SIM3
SIM4
1
21
22
SIM5
SIM1
SIM2
SIM3
SIM4
1
21
22
SIM5
SIM1
SIM2
SIM3
SIM4
1
21
22
SIM5
SIM1
SIM2
SIM3
SIM4
1
21
22
SIM5
SIM1
SIM2
SIM3
SIM4
1
21
22
SIM5
SIM1
SIM2
SIM3
SIM4
1
21
22
SIM5
SIM1
SIM2
SIM3
SIM4
1
21
22
SIM5
SIM1
SIM2
SIM3
SIM4
1
21
22
SIM5
SIM1
SIM2
SIM3
SIM4
1
21
22
SIM5
SIM1
SIM2
SIM3
SIM4
1
21
22
SIM5
SIM1
SIM2
SIM3
SIM4
1
21
22
SIM5
SIM1
SIM2
SIM3
SIM4
1
21
22
SIM5
SIM1
SIM2
SIM3
SIM4
1
21
22
SIM5
SIM1
SIM2
SIM3
SIM4
1
21
22
SIM5
SIM1
SIM2
SIM3
SIM4
1
21
22
SIM5
SIM1
SIM2
SIM3
SIM4
1
21
22
SIM5
SIM1
SIM2
SIM3
SIM4
1
21
22
SIM5
SIM1
SIM2
SIM3
SIM4
1
21
22
SIM5
SIM1
SIM2
SIM3
SIM4
1
21
22
SIM5
SIM1
SIM2
SIM3
SIM4
1
21
22
SIM5
SIM1
SIM2
SIM3
SIM4
1
21
22
SIM5
SIM1
SIM2
SIM3
SIM4
1
21
22
SIM5
SIM1
SIM2
SIM3
SIM4
1
21
22
SIM5
SIM1
SIM2
SIM3
SIM4
1
21
22
SIM5
SIM1
SIM2
SIM3
SIM4
1
21
22
SIM5
SIM1
SIM2
SIM3
SIM4
1
21
22
SIM5
SIM1
SIM2
SIM3
SIM4
1
21
22
SIM5
SIM1
SIM2
SIM3
SIM4
1
21
22
SIM5
SIM1
SIM2
SIM3
SIM4
1
21
22
SIM5
SIM1
SIM2
SIM3
SIM4
1
21
22
SIM5
SIM1
SIM2
SIM3
SIM4
1
21
22
SIM5
SIM1
SIM2
SIM3
SIM4
1
21
22
SIM5
SIM1
SIM2
SIM3
SIM4
1
21
22
SIM5
SIM1
SIM2
SIM3
SIM4
1
21
22
SIM5
SIM1
SIM2
SIM3
SIM4
1
21
22
SIM5
SIM1
SIM2
SIM3
SIM4
1
21
22
SIM5
SIM1
SIM2
SIM3
SIM4
1
21
22
SIM5
SIM1
SIM2
SIM3
SIM4
1
21
22
SIM5
SIM1
SIM2
SIM3
SIM4
1
21
22
SIM5
SIM1
SIM2
SIM3
SIM4
1
21
22
SIM5
SIM1
SIM2
SIM3
SIM4
1
21
22
SIM5
SIM1
SIM2
SIM3
SIM4
1
21
22
SIM5
SIM1
SIM2
SIM3
SIM4
1
21
22
SIM5
SIM1
SIM2
SIM3
SIM4
1
21
22
SIM5
SIM1
SIM2
SIM3
SIM4
1
21
22
SIM5
SIM1
SIM2
SIM3
SIM4
1
21
22
SIM5
SIM1
SIM2
SIM3
SIM4
1
21
22
SIM5
SIM1
SIM2
SIM3
SIM4
1
21
22
SIM5
SIM1
SIM2
SIM3
SIM4
1
21
22
SIM5
SIM1
SIM2
SIM3
SIM4
1
21
22
SIM5
SIM1
SIM2
SIM3
SIM4
1
21
22
SIM5
SIM1
SIM2
SIM3
SIM4
1
21
22
SIM5
SIM1
SIM2
SIM3
SIM4
1
21
22
SIM5
SIM1
SIM2
SIM3
SIM4
1
21
22
SIM5
SIM1
SIM2
SIM3
SIM4
1
21
22
SIM5
SIM1
SIM2
SIM3
SIM4
1
21
22
SIM5
SIM1
SIM2
SIM3
SIM4
1
21
22
SIM5
SIM1
SIM2
SIM3
SIM4
1
21
22
SIM5
SIM1
SIM2
SIM3
SIM4
1
21
22
SIM5
SIM1
SIM2
SIM3
SIM4
1
21
22
SIM5
SIM1
SIM2
SIM3
SIM4
1
21
22
SIM5
SIM1
SIM2
SIM3
SIM4
1
21
22
SIM5
SIM1
SIM2
SIM3
SIM4
1
21
22
SIM5
SIM1
SIM2
SIM3
SIM4
1
21
22
SIM5
SIM1
SIM2
SIM3
SIM4
1
21
22
SIM5
SIM1
SIM2
SIM3
SIM4
1
21
22
SIM5
SIM1
SIM2
SIM3
SIM4
1
21
22
SIM5
SIM1
SIM2
SIM3
SIM4
1
21
22
SIM5
SIM1
SIM2
SIM3
SIM4
1
21
22
SIM5
SIM1
SIM2
SIM3
SIM4
1
21
22
SIM5
SIM1
SIM2
SIM3
SIM4
1
21
22
SIM5
SIM1
SIM2
SIM3
SIM4
1
21
22
SIM5
SIM1
SIM2
SIM3
SIM4
1
21
22
SIM5
SIM1
SIM2
SIM3
SIM4
1
21
22
SIM5
SIM1
SIM2
SIM3
SIM4
1
21
22
SIM5
SIM1
SIM2
SIM3
SIM4
1
21
22
SIM5
SIM1
SIM2
SIM3
SIM4
1
21
22
SIM5
SIM1
SIM2
SIM3
SIM4
1
21
22
SIM5
SIM1
SIM2
SIM3
SIM4
1
21
22
SIM5
SIM1
SIM2
SIM3
SIM4
1
21
22
SIM5
SIM1
SIM2
SIM3
SIM4
1
21
22
SIM5
SIM1
SIM2
SIM3
SIM4
1
21
22
SIM5
SIM1
SIM2
SIM3
SIM4
1
21
22
SIM5
SIM1
SIM2
SIM3
SIM4
1
21
22
SIM5
SIM1
SIM2
SIM3
SIM4
1
21
22
SIM5
SIM1
SIM2
SIM3
SIM4
1
21
22
SIM5
SIM1
SIM2
SIM3
SIM4
1
21
22
SIM5
SIM1
SIM2
SIM3
SIM4
1
21
22
SIM5
SIM1
SIM2
SIM3
SIM4
1
21
22
SIM5
SIM1
SIM2
SIM3
SIM4
1
21
22
SIM5
SIM1
SIM2
SIM3
SIM4
1
21
22
SIM5
SIM1
SIM2
SIM3
SIM4
1
21
22
SIM5
SIM1
SIM2
SIM3
SIM4
1
21
22
SIM5
SIM1
SIM2
SIM3
SIM4
1
21
22
SIM5
SIM1
SIM2
SIM3
SIM4
1
21
22
SIM5
SIM1
SIM2
SIM3
SIM4
1
21
22
SIM5
SIM1
SIM2
SIM3
SIM4
1
21
22
SIM5
SIM1
SIM2
SIM3
SIM4
1
21
22
SIM5
SIM1
SIM2
SIM3
SIM4
1
21
22
SIM5
SIM1
SIM2
SIM3
SIM4
1
21
22
SIM5
SIM1
SIM2
SIM3
SIM4
1
21
22
SIM5
SIM1
SIM2
SIM3
SIM4
1
21
22
SIM5
SIM1
SIM2
SIM3
SIM4
1
21
22
SIM5
SIM1
SIM2
SIM3
SIM4
1
21
22
SIM5
SIM1
SIM2
SIM3
SIM4
1
21
22
SIM5
SIM1
SIM2
SIM3
SIM4
1
21
22
SIM5
SIM1
SIM2
SIM3
SIM4
1
21
22
SIM5
SIM1
SIM2
SIM3
SIM4
1
21
22
SIM5
SIM1
SIM2
SIM3
SIM4
1
21
22
SIM5
SIM1
SIM2
SIM3
SIM4
1
21
22
SIM5
SIM1
SIM2
SIM3
SIM4
1
21
22
SIM5
SIM1
SIM2
SIM3
SIM4
1
21
22
SIM5
SIM1
SIM2
SIM3
SIM4
1
21
22
SIM5
SIM1
SIM2
SIM3
SIM4
1
21
22
SIM5
SIM1
SIM2
SIM3
SIM4
1
21
22
SIM5
SIM1
SIM2
SIM3
SIM4
1
21
22
SIM5
SIM1
SIM2
SIM3
SIM4
1
21
22
SIM5
SIM1
SIM2
DEBUG 1 401
SIM1
SIM2
SIM3
SIM4
1
21
22
SIM5
SIM1
SIM2
SIM3
SIM4
1
21
22
SIM5
SIM1
SIM2
SIM3
SIM4
1
21
22
SIM5
SIM1
SIM2
SIM3
SIM4
1
21
22
SIM5
SIM1
SIM2
SIM3
SIM4
1
21
22
SIM5
SIM1
SIM2
SIM3
SIM4
1
21
22
SIM5
SIM1
SIM2
SIM3
SIM4
1
21
22
SIM5
SIM1
SIM2
SIM3
SIM4
1
21
22
SIM5
SIM1
SIM2
SIM3
SIM4
1
21
22
SIM5
SIM1
SIM2
SIM3
SIM4
1
21
22
SIM5
SIM1
SIM2
SIM3
SIM4
1
21
22
SIM5
SIM1
SIM2
SIM3
SIM4
1
21
22
SIM5
SIM1
SIM2
SIM3
SIM4
1
21
22
SIM5
SIM1
SIM2
SIM3
SIM4
1
21
22
SIM5
SIM1
SIM2
SIM3
SIM4
1
21
22
SIM5
SIM1
SIM2
SIM3
SIM4
1
21
22
SIM5
SIM1
SIM2
SIM3
SIM4
1
21
22
SIM5
SIM1
SIM2
SIM3
SIM4
1
21
22
SIM5
SIM1
SIM2
SIM3
SIM4
1
21
22
SIM5
SIM1
SIM2
SIM3
SIM4
1
21
22
SIM5
SIM1
SIM2
SIM3
SIM4
1
21
22
SIM5
SIM1
SIM2
SIM3
SIM4
1
21
22
SIM5
SIM1
SIM2
SIM3
SIM4
1
21
22
SIM5
SIM1
SIM2
SIM3
SIM4
1
21
22
SIM5
SIM1
SIM2
SIM3
SIM4
1
21
22
SIM5
SIM1
SIM2
SIM3
SIM4
1
21
22
SIM5
SIM1
SIM2
SIM3
SIM4
1
21
22
SIM5
SIM1
SIM2
SIM3
SIM4
1
21
22
SIM5
SIM1
SIM2
SIM3
SIM4
1
21
22
SIM5
SIM1
SIM2
SIM3
SIM4
1
21
22
SIM5
SIM1
SIM2
SIM3
SIM4
1
21
22
SIM5
SIM1
SIM2
SIM3
SIM4
1
21
22
SIM5
SIM1
SIM2
SIM3
SIM4
1
21
22
SIM5
SIM1
SIM2
SIM3
SIM4
1
21
22
SIM5
SIM1
SIM2
SIM3
SIM4
1
21
22
SIM5
SIM1
SIM2
SIM3
SIM4
1
21
22
SIM5
SIM1
SIM2
SIM3
SIM4
1
21
22
SIM5
SIM1
SIM2
SIM3
SIM4
1
21
22
SIM5
SIM1
SIM2
SIM3
SIM4
1
21
22
SIM5
SIM1
SIM2
SIM3
SIM4
1
21
22
SIM5
SIM1
SIM2
SIM3
SIM4
1
21
22
SIM5
SIM1
SIM2
SIM3
SIM4
1
21
22
SIM5
SIM1
SIM2
SIM3
SIM4
1
21
22
SIM5
SIM1
SIM2
SIM3
SIM4
1
21
22
SIM5
SIM1
SIM2
SIM3
SIM4
1
21
22
SIM5
SIM1
SIM2
SIM3
SIM4
1
21
22
SIM5
SIM1
SIM2
SIM3
SIM4
1
21
22
SIM5
SIM1
SIM2
SIM3
SIM4
1
21
22
SIM5
SIM1
SIM2
SIM3
SIM4
1
21
22
SIM5
SIM1
SIM2
SIM3
SIM4
1
21
22
SIM5
SIM1
SIM2
SIM3
SIM4
1
21
22
SIM5
SIM1
SIM2
SIM3
SIM4
1
21
22
SIM5
SIM1
SIM2
SIM3
SIM4
1
21
22
SIM5
SIM1
SIM2
SIM3
SIM4
1
21
22
SIM5
SIM1
SIM2
SIM3
SIM4
1
21
22
SIM5
SIM1
SIM2
SIM3
SIM4
1
21
22
SIM5
SIM1
SIM2
SIM3
SIM4
1
21
22
SIM5
SIM1
SIM2
SIM3
SIM4
1
21
22
SIM5
SIM1
SIM2
SIM3
SIM4
1
21
22
SIM5
SIM1
SIM2
SIM3
SIM4
1
21
22
SIM5
SIM1
SIM2
SIM3
SIM4
1
21
22
SIM5
SIM1
SIM2
SIM3
SIM4
1
21
22
SIM5
SIM1
SIM2
SIM3
SIM4
1
21
22
SIM5
SIM1
SIM2
SIM3
SIM4
1
21
22
SIM5
SIM1
SIM2
SIM3
SIM4
1
21
22
SIM5
SIM1
SIM2
SIM3
SIM4
1
21
22
SIM5
SIM1
SIM2
SIM3
SIM4
1
21
22
SIM5
SIM1
SIM2
SIM3
SIM4
1
21
22
SIM5
SIM1
SIM2
SIM3
SIM4
1
21
22
SIM5
SIM1
SIM2
SIM3
SIM4
1
21
22
SIM5
SIM1
SIM2
SIM3
SIM4
1
21
22
SIM5
SIM1
SIM2
SIM3
SIM4
1
21
22
SIM5
SIM1
SIM2
SIM3
SIM4
1
21
22
SIM5
SIM1
SIM2
SIM3
SIM4
1
21
22
SIM5
SIM1
SIM2
SIM3
SIM4
1
21
22
SIM5
SIM1
SIM2
SIM3
SIM4
1
21
22
SIM5
SIM1
SIM2
SIM3
SIM4
1
21
22
SIM5
SIM1
SIM2
SIM3
SIM4
1
21
22
SIM5
SIM1
SIM2
SIM3
SIM4
1
21
22
SIM5
SIM1
SIM2
SIM3
SIM4
1
21
22
SIM5
SIM1
SIM2
SIM3
SIM4
1
21
22
SIM5
SIM1
SIM2
SIM3
SIM4
1
21
22
SIM5
SIM1
SIM2
SIM3
SIM4
1
21
22
SIM5
SIM1
SIM2
DEBUG 1 402
SIM1
SIM2
SIM3
SIM4
1
21
22
SIM5
SIM1
SIM2
SIM3
SIM4
1
21
22
SIM5
SIM1
SIM2
SIM3
SIM4
1
21
22
SIM5
SIM1
SIM2
SIM3
SIM4
1
21
22
SIM5
SIM1
SIM2
SIM3
SIM4
1
21
22
SIM5
SIM1
SIM2
SIM3
SIM4
1
21
22
SIM5
SIM1
SIM2
SIM3
SIM4
1
21
22
SIM5
SIM1
SIM2
SIM3
SIM4
1
21
22
SIM5
SIM1
SIM2
SIM3
SIM4
1
21
22
SIM5
SIM1
SIM2
SIM3
SIM4
1
21
22
SIM5
SIM1
SIM2
SIM3
SIM4
1
21
22
SIM5
SIM1
SIM2
SIM3
SIM4
1
21
22
SIM5
SIM1
SIM2
SIM3
SIM4
1
21
22
SIM5
SIM1
SIM2
SIM3
SIM4
1
21
22
SIM5
SIM1
SIM2
SIM3
SIM4
1
21
22
SIM5
SIM1
SIM2
SIM3
SIM4
1
21
22
SIM5
SIM1
SIM2
SIM3
SIM4
1
21
22
SIM5
SIM1
SIM2
SIM3
SIM4
1
21
22
SIM5
SIM1
SIM2
SIM3
SIM4
1
21
22
SIM5
SIM1
SIM2
SIM3
SIM4
1
21
22
SIM5
SIM1
SIM2
SIM3
SIM4
1
21
22
SIM5
SIM1
SIM2
SIM3
SIM4
1
21
22
SIM5
SIM1
SIM2
SIM3
SIM4
1
21
22
SIM5
SIM1
SIM2
SIM3
SIM4
1
21
22
SIM5
SIM1
SIM2
SIM3
SIM4
1
21
22
SIM5
SIM1
SIM2
SIM3
SIM4
1
21
22
SIM5
SIM1
SIM2
SIM3
SIM4
1
21
22
SIM5
SIM1
SIM2
SIM3
SIM4
1
21
22
SIM5
SIM1
SIM2
SIM3
SIM4
1
21
22
SIM5
SIM1
SIM2
SIM3
SIM4
1
21
22
SIM5
SIM1
SIM2
SIM3
SIM4
1
21
22
SIM5
SIM1
SIM2
SIM3
SIM4
1
21
22
SIM5
SIM1
SIM2
SIM3
SIM4
1
21
22
SIM5
SIM1
SIM2
SIM3
SIM4
1
21
22
SIM5
SIM1
SIM2
SIM3
SIM4
1
21
22
SIM5
SIM1
SIM2
SIM3
SIM4
1
21
22
SIM5
SIM1
SIM2
SIM3
SIM4
1
21
22
SIM5
SIM1
SIM2
SIM3
SIM4
1
21
22
SIM5
SIM1
SIM2
SIM3
SIM4
1
21
22
SIM5
SIM1
SIM2
SIM3
SIM4
1
21
22
SIM5
SIM1
SIM2
SIM3
SIM4
1
21
22
SIM5
SIM1
SIM2
SIM3
SIM4
1
21
22
SIM5
SIM1
SIM2
SIM3
SIM4
1
21
22
SIM5
SIM1
SIM2
SIM3
SIM4
1
21
22
SIM5
SIM1
SIM2
SIM3
SIM4
1
21
22
SIM5
SIM1
SIM2
SIM3
SIM4
1
21
22
SIM5
SIM1
SIM2
SIM3
SIM4
1
21
22
SIM5
SIM1
SIM2
SIM3
SIM4
1
21
22
SIM5
SIM1
SIM2
SIM3
SIM4
1
21
22
SIM5
SIM1
SIM2
SIM3
SIM4
1
21
22
SIM5
SIM1
SIM2
SIM3
SIM4
1
21
22
SIM5
SIM1
SIM2
SIM3
SIM4
1
21
22
SIM5
SIM1
SIM2
SIM3
SIM4
1
21
22
SIM5
SIM1
SIM2
SIM3
SIM4
1
21
22
SIM5
SIM1
SIM2
SIM3
SIM4
1
21
22
SIM5
SIM1
SIM2
SIM3
SIM4
1
21
22
SIM5
SIM1
SIM2
SIM3
SIM4
1
21
22
SIM5
SIM1
SIM2
SIM3
SIM4
1
21
22
SIM5
SIM1
SIM2
SIM3
SIM4
1
21
22
SIM5
SIM1
SIM2
SIM3
SIM4
1
21
22
SIM5
SIM1
SIM2
SIM3
SIM4
1
21
22
SIM5
SIM1
SIM2
SIM3
SIM4
1
21
22
SIM5
SIM1
SIM2
SIM3
SIM4
1
21
22
SIM5
SIM1
SIM2
SIM3
SIM4
1
21
22
SIM5
SIM1
SIM2
SIM3
SIM4
1
21
22
SIM5
SIM1
SIM2
SIM3
SIM4
1
21
22
SIM5
SIM1
SIM2
SIM3
SIM4
1
21
22
SIM5
SIM1
SIM2
SIM3
SIM4
1
21
22
SIM5
SIM1
SIM2
SIM3
SIM4
1
21
22
SIM5
SIM1
SIM2
SIM3
SIM4
1
21
22
SIM5
SIM1
SIM2
SIM3
SIM4
1
21
22
SIM5
SIM1
SIM2
SIM3
SIM4
1
21
22
SIM5
SIM1
SIM2
SIM3
SIM4
1
21
22
SIM5
SIM1
SIM2
SIM3
SIM4
1
21
22
SIM5
SIM1
SIM2
SIM3
SIM4
1
21
22
SIM5
SIM1
SIM2
SIM3
SIM4
1
21
22
SIM5
SIM1
SIM2
SIM3
SIM4
1
21
22
SIM5
SIM1
SIM2
SIM3
SIM4
1
21
22
SIM5
SIM1
SIM2
SIM3
SIM4
1
21
22
SIM5
SIM1
SIM2
SIM3
SIM4
1
21
22
SIM5
SIM1
SIM2
SIM3
SIM4
1
21
22
SIM5
SIM1
SIM2
SIM3
SIM4
1
21
22
SIM5
SIM1
SIM2
SIM3
SIM4
1
21
22
SIM5
SIM1
SIM2
SIM3
SIM4
1
21
22
SIM5
SIM1
SIM2
SIM3
SIM4
1
21
22
SIM5
SIM1
SIM2
SIM3
SIM4
1
21
22
SIM5
SIM1
SIM2
SIM3
SIM4
1
21
22
SIM5
SIM1
SIM2
SIM3
SIM4
1
21
22
SIM5
SIM1
SIM2
SIM3
SIM4
1
21
22
SIM5
SIM1
SIM2
SIM3
SIM4
1
21
22
SIM5
SIM1
SIM2
SIM3
SIM4
1
21
22
SIM5
SIM1
SIM2
SIM3
SIM4
1
21
22
SIM5
SIM1
SIM2
SIM3
SIM4
1
21
22
SIM5
SIM1
SIM2
SIM3
SIM4
1
21
22
SIM5
SIM1
SIM2
SIM3
SIM4
1
21
22
SIM5
SIM1
SIM2
SIM3
SIM4
1
21
22
SIM5
SIM1
SIM2
SIM3
SIM4
1
21
22
SIM5
SIM1
SIM2
SIM3
SIM4
1
21
22
SIM5
SIM1
SIM2
SIM3
SIM4
1
21
22
SIM5
SIM1
SIM2
SIM3
SIM4
1
21
22
SIM5
SIM1
SIM2
SIM3
SIM4
1
21
22
SIM5
SIM1
SIM2
SIM3
SIM4
1
21
22
SIM5
SIM1
SIM2
SIM3
SIM4
1
21
22
SIM5
SIM1
SIM2
SIM3
SIM4
1
21
22
SIM5
SIM1
SIM2
SIM3
SIM4
1
21
22
SIM5
SIM1
SIM2
SIM3
SIM4
1
21
22
SIM5
SIM1
SIM2
SIM3
SIM4
1
21
22
SIM5
SIM1
SIM2
SIM3
SIM4
1
21
22
SIM5
SIM1
SIM2
SIM3
SIM4
1
21
22
SIM5
SIM1
SIM2
SIM3
SIM4
1
21
22
SIM5
SIM1
SIM2
SIM3
SIM4
1
21
22
SIM5
SIM1
SIM2
SIM3
SIM4
1
21
22
SIM5
SIM1
SIM2
SIM3
SIM4
1
21
22
SIM5
SIM1
SIM2
SIM3
SIM4
1
21
22
SIM5
SIM1
SIM2
SIM3
SIM4
1
21
22
SIM5
SIM1
SIM2
SIM3
SIM4
1
21
22
SIM5
SIM1
SIM2
SIM3
SIM4
1
21
22
SIM5
SIM1
SIM2
SIM3
SIM4
1
21
22
SIM5
SIM1
SIM2
SIM3
SIM4
1
21
22
SIM5
SIM1
SIM2
SIM3
SIM4
1
21
22
SIM5
SIM1
SIM2
SIM3
SIM4
1
21
22
SIM5
SIM1
SIM2
SIM3
SIM4
1
21
22
SIM5
SIM1
SIM2
SIM3
SIM4
1
21
22
SIM5
SIM1
SIM2
SIM3
SIM4
1
21
22
SIM5
SIM1
SIM2
SIM3
SIM4
1
21
22
SIM5
SIM1
SIM2
SIM3
SIM4
1
21
22
SIM5
SIM1
SIM2
SIM3
SIM4
1
21
22
SIM5
SIM1
SIM2
SIM3
SIM4
1
21
22
SIM5
SIM1
SIM2
SIM3
SIM4
1
21
22
SIM5
SIM1
SIM2
SIM3
SIM4
1
21
22
SIM5
SIM1
SIM2
SIM3
SIM4
1
21
22
SIM5
SIM1
SIM2
SIM3
SIM4
1
21
22
SIM5
SIM1
SIM2
SIM3
SIM4
1
21
22
SIM5
SIM1
SIM2
SIM3
SIM4
1
21
22
SIM5
SIM1
SIM2
SIM3
SIM4
1
21
22
SIM5
SIM1
SIM2
SIM3
SIM4
1
21
22
SIM5
SIM1
SIM2
SIM3
SIM4
1
21
22
SIM5
SIM1
SIM2
SIM3
SIM4
1
21
22
SIM5
SIM1
SIM2
SIM3
SIM4
1
21
22
SIM5
SIM1
SIM2
SIM3
SIM4
1
21
22
SIM5
SIM1
SIM2
SIM3
SIM4
1
21
22
SIM5
SIM1
SIM2
SIM3
SIM4
1
21
22
SIM5
SIM1
SIM2
SIM3
SIM4
1
21
22
SIM5
SIM1
SIM2
SIM3
SIM4
1
21
22
SIM5
SIM1
SIM2
SIM3
SIM4
1
21
22
SIM5
SIM1
SIM2
SIM3
SIM4
1
21
22
SIM5
SIM1
SIM2
SIM3
SIM4
1
21
22
SIM5
SIM1
SIM2
SIM3
SIM4
1
21
22
SIM5
SIM1
SIM2
SIM3
SIM4
1
21
22
SIM5
SIM1
SIM2
SIM3
SIM4
1
21
22
SIM5
SIM1
SIM2
SIM3
SIM4
1
21
22
SIM5
SIM1
SIM2
SIM3
SIM4
1
21
22
SIM5
SIM1
SIM2
SIM3
SIM4
1
21
22
SIM5
SIM1
SIM2
SIM3
SIM4
1
21
22
SIM5
SIM1
SIM2
SIM3
SIM4
1
21
22
SIM5
SIM1
SIM2
SIM3
SIM4
1
21
22
SIM5
SIM1
SIM2
SIM3
SIM4
1
21
22
SIM5
SIM1
SIM2
SIM3
SIM4
1
21
22
SIM5
SIM1
SIM2
SIM3
SIM4
1
21
22
SIM5
SIM1
SIM2
SIM3
SIM4
1
21
22
SIM5
SIM1
SIM2
SIM3
SIM4
1
21
22
SIM5
SIM1
SIM2
SIM3
SIM4
1
21
22
SIM5
SIM1
SIM2
SIM3
SIM4
1
21
22
SIM5
SIM1
SIM2
SIM3
SIM4
1
21
22
SIM5
SIM1
SIM2
SIM3
SIM4
1
21
22
SIM5
SIM1
SIM2
SIM3
SIM4
1
21
22
SIM5
SIM1
SIM2
SIM3
SIM4
1
21
22
SIM5
SIM1
SIM2
SIM3
SIM4
1
21
22
SIM5
SIM1
SIM2
SIM3
SIM4
1
21
22
SIM5
SIM1
SIM2
SIM3
SIM4
1
21
22
SIM5
SIM1
SIM2
SIM3
SIM4
1
21
22
SIM5
SIM1
SIM2
SIM3
SIM4
1
21
22
SIM5
SIM1
SIM2
SIM3
SIM4
1
21
22
SIM5
SIM1
SIM2
SIM3
SIM4
1
21
22
SIM5
SIM1
SIM2
SIM3
SIM4
1
21
22
SIM5
SIM1
SIM2
SIM3
SIM4
1
21
22
SIM5
SIM1
SIM2
SIM3
SIM4
1
21
22
SIM5
SIM1
SIM2
SIM3
SIM4
1
21
22
SIM5
SIM1
SIM2
SIM3
SIM4
1
21
22
SIM5
SIM1
SIM2
SIM3
SIM4
1
21
22
SIM5
SIM1
SIM2
SIM3
SIM4
1
21
22
SIM5
SIM1
SIM2
SIM3
SIM4
1
21
22
SIM5
SIM1
SIM2
SIM3
SIM4
1
21
22
SIM5
SIM1
SIM2
SIM3
SIM4
1
21
22
SIM5
SIM1
SIM2
SIM3
SIM4
1
21
22
SIM5
SIM1
SIM2
SIM3
SIM4
1
21
22
SIM5
SIM1
SIM2
SIM3
SIM4
1
21
22
SIM5
SIM1
SIM2
SIM3
SIM4
1
21
22
SIM5
SIM1
SIM2
SIM3
SIM4
1
21
22
SIM5
SIM1
SIM2
SIM3
SIM4
1
21
22
SIM5
SIM1
SIM2
SIM3
SIM4
1
21
22
SIM5
SIM1
SIM2
SIM3
SIM4
1
21
22
SIM5
SIM1
SIM2
SIM3
SIM4
1
21
22
SIM5
SIM1
SIM2
SIM3
SIM4
1
21
22
SIM5
SIM1
SIM2
SIM3
SIM4
1
21
22
SIM5
SIM1
SIM2
SIM3
SIM4
1
21
22
SIM5
SIM1
SIM2
SIM3
SIM4
1
21
22
SIM5
SIM1
SIM2
SIM3
SIM4
1
21
22
SIM5
SIM1
SIM2
SIM3
SIM4
1
21
22
SIM5
SIM1
SIM2
SIM3
SIM4
1
21
22
SIM5
SIM1
SIM2
SIM3
SIM4
1
21
22
SIM5
SIM1
SIM2
SIM3
SIM4
1
21
22
SIM5
SIM1
SIM2
SIM3
SIM4
1
21
22
SIM5
SIM1
SIM2
SIM3
SIM4
1
21
22
SIM5
SIM1
SIM2
SIM3
SIM4
1
21
22
SIM5
SIM1
SIM2
SIM3
SIM4
1
21
22
SIM5
SIM1
SIM2
SIM3
SIM4
1
21
22
SIM5
SIM1
SIM2
SIM3
SIM4
1
21
22
SIM5
SIM1
SIM2
SIM3
SIM4
1
21
22
SIM5
SIM1
SIM2
SIM3
SIM4
1
21
22
SIM5
SIM1
SIM2
SIM3
SIM4
1
21
22
SIM5
SIM1
SIM2
SIM3
SIM4
1
21
22
SIM5
SIM1
SIM2
SIM3
SIM4
1
21
22
SIM5
SIM1
SIM2
SIM3
SIM4
1
21
22
SIM5
SIM1
SIM2
SIM3
SIM4
1
21
22
SIM5
SIM1
SIM2
SIM3
SIM4
1
21
22
SIM5
SIM1
SIM2
SIM3
SIM4
1
21
22
SIM5
SIM1
SIM2
SIM3
SIM4
1
21
22
SIM5
SIM1
SIM2
SIM3
SIM4
1
21
22
SIM5
SIM1
SIM2
SIM3
SIM4
1
21
22
SIM5
SIM1
SIM2
SIM3
SIM4
1
21
22
SIM5
SIM1
SIM2
SIM3
SIM4
1
21
22
SIM5
SIM1
SIM2
SIM3
SIM4
1
21
22
SIM5
SIM1
SIM2
SIM3
SIM4
1
21
22
SIM5
SIM1
SIM2
SIM3
SIM4
1
21
22
SIM5
SIM1
SIM2
SIM3
SIM4
1
21
22
SIM5
SIM1
SIM2
SIM3
SIM4
1
21
22
SIM5
SIM1
SIM2
SIM3
SIM4
1
21
22
SIM5
SIM1
SIM2
SIM3
SIM4
1
21
22
SIM5
SIM1
SIM2
SIM3
SIM4
1
21
22
SIM5
SIM1
SIM2
SIM3
SIM4
1
21
22
SIM5
SIM1
SIM2
SIM3
SIM4
1
21
22
SIM5
SIM1
SIM2
SIM3
SIM4
1
21
22
SIM5
SIM1
SIM2
SIM3
SIM4
1
21
22
SIM5
SIM1
SIM2
SIM3
SIM4
1
21
22
SIM5
SIM1
SIM2
SIM3
SIM4
1
21
22
SIM5
SIM1
SIM2
SIM3
SIM4
1
21
22
SIM5
SIM1
SIM2
SIM3
SIM4
1
21
22
SIM5
SIM1
SIM2
SIM3
SIM4
1
21
22
SIM5
SIM1
SIM2
SIM3
SIM4
1
21
22
SIM5
SIM1
SIM2
SIM3
SIM4
1
21
22
SIM5
SIM1
SIM2
SIM3
SIM4
1
21
22
SIM5
SIM1
SIM2
SIM3
SIM4
1
21
22
SIM5
SIM1
SIM2
SIM3
SIM4
1
21
22
SIM5
SIM1
SIM2
SIM3
SIM4
1
21
22
SIM5
SIM1
SIM2
SIM3
SIM4
1
21
22
SIM5
SIM1
SIM2
SIM3
SIM4
1
21
22
SIM5
SIM1
SIM2
SIM3
SIM4
1
21
22
SIM5
SIM1
SIM2
SIM3
SIM4
1
21
22
SIM5
SIM1
SIM2
SIM3
SIM4
1
21
22
SIM5
SIM1
SIM2
SIM3
SIM4
1
21
22
SIM5
SIM1
SIM2
DEBUG 1 403
SIM1
SIM2
SIM3
SIM4
1
21
22
SIM5
SIM1
SIM2
SIM3
SIM4
1
21
22
SIM5
SIM1
SIM2
SIM3
SIM4
1
21
22
SIM5
SIM1
SIM2
SIM3
SIM4
1
21
22
SIM5
SIM1
SIM2
SIM3
SIM4
1
21
22
SIM5
SIM1
SIM2
SIM3
SIM4
1
21
22
SIM5
SIM1
SIM2
SIM3
SIM4
1
21
22
SIM5
SIM1
SIM2
SIM3
SIM4
1
21
22
SIM5
SIM1
SIM2
SIM3
SIM4
1
21
22
SIM5
SIM1
SIM2
SIM3
SIM4
1
21
22
SIM5
SIM1
SIM2
SIM3
SIM4
1
21
22
SIM5
SIM1
SIM2
SIM3
SIM4
1
21
22
SIM5
SIM1
SIM2
SIM3
SIM4
1
21
22
SIM5
SIM1
SIM2
SIM3
SIM4
1
21
22
SIM5
SIM1
SIM2
SIM3
SIM4
1
21
22
SIM5
SIM1
SIM2
SIM3
SIM4
1
21
22
SIM5
SIM1
SIM2
SIM3
SIM4
1
21
22
SIM5
SIM1
SIM2
SIM3
SIM4
1
21
22
SIM5
SIM1
SIM2
SIM3
SIM4
1
21
22
SIM5
SIM1
SIM2
SIM3
SIM4
1
21
22
SIM5
SIM1
SIM2
SIM3
SIM4
1
21
22
SIM5
SIM1
SIM2
SIM3
SIM4
1
21
22
SIM5
SIM1
SIM2
SIM3
SIM4
1
21
22
SIM5
SIM1
SIM2
SIM3
SIM4
1
21
22
SIM5
SIM1
SIM2
SIM3
SIM4
1
21
22
SIM5
SIM1
SIM2
SIM3
SIM4
1
21
22
SIM5
SIM1
SIM2
SIM3
SIM4
1
21
22
SIM5
SIM1
SIM2
SIM3
SIM4
1
21
22
SIM5
SIM1
SIM2
SIM3
SIM4
1
21
22
SIM5
SIM1
SIM2
SIM3
SIM4
1
21
22
SIM5
SIM1
SIM2
SIM3
SIM4
1
21
22
SIM5
SIM1
SIM2
SIM3
SIM4
1
21
22
SIM5
SIM1
SIM2
SIM3
SIM4
1
21
22
SIM5
SIM1
SIM2
SIM3
SIM4
1
21
22
SIM5
SIM1
SIM2
SIM3
SIM4
1
21
22
SIM5
SIM1
SIM2
SIM3
SIM4
1
21
22
SIM5
SIM1
SIM2
SIM3
SIM4
1
21
22
SIM5
SIM1
SIM2
SIM3
SIM4
1
21
22
SIM5
SIM1
SIM2
SIM3
SIM4
1
21
22
SIM5
SIM1
SIM2
SIM3
SIM4
1
21
22
SIM5
SIM1
SIM2
SIM3
SIM4
1
21
22
SIM5
SIM1
SIM2
SIM3
SIM4
1
21
22
SIM5
SIM1
SIM2
SIM3
SIM4
1
21
22
SIM5
SIM1
SIM2
SIM3
SIM4
1
21
22
SIM5
SIM1
SIM2
SIM3
SIM4
1
21
22
SIM5
SIM1
SIM2
SIM3
SIM4
1
21
22
SIM5
SIM1
SIM2
SIM3
SIM4
1
21
22
SIM5
SIM1
SIM2
SIM3
SIM4
1
21
22
SIM5
SIM1
SIM2
SIM3
SIM4
1
21
22
SIM5
SIM1
SIM2
SIM3
SIM4
1
21
22
SIM5
SIM1
SIM2
SIM3
SIM4
1
21
22
SIM5
SIM1
SIM2
SIM3
SIM4
1
21
22
SIM5
SIM1
SIM2
SIM3
SIM4
1
21
22
SIM5
SIM1
SIM2
SIM3
SIM4
1
21
22
SIM5
SIM1
SIM2
SIM3
SIM4
1
21
22
SIM5
SIM1
SIM2
SIM3
SIM4
1
21
22
SIM5
SIM1
SIM2
SIM3
SIM4
1
21
22
SIM5
SIM1
SIM2
SIM3
SIM4
1
21
22
SIM5
SIM1
SIM2
SIM3
SIM4
1
21
22
SIM5
SIM1
SIM2
SIM3
SIM4
1
21
22
SIM5
SIM1
SIM2
SIM3
SIM4
1
21
22
SIM5
SIM1
SIM2
SIM3
SIM4
1
21
22
SIM5
SIM1
SIM2
SIM3
SIM4
1
21
22
SIM5
SIM1
SIM2
SIM3
SIM4
1
21
22
SIM5
SIM1
SIM2
SIM3
SIM4
1
21
22
SIM5
SIM1
SIM2
SIM3
SIM4
1
21
22
SIM5
SIM1
SIM2
SIM3
SIM4
1
21
22
SIM5
SIM1
SIM2
SIM3
SIM4
1
21
22
SIM5
SIM1
SIM2
SIM3
SIM4
1
21
22
SIM5
SIM1
SIM2
SIM3
SIM4
1
21
22
SIM5
SIM1
SIM2
SIM3
SIM4
1
21
22
SIM5
SIM1
SIM2
SIM3
SIM4
1
21
22
SIM5
SIM1
SIM2
SIM3
SIM4
1
21
22
SIM5
SIM1
SIM2
SIM3
SIM4
1
21
22
SIM5
SIM1
SIM2
SIM3
SIM4
1
21
22
SIM5
SIM1
SIM2
SIM3
SIM4
1
21
22
SIM5
SIM1
SIM2
SIM3
SIM4
1
21
22
SIM5
SIM1
SIM2
SIM3
SIM4
1
21
22
SIM5
SIM1
SIM2
SIM3
SIM4
1
21
22
SIM5
SIM1
SIM2
DEBUG 1 404
SIM1
SIM2
SIM3
SIM4
1
21
22
SIM5
SIM1
SIM2
SIM3
SIM4
1
21
22
SIM5
SIM1
SIM2
SIM3
SIM4
1
21
22
SIM5
SIM1
SIM2
SIM3
SIM4
1
21
22
SIM5
SIM1
SIM2
SIM3
SIM4
1
21
22
SIM5
SIM1
SIM2
SIM3
SIM4
1
21
22
SIM5
SIM1
SIM2
SIM3
SIM4
1
21
22
SIM5
SIM1
SIM2
SIM3
SIM4
1
21
22
SIM5
SIM1
SIM2
SIM3
SIM4
1
21
22
SIM5
SIM1
SIM2
SIM3
SIM4
1
21
22
SIM5
SIM1
SIM2
SIM3
SIM4
1
21
22
SIM5
SIM1
SIM2
SIM3
SIM4
1
21
22
SIM5
SIM1
SIM2
SIM3
SIM4
1
21
22
SIM5
SIM1
SIM2
SIM3
SIM4
1
21
22
SIM5
SIM1
SIM2
SIM3
SIM4
1
21
22
SIM5
SIM1
SIM2
SIM3
SIM4
1
21
22
SIM5
SIM1
SIM2
SIM3
SIM4
1
21
22
SIM5
SIM1
SIM2
SIM3
SIM4
1
21
22
SIM5
SIM1
SIM2
SIM3
SIM4
1
21
22
SIM5
SIM1
SIM2
SIM3
SIM4
1
21
22
SIM5
SIM1
SIM2
SIM3
SIM4
1
21
22
SIM5
SIM1
SIM2
SIM3
SIM4
1
21
22
SIM5
SIM1
SIM2
SIM3
SIM4
1
21
22
SIM5
SIM1
SIM2
SIM3
SIM4
1
21
22
SIM5
SIM1
SIM2
SIM3
SIM4
1
21
22
SIM5
SIM1
SIM2
SIM3
SIM4
1
21
22
SIM5
SIM1
SIM2
SIM3
SIM4
1
21
22
SIM5
SIM1
SIM2
SIM3
SIM4
1
21
22
SIM5
SIM1
SIM2
SIM3
SIM4
1
21
22
SIM5
SIM1
SIM2
SIM3
SIM4
1
21
22
SIM5
SIM1
SIM2
SIM3
SIM4
1
21
22
SIM5
SIM1
SIM2
SIM3
SIM4
1
21
22
SIM5
SIM1
SIM2
SIM3
SIM4
1
21
22
SIM5
SIM1
SIM2
SIM3
SIM4
1
21
22
SIM5
SIM1
SIM2
SIM3
SIM4
1
21
22
SIM5
SIM1
SIM2
SIM3
SIM4
1
21
22
SIM5
SIM1
SIM2
SIM3
SIM4
1
21
22
SIM5
SIM1
SIM2
SIM3
SIM4
1
21
22
SIM5
SIM1
SIM2
SIM3
SIM4
1
21
22
SIM5
SIM1
SIM2
SIM3
SIM4
1
21
22
SIM5
SIM1
SIM2
SIM3
SIM4
1
21
22
SIM5
SIM1
SIM2
SIM3
SIM4
1
21
22
SIM5
SIM1
SIM2
SIM3
SIM4
1
21
22
SIM5
SIM1
SIM2
SIM3
SIM4
1
21
22
SIM5
SIM1
SIM2
SIM3
SIM4
1
21
22
SIM5
SIM1
SIM2
SIM3
SIM4
1
21
22
SIM5
SIM1
SIM2
SIM3
SIM4
1
21
22
SIM5
SIM1
SIM2
SIM3
SIM4
1
21
22
SIM5
SIM1
SIM2
SIM3
SIM4
1
21
22
SIM5
SIM1
SIM2
SIM3
SIM4
1
21
22
SIM5
SIM1
SIM2
SIM3
SIM4
1
21
22
SIM5
SIM1
SIM2
SIM3
SIM4
1
21
22
SIM5
SIM1
SIM2
SIM3
SIM4
1
21
22
SIM5
SIM1
SIM2
SIM3
SIM4
1
21
22
SIM5
SIM1
SIM2
SIM3
SIM4
1
21
22
SIM5
SIM1
SIM2
SIM3
SIM4
1
21
22
SIM5
SIM1
SIM2
SIM3
SIM4
1
21
22
SIM5
SIM1
SIM2
SIM3
SIM4
1
21
22
SIM5
SIM1
SIM2
SIM3
SIM4
1
21
22
SIM5
SIM1
SIM2
SIM3
SIM4
1
21
22
SIM5
SIM1
SIM2
SIM3
SIM4
1
21
22
SIM5
SIM1
SIM2
SIM3
SIM4
1
21
22
SIM5
SIM1
SIM2
SIM3
SIM4
1
21
22
SIM5
SIM1
SIM2
SIM3
SIM4
1
21
22
SIM5
SIM1
SIM2
SIM3
SIM4
1
21
22
SIM5
SIM1
SIM2
SIM3
SIM4
1
21
22
SIM5
SIM1
SIM2
SIM3
SIM4
1
21
22
SIM5
SIM1
SIM2
SIM3
SIM4
1
21
22
SIM5
SIM1
SIM2
SIM3
SIM4
1
21
22
SIM5
SIM1
SIM2
SIM3
SIM4
1
21
22
SIM5
SIM1
SIM2
SIM3
SIM4
1
21
22
SIM5
SIM1
SIM2
SIM3
SIM4
1
21
22
SIM5
SIM1
SIM2
SIM3
SIM4
1
21
22
SIM5
SIM1
SIM2
SIM3
SIM4
1
21
22
SIM5
SIM1
SIM2
SIM3
SIM4
1
21
22
SIM5
SIM1
SIM2
SIM3
SIM4
1
21
22
SIM5
SIM1
SIM2
SIM3
SIM4
1
21
22
SIM5
SIM1
SIM2
SIM3
SIM4
1
21
22
SIM5
SIM1
SIM2
SIM3
SIM4
1
21
22
SIM5
SIM1
SIM2
SIM3
SIM4
1
21
22
SIM5
SIM1
SIM2
SIM3
SIM4
1
21
22
SIM5
SIM1
SIM2
SIM3
SIM4
1
21
22
SIM5
SIM1
SIM2
SIM3
SIM4
1
21
22
SIM5
SIM1
SIM2
SIM3
SIM4
1
21
22
SIM5
SIM1
SIM2
SIM3
SIM4
1
21
22
SIM5
SIM1
SIM2
SIM3
SIM4
1
21
22
SIM5
SIM1
SIM2
SIM3
SIM4
1
21
22
SIM5
SIM1
SIM2
SIM3
SIM4
1
21
22
SIM5
SIM1
SIM2
SIM3
SIM4
1
21
22
SIM5
SIM1
SIM2
SIM3
SIM4
1
21
22
SIM5
SIM1
SIM2
SIM3
SIM4
1
21
22
SIM5
SIM1
SIM2
SIM3
SIM4
1
21
22
SIM5
SIM1
SIM2
SIM3
SIM4
1
21
22
SIM5
SIM1
SIM2
SIM3
SIM4
1
21
22
SIM5
SIM1
SIM2
SIM3
SIM4
1
21
22
SIM5
SIM1
SIM2
SIM3
SIM4
1
21
22
SIM5
SIM1
SIM2
SIM3
SIM4
1
21
22
SIM5
SIM1
SIM2
SIM3
SIM4
1
21
22
SIM5
SIM1
SIM2
SIM3
SIM4
1
21
22
SIM5
SIM1
SIM2
SIM3
SIM4
1
21
22
SIM5
SIM1
SIM2
SIM3
SIM4
1
21
22
SIM5
SIM1
SIM2
SIM3
SIM4
1
21
22
SIM5
SIM1
SIM2
SIM3
SIM4
1
21
22
SIM5
SIM1
SIM2
SIM3
SIM4
1
21
22
SIM5
SIM1
SIM2
SIM3
SIM4
1
21
22
SIM5
SIM1
SIM2
DEBUG 1 405
SIM1
SIM2
SIM3
SIM4
1
21
22
SIM5
SIM1
SIM2
SIM3
SIM4
1
21
22
SIM5
SIM1
SIM2
SIM3
SIM4
1
21
22
SIM5
SIM1
SIM2
SIM3
SIM4
1
21
22
SIM5
SIM1
SIM2
SIM3
SIM4
1
21
22
SIM5
SIM1
SIM2
SIM3
SIM4
1
21
22
SIM5
SIM1
SIM2
SIM3
SIM4
1
21
22
SIM5
SIM1
SIM2
SIM3
SIM4
1
21
22
SIM5
SIM1
SIM2
SIM3
SIM4
1
21
22
SIM5
SIM1
SIM2
SIM3
SIM4
1
21
22
SIM5
SIM1
SIM2
SIM3
SIM4
1
21
22
SIM5
SIM1
SIM2
SIM3
SIM4
1
21
22
SIM5
SIM1
SIM2
SIM3
SIM4
1
21
22
SIM5
SIM1
SIM2
SIM3
SIM4
1
21
22
SIM5
SIM1
SIM2
SIM3
SIM4
1
21
22
SIM5
SIM1
SIM2
SIM3
SIM4
1
21
22
SIM5
SIM1
SIM2
SIM3
SIM4
1
21
22
SIM5
SIM1
SIM2
SIM3
SIM4
1
21
22
SIM5
SIM1
SIM2
SIM3
SIM4
1
21
22
SIM5
SIM1
SIM2
SIM3
SIM4
1
21
22
SIM5
SIM1
SIM2
SIM3
SIM4
1
21
22
SIM5
SIM1
SIM2
SIM3
SIM4
1
21
22
SIM5
SIM1
SIM2
SIM3
SIM4
1
21
22
SIM5
SIM1
SIM2
SIM3
SIM4
1
21
22
SIM5
SIM1
SIM2
SIM3
SIM4
1
21
22
SIM5
SIM1
SIM2
SIM3
SIM4
1
21
22
SIM5
SIM1
SIM2
SIM3
SIM4
1
21
22
SIM5
SIM1
SIM2
SIM3
SIM4
1
21
22
SIM5
SIM1
SIM2
SIM3
SIM4
1
21
22
SIM5
SIM1
SIM2
SIM3
SIM4
1
21
22
SIM5
SIM1
SIM2
SIM3
SIM4
1
21
22
SIM5
SIM1
SIM2
SIM3
SIM4
1
21
22
SIM5
SIM1
SIM2
SIM3
SIM4
1
21
22
SIM5
SIM1
SIM2
SIM3
SIM4
1
21
22
SIM5
SIM1
SIM2
SIM3
SIM4
1
21
22
SIM5
SIM1
SIM2
SIM3
SIM4
1
21
22
SIM5
SIM1
SIM2
SIM3
SIM4
1
21
22
SIM5
SIM1
SIM2
SIM3
SIM4
1
21
22
SIM5
SIM1
SIM2
SIM3
SIM4
1
21
22
SIM5
SIM1
SIM2
SIM3
SIM4
1
21
22
SIM5
SIM1
SIM2
SIM3
SIM4
1
21
22
SIM5
SIM1
SIM2
SIM3
SIM4
1
21
22
SIM5
SIM1
SIM2
SIM3
SIM4
1
21
22
SIM5
SIM1
SIM2
SIM3
SIM4
1
21
22
SIM5
SIM1
SIM2
SIM3
SIM4
1
21
22
SIM5
SIM1
SIM2
SIM3
SIM4
1
21
22
SIM5
SIM1
SIM2
SIM3
SIM4
1
21
22
SIM5
SIM1
SIM2
SIM3
SIM4
1
21
22
SIM5
SIM1
SIM2
SIM3
SIM4
1
21
22
SIM5
SIM1
SIM2
SIM3
SIM4
1
21
22
SIM5
SIM1
SIM2
SIM3
SIM4
1
21
22
SIM5
SIM1
SIM2
SIM3
SIM4
1
21
22
SIM5
SIM1
SIM2
SIM3
SIM4
1
21
22
SIM5
SIM1
SIM2
SIM3
SIM4
1
21
22
SIM5
SIM1
SIM2
SIM3
SIM4
1
21
22
SIM5
SIM1
SIM2
SIM3
SIM4
1
21
22
SIM5
SIM1
SIM2
SIM3
SIM4
1
21
22
SIM5
SIM1
SIM2
SIM3
SIM4
1
21
22
SIM5
SIM1
SIM2
SIM3
SIM4
1
21
22
SIM5
SIM1
SIM2
SIM3
SIM4
1
21
22
SIM5
SIM1
SIM2
SIM3
SIM4
1
21
22
SIM5
SIM1
SIM2
SIM3
SIM4
1
21
22
SIM5
SIM1
SIM2
SIM3
SIM4
1
21
22
SIM5
SIM1
SIM2
SIM3
SIM4
1
21
22
SIM5
SIM1
SIM2
SIM3
SIM4
1
21
22
SIM5
SIM1
SIM2
SIM3
SIM4
1
21
22
SIM5
SIM1
SIM2
SIM3
SIM4
1
21
22
SIM5
SIM1
SIM2
SIM3
SIM4
1
21
22
SIM5
SIM1
SIM2
SIM3
SIM4
1
21
22
SIM5
SIM1
SIM2
SIM3
SIM4
1
21
22
SIM5
SIM1
SIM2
SIM3
SIM4
1
21
22
SIM5
SIM1
SIM2
SIM3
SIM4
1
21
22
SIM5
SIM1
SIM2
SIM3
SIM4
1
21
22
SIM5
SIM1
SIM2
SIM3
SIM4
1
21
22
SIM5
SIM1
SIM2
SIM3
SIM4
1
21
22
SIM5
SIM1
SIM2
SIM3
SIM4
1
21
22
SIM5
SIM1
SIM2
SIM3
SIM4
1
21
22
SIM5
SIM1
SIM2
SIM3
SIM4
1
21
22
SIM5
SIM1
SIM2
SIM3
SIM4
1
21
22
SIM5
SIM1
SIM2
SIM3
SIM4
1
21
22
SIM5
SIM1
SIM2
SIM3
SIM4
1
21
22
SIM5
SIM1
SIM2
SIM3
SIM4
1
21
22
SIM5
SIM1
SIM2
SIM3
SIM4
1
21
22
SIM5
SIM1
SIM2
SIM3
SIM4
1
21
22
SIM5
SIM1
SIM2
SIM3
SIM4
1
21
22
SIM5
SIM1
SIM2
SIM3
SIM4
1
21
22
SIM5
SIM1
SIM2
SIM3
SIM4
1
21
22
SIM5
SIM1
SIM2
SIM3
SIM4
1
21
22
SIM5
SIM1
SIM2
SIM3
SIM4
1
21
22
SIM5
SIM1
SIM2
SIM3
SIM4
1
21
22
SIM5
SIM1
SIM2
SIM3
SIM4
1
21
22
SIM5
SIM1
SIM2
SIM3
SIM4
1
21
22
SIM5
SIM1
SIM2
SIM3
SIM4
1
21
22
SIM5
SIM1
SIM2
SIM3
SIM4
1
21
22
SIM5
SIM1
SIM2
SIM3
SIM4
1
21
22
SIM5
SIM1
SIM2
SIM3
SIM4
1
21
22
SIM5
SIM1
SIM2
SIM3
SIM4
1
21
22
SIM5
SIM1
SIM2
SIM3
SIM4
1
21
22
SIM5
SIM1
SIM2
SIM3
SIM4
1
21
22
SIM5
SIM1
SIM2
SIM3
SIM4
1
21
22
SIM5
SIM1
SIM2
SIM3
SIM4
1
21
22
SIM5
SIM1
SIM2
SIM3
SIM4
1
21
22
SIM5
SIM1
SIM2
SIM3
SIM4
1
21
22
SIM5
SIM1
SIM2
SIM3
SIM4
1
21
22
SIM5
SIM1
SIM2
SIM3
SIM4
1
21
22
SIM5
SIM1
SIM2
SIM3
SIM4
1
21
22
SIM5
SIM1
SIM2
SIM3
SIM4
1
21
22
SIM5
SIM1
SIM2
SIM3
SIM4
1
21
22
SIM5
SIM1
SIM2
SIM3
SIM4
1
21
22
SIM5
SIM1
SIM2
SIM3
SIM4
1
21
22
SIM5
SIM1
SIM2
SIM3
SIM4
1
21
22
SIM5
SIM1
SIM2
SIM3
SIM4
1
21
22
SIM5
SIM1
SIM2
SIM3
SIM4
1
21
22
SIM5
SIM1
SIM2
SIM3
SIM4
1
21
22
SIM5
SIM1
SIM2
SIM3
SIM4
1
21
22
SIM5
SIM1
SIM2
SIM3
SIM4
1
21
22
SIM5
SIM1
SIM2
SIM3
SIM4
1
21
22
SIM5
SIM1
SIM2
SIM3
SIM4
1
21
22
SIM5
SIM1
SIM2
SIM3
SIM4
1
21
22
SIM5
SIM1
SIM2
SIM3
SIM4
1
21
22
SIM5
SIM1
SIM2
SIM3
SIM4
1
21
22
SIM5
SIM1
SIM2
SIM3
SIM4
1
21
22
SIM5
SIM1
SIM2
SIM3
SIM4
1
21
22
SIM5
SIM1
SIM2
SIM3
SIM4
1
21
22
SIM5
SIM1
SIM2
SIM3
SIM4
1
21
22
SIM5
SIM1
SIM2
SIM3
SIM4
1
21
22
SIM5
SIM1
SIM2
SIM3
SIM4
1
21
22
SIM5
SIM1
SIM2
SIM3
SIM4
1
21
22
SIM5
SIM1
SIM2
SIM3
SIM4
1
21
22
SIM5
SIM1
SIM2
SIM3
SIM4
1
21
22
SIM5
SIM1
SIM2
SIM3
SIM4
1
21
22
SIM5
SIM1
SIM2
SIM3
SIM4
1
21
22
SIM5
SIM1
SIM2
SIM3
SIM4
1
21
22
SIM5
SIM1
SIM2
SIM3
SIM4
1
21
22
SIM5
SIM1
SIM2
SIM3
SIM4
1
21
22
SIM5
SIM1
SIM2
SIM3
SIM4
1
21
22
SIM5
SIM1
SIM2
SIM3
SIM4
1
21
22
SIM5
SIM1
SIM2
SIM3
SIM4
1
21
22
SIM5
SIM1
SIM2
SIM3
SIM4
1
21
22
SIM5
SIM1
SIM2
SIM3
SIM4
1
21
22
SIM5
SIM1
SIM2
SIM3
SIM4
1
21
22
SIM5
SIM1
SIM2
SIM3
SIM4
1
21
22
SIM5
SIM1
SIM2
SIM3
SIM4
1
21
22
SIM5
SIM1
SIM2
SIM3
SIM4
1
21
22
SIM5
SIM1
SIM2
SIM3
SIM4
1
21
22
SIM5
SIM1
SIM2
SIM3
SIM4
1
21
22
SIM5
SIM1
SIM2
SIM3
SIM4
1
21
22
SIM5
SIM1
SIM2
SIM3
SIM4
1
21
22
SIM5
SIM1
SIM2
SIM3
SIM4
1
21
22
SIM5
SIM1
SIM2
SIM3
SIM4
1
21
22
SIM5
SIM1
SIM2
SIM3
SIM4
1
21
22
SIM5
SIM1
SIM2
SIM3
SIM4
1
21
22
SIM5
SIM1
SIM2
SIM3
SIM4
1
21
22
SIM5
SIM1
SIM2
SIM3
SIM4
1
21
22
SIM5
SIM1
SIM2
SIM3
SIM4
1
21
22
SIM5
SIM1
SIM2
SIM3
SIM4
1
21
22
SIM5
SIM1
SIM2
SIM3
SIM4
1
21
22
SIM5
SIM1
SIM2
SIM3
SIM4
1
21
22
SIM5
SIM1
SIM2
SIM3
SIM4
1
21
22
SIM5
SIM1
SIM2
SIM3
SIM4
1
21
22
SIM5
SIM1
SIM2
SIM3
SIM4
1
21
22
SIM5
SIM1
SIM2
SIM3
SIM4
1
21
22
SIM5
SIM1
SIM2
SIM3
SIM4
1
21
22
SIM5
SIM1
SIM2
SIM3
SIM4
1
21
22
SIM5
SIM1
SIM2
SIM3
SIM4
1
21
22
SIM5
SIM1
SIM2
SIM3
SIM4
1
21
22
SIM5
SIM1
SIM2
SIM3
SIM4
1
21
22
SIM5
SIM1
SIM2
SIM3
SIM4
1
21
22
SIM5
SIM1
SIM2
SIM3
SIM4
1
21
22
SIM5
SIM1
SIM2
SIM3
SIM4
1
21
22
SIM5
SIM1
SIM2
SIM3
SIM4
1
21
22
SIM5
SIM1
SIM2
SIM3
SIM4
1
21
22
SIM5
SIM1
SIM2
SIM3
SIM4
1
21
22
SIM5
SIM1
SIM2
SIM3
SIM4
1
21
22
SIM5
SIM1
SIM2
SIM3
SIM4
1
21
22
SIM5
SIM1
SIM2
SIM3
SIM4
1
21
22
SIM5
SIM1
SIM2
SIM3
SIM4
1
21
22
SIM5
SIM1
SIM2
SIM3
SIM4
1
21
22
SIM5
SIM1
SIM2
SIM3
SIM4
1
21
22
SIM5
SIM1
SIM2
SIM3
SIM4
1
21
22
SIM5
SIM1
SIM2
SIM3
SIM4
1
21
22
SIM5
SIM1
SIM2
SIM3
SIM4
1
21
22
SIM5
SIM1
SIM2
SIM3
SIM4
1
21
22
SIM5
SIM1
SIM2
SIM3
SIM4
1
21
22
SIM5
SIM1
SIM2
SIM3
SIM4
1
21
22
SIM5
SIM1
SIM2
SIM3
SIM4
1
21
22
SIM5
SIM1
SIM2
SIM3
SIM4
1
21
22
SIM5
SIM1
SIM2
SIM3
SIM4
1
21
22
SIM5
SIM1
SIM2
SIM3
SIM4
1
21
22
SIM5
SIM1
SIM2
SIM3
SIM4
1
21
22
SIM5
SIM1
SIM2
SIM3
SIM4
1
21
22
SIM5
SIM1
SIM2
SIM3
SIM4
1
21
22
SIM5
SIM1
SIM2
SIM3
SIM4
1
21
22
SIM5
SIM1
SIM2
SIM3
SIM4
1
21
22
SIM5
SIM1
SIM2
SIM3
SIM4
1
21
22
SIM5
SIM1
SIM2
SIM3
SIM4
1
21
22
SIM5
SIM1
SIM2
DEBUG 1 406
SIM1
SIM2
SIM3
SIM4
1
21
22
SIM5
SIM1
SIM2
SIM3
SIM4
1
21
22
SIM5
SIM1
SIM2
SIM3
SIM4
1
21
22
SIM5
SIM1
SIM2
SIM3
SIM4
1
21
22
SIM5
SIM1
SIM2
SIM3
SIM4
1
21
22
SIM5
SIM1
SIM2
SIM3
SIM4
1
21
22
SIM5
SIM1
SIM2
SIM3
SIM4
1
21
22
SIM5
SIM1
SIM2
SIM3
SIM4
1
21
22
SIM5
SIM1
SIM2
SIM3
SIM4
1
21
22
SIM5
SIM1
SIM2
SIM3
SIM4
1
21
22
SIM5
SIM1
SIM2
SIM3
SIM4
1
21
22
SIM5
SIM1
SIM2
SIM3
SIM4
1
21
22
SIM5
SIM1
SIM2
SIM3
SIM4
1
21
22
SIM5
SIM1
SIM2
SIM3
SIM4
1
21
22
SIM5
SIM1
SIM2
SIM3
SIM4
1
21
22
SIM5
SIM1
SIM2
SIM3
SIM4
1
21
22
SIM5
SIM1
SIM2
SIM3
SIM4
1
21
22
SIM5
SIM1
SIM2
SIM3
SIM4
1
21
22
SIM5
SIM1
SIM2
SIM3
SIM4
1
21
22
SIM5
SIM1
SIM2
SIM3
SIM4
1
21
22
SIM5
SIM1
SIM2
SIM3
SIM4
1
21
22
SIM5
SIM1
SIM2
SIM3
SIM4
1
21
22
SIM5
SIM1
SIM2
SIM3
SIM4
1
21
22
SIM5
SIM1
SIM2
SIM3
SIM4
1
21
22
SIM5
SIM1
SIM2
SIM3
SIM4
1
21
22
SIM5
SIM1
SIM2
SIM3
SIM4
1
21
22
SIM5
SIM1
SIM2
SIM3
SIM4
1
21
22
SIM5
SIM1
SIM2
SIM3
SIM4
1
21
22
SIM5
SIM1
SIM2
SIM3
SIM4
1
21
22
SIM5
SIM1
SIM2
SIM3
SIM4
1
21
22
SIM5
SIM1
SIM2
SIM3
SIM4
1
21
22
SIM5
SIM1
SIM2
SIM3
SIM4
1
21
22
SIM5
SIM1
SIM2
SIM3
SIM4
1
21
22
SIM5
SIM1
SIM2
SIM3
SIM4
1
21
22
SIM5
SIM1
SIM2
SIM3
SIM4
1
21
22
SIM5
SIM1
SIM2
SIM3
SIM4
1
21
22
SIM5
SIM1
SIM2
SIM3
SIM4
1
21
22
SIM5
SIM1
SIM2
SIM3
SIM4
1
21
22
SIM5
SIM1
SIM2
SIM3
SIM4
1
21
22
SIM5
SIM1
SIM2
SIM3
SIM4
1
21
22
SIM5
SIM1
SIM2
SIM3
SIM4
1
21
22
SIM5
SIM1
SIM2
SIM3
SIM4
1
21
22
SIM5
SIM1
SIM2
SIM3
SIM4
1
21
22
SIM5
SIM1
SIM2
SIM3
SIM4
1
21
22
SIM5
SIM1
SIM2
SIM3
SIM4
1
21
22
SIM5
SIM1
SIM2
SIM3
SIM4
1
21
22
SIM5
SIM1
SIM2
SIM3
SIM4
1
21
22
SIM5
SIM1
SIM2
SIM3
SIM4
1
21
22
SIM5
SIM1
SIM2
SIM3
SIM4
1
21
22
SIM5
SIM1
SIM2
SIM3
SIM4
1
21
22
SIM5
SIM1
SIM2
SIM3
SIM4
1
21
22
SIM5
SIM1
SIM2
SIM3
SIM4
1
21
22
SIM5
SIM1
SIM2
SIM3
SIM4
1
21
22
SIM5
SIM1
SIM2
SIM3
SIM4
1
21
22
SIM5
SIM1
SIM2
SIM3
SIM4
1
21
22
SIM5
SIM1
SIM2
SIM3
SIM4
1
21
22
SIM5
SIM1
SIM2
SIM3
SIM4
1
21
22
SIM5
SIM1
SIM2
SIM3
SIM4
1
21
22
SIM5
SIM1
SIM2
SIM3
SIM4
1
21
22
SIM5
SIM1
SIM2
SIM3
SIM4
1
21
22
SIM5
SIM1
SIM2
SIM3
SIM4
1
21
22
SIM5
SIM1
SIM2
SIM3
SIM4
1
21
22
SIM5
SIM1
SIM2
SIM3
SIM4
1
21
22
SIM5
SIM1
SIM2
SIM3
SIM4
1
21
22
SIM5
SIM1
SIM2
SIM3
SIM4
1
21
22
SIM5
SIM1
SIM2
SIM3
SIM4
1
21
22
SIM5
SIM1
SIM2
SIM3
SIM4
1
21
22
SIM5
SIM1
SIM2
SIM3
SIM4
1
21
22
SIM5
SIM1
SIM2
SIM3
SIM4
1
21
22
SIM5
SIM1
SIM2
SIM3
SIM4
1
21
22
SIM5
SIM1
SIM2
SIM3
SIM4
1
21
22
SIM5
SIM1
SIM2
SIM3
SIM4
1
21
22
SIM5
SIM1
SIM2
SIM3
SIM4
1
21
22
SIM5
SIM1
SIM2
SIM3
SIM4
1
21
22
SIM5
SIM1
SIM2
SIM3
SIM4
1
21
22
SIM5
SIM1
SIM2
SIM3
SIM4
1
21
22
SIM5
SIM1
SIM2
SIM3
SIM4
1
21
22
SIM5
SIM1
SIM2
SIM3
SIM4
1
21
22
SIM5
SIM1
SIM2
SIM3
SIM4
1
21
22
SIM5
SIM1
SIM2
SIM3
SIM4
1
21
22
SIM5
SIM1
SIM2
SIM3
SIM4
1
21
22
SIM5
SIM1
SIM2
SIM3
SIM4
1
21
22
SIM5
SIM1
SIM2
SIM3
SIM4
1
21
22
SIM5
SIM1
SIM2
SIM3
SIM4
1
21
22
SIM5
SIM1
SIM2
SIM3
SIM4
1
21
22
SIM5
SIM1
SIM2
SIM3
SIM4
1
21
22
SIM5
SIM1
SIM2
SIM3
SIM4
1
21
22
SIM5
SIM1
SIM2
SIM3
SIM4
1
21
22
SIM5
SIM1
SIM2
SIM3
SIM4
1
21
22
SIM5
SIM1
SIM2
SIM3
SIM4
1
21
22
SIM5
SIM1
SIM2
SIM3
SIM4
1
21
22
SIM5
SIM1
SIM2
SIM3
SIM4
1
21
22
SIM5
SIM1
SIM2
SIM3
SIM4
1
21
22
SIM5
SIM1
SIM2
SIM3
SIM4
1
21
22
SIM5
SIM1
SIM2
SIM3
SIM4
1
21
22
SIM5
SIM1
SIM2
SIM3
SIM4
1
21
22
SIM5
SIM1
SIM2
SIM3
SIM4
1
21
22
SIM5
SIM1
SIM2
SIM3
SIM4
1
21
22
SIM5
SIM1
SIM2
SIM3
SIM4
1
21
22
SIM5
SIM1
SIM2
SIM3
SIM4
1
21
22
SIM5
SIM1
SIM2
SIM3
SIM4
1
21
22
SIM5
SIM1
SIM2
SIM3
SIM4
1
21
22
SIM5
SIM1
SIM2
SIM3
SIM4
1
21
22
SIM5
SIM1
SIM2
SIM3
SIM4
1
21
22
SIM5
SIM1
SIM2
SIM3
SIM4
1
21
22
SIM5
SIM1
SIM2
SIM3
SIM4
1
21
22
SIM5
SIM1
SIM2
SIM3
SIM4
1
21
22
SIM5
SIM1
SIM2
SIM3
SIM4
1
21
22
SIM5
SIM1
SIM2
SIM3
SIM4
1
21
22
SIM5
SIM1
SIM2
SIM3
SIM4
1
21
22
SIM5
SIM1
SIM2
SIM3
SIM4
1
21
22
SIM5
SIM1
SIM2
SIM3
SIM4
1
21
22
SIM5
SIM1
SIM2
SIM3
SIM4
1
21
22
SIM5
SIM1
SIM2
SIM3
SIM4
1
21
22
SIM5
SIM1
SIM2
SIM3
SIM4
1
21
22
SIM5
SIM1
SIM2
SIM3
SIM4
1
21
22
SIM5
SIM1
SIM2
SIM3
SIM4
1
21
22
SIM5
SIM1
SIM2
SIM3
SIM4
1
21
22
SIM5
SIM1
SIM2
SIM3
SIM4
1
21
22
SIM5
SIM1
SIM2
SIM3
SIM4
1
21
22
SIM5
SIM1
SIM2
SIM3
SIM4
1
21
22
SIM5
SIM1
SIM2
SIM3
SIM4
1
21
22
SIM5
SIM1
SIM2
SIM3
SIM4
1
21
22
SIM5
SIM1
SIM2
SIM3
SIM4
1
21
22
SIM5
SIM1
SIM2
SIM3
SIM4
1
21
22
SIM5
SIM1
SIM2
SIM3
SIM4
1
21
22
SIM5
SIM1
SIM2
SIM3
SIM4
1
21
22
SIM5
SIM1
SIM2
SIM3
SIM4
1
21
22
SIM5
SIM1
SIM2
SIM3
SIM4
1
21
22
SIM5
SIM1
SIM2
SIM3
SIM4
1
21
22
SIM5
SIM1
SIM2
SIM3
SIM4
1
21
22
SIM5
SIM1
SIM2
SIM3
SIM4
1
21
22
SIM5
SIM1
SIM2
SIM3
SIM4
1
21
22
SIM5
SIM1
SIM2
SIM3
SIM4
1
21
22
SIM5
SIM1
SIM2
DEBUG 1 407
SIM1
SIM2
SIM3
SIM4
1
21
22
SIM5
SIM1
SIM2
SIM3
SIM4
1
21
22
SIM5
SIM1
SIM2
SIM3
SIM4
1
21
22
SIM5
SIM1
SIM2
SIM3
SIM4
1
21
22
SIM5
SIM1
SIM2
SIM3
SIM4
1
21
22
SIM5
SIM1
SIM2
SIM3
SIM4
1
21
22
SIM5
SIM1
SIM2
SIM3
SIM4
1
21
22
SIM5
SIM1
SIM2
SIM3
SIM4
1
21
22
SIM5
SIM1
SIM2
SIM3
SIM4
1
21
22
SIM5
SIM1
SIM2
SIM3
SIM4
1
21
22
SIM5
SIM1
SIM2
SIM3
SIM4
1
21
22
SIM5
SIM1
SIM2
SIM3
SIM4
1
21
22
SIM5
SIM1
SIM2
SIM3
SIM4
1
21
22
SIM5
SIM1
SIM2
SIM3
SIM4
1
21
22
SIM5
SIM1
SIM2
SIM3
SIM4
1
21
22
SIM5
SIM1
SIM2
SIM3
SIM4
1
21
22
SIM5
SIM1
SIM2
SIM3
SIM4
1
21
22
SIM5
SIM1
SIM2
SIM3
SIM4
1
21
22
SIM5
SIM1
SIM2
SIM3
SIM4
1
21
22
SIM5
SIM1
SIM2
SIM3
SIM4
1
21
22
SIM5
SIM1
SIM2
SIM3
SIM4
1
21
22
SIM5
SIM1
SIM2
SIM3
SIM4
1
21
22
SIM5
SIM1
SIM2
SIM3
SIM4
1
21
22
SIM5
SIM1
SIM2
SIM3
SIM4
1
21
22
SIM5
SIM1
SIM2
SIM3
SIM4
1
21
22
SIM5
SIM1
SIM2
SIM3
SIM4
1
21
22
SIM5
SIM1
SIM2
SIM3
SIM4
1
21
22
SIM5
SIM1
SIM2
SIM3
SIM4
1
21
22
SIM5
SIM1
SIM2
SIM3
SIM4
1
21
22
SIM5
SIM1
SIM2
SIM3
SIM4
1
21
22
SIM5
SIM1
SIM2
SIM3
SIM4
1
21
22
SIM5
SIM1
SIM2
SIM3
SIM4
1
21
22
SIM5
SIM1
SIM2
SIM3
SIM4
1
21
22
SIM5
SIM1
SIM2
SIM3
SIM4
1
21
22
SIM5
SIM1
SIM2
SIM3
SIM4
1
21
22
SIM5
SIM1
SIM2
SIM3
SIM4
1
21
22
SIM5
SIM1
SIM2
SIM3
SIM4
1
21
22
SIM5
SIM1
SIM2
SIM3
SIM4
1
21
22
SIM5
SIM1
SIM2
SIM3
SIM4
1
21
22
SIM5
SIM1
SIM2
SIM3
SIM4
1
21
22
SIM5
SIM1
SIM2
SIM3
SIM4
1
21
22
SIM5
SIM1
SIM2
SIM3
SIM4
1
21
22
SIM5
SIM1
SIM2
SIM3
SIM4
1
21
22
SIM5
SIM1
SIM2
SIM3
SIM4
1
21
22
SIM5
SIM1
SIM2
SIM3
SIM4
1
21
22
SIM5
SIM1
SIM2
SIM3
SIM4
1
21
22
SIM5
SIM1
SIM2
SIM3
SIM4
1
21
22
SIM5
SIM1
SIM2
SIM3
SIM4
1
21
22
SIM5
SIM1
SIM2
SIM3
SIM4
1
21
22
SIM5
SIM1
SIM2
SIM3
SIM4
1
21
22
SIM5
SIM1
SIM2
SIM3
SIM4
1
21
22
SIM5
SIM1
SIM2
SIM3
SIM4
1
21
22
SIM5
SIM1
SIM2
SIM3
SIM4
1
21
22
SIM5
SIM1
SIM2
SIM3
SIM4
1
21
22
SIM5
SIM1
SIM2
SIM3
SIM4
1
21
22
SIM5
SIM1
SIM2
SIM3
SIM4
1
21
22
SIM5
SIM1
SIM2
SIM3
SIM4
1
21
22
SIM5
SIM1
SIM2
SIM3
SIM4
1
21
22
SIM5
SIM1
SIM2
SIM3
SIM4
1
21
22
SIM5
SIM1
SIM2
SIM3
SIM4
1
21
22
SIM5
SIM1
SIM2
SIM3
SIM4
1
21
22
SIM5
SIM1
SIM2
SIM3
SIM4
1
21
22
SIM5
SIM1
SIM2
SIM3
SIM4
1
21
22
SIM5
SIM1
SIM2
SIM3
SIM4
1
21
22
SIM5
SIM1
SIM2
SIM3
SIM4
1
21
22
SIM5
SIM1
SIM2
SIM3
SIM4
1
21
22
SIM5
SIM1
SIM2
SIM3
SIM4
1
21
22
SIM5
SIM1
SIM2
SIM3
SIM4
1
21
22
SIM5
SIM1
SIM2
SIM3
SIM4
1
21
22
SIM5
SIM1
SIM2
SIM3
SIM4
1
21
22
SIM5
SIM1
SIM2
SIM3
SIM4
1
21
22
SIM5
SIM1
SIM2
SIM3
SIM4
1
21
22
SIM5
SIM1
SIM2
SIM3
SIM4
1
21
22
SIM5
SIM1
SIM2
SIM3
SIM4
1
21
22
SIM5
SIM1
SIM2
SIM3
SIM4
1
21
22
SIM5
SIM1
SIM2
SIM3
SIM4
1
21
22
SIM5
SIM1
SIM2
SIM3
SIM4
1
21
22
SIM5
SIM1
SIM2
SIM3
SIM4
1
21
22
SIM5
SIM1
SIM2
SIM3
SIM4
1
21
22
SIM5
SIM1
SIM2
SIM3
SIM4
1
21
22
SIM5
SIM1
SIM2
SIM3
SIM4
1
21
22
SIM5
SIM1
SIM2
SIM3
SIM4
1
21
22
SIM5
SIM1
SIM2
SIM3
SIM4
1
21
22
SIM5
SIM1
SIM2
SIM3
SIM4
1
21
22
SIM5
SIM1
SIM2
SIM3
SIM4
1
21
22
SIM5
SIM1
SIM2
SIM3
SIM4
1
21
22
SIM5
SIM1
SIM2
SIM3
SIM4
1
21
22
SIM5
SIM1
SIM2
SIM3
SIM4
1
21
22
SIM5
SIM1
SIM2
SIM3
SIM4
1
21
22
SIM5
SIM1
SIM2
SIM3
SIM4
1
21
22
SIM5
SIM1
SIM2
SIM3
SIM4
1
21
22
SIM5
SIM1
SIM2
SIM3
SIM4
1
21
22
SIM5
SIM1
SIM2
SIM3
SIM4
1
21
22
SIM5
SIM1
SIM2
SIM3
SIM4
1
21
22
SIM5
SIM1
SIM2
SIM3
SIM4
1
21
22
SIM5
SIM1
SIM2
SIM3
SIM4
1
21
22
SIM5
SIM1
SIM2
SIM3
SIM4
1
21
22
SIM5
SIM1
SIM2
SIM3
SIM4
1
21
22
SIM5
SIM1
SIM2
SIM3
SIM4
1
21
22
SIM5
SIM1
SIM2
SIM3
SIM4
1
21
22
SIM5
SIM1
SIM2
SIM3
SIM4
1
21
22
SIM5
SIM1
SIM2
SIM3
SIM4
1
21
22
SIM5
SIM1
SIM2
SIM3
SIM4
1
21
22
SIM5
SIM1
SIM2
SIM3
SIM4
1
21
22
SIM5
SIM1
SIM2
SIM3
SIM4
1
21
22
SIM5
SIM1
SIM2
SIM3
SIM4
1
21
22
SIM5
SIM1
SIM2
SIM3
SIM4
1
21
22
SIM5
SIM1
SIM2
SIM3
SIM4
1
21
22
SIM5
SIM1
SIM2
SIM3
SIM4
1
21
22
SIM5
SIM1
SIM2
SIM3
SIM4
1
21
22
SIM5
SIM1
SIM2
SIM3
SIM4
1
21
22
SIM5
SIM1
SIM2
SIM3
SIM4
1
21
22
SIM5
SIM1
SIM2
SIM3
SIM4
1
21
22
SIM5
SIM1
SIM2
SIM3
SIM4
1
21
22
SIM5
SIM1
SIM2
SIM3
SIM4
1
21
22
SIM5
SIM1
SIM2
SIM3
SIM4
1
21
22
SIM5
SIM1
SIM2
SIM3
SIM4
1
21
22
SIM5
SIM1
SIM2
SIM3
SIM4
1
21
22
SIM5
SIM1
SIM2
SIM3
SIM4
1
21
22
SIM5
SIM1
SIM2
SIM3
SIM4
1
21
22
SIM5
SIM1
SIM2
SIM3
SIM4
1
21
22
SIM5
SIM1
SIM2
SIM3
SIM4
1
21
22
SIM5
SIM1
SIM2
SIM3
SIM4
1
21
22
SIM5
SIM1
SIM2
SIM3
SIM4
1
21
22
SIM5
SIM1
SIM2
SIM3
SIM4
1
21
22
SIM5
SIM1
SIM2
SIM3
SIM4
1
21
22
SIM5
SIM1
SIM2
SIM3
SIM4
1
21
22
SIM5
SIM1
SIM2
SIM3
SIM4
1
21
22
SIM5
SIM1
SIM2
SIM3
SIM4
1
21
22
SIM5
SIM1
SIM2
SIM3
SIM4
1
21
22
SIM5
SIM1
SIM2
SIM3
SIM4
1
21
22
SIM5
SIM1
SIM2
SIM3
SIM4
1
21
22
SIM5
SIM1
SIM2
SIM3
SIM4
1
21
22
SIM5
SIM1
SIM2
SIM3
SIM4
1
21
22
SIM5
SIM1
SIM2
SIM3
SIM4
1
21
22
SIM5
SIM1
SIM2
SIM3
SIM4
1
21
22
SIM5
SIM1
SIM2
SIM3
SIM4
1
21
22
SIM5
SIM1
SIM2
SIM3
SIM4
1
21
22
SIM5
SIM1
SIM2
SIM3
SIM4
1
21
22
SIM5
SIM1
SIM2
SIM3
SIM4
1
21
22
SIM5
SIM1
SIM2
SIM3
SIM4
1
21
22
SIM5
SIM1
SIM2
SIM3
SIM4
1
21
22
SIM5
SIM1
SIM2
SIM3
SIM4
1
21
22
SIM5
SIM1
SIM2
SIM3
SIM4
1
21
22
SIM5
SIM1
SIM2
SIM3
SIM4
1
21
22
SIM5
SIM1
SIM2
SIM3
SIM4
1
21
22
SIM5
SIM1
SIM2
SIM3
SIM4
1
21
22
SIM5
SIM1
SIM2
SIM3
SIM4
1
21
22
SIM5
SIM1
SIM2
SIM3
SIM4
1
21
22
SIM5
SIM1
SIM2
SIM3
SIM4
1
21
22
SIM5
SIM1
SIM2
SIM3
SIM4
1
21
22
SIM5
SIM1
SIM2
SIM3
SIM4
1
21
22
SIM5
SIM1
SIM2
SIM3
SIM4
1
21
22
SIM5
SIM1
SIM2
SIM3
SIM4
1
21
22
SIM5
SIM1
SIM2
SIM3
SIM4
1
21
22
SIM5
SIM1
SIM2
SIM3
SIM4
1
21
22
SIM5
SIM1
SIM2
SIM3
SIM4
1
21
22
SIM5
SIM1
SIM2
SIM3
SIM4
1
21
22
SIM5
SIM1
SIM2
SIM3
SIM4
1
21
22
SIM5
SIM1
SIM2
SIM3
SIM4
1
21
22
SIM5
SIM1
SIM2
SIM3
SIM4
1
21
22
SIM5
SIM1
SIM2
SIM3
SIM4
1
21
22
SIM5
SIM1
SIM2
SIM3
SIM4
1
21
22
SIM5
SIM1
SIM2
SIM3
SIM4
1
21
22
SIM5
SIM1
SIM2
SIM3
SIM4
1
21
22
SIM5
SIM1
SIM2
SIM3
SIM4
1
21
22
SIM5
SIM1
SIM2
SIM3
SIM4
1
21
22
SIM5
SIM1
SIM2
SIM3
SIM4
1
21
22
SIM5
SIM1
SIM2
SIM3
SIM4
1
21
22
SIM5
SIM1
SIM2
SIM3
SIM4
1
21
22
SIM5
SIM1
SIM2
SIM3
SIM4
1
21
22
SIM5
SIM1
SIM2
SIM3
SIM4
1
21
22
SIM5
SIM1
SIM2
SIM3
SIM4
1
21
22
SIM5
SIM1
SIM2
SIM3
SIM4
1
21
22
SIM5
SIM1
SIM2
SIM3
SIM4
1
21
22
SIM5
SIM1
SIM2
SIM3
SIM4
1
21
22
SIM5
SIM1
SIM2
SIM3
SIM4
1
21
22
SIM5
SIM1
SIM2
SIM3
SIM4
1
21
22
SIM5
SIM1
SIM2
SIM3
SIM4
1
21
22
SIM5
SIM1
SIM2
SIM3
SIM4
1
21
22
SIM5
SIM1
SIM2
SIM3
SIM4
1
21
22
SIM5
SIM1
SIM2
SIM3
SIM4
1
21
22
SIM5
SIM1
SIM2
SIM3
SIM4
1
21
22
SIM5
SIM1
SIM2
SIM3
SIM4
1
21
22
SIM5
SIM1
SIM2
SIM3
SIM4
1
21
22
SIM5
SIM1
SIM2
SIM3
SIM4
1
21
22
SIM5
SIM1
SIM2
SIM3
SIM4
1
21
22
SIM5
SIM1
SIM2
SIM3
SIM4
1
21
22
SIM5
SIM1
SIM2
SIM3
SIM4
1
21
22
SIM5
SIM1
SIM2
SIM3
SIM4
1
21
22
SIM5
SIM1
SIM2
SIM3
SIM4
1
21
22
SIM5
SIM1
SIM2
SIM3
SIM4
1
21
22
SIM5
SIM1
SIM2
SIM3
SIM4
1
21
22
SIM5
SIM1
SIM2
SIM3
SIM4
1
21
22
SIM5
SIM1
SIM2
SIM3
SIM4
1
21
22
SIM5
SIM1
SIM2
SIM3
SIM4
1
21
22
SIM5
SIM1
SIM2
SIM3
SIM4
1
21
22
SIM5
SIM1
SIM2
SIM3
SIM4
1
21
22
SIM5
SIM1
SIM2
SIM3
SIM4
1
21
22
SIM5
SIM1
SIM2
SIM3
SIM4
1
21
22
SIM5
SIM1
SIM2
SIM3
SIM4
1
21
22
SIM5
SIM1
SIM2
SIM3
SIM4
1
21
22
SIM5
SIM1
SIM2
SIM3
SIM4
1
21
22
SIM5
SIM1
SIM2
SIM3
SIM4
1
21
22
SIM5
SIM1
SIM2
SIM3
SIM4
1
21
22
SIM5
SIM1
SIM2
SIM3
SIM4
1
21
22
SIM5
SIM1
SIM2
SIM3
SIM4
1
21
22
SIM5
SIM1
SIM2
SIM3
SIM4
1
21
22
SIM5
SIM1
SIM2
SIM3
SIM4
1
21
22
SIM5
SIM1
SIM2
SIM3
SIM4
1
21
22
SIM5
SIM1
SIM2
SIM3
SIM4
1
21
22
SIM5
SIM1
SIM2
SIM3
SIM4
1
21
22
SIM5
SIM1
SIM2
SIM3
SIM4
1
21
22
SIM5
SIM1
SIM2
SIM3
SIM4
1
21
22
SIM5
SIM1
SIM2
SIM3
SIM4
1
21
22
SIM5
SIM1
SIM2
SIM3
SIM4
1
21
22
SIM5
SIM1
SIM2
SIM3
SIM4
1
21
22
SIM5
SIM1
SIM2
SIM3
SIM4
1
21
22
SIM5
SIM1
SIM2
SIM3
SIM4
1
21
22
SIM5
SIM1
SIM2
SIM3
SIM4
1
21
22
SIM5
SIM1
SIM2
SIM3
SIM4
1
21
22
SIM5
SIM1
SIM2
SIM3
SIM4
1
21
22
SIM5
SIM1
SIM2
SIM3
SIM4
1
21
22
SIM5
SIM1
SIM2
SIM3
SIM4
1
21
22
SIM5
SIM1
SIM2
SIM3
SIM4
1
21
22
SIM5
SIM1
SIM2
SIM3
SIM4
1
21
22
SIM5
SIM1
SIM2
SIM3
SIM4
1
21
22
SIM5
SIM1
SIM2
SIM3
SIM4
1
21
22
SIM5
SIM1
SIM2
SIM3
SIM4
1
21
22
SIM5
SIM1
SIM2
SIM3
SIM4
1
21
22
SIM5
SIM1
SIM2
SIM3
SIM4
1
21
22
SIM5
SIM1
SIM2
SIM3
SIM4
1
21
22
SIM5
SIM1
SIM2
SIM3
SIM4
1
21
22
SIM5
SIM1
SIM2
SIM3
SIM4
1
21
22
SIM5
SIM1
SIM2
SIM3
SIM4
1
21
22
SIM5
SIM1
SIM2
SIM3
SIM4
1
21
22
SIM5
SIM1
SIM2
SIM3
SIM4
1
21
22
SIM5
SIM1
SIM2
SIM3
SIM4
1
21
22
SIM5
SIM1
SIM2
SIM3
SIM4
1
21
22
SIM5
SIM1
SIM2
SIM3
SIM4
1
21
22
SIM5
SIM1
SIM2
SIM3
SIM4
1
21
22
SIM5
SIM1
SIM2
DEBUG 1 408
SIM1
SIM2
SIM3
SIM4
1
21
22
SIM5
SIM1
SIM2
SIM3
SIM4
1
21
22
SIM5
SIM1
SIM2
SIM3
SIM4
1
21
22
SIM5
SIM1
SIM2
SIM3
SIM4
1
21
22
SIM5
SIM1
SIM2
SIM3
SIM4
1
21
22
SIM5
SIM1
SIM2
SIM3
SIM4
1
21
22
SIM5
SIM1
SIM2
SIM3
SIM4
1
21
22
SIM5
SIM1
SIM2
SIM3
SIM4
1
21
22
SIM5
SIM1
SIM2
SIM3
SIM4
1
21
22
SIM5
SIM1
SIM2
SIM3
SIM4
1
21
22
SIM5
SIM1
SIM2
SIM3
SIM4
1
21
22
SIM5
SIM1
SIM2
SIM3
SIM4
1
21
22
SIM5
SIM1
SIM2
SIM3
SIM4
1
21
22
SIM5
SIM1
SIM2
SIM3
SIM4
1
21
22
SIM5
SIM1
SIM2
SIM3
SIM4
1
21
22
SIM5
SIM1
SIM2
SIM3
SIM4
1
21
22
SIM5
SIM1
SIM2
SIM3
SIM4
1
21
22
SIM5
SIM1
SIM2
SIM3
SIM4
1
21
22
SIM5
SIM1
SIM2
SIM3
SIM4
1
21
22
SIM5
SIM1
SIM2
SIM3
SIM4
1
21
22
SIM5
SIM1
SIM2
SIM3
SIM4
1
21
22
SIM5
SIM1
SIM2
SIM3
SIM4
1
21
22
SIM5
SIM1
SIM2
SIM3
SIM4
1
21
22
SIM5
SIM1
SIM2
SIM3
SIM4
1
21
22
SIM5
SIM1
SIM2
SIM3
SIM4
1
21
22
SIM5
SIM1
SIM2
SIM3
SIM4
1
21
22
SIM5
SIM1
SIM2
SIM3
SIM4
1
21
22
SIM5
SIM1
SIM2
SIM3
SIM4
1
21
22
SIM5
SIM1
SIM2
SIM3
SIM4
1
21
22
SIM5
SIM1
SIM2
SIM3
SIM4
1
21
22
SIM5
SIM1
SIM2
SIM3
SIM4
1
21
22
SIM5
SIM1
SIM2
SIM3
SIM4
1
21
22
SIM5
SIM1
SIM2
SIM3
SIM4
1
21
22
SIM5
SIM1
SIM2
SIM3
SIM4
1
21
22
SIM5
SIM1
SIM2
SIM3
SIM4
1
21
22
SIM5
SIM1
SIM2
SIM3
SIM4
1
21
22
SIM5
SIM1
SIM2
SIM3
SIM4
1
21
22
SIM5
SIM1
SIM2
SIM3
SIM4
1
21
22
SIM5
SIM1
SIM2
SIM3
SIM4
1
21
22
SIM5
SIM1
SIM2
SIM3
SIM4
1
21
22
SIM5
SIM1
SIM2
SIM3
SIM4
1
21
22
SIM5
SIM1
SIM2
SIM3
SIM4
1
21
22
SIM5
SIM1
SIM2
SIM3
SIM4
1
21
22
SIM5
SIM1
SIM2
SIM3
SIM4
1
21
22
SIM5
SIM1
SIM2
SIM3
SIM4
1
21
22
SIM5
SIM1
SIM2
SIM3
SIM4
1
21
22
SIM5
SIM1
SIM2
SIM3
SIM4
1
21
22
SIM5
SIM1
SIM2
SIM3
SIM4
1
21
22
SIM5
SIM1
SIM2
SIM3
SIM4
1
21
22
SIM5
SIM1
SIM2
SIM3
SIM4
1
21
22
SIM5
SIM1
SIM2
SIM3
SIM4
1
21
22
SIM5
SIM1
SIM2
SIM3
SIM4
1
21
22
SIM5
SIM1
SIM2
SIM3
SIM4
1
21
22
SIM5
SIM1
SIM2
SIM3
SIM4
1
21
22
SIM5
SIM1
SIM2
SIM3
SIM4
1
21
22
SIM5
SIM1
SIM2
SIM3
SIM4
1
21
22
SIM5
SIM1
SIM2
SIM3
SIM4
1
21
22
SIM5
SIM1
SIM2
SIM3
SIM4
1
21
22
SIM5
SIM1
SIM2
SIM3
SIM4
1
21
22
SIM5
SIM1
SIM2
SIM3
SIM4
1
21
22
SIM5
SIM1
SIM2
SIM3
SIM4
1
21
22
SIM5
SIM1
SIM2
SIM3
SIM4
1
21
22
SIM5
SIM1
SIM2
SIM3
SIM4
1
21
22
SIM5
SIM1
SIM2
SIM3
SIM4
1
21
22
SIM5
SIM1
SIM2
SIM3
SIM4
1
21
22
SIM5
SIM1
SIM2
SIM3
SIM4
1
21
22
SIM5
SIM1
SIM2
SIM3
SIM4
1
21
22
SIM5
SIM1
SIM2
SIM3
SIM4
1
21
22
SIM5
SIM1
SIM2
SIM3
SIM4
1
21
22
SIM5
SIM1
SIM2
SIM3
SIM4
1
21
22
SIM5
SIM1
SIM2
SIM3
SIM4
1
21
22
SIM5
SIM1
SIM2
SIM3
SIM4
1
21
22
SIM5
SIM1
SIM2
SIM3
SIM4
1
21
22
SIM5
SIM1
SIM2
SIM3
SIM4
1
21
22
SIM5
SIM1
SIM2
SIM3
SIM4
1
21
22
SIM5
SIM1
SIM2
SIM3
SIM4
1
21
22
SIM5
SIM1
SIM2
SIM3
SIM4
1
21
22
SIM5
SIM1
SIM2
SIM3
SIM4
1
21
22
SIM5
SIM1
SIM2
SIM3
SIM4
1
21
22
SIM5
SIM1
SIM2
SIM3
SIM4
1
21
22
SIM5
SIM1
SIM2
SIM3
SIM4
1
21
22
SIM5
SIM1
SIM2
SIM3
SIM4
1
21
22
SIM5
SIM1
SIM2
SIM3
SIM4
1
21
22
SIM5
SIM1
SIM2
SIM3
SIM4
1
21
22
SIM5
SIM1
SIM2
SIM3
SIM4
1
21
22
SIM5
SIM1
SIM2
SIM3
SIM4
1
21
22
SIM5
SIM1
SIM2
SIM3
SIM4
1
21
22
SIM5
SIM1
SIM2
SIM3
SIM4
1
21
22
SIM5
SIM1
SIM2
SIM3
SIM4
1
21
22
SIM5
SIM1
SIM2
SIM3
SIM4
1
21
22
SIM5
SIM1
SIM2
SIM3
SIM4
1
21
22
SIM5
SIM1
SIM2
SIM3
SIM4
1
21
22
SIM5
SIM1
SIM2
SIM3
SIM4
1
21
22
SIM5
SIM1
SIM2
SIM3
SIM4
1
21
22
SIM5
SIM1
SIM2
SIM3
SIM4
1
21
22
SIM5
SIM1
SIM2
SIM3
SIM4
1
21
22
SIM5
SIM1
SIM2
SIM3
SIM4
1
21
22
SIM5
SIM1
SIM2
SIM3
SIM4
1
21
22
SIM5
SIM1
SIM2
SIM3
SIM4
1
21
22
SIM5
SIM1
SIM2
SIM3
SIM4
1
21
22
SIM5
SIM1
SIM2
SIM3
SIM4
1
21
22
SIM5
SIM1
SIM2
SIM3
SIM4
1
21
22
SIM5
SIM1
SIM2
SIM3
SIM4
1
21
22
SIM5
SIM1
SIM2
SIM3
SIM4
1
21
22
SIM5
SIM1
SIM2
SIM3
SIM4
1
21
22
SIM5
SIM1
SIM2
SIM3
SIM4
1
21
22
SIM5
SIM1
SIM2
SIM3
SIM4
1
21
22
SIM5
SIM1
SIM2
SIM3
SIM4
1
21
22
SIM5
SIM1
SIM2
SIM3
SIM4
1
21
22
SIM5
SIM1
SIM2
SIM3
SIM4
1
21
22
SIM5
SIM1
SIM2
SIM3
SIM4
1
21
22
SIM5
SIM1
SIM2
SIM3
SIM4
1
21
22
SIM5
SIM1
SIM2
SIM3
SIM4
1
21
22
SIM5
SIM1
SIM2
SIM3
SIM4
1
21
22
SIM5
SIM1
SIM2
SIM3
SIM4
1
21
22
SIM5
SIM1
SIM2
SIM3
SIM4
1
21
22
SIM5
SIM1
SIM2
SIM3
SIM4
1
21
22
SIM5
SIM1
SIM2
SIM3
SIM4
1
21
22
SIM5
SIM1
SIM2
SIM3
SIM4
1
21
22
SIM5
SIM1
SIM2
SIM3
SIM4
1
21
22
SIM5
SIM1
SIM2
SIM3
SIM4
1
21
22
SIM5
SIM1
SIM2
SIM3
SIM4
1
21
22
SIM5
SIM1
SIM2
SIM3
SIM4
1
21
22
SIM5
SIM1
SIM2
SIM3
SIM4
1
21
22
SIM5
SIM1
SIM2
SIM3
SIM4
1
21
22
SIM5
SIM1
SIM2
SIM3
SIM4
1
21
22
SIM5
SIM1
SIM2
SIM3
SIM4
1
21
22
SIM5
SIM1
SIM2
SIM3
SIM4
1
21
22
SIM5
SIM1
SIM2
SIM3
SIM4
1
21
22
SIM5
SIM1
SIM2
SIM3
SIM4
1
21
22
SIM5
SIM1
SIM2
SIM3
SIM4
1
21
22
SIM5
SIM1
SIM2
SIM3
SIM4
1
21
22
SIM5
SIM1
SIM2
SIM3
SIM4
1
21
22
SIM5
SIM1
SIM2
SIM3
SIM4
1
21
22
SIM5
SIM1
SIM2
SIM3
SIM4
1
21
22
SIM5
SIM1
SIM2
SIM3
SIM4
1
21
22
SIM5
SIM1
SIM2
SIM3
SIM4
1
21
22
SIM5
SIM1
SIM2
SIM3
SIM4
1
21
22
SIM5
SIM1
SIM2
SIM3
SIM4
1
21
22
SIM5
SIM1
SIM2
SIM3
SIM4
1
21
22
SIM5
SIM1
SIM2
SIM3
SIM4
1
21
22
SIM5
SIM1
SIM2
SIM3
SIM4
1
21
22
SIM5
SIM1
SIM2
SIM3
SIM4
1
21
22
SIM5
SIM1
SIM2
SIM3
SIM4
1
21
22
SIM5
SIM1
SIM2
SIM3
SIM4
1
21
22
SIM5
SIM1
SIM2
SIM3
SIM4
1
21
22
SIM5
SIM1
SIM2
SIM3
SIM4
1
21
22
SIM5
SIM1
SIM2
SIM3
SIM4
1
21
22
SIM5
SIM1
SIM2
SIM3
SIM4
1
21
22
SIM5
SIM1
SIM2
SIM3
SIM4
1
21
22
SIM5
SIM1
SIM2
SIM3
SIM4
1
21
22
SIM5
SIM1
SIM2
SIM3
SIM4
1
21
22
SIM5
SIM1
SIM2
SIM3
SIM4
1
21
22
SIM5
SIM1
SIM2
SIM3
SIM4
1
21
22
SIM5
SIM1
SIM2
SIM3
SIM4
1
21
22
SIM5
SIM1
SIM2
SIM3
SIM4
1
21
22
SIM5
SIM1
SIM2
SIM3
SIM4
1
21
22
SIM5
SIM1
SIM2
SIM3
SIM4
1
21
22
SIM5
SIM1
SIM2
SIM3
SIM4
1
21
22
SIM5
SIM1
SIM2
SIM3
SIM4
1
21
22
SIM5
SIM1
SIM2
SIM3
SIM4
1
21
22
SIM5
SIM1
SIM2
SIM3
SIM4
1
21
22
SIM5
SIM1
SIM2
SIM3
SIM4
1
21
22
SIM5
SIM1
SIM2
SIM3
SIM4
1
21
22
SIM5
SIM1
SIM2
SIM3
SIM4
1
21
22
SIM5
SIM1
SIM2
SIM3
SIM4
1
21
22
SIM5
SIM1
SIM2
SIM3
SIM4
1
21
22
SIM5
SIM1
SIM2
SIM3
SIM4
1
21
22
SIM5
SIM1
SIM2
SIM3
SIM4
1
21
22
SIM5
SIM1
SIM2
SIM3
SIM4
1
21
22
SIM5
SIM1
SIM2
SIM3
SIM4
1
21
22
SIM5
SIM1
SIM2
SIM3
SIM4
1
21
22
SIM5
SIM1
SIM2
SIM3
SIM4
1
21
22
SIM5
SIM1
SIM2
SIM3
SIM4
1
21
22
SIM5
SIM1
SIM2
SIM3
SIM4
1
21
22
SIM5
SIM1
SIM2
SIM3
SIM4
1
21
22
SIM5
SIM1
SIM2
SIM3
SIM4
1
21
22
SIM5
SIM1
SIM2
SIM3
SIM4
1
21
22
SIM5
SIM1
SIM2
SIM3
SIM4
1
21
22
SIM5
SIM1
SIM2
SIM3
SIM4
1
21
22
SIM5
SIM1
SIM2
SIM3
SIM4
1
21
22
SIM5
SIM1
SIM2
SIM3
SIM4
1
21
22
SIM5
SIM1
SIM2
SIM3
SIM4
1
21
22
SIM5
SIM1
SIM2
SIM3
SIM4
1
21
22
SIM5
SIM1
SIM2
SIM3
SIM4
1
21
22
SIM5
SIM1
SIM2
DEBUG 1 409
SIM1
SIM2
SIM3
SIM4
1
21
22
SIM5
SIM1
SIM2
SIM3
SIM4
1
21
22
SIM5
SIM1
SIM2
SIM3
SIM4
1
21
22
SIM5
SIM1
SIM2
SIM3
SIM4
1
21
22
SIM5
SIM1
SIM2
SIM3
SIM4
1
21
22
SIM5
SIM1
SIM2
SIM3
SIM4
1
21
22
SIM5
SIM1
SIM2
SIM3
SIM4
1
21
22
SIM5
SIM1
SIM2
SIM3
SIM4
1
21
22
SIM5
SIM1
SIM2
SIM3
SIM4
1
21
22
SIM5
SIM1
SIM2
SIM3
SIM4
1
21
22
SIM5
SIM1
SIM2
SIM3
SIM4
1
21
22
SIM5
SIM1
SIM2
SIM3
SIM4
1
21
22
SIM5
SIM1
SIM2
SIM3
SIM4
1
21
22
SIM5
SIM1
SIM2
SIM3
SIM4
1
21
22
SIM5
SIM1
SIM2
SIM3
SIM4
1
21
22
SIM5
SIM1
SIM2
SIM3
SIM4
1
21
22
SIM5
SIM1
SIM2
SIM3
SIM4
1
21
22
SIM5
SIM1
SIM2
SIM3
SIM4
1
21
22
SIM5
SIM1
SIM2
SIM3
SIM4
1
21
22
SIM5
SIM1
SIM2
SIM3
SIM4
1
21
22
SIM5
SIM1
SIM2
SIM3
SIM4
1
21
22
SIM5
SIM1
SIM2
SIM3
SIM4
1
21
22
SIM5
SIM1
SIM2
SIM3
SIM4
1
21
22
SIM5
SIM1
SIM2
SIM3
SIM4
1
21
22
SIM5
SIM1
SIM2
SIM3
SIM4
1
21
22
SIM5
SIM1
SIM2
SIM3
SIM4
1
21
22
SIM5
SIM1
SIM2
SIM3
SIM4
1
21
22
SIM5
SIM1
SIM2
SIM3
SIM4
1
21
22
SIM5
SIM1
SIM2
SIM3
SIM4
1
21
22
SIM5
SIM1
SIM2
SIM3
SIM4
1
21
22
SIM5
SIM1
SIM2
SIM3
SIM4
1
21
22
SIM5
SIM1
SIM2
SIM3
SIM4
1
21
22
SIM5
SIM1
SIM2
SIM3
SIM4
1
21
22
SIM5
SIM1
SIM2
SIM3
SIM4
1
21
22
SIM5
SIM1
SIM2
SIM3
SIM4
1
21
22
SIM5
SIM1
SIM2
SIM3
SIM4
1
21
22
SIM5
SIM1
SIM2
SIM3
SIM4
1
21
22
SIM5
SIM1
SIM2
SIM3
SIM4
1
21
22
SIM5
SIM1
SIM2
SIM3
SIM4
1
21
22
SIM5
SIM1
SIM2
SIM3
SIM4
1
21
22
SIM5
SIM1
SIM2
SIM3
SIM4
1
21
22
SIM5
SIM1
SIM2
SIM3
SIM4
1
21
22
SIM5
SIM1
SIM2
SIM3
SIM4
1
21
22
SIM5
SIM1
SIM2
SIM3
SIM4
1
21
22
SIM5
SIM1
SIM2
SIM3
SIM4
1
21
22
SIM5
SIM1
SIM2
SIM3
SIM4
1
21
22
SIM5
SIM1
SIM2
SIM3
SIM4
1
21
22
SIM5
SIM1
SIM2
SIM3
SIM4
1
21
22
SIM5
SIM1
SIM2
SIM3
SIM4
1
21
22
SIM5
SIM1
SIM2
SIM3
SIM4
1
21
22
SIM5
SIM1
SIM2
SIM3
SIM4
1
21
22
SIM5
SIM1
SIM2
SIM3
SIM4
1
21
22
SIM5
SIM1
SIM2
SIM3
SIM4
1
21
22
SIM5
SIM1
SIM2
SIM3
SIM4
1
21
22
SIM5
SIM1
SIM2
SIM3
SIM4
1
21
22
SIM5
SIM1
SIM2
SIM3
SIM4
1
21
22
SIM5
SIM1
SIM2
SIM3
SIM4
1
21
22
SIM5
SIM1
SIM2
SIM3
SIM4
1
21
22
SIM5
SIM1
SIM2
SIM3
SIM4
1
21
22
SIM5
SIM1
SIM2
SIM3
SIM4
1
21
22
SIM5
SIM1
SIM2
SIM3
SIM4
1
21
22
SIM5
SIM1
SIM2
SIM3
SIM4
1
21
22
SIM5
SIM1
SIM2
SIM3
SIM4
1
21
22
SIM5
SIM1
SIM2
SIM3
SIM4
1
21
22
SIM5
SIM1
SIM2
SIM3
SIM4
1
21
22
SIM5
SIM1
SIM2
SIM3
SIM4
1
21
22
SIM5
SIM1
SIM2
SIM3
SIM4
1
21
22
SIM5
SIM1
SIM2
SIM3
SIM4
1
21
22
SIM5
SIM1
SIM2
SIM3
SIM4
1
21
22
SIM5
SIM1
SIM2
SIM3
SIM4
1
21
22
SIM5
SIM1
SIM2
SIM3
SIM4
1
21
22
SIM5
SIM1
SIM2
SIM3
SIM4
1
21
22
SIM5
SIM1
SIM2
SIM3
SIM4
1
21
22
SIM5
SIM1
SIM2
SIM3
SIM4
1
21
22
SIM5
SIM1
SIM2
SIM3
SIM4
1
21
22
SIM5
SIM1
SIM2
SIM3
SIM4
1
21
22
SIM5
SIM1
SIM2
SIM3
SIM4
1
21
22
SIM5
SIM1
SIM2
SIM3
SIM4
1
21
22
SIM5
SIM1
SIM2
SIM3
SIM4
1
21
22
SIM5
SIM1
SIM2
SIM3
SIM4
1
21
22
SIM5
SIM1
SIM2
SIM3
SIM4
1
21
22
SIM5
SIM1
SIM2
SIM3
SIM4
1
21
22
SIM5
SIM1
SIM2
SIM3
SIM4
1
21
22
SIM5
SIM1
SIM2
SIM3
SIM4
1
21
22
SIM5
SIM1
SIM2
SIM3
SIM4
1
21
22
SIM5
SIM1
SIM2
SIM3
SIM4
1
21
22
SIM5
SIM1
SIM2
SIM3
SIM4
1
21
22
SIM5
SIM1
SIM2
SIM3
SIM4
1
21
22
SIM5
SIM1
SIM2
SIM3
SIM4
1
21
22
SIM5
SIM1
SIM2
SIM3
SIM4
1
21
22
SIM5
SIM1
SIM2
SIM3
SIM4
1
21
22
SIM5
SIM1
SIM2
SIM3
SIM4
1
21
22
SIM5
SIM1
SIM2
SIM3
SIM4
1
21
22
SIM5
SIM1
SIM2
SIM3
SIM4
1
21
22
SIM5
SIM1
SIM2
SIM3
SIM4
1
21
22
SIM5
SIM1
SIM2
SIM3
SIM4
1
21
22
SIM5
SIM1
SIM2
SIM3
SIM4
1
21
22
SIM5
SIM1
SIM2
SIM3
SIM4
1
21
22
SIM5
SIM1
SIM2
SIM3
SIM4
1
21
22
SIM5
SIM1
SIM2
SIM3
SIM4
1
21
22
SIM5
SIM1
SIM2
SIM3
SIM4
1
21
22
SIM5
SIM1
SIM2
SIM3
SIM4
1
21
22
SIM5
SIM1
SIM2
SIM3
SIM4
1
21
22
SIM5
SIM1
SIM2
SIM3
SIM4
1
21
22
SIM5
SIM1
SIM2
SIM3
SIM4
1
21
22
SIM5
SIM1
SIM2
SIM3
SIM4
1
21
22
SIM5
SIM1
SIM2
SIM3
SIM4
1
21
22
SIM5
SIM1
SIM2
SIM3
SIM4
1
21
22
SIM5
SIM1
SIM2
SIM3
SIM4
1
21
22
SIM5
SIM1
SIM2
SIM3
SIM4
1
21
22
SIM5
SIM1
SIM2
SIM3
SIM4
1
21
22
SIM5
SIM1
SIM2
SIM3
SIM4
1
21
22
SIM5
SIM1
SIM2
SIM3
SIM4
1
21
22
SIM5
SIM1
SIM2
SIM3
SIM4
1
21
22
SIM5
SIM1
SIM2
SIM3
SIM4
1
21
22
SIM5
SIM1
SIM2
SIM3
SIM4
1
21
22
SIM5
SIM1
SIM2
SIM3
SIM4
1
21
22
SIM5
SIM1
SIM2
SIM3
SIM4
1
21
22
SIM5
SIM1
SIM2
SIM3
SIM4
1
21
22
SIM5
SIM1
SIM2
SIM3
SIM4
1
21
22
SIM5
SIM1
SIM2
SIM3
SIM4
1
21
22
SIM5
SIM1
SIM2
SIM3
SIM4
1
21
22
SIM5
SIM1
SIM2
SIM3
SIM4
1
21
22
SIM5
SIM1
SIM2
SIM3
SIM4
1
21
22
SIM5
SIM1
SIM2
SIM3
SIM4
1
21
22
SIM5
SIM1
SIM2
SIM3
SIM4
1
21
22
SIM5
SIM1
SIM2
SIM3
SIM4
1
21
22
SIM5
SIM1
SIM2
SIM3
SIM4
1
21
22
SIM5
SIM1
SIM2
SIM3
SIM4
1
21
22
SIM5
SIM1
SIM2
SIM3
SIM4
1
21
22
SIM5
SIM1
SIM2
SIM3
SIM4
1
21
22
SIM5
SIM1
SIM2
SIM3
SIM4
1
21
22
SIM5
SIM1
SIM2
SIM3
SIM4
1
21
22
SIM5
SIM1
SIM2
SIM3
SIM4
1
21
22
SIM5
SIM1
SIM2
SIM3
SIM4
1
21
22
SIM5
SIM1
SIM2
SIM3
SIM4
1
21
22
SIM5
SIM1
SIM2
DEBUG 1 410
SIM1
SIM2
SIM3
SIM4
1
21
22
SIM5
SIM1
SIM2
SIM3
SIM4
1
21
22
SIM5
SIM1
SIM2
SIM3
SIM4
1
21
22
SIM5
SIM1
SIM2
SIM3
SIM4
1
21
22
SIM5
SIM1
SIM2
SIM3
SIM4
1
21
22
SIM5
SIM1
SIM2
SIM3
SIM4
1
21
22
SIM5
SIM1
SIM2
SIM3
SIM4
1
21
22
SIM5
SIM1
SIM2
SIM3
SIM4
1
21
22
SIM5
SIM1
SIM2
SIM3
SIM4
1
21
22
SIM5
SIM1
SIM2
SIM3
SIM4
1
21
22
SIM5
SIM1
SIM2
SIM3
SIM4
1
21
22
SIM5
SIM1
SIM2
SIM3
SIM4
1
21
22
SIM5
SIM1
SIM2
SIM3
SIM4
1
21
22
SIM5
SIM1
SIM2
SIM3
SIM4
1
21
22
SIM5
SIM1
SIM2
SIM3
SIM4
1
21
22
SIM5
SIM1
SIM2
SIM3
SIM4
1
21
22
SIM5
SIM1
SIM2
SIM3
SIM4
1
21
22
SIM5
SIM1
SIM2
SIM3
SIM4
1
21
22
SIM5
SIM1
SIM2
SIM3
SIM4
1
21
22
SIM5
SIM1
SIM2
SIM3
SIM4
1
21
22
SIM5
SIM1
SIM2
SIM3
SIM4
1
21
22
SIM5
SIM1
SIM2
SIM3
SIM4
1
21
22
SIM5
SIM1
SIM2
SIM3
SIM4
1
21
22
SIM5
SIM1
SIM2
SIM3
SIM4
1
21
22
SIM5
SIM1
SIM2
SIM3
SIM4
1
21
22
SIM5
SIM1
SIM2
SIM3
SIM4
1
21
22
SIM5
SIM1
SIM2
SIM3
SIM4
1
21
22
SIM5
SIM1
SIM2
SIM3
SIM4
1
21
22
SIM5
SIM1
SIM2
SIM3
SIM4
1
21
22
SIM5
SIM1
SIM2
SIM3
SIM4
1
21
22
SIM5
SIM1
SIM2
SIM3
SIM4
1
21
22
SIM5
SIM1
SIM2
SIM3
SIM4
1
21
22
SIM5
SIM1
SIM2
SIM3
SIM4
1
21
22
SIM5
SIM1
SIM2
SIM3
SIM4
1
21
22
SIM5
SIM1
SIM2
SIM3
SIM4
1
21
22
SIM5
SIM1
SIM2
SIM3
SIM4
1
21
22
SIM5
SIM1
SIM2
SIM3
SIM4
1
21
22
SIM5
SIM1
SIM2
SIM3
SIM4
1
21
22
SIM5
SIM1
SIM2
SIM3
SIM4
1
21
22
SIM5
SIM1
SIM2
SIM3
SIM4
1
21
22
SIM5
SIM1
SIM2
SIM3
SIM4
1
21
22
SIM5
SIM1
SIM2
SIM3
SIM4
1
21
22
SIM5
SIM1
SIM2
SIM3
SIM4
1
21
22
SIM5
SIM1
SIM2
SIM3
SIM4
1
21
22
SIM5
SIM1
SIM2
SIM3
SIM4
1
21
22
SIM5
SIM1
SIM2
SIM3
SIM4
1
21
22
SIM5
SIM1
SIM2
SIM3
SIM4
1
21
22
SIM5
SIM1
SIM2
SIM3
SIM4
1
21
22
SIM5
SIM1
SIM2
SIM3
SIM4
1
21
22
SIM5
SIM1
SIM2
SIM3
SIM4
1
21
22
SIM5
SIM1
SIM2
SIM3
SIM4
1
21
22
SIM5
SIM1
SIM2
SIM3
SIM4
1
21
22
SIM5
SIM1
SIM2
SIM3
SIM4
1
21
22
SIM5
SIM1
SIM2
SIM3
SIM4
1
21
22
SIM5
SIM1
SIM2
SIM3
SIM4
1
21
22
SIM5
SIM1
SIM2
SIM3
SIM4
1
21
22
SIM5
SIM1
SIM2
SIM3
SIM4
1
21
22
SIM5
SIM1
SIM2
SIM3
SIM4
1
21
22
SIM5
SIM1
SIM2
SIM3
SIM4
1
21
22
SIM5
SIM1
SIM2
SIM3
SIM4
1
21
22
SIM5
SIM1
SIM2
SIM3
SIM4
1
21
22
SIM5
SIM1
SIM2
SIM3
SIM4
1
21
22
SIM5
SIM1
SIM2
SIM3
SIM4
1
21
22
SIM5
SIM1
SIM2
SIM3
SIM4
1
21
22
SIM5
SIM1
SIM2
SIM3
SIM4
1
21
22
SIM5
SIM1
SIM2
SIM3
SIM4
1
21
22
SIM5
SIM1
SIM2
SIM3
SIM4
1
21
22
SIM5
SIM1
SIM2
SIM3
SIM4
1
21
22
SIM5
SIM1
SIM2
SIM3
SIM4
1
21
22
SIM5
SIM1
SIM2
SIM3
SIM4
1
21
22
SIM5
SIM1
SIM2
SIM3
SIM4
1
21
22
SIM5
SIM1
SIM2
SIM3
SIM4
1
21
22
SIM5
SIM1
SIM2
SIM3
SIM4
1
21
22
SIM5
SIM1
SIM2
SIM3
SIM4
1
21
22
SIM5
SIM1
SIM2
SIM3
SIM4
1
21
22
SIM5
SIM1
SIM2
SIM3
SIM4
1
21
22
SIM5
SIM1
SIM2
SIM3
SIM4
1
21
22
SIM5
SIM1
SIM2
SIM3
SIM4
1
21
22
SIM5
SIM1
SIM2
SIM3
SIM4
1
21
22
SIM5
SIM1
SIM2
SIM3
SIM4
1
21
22
SIM5
SIM1
SIM2
SIM3
SIM4
1
21
22
SIM5
SIM1
SIM2
SIM3
SIM4
1
21
22
SIM5
SIM1
SIM2
SIM3
SIM4
1
21
22
SIM5
SIM1
SIM2
SIM3
SIM4
1
21
22
SIM5
SIM1
SIM2
SIM3
SIM4
1
21
22
SIM5
SIM1
SIM2
SIM3
SIM4
1
21
22
SIM5
SIM1
SIM2
SIM3
SIM4
1
21
22
SIM5
SIM1
SIM2
SIM3
SIM4
1
21
22
SIM5
SIM1
SIM2
SIM3
SIM4
1
21
22
SIM5
SIM1
SIM2
SIM3
SIM4
1
21
22
SIM5
SIM1
SIM2
SIM3
SIM4
1
21
22
SIM5
SIM1
SIM2
SIM3
SIM4
1
21
22
SIM5
SIM1
SIM2
SIM3
SIM4
1
21
22
SIM5
SIM1
SIM2
SIM3
SIM4
1
21
22
SIM5
SIM1
SIM2
SIM3
SIM4
1
21
22
SIM5
SIM1
SIM2
SIM3
SIM4
1
21
22
SIM5
SIM1
SIM2
SIM3
SIM4
1
21
22
SIM5
SIM1
SIM2
SIM3
SIM4
1
21
22
SIM5
SIM1
SIM2
SIM3
SIM4
1
21
22
SIM5
SIM1
SIM2
SIM3
SIM4
1
21
22
SIM5
SIM1
SIM2
SIM3
SIM4
1
21
22
SIM5
SIM1
SIM2
SIM3
SIM4
1
21
22
SIM5
SIM1
SIM2
SIM3
SIM4
1
21
22
SIM5
SIM1
SIM2
SIM3
SIM4
1
21
22
SIM5
SIM1
SIM2
SIM3
SIM4
1
21
22
SIM5
SIM1
SIM2
SIM3
SIM4
1
21
22
SIM5
SIM1
SIM2
SIM3
SIM4
1
21
22
SIM5
SIM1
SIM2
SIM3
SIM4
1
21
22
SIM5
SIM1
SIM2
SIM3
SIM4
1
21
22
SIM5
SIM1
SIM2
SIM3
SIM4
1
21
22
SIM5
SIM1
SIM2
SIM3
SIM4
1
21
22
SIM5
SIM1
SIM2
SIM3
SIM4
1
21
22
SIM5
SIM1
SIM2
SIM3
SIM4
1
21
22
SIM5
SIM1
SIM2
SIM3
SIM4
1
21
22
SIM5
SIM1
SIM2
SIM3
SIM4
1
21
22
SIM5
SIM1
SIM2
SIM3
SIM4
1
21
22
SIM5
SIM1
SIM2
SIM3
SIM4
1
21
22
SIM5
SIM1
SIM2
SIM3
SIM4
1
21
22
SIM5
SIM1
SIM2
SIM3
SIM4
1
21
22
SIM5
SIM1
SIM2
SIM3
SIM4
1
21
22
SIM5
SIM1
SIM2
SIM3
SIM4
1
21
22
SIM5
SIM1
SIM2
SIM3
SIM4
1
21
22
SIM5
SIM1
SIM2
SIM3
SIM4
1
21
22
SIM5
SIM1
SIM2
SIM3
SIM4
1
21
22
SIM5
SIM1
SIM2
SIM3
SIM4
1
21
22
SIM5
SIM1
SIM2
SIM3
SIM4
1
21
22
SIM5
SIM1
SIM2
SIM3
SIM4
1
21
22
SIM5
SIM1
SIM2
SIM3
SIM4
1
21
22
SIM5
SIM1
SIM2
SIM3
SIM4
1
21
22
SIM5
SIM1
SIM2
SIM3
SIM4
1
21
22
SIM5
SIM1
SIM2
SIM3
SIM4
1
21
22
SIM5
SIM1
SIM2
SIM3
SIM4
1
21
22
SIM5
SIM1
SIM2
DEBUG 1 411
SIM1
SIM2
SIM3
SIM4
1
21
22
SIM5
SIM1
SIM2
SIM3
SIM4
1
21
22
SIM5
SIM1
SIM2
SIM3
SIM4
1
21
22
SIM5
SIM1
SIM2
SIM3
SIM4
1
21
22
SIM5
SIM1
SIM2
SIM3
SIM4
1
21
22
SIM5
SIM1
SIM2
SIM3
SIM4
1
21
22
SIM5
SIM1
SIM2
SIM3
SIM4
1
21
22
SIM5
SIM1
SIM2
SIM3
SIM4
1
21
22
SIM5
SIM1
SIM2
SIM3
SIM4
1
21
22
SIM5
SIM1
SIM2
SIM3
SIM4
1
21
22
SIM5
SIM1
SIM2
SIM3
SIM4
1
21
22
SIM5
SIM1
SIM2
SIM3
SIM4
1
21
22
SIM5
SIM1
SIM2
SIM3
SIM4
1
21
22
SIM5
SIM1
SIM2
SIM3
SIM4
1
21
22
SIM5
SIM1
SIM2
SIM3
SIM4
1
21
22
SIM5
SIM1
SIM2
SIM3
SIM4
1
21
22
SIM5
SIM1
SIM2
SIM3
SIM4
1
21
22
SIM5
SIM1
SIM2
SIM3
SIM4
1
21
22
SIM5
SIM1
SIM2
SIM3
SIM4
1
21
22
SIM5
SIM1
SIM2
SIM3
SIM4
1
21
22
SIM5
SIM1
SIM2
SIM3
SIM4
1
21
22
SIM5
SIM1
SIM2
SIM3
SIM4
1
21
22
SIM5
SIM1
SIM2
SIM3
SIM4
1
21
22
SIM5
SIM1
SIM2
SIM3
SIM4
1
21
22
SIM5
SIM1
SIM2
SIM3
SIM4
1
21
22
SIM5
SIM1
SIM2
SIM3
SIM4
1
21
22
SIM5
SIM1
SIM2
SIM3
SIM4
1
21
22
SIM5
SIM1
SIM2
SIM3
SIM4
1
21
22
SIM5
SIM1
SIM2
SIM3
SIM4
1
21
22
SIM5
SIM1
SIM2
SIM3
SIM4
1
21
22
SIM5
SIM1
SIM2
SIM3
SIM4
1
21
22
SIM5
SIM1
SIM2
SIM3
SIM4
1
21
22
SIM5
SIM1
SIM2
SIM3
SIM4
1
21
22
SIM5
SIM1
SIM2
SIM3
SIM4
1
21
22
SIM5
SIM1
SIM2
SIM3
SIM4
1
21
22
SIM5
SIM1
SIM2
SIM3
SIM4
1
21
22
SIM5
SIM1
SIM2
SIM3
SIM4
1
21
22
SIM5
SIM1
SIM2
SIM3
SIM4
1
21
22
SIM5
SIM1
SIM2
SIM3
SIM4
1
21
22
SIM5
SIM1
SIM2
SIM3
SIM4
1
21
22
SIM5
SIM1
SIM2
SIM3
SIM4
1
21
22
SIM5
SIM1
SIM2
SIM3
SIM4
1
21
22
SIM5
SIM1
SIM2
SIM3
SIM4
1
21
22
SIM5
SIM1
SIM2
SIM3
SIM4
1
21
22
SIM5
SIM1
SIM2
SIM3
SIM4
1
21
22
SIM5
SIM1
SIM2
SIM3
SIM4
1
21
22
SIM5
SIM1
SIM2
SIM3
SIM4
1
21
22
SIM5
SIM1
SIM2
SIM3
SIM4
1
21
22
SIM5
SIM1
SIM2
SIM3
SIM4
1
21
22
SIM5
SIM1
SIM2
SIM3
SIM4
1
21
22
SIM5
SIM1
SIM2
SIM3
SIM4
1
21
22
SIM5
SIM1
SIM2
SIM3
SIM4
1
21
22
SIM5
SIM1
SIM2
SIM3
SIM4
1
21
22
SIM5
SIM1
SIM2
SIM3
SIM4
1
21
22
SIM5
SIM1
SIM2
SIM3
SIM4
1
21
22
SIM5
SIM1
SIM2
SIM3
SIM4
1
21
22
SIM5
SIM1
SIM2
SIM3
SIM4
1
21
22
SIM5
SIM1
SIM2
SIM3
SIM4
1
21
22
SIM5
SIM1
SIM2
SIM3
SIM4
1
21
22
SIM5
SIM1
SIM2
SIM3
SIM4
1
21
22
SIM5
SIM1
SIM2
SIM3
SIM4
1
21
22
SIM5
SIM1
SIM2
SIM3
SIM4
1
21
22
SIM5
SIM1
SIM2
SIM3
SIM4
1
21
22
SIM5
SIM1
SIM2
SIM3
SIM4
1
21
22
SIM5
SIM1
SIM2
SIM3
SIM4
1
21
22
SIM5
SIM1
SIM2
SIM3
SIM4
1
21
22
SIM5
SIM1
SIM2
SIM3
SIM4
1
21
22
SIM5
SIM1
SIM2
SIM3
SIM4
1
21
22
SIM5
SIM1
SIM2
SIM3
SIM4
1
21
22
SIM5
SIM1
SIM2
SIM3
SIM4
1
21
22
SIM5
SIM1
SIM2
SIM3
SIM4
1
21
22
SIM5
SIM1
SIM2
SIM3
SIM4
1
21
22
SIM5
SIM1
SIM2
SIM3
SIM4
1
21
22
SIM5
SIM1
SIM2
SIM3
SIM4
1
21
22
SIM5
SIM1
SIM2
SIM3
SIM4
1
21
22
SIM5
SIM1
SIM2
SIM3
SIM4
1
21
22
SIM5
SIM1
SIM2
SIM3
SIM4
1
21
22
SIM5
SIM1
SIM2
SIM3
SIM4
1
21
22
SIM5
SIM1
SIM2
SIM3
SIM4
1
21
22
SIM5
SIM1
SIM2
SIM3
SIM4
1
21
22
SIM5
SIM1
SIM2
SIM3
SIM4
1
21
22
SIM5
SIM1
SIM2
SIM3
SIM4
1
21
22
SIM5
SIM1
SIM2
SIM3
SIM4
1
21
22
SIM5
SIM1
SIM2
SIM3
SIM4
1
21
22
SIM5
SIM1
SIM2
SIM3
SIM4
1
21
22
SIM5
SIM1
SIM2
SIM3
SIM4
1
21
22
SIM5
SIM1
SIM2
SIM3
SIM4
1
21
22
SIM5
SIM1
SIM2
SIM3
SIM4
1
21
22
SIM5
SIM1
SIM2
SIM3
SIM4
1
21
22
SIM5
SIM1
SIM2
SIM3
SIM4
1
21
22
SIM5
SIM1
SIM2
SIM3
SIM4
1
21
22
SIM5
SIM1
SIM2
SIM3
SIM4
1
21
22
SIM5
SIM1
SIM2
SIM3
SIM4
1
21
22
SIM5
SIM1
SIM2
SIM3
SIM4
1
21
22
SIM5
SIM1
SIM2
SIM3
SIM4
1
21
22
SIM5
SIM1
SIM2
SIM3
SIM4
1
21
22
SIM5
SIM1
SIM2
SIM3
SIM4
1
21
22
SIM5
SIM1
SIM2
SIM3
SIM4
1
21
22
SIM5
SIM1
SIM2
SIM3
SIM4
1
21
22
SIM5
SIM1
SIM2
SIM3
SIM4
1
21
22
SIM5
SIM1
SIM2
SIM3
SIM4
1
21
22
SIM5
SIM1
SIM2
SIM3
SIM4
1
21
22
SIM5
SIM1
SIM2
SIM3
SIM4
1
21
22
SIM5
SIM1
SIM2
SIM3
SIM4
1
21
22
SIM5
SIM1
SIM2
SIM3
SIM4
1
21
22
SIM5
SIM1
SIM2
SIM3
SIM4
1
21
22
SIM5
SIM1
SIM2
SIM3
SIM4
1
21
22
SIM5
SIM1
SIM2
SIM3
SIM4
1
21
22
SIM5
SIM1
SIM2
SIM3
SIM4
1
21
22
SIM5
SIM1
SIM2
SIM3
SIM4
1
21
22
SIM5
SIM1
SIM2
SIM3
SIM4
1
21
22
SIM5
SIM1
SIM2
SIM3
SIM4
1
21
22
SIM5
SIM1
SIM2
SIM3
SIM4
1
21
22
SIM5
SIM1
SIM2
SIM3
SIM4
1
21
22
SIM5
SIM1
SIM2
SIM3
SIM4
1
21
22
SIM5
SIM1
SIM2
SIM3
SIM4
1
21
22
SIM5
SIM1
SIM2
SIM3
SIM4
1
21
22
SIM5
SIM1
SIM2
SIM3
SIM4
1
21
22
SIM5
SIM1
SIM2
SIM3
SIM4
1
21
22
SIM5
SIM1
SIM2
SIM3
SIM4
1
21
22
SIM5
SIM1
SIM2
SIM3
SIM4
1
21
22
SIM5
SIM1
SIM2
SIM3
SIM4
1
21
22
SIM5
SIM1
SIM2
SIM3
SIM4
1
21
22
SIM5
SIM1
SIM2
SIM3
SIM4
1
21
22
SIM5
SIM1
SIM2
SIM3
SIM4
1
21
22
SIM5
SIM1
SIM2
SIM3
SIM4
1
21
22
SIM5
SIM1
SIM2
SIM3
SIM4
1
21
22
SIM5
SIM1
SIM2
SIM3
SIM4
1
21
22
SIM5
SIM1
SIM2
SIM3
SIM4
1
21
22
SIM5
SIM1
SIM2
SIM3
SIM4
1
21
22
SIM5
SIM1
SIM2
SIM3
SIM4
1
21
22
SIM5
SIM1
SIM2
SIM3
SIM4
1
21
22
SIM5
SIM1
SIM2
SIM3
SIM4
1
21
22
SIM5
SIM1
SIM2
SIM3
SIM4
1
21
22
SIM5
SIM1
SIM2
SIM3
SIM4
1
21
22
SIM5
SIM1
SIM2
SIM3
SIM4
1
21
22
SIM5
SIM1
SIM2
SIM3
SIM4
1
21
22
SIM5
SIM1
SIM2
SIM3
SIM4
1
21
22
SIM5
SIM1
SIM2
SIM3
SIM4
1
21
22
SIM5
SIM1
SIM2
SIM3
SIM4
1
21
22
SIM5
SIM1
SIM2
SIM3
SIM4
1
21
22
SIM5
SIM1
SIM2
SIM3
SIM4
1
21
22
SIM5
SIM1
SIM2
SIM3
SIM4
1
21
22
SIM5
SIM1
SIM2
SIM3
SIM4
1
21
22
SIM5
SIM1
SIM2
SIM3
SIM4
1
21
22
SIM5
SIM1
SIM2
SIM3
SIM4
1
21
22
SIM5
SIM1
SIM2
SIM3
SIM4
1
21
22
SIM5
SIM1
SIM2
SIM3
SIM4
1
21
22
SIM5
SIM1
SIM2
SIM3
SIM4
1
21
22
SIM5
SIM1
SIM2
SIM3
SIM4
1
21
22
SIM5
SIM1
SIM2
SIM3
SIM4
1
21
22
SIM5
SIM1
SIM2
SIM3
SIM4
1
21
22
SIM5
SIM1
SIM2
SIM3
SIM4
1
21
22
SIM5
SIM1
SIM2
SIM3
SIM4
1
21
22
SIM5
SIM1
SIM2
SIM3
SIM4
1
21
22
SIM5
SIM1
SIM2
DEBUG 1 412
SIM1
SIM2
SIM3
SIM4
1
21
22
SIM5
SIM1
SIM2
SIM3
SIM4
1
21
22
SIM5
SIM1
SIM2
SIM3
SIM4
1
21
22
SIM5
SIM1
SIM2
SIM3
SIM4
1
21
22
SIM5
SIM1
SIM2
SIM3
SIM4
1
21
22
SIM5
SIM1
SIM2
SIM3
SIM4
1
21
22
SIM5
SIM1
SIM2
SIM3
SIM4
1
21
22
SIM5
SIM1
SIM2
SIM3
SIM4
1
21
22
SIM5
SIM1
SIM2
SIM3
SIM4
1
21
22
SIM5
SIM1
SIM2
SIM3
SIM4
1
21
22
SIM5
SIM1
SIM2
SIM3
SIM4
1
21
22
SIM5
SIM1
SIM2
SIM3
SIM4
1
21
22
SIM5
SIM1
SIM2
SIM3
SIM4
1
21
22
SIM5
SIM1
SIM2
SIM3
SIM4
1
21
22
SIM5
SIM1
SIM2
SIM3
SIM4
1
21
22
SIM5
SIM1
SIM2
SIM3
SIM4
1
21
22
SIM5
SIM1
SIM2
SIM3
SIM4
1
21
22
SIM5
SIM1
SIM2
SIM3
SIM4
1
21
22
SIM5
SIM1
SIM2
SIM3
SIM4
1
21
22
SIM5
SIM1
SIM2
SIM3
SIM4
1
21
22
SIM5
SIM1
SIM2
SIM3
SIM4
1
21
22
SIM5
SIM1
SIM2
SIM3
SIM4
1
21
22
SIM5
SIM1
SIM2
SIM3
SIM4
1
21
22
SIM5
SIM1
SIM2
SIM3
SIM4
1
21
22
SIM5
SIM1
SIM2
SIM3
SIM4
1
21
22
SIM5
SIM1
SIM2
SIM3
SIM4
1
21
22
SIM5
SIM1
SIM2
SIM3
SIM4
1
21
22
SIM5
SIM1
SIM2
SIM3
SIM4
1
21
22
SIM5
SIM1
SIM2
SIM3
SIM4
1
21
22
SIM5
SIM1
SIM2
SIM3
SIM4
1
21
22
SIM5
SIM1
SIM2
SIM3
SIM4
1
21
22
SIM5
SIM1
SIM2
SIM3
SIM4
1
21
22
SIM5
SIM1
SIM2
SIM3
SIM4
1
21
22
SIM5
SIM1
SIM2
SIM3
SIM4
1
21
22
SIM5
SIM1
SIM2
SIM3
SIM4
1
21
22
SIM5
SIM1
SIM2
SIM3
SIM4
1
21
22
SIM5
SIM1
SIM2
SIM3
SIM4
1
21
22
SIM5
SIM1
SIM2
SIM3
SIM4
1
21
22
SIM5
SIM1
SIM2
SIM3
SIM4
1
21
22
SIM5
SIM1
SIM2
SIM3
SIM4
1
21
22
SIM5
SIM1
SIM2
SIM3
SIM4
1
21
22
SIM5
SIM1
SIM2
SIM3
SIM4
1
21
22
SIM5
SIM1
SIM2
SIM3
SIM4
1
21
22
SIM5
SIM1
SIM2
SIM3
SIM4
1
21
22
SIM5
SIM1
SIM2
SIM3
SIM4
1
21
22
SIM5
SIM1
SIM2
SIM3
SIM4
1
21
22
SIM5
SIM1
SIM2
SIM3
SIM4
1
21
22
SIM5
SIM1
SIM2
SIM3
SIM4
1
21
22
SIM5
SIM1
SIM2
SIM3
SIM4
1
21
22
SIM5
SIM1
SIM2
SIM3
SIM4
1
21
22
SIM5
SIM1
SIM2
SIM3
SIM4
1
21
22
SIM5
SIM1
SIM2
SIM3
SIM4
1
21
22
SIM5
SIM1
SIM2
SIM3
SIM4
1
21
22
SIM5
SIM1
SIM2
SIM3
SIM4
1
21
22
SIM5
SIM1
SIM2
SIM3
SIM4
1
21
22
SIM5
SIM1
SIM2
SIM3
SIM4
1
21
22
SIM5
SIM1
SIM2
SIM3
SIM4
1
21
22
SIM5
SIM1
SIM2
SIM3
SIM4
1
21
22
SIM5
SIM1
SIM2
SIM3
SIM4
1
21
22
SIM5
SIM1
SIM2
SIM3
SIM4
1
21
22
SIM5
SIM1
SIM2
SIM3
SIM4
1
21
22
SIM5
SIM1
SIM2
SIM3
SIM4
1
21
22
SIM5
SIM1
SIM2
SIM3
SIM4
1
21
22
SIM5
SIM1
SIM2
SIM3
SIM4
1
21
22
SIM5
SIM1
SIM2
SIM3
SIM4
1
21
22
SIM5
SIM1
SIM2
SIM3
SIM4
1
21
22
SIM5
SIM1
SIM2
SIM3
SIM4
1
21
22
SIM5
SIM1
SIM2
SIM3
SIM4
1
21
22
SIM5
SIM1
SIM2
SIM3
SIM4
1
21
22
SIM5
SIM1
SIM2
SIM3
SIM4
1
21
22
SIM5
SIM1
SIM2
SIM3
SIM4
1
21
22
SIM5
SIM1
SIM2
SIM3
SIM4
1
21
22
SIM5
SIM1
SIM2
SIM3
SIM4
1
21
22
SIM5
SIM1
SIM2
SIM3
SIM4
1
21
22
SIM5
SIM1
SIM2
SIM3
SIM4
1
21
22
SIM5
SIM1
SIM2
SIM3
SIM4
1
21
22
SIM5
SIM1
SIM2
SIM3
SIM4
1
21
22
SIM5
SIM1
SIM2
SIM3
SIM4
1
21
22
SIM5
SIM1
SIM2
SIM3
SIM4
1
21
22
SIM5
SIM1
SIM2
SIM3
SIM4
1
21
22
SIM5
SIM1
SIM2
SIM3
SIM4
1
21
22
SIM5
SIM1
SIM2
SIM3
SIM4
1
21
22
SIM5
SIM1
SIM2
SIM3
SIM4
1
21
22
SIM5
SIM1
SIM2
SIM3
SIM4
1
21
22
SIM5
SIM1
SIM2
SIM3
SIM4
1
21
22
SIM5
SIM1
SIM2
SIM3
SIM4
1
21
22
SIM5
SIM1
SIM2
SIM3
SIM4
1
21
22
SIM5
SIM1
SIM2
SIM3
SIM4
1
21
22
SIM5
SIM1
SIM2
SIM3
SIM4
1
21
22
SIM5
SIM1
SIM2
SIM3
SIM4
1
21
22
SIM5
SIM1
SIM2
SIM3
SIM4
1
21
22
SIM5
SIM1
SIM2
SIM3
SIM4
1
21
22
SIM5
SIM1
SIM2
SIM3
SIM4
1
21
22
SIM5
SIM1
SIM2
SIM3
SIM4
1
21
22
SIM5
SIM1
SIM2
SIM3
SIM4
1
21
22
SIM5
SIM1
SIM2
SIM3
SIM4
1
21
22
SIM5
SIM1
SIM2
SIM3
SIM4
1
21
22
SIM5
SIM1
SIM2
SIM3
SIM4
1
21
22
SIM5
SIM1
SIM2
SIM3
SIM4
1
21
22
SIM5
SIM1
SIM2
SIM3
SIM4
1
21
22
SIM5
SIM1
SIM2
SIM3
SIM4
1
21
22
SIM5
SIM1
SIM2
SIM3
SIM4
1
21
22
SIM5
SIM1
SIM2
SIM3
SIM4
1
21
22
SIM5
SIM1
SIM2
SIM3
SIM4
1
21
22
SIM5
SIM1
SIM2
SIM3
SIM4
1
21
22
SIM5
SIM1
SIM2
SIM3
SIM4
1
21
22
SIM5
SIM1
SIM2
SIM3
SIM4
1
21
22
SIM5
SIM1
SIM2
SIM3
SIM4
1
21
22
SIM5
SIM1
SIM2
SIM3
SIM4
1
21
22
SIM5
SIM1
SIM2
SIM3
SIM4
1
21
22
SIM5
SIM1
SIM2
SIM3
SIM4
1
21
22
SIM5
SIM1
SIM2
SIM3
SIM4
1
21
22
SIM5
SIM1
SIM2
SIM3
SIM4
1
21
22
SIM5
SIM1
SIM2
SIM3
SIM4
1
21
22
SIM5
SIM1
SIM2
SIM3
SIM4
1
21
22
SIM5
SIM1
SIM2
SIM3
SIM4
1
21
22
SIM5
SIM1
SIM2
SIM3
SIM4
1
21
22
SIM5
SIM1
SIM2
SIM3
SIM4
1
21
22
SIM5
SIM1
SIM2
DEBUG 1 413
SIM1
SIM2
SIM3
SIM4
1
21
22
SIM5
SIM1
SIM2
SIM3
SIM4
1
21
22
SIM5
SIM1
SIM2
SIM3
SIM4
1
21
22
SIM5
SIM1
SIM2
SIM3
SIM4
1
21
22
SIM5
SIM1
SIM2
SIM3
SIM4
1
21
22
SIM5
SIM1
SIM2
SIM3
SIM4
1
21
22
SIM5
SIM1
SIM2
SIM3
SIM4
1
21
22
SIM5
SIM1
SIM2
SIM3
SIM4
1
21
22
SIM5
SIM1
SIM2
SIM3
SIM4
1
21
22
SIM5
SIM1
SIM2
SIM3
SIM4
1
21
22
SIM5
SIM1
SIM2
SIM3
SIM4
1
21
22
SIM5
SIM1
SIM2
SIM3
SIM4
1
21
22
SIM5
SIM1
SIM2
SIM3
SIM4
1
21
22
SIM5
SIM1
SIM2
SIM3
SIM4
1
21
22
SIM5
SIM1
SIM2
SIM3
SIM4
1
21
22
SIM5
SIM1
SIM2
SIM3
SIM4
1
21
22
SIM5
SIM1
SIM2
SIM3
SIM4
1
21
22
SIM5
SIM1
SIM2
SIM3
SIM4
1
21
22
SIM5
SIM1
SIM2
SIM3
SIM4
1
21
22
SIM5
SIM1
SIM2
SIM3
SIM4
1
21
22
SIM5
SIM1
SIM2
SIM3
SIM4
1
21
22
SIM5
SIM1
SIM2
SIM3
SIM4
1
21
22
SIM5
SIM1
SIM2
SIM3
SIM4
1
21
22
SIM5
SIM1
SIM2
SIM3
SIM4
1
21
22
SIM5
SIM1
SIM2
SIM3
SIM4
1
21
22
SIM5
SIM1
SIM2
SIM3
SIM4
1
21
22
SIM5
SIM1
SIM2
SIM3
SIM4
1
21
22
SIM5
SIM1
SIM2
SIM3
SIM4
1
21
22
SIM5
SIM1
SIM2
SIM3
SIM4
1
21
22
SIM5
SIM1
SIM2
SIM3
SIM4
1
21
22
SIM5
SIM1
SIM2
SIM3
SIM4
1
21
22
SIM5
SIM1
SIM2
SIM3
SIM4
1
21
22
SIM5
SIM1
SIM2
SIM3
SIM4
1
21
22
SIM5
SIM1
SIM2
SIM3
SIM4
1
21
22
SIM5
SIM1
SIM2
SIM3
SIM4
1
21
22
SIM5
SIM1
SIM2
SIM3
SIM4
1
21
22
SIM5
SIM1
SIM2
SIM3
SIM4
1
21
22
SIM5
SIM1
SIM2
SIM3
SIM4
1
21
22
SIM5
SIM1
SIM2
SIM3
SIM4
1
21
22
SIM5
SIM1
SIM2
SIM3
SIM4
1
21
22
SIM5
SIM1
SIM2
SIM3
SIM4
1
21
22
SIM5
SIM1
SIM2
SIM3
SIM4
1
21
22
SIM5
SIM1
SIM2
SIM3
SIM4
1
21
22
SIM5
SIM1
SIM2
SIM3
SIM4
1
21
22
SIM5
SIM1
SIM2
SIM3
SIM4
1
21
22
SIM5
SIM1
SIM2
SIM3
SIM4
1
21
22
SIM5
SIM1
SIM2
SIM3
SIM4
1
21
22
SIM5
SIM1
SIM2
SIM3
SIM4
1
21
22
SIM5
SIM1
SIM2
SIM3
SIM4
1
21
22
SIM5
SIM1
SIM2
SIM3
SIM4
1
21
22
SIM5
SIM1
SIM2
SIM3
SIM4
1
21
22
SIM5
SIM1
SIM2
SIM3
SIM4
1
21
22
SIM5
SIM1
SIM2
SIM3
SIM4
1
21
22
SIM5
SIM1
SIM2
SIM3
SIM4
1
21
22
SIM5
SIM1
SIM2
SIM3
SIM4
1
21
22
SIM5
SIM1
SIM2
SIM3
SIM4
1
21
22
SIM5
SIM1
SIM2
SIM3
SIM4
1
21
22
SIM5
SIM1
SIM2
SIM3
SIM4
1
21
22
SIM5
SIM1
SIM2
SIM3
SIM4
1
21
22
SIM5
SIM1
SIM2
SIM3
SIM4
1
21
22
SIM5
SIM1
SIM2
SIM3
SIM4
1
21
22
SIM5
SIM1
SIM2
SIM3
SIM4
1
21
22
SIM5
SIM1
SIM2
SIM3
SIM4
1
21
22
SIM5
SIM1
SIM2
SIM3
SIM4
1
21
22
SIM5
SIM1
SIM2
SIM3
SIM4
1
21
22
SIM5
SIM1
SIM2
SIM3
SIM4
1
21
22
SIM5
SIM1
SIM2
SIM3
SIM4
1
21
22
SIM5
SIM1
SIM2
SIM3
SIM4
1
21
22
SIM5
SIM1
SIM2
SIM3
SIM4
1
21
22
SIM5
SIM1
SIM2
SIM3
SIM4
1
21
22
SIM5
SIM1
SIM2
SIM3
SIM4
1
21
22
SIM5
SIM1
SIM2
SIM3
SIM4
1
21
22
SIM5
SIM1
SIM2
SIM3
SIM4
1
21
22
SIM5
SIM1
SIM2
SIM3
SIM4
1
21
22
SIM5
SIM1
SIM2
SIM3
SIM4
1
21
22
SIM5
SIM1
SIM2
SIM3
SIM4
1
21
22
SIM5
SIM1
SIM2
SIM3
SIM4
1
21
22
SIM5
SIM1
SIM2
SIM3
SIM4
1
21
22
SIM5
SIM1
SIM2
SIM3
SIM4
1
21
22
SIM5
SIM1
SIM2
SIM3
SIM4
1
21
22
SIM5
SIM1
SIM2
SIM3
SIM4
1
21
22
SIM5
SIM1
SIM2
SIM3
SIM4
1
21
22
SIM5
SIM1
SIM2
SIM3
SIM4
1
21
22
SIM5
SIM1
SIM2
SIM3
SIM4
1
21
22
SIM5
SIM1
SIM2
SIM3
SIM4
1
21
22
SIM5
SIM1
SIM2
SIM3
SIM4
1
21
22
SIM5
SIM1
SIM2
SIM3
SIM4
1
21
22
SIM5
SIM1
SIM2
SIM3
SIM4
1
21
22
SIM5
SIM1
SIM2
SIM3
SIM4
1
21
22
SIM5
SIM1
SIM2
SIM3
SIM4
1
21
22
SIM5
SIM1
SIM2
SIM3
SIM4
1
21
22
SIM5
SIM1
SIM2
SIM3
SIM4
1
21
22
SIM5
SIM1
SIM2
SIM3
SIM4
1
21
22
SIM5
SIM1
SIM2
SIM3
SIM4
1
21
22
SIM5
SIM1
SIM2
SIM3
SIM4
1
21
22
SIM5
SIM1
SIM2
SIM3
SIM4
1
21
22
SIM5
SIM1
SIM2
SIM3
SIM4
1
21
22
SIM5
SIM1
SIM2
SIM3
SIM4
1
21
22
SIM5
SIM1
SIM2
SIM3
SIM4
1
21
22
SIM5
SIM1
SIM2
SIM3
SIM4
1
21
22
SIM5
SIM1
SIM2
SIM3
SIM4
1
21
22
SIM5
SIM1
SIM2
SIM3
SIM4
1
21
22
SIM5
SIM1
SIM2
SIM3
SIM4
1
21
22
SIM5
SIM1
SIM2
SIM3
SIM4
1
21
22
SIM5
SIM1
SIM2
SIM3
SIM4
1
21
22
SIM5
SIM1
SIM2
SIM3
SIM4
1
21
22
SIM5
SIM1
SIM2
SIM3
SIM4
1
21
22
SIM5
SIM1
SIM2
SIM3
SIM4
1
21
22
SIM5
SIM1
SIM2
SIM3
SIM4
1
21
22
SIM5
SIM1
SIM2
SIM3
SIM4
1
21
22
SIM5
SIM1
SIM2
SIM3
SIM4
1
21
22
SIM5
SIM1
SIM2
SIM3
SIM4
1
21
22
SIM5
SIM1
SIM2
SIM3
SIM4
1
21
22
SIM5
SIM1
SIM2
SIM3
SIM4
1
21
22
SIM5
SIM1
SIM2
SIM3
SIM4
1
21
22
SIM5
SIM1
SIM2
SIM3
SIM4
1
21
22
SIM5
SIM1
SIM2
SIM3
SIM4
1
21
22
SIM5
SIM1
SIM2
SIM3
SIM4
1
21
22
SIM5
SIM1
SIM2
SIM3
SIM4
1
21
22
SIM5
SIM1
SIM2
SIM3
SIM4
1
21
22
SIM5
SIM1
SIM2
SIM3
SIM4
1
21
22
SIM5
SIM1
SIM2
SIM3
SIM4
1
21
22
SIM5
SIM1
SIM2
SIM3
SIM4
1
21
22
SIM5
SIM1
SIM2
SIM3
SIM4
1
21
22
SIM5
SIM1
SIM2
SIM3
SIM4
1
21
22
SIM5
SIM1
SIM2
SIM3
SIM4
1
21
22
SIM5
SIM1
SIM2
SIM3
SIM4
1
21
22
SIM5
SIM1
SIM2
SIM3
SIM4
1
21
22
SIM5
SIM1
SIM2
SIM3
SIM4
1
21
22
SIM5
SIM1
SIM2
SIM3
SIM4
1
21
22
SIM5
SIM1
SIM2
SIM3
SIM4
1
21
22
SIM5
SIM1
SIM2
SIM3
SIM4
1
21
22
SIM5
SIM1
SIM2
SIM3
SIM4
1
21
22
SIM5
SIM1
SIM2
SIM3
SIM4
1
21
22
SIM5
SIM1
SIM2
SIM3
SIM4
1
21
22
SIM5
SIM1
SIM2
SIM3
SIM4
1
21
22
SIM5
SIM1
SIM2
SIM3
SIM4
1
21
22
SIM5
SIM1
SIM2
SIM3
SIM4
1
21
22
SIM5
SIM1
SIM2
SIM3
SIM4
1
21
22
SIM5
SIM1
SIM2
SIM3
SIM4
1
21
22
SIM5
SIM1
SIM2
SIM3
SIM4
1
21
22
SIM5
SIM1
SIM2
SIM3
SIM4
1
21
22
SIM5
SIM1
SIM2
SIM3
SIM4
1
21
22
SIM5
SIM1
SIM2
SIM3
SIM4
1
21
22
SIM5
SIM1
SIM2
SIM3
SIM4
1
21
22
SIM5
SIM1
SIM2
SIM3
SIM4
1
21
22
SIM5
SIM1
SIM2
SIM3
SIM4
1
21
22
SIM5
SIM1
SIM2
SIM3
SIM4
1
21
22
SIM5
SIM1
SIM2
SIM3
SIM4
1
21
22
SIM5
SIM1
SIM2
SIM3
SIM4
1
21
22
SIM5
SIM1
SIM2
SIM3
SIM4
1
21
22
SIM5
SIM1
SIM2
SIM3
SIM4
1
21
22
SIM5
SIM1
SIM2
SIM3
SIM4
1
21
22
SIM5
SIM1
SIM2
SIM3
SIM4
1
21
22
SIM5
SIM1
SIM2
SIM3
SIM4
1
21
22
SIM5
SIM1
SIM2
SIM3
SIM4
1
21
22
SIM5
SIM1
SIM2
SIM3
SIM4
1
21
22
SIM5
SIM1
SIM2
SIM3
SIM4
1
21
22
SIM5
SIM1
SIM2
SIM3
SIM4
1
21
22
SIM5
SIM1
SIM2
SIM3
SIM4
1
21
22
SIM5
SIM1
SIM2
SIM3
SIM4
1
21
22
SIM5
SIM1
SIM2
SIM3
SIM4
1
21
22
SIM5
SIM1
SIM2
SIM3
SIM4
1
21
22
SIM5
SIM1
SIM2
SIM3
SIM4
1
21
22
SIM5
SIM1
SIM2
SIM3
SIM4
1
21
22
SIM5
SIM1
SIM2
SIM3
SIM4
1
21
22
SIM5
SIM1
SIM2
SIM3
SIM4
1
21
22
SIM5
SIM1
SIM2
SIM3
SIM4
1
21
22
SIM5
SIM1
SIM2
SIM3
SIM4
1
21
22
SIM5
SIM1
SIM2
SIM3
SIM4
1
21
22
SIM5
SIM1
SIM2
SIM3
SIM4
1
21
22
SIM5
SIM1
SIM2
SIM3
SIM4
1
21
22
SIM5
SIM1
SIM2
SIM3
SIM4
1
21
22
SIM5
SIM1
SIM2
SIM3
SIM4
1
21
22
SIM5
SIM1
SIM2
SIM3
SIM4
1
21
22
SIM5
SIM1
SIM2
SIM3
SIM4
1
21
22
SIM5
SIM1
SIM2
SIM3
SIM4
1
21
22
SIM5
SIM1
SIM2
SIM3
SIM4
1
21
22
SIM5
SIM1
SIM2
SIM3
SIM4
1
21
22
SIM5
SIM1
SIM2
SIM3
SIM4
1
21
22
SIM5
SIM1
SIM2
SIM3
SIM4
1
21
22
SIM5
SIM1
SIM2
SIM3
SIM4
1
21
22
SIM5
SIM1
SIM2
SIM3
SIM4
1
21
22
SIM5
SIM1
SIM2
SIM3
SIM4
1
21
22
SIM5
SIM1
SIM2
SIM3
SIM4
1
21
22
SIM5
SIM1
SIM2
SIM3
SIM4
1
21
22
SIM5
SIM1
SIM2
SIM3
SIM4
1
21
22
SIM5
SIM1
SIM2
SIM3
SIM4
1
21
22
SIM5
SIM1
SIM2
SIM3
SIM4
1
21
22
SIM5
SIM1
SIM2
SIM3
SIM4
1
21
22
SIM5
SIM1
SIM2
SIM3
SIM4
1
21
22
SIM5
SIM1
SIM2
SIM3
SIM4
1
21
22
SIM5
SIM1
SIM2
SIM3
SIM4
1
21
22
SIM5
SIM1
SIM2
SIM3
SIM4
1
21
22
SIM5
SIM1
SIM2
SIM3
SIM4
1
21
22
SIM5
SIM1
SIM2
SIM3
SIM4
1
21
22
SIM5
SIM1
SIM2
SIM3
SIM4
1
21
22
SIM5
SIM1
SIM2
SIM3
SIM4
1
21
22
SIM5
SIM1
SIM2
DEBUG 1 414
SIM1
SIM2
SIM3
SIM4
1
21
22
SIM5
SIM1
SIM2
SIM3
SIM4
1
21
22
SIM5
SIM1
SIM2
SIM3
SIM4
1
21
22
SIM5
SIM1
SIM2
SIM3
SIM4
1
21
22
SIM5
SIM1
SIM2
SIM3
SIM4
1
21
22
SIM5
SIM1
SIM2
SIM3
SIM4
1
21
22
SIM5
SIM1
SIM2
SIM3
SIM4
1
21
22
SIM5
SIM1
SIM2
SIM3
SIM4
1
21
22
SIM5
SIM1
SIM2
SIM3
SIM4
1
21
22
SIM5
SIM1
SIM2
SIM3
SIM4
1
21
22
SIM5
SIM1
SIM2
SIM3
SIM4
1
21
22
SIM5
SIM1
SIM2
SIM3
SIM4
1
21
22
SIM5
SIM1
SIM2
SIM3
SIM4
1
21
22
SIM5
SIM1
SIM2
SIM3
SIM4
1
21
22
SIM5
SIM1
SIM2
SIM3
SIM4
1
21
22
SIM5
SIM1
SIM2
SIM3
SIM4
1
21
22
SIM5
SIM1
SIM2
SIM3
SIM4
1
21
22
SIM5
SIM1
SIM2
SIM3
SIM4
1
21
22
SIM5
SIM1
SIM2
SIM3
SIM4
1
21
22
SIM5
SIM1
SIM2
SIM3
SIM4
1
21
22
SIM5
SIM1
SIM2
SIM3
SIM4
1
21
22
SIM5
SIM1
SIM2
SIM3
SIM4
1
21
22
SIM5
SIM1
SIM2
SIM3
SIM4
1
21
22
SIM5
SIM1
SIM2
SIM3
SIM4
1
21
22
SIM5
SIM1
SIM2
SIM3
SIM4
1
21
22
SIM5
SIM1
SIM2
SIM3
SIM4
1
21
22
SIM5
SIM1
SIM2
SIM3
SIM4
1
21
22
SIM5
SIM1
SIM2
SIM3
SIM4
1
21
22
SIM5
SIM1
SIM2
SIM3
SIM4
1
21
22
SIM5
SIM1
SIM2
SIM3
SIM4
1
21
22
SIM5
SIM1
SIM2
SIM3
SIM4
1
21
22
SIM5
SIM1
SIM2
SIM3
SIM4
1
21
22
SIM5
SIM1
SIM2
SIM3
SIM4
1
21
22
SIM5
SIM1
SIM2
SIM3
SIM4
1
21
22
SIM5
SIM1
SIM2
SIM3
SIM4
1
21
22
SIM5
SIM1
SIM2
SIM3
SIM4
1
21
22
SIM5
SIM1
SIM2
SIM3
SIM4
1
21
22
SIM5
SIM1
SIM2
SIM3
SIM4
1
21
22
SIM5
SIM1
SIM2
SIM3
SIM4
1
21
22
SIM5
SIM1
SIM2
SIM3
SIM4
1
21
22
SIM5
SIM1
SIM2
SIM3
SIM4
1
21
22
SIM5
SIM1
SIM2
SIM3
SIM4
1
21
22
SIM5
SIM1
SIM2
SIM3
SIM4
1
21
22
SIM5
SIM1
SIM2
SIM3
SIM4
1
21
22
SIM5
SIM1
SIM2
SIM3
SIM4
1
21
22
SIM5
SIM1
SIM2
SIM3
SIM4
1
21
22
SIM5
SIM1
SIM2
SIM3
SIM4
1
21
22
SIM5
SIM1
SIM2
SIM3
SIM4
1
21
22
SIM5
SIM1
SIM2
SIM3
SIM4
1
21
22
SIM5
SIM1
SIM2
SIM3
SIM4
1
21
22
SIM5
SIM1
SIM2
SIM3
SIM4
1
21
22
SIM5
SIM1
SIM2
SIM3
SIM4
1
21
22
SIM5
SIM1
SIM2
SIM3
SIM4
1
21
22
SIM5
SIM1
SIM2
SIM3
SIM4
1
21
22
SIM5
SIM1
SIM2
SIM3
SIM4
1
21
22
SIM5
SIM1
SIM2
SIM3
SIM4
1
21
22
SIM5
SIM1
SIM2
SIM3
SIM4
1
21
22
SIM5
SIM1
SIM2
SIM3
SIM4
1
21
22
SIM5
SIM1
SIM2
SIM3
SIM4
1
21
22
SIM5
SIM1
SIM2
SIM3
SIM4
1
21
22
SIM5
SIM1
SIM2
SIM3
SIM4
1
21
22
SIM5
SIM1
SIM2
SIM3
SIM4
1
21
22
SIM5
SIM1
SIM2
SIM3
SIM4
1
21
22
SIM5
SIM1
SIM2
SIM3
SIM4
1
21
22
SIM5
SIM1
SIM2
SIM3
SIM4
1
21
22
SIM5
SIM1
SIM2
SIM3
SIM4
1
21
22
SIM5
SIM1
SIM2
SIM3
SIM4
1
21
22
SIM5
SIM1
SIM2
SIM3
SIM4
1
21
22
SIM5
SIM1
SIM2
SIM3
SIM4
1
21
22
SIM5
SIM1
SIM2
SIM3
SIM4
1
21
22
SIM5
SIM1
SIM2
SIM3
SIM4
1
21
22
SIM5
SIM1
SIM2
SIM3
SIM4
1
21
22
SIM5
SIM1
SIM2
SIM3
SIM4
1
21
22
SIM5
SIM1
SIM2
SIM3
SIM4
1
21
22
SIM5
SIM1
SIM2
SIM3
SIM4
1
21
22
SIM5
SIM1
SIM2
SIM3
SIM4
1
21
22
SIM5
SIM1
SIM2
SIM3
SIM4
1
21
22
SIM5
SIM1
SIM2
SIM3
SIM4
1
21
22
SIM5
SIM1
SIM2
SIM3
SIM4
1
21
22
SIM5
SIM1
SIM2
SIM3
SIM4
1
21
22
SIM5
SIM1
SIM2
SIM3
SIM4
1
21
22
SIM5
SIM1
SIM2
SIM3
SIM4
1
21
22
SIM5
SIM1
SIM2
SIM3
SIM4
1
21
22
SIM5
SIM1
SIM2
SIM3
SIM4
1
21
22
SIM5
SIM1
SIM2
SIM3
SIM4
1
21
22
SIM5
SIM1
SIM2
SIM3
SIM4
1
21
22
SIM5
SIM1
SIM2
SIM3
SIM4
1
21
22
SIM5
SIM1
SIM2
SIM3
SIM4
1
21
22
SIM5
SIM1
SIM2
SIM3
SIM4
1
21
22
SIM5
SIM1
SIM2
SIM3
SIM4
1
21
22
SIM5
SIM1
SIM2
SIM3
SIM4
1
21
22
SIM5
SIM1
SIM2
SIM3
SIM4
1
21
22
SIM5
SIM1
SIM2
SIM3
SIM4
1
21
22
SIM5
SIM1
SIM2
SIM3
SIM4
1
21
22
SIM5
SIM1
SIM2
SIM3
SIM4
1
21
22
SIM5
SIM1
SIM2
SIM3
SIM4
1
21
22
SIM5
SIM1
SIM2
SIM3
SIM4
1
21
22
SIM5
SIM1
SIM2
SIM3
SIM4
1
21
22
SIM5
SIM1
SIM2
SIM3
SIM4
1
21
22
SIM5
SIM1
SIM2
SIM3
SIM4
1
21
22
SIM5
SIM1
SIM2
SIM3
SIM4
1
21
22
SIM5
SIM1
SIM2
SIM3
SIM4
1
21
22
SIM5
SIM1
SIM2
SIM3
SIM4
1
21
22
SIM5
SIM1
SIM2
SIM3
SIM4
1
21
22
SIM5
SIM1
SIM2
SIM3
SIM4
1
21
22
SIM5
SIM1
SIM2
SIM3
SIM4
1
21
22
SIM5
SIM1
SIM2
SIM3
SIM4
1
21
22
SIM5
SIM1
SIM2
SIM3
SIM4
1
21
22
SIM5
SIM1
SIM2
SIM3
SIM4
1
21
22
SIM5
SIM1
SIM2
SIM3
SIM4
1
21
22
SIM5
SIM1
SIM2
SIM3
SIM4
1
21
22
SIM5
SIM1
SIM2
SIM3
SIM4
1
21
22
SIM5
SIM1
SIM2
SIM3
SIM4
1
21
22
SIM5
SIM1
SIM2
SIM3
SIM4
1
21
22
SIM5
SIM1
SIM2
SIM3
SIM4
1
21
22
SIM5
SIM1
SIM2
SIM3
SIM4
1
21
22
SIM5
SIM1
SIM2
SIM3
SIM4
1
21
22
SIM5
SIM1
SIM2
SIM3
SIM4
1
21
22
SIM5
SIM1
SIM2
SIM3
SIM4
1
21
22
SIM5
SIM1
SIM2
SIM3
SIM4
1
21
22
SIM5
SIM1
SIM2
SIM3
SIM4
1
21
22
SIM5
SIM1
SIM2
SIM3
SIM4
1
21
22
SIM5
SIM1
SIM2
SIM3
SIM4
1
21
22
SIM5
SIM1
SIM2
SIM3
SIM4
1
21
22
SIM5
SIM1
SIM2
SIM3
SIM4
1
21
22
SIM5
SIM1
SIM2
SIM3
SIM4
1
21
22
SIM5
SIM1
SIM2
SIM3
SIM4
1
21
22
SIM5
SIM1
SIM2
DEBUG 1 415
SIM1
SIM2
SIM3
SIM4
1
21
22
SIM5
SIM1
SIM2
SIM3
SIM4
1
21
22
SIM5
SIM1
SIM2
SIM3
SIM4
1
21
22
SIM5
SIM1
SIM2
SIM3
SIM4
1
21
22
SIM5
SIM1
SIM2
SIM3
SIM4
1
21
22
SIM5
SIM1
SIM2
SIM3
SIM4
1
21
22
SIM5
SIM1
SIM2
SIM3
SIM4
1
21
22
SIM5
SIM1
SIM2
SIM3
SIM4
1
21
22
SIM5
SIM1
SIM2
SIM3
SIM4
1
21
22
SIM5
SIM1
SIM2
SIM3
SIM4
1
21
22
SIM5
SIM1
SIM2
SIM3
SIM4
1
21
22
SIM5
SIM1
SIM2
SIM3
SIM4
1
21
22
SIM5
SIM1
SIM2
SIM3
SIM4
1
21
22
SIM5
SIM1
SIM2
SIM3
SIM4
1
21
22
SIM5
SIM1
SIM2
SIM3
SIM4
1
21
22
SIM5
SIM1
SIM2
SIM3
SIM4
1
21
22
SIM5
SIM1
SIM2
SIM3
SIM4
1
21
22
SIM5
SIM1
SIM2
SIM3
SIM4
1
21
22
SIM5
SIM1
SIM2
SIM3
SIM4
1
21
22
SIM5
SIM1
SIM2
SIM3
SIM4
1
21
22
SIM5
SIM1
SIM2
SIM3
SIM4
1
21
22
SIM5
SIM1
SIM2
SIM3
SIM4
1
21
22
SIM5
SIM1
SIM2
SIM3
SIM4
1
21
22
SIM5
SIM1
SIM2
SIM3
SIM4
1
21
22
SIM5
SIM1
SIM2
SIM3
SIM4
1
21
22
SIM5
SIM1
SIM2
SIM3
SIM4
1
21
22
SIM5
SIM1
SIM2
SIM3
SIM4
1
21
22
SIM5
SIM1
SIM2
SIM3
SIM4
1
21
22
SIM5
SIM1
SIM2
SIM3
SIM4
1
21
22
SIM5
SIM1
SIM2
SIM3
SIM4
1
21
22
SIM5
SIM1
SIM2
SIM3
SIM4
1
21
22
SIM5
SIM1
SIM2
SIM3
SIM4
1
21
22
SIM5
SIM1
SIM2
SIM3
SIM4
1
21
22
SIM5
SIM1
SIM2
SIM3
SIM4
1
21
22
SIM5
SIM1
SIM2
SIM3
SIM4
1
21
22
SIM5
SIM1
SIM2
SIM3
SIM4
1
21
22
SIM5
SIM1
SIM2
SIM3
SIM4
1
21
22
SIM5
SIM1
SIM2
SIM3
SIM4
1
21
22
SIM5
SIM1
SIM2
SIM3
SIM4
1
21
22
SIM5
SIM1
SIM2
SIM3
SIM4
1
21
22
SIM5
SIM1
SIM2
SIM3
SIM4
1
21
22
SIM5
SIM1
SIM2
SIM3
SIM4
1
21
22
SIM5
SIM1
SIM2
SIM3
SIM4
1
21
22
SIM5
SIM1
SIM2
SIM3
SIM4
1
21
22
SIM5
SIM1
SIM2
SIM3
SIM4
1
21
22
SIM5
SIM1
SIM2
SIM3
SIM4
1
21
22
SIM5
SIM1
SIM2
SIM3
SIM4
1
21
22
SIM5
SIM1
SIM2
SIM3
SIM4
1
21
22
SIM5
SIM1
SIM2
SIM3
SIM4
1
21
22
SIM5
SIM1
SIM2
SIM3
SIM4
1
21
22
SIM5
SIM1
SIM2
SIM3
SIM4
1
21
22
SIM5
SIM1
SIM2
SIM3
SIM4
1
21
22
SIM5
SIM1
SIM2
SIM3
SIM4
1
21
22
SIM5
SIM1
SIM2
SIM3
SIM4
1
21
22
SIM5
SIM1
SIM2
SIM3
SIM4
1
21
22
SIM5
SIM1
SIM2
SIM3
SIM4
1
21
22
SIM5
SIM1
SIM2
SIM3
SIM4
1
21
22
SIM5
SIM1
SIM2
SIM3
SIM4
1
21
22
SIM5
SIM1
SIM2
SIM3
SIM4
1
21
22
SIM5
SIM1
SIM2
SIM3
SIM4
1
21
22
SIM5
SIM1
SIM2
SIM3
SIM4
1
21
22
SIM5
SIM1
SIM2
SIM3
SIM4
1
21
22
SIM5
SIM1
SIM2
SIM3
SIM4
1
21
22
SIM5
SIM1
SIM2
SIM3
SIM4
1
21
22
SIM5
SIM1
SIM2
SIM3
SIM4
1
21
22
SIM5
SIM1
SIM2
SIM3
SIM4
1
21
22
SIM5
SIM1
SIM2
SIM3
SIM4
1
21
22
SIM5
SIM1
SIM2
SIM3
SIM4
1
21
22
SIM5
SIM1
SIM2
SIM3
SIM4
1
21
22
SIM5
SIM1
SIM2
SIM3
SIM4
1
21
22
SIM5
SIM1
SIM2
SIM3
SIM4
1
21
22
SIM5
SIM1
SIM2
SIM3
SIM4
1
21
22
SIM5
SIM1
SIM2
SIM3
SIM4
1
21
22
SIM5
SIM1
SIM2
SIM3
SIM4
1
21
22
SIM5
SIM1
SIM2
SIM3
SIM4
1
21
22
SIM5
SIM1
SIM2
SIM3
SIM4
1
21
22
SIM5
SIM1
SIM2
SIM3
SIM4
1
21
22
SIM5
SIM1
SIM2
SIM3
SIM4
1
21
22
SIM5
SIM1
SIM2
SIM3
SIM4
1
21
22
SIM5
SIM1
SIM2
SIM3
SIM4
1
21
22
SIM5
SIM1
SIM2
SIM3
SIM4
1
21
22
SIM5
SIM1
SIM2
SIM3
SIM4
1
21
22
SIM5
SIM1
SIM2
SIM3
SIM4
1
21
22
SIM5
SIM1
SIM2
SIM3
SIM4
1
21
22
SIM5
SIM1
SIM2
SIM3
SIM4
1
21
22
SIM5
SIM1
SIM2
SIM3
SIM4
1
21
22
SIM5
SIM1
SIM2
SIM3
SIM4
1
21
22
SIM5
SIM1
SIM2
SIM3
SIM4
1
21
22
SIM5
SIM1
SIM2
SIM3
SIM4
1
21
22
SIM5
SIM1
SIM2
SIM3
SIM4
1
21
22
SIM5
SIM1
SIM2
SIM3
SIM4
1
21
22
SIM5
SIM1
SIM2
SIM3
SIM4
1
21
22
SIM5
SIM1
SIM2
SIM3
SIM4
1
21
22
SIM5
SIM1
SIM2
SIM3
SIM4
1
21
22
SIM5
SIM1
SIM2
SIM3
SIM4
1
21
22
SIM5
SIM1
SIM2
SIM3
SIM4
1
21
22
SIM5
SIM1
SIM2
SIM3
SIM4
1
21
22
SIM5
SIM1
SIM2
SIM3
SIM4
1
21
22
SIM5
SIM1
SIM2
SIM3
SIM4
1
21
22
SIM5
SIM1
SIM2
SIM3
SIM4
1
21
22
SIM5
SIM1
SIM2
SIM3
SIM4
1
21
22
SIM5
SIM1
SIM2
SIM3
SIM4
1
21
22
SIM5
SIM1
SIM2
SIM3
SIM4
1
21
22
SIM5
SIM1
SIM2
SIM3
SIM4
1
21
22
SIM5
SIM1
SIM2
SIM3
SIM4
1
21
22
SIM5
SIM1
SIM2
SIM3
SIM4
1
21
22
SIM5
SIM1
SIM2
SIM3
SIM4
1
21
22
SIM5
SIM1
SIM2
SIM3
SIM4
1
21
22
SIM5
SIM1
SIM2
SIM3
SIM4
1
21
22
SIM5
SIM1
SIM2
SIM3
SIM4
1
21
22
SIM5
SIM1
SIM2
SIM3
SIM4
1
21
22
SIM5
SIM1
SIM2
SIM3
SIM4
1
21
22
SIM5
SIM1
SIM2
SIM3
SIM4
1
21
22
SIM5
SIM1
SIM2
SIM3
SIM4
1
21
22
SIM5
SIM1
SIM2
SIM3
SIM4
1
21
22
SIM5
SIM1
SIM2
SIM3
SIM4
1
21
22
SIM5
SIM1
SIM2
SIM3
SIM4
1
21
22
SIM5
SIM1
SIM2
SIM3
SIM4
1
21
22
SIM5
SIM1
SIM2
SIM3
SIM4
1
21
22
SIM5
SIM1
SIM2
SIM3
SIM4
1
21
22
SIM5
SIM1
SIM2
SIM3
SIM4
1
21
22
SIM5
SIM1
SIM2
SIM3
SIM4
1
21
22
SIM5
SIM1
SIM2
SIM3
SIM4
1
21
22
SIM5
SIM1
SIM2
SIM3
SIM4
1
21
22
SIM5
SIM1
SIM2
SIM3
SIM4
1
21
22
SIM5
SIM1
SIM2
SIM3
SIM4
1
21
22
SIM5
SIM1
SIM2
SIM3
SIM4
1
21
22
SIM5
SIM1
SIM2
SIM3
SIM4
1
21
22
SIM5
SIM1
SIM2
SIM3
SIM4
1
21
22
SIM5
SIM1
SIM2
SIM3
SIM4
1
21
22
SIM5
SIM1
SIM2
SIM3
SIM4
1
21
22
SIM5
SIM1
SIM2
SIM3
SIM4
1
21
22
SIM5
SIM1
SIM2
SIM3
SIM4
1
21
22
SIM5
SIM1
SIM2
SIM3
SIM4
1
21
22
SIM5
SIM1
SIM2
SIM3
SIM4
1
21
22
SIM5
SIM1
SIM2
SIM3
SIM4
1
21
22
SIM5
SIM1
SIM2
SIM3
SIM4
1
21
22
SIM5
SIM1
SIM2
SIM3
SIM4
1
21
22
SIM5
SIM1
SIM2
SIM3
SIM4
1
21
22
SIM5
SIM1
SIM2
SIM3
SIM4
1
21
22
SIM5
SIM1
SIM2
SIM3
SIM4
1
21
22
SIM5
SIM1
SIM2
SIM3
SIM4
1
21
22
SIM5
SIM1
SIM2
SIM3
SIM4
1
21
22
SIM5
SIM1
SIM2
SIM3
SIM4
1
21
22
SIM5
SIM1
SIM2
SIM3
SIM4
1
21
22
SIM5
SIM1
SIM2
SIM3
SIM4
1
21
22
SIM5
SIM1
SIM2
SIM3
SIM4
1
21
22
SIM5
SIM1
SIM2
SIM3
SIM4
1
21
22
SIM5
SIM1
SIM2
SIM3
SIM4
1
21
22
SIM5
SIM1
SIM2
SIM3
SIM4
1
21
22
SIM5
SIM1
SIM2
SIM3
SIM4
1
21
22
SIM5
SIM1
SIM2
SIM3
SIM4
1
21
22
SIM5
SIM1
SIM2
SIM3
SIM4
1
21
22
SIM5
SIM1
SIM2
SIM3
SIM4
1
21
22
SIM5
SIM1
SIM2
SIM3
SIM4
1
21
22
SIM5
SIM1
SIM2
SIM3
SIM4
1
21
22
SIM5
SIM1
SIM2
SIM3
SIM4
1
21
22
SIM5
SIM1
SIM2
SIM3
SIM4
1
21
22
SIM5
SIM1
SIM2
SIM3
SIM4
1
21
22
SIM5
SIM1
SIM2
SIM3
SIM4
1
21
22
SIM5
SIM1
SIM2
SIM3
SIM4
1
21
22
SIM5
SIM1
SIM2
SIM3
SIM4
1
21
22
SIM5
SIM1
SIM2
SIM3
SIM4
1
21
22
SIM5
SIM1
SIM2
SIM3
SIM4
1
21
22
SIM5
SIM1
SIM2
SIM3
SIM4
1
21
22
SIM5
SIM1
SIM2
SIM3
SIM4
1
21
22
SIM5
SIM1
SIM2
SIM3
SIM4
1
21
22
SIM5
SIM1
SIM2
SIM3
SIM4
1
21
22
SIM5
SIM1
SIM2
SIM3
SIM4
1
21
22
SIM5
SIM1
SIM2
SIM3
SIM4
1
21
22
SIM5
SIM1
SIM2
SIM3
SIM4
1
21
22
SIM5
SIM1
SIM2
SIM3
SIM4
1
21
22
SIM5
SIM1
SIM2
SIM3
SIM4
1
21
22
SIM5
SIM1
SIM2
SIM3
SIM4
1
21
22
SIM5
SIM1
SIM2
SIM3
SIM4
1
21
22
SIM5
SIM1
SIM2
SIM3
SIM4
1
21
22
SIM5
SIM1
SIM2
SIM3
SIM4
1
21
22
SIM5
SIM1
SIM2
SIM3
SIM4
1
21
22
SIM5
SIM1
SIM2
SIM3
SIM4
1
21
22
SIM5
SIM1
SIM2
SIM3
SIM4
1
21
22
SIM5
SIM1
SIM2
SIM3
SIM4
1
21
22
SIM5
SIM1
SIM2
SIM3
SIM4
1
21
22
SIM5
SIM1
SIM2
SIM3
SIM4
1
21
22
SIM5
SIM1
SIM2
SIM3
SIM4
1
21
22
SIM5
SIM1
SIM2
SIM3
SIM4
1
21
22
SIM5
SIM1
SIM2
SIM3
SIM4
1
21
22
SIM5
SIM1
SIM2
SIM3
SIM4
1
21
22
SIM5
SIM1
SIM2
SIM3
SIM4
1
21
22
SIM5
SIM1
SIM2
SIM3
SIM4
1
21
22
SIM5
SIM1
SIM2
SIM3
SIM4
1
21
22
SIM5
SIM1
SIM2
SIM3
SIM4
1
21
22
SIM5
SIM1
SIM2
SIM3
SIM4
1
21
22
SIM5
SIM1
SIM2
SIM3
SIM4
1
21
22
SIM5
SIM1
SIM2
SIM3
SIM4
1
21
22
SIM5
SIM1
SIM2
SIM3
SIM4
1
21
22
SIM5
SIM1
SIM2
SIM3
SIM4
1
21
22
SIM5
SIM1
SIM2
SIM3
SIM4
1
21
22
SIM5
SIM1
SIM2
SIM3
SIM4
1
21
22
SIM5
SIM1
SIM2
SIM3
SIM4
1
21
22
SIM5
SIM1
SIM2
SIM3
SIM4
1
21
22
SIM5
SIM1
SIM2
SIM3
SIM4
1
21
22
SIM5
SIM1
SIM2
SIM3
SIM4
1
21
22
SIM5
SIM1
SIM2
SIM3
SIM4
1
21
22
SIM5
SIM1
SIM2
SIM3
SIM4
1
21
22
SIM5
SIM1
SIM2
SIM3
SIM4
1
21
22
SIM5
SIM1
SIM2
SIM3
SIM4
1
21
22
SIM5
SIM1
SIM2
SIM3
SIM4
1
21
22
SIM5
SIM1
SIM2
SIM3
SIM4
1
21
22
SIM5
SIM1
SIM2
SIM3
SIM4
1
21
22
SIM5
SIM1
SIM2
SIM3
SIM4
1
21
22
SIM5
SIM1
SIM2
DEBUG 1 416
SIM1
SIM2
SIM3
SIM4
1
21
22
SIM5
SIM1
SIM2
SIM3
SIM4
1
21
22
SIM5
SIM1
SIM2
SIM3
SIM4
1
21
22
SIM5
SIM1
SIM2
SIM3
SIM4
1
21
22
SIM5
SIM1
SIM2
SIM3
SIM4
1
21
22
SIM5
SIM1
SIM2
SIM3
SIM4
1
21
22
SIM5
SIM1
SIM2
SIM3
SIM4
1
21
22
SIM5
SIM1
SIM2
SIM3
SIM4
1
21
22
SIM5
SIM1
SIM2
SIM3
SIM4
1
21
22
SIM5
SIM1
SIM2
SIM3
SIM4
1
21
22
SIM5
SIM1
SIM2
SIM3
SIM4
1
21
22
SIM5
SIM1
SIM2
SIM3
SIM4
1
21
22
SIM5
SIM1
SIM2
SIM3
SIM4
1
21
22
SIM5
SIM1
SIM2
SIM3
SIM4
1
21
22
SIM5
SIM1
SIM2
SIM3
SIM4
1
21
22
SIM5
SIM1
SIM2
SIM3
SIM4
1
21
22
SIM5
SIM1
SIM2
SIM3
SIM4
1
21
22
SIM5
SIM1
SIM2
SIM3
SIM4
1
21
22
SIM5
SIM1
SIM2
SIM3
SIM4
1
21
22
SIM5
SIM1
SIM2
SIM3
SIM4
1
21
22
SIM5
SIM1
SIM2
SIM3
SIM4
1
21
22
SIM5
SIM1
SIM2
SIM3
SIM4
1
21
22
SIM5
SIM1
SIM2
SIM3
SIM4
1
21
22
SIM5
SIM1
SIM2
SIM3
SIM4
1
21
22
SIM5
SIM1
SIM2
SIM3
SIM4
1
21
22
SIM5
SIM1
SIM2
SIM3
SIM4
1
21
22
SIM5
SIM1
SIM2
SIM3
SIM4
1
21
22
SIM5
SIM1
SIM2
SIM3
SIM4
1
21
22
SIM5
SIM1
SIM2
SIM3
SIM4
1
21
22
SIM5
SIM1
SIM2
SIM3
SIM4
1
21
22
SIM5
SIM1
SIM2
SIM3
SIM4
1
21
22
SIM5
SIM1
SIM2
SIM3
SIM4
1
21
22
SIM5
SIM1
SIM2
SIM3
SIM4
1
21
22
SIM5
SIM1
SIM2
SIM3
SIM4
1
21
22
SIM5
SIM1
SIM2
SIM3
SIM4
1
21
22
SIM5
SIM1
SIM2
SIM3
SIM4
1
21
22
SIM5
SIM1
SIM2
SIM3
SIM4
1
21
22
SIM5
SIM1
SIM2
SIM3
SIM4
1
21
22
SIM5
SIM1
SIM2
SIM3
SIM4
1
21
22
SIM5
SIM1
SIM2
SIM3
SIM4
1
21
22
SIM5
SIM1
SIM2
SIM3
SIM4
1
21
22
SIM5
SIM1
SIM2
SIM3
SIM4
1
21
22
SIM5
SIM1
SIM2
SIM3
SIM4
1
21
22
SIM5
SIM1
SIM2
SIM3
SIM4
1
21
22
SIM5
SIM1
SIM2
SIM3
SIM4
1
21
22
SIM5
SIM1
SIM2
SIM3
SIM4
1
21
22
SIM5
SIM1
SIM2
SIM3
SIM4
1
21
22
SIM5
SIM1
SIM2
SIM3
SIM4
1
21
22
SIM5
SIM1
SIM2
SIM3
SIM4
1
21
22
SIM5
SIM1
SIM2
SIM3
SIM4
1
21
22
SIM5
SIM1
SIM2
SIM3
SIM4
1
21
22
SIM5
SIM1
SIM2
SIM3
SIM4
1
21
22
SIM5
SIM1
SIM2
SIM3
SIM4
1
21
22
SIM5
SIM1
SIM2
SIM3
SIM4
1
21
22
SIM5
SIM1
SIM2
SIM3
SIM4
1
21
22
SIM5
SIM1
SIM2
SIM3
SIM4
1
21
22
SIM5
SIM1
SIM2
SIM3
SIM4
1
21
22
SIM5
SIM1
SIM2
SIM3
SIM4
1
21
22
SIM5
SIM1
SIM2
SIM3
SIM4
1
21
22
SIM5
SIM1
SIM2
SIM3
SIM4
1
21
22
SIM5
SIM1
SIM2
SIM3
SIM4
1
21
22
SIM5
SIM1
SIM2
SIM3
SIM4
1
21
22
SIM5
SIM1
SIM2
SIM3
SIM4
1
21
22
SIM5
SIM1
SIM2
SIM3
SIM4
1
21
22
SIM5
SIM1
SIM2
SIM3
SIM4
1
21
22
SIM5
SIM1
SIM2
SIM3
SIM4
1
21
22
SIM5
SIM1
SIM2
SIM3
SIM4
1
21
22
SIM5
SIM1
SIM2
SIM3
SIM4
1
21
22
SIM5
SIM1
SIM2
SIM3
SIM4
1
21
22
SIM5
SIM1
SIM2
SIM3
SIM4
1
21
22
SIM5
SIM1
SIM2
SIM3
SIM4
1
21
22
SIM5
SIM1
SIM2
SIM3
SIM4
1
21
22
SIM5
SIM1
SIM2
SIM3
SIM4
1
21
22
SIM5
SIM1
SIM2
SIM3
SIM4
1
21
22
SIM5
SIM1
SIM2
SIM3
SIM4
1
21
22
SIM5
SIM1
SIM2
SIM3
SIM4
1
21
22
SIM5
SIM1
SIM2
SIM3
SIM4
1
21
22
SIM5
SIM1
SIM2
SIM3
SIM4
1
21
22
SIM5
SIM1
SIM2
SIM3
SIM4
1
21
22
SIM5
SIM1
SIM2
SIM3
SIM4
1
21
22
SIM5
SIM1
SIM2
SIM3
SIM4
1
21
22
SIM5
SIM1
SIM2
SIM3
SIM4
1
21
22
SIM5
SIM1
SIM2
SIM3
SIM4
1
21
22
SIM5
SIM1
SIM2
SIM3
SIM4
1
21
22
SIM5
SIM1
SIM2
SIM3
SIM4
1
21
22
SIM5
SIM1
SIM2
SIM3
SIM4
1
21
22
SIM5
SIM1
SIM2
SIM3
SIM4
1
21
22
SIM5
SIM1
SIM2
SIM3
SIM4
1
21
22
SIM5
SIM1
SIM2
SIM3
SIM4
1
21
22
SIM5
SIM1
SIM2
SIM3
SIM4
1
21
22
SIM5
SIM1
SIM2
SIM3
SIM4
1
21
22
SIM5
SIM1
SIM2
SIM3
SIM4
1
21
22
SIM5
SIM1
SIM2
SIM3
SIM4
1
21
22
SIM5
SIM1
SIM2
SIM3
SIM4
1
21
22
SIM5
SIM1
SIM2
SIM3
SIM4
1
21
22
SIM5
SIM1
SIM2
SIM3
SIM4
1
21
22
SIM5
SIM1
SIM2
SIM3
SIM4
1
21
22
SIM5
SIM1
SIM2
SIM3
SIM4
1
21
22
SIM5
SIM1
SIM2
SIM3
SIM4
1
21
22
SIM5
SIM1
SIM2
SIM3
SIM4
1
21
22
SIM5
SIM1
SIM2
SIM3
SIM4
1
21
22
SIM5
SIM1
SIM2
SIM3
SIM4
1
21
22
SIM5
SIM1
SIM2
SIM3
SIM4
1
21
22
SIM5
SIM1
SIM2
SIM3
SIM4
1
21
22
SIM5
SIM1
SIM2
SIM3
SIM4
1
21
22
SIM5
SIM1
SIM2
SIM3
SIM4
1
21
22
SIM5
SIM1
SIM2
SIM3
SIM4
1
21
22
SIM5
SIM1
SIM2
SIM3
SIM4
1
21
22
SIM5
SIM1
SIM2
SIM3
SIM4
1
21
22
SIM5
SIM1
SIM2
SIM3
SIM4
1
21
22
SIM5
SIM1
SIM2
SIM3
SIM4
1
21
22
SIM5
SIM1
SIM2
SIM3
SIM4
1
21
22
SIM5
SIM1
SIM2
SIM3
SIM4
1
21
22
SIM5
SIM1
SIM2
SIM3
SIM4
1
21
22
SIM5
SIM1
SIM2
SIM3
SIM4
1
21
22
SIM5
SIM1
SIM2
SIM3
SIM4
1
21
22
SIM5
SIM1
SIM2
SIM3
SIM4
1
21
22
SIM5
SIM1
SIM2
SIM3
SIM4
1
21
22
SIM5
SIM1
SIM2
SIM3
SIM4
1
21
22
SIM5
SIM1
SIM2
SIM3
SIM4
1
21
22
SIM5
SIM1
SIM2
SIM3
SIM4
1
21
22
SIM5
SIM1
SIM2
SIM3
SIM4
1
21
22
SIM5
SIM1
SIM2
SIM3
SIM4
1
21
22
SIM5
SIM1
SIM2
SIM3
SIM4
1
21
22
SIM5
SIM1
SIM2
SIM3
SIM4
1
21
22
SIM5
SIM1
SIM2
SIM3
SIM4
1
21
22
SIM5
SIM1
SIM2
SIM3
SIM4
1
21
22
SIM5
SIM1
SIM2
SIM3
SIM4
1
21
22
SIM5
SIM1
SIM2
SIM3
SIM4
1
21
22
SIM5
SIM1
SIM2
SIM3
SIM4
1
21
22
SIM5
SIM1
SIM2
SIM3
SIM4
1
21
22
SIM5
SIM1
SIM2
SIM3
SIM4
1
21
22
SIM5
SIM1
SIM2
SIM3
SIM4
1
21
22
SIM5
SIM1
SIM2
SIM3
SIM4
1
21
22
SIM5
SIM1
SIM2
SIM3
SIM4
1
21
22
SIM5
SIM1
SIM2
SIM3
SIM4
1
21
22
SIM5
SIM1
SIM2
SIM3
SIM4
1
21
22
SIM5
SIM1
SIM2
SIM3
SIM4
1
21
22
SIM5
SIM1
SIM2
SIM3
SIM4
1
21
22
SIM5
SIM1
SIM2
SIM3
SIM4
1
21
22
SIM5
SIM1
SIM2
SIM3
SIM4
1
21
22
SIM5
SIM1
SIM2
SIM3
SIM4
1
21
22
SIM5
SIM1
SIM2
SIM3
SIM4
1
21
22
SIM5
SIM1
SIM2
SIM3
SIM4
1
21
22
SIM5
SIM1
SIM2
SIM3
SIM4
1
21
22
SIM5
SIM1
SIM2
SIM3
SIM4
1
21
22
SIM5
SIM1
SIM2
SIM3
SIM4
1
21
22
SIM5
SIM1
SIM2
SIM3
SIM4
1
21
22
SIM5
SIM1
SIM2
SIM3
SIM4
1
21
22
SIM5
SIM1
SIM2
SIM3
SIM4
1
21
22
SIM5
SIM1
SIM2
SIM3
SIM4
1
21
22
SIM5
SIM1
SIM2
SIM3
SIM4
1
21
22
SIM5
SIM1
SIM2
SIM3
SIM4
1
21
22
SIM5
SIM1
SIM2
SIM3
SIM4
1
21
22
SIM5
SIM1
SIM2
SIM3
SIM4
1
21
22
SIM5
SIM1
SIM2
SIM3
SIM4
1
21
22
SIM5
SIM1
SIM2
SIM3
SIM4
1
21
22
SIM5
SIM1
SIM2
SIM3
SIM4
1
21
22
SIM5
SIM1
SIM2
SIM3
SIM4
1
21
22
SIM5
SIM1
SIM2
SIM3
SIM4
1
21
22
SIM5
SIM1
SIM2
SIM3
SIM4
1
21
22
SIM5
SIM1
SIM2
SIM3
SIM4
1
21
22
SIM5
SIM1
SIM2
SIM3
SIM4
1
21
22
SIM5
SIM1
SIM2
SIM3
SIM4
1
21
22
SIM5
SIM1
SIM2
SIM3
SIM4
1
21
22
SIM5
SIM1
SIM2
SIM3
SIM4
1
21
22
SIM5
SIM1
SIM2
SIM3
SIM4
1
21
22
SIM5
SIM1
SIM2
SIM3
SIM4
1
21
22
SIM5
SIM1
SIM2
SIM3
SIM4
1
21
22
SIM5
SIM1
SIM2
SIM3
SIM4
1
21
22
SIM5
SIM1
SIM2
SIM3
SIM4
1
21
22
SIM5
SIM1
SIM2
SIM3
SIM4
1
21
22
SIM5
SIM1
SIM2
SIM3
SIM4
1
21
22
SIM5
SIM1
SIM2
SIM3
SIM4
1
21
22
SIM5
SIM1
SIM2
SIM3
SIM4
1
21
22
SIM5
SIM1
SIM2
SIM3
SIM4
1
21
22
SIM5
SIM1
SIM2
SIM3
SIM4
1
21
22
SIM5
SIM1
SIM2
SIM3
SIM4
1
21
22
SIM5
SIM1
SIM2
SIM3
SIM4
1
21
22
SIM5
SIM1
SIM2
SIM3
SIM4
1
21
22
SIM5
SIM1
SIM2
SIM3
SIM4
1
21
22
SIM5
SIM1
SIM2
SIM3
SIM4
1
21
22
SIM5
SIM1
SIM2
SIM3
SIM4
1
21
22
SIM5
SIM1
SIM2
SIM3
SIM4
1
21
22
SIM5
SIM1
SIM2
SIM3
SIM4
1
21
22
SIM5
SIM1
SIM2
SIM3
SIM4
1
21
22
SIM5
SIM1
SIM2
SIM3
SIM4
1
21
22
SIM5
SIM1
SIM2
SIM3
SIM4
1
21
22
SIM5
SIM1
SIM2
SIM3
SIM4
1
21
22
SIM5
SIM1
SIM2
SIM3
SIM4
1
21
22
SIM5
SIM1
SIM2
SIM3
SIM4
1
21
22
SIM5
SIM1
SIM2
SIM3
SIM4
1
21
22
SIM5
SIM1
SIM2
SIM3
SIM4
1
21
22
SIM5
SIM1
SIM2
SIM3
SIM4
1
21
22
SIM5
SIM1
SIM2
SIM3
SIM4
1
21
22
SIM5
SIM1
SIM2
SIM3
SIM4
1
21
22
SIM5
SIM1
SIM2
SIM3
SIM4
1
21
22
SIM5
SIM1
SIM2
SIM3
SIM4
1
21
22
SIM5
SIM1
SIM2
SIM3
SIM4
1
21
22
SIM5
SIM1
SIM2
SIM3
SIM4
1
21
22
SIM5
SIM1
SIM2
SIM3
SIM4
1
21
22
SIM5
SIM1
SIM2
SIM3
SIM4
1
21
22
SIM5
SIM1
SIM2
SIM3
SIM4
1
21
22
SIM5
SIM1
SIM2
SIM3
SIM4
1
21
22
SIM5
SIM1
SIM2
SIM3
SIM4
1
21
22
SIM5
SIM1
SIM2
SIM3
SIM4
1
21
22
SIM5
SIM1
SIM2
SIM3
SIM4
1
21
22
SIM5
SIM1
SIM2
SIM3
SIM4
1
21
22
SIM5
SIM1
SIM2
SIM3
SIM4
1
21
22
SIM5
SIM1
SIM2
SIM3
SIM4
1
21
22
SIM5
SIM1
SIM2
DEBUG 1 417
SIM1
SIM2
SIM3
SIM4
1
21
22
SIM5
SIM1
SIM2
SIM3
SIM4
1
21
22
SIM5
SIM1
SIM2
SIM3
SIM4
1
21
22
SIM5
SIM1
SIM2
SIM3
SIM4
1
21
22
SIM5
SIM1
SIM2
SIM3
SIM4
1
21
22
SIM5
SIM1
SIM2
SIM3
SIM4
1
21
22
SIM5
SIM1
SIM2
SIM3
SIM4
1
21
22
SIM5
SIM1
SIM2
SIM3
SIM4
1
21
22
SIM5
SIM1
SIM2
SIM3
SIM4
1
21
22
SIM5
SIM1
SIM2
SIM3
SIM4
1
21
22
SIM5
SIM1
SIM2
SIM3
SIM4
1
21
22
SIM5
SIM1
SIM2
SIM3
SIM4
1
21
22
SIM5
SIM1
SIM2
SIM3
SIM4
1
21
22
SIM5
SIM1
SIM2
SIM3
SIM4
1
21
22
SIM5
SIM1
SIM2
SIM3
SIM4
1
21
22
SIM5
SIM1
SIM2
SIM3
SIM4
1
21
22
SIM5
SIM1
SIM2
SIM3
SIM4
1
21
22
SIM5
SIM1
SIM2
SIM3
SIM4
1
21
22
SIM5
SIM1
SIM2
SIM3
SIM4
1
21
22
SIM5
SIM1
SIM2
SIM3
SIM4
1
21
22
SIM5
SIM1
SIM2
SIM3
SIM4
1
21
22
SIM5
SIM1
SIM2
SIM3
SIM4
1
21
22
SIM5
SIM1
SIM2
SIM3
SIM4
1
21
22
SIM5
SIM1
SIM2
SIM3
SIM4
1
21
22
SIM5
SIM1
SIM2
SIM3
SIM4
1
21
22
SIM5
SIM1
SIM2
SIM3
SIM4
1
21
22
SIM5
SIM1
SIM2
SIM3
SIM4
1
21
22
SIM5
SIM1
SIM2
SIM3
SIM4
1
21
22
SIM5
SIM1
SIM2
SIM3
SIM4
1
21
22
SIM5
SIM1
SIM2
SIM3
SIM4
1
21
22
SIM5
SIM1
SIM2
SIM3
SIM4
1
21
22
SIM5
SIM1
SIM2
SIM3
SIM4
1
21
22
SIM5
SIM1
SIM2
SIM3
SIM4
1
21
22
SIM5
SIM1
SIM2
SIM3
SIM4
1
21
22
SIM5
SIM1
SIM2
SIM3
SIM4
1
21
22
SIM5
SIM1
SIM2
SIM3
SIM4
1
21
22
SIM5
SIM1
SIM2
SIM3
SIM4
1
21
22
SIM5
SIM1
SIM2
SIM3
SIM4
1
21
22
SIM5
SIM1
SIM2
SIM3
SIM4
1
21
22
SIM5
SIM1
SIM2
SIM3
SIM4
1
21
22
SIM5
SIM1
SIM2
SIM3
SIM4
1
21
22
SIM5
SIM1
SIM2
SIM3
SIM4
1
21
22
SIM5
SIM1
SIM2
SIM3
SIM4
1
21
22
SIM5
SIM1
SIM2
SIM3
SIM4
1
21
22
SIM5
SIM1
SIM2
SIM3
SIM4
1
21
22
SIM5
SIM1
SIM2
SIM3
SIM4
1
21
22
SIM5
SIM1
SIM2
SIM3
SIM4
1
21
22
SIM5
SIM1
SIM2
SIM3
SIM4
1
21
22
SIM5
SIM1
SIM2
SIM3
SIM4
1
21
22
SIM5
SIM1
SIM2
SIM3
SIM4
1
21
22
SIM5
SIM1
SIM2
SIM3
SIM4
1
21
22
SIM5
SIM1
SIM2
SIM3
SIM4
1
21
22
SIM5
SIM1
SIM2
SIM3
SIM4
1
21
22
SIM5
SIM1
SIM2
SIM3
SIM4
1
21
22
SIM5
SIM1
SIM2
SIM3
SIM4
1
21
22
SIM5
SIM1
SIM2
SIM3
SIM4
1
21
22
SIM5
SIM1
SIM2
SIM3
SIM4
1
21
22
SIM5
SIM1
SIM2
SIM3
SIM4
1
21
22
SIM5
SIM1
SIM2
SIM3
SIM4
1
21
22
SIM5
SIM1
SIM2
SIM3
SIM4
1
21
22
SIM5
SIM1
SIM2
SIM3
SIM4
1
21
22
SIM5
SIM1
SIM2
SIM3
SIM4
1
21
22
SIM5
SIM1
SIM2
SIM3
SIM4
1
21
22
SIM5
SIM1
SIM2
SIM3
SIM4
1
21
22
SIM5
SIM1
SIM2
SIM3
SIM4
1
21
22
SIM5
SIM1
SIM2
SIM3
SIM4
1
21
22
SIM5
SIM1
SIM2
SIM3
SIM4
1
21
22
SIM5
SIM1
SIM2
SIM3
SIM4
1
21
22
SIM5
SIM1
SIM2
SIM3
SIM4
1
21
22
SIM5
SIM1
SIM2
SIM3
SIM4
1
21
22
SIM5
SIM1
SIM2
SIM3
SIM4
1
21
22
SIM5
SIM1
SIM2
SIM3
SIM4
1
21
22
SIM5
SIM1
SIM2
SIM3
SIM4
1
21
22
SIM5
SIM1
SIM2
SIM3
SIM4
1
21
22
SIM5
SIM1
SIM2
SIM3
SIM4
1
21
22
SIM5
SIM1
SIM2
SIM3
SIM4
1
21
22
SIM5
SIM1
SIM2
SIM3
SIM4
1
21
22
SIM5
SIM1
SIM2
SIM3
SIM4
1
21
22
SIM5
SIM1
SIM2
SIM3
SIM4
1
21
22
SIM5
SIM1
SIM2
SIM3
SIM4
1
21
22
SIM5
SIM1
SIM2
SIM3
SIM4
1
21
22
SIM5
SIM1
SIM2
SIM3
SIM4
1
21
22
SIM5
SIM1
SIM2
SIM3
SIM4
1
21
22
SIM5
SIM1
SIM2
SIM3
SIM4
1
21
22
SIM5
SIM1
SIM2
SIM3
SIM4
1
21
22
SIM5
SIM1
SIM2
SIM3
SIM4
1
21
22
SIM5
SIM1
SIM2
SIM3
SIM4
1
21
22
SIM5
SIM1
SIM2
SIM3
SIM4
1
21
22
SIM5
SIM1
SIM2
SIM3
SIM4
1
21
22
SIM5
SIM1
SIM2
SIM3
SIM4
1
21
22
SIM5
SIM1
SIM2
SIM3
SIM4
1
21
22
SIM5
SIM1
SIM2
SIM3
SIM4
1
21
22
SIM5
SIM1
SIM2
SIM3
SIM4
1
21
22
SIM5
SIM1
SIM2
SIM3
SIM4
1
21
22
SIM5
SIM1
SIM2
SIM3
SIM4
1
21
22
SIM5
SIM1
SIM2
SIM3
SIM4
1
21
22
SIM5
SIM1
SIM2
SIM3
SIM4
1
21
22
SIM5
SIM1
SIM2
SIM3
SIM4
1
21
22
SIM5
SIM1
SIM2
SIM3
SIM4
1
21
22
SIM5
SIM1
SIM2
SIM3
SIM4
1
21
22
SIM5
SIM1
SIM2
SIM3
SIM4
1
21
22
SIM5
SIM1
SIM2
SIM3
SIM4
1
21
22
SIM5
SIM1
SIM2
SIM3
SIM4
1
21
22
SIM5
SIM1
SIM2
SIM3
SIM4
1
21
22
SIM5
SIM1
SIM2
SIM3
SIM4
1
21
22
SIM5
SIM1
SIM2
SIM3
SIM4
1
21
22
SIM5
SIM1
SIM2
SIM3
SIM4
1
21
22
SIM5
SIM1
SIM2
SIM3
SIM4
1
21
22
SIM5
SIM1
SIM2
SIM3
SIM4
1
21
22
SIM5
SIM1
SIM2
SIM3
SIM4
1
21
22
SIM5
SIM1
SIM2
SIM3
SIM4
1
21
22
SIM5
SIM1
SIM2
SIM3
SIM4
1
21
22
SIM5
SIM1
SIM2
SIM3
SIM4
1
21
22
SIM5
SIM1
SIM2
SIM3
SIM4
1
21
22
SIM5
SIM1
SIM2
SIM3
SIM4
1
21
22
SIM5
SIM1
SIM2
SIM3
SIM4
1
21
22
SIM5
SIM1
SIM2
SIM3
SIM4
1
21
22
SIM5
SIM1
SIM2
SIM3
SIM4
1
21
22
SIM5
SIM1
SIM2
SIM3
SIM4
1
21
22
SIM5
SIM1
SIM2
SIM3
SIM4
1
21
22
SIM5
SIM1
SIM2
SIM3
SIM4
1
21
22
SIM5
SIM1
SIM2
SIM3
SIM4
1
21
22
SIM5
SIM1
SIM2
SIM3
SIM4
1
21
22
SIM5
SIM1
SIM2
SIM3
SIM4
1
21
22
SIM5
SIM1
SIM2
SIM3
SIM4
1
21
22
SIM5
SIM1
SIM2
SIM3
SIM4
1
21
22
SIM5
SIM1
SIM2
SIM3
SIM4
1
21
22
SIM5
SIM1
SIM2
SIM3
SIM4
1
21
22
SIM5
SIM1
SIM2
SIM3
SIM4
1
21
22
SIM5
SIM1
SIM2
SIM3
SIM4
1
21
22
SIM5
SIM1
SIM2
SIM3
SIM4
1
21
22
SIM5
SIM1
SIM2
SIM3
SIM4
1
21
22
SIM5
SIM1
SIM2
SIM3
SIM4
1
21
22
SIM5
SIM1
SIM2
SIM3
SIM4
1
21
22
SIM5
SIM1
SIM2
SIM3
SIM4
1
21
22
SIM5
SIM1
SIM2
SIM3
SIM4
1
21
22
SIM5
SIM1
SIM2
SIM3
SIM4
1
21
22
SIM5
SIM1
SIM2
SIM3
SIM4
1
21
22
SIM5
SIM1
SIM2
SIM3
SIM4
1
21
22
SIM5
SIM1
SIM2
SIM3
SIM4
1
21
22
SIM5
SIM1
SIM2
SIM3
SIM4
1
21
22
SIM5
SIM1
SIM2
SIM3
SIM4
1
21
22
SIM5
SIM1
SIM2
SIM3
SIM4
1
21
22
SIM5
SIM1
SIM2
SIM3
SIM4
1
21
22
SIM5
SIM1
SIM2
SIM3
SIM4
1
21
22
SIM5
SIM1
SIM2
SIM3
SIM4
1
21
22
SIM5
SIM1
SIM2
SIM3
SIM4
1
21
22
SIM5
SIM1
SIM2
SIM3
SIM4
1
21
22
SIM5
SIM1
SIM2
SIM3
SIM4
1
21
22
SIM5
SIM1
SIM2
SIM3
SIM4
1
21
22
SIM5
SIM1
SIM2
SIM3
SIM4
1
21
22
SIM5
SIM1
SIM2
SIM3
SIM4
1
21
22
SIM5
SIM1
SIM2
SIM3
SIM4
1
21
22
SIM5
SIM1
SIM2
SIM3
SIM4
1
21
22
SIM5
SIM1
SIM2
SIM3
SIM4
1
21
22
SIM5
SIM1
SIM2
SIM3
SIM4
1
21
22
SIM5
SIM1
SIM2
SIM3
SIM4
1
21
22
SIM5
SIM1
SIM2
SIM3
SIM4
1
21
22
SIM5
SIM1
SIM2
SIM3
SIM4
1
21
22
SIM5
SIM1
SIM2
SIM3
SIM4
1
21
22
SIM5
SIM1
SIM2
SIM3
SIM4
1
21
22
SIM5
SIM1
SIM2
SIM3
SIM4
1
21
22
SIM5
SIM1
SIM2
SIM3
SIM4
1
21
22
SIM5
SIM1
SIM2
SIM3
SIM4
1
21
22
SIM5
SIM1
SIM2
SIM3
SIM4
1
21
22
SIM5
SIM1
SIM2
SIM3
SIM4
1
21
22
SIM5
SIM1
SIM2
SIM3
SIM4
1
21
22
SIM5
SIM1
SIM2
SIM3
SIM4
1
21
22
SIM5
SIM1
SIM2
SIM3
SIM4
1
21
22
SIM5
SIM1
SIM2
SIM3
SIM4
1
21
22
SIM5
SIM1
SIM2
SIM3
SIM4
1
21
22
SIM5
SIM1
SIM2
SIM3
SIM4
1
21
22
SIM5
SIM1
SIM2
SIM3
SIM4
1
21
22
SIM5
SIM1
SIM2
SIM3
SIM4
1
21
22
SIM5
SIM1
SIM2
SIM3
SIM4
1
21
22
SIM5
SIM1
SIM2
SIM3
SIM4
1
21
22
SIM5
SIM1
SIM2
SIM3
SIM4
1
21
22
SIM5
SIM1
SIM2
SIM3
SIM4
1
21
22
SIM5
SIM1
SIM2
SIM3
SIM4
1
21
22
SIM5
SIM1
SIM2
SIM3
SIM4
1
21
22
SIM5
SIM1
SIM2
SIM3
SIM4
1
21
22
SIM5
SIM1
SIM2
SIM3
SIM4
1
21
22
SIM5
SIM1
SIM2
SIM3
SIM4
1
21
22
SIM5
SIM1
SIM2
SIM3
SIM4
1
21
22
SIM5
SIM1
SIM2
SIM3
SIM4
1
21
22
SIM5
SIM1
SIM2
SIM3
SIM4
1
21
22
SIM5
SIM1
SIM2
SIM3
SIM4
1
21
22
SIM5
SIM1
SIM2
SIM3
SIM4
1
21
22
SIM5
SIM1
SIM2
SIM3
SIM4
1
21
22
SIM5
SIM1
SIM2
SIM3
SIM4
1
21
22
SIM5
SIM1
SIM2
SIM3
SIM4
1
21
22
SIM5
SIM1
SIM2
SIM3
SIM4
1
21
22
SIM5
SIM1
SIM2
SIM3
SIM4
1
21
22
SIM5
SIM1
SIM2
SIM3
SIM4
1
21
22
SIM5
SIM1
SIM2
SIM3
SIM4
1
21
22
SIM5
SIM1
SIM2
SIM3
SIM4
1
21
22
SIM5
SIM1
SIM2
SIM3
SIM4
1
21
22
SIM5
SIM1
SIM2
SIM3
SIM4
1
21
22
SIM5
SIM1
SIM2
SIM3
SIM4
1
21
22
SIM5
SIM1
SIM2
SIM3
SIM4
1
21
22
SIM5
SIM1
SIM2
SIM3
SIM4
1
21
22
SIM5
SIM1
SIM2
SIM3
SIM4
1
21
22
SIM5
SIM1
SIM2
SIM3
SIM4
1
21
22
SIM5
SIM1
SIM2
SIM3
SIM4
1
21
22
SIM5
SIM1
SIM2
SIM3
SIM4
1
21
22
SIM5
SIM1
SIM2
SIM3
SIM4
1
21
22
SIM5
SIM1
SIM2
SIM3
SIM4
1
21
22
SIM5
SIM1
SIM2
SIM3
SIM4
1
21
22
SIM5
SIM1
SIM2
SIM3
SIM4
1
21
22
SIM5
SIM1
SIM2
SIM3
SIM4
1
21
22
SIM5
SIM1
SIM2
SIM3
SIM4
1
21
22
SIM5
SIM1
SIM2
SIM3
SIM4
1
21
22
SIM5
SIM1
SIM2
SIM3
SIM4
1
21
22
SIM5
SIM1
SIM2
SIM3
SIM4
1
21
22
SIM5
SIM1
SIM2
SIM3
SIM4
1
21
22
SIM5
SIM1
SIM2
SIM3
SIM4
1
21
22
SIM5
SIM1
SIM2
SIM3
SIM4
1
21
22
SIM5
SIM1
SIM2
SIM3
SIM4
1
21
22
SIM5
SIM1
SIM2
SIM3
SIM4
1
21
22
SIM5
SIM1
SIM2
SIM3
SIM4
1
21
22
SIM5
SIM1
SIM2
SIM3
SIM4
1
21
22
SIM5
SIM1
SIM2
SIM3
SIM4
1
21
22
SIM5
SIM1
SIM2
SIM3
SIM4
1
21
22
SIM5
SIM1
SIM2
SIM3
SIM4
1
21
22
SIM5
SIM1
SIM2
SIM3
SIM4
1
21
22
SIM5
SIM1
SIM2
SIM3
SIM4
1
21
22
SIM5
SIM1
SIM2
SIM3
SIM4
1
21
22
SIM5
SIM1
SIM2
SIM3
SIM4
1
21
22
SIM5
SIM1
SIM2
SIM3
SIM4
1
21
22
SIM5
SIM1
SIM2
SIM3
SIM4
1
21
22
SIM5
SIM1
SIM2
SIM3
SIM4
1
21
22
SIM5
SIM1
SIM2
SIM3
SIM4
1
21
22
SIM5
SIM1
SIM2
SIM3
SIM4
1
21
22
SIM5
SIM1
SIM2
SIM3
SIM4
1
21
22
SIM5
SIM1
SIM2
SIM3
SIM4
1
21
22
SIM5
SIM1
SIM2
SIM3
SIM4
1
21
22
SIM5
SIM1
SIM2
SIM3
SIM4
1
21
22
SIM5
SIM1
SIM2
SIM3
SIM4
1
21
22
SIM5
SIM1
SIM2
SIM3
SIM4
1
21
22
SIM5
SIM1
SIM2
SIM3
SIM4
1
21
22
SIM5
SIM1
SIM2
SIM3
SIM4
1
21
22
SIM5
SIM1
SIM2
SIM3
SIM4
1
21
22
SIM5
SIM1
SIM2
SIM3
SIM4
1
21
22
SIM5
SIM1
SIM2
SIM3
SIM4
1
21
22
SIM5
SIM1
SIM2
SIM3
SIM4
1
21
22
SIM5
SIM1
SIM2
SIM3
SIM4
1
21
22
SIM5
SIM1
SIM2
SIM3
SIM4
1
21
22
SIM5
SIM1
SIM2
SIM3
SIM4
1
21
22
SIM5
SIM1
SIM2
SIM3
SIM4
1
21
22
SIM5
SIM1
SIM2
SIM3
SIM4
1
21
22
SIM5
SIM1
SIM2
SIM3
SIM4
1
21
22
SIM5
SIM1
SIM2
SIM3
SIM4
1
21
22
SIM5
SIM1
SIM2
SIM3
SIM4
1
21
22
SIM5
SIM1
SIM2
SIM3
SIM4
1
21
22
SIM5
SIM1
SIM2
SIM3
SIM4
1
21
22
SIM5
SIM1
SIM2
SIM3
SIM4
1
21
22
SIM5
SIM1
SIM2
SIM3
SIM4
1
21
22
SIM5
SIM1
SIM2
SIM3
SIM4
1
21
22
SIM5
SIM1
SIM2
SIM3
SIM4
1
21
22
SIM5
SIM1
SIM2
SIM3
SIM4
1
21
22
SIM5
SIM1
SIM2
SIM3
SIM4
1
21
22
SIM5
SIM1
SIM2
SIM3
SIM4
1
21
22
SIM5
SIM1
SIM2
SIM3
SIM4
1
21
22
SIM5
SIM1
SIM2
SIM3
SIM4
1
21
22
SIM5
SIM1
SIM2
SIM3
SIM4
1
21
22
SIM5
SIM1
SIM2
SIM3
SIM4
1
21
22
SIM5
SIM1
SIM2
SIM3
SIM4
1
21
22
SIM5
SIM1
SIM2
SIM3
SIM4
1
21
22
SIM5
SIM1
SIM2
SIM3
SIM4
1
21
22
SIM5
SIM1
SIM2
SIM3
SIM4
1
21
22
SIM5
SIM1
SIM2
SIM3
SIM4
1
21
22
SIM5
SIM1
SIM2
SIM3
SIM4
1
21
22
SIM5
SIM1
SIM2
SIM3
SIM4
1
21
22
SIM5
SIM1
SIM2
SIM3
SIM4
1
21
22
SIM5
SIM1
SIM2
DEBUG 1 418
SIM1
SIM2
SIM3
SIM4
1
21
22
SIM5
SIM1
SIM2
SIM3
SIM4
1
21
22
SIM5
SIM1
SIM2
SIM3
SIM4
1
21
22
SIM5
SIM1
SIM2
SIM3
SIM4
1
21
22
SIM5
SIM1
SIM2
SIM3
SIM4
1
21
22
SIM5
SIM1
SIM2
SIM3
SIM4
1
21
22
SIM5
SIM1
SIM2
SIM3
SIM4
1
21
22
SIM5
SIM1
SIM2
SIM3
SIM4
1
21
22
SIM5
SIM1
SIM2
SIM3
SIM4
1
21
22
SIM5
SIM1
SIM2
SIM3
SIM4
1
21
22
SIM5
SIM1
SIM2
SIM3
SIM4
1
21
22
SIM5
SIM1
SIM2
SIM3
SIM4
1
21
22
SIM5
SIM1
SIM2
SIM3
SIM4
1
21
22
SIM5
SIM1
SIM2
SIM3
SIM4
1
21
22
SIM5
SIM1
SIM2
SIM3
SIM4
1
21
22
SIM5
SIM1
SIM2
SIM3
SIM4
1
21
22
SIM5
SIM1
SIM2
SIM3
SIM4
1
21
22
SIM5
SIM1
SIM2
SIM3
SIM4
1
21
22
SIM5
SIM1
SIM2
SIM3
SIM4
1
21
22
SIM5
SIM1
SIM2
SIM3
SIM4
1
21
22
SIM5
SIM1
SIM2
SIM3
SIM4
1
21
22
SIM5
SIM1
SIM2
SIM3
SIM4
1
21
22
SIM5
SIM1
SIM2
SIM3
SIM4
1
21
22
SIM5
SIM1
SIM2
SIM3
SIM4
1
21
22
SIM5
SIM1
SIM2
SIM3
SIM4
1
21
22
SIM5
SIM1
SIM2
SIM3
SIM4
1
21
22
SIM5
SIM1
SIM2
SIM3
SIM4
1
21
22
SIM5
SIM1
SIM2
SIM3
SIM4
1
21
22
SIM5
SIM1
SIM2
SIM3
SIM4
1
21
22
SIM5
SIM1
SIM2
SIM3
SIM4
1
21
22
SIM5
SIM1
SIM2
SIM3
SIM4
1
21
22
SIM5
SIM1
SIM2
SIM3
SIM4
1
21
22
SIM5
SIM1
SIM2
SIM3
SIM4
1
21
22
SIM5
SIM1
SIM2
SIM3
SIM4
1
21
22
SIM5
SIM1
SIM2
SIM3
SIM4
1
21
22
SIM5
SIM1
SIM2
SIM3
SIM4
1
21
22
SIM5
SIM1
SIM2
SIM3
SIM4
1
21
22
SIM5
SIM1
SIM2
SIM3
SIM4
1
21
22
SIM5
SIM1
SIM2
SIM3
SIM4
1
21
22
SIM5
SIM1
SIM2
SIM3
SIM4
1
21
22
SIM5
SIM1
SIM2
SIM3
SIM4
1
21
22
SIM5
SIM1
SIM2
SIM3
SIM4
1
21
22
SIM5
SIM1
SIM2
SIM3
SIM4
1
21
22
SIM5
SIM1
SIM2
SIM3
SIM4
1
21
22
SIM5
SIM1
SIM2
SIM3
SIM4
1
21
22
SIM5
SIM1
SIM2
SIM3
SIM4
1
21
22
SIM5
SIM1
SIM2
SIM3
SIM4
1
21
22
SIM5
SIM1
SIM2
SIM3
SIM4
1
21
22
SIM5
SIM1
SIM2
SIM3
SIM4
1
21
22
SIM5
SIM1
SIM2
SIM3
SIM4
1
21
22
SIM5
SIM1
SIM2
SIM3
SIM4
1
21
22
SIM5
SIM1
SIM2
SIM3
SIM4
1
21
22
SIM5
SIM1
SIM2
SIM3
SIM4
1
21
22
SIM5
SIM1
SIM2
SIM3
SIM4
1
21
22
SIM5
SIM1
SIM2
SIM3
SIM4
1
21
22
SIM5
SIM1
SIM2
SIM3
SIM4
1
21
22
SIM5
SIM1
SIM2
SIM3
SIM4
1
21
22
SIM5
SIM1
SIM2
SIM3
SIM4
1
21
22
SIM5
SIM1
SIM2
SIM3
SIM4
1
21
22
SIM5
SIM1
SIM2
SIM3
SIM4
1
21
22
SIM5
SIM1
SIM2
SIM3
SIM4
1
21
22
SIM5
SIM1
SIM2
SIM3
SIM4
1
21
22
SIM5
SIM1
SIM2
SIM3
SIM4
1
21
22
SIM5
SIM1
SIM2
SIM3
SIM4
1
21
22
SIM5
SIM1
SIM2
SIM3
SIM4
1
21
22
SIM5
SIM1
SIM2
SIM3
SIM4
1
21
22
SIM5
SIM1
SIM2
SIM3
SIM4
1
21
22
SIM5
SIM1
SIM2
SIM3
SIM4
1
21
22
SIM5
SIM1
SIM2
SIM3
SIM4
1
21
22
SIM5
SIM1
SIM2
SIM3
SIM4
1
21
22
SIM5
SIM1
SIM2
SIM3
SIM4
1
21
22
SIM5
SIM1
SIM2
SIM3
SIM4
1
21
22
SIM5
SIM1
SIM2
SIM3
SIM4
1
21
22
SIM5
SIM1
SIM2
SIM3
SIM4
1
21
22
SIM5
SIM1
SIM2
SIM3
SIM4
1
21
22
SIM5
SIM1
SIM2
SIM3
SIM4
1
21
22
SIM5
SIM1
SIM2
SIM3
SIM4
1
21
22
SIM5
SIM1
SIM2
SIM3
SIM4
1
21
22
SIM5
SIM1
SIM2
SIM3
SIM4
1
21
22
SIM5
SIM1
SIM2
SIM3
SIM4
1
21
22
SIM5
SIM1
SIM2
SIM3
SIM4
1
21
22
SIM5
SIM1
SIM2
SIM3
SIM4
1
21
22
SIM5
SIM1
SIM2
SIM3
SIM4
1
21
22
SIM5
SIM1
SIM2
SIM3
SIM4
1
21
22
SIM5
SIM1
SIM2
SIM3
SIM4
1
21
22
SIM5
SIM1
SIM2
SIM3
SIM4
1
21
22
SIM5
SIM1
SIM2
SIM3
SIM4
1
21
22
SIM5
SIM1
SIM2
SIM3
SIM4
1
21
22
SIM5
SIM1
SIM2
SIM3
SIM4
1
21
22
SIM5
SIM1
SIM2
SIM3
SIM4
1
21
22
SIM5
SIM1
SIM2
SIM3
SIM4
1
21
22
SIM5
SIM1
SIM2
SIM3
SIM4
1
21
22
SIM5
SIM1
SIM2
SIM3
SIM4
1
21
22
SIM5
SIM1
SIM2
SIM3
SIM4
1
21
22
SIM5
SIM1
SIM2
SIM3
SIM4
1
21
22
SIM5
SIM1
SIM2
SIM3
SIM4
1
21
22
SIM5
SIM1
SIM2
SIM3
SIM4
1
21
22
SIM5
SIM1
SIM2
SIM3
SIM4
1
21
22
SIM5
SIM1
SIM2
SIM3
SIM4
1
21
22
SIM5
SIM1
SIM2
SIM3
SIM4
1
21
22
SIM5
SIM1
SIM2
SIM3
SIM4
1
21
22
SIM5
SIM1
SIM2
SIM3
SIM4
1
21
22
SIM5
SIM1
SIM2
SIM3
SIM4
1
21
22
SIM5
SIM1
SIM2
SIM3
SIM4
1
21
22
SIM5
SIM1
SIM2
SIM3
SIM4
1
21
22
SIM5
SIM1
SIM2
SIM3
SIM4
1
21
22
SIM5
SIM1
SIM2
SIM3
SIM4
1
21
22
SIM5
SIM1
SIM2
SIM3
SIM4
1
21
22
SIM5
SIM1
SIM2
SIM3
SIM4
1
21
22
SIM5
SIM1
SIM2
SIM3
SIM4
1
21
22
SIM5
SIM1
SIM2
SIM3
SIM4
1
21
22
SIM5
SIM1
SIM2
SIM3
SIM4
1
21
22
SIM5
SIM1
SIM2
SIM3
SIM4
1
21
22
SIM5
SIM1
SIM2
SIM3
SIM4
1
21
22
SIM5
SIM1
SIM2
SIM3
SIM4
1
21
22
SIM5
SIM1
SIM2
SIM3
SIM4
1
21
22
SIM5
SIM1
SIM2
SIM3
SIM4
1
21
22
SIM5
SIM1
SIM2
SIM3
SIM4
1
21
22
SIM5
SIM1
SIM2
SIM3
SIM4
1
21
22
SIM5
SIM1
SIM2
SIM3
SIM4
1
21
22
SIM5
SIM1
SIM2
SIM3
SIM4
1
21
22
SIM5
SIM1
SIM2
SIM3
SIM4
1
21
22
SIM5
SIM1
SIM2
SIM3
SIM4
1
21
22
SIM5
SIM1
SIM2
SIM3
SIM4
1
21
22
SIM5
SIM1
SIM2
SIM3
SIM4
1
21
22
SIM5
SIM1
SIM2
SIM3
SIM4
1
21
22
SIM5
SIM1
SIM2
SIM3
SIM4
1
21
22
SIM5
SIM1
SIM2
SIM3
SIM4
1
21
22
SIM5
SIM1
SIM2
SIM3
SIM4
1
21
22
SIM5
SIM1
SIM2
SIM3
SIM4
1
21
22
SIM5
SIM1
SIM2
SIM3
SIM4
1
21
22
SIM5
SIM1
SIM2
SIM3
SIM4
1
21
22
SIM5
SIM1
SIM2
SIM3
SIM4
1
21
22
SIM5
SIM1
SIM2
SIM3
SIM4
1
21
22
SIM5
SIM1
SIM2
SIM3
SIM4
1
21
22
SIM5
SIM1
SIM2
SIM3
SIM4
1
21
22
SIM5
SIM1
SIM2
SIM3
SIM4
1
21
22
SIM5
SIM1
SIM2
SIM3
SIM4
1
21
22
SIM5
SIM1
SIM2
SIM3
SIM4
1
21
22
SIM5
SIM1
SIM2
SIM3
SIM4
1
21
22
SIM5
SIM1
SIM2
SIM3
SIM4
1
21
22
SIM5
SIM1
SIM2
SIM3
SIM4
1
21
22
SIM5
SIM1
SIM2
SIM3
SIM4
1
21
22
SIM5
SIM1
SIM2
SIM3
SIM4
1
21
22
SIM5
SIM1
SIM2
SIM3
SIM4
1
21
22
SIM5
SIM1
SIM2
SIM3
SIM4
1
21
22
SIM5
SIM1
SIM2
SIM3
SIM4
1
21
22
SIM5
SIM1
SIM2
SIM3
SIM4
1
21
22
SIM5
SIM1
SIM2
SIM3
SIM4
1
21
22
SIM5
SIM1
SIM2
SIM3
SIM4
1
21
22
SIM5
SIM1
SIM2
SIM3
SIM4
1
21
22
SIM5
SIM1
SIM2
SIM3
SIM4
1
21
22
SIM5
SIM1
SIM2
SIM3
SIM4
1
21
22
SIM5
SIM1
SIM2
SIM3
SIM4
1
21
22
SIM5
SIM1
SIM2
SIM3
SIM4
1
21
22
SIM5
SIM1
SIM2
SIM3
SIM4
1
21
22
SIM5
SIM1
SIM2
SIM3
SIM4
1
21
22
SIM5
SIM1
SIM2
SIM3
SIM4
1
21
22
SIM5
SIM1
SIM2
SIM3
SIM4
1
21
22
SIM5
SIM1
SIM2
SIM3
SIM4
1
21
22
SIM5
SIM1
SIM2
SIM3
SIM4
1
21
22
SIM5
SIM1
SIM2
SIM3
SIM4
1
21
22
SIM5
SIM1
SIM2
SIM3
SIM4
1
21
22
SIM5
SIM1
SIM2
SIM3
SIM4
1
21
22
SIM5
SIM1
SIM2
SIM3
SIM4
1
21
22
SIM5
SIM1
SIM2
SIM3
SIM4
1
21
22
SIM5
SIM1
SIM2
SIM3
SIM4
1
21
22
SIM5
SIM1
SIM2
SIM3
SIM4
1
21
22
SIM5
SIM1
SIM2
SIM3
SIM4
1
21
22
SIM5
SIM1
SIM2
SIM3
SIM4
1
21
22
SIM5
SIM1
SIM2
SIM3
SIM4
1
21
22
SIM5
SIM1
SIM2
SIM3
SIM4
1
21
22
SIM5
SIM1
SIM2
SIM3
SIM4
1
21
22
SIM5
SIM1
SIM2
SIM3
SIM4
1
21
22
SIM5
SIM1
SIM2
SIM3
SIM4
1
21
22
SIM5
SIM1
SIM2
SIM3
SIM4
1
21
22
SIM5
SIM1
SIM2
SIM3
SIM4
1
21
22
SIM5
SIM1
SIM2
SIM3
SIM4
1
21
22
SIM5
SIM1
SIM2
SIM3
SIM4
1
21
22
SIM5
SIM1
SIM2
SIM3
SIM4
1
21
22
SIM5
SIM1
SIM2
SIM3
SIM4
1
21
22
SIM5
SIM1
SIM2
SIM3
SIM4
1
21
22
SIM5
SIM1
SIM2
SIM3
SIM4
1
21
22
SIM5
SIM1
SIM2
SIM3
SIM4
1
21
22
SIM5
SIM1
SIM2
SIM3
SIM4
1
21
22
SIM5
SIM1
SIM2
SIM3
SIM4
1
21
22
SIM5
SIM1
SIM2
SIM3
SIM4
1
21
22
SIM5
SIM1
SIM2
SIM3
SIM4
1
21
22
SIM5
SIM1
SIM2
SIM3
SIM4
1
21
22
SIM5
SIM1
SIM2
SIM3
SIM4
1
21
22
SIM5
SIM1
SIM2
SIM3
SIM4
1
21
22
SIM5
SIM1
SIM2
SIM3
SIM4
1
21
22
SIM5
SIM1
SIM2
SIM3
SIM4
1
21
22
SIM5
SIM1
SIM2
SIM3
SIM4
1
21
22
SIM5
SIM1
SIM2
SIM3
SIM4
1
21
22
SIM5
SIM1
SIM2
SIM3
SIM4
1
21
22
SIM5
SIM1
SIM2
SIM3
SIM4
1
21
22
SIM5
SIM1
SIM2
SIM3
SIM4
1
21
22
SIM5
SIM1
SIM2
SIM3
SIM4
1
21
22
SIM5
SIM1
SIM2
SIM3
SIM4
1
21
22
SIM5
SIM1
SIM2
SIM3
SIM4
1
21
22
SIM5
SIM1
SIM2
SIM3
SIM4
1
21
22
SIM5
SIM1
SIM2
SIM3
SIM4
1
21
22
SIM5
SIM1
SIM2
SIM3
SIM4
1
21
22
SIM5
SIM1
SIM2
SIM3
SIM4
1
21
22
SIM5
SIM1
SIM2
SIM3
SIM4
1
21
22
SIM5
SIM1
SIM2
SIM3
SIM4
1
21
22
SIM5
SIM1
SIM2
SIM3
SIM4
1
21
22
SIM5
SIM1
SIM2
SIM3
SIM4
1
21
22
SIM5
SIM1
SIM2
SIM3
SIM4
1
21
22
SIM5
SIM1
SIM2
SIM3
SIM4
1
21
22
SIM5
SIM1
SIM2
SIM3
SIM4
1
21
22
SIM5
SIM1
SIM2
SIM3
SIM4
1
21
22
SIM5
SIM1
SIM2
SIM3
SIM4
1
21
22
SIM5
SIM1
SIM2
SIM3
SIM4
1
21
22
SIM5
SIM1
SIM2
SIM3
SIM4
1
21
22
SIM5
SIM1
SIM2
SIM3
SIM4
1
21
22
SIM5
SIM1
SIM2
SIM3
SIM4
1
21
22
SIM5
SIM1
SIM2
SIM3
SIM4
1
21
22
SIM5
SIM1
SIM2
SIM3
SIM4
1
21
22
SIM5
SIM1
SIM2
SIM3
SIM4
1
21
22
SIM5
SIM1
SIM2
SIM3
SIM4
1
21
22
SIM5
SIM1
SIM2
SIM3
SIM4
1
21
22
SIM5
SIM1
SIM2
SIM3
SIM4
1
21
22
SIM5
SIM1
SIM2
SIM3
SIM4
1
21
22
SIM5
SIM1
SIM2
SIM3
SIM4
1
21
22
SIM5
SIM1
SIM2
SIM3
SIM4
1
21
22
SIM5
SIM1
SIM2
SIM3
SIM4
1
21
22
SIM5
SIM1
SIM2
SIM3
SIM4
1
21
22
SIM5
SIM1
SIM2
SIM3
SIM4
1
21
22
SIM5
SIM1
SIM2
SIM3
SIM4
1
21
22
SIM5
SIM1
SIM2
SIM3
SIM4
1
21
22
SIM5
SIM1
SIM2
SIM3
SIM4
1
21
22
SIM5
SIM1
SIM2
SIM3
SIM4
1
21
22
SIM5
SIM1
SIM2
SIM3
SIM4
1
21
22
SIM5
SIM1
SIM2
SIM3
SIM4
1
21
22
SIM5
SIM1
SIM2
SIM3
SIM4
1
21
22
SIM5
SIM1
SIM2
DEBUG 1 419
SIM1
SIM2
SIM3
SIM4
1
21
22
SIM5
SIM1
SIM2
SIM3
SIM4
1
21
22
SIM5
SIM1
SIM2
SIM3
SIM4
1
21
22
SIM5
SIM1
SIM2
SIM3
SIM4
1
21
22
SIM5
SIM1
SIM2
SIM3
SIM4
1
21
22
SIM5
SIM1
SIM2
SIM3
SIM4
1
21
22
SIM5
SIM1
SIM2
SIM3
SIM4
1
21
22
SIM5
SIM1
SIM2
SIM3
SIM4
1
21
22
SIM5
SIM1
SIM2
SIM3
SIM4
1
21
22
SIM5
SIM1
SIM2
SIM3
SIM4
1
21
22
SIM5
SIM1
SIM2
SIM3
SIM4
1
21
22
SIM5
SIM1
SIM2
SIM3
SIM4
1
21
22
SIM5
SIM1
SIM2
SIM3
SIM4
1
21
22
SIM5
SIM1
SIM2
SIM3
SIM4
1
21
22
SIM5
SIM1
SIM2
SIM3
SIM4
1
21
22
SIM5
SIM1
SIM2
SIM3
SIM4
1
21
22
SIM5
SIM1
SIM2
SIM3
SIM4
1
21
22
SIM5
SIM1
SIM2
SIM3
SIM4
1
21
22
SIM5
SIM1
SIM2
SIM3
SIM4
1
21
22
SIM5
SIM1
SIM2
SIM3
SIM4
1
21
22
SIM5
SIM1
SIM2
SIM3
SIM4
1
21
22
SIM5
SIM1
SIM2
SIM3
SIM4
1
21
22
SIM5
SIM1
SIM2
SIM3
SIM4
1
21
22
SIM5
SIM1
SIM2
SIM3
SIM4
1
21
22
SIM5
SIM1
SIM2
SIM3
SIM4
1
21
22
SIM5
SIM1
SIM2
SIM3
SIM4
1
21
22
SIM5
SIM1
SIM2
SIM3
SIM4
1
21
22
SIM5
SIM1
SIM2
SIM3
SIM4
1
21
22
SIM5
SIM1
SIM2
SIM3
SIM4
1
21
22
SIM5
SIM1
SIM2
SIM3
SIM4
1
21
22
SIM5
SIM1
SIM2
SIM3
SIM4
1
21
22
SIM5
SIM1
SIM2
SIM3
SIM4
1
21
22
SIM5
SIM1
SIM2
SIM3
SIM4
1
21
22
SIM5
SIM1
SIM2
SIM3
SIM4
1
21
22
SIM5
SIM1
SIM2
SIM3
SIM4
1
21
22
SIM5
SIM1
SIM2
SIM3
SIM4
1
21
22
SIM5
SIM1
SIM2
SIM3
SIM4
1
21
22
SIM5
SIM1
SIM2
SIM3
SIM4
1
21
22
SIM5
SIM1
SIM2
SIM3
SIM4
1
21
22
SIM5
SIM1
SIM2
SIM3
SIM4
1
21
22
SIM5
SIM1
SIM2
SIM3
SIM4
1
21
22
SIM5
SIM1
SIM2
SIM3
SIM4
1
21
22
SIM5
SIM1
SIM2
SIM3
SIM4
1
21
22
SIM5
SIM1
SIM2
SIM3
SIM4
1
21
22
SIM5
SIM1
SIM2
SIM3
SIM4
1
21
22
SIM5
SIM1
SIM2
SIM3
SIM4
1
21
22
SIM5
SIM1
SIM2
SIM3
SIM4
1
21
22
SIM5
SIM1
SIM2
SIM3
SIM4
1
21
22
SIM5
SIM1
SIM2
SIM3
SIM4
1
21
22
SIM5
SIM1
SIM2
SIM3
SIM4
1
21
22
SIM5
SIM1
SIM2
SIM3
SIM4
1
21
22
SIM5
SIM1
SIM2
SIM3
SIM4
1
21
22
SIM5
SIM1
SIM2
SIM3
SIM4
1
21
22
SIM5
SIM1
SIM2
SIM3
SIM4
1
21
22
SIM5
SIM1
SIM2
SIM3
SIM4
1
21
22
SIM5
SIM1
SIM2
SIM3
SIM4
1
21
22
SIM5
SIM1
SIM2
SIM3
SIM4
1
21
22
SIM5
SIM1
SIM2
SIM3
SIM4
1
21
22
SIM5
SIM1
SIM2
SIM3
SIM4
1
21
22
SIM5
SIM1
SIM2
SIM3
SIM4
1
21
22
SIM5
SIM1
SIM2
SIM3
SIM4
1
21
22
SIM5
SIM1
SIM2
SIM3
SIM4
1
21
22
SIM5
SIM1
SIM2
SIM3
SIM4
1
21
22
SIM5
SIM1
SIM2
SIM3
SIM4
1
21
22
SIM5
SIM1
SIM2
SIM3
SIM4
1
21
22
SIM5
SIM1
SIM2
SIM3
SIM4
1
21
22
SIM5
SIM1
SIM2
SIM3
SIM4
1
21
22
SIM5
SIM1
SIM2
SIM3
SIM4
1
21
22
SIM5
SIM1
SIM2
SIM3
SIM4
1
21
22
SIM5
SIM1
SIM2
SIM3
SIM4
1
21
22
SIM5
SIM1
SIM2
SIM3
SIM4
1
21
22
SIM5
SIM1
SIM2
SIM3
SIM4
1
21
22
SIM5
SIM1
SIM2
SIM3
SIM4
1
21
22
SIM5
SIM1
SIM2
SIM3
SIM4
1
21
22
SIM5
SIM1
SIM2
SIM3
SIM4
1
21
22
SIM5
SIM1
SIM2
SIM3
SIM4
1
21
22
SIM5
SIM1
SIM2
SIM3
SIM4
1
21
22
SIM5
SIM1
SIM2
SIM3
SIM4
1
21
22
SIM5
SIM1
SIM2
SIM3
SIM4
1
21
22
SIM5
SIM1
SIM2
SIM3
SIM4
1
21
22
SIM5
SIM1
SIM2
SIM3
SIM4
1
21
22
SIM5
SIM1
SIM2
SIM3
SIM4
1
21
22
SIM5
SIM1
SIM2
SIM3
SIM4
1
21
22
SIM5
SIM1
SIM2
SIM3
SIM4
1
21
22
SIM5
SIM1
SIM2
SIM3
SIM4
1
21
22
SIM5
SIM1
SIM2
SIM3
SIM4
1
21
22
SIM5
SIM1
SIM2
SIM3
SIM4
1
21
22
SIM5
SIM1
SIM2
SIM3
SIM4
1
21
22
SIM5
SIM1
SIM2
SIM3
SIM4
1
21
22
SIM5
SIM1
SIM2
SIM3
SIM4
1
21
22
SIM5
SIM1
SIM2
SIM3
SIM4
1
21
22
SIM5
SIM1
SIM2
SIM3
SIM4
1
21
22
SIM5
SIM1
SIM2
SIM3
SIM4
1
21
22
SIM5
SIM1
SIM2
SIM3
SIM4
1
21
22
SIM5
SIM1
SIM2
SIM3
SIM4
1
21
22
SIM5
SIM1
SIM2
SIM3
SIM4
1
21
22
SIM5
SIM1
SIM2
SIM3
SIM4
1
21
22
SIM5
SIM1
SIM2
SIM3
SIM4
1
21
22
SIM5
SIM1
SIM2
SIM3
SIM4
1
21
22
SIM5
SIM1
SIM2
SIM3
SIM4
1
21
22
SIM5
SIM1
SIM2
SIM3
SIM4
1
21
22
SIM5
SIM1
SIM2
SIM3
SIM4
1
21
22
SIM5
SIM1
SIM2
SIM3
SIM4
1
21
22
SIM5
SIM1
SIM2
SIM3
SIM4
1
21
22
SIM5
SIM1
SIM2
SIM3
SIM4
1
21
22
SIM5
SIM1
SIM2
SIM3
SIM4
1
21
22
SIM5
SIM1
SIM2
SIM3
SIM4
1
21
22
SIM5
SIM1
SIM2
SIM3
SIM4
1
21
22
SIM5
SIM1
SIM2
SIM3
SIM4
1
21
22
SIM5
SIM1
SIM2
SIM3
SIM4
1
21
22
SIM5
SIM1
SIM2
SIM3
SIM4
1
21
22
SIM5
SIM1
SIM2
SIM3
SIM4
1
21
22
SIM5
SIM1
SIM2
SIM3
SIM4
1
21
22
SIM5
SIM1
SIM2
SIM3
SIM4
1
21
22
SIM5
SIM1
SIM2
SIM3
SIM4
1
21
22
SIM5
SIM1
SIM2
SIM3
SIM4
1
21
22
SIM5
SIM1
SIM2
SIM3
SIM4
1
21
22
SIM5
SIM1
SIM2
SIM3
SIM4
1
21
22
SIM5
SIM1
SIM2
SIM3
SIM4
1
21
22
SIM5
SIM1
SIM2
SIM3
SIM4
1
21
22
SIM5
SIM1
SIM2
SIM3
SIM4
1
21
22
SIM5
SIM1
SIM2
SIM3
SIM4
1
21
22
SIM5
SIM1
SIM2
SIM3
SIM4
1
21
22
SIM5
SIM1
SIM2
SIM3
SIM4
1
21
22
SIM5
SIM1
SIM2
SIM3
SIM4
1
21
22
SIM5
SIM1
SIM2
SIM3
SIM4
1
21
22
SIM5
SIM1
SIM2
SIM3
SIM4
1
21
22
SIM5
SIM1
SIM2
SIM3
SIM4
1
21
22
SIM5
SIM1
SIM2
SIM3
SIM4
1
21
22
SIM5
SIM1
SIM2
SIM3
SIM4
1
21
22
SIM5
SIM1
SIM2
SIM3
SIM4
1
21
22
SIM5
SIM1
SIM2
SIM3
SIM4
1
21
22
SIM5
SIM1
SIM2
SIM3
SIM4
1
21
22
SIM5
SIM1
SIM2
SIM3
SIM4
1
21
22
SIM5
SIM1
SIM2
SIM3
SIM4
1
21
22
SIM5
SIM1
SIM2
SIM3
SIM4
1
21
22
SIM5
SIM1
SIM2
SIM3
SIM4
1
21
22
SIM5
SIM1
SIM2
SIM3
SIM4
1
21
22
SIM5
SIM1
SIM2
SIM3
SIM4
1
21
22
SIM5
SIM1
SIM2
DEBUG 1 420
SIM1
SIM2
SIM3
SIM4
1
21
22
SIM5
SIM1
SIM2
SIM3
SIM4
1
21
22
SIM5
SIM1
SIM2
SIM3
SIM4
1
21
22
SIM5
SIM1
SIM2
SIM3
SIM4
1
21
22
SIM5
SIM1
SIM2
SIM3
SIM4
1
21
22
SIM5
SIM1
SIM2
SIM3
SIM4
1
21
22
SIM5
SIM1
SIM2
SIM3
SIM4
1
21
22
SIM5
SIM1
SIM2
SIM3
SIM4
1
21
22
SIM5
SIM1
SIM2
SIM3
SIM4
1
21
22
SIM5
SIM1
SIM2
SIM3
SIM4
1
21
22
SIM5
SIM1
SIM2
SIM3
SIM4
1
21
22
SIM5
SIM1
SIM2
SIM3
SIM4
1
21
22
SIM5
SIM1
SIM2
SIM3
SIM4
1
21
22
SIM5
SIM1
SIM2
SIM3
SIM4
1
21
22
SIM5
SIM1
SIM2
SIM3
SIM4
1
21
22
SIM5
SIM1
SIM2
SIM3
SIM4
1
21
22
SIM5
SIM1
SIM2
SIM3
SIM4
1
21
22
SIM5
SIM1
SIM2
SIM3
SIM4
1
21
22
SIM5
SIM1
SIM2
SIM3
SIM4
1
21
22
SIM5
SIM1
SIM2
SIM3
SIM4
1
21
22
SIM5
SIM1
SIM2
SIM3
SIM4
1
21
22
SIM5
SIM1
SIM2
SIM3
SIM4
1
21
22
SIM5
SIM1
SIM2
SIM3
SIM4
1
21
22
SIM5
SIM1
SIM2
SIM3
SIM4
1
21
22
SIM5
SIM1
SIM2
SIM3
SIM4
1
21
22
SIM5
SIM1
SIM2
SIM3
SIM4
1
21
22
SIM5
SIM1
SIM2
SIM3
SIM4
1
21
22
SIM5
SIM1
SIM2
SIM3
SIM4
1
21
22
SIM5
SIM1
SIM2
SIM3
SIM4
1
21
22
SIM5
SIM1
SIM2
SIM3
SIM4
1
21
22
SIM5
SIM1
SIM2
SIM3
SIM4
1
21
22
SIM5
SIM1
SIM2
SIM3
SIM4
1
21
22
SIM5
SIM1
SIM2
SIM3
SIM4
1
21
22
SIM5
SIM1
SIM2
SIM3
SIM4
1
21
22
SIM5
SIM1
SIM2
SIM3
SIM4
1
21
22
SIM5
SIM1
SIM2
SIM3
SIM4
1
21
22
SIM5
SIM1
SIM2
SIM3
SIM4
1
21
22
SIM5
SIM1
SIM2
SIM3
SIM4
1
21
22
SIM5
SIM1
SIM2
SIM3
SIM4
1
21
22
SIM5
SIM1
SIM2
SIM3
SIM4
1
21
22
SIM5
SIM1
SIM2
SIM3
SIM4
1
21
22
SIM5
SIM1
SIM2
SIM3
SIM4
1
21
22
SIM5
SIM1
SIM2
SIM3
SIM4
1
21
22
SIM5
SIM1
SIM2
SIM3
SIM4
1
21
22
SIM5
SIM1
SIM2
SIM3
SIM4
1
21
22
SIM5
SIM1
SIM2
SIM3
SIM4
1
21
22
SIM5
SIM1
SIM2
SIM3
SIM4
1
21
22
SIM5
SIM1
SIM2
SIM3
SIM4
1
21
22
SIM5
SIM1
SIM2
SIM3
SIM4
1
21
22
SIM5
SIM1
SIM2
SIM3
SIM4
1
21
22
SIM5
SIM1
SIM2
SIM3
SIM4
1
21
22
SIM5
SIM1
SIM2
SIM3
SIM4
1
21
22
SIM5
SIM1
SIM2
SIM3
SIM4
1
21
22
SIM5
SIM1
SIM2
SIM3
SIM4
1
21
22
SIM5
SIM1
SIM2
SIM3
SIM4
1
21
22
SIM5
SIM1
SIM2
SIM3
SIM4
1
21
22
SIM5
SIM1
SIM2
SIM3
SIM4
1
21
22
SIM5
SIM1
SIM2
SIM3
SIM4
1
21
22
SIM5
SIM1
SIM2
SIM3
SIM4
1
21
22
SIM5
SIM1
SIM2
SIM3
SIM4
1
21
22
SIM5
SIM1
SIM2
SIM3
SIM4
1
21
22
SIM5
SIM1
SIM2
SIM3
SIM4
1
21
22
SIM5
SIM1
SIM2
SIM3
SIM4
1
21
22
SIM5
SIM1
SIM2
SIM3
SIM4
1
21
22
SIM5
SIM1
SIM2
SIM3
SIM4
1
21
22
SIM5
SIM1
SIM2
SIM3
SIM4
1
21
22
SIM5
SIM1
SIM2
SIM3
SIM4
1
21
22
SIM5
SIM1
SIM2
SIM3
SIM4
1
21
22
SIM5
SIM1
SIM2
SIM3
SIM4
1
21
22
SIM5
SIM1
SIM2
SIM3
SIM4
1
21
22
SIM5
SIM1
SIM2
SIM3
SIM4
1
21
22
SIM5
SIM1
SIM2
SIM3
SIM4
1
21
22
SIM5
SIM1
SIM2
SIM3
SIM4
1
21
22
SIM5
SIM1
SIM2
SIM3
SIM4
1
21
22
SIM5
SIM1
SIM2
SIM3
SIM4
1
21
22
SIM5
SIM1
SIM2
SIM3
SIM4
1
21
22
SIM5
SIM1
SIM2
SIM3
SIM4
1
21
22
SIM5
SIM1
SIM2
SIM3
SIM4
1
21
22
SIM5
SIM1
SIM2
SIM3
SIM4
1
21
22
SIM5
SIM1
SIM2
SIM3
SIM4
1
21
22
SIM5
SIM1
SIM2
SIM3
SIM4
1
21
22
SIM5
SIM1
SIM2
SIM3
SIM4
1
21
22
SIM5
SIM1
SIM2
SIM3
SIM4
1
21
22
SIM5
SIM1
SIM2
SIM3
SIM4
1
21
22
SIM5
SIM1
SIM2
SIM3
SIM4
1
21
22
SIM5
SIM1
SIM2
SIM3
SIM4
1
21
22
SIM5
SIM1
SIM2
SIM3
SIM4
1
21
22
SIM5
SIM1
SIM2
SIM3
SIM4
1
21
22
SIM5
SIM1
SIM2
SIM3
SIM4
1
21
22
SIM5
SIM1
SIM2
SIM3
SIM4
1
21
22
SIM5
SIM1
SIM2
SIM3
SIM4
1
21
22
SIM5
SIM1
SIM2
SIM3
SIM4
1
21
22
SIM5
SIM1
SIM2
SIM3
SIM4
1
21
22
SIM5
SIM1
SIM2
SIM3
SIM4
1
21
22
SIM5
SIM1
SIM2
SIM3
SIM4
1
21
22
SIM5
SIM1
SIM2
SIM3
SIM4
1
21
22
SIM5
SIM1
SIM2
SIM3
SIM4
1
21
22
SIM5
SIM1
SIM2
SIM3
SIM4
1
21
22
SIM5
SIM1
SIM2
SIM3
SIM4
1
21
22
SIM5
SIM1
SIM2
SIM3
SIM4
1
21
22
SIM5
SIM1
SIM2
SIM3
SIM4
1
21
22
SIM5
SIM1
SIM2
SIM3
SIM4
1
21
22
SIM5
SIM1
SIM2
SIM3
SIM4
1
21
22
SIM5
SIM1
SIM2
SIM3
SIM4
1
21
22
SIM5
SIM1
SIM2
SIM3
SIM4
1
21
22
SIM5
SIM1
SIM2
SIM3
SIM4
1
21
22
SIM5
SIM1
SIM2
SIM3
SIM4
1
21
22
SIM5
SIM1
SIM2
SIM3
SIM4
1
21
22
SIM5
SIM1
SIM2
SIM3
SIM4
1
21
22
SIM5
SIM1
SIM2
SIM3
SIM4
1
21
22
SIM5
SIM1
SIM2
SIM3
SIM4
1
21
22
SIM5
SIM1
SIM2
SIM3
SIM4
1
21
22
SIM5
SIM1
SIM2
SIM3
SIM4
1
21
22
SIM5
SIM1
SIM2
SIM3
SIM4
1
21
22
SIM5
SIM1
SIM2
SIM3
SIM4
1
21
22
SIM5
SIM1
SIM2
DEBUG 1 421
SIM1
SIM2
SIM3
SIM4
1
21
22
SIM5
SIM1
SIM2
SIM3
SIM4
1
21
22
SIM5
SIM1
SIM2
SIM3
SIM4
1
21
22
SIM5
SIM1
SIM2
SIM3
SIM4
1
21
22
SIM5
SIM1
SIM2
SIM3
SIM4
1
21
22
SIM5
SIM1
SIM2
SIM3
SIM4
1
21
22
SIM5
SIM1
SIM2
SIM3
SIM4
1
21
22
SIM5
SIM1
SIM2
SIM3
SIM4
1
21
22
SIM5
SIM1
SIM2
SIM3
SIM4
1
21
22
SIM5
SIM1
SIM2
SIM3
SIM4
1
21
22
SIM5
SIM1
SIM2
SIM3
SIM4
1
21
22
SIM5
SIM1
SIM2
SIM3
SIM4
1
21
22
SIM5
SIM1
SIM2
SIM3
SIM4
1
21
22
SIM5
SIM1
SIM2
SIM3
SIM4
1
21
22
SIM5
SIM1
SIM2
SIM3
SIM4
1
21
22
SIM5
SIM1
SIM2
SIM3
SIM4
1
21
22
SIM5
SIM1
SIM2
SIM3
SIM4
1
21
22
SIM5
SIM1
SIM2
SIM3
SIM4
1
21
22
SIM5
SIM1
SIM2
SIM3
SIM4
1
21
22
SIM5
SIM1
SIM2
SIM3
SIM4
1
21
22
SIM5
SIM1
SIM2
SIM3
SIM4
1
21
22
SIM5
SIM1
SIM2
SIM3
SIM4
1
21
22
SIM5
SIM1
SIM2
SIM3
SIM4
1
21
22
SIM5
SIM1
SIM2
SIM3
SIM4
1
21
22
SIM5
SIM1
SIM2
SIM3
SIM4
1
21
22
SIM5
SIM1
SIM2
SIM3
SIM4
1
21
22
SIM5
SIM1
SIM2
SIM3
SIM4
1
21
22
SIM5
SIM1
SIM2
SIM3
SIM4
1
21
22
SIM5
SIM1
SIM2
SIM3
SIM4
1
21
22
SIM5
SIM1
SIM2
SIM3
SIM4
1
21
22
SIM5
SIM1
SIM2
SIM3
SIM4
1
21
22
SIM5
SIM1
SIM2
SIM3
SIM4
1
21
22
SIM5
SIM1
SIM2
SIM3
SIM4
1
21
22
SIM5
SIM1
SIM2
SIM3
SIM4
1
21
22
SIM5
SIM1
SIM2
SIM3
SIM4
1
21
22
SIM5
SIM1
SIM2
SIM3
SIM4
1
21
22
SIM5
SIM1
SIM2
SIM3
SIM4
1
21
22
SIM5
SIM1
SIM2
SIM3
SIM4
1
21
22
SIM5
SIM1
SIM2
SIM3
SIM4
1
21
22
SIM5
SIM1
SIM2
SIM3
SIM4
1
21
22
SIM5
SIM1
SIM2
SIM3
SIM4
1
21
22
SIM5
SIM1
SIM2
SIM3
SIM4
1
21
22
SIM5
SIM1
SIM2
SIM3
SIM4
1
21
22
SIM5
SIM1
SIM2
SIM3
SIM4
1
21
22
SIM5
SIM1
SIM2
SIM3
SIM4
1
21
22
SIM5
SIM1
SIM2
SIM3
SIM4
1
21
22
SIM5
SIM1
SIM2
SIM3
SIM4
1
21
22
SIM5
SIM1
SIM2
SIM3
SIM4
1
21
22
SIM5
SIM1
SIM2
SIM3
SIM4
1
21
22
SIM5
SIM1
SIM2
SIM3
SIM4
1
21
22
SIM5
SIM1
SIM2
SIM3
SIM4
1
21
22
SIM5
SIM1
SIM2
SIM3
SIM4
1
21
22
SIM5
SIM1
SIM2
SIM3
SIM4
1
21
22
SIM5
SIM1
SIM2
SIM3
SIM4
1
21
22
SIM5
SIM1
SIM2
SIM3
SIM4
1
21
22
SIM5
SIM1
SIM2
SIM3
SIM4
1
21
22
SIM5
SIM1
SIM2
SIM3
SIM4
1
21
22
SIM5
SIM1
SIM2
SIM3
SIM4
1
21
22
SIM5
SIM1
SIM2
SIM3
SIM4
1
21
22
SIM5
SIM1
SIM2
SIM3
SIM4
1
21
22
SIM5
SIM1
SIM2
SIM3
SIM4
1
21
22
SIM5
SIM1
SIM2
SIM3
SIM4
1
21
22
SIM5
SIM1
SIM2
SIM3
SIM4
1
21
22
SIM5
SIM1
SIM2
SIM3
SIM4
1
21
22
SIM5
SIM1
SIM2
SIM3
SIM4
1
21
22
SIM5
SIM1
SIM2
SIM3
SIM4
1
21
22
SIM5
SIM1
SIM2
SIM3
SIM4
1
21
22
SIM5
SIM1
SIM2
SIM3
SIM4
1
21
22
SIM5
SIM1
SIM2
SIM3
SIM4
1
21
22
SIM5
SIM1
SIM2
SIM3
SIM4
1
21
22
SIM5
SIM1
SIM2
SIM3
SIM4
1
21
22
SIM5
SIM1
SIM2
SIM3
SIM4
1
21
22
SIM5
SIM1
SIM2
SIM3
SIM4
1
21
22
SIM5
SIM1
SIM2
SIM3
SIM4
1
21
22
SIM5
SIM1
SIM2
SIM3
SIM4
1
21
22
SIM5
SIM1
SIM2
SIM3
SIM4
1
21
22
SIM5
SIM1
SIM2
SIM3
SIM4
1
21
22
SIM5
SIM1
SIM2
SIM3
SIM4
1
21
22
SIM5
SIM1
SIM2
SIM3
SIM4
1
21
22
SIM5
SIM1
SIM2
SIM3
SIM4
1
21
22
SIM5
SIM1
SIM2
SIM3
SIM4
1
21
22
SIM5
SIM1
SIM2
SIM3
SIM4
1
21
22
SIM5
SIM1
SIM2
SIM3
SIM4
1
21
22
SIM5
SIM1
SIM2
SIM3
SIM4
1
21
22
SIM5
SIM1
SIM2
SIM3
SIM4
1
21
22
SIM5
SIM1
SIM2
SIM3
SIM4
1
21
22
SIM5
SIM1
SIM2
SIM3
SIM4
1
21
22
SIM5
SIM1
SIM2
SIM3
SIM4
1
21
22
SIM5
SIM1
SIM2
SIM3
SIM4
1
21
22
SIM5
SIM1
SIM2
SIM3
SIM4
1
21
22
SIM5
SIM1
SIM2
SIM3
SIM4
1
21
22
SIM5
SIM1
SIM2
SIM3
SIM4
1
21
22
SIM5
SIM1
SIM2
SIM3
SIM4
1
21
22
SIM5
SIM1
SIM2
SIM3
SIM4
1
21
22
SIM5
SIM1
SIM2
SIM3
SIM4
1
21
22
SIM5
SIM1
SIM2
SIM3
SIM4
1
21
22
SIM5
SIM1
SIM2
SIM3
SIM4
1
21
22
SIM5
SIM1
SIM2
SIM3
SIM4
1
21
22
SIM5
SIM1
SIM2
SIM3
SIM4
1
21
22
SIM5
SIM1
SIM2
SIM3
SIM4
1
21
22
SIM5
SIM1
SIM2
SIM3
SIM4
1
21
22
SIM5
SIM1
SIM2
SIM3
SIM4
1
21
22
SIM5
SIM1
SIM2
SIM3
SIM4
1
21
22
SIM5
SIM1
SIM2
SIM3
SIM4
1
21
22
SIM5
SIM1
SIM2
SIM3
SIM4
1
21
22
SIM5
SIM1
SIM2
SIM3
SIM4
1
21
22
SIM5
SIM1
SIM2
SIM3
SIM4
1
21
22
SIM5
SIM1
SIM2
SIM3
SIM4
1
21
22
SIM5
SIM1
SIM2
SIM3
SIM4
1
21
22
SIM5
SIM1
SIM2
SIM3
SIM4
1
21
22
SIM5
SIM1
SIM2
SIM3
SIM4
1
21
22
SIM5
SIM1
SIM2
SIM3
SIM4
1
21
22
SIM5
SIM1
SIM2
SIM3
SIM4
1
21
22
SIM5
SIM1
SIM2
SIM3
SIM4
1
21
22
SIM5
SIM1
SIM2
SIM3
SIM4
1
21
22
SIM5
SIM1
SIM2
SIM3
SIM4
1
21
22
SIM5
SIM1
SIM2
SIM3
SIM4
1
21
22
SIM5
SIM1
SIM2
SIM3
SIM4
1
21
22
SIM5
SIM1
SIM2
SIM3
SIM4
1
21
22
SIM5
SIM1
SIM2
SIM3
SIM4
1
21
22
SIM5
SIM1
SIM2
SIM3
SIM4
1
21
22
SIM5
SIM1
SIM2
SIM3
SIM4
1
21
22
SIM5
SIM1
SIM2
SIM3
SIM4
1
21
22
SIM5
SIM1
SIM2
SIM3
SIM4
1
21
22
SIM5
SIM1
SIM2
SIM3
SIM4
1
21
22
SIM5
SIM1
SIM2
SIM3
SIM4
1
21
22
SIM5
SIM1
SIM2
SIM3
SIM4
1
21
22
SIM5
SIM1
SIM2
SIM3
SIM4
1
21
22
SIM5
SIM1
SIM2
SIM3
SIM4
1
21
22
SIM5
SIM1
SIM2
SIM3
SIM4
1
21
22
SIM5
SIM1
SIM2
SIM3
SIM4
1
21
22
SIM5
SIM1
SIM2
SIM3
SIM4
1
21
22
SIM5
SIM1
SIM2
SIM3
SIM4
1
21
22
SIM5
SIM1
SIM2
SIM3
SIM4
1
21
22
SIM5
SIM1
SIM2
SIM3
SIM4
1
21
22
SIM5
SIM1
SIM2
SIM3
SIM4
1
21
22
SIM5
SIM1
SIM2
SIM3
SIM4
1
21
22
SIM5
SIM1
SIM2
SIM3
SIM4
1
21
22
SIM5
SIM1
SIM2
SIM3
SIM4
1
21
22
SIM5
SIM1
SIM2
SIM3
SIM4
1
21
22
SIM5
SIM1
SIM2
SIM3
SIM4
1
21
22
SIM5
SIM1
SIM2
SIM3
SIM4
1
21
22
SIM5
SIM1
SIM2
SIM3
SIM4
1
21
22
SIM5
SIM1
SIM2
SIM3
SIM4
1
21
22
SIM5
SIM1
SIM2
SIM3
SIM4
1
21
22
SIM5
SIM1
SIM2
SIM3
SIM4
1
21
22
SIM5
SIM1
SIM2
SIM3
SIM4
1
21
22
SIM5
SIM1
SIM2
SIM3
SIM4
1
21
22
SIM5
SIM1
SIM2
SIM3
SIM4
1
21
22
SIM5
SIM1
SIM2
SIM3
SIM4
1
21
22
SIM5
SIM1
SIM2
SIM3
SIM4
1
21
22
SIM5
SIM1
SIM2
SIM3
SIM4
1
21
22
SIM5
SIM1
SIM2
SIM3
SIM4
1
21
22
SIM5
SIM1
SIM2
SIM3
SIM4
1
21
22
SIM5
SIM1
SIM2
SIM3
SIM4
1
21
22
SIM5
SIM1
SIM2
SIM3
SIM4
1
21
22
SIM5
SIM1
SIM2
SIM3
SIM4
1
21
22
SIM5
SIM1
SIM2
SIM3
SIM4
1
21
22
SIM5
SIM1
SIM2
SIM3
SIM4
1
21
22
SIM5
SIM1
SIM2
SIM3
SIM4
1
21
22
SIM5
SIM1
SIM2
SIM3
SIM4
1
21
22
SIM5
SIM1
SIM2
SIM3
SIM4
1
21
22
SIM5
SIM1
SIM2
SIM3
SIM4
1
21
22
SIM5
SIM1
SIM2
SIM3
SIM4
1
21
22
SIM5
SIM1
SIM2
SIM3
SIM4
1
21
22
SIM5
SIM1
SIM2
SIM3
SIM4
1
21
22
SIM5
SIM1
SIM2
SIM3
SIM4
1
21
22
SIM5
SIM1
SIM2
SIM3
SIM4
1
21
22
SIM5
SIM1
SIM2
SIM3
SIM4
1
21
22
SIM5
SIM1
SIM2
SIM3
SIM4
1
21
22
SIM5
SIM1
SIM2
SIM3
SIM4
1
21
22
SIM5
SIM1
SIM2
SIM3
SIM4
1
21
22
SIM5
SIM1
SIM2
SIM3
SIM4
1
21
22
SIM5
SIM1
SIM2
SIM3
SIM4
1
21
22
SIM5
SIM1
SIM2
SIM3
SIM4
1
21
22
SIM5
SIM1
SIM2
SIM3
SIM4
1
21
22
SIM5
SIM1
SIM2
SIM3
SIM4
1
21
22
SIM5
SIM1
SIM2
SIM3
SIM4
1
21
22
SIM5
SIM1
SIM2
SIM3
SIM4
1
21
22
SIM5
SIM1
SIM2
SIM3
SIM4
1
21
22
SIM5
SIM1
SIM2
SIM3
SIM4
1
21
22
SIM5
SIM1
SIM2
SIM3
SIM4
1
21
22
SIM5
SIM1
SIM2
SIM3
SIM4
1
21
22
SIM5
SIM1
SIM2
SIM3
SIM4
1
21
22
SIM5
SIM1
SIM2
SIM3
SIM4
1
21
22
SIM5
SIM1
SIM2
SIM3
SIM4
1
21
22
SIM5
SIM1
SIM2
SIM3
SIM4
1
21
22
SIM5
SIM1
SIM2
SIM3
SIM4
1
21
22
SIM5
SIM1
SIM2
SIM3
SIM4
1
21
22
SIM5
SIM1
SIM2
SIM3
SIM4
1
21
22
SIM5
SIM1
SIM2
SIM3
SIM4
1
21
22
SIM5
SIM1
SIM2
SIM3
SIM4
1
21
22
SIM5
SIM1
SIM2
SIM3
SIM4
1
21
22
SIM5
SIM1
SIM2
SIM3
SIM4
1
21
22
SIM5
SIM1
SIM2
SIM3
SIM4
1
21
22
SIM5
SIM1
SIM2
SIM3
SIM4
1
21
22
SIM5
SIM1
SIM2
SIM3
SIM4
1
21
22
SIM5
SIM1
SIM2
SIM3
SIM4
1
21
22
SIM5
SIM1
SIM2
SIM3
SIM4
1
21
22
SIM5
SIM1
SIM2
SIM3
SIM4
1
21
22
SIM5
SIM1
SIM2
SIM3
SIM4
1
21
22
SIM5
SIM1
SIM2
SIM3
SIM4
1
21
22
SIM5
SIM1
SIM2
SIM3
SIM4
1
21
22
SIM5
SIM1
SIM2
SIM3
SIM4
1
21
22
SIM5
SIM1
SIM2
SIM3
SIM4
1
21
22
SIM5
SIM1
SIM2
SIM3
SIM4
1
21
22
SIM5
SIM1
SIM2
SIM3
SIM4
1
21
22
SIM5
SIM1
SIM2
SIM3
SIM4
1
21
22
SIM5
SIM1
SIM2
SIM3
SIM4
1
21
22
SIM5
SIM1
SIM2
SIM3
SIM4
1
21
22
SIM5
SIM1
SIM2
SIM3
SIM4
1
21
22
SIM5
SIM1
SIM2
SIM3
SIM4
1
21
22
SIM5
SIM1
SIM2
SIM3
SIM4
1
21
22
SIM5
SIM1
SIM2
SIM3
SIM4
1
21
22
SIM5
SIM1
SIM2
SIM3
SIM4
1
21
22
SIM5
SIM1
SIM2
SIM3
SIM4
1
21
22
SIM5
SIM1
SIM2
SIM3
SIM4
1
21
22
SIM5
SIM1
SIM2
SIM3
SIM4
1
21
22
SIM5
SIM1
SIM2
SIM3
SIM4
1
21
22
SIM5
SIM1
SIM2
SIM3
SIM4
1
21
22
SIM5
SIM1
SIM2
SIM3
SIM4
1
21
22
SIM5
SIM1
SIM2
SIM3
SIM4
1
21
22
SIM5
SIM1
SIM2
SIM3
SIM4
1
21
22
SIM5
SIM1
SIM2
SIM3
SIM4
1
21
22
SIM5
SIM1
SIM2
SIM3
SIM4
1
21
22
SIM5
SIM1
SIM2
SIM3
SIM4
1
21
22
SIM5
SIM1
SIM2
SIM3
SIM4
1
21
22
SIM5
SIM1
SIM2
SIM3
SIM4
1
21
22
SIM5
SIM1
SIM2
SIM3
SIM4
1
21
22
SIM5
SIM1
SIM2
SIM3
SIM4
1
21
22
SIM5
SIM1
SIM2
SIM3
SIM4
1
21
22
SIM5
SIM1
SIM2
SIM3
SIM4
1
21
22
SIM5
SIM1
SIM2
SIM3
SIM4
1
21
22
SIM5
SIM1
SIM2
SIM3
SIM4
1
21
22
SIM5
SIM1
SIM2
SIM3
SIM4
1
21
22
SIM5
SIM1
SIM2
SIM3
SIM4
1
21
22
SIM5
SIM1
SIM2
SIM3
SIM4
1
21
22
SIM5
SIM1
SIM2
SIM3
SIM4
1
21
22
SIM5
SIM1
SIM2
SIM3
SIM4
1
21
22
SIM5
SIM1
SIM2
DEBUG 1 422
SIM1
SIM2
SIM3
SIM4
1
21
22
SIM5
SIM1
SIM2
SIM3
SIM4
1
21
22
SIM5
SIM1
SIM2
SIM3
SIM4
1
21
22
SIM5
SIM1
SIM2
SIM3
SIM4
1
21
22
SIM5
SIM1
SIM2
SIM3
SIM4
1
21
22
SIM5
SIM1
SIM2
SIM3
SIM4
1
21
22
SIM5
SIM1
SIM2
SIM3
SIM4
1
21
22
SIM5
SIM1
SIM2
SIM3
SIM4
1
21
22
SIM5
SIM1
SIM2
SIM3
SIM4
1
21
22
SIM5
SIM1
SIM2
SIM3
SIM4
1
21
22
SIM5
SIM1
SIM2
SIM3
SIM4
1
21
22
SIM5
SIM1
SIM2
SIM3
SIM4
1
21
22
SIM5
SIM1
SIM2
SIM3
SIM4
1
21
22
SIM5
SIM1
SIM2
SIM3
SIM4
1
21
22
SIM5
SIM1
SIM2
SIM3
SIM4
1
21
22
SIM5
SIM1
SIM2
SIM3
SIM4
1
21
22
SIM5
SIM1
SIM2
SIM3
SIM4
1
21
22
SIM5
SIM1
SIM2
SIM3
SIM4
1
21
22
SIM5
SIM1
SIM2
SIM3
SIM4
1
21
22
SIM5
SIM1
SIM2
SIM3
SIM4
1
21
22
SIM5
SIM1
SIM2
SIM3
SIM4
1
21
22
SIM5
SIM1
SIM2
SIM3
SIM4
1
21
22
SIM5
SIM1
SIM2
SIM3
SIM4
1
21
22
SIM5
SIM1
SIM2
SIM3
SIM4
1
21
22
SIM5
SIM1
SIM2
SIM3
SIM4
1
21
22
SIM5
SIM1
SIM2
SIM3
SIM4
1
21
22
SIM5
SIM1
SIM2
SIM3
SIM4
1
21
22
SIM5
SIM1
SIM2
SIM3
SIM4
1
21
22
SIM5
SIM1
SIM2
SIM3
SIM4
1
21
22
SIM5
SIM1
SIM2
SIM3
SIM4
1
21
22
SIM5
SIM1
SIM2
SIM3
SIM4
1
21
22
SIM5
SIM1
SIM2
SIM3
SIM4
1
21
22
SIM5
SIM1
SIM2
SIM3
SIM4
1
21
22
SIM5
SIM1
SIM2
SIM3
SIM4
1
21
22
SIM5
SIM1
SIM2
SIM3
SIM4
1
21
22
SIM5
SIM1
SIM2
SIM3
SIM4
1
21
22
SIM5
SIM1
SIM2
SIM3
SIM4
1
21
22
SIM5
SIM1
SIM2
SIM3
SIM4
1
21
22
SIM5
SIM1
SIM2
SIM3
SIM4
1
21
22
SIM5
SIM1
SIM2
SIM3
SIM4
1
21
22
SIM5
SIM1
SIM2
SIM3
SIM4
1
21
22
SIM5
SIM1
SIM2
SIM3
SIM4
1
21
22
SIM5
SIM1
SIM2
SIM3
SIM4
1
21
22
SIM5
SIM1
SIM2
SIM3
SIM4
1
21
22
SIM5
SIM1
SIM2
SIM3
SIM4
1
21
22
SIM5
SIM1
SIM2
SIM3
SIM4
1
21
22
SIM5
SIM1
SIM2
SIM3
SIM4
1
21
22
SIM5
SIM1
SIM2
SIM3
SIM4
1
21
22
SIM5
SIM1
SIM2
SIM3
SIM4
1
21
22
SIM5
SIM1
SIM2
SIM3
SIM4
1
21
22
SIM5
SIM1
SIM2
SIM3
SIM4
1
21
22
SIM5
SIM1
SIM2
SIM3
SIM4
1
21
22
SIM5
SIM1
SIM2
SIM3
SIM4
1
21
22
SIM5
SIM1
SIM2
SIM3
SIM4
1
21
22
SIM5
SIM1
SIM2
SIM3
SIM4
1
21
22
SIM5
SIM1
SIM2
SIM3
SIM4
1
21
22
SIM5
SIM1
SIM2
SIM3
SIM4
1
21
22
SIM5
SIM1
SIM2
SIM3
SIM4
1
21
22
SIM5
SIM1
SIM2
SIM3
SIM4
1
21
22
SIM5
SIM1
SIM2
SIM3
SIM4
1
21
22
SIM5
SIM1
SIM2
SIM3
SIM4
1
21
22
SIM5
SIM1
SIM2
SIM3
SIM4
1
21
22
SIM5
SIM1
SIM2
SIM3
SIM4
1
21
22
SIM5
SIM1
SIM2
SIM3
SIM4
1
21
22
SIM5
SIM1
SIM2
SIM3
SIM4
1
21
22
SIM5
SIM1
SIM2
SIM3
SIM4
1
21
22
SIM5
SIM1
SIM2
SIM3
SIM4
1
21
22
SIM5
SIM1
SIM2
SIM3
SIM4
1
21
22
SIM5
SIM1
SIM2
SIM3
SIM4
1
21
22
SIM5
SIM1
SIM2
SIM3
SIM4
1
21
22
SIM5
SIM1
SIM2
SIM3
SIM4
1
21
22
SIM5
SIM1
SIM2
SIM3
SIM4
1
21
22
SIM5
SIM1
SIM2
SIM3
SIM4
1
21
22
SIM5
SIM1
SIM2
SIM3
SIM4
1
21
22
SIM5
SIM1
SIM2
SIM3
SIM4
1
21
22
SIM5
SIM1
SIM2
SIM3
SIM4
1
21
22
SIM5
SIM1
SIM2
SIM3
SIM4
1
21
22
SIM5
SIM1
SIM2
SIM3
SIM4
1
21
22
SIM5
SIM1
SIM2
SIM3
SIM4
1
21
22
SIM5
SIM1
SIM2
SIM3
SIM4
1
21
22
SIM5
SIM1
SIM2
SIM3
SIM4
1
21
22
SIM5
SIM1
SIM2
SIM3
SIM4
1
21
22
SIM5
SIM1
SIM2
SIM3
SIM4
1
21
22
SIM5
SIM1
SIM2
SIM3
SIM4
1
21
22
SIM5
SIM1
SIM2
SIM3
SIM4
1
21
22
SIM5
SIM1
SIM2
SIM3
SIM4
1
21
22
SIM5
SIM1
SIM2
SIM3
SIM4
1
21
22
SIM5
SIM1
SIM2
SIM3
SIM4
1
21
22
SIM5
SIM1
SIM2
SIM3
SIM4
1
21
22
SIM5
SIM1
SIM2
SIM3
SIM4
1
21
22
SIM5
SIM1
SIM2
SIM3
SIM4
1
21
22
SIM5
SIM1
SIM2
SIM3
SIM4
1
21
22
SIM5
SIM1
SIM2
SIM3
SIM4
1
21
22
SIM5
SIM1
SIM2
SIM3
SIM4
1
21
22
SIM5
SIM1
SIM2
SIM3
SIM4
1
21
22
SIM5
SIM1
SIM2
SIM3
SIM4
1
21
22
SIM5
SIM1
SIM2
SIM3
SIM4
1
21
22
SIM5
SIM1
SIM2
SIM3
SIM4
1
21
22
SIM5
SIM1
SIM2
SIM3
SIM4
1
21
22
SIM5
SIM1
SIM2
SIM3
SIM4
1
21
22
SIM5
SIM1
SIM2
SIM3
SIM4
1
21
22
SIM5
SIM1
SIM2
SIM3
SIM4
1
21
22
SIM5
SIM1
SIM2
SIM3
SIM4
1
21
22
SIM5
SIM1
SIM2
SIM3
SIM4
1
21
22
SIM5
SIM1
SIM2
SIM3
SIM4
1
21
22
SIM5
SIM1
SIM2
SIM3
SIM4
1
21
22
SIM5
SIM1
SIM2
SIM3
SIM4
1
21
22
SIM5
SIM1
SIM2
SIM3
SIM4
1
21
22
SIM5
SIM1
SIM2
SIM3
SIM4
1
21
22
SIM5
SIM1
SIM2
SIM3
SIM4
1
21
22
SIM5
SIM1
SIM2
SIM3
SIM4
1
21
22
SIM5
SIM1
SIM2
SIM3
SIM4
1
21
22
SIM5
SIM1
SIM2
SIM3
SIM4
1
21
22
SIM5
SIM1
SIM2
SIM3
SIM4
1
21
22
SIM5
SIM1
SIM2
SIM3
SIM4
1
21
22
SIM5
SIM1
SIM2
DEBUG 1 423
SIM1
SIM2
SIM3
SIM4
1
21
22
SIM5
SIM1
SIM2
SIM3
SIM4
1
21
22
SIM5
SIM1
SIM2
SIM3
SIM4
1
21
22
SIM5
SIM1
SIM2
SIM3
SIM4
1
21
22
SIM5
SIM1
SIM2
SIM3
SIM4
1
21
22
SIM5
SIM1
SIM2
SIM3
SIM4
1
21
22
SIM5
SIM1
SIM2
SIM3
SIM4
1
21
22
SIM5
SIM1
SIM2
SIM3
SIM4
1
21
22
SIM5
SIM1
SIM2
SIM3
SIM4
1
21
22
SIM5
SIM1
SIM2
SIM3
SIM4
1
21
22
SIM5
SIM1
SIM2
SIM3
SIM4
1
21
22
SIM5
SIM1
SIM2
SIM3
SIM4
1
21
22
SIM5
SIM1
SIM2
SIM3
SIM4
1
21
22
SIM5
SIM1
SIM2
SIM3
SIM4
1
21
22
SIM5
SIM1
SIM2
SIM3
SIM4
1
21
22
SIM5
SIM1
SIM2
SIM3
SIM4
1
21
22
SIM5
SIM1
SIM2
SIM3
SIM4
1
21
22
SIM5
SIM1
SIM2
SIM3
SIM4
1
21
22
SIM5
SIM1
SIM2
SIM3
SIM4
1
21
22
SIM5
SIM1
SIM2
SIM3
SIM4
1
21
22
SIM5
SIM1
SIM2
SIM3
SIM4
1
21
22
SIM5
SIM1
SIM2
SIM3
SIM4
1
21
22
SIM5
SIM1
SIM2
SIM3
SIM4
1
21
22
SIM5
SIM1
SIM2
SIM3
SIM4
1
21
22
SIM5
SIM1
SIM2
SIM3
SIM4
1
21
22
SIM5
SIM1
SIM2
SIM3
SIM4
1
21
22
SIM5
SIM1
SIM2
SIM3
SIM4
1
21
22
SIM5
SIM1
SIM2
SIM3
SIM4
1
21
22
SIM5
SIM1
SIM2
SIM3
SIM4
1
21
22
SIM5
SIM1
SIM2
SIM3
SIM4
1
21
22
SIM5
SIM1
SIM2
SIM3
SIM4
1
21
22
SIM5
SIM1
SIM2
SIM3
SIM4
1
21
22
SIM5
SIM1
SIM2
SIM3
SIM4
1
21
22
SIM5
SIM1
SIM2
SIM3
SIM4
1
21
22
SIM5
SIM1
SIM2
SIM3
SIM4
1
21
22
SIM5
SIM1
SIM2
SIM3
SIM4
1
21
22
SIM5
SIM1
SIM2
SIM3
SIM4
1
21
22
SIM5
SIM1
SIM2
SIM3
SIM4
1
21
22
SIM5
SIM1
SIM2
SIM3
SIM4
1
21
22
SIM5
SIM1
SIM2
SIM3
SIM4
1
21
22
SIM5
SIM1
SIM2
SIM3
SIM4
1
21
22
SIM5
SIM1
SIM2
SIM3
SIM4
1
21
22
SIM5
SIM1
SIM2
SIM3
SIM4
1
21
22
SIM5
SIM1
SIM2
SIM3
SIM4
1
21
22
SIM5
SIM1
SIM2
SIM3
SIM4
1
21
22
SIM5
SIM1
SIM2
SIM3
SIM4
1
21
22
SIM5
SIM1
SIM2
SIM3
SIM4
1
21
22
SIM5
SIM1
SIM2
SIM3
SIM4
1
21
22
SIM5
SIM1
SIM2
SIM3
SIM4
1
21
22
SIM5
SIM1
SIM2
SIM3
SIM4
1
21
22
SIM5
SIM1
SIM2
SIM3
SIM4
1
21
22
SIM5
SIM1
SIM2
SIM3
SIM4
1
21
22
SIM5
SIM1
SIM2
SIM3
SIM4
1
21
22
SIM5
SIM1
SIM2
SIM3
SIM4
1
21
22
SIM5
SIM1
SIM2
SIM3
SIM4
1
21
22
SIM5
SIM1
SIM2
SIM3
SIM4
1
21
22
SIM5
SIM1
SIM2
SIM3
SIM4
1
21
22
SIM5
SIM1
SIM2
SIM3
SIM4
1
21
22
SIM5
SIM1
SIM2
SIM3
SIM4
1
21
22
SIM5
SIM1
SIM2
SIM3
SIM4
1
21
22
SIM5
SIM1
SIM2
SIM3
SIM4
1
21
22
SIM5
SIM1
SIM2
SIM3
SIM4
1
21
22
SIM5
SIM1
SIM2
SIM3
SIM4
1
21
22
SIM5
SIM1
SIM2
SIM3
SIM4
1
21
22
SIM5
SIM1
SIM2
SIM3
SIM4
1
21
22
SIM5
SIM1
SIM2
SIM3
SIM4
1
21
22
SIM5
SIM1
SIM2
SIM3
SIM4
1
21
22
SIM5
SIM1
SIM2
SIM3
SIM4
1
21
22
SIM5
SIM1
SIM2
SIM3
SIM4
1
21
22
SIM5
SIM1
SIM2
SIM3
SIM4
1
21
22
SIM5
SIM1
SIM2
SIM3
SIM4
1
21
22
SIM5
SIM1
SIM2
SIM3
SIM4
1
21
22
SIM5
SIM1
SIM2
SIM3
SIM4
1
21
22
SIM5
SIM1
SIM2
SIM3
SIM4
1
21
22
SIM5
SIM1
SIM2
SIM3
SIM4
1
21
22
SIM5
SIM1
SIM2
SIM3
SIM4
1
21
22
SIM5
SIM1
SIM2
SIM3
SIM4
1
21
22
SIM5
SIM1
SIM2
SIM3
SIM4
1
21
22
SIM5
SIM1
SIM2
SIM3
SIM4
1
21
22
SIM5
SIM1
SIM2
SIM3
SIM4
1
21
22
SIM5
SIM1
SIM2
SIM3
SIM4
1
21
22
SIM5
SIM1
SIM2
SIM3
SIM4
1
21
22
SIM5
SIM1
SIM2
SIM3
SIM4
1
21
22
SIM5
SIM1
SIM2
SIM3
SIM4
1
21
22
SIM5
SIM1
SIM2
SIM3
SIM4
1
21
22
SIM5
SIM1
SIM2
SIM3
SIM4
1
21
22
SIM5
SIM1
SIM2
SIM3
SIM4
1
21
22
SIM5
SIM1
SIM2
SIM3
SIM4
1
21
22
SIM5
SIM1
SIM2
SIM3
SIM4
1
21
22
SIM5
SIM1
SIM2
SIM3
SIM4
1
21
22
SIM5
SIM1
SIM2
SIM3
SIM4
1
21
22
SIM5
SIM1
SIM2
SIM3
SIM4
1
21
22
SIM5
SIM1
SIM2
DEBUG 1 424
SIM1
SIM2
SIM3
SIM4
1
21
22
SIM5
SIM1
SIM2
SIM3
SIM4
1
21
22
SIM5
SIM1
SIM2
SIM3
SIM4
1
21
22
SIM5
SIM1
SIM2
SIM3
SIM4
1
21
22
SIM5
SIM1
SIM2
SIM3
SIM4
1
21
22
SIM5
SIM1
SIM2
SIM3
SIM4
1
21
22
SIM5
SIM1
SIM2
SIM3
SIM4
1
21
22
SIM5
SIM1
SIM2
SIM3
SIM4
1
21
22
SIM5
SIM1
SIM2
SIM3
SIM4
1
21
22
SIM5
SIM1
SIM2
SIM3
SIM4
1
21
22
SIM5
SIM1
SIM2
SIM3
SIM4
1
21
22
SIM5
SIM1
SIM2
SIM3
SIM4
1
21
22
SIM5
SIM1
SIM2
SIM3
SIM4
1
21
22
SIM5
SIM1
SIM2
SIM3
SIM4
1
21
22
SIM5
SIM1
SIM2
SIM3
SIM4
1
21
22
SIM5
SIM1
SIM2
SIM3
SIM4
1
21
22
SIM5
SIM1
SIM2
SIM3
SIM4
1
21
22
SIM5
SIM1
SIM2
SIM3
SIM4
1
21
22
SIM5
SIM1
SIM2
SIM3
SIM4
1
21
22
SIM5
SIM1
SIM2
SIM3
SIM4
1
21
22
SIM5
SIM1
SIM2
SIM3
SIM4
1
21
22
SIM5
SIM1
SIM2
SIM3
SIM4
1
21
22
SIM5
SIM1
SIM2
SIM3
SIM4
1
21
22
SIM5
SIM1
SIM2
SIM3
SIM4
1
21
22
SIM5
SIM1
SIM2
SIM3
SIM4
1
21
22
SIM5
SIM1
SIM2
SIM3
SIM4
1
21
22
SIM5
SIM1
SIM2
SIM3
SIM4
1
21
22
SIM5
SIM1
SIM2
SIM3
SIM4
1
21
22
SIM5
SIM1
SIM2
SIM3
SIM4
1
21
22
SIM5
SIM1
SIM2
SIM3
SIM4
1
21
22
SIM5
SIM1
SIM2
SIM3
SIM4
1
21
22
SIM5
SIM1
SIM2
SIM3
SIM4
1
21
22
SIM5
SIM1
SIM2
SIM3
SIM4
1
21
22
SIM5
SIM1
SIM2
SIM3
SIM4
1
21
22
SIM5
SIM1
SIM2
SIM3
SIM4
1
21
22
SIM5
SIM1
SIM2
SIM3
SIM4
1
21
22
SIM5
SIM1
SIM2
SIM3
SIM4
1
21
22
SIM5
SIM1
SIM2
SIM3
SIM4
1
21
22
SIM5
SIM1
SIM2
SIM3
SIM4
1
21
22
SIM5
SIM1
SIM2
SIM3
SIM4
1
21
22
SIM5
SIM1
SIM2
SIM3
SIM4
1
21
22
SIM5
SIM1
SIM2
SIM3
SIM4
1
21
22
SIM5
SIM1
SIM2
SIM3
SIM4
1
21
22
SIM5
SIM1
SIM2
SIM3
SIM4
1
21
22
SIM5
SIM1
SIM2
SIM3
SIM4
1
21
22
SIM5
SIM1
SIM2
SIM3
SIM4
1
21
22
SIM5
SIM1
SIM2
SIM3
SIM4
1
21
22
SIM5
SIM1
SIM2
SIM3
SIM4
1
21
22
SIM5
SIM1
SIM2
SIM3
SIM4
1
21
22
SIM5
SIM1
SIM2
SIM3
SIM4
1
21
22
SIM5
SIM1
SIM2
SIM3
SIM4
1
21
22
SIM5
SIM1
SIM2
SIM3
SIM4
1
21
22
SIM5
SIM1
SIM2
SIM3
SIM4
1
21
22
SIM5
SIM1
SIM2
SIM3
SIM4
1
21
22
SIM5
SIM1
SIM2
SIM3
SIM4
1
21
22
SIM5
SIM1
SIM2
SIM3
SIM4
1
21
22
SIM5
SIM1
SIM2
SIM3
SIM4
1
21
22
SIM5
SIM1
SIM2
SIM3
SIM4
1
21
22
SIM5
SIM1
SIM2
SIM3
SIM4
1
21
22
SIM5
SIM1
SIM2
SIM3
SIM4
1
21
22
SIM5
SIM1
SIM2
SIM3
SIM4
1
21
22
SIM5
SIM1
SIM2
SIM3
SIM4
1
21
22
SIM5
SIM1
SIM2
SIM3
SIM4
1
21
22
SIM5
SIM1
SIM2
SIM3
SIM4
1
21
22
SIM5
SIM1
SIM2
SIM3
SIM4
1
21
22
SIM5
SIM1
SIM2
SIM3
SIM4
1
21
22
SIM5
SIM1
SIM2
SIM3
SIM4
1
21
22
SIM5
SIM1
SIM2
SIM3
SIM4
1
21
22
SIM5
SIM1
SIM2
SIM3
SIM4
1
21
22
SIM5
SIM1
SIM2
SIM3
SIM4
1
21
22
SIM5
SIM1
SIM2
SIM3
SIM4
1
21
22
SIM5
SIM1
SIM2
SIM3
SIM4
1
21
22
SIM5
SIM1
SIM2
SIM3
SIM4
1
21
22
SIM5
SIM1
SIM2
SIM3
SIM4
1
21
22
SIM5
SIM1
SIM2
SIM3
SIM4
1
21
22
SIM5
SIM1
SIM2
SIM3
SIM4
1
21
22
SIM5
SIM1
SIM2
SIM3
SIM4
1
21
22
SIM5
SIM1
SIM2
SIM3
SIM4
1
21
22
SIM5
SIM1
SIM2
SIM3
SIM4
1
21
22
SIM5
SIM1
SIM2
SIM3
SIM4
1
21
22
SIM5
SIM1
SIM2
SIM3
SIM4
1
21
22
SIM5
SIM1
SIM2
SIM3
SIM4
1
21
22
SIM5
SIM1
SIM2
SIM3
SIM4
1
21
22
SIM5
SIM1
SIM2
SIM3
SIM4
1
21
22
SIM5
SIM1
SIM2
SIM3
SIM4
1
21
22
SIM5
SIM1
SIM2
SIM3
SIM4
1
21
22
SIM5
SIM1
SIM2
SIM3
SIM4
1
21
22
SIM5
SIM1
SIM2
SIM3
SIM4
1
21
22
SIM5
SIM1
SIM2
SIM3
SIM4
1
21
22
SIM5
SIM1
SIM2
SIM3
SIM4
1
21
22
SIM5
SIM1
SIM2
SIM3
SIM4
1
21
22
SIM5
SIM1
SIM2
SIM3
SIM4
1
21
22
SIM5
SIM1
SIM2
SIM3
SIM4
1
21
22
SIM5
SIM1
SIM2
SIM3
SIM4
1
21
22
SIM5
SIM1
SIM2
SIM3
SIM4
1
21
22
SIM5
SIM1
SIM2
SIM3
SIM4
1
21
22
SIM5
SIM1
SIM2
SIM3
SIM4
1
21
22
SIM5
SIM1
SIM2
SIM3
SIM4
1
21
22
SIM5
SIM1
SIM2
SIM3
SIM4
1
21
22
SIM5
SIM1
SIM2
SIM3
SIM4
1
21
22
SIM5
SIM1
SIM2
SIM3
SIM4
1
21
22
SIM5
SIM1
SIM2
SIM3
SIM4
1
21
22
SIM5
SIM1
SIM2
SIM3
SIM4
1
21
22
SIM5
SIM1
SIM2
SIM3
SIM4
1
21
22
SIM5
SIM1
SIM2
SIM3
SIM4
1
21
22
SIM5
SIM1
SIM2
SIM3
SIM4
1
21
22
SIM5
SIM1
SIM2
SIM3
SIM4
1
21
22
SIM5
SIM1
SIM2
SIM3
SIM4
1
21
22
SIM5
SIM1
SIM2
SIM3
SIM4
1
21
22
SIM5
SIM1
SIM2
SIM3
SIM4
1
21
22
SIM5
SIM1
SIM2
SIM3
SIM4
1
21
22
SIM5
SIM1
SIM2
SIM3
SIM4
1
21
22
SIM5
SIM1
SIM2
SIM3
SIM4
1
21
22
SIM5
SIM1
SIM2
SIM3
SIM4
1
21
22
SIM5
SIM1
SIM2
SIM3
SIM4
1
21
22
SIM5
SIM1
SIM2
SIM3
SIM4
1
21
22
SIM5
SIM1
SIM2
SIM3
SIM4
1
21
22
SIM5
SIM1
SIM2
SIM3
SIM4
1
21
22
SIM5
SIM1
SIM2
SIM3
SIM4
1
21
22
SIM5
SIM1
SIM2
SIM3
SIM4
1
21
22
SIM5
SIM1
SIM2
SIM3
SIM4
1
21
22
SIM5
SIM1
SIM2
SIM3
SIM4
1
21
22
SIM5
SIM1
SIM2
SIM3
SIM4
1
21
22
SIM5
SIM1
SIM2
SIM3
SIM4
1
21
22
SIM5
SIM1
SIM2
SIM3
SIM4
1
21
22
SIM5
SIM1
SIM2
SIM3
SIM4
1
21
22
SIM5
SIM1
SIM2
SIM3
SIM4
1
21
22
SIM5
SIM1
SIM2
SIM3
SIM4
1
21
22
SIM5
SIM1
SIM2
SIM3
SIM4
1
21
22
SIM5
SIM1
SIM2
SIM3
SIM4
1
21
22
SIM5
SIM1
SIM2
SIM3
SIM4
1
21
22
SIM5
SIM1
SIM2
SIM3
SIM4
1
21
22
SIM5
SIM1
SIM2
SIM3
SIM4
1
21
22
SIM5
SIM1
SIM2
SIM3
SIM4
1
21
22
SIM5
SIM1
SIM2
SIM3
SIM4
1
21
22
SIM5
SIM1
SIM2
SIM3
SIM4
1
21
22
SIM5
SIM1
SIM2
SIM3
SIM4
1
21
22
SIM5
SIM1
SIM2
SIM3
SIM4
1
21
22
SIM5
SIM1
SIM2
SIM3
SIM4
1
21
22
SIM5
SIM1
SIM2
SIM3
SIM4
1
21
22
SIM5
SIM1
SIM2
SIM3
SIM4
1
21
22
SIM5
SIM1
SIM2
SIM3
SIM4
1
21
22
SIM5
SIM1
SIM2
SIM3
SIM4
1
21
22
SIM5
SIM1
SIM2
DEBUG 1 425
SIM1
SIM2
SIM3
SIM4
1
21
22
SIM5
SIM1
SIM2
SIM3
SIM4
1
21
22
SIM5
SIM1
SIM2
SIM3
SIM4
1
21
22
SIM5
SIM1
SIM2
SIM3
SIM4
1
21
22
SIM5
SIM1
SIM2
SIM3
SIM4
1
21
22
SIM5
SIM1
SIM2
SIM3
SIM4
1
21
22
SIM5
SIM1
SIM2
SIM3
SIM4
1
21
22
SIM5
SIM1
SIM2
SIM3
SIM4
1
21
22
SIM5
SIM1
SIM2
SIM3
SIM4
1
21
22
SIM5
SIM1
SIM2
SIM3
SIM4
1
21
22
SIM5
SIM1
SIM2
SIM3
SIM4
1
21
22
SIM5
SIM1
SIM2
SIM3
SIM4
1
21
22
SIM5
SIM1
SIM2
SIM3
SIM4
1
21
22
SIM5
SIM1
SIM2
SIM3
SIM4
1
21
22
SIM5
SIM1
SIM2
SIM3
SIM4
1
21
22
SIM5
SIM1
SIM2
SIM3
SIM4
1
21
22
SIM5
SIM1
SIM2
SIM3
SIM4
1
21
22
SIM5
SIM1
SIM2
SIM3
SIM4
1
21
22
SIM5
SIM1
SIM2
SIM3
SIM4
1
21
22
SIM5
SIM1
SIM2
SIM3
SIM4
1
21
22
SIM5
SIM1
SIM2
SIM3
SIM4
1
21
22
SIM5
SIM1
SIM2
SIM3
SIM4
1
21
22
SIM5
SIM1
SIM2
SIM3
SIM4
1
21
22
SIM5
SIM1
SIM2
SIM3
SIM4
1
21
22
SIM5
SIM1
SIM2
SIM3
SIM4
1
21
22
SIM5
SIM1
SIM2
SIM3
SIM4
1
21
22
SIM5
SIM1
SIM2
SIM3
SIM4
1
21
22
SIM5
SIM1
SIM2
SIM3
SIM4
1
21
22
SIM5
SIM1
SIM2
SIM3
SIM4
1
21
22
SIM5
SIM1
SIM2
SIM3
SIM4
1
21
22
SIM5
SIM1
SIM2
SIM3
SIM4
1
21
22
SIM5
SIM1
SIM2
SIM3
SIM4
1
21
22
SIM5
SIM1
SIM2
SIM3
SIM4
1
21
22
SIM5
SIM1
SIM2
SIM3
SIM4
1
21
22
SIM5
SIM1
SIM2
SIM3
SIM4
1
21
22
SIM5
SIM1
SIM2
SIM3
SIM4
1
21
22
SIM5
SIM1
SIM2
SIM3
SIM4
1
21
22
SIM5
SIM1
SIM2
SIM3
SIM4
1
21
22
SIM5
SIM1
SIM2
SIM3
SIM4
1
21
22
SIM5
SIM1
SIM2
SIM3
SIM4
1
21
22
SIM5
SIM1
SIM2
SIM3
SIM4
1
21
22
SIM5
SIM1
SIM2
SIM3
SIM4
1
21
22
SIM5
SIM1
SIM2
SIM3
SIM4
1
21
22
SIM5
SIM1
SIM2
SIM3
SIM4
1
21
22
SIM5
SIM1
SIM2
SIM3
SIM4
1
21
22
SIM5
SIM1
SIM2
SIM3
SIM4
1
21
22
SIM5
SIM1
SIM2
SIM3
SIM4
1
21
22
SIM5
SIM1
SIM2
SIM3
SIM4
1
21
22
SIM5
SIM1
SIM2
SIM3
SIM4
1
21
22
SIM5
SIM1
SIM2
SIM3
SIM4
1
21
22
SIM5
SIM1
SIM2
SIM3
SIM4
1
21
22
SIM5
SIM1
SIM2
SIM3
SIM4
1
21
22
SIM5
SIM1
SIM2
SIM3
SIM4
1
21
22
SIM5
SIM1
SIM2
SIM3
SIM4
1
21
22
SIM5
SIM1
SIM2
SIM3
SIM4
1
21
22
SIM5
SIM1
SIM2
SIM3
SIM4
1
21
22
SIM5
SIM1
SIM2
SIM3
SIM4
1
21
22
SIM5
SIM1
SIM2
SIM3
SIM4
1
21
22
SIM5
SIM1
SIM2
SIM3
SIM4
1
21
22
SIM5
SIM1
SIM2
SIM3
SIM4
1
21
22
SIM5
SIM1
SIM2
SIM3
SIM4
1
21
22
SIM5
SIM1
SIM2
SIM3
SIM4
1
21
22
SIM5
SIM1
SIM2
SIM3
SIM4
1
21
22
SIM5
SIM1
SIM2
SIM3
SIM4
1
21
22
SIM5
SIM1
SIM2
SIM3
SIM4
1
21
22
SIM5
SIM1
SIM2
SIM3
SIM4
1
21
22
SIM5
SIM1
SIM2
SIM3
SIM4
1
21
22
SIM5
SIM1
SIM2
SIM3
SIM4
1
21
22
SIM5
SIM1
SIM2
SIM3
SIM4
1
21
22
SIM5
SIM1
SIM2
SIM3
SIM4
1
21
22
SIM5
SIM1
SIM2
SIM3
SIM4
1
21
22
SIM5
SIM1
SIM2
SIM3
SIM4
1
21
22
SIM5
SIM1
SIM2
SIM3
SIM4
1
21
22
SIM5
SIM1
SIM2
SIM3
SIM4
1
21
22
SIM5
SIM1
SIM2
SIM3
SIM4
1
21
22
SIM5
SIM1
SIM2
SIM3
SIM4
1
21
22
SIM5
SIM1
SIM2
SIM3
SIM4
1
21
22
SIM5
SIM1
SIM2
SIM3
SIM4
1
21
22
SIM5
SIM1
SIM2
SIM3
SIM4
1
21
22
SIM5
SIM1
SIM2
SIM3
SIM4
1
21
22
SIM5
SIM1
SIM2
SIM3
SIM4
1
21
22
SIM5
SIM1
SIM2
SIM3
SIM4
1
21
22
SIM5
SIM1
SIM2
SIM3
SIM4
1
21
22
SIM5
SIM1
SIM2
SIM3
SIM4
1
21
22
SIM5
SIM1
SIM2
SIM3
SIM4
1
21
22
SIM5
SIM1
SIM2
SIM3
SIM4
1
21
22
SIM5
SIM1
SIM2
SIM3
SIM4
1
21
22
SIM5
SIM1
SIM2
SIM3
SIM4
1
21
22
SIM5
SIM1
SIM2
SIM3
SIM4
1
21
22
SIM5
SIM1
SIM2
SIM3
SIM4
1
21
22
SIM5
SIM1
SIM2
SIM3
SIM4
1
21
22
SIM5
SIM1
SIM2
SIM3
SIM4
1
21
22
SIM5
SIM1
SIM2
SIM3
SIM4
1
21
22
SIM5
SIM1
SIM2
SIM3
SIM4
1
21
22
SIM5
SIM1
SIM2
SIM3
SIM4
1
21
22
SIM5
SIM1
SIM2
SIM3
SIM4
1
21
22
SIM5
SIM1
SIM2
SIM3
SIM4
1
21
22
SIM5
SIM1
SIM2
SIM3
SIM4
1
21
22
SIM5
SIM1
SIM2
SIM3
SIM4
1
21
22
SIM5
SIM1
SIM2
SIM3
SIM4
1
21
22
SIM5
SIM1
SIM2
SIM3
SIM4
1
21
22
SIM5
SIM1
SIM2
SIM3
SIM4
1
21
22
SIM5
SIM1
SIM2
SIM3
SIM4
1
21
22
SIM5
SIM1
SIM2
SIM3
SIM4
1
21
22
SIM5
SIM1
SIM2
SIM3
SIM4
1
21
22
SIM5
SIM1
SIM2
SIM3
SIM4
1
21
22
SIM5
SIM1
SIM2
SIM3
SIM4
1
21
22
SIM5
SIM1
SIM2
SIM3
SIM4
1
21
22
SIM5
SIM1
SIM2
SIM3
SIM4
1
21
22
SIM5
SIM1
SIM2
SIM3
SIM4
1
21
22
SIM5
SIM1
SIM2
SIM3
SIM4
1
21
22
SIM5
SIM1
SIM2
SIM3
SIM4
1
21
22
SIM5
SIM1
SIM2
SIM3
SIM4
1
21
22
SIM5
SIM1
SIM2
SIM3
SIM4
1
21
22
SIM5
SIM1
SIM2
SIM3
SIM4
1
21
22
SIM5
SIM1
SIM2
SIM3
SIM4
1
21
22
SIM5
SIM1
SIM2
SIM3
SIM4
1
21
22
SIM5
SIM1
SIM2
SIM3
SIM4
1
21
22
SIM5
SIM1
SIM2
SIM3
SIM4
1
21
22
SIM5
SIM1
SIM2
SIM3
SIM4
1
21
22
SIM5
SIM1
SIM2
SIM3
SIM4
1
21
22
SIM5
SIM1
SIM2
SIM3
SIM4
1
21
22
SIM5
SIM1
SIM2
SIM3
SIM4
1
21
22
SIM5
SIM1
SIM2
SIM3
SIM4
1
21
22
SIM5
SIM1
SIM2
SIM3
SIM4
1
21
22
SIM5
SIM1
SIM2
SIM3
SIM4
1
21
22
SIM5
SIM1
SIM2
SIM3
SIM4
1
21
22
SIM5
SIM1
SIM2
SIM3
SIM4
1
21
22
SIM5
SIM1
SIM2
SIM3
SIM4
1
21
22
SIM5
SIM1
SIM2
SIM3
SIM4
1
21
22
SIM5
SIM1
SIM2
SIM3
SIM4
1
21
22
SIM5
SIM1
SIM2
SIM3
SIM4
1
21
22
SIM5
SIM1
SIM2
SIM3
SIM4
1
21
22
SIM5
SIM1
SIM2
SIM3
SIM4
1
21
22
SIM5
SIM1
SIM2
SIM3
SIM4
1
21
22
SIM5
SIM1
SIM2
SIM3
SIM4
1
21
22
SIM5
SIM1
SIM2
SIM3
SIM4
1
21
22
SIM5
SIM1
SIM2
SIM3
SIM4
1
21
22
SIM5
SIM1
SIM2
SIM3
SIM4
1
21
22
SIM5
SIM1
SIM2
SIM3
SIM4
1
21
22
SIM5
SIM1
SIM2
SIM3
SIM4
1
21
22
SIM5
SIM1
SIM2
SIM3
SIM4
1
21
22
SIM5
SIM1
SIM2
SIM3
SIM4
1
21
22
SIM5
SIM1
SIM2
SIM3
SIM4
1
21
22
SIM5
SIM1
SIM2
SIM3
SIM4
1
21
22
SIM5
SIM1
SIM2
SIM3
SIM4
1
21
22
SIM5
SIM1
SIM2
SIM3
SIM4
1
21
22
SIM5
SIM1
SIM2
SIM3
SIM4
1
21
22
SIM5
SIM1
SIM2
SIM3
SIM4
1
21
22
SIM5
SIM1
SIM2
SIM3
SIM4
1
21
22
SIM5
SIM1
SIM2
SIM3
SIM4
1
21
22
SIM5
SIM1
SIM2
SIM3
SIM4
1
21
22
SIM5
SIM1
SIM2
SIM3
SIM4
1
21
22
SIM5
SIM1
SIM2
SIM3
SIM4
1
21
22
SIM5
SIM1
SIM2
SIM3
SIM4
1
21
22
SIM5
SIM1
SIM2
SIM3
SIM4
1
21
22
SIM5
SIM1
SIM2
SIM3
SIM4
1
21
22
SIM5
SIM1
SIM2
SIM3
SIM4
1
21
22
SIM5
SIM1
SIM2
SIM3
SIM4
1
21
22
SIM5
SIM1
SIM2
SIM3
SIM4
1
21
22
SIM5
SIM1
SIM2
SIM3
SIM4
1
21
22
SIM5
SIM1
SIM2
SIM3
SIM4
1
21
22
SIM5
SIM1
SIM2
SIM3
SIM4
1
21
22
SIM5
SIM1
SIM2
SIM3
SIM4
1
21
22
SIM5
SIM1
SIM2
SIM3
SIM4
1
21
22
SIM5
SIM1
SIM2
SIM3
SIM4
1
21
22
SIM5
SIM1
SIM2
SIM3
SIM4
1
21
22
SIM5
SIM1
SIM2
SIM3
SIM4
1
21
22
SIM5
SIM1
SIM2
SIM3
SIM4
1
21
22
SIM5
SIM1
SIM2
SIM3
SIM4
1
21
22
SIM5
SIM1
SIM2
SIM3
SIM4
1
21
22
SIM5
SIM1
SIM2
SIM3
SIM4
1
21
22
SIM5
SIM1
SIM2
SIM3
SIM4
1
21
22
SIM5
SIM1
SIM2
SIM3
SIM4
1
21
22
SIM5
SIM1
SIM2
SIM3
SIM4
1
21
22
SIM5
SIM1
SIM2
SIM3
SIM4
1
21
22
SIM5
SIM1
SIM2
SIM3
SIM4
1
21
22
SIM5
SIM1
SIM2
SIM3
SIM4
1
21
22
SIM5
SIM1
SIM2
SIM3
SIM4
1
21
22
SIM5
SIM1
SIM2
SIM3
SIM4
1
21
22
SIM5
SIM1
SIM2
SIM3
SIM4
1
21
22
SIM5
SIM1
SIM2
SIM3
SIM4
1
21
22
SIM5
SIM1
SIM2
SIM3
SIM4
1
21
22
SIM5
SIM1
SIM2
SIM3
SIM4
1
21
22
SIM5
SIM1
SIM2
SIM3
SIM4
1
21
22
SIM5
SIM1
SIM2
SIM3
SIM4
1
21
22
SIM5
SIM1
SIM2
SIM3
SIM4
1
21
22
SIM5
SIM1
SIM2
SIM3
SIM4
1
21
22
SIM5
SIM1
SIM2
SIM3
SIM4
1
21
22
SIM5
SIM1
SIM2
SIM3
SIM4
1
21
22
SIM5
SIM1
SIM2
SIM3
SIM4
1
21
22
SIM5
SIM1
SIM2
SIM3
SIM4
1
21
22
SIM5
SIM1
SIM2
SIM3
SIM4
1
21
22
SIM5
SIM1
SIM2
SIM3
SIM4
1
21
22
SIM5
SIM1
SIM2
SIM3
SIM4
1
21
22
SIM5
SIM1
SIM2
SIM3
SIM4
1
21
22
SIM5
SIM1
SIM2
SIM3
SIM4
1
21
22
SIM5
SIM1
SIM2
SIM3
SIM4
1
21
22
SIM5
SIM1
SIM2
SIM3
SIM4
1
21
22
SIM5
SIM1
SIM2
SIM3
SIM4
1
21
22
SIM5
SIM1
SIM2
SIM3
SIM4
1
21
22
SIM5
SIM1
SIM2
SIM3
SIM4
1
21
22
SIM5
SIM1
SIM2
SIM3
SIM4
1
21
22
SIM5
SIM1
SIM2
SIM3
SIM4
1
21
22
SIM5
SIM1
SIM2
SIM3
SIM4
1
21
22
SIM5
SIM1
SIM2
SIM3
SIM4
1
21
22
SIM5
SIM1
SIM2
SIM3
SIM4
1
21
22
SIM5
SIM1
SIM2
SIM3
SIM4
1
21
22
SIM5
SIM1
SIM2
SIM3
SIM4
1
21
22
SIM5
SIM1
SIM2
SIM3
SIM4
1
21
22
SIM5
SIM1
SIM2
SIM3
SIM4
1
21
22
SIM5
SIM1
SIM2
DEBUG 1 426
SIM1
SIM2
SIM3
SIM4
1
21
22
SIM5
SIM1
SIM2
SIM3
SIM4
1
21
22
SIM5
SIM1
SIM2
SIM3
SIM4
1
21
22
SIM5
SIM1
SIM2
SIM3
SIM4
1
21
22
SIM5
SIM1
SIM2
SIM3
SIM4
1
21
22
SIM5
SIM1
SIM2
SIM3
SIM4
1
21
22
SIM5
SIM1
SIM2
SIM3
SIM4
1
21
22
SIM5
SIM1
SIM2
SIM3
SIM4
1
21
22
SIM5
SIM1
SIM2
SIM3
SIM4
1
21
22
SIM5
SIM1
SIM2
SIM3
SIM4
1
21
22
SIM5
SIM1
SIM2
SIM3
SIM4
1
21
22
SIM5
SIM1
SIM2
SIM3
SIM4
1
21
22
SIM5
SIM1
SIM2
SIM3
SIM4
1
21
22
SIM5
SIM1
SIM2
SIM3
SIM4
1
21
22
SIM5
SIM1
SIM2
SIM3
SIM4
1
21
22
SIM5
SIM1
SIM2
SIM3
SIM4
1
21
22
SIM5
SIM1
SIM2
SIM3
SIM4
1
21
22
SIM5
SIM1
SIM2
SIM3
SIM4
1
21
22
SIM5
SIM1
SIM2
SIM3
SIM4
1
21
22
SIM5
SIM1
SIM2
SIM3
SIM4
1
21
22
SIM5
SIM1
SIM2
SIM3
SIM4
1
21
22
SIM5
SIM1
SIM2
SIM3
SIM4
1
21
22
SIM5
SIM1
SIM2
SIM3
SIM4
1
21
22
SIM5
SIM1
SIM2
SIM3
SIM4
1
21
22
SIM5
SIM1
SIM2
SIM3
SIM4
1
21
22
SIM5
SIM1
SIM2
SIM3
SIM4
1
21
22
SIM5
SIM1
SIM2
SIM3
SIM4
1
21
22
SIM5
SIM1
SIM2
SIM3
SIM4
1
21
22
SIM5
SIM1
SIM2
SIM3
SIM4
1
21
22
SIM5
SIM1
SIM2
SIM3
SIM4
1
21
22
SIM5
SIM1
SIM2
SIM3
SIM4
1
21
22
SIM5
SIM1
SIM2
SIM3
SIM4
1
21
22
SIM5
SIM1
SIM2
SIM3
SIM4
1
21
22
SIM5
SIM1
SIM2
SIM3
SIM4
1
21
22
SIM5
SIM1
SIM2
SIM3
SIM4
1
21
22
SIM5
SIM1
SIM2
SIM3
SIM4
1
21
22
SIM5
SIM1
SIM2
SIM3
SIM4
1
21
22
SIM5
SIM1
SIM2
SIM3
SIM4
1
21
22
SIM5
SIM1
SIM2
SIM3
SIM4
1
21
22
SIM5
SIM1
SIM2
SIM3
SIM4
1
21
22
SIM5
SIM1
SIM2
SIM3
SIM4
1
21
22
SIM5
SIM1
SIM2
SIM3
SIM4
1
21
22
SIM5
SIM1
SIM2
SIM3
SIM4
1
21
22
SIM5
SIM1
SIM2
SIM3
SIM4
1
21
22
SIM5
SIM1
SIM2
SIM3
SIM4
1
21
22
SIM5
SIM1
SIM2
SIM3
SIM4
1
21
22
SIM5
SIM1
SIM2
SIM3
SIM4
1
21
22
SIM5
SIM1
SIM2
SIM3
SIM4
1
21
22
SIM5
SIM1
SIM2
SIM3
SIM4
1
21
22
SIM5
SIM1
SIM2
SIM3
SIM4
1
21
22
SIM5
SIM1
SIM2
SIM3
SIM4
1
21
22
SIM5
SIM1
SIM2
SIM3
SIM4
1
21
22
SIM5
SIM1
SIM2
SIM3
SIM4
1
21
22
SIM5
SIM1
SIM2
SIM3
SIM4
1
21
22
SIM5
SIM1
SIM2
SIM3
SIM4
1
21
22
SIM5
SIM1
SIM2
SIM3
SIM4
1
21
22
SIM5
SIM1
SIM2
SIM3
SIM4
1
21
22
SIM5
SIM1
SIM2
SIM3
SIM4
1
21
22
SIM5
SIM1
SIM2
SIM3
SIM4
1
21
22
SIM5
SIM1
SIM2
SIM3
SIM4
1
21
22
SIM5
SIM1
SIM2
SIM3
SIM4
1
21
22
SIM5
SIM1
SIM2
SIM3
SIM4
1
21
22
SIM5
SIM1
SIM2
SIM3
SIM4
1
21
22
SIM5
SIM1
SIM2
SIM3
SIM4
1
21
22
SIM5
SIM1
SIM2
SIM3
SIM4
1
21
22
SIM5
SIM1
SIM2
SIM3
SIM4
1
21
22
SIM5
SIM1
SIM2
SIM3
SIM4
1
21
22
SIM5
SIM1
SIM2
SIM3
SIM4
1
21
22
SIM5
SIM1
SIM2
SIM3
SIM4
1
21
22
SIM5
SIM1
SIM2
SIM3
SIM4
1
21
22
SIM5
SIM1
SIM2
SIM3
SIM4
1
21
22
SIM5
SIM1
SIM2
SIM3
SIM4
1
21
22
SIM5
SIM1
SIM2
SIM3
SIM4
1
21
22
SIM5
SIM1
SIM2
SIM3
SIM4
1
21
22
SIM5
SIM1
SIM2
SIM3
SIM4
1
21
22
SIM5
SIM1
SIM2
SIM3
SIM4
1
21
22
SIM5
SIM1
SIM2
SIM3
SIM4
1
21
22
SIM5
SIM1
SIM2
SIM3
SIM4
1
21
22
SIM5
SIM1
SIM2
SIM3
SIM4
1
21
22
SIM5
SIM1
SIM2
SIM3
SIM4
1
21
22
SIM5
SIM1
SIM2
SIM3
SIM4
1
21
22
SIM5
SIM1
SIM2
SIM3
SIM4
1
21
22
SIM5
SIM1
SIM2
SIM3
SIM4
1
21
22
SIM5
SIM1
SIM2
SIM3
SIM4
1
21
22
SIM5
SIM1
SIM2
SIM3
SIM4
1
21
22
SIM5
SIM1
SIM2
SIM3
SIM4
1
21
22
SIM5
SIM1
SIM2
SIM3
SIM4
1
21
22
SIM5
SIM1
SIM2
SIM3
SIM4
1
21
22
SIM5
SIM1
SIM2
SIM3
SIM4
1
21
22
SIM5
SIM1
SIM2
SIM3
SIM4
1
21
22
SIM5
SIM1
SIM2
SIM3
SIM4
1
21
22
SIM5
SIM1
SIM2
SIM3
SIM4
1
21
22
SIM5
SIM1
SIM2
SIM3
SIM4
1
21
22
SIM5
SIM1
SIM2
SIM3
SIM4
1
21
22
SIM5
SIM1
SIM2
SIM3
SIM4
1
21
22
SIM5
SIM1
SIM2
SIM3
SIM4
1
21
22
SIM5
SIM1
SIM2
SIM3
SIM4
1
21
22
SIM5
SIM1
SIM2
SIM3
SIM4
1
21
22
SIM5
SIM1
SIM2
SIM3
SIM4
1
21
22
SIM5
SIM1
SIM2
SIM3
SIM4
1
21
22
SIM5
SIM1
SIM2
SIM3
SIM4
1
21
22
SIM5
SIM1
SIM2
SIM3
SIM4
1
21
22
SIM5
SIM1
SIM2
SIM3
SIM4
1
21
22
SIM5
SIM1
SIM2
SIM3
SIM4
1
21
22
SIM5
SIM1
SIM2
SIM3
SIM4
1
21
22
SIM5
SIM1
SIM2
SIM3
SIM4
1
21
22
SIM5
SIM1
SIM2
SIM3
SIM4
1
21
22
SIM5
SIM1
SIM2
SIM3
SIM4
1
21
22
SIM5
SIM1
SIM2
SIM3
SIM4
1
21
22
SIM5
SIM1
SIM2
SIM3
SIM4
1
21
22
SIM5
SIM1
SIM2
SIM3
SIM4
1
21
22
SIM5
SIM1
SIM2
SIM3
SIM4
1
21
22
SIM5
SIM1
SIM2
SIM3
SIM4
1
21
22
SIM5
SIM1
SIM2
SIM3
SIM4
1
21
22
SIM5
SIM1
SIM2
SIM3
SIM4
1
21
22
SIM5
SIM1
SIM2
SIM3
SIM4
1
21
22
SIM5
SIM1
SIM2
SIM3
SIM4
1
21
22
SIM5
SIM1
SIM2
SIM3
SIM4
1
21
22
SIM5
SIM1
SIM2
SIM3
SIM4
1
21
22
SIM5
SIM1
SIM2
SIM3
SIM4
1
21
22
SIM5
SIM1
SIM2
SIM3
SIM4
1
21
22
SIM5
SIM1
SIM2
SIM3
SIM4
1
21
22
SIM5
SIM1
SIM2
SIM3
SIM4
1
21
22
SIM5
SIM1
SIM2
SIM3
SIM4
1
21
22
SIM5
SIM1
SIM2
SIM3
SIM4
1
21
22
SIM5
SIM1
SIM2
SIM3
SIM4
1
21
22
SIM5
SIM1
SIM2
SIM3
SIM4
1
21
22
SIM5
SIM1
SIM2
SIM3
SIM4
1
21
22
SIM5
SIM1
SIM2
SIM3
SIM4
1
21
22
SIM5
SIM1
SIM2
SIM3
SIM4
1
21
22
SIM5
SIM1
SIM2
SIM3
SIM4
1
21
22
SIM5
SIM1
SIM2
SIM3
SIM4
1
21
22
SIM5
SIM1
SIM2
SIM3
SIM4
1
21
22
SIM5
SIM1
SIM2
SIM3
SIM4
1
21
22
SIM5
SIM1
SIM2
DEBUG 1 427
SIM1
SIM2
SIM3
SIM4
1
21
22
SIM5
SIM1
SIM2
SIM3
SIM4
1
21
22
SIM5
SIM1
SIM2
SIM3
SIM4
1
21
22
SIM5
SIM1
SIM2
SIM3
SIM4
1
21
22
SIM5
SIM1
SIM2
SIM3
SIM4
1
21
22
SIM5
SIM1
SIM2
SIM3
SIM4
1
21
22
SIM5
SIM1
SIM2
SIM3
SIM4
1
21
22
SIM5
SIM1
SIM2
SIM3
SIM4
1
21
22
SIM5
SIM1
SIM2
SIM3
SIM4
1
21
22
SIM5
SIM1
SIM2
SIM3
SIM4
1
21
22
SIM5
SIM1
SIM2
SIM3
SIM4
1
21
22
SIM5
SIM1
SIM2
SIM3
SIM4
1
21
22
SIM5
SIM1
SIM2
SIM3
SIM4
1
21
22
SIM5
SIM1
SIM2
SIM3
SIM4
1
21
22
SIM5
SIM1
SIM2
SIM3
SIM4
1
21
22
SIM5
SIM1
SIM2
SIM3
SIM4
1
21
22
SIM5
SIM1
SIM2
SIM3
SIM4
1
21
22
SIM5
SIM1
SIM2
SIM3
SIM4
1
21
22
SIM5
SIM1
SIM2
SIM3
SIM4
1
21
22
SIM5
SIM1
SIM2
SIM3
SIM4
1
21
22
SIM5
SIM1
SIM2
SIM3
SIM4
1
21
22
SIM5
SIM1
SIM2
SIM3
SIM4
1
21
22
SIM5
SIM1
SIM2
SIM3
SIM4
1
21
22
SIM5
SIM1
SIM2
SIM3
SIM4
1
21
22
SIM5
SIM1
SIM2
SIM3
SIM4
1
21
22
SIM5
SIM1
SIM2
SIM3
SIM4
1
21
22
SIM5
SIM1
SIM2
SIM3
SIM4
1
21
22
SIM5
SIM1
SIM2
SIM3
SIM4
1
21
22
SIM5
SIM1
SIM2
SIM3
SIM4
1
21
22
SIM5
SIM1
SIM2
SIM3
SIM4
1
21
22
SIM5
SIM1
SIM2
SIM3
SIM4
1
21
22
SIM5
SIM1
SIM2
SIM3
SIM4
1
21
22
SIM5
SIM1
SIM2
SIM3
SIM4
1
21
22
SIM5
SIM1
SIM2
SIM3
SIM4
1
21
22
SIM5
SIM1
SIM2
SIM3
SIM4
1
21
22
SIM5
SIM1
SIM2
SIM3
SIM4
1
21
22
SIM5
SIM1
SIM2
SIM3
SIM4
1
21
22
SIM5
SIM1
SIM2
SIM3
SIM4
1
21
22
SIM5
SIM1
SIM2
SIM3
SIM4
1
21
22
SIM5
SIM1
SIM2
SIM3
SIM4
1
21
22
SIM5
SIM1
SIM2
SIM3
SIM4
1
21
22
SIM5
SIM1
SIM2
SIM3
SIM4
1
21
22
SIM5
SIM1
SIM2
SIM3
SIM4
1
21
22
SIM5
SIM1
SIM2
SIM3
SIM4
1
21
22
SIM5
SIM1
SIM2
SIM3
SIM4
1
21
22
SIM5
SIM1
SIM2
SIM3
SIM4
1
21
22
SIM5
SIM1
SIM2
SIM3
SIM4
1
21
22
SIM5
SIM1
SIM2
SIM3
SIM4
1
21
22
SIM5
SIM1
SIM2
SIM3
SIM4
1
21
22
SIM5
SIM1
SIM2
SIM3
SIM4
1
21
22
SIM5
SIM1
SIM2
SIM3
SIM4
1
21
22
SIM5
SIM1
SIM2
SIM3
SIM4
1
21
22
SIM5
SIM1
SIM2
SIM3
SIM4
1
21
22
SIM5
SIM1
SIM2
SIM3
SIM4
1
21
22
SIM5
SIM1
SIM2
SIM3
SIM4
1
21
22
SIM5
SIM1
SIM2
SIM3
SIM4
1
21
22
SIM5
SIM1
SIM2
SIM3
SIM4
1
21
22
SIM5
SIM1
SIM2
SIM3
SIM4
1
21
22
SIM5
SIM1
SIM2
SIM3
SIM4
1
21
22
SIM5
SIM1
SIM2
SIM3
SIM4
1
21
22
SIM5
SIM1
SIM2
SIM3
SIM4
1
21
22
SIM5
SIM1
SIM2
SIM3
SIM4
1
21
22
SIM5
SIM1
SIM2
SIM3
SIM4
1
21
22
SIM5
SIM1
SIM2
SIM3
SIM4
1
21
22
SIM5
SIM1
SIM2
SIM3
SIM4
1
21
22
SIM5
SIM1
SIM2
SIM3
SIM4
1
21
22
SIM5
SIM1
SIM2
SIM3
SIM4
1
21
22
SIM5
SIM1
SIM2
SIM3
SIM4
1
21
22
SIM5
SIM1
SIM2
SIM3
SIM4
1
21
22
SIM5
SIM1
SIM2
SIM3
SIM4
1
21
22
SIM5
SIM1
SIM2
SIM3
SIM4
1
21
22
SIM5
SIM1
SIM2
SIM3
SIM4
1
21
22
SIM5
SIM1
SIM2
SIM3
SIM4
1
21
22
SIM5
SIM1
SIM2
SIM3
SIM4
1
21
22
SIM5
SIM1
SIM2
SIM3
SIM4
1
21
22
SIM5
SIM1
SIM2
SIM3
SIM4
1
21
22
SIM5
SIM1
SIM2
SIM3
SIM4
1
21
22
SIM5
SIM1
SIM2
SIM3
SIM4
1
21
22
SIM5
SIM1
SIM2
SIM3
SIM4
1
21
22
SIM5
SIM1
SIM2
SIM3
SIM4
1
21
22
SIM5
SIM1
SIM2
SIM3
SIM4
1
21
22
SIM5
SIM1
SIM2
SIM3
SIM4
1
21
22
SIM5
SIM1
SIM2
SIM3
SIM4
1
21
22
SIM5
SIM1
SIM2
SIM3
SIM4
1
21
22
SIM5
SIM1
SIM2
SIM3
SIM4
1
21
22
SIM5
SIM1
SIM2
SIM3
SIM4
1
21
22
SIM5
SIM1
SIM2
SIM3
SIM4
1
21
22
SIM5
SIM1
SIM2
SIM3
SIM4
1
21
22
SIM5
SIM1
SIM2
SIM3
SIM4
1
21
22
SIM5
SIM1
SIM2
SIM3
SIM4
1
21
22
SIM5
SIM1
SIM2
SIM3
SIM4
1
21
22
SIM5
SIM1
SIM2
SIM3
SIM4
1
21
22
SIM5
SIM1
SIM2
SIM3
SIM4
1
21
22
SIM5
SIM1
SIM2
SIM3
SIM4
1
21
22
SIM5
SIM1
SIM2
SIM3
SIM4
1
21
22
SIM5
SIM1
SIM2
SIM3
SIM4
1
21
22
SIM5
SIM1
SIM2
SIM3
SIM4
1
21
22
SIM5
SIM1
SIM2
SIM3
SIM4
1
21
22
SIM5
SIM1
SIM2
SIM3
SIM4
1
21
22
SIM5
SIM1
SIM2
SIM3
SIM4
1
21
22
SIM5
SIM1
SIM2
SIM3
SIM4
1
21
22
SIM5
SIM1
SIM2
SIM3
SIM4
1
21
22
SIM5
SIM1
SIM2
SIM3
SIM4
1
21
22
SIM5
SIM1
SIM2
SIM3
SIM4
1
21
22
SIM5
SIM1
SIM2
SIM3
SIM4
1
21
22
SIM5
SIM1
SIM2
SIM3
SIM4
1
21
22
SIM5
SIM1
SIM2
SIM3
SIM4
1
21
22
SIM5
SIM1
SIM2
SIM3
SIM4
1
21
22
SIM5
SIM1
SIM2
SIM3
SIM4
1
21
22
SIM5
SIM1
SIM2
SIM3
SIM4
1
21
22
SIM5
SIM1
SIM2
SIM3
SIM4
1
21
22
SIM5
SIM1
SIM2
SIM3
SIM4
1
21
22
SIM5
SIM1
SIM2
SIM3
SIM4
1
21
22
SIM5
SIM1
SIM2
SIM3
SIM4
1
21
22
SIM5
SIM1
SIM2
SIM3
SIM4
1
21
22
SIM5
SIM1
SIM2
SIM3
SIM4
1
21
22
SIM5
SIM1
SIM2
SIM3
SIM4
1
21
22
SIM5
SIM1
SIM2
SIM3
SIM4
1
21
22
SIM5
SIM1
SIM2
SIM3
SIM4
1
21
22
SIM5
SIM1
SIM2
SIM3
SIM4
1
21
22
SIM5
SIM1
SIM2
SIM3
SIM4
1
21
22
SIM5
SIM1
SIM2
SIM3
SIM4
1
21
22
SIM5
SIM1
SIM2
SIM3
SIM4
1
21
22
SIM5
SIM1
SIM2
SIM3
SIM4
1
21
22
SIM5
SIM1
SIM2
SIM3
SIM4
1
21
22
SIM5
SIM1
SIM2
SIM3
SIM4
1
21
22
SIM5
SIM1
SIM2
SIM3
SIM4
1
21
22
SIM5
SIM1
SIM2
SIM3
SIM4
1
21
22
SIM5
SIM1
SIM2
SIM3
SIM4
1
21
22
SIM5
SIM1
SIM2
SIM3
SIM4
1
21
22
SIM5
SIM1
SIM2
SIM3
SIM4
1
21
22
SIM5
SIM1
SIM2
SIM3
SIM4
1
21
22
SIM5
SIM1
SIM2
SIM3
SIM4
1
21
22
SIM5
SIM1
SIM2
SIM3
SIM4
1
21
22
SIM5
SIM1
SIM2
SIM3
SIM4
1
21
22
SIM5
SIM1
SIM2
SIM3
SIM4
1
21
22
SIM5
SIM1
SIM2
SIM3
SIM4
1
21
22
SIM5
SIM1
SIM2
SIM3
SIM4
1
21
22
SIM5
SIM1
SIM2
SIM3
SIM4
1
21
22
SIM5
SIM1
SIM2
SIM3
SIM4
1
21
22
SIM5
SIM1
SIM2
SIM3
SIM4
1
21
22
SIM5
SIM1
SIM2
SIM3
SIM4
1
21
22
SIM5
SIM1
SIM2
SIM3
SIM4
1
21
22
SIM5
SIM1
SIM2
SIM3
SIM4
1
21
22
SIM5
SIM1
SIM2
SIM3
SIM4
1
21
22
SIM5
SIM1
SIM2
SIM3
SIM4
1
21
22
SIM5
SIM1
SIM2
SIM3
SIM4
1
21
22
SIM5
SIM1
SIM2
SIM3
SIM4
1
21
22
SIM5
SIM1
SIM2
SIM3
SIM4
1
21
22
SIM5
SIM1
SIM2
SIM3
SIM4
1
21
22
SIM5
SIM1
SIM2
SIM3
SIM4
1
21
22
SIM5
SIM1
SIM2
SIM3
SIM4
1
21
22
SIM5
SIM1
SIM2
SIM3
SIM4
1
21
22
SIM5
SIM1
SIM2
SIM3
SIM4
1
21
22
SIM5
SIM1
SIM2
SIM3
SIM4
1
21
22
SIM5
SIM1
SIM2
SIM3
SIM4
1
21
22
SIM5
SIM1
SIM2
SIM3
SIM4
1
21
22
SIM5
SIM1
SIM2
SIM3
SIM4
1
21
22
SIM5
SIM1
SIM2
SIM3
SIM4
1
21
22
SIM5
SIM1
SIM2
SIM3
SIM4
1
21
22
SIM5
SIM1
SIM2
SIM3
SIM4
1
21
22
SIM5
SIM1
SIM2
SIM3
SIM4
1
21
22
SIM5
SIM1
SIM2
SIM3
SIM4
1
21
22
SIM5
SIM1
SIM2
SIM3
SIM4
1
21
22
SIM5
SIM1
SIM2
SIM3
SIM4
1
21
22
SIM5
SIM1
SIM2
SIM3
SIM4
1
21
22
SIM5
SIM1
SIM2
SIM3
SIM4
1
21
22
SIM5
SIM1
SIM2
SIM3
SIM4
1
21
22
SIM5
SIM1
SIM2
SIM3
SIM4
1
21
22
SIM5
SIM1
SIM2
SIM3
SIM4
1
21
22
SIM5
SIM1
SIM2
SIM3
SIM4
1
21
22
SIM5
SIM1
SIM2
SIM3
SIM4
1
21
22
SIM5
SIM1
SIM2
SIM3
SIM4
1
21
22
SIM5
SIM1
SIM2
SIM3
SIM4
1
21
22
SIM5
SIM1
SIM2
SIM3
SIM4
1
21
22
SIM5
SIM1
SIM2
SIM3
SIM4
1
21
22
SIM5
SIM1
SIM2
SIM3
SIM4
1
21
22
SIM5
SIM1
SIM2
SIM3
SIM4
1
21
22
SIM5
SIM1
SIM2
SIM3
SIM4
1
21
22
SIM5
SIM1
SIM2
SIM3
SIM4
1
21
22
SIM5
SIM1
SIM2
SIM3
SIM4
1
21
22
SIM5
SIM1
SIM2
SIM3
SIM4
1
21
22
SIM5
SIM1
SIM2
SIM3
SIM4
1
21
22
SIM5
SIM1
SIM2
SIM3
SIM4
1
21
22
SIM5
SIM1
SIM2
SIM3
SIM4
1
21
22
SIM5
SIM1
SIM2
SIM3
SIM4
1
21
22
SIM5
SIM1
SIM2
SIM3
SIM4
1
21
22
SIM5
SIM1
SIM2
SIM3
SIM4
1
21
22
SIM5
SIM1
SIM2
SIM3
SIM4
1
21
22
SIM5
SIM1
SIM2
SIM3
SIM4
1
21
22
SIM5
SIM1
SIM2
SIM3
SIM4
1
21
22
SIM5
SIM1
SIM2
SIM3
SIM4
1
21
22
SIM5
SIM1
SIM2
DEBUG 1 428
SIM1
SIM2
SIM3
SIM4
1
21
22
SIM5
SIM1
SIM2
SIM3
SIM4
1
21
22
SIM5
SIM1
SIM2
SIM3
SIM4
1
21
22
SIM5
SIM1
SIM2
SIM3
SIM4
1
21
22
SIM5
SIM1
SIM2
SIM3
SIM4
1
21
22
SIM5
SIM1
SIM2
SIM3
SIM4
1
21
22
SIM5
SIM1
SIM2
SIM3
SIM4
1
21
22
SIM5
SIM1
SIM2
SIM3
SIM4
1
21
22
SIM5
SIM1
SIM2
SIM3
SIM4
1
21
22
SIM5
SIM1
SIM2
SIM3
SIM4
1
21
22
SIM5
SIM1
SIM2
SIM3
SIM4
1
21
22
SIM5
SIM1
SIM2
SIM3
SIM4
1
21
22
SIM5
SIM1
SIM2
SIM3
SIM4
1
21
22
SIM5
SIM1
SIM2
SIM3
SIM4
1
21
22
SIM5
SIM1
SIM2
SIM3
SIM4
1
21
22
SIM5
SIM1
SIM2
SIM3
SIM4
1
21
22
SIM5
SIM1
SIM2
SIM3
SIM4
1
21
22
SIM5
SIM1
SIM2
SIM3
SIM4
1
21
22
SIM5
SIM1
SIM2
SIM3
SIM4
1
21
22
SIM5
SIM1
SIM2
SIM3
SIM4
1
21
22
SIM5
SIM1
SIM2
SIM3
SIM4
1
21
22
SIM5
SIM1
SIM2
SIM3
SIM4
1
21
22
SIM5
SIM1
SIM2
SIM3
SIM4
1
21
22
SIM5
SIM1
SIM2
SIM3
SIM4
1
21
22
SIM5
SIM1
SIM2
SIM3
SIM4
1
21
22
SIM5
SIM1
SIM2
SIM3
SIM4
1
21
22
SIM5
SIM1
SIM2
SIM3
SIM4
1
21
22
SIM5
SIM1
SIM2
SIM3
SIM4
1
21
22
SIM5
SIM1
SIM2
SIM3
SIM4
1
21
22
SIM5
SIM1
SIM2
SIM3
SIM4
1
21
22
SIM5
SIM1
SIM2
SIM3
SIM4
1
21
22
SIM5
SIM1
SIM2
SIM3
SIM4
1
21
22
SIM5
SIM1
SIM2
SIM3
SIM4
1
21
22
SIM5
SIM1
SIM2
SIM3
SIM4
1
21
22
SIM5
SIM1
SIM2
SIM3
SIM4
1
21
22
SIM5
SIM1
SIM2
SIM3
SIM4
1
21
22
SIM5
SIM1
SIM2
SIM3
SIM4
1
21
22
SIM5
SIM1
SIM2
SIM3
SIM4
1
21
22
SIM5
SIM1
SIM2
SIM3
SIM4
1
21
22
SIM5
SIM1
SIM2
SIM3
SIM4
1
21
22
SIM5
SIM1
SIM2
SIM3
SIM4
1
21
22
SIM5
SIM1
SIM2
SIM3
SIM4
1
21
22
SIM5
SIM1
SIM2
SIM3
SIM4
1
21
22
SIM5
SIM1
SIM2
SIM3
SIM4
1
21
22
SIM5
SIM1
SIM2
SIM3
SIM4
1
21
22
SIM5
SIM1
SIM2
SIM3
SIM4
1
21
22
SIM5
SIM1
SIM2
SIM3
SIM4
1
21
22
SIM5
SIM1
SIM2
SIM3
SIM4
1
21
22
SIM5
SIM1
SIM2
SIM3
SIM4
1
21
22
SIM5
SIM1
SIM2
SIM3
SIM4
1
21
22
SIM5
SIM1
SIM2
SIM3
SIM4
1
21
22
SIM5
SIM1
SIM2
SIM3
SIM4
1
21
22
SIM5
SIM1
SIM2
SIM3
SIM4
1
21
22
SIM5
SIM1
SIM2
SIM3
SIM4
1
21
22
SIM5
SIM1
SIM2
SIM3
SIM4
1
21
22
SIM5
SIM1
SIM2
SIM3
SIM4
1
21
22
SIM5
SIM1
SIM2
SIM3
SIM4
1
21
22
SIM5
SIM1
SIM2
SIM3
SIM4
1
21
22
SIM5
SIM1
SIM2
SIM3
SIM4
1
21
22
SIM5
SIM1
SIM2
SIM3
SIM4
1
21
22
SIM5
SIM1
SIM2
SIM3
SIM4
1
21
22
SIM5
SIM1
SIM2
SIM3
SIM4
1
21
22
SIM5
SIM1
SIM2
SIM3
SIM4
1
21
22
SIM5
SIM1
SIM2
SIM3
SIM4
1
21
22
SIM5
SIM1
SIM2
SIM3
SIM4
1
21
22
SIM5
SIM1
SIM2
SIM3
SIM4
1
21
22
SIM5
SIM1
SIM2
SIM3
SIM4
1
21
22
SIM5
SIM1
SIM2
SIM3
SIM4
1
21
22
SIM5
SIM1
SIM2
SIM3
SIM4
1
21
22
SIM5
SIM1
SIM2
SIM3
SIM4
1
21
22
SIM5
SIM1
SIM2
SIM3
SIM4
1
21
22
SIM5
SIM1
SIM2
SIM3
SIM4
1
21
22
SIM5
SIM1
SIM2
SIM3
SIM4
1
21
22
SIM5
SIM1
SIM2
SIM3
SIM4
1
21
22
SIM5
SIM1
SIM2
SIM3
SIM4
1
21
22
SIM5
SIM1
SIM2
SIM3
SIM4
1
21
22
SIM5
SIM1
SIM2
SIM3
SIM4
1
21
22
SIM5
SIM1
SIM2
SIM3
SIM4
1
21
22
SIM5
SIM1
SIM2
SIM3
SIM4
1
21
22
SIM5
SIM1
SIM2
SIM3
SIM4
1
21
22
SIM5
SIM1
SIM2
SIM3
SIM4
1
21
22
SIM5
SIM1
SIM2
SIM3
SIM4
1
21
22
SIM5
SIM1
SIM2
SIM3
SIM4
1
21
22
SIM5
SIM1
SIM2
SIM3
SIM4
1
21
22
SIM5
SIM1
SIM2
SIM3
SIM4
1
21
22
SIM5
SIM1
SIM2
SIM3
SIM4
1
21
22
SIM5
SIM1
SIM2
SIM3
SIM4
1
21
22
SIM5
SIM1
SIM2
SIM3
SIM4
1
21
22
SIM5
SIM1
SIM2
SIM3
SIM4
1
21
22
SIM5
SIM1
SIM2
SIM3
SIM4
1
21
22
SIM5
SIM1
SIM2
SIM3
SIM4
1
21
22
SIM5
SIM1
SIM2
SIM3
SIM4
1
21
22
SIM5
SIM1
SIM2
SIM3
SIM4
1
21
22
SIM5
SIM1
SIM2
SIM3
SIM4
1
21
22
SIM5
SIM1
SIM2
SIM3
SIM4
1
21
22
SIM5
SIM1
SIM2
SIM3
SIM4
1
21
22
SIM5
SIM1
SIM2
SIM3
SIM4
1
21
22
SIM5
SIM1
SIM2
SIM3
SIM4
1
21
22
SIM5
SIM1
SIM2
SIM3
SIM4
1
21
22
SIM5
SIM1
SIM2
SIM3
SIM4
1
21
22
SIM5
SIM1
SIM2
SIM3
SIM4
1
21
22
SIM5
SIM1
SIM2
SIM3
SIM4
1
21
22
SIM5
SIM1
SIM2
SIM3
SIM4
1
21
22
SIM5
SIM1
SIM2
SIM3
SIM4
1
21
22
SIM5
SIM1
SIM2
SIM3
SIM4
1
21
22
SIM5
SIM1
SIM2
SIM3
SIM4
1
21
22
SIM5
SIM1
SIM2
SIM3
SIM4
1
21
22
SIM5
SIM1
SIM2
SIM3
SIM4
1
21
22
SIM5
SIM1
SIM2
SIM3
SIM4
1
21
22
SIM5
SIM1
SIM2
SIM3
SIM4
1
21
22
SIM5
SIM1
SIM2
SIM3
SIM4
1
21
22
SIM5
SIM1
SIM2
SIM3
SIM4
1
21
22
SIM5
SIM1
SIM2
SIM3
SIM4
1
21
22
SIM5
SIM1
SIM2
SIM3
SIM4
1
21
22
SIM5
SIM1
SIM2
SIM3
SIM4
1
21
22
SIM5
SIM1
SIM2
SIM3
SIM4
1
21
22
SIM5
SIM1
SIM2
SIM3
SIM4
1
21
22
SIM5
SIM1
SIM2
SIM3
SIM4
1
21
22
SIM5
SIM1
SIM2
SIM3
SIM4
1
21
22
SIM5
SIM1
SIM2
SIM3
SIM4
1
21
22
SIM5
SIM1
SIM2
SIM3
SIM4
1
21
22
SIM5
SIM1
SIM2
SIM3
SIM4
1
21
22
SIM5
SIM1
SIM2
SIM3
SIM4
1
21
22
SIM5
SIM1
SIM2
SIM3
SIM4
1
21
22
SIM5
SIM1
SIM2
SIM3
SIM4
1
21
22
SIM5
SIM1
SIM2
SIM3
SIM4
1
21
22
SIM5
SIM1
SIM2
SIM3
SIM4
1
21
22
SIM5
SIM1
SIM2
SIM3
SIM4
1
21
22
SIM5
SIM1
SIM2
SIM3
SIM4
1
21
22
SIM5
SIM1
SIM2
SIM3
SIM4
1
21
22
SIM5
SIM1
SIM2
SIM3
SIM4
1
21
22
SIM5
SIM1
SIM2
SIM3
SIM4
1
21
22
SIM5
SIM1
SIM2
SIM3
SIM4
1
21
22
SIM5
SIM1
SIM2
SIM3
SIM4
1
21
22
SIM5
SIM1
SIM2
SIM3
SIM4
1
21
22
SIM5
SIM1
SIM2
SIM3
SIM4
1
21
22
SIM5
SIM1
SIM2
SIM3
SIM4
1
21
22
SIM5
SIM1
SIM2
SIM3
SIM4
1
21
22
SIM5
SIM1
SIM2
SIM3
SIM4
1
21
22
SIM5
SIM1
SIM2
SIM3
SIM4
1
21
22
SIM5
SIM1
SIM2
SIM3
SIM4
1
21
22
SIM5
SIM1
SIM2
SIM3
SIM4
1
21
22
SIM5
SIM1
SIM2
SIM3
SIM4
1
21
22
SIM5
SIM1
SIM2
SIM3
SIM4
1
21
22
SIM5
SIM1
SIM2
SIM3
SIM4
1
21
22
SIM5
SIM1
SIM2
SIM3
SIM4
1
21
22
SIM5
SIM1
SIM2
SIM3
SIM4
1
21
22
SIM5
SIM1
SIM2
SIM3
SIM4
1
21
22
SIM5
SIM1
SIM2
SIM3
SIM4
1
21
22
SIM5
SIM1
SIM2
SIM3
SIM4
1
21
22
SIM5
SIM1
SIM2
SIM3
SIM4
1
21
22
SIM5
SIM1
SIM2
SIM3
SIM4
1
21
22
SIM5
SIM1
SIM2
SIM3
SIM4
1
21
22
SIM5
SIM1
SIM2
SIM3
SIM4
1
21
22
SIM5
SIM1
SIM2
SIM3
SIM4
1
21
22
SIM5
SIM1
SIM2
SIM3
SIM4
1
21
22
SIM5
SIM1
SIM2
SIM3
SIM4
1
21
22
SIM5
SIM1
SIM2
SIM3
SIM4
1
21
22
SIM5
SIM1
SIM2
SIM3
SIM4
1
21
22
SIM5
SIM1
SIM2
SIM3
SIM4
1
21
22
SIM5
SIM1
SIM2
SIM3
SIM4
1
21
22
SIM5
SIM1
SIM2
SIM3
SIM4
1
21
22
SIM5
SIM1
SIM2
SIM3
SIM4
1
21
22
SIM5
SIM1
SIM2
SIM3
SIM4
1
21
22
SIM5
SIM1
SIM2
SIM3
SIM4
1
21
22
SIM5
SIM1
SIM2
SIM3
SIM4
1
21
22
SIM5
SIM1
SIM2
SIM3
SIM4
1
21
22
SIM5
SIM1
SIM2
SIM3
SIM4
1
21
22
SIM5
SIM1
SIM2
SIM3
SIM4
1
21
22
SIM5
SIM1
SIM2
SIM3
SIM4
1
21
22
SIM5
SIM1
SIM2
SIM3
SIM4
1
21
22
SIM5
SIM1
SIM2
SIM3
SIM4
1
21
22
SIM5
SIM1
SIM2
SIM3
SIM4
1
21
22
SIM5
SIM1
SIM2
SIM3
SIM4
1
21
22
SIM5
SIM1
SIM2
SIM3
SIM4
1
21
22
SIM5
SIM1
SIM2
SIM3
SIM4
1
21
22
SIM5
SIM1
SIM2
SIM3
SIM4
1
21
22
SIM5
SIM1
SIM2
SIM3
SIM4
1
21
22
SIM5
SIM1
SIM2
SIM3
SIM4
1
21
22
SIM5
SIM1
SIM2
SIM3
SIM4
1
21
22
SIM5
SIM1
SIM2
SIM3
SIM4
1
21
22
SIM5
SIM1
SIM2
SIM3
SIM4
1
21
22
SIM5
SIM1
SIM2
SIM3
SIM4
1
21
22
SIM5
SIM1
SIM2
SIM3
SIM4
1
21
22
SIM5
SIM1
SIM2
SIM3
SIM4
1
21
22
SIM5
SIM1
SIM2
SIM3
SIM4
1
21
22
SIM5
SIM1
SIM2
SIM3
SIM4
1
21
22
SIM5
SIM1
SIM2
SIM3
SIM4
1
21
22
SIM5
SIM1
SIM2
SIM3
SIM4
1
21
22
SIM5
SIM1
SIM2
SIM3
SIM4
1
21
22
SIM5
SIM1
SIM2
SIM3
SIM4
1
21
22
SIM5
SIM1
SIM2
SIM3
SIM4
1
21
22
SIM5
SIM1
SIM2
SIM3
SIM4
1
21
22
SIM5
SIM1
SIM2
SIM3
SIM4
1
21
22
SIM5
SIM1
SIM2
SIM3
SIM4
1
21
22
SIM5
SIM1
SIM2
SIM3
SIM4
1
21
22
SIM5
SIM1
SIM2
SIM3
SIM4
1
21
22
SIM5
SIM1
SIM2
SIM3
SIM4
1
21
22
SIM5
SIM1
SIM2
SIM3
SIM4
1
21
22
SIM5
SIM1
SIM2
SIM3
SIM4
1
21
22
SIM5
SIM1
SIM2
SIM3
SIM4
1
21
22
SIM5
SIM1
SIM2
SIM3
SIM4
1
21
22
SIM5
SIM1
SIM2
SIM3
SIM4
1
21
22
SIM5
SIM1
SIM2
SIM3
SIM4
1
21
22
SIM5
SIM1
SIM2
SIM3
SIM4
1
21
22
SIM5
SIM1
SIM2
SIM3
SIM4
1
21
22
SIM5
SIM1
SIM2
SIM3
SIM4
1
21
22
SIM5
SIM1
SIM2
SIM3
SIM4
1
21
22
SIM5
SIM1
SIM2
SIM3
SIM4
1
21
22
SIM5
SIM1
SIM2
SIM3
SIM4
1
21
22
SIM5
SIM1
SIM2
SIM3
SIM4
1
21
22
SIM5
SIM1
SIM2
SIM3
SIM4
1
21
22
SIM5
SIM1
SIM2
SIM3
SIM4
1
21
22
SIM5
SIM1
SIM2
SIM3
SIM4
1
21
22
SIM5
SIM1
SIM2
SIM3
SIM4
1
21
22
SIM5
SIM1
SIM2
SIM3
SIM4
1
21
22
SIM5
SIM1
SIM2
SIM3
SIM4
1
21
22
SIM5
SIM1
SIM2
SIM3
SIM4
1
21
22
SIM5
SIM1
SIM2
SIM3
SIM4
1
21
22
SIM5
SIM1
SIM2
SIM3
SIM4
1
21
22
SIM5
SIM1
SIM2
SIM3
SIM4
1
21
22
SIM5
SIM1
SIM2
SIM3
SIM4
1
21
22
SIM5
SIM1
SIM2
SIM3
SIM4
1
21
22
SIM5
SIM1
SIM2
SIM3
SIM4
1
21
22
SIM5
SIM1
SIM2
SIM3
SIM4
1
21
22
SIM5
SIM1
SIM2
SIM3
SIM4
1
21
22
SIM5
SIM1
SIM2
SIM3
SIM4
1
21
22
SIM5
SIM1
SIM2
SIM3
SIM4
1
21
22
SIM5
SIM1
SIM2
SIM3
SIM4
1
21
22
SIM5
SIM1
SIM2
SIM3
SIM4
1
21
22
SIM5
SIM1
SIM2
SIM3
SIM4
1
21
22
SIM5
SIM1
SIM2
SIM3
SIM4
1
21
22
SIM5
SIM1
SIM2
SIM3
SIM4
1
21
22
SIM5
SIM1
SIM2
SIM3
SIM4
1
21
22
SIM5
SIM1
SIM2
SIM3
SIM4
1
21
22
SIM5
SIM1
SIM2
SIM3
SIM4
1
21
22
SIM5
SIM1
SIM2
SIM3
SIM4
1
21
22
SIM5
SIM1
SIM2
SIM3
SIM4
1
21
22
SIM5
SIM1
SIM2
DEBUG 1 429
SIM1
SIM2
SIM3
SIM4
1
21
22
SIM5
SIM1
SIM2
SIM3
SIM4
1
21
22
SIM5
SIM1
SIM2
SIM3
SIM4
1
21
22
SIM5
SIM1
SIM2
SIM3
SIM4
1
21
22
SIM5
SIM1
SIM2
SIM3
SIM4
1
21
22
SIM5
SIM1
SIM2
SIM3
SIM4
1
21
22
SIM5
SIM1
SIM2
SIM3
SIM4
1
21
22
SIM5
SIM1
SIM2
SIM3
SIM4
1
21
22
SIM5
SIM1
SIM2
SIM3
SIM4
1
21
22
SIM5
SIM1
SIM2
SIM3
SIM4
1
21
22
SIM5
SIM1
SIM2
SIM3
SIM4
1
21
22
SIM5
SIM1
SIM2
SIM3
SIM4
1
21
22
SIM5
SIM1
SIM2
SIM3
SIM4
1
21
22
SIM5
SIM1
SIM2
SIM3
SIM4
1
21
22
SIM5
SIM1
SIM2
SIM3
SIM4
1
21
22
SIM5
SIM1
SIM2
SIM3
SIM4
1
21
22
SIM5
SIM1
SIM2
SIM3
SIM4
1
21
22
SIM5
SIM1
SIM2
SIM3
SIM4
1
21
22
SIM5
SIM1
SIM2
SIM3
SIM4
1
21
22
SIM5
SIM1
SIM2
SIM3
SIM4
1
21
22
SIM5
SIM1
SIM2
SIM3
SIM4
1
21
22
SIM5
SIM1
SIM2
SIM3
SIM4
1
21
22
SIM5
SIM1
SIM2
SIM3
SIM4
1
21
22
SIM5
SIM1
SIM2
SIM3
SIM4
1
21
22
SIM5
SIM1
SIM2
SIM3
SIM4
1
21
22
SIM5
SIM1
SIM2
SIM3
SIM4
1
21
22
SIM5
SIM1
SIM2
SIM3
SIM4
1
21
22
SIM5
SIM1
SIM2
SIM3
SIM4
1
21
22
SIM5
SIM1
SIM2
SIM3
SIM4
1
21
22
SIM5
SIM1
SIM2
SIM3
SIM4
1
21
22
SIM5
SIM1
SIM2
SIM3
SIM4
1
21
22
SIM5
SIM1
SIM2
SIM3
SIM4
1
21
22
SIM5
SIM1
SIM2
SIM3
SIM4
1
21
22
SIM5
SIM1
SIM2
SIM3
SIM4
1
21
22
SIM5
SIM1
SIM2
SIM3
SIM4
1
21
22
SIM5
SIM1
SIM2
SIM3
SIM4
1
21
22
SIM5
SIM1
SIM2
SIM3
SIM4
1
21
22
SIM5
SIM1
SIM2
SIM3
SIM4
1
21
22
SIM5
SIM1
SIM2
SIM3
SIM4
1
21
22
SIM5
SIM1
SIM2
SIM3
SIM4
1
21
22
SIM5
SIM1
SIM2
SIM3
SIM4
1
21
22
SIM5
SIM1
SIM2
SIM3
SIM4
1
21
22
SIM5
SIM1
SIM2
SIM3
SIM4
1
21
22
SIM5
SIM1
SIM2
SIM3
SIM4
1
21
22
SIM5
SIM1
SIM2
SIM3
SIM4
1
21
22
SIM5
SIM1
SIM2
SIM3
SIM4
1
21
22
SIM5
SIM1
SIM2
SIM3
SIM4
1
21
22
SIM5
SIM1
SIM2
SIM3
SIM4
1
21
22
SIM5
SIM1
SIM2
SIM3
SIM4
1
21
22
SIM5
SIM1
SIM2
SIM3
SIM4
1
21
22
SIM5
SIM1
SIM2
SIM3
SIM4
1
21
22
SIM5
SIM1
SIM2
SIM3
SIM4
1
21
22
SIM5
SIM1
SIM2
SIM3
SIM4
1
21
22
SIM5
SIM1
SIM2
SIM3
SIM4
1
21
22
SIM5
SIM1
SIM2
SIM3
SIM4
1
21
22
SIM5
SIM1
SIM2
SIM3
SIM4
1
21
22
SIM5
SIM1
SIM2
SIM3
SIM4
1
21
22
SIM5
SIM1
SIM2
SIM3
SIM4
1
21
22
SIM5
SIM1
SIM2
SIM3
SIM4
1
21
22
SIM5
SIM1
SIM2
SIM3
SIM4
1
21
22
SIM5
SIM1
SIM2
SIM3
SIM4
1
21
22
SIM5
SIM1
SIM2
SIM3
SIM4
1
21
22
SIM5
SIM1
SIM2
SIM3
SIM4
1
21
22
SIM5
SIM1
SIM2
SIM3
SIM4
1
21
22
SIM5
SIM1
SIM2
SIM3
SIM4
1
21
22
SIM5
SIM1
SIM2
SIM3
SIM4
1
21
22
SIM5
SIM1
SIM2
SIM3
SIM4
1
21
22
SIM5
SIM1
SIM2
SIM3
SIM4
1
21
22
SIM5
SIM1
SIM2
SIM3
SIM4
1
21
22
SIM5
SIM1
SIM2
SIM3
SIM4
1
21
22
SIM5
SIM1
SIM2
SIM3
SIM4
1
21
22
SIM5
SIM1
SIM2
SIM3
SIM4
1
21
22
SIM5
SIM1
SIM2
SIM3
SIM4
1
21
22
SIM5
SIM1
SIM2
SIM3
SIM4
1
21
22
SIM5
SIM1
SIM2
SIM3
SIM4
1
21
22
SIM5
SIM1
SIM2
SIM3
SIM4
1
21
22
SIM5
SIM1
SIM2
SIM3
SIM4
1
21
22
SIM5
SIM1
SIM2
SIM3
SIM4
1
21
22
SIM5
SIM1
SIM2
SIM3
SIM4
1
21
22
SIM5
SIM1
SIM2
SIM3
SIM4
1
21
22
SIM5
SIM1
SIM2
SIM3
SIM4
1
21
22
SIM5
SIM1
SIM2
SIM3
SIM4
1
21
22
SIM5
SIM1
SIM2
SIM3
SIM4
1
21
22
SIM5
SIM1
SIM2
SIM3
SIM4
1
21
22
SIM5
SIM1
SIM2
SIM3
SIM4
1
21
22
SIM5
SIM1
SIM2
SIM3
SIM4
1
21
22
SIM5
SIM1
SIM2
SIM3
SIM4
1
21
22
SIM5
SIM1
SIM2
SIM3
SIM4
1
21
22
SIM5
SIM1
SIM2
SIM3
SIM4
1
21
22
SIM5
SIM1
SIM2
SIM3
SIM4
1
21
22
SIM5
SIM1
SIM2
SIM3
SIM4
1
21
22
SIM5
SIM1
SIM2
SIM3
SIM4
1
21
22
SIM5
SIM1
SIM2
SIM3
SIM4
1
21
22
SIM5
SIM1
SIM2
SIM3
SIM4
1
21
22
SIM5
SIM1
SIM2
SIM3
SIM4
1
21
22
SIM5
SIM1
SIM2
SIM3
SIM4
1
21
22
SIM5
SIM1
SIM2
SIM3
SIM4
1
21
22
SIM5
SIM1
SIM2
SIM3
SIM4
1
21
22
SIM5
SIM1
SIM2
SIM3
SIM4
1
21
22
SIM5
SIM1
SIM2
SIM3
SIM4
1
21
22
SIM5
SIM1
SIM2
SIM3
SIM4
1
21
22
SIM5
SIM1
SIM2
SIM3
SIM4
1
21
22
SIM5
SIM1
SIM2
SIM3
SIM4
1
21
22
SIM5
SIM1
SIM2
SIM3
SIM4
1
21
22
SIM5
SIM1
SIM2
SIM3
SIM4
1
21
22
SIM5
SIM1
SIM2
SIM3
SIM4
1
21
22
SIM5
SIM1
SIM2
SIM3
SIM4
1
21
22
SIM5
SIM1
SIM2
SIM3
SIM4
1
21
22
SIM5
SIM1
SIM2
SIM3
SIM4
1
21
22
SIM5
SIM1
SIM2
SIM3
SIM4
1
21
22
SIM5
SIM1
SIM2
SIM3
SIM4
1
21
22
SIM5
SIM1
SIM2
SIM3
SIM4
1
21
22
SIM5
SIM1
SIM2
SIM3
SIM4
1
21
22
SIM5
SIM1
SIM2
SIM3
SIM4
1
21
22
SIM5
SIM1
SIM2
SIM3
SIM4
1
21
22
SIM5
SIM1
SIM2
SIM3
SIM4
1
21
22
SIM5
SIM1
SIM2
SIM3
SIM4
1
21
22
SIM5
SIM1
SIM2
SIM3
SIM4
1
21
22
SIM5
SIM1
SIM2
SIM3
SIM4
1
21
22
SIM5
SIM1
SIM2
SIM3
SIM4
1
21
22
SIM5
SIM1
SIM2
SIM3
SIM4
1
21
22
SIM5
SIM1
SIM2
SIM3
SIM4
1
21
22
SIM5
SIM1
SIM2
SIM3
SIM4
1
21
22
SIM5
SIM1
SIM2
SIM3
SIM4
1
21
22
SIM5
SIM1
SIM2
SIM3
SIM4
1
21
22
SIM5
SIM1
SIM2
SIM3
SIM4
1
21
22
SIM5
SIM1
SIM2
SIM3
SIM4
1
21
22
SIM5
SIM1
SIM2
SIM3
SIM4
1
21
22
SIM5
SIM1
SIM2
SIM3
SIM4
1
21
22
SIM5
SIM1
SIM2
SIM3
SIM4
1
21
22
SIM5
SIM1
SIM2
SIM3
SIM4
1
21
22
SIM5
SIM1
SIM2
SIM3
SIM4
1
21
22
SIM5
SIM1
SIM2
SIM3
SIM4
1
21
22
SIM5
SIM1
SIM2
SIM3
SIM4
1
21
22
SIM5
SIM1
SIM2
SIM3
SIM4
1
21
22
SIM5
SIM1
SIM2
SIM3
SIM4
1
21
22
SIM5
SIM1
SIM2
SIM3
SIM4
1
21
22
SIM5
SIM1
SIM2
SIM3
SIM4
1
21
22
SIM5
SIM1
SIM2
SIM3
SIM4
1
21
22
SIM5
SIM1
SIM2
SIM3
SIM4
1
21
22
SIM5
SIM1
SIM2
SIM3
SIM4
1
21
22
SIM5
SIM1
SIM2
SIM3
SIM4
1
21
22
SIM5
SIM1
SIM2
SIM3
SIM4
1
21
22
SIM5
SIM1
SIM2
SIM3
SIM4
1
21
22
SIM5
SIM1
SIM2
SIM3
SIM4
1
21
22
SIM5
SIM1
SIM2
SIM3
SIM4
1
21
22
SIM5
SIM1
SIM2
SIM3
SIM4
1
21
22
SIM5
SIM1
SIM2
SIM3
SIM4
1
21
22
SIM5
SIM1
SIM2
SIM3
SIM4
1
21
22
SIM5
SIM1
SIM2
SIM3
SIM4
1
21
22
SIM5
SIM1
SIM2
SIM3
SIM4
1
21
22
SIM5
SIM1
SIM2
SIM3
SIM4
1
21
22
SIM5
SIM1
SIM2
SIM3
SIM4
1
21
22
SIM5
SIM1
SIM2
SIM3
SIM4
1
21
22
SIM5
SIM1
SIM2
SIM3
SIM4
1
21
22
SIM5
SIM1
SIM2
SIM3
SIM4
1
21
22
SIM5
SIM1
SIM2
SIM3
SIM4
1
21
22
SIM5
SIM1
SIM2
SIM3
SIM4
1
21
22
SIM5
SIM1
SIM2
SIM3
SIM4
1
21
22
SIM5
SIM1
SIM2
SIM3
SIM4
1
21
22
SIM5
SIM1
SIM2
SIM3
SIM4
1
21
22
SIM5
SIM1
SIM2
SIM3
SIM4
1
21
22
SIM5
SIM1
SIM2
SIM3
SIM4
1
21
22
SIM5
SIM1
SIM2
SIM3
SIM4
1
21
22
SIM5
SIM1
SIM2
SIM3
SIM4
1
21
22
SIM5
SIM1
SIM2
SIM3
SIM4
1
21
22
SIM5
SIM1
SIM2
SIM3
SIM4
1
21
22
SIM5
SIM1
SIM2
SIM3
SIM4
1
21
22
SIM5
SIM1
SIM2
SIM3
SIM4
1
21
22
SIM5
SIM1
SIM2
SIM3
SIM4
1
21
22
SIM5
SIM1
SIM2
SIM3
SIM4
1
21
22
SIM5
SIM1
SIM2
SIM3
SIM4
1
21
22
SIM5
SIM1
SIM2
SIM3
SIM4
1
21
22
SIM5
SIM1
SIM2
SIM3
SIM4
1
21
22
SIM5
SIM1
SIM2
SIM3
SIM4
1
21
22
SIM5
SIM1
SIM2
SIM3
SIM4
1
21
22
SIM5
SIM1
SIM2
SIM3
SIM4
1
21
22
SIM5
SIM1
SIM2
SIM3
SIM4
1
21
22
SIM5
SIM1
SIM2
SIM3
SIM4
1
21
22
SIM5
SIM1
SIM2
SIM3
SIM4
1
21
22
SIM5
SIM1
SIM2
SIM3
SIM4
1
21
22
SIM5
SIM1
SIM2
SIM3
SIM4
1
21
22
SIM5
SIM1
SIM2
SIM3
SIM4
1
21
22
SIM5
SIM1
SIM2
SIM3
SIM4
1
21
22
SIM5
SIM1
SIM2
SIM3
SIM4
1
21
22
SIM5
SIM1
SIM2
SIM3
SIM4
1
21
22
SIM5
SIM1
SIM2
SIM3
SIM4
1
21
22
SIM5
SIM1
SIM2
SIM3
SIM4
1
21
22
SIM5
SIM1
SIM2
SIM3
SIM4
1
21
22
SIM5
SIM1
SIM2
SIM3
SIM4
1
21
22
SIM5
SIM1
SIM2
SIM3
SIM4
1
21
22
SIM5
SIM1
SIM2
SIM3
SIM4
1
21
22
SIM5
SIM1
SIM2
SIM3
SIM4
1
21
22
SIM5
SIM1
SIM2
SIM3
SIM4
1
21
22
SIM5
SIM1
SIM2
SIM3
SIM4
1
21
22
SIM5
SIM1
SIM2
SIM3
SIM4
1
21
22
SIM5
SIM1
SIM2
SIM3
SIM4
1
21
22
SIM5
SIM1
SIM2
SIM3
SIM4
1
21
22
SIM5
SIM1
SIM2
SIM3
SIM4
1
21
22
SIM5
SIM1
SIM2
SIM3
SIM4
1
21
22
SIM5
SIM1
SIM2
SIM3
SIM4
1
21
22
SIM5
SIM1
SIM2
SIM3
SIM4
1
21
22
SIM5
SIM1
SIM2
SIM3
SIM4
1
21
22
SIM5
SIM1
SIM2
SIM3
SIM4
1
21
22
SIM5
SIM1
SIM2
SIM3
SIM4
1
21
22
SIM5
SIM1
SIM2
SIM3
SIM4
1
21
22
SIM5
SIM1
SIM2
SIM3
SIM4
1
21
22
SIM5
SIM1
SIM2
SIM3
SIM4
1
21
22
SIM5
SIM1
SIM2
SIM3
SIM4
1
21
22
SIM5
SIM1
SIM2
SIM3
SIM4
1
21
22
SIM5
SIM1
SIM2
SIM3
SIM4
1
21
22
SIM5
SIM1
SIM2
SIM3
SIM4
1
21
22
SIM5
SIM1
SIM2
SIM3
SIM4
1
21
22
SIM5
SIM1
SIM2
SIM3
SIM4
1
21
22
SIM5
SIM1
SIM2
SIM3
SIM4
1
21
22
SIM5
SIM1
SIM2
SIM3
SIM4
1
21
22
SIM5
SIM1
SIM2
SIM3
SIM4
1
21
22
SIM5
SIM1
SIM2
SIM3
SIM4
1
21
22
SIM5
SIM1
SIM2
SIM3
SIM4
1
21
22
SIM5
SIM1
SIM2
SIM3
SIM4
1
21
22
SIM5
SIM1
SIM2
SIM3
SIM4
1
21
22
SIM5
SIM1
SIM2
SIM3
SIM4
1
21
22
SIM5
SIM1
SIM2
SIM3
SIM4
1
21
22
SIM5
SIM1
SIM2
SIM3
SIM4
1
21
22
SIM5
SIM1
SIM2
SIM3
SIM4
1
21
22
SIM5
SIM1
SIM2
SIM3
SIM4
1
21
22
SIM5
SIM1
SIM2
SIM3
SIM4
1
21
22
SIM5
SIM1
SIM2
SIM3
SIM4
1
21
22
SIM5
SIM1
SIM2
SIM3
SIM4
1
21
22
SIM5
SIM1
SIM2
SIM3
SIM4
1
21
22
SIM5
SIM1
SIM2
SIM3
SIM4
1
21
22
SIM5
SIM1
SIM2
SIM3
SIM4
1
21
22
SIM5
SIM1
SIM2
SIM3
SIM4
1
21
22
SIM5
SIM1
SIM2
SIM3
SIM4
1
21
22
SIM5
SIM1
SIM2
SIM3
SIM4
1
21
22
SIM5
SIM1
SIM2
SIM3
SIM4
1
21
22
SIM5
SIM1
SIM2
SIM3
SIM4
1
21
22
SIM5
SIM1
SIM2
SIM3
SIM4
1
21
22
SIM5
SIM1
SIM2
SIM3
SIM4
1
21
22
SIM5
SIM1
SIM2
SIM3
SIM4
1
21
22
SIM5
SIM1
SIM2
SIM3
SIM4
1
21
22
SIM5
SIM1
SIM2
SIM3
SIM4
1
21
22
SIM5
SIM1
SIM2
SIM3
SIM4
1
21
22
SIM5
SIM1
SIM2
SIM3
SIM4
1
21
22
SIM5
SIM1
SIM2
SIM3
SIM4
1
21
22
SIM5
SIM1
SIM2
SIM3
SIM4
1
21
22
SIM5
SIM1
SIM2
SIM3
SIM4
1
21
22
SIM5
SIM1
SIM2
SIM3
SIM4
1
21
22
SIM5
SIM1
SIM2
SIM3
SIM4
1
21
22
SIM5
SIM1
SIM2
SIM3
SIM4
1
21
22
SIM5
SIM1
SIM2
SIM3
SIM4
1
21
22
SIM5
SIM1
SIM2
SIM3
SIM4
1
21
22
SIM5
SIM1
SIM2
SIM3
SIM4
1
21
22
SIM5
SIM1
SIM2
SIM3
SIM4
1
21
22
SIM5
SIM1
SIM2
SIM3
SIM4
1
21
22
SIM5
SIM1
SIM2
SIM3
SIM4
1
21
22
SIM5
SIM1
SIM2
SIM3
SIM4
1
21
22
SIM5
SIM1
SIM2
SIM3
SIM4
1
21
22
SIM5
SIM1
SIM2
SIM3
SIM4
1
21
22
SIM5
SIM1
SIM2
SIM3
SIM4
1
21
22
SIM5
SIM1
SIM2
SIM3
SIM4
1
21
22
SIM5
SIM1
SIM2
SIM3
SIM4
1
21
22
SIM5
SIM1
SIM2
SIM3
SIM4
1
21
22
SIM5
SIM1
SIM2
SIM3
SIM4
1
21
22
SIM5
SIM1
SIM2
SIM3
SIM4
1
21
22
SIM5
SIM1
SIM2
SIM3
SIM4
1
21
22
SIM5
SIM1
SIM2
SIM3
SIM4
1
21
22
SIM5
SIM1
SIM2
SIM3
SIM4
1
21
22
SIM5
SIM1
SIM2
SIM3
SIM4
1
21
22
SIM5
SIM1
SIM2
SIM3
SIM4
1
21
22
SIM5
SIM1
SIM2
SIM3
SIM4
1
21
22
SIM5
SIM1
SIM2
SIM3
SIM4
1
21
22
SIM5
SIM1
SIM2
SIM3
SIM4
1
21
22
SIM5
SIM1
SIM2
SIM3
SIM4
1
21
22
SIM5
SIM1
SIM2
SIM3
SIM4
1
21
22
SIM5
SIM1
SIM2
SIM3
SIM4
1
21
22
SIM5
SIM1
SIM2
SIM3
SIM4
1
21
22
SIM5
SIM1
SIM2
SIM3
SIM4
1
21
22
SIM5
SIM1
SIM2
SIM3
SIM4
1
21
22
SIM5
SIM1
SIM2
SIM3
SIM4
1
21
22
SIM5
SIM1
SIM2
SIM3
SIM4
1
21
22
SIM5
SIM1
SIM2
SIM3
SIM4
1
21
22
SIM5
SIM1
SIM2
SIM3
SIM4
1
21
22
SIM5
SIM1
SIM2
SIM3
SIM4
1
21
22
SIM5
SIM1
SIM2
SIM3
SIM4
1
21
22
SIM5
SIM1
SIM2
SIM3
SIM4
1
21
22
SIM5
SIM1
SIM2
SIM3
SIM4
1
21
22
SIM5
SIM1
SIM2
SIM3
SIM4
1
21
22
SIM5
SIM1
SIM2
SIM3
SIM4
1
21
22
SIM5
SIM1
SIM2
SIM3
SIM4
1
21
22
SIM5
SIM1
SIM2
SIM3
SIM4
1
21
22
SIM5
SIM1
SIM2
SIM3
SIM4
1
21
22
SIM5
SIM1
SIM2
SIM3
SIM4
1
21
22
SIM5
SIM1
SIM2
SIM3
SIM4
1
21
22
SIM5
SIM1
SIM2
SIM3
SIM4
1
21
22
SIM5
SIM1
SIM2
SIM3
SIM4
1
21
22
SIM5
SIM1
SIM2
SIM3
SIM4
1
21
22
SIM5
SIM1
SIM2
SIM3
SIM4
1
21
22
SIM5
SIM1
SIM2
SIM3
SIM4
1
21
22
SIM5
SIM1
SIM2
SIM3
SIM4
1
21
22
SIM5
SIM1
SIM2
SIM3
SIM4
1
21
22
SIM5
SIM1
SIM2
SIM3
SIM4
1
21
22
SIM5
SIM1
SIM2
SIM3
SIM4
1
21
22
SIM5
SIM1
SIM2
SIM3
SIM4
1
21
22
SIM5
SIM1
SIM2
SIM3
SIM4
1
21
22
SIM5
SIM1
SIM2
SIM3
SIM4
1
21
22
SIM5
SIM1
SIM2
SIM3
SIM4
1
21
22
SIM5
SIM1
SIM2
SIM3
SIM4
1
21
22
SIM5
SIM1
SIM2
SIM3
SIM4
1
21
22
SIM5
SIM1
SIM2
SIM3
SIM4
1
21
22
SIM5
SIM1
SIM2
SIM3
SIM4
1
21
22
SIM5
SIM1
SIM2
SIM3
SIM4
1
21
22
SIM5
SIM1
SIM2
SIM3
SIM4
1
21
22
SIM5
SIM1
SIM2
SIM3
SIM4
1
21
22
SIM5
SIM1
SIM2
SIM3
SIM4
1
21
22
SIM5
SIM1
SIM2
SIM3
SIM4
1
21
22
SIM5
SIM1
SIM2
SIM3
SIM4
1
21
22
SIM5
SIM1
SIM2
SIM3
SIM4
1
21
22
SIM5
SIM1
SIM2
SIM3
SIM4
1
21
22
SIM5
SIM1
SIM2
SIM3
SIM4
1
21
22
SIM5
SIM1
SIM2
SIM3
SIM4
1
21
22
SIM5
SIM1
SIM2
SIM3
SIM4
1
21
22
SIM5
SIM1
SIM2
SIM3
SIM4
1
21
22
SIM5
SIM1
SIM2
SIM3
SIM4
1
21
22
SIM5
SIM1
SIM2
SIM3
SIM4
1
21
22
SIM5
SIM1
SIM2
DEBUG 1 430
SIM1
SIM2
SIM3
SIM4
1
21
22
SIM5
SIM1
SIM2
SIM3
SIM4
1
21
22
SIM5
SIM1
SIM2
SIM3
SIM4
1
21
22
SIM5
SIM1
SIM2
SIM3
SIM4
1
21
22
SIM5
SIM1
SIM2
SIM3
SIM4
1
21
22
SIM5
SIM1
SIM2
SIM3
SIM4
1
21
22
SIM5
SIM1
SIM2
SIM3
SIM4
1
21
22
SIM5
SIM1
SIM2
SIM3
SIM4
1
21
22
SIM5
SIM1
SIM2
SIM3
SIM4
1
21
22
SIM5
SIM1
SIM2
SIM3
SIM4
1
21
22
SIM5
SIM1
SIM2
SIM3
SIM4
1
21
22
SIM5
SIM1
SIM2
SIM3
SIM4
1
21
22
SIM5
SIM1
SIM2
SIM3
SIM4
1
21
22
SIM5
SIM1
SIM2
SIM3
SIM4
1
21
22
SIM5
SIM1
SIM2
SIM3
SIM4
1
21
22
SIM5
SIM1
SIM2
SIM3
SIM4
1
21
22
SIM5
SIM1
SIM2
SIM3
SIM4
1
21
22
SIM5
SIM1
SIM2
SIM3
SIM4
1
21
22
SIM5
SIM1
SIM2
SIM3
SIM4
1
21
22
SIM5
SIM1
SIM2
SIM3
SIM4
1
21
22
SIM5
SIM1
SIM2
SIM3
SIM4
1
21
22
SIM5
SIM1
SIM2
SIM3
SIM4
1
21
22
SIM5
SIM1
SIM2
SIM3
SIM4
1
21
22
SIM5
SIM1
SIM2
SIM3
SIM4
1
21
22
SIM5
SIM1
SIM2
SIM3
SIM4
1
21
22
SIM5
SIM1
SIM2
SIM3
SIM4
1
21
22
SIM5
SIM1
SIM2
SIM3
SIM4
1
21
22
SIM5
SIM1
SIM2
SIM3
SIM4
1
21
22
SIM5
SIM1
SIM2
SIM3
SIM4
1
21
22
SIM5
SIM1
SIM2
SIM3
SIM4
1
21
22
SIM5
SIM1
SIM2
SIM3
SIM4
1
21
22
SIM5
SIM1
SIM2
SIM3
SIM4
1
21
22
SIM5
SIM1
SIM2
SIM3
SIM4
1
21
22
SIM5
SIM1
SIM2
SIM3
SIM4
1
21
22
SIM5
SIM1
SIM2
SIM3
SIM4
1
21
22
SIM5
SIM1
SIM2
SIM3
SIM4
1
21
22
SIM5
SIM1
SIM2
SIM3
SIM4
1
21
22
SIM5
SIM1
SIM2
SIM3
SIM4
1
21
22
SIM5
SIM1
SIM2
SIM3
SIM4
1
21
22
SIM5
SIM1
SIM2
SIM3
SIM4
1
21
22
SIM5
SIM1
SIM2
SIM3
SIM4
1
21
22
SIM5
SIM1
SIM2
SIM3
SIM4
1
21
22
SIM5
SIM1
SIM2
SIM3
SIM4
1
21
22
SIM5
SIM1
SIM2
SIM3
SIM4
1
21
22
SIM5
SIM1
SIM2
SIM3
SIM4
1
21
22
SIM5
SIM1
SIM2
SIM3
SIM4
1
21
22
SIM5
SIM1
SIM2
SIM3
SIM4
1
21
22
SIM5
SIM1
SIM2
SIM3
SIM4
1
21
22
SIM5
SIM1
SIM2
SIM3
SIM4
1
21
22
SIM5
SIM1
SIM2
SIM3
SIM4
1
21
22
SIM5
SIM1
SIM2
SIM3
SIM4
1
21
22
SIM5
SIM1
SIM2
SIM3
SIM4
1
21
22
SIM5
SIM1
SIM2
SIM3
SIM4
1
21
22
SIM5
SIM1
SIM2
SIM3
SIM4
1
21
22
SIM5
SIM1
SIM2
SIM3
SIM4
1
21
22
SIM5
SIM1
SIM2
SIM3
SIM4
1
21
22
SIM5
SIM1
SIM2
SIM3
SIM4
1
21
22
SIM5
SIM1
SIM2
SIM3
SIM4
1
21
22
SIM5
SIM1
SIM2
SIM3
SIM4
1
21
22
SIM5
SIM1
SIM2
SIM3
SIM4
1
21
22
SIM5
SIM1
SIM2
SIM3
SIM4
1
21
22
SIM5
SIM1
SIM2
SIM3
SIM4
1
21
22
SIM5
SIM1
SIM2
SIM3
SIM4
1
21
22
SIM5
SIM1
SIM2
SIM3
SIM4
1
21
22
SIM5
SIM1
SIM2
SIM3
SIM4
1
21
22
SIM5
SIM1
SIM2
SIM3
SIM4
1
21
22
SIM5
SIM1
SIM2
SIM3
SIM4
1
21
22
SIM5
SIM1
SIM2
SIM3
SIM4
1
21
22
SIM5
SIM1
SIM2
SIM3
SIM4
1
21
22
SIM5
SIM1
SIM2
SIM3
SIM4
1
21
22
SIM5
SIM1
SIM2
SIM3
SIM4
1
21
22
SIM5
SIM1
SIM2
SIM3
SIM4
1
21
22
SIM5
SIM1
SIM2
SIM3
SIM4
1
21
22
SIM5
SIM1
SIM2
SIM3
SIM4
1
21
22
SIM5
SIM1
SIM2
SIM3
SIM4
1
21
22
SIM5
SIM1
SIM2
SIM3
SIM4
1
21
22
SIM5
SIM1
SIM2
SIM3
SIM4
1
21
22
SIM5
SIM1
SIM2
SIM3
SIM4
1
21
22
SIM5
SIM1
SIM2
SIM3
SIM4
1
21
22
SIM5
SIM1
SIM2
SIM3
SIM4
1
21
22
SIM5
SIM1
SIM2
SIM3
SIM4
1
21
22
SIM5
SIM1
SIM2
SIM3
SIM4
1
21
22
SIM5
SIM1
SIM2
SIM3
SIM4
1
21
22
SIM5
SIM1
SIM2
SIM3
SIM4
1
21
22
SIM5
SIM1
SIM2
SIM3
SIM4
1
21
22
SIM5
SIM1
SIM2
SIM3
SIM4
1
21
22
SIM5
SIM1
SIM2
SIM3
SIM4
1
21
22
SIM5
SIM1
SIM2
SIM3
SIM4
1
21
22
SIM5
SIM1
SIM2
SIM3
SIM4
1
21
22
SIM5
SIM1
SIM2
SIM3
SIM4
1
21
22
SIM5
SIM1
SIM2
SIM3
SIM4
1
21
22
SIM5
SIM1
SIM2
SIM3
SIM4
1
21
22
SIM5
SIM1
SIM2
SIM3
SIM4
1
21
22
SIM5
SIM1
SIM2
SIM3
SIM4
1
21
22
SIM5
SIM1
SIM2
SIM3
SIM4
1
21
22
SIM5
SIM1
SIM2
SIM3
SIM4
1
21
22
SIM5
SIM1
SIM2
SIM3
SIM4
1
21
22
SIM5
SIM1
SIM2
SIM3
SIM4
1
21
22
SIM5
SIM1
SIM2
SIM3
SIM4
1
21
22
SIM5
SIM1
SIM2
SIM3
SIM4
1
21
22
SIM5
SIM1
SIM2
SIM3
SIM4
1
21
22
SIM5
SIM1
SIM2
SIM3
SIM4
1
21
22
SIM5
SIM1
SIM2
SIM3
SIM4
1
21
22
SIM5
SIM1
SIM2
SIM3
SIM4
1
21
22
SIM5
SIM1
SIM2
SIM3
SIM4
1
21
22
SIM5
SIM1
SIM2
SIM3
SIM4
1
21
22
SIM5
SIM1
SIM2
SIM3
SIM4
1
21
22
SIM5
SIM1
SIM2
SIM3
SIM4
1
21
22
SIM5
SIM1
SIM2
SIM3
SIM4
1
21
22
SIM5
SIM1
SIM2
SIM3
SIM4
1
21
22
SIM5
SIM1
SIM2
SIM3
SIM4
1
21
22
SIM5
SIM1
SIM2
SIM3
SIM4
1
21
22
SIM5
SIM1
SIM2
SIM3
SIM4
1
21
22
SIM5
SIM1
SIM2
SIM3
SIM4
1
21
22
SIM5
SIM1
SIM2
SIM3
SIM4
1
21
22
SIM5
SIM1
SIM2
SIM3
SIM4
1
21
22
SIM5
SIM1
SIM2
SIM3
SIM4
1
21
22
SIM5
SIM1
SIM2
SIM3
SIM4
1
21
22
SIM5
SIM1
SIM2
SIM3
SIM4
1
21
22
SIM5
SIM1
SIM2
SIM3
SIM4
1
21
22
SIM5
SIM1
SIM2
SIM3
SIM4
1
21
22
SIM5
SIM1
SIM2
SIM3
SIM4
1
21
22
SIM5
SIM1
SIM2
SIM3
SIM4
1
21
22
SIM5
SIM1
SIM2
SIM3
SIM4
1
21
22
SIM5
SIM1
SIM2
SIM3
SIM4
1
21
22
SIM5
SIM1
SIM2
SIM3
SIM4
1
21
22
SIM5
SIM1
SIM2
SIM3
SIM4
1
21
22
SIM5
SIM1
SIM2
SIM3
SIM4
1
21
22
SIM5
SIM1
SIM2
SIM3
SIM4
1
21
22
SIM5
SIM1
SIM2
SIM3
SIM4
1
21
22
SIM5
SIM1
SIM2
SIM3
SIM4
1
21
22
SIM5
SIM1
SIM2
SIM3
SIM4
1
21
22
SIM5
SIM1
SIM2
SIM3
SIM4
1
21
22
SIM5
SIM1
SIM2
SIM3
SIM4
1
21
22
SIM5
SIM1
SIM2
SIM3
SIM4
1
21
22
SIM5
SIM1
SIM2
SIM3
SIM4
1
21
22
SIM5
SIM1
SIM2
SIM3
SIM4
1
21
22
SIM5
SIM1
SIM2
SIM3
SIM4
1
21
22
SIM5
SIM1
SIM2
SIM3
SIM4
1
21
22
SIM5
SIM1
SIM2
SIM3
SIM4
1
21
22
SIM5
SIM1
SIM2
SIM3
SIM4
1
21
22
SIM5
SIM1
SIM2
SIM3
SIM4
1
21
22
SIM5
SIM1
SIM2
SIM3
SIM4
1
21
22
SIM5
SIM1
SIM2
SIM3
SIM4
1
21
22
SIM5
SIM1
SIM2
SIM3
SIM4
1
21
22
SIM5
SIM1
SIM2
SIM3
SIM4
1
21
22
SIM5
SIM1
SIM2
SIM3
SIM4
1
21
22
SIM5
SIM1
SIM2
SIM3
SIM4
1
21
22
SIM5
SIM1
SIM2
SIM3
SIM4
1
21
22
SIM5
SIM1
SIM2
SIM3
SIM4
1
21
22
SIM5
SIM1
SIM2
SIM3
SIM4
1
21
22
SIM5
SIM1
SIM2
SIM3
SIM4
1
21
22
SIM5
SIM1
SIM2
SIM3
SIM4
1
21
22
SIM5
SIM1
SIM2
SIM3
SIM4
1
21
22
SIM5
SIM1
SIM2
SIM3
SIM4
1
21
22
SIM5
SIM1
SIM2
SIM3
SIM4
1
21
22
SIM5
SIM1
SIM2
SIM3
SIM4
1
21
22
SIM5
SIM1
SIM2
SIM3
SIM4
1
21
22
SIM5
SIM1
SIM2
SIM3
SIM4
1
21
22
SIM5
SIM1
SIM2
SIM3
SIM4
1
21
22
SIM5
SIM1
SIM2
SIM3
SIM4
1
21
22
SIM5
SIM1
SIM2
SIM3
SIM4
1
21
22
SIM5
SIM1
SIM2
SIM3
SIM4
1
21
22
SIM5
SIM1
SIM2
SIM3
SIM4
1
21
22
SIM5
SIM1
SIM2
SIM3
SIM4
1
21
22
SIM5
SIM1
SIM2
SIM3
SIM4
1
21
22
SIM5
SIM1
SIM2
SIM3
SIM4
1
21
22
SIM5
SIM1
SIM2
SIM3
SIM4
1
21
22
SIM5
SIM1
SIM2
SIM3
SIM4
1
21
22
SIM5
SIM1
SIM2
SIM3
SIM4
1
21
22
SIM5
SIM1
SIM2
SIM3
SIM4
1
21
22
SIM5
SIM1
SIM2
SIM3
SIM4
1
21
22
SIM5
SIM1
SIM2
SIM3
SIM4
1
21
22
SIM5
SIM1
SIM2
SIM3
SIM4
1
21
22
SIM5
SIM1
SIM2
SIM3
SIM4
1
21
22
SIM5
SIM1
SIM2
SIM3
SIM4
1
21
22
SIM5
SIM1
SIM2
SIM3
SIM4
1
21
22
SIM5
SIM1
SIM2
SIM3
SIM4
1
21
22
SIM5
SIM1
SIM2
SIM3
SIM4
1
21
22
SIM5
SIM1
SIM2
SIM3
SIM4
1
21
22
SIM5
SIM1
SIM2
SIM3
SIM4
1
21
22
SIM5
SIM1
SIM2
SIM3
SIM4
1
21
22
SIM5
SIM1
SIM2
SIM3
SIM4
1
21
22
SIM5
SIM1
SIM2
SIM3
SIM4
1
21
22
SIM5
SIM1
SIM2
SIM3
SIM4
1
21
22
SIM5
SIM1
SIM2
SIM3
SIM4
1
21
22
SIM5
SIM1
SIM2
SIM3
SIM4
1
21
22
SIM5
SIM1
SIM2
SIM3
SIM4
1
21
22
SIM5
SIM1
SIM2
SIM3
SIM4
1
21
22
SIM5
SIM1
SIM2
SIM3
SIM4
1
21
22
SIM5
SIM1
SIM2
SIM3
SIM4
1
21
22
SIM5
SIM1
SIM2
SIM3
SIM4
1
21
22
SIM5
SIM1
SIM2
SIM3
SIM4
1
21
22
SIM5
SIM1
SIM2
SIM3
SIM4
1
21
22
SIM5
SIM1
SIM2
SIM3
SIM4
1
21
22
SIM5
SIM1
SIM2
SIM3
SIM4
1
21
22
SIM5
SIM1
SIM2
SIM3
SIM4
1
21
22
SIM5
SIM1
SIM2
SIM3
SIM4
1
21
22
SIM5
SIM1
SIM2
SIM3
SIM4
1
21
22
SIM5
SIM1
SIM2
SIM3
SIM4
1
21
22
SIM5
SIM1
SIM2
SIM3
SIM4
1
21
22
SIM5
SIM1
SIM2
SIM3
SIM4
1
21
22
SIM5
SIM1
SIM2
SIM3
SIM4
1
21
22
SIM5
SIM1
SIM2
SIM3
SIM4
1
21
22
SIM5
SIM1
SIM2
SIM3
SIM4
1
21
22
SIM5
SIM1
SIM2
SIM3
SIM4
1
21
22
SIM5
SIM1
SIM2
SIM3
SIM4
1
21
22
SIM5
SIM1
SIM2
SIM3
SIM4
1
21
22
SIM5
SIM1
SIM2
SIM3
SIM4
1
21
22
SIM5
SIM1
SIM2
SIM3
SIM4
1
21
22
SIM5
SIM1
SIM2
SIM3
SIM4
1
21
22
SIM5
SIM1
SIM2
SIM3
SIM4
1
21
22
SIM5
SIM1
SIM2
SIM3
SIM4
1
21
22
SIM5
SIM1
SIM2
SIM3
SIM4
1
21
22
SIM5
SIM1
SIM2
SIM3
SIM4
1
21
22
SIM5
SIM1
SIM2
SIM3
SIM4
1
21
22
SIM5
SIM1
SIM2
SIM3
SIM4
1
21
22
SIM5
SIM1
SIM2
SIM3
SIM4
1
21
22
SIM5
SIM1
SIM2
SIM3
SIM4
1
21
22
SIM5
SIM1
SIM2
SIM3
SIM4
1
21
22
SIM5
SIM1
SIM2
SIM3
SIM4
1
21
22
SIM5
SIM1
SIM2
SIM3
SIM4
1
21
22
SIM5
SIM1
SIM2
SIM3
SIM4
1
21
22
SIM5
SIM1
SIM2
SIM3
SIM4
1
21
22
SIM5
SIM1
SIM2
SIM3
SIM4
1
21
22
SIM5
SIM1
SIM2
SIM3
SIM4
1
21
22
SIM5
SIM1
SIM2
SIM3
SIM4
1
21
22
SIM5
SIM1
SIM2
DEBUG 1 431
SIM1
SIM2
SIM3
SIM4
1
21
22
SIM5
SIM1
SIM2
SIM3
SIM4
1
21
22
SIM5
SIM1
SIM2
SIM3
SIM4
1
21
22
SIM5
SIM1
SIM2
SIM3
SIM4
1
21
22
SIM5
SIM1
SIM2
SIM3
SIM4
1
21
22
SIM5
SIM1
SIM2
SIM3
SIM4
1
21
22
SIM5
SIM1
SIM2
SIM3
SIM4
1
21
22
SIM5
SIM1
SIM2
SIM3
SIM4
1
21
22
SIM5
SIM1
SIM2
SIM3
SIM4
1
21
22
SIM5
SIM1
SIM2
SIM3
SIM4
1
21
22
SIM5
SIM1
SIM2
SIM3
SIM4
1
21
22
SIM5
SIM1
SIM2
SIM3
SIM4
1
21
22
SIM5
SIM1
SIM2
SIM3
SIM4
1
21
22
SIM5
SIM1
SIM2
SIM3
SIM4
1
21
22
SIM5
SIM1
SIM2
SIM3
SIM4
1
21
22
SIM5
SIM1
SIM2
SIM3
SIM4
1
21
22
SIM5
SIM1
SIM2
SIM3
SIM4
1
21
22
SIM5
SIM1
SIM2
SIM3
SIM4
1
21
22
SIM5
SIM1
SIM2
SIM3
SIM4
1
21
22
SIM5
SIM1
SIM2
SIM3
SIM4
1
21
22
SIM5
SIM1
SIM2
SIM3
SIM4
1
21
22
SIM5
SIM1
SIM2
SIM3
SIM4
1
21
22
SIM5
SIM1
SIM2
SIM3
SIM4
1
21
22
SIM5
SIM1
SIM2
SIM3
SIM4
1
21
22
SIM5
SIM1
SIM2
SIM3
SIM4
1
21
22
SIM5
SIM1
SIM2
SIM3
SIM4
1
21
22
SIM5
SIM1
SIM2
SIM3
SIM4
1
21
22
SIM5
SIM1
SIM2
SIM3
SIM4
1
21
22
SIM5
SIM1
SIM2
SIM3
SIM4
1
21
22
SIM5
SIM1
SIM2
SIM3
SIM4
1
21
22
SIM5
SIM1
SIM2
SIM3
SIM4
1
21
22
SIM5
SIM1
SIM2
SIM3
SIM4
1
21
22
SIM5
SIM1
SIM2
SIM3
SIM4
1
21
22
SIM5
SIM1
SIM2
SIM3
SIM4
1
21
22
SIM5
SIM1
SIM2
SIM3
SIM4
1
21
22
SIM5
SIM1
SIM2
SIM3
SIM4
1
21
22
SIM5
SIM1
SIM2
SIM3
SIM4
1
21
22
SIM5
SIM1
SIM2
SIM3
SIM4
1
21
22
SIM5
SIM1
SIM2
SIM3
SIM4
1
21
22
SIM5
SIM1
SIM2
SIM3
SIM4
1
21
22
SIM5
SIM1
SIM2
SIM3
SIM4
1
21
22
SIM5
SIM1
SIM2
SIM3
SIM4
1
21
22
SIM5
SIM1
SIM2
SIM3
SIM4
1
21
22
SIM5
SIM1
SIM2
SIM3
SIM4
1
21
22
SIM5
SIM1
SIM2
SIM3
SIM4
1
21
22
SIM5
SIM1
SIM2
SIM3
SIM4
1
21
22
SIM5
SIM1
SIM2
SIM3
SIM4
1
21
22
SIM5
SIM1
SIM2
SIM3
SIM4
1
21
22
SIM5
SIM1
SIM2
SIM3
SIM4
1
21
22
SIM5
SIM1
SIM2
SIM3
SIM4
1
21
22
SIM5
SIM1
SIM2
SIM3
SIM4
1
21
22
SIM5
SIM1
SIM2
SIM3
SIM4
1
21
22
SIM5
SIM1
SIM2
SIM3
SIM4
1
21
22
SIM5
SIM1
SIM2
SIM3
SIM4
1
21
22
SIM5
SIM1
SIM2
SIM3
SIM4
1
21
22
SIM5
SIM1
SIM2
SIM3
SIM4
1
21
22
SIM5
SIM1
SIM2
SIM3
SIM4
1
21
22
SIM5
SIM1
SIM2
SIM3
SIM4
1
21
22
SIM5
SIM1
SIM2
SIM3
SIM4
1
21
22
SIM5
SIM1
SIM2
SIM3
SIM4
1
21
22
SIM5
SIM1
SIM2
SIM3
SIM4
1
21
22
SIM5
SIM1
SIM2
SIM3
SIM4
1
21
22
SIM5
SIM1
SIM2
SIM3
SIM4
1
21
22
SIM5
SIM1
SIM2
SIM3
SIM4
1
21
22
SIM5
SIM1
SIM2
SIM3
SIM4
1
21
22
SIM5
SIM1
SIM2
SIM3
SIM4
1
21
22
SIM5
SIM1
SIM2
SIM3
SIM4
1
21
22
SIM5
SIM1
SIM2
SIM3
SIM4
1
21
22
SIM5
SIM1
SIM2
SIM3
SIM4
1
21
22
SIM5
SIM1
SIM2
SIM3
SIM4
1
21
22
SIM5
SIM1
SIM2
SIM3
SIM4
1
21
22
SIM5
SIM1
SIM2
SIM3
SIM4
1
21
22
SIM5
SIM1
SIM2
SIM3
SIM4
1
21
22
SIM5
SIM1
SIM2
SIM3
SIM4
1
21
22
SIM5
SIM1
SIM2
SIM3
SIM4
1
21
22
SIM5
SIM1
SIM2
SIM3
SIM4
1
21
22
SIM5
SIM1
SIM2
SIM3
SIM4
1
21
22
SIM5
SIM1
SIM2
SIM3
SIM4
1
21
22
SIM5
SIM1
SIM2
SIM3
SIM4
1
21
22
SIM5
SIM1
SIM2
SIM3
SIM4
1
21
22
SIM5
SIM1
SIM2
SIM3
SIM4
1
21
22
SIM5
SIM1
SIM2
SIM3
SIM4
1
21
22
SIM5
SIM1
SIM2
SIM3
SIM4
1
21
22
SIM5
SIM1
SIM2
SIM3
SIM4
1
21
22
SIM5
SIM1
SIM2
SIM3
SIM4
1
21
22
SIM5
SIM1
SIM2
SIM3
SIM4
1
21
22
SIM5
SIM1
SIM2
SIM3
SIM4
1
21
22
SIM5
SIM1
SIM2
SIM3
SIM4
1
21
22
SIM5
SIM1
SIM2
SIM3
SIM4
1
21
22
SIM5
SIM1
SIM2
SIM3
SIM4
1
21
22
SIM5
SIM1
SIM2
SIM3
SIM4
1
21
22
SIM5
SIM1
SIM2
SIM3
SIM4
1
21
22
SIM5
SIM1
SIM2
SIM3
SIM4
1
21
22
SIM5
SIM1
SIM2
SIM3
SIM4
1
21
22
SIM5
SIM1
SIM2
SIM3
SIM4
1
21
22
SIM5
SIM1
SIM2
SIM3
SIM4
1
21
22
SIM5
SIM1
SIM2
SIM3
SIM4
1
21
22
SIM5
SIM1
SIM2
SIM3
SIM4
1
21
22
SIM5
SIM1
SIM2
SIM3
SIM4
1
21
22
SIM5
SIM1
SIM2
SIM3
SIM4
1
21
22
SIM5
SIM1
SIM2
SIM3
SIM4
1
21
22
SIM5
SIM1
SIM2
SIM3
SIM4
1
21
22
SIM5
SIM1
SIM2
SIM3
SIM4
1
21
22
SIM5
SIM1
SIM2
SIM3
SIM4
1
21
22
SIM5
SIM1
SIM2
SIM3
SIM4
1
21
22
SIM5
SIM1
SIM2
SIM3
SIM4
1
21
22
SIM5
SIM1
SIM2
SIM3
SIM4
1
21
22
SIM5
SIM1
SIM2
SIM3
SIM4
1
21
22
SIM5
SIM1
SIM2
SIM3
SIM4
1
21
22
SIM5
SIM1
SIM2
SIM3
SIM4
1
21
22
SIM5
SIM1
SIM2
SIM3
SIM4
1
21
22
SIM5
SIM1
SIM2
SIM3
SIM4
1
21
22
SIM5
SIM1
SIM2
SIM3
SIM4
1
21
22
SIM5
SIM1
SIM2
SIM3
SIM4
1
21
22
SIM5
SIM1
SIM2
SIM3
SIM4
1
21
22
SIM5
SIM1
SIM2
SIM3
SIM4
1
21
22
SIM5
SIM1
SIM2
SIM3
SIM4
1
21
22
SIM5
SIM1
SIM2
SIM3
SIM4
1
21
22
SIM5
SIM1
SIM2
SIM3
SIM4
1
21
22
SIM5
SIM1
SIM2
SIM3
SIM4
1
21
22
SIM5
SIM1
SIM2
SIM3
SIM4
1
21
22
SIM5
SIM1
SIM2
SIM3
SIM4
1
21
22
SIM5
SIM1
SIM2
SIM3
SIM4
1
21
22
SIM5
SIM1
SIM2
SIM3
SIM4
1
21
22
SIM5
SIM1
SIM2
SIM3
SIM4
1
21
22
SIM5
SIM1
SIM2
SIM3
SIM4
1
21
22
SIM5
SIM1
SIM2
SIM3
SIM4
1
21
22
SIM5
SIM1
SIM2
SIM3
SIM4
1
21
22
SIM5
SIM1
SIM2
SIM3
SIM4
1
21
22
SIM5
SIM1
SIM2
SIM3
SIM4
1
21
22
SIM5
SIM1
SIM2
SIM3
SIM4
1
21
22
SIM5
SIM1
SIM2
SIM3
SIM4
1
21
22
SIM5
SIM1
SIM2
SIM3
SIM4
1
21
22
SIM5
SIM1
SIM2
SIM3
SIM4
1
21
22
SIM5
SIM1
SIM2
SIM3
SIM4
1
21
22
SIM5
SIM1
SIM2
SIM3
SIM4
1
21
22
SIM5
SIM1
SIM2
SIM3
SIM4
1
21
22
SIM5
SIM1
SIM2
SIM3
SIM4
1
21
22
SIM5
SIM1
SIM2
SIM3
SIM4
1
21
22
SIM5
SIM1
SIM2
SIM3
SIM4
1
21
22
SIM5
SIM1
SIM2
SIM3
SIM4
1
21
22
SIM5
SIM1
SIM2
SIM3
SIM4
1
21
22
SIM5
SIM1
SIM2
SIM3
SIM4
1
21
22
SIM5
SIM1
SIM2
SIM3
SIM4
1
21
22
SIM5
SIM1
SIM2
SIM3
SIM4
1
21
22
SIM5
SIM1
SIM2
SIM3
SIM4
1
21
22
SIM5
SIM1
SIM2
SIM3
SIM4
1
21
22
SIM5
SIM1
SIM2
SIM3
SIM4
1
21
22
SIM5
SIM1
SIM2
SIM3
SIM4
1
21
22
SIM5
SIM1
SIM2
SIM3
SIM4
1
21
22
SIM5
SIM1
SIM2
SIM3
SIM4
1
21
22
SIM5
SIM1
SIM2
DEBUG 1 432
SIM1
SIM2
SIM3
SIM4
1
21
22
SIM5
SIM1
SIM2
SIM3
SIM4
1
21
22
SIM5
SIM1
SIM2
SIM3
SIM4
1
21
22
SIM5
SIM1
SIM2
SIM3
SIM4
1
21
22
SIM5
SIM1
SIM2
SIM3
SIM4
1
21
22
SIM5
SIM1
SIM2
SIM3
SIM4
1
21
22
SIM5
SIM1
SIM2
SIM3
SIM4
1
21
22
SIM5
SIM1
SIM2
SIM3
SIM4
1
21
22
SIM5
SIM1
SIM2
SIM3
SIM4
1
21
22
SIM5
SIM1
SIM2
SIM3
SIM4
1
21
22
SIM5
SIM1
SIM2
SIM3
SIM4
1
21
22
SIM5
SIM1
SIM2
SIM3
SIM4
1
21
22
SIM5
SIM1
SIM2
SIM3
SIM4
1
21
22
SIM5
SIM1
SIM2
SIM3
SIM4
1
21
22
SIM5
SIM1
SIM2
SIM3
SIM4
1
21
22
SIM5
SIM1
SIM2
SIM3
SIM4
1
21
22
SIM5
SIM1
SIM2
SIM3
SIM4
1
21
22
SIM5
SIM1
SIM2
SIM3
SIM4
1
21
22
SIM5
SIM1
SIM2
SIM3
SIM4
1
21
22
SIM5
SIM1
SIM2
SIM3
SIM4
1
21
22
SIM5
SIM1
SIM2
SIM3
SIM4
1
21
22
SIM5
SIM1
SIM2
SIM3
SIM4
1
21
22
SIM5
SIM1
SIM2
SIM3
SIM4
1
21
22
SIM5
SIM1
SIM2
SIM3
SIM4
1
21
22
SIM5
SIM1
SIM2
SIM3
SIM4
1
21
22
SIM5
SIM1
SIM2
SIM3
SIM4
1
21
22
SIM5
SIM1
SIM2
SIM3
SIM4
1
21
22
SIM5
SIM1
SIM2
SIM3
SIM4
1
21
22
SIM5
SIM1
SIM2
SIM3
SIM4
1
21
22
SIM5
SIM1
SIM2
SIM3
SIM4
1
21
22
SIM5
SIM1
SIM2
SIM3
SIM4
1
21
22
SIM5
SIM1
SIM2
SIM3
SIM4
1
21
22
SIM5
SIM1
SIM2
SIM3
SIM4
1
21
22
SIM5
SIM1
SIM2
SIM3
SIM4
1
21
22
SIM5
SIM1
SIM2
SIM3
SIM4
1
21
22
SIM5
SIM1
SIM2
SIM3
SIM4
1
21
22
SIM5
SIM1
SIM2
SIM3
SIM4
1
21
22
SIM5
SIM1
SIM2
SIM3
SIM4
1
21
22
SIM5
SIM1
SIM2
SIM3
SIM4
1
21
22
SIM5
SIM1
SIM2
SIM3
SIM4
1
21
22
SIM5
SIM1
SIM2
SIM3
SIM4
1
21
22
SIM5
SIM1
SIM2
SIM3
SIM4
1
21
22
SIM5
SIM1
SIM2
SIM3
SIM4
1
21
22
SIM5
SIM1
SIM2
SIM3
SIM4
1
21
22
SIM5
SIM1
SIM2
SIM3
SIM4
1
21
22
SIM5
SIM1
SIM2
SIM3
SIM4
1
21
22
SIM5
SIM1
SIM2
SIM3
SIM4
1
21
22
SIM5
SIM1
SIM2
SIM3
SIM4
1
21
22
SIM5
SIM1
SIM2
SIM3
SIM4
1
21
22
SIM5
SIM1
SIM2
SIM3
SIM4
1
21
22
SIM5
SIM1
SIM2
SIM3
SIM4
1
21
22
SIM5
SIM1
SIM2
SIM3
SIM4
1
21
22
SIM5
SIM1
SIM2
SIM3
SIM4
1
21
22
SIM5
SIM1
SIM2
SIM3
SIM4
1
21
22
SIM5
SIM1
SIM2
SIM3
SIM4
1
21
22
SIM5
SIM1
SIM2
SIM3
SIM4
1
21
22
SIM5
SIM1
SIM2
SIM3
SIM4
1
21
22
SIM5
SIM1
SIM2
SIM3
SIM4
1
21
22
SIM5
SIM1
SIM2
SIM3
SIM4
1
21
22
SIM5
SIM1
SIM2
SIM3
SIM4
1
21
22
SIM5
SIM1
SIM2
SIM3
SIM4
1
21
22
SIM5
SIM1
SIM2
SIM3
SIM4
1
21
22
SIM5
SIM1
SIM2
SIM3
SIM4
1
21
22
SIM5
SIM1
SIM2
SIM3
SIM4
1
21
22
SIM5
SIM1
SIM2
SIM3
SIM4
1
21
22
SIM5
SIM1
SIM2
SIM3
SIM4
1
21
22
SIM5
SIM1
SIM2
SIM3
SIM4
1
21
22
SIM5
SIM1
SIM2
SIM3
SIM4
1
21
22
SIM5
SIM1
SIM2
SIM3
SIM4
1
21
22
SIM5
SIM1
SIM2
SIM3
SIM4
1
21
22
SIM5
SIM1
SIM2
SIM3
SIM4
1
21
22
SIM5
SIM1
SIM2
SIM3
SIM4
1
21
22
SIM5
SIM1
SIM2
SIM3
SIM4
1
21
22
SIM5
SIM1
SIM2
SIM3
SIM4
1
21
22
SIM5
SIM1
SIM2
SIM3
SIM4
1
21
22
SIM5
SIM1
SIM2
SIM3
SIM4
1
21
22
SIM5
SIM1
SIM2
SIM3
SIM4
1
21
22
SIM5
SIM1
SIM2
SIM3
SIM4
1
21
22
SIM5
SIM1
SIM2
SIM3
SIM4
1
21
22
SIM5
SIM1
SIM2
SIM3
SIM4
1
21
22
SIM5
SIM1
SIM2
SIM3
SIM4
1
21
22
SIM5
SIM1
SIM2
SIM3
SIM4
1
21
22
SIM5
SIM1
SIM2
SIM3
SIM4
1
21
22
SIM5
SIM1
SIM2
SIM3
SIM4
1
21
22
SIM5
SIM1
SIM2
SIM3
SIM4
1
21
22
SIM5
SIM1
SIM2
SIM3
SIM4
1
21
22
SIM5
SIM1
SIM2
SIM3
SIM4
1
21
22
SIM5
SIM1
SIM2
SIM3
SIM4
1
21
22
SIM5
SIM1
SIM2
SIM3
SIM4
1
21
22
SIM5
SIM1
SIM2
SIM3
SIM4
1
21
22
SIM5
SIM1
SIM2
SIM3
SIM4
1
21
22
SIM5
SIM1
SIM2
SIM3
SIM4
1
21
22
SIM5
SIM1
SIM2
SIM3
SIM4
1
21
22
SIM5
SIM1
SIM2
SIM3
SIM4
1
21
22
SIM5
SIM1
SIM2
SIM3
SIM4
1
21
22
SIM5
SIM1
SIM2
SIM3
SIM4
1
21
22
SIM5
SIM1
SIM2
SIM3
SIM4
1
21
22
SIM5
SIM1
SIM2
SIM3
SIM4
1
21
22
SIM5
SIM1
SIM2
SIM3
SIM4
1
21
22
SIM5
SIM1
SIM2
SIM3
SIM4
1
21
22
SIM5
SIM1
SIM2
SIM3
SIM4
1
21
22
SIM5
SIM1
SIM2
SIM3
SIM4
1
21
22
SIM5
SIM1
SIM2
SIM3
SIM4
1
21
22
SIM5
SIM1
SIM2
SIM3
SIM4
1
21
22
SIM5
SIM1
SIM2
SIM3
SIM4
1
21
22
SIM5
SIM1
SIM2
SIM3
SIM4
1
21
22
SIM5
SIM1
SIM2
SIM3
SIM4
1
21
22
SIM5
SIM1
SIM2
SIM3
SIM4
1
21
22
SIM5
SIM1
SIM2
SIM3
SIM4
1
21
22
SIM5
SIM1
SIM2
SIM3
SIM4
1
21
22
SIM5
SIM1
SIM2
SIM3
SIM4
1
21
22
SIM5
SIM1
SIM2
SIM3
SIM4
1
21
22
SIM5
SIM1
SIM2
SIM3
SIM4
1
21
22
SIM5
SIM1
SIM2
SIM3
SIM4
1
21
22
SIM5
SIM1
SIM2
SIM3
SIM4
1
21
22
SIM5
SIM1
SIM2
SIM3
SIM4
1
21
22
SIM5
SIM1
SIM2
SIM3
SIM4
1
21
22
SIM5
SIM1
SIM2
SIM3
SIM4
1
21
22
SIM5
SIM1
SIM2
SIM3
SIM4
1
21
22
SIM5
SIM1
SIM2
SIM3
SIM4
1
21
22
SIM5
SIM1
SIM2
SIM3
SIM4
1
21
22
SIM5
SIM1
SIM2
SIM3
SIM4
1
21
22
SIM5
SIM1
SIM2
SIM3
SIM4
1
21
22
SIM5
SIM1
SIM2
SIM3
SIM4
1
21
22
SIM5
SIM1
SIM2
SIM3
SIM4
1
21
22
SIM5
SIM1
SIM2
SIM3
SIM4
1
21
22
SIM5
SIM1
SIM2
SIM3
SIM4
1
21
22
SIM5
SIM1
SIM2
SIM3
SIM4
1
21
22
SIM5
SIM1
SIM2
SIM3
SIM4
1
21
22
SIM5
SIM1
SIM2
SIM3
SIM4
1
21
22
SIM5
SIM1
SIM2
SIM3
SIM4
1
21
22
SIM5
SIM1
SIM2
SIM3
SIM4
1
21
22
SIM5
SIM1
SIM2
SIM3
SIM4
1
21
22
SIM5
SIM1
SIM2
SIM3
SIM4
1
21
22
SIM5
SIM1
SIM2
SIM3
SIM4
1
21
22
SIM5
SIM1
SIM2
SIM3
SIM4
1
21
22
SIM5
SIM1
SIM2
SIM3
SIM4
1
21
22
SIM5
SIM1
SIM2
SIM3
SIM4
1
21
22
SIM5
SIM1
SIM2
SIM3
SIM4
1
21
22
SIM5
SIM1
SIM2
SIM3
SIM4
1
21
22
SIM5
SIM1
SIM2
SIM3
SIM4
1
21
22
SIM5
SIM1
SIM2
SIM3
SIM4
1
21
22
SIM5
SIM1
SIM2
SIM3
SIM4
1
21
22
SIM5
SIM1
SIM2
SIM3
SIM4
1
21
22
SIM5
SIM1
SIM2
SIM3
SIM4
1
21
22
SIM5
SIM1
SIM2
SIM3
SIM4
1
21
22
SIM5
SIM1
SIM2
SIM3
SIM4
1
21
22
SIM5
SIM1
SIM2
SIM3
SIM4
1
21
22
SIM5
SIM1
SIM2
SIM3
SIM4
1
21
22
SIM5
SIM1
SIM2
SIM3
SIM4
1
21
22
SIM5
SIM1
SIM2
SIM3
SIM4
1
21
22
SIM5
SIM1
SIM2
SIM3
SIM4
1
21
22
SIM5
SIM1
SIM2
DEBUG 1 433
SIM1
SIM2
SIM3
SIM4
1
21
22
SIM5
SIM1
SIM2
SIM3
SIM4
1
21
22
SIM5
SIM1
SIM2
SIM3
SIM4
1
21
22
SIM5
SIM1
SIM2
SIM3
SIM4
1
21
22
SIM5
SIM1
SIM2
SIM3
SIM4
1
21
22
SIM5
SIM1
SIM2
SIM3
SIM4
1
21
22
SIM5
SIM1
SIM2
SIM3
SIM4
1
21
22
SIM5
SIM1
SIM2
SIM3
SIM4
1
21
22
SIM5
SIM1
SIM2
SIM3
SIM4
1
21
22
SIM5
SIM1
SIM2
SIM3
SIM4
1
21
22
SIM5
SIM1
SIM2
SIM3
SIM4
1
21
22
SIM5
SIM1
SIM2
SIM3
SIM4
1
21
22
SIM5
SIM1
SIM2
SIM3
SIM4
1
21
22
SIM5
SIM1
SIM2
SIM3
SIM4
1
21
22
SIM5
SIM1
SIM2
SIM3
SIM4
1
21
22
SIM5
SIM1
SIM2
SIM3
SIM4
1
21
22
SIM5
SIM1
SIM2
SIM3
SIM4
1
21
22
SIM5
SIM1
SIM2
SIM3
SIM4
1
21
22
SIM5
SIM1
SIM2
SIM3
SIM4
1
21
22
SIM5
SIM1
SIM2
SIM3
SIM4
1
21
22
SIM5
SIM1
SIM2
SIM3
SIM4
1
21
22
SIM5
SIM1
SIM2
SIM3
SIM4
1
21
22
SIM5
SIM1
SIM2
SIM3
SIM4
1
21
22
SIM5
SIM1
SIM2
SIM3
SIM4
1
21
22
SIM5
SIM1
SIM2
SIM3
SIM4
1
21
22
SIM5
SIM1
SIM2
SIM3
SIM4
1
21
22
SIM5
SIM1
SIM2
SIM3
SIM4
1
21
22
SIM5
SIM1
SIM2
SIM3
SIM4
1
21
22
SIM5
SIM1
SIM2
SIM3
SIM4
1
21
22
SIM5
SIM1
SIM2
SIM3
SIM4
1
21
22
SIM5
SIM1
SIM2
SIM3
SIM4
1
21
22
SIM5
SIM1
SIM2
SIM3
SIM4
1
21
22
SIM5
SIM1
SIM2
SIM3
SIM4
1
21
22
SIM5
SIM1
SIM2
SIM3
SIM4
1
21
22
SIM5
SIM1
SIM2
SIM3
SIM4
1
21
22
SIM5
SIM1
SIM2
SIM3
SIM4
1
21
22
SIM5
SIM1
SIM2
SIM3
SIM4
1
21
22
SIM5
SIM1
SIM2
SIM3
SIM4
1
21
22
SIM5
SIM1
SIM2
SIM3
SIM4
1
21
22
SIM5
SIM1
SIM2
SIM3
SIM4
1
21
22
SIM5
SIM1
SIM2
SIM3
SIM4
1
21
22
SIM5
SIM1
SIM2
SIM3
SIM4
1
21
22
SIM5
SIM1
SIM2
SIM3
SIM4
1
21
22
SIM5
SIM1
SIM2
SIM3
SIM4
1
21
22
SIM5
SIM1
SIM2
SIM3
SIM4
1
21
22
SIM5
SIM1
SIM2
SIM3
SIM4
1
21
22
SIM5
SIM1
SIM2
SIM3
SIM4
1
21
22
SIM5
SIM1
SIM2
SIM3
SIM4
1
21
22
SIM5
SIM1
SIM2
SIM3
SIM4
1
21
22
SIM5
SIM1
SIM2
SIM3
SIM4
1
21
22
SIM5
SIM1
SIM2
SIM3
SIM4
1
21
22
SIM5
SIM1
SIM2
SIM3
SIM4
1
21
22
SIM5
SIM1
SIM2
SIM3
SIM4
1
21
22
SIM5
SIM1
SIM2
SIM3
SIM4
1
21
22
SIM5
SIM1
SIM2
SIM3
SIM4
1
21
22
SIM5
SIM1
SIM2
SIM3
SIM4
1
21
22
SIM5
SIM1
SIM2
SIM3
SIM4
1
21
22
SIM5
SIM1
SIM2
SIM3
SIM4
1
21
22
SIM5
SIM1
SIM2
SIM3
SIM4
1
21
22
SIM5
SIM1
SIM2
SIM3
SIM4
1
21
22
SIM5
SIM1
SIM2
SIM3
SIM4
1
21
22
SIM5
SIM1
SIM2
SIM3
SIM4
1
21
22
SIM5
SIM1
SIM2
SIM3
SIM4
1
21
22
SIM5
SIM1
SIM2
SIM3
SIM4
1
21
22
SIM5
SIM1
SIM2
SIM3
SIM4
1
21
22
SIM5
SIM1
SIM2
SIM3
SIM4
1
21
22
SIM5
SIM1
SIM2
SIM3
SIM4
1
21
22
SIM5
SIM1
SIM2
SIM3
SIM4
1
21
22
SIM5
SIM1
SIM2
SIM3
SIM4
1
21
22
SIM5
SIM1
SIM2
SIM3
SIM4
1
21
22
SIM5
SIM1
SIM2
SIM3
SIM4
1
21
22
SIM5
SIM1
SIM2
SIM3
SIM4
1
21
22
SIM5
SIM1
SIM2
SIM3
SIM4
1
21
22
SIM5
SIM1
SIM2
SIM3
SIM4
1
21
22
SIM5
SIM1
SIM2
SIM3
SIM4
1
21
22
SIM5
SIM1
SIM2
SIM3
SIM4
1
21
22
SIM5
SIM1
SIM2
SIM3
SIM4
1
21
22
SIM5
SIM1
SIM2
SIM3
SIM4
1
21
22
SIM5
SIM1
SIM2
SIM3
SIM4
1
21
22
SIM5
SIM1
SIM2
SIM3
SIM4
1
21
22
SIM5
SIM1
SIM2
SIM3
SIM4
1
21
22
SIM5
SIM1
SIM2
SIM3
SIM4
1
21
22
SIM5
SIM1
SIM2
SIM3
SIM4
1
21
22
SIM5
SIM1
SIM2
SIM3
SIM4
1
21
22
SIM5
SIM1
SIM2
SIM3
SIM4
1
21
22
SIM5
SIM1
SIM2
SIM3
SIM4
1
21
22
SIM5
SIM1
SIM2
SIM3
SIM4
1
21
22
SIM5
SIM1
SIM2
SIM3
SIM4
1
21
22
SIM5
SIM1
SIM2
SIM3
SIM4
1
21
22
SIM5
SIM1
SIM2
DEBUG 1 434
SIM1
SIM2
SIM3
SIM4
1
21
22
SIM5
SIM1
SIM2
SIM3
SIM4
1
21
22
SIM5
SIM1
SIM2
SIM3
SIM4
1
21
22
SIM5
SIM1
SIM2
SIM3
SIM4
1
21
22
SIM5
SIM1
SIM2
SIM3
SIM4
1
21
22
SIM5
SIM1
SIM2
SIM3
SIM4
1
21
22
SIM5
SIM1
SIM2
SIM3
SIM4
1
21
22
SIM5
SIM1
SIM2
SIM3
SIM4
1
21
22
SIM5
SIM1
SIM2
SIM3
SIM4
1
21
22
SIM5
SIM1
SIM2
SIM3
SIM4
1
21
22
SIM5
SIM1
SIM2
SIM3
SIM4
1
21
22
SIM5
SIM1
SIM2
SIM3
SIM4
1
21
22
SIM5
SIM1
SIM2
SIM3
SIM4
1
21
22
SIM5
SIM1
SIM2
SIM3
SIM4
1
21
22
SIM5
SIM1
SIM2
SIM3
SIM4
1
21
22
SIM5
SIM1
SIM2
SIM3
SIM4
1
21
22
SIM5
SIM1
SIM2
SIM3
SIM4
1
21
22
SIM5
SIM1
SIM2
SIM3
SIM4
1
21
22
SIM5
SIM1
SIM2
SIM3
SIM4
1
21
22
SIM5
SIM1
SIM2
SIM3
SIM4
1
21
22
SIM5
SIM1
SIM2
SIM3
SIM4
1
21
22
SIM5
SIM1
SIM2
SIM3
SIM4
1
21
22
SIM5
SIM1
SIM2
SIM3
SIM4
1
21
22
SIM5
SIM1
SIM2
SIM3
SIM4
1
21
22
SIM5
SIM1
SIM2
SIM3
SIM4
1
21
22
SIM5
SIM1
SIM2
SIM3
SIM4
1
21
22
SIM5
SIM1
SIM2
SIM3
SIM4
1
21
22
SIM5
SIM1
SIM2
SIM3
SIM4
1
21
22
SIM5
SIM1
SIM2
SIM3
SIM4
1
21
22
SIM5
SIM1
SIM2
SIM3
SIM4
1
21
22
SIM5
SIM1
SIM2
SIM3
SIM4
1
21
22
SIM5
SIM1
SIM2
SIM3
SIM4
1
21
22
SIM5
SIM1
SIM2
SIM3
SIM4
1
21
22
SIM5
SIM1
SIM2
SIM3
SIM4
1
21
22
SIM5
SIM1
SIM2
SIM3
SIM4
1
21
22
SIM5
SIM1
SIM2
SIM3
SIM4
1
21
22
SIM5
SIM1
SIM2
SIM3
SIM4
1
21
22
SIM5
SIM1
SIM2
SIM3
SIM4
1
21
22
SIM5
SIM1
SIM2
SIM3
SIM4
1
21
22
SIM5
SIM1
SIM2
SIM3
SIM4
1
21
22
SIM5
SIM1
SIM2
SIM3
SIM4
1
21
22
SIM5
SIM1
SIM2
SIM3
SIM4
1
21
22
SIM5
SIM1
SIM2
SIM3
SIM4
1
21
22
SIM5
SIM1
SIM2
SIM3
SIM4
1
21
22
SIM5
SIM1
SIM2
SIM3
SIM4
1
21
22
SIM5
SIM1
SIM2
SIM3
SIM4
1
21
22
SIM5
SIM1
SIM2
SIM3
SIM4
1
21
22
SIM5
SIM1
SIM2
SIM3
SIM4
1
21
22
SIM5
SIM1
SIM2
SIM3
SIM4
1
21
22
SIM5
SIM1
SIM2
SIM3
SIM4
1
21
22
SIM5
SIM1
SIM2
SIM3
SIM4
1
21
22
SIM5
SIM1
SIM2
SIM3
SIM4
1
21
22
SIM5
SIM1
SIM2
SIM3
SIM4
1
21
22
SIM5
SIM1
SIM2
SIM3
SIM4
1
21
22
SIM5
SIM1
SIM2
SIM3
SIM4
1
21
22
SIM5
SIM1
SIM2
SIM3
SIM4
1
21
22
SIM5
SIM1
SIM2
SIM3
SIM4
1
21
22
SIM5
SIM1
SIM2
SIM3
SIM4
1
21
22
SIM5
SIM1
SIM2
SIM3
SIM4
1
21
22
SIM5
SIM1
SIM2
SIM3
SIM4
1
21
22
SIM5
SIM1
SIM2
SIM3
SIM4
1
21
22
SIM5
SIM1
SIM2
SIM3
SIM4
1
21
22
SIM5
SIM1
SIM2
SIM3
SIM4
1
21
22
SIM5
SIM1
SIM2
SIM3
SIM4
1
21
22
SIM5
SIM1
SIM2
SIM3
SIM4
1
21
22
SIM5
SIM1
SIM2
SIM3
SIM4
1
21
22
SIM5
SIM1
SIM2
SIM3
SIM4
1
21
22
SIM5
SIM1
SIM2
SIM3
SIM4
1
21
22
SIM5
SIM1
SIM2
SIM3
SIM4
1
21
22
SIM5
SIM1
SIM2
SIM3
SIM4
1
21
22
SIM5
SIM1
SIM2
SIM3
SIM4
1
21
22
SIM5
SIM1
SIM2
SIM3
SIM4
1
21
22
SIM5
SIM1
SIM2
SIM3
SIM4
1
21
22
SIM5
SIM1
SIM2
SIM3
SIM4
1
21
22
SIM5
SIM1
SIM2
SIM3
SIM4
1
21
22
SIM5
SIM1
SIM2
SIM3
SIM4
1
21
22
SIM5
SIM1
SIM2
SIM3
SIM4
1
21
22
SIM5
SIM1
SIM2
SIM3
SIM4
1
21
22
SIM5
SIM1
SIM2
SIM3
SIM4
1
21
22
SIM5
SIM1
SIM2
SIM3
SIM4
1
21
22
SIM5
SIM1
SIM2
SIM3
SIM4
1
21
22
SIM5
SIM1
SIM2
SIM3
SIM4
1
21
22
SIM5
SIM1
SIM2
SIM3
SIM4
1
21
22
SIM5
SIM1
SIM2
SIM3
SIM4
1
21
22
SIM5
SIM1
SIM2
SIM3
SIM4
1
21
22
SIM5
SIM1
SIM2
SIM3
SIM4
1
21
22
SIM5
SIM1
SIM2
SIM3
SIM4
1
21
22
SIM5
SIM1
SIM2
SIM3
SIM4
1
21
22
SIM5
SIM1
SIM2
SIM3
SIM4
1
21
22
SIM5
SIM1
SIM2
SIM3
SIM4
1
21
22
SIM5
SIM1
SIM2
SIM3
SIM4
1
21
22
SIM5
SIM1
SIM2
SIM3
SIM4
1
21
22
SIM5
SIM1
SIM2
SIM3
SIM4
1
21
22
SIM5
SIM1
SIM2
SIM3
SIM4
1
21
22
SIM5
SIM1
SIM2
SIM3
SIM4
1
21
22
SIM5
SIM1
SIM2
SIM3
SIM4
1
21
22
SIM5
SIM1
SIM2
SIM3
SIM4
1
21
22
SIM5
SIM1
SIM2
SIM3
SIM4
1
21
22
SIM5
SIM1
SIM2
SIM3
SIM4
1
21
22
SIM5
SIM1
SIM2
SIM3
SIM4
1
21
22
SIM5
SIM1
SIM2
SIM3
SIM4
1
21
22
SIM5
SIM1
SIM2
SIM3
SIM4
1
21
22
SIM5
SIM1
SIM2
SIM3
SIM4
1
21
22
SIM5
SIM1
SIM2
SIM3
SIM4
1
21
22
SIM5
SIM1
SIM2
SIM3
SIM4
1
21
22
SIM5
SIM1
SIM2
SIM3
SIM4
1
21
22
SIM5
SIM1
SIM2
SIM3
SIM4
1
21
22
SIM5
SIM1
SIM2
SIM3
SIM4
1
21
22
SIM5
SIM1
SIM2
SIM3
SIM4
1
21
22
SIM5
SIM1
SIM2
SIM3
SIM4
1
21
22
SIM5
SIM1
SIM2
SIM3
SIM4
1
21
22
SIM5
SIM1
SIM2
SIM3
SIM4
1
21
22
SIM5
SIM1
SIM2
SIM3
SIM4
1
21
22
SIM5
SIM1
SIM2
SIM3
SIM4
1
21
22
SIM5
SIM1
SIM2
SIM3
SIM4
1
21
22
SIM5
SIM1
SIM2
SIM3
SIM4
1
21
22
SIM5
SIM1
SIM2
SIM3
SIM4
1
21
22
SIM5
SIM1
SIM2
SIM3
SIM4
1
21
22
SIM5
SIM1
SIM2
SIM3
SIM4
1
21
22
SIM5
SIM1
SIM2
SIM3
SIM4
1
21
22
SIM5
SIM1
SIM2
SIM3
SIM4
1
21
22
SIM5
SIM1
SIM2
SIM3
SIM4
1
21
22
SIM5
SIM1
SIM2
SIM3
SIM4
1
21
22
SIM5
SIM1
SIM2
SIM3
SIM4
1
21
22
SIM5
SIM1
SIM2
SIM3
SIM4
1
21
22
SIM5
SIM1
SIM2
SIM3
SIM4
1
21
22
SIM5
SIM1
SIM2
SIM3
SIM4
1
21
22
SIM5
SIM1
SIM2
SIM3
SIM4
1
21
22
SIM5
SIM1
SIM2
SIM3
SIM4
1
21
22
SIM5
SIM1
SIM2
SIM3
SIM4
1
21
22
SIM5
SIM1
SIM2
SIM3
SIM4
1
21
22
SIM5
SIM1
SIM2
SIM3
SIM4
1
21
22
SIM5
SIM1
SIM2
SIM3
SIM4
1
21
22
SIM5
SIM1
SIM2
SIM3
SIM4
1
21
22
SIM5
SIM1
SIM2
SIM3
SIM4
1
21
22
SIM5
SIM1
SIM2
SIM3
SIM4
1
21
22
SIM5
SIM1
SIM2
SIM3
SIM4
1
21
22
SIM5
SIM1
SIM2
SIM3
SIM4
1
21
22
SIM5
SIM1
SIM2
SIM3
SIM4
1
21
22
SIM5
SIM1
SIM2
SIM3
SIM4
1
21
22
SIM5
SIM1
SIM2
SIM3
SIM4
1
21
22
SIM5
SIM1
SIM2
SIM3
SIM4
1
21
22
SIM5
SIM1
SIM2
SIM3
SIM4
1
21
22
SIM5
SIM1
SIM2
SIM3
SIM4
1
21
22
SIM5
SIM1
SIM2
SIM3
SIM4
1
21
22
SIM5
SIM1
SIM2
SIM3
SIM4
1
21
22
SIM5
SIM1
SIM2
SIM3
SIM4
1
21
22
SIM5
SIM1
SIM2
SIM3
SIM4
1
21
22
SIM5
SIM1
SIM2
SIM3
SIM4
1
21
22
SIM5
SIM1
SIM2
SIM3
SIM4
1
21
22
SIM5
SIM1
SIM2
SIM3
SIM4
1
21
22
SIM5
SIM1
SIM2
SIM3
SIM4
1
21
22
SIM5
SIM1
SIM2
SIM3
SIM4
1
21
22
SIM5
SIM1
SIM2
SIM3
SIM4
1
21
22
SIM5
SIM1
SIM2
SIM3
SIM4
1
21
22
SIM5
SIM1
SIM2
SIM3
SIM4
1
21
22
SIM5
SIM1
SIM2
SIM3
SIM4
1
21
22
SIM5
SIM1
SIM2
SIM3
SIM4
1
21
22
SIM5
SIM1
SIM2
SIM3
SIM4
1
21
22
SIM5
SIM1
SIM2
SIM3
SIM4
1
21
22
SIM5
SIM1
SIM2
SIM3
SIM4
1
21
22
SIM5
SIM1
SIM2
SIM3
SIM4
1
21
22
SIM5
SIM1
SIM2
SIM3
SIM4
1
21
22
SIM5
SIM1
SIM2
SIM3
SIM4
1
21
22
SIM5
SIM1
SIM2
SIM3
SIM4
1
21
22
SIM5
SIM1
SIM2
SIM3
SIM4
1
21
22
SIM5
SIM1
SIM2
SIM3
SIM4
1
21
22
SIM5
SIM1
SIM2
SIM3
SIM4
1
21
22
SIM5
SIM1
SIM2
SIM3
SIM4
1
21
22
SIM5
SIM1
SIM2
SIM3
SIM4
1
21
22
SIM5
SIM1
SIM2
SIM3
SIM4
1
21
22
SIM5
SIM1
SIM2
SIM3
SIM4
1
21
22
SIM5
SIM1
SIM2
SIM3
SIM4
1
21
22
SIM5
SIM1
SIM2
SIM3
SIM4
1
21
22
SIM5
SIM1
SIM2
SIM3
SIM4
1
21
22
SIM5
SIM1
SIM2
SIM3
SIM4
1
21
22
SIM5
SIM1
SIM2
SIM3
SIM4
1
21
22
SIM5
SIM1
SIM2
SIM3
SIM4
1
21
22
SIM5
SIM1
SIM2
SIM3
SIM4
1
21
22
SIM5
SIM1
SIM2
SIM3
SIM4
1
21
22
SIM5
SIM1
SIM2
SIM3
SIM4
1
21
22
SIM5
SIM1
SIM2
SIM3
SIM4
1
21
22
SIM5
SIM1
SIM2
SIM3
SIM4
1
21
22
SIM5
SIM1
SIM2
SIM3
SIM4
1
21
22
SIM5
SIM1
SIM2
SIM3
SIM4
1
21
22
SIM5
SIM1
SIM2
SIM3
SIM4
1
21
22
SIM5
SIM1
SIM2
SIM3
SIM4
1
21
22
SIM5
SIM1
SIM2
SIM3
SIM4
1
21
22
SIM5
SIM1
SIM2
SIM3
SIM4
1
21
22
SIM5
SIM1
SIM2
SIM3
SIM4
1
21
22
SIM5
SIM1
SIM2
SIM3
SIM4
1
21
22
SIM5
SIM1
SIM2
SIM3
SIM4
1
21
22
SIM5
SIM1
SIM2
SIM3
SIM4
1
21
22
SIM5
SIM1
SIM2
SIM3
SIM4
1
21
22
SIM5
SIM1
SIM2
SIM3
SIM4
1
21
22
SIM5
SIM1
SIM2
SIM3
SIM4
1
21
22
SIM5
SIM1
SIM2
SIM3
SIM4
1
21
22
SIM5
SIM1
SIM2
SIM3
SIM4
1
21
22
SIM5
SIM1
SIM2
SIM3
SIM4
1
21
22
SIM5
SIM1
SIM2
SIM3
SIM4
1
21
22
SIM5
SIM1
SIM2
SIM3
SIM4
1
21
22
SIM5
SIM1
SIM2
SIM3
SIM4
1
21
22
SIM5
SIM1
SIM2
SIM3
SIM4
1
21
22
SIM5
SIM1
SIM2
SIM3
SIM4
1
21
22
SIM5
SIM1
SIM2
SIM3
SIM4
1
21
22
SIM5
SIM1
SIM2
DEBUG 1 435
SIM1
SIM2
SIM3
SIM4
1
21
22
SIM5
SIM1
SIM2
SIM3
SIM4
1
21
22
SIM5
SIM1
SIM2
SIM3
SIM4
1
21
22
SIM5
SIM1
SIM2
SIM3
SIM4
1
21
22
SIM5
SIM1
SIM2
SIM3
SIM4
1
21
22
SIM5
SIM1
SIM2
SIM3
SIM4
1
21
22
SIM5
SIM1
SIM2
SIM3
SIM4
1
21
22
SIM5
SIM1
SIM2
SIM3
SIM4
1
21
22
SIM5
SIM1
SIM2
SIM3
SIM4
1
21
22
SIM5
SIM1
SIM2
SIM3
SIM4
1
21
22
SIM5
SIM1
SIM2
SIM3
SIM4
1
21
22
SIM5
SIM1
SIM2
SIM3
SIM4
1
21
22
SIM5
SIM1
SIM2
SIM3
SIM4
1
21
22
SIM5
SIM1
SIM2
SIM3
SIM4
1
21
22
SIM5
SIM1
SIM2
SIM3
SIM4
1
21
22
SIM5
SIM1
SIM2
SIM3
SIM4
1
21
22
SIM5
SIM1
SIM2
SIM3
SIM4
1
21
22
SIM5
SIM1
SIM2
SIM3
SIM4
1
21
22
SIM5
SIM1
SIM2
SIM3
SIM4
1
21
22
SIM5
SIM1
SIM2
SIM3
SIM4
1
21
22
SIM5
SIM1
SIM2
SIM3
SIM4
1
21
22
SIM5
SIM1
SIM2
SIM3
SIM4
1
21
22
SIM5
SIM1
SIM2
SIM3
SIM4
1
21
22
SIM5
SIM1
SIM2
SIM3
SIM4
1
21
22
SIM5
SIM1
SIM2
SIM3
SIM4
1
21
22
SIM5
SIM1
SIM2
SIM3
SIM4
1
21
22
SIM5
SIM1
SIM2
SIM3
SIM4
1
21
22
SIM5
SIM1
SIM2
SIM3
SIM4
1
21
22
SIM5
SIM1
SIM2
SIM3
SIM4
1
21
22
SIM5
SIM1
SIM2
SIM3
SIM4
1
21
22
SIM5
SIM1
SIM2
SIM3
SIM4
1
21
22
SIM5
SIM1
SIM2
SIM3
SIM4
1
21
22
SIM5
SIM1
SIM2
SIM3
SIM4
1
21
22
SIM5
SIM1
SIM2
SIM3
SIM4
1
21
22
SIM5
SIM1
SIM2
SIM3
SIM4
1
21
22
SIM5
SIM1
SIM2
SIM3
SIM4
1
21
22
SIM5
SIM1
SIM2
SIM3
SIM4
1
21
22
SIM5
SIM1
SIM2
SIM3
SIM4
1
21
22
SIM5
SIM1
SIM2
SIM3
SIM4
1
21
22
SIM5
SIM1
SIM2
SIM3
SIM4
1
21
22
SIM5
SIM1
SIM2
SIM3
SIM4
1
21
22
SIM5
SIM1
SIM2
SIM3
SIM4
1
21
22
SIM5
SIM1
SIM2
SIM3
SIM4
1
21
22
SIM5
SIM1
SIM2
SIM3
SIM4
1
21
22
SIM5
SIM1
SIM2
SIM3
SIM4
1
21
22
SIM5
SIM1
SIM2
SIM3
SIM4
1
21
22
SIM5
SIM1
SIM2
SIM3
SIM4
1
21
22
SIM5
SIM1
SIM2
SIM3
SIM4
1
21
22
SIM5
SIM1
SIM2
SIM3
SIM4
1
21
22
SIM5
SIM1
SIM2
SIM3
SIM4
1
21
22
SIM5
SIM1
SIM2
SIM3
SIM4
1
21
22
SIM5
SIM1
SIM2
SIM3
SIM4
1
21
22
SIM5
SIM1
SIM2
SIM3
SIM4
1
21
22
SIM5
SIM1
SIM2
SIM3
SIM4
1
21
22
SIM5
SIM1
SIM2
SIM3
SIM4
1
21
22
SIM5
SIM1
SIM2
SIM3
SIM4
1
21
22
SIM5
SIM1
SIM2
SIM3
SIM4
1
21
22
SIM5
SIM1
SIM2
SIM3
SIM4
1
21
22
SIM5
SIM1
SIM2
SIM3
SIM4
1
21
22
SIM5
SIM1
SIM2
SIM3
SIM4
1
21
22
SIM5
SIM1
SIM2
SIM3
SIM4
1
21
22
SIM5
SIM1
SIM2
SIM3
SIM4
1
21
22
SIM5
SIM1
SIM2
SIM3
SIM4
1
21
22
SIM5
SIM1
SIM2
SIM3
SIM4
1
21
22
SIM5
SIM1
SIM2
SIM3
SIM4
1
21
22
SIM5
SIM1
SIM2
SIM3
SIM4
1
21
22
SIM5
SIM1
SIM2
SIM3
SIM4
1
21
22
SIM5
SIM1
SIM2
SIM3
SIM4
1
21
22
SIM5
SIM1
SIM2
SIM3
SIM4
1
21
22
SIM5
SIM1
SIM2
SIM3
SIM4
1
21
22
SIM5
SIM1
SIM2
SIM3
SIM4
1
21
22
SIM5
SIM1
SIM2
SIM3
SIM4
1
21
22
SIM5
SIM1
SIM2
SIM3
SIM4
1
21
22
SIM5
SIM1
SIM2
SIM3
SIM4
1
21
22
SIM5
SIM1
SIM2
SIM3
SIM4
1
21
22
SIM5
SIM1
SIM2
SIM3
SIM4
1
21
22
SIM5
SIM1
SIM2
SIM3
SIM4
1
21
22
SIM5
SIM1
SIM2
SIM3
SIM4
1
21
22
SIM5
SIM1
SIM2
SIM3
SIM4
1
21
22
SIM5
SIM1
SIM2
SIM3
SIM4
1
21
22
SIM5
SIM1
SIM2
SIM3
SIM4
1
21
22
SIM5
SIM1
SIM2
SIM3
SIM4
1
21
22
SIM5
SIM1
SIM2
SIM3
SIM4
1
21
22
SIM5
SIM1
SIM2
SIM3
SIM4
1
21
22
SIM5
SIM1
SIM2
SIM3
SIM4
1
21
22
SIM5
SIM1
SIM2
SIM3
SIM4
1
21
22
SIM5
SIM1
SIM2
SIM3
SIM4
1
21
22
SIM5
SIM1
SIM2
SIM3
SIM4
1
21
22
SIM5
SIM1
SIM2
SIM3
SIM4
1
21
22
SIM5
SIM1
SIM2
SIM3
SIM4
1
21
22
SIM5
SIM1
SIM2
SIM3
SIM4
1
21
22
SIM5
SIM1
SIM2
SIM3
SIM4
1
21
22
SIM5
SIM1
SIM2
SIM3
SIM4
1
21
22
SIM5
SIM1
SIM2
SIM3
SIM4
1
21
22
SIM5
SIM1
SIM2
SIM3
SIM4
1
21
22
SIM5
SIM1
SIM2
SIM3
SIM4
1
21
22
SIM5
SIM1
SIM2
SIM3
SIM4
1
21
22
SIM5
SIM1
SIM2
SIM3
SIM4
1
21
22
SIM5
SIM1
SIM2
SIM3
SIM4
1
21
22
SIM5
SIM1
SIM2
SIM3
SIM4
1
21
22
SIM5
SIM1
SIM2
SIM3
SIM4
1
21
22
SIM5
SIM1
SIM2
SIM3
SIM4
1
21
22
SIM5
SIM1
SIM2
SIM3
SIM4
1
21
22
SIM5
SIM1
SIM2
SIM3
SIM4
1
21
22
SIM5
SIM1
SIM2
SIM3
SIM4
1
21
22
SIM5
SIM1
SIM2
SIM3
SIM4
1
21
22
SIM5
SIM1
SIM2
SIM3
SIM4
1
21
22
SIM5
SIM1
SIM2
SIM3
SIM4
1
21
22
SIM5
SIM1
SIM2
SIM3
SIM4
1
21
22
SIM5
SIM1
SIM2
SIM3
SIM4
1
21
22
SIM5
SIM1
SIM2
SIM3
SIM4
1
21
22
SIM5
SIM1
SIM2
SIM3
SIM4
1
21
22
SIM5
SIM1
SIM2
SIM3
SIM4
1
21
22
SIM5
SIM1
SIM2
SIM3
SIM4
1
21
22
SIM5
SIM1
SIM2
SIM3
SIM4
1
21
22
SIM5
SIM1
SIM2
SIM3
SIM4
1
21
22
SIM5
SIM1
SIM2
SIM3
SIM4
1
21
22
SIM5
SIM1
SIM2
SIM3
SIM4
1
21
22
SIM5
SIM1
SIM2
SIM3
SIM4
1
21
22
SIM5
SIM1
SIM2
SIM3
SIM4
1
21
22
SIM5
SIM1
SIM2
SIM3
SIM4
1
21
22
SIM5
SIM1
SIM2
SIM3
SIM4
1
21
22
SIM5
SIM1
SIM2
SIM3
SIM4
1
21
22
SIM5
SIM1
SIM2
SIM3
SIM4
1
21
22
SIM5
SIM1
SIM2
SIM3
SIM4
1
21
22
SIM5
SIM1
SIM2
SIM3
SIM4
1
21
22
SIM5
SIM1
SIM2
SIM3
SIM4
1
21
22
SIM5
SIM1
SIM2
SIM3
SIM4
1
21
22
SIM5
SIM1
SIM2
SIM3
SIM4
1
21
22
SIM5
SIM1
SIM2
SIM3
SIM4
1
21
22
SIM5
SIM1
SIM2
SIM3
SIM4
1
21
22
SIM5
SIM1
SIM2
SIM3
SIM4
1
21
22
SIM5
SIM1
SIM2
SIM3
SIM4
1
21
22
SIM5
SIM1
SIM2
SIM3
SIM4
1
21
22
SIM5
SIM1
SIM2
SIM3
SIM4
1
21
22
SIM5
SIM1
SIM2
SIM3
SIM4
1
21
22
SIM5
SIM1
SIM2
SIM3
SIM4
1
21
22
SIM5
SIM1
SIM2
SIM3
SIM4
1
21
22
SIM5
SIM1
SIM2
SIM3
SIM4
1
21
22
SIM5
SIM1
SIM2
SIM3
SIM4
1
21
22
SIM5
SIM1
SIM2
SIM3
SIM4
1
21
22
SIM5
SIM1
SIM2
SIM3
SIM4
1
21
22
SIM5
SIM1
SIM2
SIM3
SIM4
1
21
22
SIM5
SIM1
SIM2
SIM3
SIM4
1
21
22
SIM5
SIM1
SIM2
SIM3
SIM4
1
21
22
SIM5
SIM1
SIM2
SIM3
SIM4
1
21
22
SIM5
SIM1
SIM2
SIM3
SIM4
1
21
22
SIM5
SIM1
SIM2
SIM3
SIM4
1
21
22
SIM5
SIM1
SIM2
SIM3
SIM4
1
21
22
SIM5
SIM1
SIM2
SIM3
SIM4
1
21
22
SIM5
SIM1
SIM2
SIM3
SIM4
1
21
22
SIM5
SIM1
SIM2
SIM3
SIM4
1
21
22
SIM5
SIM1
SIM2
SIM3
SIM4
1
21
22
SIM5
SIM1
SIM2
SIM3
SIM4
1
21
22
SIM5
SIM1
SIM2
SIM3
SIM4
1
21
22
SIM5
SIM1
SIM2
SIM3
SIM4
1
21
22
SIM5
SIM1
SIM2
SIM3
SIM4
1
21
22
SIM5
SIM1
SIM2
SIM3
SIM4
1
21
22
SIM5
SIM1
SIM2
SIM3
SIM4
1
21
22
SIM5
SIM1
SIM2
SIM3
SIM4
1
21
22
SIM5
SIM1
SIM2
SIM3
SIM4
1
21
22
SIM5
SIM1
SIM2
SIM3
SIM4
1
21
22
SIM5
SIM1
SIM2
SIM3
SIM4
1
21
22
SIM5
SIM1
SIM2
SIM3
SIM4
1
21
22
SIM5
SIM1
SIM2
SIM3
SIM4
1
21
22
SIM5
SIM1
SIM2
SIM3
SIM4
1
21
22
SIM5
SIM1
SIM2
SIM3
SIM4
1
21
22
SIM5
SIM1
SIM2
SIM3
SIM4
1
21
22
SIM5
SIM1
SIM2
SIM3
SIM4
1
21
22
SIM5
SIM1
SIM2
SIM3
SIM4
1
21
22
SIM5
SIM1
SIM2
SIM3
SIM4
1
21
22
SIM5
SIM1
SIM2
SIM3
SIM4
1
21
22
SIM5
SIM1
SIM2
SIM3
SIM4
1
21
22
SIM5
SIM1
SIM2
SIM3
SIM4
1
21
22
SIM5
SIM1
SIM2
DEBUG 1 436
SIM1
SIM2
SIM3
SIM4
1
21
22
SIM5
SIM1
SIM2
SIM3
SIM4
1
21
22
SIM5
SIM1
SIM2
SIM3
SIM4
1
21
22
SIM5
SIM1
SIM2
SIM3
SIM4
1
21
22
SIM5
SIM1
SIM2
SIM3
SIM4
1
21
22
SIM5
SIM1
SIM2
SIM3
SIM4
1
21
22
SIM5
SIM1
SIM2
SIM3
SIM4
1
21
22
SIM5
SIM1
SIM2
SIM3
SIM4
1
21
22
SIM5
SIM1
SIM2
SIM3
SIM4
1
21
22
SIM5
SIM1
SIM2
SIM3
SIM4
1
21
22
SIM5
SIM1
SIM2
SIM3
SIM4
1
21
22
SIM5
SIM1
SIM2
SIM3
SIM4
1
21
22
SIM5
SIM1
SIM2
SIM3
SIM4
1
21
22
SIM5
SIM1
SIM2
SIM3
SIM4
1
21
22
SIM5
SIM1
SIM2
SIM3
SIM4
1
21
22
SIM5
SIM1
SIM2
SIM3
SIM4
1
21
22
SIM5
SIM1
SIM2
SIM3
SIM4
1
21
22
SIM5
SIM1
SIM2
SIM3
SIM4
1
21
22
SIM5
SIM1
SIM2
SIM3
SIM4
1
21
22
SIM5
SIM1
SIM2
SIM3
SIM4
1
21
22
SIM5
SIM1
SIM2
SIM3
SIM4
1
21
22
SIM5
SIM1
SIM2
SIM3
SIM4
1
21
22
SIM5
SIM1
SIM2
SIM3
SIM4
1
21
22
SIM5
SIM1
SIM2
SIM3
SIM4
1
21
22
SIM5
SIM1
SIM2
SIM3
SIM4
1
21
22
SIM5
SIM1
SIM2
SIM3
SIM4
1
21
22
SIM5
SIM1
SIM2
SIM3
SIM4
1
21
22
SIM5
SIM1
SIM2
SIM3
SIM4
1
21
22
SIM5
SIM1
SIM2
SIM3
SIM4
1
21
22
SIM5
SIM1
SIM2
SIM3
SIM4
1
21
22
SIM5
SIM1
SIM2
SIM3
SIM4
1
21
22
SIM5
SIM1
SIM2
SIM3
SIM4
1
21
22
SIM5
SIM1
SIM2
SIM3
SIM4
1
21
22
SIM5
SIM1
SIM2
SIM3
SIM4
1
21
22
SIM5
SIM1
SIM2
SIM3
SIM4
1
21
22
SIM5
SIM1
SIM2
SIM3
SIM4
1
21
22
SIM5
SIM1
SIM2
SIM3
SIM4
1
21
22
SIM5
SIM1
SIM2
SIM3
SIM4
1
21
22
SIM5
SIM1
SIM2
SIM3
SIM4
1
21
22
SIM5
SIM1
SIM2
SIM3
SIM4
1
21
22
SIM5
SIM1
SIM2
SIM3
SIM4
1
21
22
SIM5
SIM1
SIM2
SIM3
SIM4
1
21
22
SIM5
SIM1
SIM2
SIM3
SIM4
1
21
22
SIM5
SIM1
SIM2
SIM3
SIM4
1
21
22
SIM5
SIM1
SIM2
SIM3
SIM4
1
21
22
SIM5
SIM1
SIM2
SIM3
SIM4
1
21
22
SIM5
SIM1
SIM2
SIM3
SIM4
1
21
22
SIM5
SIM1
SIM2
SIM3
SIM4
1
21
22
SIM5
SIM1
SIM2
SIM3
SIM4
1
21
22
SIM5
SIM1
SIM2
SIM3
SIM4
1
21
22
SIM5
SIM1
SIM2
SIM3
SIM4
1
21
22
SIM5
SIM1
SIM2
SIM3
SIM4
1
21
22
SIM5
SIM1
SIM2
SIM3
SIM4
1
21
22
SIM5
SIM1
SIM2
SIM3
SIM4
1
21
22
SIM5
SIM1
SIM2
SIM3
SIM4
1
21
22
SIM5
SIM1
SIM2
SIM3
SIM4
1
21
22
SIM5
SIM1
SIM2
SIM3
SIM4
1
21
22
SIM5
SIM1
SIM2
SIM3
SIM4
1
21
22
SIM5
SIM1
SIM2
SIM3
SIM4
1
21
22
SIM5
SIM1
SIM2
SIM3
SIM4
1
21
22
SIM5
SIM1
SIM2
SIM3
SIM4
1
21
22
SIM5
SIM1
SIM2
SIM3
SIM4
1
21
22
SIM5
SIM1
SIM2
SIM3
SIM4
1
21
22
SIM5
SIM1
SIM2
SIM3
SIM4
1
21
22
SIM5
SIM1
SIM2
SIM3
SIM4
1
21
22
SIM5
SIM1
SIM2
SIM3
SIM4
1
21
22
SIM5
SIM1
SIM2
SIM3
SIM4
1
21
22
SIM5
SIM1
SIM2
SIM3
SIM4
1
21
22
SIM5
SIM1
SIM2
SIM3
SIM4
1
21
22
SIM5
SIM1
SIM2
SIM3
SIM4
1
21
22
SIM5
SIM1
SIM2
SIM3
SIM4
1
21
22
SIM5
SIM1
SIM2
SIM3
SIM4
1
21
22
SIM5
SIM1
SIM2
SIM3
SIM4
1
21
22
SIM5
SIM1
SIM2
SIM3
SIM4
1
21
22
SIM5
SIM1
SIM2
SIM3
SIM4
1
21
22
SIM5
SIM1
SIM2
SIM3
SIM4
1
21
22
SIM5
SIM1
SIM2
SIM3
SIM4
1
21
22
SIM5
SIM1
SIM2
SIM3
SIM4
1
21
22
SIM5
SIM1
SIM2
SIM3
SIM4
1
21
22
SIM5
SIM1
SIM2
SIM3
SIM4
1
21
22
SIM5
SIM1
SIM2
SIM3
SIM4
1
21
22
SIM5
SIM1
SIM2
SIM3
SIM4
1
21
22
SIM5
SIM1
SIM2
SIM3
SIM4
1
21
22
SIM5
SIM1
SIM2
SIM3
SIM4
1
21
22
SIM5
SIM1
SIM2
SIM3
SIM4
1
21
22
SIM5
SIM1
SIM2
SIM3
SIM4
1
21
22
SIM5
SIM1
SIM2
SIM3
SIM4
1
21
22
SIM5
SIM1
SIM2
SIM3
SIM4
1
21
22
SIM5
SIM1
SIM2
SIM3
SIM4
1
21
22
SIM5
SIM1
SIM2
SIM3
SIM4
1
21
22
SIM5
SIM1
SIM2
SIM3
SIM4
1
21
22
SIM5
SIM1
SIM2
SIM3
SIM4
1
21
22
SIM5
SIM1
SIM2
SIM3
SIM4
1
21
22
SIM5
SIM1
SIM2
SIM3
SIM4
1
21
22
SIM5
SIM1
SIM2
SIM3
SIM4
1
21
22
SIM5
SIM1
SIM2
SIM3
SIM4
1
21
22
SIM5
SIM1
SIM2
SIM3
SIM4
1
21
22
SIM5
SIM1
SIM2
SIM3
SIM4
1
21
22
SIM5
SIM1
SIM2
SIM3
SIM4
1
21
22
SIM5
SIM1
SIM2
SIM3
SIM4
1
21
22
SIM5
SIM1
SIM2
SIM3
SIM4
1
21
22
SIM5
SIM1
SIM2
SIM3
SIM4
1
21
22
SIM5
SIM1
SIM2
SIM3
SIM4
1
21
22
SIM5
SIM1
SIM2
SIM3
SIM4
1
21
22
SIM5
SIM1
SIM2
SIM3
SIM4
1
21
22
SIM5
SIM1
SIM2
SIM3
SIM4
1
21
22
SIM5
SIM1
SIM2
SIM3
SIM4
1
21
22
SIM5
SIM1
SIM2
SIM3
SIM4
1
21
22
SIM5
SIM1
SIM2
SIM3
SIM4
1
21
22
SIM5
SIM1
SIM2
SIM3
SIM4
1
21
22
SIM5
SIM1
SIM2
SIM3
SIM4
1
21
22
SIM5
SIM1
SIM2
SIM3
SIM4
1
21
22
SIM5
SIM1
SIM2
SIM3
SIM4
1
21
22
SIM5
SIM1
SIM2
SIM3
SIM4
1
21
22
SIM5
SIM1
SIM2
SIM3
SIM4
1
21
22
SIM5
SIM1
SIM2
SIM3
SIM4
1
21
22
SIM5
SIM1
SIM2
SIM3
SIM4
1
21
22
SIM5
SIM1
SIM2
SIM3
SIM4
1
21
22
SIM5
SIM1
SIM2
SIM3
SIM4
1
21
22
SIM5
SIM1
SIM2
DEBUG 1 437
SIM1
SIM2
SIM3
SIM4
1
21
22
SIM5
SIM1
SIM2
SIM3
SIM4
1
21
22
SIM5
SIM1
SIM2
SIM3
SIM4
1
21
22
SIM5
SIM1
SIM2
SIM3
SIM4
1
21
22
SIM5
SIM1
SIM2
SIM3
SIM4
1
21
22
SIM5
SIM1
SIM2
SIM3
SIM4
1
21
22
SIM5
SIM1
SIM2
SIM3
SIM4
1
21
22
SIM5
SIM1
SIM2
SIM3
SIM4
1
21
22
SIM5
SIM1
SIM2
SIM3
SIM4
1
21
22
SIM5
SIM1
SIM2
SIM3
SIM4
1
21
22
SIM5
SIM1
SIM2
SIM3
SIM4
1
21
22
SIM5
SIM1
SIM2
SIM3
SIM4
1
21
22
SIM5
SIM1
SIM2
SIM3
SIM4
1
21
22
SIM5
SIM1
SIM2
SIM3
SIM4
1
21
22
SIM5
SIM1
SIM2
SIM3
SIM4
1
21
22
SIM5
SIM1
SIM2
SIM3
SIM4
1
21
22
SIM5
SIM1
SIM2
SIM3
SIM4
1
21
22
SIM5
SIM1
SIM2
SIM3
SIM4
1
21
22
SIM5
SIM1
SIM2
SIM3
SIM4
1
21
22
SIM5
SIM1
SIM2
SIM3
SIM4
1
21
22
SIM5
SIM1
SIM2
SIM3
SIM4
1
21
22
SIM5
SIM1
SIM2
SIM3
SIM4
1
21
22
SIM5
SIM1
SIM2
SIM3
SIM4
1
21
22
SIM5
SIM1
SIM2
SIM3
SIM4
1
21
22
SIM5
SIM1
SIM2
SIM3
SIM4
1
21
22
SIM5
SIM1
SIM2
SIM3
SIM4
1
21
22
SIM5
SIM1
SIM2
SIM3
SIM4
1
21
22
SIM5
SIM1
SIM2
SIM3
SIM4
1
21
22
SIM5
SIM1
SIM2
SIM3
SIM4
1
21
22
SIM5
SIM1
SIM2
SIM3
SIM4
1
21
22
SIM5
SIM1
SIM2
SIM3
SIM4
1
21
22
SIM5
SIM1
SIM2
SIM3
SIM4
1
21
22
SIM5
SIM1
SIM2
SIM3
SIM4
1
21
22
SIM5
SIM1
SIM2
SIM3
SIM4
1
21
22
SIM5
SIM1
SIM2
SIM3
SIM4
1
21
22
SIM5
SIM1
SIM2
SIM3
SIM4
1
21
22
SIM5
SIM1
SIM2
SIM3
SIM4
1
21
22
SIM5
SIM1
SIM2
SIM3
SIM4
1
21
22
SIM5
SIM1
SIM2
SIM3
SIM4
1
21
22
SIM5
SIM1
SIM2
SIM3
SIM4
1
21
22
SIM5
SIM1
SIM2
SIM3
SIM4
1
21
22
SIM5
SIM1
SIM2
SIM3
SIM4
1
21
22
SIM5
SIM1
SIM2
SIM3
SIM4
1
21
22
SIM5
SIM1
SIM2
SIM3
SIM4
1
21
22
SIM5
SIM1
SIM2
SIM3
SIM4
1
21
22
SIM5
SIM1
SIM2
SIM3
SIM4
1
21
22
SIM5
SIM1
SIM2
SIM3
SIM4
1
21
22
SIM5
SIM1
SIM2
SIM3
SIM4
1
21
22
SIM5
SIM1
SIM2
SIM3
SIM4
1
21
22
SIM5
SIM1
SIM2
SIM3
SIM4
1
21
22
SIM5
SIM1
SIM2
SIM3
SIM4
1
21
22
SIM5
SIM1
SIM2
SIM3
SIM4
1
21
22
SIM5
SIM1
SIM2
SIM3
SIM4
1
21
22
SIM5
SIM1
SIM2
SIM3
SIM4
1
21
22
SIM5
SIM1
SIM2
SIM3
SIM4
1
21
22
SIM5
SIM1
SIM2
SIM3
SIM4
1
21
22
SIM5
SIM1
SIM2
SIM3
SIM4
1
21
22
SIM5
SIM1
SIM2
SIM3
SIM4
1
21
22
SIM5
SIM1
SIM2
SIM3
SIM4
1
21
22
SIM5
SIM1
SIM2
SIM3
SIM4
1
21
22
SIM5
SIM1
SIM2
SIM3
SIM4
1
21
22
SIM5
SIM1
SIM2
SIM3
SIM4
1
21
22
SIM5
SIM1
SIM2
SIM3
SIM4
1
21
22
SIM5
SIM1
SIM2
SIM3
SIM4
1
21
22
SIM5
SIM1
SIM2
SIM3
SIM4
1
21
22
SIM5
SIM1
SIM2
SIM3
SIM4
1
21
22
SIM5
SIM1
SIM2
SIM3
SIM4
1
21
22
SIM5
SIM1
SIM2
SIM3
SIM4
1
21
22
SIM5
SIM1
SIM2
SIM3
SIM4
1
21
22
SIM5
SIM1
SIM2
SIM3
SIM4
1
21
22
SIM5
SIM1
SIM2
SIM3
SIM4
1
21
22
SIM5
SIM1
SIM2
SIM3
SIM4
1
21
22
SIM5
SIM1
SIM2
SIM3
SIM4
1
21
22
SIM5
SIM1
SIM2
SIM3
SIM4
1
21
22
SIM5
SIM1
SIM2
SIM3
SIM4
1
21
22
SIM5
SIM1
SIM2
SIM3
SIM4
1
21
22
SIM5
SIM1
SIM2
SIM3
SIM4
1
21
22
SIM5
SIM1
SIM2
SIM3
SIM4
1
21
22
SIM5
SIM1
SIM2
SIM3
SIM4
1
21
22
SIM5
SIM1
SIM2
SIM3
SIM4
1
21
22
SIM5
SIM1
SIM2
SIM3
SIM4
1
21
22
SIM5
SIM1
SIM2
SIM3
SIM4
1
21
22
SIM5
SIM1
SIM2
SIM3
SIM4
1
21
22
SIM5
SIM1
SIM2
SIM3
SIM4
1
21
22
SIM5
SIM1
SIM2
SIM3
SIM4
1
21
22
SIM5
SIM1
SIM2
SIM3
SIM4
1
21
22
SIM5
SIM1
SIM2
SIM3
SIM4
1
21
22
SIM5
SIM1
SIM2
SIM3
SIM4
1
21
22
SIM5
SIM1
SIM2
SIM3
SIM4
1
21
22
SIM5
SIM1
SIM2
SIM3
SIM4
1
21
22
SIM5
SIM1
SIM2
SIM3
SIM4
1
21
22
SIM5
SIM1
SIM2
SIM3
SIM4
1
21
22
SIM5
SIM1
SIM2
SIM3
SIM4
1
21
22
SIM5
SIM1
SIM2
SIM3
SIM4
1
21
22
SIM5
SIM1
SIM2
SIM3
SIM4
1
21
22
SIM5
SIM1
SIM2
SIM3
SIM4
1
21
22
SIM5
SIM1
SIM2
SIM3
SIM4
1
21
22
SIM5
SIM1
SIM2
SIM3
SIM4
1
21
22
SIM5
SIM1
SIM2
SIM3
SIM4
1
21
22
SIM5
SIM1
SIM2
SIM3
SIM4
1
21
22
SIM5
SIM1
SIM2
SIM3
SIM4
1
21
22
SIM5
SIM1
SIM2
SIM3
SIM4
1
21
22
SIM5
SIM1
SIM2
SIM3
SIM4
1
21
22
SIM5
SIM1
SIM2
SIM3
SIM4
1
21
22
SIM5
SIM1
SIM2
SIM3
SIM4
1
21
22
SIM5
SIM1
SIM2
SIM3
SIM4
1
21
22
SIM5
SIM1
SIM2
SIM3
SIM4
1
21
22
SIM5
SIM1
SIM2
SIM3
SIM4
1
21
22
SIM5
SIM1
SIM2
SIM3
SIM4
1
21
22
SIM5
SIM1
SIM2
SIM3
SIM4
1
21
22
SIM5
SIM1
SIM2
SIM3
SIM4
1
21
22
SIM5
SIM1
SIM2
SIM3
SIM4
1
21
22
SIM5
SIM1
SIM2
SIM3
SIM4
1
21
22
SIM5
SIM1
SIM2
SIM3
SIM4
1
21
22
SIM5
SIM1
SIM2
SIM3
SIM4
1
21
22
SIM5
SIM1
SIM2
SIM3
SIM4
1
21
22
SIM5
SIM1
SIM2
SIM3
SIM4
1
21
22
SIM5
SIM1
SIM2
SIM3
SIM4
1
21
22
SIM5
SIM1
SIM2
SIM3
SIM4
1
21
22
SIM5
SIM1
SIM2
SIM3
SIM4
1
21
22
SIM5
SIM1
SIM2
SIM3
SIM4
1
21
22
SIM5
SIM1
SIM2
SIM3
SIM4
1
21
22
SIM5
SIM1
SIM2
SIM3
SIM4
1
21
22
SIM5
SIM1
SIM2
DEBUG 1 438
SIM1
SIM2
SIM3
SIM4
1
21
22
SIM5
SIM1
SIM2
SIM3
SIM4
1
21
22
SIM5
SIM1
SIM2
SIM3
SIM4
1
21
22
SIM5
SIM1
SIM2
SIM3
SIM4
1
21
22
SIM5
SIM1
SIM2
SIM3
SIM4
1
21
22
SIM5
SIM1
SIM2
SIM3
SIM4
1
21
22
SIM5
SIM1
SIM2
SIM3
SIM4
1
21
22
SIM5
SIM1
SIM2
SIM3
SIM4
1
21
22
SIM5
SIM1
SIM2
SIM3
SIM4
1
21
22
SIM5
SIM1
SIM2
SIM3
SIM4
1
21
22
SIM5
SIM1
SIM2
SIM3
SIM4
1
21
22
SIM5
SIM1
SIM2
SIM3
SIM4
1
21
22
SIM5
SIM1
SIM2
SIM3
SIM4
1
21
22
SIM5
SIM1
SIM2
SIM3
SIM4
1
21
22
SIM5
SIM1
SIM2
SIM3
SIM4
1
21
22
SIM5
SIM1
SIM2
SIM3
SIM4
1
21
22
SIM5
SIM1
SIM2
SIM3
SIM4
1
21
22
SIM5
SIM1
SIM2
SIM3
SIM4
1
21
22
SIM5
SIM1
SIM2
SIM3
SIM4
1
21
22
SIM5
SIM1
SIM2
SIM3
SIM4
1
21
22
SIM5
SIM1
SIM2
SIM3
SIM4
1
21
22
SIM5
SIM1
SIM2
SIM3
SIM4
1
21
22
SIM5
SIM1
SIM2
SIM3
SIM4
1
21
22
SIM5
SIM1
SIM2
SIM3
SIM4
1
21
22
SIM5
SIM1
SIM2
SIM3
SIM4
1
21
22
SIM5
SIM1
SIM2
SIM3
SIM4
1
21
22
SIM5
SIM1
SIM2
SIM3
SIM4
1
21
22
SIM5
SIM1
SIM2
SIM3
SIM4
1
21
22
SIM5
SIM1
SIM2
SIM3
SIM4
1
21
22
SIM5
SIM1
SIM2
SIM3
SIM4
1
21
22
SIM5
SIM1
SIM2
SIM3
SIM4
1
21
22
SIM5
SIM1
SIM2
SIM3
SIM4
1
21
22
SIM5
SIM1
SIM2
SIM3
SIM4
1
21
22
SIM5
SIM1
SIM2
SIM3
SIM4
1
21
22
SIM5
SIM1
SIM2
SIM3
SIM4
1
21
22
SIM5
SIM1
SIM2
SIM3
SIM4
1
21
22
SIM5
SIM1
SIM2
SIM3
SIM4
1
21
22
SIM5
SIM1
SIM2
SIM3
SIM4
1
21
22
SIM5
SIM1
SIM2
SIM3
SIM4
1
21
22
SIM5
SIM1
SIM2
SIM3
SIM4
1
21
22
SIM5
SIM1
SIM2
SIM3
SIM4
1
21
22
SIM5
SIM1
SIM2
SIM3
SIM4
1
21
22
SIM5
SIM1
SIM2
SIM3
SIM4
1
21
22
SIM5
SIM1
SIM2
SIM3
SIM4
1
21
22
SIM5
SIM1
SIM2
SIM3
SIM4
1
21
22
SIM5
SIM1
SIM2
SIM3
SIM4
1
21
22
SIM5
SIM1
SIM2
SIM3
SIM4
1
21
22
SIM5
SIM1
SIM2
SIM3
SIM4
1
21
22
SIM5
SIM1
SIM2
SIM3
SIM4
1
21
22
SIM5
SIM1
SIM2
SIM3
SIM4
1
21
22
SIM5
SIM1
SIM2
SIM3
SIM4
1
21
22
SIM5
SIM1
SIM2
SIM3
SIM4
1
21
22
SIM5
SIM1
SIM2
SIM3
SIM4
1
21
22
SIM5
SIM1
SIM2
SIM3
SIM4
1
21
22
SIM5
SIM1
SIM2
SIM3
SIM4
1
21
22
SIM5
SIM1
SIM2
SIM3
SIM4
1
21
22
SIM5
SIM1
SIM2
SIM3
SIM4
1
21
22
SIM5
SIM1
SIM2
SIM3
SIM4
1
21
22
SIM5
SIM1
SIM2
SIM3
SIM4
1
21
22
SIM5
SIM1
SIM2
SIM3
SIM4
1
21
22
SIM5
SIM1
SIM2
SIM3
SIM4
1
21
22
SIM5
SIM1
SIM2
SIM3
SIM4
1
21
22
SIM5
SIM1
SIM2
SIM3
SIM4
1
21
22
SIM5
SIM1
SIM2
SIM3
SIM4
1
21
22
SIM5
SIM1
SIM2
SIM3
SIM4
1
21
22
SIM5
SIM1
SIM2
SIM3
SIM4
1
21
22
SIM5
SIM1
SIM2
SIM3
SIM4
1
21
22
SIM5
SIM1
SIM2
SIM3
SIM4
1
21
22
SIM5
SIM1
SIM2
SIM3
SIM4
1
21
22
SIM5
SIM1
SIM2
SIM3
SIM4
1
21
22
SIM5
SIM1
SIM2
SIM3
SIM4
1
21
22
SIM5
SIM1
SIM2
SIM3
SIM4
1
21
22
SIM5
SIM1
SIM2
SIM3
SIM4
1
21
22
SIM5
SIM1
SIM2
SIM3
SIM4
1
21
22
SIM5
SIM1
SIM2
SIM3
SIM4
1
21
22
SIM5
SIM1
SIM2
SIM3
SIM4
1
21
22
SIM5
SIM1
SIM2
SIM3
SIM4
1
21
22
SIM5
SIM1
SIM2
SIM3
SIM4
1
21
22
SIM5
SIM1
SIM2
SIM3
SIM4
1
21
22
SIM5
SIM1
SIM2
SIM3
SIM4
1
21
22
SIM5
SIM1
SIM2
SIM3
SIM4
1
21
22
SIM5
SIM1
SIM2
SIM3
SIM4
1
21
22
SIM5
SIM1
SIM2
SIM3
SIM4
1
21
22
SIM5
SIM1
SIM2
SIM3
SIM4
1
21
22
SIM5
SIM1
SIM2
SIM3
SIM4
1
21
22
SIM5
SIM1
SIM2
SIM3
SIM4
1
21
22
SIM5
SIM1
SIM2
SIM3
SIM4
1
21
22
SIM5
SIM1
SIM2
SIM3
SIM4
1
21
22
SIM5
SIM1
SIM2
SIM3
SIM4
1
21
22
SIM5
SIM1
SIM2
SIM3
SIM4
1
21
22
SIM5
SIM1
SIM2
SIM3
SIM4
1
21
22
SIM5
SIM1
SIM2
SIM3
SIM4
1
21
22
SIM5
SIM1
SIM2
SIM3
SIM4
1
21
22
SIM5
SIM1
SIM2
SIM3
SIM4
1
21
22
SIM5
SIM1
SIM2
SIM3
SIM4
1
21
22
SIM5
SIM1
SIM2
SIM3
SIM4
1
21
22
SIM5
SIM1
SIM2
SIM3
SIM4
1
21
22
SIM5
SIM1
SIM2
SIM3
SIM4
1
21
22
SIM5
SIM1
SIM2
SIM3
SIM4
1
21
22
SIM5
SIM1
SIM2
SIM3
SIM4
1
21
22
SIM5
SIM1
SIM2
SIM3
SIM4
1
21
22
SIM5
SIM1
SIM2
SIM3
SIM4
1
21
22
SIM5
SIM1
SIM2
SIM3
SIM4
1
21
22
SIM5
SIM1
SIM2
SIM3
SIM4
1
21
22
SIM5
SIM1
SIM2
SIM3
SIM4
1
21
22
SIM5
SIM1
SIM2
SIM3
SIM4
1
21
22
SIM5
SIM1
SIM2
SIM3
SIM4
1
21
22
SIM5
SIM1
SIM2
SIM3
SIM4
1
21
22
SIM5
SIM1
SIM2
SIM3
SIM4
1
21
22
SIM5
SIM1
SIM2
SIM3
SIM4
1
21
22
SIM5
SIM1
SIM2
SIM3
SIM4
1
21
22
SIM5
SIM1
SIM2
SIM3
SIM4
1
21
22
SIM5
SIM1
SIM2
SIM3
SIM4
1
21
22
SIM5
SIM1
SIM2
SIM3
SIM4
1
21
22
SIM5
SIM1
SIM2
SIM3
SIM4
1
21
22
SIM5
SIM1
SIM2
SIM3
SIM4
1
21
22
SIM5
SIM1
SIM2
SIM3
SIM4
1
21
22
SIM5
SIM1
SIM2
SIM3
SIM4
1
21
22
SIM5
SIM1
SIM2
SIM3
SIM4
1
21
22
SIM5
SIM1
SIM2
SIM3
SIM4
1
21
22
SIM5
SIM1
SIM2
SIM3
SIM4
1
21
22
SIM5
SIM1
SIM2
SIM3
SIM4
1
21
22
SIM5
SIM1
SIM2
SIM3
SIM4
1
21
22
SIM5
SIM1
SIM2
SIM3
SIM4
1
21
22
SIM5
SIM1
SIM2
SIM3
SIM4
1
21
22
SIM5
SIM1
SIM2
SIM3
SIM4
1
21
22
SIM5
SIM1
SIM2
SIM3
SIM4
1
21
22
SIM5
SIM1
SIM2
SIM3
SIM4
1
21
22
SIM5
SIM1
SIM2
SIM3
SIM4
1
21
22
SIM5
SIM1
SIM2
SIM3
SIM4
1
21
22
SIM5
SIM1
SIM2
SIM3
SIM4
1
21
22
SIM5
SIM1
SIM2
SIM3
SIM4
1
21
22
SIM5
SIM1
SIM2
SIM3
SIM4
1
21
22
SIM5
SIM1
SIM2
SIM3
SIM4
1
21
22
SIM5
SIM1
SIM2
SIM3
SIM4
1
21
22
SIM5
SIM1
SIM2
SIM3
SIM4
1
21
22
SIM5
SIM1
SIM2
SIM3
SIM4
1
21
22
SIM5
SIM1
SIM2
SIM3
SIM4
1
21
22
SIM5
SIM1
SIM2
SIM3
SIM4
1
21
22
SIM5
SIM1
SIM2
SIM3
SIM4
1
21
22
SIM5
SIM1
SIM2
SIM3
SIM4
1
21
22
SIM5
SIM1
SIM2
SIM3
SIM4
1
21
22
SIM5
SIM1
SIM2
SIM3
SIM4
1
21
22
SIM5
SIM1
SIM2
SIM3
SIM4
1
21
22
SIM5
SIM1
SIM2
SIM3
SIM4
1
21
22
SIM5
SIM1
SIM2
SIM3
SIM4
1
21
22
SIM5
SIM1
SIM2
SIM3
SIM4
1
21
22
SIM5
SIM1
SIM2
SIM3
SIM4
1
21
22
SIM5
SIM1
SIM2
SIM3
SIM4
1
21
22
SIM5
SIM1
SIM2
SIM3
SIM4
1
21
22
SIM5
SIM1
SIM2
SIM3
SIM4
1
21
22
SIM5
SIM1
SIM2
SIM3
SIM4
1
21
22
SIM5
SIM1
SIM2
SIM3
SIM4
1
21
22
SIM5
SIM1
SIM2
SIM3
SIM4
1
21
22
SIM5
SIM1
SIM2
SIM3
SIM4
1
21
22
SIM5
SIM1
SIM2
SIM3
SIM4
1
21
22
SIM5
SIM1
SIM2
SIM3
SIM4
1
21
22
SIM5
SIM1
SIM2
SIM3
SIM4
1
21
22
SIM5
SIM1
SIM2
SIM3
SIM4
1
21
22
SIM5
SIM1
SIM2
SIM3
SIM4
1
21
22
SIM5
SIM1
SIM2
SIM3
SIM4
1
21
22
SIM5
SIM1
SIM2
DEBUG 1 439
SIM1
SIM2
SIM3
SIM4
1
21
22
SIM5
SIM1
SIM2
SIM3
SIM4
1
21
22
SIM5
SIM1
SIM2
SIM3
SIM4
1
21
22
SIM5
SIM1
SIM2
SIM3
SIM4
1
21
22
SIM5
SIM1
SIM2
SIM3
SIM4
1
21
22
SIM5
SIM1
SIM2
SIM3
SIM4
1
21
22
SIM5
SIM1
SIM2
SIM3
SIM4
1
21
22
SIM5
SIM1
SIM2
SIM3
SIM4
1
21
22
SIM5
SIM1
SIM2
SIM3
SIM4
1
21
22
SIM5
SIM1
SIM2
SIM3
SIM4
1
21
22
SIM5
SIM1
SIM2
SIM3
SIM4
1
21
22
SIM5
SIM1
SIM2
SIM3
SIM4
1
21
22
SIM5
SIM1
SIM2
SIM3
SIM4
1
21
22
SIM5
SIM1
SIM2
SIM3
SIM4
1
21
22
SIM5
SIM1
SIM2
SIM3
SIM4
1
21
22
SIM5
SIM1
SIM2
SIM3
SIM4
1
21
22
SIM5
SIM1
SIM2
SIM3
SIM4
1
21
22
SIM5
SIM1
SIM2
SIM3
SIM4
1
21
22
SIM5
SIM1
SIM2
SIM3
SIM4
1
21
22
SIM5
SIM1
SIM2
SIM3
SIM4
1
21
22
SIM5
SIM1
SIM2
SIM3
SIM4
1
21
22
SIM5
SIM1
SIM2
SIM3
SIM4
1
21
22
SIM5
SIM1
SIM2
SIM3
SIM4
1
21
22
SIM5
SIM1
SIM2
SIM3
SIM4
1
21
22
SIM5
SIM1
SIM2
SIM3
SIM4
1
21
22
SIM5
SIM1
SIM2
SIM3
SIM4
1
21
22
SIM5
SIM1
SIM2
SIM3
SIM4
1
21
22
SIM5
SIM1
SIM2
SIM3
SIM4
1
21
22
SIM5
SIM1
SIM2
SIM3
SIM4
1
21
22
SIM5
SIM1
SIM2
SIM3
SIM4
1
21
22
SIM5
SIM1
SIM2
SIM3
SIM4
1
21
22
SIM5
SIM1
SIM2
SIM3
SIM4
1
21
22
SIM5
SIM1
SIM2
SIM3
SIM4
1
21
22
SIM5
SIM1
SIM2
SIM3
SIM4
1
21
22
SIM5
SIM1
SIM2
SIM3
SIM4
1
21
22
SIM5
SIM1
SIM2
SIM3
SIM4
1
21
22
SIM5
SIM1
SIM2
SIM3
SIM4
1
21
22
SIM5
SIM1
SIM2
SIM3
SIM4
1
21
22
SIM5
SIM1
SIM2
SIM3
SIM4
1
21
22
SIM5
SIM1
SIM2
SIM3
SIM4
1
21
22
SIM5
SIM1
SIM2
SIM3
SIM4
1
21
22
SIM5
SIM1
SIM2
SIM3
SIM4
1
21
22
SIM5
SIM1
SIM2
SIM3
SIM4
1
21
22
SIM5
SIM1
SIM2
SIM3
SIM4
1
21
22
SIM5
SIM1
SIM2
SIM3
SIM4
1
21
22
SIM5
SIM1
SIM2
SIM3
SIM4
1
21
22
SIM5
SIM1
SIM2
SIM3
SIM4
1
21
22
SIM5
SIM1
SIM2
SIM3
SIM4
1
21
22
SIM5
SIM1
SIM2
SIM3
SIM4
1
21
22
SIM5
SIM1
SIM2
SIM3
SIM4
1
21
22
SIM5
SIM1
SIM2
SIM3
SIM4
1
21
22
SIM5
SIM1
SIM2
SIM3
SIM4
1
21
22
SIM5
SIM1
SIM2
SIM3
SIM4
1
21
22
SIM5
SIM1
SIM2
SIM3
SIM4
1
21
22
SIM5
SIM1
SIM2
SIM3
SIM4
1
21
22
SIM5
SIM1
SIM2
SIM3
SIM4
1
21
22
SIM5
SIM1
SIM2
SIM3
SIM4
1
21
22
SIM5
SIM1
SIM2
SIM3
SIM4
1
21
22
SIM5
SIM1
SIM2
SIM3
SIM4
1
21
22
SIM5
SIM1
SIM2
SIM3
SIM4
1
21
22
SIM5
SIM1
SIM2
SIM3
SIM4
1
21
22
SIM5
SIM1
SIM2
SIM3
SIM4
1
21
22
SIM5
SIM1
SIM2
SIM3
SIM4
1
21
22
SIM5
SIM1
SIM2
SIM3
SIM4
1
21
22
SIM5
SIM1
SIM2
SIM3
SIM4
1
21
22
SIM5
SIM1
SIM2
SIM3
SIM4
1
21
22
SIM5
SIM1
SIM2
SIM3
SIM4
1
21
22
SIM5
SIM1
SIM2
SIM3
SIM4
1
21
22
SIM5
SIM1
SIM2
SIM3
SIM4
1
21
22
SIM5
SIM1
SIM2
SIM3
SIM4
1
21
22
SIM5
SIM1
SIM2
SIM3
SIM4
1
21
22
SIM5
SIM1
SIM2
SIM3
SIM4
1
21
22
SIM5
SIM1
SIM2
SIM3
SIM4
1
21
22
SIM5
SIM1
SIM2
SIM3
SIM4
1
21
22
SIM5
SIM1
SIM2
SIM3
SIM4
1
21
22
SIM5
SIM1
SIM2
SIM3
SIM4
1
21
22
SIM5
SIM1
SIM2
SIM3
SIM4
1
21
22
SIM5
SIM1
SIM2
SIM3
SIM4
1
21
22
SIM5
SIM1
SIM2
SIM3
SIM4
1
21
22
SIM5
SIM1
SIM2
SIM3
SIM4
1
21
22
SIM5
SIM1
SIM2
SIM3
SIM4
1
21
22
SIM5
SIM1
SIM2
SIM3
SIM4
1
21
22
SIM5
SIM1
SIM2
SIM3
SIM4
1
21
22
SIM5
SIM1
SIM2
SIM3
SIM4
1
21
22
SIM5
SIM1
SIM2
SIM3
SIM4
1
21
22
SIM5
SIM1
SIM2
SIM3
SIM4
1
21
22
SIM5
SIM1
SIM2
SIM3
SIM4
1
21
22
SIM5
SIM1
SIM2
SIM3
SIM4
1
21
22
SIM5
SIM1
SIM2
SIM3
SIM4
1
21
22
SIM5
SIM1
SIM2
SIM3
SIM4
1
21
22
SIM5
SIM1
SIM2
SIM3
SIM4
1
21
22
SIM5
SIM1
SIM2
SIM3
SIM4
1
21
22
SIM5
SIM1
SIM2
SIM3
SIM4
1
21
22
SIM5
SIM1
SIM2
SIM3
SIM4
1
21
22
SIM5
SIM1
SIM2
SIM3
SIM4
1
21
22
SIM5
SIM1
SIM2
SIM3
SIM4
1
21
22
SIM5
SIM1
SIM2
SIM3
SIM4
1
21
22
SIM5
SIM1
SIM2
SIM3
SIM4
1
21
22
SIM5
SIM1
SIM2
SIM3
SIM4
1
21
22
SIM5
SIM1
SIM2
SIM3
SIM4
1
21
22
SIM5
SIM1
SIM2
SIM3
SIM4
1
21
22
SIM5
SIM1
SIM2
SIM3
SIM4
1
21
22
SIM5
SIM1
SIM2
SIM3
SIM4
1
21
22
SIM5
SIM1
SIM2
SIM3
SIM4
1
21
22
SIM5
SIM1
SIM2
SIM3
SIM4
1
21
22
SIM5
SIM1
SIM2
SIM3
SIM4
1
21
22
SIM5
SIM1
SIM2
SIM3
SIM4
1
21
22
SIM5
SIM1
SIM2
SIM3
SIM4
1
21
22
SIM5
SIM1
SIM2
SIM3
SIM4
1
21
22
SIM5
SIM1
SIM2
SIM3
SIM4
1
21
22
SIM5
SIM1
SIM2
SIM3
SIM4
1
21
22
SIM5
SIM1
SIM2
SIM3
SIM4
1
21
22
SIM5
SIM1
SIM2
SIM3
SIM4
1
21
22
SIM5
SIM1
SIM2
SIM3
SIM4
1
21
22
SIM5
SIM1
SIM2
SIM3
SIM4
1
21
22
SIM5
SIM1
SIM2
SIM3
SIM4
1
21
22
SIM5
SIM1
SIM2
SIM3
SIM4
1
21
22
SIM5
SIM1
SIM2
SIM3
SIM4
1
21
22
SIM5
SIM1
SIM2
SIM3
SIM4
1
21
22
SIM5
SIM1
SIM2
SIM3
SIM4
1
21
22
SIM5
SIM1
SIM2
SIM3
SIM4
1
21
22
SIM5
SIM1
SIM2
SIM3
SIM4
1
21
22
SIM5
SIM1
SIM2
SIM3
SIM4
1
21
22
SIM5
SIM1
SIM2
SIM3
SIM4
1
21
22
SIM5
SIM1
SIM2
SIM3
SIM4
1
21
22
SIM5
SIM1
SIM2
SIM3
SIM4
1
21
22
SIM5
SIM1
SIM2
SIM3
SIM4
1
21
22
SIM5
SIM1
SIM2
SIM3
SIM4
1
21
22
SIM5
SIM1
SIM2
SIM3
SIM4
1
21
22
SIM5
SIM1
SIM2
SIM3
SIM4
1
21
22
SIM5
SIM1
SIM2
SIM3
SIM4
1
21
22
SIM5
SIM1
SIM2
SIM3
SIM4
1
21
22
SIM5
SIM1
SIM2
DEBUG 1 440
SIM1
SIM2
SIM3
SIM4
1
21
22
SIM5
SIM1
SIM2
SIM3
SIM4
1
21
22
SIM5
SIM1
SIM2
SIM3
SIM4
1
21
22
SIM5
SIM1
SIM2
SIM3
SIM4
1
21
22
SIM5
SIM1
SIM2
SIM3
SIM4
1
21
22
SIM5
SIM1
SIM2
SIM3
SIM4
1
21
22
SIM5
SIM1
SIM2
SIM3
SIM4
1
21
22
SIM5
SIM1
SIM2
SIM3
SIM4
1
21
22
SIM5
SIM1
SIM2
SIM3
SIM4
1
21
22
SIM5
SIM1
SIM2
SIM3
SIM4
1
21
22
SIM5
SIM1
SIM2
SIM3
SIM4
1
21
22
SIM5
SIM1
SIM2
SIM3
SIM4
1
21
22
SIM5
SIM1
SIM2
SIM3
SIM4
1
21
22
SIM5
SIM1
SIM2
SIM3
SIM4
1
21
22
SIM5
SIM1
SIM2
SIM3
SIM4
1
21
22
SIM5
SIM1
SIM2
SIM3
SIM4
1
21
22
SIM5
SIM1
SIM2
SIM3
SIM4
1
21
22
SIM5
SIM1
SIM2
SIM3
SIM4
1
21
22
SIM5
SIM1
SIM2
SIM3
SIM4
1
21
22
SIM5
SIM1
SIM2
SIM3
SIM4
1
21
22
SIM5
SIM1
SIM2
SIM3
SIM4
1
21
22
SIM5
SIM1
SIM2
SIM3
SIM4
1
21
22
SIM5
SIM1
SIM2
SIM3
SIM4
1
21
22
SIM5
SIM1
SIM2
SIM3
SIM4
1
21
22
SIM5
SIM1
SIM2
SIM3
SIM4
1
21
22
SIM5
SIM1
SIM2
SIM3
SIM4
1
21
22
SIM5
SIM1
SIM2
SIM3
SIM4
1
21
22
SIM5
SIM1
SIM2
SIM3
SIM4
1
21
22
SIM5
SIM1
SIM2
SIM3
SIM4
1
21
22
SIM5
SIM1
SIM2
SIM3
SIM4
1
21
22
SIM5
SIM1
SIM2
SIM3
SIM4
1
21
22
SIM5
SIM1
SIM2
SIM3
SIM4
1
21
22
SIM5
SIM1
SIM2
SIM3
SIM4
1
21
22
SIM5
SIM1
SIM2
SIM3
SIM4
1
21
22
SIM5
SIM1
SIM2
SIM3
SIM4
1
21
22
SIM5
SIM1
SIM2
SIM3
SIM4
1
21
22
SIM5
SIM1
SIM2
SIM3
SIM4
1
21
22
SIM5
SIM1
SIM2
SIM3
SIM4
1
21
22
SIM5
SIM1
SIM2
SIM3
SIM4
1
21
22
SIM5
SIM1
SIM2
SIM3
SIM4
1
21
22
SIM5
SIM1
SIM2
SIM3
SIM4
1
21
22
SIM5
SIM1
SIM2
SIM3
SIM4
1
21
22
SIM5
SIM1
SIM2
SIM3
SIM4
1
21
22
SIM5
SIM1
SIM2
SIM3
SIM4
1
21
22
SIM5
SIM1
SIM2
SIM3
SIM4
1
21
22
SIM5
SIM1
SIM2
SIM3
SIM4
1
21
22
SIM5
SIM1
SIM2
SIM3
SIM4
1
21
22
SIM5
SIM1
SIM2
SIM3
SIM4
1
21
22
SIM5
SIM1
SIM2
SIM3
SIM4
1
21
22
SIM5
SIM1
SIM2
SIM3
SIM4
1
21
22
SIM5
SIM1
SIM2
SIM3
SIM4
1
21
22
SIM5
SIM1
SIM2
SIM3
SIM4
1
21
22
SIM5
SIM1
SIM2
SIM3
SIM4
1
21
22
SIM5
SIM1
SIM2
SIM3
SIM4
1
21
22
SIM5
SIM1
SIM2
SIM3
SIM4
1
21
22
SIM5
SIM1
SIM2
SIM3
SIM4
1
21
22
SIM5
SIM1
SIM2
SIM3
SIM4
1
21
22
SIM5
SIM1
SIM2
SIM3
SIM4
1
21
22
SIM5
SIM1
SIM2
SIM3
SIM4
1
21
22
SIM5
SIM1
SIM2
SIM3
SIM4
1
21
22
SIM5
SIM1
SIM2
SIM3
SIM4
1
21
22
SIM5
SIM1
SIM2
SIM3
SIM4
1
21
22
SIM5
SIM1
SIM2
SIM3
SIM4
1
21
22
SIM5
SIM1
SIM2
SIM3
SIM4
1
21
22
SIM5
SIM1
SIM2
SIM3
SIM4
1
21
22
SIM5
SIM1
SIM2
SIM3
SIM4
1
21
22
SIM5
SIM1
SIM2
SIM3
SIM4
1
21
22
SIM5
SIM1
SIM2
SIM3
SIM4
1
21
22
SIM5
SIM1
SIM2
SIM3
SIM4
1
21
22
SIM5
SIM1
SIM2
SIM3
SIM4
1
21
22
SIM5
SIM1
SIM2
SIM3
SIM4
1
21
22
SIM5
SIM1
SIM2
SIM3
SIM4
1
21
22
SIM5
SIM1
SIM2
SIM3
SIM4
1
21
22
SIM5
SIM1
SIM2
SIM3
SIM4
1
21
22
SIM5
SIM1
SIM2
SIM3
SIM4
1
21
22
SIM5
SIM1
SIM2
SIM3
SIM4
1
21
22
SIM5
SIM1
SIM2
SIM3
SIM4
1
21
22
SIM5
SIM1
SIM2
SIM3
SIM4
1
21
22
SIM5
SIM1
SIM2
SIM3
SIM4
1
21
22
SIM5
SIM1
SIM2
SIM3
SIM4
1
21
22
SIM5
SIM1
SIM2
SIM3
SIM4
1
21
22
SIM5
SIM1
SIM2
SIM3
SIM4
1
21
22
SIM5
SIM1
SIM2
SIM3
SIM4
1
21
22
SIM5
SIM1
SIM2
SIM3
SIM4
1
21
22
SIM5
SIM1
SIM2
SIM3
SIM4
1
21
22
SIM5
SIM1
SIM2
SIM3
SIM4
1
21
22
SIM5
SIM1
SIM2
SIM3
SIM4
1
21
22
SIM5
SIM1
SIM2
SIM3
SIM4
1
21
22
SIM5
SIM1
SIM2
SIM3
SIM4
1
21
22
SIM5
SIM1
SIM2
SIM3
SIM4
1
21
22
SIM5
SIM1
SIM2
SIM3
SIM4
1
21
22
SIM5
SIM1
SIM2
SIM3
SIM4
1
21
22
SIM5
SIM1
SIM2
SIM3
SIM4
1
21
22
SIM5
SIM1
SIM2
SIM3
SIM4
1
21
22
SIM5
SIM1
SIM2
SIM3
SIM4
1
21
22
SIM5
SIM1
SIM2
SIM3
SIM4
1
21
22
SIM5
SIM1
SIM2
SIM3
SIM4
1
21
22
SIM5
SIM1
SIM2
SIM3
SIM4
1
21
22
SIM5
SIM1
SIM2
SIM3
SIM4
1
21
22
SIM5
SIM1
SIM2
SIM3
SIM4
1
21
22
SIM5
SIM1
SIM2
SIM3
SIM4
1
21
22
SIM5
SIM1
SIM2
SIM3
SIM4
1
21
22
SIM5
SIM1
SIM2
SIM3
SIM4
1
21
22
SIM5
SIM1
SIM2
SIM3
SIM4
1
21
22
SIM5
SIM1
SIM2
SIM3
SIM4
1
21
22
SIM5
SIM1
SIM2
SIM3
SIM4
1
21
22
SIM5
SIM1
SIM2
SIM3
SIM4
1
21
22
SIM5
SIM1
SIM2
SIM3
SIM4
1
21
22
SIM5
SIM1
SIM2
SIM3
SIM4
1
21
22
SIM5
SIM1
SIM2
SIM3
SIM4
1
21
22
SIM5
SIM1
SIM2
SIM3
SIM4
1
21
22
SIM5
SIM1
SIM2
SIM3
SIM4
1
21
22
SIM5
SIM1
SIM2
SIM3
SIM4
1
21
22
SIM5
SIM1
SIM2
SIM3
SIM4
1
21
22
SIM5
SIM1
SIM2
SIM3
SIM4
1
21
22
SIM5
SIM1
SIM2
SIM3
SIM4
1
21
22
SIM5
SIM1
SIM2
SIM3
SIM4
1
21
22
SIM5
SIM1
SIM2
SIM3
SIM4
1
21
22
SIM5
SIM1
SIM2
SIM3
SIM4
1
21
22
SIM5
SIM1
SIM2
SIM3
SIM4
1
21
22
SIM5
SIM1
SIM2
SIM3
SIM4
1
21
22
SIM5
SIM1
SIM2
SIM3
SIM4
1
21
22
SIM5
SIM1
SIM2
SIM3
SIM4
1
21
22
SIM5
SIM1
SIM2
SIM3
SIM4
1
21
22
SIM5
SIM1
SIM2
SIM3
SIM4
1
21
22
SIM5
SIM1
SIM2
SIM3
SIM4
1
21
22
SIM5
SIM1
SIM2
SIM3
SIM4
1
21
22
SIM5
SIM1
SIM2
SIM3
SIM4
1
21
22
SIM5
SIM1
SIM2
SIM3
SIM4
1
21
22
SIM5
SIM1
SIM2
SIM3
SIM4
1
21
22
SIM5
SIM1
SIM2
SIM3
SIM4
1
21
22
SIM5
SIM1
SIM2
SIM3
SIM4
1
21
22
SIM5
SIM1
SIM2
SIM3
SIM4
1
21
22
SIM5
SIM1
SIM2
SIM3
SIM4
1
21
22
SIM5
SIM1
SIM2
SIM3
SIM4
1
21
22
SIM5
SIM1
SIM2
SIM3
SIM4
1
21
22
SIM5
SIM1
SIM2
SIM3
SIM4
1
21
22
SIM5
SIM1
SIM2
SIM3
SIM4
1
21
22
SIM5
SIM1
SIM2
SIM3
SIM4
1
21
22
SIM5
SIM1
SIM2
SIM3
SIM4
1
21
22
SIM5
SIM1
SIM2
SIM3
SIM4
1
21
22
SIM5
SIM1
SIM2
SIM3
SIM4
1
21
22
SIM5
SIM1
SIM2
SIM3
SIM4
1
21
22
SIM5
SIM1
SIM2
SIM3
SIM4
1
21
22
SIM5
SIM1
SIM2
SIM3
SIM4
1
21
22
SIM5
SIM1
SIM2
SIM3
SIM4
1
21
22
SIM5
SIM1
SIM2
SIM3
SIM4
1
21
22
SIM5
SIM1
SIM2
SIM3
SIM4
1
21
22
SIM5
SIM1
SIM2
SIM3
SIM4
1
21
22
SIM5
SIM1
SIM2
SIM3
SIM4
1
21
22
SIM5
SIM1
SIM2
SIM3
SIM4
1
21
22
SIM5
SIM1
SIM2
SIM3
SIM4
1
21
22
SIM5
SIM1
SIM2
SIM3
SIM4
1
21
22
SIM5
SIM1
SIM2
SIM3
SIM4
1
21
22
SIM5
SIM1
SIM2
SIM3
SIM4
1
21
22
SIM5
SIM1
SIM2
SIM3
SIM4
1
21
22
SIM5
SIM1
SIM2
SIM3
SIM4
1
21
22
SIM5
SIM1
SIM2
SIM3
SIM4
1
21
22
SIM5
SIM1
SIM2
SIM3
SIM4
1
21
22
SIM5
SIM1
SIM2
SIM3
SIM4
1
21
22
SIM5
SIM1
SIM2
SIM3
SIM4
1
21
22
SIM5
SIM1
SIM2
SIM3
SIM4
1
21
22
SIM5
SIM1
SIM2
SIM3
SIM4
1
21
22
SIM5
SIM1
SIM2
SIM3
SIM4
1
21
22
SIM5
SIM1
SIM2
SIM3
SIM4
1
21
22
SIM5
SIM1
SIM2
SIM3
SIM4
1
21
22
SIM5
SIM1
SIM2
SIM3
SIM4
1
21
22
SIM5
SIM1
SIM2
SIM3
SIM4
1
21
22
SIM5
SIM1
SIM2
SIM3
SIM4
1
21
22
SIM5
SIM1
SIM2
SIM3
SIM4
1
21
22
SIM5
SIM1
SIM2
SIM3
SIM4
1
21
22
SIM5
SIM1
SIM2
SIM3
SIM4
1
21
22
SIM5
SIM1
SIM2
SIM3
SIM4
1
21
22
SIM5
SIM1
SIM2
SIM3
SIM4
1
21
22
SIM5
SIM1
SIM2
SIM3
SIM4
1
21
22
SIM5
SIM1
SIM2
SIM3
SIM4
1
21
22
SIM5
SIM1
SIM2
SIM3
SIM4
1
21
22
SIM5
SIM1
SIM2
SIM3
SIM4
1
21
22
SIM5
SIM1
SIM2
SIM3
SIM4
1
21
22
SIM5
SIM1
SIM2
SIM3
SIM4
1
21
22
SIM5
SIM1
SIM2
SIM3
SIM4
1
21
22
SIM5
SIM1
SIM2
SIM3
SIM4
1
21
22
SIM5
SIM1
SIM2
SIM3
SIM4
1
21
22
SIM5
SIM1
SIM2
SIM3
SIM4
1
21
22
SIM5
SIM1
SIM2
SIM3
SIM4
1
21
22
SIM5
SIM1
SIM2
SIM3
SIM4
1
21
22
SIM5
SIM1
SIM2
SIM3
SIM4
1
21
22
SIM5
SIM1
SIM2
SIM3
SIM4
1
21
22
SIM5
SIM1
SIM2
SIM3
SIM4
1
21
22
SIM5
SIM1
SIM2
SIM3
SIM4
1
21
22
SIM5
SIM1
SIM2
SIM3
SIM4
1
21
22
SIM5
SIM1
SIM2
SIM3
SIM4
1
21
22
SIM5
SIM1
SIM2
SIM3
SIM4
1
21
22
SIM5
SIM1
SIM2
SIM3
SIM4
1
21
22
SIM5
SIM1
SIM2
SIM3
SIM4
1
21
22
SIM5
SIM1
SIM2
SIM3
SIM4
1
21
22
SIM5
SIM1
SIM2
SIM3
SIM4
1
21
22
SIM5
SIM1
SIM2
SIM3
SIM4
1
21
22
SIM5
SIM1
SIM2
SIM3
SIM4
1
21
22
SIM5
SIM1
SIM2
SIM3
SIM4
1
21
22
SIM5
SIM1
SIM2
SIM3
SIM4
1
21
22
SIM5
SIM1
SIM2
SIM3
SIM4
1
21
22
SIM5
SIM1
SIM2
SIM3
SIM4
1
21
22
SIM5
SIM1
SIM2
SIM3
SIM4
1
21
22
SIM5
SIM1
SIM2
SIM3
SIM4
1
21
22
SIM5
SIM1
SIM2
SIM3
SIM4
1
21
22
SIM5
SIM1
SIM2
SIM3
SIM4
1
21
22
SIM5
SIM1
SIM2
SIM3
SIM4
1
21
22
SIM5
SIM1
SIM2
SIM3
SIM4
1
21
22
SIM5
SIM1
SIM2
SIM3
SIM4
1
21
22
SIM5
SIM1
SIM2
SIM3
SIM4
1
21
22
SIM5
SIM1
SIM2
SIM3
SIM4
1
21
22
SIM5
SIM1
SIM2
SIM3
SIM4
1
21
22
SIM5
SIM1
SIM2
SIM3
SIM4
1
21
22
SIM5
SIM1
SIM2
SIM3
SIM4
1
21
22
SIM5
SIM1
SIM2
SIM3
SIM4
1
21
22
SIM5
SIM1
SIM2
SIM3
SIM4
1
21
22
SIM5
SIM1
SIM2
SIM3
SIM4
1
21
22
SIM5
SIM1
SIM2
SIM3
SIM4
1
21
22
SIM5
SIM1
SIM2
SIM3
SIM4
1
21
22
SIM5
SIM1
SIM2
SIM3
SIM4
1
21
22
SIM5
SIM1
SIM2
SIM3
SIM4
1
21
22
SIM5
SIM1
SIM2
SIM3
SIM4
1
21
22
SIM5
SIM1
SIM2
SIM3
SIM4
1
21
22
SIM5
SIM1
SIM2
SIM3
SIM4
1
21
22
SIM5
SIM1
SIM2
SIM3
SIM4
1
21
22
SIM5
SIM1
SIM2
SIM3
SIM4
1
21
22
SIM5
SIM1
SIM2
SIM3
SIM4
1
21
22
SIM5
SIM1
SIM2
SIM3
SIM4
1
21
22
SIM5
SIM1
SIM2
SIM3
SIM4
1
21
22
SIM5
SIM1
SIM2
SIM3
SIM4
1
21
22
SIM5
SIM1
SIM2
SIM3
SIM4
1
21
22
SIM5
SIM1
SIM2
SIM3
SIM4
1
21
22
SIM5
SIM1
SIM2
SIM3
SIM4
1
21
22
SIM5
SIM1
SIM2
SIM3
SIM4
1
21
22
SIM5
SIM1
SIM2
SIM3
SIM4
1
21
22
SIM5
SIM1
SIM2
SIM3
SIM4
1
21
22
SIM5
SIM1
SIM2
SIM3
SIM4
1
21
22
SIM5
SIM1
SIM2
SIM3
SIM4
1
21
22
SIM5
SIM1
SIM2
SIM3
SIM4
1
21
22
SIM5
SIM1
SIM2
SIM3
SIM4
1
21
22
SIM5
SIM1
SIM2
SIM3
SIM4
1
21
22
SIM5
SIM1
SIM2
SIM3
SIM4
1
21
22
SIM5
SIM1
SIM2
SIM3
SIM4
1
21
22
SIM5
SIM1
SIM2
SIM3
SIM4
1
21
22
SIM5
SIM1
SIM2
SIM3
SIM4
1
21
22
SIM5
SIM1
SIM2
SIM3
SIM4
1
21
22
SIM5
SIM1
SIM2
SIM3
SIM4
1
21
22
SIM5
SIM1
SIM2
SIM3
SIM4
1
21
22
SIM5
SIM1
SIM2
SIM3
SIM4
1
21
22
SIM5
SIM1
SIM2
SIM3
SIM4
1
21
22
SIM5
SIM1
SIM2
SIM3
SIM4
1
21
22
SIM5
SIM1
SIM2
SIM3
SIM4
1
21
22
SIM5
SIM1
SIM2
SIM3
SIM4
1
21
22
SIM5
SIM1
SIM2
SIM3
SIM4
1
21
22
SIM5
SIM1
SIM2
SIM3
SIM4
1
21
22
SIM5
SIM1
SIM2
SIM3
SIM4
1
21
22
SIM5
SIM1
SIM2
SIM3
SIM4
1
21
22
SIM5
SIM1
SIM2
SIM3
SIM4
1
21
22
SIM5
SIM1
SIM2
SIM3
SIM4
1
21
22
SIM5
SIM1
SIM2
SIM3
SIM4
1
21
22
SIM5
SIM1
SIM2
SIM3
SIM4
1
21
22
SIM5
SIM1
SIM2
SIM3
SIM4
1
21
22
SIM5
SIM1
SIM2
SIM3
SIM4
1
21
22
SIM5
SIM1
SIM2
SIM3
SIM4
1
21
22
SIM5
SIM1
SIM2
SIM3
SIM4
1
21
22
SIM5
SIM1
SIM2
SIM3
SIM4
1
21
22
SIM5
SIM1
SIM2
SIM3
SIM4
1
21
22
SIM5
SIM1
SIM2
SIM3
SIM4
1
21
22
SIM5
SIM1
SIM2
SIM3
SIM4
1
21
22
SIM5
SIM1
SIM2
SIM3
SIM4
1
21
22
SIM5
SIM1
SIM2
SIM3
SIM4
1
21
22
SIM5
SIM1
SIM2
SIM3
SIM4
1
21
22
SIM5
SIM1
SIM2
SIM3
SIM4
1
21
22
SIM5
SIM1
SIM2
SIM3
SIM4
1
21
22
SIM5
SIM1
SIM2
SIM3
SIM4
1
21
22
SIM5
SIM1
SIM2
SIM3
SIM4
1
21
22
SIM5
SIM1
SIM2
SIM3
SIM4
1
21
22
SIM5
SIM1
SIM2
DEBUG 1 441
SIM1
SIM2
SIM3
SIM4
1
21
22
SIM5
SIM1
SIM2
SIM3
SIM4
1
21
22
SIM5
SIM1
SIM2
SIM3
SIM4
1
21
22
SIM5
SIM1
SIM2
SIM3
SIM4
1
21
22
SIM5
SIM1
SIM2
SIM3
SIM4
1
21
22
SIM5
SIM1
SIM2
SIM3
SIM4
1
21
22
SIM5
SIM1
SIM2
SIM3
SIM4
1
21
22
SIM5
SIM1
SIM2
SIM3
SIM4
1
21
22
SIM5
SIM1
SIM2
SIM3
SIM4
1
21
22
SIM5
SIM1
SIM2
SIM3
SIM4
1
21
22
SIM5
SIM1
SIM2
SIM3
SIM4
1
21
22
SIM5
SIM1
SIM2
SIM3
SIM4
1
21
22
SIM5
SIM1
SIM2
SIM3
SIM4
1
21
22
SIM5
SIM1
SIM2
SIM3
SIM4
1
21
22
SIM5
SIM1
SIM2
SIM3
SIM4
1
21
22
SIM5
SIM1
SIM2
SIM3
SIM4
1
21
22
SIM5
SIM1
SIM2
SIM3
SIM4
1
21
22
SIM5
SIM1
SIM2
SIM3
SIM4
1
21
22
SIM5
SIM1
SIM2
SIM3
SIM4
1
21
22
SIM5
SIM1
SIM2
SIM3
SIM4
1
21
22
SIM5
SIM1
SIM2
SIM3
SIM4
1
21
22
SIM5
SIM1
SIM2
SIM3
SIM4
1
21
22
SIM5
SIM1
SIM2
SIM3
SIM4
1
21
22
SIM5
SIM1
SIM2
SIM3
SIM4
1
21
22
SIM5
SIM1
SIM2
SIM3
SIM4
1
21
22
SIM5
SIM1
SIM2
SIM3
SIM4
1
21
22
SIM5
SIM1
SIM2
SIM3
SIM4
1
21
22
SIM5
SIM1
SIM2
SIM3
SIM4
1
21
22
SIM5
SIM1
SIM2
SIM3
SIM4
1
21
22
SIM5
SIM1
SIM2
SIM3
SIM4
1
21
22
SIM5
SIM1
SIM2
SIM3
SIM4
1
21
22
SIM5
SIM1
SIM2
SIM3
SIM4
1
21
22
SIM5
SIM1
SIM2
SIM3
SIM4
1
21
22
SIM5
SIM1
SIM2
SIM3
SIM4
1
21
22
SIM5
SIM1
SIM2
SIM3
SIM4
1
21
22
SIM5
SIM1
SIM2
SIM3
SIM4
1
21
22
SIM5
SIM1
SIM2
SIM3
SIM4
1
21
22
SIM5
SIM1
SIM2
SIM3
SIM4
1
21
22
SIM5
SIM1
SIM2
SIM3
SIM4
1
21
22
SIM5
SIM1
SIM2
SIM3
SIM4
1
21
22
SIM5
SIM1
SIM2
SIM3
SIM4
1
21
22
SIM5
SIM1
SIM2
SIM3
SIM4
1
21
22
SIM5
SIM1
SIM2
SIM3
SIM4
1
21
22
SIM5
SIM1
SIM2
SIM3
SIM4
1
21
22
SIM5
SIM1
SIM2
SIM3
SIM4
1
21
22
SIM5
SIM1
SIM2
SIM3
SIM4
1
21
22
SIM5
SIM1
SIM2
SIM3
SIM4
1
21
22
SIM5
SIM1
SIM2
SIM3
SIM4
1
21
22
SIM5
SIM1
SIM2
SIM3
SIM4
1
21
22
SIM5
SIM1
SIM2
SIM3
SIM4
1
21
22
SIM5
SIM1
SIM2
SIM3
SIM4
1
21
22
SIM5
SIM1
SIM2
SIM3
SIM4
1
21
22
SIM5
SIM1
SIM2
SIM3
SIM4
1
21
22
SIM5
SIM1
SIM2
SIM3
SIM4
1
21
22
SIM5
SIM1
SIM2
SIM3
SIM4
1
21
22
SIM5
SIM1
SIM2
SIM3
SIM4
1
21
22
SIM5
SIM1
SIM2
SIM3
SIM4
1
21
22
SIM5
SIM1
SIM2
SIM3
SIM4
1
21
22
SIM5
SIM1
SIM2
SIM3
SIM4
1
21
22
SIM5
SIM1
SIM2
SIM3
SIM4
1
21
22
SIM5
SIM1
SIM2
SIM3
SIM4
1
21
22
SIM5
SIM1
SIM2
SIM3
SIM4
1
21
22
SIM5
SIM1
SIM2
SIM3
SIM4
1
21
22
SIM5
SIM1
SIM2
SIM3
SIM4
1
21
22
SIM5
SIM1
SIM2
SIM3
SIM4
1
21
22
SIM5
SIM1
SIM2
SIM3
SIM4
1
21
22
SIM5
SIM1
SIM2
SIM3
SIM4
1
21
22
SIM5
SIM1
SIM2
SIM3
SIM4
1
21
22
SIM5
SIM1
SIM2
SIM3
SIM4
1
21
22
SIM5
SIM1
SIM2
SIM3
SIM4
1
21
22
SIM5
SIM1
SIM2
SIM3
SIM4
1
21
22
SIM5
SIM1
SIM2
SIM3
SIM4
1
21
22
SIM5
SIM1
SIM2
SIM3
SIM4
1
21
22
SIM5
SIM1
SIM2
SIM3
SIM4
1
21
22
SIM5
SIM1
SIM2
SIM3
SIM4
1
21
22
SIM5
SIM1
SIM2
SIM3
SIM4
1
21
22
SIM5
SIM1
SIM2
SIM3
SIM4
1
21
22
SIM5
SIM1
SIM2
SIM3
SIM4
1
21
22
SIM5
SIM1
SIM2
SIM3
SIM4
1
21
22
SIM5
SIM1
SIM2
SIM3
SIM4
1
21
22
SIM5
SIM1
SIM2
SIM3
SIM4
1
21
22
SIM5
SIM1
SIM2
SIM3
SIM4
1
21
22
SIM5
SIM1
SIM2
SIM3
SIM4
1
21
22
SIM5
SIM1
SIM2
SIM3
SIM4
1
21
22
SIM5
SIM1
SIM2
SIM3
SIM4
1
21
22
SIM5
SIM1
SIM2
SIM3
SIM4
1
21
22
SIM5
SIM1
SIM2
SIM3
SIM4
1
21
22
SIM5
SIM1
SIM2
SIM3
SIM4
1
21
22
SIM5
SIM1
SIM2
SIM3
SIM4
1
21
22
SIM5
SIM1
SIM2
SIM3
SIM4
1
21
22
SIM5
SIM1
SIM2
SIM3
SIM4
1
21
22
SIM5
SIM1
SIM2
SIM3
SIM4
1
21
22
SIM5
SIM1
SIM2
SIM3
SIM4
1
21
22
SIM5
SIM1
SIM2
SIM3
SIM4
1
21
22
SIM5
SIM1
SIM2
SIM3
SIM4
1
21
22
SIM5
SIM1
SIM2
SIM3
SIM4
1
21
22
SIM5
SIM1
SIM2
SIM3
SIM4
1
21
22
SIM5
SIM1
SIM2
SIM3
SIM4
1
21
22
SIM5
SIM1
SIM2
SIM3
SIM4
1
21
22
SIM5
SIM1
SIM2
SIM3
SIM4
1
21
22
SIM5
SIM1
SIM2
SIM3
SIM4
1
21
22
SIM5
SIM1
SIM2
SIM3
SIM4
1
21
22
SIM5
SIM1
SIM2
SIM3
SIM4
1
21
22
SIM5
SIM1
SIM2
SIM3
SIM4
1
21
22
SIM5
SIM1
SIM2
SIM3
SIM4
1
21
22
SIM5
SIM1
SIM2
SIM3
SIM4
1
21
22
SIM5
SIM1
SIM2
SIM3
SIM4
1
21
22
SIM5
SIM1
SIM2
SIM3
SIM4
1
21
22
SIM5
SIM1
SIM2
SIM3
SIM4
1
21
22
SIM5
SIM1
SIM2
SIM3
SIM4
1
21
22
SIM5
SIM1
SIM2
SIM3
SIM4
1
21
22
SIM5
SIM1
SIM2
SIM3
SIM4
1
21
22
SIM5
SIM1
SIM2
SIM3
SIM4
1
21
22
SIM5
SIM1
SIM2
SIM3
SIM4
1
21
22
SIM5
SIM1
SIM2
SIM3
SIM4
1
21
22
SIM5
SIM1
SIM2
SIM3
SIM4
1
21
22
SIM5
SIM1
SIM2
SIM3
SIM4
1
21
22
SIM5
SIM1
SIM2
SIM3
SIM4
1
21
22
SIM5
SIM1
SIM2
SIM3
SIM4
1
21
22
SIM5
SIM1
SIM2
SIM3
SIM4
1
21
22
SIM5
SIM1
SIM2
SIM3
SIM4
1
21
22
SIM5
SIM1
SIM2
SIM3
SIM4
1
21
22
SIM5
SIM1
SIM2
SIM3
SIM4
1
21
22
SIM5
SIM1
SIM2
SIM3
SIM4
1
21
22
SIM5
SIM1
SIM2
SIM3
SIM4
1
21
22
SIM5
SIM1
SIM2
SIM3
SIM4
1
21
22
SIM5
SIM1
SIM2
SIM3
SIM4
1
21
22
SIM5
SIM1
SIM2
SIM3
SIM4
1
21
22
SIM5
SIM1
SIM2
SIM3
SIM4
1
21
22
SIM5
SIM1
SIM2
SIM3
SIM4
1
21
22
SIM5
SIM1
SIM2
DEBUG 1 442
SIM1
SIM2
SIM3
SIM4
1
21
22
SIM5
SIM1
SIM2
SIM3
SIM4
1
21
22
SIM5
SIM1
SIM2
SIM3
SIM4
1
21
22
SIM5
SIM1
SIM2
SIM3
SIM4
1
21
22
SIM5
SIM1
SIM2
SIM3
SIM4
1
21
22
SIM5
SIM1
SIM2
SIM3
SIM4
1
21
22
SIM5
SIM1
SIM2
SIM3
SIM4
1
21
22
SIM5
SIM1
SIM2
SIM3
SIM4
1
21
22
SIM5
SIM1
SIM2
SIM3
SIM4
1
21
22
SIM5
SIM1
SIM2
SIM3
SIM4
1
21
22
SIM5
SIM1
SIM2
SIM3
SIM4
1
21
22
SIM5
SIM1
SIM2
SIM3
SIM4
1
21
22
SIM5
SIM1
SIM2
SIM3
SIM4
1
21
22
SIM5
SIM1
SIM2
SIM3
SIM4
1
21
22
SIM5
SIM1
SIM2
SIM3
SIM4
1
21
22
SIM5
SIM1
SIM2
SIM3
SIM4
1
21
22
SIM5
SIM1
SIM2
SIM3
SIM4
1
21
22
SIM5
SIM1
SIM2
SIM3
SIM4
1
21
22
SIM5
SIM1
SIM2
SIM3
SIM4
1
21
22
SIM5
SIM1
SIM2
SIM3
SIM4
1
21
22
SIM5
SIM1
SIM2
SIM3
SIM4
1
21
22
SIM5
SIM1
SIM2
SIM3
SIM4
1
21
22
SIM5
SIM1
SIM2
SIM3
SIM4
1
21
22
SIM5
SIM1
SIM2
SIM3
SIM4
1
21
22
SIM5
SIM1
SIM2
SIM3
SIM4
1
21
22
SIM5
SIM1
SIM2
SIM3
SIM4
1
21
22
SIM5
SIM1
SIM2
SIM3
SIM4
1
21
22
SIM5
SIM1
SIM2
SIM3
SIM4
1
21
22
SIM5
SIM1
SIM2
SIM3
SIM4
1
21
22
SIM5
SIM1
SIM2
SIM3
SIM4
1
21
22
SIM5
SIM1
SIM2
SIM3
SIM4
1
21
22
SIM5
SIM1
SIM2
SIM3
SIM4
1
21
22
SIM5
SIM1
SIM2
SIM3
SIM4
1
21
22
SIM5
SIM1
SIM2
SIM3
SIM4
1
21
22
SIM5
SIM1
SIM2
SIM3
SIM4
1
21
22
SIM5
SIM1
SIM2
SIM3
SIM4
1
21
22
SIM5
SIM1
SIM2
SIM3
SIM4
1
21
22
SIM5
SIM1
SIM2
SIM3
SIM4
1
21
22
SIM5
SIM1
SIM2
SIM3
SIM4
1
21
22
SIM5
SIM1
SIM2
SIM3
SIM4
1
21
22
SIM5
SIM1
SIM2
SIM3
SIM4
1
21
22
SIM5
SIM1
SIM2
SIM3
SIM4
1
21
22
SIM5
SIM1
SIM2
SIM3
SIM4
1
21
22
SIM5
SIM1
SIM2
SIM3
SIM4
1
21
22
SIM5
SIM1
SIM2
SIM3
SIM4
1
21
22
SIM5
SIM1
SIM2
SIM3
SIM4
1
21
22
SIM5
SIM1
SIM2
SIM3
SIM4
1
21
22
SIM5
SIM1
SIM2
SIM3
SIM4
1
21
22
SIM5
SIM1
SIM2
SIM3
SIM4
1
21
22
SIM5
SIM1
SIM2
SIM3
SIM4
1
21
22
SIM5
SIM1
SIM2
SIM3
SIM4
1
21
22
SIM5
SIM1
SIM2
SIM3
SIM4
1
21
22
SIM5
SIM1
SIM2
SIM3
SIM4
1
21
22
SIM5
SIM1
SIM2
SIM3
SIM4
1
21
22
SIM5
SIM1
SIM2
SIM3
SIM4
1
21
22
SIM5
SIM1
SIM2
SIM3
SIM4
1
21
22
SIM5
SIM1
SIM2
SIM3
SIM4
1
21
22
SIM5
SIM1
SIM2
SIM3
SIM4
1
21
22
SIM5
SIM1
SIM2
SIM3
SIM4
1
21
22
SIM5
SIM1
SIM2
SIM3
SIM4
1
21
22
SIM5
SIM1
SIM2
SIM3
SIM4
1
21
22
SIM5
SIM1
SIM2
SIM3
SIM4
1
21
22
SIM5
SIM1
SIM2
SIM3
SIM4
1
21
22
SIM5
SIM1
SIM2
SIM3
SIM4
1
21
22
SIM5
SIM1
SIM2
SIM3
SIM4
1
21
22
SIM5
SIM1
SIM2
SIM3
SIM4
1
21
22
SIM5
SIM1
SIM2
SIM3
SIM4
1
21
22
SIM5
SIM1
SIM2
SIM3
SIM4
1
21
22
SIM5
SIM1
SIM2
SIM3
SIM4
1
21
22
SIM5
SIM1
SIM2
SIM3
SIM4
1
21
22
SIM5
SIM1
SIM2
SIM3
SIM4
1
21
22
SIM5
SIM1
SIM2
SIM3
SIM4
1
21
22
SIM5
SIM1
SIM2
SIM3
SIM4
1
21
22
SIM5
SIM1
SIM2
SIM3
SIM4
1
21
22
SIM5
SIM1
SIM2
SIM3
SIM4
1
21
22
SIM5
SIM1
SIM2
SIM3
SIM4
1
21
22
SIM5
SIM1
SIM2
SIM3
SIM4
1
21
22
SIM5
SIM1
SIM2
SIM3
SIM4
1
21
22
SIM5
SIM1
SIM2
SIM3
SIM4
1
21
22
SIM5
SIM1
SIM2
SIM3
SIM4
1
21
22
SIM5
SIM1
SIM2
SIM3
SIM4
1
21
22
SIM5
SIM1
SIM2
SIM3
SIM4
1
21
22
SIM5
SIM1
SIM2
SIM3
SIM4
1
21
22
SIM5
SIM1
SIM2
SIM3
SIM4
1
21
22
SIM5
SIM1
SIM2
SIM3
SIM4
1
21
22
SIM5
SIM1
SIM2
SIM3
SIM4
1
21
22
SIM5
SIM1
SIM2
SIM3
SIM4
1
21
22
SIM5
SIM1
SIM2
SIM3
SIM4
1
21
22
SIM5
SIM1
SIM2
SIM3
SIM4
1
21
22
SIM5
SIM1
SIM2
SIM3
SIM4
1
21
22
SIM5
SIM1
SIM2
SIM3
SIM4
1
21
22
SIM5
SIM1
SIM2
SIM3
SIM4
1
21
22
SIM5
SIM1
SIM2
SIM3
SIM4
1
21
22
SIM5
SIM1
SIM2
SIM3
SIM4
1
21
22
SIM5
SIM1
SIM2
SIM3
SIM4
1
21
22
SIM5
SIM1
SIM2
SIM3
SIM4
1
21
22
SIM5
SIM1
SIM2
SIM3
SIM4
1
21
22
SIM5
SIM1
SIM2
SIM3
SIM4
1
21
22
SIM5
SIM1
SIM2
SIM3
SIM4
1
21
22
SIM5
SIM1
SIM2
SIM3
SIM4
1
21
22
SIM5
SIM1
SIM2
SIM3
SIM4
1
21
22
SIM5
SIM1
SIM2
SIM3
SIM4
1
21
22
SIM5
SIM1
SIM2
SIM3
SIM4
1
21
22
SIM5
SIM1
SIM2
SIM3
SIM4
1
21
22
SIM5
SIM1
SIM2
SIM3
SIM4
1
21
22
SIM5
SIM1
SIM2
SIM3
SIM4
1
21
22
SIM5
SIM1
SIM2
SIM3
SIM4
1
21
22
SIM5
SIM1
SIM2
SIM3
SIM4
1
21
22
SIM5
SIM1
SIM2
SIM3
SIM4
1
21
22
SIM5
SIM1
SIM2
SIM3
SIM4
1
21
22
SIM5
SIM1
SIM2
SIM3
SIM4
1
21
22
SIM5
SIM1
SIM2
SIM3
SIM4
1
21
22
SIM5
SIM1
SIM2
SIM3
SIM4
1
21
22
SIM5
SIM1
SIM2
SIM3
SIM4
1
21
22
SIM5
SIM1
SIM2
SIM3
SIM4
1
21
22
SIM5
SIM1
SIM2
SIM3
SIM4
1
21
22
SIM5
SIM1
SIM2
SIM3
SIM4
1
21
22
SIM5
SIM1
SIM2
SIM3
SIM4
1
21
22
SIM5
SIM1
SIM2
SIM3
SIM4
1
21
22
SIM5
SIM1
SIM2
SIM3
SIM4
1
21
22
SIM5
SIM1
SIM2
SIM3
SIM4
1
21
22
SIM5
SIM1
SIM2
SIM3
SIM4
1
21
22
SIM5
SIM1
SIM2
SIM3
SIM4
1
21
22
SIM5
SIM1
SIM2
SIM3
SIM4
1
21
22
SIM5
SIM1
SIM2
SIM3
SIM4
1
21
22
SIM5
SIM1
SIM2
SIM3
SIM4
1
21
22
SIM5
SIM1
SIM2
SIM3
SIM4
1
21
22
SIM5
SIM1
SIM2
SIM3
SIM4
1
21
22
SIM5
SIM1
SIM2
SIM3
SIM4
1
21
22
SIM5
SIM1
SIM2
SIM3
SIM4
1
21
22
SIM5
SIM1
SIM2
SIM3
SIM4
1
21
22
SIM5
SIM1
SIM2
SIM3
SIM4
1
21
22
SIM5
SIM1
SIM2
SIM3
SIM4
1
21
22
SIM5
SIM1
SIM2
SIM3
SIM4
1
21
22
SIM5
SIM1
SIM2
SIM3
SIM4
1
21
22
SIM5
SIM1
SIM2
SIM3
SIM4
1
21
22
SIM5
SIM1
SIM2
SIM3
SIM4
1
21
22
SIM5
SIM1
SIM2
SIM3
SIM4
1
21
22
SIM5
SIM1
SIM2
SIM3
SIM4
1
21
22
SIM5
SIM1
SIM2
SIM3
SIM4
1
21
22
SIM5
SIM1
SIM2
SIM3
SIM4
1
21
22
SIM5
SIM1
SIM2
SIM3
SIM4
1
21
22
SIM5
SIM1
SIM2
SIM3
SIM4
1
21
22
SIM5
SIM1
SIM2
SIM3
SIM4
1
21
22
SIM5
SIM1
SIM2
SIM3
SIM4
1
21
22
SIM5
SIM1
SIM2
SIM3
SIM4
1
21
22
SIM5
SIM1
SIM2
SIM3
SIM4
1
21
22
SIM5
SIM1
SIM2
SIM3
SIM4
1
21
22
SIM5
SIM1
SIM2
SIM3
SIM4
1
21
22
SIM5
SIM1
SIM2
SIM3
SIM4
1
21
22
SIM5
SIM1
SIM2
SIM3
SIM4
1
21
22
SIM5
SIM1
SIM2
SIM3
SIM4
1
21
22
SIM5
SIM1
SIM2
SIM3
SIM4
1
21
22
SIM5
SIM1
SIM2
SIM3
SIM4
1
21
22
SIM5
SIM1
SIM2
SIM3
SIM4
1
21
22
SIM5
SIM1
SIM2
SIM3
SIM4
1
21
22
SIM5
SIM1
SIM2
SIM3
SIM4
1
21
22
SIM5
SIM1
SIM2
SIM3
SIM4
1
21
22
SIM5
SIM1
SIM2
SIM3
SIM4
1
21
22
SIM5
SIM1
SIM2
SIM3
SIM4
1
21
22
SIM5
SIM1
SIM2
SIM3
SIM4
1
21
22
SIM5
SIM1
SIM2
SIM3
SIM4
1
21
22
SIM5
SIM1
SIM2
SIM3
SIM4
1
21
22
SIM5
SIM1
SIM2
SIM3
SIM4
1
21
22
SIM5
SIM1
SIM2
SIM3
SIM4
1
21
22
SIM5
SIM1
SIM2
SIM3
SIM4
1
21
22
SIM5
SIM1
SIM2
SIM3
SIM4
1
21
22
SIM5
SIM1
SIM2
SIM3
SIM4
1
21
22
SIM5
SIM1
SIM2
SIM3
SIM4
1
21
22
SIM5
SIM1
SIM2
SIM3
SIM4
1
21
22
SIM5
SIM1
SIM2
SIM3
SIM4
1
21
22
SIM5
SIM1
SIM2
SIM3
SIM4
1
21
22
SIM5
SIM1
SIM2
SIM3
SIM4
1
21
22
SIM5
SIM1
SIM2
SIM3
SIM4
1
21
22
SIM5
SIM1
SIM2
SIM3
SIM4
1
21
22
SIM5
SIM1
SIM2
SIM3
SIM4
1
21
22
SIM5
SIM1
SIM2
SIM3
SIM4
1
21
22
SIM5
SIM1
SIM2
SIM3
SIM4
1
21
22
SIM5
SIM1
SIM2
SIM3
SIM4
1
21
22
SIM5
SIM1
SIM2
SIM3
SIM4
1
21
22
SIM5
SIM1
SIM2
SIM3
SIM4
1
21
22
SIM5
SIM1
SIM2
SIM3
SIM4
1
21
22
SIM5
SIM1
SIM2
SIM3
SIM4
1
21
22
SIM5
SIM1
SIM2
SIM3
SIM4
1
21
22
SIM5
SIM1
SIM2
SIM3
SIM4
1
21
22
SIM5
SIM1
SIM2
SIM3
SIM4
1
21
22
SIM5
SIM1
SIM2
SIM3
SIM4
1
21
22
SIM5
SIM1
SIM2
SIM3
SIM4
1
21
22
SIM5
SIM1
SIM2
SIM3
SIM4
1
21
22
SIM5
SIM1
SIM2
SIM3
SIM4
1
21
22
SIM5
SIM1
SIM2
SIM3
SIM4
1
21
22
SIM5
SIM1
SIM2
SIM3
SIM4
1
21
22
SIM5
SIM1
SIM2
SIM3
SIM4
1
21
22
SIM5
SIM1
SIM2
SIM3
SIM4
1
21
22
SIM5
SIM1
SIM2
SIM3
SIM4
1
21
22
SIM5
SIM1
SIM2
SIM3
SIM4
1
21
22
SIM5
SIM1
SIM2
SIM3
SIM4
1
21
22
SIM5
SIM1
SIM2
SIM3
SIM4
1
21
22
SIM5
SIM1
SIM2
SIM3
SIM4
1
21
22
SIM5
SIM1
SIM2
SIM3
SIM4
1
21
22
SIM5
SIM1
SIM2
SIM3
SIM4
1
21
22
SIM5
SIM1
SIM2
SIM3
SIM4
1
21
22
SIM5
SIM1
SIM2
SIM3
SIM4
1
21
22
SIM5
SIM1
SIM2
SIM3
SIM4
1
21
22
SIM5
SIM1
SIM2
SIM3
SIM4
1
21
22
SIM5
SIM1
SIM2
SIM3
SIM4
1
21
22
SIM5
SIM1
SIM2
SIM3
SIM4
1
21
22
SIM5
SIM1
SIM2
SIM3
SIM4
1
21
22
SIM5
SIM1
SIM2
SIM3
SIM4
1
21
22
SIM5
SIM1
SIM2
SIM3
SIM4
1
21
22
SIM5
SIM1
SIM2
SIM3
SIM4
1
21
22
SIM5
SIM1
SIM2
SIM3
SIM4
1
21
22
SIM5
SIM1
SIM2
SIM3
SIM4
1
21
22
SIM5
SIM1
SIM2
SIM3
SIM4
1
21
22
SIM5
SIM1
SIM2
SIM3
SIM4
1
21
22
SIM5
SIM1
SIM2
SIM3
SIM4
1
21
22
SIM5
SIM1
SIM2
SIM3
SIM4
1
21
22
SIM5
SIM1
SIM2
DEBUG 1 443
SIM1
SIM2
SIM3
SIM4
1
21
22
SIM5
SIM1
SIM2
SIM3
SIM4
1
21
22
SIM5
SIM1
SIM2
SIM3
SIM4
1
21
22
SIM5
SIM1
SIM2
SIM3
SIM4
1
21
22
SIM5
SIM1
SIM2
SIM3
SIM4
1
21
22
SIM5
SIM1
SIM2
SIM3
SIM4
1
21
22
SIM5
SIM1
SIM2
SIM3
SIM4
1
21
22
SIM5
SIM1
SIM2
SIM3
SIM4
1
21
22
SIM5
SIM1
SIM2
SIM3
SIM4
1
21
22
SIM5
SIM1
SIM2
SIM3
SIM4
1
21
22
SIM5
SIM1
SIM2
SIM3
SIM4
1
21
22
SIM5
SIM1
SIM2
SIM3
SIM4
1
21
22
SIM5
SIM1
SIM2
SIM3
SIM4
1
21
22
SIM5
SIM1
SIM2
SIM3
SIM4
1
21
22
SIM5
SIM1
SIM2
SIM3
SIM4
1
21
22
SIM5
SIM1
SIM2
SIM3
SIM4
1
21
22
SIM5
SIM1
SIM2
SIM3
SIM4
1
21
22
SIM5
SIM1
SIM2
SIM3
SIM4
1
21
22
SIM5
SIM1
SIM2
SIM3
SIM4
1
21
22
SIM5
SIM1
SIM2
SIM3
SIM4
1
21
22
SIM5
SIM1
SIM2
SIM3
SIM4
1
21
22
SIM5
SIM1
SIM2
SIM3
SIM4
1
21
22
SIM5
SIM1
SIM2
SIM3
SIM4
1
21
22
SIM5
SIM1
SIM2
SIM3
SIM4
1
21
22
SIM5
SIM1
SIM2
SIM3
SIM4
1
21
22
SIM5
SIM1
SIM2
SIM3
SIM4
1
21
22
SIM5
SIM1
SIM2
SIM3
SIM4
1
21
22
SIM5
SIM1
SIM2
SIM3
SIM4
1
21
22
SIM5
SIM1
SIM2
SIM3
SIM4
1
21
22
SIM5
SIM1
SIM2
SIM3
SIM4
1
21
22
SIM5
SIM1
SIM2
SIM3
SIM4
1
21
22
SIM5
SIM1
SIM2
SIM3
SIM4
1
21
22
SIM5
SIM1
SIM2
SIM3
SIM4
1
21
22
SIM5
SIM1
SIM2
SIM3
SIM4
1
21
22
SIM5
SIM1
SIM2
SIM3
SIM4
1
21
22
SIM5
SIM1
SIM2
SIM3
SIM4
1
21
22
SIM5
SIM1
SIM2
SIM3
SIM4
1
21
22
SIM5
SIM1
SIM2
SIM3
SIM4
1
21
22
SIM5
SIM1
SIM2
SIM3
SIM4
1
21
22
SIM5
SIM1
SIM2
SIM3
SIM4
1
21
22
SIM5
SIM1
SIM2
SIM3
SIM4
1
21
22
SIM5
SIM1
SIM2
SIM3
SIM4
1
21
22
SIM5
SIM1
SIM2
SIM3
SIM4
1
21
22
SIM5
SIM1
SIM2
SIM3
SIM4
1
21
22
SIM5
SIM1
SIM2
SIM3
SIM4
1
21
22
SIM5
SIM1
SIM2
SIM3
SIM4
1
21
22
SIM5
SIM1
SIM2
SIM3
SIM4
1
21
22
SIM5
SIM1
SIM2
SIM3
SIM4
1
21
22
SIM5
SIM1
SIM2
SIM3
SIM4
1
21
22
SIM5
SIM1
SIM2
SIM3
SIM4
1
21
22
SIM5
SIM1
SIM2
SIM3
SIM4
1
21
22
SIM5
SIM1
SIM2
SIM3
SIM4
1
21
22
SIM5
SIM1
SIM2
SIM3
SIM4
1
21
22
SIM5
SIM1
SIM2
SIM3
SIM4
1
21
22
SIM5
SIM1
SIM2
SIM3
SIM4
1
21
22
SIM5
SIM1
SIM2
SIM3
SIM4
1
21
22
SIM5
SIM1
SIM2
SIM3
SIM4
1
21
22
SIM5
SIM1
SIM2
SIM3
SIM4
1
21
22
SIM5
SIM1
SIM2
SIM3
SIM4
1
21
22
SIM5
SIM1
SIM2
SIM3
SIM4
1
21
22
SIM5
SIM1
SIM2
SIM3
SIM4
1
21
22
SIM5
SIM1
SIM2
SIM3
SIM4
1
21
22
SIM5
SIM1
SIM2
SIM3
SIM4
1
21
22
SIM5
SIM1
SIM2
SIM3
SIM4
1
21
22
SIM5
SIM1
SIM2
SIM3
SIM4
1
21
22
SIM5
SIM1
SIM2
SIM3
SIM4
1
21
22
SIM5
SIM1
SIM2
SIM3
SIM4
1
21
22
SIM5
SIM1
SIM2
SIM3
SIM4
1
21
22
SIM5
SIM1
SIM2
SIM3
SIM4
1
21
22
SIM5
SIM1
SIM2
SIM3
SIM4
1
21
22
SIM5
SIM1
SIM2
SIM3
SIM4
1
21
22
SIM5
SIM1
SIM2
SIM3
SIM4
1
21
22
SIM5
SIM1
SIM2
SIM3
SIM4
1
21
22
SIM5
SIM1
SIM2
SIM3
SIM4
1
21
22
SIM5
SIM1
SIM2
SIM3
SIM4
1
21
22
SIM5
SIM1
SIM2
SIM3
SIM4
1
21
22
SIM5
SIM1
SIM2
SIM3
SIM4
1
21
22
SIM5
SIM1
SIM2
SIM3
SIM4
1
21
22
SIM5
SIM1
SIM2
SIM3
SIM4
1
21
22
SIM5
SIM1
SIM2
SIM3
SIM4
1
21
22
SIM5
SIM1
SIM2
SIM3
SIM4
1
21
22
SIM5
SIM1
SIM2
SIM3
SIM4
1
21
22
SIM5
SIM1
SIM2
SIM3
SIM4
1
21
22
SIM5
SIM1
SIM2
SIM3
SIM4
1
21
22
SIM5
SIM1
SIM2
SIM3
SIM4
1
21
22
SIM5
SIM1
SIM2
SIM3
SIM4
1
21
22
SIM5
SIM1
SIM2
SIM3
SIM4
1
21
22
SIM5
SIM1
SIM2
SIM3
SIM4
1
21
22
SIM5
SIM1
SIM2
SIM3
SIM4
1
21
22
SIM5
SIM1
SIM2
SIM3
SIM4
1
21
22
SIM5
SIM1
SIM2
SIM3
SIM4
1
21
22
SIM5
SIM1
SIM2
SIM3
SIM4
1
21
22
SIM5
SIM1
SIM2
SIM3
SIM4
1
21
22
SIM5
SIM1
SIM2
SIM3
SIM4
1
21
22
SIM5
SIM1
SIM2
SIM3
SIM4
1
21
22
SIM5
SIM1
SIM2
SIM3
SIM4
1
21
22
SIM5
SIM1
SIM2
SIM3
SIM4
1
21
22
SIM5
SIM1
SIM2
SIM3
SIM4
1
21
22
SIM5
SIM1
SIM2
SIM3
SIM4
1
21
22
SIM5
SIM1
SIM2
SIM3
SIM4
1
21
22
SIM5
SIM1
SIM2
SIM3
SIM4
1
21
22
SIM5
SIM1
SIM2
SIM3
SIM4
1
21
22
SIM5
SIM1
SIM2
SIM3
SIM4
1
21
22
SIM5
SIM1
SIM2
SIM3
SIM4
1
21
22
SIM5
SIM1
SIM2
SIM3
SIM4
1
21
22
SIM5
SIM1
SIM2
SIM3
SIM4
1
21
22
SIM5
SIM1
SIM2
SIM3
SIM4
1
21
22
SIM5
SIM1
SIM2
SIM3
SIM4
1
21
22
SIM5
SIM1
SIM2
SIM3
SIM4
1
21
22
SIM5
SIM1
SIM2
SIM3
SIM4
1
21
22
SIM5
SIM1
SIM2
SIM3
SIM4
1
21
22
SIM5
SIM1
SIM2
SIM3
SIM4
1
21
22
SIM5
SIM1
SIM2
SIM3
SIM4
1
21
22
SIM5
SIM1
SIM2
SIM3
SIM4
1
21
22
SIM5
SIM1
SIM2
SIM3
SIM4
1
21
22
SIM5
SIM1
SIM2
SIM3
SIM4
1
21
22
SIM5
SIM1
SIM2
SIM3
SIM4
1
21
22
SIM5
SIM1
SIM2
SIM3
SIM4
1
21
22
SIM5
SIM1
SIM2
SIM3
SIM4
1
21
22
SIM5
SIM1
SIM2
SIM3
SIM4
1
21
22
SIM5
SIM1
SIM2
SIM3
SIM4
1
21
22
SIM5
SIM1
SIM2
SIM3
SIM4
1
21
22
SIM5
SIM1
SIM2
SIM3
SIM4
1
21
22
SIM5
SIM1
SIM2
SIM3
SIM4
1
21
22
SIM5
SIM1
SIM2
SIM3
SIM4
1
21
22
SIM5
SIM1
SIM2
SIM3
SIM4
1
21
22
SIM5
SIM1
SIM2
SIM3
SIM4
1
21
22
SIM5
SIM1
SIM2
SIM3
SIM4
1
21
22
SIM5
SIM1
SIM2
SIM3
SIM4
1
21
22
SIM5
SIM1
SIM2
SIM3
SIM4
1
21
22
SIM5
SIM1
SIM2
SIM3
SIM4
1
21
22
SIM5
SIM1
SIM2
SIM3
SIM4
1
21
22
SIM5
SIM1
SIM2
SIM3
SIM4
1
21
22
SIM5
SIM1
SIM2
SIM3
SIM4
1
21
22
SIM5
SIM1
SIM2
SIM3
SIM4
1
21
22
SIM5
SIM1
SIM2
SIM3
SIM4
1
21
22
SIM5
SIM1
SIM2
SIM3
SIM4
1
21
22
SIM5
SIM1
SIM2
SIM3
SIM4
1
21
22
SIM5
SIM1
SIM2
SIM3
SIM4
1
21
22
SIM5
SIM1
SIM2
SIM3
SIM4
1
21
22
SIM5
SIM1
SIM2
SIM3
SIM4
1
21
22
SIM5
SIM1
SIM2
SIM3
SIM4
1
21
22
SIM5
SIM1
SIM2
SIM3
SIM4
1
21
22
SIM5
SIM1
SIM2
SIM3
SIM4
1
21
22
SIM5
SIM1
SIM2
SIM3
SIM4
1
21
22
SIM5
SIM1
SIM2
SIM3
SIM4
1
21
22
SIM5
SIM1
SIM2
SIM3
SIM4
1
21
22
SIM5
SIM1
SIM2
SIM3
SIM4
1
21
22
SIM5
SIM1
SIM2
SIM3
SIM4
1
21
22
SIM5
SIM1
SIM2
SIM3
SIM4
1
21
22
SIM5
SIM1
SIM2
SIM3
SIM4
1
21
22
SIM5
SIM1
SIM2
SIM3
SIM4
1
21
22
SIM5
SIM1
SIM2
SIM3
SIM4
1
21
22
SIM5
SIM1
SIM2
SIM3
SIM4
1
21
22
SIM5
SIM1
SIM2
SIM3
SIM4
1
21
22
SIM5
SIM1
SIM2
SIM3
SIM4
1
21
22
SIM5
SIM1
SIM2
SIM3
SIM4
1
21
22
SIM5
SIM1
SIM2
SIM3
SIM4
1
21
22
SIM5
SIM1
SIM2
SIM3
SIM4
1
21
22
SIM5
SIM1
SIM2
SIM3
SIM4
1
21
22
SIM5
SIM1
SIM2
SIM3
SIM4
1
21
22
SIM5
SIM1
SIM2
SIM3
SIM4
1
21
22
SIM5
SIM1
SIM2
SIM3
SIM4
1
21
22
SIM5
SIM1
SIM2
SIM3
SIM4
1
21
22
SIM5
SIM1
SIM2
SIM3
SIM4
1
21
22
SIM5
SIM1
SIM2
SIM3
SIM4
1
21
22
SIM5
SIM1
SIM2
SIM3
SIM4
1
21
22
SIM5
SIM1
SIM2
SIM3
SIM4
1
21
22
SIM5
SIM1
SIM2
SIM3
SIM4
1
21
22
SIM5
SIM1
SIM2
SIM3
SIM4
1
21
22
SIM5
SIM1
SIM2
SIM3
SIM4
1
21
22
SIM5
SIM1
SIM2
SIM3
SIM4
1
21
22
SIM5
SIM1
SIM2
SIM3
SIM4
1
21
22
SIM5
SIM1
SIM2
SIM3
SIM4
1
21
22
SIM5
SIM1
SIM2
DEBUG 1 444
SIM1
SIM2
SIM3
SIM4
1
21
22
SIM5
SIM1
SIM2
SIM3
SIM4
1
21
22
SIM5
SIM1
SIM2
SIM3
SIM4
1
21
22
SIM5
SIM1
SIM2
SIM3
SIM4
1
21
22
SIM5
SIM1
SIM2
SIM3
SIM4
1
21
22
SIM5
SIM1
SIM2
SIM3
SIM4
1
21
22
SIM5
SIM1
SIM2
SIM3
SIM4
1
21
22
SIM5
SIM1
SIM2
SIM3
SIM4
1
21
22
SIM5
SIM1
SIM2
SIM3
SIM4
1
21
22
SIM5
SIM1
SIM2
SIM3
SIM4
1
21
22
SIM5
SIM1
SIM2
SIM3
SIM4
1
21
22
SIM5
SIM1
SIM2
SIM3
SIM4
1
21
22
SIM5
SIM1
SIM2
SIM3
SIM4
1
21
22
SIM5
SIM1
SIM2
SIM3
SIM4
1
21
22
SIM5
SIM1
SIM2
SIM3
SIM4
1
21
22
SIM5
SIM1
SIM2
SIM3
SIM4
1
21
22
SIM5
SIM1
SIM2
SIM3
SIM4
1
21
22
SIM5
SIM1
SIM2
SIM3
SIM4
1
21
22
SIM5
SIM1
SIM2
SIM3
SIM4
1
21
22
SIM5
SIM1
SIM2
SIM3
SIM4
1
21
22
SIM5
SIM1
SIM2
SIM3
SIM4
1
21
22
SIM5
SIM1
SIM2
SIM3
SIM4
1
21
22
SIM5
SIM1
SIM2
SIM3
SIM4
1
21
22
SIM5
SIM1
SIM2
SIM3
SIM4
1
21
22
SIM5
SIM1
SIM2
SIM3
SIM4
1
21
22
SIM5
SIM1
SIM2
SIM3
SIM4
1
21
22
SIM5
SIM1
SIM2
SIM3
SIM4
1
21
22
SIM5
SIM1
SIM2
SIM3
SIM4
1
21
22
SIM5
SIM1
SIM2
SIM3
SIM4
1
21
22
SIM5
SIM1
SIM2
SIM3
SIM4
1
21
22
SIM5
SIM1
SIM2
SIM3
SIM4
1
21
22
SIM5
SIM1
SIM2
SIM3
SIM4
1
21
22
SIM5
SIM1
SIM2
SIM3
SIM4
1
21
22
SIM5
SIM1
SIM2
SIM3
SIM4
1
21
22
SIM5
SIM1
SIM2
SIM3
SIM4
1
21
22
SIM5
SIM1
SIM2
SIM3
SIM4
1
21
22
SIM5
SIM1
SIM2
SIM3
SIM4
1
21
22
SIM5
SIM1
SIM2
SIM3
SIM4
1
21
22
SIM5
SIM1
SIM2
SIM3
SIM4
1
21
22
SIM5
SIM1
SIM2
SIM3
SIM4
1
21
22
SIM5
SIM1
SIM2
SIM3
SIM4
1
21
22
SIM5
SIM1
SIM2
SIM3
SIM4
1
21
22
SIM5
SIM1
SIM2
SIM3
SIM4
1
21
22
SIM5
SIM1
SIM2
SIM3
SIM4
1
21
22
SIM5
SIM1
SIM2
SIM3
SIM4
1
21
22
SIM5
SIM1
SIM2
SIM3
SIM4
1
21
22
SIM5
SIM1
SIM2
SIM3
SIM4
1
21
22
SIM5
SIM1
SIM2
SIM3
SIM4
1
21
22
SIM5
SIM1
SIM2
SIM3
SIM4
1
21
22
SIM5
SIM1
SIM2
SIM3
SIM4
1
21
22
SIM5
SIM1
SIM2
SIM3
SIM4
1
21
22
SIM5
SIM1
SIM2
SIM3
SIM4
1
21
22
SIM5
SIM1
SIM2
SIM3
SIM4
1
21
22
SIM5
SIM1
SIM2
SIM3
SIM4
1
21
22
SIM5
SIM1
SIM2
SIM3
SIM4
1
21
22
SIM5
SIM1
SIM2
SIM3
SIM4
1
21
22
SIM5
SIM1
SIM2
SIM3
SIM4
1
21
22
SIM5
SIM1
SIM2
SIM3
SIM4
1
21
22
SIM5
SIM1
SIM2
SIM3
SIM4
1
21
22
SIM5
SIM1
SIM2
SIM3
SIM4
1
21
22
SIM5
SIM1
SIM2
SIM3
SIM4
1
21
22
SIM5
SIM1
SIM2
SIM3
SIM4
1
21
22
SIM5
SIM1
SIM2
SIM3
SIM4
1
21
22
SIM5
SIM1
SIM2
SIM3
SIM4
1
21
22
SIM5
SIM1
SIM2
SIM3
SIM4
1
21
22
SIM5
SIM1
SIM2
SIM3
SIM4
1
21
22
SIM5
SIM1
SIM2
SIM3
SIM4
1
21
22
SIM5
SIM1
SIM2
SIM3
SIM4
1
21
22
SIM5
SIM1
SIM2
SIM3
SIM4
1
21
22
SIM5
SIM1
SIM2
SIM3
SIM4
1
21
22
SIM5
SIM1
SIM2
SIM3
SIM4
1
21
22
SIM5
SIM1
SIM2
SIM3
SIM4
1
21
22
SIM5
SIM1
SIM2
SIM3
SIM4
1
21
22
SIM5
SIM1
SIM2
SIM3
SIM4
1
21
22
SIM5
SIM1
SIM2
SIM3
SIM4
1
21
22
SIM5
SIM1
SIM2
SIM3
SIM4
1
21
22
SIM5
SIM1
SIM2
SIM3
SIM4
1
21
22
SIM5
SIM1
SIM2
SIM3
SIM4
1
21
22
SIM5
SIM1
SIM2
SIM3
SIM4
1
21
22
SIM5
SIM1
SIM2
SIM3
SIM4
1
21
22
SIM5
SIM1
SIM2
SIM3
SIM4
1
21
22
SIM5
SIM1
SIM2
SIM3
SIM4
1
21
22
SIM5
SIM1
SIM2
SIM3
SIM4
1
21
22
SIM5
SIM1
SIM2
SIM3
SIM4
1
21
22
SIM5
SIM1
SIM2
SIM3
SIM4
1
21
22
SIM5
SIM1
SIM2
SIM3
SIM4
1
21
22
SIM5
SIM1
SIM2
SIM3
SIM4
1
21
22
SIM5
SIM1
SIM2
SIM3
SIM4
1
21
22
SIM5
SIM1
SIM2
SIM3
SIM4
1
21
22
SIM5
SIM1
SIM2
SIM3
SIM4
1
21
22
SIM5
SIM1
SIM2
SIM3
SIM4
1
21
22
SIM5
SIM1
SIM2
SIM3
SIM4
1
21
22
SIM5
SIM1
SIM2
SIM3
SIM4
1
21
22
SIM5
SIM1
SIM2
SIM3
SIM4
1
21
22
SIM5
SIM1
SIM2
SIM3
SIM4
1
21
22
SIM5
SIM1
SIM2
SIM3
SIM4
1
21
22
SIM5
SIM1
SIM2
SIM3
SIM4
1
21
22
SIM5
SIM1
SIM2
SIM3
SIM4
1
21
22
SIM5
SIM1
SIM2
SIM3
SIM4
1
21
22
SIM5
SIM1
SIM2
SIM3
SIM4
1
21
22
SIM5
SIM1
SIM2
SIM3
SIM4
1
21
22
SIM5
SIM1
SIM2
SIM3
SIM4
1
21
22
SIM5
SIM1
SIM2
SIM3
SIM4
1
21
22
SIM5
SIM1
SIM2
SIM3
SIM4
1
21
22
SIM5
SIM1
SIM2
SIM3
SIM4
1
21
22
SIM5
SIM1
SIM2
SIM3
SIM4
1
21
22
SIM5
SIM1
SIM2
SIM3
SIM4
1
21
22
SIM5
SIM1
SIM2
SIM3
SIM4
1
21
22
SIM5
SIM1
SIM2
SIM3
SIM4
1
21
22
SIM5
SIM1
SIM2
SIM3
SIM4
1
21
22
SIM5
SIM1
SIM2
SIM3
SIM4
1
21
22
SIM5
SIM1
SIM2
SIM3
SIM4
1
21
22
SIM5
SIM1
SIM2
SIM3
SIM4
1
21
22
SIM5
SIM1
SIM2
SIM3
SIM4
1
21
22
SIM5
SIM1
SIM2
SIM3
SIM4
1
21
22
SIM5
SIM1
SIM2
SIM3
SIM4
1
21
22
SIM5
SIM1
SIM2
SIM3
SIM4
1
21
22
SIM5
SIM1
SIM2
SIM3
SIM4
1
21
22
SIM5
SIM1
SIM2
SIM3
SIM4
1
21
22
SIM5
SIM1
SIM2
SIM3
SIM4
1
21
22
SIM5
SIM1
SIM2
SIM3
SIM4
1
21
22
SIM5
SIM1
SIM2
SIM3
SIM4
1
21
22
SIM5
SIM1
SIM2
SIM3
SIM4
1
21
22
SIM5
SIM1
SIM2
SIM3
SIM4
1
21
22
SIM5
SIM1
SIM2
SIM3
SIM4
1
21
22
SIM5
SIM1
SIM2
SIM3
SIM4
1
21
22
SIM5
SIM1
SIM2
SIM3
SIM4
1
21
22
SIM5
SIM1
SIM2
SIM3
SIM4
1
21
22
SIM5
SIM1
SIM2
SIM3
SIM4
1
21
22
SIM5
SIM1
SIM2
SIM3
SIM4
1
21
22
SIM5
SIM1
SIM2
SIM3
SIM4
1
21
22
SIM5
SIM1
SIM2
SIM3
SIM4
1
21
22
SIM5
SIM1
SIM2
SIM3
SIM4
1
21
22
SIM5
SIM1
SIM2
SIM3
SIM4
1
21
22
SIM5
SIM1
SIM2
SIM3
SIM4
1
21
22
SIM5
SIM1
SIM2
SIM3
SIM4
1
21
22
SIM5
SIM1
SIM2
SIM3
SIM4
1
21
22
SIM5
SIM1
SIM2
SIM3
SIM4
1
21
22
SIM5
SIM1
SIM2
SIM3
SIM4
1
21
22
SIM5
SIM1
SIM2
SIM3
SIM4
1
21
22
SIM5
SIM1
SIM2
SIM3
SIM4
1
21
22
SIM5
SIM1
SIM2
SIM3
SIM4
1
21
22
SIM5
SIM1
SIM2
SIM3
SIM4
1
21
22
SIM5
SIM1
SIM2
SIM3
SIM4
1
21
22
SIM5
SIM1
SIM2
SIM3
SIM4
1
21
22
SIM5
SIM1
SIM2
SIM3
SIM4
1
21
22
SIM5
SIM1
SIM2
SIM3
SIM4
1
21
22
SIM5
SIM1
SIM2
SIM3
SIM4
1
21
22
SIM5
SIM1
SIM2
SIM3
SIM4
1
21
22
SIM5
SIM1
SIM2
SIM3
SIM4
1
21
22
SIM5
SIM1
SIM2
SIM3
SIM4
1
21
22
SIM5
SIM1
SIM2
SIM3
SIM4
1
21
22
SIM5
SIM1
SIM2
SIM3
SIM4
1
21
22
SIM5
SIM1
SIM2
SIM3
SIM4
1
21
22
SIM5
SIM1
SIM2
SIM3
SIM4
1
21
22
SIM5
SIM1
SIM2
SIM3
SIM4
1
21
22
SIM5
SIM1
SIM2
SIM3
SIM4
1
21
22
SIM5
SIM1
SIM2
SIM3
SIM4
1
21
22
SIM5
SIM1
SIM2
SIM3
SIM4
1
21
22
SIM5
SIM1
SIM2
SIM3
SIM4
1
21
22
SIM5
SIM1
SIM2
SIM3
SIM4
1
21
22
SIM5
SIM1
SIM2
SIM3
SIM4
1
21
22
SIM5
SIM1
SIM2
SIM3
SIM4
1
21
22
SIM5
SIM1
SIM2
SIM3
SIM4
1
21
22
SIM5
SIM1
SIM2
SIM3
SIM4
1
21
22
SIM5
SIM1
SIM2
SIM3
SIM4
1
21
22
SIM5
SIM1
SIM2
SIM3
SIM4
1
21
22
SIM5
SIM1
SIM2
SIM3
SIM4
1
21
22
SIM5
SIM1
SIM2
SIM3
SIM4
1
21
22
SIM5
SIM1
SIM2
SIM3
SIM4
1
21
22
SIM5
SIM1
SIM2
SIM3
SIM4
1
21
22
SIM5
SIM1
SIM2
SIM3
SIM4
1
21
22
SIM5
SIM1
SIM2
SIM3
SIM4
1
21
22
SIM5
SIM1
SIM2
SIM3
SIM4
1
21
22
SIM5
SIM1
SIM2
SIM3
SIM4
1
21
22
SIM5
SIM1
SIM2
SIM3
SIM4
1
21
22
SIM5
SIM1
SIM2
SIM3
SIM4
1
21
22
SIM5
SIM1
SIM2
SIM3
SIM4
1
21
22
SIM5
SIM1
SIM2
SIM3
SIM4
1
21
22
SIM5
SIM1
SIM2
SIM3
SIM4
1
21
22
SIM5
SIM1
SIM2
SIM3
SIM4
1
21
22
SIM5
SIM1
SIM2
SIM3
SIM4
1
21
22
SIM5
SIM1
SIM2
SIM3
SIM4
1
21
22
SIM5
SIM1
SIM2
SIM3
SIM4
1
21
22
SIM5
SIM1
SIM2
SIM3
SIM4
1
21
22
SIM5
SIM1
SIM2
SIM3
SIM4
1
21
22
SIM5
SIM1
SIM2
SIM3
SIM4
1
21
22
SIM5
SIM1
SIM2
SIM3
SIM4
1
21
22
SIM5
SIM1
SIM2
SIM3
SIM4
1
21
22
SIM5
SIM1
SIM2
SIM3
SIM4
1
21
22
SIM5
SIM1
SIM2
SIM3
SIM4
1
21
22
SIM5
SIM1
SIM2
SIM3
SIM4
1
21
22
SIM5
SIM1
SIM2
SIM3
SIM4
1
21
22
SIM5
SIM1
SIM2
SIM3
SIM4
1
21
22
SIM5
SIM1
SIM2
SIM3
SIM4
1
21
22
SIM5
SIM1
SIM2
SIM3
SIM4
1
21
22
SIM5
SIM1
SIM2
SIM3
SIM4
1
21
22
SIM5
SIM1
SIM2
SIM3
SIM4
1
21
22
SIM5
SIM1
SIM2
SIM3
SIM4
1
21
22
SIM5
SIM1
SIM2
SIM3
SIM4
1
21
22
SIM5
SIM1
SIM2
SIM3
SIM4
1
21
22
SIM5
SIM1
SIM2
SIM3
SIM4
1
21
22
SIM5
SIM1
SIM2
SIM3
SIM4
1
21
22
SIM5
SIM1
SIM2
SIM3
SIM4
1
21
22
SIM5
SIM1
SIM2
SIM3
SIM4
1
21
22
SIM5
SIM1
SIM2
SIM3
SIM4
1
21
22
SIM5
SIM1
SIM2
SIM3
SIM4
1
21
22
SIM5
SIM1
SIM2
SIM3
SIM4
1
21
22
SIM5
SIM1
SIM2
SIM3
SIM4
1
21
22
SIM5
SIM1
SIM2
SIM3
SIM4
1
21
22
SIM5
SIM1
SIM2
SIM3
SIM4
1
21
22
SIM5
SIM1
SIM2
SIM3
SIM4
1
21
22
SIM5
SIM1
SIM2
SIM3
SIM4
1
21
22
SIM5
SIM1
SIM2
SIM3
SIM4
1
21
22
SIM5
SIM1
SIM2
SIM3
SIM4
1
21
22
SIM5
SIM1
SIM2
SIM3
SIM4
1
21
22
SIM5
SIM1
SIM2
SIM3
SIM4
1
21
22
SIM5
SIM1
SIM2
SIM3
SIM4
1
21
22
SIM5
SIM1
SIM2
SIM3
SIM4
1
21
22
SIM5
SIM1
SIM2
SIM3
SIM4
1
21
22
SIM5
SIM1
SIM2
SIM3
SIM4
1
21
22
SIM5
SIM1
SIM2
SIM3
SIM4
1
21
22
SIM5
SIM1
SIM2
SIM3
SIM4
1
21
22
SIM5
SIM1
SIM2
SIM3
SIM4
1
21
22
SIM5
SIM1
SIM2
SIM3
SIM4
1
21
22
SIM5
SIM1
SIM2
SIM3
SIM4
1
21
22
SIM5
SIM1
SIM2
SIM3
SIM4
1
21
22
SIM5
SIM1
SIM2
SIM3
SIM4
1
21
22
SIM5
SIM1
SIM2
SIM3
SIM4
1
21
22
SIM5
SIM1
SIM2
SIM3
SIM4
1
21
22
SIM5
SIM1
SIM2
SIM3
SIM4
1
21
22
SIM5
SIM1
SIM2
SIM3
SIM4
1
21
22
SIM5
SIM1
SIM2
SIM3
SIM4
1
21
22
SIM5
SIM1
SIM2
SIM3
SIM4
1
21
22
SIM5
SIM1
SIM2
SIM3
SIM4
1
21
22
SIM5
SIM1
SIM2
SIM3
SIM4
1
21
22
SIM5
SIM1
SIM2
SIM3
SIM4
1
21
22
SIM5
SIM1
SIM2
SIM3
SIM4
1
21
22
SIM5
SIM1
SIM2
SIM3
SIM4
1
21
22
SIM5
SIM1
SIM2
SIM3
SIM4
1
21
22
SIM5
SIM1
SIM2
SIM3
SIM4
1
21
22
SIM5
SIM1
SIM2
SIM3
SIM4
1
21
22
SIM5
SIM1
SIM2
SIM3
SIM4
1
21
22
SIM5
SIM1
SIM2
SIM3
SIM4
1
21
22
SIM5
SIM1
SIM2
SIM3
SIM4
1
21
22
SIM5
SIM1
SIM2
SIM3
SIM4
1
21
22
SIM5
SIM1
SIM2
SIM3
SIM4
1
21
22
SIM5
SIM1
SIM2
SIM3
SIM4
1
21
22
SIM5
SIM1
SIM2
SIM3
SIM4
1
21
22
SIM5
SIM1
SIM2
SIM3
SIM4
1
21
22
SIM5
SIM1
SIM2
SIM3
SIM4
1
21
22
SIM5
SIM1
SIM2
SIM3
SIM4
1
21
22
SIM5
SIM1
SIM2
SIM3
SIM4
1
21
22
SIM5
SIM1
SIM2
SIM3
SIM4
1
21
22
SIM5
SIM1
SIM2
SIM3
SIM4
1
21
22
SIM5
SIM1
SIM2
SIM3
SIM4
1
21
22
SIM5
SIM1
SIM2
SIM3
SIM4
1
21
22
SIM5
SIM1
SIM2
SIM3
SIM4
1
21
22
SIM5
SIM1
SIM2
SIM3
SIM4
1
21
22
SIM5
SIM1
SIM2
SIM3
SIM4
1
21
22
SIM5
SIM1
SIM2
SIM3
SIM4
1
21
22
SIM5
SIM1
SIM2
SIM3
SIM4
1
21
22
SIM5
SIM1
SIM2
SIM3
SIM4
1
21
22
SIM5
SIM1
SIM2
SIM3
SIM4
1
21
22
SIM5
SIM1
SIM2
SIM3
SIM4
1
21
22
SIM5
SIM1
SIM2
SIM3
SIM4
1
21
22
SIM5
SIM1
SIM2
SIM3
SIM4
1
21
22
SIM5
SIM1
SIM2
SIM3
SIM4
1
21
22
SIM5
SIM1
SIM2
SIM3
SIM4
1
21
22
SIM5
SIM1
SIM2
SIM3
SIM4
1
21
22
SIM5
SIM1
SIM2
SIM3
SIM4
1
21
22
SIM5
SIM1
SIM2
SIM3
SIM4
1
21
22
SIM5
SIM1
SIM2
SIM3
SIM4
1
21
22
SIM5
SIM1
SIM2
SIM3
SIM4
1
21
22
SIM5
SIM1
SIM2
SIM3
SIM4
1
21
22
SIM5
SIM1
SIM2
SIM3
SIM4
1
21
22
SIM5
SIM1
SIM2
SIM3
SIM4
1
21
22
SIM5
SIM1
SIM2
SIM3
SIM4
1
21
22
SIM5
SIM1
SIM2
SIM3
SIM4
1
21
22
SIM5
SIM1
SIM2
SIM3
SIM4
1
21
22
SIM5
SIM1
SIM2
SIM3
SIM4
1
21
22
SIM5
SIM1
SIM2
SIM3
SIM4
1
21
22
SIM5
SIM1
SIM2
SIM3
SIM4
1
21
22
SIM5
SIM1
SIM2
SIM3
SIM4
1
21
22
SIM5
SIM1
SIM2
SIM3
SIM4
1
21
22
SIM5
SIM1
SIM2
SIM3
SIM4
1
21
22
SIM5
SIM1
SIM2
DEBUG 1 445
SIM1
SIM2
SIM3
SIM4
1
21
22
SIM5
SIM1
SIM2
SIM3
SIM4
1
21
22
SIM5
SIM1
SIM2
SIM3
SIM4
1
21
22
SIM5
SIM1
SIM2
SIM3
SIM4
1
21
22
SIM5
SIM1
SIM2
SIM3
SIM4
1
21
22
SIM5
SIM1
SIM2
SIM3
SIM4
1
21
22
SIM5
SIM1
SIM2
SIM3
SIM4
1
21
22
SIM5
SIM1
SIM2
SIM3
SIM4
1
21
22
SIM5
SIM1
SIM2
SIM3
SIM4
1
21
22
SIM5
SIM1
SIM2
SIM3
SIM4
1
21
22
SIM5
SIM1
SIM2
SIM3
SIM4
1
21
22
SIM5
SIM1
SIM2
SIM3
SIM4
1
21
22
SIM5
SIM1
SIM2
SIM3
SIM4
1
21
22
SIM5
SIM1
SIM2
SIM3
SIM4
1
21
22
SIM5
SIM1
SIM2
SIM3
SIM4
1
21
22
SIM5
SIM1
SIM2
SIM3
SIM4
1
21
22
SIM5
SIM1
SIM2
SIM3
SIM4
1
21
22
SIM5
SIM1
SIM2
SIM3
SIM4
1
21
22
SIM5
SIM1
SIM2
SIM3
SIM4
1
21
22
SIM5
SIM1
SIM2
SIM3
SIM4
1
21
22
SIM5
SIM1
SIM2
SIM3
SIM4
1
21
22
SIM5
SIM1
SIM2
SIM3
SIM4
1
21
22
SIM5
SIM1
SIM2
SIM3
SIM4
1
21
22
SIM5
SIM1
SIM2
SIM3
SIM4
1
21
22
SIM5
SIM1
SIM2
SIM3
SIM4
1
21
22
SIM5
SIM1
SIM2
SIM3
SIM4
1
21
22
SIM5
SIM1
SIM2
DEBUG 1 446
SIM1
SIM2
SIM3
SIM4
1
21
22
SIM5
SIM1
SIM2
SIM3
SIM4
1
21
22
SIM5
SIM1
SIM2
SIM3
SIM4
1
21
22
SIM5
SIM1
SIM2
SIM3
SIM4
1
21
22
SIM5
SIM1
SIM2
SIM3
SIM4
1
21
22
SIM5
SIM1
SIM2
SIM3
SIM4
1
21
22
SIM5
SIM1
SIM2
SIM3
SIM4
1
21
22
SIM5
SIM1
SIM2
SIM3
SIM4
1
21
22
SIM5
SIM1
SIM2
SIM3
SIM4
1
21
22
SIM5
SIM1
SIM2
SIM3
SIM4
1
21
22
SIM5
SIM1
SIM2
SIM3
SIM4
1
21
22
SIM5
SIM1
SIM2
SIM3
SIM4
1
21
22
SIM5
SIM1
SIM2
SIM3
SIM4
1
21
22
SIM5
SIM1
SIM2
SIM3
SIM4
1
21
22
SIM5
SIM1
SIM2
SIM3
SIM4
1
21
22
SIM5
SIM1
SIM2
SIM3
SIM4
1
21
22
SIM5
SIM1
SIM2
SIM3
SIM4
1
21
22
SIM5
SIM1
SIM2
SIM3
SIM4
1
21
22
SIM5
SIM1
SIM2
SIM3
SIM4
1
21
22
SIM5
SIM1
SIM2
SIM3
SIM4
1
21
22
SIM5
SIM1
SIM2
SIM3
SIM4
1
21
22
SIM5
SIM1
SIM2
SIM3
SIM4
1
21
22
SIM5
SIM1
SIM2
SIM3
SIM4
1
21
22
SIM5
SIM1
SIM2
SIM3
SIM4
1
21
22
SIM5
SIM1
SIM2
SIM3
SIM4
1
21
22
SIM5
SIM1
SIM2
SIM3
SIM4
1
21
22
SIM5
SIM1
SIM2
SIM3
SIM4
1
21
22
SIM5
SIM1
SIM2
SIM3
SIM4
1
21
22
SIM5
SIM1
SIM2
SIM3
SIM4
1
21
22
SIM5
SIM1
SIM2
SIM3
SIM4
1
21
22
SIM5
SIM1
SIM2
SIM3
SIM4
1
21
22
SIM5
SIM1
SIM2
SIM3
SIM4
1
21
22
SIM5
SIM1
SIM2
SIM3
SIM4
1
21
22
SIM5
SIM1
SIM2
SIM3
SIM4
1
21
22
SIM5
SIM1
SIM2
SIM3
SIM4
1
21
22
SIM5
SIM1
SIM2
SIM3
SIM4
1
21
22
SIM5
SIM1
SIM2
SIM3
SIM4
1
21
22
SIM5
SIM1
SIM2
SIM3
SIM4
1
21
22
SIM5
SIM1
SIM2
SIM3
SIM4
1
21
22
SIM5
SIM1
SIM2
SIM3
SIM4
1
21
22
SIM5
SIM1
SIM2
SIM3
SIM4
1
21
22
SIM5
SIM1
SIM2
SIM3
SIM4
1
21
22
SIM5
SIM1
SIM2
SIM3
SIM4
1
21
22
SIM5
SIM1
SIM2
SIM3
SIM4
1
21
22
SIM5
SIM1
SIM2
SIM3
SIM4
1
21
22
SIM5
SIM1
SIM2
SIM3
SIM4
1
21
22
SIM5
SIM1
SIM2
SIM3
SIM4
1
21
22
SIM5
SIM1
SIM2
SIM3
SIM4
1
21
22
SIM5
SIM1
SIM2
SIM3
SIM4
1
21
22
SIM5
SIM1
SIM2
SIM3
SIM4
1
21
22
SIM5
SIM1
SIM2
SIM3
SIM4
1
21
22
SIM5
SIM1
SIM2
SIM3
SIM4
1
21
22
SIM5
SIM1
SIM2
SIM3
SIM4
1
21
22
SIM5
SIM1
SIM2
SIM3
SIM4
1
21
22
SIM5
SIM1
SIM2
SIM3
SIM4
1
21
22
SIM5
SIM1
SIM2
SIM3
SIM4
1
21
22
SIM5
SIM1
SIM2
SIM3
SIM4
1
21
22
SIM5
SIM1
SIM2
SIM3
SIM4
1
21
22
SIM5
SIM1
SIM2
SIM3
SIM4
1
21
22
SIM5
SIM1
SIM2
SIM3
SIM4
1
21
22
SIM5
SIM1
SIM2
SIM3
SIM4
1
21
22
SIM5
SIM1
SIM2
SIM3
SIM4
1
21
22
SIM5
SIM1
SIM2
SIM3
SIM4
1
21
22
SIM5
SIM1
SIM2
SIM3
SIM4
1
21
22
SIM5
SIM1
SIM2
SIM3
SIM4
1
21
22
SIM5
SIM1
SIM2
SIM3
SIM4
1
21
22
SIM5
SIM1
SIM2
SIM3
SIM4
1
21
22
SIM5
SIM1
SIM2
SIM3
SIM4
1
21
22
SIM5
SIM1
SIM2
SIM3
SIM4
1
21
22
SIM5
SIM1
SIM2
SIM3
SIM4
1
21
22
SIM5
SIM1
SIM2
SIM3
SIM4
1
21
22
SIM5
SIM1
SIM2
SIM3
SIM4
1
21
22
SIM5
SIM1
SIM2
SIM3
SIM4
1
21
22
SIM5
SIM1
SIM2
SIM3
SIM4
1
21
22
SIM5
SIM1
SIM2
SIM3
SIM4
1
21
22
SIM5
SIM1
SIM2
SIM3
SIM4
1
21
22
SIM5
SIM1
SIM2
SIM3
SIM4
1
21
22
SIM5
SIM1
SIM2
SIM3
SIM4
1
21
22
SIM5
SIM1
SIM2
SIM3
SIM4
1
21
22
SIM5
SIM1
SIM2
SIM3
SIM4
1
21
22
SIM5
SIM1
SIM2
SIM3
SIM4
1
21
22
SIM5
SIM1
SIM2
SIM3
SIM4
1
21
22
SIM5
SIM1
SIM2
SIM3
SIM4
1
21
22
SIM5
SIM1
SIM2
SIM3
SIM4
1
21
22
SIM5
SIM1
SIM2
SIM3
SIM4
1
21
22
SIM5
SIM1
SIM2
SIM3
SIM4
1
21
22
SIM5
SIM1
SIM2
SIM3
SIM4
1
21
22
SIM5
SIM1
SIM2
SIM3
SIM4
1
21
22
SIM5
SIM1
SIM2
SIM3
SIM4
1
21
22
SIM5
SIM1
SIM2
SIM3
SIM4
1
21
22
SIM5
SIM1
SIM2
SIM3
SIM4
1
21
22
SIM5
SIM1
SIM2
SIM3
SIM4
1
21
22
SIM5
SIM1
SIM2
SIM3
SIM4
1
21
22
SIM5
SIM1
SIM2
SIM3
SIM4
1
21
22
SIM5
SIM1
SIM2
SIM3
SIM4
1
21
22
SIM5
SIM1
SIM2
SIM3
SIM4
1
21
22
SIM5
SIM1
SIM2
SIM3
SIM4
1
21
22
SIM5
SIM1
SIM2
SIM3
SIM4
1
21
22
SIM5
SIM1
SIM2
SIM3
SIM4
1
21
22
SIM5
SIM1
SIM2
SIM3
SIM4
1
21
22
SIM5
SIM1
SIM2
SIM3
SIM4
1
21
22
SIM5
SIM1
SIM2
SIM3
SIM4
1
21
22
SIM5
SIM1
SIM2
SIM3
SIM4
1
21
22
SIM5
SIM1
SIM2
SIM3
SIM4
1
21
22
SIM5
SIM1
SIM2
SIM3
SIM4
1
21
22
SIM5
SIM1
SIM2
SIM3
SIM4
1
21
22
SIM5
SIM1
SIM2
SIM3
SIM4
1
21
22
SIM5
SIM1
SIM2
SIM3
SIM4
1
21
22
SIM5
SIM1
SIM2
DEBUG 1 447
SIM1
SIM2
SIM3
SIM4
1
21
22
SIM5
SIM1
SIM2
SIM3
SIM4
1
21
22
SIM5
SIM1
SIM2
SIM3
SIM4
1
21
22
SIM5
SIM1
SIM2
SIM3
SIM4
1
21
22
SIM5
SIM1
SIM2
SIM3
SIM4
1
21
22
SIM5
SIM1
SIM2
SIM3
SIM4
1
21
22
SIM5
SIM1
SIM2
SIM3
SIM4
1
21
22
SIM5
SIM1
SIM2
SIM3
SIM4
1
21
22
SIM5
SIM1
SIM2
SIM3
SIM4
1
21
22
SIM5
SIM1
SIM2
SIM3
SIM4
1
21
22
SIM5
SIM1
SIM2
SIM3
SIM4
1
21
22
SIM5
SIM1
SIM2
SIM3
SIM4
1
21
22
SIM5
SIM1
SIM2
SIM3
SIM4
1
21
22
SIM5
SIM1
SIM2
SIM3
SIM4
1
21
22
SIM5
SIM1
SIM2
SIM3
SIM4
1
21
22
SIM5
SIM1
SIM2
SIM3
SIM4
1
21
22
SIM5
SIM1
SIM2
SIM3
SIM4
1
21
22
SIM5
SIM1
SIM2
SIM3
SIM4
1
21
22
SIM5
SIM1
SIM2
SIM3
SIM4
1
21
22
SIM5
SIM1
SIM2
SIM3
SIM4
1
21
22
SIM5
SIM1
SIM2
SIM3
SIM4
1
21
22
SIM5
SIM1
SIM2
SIM3
SIM4
1
21
22
SIM5
SIM1
SIM2
SIM3
SIM4
1
21
22
SIM5
SIM1
SIM2
SIM3
SIM4
1
21
22
SIM5
SIM1
SIM2
SIM3
SIM4
1
21
22
SIM5
SIM1
SIM2
SIM3
SIM4
1
21
22
SIM5
SIM1
SIM2
SIM3
SIM4
1
21
22
SIM5
SIM1
SIM2
SIM3
SIM4
1
21
22
SIM5
SIM1
SIM2
SIM3
SIM4
1
21
22
SIM5
SIM1
SIM2
SIM3
SIM4
1
21
22
SIM5
SIM1
SIM2
SIM3
SIM4
1
21
22
SIM5
SIM1
SIM2
SIM3
SIM4
1
21
22
SIM5
SIM1
SIM2
SIM3
SIM4
1
21
22
SIM5
SIM1
SIM2
SIM3
SIM4
1
21
22
SIM5
SIM1
SIM2
SIM3
SIM4
1
21
22
SIM5
SIM1
SIM2
SIM3
SIM4
1
21
22
SIM5
SIM1
SIM2
SIM3
SIM4
1
21
22
SIM5
SIM1
SIM2
SIM3
SIM4
1
21
22
SIM5
SIM1
SIM2
SIM3
SIM4
1
21
22
SIM5
SIM1
SIM2
SIM3
SIM4
1
21
22
SIM5
SIM1
SIM2
SIM3
SIM4
1
21
22
SIM5
SIM1
SIM2
SIM3
SIM4
1
21
22
SIM5
SIM1
SIM2
SIM3
SIM4
1
21
22
SIM5
SIM1
SIM2
SIM3
SIM4
1
21
22
SIM5
SIM1
SIM2
SIM3
SIM4
1
21
22
SIM5
SIM1
SIM2
SIM3
SIM4
1
21
22
SIM5
SIM1
SIM2
SIM3
SIM4
1
21
22
SIM5
SIM1
SIM2
SIM3
SIM4
1
21
22
SIM5
SIM1
SIM2
SIM3
SIM4
1
21
22
SIM5
SIM1
SIM2
SIM3
SIM4
1
21
22
SIM5
SIM1
SIM2
SIM3
SIM4
1
21
22
SIM5
SIM1
SIM2
SIM3
SIM4
1
21
22
SIM5
SIM1
SIM2
SIM3
SIM4
1
21
22
SIM5
SIM1
SIM2
SIM3
SIM4
1
21
22
SIM5
SIM1
SIM2
SIM3
SIM4
1
21
22
SIM5
SIM1
SIM2
SIM3
SIM4
1
21
22
SIM5
SIM1
SIM2
SIM3
SIM4
1
21
22
SIM5
SIM1
SIM2
SIM3
SIM4
1
21
22
SIM5
SIM1
SIM2
SIM3
SIM4
1
21
22
SIM5
SIM1
SIM2
SIM3
SIM4
1
21
22
SIM5
SIM1
SIM2
SIM3
SIM4
1
21
22
SIM5
SIM1
SIM2
SIM3
SIM4
1
21
22
SIM5
SIM1
SIM2
SIM3
SIM4
1
21
22
SIM5
SIM1
SIM2
SIM3
SIM4
1
21
22
SIM5
SIM1
SIM2
SIM3
SIM4
1
21
22
SIM5
SIM1
SIM2
SIM3
SIM4
1
21
22
SIM5
SIM1
SIM2
SIM3
SIM4
1
21
22
SIM5
SIM1
SIM2
SIM3
SIM4
1
21
22
SIM5
SIM1
SIM2
SIM3
SIM4
1
21
22
SIM5
SIM1
SIM2
SIM3
SIM4
1
21
22
SIM5
SIM1
SIM2
SIM3
SIM4
1
21
22
SIM5
SIM1
SIM2
SIM3
SIM4
1
21
22
SIM5
SIM1
SIM2
SIM3
SIM4
1
21
22
SIM5
SIM1
SIM2
SIM3
SIM4
1
21
22
SIM5
SIM1
SIM2
SIM3
SIM4
1
21
22
SIM5
SIM1
SIM2
SIM3
SIM4
1
21
22
SIM5
SIM1
SIM2
SIM3
SIM4
1
21
22
SIM5
SIM1
SIM2
SIM3
SIM4
1
21
22
SIM5
SIM1
SIM2
SIM3
SIM4
1
21
22
SIM5
SIM1
SIM2
SIM3
SIM4
1
21
22
SIM5
SIM1
SIM2
SIM3
SIM4
1
21
22
SIM5
SIM1
SIM2
SIM3
SIM4
1
21
22
SIM5
SIM1
SIM2
SIM3
SIM4
1
21
22
SIM5
SIM1
SIM2
SIM3
SIM4
1
21
22
SIM5
SIM1
SIM2
SIM3
SIM4
1
21
22
SIM5
SIM1
SIM2
SIM3
SIM4
1
21
22
SIM5
SIM1
SIM2
SIM3
SIM4
1
21
22
SIM5
SIM1
SIM2
SIM3
SIM4
1
21
22
SIM5
SIM1
SIM2
SIM3
SIM4
1
21
22
SIM5
SIM1
SIM2
SIM3
SIM4
1
21
22
SIM5
SIM1
SIM2
SIM3
SIM4
1
21
22
SIM5
SIM1
SIM2
SIM3
SIM4
1
21
22
SIM5
SIM1
SIM2
SIM3
SIM4
1
21
22
SIM5
SIM1
SIM2
SIM3
SIM4
1
21
22
SIM5
SIM1
SIM2
SIM3
SIM4
1
21
22
SIM5
SIM1
SIM2
SIM3
SIM4
1
21
22
SIM5
SIM1
SIM2
SIM3
SIM4
1
21
22
SIM5
SIM1
SIM2
SIM3
SIM4
1
21
22
SIM5
SIM1
SIM2
SIM3
SIM4
1
21
22
SIM5
SIM1
SIM2
SIM3
SIM4
1
21
22
SIM5
SIM1
SIM2
SIM3
SIM4
1
21
22
SIM5
SIM1
SIM2
SIM3
SIM4
1
21
22
SIM5
SIM1
SIM2
SIM3
SIM4
1
21
22
SIM5
SIM1
SIM2
SIM3
SIM4
1
21
22
SIM5
SIM1
SIM2
SIM3
SIM4
1
21
22
SIM5
SIM1
SIM2
SIM3
SIM4
1
21
22
SIM5
SIM1
SIM2
SIM3
SIM4
1
21
22
SIM5
SIM1
SIM2
SIM3
SIM4
1
21
22
SIM5
SIM1
SIM2
SIM3
SIM4
1
21
22
SIM5
SIM1
SIM2
SIM3
SIM4
1
21
22
SIM5
SIM1
SIM2
SIM3
SIM4
1
21
22
SIM5
SIM1
SIM2
SIM3
SIM4
1
21
22
SIM5
SIM1
SIM2
SIM3
SIM4
1
21
22
SIM5
SIM1
SIM2
SIM3
SIM4
1
21
22
SIM5
SIM1
SIM2
SIM3
SIM4
1
21
22
SIM5
SIM1
SIM2
SIM3
SIM4
1
21
22
SIM5
SIM1
SIM2
DEBUG 1 448
SIM1
SIM2
SIM3
SIM4
1
21
22
SIM5
SIM1
SIM2
SIM3
SIM4
1
21
22
SIM5
SIM1
SIM2
SIM3
SIM4
1
21
22
SIM5
SIM1
SIM2
SIM3
SIM4
1
21
22
SIM5
SIM1
SIM2
SIM3
SIM4
1
21
22
SIM5
SIM1
SIM2
SIM3
SIM4
1
21
22
SIM5
SIM1
SIM2
SIM3
SIM4
1
21
22
SIM5
SIM1
SIM2
SIM3
SIM4
1
21
22
SIM5
SIM1
SIM2
SIM3
SIM4
1
21
22
SIM5
SIM1
SIM2
SIM3
SIM4
1
21
22
SIM5
SIM1
SIM2
SIM3
SIM4
1
21
22
SIM5
SIM1
SIM2
SIM3
SIM4
1
21
22
SIM5
SIM1
SIM2
SIM3
SIM4
1
21
22
SIM5
SIM1
SIM2
SIM3
SIM4
1
21
22
SIM5
SIM1
SIM2
SIM3
SIM4
1
21
22
SIM5
SIM1
SIM2
SIM3
SIM4
1
21
22
SIM5
SIM1
SIM2
SIM3
SIM4
1
21
22
SIM5
SIM1
SIM2
SIM3
SIM4
1
21
22
SIM5
SIM1
SIM2
SIM3
SIM4
1
21
22
SIM5
SIM1
SIM2
SIM3
SIM4
1
21
22
SIM5
SIM1
SIM2
SIM3
SIM4
1
21
22
SIM5
SIM1
SIM2
SIM3
SIM4
1
21
22
SIM5
SIM1
SIM2
SIM3
SIM4
1
21
22
SIM5
SIM1
SIM2
SIM3
SIM4
1
21
22
SIM5
SIM1
SIM2
SIM3
SIM4
1
21
22
SIM5
SIM1
SIM2
SIM3
SIM4
1
21
22
SIM5
SIM1
SIM2
SIM3
SIM4
1
21
22
SIM5
SIM1
SIM2
SIM3
SIM4
1
21
22
SIM5
SIM1
SIM2
SIM3
SIM4
1
21
22
SIM5
SIM1
SIM2
SIM3
SIM4
1
21
22
SIM5
SIM1
SIM2
SIM3
SIM4
1
21
22
SIM5
SIM1
SIM2
SIM3
SIM4
1
21
22
SIM5
SIM1
SIM2
SIM3
SIM4
1
21
22
SIM5
SIM1
SIM2
SIM3
SIM4
1
21
22
SIM5
SIM1
SIM2
SIM3
SIM4
1
21
22
SIM5
SIM1
SIM2
SIM3
SIM4
1
21
22
SIM5
SIM1
SIM2
SIM3
SIM4
1
21
22
SIM5
SIM1
SIM2
SIM3
SIM4
1
21
22
SIM5
SIM1
SIM2
SIM3
SIM4
1
21
22
SIM5
SIM1
SIM2
SIM3
SIM4
1
21
22
SIM5
SIM1
SIM2
SIM3
SIM4
1
21
22
SIM5
SIM1
SIM2
SIM3
SIM4
1
21
22
SIM5
SIM1
SIM2
SIM3
SIM4
1
21
22
SIM5
SIM1
SIM2
SIM3
SIM4
1
21
22
SIM5
SIM1
SIM2
SIM3
SIM4
1
21
22
SIM5
SIM1
SIM2
SIM3
SIM4
1
21
22
SIM5
SIM1
SIM2
SIM3
SIM4
1
21
22
SIM5
SIM1
SIM2
SIM3
SIM4
1
21
22
SIM5
SIM1
SIM2
SIM3
SIM4
1
21
22
SIM5
SIM1
SIM2
SIM3
SIM4
1
21
22
SIM5
SIM1
SIM2
SIM3
SIM4
1
21
22
SIM5
SIM1
SIM2
SIM3
SIM4
1
21
22
SIM5
SIM1
SIM2
SIM3
SIM4
1
21
22
SIM5
SIM1
SIM2
SIM3
SIM4
1
21
22
SIM5
SIM1
SIM2
SIM3
SIM4
1
21
22
SIM5
SIM1
SIM2
SIM3
SIM4
1
21
22
SIM5
SIM1
SIM2
SIM3
SIM4
1
21
22
SIM5
SIM1
SIM2
SIM3
SIM4
1
21
22
SIM5
SIM1
SIM2
SIM3
SIM4
1
21
22
SIM5
SIM1
SIM2
SIM3
SIM4
1
21
22
SIM5
SIM1
SIM2
SIM3
SIM4
1
21
22
SIM5
SIM1
SIM2
SIM3
SIM4
1
21
22
SIM5
SIM1
SIM2
SIM3
SIM4
1
21
22
SIM5
SIM1
SIM2
SIM3
SIM4
1
21
22
SIM5
SIM1
SIM2
SIM3
SIM4
1
21
22
SIM5
SIM1
SIM2
SIM3
SIM4
1
21
22
SIM5
SIM1
SIM2
SIM3
SIM4
1
21
22
SIM5
SIM1
SIM2
SIM3
SIM4
1
21
22
SIM5
SIM1
SIM2
SIM3
SIM4
1
21
22
SIM5
SIM1
SIM2
SIM3
SIM4
1
21
22
SIM5
SIM1
SIM2
SIM3
SIM4
1
21
22
SIM5
SIM1
SIM2
SIM3
SIM4
1
21
22
SIM5
SIM1
SIM2
SIM3
SIM4
1
21
22
SIM5
SIM1
SIM2
SIM3
SIM4
1
21
22
SIM5
SIM1
SIM2
SIM3
SIM4
1
21
22
SIM5
SIM1
SIM2
SIM3
SIM4
1
21
22
SIM5
SIM1
SIM2
SIM3
SIM4
1
21
22
SIM5
SIM1
SIM2
SIM3
SIM4
1
21
22
SIM5
SIM1
SIM2
SIM3
SIM4
1
21
22
SIM5
SIM1
SIM2
SIM3
SIM4
1
21
22
SIM5
SIM1
SIM2
SIM3
SIM4
1
21
22
SIM5
SIM1
SIM2
SIM3
SIM4
1
21
22
SIM5
SIM1
SIM2
SIM3
SIM4
1
21
22
SIM5
SIM1
SIM2
SIM3
SIM4
1
21
22
SIM5
SIM1
SIM2
SIM3
SIM4
1
21
22
SIM5
SIM1
SIM2
SIM3
SIM4
1
21
22
SIM5
SIM1
SIM2
SIM3
SIM4
1
21
22
SIM5
SIM1
SIM2
SIM3
SIM4
1
21
22
SIM5
SIM1
SIM2
SIM3
SIM4
1
21
22
SIM5
SIM1
SIM2
SIM3
SIM4
1
21
22
SIM5
SIM1
SIM2
SIM3
SIM4
1
21
22
SIM5
SIM1
SIM2
SIM3
SIM4
1
21
22
SIM5
SIM1
SIM2
SIM3
SIM4
1
21
22
SIM5
SIM1
SIM2
SIM3
SIM4
1
21
22
SIM5
SIM1
SIM2
SIM3
SIM4
1
21
22
SIM5
SIM1
SIM2
SIM3
SIM4
1
21
22
SIM5
SIM1
SIM2
SIM3
SIM4
1
21
22
SIM5
SIM1
SIM2
SIM3
SIM4
1
21
22
SIM5
SIM1
SIM2
SIM3
SIM4
1
21
22
SIM5
SIM1
SIM2
SIM3
SIM4
1
21
22
SIM5
SIM1
SIM2
SIM3
SIM4
1
21
22
SIM5
SIM1
SIM2
SIM3
SIM4
1
21
22
SIM5
SIM1
SIM2
SIM3
SIM4
1
21
22
SIM5
SIM1
SIM2
SIM3
SIM4
1
21
22
SIM5
SIM1
SIM2
SIM3
SIM4
1
21
22
SIM5
SIM1
SIM2
SIM3
SIM4
1
21
22
SIM5
SIM1
SIM2
SIM3
SIM4
1
21
22
SIM5
SIM1
SIM2
SIM3
SIM4
1
21
22
SIM5
SIM1
SIM2
SIM3
SIM4
1
21
22
SIM5
SIM1
SIM2
SIM3
SIM4
1
21
22
SIM5
SIM1
SIM2
SIM3
SIM4
1
21
22
SIM5
SIM1
SIM2
SIM3
SIM4
1
21
22
SIM5
SIM1
SIM2
SIM3
SIM4
1
21
22
SIM5
SIM1
SIM2
SIM3
SIM4
1
21
22
SIM5
SIM1
SIM2
SIM3
SIM4
1
21
22
SIM5
SIM1
SIM2
SIM3
SIM4
1
21
22
SIM5
SIM1
SIM2
SIM3
SIM4
1
21
22
SIM5
SIM1
SIM2
SIM3
SIM4
1
21
22
SIM5
SIM1
SIM2
SIM3
SIM4
1
21
22
SIM5
SIM1
SIM2
SIM3
SIM4
1
21
22
SIM5
SIM1
SIM2
SIM3
SIM4
1
21
22
SIM5
SIM1
SIM2
SIM3
SIM4
1
21
22
SIM5
SIM1
SIM2
SIM3
SIM4
1
21
22
SIM5
SIM1
SIM2
SIM3
SIM4
1
21
22
SIM5
SIM1
SIM2
SIM3
SIM4
1
21
22
SIM5
SIM1
SIM2
SIM3
SIM4
1
21
22
SIM5
SIM1
SIM2
SIM3
SIM4
1
21
22
SIM5
SIM1
SIM2
SIM3
SIM4
1
21
22
SIM5
SIM1
SIM2
SIM3
SIM4
1
21
22
SIM5
SIM1
SIM2
SIM3
SIM4
1
21
22
SIM5
SIM1
SIM2
SIM3
SIM4
1
21
22
SIM5
SIM1
SIM2
SIM3
SIM4
1
21
22
SIM5
SIM1
SIM2
SIM3
SIM4
1
21
22
SIM5
SIM1
SIM2
SIM3
SIM4
1
21
22
SIM5
SIM1
SIM2
SIM3
SIM4
1
21
22
SIM5
SIM1
SIM2
SIM3
SIM4
1
21
22
SIM5
SIM1
SIM2
SIM3
SIM4
1
21
22
SIM5
SIM1
SIM2
SIM3
SIM4
1
21
22
SIM5
SIM1
SIM2
SIM3
SIM4
1
21
22
SIM5
SIM1
SIM2
SIM3
SIM4
1
21
22
SIM5
SIM1
SIM2
SIM3
SIM4
1
21
22
SIM5
SIM1
SIM2
SIM3
SIM4
1
21
22
SIM5
SIM1
SIM2
SIM3
SIM4
1
21
22
SIM5
SIM1
SIM2
SIM3
SIM4
1
21
22
SIM5
SIM1
SIM2
SIM3
SIM4
1
21
22
SIM5
SIM1
SIM2
SIM3
SIM4
1
21
22
SIM5
SIM1
SIM2
SIM3
SIM4
1
21
22
SIM5
SIM1
SIM2
SIM3
SIM4
1
21
22
SIM5
SIM1
SIM2
SIM3
SIM4
1
21
22
SIM5
SIM1
SIM2
SIM3
SIM4
1
21
22
SIM5
SIM1
SIM2
SIM3
SIM4
1
21
22
SIM5
SIM1
SIM2
SIM3
SIM4
1
21
22
SIM5
SIM1
SIM2
SIM3
SIM4
1
21
22
SIM5
SIM1
SIM2
SIM3
SIM4
1
21
22
SIM5
SIM1
SIM2
SIM3
SIM4
1
21
22
SIM5
SIM1
SIM2
SIM3
SIM4
1
21
22
SIM5
SIM1
SIM2
SIM3
SIM4
1
21
22
SIM5
SIM1
SIM2
SIM3
SIM4
1
21
22
SIM5
SIM1
SIM2
SIM3
SIM4
1
21
22
SIM5
SIM1
SIM2
SIM3
SIM4
1
21
22
SIM5
SIM1
SIM2
SIM3
SIM4
1
21
22
SIM5
SIM1
SIM2
SIM3
SIM4
1
21
22
SIM5
SIM1
SIM2
SIM3
SIM4
1
21
22
SIM5
SIM1
SIM2
SIM3
SIM4
1
21
22
SIM5
SIM1
SIM2
SIM3
SIM4
1
21
22
SIM5
SIM1
SIM2
SIM3
SIM4
1
21
22
SIM5
SIM1
SIM2
SIM3
SIM4
1
21
22
SIM5
SIM1
SIM2
SIM3
SIM4
1
21
22
SIM5
SIM1
SIM2
SIM3
SIM4
1
21
22
SIM5
SIM1
SIM2
SIM3
SIM4
1
21
22
SIM5
SIM1
SIM2
SIM3
SIM4
1
21
22
SIM5
SIM1
SIM2
SIM3
SIM4
1
21
22
SIM5
SIM1
SIM2
SIM3
SIM4
1
21
22
SIM5
SIM1
SIM2
SIM3
SIM4
1
21
22
SIM5
SIM1
SIM2
SIM3
SIM4
1
21
22
SIM5
SIM1
SIM2
SIM3
SIM4
1
21
22
SIM5
SIM1
SIM2
SIM3
SIM4
1
21
22
SIM5
SIM1
SIM2
SIM3
SIM4
1
21
22
SIM5
SIM1
SIM2
SIM3
SIM4
1
21
22
SIM5
SIM1
SIM2
SIM3
SIM4
1
21
22
SIM5
SIM1
SIM2
SIM3
SIM4
1
21
22
SIM5
SIM1
SIM2
SIM3
SIM4
1
21
22
SIM5
SIM1
SIM2
SIM3
SIM4
1
21
22
SIM5
SIM1
SIM2
SIM3
SIM4
1
21
22
SIM5
SIM1
SIM2
SIM3
SIM4
1
21
22
SIM5
SIM1
SIM2
SIM3
SIM4
1
21
22
SIM5
SIM1
SIM2
SIM3
SIM4
1
21
22
SIM5
SIM1
SIM2
SIM3
SIM4
1
21
22
SIM5
SIM1
SIM2
SIM3
SIM4
1
21
22
SIM5
SIM1
SIM2
SIM3
SIM4
1
21
22
SIM5
SIM1
SIM2
SIM3
SIM4
1
21
22
SIM5
SIM1
SIM2
SIM3
SIM4
1
21
22
SIM5
SIM1
SIM2
SIM3
SIM4
1
21
22
SIM5
SIM1
SIM2
SIM3
SIM4
1
21
22
SIM5
SIM1
SIM2
SIM3
SIM4
1
21
22
SIM5
SIM1
SIM2
SIM3
SIM4
1
21
22
SIM5
SIM1
SIM2
SIM3
SIM4
1
21
22
SIM5
SIM1
SIM2
SIM3
SIM4
1
21
22
SIM5
SIM1
SIM2
SIM3
SIM4
1
21
22
SIM5
SIM1
SIM2
SIM3
SIM4
1
21
22
SIM5
SIM1
SIM2
SIM3
SIM4
1
21
22
SIM5
SIM1
SIM2
DEBUG 1 449
SIM1
SIM2
SIM3
SIM4
1
21
22
SIM5
SIM1
SIM2
SIM3
SIM4
1
21
22
SIM5
SIM1
SIM2
SIM3
SIM4
1
21
22
SIM5
SIM1
SIM2
SIM3
SIM4
1
21
22
SIM5
SIM1
SIM2
SIM3
SIM4
1
21
22
SIM5
SIM1
SIM2
SIM3
SIM4
1
21
22
SIM5
SIM1
SIM2
SIM3
SIM4
1
21
22
SIM5
SIM1
SIM2
SIM3
SIM4
1
21
22
SIM5
SIM1
SIM2
SIM3
SIM4
1
21
22
SIM5
SIM1
SIM2
SIM3
SIM4
1
21
22
SIM5
SIM1
SIM2
SIM3
SIM4
1
21
22
SIM5
SIM1
SIM2
SIM3
SIM4
1
21
22
SIM5
SIM1
SIM2
SIM3
SIM4
1
21
22
SIM5
SIM1
SIM2
SIM3
SIM4
1
21
22
SIM5
SIM1
SIM2
SIM3
SIM4
1
21
22
SIM5
SIM1
SIM2
SIM3
SIM4
1
21
22
SIM5
SIM1
SIM2
SIM3
SIM4
1
21
22
SIM5
SIM1
SIM2
SIM3
SIM4
1
21
22
SIM5
SIM1
SIM2
SIM3
SIM4
1
21
22
SIM5
SIM1
SIM2
SIM3
SIM4
1
21
22
SIM5
SIM1
SIM2
SIM3
SIM4
1
21
22
SIM5
SIM1
SIM2
SIM3
SIM4
1
21
22
SIM5
SIM1
SIM2
SIM3
SIM4
1
21
22
SIM5
SIM1
SIM2
SIM3
SIM4
1
21
22
SIM5
SIM1
SIM2
SIM3
SIM4
1
21
22
SIM5
SIM1
SIM2
SIM3
SIM4
1
21
22
SIM5
SIM1
SIM2
SIM3
SIM4
1
21
22
SIM5
SIM1
SIM2
SIM3
SIM4
1
21
22
SIM5
SIM1
SIM2
SIM3
SIM4
1
21
22
SIM5
SIM1
SIM2
SIM3
SIM4
1
21
22
SIM5
SIM1
SIM2
SIM3
SIM4
1
21
22
SIM5
SIM1
SIM2
SIM3
SIM4
1
21
22
SIM5
SIM1
SIM2
SIM3
SIM4
1
21
22
SIM5
SIM1
SIM2
SIM3
SIM4
1
21
22
SIM5
SIM1
SIM2
SIM3
SIM4
1
21
22
SIM5
SIM1
SIM2
SIM3
SIM4
1
21
22
SIM5
SIM1
SIM2
SIM3
SIM4
1
21
22
SIM5
SIM1
SIM2
SIM3
SIM4
1
21
22
SIM5
SIM1
SIM2
SIM3
SIM4
1
21
22
SIM5
SIM1
SIM2
SIM3
SIM4
1
21
22
SIM5
SIM1
SIM2
SIM3
SIM4
1
21
22
SIM5
SIM1
SIM2
SIM3
SIM4
1
21
22
SIM5
SIM1
SIM2
SIM3
SIM4
1
21
22
SIM5
SIM1
SIM2
SIM3
SIM4
1
21
22
SIM5
SIM1
SIM2
SIM3
SIM4
1
21
22
SIM5
SIM1
SIM2
SIM3
SIM4
1
21
22
SIM5
SIM1
SIM2
SIM3
SIM4
1
21
22
SIM5
SIM1
SIM2
SIM3
SIM4
1
21
22
SIM5
SIM1
SIM2
SIM3
SIM4
1
21
22
SIM5
SIM1
SIM2
SIM3
SIM4
1
21
22
SIM5
SIM1
SIM2
SIM3
SIM4
1
21
22
SIM5
SIM1
SIM2
SIM3
SIM4
1
21
22
SIM5
SIM1
SIM2
SIM3
SIM4
1
21
22
SIM5
SIM1
SIM2
SIM3
SIM4
1
21
22
SIM5
SIM1
SIM2
SIM3
SIM4
1
21
22
SIM5
SIM1
SIM2
SIM3
SIM4
1
21
22
SIM5
SIM1
SIM2
SIM3
SIM4
1
21
22
SIM5
SIM1
SIM2
SIM3
SIM4
1
21
22
SIM5
SIM1
SIM2
SIM3
SIM4
1
21
22
SIM5
SIM1
SIM2
SIM3
SIM4
1
21
22
SIM5
SIM1
SIM2
SIM3
SIM4
1
21
22
SIM5
SIM1
SIM2
SIM3
SIM4
1
21
22
SIM5
SIM1
SIM2
SIM3
SIM4
1
21
22
SIM5
SIM1
SIM2
SIM3
SIM4
1
21
22
SIM5
SIM1
SIM2
SIM3
SIM4
1
21
22
SIM5
SIM1
SIM2
SIM3
SIM4
1
21
22
SIM5
SIM1
SIM2
SIM3
SIM4
1
21
22
SIM5
SIM1
SIM2
SIM3
SIM4
1
21
22
SIM5
SIM1
SIM2
SIM3
SIM4
1
21
22
SIM5
SIM1
SIM2
SIM3
SIM4
1
21
22
SIM5
SIM1
SIM2
SIM3
SIM4
1
21
22
SIM5
SIM1
SIM2
SIM3
SIM4
1
21
22
SIM5
SIM1
SIM2
SIM3
SIM4
1
21
22
SIM5
SIM1
SIM2
SIM3
SIM4
1
21
22
SIM5
SIM1
SIM2
SIM3
SIM4
1
21
22
SIM5
SIM1
SIM2
SIM3
SIM4
1
21
22
SIM5
SIM1
SIM2
SIM3
SIM4
1
21
22
SIM5
SIM1
SIM2
SIM3
SIM4
1
21
22
SIM5
SIM1
SIM2
SIM3
SIM4
1
21
22
SIM5
SIM1
SIM2
SIM3
SIM4
1
21
22
SIM5
SIM1
SIM2
SIM3
SIM4
1
21
22
SIM5
SIM1
SIM2
SIM3
SIM4
1
21
22
SIM5
SIM1
SIM2
SIM3
SIM4
1
21
22
SIM5
SIM1
SIM2
SIM3
SIM4
1
21
22
SIM5
SIM1
SIM2
SIM3
SIM4
1
21
22
SIM5
SIM1
SIM2
SIM3
SIM4
1
21
22
SIM5
SIM1
SIM2
SIM3
SIM4
1
21
22
SIM5
SIM1
SIM2
SIM3
SIM4
1
21
22
SIM5
SIM1
SIM2
SIM3
SIM4
1
21
22
SIM5
SIM1
SIM2
SIM3
SIM4
1
21
22
SIM5
SIM1
SIM2
SIM3
SIM4
1
21
22
SIM5
SIM1
SIM2
SIM3
SIM4
1
21
22
SIM5
SIM1
SIM2
SIM3
SIM4
1
21
22
SIM5
SIM1
SIM2
SIM3
SIM4
1
21
22
SIM5
SIM1
SIM2
SIM3
SIM4
1
21
22
SIM5
SIM1
SIM2
SIM3
SIM4
1
21
22
SIM5
SIM1
SIM2
SIM3
SIM4
1
21
22
SIM5
SIM1
SIM2
SIM3
SIM4
1
21
22
SIM5
SIM1
SIM2
SIM3
SIM4
1
21
22
SIM5
SIM1
SIM2
SIM3
SIM4
1
21
22
SIM5
SIM1
SIM2
SIM3
SIM4
1
21
22
SIM5
SIM1
SIM2
SIM3
SIM4
1
21
22
SIM5
SIM1
SIM2
SIM3
SIM4
1
21
22
SIM5
SIM1
SIM2
SIM3
SIM4
1
21
22
SIM5
SIM1
SIM2
SIM3
SIM4
1
21
22
SIM5
SIM1
SIM2
SIM3
SIM4
1
21
22
SIM5
SIM1
SIM2
SIM3
SIM4
1
21
22
SIM5
SIM1
SIM2
SIM3
SIM4
1
21
22
SIM5
SIM1
SIM2
SIM3
SIM4
1
21
22
SIM5
SIM1
SIM2
SIM3
SIM4
1
21
22
SIM5
SIM1
SIM2
SIM3
SIM4
1
21
22
SIM5
SIM1
SIM2
SIM3
SIM4
1
21
22
SIM5
SIM1
SIM2
SIM3
SIM4
1
21
22
SIM5
SIM1
SIM2
SIM3
SIM4
1
21
22
SIM5
SIM1
SIM2
SIM3
SIM4
1
21
22
SIM5
SIM1
SIM2
SIM3
SIM4
1
21
22
SIM5
SIM1
SIM2
SIM3
SIM4
1
21
22
SIM5
SIM1
SIM2
SIM3
SIM4
1
21
22
SIM5
SIM1
SIM2
SIM3
SIM4
1
21
22
SIM5
SIM1
SIM2
SIM3
SIM4
1
21
22
SIM5
SIM1
SIM2
SIM3
SIM4
1
21
22
SIM5
SIM1
SIM2
SIM3
SIM4
1
21
22
SIM5
SIM1
SIM2
SIM3
SIM4
1
21
22
SIM5
SIM1
SIM2
SIM3
SIM4
1
21
22
SIM5
SIM1
SIM2
SIM3
SIM4
1
21
22
SIM5
SIM1
SIM2
SIM3
SIM4
1
21
22
SIM5
SIM1
SIM2
SIM3
SIM4
1
21
22
SIM5
SIM1
SIM2
SIM3
SIM4
1
21
22
SIM5
SIM1
SIM2
SIM3
SIM4
1
21
22
SIM5
SIM1
SIM2
SIM3
SIM4
1
21
22
SIM5
SIM1
SIM2
SIM3
SIM4
1
21
22
SIM5
SIM1
SIM2
SIM3
SIM4
1
21
22
SIM5
SIM1
SIM2
SIM3
SIM4
1
21
22
SIM5
SIM1
SIM2
SIM3
SIM4
1
21
22
SIM5
SIM1
SIM2
SIM3
SIM4
1
21
22
SIM5
SIM1
SIM2
SIM3
SIM4
1
21
22
SIM5
SIM1
SIM2
SIM3
SIM4
1
21
22
SIM5
SIM1
SIM2
SIM3
SIM4
1
21
22
SIM5
SIM1
SIM2
SIM3
SIM4
1
21
22
SIM5
SIM1
SIM2
SIM3
SIM4
1
21
22
SIM5
SIM1
SIM2
SIM3
SIM4
1
21
22
SIM5
SIM1
SIM2
SIM3
SIM4
1
21
22
SIM5
SIM1
SIM2
SIM3
SIM4
1
21
22
SIM5
SIM1
SIM2
SIM3
SIM4
1
21
22
SIM5
SIM1
SIM2
SIM3
SIM4
1
21
22
SIM5
SIM1
SIM2
SIM3
SIM4
1
21
22
SIM5
SIM1
SIM2
SIM3
SIM4
1
21
22
SIM5
SIM1
SIM2
SIM3
SIM4
1
21
22
SIM5
SIM1
SIM2
SIM3
SIM4
1
21
22
SIM5
SIM1
SIM2
SIM3
SIM4
1
21
22
SIM5
SIM1
SIM2
SIM3
SIM4
1
21
22
SIM5
SIM1
SIM2
SIM3
SIM4
1
21
22
SIM5
SIM1
SIM2
SIM3
SIM4
1
21
22
SIM5
SIM1
SIM2
SIM3
SIM4
1
21
22
SIM5
SIM1
SIM2
SIM3
SIM4
1
21
22
SIM5
SIM1
SIM2
SIM3
SIM4
1
21
22
SIM5
SIM1
SIM2
SIM3
SIM4
1
21
22
SIM5
SIM1
SIM2
SIM3
SIM4
1
21
22
SIM5
SIM1
SIM2
SIM3
SIM4
1
21
22
SIM5
SIM1
SIM2
SIM3
SIM4
1
21
22
SIM5
SIM1
SIM2
SIM3
SIM4
1
21
22
SIM5
SIM1
SIM2
SIM3
SIM4
1
21
22
SIM5
SIM1
SIM2
SIM3
SIM4
1
21
22
SIM5
SIM1
SIM2
SIM3
SIM4
1
21
22
SIM5
SIM1
SIM2
SIM3
SIM4
1
21
22
SIM5
SIM1
SIM2
SIM3
SIM4
1
21
22
SIM5
SIM1
SIM2
SIM3
SIM4
1
21
22
SIM5
SIM1
SIM2
SIM3
SIM4
1
21
22
SIM5
SIM1
SIM2
SIM3
SIM4
1
21
22
SIM5
SIM1
SIM2
SIM3
SIM4
1
21
22
SIM5
SIM1
SIM2
SIM3
SIM4
1
21
22
SIM5
SIM1
SIM2
SIM3
SIM4
1
21
22
SIM5
SIM1
SIM2
SIM3
SIM4
1
21
22
SIM5
SIM1
SIM2
SIM3
SIM4
1
21
22
SIM5
SIM1
SIM2
SIM3
SIM4
1
21
22
SIM5
SIM1
SIM2
SIM3
SIM4
1
21
22
SIM5
SIM1
SIM2
SIM3
SIM4
1
21
22
SIM5
SIM1
SIM2
SIM3
SIM4
1
21
22
SIM5
SIM1
SIM2
SIM3
SIM4
1
21
22
SIM5
SIM1
SIM2
SIM3
SIM4
1
21
22
SIM5
SIM1
SIM2
SIM3
SIM4
1
21
22
SIM5
SIM1
SIM2
SIM3
SIM4
1
21
22
SIM5
SIM1
SIM2
SIM3
SIM4
1
21
22
SIM5
SIM1
SIM2
SIM3
SIM4
1
21
22
SIM5
SIM1
SIM2
SIM3
SIM4
1
21
22
SIM5
SIM1
SIM2
SIM3
SIM4
1
21
22
SIM5
SIM1
SIM2
SIM3
SIM4
1
21
22
SIM5
SIM1
SIM2
SIM3
SIM4
1
21
22
SIM5
SIM1
SIM2
SIM3
SIM4
1
21
22
SIM5
SIM1
SIM2
DEBUG 1 450
SIM1
SIM2
SIM3
SIM4
1
21
22
SIM5
SIM1
SIM2
SIM3
SIM4
1
21
22
SIM5
SIM1
SIM2
SIM3
SIM4
1
21
22
SIM5
SIM1
SIM2
SIM3
SIM4
1
21
22
SIM5
SIM1
SIM2
SIM3
SIM4
1
21
22
SIM5
SIM1
SIM2
SIM3
SIM4
1
21
22
SIM5
SIM1
SIM2
SIM3
SIM4
1
21
22
SIM5
SIM1
SIM2
SIM3
SIM4
1
21
22
SIM5
SIM1
SIM2
SIM3
SIM4
1
21
22
SIM5
SIM1
SIM2
SIM3
SIM4
1
21
22
SIM5
SIM1
SIM2
SIM3
SIM4
1
21
22
SIM5
SIM1
SIM2
SIM3
SIM4
1
21
22
SIM5
SIM1
SIM2
SIM3
SIM4
1
21
22
SIM5
SIM1
SIM2
SIM3
SIM4
1
21
22
SIM5
SIM1
SIM2
SIM3
SIM4
1
21
22
SIM5
SIM1
SIM2
SIM3
SIM4
1
21
22
SIM5
SIM1
SIM2
SIM3
SIM4
1
21
22
SIM5
SIM1
SIM2
SIM3
SIM4
1
21
22
SIM5
SIM1
SIM2
SIM3
SIM4
1
21
22
SIM5
SIM1
SIM2
SIM3
SIM4
1
21
22
SIM5
SIM1
SIM2
SIM3
SIM4
1
21
22
SIM5
SIM1
SIM2
SIM3
SIM4
1
21
22
SIM5
SIM1
SIM2
SIM3
SIM4
1
21
22
SIM5
SIM1
SIM2
SIM3
SIM4
1
21
22
SIM5
SIM1
SIM2
SIM3
SIM4
1
21
22
SIM5
SIM1
SIM2
SIM3
SIM4
1
21
22
SIM5
SIM1
SIM2
SIM3
SIM4
1
21
22
SIM5
SIM1
SIM2
SIM3
SIM4
1
21
22
SIM5
SIM1
SIM2
SIM3
SIM4
1
21
22
SIM5
SIM1
SIM2
SIM3
SIM4
1
21
22
SIM5
SIM1
SIM2
SIM3
SIM4
1
21
22
SIM5
SIM1
SIM2
SIM3
SIM4
1
21
22
SIM5
SIM1
SIM2
SIM3
SIM4
1
21
22
SIM5
SIM1
SIM2
SIM3
SIM4
1
21
22
SIM5
SIM1
SIM2
SIM3
SIM4
1
21
22
SIM5
SIM1
SIM2
SIM3
SIM4
1
21
22
SIM5
SIM1
SIM2
SIM3
SIM4
1
21
22
SIM5
SIM1
SIM2
SIM3
SIM4
1
21
22
SIM5
SIM1
SIM2
SIM3
SIM4
1
21
22
SIM5
SIM1
SIM2
SIM3
SIM4
1
21
22
SIM5
SIM1
SIM2
SIM3
SIM4
1
21
22
SIM5
SIM1
SIM2
SIM3
SIM4
1
21
22
SIM5
SIM1
SIM2
SIM3
SIM4
1
21
22
SIM5
SIM1
SIM2
SIM3
SIM4
1
21
22
SIM5
SIM1
SIM2
SIM3
SIM4
1
21
22
SIM5
SIM1
SIM2
SIM3
SIM4
1
21
22
SIM5
SIM1
SIM2
SIM3
SIM4
1
21
22
SIM5
SIM1
SIM2
SIM3
SIM4
1
21
22
SIM5
SIM1
SIM2
SIM3
SIM4
1
21
22
SIM5
SIM1
SIM2
SIM3
SIM4
1
21
22
SIM5
SIM1
SIM2
SIM3
SIM4
1
21
22
SIM5
SIM1
SIM2
SIM3
SIM4
1
21
22
SIM5
SIM1
SIM2
SIM3
SIM4
1
21
22
SIM5
SIM1
SIM2
SIM3
SIM4
1
21
22
SIM5
SIM1
SIM2
SIM3
SIM4
1
21
22
SIM5
SIM1
SIM2
SIM3
SIM4
1
21
22
SIM5
SIM1
SIM2
SIM3
SIM4
1
21
22
SIM5
SIM1
SIM2
SIM3
SIM4
1
21
22
SIM5
SIM1
SIM2
SIM3
SIM4
1
21
22
SIM5
SIM1
SIM2
SIM3
SIM4
1
21
22
SIM5
SIM1
SIM2
SIM3
SIM4
1
21
22
SIM5
SIM1
SIM2
SIM3
SIM4
1
21
22
SIM5
SIM1
SIM2
SIM3
SIM4
1
21
22
SIM5
SIM1
SIM2
SIM3
SIM4
1
21
22
SIM5
SIM1
SIM2
SIM3
SIM4
1
21
22
SIM5
SIM1
SIM2
SIM3
SIM4
1
21
22
SIM5
SIM1
SIM2
SIM3
SIM4
1
21
22
SIM5
SIM1
SIM2
SIM3
SIM4
1
21
22
SIM5
SIM1
SIM2
SIM3
SIM4
1
21
22
SIM5
SIM1
SIM2
SIM3
SIM4
1
21
22
SIM5
SIM1
SIM2
SIM3
SIM4
1
21
22
SIM5
SIM1
SIM2
SIM3
SIM4
1
21
22
SIM5
SIM1
SIM2
SIM3
SIM4
1
21
22
SIM5
SIM1
SIM2
SIM3
SIM4
1
21
22
SIM5
SIM1
SIM2
SIM3
SIM4
1
21
22
SIM5
SIM1
SIM2
SIM3
SIM4
1
21
22
SIM5
SIM1
SIM2
SIM3
SIM4
1
21
22
SIM5
SIM1
SIM2
SIM3
SIM4
1
21
22
SIM5
SIM1
SIM2
SIM3
SIM4
1
21
22
SIM5
SIM1
SIM2
SIM3
SIM4
1
21
22
SIM5
SIM1
SIM2
SIM3
SIM4
1
21
22
SIM5
SIM1
SIM2
SIM3
SIM4
1
21
22
SIM5
SIM1
SIM2
SIM3
SIM4
1
21
22
SIM5
SIM1
SIM2
SIM3
SIM4
1
21
22
SIM5
SIM1
SIM2
SIM3
SIM4
1
21
22
SIM5
SIM1
SIM2
SIM3
SIM4
1
21
22
SIM5
SIM1
SIM2
SIM3
SIM4
1
21
22
SIM5
SIM1
SIM2
SIM3
SIM4
1
21
22
SIM5
SIM1
SIM2
SIM3
SIM4
1
21
22
SIM5
SIM1
SIM2
SIM3
SIM4
1
21
22
SIM5
SIM1
SIM2
SIM3
SIM4
1
21
22
SIM5
SIM1
SIM2
SIM3
SIM4
1
21
22
SIM5
SIM1
SIM2
SIM3
SIM4
1
21
22
SIM5
SIM1
SIM2
SIM3
SIM4
1
21
22
SIM5
SIM1
SIM2
SIM3
SIM4
1
21
22
SIM5
SIM1
SIM2
SIM3
SIM4
1
21
22
SIM5
SIM1
SIM2
SIM3
SIM4
1
21
22
SIM5
SIM1
SIM2
SIM3
SIM4
1
21
22
SIM5
SIM1
SIM2
SIM3
SIM4
1
21
22
SIM5
SIM1
SIM2
SIM3
SIM4
1
21
22
SIM5
SIM1
SIM2
SIM3
SIM4
1
21
22
SIM5
SIM1
SIM2
SIM3
SIM4
1
21
22
SIM5
SIM1
SIM2
SIM3
SIM4
1
21
22
SIM5
SIM1
SIM2
SIM3
SIM4
1
21
22
SIM5
SIM1
SIM2
SIM3
SIM4
1
21
22
SIM5
SIM1
SIM2
SIM3
SIM4
1
21
22
SIM5
SIM1
SIM2
SIM3
SIM4
1
21
22
SIM5
SIM1
SIM2
SIM3
SIM4
1
21
22
SIM5
SIM1
SIM2
SIM3
SIM4
1
21
22
SIM5
SIM1
SIM2
SIM3
SIM4
1
21
22
SIM5
SIM1
SIM2
SIM3
SIM4
1
21
22
SIM5
SIM1
SIM2
SIM3
SIM4
1
21
22
SIM5
SIM1
SIM2
SIM3
SIM4
1
21
22
SIM5
SIM1
SIM2
SIM3
SIM4
1
21
22
SIM5
SIM1
SIM2
SIM3
SIM4
1
21
22
SIM5
SIM1
SIM2
SIM3
SIM4
1
21
22
SIM5
SIM1
SIM2
SIM3
SIM4
1
21
22
SIM5
SIM1
SIM2
SIM3
SIM4
1
21
22
SIM5
SIM1
SIM2
SIM3
SIM4
1
21
22
SIM5
SIM1
SIM2
SIM3
SIM4
1
21
22
SIM5
SIM1
SIM2
SIM3
SIM4
1
21
22
SIM5
SIM1
SIM2
SIM3
SIM4
1
21
22
SIM5
SIM1
SIM2
DEBUG 1 451
SIM1
SIM2
SIM3
SIM4
1
21
22
SIM5
SIM1
SIM2
SIM3
SIM4
1
21
22
SIM5
SIM1
SIM2
SIM3
SIM4
1
21
22
SIM5
SIM1
SIM2
SIM3
SIM4
1
21
22
SIM5
SIM1
SIM2
SIM3
SIM4
1
21
22
SIM5
SIM1
SIM2
SIM3
SIM4
1
21
22
SIM5
SIM1
SIM2
SIM3
SIM4
1
21
22
SIM5
SIM1
SIM2
SIM3
SIM4
1
21
22
SIM5
SIM1
SIM2
SIM3
SIM4
1
21
22
SIM5
SIM1
SIM2
SIM3
SIM4
1
21
22
SIM5
SIM1
SIM2
SIM3
SIM4
1
21
22
SIM5
SIM1
SIM2
SIM3
SIM4
1
21
22
SIM5
SIM1
SIM2
SIM3
SIM4
1
21
22
SIM5
SIM1
SIM2
SIM3
SIM4
1
21
22
SIM5
SIM1
SIM2
SIM3
SIM4
1
21
22
SIM5
SIM1
SIM2
SIM3
SIM4
1
21
22
SIM5
SIM1
SIM2
SIM3
SIM4
1
21
22
SIM5
SIM1
SIM2
SIM3
SIM4
1
21
22
SIM5
SIM1
SIM2
SIM3
SIM4
1
21
22
SIM5
SIM1
SIM2
SIM3
SIM4
1
21
22
SIM5
SIM1
SIM2
SIM3
SIM4
1
21
22
SIM5
SIM1
SIM2
SIM3
SIM4
1
21
22
SIM5
SIM1
SIM2
SIM3
SIM4
1
21
22
SIM5
SIM1
SIM2
SIM3
SIM4
1
21
22
SIM5
SIM1
SIM2
SIM3
SIM4
1
21
22
SIM5
SIM1
SIM2
SIM3
SIM4
1
21
22
SIM5
SIM1
SIM2
SIM3
SIM4
1
21
22
SIM5
SIM1
SIM2
SIM3
SIM4
1
21
22
SIM5
SIM1
SIM2
SIM3
SIM4
1
21
22
SIM5
SIM1
SIM2
SIM3
SIM4
1
21
22
SIM5
SIM1
SIM2
SIM3
SIM4
1
21
22
SIM5
SIM1
SIM2
SIM3
SIM4
1
21
22
SIM5
SIM1
SIM2
SIM3
SIM4
1
21
22
SIM5
SIM1
SIM2
SIM3
SIM4
1
21
22
SIM5
SIM1
SIM2
SIM3
SIM4
1
21
22
SIM5
SIM1
SIM2
SIM3
SIM4
1
21
22
SIM5
SIM1
SIM2
SIM3
SIM4
1
21
22
SIM5
SIM1
SIM2
SIM3
SIM4
1
21
22
SIM5
SIM1
SIM2
SIM3
SIM4
1
21
22
SIM5
SIM1
SIM2
SIM3
SIM4
1
21
22
SIM5
SIM1
SIM2
SIM3
SIM4
1
21
22
SIM5
SIM1
SIM2
SIM3
SIM4
1
21
22
SIM5
SIM1
SIM2
SIM3
SIM4
1
21
22
SIM5
SIM1
SIM2
SIM3
SIM4
1
21
22
SIM5
SIM1
SIM2
SIM3
SIM4
1
21
22
SIM5
SIM1
SIM2
SIM3
SIM4
1
21
22
SIM5
SIM1
SIM2
SIM3
SIM4
1
21
22
SIM5
SIM1
SIM2
SIM3
SIM4
1
21
22
SIM5
SIM1
SIM2
SIM3
SIM4
1
21
22
SIM5
SIM1
SIM2
SIM3
SIM4
1
21
22
SIM5
SIM1
SIM2
SIM3
SIM4
1
21
22
SIM5
SIM1
SIM2
SIM3
SIM4
1
21
22
SIM5
SIM1
SIM2
SIM3
SIM4
1
21
22
SIM5
SIM1
SIM2
SIM3
SIM4
1
21
22
SIM5
SIM1
SIM2
SIM3
SIM4
1
21
22
SIM5
SIM1
SIM2
SIM3
SIM4
1
21
22
SIM5
SIM1
SIM2
SIM3
SIM4
1
21
22
SIM5
SIM1
SIM2
SIM3
SIM4
1
21
22
SIM5
SIM1
SIM2
SIM3
SIM4
1
21
22
SIM5
SIM1
SIM2
SIM3
SIM4
1
21
22
SIM5
SIM1
SIM2
SIM3
SIM4
1
21
22
SIM5
SIM1
SIM2
SIM3
SIM4
1
21
22
SIM5
SIM1
SIM2
SIM3
SIM4
1
21
22
SIM5
SIM1
SIM2
SIM3
SIM4
1
21
22
SIM5
SIM1
SIM2
SIM3
SIM4
1
21
22
SIM5
SIM1
SIM2
SIM3
SIM4
1
21
22
SIM5
SIM1
SIM2
SIM3
SIM4
1
21
22
SIM5
SIM1
SIM2
SIM3
SIM4
1
21
22
SIM5
SIM1
SIM2
SIM3
SIM4
1
21
22
SIM5
SIM1
SIM2
SIM3
SIM4
1
21
22
SIM5
SIM1
SIM2
SIM3
SIM4
1
21
22
SIM5
SIM1
SIM2
SIM3
SIM4
1
21
22
SIM5
SIM1
SIM2
SIM3
SIM4
1
21
22
SIM5
SIM1
SIM2
SIM3
SIM4
1
21
22
SIM5
SIM1
SIM2
SIM3
SIM4
1
21
22
SIM5
SIM1
SIM2
SIM3
SIM4
1
21
22
SIM5
SIM1
SIM2
SIM3
SIM4
1
21
22
SIM5
SIM1
SIM2
SIM3
SIM4
1
21
22
SIM5
SIM1
SIM2
SIM3
SIM4
1
21
22
SIM5
SIM1
SIM2
SIM3
SIM4
1
21
22
SIM5
SIM1
SIM2
SIM3
SIM4
1
21
22
SIM5
SIM1
SIM2
SIM3
SIM4
1
21
22
SIM5
SIM1
SIM2
SIM3
SIM4
1
21
22
SIM5
SIM1
SIM2
SIM3
SIM4
1
21
22
SIM5
SIM1
SIM2
SIM3
SIM4
1
21
22
SIM5
SIM1
SIM2
SIM3
SIM4
1
21
22
SIM5
SIM1
SIM2
SIM3
SIM4
1
21
22
SIM5
SIM1
SIM2
SIM3
SIM4
1
21
22
SIM5
SIM1
SIM2
SIM3
SIM4
1
21
22
SIM5
SIM1
SIM2
SIM3
SIM4
1
21
22
SIM5
SIM1
SIM2
SIM3
SIM4
1
21
22
SIM5
SIM1
SIM2
SIM3
SIM4
1
21
22
SIM5
SIM1
SIM2
SIM3
SIM4
1
21
22
SIM5
SIM1
SIM2
SIM3
SIM4
1
21
22
SIM5
SIM1
SIM2
SIM3
SIM4
1
21
22
SIM5
SIM1
SIM2
SIM3
SIM4
1
21
22
SIM5
SIM1
SIM2
SIM3
SIM4
1
21
22
SIM5
SIM1
SIM2
SIM3
SIM4
1
21
22
SIM5
SIM1
SIM2
SIM3
SIM4
1
21
22
SIM5
SIM1
SIM2
SIM3
SIM4
1
21
22
SIM5
SIM1
SIM2
SIM3
SIM4
1
21
22
SIM5
SIM1
SIM2
SIM3
SIM4
1
21
22
SIM5
SIM1
SIM2
SIM3
SIM4
1
21
22
SIM5
SIM1
SIM2
SIM3
SIM4
1
21
22
SIM5
SIM1
SIM2
SIM3
SIM4
1
21
22
SIM5
SIM1
SIM2
SIM3
SIM4
1
21
22
SIM5
SIM1
SIM2
SIM3
SIM4
1
21
22
SIM5
SIM1
SIM2
SIM3
SIM4
1
21
22
SIM5
SIM1
SIM2
SIM3
SIM4
1
21
22
SIM5
SIM1
SIM2
SIM3
SIM4
1
21
22
SIM5
SIM1
SIM2
SIM3
SIM4
1
21
22
SIM5
SIM1
SIM2
SIM3
SIM4
1
21
22
SIM5
SIM1
SIM2
SIM3
SIM4
1
21
22
SIM5
SIM1
SIM2
SIM3
SIM4
1
21
22
SIM5
SIM1
SIM2
SIM3
SIM4
1
21
22
SIM5
SIM1
SIM2
SIM3
SIM4
1
21
22
SIM5
SIM1
SIM2
SIM3
SIM4
1
21
22
SIM5
SIM1
SIM2
SIM3
SIM4
1
21
22
SIM5
SIM1
SIM2
SIM3
SIM4
1
21
22
SIM5
SIM1
SIM2
SIM3
SIM4
1
21
22
SIM5
SIM1
SIM2
SIM3
SIM4
1
21
22
SIM5
SIM1
SIM2
SIM3
SIM4
1
21
22
SIM5
SIM1
SIM2
SIM3
SIM4
1
21
22
SIM5
SIM1
SIM2
SIM3
SIM4
1
21
22
SIM5
SIM1
SIM2
SIM3
SIM4
1
21
22
SIM5
SIM1
SIM2
SIM3
SIM4
1
21
22
SIM5
SIM1
SIM2
SIM3
SIM4
1
21
22
SIM5
SIM1
SIM2
SIM3
SIM4
1
21
22
SIM5
SIM1
SIM2
SIM3
SIM4
1
21
22
SIM5
SIM1
SIM2
SIM3
SIM4
1
21
22
SIM5
SIM1
SIM2
SIM3
SIM4
1
21
22
SIM5
SIM1
SIM2
SIM3
SIM4
1
21
22
SIM5
SIM1
SIM2
SIM3
SIM4
1
21
22
SIM5
SIM1
SIM2
SIM3
SIM4
1
21
22
SIM5
SIM1
SIM2
SIM3
SIM4
1
21
22
SIM5
SIM1
SIM2
SIM3
SIM4
1
21
22
SIM5
SIM1
SIM2
SIM3
SIM4
1
21
22
SIM5
SIM1
SIM2
SIM3
SIM4
1
21
22
SIM5
SIM1
SIM2
SIM3
SIM4
1
21
22
SIM5
SIM1
SIM2
SIM3
SIM4
1
21
22
SIM5
SIM1
SIM2
SIM3
SIM4
1
21
22
SIM5
SIM1
SIM2
SIM3
SIM4
1
21
22
SIM5
SIM1
SIM2
SIM3
SIM4
1
21
22
SIM5
SIM1
SIM2
SIM3
SIM4
1
21
22
SIM5
SIM1
SIM2
SIM3
SIM4
1
21
22
SIM5
SIM1
SIM2
SIM3
SIM4
1
21
22
SIM5
SIM1
SIM2
SIM3
SIM4
1
21
22
SIM5
SIM1
SIM2
SIM3
SIM4
1
21
22
SIM5
SIM1
SIM2
SIM3
SIM4
1
21
22
SIM5
SIM1
SIM2
SIM3
SIM4
1
21
22
SIM5
SIM1
SIM2
SIM3
SIM4
1
21
22
SIM5
SIM1
SIM2
SIM3
SIM4
1
21
22
SIM5
SIM1
SIM2
SIM3
SIM4
1
21
22
SIM5
SIM1
SIM2
SIM3
SIM4
1
21
22
SIM5
SIM1
SIM2
SIM3
SIM4
1
21
22
SIM5
SIM1
SIM2
SIM3
SIM4
1
21
22
SIM5
SIM1
SIM2
SIM3
SIM4
1
21
22
SIM5
SIM1
SIM2
SIM3
SIM4
1
21
22
SIM5
SIM1
SIM2
SIM3
SIM4
1
21
22
SIM5
SIM1
SIM2
SIM3
SIM4
1
21
22
SIM5
SIM1
SIM2
SIM3
SIM4
1
21
22
SIM5
SIM1
SIM2
SIM3
SIM4
1
21
22
SIM5
SIM1
SIM2
SIM3
SIM4
1
21
22
SIM5
SIM1
SIM2
SIM3
SIM4
1
21
22
SIM5
SIM1
SIM2
SIM3
SIM4
1
21
22
SIM5
SIM1
SIM2
SIM3
SIM4
1
21
22
SIM5
SIM1
SIM2
SIM3
SIM4
1
21
22
SIM5
SIM1
SIM2
SIM3
SIM4
1
21
22
SIM5
SIM1
SIM2
SIM3
SIM4
1
21
22
SIM5
SIM1
SIM2
SIM3
SIM4
1
21
22
SIM5
SIM1
SIM2
SIM3
SIM4
1
21
22
SIM5
SIM1
SIM2
SIM3
SIM4
1
21
22
SIM5
SIM1
SIM2
SIM3
SIM4
1
21
22
SIM5
SIM1
SIM2
SIM3
SIM4
1
21
22
SIM5
SIM1
SIM2
SIM3
SIM4
1
21
22
SIM5
SIM1
SIM2
SIM3
SIM4
1
21
22
SIM5
SIM1
SIM2
SIM3
SIM4
1
21
22
SIM5
SIM1
SIM2
SIM3
SIM4
1
21
22
SIM5
SIM1
SIM2
SIM3
SIM4
1
21
22
SIM5
SIM1
SIM2
SIM3
SIM4
1
21
22
SIM5
SIM1
SIM2
SIM3
SIM4
1
21
22
SIM5
SIM1
SIM2
SIM3
SIM4
1
21
22
SIM5
SIM1
SIM2
SIM3
SIM4
1
21
22
SIM5
SIM1
SIM2
SIM3
SIM4
1
21
22
SIM5
SIM1
SIM2
SIM3
SIM4
1
21
22
SIM5
SIM1
SIM2
SIM3
SIM4
1
21
22
SIM5
SIM1
SIM2
SIM3
SIM4
1
21
22
SIM5
SIM1
SIM2
SIM3
SIM4
1
21
22
SIM5
SIM1
SIM2
SIM3
SIM4
1
21
22
SIM5
SIM1
SIM2
SIM3
SIM4
1
21
22
SIM5
SIM1
SIM2
SIM3
SIM4
1
21
22
SIM5
SIM1
SIM2
SIM3
SIM4
1
21
22
SIM5
SIM1
SIM2
SIM3
SIM4
1
21
22
SIM5
SIM1
SIM2
SIM3
SIM4
1
21
22
SIM5
SIM1
SIM2
SIM3
SIM4
1
21
22
SIM5
SIM1
SIM2
SIM3
SIM4
1
21
22
SIM5
SIM1
SIM2
SIM3
SIM4
1
21
22
SIM5
SIM1
SIM2
SIM3
SIM4
1
21
22
SIM5
SIM1
SIM2
SIM3
SIM4
1
21
22
SIM5
SIM1
SIM2
SIM3
SIM4
1
21
22
SIM5
SIM1
SIM2
SIM3
SIM4
1
21
22
SIM5
SIM1
SIM2
SIM3
SIM4
1
21
22
SIM5
SIM1
SIM2
SIM3
SIM4
1
21
22
SIM5
SIM1
SIM2
SIM3
SIM4
1
21
22
SIM5
SIM1
SIM2
SIM3
SIM4
1
21
22
SIM5
SIM1
SIM2
SIM3
SIM4
1
21
22
SIM5
SIM1
SIM2
SIM3
SIM4
1
21
22
SIM5
SIM1
SIM2
SIM3
SIM4
1
21
22
SIM5
SIM1
SIM2
SIM3
SIM4
1
21
22
SIM5
SIM1
SIM2
SIM3
SIM4
1
21
22
SIM5
SIM1
SIM2
SIM3
SIM4
1
21
22
SIM5
SIM1
SIM2
SIM3
SIM4
1
21
22
SIM5
SIM1
SIM2
SIM3
SIM4
1
21
22
SIM5
SIM1
SIM2
SIM3
SIM4
1
21
22
SIM5
SIM1
SIM2
SIM3
SIM4
1
21
22
SIM5
SIM1
SIM2
SIM3
SIM4
1
21
22
SIM5
SIM1
SIM2
DEBUG 1 452
SIM1
SIM2
SIM3
SIM4
1
21
22
SIM5
SIM1
SIM2
SIM3
SIM4
1
21
22
SIM5
SIM1
SIM2
SIM3
SIM4
1
21
22
SIM5
SIM1
SIM2
SIM3
SIM4
1
21
22
SIM5
SIM1
SIM2
SIM3
SIM4
1
21
22
SIM5
SIM1
SIM2
SIM3
SIM4
1
21
22
SIM5
SIM1
SIM2
SIM3
SIM4
1
21
22
SIM5
SIM1
SIM2
SIM3
SIM4
1
21
22
SIM5
SIM1
SIM2
SIM3
SIM4
1
21
22
SIM5
SIM1
SIM2
SIM3
SIM4
1
21
22
SIM5
SIM1
SIM2
SIM3
SIM4
1
21
22
SIM5
SIM1
SIM2
SIM3
SIM4
1
21
22
SIM5
SIM1
SIM2
SIM3
SIM4
1
21
22
SIM5
SIM1
SIM2
SIM3
SIM4
1
21
22
SIM5
SIM1
SIM2
SIM3
SIM4
1
21
22
SIM5
SIM1
SIM2
SIM3
SIM4
1
21
22
SIM5
SIM1
SIM2
SIM3
SIM4
1
21
22
SIM5
SIM1
SIM2
SIM3
SIM4
1
21
22
SIM5
SIM1
SIM2
SIM3
SIM4
1
21
22
SIM5
SIM1
SIM2
SIM3
SIM4
1
21
22
SIM5
SIM1
SIM2
SIM3
SIM4
1
21
22
SIM5
SIM1
SIM2
SIM3
SIM4
1
21
22
SIM5
SIM1
SIM2
SIM3
SIM4
1
21
22
SIM5
SIM1
SIM2
SIM3
SIM4
1
21
22
SIM5
SIM1
SIM2
SIM3
SIM4
1
21
22
SIM5
SIM1
SIM2
SIM3
SIM4
1
21
22
SIM5
SIM1
SIM2
SIM3
SIM4
1
21
22
SIM5
SIM1
SIM2
SIM3
SIM4
1
21
22
SIM5
SIM1
SIM2
SIM3
SIM4
1
21
22
SIM5
SIM1
SIM2
SIM3
SIM4
1
21
22
SIM5
SIM1
SIM2
SIM3
SIM4
1
21
22
SIM5
SIM1
SIM2
SIM3
SIM4
1
21
22
SIM5
SIM1
SIM2
SIM3
SIM4
1
21
22
SIM5
SIM1
SIM2
SIM3
SIM4
1
21
22
SIM5
SIM1
SIM2
SIM3
SIM4
1
21
22
SIM5
SIM1
SIM2
SIM3
SIM4
1
21
22
SIM5
SIM1
SIM2
SIM3
SIM4
1
21
22
SIM5
SIM1
SIM2
SIM3
SIM4
1
21
22
SIM5
SIM1
SIM2
SIM3
SIM4
1
21
22
SIM5
SIM1
SIM2
SIM3
SIM4
1
21
22
SIM5
SIM1
SIM2
SIM3
SIM4
1
21
22
SIM5
SIM1
SIM2
SIM3
SIM4
1
21
22
SIM5
SIM1
SIM2
SIM3
SIM4
1
21
22
SIM5
SIM1
SIM2
SIM3
SIM4
1
21
22
SIM5
SIM1
SIM2
SIM3
SIM4
1
21
22
SIM5
SIM1
SIM2
SIM3
SIM4
1
21
22
SIM5
SIM1
SIM2
SIM3
SIM4
1
21
22
SIM5
SIM1
SIM2
SIM3
SIM4
1
21
22
SIM5
SIM1
SIM2
SIM3
SIM4
1
21
22
SIM5
SIM1
SIM2
SIM3
SIM4
1
21
22
SIM5
SIM1
SIM2
SIM3
SIM4
1
21
22
SIM5
SIM1
SIM2
SIM3
SIM4
1
21
22
SIM5
SIM1
SIM2
SIM3
SIM4
1
21
22
SIM5
SIM1
SIM2
SIM3
SIM4
1
21
22
SIM5
SIM1
SIM2
SIM3
SIM4
1
21
22
SIM5
SIM1
SIM2
SIM3
SIM4
1
21
22
SIM5
SIM1
SIM2
SIM3
SIM4
1
21
22
SIM5
SIM1
SIM2
SIM3
SIM4
1
21
22
SIM5
SIM1
SIM2
SIM3
SIM4
1
21
22
SIM5
SIM1
SIM2
SIM3
SIM4
1
21
22
SIM5
SIM1
SIM2
SIM3
SIM4
1
21
22
SIM5
SIM1
SIM2
SIM3
SIM4
1
21
22
SIM5
SIM1
SIM2
SIM3
SIM4
1
21
22
SIM5
SIM1
SIM2
SIM3
SIM4
1
21
22
SIM5
SIM1
SIM2
SIM3
SIM4
1
21
22
SIM5
SIM1
SIM2
SIM3
SIM4
1
21
22
SIM5
SIM1
SIM2
SIM3
SIM4
1
21
22
SIM5
SIM1
SIM2
SIM3
SIM4
1
21
22
SIM5
SIM1
SIM2
SIM3
SIM4
1
21
22
SIM5
SIM1
SIM2
SIM3
SIM4
1
21
22
SIM5
SIM1
SIM2
SIM3
SIM4
1
21
22
SIM5
SIM1
SIM2
SIM3
SIM4
1
21
22
SIM5
SIM1
SIM2
SIM3
SIM4
1
21
22
SIM5
SIM1
SIM2
SIM3
SIM4
1
21
22
SIM5
SIM1
SIM2
SIM3
SIM4
1
21
22
SIM5
SIM1
SIM2
SIM3
SIM4
1
21
22
SIM5
SIM1
SIM2
SIM3
SIM4
1
21
22
SIM5
SIM1
SIM2
SIM3
SIM4
1
21
22
SIM5
SIM1
SIM2
SIM3
SIM4
1
21
22
SIM5
SIM1
SIM2
SIM3
SIM4
1
21
22
SIM5
SIM1
SIM2
SIM3
SIM4
1
21
22
SIM5
SIM1
SIM2
SIM3
SIM4
1
21
22
SIM5
SIM1
SIM2
SIM3
SIM4
1
21
22
SIM5
SIM1
SIM2
SIM3
SIM4
1
21
22
SIM5
SIM1
SIM2
SIM3
SIM4
1
21
22
SIM5
SIM1
SIM2
SIM3
SIM4
1
21
22
SIM5
SIM1
SIM2
SIM3
SIM4
1
21
22
SIM5
SIM1
SIM2
SIM3
SIM4
1
21
22
SIM5
SIM1
SIM2
SIM3
SIM4
1
21
22
SIM5
SIM1
SIM2
SIM3
SIM4
1
21
22
SIM5
SIM1
SIM2
SIM3
SIM4
1
21
22
SIM5
SIM1
SIM2
SIM3
SIM4
1
21
22
SIM5
SIM1
SIM2
SIM3
SIM4
1
21
22
SIM5
SIM1
SIM2
SIM3
SIM4
1
21
22
SIM5
SIM1
SIM2
SIM3
SIM4
1
21
22
SIM5
SIM1
SIM2
SIM3
SIM4
1
21
22
SIM5
SIM1
SIM2
SIM3
SIM4
1
21
22
SIM5
SIM1
SIM2
SIM3
SIM4
1
21
22
SIM5
SIM1
SIM2
SIM3
SIM4
1
21
22
SIM5
SIM1
SIM2
SIM3
SIM4
1
21
22
SIM5
SIM1
SIM2
SIM3
SIM4
1
21
22
SIM5
SIM1
SIM2
SIM3
SIM4
1
21
22
SIM5
SIM1
SIM2
SIM3
SIM4
1
21
22
SIM5
SIM1
SIM2
SIM3
SIM4
1
21
22
SIM5
SIM1
SIM2
SIM3
SIM4
1
21
22
SIM5
SIM1
SIM2
SIM3
SIM4
1
21
22
SIM5
SIM1
SIM2
SIM3
SIM4
1
21
22
SIM5
SIM1
SIM2
SIM3
SIM4
1
21
22
SIM5
SIM1
SIM2
SIM3
SIM4
1
21
22
SIM5
SIM1
SIM2
SIM3
SIM4
1
21
22
SIM5
SIM1
SIM2
SIM3
SIM4
1
21
22
SIM5
SIM1
SIM2
SIM3
SIM4
1
21
22
SIM5
SIM1
SIM2
SIM3
SIM4
1
21
22
SIM5
SIM1
SIM2
SIM3
SIM4
1
21
22
SIM5
SIM1
SIM2
SIM3
SIM4
1
21
22
SIM5
SIM1
SIM2
SIM3
SIM4
1
21
22
SIM5
SIM1
SIM2
SIM3
SIM4
1
21
22
SIM5
SIM1
SIM2
SIM3
SIM4
1
21
22
SIM5
SIM1
SIM2
SIM3
SIM4
1
21
22
SIM5
SIM1
SIM2
SIM3
SIM4
1
21
22
SIM5
SIM1
SIM2
SIM3
SIM4
1
21
22
SIM5
SIM1
SIM2
SIM3
SIM4
1
21
22
SIM5
SIM1
SIM2
SIM3
SIM4
1
21
22
SIM5
SIM1
SIM2
SIM3
SIM4
1
21
22
SIM5
SIM1
SIM2
SIM3
SIM4
1
21
22
SIM5
SIM1
SIM2
SIM3
SIM4
1
21
22
SIM5
SIM1
SIM2
SIM3
SIM4
1
21
22
SIM5
SIM1
SIM2
SIM3
SIM4
1
21
22
SIM5
SIM1
SIM2
SIM3
SIM4
1
21
22
SIM5
SIM1
SIM2
SIM3
SIM4
1
21
22
SIM5
SIM1
SIM2
SIM3
SIM4
1
21
22
SIM5
SIM1
SIM2
SIM3
SIM4
1
21
22
SIM5
SIM1
SIM2
SIM3
SIM4
1
21
22
SIM5
SIM1
SIM2
SIM3
SIM4
1
21
22
SIM5
SIM1
SIM2
SIM3
SIM4
1
21
22
SIM5
SIM1
SIM2
SIM3
SIM4
1
21
22
SIM5
SIM1
SIM2
SIM3
SIM4
1
21
22
SIM5
SIM1
SIM2
SIM3
SIM4
1
21
22
SIM5
SIM1
SIM2
SIM3
SIM4
1
21
22
SIM5
SIM1
SIM2
SIM3
SIM4
1
21
22
SIM5
SIM1
SIM2
SIM3
SIM4
1
21
22
SIM5
SIM1
SIM2
SIM3
SIM4
1
21
22
SIM5
SIM1
SIM2
SIM3
SIM4
1
21
22
SIM5
SIM1
SIM2
SIM3
SIM4
1
21
22
SIM5
SIM1
SIM2
SIM3
SIM4
1
21
22
SIM5
SIM1
SIM2
SIM3
SIM4
1
21
22
SIM5
SIM1
SIM2
SIM3
SIM4
1
21
22
SIM5
SIM1
SIM2
SIM3
SIM4
1
21
22
SIM5
SIM1
SIM2
SIM3
SIM4
1
21
22
SIM5
SIM1
SIM2
SIM3
SIM4
1
21
22
SIM5
SIM1
SIM2
SIM3
SIM4
1
21
22
SIM5
SIM1
SIM2
SIM3
SIM4
1
21
22
SIM5
SIM1
SIM2
SIM3
SIM4
1
21
22
SIM5
SIM1
SIM2
SIM3
SIM4
1
21
22
SIM5
SIM1
SIM2
SIM3
SIM4
1
21
22
SIM5
SIM1
SIM2
SIM3
SIM4
1
21
22
SIM5
SIM1
SIM2
SIM3
SIM4
1
21
22
SIM5
SIM1
SIM2
SIM3
SIM4
1
21
22
SIM5
SIM1
SIM2
SIM3
SIM4
1
21
22
SIM5
SIM1
SIM2
SIM3
SIM4
1
21
22
SIM5
SIM1
SIM2
SIM3
SIM4
1
21
22
SIM5
SIM1
SIM2
SIM3
SIM4
1
21
22
SIM5
SIM1
SIM2
SIM3
SIM4
1
21
22
SIM5
SIM1
SIM2
SIM3
SIM4
1
21
22
SIM5
SIM1
SIM2
SIM3
SIM4
1
21
22
SIM5
SIM1
SIM2
SIM3
SIM4
1
21
22
SIM5
SIM1
SIM2
SIM3
SIM4
1
21
22
SIM5
SIM1
SIM2
SIM3
SIM4
1
21
22
SIM5
SIM1
SIM2
SIM3
SIM4
1
21
22
SIM5
SIM1
SIM2
SIM3
SIM4
1
21
22
SIM5
SIM1
SIM2
SIM3
SIM4
1
21
22
SIM5
SIM1
SIM2
SIM3
SIM4
1
21
22
SIM5
SIM1
SIM2
SIM3
SIM4
1
21
22
SIM5
SIM1
SIM2
SIM3
SIM4
1
21
22
SIM5
SIM1
SIM2
SIM3
SIM4
1
21
22
SIM5
SIM1
SIM2
SIM3
SIM4
1
21
22
SIM5
SIM1
SIM2
SIM3
SIM4
1
21
22
SIM5
SIM1
SIM2
SIM3
SIM4
1
21
22
SIM5
SIM1
SIM2
SIM3
SIM4
1
21
22
SIM5
SIM1
SIM2
SIM3
SIM4
1
21
22
SIM5
SIM1
SIM2
SIM3
SIM4
1
21
22
SIM5
SIM1
SIM2
SIM3
SIM4
1
21
22
SIM5
SIM1
SIM2
SIM3
SIM4
1
21
22
SIM5
SIM1
SIM2
SIM3
SIM4
1
21
22
SIM5
SIM1
SIM2
SIM3
SIM4
1
21
22
SIM5
SIM1
SIM2
SIM3
SIM4
1
21
22
SIM5
SIM1
SIM2
SIM3
SIM4
1
21
22
SIM5
SIM1
SIM2
SIM3
SIM4
1
21
22
SIM5
SIM1
SIM2
SIM3
SIM4
1
21
22
SIM5
SIM1
SIM2
SIM3
SIM4
1
21
22
SIM5
SIM1
SIM2
SIM3
SIM4
1
21
22
SIM5
SIM1
SIM2
SIM3
SIM4
1
21
22
SIM5
SIM1
SIM2
SIM3
SIM4
1
21
22
SIM5
SIM1
SIM2
SIM3
SIM4
1
21
22
SIM5
SIM1
SIM2
SIM3
SIM4
1
21
22
SIM5
SIM1
SIM2
SIM3
SIM4
1
21
22
SIM5
SIM1
SIM2
SIM3
SIM4
1
21
22
SIM5
SIM1
SIM2
SIM3
SIM4
1
21
22
SIM5
SIM1
SIM2
SIM3
SIM4
1
21
22
SIM5
SIM1
SIM2
SIM3
SIM4
1
21
22
SIM5
SIM1
SIM2
SIM3
SIM4
1
21
22
SIM5
SIM1
SIM2
SIM3
SIM4
1
21
22
SIM5
SIM1
SIM2
SIM3
SIM4
1
21
22
SIM5
SIM1
SIM2
SIM3
SIM4
1
21
22
SIM5
SIM1
SIM2
SIM3
SIM4
1
21
22
SIM5
SIM1
SIM2
SIM3
SIM4
1
21
22
SIM5
SIM1
SIM2
SIM3
SIM4
1
21
22
SIM5
SIM1
SIM2
SIM3
SIM4
1
21
22
SIM5
SIM1
SIM2
SIM3
SIM4
1
21
22
SIM5
SIM1
SIM2
SIM3
SIM4
1
21
22
SIM5
SIM1
SIM2
SIM3
SIM4
1
21
22
SIM5
SIM1
SIM2
SIM3
SIM4
1
21
22
SIM5
SIM1
SIM2
SIM3
SIM4
1
21
22
SIM5
SIM1
SIM2
SIM3
SIM4
1
21
22
SIM5
SIM1
SIM2
SIM3
SIM4
1
21
22
SIM5
SIM1
SIM2
SIM3
SIM4
1
21
22
SIM5
SIM1
SIM2
SIM3
SIM4
1
21
22
SIM5
SIM1
SIM2
SIM3
SIM4
1
21
22
SIM5
SIM1
SIM2
SIM3
SIM4
1
21
22
SIM5
SIM1
SIM2
SIM3
SIM4
1
21
22
SIM5
SIM1
SIM2
SIM3
SIM4
1
21
22
SIM5
SIM1
SIM2
SIM3
SIM4
1
21
22
SIM5
SIM1
SIM2
SIM3
SIM4
1
21
22
SIM5
SIM1
SIM2
SIM3
SIM4
1
21
22
SIM5
SIM1
SIM2
SIM3
SIM4
1
21
22
SIM5
SIM1
SIM2
SIM3
SIM4
1
21
22
SIM5
SIM1
SIM2
SIM3
SIM4
1
21
22
SIM5
SIM1
SIM2
SIM3
SIM4
1
21
22
SIM5
SIM1
SIM2
DEBUG 1 453
SIM1
SIM2
SIM3
SIM4
1
21
22
SIM5
SIM1
SIM2
SIM3
SIM4
1
21
22
SIM5
SIM1
SIM2
SIM3
SIM4
1
21
22
SIM5
SIM1
SIM2
SIM3
SIM4
1
21
22
SIM5
SIM1
SIM2
SIM3
SIM4
1
21
22
SIM5
SIM1
SIM2
SIM3
SIM4
1
21
22
SIM5
SIM1
SIM2
SIM3
SIM4
1
21
22
SIM5
SIM1
SIM2
SIM3
SIM4
1
21
22
SIM5
SIM1
SIM2
SIM3
SIM4
1
21
22
SIM5
SIM1
SIM2
SIM3
SIM4
1
21
22
SIM5
SIM1
SIM2
SIM3
SIM4
1
21
22
SIM5
SIM1
SIM2
SIM3
SIM4
1
21
22
SIM5
SIM1
SIM2
SIM3
SIM4
1
21
22
SIM5
SIM1
SIM2
SIM3
SIM4
1
21
22
SIM5
SIM1
SIM2
SIM3
SIM4
1
21
22
SIM5
SIM1
SIM2
SIM3
SIM4
1
21
22
SIM5
SIM1
SIM2
SIM3
SIM4
1
21
22
SIM5
SIM1
SIM2
SIM3
SIM4
1
21
22
SIM5
SIM1
SIM2
SIM3
SIM4
1
21
22
SIM5
SIM1
SIM2
SIM3
SIM4
1
21
22
SIM5
SIM1
SIM2
SIM3
SIM4
1
21
22
SIM5
SIM1
SIM2
SIM3
SIM4
1
21
22
SIM5
SIM1
SIM2
SIM3
SIM4
1
21
22
SIM5
SIM1
SIM2
SIM3
SIM4
1
21
22
SIM5
SIM1
SIM2
SIM3
SIM4
1
21
22
SIM5
SIM1
SIM2
SIM3
SIM4
1
21
22
SIM5
SIM1
SIM2
SIM3
SIM4
1
21
22
SIM5
SIM1
SIM2
SIM3
SIM4
1
21
22
SIM5
SIM1
SIM2
SIM3
SIM4
1
21
22
SIM5
SIM1
SIM2
SIM3
SIM4
1
21
22
SIM5
SIM1
SIM2
SIM3
SIM4
1
21
22
SIM5
SIM1
SIM2
SIM3
SIM4
1
21
22
SIM5
SIM1
SIM2
SIM3
SIM4
1
21
22
SIM5
SIM1
SIM2
SIM3
SIM4
1
21
22
SIM5
SIM1
SIM2
SIM3
SIM4
1
21
22
SIM5
SIM1
SIM2
SIM3
SIM4
1
21
22
SIM5
SIM1
SIM2
SIM3
SIM4
1
21
22
SIM5
SIM1
SIM2
SIM3
SIM4
1
21
22
SIM5
SIM1
SIM2
SIM3
SIM4
1
21
22
SIM5
SIM1
SIM2
SIM3
SIM4
1
21
22
SIM5
SIM1
SIM2
SIM3
SIM4
1
21
22
SIM5
SIM1
SIM2
SIM3
SIM4
1
21
22
SIM5
SIM1
SIM2
SIM3
SIM4
1
21
22
SIM5
SIM1
SIM2
SIM3
SIM4
1
21
22
SIM5
SIM1
SIM2
SIM3
SIM4
1
21
22
SIM5
SIM1
SIM2
SIM3
SIM4
1
21
22
SIM5
SIM1
SIM2
SIM3
SIM4
1
21
22
SIM5
SIM1
SIM2
SIM3
SIM4
1
21
22
SIM5
SIM1
SIM2
SIM3
SIM4
1
21
22
SIM5
SIM1
SIM2
SIM3
SIM4
1
21
22
SIM5
SIM1
SIM2
SIM3
SIM4
1
21
22
SIM5
SIM1
SIM2
SIM3
SIM4
1
21
22
SIM5
SIM1
SIM2
SIM3
SIM4
1
21
22
SIM5
SIM1
SIM2
SIM3
SIM4
1
21
22
SIM5
SIM1
SIM2
SIM3
SIM4
1
21
22
SIM5
SIM1
SIM2
SIM3
SIM4
1
21
22
SIM5
SIM1
SIM2
SIM3
SIM4
1
21
22
SIM5
SIM1
SIM2
SIM3
SIM4
1
21
22
SIM5
SIM1
SIM2
SIM3
SIM4
1
21
22
SIM5
SIM1
SIM2
SIM3
SIM4
1
21
22
SIM5
SIM1
SIM2
SIM3
SIM4
1
21
22
SIM5
SIM1
SIM2
SIM3
SIM4
1
21
22
SIM5
SIM1
SIM2
SIM3
SIM4
1
21
22
SIM5
SIM1
SIM2
SIM3
SIM4
1
21
22
SIM5
SIM1
SIM2
SIM3
SIM4
1
21
22
SIM5
SIM1
SIM2
SIM3
SIM4
1
21
22
SIM5
SIM1
SIM2
SIM3
SIM4
1
21
22
SIM5
SIM1
SIM2
SIM3
SIM4
1
21
22
SIM5
SIM1
SIM2
SIM3
SIM4
1
21
22
SIM5
SIM1
SIM2
SIM3
SIM4
1
21
22
SIM5
SIM1
SIM2
SIM3
SIM4
1
21
22
SIM5
SIM1
SIM2
SIM3
SIM4
1
21
22
SIM5
SIM1
SIM2
SIM3
SIM4
1
21
22
SIM5
SIM1
SIM2
SIM3
SIM4
1
21
22
SIM5
SIM1
SIM2
SIM3
SIM4
1
21
22
SIM5
SIM1
SIM2
SIM3
SIM4
1
21
22
SIM5
SIM1
SIM2
SIM3
SIM4
1
21
22
SIM5
SIM1
SIM2
SIM3
SIM4
1
21
22
SIM5
SIM1
SIM2
SIM3
SIM4
1
21
22
SIM5
SIM1
SIM2
SIM3
SIM4
1
21
22
SIM5
SIM1
SIM2
SIM3
SIM4
1
21
22
SIM5
SIM1
SIM2
SIM3
SIM4
1
21
22
SIM5
SIM1
SIM2
SIM3
SIM4
1
21
22
SIM5
SIM1
SIM2
SIM3
SIM4
1
21
22
SIM5
SIM1
SIM2
SIM3
SIM4
1
21
22
SIM5
SIM1
SIM2
SIM3
SIM4
1
21
22
SIM5
SIM1
SIM2
SIM3
SIM4
1
21
22
SIM5
SIM1
SIM2
SIM3
SIM4
1
21
22
SIM5
SIM1
SIM2
SIM3
SIM4
1
21
22
SIM5
SIM1
SIM2
SIM3
SIM4
1
21
22
SIM5
SIM1
SIM2
SIM3
SIM4
1
21
22
SIM5
SIM1
SIM2
SIM3
SIM4
1
21
22
SIM5
SIM1
SIM2
SIM3
SIM4
1
21
22
SIM5
SIM1
SIM2
SIM3
SIM4
1
21
22
SIM5
SIM1
SIM2
SIM3
SIM4
1
21
22
SIM5
SIM1
SIM2
SIM3
SIM4
1
21
22
SIM5
SIM1
SIM2
SIM3
SIM4
1
21
22
SIM5
SIM1
SIM2
SIM3
SIM4
1
21
22
SIM5
SIM1
SIM2
SIM3
SIM4
1
21
22
SIM5
SIM1
SIM2
SIM3
SIM4
1
21
22
SIM5
SIM1
SIM2
SIM3
SIM4
1
21
22
SIM5
SIM1
SIM2
SIM3
SIM4
1
21
22
SIM5
SIM1
SIM2
SIM3
SIM4
1
21
22
SIM5
SIM1
SIM2
SIM3
SIM4
1
21
22
SIM5
SIM1
SIM2
SIM3
SIM4
1
21
22
SIM5
SIM1
SIM2
SIM3
SIM4
1
21
22
SIM5
SIM1
SIM2
SIM3
SIM4
1
21
22
SIM5
SIM1
SIM2
SIM3
SIM4
1
21
22
SIM5
SIM1
SIM2
SIM3
SIM4
1
21
22
SIM5
SIM1
SIM2
SIM3
SIM4
1
21
22
SIM5
SIM1
SIM2
SIM3
SIM4
1
21
22
SIM5
SIM1
SIM2
SIM3
SIM4
1
21
22
SIM5
SIM1
SIM2
SIM3
SIM4
1
21
22
SIM5
SIM1
SIM2
SIM3
SIM4
1
21
22
SIM5
SIM1
SIM2
SIM3
SIM4
1
21
22
SIM5
SIM1
SIM2
SIM3
SIM4
1
21
22
SIM5
SIM1
SIM2
SIM3
SIM4
1
21
22
SIM5
SIM1
SIM2
SIM3
SIM4
1
21
22
SIM5
SIM1
SIM2
SIM3
SIM4
1
21
22
SIM5
SIM1
SIM2
SIM3
SIM4
1
21
22
SIM5
SIM1
SIM2
SIM3
SIM4
1
21
22
SIM5
SIM1
SIM2
SIM3
SIM4
1
21
22
SIM5
SIM1
SIM2
SIM3
SIM4
1
21
22
SIM5
SIM1
SIM2
SIM3
SIM4
1
21
22
SIM5
SIM1
SIM2
SIM3
SIM4
1
21
22
SIM5
SIM1
SIM2
SIM3
SIM4
1
21
22
SIM5
SIM1
SIM2
SIM3
SIM4
1
21
22
SIM5
SIM1
SIM2
SIM3
SIM4
1
21
22
SIM5
SIM1
SIM2
SIM3
SIM4
1
21
22
SIM5
SIM1
SIM2
SIM3
SIM4
1
21
22
SIM5
SIM1
SIM2
SIM3
SIM4
1
21
22
SIM5
SIM1
SIM2
SIM3
SIM4
1
21
22
SIM5
SIM1
SIM2
SIM3
SIM4
1
21
22
SIM5
SIM1
SIM2
SIM3
SIM4
1
21
22
SIM5
SIM1
SIM2
SIM3
SIM4
1
21
22
SIM5
SIM1
SIM2
SIM3
SIM4
1
21
22
SIM5
SIM1
SIM2
SIM3
SIM4
1
21
22
SIM5
SIM1
SIM2
SIM3
SIM4
1
21
22
SIM5
SIM1
SIM2
SIM3
SIM4
1
21
22
SIM5
SIM1
SIM2
SIM3
SIM4
1
21
22
SIM5
SIM1
SIM2
SIM3
SIM4
1
21
22
SIM5
SIM1
SIM2
SIM3
SIM4
1
21
22
SIM5
SIM1
SIM2
SIM3
SIM4
1
21
22
SIM5
SIM1
SIM2
SIM3
SIM4
1
21
22
SIM5
SIM1
SIM2
SIM3
SIM4
1
21
22
SIM5
SIM1
SIM2
SIM3
SIM4
1
21
22
SIM5
SIM1
SIM2
SIM3
SIM4
1
21
22
SIM5
SIM1
SIM2
SIM3
SIM4
1
21
22
SIM5
SIM1
SIM2
SIM3
SIM4
1
21
22
SIM5
SIM1
SIM2
SIM3
SIM4
1
21
22
SIM5
SIM1
SIM2
SIM3
SIM4
1
21
22
SIM5
SIM1
SIM2
SIM3
SIM4
1
21
22
SIM5
SIM1
SIM2
SIM3
SIM4
1
21
22
SIM5
SIM1
SIM2
SIM3
SIM4
1
21
22
SIM5
SIM1
SIM2
SIM3
SIM4
1
21
22
SIM5
SIM1
SIM2
SIM3
SIM4
1
21
22
SIM5
SIM1
SIM2
SIM3
SIM4
1
21
22
SIM5
SIM1
SIM2
SIM3
SIM4
1
21
22
SIM5
SIM1
SIM2
SIM3
SIM4
1
21
22
SIM5
SIM1
SIM2
SIM3
SIM4
1
21
22
SIM5
SIM1
SIM2
SIM3
SIM4
1
21
22
SIM5
SIM1
SIM2
SIM3
SIM4
1
21
22
SIM5
SIM1
SIM2
SIM3
SIM4
1
21
22
SIM5
SIM1
SIM2
SIM3
SIM4
1
21
22
SIM5
SIM1
SIM2
SIM3
SIM4
1
21
22
SIM5
SIM1
SIM2
DEBUG 1 454
SIM1
SIM2
SIM3
SIM4
1
21
22
SIM5
SIM1
SIM2
SIM3
SIM4
1
21
22
SIM5
SIM1
SIM2
SIM3
SIM4
1
21
22
SIM5
SIM1
SIM2
SIM3
SIM4
1
21
22
SIM5
SIM1
SIM2
SIM3
SIM4
1
21
22
SIM5
SIM1
SIM2
SIM3
SIM4
1
21
22
SIM5
SIM1
SIM2
SIM3
SIM4
1
21
22
SIM5
SIM1
SIM2
SIM3
SIM4
1
21
22
SIM5
SIM1
SIM2
SIM3
SIM4
1
21
22
SIM5
SIM1
SIM2
SIM3
SIM4
1
21
22
SIM5
SIM1
SIM2
SIM3
SIM4
1
21
22
SIM5
SIM1
SIM2
SIM3
SIM4
1
21
22
SIM5
SIM1
SIM2
SIM3
SIM4
1
21
22
SIM5
SIM1
SIM2
SIM3
SIM4
1
21
22
SIM5
SIM1
SIM2
SIM3
SIM4
1
21
22
SIM5
SIM1
SIM2
SIM3
SIM4
1
21
22
SIM5
SIM1
SIM2
SIM3
SIM4
1
21
22
SIM5
SIM1
SIM2
SIM3
SIM4
1
21
22
SIM5
SIM1
SIM2
SIM3
SIM4
1
21
22
SIM5
SIM1
SIM2
SIM3
SIM4
1
21
22
SIM5
SIM1
SIM2
SIM3
SIM4
1
21
22
SIM5
SIM1
SIM2
SIM3
SIM4
1
21
22
SIM5
SIM1
SIM2
SIM3
SIM4
1
21
22
SIM5
SIM1
SIM2
SIM3
SIM4
1
21
22
SIM5
SIM1
SIM2
SIM3
SIM4
1
21
22
SIM5
SIM1
SIM2
SIM3
SIM4
1
21
22
SIM5
SIM1
SIM2
SIM3
SIM4
1
21
22
SIM5
SIM1
SIM2
SIM3
SIM4
1
21
22
SIM5
SIM1
SIM2
SIM3
SIM4
1
21
22
SIM5
SIM1
SIM2
SIM3
SIM4
1
21
22
SIM5
SIM1
SIM2
SIM3
SIM4
1
21
22
SIM5
SIM1
SIM2
SIM3
SIM4
1
21
22
SIM5
SIM1
SIM2
SIM3
SIM4
1
21
22
SIM5
SIM1
SIM2
SIM3
SIM4
1
21
22
SIM5
SIM1
SIM2
SIM3
SIM4
1
21
22
SIM5
SIM1
SIM2
SIM3
SIM4
1
21
22
SIM5
SIM1
SIM2
SIM3
SIM4
1
21
22
SIM5
SIM1
SIM2
SIM3
SIM4
1
21
22
SIM5
SIM1
SIM2
SIM3
SIM4
1
21
22
SIM5
SIM1
SIM2
SIM3
SIM4
1
21
22
SIM5
SIM1
SIM2
SIM3
SIM4
1
21
22
SIM5
SIM1
SIM2
SIM3
SIM4
1
21
22
SIM5
SIM1
SIM2
SIM3
SIM4
1
21
22
SIM5
SIM1
SIM2
SIM3
SIM4
1
21
22
SIM5
SIM1
SIM2
SIM3
SIM4
1
21
22
SIM5
SIM1
SIM2
SIM3
SIM4
1
21
22
SIM5
SIM1
SIM2
SIM3
SIM4
1
21
22
SIM5
SIM1
SIM2
SIM3
SIM4
1
21
22
SIM5
SIM1
SIM2
SIM3
SIM4
1
21
22
SIM5
SIM1
SIM2
SIM3
SIM4
1
21
22
SIM5
SIM1
SIM2
SIM3
SIM4
1
21
22
SIM5
SIM1
SIM2
SIM3
SIM4
1
21
22
SIM5
SIM1
SIM2
SIM3
SIM4
1
21
22
SIM5
SIM1
SIM2
SIM3
SIM4
1
21
22
SIM5
SIM1
SIM2
SIM3
SIM4
1
21
22
SIM5
SIM1
SIM2
SIM3
SIM4
1
21
22
SIM5
SIM1
SIM2
SIM3
SIM4
1
21
22
SIM5
SIM1
SIM2
SIM3
SIM4
1
21
22
SIM5
SIM1
SIM2
SIM3
SIM4
1
21
22
SIM5
SIM1
SIM2
SIM3
SIM4
1
21
22
SIM5
SIM1
SIM2
SIM3
SIM4
1
21
22
SIM5
SIM1
SIM2
SIM3
SIM4
1
21
22
SIM5
SIM1
SIM2
SIM3
SIM4
1
21
22
SIM5
SIM1
SIM2
SIM3
SIM4
1
21
22
SIM5
SIM1
SIM2
SIM3
SIM4
1
21
22
SIM5
SIM1
SIM2
SIM3
SIM4
1
21
22
SIM5
SIM1
SIM2
SIM3
SIM4
1
21
22
SIM5
SIM1
SIM2
SIM3
SIM4
1
21
22
SIM5
SIM1
SIM2
SIM3
SIM4
1
21
22
SIM5
SIM1
SIM2
SIM3
SIM4
1
21
22
SIM5
SIM1
SIM2
SIM3
SIM4
1
21
22
SIM5
SIM1
SIM2
SIM3
SIM4
1
21
22
SIM5
SIM1
SIM2
SIM3
SIM4
1
21
22
SIM5
SIM1
SIM2
SIM3
SIM4
1
21
22
SIM5
SIM1
SIM2
SIM3
SIM4
1
21
22
SIM5
SIM1
SIM2
SIM3
SIM4
1
21
22
SIM5
SIM1
SIM2
SIM3
SIM4
1
21
22
SIM5
SIM1
SIM2
SIM3
SIM4
1
21
22
SIM5
SIM1
SIM2
SIM3
SIM4
1
21
22
SIM5
SIM1
SIM2
SIM3
SIM4
1
21
22
SIM5
SIM1
SIM2
SIM3
SIM4
1
21
22
SIM5
SIM1
SIM2
SIM3
SIM4
1
21
22
SIM5
SIM1
SIM2
SIM3
SIM4
1
21
22
SIM5
SIM1
SIM2
SIM3
SIM4
1
21
22
SIM5
SIM1
SIM2
SIM3
SIM4
1
21
22
SIM5
SIM1
SIM2
SIM3
SIM4
1
21
22
SIM5
SIM1
SIM2
SIM3
SIM4
1
21
22
SIM5
SIM1
SIM2
SIM3
SIM4
1
21
22
SIM5
SIM1
SIM2
SIM3
SIM4
1
21
22
SIM5
SIM1
SIM2
SIM3
SIM4
1
21
22
SIM5
SIM1
SIM2
SIM3
SIM4
1
21
22
SIM5
SIM1
SIM2
SIM3
SIM4
1
21
22
SIM5
SIM1
SIM2
SIM3
SIM4
1
21
22
SIM5
SIM1
SIM2
SIM3
SIM4
1
21
22
SIM5
SIM1
SIM2
SIM3
SIM4
1
21
22
SIM5
SIM1
SIM2
SIM3
SIM4
1
21
22
SIM5
SIM1
SIM2
SIM3
SIM4
1
21
22
SIM5
SIM1
SIM2
SIM3
SIM4
1
21
22
SIM5
SIM1
SIM2
SIM3
SIM4
1
21
22
SIM5
SIM1
SIM2
SIM3
SIM4
1
21
22
SIM5
SIM1
SIM2
SIM3
SIM4
1
21
22
SIM5
SIM1
SIM2
SIM3
SIM4
1
21
22
SIM5
SIM1
SIM2
SIM3
SIM4
1
21
22
SIM5
SIM1
SIM2
SIM3
SIM4
1
21
22
SIM5
SIM1
SIM2
DEBUG 1 455
SIM1
SIM2
SIM3
SIM4
1
21
22
SIM5
SIM1
SIM2
SIM3
SIM4
1
21
22
SIM5
SIM1
SIM2
SIM3
SIM4
1
21
22
SIM5
SIM1
SIM2
SIM3
SIM4
1
21
22
SIM5
SIM1
SIM2
SIM3
SIM4
1
21
22
SIM5
SIM1
SIM2
SIM3
SIM4
1
21
22
SIM5
SIM1
SIM2
SIM3
SIM4
1
21
22
SIM5
SIM1
SIM2
SIM3
SIM4
1
21
22
SIM5
SIM1
SIM2
SIM3
SIM4
1
21
22
SIM5
SIM1
SIM2
SIM3
SIM4
1
21
22
SIM5
SIM1
SIM2
SIM3
SIM4
1
21
22
SIM5
SIM1
SIM2
SIM3
SIM4
1
21
22
SIM5
SIM1
SIM2
SIM3
SIM4
1
21
22
SIM5
SIM1
SIM2
SIM3
SIM4
1
21
22
SIM5
SIM1
SIM2
SIM3
SIM4
1
21
22
SIM5
SIM1
SIM2
SIM3
SIM4
1
21
22
SIM5
SIM1
SIM2
SIM3
SIM4
1
21
22
SIM5
SIM1
SIM2
SIM3
SIM4
1
21
22
SIM5
SIM1
SIM2
SIM3
SIM4
1
21
22
SIM5
SIM1
SIM2
SIM3
SIM4
1
21
22
SIM5
SIM1
SIM2
SIM3
SIM4
1
21
22
SIM5
SIM1
SIM2
SIM3
SIM4
1
21
22
SIM5
SIM1
SIM2
SIM3
SIM4
1
21
22
SIM5
SIM1
SIM2
SIM3
SIM4
1
21
22
SIM5
SIM1
SIM2
SIM3
SIM4
1
21
22
SIM5
SIM1
SIM2
SIM3
SIM4
1
21
22
SIM5
SIM1
SIM2
SIM3
SIM4
1
21
22
SIM5
SIM1
SIM2
SIM3
SIM4
1
21
22
SIM5
SIM1
SIM2
SIM3
SIM4
1
21
22
SIM5
SIM1
SIM2
SIM3
SIM4
1
21
22
SIM5
SIM1
SIM2
SIM3
SIM4
1
21
22
SIM5
SIM1
SIM2
SIM3
SIM4
1
21
22
SIM5
SIM1
SIM2
SIM3
SIM4
1
21
22
SIM5
SIM1
SIM2
SIM3
SIM4
1
21
22
SIM5
SIM1
SIM2
SIM3
SIM4
1
21
22
SIM5
SIM1
SIM2
SIM3
SIM4
1
21
22
SIM5
SIM1
SIM2
SIM3
SIM4
1
21
22
SIM5
SIM1
SIM2
SIM3
SIM4
1
21
22
SIM5
SIM1
SIM2
SIM3
SIM4
1
21
22
SIM5
SIM1
SIM2
SIM3
SIM4
1
21
22
SIM5
SIM1
SIM2
SIM3
SIM4
1
21
22
SIM5
SIM1
SIM2
SIM3
SIM4
1
21
22
SIM5
SIM1
SIM2
SIM3
SIM4
1
21
22
SIM5
SIM1
SIM2
SIM3
SIM4
1
21
22
SIM5
SIM1
SIM2
SIM3
SIM4
1
21
22
SIM5
SIM1
SIM2
SIM3
SIM4
1
21
22
SIM5
SIM1
SIM2
SIM3
SIM4
1
21
22
SIM5
SIM1
SIM2
SIM3
SIM4
1
21
22
SIM5
SIM1
SIM2
SIM3
SIM4
1
21
22
SIM5
SIM1
SIM2
SIM3
SIM4
1
21
22
SIM5
SIM1
SIM2
SIM3
SIM4
1
21
22
SIM5
SIM1
SIM2
SIM3
SIM4
1
21
22
SIM5
SIM1
SIM2
SIM3
SIM4
1
21
22
SIM5
SIM1
SIM2
SIM3
SIM4
1
21
22
SIM5
SIM1
SIM2
SIM3
SIM4
1
21
22
SIM5
SIM1
SIM2
SIM3
SIM4
1
21
22
SIM5
SIM1
SIM2
SIM3
SIM4
1
21
22
SIM5
SIM1
SIM2
SIM3
SIM4
1
21
22
SIM5
SIM1
SIM2
SIM3
SIM4
1
21
22
SIM5
SIM1
SIM2
SIM3
SIM4
1
21
22
SIM5
SIM1
SIM2
SIM3
SIM4
1
21
22
SIM5
SIM1
SIM2
SIM3
SIM4
1
21
22
SIM5
SIM1
SIM2
SIM3
SIM4
1
21
22
SIM5
SIM1
SIM2
SIM3
SIM4
1
21
22
SIM5
SIM1
SIM2
SIM3
SIM4
1
21
22
SIM5
SIM1
SIM2
SIM3
SIM4
1
21
22
SIM5
SIM1
SIM2
SIM3
SIM4
1
21
22
SIM5
SIM1
SIM2
SIM3
SIM4
1
21
22
SIM5
SIM1
SIM2
SIM3
SIM4
1
21
22
SIM5
SIM1
SIM2
SIM3
SIM4
1
21
22
SIM5
SIM1
SIM2
SIM3
SIM4
1
21
22
SIM5
SIM1
SIM2
SIM3
SIM4
1
21
22
SIM5
SIM1
SIM2
SIM3
SIM4
1
21
22
SIM5
SIM1
SIM2
SIM3
SIM4
1
21
22
SIM5
SIM1
SIM2
SIM3
SIM4
1
21
22
SIM5
SIM1
SIM2
SIM3
SIM4
1
21
22
SIM5
SIM1
SIM2
SIM3
SIM4
1
21
22
SIM5
SIM1
SIM2
SIM3
SIM4
1
21
22
SIM5
SIM1
SIM2
SIM3
SIM4
1
21
22
SIM5
SIM1
SIM2
SIM3
SIM4
1
21
22
SIM5
SIM1
SIM2
SIM3
SIM4
1
21
22
SIM5
SIM1
SIM2
SIM3
SIM4
1
21
22
SIM5
SIM1
SIM2
SIM3
SIM4
1
21
22
SIM5
SIM1
SIM2
SIM3
SIM4
1
21
22
SIM5
SIM1
SIM2
SIM3
SIM4
1
21
22
SIM5
SIM1
SIM2
SIM3
SIM4
1
21
22
SIM5
SIM1
SIM2
SIM3
SIM4
1
21
22
SIM5
SIM1
SIM2
SIM3
SIM4
1
21
22
SIM5
SIM1
SIM2
SIM3
SIM4
1
21
22
SIM5
SIM1
SIM2
SIM3
SIM4
1
21
22
SIM5
SIM1
SIM2
SIM3
SIM4
1
21
22
SIM5
SIM1
SIM2
SIM3
SIM4
1
21
22
SIM5
SIM1
SIM2
SIM3
SIM4
1
21
22
SIM5
SIM1
SIM2
SIM3
SIM4
1
21
22
SIM5
SIM1
SIM2
SIM3
SIM4
1
21
22
SIM5
SIM1
SIM2
SIM3
SIM4
1
21
22
SIM5
SIM1
SIM2
SIM3
SIM4
1
21
22
SIM5
SIM1
SIM2
SIM3
SIM4
1
21
22
SIM5
SIM1
SIM2
SIM3
SIM4
1
21
22
SIM5
SIM1
SIM2
SIM3
SIM4
1
21
22
SIM5
SIM1
SIM2
SIM3
SIM4
1
21
22
SIM5
SIM1
SIM2
SIM3
SIM4
1
21
22
SIM5
SIM1
SIM2
SIM3
SIM4
1
21
22
SIM5
SIM1
SIM2
SIM3
SIM4
1
21
22
SIM5
SIM1
SIM2
SIM3
SIM4
1
21
22
SIM5
SIM1
SIM2
SIM3
SIM4
1
21
22
SIM5
SIM1
SIM2
SIM3
SIM4
1
21
22
SIM5
SIM1
SIM2
SIM3
SIM4
1
21
22
SIM5
SIM1
SIM2
SIM3
SIM4
1
21
22
SIM5
SIM1
SIM2
SIM3
SIM4
1
21
22
SIM5
SIM1
SIM2
SIM3
SIM4
1
21
22
SIM5
SIM1
SIM2
SIM3
SIM4
1
21
22
SIM5
SIM1
SIM2
SIM3
SIM4
1
21
22
SIM5
SIM1
SIM2
SIM3
SIM4
1
21
22
SIM5
SIM1
SIM2
SIM3
SIM4
1
21
22
SIM5
SIM1
SIM2
SIM3
SIM4
1
21
22
SIM5
SIM1
SIM2
SIM3
SIM4
1
21
22
SIM5
SIM1
SIM2
SIM3
SIM4
1
21
22
SIM5
SIM1
SIM2
SIM3
SIM4
1
21
22
SIM5
SIM1
SIM2
SIM3
SIM4
1
21
22
SIM5
SIM1
SIM2
SIM3
SIM4
1
21
22
SIM5
SIM1
SIM2
SIM3
SIM4
1
21
22
SIM5
SIM1
SIM2
SIM3
SIM4
1
21
22
SIM5
SIM1
SIM2
SIM3
SIM4
1
21
22
SIM5
SIM1
SIM2
SIM3
SIM4
1
21
22
SIM5
SIM1
SIM2
SIM3
SIM4
1
21
22
SIM5
SIM1
SIM2
SIM3
SIM4
1
21
22
SIM5
SIM1
SIM2
SIM3
SIM4
1
21
22
SIM5
SIM1
SIM2
SIM3
SIM4
1
21
22
SIM5
SIM1
SIM2
SIM3
SIM4
1
21
22
SIM5
SIM1
SIM2
SIM3
SIM4
1
21
22
SIM5
SIM1
SIM2
SIM3
SIM4
1
21
22
SIM5
SIM1
SIM2
SIM3
SIM4
1
21
22
SIM5
SIM1
SIM2
SIM3
SIM4
1
21
22
SIM5
SIM1
SIM2
SIM3
SIM4
1
21
22
SIM5
SIM1
SIM2
SIM3
SIM4
1
21
22
SIM5
SIM1
SIM2
SIM3
SIM4
1
21
22
SIM5
SIM1
SIM2
SIM3
SIM4
1
21
22
SIM5
SIM1
SIM2
SIM3
SIM4
1
21
22
SIM5
SIM1
SIM2
SIM3
SIM4
1
21
22
SIM5
SIM1
SIM2
SIM3
SIM4
1
21
22
SIM5
SIM1
SIM2
SIM3
SIM4
1
21
22
SIM5
SIM1
SIM2
SIM3
SIM4
1
21
22
SIM5
SIM1
SIM2
SIM3
SIM4
1
21
22
SIM5
SIM1
SIM2
SIM3
SIM4
1
21
22
SIM5
SIM1
SIM2
SIM3
SIM4
1
21
22
SIM5
SIM1
SIM2
SIM3
SIM4
1
21
22
SIM5
SIM1
SIM2
SIM3
SIM4
1
21
22
SIM5
SIM1
SIM2
SIM3
SIM4
1
21
22
SIM5
SIM1
SIM2
SIM3
SIM4
1
21
22
SIM5
SIM1
SIM2
SIM3
SIM4
1
21
22
SIM5
SIM1
SIM2
SIM3
SIM4
1
21
22
SIM5
SIM1
SIM2
SIM3
SIM4
1
21
22
SIM5
SIM1
SIM2
SIM3
SIM4
1
21
22
SIM5
SIM1
SIM2
SIM3
SIM4
1
21
22
SIM5
SIM1
SIM2
SIM3
SIM4
1
21
22
SIM5
SIM1
SIM2
SIM3
SIM4
1
21
22
SIM5
SIM1
SIM2
SIM3
SIM4
1
21
22
SIM5
SIM1
SIM2
SIM3
SIM4
1
21
22
SIM5
SIM1
SIM2
SIM3
SIM4
1
21
22
SIM5
SIM1
SIM2
SIM3
SIM4
1
21
22
SIM5
SIM1
SIM2
SIM3
SIM4
1
21
22
SIM5
SIM1
SIM2
SIM3
SIM4
1
21
22
SIM5
SIM1
SIM2
SIM3
SIM4
1
21
22
SIM5
SIM1
SIM2
SIM3
SIM4
1
21
22
SIM5
SIM1
SIM2
SIM3
SIM4
1
21
22
SIM5
SIM1
SIM2
SIM3
SIM4
1
21
22
SIM5
SIM1
SIM2
SIM3
SIM4
1
21
22
SIM5
SIM1
SIM2
SIM3
SIM4
1
21
22
SIM5
SIM1
SIM2
SIM3
SIM4
1
21
22
SIM5
SIM1
SIM2
SIM3
SIM4
1
21
22
SIM5
SIM1
SIM2
SIM3
SIM4
1
21
22
SIM5
SIM1
SIM2
SIM3
SIM4
1
21
22
SIM5
SIM1
SIM2
SIM3
SIM4
1
21
22
SIM5
SIM1
SIM2
SIM3
SIM4
1
21
22
SIM5
SIM1
SIM2
SIM3
SIM4
1
21
22
SIM5
SIM1
SIM2
SIM3
SIM4
1
21
22
SIM5
SIM1
SIM2
SIM3
SIM4
1
21
22
SIM5
SIM1
SIM2
SIM3
SIM4
1
21
22
SIM5
SIM1
SIM2
SIM3
SIM4
1
21
22
SIM5
SIM1
SIM2
SIM3
SIM4
1
21
22
SIM5
SIM1
SIM2
SIM3
SIM4
1
21
22
SIM5
SIM1
SIM2
SIM3
SIM4
1
21
22
SIM5
SIM1
SIM2
SIM3
SIM4
1
21
22
SIM5
SIM1
SIM2
SIM3
SIM4
1
21
22
SIM5
SIM1
SIM2
SIM3
SIM4
1
21
22
SIM5
SIM1
SIM2
SIM3
SIM4
1
21
22
SIM5
SIM1
SIM2
SIM3
SIM4
1
21
22
SIM5
SIM1
SIM2
SIM3
SIM4
1
21
22
SIM5
SIM1
SIM2
SIM3
SIM4
1
21
22
SIM5
SIM1
SIM2
SIM3
SIM4
1
21
22
SIM5
SIM1
SIM2
SIM3
SIM4
1
21
22
SIM5
SIM1
SIM2
SIM3
SIM4
1
21
22
SIM5
SIM1
SIM2
SIM3
SIM4
1
21
22
SIM5
SIM1
SIM2
SIM3
SIM4
1
21
22
SIM5
SIM1
SIM2
SIM3
SIM4
1
21
22
SIM5
SIM1
SIM2
SIM3
SIM4
1
21
22
SIM5
SIM1
SIM2
SIM3
SIM4
1
21
22
SIM5
SIM1
SIM2
SIM3
SIM4
1
21
22
SIM5
SIM1
SIM2
SIM3
SIM4
1
21
22
SIM5
SIM1
SIM2
SIM3
SIM4
1
21
22
SIM5
SIM1
SIM2
SIM3
SIM4
1
21
22
SIM5
SIM1
SIM2
SIM3
SIM4
1
21
22
SIM5
SIM1
SIM2
SIM3
SIM4
1
21
22
SIM5
SIM1
SIM2
SIM3
SIM4
1
21
22
SIM5
SIM1
SIM2
SIM3
SIM4
1
21
22
SIM5
SIM1
SIM2
SIM3
SIM4
1
21
22
SIM5
SIM1
SIM2
SIM3
SIM4
1
21
22
SIM5
SIM1
SIM2
SIM3
SIM4
1
21
22
SIM5
SIM1
SIM2
SIM3
SIM4
1
21
22
SIM5
SIM1
SIM2
SIM3
SIM4
1
21
22
SIM5
SIM1
SIM2
SIM3
SIM4
1
21
22
SIM5
SIM1
SIM2
SIM3
SIM4
1
21
22
SIM5
SIM1
SIM2
SIM3
SIM4
1
21
22
SIM5
SIM1
SIM2
SIM3
SIM4
1
21
22
SIM5
SIM1
SIM2
SIM3
SIM4
1
21
22
SIM5
SIM1
SIM2
SIM3
SIM4
1
21
22
SIM5
SIM1
SIM2
SIM3
SIM4
1
21
22
SIM5
SIM1
SIM2
SIM3
SIM4
1
21
22
SIM5
SIM1
SIM2
SIM3
SIM4
1
21
22
SIM5
SIM1
SIM2
SIM3
SIM4
1
21
22
SIM5
SIM1
SIM2
SIM3
SIM4
1
21
22
SIM5
SIM1
SIM2
SIM3
SIM4
1
21
22
SIM5
SIM1
SIM2
SIM3
SIM4
1
21
22
SIM5
SIM1
SIM2
SIM3
SIM4
1
21
22
SIM5
SIM1
SIM2
SIM3
SIM4
1
21
22
SIM5
SIM1
SIM2
SIM3
SIM4
1
21
22
SIM5
SIM1
SIM2
SIM3
SIM4
1
21
22
SIM5
SIM1
SIM2
SIM3
SIM4
1
21
22
SIM5
SIM1
SIM2
SIM3
SIM4
1
21
22
SIM5
SIM1
SIM2
SIM3
SIM4
1
21
22
SIM5
SIM1
SIM2
SIM3
SIM4
1
21
22
SIM5
SIM1
SIM2
SIM3
SIM4
1
21
22
SIM5
SIM1
SIM2
SIM3
SIM4
1
21
22
SIM5
SIM1
SIM2
SIM3
SIM4
1
21
22
SIM5
SIM1
SIM2
SIM3
SIM4
1
21
22
SIM5
SIM1
SIM2
SIM3
SIM4
1
21
22
SIM5
SIM1
SIM2
SIM3
SIM4
1
21
22
SIM5
SIM1
SIM2
SIM3
SIM4
1
21
22
SIM5
SIM1
SIM2
SIM3
SIM4
1
21
22
SIM5
SIM1
SIM2
SIM3
SIM4
1
21
22
SIM5
SIM1
SIM2
SIM3
SIM4
1
21
22
SIM5
SIM1
SIM2
DEBUG 1 456
SIM1
SIM2
SIM3
SIM4
1
21
22
SIM5
SIM1
SIM2
SIM3
SIM4
1
21
22
SIM5
SIM1
SIM2
SIM3
SIM4
1
21
22
SIM5
SIM1
SIM2
SIM3
SIM4
1
21
22
SIM5
SIM1
SIM2
SIM3
SIM4
1
21
22
SIM5
SIM1
SIM2
SIM3
SIM4
1
21
22
SIM5
SIM1
SIM2
SIM3
SIM4
1
21
22
SIM5
SIM1
SIM2
SIM3
SIM4
1
21
22
SIM5
SIM1
SIM2
SIM3
SIM4
1
21
22
SIM5
SIM1
SIM2
SIM3
SIM4
1
21
22
SIM5
SIM1
SIM2
SIM3
SIM4
1
21
22
SIM5
SIM1
SIM2
SIM3
SIM4
1
21
22
SIM5
SIM1
SIM2
SIM3
SIM4
1
21
22
SIM5
SIM1
SIM2
SIM3
SIM4
1
21
22
SIM5
SIM1
SIM2
SIM3
SIM4
1
21
22
SIM5
SIM1
SIM2
SIM3
SIM4
1
21
22
SIM5
SIM1
SIM2
SIM3
SIM4
1
21
22
SIM5
SIM1
SIM2
SIM3
SIM4
1
21
22
SIM5
SIM1
SIM2
SIM3
SIM4
1
21
22
SIM5
SIM1
SIM2
SIM3
SIM4
1
21
22
SIM5
SIM1
SIM2
SIM3
SIM4
1
21
22
SIM5
SIM1
SIM2
SIM3
SIM4
1
21
22
SIM5
SIM1
SIM2
SIM3
SIM4
1
21
22
SIM5
SIM1
SIM2
SIM3
SIM4
1
21
22
SIM5
SIM1
SIM2
SIM3
SIM4
1
21
22
SIM5
SIM1
SIM2
SIM3
SIM4
1
21
22
SIM5
SIM1
SIM2
SIM3
SIM4
1
21
22
SIM5
SIM1
SIM2
SIM3
SIM4
1
21
22
SIM5
SIM1
SIM2
SIM3
SIM4
1
21
22
SIM5
SIM1
SIM2
SIM3
SIM4
1
21
22
SIM5
SIM1
SIM2
SIM3
SIM4
1
21
22
SIM5
SIM1
SIM2
SIM3
SIM4
1
21
22
SIM5
SIM1
SIM2
SIM3
SIM4
1
21
22
SIM5
SIM1
SIM2
SIM3
SIM4
1
21
22
SIM5
SIM1
SIM2
SIM3
SIM4
1
21
22
SIM5
SIM1
SIM2
SIM3
SIM4
1
21
22
SIM5
SIM1
SIM2
SIM3
SIM4
1
21
22
SIM5
SIM1
SIM2
SIM3
SIM4
1
21
22
SIM5
SIM1
SIM2
SIM3
SIM4
1
21
22
SIM5
SIM1
SIM2
SIM3
SIM4
1
21
22
SIM5
SIM1
SIM2
SIM3
SIM4
1
21
22
SIM5
SIM1
SIM2
SIM3
SIM4
1
21
22
SIM5
SIM1
SIM2
SIM3
SIM4
1
21
22
SIM5
SIM1
SIM2
SIM3
SIM4
1
21
22
SIM5
SIM1
SIM2
SIM3
SIM4
1
21
22
SIM5
SIM1
SIM2
SIM3
SIM4
1
21
22
SIM5
SIM1
SIM2
SIM3
SIM4
1
21
22
SIM5
SIM1
SIM2
SIM3
SIM4
1
21
22
SIM5
SIM1
SIM2
SIM3
SIM4
1
21
22
SIM5
SIM1
SIM2
SIM3
SIM4
1
21
22
SIM5
SIM1
SIM2
SIM3
SIM4
1
21
22
SIM5
SIM1
SIM2
SIM3
SIM4
1
21
22
SIM5
SIM1
SIM2
SIM3
SIM4
1
21
22
SIM5
SIM1
SIM2
SIM3
SIM4
1
21
22
SIM5
SIM1
SIM2
SIM3
SIM4
1
21
22
SIM5
SIM1
SIM2
SIM3
SIM4
1
21
22
SIM5
SIM1
SIM2
SIM3
SIM4
1
21
22
SIM5
SIM1
SIM2
SIM3
SIM4
1
21
22
SIM5
SIM1
SIM2
SIM3
SIM4
1
21
22
SIM5
SIM1
SIM2
SIM3
SIM4
1
21
22
SIM5
SIM1
SIM2
SIM3
SIM4
1
21
22
SIM5
SIM1
SIM2
SIM3
SIM4
1
21
22
SIM5
SIM1
SIM2
SIM3
SIM4
1
21
22
SIM5
SIM1
SIM2
SIM3
SIM4
1
21
22
SIM5
SIM1
SIM2
SIM3
SIM4
1
21
22
SIM5
SIM1
SIM2
SIM3
SIM4
1
21
22
SIM5
SIM1
SIM2
SIM3
SIM4
1
21
22
SIM5
SIM1
SIM2
SIM3
SIM4
1
21
22
SIM5
SIM1
SIM2
SIM3
SIM4
1
21
22
SIM5
SIM1
SIM2
SIM3
SIM4
1
21
22
SIM5
SIM1
SIM2
SIM3
SIM4
1
21
22
SIM5
SIM1
SIM2
SIM3
SIM4
1
21
22
SIM5
SIM1
SIM2
SIM3
SIM4
1
21
22
SIM5
SIM1
SIM2
SIM3
SIM4
1
21
22
SIM5
SIM1
SIM2
SIM3
SIM4
1
21
22
SIM5
SIM1
SIM2
SIM3
SIM4
1
21
22
SIM5
SIM1
SIM2
SIM3
SIM4
1
21
22
SIM5
SIM1
SIM2
SIM3
SIM4
1
21
22
SIM5
SIM1
SIM2
SIM3
SIM4
1
21
22
SIM5
SIM1
SIM2
SIM3
SIM4
1
21
22
SIM5
SIM1
SIM2
SIM3
SIM4
1
21
22
SIM5
SIM1
SIM2
SIM3
SIM4
1
21
22
SIM5
SIM1
SIM2
SIM3
SIM4
1
21
22
SIM5
SIM1
SIM2
SIM3
SIM4
1
21
22
SIM5
SIM1
SIM2
SIM3
SIM4
1
21
22
SIM5
SIM1
SIM2
SIM3
SIM4
1
21
22
SIM5
SIM1
SIM2
SIM3
SIM4
1
21
22
SIM5
SIM1
SIM2
SIM3
SIM4
1
21
22
SIM5
SIM1
SIM2
SIM3
SIM4
1
21
22
SIM5
SIM1
SIM2
SIM3
SIM4
1
21
22
SIM5
SIM1
SIM2
SIM3
SIM4
1
21
22
SIM5
SIM1
SIM2
SIM3
SIM4
1
21
22
SIM5
SIM1
SIM2
SIM3
SIM4
1
21
22
SIM5
SIM1
SIM2
SIM3
SIM4
1
21
22
SIM5
SIM1
SIM2
SIM3
SIM4
1
21
22
SIM5
SIM1
SIM2
SIM3
SIM4
1
21
22
SIM5
SIM1
SIM2
SIM3
SIM4
1
21
22
SIM5
SIM1
SIM2
SIM3
SIM4
1
21
22
SIM5
SIM1
SIM2
SIM3
SIM4
1
21
22
SIM5
SIM1
SIM2
SIM3
SIM4
1
21
22
SIM5
SIM1
SIM2
SIM3
SIM4
1
21
22
SIM5
SIM1
SIM2
SIM3
SIM4
1
21
22
SIM5
SIM1
SIM2
SIM3
SIM4
1
21
22
SIM5
SIM1
SIM2
SIM3
SIM4
1
21
22
SIM5
SIM1
SIM2
SIM3
SIM4
1
21
22
SIM5
SIM1
SIM2
SIM3
SIM4
1
21
22
SIM5
SIM1
SIM2
SIM3
SIM4
1
21
22
SIM5
SIM1
SIM2
SIM3
SIM4
1
21
22
SIM5
SIM1
SIM2
SIM3
SIM4
1
21
22
SIM5
SIM1
SIM2
SIM3
SIM4
1
21
22
SIM5
SIM1
SIM2
SIM3
SIM4
1
21
22
SIM5
SIM1
SIM2
SIM3
SIM4
1
21
22
SIM5
SIM1
SIM2
SIM3
SIM4
1
21
22
SIM5
SIM1
SIM2
SIM3
SIM4
1
21
22
SIM5
SIM1
SIM2
SIM3
SIM4
1
21
22
SIM5
SIM1
SIM2
SIM3
SIM4
1
21
22
SIM5
SIM1
SIM2
SIM3
SIM4
1
21
22
SIM5
SIM1
SIM2
SIM3
SIM4
1
21
22
SIM5
SIM1
SIM2
SIM3
SIM4
1
21
22
SIM5
SIM1
SIM2
SIM3
SIM4
1
21
22
SIM5
SIM1
SIM2
SIM3
SIM4
1
21
22
SIM5
SIM1
SIM2
SIM3
SIM4
1
21
22
SIM5
SIM1
SIM2
SIM3
SIM4
1
21
22
SIM5
SIM1
SIM2
SIM3
SIM4
1
21
22
SIM5
SIM1
SIM2
SIM3
SIM4
1
21
22
SIM5
SIM1
SIM2
SIM3
SIM4
1
21
22
SIM5
SIM1
SIM2
SIM3
SIM4
1
21
22
SIM5
SIM1
SIM2
SIM3
SIM4
1
21
22
SIM5
SIM1
SIM2
SIM3
SIM4
1
21
22
SIM5
SIM1
SIM2
SIM3
SIM4
1
21
22
SIM5
SIM1
SIM2
SIM3
SIM4
1
21
22
SIM5
SIM1
SIM2
SIM3
SIM4
1
21
22
SIM5
SIM1
SIM2
SIM3
SIM4
1
21
22
SIM5
SIM1
SIM2
SIM3
SIM4
1
21
22
SIM5
SIM1
SIM2
SIM3
SIM4
1
21
22
SIM5
SIM1
SIM2
SIM3
SIM4
1
21
22
SIM5
SIM1
SIM2
SIM3
SIM4
1
21
22
SIM5
SIM1
SIM2
SIM3
SIM4
1
21
22
SIM5
SIM1
SIM2
SIM3
SIM4
1
21
22
SIM5
SIM1
SIM2
SIM3
SIM4
1
21
22
SIM5
SIM1
SIM2
SIM3
SIM4
1
21
22
SIM5
SIM1
SIM2
SIM3
SIM4
1
21
22
SIM5
SIM1
SIM2
SIM3
SIM4
1
21
22
SIM5
SIM1
SIM2
SIM3
SIM4
1
21
22
SIM5
SIM1
SIM2
SIM3
SIM4
1
21
22
SIM5
SIM1
SIM2
SIM3
SIM4
1
21
22
SIM5
SIM1
SIM2
SIM3
SIM4
1
21
22
SIM5
SIM1
SIM2
SIM3
SIM4
1
21
22
SIM5
SIM1
SIM2
SIM3
SIM4
1
21
22
SIM5
SIM1
SIM2
SIM3
SIM4
1
21
22
SIM5
SIM1
SIM2
SIM3
SIM4
1
21
22
SIM5
SIM1
SIM2
SIM3
SIM4
1
21
22
SIM5
SIM1
SIM2
SIM3
SIM4
1
21
22
SIM5
SIM1
SIM2
SIM3
SIM4
1
21
22
SIM5
SIM1
SIM2
SIM3
SIM4
1
21
22
SIM5
SIM1
SIM2
SIM3
SIM4
1
21
22
SIM5
SIM1
SIM2
SIM3
SIM4
1
21
22
SIM5
SIM1
SIM2
SIM3
SIM4
1
21
22
SIM5
SIM1
SIM2
SIM3
SIM4
1
21
22
SIM5
SIM1
SIM2
SIM3
SIM4
1
21
22
SIM5
SIM1
SIM2
SIM3
SIM4
1
21
22
SIM5
SIM1
SIM2
SIM3
SIM4
1
21
22
SIM5
SIM1
SIM2
SIM3
SIM4
1
21
22
SIM5
SIM1
SIM2
SIM3
SIM4
1
21
22
SIM5
SIM1
SIM2
SIM3
SIM4
1
21
22
SIM5
SIM1
SIM2
SIM3
SIM4
1
21
22
SIM5
SIM1
SIM2
SIM3
SIM4
1
21
22
SIM5
SIM1
SIM2
SIM3
SIM4
1
21
22
SIM5
SIM1
SIM2
SIM3
SIM4
1
21
22
SIM5
SIM1
SIM2
SIM3
SIM4
1
21
22
SIM5
SIM1
SIM2
SIM3
SIM4
1
21
22
SIM5
SIM1
SIM2
SIM3
SIM4
1
21
22
SIM5
SIM1
SIM2
SIM3
SIM4
1
21
22
SIM5
SIM1
SIM2
SIM3
SIM4
1
21
22
SIM5
SIM1
SIM2
SIM3
SIM4
1
21
22
SIM5
SIM1
SIM2
SIM3
SIM4
1
21
22
SIM5
SIM1
SIM2
SIM3
SIM4
1
21
22
SIM5
SIM1
SIM2
SIM3
SIM4
1
21
22
SIM5
SIM1
SIM2
SIM3
SIM4
1
21
22
SIM5
SIM1
SIM2
SIM3
SIM4
1
21
22
SIM5
SIM1
SIM2
SIM3
SIM4
1
21
22
SIM5
SIM1
SIM2
SIM3
SIM4
1
21
22
SIM5
SIM1
SIM2
SIM3
SIM4
1
21
22
SIM5
SIM1
SIM2
SIM3
SIM4
1
21
22
SIM5
SIM1
SIM2
SIM3
SIM4
1
21
22
SIM5
SIM1
SIM2
SIM3
SIM4
1
21
22
SIM5
SIM1
SIM2
SIM3
SIM4
1
21
22
SIM5
SIM1
SIM2
SIM3
SIM4
1
21
22
SIM5
SIM1
SIM2
SIM3
SIM4
1
21
22
SIM5
SIM1
SIM2
SIM3
SIM4
1
21
22
SIM5
SIM1
SIM2
SIM3
SIM4
1
21
22
SIM5
SIM1
SIM2
SIM3
SIM4
1
21
22
SIM5
SIM1
SIM2
SIM3
SIM4
1
21
22
SIM5
SIM1
SIM2
SIM3
SIM4
1
21
22
SIM5
SIM1
SIM2
SIM3
SIM4
1
21
22
SIM5
SIM1
SIM2
SIM3
SIM4
1
21
22
SIM5
SIM1
SIM2
SIM3
SIM4
1
21
22
SIM5
SIM1
SIM2
SIM3
SIM4
1
21
22
SIM5
SIM1
SIM2
SIM3
SIM4
1
21
22
SIM5
SIM1
SIM2
SIM3
SIM4
1
21
22
SIM5
SIM1
SIM2
SIM3
SIM4
1
21
22
SIM5
SIM1
SIM2
SIM3
SIM4
1
21
22
SIM5
SIM1
SIM2
SIM3
SIM4
1
21
22
SIM5
SIM1
SIM2
SIM3
SIM4
1
21
22
SIM5
SIM1
SIM2
SIM3
SIM4
1
21
22
SIM5
SIM1
SIM2
SIM3
SIM4
1
21
22
SIM5
SIM1
SIM2
SIM3
SIM4
1
21
22
SIM5
SIM1
SIM2
SIM3
SIM4
1
21
22
SIM5
SIM1
SIM2
SIM3
SIM4
1
21
22
SIM5
SIM1
SIM2
SIM3
SIM4
1
21
22
SIM5
SIM1
SIM2
SIM3
SIM4
1
21
22
SIM5
SIM1
SIM2
SIM3
SIM4
1
21
22
SIM5
SIM1
SIM2
SIM3
SIM4
1
21
22
SIM5
SIM1
SIM2
SIM3
SIM4
1
21
22
SIM5
SIM1
SIM2
SIM3
SIM4
1
21
22
SIM5
SIM1
SIM2
SIM3
SIM4
1
21
22
SIM5
SIM1
SIM2
SIM3
SIM4
1
21
22
SIM5
SIM1
SIM2
SIM3
SIM4
1
21
22
SIM5
SIM1
SIM2
SIM3
SIM4
1
21
22
SIM5
SIM1
SIM2
SIM3
SIM4
1
21
22
SIM5
SIM1
SIM2
DEBUG 1 457
SIM1
SIM2
SIM3
SIM4
1
21
22
SIM5
SIM1
SIM2
SIM3
SIM4
1
21
22
SIM5
SIM1
SIM2
SIM3
SIM4
1
21
22
SIM5
SIM1
SIM2
SIM3
SIM4
1
21
22
SIM5
SIM1
SIM2
SIM3
SIM4
1
21
22
SIM5
SIM1
SIM2
SIM3
SIM4
1
21
22
SIM5
SIM1
SIM2
SIM3
SIM4
1
21
22
SIM5
SIM1
SIM2
SIM3
SIM4
1
21
22
SIM5
SIM1
SIM2
SIM3
SIM4
1
21
22
SIM5
SIM1
SIM2
SIM3
SIM4
1
21
22
SIM5
SIM1
SIM2
SIM3
SIM4
1
21
22
SIM5
SIM1
SIM2
SIM3
SIM4
1
21
22
SIM5
SIM1
SIM2
SIM3
SIM4
1
21
22
SIM5
SIM1
SIM2
SIM3
SIM4
1
21
22
SIM5
SIM1
SIM2
SIM3
SIM4
1
21
22
SIM5
SIM1
SIM2
SIM3
SIM4
1
21
22
SIM5
SIM1
SIM2
SIM3
SIM4
1
21
22
SIM5
SIM1
SIM2
SIM3
SIM4
1
21
22
SIM5
SIM1
SIM2
SIM3
SIM4
1
21
22
SIM5
SIM1
SIM2
SIM3
SIM4
1
21
22
SIM5
SIM1
SIM2
SIM3
SIM4
1
21
22
SIM5
SIM1
SIM2
SIM3
SIM4
1
21
22
SIM5
SIM1
SIM2
SIM3
SIM4
1
21
22
SIM5
SIM1
SIM2
SIM3
SIM4
1
21
22
SIM5
SIM1
SIM2
SIM3
SIM4
1
21
22
SIM5
SIM1
SIM2
SIM3
SIM4
1
21
22
SIM5
SIM1
SIM2
SIM3
SIM4
1
21
22
SIM5
SIM1
SIM2
SIM3
SIM4
1
21
22
SIM5
SIM1
SIM2
SIM3
SIM4
1
21
22
SIM5
SIM1
SIM2
SIM3
SIM4
1
21
22
SIM5
SIM1
SIM2
SIM3
SIM4
1
21
22
SIM5
SIM1
SIM2
SIM3
SIM4
1
21
22
SIM5
SIM1
SIM2
SIM3
SIM4
1
21
22
SIM5
SIM1
SIM2
SIM3
SIM4
1
21
22
SIM5
SIM1
SIM2
SIM3
SIM4
1
21
22
SIM5
SIM1
SIM2
SIM3
SIM4
1
21
22
SIM5
SIM1
SIM2
SIM3
SIM4
1
21
22
SIM5
SIM1
SIM2
SIM3
SIM4
1
21
22
SIM5
SIM1
SIM2
SIM3
SIM4
1
21
22
SIM5
SIM1
SIM2
SIM3
SIM4
1
21
22
SIM5
SIM1
SIM2
SIM3
SIM4
1
21
22
SIM5
SIM1
SIM2
SIM3
SIM4
1
21
22
SIM5
SIM1
SIM2
SIM3
SIM4
1
21
22
SIM5
SIM1
SIM2
SIM3
SIM4
1
21
22
SIM5
SIM1
SIM2
SIM3
SIM4
1
21
22
SIM5
SIM1
SIM2
SIM3
SIM4
1
21
22
SIM5
SIM1
SIM2
SIM3
SIM4
1
21
22
SIM5
SIM1
SIM2
SIM3
SIM4
1
21
22
SIM5
SIM1
SIM2
SIM3
SIM4
1
21
22
SIM5
SIM1
SIM2
SIM3
SIM4
1
21
22
SIM5
SIM1
SIM2
SIM3
SIM4
1
21
22
SIM5
SIM1
SIM2
SIM3
SIM4
1
21
22
SIM5
SIM1
SIM2
SIM3
SIM4
1
21
22
SIM5
SIM1
SIM2
SIM3
SIM4
1
21
22
SIM5
SIM1
SIM2
SIM3
SIM4
1
21
22
SIM5
SIM1
SIM2
SIM3
SIM4
1
21
22
SIM5
SIM1
SIM2
SIM3
SIM4
1
21
22
SIM5
SIM1
SIM2
SIM3
SIM4
1
21
22
SIM5
SIM1
SIM2
SIM3
SIM4
1
21
22
SIM5
SIM1
SIM2
SIM3
SIM4
1
21
22
SIM5
SIM1
SIM2
SIM3
SIM4
1
21
22
SIM5
SIM1
SIM2
SIM3
SIM4
1
21
22
SIM5
SIM1
SIM2
SIM3
SIM4
1
21
22
SIM5
SIM1
SIM2
SIM3
SIM4
1
21
22
SIM5
SIM1
SIM2
SIM3
SIM4
1
21
22
SIM5
SIM1
SIM2
SIM3
SIM4
1
21
22
SIM5
SIM1
SIM2
SIM3
SIM4
1
21
22
SIM5
SIM1
SIM2
SIM3
SIM4
1
21
22
SIM5
SIM1
SIM2
SIM3
SIM4
1
21
22
SIM5
SIM1
SIM2
SIM3
SIM4
1
21
22
SIM5
SIM1
SIM2
SIM3
SIM4
1
21
22
SIM5
SIM1
SIM2
SIM3
SIM4
1
21
22
SIM5
SIM1
SIM2
SIM3
SIM4
1
21
22
SIM5
SIM1
SIM2
SIM3
SIM4
1
21
22
SIM5
SIM1
SIM2
SIM3
SIM4
1
21
22
SIM5
SIM1
SIM2
SIM3
SIM4
1
21
22
SIM5
SIM1
SIM2
SIM3
SIM4
1
21
22
SIM5
SIM1
SIM2
SIM3
SIM4
1
21
22
SIM5
SIM1
SIM2
SIM3
SIM4
1
21
22
SIM5
SIM1
SIM2
SIM3
SIM4
1
21
22
SIM5
SIM1
SIM2
SIM3
SIM4
1
21
22
SIM5
SIM1
SIM2
SIM3
SIM4
1
21
22
SIM5
SIM1
SIM2
SIM3
SIM4
1
21
22
SIM5
SIM1
SIM2
SIM3
SIM4
1
21
22
SIM5
SIM1
SIM2
SIM3
SIM4
1
21
22
SIM5
SIM1
SIM2
SIM3
SIM4
1
21
22
SIM5
SIM1
SIM2
SIM3
SIM4
1
21
22
SIM5
SIM1
SIM2
SIM3
SIM4
1
21
22
SIM5
SIM1
SIM2
SIM3
SIM4
1
21
22
SIM5
SIM1
SIM2
SIM3
SIM4
1
21
22
SIM5
SIM1
SIM2
SIM3
SIM4
1
21
22
SIM5
SIM1
SIM2
SIM3
SIM4
1
21
22
SIM5
SIM1
SIM2
SIM3
SIM4
1
21
22
SIM5
SIM1
SIM2
SIM3
SIM4
1
21
22
SIM5
SIM1
SIM2
SIM3
SIM4
1
21
22
SIM5
SIM1
SIM2
SIM3
SIM4
1
21
22
SIM5
SIM1
SIM2
SIM3
SIM4
1
21
22
SIM5
SIM1
SIM2
SIM3
SIM4
1
21
22
SIM5
SIM1
SIM2
SIM3
SIM4
1
21
22
SIM5
SIM1
SIM2
SIM3
SIM4
1
21
22
SIM5
SIM1
SIM2
SIM3
SIM4
1
21
22
SIM5
SIM1
SIM2
SIM3
SIM4
1
21
22
SIM5
SIM1
SIM2
SIM3
SIM4
1
21
22
SIM5
SIM1
SIM2
SIM3
SIM4
1
21
22
SIM5
SIM1
SIM2
SIM3
SIM4
1
21
22
SIM5
SIM1
SIM2
SIM3
SIM4
1
21
22
SIM5
SIM1
SIM2
SIM3
SIM4
1
21
22
SIM5
SIM1
SIM2
SIM3
SIM4
1
21
22
SIM5
SIM1
SIM2
SIM3
SIM4
1
21
22
SIM5
SIM1
SIM2
SIM3
SIM4
1
21
22
SIM5
SIM1
SIM2
SIM3
SIM4
1
21
22
SIM5
SIM1
SIM2
SIM3
SIM4
1
21
22
SIM5
SIM1
SIM2
SIM3
SIM4
1
21
22
SIM5
SIM1
SIM2
SIM3
SIM4
1
21
22
SIM5
SIM1
SIM2
SIM3
SIM4
1
21
22
SIM5
SIM1
SIM2
SIM3
SIM4
1
21
22
SIM5
SIM1
SIM2
SIM3
SIM4
1
21
22
SIM5
SIM1
SIM2
SIM3
SIM4
1
21
22
SIM5
SIM1
SIM2
SIM3
SIM4
1
21
22
SIM5
SIM1
SIM2
SIM3
SIM4
1
21
22
SIM5
SIM1
SIM2
SIM3
SIM4
1
21
22
SIM5
SIM1
SIM2
SIM3
SIM4
1
21
22
SIM5
SIM1
SIM2
SIM3
SIM4
1
21
22
SIM5
SIM1
SIM2
SIM3
SIM4
1
21
22
SIM5
SIM1
SIM2
SIM3
SIM4
1
21
22
SIM5
SIM1
SIM2
SIM3
SIM4
1
21
22
SIM5
SIM1
SIM2
SIM3
SIM4
1
21
22
SIM5
SIM1
SIM2
SIM3
SIM4
1
21
22
SIM5
SIM1
SIM2
SIM3
SIM4
1
21
22
SIM5
SIM1
SIM2
SIM3
SIM4
1
21
22
SIM5
SIM1
SIM2
SIM3
SIM4
1
21
22
SIM5
SIM1
SIM2
SIM3
SIM4
1
21
22
SIM5
SIM1
SIM2
SIM3
SIM4
1
21
22
SIM5
SIM1
SIM2
SIM3
SIM4
1
21
22
SIM5
SIM1
SIM2
SIM3
SIM4
1
21
22
SIM5
SIM1
SIM2
SIM3
SIM4
1
21
22
SIM5
SIM1
SIM2
SIM3
SIM4
1
21
22
SIM5
SIM1
SIM2
SIM3
SIM4
1
21
22
SIM5
SIM1
SIM2
SIM3
SIM4
1
21
22
SIM5
SIM1
SIM2
SIM3
SIM4
1
21
22
SIM5
SIM1
SIM2
SIM3
SIM4
1
21
22
SIM5
SIM1
SIM2
SIM3
SIM4
1
21
22
SIM5
SIM1
SIM2
SIM3
SIM4
1
21
22
SIM5
SIM1
SIM2
SIM3
SIM4
1
21
22
SIM5
SIM1
SIM2
SIM3
SIM4
1
21
22
SIM5
SIM1
SIM2
SIM3
SIM4
1
21
22
SIM5
SIM1
SIM2
SIM3
SIM4
1
21
22
SIM5
SIM1
SIM2
SIM3
SIM4
1
21
22
SIM5
SIM1
SIM2
SIM3
SIM4
1
21
22
SIM5
SIM1
SIM2
SIM3
SIM4
1
21
22
SIM5
SIM1
SIM2
SIM3
SIM4
1
21
22
SIM5
SIM1
SIM2
SIM3
SIM4
1
21
22
SIM5
SIM1
SIM2
SIM3
SIM4
1
21
22
SIM5
SIM1
SIM2
SIM3
SIM4
1
21
22
SIM5
SIM1
SIM2
SIM3
SIM4
1
21
22
SIM5
SIM1
SIM2
SIM3
SIM4
1
21
22
SIM5
SIM1
SIM2
SIM3
SIM4
1
21
22
SIM5
SIM1
SIM2
SIM3
SIM4
1
21
22
SIM5
SIM1
SIM2
SIM3
SIM4
1
21
22
SIM5
SIM1
SIM2
SIM3
SIM4
1
21
22
SIM5
SIM1
SIM2
SIM3
SIM4
1
21
22
SIM5
SIM1
SIM2
DEBUG 1 458
SIM1
SIM2
SIM3
SIM4
1
21
22
SIM5
SIM1
SIM2
SIM3
SIM4
1
21
22
SIM5
SIM1
SIM2
SIM3
SIM4
1
21
22
SIM5
SIM1
SIM2
SIM3
SIM4
1
21
22
SIM5
SIM1
SIM2
SIM3
SIM4
1
21
22
SIM5
SIM1
SIM2
SIM3
SIM4
1
21
22
SIM5
SIM1
SIM2
SIM3
SIM4
1
21
22
SIM5
SIM1
SIM2
SIM3
SIM4
1
21
22
SIM5
SIM1
SIM2
SIM3
SIM4
1
21
22
SIM5
SIM1
SIM2
SIM3
SIM4
1
21
22
SIM5
SIM1
SIM2
SIM3
SIM4
1
21
22
SIM5
SIM1
SIM2
SIM3
SIM4
1
21
22
SIM5
SIM1
SIM2
SIM3
SIM4
1
21
22
SIM5
SIM1
SIM2
SIM3
SIM4
1
21
22
SIM5
SIM1
SIM2
SIM3
SIM4
1
21
22
SIM5
SIM1
SIM2
SIM3
SIM4
1
21
22
SIM5
SIM1
SIM2
SIM3
SIM4
1
21
22
SIM5
SIM1
SIM2
SIM3
SIM4
1
21
22
SIM5
SIM1
SIM2
SIM3
SIM4
1
21
22
SIM5
SIM1
SIM2
SIM3
SIM4
1
21
22
SIM5
SIM1
SIM2
SIM3
SIM4
1
21
22
SIM5
SIM1
SIM2
SIM3
SIM4
1
21
22
SIM5
SIM1
SIM2
SIM3
SIM4
1
21
22
SIM5
SIM1
SIM2
SIM3
SIM4
1
21
22
SIM5
SIM1
SIM2
SIM3
SIM4
1
21
22
SIM5
SIM1
SIM2
SIM3
SIM4
1
21
22
SIM5
SIM1
SIM2
SIM3
SIM4
1
21
22
SIM5
SIM1
SIM2
SIM3
SIM4
1
21
22
SIM5
SIM1
SIM2
SIM3
SIM4
1
21
22
SIM5
SIM1
SIM2
SIM3
SIM4
1
21
22
SIM5
SIM1
SIM2
SIM3
SIM4
1
21
22
SIM5
SIM1
SIM2
SIM3
SIM4
1
21
22
SIM5
SIM1
SIM2
SIM3
SIM4
1
21
22
SIM5
SIM1
SIM2
SIM3
SIM4
1
21
22
SIM5
SIM1
SIM2
SIM3
SIM4
1
21
22
SIM5
SIM1
SIM2
SIM3
SIM4
1
21
22
SIM5
SIM1
SIM2
SIM3
SIM4
1
21
22
SIM5
SIM1
SIM2
SIM3
SIM4
1
21
22
SIM5
SIM1
SIM2
SIM3
SIM4
1
21
22
SIM5
SIM1
SIM2
SIM3
SIM4
1
21
22
SIM5
SIM1
SIM2
SIM3
SIM4
1
21
22
SIM5
SIM1
SIM2
SIM3
SIM4
1
21
22
SIM5
SIM1
SIM2
SIM3
SIM4
1
21
22
SIM5
SIM1
SIM2
SIM3
SIM4
1
21
22
SIM5
SIM1
SIM2
SIM3
SIM4
1
21
22
SIM5
SIM1
SIM2
SIM3
SIM4
1
21
22
SIM5
SIM1
SIM2
SIM3
SIM4
1
21
22
SIM5
SIM1
SIM2
SIM3
SIM4
1
21
22
SIM5
SIM1
SIM2
SIM3
SIM4
1
21
22
SIM5
SIM1
SIM2
SIM3
SIM4
1
21
22
SIM5
SIM1
SIM2
SIM3
SIM4
1
21
22
SIM5
SIM1
SIM2
SIM3
SIM4
1
21
22
SIM5
SIM1
SIM2
SIM3
SIM4
1
21
22
SIM5
SIM1
SIM2
SIM3
SIM4
1
21
22
SIM5
SIM1
SIM2
SIM3
SIM4
1
21
22
SIM5
SIM1
SIM2
SIM3
SIM4
1
21
22
SIM5
SIM1
SIM2
SIM3
SIM4
1
21
22
SIM5
SIM1
SIM2
SIM3
SIM4
1
21
22
SIM5
SIM1
SIM2
SIM3
SIM4
1
21
22
SIM5
SIM1
SIM2
SIM3
SIM4
1
21
22
SIM5
SIM1
SIM2
SIM3
SIM4
1
21
22
SIM5
SIM1
SIM2
SIM3
SIM4
1
21
22
SIM5
SIM1
SIM2
SIM3
SIM4
1
21
22
SIM5
SIM1
SIM2
SIM3
SIM4
1
21
22
SIM5
SIM1
SIM2
SIM3
SIM4
1
21
22
SIM5
SIM1
SIM2
SIM3
SIM4
1
21
22
SIM5
SIM1
SIM2
SIM3
SIM4
1
21
22
SIM5
SIM1
SIM2
SIM3
SIM4
1
21
22
SIM5
SIM1
SIM2
SIM3
SIM4
1
21
22
SIM5
SIM1
SIM2
SIM3
SIM4
1
21
22
SIM5
SIM1
SIM2
SIM3
SIM4
1
21
22
SIM5
SIM1
SIM2
SIM3
SIM4
1
21
22
SIM5
SIM1
SIM2
SIM3
SIM4
1
21
22
SIM5
SIM1
SIM2
SIM3
SIM4
1
21
22
SIM5
SIM1
SIM2
SIM3
SIM4
1
21
22
SIM5
SIM1
SIM2
SIM3
SIM4
1
21
22
SIM5
SIM1
SIM2
SIM3
SIM4
1
21
22
SIM5
SIM1
SIM2
SIM3
SIM4
1
21
22
SIM5
SIM1
SIM2
SIM3
SIM4
1
21
22
SIM5
SIM1
SIM2
SIM3
SIM4
1
21
22
SIM5
SIM1
SIM2
SIM3
SIM4
1
21
22
SIM5
SIM1
SIM2
SIM3
SIM4
1
21
22
SIM5
SIM1
SIM2
SIM3
SIM4
1
21
22
SIM5
SIM1
SIM2
SIM3
SIM4
1
21
22
SIM5
SIM1
SIM2
SIM3
SIM4
1
21
22
SIM5
SIM1
SIM2
SIM3
SIM4
1
21
22
SIM5
SIM1
SIM2
SIM3
SIM4
1
21
22
SIM5
SIM1
SIM2
SIM3
SIM4
1
21
22
SIM5
SIM1
SIM2
SIM3
SIM4
1
21
22
SIM5
SIM1
SIM2
SIM3
SIM4
1
21
22
SIM5
SIM1
SIM2
SIM3
SIM4
1
21
22
SIM5
SIM1
SIM2
SIM3
SIM4
1
21
22
SIM5
SIM1
SIM2
SIM3
SIM4
1
21
22
SIM5
SIM1
SIM2
SIM3
SIM4
1
21
22
SIM5
SIM1
SIM2
SIM3
SIM4
1
21
22
SIM5
SIM1
SIM2
SIM3
SIM4
1
21
22
SIM5
SIM1
SIM2
SIM3
SIM4
1
21
22
SIM5
SIM1
SIM2
SIM3
SIM4
1
21
22
SIM5
SIM1
SIM2
SIM3
SIM4
1
21
22
SIM5
SIM1
SIM2
SIM3
SIM4
1
21
22
SIM5
SIM1
SIM2
SIM3
SIM4
1
21
22
SIM5
SIM1
SIM2
SIM3
SIM4
1
21
22
SIM5
SIM1
SIM2
SIM3
SIM4
1
21
22
SIM5
SIM1
SIM2
SIM3
SIM4
1
21
22
SIM5
SIM1
SIM2
SIM3
SIM4
1
21
22
SIM5
SIM1
SIM2
SIM3
SIM4
1
21
22
SIM5
SIM1
SIM2
SIM3
SIM4
1
21
22
SIM5
SIM1
SIM2
SIM3
SIM4
1
21
22
SIM5
SIM1
SIM2
SIM3
SIM4
1
21
22
SIM5
SIM1
SIM2
SIM3
SIM4
1
21
22
SIM5
SIM1
SIM2
SIM3
SIM4
1
21
22
SIM5
SIM1
SIM2
SIM3
SIM4
1
21
22
SIM5
SIM1
SIM2
SIM3
SIM4
1
21
22
SIM5
SIM1
SIM2
SIM3
SIM4
1
21
22
SIM5
SIM1
SIM2
SIM3
SIM4
1
21
22
SIM5
SIM1
SIM2
SIM3
SIM4
1
21
22
SIM5
SIM1
SIM2
SIM3
SIM4
1
21
22
SIM5
SIM1
SIM2
SIM3
SIM4
1
21
22
SIM5
SIM1
SIM2
SIM3
SIM4
1
21
22
SIM5
SIM1
SIM2
SIM3
SIM4
1
21
22
SIM5
SIM1
SIM2
DEBUG 1 459
SIM1
SIM2
SIM3
SIM4
1
21
22
SIM5
SIM1
SIM2
SIM3
SIM4
1
21
22
SIM5
SIM1
SIM2
SIM3
SIM4
1
21
22
SIM5
SIM1
SIM2
SIM3
SIM4
1
21
22
SIM5
SIM1
SIM2
SIM3
SIM4
1
21
22
SIM5
SIM1
SIM2
SIM3
SIM4
1
21
22
SIM5
SIM1
SIM2
SIM3
SIM4
1
21
22
SIM5
SIM1
SIM2
SIM3
SIM4
1
21
22
SIM5
SIM1
SIM2
SIM3
SIM4
1
21
22
SIM5
SIM1
SIM2
SIM3
SIM4
1
21
22
SIM5
SIM1
SIM2
SIM3
SIM4
1
21
22
SIM5
SIM1
SIM2
SIM3
SIM4
1
21
22
SIM5
SIM1
SIM2
SIM3
SIM4
1
21
22
SIM5
SIM1
SIM2
SIM3
SIM4
1
21
22
SIM5
SIM1
SIM2
SIM3
SIM4
1
21
22
SIM5
SIM1
SIM2
SIM3
SIM4
1
21
22
SIM5
SIM1
SIM2
SIM3
SIM4
1
21
22
SIM5
SIM1
SIM2
SIM3
SIM4
1
21
22
SIM5
SIM1
SIM2
SIM3
SIM4
1
21
22
SIM5
SIM1
SIM2
SIM3
SIM4
1
21
22
SIM5
SIM1
SIM2
SIM3
SIM4
1
21
22
SIM5
SIM1
SIM2
SIM3
SIM4
1
21
22
SIM5
SIM1
SIM2
SIM3
SIM4
1
21
22
SIM5
SIM1
SIM2
SIM3
SIM4
1
21
22
SIM5
SIM1
SIM2
SIM3
SIM4
1
21
22
SIM5
SIM1
SIM2
SIM3
SIM4
1
21
22
SIM5
SIM1
SIM2
SIM3
SIM4
1
21
22
SIM5
SIM1
SIM2
SIM3
SIM4
1
21
22
SIM5
SIM1
SIM2
SIM3
SIM4
1
21
22
SIM5
SIM1
SIM2
SIM3
SIM4
1
21
22
SIM5
SIM1
SIM2
SIM3
SIM4
1
21
22
SIM5
SIM1
SIM2
SIM3
SIM4
1
21
22
SIM5
SIM1
SIM2
SIM3
SIM4
1
21
22
SIM5
SIM1
SIM2
SIM3
SIM4
1
21
22
SIM5
SIM1
SIM2
SIM3
SIM4
1
21
22
SIM5
SIM1
SIM2
SIM3
SIM4
1
21
22
SIM5
SIM1
SIM2
SIM3
SIM4
1
21
22
SIM5
SIM1
SIM2
SIM3
SIM4
1
21
22
SIM5
SIM1
SIM2
SIM3
SIM4
1
21
22
SIM5
SIM1
SIM2
SIM3
SIM4
1
21
22
SIM5
SIM1
SIM2
SIM3
SIM4
1
21
22
SIM5
SIM1
SIM2
SIM3
SIM4
1
21
22
SIM5
SIM1
SIM2
SIM3
SIM4
1
21
22
SIM5
SIM1
SIM2
SIM3
SIM4
1
21
22
SIM5
SIM1
SIM2
SIM3
SIM4
1
21
22
SIM5
SIM1
SIM2
SIM3
SIM4
1
21
22
SIM5
SIM1
SIM2
SIM3
SIM4
1
21
22
SIM5
SIM1
SIM2
SIM3
SIM4
1
21
22
SIM5
SIM1
SIM2
SIM3
SIM4
1
21
22
SIM5
SIM1
SIM2
SIM3
SIM4
1
21
22
SIM5
SIM1
SIM2
SIM3
SIM4
1
21
22
SIM5
SIM1
SIM2
SIM3
SIM4
1
21
22
SIM5
SIM1
SIM2
SIM3
SIM4
1
21
22
SIM5
SIM1
SIM2
SIM3
SIM4
1
21
22
SIM5
SIM1
SIM2
SIM3
SIM4
1
21
22
SIM5
SIM1
SIM2
SIM3
SIM4
1
21
22
SIM5
SIM1
SIM2
SIM3
SIM4
1
21
22
SIM5
SIM1
SIM2
SIM3
SIM4
1
21
22
SIM5
SIM1
SIM2
SIM3
SIM4
1
21
22
SIM5
SIM1
SIM2
SIM3
SIM4
1
21
22
SIM5
SIM1
SIM2
SIM3
SIM4
1
21
22
SIM5
SIM1
SIM2
SIM3
SIM4
1
21
22
SIM5
SIM1
SIM2
SIM3
SIM4
1
21
22
SIM5
SIM1
SIM2
SIM3
SIM4
1
21
22
SIM5
SIM1
SIM2
SIM3
SIM4
1
21
22
SIM5
SIM1
SIM2
SIM3
SIM4
1
21
22
SIM5
SIM1
SIM2
SIM3
SIM4
1
21
22
SIM5
SIM1
SIM2
SIM3
SIM4
1
21
22
SIM5
SIM1
SIM2
SIM3
SIM4
1
21
22
SIM5
SIM1
SIM2
SIM3
SIM4
1
21
22
SIM5
SIM1
SIM2
SIM3
SIM4
1
21
22
SIM5
SIM1
SIM2
SIM3
SIM4
1
21
22
SIM5
SIM1
SIM2
SIM3
SIM4
1
21
22
SIM5
SIM1
SIM2
SIM3
SIM4
1
21
22
SIM5
SIM1
SIM2
SIM3
SIM4
1
21
22
SIM5
SIM1
SIM2
SIM3
SIM4
1
21
22
SIM5
SIM1
SIM2
SIM3
SIM4
1
21
22
SIM5
SIM1
SIM2
SIM3
SIM4
1
21
22
SIM5
SIM1
SIM2
SIM3
SIM4
1
21
22
SIM5
SIM1
SIM2
SIM3
SIM4
1
21
22
SIM5
SIM1
SIM2
SIM3
SIM4
1
21
22
SIM5
SIM1
SIM2
SIM3
SIM4
1
21
22
SIM5
SIM1
SIM2
SIM3
SIM4
1
21
22
SIM5
SIM1
SIM2
SIM3
SIM4
1
21
22
SIM5
SIM1
SIM2
SIM3
SIM4
1
21
22
SIM5
SIM1
SIM2
SIM3
SIM4
1
21
22
SIM5
SIM1
SIM2
SIM3
SIM4
1
21
22
SIM5
SIM1
SIM2
SIM3
SIM4
1
21
22
SIM5
SIM1
SIM2
SIM3
SIM4
1
21
22
SIM5
SIM1
SIM2
SIM3
SIM4
1
21
22
SIM5
SIM1
SIM2
SIM3
SIM4
1
21
22
SIM5
SIM1
SIM2
SIM3
SIM4
1
21
22
SIM5
SIM1
SIM2
SIM3
SIM4
1
21
22
SIM5
SIM1
SIM2
SIM3
SIM4
1
21
22
SIM5
SIM1
SIM2
SIM3
SIM4
1
21
22
SIM5
SIM1
SIM2
SIM3
SIM4
1
21
22
SIM5
SIM1
SIM2
SIM3
SIM4
1
21
22
SIM5
SIM1
SIM2
SIM3
SIM4
1
21
22
SIM5
SIM1
SIM2
SIM3
SIM4
1
21
22
SIM5
SIM1
SIM2
SIM3
SIM4
1
21
22
SIM5
SIM1
SIM2
SIM3
SIM4
1
21
22
SIM5
SIM1
SIM2
SIM3
SIM4
1
21
22
SIM5
SIM1
SIM2
SIM3
SIM4
1
21
22
SIM5
SIM1
SIM2
SIM3
SIM4
1
21
22
SIM5
SIM1
SIM2
SIM3
SIM4
1
21
22
SIM5
SIM1
SIM2
SIM3
SIM4
1
21
22
SIM5
SIM1
SIM2
SIM3
SIM4
1
21
22
SIM5
SIM1
SIM2
SIM3
SIM4
1
21
22
SIM5
SIM1
SIM2
SIM3
SIM4
1
21
22
SIM5
SIM1
SIM2
SIM3
SIM4
1
21
22
SIM5
SIM1
SIM2
SIM3
SIM4
1
21
22
SIM5
SIM1
SIM2
SIM3
SIM4
1
21
22
SIM5
SIM1
SIM2
SIM3
SIM4
1
21
22
SIM5
SIM1
SIM2
SIM3
SIM4
1
21
22
SIM5
SIM1
SIM2
SIM3
SIM4
1
21
22
SIM5
SIM1
SIM2
SIM3
SIM4
1
21
22
SIM5
SIM1
SIM2
SIM3
SIM4
1
21
22
SIM5
SIM1
SIM2
SIM3
SIM4
1
21
22
SIM5
SIM1
SIM2
SIM3
SIM4
1
21
22
SIM5
SIM1
SIM2
SIM3
SIM4
1
21
22
SIM5
SIM1
SIM2
SIM3
SIM4
1
21
22
SIM5
SIM1
SIM2
SIM3
SIM4
1
21
22
SIM5
SIM1
SIM2
SIM3
SIM4
1
21
22
SIM5
SIM1
SIM2
SIM3
SIM4
1
21
22
SIM5
SIM1
SIM2
SIM3
SIM4
1
21
22
SIM5
SIM1
SIM2
SIM3
SIM4
1
21
22
SIM5
SIM1
SIM2
SIM3
SIM4
1
21
22
SIM5
SIM1
SIM2
SIM3
SIM4
1
21
22
SIM5
SIM1
SIM2
SIM3
SIM4
1
21
22
SIM5
SIM1
SIM2
SIM3
SIM4
1
21
22
SIM5
SIM1
SIM2
SIM3
SIM4
1
21
22
SIM5
SIM1
SIM2
SIM3
SIM4
1
21
22
SIM5
SIM1
SIM2
SIM3
SIM4
1
21
22
SIM5
SIM1
SIM2
SIM3
SIM4
1
21
22
SIM5
SIM1
SIM2
SIM3
SIM4
1
21
22
SIM5
SIM1
SIM2
SIM3
SIM4
1
21
22
SIM5
SIM1
SIM2
SIM3
SIM4
1
21
22
SIM5
SIM1
SIM2
SIM3
SIM4
1
21
22
SIM5
SIM1
SIM2
SIM3
SIM4
1
21
22
SIM5
SIM1
SIM2
SIM3
SIM4
1
21
22
SIM5
SIM1
SIM2
SIM3
SIM4
1
21
22
SIM5
SIM1
SIM2
SIM3
SIM4
1
21
22
SIM5
SIM1
SIM2
SIM3
SIM4
1
21
22
SIM5
SIM1
SIM2
SIM3
SIM4
1
21
22
SIM5
SIM1
SIM2
SIM3
SIM4
1
21
22
SIM5
SIM1
SIM2
SIM3
SIM4
1
21
22
SIM5
SIM1
SIM2
SIM3
SIM4
1
21
22
SIM5
SIM1
SIM2
SIM3
SIM4
1
21
22
SIM5
SIM1
SIM2
SIM3
SIM4
1
21
22
SIM5
SIM1
SIM2
SIM3
SIM4
1
21
22
SIM5
SIM1
SIM2
SIM3
SIM4
1
21
22
SIM5
SIM1
SIM2
SIM3
SIM4
1
21
22
SIM5
SIM1
SIM2
SIM3
SIM4
1
21
22
SIM5
SIM1
SIM2
SIM3
SIM4
1
21
22
SIM5
SIM1
SIM2
SIM3
SIM4
1
21
22
SIM5
SIM1
SIM2
SIM3
SIM4
1
21
22
SIM5
SIM1
SIM2
SIM3
SIM4
1
21
22
SIM5
SIM1
SIM2
SIM3
SIM4
1
21
22
SIM5
SIM1
SIM2
SIM3
SIM4
1
21
22
SIM5
SIM1
SIM2
SIM3
SIM4
1
21
22
SIM5
SIM1
SIM2
SIM3
SIM4
1
21
22
SIM5
SIM1
SIM2
SIM3
SIM4
1
21
22
SIM5
SIM1
SIM2
SIM3
SIM4
1
21
22
SIM5
SIM1
SIM2
SIM3
SIM4
1
21
22
SIM5
SIM1
SIM2
SIM3
SIM4
1
21
22
SIM5
SIM1
SIM2
SIM3
SIM4
1
21
22
SIM5
SIM1
SIM2
SIM3
SIM4
1
21
22
SIM5
SIM1
SIM2
SIM3
SIM4
1
21
22
SIM5
SIM1
SIM2
SIM3
SIM4
1
21
22
SIM5
SIM1
SIM2
SIM3
SIM4
1
21
22
SIM5
SIM1
SIM2
SIM3
SIM4
1
21
22
SIM5
SIM1
SIM2
SIM3
SIM4
1
21
22
SIM5
SIM1
SIM2
SIM3
SIM4
1
21
22
SIM5
SIM1
SIM2
SIM3
SIM4
1
21
22
SIM5
SIM1
SIM2
SIM3
SIM4
1
21
22
SIM5
SIM1
SIM2
SIM3
SIM4
1
21
22
SIM5
SIM1
SIM2
SIM3
SIM4
1
21
22
SIM5
SIM1
SIM2
DEBUG 1 460
SIM1
SIM2
SIM3
SIM4
1
21
22
SIM5
SIM1
SIM2
SIM3
SIM4
1
21
22
SIM5
SIM1
SIM2
SIM3
SIM4
1
21
22
SIM5
SIM1
SIM2
SIM3
SIM4
1
21
22
SIM5
SIM1
SIM2
SIM3
SIM4
1
21
22
SIM5
SIM1
SIM2
SIM3
SIM4
1
21
22
SIM5
SIM1
SIM2
SIM3
SIM4
1
21
22
SIM5
SIM1
SIM2
SIM3
SIM4
1
21
22
SIM5
SIM1
SIM2
SIM3
SIM4
1
21
22
SIM5
SIM1
SIM2
SIM3
SIM4
1
21
22
SIM5
SIM1
SIM2
SIM3
SIM4
1
21
22
SIM5
SIM1
SIM2
SIM3
SIM4
1
21
22
SIM5
SIM1
SIM2
SIM3
SIM4
1
21
22
SIM5
SIM1
SIM2
SIM3
SIM4
1
21
22
SIM5
SIM1
SIM2
SIM3
SIM4
1
21
22
SIM5
SIM1
SIM2
SIM3
SIM4
1
21
22
SIM5
SIM1
SIM2
SIM3
SIM4
1
21
22
SIM5
SIM1
SIM2
SIM3
SIM4
1
21
22
SIM5
SIM1
SIM2
SIM3
SIM4
1
21
22
SIM5
SIM1
SIM2
SIM3
SIM4
1
21
22
SIM5
SIM1
SIM2
SIM3
SIM4
1
21
22
SIM5
SIM1
SIM2
SIM3
SIM4
1
21
22
SIM5
SIM1
SIM2
SIM3
SIM4
1
21
22
SIM5
SIM1
SIM2
SIM3
SIM4
1
21
22
SIM5
SIM1
SIM2
SIM3
SIM4
1
21
22
SIM5
SIM1
SIM2
SIM3
SIM4
1
21
22
SIM5
SIM1
SIM2
SIM3
SIM4
1
21
22
SIM5
SIM1
SIM2
SIM3
SIM4
1
21
22
SIM5
SIM1
SIM2
SIM3
SIM4
1
21
22
SIM5
SIM1
SIM2
SIM3
SIM4
1
21
22
SIM5
SIM1
SIM2
SIM3
SIM4
1
21
22
SIM5
SIM1
SIM2
SIM3
SIM4
1
21
22
SIM5
SIM1
SIM2
SIM3
SIM4
1
21
22
SIM5
SIM1
SIM2
SIM3
SIM4
1
21
22
SIM5
SIM1
SIM2
SIM3
SIM4
1
21
22
SIM5
SIM1
SIM2
SIM3
SIM4
1
21
22
SIM5
SIM1
SIM2
SIM3
SIM4
1
21
22
SIM5
SIM1
SIM2
SIM3
SIM4
1
21
22
SIM5
SIM1
SIM2
SIM3
SIM4
1
21
22
SIM5
SIM1
SIM2
SIM3
SIM4
1
21
22
SIM5
SIM1
SIM2
SIM3
SIM4
1
21
22
SIM5
SIM1
SIM2
SIM3
SIM4
1
21
22
SIM5
SIM1
SIM2
SIM3
SIM4
1
21
22
SIM5
SIM1
SIM2
SIM3
SIM4
1
21
22
SIM5
SIM1
SIM2
SIM3
SIM4
1
21
22
SIM5
SIM1
SIM2
SIM3
SIM4
1
21
22
SIM5
SIM1
SIM2
SIM3
SIM4
1
21
22
SIM5
SIM1
SIM2
SIM3
SIM4
1
21
22
SIM5
SIM1
SIM2
SIM3
SIM4
1
21
22
SIM5
SIM1
SIM2
SIM3
SIM4
1
21
22
SIM5
SIM1
SIM2
SIM3
SIM4
1
21
22
SIM5
SIM1
SIM2
SIM3
SIM4
1
21
22
SIM5
SIM1
SIM2
SIM3
SIM4
1
21
22
SIM5
SIM1
SIM2
SIM3
SIM4
1
21
22
SIM5
SIM1
SIM2
SIM3
SIM4
1
21
22
SIM5
SIM1
SIM2
SIM3
SIM4
1
21
22
SIM5
SIM1
SIM2
SIM3
SIM4
1
21
22
SIM5
SIM1
SIM2
SIM3
SIM4
1
21
22
SIM5
SIM1
SIM2
SIM3
SIM4
1
21
22
SIM5
SIM1
SIM2
SIM3
SIM4
1
21
22
SIM5
SIM1
SIM2
SIM3
SIM4
1
21
22
SIM5
SIM1
SIM2
SIM3
SIM4
1
21
22
SIM5
SIM1
SIM2
SIM3
SIM4
1
21
22
SIM5
SIM1
SIM2
SIM3
SIM4
1
21
22
SIM5
SIM1
SIM2
SIM3
SIM4
1
21
22
SIM5
SIM1
SIM2
SIM3
SIM4
1
21
22
SIM5
SIM1
SIM2
SIM3
SIM4
1
21
22
SIM5
SIM1
SIM2
SIM3
SIM4
1
21
22
SIM5
SIM1
SIM2
SIM3
SIM4
1
21
22
SIM5
SIM1
SIM2
SIM3
SIM4
1
21
22
SIM5
SIM1
SIM2
SIM3
SIM4
1
21
22
SIM5
SIM1
SIM2
SIM3
SIM4
1
21
22
SIM5
SIM1
SIM2
SIM3
SIM4
1
21
22
SIM5
SIM1
SIM2
SIM3
SIM4
1
21
22
SIM5
SIM1
SIM2
SIM3
SIM4
1
21
22
SIM5
SIM1
SIM2
SIM3
SIM4
1
21
22
SIM5
SIM1
SIM2
SIM3
SIM4
1
21
22
SIM5
SIM1
SIM2
SIM3
SIM4
1
21
22
SIM5
SIM1
SIM2
SIM3
SIM4
1
21
22
SIM5
SIM1
SIM2
SIM3
SIM4
1
21
22
SIM5
SIM1
SIM2
SIM3
SIM4
1
21
22
SIM5
SIM1
SIM2
SIM3
SIM4
1
21
22
SIM5
SIM1
SIM2
SIM3
SIM4
1
21
22
SIM5
SIM1
SIM2
SIM3
SIM4
1
21
22
SIM5
SIM1
SIM2
SIM3
SIM4
1
21
22
SIM5
SIM1
SIM2
SIM3
SIM4
1
21
22
SIM5
SIM1
SIM2
SIM3
SIM4
1
21
22
SIM5
SIM1
SIM2
SIM3
SIM4
1
21
22
SIM5
SIM1
SIM2
SIM3
SIM4
1
21
22
SIM5
SIM1
SIM2
SIM3
SIM4
1
21
22
SIM5
SIM1
SIM2
SIM3
SIM4
1
21
22
SIM5
SIM1
SIM2
SIM3
SIM4
1
21
22
SIM5
SIM1
SIM2
SIM3
SIM4
1
21
22
SIM5
SIM1
SIM2
SIM3
SIM4
1
21
22
SIM5
SIM1
SIM2
SIM3
SIM4
1
21
22
SIM5
SIM1
SIM2
SIM3
SIM4
1
21
22
SIM5
SIM1
SIM2
SIM3
SIM4
1
21
22
SIM5
SIM1
SIM2
SIM3
SIM4
1
21
22
SIM5
SIM1
SIM2
SIM3
SIM4
1
21
22
SIM5
SIM1
SIM2
SIM3
SIM4
1
21
22
SIM5
SIM1
SIM2
SIM3
SIM4
1
21
22
SIM5
SIM1
SIM2
SIM3
SIM4
1
21
22
SIM5
SIM1
SIM2
SIM3
SIM4
1
21
22
SIM5
SIM1
SIM2
SIM3
SIM4
1
21
22
SIM5
SIM1
SIM2
SIM3
SIM4
1
21
22
SIM5
SIM1
SIM2
SIM3
SIM4
1
21
22
SIM5
SIM1
SIM2
SIM3
SIM4
1
21
22
SIM5
SIM1
SIM2
SIM3
SIM4
1
21
22
SIM5
SIM1
SIM2
SIM3
SIM4
1
21
22
SIM5
SIM1
SIM2
SIM3
SIM4
1
21
22
SIM5
SIM1
SIM2
SIM3
SIM4
1
21
22
SIM5
SIM1
SIM2
SIM3
SIM4
1
21
22
SIM5
SIM1
SIM2
SIM3
SIM4
1
21
22
SIM5
SIM1
SIM2
SIM3
SIM4
1
21
22
SIM5
SIM1
SIM2
SIM3
SIM4
1
21
22
SIM5
SIM1
SIM2
SIM3
SIM4
1
21
22
SIM5
SIM1
SIM2
SIM3
SIM4
1
21
22
SIM5
SIM1
SIM2
SIM3
SIM4
1
21
22
SIM5
SIM1
SIM2
SIM3
SIM4
1
21
22
SIM5
SIM1
SIM2
SIM3
SIM4
1
21
22
SIM5
SIM1
SIM2
SIM3
SIM4
1
21
22
SIM5
SIM1
SIM2
SIM3
SIM4
1
21
22
SIM5
SIM1
SIM2
SIM3
SIM4
1
21
22
SIM5
SIM1
SIM2
SIM3
SIM4
1
21
22
SIM5
SIM1
SIM2
SIM3
SIM4
1
21
22
SIM5
SIM1
SIM2
SIM3
SIM4
1
21
22
SIM5
SIM1
SIM2
SIM3
SIM4
1
21
22
SIM5
SIM1
SIM2
SIM3
SIM4
1
21
22
SIM5
SIM1
SIM2
SIM3
SIM4
1
21
22
SIM5
SIM1
SIM2
SIM3
SIM4
1
21
22
SIM5
SIM1
SIM2
SIM3
SIM4
1
21
22
SIM5
SIM1
SIM2
SIM3
SIM4
1
21
22
SIM5
SIM1
SIM2
SIM3
SIM4
1
21
22
SIM5
SIM1
SIM2
SIM3
SIM4
1
21
22
SIM5
SIM1
SIM2
SIM3
SIM4
1
21
22
SIM5
SIM1
SIM2
SIM3
SIM4
1
21
22
SIM5
SIM1
SIM2
SIM3
SIM4
1
21
22
SIM5
SIM1
SIM2
SIM3
SIM4
1
21
22
SIM5
SIM1
SIM2
SIM3
SIM4
1
21
22
SIM5
SIM1
SIM2
SIM3
SIM4
1
21
22
SIM5
SIM1
SIM2
SIM3
SIM4
1
21
22
SIM5
SIM1
SIM2
SIM3
SIM4
1
21
22
SIM5
SIM1
SIM2
SIM3
SIM4
1
21
22
SIM5
SIM1
SIM2
SIM3
SIM4
1
21
22
SIM5
SIM1
SIM2
SIM3
SIM4
1
21
22
SIM5
SIM1
SIM2
SIM3
SIM4
1
21
22
SIM5
SIM1
SIM2
SIM3
SIM4
1
21
22
SIM5
SIM1
SIM2
SIM3
SIM4
1
21
22
SIM5
SIM1
SIM2
SIM3
SIM4
1
21
22
SIM5
SIM1
SIM2
SIM3
SIM4
1
21
22
SIM5
SIM1
SIM2
SIM3
SIM4
1
21
22
SIM5
SIM1
SIM2
SIM3
SIM4
1
21
22
SIM5
SIM1
SIM2
SIM3
SIM4
1
21
22
SIM5
SIM1
SIM2
SIM3
SIM4
1
21
22
SIM5
SIM1
SIM2
SIM3
SIM4
1
21
22
SIM5
SIM1
SIM2
SIM3
SIM4
1
21
22
SIM5
SIM1
SIM2
SIM3
SIM4
1
21
22
SIM5
SIM1
SIM2
SIM3
SIM4
1
21
22
SIM5
SIM1
SIM2
SIM3
SIM4
1
21
22
SIM5
SIM1
SIM2
SIM3
SIM4
1
21
22
SIM5
SIM1
SIM2
SIM3
SIM4
1
21
22
SIM5
SIM1
SIM2
SIM3
SIM4
1
21
22
SIM5
SIM1
SIM2
SIM3
SIM4
1
21
22
SIM5
SIM1
SIM2
SIM3
SIM4
1
21
22
SIM5
SIM1
SIM2
DEBUG 1 461
SIM1
SIM2
SIM3
SIM4
1
21
22
SIM5
SIM1
SIM2
SIM3
SIM4
1
21
22
SIM5
SIM1
SIM2
SIM3
SIM4
1
21
22
SIM5
SIM1
SIM2
SIM3
SIM4
1
21
22
SIM5
SIM1
SIM2
SIM3
SIM4
1
21
22
SIM5
SIM1
SIM2
SIM3
SIM4
1
21
22
SIM5
SIM1
SIM2
SIM3
SIM4
1
21
22
SIM5
SIM1
SIM2
SIM3
SIM4
1
21
22
SIM5
SIM1
SIM2
SIM3
SIM4
1
21
22
SIM5
SIM1
SIM2
SIM3
SIM4
1
21
22
SIM5
SIM1
SIM2
SIM3
SIM4
1
21
22
SIM5
SIM1
SIM2
SIM3
SIM4
1
21
22
SIM5
SIM1
SIM2
SIM3
SIM4
1
21
22
SIM5
SIM1
SIM2
SIM3
SIM4
1
21
22
SIM5
SIM1
SIM2
SIM3
SIM4
1
21
22
SIM5
SIM1
SIM2
SIM3
SIM4
1
21
22
SIM5
SIM1
SIM2
SIM3
SIM4
1
21
22
SIM5
SIM1
SIM2
SIM3
SIM4
1
21
22
SIM5
SIM1
SIM2
SIM3
SIM4
1
21
22
SIM5
SIM1
SIM2
SIM3
SIM4
1
21
22
SIM5
SIM1
SIM2
SIM3
SIM4
1
21
22
SIM5
SIM1
SIM2
SIM3
SIM4
1
21
22
SIM5
SIM1
SIM2
SIM3
SIM4
1
21
22
SIM5
SIM1
SIM2
SIM3
SIM4
1
21
22
SIM5
SIM1
SIM2
SIM3
SIM4
1
21
22
SIM5
SIM1
SIM2
SIM3
SIM4
1
21
22
SIM5
SIM1
SIM2
SIM3
SIM4
1
21
22
SIM5
SIM1
SIM2
SIM3
SIM4
1
21
22
SIM5
SIM1
SIM2
SIM3
SIM4
1
21
22
SIM5
SIM1
SIM2
SIM3
SIM4
1
21
22
SIM5
SIM1
SIM2
SIM3
SIM4
1
21
22
SIM5
SIM1
SIM2
SIM3
SIM4
1
21
22
SIM5
SIM1
SIM2
SIM3
SIM4
1
21
22
SIM5
SIM1
SIM2
SIM3
SIM4
1
21
22
SIM5
SIM1
SIM2
SIM3
SIM4
1
21
22
SIM5
SIM1
SIM2
SIM3
SIM4
1
21
22
SIM5
SIM1
SIM2
SIM3
SIM4
1
21
22
SIM5
SIM1
SIM2
SIM3
SIM4
1
21
22
SIM5
SIM1
SIM2
SIM3
SIM4
1
21
22
SIM5
SIM1
SIM2
SIM3
SIM4
1
21
22
SIM5
SIM1
SIM2
SIM3
SIM4
1
21
22
SIM5
SIM1
SIM2
SIM3
SIM4
1
21
22
SIM5
SIM1
SIM2
SIM3
SIM4
1
21
22
SIM5
SIM1
SIM2
SIM3
SIM4
1
21
22
SIM5
SIM1
SIM2
SIM3
SIM4
1
21
22
SIM5
SIM1
SIM2
SIM3
SIM4
1
21
22
SIM5
SIM1
SIM2
SIM3
SIM4
1
21
22
SIM5
SIM1
SIM2
SIM3
SIM4
1
21
22
SIM5
SIM1
SIM2
SIM3
SIM4
1
21
22
SIM5
SIM1
SIM2
SIM3
SIM4
1
21
22
SIM5
SIM1
SIM2
SIM3
SIM4
1
21
22
SIM5
SIM1
SIM2
SIM3
SIM4
1
21
22
SIM5
SIM1
SIM2
SIM3
SIM4
1
21
22
SIM5
SIM1
SIM2
SIM3
SIM4
1
21
22
SIM5
SIM1
SIM2
SIM3
SIM4
1
21
22
SIM5
SIM1
SIM2
SIM3
SIM4
1
21
22
SIM5
SIM1
SIM2
SIM3
SIM4
1
21
22
SIM5
SIM1
SIM2
SIM3
SIM4
1
21
22
SIM5
SIM1
SIM2
SIM3
SIM4
1
21
22
SIM5
SIM1
SIM2
SIM3
SIM4
1
21
22
SIM5
SIM1
SIM2
SIM3
SIM4
1
21
22
SIM5
SIM1
SIM2
SIM3
SIM4
1
21
22
SIM5
SIM1
SIM2
SIM3
SIM4
1
21
22
SIM5
SIM1
SIM2
SIM3
SIM4
1
21
22
SIM5
SIM1
SIM2
SIM3
SIM4
1
21
22
SIM5
SIM1
SIM2
SIM3
SIM4
1
21
22
SIM5
SIM1
SIM2
SIM3
SIM4
1
21
22
SIM5
SIM1
SIM2
SIM3
SIM4
1
21
22
SIM5
SIM1
SIM2
SIM3
SIM4
1
21
22
SIM5
SIM1
SIM2
SIM3
SIM4
1
21
22
SIM5
SIM1
SIM2
SIM3
SIM4
1
21
22
SIM5
SIM1
SIM2
SIM3
SIM4
1
21
22
SIM5
SIM1
SIM2
SIM3
SIM4
1
21
22
SIM5
SIM1
SIM2
SIM3
SIM4
1
21
22
SIM5
SIM1
SIM2
SIM3
SIM4
1
21
22
SIM5
SIM1
SIM2
SIM3
SIM4
1
21
22
SIM5
SIM1
SIM2
SIM3
SIM4
1
21
22
SIM5
SIM1
SIM2
SIM3
SIM4
1
21
22
SIM5
SIM1
SIM2
SIM3
SIM4
1
21
22
SIM5
SIM1
SIM2
SIM3
SIM4
1
21
22
SIM5
SIM1
SIM2
SIM3
SIM4
1
21
22
SIM5
SIM1
SIM2
SIM3
SIM4
1
21
22
SIM5
SIM1
SIM2
SIM3
SIM4
1
21
22
SIM5
SIM1
SIM2
SIM3
SIM4
1
21
22
SIM5
SIM1
SIM2
SIM3
SIM4
1
21
22
SIM5
SIM1
SIM2
SIM3
SIM4
1
21
22
SIM5
SIM1
SIM2
SIM3
SIM4
1
21
22
SIM5
SIM1
SIM2
SIM3
SIM4
1
21
22
SIM5
SIM1
SIM2
SIM3
SIM4
1
21
22
SIM5
SIM1
SIM2
SIM3
SIM4
1
21
22
SIM5
SIM1
SIM2
SIM3
SIM4
1
21
22
SIM5
SIM1
SIM2
SIM3
SIM4
1
21
22
SIM5
SIM1
SIM2
SIM3
SIM4
1
21
22
SIM5
SIM1
SIM2
SIM3
SIM4
1
21
22
SIM5
SIM1
SIM2
SIM3
SIM4
1
21
22
SIM5
SIM1
SIM2
SIM3
SIM4
1
21
22
SIM5
SIM1
SIM2
SIM3
SIM4
1
21
22
SIM5
SIM1
SIM2
SIM3
SIM4
1
21
22
SIM5
SIM1
SIM2
SIM3
SIM4
1
21
22
SIM5
SIM1
SIM2
SIM3
SIM4
1
21
22
SIM5
SIM1
SIM2
SIM3
SIM4
1
21
22
SIM5
SIM1
SIM2
SIM3
SIM4
1
21
22
SIM5
SIM1
SIM2
SIM3
SIM4
1
21
22
SIM5
SIM1
SIM2
SIM3
SIM4
1
21
22
SIM5
SIM1
SIM2
SIM3
SIM4
1
21
22
SIM5
SIM1
SIM2
SIM3
SIM4
1
21
22
SIM5
SIM1
SIM2
SIM3
SIM4
1
21
22
SIM5
SIM1
SIM2
SIM3
SIM4
1
21
22
SIM5
SIM1
SIM2
SIM3
SIM4
1
21
22
SIM5
SIM1
SIM2
SIM3
SIM4
1
21
22
SIM5
SIM1
SIM2
SIM3
SIM4
1
21
22
SIM5
SIM1
SIM2
SIM3
SIM4
1
21
22
SIM5
SIM1
SIM2
SIM3
SIM4
1
21
22
SIM5
SIM1
SIM2
SIM3
SIM4
1
21
22
SIM5
SIM1
SIM2
SIM3
SIM4
1
21
22
SIM5
SIM1
SIM2
SIM3
SIM4
1
21
22
SIM5
SIM1
SIM2
SIM3
SIM4
1
21
22
SIM5
SIM1
SIM2
SIM3
SIM4
1
21
22
SIM5
SIM1
SIM2
SIM3
SIM4
1
21
22
SIM5
SIM1
SIM2
SIM3
SIM4
1
21
22
SIM5
SIM1
SIM2
SIM3
SIM4
1
21
22
SIM5
SIM1
SIM2
SIM3
SIM4
1
21
22
SIM5
SIM1
SIM2
SIM3
SIM4
1
21
22
SIM5
SIM1
SIM2
SIM3
SIM4
1
21
22
SIM5
SIM1
SIM2
SIM3
SIM4
1
21
22
SIM5
SIM1
SIM2
SIM3
SIM4
1
21
22
SIM5
SIM1
SIM2
SIM3
SIM4
1
21
22
SIM5
SIM1
SIM2
SIM3
SIM4
1
21
22
SIM5
SIM1
SIM2
SIM3
SIM4
1
21
22
SIM5
SIM1
SIM2
SIM3
SIM4
1
21
22
SIM5
SIM1
SIM2
SIM3
SIM4
1
21
22
SIM5
SIM1
SIM2
SIM3
SIM4
1
21
22
SIM5
SIM1
SIM2
SIM3
SIM4
1
21
22
SIM5
SIM1
SIM2
SIM3
SIM4
1
21
22
SIM5
SIM1
SIM2
SIM3
SIM4
1
21
22
SIM5
SIM1
SIM2
SIM3
SIM4
1
21
22
SIM5
SIM1
SIM2
SIM3
SIM4
1
21
22
SIM5
SIM1
SIM2
SIM3
SIM4
1
21
22
SIM5
SIM1
SIM2
SIM3
SIM4
1
21
22
SIM5
SIM1
SIM2
SIM3
SIM4
1
21
22
SIM5
SIM1
SIM2
SIM3
SIM4
1
21
22
SIM5
SIM1
SIM2
SIM3
SIM4
1
21
22
SIM5
SIM1
SIM2
SIM3
SIM4
1
21
22
SIM5
SIM1
SIM2
SIM3
SIM4
1
21
22
SIM5
SIM1
SIM2
SIM3
SIM4
1
21
22
SIM5
SIM1
SIM2
SIM3
SIM4
1
21
22
SIM5
SIM1
SIM2
SIM3
SIM4
1
21
22
SIM5
SIM1
SIM2
SIM3
SIM4
1
21
22
SIM5
SIM1
SIM2
SIM3
SIM4
1
21
22
SIM5
SIM1
SIM2
SIM3
SIM4
1
21
22
SIM5
SIM1
SIM2
SIM3
SIM4
1
21
22
SIM5
SIM1
SIM2
SIM3
SIM4
1
21
22
SIM5
SIM1
SIM2
SIM3
SIM4
1
21
22
SIM5
SIM1
SIM2
SIM3
SIM4
1
21
22
SIM5
SIM1
SIM2
SIM3
SIM4
1
21
22
SIM5
SIM1
SIM2
SIM3
SIM4
1
21
22
SIM5
SIM1
SIM2
SIM3
SIM4
1
21
22
SIM5
SIM1
SIM2
SIM3
SIM4
1
21
22
SIM5
SIM1
SIM2
SIM3
SIM4
1
21
22
SIM5
SIM1
SIM2
SIM3
SIM4
1
21
22
SIM5
SIM1
SIM2
SIM3
SIM4
1
21
22
SIM5
SIM1
SIM2
SIM3
SIM4
1
21
22
SIM5
SIM1
SIM2
SIM3
SIM4
1
21
22
SIM5
SIM1
SIM2
DEBUG 1 462
SIM1
SIM2
SIM3
SIM4
1
21
22
SIM5
SIM1
SIM2
SIM3
SIM4
1
21
22
SIM5
SIM1
SIM2
SIM3
SIM4
1
21
22
SIM5
SIM1
SIM2
SIM3
SIM4
1
21
22
SIM5
SIM1
SIM2
SIM3
SIM4
1
21
22
SIM5
SIM1
SIM2
SIM3
SIM4
1
21
22
SIM5
SIM1
SIM2
SIM3
SIM4
1
21
22
SIM5
SIM1
SIM2
SIM3
SIM4
1
21
22
SIM5
SIM1
SIM2
SIM3
SIM4
1
21
22
SIM5
SIM1
SIM2
SIM3
SIM4
1
21
22
SIM5
SIM1
SIM2
SIM3
SIM4
1
21
22
SIM5
SIM1
SIM2
SIM3
SIM4
1
21
22
SIM5
SIM1
SIM2
SIM3
SIM4
1
21
22
SIM5
SIM1
SIM2
SIM3
SIM4
1
21
22
SIM5
SIM1
SIM2
SIM3
SIM4
1
21
22
SIM5
SIM1
SIM2
SIM3
SIM4
1
21
22
SIM5
SIM1
SIM2
SIM3
SIM4
1
21
22
SIM5
SIM1
SIM2
SIM3
SIM4
1
21
22
SIM5
SIM1
SIM2
SIM3
SIM4
1
21
22
SIM5
SIM1
SIM2
SIM3
SIM4
1
21
22
SIM5
SIM1
SIM2
SIM3
SIM4
1
21
22
SIM5
SIM1
SIM2
SIM3
SIM4
1
21
22
SIM5
SIM1
SIM2
SIM3
SIM4
1
21
22
SIM5
SIM1
SIM2
SIM3
SIM4
1
21
22
SIM5
SIM1
SIM2
SIM3
SIM4
1
21
22
SIM5
SIM1
SIM2
SIM3
SIM4
1
21
22
SIM5
SIM1
SIM2
SIM3
SIM4
1
21
22
SIM5
SIM1
SIM2
SIM3
SIM4
1
21
22
SIM5
SIM1
SIM2
SIM3
SIM4
1
21
22
SIM5
SIM1
SIM2
SIM3
SIM4
1
21
22
SIM5
SIM1
SIM2
SIM3
SIM4
1
21
22
SIM5
SIM1
SIM2
SIM3
SIM4
1
21
22
SIM5
SIM1
SIM2
SIM3
SIM4
1
21
22
SIM5
SIM1
SIM2
SIM3
SIM4
1
21
22
SIM5
SIM1
SIM2
SIM3
SIM4
1
21
22
SIM5
SIM1
SIM2
SIM3
SIM4
1
21
22
SIM5
SIM1
SIM2
SIM3
SIM4
1
21
22
SIM5
SIM1
SIM2
SIM3
SIM4
1
21
22
SIM5
SIM1
SIM2
SIM3
SIM4
1
21
22
SIM5
SIM1
SIM2
SIM3
SIM4
1
21
22
SIM5
SIM1
SIM2
SIM3
SIM4
1
21
22
SIM5
SIM1
SIM2
SIM3
SIM4
1
21
22
SIM5
SIM1
SIM2
SIM3
SIM4
1
21
22
SIM5
SIM1
SIM2
SIM3
SIM4
1
21
22
SIM5
SIM1
SIM2
SIM3
SIM4
1
21
22
SIM5
SIM1
SIM2
SIM3
SIM4
1
21
22
SIM5
SIM1
SIM2
SIM3
SIM4
1
21
22
SIM5
SIM1
SIM2
SIM3
SIM4
1
21
22
SIM5
SIM1
SIM2
SIM3
SIM4
1
21
22
SIM5
SIM1
SIM2
SIM3
SIM4
1
21
22
SIM5
SIM1
SIM2
SIM3
SIM4
1
21
22
SIM5
SIM1
SIM2
SIM3
SIM4
1
21
22
SIM5
SIM1
SIM2
SIM3
SIM4
1
21
22
SIM5
SIM1
SIM2
SIM3
SIM4
1
21
22
SIM5
SIM1
SIM2
SIM3
SIM4
1
21
22
SIM5
SIM1
SIM2
SIM3
SIM4
1
21
22
SIM5
SIM1
SIM2
SIM3
SIM4
1
21
22
SIM5
SIM1
SIM2
SIM3
SIM4
1
21
22
SIM5
SIM1
SIM2
SIM3
SIM4
1
21
22
SIM5
SIM1
SIM2
SIM3
SIM4
1
21
22
SIM5
SIM1
SIM2
SIM3
SIM4
1
21
22
SIM5
SIM1
SIM2
SIM3
SIM4
1
21
22
SIM5
SIM1
SIM2
SIM3
SIM4
1
21
22
SIM5
SIM1
SIM2
SIM3
SIM4
1
21
22
SIM5
SIM1
SIM2
SIM3
SIM4
1
21
22
SIM5
SIM1
SIM2
SIM3
SIM4
1
21
22
SIM5
SIM1
SIM2
SIM3
SIM4
1
21
22
SIM5
SIM1
SIM2
SIM3
SIM4
1
21
22
SIM5
SIM1
SIM2
SIM3
SIM4
1
21
22
SIM5
SIM1
SIM2
SIM3
SIM4
1
21
22
SIM5
SIM1
SIM2
SIM3
SIM4
1
21
22
SIM5
SIM1
SIM2
SIM3
SIM4
1
21
22
SIM5
SIM1
SIM2
SIM3
SIM4
1
21
22
SIM5
SIM1
SIM2
SIM3
SIM4
1
21
22
SIM5
SIM1
SIM2
SIM3
SIM4
1
21
22
SIM5
SIM1
SIM2
SIM3
SIM4
1
21
22
SIM5
SIM1
SIM2
SIM3
SIM4
1
21
22
SIM5
SIM1
SIM2
SIM3
SIM4
1
21
22
SIM5
SIM1
SIM2
SIM3
SIM4
1
21
22
SIM5
SIM1
SIM2
SIM3
SIM4
1
21
22
SIM5
SIM1
SIM2
SIM3
SIM4
1
21
22
SIM5
SIM1
SIM2
SIM3
SIM4
1
21
22
SIM5
SIM1
SIM2
SIM3
SIM4
1
21
22
SIM5
SIM1
SIM2
SIM3
SIM4
1
21
22
SIM5
SIM1
SIM2
SIM3
SIM4
1
21
22
SIM5
SIM1
SIM2
SIM3
SIM4
1
21
22
SIM5
SIM1
SIM2
SIM3
SIM4
1
21
22
SIM5
SIM1
SIM2
SIM3
SIM4
1
21
22
SIM5
SIM1
SIM2
SIM3
SIM4
1
21
22
SIM5
SIM1
SIM2
SIM3
SIM4
1
21
22
SIM5
SIM1
SIM2
SIM3
SIM4
1
21
22
SIM5
SIM1
SIM2
SIM3
SIM4
1
21
22
SIM5
SIM1
SIM2
SIM3
SIM4
1
21
22
SIM5
SIM1
SIM2
SIM3
SIM4
1
21
22
SIM5
SIM1
SIM2
SIM3
SIM4
1
21
22
SIM5
SIM1
SIM2
SIM3
SIM4
1
21
22
SIM5
SIM1
SIM2
SIM3
SIM4
1
21
22
SIM5
SIM1
SIM2
SIM3
SIM4
1
21
22
SIM5
SIM1
SIM2
SIM3
SIM4
1
21
22
SIM5
SIM1
SIM2
SIM3
SIM4
1
21
22
SIM5
SIM1
SIM2
SIM3
SIM4
1
21
22
SIM5
SIM1
SIM2
SIM3
SIM4
1
21
22
SIM5
SIM1
SIM2
SIM3
SIM4
1
21
22
SIM5
SIM1
SIM2
SIM3
SIM4
1
21
22
SIM5
SIM1
SIM2
SIM3
SIM4
1
21
22
SIM5
SIM1
SIM2
SIM3
SIM4
1
21
22
SIM5
SIM1
SIM2
SIM3
SIM4
1
21
22
SIM5
SIM1
SIM2
SIM3
SIM4
1
21
22
SIM5
SIM1
SIM2
SIM3
SIM4
1
21
22
SIM5
SIM1
SIM2
SIM3
SIM4
1
21
22
SIM5
SIM1
SIM2
SIM3
SIM4
1
21
22
SIM5
SIM1
SIM2
SIM3
SIM4
1
21
22
SIM5
SIM1
SIM2
SIM3
SIM4
1
21
22
SIM5
SIM1
SIM2
SIM3
SIM4
1
21
22
SIM5
SIM1
SIM2
SIM3
SIM4
1
21
22
SIM5
SIM1
SIM2
SIM3
SIM4
1
21
22
SIM5
SIM1
SIM2
SIM3
SIM4
1
21
22
SIM5
SIM1
SIM2
SIM3
SIM4
1
21
22
SIM5
SIM1
SIM2
SIM3
SIM4
1
21
22
SIM5
SIM1
SIM2
SIM3
SIM4
1
21
22
SIM5
SIM1
SIM2
SIM3
SIM4
1
21
22
SIM5
SIM1
SIM2
SIM3
SIM4
1
21
22
SIM5
SIM1
SIM2
SIM3
SIM4
1
21
22
SIM5
SIM1
SIM2
SIM3
SIM4
1
21
22
SIM5
SIM1
SIM2
SIM3
SIM4
1
21
22
SIM5
SIM1
SIM2
SIM3
SIM4
1
21
22
SIM5
SIM1
SIM2
SIM3
SIM4
1
21
22
SIM5
SIM1
SIM2
SIM3
SIM4
1
21
22
SIM5
SIM1
SIM2
SIM3
SIM4
1
21
22
SIM5
SIM1
SIM2
SIM3
SIM4
1
21
22
SIM5
SIM1
SIM2
SIM3
SIM4
1
21
22
SIM5
SIM1
SIM2
SIM3
SIM4
1
21
22
SIM5
SIM1
SIM2
SIM3
SIM4
1
21
22
SIM5
SIM1
SIM2
SIM3
SIM4
1
21
22
SIM5
SIM1
SIM2
SIM3
SIM4
1
21
22
SIM5
SIM1
SIM2
SIM3
SIM4
1
21
22
SIM5
SIM1
SIM2
SIM3
SIM4
1
21
22
SIM5
SIM1
SIM2
SIM3
SIM4
1
21
22
SIM5
SIM1
SIM2
SIM3
SIM4
1
21
22
SIM5
SIM1
SIM2
SIM3
SIM4
1
21
22
SIM5
SIM1
SIM2
SIM3
SIM4
1
21
22
SIM5
SIM1
SIM2
SIM3
SIM4
1
21
22
SIM5
SIM1
SIM2
SIM3
SIM4
1
21
22
SIM5
SIM1
SIM2
SIM3
SIM4
1
21
22
SIM5
SIM1
SIM2
SIM3
SIM4
1
21
22
SIM5
SIM1
SIM2
SIM3
SIM4
1
21
22
SIM5
SIM1
SIM2
SIM3
SIM4
1
21
22
SIM5
SIM1
SIM2
SIM3
SIM4
1
21
22
SIM5
SIM1
SIM2
SIM3
SIM4
1
21
22
SIM5
SIM1
SIM2
SIM3
SIM4
1
21
22
SIM5
SIM1
SIM2
SIM3
SIM4
1
21
22
SIM5
SIM1
SIM2
SIM3
SIM4
1
21
22
SIM5
SIM1
SIM2
SIM3
SIM4
1
21
22
SIM5
SIM1
SIM2
SIM3
SIM4
1
21
22
SIM5
SIM1
SIM2
SIM3
SIM4
1
21
22
SIM5
SIM1
SIM2
SIM3
SIM4
1
21
22
SIM5
SIM1
SIM2
SIM3
SIM4
1
21
22
SIM5
SIM1
SIM2
SIM3
SIM4
1
21
22
SIM5
SIM1
SIM2
SIM3
SIM4
1
21
22
SIM5
SIM1
SIM2
SIM3
SIM4
1
21
22
SIM5
SIM1
SIM2
SIM3
SIM4
1
21
22
SIM5
SIM1
SIM2
SIM3
SIM4
1
21
22
SIM5
SIM1
SIM2
SIM3
SIM4
1
21
22
SIM5
SIM1
SIM2
SIM3
SIM4
1
21
22
SIM5
SIM1
SIM2
SIM3
SIM4
1
21
22
SIM5
SIM1
SIM2
SIM3
SIM4
1
21
22
SIM5
SIM1
SIM2
SIM3
SIM4
1
21
22
SIM5
SIM1
SIM2
SIM3
SIM4
1
21
22
SIM5
SIM1
SIM2
SIM3
SIM4
1
21
22
SIM5
SIM1
SIM2
SIM3
SIM4
1
21
22
SIM5
SIM1
SIM2
SIM3
SIM4
1
21
22
SIM5
SIM1
SIM2
DEBUG 1 463
SIM1
SIM2
SIM3
SIM4
1
21
22
SIM5
SIM1
SIM2
SIM3
SIM4
1
21
22
SIM5
SIM1
SIM2
SIM3
SIM4
1
21
22
SIM5
SIM1
SIM2
SIM3
SIM4
1
21
22
SIM5
SIM1
SIM2
SIM3
SIM4
1
21
22
SIM5
SIM1
SIM2
SIM3
SIM4
1
21
22
SIM5
SIM1
SIM2
SIM3
SIM4
1
21
22
SIM5
SIM1
SIM2
SIM3
SIM4
1
21
22
SIM5
SIM1
SIM2
SIM3
SIM4
1
21
22
SIM5
SIM1
SIM2
SIM3
SIM4
1
21
22
SIM5
SIM1
SIM2
SIM3
SIM4
1
21
22
SIM5
SIM1
SIM2
SIM3
SIM4
1
21
22
SIM5
SIM1
SIM2
SIM3
SIM4
1
21
22
SIM5
SIM1
SIM2
SIM3
SIM4
1
21
22
SIM5
SIM1
SIM2
SIM3
SIM4
1
21
22
SIM5
SIM1
SIM2
SIM3
SIM4
1
21
22
SIM5
SIM1
SIM2
SIM3
SIM4
1
21
22
SIM5
SIM1
SIM2
SIM3
SIM4
1
21
22
SIM5
SIM1
SIM2
SIM3
SIM4
1
21
22
SIM5
SIM1
SIM2
SIM3
SIM4
1
21
22
SIM5
SIM1
SIM2
SIM3
SIM4
1
21
22
SIM5
SIM1
SIM2
SIM3
SIM4
1
21
22
SIM5
SIM1
SIM2
SIM3
SIM4
1
21
22
SIM5
SIM1
SIM2
SIM3
SIM4
1
21
22
SIM5
SIM1
SIM2
SIM3
SIM4
1
21
22
SIM5
SIM1
SIM2
SIM3
SIM4
1
21
22
SIM5
SIM1
SIM2
SIM3
SIM4
1
21
22
SIM5
SIM1
SIM2
SIM3
SIM4
1
21
22
SIM5
SIM1
SIM2
SIM3
SIM4
1
21
22
SIM5
SIM1
SIM2
SIM3
SIM4
1
21
22
SIM5
SIM1
SIM2
SIM3
SIM4
1
21
22
SIM5
SIM1
SIM2
SIM3
SIM4
1
21
22
SIM5
SIM1
SIM2
SIM3
SIM4
1
21
22
SIM5
SIM1
SIM2
SIM3
SIM4
1
21
22
SIM5
SIM1
SIM2
SIM3
SIM4
1
21
22
SIM5
SIM1
SIM2
SIM3
SIM4
1
21
22
SIM5
SIM1
SIM2
SIM3
SIM4
1
21
22
SIM5
SIM1
SIM2
SIM3
SIM4
1
21
22
SIM5
SIM1
SIM2
SIM3
SIM4
1
21
22
SIM5
SIM1
SIM2
SIM3
SIM4
1
21
22
SIM5
SIM1
SIM2
SIM3
SIM4
1
21
22
SIM5
SIM1
SIM2
SIM3
SIM4
1
21
22
SIM5
SIM1
SIM2
SIM3
SIM4
1
21
22
SIM5
SIM1
SIM2
SIM3
SIM4
1
21
22
SIM5
SIM1
SIM2
SIM3
SIM4
1
21
22
SIM5
SIM1
SIM2
SIM3
SIM4
1
21
22
SIM5
SIM1
SIM2
SIM3
SIM4
1
21
22
SIM5
SIM1
SIM2
SIM3
SIM4
1
21
22
SIM5
SIM1
SIM2
SIM3
SIM4
1
21
22
SIM5
SIM1
SIM2
SIM3
SIM4
1
21
22
SIM5
SIM1
SIM2
SIM3
SIM4
1
21
22
SIM5
SIM1
SIM2
SIM3
SIM4
1
21
22
SIM5
SIM1
SIM2
SIM3
SIM4
1
21
22
SIM5
SIM1
SIM2
SIM3
SIM4
1
21
22
SIM5
SIM1
SIM2
SIM3
SIM4
1
21
22
SIM5
SIM1
SIM2
SIM3
SIM4
1
21
22
SIM5
SIM1
SIM2
SIM3
SIM4
1
21
22
SIM5
SIM1
SIM2
SIM3
SIM4
1
21
22
SIM5
SIM1
SIM2
SIM3
SIM4
1
21
22
SIM5
SIM1
SIM2
SIM3
SIM4
1
21
22
SIM5
SIM1
SIM2
SIM3
SIM4
1
21
22
SIM5
SIM1
SIM2
SIM3
SIM4
1
21
22
SIM5
SIM1
SIM2
SIM3
SIM4
1
21
22
SIM5
SIM1
SIM2
SIM3
SIM4
1
21
22
SIM5
SIM1
SIM2
SIM3
SIM4
1
21
22
SIM5
SIM1
SIM2
SIM3
SIM4
1
21
22
SIM5
SIM1
SIM2
SIM3
SIM4
1
21
22
SIM5
SIM1
SIM2
SIM3
SIM4
1
21
22
SIM5
SIM1
SIM2
SIM3
SIM4
1
21
22
SIM5
SIM1
SIM2
SIM3
SIM4
1
21
22
SIM5
SIM1
SIM2
SIM3
SIM4
1
21
22
SIM5
SIM1
SIM2
SIM3
SIM4
1
21
22
SIM5
SIM1
SIM2
SIM3
SIM4
1
21
22
SIM5
SIM1
SIM2
SIM3
SIM4
1
21
22
SIM5
SIM1
SIM2
SIM3
SIM4
1
21
22
SIM5
SIM1
SIM2
SIM3
SIM4
1
21
22
SIM5
SIM1
SIM2
SIM3
SIM4
1
21
22
SIM5
SIM1
SIM2
SIM3
SIM4
1
21
22
SIM5
SIM1
SIM2
SIM3
SIM4
1
21
22
SIM5
SIM1
SIM2
SIM3
SIM4
1
21
22
SIM5
SIM1
SIM2
SIM3
SIM4
1
21
22
SIM5
SIM1
SIM2
SIM3
SIM4
1
21
22
SIM5
SIM1
SIM2
SIM3
SIM4
1
21
22
SIM5
SIM1
SIM2
SIM3
SIM4
1
21
22
SIM5
SIM1
SIM2
SIM3
SIM4
1
21
22
SIM5
SIM1
SIM2
SIM3
SIM4
1
21
22
SIM5
SIM1
SIM2
SIM3
SIM4
1
21
22
SIM5
SIM1
SIM2
SIM3
SIM4
1
21
22
SIM5
SIM1
SIM2
SIM3
SIM4
1
21
22
SIM5
SIM1
SIM2
SIM3
SIM4
1
21
22
SIM5
SIM1
SIM2
SIM3
SIM4
1
21
22
SIM5
SIM1
SIM2
SIM3
SIM4
1
21
22
SIM5
SIM1
SIM2
SIM3
SIM4
1
21
22
SIM5
SIM1
SIM2
SIM3
SIM4
1
21
22
SIM5
SIM1
SIM2
SIM3
SIM4
1
21
22
SIM5
SIM1
SIM2
SIM3
SIM4
1
21
22
SIM5
SIM1
SIM2
SIM3
SIM4
1
21
22
SIM5
SIM1
SIM2
SIM3
SIM4
1
21
22
SIM5
SIM1
SIM2
SIM3
SIM4
1
21
22
SIM5
SIM1
SIM2
SIM3
SIM4
1
21
22
SIM5
SIM1
SIM2
SIM3
SIM4
1
21
22
SIM5
SIM1
SIM2
SIM3
SIM4
1
21
22
SIM5
SIM1
SIM2
SIM3
SIM4
1
21
22
SIM5
SIM1
SIM2
SIM3
SIM4
1
21
22
SIM5
SIM1
SIM2
SIM3
SIM4
1
21
22
SIM5
SIM1
SIM2
SIM3
SIM4
1
21
22
SIM5
SIM1
SIM2
SIM3
SIM4
1
21
22
SIM5
SIM1
SIM2
SIM3
SIM4
1
21
22
SIM5
SIM1
SIM2
SIM3
SIM4
1
21
22
SIM5
SIM1
SIM2
SIM3
SIM4
1
21
22
SIM5
SIM1
SIM2
SIM3
SIM4
1
21
22
SIM5
SIM1
SIM2
SIM3
SIM4
1
21
22
SIM5
SIM1
SIM2
SIM3
SIM4
1
21
22
SIM5
SIM1
SIM2
SIM3
SIM4
1
21
22
SIM5
SIM1
SIM2
SIM3
SIM4
1
21
22
SIM5
SIM1
SIM2
SIM3
SIM4
1
21
22
SIM5
SIM1
SIM2
SIM3
SIM4
1
21
22
SIM5
SIM1
SIM2
SIM3
SIM4
1
21
22
SIM5
SIM1
SIM2
SIM3
SIM4
1
21
22
SIM5
SIM1
SIM2
SIM3
SIM4
1
21
22
SIM5
SIM1
SIM2
SIM3
SIM4
1
21
22
SIM5
SIM1
SIM2
SIM3
SIM4
1
21
22
SIM5
SIM1
SIM2
SIM3
SIM4
1
21
22
SIM5
SIM1
SIM2
SIM3
SIM4
1
21
22
SIM5
SIM1
SIM2
SIM3
SIM4
1
21
22
SIM5
SIM1
SIM2
SIM3
SIM4
1
21
22
SIM5
SIM1
SIM2
SIM3
SIM4
1
21
22
SIM5
SIM1
SIM2
SIM3
SIM4
1
21
22
SIM5
SIM1
SIM2
SIM3
SIM4
1
21
22
SIM5
SIM1
SIM2
SIM3
SIM4
1
21
22
SIM5
SIM1
SIM2
SIM3
SIM4
1
21
22
SIM5
SIM1
SIM2
SIM3
SIM4
1
21
22
SIM5
SIM1
SIM2
SIM3
SIM4
1
21
22
SIM5
SIM1
SIM2
SIM3
SIM4
1
21
22
SIM5
SIM1
SIM2
SIM3
SIM4
1
21
22
SIM5
SIM1
SIM2
SIM3
SIM4
1
21
22
SIM5
SIM1
SIM2
SIM3
SIM4
1
21
22
SIM5
SIM1
SIM2
SIM3
SIM4
1
21
22
SIM5
SIM1
SIM2
SIM3
SIM4
1
21
22
SIM5
SIM1
SIM2
SIM3
SIM4
1
21
22
SIM5
SIM1
SIM2
SIM3
SIM4
1
21
22
SIM5
SIM1
SIM2
SIM3
SIM4
1
21
22
SIM5
SIM1
SIM2
SIM3
SIM4
1
21
22
SIM5
SIM1
SIM2
SIM3
SIM4
1
21
22
SIM5
SIM1
SIM2
SIM3
SIM4
1
21
22
SIM5
SIM1
SIM2
SIM3
SIM4
1
21
22
SIM5
SIM1
SIM2
SIM3
SIM4
1
21
22
SIM5
SIM1
SIM2
SIM3
SIM4
1
21
22
SIM5
SIM1
SIM2
SIM3
SIM4
1
21
22
SIM5
SIM1
SIM2
SIM3
SIM4
1
21
22
SIM5
SIM1
SIM2
SIM3
SIM4
1
21
22
SIM5
SIM1
SIM2
SIM3
SIM4
1
21
22
SIM5
SIM1
SIM2
SIM3
SIM4
1
21
22
SIM5
SIM1
SIM2
SIM3
SIM4
1
21
22
SIM5
SIM1
SIM2
SIM3
SIM4
1
21
22
SIM5
SIM1
SIM2
SIM3
SIM4
1
21
22
SIM5
SIM1
SIM2
SIM3
SIM4
1
21
22
SIM5
SIM1
SIM2
SIM3
SIM4
1
21
22
SIM5
SIM1
SIM2
SIM3
SIM4
1
21
22
SIM5
SIM1
SIM2
SIM3
SIM4
1
21
22
SIM5
SIM1
SIM2
SIM3
SIM4
1
21
22
SIM5
SIM1
SIM2
SIM3
SIM4
1
21
22
SIM5
SIM1
SIM2
SIM3
SIM4
1
21
22
SIM5
SIM1
SIM2
SIM3
SIM4
1
21
22
SIM5
SIM1
SIM2
SIM3
SIM4
1
21
22
SIM5
SIM1
SIM2
SIM3
SIM4
1
21
22
SIM5
SIM1
SIM2
SIM3
SIM4
1
21
22
SIM5
SIM1
SIM2
SIM3
SIM4
1
21
22
SIM5
SIM1
SIM2
SIM3
SIM4
1
21
22
SIM5
SIM1
SIM2
SIM3
SIM4
1
21
22
SIM5
SIM1
SIM2
SIM3
SIM4
1
21
22
SIM5
SIM1
SIM2
SIM3
SIM4
1
21
22
SIM5
SIM1
SIM2
SIM3
SIM4
1
21
22
SIM5
SIM1
SIM2
SIM3
SIM4
1
21
22
SIM5
SIM1
SIM2
SIM3
SIM4
1
21
22
SIM5
SIM1
SIM2
SIM3
SIM4
1
21
22
SIM5
SIM1
SIM2
DEBUG 1 464
SIM1
SIM2
SIM3
SIM4
1
21
22
SIM5
SIM1
SIM2
SIM3
SIM4
1
21
22
SIM5
SIM1
SIM2
SIM3
SIM4
1
21
22
SIM5
SIM1
SIM2
SIM3
SIM4
1
21
22
SIM5
SIM1
SIM2
SIM3
SIM4
1
21
22
SIM5
SIM1
SIM2
SIM3
SIM4
1
21
22
SIM5
SIM1
SIM2
SIM3
SIM4
1
21
22
SIM5
SIM1
SIM2
SIM3
SIM4
1
21
22
SIM5
SIM1
SIM2
SIM3
SIM4
1
21
22
SIM5
SIM1
SIM2
SIM3
SIM4
1
21
22
SIM5
SIM1
SIM2
SIM3
SIM4
1
21
22
SIM5
SIM1
SIM2
SIM3
SIM4
1
21
22
SIM5
SIM1
SIM2
SIM3
SIM4
1
21
22
SIM5
SIM1
SIM2
SIM3
SIM4
1
21
22
SIM5
SIM1
SIM2
SIM3
SIM4
1
21
22
SIM5
SIM1
SIM2
SIM3
SIM4
1
21
22
SIM5
SIM1
SIM2
SIM3
SIM4
1
21
22
SIM5
SIM1
SIM2
SIM3
SIM4
1
21
22
SIM5
SIM1
SIM2
SIM3
SIM4
1
21
22
SIM5
SIM1
SIM2
SIM3
SIM4
1
21
22
SIM5
SIM1
SIM2
SIM3
SIM4
1
21
22
SIM5
SIM1
SIM2
SIM3
SIM4
1
21
22
SIM5
SIM1
SIM2
SIM3
SIM4
1
21
22
SIM5
SIM1
SIM2
SIM3
SIM4
1
21
22
SIM5
SIM1
SIM2
SIM3
SIM4
1
21
22
SIM5
SIM1
SIM2
SIM3
SIM4
1
21
22
SIM5
SIM1
SIM2
SIM3
SIM4
1
21
22
SIM5
SIM1
SIM2
SIM3
SIM4
1
21
22
SIM5
SIM1
SIM2
SIM3
SIM4
1
21
22
SIM5
SIM1
SIM2
SIM3
SIM4
1
21
22
SIM5
SIM1
SIM2
SIM3
SIM4
1
21
22
SIM5
SIM1
SIM2
SIM3
SIM4
1
21
22
SIM5
SIM1
SIM2
SIM3
SIM4
1
21
22
SIM5
SIM1
SIM2
SIM3
SIM4
1
21
22
SIM5
SIM1
SIM2
SIM3
SIM4
1
21
22
SIM5
SIM1
SIM2
SIM3
SIM4
1
21
22
SIM5
SIM1
SIM2
SIM3
SIM4
1
21
22
SIM5
SIM1
SIM2
SIM3
SIM4
1
21
22
SIM5
SIM1
SIM2
SIM3
SIM4
1
21
22
SIM5
SIM1
SIM2
SIM3
SIM4
1
21
22
SIM5
SIM1
SIM2
SIM3
SIM4
1
21
22
SIM5
SIM1
SIM2
SIM3
SIM4
1
21
22
SIM5
SIM1
SIM2
SIM3
SIM4
1
21
22
SIM5
SIM1
SIM2
SIM3
SIM4
1
21
22
SIM5
SIM1
SIM2
SIM3
SIM4
1
21
22
SIM5
SIM1
SIM2
SIM3
SIM4
1
21
22
SIM5
SIM1
SIM2
SIM3
SIM4
1
21
22
SIM5
SIM1
SIM2
SIM3
SIM4
1
21
22
SIM5
SIM1
SIM2
SIM3
SIM4
1
21
22
SIM5
SIM1
SIM2
SIM3
SIM4
1
21
22
SIM5
SIM1
SIM2
SIM3
SIM4
1
21
22
SIM5
SIM1
SIM2
SIM3
SIM4
1
21
22
SIM5
SIM1
SIM2
SIM3
SIM4
1
21
22
SIM5
SIM1
SIM2
SIM3
SIM4
1
21
22
SIM5
SIM1
SIM2
SIM3
SIM4
1
21
22
SIM5
SIM1
SIM2
SIM3
SIM4
1
21
22
SIM5
SIM1
SIM2
SIM3
SIM4
1
21
22
SIM5
SIM1
SIM2
SIM3
SIM4
1
21
22
SIM5
SIM1
SIM2
SIM3
SIM4
1
21
22
SIM5
SIM1
SIM2
SIM3
SIM4
1
21
22
SIM5
SIM1
SIM2
SIM3
SIM4
1
21
22
SIM5
SIM1
SIM2
SIM3
SIM4
1
21
22
SIM5
SIM1
SIM2
SIM3
SIM4
1
21
22
SIM5
SIM1
SIM2
SIM3
SIM4
1
21
22
SIM5
SIM1
SIM2
SIM3
SIM4
1
21
22
SIM5
SIM1
SIM2
SIM3
SIM4
1
21
22
SIM5
SIM1
SIM2
SIM3
SIM4
1
21
22
SIM5
SIM1
SIM2
SIM3
SIM4
1
21
22
SIM5
SIM1
SIM2
SIM3
SIM4
1
21
22
SIM5
SIM1
SIM2
SIM3
SIM4
1
21
22
SIM5
SIM1
SIM2
SIM3
SIM4
1
21
22
SIM5
SIM1
SIM2
SIM3
SIM4
1
21
22
SIM5
SIM1
SIM2
SIM3
SIM4
1
21
22
SIM5
SIM1
SIM2
SIM3
SIM4
1
21
22
SIM5
SIM1
SIM2
SIM3
SIM4
1
21
22
SIM5
SIM1
SIM2
SIM3
SIM4
1
21
22
SIM5
SIM1
SIM2
SIM3
SIM4
1
21
22
SIM5
SIM1
SIM2
SIM3
SIM4
1
21
22
SIM5
SIM1
SIM2
SIM3
SIM4
1
21
22
SIM5
SIM1
SIM2
SIM3
SIM4
1
21
22
SIM5
SIM1
SIM2
SIM3
SIM4
1
21
22
SIM5
SIM1
SIM2
SIM3
SIM4
1
21
22
SIM5
SIM1
SIM2
SIM3
SIM4
1
21
22
SIM5
SIM1
SIM2
SIM3
SIM4
1
21
22
SIM5
SIM1
SIM2
SIM3
SIM4
1
21
22
SIM5
SIM1
SIM2
SIM3
SIM4
1
21
22
SIM5
SIM1
SIM2
SIM3
SIM4
1
21
22
SIM5
SIM1
SIM2
SIM3
SIM4
1
21
22
SIM5
SIM1
SIM2
SIM3
SIM4
1
21
22
SIM5
SIM1
SIM2
SIM3
SIM4
1
21
22
SIM5
SIM1
SIM2
SIM3
SIM4
1
21
22
SIM5
SIM1
SIM2
SIM3
SIM4
1
21
22
SIM5
SIM1
SIM2
SIM3
SIM4
1
21
22
SIM5
SIM1
SIM2
SIM3
SIM4
1
21
22
SIM5
SIM1
SIM2
SIM3
SIM4
1
21
22
SIM5
SIM1
SIM2
SIM3
SIM4
1
21
22
SIM5
SIM1
SIM2
SIM3
SIM4
1
21
22
SIM5
SIM1
SIM2
SIM3
SIM4
1
21
22
SIM5
SIM1
SIM2
SIM3
SIM4
1
21
22
SIM5
SIM1
SIM2
SIM3
SIM4
1
21
22
SIM5
SIM1
SIM2
SIM3
SIM4
1
21
22
SIM5
SIM1
SIM2
SIM3
SIM4
1
21
22
SIM5
SIM1
SIM2
SIM3
SIM4
1
21
22
SIM5
SIM1
SIM2
SIM3
SIM4
1
21
22
SIM5
SIM1
SIM2
SIM3
SIM4
1
21
22
SIM5
SIM1
SIM2
SIM3
SIM4
1
21
22
SIM5
SIM1
SIM2
SIM3
SIM4
1
21
22
SIM5
SIM1
SIM2
SIM3
SIM4
1
21
22
SIM5
SIM1
SIM2
SIM3
SIM4
1
21
22
SIM5
SIM1
SIM2
SIM3
SIM4
1
21
22
SIM5
SIM1
SIM2
SIM3
SIM4
1
21
22
SIM5
SIM1
SIM2
SIM3
SIM4
1
21
22
SIM5
SIM1
SIM2
SIM3
SIM4
1
21
22
SIM5
SIM1
SIM2
SIM3
SIM4
1
21
22
SIM5
SIM1
SIM2
SIM3
SIM4
1
21
22
SIM5
SIM1
SIM2
SIM3
SIM4
1
21
22
SIM5
SIM1
SIM2
SIM3
SIM4
1
21
22
SIM5
SIM1
SIM2
SIM3
SIM4
1
21
22
SIM5
SIM1
SIM2
SIM3
SIM4
1
21
22
SIM5
SIM1
SIM2
SIM3
SIM4
1
21
22
SIM5
SIM1
SIM2
SIM3
SIM4
1
21
22
SIM5
SIM1
SIM2
SIM3
SIM4
1
21
22
SIM5
SIM1
SIM2
SIM3
SIM4
1
21
22
SIM5
SIM1
SIM2
SIM3
SIM4
1
21
22
SIM5
SIM1
SIM2
SIM3
SIM4
1
21
22
SIM5
SIM1
SIM2
SIM3
SIM4
1
21
22
SIM5
SIM1
SIM2
SIM3
SIM4
1
21
22
SIM5
SIM1
SIM2
SIM3
SIM4
1
21
22
SIM5
SIM1
SIM2
SIM3
SIM4
1
21
22
SIM5
SIM1
SIM2
SIM3
SIM4
1
21
22
SIM5
SIM1
SIM2
SIM3
SIM4
1
21
22
SIM5
SIM1
SIM2
SIM3
SIM4
1
21
22
SIM5
SIM1
SIM2
SIM3
SIM4
1
21
22
SIM5
SIM1
SIM2
SIM3
SIM4
1
21
22
SIM5
SIM1
SIM2
SIM3
SIM4
1
21
22
SIM5
SIM1
SIM2
SIM3
SIM4
1
21
22
SIM5
SIM1
SIM2
SIM3
SIM4
1
21
22
SIM5
SIM1
SIM2
SIM3
SIM4
1
21
22
SIM5
SIM1
SIM2
SIM3
SIM4
1
21
22
SIM5
SIM1
SIM2
SIM3
SIM4
1
21
22
SIM5
SIM1
SIM2
SIM3
SIM4
1
21
22
SIM5
SIM1
SIM2
SIM3
SIM4
1
21
22
SIM5
SIM1
SIM2
SIM3
SIM4
1
21
22
SIM5
SIM1
SIM2
SIM3
SIM4
1
21
22
SIM5
SIM1
SIM2
SIM3
SIM4
1
21
22
SIM5
SIM1
SIM2
SIM3
SIM4
1
21
22
SIM5
SIM1
SIM2
SIM3
SIM4
1
21
22
SIM5
SIM1
SIM2
SIM3
SIM4
1
21
22
SIM5
SIM1
SIM2
SIM3
SIM4
1
21
22
SIM5
SIM1
SIM2
SIM3
SIM4
1
21
22
SIM5
SIM1
SIM2
SIM3
SIM4
1
21
22
SIM5
SIM1
SIM2
SIM3
SIM4
1
21
22
SIM5
SIM1
SIM2
SIM3
SIM4
1
21
22
SIM5
SIM1
SIM2
SIM3
SIM4
1
21
22
SIM5
SIM1
SIM2
SIM3
SIM4
1
21
22
SIM5
SIM1
SIM2
SIM3
SIM4
1
21
22
SIM5
SIM1
SIM2
SIM3
SIM4
1
21
22
SIM5
SIM1
SIM2
SIM3
SIM4
1
21
22
SIM5
SIM1
SIM2
SIM3
SIM4
1
21
22
SIM5
SIM1
SIM2
SIM3
SIM4
1
21
22
SIM5
SIM1
SIM2
SIM3
SIM4
1
21
22
SIM5
SIM1
SIM2
SIM3
SIM4
1
21
22
SIM5
SIM1
SIM2
SIM3
SIM4
1
21
22
SIM5
SIM1
SIM2
SIM3
SIM4
1
21
22
SIM5
SIM1
SIM2
SIM3
SIM4
1
21
22
SIM5
SIM1
SIM2
SIM3
SIM4
1
21
22
SIM5
SIM1
SIM2
SIM3
SIM4
1
21
22
SIM5
SIM1
SIM2
SIM3
SIM4
1
21
22
SIM5
SIM1
SIM2
SIM3
SIM4
1
21
22
SIM5
SIM1
SIM2
SIM3
SIM4
1
21
22
SIM5
SIM1
SIM2
SIM3
SIM4
1
21
22
SIM5
SIM1
SIM2
SIM3
SIM4
1
21
22
SIM5
SIM1
SIM2
SIM3
SIM4
1
21
22
SIM5
SIM1
SIM2
SIM3
SIM4
1
21
22
SIM5
SIM1
SIM2
SIM3
SIM4
1
21
22
SIM5
SIM1
SIM2
SIM3
SIM4
1
21
22
SIM5
SIM1
SIM2
SIM3
SIM4
1
21
22
SIM5
SIM1
SIM2
SIM3
SIM4
1
21
22
SIM5
SIM1
SIM2
SIM3
SIM4
1
21
22
SIM5
SIM1
SIM2
SIM3
SIM4
1
21
22
SIM5
SIM1
SIM2
SIM3
SIM4
1
21
22
SIM5
SIM1
SIM2
SIM3
SIM4
1
21
22
SIM5
SIM1
SIM2
SIM3
SIM4
1
21
22
SIM5
SIM1
SIM2
SIM3
SIM4
1
21
22
SIM5
SIM1
SIM2
SIM3
SIM4
1
21
22
SIM5
SIM1
SIM2
SIM3
SIM4
1
21
22
SIM5
SIM1
SIM2
SIM3
SIM4
1
21
22
SIM5
SIM1
SIM2
SIM3
SIM4
1
21
22
SIM5
SIM1
SIM2
SIM3
SIM4
1
21
22
SIM5
SIM1
SIM2
SIM3
SIM4
1
21
22
SIM5
SIM1
SIM2
SIM3
SIM4
1
21
22
SIM5
SIM1
SIM2
SIM3
SIM4
1
21
22
SIM5
SIM1
SIM2
SIM3
SIM4
1
21
22
SIM5
SIM1
SIM2
SIM3
SIM4
1
21
22
SIM5
SIM1
SIM2
SIM3
SIM4
1
21
22
SIM5
SIM1
SIM2
SIM3
SIM4
1
21
22
SIM5
SIM1
SIM2
SIM3
SIM4
1
21
22
SIM5
SIM1
SIM2
SIM3
SIM4
1
21
22
SIM5
SIM1
SIM2
SIM3
SIM4
1
21
22
SIM5
SIM1
SIM2
SIM3
SIM4
1
21
22
SIM5
SIM1
SIM2
SIM3
SIM4
1
21
22
SIM5
SIM1
SIM2
SIM3
SIM4
1
21
22
SIM5
SIM1
SIM2
SIM3
SIM4
1
21
22
SIM5
SIM1
SIM2
SIM3
SIM4
1
21
22
SIM5
SIM1
SIM2
SIM3
SIM4
1
21
22
SIM5
SIM1
SIM2
SIM3
SIM4
1
21
22
SIM5
SIM1
SIM2
SIM3
SIM4
1
21
22
SIM5
SIM1
SIM2
SIM3
SIM4
1
21
22
SIM5
SIM1
SIM2
SIM3
SIM4
1
21
22
SIM5
SIM1
SIM2
SIM3
SIM4
1
21
22
SIM5
SIM1
SIM2
SIM3
SIM4
1
21
22
SIM5
SIM1
SIM2
SIM3
SIM4
1
21
22
SIM5
SIM1
SIM2
SIM3
SIM4
1
21
22
SIM5
SIM1
SIM2
SIM3
SIM4
1
21
22
SIM5
SIM1
SIM2
SIM3
SIM4
1
21
22
SIM5
SIM1
SIM2
SIM3
SIM4
1
21
22
SIM5
SIM1
SIM2
SIM3
SIM4
1
21
22
SIM5
SIM1
SIM2
SIM3
SIM4
1
21
22
SIM5
SIM1
SIM2
SIM3
SIM4
1
21
22
SIM5
SIM1
SIM2
SIM3
SIM4
1
21
22
SIM5
SIM1
SIM2
SIM3
SIM4
1
21
22
SIM5
SIM1
SIM2
SIM3
SIM4
1
21
22
SIM5
SIM1
SIM2
SIM3
SIM4
1
21
22
SIM5
SIM1
SIM2
SIM3
SIM4
1
21
22
SIM5
SIM1
SIM2
SIM3
SIM4
1
21
22
SIM5
SIM1
SIM2
SIM3
SIM4
1
21
22
SIM5
SIM1
SIM2
SIM3
SIM4
1
21
22
SIM5
SIM1
SIM2
SIM3
SIM4
1
21
22
SIM5
SIM1
SIM2
SIM3
SIM4
1
21
22
SIM5
SIM1
SIM2
SIM3
SIM4
1
21
22
SIM5
SIM1
SIM2
SIM3
SIM4
1
21
22
SIM5
SIM1
SIM2
SIM3
SIM4
1
21
22
SIM5
SIM1
SIM2
DEBUG 1 465
SIM1
SIM2
SIM3
SIM4
1
21
22
SIM5
SIM1
SIM2
SIM3
SIM4
1
21
22
SIM5
SIM1
SIM2
SIM3
SIM4
1
21
22
SIM5
SIM1
SIM2
SIM3
SIM4
1
21
22
SIM5
SIM1
SIM2
SIM3
SIM4
1
21
22
SIM5
SIM1
SIM2
SIM3
SIM4
1
21
22
SIM5
SIM1
SIM2
SIM3
SIM4
1
21
22
SIM5
SIM1
SIM2
SIM3
SIM4
1
21
22
SIM5
SIM1
SIM2
SIM3
SIM4
1
21
22
SIM5
SIM1
SIM2
SIM3
SIM4
1
21
22
SIM5
SIM1
SIM2
SIM3
SIM4
1
21
22
SIM5
SIM1
SIM2
SIM3
SIM4
1
21
22
SIM5
SIM1
SIM2
SIM3
SIM4
1
21
22
SIM5
SIM1
SIM2
SIM3
SIM4
1
21
22
SIM5
SIM1
SIM2
SIM3
SIM4
1
21
22
SIM5
SIM1
SIM2
SIM3
SIM4
1
21
22
SIM5
SIM1
SIM2
SIM3
SIM4
1
21
22
SIM5
SIM1
SIM2
SIM3
SIM4
1
21
22
SIM5
SIM1
SIM2
SIM3
SIM4
1
21
22
SIM5
SIM1
SIM2
SIM3
SIM4
1
21
22
SIM5
SIM1
SIM2
SIM3
SIM4
1
21
22
SIM5
SIM1
SIM2
SIM3
SIM4
1
21
22
SIM5
SIM1
SIM2
SIM3
SIM4
1
21
22
SIM5
SIM1
SIM2
SIM3
SIM4
1
21
22
SIM5
SIM1
SIM2
SIM3
SIM4
1
21
22
SIM5
SIM1
SIM2
SIM3
SIM4
1
21
22
SIM5
SIM1
SIM2
SIM3
SIM4
1
21
22
SIM5
SIM1
SIM2
SIM3
SIM4
1
21
22
SIM5
SIM1
SIM2
SIM3
SIM4
1
21
22
SIM5
SIM1
SIM2
SIM3
SIM4
1
21
22
SIM5
SIM1
SIM2
SIM3
SIM4
1
21
22
SIM5
SIM1
SIM2
SIM3
SIM4
1
21
22
SIM5
SIM1
SIM2
SIM3
SIM4
1
21
22
SIM5
SIM1
SIM2
SIM3
SIM4
1
21
22
SIM5
SIM1
SIM2
SIM3
SIM4
1
21
22
SIM5
SIM1
SIM2
SIM3
SIM4
1
21
22
SIM5
SIM1
SIM2
SIM3
SIM4
1
21
22
SIM5
SIM1
SIM2
SIM3
SIM4
1
21
22
SIM5
SIM1
SIM2
SIM3
SIM4
1
21
22
SIM5
SIM1
SIM2
SIM3
SIM4
1
21
22
SIM5
SIM1
SIM2
SIM3
SIM4
1
21
22
SIM5
SIM1
SIM2
SIM3
SIM4
1
21
22
SIM5
SIM1
SIM2
SIM3
SIM4
1
21
22
SIM5
SIM1
SIM2
SIM3
SIM4
1
21
22
SIM5
SIM1
SIM2
SIM3
SIM4
1
21
22
SIM5
SIM1
SIM2
SIM3
SIM4
1
21
22
SIM5
SIM1
SIM2
SIM3
SIM4
1
21
22
SIM5
SIM1
SIM2
SIM3
SIM4
1
21
22
SIM5
SIM1
SIM2
SIM3
SIM4
1
21
22
SIM5
SIM1
SIM2
SIM3
SIM4
1
21
22
SIM5
SIM1
SIM2
SIM3
SIM4
1
21
22
SIM5
SIM1
SIM2
SIM3
SIM4
1
21
22
SIM5
SIM1
SIM2
SIM3
SIM4
1
21
22
SIM5
SIM1
SIM2
SIM3
SIM4
1
21
22
SIM5
SIM1
SIM2
SIM3
SIM4
1
21
22
SIM5
SIM1
SIM2
SIM3
SIM4
1
21
22
SIM5
SIM1
SIM2
SIM3
SIM4
1
21
22
SIM5
SIM1
SIM2
SIM3
SIM4
1
21
22
SIM5
SIM1
SIM2
SIM3
SIM4
1
21
22
SIM5
SIM1
SIM2
SIM3
SIM4
1
21
22
SIM5
SIM1
SIM2
SIM3
SIM4
1
21
22
SIM5
SIM1
SIM2
SIM3
SIM4
1
21
22
SIM5
SIM1
SIM2
SIM3
SIM4
1
21
22
SIM5
SIM1
SIM2
SIM3
SIM4
1
21
22
SIM5
SIM1
SIM2
SIM3
SIM4
1
21
22
SIM5
SIM1
SIM2
SIM3
SIM4
1
21
22
SIM5
SIM1
SIM2
SIM3
SIM4
1
21
22
SIM5
SIM1
SIM2
SIM3
SIM4
1
21
22
SIM5
SIM1
SIM2
SIM3
SIM4
1
21
22
SIM5
SIM1
SIM2
SIM3
SIM4
1
21
22
SIM5
SIM1
SIM2
SIM3
SIM4
1
21
22
SIM5
SIM1
SIM2
SIM3
SIM4
1
21
22
SIM5
SIM1
SIM2
SIM3
SIM4
1
21
22
SIM5
SIM1
SIM2
SIM3
SIM4
1
21
22
SIM5
SIM1
SIM2
SIM3
SIM4
1
21
22
SIM5
SIM1
SIM2
SIM3
SIM4
1
21
22
SIM5
SIM1
SIM2
SIM3
SIM4
1
21
22
SIM5
SIM1
SIM2
SIM3
SIM4
1
21
22
SIM5
SIM1
SIM2
SIM3
SIM4
1
21
22
SIM5
SIM1
SIM2
SIM3
SIM4
1
21
22
SIM5
SIM1
SIM2
SIM3
SIM4
1
21
22
SIM5
SIM1
SIM2
SIM3
SIM4
1
21
22
SIM5
SIM1
SIM2
SIM3
SIM4
1
21
22
SIM5
SIM1
SIM2
SIM3
SIM4
1
21
22
SIM5
SIM1
SIM2
SIM3
SIM4
1
21
22
SIM5
SIM1
SIM2
SIM3
SIM4
1
21
22
SIM5
SIM1
SIM2
SIM3
SIM4
1
21
22
SIM5
SIM1
SIM2
SIM3
SIM4
1
21
22
SIM5
SIM1
SIM2
SIM3
SIM4
1
21
22
SIM5
SIM1
SIM2
SIM3
SIM4
1
21
22
SIM5
SIM1
SIM2
SIM3
SIM4
1
21
22
SIM5
SIM1
SIM2
SIM3
SIM4
1
21
22
SIM5
SIM1
SIM2
SIM3
SIM4
1
21
22
SIM5
SIM1
SIM2
SIM3
SIM4
1
21
22
SIM5
SIM1
SIM2
SIM3
SIM4
1
21
22
SIM5
SIM1
SIM2
SIM3
SIM4
1
21
22
SIM5
SIM1
SIM2
SIM3
SIM4
1
21
22
SIM5
SIM1
SIM2
SIM3
SIM4
1
21
22
SIM5
SIM1
SIM2
SIM3
SIM4
1
21
22
SIM5
SIM1
SIM2
SIM3
SIM4
1
21
22
SIM5
SIM1
SIM2
SIM3
SIM4
1
21
22
SIM5
SIM1
SIM2
SIM3
SIM4
1
21
22
SIM5
SIM1
SIM2
SIM3
SIM4
1
21
22
SIM5
SIM1
SIM2
SIM3
SIM4
1
21
22
SIM5
SIM1
SIM2
SIM3
SIM4
1
21
22
SIM5
SIM1
SIM2
SIM3
SIM4
1
21
22
SIM5
SIM1
SIM2
SIM3
SIM4
1
21
22
SIM5
SIM1
SIM2
SIM3
SIM4
1
21
22
SIM5
SIM1
SIM2
SIM3
SIM4
1
21
22
SIM5
SIM1
SIM2
SIM3
SIM4
1
21
22
SIM5
SIM1
SIM2
SIM3
SIM4
1
21
22
SIM5
SIM1
SIM2
SIM3
SIM4
1
21
22
SIM5
SIM1
SIM2
SIM3
SIM4
1
21
22
SIM5
SIM1
SIM2
SIM3
SIM4
1
21
22
SIM5
SIM1
SIM2
SIM3
SIM4
1
21
22
SIM5
SIM1
SIM2
SIM3
SIM4
1
21
22
SIM5
SIM1
SIM2
SIM3
SIM4
1
21
22
SIM5
SIM1
SIM2
SIM3
SIM4
1
21
22
SIM5
SIM1
SIM2
SIM3
SIM4
1
21
22
SIM5
SIM1
SIM2
SIM3
SIM4
1
21
22
SIM5
SIM1
SIM2
SIM3
SIM4
1
21
22
SIM5
SIM1
SIM2
SIM3
SIM4
1
21
22
SIM5
SIM1
SIM2
SIM3
SIM4
1
21
22
SIM5
SIM1
SIM2
SIM3
SIM4
1
21
22
SIM5
SIM1
SIM2
SIM3
SIM4
1
21
22
SIM5
SIM1
SIM2
SIM3
SIM4
1
21
22
SIM5
SIM1
SIM2
SIM3
SIM4
1
21
22
SIM5
SIM1
SIM2
DEBUG 1 466
SIM1
SIM2
SIM3
SIM4
1
21
22
SIM5
SIM1
SIM2
SIM3
SIM4
1
21
22
SIM5
SIM1
SIM2
SIM3
SIM4
1
21
22
SIM5
SIM1
SIM2
SIM3
SIM4
1
21
22
SIM5
SIM1
SIM2
SIM3
SIM4
1
21
22
SIM5
SIM1
SIM2
SIM3
SIM4
1
21
22
SIM5
SIM1
SIM2
SIM3
SIM4
1
21
22
SIM5
SIM1
SIM2
SIM3
SIM4
1
21
22
SIM5
SIM1
SIM2
SIM3
SIM4
1
21
22
SIM5
SIM1
SIM2
SIM3
SIM4
1
21
22
SIM5
SIM1
SIM2
SIM3
SIM4
1
21
22
SIM5
SIM1
SIM2
SIM3
SIM4
1
21
22
SIM5
SIM1
SIM2
SIM3
SIM4
1
21
22
SIM5
SIM1
SIM2
SIM3
SIM4
1
21
22
SIM5
SIM1
SIM2
SIM3
SIM4
1
21
22
SIM5
SIM1
SIM2
SIM3
SIM4
1
21
22
SIM5
SIM1
SIM2
SIM3
SIM4
1
21
22
SIM5
SIM1
SIM2
SIM3
SIM4
1
21
22
SIM5
SIM1
SIM2
SIM3
SIM4
1
21
22
SIM5
SIM1
SIM2
SIM3
SIM4
1
21
22
SIM5
SIM1
SIM2
SIM3
SIM4
1
21
22
SIM5
SIM1
SIM2
SIM3
SIM4
1
21
22
SIM5
SIM1
SIM2
SIM3
SIM4
1
21
22
SIM5
SIM1
SIM2
SIM3
SIM4
1
21
22
SIM5
SIM1
SIM2
SIM3
SIM4
1
21
22
SIM5
SIM1
SIM2
SIM3
SIM4
1
21
22
SIM5
SIM1
SIM2
SIM3
SIM4
1
21
22
SIM5
SIM1
SIM2
SIM3
SIM4
1
21
22
SIM5
SIM1
SIM2
SIM3
SIM4
1
21
22
SIM5
SIM1
SIM2
SIM3
SIM4
1
21
22
SIM5
SIM1
SIM2
SIM3
SIM4
1
21
22
SIM5
SIM1
SIM2
SIM3
SIM4
1
21
22
SIM5
SIM1
SIM2
SIM3
SIM4
1
21
22
SIM5
SIM1
SIM2
SIM3
SIM4
1
21
22
SIM5
SIM1
SIM2
SIM3
SIM4
1
21
22
SIM5
SIM1
SIM2
SIM3
SIM4
1
21
22
SIM5
SIM1
SIM2
SIM3
SIM4
1
21
22
SIM5
SIM1
SIM2
SIM3
SIM4
1
21
22
SIM5
SIM1
SIM2
SIM3
SIM4
1
21
22
SIM5
SIM1
SIM2
SIM3
SIM4
1
21
22
SIM5
SIM1
SIM2
SIM3
SIM4
1
21
22
SIM5
SIM1
SIM2
SIM3
SIM4
1
21
22
SIM5
SIM1
SIM2
SIM3
SIM4
1
21
22
SIM5
SIM1
SIM2
SIM3
SIM4
1
21
22
SIM5
SIM1
SIM2
SIM3
SIM4
1
21
22
SIM5
SIM1
SIM2
SIM3
SIM4
1
21
22
SIM5
SIM1
SIM2
SIM3
SIM4
1
21
22
SIM5
SIM1
SIM2
SIM3
SIM4
1
21
22
SIM5
SIM1
SIM2
SIM3
SIM4
1
21
22
SIM5
SIM1
SIM2
SIM3
SIM4
1
21
22
SIM5
SIM1
SIM2
SIM3
SIM4
1
21
22
SIM5
SIM1
SIM2
SIM3
SIM4
1
21
22
SIM5
SIM1
SIM2
SIM3
SIM4
1
21
22
SIM5
SIM1
SIM2
SIM3
SIM4
1
21
22
SIM5
SIM1
SIM2
SIM3
SIM4
1
21
22
SIM5
SIM1
SIM2
SIM3
SIM4
1
21
22
SIM5
SIM1
SIM2
SIM3
SIM4
1
21
22
SIM5
SIM1
SIM2
SIM3
SIM4
1
21
22
SIM5
SIM1
SIM2
SIM3
SIM4
1
21
22
SIM5
SIM1
SIM2
SIM3
SIM4
1
21
22
SIM5
SIM1
SIM2
SIM3
SIM4
1
21
22
SIM5
SIM1
SIM2
SIM3
SIM4
1
21
22
SIM5
SIM1
SIM2
SIM3
SIM4
1
21
22
SIM5
SIM1
SIM2
SIM3
SIM4
1
21
22
SIM5
SIM1
SIM2
SIM3
SIM4
1
21
22
SIM5
SIM1
SIM2
SIM3
SIM4
1
21
22
SIM5
SIM1
SIM2
SIM3
SIM4
1
21
22
SIM5
SIM1
SIM2
SIM3
SIM4
1
21
22
SIM5
SIM1
SIM2
SIM3
SIM4
1
21
22
SIM5
SIM1
SIM2
SIM3
SIM4
1
21
22
SIM5
SIM1
SIM2
SIM3
SIM4
1
21
22
SIM5
SIM1
SIM2
SIM3
SIM4
1
21
22
SIM5
SIM1
SIM2
SIM3
SIM4
1
21
22
SIM5
SIM1
SIM2
SIM3
SIM4
1
21
22
SIM5
SIM1
SIM2
SIM3
SIM4
1
21
22
SIM5
SIM1
SIM2
SIM3
SIM4
1
21
22
SIM5
SIM1
SIM2
SIM3
SIM4
1
21
22
SIM5
SIM1
SIM2
SIM3
SIM4
1
21
22
SIM5
SIM1
SIM2
SIM3
SIM4
1
21
22
SIM5
SIM1
SIM2
SIM3
SIM4
1
21
22
SIM5
SIM1
SIM2
SIM3
SIM4
1
21
22
SIM5
SIM1
SIM2
SIM3
SIM4
1
21
22
SIM5
SIM1
SIM2
SIM3
SIM4
1
21
22
SIM5
SIM1
SIM2
SIM3
SIM4
1
21
22
SIM5
SIM1
SIM2
SIM3
SIM4
1
21
22
SIM5
SIM1
SIM2
SIM3
SIM4
1
21
22
SIM5
SIM1
SIM2
SIM3
SIM4
1
21
22
SIM5
SIM1
SIM2
SIM3
SIM4
1
21
22
SIM5
SIM1
SIM2
SIM3
SIM4
1
21
22
SIM5
SIM1
SIM2
SIM3
SIM4
1
21
22
SIM5
SIM1
SIM2
SIM3
SIM4
1
21
22
SIM5
SIM1
SIM2
SIM3
SIM4
1
21
22
SIM5
SIM1
SIM2
SIM3
SIM4
1
21
22
SIM5
SIM1
SIM2
SIM3
SIM4
1
21
22
SIM5
SIM1
SIM2
SIM3
SIM4
1
21
22
SIM5
SIM1
SIM2
SIM3
SIM4
1
21
22
SIM5
SIM1
SIM2
SIM3
SIM4
1
21
22
SIM5
SIM1
SIM2
SIM3
SIM4
1
21
22
SIM5
SIM1
SIM2
SIM3
SIM4
1
21
22
SIM5
SIM1
SIM2
SIM3
SIM4
1
21
22
SIM5
SIM1
SIM2
SIM3
SIM4
1
21
22
SIM5
SIM1
SIM2
SIM3
SIM4
1
21
22
SIM5
SIM1
SIM2
SIM3
SIM4
1
21
22
SIM5
SIM1
SIM2
SIM3
SIM4
1
21
22
SIM5
SIM1
SIM2
SIM3
SIM4
1
21
22
SIM5
SIM1
SIM2
SIM3
SIM4
1
21
22
SIM5
SIM1
SIM2
SIM3
SIM4
1
21
22
SIM5
SIM1
SIM2
SIM3
SIM4
1
21
22
SIM5
SIM1
SIM2
SIM3
SIM4
1
21
22
SIM5
SIM1
SIM2
SIM3
SIM4
1
21
22
SIM5
SIM1
SIM2
SIM3
SIM4
1
21
22
SIM5
SIM1
SIM2
SIM3
SIM4
1
21
22
SIM5
SIM1
SIM2
SIM3
SIM4
1
21
22
SIM5
SIM1
SIM2
SIM3
SIM4
1
21
22
SIM5
SIM1
SIM2
SIM3
SIM4
1
21
22
SIM5
SIM1
SIM2
SIM3
SIM4
1
21
22
SIM5
SIM1
SIM2
SIM3
SIM4
1
21
22
SIM5
SIM1
SIM2
SIM3
SIM4
1
21
22
SIM5
SIM1
SIM2
SIM3
SIM4
1
21
22
SIM5
SIM1
SIM2
SIM3
SIM4
1
21
22
SIM5
SIM1
SIM2
SIM3
SIM4
1
21
22
SIM5
SIM1
SIM2
SIM3
SIM4
1
21
22
SIM5
SIM1
SIM2
SIM3
SIM4
1
21
22
SIM5
SIM1
SIM2
SIM3
SIM4
1
21
22
SIM5
SIM1
SIM2
SIM3
SIM4
1
21
22
SIM5
SIM1
SIM2
SIM3
SIM4
1
21
22
SIM5
SIM1
SIM2
SIM3
SIM4
1
21
22
SIM5
SIM1
SIM2
SIM3
SIM4
1
21
22
SIM5
SIM1
SIM2
SIM3
SIM4
1
21
22
SIM5
SIM1
SIM2
SIM3
SIM4
1
21
22
SIM5
SIM1
SIM2
SIM3
SIM4
1
21
22
SIM5
SIM1
SIM2
SIM3
SIM4
1
21
22
SIM5
SIM1
SIM2
SIM3
SIM4
1
21
22
SIM5
SIM1
SIM2
SIM3
SIM4
1
21
22
SIM5
SIM1
SIM2
SIM3
SIM4
1
21
22
SIM5
SIM1
SIM2
SIM3
SIM4
1
21
22
SIM5
SIM1
SIM2
SIM3
SIM4
1
21
22
SIM5
SIM1
SIM2
SIM3
SIM4
1
21
22
SIM5
SIM1
SIM2
SIM3
SIM4
1
21
22
SIM5
SIM1
SIM2
SIM3
SIM4
1
21
22
SIM5
SIM1
SIM2
SIM3
SIM4
1
21
22
SIM5
SIM1
SIM2
SIM3
SIM4
1
21
22
SIM5
SIM1
SIM2
SIM3
SIM4
1
21
22
SIM5
SIM1
SIM2
SIM3
SIM4
1
21
22
SIM5
SIM1
SIM2
SIM3
SIM4
1
21
22
SIM5
SIM1
SIM2
SIM3
SIM4
1
21
22
SIM5
SIM1
SIM2
SIM3
SIM4
1
21
22
SIM5
SIM1
SIM2
SIM3
SIM4
1
21
22
SIM5
SIM1
SIM2
SIM3
SIM4
1
21
22
SIM5
SIM1
SIM2
SIM3
SIM4
1
21
22
SIM5
SIM1
SIM2
SIM3
SIM4
1
21
22
SIM5
SIM1
SIM2
SIM3
SIM4
1
21
22
SIM5
SIM1
SIM2
SIM3
SIM4
1
21
22
SIM5
SIM1
SIM2
SIM3
SIM4
1
21
22
SIM5
SIM1
SIM2
SIM3
SIM4
1
21
22
SIM5
SIM1
SIM2
SIM3
SIM4
1
21
22
SIM5
SIM1
SIM2
SIM3
SIM4
1
21
22
SIM5
SIM1
SIM2
SIM3
SIM4
1
21
22
SIM5
SIM1
SIM2
SIM3
SIM4
1
21
22
SIM5
SIM1
SIM2
SIM3
SIM4
1
21
22
SIM5
SIM1
SIM2
SIM3
SIM4
1
21
22
SIM5
SIM1
SIM2
SIM3
SIM4
1
21
22
SIM5
SIM1
SIM2
SIM3
SIM4
1
21
22
SIM5
SIM1
SIM2
SIM3
SIM4
1
21
22
SIM5
SIM1
SIM2
SIM3
SIM4
1
21
22
SIM5
SIM1
SIM2
SIM3
SIM4
1
21
22
SIM5
SIM1
SIM2
SIM3
SIM4
1
21
22
SIM5
SIM1
SIM2
SIM3
SIM4
1
21
22
SIM5
SIM1
SIM2
SIM3
SIM4
1
21
22
SIM5
SIM1
SIM2
SIM3
SIM4
1
21
22
SIM5
SIM1
SIM2
SIM3
SIM4
1
21
22
SIM5
SIM1
SIM2
SIM3
SIM4
1
21
22
SIM5
SIM1
SIM2
SIM3
SIM4
1
21
22
SIM5
SIM1
SIM2
SIM3
SIM4
1
21
22
SIM5
SIM1
SIM2
SIM3
SIM4
1
21
22
SIM5
SIM1
SIM2
SIM3
SIM4
1
21
22
SIM5
SIM1
SIM2
SIM3
SIM4
1
21
22
SIM5
SIM1
SIM2
SIM3
SIM4
1
21
22
SIM5
SIM1
SIM2
SIM3
SIM4
1
21
22
SIM5
SIM1
SIM2
SIM3
SIM4
1
21
22
SIM5
SIM1
SIM2
SIM3
SIM4
1
21
22
SIM5
SIM1
SIM2
SIM3
SIM4
1
21
22
SIM5
SIM1
SIM2
SIM3
SIM4
1
21
22
SIM5
SIM1
SIM2
SIM3
SIM4
1
21
22
SIM5
SIM1
SIM2
SIM3
SIM4
1
21
22
SIM5
SIM1
SIM2
SIM3
SIM4
1
21
22
SIM5
SIM1
SIM2
SIM3
SIM4
1
21
22
SIM5
SIM1
SIM2
SIM3
SIM4
1
21
22
SIM5
SIM1
SIM2
SIM3
SIM4
1
21
22
SIM5
SIM1
SIM2
SIM3
SIM4
1
21
22
SIM5
SIM1
SIM2
SIM3
SIM4
1
21
22
SIM5
SIM1
SIM2
SIM3
SIM4
1
21
22
SIM5
SIM1
SIM2
SIM3
SIM4
1
21
22
SIM5
SIM1
SIM2
SIM3
SIM4
1
21
22
SIM5
SIM1
SIM2
SIM3
SIM4
1
21
22
SIM5
SIM1
SIM2
SIM3
SIM4
1
21
22
SIM5
SIM1
SIM2
SIM3
SIM4
1
21
22
SIM5
SIM1
SIM2
SIM3
SIM4
1
21
22
SIM5
SIM1
SIM2
SIM3
SIM4
1
21
22
SIM5
SIM1
SIM2
SIM3
SIM4
1
21
22
SIM5
SIM1
SIM2
SIM3
SIM4
1
21
22
SIM5
SIM1
SIM2
SIM3
SIM4
1
21
22
SIM5
SIM1
SIM2
SIM3
SIM4
1
21
22
SIM5
SIM1
SIM2
SIM3
SIM4
1
21
22
SIM5
SIM1
SIM2
SIM3
SIM4
1
21
22
SIM5
SIM1
SIM2
SIM3
SIM4
1
21
22
SIM5
SIM1
SIM2
SIM3
SIM4
1
21
22
SIM5
SIM1
SIM2
SIM3
SIM4
1
21
22
SIM5
SIM1
SIM2
SIM3
SIM4
1
21
22
SIM5
SIM1
SIM2
SIM3
SIM4
1
21
22
SIM5
SIM1
SIM2
SIM3
SIM4
1
21
22
SIM5
SIM1
SIM2
SIM3
SIM4
1
21
22
SIM5
SIM1
SIM2
SIM3
SIM4
1
21
22
SIM5
SIM1
SIM2
SIM3
SIM4
1
21
22
SIM5
SIM1
SIM2
SIM3
SIM4
1
21
22
SIM5
SIM1
SIM2
SIM3
SIM4
1
21
22
SIM5
SIM1
SIM2
SIM3
SIM4
1
21
22
SIM5
SIM1
SIM2
SIM3
SIM4
1
21
22
SIM5
SIM1
SIM2
SIM3
SIM4
1
21
22
SIM5
SIM1
SIM2
SIM3
SIM4
1
21
22
SIM5
SIM1
SIM2
SIM3
SIM4
1
21
22
SIM5
SIM1
SIM2
SIM3
SIM4
1
21
22
SIM5
SIM1
SIM2
SIM3
SIM4
1
21
22
SIM5
SIM1
SIM2
SIM3
SIM4
1
21
22
SIM5
SIM1
SIM2
SIM3
SIM4
1
21
22
SIM5
SIM1
SIM2
SIM3
SIM4
1
21
22
SIM5
SIM1
SIM2
SIM3
SIM4
1
21
22
SIM5
SIM1
SIM2
DEBUG 1 467
SIM1
SIM2
SIM3
SIM4
1
21
22
SIM5
SIM1
SIM2
SIM3
SIM4
1
21
22
SIM5
SIM1
SIM2
SIM3
SIM4
1
21
22
SIM5
SIM1
SIM2
SIM3
SIM4
1
21
22
SIM5
SIM1
SIM2
SIM3
SIM4
1
21
22
SIM5
SIM1
SIM2
SIM3
SIM4
1
21
22
SIM5
SIM1
SIM2
SIM3
SIM4
1
21
22
SIM5
SIM1
SIM2
SIM3
SIM4
1
21
22
SIM5
SIM1
SIM2
SIM3
SIM4
1
21
22
SIM5
SIM1
SIM2
SIM3
SIM4
1
21
22
SIM5
SIM1
SIM2
SIM3
SIM4
1
21
22
SIM5
SIM1
SIM2
SIM3
SIM4
1
21
22
SIM5
SIM1
SIM2
SIM3
SIM4
1
21
22
SIM5
SIM1
SIM2
SIM3
SIM4
1
21
22
SIM5
SIM1
SIM2
SIM3
SIM4
1
21
22
SIM5
SIM1
SIM2
SIM3
SIM4
1
21
22
SIM5
SIM1
SIM2
SIM3
SIM4
1
21
22
SIM5
SIM1
SIM2
SIM3
SIM4
1
21
22
SIM5
SIM1
SIM2
SIM3
SIM4
1
21
22
SIM5
SIM1
SIM2
SIM3
SIM4
1
21
22
SIM5
SIM1
SIM2
SIM3
SIM4
1
21
22
SIM5
SIM1
SIM2
SIM3
SIM4
1
21
22
SIM5
SIM1
SIM2
SIM3
SIM4
1
21
22
SIM5
SIM1
SIM2
SIM3
SIM4
1
21
22
SIM5
SIM1
SIM2
SIM3
SIM4
1
21
22
SIM5
SIM1
SIM2
SIM3
SIM4
1
21
22
SIM5
SIM1
SIM2
SIM3
SIM4
1
21
22
SIM5
SIM1
SIM2
SIM3
SIM4
1
21
22
SIM5
SIM1
SIM2
SIM3
SIM4
1
21
22
SIM5
SIM1
SIM2
SIM3
SIM4
1
21
22
SIM5
SIM1
SIM2
SIM3
SIM4
1
21
22
SIM5
SIM1
SIM2
SIM3
SIM4
1
21
22
SIM5
SIM1
SIM2
SIM3
SIM4
1
21
22
SIM5
SIM1
SIM2
SIM3
SIM4
1
21
22
SIM5
SIM1
SIM2
SIM3
SIM4
1
21
22
SIM5
SIM1
SIM2
SIM3
SIM4
1
21
22
SIM5
SIM1
SIM2
SIM3
SIM4
1
21
22
SIM5
SIM1
SIM2
SIM3
SIM4
1
21
22
SIM5
SIM1
SIM2
SIM3
SIM4
1
21
22
SIM5
SIM1
SIM2
SIM3
SIM4
1
21
22
SIM5
SIM1
SIM2
SIM3
SIM4
1
21
22
SIM5
SIM1
SIM2
SIM3
SIM4
1
21
22
SIM5
SIM1
SIM2
SIM3
SIM4
1
21
22
SIM5
SIM1
SIM2
SIM3
SIM4
1
21
22
SIM5
SIM1
SIM2
SIM3
SIM4
1
21
22
SIM5
SIM1
SIM2
SIM3
SIM4
1
21
22
SIM5
SIM1
SIM2
SIM3
SIM4
1
21
22
SIM5
SIM1
SIM2
SIM3
SIM4
1
21
22
SIM5
SIM1
SIM2
SIM3
SIM4
1
21
22
SIM5
SIM1
SIM2
SIM3
SIM4
1
21
22
SIM5
SIM1
SIM2
SIM3
SIM4
1
21
22
SIM5
SIM1
SIM2
SIM3
SIM4
1
21
22
SIM5
SIM1
SIM2
SIM3
SIM4
1
21
22
SIM5
SIM1
SIM2
SIM3
SIM4
1
21
22
SIM5
SIM1
SIM2
SIM3
SIM4
1
21
22
SIM5
SIM1
SIM2
SIM3
SIM4
1
21
22
SIM5
SIM1
SIM2
SIM3
SIM4
1
21
22
SIM5
SIM1
SIM2
SIM3
SIM4
1
21
22
SIM5
SIM1
SIM2
SIM3
SIM4
1
21
22
SIM5
SIM1
SIM2
SIM3
SIM4
1
21
22
SIM5
SIM1
SIM2
SIM3
SIM4
1
21
22
SIM5
SIM1
SIM2
SIM3
SIM4
1
21
22
SIM5
SIM1
SIM2
SIM3
SIM4
1
21
22
SIM5
SIM1
SIM2
SIM3
SIM4
1
21
22
SIM5
SIM1
SIM2
SIM3
SIM4
1
21
22
SIM5
SIM1
SIM2
SIM3
SIM4
1
21
22
SIM5
SIM1
SIM2
SIM3
SIM4
1
21
22
SIM5
SIM1
SIM2
SIM3
SIM4
1
21
22
SIM5
SIM1
SIM2
SIM3
SIM4
1
21
22
SIM5
SIM1
SIM2
SIM3
SIM4
1
21
22
SIM5
SIM1
SIM2
SIM3
SIM4
1
21
22
SIM5
SIM1
SIM2
SIM3
SIM4
1
21
22
SIM5
SIM1
SIM2
SIM3
SIM4
1
21
22
SIM5
SIM1
SIM2
SIM3
SIM4
1
21
22
SIM5
SIM1
SIM2
SIM3
SIM4
1
21
22
SIM5
SIM1
SIM2
SIM3
SIM4
1
21
22
SIM5
SIM1
SIM2
SIM3
SIM4
1
21
22
SIM5
SIM1
SIM2
SIM3
SIM4
1
21
22
SIM5
SIM1
SIM2
SIM3
SIM4
1
21
22
SIM5
SIM1
SIM2
SIM3
SIM4
1
21
22
SIM5
SIM1
SIM2
SIM3
SIM4
1
21
22
SIM5
SIM1
SIM2
SIM3
SIM4
1
21
22
SIM5
SIM1
SIM2
SIM3
SIM4
1
21
22
SIM5
SIM1
SIM2
SIM3
SIM4
1
21
22
SIM5
SIM1
SIM2
SIM3
SIM4
1
21
22
SIM5
SIM1
SIM2
SIM3
SIM4
1
21
22
SIM5
SIM1
SIM2
SIM3
SIM4
1
21
22
SIM5
SIM1
SIM2
SIM3
SIM4
1
21
22
SIM5
SIM1
SIM2
SIM3
SIM4
1
21
22
SIM5
SIM1
SIM2
SIM3
SIM4
1
21
22
SIM5
SIM1
SIM2
SIM3
SIM4
1
21
22
SIM5
SIM1
SIM2
SIM3
SIM4
1
21
22
SIM5
SIM1
SIM2
SIM3
SIM4
1
21
22
SIM5
SIM1
SIM2
SIM3
SIM4
1
21
22
SIM5
SIM1
SIM2
SIM3
SIM4
1
21
22
SIM5
SIM1
SIM2
SIM3
SIM4
1
21
22
SIM5
SIM1
SIM2
SIM3
SIM4
1
21
22
SIM5
SIM1
SIM2
SIM3
SIM4
1
21
22
SIM5
SIM1
SIM2
SIM3
SIM4
1
21
22
SIM5
SIM1
SIM2
SIM3
SIM4
1
21
22
SIM5
SIM1
SIM2
SIM3
SIM4
1
21
22
SIM5
SIM1
SIM2
SIM3
SIM4
1
21
22
SIM5
SIM1
SIM2
SIM3
SIM4
1
21
22
SIM5
SIM1
SIM2
SIM3
SIM4
1
21
22
SIM5
SIM1
SIM2
SIM3
SIM4
1
21
22
SIM5
SIM1
SIM2
SIM3
SIM4
1
21
22
SIM5
SIM1
SIM2
SIM3
SIM4
1
21
22
SIM5
SIM1
SIM2
SIM3
SIM4
1
21
22
SIM5
SIM1
SIM2
SIM3
SIM4
1
21
22
SIM5
SIM1
SIM2
SIM3
SIM4
1
21
22
SIM5
SIM1
SIM2
SIM3
SIM4
1
21
22
SIM5
SIM1
SIM2
SIM3
SIM4
1
21
22
SIM5
SIM1
SIM2
SIM3
SIM4
1
21
22
SIM5
SIM1
SIM2
SIM3
SIM4
1
21
22
SIM5
SIM1
SIM2
SIM3
SIM4
1
21
22
SIM5
SIM1
SIM2
SIM3
SIM4
1
21
22
SIM5
SIM1
SIM2
SIM3
SIM4
1
21
22
SIM5
SIM1
SIM2
SIM3
SIM4
1
21
22
SIM5
SIM1
SIM2
SIM3
SIM4
1
21
22
SIM5
SIM1
SIM2
SIM3
SIM4
1
21
22
SIM5
SIM1
SIM2
SIM3
SIM4
1
21
22
SIM5
SIM1
SIM2
SIM3
SIM4
1
21
22
SIM5
SIM1
SIM2
SIM3
SIM4
1
21
22
SIM5
SIM1
SIM2
SIM3
SIM4
1
21
22
SIM5
SIM1
SIM2
SIM3
SIM4
1
21
22
SIM5
SIM1
SIM2
SIM3
SIM4
1
21
22
SIM5
SIM1
SIM2
SIM3
SIM4
1
21
22
SIM5
SIM1
SIM2
SIM3
SIM4
1
21
22
SIM5
SIM1
SIM2
SIM3
SIM4
1
21
22
SIM5
SIM1
SIM2
SIM3
SIM4
1
21
22
SIM5
SIM1
SIM2
SIM3
SIM4
1
21
22
SIM5
SIM1
SIM2
SIM3
SIM4
1
21
22
SIM5
SIM1
SIM2
SIM3
SIM4
1
21
22
SIM5
SIM1
SIM2
SIM3
SIM4
1
21
22
SIM5
SIM1
SIM2
SIM3
SIM4
1
21
22
SIM5
SIM1
SIM2
SIM3
SIM4
1
21
22
SIM5
SIM1
SIM2
SIM3
SIM4
1
21
22
SIM5
SIM1
SIM2
SIM3
SIM4
1
21
22
SIM5
SIM1
SIM2
SIM3
SIM4
1
21
22
SIM5
SIM1
SIM2
SIM3
SIM4
1
21
22
SIM5
SIM1
SIM2
SIM3
SIM4
1
21
22
SIM5
SIM1
SIM2
SIM3
SIM4
1
21
22
SIM5
SIM1
SIM2
SIM3
SIM4
1
21
22
SIM5
SIM1
SIM2
SIM3
SIM4
1
21
22
SIM5
SIM1
SIM2
SIM3
SIM4
1
21
22
SIM5
SIM1
SIM2
SIM3
SIM4
1
21
22
SIM5
SIM1
SIM2
SIM3
SIM4
1
21
22
SIM5
SIM1
SIM2
SIM3
SIM4
1
21
22
SIM5
SIM1
SIM2
SIM3
SIM4
1
21
22
SIM5
SIM1
SIM2
SIM3
SIM4
1
21
22
SIM5
SIM1
SIM2
SIM3
SIM4
1
21
22
SIM5
SIM1
SIM2
SIM3
SIM4
1
21
22
SIM5
SIM1
SIM2
SIM3
SIM4
1
21
22
SIM5
SIM1
SIM2
SIM3
SIM4
1
21
22
SIM5
SIM1
SIM2
SIM3
SIM4
1
21
22
SIM5
SIM1
SIM2
SIM3
SIM4
1
21
22
SIM5
SIM1
SIM2
SIM3
SIM4
1
21
22
SIM5
SIM1
SIM2
SIM3
SIM4
1
21
22
SIM5
SIM1
SIM2
SIM3
SIM4
1
21
22
SIM5
SIM1
SIM2
SIM3
SIM4
1
21
22
SIM5
SIM1
SIM2
SIM3
SIM4
1
21
22
SIM5
SIM1
SIM2
SIM3
SIM4
1
21
22
SIM5
SIM1
SIM2
SIM3
SIM4
1
21
22
SIM5
SIM1
SIM2
SIM3
SIM4
1
21
22
SIM5
SIM1
SIM2
SIM3
SIM4
1
21
22
SIM5
SIM1
SIM2
SIM3
SIM4
1
21
22
SIM5
SIM1
SIM2
SIM3
SIM4
1
21
22
SIM5
SIM1
SIM2
SIM3
SIM4
1
21
22
SIM5
SIM1
SIM2
SIM3
SIM4
1
21
22
SIM5
SIM1
SIM2
SIM3
SIM4
1
21
22
SIM5
SIM1
SIM2
SIM3
SIM4
1
21
22
SIM5
SIM1
SIM2
SIM3
SIM4
1
21
22
SIM5
SIM1
SIM2
DEBUG 1 468
SIM1
SIM2
SIM3
SIM4
1
21
22
SIM5
SIM1
SIM2
SIM3
SIM4
1
21
22
SIM5
SIM1
SIM2
SIM3
SIM4
1
21
22
SIM5
SIM1
SIM2
SIM3
SIM4
1
21
22
SIM5
SIM1
SIM2
SIM3
SIM4
1
21
22
SIM5
SIM1
SIM2
SIM3
SIM4
1
21
22
SIM5
SIM1
SIM2
SIM3
SIM4
1
21
22
SIM5
SIM1
SIM2
SIM3
SIM4
1
21
22
SIM5
SIM1
SIM2
SIM3
SIM4
1
21
22
SIM5
SIM1
SIM2
SIM3
SIM4
1
21
22
SIM5
SIM1
SIM2
SIM3
SIM4
1
21
22
SIM5
SIM1
SIM2
SIM3
SIM4
1
21
22
SIM5
SIM1
SIM2
SIM3
SIM4
1
21
22
SIM5
SIM1
SIM2
SIM3
SIM4
1
21
22
SIM5
SIM1
SIM2
SIM3
SIM4
1
21
22
SIM5
SIM1
SIM2
SIM3
SIM4
1
21
22
SIM5
SIM1
SIM2
SIM3
SIM4
1
21
22
SIM5
SIM1
SIM2
SIM3
SIM4
1
21
22
SIM5
SIM1
SIM2
SIM3
SIM4
1
21
22
SIM5
SIM1
SIM2
SIM3
SIM4
1
21
22
SIM5
SIM1
SIM2
SIM3
SIM4
1
21
22
SIM5
SIM1
SIM2
SIM3
SIM4
1
21
22
SIM5
SIM1
SIM2
SIM3
SIM4
1
21
22
SIM5
SIM1
SIM2
SIM3
SIM4
1
21
22
SIM5
SIM1
SIM2
SIM3
SIM4
1
21
22
SIM5
SIM1
SIM2
SIM3
SIM4
1
21
22
SIM5
SIM1
SIM2
SIM3
SIM4
1
21
22
SIM5
SIM1
SIM2
SIM3
SIM4
1
21
22
SIM5
SIM1
SIM2
SIM3
SIM4
1
21
22
SIM5
SIM1
SIM2
SIM3
SIM4
1
21
22
SIM5
SIM1
SIM2
SIM3
SIM4
1
21
22
SIM5
SIM1
SIM2
SIM3
SIM4
1
21
22
SIM5
SIM1
SIM2
SIM3
SIM4
1
21
22
SIM5
SIM1
SIM2
SIM3
SIM4
1
21
22
SIM5
SIM1
SIM2
SIM3
SIM4
1
21
22
SIM5
SIM1
SIM2
SIM3
SIM4
1
21
22
SIM5
SIM1
SIM2
SIM3
SIM4
1
21
22
SIM5
SIM1
SIM2
SIM3
SIM4
1
21
22
SIM5
SIM1
SIM2
SIM3
SIM4
1
21
22
SIM5
SIM1
SIM2
SIM3
SIM4
1
21
22
SIM5
SIM1
SIM2
SIM3
SIM4
1
21
22
SIM5
SIM1
SIM2
SIM3
SIM4
1
21
22
SIM5
SIM1
SIM2
SIM3
SIM4
1
21
22
SIM5
SIM1
SIM2
SIM3
SIM4
1
21
22
SIM5
SIM1
SIM2
SIM3
SIM4
1
21
22
SIM5
SIM1
SIM2
SIM3
SIM4
1
21
22
SIM5
SIM1
SIM2
SIM3
SIM4
1
21
22
SIM5
SIM1
SIM2
SIM3
SIM4
1
21
22
SIM5
SIM1
SIM2
SIM3
SIM4
1
21
22
SIM5
SIM1
SIM2
SIM3
SIM4
1
21
22
SIM5
SIM1
SIM2
SIM3
SIM4
1
21
22
SIM5
SIM1
SIM2
SIM3
SIM4
1
21
22
SIM5
SIM1
SIM2
SIM3
SIM4
1
21
22
SIM5
SIM1
SIM2
SIM3
SIM4
1
21
22
SIM5
SIM1
SIM2
SIM3
SIM4
1
21
22
SIM5
SIM1
SIM2
SIM3
SIM4
1
21
22
SIM5
SIM1
SIM2
SIM3
SIM4
1
21
22
SIM5
SIM1
SIM2
SIM3
SIM4
1
21
22
SIM5
SIM1
SIM2
SIM3
SIM4
1
21
22
SIM5
SIM1
SIM2
SIM3
SIM4
1
21
22
SIM5
SIM1
SIM2
SIM3
SIM4
1
21
22
SIM5
SIM1
SIM2
SIM3
SIM4
1
21
22
SIM5
SIM1
SIM2
SIM3
SIM4
1
21
22
SIM5
SIM1
SIM2
SIM3
SIM4
1
21
22
SIM5
SIM1
SIM2
SIM3
SIM4
1
21
22
SIM5
SIM1
SIM2
SIM3
SIM4
1
21
22
SIM5
SIM1
SIM2
SIM3
SIM4
1
21
22
SIM5
SIM1
SIM2
SIM3
SIM4
1
21
22
SIM5
SIM1
SIM2
SIM3
SIM4
1
21
22
SIM5
SIM1
SIM2
SIM3
SIM4
1
21
22
SIM5
SIM1
SIM2
SIM3
SIM4
1
21
22
SIM5
SIM1
SIM2
SIM3
SIM4
1
21
22
SIM5
SIM1
SIM2
SIM3
SIM4
1
21
22
SIM5
SIM1
SIM2
SIM3
SIM4
1
21
22
SIM5
SIM1
SIM2
SIM3
SIM4
1
21
22
SIM5
SIM1
SIM2
SIM3
SIM4
1
21
22
SIM5
SIM1
SIM2
SIM3
SIM4
1
21
22
SIM5
SIM1
SIM2
SIM3
SIM4
1
21
22
SIM5
SIM1
SIM2
SIM3
SIM4
1
21
22
SIM5
SIM1
SIM2
SIM3
SIM4
1
21
22
SIM5
SIM1
SIM2
SIM3
SIM4
1
21
22
SIM5
SIM1
SIM2
SIM3
SIM4
1
21
22
SIM5
SIM1
SIM2
SIM3
SIM4
1
21
22
SIM5
SIM1
SIM2
SIM3
SIM4
1
21
22
SIM5
SIM1
SIM2
SIM3
SIM4
1
21
22
SIM5
SIM1
SIM2
SIM3
SIM4
1
21
22
SIM5
SIM1
SIM2
SIM3
SIM4
1
21
22
SIM5
SIM1
SIM2
SIM3
SIM4
1
21
22
SIM5
SIM1
SIM2
SIM3
SIM4
1
21
22
SIM5
SIM1
SIM2
SIM3
SIM4
1
21
22
SIM5
SIM1
SIM2
SIM3
SIM4
1
21
22
SIM5
SIM1
SIM2
SIM3
SIM4
1
21
22
SIM5
SIM1
SIM2
SIM3
SIM4
1
21
22
SIM5
SIM1
SIM2
SIM3
SIM4
1
21
22
SIM5
SIM1
SIM2
SIM3
SIM4
1
21
22
SIM5
SIM1
SIM2
SIM3
SIM4
1
21
22
SIM5
SIM1
SIM2
SIM3
SIM4
1
21
22
SIM5
SIM1
SIM2
SIM3
SIM4
1
21
22
SIM5
SIM1
SIM2
SIM3
SIM4
1
21
22
SIM5
SIM1
SIM2
SIM3
SIM4
1
21
22
SIM5
SIM1
SIM2
SIM3
SIM4
1
21
22
SIM5
SIM1
SIM2
SIM3
SIM4
1
21
22
SIM5
SIM1
SIM2
SIM3
SIM4
1
21
22
SIM5
SIM1
SIM2
SIM3
SIM4
1
21
22
SIM5
SIM1
SIM2
SIM3
SIM4
1
21
22
SIM5
SIM1
SIM2
SIM3
SIM4
1
21
22
SIM5
SIM1
SIM2
SIM3
SIM4
1
21
22
SIM5
SIM1
SIM2
SIM3
SIM4
1
21
22
SIM5
SIM1
SIM2
SIM3
SIM4
1
21
22
SIM5
SIM1
SIM2
SIM3
SIM4
1
21
22
SIM5
SIM1
SIM2
SIM3
SIM4
1
21
22
SIM5
SIM1
SIM2
SIM3
SIM4
1
21
22
SIM5
SIM1
SIM2
SIM3
SIM4
1
21
22
SIM5
SIM1
SIM2
SIM3
SIM4
1
21
22
SIM5
SIM1
SIM2
SIM3
SIM4
1
21
22
SIM5
SIM1
SIM2
SIM3
SIM4
1
21
22
SIM5
SIM1
SIM2
SIM3
SIM4
1
21
22
SIM5
SIM1
SIM2
SIM3
SIM4
1
21
22
SIM5
SIM1
SIM2
SIM3
SIM4
1
21
22
SIM5
SIM1
SIM2
SIM3
SIM4
1
21
22
SIM5
SIM1
SIM2
SIM3
SIM4
1
21
22
SIM5
SIM1
SIM2
SIM3
SIM4
1
21
22
SIM5
SIM1
SIM2
SIM3
SIM4
1
21
22
SIM5
SIM1
SIM2
SIM3
SIM4
1
21
22
SIM5
SIM1
SIM2
SIM3
SIM4
1
21
22
SIM5
SIM1
SIM2
SIM3
SIM4
1
21
22
SIM5
SIM1
SIM2
SIM3
SIM4
1
21
22
SIM5
SIM1
SIM2
SIM3
SIM4
1
21
22
SIM5
SIM1
SIM2
SIM3
SIM4
1
21
22
SIM5
SIM1
SIM2
SIM3
SIM4
1
21
22
SIM5
SIM1
SIM2
SIM3
SIM4
1
21
22
SIM5
SIM1
SIM2
SIM3
SIM4
1
21
22
SIM5
SIM1
SIM2
SIM3
SIM4
1
21
22
SIM5
SIM1
SIM2
SIM3
SIM4
1
21
22
SIM5
SIM1
SIM2
SIM3
SIM4
1
21
22
SIM5
SIM1
SIM2
SIM3
SIM4
1
21
22
SIM5
SIM1
SIM2
SIM3
SIM4
1
21
22
SIM5
SIM1
SIM2
SIM3
SIM4
1
21
22
SIM5
SIM1
SIM2
SIM3
SIM4
1
21
22
SIM5
SIM1
SIM2
SIM3
SIM4
1
21
22
SIM5
SIM1
SIM2
SIM3
SIM4
1
21
22
SIM5
SIM1
SIM2
SIM3
SIM4
1
21
22
SIM5
SIM1
SIM2
SIM3
SIM4
1
21
22
SIM5
SIM1
SIM2
SIM3
SIM4
1
21
22
SIM5
SIM1
SIM2
SIM3
SIM4
1
21
22
SIM5
SIM1
SIM2
SIM3
SIM4
1
21
22
SIM5
SIM1
SIM2
SIM3
SIM4
1
21
22
SIM5
SIM1
SIM2
SIM3
SIM4
1
21
22
SIM5
SIM1
SIM2
SIM3
SIM4
1
21
22
SIM5
SIM1
SIM2
SIM3
SIM4
1
21
22
SIM5
SIM1
SIM2
SIM3
SIM4
1
21
22
SIM5
SIM1
SIM2
DEBUG 1 469
SIM1
SIM2
SIM3
SIM4
1
21
22
SIM5
SIM1
SIM2
SIM3
SIM4
1
21
22
SIM5
SIM1
SIM2
SIM3
SIM4
1
21
22
SIM5
SIM1
SIM2
SIM3
SIM4
1
21
22
SIM5
SIM1
SIM2
SIM3
SIM4
1
21
22
SIM5
SIM1
SIM2
SIM3
SIM4
1
21
22
SIM5
SIM1
SIM2
SIM3
SIM4
1
21
22
SIM5
SIM1
SIM2
SIM3
SIM4
1
21
22
SIM5
SIM1
SIM2
SIM3
SIM4
1
21
22
SIM5
SIM1
SIM2
SIM3
SIM4
1
21
22
SIM5
SIM1
SIM2
SIM3
SIM4
1
21
22
SIM5
SIM1
SIM2
SIM3
SIM4
1
21
22
SIM5
SIM1
SIM2
SIM3
SIM4
1
21
22
SIM5
SIM1
SIM2
SIM3
SIM4
1
21
22
SIM5
SIM1
SIM2
SIM3
SIM4
1
21
22
SIM5
SIM1
SIM2
SIM3
SIM4
1
21
22
SIM5
SIM1
SIM2
SIM3
SIM4
1
21
22
SIM5
SIM1
SIM2
SIM3
SIM4
1
21
22
SIM5
SIM1
SIM2
SIM3
SIM4
1
21
22
SIM5
SIM1
SIM2
SIM3
SIM4
1
21
22
SIM5
SIM1
SIM2
SIM3
SIM4
1
21
22
SIM5
SIM1
SIM2
SIM3
SIM4
1
21
22
SIM5
SIM1
SIM2
SIM3
SIM4
1
21
22
SIM5
SIM1
SIM2
SIM3
SIM4
1
21
22
SIM5
SIM1
SIM2
SIM3
SIM4
1
21
22
SIM5
SIM1
SIM2
SIM3
SIM4
1
21
22
SIM5
SIM1
SIM2
SIM3
SIM4
1
21
22
SIM5
SIM1
SIM2
SIM3
SIM4
1
21
22
SIM5
SIM1
SIM2
SIM3
SIM4
1
21
22
SIM5
SIM1
SIM2
SIM3
SIM4
1
21
22
SIM5
SIM1
SIM2
SIM3
SIM4
1
21
22
SIM5
SIM1
SIM2
SIM3
SIM4
1
21
22
SIM5
SIM1
SIM2
SIM3
SIM4
1
21
22
SIM5
SIM1
SIM2
SIM3
SIM4
1
21
22
SIM5
SIM1
SIM2
SIM3
SIM4
1
21
22
SIM5
SIM1
SIM2
SIM3
SIM4
1
21
22
SIM5
SIM1
SIM2
SIM3
SIM4
1
21
22
SIM5
SIM1
SIM2
SIM3
SIM4
1
21
22
SIM5
SIM1
SIM2
SIM3
SIM4
1
21
22
SIM5
SIM1
SIM2
SIM3
SIM4
1
21
22
SIM5
SIM1
SIM2
SIM3
SIM4
1
21
22
SIM5
SIM1
SIM2
SIM3
SIM4
1
21
22
SIM5
SIM1
SIM2
SIM3
SIM4
1
21
22
SIM5
SIM1
SIM2
SIM3
SIM4
1
21
22
SIM5
SIM1
SIM2
SIM3
SIM4
1
21
22
SIM5
SIM1
SIM2
SIM3
SIM4
1
21
22
SIM5
SIM1
SIM2
SIM3
SIM4
1
21
22
SIM5
SIM1
SIM2
SIM3
SIM4
1
21
22
SIM5
SIM1
SIM2
SIM3
SIM4
1
21
22
SIM5
SIM1
SIM2
SIM3
SIM4
1
21
22
SIM5
SIM1
SIM2
SIM3
SIM4
1
21
22
SIM5
SIM1
SIM2
SIM3
SIM4
1
21
22
SIM5
SIM1
SIM2
SIM3
SIM4
1
21
22
SIM5
SIM1
SIM2
SIM3
SIM4
1
21
22
SIM5
SIM1
SIM2
SIM3
SIM4
1
21
22
SIM5
SIM1
SIM2
SIM3
SIM4
1
21
22
SIM5
SIM1
SIM2
SIM3
SIM4
1
21
22
SIM5
SIM1
SIM2
SIM3
SIM4
1
21
22
SIM5
SIM1
SIM2
SIM3
SIM4
1
21
22
SIM5
SIM1
SIM2
SIM3
SIM4
1
21
22
SIM5
SIM1
SIM2
SIM3
SIM4
1
21
22
SIM5
SIM1
SIM2
SIM3
SIM4
1
21
22
SIM5
SIM1
SIM2
SIM3
SIM4
1
21
22
SIM5
SIM1
SIM2
SIM3
SIM4
1
21
22
SIM5
SIM1
SIM2
SIM3
SIM4
1
21
22
SIM5
SIM1
SIM2
SIM3
SIM4
1
21
22
SIM5
SIM1
SIM2
SIM3
SIM4
1
21
22
SIM5
SIM1
SIM2
SIM3
SIM4
1
21
22
SIM5
SIM1
SIM2
SIM3
SIM4
1
21
22
SIM5
SIM1
SIM2
SIM3
SIM4
1
21
22
SIM5
SIM1
SIM2
SIM3
SIM4
1
21
22
SIM5
SIM1
SIM2
SIM3
SIM4
1
21
22
SIM5
SIM1
SIM2
SIM3
SIM4
1
21
22
SIM5
SIM1
SIM2
SIM3
SIM4
1
21
22
SIM5
SIM1
SIM2
SIM3
SIM4
1
21
22
SIM5
SIM1
SIM2
SIM3
SIM4
1
21
22
SIM5
SIM1
SIM2
SIM3
SIM4
1
21
22
SIM5
SIM1
SIM2
SIM3
SIM4
1
21
22
SIM5
SIM1
SIM2
SIM3
SIM4
1
21
22
SIM5
SIM1
SIM2
SIM3
SIM4
1
21
22
SIM5
SIM1
SIM2
SIM3
SIM4
1
21
22
SIM5
SIM1
SIM2
SIM3
SIM4
1
21
22
SIM5
SIM1
SIM2
SIM3
SIM4
1
21
22
SIM5
SIM1
SIM2
SIM3
SIM4
1
21
22
SIM5
SIM1
SIM2
SIM3
SIM4
1
21
22
SIM5
SIM1
SIM2
SIM3
SIM4
1
21
22
SIM5
SIM1
SIM2
SIM3
SIM4
1
21
22
SIM5
SIM1
SIM2
SIM3
SIM4
1
21
22
SIM5
SIM1
SIM2
SIM3
SIM4
1
21
22
SIM5
SIM1
SIM2
SIM3
SIM4
1
21
22
SIM5
SIM1
SIM2
SIM3
SIM4
1
21
22
SIM5
SIM1
SIM2
SIM3
SIM4
1
21
22
SIM5
SIM1
SIM2
SIM3
SIM4
1
21
22
SIM5
SIM1
SIM2
SIM3
SIM4
1
21
22
SIM5
SIM1
SIM2
SIM3
SIM4
1
21
22
SIM5
SIM1
SIM2
SIM3
SIM4
1
21
22
SIM5
SIM1
SIM2
SIM3
SIM4
1
21
22
SIM5
SIM1
SIM2
SIM3
SIM4
1
21
22
SIM5
SIM1
SIM2
SIM3
SIM4
1
21
22
SIM5
SIM1
SIM2
SIM3
SIM4
1
21
22
SIM5
SIM1
SIM2
SIM3
SIM4
1
21
22
SIM5
SIM1
SIM2
SIM3
SIM4
1
21
22
SIM5
SIM1
SIM2
SIM3
SIM4
1
21
22
SIM5
SIM1
SIM2
SIM3
SIM4
1
21
22
SIM5
SIM1
SIM2
SIM3
SIM4
1
21
22
SIM5
SIM1
SIM2
SIM3
SIM4
1
21
22
SIM5
SIM1
SIM2
SIM3
SIM4
1
21
22
SIM5
SIM1
SIM2
SIM3
SIM4
1
21
22
SIM5
SIM1
SIM2
SIM3
SIM4
1
21
22
SIM5
SIM1
SIM2
SIM3
SIM4
1
21
22
SIM5
SIM1
SIM2
SIM3
SIM4
1
21
22
SIM5
SIM1
SIM2
SIM3
SIM4
1
21
22
SIM5
SIM1
SIM2
SIM3
SIM4
1
21
22
SIM5
SIM1
SIM2
SIM3
SIM4
1
21
22
SIM5
SIM1
SIM2
SIM3
SIM4
1
21
22
SIM5
SIM1
SIM2
SIM3
SIM4
1
21
22
SIM5
SIM1
SIM2
SIM3
SIM4
1
21
22
SIM5
SIM1
SIM2
SIM3
SIM4
1
21
22
SIM5
SIM1
SIM2
SIM3
SIM4
1
21
22
SIM5
SIM1
SIM2
SIM3
SIM4
1
21
22
SIM5
SIM1
SIM2
SIM3
SIM4
1
21
22
SIM5
SIM1
SIM2
SIM3
SIM4
1
21
22
SIM5
SIM1
SIM2
SIM3
SIM4
1
21
22
SIM5
SIM1
SIM2
SIM3
SIM4
1
21
22
SIM5
SIM1
SIM2
SIM3
SIM4
1
21
22
SIM5
SIM1
SIM2
SIM3
SIM4
1
21
22
SIM5
SIM1
SIM2
SIM3
SIM4
1
21
22
SIM5
SIM1
SIM2
SIM3
SIM4
1
21
22
SIM5
SIM1
SIM2
SIM3
SIM4
1
21
22
SIM5
SIM1
SIM2
SIM3
SIM4
1
21
22
SIM5
SIM1
SIM2
SIM3
SIM4
1
21
22
SIM5
SIM1
SIM2
SIM3
SIM4
1
21
22
SIM5
SIM1
SIM2
SIM3
SIM4
1
21
22
SIM5
SIM1
SIM2
SIM3
SIM4
1
21
22
SIM5
SIM1
SIM2
SIM3
SIM4
1
21
22
SIM5
SIM1
SIM2
SIM3
SIM4
1
21
22
SIM5
SIM1
SIM2
SIM3
SIM4
1
21
22
SIM5
SIM1
SIM2
SIM3
SIM4
1
21
22
SIM5
SIM1
SIM2
SIM3
SIM4
1
21
22
SIM5
SIM1
SIM2
SIM3
SIM4
1
21
22
SIM5
SIM1
SIM2
SIM3
SIM4
1
21
22
SIM5
SIM1
SIM2
SIM3
SIM4
1
21
22
SIM5
SIM1
SIM2
SIM3
SIM4
1
21
22
SIM5
SIM1
SIM2
SIM3
SIM4
1
21
22
SIM5
SIM1
SIM2
SIM3
SIM4
1
21
22
SIM5
SIM1
SIM2
SIM3
SIM4
1
21
22
SIM5
SIM1
SIM2
SIM3
SIM4
1
21
22
SIM5
SIM1
SIM2
SIM3
SIM4
1
21
22
SIM5
SIM1
SIM2
SIM3
SIM4
1
21
22
SIM5
SIM1
SIM2
SIM3
SIM4
1
21
22
SIM5
SIM1
SIM2
SIM3
SIM4
1
21
22
SIM5
SIM1
SIM2
SIM3
SIM4
1
21
22
SIM5
SIM1
SIM2
SIM3
SIM4
1
21
22
SIM5
SIM1
SIM2
SIM3
SIM4
1
21
22
SIM5
SIM1
SIM2
SIM3
SIM4
1
21
22
SIM5
SIM1
SIM2
SIM3
SIM4
1
21
22
SIM5
SIM1
SIM2
SIM3
SIM4
1
21
22
SIM5
SIM1
SIM2
SIM3
SIM4
1
21
22
SIM5
SIM1
SIM2
SIM3
SIM4
1
21
22
SIM5
SIM1
SIM2
SIM3
SIM4
1
21
22
SIM5
SIM1
SIM2
SIM3
SIM4
1
21
22
SIM5
SIM1
SIM2
SIM3
SIM4
1
21
22
SIM5
SIM1
SIM2
SIM3
SIM4
1
21
22
SIM5
SIM1
SIM2
SIM3
SIM4
1
21
22
SIM5
SIM1
SIM2
SIM3
SIM4
1
21
22
SIM5
SIM1
SIM2
SIM3
SIM4
1
21
22
SIM5
SIM1
SIM2
SIM3
SIM4
1
21
22
SIM5
SIM1
SIM2
SIM3
SIM4
1
21
22
SIM5
SIM1
SIM2
SIM3
SIM4
1
21
22
SIM5
SIM1
SIM2
SIM3
SIM4
1
21
22
SIM5
SIM1
SIM2
SIM3
SIM4
1
21
22
SIM5
SIM1
SIM2
SIM3
SIM4
1
21
22
SIM5
SIM1
SIM2
SIM3
SIM4
1
21
22
SIM5
SIM1
SIM2
SIM3
SIM4
1
21
22
SIM5
SIM1
SIM2
SIM3
SIM4
1
21
22
SIM5
SIM1
SIM2
SIM3
SIM4
1
21
22
SIM5
SIM1
SIM2
SIM3
SIM4
1
21
22
SIM5
SIM1
SIM2
SIM3
SIM4
1
21
22
SIM5
SIM1
SIM2
SIM3
SIM4
1
21
22
SIM5
SIM1
SIM2
SIM3
SIM4
1
21
22
SIM5
SIM1
SIM2
SIM3
SIM4
1
21
22
SIM5
SIM1
SIM2
SIM3
SIM4
1
21
22
SIM5
SIM1
SIM2
SIM3
SIM4
1
21
22
SIM5
SIM1
SIM2
SIM3
SIM4
1
21
22
SIM5
SIM1
SIM2
SIM3
SIM4
1
21
22
SIM5
SIM1
SIM2
SIM3
SIM4
1
21
22
SIM5
SIM1
SIM2
SIM3
SIM4
1
21
22
SIM5
SIM1
SIM2
SIM3
SIM4
1
21
22
SIM5
SIM1
SIM2
SIM3
SIM4
1
21
22
SIM5
SIM1
SIM2
DEBUG 1 470
SIM1
SIM2
SIM3
SIM4
1
21
22
SIM5
SIM1
SIM2
SIM3
SIM4
1
21
22
SIM5
SIM1
SIM2
SIM3
SIM4
1
21
22
SIM5
SIM1
SIM2
SIM3
SIM4
1
21
22
SIM5
SIM1
SIM2
SIM3
SIM4
1
21
22
SIM5
SIM1
SIM2
SIM3
SIM4
1
21
22
SIM5
SIM1
SIM2
SIM3
SIM4
1
21
22
SIM5
SIM1
SIM2
SIM3
SIM4
1
21
22
SIM5
SIM1
SIM2
SIM3
SIM4
1
21
22
SIM5
SIM1
SIM2
SIM3
SIM4
1
21
22
SIM5
SIM1
SIM2
SIM3
SIM4
1
21
22
SIM5
SIM1
SIM2
SIM3
SIM4
1
21
22
SIM5
SIM1
SIM2
SIM3
SIM4
1
21
22
SIM5
SIM1
SIM2
SIM3
SIM4
1
21
22
SIM5
SIM1
SIM2
SIM3
SIM4
1
21
22
SIM5
SIM1
SIM2
SIM3
SIM4
1
21
22
SIM5
SIM1
SIM2
SIM3
SIM4
1
21
22
SIM5
SIM1
SIM2
SIM3
SIM4
1
21
22
SIM5
SIM1
SIM2
SIM3
SIM4
1
21
22
SIM5
SIM1
SIM2
SIM3
SIM4
1
21
22
SIM5
SIM1
SIM2
SIM3
SIM4
1
21
22
SIM5
SIM1
SIM2
SIM3
SIM4
1
21
22
SIM5
SIM1
SIM2
SIM3
SIM4
1
21
22
SIM5
SIM1
SIM2
SIM3
SIM4
1
21
22
SIM5
SIM1
SIM2
SIM3
SIM4
1
21
22
SIM5
SIM1
SIM2
SIM3
SIM4
1
21
22
SIM5
SIM1
SIM2
SIM3
SIM4
1
21
22
SIM5
SIM1
SIM2
SIM3
SIM4
1
21
22
SIM5
SIM1
SIM2
SIM3
SIM4
1
21
22
SIM5
SIM1
SIM2
SIM3
SIM4
1
21
22
SIM5
SIM1
SIM2
SIM3
SIM4
1
21
22
SIM5
SIM1
SIM2
SIM3
SIM4
1
21
22
SIM5
SIM1
SIM2
SIM3
SIM4
1
21
22
SIM5
SIM1
SIM2
SIM3
SIM4
1
21
22
SIM5
SIM1
SIM2
SIM3
SIM4
1
21
22
SIM5
SIM1
SIM2
SIM3
SIM4
1
21
22
SIM5
SIM1
SIM2
SIM3
SIM4
1
21
22
SIM5
SIM1
SIM2
SIM3
SIM4
1
21
22
SIM5
SIM1
SIM2
SIM3
SIM4
1
21
22
SIM5
SIM1
SIM2
SIM3
SIM4
1
21
22
SIM5
SIM1
SIM2
SIM3
SIM4
1
21
22
SIM5
SIM1
SIM2
SIM3
SIM4
1
21
22
SIM5
SIM1
SIM2
SIM3
SIM4
1
21
22
SIM5
SIM1
SIM2
SIM3
SIM4
1
21
22
SIM5
SIM1
SIM2
SIM3
SIM4
1
21
22
SIM5
SIM1
SIM2
SIM3
SIM4
1
21
22
SIM5
SIM1
SIM2
SIM3
SIM4
1
21
22
SIM5
SIM1
SIM2
SIM3
SIM4
1
21
22
SIM5
SIM1
SIM2
SIM3
SIM4
1
21
22
SIM5
SIM1
SIM2
SIM3
SIM4
1
21
22
SIM5
SIM1
SIM2
SIM3
SIM4
1
21
22
SIM5
SIM1
SIM2
SIM3
SIM4
1
21
22
SIM5
SIM1
SIM2
SIM3
SIM4
1
21
22
SIM5
SIM1
SIM2
SIM3
SIM4
1
21
22
SIM5
SIM1
SIM2
SIM3
SIM4
1
21
22
SIM5
SIM1
SIM2
SIM3
SIM4
1
21
22
SIM5
SIM1
SIM2
SIM3
SIM4
1
21
22
SIM5
SIM1
SIM2
SIM3
SIM4
1
21
22
SIM5
SIM1
SIM2
SIM3
SIM4
1
21
22
SIM5
SIM1
SIM2
SIM3
SIM4
1
21
22
SIM5
SIM1
SIM2
SIM3
SIM4
1
21
22
SIM5
SIM1
SIM2
SIM3
SIM4
1
21
22
SIM5
SIM1
SIM2
SIM3
SIM4
1
21
22
SIM5
SIM1
SIM2
SIM3
SIM4
1
21
22
SIM5
SIM1
SIM2
SIM3
SIM4
1
21
22
SIM5
SIM1
SIM2
SIM3
SIM4
1
21
22
SIM5
SIM1
SIM2
SIM3
SIM4
1
21
22
SIM5
SIM1
SIM2
SIM3
SIM4
1
21
22
SIM5
SIM1
SIM2
SIM3
SIM4
1
21
22
SIM5
SIM1
SIM2
SIM3
SIM4
1
21
22
SIM5
SIM1
SIM2
SIM3
SIM4
1
21
22
SIM5
SIM1
SIM2
SIM3
SIM4
1
21
22
SIM5
SIM1
SIM2
SIM3
SIM4
1
21
22
SIM5
SIM1
SIM2
SIM3
SIM4
1
21
22
SIM5
SIM1
SIM2
SIM3
SIM4
1
21
22
SIM5
SIM1
SIM2
SIM3
SIM4
1
21
22
SIM5
SIM1
SIM2
SIM3
SIM4
1
21
22
SIM5
SIM1
SIM2
SIM3
SIM4
1
21
22
SIM5
SIM1
SIM2
SIM3
SIM4
1
21
22
SIM5
SIM1
SIM2
SIM3
SIM4
1
21
22
SIM5
SIM1
SIM2
SIM3
SIM4
1
21
22
SIM5
SIM1
SIM2
SIM3
SIM4
1
21
22
SIM5
SIM1
SIM2
SIM3
SIM4
1
21
22
SIM5
SIM1
SIM2
SIM3
SIM4
1
21
22
SIM5
SIM1
SIM2
SIM3
SIM4
1
21
22
SIM5
SIM1
SIM2
SIM3
SIM4
1
21
22
SIM5
SIM1
SIM2
SIM3
SIM4
1
21
22
SIM5
SIM1
SIM2
SIM3
SIM4
1
21
22
SIM5
SIM1
SIM2
SIM3
SIM4
1
21
22
SIM5
SIM1
SIM2
SIM3
SIM4
1
21
22
SIM5
SIM1
SIM2
SIM3
SIM4
1
21
22
SIM5
SIM1
SIM2
SIM3
SIM4
1
21
22
SIM5
SIM1
SIM2
SIM3
SIM4
1
21
22
SIM5
SIM1
SIM2
SIM3
SIM4
1
21
22
SIM5
SIM1
SIM2
SIM3
SIM4
1
21
22
SIM5
SIM1
SIM2
SIM3
SIM4
1
21
22
SIM5
SIM1
SIM2
SIM3
SIM4
1
21
22
SIM5
SIM1
SIM2
SIM3
SIM4
1
21
22
SIM5
SIM1
SIM2
SIM3
SIM4
1
21
22
SIM5
SIM1
SIM2
SIM3
SIM4
1
21
22
SIM5
SIM1
SIM2
SIM3
SIM4
1
21
22
SIM5
SIM1
SIM2
SIM3
SIM4
1
21
22
SIM5
SIM1
SIM2
SIM3
SIM4
1
21
22
SIM5
SIM1
SIM2
SIM3
SIM4
1
21
22
SIM5
SIM1
SIM2
SIM3
SIM4
1
21
22
SIM5
SIM1
SIM2
SIM3
SIM4
1
21
22
SIM5
SIM1
SIM2
SIM3
SIM4
1
21
22
SIM5
SIM1
SIM2
SIM3
SIM4
1
21
22
SIM5
SIM1
SIM2
SIM3
SIM4
1
21
22
SIM5
SIM1
SIM2
SIM3
SIM4
1
21
22
SIM5
SIM1
SIM2
SIM3
SIM4
1
21
22
SIM5
SIM1
SIM2
SIM3
SIM4
1
21
22
SIM5
SIM1
SIM2
SIM3
SIM4
1
21
22
SIM5
SIM1
SIM2
SIM3
SIM4
1
21
22
SIM5
SIM1
SIM2
SIM3
SIM4
1
21
22
SIM5
SIM1
SIM2
SIM3
SIM4
1
21
22
SIM5
SIM1
SIM2
SIM3
SIM4
1
21
22
SIM5
SIM1
SIM2
SIM3
SIM4
1
21
22
SIM5
SIM1
SIM2
SIM3
SIM4
1
21
22
SIM5
SIM1
SIM2
SIM3
SIM4
1
21
22
SIM5
SIM1
SIM2
SIM3
SIM4
1
21
22
SIM5
SIM1
SIM2
SIM3
SIM4
1
21
22
SIM5
SIM1
SIM2
SIM3
SIM4
1
21
22
SIM5
SIM1
SIM2
SIM3
SIM4
1
21
22
SIM5
SIM1
SIM2
DEBUG 1 471
SIM1
SIM2
SIM3
SIM4
1
21
22
SIM5
SIM1
SIM2
SIM3
SIM4
1
21
22
SIM5
SIM1
SIM2
SIM3
SIM4
1
21
22
SIM5
SIM1
SIM2
SIM3
SIM4
1
21
22
SIM5
SIM1
SIM2
SIM3
SIM4
1
21
22
SIM5
SIM1
SIM2
SIM3
SIM4
1
21
22
SIM5
SIM1
SIM2
SIM3
SIM4
1
21
22
SIM5
SIM1
SIM2
SIM3
SIM4
1
21
22
SIM5
SIM1
SIM2
SIM3
SIM4
1
21
22
SIM5
SIM1
SIM2
SIM3
SIM4
1
21
22
SIM5
SIM1
SIM2
SIM3
SIM4
1
21
22
SIM5
SIM1
SIM2
SIM3
SIM4
1
21
22
SIM5
SIM1
SIM2
SIM3
SIM4
1
21
22
SIM5
SIM1
SIM2
SIM3
SIM4
1
21
22
SIM5
SIM1
SIM2
SIM3
SIM4
1
21
22
SIM5
SIM1
SIM2
SIM3
SIM4
1
21
22
SIM5
SIM1
SIM2
SIM3
SIM4
1
21
22
SIM5
SIM1
SIM2
SIM3
SIM4
1
21
22
SIM5
SIM1
SIM2
SIM3
SIM4
1
21
22
SIM5
SIM1
SIM2
SIM3
SIM4
1
21
22
SIM5
SIM1
SIM2
SIM3
SIM4
1
21
22
SIM5
SIM1
SIM2
SIM3
SIM4
1
21
22
SIM5
SIM1
SIM2
SIM3
SIM4
1
21
22
SIM5
SIM1
SIM2
SIM3
SIM4
1
21
22
SIM5
SIM1
SIM2
SIM3
SIM4
1
21
22
SIM5
SIM1
SIM2
SIM3
SIM4
1
21
22
SIM5
SIM1
SIM2
SIM3
SIM4
1
21
22
SIM5
SIM1
SIM2
SIM3
SIM4
1
21
22
SIM5
SIM1
SIM2
SIM3
SIM4
1
21
22
SIM5
SIM1
SIM2
SIM3
SIM4
1
21
22
SIM5
SIM1
SIM2
SIM3
SIM4
1
21
22
SIM5
SIM1
SIM2
SIM3
SIM4
1
21
22
SIM5
SIM1
SIM2
SIM3
SIM4
1
21
22
SIM5
SIM1
SIM2
SIM3
SIM4
1
21
22
SIM5
SIM1
SIM2
SIM3
SIM4
1
21
22
SIM5
SIM1
SIM2
SIM3
SIM4
1
21
22
SIM5
SIM1
SIM2
SIM3
SIM4
1
21
22
SIM5
SIM1
SIM2
SIM3
SIM4
1
21
22
SIM5
SIM1
SIM2
SIM3
SIM4
1
21
22
SIM5
SIM1
SIM2
SIM3
SIM4
1
21
22
SIM5
SIM1
SIM2
SIM3
SIM4
1
21
22
SIM5
SIM1
SIM2
SIM3
SIM4
1
21
22
SIM5
SIM1
SIM2
SIM3
SIM4
1
21
22
SIM5
SIM1
SIM2
SIM3
SIM4
1
21
22
SIM5
SIM1
SIM2
SIM3
SIM4
1
21
22
SIM5
SIM1
SIM2
SIM3
SIM4
1
21
22
SIM5
SIM1
SIM2
SIM3
SIM4
1
21
22
SIM5
SIM1
SIM2
SIM3
SIM4
1
21
22
SIM5
SIM1
SIM2
SIM3
SIM4
1
21
22
SIM5
SIM1
SIM2
SIM3
SIM4
1
21
22
SIM5
SIM1
SIM2
SIM3
SIM4
1
21
22
SIM5
SIM1
SIM2
SIM3
SIM4
1
21
22
SIM5
SIM1
SIM2
SIM3
SIM4
1
21
22
SIM5
SIM1
SIM2
SIM3
SIM4
1
21
22
SIM5
SIM1
SIM2
SIM3
SIM4
1
21
22
SIM5
SIM1
SIM2
SIM3
SIM4
1
21
22
SIM5
SIM1
SIM2
SIM3
SIM4
1
21
22
SIM5
SIM1
SIM2
SIM3
SIM4
1
21
22
SIM5
SIM1
SIM2
SIM3
SIM4
1
21
22
SIM5
SIM1
SIM2
SIM3
SIM4
1
21
22
SIM5
SIM1
SIM2
SIM3
SIM4
1
21
22
SIM5
SIM1
SIM2
SIM3
SIM4
1
21
22
SIM5
SIM1
SIM2
SIM3
SIM4
1
21
22
SIM5
SIM1
SIM2
SIM3
SIM4
1
21
22
SIM5
SIM1
SIM2
SIM3
SIM4
1
21
22
SIM5
SIM1
SIM2
SIM3
SIM4
1
21
22
SIM5
SIM1
SIM2
SIM3
SIM4
1
21
22
SIM5
SIM1
SIM2
SIM3
SIM4
1
21
22
SIM5
SIM1
SIM2
SIM3
SIM4
1
21
22
SIM5
SIM1
SIM2
SIM3
SIM4
1
21
22
SIM5
SIM1
SIM2
SIM3
SIM4
1
21
22
SIM5
SIM1
SIM2
SIM3
SIM4
1
21
22
SIM5
SIM1
SIM2
SIM3
SIM4
1
21
22
SIM5
SIM1
SIM2
SIM3
SIM4
1
21
22
SIM5
SIM1
SIM2
SIM3
SIM4
1
21
22
SIM5
SIM1
SIM2
SIM3
SIM4
1
21
22
SIM5
SIM1
SIM2
SIM3
SIM4
1
21
22
SIM5
SIM1
SIM2
SIM3
SIM4
1
21
22
SIM5
SIM1
SIM2
SIM3
SIM4
1
21
22
SIM5
SIM1
SIM2
SIM3
SIM4
1
21
22
SIM5
SIM1
SIM2
SIM3
SIM4
1
21
22
SIM5
SIM1
SIM2
SIM3
SIM4
1
21
22
SIM5
SIM1
SIM2
SIM3
SIM4
1
21
22
SIM5
SIM1
SIM2
SIM3
SIM4
1
21
22
SIM5
SIM1
SIM2
SIM3
SIM4
1
21
22
SIM5
SIM1
SIM2
SIM3
SIM4
1
21
22
SIM5
SIM1
SIM2
SIM3
SIM4
1
21
22
SIM5
SIM1
SIM2
SIM3
SIM4
1
21
22
SIM5
SIM1
SIM2
SIM3
SIM4
1
21
22
SIM5
SIM1
SIM2
SIM3
SIM4
1
21
22
SIM5
SIM1
SIM2
SIM3
SIM4
1
21
22
SIM5
SIM1
SIM2
SIM3
SIM4
1
21
22
SIM5
SIM1
SIM2
SIM3
SIM4
1
21
22
SIM5
SIM1
SIM2
SIM3
SIM4
1
21
22
SIM5
SIM1
SIM2
SIM3
SIM4
1
21
22
SIM5
SIM1
SIM2
SIM3
SIM4
1
21
22
SIM5
SIM1
SIM2
SIM3
SIM4
1
21
22
SIM5
SIM1
SIM2
SIM3
SIM4
1
21
22
SIM5
SIM1
SIM2
SIM3
SIM4
1
21
22
SIM5
SIM1
SIM2
SIM3
SIM4
1
21
22
SIM5
SIM1
SIM2
SIM3
SIM4
1
21
22
SIM5
SIM1
SIM2
SIM3
SIM4
1
21
22
SIM5
SIM1
SIM2
SIM3
SIM4
1
21
22
SIM5
SIM1
SIM2
SIM3
SIM4
1
21
22
SIM5
SIM1
SIM2
SIM3
SIM4
1
21
22
SIM5
SIM1
SIM2
SIM3
SIM4
1
21
22
SIM5
SIM1
SIM2
DEBUG 1 472
SIM1
SIM2
SIM3
SIM4
1
21
22
SIM5
SIM1
SIM2
SIM3
SIM4
1
21
22
SIM5
SIM1
SIM2
SIM3
SIM4
1
21
22
SIM5
SIM1
SIM2
SIM3
SIM4
1
21
22
SIM5
SIM1
SIM2
SIM3
SIM4
1
21
22
SIM5
SIM1
SIM2
SIM3
SIM4
1
21
22
SIM5
SIM1
SIM2
SIM3
SIM4
1
21
22
SIM5
SIM1
SIM2
SIM3
SIM4
1
21
22
SIM5
SIM1
SIM2
SIM3
SIM4
1
21
22
SIM5
SIM1
SIM2
SIM3
SIM4
1
21
22
SIM5
SIM1
SIM2
SIM3
SIM4
1
21
22
SIM5
SIM1
SIM2
SIM3
SIM4
1
21
22
SIM5
SIM1
SIM2
SIM3
SIM4
1
21
22
SIM5
SIM1
SIM2
SIM3
SIM4
1
21
22
SIM5
SIM1
SIM2
SIM3
SIM4
1
21
22
SIM5
SIM1
SIM2
SIM3
SIM4
1
21
22
SIM5
SIM1
SIM2
SIM3
SIM4
1
21
22
SIM5
SIM1
SIM2
SIM3
SIM4
1
21
22
SIM5
SIM1
SIM2
SIM3
SIM4
1
21
22
SIM5
SIM1
SIM2
SIM3
SIM4
1
21
22
SIM5
SIM1
SIM2
SIM3
SIM4
1
21
22
SIM5
SIM1
SIM2
SIM3
SIM4
1
21
22
SIM5
SIM1
SIM2
SIM3
SIM4
1
21
22
SIM5
SIM1
SIM2
SIM3
SIM4
1
21
22
SIM5
SIM1
SIM2
SIM3
SIM4
1
21
22
SIM5
SIM1
SIM2
SIM3
SIM4
1
21
22
SIM5
SIM1
SIM2
SIM3
SIM4
1
21
22
SIM5
SIM1
SIM2
SIM3
SIM4
1
21
22
SIM5
SIM1
SIM2
SIM3
SIM4
1
21
22
SIM5
SIM1
SIM2
SIM3
SIM4
1
21
22
SIM5
SIM1
SIM2
SIM3
SIM4
1
21
22
SIM5
SIM1
SIM2
SIM3
SIM4
1
21
22
SIM5
SIM1
SIM2
SIM3
SIM4
1
21
22
SIM5
SIM1
SIM2
SIM3
SIM4
1
21
22
SIM5
SIM1
SIM2
SIM3
SIM4
1
21
22
SIM5
SIM1
SIM2
SIM3
SIM4
1
21
22
SIM5
SIM1
SIM2
SIM3
SIM4
1
21
22
SIM5
SIM1
SIM2
SIM3
SIM4
1
21
22
SIM5
SIM1
SIM2
SIM3
SIM4
1
21
22
SIM5
SIM1
SIM2
SIM3
SIM4
1
21
22
SIM5
SIM1
SIM2
SIM3
SIM4
1
21
22
SIM5
SIM1
SIM2
SIM3
SIM4
1
21
22
SIM5
SIM1
SIM2
SIM3
SIM4
1
21
22
SIM5
SIM1
SIM2
SIM3
SIM4
1
21
22
SIM5
SIM1
SIM2
SIM3
SIM4
1
21
22
SIM5
SIM1
SIM2
SIM3
SIM4
1
21
22
SIM5
SIM1
SIM2
SIM3
SIM4
1
21
22
SIM5
SIM1
SIM2
SIM3
SIM4
1
21
22
SIM5
SIM1
SIM2
SIM3
SIM4
1
21
22
SIM5
SIM1
SIM2
SIM3
SIM4
1
21
22
SIM5
SIM1
SIM2
SIM3
SIM4
1
21
22
SIM5
SIM1
SIM2
SIM3
SIM4
1
21
22
SIM5
SIM1
SIM2
SIM3
SIM4
1
21
22
SIM5
SIM1
SIM2
SIM3
SIM4
1
21
22
SIM5
SIM1
SIM2
SIM3
SIM4
1
21
22
SIM5
SIM1
SIM2
SIM3
SIM4
1
21
22
SIM5
SIM1
SIM2
SIM3
SIM4
1
21
22
SIM5
SIM1
SIM2
SIM3
SIM4
1
21
22
SIM5
SIM1
SIM2
SIM3
SIM4
1
21
22
SIM5
SIM1
SIM2
SIM3
SIM4
1
21
22
SIM5
SIM1
SIM2
SIM3
SIM4
1
21
22
SIM5
SIM1
SIM2
SIM3
SIM4
1
21
22
SIM5
SIM1
SIM2
SIM3
SIM4
1
21
22
SIM5
SIM1
SIM2
SIM3
SIM4
1
21
22
SIM5
SIM1
SIM2
SIM3
SIM4
1
21
22
SIM5
SIM1
SIM2
SIM3
SIM4
1
21
22
SIM5
SIM1
SIM2
SIM3
SIM4
1
21
22
SIM5
SIM1
SIM2
SIM3
SIM4
1
21
22
SIM5
SIM1
SIM2
SIM3
SIM4
1
21
22
SIM5
SIM1
SIM2
SIM3
SIM4
1
21
22
SIM5
SIM1
SIM2
SIM3
SIM4
1
21
22
SIM5
SIM1
SIM2
SIM3
SIM4
1
21
22
SIM5
SIM1
SIM2
SIM3
SIM4
1
21
22
SIM5
SIM1
SIM2
SIM3
SIM4
1
21
22
SIM5
SIM1
SIM2
SIM3
SIM4
1
21
22
SIM5
SIM1
SIM2
SIM3
SIM4
1
21
22
SIM5
SIM1
SIM2
SIM3
SIM4
1
21
22
SIM5
SIM1
SIM2
SIM3
SIM4
1
21
22
SIM5
SIM1
SIM2
SIM3
SIM4
1
21
22
SIM5
SIM1
SIM2
SIM3
SIM4
1
21
22
SIM5
SIM1
SIM2
SIM3
SIM4
1
21
22
SIM5
SIM1
SIM2
SIM3
SIM4
1
21
22
SIM5
SIM1
SIM2
SIM3
SIM4
1
21
22
SIM5
SIM1
SIM2
SIM3
SIM4
1
21
22
SIM5
SIM1
SIM2
SIM3
SIM4
1
21
22
SIM5
SIM1
SIM2
SIM3
SIM4
1
21
22
SIM5
SIM1
SIM2
SIM3
SIM4
1
21
22
SIM5
SIM1
SIM2
SIM3
SIM4
1
21
22
SIM5
SIM1
SIM2
SIM3
SIM4
1
21
22
SIM5
SIM1
SIM2
SIM3
SIM4
1
21
22
SIM5
SIM1
SIM2
SIM3
SIM4
1
21
22
SIM5
SIM1
SIM2
SIM3
SIM4
1
21
22
SIM5
SIM1
SIM2
SIM3
SIM4
1
21
22
SIM5
SIM1
SIM2
SIM3
SIM4
1
21
22
SIM5
SIM1
SIM2
SIM3
SIM4
1
21
22
SIM5
SIM1
SIM2
SIM3
SIM4
1
21
22
SIM5
SIM1
SIM2
SIM3
SIM4
1
21
22
SIM5
SIM1
SIM2
SIM3
SIM4
1
21
22
SIM5
SIM1
SIM2
SIM3
SIM4
1
21
22
SIM5
SIM1
SIM2
SIM3
SIM4
1
21
22
SIM5
SIM1
SIM2
SIM3
SIM4
1
21
22
SIM5
SIM1
SIM2
SIM3
SIM4
1
21
22
SIM5
SIM1
SIM2
SIM3
SIM4
1
21
22
SIM5
SIM1
SIM2
SIM3
SIM4
1
21
22
SIM5
SIM1
SIM2
SIM3
SIM4
1
21
22
SIM5
SIM1
SIM2
SIM3
SIM4
1
21
22
SIM5
SIM1
SIM2
SIM3
SIM4
1
21
22
SIM5
SIM1
SIM2
SIM3
SIM4
1
21
22
SIM5
SIM1
SIM2
SIM3
SIM4
1
21
22
SIM5
SIM1
SIM2
SIM3
SIM4
1
21
22
SIM5
SIM1
SIM2
SIM3
SIM4
1
21
22
SIM5
SIM1
SIM2
SIM3
SIM4
1
21
22
SIM5
SIM1
SIM2
SIM3
SIM4
1
21
22
SIM5
SIM1
SIM2
SIM3
SIM4
1
21
22
SIM5
SIM1
SIM2
SIM3
SIM4
1
21
22
SIM5
SIM1
SIM2
SIM3
SIM4
1
21
22
SIM5
SIM1
SIM2
SIM3
SIM4
1
21
22
SIM5
SIM1
SIM2
SIM3
SIM4
1
21
22
SIM5
SIM1
SIM2
SIM3
SIM4
1
21
22
SIM5
SIM1
SIM2
SIM3
SIM4
1
21
22
SIM5
SIM1
SIM2
SIM3
SIM4
1
21
22
SIM5
SIM1
SIM2
SIM3
SIM4
1
21
22
SIM5
SIM1
SIM2
SIM3
SIM4
1
21
22
SIM5
SIM1
SIM2
SIM3
SIM4
1
21
22
SIM5
SIM1
SIM2
SIM3
SIM4
1
21
22
SIM5
SIM1
SIM2
SIM3
SIM4
1
21
22
SIM5
SIM1
SIM2
SIM3
SIM4
1
21
22
SIM5
SIM1
SIM2
SIM3
SIM4
1
21
22
SIM5
SIM1
SIM2
SIM3
SIM4
1
21
22
SIM5
SIM1
SIM2
SIM3
SIM4
1
21
22
SIM5
SIM1
SIM2
SIM3
SIM4
1
21
22
SIM5
SIM1
SIM2
SIM3
SIM4
1
21
22
SIM5
SIM1
SIM2
SIM3
SIM4
1
21
22
SIM5
SIM1
SIM2
SIM3
SIM4
1
21
22
SIM5
SIM1
SIM2
SIM3
SIM4
1
21
22
SIM5
SIM1
SIM2
SIM3
SIM4
1
21
22
SIM5
SIM1
SIM2
SIM3
SIM4
1
21
22
SIM5
SIM1
SIM2
SIM3
SIM4
1
21
22
SIM5
SIM1
SIM2
SIM3
SIM4
1
21
22
SIM5
SIM1
SIM2
SIM3
SIM4
1
21
22
SIM5
SIM1
SIM2
SIM3
SIM4
1
21
22
SIM5
SIM1
SIM2
SIM3
SIM4
1
21
22
SIM5
SIM1
SIM2
SIM3
SIM4
1
21
22
SIM5
SIM1
SIM2
SIM3
SIM4
1
21
22
SIM5
SIM1
SIM2
SIM3
SIM4
1
21
22
SIM5
SIM1
SIM2
SIM3
SIM4
1
21
22
SIM5
SIM1
SIM2
SIM3
SIM4
1
21
22
SIM5
SIM1
SIM2
SIM3
SIM4
1
21
22
SIM5
SIM1
SIM2
SIM3
SIM4
1
21
22
SIM5
SIM1
SIM2
DEBUG 1 473
SIM1
SIM2
SIM3
SIM4
1
21
22
SIM5
SIM1
SIM2
SIM3
SIM4
1
21
22
SIM5
SIM1
SIM2
SIM3
SIM4
1
21
22
SIM5
SIM1
SIM2
SIM3
SIM4
1
21
22
SIM5
SIM1
SIM2
SIM3
SIM4
1
21
22
SIM5
SIM1
SIM2
SIM3
SIM4
1
21
22
SIM5
SIM1
SIM2
SIM3
SIM4
1
21
22
SIM5
SIM1
SIM2
SIM3
SIM4
1
21
22
SIM5
SIM1
SIM2
SIM3
SIM4
1
21
22
SIM5
SIM1
SIM2
SIM3
SIM4
1
21
22
SIM5
SIM1
SIM2
SIM3
SIM4
1
21
22
SIM5
SIM1
SIM2
SIM3
SIM4
1
21
22
SIM5
SIM1
SIM2
SIM3
SIM4
1
21
22
SIM5
SIM1
SIM2
SIM3
SIM4
1
21
22
SIM5
SIM1
SIM2
SIM3
SIM4
1
21
22
SIM5
SIM1
SIM2
SIM3
SIM4
1
21
22
SIM5
SIM1
SIM2
SIM3
SIM4
1
21
22
SIM5
SIM1
SIM2
SIM3
SIM4
1
21
22
SIM5
SIM1
SIM2
SIM3
SIM4
1
21
22
SIM5
SIM1
SIM2
SIM3
SIM4
1
21
22
SIM5
SIM1
SIM2
SIM3
SIM4
1
21
22
SIM5
SIM1
SIM2
SIM3
SIM4
1
21
22
SIM5
SIM1
SIM2
SIM3
SIM4
1
21
22
SIM5
SIM1
SIM2
SIM3
SIM4
1
21
22
SIM5
SIM1
SIM2
SIM3
SIM4
1
21
22
SIM5
SIM1
SIM2
SIM3
SIM4
1
21
22
SIM5
SIM1
SIM2
SIM3
SIM4
1
21
22
SIM5
SIM1
SIM2
SIM3
SIM4
1
21
22
SIM5
SIM1
SIM2
SIM3
SIM4
1
21
22
SIM5
SIM1
SIM2
SIM3
SIM4
1
21
22
SIM5
SIM1
SIM2
SIM3
SIM4
1
21
22
SIM5
SIM1
SIM2
SIM3
SIM4
1
21
22
SIM5
SIM1
SIM2
SIM3
SIM4
1
21
22
SIM5
SIM1
SIM2
SIM3
SIM4
1
21
22
SIM5
SIM1
SIM2
SIM3
SIM4
1
21
22
SIM5
SIM1
SIM2
SIM3
SIM4
1
21
22
SIM5
SIM1
SIM2
SIM3
SIM4
1
21
22
SIM5
SIM1
SIM2
SIM3
SIM4
1
21
22
SIM5
SIM1
SIM2
SIM3
SIM4
1
21
22
SIM5
SIM1
SIM2
SIM3
SIM4
1
21
22
SIM5
SIM1
SIM2
SIM3
SIM4
1
21
22
SIM5
SIM1
SIM2
SIM3
SIM4
1
21
22
SIM5
SIM1
SIM2
SIM3
SIM4
1
21
22
SIM5
SIM1
SIM2
SIM3
SIM4
1
21
22
SIM5
SIM1
SIM2
SIM3
SIM4
1
21
22
SIM5
SIM1
SIM2
SIM3
SIM4
1
21
22
SIM5
SIM1
SIM2
SIM3
SIM4
1
21
22
SIM5
SIM1
SIM2
SIM3
SIM4
1
21
22
SIM5
SIM1
SIM2
SIM3
SIM4
1
21
22
SIM5
SIM1
SIM2
SIM3
SIM4
1
21
22
SIM5
SIM1
SIM2
SIM3
SIM4
1
21
22
SIM5
SIM1
SIM2
SIM3
SIM4
1
21
22
SIM5
SIM1
SIM2
SIM3
SIM4
1
21
22
SIM5
SIM1
SIM2
SIM3
SIM4
1
21
22
SIM5
SIM1
SIM2
SIM3
SIM4
1
21
22
SIM5
SIM1
SIM2
SIM3
SIM4
1
21
22
SIM5
SIM1
SIM2
SIM3
SIM4
1
21
22
SIM5
SIM1
SIM2
SIM3
SIM4
1
21
22
SIM5
SIM1
SIM2
SIM3
SIM4
1
21
22
SIM5
SIM1
SIM2
SIM3
SIM4
1
21
22
SIM5
SIM1
SIM2
SIM3
SIM4
1
21
22
SIM5
SIM1
SIM2
SIM3
SIM4
1
21
22
SIM5
SIM1
SIM2
SIM3
SIM4
1
21
22
SIM5
SIM1
SIM2
SIM3
SIM4
1
21
22
SIM5
SIM1
SIM2
SIM3
SIM4
1
21
22
SIM5
SIM1
SIM2
SIM3
SIM4
1
21
22
SIM5
SIM1
SIM2
SIM3
SIM4
1
21
22
SIM5
SIM1
SIM2
SIM3
SIM4
1
21
22
SIM5
SIM1
SIM2
SIM3
SIM4
1
21
22
SIM5
SIM1
SIM2
SIM3
SIM4
1
21
22
SIM5
SIM1
SIM2
SIM3
SIM4
1
21
22
SIM5
SIM1
SIM2
SIM3
SIM4
1
21
22
SIM5
SIM1
SIM2
SIM3
SIM4
1
21
22
SIM5
SIM1
SIM2
SIM3
SIM4
1
21
22
SIM5
SIM1
SIM2
SIM3
SIM4
1
21
22
SIM5
SIM1
SIM2
SIM3
SIM4
1
21
22
SIM5
SIM1
SIM2
SIM3
SIM4
1
21
22
SIM5
SIM1
SIM2
SIM3
SIM4
1
21
22
SIM5
SIM1
SIM2
SIM3
SIM4
1
21
22
SIM5
SIM1
SIM2
SIM3
SIM4
1
21
22
SIM5
SIM1
SIM2
SIM3
SIM4
1
21
22
SIM5
SIM1
SIM2
SIM3
SIM4
1
21
22
SIM5
SIM1
SIM2
SIM3
SIM4
1
21
22
SIM5
SIM1
SIM2
SIM3
SIM4
1
21
22
SIM5
SIM1
SIM2
SIM3
SIM4
1
21
22
SIM5
SIM1
SIM2
SIM3
SIM4
1
21
22
SIM5
SIM1
SIM2
SIM3
SIM4
1
21
22
SIM5
SIM1
SIM2
SIM3
SIM4
1
21
22
SIM5
SIM1
SIM2
SIM3
SIM4
1
21
22
SIM5
SIM1
SIM2
SIM3
SIM4
1
21
22
SIM5
SIM1
SIM2
SIM3
SIM4
1
21
22
SIM5
SIM1
SIM2
SIM3
SIM4
1
21
22
SIM5
SIM1
SIM2
SIM3
SIM4
1
21
22
SIM5
SIM1
SIM2
SIM3
SIM4
1
21
22
SIM5
SIM1
SIM2
SIM3
SIM4
1
21
22
SIM5
SIM1
SIM2
SIM3
SIM4
1
21
22
SIM5
SIM1
SIM2
SIM3
SIM4
1
21
22
SIM5
SIM1
SIM2
SIM3
SIM4
1
21
22
SIM5
SIM1
SIM2
SIM3
SIM4
1
21
22
SIM5
SIM1
SIM2
SIM3
SIM4
1
21
22
SIM5
SIM1
SIM2
SIM3
SIM4
1
21
22
SIM5
SIM1
SIM2
SIM3
SIM4
1
21
22
SIM5
SIM1
SIM2
SIM3
SIM4
1
21
22
SIM5
SIM1
SIM2
SIM3
SIM4
1
21
22
SIM5
SIM1
SIM2
SIM3
SIM4
1
21
22
SIM5
SIM1
SIM2
SIM3
SIM4
1
21
22
SIM5
SIM1
SIM2
SIM3
SIM4
1
21
22
SIM5
SIM1
SIM2
SIM3
SIM4
1
21
22
SIM5
SIM1
SIM2
SIM3
SIM4
1
21
22
SIM5
SIM1
SIM2
SIM3
SIM4
1
21
22
SIM5
SIM1
SIM2
SIM3
SIM4
1
21
22
SIM5
SIM1
SIM2
SIM3
SIM4
1
21
22
SIM5
SIM1
SIM2
SIM3
SIM4
1
21
22
SIM5
SIM1
SIM2
SIM3
SIM4
1
21
22
SIM5
SIM1
SIM2
SIM3
SIM4
1
21
22
SIM5
SIM1
SIM2
SIM3
SIM4
1
21
22
SIM5
SIM1
SIM2
SIM3
SIM4
1
21
22
SIM5
SIM1
SIM2
SIM3
SIM4
1
21
22
SIM5
SIM1
SIM2
SIM3
SIM4
1
21
22
SIM5
SIM1
SIM2
SIM3
SIM4
1
21
22
SIM5
SIM1
SIM2
SIM3
SIM4
1
21
22
SIM5
SIM1
SIM2
SIM3
SIM4
1
21
22
SIM5
SIM1
SIM2
SIM3
SIM4
1
21
22
SIM5
SIM1
SIM2
SIM3
SIM4
1
21
22
SIM5
SIM1
SIM2
SIM3
SIM4
1
21
22
SIM5
SIM1
SIM2
SIM3
SIM4
1
21
22
SIM5
SIM1
SIM2
SIM3
SIM4
1
21
22
SIM5
SIM1
SIM2
SIM3
SIM4
1
21
22
SIM5
SIM1
SIM2
SIM3
SIM4
1
21
22
SIM5
SIM1
SIM2
SIM3
SIM4
1
21
22
SIM5
SIM1
SIM2
SIM3
SIM4
1
21
22
SIM5
SIM1
SIM2
SIM3
SIM4
1
21
22
SIM5
SIM1
SIM2
SIM3
SIM4
1
21
22
SIM5
SIM1
SIM2
SIM3
SIM4
1
21
22
SIM5
SIM1
SIM2
SIM3
SIM4
1
21
22
SIM5
SIM1
SIM2
SIM3
SIM4
1
21
22
SIM5
SIM1
SIM2
SIM3
SIM4
1
21
22
SIM5
SIM1
SIM2
SIM3
SIM4
1
21
22
SIM5
SIM1
SIM2
SIM3
SIM4
1
21
22
SIM5
SIM1
SIM2
SIM3
SIM4
1
21
22
SIM5
SIM1
SIM2
SIM3
SIM4
1
21
22
SIM5
SIM1
SIM2
SIM3
SIM4
1
21
22
SIM5
SIM1
SIM2
SIM3
SIM4
1
21
22
SIM5
SIM1
SIM2
SIM3
SIM4
1
21
22
SIM5
SIM1
SIM2
SIM3
SIM4
1
21
22
SIM5
SIM1
SIM2
SIM3
SIM4
1
21
22
SIM5
SIM1
SIM2
SIM3
SIM4
1
21
22
SIM5
SIM1
SIM2
SIM3
SIM4
1
21
22
SIM5
SIM1
SIM2
SIM3
SIM4
1
21
22
SIM5
SIM1
SIM2
SIM3
SIM4
1
21
22
SIM5
SIM1
SIM2
SIM3
SIM4
1
21
22
SIM5
SIM1
SIM2
SIM3
SIM4
1
21
22
SIM5
SIM1
SIM2
SIM3
SIM4
1
21
22
SIM5
SIM1
SIM2
SIM3
SIM4
1
21
22
SIM5
SIM1
SIM2
SIM3
SIM4
1
21
22
SIM5
SIM1
SIM2
SIM3
SIM4
1
21
22
SIM5
SIM1
SIM2
SIM3
SIM4
1
21
22
SIM5
SIM1
SIM2
SIM3
SIM4
1
21
22
SIM5
SIM1
SIM2
SIM3
SIM4
1
21
22
SIM5
SIM1
SIM2
SIM3
SIM4
1
21
22
SIM5
SIM1
SIM2
SIM3
SIM4
1
21
22
SIM5
SIM1
SIM2
SIM3
SIM4
1
21
22
SIM5
SIM1
SIM2
SIM3
SIM4
1
21
22
SIM5
SIM1
SIM2
SIM3
SIM4
1
21
22
SIM5
SIM1
SIM2
SIM3
SIM4
1
21
22
SIM5
SIM1
SIM2
SIM3
SIM4
1
21
22
SIM5
SIM1
SIM2
SIM3
SIM4
1
21
22
SIM5
SIM1
SIM2
SIM3
SIM4
1
21
22
SIM5
SIM1
SIM2
SIM3
SIM4
1
21
22
SIM5
SIM1
SIM2
SIM3
SIM4
1
21
22
SIM5
SIM1
SIM2
SIM3
SIM4
1
21
22
SIM5
SIM1
SIM2
SIM3
SIM4
1
21
22
SIM5
SIM1
SIM2
SIM3
SIM4
1
21
22
SIM5
SIM1
SIM2
SIM3
SIM4
1
21
22
SIM5
SIM1
SIM2
SIM3
SIM4
1
21
22
SIM5
SIM1
SIM2
SIM3
SIM4
1
21
22
SIM5
SIM1
SIM2
SIM3
SIM4
1
21
22
SIM5
SIM1
SIM2
SIM3
SIM4
1
21
22
SIM5
SIM1
SIM2
SIM3
SIM4
1
21
22
SIM5
SIM1
SIM2
SIM3
SIM4
1
21
22
SIM5
SIM1
SIM2
SIM3
SIM4
1
21
22
SIM5
SIM1
SIM2
SIM3
SIM4
1
21
22
SIM5
SIM1
SIM2
SIM3
SIM4
1
21
22
SIM5
SIM1
SIM2
SIM3
SIM4
1
21
22
SIM5
SIM1
SIM2
SIM3
SIM4
1
21
22
SIM5
SIM1
SIM2
SIM3
SIM4
1
21
22
SIM5
SIM1
SIM2
SIM3
SIM4
1
21
22
SIM5
SIM1
SIM2
SIM3
SIM4
1
21
22
SIM5
SIM1
SIM2
SIM3
SIM4
1
21
22
SIM5
SIM1
SIM2
SIM3
SIM4
1
21
22
SIM5
SIM1
SIM2
SIM3
SIM4
1
21
22
SIM5
SIM1
SIM2
SIM3
SIM4
1
21
22
SIM5
SIM1
SIM2
SIM3
SIM4
1
21
22
SIM5
SIM1
SIM2
SIM3
SIM4
1
21
22
SIM5
SIM1
SIM2
SIM3
SIM4
1
21
22
SIM5
SIM1
SIM2
SIM3
SIM4
1
21
22
SIM5
SIM1
SIM2
SIM3
SIM4
1
21
22
SIM5
SIM1
SIM2
SIM3
SIM4
1
21
22
SIM5
SIM1
SIM2
SIM3
SIM4
1
21
22
SIM5
SIM1
SIM2
SIM3
SIM4
1
21
22
SIM5
SIM1
SIM2
DEBUG 1 474
SIM1
SIM2
SIM3
SIM4
1
21
22
SIM5
SIM1
SIM2
SIM3
SIM4
1
21
22
SIM5
SIM1
SIM2
SIM3
SIM4
1
21
22
SIM5
SIM1
SIM2
SIM3
SIM4
1
21
22
SIM5
SIM1
SIM2
SIM3
SIM4
1
21
22
SIM5
SIM1
SIM2
SIM3
SIM4
1
21
22
SIM5
SIM1
SIM2
SIM3
SIM4
1
21
22
SIM5
SIM1
SIM2
SIM3
SIM4
1
21
22
SIM5
SIM1
SIM2
SIM3
SIM4
1
21
22
SIM5
SIM1
SIM2
SIM3
SIM4
1
21
22
SIM5
SIM1
SIM2
SIM3
SIM4
1
21
22
SIM5
SIM1
SIM2
SIM3
SIM4
1
21
22
SIM5
SIM1
SIM2
SIM3
SIM4
1
21
22
SIM5
SIM1
SIM2
SIM3
SIM4
1
21
22
SIM5
SIM1
SIM2
SIM3
SIM4
1
21
22
SIM5
SIM1
SIM2
SIM3
SIM4
1
21
22
SIM5
SIM1
SIM2
SIM3
SIM4
1
21
22
SIM5
SIM1
SIM2
SIM3
SIM4
1
21
22
SIM5
SIM1
SIM2
SIM3
SIM4
1
21
22
SIM5
SIM1
SIM2
SIM3
SIM4
1
21
22
SIM5
SIM1
SIM2
SIM3
SIM4
1
21
22
SIM5
SIM1
SIM2
SIM3
SIM4
1
21
22
SIM5
SIM1
SIM2
SIM3
SIM4
1
21
22
SIM5
SIM1
SIM2
SIM3
SIM4
1
21
22
SIM5
SIM1
SIM2
SIM3
SIM4
1
21
22
SIM5
SIM1
SIM2
SIM3
SIM4
1
21
22
SIM5
SIM1
SIM2
SIM3
SIM4
1
21
22
SIM5
SIM1
SIM2
SIM3
SIM4
1
21
22
SIM5
SIM1
SIM2
SIM3
SIM4
1
21
22
SIM5
SIM1
SIM2
SIM3
SIM4
1
21
22
SIM5
SIM1
SIM2
SIM3
SIM4
1
21
22
SIM5
SIM1
SIM2
SIM3
SIM4
1
21
22
SIM5
SIM1
SIM2
SIM3
SIM4
1
21
22
SIM5
SIM1
SIM2
SIM3
SIM4
1
21
22
SIM5
SIM1
SIM2
SIM3
SIM4
1
21
22
SIM5
SIM1
SIM2
SIM3
SIM4
1
21
22
SIM5
SIM1
SIM2
SIM3
SIM4
1
21
22
SIM5
SIM1
SIM2
SIM3
SIM4
1
21
22
SIM5
SIM1
SIM2
SIM3
SIM4
1
21
22
SIM5
SIM1
SIM2
SIM3
SIM4
1
21
22
SIM5
SIM1
SIM2
SIM3
SIM4
1
21
22
SIM5
SIM1
SIM2
SIM3
SIM4
1
21
22
SIM5
SIM1
SIM2
SIM3
SIM4
1
21
22
SIM5
SIM1
SIM2
SIM3
SIM4
1
21
22
SIM5
SIM1
SIM2
SIM3
SIM4
1
21
22
SIM5
SIM1
SIM2
SIM3
SIM4
1
21
22
SIM5
SIM1
SIM2
SIM3
SIM4
1
21
22
SIM5
SIM1
SIM2
SIM3
SIM4
1
21
22
SIM5
SIM1
SIM2
SIM3
SIM4
1
21
22
SIM5
SIM1
SIM2
SIM3
SIM4
1
21
22
SIM5
SIM1
SIM2
SIM3
SIM4
1
21
22
SIM5
SIM1
SIM2
SIM3
SIM4
1
21
22
SIM5
SIM1
SIM2
SIM3
SIM4
1
21
22
SIM5
SIM1
SIM2
SIM3
SIM4
1
21
22
SIM5
SIM1
SIM2
SIM3
SIM4
1
21
22
SIM5
SIM1
SIM2
SIM3
SIM4
1
21
22
SIM5
SIM1
SIM2
SIM3
SIM4
1
21
22
SIM5
SIM1
SIM2
SIM3
SIM4
1
21
22
SIM5
SIM1
SIM2
SIM3
SIM4
1
21
22
SIM5
SIM1
SIM2
SIM3
SIM4
1
21
22
SIM5
SIM1
SIM2
SIM3
SIM4
1
21
22
SIM5
SIM1
SIM2
SIM3
SIM4
1
21
22
SIM5
SIM1
SIM2
SIM3
SIM4
1
21
22
SIM5
SIM1
SIM2
SIM3
SIM4
1
21
22
SIM5
SIM1
SIM2
SIM3
SIM4
1
21
22
SIM5
SIM1
SIM2
SIM3
SIM4
1
21
22
SIM5
SIM1
SIM2
SIM3
SIM4
1
21
22
SIM5
SIM1
SIM2
SIM3
SIM4
1
21
22
SIM5
SIM1
SIM2
SIM3
SIM4
1
21
22
SIM5
SIM1
SIM2
SIM3
SIM4
1
21
22
SIM5
SIM1
SIM2
SIM3
SIM4
1
21
22
SIM5
SIM1
SIM2
SIM3
SIM4
1
21
22
SIM5
SIM1
SIM2
SIM3
SIM4
1
21
22
SIM5
SIM1
SIM2
SIM3
SIM4
1
21
22
SIM5
SIM1
SIM2
SIM3
SIM4
1
21
22
SIM5
SIM1
SIM2
SIM3
SIM4
1
21
22
SIM5
SIM1
SIM2
SIM3
SIM4
1
21
22
SIM5
SIM1
SIM2
SIM3
SIM4
1
21
22
SIM5
SIM1
SIM2
SIM3
SIM4
1
21
22
SIM5
SIM1
SIM2
SIM3
SIM4
1
21
22
SIM5
SIM1
SIM2
SIM3
SIM4
1
21
22
SIM5
SIM1
SIM2
SIM3
SIM4
1
21
22
SIM5
SIM1
SIM2
SIM3
SIM4
1
21
22
SIM5
SIM1
SIM2
SIM3
SIM4
1
21
22
SIM5
SIM1
SIM2
SIM3
SIM4
1
21
22
SIM5
SIM1
SIM2
SIM3
SIM4
1
21
22
SIM5
SIM1
SIM2
SIM3
SIM4
1
21
22
SIM5
SIM1
SIM2
SIM3
SIM4
1
21
22
SIM5
SIM1
SIM2
SIM3
SIM4
1
21
22
SIM5
SIM1
SIM2
SIM3
SIM4
1
21
22
SIM5
SIM1
SIM2
SIM3
SIM4
1
21
22
SIM5
SIM1
SIM2
SIM3
SIM4
1
21
22
SIM5
SIM1
SIM2
SIM3
SIM4
1
21
22
SIM5
SIM1
SIM2
SIM3
SIM4
1
21
22
SIM5
SIM1
SIM2
SIM3
SIM4
1
21
22
SIM5
SIM1
SIM2
SIM3
SIM4
1
21
22
SIM5
SIM1
SIM2
SIM3
SIM4
1
21
22
SIM5
SIM1
SIM2
SIM3
SIM4
1
21
22
SIM5
SIM1
SIM2
SIM3
SIM4
1
21
22
SIM5
SIM1
SIM2
SIM3
SIM4
1
21
22
SIM5
SIM1
SIM2
SIM3
SIM4
1
21
22
SIM5
SIM1
SIM2
SIM3
SIM4
1
21
22
SIM5
SIM1
SIM2
SIM3
SIM4
1
21
22
SIM5
SIM1
SIM2
SIM3
SIM4
1
21
22
SIM5
SIM1
SIM2
SIM3
SIM4
1
21
22
SIM5
SIM1
SIM2
SIM3
SIM4
1
21
22
SIM5
SIM1
SIM2
SIM3
SIM4
1
21
22
SIM5
SIM1
SIM2
SIM3
SIM4
1
21
22
SIM5
SIM1
SIM2
SIM3
SIM4
1
21
22
SIM5
SIM1
SIM2
SIM3
SIM4
1
21
22
SIM5
SIM1
SIM2
SIM3
SIM4
1
21
22
SIM5
SIM1
SIM2
SIM3
SIM4
1
21
22
SIM5
SIM1
SIM2
SIM3
SIM4
1
21
22
SIM5
SIM1
SIM2
SIM3
SIM4
1
21
22
SIM5
SIM1
SIM2
SIM3
SIM4
1
21
22
SIM5
SIM1
SIM2
SIM3
SIM4
1
21
22
SIM5
SIM1
SIM2
SIM3
SIM4
1
21
22
SIM5
SIM1
SIM2
SIM3
SIM4
1
21
22
SIM5
SIM1
SIM2
SIM3
SIM4
1
21
22
SIM5
SIM1
SIM2
SIM3
SIM4
1
21
22
SIM5
SIM1
SIM2
SIM3
SIM4
1
21
22
SIM5
SIM1
SIM2
SIM3
SIM4
1
21
22
SIM5
SIM1
SIM2
SIM3
SIM4
1
21
22
SIM5
SIM1
SIM2
SIM3
SIM4
1
21
22
SIM5
SIM1
SIM2
SIM3
SIM4
1
21
22
SIM5
SIM1
SIM2
SIM3
SIM4
1
21
22
SIM5
SIM1
SIM2
SIM3
SIM4
1
21
22
SIM5
SIM1
SIM2
SIM3
SIM4
1
21
22
SIM5
SIM1
SIM2
SIM3
SIM4
1
21
22
SIM5
SIM1
SIM2
SIM3
SIM4
1
21
22
SIM5
SIM1
SIM2
SIM3
SIM4
1
21
22
SIM5
SIM1
SIM2
SIM3
SIM4
1
21
22
SIM5
SIM1
SIM2
SIM3
SIM4
1
21
22
SIM5
SIM1
SIM2
SIM3
SIM4
1
21
22
SIM5
SIM1
SIM2
SIM3
SIM4
1
21
22
SIM5
SIM1
SIM2
SIM3
SIM4
1
21
22
SIM5
SIM1
SIM2
SIM3
SIM4
1
21
22
SIM5
SIM1
SIM2
SIM3
SIM4
1
21
22
SIM5
SIM1
SIM2
SIM3
SIM4
1
21
22
SIM5
SIM1
SIM2
SIM3
SIM4
1
21
22
SIM5
SIM1
SIM2
SIM3
SIM4
1
21
22
SIM5
SIM1
SIM2
SIM3
SIM4
1
21
22
SIM5
SIM1
SIM2
SIM3
SIM4
1
21
22
SIM5
SIM1
SIM2
SIM3
SIM4
1
21
22
SIM5
SIM1
SIM2
SIM3
SIM4
1
21
22
SIM5
SIM1
SIM2
SIM3
SIM4
1
21
22
SIM5
SIM1
SIM2
SIM3
SIM4
1
21
22
SIM5
SIM1
SIM2
SIM3
SIM4
1
21
22
SIM5
SIM1
SIM2
SIM3
SIM4
1
21
22
SIM5
SIM1
SIM2
SIM3
SIM4
1
21
22
SIM5
SIM1
SIM2
SIM3
SIM4
1
21
22
SIM5
SIM1
SIM2
SIM3
SIM4
1
21
22
SIM5
SIM1
SIM2
SIM3
SIM4
1
21
22
SIM5
SIM1
SIM2
SIM3
SIM4
1
21
22
SIM5
SIM1
SIM2
SIM3
SIM4
1
21
22
SIM5
SIM1
SIM2
SIM3
SIM4
1
21
22
SIM5
SIM1
SIM2
SIM3
SIM4
1
21
22
SIM5
SIM1
SIM2
SIM3
SIM4
1
21
22
SIM5
SIM1
SIM2
SIM3
SIM4
1
21
22
SIM5
SIM1
SIM2
SIM3
SIM4
1
21
22
SIM5
SIM1
SIM2
SIM3
SIM4
1
21
22
SIM5
SIM1
SIM2
SIM3
SIM4
1
21
22
SIM5
SIM1
SIM2
SIM3
SIM4
1
21
22
SIM5
SIM1
SIM2
SIM3
SIM4
1
21
22
SIM5
SIM1
SIM2
SIM3
SIM4
1
21
22
SIM5
SIM1
SIM2
SIM3
SIM4
1
21
22
SIM5
SIM1
SIM2
SIM3
SIM4
1
21
22
SIM5
SIM1
SIM2
SIM3
SIM4
1
21
22
SIM5
SIM1
SIM2
SIM3
SIM4
1
21
22
SIM5
SIM1
SIM2
SIM3
SIM4
1
21
22
SIM5
SIM1
SIM2
SIM3
SIM4
1
21
22
SIM5
SIM1
SIM2
SIM3
SIM4
1
21
22
SIM5
SIM1
SIM2
SIM3
SIM4
1
21
22
SIM5
SIM1
SIM2
SIM3
SIM4
1
21
22
SIM5
SIM1
SIM2
SIM3
SIM4
1
21
22
SIM5
SIM1
SIM2
SIM3
SIM4
1
21
22
SIM5
SIM1
SIM2
SIM3
SIM4
1
21
22
SIM5
SIM1
SIM2
SIM3
SIM4
1
21
22
SIM5
SIM1
SIM2
SIM3
SIM4
1
21
22
SIM5
SIM1
SIM2
SIM3
SIM4
1
21
22
SIM5
SIM1
SIM2
SIM3
SIM4
1
21
22
SIM5
SIM1
SIM2
SIM3
SIM4
1
21
22
SIM5
SIM1
SIM2
SIM3
SIM4
1
21
22
SIM5
SIM1
SIM2
SIM3
SIM4
1
21
22
SIM5
SIM1
SIM2
SIM3
SIM4
1
21
22
SIM5
SIM1
SIM2
DEBUG 1 475
SIM1
SIM2
SIM3
SIM4
1
21
22
SIM5
SIM1
SIM2
SIM3
SIM4
1
21
22
SIM5
SIM1
SIM2
SIM3
SIM4
1
21
22
SIM5
SIM1
SIM2
SIM3
SIM4
1
21
22
SIM5
SIM1
SIM2
SIM3
SIM4
1
21
22
SIM5
SIM1
SIM2
SIM3
SIM4
1
21
22
SIM5
SIM1
SIM2
SIM3
SIM4
1
21
22
SIM5
SIM1
SIM2
SIM3
SIM4
1
21
22
SIM5
SIM1
SIM2
SIM3
SIM4
1
21
22
SIM5
SIM1
SIM2
SIM3
SIM4
1
21
22
SIM5
SIM1
SIM2
SIM3
SIM4
1
21
22
SIM5
SIM1
SIM2
SIM3
SIM4
1
21
22
SIM5
SIM1
SIM2
SIM3
SIM4
1
21
22
SIM5
SIM1
SIM2
SIM3
SIM4
1
21
22
SIM5
SIM1
SIM2
SIM3
SIM4
1
21
22
SIM5
SIM1
SIM2
SIM3
SIM4
1
21
22
SIM5
SIM1
SIM2
SIM3
SIM4
1
21
22
SIM5
SIM1
SIM2
SIM3
SIM4
1
21
22
SIM5
SIM1
SIM2
SIM3
SIM4
1
21
22
SIM5
SIM1
SIM2
SIM3
SIM4
1
21
22
SIM5
SIM1
SIM2
SIM3
SIM4
1
21
22
SIM5
SIM1
SIM2
SIM3
SIM4
1
21
22
SIM5
SIM1
SIM2
SIM3
SIM4
1
21
22
SIM5
SIM1
SIM2
SIM3
SIM4
1
21
22
SIM5
SIM1
SIM2
SIM3
SIM4
1
21
22
SIM5
SIM1
SIM2
SIM3
SIM4
1
21
22
SIM5
SIM1
SIM2
SIM3
SIM4
1
21
22
SIM5
SIM1
SIM2
SIM3
SIM4
1
21
22
SIM5
SIM1
SIM2
SIM3
SIM4
1
21
22
SIM5
SIM1
SIM2
SIM3
SIM4
1
21
22
SIM5
SIM1
SIM2
SIM3
SIM4
1
21
22
SIM5
SIM1
SIM2
SIM3
SIM4
1
21
22
SIM5
SIM1
SIM2
SIM3
SIM4
1
21
22
SIM5
SIM1
SIM2
SIM3
SIM4
1
21
22
SIM5
SIM1
SIM2
SIM3
SIM4
1
21
22
SIM5
SIM1
SIM2
SIM3
SIM4
1
21
22
SIM5
SIM1
SIM2
SIM3
SIM4
1
21
22
SIM5
SIM1
SIM2
SIM3
SIM4
1
21
22
SIM5
SIM1
SIM2
SIM3
SIM4
1
21
22
SIM5
SIM1
SIM2
SIM3
SIM4
1
21
22
SIM5
SIM1
SIM2
SIM3
SIM4
1
21
22
SIM5
SIM1
SIM2
SIM3
SIM4
1
21
22
SIM5
SIM1
SIM2
SIM3
SIM4
1
21
22
SIM5
SIM1
SIM2
SIM3
SIM4
1
21
22
SIM5
SIM1
SIM2
SIM3
SIM4
1
21
22
SIM5
SIM1
SIM2
SIM3
SIM4
1
21
22
SIM5
SIM1
SIM2
SIM3
SIM4
1
21
22
SIM5
SIM1
SIM2
SIM3
SIM4
1
21
22
SIM5
SIM1
SIM2
SIM3
SIM4
1
21
22
SIM5
SIM1
SIM2
SIM3
SIM4
1
21
22
SIM5
SIM1
SIM2
SIM3
SIM4
1
21
22
SIM5
SIM1
SIM2
SIM3
SIM4
1
21
22
SIM5
SIM1
SIM2
SIM3
SIM4
1
21
22
SIM5
SIM1
SIM2
SIM3
SIM4
1
21
22
SIM5
SIM1
SIM2
SIM3
SIM4
1
21
22
SIM5
SIM1
SIM2
SIM3
SIM4
1
21
22
SIM5
SIM1
SIM2
SIM3
SIM4
1
21
22
SIM5
SIM1
SIM2
SIM3
SIM4
1
21
22
SIM5
SIM1
SIM2
SIM3
SIM4
1
21
22
SIM5
SIM1
SIM2
SIM3
SIM4
1
21
22
SIM5
SIM1
SIM2
SIM3
SIM4
1
21
22
SIM5
SIM1
SIM2
SIM3
SIM4
1
21
22
SIM5
SIM1
SIM2
SIM3
SIM4
1
21
22
SIM5
SIM1
SIM2
SIM3
SIM4
1
21
22
SIM5
SIM1
SIM2
SIM3
SIM4
1
21
22
SIM5
SIM1
SIM2
SIM3
SIM4
1
21
22
SIM5
SIM1
SIM2
SIM3
SIM4
1
21
22
SIM5
SIM1
SIM2
SIM3
SIM4
1
21
22
SIM5
SIM1
SIM2
SIM3
SIM4
1
21
22
SIM5
SIM1
SIM2
SIM3
SIM4
1
21
22
SIM5
SIM1
SIM2
SIM3
SIM4
1
21
22
SIM5
SIM1
SIM2
SIM3
SIM4
1
21
22
SIM5
SIM1
SIM2
SIM3
SIM4
1
21
22
SIM5
SIM1
SIM2
SIM3
SIM4
1
21
22
SIM5
SIM1
SIM2
SIM3
SIM4
1
21
22
SIM5
SIM1
SIM2
SIM3
SIM4
1
21
22
SIM5
SIM1
SIM2
SIM3
SIM4
1
21
22
SIM5
SIM1
SIM2
SIM3
SIM4
1
21
22
SIM5
SIM1
SIM2
SIM3
SIM4
1
21
22
SIM5
SIM1
SIM2
SIM3
SIM4
1
21
22
SIM5
SIM1
SIM2
SIM3
SIM4
1
21
22
SIM5
SIM1
SIM2
SIM3
SIM4
1
21
22
SIM5
SIM1
SIM2
SIM3
SIM4
1
21
22
SIM5
SIM1
SIM2
SIM3
SIM4
1
21
22
SIM5
SIM1
SIM2
SIM3
SIM4
1
21
22
SIM5
SIM1
SIM2
SIM3
SIM4
1
21
22
SIM5
SIM1
SIM2
SIM3
SIM4
1
21
22
SIM5
SIM1
SIM2
SIM3
SIM4
1
21
22
SIM5
SIM1
SIM2
SIM3
SIM4
1
21
22
SIM5
SIM1
SIM2
SIM3
SIM4
1
21
22
SIM5
SIM1
SIM2
DEBUG 1 476
SIM1
SIM2
SIM3
SIM4
1
21
22
SIM5
SIM1
SIM2
SIM3
SIM4
1
21
22
SIM5
SIM1
SIM2
SIM3
SIM4
1
21
22
SIM5
SIM1
SIM2
SIM3
SIM4
1
21
22
SIM5
SIM1
SIM2
SIM3
SIM4
1
21
22
SIM5
SIM1
SIM2
SIM3
SIM4
1
21
22
SIM5
SIM1
SIM2
SIM3
SIM4
1
21
22
SIM5
SIM1
SIM2
SIM3
SIM4
1
21
22
SIM5
SIM1
SIM2
SIM3
SIM4
1
21
22
SIM5
SIM1
SIM2
SIM3
SIM4
1
21
22
SIM5
SIM1
SIM2
SIM3
SIM4
1
21
22
SIM5
SIM1
SIM2
SIM3
SIM4
1
21
22
SIM5
SIM1
SIM2
SIM3
SIM4
1
21
22
SIM5
SIM1
SIM2
SIM3
SIM4
1
21
22
SIM5
SIM1
SIM2
SIM3
SIM4
1
21
22
SIM5
SIM1
SIM2
SIM3
SIM4
1
21
22
SIM5
SIM1
SIM2
SIM3
SIM4
1
21
22
SIM5
SIM1
SIM2
SIM3
SIM4
1
21
22
SIM5
SIM1
SIM2
SIM3
SIM4
1
21
22
SIM5
SIM1
SIM2
SIM3
SIM4
1
21
22
SIM5
SIM1
SIM2
SIM3
SIM4
1
21
22
SIM5
SIM1
SIM2
SIM3
SIM4
1
21
22
SIM5
SIM1
SIM2
SIM3
SIM4
1
21
22
SIM5
SIM1
SIM2
SIM3
SIM4
1
21
22
SIM5
SIM1
SIM2
SIM3
SIM4
1
21
22
SIM5
SIM1
SIM2
SIM3
SIM4
1
21
22
SIM5
SIM1
SIM2
SIM3
SIM4
1
21
22
SIM5
SIM1
SIM2
SIM3
SIM4
1
21
22
SIM5
SIM1
SIM2
SIM3
SIM4
1
21
22
SIM5
SIM1
SIM2
SIM3
SIM4
1
21
22
SIM5
SIM1
SIM2
SIM3
SIM4
1
21
22
SIM5
SIM1
SIM2
SIM3
SIM4
1
21
22
SIM5
SIM1
SIM2
SIM3
SIM4
1
21
22
SIM5
SIM1
SIM2
SIM3
SIM4
1
21
22
SIM5
SIM1
SIM2
SIM3
SIM4
1
21
22
SIM5
SIM1
SIM2
SIM3
SIM4
1
21
22
SIM5
SIM1
SIM2
SIM3
SIM4
1
21
22
SIM5
SIM1
SIM2
SIM3
SIM4
1
21
22
SIM5
SIM1
SIM2
SIM3
SIM4
1
21
22
SIM5
SIM1
SIM2
SIM3
SIM4
1
21
22
SIM5
SIM1
SIM2
SIM3
SIM4
1
21
22
SIM5
SIM1
SIM2
SIM3
SIM4
1
21
22
SIM5
SIM1
SIM2
SIM3
SIM4
1
21
22
SIM5
SIM1
SIM2
SIM3
SIM4
1
21
22
SIM5
SIM1
SIM2
SIM3
SIM4
1
21
22
SIM5
SIM1
SIM2
SIM3
SIM4
1
21
22
SIM5
SIM1
SIM2
SIM3
SIM4
1
21
22
SIM5
SIM1
SIM2
SIM3
SIM4
1
21
22
SIM5
SIM1
SIM2
SIM3
SIM4
1
21
22
SIM5
SIM1
SIM2
SIM3
SIM4
1
21
22
SIM5
SIM1
SIM2
SIM3
SIM4
1
21
22
SIM5
SIM1
SIM2
SIM3
SIM4
1
21
22
SIM5
SIM1
SIM2
SIM3
SIM4
1
21
22
SIM5
SIM1
SIM2
SIM3
SIM4
1
21
22
SIM5
SIM1
SIM2
SIM3
SIM4
1
21
22
SIM5
SIM1
SIM2
SIM3
SIM4
1
21
22
SIM5
SIM1
SIM2
SIM3
SIM4
1
21
22
SIM5
SIM1
SIM2
SIM3
SIM4
1
21
22
SIM5
SIM1
SIM2
SIM3
SIM4
1
21
22
SIM5
SIM1
SIM2
SIM3
SIM4
1
21
22
SIM5
SIM1
SIM2
SIM3
SIM4
1
21
22
SIM5
SIM1
SIM2
SIM3
SIM4
1
21
22
SIM5
SIM1
SIM2
SIM3
SIM4
1
21
22
SIM5
SIM1
SIM2
SIM3
SIM4
1
21
22
SIM5
SIM1
SIM2
SIM3
SIM4
1
21
22
SIM5
SIM1
SIM2
SIM3
SIM4
1
21
22
SIM5
SIM1
SIM2
SIM3
SIM4
1
21
22
SIM5
SIM1
SIM2
SIM3
SIM4
1
21
22
SIM5
SIM1
SIM2
SIM3
SIM4
1
21
22
SIM5
SIM1
SIM2
SIM3
SIM4
1
21
22
SIM5
SIM1
SIM2
SIM3
SIM4
1
21
22
SIM5
SIM1
SIM2
SIM3
SIM4
1
21
22
SIM5
SIM1
SIM2
SIM3
SIM4
1
21
22
SIM5
SIM1
SIM2
SIM3
SIM4
1
21
22
SIM5
SIM1
SIM2
SIM3
SIM4
1
21
22
SIM5
SIM1
SIM2
SIM3
SIM4
1
21
22
SIM5
SIM1
SIM2
SIM3
SIM4
1
21
22
SIM5
SIM1
SIM2
SIM3
SIM4
1
21
22
SIM5
SIM1
SIM2
SIM3
SIM4
1
21
22
SIM5
SIM1
SIM2
SIM3
SIM4
1
21
22
SIM5
SIM1
SIM2
SIM3
SIM4
1
21
22
SIM5
SIM1
SIM2
SIM3
SIM4
1
21
22
SIM5
SIM1
SIM2
SIM3
SIM4
1
21
22
SIM5
SIM1
SIM2
SIM3
SIM4
1
21
22
SIM5
SIM1
SIM2
SIM3
SIM4
1
21
22
SIM5
SIM1
SIM2
SIM3
SIM4
1
21
22
SIM5
SIM1
SIM2
SIM3
SIM4
1
21
22
SIM5
SIM1
SIM2
SIM3
SIM4
1
21
22
SIM5
SIM1
SIM2
SIM3
SIM4
1
21
22
SIM5
SIM1
SIM2
SIM3
SIM4
1
21
22
SIM5
SIM1
SIM2
SIM3
SIM4
1
21
22
SIM5
SIM1
SIM2
SIM3
SIM4
1
21
22
SIM5
SIM1
SIM2
SIM3
SIM4
1
21
22
SIM5
SIM1
SIM2
SIM3
SIM4
1
21
22
SIM5
SIM1
SIM2
SIM3
SIM4
1
21
22
SIM5
SIM1
SIM2
SIM3
SIM4
1
21
22
SIM5
SIM1
SIM2
SIM3
SIM4
1
21
22
SIM5
SIM1
SIM2
SIM3
SIM4
1
21
22
SIM5
SIM1
SIM2
SIM3
SIM4
1
21
22
SIM5
SIM1
SIM2
SIM3
SIM4
1
21
22
SIM5
SIM1
SIM2
SIM3
SIM4
1
21
22
SIM5
SIM1
SIM2
SIM3
SIM4
1
21
22
SIM5
SIM1
SIM2
SIM3
SIM4
1
21
22
SIM5
SIM1
SIM2
DEBUG 1 477
SIM1
SIM2
SIM3
SIM4
1
21
22
SIM5
SIM1
SIM2
SIM3
SIM4
1
21
22
SIM5
SIM1
SIM2
SIM3
SIM4
1
21
22
SIM5
SIM1
SIM2
SIM3
SIM4
1
21
22
SIM5
SIM1
SIM2
SIM3
SIM4
1
21
22
SIM5
SIM1
SIM2
SIM3
SIM4
1
21
22
SIM5
SIM1
SIM2
SIM3
SIM4
1
21
22
SIM5
SIM1
SIM2
SIM3
SIM4
1
21
22
SIM5
SIM1
SIM2
SIM3
SIM4
1
21
22
SIM5
SIM1
SIM2
SIM3
SIM4
1
21
22
SIM5
SIM1
SIM2
SIM3
SIM4
1
21
22
SIM5
SIM1
SIM2
SIM3
SIM4
1
21
22
SIM5
SIM1
SIM2
SIM3
SIM4
1
21
22
SIM5
SIM1
SIM2
SIM3
SIM4
1
21
22
SIM5
SIM1
SIM2
SIM3
SIM4
1
21
22
SIM5
SIM1
SIM2
SIM3
SIM4
1
21
22
SIM5
SIM1
SIM2
SIM3
SIM4
1
21
22
SIM5
SIM1
SIM2
SIM3
SIM4
1
21
22
SIM5
SIM1
SIM2
SIM3
SIM4
1
21
22
SIM5
SIM1
SIM2
SIM3
SIM4
1
21
22
SIM5
SIM1
SIM2
SIM3
SIM4
1
21
22
SIM5
SIM1
SIM2
SIM3
SIM4
1
21
22
SIM5
SIM1
SIM2
SIM3
SIM4
1
21
22
SIM5
SIM1
SIM2
SIM3
SIM4
1
21
22
SIM5
SIM1
SIM2
SIM3
SIM4
1
21
22
SIM5
SIM1
SIM2
SIM3
SIM4
1
21
22
SIM5
SIM1
SIM2
SIM3
SIM4
1
21
22
SIM5
SIM1
SIM2
SIM3
SIM4
1
21
22
SIM5
SIM1
SIM2
SIM3
SIM4
1
21
22
SIM5
SIM1
SIM2
SIM3
SIM4
1
21
22
SIM5
SIM1
SIM2
SIM3
SIM4
1
21
22
SIM5
SIM1
SIM2
SIM3
SIM4
1
21
22
SIM5
SIM1
SIM2
SIM3
SIM4
1
21
22
SIM5
SIM1
SIM2
SIM3
SIM4
1
21
22
SIM5
SIM1
SIM2
SIM3
SIM4
1
21
22
SIM5
SIM1
SIM2
SIM3
SIM4
1
21
22
SIM5
SIM1
SIM2
SIM3
SIM4
1
21
22
SIM5
SIM1
SIM2
SIM3
SIM4
1
21
22
SIM5
SIM1
SIM2
SIM3
SIM4
1
21
22
SIM5
SIM1
SIM2
SIM3
SIM4
1
21
22
SIM5
SIM1
SIM2
SIM3
SIM4
1
21
22
SIM5
SIM1
SIM2
SIM3
SIM4
1
21
22
SIM5
SIM1
SIM2
SIM3
SIM4
1
21
22
SIM5
SIM1
SIM2
SIM3
SIM4
1
21
22
SIM5
SIM1
SIM2
SIM3
SIM4
1
21
22
SIM5
SIM1
SIM2
SIM3
SIM4
1
21
22
SIM5
SIM1
SIM2
SIM3
SIM4
1
21
22
SIM5
SIM1
SIM2
SIM3
SIM4
1
21
22
SIM5
SIM1
SIM2
SIM3
SIM4
1
21
22
SIM5
SIM1
SIM2
SIM3
SIM4
1
21
22
SIM5
SIM1
SIM2
SIM3
SIM4
1
21
22
SIM5
SIM1
SIM2
SIM3
SIM4
1
21
22
SIM5
SIM1
SIM2
SIM3
SIM4
1
21
22
SIM5
SIM1
SIM2
SIM3
SIM4
1
21
22
SIM5
SIM1
SIM2
SIM3
SIM4
1
21
22
SIM5
SIM1
SIM2
SIM3
SIM4
1
21
22
SIM5
SIM1
SIM2
SIM3
SIM4
1
21
22
SIM5
SIM1
SIM2
SIM3
SIM4
1
21
22
SIM5
SIM1
SIM2
SIM3
SIM4
1
21
22
SIM5
SIM1
SIM2
SIM3
SIM4
1
21
22
SIM5
SIM1
SIM2
SIM3
SIM4
1
21
22
SIM5
SIM1
SIM2
SIM3
SIM4
1
21
22
SIM5
SIM1
SIM2
SIM3
SIM4
1
21
22
SIM5
SIM1
SIM2
SIM3
SIM4
1
21
22
SIM5
SIM1
SIM2
SIM3
SIM4
1
21
22
SIM5
SIM1
SIM2
SIM3
SIM4
1
21
22
SIM5
SIM1
SIM2
SIM3
SIM4
1
21
22
SIM5
SIM1
SIM2
SIM3
SIM4
1
21
22
SIM5
SIM1
SIM2
SIM3
SIM4
1
21
22
SIM5
SIM1
SIM2
SIM3
SIM4
1
21
22
SIM5
SIM1
SIM2
SIM3
SIM4
1
21
22
SIM5
SIM1
SIM2
SIM3
SIM4
1
21
22
SIM5
SIM1
SIM2
SIM3
SIM4
1
21
22
SIM5
SIM1
SIM2
SIM3
SIM4
1
21
22
SIM5
SIM1
SIM2
SIM3
SIM4
1
21
22
SIM5
SIM1
SIM2
SIM3
SIM4
1
21
22
SIM5
SIM1
SIM2
SIM3
SIM4
1
21
22
SIM5
SIM1
SIM2
SIM3
SIM4
1
21
22
SIM5
SIM1
SIM2
SIM3
SIM4
1
21
22
SIM5
SIM1
SIM2
SIM3
SIM4
1
21
22
SIM5
SIM1
SIM2
SIM3
SIM4
1
21
22
SIM5
SIM1
SIM2
SIM3
SIM4
1
21
22
SIM5
SIM1
SIM2
SIM3
SIM4
1
21
22
SIM5
SIM1
SIM2
SIM3
SIM4
1
21
22
SIM5
SIM1
SIM2
SIM3
SIM4
1
21
22
SIM5
SIM1
SIM2
SIM3
SIM4
1
21
22
SIM5
SIM1
SIM2
SIM3
SIM4
1
21
22
SIM5
SIM1
SIM2
SIM3
SIM4
1
21
22
SIM5
SIM1
SIM2
SIM3
SIM4
1
21
22
SIM5
SIM1
SIM2
SIM3
SIM4
1
21
22
SIM5
SIM1
SIM2
SIM3
SIM4
1
21
22
SIM5
SIM1
SIM2
SIM3
SIM4
1
21
22
SIM5
SIM1
SIM2
SIM3
SIM4
1
21
22
SIM5
SIM1
SIM2
SIM3
SIM4
1
21
22
SIM5
SIM1
SIM2
SIM3
SIM4
1
21
22
SIM5
SIM1
SIM2
SIM3
SIM4
1
21
22
SIM5
SIM1
SIM2
SIM3
SIM4
1
21
22
SIM5
SIM1
SIM2
SIM3
SIM4
1
21
22
SIM5
SIM1
SIM2
SIM3
SIM4
1
21
22
SIM5
SIM1
SIM2
SIM3
SIM4
1
21
22
SIM5
SIM1
SIM2
SIM3
SIM4
1
21
22
SIM5
SIM1
SIM2
SIM3
SIM4
1
21
22
SIM5
SIM1
SIM2
SIM3
SIM4
1
21
22
SIM5
SIM1
SIM2
SIM3
SIM4
1
21
22
SIM5
SIM1
SIM2
SIM3
SIM4
1
21
22
SIM5
SIM1
SIM2
SIM3
SIM4
1
21
22
SIM5
SIM1
SIM2
SIM3
SIM4
1
21
22
SIM5
SIM1
SIM2
SIM3
SIM4
1
21
22
SIM5
SIM1
SIM2
SIM3
SIM4
1
21
22
SIM5
SIM1
SIM2
SIM3
SIM4
1
21
22
SIM5
SIM1
SIM2
SIM3
SIM4
1
21
22
SIM5
SIM1
SIM2
SIM3
SIM4
1
21
22
SIM5
SIM1
SIM2
SIM3
SIM4
1
21
22
SIM5
SIM1
SIM2
SIM3
SIM4
1
21
22
SIM5
SIM1
SIM2
SIM3
SIM4
1
21
22
SIM5
SIM1
SIM2
SIM3
SIM4
1
21
22
SIM5
SIM1
SIM2
SIM3
SIM4
1
21
22
SIM5
SIM1
SIM2
SIM3
SIM4
1
21
22
SIM5
SIM1
SIM2
SIM3
SIM4
1
21
22
SIM5
SIM1
SIM2
SIM3
SIM4
1
21
22
SIM5
SIM1
SIM2
SIM3
SIM4
1
21
22
SIM5
SIM1
SIM2
SIM3
SIM4
1
21
22
SIM5
SIM1
SIM2
SIM3
SIM4
1
21
22
SIM5
SIM1
SIM2
SIM3
SIM4
1
21
22
SIM5
SIM1
SIM2
SIM3
SIM4
1
21
22
SIM5
SIM1
SIM2
SIM3
SIM4
1
21
22
SIM5
SIM1
SIM2
SIM3
SIM4
1
21
22
SIM5
SIM1
SIM2
SIM3
SIM4
1
21
22
SIM5
SIM1
SIM2
SIM3
SIM4
1
21
22
SIM5
SIM1
SIM2
SIM3
SIM4
1
21
22
SIM5
SIM1
SIM2
SIM3
SIM4
1
21
22
SIM5
SIM1
SIM2
SIM3
SIM4
1
21
22
SIM5
SIM1
SIM2
SIM3
SIM4
1
21
22
SIM5
SIM1
SIM2
SIM3
SIM4
1
21
22
SIM5
SIM1
SIM2
SIM3
SIM4
1
21
22
SIM5
SIM1
SIM2
SIM3
SIM4
1
21
22
SIM5
SIM1
SIM2
SIM3
SIM4
1
21
22
SIM5
SIM1
SIM2
SIM3
SIM4
1
21
22
SIM5
SIM1
SIM2
SIM3
SIM4
1
21
22
SIM5
SIM1
SIM2
SIM3
SIM4
1
21
22
SIM5
SIM1
SIM2
SIM3
SIM4
1
21
22
SIM5
SIM1
SIM2
SIM3
SIM4
1
21
22
SIM5
SIM1
SIM2
SIM3
SIM4
1
21
22
SIM5
SIM1
SIM2
SIM3
SIM4
1
21
22
SIM5
SIM1
SIM2
SIM3
SIM4
1
21
22
SIM5
SIM1
SIM2
SIM3
SIM4
1
21
22
SIM5
SIM1
SIM2
SIM3
SIM4
1
21
22
SIM5
SIM1
SIM2
SIM3
SIM4
1
21
22
SIM5
SIM1
SIM2
SIM3
SIM4
1
21
22
SIM5
SIM1
SIM2
SIM3
SIM4
1
21
22
SIM5
SIM1
SIM2
SIM3
SIM4
1
21
22
SIM5
SIM1
SIM2
SIM3
SIM4
1
21
22
SIM5
SIM1
SIM2
SIM3
SIM4
1
21
22
SIM5
SIM1
SIM2
SIM3
SIM4
1
21
22
SIM5
SIM1
SIM2
SIM3
SIM4
1
21
22
SIM5
SIM1
SIM2
SIM3
SIM4
1
21
22
SIM5
SIM1
SIM2
SIM3
SIM4
1
21
22
SIM5
SIM1
SIM2
SIM3
SIM4
1
21
22
SIM5
SIM1
SIM2
SIM3
SIM4
1
21
22
SIM5
SIM1
SIM2
SIM3
SIM4
1
21
22
SIM5
SIM1
SIM2
SIM3
SIM4
1
21
22
SIM5
SIM1
SIM2
SIM3
SIM4
1
21
22
SIM5
SIM1
SIM2
SIM3
SIM4
1
21
22
SIM5
SIM1
SIM2
SIM3
SIM4
1
21
22
SIM5
SIM1
SIM2
SIM3
SIM4
1
21
22
SIM5
SIM1
SIM2
SIM3
SIM4
1
21
22
SIM5
SIM1
SIM2
SIM3
SIM4
1
21
22
SIM5
SIM1
SIM2
SIM3
SIM4
1
21
22
SIM5
SIM1
SIM2
SIM3
SIM4
1
21
22
SIM5
SIM1
SIM2
SIM3
SIM4
1
21
22
SIM5
SIM1
SIM2
SIM3
SIM4
1
21
22
SIM5
SIM1
SIM2
SIM3
SIM4
1
21
22
SIM5
SIM1
SIM2
SIM3
SIM4
1
21
22
SIM5
SIM1
SIM2
SIM3
SIM4
1
21
22
SIM5
SIM1
SIM2
SIM3
SIM4
1
21
22
SIM5
SIM1
SIM2
SIM3
SIM4
1
21
22
SIM5
SIM1
SIM2
SIM3
SIM4
1
21
22
SIM5
SIM1
SIM2
SIM3
SIM4
1
21
22
SIM5
SIM1
SIM2
SIM3
SIM4
1
21
22
SIM5
SIM1
SIM2
SIM3
SIM4
1
21
22
SIM5
SIM1
SIM2
SIM3
SIM4
1
21
22
SIM5
SIM1
SIM2
SIM3
SIM4
1
21
22
SIM5
SIM1
SIM2
SIM3
SIM4
1
21
22
SIM5
SIM1
SIM2
SIM3
SIM4
1
21
22
SIM5
SIM1
SIM2
SIM3
SIM4
1
21
22
SIM5
SIM1
SIM2
SIM3
SIM4
1
21
22
SIM5
SIM1
SIM2
SIM3
SIM4
1
21
22
SIM5
SIM1
SIM2
SIM3
SIM4
1
21
22
SIM5
SIM1
SIM2
SIM3
SIM4
1
21
22
SIM5
SIM1
SIM2
SIM3
SIM4
1
21
22
SIM5
SIM1
SIM2
SIM3
SIM4
1
21
22
SIM5
SIM1
SIM2
SIM3
SIM4
1
21
22
SIM5
SIM1
SIM2
SIM3
SIM4
1
21
22
SIM5
SIM1
SIM2
SIM3
SIM4
1
21
22
SIM5
SIM1
SIM2
SIM3
SIM4
1
21
22
SIM5
SIM1
SIM2
SIM3
SIM4
1
21
22
SIM5
SIM1
SIM2
SIM3
SIM4
1
21
22
SIM5
SIM1
SIM2
SIM3
SIM4
1
21
22
SIM5
SIM1
SIM2
SIM3
SIM4
1
21
22
SIM5
SIM1
SIM2
SIM3
SIM4
1
21
22
SIM5
SIM1
SIM2
SIM3
SIM4
1
21
22
SIM5
SIM1
SIM2
SIM3
SIM4
1
21
22
SIM5
SIM1
SIM2
SIM3
SIM4
1
21
22
SIM5
SIM1
SIM2
SIM3
SIM4
1
21
22
SIM5
SIM1
SIM2
SIM3
SIM4
1
21
22
SIM5
SIM1
SIM2
SIM3
SIM4
1
21
22
SIM5
SIM1
SIM2
SIM3
SIM4
1
21
22
SIM5
SIM1
SIM2
SIM3
SIM4
1
21
22
SIM5
SIM1
SIM2
SIM3
SIM4
1
21
22
SIM5
SIM1
SIM2
SIM3
SIM4
1
21
22
SIM5
SIM1
SIM2
SIM3
SIM4
1
21
22
SIM5
SIM1
SIM2
SIM3
SIM4
1
21
22
SIM5
SIM1
SIM2
SIM3
SIM4
1
21
22
SIM5
SIM1
SIM2
SIM3
SIM4
1
21
22
SIM5
SIM1
SIM2
SIM3
SIM4
1
21
22
SIM5
SIM1
SIM2
SIM3
SIM4
1
21
22
SIM5
SIM1
SIM2
SIM3
SIM4
1
21
22
SIM5
SIM1
SIM2
SIM3
SIM4
1
21
22
SIM5
SIM1
SIM2
SIM3
SIM4
1
21
22
SIM5
SIM1
SIM2
SIM3
SIM4
1
21
22
SIM5
SIM1
SIM2
SIM3
SIM4
1
21
22
SIM5
SIM1
SIM2
SIM3
SIM4
1
21
22
SIM5
SIM1
SIM2
SIM3
SIM4
1
21
22
SIM5
SIM1
SIM2
DEBUG 1 478
SIM1
SIM2
SIM3
SIM4
1
21
22
SIM5
SIM1
SIM2
SIM3
SIM4
1
21
22
SIM5
SIM1
SIM2
SIM3
SIM4
1
21
22
SIM5
SIM1
SIM2
SIM3
SIM4
1
21
22
SIM5
SIM1
SIM2
SIM3
SIM4
1
21
22
SIM5
SIM1
SIM2
SIM3
SIM4
1
21
22
SIM5
SIM1
SIM2
SIM3
SIM4
1
21
22
SIM5
SIM1
SIM2
SIM3
SIM4
1
21
22
SIM5
SIM1
SIM2
SIM3
SIM4
1
21
22
SIM5
SIM1
SIM2
SIM3
SIM4
1
21
22
SIM5
SIM1
SIM2
SIM3
SIM4
1
21
22
SIM5
SIM1
SIM2
SIM3
SIM4
1
21
22
SIM5
SIM1
SIM2
SIM3
SIM4
1
21
22
SIM5
SIM1
SIM2
SIM3
SIM4
1
21
22
SIM5
SIM1
SIM2
SIM3
SIM4
1
21
22
SIM5
SIM1
SIM2
SIM3
SIM4
1
21
22
SIM5
SIM1
SIM2
SIM3
SIM4
1
21
22
SIM5
SIM1
SIM2
SIM3
SIM4
1
21
22
SIM5
SIM1
SIM2
SIM3
SIM4
1
21
22
SIM5
SIM1
SIM2
SIM3
SIM4
1
21
22
SIM5
SIM1
SIM2
SIM3
SIM4
1
21
22
SIM5
SIM1
SIM2
SIM3
SIM4
1
21
22
SIM5
SIM1
SIM2
SIM3
SIM4
1
21
22
SIM5
SIM1
SIM2
SIM3
SIM4
1
21
22
SIM5
SIM1
SIM2
SIM3
SIM4
1
21
22
SIM5
SIM1
SIM2
SIM3
SIM4
1
21
22
SIM5
SIM1
SIM2
SIM3
SIM4
1
21
22
SIM5
SIM1
SIM2
SIM3
SIM4
1
21
22
SIM5
SIM1
SIM2
SIM3
SIM4
1
21
22
SIM5
SIM1
SIM2
SIM3
SIM4
1
21
22
SIM5
SIM1
SIM2
SIM3
SIM4
1
21
22
SIM5
SIM1
SIM2
SIM3
SIM4
1
21
22
SIM5
SIM1
SIM2
SIM3
SIM4
1
21
22
SIM5
SIM1
SIM2
SIM3
SIM4
1
21
22
SIM5
SIM1
SIM2
SIM3
SIM4
1
21
22
SIM5
SIM1
SIM2
SIM3
SIM4
1
21
22
SIM5
SIM1
SIM2
SIM3
SIM4
1
21
22
SIM5
SIM1
SIM2
SIM3
SIM4
1
21
22
SIM5
SIM1
SIM2
SIM3
SIM4
1
21
22
SIM5
SIM1
SIM2
SIM3
SIM4
1
21
22
SIM5
SIM1
SIM2
SIM3
SIM4
1
21
22
SIM5
SIM1
SIM2
SIM3
SIM4
1
21
22
SIM5
SIM1
SIM2
SIM3
SIM4
1
21
22
SIM5
SIM1
SIM2
SIM3
SIM4
1
21
22
SIM5
SIM1
SIM2
SIM3
SIM4
1
21
22
SIM5
SIM1
SIM2
SIM3
SIM4
1
21
22
SIM5
SIM1
SIM2
SIM3
SIM4
1
21
22
SIM5
SIM1
SIM2
SIM3
SIM4
1
21
22
SIM5
SIM1
SIM2
SIM3
SIM4
1
21
22
SIM5
SIM1
SIM2
SIM3
SIM4
1
21
22
SIM5
SIM1
SIM2
SIM3
SIM4
1
21
22
SIM5
SIM1
SIM2
SIM3
SIM4
1
21
22
SIM5
SIM1
SIM2
SIM3
SIM4
1
21
22
SIM5
SIM1
SIM2
SIM3
SIM4
1
21
22
SIM5
SIM1
SIM2
SIM3
SIM4
1
21
22
SIM5
SIM1
SIM2
SIM3
SIM4
1
21
22
SIM5
SIM1
SIM2
SIM3
SIM4
1
21
22
SIM5
SIM1
SIM2
SIM3
SIM4
1
21
22
SIM5
SIM1
SIM2
SIM3
SIM4
1
21
22
SIM5
SIM1
SIM2
SIM3
SIM4
1
21
22
SIM5
SIM1
SIM2
SIM3
SIM4
1
21
22
SIM5
SIM1
SIM2
SIM3
SIM4
1
21
22
SIM5
SIM1
SIM2
SIM3
SIM4
1
21
22
SIM5
SIM1
SIM2
SIM3
SIM4
1
21
22
SIM5
SIM1
SIM2
SIM3
SIM4
1
21
22
SIM5
SIM1
SIM2
SIM3
SIM4
1
21
22
SIM5
SIM1
SIM2
SIM3
SIM4
1
21
22
SIM5
SIM1
SIM2
SIM3
SIM4
1
21
22
SIM5
SIM1
SIM2
SIM3
SIM4
1
21
22
SIM5
SIM1
SIM2
SIM3
SIM4
1
21
22
SIM5
SIM1
SIM2
SIM3
SIM4
1
21
22
SIM5
SIM1
SIM2
SIM3
SIM4
1
21
22
SIM5
SIM1
SIM2
SIM3
SIM4
1
21
22
SIM5
SIM1
SIM2
SIM3
SIM4
1
21
22
SIM5
SIM1
SIM2
SIM3
SIM4
1
21
22
SIM5
SIM1
SIM2
SIM3
SIM4
1
21
22
SIM5
SIM1
SIM2
SIM3
SIM4
1
21
22
SIM5
SIM1
SIM2
SIM3
SIM4
1
21
22
SIM5
SIM1
SIM2
SIM3
SIM4
1
21
22
SIM5
SIM1
SIM2
SIM3
SIM4
1
21
22
SIM5
SIM1
SIM2
SIM3
SIM4
1
21
22
SIM5
SIM1
SIM2
SIM3
SIM4
1
21
22
SIM5
SIM1
SIM2
SIM3
SIM4
1
21
22
SIM5
SIM1
SIM2
SIM3
SIM4
1
21
22
SIM5
SIM1
SIM2
SIM3
SIM4
1
21
22
SIM5
SIM1
SIM2
SIM3
SIM4
1
21
22
SIM5
SIM1
SIM2
SIM3
SIM4
1
21
22
SIM5
SIM1
SIM2
SIM3
SIM4
1
21
22
SIM5
SIM1
SIM2
SIM3
SIM4
1
21
22
SIM5
SIM1
SIM2
SIM3
SIM4
1
21
22
SIM5
SIM1
SIM2
SIM3
SIM4
1
21
22
SIM5
SIM1
SIM2
SIM3
SIM4
1
21
22
SIM5
SIM1
SIM2
SIM3
SIM4
1
21
22
SIM5
SIM1
SIM2
SIM3
SIM4
1
21
22
SIM5
SIM1
SIM2
SIM3
SIM4
1
21
22
SIM5
SIM1
SIM2
SIM3
SIM4
1
21
22
SIM5
SIM1
SIM2
SIM3
SIM4
1
21
22
SIM5
SIM1
SIM2
SIM3
SIM4
1
21
22
SIM5
SIM1
SIM2
SIM3
SIM4
1
21
22
SIM5
SIM1
SIM2
SIM3
SIM4
1
21
22
SIM5
SIM1
SIM2
SIM3
SIM4
1
21
22
SIM5
SIM1
SIM2
SIM3
SIM4
1
21
22
SIM5
SIM1
SIM2
SIM3
SIM4
1
21
22
SIM5
SIM1
SIM2
SIM3
SIM4
1
21
22
SIM5
SIM1
SIM2
SIM3
SIM4
1
21
22
SIM5
SIM1
SIM2
SIM3
SIM4
1
21
22
SIM5
SIM1
SIM2
SIM3
SIM4
1
21
22
SIM5
SIM1
SIM2
SIM3
SIM4
1
21
22
SIM5
SIM1
SIM2
SIM3
SIM4
1
21
22
SIM5
SIM1
SIM2
SIM3
SIM4
1
21
22
SIM5
SIM1
SIM2
SIM3
SIM4
1
21
22
SIM5
SIM1
SIM2
SIM3
SIM4
1
21
22
SIM5
SIM1
SIM2
SIM3
SIM4
1
21
22
SIM5
SIM1
SIM2
SIM3
SIM4
1
21
22
SIM5
SIM1
SIM2
SIM3
SIM4
1
21
22
SIM5
SIM1
SIM2
SIM3
SIM4
1
21
22
SIM5
SIM1
SIM2
SIM3
SIM4
1
21
22
SIM5
SIM1
SIM2
SIM3
SIM4
1
21
22
SIM5
SIM1
SIM2
SIM3
SIM4
1
21
22
SIM5
SIM1
SIM2
SIM3
SIM4
1
21
22
SIM5
SIM1
SIM2
SIM3
SIM4
1
21
22
SIM5
SIM1
SIM2
SIM3
SIM4
1
21
22
SIM5
SIM1
SIM2
SIM3
SIM4
1
21
22
SIM5
SIM1
SIM2
SIM3
SIM4
1
21
22
SIM5
SIM1
SIM2
SIM3
SIM4
1
21
22
SIM5
SIM1
SIM2
SIM3
SIM4
1
21
22
SIM5
SIM1
SIM2
SIM3
SIM4
1
21
22
SIM5
SIM1
SIM2
SIM3
SIM4
1
21
22
SIM5
SIM1
SIM2
SIM3
SIM4
1
21
22
SIM5
SIM1
SIM2
SIM3
SIM4
1
21
22
SIM5
SIM1
SIM2
SIM3
SIM4
1
21
22
SIM5
SIM1
SIM2
SIM3
SIM4
1
21
22
SIM5
SIM1
SIM2
SIM3
SIM4
1
21
22
SIM5
SIM1
SIM2
SIM3
SIM4
1
21
22
SIM5
SIM1
SIM2
SIM3
SIM4
1
21
22
SIM5
SIM1
SIM2
SIM3
SIM4
1
21
22
SIM5
SIM1
SIM2
SIM3
SIM4
1
21
22
SIM5
SIM1
SIM2
SIM3
SIM4
1
21
22
SIM5
SIM1
SIM2
SIM3
SIM4
1
21
22
SIM5
SIM1
SIM2
SIM3
SIM4
1
21
22
SIM5
SIM1
SIM2
SIM3
SIM4
1
21
22
SIM5
SIM1
SIM2
SIM3
SIM4
1
21
22
SIM5
SIM1
SIM2
SIM3
SIM4
1
21
22
SIM5
SIM1
SIM2
SIM3
SIM4
1
21
22
SIM5
SIM1
SIM2
SIM3
SIM4
1
21
22
SIM5
SIM1
SIM2
SIM3
SIM4
1
21
22
SIM5
SIM1
SIM2
SIM3
SIM4
1
21
22
SIM5
SIM1
SIM2
SIM3
SIM4
1
21
22
SIM5
SIM1
SIM2
SIM3
SIM4
1
21
22
SIM5
SIM1
SIM2
SIM3
SIM4
1
21
22
SIM5
SIM1
SIM2
SIM3
SIM4
1
21
22
SIM5
SIM1
SIM2
SIM3
SIM4
1
21
22
SIM5
SIM1
SIM2
SIM3
SIM4
1
21
22
SIM5
SIM1
SIM2
SIM3
SIM4
1
21
22
SIM5
SIM1
SIM2
SIM3
SIM4
1
21
22
SIM5
SIM1
SIM2
SIM3
SIM4
1
21
22
SIM5
SIM1
SIM2
SIM3
SIM4
1
21
22
SIM5
SIM1
SIM2
SIM3
SIM4
1
21
22
SIM5
SIM1
SIM2
SIM3
SIM4
1
21
22
SIM5
SIM1
SIM2
SIM3
SIM4
1
21
22
SIM5
SIM1
SIM2
SIM3
SIM4
1
21
22
SIM5
SIM1
SIM2
SIM3
SIM4
1
21
22
SIM5
SIM1
SIM2
SIM3
SIM4
1
21
22
SIM5
SIM1
SIM2
SIM3
SIM4
1
21
22
SIM5
SIM1
SIM2
SIM3
SIM4
1
21
22
SIM5
SIM1
SIM2
SIM3
SIM4
1
21
22
SIM5
SIM1
SIM2
SIM3
SIM4
1
21
22
SIM5
SIM1
SIM2
SIM3
SIM4
1
21
22
SIM5
SIM1
SIM2
SIM3
SIM4
1
21
22
SIM5
SIM1
SIM2
SIM3
SIM4
1
21
22
SIM5
SIM1
SIM2
SIM3
SIM4
1
21
22
SIM5
SIM1
SIM2
SIM3
SIM4
1
21
22
SIM5
SIM1
SIM2
SIM3
SIM4
1
21
22
SIM5
SIM1
SIM2
SIM3
SIM4
1
21
22
SIM5
SIM1
SIM2
SIM3
SIM4
1
21
22
SIM5
SIM1
SIM2
SIM3
SIM4
1
21
22
SIM5
SIM1
SIM2
SIM3
SIM4
1
21
22
SIM5
SIM1
SIM2
SIM3
SIM4
1
21
22
SIM5
SIM1
SIM2
SIM3
SIM4
1
21
22
SIM5
SIM1
SIM2
SIM3
SIM4
1
21
22
SIM5
SIM1
SIM2
SIM3
SIM4
1
21
22
SIM5
SIM1
SIM2
SIM3
SIM4
1
21
22
SIM5
SIM1
SIM2
SIM3
SIM4
1
21
22
SIM5
SIM1
SIM2
SIM3
SIM4
1
21
22
SIM5
SIM1
SIM2
SIM3
SIM4
1
21
22
SIM5
SIM1
SIM2
SIM3
SIM4
1
21
22
SIM5
SIM1
SIM2
DEBUG 1 479
SIM1
SIM2
SIM3
SIM4
1
21
22
SIM5
SIM1
SIM2
SIM3
SIM4
1
21
22
SIM5
SIM1
SIM2
SIM3
SIM4
1
21
22
SIM5
SIM1
SIM2
SIM3
SIM4
1
21
22
SIM5
SIM1
SIM2
SIM3
SIM4
1
21
22
SIM5
SIM1
SIM2
SIM3
SIM4
1
21
22
SIM5
SIM1
SIM2
SIM3
SIM4
1
21
22
SIM5
SIM1
SIM2
SIM3
SIM4
1
21
22
SIM5
SIM1
SIM2
SIM3
SIM4
1
21
22
SIM5
SIM1
SIM2
SIM3
SIM4
1
21
22
SIM5
SIM1
SIM2
SIM3
SIM4
1
21
22
SIM5
SIM1
SIM2
SIM3
SIM4
1
21
22
SIM5
SIM1
SIM2
SIM3
SIM4
1
21
22
SIM5
SIM1
SIM2
SIM3
SIM4
1
21
22
SIM5
SIM1
SIM2
SIM3
SIM4
1
21
22
SIM5
SIM1
SIM2
SIM3
SIM4
1
21
22
SIM5
SIM1
SIM2
SIM3
SIM4
1
21
22
SIM5
SIM1
SIM2
SIM3
SIM4
1
21
22
SIM5
SIM1
SIM2
SIM3
SIM4
1
21
22
SIM5
SIM1
SIM2
SIM3
SIM4
1
21
22
SIM5
SIM1
SIM2
SIM3
SIM4
1
21
22
SIM5
SIM1
SIM2
SIM3
SIM4
1
21
22
SIM5
SIM1
SIM2
SIM3
SIM4
1
21
22
SIM5
SIM1
SIM2
SIM3
SIM4
1
21
22
SIM5
SIM1
SIM2
SIM3
SIM4
1
21
22
SIM5
SIM1
SIM2
SIM3
SIM4
1
21
22
SIM5
SIM1
SIM2
SIM3
SIM4
1
21
22
SIM5
SIM1
SIM2
SIM3
SIM4
1
21
22
SIM5
SIM1
SIM2
SIM3
SIM4
1
21
22
SIM5
SIM1
SIM2
SIM3
SIM4
1
21
22
SIM5
SIM1
SIM2
SIM3
SIM4
1
21
22
SIM5
SIM1
SIM2
SIM3
SIM4
1
21
22
SIM5
SIM1
SIM2
SIM3
SIM4
1
21
22
SIM5
SIM1
SIM2
SIM3
SIM4
1
21
22
SIM5
SIM1
SIM2
SIM3
SIM4
1
21
22
SIM5
SIM1
SIM2
SIM3
SIM4
1
21
22
SIM5
SIM1
SIM2
SIM3
SIM4
1
21
22
SIM5
SIM1
SIM2
SIM3
SIM4
1
21
22
SIM5
SIM1
SIM2
SIM3
SIM4
1
21
22
SIM5
SIM1
SIM2
SIM3
SIM4
1
21
22
SIM5
SIM1
SIM2
SIM3
SIM4
1
21
22
SIM5
SIM1
SIM2
SIM3
SIM4
1
21
22
SIM5
SIM1
SIM2
SIM3
SIM4
1
21
22
SIM5
SIM1
SIM2
SIM3
SIM4
1
21
22
SIM5
SIM1
SIM2
SIM3
SIM4
1
21
22
SIM5
SIM1
SIM2
SIM3
SIM4
1
21
22
SIM5
SIM1
SIM2
SIM3
SIM4
1
21
22
SIM5
SIM1
SIM2
SIM3
SIM4
1
21
22
SIM5
SIM1
SIM2
SIM3
SIM4
1
21
22
SIM5
SIM1
SIM2
SIM3
SIM4
1
21
22
SIM5
SIM1
SIM2
SIM3
SIM4
1
21
22
SIM5
SIM1
SIM2
SIM3
SIM4
1
21
22
SIM5
SIM1
SIM2
SIM3
SIM4
1
21
22
SIM5
SIM1
SIM2
SIM3
SIM4
1
21
22
SIM5
SIM1
SIM2
SIM3
SIM4
1
21
22
SIM5
SIM1
SIM2
SIM3
SIM4
1
21
22
SIM5
SIM1
SIM2
SIM3
SIM4
1
21
22
SIM5
SIM1
SIM2
SIM3
SIM4
1
21
22
SIM5
SIM1
SIM2
SIM3
SIM4
1
21
22
SIM5
SIM1
SIM2
SIM3
SIM4
1
21
22
SIM5
SIM1
SIM2
SIM3
SIM4
1
21
22
SIM5
SIM1
SIM2
SIM3
SIM4
1
21
22
SIM5
SIM1
SIM2
SIM3
SIM4
1
21
22
SIM5
SIM1
SIM2
SIM3
SIM4
1
21
22
SIM5
SIM1
SIM2
SIM3
SIM4
1
21
22
SIM5
SIM1
SIM2
SIM3
SIM4
1
21
22
SIM5
SIM1
SIM2
SIM3
SIM4
1
21
22
SIM5
SIM1
SIM2
SIM3
SIM4
1
21
22
SIM5
SIM1
SIM2
SIM3
SIM4
1
21
22
SIM5
SIM1
SIM2
SIM3
SIM4
1
21
22
SIM5
SIM1
SIM2
SIM3
SIM4
1
21
22
SIM5
SIM1
SIM2
SIM3
SIM4
1
21
22
SIM5
SIM1
SIM2
SIM3
SIM4
1
21
22
SIM5
SIM1
SIM2
SIM3
SIM4
1
21
22
SIM5
SIM1
SIM2
SIM3
SIM4
1
21
22
SIM5
SIM1
SIM2
SIM3
SIM4
1
21
22
SIM5
SIM1
SIM2
SIM3
SIM4
1
21
22
SIM5
SIM1
SIM2
SIM3
SIM4
1
21
22
SIM5
SIM1
SIM2
SIM3
SIM4
1
21
22
SIM5
SIM1
SIM2
SIM3
SIM4
1
21
22
SIM5
SIM1
SIM2
SIM3
SIM4
1
21
22
SIM5
SIM1
SIM2
SIM3
SIM4
1
21
22
SIM5
SIM1
SIM2
SIM3
SIM4
1
21
22
SIM5
SIM1
SIM2
SIM3
SIM4
1
21
22
SIM5
SIM1
SIM2
SIM3
SIM4
1
21
22
SIM5
SIM1
SIM2
SIM3
SIM4
1
21
22
SIM5
SIM1
SIM2
SIM3
SIM4
1
21
22
SIM5
SIM1
SIM2
SIM3
SIM4
1
21
22
SIM5
SIM1
SIM2
SIM3
SIM4
1
21
22
SIM5
SIM1
SIM2
SIM3
SIM4
1
21
22
SIM5
SIM1
SIM2
SIM3
SIM4
1
21
22
SIM5
SIM1
SIM2
SIM3
SIM4
1
21
22
SIM5
SIM1
SIM2
SIM3
SIM4
1
21
22
SIM5
SIM1
SIM2
SIM3
SIM4
1
21
22
SIM5
SIM1
SIM2
SIM3
SIM4
1
21
22
SIM5
SIM1
SIM2
SIM3
SIM4
1
21
22
SIM5
SIM1
SIM2
DEBUG 1 480
SIM1
SIM2
SIM3
SIM4
1
21
22
SIM5
SIM1
SIM2
SIM3
SIM4
1
21
22
SIM5
SIM1
SIM2
SIM3
SIM4
1
21
22
SIM5
SIM1
SIM2
SIM3
SIM4
1
21
22
SIM5
SIM1
SIM2
SIM3
SIM4
1
21
22
SIM5
SIM1
SIM2
SIM3
SIM4
1
21
22
SIM5
SIM1
SIM2
SIM3
SIM4
1
21
22
SIM5
SIM1
SIM2
SIM3
SIM4
1
21
22
SIM5
SIM1
SIM2
SIM3
SIM4
1
21
22
SIM5
SIM1
SIM2
SIM3
SIM4
1
21
22
SIM5
SIM1
SIM2
SIM3
SIM4
1
21
22
SIM5
SIM1
SIM2
SIM3
SIM4
1
21
22
SIM5
SIM1
SIM2
SIM3
SIM4
1
21
22
SIM5
SIM1
SIM2
SIM3
SIM4
1
21
22
SIM5
SIM1
SIM2
SIM3
SIM4
1
21
22
SIM5
SIM1
SIM2
SIM3
SIM4
1
21
22
SIM5
SIM1
SIM2
SIM3
SIM4
1
21
22
SIM5
SIM1
SIM2
SIM3
SIM4
1
21
22
SIM5
SIM1
SIM2
SIM3
SIM4
1
21
22
SIM5
SIM1
SIM2
SIM3
SIM4
1
21
22
SIM5
SIM1
SIM2
SIM3
SIM4
1
21
22
SIM5
SIM1
SIM2
SIM3
SIM4
1
21
22
SIM5
SIM1
SIM2
SIM3
SIM4
1
21
22
SIM5
SIM1
SIM2
SIM3
SIM4
1
21
22
SIM5
SIM1
SIM2
SIM3
SIM4
1
21
22
SIM5
SIM1
SIM2
SIM3
SIM4
1
21
22
SIM5
SIM1
SIM2
SIM3
SIM4
1
21
22
SIM5
SIM1
SIM2
SIM3
SIM4
1
21
22
SIM5
SIM1
SIM2
SIM3
SIM4
1
21
22
SIM5
SIM1
SIM2
SIM3
SIM4
1
21
22
SIM5
SIM1
SIM2
SIM3
SIM4
1
21
22
SIM5
SIM1
SIM2
SIM3
SIM4
1
21
22
SIM5
SIM1
SIM2
SIM3
SIM4
1
21
22
SIM5
SIM1
SIM2
SIM3
SIM4
1
21
22
SIM5
SIM1
SIM2
SIM3
SIM4
1
21
22
SIM5
SIM1
SIM2
SIM3
SIM4
1
21
22
SIM5
SIM1
SIM2
SIM3
SIM4
1
21
22
SIM5
SIM1
SIM2
SIM3
SIM4
1
21
22
SIM5
SIM1
SIM2
SIM3
SIM4
1
21
22
SIM5
SIM1
SIM2
SIM3
SIM4
1
21
22
SIM5
SIM1
SIM2
SIM3
SIM4
1
21
22
SIM5
SIM1
SIM2
SIM3
SIM4
1
21
22
SIM5
SIM1
SIM2
SIM3
SIM4
1
21
22
SIM5
SIM1
SIM2
SIM3
SIM4
1
21
22
SIM5
SIM1
SIM2
SIM3
SIM4
1
21
22
SIM5
SIM1
SIM2
SIM3
SIM4
1
21
22
SIM5
SIM1
SIM2
SIM3
SIM4
1
21
22
SIM5
SIM1
SIM2
SIM3
SIM4
1
21
22
SIM5
SIM1
SIM2
SIM3
SIM4
1
21
22
SIM5
SIM1
SIM2
SIM3
SIM4
1
21
22
SIM5
SIM1
SIM2
SIM3
SIM4
1
21
22
SIM5
SIM1
SIM2
SIM3
SIM4
1
21
22
SIM5
SIM1
SIM2
SIM3
SIM4
1
21
22
SIM5
SIM1
SIM2
SIM3
SIM4
1
21
22
SIM5
SIM1
SIM2
SIM3
SIM4
1
21
22
SIM5
SIM1
SIM2
SIM3
SIM4
1
21
22
SIM5
SIM1
SIM2
SIM3
SIM4
1
21
22
SIM5
SIM1
SIM2
SIM3
SIM4
1
21
22
SIM5
SIM1
SIM2
SIM3
SIM4
1
21
22
SIM5
SIM1
SIM2
SIM3
SIM4
1
21
22
SIM5
SIM1
SIM2
SIM3
SIM4
1
21
22
SIM5
SIM1
SIM2
SIM3
SIM4
1
21
22
SIM5
SIM1
SIM2
SIM3
SIM4
1
21
22
SIM5
SIM1
SIM2
SIM3
SIM4
1
21
22
SIM5
SIM1
SIM2
SIM3
SIM4
1
21
22
SIM5
SIM1
SIM2
SIM3
SIM4
1
21
22
SIM5
SIM1
SIM2
SIM3
SIM4
1
21
22
SIM5
SIM1
SIM2
SIM3
SIM4
1
21
22
SIM5
SIM1
SIM2
SIM3
SIM4
1
21
22
SIM5
SIM1
SIM2
SIM3
SIM4
1
21
22
SIM5
SIM1
SIM2
SIM3
SIM4
1
21
22
SIM5
SIM1
SIM2
SIM3
SIM4
1
21
22
SIM5
SIM1
SIM2
SIM3
SIM4
1
21
22
SIM5
SIM1
SIM2
SIM3
SIM4
1
21
22
SIM5
SIM1
SIM2
SIM3
SIM4
1
21
22
SIM5
SIM1
SIM2
SIM3
SIM4
1
21
22
SIM5
SIM1
SIM2
SIM3
SIM4
1
21
22
SIM5
SIM1
SIM2
SIM3
SIM4
1
21
22
SIM5
SIM1
SIM2
SIM3
SIM4
1
21
22
SIM5
SIM1
SIM2
SIM3
SIM4
1
21
22
SIM5
SIM1
SIM2
SIM3
SIM4
1
21
22
SIM5
SIM1
SIM2
SIM3
SIM4
1
21
22
SIM5
SIM1
SIM2
SIM3
SIM4
1
21
22
SIM5
SIM1
SIM2
SIM3
SIM4
1
21
22
SIM5
SIM1
SIM2
SIM3
SIM4
1
21
22
SIM5
SIM1
SIM2
SIM3
SIM4
1
21
22
SIM5
SIM1
SIM2
SIM3
SIM4
1
21
22
SIM5
SIM1
SIM2
SIM3
SIM4
1
21
22
SIM5
SIM1
SIM2
SIM3
SIM4
1
21
22
SIM5
SIM1
SIM2
SIM3
SIM4
1
21
22
SIM5
SIM1
SIM2
SIM3
SIM4
1
21
22
SIM5
SIM1
SIM2
SIM3
SIM4
1
21
22
SIM5
SIM1
SIM2
SIM3
SIM4
1
21
22
SIM5
SIM1
SIM2
SIM3
SIM4
1
21
22
SIM5
SIM1
SIM2
SIM3
SIM4
1
21
22
SIM5
SIM1
SIM2
SIM3
SIM4
1
21
22
SIM5
SIM1
SIM2
SIM3
SIM4
1
21
22
SIM5
SIM1
SIM2
SIM3
SIM4
1
21
22
SIM5
SIM1
SIM2
SIM3
SIM4
1
21
22
SIM5
SIM1
SIM2
SIM3
SIM4
1
21
22
SIM5
SIM1
SIM2
SIM3
SIM4
1
21
22
SIM5
SIM1
SIM2
SIM3
SIM4
1
21
22
SIM5
SIM1
SIM2
SIM3
SIM4
1
21
22
SIM5
SIM1
SIM2
SIM3
SIM4
1
21
22
SIM5
SIM1
SIM2
SIM3
SIM4
1
21
22
SIM5
SIM1
SIM2
SIM3
SIM4
1
21
22
SIM5
SIM1
SIM2
SIM3
SIM4
1
21
22
SIM5
SIM1
SIM2
SIM3
SIM4
1
21
22
SIM5
SIM1
SIM2
SIM3
SIM4
1
21
22
SIM5
SIM1
SIM2
SIM3
SIM4
1
21
22
SIM5
SIM1
SIM2
SIM3
SIM4
1
21
22
SIM5
SIM1
SIM2
SIM3
SIM4
1
21
22
SIM5
SIM1
SIM2
SIM3
SIM4
1
21
22
SIM5
SIM1
SIM2
SIM3
SIM4
1
21
22
SIM5
SIM1
SIM2
SIM3
SIM4
1
21
22
SIM5
SIM1
SIM2
SIM3
SIM4
1
21
22
SIM5
SIM1
SIM2
SIM3
SIM4
1
21
22
SIM5
SIM1
SIM2
SIM3
SIM4
1
21
22
SIM5
SIM1
SIM2
SIM3
SIM4
1
21
22
SIM5
SIM1
SIM2
SIM3
SIM4
1
21
22
SIM5
SIM1
SIM2
SIM3
SIM4
1
21
22
SIM5
SIM1
SIM2
SIM3
SIM4
1
21
22
SIM5
SIM1
SIM2
SIM3
SIM4
1
21
22
SIM5
SIM1
SIM2
SIM3
SIM4
1
21
22
SIM5
SIM1
SIM2
SIM3
SIM4
1
21
22
SIM5
SIM1
SIM2
SIM3
SIM4
1
21
22
SIM5
SIM1
SIM2
SIM3
SIM4
1
21
22
SIM5
SIM1
SIM2
SIM3
SIM4
1
21
22
SIM5
SIM1
SIM2
SIM3
SIM4
1
21
22
SIM5
SIM1
SIM2
SIM3
SIM4
1
21
22
SIM5
SIM1
SIM2
SIM3
SIM4
1
21
22
SIM5
SIM1
SIM2
SIM3
SIM4
1
21
22
SIM5
SIM1
SIM2
SIM3
SIM4
1
21
22
SIM5
SIM1
SIM2
SIM3
SIM4
1
21
22
SIM5
SIM1
SIM2
SIM3
SIM4
1
21
22
SIM5
SIM1
SIM2
SIM3
SIM4
1
21
22
SIM5
SIM1
SIM2
SIM3
SIM4
1
21
22
SIM5
SIM1
SIM2
SIM3
SIM4
1
21
22
SIM5
SIM1
SIM2
SIM3
SIM4
1
21
22
SIM5
SIM1
SIM2
SIM3
SIM4
1
21
22
SIM5
SIM1
SIM2
SIM3
SIM4
1
21
22
SIM5
SIM1
SIM2
SIM3
SIM4
1
21
22
SIM5
SIM1
SIM2
DEBUG 1 481
SIM1
SIM2
SIM3
SIM4
1
21
22
SIM5
SIM1
SIM2
SIM3
SIM4
1
21
22
SIM5
SIM1
SIM2
SIM3
SIM4
1
21
22
SIM5
SIM1
SIM2
SIM3
SIM4
1
21
22
SIM5
SIM1
SIM2
SIM3
SIM4
1
21
22
SIM5
SIM1
SIM2
SIM3
SIM4
1
21
22
SIM5
SIM1
SIM2
SIM3
SIM4
1
21
22
SIM5
SIM1
SIM2
SIM3
SIM4
1
21
22
SIM5
SIM1
SIM2
SIM3
SIM4
1
21
22
SIM5
SIM1
SIM2
SIM3
SIM4
1
21
22
SIM5
SIM1
SIM2
SIM3
SIM4
1
21
22
SIM5
SIM1
SIM2
SIM3
SIM4
1
21
22
SIM5
SIM1
SIM2
SIM3
SIM4
1
21
22
SIM5
SIM1
SIM2
SIM3
SIM4
1
21
22
SIM5
SIM1
SIM2
SIM3
SIM4
1
21
22
SIM5
SIM1
SIM2
SIM3
SIM4
1
21
22
SIM5
SIM1
SIM2
SIM3
SIM4
1
21
22
SIM5
SIM1
SIM2
SIM3
SIM4
1
21
22
SIM5
SIM1
SIM2
SIM3
SIM4
1
21
22
SIM5
SIM1
SIM2
SIM3
SIM4
1
21
22
SIM5
SIM1
SIM2
SIM3
SIM4
1
21
22
SIM5
SIM1
SIM2
SIM3
SIM4
1
21
22
SIM5
SIM1
SIM2
SIM3
SIM4
1
21
22
SIM5
SIM1
SIM2
SIM3
SIM4
1
21
22
SIM5
SIM1
SIM2
SIM3
SIM4
1
21
22
SIM5
SIM1
SIM2
SIM3
SIM4
1
21
22
SIM5
SIM1
SIM2
SIM3
SIM4
1
21
22
SIM5
SIM1
SIM2
SIM3
SIM4
1
21
22
SIM5
SIM1
SIM2
SIM3
SIM4
1
21
22
SIM5
SIM1
SIM2
SIM3
SIM4
1
21
22
SIM5
SIM1
SIM2
SIM3
SIM4
1
21
22
SIM5
SIM1
SIM2
SIM3
SIM4
1
21
22
SIM5
SIM1
SIM2
SIM3
SIM4
1
21
22
SIM5
SIM1
SIM2
SIM3
SIM4
1
21
22
SIM5
SIM1
SIM2
SIM3
SIM4
1
21
22
SIM5
SIM1
SIM2
SIM3
SIM4
1
21
22
SIM5
SIM1
SIM2
SIM3
SIM4
1
21
22
SIM5
SIM1
SIM2
SIM3
SIM4
1
21
22
SIM5
SIM1
SIM2
SIM3
SIM4
1
21
22
SIM5
SIM1
SIM2
SIM3
SIM4
1
21
22
SIM5
SIM1
SIM2
SIM3
SIM4
1
21
22
SIM5
SIM1
SIM2
SIM3
SIM4
1
21
22
SIM5
SIM1
SIM2
SIM3
SIM4
1
21
22
SIM5
SIM1
SIM2
SIM3
SIM4
1
21
22
SIM5
SIM1
SIM2
SIM3
SIM4
1
21
22
SIM5
SIM1
SIM2
SIM3
SIM4
1
21
22
SIM5
SIM1
SIM2
SIM3
SIM4
1
21
22
SIM5
SIM1
SIM2
SIM3
SIM4
1
21
22
SIM5
SIM1
SIM2
SIM3
SIM4
1
21
22
SIM5
SIM1
SIM2
SIM3
SIM4
1
21
22
SIM5
SIM1
SIM2
SIM3
SIM4
1
21
22
SIM5
SIM1
SIM2
SIM3
SIM4
1
21
22
SIM5
SIM1
SIM2
SIM3
SIM4
1
21
22
SIM5
SIM1
SIM2
SIM3
SIM4
1
21
22
SIM5
SIM1
SIM2
SIM3
SIM4
1
21
22
SIM5
SIM1
SIM2
SIM3
SIM4
1
21
22
SIM5
SIM1
SIM2
SIM3
SIM4
1
21
22
SIM5
SIM1
SIM2
SIM3
SIM4
1
21
22
SIM5
SIM1
SIM2
SIM3
SIM4
1
21
22
SIM5
SIM1
SIM2
SIM3
SIM4
1
21
22
SIM5
SIM1
SIM2
SIM3
SIM4
1
21
22
SIM5
SIM1
SIM2
SIM3
SIM4
1
21
22
SIM5
SIM1
SIM2
SIM3
SIM4
1
21
22
SIM5
SIM1
SIM2
SIM3
SIM4
1
21
22
SIM5
SIM1
SIM2
SIM3
SIM4
1
21
22
SIM5
SIM1
SIM2
SIM3
SIM4
1
21
22
SIM5
SIM1
SIM2
SIM3
SIM4
1
21
22
SIM5
SIM1
SIM2
SIM3
SIM4
1
21
22
SIM5
SIM1
SIM2
SIM3
SIM4
1
21
22
SIM5
SIM1
SIM2
SIM3
SIM4
1
21
22
SIM5
SIM1
SIM2
SIM3
SIM4
1
21
22
SIM5
SIM1
SIM2
SIM3
SIM4
1
21
22
SIM5
SIM1
SIM2
SIM3
SIM4
1
21
22
SIM5
SIM1
SIM2
SIM3
SIM4
1
21
22
SIM5
SIM1
SIM2
SIM3
SIM4
1
21
22
SIM5
SIM1
SIM2
SIM3
SIM4
1
21
22
SIM5
SIM1
SIM2
SIM3
SIM4
1
21
22
SIM5
SIM1
SIM2
SIM3
SIM4
1
21
22
SIM5
SIM1
SIM2
SIM3
SIM4
1
21
22
SIM5
SIM1
SIM2
SIM3
SIM4
1
21
22
SIM5
SIM1
SIM2
SIM3
SIM4
1
21
22
SIM5
SIM1
SIM2
SIM3
SIM4
1
21
22
SIM5
SIM1
SIM2
SIM3
SIM4
1
21
22
SIM5
SIM1
SIM2
SIM3
SIM4
1
21
22
SIM5
SIM1
SIM2
SIM3
SIM4
1
21
22
SIM5
SIM1
SIM2
SIM3
SIM4
1
21
22
SIM5
SIM1
SIM2
SIM3
SIM4
1
21
22
SIM5
SIM1
SIM2
SIM3
SIM4
1
21
22
SIM5
SIM1
SIM2
SIM3
SIM4
1
21
22
SIM5
SIM1
SIM2
SIM3
SIM4
1
21
22
SIM5
SIM1
SIM2
SIM3
SIM4
1
21
22
SIM5
SIM1
SIM2
SIM3
SIM4
1
21
22
SIM5
SIM1
SIM2
SIM3
SIM4
1
21
22
SIM5
SIM1
SIM2
SIM3
SIM4
1
21
22
SIM5
SIM1
SIM2
SIM3
SIM4
1
21
22
SIM5
SIM1
SIM2
SIM3
SIM4
1
21
22
SIM5
SIM1
SIM2
SIM3
SIM4
1
21
22
SIM5
SIM1
SIM2
SIM3
SIM4
1
21
22
SIM5
SIM1
SIM2
SIM3
SIM4
1
21
22
SIM5
SIM1
SIM2
SIM3
SIM4
1
21
22
SIM5
SIM1
SIM2
SIM3
SIM4
1
21
22
SIM5
SIM1
SIM2
SIM3
SIM4
1
21
22
SIM5
SIM1
SIM2
SIM3
SIM4
1
21
22
SIM5
SIM1
SIM2
SIM3
SIM4
1
21
22
SIM5
SIM1
SIM2
SIM3
SIM4
1
21
22
SIM5
SIM1
SIM2
SIM3
SIM4
1
21
22
SIM5
SIM1
SIM2
SIM3
SIM4
1
21
22
SIM5
SIM1
SIM2
SIM3
SIM4
1
21
22
SIM5
SIM1
SIM2
SIM3
SIM4
1
21
22
SIM5
SIM1
SIM2
SIM3
SIM4
1
21
22
SIM5
SIM1
SIM2
SIM3
SIM4
1
21
22
SIM5
SIM1
SIM2
SIM3
SIM4
1
21
22
SIM5
SIM1
SIM2
SIM3
SIM4
1
21
22
SIM5
SIM1
SIM2
SIM3
SIM4
1
21
22
SIM5
SIM1
SIM2
SIM3
SIM4
1
21
22
SIM5
SIM1
SIM2
SIM3
SIM4
1
21
22
SIM5
SIM1
SIM2
SIM3
SIM4
1
21
22
SIM5
SIM1
SIM2
SIM3
SIM4
1
21
22
SIM5
SIM1
SIM2
SIM3
SIM4
1
21
22
SIM5
SIM1
SIM2
SIM3
SIM4
1
21
22
SIM5
SIM1
SIM2
SIM3
SIM4
1
21
22
SIM5
SIM1
SIM2
SIM3
SIM4
1
21
22
SIM5
SIM1
SIM2
SIM3
SIM4
1
21
22
SIM5
SIM1
SIM2
SIM3
SIM4
1
21
22
SIM5
SIM1
SIM2
SIM3
SIM4
1
21
22
SIM5
SIM1
SIM2
SIM3
SIM4
1
21
22
SIM5
SIM1
SIM2
SIM3
SIM4
1
21
22
SIM5
SIM1
SIM2
SIM3
SIM4
1
21
22
SIM5
SIM1
SIM2
SIM3
SIM4
1
21
22
SIM5
SIM1
SIM2
SIM3
SIM4
1
21
22
SIM5
SIM1
SIM2
SIM3
SIM4
1
21
22
SIM5
SIM1
SIM2
SIM3
SIM4
1
21
22
SIM5
SIM1
SIM2
SIM3
SIM4
1
21
22
SIM5
SIM1
SIM2
SIM3
SIM4
1
21
22
SIM5
SIM1
SIM2
SIM3
SIM4
1
21
22
SIM5
SIM1
SIM2
SIM3
SIM4
1
21
22
SIM5
SIM1
SIM2
SIM3
SIM4
1
21
22
SIM5
SIM1
SIM2
SIM3
SIM4
1
21
22
SIM5
SIM1
SIM2
SIM3
SIM4
1
21
22
SIM5
SIM1
SIM2
SIM3
SIM4
1
21
22
SIM5
SIM1
SIM2
SIM3
SIM4
1
21
22
SIM5
SIM1
SIM2
SIM3
SIM4
1
21
22
SIM5
SIM1
SIM2
SIM3
SIM4
1
21
22
SIM5
SIM1
SIM2
SIM3
SIM4
1
21
22
SIM5
SIM1
SIM2
SIM3
SIM4
1
21
22
SIM5
SIM1
SIM2
SIM3
SIM4
1
21
22
SIM5
SIM1
SIM2
SIM3
SIM4
1
21
22
SIM5
SIM1
SIM2
SIM3
SIM4
1
21
22
SIM5
SIM1
SIM2
SIM3
SIM4
1
21
22
SIM5
SIM1
SIM2
SIM3
SIM4
1
21
22
SIM5
SIM1
SIM2
SIM3
SIM4
1
21
22
SIM5
SIM1
SIM2
SIM3
SIM4
1
21
22
SIM5
SIM1
SIM2
SIM3
SIM4
1
21
22
SIM5
SIM1
SIM2
SIM3
SIM4
1
21
22
SIM5
SIM1
SIM2
SIM3
SIM4
1
21
22
SIM5
SIM1
SIM2
SIM3
SIM4
1
21
22
SIM5
SIM1
SIM2
SIM3
SIM4
1
21
22
SIM5
SIM1
SIM2
SIM3
SIM4
1
21
22
SIM5
SIM1
SIM2
SIM3
SIM4
1
21
22
SIM5
SIM1
SIM2
SIM3
SIM4
1
21
22
SIM5
SIM1
SIM2
SIM3
SIM4
1
21
22
SIM5
SIM1
SIM2
SIM3
SIM4
1
21
22
SIM5
SIM1
SIM2
SIM3
SIM4
1
21
22
SIM5
SIM1
SIM2
SIM3
SIM4
1
21
22
SIM5
SIM1
SIM2
SIM3
SIM4
1
21
22
SIM5
SIM1
SIM2
SIM3
SIM4
1
21
22
SIM5
SIM1
SIM2
SIM3
SIM4
1
21
22
SIM5
SIM1
SIM2
SIM3
SIM4
1
21
22
SIM5
SIM1
SIM2
SIM3
SIM4
1
21
22
SIM5
SIM1
SIM2
SIM3
SIM4
1
21
22
SIM5
SIM1
SIM2
SIM3
SIM4
1
21
22
SIM5
SIM1
SIM2
SIM3
SIM4
1
21
22
SIM5
SIM1
SIM2
SIM3
SIM4
1
21
22
SIM5
SIM1
SIM2
SIM3
SIM4
1
21
22
SIM5
SIM1
SIM2
SIM3
SIM4
1
21
22
SIM5
SIM1
SIM2
SIM3
SIM4
1
21
22
SIM5
SIM1
SIM2
SIM3
SIM4
1
21
22
SIM5
SIM1
SIM2
SIM3
SIM4
1
21
22
SIM5
SIM1
SIM2
SIM3
SIM4
1
21
22
SIM5
SIM1
SIM2
SIM3
SIM4
1
21
22
SIM5
SIM1
SIM2
SIM3
SIM4
1
21
22
SIM5
SIM1
SIM2
SIM3
SIM4
1
21
22
SIM5
SIM1
SIM2
SIM3
SIM4
1
21
22
SIM5
SIM1
SIM2
SIM3
SIM4
1
21
22
SIM5
SIM1
SIM2
SIM3
SIM4
1
21
22
SIM5
SIM1
SIM2
SIM3
SIM4
1
21
22
SIM5
SIM1
SIM2
SIM3
SIM4
1
21
22
SIM5
SIM1
SIM2
SIM3
SIM4
1
21
22
SIM5
SIM1
SIM2
SIM3
SIM4
1
21
22
SIM5
SIM1
SIM2
SIM3
SIM4
1
21
22
SIM5
SIM1
SIM2
SIM3
SIM4
1
21
22
SIM5
SIM1
SIM2
SIM3
SIM4
1
21
22
SIM5
SIM1
SIM2
SIM3
SIM4
1
21
22
SIM5
SIM1
SIM2
SIM3
SIM4
1
21
22
SIM5
SIM1
SIM2
SIM3
SIM4
1
21
22
SIM5
SIM1
SIM2
SIM3
SIM4
1
21
22
SIM5
SIM1
SIM2
SIM3
SIM4
1
21
22
SIM5
SIM1
SIM2
SIM3
SIM4
1
21
22
SIM5
SIM1
SIM2
SIM3
SIM4
1
21
22
SIM5
SIM1
SIM2
SIM3
SIM4
1
21
22
SIM5
SIM1
SIM2
SIM3
SIM4
1
21
22
SIM5
SIM1
SIM2
SIM3
SIM4
1
21
22
SIM5
SIM1
SIM2
SIM3
SIM4
1
21
22
SIM5
SIM1
SIM2
SIM3
SIM4
1
21
22
SIM5
SIM1
SIM2
SIM3
SIM4
1
21
22
SIM5
SIM1
SIM2
SIM3
SIM4
1
21
22
SIM5
SIM1
SIM2
SIM3
SIM4
1
21
22
SIM5
SIM1
SIM2
SIM3
SIM4
1
21
22
SIM5
SIM1
SIM2
SIM3
SIM4
1
21
22
SIM5
SIM1
SIM2
SIM3
SIM4
1
21
22
SIM5
SIM1
SIM2
SIM3
SIM4
1
21
22
SIM5
SIM1
SIM2
SIM3
SIM4
1
21
22
SIM5
SIM1
SIM2
SIM3
SIM4
1
21
22
SIM5
SIM1
SIM2
SIM3
SIM4
1
21
22
SIM5
SIM1
SIM2
SIM3
SIM4
1
21
22
SIM5
SIM1
SIM2
SIM3
SIM4
1
21
22
SIM5
SIM1
SIM2
SIM3
SIM4
1
21
22
SIM5
SIM1
SIM2
SIM3
SIM4
1
21
22
SIM5
SIM1
SIM2
SIM3
SIM4
1
21
22
SIM5
SIM1
SIM2
SIM3
SIM4
1
21
22
SIM5
SIM1
SIM2
DEBUG 1 482
SIM1
SIM2
SIM3
SIM4
1
21
22
SIM5
SIM1
SIM2
SIM3
SIM4
1
21
22
SIM5
SIM1
SIM2
SIM3
SIM4
1
21
22
SIM5
SIM1
SIM2
SIM3
SIM4
1
21
22
SIM5
SIM1
SIM2
SIM3
SIM4
1
21
22
SIM5
SIM1
SIM2
SIM3
SIM4
1
21
22
SIM5
SIM1
SIM2
SIM3
SIM4
1
21
22
SIM5
SIM1
SIM2
SIM3
SIM4
1
21
22
SIM5
SIM1
SIM2
SIM3
SIM4
1
21
22
SIM5
SIM1
SIM2
SIM3
SIM4
1
21
22
SIM5
SIM1
SIM2
SIM3
SIM4
1
21
22
SIM5
SIM1
SIM2
SIM3
SIM4
1
21
22
SIM5
SIM1
SIM2
SIM3
SIM4
1
21
22
SIM5
SIM1
SIM2
SIM3
SIM4
1
21
22
SIM5
SIM1
SIM2
SIM3
SIM4
1
21
22
SIM5
SIM1
SIM2
SIM3
SIM4
1
21
22
SIM5
SIM1
SIM2
SIM3
SIM4
1
21
22
SIM5
SIM1
SIM2
SIM3
SIM4
1
21
22
SIM5
SIM1
SIM2
SIM3
SIM4
1
21
22
SIM5
SIM1
SIM2
SIM3
SIM4
1
21
22
SIM5
SIM1
SIM2
SIM3
SIM4
1
21
22
SIM5
SIM1
SIM2
SIM3
SIM4
1
21
22
SIM5
SIM1
SIM2
SIM3
SIM4
1
21
22
SIM5
SIM1
SIM2
SIM3
SIM4
1
21
22
SIM5
SIM1
SIM2
SIM3
SIM4
1
21
22
SIM5
SIM1
SIM2
SIM3
SIM4
1
21
22
SIM5
SIM1
SIM2
SIM3
SIM4
1
21
22
SIM5
SIM1
SIM2
SIM3
SIM4
1
21
22
SIM5
SIM1
SIM2
SIM3
SIM4
1
21
22
SIM5
SIM1
SIM2
SIM3
SIM4
1
21
22
SIM5
SIM1
SIM2
SIM3
SIM4
1
21
22
SIM5
SIM1
SIM2
SIM3
SIM4
1
21
22
SIM5
SIM1
SIM2
SIM3
SIM4
1
21
22
SIM5
SIM1
SIM2
SIM3
SIM4
1
21
22
SIM5
SIM1
SIM2
SIM3
SIM4
1
21
22
SIM5
SIM1
SIM2
SIM3
SIM4
1
21
22
SIM5
SIM1
SIM2
SIM3
SIM4
1
21
22
SIM5
SIM1
SIM2
SIM3
SIM4
1
21
22
SIM5
SIM1
SIM2
SIM3
SIM4
1
21
22
SIM5
SIM1
SIM2
SIM3
SIM4
1
21
22
SIM5
SIM1
SIM2
SIM3
SIM4
1
21
22
SIM5
SIM1
SIM2
SIM3
SIM4
1
21
22
SIM5
SIM1
SIM2
SIM3
SIM4
1
21
22
SIM5
SIM1
SIM2
SIM3
SIM4
1
21
22
SIM5
SIM1
SIM2
SIM3
SIM4
1
21
22
SIM5
SIM1
SIM2
SIM3
SIM4
1
21
22
SIM5
SIM1
SIM2
SIM3
SIM4
1
21
22
SIM5
SIM1
SIM2
SIM3
SIM4
1
21
22
SIM5
SIM1
SIM2
SIM3
SIM4
1
21
22
SIM5
SIM1
SIM2
SIM3
SIM4
1
21
22
SIM5
SIM1
SIM2
SIM3
SIM4
1
21
22
SIM5
SIM1
SIM2
SIM3
SIM4
1
21
22
SIM5
SIM1
SIM2
SIM3
SIM4
1
21
22
SIM5
SIM1
SIM2
SIM3
SIM4
1
21
22
SIM5
SIM1
SIM2
SIM3
SIM4
1
21
22
SIM5
SIM1
SIM2
SIM3
SIM4
1
21
22
SIM5
SIM1
SIM2
SIM3
SIM4
1
21
22
SIM5
SIM1
SIM2
SIM3
SIM4
1
21
22
SIM5
SIM1
SIM2
SIM3
SIM4
1
21
22
SIM5
SIM1
SIM2
SIM3
SIM4
1
21
22
SIM5
SIM1
SIM2
SIM3
SIM4
1
21
22
SIM5
SIM1
SIM2
SIM3
SIM4
1
21
22
SIM5
SIM1
SIM2
SIM3
SIM4
1
21
22
SIM5
SIM1
SIM2
SIM3
SIM4
1
21
22
SIM5
SIM1
SIM2
SIM3
SIM4
1
21
22
SIM5
SIM1
SIM2
SIM3
SIM4
1
21
22
SIM5
SIM1
SIM2
SIM3
SIM4
1
21
22
SIM5
SIM1
SIM2
SIM3
SIM4
1
21
22
SIM5
SIM1
SIM2
SIM3
SIM4
1
21
22
SIM5
SIM1
SIM2
SIM3
SIM4
1
21
22
SIM5
SIM1
SIM2
SIM3
SIM4
1
21
22
SIM5
SIM1
SIM2
SIM3
SIM4
1
21
22
SIM5
SIM1
SIM2
SIM3
SIM4
1
21
22
SIM5
SIM1
SIM2
SIM3
SIM4
1
21
22
SIM5
SIM1
SIM2
SIM3
SIM4
1
21
22
SIM5
SIM1
SIM2
SIM3
SIM4
1
21
22
SIM5
SIM1
SIM2
SIM3
SIM4
1
21
22
SIM5
SIM1
SIM2
SIM3
SIM4
1
21
22
SIM5
SIM1
SIM2
SIM3
SIM4
1
21
22
SIM5
SIM1
SIM2
SIM3
SIM4
1
21
22
SIM5
SIM1
SIM2
SIM3
SIM4
1
21
22
SIM5
SIM1
SIM2
SIM3
SIM4
1
21
22
SIM5
SIM1
SIM2
SIM3
SIM4
1
21
22
SIM5
SIM1
SIM2
SIM3
SIM4
1
21
22
SIM5
SIM1
SIM2
SIM3
SIM4
1
21
22
SIM5
SIM1
SIM2
SIM3
SIM4
1
21
22
SIM5
SIM1
SIM2
SIM3
SIM4
1
21
22
SIM5
SIM1
SIM2
SIM3
SIM4
1
21
22
SIM5
SIM1
SIM2
SIM3
SIM4
1
21
22
SIM5
SIM1
SIM2
SIM3
SIM4
1
21
22
SIM5
SIM1
SIM2
SIM3
SIM4
1
21
22
SIM5
SIM1
SIM2
SIM3
SIM4
1
21
22
SIM5
SIM1
SIM2
SIM3
SIM4
1
21
22
SIM5
SIM1
SIM2
SIM3
SIM4
1
21
22
SIM5
SIM1
SIM2
SIM3
SIM4
1
21
22
SIM5
SIM1
SIM2
DEBUG 1 483
SIM1
SIM2
SIM3
SIM4
1
21
22
SIM5
SIM1
SIM2
SIM3
SIM4
1
21
22
SIM5
SIM1
SIM2
SIM3
SIM4
1
21
22
SIM5
SIM1
SIM2
SIM3
SIM4
1
21
22
SIM5
SIM1
SIM2
SIM3
SIM4
1
21
22
SIM5
SIM1
SIM2
SIM3
SIM4
1
21
22
SIM5
SIM1
SIM2
SIM3
SIM4
1
21
22
SIM5
SIM1
SIM2
SIM3
SIM4
1
21
22
SIM5
SIM1
SIM2
SIM3
SIM4
1
21
22
SIM5
SIM1
SIM2
SIM3
SIM4
1
21
22
SIM5
SIM1
SIM2
SIM3
SIM4
1
21
22
SIM5
SIM1
SIM2
SIM3
SIM4
1
21
22
SIM5
SIM1
SIM2
SIM3
SIM4
1
21
22
SIM5
SIM1
SIM2
SIM3
SIM4
1
21
22
SIM5
SIM1
SIM2
SIM3
SIM4
1
21
22
SIM5
SIM1
SIM2
SIM3
SIM4
1
21
22
SIM5
SIM1
SIM2
SIM3
SIM4
1
21
22
SIM5
SIM1
SIM2
SIM3
SIM4
1
21
22
SIM5
SIM1
SIM2
SIM3
SIM4
1
21
22
SIM5
SIM1
SIM2
SIM3
SIM4
1
21
22
SIM5
SIM1
SIM2
SIM3
SIM4
1
21
22
SIM5
SIM1
SIM2
SIM3
SIM4
1
21
22
SIM5
SIM1
SIM2
SIM3
SIM4
1
21
22
SIM5
SIM1
SIM2
SIM3
SIM4
1
21
22
SIM5
SIM1
SIM2
SIM3
SIM4
1
21
22
SIM5
SIM1
SIM2
SIM3
SIM4
1
21
22
SIM5
SIM1
SIM2
SIM3
SIM4
1
21
22
SIM5
SIM1
SIM2
SIM3
SIM4
1
21
22
SIM5
SIM1
SIM2
SIM3
SIM4
1
21
22
SIM5
SIM1
SIM2
SIM3
SIM4
1
21
22
SIM5
SIM1
SIM2
SIM3
SIM4
1
21
22
SIM5
SIM1
SIM2
SIM3
SIM4
1
21
22
SIM5
SIM1
SIM2
SIM3
SIM4
1
21
22
SIM5
SIM1
SIM2
SIM3
SIM4
1
21
22
SIM5
SIM1
SIM2
SIM3
SIM4
1
21
22
SIM5
SIM1
SIM2
SIM3
SIM4
1
21
22
SIM5
SIM1
SIM2
SIM3
SIM4
1
21
22
SIM5
SIM1
SIM2
SIM3
SIM4
1
21
22
SIM5
SIM1
SIM2
SIM3
SIM4
1
21
22
SIM5
SIM1
SIM2
SIM3
SIM4
1
21
22
SIM5
SIM1
SIM2
SIM3
SIM4
1
21
22
SIM5
SIM1
SIM2
SIM3
SIM4
1
21
22
SIM5
SIM1
SIM2
SIM3
SIM4
1
21
22
SIM5
SIM1
SIM2
SIM3
SIM4
1
21
22
SIM5
SIM1
SIM2
SIM3
SIM4
1
21
22
SIM5
SIM1
SIM2
SIM3
SIM4
1
21
22
SIM5
SIM1
SIM2
SIM3
SIM4
1
21
22
SIM5
SIM1
SIM2
SIM3
SIM4
1
21
22
SIM5
SIM1
SIM2
SIM3
SIM4
1
21
22
SIM5
SIM1
SIM2
SIM3
SIM4
1
21
22
SIM5
SIM1
SIM2
SIM3
SIM4
1
21
22
SIM5
SIM1
SIM2
SIM3
SIM4
1
21
22
SIM5
SIM1
SIM2
SIM3
SIM4
1
21
22
SIM5
SIM1
SIM2
SIM3
SIM4
1
21
22
SIM5
SIM1
SIM2
SIM3
SIM4
1
21
22
SIM5
SIM1
SIM2
SIM3
SIM4
1
21
22
SIM5
SIM1
SIM2
SIM3
SIM4
1
21
22
SIM5
SIM1
SIM2
SIM3
SIM4
1
21
22
SIM5
SIM1
SIM2
SIM3
SIM4
1
21
22
SIM5
SIM1
SIM2
SIM3
SIM4
1
21
22
SIM5
SIM1
SIM2
SIM3
SIM4
1
21
22
SIM5
SIM1
SIM2
SIM3
SIM4
1
21
22
SIM5
SIM1
SIM2
SIM3
SIM4
1
21
22
SIM5
SIM1
SIM2
SIM3
SIM4
1
21
22
SIM5
SIM1
SIM2
SIM3
SIM4
1
21
22
SIM5
SIM1
SIM2
SIM3
SIM4
1
21
22
SIM5
SIM1
SIM2
SIM3
SIM4
1
21
22
SIM5
SIM1
SIM2
SIM3
SIM4
1
21
22
SIM5
SIM1
SIM2
SIM3
SIM4
1
21
22
SIM5
SIM1
SIM2
SIM3
SIM4
1
21
22
SIM5
SIM1
SIM2
SIM3
SIM4
1
21
22
SIM5
SIM1
SIM2
SIM3
SIM4
1
21
22
SIM5
SIM1
SIM2
SIM3
SIM4
1
21
22
SIM5
SIM1
SIM2
SIM3
SIM4
1
21
22
SIM5
SIM1
SIM2
SIM3
SIM4
1
21
22
SIM5
SIM1
SIM2
SIM3
SIM4
1
21
22
SIM5
SIM1
SIM2
SIM3
SIM4
1
21
22
SIM5
SIM1
SIM2
SIM3
SIM4
1
21
22
SIM5
SIM1
SIM2
SIM3
SIM4
1
21
22
SIM5
SIM1
SIM2
SIM3
SIM4
1
21
22
SIM5
SIM1
SIM2
SIM3
SIM4
1
21
22
SIM5
SIM1
SIM2
SIM3
SIM4
1
21
22
SIM5
SIM1
SIM2
SIM3
SIM4
1
21
22
SIM5
SIM1
SIM2
SIM3
SIM4
1
21
22
SIM5
SIM1
SIM2
SIM3
SIM4
1
21
22
SIM5
SIM1
SIM2
SIM3
SIM4
1
21
22
SIM5
SIM1
SIM2
SIM3
SIM4
1
21
22
SIM5
SIM1
SIM2
SIM3
SIM4
1
21
22
SIM5
SIM1
SIM2
SIM3
SIM4
1
21
22
SIM5
SIM1
SIM2
SIM3
SIM4
1
21
22
SIM5
SIM1
SIM2
SIM3
SIM4
1
21
22
SIM5
SIM1
SIM2
SIM3
SIM4
1
21
22
SIM5
SIM1
SIM2
SIM3
SIM4
1
21
22
SIM5
SIM1
SIM2
SIM3
SIM4
1
21
22
SIM5
SIM1
SIM2
SIM3
SIM4
1
21
22
SIM5
SIM1
SIM2
SIM3
SIM4
1
21
22
SIM5
SIM1
SIM2
SIM3
SIM4
1
21
22
SIM5
SIM1
SIM2
SIM3
SIM4
1
21
22
SIM5
SIM1
SIM2
SIM3
SIM4
1
21
22
SIM5
SIM1
SIM2
SIM3
SIM4
1
21
22
SIM5
SIM1
SIM2
SIM3
SIM4
1
21
22
SIM5
SIM1
SIM2
SIM3
SIM4
1
21
22
SIM5
SIM1
SIM2
SIM3
SIM4
1
21
22
SIM5
SIM1
SIM2
SIM3
SIM4
1
21
22
SIM5
SIM1
SIM2
SIM3
SIM4
1
21
22
SIM5
SIM1
SIM2
SIM3
SIM4
1
21
22
SIM5
SIM1
SIM2
SIM3
SIM4
1
21
22
SIM5
SIM1
SIM2
SIM3
SIM4
1
21
22
SIM5
SIM1
SIM2
SIM3
SIM4
1
21
22
SIM5
SIM1
SIM2
SIM3
SIM4
1
21
22
SIM5
SIM1
SIM2
SIM3
SIM4
1
21
22
SIM5
SIM1
SIM2
SIM3
SIM4
1
21
22
SIM5
SIM1
SIM2
SIM3
SIM4
1
21
22
SIM5
SIM1
SIM2
SIM3
SIM4
1
21
22
SIM5
SIM1
SIM2
SIM3
SIM4
1
21
22
SIM5
SIM1
SIM2
SIM3
SIM4
1
21
22
SIM5
SIM1
SIM2
SIM3
SIM4
1
21
22
SIM5
SIM1
SIM2
SIM3
SIM4
1
21
22
SIM5
SIM1
SIM2
SIM3
SIM4
1
21
22
SIM5
SIM1
SIM2
SIM3
SIM4
1
21
22
SIM5
SIM1
SIM2
SIM3
SIM4
1
21
22
SIM5
SIM1
SIM2
SIM3
SIM4
1
21
22
SIM5
SIM1
SIM2
SIM3
SIM4
1
21
22
SIM5
SIM1
SIM2
SIM3
SIM4
1
21
22
SIM5
SIM1
SIM2
SIM3
SIM4
1
21
22
SIM5
SIM1
SIM2
SIM3
SIM4
1
21
22
SIM5
SIM1
SIM2
SIM3
SIM4
1
21
22
SIM5
SIM1
SIM2
SIM3
SIM4
1
21
22
SIM5
SIM1
SIM2
SIM3
SIM4
1
21
22
SIM5
SIM1
SIM2
SIM3
SIM4
1
21
22
SIM5
SIM1
SIM2
SIM3
SIM4
1
21
22
SIM5
SIM1
SIM2
SIM3
SIM4
1
21
22
SIM5
SIM1
SIM2
SIM3
SIM4
1
21
22
SIM5
SIM1
SIM2
SIM3
SIM4
1
21
22
SIM5
SIM1
SIM2
SIM3
SIM4
1
21
22
SIM5
SIM1
SIM2
SIM3
SIM4
1
21
22
SIM5
SIM1
SIM2
SIM3
SIM4
1
21
22
SIM5
SIM1
SIM2
SIM3
SIM4
1
21
22
SIM5
SIM1
SIM2
SIM3
SIM4
1
21
22
SIM5
SIM1
SIM2
SIM3
SIM4
1
21
22
SIM5
SIM1
SIM2
DEBUG 1 484
SIM1
SIM2
SIM3
SIM4
1
21
22
SIM5
SIM1
SIM2
SIM3
SIM4
1
21
22
SIM5
SIM1
SIM2
SIM3
SIM4
1
21
22
SIM5
SIM1
SIM2
SIM3
SIM4
1
21
22
SIM5
SIM1
SIM2
SIM3
SIM4
1
21
22
SIM5
SIM1
SIM2
SIM3
SIM4
1
21
22
SIM5
SIM1
SIM2
SIM3
SIM4
1
21
22
SIM5
SIM1
SIM2
SIM3
SIM4
1
21
22
SIM5
SIM1
SIM2
SIM3
SIM4
1
21
22
SIM5
SIM1
SIM2
SIM3
SIM4
1
21
22
SIM5
SIM1
SIM2
SIM3
SIM4
1
21
22
SIM5
SIM1
SIM2
SIM3
SIM4
1
21
22
SIM5
SIM1
SIM2
SIM3
SIM4
1
21
22
SIM5
SIM1
SIM2
SIM3
SIM4
1
21
22
SIM5
SIM1
SIM2
SIM3
SIM4
1
21
22
SIM5
SIM1
SIM2
SIM3
SIM4
1
21
22
SIM5
SIM1
SIM2
SIM3
SIM4
1
21
22
SIM5
SIM1
SIM2
SIM3
SIM4
1
21
22
SIM5
SIM1
SIM2
SIM3
SIM4
1
21
22
SIM5
SIM1
SIM2
SIM3
SIM4
1
21
22
SIM5
SIM1
SIM2
SIM3
SIM4
1
21
22
SIM5
SIM1
SIM2
SIM3
SIM4
1
21
22
SIM5
SIM1
SIM2
SIM3
SIM4
1
21
22
SIM5
SIM1
SIM2
SIM3
SIM4
1
21
22
SIM5
SIM1
SIM2
SIM3
SIM4
1
21
22
SIM5
SIM1
SIM2
SIM3
SIM4
1
21
22
SIM5
SIM1
SIM2
SIM3
SIM4
1
21
22
SIM5
SIM1
SIM2
SIM3
SIM4
1
21
22
SIM5
SIM1
SIM2
SIM3
SIM4
1
21
22
SIM5
SIM1
SIM2
SIM3
SIM4
1
21
22
SIM5
SIM1
SIM2
SIM3
SIM4
1
21
22
SIM5
SIM1
SIM2
SIM3
SIM4
1
21
22
SIM5
SIM1
SIM2
SIM3
SIM4
1
21
22
SIM5
SIM1
SIM2
SIM3
SIM4
1
21
22
SIM5
SIM1
SIM2
SIM3
SIM4
1
21
22
SIM5
SIM1
SIM2
SIM3
SIM4
1
21
22
SIM5
SIM1
SIM2
SIM3
SIM4
1
21
22
SIM5
SIM1
SIM2
SIM3
SIM4
1
21
22
SIM5
SIM1
SIM2
SIM3
SIM4
1
21
22
SIM5
SIM1
SIM2
SIM3
SIM4
1
21
22
SIM5
SIM1
SIM2
SIM3
SIM4
1
21
22
SIM5
SIM1
SIM2
SIM3
SIM4
1
21
22
SIM5
SIM1
SIM2
SIM3
SIM4
1
21
22
SIM5
SIM1
SIM2
SIM3
SIM4
1
21
22
SIM5
SIM1
SIM2
SIM3
SIM4
1
21
22
SIM5
SIM1
SIM2
SIM3
SIM4
1
21
22
SIM5
SIM1
SIM2
SIM3
SIM4
1
21
22
SIM5
SIM1
SIM2
SIM3
SIM4
1
21
22
SIM5
SIM1
SIM2
SIM3
SIM4
1
21
22
SIM5
SIM1
SIM2
SIM3
SIM4
1
21
22
SIM5
SIM1
SIM2
SIM3
SIM4
1
21
22
SIM5
SIM1
SIM2
SIM3
SIM4
1
21
22
SIM5
SIM1
SIM2
SIM3
SIM4
1
21
22
SIM5
SIM1
SIM2
SIM3
SIM4
1
21
22
SIM5
SIM1
SIM2
SIM3
SIM4
1
21
22
SIM5
SIM1
SIM2
SIM3
SIM4
1
21
22
SIM5
SIM1
SIM2
SIM3
SIM4
1
21
22
SIM5
SIM1
SIM2
SIM3
SIM4
1
21
22
SIM5
SIM1
SIM2
SIM3
SIM4
1
21
22
SIM5
SIM1
SIM2
SIM3
SIM4
1
21
22
SIM5
SIM1
SIM2
SIM3
SIM4
1
21
22
SIM5
SIM1
SIM2
SIM3
SIM4
1
21
22
SIM5
SIM1
SIM2
SIM3
SIM4
1
21
22
SIM5
SIM1
SIM2
SIM3
SIM4
1
21
22
SIM5
SIM1
SIM2
SIM3
SIM4
1
21
22
SIM5
SIM1
SIM2
SIM3
SIM4
1
21
22
SIM5
SIM1
SIM2
SIM3
SIM4
1
21
22
SIM5
SIM1
SIM2
SIM3
SIM4
1
21
22
SIM5
SIM1
SIM2
SIM3
SIM4
1
21
22
SIM5
SIM1
SIM2
SIM3
SIM4
1
21
22
SIM5
SIM1
SIM2
SIM3
SIM4
1
21
22
SIM5
SIM1
SIM2
SIM3
SIM4
1
21
22
SIM5
SIM1
SIM2
SIM3
SIM4
1
21
22
SIM5
SIM1
SIM2
SIM3
SIM4
1
21
22
SIM5
SIM1
SIM2
SIM3
SIM4
1
21
22
SIM5
SIM1
SIM2
SIM3
SIM4
1
21
22
SIM5
SIM1
SIM2
SIM3
SIM4
1
21
22
SIM5
SIM1
SIM2
SIM3
SIM4
1
21
22
SIM5
SIM1
SIM2
SIM3
SIM4
1
21
22
SIM5
SIM1
SIM2
SIM3
SIM4
1
21
22
SIM5
SIM1
SIM2
SIM3
SIM4
1
21
22
SIM5
SIM1
SIM2
SIM3
SIM4
1
21
22
SIM5
SIM1
SIM2
SIM3
SIM4
1
21
22
SIM5
SIM1
SIM2
SIM3
SIM4
1
21
22
SIM5
SIM1
SIM2
SIM3
SIM4
1
21
22
SIM5
SIM1
SIM2
SIM3
SIM4
1
21
22
SIM5
SIM1
SIM2
SIM3
SIM4
1
21
22
SIM5
SIM1
SIM2
SIM3
SIM4
1
21
22
SIM5
SIM1
SIM2
SIM3
SIM4
1
21
22
SIM5
SIM1
SIM2
SIM3
SIM4
1
21
22
SIM5
SIM1
SIM2
SIM3
SIM4
1
21
22
SIM5
SIM1
SIM2
SIM3
SIM4
1
21
22
SIM5
SIM1
SIM2
SIM3
SIM4
1
21
22
SIM5
SIM1
SIM2
SIM3
SIM4
1
21
22
SIM5
SIM1
SIM2
SIM3
SIM4
1
21
22
SIM5
SIM1
SIM2
SIM3
SIM4
1
21
22
SIM5
SIM1
SIM2
SIM3
SIM4
1
21
22
SIM5
SIM1
SIM2
SIM3
SIM4
1
21
22
SIM5
SIM1
SIM2
SIM3
SIM4
1
21
22
SIM5
SIM1
SIM2
SIM3
SIM4
1
21
22
SIM5
SIM1
SIM2
SIM3
SIM4
1
21
22
SIM5
SIM1
SIM2
SIM3
SIM4
1
21
22
SIM5
SIM1
SIM2
SIM3
SIM4
1
21
22
SIM5
SIM1
SIM2
SIM3
SIM4
1
21
22
SIM5
SIM1
SIM2
SIM3
SIM4
1
21
22
SIM5
SIM1
SIM2
DEBUG 1 485
SIM1
SIM2
SIM3
SIM4
1
21
22
SIM5
SIM1
SIM2
SIM3
SIM4
1
21
22
SIM5
SIM1
SIM2
SIM3
SIM4
1
21
22
SIM5
SIM1
SIM2
SIM3
SIM4
1
21
22
SIM5
SIM1
SIM2
SIM3
SIM4
1
21
22
SIM5
SIM1
SIM2
SIM3
SIM4
1
21
22
SIM5
SIM1
SIM2
SIM3
SIM4
1
21
22
SIM5
SIM1
SIM2
SIM3
SIM4
1
21
22
SIM5
SIM1
SIM2
SIM3
SIM4
1
21
22
SIM5
SIM1
SIM2
SIM3
SIM4
1
21
22
SIM5
SIM1
SIM2
SIM3
SIM4
1
21
22
SIM5
SIM1
SIM2
SIM3
SIM4
1
21
22
SIM5
SIM1
SIM2
SIM3
SIM4
1
21
22
SIM5
SIM1
SIM2
SIM3
SIM4
1
21
22
SIM5
SIM1
SIM2
SIM3
SIM4
1
21
22
SIM5
SIM1
SIM2
SIM3
SIM4
1
21
22
SIM5
SIM1
SIM2
SIM3
SIM4
1
21
22
SIM5
SIM1
SIM2
SIM3
SIM4
1
21
22
SIM5
SIM1
SIM2
SIM3
SIM4
1
21
22
SIM5
SIM1
SIM2
SIM3
SIM4
1
21
22
SIM5
SIM1
SIM2
SIM3
SIM4
1
21
22
SIM5
SIM1
SIM2
SIM3
SIM4
1
21
22
SIM5
SIM1
SIM2
SIM3
SIM4
1
21
22
SIM5
SIM1
SIM2
SIM3
SIM4
1
21
22
SIM5
SIM1
SIM2
SIM3
SIM4
1
21
22
SIM5
SIM1
SIM2
SIM3
SIM4
1
21
22
SIM5
SIM1
SIM2
SIM3
SIM4
1
21
22
SIM5
SIM1
SIM2
SIM3
SIM4
1
21
22
SIM5
SIM1
SIM2
SIM3
SIM4
1
21
22
SIM5
SIM1
SIM2
SIM3
SIM4
1
21
22
SIM5
SIM1
SIM2
SIM3
SIM4
1
21
22
SIM5
SIM1
SIM2
SIM3
SIM4
1
21
22
SIM5
SIM1
SIM2
SIM3
SIM4
1
21
22
SIM5
SIM1
SIM2
SIM3
SIM4
1
21
22
SIM5
SIM1
SIM2
SIM3
SIM4
1
21
22
SIM5
SIM1
SIM2
SIM3
SIM4
1
21
22
SIM5
SIM1
SIM2
SIM3
SIM4
1
21
22
SIM5
SIM1
SIM2
SIM3
SIM4
1
21
22
SIM5
SIM1
SIM2
SIM3
SIM4
1
21
22
SIM5
SIM1
SIM2
SIM3
SIM4
1
21
22
SIM5
SIM1
SIM2
SIM3
SIM4
1
21
22
SIM5
SIM1
SIM2
SIM3
SIM4
1
21
22
SIM5
SIM1
SIM2
SIM3
SIM4
1
21
22
SIM5
SIM1
SIM2
SIM3
SIM4
1
21
22
SIM5
SIM1
SIM2
SIM3
SIM4
1
21
22
SIM5
SIM1
SIM2
SIM3
SIM4
1
21
22
SIM5
SIM1
SIM2
SIM3
SIM4
1
21
22
SIM5
SIM1
SIM2
SIM3
SIM4
1
21
22
SIM5
SIM1
SIM2
SIM3
SIM4
1
21
22
SIM5
SIM1
SIM2
SIM3
SIM4
1
21
22
SIM5
SIM1
SIM2
SIM3
SIM4
1
21
22
SIM5
SIM1
SIM2
SIM3
SIM4
1
21
22
SIM5
SIM1
SIM2
SIM3
SIM4
1
21
22
SIM5
SIM1
SIM2
SIM3
SIM4
1
21
22
SIM5
SIM1
SIM2
SIM3
SIM4
1
21
22
SIM5
SIM1
SIM2
SIM3
SIM4
1
21
22
SIM5
SIM1
SIM2
SIM3
SIM4
1
21
22
SIM5
SIM1
SIM2
SIM3
SIM4
1
21
22
SIM5
SIM1
SIM2
SIM3
SIM4
1
21
22
SIM5
SIM1
SIM2
SIM3
SIM4
1
21
22
SIM5
SIM1
SIM2
SIM3
SIM4
1
21
22
SIM5
SIM1
SIM2
SIM3
SIM4
1
21
22
SIM5
SIM1
SIM2
SIM3
SIM4
1
21
22
SIM5
SIM1
SIM2
SIM3
SIM4
1
21
22
SIM5
SIM1
SIM2
SIM3
SIM4
1
21
22
SIM5
SIM1
SIM2
SIM3
SIM4
1
21
22
SIM5
SIM1
SIM2
SIM3
SIM4
1
21
22
SIM5
SIM1
SIM2
SIM3
SIM4
1
21
22
SIM5
SIM1
SIM2
SIM3
SIM4
1
21
22
SIM5
SIM1
SIM2
SIM3
SIM4
1
21
22
SIM5
SIM1
SIM2
SIM3
SIM4
1
21
22
SIM5
SIM1
SIM2
SIM3
SIM4
1
21
22
SIM5
SIM1
SIM2
SIM3
SIM4
1
21
22
SIM5
SIM1
SIM2
SIM3
SIM4
1
21
22
SIM5
SIM1
SIM2
SIM3
SIM4
1
21
22
SIM5
SIM1
SIM2
SIM3
SIM4
1
21
22
SIM5
SIM1
SIM2
SIM3
SIM4
1
21
22
SIM5
SIM1
SIM2
SIM3
SIM4
1
21
22
SIM5
SIM1
SIM2
SIM3
SIM4
1
21
22
SIM5
SIM1
SIM2
SIM3
SIM4
1
21
22
SIM5
SIM1
SIM2
SIM3
SIM4
1
21
22
SIM5
SIM1
SIM2
SIM3
SIM4
1
21
22
SIM5
SIM1
SIM2
SIM3
SIM4
1
21
22
SIM5
SIM1
SIM2
SIM3
SIM4
1
21
22
SIM5
SIM1
SIM2
SIM3
SIM4
1
21
22
SIM5
SIM1
SIM2
SIM3
SIM4
1
21
22
SIM5
SIM1
SIM2
SIM3
SIM4
1
21
22
SIM5
SIM1
SIM2
SIM3
SIM4
1
21
22
SIM5
SIM1
SIM2
SIM3
SIM4
1
21
22
SIM5
SIM1
SIM2
SIM3
SIM4
1
21
22
SIM5
SIM1
SIM2
SIM3
SIM4
1
21
22
SIM5
SIM1
SIM2
SIM3
SIM4
1
21
22
SIM5
SIM1
SIM2
SIM3
SIM4
1
21
22
SIM5
SIM1
SIM2
SIM3
SIM4
1
21
22
SIM5
SIM1
SIM2
SIM3
SIM4
1
21
22
SIM5
SIM1
SIM2
SIM3
SIM4
1
21
22
SIM5
SIM1
SIM2
SIM3
SIM4
1
21
22
SIM5
SIM1
SIM2
SIM3
SIM4
1
21
22
SIM5
SIM1
SIM2
SIM3
SIM4
1
21
22
SIM5
SIM1
SIM2
SIM3
SIM4
1
21
22
SIM5
SIM1
SIM2
SIM3
SIM4
1
21
22
SIM5
SIM1
SIM2
SIM3
SIM4
1
21
22
SIM5
SIM1
SIM2
SIM3
SIM4
1
21
22
SIM5
SIM1
SIM2
SIM3
SIM4
1
21
22
SIM5
SIM1
SIM2
SIM3
SIM4
1
21
22
SIM5
SIM1
SIM2
SIM3
SIM4
1
21
22
SIM5
SIM1
SIM2
SIM3
SIM4
1
21
22
SIM5
SIM1
SIM2
SIM3
SIM4
1
21
22
SIM5
SIM1
SIM2
SIM3
SIM4
1
21
22
SIM5
SIM1
SIM2
SIM3
SIM4
1
21
22
SIM5
SIM1
SIM2
SIM3
SIM4
1
21
22
SIM5
SIM1
SIM2
SIM3
SIM4
1
21
22
SIM5
SIM1
SIM2
SIM3
SIM4
1
21
22
SIM5
SIM1
SIM2
SIM3
SIM4
1
21
22
SIM5
SIM1
SIM2
SIM3
SIM4
1
21
22
SIM5
SIM1
SIM2
SIM3
SIM4
1
21
22
SIM5
SIM1
SIM2
SIM3
SIM4
1
21
22
SIM5
SIM1
SIM2
SIM3
SIM4
1
21
22
SIM5
SIM1
SIM2
SIM3
SIM4
1
21
22
SIM5
SIM1
SIM2
SIM3
SIM4
1
21
22
SIM5
SIM1
SIM2
SIM3
SIM4
1
21
22
SIM5
SIM1
SIM2
SIM3
SIM4
1
21
22
SIM5
SIM1
SIM2
SIM3
SIM4
1
21
22
SIM5
SIM1
SIM2
SIM3
SIM4
1
21
22
SIM5
SIM1
SIM2
SIM3
SIM4
1
21
22
SIM5
SIM1
SIM2
SIM3
SIM4
1
21
22
SIM5
SIM1
SIM2
SIM3
SIM4
1
21
22
SIM5
SIM1
SIM2
SIM3
SIM4
1
21
22
SIM5
SIM1
SIM2
SIM3
SIM4
1
21
22
SIM5
SIM1
SIM2
SIM3
SIM4
1
21
22
SIM5
SIM1
SIM2
SIM3
SIM4
1
21
22
SIM5
SIM1
SIM2
SIM3
SIM4
1
21
22
SIM5
SIM1
SIM2
SIM3
SIM4
1
21
22
SIM5
SIM1
SIM2
SIM3
SIM4
1
21
22
SIM5
SIM1
SIM2
SIM3
SIM4
1
21
22
SIM5
SIM1
SIM2
SIM3
SIM4
1
21
22
SIM5
SIM1
SIM2
SIM3
SIM4
1
21
22
SIM5
SIM1
SIM2
SIM3
SIM4
1
21
22
SIM5
SIM1
SIM2
SIM3
SIM4
1
21
22
SIM5
SIM1
SIM2
SIM3
SIM4
1
21
22
SIM5
SIM1
SIM2
SIM3
SIM4
1
21
22
SIM5
SIM1
SIM2
SIM3
SIM4
1
21
22
SIM5
SIM1
SIM2
SIM3
SIM4
1
21
22
SIM5
SIM1
SIM2
SIM3
SIM4
1
21
22
SIM5
SIM1
SIM2
SIM3
SIM4
1
21
22
SIM5
SIM1
SIM2
SIM3
SIM4
1
21
22
SIM5
SIM1
SIM2
SIM3
SIM4
1
21
22
SIM5
SIM1
SIM2
SIM3
SIM4
1
21
22
SIM5
SIM1
SIM2
SIM3
SIM4
1
21
22
SIM5
SIM1
SIM2
SIM3
SIM4
1
21
22
SIM5
SIM1
SIM2
SIM3
SIM4
1
21
22
SIM5
SIM1
SIM2
SIM3
SIM4
1
21
22
SIM5
SIM1
SIM2
SIM3
SIM4
1
21
22
SIM5
SIM1
SIM2
SIM3
SIM4
1
21
22
SIM5
SIM1
SIM2
DEBUG 1 486
SIM1
SIM2
SIM3
SIM4
1
21
22
SIM5
SIM1
SIM2
SIM3
SIM4
1
21
22
SIM5
SIM1
SIM2
SIM3
SIM4
1
21
22
SIM5
SIM1
SIM2
SIM3
SIM4
1
21
22
SIM5
SIM1
SIM2
SIM3
SIM4
1
21
22
SIM5
SIM1
SIM2
SIM3
SIM4
1
21
22
SIM5
SIM1
SIM2
SIM3
SIM4
1
21
22
SIM5
SIM1
SIM2
SIM3
SIM4
1
21
22
SIM5
SIM1
SIM2
SIM3
SIM4
1
21
22
SIM5
SIM1
SIM2
SIM3
SIM4
1
21
22
SIM5
SIM1
SIM2
SIM3
SIM4
1
21
22
SIM5
SIM1
SIM2
SIM3
SIM4
1
21
22
SIM5
SIM1
SIM2
SIM3
SIM4
1
21
22
SIM5
SIM1
SIM2
SIM3
SIM4
1
21
22
SIM5
SIM1
SIM2
SIM3
SIM4
1
21
22
SIM5
SIM1
SIM2
SIM3
SIM4
1
21
22
SIM5
SIM1
SIM2
SIM3
SIM4
1
21
22
SIM5
SIM1
SIM2
SIM3
SIM4
1
21
22
SIM5
SIM1
SIM2
SIM3
SIM4
1
21
22
SIM5
SIM1
SIM2
SIM3
SIM4
1
21
22
SIM5
SIM1
SIM2
SIM3
SIM4
1
21
22
SIM5
SIM1
SIM2
SIM3
SIM4
1
21
22
SIM5
SIM1
SIM2
SIM3
SIM4
1
21
22
SIM5
SIM1
SIM2
SIM3
SIM4
1
21
22
SIM5
SIM1
SIM2
SIM3
SIM4
1
21
22
SIM5
SIM1
SIM2
SIM3
SIM4
1
21
22
SIM5
SIM1
SIM2
SIM3
SIM4
1
21
22
SIM5
SIM1
SIM2
SIM3
SIM4
1
21
22
SIM5
SIM1
SIM2
SIM3
SIM4
1
21
22
SIM5
SIM1
SIM2
SIM3
SIM4
1
21
22
SIM5
SIM1
SIM2
SIM3
SIM4
1
21
22
SIM5
SIM1
SIM2
SIM3
SIM4
1
21
22
SIM5
SIM1
SIM2
SIM3
SIM4
1
21
22
SIM5
SIM1
SIM2
SIM3
SIM4
1
21
22
SIM5
SIM1
SIM2
SIM3
SIM4
1
21
22
SIM5
SIM1
SIM2
SIM3
SIM4
1
21
22
SIM5
SIM1
SIM2
SIM3
SIM4
1
21
22
SIM5
SIM1
SIM2
SIM3
SIM4
1
21
22
SIM5
SIM1
SIM2
SIM3
SIM4
1
21
22
SIM5
SIM1
SIM2
SIM3
SIM4
1
21
22
SIM5
SIM1
SIM2
SIM3
SIM4
1
21
22
SIM5
SIM1
SIM2
SIM3
SIM4
1
21
22
SIM5
SIM1
SIM2
SIM3
SIM4
1
21
22
SIM5
SIM1
SIM2
SIM3
SIM4
1
21
22
SIM5
SIM1
SIM2
SIM3
SIM4
1
21
22
SIM5
SIM1
SIM2
SIM3
SIM4
1
21
22
SIM5
SIM1
SIM2
SIM3
SIM4
1
21
22
SIM5
SIM1
SIM2
SIM3
SIM4
1
21
22
SIM5
SIM1
SIM2
SIM3
SIM4
1
21
22
SIM5
SIM1
SIM2
SIM3
SIM4
1
21
22
SIM5
SIM1
SIM2
SIM3
SIM4
1
21
22
SIM5
SIM1
SIM2
SIM3
SIM4
1
21
22
SIM5
SIM1
SIM2
SIM3
SIM4
1
21
22
SIM5
SIM1
SIM2
SIM3
SIM4
1
21
22
SIM5
SIM1
SIM2
SIM3
SIM4
1
21
22
SIM5
SIM1
SIM2
SIM3
SIM4
1
21
22
SIM5
SIM1
SIM2
SIM3
SIM4
1
21
22
SIM5
SIM1
SIM2
SIM3
SIM4
1
21
22
SIM5
SIM1
SIM2
SIM3
SIM4
1
21
22
SIM5
SIM1
SIM2
SIM3
SIM4
1
21
22
SIM5
SIM1
SIM2
SIM3
SIM4
1
21
22
SIM5
SIM1
SIM2
SIM3
SIM4
1
21
22
SIM5
SIM1
SIM2
SIM3
SIM4
1
21
22
SIM5
SIM1
SIM2
SIM3
SIM4
1
21
22
SIM5
SIM1
SIM2
SIM3
SIM4
1
21
22
SIM5
SIM1
SIM2
SIM3
SIM4
1
21
22
SIM5
SIM1
SIM2
SIM3
SIM4
1
21
22
SIM5
SIM1
SIM2
SIM3
SIM4
1
21
22
SIM5
SIM1
SIM2
SIM3
SIM4
1
21
22
SIM5
SIM1
SIM2
SIM3
SIM4
1
21
22
SIM5
SIM1
SIM2
SIM3
SIM4
1
21
22
SIM5
SIM1
SIM2
SIM3
SIM4
1
21
22
SIM5
SIM1
SIM2
SIM3
SIM4
1
21
22
SIM5
SIM1
SIM2
SIM3
SIM4
1
21
22
SIM5
SIM1
SIM2
SIM3
SIM4
1
21
22
SIM5
SIM1
SIM2
SIM3
SIM4
1
21
22
SIM5
SIM1
SIM2
SIM3
SIM4
1
21
22
SIM5
SIM1
SIM2
SIM3
SIM4
1
21
22
SIM5
SIM1
SIM2
SIM3
SIM4
1
21
22
SIM5
SIM1
SIM2
SIM3
SIM4
1
21
22
SIM5
SIM1
SIM2
SIM3
SIM4
1
21
22
SIM5
SIM1
SIM2
SIM3
SIM4
1
21
22
SIM5
SIM1
SIM2
SIM3
SIM4
1
21
22
SIM5
SIM1
SIM2
SIM3
SIM4
1
21
22
SIM5
SIM1
SIM2
SIM3
SIM4
1
21
22
SIM5
SIM1
SIM2
SIM3
SIM4
1
21
22
SIM5
SIM1
SIM2
SIM3
SIM4
1
21
22
SIM5
SIM1
SIM2
SIM3
SIM4
1
21
22
SIM5
SIM1
SIM2
SIM3
SIM4
1
21
22
SIM5
SIM1
SIM2
SIM3
SIM4
1
21
22
SIM5
SIM1
SIM2
SIM3
SIM4
1
21
22
SIM5
SIM1
SIM2
SIM3
SIM4
1
21
22
SIM5
SIM1
SIM2
SIM3
SIM4
1
21
22
SIM5
SIM1
SIM2
SIM3
SIM4
1
21
22
SIM5
SIM1
SIM2
SIM3
SIM4
1
21
22
SIM5
SIM1
SIM2
SIM3
SIM4
1
21
22
SIM5
SIM1
SIM2
SIM3
SIM4
1
21
22
SIM5
SIM1
SIM2
SIM3
SIM4
1
21
22
SIM5
SIM1
SIM2
SIM3
SIM4
1
21
22
SIM5
SIM1
SIM2
SIM3
SIM4
1
21
22
SIM5
SIM1
SIM2
SIM3
SIM4
1
21
22
SIM5
SIM1
SIM2
SIM3
SIM4
1
21
22
SIM5
SIM1
SIM2
SIM3
SIM4
1
21
22
SIM5
SIM1
SIM2
SIM3
SIM4
1
21
22
SIM5
SIM1
SIM2
SIM3
SIM4
1
21
22
SIM5
SIM1
SIM2
SIM3
SIM4
1
21
22
SIM5
SIM1
SIM2
SIM3
SIM4
1
21
22
SIM5
SIM1
SIM2
SIM3
SIM4
1
21
22
SIM5
SIM1
SIM2
SIM3
SIM4
1
21
22
SIM5
SIM1
SIM2
SIM3
SIM4
1
21
22
SIM5
SIM1
SIM2
SIM3
SIM4
1
21
22
SIM5
SIM1
SIM2
SIM3
SIM4
1
21
22
SIM5
SIM1
SIM2
SIM3
SIM4
1
21
22
SIM5
SIM1
SIM2
SIM3
SIM4
1
21
22
SIM5
SIM1
SIM2
SIM3
SIM4
1
21
22
SIM5
SIM1
SIM2
SIM3
SIM4
1
21
22
SIM5
SIM1
SIM2
SIM3
SIM4
1
21
22
SIM5
SIM1
SIM2
SIM3
SIM4
1
21
22
SIM5
SIM1
SIM2
SIM3
SIM4
1
21
22
SIM5
SIM1
SIM2
SIM3
SIM4
1
21
22
SIM5
SIM1
SIM2
SIM3
SIM4
1
21
22
SIM5
SIM1
SIM2
SIM3
SIM4
1
21
22
SIM5
SIM1
SIM2
SIM3
SIM4
1
21
22
SIM5
SIM1
SIM2
SIM3
SIM4
1
21
22
SIM5
SIM1
SIM2
SIM3
SIM4
1
21
22
SIM5
SIM1
SIM2
SIM3
SIM4
1
21
22
SIM5
SIM1
SIM2
SIM3
SIM4
1
21
22
SIM5
SIM1
SIM2
SIM3
SIM4
1
21
22
SIM5
SIM1
SIM2
SIM3
SIM4
1
21
22
SIM5
SIM1
SIM2
SIM3
SIM4
1
21
22
SIM5
SIM1
SIM2
SIM3
SIM4
1
21
22
SIM5
SIM1
SIM2
SIM3
SIM4
1
21
22
SIM5
SIM1
SIM2
SIM3
SIM4
1
21
22
SIM5
SIM1
SIM2
SIM3
SIM4
1
21
22
SIM5
SIM1
SIM2
SIM3
SIM4
1
21
22
SIM5
SIM1
SIM2
SIM3
SIM4
1
21
22
SIM5
SIM1
SIM2
SIM3
SIM4
1
21
22
SIM5
SIM1
SIM2
SIM3
SIM4
1
21
22
SIM5
SIM1
SIM2
SIM3
SIM4
1
21
22
SIM5
SIM1
SIM2
SIM3
SIM4
1
21
22
SIM5
SIM1
SIM2
SIM3
SIM4
1
21
22
SIM5
SIM1
SIM2
SIM3
SIM4
1
21
22
SIM5
SIM1
SIM2
SIM3
SIM4
1
21
22
SIM5
SIM1
SIM2
SIM3
SIM4
1
21
22
SIM5
SIM1
SIM2
SIM3
SIM4
1
21
22
SIM5
SIM1
SIM2
SIM3
SIM4
1
21
22
SIM5
SIM1
SIM2
SIM3
SIM4
1
21
22
SIM5
SIM1
SIM2
SIM3
SIM4
1
21
22
SIM5
SIM1
SIM2
SIM3
SIM4
1
21
22
SIM5
SIM1
SIM2
SIM3
SIM4
1
21
22
SIM5
SIM1
SIM2
SIM3
SIM4
1
21
22
SIM5
SIM1
SIM2
SIM3
SIM4
1
21
22
SIM5
SIM1
SIM2
SIM3
SIM4
1
21
22
SIM5
SIM1
SIM2
SIM3
SIM4
1
21
22
SIM5
SIM1
SIM2
SIM3
SIM4
1
21
22
SIM5
SIM1
SIM2
SIM3
SIM4
1
21
22
SIM5
SIM1
SIM2
SIM3
SIM4
1
21
22
SIM5
SIM1
SIM2
SIM3
SIM4
1
21
22
SIM5
SIM1
SIM2
SIM3
SIM4
1
21
22
SIM5
SIM1
SIM2
SIM3
SIM4
1
21
22
SIM5
SIM1
SIM2
SIM3
SIM4
1
21
22
SIM5
SIM1
SIM2
SIM3
SIM4
1
21
22
SIM5
SIM1
SIM2
SIM3
SIM4
1
21
22
SIM5
SIM1
SIM2
SIM3
SIM4
1
21
22
SIM5
SIM1
SIM2
SIM3
SIM4
1
21
22
SIM5
SIM1
SIM2
SIM3
SIM4
1
21
22
SIM5
SIM1
SIM2
SIM3
SIM4
1
21
22
SIM5
SIM1
SIM2
SIM3
SIM4
1
21
22
SIM5
SIM1
SIM2
SIM3
SIM4
1
21
22
SIM5
SIM1
SIM2
SIM3
SIM4
1
21
22
SIM5
SIM1
SIM2
SIM3
SIM4
1
21
22
SIM5
SIM1
SIM2
SIM3
SIM4
1
21
22
SIM5
SIM1
SIM2
SIM3
SIM4
1
21
22
SIM5
SIM1
SIM2
SIM3
SIM4
1
21
22
SIM5
SIM1
SIM2
SIM3
SIM4
1
21
22
SIM5
SIM1
SIM2
SIM3
SIM4
1
21
22
SIM5
SIM1
SIM2
SIM3
SIM4
1
21
22
SIM5
SIM1
SIM2
SIM3
SIM4
1
21
22
SIM5
SIM1
SIM2
SIM3
SIM4
1
21
22
SIM5
SIM1
SIM2
SIM3
SIM4
1
21
22
SIM5
SIM1
SIM2
SIM3
SIM4
1
21
22
SIM5
SIM1
SIM2
SIM3
SIM4
1
21
22
SIM5
SIM1
SIM2
SIM3
SIM4
1
21
22
SIM5
SIM1
SIM2
SIM3
SIM4
1
21
22
SIM5
SIM1
SIM2
SIM3
SIM4
1
21
22
SIM5
SIM1
SIM2
SIM3
SIM4
1
21
22
SIM5
SIM1
SIM2
DEBUG 1 487
SIM1
SIM2
SIM3
SIM4
1
21
22
SIM5
SIM1
SIM2
SIM3
SIM4
1
21
22
SIM5
SIM1
SIM2
SIM3
SIM4
1
21
22
SIM5
SIM1
SIM2
SIM3
SIM4
1
21
22
SIM5
SIM1
SIM2
SIM3
SIM4
1
21
22
SIM5
SIM1
SIM2
SIM3
SIM4
1
21
22
SIM5
SIM1
SIM2
SIM3
SIM4
1
21
22
SIM5
SIM1
SIM2
SIM3
SIM4
1
21
22
SIM5
SIM1
SIM2
SIM3
SIM4
1
21
22
SIM5
SIM1
SIM2
SIM3
SIM4
1
21
22
SIM5
SIM1
SIM2
SIM3
SIM4
1
21
22
SIM5
SIM1
SIM2
SIM3
SIM4
1
21
22
SIM5
SIM1
SIM2
SIM3
SIM4
1
21
22
SIM5
SIM1
SIM2
SIM3
SIM4
1
21
22
SIM5
SIM1
SIM2
SIM3
SIM4
1
21
22
SIM5
SIM1
SIM2
SIM3
SIM4
1
21
22
SIM5
SIM1
SIM2
SIM3
SIM4
1
21
22
SIM5
SIM1
SIM2
SIM3
SIM4
1
21
22
SIM5
SIM1
SIM2
SIM3
SIM4
1
21
22
SIM5
SIM1
SIM2
SIM3
SIM4
1
21
22
SIM5
SIM1
SIM2
SIM3
SIM4
1
21
22
SIM5
SIM1
SIM2
SIM3
SIM4
1
21
22
SIM5
SIM1
SIM2
SIM3
SIM4
1
21
22
SIM5
SIM1
SIM2
SIM3
SIM4
1
21
22
SIM5
SIM1
SIM2
SIM3
SIM4
1
21
22
SIM5
SIM1
SIM2
SIM3
SIM4
1
21
22
SIM5
SIM1
SIM2
SIM3
SIM4
1
21
22
SIM5
SIM1
SIM2
SIM3
SIM4
1
21
22
SIM5
SIM1
SIM2
SIM3
SIM4
1
21
22
SIM5
SIM1
SIM2
SIM3
SIM4
1
21
22
SIM5
SIM1
SIM2
SIM3
SIM4
1
21
22
SIM5
SIM1
SIM2
SIM3
SIM4
1
21
22
SIM5
SIM1
SIM2
SIM3
SIM4
1
21
22
SIM5
SIM1
SIM2
SIM3
SIM4
1
21
22
SIM5
SIM1
SIM2
SIM3
SIM4
1
21
22
SIM5
SIM1
SIM2
SIM3
SIM4
1
21
22
SIM5
SIM1
SIM2
SIM3
SIM4
1
21
22
SIM5
SIM1
SIM2
SIM3
SIM4
1
21
22
SIM5
SIM1
SIM2
SIM3
SIM4
1
21
22
SIM5
SIM1
SIM2
SIM3
SIM4
1
21
22
SIM5
SIM1
SIM2
SIM3
SIM4
1
21
22
SIM5
SIM1
SIM2
SIM3
SIM4
1
21
22
SIM5
SIM1
SIM2
SIM3
SIM4
1
21
22
SIM5
SIM1
SIM2
SIM3
SIM4
1
21
22
SIM5
SIM1
SIM2
SIM3
SIM4
1
21
22
SIM5
SIM1
SIM2
SIM3
SIM4
1
21
22
SIM5
SIM1
SIM2
SIM3
SIM4
1
21
22
SIM5
SIM1
SIM2
SIM3
SIM4
1
21
22
SIM5
SIM1
SIM2
SIM3
SIM4
1
21
22
SIM5
SIM1
SIM2
SIM3
SIM4
1
21
22
SIM5
SIM1
SIM2
SIM3
SIM4
1
21
22
SIM5
SIM1
SIM2
SIM3
SIM4
1
21
22
SIM5
SIM1
SIM2
SIM3
SIM4
1
21
22
SIM5
SIM1
SIM2
SIM3
SIM4
1
21
22
SIM5
SIM1
SIM2
SIM3
SIM4
1
21
22
SIM5
SIM1
SIM2
SIM3
SIM4
1
21
22
SIM5
SIM1
SIM2
SIM3
SIM4
1
21
22
SIM5
SIM1
SIM2
SIM3
SIM4
1
21
22
SIM5
SIM1
SIM2
SIM3
SIM4
1
21
22
SIM5
SIM1
SIM2
SIM3
SIM4
1
21
22
SIM5
SIM1
SIM2
SIM3
SIM4
1
21
22
SIM5
SIM1
SIM2
SIM3
SIM4
1
21
22
SIM5
SIM1
SIM2
SIM3
SIM4
1
21
22
SIM5
SIM1
SIM2
SIM3
SIM4
1
21
22
SIM5
SIM1
SIM2
SIM3
SIM4
1
21
22
SIM5
SIM1
SIM2
SIM3
SIM4
1
21
22
SIM5
SIM1
SIM2
SIM3
SIM4
1
21
22
SIM5
SIM1
SIM2
SIM3
SIM4
1
21
22
SIM5
SIM1
SIM2
SIM3
SIM4
1
21
22
SIM5
SIM1
SIM2
SIM3
SIM4
1
21
22
SIM5
SIM1
SIM2
SIM3
SIM4
1
21
22
SIM5
SIM1
SIM2
SIM3
SIM4
1
21
22
SIM5
SIM1
SIM2
SIM3
SIM4
1
21
22
SIM5
SIM1
SIM2
SIM3
SIM4
1
21
22
SIM5
SIM1
SIM2
SIM3
SIM4
1
21
22
SIM5
SIM1
SIM2
SIM3
SIM4
1
21
22
SIM5
SIM1
SIM2
SIM3
SIM4
1
21
22
SIM5
SIM1
SIM2
SIM3
SIM4
1
21
22
SIM5
SIM1
SIM2
SIM3
SIM4
1
21
22
SIM5
SIM1
SIM2
SIM3
SIM4
1
21
22
SIM5
SIM1
SIM2
SIM3
SIM4
1
21
22
SIM5
SIM1
SIM2
SIM3
SIM4
1
21
22
SIM5
SIM1
SIM2
SIM3
SIM4
1
21
22
SIM5
SIM1
SIM2
SIM3
SIM4
1
21
22
SIM5
SIM1
SIM2
SIM3
SIM4
1
21
22
SIM5
SIM1
SIM2
SIM3
SIM4
1
21
22
SIM5
SIM1
SIM2
SIM3
SIM4
1
21
22
SIM5
SIM1
SIM2
SIM3
SIM4
1
21
22
SIM5
SIM1
SIM2
SIM3
SIM4
1
21
22
SIM5
SIM1
SIM2
SIM3
SIM4
1
21
22
SIM5
SIM1
SIM2
SIM3
SIM4
1
21
22
SIM5
SIM1
SIM2
SIM3
SIM4
1
21
22
SIM5
SIM1
SIM2
SIM3
SIM4
1
21
22
SIM5
SIM1
SIM2
SIM3
SIM4
1
21
22
SIM5
SIM1
SIM2
SIM3
SIM4
1
21
22
SIM5
SIM1
SIM2
SIM3
SIM4
1
21
22
SIM5
SIM1
SIM2
SIM3
SIM4
1
21
22
SIM5
SIM1
SIM2
SIM3
SIM4
1
21
22
SIM5
SIM1
SIM2
SIM3
SIM4
1
21
22
SIM5
SIM1
SIM2
SIM3
SIM4
1
21
22
SIM5
SIM1
SIM2
SIM3
SIM4
1
21
22
SIM5
SIM1
SIM2
SIM3
SIM4
1
21
22
SIM5
SIM1
SIM2
SIM3
SIM4
1
21
22
SIM5
SIM1
SIM2
SIM3
SIM4
1
21
22
SIM5
SIM1
SIM2
SIM3
SIM4
1
21
22
SIM5
SIM1
SIM2
SIM3
SIM4
1
21
22
SIM5
SIM1
SIM2
SIM3
SIM4
1
21
22
SIM5
SIM1
SIM2
SIM3
SIM4
1
21
22
SIM5
SIM1
SIM2
SIM3
SIM4
1
21
22
SIM5
SIM1
SIM2
SIM3
SIM4
1
21
22
SIM5
SIM1
SIM2
SIM3
SIM4
1
21
22
SIM5
SIM1
SIM2
SIM3
SIM4
1
21
22
SIM5
SIM1
SIM2
SIM3
SIM4
1
21
22
SIM5
SIM1
SIM2
SIM3
SIM4
1
21
22
SIM5
SIM1
SIM2
SIM3
SIM4
1
21
22
SIM5
SIM1
SIM2
SIM3
SIM4
1
21
22
SIM5
SIM1
SIM2
SIM3
SIM4
1
21
22
SIM5
SIM1
SIM2
SIM3
SIM4
1
21
22
SIM5
SIM1
SIM2
SIM3
SIM4
1
21
22
SIM5
SIM1
SIM2
SIM3
SIM4
1
21
22
SIM5
SIM1
SIM2
SIM3
SIM4
1
21
22
SIM5
SIM1
SIM2
SIM3
SIM4
1
21
22
SIM5
SIM1
SIM2
SIM3
SIM4
1
21
22
SIM5
SIM1
SIM2
SIM3
SIM4
1
21
22
SIM5
SIM1
SIM2
SIM3
SIM4
1
21
22
SIM5
SIM1
SIM2
SIM3
SIM4
1
21
22
SIM5
SIM1
SIM2
SIM3
SIM4
1
21
22
SIM5
SIM1
SIM2
SIM3
SIM4
1
21
22
SIM5
SIM1
SIM2
SIM3
SIM4
1
21
22
SIM5
SIM1
SIM2
SIM3
SIM4
1
21
22
SIM5
SIM1
SIM2
SIM3
SIM4
1
21
22
SIM5
SIM1
SIM2
SIM3
SIM4
1
21
22
SIM5
SIM1
SIM2
SIM3
SIM4
1
21
22
SIM5
SIM1
SIM2
SIM3
SIM4
1
21
22
SIM5
SIM1
SIM2
SIM3
SIM4
1
21
22
SIM5
SIM1
SIM2
SIM3
SIM4
1
21
22
SIM5
SIM1
SIM2
SIM3
SIM4
1
21
22
SIM5
SIM1
SIM2
SIM3
SIM4
1
21
22
SIM5
SIM1
SIM2
SIM3
SIM4
1
21
22
SIM5
SIM1
SIM2
SIM3
SIM4
1
21
22
SIM5
SIM1
SIM2
SIM3
SIM4
1
21
22
SIM5
SIM1
SIM2
SIM3
SIM4
1
21
22
SIM5
SIM1
SIM2
SIM3
SIM4
1
21
22
SIM5
SIM1
SIM2
DEBUG 1 488
SIM1
SIM2
SIM3
SIM4
1
21
22
SIM5
SIM1
SIM2
SIM3
SIM4
1
21
22
SIM5
SIM1
SIM2
SIM3
SIM4
1
21
22
SIM5
SIM1
SIM2
SIM3
SIM4
1
21
22
SIM5
SIM1
SIM2
SIM3
SIM4
1
21
22
SIM5
SIM1
SIM2
SIM3
SIM4
1
21
22
SIM5
SIM1
SIM2
SIM3
SIM4
1
21
22
SIM5
SIM1
SIM2
SIM3
SIM4
1
21
22
SIM5
SIM1
SIM2
SIM3
SIM4
1
21
22
SIM5
SIM1
SIM2
SIM3
SIM4
1
21
22
SIM5
SIM1
SIM2
SIM3
SIM4
1
21
22
SIM5
SIM1
SIM2
SIM3
SIM4
1
21
22
SIM5
SIM1
SIM2
SIM3
SIM4
1
21
22
SIM5
SIM1
SIM2
SIM3
SIM4
1
21
22
SIM5
SIM1
SIM2
SIM3
SIM4
1
21
22
SIM5
SIM1
SIM2
SIM3
SIM4
1
21
22
SIM5
SIM1
SIM2
SIM3
SIM4
1
21
22
SIM5
SIM1
SIM2
SIM3
SIM4
1
21
22
SIM5
SIM1
SIM2
SIM3
SIM4
1
21
22
SIM5
SIM1
SIM2
SIM3
SIM4
1
21
22
SIM5
SIM1
SIM2
SIM3
SIM4
1
21
22
SIM5
SIM1
SIM2
SIM3
SIM4
1
21
22
SIM5
SIM1
SIM2
SIM3
SIM4
1
21
22
SIM5
SIM1
SIM2
SIM3
SIM4
1
21
22
SIM5
SIM1
SIM2
SIM3
SIM4
1
21
22
SIM5
SIM1
SIM2
SIM3
SIM4
1
21
22
SIM5
SIM1
SIM2
SIM3
SIM4
1
21
22
SIM5
SIM1
SIM2
SIM3
SIM4
1
21
22
SIM5
SIM1
SIM2
SIM3
SIM4
1
21
22
SIM5
SIM1
SIM2
SIM3
SIM4
1
21
22
SIM5
SIM1
SIM2
SIM3
SIM4
1
21
22
SIM5
SIM1
SIM2
SIM3
SIM4
1
21
22
SIM5
SIM1
SIM2
SIM3
SIM4
1
21
22
SIM5
SIM1
SIM2
SIM3
SIM4
1
21
22
SIM5
SIM1
SIM2
SIM3
SIM4
1
21
22
SIM5
SIM1
SIM2
SIM3
SIM4
1
21
22
SIM5
SIM1
SIM2
SIM3
SIM4
1
21
22
SIM5
SIM1
SIM2
SIM3
SIM4
1
21
22
SIM5
SIM1
SIM2
SIM3
SIM4
1
21
22
SIM5
SIM1
SIM2
SIM3
SIM4
1
21
22
SIM5
SIM1
SIM2
SIM3
SIM4
1
21
22
SIM5
SIM1
SIM2
SIM3
SIM4
1
21
22
SIM5
SIM1
SIM2
SIM3
SIM4
1
21
22
SIM5
SIM1
SIM2
SIM3
SIM4
1
21
22
SIM5
SIM1
SIM2
SIM3
SIM4
1
21
22
SIM5
SIM1
SIM2
SIM3
SIM4
1
21
22
SIM5
SIM1
SIM2
SIM3
SIM4
1
21
22
SIM5
SIM1
SIM2
SIM3
SIM4
1
21
22
SIM5
SIM1
SIM2
SIM3
SIM4
1
21
22
SIM5
SIM1
SIM2
SIM3
SIM4
1
21
22
SIM5
SIM1
SIM2
SIM3
SIM4
1
21
22
SIM5
SIM1
SIM2
SIM3
SIM4
1
21
22
SIM5
SIM1
SIM2
SIM3
SIM4
1
21
22
SIM5
SIM1
SIM2
SIM3
SIM4
1
21
22
SIM5
SIM1
SIM2
SIM3
SIM4
1
21
22
SIM5
SIM1
SIM2
SIM3
SIM4
1
21
22
SIM5
SIM1
SIM2
SIM3
SIM4
1
21
22
SIM5
SIM1
SIM2
SIM3
SIM4
1
21
22
SIM5
SIM1
SIM2
SIM3
SIM4
1
21
22
SIM5
SIM1
SIM2
SIM3
SIM4
1
21
22
SIM5
SIM1
SIM2
SIM3
SIM4
1
21
22
SIM5
SIM1
SIM2
SIM3
SIM4
1
21
22
SIM5
SIM1
SIM2
SIM3
SIM4
1
21
22
SIM5
SIM1
SIM2
SIM3
SIM4
1
21
22
SIM5
SIM1
SIM2
SIM3
SIM4
1
21
22
SIM5
SIM1
SIM2
SIM3
SIM4
1
21
22
SIM5
SIM1
SIM2
SIM3
SIM4
1
21
22
SIM5
SIM1
SIM2
SIM3
SIM4
1
21
22
SIM5
SIM1
SIM2
SIM3
SIM4
1
21
22
SIM5
SIM1
SIM2
SIM3
SIM4
1
21
22
SIM5
SIM1
SIM2
SIM3
SIM4
1
21
22
SIM5
SIM1
SIM2
SIM3
SIM4
1
21
22
SIM5
SIM1
SIM2
SIM3
SIM4
1
21
22
SIM5
SIM1
SIM2
SIM3
SIM4
1
21
22
SIM5
SIM1
SIM2
SIM3
SIM4
1
21
22
SIM5
SIM1
SIM2
SIM3
SIM4
1
21
22
SIM5
SIM1
SIM2
SIM3
SIM4
1
21
22
SIM5
SIM1
SIM2
SIM3
SIM4
1
21
22
SIM5
SIM1
SIM2
SIM3
SIM4
1
21
22
SIM5
SIM1
SIM2
SIM3
SIM4
1
21
22
SIM5
SIM1
SIM2
SIM3
SIM4
1
21
22
SIM5
SIM1
SIM2
SIM3
SIM4
1
21
22
SIM5
SIM1
SIM2
SIM3
SIM4
1
21
22
SIM5
SIM1
SIM2
SIM3
SIM4
1
21
22
SIM5
SIM1
SIM2
SIM3
SIM4
1
21
22
SIM5
SIM1
SIM2
SIM3
SIM4
1
21
22
SIM5
SIM1
SIM2
SIM3
SIM4
1
21
22
SIM5
SIM1
SIM2
SIM3
SIM4
1
21
22
SIM5
SIM1
SIM2
SIM3
SIM4
1
21
22
SIM5
SIM1
SIM2
SIM3
SIM4
1
21
22
SIM5
SIM1
SIM2
SIM3
SIM4
1
21
22
SIM5
SIM1
SIM2
SIM3
SIM4
1
21
22
SIM5
SIM1
SIM2
SIM3
SIM4
1
21
22
SIM5
SIM1
SIM2
SIM3
SIM4
1
21
22
SIM5
SIM1
SIM2
SIM3
SIM4
1
21
22
SIM5
SIM1
SIM2
SIM3
SIM4
1
21
22
SIM5
SIM1
SIM2
SIM3
SIM4
1
21
22
SIM5
SIM1
SIM2
SIM3
SIM4
1
21
22
SIM5
SIM1
SIM2
SIM3
SIM4
1
21
22
SIM5
SIM1
SIM2
SIM3
SIM4
1
21
22
SIM5
SIM1
SIM2
SIM3
SIM4
1
21
22
SIM5
SIM1
SIM2
SIM3
SIM4
1
21
22
SIM5
SIM1
SIM2
SIM3
SIM4
1
21
22
SIM5
SIM1
SIM2
SIM3
SIM4
1
21
22
SIM5
SIM1
SIM2
SIM3
SIM4
1
21
22
SIM5
SIM1
SIM2
SIM3
SIM4
1
21
22
SIM5
SIM1
SIM2
SIM3
SIM4
1
21
22
SIM5
SIM1
SIM2
SIM3
SIM4
1
21
22
SIM5
SIM1
SIM2
SIM3
SIM4
1
21
22
SIM5
SIM1
SIM2
SIM3
SIM4
1
21
22
SIM5
SIM1
SIM2
SIM3
SIM4
1
21
22
SIM5
SIM1
SIM2
SIM3
SIM4
1
21
22
SIM5
SIM1
SIM2
SIM3
SIM4
1
21
22
SIM5
SIM1
SIM2
SIM3
SIM4
1
21
22
SIM5
SIM1
SIM2
SIM3
SIM4
1
21
22
SIM5
SIM1
SIM2
SIM3
SIM4
1
21
22
SIM5
SIM1
SIM2
SIM3
SIM4
1
21
22
SIM5
SIM1
SIM2
SIM3
SIM4
1
21
22
SIM5
SIM1
SIM2
SIM3
SIM4
1
21
22
SIM5
SIM1
SIM2
SIM3
SIM4
1
21
22
SIM5
SIM1
SIM2
SIM3
SIM4
1
21
22
SIM5
SIM1
SIM2
SIM3
SIM4
1
21
22
SIM5
SIM1
SIM2
SIM3
SIM4
1
21
22
SIM5
SIM1
SIM2
SIM3
SIM4
1
21
22
SIM5
SIM1
SIM2
SIM3
SIM4
1
21
22
SIM5
SIM1
SIM2
SIM3
SIM4
1
21
22
SIM5
SIM1
SIM2
SIM3
SIM4
1
21
22
SIM5
SIM1
SIM2
SIM3
SIM4
1
21
22
SIM5
SIM1
SIM2
SIM3
SIM4
1
21
22
SIM5
SIM1
SIM2
SIM3
SIM4
1
21
22
SIM5
SIM1
SIM2
SIM3
SIM4
1
21
22
SIM5
SIM1
SIM2
SIM3
SIM4
1
21
22
SIM5
SIM1
SIM2
SIM3
SIM4
1
21
22
SIM5
SIM1
SIM2
SIM3
SIM4
1
21
22
SIM5
SIM1
SIM2
SIM3
SIM4
1
21
22
SIM5
SIM1
SIM2
SIM3
SIM4
1
21
22
SIM5
SIM1
SIM2
SIM3
SIM4
1
21
22
SIM5
SIM1
SIM2
SIM3
SIM4
1
21
22
SIM5
SIM1
SIM2
SIM3
SIM4
1
21
22
SIM5
SIM1
SIM2
SIM3
SIM4
1
21
22
SIM5
SIM1
SIM2
SIM3
SIM4
1
21
22
SIM5
SIM1
SIM2
SIM3
SIM4
1
21
22
SIM5
SIM1
SIM2
SIM3
SIM4
1
21
22
SIM5
SIM1
SIM2
SIM3
SIM4
1
21
22
SIM5
SIM1
SIM2
SIM3
SIM4
1
21
22
SIM5
SIM1
SIM2
SIM3
SIM4
1
21
22
SIM5
SIM1
SIM2
SIM3
SIM4
1
21
22
SIM5
SIM1
SIM2
SIM3
SIM4
1
21
22
SIM5
SIM1
SIM2
SIM3
SIM4
1
21
22
SIM5
SIM1
SIM2
SIM3
SIM4
1
21
22
SIM5
SIM1
SIM2
SIM3
SIM4
1
21
22
SIM5
SIM1
SIM2
SIM3
SIM4
1
21
22
SIM5
SIM1
SIM2
SIM3
SIM4
1
21
22
SIM5
SIM1
SIM2
SIM3
SIM4
1
21
22
SIM5
SIM1
SIM2
SIM3
SIM4
1
21
22
SIM5
SIM1
SIM2
SIM3
SIM4
1
21
22
SIM5
SIM1
SIM2
SIM3
SIM4
1
21
22
SIM5
SIM1
SIM2
SIM3
SIM4
1
21
22
SIM5
SIM1
SIM2
SIM3
SIM4
1
21
22
SIM5
SIM1
SIM2
SIM3
SIM4
1
21
22
SIM5
SIM1
SIM2
SIM3
SIM4
1
21
22
SIM5
SIM1
SIM2
SIM3
SIM4
1
21
22
SIM5
SIM1
SIM2
SIM3
SIM4
1
21
22
SIM5
SIM1
SIM2
SIM3
SIM4
1
21
22
SIM5
SIM1
SIM2
SIM3
SIM4
1
21
22
SIM5
SIM1
SIM2
SIM3
SIM4
1
21
22
SIM5
SIM1
SIM2
SIM3
SIM4
1
21
22
SIM5
SIM1
SIM2
SIM3
SIM4
1
21
22
SIM5
SIM1
SIM2
SIM3
SIM4
1
21
22
SIM5
SIM1
SIM2
SIM3
SIM4
1
21
22
SIM5
SIM1
SIM2
SIM3
SIM4
1
21
22
SIM5
SIM1
SIM2
SIM3
SIM4
1
21
22
SIM5
SIM1
SIM2
SIM3
SIM4
1
21
22
SIM5
SIM1
SIM2
SIM3
SIM4
1
21
22
SIM5
SIM1
SIM2
SIM3
SIM4
1
21
22
SIM5
SIM1
SIM2
SIM3
SIM4
1
21
22
SIM5
SIM1
SIM2
SIM3
SIM4
1
21
22
SIM5
SIM1
SIM2
SIM3
SIM4
1
21
22
SIM5
SIM1
SIM2
SIM3
SIM4
1
21
22
SIM5
SIM1
SIM2
SIM3
SIM4
1
21
22
SIM5
SIM1
SIM2
SIM3
SIM4
1
21
22
SIM5
SIM1
SIM2
SIM3
SIM4
1
21
22
SIM5
SIM1
SIM2
SIM3
SIM4
1
21
22
SIM5
SIM1
SIM2
SIM3
SIM4
1
21
22
SIM5
SIM1
SIM2
SIM3
SIM4
1
21
22
SIM5
SIM1
SIM2
SIM3
SIM4
1
21
22
SIM5
SIM1
SIM2
SIM3
SIM4
1
21
22
SIM5
SIM1
SIM2
SIM3
SIM4
1
21
22
SIM5
SIM1
SIM2
SIM3
SIM4
1
21
22
SIM5
SIM1
SIM2
SIM3
SIM4
1
21
22
SIM5
SIM1
SIM2
SIM3
SIM4
1
21
22
SIM5
SIM1
SIM2
SIM3
SIM4
1
21
22
SIM5
SIM1
SIM2
SIM3
SIM4
1
21
22
SIM5
SIM1
SIM2
SIM3
SIM4
1
21
22
SIM5
SIM1
SIM2
SIM3
SIM4
1
21
22
SIM5
SIM1
SIM2
DEBUG 1 489
SIM1
SIM2
SIM3
SIM4
1
21
22
SIM5
SIM1
SIM2
SIM3
SIM4
1
21
22
SIM5
SIM1
SIM2
SIM3
SIM4
1
21
22
SIM5
SIM1
SIM2
SIM3
SIM4
1
21
22
SIM5
SIM1
SIM2
SIM3
SIM4
1
21
22
SIM5
SIM1
SIM2
SIM3
SIM4
1
21
22
SIM5
SIM1
SIM2
SIM3
SIM4
1
21
22
SIM5
SIM1
SIM2
SIM3
SIM4
1
21
22
SIM5
SIM1
SIM2
SIM3
SIM4
1
21
22
SIM5
SIM1
SIM2
SIM3
SIM4
1
21
22
SIM5
SIM1
SIM2
SIM3
SIM4
1
21
22
SIM5
SIM1
SIM2
SIM3
SIM4
1
21
22
SIM5
SIM1
SIM2
SIM3
SIM4
1
21
22
SIM5
SIM1
SIM2
SIM3
SIM4
1
21
22
SIM5
SIM1
SIM2
SIM3
SIM4
1
21
22
SIM5
SIM1
SIM2
SIM3
SIM4
1
21
22
SIM5
SIM1
SIM2
SIM3
SIM4
1
21
22
SIM5
SIM1
SIM2
SIM3
SIM4
1
21
22
SIM5
SIM1
SIM2
SIM3
SIM4
1
21
22
SIM5
SIM1
SIM2
SIM3
SIM4
1
21
22
SIM5
SIM1
SIM2
SIM3
SIM4
1
21
22
SIM5
SIM1
SIM2
SIM3
SIM4
1
21
22
SIM5
SIM1
SIM2
SIM3
SIM4
1
21
22
SIM5
SIM1
SIM2
SIM3
SIM4
1
21
22
SIM5
SIM1
SIM2
SIM3
SIM4
1
21
22
SIM5
SIM1
SIM2
SIM3
SIM4
1
21
22
SIM5
SIM1
SIM2
SIM3
SIM4
1
21
22
SIM5
SIM1
SIM2
SIM3
SIM4
1
21
22
SIM5
SIM1
SIM2
SIM3
SIM4
1
21
22
SIM5
SIM1
SIM2
SIM3
SIM4
1
21
22
SIM5
SIM1
SIM2
SIM3
SIM4
1
21
22
SIM5
SIM1
SIM2
SIM3
SIM4
1
21
22
SIM5
SIM1
SIM2
SIM3
SIM4
1
21
22
SIM5
SIM1
SIM2
SIM3
SIM4
1
21
22
SIM5
SIM1
SIM2
SIM3
SIM4
1
21
22
SIM5
SIM1
SIM2
SIM3
SIM4
1
21
22
SIM5
SIM1
SIM2
SIM3
SIM4
1
21
22
SIM5
SIM1
SIM2
SIM3
SIM4
1
21
22
SIM5
SIM1
SIM2
SIM3
SIM4
1
21
22
SIM5
SIM1
SIM2
SIM3
SIM4
1
21
22
SIM5
SIM1
SIM2
SIM3
SIM4
1
21
22
SIM5
SIM1
SIM2
SIM3
SIM4
1
21
22
SIM5
SIM1
SIM2
SIM3
SIM4
1
21
22
SIM5
SIM1
SIM2
SIM3
SIM4
1
21
22
SIM5
SIM1
SIM2
SIM3
SIM4
1
21
22
SIM5
SIM1
SIM2
SIM3
SIM4
1
21
22
SIM5
SIM1
SIM2
SIM3
SIM4
1
21
22
SIM5
SIM1
SIM2
SIM3
SIM4
1
21
22
SIM5
SIM1
SIM2
SIM3
SIM4
1
21
22
SIM5
SIM1
SIM2
SIM3
SIM4
1
21
22
SIM5
SIM1
SIM2
SIM3
SIM4
1
21
22
SIM5
SIM1
SIM2
SIM3
SIM4
1
21
22
SIM5
SIM1
SIM2
SIM3
SIM4
1
21
22
SIM5
SIM1
SIM2
SIM3
SIM4
1
21
22
SIM5
SIM1
SIM2
SIM3
SIM4
1
21
22
SIM5
SIM1
SIM2
SIM3
SIM4
1
21
22
SIM5
SIM1
SIM2
SIM3
SIM4
1
21
22
SIM5
SIM1
SIM2
SIM3
SIM4
1
21
22
SIM5
SIM1
SIM2
SIM3
SIM4
1
21
22
SIM5
SIM1
SIM2
SIM3
SIM4
1
21
22
SIM5
SIM1
SIM2
SIM3
SIM4
1
21
22
SIM5
SIM1
SIM2
SIM3
SIM4
1
21
22
SIM5
SIM1
SIM2
SIM3
SIM4
1
21
22
SIM5
SIM1
SIM2
SIM3
SIM4
1
21
22
SIM5
SIM1
SIM2
SIM3
SIM4
1
21
22
SIM5
SIM1
SIM2
SIM3
SIM4
1
21
22
SIM5
SIM1
SIM2
SIM3
SIM4
1
21
22
SIM5
SIM1
SIM2
SIM3
SIM4
1
21
22
SIM5
SIM1
SIM2
SIM3
SIM4
1
21
22
SIM5
SIM1
SIM2
SIM3
SIM4
1
21
22
SIM5
SIM1
SIM2
SIM3
SIM4
1
21
22
SIM5
SIM1
SIM2
SIM3
SIM4
1
21
22
SIM5
SIM1
SIM2
SIM3
SIM4
1
21
22
SIM5
SIM1
SIM2
SIM3
SIM4
1
21
22
SIM5
SIM1
SIM2
SIM3
SIM4
1
21
22
SIM5
SIM1
SIM2
SIM3
SIM4
1
21
22
SIM5
SIM1
SIM2
SIM3
SIM4
1
21
22
SIM5
SIM1
SIM2
SIM3
SIM4
1
21
22
SIM5
SIM1
SIM2
SIM3
SIM4
1
21
22
SIM5
SIM1
SIM2
SIM3
SIM4
1
21
22
SIM5
SIM1
SIM2
SIM3
SIM4
1
21
22
SIM5
SIM1
SIM2
SIM3
SIM4
1
21
22
SIM5
SIM1
SIM2
SIM3
SIM4
1
21
22
SIM5
SIM1
SIM2
SIM3
SIM4
1
21
22
SIM5
SIM1
SIM2
SIM3
SIM4
1
21
22
SIM5
SIM1
SIM2
SIM3
SIM4
1
21
22
SIM5
SIM1
SIM2
SIM3
SIM4
1
21
22
SIM5
SIM1
SIM2
SIM3
SIM4
1
21
22
SIM5
SIM1
SIM2
SIM3
SIM4
1
21
22
SIM5
SIM1
SIM2
SIM3
SIM4
1
21
22
SIM5
SIM1
SIM2
SIM3
SIM4
1
21
22
SIM5
SIM1
SIM2
SIM3
SIM4
1
21
22
SIM5
SIM1
SIM2
SIM3
SIM4
1
21
22
SIM5
SIM1
SIM2
SIM3
SIM4
1
21
22
SIM5
SIM1
SIM2
SIM3
SIM4
1
21
22
SIM5
SIM1
SIM2
SIM3
SIM4
1
21
22
SIM5
SIM1
SIM2
SIM3
SIM4
1
21
22
SIM5
SIM1
SIM2
SIM3
SIM4
1
21
22
SIM5
SIM1
SIM2
SIM3
SIM4
1
21
22
SIM5
SIM1
SIM2
SIM3
SIM4
1
21
22
SIM5
SIM1
SIM2
SIM3
SIM4
1
21
22
SIM5
SIM1
SIM2
SIM3
SIM4
1
21
22
SIM5
SIM1
SIM2
SIM3
SIM4
1
21
22
SIM5
SIM1
SIM2
SIM3
SIM4
1
21
22
SIM5
SIM1
SIM2
SIM3
SIM4
1
21
22
SIM5
SIM1
SIM2
SIM3
SIM4
1
21
22
SIM5
SIM1
SIM2
SIM3
SIM4
1
21
22
SIM5
SIM1
SIM2
SIM3
SIM4
1
21
22
SIM5
SIM1
SIM2
SIM3
SIM4
1
21
22
SIM5
SIM1
SIM2
SIM3
SIM4
1
21
22
SIM5
SIM1
SIM2
SIM3
SIM4
1
21
22
SIM5
SIM1
SIM2
SIM3
SIM4
1
21
22
SIM5
SIM1
SIM2
SIM3
SIM4
1
21
22
SIM5
SIM1
SIM2
SIM3
SIM4
1
21
22
SIM5
SIM1
SIM2
SIM3
SIM4
1
21
22
SIM5
SIM1
SIM2
SIM3
SIM4
1
21
22
SIM5
SIM1
SIM2
SIM3
SIM4
1
21
22
SIM5
SIM1
SIM2
SIM3
SIM4
1
21
22
SIM5
SIM1
SIM2
SIM3
SIM4
1
21
22
SIM5
SIM1
SIM2
SIM3
SIM4
1
21
22
SIM5
SIM1
SIM2
SIM3
SIM4
1
21
22
SIM5
SIM1
SIM2
SIM3
SIM4
1
21
22
SIM5
SIM1
SIM2
SIM3
SIM4
1
21
22
SIM5
SIM1
SIM2
SIM3
SIM4
1
21
22
SIM5
SIM1
SIM2
SIM3
SIM4
1
21
22
SIM5
SIM1
SIM2
SIM3
SIM4
1
21
22
SIM5
SIM1
SIM2
SIM3
SIM4
1
21
22
SIM5
SIM1
SIM2
SIM3
SIM4
1
21
22
SIM5
SIM1
SIM2
SIM3
SIM4
1
21
22
SIM5
SIM1
SIM2
SIM3
SIM4
1
21
22
SIM5
SIM1
SIM2
SIM3
SIM4
1
21
22
SIM5
SIM1
SIM2
SIM3
SIM4
1
21
22
SIM5
SIM1
SIM2
SIM3
SIM4
1
21
22
SIM5
SIM1
SIM2
SIM3
SIM4
1
21
22
SIM5
SIM1
SIM2
SIM3
SIM4
1
21
22
SIM5
SIM1
SIM2
SIM3
SIM4
1
21
22
SIM5
SIM1
SIM2
SIM3
SIM4
1
21
22
SIM5
SIM1
SIM2
SIM3
SIM4
1
21
22
SIM5
SIM1
SIM2
SIM3
SIM4
1
21
22
SIM5
SIM1
SIM2
SIM3
SIM4
1
21
22
SIM5
SIM1
SIM2
SIM3
SIM4
1
21
22
SIM5
SIM1
SIM2
SIM3
SIM4
1
21
22
SIM5
SIM1
SIM2
SIM3
SIM4
1
21
22
SIM5
SIM1
SIM2
SIM3
SIM4
1
21
22
SIM5
SIM1
SIM2
SIM3
SIM4
1
21
22
SIM5
SIM1
SIM2
SIM3
SIM4
1
21
22
SIM5
SIM1
SIM2
SIM3
SIM4
1
21
22
SIM5
SIM1
SIM2
SIM3
SIM4
1
21
22
SIM5
SIM1
SIM2
SIM3
SIM4
1
21
22
SIM5
SIM1
SIM2
SIM3
SIM4
1
21
22
SIM5
SIM1
SIM2
SIM3
SIM4
1
21
22
SIM5
SIM1
SIM2
SIM3
SIM4
1
21
22
SIM5
SIM1
SIM2
SIM3
SIM4
1
21
22
SIM5
SIM1
SIM2
SIM3
SIM4
1
21
22
SIM5
SIM1
SIM2
SIM3
SIM4
1
21
22
SIM5
SIM1
SIM2
SIM3
SIM4
1
21
22
SIM5
SIM1
SIM2
SIM3
SIM4
1
21
22
SIM5
SIM1
SIM2
SIM3
SIM4
1
21
22
SIM5
SIM1
SIM2
SIM3
SIM4
1
21
22
SIM5
SIM1
SIM2
SIM3
SIM4
1
21
22
SIM5
SIM1
SIM2
SIM3
SIM4
1
21
22
SIM5
SIM1
SIM2
SIM3
SIM4
1
21
22
SIM5
SIM1
SIM2
DEBUG 1 490
SIM1
SIM2
SIM3
SIM4
1
21
22
SIM5
SIM1
SIM2
SIM3
SIM4
1
21
22
SIM5
SIM1
SIM2
SIM3
SIM4
1
21
22
SIM5
SIM1
SIM2
SIM3
SIM4
1
21
22
SIM5
SIM1
SIM2
SIM3
SIM4
1
21
22
SIM5
SIM1
SIM2
SIM3
SIM4
1
21
22
SIM5
SIM1
SIM2
SIM3
SIM4
1
21
22
SIM5
SIM1
SIM2
SIM3
SIM4
1
21
22
SIM5
SIM1
SIM2
SIM3
SIM4
1
21
22
SIM5
SIM1
SIM2
SIM3
SIM4
1
21
22
SIM5
SIM1
SIM2
SIM3
SIM4
1
21
22
SIM5
SIM1
SIM2
SIM3
SIM4
1
21
22
SIM5
SIM1
SIM2
SIM3
SIM4
1
21
22
SIM5
SIM1
SIM2
SIM3
SIM4
1
21
22
SIM5
SIM1
SIM2
SIM3
SIM4
1
21
22
SIM5
SIM1
SIM2
SIM3
SIM4
1
21
22
SIM5
SIM1
SIM2
SIM3
SIM4
1
21
22
SIM5
SIM1
SIM2
SIM3
SIM4
1
21
22
SIM5
SIM1
SIM2
SIM3
SIM4
1
21
22
SIM5
SIM1
SIM2
SIM3
SIM4
1
21
22
SIM5
SIM1
SIM2
SIM3
SIM4
1
21
22
SIM5
SIM1
SIM2
SIM3
SIM4
1
21
22
SIM5
SIM1
SIM2
DEBUG 1 491
SIM1
SIM2
SIM3
SIM4
1
21
22
SIM5
SIM1
SIM2
SIM3
SIM4
1
21
22
SIM5
SIM1
SIM2
SIM3
SIM4
1
21
22
SIM5
SIM1
SIM2
SIM3
SIM4
1
21
22
SIM5
SIM1
SIM2
SIM3
SIM4
1
21
22
SIM5
SIM1
SIM2
SIM3
SIM4
1
21
22
SIM5
SIM1
SIM2
SIM3
SIM4
1
21
22
SIM5
SIM1
SIM2
SIM3
SIM4
1
21
22
SIM5
SIM1
SIM2
SIM3
SIM4
1
21
22
SIM5
SIM1
SIM2
SIM3
SIM4
1
21
22
SIM5
SIM1
SIM2
SIM3
SIM4
1
21
22
SIM5
SIM1
SIM2
SIM3
SIM4
1
21
22
SIM5
SIM1
SIM2
SIM3
SIM4
1
21
22
SIM5
SIM1
SIM2
SIM3
SIM4
1
21
22
SIM5
SIM1
SIM2
SIM3
SIM4
1
21
22
SIM5
SIM1
SIM2
SIM3
SIM4
1
21
22
SIM5
SIM1
SIM2
SIM3
SIM4
1
21
22
SIM5
SIM1
SIM2
SIM3
SIM4
1
21
22
SIM5
SIM1
SIM2
SIM3
SIM4
1
21
22
SIM5
SIM1
SIM2
SIM3
SIM4
1
21
22
SIM5
SIM1
SIM2
SIM3
SIM4
1
21
22
SIM5
SIM1
SIM2
SIM3
SIM4
1
21
22
SIM5
SIM1
SIM2
SIM3
SIM4
1
21
22
SIM5
SIM1
SIM2
SIM3
SIM4
1
21
22
SIM5
SIM1
SIM2
SIM3
SIM4
1
21
22
SIM5
SIM1
SIM2
SIM3
SIM4
1
21
22
SIM5
SIM1
SIM2
SIM3
SIM4
1
21
22
SIM5
SIM1
SIM2
SIM3
SIM4
1
21
22
SIM5
SIM1
SIM2
SIM3
SIM4
1
21
22
SIM5
SIM1
SIM2
SIM3
SIM4
1
21
22
SIM5
SIM1
SIM2
SIM3
SIM4
1
21
22
SIM5
SIM1
SIM2
SIM3
SIM4
1
21
22
SIM5
SIM1
SIM2
SIM3
SIM4
1
21
22
SIM5
SIM1
SIM2
SIM3
SIM4
1
21
22
SIM5
SIM1
SIM2
SIM3
SIM4
1
21
22
SIM5
SIM1
SIM2
SIM3
SIM4
1
21
22
SIM5
SIM1
SIM2
SIM3
SIM4
1
21
22
SIM5
SIM1
SIM2
SIM3
SIM4
1
21
22
SIM5
SIM1
SIM2
SIM3
SIM4
1
21
22
SIM5
SIM1
SIM2
SIM3
SIM4
1
21
22
SIM5
SIM1
SIM2
SIM3
SIM4
1
21
22
SIM5
SIM1
SIM2
SIM3
SIM4
1
21
22
SIM5
SIM1
SIM2
DEBUG 1 492
SIM1
SIM2
SIM3
SIM4
1
21
22
SIM5
SIM1
SIM2
SIM3
SIM4
1
21
22
SIM5
SIM1
SIM2
SIM3
SIM4
1
21
22
SIM5
SIM1
SIM2
SIM3
SIM4
1
21
22
SIM5
SIM1
SIM2
SIM3
SIM4
1
21
22
SIM5
SIM1
SIM2
SIM3
SIM4
1
21
22
SIM5
SIM1
SIM2
SIM3
SIM4
1
21
22
SIM5
SIM1
SIM2
SIM3
SIM4
1
21
22
SIM5
SIM1
SIM2
SIM3
SIM4
1
21
22
SIM5
SIM1
SIM2
SIM3
SIM4
1
21
22
SIM5
SIM1
SIM2
SIM3
SIM4
1
21
22
SIM5
SIM1
SIM2
SIM3
SIM4
1
21
22
SIM5
SIM1
SIM2
SIM3
SIM4
1
21
22
SIM5
SIM1
SIM2
SIM3
SIM4
1
21
22
SIM5
SIM1
SIM2
SIM3
SIM4
1
21
22
SIM5
SIM1
SIM2
SIM3
SIM4
1
21
22
SIM5
SIM1
SIM2
SIM3
SIM4
1
21
22
SIM5
SIM1
SIM2
SIM3
SIM4
1
21
22
SIM5
SIM1
SIM2
SIM3
SIM4
1
21
22
SIM5
SIM1
SIM2
SIM3
SIM4
1
21
22
SIM5
SIM1
SIM2
SIM3
SIM4
1
21
22
SIM5
SIM1
SIM2
SIM3
SIM4
1
21
22
SIM5
SIM1
SIM2
SIM3
SIM4
1
21
22
SIM5
SIM1
SIM2
SIM3
SIM4
1
21
22
SIM5
SIM1
SIM2
SIM3
SIM4
1
21
22
SIM5
SIM1
SIM2
SIM3
SIM4
1
21
22
SIM5
SIM1
SIM2
SIM3
SIM4
1
21
22
SIM5
SIM1
SIM2
SIM3
SIM4
1
21
22
SIM5
SIM1
SIM2
SIM3
SIM4
1
21
22
SIM5
SIM1
SIM2
SIM3
SIM4
1
21
22
SIM5
SIM1
SIM2
SIM3
SIM4
1
21
22
SIM5
SIM1
SIM2
SIM3
SIM4
1
21
22
SIM5
SIM1
SIM2
SIM3
SIM4
1
21
22
SIM5
SIM1
SIM2
SIM3
SIM4
1
21
22
SIM5
SIM1
SIM2
SIM3
SIM4
1
21
22
SIM5
SIM1
SIM2
SIM3
SIM4
1
21
22
SIM5
SIM1
SIM2
SIM3
SIM4
1
21
22
SIM5
SIM1
SIM2
SIM3
SIM4
1
21
22
SIM5
SIM1
SIM2
SIM3
SIM4
1
21
22
SIM5
SIM1
SIM2
SIM3
SIM4
1
21
22
SIM5
SIM1
SIM2
SIM3
SIM4
1
21
22
SIM5
SIM1
SIM2
SIM3
SIM4
1
21
22
SIM5
SIM1
SIM2
SIM3
SIM4
1
21
22
SIM5
SIM1
SIM2
SIM3
SIM4
1
21
22
SIM5
SIM1
SIM2
SIM3
SIM4
1
21
22
SIM5
SIM1
SIM2
SIM3
SIM4
1
21
22
SIM5
SIM1
SIM2
SIM3
SIM4
1
21
22
SIM5
SIM1
SIM2
SIM3
SIM4
1
21
22
SIM5
SIM1
SIM2
SIM3
SIM4
1
21
22
SIM5
SIM1
SIM2
SIM3
SIM4
1
21
22
SIM5
SIM1
SIM2
SIM3
SIM4
1
21
22
SIM5
SIM1
SIM2
SIM3
SIM4
1
21
22
SIM5
SIM1
SIM2
SIM3
SIM4
1
21
22
SIM5
SIM1
SIM2
SIM3
SIM4
1
21
22
SIM5
SIM1
SIM2
SIM3
SIM4
1
21
22
SIM5
SIM1
SIM2
SIM3
SIM4
1
21
22
SIM5
SIM1
SIM2
SIM3
SIM4
1
21
22
SIM5
SIM1
SIM2
SIM3
SIM4
1
21
22
SIM5
SIM1
SIM2
SIM3
SIM4
1
21
22
SIM5
SIM1
SIM2
SIM3
SIM4
1
21
22
SIM5
SIM1
SIM2
SIM3
SIM4
1
21
22
SIM5
SIM1
SIM2
SIM3
SIM4
1
21
22
SIM5
SIM1
SIM2
SIM3
SIM4
1
21
22
SIM5
SIM1
SIM2
SIM3
SIM4
1
21
22
SIM5
SIM1
SIM2
SIM3
SIM4
1
21
22
SIM5
SIM1
SIM2
SIM3
SIM4
1
21
22
SIM5
SIM1
SIM2
SIM3
SIM4
1
21
22
SIM5
SIM1
SIM2
SIM3
SIM4
1
21
22
SIM5
SIM1
SIM2
SIM3
SIM4
1
21
22
SIM5
SIM1
SIM2
SIM3
SIM4
1
21
22
SIM5
SIM1
SIM2
SIM3
SIM4
1
21
22
SIM5
SIM1
SIM2
SIM3
SIM4
1
21
22
SIM5
SIM1
SIM2
SIM3
SIM4
1
21
22
SIM5
SIM1
SIM2
SIM3
SIM4
1
21
22
SIM5
SIM1
SIM2
SIM3
SIM4
1
21
22
SIM5
SIM1
SIM2
SIM3
SIM4
1
21
22
SIM5
SIM1
SIM2
SIM3
SIM4
1
21
22
SIM5
SIM1
SIM2
SIM3
SIM4
1
21
22
SIM5
SIM1
SIM2
SIM3
SIM4
1
21
22
SIM5
SIM1
SIM2
SIM3
SIM4
1
21
22
SIM5
SIM1
SIM2
SIM3
SIM4
1
21
22
SIM5
SIM1
SIM2
SIM3
SIM4
1
21
22
SIM5
SIM1
SIM2
SIM3
SIM4
1
21
22
SIM5
SIM1
SIM2
SIM3
SIM4
1
21
22
SIM5
SIM1
SIM2
SIM3
SIM4
1
21
22
SIM5
SIM1
SIM2
SIM3
SIM4
1
21
22
SIM5
SIM1
SIM2
SIM3
SIM4
1
21
22
SIM5
SIM1
SIM2
SIM3
SIM4
1
21
22
SIM5
SIM1
SIM2
SIM3
SIM4
1
21
22
SIM5
SIM1
SIM2
SIM3
SIM4
1
21
22
SIM5
SIM1
SIM2
SIM3
SIM4
1
21
22
SIM5
SIM1
SIM2
SIM3
SIM4
1
21
22
SIM5
SIM1
SIM2
SIM3
SIM4
1
21
22
SIM5
SIM1
SIM2
SIM3
SIM4
1
21
22
SIM5
SIM1
SIM2
SIM3
SIM4
1
21
22
SIM5
SIM1
SIM2
SIM3
SIM4
1
21
22
SIM5
SIM1
SIM2
SIM3
SIM4
1
21
22
SIM5
SIM1
SIM2
SIM3
SIM4
1
21
22
SIM5
SIM1
SIM2
SIM3
SIM4
1
21
22
SIM5
SIM1
SIM2
SIM3
SIM4
1
21
22
SIM5
SIM1
SIM2
SIM3
SIM4
1
21
22
SIM5
SIM1
SIM2
SIM3
SIM4
1
21
22
SIM5
SIM1
SIM2
SIM3
SIM4
1
21
22
SIM5
SIM1
SIM2
SIM3
SIM4
1
21
22
SIM5
SIM1
SIM2
SIM3
SIM4
1
21
22
SIM5
SIM1
SIM2
SIM3
SIM4
1
21
22
SIM5
SIM1
SIM2
SIM3
SIM4
1
21
22
SIM5
SIM1
SIM2
SIM3
SIM4
1
21
22
SIM5
SIM1
SIM2
SIM3
SIM4
1
21
22
SIM5
SIM1
SIM2
SIM3
SIM4
1
21
22
SIM5
SIM1
SIM2
SIM3
SIM4
1
21
22
SIM5
SIM1
SIM2
SIM3
SIM4
1
21
22
SIM5
SIM1
SIM2
SIM3
SIM4
1
21
22
SIM5
SIM1
SIM2
SIM3
SIM4
1
21
22
SIM5
SIM1
SIM2
SIM3
SIM4
1
21
22
SIM5
SIM1
SIM2
SIM3
SIM4
1
21
22
SIM5
SIM1
SIM2
SIM3
SIM4
1
21
22
SIM5
SIM1
SIM2
SIM3
SIM4
1
21
22
SIM5
SIM1
SIM2
SIM3
SIM4
1
21
22
SIM5
SIM1
SIM2
SIM3
SIM4
1
21
22
SIM5
SIM1
SIM2
SIM3
SIM4
1
21
22
SIM5
SIM1
SIM2
SIM3
SIM4
1
21
22
SIM5
SIM1
SIM2
SIM3
SIM4
1
21
22
SIM5
SIM1
SIM2
SIM3
SIM4
1
21
22
SIM5
SIM1
SIM2
SIM3
SIM4
1
21
22
SIM5
SIM1
SIM2
SIM3
SIM4
1
21
22
SIM5
SIM1
SIM2
SIM3
SIM4
1
21
22
SIM5
SIM1
SIM2
SIM3
SIM4
1
21
22
SIM5
SIM1
SIM2
SIM3
SIM4
1
21
22
SIM5
SIM1
SIM2
SIM3
SIM4
1
21
22
SIM5
SIM1
SIM2
SIM3
SIM4
1
21
22
SIM5
SIM1
SIM2
SIM3
SIM4
1
21
22
SIM5
SIM1
SIM2
SIM3
SIM4
1
21
22
SIM5
SIM1
SIM2
SIM3
SIM4
1
21
22
SIM5
SIM1
SIM2
SIM3
SIM4
1
21
22
SIM5
SIM1
SIM2
SIM3
SIM4
1
21
22
SIM5
SIM1
SIM2
SIM3
SIM4
1
21
22
SIM5
SIM1
SIM2
SIM3
SIM4
1
21
22
SIM5
SIM1
SIM2
SIM3
SIM4
1
21
22
SIM5
SIM1
SIM2
SIM3
SIM4
1
21
22
SIM5
SIM1
SIM2
SIM3
SIM4
1
21
22
SIM5
SIM1
SIM2
SIM3
SIM4
1
21
22
SIM5
SIM1
SIM2
SIM3
SIM4
1
21
22
SIM5
SIM1
SIM2
SIM3
SIM4
1
21
22
SIM5
SIM1
SIM2
SIM3
SIM4
1
21
22
SIM5
SIM1
SIM2
SIM3
SIM4
1
21
22
SIM5
SIM1
SIM2
SIM3
SIM4
1
21
22
SIM5
SIM1
SIM2
SIM3
SIM4
1
21
22
SIM5
SIM1
SIM2
SIM3
SIM4
1
21
22
SIM5
SIM1
SIM2
SIM3
SIM4
1
21
22
SIM5
SIM1
SIM2
SIM3
SIM4
1
21
22
SIM5
SIM1
SIM2
SIM3
SIM4
1
21
22
SIM5
SIM1
SIM2
SIM3
SIM4
1
21
22
SIM5
SIM1
SIM2
DEBUG 1 493
SIM1
SIM2
SIM3
SIM4
1
21
22
SIM5
SIM1
SIM2
SIM3
SIM4
1
21
22
SIM5
SIM1
SIM2
SIM3
SIM4
1
21
22
SIM5
SIM1
SIM2
SIM3
SIM4
1
21
22
SIM5
SIM1
SIM2
SIM3
SIM4
1
21
22
SIM5
SIM1
SIM2
SIM3
SIM4
1
21
22
SIM5
SIM1
SIM2
SIM3
SIM4
1
21
22
SIM5
SIM1
SIM2
SIM3
SIM4
1
21
22
SIM5
SIM1
SIM2
SIM3
SIM4
1
21
22
SIM5
SIM1
SIM2
SIM3
SIM4
1
21
22
SIM5
SIM1
SIM2
SIM3
SIM4
1
21
22
SIM5
SIM1
SIM2
SIM3
SIM4
1
21
22
SIM5
SIM1
SIM2
SIM3
SIM4
1
21
22
SIM5
SIM1
SIM2
SIM3
SIM4
1
21
22
SIM5
SIM1
SIM2
SIM3
SIM4
1
21
22
SIM5
SIM1
SIM2
SIM3
SIM4
1
21
22
SIM5
SIM1
SIM2
SIM3
SIM4
1
21
22
SIM5
SIM1
SIM2
SIM3
SIM4
1
21
22
SIM5
SIM1
SIM2
SIM3
SIM4
1
21
22
SIM5
SIM1
SIM2
SIM3
SIM4
1
21
22
SIM5
SIM1
SIM2
SIM3
SIM4
1
21
22
SIM5
SIM1
SIM2
SIM3
SIM4
1
21
22
SIM5
SIM1
SIM2
SIM3
SIM4
1
21
22
SIM5
SIM1
SIM2
SIM3
SIM4
1
21
22
SIM5
SIM1
SIM2
SIM3
SIM4
1
21
22
SIM5
SIM1
SIM2
SIM3
SIM4
1
21
22
SIM5
SIM1
SIM2
SIM3
SIM4
1
21
22
SIM5
SIM1
SIM2
SIM3
SIM4
1
21
22
SIM5
SIM1
SIM2
SIM3
SIM4
1
21
22
SIM5
SIM1
SIM2
SIM3
SIM4
1
21
22
SIM5
SIM1
SIM2
SIM3
SIM4
1
21
22
SIM5
SIM1
SIM2
SIM3
SIM4
1
21
22
SIM5
SIM1
SIM2
SIM3
SIM4
1
21
22
SIM5
SIM1
SIM2
SIM3
SIM4
1
21
22
SIM5
SIM1
SIM2
SIM3
SIM4
1
21
22
SIM5
SIM1
SIM2
SIM3
SIM4
1
21
22
SIM5
SIM1
SIM2
SIM3
SIM4
1
21
22
SIM5
SIM1
SIM2
SIM3
SIM4
1
21
22
SIM5
SIM1
SIM2
SIM3
SIM4
1
21
22
SIM5
SIM1
SIM2
SIM3
SIM4
1
21
22
SIM5
SIM1
SIM2
SIM3
SIM4
1
21
22
SIM5
SIM1
SIM2
SIM3
SIM4
1
21
22
SIM5
SIM1
SIM2
SIM3
SIM4
1
21
22
SIM5
SIM1
SIM2
SIM3
SIM4
1
21
22
SIM5
SIM1
SIM2
SIM3
SIM4
1
21
22
SIM5
SIM1
SIM2
SIM3
SIM4
1
21
22
SIM5
SIM1
SIM2
SIM3
SIM4
1
21
22
SIM5
SIM1
SIM2
SIM3
SIM4
1
21
22
SIM5
SIM1
SIM2
SIM3
SIM4
1
21
22
SIM5
SIM1
SIM2
SIM3
SIM4
1
21
22
SIM5
SIM1
SIM2
SIM3
SIM4
1
21
22
SIM5
SIM1
SIM2
SIM3
SIM4
1
21
22
SIM5
SIM1
SIM2
SIM3
SIM4
1
21
22
SIM5
SIM1
SIM2
SIM3
SIM4
1
21
22
SIM5
SIM1
SIM2
SIM3
SIM4
1
21
22
SIM5
SIM1
SIM2
SIM3
SIM4
1
21
22
SIM5
SIM1
SIM2
SIM3
SIM4
1
21
22
SIM5
SIM1
SIM2
SIM3
SIM4
1
21
22
SIM5
SIM1
SIM2
SIM3
SIM4
1
21
22
SIM5
SIM1
SIM2
SIM3
SIM4
1
21
22
SIM5
SIM1
SIM2
SIM3
SIM4
1
21
22
SIM5
SIM1
SIM2
SIM3
SIM4
1
21
22
SIM5
SIM1
SIM2
SIM3
SIM4
1
21
22
SIM5
SIM1
SIM2
SIM3
SIM4
1
21
22
SIM5
SIM1
SIM2
SIM3
SIM4
1
21
22
SIM5
SIM1
SIM2
SIM3
SIM4
1
21
22
SIM5
SIM1
SIM2
SIM3
SIM4
1
21
22
SIM5
SIM1
SIM2
SIM3
SIM4
1
21
22
SIM5
SIM1
SIM2
SIM3
SIM4
1
21
22
SIM5
SIM1
SIM2
SIM3
SIM4
1
21
22
SIM5
SIM1
SIM2
SIM3
SIM4
1
21
22
SIM5
SIM1
SIM2
SIM3
SIM4
1
21
22
SIM5
SIM1
SIM2
SIM3
SIM4
1
21
22
SIM5
SIM1
SIM2
SIM3
SIM4
1
21
22
SIM5
SIM1
SIM2
SIM3
SIM4
1
21
22
SIM5
SIM1
SIM2
SIM3
SIM4
1
21
22
SIM5
SIM1
SIM2
SIM3
SIM4
1
21
22
SIM5
SIM1
SIM2
SIM3
SIM4
1
21
22
SIM5
SIM1
SIM2
SIM3
SIM4
1
21
22
SIM5
SIM1
SIM2
SIM3
SIM4
1
21
22
SIM5
SIM1
SIM2
SIM3
SIM4
1
21
22
SIM5
SIM1
SIM2
SIM3
SIM4
1
21
22
SIM5
SIM1
SIM2
SIM3
SIM4
1
21
22
SIM5
SIM1
SIM2
SIM3
SIM4
1
21
22
SIM5
SIM1
SIM2
SIM3
SIM4
1
21
22
SIM5
SIM1
SIM2
SIM3
SIM4
1
21
22
SIM5
SIM1
SIM2
SIM3
SIM4
1
21
22
SIM5
SIM1
SIM2
SIM3
SIM4
1
21
22
SIM5
SIM1
SIM2
SIM3
SIM4
1
21
22
SIM5
SIM1
SIM2
SIM3
SIM4
1
21
22
SIM5
SIM1
SIM2
SIM3
SIM4
1
21
22
SIM5
SIM1
SIM2
SIM3
SIM4
1
21
22
SIM5
SIM1
SIM2
SIM3
SIM4
1
21
22
SIM5
SIM1
SIM2
SIM3
SIM4
1
21
22
SIM5
SIM1
SIM2
SIM3
SIM4
1
21
22
SIM5
SIM1
SIM2
SIM3
SIM4
1
21
22
SIM5
SIM1
SIM2
SIM3
SIM4
1
21
22
SIM5
SIM1
SIM2
SIM3
SIM4
1
21
22
SIM5
SIM1
SIM2
SIM3
SIM4
1
21
22
SIM5
SIM1
SIM2
SIM3
SIM4
1
21
22
SIM5
SIM1
SIM2
SIM3
SIM4
1
21
22
SIM5
SIM1
SIM2
SIM3
SIM4
1
21
22
SIM5
SIM1
SIM2
SIM3
SIM4
1
21
22
SIM5
SIM1
SIM2
SIM3
SIM4
1
21
22
SIM5
SIM1
SIM2
SIM3
SIM4
1
21
22
SIM5
SIM1
SIM2
SIM3
SIM4
1
21
22
SIM5
SIM1
SIM2
SIM3
SIM4
1
21
22
SIM5
SIM1
SIM2
SIM3
SIM4
1
21
22
SIM5
SIM1
SIM2
SIM3
SIM4
1
21
22
SIM5
SIM1
SIM2
SIM3
SIM4
1
21
22
SIM5
SIM1
SIM2
SIM3
SIM4
1
21
22
SIM5
SIM1
SIM2
SIM3
SIM4
1
21
22
SIM5
SIM1
SIM2
SIM3
SIM4
1
21
22
SIM5
SIM1
SIM2
SIM3
SIM4
1
21
22
SIM5
SIM1
SIM2
SIM3
SIM4
1
21
22
SIM5
SIM1
SIM2
SIM3
SIM4
1
21
22
SIM5
SIM1
SIM2
SIM3
SIM4
1
21
22
SIM5
SIM1
SIM2
SIM3
SIM4
1
21
22
SIM5
SIM1
SIM2
SIM3
SIM4
1
21
22
SIM5
SIM1
SIM2
SIM3
SIM4
1
21
22
SIM5
SIM1
SIM2
SIM3
SIM4
1
21
22
SIM5
SIM1
SIM2
SIM3
SIM4
1
21
22
SIM5
SIM1
SIM2
SIM3
SIM4
1
21
22
SIM5
SIM1
SIM2
SIM3
SIM4
1
21
22
SIM5
SIM1
SIM2
SIM3
SIM4
1
21
22
SIM5
SIM1
SIM2
SIM3
SIM4
1
21
22
SIM5
SIM1
SIM2
SIM3
SIM4
1
21
22
SIM5
SIM1
SIM2
SIM3
SIM4
1
21
22
SIM5
SIM1
SIM2
SIM3
SIM4
1
21
22
SIM5
SIM1
SIM2
SIM3
SIM4
1
21
22
SIM5
SIM1
SIM2
SIM3
SIM4
1
21
22
SIM5
SIM1
SIM2
SIM3
SIM4
1
21
22
SIM5
SIM1
SIM2
SIM3
SIM4
1
21
22
SIM5
SIM1
SIM2
SIM3
SIM4
1
21
22
SIM5
SIM1
SIM2
SIM3
SIM4
1
21
22
SIM5
SIM1
SIM2
SIM3
SIM4
1
21
22
SIM5
SIM1
SIM2
SIM3
SIM4
1
21
22
SIM5
SIM1
SIM2
SIM3
SIM4
1
21
22
SIM5
SIM1
SIM2
SIM3
SIM4
1
21
22
SIM5
SIM1
SIM2
SIM3
SIM4
1
21
22
SIM5
SIM1
SIM2
SIM3
SIM4
1
21
22
SIM5
SIM1
SIM2
DEBUG 1 494
SIM1
SIM2
SIM3
SIM4
1
21
22
SIM5
SIM1
SIM2
SIM3
SIM4
1
21
22
SIM5
SIM1
SIM2
SIM3
SIM4
1
21
22
SIM5
SIM1
SIM2
SIM3
SIM4
1
21
22
SIM5
SIM1
SIM2
SIM3
SIM4
1
21
22
SIM5
SIM1
SIM2
SIM3
SIM4
1
21
22
SIM5
SIM1
SIM2
SIM3
SIM4
1
21
22
SIM5
SIM1
SIM2
SIM3
SIM4
1
21
22
SIM5
SIM1
SIM2
SIM3
SIM4
1
21
22
SIM5
SIM1
SIM2
SIM3
SIM4
1
21
22
SIM5
SIM1
SIM2
SIM3
SIM4
1
21
22
SIM5
SIM1
SIM2
SIM3
SIM4
1
21
22
SIM5
SIM1
SIM2
SIM3
SIM4
1
21
22
SIM5
SIM1
SIM2
SIM3
SIM4
1
21
22
SIM5
SIM1
SIM2
SIM3
SIM4
1
21
22
SIM5
SIM1
SIM2
SIM3
SIM4
1
21
22
SIM5
SIM1
SIM2
SIM3
SIM4
1
21
22
SIM5
SIM1
SIM2
SIM3
SIM4
1
21
22
SIM5
SIM1
SIM2
SIM3
SIM4
1
21
22
SIM5
SIM1
SIM2
SIM3
SIM4
1
21
22
SIM5
SIM1
SIM2
SIM3
SIM4
1
21
22
SIM5
SIM1
SIM2
SIM3
SIM4
1
21
22
SIM5
SIM1
SIM2
SIM3
SIM4
1
21
22
SIM5
SIM1
SIM2
SIM3
SIM4
1
21
22
SIM5
SIM1
SIM2
SIM3
SIM4
1
21
22
SIM5
SIM1
SIM2
SIM3
SIM4
1
21
22
SIM5
SIM1
SIM2
SIM3
SIM4
1
21
22
SIM5
SIM1
SIM2
SIM3
SIM4
1
21
22
SIM5
SIM1
SIM2
SIM3
SIM4
1
21
22
SIM5
SIM1
SIM2
SIM3
SIM4
1
21
22
SIM5
SIM1
SIM2
SIM3
SIM4
1
21
22
SIM5
SIM1
SIM2
SIM3
SIM4
1
21
22
SIM5
SIM1
SIM2
SIM3
SIM4
1
21
22
SIM5
SIM1
SIM2
SIM3
SIM4
1
21
22
SIM5
SIM1
SIM2
SIM3
SIM4
1
21
22
SIM5
SIM1
SIM2
SIM3
SIM4
1
21
22
SIM5
SIM1
SIM2
SIM3
SIM4
1
21
22
SIM5
SIM1
SIM2
SIM3
SIM4
1
21
22
SIM5
SIM1
SIM2
SIM3
SIM4
1
21
22
SIM5
SIM1
SIM2
SIM3
SIM4
1
21
22
SIM5
SIM1
SIM2
SIM3
SIM4
1
21
22
SIM5
SIM1
SIM2
SIM3
SIM4
1
21
22
SIM5
SIM1
SIM2
SIM3
SIM4
1
21
22
SIM5
SIM1
SIM2
SIM3
SIM4
1
21
22
SIM5
SIM1
SIM2
SIM3
SIM4
1
21
22
SIM5
SIM1
SIM2
SIM3
SIM4
1
21
22
SIM5
SIM1
SIM2
SIM3
SIM4
1
21
22
SIM5
SIM1
SIM2
SIM3
SIM4
1
21
22
SIM5
SIM1
SIM2
SIM3
SIM4
1
21
22
SIM5
SIM1
SIM2
SIM3
SIM4
1
21
22
SIM5
SIM1
SIM2
SIM3
SIM4
1
21
22
SIM5
SIM1
SIM2
SIM3
SIM4
1
21
22
SIM5
SIM1
SIM2
SIM3
SIM4
1
21
22
SIM5
SIM1
SIM2
SIM3
SIM4
1
21
22
SIM5
SIM1
SIM2
SIM3
SIM4
1
21
22
SIM5
SIM1
SIM2
SIM3
SIM4
1
21
22
SIM5
SIM1
SIM2
SIM3
SIM4
1
21
22
SIM5
SIM1
SIM2
SIM3
SIM4
1
21
22
SIM5
SIM1
SIM2
SIM3
SIM4
1
21
22
SIM5
SIM1
SIM2
SIM3
SIM4
1
21
22
SIM5
SIM1
SIM2
SIM3
SIM4
1
21
22
SIM5
SIM1
SIM2
SIM3
SIM4
1
21
22
SIM5
SIM1
SIM2
SIM3
SIM4
1
21
22
SIM5
SIM1
SIM2
SIM3
SIM4
1
21
22
SIM5
SIM1
SIM2
SIM3
SIM4
1
21
22
SIM5
SIM1
SIM2
SIM3
SIM4
1
21
22
SIM5
SIM1
SIM2
SIM3
SIM4
1
21
22
SIM5
SIM1
SIM2
SIM3
SIM4
1
21
22
SIM5
SIM1
SIM2
SIM3
SIM4
1
21
22
SIM5
SIM1
SIM2
SIM3
SIM4
1
21
22
SIM5
SIM1
SIM2
SIM3
SIM4
1
21
22
SIM5
SIM1
SIM2
SIM3
SIM4
1
21
22
SIM5
SIM1
SIM2
SIM3
SIM4
1
21
22
SIM5
SIM1
SIM2
SIM3
SIM4
1
21
22
SIM5
SIM1
SIM2
SIM3
SIM4
1
21
22
SIM5
SIM1
SIM2
SIM3
SIM4
1
21
22
SIM5
SIM1
SIM2
SIM3
SIM4
1
21
22
SIM5
SIM1
SIM2
SIM3
SIM4
1
21
22
SIM5
SIM1
SIM2
SIM3
SIM4
1
21
22
SIM5
SIM1
SIM2
SIM3
SIM4
1
21
22
SIM5
SIM1
SIM2
SIM3
SIM4
1
21
22
SIM5
SIM1
SIM2
SIM3
SIM4
1
21
22
SIM5
SIM1
SIM2
SIM3
SIM4
1
21
22
SIM5
SIM1
SIM2
SIM3
SIM4
1
21
22
SIM5
SIM1
SIM2
SIM3
SIM4
1
21
22
SIM5
SIM1
SIM2
SIM3
SIM4
1
21
22
SIM5
SIM1
SIM2
SIM3
SIM4
1
21
22
SIM5
SIM1
SIM2
SIM3
SIM4
1
21
22
SIM5
SIM1
SIM2
SIM3
SIM4
1
21
22
SIM5
SIM1
SIM2
SIM3
SIM4
1
21
22
SIM5
SIM1
SIM2
SIM3
SIM4
1
21
22
SIM5
SIM1
SIM2
SIM3
SIM4
1
21
22
SIM5
SIM1
SIM2
SIM3
SIM4
1
21
22
SIM5
SIM1
SIM2
SIM3
SIM4
1
21
22
SIM5
SIM1
SIM2
SIM3
SIM4
1
21
22
SIM5
SIM1
SIM2
SIM3
SIM4
1
21
22
SIM5
SIM1
SIM2
SIM3
SIM4
1
21
22
SIM5
SIM1
SIM2
SIM3
SIM4
1
21
22
SIM5
SIM1
SIM2
SIM3
SIM4
1
21
22
SIM5
SIM1
SIM2
SIM3
SIM4
1
21
22
SIM5
SIM1
SIM2
SIM3
SIM4
1
21
22
SIM5
SIM1
SIM2
SIM3
SIM4
1
21
22
SIM5
SIM1
SIM2
SIM3
SIM4
1
21
22
SIM5
SIM1
SIM2
SIM3
SIM4
1
21
22
SIM5
SIM1
SIM2
SIM3
SIM4
1
21
22
SIM5
SIM1
SIM2
SIM3
SIM4
1
21
22
SIM5
SIM1
SIM2
SIM3
SIM4
1
21
22
SIM5
SIM1
SIM2
SIM3
SIM4
1
21
22
SIM5
SIM1
SIM2
SIM3
SIM4
1
21
22
SIM5
SIM1
SIM2
SIM3
SIM4
1
21
22
SIM5
SIM1
SIM2
SIM3
SIM4
1
21
22
SIM5
SIM1
SIM2
SIM3
SIM4
1
21
22
SIM5
SIM1
SIM2
SIM3
SIM4
1
21
22
SIM5
SIM1
SIM2
SIM3
SIM4
1
21
22
SIM5
SIM1
SIM2
SIM3
SIM4
1
21
22
SIM5
SIM1
SIM2
SIM3
SIM4
1
21
22
SIM5
SIM1
SIM2
SIM3
SIM4
1
21
22
SIM5
SIM1
SIM2
SIM3
SIM4
1
21
22
SIM5
SIM1
SIM2
SIM3
SIM4
1
21
22
SIM5
SIM1
SIM2
SIM3
SIM4
1
21
22
SIM5
SIM1
SIM2
SIM3
SIM4
1
21
22
SIM5
SIM1
SIM2
SIM3
SIM4
1
21
22
SIM5
SIM1
SIM2
SIM3
SIM4
1
21
22
SIM5
SIM1
SIM2
SIM3
SIM4
1
21
22
SIM5
SIM1
SIM2
SIM3
SIM4
1
21
22
SIM5
SIM1
SIM2
SIM3
SIM4
1
21
22
SIM5
SIM1
SIM2
SIM3
SIM4
1
21
22
SIM5
SIM1
SIM2
SIM3
SIM4
1
21
22
SIM5
SIM1
SIM2
SIM3
SIM4
1
21
22
SIM5
SIM1
SIM2
SIM3
SIM4
1
21
22
SIM5
SIM1
SIM2
SIM3
SIM4
1
21
22
SIM5
SIM1
SIM2
SIM3
SIM4
1
21
22
SIM5
SIM1
SIM2
SIM3
SIM4
1
21
22
SIM5
SIM1
SIM2
SIM3
SIM4
1
21
22
SIM5
SIM1
SIM2
SIM3
SIM4
1
21
22
SIM5
SIM1
SIM2
DEBUG 1 495
SIM1
SIM2
SIM3
SIM4
1
21
22
SIM5
SIM1
SIM2
SIM3
SIM4
1
21
22
SIM5
SIM1
SIM2
SIM3
SIM4
1
21
22
SIM5
SIM1
SIM2
SIM3
SIM4
1
21
22
SIM5
SIM1
SIM2
SIM3
SIM4
1
21
22
SIM5
SIM1
SIM2
SIM3
SIM4
1
21
22
SIM5
SIM1
SIM2
SIM3
SIM4
1
21
22
SIM5
SIM1
SIM2
SIM3
SIM4
1
21
22
SIM5
SIM1
SIM2
SIM3
SIM4
1
21
22
SIM5
SIM1
SIM2
SIM3
SIM4
1
21
22
SIM5
SIM1
SIM2
SIM3
SIM4
1
21
22
SIM5
SIM1
SIM2
SIM3
SIM4
1
21
22
SIM5
SIM1
SIM2
SIM3
SIM4
1
21
22
SIM5
SIM1
SIM2
SIM3
SIM4
1
21
22
SIM5
SIM1
SIM2
SIM3
SIM4
1
21
22
SIM5
SIM1
SIM2
SIM3
SIM4
1
21
22
SIM5
SIM1
SIM2
SIM3
SIM4
1
21
22
SIM5
SIM1
SIM2
SIM3
SIM4
1
21
22
SIM5
SIM1
SIM2
SIM3
SIM4
1
21
22
SIM5
SIM1
SIM2
SIM3
SIM4
1
21
22
SIM5
SIM1
SIM2
SIM3
SIM4
1
21
22
SIM5
SIM1
SIM2
SIM3
SIM4
1
21
22
SIM5
SIM1
SIM2
SIM3
SIM4
1
21
22
SIM5
SIM1
SIM2
SIM3
SIM4
1
21
22
SIM5
SIM1
SIM2
SIM3
SIM4
1
21
22
SIM5
SIM1
SIM2
SIM3
SIM4
1
21
22
SIM5
SIM1
SIM2
SIM3
SIM4
1
21
22
SIM5
SIM1
SIM2
SIM3
SIM4
1
21
22
SIM5
SIM1
SIM2
SIM3
SIM4
1
21
22
SIM5
SIM1
SIM2
SIM3
SIM4
1
21
22
SIM5
SIM1
SIM2
SIM3
SIM4
1
21
22
SIM5
SIM1
SIM2
SIM3
SIM4
1
21
22
SIM5
SIM1
SIM2
SIM3
SIM4
1
21
22
SIM5
SIM1
SIM2
SIM3
SIM4
1
21
22
SIM5
SIM1
SIM2
SIM3
SIM4
1
21
22
SIM5
SIM1
SIM2
SIM3
SIM4
1
21
22
SIM5
SIM1
SIM2
SIM3
SIM4
1
21
22
SIM5
SIM1
SIM2
SIM3
SIM4
1
21
22
SIM5
SIM1
SIM2
SIM3
SIM4
1
21
22
SIM5
SIM1
SIM2
SIM3
SIM4
1
21
22
SIM5
SIM1
SIM2
SIM3
SIM4
1
21
22
SIM5
SIM1
SIM2
SIM3
SIM4
1
21
22
SIM5
SIM1
SIM2
SIM3
SIM4
1
21
22
SIM5
SIM1
SIM2
SIM3
SIM4
1
21
22
SIM5
SIM1
SIM2
SIM3
SIM4
1
21
22
SIM5
SIM1
SIM2
SIM3
SIM4
1
21
22
SIM5
SIM1
SIM2
SIM3
SIM4
1
21
22
SIM5
SIM1
SIM2
SIM3
SIM4
1
21
22
SIM5
SIM1
SIM2
SIM3
SIM4
1
21
22
SIM5
SIM1
SIM2
SIM3
SIM4
1
21
22
SIM5
SIM1
SIM2
SIM3
SIM4
1
21
22
SIM5
SIM1
SIM2
SIM3
SIM4
1
21
22
SIM5
SIM1
SIM2
SIM3
SIM4
1
21
22
SIM5
SIM1
SIM2
SIM3
SIM4
1
21
22
SIM5
SIM1
SIM2
SIM3
SIM4
1
21
22
SIM5
SIM1
SIM2
SIM3
SIM4
1
21
22
SIM5
SIM1
SIM2
SIM3
SIM4
1
21
22
SIM5
SIM1
SIM2
SIM3
SIM4
1
21
22
SIM5
SIM1
SIM2
SIM3
SIM4
1
21
22
SIM5
SIM1
SIM2
SIM3
SIM4
1
21
22
SIM5
SIM1
SIM2
SIM3
SIM4
1
21
22
SIM5
SIM1
SIM2
SIM3
SIM4
1
21
22
SIM5
SIM1
SIM2
SIM3
SIM4
1
21
22
SIM5
SIM1
SIM2
SIM3
SIM4
1
21
22
SIM5
SIM1
SIM2
SIM3
SIM4
1
21
22
SIM5
SIM1
SIM2
SIM3
SIM4
1
21
22
SIM5
SIM1
SIM2
SIM3
SIM4
1
21
22
SIM5
SIM1
SIM2
SIM3
SIM4
1
21
22
SIM5
SIM1
SIM2
SIM3
SIM4
1
21
22
SIM5
SIM1
SIM2
SIM3
SIM4
1
21
22
SIM5
SIM1
SIM2
SIM3
SIM4
1
21
22
SIM5
SIM1
SIM2
SIM3
SIM4
1
21
22
SIM5
SIM1
SIM2
SIM3
SIM4
1
21
22
SIM5
SIM1
SIM2
SIM3
SIM4
1
21
22
SIM5
SIM1
SIM2
SIM3
SIM4
1
21
22
SIM5
SIM1
SIM2
SIM3
SIM4
1
21
22
SIM5
SIM1
SIM2
SIM3
SIM4
1
21
22
SIM5
SIM1
SIM2
SIM3
SIM4
1
21
22
SIM5
SIM1
SIM2
SIM3
SIM4
1
21
22
SIM5
SIM1
SIM2
SIM3
SIM4
1
21
22
SIM5
SIM1
SIM2
SIM3
SIM4
1
21
22
SIM5
SIM1
SIM2
SIM3
SIM4
1
21
22
SIM5
SIM1
SIM2
SIM3
SIM4
1
21
22
SIM5
SIM1
SIM2
SIM3
SIM4
1
21
22
SIM5
SIM1
SIM2
SIM3
SIM4
1
21
22
SIM5
SIM1
SIM2
SIM3
SIM4
1
21
22
SIM5
SIM1
SIM2
SIM3
SIM4
1
21
22
SIM5
SIM1
SIM2
SIM3
SIM4
1
21
22
SIM5
SIM1
SIM2
SIM3
SIM4
1
21
22
SIM5
SIM1
SIM2
SIM3
SIM4
1
21
22
SIM5
SIM1
SIM2
SIM3
SIM4
1
21
22
SIM5
SIM1
SIM2
SIM3
SIM4
1
21
22
SIM5
SIM1
SIM2
SIM3
SIM4
1
21
22
SIM5
SIM1
SIM2
SIM3
SIM4
1
21
22
SIM5
SIM1
SIM2
SIM3
SIM4
1
21
22
SIM5
SIM1
SIM2
SIM3
SIM4
1
21
22
SIM5
SIM1
SIM2
SIM3
SIM4
1
21
22
SIM5
SIM1
SIM2
SIM3
SIM4
1
21
22
SIM5
SIM1
SIM2
SIM3
SIM4
1
21
22
SIM5
SIM1
SIM2
SIM3
SIM4
1
21
22
SIM5
SIM1
SIM2
SIM3
SIM4
1
21
22
SIM5
SIM1
SIM2
SIM3
SIM4
1
21
22
SIM5
SIM1
SIM2
SIM3
SIM4
1
21
22
SIM5
SIM1
SIM2
SIM3
SIM4
1
21
22
SIM5
SIM1
SIM2
SIM3
SIM4
1
21
22
SIM5
SIM1
SIM2
SIM3
SIM4
1
21
22
SIM5
SIM1
SIM2
SIM3
SIM4
1
21
22
SIM5
SIM1
SIM2
SIM3
SIM4
1
21
22
SIM5
SIM1
SIM2
SIM3
SIM4
1
21
22
SIM5
SIM1
SIM2
SIM3
SIM4
1
21
22
SIM5
SIM1
SIM2
SIM3
SIM4
1
21
22
SIM5
SIM1
SIM2
SIM3
SIM4
1
21
22
SIM5
SIM1
SIM2
SIM3
SIM4
1
21
22
SIM5
SIM1
SIM2
SIM3
SIM4
1
21
22
SIM5
SIM1
SIM2
SIM3
SIM4
1
21
22
SIM5
SIM1
SIM2
SIM3
SIM4
1
21
22
SIM5
SIM1
SIM2
SIM3
SIM4
1
21
22
SIM5
SIM1
SIM2
SIM3
SIM4
1
21
22
SIM5
SIM1
SIM2
SIM3
SIM4
1
21
22
SIM5
SIM1
SIM2
SIM3
SIM4
1
21
22
SIM5
SIM1
SIM2
SIM3
SIM4
1
21
22
SIM5
SIM1
SIM2
SIM3
SIM4
1
21
22
SIM5
SIM1
SIM2
SIM3
SIM4
1
21
22
SIM5
SIM1
SIM2
SIM3
SIM4
1
21
22
SIM5
SIM1
SIM2
SIM3
SIM4
1
21
22
SIM5
SIM1
SIM2
SIM3
SIM4
1
21
22
SIM5
SIM1
SIM2
SIM3
SIM4
1
21
22
SIM5
SIM1
SIM2
SIM3
SIM4
1
21
22
SIM5
SIM1
SIM2
SIM3
SIM4
1
21
22
SIM5
SIM1
SIM2
SIM3
SIM4
1
21
22
SIM5
SIM1
SIM2
SIM3
SIM4
1
21
22
SIM5
SIM1
SIM2
SIM3
SIM4
1
21
22
SIM5
SIM1
SIM2
SIM3
SIM4
1
21
22
SIM5
SIM1
SIM2
SIM3
SIM4
1
21
22
SIM5
SIM1
SIM2
SIM3
SIM4
1
21
22
SIM5
SIM1
SIM2
SIM3
SIM4
1
21
22
SIM5
SIM1
SIM2
SIM3
SIM4
1
21
22
SIM5
SIM1
SIM2
SIM3
SIM4
1
21
22
SIM5
SIM1
SIM2
SIM3
SIM4
1
21
22
SIM5
SIM1
SIM2
SIM3
SIM4
1
21
22
SIM5
SIM1
SIM2
SIM3
SIM4
1
21
22
SIM5
SIM1
SIM2
SIM3
SIM4
1
21
22
SIM5
SIM1
SIM2
SIM3
SIM4
1
21
22
SIM5
SIM1
SIM2
SIM3
SIM4
1
21
22
SIM5
SIM1
SIM2
SIM3
SIM4
1
21
22
SIM5
SIM1
SIM2
SIM3
SIM4
1
21
22
SIM5
SIM1
SIM2
SIM3
SIM4
1
21
22
SIM5
SIM1
SIM2
SIM3
SIM4
1
21
22
SIM5
SIM1
SIM2
SIM3
SIM4
1
21
22
SIM5
SIM1
SIM2
SIM3
SIM4
1
21
22
SIM5
SIM1
SIM2
SIM3
SIM4
1
21
22
SIM5
SIM1
SIM2
SIM3
SIM4
1
21
22
SIM5
SIM1
SIM2
SIM3
SIM4
1
21
22
SIM5
SIM1
SIM2
SIM3
SIM4
1
21
22
SIM5
SIM1
SIM2
SIM3
SIM4
1
21
22
SIM5
SIM1
SIM2
SIM3
SIM4
1
21
22
SIM5
SIM1
SIM2
SIM3
SIM4
1
21
22
SIM5
SIM1
SIM2
SIM3
SIM4
1
21
22
SIM5
SIM1
SIM2
SIM3
SIM4
1
21
22
SIM5
SIM1
SIM2
SIM3
SIM4
1
21
22
SIM5
SIM1
SIM2
SIM3
SIM4
1
21
22
SIM5
SIM1
SIM2
SIM3
SIM4
1
21
22
SIM5
SIM1
SIM2
SIM3
SIM4
1
21
22
SIM5
SIM1
SIM2
SIM3
SIM4
1
21
22
SIM5
SIM1
SIM2
SIM3
SIM4
1
21
22
SIM5
SIM1
SIM2
SIM3
SIM4
1
21
22
SIM5
SIM1
SIM2
SIM3
SIM4
1
21
22
SIM5
SIM1
SIM2
SIM3
SIM4
1
21
22
SIM5
SIM1
SIM2
SIM3
SIM4
1
21
22
SIM5
SIM1
SIM2
SIM3
SIM4
1
21
22
SIM5
SIM1
SIM2
DEBUG 1 496
SIM1
SIM2
SIM3
SIM4
1
21
22
SIM5
SIM1
SIM2
SIM3
SIM4
1
21
22
SIM5
SIM1
SIM2
SIM3
SIM4
1
21
22
SIM5
SIM1
SIM2
SIM3
SIM4
1
21
22
SIM5
SIM1
SIM2
SIM3
SIM4
1
21
22
SIM5
SIM1
SIM2
SIM3
SIM4
1
21
22
SIM5
SIM1
SIM2
SIM3
SIM4
1
21
22
SIM5
SIM1
SIM2
SIM3
SIM4
1
21
22
SIM5
SIM1
SIM2
SIM3
SIM4
1
21
22
SIM5
SIM1
SIM2
SIM3
SIM4
1
21
22
SIM5
SIM1
SIM2
SIM3
SIM4
1
21
22
SIM5
SIM1
SIM2
SIM3
SIM4
1
21
22
SIM5
SIM1
SIM2
SIM3
SIM4
1
21
22
SIM5
SIM1
SIM2
SIM3
SIM4
1
21
22
SIM5
SIM1
SIM2
SIM3
SIM4
1
21
22
SIM5
SIM1
SIM2
SIM3
SIM4
1
21
22
SIM5
SIM1
SIM2
SIM3
SIM4
1
21
22
SIM5
SIM1
SIM2
SIM3
SIM4
1
21
22
SIM5
SIM1
SIM2
SIM3
SIM4
1
21
22
SIM5
SIM1
SIM2
SIM3
SIM4
1
21
22
SIM5
SIM1
SIM2
SIM3
SIM4
1
21
22
SIM5
SIM1
SIM2
SIM3
SIM4
1
21
22
SIM5
SIM1
SIM2
SIM3
SIM4
1
21
22
SIM5
SIM1
SIM2
SIM3
SIM4
1
21
22
SIM5
SIM1
SIM2
SIM3
SIM4
1
21
22
SIM5
SIM1
SIM2
SIM3
SIM4
1
21
22
SIM5
SIM1
SIM2
SIM3
SIM4
1
21
22
SIM5
SIM1
SIM2
SIM3
SIM4
1
21
22
SIM5
SIM1
SIM2
SIM3
SIM4
1
21
22
SIM5
SIM1
SIM2
SIM3
SIM4
1
21
22
SIM5
SIM1
SIM2
SIM3
SIM4
1
21
22
SIM5
SIM1
SIM2
SIM3
SIM4
1
21
22
SIM5
SIM1
SIM2
SIM3
SIM4
1
21
22
SIM5
SIM1
SIM2
SIM3
SIM4
1
21
22
SIM5
SIM1
SIM2
SIM3
SIM4
1
21
22
SIM5
SIM1
SIM2
SIM3
SIM4
1
21
22
SIM5
SIM1
SIM2
SIM3
SIM4
1
21
22
SIM5
SIM1
SIM2
SIM3
SIM4
1
21
22
SIM5
SIM1
SIM2
SIM3
SIM4
1
21
22
SIM5
SIM1
SIM2
SIM3
SIM4
1
21
22
SIM5
SIM1
SIM2
SIM3
SIM4
1
21
22
SIM5
SIM1
SIM2
SIM3
SIM4
1
21
22
SIM5
SIM1
SIM2
SIM3
SIM4
1
21
22
SIM5
SIM1
SIM2
SIM3
SIM4
1
21
22
SIM5
SIM1
SIM2
SIM3
SIM4
1
21
22
SIM5
SIM1
SIM2
SIM3
SIM4
1
21
22
SIM5
SIM1
SIM2
SIM3
SIM4
1
21
22
SIM5
SIM1
SIM2
SIM3
SIM4
1
21
22
SIM5
SIM1
SIM2
SIM3
SIM4
1
21
22
SIM5
SIM1
SIM2
SIM3
SIM4
1
21
22
SIM5
SIM1
SIM2
SIM3
SIM4
1
21
22
SIM5
SIM1
SIM2
SIM3
SIM4
1
21
22
SIM5
SIM1
SIM2
SIM3
SIM4
1
21
22
SIM5
SIM1
SIM2
SIM3
SIM4
1
21
22
SIM5
SIM1
SIM2
SIM3
SIM4
1
21
22
SIM5
SIM1
SIM2
SIM3
SIM4
1
21
22
SIM5
SIM1
SIM2
SIM3
SIM4
1
21
22
SIM5
SIM1
SIM2
SIM3
SIM4
1
21
22
SIM5
SIM1
SIM2
SIM3
SIM4
1
21
22
SIM5
SIM1
SIM2
SIM3
SIM4
1
21
22
SIM5
SIM1
SIM2
SIM3
SIM4
1
21
22
SIM5
SIM1
SIM2
SIM3
SIM4
1
21
22
SIM5
SIM1
SIM2
SIM3
SIM4
1
21
22
SIM5
SIM1
SIM2
SIM3
SIM4
1
21
22
SIM5
SIM1
SIM2
SIM3
SIM4
1
21
22
SIM5
SIM1
SIM2
SIM3
SIM4
1
21
22
SIM5
SIM1
SIM2
SIM3
SIM4
1
21
22
SIM5
SIM1
SIM2
SIM3
SIM4
1
21
22
SIM5
SIM1
SIM2
SIM3
SIM4
1
21
22
SIM5
SIM1
SIM2
SIM3
SIM4
1
21
22
SIM5
SIM1
SIM2
SIM3
SIM4
1
21
22
SIM5
SIM1
SIM2
SIM3
SIM4
1
21
22
SIM5
SIM1
SIM2
SIM3
SIM4
1
21
22
SIM5
SIM1
SIM2
SIM3
SIM4
1
21
22
SIM5
SIM1
SIM2
SIM3
SIM4
1
21
22
SIM5
SIM1
SIM2
SIM3
SIM4
1
21
22
SIM5
SIM1
SIM2
SIM3
SIM4
1
21
22
SIM5
SIM1
SIM2
SIM3
SIM4
1
21
22
SIM5
SIM1
SIM2
SIM3
SIM4
1
21
22
SIM5
SIM1
SIM2
SIM3
SIM4
1
21
22
SIM5
SIM1
SIM2
SIM3
SIM4
1
21
22
SIM5
SIM1
SIM2
SIM3
SIM4
1
21
22
SIM5
SIM1
SIM2
SIM3
SIM4
1
21
22
SIM5
SIM1
SIM2
SIM3
SIM4
1
21
22
SIM5
SIM1
SIM2
SIM3
SIM4
1
21
22
SIM5
SIM1
SIM2
SIM3
SIM4
1
21
22
SIM5
SIM1
SIM2
SIM3
SIM4
1
21
22
SIM5
SIM1
SIM2
SIM3
SIM4
1
21
22
SIM5
SIM1
SIM2
SIM3
SIM4
1
21
22
SIM5
SIM1
SIM2
SIM3
SIM4
1
21
22
SIM5
SIM1
SIM2
SIM3
SIM4
1
21
22
SIM5
SIM1
SIM2
SIM3
SIM4
1
21
22
SIM5
SIM1
SIM2
SIM3
SIM4
1
21
22
SIM5
SIM1
SIM2
SIM3
SIM4
1
21
22
SIM5
SIM1
SIM2
SIM3
SIM4
1
21
22
SIM5
SIM1
SIM2
SIM3
SIM4
1
21
22
SIM5
SIM1
SIM2
SIM3
SIM4
1
21
22
SIM5
SIM1
SIM2
SIM3
SIM4
1
21
22
SIM5
SIM1
SIM2
SIM3
SIM4
1
21
22
SIM5
SIM1
SIM2
SIM3
SIM4
1
21
22
SIM5
SIM1
SIM2
SIM3
SIM4
1
21
22
SIM5
SIM1
SIM2
SIM3
SIM4
1
21
22
SIM5
SIM1
SIM2
SIM3
SIM4
1
21
22
SIM5
SIM1
SIM2
SIM3
SIM4
1
21
22
SIM5
SIM1
SIM2
SIM3
SIM4
1
21
22
SIM5
SIM1
SIM2
SIM3
SIM4
1
21
22
SIM5
SIM1
SIM2
SIM3
SIM4
1
21
22
SIM5
SIM1
SIM2
SIM3
SIM4
1
21
22
SIM5
SIM1
SIM2
SIM3
SIM4
1
21
22
SIM5
SIM1
SIM2
SIM3
SIM4
1
21
22
SIM5
SIM1
SIM2
SIM3
SIM4
1
21
22
SIM5
SIM1
SIM2
SIM3
SIM4
1
21
22
SIM5
SIM1
SIM2
SIM3
SIM4
1
21
22
SIM5
SIM1
SIM2
SIM3
SIM4
1
21
22
SIM5
SIM1
SIM2
SIM3
SIM4
1
21
22
SIM5
SIM1
SIM2
SIM3
SIM4
1
21
22
SIM5
SIM1
SIM2
SIM3
SIM4
1
21
22
SIM5
SIM1
SIM2
SIM3
SIM4
1
21
22
SIM5
SIM1
SIM2
SIM3
SIM4
1
21
22
SIM5
SIM1
SIM2
SIM3
SIM4
1
21
22
SIM5
SIM1
SIM2
SIM3
SIM4
1
21
22
SIM5
SIM1
SIM2
SIM3
SIM4
1
21
22
SIM5
SIM1
SIM2
SIM3
SIM4
1
21
22
SIM5
SIM1
SIM2
SIM3
SIM4
1
21
22
SIM5
SIM1
SIM2
SIM3
SIM4
1
21
22
SIM5
SIM1
SIM2
SIM3
SIM4
1
21
22
SIM5
SIM1
SIM2
SIM3
SIM4
1
21
22
SIM5
SIM1
SIM2
SIM3
SIM4
1
21
22
SIM5
SIM1
SIM2
SIM3
SIM4
1
21
22
SIM5
SIM1
SIM2
SIM3
SIM4
1
21
22
SIM5
SIM1
SIM2
SIM3
SIM4
1
21
22
SIM5
SIM1
SIM2
SIM3
SIM4
1
21
22
SIM5
SIM1
SIM2
SIM3
SIM4
1
21
22
SIM5
SIM1
SIM2
SIM3
SIM4
1
21
22
SIM5
SIM1
SIM2
SIM3
SIM4
1
21
22
SIM5
SIM1
SIM2
SIM3
SIM4
1
21
22
SIM5
SIM1
SIM2
SIM3
SIM4
1
21
22
SIM5
SIM1
SIM2
SIM3
SIM4
1
21
22
SIM5
SIM1
SIM2
SIM3
SIM4
1
21
22
SIM5
SIM1
SIM2
SIM3
SIM4
1
21
22
SIM5
SIM1
SIM2
SIM3
SIM4
1
21
22
SIM5
SIM1
SIM2
SIM3
SIM4
1
21
22
SIM5
SIM1
SIM2
SIM3
SIM4
1
21
22
SIM5
SIM1
SIM2
SIM3
SIM4
1
21
22
SIM5
SIM1
SIM2
SIM3
SIM4
1
21
22
SIM5
SIM1
SIM2
SIM3
SIM4
1
21
22
SIM5
SIM1
SIM2
SIM3
SIM4
1
21
22
SIM5
SIM1
SIM2
SIM3
SIM4
1
21
22
SIM5
SIM1
SIM2
SIM3
SIM4
1
21
22
SIM5
SIM1
SIM2
SIM3
SIM4
1
21
22
SIM5
SIM1
SIM2
SIM3
SIM4
1
21
22
SIM5
SIM1
SIM2
SIM3
SIM4
1
21
22
SIM5
SIM1
SIM2
SIM3
SIM4
1
21
22
SIM5
SIM1
SIM2
SIM3
SIM4
1
21
22
SIM5
SIM1
SIM2
SIM3
SIM4
1
21
22
SIM5
SIM1
SIM2
SIM3
SIM4
1
21
22
SIM5
SIM1
SIM2
SIM3
SIM4
1
21
22
SIM5
SIM1
SIM2
SIM3
SIM4
1
21
22
SIM5
SIM1
SIM2
SIM3
SIM4
1
21
22
SIM5
SIM1
SIM2
SIM3
SIM4
1
21
22
SIM5
SIM1
SIM2
SIM3
SIM4
1
21
22
SIM5
SIM1
SIM2
SIM3
SIM4
1
21
22
SIM5
SIM1
SIM2
SIM3
SIM4
1
21
22
SIM5
SIM1
SIM2
SIM3
SIM4
1
21
22
SIM5
SIM1
SIM2
SIM3
SIM4
1
21
22
SIM5
SIM1
SIM2
SIM3
SIM4
1
21
22
SIM5
SIM1
SIM2
SIM3
SIM4
1
21
22
SIM5
SIM1
SIM2
SIM3
SIM4
1
21
22
SIM5
SIM1
SIM2
SIM3
SIM4
1
21
22
SIM5
SIM1
SIM2
SIM3
SIM4
1
21
22
SIM5
SIM1
SIM2
SIM3
SIM4
1
21
22
SIM5
SIM1
SIM2
SIM3
SIM4
1
21
22
SIM5
SIM1
SIM2
SIM3
SIM4
1
21
22
SIM5
SIM1
SIM2
SIM3
SIM4
1
21
22
SIM5
SIM1
SIM2
SIM3
SIM4
1
21
22
SIM5
SIM1
SIM2
DEBUG 1 497
SIM1
SIM2
SIM3
SIM4
1
21
22
SIM5
SIM1
SIM2
SIM3
SIM4
1
21
22
SIM5
SIM1
SIM2
SIM3
SIM4
1
21
22
SIM5
SIM1
SIM2
SIM3
SIM4
1
21
22
SIM5
SIM1
SIM2
SIM3
SIM4
1
21
22
SIM5
SIM1
SIM2
SIM3
SIM4
1
21
22
SIM5
SIM1
SIM2
SIM3
SIM4
1
21
22
SIM5
SIM1
SIM2
SIM3
SIM4
1
21
22
SIM5
SIM1
SIM2
SIM3
SIM4
1
21
22
SIM5
SIM1
SIM2
SIM3
SIM4
1
21
22
SIM5
SIM1
SIM2
SIM3
SIM4
1
21
22
SIM5
SIM1
SIM2
SIM3
SIM4
1
21
22
SIM5
SIM1
SIM2
SIM3
SIM4
1
21
22
SIM5
SIM1
SIM2
SIM3
SIM4
1
21
22
SIM5
SIM1
SIM2
SIM3
SIM4
1
21
22
SIM5
SIM1
SIM2
SIM3
SIM4
1
21
22
SIM5
SIM1
SIM2
SIM3
SIM4
1
21
22
SIM5
SIM1
SIM2
SIM3
SIM4
1
21
22
SIM5
SIM1
SIM2
SIM3
SIM4
1
21
22
SIM5
SIM1
SIM2
SIM3
SIM4
1
21
22
SIM5
SIM1
SIM2
SIM3
SIM4
1
21
22
SIM5
SIM1
SIM2
SIM3
SIM4
1
21
22
SIM5
SIM1
SIM2
SIM3
SIM4
1
21
22
SIM5
SIM1
SIM2
SIM3
SIM4
1
21
22
SIM5
SIM1
SIM2
SIM3
SIM4
1
21
22
SIM5
SIM1
SIM2
SIM3
SIM4
1
21
22
SIM5
SIM1
SIM2
SIM3
SIM4
1
21
22
SIM5
SIM1
SIM2
SIM3
SIM4
1
21
22
SIM5
SIM1
SIM2
SIM3
SIM4
1
21
22
SIM5
SIM1
SIM2
SIM3
SIM4
1
21
22
SIM5
SIM1
SIM2
SIM3
SIM4
1
21
22
SIM5
SIM1
SIM2
SIM3
SIM4
1
21
22
SIM5
SIM1
SIM2
SIM3
SIM4
1
21
22
SIM5
SIM1
SIM2
SIM3
SIM4
1
21
22
SIM5
SIM1
SIM2
SIM3
SIM4
1
21
22
SIM5
SIM1
SIM2
SIM3
SIM4
1
21
22
SIM5
SIM1
SIM2
SIM3
SIM4
1
21
22
SIM5
SIM1
SIM2
SIM3
SIM4
1
21
22
SIM5
SIM1
SIM2
SIM3
SIM4
1
21
22
SIM5
SIM1
SIM2
SIM3
SIM4
1
21
22
SIM5
SIM1
SIM2
SIM3
SIM4
1
21
22
SIM5
SIM1
SIM2
SIM3
SIM4
1
21
22
SIM5
SIM1
SIM2
SIM3
SIM4
1
21
22
SIM5
SIM1
SIM2
SIM3
SIM4
1
21
22
SIM5
SIM1
SIM2
SIM3
SIM4
1
21
22
SIM5
SIM1
SIM2
SIM3
SIM4
1
21
22
SIM5
SIM1
SIM2
SIM3
SIM4
1
21
22
SIM5
SIM1
SIM2
SIM3
SIM4
1
21
22
SIM5
SIM1
SIM2
SIM3
SIM4
1
21
22
SIM5
SIM1
SIM2
SIM3
SIM4
1
21
22
SIM5
SIM1
SIM2
SIM3
SIM4
1
21
22
SIM5
SIM1
SIM2
SIM3
SIM4
1
21
22
SIM5
SIM1
SIM2
SIM3
SIM4
1
21
22
SIM5
SIM1
SIM2
SIM3
SIM4
1
21
22
SIM5
SIM1
SIM2
SIM3
SIM4
1
21
22
SIM5
SIM1
SIM2
SIM3
SIM4
1
21
22
SIM5
SIM1
SIM2
SIM3
SIM4
1
21
22
SIM5
SIM1
SIM2
SIM3
SIM4
1
21
22
SIM5
SIM1
SIM2
SIM3
SIM4
1
21
22
SIM5
SIM1
SIM2
SIM3
SIM4
1
21
22
SIM5
SIM1
SIM2
SIM3
SIM4
1
21
22
SIM5
SIM1
SIM2
SIM3
SIM4
1
21
22
SIM5
SIM1
SIM2
SIM3
SIM4
1
21
22
SIM5
SIM1
SIM2
SIM3
SIM4
1
21
22
SIM5
SIM1
SIM2
SIM3
SIM4
1
21
22
SIM5
SIM1
SIM2
SIM3
SIM4
1
21
22
SIM5
SIM1
SIM2
SIM3
SIM4
1
21
22
SIM5
SIM1
SIM2
SIM3
SIM4
1
21
22
SIM5
SIM1
SIM2
SIM3
SIM4
1
21
22
SIM5
SIM1
SIM2
SIM3
SIM4
1
21
22
SIM5
SIM1
SIM2
SIM3
SIM4
1
21
22
SIM5
SIM1
SIM2
SIM3
SIM4
1
21
22
SIM5
SIM1
SIM2
SIM3
SIM4
1
21
22
SIM5
SIM1
SIM2
SIM3
SIM4
1
21
22
SIM5
SIM1
SIM2
SIM3
SIM4
1
21
22
SIM5
SIM1
SIM2
SIM3
SIM4
1
21
22
SIM5
SIM1
SIM2
SIM3
SIM4
1
21
22
SIM5
SIM1
SIM2
SIM3
SIM4
1
21
22
SIM5
SIM1
SIM2
SIM3
SIM4
1
21
22
SIM5
SIM1
SIM2
SIM3
SIM4
1
21
22
SIM5
SIM1
SIM2
SIM3
SIM4
1
21
22
SIM5
SIM1
SIM2
SIM3
SIM4
1
21
22
SIM5
SIM1
SIM2
SIM3
SIM4
1
21
22
SIM5
SIM1
SIM2
SIM3
SIM4
1
21
22
SIM5
SIM1
SIM2
SIM3
SIM4
1
21
22
SIM5
SIM1
SIM2
SIM3
SIM4
1
21
22
SIM5
SIM1
SIM2
SIM3
SIM4
1
21
22
SIM5
SIM1
SIM2
SIM3
SIM4
1
21
22
SIM5
SIM1
SIM2
SIM3
SIM4
1
21
22
SIM5
SIM1
SIM2
SIM3
SIM4
1
21
22
SIM5
SIM1
SIM2
SIM3
SIM4
1
21
22
SIM5
SIM1
SIM2
SIM3
SIM4
1
21
22
SIM5
SIM1
SIM2
SIM3
SIM4
1
21
22
SIM5
SIM1
SIM2
SIM3
SIM4
1
21
22
SIM5
SIM1
SIM2
SIM3
SIM4
1
21
22
SIM5
SIM1
SIM2
SIM3
SIM4
1
21
22
SIM5
SIM1
SIM2
SIM3
SIM4
1
21
22
SIM5
SIM1
SIM2
SIM3
SIM4
1
21
22
SIM5
SIM1
SIM2
SIM3
SIM4
1
21
22
SIM5
SIM1
SIM2
SIM3
SIM4
1
21
22
SIM5
SIM1
SIM2
SIM3
SIM4
1
21
22
SIM5
SIM1
SIM2
SIM3
SIM4
1
21
22
SIM5
SIM1
SIM2
SIM3
SIM4
1
21
22
SIM5
SIM1
SIM2
SIM3
SIM4
1
21
22
SIM5
SIM1
SIM2
SIM3
SIM4
1
21
22
SIM5
SIM1
SIM2
SIM3
SIM4
1
21
22
SIM5
SIM1
SIM2
SIM3
SIM4
1
21
22
SIM5
SIM1
SIM2
SIM3
SIM4
1
21
22
SIM5
SIM1
SIM2
SIM3
SIM4
1
21
22
SIM5
SIM1
SIM2
SIM3
SIM4
1
21
22
SIM5
SIM1
SIM2
SIM3
SIM4
1
21
22
SIM5
SIM1
SIM2
SIM3
SIM4
1
21
22
SIM5
SIM1
SIM2
SIM3
SIM4
1
21
22
SIM5
SIM1
SIM2
SIM3
SIM4
1
21
22
SIM5
SIM1
SIM2
SIM3
SIM4
1
21
22
SIM5
SIM1
SIM2
SIM3
SIM4
1
21
22
SIM5
SIM1
SIM2
SIM3
SIM4
1
21
22
SIM5
SIM1
SIM2
SIM3
SIM4
1
21
22
SIM5
SIM1
SIM2
SIM3
SIM4
1
21
22
SIM5
SIM1
SIM2
SIM3
SIM4
1
21
22
SIM5
SIM1
SIM2
SIM3
SIM4
1
21
22
SIM5
SIM1
SIM2
SIM3
SIM4
1
21
22
SIM5
SIM1
SIM2
SIM3
SIM4
1
21
22
SIM5
SIM1
SIM2
SIM3
SIM4
1
21
22
SIM5
SIM1
SIM2
SIM3
SIM4
1
21
22
SIM5
SIM1
SIM2
SIM3
SIM4
1
21
22
SIM5
SIM1
SIM2
SIM3
SIM4
1
21
22
SIM5
SIM1
SIM2
SIM3
SIM4
1
21
22
SIM5
SIM1
SIM2
SIM3
SIM4
1
21
22
SIM5
SIM1
SIM2
SIM3
SIM4
1
21
22
SIM5
SIM1
SIM2
SIM3
SIM4
1
21
22
SIM5
SIM1
SIM2
SIM3
SIM4
1
21
22
SIM5
SIM1
SIM2
SIM3
SIM4
1
21
22
SIM5
SIM1
SIM2
SIM3
SIM4
1
21
22
SIM5
SIM1
SIM2
SIM3
SIM4
1
21
22
SIM5
SIM1
SIM2
SIM3
SIM4
1
21
22
SIM5
SIM1
SIM2
SIM3
SIM4
1
21
22
SIM5
SIM1
SIM2
SIM3
SIM4
1
21
22
SIM5
SIM1
SIM2
SIM3
SIM4
1
21
22
SIM5
SIM1
SIM2
SIM3
SIM4
1
21
22
SIM5
SIM1
SIM2
SIM3
SIM4
1
21
22
SIM5
SIM1
SIM2
SIM3
SIM4
1
21
22
SIM5
SIM1
SIM2
SIM3
SIM4
1
21
22
SIM5
SIM1
SIM2
SIM3
SIM4
1
21
22
SIM5
SIM1
SIM2
SIM3
SIM4
1
21
22
SIM5
SIM1
SIM2
SIM3
SIM4
1
21
22
SIM5
SIM1
SIM2
SIM3
SIM4
1
21
22
SIM5
SIM1
SIM2
SIM3
SIM4
1
21
22
SIM5
SIM1
SIM2
SIM3
SIM4
1
21
22
SIM5
SIM1
SIM2
SIM3
SIM4
1
21
22
SIM5
SIM1
SIM2
SIM3
SIM4
1
21
22
SIM5
SIM1
SIM2
SIM3
SIM4
1
21
22
SIM5
SIM1
SIM2
SIM3
SIM4
1
21
22
SIM5
SIM1
SIM2
SIM3
SIM4
1
21
22
SIM5
SIM1
SIM2
SIM3
SIM4
1
21
22
SIM5
SIM1
SIM2
SIM3
SIM4
1
21
22
SIM5
SIM1
SIM2
SIM3
SIM4
1
21
22
SIM5
SIM1
SIM2
SIM3
SIM4
1
21
22
SIM5
SIM1
SIM2
SIM3
SIM4
1
21
22
SIM5
SIM1
SIM2
SIM3
SIM4
1
21
22
SIM5
SIM1
SIM2
SIM3
SIM4
1
21
22
SIM5
SIM1
SIM2
SIM3
SIM4
1
21
22
SIM5
SIM1
SIM2
SIM3
SIM4
1
21
22
SIM5
SIM1
SIM2
SIM3
SIM4
1
21
22
SIM5
SIM1
SIM2
SIM3
SIM4
1
21
22
SIM5
SIM1
SIM2
SIM3
SIM4
1
21
22
SIM5
SIM1
SIM2
SIM3
SIM4
1
21
22
SIM5
SIM1
SIM2
SIM3
SIM4
1
21
22
SIM5
SIM1
SIM2
SIM3
SIM4
1
21
22
SIM5
SIM1
SIM2
SIM3
SIM4
1
21
22
SIM5
SIM1
SIM2
SIM3
SIM4
1
21
22
SIM5
SIM1
SIM2
SIM3
SIM4
1
21
22
SIM5
SIM1
SIM2
SIM3
SIM4
1
21
22
SIM5
SIM1
SIM2
SIM3
SIM4
1
21
22
SIM5
SIM1
SIM2
SIM3
SIM4
1
21
22
SIM5
SIM1
SIM2
SIM3
SIM4
1
21
22
SIM5
SIM1
SIM2
SIM3
SIM4
1
21
22
SIM5
SIM1
SIM2
SIM3
SIM4
1
21
22
SIM5
SIM1
SIM2
SIM3
SIM4
1
21
22
SIM5
SIM1
SIM2
SIM3
SIM4
1
21
22
SIM5
SIM1
SIM2
SIM3
SIM4
1
21
22
SIM5
SIM1
SIM2
SIM3
SIM4
1
21
22
SIM5
SIM1
SIM2
SIM3
SIM4
1
21
22
SIM5
SIM1
SIM2
SIM3
SIM4
1
21
22
SIM5
SIM1
SIM2
SIM3
SIM4
1
21
22
SIM5
SIM1
SIM2
SIM3
SIM4
1
21
22
SIM5
SIM1
SIM2
SIM3
SIM4
1
21
22
SIM5
SIM1
SIM2
SIM3
SIM4
1
21
22
SIM5
SIM1
SIM2
SIM3
SIM4
1
21
22
SIM5
SIM1
SIM2
SIM3
SIM4
1
21
22
SIM5
SIM1
SIM2
SIM3
SIM4
1
21
22
SIM5
SIM1
SIM2
SIM3
SIM4
1
21
22
SIM5
SIM1
SIM2
SIM3
SIM4
1
21
22
SIM5
SIM1
SIM2
DEBUG 1 498
SIM1
SIM2
SIM3
SIM4
1
21
22
SIM5
SIM1
SIM2
SIM3
SIM4
1
21
22
SIM5
SIM1
SIM2
SIM3
SIM4
1
21
22
SIM5
SIM1
SIM2
SIM3
SIM4
1
21
22
SIM5
SIM1
SIM2
SIM3
SIM4
1
21
22
SIM5
SIM1
SIM2
SIM3
SIM4
1
21
22
SIM5
SIM1
SIM2
SIM3
SIM4
1
21
22
SIM5
SIM1
SIM2
SIM3
SIM4
1
21
22
SIM5
SIM1
SIM2
SIM3
SIM4
1
21
22
SIM5
SIM1
SIM2
SIM3
SIM4
1
21
22
SIM5
SIM1
SIM2
SIM3
SIM4
1
21
22
SIM5
SIM1
SIM2
SIM3
SIM4
1
21
22
SIM5
SIM1
SIM2
SIM3
SIM4
1
21
22
SIM5
SIM1
SIM2
SIM3
SIM4
1
21
22
SIM5
SIM1
SIM2
SIM3
SIM4
1
21
22
SIM5
SIM1
SIM2
SIM3
SIM4
1
21
22
SIM5
SIM1
SIM2
SIM3
SIM4
1
21
22
SIM5
SIM1
SIM2
SIM3
SIM4
1
21
22
SIM5
SIM1
SIM2
SIM3
SIM4
1
21
22
SIM5
SIM1
SIM2
SIM3
SIM4
1
21
22
SIM5
SIM1
SIM2
SIM3
SIM4
1
21
22
SIM5
SIM1
SIM2
SIM3
SIM4
1
21
22
SIM5
SIM1
SIM2
SIM3
SIM4
1
21
22
SIM5
SIM1
SIM2
SIM3
SIM4
1
21
22
SIM5
SIM1
SIM2
SIM3
SIM4
1
21
22
SIM5
SIM1
SIM2
SIM3
SIM4
1
21
22
SIM5
SIM1
SIM2
SIM3
SIM4
1
21
22
SIM5
SIM1
SIM2
SIM3
SIM4
1
21
22
SIM5
SIM1
SIM2
SIM3
SIM4
1
21
22
SIM5
SIM1
SIM2
SIM3
SIM4
1
21
22
SIM5
SIM1
SIM2
SIM3
SIM4
1
21
22
SIM5
SIM1
SIM2
SIM3
SIM4
1
21
22
SIM5
SIM1
SIM2
SIM3
SIM4
1
21
22
SIM5
SIM1
SIM2
SIM3
SIM4
1
21
22
SIM5
SIM1
SIM2
SIM3
SIM4
1
21
22
SIM5
SIM1
SIM2
SIM3
SIM4
1
21
22
SIM5
SIM1
SIM2
SIM3
SIM4
1
21
22
SIM5
SIM1
SIM2
SIM3
SIM4
1
21
22
SIM5
SIM1
SIM2
SIM3
SIM4
1
21
22
SIM5
SIM1
SIM2
SIM3
SIM4
1
21
22
SIM5
SIM1
SIM2
SIM3
SIM4
1
21
22
SIM5
SIM1
SIM2
SIM3
SIM4
1
21
22
SIM5
SIM1
SIM2
SIM3
SIM4
1
21
22
SIM5
SIM1
SIM2
SIM3
SIM4
1
21
22
SIM5
SIM1
SIM2
SIM3
SIM4
1
21
22
SIM5
SIM1
SIM2
SIM3
SIM4
1
21
22
SIM5
SIM1
SIM2
SIM3
SIM4
1
21
22
SIM5
SIM1
SIM2
SIM3
SIM4
1
21
22
SIM5
SIM1
SIM2
SIM3
SIM4
1
21
22
SIM5
SIM1
SIM2
SIM3
SIM4
1
21
22
SIM5
SIM1
SIM2
SIM3
SIM4
1
21
22
SIM5
SIM1
SIM2
SIM3
SIM4
1
21
22
SIM5
SIM1
SIM2
SIM3
SIM4
1
21
22
SIM5
SIM1
SIM2
SIM3
SIM4
1
21
22
SIM5
SIM1
SIM2
SIM3
SIM4
1
21
22
SIM5
SIM1
SIM2
SIM3
SIM4
1
21
22
SIM5
SIM1
SIM2
SIM3
SIM4
1
21
22
SIM5
SIM1
SIM2
SIM3
SIM4
1
21
22
SIM5
SIM1
SIM2
SIM3
SIM4
1
21
22
SIM5
SIM1
SIM2
SIM3
SIM4
1
21
22
SIM5
SIM1
SIM2
SIM3
SIM4
1
21
22
SIM5
SIM1
SIM2
SIM3
SIM4
1
21
22
SIM5
SIM1
SIM2
SIM3
SIM4
1
21
22
SIM5
SIM1
SIM2
SIM3
SIM4
1
21
22
SIM5
SIM1
SIM2
SIM3
SIM4
1
21
22
SIM5
SIM1
SIM2
SIM3
SIM4
1
21
22
SIM5
SIM1
SIM2
SIM3
SIM4
1
21
22
SIM5
SIM1
SIM2
SIM3
SIM4
1
21
22
SIM5
SIM1
SIM2
SIM3
SIM4
1
21
22
SIM5
SIM1
SIM2
SIM3
SIM4
1
21
22
SIM5
SIM1
SIM2
SIM3
SIM4
1
21
22
SIM5
SIM1
SIM2
SIM3
SIM4
1
21
22
SIM5
SIM1
SIM2
SIM3
SIM4
1
21
22
SIM5
SIM1
SIM2
SIM3
SIM4
1
21
22
SIM5
SIM1
SIM2
SIM3
SIM4
1
21
22
SIM5
SIM1
SIM2
SIM3
SIM4
1
21
22
SIM5
SIM1
SIM2
SIM3
SIM4
1
21
22
SIM5
SIM1
SIM2
SIM3
SIM4
1
21
22
SIM5
SIM1
SIM2
SIM3
SIM4
1
21
22
SIM5
SIM1
SIM2
SIM3
SIM4
1
21
22
SIM5
SIM1
SIM2
SIM3
SIM4
1
21
22
SIM5
SIM1
SIM2
SIM3
SIM4
1
21
22
SIM5
SIM1
SIM2
SIM3
SIM4
1
21
22
SIM5
SIM1
SIM2
SIM3
SIM4
1
21
22
SIM5
SIM1
SIM2
SIM3
SIM4
1
21
22
SIM5
SIM1
SIM2
SIM3
SIM4
1
21
22
SIM5
SIM1
SIM2
SIM3
SIM4
1
21
22
SIM5
SIM1
SIM2
SIM3
SIM4
1
21
22
SIM5
SIM1
SIM2
SIM3
SIM4
1
21
22
SIM5
SIM1
SIM2
SIM3
SIM4
1
21
22
SIM5
SIM1
SIM2
SIM3
SIM4
1
21
22
SIM5
SIM1
SIM2
SIM3
SIM4
1
21
22
SIM5
SIM1
SIM2
SIM3
SIM4
1
21
22
SIM5
SIM1
SIM2
SIM3
SIM4
1
21
22
SIM5
SIM1
SIM2
SIM3
SIM4
1
21
22
SIM5
SIM1
SIM2
SIM3
SIM4
1
21
22
SIM5
SIM1
SIM2
SIM3
SIM4
1
21
22
SIM5
SIM1
SIM2
SIM3
SIM4
1
21
22
SIM5
SIM1
SIM2
SIM3
SIM4
1
21
22
SIM5
SIM1
SIM2
SIM3
SIM4
1
21
22
SIM5
SIM1
SIM2
SIM3
SIM4
1
21
22
SIM5
SIM1
SIM2
SIM3
SIM4
1
21
22
SIM5
SIM1
SIM2
SIM3
SIM4
1
21
22
SIM5
SIM1
SIM2
SIM3
SIM4
1
21
22
SIM5
SIM1
SIM2
SIM3
SIM4
1
21
22
SIM5
SIM1
SIM2
SIM3
SIM4
1
21
22
SIM5
SIM1
SIM2
SIM3
SIM4
1
21
22
SIM5
SIM1
SIM2
SIM3
SIM4
1
21
22
SIM5
SIM1
SIM2
SIM3
SIM4
1
21
22
SIM5
SIM1
SIM2
SIM3
SIM4
1
21
22
SIM5
SIM1
SIM2
SIM3
SIM4
1
21
22
SIM5
SIM1
SIM2
SIM3
SIM4
1
21
22
SIM5
SIM1
SIM2
SIM3
SIM4
1
21
22
SIM5
SIM1
SIM2
SIM3
SIM4
1
21
22
SIM5
SIM1
SIM2
SIM3
SIM4
1
21
22
SIM5
SIM1
SIM2
SIM3
SIM4
1
21
22
SIM5
SIM1
SIM2
SIM3
SIM4
1
21
22
SIM5
SIM1
SIM2
SIM3
SIM4
1
21
22
SIM5
SIM1
SIM2
SIM3
SIM4
1
21
22
SIM5
SIM1
SIM2
SIM3
SIM4
1
21
22
SIM5
SIM1
SIM2
SIM3
SIM4
1
21
22
SIM5
SIM1
SIM2
SIM3
SIM4
1
21
22
SIM5
SIM1
SIM2
SIM3
SIM4
1
21
22
SIM5
SIM1
SIM2
SIM3
SIM4
1
21
22
SIM5
SIM1
SIM2
SIM3
SIM4
1
21
22
SIM5
SIM1
SIM2
SIM3
SIM4
1
21
22
SIM5
SIM1
SIM2
SIM3
SIM4
1
21
22
SIM5
SIM1
SIM2
SIM3
SIM4
1
21
22
SIM5
SIM1
SIM2
SIM3
SIM4
1
21
22
SIM5
SIM1
SIM2
SIM3
SIM4
1
21
22
SIM5
SIM1
SIM2
SIM3
SIM4
1
21
22
SIM5
SIM1
SIM2
SIM3
SIM4
1
21
22
SIM5
SIM1
SIM2
SIM3
SIM4
1
21
22
SIM5
SIM1
SIM2
SIM3
SIM4
1
21
22
SIM5
SIM1
SIM2
SIM3
SIM4
1
21
22
SIM5
SIM1
SIM2
SIM3
SIM4
1
21
22
SIM5
SIM1
SIM2
SIM3
SIM4
1
21
22
SIM5
SIM1
SIM2
SIM3
SIM4
1
21
22
SIM5
SIM1
SIM2
SIM3
SIM4
1
21
22
SIM5
SIM1
SIM2
SIM3
SIM4
1
21
22
SIM5
SIM1
SIM2
SIM3
SIM4
1
21
22
SIM5
SIM1
SIM2
SIM3
SIM4
1
21
22
SIM5
SIM1
SIM2
SIM3
SIM4
1
21
22
SIM5
SIM1
SIM2
SIM3
SIM4
1
21
22
SIM5
SIM1
SIM2
SIM3
SIM4
1
21
22
SIM5
SIM1
SIM2
SIM3
SIM4
1
21
22
SIM5
SIM1
SIM2
SIM3
SIM4
1
21
22
SIM5
SIM1
SIM2
SIM3
SIM4
1
21
22
SIM5
SIM1
SIM2
SIM3
SIM4
1
21
22
SIM5
SIM1
SIM2
SIM3
SIM4
1
21
22
SIM5
SIM1
SIM2
SIM3
SIM4
1
21
22
SIM5
SIM1
SIM2
SIM3
SIM4
1
21
22
SIM5
SIM1
SIM2
SIM3
SIM4
1
21
22
SIM5
SIM1
SIM2
SIM3
SIM4
1
21
22
SIM5
SIM1
SIM2
SIM3
SIM4
1
21
22
SIM5
SIM1
SIM2
SIM3
SIM4
1
21
22
SIM5
SIM1
SIM2
SIM3
SIM4
1
21
22
SIM5
SIM1
SIM2
SIM3
SIM4
1
21
22
SIM5
SIM1
SIM2
SIM3
SIM4
1
21
22
SIM5
SIM1
SIM2
SIM3
SIM4
1
21
22
SIM5
SIM1
SIM2
SIM3
SIM4
1
21
22
SIM5
SIM1
SIM2
SIM3
SIM4
1
21
22
SIM5
SIM1
SIM2
SIM3
SIM4
1
21
22
SIM5
SIM1
SIM2
SIM3
SIM4
1
21
22
SIM5
SIM1
SIM2
SIM3
SIM4
1
21
22
SIM5
SIM1
SIM2
SIM3
SIM4
1
21
22
SIM5
SIM1
SIM2
SIM3
SIM4
1
21
22
SIM5
SIM1
SIM2
SIM3
SIM4
1
21
22
SIM5
SIM1
SIM2
SIM3
SIM4
1
21
22
SIM5
SIM1
SIM2
SIM3
SIM4
1
21
22
SIM5
SIM1
SIM2
SIM3
SIM4
1
21
22
SIM5
SIM1
SIM2
SIM3
SIM4
1
21
22
SIM5
SIM1
SIM2
SIM3
SIM4
1
21
22
SIM5
SIM1
SIM2
SIM3
SIM4
1
21
22
SIM5
SIM1
SIM2
SIM3
SIM4
1
21
22
SIM5
SIM1
SIM2
SIM3
SIM4
1
21
22
SIM5
SIM1
SIM2
SIM3
SIM4
1
21
22
SIM5
SIM1
SIM2
SIM3
SIM4
1
21
22
SIM5
SIM1
SIM2
SIM3
SIM4
1
21
22
SIM5
SIM1
SIM2
DEBUG 1 499
SIM1
SIM2
SIM3
SIM4
1
21
22
SIM5
SIM1
SIM2
SIM3
SIM4
1
21
22
SIM5
SIM1
SIM2
SIM3
SIM4
1
21
22
SIM5
SIM1
SIM2
SIM3
SIM4
1
21
22
SIM5
SIM1
SIM2
SIM3
SIM4
1
21
22
SIM5
SIM1
SIM2
SIM3
SIM4
1
21
22
SIM5
SIM1
SIM2
SIM3
SIM4
1
21
22
SIM5
SIM1
SIM2
SIM3
SIM4
1
21
22
SIM5
SIM1
SIM2
SIM3
SIM4
1
21
22
SIM5
SIM1
SIM2
SIM3
SIM4
1
21
22
SIM5
SIM1
SIM2
SIM3
SIM4
1
21
22
SIM5
SIM1
SIM2
SIM3
SIM4
1
21
22
SIM5
SIM1
SIM2
SIM3
SIM4
1
21
22
SIM5
SIM1
SIM2
SIM3
SIM4
1
21
22
SIM5
SIM1
SIM2
SIM3
SIM4
1
21
22
SIM5
SIM1
SIM2
SIM3
SIM4
1
21
22
SIM5
SIM1
SIM2
SIM3
SIM4
1
21
22
SIM5
SIM1
SIM2
SIM3
SIM4
1
21
22
SIM5
SIM1
SIM2
SIM3
SIM4
1
21
22
SIM5
SIM1
SIM2
SIM3
SIM4
1
21
22
SIM5
SIM1
SIM2
SIM3
SIM4
1
21
22
SIM5
SIM1
SIM2
SIM3
SIM4
1
21
22
SIM5
SIM1
SIM2
SIM3
SIM4
1
21
22
SIM5
SIM1
SIM2
SIM3
SIM4
1
21
22
SIM5
SIM1
SIM2
SIM3
SIM4
1
21
22
SIM5
SIM1
SIM2
SIM3
SIM4
1
21
22
SIM5
SIM1
SIM2
SIM3
SIM4
1
21
22
SIM5
SIM1
SIM2
SIM3
SIM4
1
21
22
SIM5
SIM1
SIM2
SIM3
SIM4
1
21
22
SIM5
SIM1
SIM2
SIM3
SIM4
1
21
22
SIM5
SIM1
SIM2
SIM3
SIM4
1
21
22
SIM5
SIM1
SIM2
SIM3
SIM4
1
21
22
SIM5
SIM1
SIM2
SIM3
SIM4
1
21
22
SIM5
SIM1
SIM2
SIM3
SIM4
1
21
22
SIM5
SIM1
SIM2
SIM3
SIM4
1
21
22
SIM5
SIM1
SIM2
SIM3
SIM4
1
21
22
SIM5
SIM1
SIM2
SIM3
SIM4
1
21
22
SIM5
SIM1
SIM2
SIM3
SIM4
1
21
22
SIM5
SIM1
SIM2
SIM3
SIM4
1
21
22
SIM5
SIM1
SIM2
SIM3
SIM4
1
21
22
SIM5
SIM1
SIM2
SIM3
SIM4
1
21
22
SIM5
SIM1
SIM2
SIM3
SIM4
1
21
22
SIM5
SIM1
SIM2
SIM3
SIM4
1
21
22
SIM5
SIM1
SIM2
SIM3
SIM4
1
21
22
SIM5
SIM1
SIM2
SIM3
SIM4
1
21
22
SIM5
SIM1
SIM2
SIM3
SIM4
1
21
22
SIM5
SIM1
SIM2
SIM3
SIM4
1
21
22
SIM5
SIM1
SIM2
SIM3
SIM4
1
21
22
SIM5
SIM1
SIM2
SIM3
SIM4
1
21
22
SIM5
SIM1
SIM2
SIM3
SIM4
1
21
22
SIM5
SIM1
SIM2
SIM3
SIM4
1
21
22
SIM5
SIM1
SIM2
SIM3
SIM4
1
21
22
SIM5
SIM1
SIM2
SIM3
SIM4
1
21
22
SIM5
SIM1
SIM2
SIM3
SIM4
1
21
22
SIM5
SIM1
SIM2
SIM3
SIM4
1
21
22
SIM5
SIM1
SIM2
SIM3
SIM4
1
21
22
SIM5
SIM1
SIM2
SIM3
SIM4
1
21
22
SIM5
SIM1
SIM2
SIM3
SIM4
1
21
22
SIM5
SIM1
SIM2
SIM3
SIM4
1
21
22
SIM5
SIM1
SIM2
SIM3
SIM4
1
21
22
SIM5
SIM1
SIM2
SIM3
SIM4
1
21
22
SIM5
SIM1
SIM2
SIM3
SIM4
1
21
22
SIM5
SIM1
SIM2
SIM3
SIM4
1
21
22
SIM5
SIM1
SIM2
SIM3
SIM4
1
21
22
SIM5
SIM1
SIM2
SIM3
SIM4
1
21
22
SIM5
SIM1
SIM2
SIM3
SIM4
1
21
22
SIM5
SIM1
SIM2
SIM3
SIM4
1
21
22
SIM5
SIM1
SIM2
SIM3
SIM4
1
21
22
SIM5
SIM1
SIM2
SIM3
SIM4
1
21
22
SIM5
SIM1
SIM2
SIM3
SIM4
1
21
22
SIM5
SIM1
SIM2
SIM3
SIM4
1
21
22
SIM5
SIM1
SIM2
SIM3
SIM4
1
21
22
SIM5
SIM1
SIM2
SIM3
SIM4
1
21
22
SIM5
SIM1
SIM2
SIM3
SIM4
1
21
22
SIM5
SIM1
SIM2
SIM3
SIM4
1
21
22
SIM5
SIM1
SIM2
SIM3
SIM4
1
21
22
SIM5
SIM1
SIM2
SIM3
SIM4
1
21
22
SIM5
SIM1
SIM2
SIM3
SIM4
1
21
22
SIM5
SIM1
SIM2
SIM3
SIM4
1
21
22
SIM5
SIM1
SIM2
SIM3
SIM4
1
21
22
SIM5
SIM1
SIM2
SIM3
SIM4
1
21
22
SIM5
SIM1
SIM2
SIM3
SIM4
1
21
22
SIM5
SIM1
SIM2
SIM3
SIM4
1
21
22
SIM5
SIM1
SIM2
SIM3
SIM4
1
21
22
SIM5
SIM1
SIM2
SIM3
SIM4
1
21
22
SIM5
SIM1
SIM2
SIM3
SIM4
1
21
22
SIM5
SIM1
SIM2
SIM3
SIM4
1
21
22
SIM5
SIM1
SIM2
SIM3
SIM4
1
21
22
SIM5
SIM1
SIM2
SIM3
SIM4
1
21
22
SIM5
SIM1
SIM2
SIM3
SIM4
1
21
22
SIM5
SIM1
SIM2
SIM3
SIM4
1
21
22
SIM5
SIM1
SIM2
SIM3
SIM4
1
21
22
SIM5
SIM1
SIM2
SIM3
SIM4
1
21
22
SIM5
SIM1
SIM2
SIM3
SIM4
1
21
22
SIM5
SIM1
SIM2
SIM3
SIM4
1
21
22
SIM5
SIM1
SIM2
SIM3
SIM4
1
21
22
SIM5
SIM1
SIM2
SIM3
SIM4
1
21
22
SIM5
SIM1
SIM2
SIM3
SIM4
1
21
22
SIM5
SIM1
SIM2
SIM3
SIM4
1
21
22
SIM5
SIM1
SIM2
SIM3
SIM4
1
21
22
SIM5
SIM1
SIM2
SIM3
SIM4
1
21
22
SIM5
SIM1
SIM2
SIM3
SIM4
1
21
22
SIM5
SIM1
SIM2
SIM3
SIM4
1
21
22
SIM5
SIM1
SIM2
SIM3
SIM4
1
21
22
SIM5
SIM1
SIM2
SIM3
SIM4
1
21
22
SIM5
SIM1
SIM2
SIM3
SIM4
1
21
22
SIM5
SIM1
SIM2
SIM3
SIM4
1
21
22
SIM5
SIM1
SIM2
SIM3
SIM4
1
21
22
SIM5
SIM1
SIM2
SIM3
SIM4
1
21
22
SIM5
SIM1
SIM2
SIM3
SIM4
1
21
22
SIM5
SIM1
SIM2
SIM3
SIM4
1
21
22
SIM5
SIM1
SIM2
SIM3
SIM4
1
21
22
SIM5
SIM1
SIM2
SIM3
SIM4
1
21
22
SIM5
SIM1
SIM2
SIM3
SIM4
1
21
22
SIM5
SIM1
SIM2
SIM3
SIM4
1
21
22
SIM5
SIM1
SIM2
SIM3
SIM4
1
21
22
SIM5
SIM1
SIM2
SIM3
SIM4
1
21
22
SIM5
SIM1
SIM2
SIM3
SIM4
1
21
22
SIM5
SIM1
SIM2
SIM3
SIM4
1
21
22
SIM5
SIM1
SIM2
SIM3
SIM4
1
21
22
SIM5
SIM1
SIM2
SIM3
SIM4
1
21
22
SIM5
SIM1
SIM2
SIM3
SIM4
1
21
22
SIM5
SIM1
SIM2
SIM3
SIM4
1
21
22
SIM5
SIM1
SIM2
SIM3
SIM4
1
21
22
SIM5
SIM1
SIM2
SIM3
SIM4
1
21
22
SIM5
SIM1
SIM2
SIM3
SIM4
1
21
22
SIM5
SIM1
SIM2
SIM3
SIM4
1
21
22
SIM5
SIM1
SIM2
SIM3
SIM4
1
21
22
SIM5
SIM1
SIM2
SIM3
SIM4
1
21
22
SIM5
SIM1
SIM2
SIM3
SIM4
1
21
22
SIM5
SIM1
SIM2
SIM3
SIM4
1
21
22
SIM5
SIM1
SIM2
SIM3
SIM4
1
21
22
SIM5
SIM1
SIM2
SIM3
SIM4
1
21
22
SIM5
SIM1
SIM2
SIM3
SIM4
1
21
22
SIM5
SIM1
SIM2
SIM3
SIM4
1
21
22
SIM5
SIM1
SIM2
SIM3
SIM4
1
21
22
SIM5
SIM1
SIM2
SIM3
SIM4
1
21
22
SIM5
SIM1
SIM2
SIM3
SIM4
1
21
22
SIM5
SIM1
SIM2
SIM3
SIM4
1
21
22
SIM5
SIM1
SIM2
SIM3
SIM4
1
21
22
SIM5
SIM1
SIM2
SIM3
SIM4
1
21
22
SIM5
SIM1
SIM2
SIM3
SIM4
1
21
22
SIM5
SIM1
SIM2
SIM3
SIM4
1
21
22
SIM5
SIM1
SIM2
SIM3
SIM4
1
21
22
SIM5
SIM1
SIM2
SIM3
SIM4
1
21
22
SIM5
SIM1
SIM2
SIM3
SIM4
1
21
22
SIM5
SIM1
SIM2
SIM3
SIM4
1
21
22
SIM5
SIM1
SIM2
SIM3
SIM4
1
21
22
SIM5
SIM1
SIM2
SIM3
SIM4
1
21
22
SIM5
SIM1
SIM2
SIM3
SIM4
1
21
22
SIM5
SIM1
SIM2
SIM3
SIM4
1
21
22
SIM5
SIM1
SIM2
SIM3
SIM4
1
21
22
SIM5
SIM1
SIM2
SIM3
SIM4
1
21
22
SIM5
SIM1
SIM2
SIM3
SIM4
1
21
22
SIM5
SIM1
SIM2
SIM3
SIM4
1
21
22
SIM5
SIM1
SIM2
SIM3
SIM4
1
21
22
SIM5
SIM1
SIM2
SIM3
SIM4
1
21
22
SIM5
SIM1
SIM2
SIM3
SIM4
1
21
22
SIM5
SIM1
SIM2
SIM3
SIM4
1
21
22
SIM5
SIM1
SIM2
SIM3
SIM4
1
21
22
SIM5
SIM1
SIM2
SIM3
SIM4
1
21
22
SIM5
SIM1
SIM2
SIM3
SIM4
1
21
22
SIM5
SIM1
SIM2
SIM3
SIM4
1
21
22
SIM5
SIM1
SIM2
SIM3
SIM4
1
21
22
SIM5
SIM1
SIM2
SIM3
SIM4
1
21
22
SIM5
SIM1
SIM2
SIM3
SIM4
1
21
22
SIM5
SIM1
SIM2
SIM3
SIM4
1
21
22
SIM5
SIM1
SIM2
SIM3
SIM4
1
21
22
SIM5
SIM1
SIM2
SIM3
SIM4
1
21
22
SIM5
SIM1
SIM2
SIM3
SIM4
1
21
22
SIM5
SIM1
SIM2
SIM3
SIM4
1
21
22
SIM5
SIM1
SIM2
SIM3
SIM4
1
21
22
SIM5
SIM1
SIM2
SIM3
SIM4
1
21
22
SIM5
SIM1
SIM2
SIM3
SIM4
1
21
22
SIM5
SIM1
SIM2
SIM3
SIM4
1
21
22
SIM5
SIM1
SIM2
SIM3
SIM4
1
21
22
SIM5
SIM1
SIM2
SIM3
SIM4
1
21
22
SIM5
SIM1
SIM2
SIM3
SIM4
1
21
22
SIM5
SIM1
SIM2
SIM3
SIM4
1
21
22
SIM5
SIM1
SIM2
SIM3
SIM4
1
21
22
SIM5
SIM1
SIM2
SIM3
SIM4
1
21
22
SIM5
SIM1
SIM2
SIM3
SIM4
1
21
22
SIM5
SIM1
SIM2
SIM3
SIM4
1
21
22
SIM5
SIM1
SIM2
SIM3
SIM4
1
21
22
SIM5
SIM1
SIM2
SIM3
SIM4
1
21
22
SIM5
SIM1
SIM2
SIM3
SIM4
1
21
22
SIM5
SIM1
SIM2
SIM3
SIM4
1
21
22
SIM5
SIM1
SIM2
SIM3
SIM4
1
21
22
SIM5
SIM1
SIM2
SIM3
SIM4
1
21
22
SIM5
SIM1
SIM2
SIM3
SIM4
1
21
22
SIM5
SIM1
SIM2
SIM3
SIM4
1
21
22
SIM5
SIM1
SIM2
SIM3
SIM4
1
21
22
SIM5
SIM1
SIM2
SIM3
SIM4
1
21
22
SIM5
SIM1
SIM2
SIM3
SIM4
1
21
22
SIM5
SIM1
SIM2
SIM3
SIM4
1
21
22
SIM5
SIM1
SIM2
SIM3
SIM4
1
21
22
SIM5
SIM1
SIM2
SIM3
SIM4
1
21
22
SIM5
SIM1
SIM2
SIM3
SIM4
1
21
22
SIM5
SIM1
SIM2
SIM3
SIM4
1
21
22
SIM5
SIM1
SIM2
SIM3
SIM4
1
21
22
SIM5
SIM1
SIM2
SIM3
SIM4
1
21
22
SIM5
SIM1
SIM2
SIM3
SIM4
1
21
22
SIM5
SIM1
SIM2
SIM3
SIM4
1
21
22
SIM5
SIM1
SIM2
SIM3
SIM4
1
21
22
SIM5
SIM1
SIM2
SIM3
SIM4
1
21
22
SIM5
SIM1
SIM2
SIM3
SIM4
1
21
22
SIM5
SIM1
SIM2
SIM3
SIM4
1
21
22
SIM5
SIM1
SIM2
SIM3
SIM4
1
21
22
SIM5
SIM1
SIM2
SIM3
SIM4
1
21
22
SIM5
SIM1
SIM2
SIM3
SIM4
1
21
22
SIM5
SIM1
SIM2
SIM3
SIM4
1
21
22
SIM5
SIM1
SIM2
SIM3
SIM4
1
21
22
SIM5
SIM1
SIM2
SIM3
SIM4
1
21
22
SIM5
SIM1
SIM2
SIM3
SIM4
1
21
22
SIM5
SIM1
SIM2
SIM3
SIM4
1
21
22
SIM5
SIM1
SIM2
SIM3
SIM4
1
21
22
SIM5
SIM1
SIM2
DEBUG 1 500
SIM1
SIM2
SIM3
SIM4
1
21
22
SIM5
SIM1
SIM2
SIM3
SIM4
1
21
22
SIM5
SIM1
SIM2
SIM3
SIM4
1
21
22
SIM5
SIM1
SIM2
SIM3
SIM4
1
21
22
SIM5
SIM1
SIM2
SIM3
SIM4
1
21
22
SIM5
SIM1
SIM2
SIM3
SIM4
1
21
22
SIM5
SIM1
SIM2
SIM3
SIM4
1
21
22
SIM5
SIM1
SIM2
SIM3
SIM4
1
21
22
SIM5
SIM1
SIM2
SIM3
SIM4
1
21
22
SIM5
SIM1
SIM2
SIM3
SIM4
1
21
22
SIM5
SIM1
SIM2
SIM3
SIM4
1
21
22
SIM5
SIM1
SIM2
SIM3
SIM4
1
21
22
SIM5
SIM1
SIM2
SIM3
SIM4
1
21
22
SIM5
SIM1
SIM2
SIM3
SIM4
1
21
22
SIM5
SIM1
SIM2
SIM3
SIM4
1
21
22
SIM5
SIM1
SIM2
SIM3
SIM4
1
21
22
SIM5
SIM1
SIM2
SIM3
SIM4
1
21
22
SIM5
SIM1
SIM2
SIM3
SIM4
1
21
22
SIM5
SIM1
SIM2
SIM3
SIM4
1
21
22
SIM5
SIM1
SIM2
SIM3
SIM4
1
21
22
SIM5
SIM1
SIM2
SIM3
SIM4
1
21
22
SIM5
SIM1
SIM2
SIM3
SIM4
1
21
22
SIM5
SIM1
SIM2
SIM3
SIM4
1
21
22
SIM5
SIM1
SIM2
SIM3
SIM4
1
21
22
SIM5
SIM1
SIM2
SIM3
SIM4
1
21
22
SIM5
SIM1
SIM2
SIM3
SIM4
1
21
22
SIM5
SIM1
SIM2
SIM3
SIM4
1
21
22
SIM5
SIM1
SIM2
SIM3
SIM4
1
21
22
SIM5
SIM1
SIM2
SIM3
SIM4
1
21
22
SIM5
SIM1
SIM2
SIM3
SIM4
1
21
22
SIM5
SIM1
SIM2
SIM3
SIM4
1
21
22
SIM5
SIM1
SIM2
SIM3
SIM4
1
21
22
SIM5
SIM1
SIM2
SIM3
SIM4
1
21
22
SIM5
SIM1
SIM2
SIM3
SIM4
1
21
22
SIM5
SIM1
SIM2
SIM3
SIM4
1
21
22
SIM5
SIM1
SIM2
SIM3
SIM4
1
21
22
SIM5
SIM1
SIM2
SIM3
SIM4
1
21
22
SIM5
SIM1
SIM2
SIM3
SIM4
1
21
22
SIM5
SIM1
SIM2
SIM3
SIM4
1
21
22
SIM5
SIM1
SIM2
SIM3
SIM4
1
21
22
SIM5
SIM1
SIM2
SIM3
SIM4
1
21
22
SIM5
SIM1
SIM2
SIM3
SIM4
1
21
22
SIM5
SIM1
SIM2
SIM3
SIM4
1
21
22
SIM5
SIM1
SIM2
SIM3
SIM4
1
21
22
SIM5
SIM1
SIM2
SIM3
SIM4
1
21
22
SIM5
SIM1
SIM2
SIM3
SIM4
1
21
22
SIM5
SIM1
SIM2
SIM3
SIM4
1
21
22
SIM5
SIM1
SIM2
SIM3
SIM4
1
21
22
SIM5
SIM1
SIM2
SIM3
SIM4
1
21
22
SIM5
SIM1
SIM2
SIM3
SIM4
1
21
22
SIM5
SIM1
SIM2
SIM3
SIM4
1
21
22
SIM5
SIM1
SIM2
SIM3
SIM4
1
21
22
SIM5
SIM1
SIM2
SIM3
SIM4
1
21
22
SIM5
SIM1
SIM2
SIM3
SIM4
1
21
22
SIM5
SIM1
SIM2
SIM3
SIM4
1
21
22
SIM5
SIM1
SIM2
SIM3
SIM4
1
21
22
SIM5
SIM1
SIM2
SIM3
SIM4
1
21
22
SIM5
SIM1
SIM2
SIM3
SIM4
1
21
22
SIM5
SIM1
SIM2
SIM3
SIM4
1
21
22
SIM5
SIM1
SIM2
SIM3
SIM4
1
21
22
SIM5
SIM1
SIM2
SIM3
SIM4
1
21
22
SIM5
SIM1
SIM2
SIM3
SIM4
1
21
22
SIM5
SIM1
SIM2
SIM3
SIM4
1
21
22
SIM5
SIM1
SIM2
SIM3
SIM4
1
21
22
SIM5
SIM1
SIM2
SIM3
SIM4
1
21
22
SIM5
SIM1
SIM2
SIM3
SIM4
1
21
22
SIM5
SIM1
SIM2
SIM3
SIM4
1
21
22
SIM5
SIM1
SIM2
SIM3
SIM4
1
21
22
SIM5
SIM1
SIM2
SIM3
SIM4
1
21
22
SIM5
SIM1
SIM2
SIM3
SIM4
1
21
22
SIM5
SIM1
SIM2
SIM3
SIM4
1
21
22
SIM5
SIM1
SIM2
SIM3
SIM4
1
21
22
SIM5
SIM1
SIM2
SIM3
SIM4
1
21
22
SIM5
SIM1
SIM2
SIM3
SIM4
1
21
22
SIM5
SIM1
SIM2
SIM3
SIM4
1
21
22
SIM5
SIM1
SIM2
SIM3
SIM4
1
21
22
SIM5
SIM1
SIM2
SIM3
SIM4
1
21
22
SIM5
SIM1
SIM2
SIM3
SIM4
1
21
22
SIM5
SIM1
SIM2
SIM3
SIM4
1
21
22
SIM5
SIM1
SIM2
SIM3
SIM4
1
21
22
SIM5
SIM1
SIM2
SIM3
SIM4
1
21
22
SIM5
SIM1
SIM2
SIM3
SIM4
1
21
22
SIM5
SIM1
SIM2
SIM3
SIM4
1
21
22
SIM5
SIM1
SIM2
SIM3
SIM4
1
21
22
SIM5
SIM1
SIM2
SIM3
SIM4
1
21
22
SIM5
SIM1
SIM2
SIM3
SIM4
1
21
22
SIM5
SIM1
SIM2
SIM3
SIM4
1
21
22
SIM5
SIM1
SIM2
SIM3
SIM4
1
21
22
SIM5
SIM1
SIM2
SIM3
SIM4
1
21
22
SIM5
SIM1
SIM2
SIM3
SIM4
1
21
22
SIM5
SIM1
SIM2
SIM3
SIM4
1
21
22
SIM5
SIM1
SIM2
SIM3
SIM4
1
21
22
SIM5
SIM1
SIM2
SIM3
SIM4
1
21
22
SIM5
SIM1
SIM2
SIM3
SIM4
1
21
22
SIM5
SIM1
SIM2
SIM3
SIM4
1
21
22
SIM5
SIM1
SIM2
SIM3
SIM4
1
21
22
SIM5
SIM1
SIM2
SIM3
SIM4
1
21
22
SIM5
SIM1
SIM2
SIM3
SIM4
1
21
22
SIM5
SIM1
SIM2
SIM3
SIM4
1
21
22
SIM5
SIM1
SIM2
SIM3
SIM4
1
21
22
SIM5
SIM1
SIM2
SIM3
SIM4
1
21
22
SIM5
SIM1
SIM2
SIM3
SIM4
1
21
22
SIM5
SIM1
SIM2
SIM3
SIM4
1
21
22
SIM5
SIM1
SIM2
SIM3
SIM4
1
21
22
SIM5
SIM1
SIM2
SIM3
SIM4
1
21
22
SIM5
SIM1
SIM2
SIM3
SIM4
1
21
22
SIM5
SIM1
SIM2
SIM3
SIM4
1
21
22
SIM5
SIM1
SIM2
SIM3
SIM4
1
21
22
SIM5
SIM1
SIM2
SIM3
SIM4
1
21
22
SIM5
SIM1
SIM2
SIM3
SIM4
1
21
22
SIM5
SIM1
SIM2
SIM3
SIM4
1
21
22
SIM5
SIM1
SIM2
SIM3
SIM4
1
21
22
SIM5
SIM1
SIM2
SIM3
SIM4
1
21
22
SIM5
SIM1
SIM2
SIM3
SIM4
1
21
22
SIM5
SIM1
SIM2
SIM3
SIM4
1
21
22
SIM5
SIM1
SIM2
SIM3
SIM4
1
21
22
SIM5
SIM1
SIM2
SIM3
SIM4
1
21
22
SIM5
SIM1
SIM2
SIM3
SIM4
1
21
22
SIM5
SIM1
SIM2
SIM3
SIM4
1
21
22
SIM5
SIM1
SIM2
SIM3
SIM4
1
21
22
SIM5
SIM1
SIM2
SIM3
SIM4
1
21
22
SIM5
SIM1
SIM2
SIM3
SIM4
1
21
22
SIM5
SIM1
SIM2
SIM3
SIM4
1
21
22
SIM5
SIM1
SIM2
SIM3
SIM4
1
21
22
SIM5
SIM1
SIM2
SIM3
SIM4
1
21
22
SIM5
SIM1
SIM2
SIM3
SIM4
1
21
22
SIM5
SIM1
SIM2
SIM3
SIM4
1
21
22
SIM5
SIM1
SIM2
SIM3
SIM4
1
21
22
SIM5
SIM1
SIM2
SIM3
SIM4
1
21
22
SIM5
SIM1
SIM2
SIM3
SIM4
1
21
22
SIM5
SIM1
SIM2
SIM3
SIM4
1
21
22
SIM5
SIM1
SIM2
SIM3
SIM4
1
21
22
SIM5
SIM1
SIM2
SIM3
SIM4
1
21
22
SIM5
SIM1
SIM2
SIM3
SIM4
1
21
22
SIM5
SIM1
SIM2
SIM3
SIM4
1
21
22
SIM5
SIM1
SIM2
SIM3
SIM4
1
21
22
SIM5
SIM1
SIM2
SIM3
SIM4
1
21
22
SIM5
SIM1
SIM2
SIM3
SIM4
1
21
22
SIM5
SIM1
SIM2
SIM3
SIM4
1
21
22
SIM5
SIM1
SIM2
SIM3
SIM4
1
21
22
SIM5
SIM1
SIM2
SIM3
SIM4
1
21
22
SIM5
SIM1
SIM2
SIM3
SIM4
1
21
22
SIM5
SIM1
SIM2
SIM3
SIM4
1
21
22
SIM5
SIM1
SIM2
SIM3
SIM4
1
21
22
SIM5
SIM1
SIM2
SIM3
SIM4
1
21
22
SIM5
SIM1
SIM2
SIM3
SIM4
1
21
22
SIM5
SIM1
SIM2
SIM3
SIM4
1
21
22
SIM5
SIM1
SIM2
SIM3
SIM4
1
21
22
SIM5
SIM1
SIM2
SIM3
SIM4
1
21
22
SIM5
SIM1
SIM2
SIM3
SIM4
1
21
22
SIM5
SIM1
SIM2
SIM3
SIM4
1
21
22
SIM5
SIM1
SIM2
SIM3
SIM4
1
21
22
SIM5
SIM1
SIM2
SIM3
SIM4
1
21
22
SIM5
SIM1
SIM2
SIM3
SIM4
1
21
22
SIM5
SIM1
SIM2
SIM3
SIM4
1
21
22
SIM5
SIM1
SIM2
SIM3
SIM4
1
21
22
SIM5
SIM1
SIM2
SIM3
SIM4
1
21
22
SIM5
SIM1
SIM2
SIM3
SIM4
1
21
22
SIM5
SIM1
SIM2
SIM3
SIM4
1
21
22
SIM5
SIM1
SIM2
SIM3
SIM4
1
21
22
SIM5
SIM1
SIM2
SIM3
SIM4
1
21
22
SIM5
SIM1
SIM2
SIM3
SIM4
1
21
22
SIM5
SIM1
SIM2
SIM3
SIM4
1
21
22
SIM5
SIM1
SIM2
SIM3
SIM4
1
21
22
SIM5
SIM1
SIM2
SIM3
SIM4
1
21
22
SIM5
SIM1
SIM2
SIM3
SIM4
1
21
22
SIM5
SIM1
SIM2
SIM3
SIM4
1
21
22
SIM5
SIM1
SIM2
SIM3
SIM4
1
21
22
SIM5
SIM1
SIM2
SIM3
SIM4
1
21
22
SIM5
SIM1
SIM2
SIM3
SIM4
1
21
22
SIM5
SIM1
SIM2
SIM3
SIM4
1
21
22
SIM5
SIM1
SIM2
SIM3
SIM4
1
21
22
SIM5
SIM1
SIM2
SIM3
SIM4
1
21
22
SIM5
SIM1
SIM2
SIM3
SIM4
1
21
22
SIM5
SIM1
SIM2
SIM3
SIM4
1
21
22
SIM5
SIM1
SIM2
SIM3
SIM4
1
21
22
SIM5
SIM1
SIM2
SIM3
SIM4
1
21
22
SIM5
SIM1
SIM2
SIM3
SIM4
1
21
22
SIM5
SIM1
SIM2
SIM3
SIM4
1
21
22
SIM5
SIM1
SIM2
SIM3
SIM4
1
21
22
SIM5
SIM1
SIM2
SIM3
SIM4
1
21
22
SIM5
SIM1
SIM2
SIM3
SIM4
1
21
22
SIM5
SIM1
SIM2
SIM3
SIM4
1
21
22
SIM5
SIM1
SIM2
SIM3
SIM4
1
21
22
SIM5
SIM1
SIM2
SIM3
SIM4
1
21
22
SIM5
SIM1
SIM2
SIM3
SIM4
1
21
22
SIM5
SIM1
SIM2
SIM3
SIM4
1
21
22
SIM5
SIM1
SIM2
SIM3
SIM4
1
21
22
SIM5
SIM1
SIM2
SIM3
SIM4
1
21
22
SIM5
SIM1
SIM2
SIM3
SIM4
1
21
22
SIM5
SIM1
SIM2
SIM3
SIM4
1
21
22
SIM5
SIM1
SIM2
SIM3
SIM4
1
21
22
SIM5
SIM1
SIM2
SIM3
SIM4
1
21
22
SIM5
SIM1
SIM2
SIM3
SIM4
1
21
22
SIM5
SIM1
SIM2
SIM3
SIM4
1
21
22
SIM5
SIM1
SIM2
SIM3
SIM4
1
21
22
SIM5
SIM1
SIM2
SIM3
SIM4
1
21
22
SIM5
SIM1
SIM2
SIM3
SIM4
1
21
22
SIM5
SIM1
SIM2
SIM3
SIM4
1
21
22
SIM5
SIM1
SIM2
DEBUG 1 501
SIM1
SIM2
SIM3
SIM4
1
21
22
SIM5
SIM1
SIM2
SIM3
SIM4
1
21
22
SIM5
SIM1
SIM2
SIM3
SIM4
1
21
22
SIM5
SIM1
SIM2
SIM3
SIM4
1
21
22
SIM5
SIM1
SIM2
SIM3
SIM4
1
21
22
SIM5
SIM1
SIM2
SIM3
SIM4
1
21
22
SIM5
SIM1
SIM2
SIM3
SIM4
1
21
22
SIM5
SIM1
SIM2
SIM3
SIM4
1
21
22
SIM5
SIM1
SIM2
SIM3
SIM4
1
21
22
SIM5
SIM1
SIM2
SIM3
SIM4
1
21
22
SIM5
SIM1
SIM2
SIM3
SIM4
1
21
22
SIM5
SIM1
SIM2
SIM3
SIM4
1
21
22
SIM5
SIM1
SIM2
SIM3
SIM4
1
21
22
SIM5
SIM1
SIM2
SIM3
SIM4
1
21
22
SIM5
SIM1
SIM2
SIM3
SIM4
1
21
22
SIM5
SIM1
SIM2
SIM3
SIM4
1
21
22
SIM5
SIM1
SIM2
SIM3
SIM4
1
21
22
SIM5
SIM1
SIM2
SIM3
SIM4
1
21
22
SIM5
SIM1
SIM2
SIM3
SIM4
1
21
22
SIM5
SIM1
SIM2
SIM3
SIM4
1
21
22
SIM5
SIM1
SIM2
SIM3
SIM4
1
21
22
SIM5
SIM1
SIM2
SIM3
SIM4
1
21
22
SIM5
SIM1
SIM2
SIM3
SIM4
1
21
22
SIM5
SIM1
SIM2
SIM3
SIM4
1
21
22
SIM5
SIM1
SIM2
SIM3
SIM4
1
21
22
SIM5
SIM1
SIM2
SIM3
SIM4
1
21
22
SIM5
SIM1
SIM2
SIM3
SIM4
1
21
22
SIM5
SIM1
SIM2
SIM3
SIM4
1
21
22
SIM5
SIM1
SIM2
SIM3
SIM4
1
21
22
SIM5
SIM1
SIM2
SIM3
SIM4
1
21
22
SIM5
SIM1
SIM2
SIM3
SIM4
1
21
22
SIM5
SIM1
SIM2
SIM3
SIM4
1
21
22
SIM5
SIM1
SIM2
SIM3
SIM4
1
21
22
SIM5
SIM1
SIM2
SIM3
SIM4
1
21
22
SIM5
SIM1
SIM2
SIM3
SIM4
1
21
22
SIM5
SIM1
SIM2
SIM3
SIM4
1
21
22
SIM5
SIM1
SIM2
SIM3
SIM4
1
21
22
SIM5
SIM1
SIM2
SIM3
SIM4
1
21
22
SIM5
SIM1
SIM2
SIM3
SIM4
1
21
22
SIM5
SIM1
SIM2
SIM3
SIM4
1
21
22
SIM5
SIM1
SIM2
SIM3
SIM4
1
21
22
SIM5
SIM1
SIM2
SIM3
SIM4
1
21
22
SIM5
SIM1
SIM2
SIM3
SIM4
1
21
22
SIM5
SIM1
SIM2
SIM3
SIM4
1
21
22
SIM5
SIM1
SIM2
SIM3
SIM4
1
21
22
SIM5
SIM1
SIM2
SIM3
SIM4
1
21
22
SIM5
SIM1
SIM2
SIM3
SIM4
1
21
22
SIM5
SIM1
SIM2
SIM3
SIM4
1
21
22
SIM5
SIM1
SIM2
SIM3
SIM4
1
21
22
SIM5
SIM1
SIM2
SIM3
SIM4
1
21
22
SIM5
SIM1
SIM2
SIM3
SIM4
1
21
22
SIM5
SIM1
SIM2
SIM3
SIM4
1
21
22
SIM5
SIM1
SIM2
SIM3
SIM4
1
21
22
SIM5
SIM1
SIM2
SIM3
SIM4
1
21
22
SIM5
SIM1
SIM2
SIM3
SIM4
1
21
22
SIM5
SIM1
SIM2
SIM3
SIM4
1
21
22
SIM5
SIM1
SIM2
SIM3
SIM4
1
21
22
SIM5
SIM1
SIM2
SIM3
SIM4
1
21
22
SIM5
SIM1
SIM2
SIM3
SIM4
1
21
22
SIM5
SIM1
SIM2
SIM3
SIM4
1
21
22
SIM5
SIM1
SIM2
SIM3
SIM4
1
21
22
SIM5
SIM1
SIM2
SIM3
SIM4
1
21
22
SIM5
SIM1
SIM2
SIM3
SIM4
1
21
22
SIM5
SIM1
SIM2
SIM3
SIM4
1
21
22
SIM5
SIM1
SIM2
SIM3
SIM4
1
21
22
SIM5
SIM1
SIM2
SIM3
SIM4
1
21
22
SIM5
SIM1
SIM2
SIM3
SIM4
1
21
22
SIM5
SIM1
SIM2
SIM3
SIM4
1
21
22
SIM5
SIM1
SIM2
SIM3
SIM4
1
21
22
SIM5
SIM1
SIM2
SIM3
SIM4
1
21
22
SIM5
SIM1
SIM2
SIM3
SIM4
1
21
22
SIM5
SIM1
SIM2
SIM3
SIM4
1
21
22
SIM5
SIM1
SIM2
SIM3
SIM4
1
21
22
SIM5
SIM1
SIM2
SIM3
SIM4
1
21
22
SIM5
SIM1
SIM2
SIM3
SIM4
1
21
22
SIM5
SIM1
SIM2
SIM3
SIM4
1
21
22
SIM5
SIM1
SIM2
SIM3
SIM4
1
21
22
SIM5
SIM1
SIM2
SIM3
SIM4
1
21
22
SIM5
SIM1
SIM2
SIM3
SIM4
1
21
22
SIM5
SIM1
SIM2
SIM3
SIM4
1
21
22
SIM5
SIM1
SIM2
SIM3
SIM4
1
21
22
SIM5
SIM1
SIM2
SIM3
SIM4
1
21
22
SIM5
SIM1
SIM2
SIM3
SIM4
1
21
22
SIM5
SIM1
SIM2
SIM3
SIM4
1
21
22
SIM5
SIM1
SIM2
SIM3
SIM4
1
21
22
SIM5
SIM1
SIM2
SIM3
SIM4
1
21
22
SIM5
SIM1
SIM2
SIM3
SIM4
1
21
22
SIM5
SIM1
SIM2
SIM3
SIM4
1
21
22
SIM5
SIM1
SIM2
SIM3
SIM4
1
21
22
SIM5
SIM1
SIM2
SIM3
SIM4
1
21
22
SIM5
SIM1
SIM2
SIM3
SIM4
1
21
22
SIM5
SIM1
SIM2
SIM3
SIM4
1
21
22
SIM5
SIM1
SIM2
SIM3
SIM4
1
21
22
SIM5
SIM1
SIM2
SIM3
SIM4
1
21
22
SIM5
SIM1
SIM2
SIM3
SIM4
1
21
22
SIM5
SIM1
SIM2
SIM3
SIM4
1
21
22
SIM5
SIM1
SIM2
SIM3
SIM4
1
21
22
SIM5
SIM1
SIM2
SIM3
SIM4
1
21
22
SIM5
SIM1
SIM2
SIM3
SIM4
1
21
22
SIM5
SIM1
SIM2
SIM3
SIM4
1
21
22
SIM5
SIM1
SIM2
SIM3
SIM4
1
21
22
SIM5
SIM1
SIM2
SIM3
SIM4
1
21
22
SIM5
SIM1
SIM2
SIM3
SIM4
1
21
22
SIM5
SIM1
SIM2
SIM3
SIM4
1
21
22
SIM5
SIM1
SIM2
SIM3
SIM4
1
21
22
SIM5
SIM1
SIM2
SIM3
SIM4
1
21
22
SIM5
SIM1
SIM2
SIM3
SIM4
1
21
22
SIM5
SIM1
SIM2
SIM3
SIM4
1
21
22
SIM5
SIM1
SIM2
SIM3
SIM4
1
21
22
SIM5
SIM1
SIM2
SIM3
SIM4
1
21
22
SIM5
SIM1
SIM2
SIM3
SIM4
1
21
22
SIM5
SIM1
SIM2
SIM3
SIM4
1
21
22
SIM5
SIM1
SIM2
SIM3
SIM4
1
21
22
SIM5
SIM1
SIM2
SIM3
SIM4
1
21
22
SIM5
SIM1
SIM2
SIM3
SIM4
1
21
22
SIM5
SIM1
SIM2
SIM3
SIM4
1
21
22
SIM5
SIM1
SIM2
SIM3
SIM4
1
21
22
SIM5
SIM1
SIM2
SIM3
SIM4
1
21
22
SIM5
SIM1
SIM2
SIM3
SIM4
1
21
22
SIM5
SIM1
SIM2
SIM3
SIM4
1
21
22
SIM5
SIM1
SIM2
SIM3
SIM4
1
21
22
SIM5
SIM1
SIM2
SIM3
SIM4
1
21
22
SIM5
SIM1
SIM2
SIM3
SIM4
1
21
22
SIM5
SIM1
SIM2
SIM3
SIM4
1
21
22
SIM5
SIM1
SIM2
SIM3
SIM4
1
21
22
SIM5
SIM1
SIM2
SIM3
SIM4
1
21
22
SIM5
SIM1
SIM2
SIM3
SIM4
1
21
22
SIM5
SIM1
SIM2
SIM3
SIM4
1
21
22
SIM5
SIM1
SIM2
SIM3
SIM4
1
21
22
SIM5
SIM1
SIM2
SIM3
SIM4
1
21
22
SIM5
SIM1
SIM2
SIM3
SIM4
1
21
22
SIM5
SIM1
SIM2
SIM3
SIM4
1
21
22
SIM5
SIM1
SIM2
SIM3
SIM4
1
21
22
SIM5
SIM1
SIM2
SIM3
SIM4
1
21
22
SIM5
SIM1
SIM2
SIM3
SIM4
1
21
22
SIM5
SIM1
SIM2
SIM3
SIM4
1
21
22
SIM5
SIM1
SIM2
SIM3
SIM4
1
21
22
SIM5
SIM1
SIM2
SIM3
SIM4
1
21
22
SIM5
SIM1
SIM2
SIM3
SIM4
1
21
22
SIM5
SIM1
SIM2
SIM3
SIM4
1
21
22
SIM5
SIM1
SIM2
SIM3
SIM4
1
21
22
SIM5
SIM1
SIM2
SIM3
SIM4
1
21
22
SIM5
SIM1
SIM2
SIM3
SIM4
1
21
22
SIM5
SIM1
SIM2
SIM3
SIM4
1
21
22
SIM5
SIM1
SIM2
SIM3
SIM4
1
21
22
SIM5
SIM1
SIM2
SIM3
SIM4
1
21
22
SIM5
SIM1
SIM2
SIM3
SIM4
1
21
22
SIM5
SIM1
SIM2
SIM3
SIM4
1
21
22
SIM5
SIM1
SIM2
SIM3
SIM4
1
21
22
SIM5
SIM1
SIM2
SIM3
SIM4
1
21
22
SIM5
SIM1
SIM2
SIM3
SIM4
1
21
22
SIM5
SIM1
SIM2
SIM3
SIM4
1
21
22
SIM5
SIM1
SIM2
SIM3
SIM4
1
21
22
SIM5
SIM1
SIM2
SIM3
SIM4
1
21
22
SIM5
SIM1
SIM2
SIM3
SIM4
1
21
22
SIM5
SIM1
SIM2
SIM3
SIM4
1
21
22
SIM5
SIM1
SIM2
SIM3
SIM4
1
21
22
SIM5
SIM1
SIM2
SIM3
SIM4
1
21
22
SIM5
SIM1
SIM2
SIM3
SIM4
1
21
22
SIM5
SIM1
SIM2
SIM3
SIM4
1
21
22
SIM5
SIM1
SIM2
SIM3
SIM4
1
21
22
SIM5
SIM1
SIM2
SIM3
SIM4
1
21
22
SIM5
SIM1
SIM2
SIM3
SIM4
1
21
22
SIM5
SIM1
SIM2
SIM3
SIM4
1
21
22
SIM5
SIM1
SIM2
SIM3
SIM4
1
21
22
SIM5
SIM1
SIM2
SIM3
SIM4
1
21
22
SIM5
SIM1
SIM2
SIM3
SIM4
1
21
22
SIM5
SIM1
SIM2
SIM3
SIM4
1
21
22
SIM5
SIM1
SIM2
SIM3
SIM4
1
21
22
SIM5
SIM1
SIM2
SIM3
SIM4
1
21
22
SIM5
SIM1
SIM2
SIM3
SIM4
1
21
22
SIM5
SIM1
SIM2
SIM3
SIM4
1
21
22
SIM5
SIM1
SIM2
SIM3
SIM4
1
21
22
SIM5
SIM1
SIM2
SIM3
SIM4
1
21
22
SIM5
SIM1
SIM2
SIM3
SIM4
1
21
22
SIM5
SIM1
SIM2
SIM3
SIM4
1
21
22
SIM5
SIM1
SIM2
SIM3
SIM4
1
21
22
SIM5
SIM1
SIM2
SIM3
SIM4
1
21
22
SIM5
SIM1
SIM2
SIM3
SIM4
1
21
22
SIM5
SIM1
SIM2
SIM3
SIM4
1
21
22
SIM5
SIM1
SIM2
SIM3
SIM4
1
21
22
SIM5
SIM1
SIM2
SIM3
SIM4
1
21
22
SIM5
SIM1
SIM2
SIM3
SIM4
1
21
22
SIM5
SIM1
SIM2
SIM3
SIM4
1
21
22
SIM5
SIM1
SIM2
SIM3
SIM4
1
21
22
SIM5
SIM1
SIM2
SIM3
SIM4
1
21
22
SIM5
SIM1
SIM2
SIM3
SIM4
1
21
22
SIM5
SIM1
SIM2
SIM3
SIM4
1
21
22
SIM5
SIM1
SIM2
SIM3
SIM4
1
21
22
SIM5
SIM1
SIM2
SIM3
SIM4
1
21
22
SIM5
SIM1
SIM2
SIM3
SIM4
1
21
22
SIM5
SIM1
SIM2
SIM3
SIM4
1
21
22
SIM5
SIM1
SIM2
SIM3
SIM4
1
21
22
SIM5
SIM1
SIM2
SIM3
SIM4
1
21
22
SIM5
SIM1
SIM2
DEBUG 1 502
SIM1
SIM2
SIM3
SIM4
1
21
22
SIM5
SIM1
SIM2
SIM3
SIM4
1
21
22
SIM5
SIM1
SIM2
SIM3
SIM4
1
21
22
SIM5
SIM1
SIM2
SIM3
SIM4
1
21
22
SIM5
SIM1
SIM2
SIM3
SIM4
1
21
22
SIM5
SIM1
SIM2
SIM3
SIM4
1
21
22
SIM5
SIM1
SIM2
SIM3
SIM4
1
21
22
SIM5
SIM1
SIM2
SIM3
SIM4
1
21
22
SIM5
SIM1
SIM2
SIM3
SIM4
1
21
22
SIM5
SIM1
SIM2
SIM3
SIM4
1
21
22
SIM5
SIM1
SIM2
SIM3
SIM4
1
21
22
SIM5
SIM1
SIM2
SIM3
SIM4
1
21
22
SIM5
SIM1
SIM2
SIM3
SIM4
1
21
22
SIM5
SIM1
SIM2
SIM3
SIM4
1
21
22
SIM5
SIM1
SIM2
SIM3
SIM4
1
21
22
SIM5
SIM1
SIM2
SIM3
SIM4
1
21
22
SIM5
SIM1
SIM2
SIM3
SIM4
1
21
22
SIM5
SIM1
SIM2
SIM3
SIM4
1
21
22
SIM5
SIM1
SIM2
SIM3
SIM4
1
21
22
SIM5
SIM1
SIM2
SIM3
SIM4
1
21
22
SIM5
SIM1
SIM2
SIM3
SIM4
1
21
22
SIM5
SIM1
SIM2
SIM3
SIM4
1
21
22
SIM5
SIM1
SIM2
SIM3
SIM4
1
21
22
SIM5
SIM1
SIM2
SIM3
SIM4
1
21
22
SIM5
SIM1
SIM2
SIM3
SIM4
1
21
22
SIM5
SIM1
SIM2
SIM3
SIM4
1
21
22
SIM5
SIM1
SIM2
SIM3
SIM4
1
21
22
SIM5
SIM1
SIM2
SIM3
SIM4
1
21
22
SIM5
SIM1
SIM2
SIM3
SIM4
1
21
22
SIM5
SIM1
SIM2
SIM3
SIM4
1
21
22
SIM5
SIM1
SIM2
SIM3
SIM4
1
21
22
SIM5
SIM1
SIM2
SIM3
SIM4
1
21
22
SIM5
SIM1
SIM2
SIM3
SIM4
1
21
22
SIM5
SIM1
SIM2
SIM3
SIM4
1
21
22
SIM5
SIM1
SIM2
SIM3
SIM4
1
21
22
SIM5
SIM1
SIM2
SIM3
SIM4
1
21
22
SIM5
SIM1
SIM2
SIM3
SIM4
1
21
22
SIM5
SIM1
SIM2
SIM3
SIM4
1
21
22
SIM5
SIM1
SIM2
SIM3
SIM4
1
21
22
SIM5
SIM1
SIM2
SIM3
SIM4
1
21
22
SIM5
SIM1
SIM2
SIM3
SIM4
1
21
22
SIM5
SIM1
SIM2
SIM3
SIM4
1
21
22
SIM5
SIM1
SIM2
SIM3
SIM4
1
21
22
SIM5
SIM1
SIM2
SIM3
SIM4
1
21
22
SIM5
SIM1
SIM2
SIM3
SIM4
1
21
22
SIM5
SIM1
SIM2
SIM3
SIM4
1
21
22
SIM5
SIM1
SIM2
SIM3
SIM4
1
21
22
SIM5
SIM1
SIM2
SIM3
SIM4
1
21
22
SIM5
SIM1
SIM2
SIM3
SIM4
1
21
22
SIM5
SIM1
SIM2
SIM3
SIM4
1
21
22
SIM5
SIM1
SIM2
SIM3
SIM4
1
21
22
SIM5
SIM1
SIM2
SIM3
SIM4
1
21
22
SIM5
SIM1
SIM2
SIM3
SIM4
1
21
22
SIM5
SIM1
SIM2
SIM3
SIM4
1
21
22
SIM5
SIM1
SIM2
SIM3
SIM4
1
21
22
SIM5
SIM1
SIM2
SIM3
SIM4
1
21
22
SIM5
SIM1
SIM2
SIM3
SIM4
1
21
22
SIM5
SIM1
SIM2
SIM3
SIM4
1
21
22
SIM5
SIM1
SIM2
SIM3
SIM4
1
21
22
SIM5
SIM1
SIM2
SIM3
SIM4
1
21
22
SIM5
SIM1
SIM2
SIM3
SIM4
1
21
22
SIM5
SIM1
SIM2
SIM3
SIM4
1
21
22
SIM5
SIM1
SIM2
SIM3
SIM4
1
21
22
SIM5
SIM1
SIM2
SIM3
SIM4
1
21
22
SIM5
SIM1
SIM2
SIM3
SIM4
1
21
22
SIM5
SIM1
SIM2
SIM3
SIM4
1
21
22
SIM5
SIM1
SIM2
SIM3
SIM4
1
21
22
SIM5
SIM1
SIM2
SIM3
SIM4
1
21
22
SIM5
SIM1
SIM2
SIM3
SIM4
1
21
22
SIM5
SIM1
SIM2
SIM3
SIM4
1
21
22
SIM5
SIM1
SIM2
SIM3
SIM4
1
21
22
SIM5
SIM1
SIM2
SIM3
SIM4
1
21
22
SIM5
SIM1
SIM2
SIM3
SIM4
1
21
22
SIM5
SIM1
SIM2
SIM3
SIM4
1
21
22
SIM5
SIM1
SIM2
SIM3
SIM4
1
21
22
SIM5
SIM1
SIM2
SIM3
SIM4
1
21
22
SIM5
SIM1
SIM2
SIM3
SIM4
1
21
22
SIM5
SIM1
SIM2
SIM3
SIM4
1
21
22
SIM5
SIM1
SIM2
SIM3
SIM4
1
21
22
SIM5
SIM1
SIM2
SIM3
SIM4
1
21
22
SIM5
SIM1
SIM2
SIM3
SIM4
1
21
22
SIM5
SIM1
SIM2
SIM3
SIM4
1
21
22
SIM5
SIM1
SIM2
SIM3
SIM4
1
21
22
SIM5
SIM1
SIM2
SIM3
SIM4
1
21
22
SIM5
SIM1
SIM2
SIM3
SIM4
1
21
22
SIM5
SIM1
SIM2
SIM3
SIM4
1
21
22
SIM5
SIM1
SIM2
SIM3
SIM4
1
21
22
SIM5
SIM1
SIM2
SIM3
SIM4
1
21
22
SIM5
SIM1
SIM2
SIM3
SIM4
1
21
22
SIM5
SIM1
SIM2
SIM3
SIM4
1
21
22
SIM5
SIM1
SIM2
SIM3
SIM4
1
21
22
SIM5
SIM1
SIM2
SIM3
SIM4
1
21
22
SIM5
SIM1
SIM2
SIM3
SIM4
1
21
22
SIM5
SIM1
SIM2
SIM3
SIM4
1
21
22
SIM5
SIM1
SIM2
SIM3
SIM4
1
21
22
SIM5
SIM1
SIM2
SIM3
SIM4
1
21
22
SIM5
SIM1
SIM2
SIM3
SIM4
1
21
22
SIM5
SIM1
SIM2
SIM3
SIM4
1
21
22
SIM5
SIM1
SIM2
SIM3
SIM4
1
21
22
SIM5
SIM1
SIM2
SIM3
SIM4
1
21
22
SIM5
SIM1
SIM2
SIM3
SIM4
1
21
22
SIM5
SIM1
SIM2
SIM3
SIM4
1
21
22
SIM5
SIM1
SIM2
SIM3
SIM4
1
21
22
SIM5
SIM1
SIM2
SIM3
SIM4
1
21
22
SIM5
SIM1
SIM2
SIM3
SIM4
1
21
22
SIM5
SIM1
SIM2
SIM3
SIM4
1
21
22
SIM5
SIM1
SIM2
SIM3
SIM4
1
21
22
SIM5
SIM1
SIM2
SIM3
SIM4
1
21
22
SIM5
SIM1
SIM2
SIM3
SIM4
1
21
22
SIM5
SIM1
SIM2
SIM3
SIM4
1
21
22
SIM5
SIM1
SIM2
SIM3
SIM4
1
21
22
SIM5
SIM1
SIM2
SIM3
SIM4
1
21
22
SIM5
SIM1
SIM2
SIM3
SIM4
1
21
22
SIM5
SIM1
SIM2
SIM3
SIM4
1
21
22
SIM5
SIM1
SIM2
SIM3
SIM4
1
21
22
SIM5
SIM1
SIM2
SIM3
SIM4
1
21
22
SIM5
SIM1
SIM2
SIM3
SIM4
1
21
22
SIM5
SIM1
SIM2
SIM3
SIM4
1
21
22
SIM5
SIM1
SIM2
SIM3
SIM4
1
21
22
SIM5
SIM1
SIM2
SIM3
SIM4
1
21
22
SIM5
SIM1
SIM2
SIM3
SIM4
1
21
22
SIM5
SIM1
SIM2
SIM3
SIM4
1
21
22
SIM5
SIM1
SIM2
SIM3
SIM4
1
21
22
SIM5
SIM1
SIM2
SIM3
SIM4
1
21
22
SIM5
SIM1
SIM2
SIM3
SIM4
1
21
22
SIM5
SIM1
SIM2
SIM3
SIM4
1
21
22
SIM5
SIM1
SIM2
SIM3
SIM4
1
21
22
SIM5
SIM1
SIM2
SIM3
SIM4
1
21
22
SIM5
SIM1
SIM2
SIM3
SIM4
1
21
22
SIM5
SIM1
SIM2
SIM3
SIM4
1
21
22
SIM5
SIM1
SIM2
SIM3
SIM4
1
21
22
SIM5
SIM1
SIM2
SIM3
SIM4
1
21
22
SIM5
SIM1
SIM2
SIM3
SIM4
1
21
22
SIM5
SIM1
SIM2
SIM3
SIM4
1
21
22
SIM5
SIM1
SIM2
SIM3
SIM4
1
21
22
SIM5
SIM1
SIM2
SIM3
SIM4
1
21
22
SIM5
SIM1
SIM2
SIM3
SIM4
1
21
22
SIM5
SIM1
SIM2
SIM3
SIM4
1
21
22
SIM5
SIM1
SIM2
SIM3
SIM4
1
21
22
SIM5
SIM1
SIM2
SIM3
SIM4
1
21
22
SIM5
SIM1
SIM2
SIM3
SIM4
1
21
22
SIM5
SIM1
SIM2
SIM3
SIM4
1
21
22
SIM5
SIM1
SIM2
SIM3
SIM4
1
21
22
SIM5
SIM1
SIM2
SIM3
SIM4
1
21
22
SIM5
SIM1
SIM2
SIM3
SIM4
1
21
22
SIM5
SIM1
SIM2
SIM3
SIM4
1
21
22
SIM5
SIM1
SIM2
SIM3
SIM4
1
21
22
SIM5
SIM1
SIM2
SIM3
SIM4
1
21
22
SIM5
SIM1
SIM2
SIM3
SIM4
1
21
22
SIM5
SIM1
SIM2
SIM3
SIM4
1
21
22
SIM5
SIM1
SIM2
SIM3
SIM4
1
21
22
SIM5
SIM1
SIM2
SIM3
SIM4
1
21
22
SIM5
SIM1
SIM2
SIM3
SIM4
1
21
22
SIM5
SIM1
SIM2
SIM3
SIM4
1
21
22
SIM5
SIM1
SIM2
SIM3
SIM4
1
21
22
SIM5
SIM1
SIM2
SIM3
SIM4
1
21
22
SIM5
SIM1
SIM2
SIM3
SIM4
1
21
22
SIM5
SIM1
SIM2
SIM3
SIM4
1
21
22
SIM5
SIM1
SIM2
SIM3
SIM4
1
21
22
SIM5
SIM1
SIM2
SIM3
SIM4
1
21
22
SIM5
SIM1
SIM2
SIM3
SIM4
1
21
22
SIM5
SIM1
SIM2
SIM3
SIM4
1
21
22
SIM5
SIM1
SIM2
SIM3
SIM4
1
21
22
SIM5
SIM1
SIM2
SIM3
SIM4
1
21
22
SIM5
SIM1
SIM2
SIM3
SIM4
1
21
22
SIM5
SIM1
SIM2
SIM3
SIM4
1
21
22
SIM5
SIM1
SIM2
SIM3
SIM4
1
21
22
SIM5
SIM1
SIM2
SIM3
SIM4
1
21
22
SIM5
SIM1
SIM2
SIM3
SIM4
1
21
22
SIM5
SIM1
SIM2
SIM3
SIM4
1
21
22
SIM5
SIM1
SIM2
SIM3
SIM4
1
21
22
SIM5
SIM1
SIM2
SIM3
SIM4
1
21
22
SIM5
SIM1
SIM2
SIM3
SIM4
1
21
22
SIM5
SIM1
SIM2
SIM3
SIM4
1
21
22
SIM5
SIM1
SIM2
SIM3
SIM4
1
21
22
SIM5
SIM1
SIM2
SIM3
SIM4
1
21
22
SIM5
SIM1
SIM2
SIM3
SIM4
1
21
22
SIM5
SIM1
SIM2
SIM3
SIM4
1
21
22
SIM5
SIM1
SIM2
SIM3
SIM4
1
21
22
SIM5
SIM1
SIM2
SIM3
SIM4
1
21
22
SIM5
SIM1
SIM2
SIM3
SIM4
1
21
22
SIM5
SIM1
SIM2
SIM3
SIM4
1
21
22
SIM5
SIM1
SIM2
SIM3
SIM4
1
21
22
SIM5
SIM1
SIM2
SIM3
SIM4
1
21
22
SIM5
SIM1
SIM2
SIM3
SIM4
1
21
22
SIM5
SIM1
SIM2
SIM3
SIM4
1
21
22
SIM5
SIM1
SIM2
SIM3
SIM4
1
21
22
SIM5
SIM1
SIM2
SIM3
SIM4
1
21
22
SIM5
SIM1
SIM2
SIM3
SIM4
1
21
22
SIM5
SIM1
SIM2
SIM3
SIM4
1
21
22
SIM5
SIM1
SIM2
SIM3
SIM4
1
21
22
SIM5
SIM1
SIM2
SIM3
SIM4
1
21
22
SIM5
SIM1
SIM2
SIM3
SIM4
1
21
22
SIM5
SIM1
SIM2
SIM3
SIM4
1
21
22
SIM5
SIM1
SIM2
SIM3
SIM4
1
21
22
SIM5
SIM1
SIM2
SIM3
SIM4
1
21
22
SIM5
SIM1
SIM2
SIM3
SIM4
1
21
22
SIM5
SIM1
SIM2
SIM3
SIM4
1
21
22
SIM5
SIM1
SIM2
SIM3
SIM4
1
21
22
SIM5
SIM1
SIM2
SIM3
SIM4
1
21
22
SIM5
SIM1
SIM2
SIM3
SIM4
1
21
22
SIM5
SIM1
SIM2
SIM3
SIM4
1
21
22
SIM5
SIM1
SIM2
SIM3
SIM4
1
21
22
SIM5
SIM1
SIM2
SIM3
SIM4
1
21
22
SIM5
SIM1
SIM2
SIM3
SIM4
1
21
22
SIM5
SIM1
SIM2
SIM3
SIM4
1
21
22
SIM5
SIM1
SIM2
SIM3
SIM4
1
21
22
SIM5
SIM1
SIM2
SIM3
SIM4
1
21
22
SIM5
SIM1
SIM2
SIM3
SIM4
1
21
22
SIM5
SIM1
SIM2
SIM3
SIM4
1
21
22
SIM5
SIM1
SIM2
SIM3
SIM4
1
21
22
SIM5
SIM1
SIM2
SIM3
SIM4
1
21
22
SIM5
SIM1
SIM2
SIM3
SIM4
1
21
22
SIM5
SIM1
SIM2
SIM3
SIM4
1
21
22
SIM5
SIM1
SIM2
SIM3
SIM4
1
21
22
SIM5
SIM1
SIM2
SIM3
SIM4
1
21
22
SIM5
SIM1
SIM2
SIM3
SIM4
1
21
22
SIM5
SIM1
SIM2
SIM3
SIM4
1
21
22
SIM5
SIM1
SIM2
SIM3
SIM4
1
21
22
SIM5
SIM1
SIM2
SIM3
SIM4
1
21
22
SIM5
SIM1
SIM2
SIM3
SIM4
1
21
22
SIM5
SIM1
SIM2
SIM3
SIM4
1
21
22
SIM5
SIM1
SIM2
SIM3
SIM4
1
21
22
SIM5
SIM1
SIM2
SIM3
SIM4
1
21
22
SIM5
SIM1
SIM2
SIM3
SIM4
1
21
22
SIM5
SIM1
SIM2
SIM3
SIM4
1
21
22
SIM5
SIM1
SIM2
SIM3
SIM4
1
21
22
SIM5
SIM1
SIM2
SIM3
SIM4
1
21
22
SIM5
SIM1
SIM2
SIM3
SIM4
1
21
22
SIM5
SIM1
SIM2
SIM3
SIM4
1
21
22
SIM5
SIM1
SIM2
SIM3
SIM4
1
21
22
SIM5
SIM1
SIM2
SIM3
SIM4
1
21
22
SIM5
SIM1
SIM2
SIM3
SIM4
1
21
22
SIM5
SIM1
SIM2
SIM3
SIM4
1
21
22
SIM5
SIM1
SIM2
SIM3
SIM4
1
21
22
SIM5
SIM1
SIM2
SIM3
SIM4
1
21
22
SIM5
SIM1
SIM2
SIM3
SIM4
1
21
22
SIM5
SIM1
SIM2
SIM3
SIM4
1
21
22
SIM5
SIM1
SIM2
SIM3
SIM4
1
21
22
SIM5
SIM1
SIM2
SIM3
SIM4
1
21
22
SIM5
SIM1
SIM2
SIM3
SIM4
1
21
22
SIM5
SIM1
SIM2
SIM3
SIM4
1
21
22
SIM5
SIM1
SIM2
DEBUG 1 503
SIM1
SIM2
SIM3
SIM4
1
21
22
SIM5
SIM1
SIM2
SIM3
SIM4
1
21
22
SIM5
SIM1
SIM2
SIM3
SIM4
1
21
22
SIM5
SIM1
SIM2
SIM3
SIM4
1
21
22
SIM5
SIM1
SIM2
SIM3
SIM4
1
21
22
SIM5
SIM1
SIM2
SIM3
SIM4
1
21
22
SIM5
SIM1
SIM2
SIM3
SIM4
1
21
22
SIM5
SIM1
SIM2
SIM3
SIM4
1
21
22
SIM5
SIM1
SIM2
SIM3
SIM4
1
21
22
SIM5
SIM1
SIM2
SIM3
SIM4
1
21
22
SIM5
SIM1
SIM2
SIM3
SIM4
1
21
22
SIM5
SIM1
SIM2
SIM3
SIM4
1
21
22
SIM5
SIM1
SIM2
SIM3
SIM4
1
21
22
SIM5
SIM1
SIM2
SIM3
SIM4
1
21
22
SIM5
SIM1
SIM2
SIM3
SIM4
1
21
22
SIM5
SIM1
SIM2
SIM3
SIM4
1
21
22
SIM5
SIM1
SIM2
SIM3
SIM4
1
21
22
SIM5
SIM1
SIM2
SIM3
SIM4
1
21
22
SIM5
SIM1
SIM2
SIM3
SIM4
1
21
22
SIM5
SIM1
SIM2
SIM3
SIM4
1
21
22
SIM5
SIM1
SIM2
SIM3
SIM4
1
21
22
SIM5
SIM1
SIM2
SIM3
SIM4
1
21
22
SIM5
SIM1
SIM2
SIM3
SIM4
1
21
22
SIM5
SIM1
SIM2
SIM3
SIM4
1
21
22
SIM5
SIM1
SIM2
SIM3
SIM4
1
21
22
SIM5
SIM1
SIM2
SIM3
SIM4
1
21
22
SIM5
SIM1
SIM2
SIM3
SIM4
1
21
22
SIM5
SIM1
SIM2
SIM3
SIM4
1
21
22
SIM5
SIM1
SIM2
SIM3
SIM4
1
21
22
SIM5
SIM1
SIM2
SIM3
SIM4
1
21
22
SIM5
SIM1
SIM2
SIM3
SIM4
1
21
22
SIM5
SIM1
SIM2
SIM3
SIM4
1
21
22
SIM5
SIM1
SIM2
SIM3
SIM4
1
21
22
SIM5
SIM1
SIM2
SIM3
SIM4
1
21
22
SIM5
SIM1
SIM2
SIM3
SIM4
1
21
22
SIM5
SIM1
SIM2
SIM3
SIM4
1
21
22
SIM5
SIM1
SIM2
SIM3
SIM4
1
21
22
SIM5
SIM1
SIM2
SIM3
SIM4
1
21
22
SIM5
SIM1
SIM2
SIM3
SIM4
1
21
22
SIM5
SIM1
SIM2
SIM3
SIM4
1
21
22
SIM5
SIM1
SIM2
SIM3
SIM4
1
21
22
SIM5
SIM1
SIM2
SIM3
SIM4
1
21
22
SIM5
SIM1
SIM2
SIM3
SIM4
1
21
22
SIM5
SIM1
SIM2
SIM3
SIM4
1
21
22
SIM5
SIM1
SIM2
SIM3
SIM4
1
21
22
SIM5
SIM1
SIM2
SIM3
SIM4
1
21
22
SIM5
SIM1
SIM2
SIM3
SIM4
1
21
22
SIM5
SIM1
SIM2
SIM3
SIM4
1
21
22
SIM5
SIM1
SIM2
SIM3
SIM4
1
21
22
SIM5
SIM1
SIM2
SIM3
SIM4
1
21
22
SIM5
SIM1
SIM2
SIM3
SIM4
1
21
22
SIM5
SIM1
SIM2
SIM3
SIM4
1
21
22
SIM5
SIM1
SIM2
SIM3
SIM4
1
21
22
SIM5
SIM1
SIM2
SIM3
SIM4
1
21
22
SIM5
SIM1
SIM2
SIM3
SIM4
1
21
22
SIM5
SIM1
SIM2
SIM3
SIM4
1
21
22
SIM5
SIM1
SIM2
SIM3
SIM4
1
21
22
SIM5
SIM1
SIM2
SIM3
SIM4
1
21
22
SIM5
SIM1
SIM2
SIM3
SIM4
1
21
22
SIM5
SIM1
SIM2
SIM3
SIM4
1
21
22
SIM5
SIM1
SIM2
SIM3
SIM4
1
21
22
SIM5
SIM1
SIM2
SIM3
SIM4
1
21
22
SIM5
SIM1
SIM2
SIM3
SIM4
1
21
22
SIM5
SIM1
SIM2
SIM3
SIM4
1
21
22
SIM5
SIM1
SIM2
SIM3
SIM4
1
21
22
SIM5
SIM1
SIM2
SIM3
SIM4
1
21
22
SIM5
SIM1
SIM2
SIM3
SIM4
1
21
22
SIM5
SIM1
SIM2
SIM3
SIM4
1
21
22
SIM5
SIM1
SIM2
SIM3
SIM4
1
21
22
SIM5
SIM1
SIM2
SIM3
SIM4
1
21
22
SIM5
SIM1
SIM2
SIM3
SIM4
1
21
22
SIM5
SIM1
SIM2
SIM3
SIM4
1
21
22
SIM5
SIM1
SIM2
SIM3
SIM4
1
21
22
SIM5
SIM1
SIM2
SIM3
SIM4
1
21
22
SIM5
SIM1
SIM2
SIM3
SIM4
1
21
22
SIM5
SIM1
SIM2
SIM3
SIM4
1
21
22
SIM5
SIM1
SIM2
SIM3
SIM4
1
21
22
SIM5
SIM1
SIM2
SIM3
SIM4
1
21
22
SIM5
SIM1
SIM2
SIM3
SIM4
1
21
22
SIM5
SIM1
SIM2
SIM3
SIM4
1
21
22
SIM5
SIM1
SIM2
SIM3
SIM4
1
21
22
SIM5
SIM1
SIM2
SIM3
SIM4
1
21
22
SIM5
SIM1
SIM2
SIM3
SIM4
1
21
22
SIM5
SIM1
SIM2
SIM3
SIM4
1
21
22
SIM5
SIM1
SIM2
SIM3
SIM4
1
21
22
SIM5
SIM1
SIM2
SIM3
SIM4
1
21
22
SIM5
SIM1
SIM2
SIM3
SIM4
1
21
22
SIM5
SIM1
SIM2
SIM3
SIM4
1
21
22
SIM5
SIM1
SIM2
SIM3
SIM4
1
21
22
SIM5
SIM1
SIM2
SIM3
SIM4
1
21
22
SIM5
SIM1
SIM2
SIM3
SIM4
1
21
22
SIM5
SIM1
SIM2
SIM3
SIM4
1
21
22
SIM5
SIM1
SIM2
SIM3
SIM4
1
21
22
SIM5
SIM1
SIM2
SIM3
SIM4
1
21
22
SIM5
SIM1
SIM2
SIM3
SIM4
1
21
22
SIM5
SIM1
SIM2
SIM3
SIM4
1
21
22
SIM5
SIM1
SIM2
SIM3
SIM4
1
21
22
SIM5
SIM1
SIM2
SIM3
SIM4
1
21
22
SIM5
SIM1
SIM2
SIM3
SIM4
1
21
22
SIM5
SIM1
SIM2
SIM3
SIM4
1
21
22
SIM5
SIM1
SIM2
SIM3
SIM4
1
21
22
SIM5
SIM1
SIM2
SIM3
SIM4
1
21
22
SIM5
SIM1
SIM2
SIM3
SIM4
1
21
22
SIM5
SIM1
SIM2
SIM3
SIM4
1
21
22
SIM5
SIM1
SIM2
SIM3
SIM4
1
21
22
SIM5
SIM1
SIM2
SIM3
SIM4
1
21
22
SIM5
SIM1
SIM2
SIM3
SIM4
1
21
22
SIM5
SIM1
SIM2
SIM3
SIM4
1
21
22
SIM5
SIM1
SIM2
SIM3
SIM4
1
21
22
SIM5
SIM1
SIM2
SIM3
SIM4
1
21
22
SIM5
SIM1
SIM2
SIM3
SIM4
1
21
22
SIM5
SIM1
SIM2
SIM3
SIM4
1
21
22
SIM5
SIM1
SIM2
SIM3
SIM4
1
21
22
SIM5
SIM1
SIM2
SIM3
SIM4
1
21
22
SIM5
SIM1
SIM2
SIM3
SIM4
1
21
22
SIM5
SIM1
SIM2
SIM3
SIM4
1
21
22
SIM5
SIM1
SIM2
SIM3
SIM4
1
21
22
SIM5
SIM1
SIM2
DEBUG 1 504
SIM1
SIM2
SIM3
SIM4
1
21
22
SIM5
SIM1
SIM2
SIM3
SIM4
1
21
22
SIM5
SIM1
SIM2
SIM3
SIM4
1
21
22
SIM5
SIM1
SIM2
SIM3
SIM4
1
21
22
SIM5
SIM1
SIM2
SIM3
SIM4
1
21
22
SIM5
SIM1
SIM2
SIM3
SIM4
1
21
22
SIM5
SIM1
SIM2
SIM3
SIM4
1
21
22
SIM5
SIM1
SIM2
SIM3
SIM4
1
21
22
SIM5
SIM1
SIM2
SIM3
SIM4
1
21
22
SIM5
SIM1
SIM2
SIM3
SIM4
1
21
22
SIM5
SIM1
SIM2
SIM3
SIM4
1
21
22
SIM5
SIM1
SIM2
SIM3
SIM4
1
21
22
SIM5
SIM1
SIM2
SIM3
SIM4
1
21
22
SIM5
SIM1
SIM2
SIM3
SIM4
1
21
22
SIM5
SIM1
SIM2
SIM3
SIM4
1
21
22
SIM5
SIM1
SIM2
SIM3
SIM4
1
21
22
SIM5
SIM1
SIM2
SIM3
SIM4
1
21
22
SIM5
SIM1
SIM2
SIM3
SIM4
1
21
22
SIM5
SIM1
SIM2
SIM3
SIM4
1
21
22
SIM5
SIM1
SIM2
SIM3
SIM4
1
21
22
SIM5
SIM1
SIM2
SIM3
SIM4
1
21
22
SIM5
SIM1
SIM2
SIM3
SIM4
1
21
22
SIM5
SIM1
SIM2
SIM3
SIM4
1
21
22
SIM5
SIM1
SIM2
SIM3
SIM4
1
21
22
SIM5
SIM1
SIM2
SIM3
SIM4
1
21
22
SIM5
SIM1
SIM2
SIM3
SIM4
1
21
22
SIM5
SIM1
SIM2
SIM3
SIM4
1
21
22
SIM5
SIM1
SIM2
SIM3
SIM4
1
21
22
SIM5
SIM1
SIM2
SIM3
SIM4
1
21
22
SIM5
SIM1
SIM2
SIM3
SIM4
1
21
22
SIM5
SIM1
SIM2
SIM3
SIM4
1
21
22
SIM5
SIM1
SIM2
SIM3
SIM4
1
21
22
SIM5
SIM1
SIM2
SIM3
SIM4
1
21
22
SIM5
SIM1
SIM2
SIM3
SIM4
1
21
22
SIM5
SIM1
SIM2
SIM3
SIM4
1
21
22
SIM5
SIM1
SIM2
SIM3
SIM4
1
21
22
SIM5
SIM1
SIM2
SIM3
SIM4
1
21
22
SIM5
SIM1
SIM2
SIM3
SIM4
1
21
22
SIM5
SIM1
SIM2
SIM3
SIM4
1
21
22
SIM5
SIM1
SIM2
SIM3
SIM4
1
21
22
SIM5
SIM1
SIM2
SIM3
SIM4
1
21
22
SIM5
SIM1
SIM2
SIM3
SIM4
1
21
22
SIM5
SIM1
SIM2
SIM3
SIM4
1
21
22
SIM5
SIM1
SIM2
SIM3
SIM4
1
21
22
SIM5
SIM1
SIM2
SIM3
SIM4
1
21
22
SIM5
SIM1
SIM2
SIM3
SIM4
1
21
22
SIM5
SIM1
SIM2
SIM3
SIM4
1
21
22
SIM5
SIM1
SIM2
SIM3
SIM4
1
21
22
SIM5
SIM1
SIM2
SIM3
SIM4
1
21
22
SIM5
SIM1
SIM2
SIM3
SIM4
1
21
22
SIM5
SIM1
SIM2
SIM3
SIM4
1
21
22
SIM5
SIM1
SIM2
SIM3
SIM4
1
21
22
SIM5
SIM1
SIM2
SIM3
SIM4
1
21
22
SIM5
SIM1
SIM2
SIM3
SIM4
1
21
22
SIM5
SIM1
SIM2
SIM3
SIM4
1
21
22
SIM5
SIM1
SIM2
SIM3
SIM4
1
21
22
SIM5
SIM1
SIM2
SIM3
SIM4
1
21
22
SIM5
SIM1
SIM2
SIM3
SIM4
1
21
22
SIM5
SIM1
SIM2
SIM3
SIM4
1
21
22
SIM5
SIM1
SIM2
SIM3
SIM4
1
21
22
SIM5
SIM1
SIM2
SIM3
SIM4
1
21
22
SIM5
SIM1
SIM2
SIM3
SIM4
1
21
22
SIM5
SIM1
SIM2
SIM3
SIM4
1
21
22
SIM5
SIM1
SIM2
SIM3
SIM4
1
21
22
SIM5
SIM1
SIM2
SIM3
SIM4
1
21
22
SIM5
SIM1
SIM2
SIM3
SIM4
1
21
22
SIM5
SIM1
SIM2
SIM3
SIM4
1
21
22
SIM5
SIM1
SIM2
SIM3
SIM4
1
21
22
SIM5
SIM1
SIM2
SIM3
SIM4
1
21
22
SIM5
SIM1
SIM2
SIM3
SIM4
1
21
22
SIM5
SIM1
SIM2
SIM3
SIM4
1
21
22
SIM5
SIM1
SIM2
SIM3
SIM4
1
21
22
SIM5
SIM1
SIM2
SIM3
SIM4
1
21
22
SIM5
SIM1
SIM2
SIM3
SIM4
1
21
22
SIM5
SIM1
SIM2
SIM3
SIM4
1
21
22
SIM5
SIM1
SIM2
SIM3
SIM4
1
21
22
SIM5
SIM1
SIM2
SIM3
SIM4
1
21
22
SIM5
SIM1
SIM2
SIM3
SIM4
1
21
22
SIM5
SIM1
SIM2
SIM3
SIM4
1
21
22
SIM5
SIM1
SIM2
SIM3
SIM4
1
21
22
SIM5
SIM1
SIM2
SIM3
SIM4
1
21
22
SIM5
SIM1
SIM2
SIM3
SIM4
1
21
22
SIM5
SIM1
SIM2
SIM3
SIM4
1
21
22
SIM5
SIM1
SIM2
SIM3
SIM4
1
21
22
SIM5
SIM1
SIM2
SIM3
SIM4
1
21
22
SIM5
SIM1
SIM2
SIM3
SIM4
1
21
22
SIM5
SIM1
SIM2
SIM3
SIM4
1
21
22
SIM5
SIM1
SIM2
SIM3
SIM4
1
21
22
SIM5
SIM1
SIM2
SIM3
SIM4
1
21
22
SIM5
SIM1
SIM2
SIM3
SIM4
1
21
22
SIM5
SIM1
SIM2
SIM3
SIM4
1
21
22
SIM5
SIM1
SIM2
SIM3
SIM4
1
21
22
SIM5
SIM1
SIM2
SIM3
SIM4
1
21
22
SIM5
SIM1
SIM2
SIM3
SIM4
1
21
22
SIM5
SIM1
SIM2
SIM3
SIM4
1
21
22
SIM5
SIM1
SIM2
SIM3
SIM4
1
21
22
SIM5
SIM1
SIM2
SIM3
SIM4
1
21
22
SIM5
SIM1
SIM2
SIM3
SIM4
1
21
22
SIM5
SIM1
SIM2
SIM3
SIM4
1
21
22
SIM5
SIM1
SIM2
SIM3
SIM4
1
21
22
SIM5
SIM1
SIM2
SIM3
SIM4
1
21
22
SIM5
SIM1
SIM2
SIM3
SIM4
1
21
22
SIM5
SIM1
SIM2
SIM3
SIM4
1
21
22
SIM5
SIM1
SIM2
SIM3
SIM4
1
21
22
SIM5
SIM1
SIM2
SIM3
SIM4
1
21
22
SIM5
SIM1
SIM2
SIM3
SIM4
1
21
22
SIM5
SIM1
SIM2
SIM3
SIM4
1
21
22
SIM5
SIM1
SIM2
SIM3
SIM4
1
21
22
SIM5
SIM1
SIM2
SIM3
SIM4
1
21
22
SIM5
SIM1
SIM2
SIM3
SIM4
1
21
22
SIM5
SIM1
SIM2
SIM3
SIM4
1
21
22
SIM5
SIM1
SIM2
SIM3
SIM4
1
21
22
SIM5
SIM1
SIM2
SIM3
SIM4
1
21
22
SIM5
SIM1
SIM2
SIM3
SIM4
1
21
22
SIM5
SIM1
SIM2
SIM3
SIM4
1
21
22
SIM5
SIM1
SIM2
SIM3
SIM4
1
21
22
SIM5
SIM1
SIM2
SIM3
SIM4
1
21
22
SIM5
SIM1
SIM2
SIM3
SIM4
1
21
22
SIM5
SIM1
SIM2
SIM3
SIM4
1
21
22
SIM5
SIM1
SIM2
SIM3
SIM4
1
21
22
SIM5
SIM1
SIM2
SIM3
SIM4
1
21
22
SIM5
SIM1
SIM2
SIM3
SIM4
1
21
22
SIM5
SIM1
SIM2
SIM3
SIM4
1
21
22
SIM5
SIM1
SIM2
SIM3
SIM4
1
21
22
SIM5
SIM1
SIM2
SIM3
SIM4
1
21
22
SIM5
SIM1
SIM2
SIM3
SIM4
1
21
22
SIM5
SIM1
SIM2
SIM3
SIM4
1
21
22
SIM5
SIM1
SIM2
SIM3
SIM4
1
21
22
SIM5
SIM1
SIM2
SIM3
SIM4
1
21
22
SIM5
SIM1
SIM2
SIM3
SIM4
1
21
22
SIM5
SIM1
SIM2
SIM3
SIM4
1
21
22
SIM5
SIM1
SIM2
SIM3
SIM4
1
21
22
SIM5
SIM1
SIM2
SIM3
SIM4
1
21
22
SIM5
SIM1
SIM2
SIM3
SIM4
1
21
22
SIM5
SIM1
SIM2
SIM3
SIM4
1
21
22
SIM5
SIM1
SIM2
SIM3
SIM4
1
21
22
SIM5
SIM1
SIM2
SIM3
SIM4
1
21
22
SIM5
SIM1
SIM2
SIM3
SIM4
1
21
22
SIM5
SIM1
SIM2
SIM3
SIM4
1
21
22
SIM5
SIM1
SIM2
SIM3
SIM4
1
21
22
SIM5
SIM1
SIM2
SIM3
SIM4
1
21
22
SIM5
SIM1
SIM2
SIM3
SIM4
1
21
22
SIM5
SIM1
SIM2
SIM3
SIM4
1
21
22
SIM5
SIM1
SIM2
SIM3
SIM4
1
21
22
SIM5
SIM1
SIM2
SIM3
SIM4
1
21
22
SIM5
SIM1
SIM2
SIM3
SIM4
1
21
22
SIM5
SIM1
SIM2
SIM3
SIM4
1
21
22
SIM5
SIM1
SIM2
SIM3
SIM4
1
21
22
SIM5
SIM1
SIM2
SIM3
SIM4
1
21
22
SIM5
SIM1
SIM2
SIM3
SIM4
1
21
22
SIM5
SIM1
SIM2
SIM3
SIM4
1
21
22
SIM5
SIM1
SIM2
SIM3
SIM4
1
21
22
SIM5
SIM1
SIM2
SIM3
SIM4
1
21
22
SIM5
SIM1
SIM2
SIM3
SIM4
1
21
22
SIM5
SIM1
SIM2
SIM3
SIM4
1
21
22
SIM5
SIM1
SIM2
DEBUG 1 505
SIM1
SIM2
SIM3
SIM4
1
21
22
SIM5
SIM1
SIM2
SIM3
SIM4
1
21
22
SIM5
SIM1
SIM2
SIM3
SIM4
1
21
22
SIM5
SIM1
SIM2
SIM3
SIM4
1
21
22
SIM5
SIM1
SIM2
SIM3
SIM4
1
21
22
SIM5
SIM1
SIM2
SIM3
SIM4
1
21
22
SIM5
SIM1
SIM2
SIM3
SIM4
1
21
22
SIM5
SIM1
SIM2
SIM3
SIM4
1
21
22
SIM5
SIM1
SIM2
SIM3
SIM4
1
21
22
SIM5
SIM1
SIM2
SIM3
SIM4
1
21
22
SIM5
SIM1
SIM2
SIM3
SIM4
1
21
22
SIM5
SIM1
SIM2
SIM3
SIM4
1
21
22
SIM5
SIM1
SIM2
SIM3
SIM4
1
21
22
SIM5
SIM1
SIM2
SIM3
SIM4
1
21
22
SIM5
SIM1
SIM2
SIM3
SIM4
1
21
22
SIM5
SIM1
SIM2
SIM3
SIM4
1
21
22
SIM5
SIM1
SIM2
SIM3
SIM4
1
21
22
SIM5
SIM1
SIM2
SIM3
SIM4
1
21
22
SIM5
SIM1
SIM2
SIM3
SIM4
1
21
22
SIM5
SIM1
SIM2
SIM3
SIM4
1
21
22
SIM5
SIM1
SIM2
SIM3
SIM4
1
21
22
SIM5
SIM1
SIM2
SIM3
SIM4
1
21
22
SIM5
SIM1
SIM2
SIM3
SIM4
1
21
22
SIM5
SIM1
SIM2
SIM3
SIM4
1
21
22
SIM5
SIM1
SIM2
SIM3
SIM4
1
21
22
SIM5
SIM1
SIM2
SIM3
SIM4
1
21
22
SIM5
SIM1
SIM2
SIM3
SIM4
1
21
22
SIM5
SIM1
SIM2
SIM3
SIM4
1
21
22
SIM5
SIM1
SIM2
SIM3
SIM4
1
21
22
SIM5
SIM1
SIM2
SIM3
SIM4
1
21
22
SIM5
SIM1
SIM2
SIM3
SIM4
1
21
22
SIM5
SIM1
SIM2
SIM3
SIM4
1
21
22
SIM5
SIM1
SIM2
SIM3
SIM4
1
21
22
SIM5
SIM1
SIM2
SIM3
SIM4
1
21
22
SIM5
SIM1
SIM2
SIM3
SIM4
1
21
22
SIM5
SIM1
SIM2
SIM3
SIM4
1
21
22
SIM5
SIM1
SIM2
SIM3
SIM4
1
21
22
SIM5
SIM1
SIM2
SIM3
SIM4
1
21
22
SIM5
SIM1
SIM2
SIM3
SIM4
1
21
22
SIM5
SIM1
SIM2
SIM3
SIM4
1
21
22
SIM5
SIM1
SIM2
SIM3
SIM4
1
21
22
SIM5
SIM1
SIM2
SIM3
SIM4
1
21
22
SIM5
SIM1
SIM2
SIM3
SIM4
1
21
22
SIM5
SIM1
SIM2
SIM3
SIM4
1
21
22
SIM5
SIM1
SIM2
SIM3
SIM4
1
21
22
SIM5
SIM1
SIM2
SIM3
SIM4
1
21
22
SIM5
SIM1
SIM2
SIM3
SIM4
1
21
22
SIM5
SIM1
SIM2
SIM3
SIM4
1
21
22
SIM5
SIM1
SIM2
SIM3
SIM4
1
21
22
SIM5
SIM1
SIM2
SIM3
SIM4
1
21
22
SIM5
SIM1
SIM2
SIM3
SIM4
1
21
22
SIM5
SIM1
SIM2
SIM3
SIM4
1
21
22
SIM5
SIM1
SIM2
SIM3
SIM4
1
21
22
SIM5
SIM1
SIM2
SIM3
SIM4
1
21
22
SIM5
SIM1
SIM2
SIM3
SIM4
1
21
22
SIM5
SIM1
SIM2
SIM3
SIM4
1
21
22
SIM5
SIM1
SIM2
SIM3
SIM4
1
21
22
SIM5
SIM1
SIM2
SIM3
SIM4
1
21
22
SIM5
SIM1
SIM2
SIM3
SIM4
1
21
22
SIM5
SIM1
SIM2
SIM3
SIM4
1
21
22
SIM5
SIM1
SIM2
SIM3
SIM4
1
21
22
SIM5
SIM1
SIM2
SIM3
SIM4
1
21
22
SIM5
SIM1
SIM2
SIM3
SIM4
1
21
22
SIM5
SIM1
SIM2
SIM3
SIM4
1
21
22
SIM5
SIM1
SIM2
SIM3
SIM4
1
21
22
SIM5
SIM1
SIM2
SIM3
SIM4
1
21
22
SIM5
SIM1
SIM2
SIM3
SIM4
1
21
22
SIM5
SIM1
SIM2
SIM3
SIM4
1
21
22
SIM5
SIM1
SIM2
SIM3
SIM4
1
21
22
SIM5
SIM1
SIM2
SIM3
SIM4
1
21
22
SIM5
SIM1
SIM2
SIM3
SIM4
1
21
22
SIM5
SIM1
SIM2
SIM3
SIM4
1
21
22
SIM5
SIM1
SIM2
SIM3
SIM4
1
21
22
SIM5
SIM1
SIM2
SIM3
SIM4
1
21
22
SIM5
SIM1
SIM2
SIM3
SIM4
1
21
22
SIM5
SIM1
SIM2
SIM3
SIM4
1
21
22
SIM5
SIM1
SIM2
SIM3
SIM4
1
21
22
SIM5
SIM1
SIM2
SIM3
SIM4
1
21
22
SIM5
SIM1
SIM2
SIM3
SIM4
1
21
22
SIM5
SIM1
SIM2
SIM3
SIM4
1
21
22
SIM5
SIM1
SIM2
SIM3
SIM4
1
21
22
SIM5
SIM1
SIM2
SIM3
SIM4
1
21
22
SIM5
SIM1
SIM2
SIM3
SIM4
1
21
22
SIM5
SIM1
SIM2
SIM3
SIM4
1
21
22
SIM5
SIM1
SIM2
SIM3
SIM4
1
21
22
SIM5
SIM1
SIM2
SIM3
SIM4
1
21
22
SIM5
SIM1
SIM2
SIM3
SIM4
1
21
22
SIM5
SIM1
SIM2
SIM3
SIM4
1
21
22
SIM5
SIM1
SIM2
SIM3
SIM4
1
21
22
SIM5
SIM1
SIM2
SIM3
SIM4
1
21
22
SIM5
SIM1
SIM2
SIM3
SIM4
1
21
22
SIM5
SIM1
SIM2
SIM3
SIM4
1
21
22
SIM5
SIM1
SIM2
SIM3
SIM4
1
21
22
SIM5
SIM1
SIM2
SIM3
SIM4
1
21
22
SIM5
SIM1
SIM2
SIM3
SIM4
1
21
22
SIM5
SIM1
SIM2
SIM3
SIM4
1
21
22
SIM5
SIM1
SIM2
SIM3
SIM4
1
21
22
SIM5
SIM1
SIM2
SIM3
SIM4
1
21
22
SIM5
SIM1
SIM2
SIM3
SIM4
1
21
22
SIM5
SIM1
SIM2
SIM3
SIM4
1
21
22
SIM5
SIM1
SIM2
SIM3
SIM4
1
21
22
SIM5
SIM1
SIM2
SIM3
SIM4
1
21
22
SIM5
SIM1
SIM2
SIM3
SIM4
1
21
22
SIM5
SIM1
SIM2
SIM3
SIM4
1
21
22
SIM5
SIM1
SIM2
SIM3
SIM4
1
21
22
SIM5
SIM1
SIM2
SIM3
SIM4
1
21
22
SIM5
SIM1
SIM2
SIM3
SIM4
1
21
22
SIM5
SIM1
SIM2
SIM3
SIM4
1
21
22
SIM5
SIM1
SIM2
SIM3
SIM4
1
21
22
SIM5
SIM1
SIM2
SIM3
SIM4
1
21
22
SIM5
SIM1
SIM2
SIM3
SIM4
1
21
22
SIM5
SIM1
SIM2
SIM3
SIM4
1
21
22
SIM5
SIM1
SIM2
SIM3
SIM4
1
21
22
SIM5
SIM1
SIM2
SIM3
SIM4
1
21
22
SIM5
SIM1
SIM2
SIM3
SIM4
1
21
22
SIM5
SIM1
SIM2
SIM3
SIM4
1
21
22
SIM5
SIM1
SIM2
SIM3
SIM4
1
21
22
SIM5
SIM1
SIM2
SIM3
SIM4
1
21
22
SIM5
SIM1
SIM2
SIM3
SIM4
1
21
22
SIM5
SIM1
SIM2
SIM3
SIM4
1
21
22
SIM5
SIM1
SIM2
SIM3
SIM4
1
21
22
SIM5
SIM1
SIM2
SIM3
SIM4
1
21
22
SIM5
SIM1
SIM2
SIM3
SIM4
1
21
22
SIM5
SIM1
SIM2
SIM3
SIM4
1
21
22
SIM5
SIM1
SIM2
SIM3
SIM4
1
21
22
SIM5
SIM1
SIM2
SIM3
SIM4
1
21
22
SIM5
SIM1
SIM2
SIM3
SIM4
1
21
22
SIM5
SIM1
SIM2
SIM3
SIM4
1
21
22
SIM5
SIM1
SIM2
SIM3
SIM4
1
21
22
SIM5
SIM1
SIM2
SIM3
SIM4
1
21
22
SIM5
SIM1
SIM2
SIM3
SIM4
1
21
22
SIM5
SIM1
SIM2
SIM3
SIM4
1
21
22
SIM5
SIM1
SIM2
SIM3
SIM4
1
21
22
SIM5
SIM1
SIM2
SIM3
SIM4
1
21
22
SIM5
SIM1
SIM2
SIM3
SIM4
1
21
22
SIM5
SIM1
SIM2
SIM3
SIM4
1
21
22
SIM5
SIM1
SIM2
SIM3
SIM4
1
21
22
SIM5
SIM1
SIM2
SIM3
SIM4
1
21
22
SIM5
SIM1
SIM2
SIM3
SIM4
1
21
22
SIM5
SIM1
SIM2
SIM3
SIM4
1
21
22
SIM5
SIM1
SIM2
SIM3
SIM4
1
21
22
SIM5
SIM1
SIM2
SIM3
SIM4
1
21
22
SIM5
SIM1
SIM2
SIM3
SIM4
1
21
22
SIM5
SIM1
SIM2
SIM3
SIM4
1
21
22
SIM5
SIM1
SIM2
SIM3
SIM4
1
21
22
SIM5
SIM1
SIM2
SIM3
SIM4
1
21
22
SIM5
SIM1
SIM2
SIM3
SIM4
1
21
22
SIM5
SIM1
SIM2
SIM3
SIM4
1
21
22
SIM5
SIM1
SIM2
SIM3
SIM4
1
21
22
SIM5
SIM1
SIM2
SIM3
SIM4
1
21
22
SIM5
SIM1
SIM2
SIM3
SIM4
1
21
22
SIM5
SIM1
SIM2
SIM3
SIM4
1
21
22
SIM5
SIM1
SIM2
SIM3
SIM4
1
21
22
SIM5
SIM1
SIM2
SIM3
SIM4
1
21
22
SIM5
SIM1
SIM2
SIM3
SIM4
1
21
22
SIM5
SIM1
SIM2
SIM3
SIM4
1
21
22
SIM5
SIM1
SIM2
SIM3
SIM4
1
21
22
SIM5
SIM1
SIM2
SIM3
SIM4
1
21
22
SIM5
SIM1
SIM2
SIM3
SIM4
1
21
22
SIM5
SIM1
SIM2
SIM3
SIM4
1
21
22
SIM5
SIM1
SIM2
SIM3
SIM4
1
21
22
SIM5
SIM1
SIM2
SIM3
SIM4
1
21
22
SIM5
SIM1
SIM2
SIM3
SIM4
1
21
22
SIM5
SIM1
SIM2
SIM3
SIM4
1
21
22
SIM5
SIM1
SIM2
SIM3
SIM4
1
21
22
SIM5
SIM1
SIM2
SIM3
SIM4
1
21
22
SIM5
SIM1
SIM2
SIM3
SIM4
1
21
22
SIM5
SIM1
SIM2
SIM3
SIM4
1
21
22
SIM5
SIM1
SIM2
SIM3
SIM4
1
21
22
SIM5
SIM1
SIM2
SIM3
SIM4
1
21
22
SIM5
SIM1
SIM2
SIM3
SIM4
1
21
22
SIM5
SIM1
SIM2
SIM3
SIM4
1
21
22
SIM5
SIM1
SIM2
SIM3
SIM4
1
21
22
SIM5
SIM1
SIM2
SIM3
SIM4
1
21
22
SIM5
SIM1
SIM2
SIM3
SIM4
1
21
22
SIM5
SIM1
SIM2
SIM3
SIM4
1
21
22
SIM5
SIM1
SIM2
SIM3
SIM4
1
21
22
SIM5
SIM1
SIM2
SIM3
SIM4
1
21
22
SIM5
SIM1
SIM2
SIM3
SIM4
1
21
22
SIM5
SIM1
SIM2
SIM3
SIM4
1
21
22
SIM5
SIM1
SIM2
SIM3
SIM4
1
21
22
SIM5
SIM1
SIM2
SIM3
SIM4
1
21
22
SIM5
SIM1
SIM2
SIM3
SIM4
1
21
22
SIM5
SIM1
SIM2
SIM3
SIM4
1
21
22
SIM5
SIM1
SIM2
SIM3
SIM4
1
21
22
SIM5
SIM1
SIM2
SIM3
SIM4
1
21
22
SIM5
SIM1
SIM2
SIM3
SIM4
1
21
22
SIM5
SIM1
SIM2
SIM3
SIM4
1
21
22
SIM5
SIM1
SIM2
SIM3
SIM4
1
21
22
SIM5
SIM1
SIM2
SIM3
SIM4
1
21
22
SIM5
SIM1
SIM2
SIM3
SIM4
1
21
22
SIM5
SIM1
SIM2
SIM3
SIM4
1
21
22
SIM5
SIM1
SIM2
SIM3
SIM4
1
21
22
SIM5
SIM1
SIM2
SIM3
SIM4
1
21
22
SIM5
SIM1
SIM2
SIM3
SIM4
1
21
22
SIM5
SIM1
SIM2
SIM3
SIM4
1
21
22
SIM5
SIM1
SIM2
SIM3
SIM4
1
21
22
SIM5
SIM1
SIM2
SIM3
SIM4
1
21
22
SIM5
SIM1
SIM2
SIM3
SIM4
1
21
22
SIM5
SIM1
SIM2
SIM3
SIM4
1
21
22
SIM5
SIM1
SIM2
SIM3
SIM4
1
21
22
SIM5
SIM1
SIM2
SIM3
SIM4
1
21
22
SIM5
SIM1
SIM2
SIM3
SIM4
1
21
22
SIM5
SIM1
SIM2
SIM3
SIM4
1
21
22
SIM5
SIM1
SIM2
SIM3
SIM4
1
21
22
SIM5
SIM1
SIM2
SIM3
SIM4
1
21
22
SIM5
SIM1
SIM2
SIM3
SIM4
1
21
22
SIM5
SIM1
SIM2
SIM3
SIM4
1
21
22
SIM5
SIM1
SIM2
SIM3
SIM4
1
21
22
SIM5
SIM1
SIM2
SIM3
SIM4
1
21
22
SIM5
SIM1
SIM2
SIM3
SIM4
1
21
22
SIM5
SIM1
SIM2
SIM3
SIM4
1
21
22
SIM5
SIM1
SIM2
SIM3
SIM4
1
21
22
SIM5
SIM1
SIM2
SIM3
SIM4
1
21
22
SIM5
SIM1
SIM2
SIM3
SIM4
1
21
22
SIM5
SIM1
SIM2
SIM3
SIM4
1
21
22
SIM5
SIM1
SIM2
SIM3
SIM4
1
21
22
SIM5
SIM1
SIM2
SIM3
SIM4
1
21
22
SIM5
SIM1
SIM2
SIM3
SIM4
1
21
22
SIM5
SIM1
SIM2
SIM3
SIM4
1
21
22
SIM5
SIM1
SIM2
SIM3
SIM4
1
21
22
SIM5
SIM1
SIM2
SIM3
SIM4
1
21
22
SIM5
SIM1
SIM2
SIM3
SIM4
1
21
22
SIM5
SIM1
SIM2
SIM3
SIM4
1
21
22
SIM5
SIM1
SIM2
SIM3
SIM4
1
21
22
SIM5
SIM1
SIM2
SIM3
SIM4
1
21
22
SIM5
SIM1
SIM2
SIM3
SIM4
1
21
22
SIM5
SIM1
SIM2
SIM3
SIM4
1
21
22
SIM5
SIM1
SIM2
SIM3
SIM4
1
21
22
SIM5
SIM1
SIM2
SIM3
SIM4
1
21
22
SIM5
SIM1
SIM2
SIM3
SIM4
1
21
22
SIM5
SIM1
SIM2
SIM3
SIM4
1
21
22
SIM5
SIM1
SIM2
SIM3
SIM4
1
21
22
SIM5
SIM1
SIM2
SIM3
SIM4
1
21
22
SIM5
SIM1
SIM2
SIM3
SIM4
1
21
22
SIM5
SIM1
SIM2
SIM3
SIM4
1
21
22
SIM5
SIM1
SIM2
SIM3
SIM4
1
21
22
SIM5
SIM1
SIM2
SIM3
SIM4
1
21
22
SIM5
SIM1
SIM2
SIM3
SIM4
1
21
22
SIM5
SIM1
SIM2
SIM3
SIM4
1
21
22
SIM5
SIM1
SIM2
SIM3
SIM4
1
21
22
SIM5
SIM1
SIM2
SIM3
SIM4
1
21
22
SIM5
SIM1
SIM2
SIM3
SIM4
1
21
22
SIM5
SIM1
SIM2
SIM3
SIM4
1
21
22
SIM5
SIM1
SIM2
SIM3
SIM4
1
21
22
SIM5
SIM1
SIM2
SIM3
SIM4
1
21
22
SIM5
SIM1
SIM2
SIM3
SIM4
1
21
22
SIM5
SIM1
SIM2
SIM3
SIM4
1
21
22
SIM5
SIM1
SIM2
SIM3
SIM4
1
21
22
SIM5
SIM1
SIM2
SIM3
SIM4
1
21
22
SIM5
SIM1
SIM2
SIM3
SIM4
1
21
22
SIM5
SIM1
SIM2
SIM3
SIM4
1
21
22
SIM5
SIM1
SIM2
DEBUG 1 506
SIM1
SIM2
SIM3
SIM4
1
21
22
SIM5
SIM1
SIM2
SIM3
SIM4
1
21
22
SIM5
SIM1
SIM2
SIM3
SIM4
1
21
22
SIM5
SIM1
SIM2
SIM3
SIM4
1
21
22
SIM5
SIM1
SIM2
SIM3
SIM4
1
21
22
SIM5
SIM1
SIM2
SIM3
SIM4
1
21
22
SIM5
SIM1
SIM2
SIM3
SIM4
1
21
22
SIM5
SIM1
SIM2
SIM3
SIM4
1
21
22
SIM5
SIM1
SIM2
SIM3
SIM4
1
21
22
SIM5
SIM1
SIM2
SIM3
SIM4
1
21
22
SIM5
SIM1
SIM2
SIM3
SIM4
1
21
22
SIM5
SIM1
SIM2
SIM3
SIM4
1
21
22
SIM5
SIM1
SIM2
SIM3
SIM4
1
21
22
SIM5
SIM1
SIM2
SIM3
SIM4
1
21
22
SIM5
SIM1
SIM2
SIM3
SIM4
1
21
22
SIM5
SIM1
SIM2
SIM3
SIM4
1
21
22
SIM5
SIM1
SIM2
SIM3
SIM4
1
21
22
SIM5
SIM1
SIM2
SIM3
SIM4
1
21
22
SIM5
SIM1
SIM2
SIM3
SIM4
1
21
22
SIM5
SIM1
SIM2
SIM3
SIM4
1
21
22
SIM5
SIM1
SIM2
SIM3
SIM4
1
21
22
SIM5
SIM1
SIM2
SIM3
SIM4
1
21
22
SIM5
SIM1
SIM2
SIM3
SIM4
1
21
22
SIM5
SIM1
SIM2
SIM3
SIM4
1
21
22
SIM5
SIM1
SIM2
SIM3
SIM4
1
21
22
SIM5
SIM1
SIM2
SIM3
SIM4
1
21
22
SIM5
SIM1
SIM2
SIM3
SIM4
1
21
22
SIM5
SIM1
SIM2
SIM3
SIM4
1
21
22
SIM5
SIM1
SIM2
SIM3
SIM4
1
21
22
SIM5
SIM1
SIM2
SIM3
SIM4
1
21
22
SIM5
SIM1
SIM2
SIM3
SIM4
1
21
22
SIM5
SIM1
SIM2
SIM3
SIM4
1
21
22
SIM5
SIM1
SIM2
SIM3
SIM4
1
21
22
SIM5
SIM1
SIM2
SIM3
SIM4
1
21
22
SIM5
SIM1
SIM2
SIM3
SIM4
1
21
22
SIM5
SIM1
SIM2
SIM3
SIM4
1
21
22
SIM5
SIM1
SIM2
SIM3
SIM4
1
21
22
SIM5
SIM1
SIM2
SIM3
SIM4
1
21
22
SIM5
SIM1
SIM2
SIM3
SIM4
1
21
22
SIM5
SIM1
SIM2
SIM3
SIM4
1
21
22
SIM5
SIM1
SIM2
SIM3
SIM4
1
21
22
SIM5
SIM1
SIM2
SIM3
SIM4
1
21
22
SIM5
SIM1
SIM2
SIM3
SIM4
1
21
22
SIM5
SIM1
SIM2
SIM3
SIM4
1
21
22
SIM5
SIM1
SIM2
SIM3
SIM4
1
21
22
SIM5
SIM1
SIM2
SIM3
SIM4
1
21
22
SIM5
SIM1
SIM2
SIM3
SIM4
1
21
22
SIM5
SIM1
SIM2
SIM3
SIM4
1
21
22
SIM5
SIM1
SIM2
SIM3
SIM4
1
21
22
SIM5
SIM1
SIM2
SIM3
SIM4
1
21
22
SIM5
SIM1
SIM2
SIM3
SIM4
1
21
22
SIM5
SIM1
SIM2
SIM3
SIM4
1
21
22
SIM5
SIM1
SIM2
SIM3
SIM4
1
21
22
SIM5
SIM1
SIM2
SIM3
SIM4
1
21
22
SIM5
SIM1
SIM2
SIM3
SIM4
1
21
22
SIM5
SIM1
SIM2
SIM3
SIM4
1
21
22
SIM5
SIM1
SIM2
SIM3
SIM4
1
21
22
SIM5
SIM1
SIM2
SIM3
SIM4
1
21
22
SIM5
SIM1
SIM2
SIM3
SIM4
1
21
22
SIM5
SIM1
SIM2
SIM3
SIM4
1
21
22
SIM5
SIM1
SIM2
SIM3
SIM4
1
21
22
SIM5
SIM1
SIM2
SIM3
SIM4
1
21
22
SIM5
SIM1
SIM2
SIM3
SIM4
1
21
22
SIM5
SIM1
SIM2
SIM3
SIM4
1
21
22
SIM5
SIM1
SIM2
SIM3
SIM4
1
21
22
SIM5
SIM1
SIM2
SIM3
SIM4
1
21
22
SIM5
SIM1
SIM2
SIM3
SIM4
1
21
22
SIM5
SIM1
SIM2
SIM3
SIM4
1
21
22
SIM5
SIM1
SIM2
SIM3
SIM4
1
21
22
SIM5
SIM1
SIM2
SIM3
SIM4
1
21
22
SIM5
SIM1
SIM2
SIM3
SIM4
1
21
22
SIM5
SIM1
SIM2
SIM3
SIM4
1
21
22
SIM5
SIM1
SIM2
SIM3
SIM4
1
21
22
SIM5
SIM1
SIM2
SIM3
SIM4
1
21
22
SIM5
SIM1
SIM2
SIM3
SIM4
1
21
22
SIM5
SIM1
SIM2
SIM3
SIM4
1
21
22
SIM5
SIM1
SIM2
SIM3
SIM4
1
21
22
SIM5
SIM1
SIM2
SIM3
SIM4
1
21
22
SIM5
SIM1
SIM2
SIM3
SIM4
1
21
22
SIM5
SIM1
SIM2
SIM3
SIM4
1
21
22
SIM5
SIM1
SIM2
SIM3
SIM4
1
21
22
SIM5
SIM1
SIM2
SIM3
SIM4
1
21
22
SIM5
SIM1
SIM2
SIM3
SIM4
1
21
22
SIM5
SIM1
SIM2
SIM3
SIM4
1
21
22
SIM5
SIM1
SIM2
SIM3
SIM4
1
21
22
SIM5
SIM1
SIM2
SIM3
SIM4
1
21
22
SIM5
SIM1
SIM2
SIM3
SIM4
1
21
22
SIM5
SIM1
SIM2
SIM3
SIM4
1
21
22
SIM5
SIM1
SIM2
SIM3
SIM4
1
21
22
SIM5
SIM1
SIM2
SIM3
SIM4
1
21
22
SIM5
SIM1
SIM2
SIM3
SIM4
1
21
22
SIM5
SIM1
SIM2
SIM3
SIM4
1
21
22
SIM5
SIM1
SIM2
SIM3
SIM4
1
21
22
SIM5
SIM1
SIM2
SIM3
SIM4
1
21
22
SIM5
SIM1
SIM2
SIM3
SIM4
1
21
22
SIM5
SIM1
SIM2
SIM3
SIM4
1
21
22
SIM5
SIM1
SIM2
SIM3
SIM4
1
21
22
SIM5
SIM1
SIM2
SIM3
SIM4
1
21
22
SIM5
SIM1
SIM2
SIM3
SIM4
1
21
22
SIM5
SIM1
SIM2
SIM3
SIM4
1
21
22
SIM5
SIM1
SIM2
SIM3
SIM4
1
21
22
SIM5
SIM1
SIM2
SIM3
SIM4
1
21
22
SIM5
SIM1
SIM2
SIM3
SIM4
1
21
22
SIM5
SIM1
SIM2
SIM3
SIM4
1
21
22
SIM5
SIM1
SIM2
SIM3
SIM4
1
21
22
SIM5
SIM1
SIM2
SIM3
SIM4
1
21
22
SIM5
SIM1
SIM2
SIM3
SIM4
1
21
22
SIM5
SIM1
SIM2
SIM3
SIM4
1
21
22
SIM5
SIM1
SIM2
SIM3
SIM4
1
21
22
SIM5
SIM1
SIM2
SIM3
SIM4
1
21
22
SIM5
SIM1
SIM2
SIM3
SIM4
1
21
22
SIM5
SIM1
SIM2
SIM3
SIM4
1
21
22
SIM5
SIM1
SIM2
SIM3
SIM4
1
21
22
SIM5
SIM1
SIM2
SIM3
SIM4
1
21
22
SIM5
SIM1
SIM2
SIM3
SIM4
1
21
22
SIM5
SIM1
SIM2
SIM3
SIM4
1
21
22
SIM5
SIM1
SIM2
SIM3
SIM4
1
21
22
SIM5
SIM1
SIM2
SIM3
SIM4
1
21
22
SIM5
SIM1
SIM2
SIM3
SIM4
1
21
22
SIM5
SIM1
SIM2
SIM3
SIM4
1
21
22
SIM5
SIM1
SIM2
SIM3
SIM4
1
21
22
SIM5
SIM1
SIM2
SIM3
SIM4
1
21
22
SIM5
SIM1
SIM2
SIM3
SIM4
1
21
22
SIM5
SIM1
SIM2
SIM3
SIM4
1
21
22
SIM5
SIM1
SIM2
SIM3
SIM4
1
21
22
SIM5
SIM1
SIM2
SIM3
SIM4
1
21
22
SIM5
SIM1
SIM2
SIM3
SIM4
1
21
22
SIM5
SIM1
SIM2
SIM3
SIM4
1
21
22
SIM5
SIM1
SIM2
DEBUG 1 507
SIM1
SIM2
SIM3
SIM4
1
21
22
SIM5
SIM1
SIM2
SIM3
SIM4
1
21
22
SIM5
SIM1
SIM2
SIM3
SIM4
1
21
22
SIM5
SIM1
SIM2
SIM3
SIM4
1
21
22
SIM5
SIM1
SIM2
SIM3
SIM4
1
21
22
SIM5
SIM1
SIM2
SIM3
SIM4
1
21
22
SIM5
SIM1
SIM2
SIM3
SIM4
1
21
22
SIM5
SIM1
SIM2
SIM3
SIM4
1
21
22
SIM5
SIM1
SIM2
SIM3
SIM4
1
21
22
SIM5
SIM1
SIM2
SIM3
SIM4
1
21
22
SIM5
SIM1
SIM2
SIM3
SIM4
1
21
22
SIM5
SIM1
SIM2
SIM3
SIM4
1
21
22
SIM5
SIM1
SIM2
SIM3
SIM4
1
21
22
SIM5
SIM1
SIM2
SIM3
SIM4
1
21
22
SIM5
SIM1
SIM2
SIM3
SIM4
1
21
22
SIM5
SIM1
SIM2
SIM3
SIM4
1
21
22
SIM5
SIM1
SIM2
SIM3
SIM4
1
21
22
SIM5
SIM1
SIM2
SIM3
SIM4
1
21
22
SIM5
SIM1
SIM2
SIM3
SIM4
1
21
22
SIM5
SIM1
SIM2
SIM3
SIM4
1
21
22
SIM5
SIM1
SIM2
SIM3
SIM4
1
21
22
SIM5
SIM1
SIM2
SIM3
SIM4
1
21
22
SIM5
SIM1
SIM2
SIM3
SIM4
1
21
22
SIM5
SIM1
SIM2
SIM3
SIM4
1
21
22
SIM5
SIM1
SIM2
SIM3
SIM4
1
21
22
SIM5
SIM1
SIM2
SIM3
SIM4
1
21
22
SIM5
SIM1
SIM2
SIM3
SIM4
1
21
22
SIM5
SIM1
SIM2
SIM3
SIM4
1
21
22
SIM5
SIM1
SIM2
SIM3
SIM4
1
21
22
SIM5
SIM1
SIM2
SIM3
SIM4
1
21
22
SIM5
SIM1
SIM2
SIM3
SIM4
1
21
22
SIM5
SIM1
SIM2
SIM3
SIM4
1
21
22
SIM5
SIM1
SIM2
SIM3
SIM4
1
21
22
SIM5
SIM1
SIM2
SIM3
SIM4
1
21
22
SIM5
SIM1
SIM2
SIM3
SIM4
1
21
22
SIM5
SIM1
SIM2
SIM3
SIM4
1
21
22
SIM5
SIM1
SIM2
SIM3
SIM4
1
21
22
SIM5
SIM1
SIM2
SIM3
SIM4
1
21
22
SIM5
SIM1
SIM2
SIM3
SIM4
1
21
22
SIM5
SIM1
SIM2
SIM3
SIM4
1
21
22
SIM5
SIM1
SIM2
SIM3
SIM4
1
21
22
SIM5
SIM1
SIM2
SIM3
SIM4
1
21
22
SIM5
SIM1
SIM2
SIM3
SIM4
1
21
22
SIM5
SIM1
SIM2
SIM3
SIM4
1
21
22
SIM5
SIM1
SIM2
SIM3
SIM4
1
21
22
SIM5
SIM1
SIM2
SIM3
SIM4
1
21
22
SIM5
SIM1
SIM2
SIM3
SIM4
1
21
22
SIM5
SIM1
SIM2
SIM3
SIM4
1
21
22
SIM5
SIM1
SIM2
SIM3
SIM4
1
21
22
SIM5
SIM1
SIM2
SIM3
SIM4
1
21
22
SIM5
SIM1
SIM2
SIM3
SIM4
1
21
22
SIM5
SIM1
SIM2
SIM3
SIM4
1
21
22
SIM5
SIM1
SIM2
SIM3
SIM4
1
21
22
SIM5
SIM1
SIM2
SIM3
SIM4
1
21
22
SIM5
SIM1
SIM2
SIM3
SIM4
1
21
22
SIM5
SIM1
SIM2
SIM3
SIM4
1
21
22
SIM5
SIM1
SIM2
SIM3
SIM4
1
21
22
SIM5
SIM1
SIM2
SIM3
SIM4
1
21
22
SIM5
SIM1
SIM2
SIM3
SIM4
1
21
22
SIM5
SIM1
SIM2
SIM3
SIM4
1
21
22
SIM5
SIM1
SIM2
SIM3
SIM4
1
21
22
SIM5
SIM1
SIM2
SIM3
SIM4
1
21
22
SIM5
SIM1
SIM2
SIM3
SIM4
1
21
22
SIM5
SIM1
SIM2
SIM3
SIM4
1
21
22
SIM5
SIM1
SIM2
SIM3
SIM4
1
21
22
SIM5
SIM1
SIM2
SIM3
SIM4
1
21
22
SIM5
SIM1
SIM2
SIM3
SIM4
1
21
22
SIM5
SIM1
SIM2
SIM3
SIM4
1
21
22
SIM5
SIM1
SIM2
SIM3
SIM4
1
21
22
SIM5
SIM1
SIM2
SIM3
SIM4
1
21
22
SIM5
SIM1
SIM2
SIM3
SIM4
1
21
22
SIM5
SIM1
SIM2
SIM3
SIM4
1
21
22
SIM5
SIM1
SIM2
SIM3
SIM4
1
21
22
SIM5
SIM1
SIM2
SIM3
SIM4
1
21
22
SIM5
SIM1
SIM2
SIM3
SIM4
1
21
22
SIM5
SIM1
SIM2
SIM3
SIM4
1
21
22
SIM5
SIM1
SIM2
SIM3
SIM4
1
21
22
SIM5
SIM1
SIM2
SIM3
SIM4
1
21
22
SIM5
SIM1
SIM2
SIM3
SIM4
1
21
22
SIM5
SIM1
SIM2
SIM3
SIM4
1
21
22
SIM5
SIM1
SIM2
SIM3
SIM4
1
21
22
SIM5
SIM1
SIM2
SIM3
SIM4
1
21
22
SIM5
SIM1
SIM2
SIM3
SIM4
1
21
22
SIM5
SIM1
SIM2
SIM3
SIM4
1
21
22
SIM5
SIM1
SIM2
SIM3
SIM4
1
21
22
SIM5
SIM1
SIM2
SIM3
SIM4
1
21
22
SIM5
SIM1
SIM2
SIM3
SIM4
1
21
22
SIM5
SIM1
SIM2
SIM3
SIM4
1
21
22
SIM5
SIM1
SIM2
SIM3
SIM4
1
21
22
SIM5
SIM1
SIM2
SIM3
SIM4
1
21
22
SIM5
SIM1
SIM2
SIM3
SIM4
1
21
22
SIM5
SIM1
SIM2
SIM3
SIM4
1
21
22
SIM5
SIM1
SIM2
SIM3
SIM4
1
21
22
SIM5
SIM1
SIM2
SIM3
SIM4
1
21
22
SIM5
SIM1
SIM2
SIM3
SIM4
1
21
22
SIM5
SIM1
SIM2
SIM3
SIM4
1
21
22
SIM5
SIM1
SIM2
SIM3
SIM4
1
21
22
SIM5
SIM1
SIM2
SIM3
SIM4
1
21
22
SIM5
SIM1
SIM2
SIM3
SIM4
1
21
22
SIM5
SIM1
SIM2
SIM3
SIM4
1
21
22
SIM5
SIM1
SIM2
SIM3
SIM4
1
21
22
SIM5
SIM1
SIM2
SIM3
SIM4
1
21
22
SIM5
SIM1
SIM2
SIM3
SIM4
1
21
22
SIM5
SIM1
SIM2
SIM3
SIM4
1
21
22
SIM5
SIM1
SIM2
SIM3
SIM4
1
21
22
SIM5
SIM1
SIM2
SIM3
SIM4
1
21
22
SIM5
SIM1
SIM2
SIM3
SIM4
1
21
22
SIM5
SIM1
SIM2
SIM3
SIM4
1
21
22
SIM5
SIM1
SIM2
SIM3
SIM4
1
21
22
SIM5
SIM1
SIM2
SIM3
SIM4
1
21
22
SIM5
SIM1
SIM2
SIM3
SIM4
1
21
22
SIM5
SIM1
SIM2
SIM3
SIM4
1
21
22
SIM5
SIM1
SIM2
SIM3
SIM4
1
21
22
SIM5
SIM1
SIM2
SIM3
SIM4
1
21
22
SIM5
SIM1
SIM2
SIM3
SIM4
1
21
22
SIM5
SIM1
SIM2
SIM3
SIM4
1
21
22
SIM5
SIM1
SIM2
SIM3
SIM4
1
21
22
SIM5
SIM1
SIM2
SIM3
SIM4
1
21
22
SIM5
SIM1
SIM2
SIM3
SIM4
1
21
22
SIM5
SIM1
SIM2
SIM3
SIM4
1
21
22
SIM5
SIM1
SIM2
SIM3
SIM4
1
21
22
SIM5
SIM1
SIM2
SIM3
SIM4
1
21
22
SIM5
SIM1
SIM2
SIM3
SIM4
1
21
22
SIM5
SIM1
SIM2
SIM3
SIM4
1
21
22
SIM5
SIM1
SIM2
SIM3
SIM4
1
21
22
SIM5
SIM1
SIM2
SIM3
SIM4
1
21
22
SIM5
SIM1
SIM2
SIM3
SIM4
1
21
22
SIM5
SIM1
SIM2
SIM3
SIM4
1
21
22
SIM5
SIM1
SIM2
SIM3
SIM4
1
21
22
SIM5
SIM1
SIM2
SIM3
SIM4
1
21
22
SIM5
SIM1
SIM2
SIM3
SIM4
1
21
22
SIM5
SIM1
SIM2
SIM3
SIM4
1
21
22
SIM5
SIM1
SIM2
SIM3
SIM4
1
21
22
SIM5
SIM1
SIM2
SIM3
SIM4
1
21
22
SIM5
SIM1
SIM2
SIM3
SIM4
1
21
22
SIM5
SIM1
SIM2
SIM3
SIM4
1
21
22
SIM5
SIM1
SIM2
SIM3
SIM4
1
21
22
SIM5
SIM1
SIM2
SIM3
SIM4
1
21
22
SIM5
SIM1
SIM2
SIM3
SIM4
1
21
22
SIM5
SIM1
SIM2
SIM3
SIM4
1
21
22
SIM5
SIM1
SIM2
SIM3
SIM4
1
21
22
SIM5
SIM1
SIM2
SIM3
SIM4
1
21
22
SIM5
SIM1
SIM2
SIM3
SIM4
1
21
22
SIM5
SIM1
SIM2
SIM3
SIM4
1
21
22
SIM5
SIM1
SIM2
SIM3
SIM4
1
21
22
SIM5
SIM1
SIM2
SIM3
SIM4
1
21
22
SIM5
SIM1
SIM2
SIM3
SIM4
1
21
22
SIM5
SIM1
SIM2
SIM3
SIM4
1
21
22
SIM5
SIM1
SIM2
DEBUG 1 508
SIM1
SIM2
SIM3
SIM4
1
21
22
SIM5
SIM1
SIM2
SIM3
SIM4
1
21
22
SIM5
SIM1
SIM2
SIM3
SIM4
1
21
22
SIM5
SIM1
SIM2
SIM3
SIM4
1
21
22
SIM5
SIM1
SIM2
SIM3
SIM4
1
21
22
SIM5
SIM1
SIM2
SIM3
SIM4
1
21
22
SIM5
SIM1
SIM2
SIM3
SIM4
1
21
22
SIM5
SIM1
SIM2
SIM3
SIM4
1
21
22
SIM5
SIM1
SIM2
SIM3
SIM4
1
21
22
SIM5
SIM1
SIM2
SIM3
SIM4
1
21
22
SIM5
SIM1
SIM2
SIM3
SIM4
1
21
22
SIM5
SIM1
SIM2
SIM3
SIM4
1
21
22
SIM5
SIM1
SIM2
SIM3
SIM4
1
21
22
SIM5
SIM1
SIM2
SIM3
SIM4
1
21
22
SIM5
SIM1
SIM2
SIM3
SIM4
1
21
22
SIM5
SIM1
SIM2
SIM3
SIM4
1
21
22
SIM5
SIM1
SIM2
SIM3
SIM4
1
21
22
SIM5
SIM1
SIM2
SIM3
SIM4
1
21
22
SIM5
SIM1
SIM2
SIM3
SIM4
1
21
22
SIM5
SIM1
SIM2
SIM3
SIM4
1
21
22
SIM5
SIM1
SIM2
SIM3
SIM4
1
21
22
SIM5
SIM1
SIM2
SIM3
SIM4
1
21
22
SIM5
SIM1
SIM2
SIM3
SIM4
1
21
22
SIM5
SIM1
SIM2
SIM3
SIM4
1
21
22
SIM5
SIM1
SIM2
SIM3
SIM4
1
21
22
SIM5
SIM1
SIM2
SIM3
SIM4
1
21
22
SIM5
SIM1
SIM2
SIM3
SIM4
1
21
22
SIM5
SIM1
SIM2
SIM3
SIM4
1
21
22
SIM5
SIM1
SIM2
SIM3
SIM4
1
21
22
SIM5
SIM1
SIM2
SIM3
SIM4
1
21
22
SIM5
SIM1
SIM2
SIM3
SIM4
1
21
22
SIM5
SIM1
SIM2
SIM3
SIM4
1
21
22
SIM5
SIM1
SIM2
SIM3
SIM4
1
21
22
SIM5
SIM1
SIM2
SIM3
SIM4
1
21
22
SIM5
SIM1
SIM2
SIM3
SIM4
1
21
22
SIM5
SIM1
SIM2
SIM3
SIM4
1
21
22
SIM5
SIM1
SIM2
SIM3
SIM4
1
21
22
SIM5
SIM1
SIM2
SIM3
SIM4
1
21
22
SIM5
SIM1
SIM2
SIM3
SIM4
1
21
22
SIM5
SIM1
SIM2
SIM3
SIM4
1
21
22
SIM5
SIM1
SIM2
SIM3
SIM4
1
21
22
SIM5
SIM1
SIM2
SIM3
SIM4
1
21
22
SIM5
SIM1
SIM2
SIM3
SIM4
1
21
22
SIM5
SIM1
SIM2
SIM3
SIM4
1
21
22
SIM5
SIM1
SIM2
SIM3
SIM4
1
21
22
SIM5
SIM1
SIM2
SIM3
SIM4
1
21
22
SIM5
SIM1
SIM2
SIM3
SIM4
1
21
22
SIM5
SIM1
SIM2
SIM3
SIM4
1
21
22
SIM5
SIM1
SIM2
SIM3
SIM4
1
21
22
SIM5
SIM1
SIM2
SIM3
SIM4
1
21
22
SIM5
SIM1
SIM2
SIM3
SIM4
1
21
22
SIM5
SIM1
SIM2
SIM3
SIM4
1
21
22
SIM5
SIM1
SIM2
SIM3
SIM4
1
21
22
SIM5
SIM1
SIM2
SIM3
SIM4
1
21
22
SIM5
SIM1
SIM2
SIM3
SIM4
1
21
22
SIM5
SIM1
SIM2
SIM3
SIM4
1
21
22
SIM5
SIM1
SIM2
SIM3
SIM4
1
21
22
SIM5
SIM1
SIM2
SIM3
SIM4
1
21
22
SIM5
SIM1
SIM2
SIM3
SIM4
1
21
22
SIM5
SIM1
SIM2
SIM3
SIM4
1
21
22
SIM5
SIM1
SIM2
SIM3
SIM4
1
21
22
SIM5
SIM1
SIM2
SIM3
SIM4
1
21
22
SIM5
SIM1
SIM2
SIM3
SIM4
1
21
22
SIM5
SIM1
SIM2
SIM3
SIM4
1
21
22
SIM5
SIM1
SIM2
SIM3
SIM4
1
21
22
SIM5
SIM1
SIM2
SIM3
SIM4
1
21
22
SIM5
SIM1
SIM2
SIM3
SIM4
1
21
22
SIM5
SIM1
SIM2
SIM3
SIM4
1
21
22
SIM5
SIM1
SIM2
SIM3
SIM4
1
21
22
SIM5
SIM1
SIM2
SIM3
SIM4
1
21
22
SIM5
SIM1
SIM2
SIM3
SIM4
1
21
22
SIM5
SIM1
SIM2
SIM3
SIM4
1
21
22
SIM5
SIM1
SIM2
SIM3
SIM4
1
21
22
SIM5
SIM1
SIM2
SIM3
SIM4
1
21
22
SIM5
SIM1
SIM2
SIM3
SIM4
1
21
22
SIM5
SIM1
SIM2
SIM3
SIM4
1
21
22
SIM5
SIM1
SIM2
SIM3
SIM4
1
21
22
SIM5
SIM1
SIM2
SIM3
SIM4
1
21
22
SIM5
SIM1
SIM2
SIM3
SIM4
1
21
22
SIM5
SIM1
SIM2
SIM3
SIM4
1
21
22
SIM5
SIM1
SIM2
SIM3
SIM4
1
21
22
SIM5
SIM1
SIM2
SIM3
SIM4
1
21
22
SIM5
SIM1
SIM2
SIM3
SIM4
1
21
22
SIM5
SIM1
SIM2
SIM3
SIM4
1
21
22
SIM5
SIM1
SIM2
SIM3
SIM4
1
21
22
SIM5
SIM1
SIM2
SIM3
SIM4
1
21
22
SIM5
SIM1
SIM2
SIM3
SIM4
1
21
22
SIM5
SIM1
SIM2
SIM3
SIM4
1
21
22
SIM5
SIM1
SIM2
SIM3
SIM4
1
21
22
SIM5
SIM1
SIM2
SIM3
SIM4
1
21
22
SIM5
SIM1
SIM2
SIM3
SIM4
1
21
22
SIM5
SIM1
SIM2
SIM3
SIM4
1
21
22
SIM5
SIM1
SIM2
SIM3
SIM4
1
21
22
SIM5
SIM1
SIM2
SIM3
SIM4
1
21
22
SIM5
SIM1
SIM2
SIM3
SIM4
1
21
22
SIM5
SIM1
SIM2
SIM3
SIM4
1
21
22
SIM5
SIM1
SIM2
SIM3
SIM4
1
21
22
SIM5
SIM1
SIM2
SIM3
SIM4
1
21
22
SIM5
SIM1
SIM2
SIM3
SIM4
1
21
22
SIM5
SIM1
SIM2
SIM3
SIM4
1
21
22
SIM5
SIM1
SIM2
SIM3
SIM4
1
21
22
SIM5
SIM1
SIM2
SIM3
SIM4
1
21
22
SIM5
SIM1
SIM2
SIM3
SIM4
1
21
22
SIM5
SIM1
SIM2
SIM3
SIM4
1
21
22
SIM5
SIM1
SIM2
SIM3
SIM4
1
21
22
SIM5
SIM1
SIM2
SIM3
SIM4
1
21
22
SIM5
SIM1
SIM2
SIM3
SIM4
1
21
22
SIM5
SIM1
SIM2
SIM3
SIM4
1
21
22
SIM5
SIM1
SIM2
SIM3
SIM4
1
21
22
SIM5
SIM1
SIM2
SIM3
SIM4
1
21
22
SIM5
SIM1
SIM2
SIM3
SIM4
1
21
22
SIM5
SIM1
SIM2
SIM3
SIM4
1
21
22
SIM5
SIM1
SIM2
SIM3
SIM4
1
21
22
SIM5
SIM1
SIM2
SIM3
SIM4
1
21
22
SIM5
SIM1
SIM2
SIM3
SIM4
1
21
22
SIM5
SIM1
SIM2
SIM3
SIM4
1
21
22
SIM5
SIM1
SIM2
SIM3
SIM4
1
21
22
SIM5
SIM1
SIM2
SIM3
SIM4
1
21
22
SIM5
SIM1
SIM2
SIM3
SIM4
1
21
22
SIM5
SIM1
SIM2
SIM3
SIM4
1
21
22
SIM5
SIM1
SIM2
SIM3
SIM4
1
21
22
SIM5
SIM1
SIM2
SIM3
SIM4
1
21
22
SIM5
SIM1
SIM2
SIM3
SIM4
1
21
22
SIM5
SIM1
SIM2
SIM3
SIM4
1
21
22
SIM5
SIM1
SIM2
SIM3
SIM4
1
21
22
SIM5
SIM1
SIM2
SIM3
SIM4
1
21
22
SIM5
SIM1
SIM2
SIM3
SIM4
1
21
22
SIM5
SIM1
SIM2
SIM3
SIM4
1
21
22
SIM5
SIM1
SIM2
SIM3
SIM4
1
21
22
SIM5
SIM1
SIM2
SIM3
SIM4
1
21
22
SIM5
SIM1
SIM2
SIM3
SIM4
1
21
22
SIM5
SIM1
SIM2
SIM3
SIM4
1
21
22
SIM5
SIM1
SIM2
SIM3
SIM4
1
21
22
SIM5
SIM1
SIM2
SIM3
SIM4
1
21
22
SIM5
SIM1
SIM2
SIM3
SIM4
1
21
22
SIM5
SIM1
SIM2
SIM3
SIM4
1
21
22
SIM5
SIM1
SIM2
SIM3
SIM4
1
21
22
SIM5
SIM1
SIM2
SIM3
SIM4
1
21
22
SIM5
SIM1
SIM2
SIM3
SIM4
1
21
22
SIM5
SIM1
SIM2
SIM3
SIM4
1
21
22
SIM5
SIM1
SIM2
SIM3
SIM4
1
21
22
SIM5
SIM1
SIM2
SIM3
SIM4
1
21
22
SIM5
SIM1
SIM2
SIM3
SIM4
1
21
22
SIM5
SIM1
SIM2
SIM3
SIM4
1
21
22
SIM5
SIM1
SIM2
SIM3
SIM4
1
21
22
SIM5
SIM1
SIM2
SIM3
SIM4
1
21
22
SIM5
SIM1
SIM2
SIM3
SIM4
1
21
22
SIM5
SIM1
SIM2
SIM3
SIM4
1
21
22
SIM5
SIM1
SIM2
SIM3
SIM4
1
21
22
SIM5
SIM1
SIM2
SIM3
SIM4
1
21
22
SIM5
SIM1
SIM2
SIM3
SIM4
1
21
22
SIM5
SIM1
SIM2
SIM3
SIM4
1
21
22
SIM5
SIM1
SIM2
SIM3
SIM4
1
21
22
SIM5
SIM1
SIM2
SIM3
SIM4
1
21
22
SIM5
SIM1
SIM2
SIM3
SIM4
1
21
22
SIM5
SIM1
SIM2
SIM3
SIM4
1
21
22
SIM5
SIM1
SIM2
SIM3
SIM4
1
21
22
SIM5
SIM1
SIM2
SIM3
SIM4
1
21
22
SIM5
SIM1
SIM2
SIM3
SIM4
1
21
22
SIM5
SIM1
SIM2
SIM3
SIM4
1
21
22
SIM5
SIM1
SIM2
SIM3
SIM4
1
21
22
SIM5
SIM1
SIM2
SIM3
SIM4
1
21
22
SIM5
SIM1
SIM2
SIM3
SIM4
1
21
22
SIM5
SIM1
SIM2
DEBUG 1 509
SIM1
SIM2
SIM3
SIM4
1
21
22
SIM5
SIM1
SIM2
SIM3
SIM4
1
21
22
SIM5
SIM1
SIM2
SIM3
SIM4
1
21
22
SIM5
SIM1
SIM2
SIM3
SIM4
1
21
22
SIM5
SIM1
SIM2
SIM3
SIM4
1
21
22
SIM5
SIM1
SIM2
SIM3
SIM4
1
21
22
SIM5
SIM1
SIM2
SIM3
SIM4
1
21
22
SIM5
SIM1
SIM2
SIM3
SIM4
1
21
22
SIM5
SIM1
SIM2
SIM3
SIM4
1
21
22
SIM5
SIM1
SIM2
SIM3
SIM4
1
21
22
SIM5
SIM1
SIM2
SIM3
SIM4
1
21
22
SIM5
SIM1
SIM2
SIM3
SIM4
1
21
22
SIM5
SIM1
SIM2
SIM3
SIM4
1
21
22
SIM5
SIM1
SIM2
SIM3
SIM4
1
21
22
SIM5
SIM1
SIM2
SIM3
SIM4
1
21
22
SIM5
SIM1
SIM2
SIM3
SIM4
1
21
22
SIM5
SIM1
SIM2
SIM3
SIM4
1
21
22
SIM5
SIM1
SIM2
SIM3
SIM4
1
21
22
SIM5
SIM1
SIM2
SIM3
SIM4
1
21
22
SIM5
SIM1
SIM2
SIM3
SIM4
1
21
22
SIM5
SIM1
SIM2
SIM3
SIM4
1
21
22
SIM5
SIM1
SIM2
SIM3
SIM4
1
21
22
SIM5
SIM1
SIM2
SIM3
SIM4
1
21
22
SIM5
SIM1
SIM2
SIM3
SIM4
1
21
22
SIM5
SIM1
SIM2
SIM3
SIM4
1
21
22
SIM5
SIM1
SIM2
SIM3
SIM4
1
21
22
SIM5
SIM1
SIM2
SIM3
SIM4
1
21
22
SIM5
SIM1
SIM2
SIM3
SIM4
1
21
22
SIM5
SIM1
SIM2
SIM3
SIM4
1
21
22
SIM5
SIM1
SIM2
SIM3
SIM4
1
21
22
SIM5
SIM1
SIM2
SIM3
SIM4
1
21
22
SIM5
SIM1
SIM2
SIM3
SIM4
1
21
22
SIM5
SIM1
SIM2
SIM3
SIM4
1
21
22
SIM5
SIM1
SIM2
SIM3
SIM4
1
21
22
SIM5
SIM1
SIM2
SIM3
SIM4
1
21
22
SIM5
SIM1
SIM2
SIM3
SIM4
1
21
22
SIM5
SIM1
SIM2
SIM3
SIM4
1
21
22
SIM5
SIM1
SIM2
SIM3
SIM4
1
21
22
SIM5
SIM1
SIM2
SIM3
SIM4
1
21
22
SIM5
SIM1
SIM2
SIM3
SIM4
1
21
22
SIM5
SIM1
SIM2
SIM3
SIM4
1
21
22
SIM5
SIM1
SIM2
SIM3
SIM4
1
21
22
SIM5
SIM1
SIM2
SIM3
SIM4
1
21
22
SIM5
SIM1
SIM2
SIM3
SIM4
1
21
22
SIM5
SIM1
SIM2
SIM3
SIM4
1
21
22
SIM5
SIM1
SIM2
SIM3
SIM4
1
21
22
SIM5
SIM1
SIM2
SIM3
SIM4
1
21
22
SIM5
SIM1
SIM2
SIM3
SIM4
1
21
22
SIM5
SIM1
SIM2
SIM3
SIM4
1
21
22
SIM5
SIM1
SIM2
SIM3
SIM4
1
21
22
SIM5
SIM1
SIM2
SIM3
SIM4
1
21
22
SIM5
SIM1
SIM2
SIM3
SIM4
1
21
22
SIM5
SIM1
SIM2
SIM3
SIM4
1
21
22
SIM5
SIM1
SIM2
SIM3
SIM4
1
21
22
SIM5
SIM1
SIM2
SIM3
SIM4
1
21
22
SIM5
SIM1
SIM2
SIM3
SIM4
1
21
22
SIM5
SIM1
SIM2
SIM3
SIM4
1
21
22
SIM5
SIM1
SIM2
SIM3
SIM4
1
21
22
SIM5
SIM1
SIM2
SIM3
SIM4
1
21
22
SIM5
SIM1
SIM2
SIM3
SIM4
1
21
22
SIM5
SIM1
SIM2
SIM3
SIM4
1
21
22
SIM5
SIM1
SIM2
SIM3
SIM4
1
21
22
SIM5
SIM1
SIM2
SIM3
SIM4
1
21
22
SIM5
SIM1
SIM2
SIM3
SIM4
1
21
22
SIM5
SIM1
SIM2
SIM3
SIM4
1
21
22
SIM5
SIM1
SIM2
SIM3
SIM4
1
21
22
SIM5
SIM1
SIM2
SIM3
SIM4
1
21
22
SIM5
SIM1
SIM2
SIM3
SIM4
1
21
22
SIM5
SIM1
SIM2
SIM3
SIM4
1
21
22
SIM5
SIM1
SIM2
SIM3
SIM4
1
21
22
SIM5
SIM1
SIM2
SIM3
SIM4
1
21
22
SIM5
SIM1
SIM2
SIM3
SIM4
1
21
22
SIM5
SIM1
SIM2
SIM3
SIM4
1
21
22
SIM5
SIM1
SIM2
SIM3
SIM4
1
21
22
SIM5
SIM1
SIM2
SIM3
SIM4
1
21
22
SIM5
SIM1
SIM2
SIM3
SIM4
1
21
22
SIM5
SIM1
SIM2
SIM3
SIM4
1
21
22
SIM5
SIM1
SIM2
SIM3
SIM4
1
21
22
SIM5
SIM1
SIM2
SIM3
SIM4
1
21
22
SIM5
SIM1
SIM2
SIM3
SIM4
1
21
22
SIM5
SIM1
SIM2
SIM3
SIM4
1
21
22
SIM5
SIM1
SIM2
SIM3
SIM4
1
21
22
SIM5
SIM1
SIM2
SIM3
SIM4
1
21
22
SIM5
SIM1
SIM2
SIM3
SIM4
1
21
22
SIM5
SIM1
SIM2
SIM3
SIM4
1
21
22
SIM5
SIM1
SIM2
SIM3
SIM4
1
21
22
SIM5
SIM1
SIM2
SIM3
SIM4
1
21
22
SIM5
SIM1
SIM2
SIM3
SIM4
1
21
22
SIM5
SIM1
SIM2
SIM3
SIM4
1
21
22
SIM5
SIM1
SIM2
SIM3
SIM4
1
21
22
SIM5
SIM1
SIM2
SIM3
SIM4
1
21
22
SIM5
SIM1
SIM2
SIM3
SIM4
1
21
22
SIM5
SIM1
SIM2
SIM3
SIM4
1
21
22
SIM5
SIM1
SIM2
SIM3
SIM4
1
21
22
SIM5
SIM1
SIM2
SIM3
SIM4
1
21
22
SIM5
SIM1
SIM2
SIM3
SIM4
1
21
22
SIM5
SIM1
SIM2
SIM3
SIM4
1
21
22
SIM5
SIM1
SIM2
SIM3
SIM4
1
21
22
SIM5
SIM1
SIM2
SIM3
SIM4
1
21
22
SIM5
SIM1
SIM2
SIM3
SIM4
1
21
22
SIM5
SIM1
SIM2
SIM3
SIM4
1
21
22
SIM5
SIM1
SIM2
SIM3
SIM4
1
21
22
SIM5
SIM1
SIM2
SIM3
SIM4
1
21
22
SIM5
SIM1
SIM2
SIM3
SIM4
1
21
22
SIM5
SIM1
SIM2
SIM3
SIM4
1
21
22
SIM5
SIM1
SIM2
SIM3
SIM4
1
21
22
SIM5
SIM1
SIM2
SIM3
SIM4
1
21
22
SIM5
SIM1
SIM2
SIM3
SIM4
1
21
22
SIM5
SIM1
SIM2
SIM3
SIM4
1
21
22
SIM5
SIM1
SIM2
SIM3
SIM4
1
21
22
SIM5
SIM1
SIM2
SIM3
SIM4
1
21
22
SIM5
SIM1
SIM2
SIM3
SIM4
1
21
22
SIM5
SIM1
SIM2
SIM3
SIM4
1
21
22
SIM5
SIM1
SIM2
SIM3
SIM4
1
21
22
SIM5
SIM1
SIM2
SIM3
SIM4
1
21
22
SIM5
SIM1
SIM2
SIM3
SIM4
1
21
22
SIM5
SIM1
SIM2
SIM3
SIM4
1
21
22
SIM5
SIM1
SIM2
SIM3
SIM4
1
21
22
SIM5
SIM1
SIM2
SIM3
SIM4
1
21
22
SIM5
SIM1
SIM2
SIM3
SIM4
1
21
22
SIM5
SIM1
SIM2
SIM3
SIM4
1
21
22
SIM5
SIM1
SIM2
SIM3
SIM4
1
21
22
SIM5
SIM1
SIM2
SIM3
SIM4
1
21
22
SIM5
SIM1
SIM2
SIM3
SIM4
1
21
22
SIM5
SIM1
SIM2
SIM3
SIM4
1
21
22
SIM5
SIM1
SIM2
SIM3
SIM4
1
21
22
SIM5
SIM1
SIM2
SIM3
SIM4
1
21
22
SIM5
SIM1
SIM2
SIM3
SIM4
1
21
22
SIM5
SIM1
SIM2
SIM3
SIM4
1
21
22
SIM5
SIM1
SIM2
SIM3
SIM4
1
21
22
SIM5
SIM1
SIM2
SIM3
SIM4
1
21
22
SIM5
SIM1
SIM2
SIM3
SIM4
1
21
22
SIM5
SIM1
SIM2
SIM3
SIM4
1
21
22
SIM5
SIM1
SIM2
SIM3
SIM4
1
21
22
SIM5
SIM1
SIM2
SIM3
SIM4
1
21
22
SIM5
SIM1
SIM2
SIM3
SIM4
1
21
22
SIM5
SIM1
SIM2
SIM3
SIM4
1
21
22
SIM5
SIM1
SIM2
SIM3
SIM4
1
21
22
SIM5
SIM1
SIM2
SIM3
SIM4
1
21
22
SIM5
SIM1
SIM2
SIM3
SIM4
1
21
22
SIM5
SIM1
SIM2
SIM3
SIM4
1
21
22
SIM5
SIM1
SIM2
SIM3
SIM4
1
21
22
SIM5
SIM1
SIM2
SIM3
SIM4
1
21
22
SIM5
SIM1
SIM2
SIM3
SIM4
1
21
22
SIM5
SIM1
SIM2
SIM3
SIM4
1
21
22
SIM5
SIM1
SIM2
SIM3
SIM4
1
21
22
SIM5
SIM1
SIM2
SIM3
SIM4
1
21
22
SIM5
SIM1
SIM2
SIM3
SIM4
1
21
22
SIM5
SIM1
SIM2
SIM3
SIM4
1
21
22
SIM5
SIM1
SIM2
SIM3
SIM4
1
21
22
SIM5
SIM1
SIM2
SIM3
SIM4
1
21
22
SIM5
SIM1
SIM2
SIM3
SIM4
1
21
22
SIM5
SIM1
SIM2
SIM3
SIM4
1
21
22
SIM5
SIM1
SIM2
SIM3
SIM4
1
21
22
SIM5
SIM1
SIM2
SIM3
SIM4
1
21
22
SIM5
SIM1
SIM2
SIM3
SIM4
1
21
22
SIM5
SIM1
SIM2
SIM3
SIM4
1
21
22
SIM5
SIM1
SIM2
SIM3
SIM4
1
21
22
SIM5
SIM1
SIM2
SIM3
SIM4
1
21
22
SIM5
SIM1
SIM2
SIM3
SIM4
1
21
22
SIM5
SIM1
SIM2
SIM3
SIM4
1
21
22
SIM5
SIM1
SIM2
SIM3
SIM4
1
21
22
SIM5
SIM1
SIM2
SIM3
SIM4
1
21
22
SIM5
SIM1
SIM2
SIM3
SIM4
1
21
22
SIM5
SIM1
SIM2
SIM3
SIM4
1
21
22
SIM5
SIM1
SIM2
SIM3
SIM4
1
21
22
SIM5
SIM1
SIM2
SIM3
SIM4
1
21
22
SIM5
SIM1
SIM2
SIM3
SIM4
1
21
22
SIM5
SIM1
SIM2
SIM3
SIM4
1
21
22
SIM5
SIM1
SIM2
SIM3
SIM4
1
21
22
SIM5
SIM1
SIM2
SIM3
SIM4
1
21
22
SIM5
SIM1
SIM2
SIM3
SIM4
1
21
22
SIM5
SIM1
SIM2
SIM3
SIM4
1
21
22
SIM5
SIM1
SIM2
SIM3
SIM4
1
21
22
SIM5
SIM1
SIM2
SIM3
SIM4
1
21
22
SIM5
SIM1
SIM2
SIM3
SIM4
1
21
22
SIM5
SIM1
SIM2
SIM3
SIM4
1
21
22
SIM5
SIM1
SIM2
SIM3
SIM4
1
21
22
SIM5
SIM1
SIM2
SIM3
SIM4
1
21
22
SIM5
SIM1
SIM2
SIM3
SIM4
1
21
22
SIM5
SIM1
SIM2
SIM3
SIM4
1
21
22
SIM5
SIM1
SIM2
SIM3
SIM4
1
21
22
SIM5
SIM1
SIM2
SIM3
SIM4
1
21
22
SIM5
SIM1
SIM2
SIM3
SIM4
1
21
22
SIM5
SIM1
SIM2
SIM3
SIM4
1
21
22
SIM5
SIM1
SIM2
SIM3
SIM4
1
21
22
SIM5
SIM1
SIM2
SIM3
SIM4
1
21
22
SIM5
SIM1
SIM2
SIM3
SIM4
1
21
22
SIM5
SIM1
SIM2
SIM3
SIM4
1
21
22
SIM5
SIM1
SIM2
SIM3
SIM4
1
21
22
SIM5
SIM1
SIM2
SIM3
SIM4
1
21
22
SIM5
SIM1
SIM2
SIM3
SIM4
1
21
22
SIM5
SIM1
SIM2
SIM3
SIM4
1
21
22
SIM5
SIM1
SIM2
SIM3
SIM4
1
21
22
SIM5
SIM1
SIM2
SIM3
SIM4
1
21
22
SIM5
SIM1
SIM2
SIM3
SIM4
1
21
22
SIM5
SIM1
SIM2
SIM3
SIM4
1
21
22
SIM5
SIM1
SIM2
SIM3
SIM4
1
21
22
SIM5
SIM1
SIM2
SIM3
SIM4
1
21
22
SIM5
SIM1
SIM2
SIM3
SIM4
1
21
22
SIM5
SIM1
SIM2
SIM3
SIM4
1
21
22
SIM5
SIM1
SIM2
SIM3
SIM4
1
21
22
SIM5
SIM1
SIM2
SIM3
SIM4
1
21
22
SIM5
SIM1
SIM2
SIM3
SIM4
1
21
22
SIM5
SIM1
SIM2
SIM3
SIM4
1
21
22
SIM5
SIM1
SIM2
SIM3
SIM4
1
21
22
SIM5
SIM1
SIM2
SIM3
SIM4
1
21
22
SIM5
SIM1
SIM2
SIM3
SIM4
1
21
22
SIM5
SIM1
SIM2
SIM3
SIM4
1
21
22
SIM5
SIM1
SIM2
SIM3
SIM4
1
21
22
SIM5
SIM1
SIM2
SIM3
SIM4
1
21
22
SIM5
SIM1
SIM2
SIM3
SIM4
1
21
22
SIM5
SIM1
SIM2
DEBUG 1 510
SIM1
SIM2
SIM3
SIM4
1
21
22
SIM5
SIM1
SIM2
SIM3
SIM4
1
21
22
SIM5
SIM1
SIM2
SIM3
SIM4
1
21
22
SIM5
SIM1
SIM2
SIM3
SIM4
1
21
22
SIM5
SIM1
SIM2
SIM3
SIM4
1
21
22
SIM5
SIM1
SIM2
SIM3
SIM4
1
21
22
SIM5
SIM1
SIM2
SIM3
SIM4
1
21
22
SIM5
SIM1
SIM2
SIM3
SIM4
1
21
22
SIM5
SIM1
SIM2
SIM3
SIM4
1
21
22
SIM5
SIM1
SIM2
SIM3
SIM4
1
21
22
SIM5
SIM1
SIM2
SIM3
SIM4
1
21
22
SIM5
SIM1
SIM2
SIM3
SIM4
1
21
22
SIM5
SIM1
SIM2
SIM3
SIM4
1
21
22
SIM5
SIM1
SIM2
SIM3
SIM4
1
21
22
SIM5
SIM1
SIM2
SIM3
SIM4
1
21
22
SIM5
SIM1
SIM2
SIM3
SIM4
1
21
22
SIM5
SIM1
SIM2
SIM3
SIM4
1
21
22
SIM5
SIM1
SIM2
SIM3
SIM4
1
21
22
SIM5
SIM1
SIM2
SIM3
SIM4
1
21
22
SIM5
SIM1
SIM2
SIM3
SIM4
1
21
22
SIM5
SIM1
SIM2
SIM3
SIM4
1
21
22
SIM5
SIM1
SIM2
SIM3
SIM4
1
21
22
SIM5
SIM1
SIM2
SIM3
SIM4
1
21
22
SIM5
SIM1
SIM2
SIM3
SIM4
1
21
22
SIM5
SIM1
SIM2
SIM3
SIM4
1
21
22
SIM5
SIM1
SIM2
SIM3
SIM4
1
21
22
SIM5
SIM1
SIM2
SIM3
SIM4
1
21
22
SIM5
SIM1
SIM2
SIM3
SIM4
1
21
22
SIM5
SIM1
SIM2
SIM3
SIM4
1
21
22
SIM5
SIM1
SIM2
SIM3
SIM4
1
21
22
SIM5
SIM1
SIM2
SIM3
SIM4
1
21
22
SIM5
SIM1
SIM2
SIM3
SIM4
1
21
22
SIM5
SIM1
SIM2
SIM3
SIM4
1
21
22
SIM5
SIM1
SIM2
SIM3
SIM4
1
21
22
SIM5
SIM1
SIM2
SIM3
SIM4
1
21
22
SIM5
SIM1
SIM2
SIM3
SIM4
1
21
22
SIM5
SIM1
SIM2
SIM3
SIM4
1
21
22
SIM5
SIM1
SIM2
SIM3
SIM4
1
21
22
SIM5
SIM1
SIM2
SIM3
SIM4
1
21
22
SIM5
SIM1
SIM2
SIM3
SIM4
1
21
22
SIM5
SIM1
SIM2
SIM3
SIM4
1
21
22
SIM5
SIM1
SIM2
SIM3
SIM4
1
21
22
SIM5
SIM1
SIM2
SIM3
SIM4
1
21
22
SIM5
SIM1
SIM2
SIM3
SIM4
1
21
22
SIM5
SIM1
SIM2
SIM3
SIM4
1
21
22
SIM5
SIM1
SIM2
SIM3
SIM4
1
21
22
SIM5
SIM1
SIM2
SIM3
SIM4
1
21
22
SIM5
SIM1
SIM2
SIM3
SIM4
1
21
22
SIM5
SIM1
SIM2
SIM3
SIM4
1
21
22
SIM5
SIM1
SIM2
SIM3
SIM4
1
21
22
SIM5
SIM1
SIM2
SIM3
SIM4
1
21
22
SIM5
SIM1
SIM2
SIM3
SIM4
1
21
22
SIM5
SIM1
SIM2
SIM3
SIM4
1
21
22
SIM5
SIM1
SIM2
SIM3
SIM4
1
21
22
SIM5
SIM1
SIM2
SIM3
SIM4
1
21
22
SIM5
SIM1
SIM2
SIM3
SIM4
1
21
22
SIM5
SIM1
SIM2
SIM3
SIM4
1
21
22
SIM5
SIM1
SIM2
SIM3
SIM4
1
21
22
SIM5
SIM1
SIM2
SIM3
SIM4
1
21
22
SIM5
SIM1
SIM2
SIM3
SIM4
1
21
22
SIM5
SIM1
SIM2
SIM3
SIM4
1
21
22
SIM5
SIM1
SIM2
SIM3
SIM4
1
21
22
SIM5
SIM1
SIM2
SIM3
SIM4
1
21
22
SIM5
SIM1
SIM2
SIM3
SIM4
1
21
22
SIM5
SIM1
SIM2
SIM3
SIM4
1
21
22
SIM5
SIM1
SIM2
SIM3
SIM4
1
21
22
SIM5
SIM1
SIM2
SIM3
SIM4
1
21
22
SIM5
SIM1
SIM2
SIM3
SIM4
1
21
22
SIM5
SIM1
SIM2
SIM3
SIM4
1
21
22
SIM5
SIM1
SIM2
SIM3
SIM4
1
21
22
SIM5
SIM1
SIM2
SIM3
SIM4
1
21
22
SIM5
SIM1
SIM2
SIM3
SIM4
1
21
22
SIM5
SIM1
SIM2
SIM3
SIM4
1
21
22
SIM5
SIM1
SIM2
SIM3
SIM4
1
21
22
SIM5
SIM1
SIM2
SIM3
SIM4
1
21
22
SIM5
SIM1
SIM2
SIM3
SIM4
1
21
22
SIM5
SIM1
SIM2
SIM3
SIM4
1
21
22
SIM5
SIM1
SIM2
SIM3
SIM4
1
21
22
SIM5
SIM1
SIM2
SIM3
SIM4
1
21
22
SIM5
SIM1
SIM2
SIM3
SIM4
1
21
22
SIM5
SIM1
SIM2
SIM3
SIM4
1
21
22
SIM5
SIM1
SIM2
SIM3
SIM4
1
21
22
SIM5
SIM1
SIM2
SIM3
SIM4
1
21
22
SIM5
SIM1
SIM2
SIM3
SIM4
1
21
22
SIM5
SIM1
SIM2
SIM3
SIM4
1
21
22
SIM5
SIM1
SIM2
SIM3
SIM4
1
21
22
SIM5
SIM1
SIM2
SIM3
SIM4
1
21
22
SIM5
SIM1
SIM2
SIM3
SIM4
1
21
22
SIM5
SIM1
SIM2
SIM3
SIM4
1
21
22
SIM5
SIM1
SIM2
SIM3
SIM4
1
21
22
SIM5
SIM1
SIM2
SIM3
SIM4
1
21
22
SIM5
SIM1
SIM2
SIM3
SIM4
1
21
22
SIM5
SIM1
SIM2
SIM3
SIM4
1
21
22
SIM5
SIM1
SIM2
SIM3
SIM4
1
21
22
SIM5
SIM1
SIM2
SIM3
SIM4
1
21
22
SIM5
SIM1
SIM2
SIM3
SIM4
1
21
22
SIM5
SIM1
SIM2
SIM3
SIM4
1
21
22
SIM5
SIM1
SIM2
SIM3
SIM4
1
21
22
SIM5
SIM1
SIM2
SIM3
SIM4
1
21
22
SIM5
SIM1
SIM2
SIM3
SIM4
1
21
22
SIM5
SIM1
SIM2
SIM3
SIM4
1
21
22
SIM5
SIM1
SIM2
SIM3
SIM4
1
21
22
SIM5
SIM1
SIM2
SIM3
SIM4
1
21
22
SIM5
SIM1
SIM2
SIM3
SIM4
1
21
22
SIM5
SIM1
SIM2
SIM3
SIM4
1
21
22
SIM5
SIM1
SIM2
SIM3
SIM4
1
21
22
SIM5
SIM1
SIM2
SIM3
SIM4
1
21
22
SIM5
SIM1
SIM2
SIM3
SIM4
1
21
22
SIM5
SIM1
SIM2
SIM3
SIM4
1
21
22
SIM5
SIM1
SIM2
SIM3
SIM4
1
21
22
SIM5
SIM1
SIM2
SIM3
SIM4
1
21
22
SIM5
SIM1
SIM2
SIM3
SIM4
1
21
22
SIM5
SIM1
SIM2
SIM3
SIM4
1
21
22
SIM5
SIM1
SIM2
SIM3
SIM4
1
21
22
SIM5
SIM1
SIM2
SIM3
SIM4
1
21
22
SIM5
SIM1
SIM2
SIM3
SIM4
1
21
22
SIM5
SIM1
SIM2
SIM3
SIM4
1
21
22
SIM5
SIM1
SIM2
SIM3
SIM4
1
21
22
SIM5
SIM1
SIM2
SIM3
SIM4
1
21
22
SIM5
SIM1
SIM2
SIM3
SIM4
1
21
22
SIM5
SIM1
SIM2
SIM3
SIM4
1
21
22
SIM5
SIM1
SIM2
SIM3
SIM4
1
21
22
SIM5
SIM1
SIM2
SIM3
SIM4
1
21
22
SIM5
SIM1
SIM2
SIM3
SIM4
1
21
22
SIM5
SIM1
SIM2
SIM3
SIM4
1
21
22
SIM5
SIM1
SIM2
SIM3
SIM4
1
21
22
SIM5
SIM1
SIM2
SIM3
SIM4
1
21
22
SIM5
SIM1
SIM2
SIM3
SIM4
1
21
22
SIM5
SIM1
SIM2
SIM3
SIM4
1
21
22
SIM5
SIM1
SIM2
SIM3
SIM4
1
21
22
SIM5
SIM1
SIM2
SIM3
SIM4
1
21
22
SIM5
SIM1
SIM2
SIM3
SIM4
1
21
22
SIM5
SIM1
SIM2
SIM3
SIM4
1
21
22
SIM5
SIM1
SIM2
SIM3
SIM4
1
21
22
SIM5
SIM1
SIM2
SIM3
SIM4
1
21
22
SIM5
SIM1
SIM2
SIM3
SIM4
1
21
22
SIM5
SIM1
SIM2
SIM3
SIM4
1
21
22
SIM5
SIM1
SIM2
SIM3
SIM4
1
21
22
SIM5
SIM1
SIM2
SIM3
SIM4
1
21
22
SIM5
SIM1
SIM2
SIM3
SIM4
1
21
22
SIM5
SIM1
SIM2
SIM3
SIM4
1
21
22
SIM5
SIM1
SIM2
SIM3
SIM4
1
21
22
SIM5
SIM1
SIM2
SIM3
SIM4
1
21
22
SIM5
SIM1
SIM2
SIM3
SIM4
1
21
22
SIM5
SIM1
SIM2
SIM3
SIM4
1
21
22
SIM5
SIM1
SIM2
SIM3
SIM4
1
21
22
SIM5
SIM1
SIM2
SIM3
SIM4
1
21
22
SIM5
SIM1
SIM2
SIM3
SIM4
1
21
22
SIM5
SIM1
SIM2
SIM3
SIM4
1
21
22
SIM5
SIM1
SIM2
SIM3
SIM4
1
21
22
SIM5
SIM1
SIM2
SIM3
SIM4
1
21
22
SIM5
SIM1
SIM2
SIM3
SIM4
1
21
22
SIM5
SIM1
SIM2
SIM3
SIM4
1
21
22
SIM5
SIM1
SIM2
SIM3
SIM4
1
21
22
SIM5
SIM1
SIM2
SIM3
SIM4
1
21
22
SIM5
SIM1
SIM2
SIM3
SIM4
1
21
22
SIM5
SIM1
SIM2
SIM3
SIM4
1
21
22
SIM5
SIM1
SIM2
SIM3
SIM4
1
21
22
SIM5
SIM1
SIM2
SIM3
SIM4
1
21
22
SIM5
SIM1
SIM2
SIM3
SIM4
1
21
22
SIM5
SIM1
SIM2
SIM3
SIM4
1
21
22
SIM5
SIM1
SIM2
SIM3
SIM4
1
21
22
SIM5
SIM1
SIM2
SIM3
SIM4
1
21
22
SIM5
SIM1
SIM2
SIM3
SIM4
1
21
22
SIM5
SIM1
SIM2
SIM3
SIM4
1
21
22
SIM5
SIM1
SIM2
SIM3
SIM4
1
21
22
SIM5
SIM1
SIM2
SIM3
SIM4
1
21
22
SIM5
SIM1
SIM2
SIM3
SIM4
1
21
22
SIM5
SIM1
SIM2
SIM3
SIM4
1
21
22
SIM5
SIM1
SIM2
SIM3
SIM4
1
21
22
SIM5
SIM1
SIM2
SIM3
SIM4
1
21
22
SIM5
SIM1
SIM2
SIM3
SIM4
1
21
22
SIM5
SIM1
SIM2
SIM3
SIM4
1
21
22
SIM5
SIM1
SIM2
SIM3
SIM4
1
21
22
SIM5
SIM1
SIM2
SIM3
SIM4
1
21
22
SIM5
SIM1
SIM2
SIM3
SIM4
1
21
22
SIM5
SIM1
SIM2
SIM3
SIM4
1
21
22
SIM5
SIM1
SIM2
SIM3
SIM4
1
21
22
SIM5
SIM1
SIM2
SIM3
SIM4
1
21
22
SIM5
SIM1
SIM2
SIM3
SIM4
1
21
22
SIM5
SIM1
SIM2
SIM3
SIM4
1
21
22
SIM5
SIM1
SIM2
SIM3
SIM4
1
21
22
SIM5
SIM1
SIM2
SIM3
SIM4
1
21
22
SIM5
SIM1
SIM2
SIM3
SIM4
1
21
22
SIM5
SIM1
SIM2
SIM3
SIM4
1
21
22
SIM5
SIM1
SIM2
SIM3
SIM4
1
21
22
SIM5
SIM1
SIM2
SIM3
SIM4
1
21
22
SIM5
SIM1
SIM2
SIM3
SIM4
1
21
22
SIM5
SIM1
SIM2
SIM3
SIM4
1
21
22
SIM5
SIM1
SIM2
SIM3
SIM4
1
21
22
SIM5
SIM1
SIM2
SIM3
SIM4
1
21
22
SIM5
SIM1
SIM2
SIM3
SIM4
1
21
22
SIM5
SIM1
SIM2
SIM3
SIM4
1
21
22
SIM5
SIM1
SIM2
SIM3
SIM4
1
21
22
SIM5
SIM1
SIM2
SIM3
SIM4
1
21
22
SIM5
SIM1
SIM2
SIM3
SIM4
1
21
22
SIM5
SIM1
SIM2
SIM3
SIM4
1
21
22
SIM5
SIM1
SIM2
SIM3
SIM4
1
21
22
SIM5
SIM1
SIM2
SIM3
SIM4
1
21
22
SIM5
SIM1
SIM2
SIM3
SIM4
1
21
22
SIM5
SIM1
SIM2
SIM3
SIM4
1
21
22
SIM5
SIM1
SIM2
SIM3
SIM4
1
21
22
SIM5
SIM1
SIM2
SIM3
SIM4
1
21
22
SIM5
SIM1
SIM2
SIM3
SIM4
1
21
22
SIM5
SIM1
SIM2
SIM3
SIM4
1
21
22
SIM5
SIM1
SIM2
SIM3
SIM4
1
21
22
SIM5
SIM1
SIM2
DEBUG 1 511
SIM1
SIM2
SIM3
SIM4
1
21
22
SIM5
SIM1
SIM2
SIM3
SIM4
1
21
22
SIM5
SIM1
SIM2
SIM3
SIM4
1
21
22
SIM5
SIM1
SIM2
SIM3
SIM4
1
21
22
SIM5
SIM1
SIM2
SIM3
SIM4
1
21
22
SIM5
SIM1
SIM2
SIM3
SIM4
1
21
22
SIM5
SIM1
SIM2
SIM3
SIM4
1
21
22
SIM5
SIM1
SIM2
SIM3
SIM4
1
21
22
SIM5
SIM1
SIM2
SIM3
SIM4
1
21
22
SIM5
SIM1
SIM2
SIM3
SIM4
1
21
22
SIM5
SIM1
SIM2
SIM3
SIM4
1
21
22
SIM5
SIM1
SIM2
SIM3
SIM4
1
21
22
SIM5
SIM1
SIM2
SIM3
SIM4
1
21
22
SIM5
SIM1
SIM2
SIM3
SIM4
1
21
22
SIM5
SIM1
SIM2
SIM3
SIM4
1
21
22
SIM5
SIM1
SIM2
SIM3
SIM4
1
21
22
SIM5
SIM1
SIM2
SIM3
SIM4
1
21
22
SIM5
SIM1
SIM2
SIM3
SIM4
1
21
22
SIM5
SIM1
SIM2
SIM3
SIM4
1
21
22
SIM5
SIM1
SIM2
SIM3
SIM4
1
21
22
SIM5
SIM1
SIM2
SIM3
SIM4
1
21
22
SIM5
SIM1
SIM2
SIM3
SIM4
1
21
22
SIM5
SIM1
SIM2
SIM3
SIM4
1
21
22
SIM5
SIM1
SIM2
SIM3
SIM4
1
21
22
SIM5
SIM1
SIM2
SIM3
SIM4
1
21
22
SIM5
SIM1
SIM2
SIM3
SIM4
1
21
22
SIM5
SIM1
SIM2
SIM3
SIM4
1
21
22
SIM5
SIM1
SIM2
SIM3
SIM4
1
21
22
SIM5
SIM1
SIM2
SIM3
SIM4
1
21
22
SIM5
SIM1
SIM2
SIM3
SIM4
1
21
22
SIM5
SIM1
SIM2
SIM3
SIM4
1
21
22
SIM5
SIM1
SIM2
SIM3
SIM4
1
21
22
SIM5
SIM1
SIM2
SIM3
SIM4
1
21
22
SIM5
SIM1
SIM2
SIM3
SIM4
1
21
22
SIM5
SIM1
SIM2
SIM3
SIM4
1
21
22
SIM5
SIM1
SIM2
SIM3
SIM4
1
21
22
SIM5
SIM1
SIM2
SIM3
SIM4
1
21
22
SIM5
SIM1
SIM2
SIM3
SIM4
1
21
22
SIM5
SIM1
SIM2
SIM3
SIM4
1
21
22
SIM5
SIM1
SIM2
SIM3
SIM4
1
21
22
SIM5
SIM1
SIM2
SIM3
SIM4
1
21
22
SIM5
SIM1
SIM2
SIM3
SIM4
1
21
22
SIM5
SIM1
SIM2
SIM3
SIM4
1
21
22
SIM5
SIM1
SIM2
SIM3
SIM4
1
21
22
SIM5
SIM1
SIM2
SIM3
SIM4
1
21
22
SIM5
SIM1
SIM2
SIM3
SIM4
1
21
22
SIM5
SIM1
SIM2
SIM3
SIM4
1
21
22
SIM5
SIM1
SIM2
SIM3
SIM4
1
21
22
SIM5
SIM1
SIM2
SIM3
SIM4
1
21
22
SIM5
SIM1
SIM2
SIM3
SIM4
1
21
22
SIM5
SIM1
SIM2
SIM3
SIM4
1
21
22
SIM5
SIM1
SIM2
SIM3
SIM4
1
21
22
SIM5
SIM1
SIM2
SIM3
SIM4
1
21
22
SIM5
SIM1
SIM2
SIM3
SIM4
1
21
22
SIM5
SIM1
SIM2
SIM3
SIM4
1
21
22
SIM5
SIM1
SIM2
SIM3
SIM4
1
21
22
SIM5
SIM1
SIM2
SIM3
SIM4
1
21
22
SIM5
SIM1
SIM2
SIM3
SIM4
1
21
22
SIM5
SIM1
SIM2
SIM3
SIM4
1
21
22
SIM5
SIM1
SIM2
SIM3
SIM4
1
21
22
SIM5
SIM1
SIM2
SIM3
SIM4
1
21
22
SIM5
SIM1
SIM2
SIM3
SIM4
1
21
22
SIM5
SIM1
SIM2
SIM3
SIM4
1
21
22
SIM5
SIM1
SIM2
SIM3
SIM4
1
21
22
SIM5
SIM1
SIM2
SIM3
SIM4
1
21
22
SIM5
SIM1
SIM2
SIM3
SIM4
1
21
22
SIM5
SIM1
SIM2
SIM3
SIM4
1
21
22
SIM5
SIM1
SIM2
SIM3
SIM4
1
21
22
SIM5
SIM1
SIM2
SIM3
SIM4
1
21
22
SIM5
SIM1
SIM2
SIM3
SIM4
1
21
22
SIM5
SIM1
SIM2
SIM3
SIM4
1
21
22
SIM5
SIM1
SIM2
SIM3
SIM4
1
21
22
SIM5
SIM1
SIM2
DEBUG 1 512
SIM1
SIM2
SIM3
SIM4
1
21
22
SIM5
SIM1
SIM2
SIM3
SIM4
1
21
22
SIM5
SIM1
SIM2
SIM3
SIM4
1
21
22
SIM5
SIM1
SIM2
SIM3
SIM4
1
21
22
SIM5
SIM1
SIM2
SIM3
SIM4
1
21
22
SIM5
SIM1
SIM2
SIM3
SIM4
1
21
22
SIM5
SIM1
SIM2
SIM3
SIM4
1
21
22
SIM5
SIM1
SIM2
SIM3
SIM4
1
21
22
SIM5
SIM1
SIM2
SIM3
SIM4
1
21
22
SIM5
SIM1
SIM2
SIM3
SIM4
1
21
22
SIM5
SIM1
SIM2
SIM3
SIM4
1
21
22
SIM5
SIM1
SIM2
SIM3
SIM4
1
21
22
SIM5
SIM1
SIM2
SIM3
SIM4
1
21
22
SIM5
SIM1
SIM2
SIM3
SIM4
1
21
22
SIM5
SIM1
SIM2
SIM3
SIM4
1
21
22
SIM5
SIM1
SIM2
SIM3
SIM4
1
21
22
SIM5
SIM1
SIM2
SIM3
SIM4
1
21
22
SIM5
SIM1
SIM2
SIM3
SIM4
1
21
22
SIM5
SIM1
SIM2
SIM3
SIM4
1
21
22
SIM5
SIM1
SIM2
SIM3
SIM4
1
21
22
SIM5
SIM1
SIM2
SIM3
SIM4
1
21
22
SIM5
SIM1
SIM2
SIM3
SIM4
1
21
22
SIM5
SIM1
SIM2
SIM3
SIM4
1
21
22
SIM5
SIM1
SIM2
SIM3
SIM4
1
21
22
SIM5
SIM1
SIM2
SIM3
SIM4
1
21
22
SIM5
SIM1
SIM2
SIM3
SIM4
1
21
22
SIM5
SIM1
SIM2
SIM3
SIM4
1
21
22
SIM5
SIM1
SIM2
SIM3
SIM4
1
21
22
SIM5
SIM1
SIM2
SIM3
SIM4
1
21
22
SIM5
SIM1
SIM2
SIM3
SIM4
1
21
22
SIM5
SIM1
SIM2
SIM3
SIM4
1
21
22
SIM5
SIM1
SIM2
SIM3
SIM4
1
21
22
SIM5
SIM1
SIM2
SIM3
SIM4
1
21
22
SIM5
SIM1
SIM2
SIM3
SIM4
1
21
22
SIM5
SIM1
SIM2
SIM3
SIM4
1
21
22
SIM5
SIM1
SIM2
SIM3
SIM4
1
21
22
SIM5
SIM1
SIM2
SIM3
SIM4
1
21
22
SIM5
SIM1
SIM2
SIM3
SIM4
1
21
22
SIM5
SIM1
SIM2
SIM3
SIM4
1
21
22
SIM5
SIM1
SIM2
SIM3
SIM4
1
21
22
SIM5
SIM1
SIM2
SIM3
SIM4
1
21
22
SIM5
SIM1
SIM2
SIM3
SIM4
1
21
22
SIM5
SIM1
SIM2
SIM3
SIM4
1
21
22
SIM5
SIM1
SIM2
SIM3
SIM4
1
21
22
SIM5
SIM1
SIM2
SIM3
SIM4
1
21
22
SIM5
SIM1
SIM2
SIM3
SIM4
1
21
22
SIM5
SIM1
SIM2
SIM3
SIM4
1
21
22
SIM5
SIM1
SIM2
SIM3
SIM4
1
21
22
SIM5
SIM1
SIM2
SIM3
SIM4
1
21
22
SIM5
SIM1
SIM2
SIM3
SIM4
1
21
22
SIM5
SIM1
SIM2
SIM3
SIM4
1
21
22
SIM5
SIM1
SIM2
SIM3
SIM4
1
21
22
SIM5
SIM1
SIM2
SIM3
SIM4
1
21
22
SIM5
SIM1
SIM2
SIM3
SIM4
1
21
22
SIM5
SIM1
SIM2
SIM3
SIM4
1
21
22
SIM5
SIM1
SIM2
SIM3
SIM4
1
21
22
SIM5
SIM1
SIM2
SIM3
SIM4
1
21
22
SIM5
SIM1
SIM2
SIM3
SIM4
1
21
22
SIM5
SIM1
SIM2
SIM3
SIM4
1
21
22
SIM5
SIM1
SIM2
SIM3
SIM4
1
21
22
SIM5
SIM1
SIM2
SIM3
SIM4
1
21
22
SIM5
SIM1
SIM2
SIM3
SIM4
1
21
22
SIM5
SIM1
SIM2
SIM3
SIM4
1
21
22
SIM5
SIM1
SIM2
SIM3
SIM4
1
21
22
SIM5
SIM1
SIM2
SIM3
SIM4
1
21
22
SIM5
SIM1
SIM2
SIM3
SIM4
1
21
22
SIM5
SIM1
SIM2
SIM3
SIM4
1
21
22
SIM5
SIM1
SIM2
SIM3
SIM4
1
21
22
SIM5
SIM1
SIM2
SIM3
SIM4
1
21
22
SIM5
SIM1
SIM2
SIM3
SIM4
1
21
22
SIM5
SIM1
SIM2
SIM3
SIM4
1
21
22
SIM5
SIM1
SIM2
SIM3
SIM4
1
21
22
SIM5
SIM1
SIM2
SIM3
SIM4
1
21
22
SIM5
SIM1
SIM2
SIM3
SIM4
1
21
22
SIM5
SIM1
SIM2
SIM3
SIM4
1
21
22
SIM5
SIM1
SIM2
SIM3
SIM4
1
21
22
SIM5
SIM1
SIM2
SIM3
SIM4
1
21
22
SIM5
SIM1
SIM2
SIM3
SIM4
1
21
22
SIM5
SIM1
SIM2
SIM3
SIM4
1
21
22
SIM5
SIM1
SIM2
SIM3
SIM4
1
21
22
SIM5
SIM1
SIM2
SIM3
SIM4
1
21
22
SIM5
SIM1
SIM2
SIM3
SIM4
1
21
22
SIM5
SIM1
SIM2
SIM3
SIM4
1
21
22
SIM5
SIM1
SIM2
SIM3
SIM4
1
21
22
SIM5
SIM1
SIM2
SIM3
SIM4
1
21
22
SIM5
SIM1
SIM2
SIM3
SIM4
1
21
22
SIM5
SIM1
SIM2
SIM3
SIM4
1
21
22
SIM5
SIM1
SIM2
SIM3
SIM4
1
21
22
SIM5
SIM1
SIM2
SIM3
SIM4
1
21
22
SIM5
SIM1
SIM2
SIM3
SIM4
1
21
22
SIM5
SIM1
SIM2
SIM3
SIM4
1
21
22
SIM5
SIM1
SIM2
SIM3
SIM4
1
21
22
SIM5
SIM1
SIM2
SIM3
SIM4
1
21
22
SIM5
SIM1
SIM2
SIM3
SIM4
1
21
22
SIM5
SIM1
SIM2
SIM3
SIM4
1
21
22
SIM5
SIM1
SIM2
SIM3
SIM4
1
21
22
SIM5
SIM1
SIM2
SIM3
SIM4
1
21
22
SIM5
SIM1
SIM2
SIM3
SIM4
1
21
22
SIM5
SIM1
SIM2
SIM3
SIM4
1
21
22
SIM5
SIM1
SIM2
SIM3
SIM4
1
21
22
SIM5
SIM1
SIM2
SIM3
SIM4
1
21
22
SIM5
SIM1
SIM2
SIM3
SIM4
1
21
22
SIM5
SIM1
SIM2
SIM3
SIM4
1
21
22
SIM5
SIM1
SIM2
SIM3
SIM4
1
21
22
SIM5
SIM1
SIM2
SIM3
SIM4
1
21
22
SIM5
SIM1
SIM2
SIM3
SIM4
1
21
22
SIM5
SIM1
SIM2
SIM3
SIM4
1
21
22
SIM5
SIM1
SIM2
SIM3
SIM4
1
21
22
SIM5
SIM1
SIM2
SIM3
SIM4
1
21
22
SIM5
SIM1
SIM2
SIM3
SIM4
1
21
22
SIM5
SIM1
SIM2
SIM3
SIM4
1
21
22
SIM5
SIM1
SIM2
SIM3
SIM4
1
21
22
SIM5
SIM1
SIM2
SIM3
SIM4
1
21
22
SIM5
SIM1
SIM2
SIM3
SIM4
1
21
22
SIM5
SIM1
SIM2
SIM3
SIM4
1
21
22
SIM5
SIM1
SIM2
SIM3
SIM4
1
21
22
SIM5
SIM1
SIM2
SIM3
SIM4
1
21
22
SIM5
SIM1
SIM2
SIM3
SIM4
1
21
22
SIM5
SIM1
SIM2
SIM3
SIM4
1
21
22
SIM5
SIM1
SIM2
SIM3
SIM4
1
21
22
SIM5
SIM1
SIM2
SIM3
SIM4
1
21
22
SIM5
SIM1
SIM2
SIM3
SIM4
1
21
22
SIM5
SIM1
SIM2
SIM3
SIM4
1
21
22
SIM5
SIM1
SIM2
SIM3
SIM4
1
21
22
SIM5
SIM1
SIM2
SIM3
SIM4
1
21
22
SIM5
SIM1
SIM2
SIM3
SIM4
1
21
22
SIM5
SIM1
SIM2
SIM3
SIM4
1
21
22
SIM5
SIM1
SIM2
SIM3
SIM4
1
21
22
SIM5
SIM1
SIM2
SIM3
SIM4
1
21
22
SIM5
SIM1
SIM2
SIM3
SIM4
1
21
22
SIM5
SIM1
SIM2
SIM3
SIM4
1
21
22
SIM5
SIM1
SIM2
SIM3
SIM4
1
21
22
SIM5
SIM1
SIM2
SIM3
SIM4
1
21
22
SIM5
SIM1
SIM2
SIM3
SIM4
1
21
22
SIM5
SIM1
SIM2
SIM3
SIM4
1
21
22
SIM5
SIM1
SIM2
SIM3
SIM4
1
21
22
SIM5
SIM1
SIM2
SIM3
SIM4
1
21
22
SIM5
SIM1
SIM2
SIM3
SIM4
1
21
22
SIM5
SIM1
SIM2
SIM3
SIM4
1
21
22
SIM5
SIM1
SIM2
SIM3
SIM4
1
21
22
SIM5
SIM1
SIM2
SIM3
SIM4
1
21
22
SIM5
SIM1
SIM2
SIM3
SIM4
1
21
22
SIM5
SIM1
SIM2
SIM3
SIM4
1
21
22
SIM5
SIM1
SIM2
SIM3
SIM4
1
21
22
SIM5
SIM1
SIM2
SIM3
SIM4
1
21
22
SIM5
SIM1
SIM2
SIM3
SIM4
1
21
22
SIM5
SIM1
SIM2
SIM3
SIM4
1
21
22
SIM5
SIM1
SIM2
SIM3
SIM4
1
21
22
SIM5
SIM1
SIM2
SIM3
SIM4
1
21
22
SIM5
SIM1
SIM2
SIM3
SIM4
1
21
22
SIM5
SIM1
SIM2
SIM3
SIM4
1
21
22
SIM5
SIM1
SIM2
SIM3
SIM4
1
21
22
SIM5
SIM1
SIM2
SIM3
SIM4
1
21
22
SIM5
SIM1
SIM2
SIM3
SIM4
1
21
22
SIM5
SIM1
SIM2
SIM3
SIM4
1
21
22
SIM5
SIM1
SIM2
SIM3
SIM4
1
21
22
SIM5
SIM1
SIM2
SIM3
SIM4
1
21
22
SIM5
SIM1
SIM2
SIM3
SIM4
1
21
22
SIM5
SIM1
SIM2
SIM3
SIM4
1
21
22
SIM5
SIM1
SIM2
SIM3
SIM4
1
21
22
SIM5
SIM1
SIM2
SIM3
SIM4
1
21
22
SIM5
SIM1
SIM2
SIM3
SIM4
1
21
22
SIM5
SIM1
SIM2
SIM3
SIM4
1
21
22
SIM5
SIM1
SIM2
SIM3
SIM4
1
21
22
SIM5
SIM1
SIM2
SIM3
SIM4
1
21
22
SIM5
SIM1
SIM2
SIM3
SIM4
1
21
22
SIM5
SIM1
SIM2
SIM3
SIM4
1
21
22
SIM5
SIM1
SIM2
SIM3
SIM4
1
21
22
SIM5
SIM1
SIM2
SIM3
SIM4
1
21
22
SIM5
SIM1
SIM2
SIM3
SIM4
1
21
22
SIM5
SIM1
SIM2
SIM3
SIM4
1
21
22
SIM5
SIM1
SIM2
SIM3
SIM4
1
21
22
SIM5
SIM1
SIM2
SIM3
SIM4
1
21
22
SIM5
SIM1
SIM2
DEBUG 1 513
SIM1
SIM2
SIM3
SIM4
1
21
22
SIM5
SIM1
SIM2
SIM3
SIM4
1
21
22
SIM5
SIM1
SIM2
SIM3
SIM4
1
21
22
SIM5
SIM1
SIM2
SIM3
SIM4
1
21
22
SIM5
SIM1
SIM2
SIM3
SIM4
1
21
22
SIM5
SIM1
SIM2
SIM3
SIM4
1
21
22
SIM5
SIM1
SIM2
SIM3
SIM4
1
21
22
SIM5
SIM1
SIM2
SIM3
SIM4
1
21
22
SIM5
SIM1
SIM2
SIM3
SIM4
1
21
22
SIM5
SIM1
SIM2
SIM3
SIM4
1
21
22
SIM5
SIM1
SIM2
SIM3
SIM4
1
21
22
SIM5
SIM1
SIM2
SIM3
SIM4
1
21
22
SIM5
SIM1
SIM2
SIM3
SIM4
1
21
22
SIM5
SIM1
SIM2
SIM3
SIM4
1
21
22
SIM5
SIM1
SIM2
SIM3
SIM4
1
21
22
SIM5
SIM1
SIM2
SIM3
SIM4
1
21
22
SIM5
SIM1
SIM2
SIM3
SIM4
1
21
22
SIM5
SIM1
SIM2
SIM3
SIM4
1
21
22
SIM5
SIM1
SIM2
SIM3
SIM4
1
21
22
SIM5
SIM1
SIM2
SIM3
SIM4
1
21
22
SIM5
SIM1
SIM2
SIM3
SIM4
1
21
22
SIM5
SIM1
SIM2
SIM3
SIM4
1
21
22
SIM5
SIM1
SIM2
SIM3
SIM4
1
21
22
SIM5
SIM1
SIM2
SIM3
SIM4
1
21
22
SIM5
SIM1
SIM2
SIM3
SIM4
1
21
22
SIM5
SIM1
SIM2
SIM3
SIM4
1
21
22
SIM5
SIM1
SIM2
SIM3
SIM4
1
21
22
SIM5
SIM1
SIM2
SIM3
SIM4
1
21
22
SIM5
SIM1
SIM2
SIM3
SIM4
1
21
22
SIM5
SIM1
SIM2
SIM3
SIM4
1
21
22
SIM5
SIM1
SIM2
SIM3
SIM4
1
21
22
SIM5
SIM1
SIM2
SIM3
SIM4
1
21
22
SIM5
SIM1
SIM2
SIM3
SIM4
1
21
22
SIM5
SIM1
SIM2
SIM3
SIM4
1
21
22
SIM5
SIM1
SIM2
SIM3
SIM4
1
21
22
SIM5
SIM1
SIM2
SIM3
SIM4
1
21
22
SIM5
SIM1
SIM2
SIM3
SIM4
1
21
22
SIM5
SIM1
SIM2
SIM3
SIM4
1
21
22
SIM5
SIM1
SIM2
SIM3
SIM4
1
21
22
SIM5
SIM1
SIM2
SIM3
SIM4
1
21
22
SIM5
SIM1
SIM2
SIM3
SIM4
1
21
22
SIM5
SIM1
SIM2
SIM3
SIM4
1
21
22
SIM5
SIM1
SIM2
SIM3
SIM4
1
21
22
SIM5
SIM1
SIM2
SIM3
SIM4
1
21
22
SIM5
SIM1
SIM2
SIM3
SIM4
1
21
22
SIM5
SIM1
SIM2
SIM3
SIM4
1
21
22
SIM5
SIM1
SIM2
SIM3
SIM4
1
21
22
SIM5
SIM1
SIM2
SIM3
SIM4
1
21
22
SIM5
SIM1
SIM2
SIM3
SIM4
1
21
22
SIM5
SIM1
SIM2
SIM3
SIM4
1
21
22
SIM5
SIM1
SIM2
SIM3
SIM4
1
21
22
SIM5
SIM1
SIM2
SIM3
SIM4
1
21
22
SIM5
SIM1
SIM2
SIM3
SIM4
1
21
22
SIM5
SIM1
SIM2
SIM3
SIM4
1
21
22
SIM5
SIM1
SIM2
SIM3
SIM4
1
21
22
SIM5
SIM1
SIM2
SIM3
SIM4
1
21
22
SIM5
SIM1
SIM2
SIM3
SIM4
1
21
22
SIM5
SIM1
SIM2
SIM3
SIM4
1
21
22
SIM5
SIM1
SIM2
SIM3
SIM4
1
21
22
SIM5
SIM1
SIM2
SIM3
SIM4
1
21
22
SIM5
SIM1
SIM2
SIM3
SIM4
1
21
22
SIM5
SIM1
SIM2
SIM3
SIM4
1
21
22
SIM5
SIM1
SIM2
SIM3
SIM4
1
21
22
SIM5
SIM1
SIM2
SIM3
SIM4
1
21
22
SIM5
SIM1
SIM2
SIM3
SIM4
1
21
22
SIM5
SIM1
SIM2
SIM3
SIM4
1
21
22
SIM5
SIM1
SIM2
SIM3
SIM4
1
21
22
SIM5
SIM1
SIM2
SIM3
SIM4
1
21
22
SIM5
SIM1
SIM2
SIM3
SIM4
1
21
22
SIM5
SIM1
SIM2
SIM3
SIM4
1
21
22
SIM5
SIM1
SIM2
SIM3
SIM4
1
21
22
SIM5
SIM1
SIM2
SIM3
SIM4
1
21
22
SIM5
SIM1
SIM2
SIM3
SIM4
1
21
22
SIM5
SIM1
SIM2
SIM3
SIM4
1
21
22
SIM5
SIM1
SIM2
SIM3
SIM4
1
21
22
SIM5
SIM1
SIM2
SIM3
SIM4
1
21
22
SIM5
SIM1
SIM2
SIM3
SIM4
1
21
22
SIM5
SIM1
SIM2
SIM3
SIM4
1
21
22
SIM5
SIM1
SIM2
SIM3
SIM4
1
21
22
SIM5
SIM1
SIM2
SIM3
SIM4
1
21
22
SIM5
SIM1
SIM2
SIM3
SIM4
1
21
22
SIM5
SIM1
SIM2
SIM3
SIM4
1
21
22
SIM5
SIM1
SIM2
SIM3
SIM4
1
21
22
SIM5
SIM1
SIM2
SIM3
SIM4
1
21
22
SIM5
SIM1
SIM2
SIM3
SIM4
1
21
22
SIM5
SIM1
SIM2
SIM3
SIM4
1
21
22
SIM5
SIM1
SIM2
SIM3
SIM4
1
21
22
SIM5
SIM1
SIM2
SIM3
SIM4
1
21
22
SIM5
SIM1
SIM2
SIM3
SIM4
1
21
22
SIM5
SIM1
SIM2
SIM3
SIM4
1
21
22
SIM5
SIM1
SIM2
SIM3
SIM4
1
21
22
SIM5
SIM1
SIM2
SIM3
SIM4
1
21
22
SIM5
SIM1
SIM2
SIM3
SIM4
1
21
22
SIM5
SIM1
SIM2
SIM3
SIM4
1
21
22
SIM5
SIM1
SIM2
SIM3
SIM4
1
21
22
SIM5
SIM1
SIM2
SIM3
SIM4
1
21
22
SIM5
SIM1
SIM2
SIM3
SIM4
1
21
22
SIM5
SIM1
SIM2
SIM3
SIM4
1
21
22
SIM5
SIM1
SIM2
SIM3
SIM4
1
21
22
SIM5
SIM1
SIM2
SIM3
SIM4
1
21
22
SIM5
SIM1
SIM2
SIM3
SIM4
1
21
22
SIM5
SIM1
SIM2
SIM3
SIM4
1
21
22
SIM5
SIM1
SIM2
SIM3
SIM4
1
21
22
SIM5
SIM1
SIM2
SIM3
SIM4
1
21
22
SIM5
SIM1
SIM2
SIM3
SIM4
1
21
22
SIM5
SIM1
SIM2
SIM3
SIM4
1
21
22
SIM5
SIM1
SIM2
SIM3
SIM4
1
21
22
SIM5
SIM1
SIM2
SIM3
SIM4
1
21
22
SIM5
SIM1
SIM2
SIM3
SIM4
1
21
22
SIM5
SIM1
SIM2
SIM3
SIM4
1
21
22
SIM5
SIM1
SIM2
SIM3
SIM4
1
21
22
SIM5
SIM1
SIM2
SIM3
SIM4
1
21
22
SIM5
SIM1
SIM2
SIM3
SIM4
1
21
22
SIM5
SIM1
SIM2
SIM3
SIM4
1
21
22
SIM5
SIM1
SIM2
SIM3
SIM4
1
21
22
SIM5
SIM1
SIM2
SIM3
SIM4
1
21
22
SIM5
SIM1
SIM2
SIM3
SIM4
1
21
22
SIM5
SIM1
SIM2
SIM3
SIM4
1
21
22
SIM5
SIM1
SIM2
SIM3
SIM4
1
21
22
SIM5
SIM1
SIM2
SIM3
SIM4
1
21
22
SIM5
SIM1
SIM2
SIM3
SIM4
1
21
22
SIM5
SIM1
SIM2
SIM3
SIM4
1
21
22
SIM5
SIM1
SIM2
SIM3
SIM4
1
21
22
SIM5
SIM1
SIM2
SIM3
SIM4
1
21
22
SIM5
SIM1
SIM2
SIM3
SIM4
1
21
22
SIM5
SIM1
SIM2
SIM3
SIM4
1
21
22
SIM5
SIM1
SIM2
SIM3
SIM4
1
21
22
SIM5
SIM1
SIM2
SIM3
SIM4
1
21
22
SIM5
SIM1
SIM2
SIM3
SIM4
1
21
22
SIM5
SIM1
SIM2
SIM3
SIM4
1
21
22
SIM5
SIM1
SIM2
SIM3
SIM4
1
21
22
SIM5
SIM1
SIM2
SIM3
SIM4
1
21
22
SIM5
SIM1
SIM2
SIM3
SIM4
1
21
22
SIM5
SIM1
SIM2
SIM3
SIM4
1
21
22
SIM5
SIM1
SIM2
SIM3
SIM4
1
21
22
SIM5
SIM1
SIM2
SIM3
SIM4
1
21
22
SIM5
SIM1
SIM2
SIM3
SIM4
1
21
22
SIM5
SIM1
SIM2
SIM3
SIM4
1
21
22
SIM5
SIM1
SIM2
SIM3
SIM4
1
21
22
SIM5
SIM1
SIM2
SIM3
SIM4
1
21
22
SIM5
SIM1
SIM2
SIM3
SIM4
1
21
22
SIM5
SIM1
SIM2
SIM3
SIM4
1
21
22
SIM5
SIM1
SIM2
SIM3
SIM4
1
21
22
SIM5
SIM1
SIM2
SIM3
SIM4
1
21
22
SIM5
SIM1
SIM2
SIM3
SIM4
1
21
22
SIM5
SIM1
SIM2
SIM3
SIM4
1
21
22
SIM5
SIM1
SIM2
SIM3
SIM4
1
21
22
SIM5
SIM1
SIM2
SIM3
SIM4
1
21
22
SIM5
SIM1
SIM2
SIM3
SIM4
1
21
22
SIM5
SIM1
SIM2
SIM3
SIM4
1
21
22
SIM5
SIM1
SIM2
SIM3
SIM4
1
21
22
SIM5
SIM1
SIM2
SIM3
SIM4
1
21
22
SIM5
SIM1
SIM2
SIM3
SIM4
1
21
22
SIM5
SIM1
SIM2
SIM3
SIM4
1
21
22
SIM5
SIM1
SIM2
SIM3
SIM4
1
21
22
SIM5
SIM1
SIM2
SIM3
SIM4
1
21
22
SIM5
SIM1
SIM2
SIM3
SIM4
1
21
22
SIM5
SIM1
SIM2
SIM3
SIM4
1
21
22
SIM5
SIM1
SIM2
SIM3
SIM4
1
21
22
SIM5
SIM1
SIM2
SIM3
SIM4
1
21
22
SIM5
SIM1
SIM2
SIM3
SIM4
1
21
22
SIM5
SIM1
SIM2
SIM3
SIM4
1
21
22
SIM5
SIM1
SIM2
SIM3
SIM4
1
21
22
SIM5
SIM1
SIM2
SIM3
SIM4
1
21
22
SIM5
SIM1
SIM2
SIM3
SIM4
1
21
22
SIM5
SIM1
SIM2
SIM3
SIM4
1
21
22
SIM5
SIM1
SIM2
SIM3
SIM4
1
21
22
SIM5
SIM1
SIM2
SIM3
SIM4
1
21
22
SIM5
SIM1
SIM2
SIM3
SIM4
1
21
22
SIM5
SIM1
SIM2
SIM3
SIM4
1
21
22
SIM5
SIM1
SIM2
SIM3
SIM4
1
21
22
SIM5
SIM1
SIM2
SIM3
SIM4
1
21
22
SIM5
SIM1
SIM2
SIM3
SIM4
1
21
22
SIM5
SIM1
SIM2
SIM3
SIM4
1
21
22
SIM5
SIM1
SIM2
SIM3
SIM4
1
21
22
SIM5
SIM1
SIM2
SIM3
SIM4
1
21
22
SIM5
SIM1
SIM2
SIM3
SIM4
1
21
22
SIM5
SIM1
SIM2
SIM3
SIM4
1
21
22
SIM5
SIM1
SIM2
SIM3
SIM4
1
21
22
SIM5
SIM1
SIM2
SIM3
SIM4
1
21
22
SIM5
SIM1
SIM2
SIM3
SIM4
1
21
22
SIM5
SIM1
SIM2
SIM3
SIM4
1
21
22
SIM5
SIM1
SIM2
SIM3
SIM4
1
21
22
SIM5
SIM1
SIM2
SIM3
SIM4
1
21
22
SIM5
SIM1
SIM2
SIM3
SIM4
1
21
22
SIM5
SIM1
SIM2
SIM3
SIM4
1
21
22
SIM5
SIM1
SIM2
SIM3
SIM4
1
21
22
SIM5
SIM1
SIM2
SIM3
SIM4
1
21
22
SIM5
SIM1
SIM2
SIM3
SIM4
1
21
22
SIM5
SIM1
SIM2
SIM3
SIM4
1
21
22
SIM5
SIM1
SIM2
SIM3
SIM4
1
21
22
SIM5
SIM1
SIM2
SIM3
SIM4
1
21
22
SIM5
SIM1
SIM2
SIM3
SIM4
1
21
22
SIM5
SIM1
SIM2
SIM3
SIM4
1
21
22
SIM5
SIM1
SIM2
SIM3
SIM4
1
21
22
SIM5
SIM1
SIM2
SIM3
SIM4
1
21
22
SIM5
SIM1
SIM2
SIM3
SIM4
1
21
22
SIM5
SIM1
SIM2
SIM3
SIM4
1
21
22
SIM5
SIM1
SIM2
SIM3
SIM4
1
21
22
SIM5
SIM1
SIM2
SIM3
SIM4
1
21
22
SIM5
SIM1
SIM2
SIM3
SIM4
1
21
22
SIM5
SIM1
SIM2
SIM3
SIM4
1
21
22
SIM5
SIM1
SIM2
SIM3
SIM4
1
21
22
SIM5
SIM1
SIM2
SIM3
SIM4
1
21
22
SIM5
SIM1
SIM2
SIM3
SIM4
1
21
22
SIM5
SIM1
SIM2
SIM3
SIM4
1
21
22
SIM5
SIM1
SIM2
SIM3
SIM4
1
21
22
SIM5
SIM1
SIM2
SIM3
SIM4
1
21
22
SIM5
SIM1
SIM2
SIM3
SIM4
1
21
22
SIM5
SIM1
SIM2
SIM3
SIM4
1
21
22
SIM5
SIM1
SIM2
SIM3
SIM4
1
21
22
SIM5
SIM1
SIM2
SIM3
SIM4
1
21
22
SIM5
SIM1
SIM2
SIM3
SIM4
1
21
22
SIM5
SIM1
SIM2
SIM3
SIM4
1
21
22
SIM5
SIM1
SIM2
SIM3
SIM4
1
21
22
SIM5
SIM1
SIM2
SIM3
SIM4
1
21
22
SIM5
SIM1
SIM2
SIM3
SIM4
1
21
22
SIM5
SIM1
SIM2
SIM3
SIM4
1
21
22
SIM5
SIM1
SIM2
SIM3
SIM4
1
21
22
SIM5
SIM1
SIM2
SIM3
SIM4
1
21
22
SIM5
SIM1
SIM2
SIM3
SIM4
1
21
22
SIM5
SIM1
SIM2
SIM3
SIM4
1
21
22
SIM5
SIM1
SIM2
SIM3
SIM4
1
21
22
SIM5
SIM1
SIM2
SIM3
SIM4
1
21
22
SIM5
SIM1
SIM2
SIM3
SIM4
1
21
22
SIM5
SIM1
SIM2
SIM3
SIM4
1
21
22
SIM5
SIM1
SIM2
SIM3
SIM4
1
21
22
SIM5
SIM1
SIM2
SIM3
SIM4
1
21
22
SIM5
SIM1
SIM2
SIM3
SIM4
1
21
22
SIM5
SIM1
SIM2
SIM3
SIM4
1
21
22
SIM5
SIM1
SIM2
SIM3
SIM4
1
21
22
SIM5
SIM1
SIM2
SIM3
SIM4
1
21
22
SIM5
SIM1
SIM2
SIM3
SIM4
1
21
22
SIM5
SIM1
SIM2
SIM3
SIM4
1
21
22
SIM5
SIM1
SIM2
SIM3
SIM4
1
21
22
SIM5
SIM1
SIM2
SIM3
SIM4
1
21
22
SIM5
SIM1
SIM2
SIM3
SIM4
1
21
22
SIM5
SIM1
SIM2
SIM3
SIM4
1
21
22
SIM5
SIM1
SIM2
SIM3
SIM4
1
21
22
SIM5
SIM1
SIM2
SIM3
SIM4
1
21
22
SIM5
SIM1
SIM2
DEBUG 1 514
SIM1
SIM2
SIM3
SIM4
1
21
22
SIM5
SIM1
SIM2
SIM3
SIM4
1
21
22
SIM5
SIM1
SIM2
SIM3
SIM4
1
21
22
SIM5
SIM1
SIM2
SIM3
SIM4
1
21
22
SIM5
SIM1
SIM2
SIM3
SIM4
1
21
22
SIM5
SIM1
SIM2
SIM3
SIM4
1
21
22
SIM5
SIM1
SIM2
SIM3
SIM4
1
21
22
SIM5
SIM1
SIM2
SIM3
SIM4
1
21
22
SIM5
SIM1
SIM2
SIM3
SIM4
1
21
22
SIM5
SIM1
SIM2
SIM3
SIM4
1
21
22
SIM5
SIM1
SIM2
SIM3
SIM4
1
21
22
SIM5
SIM1
SIM2
SIM3
SIM4
1
21
22
SIM5
SIM1
SIM2
SIM3
SIM4
1
21
22
SIM5
SIM1
SIM2
SIM3
SIM4
1
21
22
SIM5
SIM1
SIM2
SIM3
SIM4
1
21
22
SIM5
SIM1
SIM2
SIM3
SIM4
1
21
22
SIM5
SIM1
SIM2
SIM3
SIM4
1
21
22
SIM5
SIM1
SIM2
SIM3
SIM4
1
21
22
SIM5
SIM1
SIM2
SIM3
SIM4
1
21
22
SIM5
SIM1
SIM2
SIM3
SIM4
1
21
22
SIM5
SIM1
SIM2
SIM3
SIM4
1
21
22
SIM5
SIM1
SIM2
SIM3
SIM4
1
21
22
SIM5
SIM1
SIM2
SIM3
SIM4
1
21
22
SIM5
SIM1
SIM2
SIM3
SIM4
1
21
22
SIM5
SIM1
SIM2
SIM3
SIM4
1
21
22
SIM5
SIM1
SIM2
SIM3
SIM4
1
21
22
SIM5
SIM1
SIM2
SIM3
SIM4
1
21
22
SIM5
SIM1
SIM2
SIM3
SIM4
1
21
22
SIM5
SIM1
SIM2
SIM3
SIM4
1
21
22
SIM5
SIM1
SIM2
SIM3
SIM4
1
21
22
SIM5
SIM1
SIM2
SIM3
SIM4
1
21
22
SIM5
SIM1
SIM2
SIM3
SIM4
1
21
22
SIM5
SIM1
SIM2
SIM3
SIM4
1
21
22
SIM5
SIM1
SIM2
SIM3
SIM4
1
21
22
SIM5
SIM1
SIM2
SIM3
SIM4
1
21
22
SIM5
SIM1
SIM2
SIM3
SIM4
1
21
22
SIM5
SIM1
SIM2
SIM3
SIM4
1
21
22
SIM5
SIM1
SIM2
SIM3
SIM4
1
21
22
SIM5
SIM1
SIM2
SIM3
SIM4
1
21
22
SIM5
SIM1
SIM2
SIM3
SIM4
1
21
22
SIM5
SIM1
SIM2
SIM3
SIM4
1
21
22
SIM5
SIM1
SIM2
SIM3
SIM4
1
21
22
SIM5
SIM1
SIM2
SIM3
SIM4
1
21
22
SIM5
SIM1
SIM2
SIM3
SIM4
1
21
22
SIM5
SIM1
SIM2
SIM3
SIM4
1
21
22
SIM5
SIM1
SIM2
SIM3
SIM4
1
21
22
SIM5
SIM1
SIM2
SIM3
SIM4
1
21
22
SIM5
SIM1
SIM2
SIM3
SIM4
1
21
22
SIM5
SIM1
SIM2
SIM3
SIM4
1
21
22
SIM5
SIM1
SIM2
SIM3
SIM4
1
21
22
SIM5
SIM1
SIM2
SIM3
SIM4
1
21
22
SIM5
SIM1
SIM2
SIM3
SIM4
1
21
22
SIM5
SIM1
SIM2
SIM3
SIM4
1
21
22
SIM5
SIM1
SIM2
SIM3
SIM4
1
21
22
SIM5
SIM1
SIM2
SIM3
SIM4
1
21
22
SIM5
SIM1
SIM2
SIM3
SIM4
1
21
22
SIM5
SIM1
SIM2
SIM3
SIM4
1
21
22
SIM5
SIM1
SIM2
SIM3
SIM4
1
21
22
SIM5
SIM1
SIM2
SIM3
SIM4
1
21
22
SIM5
SIM1
SIM2
SIM3
SIM4
1
21
22
SIM5
SIM1
SIM2
SIM3
SIM4
1
21
22
SIM5
SIM1
SIM2
SIM3
SIM4
1
21
22
SIM5
SIM1
SIM2
SIM3
SIM4
1
21
22
SIM5
SIM1
SIM2
SIM3
SIM4
1
21
22
SIM5
SIM1
SIM2
SIM3
SIM4
1
21
22
SIM5
SIM1
SIM2
SIM3
SIM4
1
21
22
SIM5
SIM1
SIM2
SIM3
SIM4
1
21
22
SIM5
SIM1
SIM2
SIM3
SIM4
1
21
22
SIM5
SIM1
SIM2
SIM3
SIM4
1
21
22
SIM5
SIM1
SIM2
SIM3
SIM4
1
21
22
SIM5
SIM1
SIM2
SIM3
SIM4
1
21
22
SIM5
SIM1
SIM2
SIM3
SIM4
1
21
22
SIM5
SIM1
SIM2
SIM3
SIM4
1
21
22
SIM5
SIM1
SIM2
SIM3
SIM4
1
21
22
SIM5
SIM1
SIM2
SIM3
SIM4
1
21
22
SIM5
SIM1
SIM2
SIM3
SIM4
1
21
22
SIM5
SIM1
SIM2
SIM3
SIM4
1
21
22
SIM5
SIM1
SIM2
SIM3
SIM4
1
21
22
SIM5
SIM1
SIM2
SIM3
SIM4
1
21
22
SIM5
SIM1
SIM2
SIM3
SIM4
1
21
22
SIM5
SIM1
SIM2
SIM3
SIM4
1
21
22
SIM5
SIM1
SIM2
SIM3
SIM4
1
21
22
SIM5
SIM1
SIM2
SIM3
SIM4
1
21
22
SIM5
SIM1
SIM2
SIM3
SIM4
1
21
22
SIM5
SIM1
SIM2
SIM3
SIM4
1
21
22
SIM5
SIM1
SIM2
SIM3
SIM4
1
21
22
SIM5
SIM1
SIM2
SIM3
SIM4
1
21
22
SIM5
SIM1
SIM2
SIM3
SIM4
1
21
22
SIM5
SIM1
SIM2
SIM3
SIM4
1
21
22
SIM5
SIM1
SIM2
SIM3
SIM4
1
21
22
SIM5
SIM1
SIM2
SIM3
SIM4
1
21
22
SIM5
SIM1
SIM2
SIM3
SIM4
1
21
22
SIM5
SIM1
SIM2
SIM3
SIM4
1
21
22
SIM5
SIM1
SIM2
SIM3
SIM4
1
21
22
SIM5
SIM1
SIM2
SIM3
SIM4
1
21
22
SIM5
SIM1
SIM2
SIM3
SIM4
1
21
22
SIM5
SIM1
SIM2
SIM3
SIM4
1
21
22
SIM5
SIM1
SIM2
SIM3
SIM4
1
21
22
SIM5
SIM1
SIM2
SIM3
SIM4
1
21
22
SIM5
SIM1
SIM2
SIM3
SIM4
1
21
22
SIM5
SIM1
SIM2
SIM3
SIM4
1
21
22
SIM5
SIM1
SIM2
SIM3
SIM4
1
21
22
SIM5
SIM1
SIM2
SIM3
SIM4
1
21
22
SIM5
SIM1
SIM2
SIM3
SIM4
1
21
22
SIM5
SIM1
SIM2
SIM3
SIM4
1
21
22
SIM5
SIM1
SIM2
SIM3
SIM4
1
21
22
SIM5
SIM1
SIM2
SIM3
SIM4
1
21
22
SIM5
SIM1
SIM2
SIM3
SIM4
1
21
22
SIM5
SIM1
SIM2
SIM3
SIM4
1
21
22
SIM5
SIM1
SIM2
SIM3
SIM4
1
21
22
SIM5
SIM1
SIM2
SIM3
SIM4
1
21
22
SIM5
SIM1
SIM2
SIM3
SIM4
1
21
22
SIM5
SIM1
SIM2
SIM3
SIM4
1
21
22
SIM5
SIM1
SIM2
SIM3
SIM4
1
21
22
SIM5
SIM1
SIM2
SIM3
SIM4
1
21
22
SIM5
SIM1
SIM2
SIM3
SIM4
1
21
22
SIM5
SIM1
SIM2
SIM3
SIM4
1
21
22
SIM5
SIM1
SIM2
SIM3
SIM4
1
21
22
SIM5
SIM1
SIM2
SIM3
SIM4
1
21
22
SIM5
SIM1
SIM2
SIM3
SIM4
1
21
22
SIM5
SIM1
SIM2
SIM3
SIM4
1
21
22
SIM5
SIM1
SIM2
SIM3
SIM4
1
21
22
SIM5
SIM1
SIM2
SIM3
SIM4
1
21
22
SIM5
SIM1
SIM2
SIM3
SIM4
1
21
22
SIM5
SIM1
SIM2
SIM3
SIM4
1
21
22
SIM5
SIM1
SIM2
SIM3
SIM4
1
21
22
SIM5
SIM1
SIM2
SIM3
SIM4
1
21
22
SIM5
SIM1
SIM2
SIM3
SIM4
1
21
22
SIM5
SIM1
SIM2
SIM3
SIM4
1
21
22
SIM5
SIM1
SIM2
SIM3
SIM4
1
21
22
SIM5
SIM1
SIM2
SIM3
SIM4
1
21
22
SIM5
SIM1
SIM2
SIM3
SIM4
1
21
22
SIM5
SIM1
SIM2
SIM3
SIM4
1
21
22
SIM5
SIM1
SIM2
SIM3
SIM4
1
21
22
SIM5
SIM1
SIM2
SIM3
SIM4
1
21
22
SIM5
SIM1
SIM2
SIM3
SIM4
1
21
22
SIM5
SIM1
SIM2
SIM3
SIM4
1
21
22
SIM5
SIM1
SIM2
SIM3
SIM4
1
21
22
SIM5
SIM1
SIM2
SIM3
SIM4
1
21
22
SIM5
SIM1
SIM2
SIM3
SIM4
1
21
22
SIM5
SIM1
SIM2
SIM3
SIM4
1
21
22
SIM5
SIM1
SIM2
SIM3
SIM4
1
21
22
SIM5
SIM1
SIM2
SIM3
SIM4
1
21
22
SIM5
SIM1
SIM2
SIM3
SIM4
1
21
22
SIM5
SIM1
SIM2
SIM3
SIM4
1
21
22
SIM5
SIM1
SIM2
SIM3
SIM4
1
21
22
SIM5
SIM1
SIM2
SIM3
SIM4
1
21
22
SIM5
SIM1
SIM2
SIM3
SIM4
1
21
22
SIM5
SIM1
SIM2
SIM3
SIM4
1
21
22
SIM5
SIM1
SIM2
SIM3
SIM4
1
21
22
SIM5
SIM1
SIM2
SIM3
SIM4
1
21
22
SIM5
SIM1
SIM2
SIM3
SIM4
1
21
22
SIM5
SIM1
SIM2
SIM3
SIM4
1
21
22
SIM5
SIM1
SIM2
SIM3
SIM4
1
21
22
SIM5
SIM1
SIM2
SIM3
SIM4
1
21
22
SIM5
SIM1
SIM2
SIM3
SIM4
1
21
22
SIM5
SIM1
SIM2
SIM3
SIM4
1
21
22
SIM5
SIM1
SIM2
SIM3
SIM4
1
21
22
SIM5
SIM1
SIM2
SIM3
SIM4
1
21
22
SIM5
SIM1
SIM2
SIM3
SIM4
1
21
22
SIM5
SIM1
SIM2
SIM3
SIM4
1
21
22
SIM5
SIM1
SIM2
DEBUG 1 515
SIM1
SIM2
SIM3
SIM4
1
21
22
SIM5
SIM1
SIM2
SIM3
SIM4
1
21
22
SIM5
SIM1
SIM2
SIM3
SIM4
1
21
22
SIM5
SIM1
SIM2
SIM3
SIM4
1
21
22
SIM5
SIM1
SIM2
SIM3
SIM4
1
21
22
SIM5
SIM1
SIM2
SIM3
SIM4
1
21
22
SIM5
SIM1
SIM2
SIM3
SIM4
1
21
22
SIM5
SIM1
SIM2
SIM3
SIM4
1
21
22
SIM5
SIM1
SIM2
SIM3
SIM4
1
21
22
SIM5
SIM1
SIM2
SIM3
SIM4
1
21
22
SIM5
SIM1
SIM2
SIM3
SIM4
1
21
22
SIM5
SIM1
SIM2
SIM3
SIM4
1
21
22
SIM5
SIM1
SIM2
SIM3
SIM4
1
21
22
SIM5
SIM1
SIM2
SIM3
SIM4
1
21
22
SIM5
SIM1
SIM2
SIM3
SIM4
1
21
22
SIM5
SIM1
SIM2
SIM3
SIM4
1
21
22
SIM5
SIM1
SIM2
SIM3
SIM4
1
21
22
SIM5
SIM1
SIM2
SIM3
SIM4
1
21
22
SIM5
SIM1
SIM2
SIM3
SIM4
1
21
22
SIM5
SIM1
SIM2
SIM3
SIM4
1
21
22
SIM5
SIM1
SIM2
SIM3
SIM4
1
21
22
SIM5
SIM1
SIM2
SIM3
SIM4
1
21
22
SIM5
SIM1
SIM2
SIM3
SIM4
1
21
22
SIM5
SIM1
SIM2
SIM3
SIM4
1
21
22
SIM5
SIM1
SIM2
SIM3
SIM4
1
21
22
SIM5
SIM1
SIM2
SIM3
SIM4
1
21
22
SIM5
SIM1
SIM2
SIM3
SIM4
1
21
22
SIM5
SIM1
SIM2
SIM3
SIM4
1
21
22
SIM5
SIM1
SIM2
SIM3
SIM4
1
21
22
SIM5
SIM1
SIM2
SIM3
SIM4
1
21
22
SIM5
SIM1
SIM2
SIM3
SIM4
1
21
22
SIM5
SIM1
SIM2
SIM3
SIM4
1
21
22
SIM5
SIM1
SIM2
SIM3
SIM4
1
21
22
SIM5
SIM1
SIM2
SIM3
SIM4
1
21
22
SIM5
SIM1
SIM2
SIM3
SIM4
1
21
22
SIM5
SIM1
SIM2
SIM3
SIM4
1
21
22
SIM5
SIM1
SIM2
SIM3
SIM4
1
21
22
SIM5
SIM1
SIM2
SIM3
SIM4
1
21
22
SIM5
SIM1
SIM2
SIM3
SIM4
1
21
22
SIM5
SIM1
SIM2
SIM3
SIM4
1
21
22
SIM5
SIM1
SIM2
SIM3
SIM4
1
21
22
SIM5
SIM1
SIM2
SIM3
SIM4
1
21
22
SIM5
SIM1
SIM2
SIM3
SIM4
1
21
22
SIM5
SIM1
SIM2
SIM3
SIM4
1
21
22
SIM5
SIM1
SIM2
SIM3
SIM4
1
21
22
SIM5
SIM1
SIM2
SIM3
SIM4
1
21
22
SIM5
SIM1
SIM2
SIM3
SIM4
1
21
22
SIM5
SIM1
SIM2
SIM3
SIM4
1
21
22
SIM5
SIM1
SIM2
SIM3
SIM4
1
21
22
SIM5
SIM1
SIM2
SIM3
SIM4
1
21
22
SIM5
SIM1
SIM2
SIM3
SIM4
1
21
22
SIM5
SIM1
SIM2
SIM3
SIM4
1
21
22
SIM5
SIM1
SIM2
SIM3
SIM4
1
21
22
SIM5
SIM1
SIM2
SIM3
SIM4
1
21
22
SIM5
SIM1
SIM2
SIM3
SIM4
1
21
22
SIM5
SIM1
SIM2
SIM3
SIM4
1
21
22
SIM5
SIM1
SIM2
SIM3
SIM4
1
21
22
SIM5
SIM1
SIM2
SIM3
SIM4
1
21
22
SIM5
SIM1
SIM2
SIM3
SIM4
1
21
22
SIM5
SIM1
SIM2
SIM3
SIM4
1
21
22
SIM5
SIM1
SIM2
SIM3
SIM4
1
21
22
SIM5
SIM1
SIM2
SIM3
SIM4
1
21
22
SIM5
SIM1
SIM2
SIM3
SIM4
1
21
22
SIM5
SIM1
SIM2
SIM3
SIM4
1
21
22
SIM5
SIM1
SIM2
SIM3
SIM4
1
21
22
SIM5
SIM1
SIM2
SIM3
SIM4
1
21
22
SIM5
SIM1
SIM2
SIM3
SIM4
1
21
22
SIM5
SIM1
SIM2
SIM3
SIM4
1
21
22
SIM5
SIM1
SIM2
SIM3
SIM4
1
21
22
SIM5
SIM1
SIM2
SIM3
SIM4
1
21
22
SIM5
SIM1
SIM2
SIM3
SIM4
1
21
22
SIM5
SIM1
SIM2
SIM3
SIM4
1
21
22
SIM5
SIM1
SIM2
SIM3
SIM4
1
21
22
SIM5
SIM1
SIM2
SIM3
SIM4
1
21
22
SIM5
SIM1
SIM2
SIM3
SIM4
1
21
22
SIM5
SIM1
SIM2
SIM3
SIM4
1
21
22
SIM5
SIM1
SIM2
SIM3
SIM4
1
21
22
SIM5
SIM1
SIM2
SIM3
SIM4
1
21
22
SIM5
SIM1
SIM2
SIM3
SIM4
1
21
22
SIM5
SIM1
SIM2
SIM3
SIM4
1
21
22
SIM5
SIM1
SIM2
SIM3
SIM4
1
21
22
SIM5
SIM1
SIM2
SIM3
SIM4
1
21
22
SIM5
SIM1
SIM2
SIM3
SIM4
1
21
22
SIM5
SIM1
SIM2
SIM3
SIM4
1
21
22
SIM5
SIM1
SIM2
SIM3
SIM4
1
21
22
SIM5
SIM1
SIM2
SIM3
SIM4
1
21
22
SIM5
SIM1
SIM2
SIM3
SIM4
1
21
22
SIM5
SIM1
SIM2
SIM3
SIM4
1
21
22
SIM5
SIM1
SIM2
SIM3
SIM4
1
21
22
SIM5
SIM1
SIM2
SIM3
SIM4
1
21
22
SIM5
SIM1
SIM2
SIM3
SIM4
1
21
22
SIM5
SIM1
SIM2
SIM3
SIM4
1
21
22
SIM5
SIM1
SIM2
SIM3
SIM4
1
21
22
SIM5
SIM1
SIM2
SIM3
SIM4
1
21
22
SIM5
SIM1
SIM2
SIM3
SIM4
1
21
22
SIM5
SIM1
SIM2
SIM3
SIM4
1
21
22
SIM5
SIM1
SIM2
SIM3
SIM4
1
21
22
SIM5
SIM1
SIM2
SIM3
SIM4
1
21
22
SIM5
SIM1
SIM2
SIM3
SIM4
1
21
22
SIM5
SIM1
SIM2
SIM3
SIM4
1
21
22
SIM5
SIM1
SIM2
SIM3
SIM4
1
21
22
SIM5
SIM1
SIM2
SIM3
SIM4
1
21
22
SIM5
SIM1
SIM2
SIM3
SIM4
1
21
22
SIM5
SIM1
SIM2
SIM3
SIM4
1
21
22
SIM5
SIM1
SIM2
SIM3
SIM4
1
21
22
SIM5
SIM1
SIM2
SIM3
SIM4
1
21
22
SIM5
SIM1
SIM2
SIM3
SIM4
1
21
22
SIM5
SIM1
SIM2
SIM3
SIM4
1
21
22
SIM5
SIM1
SIM2
SIM3
SIM4
1
21
22
SIM5
SIM1
SIM2
DEBUG 1 516
SIM1
SIM2
SIM3
SIM4
1
21
22
SIM5
SIM1
SIM2
SIM3
SIM4
1
21
22
SIM5
SIM1
SIM2
SIM3
SIM4
1
21
22
SIM5
SIM1
SIM2
SIM3
SIM4
1
21
22
SIM5
SIM1
SIM2
SIM3
SIM4
1
21
22
SIM5
SIM1
SIM2
SIM3
SIM4
1
21
22
SIM5
SIM1
SIM2
SIM3
SIM4
1
21
22
SIM5
SIM1
SIM2
SIM3
SIM4
1
21
22
SIM5
SIM1
SIM2
SIM3
SIM4
1
21
22
SIM5
SIM1
SIM2
SIM3
SIM4
1
21
22
SIM5
SIM1
SIM2
SIM3
SIM4
1
21
22
SIM5
SIM1
SIM2
SIM3
SIM4
1
21
22
SIM5
SIM1
SIM2
SIM3
SIM4
1
21
22
SIM5
SIM1
SIM2
SIM3
SIM4
1
21
22
SIM5
SIM1
SIM2
SIM3
SIM4
1
21
22
SIM5
SIM1
SIM2
SIM3
SIM4
1
21
22
SIM5
SIM1
SIM2
SIM3
SIM4
1
21
22
SIM5
SIM1
SIM2
SIM3
SIM4
1
21
22
SIM5
SIM1
SIM2
SIM3
SIM4
1
21
22
SIM5
SIM1
SIM2
SIM3
SIM4
1
21
22
SIM5
SIM1
SIM2
SIM3
SIM4
1
21
22
SIM5
SIM1
SIM2
SIM3
SIM4
1
21
22
SIM5
SIM1
SIM2
SIM3
SIM4
1
21
22
SIM5
SIM1
SIM2
SIM3
SIM4
1
21
22
SIM5
SIM1
SIM2
SIM3
SIM4
1
21
22
SIM5
SIM1
SIM2
SIM3
SIM4
1
21
22
SIM5
SIM1
SIM2
SIM3
SIM4
1
21
22
SIM5
SIM1
SIM2
SIM3
SIM4
1
21
22
SIM5
SIM1
SIM2
SIM3
SIM4
1
21
22
SIM5
SIM1
SIM2
SIM3
SIM4
1
21
22
SIM5
SIM1
SIM2
SIM3
SIM4
1
21
22
SIM5
SIM1
SIM2
SIM3
SIM4
1
21
22
SIM5
SIM1
SIM2
SIM3
SIM4
1
21
22
SIM5
SIM1
SIM2
SIM3
SIM4
1
21
22
SIM5
SIM1
SIM2
SIM3
SIM4
1
21
22
SIM5
SIM1
SIM2
SIM3
SIM4
1
21
22
SIM5
SIM1
SIM2
SIM3
SIM4
1
21
22
SIM5
SIM1
SIM2
SIM3
SIM4
1
21
22
SIM5
SIM1
SIM2
SIM3
SIM4
1
21
22
SIM5
SIM1
SIM2
SIM3
SIM4
1
21
22
SIM5
SIM1
SIM2
SIM3
SIM4
1
21
22
SIM5
SIM1
SIM2
SIM3
SIM4
1
21
22
SIM5
SIM1
SIM2
SIM3
SIM4
1
21
22
SIM5
SIM1
SIM2
SIM3
SIM4
1
21
22
SIM5
SIM1
SIM2
SIM3
SIM4
1
21
22
SIM5
SIM1
SIM2
SIM3
SIM4
1
21
22
SIM5
SIM1
SIM2
SIM3
SIM4
1
21
22
SIM5
SIM1
SIM2
SIM3
SIM4
1
21
22
SIM5
SIM1
SIM2
SIM3
SIM4
1
21
22
SIM5
SIM1
SIM2
SIM3
SIM4
1
21
22
SIM5
SIM1
SIM2
SIM3
SIM4
1
21
22
SIM5
SIM1
SIM2
SIM3
SIM4
1
21
22
SIM5
SIM1
SIM2
SIM3
SIM4
1
21
22
SIM5
SIM1
SIM2
SIM3
SIM4
1
21
22
SIM5
SIM1
SIM2
SIM3
SIM4
1
21
22
SIM5
SIM1
SIM2
SIM3
SIM4
1
21
22
SIM5
SIM1
SIM2
SIM3
SIM4
1
21
22
SIM5
SIM1
SIM2
SIM3
SIM4
1
21
22
SIM5
SIM1
SIM2
SIM3
SIM4
1
21
22
SIM5
SIM1
SIM2
SIM3
SIM4
1
21
22
SIM5
SIM1
SIM2
SIM3
SIM4
1
21
22
SIM5
SIM1
SIM2
SIM3
SIM4
1
21
22
SIM5
SIM1
SIM2
SIM3
SIM4
1
21
22
SIM5
SIM1
SIM2
SIM3
SIM4
1
21
22
SIM5
SIM1
SIM2
SIM3
SIM4
1
21
22
SIM5
SIM1
SIM2
SIM3
SIM4
1
21
22
SIM5
SIM1
SIM2
SIM3
SIM4
1
21
22
SIM5
SIM1
SIM2
SIM3
SIM4
1
21
22
SIM5
SIM1
SIM2
SIM3
SIM4
1
21
22
SIM5
SIM1
SIM2
SIM3
SIM4
1
21
22
SIM5
SIM1
SIM2
SIM3
SIM4
1
21
22
SIM5
SIM1
SIM2
SIM3
SIM4
1
21
22
SIM5
SIM1
SIM2
SIM3
SIM4
1
21
22
SIM5
SIM1
SIM2
SIM3
SIM4
1
21
22
SIM5
SIM1
SIM2
SIM3
SIM4
1
21
22
SIM5
SIM1
SIM2
SIM3
SIM4
1
21
22
SIM5
SIM1
SIM2
SIM3
SIM4
1
21
22
SIM5
SIM1
SIM2
SIM3
SIM4
1
21
22
SIM5
SIM1
SIM2
SIM3
SIM4
1
21
22
SIM5
SIM1
SIM2
SIM3
SIM4
1
21
22
SIM5
SIM1
SIM2
SIM3
SIM4
1
21
22
SIM5
SIM1
SIM2
SIM3
SIM4
1
21
22
SIM5
SIM1
SIM2
SIM3
SIM4
1
21
22
SIM5
SIM1
SIM2
SIM3
SIM4
1
21
22
SIM5
SIM1
SIM2
SIM3
SIM4
1
21
22
SIM5
SIM1
SIM2
SIM3
SIM4
1
21
22
SIM5
SIM1
SIM2
SIM3
SIM4
1
21
22
SIM5
SIM1
SIM2
SIM3
SIM4
1
21
22
SIM5
SIM1
SIM2
SIM3
SIM4
1
21
22
SIM5
SIM1
SIM2
SIM3
SIM4
1
21
22
SIM5
SIM1
SIM2
SIM3
SIM4
1
21
22
SIM5
SIM1
SIM2
SIM3
SIM4
1
21
22
SIM5
SIM1
SIM2
SIM3
SIM4
1
21
22
SIM5
SIM1
SIM2
SIM3
SIM4
1
21
22
SIM5
SIM1
SIM2
SIM3
SIM4
1
21
22
SIM5
SIM1
SIM2
SIM3
SIM4
1
21
22
SIM5
SIM1
SIM2
SIM3
SIM4
1
21
22
SIM5
SIM1
SIM2
SIM3
SIM4
1
21
22
SIM5
SIM1
SIM2
SIM3
SIM4
1
21
22
SIM5
SIM1
SIM2
SIM3
SIM4
1
21
22
SIM5
SIM1
SIM2
SIM3
SIM4
1
21
22
SIM5
SIM1
SIM2
SIM3
SIM4
1
21
22
SIM5
SIM1
SIM2
SIM3
SIM4
1
21
22
SIM5
SIM1
SIM2
SIM3
SIM4
1
21
22
SIM5
SIM1
SIM2
SIM3
SIM4
1
21
22
SIM5
SIM1
SIM2
SIM3
SIM4
1
21
22
SIM5
SIM1
SIM2
SIM3
SIM4
1
21
22
SIM5
SIM1
SIM2
SIM3
SIM4
1
21
22
SIM5
SIM1
SIM2
SIM3
SIM4
1
21
22
SIM5
SIM1
SIM2
SIM3
SIM4
1
21
22
SIM5
SIM1
SIM2
SIM3
SIM4
1
21
22
SIM5
SIM1
SIM2
SIM3
SIM4
1
21
22
SIM5
SIM1
SIM2
SIM3
SIM4
1
21
22
SIM5
SIM1
SIM2
SIM3
SIM4
1
21
22
SIM5
SIM1
SIM2
DEBUG 1 517
SIM1
SIM2
SIM3
SIM4
1
21
22
SIM5
SIM1
SIM2
SIM3
SIM4
1
21
22
SIM5
SIM1
SIM2
SIM3
SIM4
1
21
22
SIM5
SIM1
SIM2
SIM3
SIM4
1
21
22
SIM5
SIM1
SIM2
SIM3
SIM4
1
21
22
SIM5
SIM1
SIM2
SIM3
SIM4
1
21
22
SIM5
SIM1
SIM2
SIM3
SIM4
1
21
22
SIM5
SIM1
SIM2
SIM3
SIM4
1
21
22
SIM5
SIM1
SIM2
SIM3
SIM4
1
21
22
SIM5
SIM1
SIM2
SIM3
SIM4
1
21
22
SIM5
SIM1
SIM2
SIM3
SIM4
1
21
22
SIM5
SIM1
SIM2
SIM3
SIM4
1
21
22
SIM5
SIM1
SIM2
SIM3
SIM4
1
21
22
SIM5
SIM1
SIM2
SIM3
SIM4
1
21
22
SIM5
SIM1
SIM2
SIM3
SIM4
1
21
22
SIM5
SIM1
SIM2
SIM3
SIM4
1
21
22
SIM5
SIM1
SIM2
SIM3
SIM4
1
21
22
SIM5
SIM1
SIM2
SIM3
SIM4
1
21
22
SIM5
SIM1
SIM2
SIM3
SIM4
1
21
22
SIM5
SIM1
SIM2
SIM3
SIM4
1
21
22
SIM5
SIM1
SIM2
SIM3
SIM4
1
21
22
SIM5
SIM1
SIM2
SIM3
SIM4
1
21
22
SIM5
SIM1
SIM2
SIM3
SIM4
1
21
22
SIM5
SIM1
SIM2
SIM3
SIM4
1
21
22
SIM5
SIM1
SIM2
SIM3
SIM4
1
21
22
SIM5
SIM1
SIM2
SIM3
SIM4
1
21
22
SIM5
SIM1
SIM2
SIM3
SIM4
1
21
22
SIM5
SIM1
SIM2
SIM3
SIM4
1
21
22
SIM5
SIM1
SIM2
SIM3
SIM4
1
21
22
SIM5
SIM1
SIM2
SIM3
SIM4
1
21
22
SIM5
SIM1
SIM2
SIM3
SIM4
1
21
22
SIM5
SIM1
SIM2
SIM3
SIM4
1
21
22
SIM5
SIM1
SIM2
SIM3
SIM4
1
21
22
SIM5
SIM1
SIM2
SIM3
SIM4
1
21
22
SIM5
SIM1
SIM2
SIM3
SIM4
1
21
22
SIM5
SIM1
SIM2
SIM3
SIM4
1
21
22
SIM5
SIM1
SIM2
SIM3
SIM4
1
21
22
SIM5
SIM1
SIM2
SIM3
SIM4
1
21
22
SIM5
SIM1
SIM2
SIM3
SIM4
1
21
22
SIM5
SIM1
SIM2
SIM3
SIM4
1
21
22
SIM5
SIM1
SIM2
SIM3
SIM4
1
21
22
SIM5
SIM1
SIM2
SIM3
SIM4
1
21
22
SIM5
SIM1
SIM2
SIM3
SIM4
1
21
22
SIM5
SIM1
SIM2
SIM3
SIM4
1
21
22
SIM5
SIM1
SIM2
SIM3
SIM4
1
21
22
SIM5
SIM1
SIM2
SIM3
SIM4
1
21
22
SIM5
SIM1
SIM2
SIM3
SIM4
1
21
22
SIM5
SIM1
SIM2
SIM3
SIM4
1
21
22
SIM5
SIM1
SIM2
SIM3
SIM4
1
21
22
SIM5
SIM1
SIM2
SIM3
SIM4
1
21
22
SIM5
SIM1
SIM2
SIM3
SIM4
1
21
22
SIM5
SIM1
SIM2
SIM3
SIM4
1
21
22
SIM5
SIM1
SIM2
SIM3
SIM4
1
21
22
SIM5
SIM1
SIM2
SIM3
SIM4
1
21
22
SIM5
SIM1
SIM2
SIM3
SIM4
1
21
22
SIM5
SIM1
SIM2
SIM3
SIM4
1
21
22
SIM5
SIM1
SIM2
SIM3
SIM4
1
21
22
SIM5
SIM1
SIM2
SIM3
SIM4
1
21
22
SIM5
SIM1
SIM2
SIM3
SIM4
1
21
22
SIM5
SIM1
SIM2
SIM3
SIM4
1
21
22
SIM5
SIM1
SIM2
SIM3
SIM4
1
21
22
SIM5
SIM1
SIM2
SIM3
SIM4
1
21
22
SIM5
SIM1
SIM2
SIM3
SIM4
1
21
22
SIM5
SIM1
SIM2
SIM3
SIM4
1
21
22
SIM5
SIM1
SIM2
SIM3
SIM4
1
21
22
SIM5
SIM1
SIM2
SIM3
SIM4
1
21
22
SIM5
SIM1
SIM2
SIM3
SIM4
1
21
22
SIM5
SIM1
SIM2
SIM3
SIM4
1
21
22
SIM5
SIM1
SIM2
SIM3
SIM4
1
21
22
SIM5
SIM1
SIM2
SIM3
SIM4
1
21
22
SIM5
SIM1
SIM2
SIM3
SIM4
1
21
22
SIM5
SIM1
SIM2
SIM3
SIM4
1
21
22
SIM5
SIM1
SIM2
SIM3
SIM4
1
21
22
SIM5
SIM1
SIM2
SIM3
SIM4
1
21
22
SIM5
SIM1
SIM2
SIM3
SIM4
1
21
22
SIM5
SIM1
SIM2
SIM3
SIM4
1
21
22
SIM5
SIM1
SIM2
SIM3
SIM4
1
21
22
SIM5
SIM1
SIM2
SIM3
SIM4
1
21
22
SIM5
SIM1
SIM2
SIM3
SIM4
1
21
22
SIM5
SIM1
SIM2
SIM3
SIM4
1
21
22
SIM5
SIM1
SIM2
SIM3
SIM4
1
21
22
SIM5
SIM1
SIM2
SIM3
SIM4
1
21
22
SIM5
SIM1
SIM2
SIM3
SIM4
1
21
22
SIM5
SIM1
SIM2
SIM3
SIM4
1
21
22
SIM5
SIM1
SIM2
SIM3
SIM4
1
21
22
SIM5
SIM1
SIM2
SIM3
SIM4
1
21
22
SIM5
SIM1
SIM2
SIM3
SIM4
1
21
22
SIM5
SIM1
SIM2
SIM3
SIM4
1
21
22
SIM5
SIM1
SIM2
SIM3
SIM4
1
21
22
SIM5
SIM1
SIM2
SIM3
SIM4
1
21
22
SIM5
SIM1
SIM2
SIM3
SIM4
1
21
22
SIM5
SIM1
SIM2
SIM3
SIM4
1
21
22
SIM5
SIM1
SIM2
SIM3
SIM4
1
21
22
SIM5
SIM1
SIM2
SIM3
SIM4
1
21
22
SIM5
SIM1
SIM2
SIM3
SIM4
1
21
22
SIM5
SIM1
SIM2
SIM3
SIM4
1
21
22
SIM5
SIM1
SIM2
SIM3
SIM4
1
21
22
SIM5
SIM1
SIM2
SIM3
SIM4
1
21
22
SIM5
SIM1
SIM2
SIM3
SIM4
1
21
22
SIM5
SIM1
SIM2
SIM3
SIM4
1
21
22
SIM5
SIM1
SIM2
SIM3
SIM4
1
21
22
SIM5
SIM1
SIM2
SIM3
SIM4
1
21
22
SIM5
SIM1
SIM2
SIM3
SIM4
1
21
22
SIM5
SIM1
SIM2
SIM3
SIM4
1
21
22
SIM5
SIM1
SIM2
SIM3
SIM4
1
21
22
SIM5
SIM1
SIM2
SIM3
SIM4
1
21
22
SIM5
SIM1
SIM2
SIM3
SIM4
1
21
22
SIM5
SIM1
SIM2
SIM3
SIM4
1
21
22
SIM5
SIM1
SIM2
SIM3
SIM4
1
21
22
SIM5
SIM1
SIM2
SIM3
SIM4
1
21
22
SIM5
SIM1
SIM2
SIM3
SIM4
1
21
22
SIM5
SIM1
SIM2
SIM3
SIM4
1
21
22
SIM5
SIM1
SIM2
SIM3
SIM4
1
21
22
SIM5
SIM1
SIM2
SIM3
SIM4
1
21
22
SIM5
SIM1
SIM2
SIM3
SIM4
1
21
22
SIM5
SIM1
SIM2
SIM3
SIM4
1
21
22
SIM5
SIM1
SIM2
SIM3
SIM4
1
21
22
SIM5
SIM1
SIM2
SIM3
SIM4
1
21
22
SIM5
SIM1
SIM2
SIM3
SIM4
1
21
22
SIM5
SIM1
SIM2
SIM3
SIM4
1
21
22
SIM5
SIM1
SIM2
SIM3
SIM4
1
21
22
SIM5
SIM1
SIM2
SIM3
SIM4
1
21
22
SIM5
SIM1
SIM2
SIM3
SIM4
1
21
22
SIM5
SIM1
SIM2
SIM3
SIM4
1
21
22
SIM5
SIM1
SIM2
SIM3
SIM4
1
21
22
SIM5
SIM1
SIM2
SIM3
SIM4
1
21
22
SIM5
SIM1
SIM2
SIM3
SIM4
1
21
22
SIM5
SIM1
SIM2
SIM3
SIM4
1
21
22
SIM5
SIM1
SIM2
SIM3
SIM4
1
21
22
SIM5
SIM1
SIM2
SIM3
SIM4
1
21
22
SIM5
SIM1
SIM2
SIM3
SIM4
1
21
22
SIM5
SIM1
SIM2
SIM3
SIM4
1
21
22
SIM5
SIM1
SIM2
SIM3
SIM4
1
21
22
SIM5
SIM1
SIM2
SIM3
SIM4
1
21
22
SIM5
SIM1
SIM2
SIM3
SIM4
1
21
22
SIM5
SIM1
SIM2
SIM3
SIM4
1
21
22
SIM5
SIM1
SIM2
SIM3
SIM4
1
21
22
SIM5
SIM1
SIM2
SIM3
SIM4
1
21
22
SIM5
SIM1
SIM2
SIM3
SIM4
1
21
22
SIM5
SIM1
SIM2
SIM3
SIM4
1
21
22
SIM5
SIM1
SIM2
SIM3
SIM4
1
21
22
SIM5
SIM1
SIM2
SIM3
SIM4
1
21
22
SIM5
SIM1
SIM2
SIM3
SIM4
1
21
22
SIM5
SIM1
SIM2
SIM3
SIM4
1
21
22
SIM5
SIM1
SIM2
SIM3
SIM4
1
21
22
SIM5
SIM1
SIM2
SIM3
SIM4
1
21
22
SIM5
SIM1
SIM2
SIM3
SIM4
1
21
22
SIM5
SIM1
SIM2
DEBUG 1 518
SIM1
SIM2
SIM3
SIM4
1
21
22
SIM5
SIM1
SIM2
SIM3
SIM4
1
21
22
SIM5
SIM1
SIM2
SIM3
SIM4
1
21
22
SIM5
SIM1
SIM2
SIM3
SIM4
1
21
22
SIM5
SIM1
SIM2
SIM3
SIM4
1
21
22
SIM5
SIM1
SIM2
SIM3
SIM4
1
21
22
SIM5
SIM1
SIM2
SIM3
SIM4
1
21
22
SIM5
SIM1
SIM2
SIM3
SIM4
1
21
22
SIM5
SIM1
SIM2
SIM3
SIM4
1
21
22
SIM5
SIM1
SIM2
SIM3
SIM4
1
21
22
SIM5
SIM1
SIM2
SIM3
SIM4
1
21
22
SIM5
SIM1
SIM2
SIM3
SIM4
1
21
22
SIM5
SIM1
SIM2
SIM3
SIM4
1
21
22
SIM5
SIM1
SIM2
SIM3
SIM4
1
21
22
SIM5
SIM1
SIM2
SIM3
SIM4
1
21
22
SIM5
SIM1
SIM2
SIM3
SIM4
1
21
22
SIM5
SIM1
SIM2
SIM3
SIM4
1
21
22
SIM5
SIM1
SIM2
SIM3
SIM4
1
21
22
SIM5
SIM1
SIM2
SIM3
SIM4
1
21
22
SIM5
SIM1
SIM2
SIM3
SIM4
1
21
22
SIM5
SIM1
SIM2
SIM3
SIM4
1
21
22
SIM5
SIM1
SIM2
SIM3
SIM4
1
21
22
SIM5
SIM1
SIM2
SIM3
SIM4
1
21
22
SIM5
SIM1
SIM2
SIM3
SIM4
1
21
22
SIM5
SIM1
SIM2
SIM3
SIM4
1
21
22
SIM5
SIM1
SIM2
SIM3
SIM4
1
21
22
SIM5
SIM1
SIM2
SIM3
SIM4
1
21
22
SIM5
SIM1
SIM2
SIM3
SIM4
1
21
22
SIM5
SIM1
SIM2
SIM3
SIM4
1
21
22
SIM5
SIM1
SIM2
SIM3
SIM4
1
21
22
SIM5
SIM1
SIM2
SIM3
SIM4
1
21
22
SIM5
SIM1
SIM2
SIM3
SIM4
1
21
22
SIM5
SIM1
SIM2
SIM3
SIM4
1
21
22
SIM5
SIM1
SIM2
SIM3
SIM4
1
21
22
SIM5
SIM1
SIM2
SIM3
SIM4
1
21
22
SIM5
SIM1
SIM2
SIM3
SIM4
1
21
22
SIM5
SIM1
SIM2
SIM3
SIM4
1
21
22
SIM5
SIM1
SIM2
SIM3
SIM4
1
21
22
SIM5
SIM1
SIM2
SIM3
SIM4
1
21
22
SIM5
SIM1
SIM2
SIM3
SIM4
1
21
22
SIM5
SIM1
SIM2
SIM3
SIM4
1
21
22
SIM5
SIM1
SIM2
SIM3
SIM4
1
21
22
SIM5
SIM1
SIM2
SIM3
SIM4
1
21
22
SIM5
SIM1
SIM2
SIM3
SIM4
1
21
22
SIM5
SIM1
SIM2
SIM3
SIM4
1
21
22
SIM5
SIM1
SIM2
SIM3
SIM4
1
21
22
SIM5
SIM1
SIM2
SIM3
SIM4
1
21
22
SIM5
SIM1
SIM2
SIM3
SIM4
1
21
22
SIM5
SIM1
SIM2
SIM3
SIM4
1
21
22
SIM5
SIM1
SIM2
SIM3
SIM4
1
21
22
SIM5
SIM1
SIM2
SIM3
SIM4
1
21
22
SIM5
SIM1
SIM2
SIM3
SIM4
1
21
22
SIM5
SIM1
SIM2
SIM3
SIM4
1
21
22
SIM5
SIM1
SIM2
SIM3
SIM4
1
21
22
SIM5
SIM1
SIM2
SIM3
SIM4
1
21
22
SIM5
SIM1
SIM2
SIM3
SIM4
1
21
22
SIM5
SIM1
SIM2
SIM3
SIM4
1
21
22
SIM5
SIM1
SIM2
SIM3
SIM4
1
21
22
SIM5
SIM1
SIM2
SIM3
SIM4
1
21
22
SIM5
SIM1
SIM2
SIM3
SIM4
1
21
22
SIM5
SIM1
SIM2
SIM3
SIM4
1
21
22
SIM5
SIM1
SIM2
SIM3
SIM4
1
21
22
SIM5
SIM1
SIM2
SIM3
SIM4
1
21
22
SIM5
SIM1
SIM2
SIM3
SIM4
1
21
22
SIM5
SIM1
SIM2
SIM3
SIM4
1
21
22
SIM5
SIM1
SIM2
SIM3
SIM4
1
21
22
SIM5
SIM1
SIM2
SIM3
SIM4
1
21
22
SIM5
SIM1
SIM2
SIM3
SIM4
1
21
22
SIM5
SIM1
SIM2
SIM3
SIM4
1
21
22
SIM5
SIM1
SIM2
SIM3
SIM4
1
21
22
SIM5
SIM1
SIM2
SIM3
SIM4
1
21
22
SIM5
SIM1
SIM2
SIM3
SIM4
1
21
22
SIM5
SIM1
SIM2
SIM3
SIM4
1
21
22
SIM5
SIM1
SIM2
SIM3
SIM4
1
21
22
SIM5
SIM1
SIM2
SIM3
SIM4
1
21
22
SIM5
SIM1
SIM2
SIM3
SIM4
1
21
22
SIM5
SIM1
SIM2
SIM3
SIM4
1
21
22
SIM5
SIM1
SIM2
SIM3
SIM4
1
21
22
SIM5
SIM1
SIM2
SIM3
SIM4
1
21
22
SIM5
SIM1
SIM2
SIM3
SIM4
1
21
22
SIM5
SIM1
SIM2
SIM3
SIM4
1
21
22
SIM5
SIM1
SIM2
SIM3
SIM4
1
21
22
SIM5
SIM1
SIM2
SIM3
SIM4
1
21
22
SIM5
SIM1
SIM2
SIM3
SIM4
1
21
22
SIM5
SIM1
SIM2
SIM3
SIM4
1
21
22
SIM5
SIM1
SIM2
SIM3
SIM4
1
21
22
SIM5
SIM1
SIM2
SIM3
SIM4
1
21
22
SIM5
SIM1
SIM2
SIM3
SIM4
1
21
22
SIM5
SIM1
SIM2
SIM3
SIM4
1
21
22
SIM5
SIM1
SIM2
SIM3
SIM4
1
21
22
SIM5
SIM1
SIM2
SIM3
SIM4
1
21
22
SIM5
SIM1
SIM2
SIM3
SIM4
1
21
22
SIM5
SIM1
SIM2
SIM3
SIM4
1
21
22
SIM5
SIM1
SIM2
SIM3
SIM4
1
21
22
SIM5
SIM1
SIM2
SIM3
SIM4
1
21
22
SIM5
SIM1
SIM2
SIM3
SIM4
1
21
22
SIM5
SIM1
SIM2
SIM3
SIM4
1
21
22
SIM5
SIM1
SIM2
SIM3
SIM4
1
21
22
SIM5
SIM1
SIM2
SIM3
SIM4
1
21
22
SIM5
SIM1
SIM2
SIM3
SIM4
1
21
22
SIM5
SIM1
SIM2
SIM3
SIM4
1
21
22
SIM5
SIM1
SIM2
SIM3
SIM4
1
21
22
SIM5
SIM1
SIM2
SIM3
SIM4
1
21
22
SIM5
SIM1
SIM2
SIM3
SIM4
1
21
22
SIM5
SIM1
SIM2
SIM3
SIM4
1
21
22
SIM5
SIM1
SIM2
SIM3
SIM4
1
21
22
SIM5
SIM1
SIM2
SIM3
SIM4
1
21
22
SIM5
SIM1
SIM2
SIM3
SIM4
1
21
22
SIM5
SIM1
SIM2
SIM3
SIM4
1
21
22
SIM5
SIM1
SIM2
SIM3
SIM4
1
21
22
SIM5
SIM1
SIM2
SIM3
SIM4
1
21
22
SIM5
SIM1
SIM2
SIM3
SIM4
1
21
22
SIM5
SIM1
SIM2
SIM3
SIM4
1
21
22
SIM5
SIM1
SIM2
SIM3
SIM4
1
21
22
SIM5
SIM1
SIM2
SIM3
SIM4
1
21
22
SIM5
SIM1
SIM2
SIM3
SIM4
1
21
22
SIM5
SIM1
SIM2
SIM3
SIM4
1
21
22
SIM5
SIM1
SIM2
SIM3
SIM4
1
21
22
SIM5
SIM1
SIM2
SIM3
SIM4
1
21
22
SIM5
SIM1
SIM2
SIM3
SIM4
1
21
22
SIM5
SIM1
SIM2
SIM3
SIM4
1
21
22
SIM5
SIM1
SIM2
SIM3
SIM4
1
21
22
SIM5
SIM1
SIM2
SIM3
SIM4
1
21
22
SIM5
SIM1
SIM2
SIM3
SIM4
1
21
22
SIM5
SIM1
SIM2
SIM3
SIM4
1
21
22
SIM5
SIM1
SIM2
SIM3
SIM4
1
21
22
SIM5
SIM1
SIM2
SIM3
SIM4
1
21
22
SIM5
SIM1
SIM2
SIM3
SIM4
1
21
22
SIM5
SIM1
SIM2
SIM3
SIM4
1
21
22
SIM5
SIM1
SIM2
SIM3
SIM4
1
21
22
SIM5
SIM1
SIM2
SIM3
SIM4
1
21
22
SIM5
SIM1
SIM2
SIM3
SIM4
1
21
22
SIM5
SIM1
SIM2
SIM3
SIM4
1
21
22
SIM5
SIM1
SIM2
SIM3
SIM4
1
21
22
SIM5
SIM1
SIM2
SIM3
SIM4
1
21
22
SIM5
SIM1
SIM2
SIM3
SIM4
1
21
22
SIM5
SIM1
SIM2
SIM3
SIM4
1
21
22
SIM5
SIM1
SIM2
SIM3
SIM4
1
21
22
SIM5
SIM1
SIM2
SIM3
SIM4
1
21
22
SIM5
SIM1
SIM2
SIM3
SIM4
1
21
22
SIM5
SIM1
SIM2
SIM3
SIM4
1
21
22
SIM5
SIM1
SIM2
SIM3
SIM4
1
21
22
SIM5
SIM1
SIM2
SIM3
SIM4
1
21
22
SIM5
SIM1
SIM2
SIM3
SIM4
1
21
22
SIM5
SIM1
SIM2
SIM3
SIM4
1
21
22
SIM5
SIM1
SIM2
SIM3
SIM4
1
21
22
SIM5
SIM1
SIM2
SIM3
SIM4
1
21
22
SIM5
SIM1
SIM2
SIM3
SIM4
1
21
22
SIM5
SIM1
SIM2
SIM3
SIM4
1
21
22
SIM5
SIM1
SIM2
SIM3
SIM4
1
21
22
SIM5
SIM1
SIM2
SIM3
SIM4
1
21
22
SIM5
SIM1
SIM2
SIM3
SIM4
1
21
22
SIM5
SIM1
SIM2
SIM3
SIM4
1
21
22
SIM5
SIM1
SIM2
SIM3
SIM4
1
21
22
SIM5
SIM1
SIM2
SIM3
SIM4
1
21
22
SIM5
SIM1
SIM2
SIM3
SIM4
1
21
22
SIM5
SIM1
SIM2
SIM3
SIM4
1
21
22
SIM5
SIM1
SIM2
SIM3
SIM4
1
21
22
SIM5
SIM1
SIM2
SIM3
SIM4
1
21
22
SIM5
SIM1
SIM2
SIM3
SIM4
1
21
22
SIM5
SIM1
SIM2
SIM3
SIM4
1
21
22
SIM5
SIM1
SIM2
SIM3
SIM4
1
21
22
SIM5
SIM1
SIM2
SIM3
SIM4
1
21
22
SIM5
SIM1
SIM2
SIM3
SIM4
1
21
22
SIM5
SIM1
SIM2
SIM3
SIM4
1
21
22
SIM5
SIM1
SIM2
SIM3
SIM4
1
21
22
SIM5
SIM1
SIM2
SIM3
SIM4
1
21
22
SIM5
SIM1
SIM2
SIM3
SIM4
1
21
22
SIM5
SIM1
SIM2
SIM3
SIM4
1
21
22
SIM5
SIM1
SIM2
SIM3
SIM4
1
21
22
SIM5
SIM1
SIM2
SIM3
SIM4
1
21
22
SIM5
SIM1
SIM2
SIM3
SIM4
1
21
22
SIM5
SIM1
SIM2
SIM3
SIM4
1
21
22
SIM5
SIM1
SIM2
SIM3
SIM4
1
21
22
SIM5
SIM1
SIM2
SIM3
SIM4
1
21
22
SIM5
SIM1
SIM2
SIM3
SIM4
1
21
22
SIM5
SIM1
SIM2
SIM3
SIM4
1
21
22
SIM5
SIM1
SIM2
SIM3
SIM4
1
21
22
SIM5
SIM1
SIM2
SIM3
SIM4
1
21
22
SIM5
SIM1
SIM2
SIM3
SIM4
1
21
22
SIM5
SIM1
SIM2
SIM3
SIM4
1
21
22
SIM5
SIM1
SIM2
SIM3
SIM4
1
21
22
SIM5
SIM1
SIM2
SIM3
SIM4
1
21
22
SIM5
SIM1
SIM2
DEBUG 1 519
SIM1
SIM2
SIM3
SIM4
1
21
22
SIM5
SIM1
SIM2
SIM3
SIM4
1
21
22
SIM5
SIM1
SIM2
SIM3
SIM4
1
21
22
SIM5
SIM1
SIM2
SIM3
SIM4
1
21
22
SIM5
SIM1
SIM2
SIM3
SIM4
1
21
22
SIM5
SIM1
SIM2
SIM3
SIM4
1
21
22
SIM5
SIM1
SIM2
SIM3
SIM4
1
21
22
SIM5
SIM1
SIM2
SIM3
SIM4
1
21
22
SIM5
SIM1
SIM2
SIM3
SIM4
1
21
22
SIM5
SIM1
SIM2
SIM3
SIM4
1
21
22
SIM5
SIM1
SIM2
SIM3
SIM4
1
21
22
SIM5
SIM1
SIM2
SIM3
SIM4
1
21
22
SIM5
SIM1
SIM2
SIM3
SIM4
1
21
22
SIM5
SIM1
SIM2
SIM3
SIM4
1
21
22
SIM5
SIM1
SIM2
SIM3
SIM4
1
21
22
SIM5
SIM1
SIM2
SIM3
SIM4
1
21
22
SIM5
SIM1
SIM2
SIM3
SIM4
1
21
22
SIM5
SIM1
SIM2
SIM3
SIM4
1
21
22
SIM5
SIM1
SIM2
SIM3
SIM4
1
21
22
SIM5
SIM1
SIM2
SIM3
SIM4
1
21
22
SIM5
SIM1
SIM2
SIM3
SIM4
1
21
22
SIM5
SIM1
SIM2
SIM3
SIM4
1
21
22
SIM5
SIM1
SIM2
SIM3
SIM4
1
21
22
SIM5
SIM1
SIM2
SIM3
SIM4
1
21
22
SIM5
SIM1
SIM2
SIM3
SIM4
1
21
22
SIM5
SIM1
SIM2
SIM3
SIM4
1
21
22
SIM5
SIM1
SIM2
SIM3
SIM4
1
21
22
SIM5
SIM1
SIM2
SIM3
SIM4
1
21
22
SIM5
SIM1
SIM2
SIM3
SIM4
1
21
22
SIM5
SIM1
SIM2
SIM3
SIM4
1
21
22
SIM5
SIM1
SIM2
SIM3
SIM4
1
21
22
SIM5
SIM1
SIM2
SIM3
SIM4
1
21
22
SIM5
SIM1
SIM2
SIM3
SIM4
1
21
22
SIM5
SIM1
SIM2
SIM3
SIM4
1
21
22
SIM5
SIM1
SIM2
SIM3
SIM4
1
21
22
SIM5
SIM1
SIM2
SIM3
SIM4
1
21
22
SIM5
SIM1
SIM2
SIM3
SIM4
1
21
22
SIM5
SIM1
SIM2
SIM3
SIM4
1
21
22
SIM5
SIM1
SIM2
SIM3
SIM4
1
21
22
SIM5
SIM1
SIM2
SIM3
SIM4
1
21
22
SIM5
SIM1
SIM2
SIM3
SIM4
1
21
22
SIM5
SIM1
SIM2
SIM3
SIM4
1
21
22
SIM5
SIM1
SIM2
SIM3
SIM4
1
21
22
SIM5
SIM1
SIM2
SIM3
SIM4
1
21
22
SIM5
SIM1
SIM2
SIM3
SIM4
1
21
22
SIM5
SIM1
SIM2
SIM3
SIM4
1
21
22
SIM5
SIM1
SIM2
SIM3
SIM4
1
21
22
SIM5
SIM1
SIM2
SIM3
SIM4
1
21
22
SIM5
SIM1
SIM2
SIM3
SIM4
1
21
22
SIM5
SIM1
SIM2
SIM3
SIM4
1
21
22
SIM5
SIM1
SIM2
SIM3
SIM4
1
21
22
SIM5
SIM1
SIM2
SIM3
SIM4
1
21
22
SIM5
SIM1
SIM2
SIM3
SIM4
1
21
22
SIM5
SIM1
SIM2
SIM3
SIM4
1
21
22
SIM5
SIM1
SIM2
SIM3
SIM4
1
21
22
SIM5
SIM1
SIM2
SIM3
SIM4
1
21
22
SIM5
SIM1
SIM2
SIM3
SIM4
1
21
22
SIM5
SIM1
SIM2
SIM3
SIM4
1
21
22
SIM5
SIM1
SIM2
SIM3
SIM4
1
21
22
SIM5
SIM1
SIM2
SIM3
SIM4
1
21
22
SIM5
SIM1
SIM2
SIM3
SIM4
1
21
22
SIM5
SIM1
SIM2
SIM3
SIM4
1
21
22
SIM5
SIM1
SIM2
SIM3
SIM4
1
21
22
SIM5
SIM1
SIM2
SIM3
SIM4
1
21
22
SIM5
SIM1
SIM2
SIM3
SIM4
1
21
22
SIM5
SIM1
SIM2
SIM3
SIM4
1
21
22
SIM5
SIM1
SIM2
SIM3
SIM4
1
21
22
SIM5
SIM1
SIM2
SIM3
SIM4
1
21
22
SIM5
SIM1
SIM2
SIM3
SIM4
1
21
22
SIM5
SIM1
SIM2
SIM3
SIM4
1
21
22
SIM5
SIM1
SIM2
SIM3
SIM4
1
21
22
SIM5
SIM1
SIM2
SIM3
SIM4
1
21
22
SIM5
SIM1
SIM2
SIM3
SIM4
1
21
22
SIM5
SIM1
SIM2
SIM3
SIM4
1
21
22
SIM5
SIM1
SIM2
SIM3
SIM4
1
21
22
SIM5
SIM1
SIM2
SIM3
SIM4
1
21
22
SIM5
SIM1
SIM2
SIM3
SIM4
1
21
22
SIM5
SIM1
SIM2
SIM3
SIM4
1
21
22
SIM5
SIM1
SIM2
SIM3
SIM4
1
21
22
SIM5
SIM1
SIM2
SIM3
SIM4
1
21
22
SIM5
SIM1
SIM2
SIM3
SIM4
1
21
22
SIM5
SIM1
SIM2
SIM3
SIM4
1
21
22
SIM5
SIM1
SIM2
SIM3
SIM4
1
21
22
SIM5
SIM1
SIM2
SIM3
SIM4
1
21
22
SIM5
SIM1
SIM2
SIM3
SIM4
1
21
22
SIM5
SIM1
SIM2
SIM3
SIM4
1
21
22
SIM5
SIM1
SIM2
SIM3
SIM4
1
21
22
SIM5
SIM1
SIM2
DEBUG 1 520
SIM1
SIM2
SIM3
SIM4
1
21
22
SIM5
SIM1
SIM2
SIM3
SIM4
1
21
22
SIM5
SIM1
SIM2
SIM3
SIM4
1
21
22
SIM5
SIM1
SIM2
SIM3
SIM4
1
21
22
SIM5
SIM1
SIM2
SIM3
SIM4
1
21
22
SIM5
SIM1
SIM2
SIM3
SIM4
1
21
22
SIM5
SIM1
SIM2
SIM3
SIM4
1
21
22
SIM5
SIM1
SIM2
SIM3
SIM4
1
21
22
SIM5
SIM1
SIM2
SIM3
SIM4
1
21
22
SIM5
SIM1
SIM2
SIM3
SIM4
1
21
22
SIM5
SIM1
SIM2
SIM3
SIM4
1
21
22
SIM5
SIM1
SIM2
SIM3
SIM4
1
21
22
SIM5
SIM1
SIM2
SIM3
SIM4
1
21
22
SIM5
SIM1
SIM2
SIM3
SIM4
1
21
22
SIM5
SIM1
SIM2
SIM3
SIM4
1
21
22
SIM5
SIM1
SIM2
SIM3
SIM4
1
21
22
SIM5
SIM1
SIM2
SIM3
SIM4
1
21
22
SIM5
SIM1
SIM2
SIM3
SIM4
1
21
22
SIM5
SIM1
SIM2
SIM3
SIM4
1
21
22
SIM5
SIM1
SIM2
SIM3
SIM4
1
21
22
SIM5
SIM1
SIM2
SIM3
SIM4
1
21
22
SIM5
SIM1
SIM2
SIM3
SIM4
1
21
22
SIM5
SIM1
SIM2
SIM3
SIM4
1
21
22
SIM5
SIM1
SIM2
SIM3
SIM4
1
21
22
SIM5
SIM1
SIM2
SIM3
SIM4
1
21
22
SIM5
SIM1
SIM2
SIM3
SIM4
1
21
22
SIM5
SIM1
SIM2
SIM3
SIM4
1
21
22
SIM5
SIM1
SIM2
SIM3
SIM4
1
21
22
SIM5
SIM1
SIM2
SIM3
SIM4
1
21
22
SIM5
SIM1
SIM2
SIM3
SIM4
1
21
22
SIM5
SIM1
SIM2
SIM3
SIM4
1
21
22
SIM5
SIM1
SIM2
SIM3
SIM4
1
21
22
SIM5
SIM1
SIM2
SIM3
SIM4
1
21
22
SIM5
SIM1
SIM2
SIM3
SIM4
1
21
22
SIM5
SIM1
SIM2
SIM3
SIM4
1
21
22
SIM5
SIM1
SIM2
SIM3
SIM4
1
21
22
SIM5
SIM1
SIM2
SIM3
SIM4
1
21
22
SIM5
SIM1
SIM2
SIM3
SIM4
1
21
22
SIM5
SIM1
SIM2
SIM3
SIM4
1
21
22
SIM5
SIM1
SIM2
SIM3
SIM4
1
21
22
SIM5
SIM1
SIM2
SIM3
SIM4
1
21
22
SIM5
SIM1
SIM2
SIM3
SIM4
1
21
22
SIM5
SIM1
SIM2
SIM3
SIM4
1
21
22
SIM5
SIM1
SIM2
SIM3
SIM4
1
21
22
SIM5
SIM1
SIM2
SIM3
SIM4
1
21
22
SIM5
SIM1
SIM2
SIM3
SIM4
1
21
22
SIM5
SIM1
SIM2
SIM3
SIM4
1
21
22
SIM5
SIM1
SIM2
SIM3
SIM4
1
21
22
SIM5
SIM1
SIM2
SIM3
SIM4
1
21
22
SIM5
SIM1
SIM2
SIM3
SIM4
1
21
22
SIM5
SIM1
SIM2
SIM3
SIM4
1
21
22
SIM5
SIM1
SIM2
SIM3
SIM4
1
21
22
SIM5
SIM1
SIM2
SIM3
SIM4
1
21
22
SIM5
SIM1
SIM2
SIM3
SIM4
1
21
22
SIM5
SIM1
SIM2
SIM3
SIM4
1
21
22
SIM5
SIM1
SIM2
SIM3
SIM4
1
21
22
SIM5
SIM1
SIM2
SIM3
SIM4
1
21
22
SIM5
SIM1
SIM2
SIM3
SIM4
1
21
22
SIM5
SIM1
SIM2
SIM3
SIM4
1
21
22
SIM5
SIM1
SIM2
SIM3
SIM4
1
21
22
SIM5
SIM1
SIM2
SIM3
SIM4
1
21
22
SIM5
SIM1
SIM2
SIM3
SIM4
1
21
22
SIM5
SIM1
SIM2
SIM3
SIM4
1
21
22
SIM5
SIM1
SIM2
SIM3
SIM4
1
21
22
SIM5
SIM1
SIM2
SIM3
SIM4
1
21
22
SIM5
SIM1
SIM2
SIM3
SIM4
1
21
22
SIM5
SIM1
SIM2
SIM3
SIM4
1
21
22
SIM5
SIM1
SIM2
SIM3
SIM4
1
21
22
SIM5
SIM1
SIM2
SIM3
SIM4
1
21
22
SIM5
SIM1
SIM2
SIM3
SIM4
1
21
22
SIM5
SIM1
SIM2
SIM3
SIM4
1
21
22
SIM5
SIM1
SIM2
SIM3
SIM4
1
21
22
SIM5
SIM1
SIM2
SIM3
SIM4
1
21
22
SIM5
SIM1
SIM2
SIM3
SIM4
1
21
22
SIM5
SIM1
SIM2
SIM3
SIM4
1
21
22
SIM5
SIM1
SIM2
SIM3
SIM4
1
21
22
SIM5
SIM1
SIM2
SIM3
SIM4
1
21
22
SIM5
SIM1
SIM2
SIM3
SIM4
1
21
22
SIM5
SIM1
SIM2
SIM3
SIM4
1
21
22
SIM5
SIM1
SIM2
SIM3
SIM4
1
21
22
SIM5
SIM1
SIM2
SIM3
SIM4
1
21
22
SIM5
SIM1
SIM2
SIM3
SIM4
1
21
22
SIM5
SIM1
SIM2
SIM3
SIM4
1
21
22
SIM5
SIM1
SIM2
SIM3
SIM4
1
21
22
SIM5
SIM1
SIM2
SIM3
SIM4
1
21
22
SIM5
SIM1
SIM2
SIM3
SIM4
1
21
22
SIM5
SIM1
SIM2
SIM3
SIM4
1
21
22
SIM5
SIM1
SIM2
SIM3
SIM4
1
21
22
SIM5
SIM1
SIM2
SIM3
SIM4
1
21
22
SIM5
SIM1
SIM2
SIM3
SIM4
1
21
22
SIM5
SIM1
SIM2
SIM3
SIM4
1
21
22
SIM5
SIM1
SIM2
SIM3
SIM4
1
21
22
SIM5
SIM1
SIM2
SIM3
SIM4
1
21
22
SIM5
SIM1
SIM2
SIM3
SIM4
1
21
22
SIM5
SIM1
SIM2
SIM3
SIM4
1
21
22
SIM5
SIM1
SIM2
SIM3
SIM4
1
21
22
SIM5
SIM1
SIM2
SIM3
SIM4
1
21
22
SIM5
SIM1
SIM2
SIM3
SIM4
1
21
22
SIM5
SIM1
SIM2
SIM3
SIM4
1
21
22
SIM5
SIM1
SIM2
SIM3
SIM4
1
21
22
SIM5
SIM1
SIM2
SIM3
SIM4
1
21
22
SIM5
SIM1
SIM2
SIM3
SIM4
1
21
22
SIM5
SIM1
SIM2
SIM3
SIM4
1
21
22
SIM5
SIM1
SIM2
SIM3
SIM4
1
21
22
SIM5
SIM1
SIM2
SIM3
SIM4
1
21
22
SIM5
SIM1
SIM2
SIM3
SIM4
1
21
22
SIM5
SIM1
SIM2
SIM3
SIM4
1
21
22
SIM5
SIM1
SIM2
SIM3
SIM4
1
21
22
SIM5
SIM1
SIM2
SIM3
SIM4
1
21
22
SIM5
SIM1
SIM2
SIM3
SIM4
1
21
22
SIM5
SIM1
SIM2
SIM3
SIM4
1
21
22
SIM5
SIM1
SIM2
SIM3
SIM4
1
21
22
SIM5
SIM1
SIM2
SIM3
SIM4
1
21
22
SIM5
SIM1
SIM2
SIM3
SIM4
1
21
22
SIM5
SIM1
SIM2
SIM3
SIM4
1
21
22
SIM5
SIM1
SIM2
SIM3
SIM4
1
21
22
SIM5
SIM1
SIM2
SIM3
SIM4
1
21
22
SIM5
SIM1
SIM2
SIM3
SIM4
1
21
22
SIM5
SIM1
SIM2
SIM3
SIM4
1
21
22
SIM5
SIM1
SIM2
SIM3
SIM4
1
21
22
SIM5
SIM1
SIM2
SIM3
SIM4
1
21
22
SIM5
SIM1
SIM2
SIM3
SIM4
1
21
22
SIM5
SIM1
SIM2
SIM3
SIM4
1
21
22
SIM5
SIM1
SIM2
SIM3
SIM4
1
21
22
SIM5
SIM1
SIM2
SIM3
SIM4
1
21
22
SIM5
SIM1
SIM2
SIM3
SIM4
1
21
22
SIM5
SIM1
SIM2
SIM3
SIM4
1
21
22
SIM5
SIM1
SIM2
SIM3
SIM4
1
21
22
SIM5
SIM1
SIM2
SIM3
SIM4
1
21
22
SIM5
SIM1
SIM2
SIM3
SIM4
1
21
22
SIM5
SIM1
SIM2
SIM3
SIM4
1
21
22
SIM5
SIM1
SIM2
SIM3
SIM4
1
21
22
SIM5
SIM1
SIM2
SIM3
SIM4
1
21
22
SIM5
SIM1
SIM2
SIM3
SIM4
1
21
22
SIM5
SIM1
SIM2
SIM3
SIM4
1
21
22
SIM5
SIM1
SIM2
SIM3
SIM4
1
21
22
SIM5
SIM1
SIM2
SIM3
SIM4
1
21
22
SIM5
SIM1
SIM2
SIM3
SIM4
1
21
22
SIM5
SIM1
SIM2
SIM3
SIM4
1
21
22
SIM5
SIM1
SIM2
SIM3
SIM4
1
21
22
SIM5
SIM1
SIM2
SIM3
SIM4
1
21
22
SIM5
SIM1
SIM2
SIM3
SIM4
1
21
22
SIM5
SIM1
SIM2
SIM3
SIM4
1
21
22
SIM5
SIM1
SIM2
SIM3
SIM4
1
21
22
SIM5
SIM1
SIM2
SIM3
SIM4
1
21
22
SIM5
SIM1
SIM2
SIM3
SIM4
1
21
22
SIM5
SIM1
SIM2
SIM3
SIM4
1
21
22
SIM5
SIM1
SIM2
SIM3
SIM4
1
21
22
SIM5
SIM1
SIM2
SIM3
SIM4
1
21
22
SIM5
SIM1
SIM2
SIM3
SIM4
1
21
22
SIM5
SIM1
SIM2
SIM3
SIM4
1
21
22
SIM5
SIM1
SIM2
SIM3
SIM4
1
21
22
SIM5
SIM1
SIM2
SIM3
SIM4
1
21
22
SIM5
SIM1
SIM2
SIM3
SIM4
1
21
22
SIM5
SIM1
SIM2
SIM3
SIM4
1
21
22
SIM5
SIM1
SIM2
SIM3
SIM4
1
21
22
SIM5
SIM1
SIM2
SIM3
SIM4
1
21
22
SIM5
SIM1
SIM2
SIM3
SIM4
1
21
22
SIM5
SIM1
SIM2
SIM3
SIM4
1
21
22
SIM5
SIM1
SIM2
SIM3
SIM4
1
21
22
SIM5
SIM1
SIM2
SIM3
SIM4
1
21
22
SIM5
SIM1
SIM2
SIM3
SIM4
1
21
22
SIM5
SIM1
SIM2
SIM3
SIM4
1
21
22
SIM5
SIM1
SIM2
SIM3
SIM4
1
21
22
SIM5
SIM1
SIM2
SIM3
SIM4
1
21
22
SIM5
SIM1
SIM2
SIM3
SIM4
1
21
22
SIM5
SIM1
SIM2
SIM3
SIM4
1
21
22
SIM5
SIM1
SIM2
SIM3
SIM4
1
21
22
SIM5
SIM1
SIM2
SIM3
SIM4
1
21
22
SIM5
SIM1
SIM2
SIM3
SIM4
1
21
22
SIM5
SIM1
SIM2
SIM3
SIM4
1
21
22
SIM5
SIM1
SIM2
SIM3
SIM4
1
21
22
SIM5
SIM1
SIM2
SIM3
SIM4
1
21
22
SIM5
SIM1
SIM2
SIM3
SIM4
1
21
22
SIM5
SIM1
SIM2
SIM3
SIM4
1
21
22
SIM5
SIM1
SIM2
SIM3
SIM4
1
21
22
SIM5
SIM1
SIM2
SIM3
SIM4
1
21
22
SIM5
SIM1
SIM2
SIM3
SIM4
1
21
22
SIM5
SIM1
SIM2
SIM3
SIM4
1
21
22
SIM5
SIM1
SIM2
SIM3
SIM4
1
21
22
SIM5
SIM1
SIM2
SIM3
SIM4
1
21
22
SIM5
SIM1
SIM2
SIM3
SIM4
1
21
22
SIM5
SIM1
SIM2
SIM3
SIM4
1
21
22
SIM5
SIM1
SIM2
SIM3
SIM4
1
21
22
SIM5
SIM1
SIM2
SIM3
SIM4
1
21
22
SIM5
SIM1
SIM2
SIM3
SIM4
1
21
22
SIM5
SIM1
SIM2
SIM3
SIM4
1
21
22
SIM5
SIM1
SIM2
SIM3
SIM4
1
21
22
SIM5
SIM1
SIM2
SIM3
SIM4
1
21
22
SIM5
SIM1
SIM2
SIM3
SIM4
1
21
22
SIM5
SIM1
SIM2
SIM3
SIM4
1
21
22
SIM5
SIM1
SIM2
SIM3
SIM4
1
21
22
SIM5
SIM1
SIM2
SIM3
SIM4
1
21
22
SIM5
SIM1
SIM2
SIM3
SIM4
1
21
22
SIM5
SIM1
SIM2
SIM3
SIM4
1
21
22
SIM5
SIM1
SIM2
SIM3
SIM4
1
21
22
SIM5
SIM1
SIM2
SIM3
SIM4
1
21
22
SIM5
SIM1
SIM2
SIM3
SIM4
1
21
22
SIM5
SIM1
SIM2
SIM3
SIM4
1
21
22
SIM5
SIM1
SIM2
SIM3
SIM4
1
21
22
SIM5
SIM1
SIM2
SIM3
SIM4
1
21
22
SIM5
SIM1
SIM2
SIM3
SIM4
1
21
22
SIM5
SIM1
SIM2
SIM3
SIM4
1
21
22
SIM5
SIM1
SIM2
SIM3
SIM4
1
21
22
SIM5
SIM1
SIM2
SIM3
SIM4
1
21
22
SIM5
SIM1
SIM2
SIM3
SIM4
1
21
22
SIM5
SIM1
SIM2
SIM3
SIM4
1
21
22
SIM5
SIM1
SIM2
SIM3
SIM4
1
21
22
SIM5
SIM1
SIM2
SIM3
SIM4
1
21
22
SIM5
SIM1
SIM2
SIM3
SIM4
1
21
22
SIM5
SIM1
SIM2
SIM3
SIM4
1
21
22
SIM5
SIM1
SIM2
SIM3
SIM4
1
21
22
SIM5
SIM1
SIM2
SIM3
SIM4
1
21
22
SIM5
SIM1
SIM2
SIM3
SIM4
1
21
22
SIM5
SIM1
SIM2
SIM3
SIM4
1
21
22
SIM5
SIM1
SIM2
SIM3
SIM4
1
21
22
SIM5
SIM1
SIM2
SIM3
SIM4
1
21
22
SIM5
SIM1
SIM2
SIM3
SIM4
1
21
22
SIM5
SIM1
SIM2
SIM3
SIM4
1
21
22
SIM5
SIM1
SIM2
SIM3
SIM4
1
21
22
SIM5
SIM1
SIM2
SIM3
SIM4
1
21
22
SIM5
SIM1
SIM2
SIM3
SIM4
1
21
22
SIM5
SIM1
SIM2
SIM3
SIM4
1
21
22
SIM5
SIM1
SIM2
SIM3
SIM4
1
21
22
SIM5
SIM1
SIM2
SIM3
SIM4
1
21
22
SIM5
SIM1
SIM2
SIM3
SIM4
1
21
22
SIM5
SIM1
SIM2
SIM3
SIM4
1
21
22
SIM5
SIM1
SIM2
SIM3
SIM4
1
21
22
SIM5
SIM1
SIM2
SIM3
SIM4
1
21
22
SIM5
SIM1
SIM2
SIM3
SIM4
1
21
22
SIM5
SIM1
SIM2
SIM3
SIM4
1
21
22
SIM5
SIM1
SIM2
SIM3
SIM4
1
21
22
SIM5
SIM1
SIM2
SIM3
SIM4
1
21
22
SIM5
SIM1
SIM2
SIM3
SIM4
1
21
22
SIM5
SIM1
SIM2
SIM3
SIM4
1
21
22
SIM5
SIM1
SIM2
SIM3
SIM4
1
21
22
SIM5
SIM1
SIM2
SIM3
SIM4
1
21
22
SIM5
SIM1
SIM2
SIM3
SIM4
1
21
22
SIM5
SIM1
SIM2
SIM3
SIM4
1
21
22
SIM5
SIM1
SIM2
SIM3
SIM4
1
21
22
SIM5
SIM1
SIM2
SIM3
SIM4
1
21
22
SIM5
SIM1
SIM2
SIM3
SIM4
1
21
22
SIM5
SIM1
SIM2
SIM3
SIM4
1
21
22
SIM5
SIM1
SIM2
SIM3
SIM4
1
21
22
SIM5
SIM1
SIM2
SIM3
SIM4
1
21
22
SIM5
SIM1
SIM2
SIM3
SIM4
1
21
22
SIM5
SIM1
SIM2
SIM3
SIM4
1
21
22
SIM5
SIM1
SIM2
SIM3
SIM4
1
21
22
SIM5
SIM1
SIM2
SIM3
SIM4
1
21
22
SIM5
SIM1
SIM2
SIM3
SIM4
1
21
22
SIM5
SIM1
SIM2
SIM3
SIM4
1
21
22
SIM5
SIM1
SIM2
SIM3
SIM4
1
21
22
SIM5
SIM1
SIM2
SIM3
SIM4
1
21
22
SIM5
SIM1
SIM2
SIM3
SIM4
1
21
22
SIM5
SIM1
SIM2
SIM3
SIM4
1
21
22
SIM5
SIM1
SIM2
SIM3
SIM4
1
21
22
SIM5
SIM1
SIM2
SIM3
SIM4
1
21
22
SIM5
SIM1
SIM2
SIM3
SIM4
1
21
22
SIM5
SIM1
SIM2
SIM3
SIM4
1
21
22
SIM5
SIM1
SIM2
SIM3
SIM4
1
21
22
SIM5
SIM1
SIM2
SIM3
SIM4
1
21
22
SIM5
SIM1
SIM2
SIM3
SIM4
1
21
22
SIM5
SIM1
SIM2
SIM3
SIM4
1
21
22
SIM5
SIM1
SIM2
SIM3
SIM4
1
21
22
SIM5
SIM1
SIM2
SIM3
SIM4
1
21
22
SIM5
SIM1
SIM2
SIM3
SIM4
1
21
22
SIM5
SIM1
SIM2
SIM3
SIM4
1
21
22
SIM5
SIM1
SIM2
SIM3
SIM4
1
21
22
SIM5
SIM1
SIM2
SIM3
SIM4
1
21
22
SIM5
SIM1
SIM2
SIM3
SIM4
1
21
22
SIM5
SIM1
SIM2
SIM3
SIM4
1
21
22
SIM5
SIM1
SIM2
SIM3
SIM4
1
21
22
SIM5
SIM1
SIM2
SIM3
SIM4
1
21
22
SIM5
SIM1
SIM2
SIM3
SIM4
1
21
22
SIM5
SIM1
SIM2
SIM3
SIM4
1
21
22
SIM5
SIM1
SIM2
SIM3
SIM4
1
21
22
SIM5
SIM1
SIM2
SIM3
SIM4
1
21
22
SIM5
SIM1
SIM2
SIM3
SIM4
1
21
22
SIM5
SIM1
SIM2
SIM3
SIM4
1
21
22
SIM5
SIM1
SIM2
SIM3
SIM4
1
21
22
SIM5
SIM1
SIM2
SIM3
SIM4
1
21
22
SIM5
SIM1
SIM2
SIM3
SIM4
1
21
22
SIM5
SIM1
SIM2
SIM3
SIM4
1
21
22
SIM5
SIM1
SIM2
SIM3
SIM4
1
21
22
SIM5
SIM1
SIM2
SIM3
SIM4
1
21
22
SIM5
SIM1
SIM2
SIM3
SIM4
1
21
22
SIM5
SIM1
SIM2
SIM3
SIM4
1
21
22
SIM5
SIM1
SIM2
SIM3
SIM4
1
21
22
SIM5
SIM1
SIM2
SIM3
SIM4
1
21
22
SIM5
SIM1
SIM2
SIM3
SIM4
1
21
22
SIM5
SIM1
SIM2
SIM3
SIM4
1
21
22
SIM5
SIM1
SIM2
SIM3
SIM4
1
21
22
SIM5
SIM1
SIM2
SIM3
SIM4
1
21
22
SIM5
SIM1
SIM2
SIM3
SIM4
1
21
22
SIM5
SIM1
SIM2
SIM3
SIM4
1
21
22
SIM5
SIM1
SIM2
SIM3
SIM4
1
21
22
SIM5
SIM1
SIM2
SIM3
SIM4
1
21
22
SIM5
SIM1
SIM2
SIM3
SIM4
1
21
22
SIM5
SIM1
SIM2
SIM3
SIM4
1
21
22
SIM5
SIM1
SIM2
SIM3
SIM4
1
21
22
SIM5
SIM1
SIM2
SIM3
SIM4
1
21
22
SIM5
SIM1
SIM2
SIM3
SIM4
1
21
22
SIM5
SIM1
SIM2
SIM3
SIM4
1
21
22
SIM5
SIM1
SIM2
SIM3
SIM4
1
21
22
SIM5
SIM1
SIM2
SIM3
SIM4
1
21
22
SIM5
SIM1
SIM2
SIM3
SIM4
1
21
22
SIM5
SIM1
SIM2
SIM3
SIM4
1
21
22
SIM5
SIM1
SIM2
SIM3
SIM4
1
21
22
SIM5
SIM1
SIM2
SIM3
SIM4
1
21
22
SIM5
SIM1
SIM2
SIM3
SIM4
1
21
22
SIM5
SIM1
SIM2
SIM3
SIM4
1
21
22
SIM5
SIM1
SIM2
SIM3
SIM4
1
21
22
SIM5
SIM1
SIM2
SIM3
SIM4
1
21
22
SIM5
SIM1
SIM2
SIM3
SIM4
1
21
22
SIM5
SIM1
SIM2
SIM3
SIM4
1
21
22
SIM5
SIM1
SIM2
SIM3
SIM4
1
21
22
SIM5
SIM1
SIM2
SIM3
SIM4
1
21
22
SIM5
SIM1
SIM2
SIM3
SIM4
1
21
22
SIM5
SIM1
SIM2
SIM3
SIM4
1
21
22
SIM5
SIM1
SIM2
DEBUG 1 521
SIM1
SIM2
SIM3
SIM4
1
21
22
SIM5
SIM1
SIM2
SIM3
SIM4
1
21
22
SIM5
SIM1
SIM2
SIM3
SIM4
1
21
22
SIM5
SIM1
SIM2
SIM3
SIM4
1
21
22
SIM5
SIM1
SIM2
SIM3
SIM4
1
21
22
SIM5
SIM1
SIM2
SIM3
SIM4
1
21
22
SIM5
SIM1
SIM2
SIM3
SIM4
1
21
22
SIM5
SIM1
SIM2
SIM3
SIM4
1
21
22
SIM5
SIM1
SIM2
SIM3
SIM4
1
21
22
SIM5
SIM1
SIM2
SIM3
SIM4
1
21
22
SIM5
SIM1
SIM2
SIM3
SIM4
1
21
22
SIM5
SIM1
SIM2
SIM3
SIM4
1
21
22
SIM5
SIM1
SIM2
SIM3
SIM4
1
21
22
SIM5
SIM1
SIM2
SIM3
SIM4
1
21
22
SIM5
SIM1
SIM2
SIM3
SIM4
1
21
22
SIM5
SIM1
SIM2
SIM3
SIM4
1
21
22
SIM5
SIM1
SIM2
SIM3
SIM4
1
21
22
SIM5
SIM1
SIM2
SIM3
SIM4
1
21
22
SIM5
SIM1
SIM2
SIM3
SIM4
1
21
22
SIM5
SIM1
SIM2
SIM3
SIM4
1
21
22
SIM5
SIM1
SIM2
SIM3
SIM4
1
21
22
SIM5
SIM1
SIM2
SIM3
SIM4
1
21
22
SIM5
SIM1
SIM2
SIM3
SIM4
1
21
22
SIM5
SIM1
SIM2
SIM3
SIM4
1
21
22
SIM5
SIM1
SIM2
SIM3
SIM4
1
21
22
SIM5
SIM1
SIM2
SIM3
SIM4
1
21
22
SIM5
SIM1
SIM2
SIM3
SIM4
1
21
22
SIM5
SIM1
SIM2
SIM3
SIM4
1
21
22
SIM5
SIM1
SIM2
SIM3
SIM4
1
21
22
SIM5
SIM1
SIM2
SIM3
SIM4
1
21
22
SIM5
SIM1
SIM2
SIM3
SIM4
1
21
22
SIM5
SIM1
SIM2
SIM3
SIM4
1
21
22
SIM5
SIM1
SIM2
SIM3
SIM4
1
21
22
SIM5
SIM1
SIM2
SIM3
SIM4
1
21
22
SIM5
SIM1
SIM2
SIM3
SIM4
1
21
22
SIM5
SIM1
SIM2
SIM3
SIM4
1
21
22
SIM5
SIM1
SIM2
SIM3
SIM4
1
21
22
SIM5
SIM1
SIM2
SIM3
SIM4
1
21
22
SIM5
SIM1
SIM2
SIM3
SIM4
1
21
22
SIM5
SIM1
SIM2
SIM3
SIM4
1
21
22
SIM5
SIM1
SIM2
SIM3
SIM4
1
21
22
SIM5
SIM1
SIM2
SIM3
SIM4
1
21
22
SIM5
SIM1
SIM2
SIM3
SIM4
1
21
22
SIM5
SIM1
SIM2
SIM3
SIM4
1
21
22
SIM5
SIM1
SIM2
SIM3
SIM4
1
21
22
SIM5
SIM1
SIM2
SIM3
SIM4
1
21
22
SIM5
SIM1
SIM2
SIM3
SIM4
1
21
22
SIM5
SIM1
SIM2
SIM3
SIM4
1
21
22
SIM5
SIM1
SIM2
SIM3
SIM4
1
21
22
SIM5
SIM1
SIM2
SIM3
SIM4
1
21
22
SIM5
SIM1
SIM2
SIM3
SIM4
1
21
22
SIM5
SIM1
SIM2
SIM3
SIM4
1
21
22
SIM5
SIM1
SIM2
SIM3
SIM4
1
21
22
SIM5
SIM1
SIM2
SIM3
SIM4
1
21
22
SIM5
SIM1
SIM2
SIM3
SIM4
1
21
22
SIM5
SIM1
SIM2
SIM3
SIM4
1
21
22
SIM5
SIM1
SIM2
SIM3
SIM4
1
21
22
SIM5
SIM1
SIM2
SIM3
SIM4
1
21
22
SIM5
SIM1
SIM2
SIM3
SIM4
1
21
22
SIM5
SIM1
SIM2
SIM3
SIM4
1
21
22
SIM5
SIM1
SIM2
SIM3
SIM4
1
21
22
SIM5
SIM1
SIM2
SIM3
SIM4
1
21
22
SIM5
SIM1
SIM2
SIM3
SIM4
1
21
22
SIM5
SIM1
SIM2
SIM3
SIM4
1
21
22
SIM5
SIM1
SIM2
SIM3
SIM4
1
21
22
SIM5
SIM1
SIM2
SIM3
SIM4
1
21
22
SIM5
SIM1
SIM2
SIM3
SIM4
1
21
22
SIM5
SIM1
SIM2
SIM3
SIM4
1
21
22
SIM5
SIM1
SIM2
SIM3
SIM4
1
21
22
SIM5
SIM1
SIM2
SIM3
SIM4
1
21
22
SIM5
SIM1
SIM2
SIM3
SIM4
1
21
22
SIM5
SIM1
SIM2
SIM3
SIM4
1
21
22
SIM5
SIM1
SIM2
SIM3
SIM4
1
21
22
SIM5
SIM1
SIM2
SIM3
SIM4
1
21
22
SIM5
SIM1
SIM2
SIM3
SIM4
1
21
22
SIM5
SIM1
SIM2
SIM3
SIM4
1
21
22
SIM5
SIM1
SIM2
SIM3
SIM4
1
21
22
SIM5
SIM1
SIM2
SIM3
SIM4
1
21
22
SIM5
SIM1
SIM2
SIM3
SIM4
1
21
22
SIM5
SIM1
SIM2
SIM3
SIM4
1
21
22
SIM5
SIM1
SIM2
SIM3
SIM4
1
21
22
SIM5
SIM1
SIM2
SIM3
SIM4
1
21
22
SIM5
SIM1
SIM2
SIM3
SIM4
1
21
22
SIM5
SIM1
SIM2
SIM3
SIM4
1
21
22
SIM5
SIM1
SIM2
SIM3
SIM4
1
21
22
SIM5
SIM1
SIM2
SIM3
SIM4
1
21
22
SIM5
SIM1
SIM2
SIM3
SIM4
1
21
22
SIM5
SIM1
SIM2
SIM3
SIM4
1
21
22
SIM5
SIM1
SIM2
SIM3
SIM4
1
21
22
SIM5
SIM1
SIM2
SIM3
SIM4
1
21
22
SIM5
SIM1
SIM2
SIM3
SIM4
1
21
22
SIM5
SIM1
SIM2
SIM3
SIM4
1
21
22
SIM5
SIM1
SIM2
SIM3
SIM4
1
21
22
SIM5
SIM1
SIM2
SIM3
SIM4
1
21
22
SIM5
SIM1
SIM2
SIM3
SIM4
1
21
22
SIM5
SIM1
SIM2
SIM3
SIM4
1
21
22
SIM5
SIM1
SIM2
SIM3
SIM4
1
21
22
SIM5
SIM1
SIM2
SIM3
SIM4
1
21
22
SIM5
SIM1
SIM2
SIM3
SIM4
1
21
22
SIM5
SIM1
SIM2
SIM3
SIM4
1
21
22
SIM5
SIM1
SIM2
SIM3
SIM4
1
21
22
SIM5
SIM1
SIM2
SIM3
SIM4
1
21
22
SIM5
SIM1
SIM2
SIM3
SIM4
1
21
22
SIM5
SIM1
SIM2
SIM3
SIM4
1
21
22
SIM5
SIM1
SIM2
SIM3
SIM4
1
21
22
SIM5
SIM1
SIM2
SIM3
SIM4
1
21
22
SIM5
SIM1
SIM2
SIM3
SIM4
1
21
22
SIM5
SIM1
SIM2
SIM3
SIM4
1
21
22
SIM5
SIM1
SIM2
SIM3
SIM4
1
21
22
SIM5
SIM1
SIM2
SIM3
SIM4
1
21
22
SIM5
SIM1
SIM2
SIM3
SIM4
1
21
22
SIM5
SIM1
SIM2
SIM3
SIM4
1
21
22
SIM5
SIM1
SIM2
SIM3
SIM4
1
21
22
SIM5
SIM1
SIM2
SIM3
SIM4
1
21
22
SIM5
SIM1
SIM2
SIM3
SIM4
1
21
22
SIM5
SIM1
SIM2
SIM3
SIM4
1
21
22
SIM5
SIM1
SIM2
SIM3
SIM4
1
21
22
SIM5
SIM1
SIM2
SIM3
SIM4
1
21
22
SIM5
SIM1
SIM2
SIM3
SIM4
1
21
22
SIM5
SIM1
SIM2
SIM3
SIM4
1
21
22
SIM5
SIM1
SIM2
SIM3
SIM4
1
21
22
SIM5
SIM1
SIM2
SIM3
SIM4
1
21
22
SIM5
SIM1
SIM2
SIM3
SIM4
1
21
22
SIM5
SIM1
SIM2
SIM3
SIM4
1
21
22
SIM5
SIM1
SIM2
SIM3
SIM4
1
21
22
SIM5
SIM1
SIM2
SIM3
SIM4
1
21
22
SIM5
SIM1
SIM2
SIM3
SIM4
1
21
22
SIM5
SIM1
SIM2
SIM3
SIM4
1
21
22
SIM5
SIM1
SIM2
SIM3
SIM4
1
21
22
SIM5
SIM1
SIM2
SIM3
SIM4
1
21
22
SIM5
SIM1
SIM2
SIM3
SIM4
1
21
22
SIM5
SIM1
SIM2
SIM3
SIM4
1
21
22
SIM5
SIM1
SIM2
SIM3
SIM4
1
21
22
SIM5
SIM1
SIM2
SIM3
SIM4
1
21
22
SIM5
SIM1
SIM2
SIM3
SIM4
1
21
22
SIM5
SIM1
SIM2
SIM3
SIM4
1
21
22
SIM5
SIM1
SIM2
SIM3
SIM4
1
21
22
SIM5
SIM1
SIM2
SIM3
SIM4
1
21
22
SIM5
SIM1
SIM2
SIM3
SIM4
1
21
22
SIM5
SIM1
SIM2
SIM3
SIM4
1
21
22
SIM5
SIM1
SIM2
SIM3
SIM4
1
21
22
SIM5
SIM1
SIM2
SIM3
SIM4
1
21
22
SIM5
SIM1
SIM2
SIM3
SIM4
1
21
22
SIM5
SIM1
SIM2
SIM3
SIM4
1
21
22
SIM5
SIM1
SIM2
SIM3
SIM4
1
21
22
SIM5
SIM1
SIM2
SIM3
SIM4
1
21
22
SIM5
SIM1
SIM2
SIM3
SIM4
1
21
22
SIM5
SIM1
SIM2
SIM3
SIM4
1
21
22
SIM5
SIM1
SIM2
SIM3
SIM4
1
21
22
SIM5
SIM1
SIM2
SIM3
SIM4
1
21
22
SIM5
SIM1
SIM2
SIM3
SIM4
1
21
22
SIM5
SIM1
SIM2
SIM3
SIM4
1
21
22
SIM5
SIM1
SIM2
SIM3
SIM4
1
21
22
SIM5
SIM1
SIM2
SIM3
SIM4
1
21
22
SIM5
SIM1
SIM2
SIM3
SIM4
1
21
22
SIM5
SIM1
SIM2
SIM3
SIM4
1
21
22
SIM5
SIM1
SIM2
SIM3
SIM4
1
21
22
SIM5
SIM1
SIM2
SIM3
SIM4
1
21
22
SIM5
SIM1
SIM2
SIM3
SIM4
1
21
22
SIM5
SIM1
SIM2
SIM3
SIM4
1
21
22
SIM5
SIM1
SIM2
SIM3
SIM4
1
21
22
SIM5
SIM1
SIM2
SIM3
SIM4
1
21
22
SIM5
SIM1
SIM2
SIM3
SIM4
1
21
22
SIM5
SIM1
SIM2
SIM3
SIM4
1
21
22
SIM5
SIM1
SIM2
SIM3
SIM4
1
21
22
SIM5
SIM1
SIM2
SIM3
SIM4
1
21
22
SIM5
SIM1
SIM2
SIM3
SIM4
1
21
22
SIM5
SIM1
SIM2
SIM3
SIM4
1
21
22
SIM5
SIM1
SIM2
SIM3
SIM4
1
21
22
SIM5
SIM1
SIM2
SIM3
SIM4
1
21
22
SIM5
SIM1
SIM2
SIM3
SIM4
1
21
22
SIM5
SIM1
SIM2
SIM3
SIM4
1
21
22
SIM5
SIM1
SIM2
SIM3
SIM4
1
21
22
SIM5
SIM1
SIM2
SIM3
SIM4
1
21
22
SIM5
SIM1
SIM2
SIM3
SIM4
1
21
22
SIM5
SIM1
SIM2
SIM3
SIM4
1
21
22
SIM5
SIM1
SIM2
SIM3
SIM4
1
21
22
SIM5
SIM1
SIM2
SIM3
SIM4
1
21
22
SIM5
SIM1
SIM2
SIM3
SIM4
1
21
22
SIM5
SIM1
SIM2
SIM3
SIM4
1
21
22
SIM5
SIM1
SIM2
SIM3
SIM4
1
21
22
SIM5
SIM1
SIM2
SIM3
SIM4
1
21
22
SIM5
SIM1
SIM2
SIM3
SIM4
1
21
22
SIM5
SIM1
SIM2
SIM3
SIM4
1
21
22
SIM5
SIM1
SIM2
SIM3
SIM4
1
21
22
SIM5
SIM1
SIM2
SIM3
SIM4
1
21
22
SIM5
SIM1
SIM2
SIM3
SIM4
1
21
22
SIM5
SIM1
SIM2
SIM3
SIM4
1
21
22
SIM5
SIM1
SIM2
SIM3
SIM4
1
21
22
SIM5
SIM1
SIM2
SIM3
SIM4
1
21
22
SIM5
SIM1
SIM2
SIM3
SIM4
1
21
22
SIM5
SIM1
SIM2
SIM3
SIM4
1
21
22
SIM5
SIM1
SIM2
SIM3
SIM4
1
21
22
SIM5
SIM1
SIM2
SIM3
SIM4
1
21
22
SIM5
SIM1
SIM2
SIM3
SIM4
1
21
22
SIM5
SIM1
SIM2
SIM3
SIM4
1
21
22
SIM5
SIM1
SIM2
SIM3
SIM4
1
21
22
SIM5
SIM1
SIM2
SIM3
SIM4
1
21
22
SIM5
SIM1
SIM2
SIM3
SIM4
1
21
22
SIM5
SIM1
SIM2
SIM3
SIM4
1
21
22
SIM5
SIM1
SIM2
SIM3
SIM4
1
21
22
SIM5
SIM1
SIM2
SIM3
SIM4
1
21
22
SIM5
SIM1
SIM2
SIM3
SIM4
1
21
22
SIM5
SIM1
SIM2
SIM3
SIM4
1
21
22
SIM5
SIM1
SIM2
SIM3
SIM4
1
21
22
SIM5
SIM1
SIM2
SIM3
SIM4
1
21
22
SIM5
SIM1
SIM2
SIM3
SIM4
1
21
22
SIM5
SIM1
SIM2
SIM3
SIM4
1
21
22
SIM5
SIM1
SIM2
SIM3
SIM4
1
21
22
SIM5
SIM1
SIM2
SIM3
SIM4
1
21
22
SIM5
SIM1
SIM2
SIM3
SIM4
1
21
22
SIM5
SIM1
SIM2
SIM3
SIM4
1
21
22
SIM5
SIM1
SIM2
SIM3
SIM4
1
21
22
SIM5
SIM1
SIM2
SIM3
SIM4
1
21
22
SIM5
SIM1
SIM2
SIM3
SIM4
1
21
22
SIM5
SIM1
SIM2
SIM3
SIM4
1
21
22
SIM5
SIM1
SIM2
SIM3
SIM4
1
21
22
SIM5
SIM1
SIM2
SIM3
SIM4
1
21
22
SIM5
SIM1
SIM2
SIM3
SIM4
1
21
22
SIM5
SIM1
SIM2
SIM3
SIM4
1
21
22
SIM5
SIM1
SIM2
SIM3
SIM4
1
21
22
SIM5
SIM1
SIM2
SIM3
SIM4
1
21
22
SIM5
SIM1
SIM2
SIM3
SIM4
1
21
22
SIM5
SIM1
SIM2
SIM3
SIM4
1
21
22
SIM5
SIM1
SIM2
SIM3
SIM4
1
21
22
SIM5
SIM1
SIM2
SIM3
SIM4
1
21
22
SIM5
SIM1
SIM2
SIM3
SIM4
1
21
22
SIM5
SIM1
SIM2
SIM3
SIM4
1
21
22
SIM5
SIM1
SIM2
SIM3
SIM4
1
21
22
SIM5
SIM1
SIM2
SIM3
SIM4
1
21
22
SIM5
SIM1
SIM2
SIM3
SIM4
1
21
22
SIM5
SIM1
SIM2
SIM3
SIM4
1
21
22
SIM5
SIM1
SIM2
SIM3
SIM4
1
21
22
SIM5
SIM1
SIM2
SIM3
SIM4
1
21
22
SIM5
SIM1
SIM2
SIM3
SIM4
1
21
22
SIM5
SIM1
SIM2
SIM3
SIM4
1
21
22
SIM5
SIM1
SIM2
SIM3
SIM4
1
21
22
SIM5
SIM1
SIM2
SIM3
SIM4
1
21
22
SIM5
SIM1
SIM2
SIM3
SIM4
1
21
22
SIM5
SIM1
SIM2
SIM3
SIM4
1
21
22
SIM5
SIM1
SIM2
DEBUG 1 522
SIM1
SIM2
SIM3
SIM4
1
21
22
SIM5
SIM1
SIM2
SIM3
SIM4
1
21
22
SIM5
SIM1
SIM2
SIM3
SIM4
1
21
22
SIM5
SIM1
SIM2
SIM3
SIM4
1
21
22
SIM5
SIM1
SIM2
SIM3
SIM4
1
21
22
SIM5
SIM1
SIM2
SIM3
SIM4
1
21
22
SIM5
SIM1
SIM2
SIM3
SIM4
1
21
22
SIM5
SIM1
SIM2
SIM3
SIM4
1
21
22
SIM5
SIM1
SIM2
SIM3
SIM4
1
21
22
SIM5
SIM1
SIM2
SIM3
SIM4
1
21
22
SIM5
SIM1
SIM2
SIM3
SIM4
1
21
22
SIM5
SIM1
SIM2
SIM3
SIM4
1
21
22
SIM5
SIM1
SIM2
SIM3
SIM4
1
21
22
SIM5
SIM1
SIM2
SIM3
SIM4
1
21
22
SIM5
SIM1
SIM2
SIM3
SIM4
1
21
22
SIM5
SIM1
SIM2
SIM3
SIM4
1
21
22
SIM5
SIM1
SIM2
SIM3
SIM4
1
21
22
SIM5
SIM1
SIM2
SIM3
SIM4
1
21
22
SIM5
SIM1
SIM2
SIM3
SIM4
1
21
22
SIM5
SIM1
SIM2
SIM3
SIM4
1
21
22
SIM5
SIM1
SIM2
SIM3
SIM4
1
21
22
SIM5
SIM1
SIM2
SIM3
SIM4
1
21
22
SIM5
SIM1
SIM2
SIM3
SIM4
1
21
22
SIM5
SIM1
SIM2
SIM3
SIM4
1
21
22
SIM5
SIM1
SIM2
SIM3
SIM4
1
21
22
SIM5
SIM1
SIM2
SIM3
SIM4
1
21
22
SIM5
SIM1
SIM2
SIM3
SIM4
1
21
22
SIM5
SIM1
SIM2
SIM3
SIM4
1
21
22
SIM5
SIM1
SIM2
SIM3
SIM4
1
21
22
SIM5
SIM1
SIM2
SIM3
SIM4
1
21
22
SIM5
SIM1
SIM2
SIM3
SIM4
1
21
22
SIM5
SIM1
SIM2
SIM3
SIM4
1
21
22
SIM5
SIM1
SIM2
SIM3
SIM4
1
21
22
SIM5
SIM1
SIM2
SIM3
SIM4
1
21
22
SIM5
SIM1
SIM2
SIM3
SIM4
1
21
22
SIM5
SIM1
SIM2
SIM3
SIM4
1
21
22
SIM5
SIM1
SIM2
SIM3
SIM4
1
21
22
SIM5
SIM1
SIM2
SIM3
SIM4
1
21
22
SIM5
SIM1
SIM2
SIM3
SIM4
1
21
22
SIM5
SIM1
SIM2
SIM3
SIM4
1
21
22
SIM5
SIM1
SIM2
SIM3
SIM4
1
21
22
SIM5
SIM1
SIM2
SIM3
SIM4
1
21
22
SIM5
SIM1
SIM2
SIM3
SIM4
1
21
22
SIM5
SIM1
SIM2
SIM3
SIM4
1
21
22
SIM5
SIM1
SIM2
SIM3
SIM4
1
21
22
SIM5
SIM1
SIM2
SIM3
SIM4
1
21
22
SIM5
SIM1
SIM2
SIM3
SIM4
1
21
22
SIM5
SIM1
SIM2
SIM3
SIM4
1
21
22
SIM5
SIM1
SIM2
SIM3
SIM4
1
21
22
SIM5
SIM1
SIM2
SIM3
SIM4
1
21
22
SIM5
SIM1
SIM2
SIM3
SIM4
1
21
22
SIM5
SIM1
SIM2
SIM3
SIM4
1
21
22
SIM5
SIM1
SIM2
SIM3
SIM4
1
21
22
SIM5
SIM1
SIM2
SIM3
SIM4
1
21
22
SIM5
SIM1
SIM2
SIM3
SIM4
1
21
22
SIM5
SIM1
SIM2
SIM3
SIM4
1
21
22
SIM5
SIM1
SIM2
SIM3
SIM4
1
21
22
SIM5
SIM1
SIM2
SIM3
SIM4
1
21
22
SIM5
SIM1
SIM2
SIM3
SIM4
1
21
22
SIM5
SIM1
SIM2
SIM3
SIM4
1
21
22
SIM5
SIM1
SIM2
SIM3
SIM4
1
21
22
SIM5
SIM1
SIM2
SIM3
SIM4
1
21
22
SIM5
SIM1
SIM2
SIM3
SIM4
1
21
22
SIM5
SIM1
SIM2
SIM3
SIM4
1
21
22
SIM5
SIM1
SIM2
SIM3
SIM4
1
21
22
SIM5
SIM1
SIM2
SIM3
SIM4
1
21
22
SIM5
SIM1
SIM2
SIM3
SIM4
1
21
22
SIM5
SIM1
SIM2
SIM3
SIM4
1
21
22
SIM5
SIM1
SIM2
SIM3
SIM4
1
21
22
SIM5
SIM1
SIM2
SIM3
SIM4
1
21
22
SIM5
SIM1
SIM2
SIM3
SIM4
1
21
22
SIM5
SIM1
SIM2
SIM3
SIM4
1
21
22
SIM5
SIM1
SIM2
SIM3
SIM4
1
21
22
SIM5
SIM1
SIM2
SIM3
SIM4
1
21
22
SIM5
SIM1
SIM2
SIM3
SIM4
1
21
22
SIM5
SIM1
SIM2
SIM3
SIM4
1
21
22
SIM5
SIM1
SIM2
SIM3
SIM4
1
21
22
SIM5
SIM1
SIM2
SIM3
SIM4
1
21
22
SIM5
SIM1
SIM2
SIM3
SIM4
1
21
22
SIM5
SIM1
SIM2
SIM3
SIM4
1
21
22
SIM5
SIM1
SIM2
SIM3
SIM4
1
21
22
SIM5
SIM1
SIM2
SIM3
SIM4
1
21
22
SIM5
SIM1
SIM2
SIM3
SIM4
1
21
22
SIM5
SIM1
SIM2
SIM3
SIM4
1
21
22
SIM5
SIM1
SIM2
SIM3
SIM4
1
21
22
SIM5
SIM1
SIM2
SIM3
SIM4
1
21
22
SIM5
SIM1
SIM2
SIM3
SIM4
1
21
22
SIM5
SIM1
SIM2
SIM3
SIM4
1
21
22
SIM5
SIM1
SIM2
SIM3
SIM4
1
21
22
SIM5
SIM1
SIM2
SIM3
SIM4
1
21
22
SIM5
SIM1
SIM2
SIM3
SIM4
1
21
22
SIM5
SIM1
SIM2
SIM3
SIM4
1
21
22
SIM5
SIM1
SIM2
SIM3
SIM4
1
21
22
SIM5
SIM1
SIM2
SIM3
SIM4
1
21
22
SIM5
SIM1
SIM2
SIM3
SIM4
1
21
22
SIM5
SIM1
SIM2
SIM3
SIM4
1
21
22
SIM5
SIM1
SIM2
SIM3
SIM4
1
21
22
SIM5
SIM1
SIM2
SIM3
SIM4
1
21
22
SIM5
SIM1
SIM2
SIM3
SIM4
1
21
22
SIM5
SIM1
SIM2
SIM3
SIM4
1
21
22
SIM5
SIM1
SIM2
SIM3
SIM4
1
21
22
SIM5
SIM1
SIM2
SIM3
SIM4
1
21
22
SIM5
SIM1
SIM2
SIM3
SIM4
1
21
22
SIM5
SIM1
SIM2
SIM3
SIM4
1
21
22
SIM5
SIM1
SIM2
SIM3
SIM4
1
21
22
SIM5
SIM1
SIM2
SIM3
SIM4
1
21
22
SIM5
SIM1
SIM2
SIM3
SIM4
1
21
22
SIM5
SIM1
SIM2
SIM3
SIM4
1
21
22
SIM5
SIM1
SIM2
SIM3
SIM4
1
21
22
SIM5
SIM1
SIM2
SIM3
SIM4
1
21
22
SIM5
SIM1
SIM2
SIM3
SIM4
1
21
22
SIM5
SIM1
SIM2
SIM3
SIM4
1
21
22
SIM5
SIM1
SIM2
SIM3
SIM4
1
21
22
SIM5
SIM1
SIM2
SIM3
SIM4
1
21
22
SIM5
SIM1
SIM2
SIM3
SIM4
1
21
22
SIM5
SIM1
SIM2
SIM3
SIM4
1
21
22
SIM5
SIM1
SIM2
SIM3
SIM4
1
21
22
SIM5
SIM1
SIM2
SIM3
SIM4
1
21
22
SIM5
SIM1
SIM2
SIM3
SIM4
1
21
22
SIM5
SIM1
SIM2
SIM3
SIM4
1
21
22
SIM5
SIM1
SIM2
SIM3
SIM4
1
21
22
SIM5
SIM1
SIM2
SIM3
SIM4
1
21
22
SIM5
SIM1
SIM2
SIM3
SIM4
1
21
22
SIM5
SIM1
SIM2
SIM3
SIM4
1
21
22
SIM5
SIM1
SIM2
SIM3
SIM4
1
21
22
SIM5
SIM1
SIM2
SIM3
SIM4
1
21
22
SIM5
SIM1
SIM2
SIM3
SIM4
1
21
22
SIM5
SIM1
SIM2
SIM3
SIM4
1
21
22
SIM5
SIM1
SIM2
SIM3
SIM4
1
21
22
SIM5
SIM1
SIM2
SIM3
SIM4
1
21
22
SIM5
SIM1
SIM2
SIM3
SIM4
1
21
22
SIM5
SIM1
SIM2
SIM3
SIM4
1
21
22
SIM5
SIM1
SIM2
SIM3
SIM4
1
21
22
SIM5
SIM1
SIM2
SIM3
SIM4
1
21
22
SIM5
SIM1
SIM2
SIM3
SIM4
1
21
22
SIM5
SIM1
SIM2
SIM3
SIM4
1
21
22
SIM5
SIM1
SIM2
SIM3
SIM4
1
21
22
SIM5
SIM1
SIM2
SIM3
SIM4
1
21
22
SIM5
SIM1
SIM2
SIM3
SIM4
1
21
22
SIM5
SIM1
SIM2
SIM3
SIM4
1
21
22
SIM5
SIM1
SIM2
SIM3
SIM4
1
21
22
SIM5
SIM1
SIM2
SIM3
SIM4
1
21
22
SIM5
SIM1
SIM2
SIM3
SIM4
1
21
22
SIM5
SIM1
SIM2
SIM3
SIM4
1
21
22
SIM5
SIM1
SIM2
SIM3
SIM4
1
21
22
SIM5
SIM1
SIM2
SIM3
SIM4
1
21
22
SIM5
SIM1
SIM2
SIM3
SIM4
1
21
22
SIM5
SIM1
SIM2
SIM3
SIM4
1
21
22
SIM5
SIM1
SIM2
SIM3
SIM4
1
21
22
SIM5
SIM1
SIM2
SIM3
SIM4
1
21
22
SIM5
SIM1
SIM2
SIM3
SIM4
1
21
22
SIM5
SIM1
SIM2
SIM3
SIM4
1
21
22
SIM5
SIM1
SIM2
SIM3
SIM4
1
21
22
SIM5
SIM1
SIM2
SIM3
SIM4
1
21
22
SIM5
SIM1
SIM2
SIM3
SIM4
1
21
22
SIM5
SIM1
SIM2
SIM3
SIM4
1
21
22
SIM5
SIM1
SIM2
SIM3
SIM4
1
21
22
SIM5
SIM1
SIM2
SIM3
SIM4
1
21
22
SIM5
SIM1
SIM2
SIM3
SIM4
1
21
22
SIM5
SIM1
SIM2
SIM3
SIM4
1
21
22
SIM5
SIM1
SIM2
SIM3
SIM4
1
21
22
SIM5
SIM1
SIM2
SIM3
SIM4
1
21
22
SIM5
SIM1
SIM2
SIM3
SIM4
1
21
22
SIM5
SIM1
SIM2
SIM3
SIM4
1
21
22
SIM5
SIM1
SIM2
SIM3
SIM4
1
21
22
SIM5
SIM1
SIM2
SIM3
SIM4
1
21
22
SIM5
SIM1
SIM2
SIM3
SIM4
1
21
22
SIM5
SIM1
SIM2
SIM3
SIM4
1
21
22
SIM5
SIM1
SIM2
SIM3
SIM4
1
21
22
SIM5
SIM1
SIM2
SIM3
SIM4
1
21
22
SIM5
SIM1
SIM2
SIM3
SIM4
1
21
22
SIM5
SIM1
SIM2
SIM3
SIM4
1
21
22
SIM5
SIM1
SIM2
SIM3
SIM4
1
21
22
SIM5
SIM1
SIM2
SIM3
SIM4
1
21
22
SIM5
SIM1
SIM2
SIM3
SIM4
1
21
22
SIM5
SIM1
SIM2
SIM3
SIM4
1
21
22
SIM5
SIM1
SIM2
SIM3
SIM4
1
21
22
SIM5
SIM1
SIM2
SIM3
SIM4
1
21
22
SIM5
SIM1
SIM2
SIM3
SIM4
1
21
22
SIM5
SIM1
SIM2
SIM3
SIM4
1
21
22
SIM5
SIM1
SIM2
SIM3
SIM4
1
21
22
SIM5
SIM1
SIM2
SIM3
SIM4
1
21
22
SIM5
SIM1
SIM2
SIM3
SIM4
1
21
22
SIM5
SIM1
SIM2
SIM3
SIM4
1
21
22
SIM5
SIM1
SIM2
SIM3
SIM4
1
21
22
SIM5
SIM1
SIM2
SIM3
SIM4
1
21
22
SIM5
SIM1
SIM2
SIM3
SIM4
1
21
22
SIM5
SIM1
SIM2
SIM3
SIM4
1
21
22
SIM5
SIM1
SIM2
SIM3
SIM4
1
21
22
SIM5
SIM1
SIM2
SIM3
SIM4
1
21
22
SIM5
SIM1
SIM2
SIM3
SIM4
1
21
22
SIM5
SIM1
SIM2
SIM3
SIM4
1
21
22
SIM5
SIM1
SIM2
SIM3
SIM4
1
21
22
SIM5
SIM1
SIM2
SIM3
SIM4
1
21
22
SIM5
SIM1
SIM2
SIM3
SIM4
1
21
22
SIM5
SIM1
SIM2
SIM3
SIM4
1
21
22
SIM5
SIM1
SIM2
SIM3
SIM4
1
21
22
SIM5
SIM1
SIM2
SIM3
SIM4
1
21
22
SIM5
SIM1
SIM2
SIM3
SIM4
1
21
22
SIM5
SIM1
SIM2
SIM3
SIM4
1
21
22
SIM5
SIM1
SIM2
SIM3
SIM4
1
21
22
SIM5
SIM1
SIM2
SIM3
SIM4
1
21
22
SIM5
SIM1
SIM2
SIM3
SIM4
1
21
22
SIM5
SIM1
SIM2
SIM3
SIM4
1
21
22
SIM5
SIM1
SIM2
SIM3
SIM4
1
21
22
SIM5
SIM1
SIM2
SIM3
SIM4
1
21
22
SIM5
SIM1
SIM2
SIM3
SIM4
1
21
22
SIM5
SIM1
SIM2
SIM3
SIM4
1
21
22
SIM5
SIM1
SIM2
SIM3
SIM4
1
21
22
SIM5
SIM1
SIM2
SIM3
SIM4
1
21
22
SIM5
SIM1
SIM2
SIM3
SIM4
1
21
22
SIM5
SIM1
SIM2
SIM3
SIM4
1
21
22
SIM5
SIM1
SIM2
SIM3
SIM4
1
21
22
SIM5
SIM1
SIM2
SIM3
SIM4
1
21
22
SIM5
SIM1
SIM2
SIM3
SIM4
1
21
22
SIM5
SIM1
SIM2
SIM3
SIM4
1
21
22
SIM5
SIM1
SIM2
SIM3
SIM4
1
21
22
SIM5
SIM1
SIM2
SIM3
SIM4
1
21
22
SIM5
SIM1
SIM2
SIM3
SIM4
1
21
22
SIM5
SIM1
SIM2
SIM3
SIM4
1
21
22
SIM5
SIM1
SIM2
SIM3
SIM4
1
21
22
SIM5
SIM1
SIM2
SIM3
SIM4
1
21
22
SIM5
SIM1
SIM2
SIM3
SIM4
1
21
22
SIM5
SIM1
SIM2
SIM3
SIM4
1
21
22
SIM5
SIM1
SIM2
SIM3
SIM4
1
21
22
SIM5
SIM1
SIM2
SIM3
SIM4
1
21
22
SIM5
SIM1
SIM2
SIM3
SIM4
1
21
22
SIM5
SIM1
SIM2
SIM3
SIM4
1
21
22
SIM5
SIM1
SIM2
SIM3
SIM4
1
21
22
SIM5
SIM1
SIM2
SIM3
SIM4
1
21
22
SIM5
SIM1
SIM2
SIM3
SIM4
1
21
22
SIM5
SIM1
SIM2
SIM3
SIM4
1
21
22
SIM5
SIM1
SIM2
SIM3
SIM4
1
21
22
SIM5
SIM1
SIM2
SIM3
SIM4
1
21
22
SIM5
SIM1
SIM2
SIM3
SIM4
1
21
22
SIM5
SIM1
SIM2
SIM3
SIM4
1
21
22
SIM5
SIM1
SIM2
SIM3
SIM4
1
21
22
SIM5
SIM1
SIM2
SIM3
SIM4
1
21
22
SIM5
SIM1
SIM2
SIM3
SIM4
1
21
22
SIM5
SIM1
SIM2
SIM3
SIM4
1
21
22
SIM5
SIM1
SIM2
SIM3
SIM4
1
21
22
SIM5
SIM1
SIM2
SIM3
SIM4
1
21
22
SIM5
SIM1
SIM2
SIM3
SIM4
1
21
22
SIM5
SIM1
SIM2
SIM3
SIM4
1
21
22
SIM5
SIM1
SIM2
SIM3
SIM4
1
21
22
SIM5
SIM1
SIM2
SIM3
SIM4
1
21
22
SIM5
SIM1
SIM2
SIM3
SIM4
1
21
22
SIM5
SIM1
SIM2
SIM3
SIM4
1
21
22
SIM5
SIM1
SIM2
SIM3
SIM4
1
21
22
SIM5
SIM1
SIM2
SIM3
SIM4
1
21
22
SIM5
SIM1
SIM2
SIM3
SIM4
1
21
22
SIM5
SIM1
SIM2
SIM3
SIM4
1
21
22
SIM5
SIM1
SIM2
SIM3
SIM4
1
21
22
SIM5
SIM1
SIM2
DEBUG 1 523
SIM1
SIM2
SIM3
SIM4
1
21
22
SIM5
SIM1
SIM2
SIM3
SIM4
1
21
22
SIM5
SIM1
SIM2
SIM3
SIM4
1
21
22
SIM5
SIM1
SIM2
SIM3
SIM4
1
21
22
SIM5
SIM1
SIM2
SIM3
SIM4
1
21
22
SIM5
SIM1
SIM2
SIM3
SIM4
1
21
22
SIM5
SIM1
SIM2
SIM3
SIM4
1
21
22
SIM5
SIM1
SIM2
SIM3
SIM4
1
21
22
SIM5
SIM1
SIM2
SIM3
SIM4
1
21
22
SIM5
SIM1
SIM2
SIM3
SIM4
1
21
22
SIM5
SIM1
SIM2
SIM3
SIM4
1
21
22
SIM5
SIM1
SIM2
SIM3
SIM4
1
21
22
SIM5
SIM1
SIM2
SIM3
SIM4
1
21
22
SIM5
SIM1
SIM2
SIM3
SIM4
1
21
22
SIM5
SIM1
SIM2
SIM3
SIM4
1
21
22
SIM5
SIM1
SIM2
SIM3
SIM4
1
21
22
SIM5
SIM1
SIM2
SIM3
SIM4
1
21
22
SIM5
SIM1
SIM2
SIM3
SIM4
1
21
22
SIM5
SIM1
SIM2
SIM3
SIM4
1
21
22
SIM5
SIM1
SIM2
SIM3
SIM4
1
21
22
SIM5
SIM1
SIM2
SIM3
SIM4
1
21
22
SIM5
SIM1
SIM2
SIM3
SIM4
1
21
22
SIM5
SIM1
SIM2
SIM3
SIM4
1
21
22
SIM5
SIM1
SIM2
SIM3
SIM4
1
21
22
SIM5
SIM1
SIM2
SIM3
SIM4
1
21
22
SIM5
SIM1
SIM2
SIM3
SIM4
1
21
22
SIM5
SIM1
SIM2
SIM3
SIM4
1
21
22
SIM5
SIM1
SIM2
SIM3
SIM4
1
21
22
SIM5
SIM1
SIM2
SIM3
SIM4
1
21
22
SIM5
SIM1
SIM2
SIM3
SIM4
1
21
22
SIM5
SIM1
SIM2
SIM3
SIM4
1
21
22
SIM5
SIM1
SIM2
SIM3
SIM4
1
21
22
SIM5
SIM1
SIM2
SIM3
SIM4
1
21
22
SIM5
SIM1
SIM2
SIM3
SIM4
1
21
22
SIM5
SIM1
SIM2
SIM3
SIM4
1
21
22
SIM5
SIM1
SIM2
SIM3
SIM4
1
21
22
SIM5
SIM1
SIM2
SIM3
SIM4
1
21
22
SIM5
SIM1
SIM2
SIM3
SIM4
1
21
22
SIM5
SIM1
SIM2
SIM3
SIM4
1
21
22
SIM5
SIM1
SIM2
SIM3
SIM4
1
21
22
SIM5
SIM1
SIM2
SIM3
SIM4
1
21
22
SIM5
SIM1
SIM2
SIM3
SIM4
1
21
22
SIM5
SIM1
SIM2
SIM3
SIM4
1
21
22
SIM5
SIM1
SIM2
SIM3
SIM4
1
21
22
SIM5
SIM1
SIM2
SIM3
SIM4
1
21
22
SIM5
SIM1
SIM2
SIM3
SIM4
1
21
22
SIM5
SIM1
SIM2
SIM3
SIM4
1
21
22
SIM5
SIM1
SIM2
SIM3
SIM4
1
21
22
SIM5
SIM1
SIM2
SIM3
SIM4
1
21
22
SIM5
SIM1
SIM2
SIM3
SIM4
1
21
22
SIM5
SIM1
SIM2
SIM3
SIM4
1
21
22
SIM5
SIM1
SIM2
SIM3
SIM4
1
21
22
SIM5
SIM1
SIM2
SIM3
SIM4
1
21
22
SIM5
SIM1
SIM2
SIM3
SIM4
1
21
22
SIM5
SIM1
SIM2
SIM3
SIM4
1
21
22
SIM5
SIM1
SIM2
SIM3
SIM4
1
21
22
SIM5
SIM1
SIM2
SIM3
SIM4
1
21
22
SIM5
SIM1
SIM2
SIM3
SIM4
1
21
22
SIM5
SIM1
SIM2
SIM3
SIM4
1
21
22
SIM5
SIM1
SIM2
SIM3
SIM4
1
21
22
SIM5
SIM1
SIM2
SIM3
SIM4
1
21
22
SIM5
SIM1
SIM2
SIM3
SIM4
1
21
22
SIM5
SIM1
SIM2
SIM3
SIM4
1
21
22
SIM5
SIM1
SIM2
SIM3
SIM4
1
21
22
SIM5
SIM1
SIM2
SIM3
SIM4
1
21
22
SIM5
SIM1
SIM2
SIM3
SIM4
1
21
22
SIM5
SIM1
SIM2
SIM3
SIM4
1
21
22
SIM5
SIM1
SIM2
SIM3
SIM4
1
21
22
SIM5
SIM1
SIM2
SIM3
SIM4
1
21
22
SIM5
SIM1
SIM2
SIM3
SIM4
1
21
22
SIM5
SIM1
SIM2
SIM3
SIM4
1
21
22
SIM5
SIM1
SIM2
SIM3
SIM4
1
21
22
SIM5
SIM1
SIM2
SIM3
SIM4
1
21
22
SIM5
SIM1
SIM2
SIM3
SIM4
1
21
22
SIM5
SIM1
SIM2
SIM3
SIM4
1
21
22
SIM5
SIM1
SIM2
SIM3
SIM4
1
21
22
SIM5
SIM1
SIM2
SIM3
SIM4
1
21
22
SIM5
SIM1
SIM2
SIM3
SIM4
1
21
22
SIM5
SIM1
SIM2
SIM3
SIM4
1
21
22
SIM5
SIM1
SIM2
SIM3
SIM4
1
21
22
SIM5
SIM1
SIM2
SIM3
SIM4
1
21
22
SIM5
SIM1
SIM2
SIM3
SIM4
1
21
22
SIM5
SIM1
SIM2
SIM3
SIM4
1
21
22
SIM5
SIM1
SIM2
SIM3
SIM4
1
21
22
SIM5
SIM1
SIM2
SIM3
SIM4
1
21
22
SIM5
SIM1
SIM2
SIM3
SIM4
1
21
22
SIM5
SIM1
SIM2
SIM3
SIM4
1
21
22
SIM5
SIM1
SIM2
SIM3
SIM4
1
21
22
SIM5
SIM1
SIM2
SIM3
SIM4
1
21
22
SIM5
SIM1
SIM2
SIM3
SIM4
1
21
22
SIM5
SIM1
SIM2
SIM3
SIM4
1
21
22
SIM5
SIM1
SIM2
SIM3
SIM4
1
21
22
SIM5
SIM1
SIM2
SIM3
SIM4
1
21
22
SIM5
SIM1
SIM2
SIM3
SIM4
1
21
22
SIM5
SIM1
SIM2
SIM3
SIM4
1
21
22
SIM5
SIM1
SIM2
SIM3
SIM4
1
21
22
SIM5
SIM1
SIM2
SIM3
SIM4
1
21
22
SIM5
SIM1
SIM2
SIM3
SIM4
1
21
22
SIM5
SIM1
SIM2
SIM3
SIM4
1
21
22
SIM5
SIM1
SIM2
SIM3
SIM4
1
21
22
SIM5
SIM1
SIM2
SIM3
SIM4
1
21
22
SIM5
SIM1
SIM2
SIM3
SIM4
1
21
22
SIM5
SIM1
SIM2
SIM3
SIM4
1
21
22
SIM5
SIM1
SIM2
SIM3
SIM4
1
21
22
SIM5
SIM1
SIM2
SIM3
SIM4
1
21
22
SIM5
SIM1
SIM2
SIM3
SIM4
1
21
22
SIM5
SIM1
SIM2
SIM3
SIM4
1
21
22
SIM5
SIM1
SIM2
SIM3
SIM4
1
21
22
SIM5
SIM1
SIM2
SIM3
SIM4
1
21
22
SIM5
SIM1
SIM2
SIM3
SIM4
1
21
22
SIM5
SIM1
SIM2
SIM3
SIM4
1
21
22
SIM5
SIM1
SIM2
SIM3
SIM4
1
21
22
SIM5
SIM1
SIM2
SIM3
SIM4
1
21
22
SIM5
SIM1
SIM2
SIM3
SIM4
1
21
22
SIM5
SIM1
SIM2
SIM3
SIM4
1
21
22
SIM5
SIM1
SIM2
SIM3
SIM4
1
21
22
SIM5
SIM1
SIM2
SIM3
SIM4
1
21
22
SIM5
SIM1
SIM2
SIM3
SIM4
1
21
22
SIM5
SIM1
SIM2
SIM3
SIM4
1
21
22
SIM5
SIM1
SIM2
SIM3
SIM4
1
21
22
SIM5
SIM1
SIM2
SIM3
SIM4
1
21
22
SIM5
SIM1
SIM2
SIM3
SIM4
1
21
22
SIM5
SIM1
SIM2
SIM3
SIM4
1
21
22
SIM5
SIM1
SIM2
SIM3
SIM4
1
21
22
SIM5
SIM1
SIM2
SIM3
SIM4
1
21
22
SIM5
SIM1
SIM2
SIM3
SIM4
1
21
22
SIM5
SIM1
SIM2
SIM3
SIM4
1
21
22
SIM5
SIM1
SIM2
SIM3
SIM4
1
21
22
SIM5
SIM1
SIM2
SIM3
SIM4
1
21
22
SIM5
SIM1
SIM2
SIM3
SIM4
1
21
22
SIM5
SIM1
SIM2
SIM3
SIM4
1
21
22
SIM5
SIM1
SIM2
SIM3
SIM4
1
21
22
SIM5
SIM1
SIM2
SIM3
SIM4
1
21
22
SIM5
SIM1
SIM2
SIM3
SIM4
1
21
22
SIM5
SIM1
SIM2
SIM3
SIM4
1
21
22
SIM5
SIM1
SIM2
SIM3
SIM4
1
21
22
SIM5
SIM1
SIM2
SIM3
SIM4
1
21
22
SIM5
SIM1
SIM2
SIM3
SIM4
1
21
22
SIM5
SIM1
SIM2
SIM3
SIM4
1
21
22
SIM5
SIM1
SIM2
SIM3
SIM4
1
21
22
SIM5
SIM1
SIM2
SIM3
SIM4
1
21
22
SIM5
SIM1
SIM2
SIM3
SIM4
1
21
22
SIM5
SIM1
SIM2
SIM3
SIM4
1
21
22
SIM5
SIM1
SIM2
SIM3
SIM4
1
21
22
SIM5
SIM1
SIM2
SIM3
SIM4
1
21
22
SIM5
SIM1
SIM2
SIM3
SIM4
1
21
22
SIM5
SIM1
SIM2
SIM3
SIM4
1
21
22
SIM5
SIM1
SIM2
SIM3
SIM4
1
21
22
SIM5
SIM1
SIM2
SIM3
SIM4
1
21
22
SIM5
SIM1
SIM2
SIM3
SIM4
1
21
22
SIM5
SIM1
SIM2
SIM3
SIM4
1
21
22
SIM5
SIM1
SIM2
SIM3
SIM4
1
21
22
SIM5
SIM1
SIM2
SIM3
SIM4
1
21
22
SIM5
SIM1
SIM2
SIM3
SIM4
1
21
22
SIM5
SIM1
SIM2
SIM3
SIM4
1
21
22
SIM5
SIM1
SIM2
SIM3
SIM4
1
21
22
SIM5
SIM1
SIM2
SIM3
SIM4
1
21
22
SIM5
SIM1
SIM2
SIM3
SIM4
1
21
22
SIM5
SIM1
SIM2
SIM3
SIM4
1
21
22
SIM5
SIM1
SIM2
SIM3
SIM4
1
21
22
SIM5
SIM1
SIM2
SIM3
SIM4
1
21
22
SIM5
SIM1
SIM2
SIM3
SIM4
1
21
22
SIM5
SIM1
SIM2
SIM3
SIM4
1
21
22
SIM5
SIM1
SIM2
SIM3
SIM4
1
21
22
SIM5
SIM1
SIM2
SIM3
SIM4
1
21
22
SIM5
SIM1
SIM2
SIM3
SIM4
1
21
22
SIM5
SIM1
SIM2
SIM3
SIM4
1
21
22
SIM5
SIM1
SIM2
SIM3
SIM4
1
21
22
SIM5
SIM1
SIM2
SIM3
SIM4
1
21
22
SIM5
SIM1
SIM2
SIM3
SIM4
1
21
22
SIM5
SIM1
SIM2
SIM3
SIM4
1
21
22
SIM5
SIM1
SIM2
SIM3
SIM4
1
21
22
SIM5
SIM1
SIM2
SIM3
SIM4
1
21
22
SIM5
SIM1
SIM2
SIM3
SIM4
1
21
22
SIM5
SIM1
SIM2
SIM3
SIM4
1
21
22
SIM5
SIM1
SIM2
SIM3
SIM4
1
21
22
SIM5
SIM1
SIM2
SIM3
SIM4
1
21
22
SIM5
SIM1
SIM2
SIM3
SIM4
1
21
22
SIM5
SIM1
SIM2
SIM3
SIM4
1
21
22
SIM5
SIM1
SIM2
SIM3
SIM4
1
21
22
SIM5
SIM1
SIM2
SIM3
SIM4
1
21
22
SIM5
SIM1
SIM2
SIM3
SIM4
1
21
22
SIM5
SIM1
SIM2
SIM3
SIM4
1
21
22
SIM5
SIM1
SIM2
SIM3
SIM4
1
21
22
SIM5
SIM1
SIM2
SIM3
SIM4
1
21
22
SIM5
SIM1
SIM2
SIM3
SIM4
1
21
22
SIM5
SIM1
SIM2
SIM3
SIM4
1
21
22
SIM5
SIM1
SIM2
SIM3
SIM4
1
21
22
SIM5
SIM1
SIM2
SIM3
SIM4
1
21
22
SIM5
SIM1
SIM2
SIM3
SIM4
1
21
22
SIM5
SIM1
SIM2
SIM3
SIM4
1
21
22
SIM5
SIM1
SIM2
SIM3
SIM4
1
21
22
SIM5
SIM1
SIM2
SIM3
SIM4
1
21
22
SIM5
SIM1
SIM2
SIM3
SIM4
1
21
22
SIM5
SIM1
SIM2
SIM3
SIM4
1
21
22
SIM5
SIM1
SIM2
SIM3
SIM4
1
21
22
SIM5
SIM1
SIM2
SIM3
SIM4
1
21
22
SIM5
SIM1
SIM2
SIM3
SIM4
1
21
22
SIM5
SIM1
SIM2
SIM3
SIM4
1
21
22
SIM5
SIM1
SIM2
SIM3
SIM4
1
21
22
SIM5
SIM1
SIM2
SIM3
SIM4
1
21
22
SIM5
SIM1
SIM2
SIM3
SIM4
1
21
22
SIM5
SIM1
SIM2
SIM3
SIM4
1
21
22
SIM5
SIM1
SIM2
SIM3
SIM4
1
21
22
SIM5
SIM1
SIM2
SIM3
SIM4
1
21
22
SIM5
SIM1
SIM2
SIM3
SIM4
1
21
22
SIM5
SIM1
SIM2
SIM3
SIM4
1
21
22
SIM5
SIM1
SIM2
SIM3
SIM4
1
21
22
SIM5
SIM1
SIM2
SIM3
SIM4
1
21
22
SIM5
SIM1
SIM2
SIM3
SIM4
1
21
22
SIM5
SIM1
SIM2
SIM3
SIM4
1
21
22
SIM5
SIM1
SIM2
SIM3
SIM4
1
21
22
SIM5
SIM1
SIM2
SIM3
SIM4
1
21
22
SIM5
SIM1
SIM2
SIM3
SIM4
1
21
22
SIM5
SIM1
SIM2
SIM3
SIM4
1
21
22
SIM5
SIM1
SIM2
SIM3
SIM4
1
21
22
SIM5
SIM1
SIM2
SIM3
SIM4
1
21
22
SIM5
SIM1
SIM2
SIM3
SIM4
1
21
22
SIM5
SIM1
SIM2
SIM3
SIM4
1
21
22
SIM5
SIM1
SIM2
SIM3
SIM4
1
21
22
SIM5
SIM1
SIM2
SIM3
SIM4
1
21
22
SIM5
SIM1
SIM2
SIM3
SIM4
1
21
22
SIM5
SIM1
SIM2
SIM3
SIM4
1
21
22
SIM5
SIM1
SIM2
SIM3
SIM4
1
21
22
SIM5
SIM1
SIM2
SIM3
SIM4
1
21
22
SIM5
SIM1
SIM2
SIM3
SIM4
1
21
22
SIM5
SIM1
SIM2
SIM3
SIM4
1
21
22
SIM5
SIM1
SIM2
SIM3
SIM4
1
21
22
SIM5
SIM1
SIM2
SIM3
SIM4
1
21
22
SIM5
SIM1
SIM2
SIM3
SIM4
1
21
22
SIM5
SIM1
SIM2
SIM3
SIM4
1
21
22
SIM5
SIM1
SIM2
SIM3
SIM4
1
21
22
SIM5
SIM1
SIM2
SIM3
SIM4
1
21
22
SIM5
SIM1
SIM2
SIM3
SIM4
1
21
22
SIM5
SIM1
SIM2
SIM3
SIM4
1
21
22
SIM5
SIM1
SIM2
SIM3
SIM4
1
21
22
SIM5
SIM1
SIM2
SIM3
SIM4
1
21
22
SIM5
SIM1
SIM2
SIM3
SIM4
1
21
22
SIM5
SIM1
SIM2
SIM3
SIM4
1
21
22
SIM5
SIM1
SIM2
SIM3
SIM4
1
21
22
SIM5
SIM1
SIM2
SIM3
SIM4
1
21
22
SIM5
SIM1
SIM2
SIM3
SIM4
1
21
22
SIM5
SIM1
SIM2
SIM3
SIM4
1
21
22
SIM5
SIM1
SIM2
SIM3
SIM4
1
21
22
SIM5
SIM1
SIM2
SIM3
SIM4
1
21
22
SIM5
SIM1
SIM2
SIM3
SIM4
1
21
22
SIM5
SIM1
SIM2
SIM3
SIM4
1
21
22
SIM5
SIM1
SIM2
SIM3
SIM4
1
21
22
SIM5
SIM1
SIM2
SIM3
SIM4
1
21
22
SIM5
SIM1
SIM2
SIM3
SIM4
1
21
22
SIM5
SIM1
SIM2
SIM3
SIM4
1
21
22
SIM5
SIM1
SIM2
SIM3
SIM4
1
21
22
SIM5
SIM1
SIM2
SIM3
SIM4
1
21
22
SIM5
SIM1
SIM2
SIM3
SIM4
1
21
22
SIM5
SIM1
SIM2
SIM3
SIM4
1
21
22
SIM5
SIM1
SIM2
SIM3
SIM4
1
21
22
SIM5
SIM1
SIM2
SIM3
SIM4
1
21
22
SIM5
SIM1
SIM2
SIM3
SIM4
1
21
22
SIM5
SIM1
SIM2
SIM3
SIM4
1
21
22
SIM5
SIM1
SIM2
SIM3
SIM4
1
21
22
SIM5
SIM1
SIM2
SIM3
SIM4
1
21
22
SIM5
SIM1
SIM2
SIM3
SIM4
1
21
22
SIM5
SIM1
SIM2
SIM3
SIM4
1
21
22
SIM5
SIM1
SIM2
DEBUG 1 524
SIM1
SIM2
SIM3
SIM4
1
21
22
SIM5
SIM1
SIM2
SIM3
SIM4
1
21
22
SIM5
SIM1
SIM2
SIM3
SIM4
1
21
22
SIM5
SIM1
SIM2
SIM3
SIM4
1
21
22
SIM5
SIM1
SIM2
SIM3
SIM4
1
21
22
SIM5
SIM1
SIM2
SIM3
SIM4
1
21
22
SIM5
SIM1
SIM2
SIM3
SIM4
1
21
22
SIM5
SIM1
SIM2
SIM3
SIM4
1
21
22
SIM5
SIM1
SIM2
SIM3
SIM4
1
21
22
SIM5
SIM1
SIM2
SIM3
SIM4
1
21
22
SIM5
SIM1
SIM2
SIM3
SIM4
1
21
22
SIM5
SIM1
SIM2
SIM3
SIM4
1
21
22
SIM5
SIM1
SIM2
SIM3
SIM4
1
21
22
SIM5
SIM1
SIM2
SIM3
SIM4
1
21
22
SIM5
SIM1
SIM2
SIM3
SIM4
1
21
22
SIM5
SIM1
SIM2
SIM3
SIM4
1
21
22
SIM5
SIM1
SIM2
SIM3
SIM4
1
21
22
SIM5
SIM1
SIM2
SIM3
SIM4
1
21
22
SIM5
SIM1
SIM2
SIM3
SIM4
1
21
22
SIM5
SIM1
SIM2
SIM3
SIM4
1
21
22
SIM5
SIM1
SIM2
SIM3
SIM4
1
21
22
SIM5
SIM1
SIM2
SIM3
SIM4
1
21
22
SIM5
SIM1
SIM2
SIM3
SIM4
1
21
22
SIM5
SIM1
SIM2
SIM3
SIM4
1
21
22
SIM5
SIM1
SIM2
SIM3
SIM4
1
21
22
SIM5
SIM1
SIM2
SIM3
SIM4
1
21
22
SIM5
SIM1
SIM2
SIM3
SIM4
1
21
22
SIM5
SIM1
SIM2
SIM3
SIM4
1
21
22
SIM5
SIM1
SIM2
SIM3
SIM4
1
21
22
SIM5
SIM1
SIM2
SIM3
SIM4
1
21
22
SIM5
SIM1
SIM2
SIM3
SIM4
1
21
22
SIM5
SIM1
SIM2
SIM3
SIM4
1
21
22
SIM5
SIM1
SIM2
SIM3
SIM4
1
21
22
SIM5
SIM1
SIM2
SIM3
SIM4
1
21
22
SIM5
SIM1
SIM2
SIM3
SIM4
1
21
22
SIM5
SIM1
SIM2
SIM3
SIM4
1
21
22
SIM5
SIM1
SIM2
SIM3
SIM4
1
21
22
SIM5
SIM1
SIM2
SIM3
SIM4
1
21
22
SIM5
SIM1
SIM2
SIM3
SIM4
1
21
22
SIM5
SIM1
SIM2
SIM3
SIM4
1
21
22
SIM5
SIM1
SIM2
SIM3
SIM4
1
21
22
SIM5
SIM1
SIM2
SIM3
SIM4
1
21
22
SIM5
SIM1
SIM2
SIM3
SIM4
1
21
22
SIM5
SIM1
SIM2
SIM3
SIM4
1
21
22
SIM5
SIM1
SIM2
SIM3
SIM4
1
21
22
SIM5
SIM1
SIM2
SIM3
SIM4
1
21
22
SIM5
SIM1
SIM2
SIM3
SIM4
1
21
22
SIM5
SIM1
SIM2
SIM3
SIM4
1
21
22
SIM5
SIM1
SIM2
SIM3
SIM4
1
21
22
SIM5
SIM1
SIM2
SIM3
SIM4
1
21
22
SIM5
SIM1
SIM2
SIM3
SIM4
1
21
22
SIM5
SIM1
SIM2
SIM3
SIM4
1
21
22
SIM5
SIM1
SIM2
SIM3
SIM4
1
21
22
SIM5
SIM1
SIM2
SIM3
SIM4
1
21
22
SIM5
SIM1
SIM2
SIM3
SIM4
1
21
22
SIM5
SIM1
SIM2
SIM3
SIM4
1
21
22
SIM5
SIM1
SIM2
SIM3
SIM4
1
21
22
SIM5
SIM1
SIM2
SIM3
SIM4
1
21
22
SIM5
SIM1
SIM2
SIM3
SIM4
1
21
22
SIM5
SIM1
SIM2
SIM3
SIM4
1
21
22
SIM5
SIM1
SIM2
SIM3
SIM4
1
21
22
SIM5
SIM1
SIM2
SIM3
SIM4
1
21
22
SIM5
SIM1
SIM2
SIM3
SIM4
1
21
22
SIM5
SIM1
SIM2
SIM3
SIM4
1
21
22
SIM5
SIM1
SIM2
SIM3
SIM4
1
21
22
SIM5
SIM1
SIM2
SIM3
SIM4
1
21
22
SIM5
SIM1
SIM2
SIM3
SIM4
1
21
22
SIM5
SIM1
SIM2
SIM3
SIM4
1
21
22
SIM5
SIM1
SIM2
SIM3
SIM4
1
21
22
SIM5
SIM1
SIM2
SIM3
SIM4
1
21
22
SIM5
SIM1
SIM2
SIM3
SIM4
1
21
22
SIM5
SIM1
SIM2
SIM3
SIM4
1
21
22
SIM5
SIM1
SIM2
SIM3
SIM4
1
21
22
SIM5
SIM1
SIM2
SIM3
SIM4
1
21
22
SIM5
SIM1
SIM2
SIM3
SIM4
1
21
22
SIM5
SIM1
SIM2
SIM3
SIM4
1
21
22
SIM5
SIM1
SIM2
SIM3
SIM4
1
21
22
SIM5
SIM1
SIM2
SIM3
SIM4
1
21
22
SIM5
SIM1
SIM2
SIM3
SIM4
1
21
22
SIM5
SIM1
SIM2
SIM3
SIM4
1
21
22
SIM5
SIM1
SIM2
SIM3
SIM4
1
21
22
SIM5
SIM1
SIM2
SIM3
SIM4
1
21
22
SIM5
SIM1
SIM2
SIM3
SIM4
1
21
22
SIM5
SIM1
SIM2
SIM3
SIM4
1
21
22
SIM5
SIM1
SIM2
SIM3
SIM4
1
21
22
SIM5
SIM1
SIM2
SIM3
SIM4
1
21
22
SIM5
SIM1
SIM2
SIM3
SIM4
1
21
22
SIM5
SIM1
SIM2
SIM3
SIM4
1
21
22
SIM5
SIM1
SIM2
SIM3
SIM4
1
21
22
SIM5
SIM1
SIM2
SIM3
SIM4
1
21
22
SIM5
SIM1
SIM2
SIM3
SIM4
1
21
22
SIM5
SIM1
SIM2
SIM3
SIM4
1
21
22
SIM5
SIM1
SIM2
SIM3
SIM4
1
21
22
SIM5
SIM1
SIM2
SIM3
SIM4
1
21
22
SIM5
SIM1
SIM2
SIM3
SIM4
1
21
22
SIM5
SIM1
SIM2
SIM3
SIM4
1
21
22
SIM5
SIM1
SIM2
SIM3
SIM4
1
21
22
SIM5
SIM1
SIM2
SIM3
SIM4
1
21
22
SIM5
SIM1
SIM2
SIM3
SIM4
1
21
22
SIM5
SIM1
SIM2
SIM3
SIM4
1
21
22
SIM5
SIM1
SIM2
SIM3
SIM4
1
21
22
SIM5
SIM1
SIM2
SIM3
SIM4
1
21
22
SIM5
SIM1
SIM2
SIM3
SIM4
1
21
22
SIM5
SIM1
SIM2
SIM3
SIM4
1
21
22
SIM5
SIM1
SIM2
SIM3
SIM4
1
21
22
SIM5
SIM1
SIM2
SIM3
SIM4
1
21
22
SIM5
SIM1
SIM2
SIM3
SIM4
1
21
22
SIM5
SIM1
SIM2
SIM3
SIM4
1
21
22
SIM5
SIM1
SIM2
SIM3
SIM4
1
21
22
SIM5
SIM1
SIM2
SIM3
SIM4
1
21
22
SIM5
SIM1
SIM2
SIM3
SIM4
1
21
22
SIM5
SIM1
SIM2
SIM3
SIM4
1
21
22
SIM5
SIM1
SIM2
SIM3
SIM4
1
21
22
SIM5
SIM1
SIM2
SIM3
SIM4
1
21
22
SIM5
SIM1
SIM2
SIM3
SIM4
1
21
22
SIM5
SIM1
SIM2
SIM3
SIM4
1
21
22
SIM5
SIM1
SIM2
SIM3
SIM4
1
21
22
SIM5
SIM1
SIM2
SIM3
SIM4
1
21
22
SIM5
SIM1
SIM2
SIM3
SIM4
1
21
22
SIM5
SIM1
SIM2
SIM3
SIM4
1
21
22
SIM5
SIM1
SIM2
SIM3
SIM4
1
21
22
SIM5
SIM1
SIM2
DEBUG 1 525
SIM1
SIM2
SIM3
SIM4
1
21
22
SIM5
SIM1
SIM2
SIM3
SIM4
1
21
22
SIM5
SIM1
SIM2
SIM3
SIM4
1
21
22
SIM5
SIM1
SIM2
SIM3
SIM4
1
21
22
SIM5
SIM1
SIM2
SIM3
SIM4
1
21
22
SIM5
SIM1
SIM2
SIM3
SIM4
1
21
22
SIM5
SIM1
SIM2
SIM3
SIM4
1
21
22
SIM5
SIM1
SIM2
SIM3
SIM4
1
21
22
SIM5
SIM1
SIM2
SIM3
SIM4
1
21
22
SIM5
SIM1
SIM2
SIM3
SIM4
1
21
22
SIM5
SIM1
SIM2
SIM3
SIM4
1
21
22
SIM5
SIM1
SIM2
SIM3
SIM4
1
21
22
SIM5
SIM1
SIM2
SIM3
SIM4
1
21
22
SIM5
SIM1
SIM2
SIM3
SIM4
1
21
22
SIM5
SIM1
SIM2
SIM3
SIM4
1
21
22
SIM5
SIM1
SIM2
SIM3
SIM4
1
21
22
SIM5
SIM1
SIM2
SIM3
SIM4
1
21
22
SIM5
SIM1
SIM2
SIM3
SIM4
1
21
22
SIM5
SIM1
SIM2
SIM3
SIM4
1
21
22
SIM5
SIM1
SIM2
SIM3
SIM4
1
21
22
SIM5
SIM1
SIM2
SIM3
SIM4
1
21
22
SIM5
SIM1
SIM2
SIM3
SIM4
1
21
22
SIM5
SIM1
SIM2
SIM3
SIM4
1
21
22
SIM5
SIM1
SIM2
SIM3
SIM4
1
21
22
SIM5
SIM1
SIM2
SIM3
SIM4
1
21
22
SIM5
SIM1
SIM2
SIM3
SIM4
1
21
22
SIM5
SIM1
SIM2
SIM3
SIM4
1
21
22
SIM5
SIM1
SIM2
SIM3
SIM4
1
21
22
SIM5
SIM1
SIM2
SIM3
SIM4
1
21
22
SIM5
SIM1
SIM2
SIM3
SIM4
1
21
22
SIM5
SIM1
SIM2
SIM3
SIM4
1
21
22
SIM5
SIM1
SIM2
SIM3
SIM4
1
21
22
SIM5
SIM1
SIM2
SIM3
SIM4
1
21
22
SIM5
SIM1
SIM2
SIM3
SIM4
1
21
22
SIM5
SIM1
SIM2
SIM3
SIM4
1
21
22
SIM5
SIM1
SIM2
SIM3
SIM4
1
21
22
SIM5
SIM1
SIM2
SIM3
SIM4
1
21
22
SIM5
SIM1
SIM2
SIM3
SIM4
1
21
22
SIM5
SIM1
SIM2
SIM3
SIM4
1
21
22
SIM5
SIM1
SIM2
SIM3
SIM4
1
21
22
SIM5
SIM1
SIM2
SIM3
SIM4
1
21
22
SIM5
SIM1
SIM2
SIM3
SIM4
1
21
22
SIM5
SIM1
SIM2
SIM3
SIM4
1
21
22
SIM5
SIM1
SIM2
SIM3
SIM4
1
21
22
SIM5
SIM1
SIM2
SIM3
SIM4
1
21
22
SIM5
SIM1
SIM2
SIM3
SIM4
1
21
22
SIM5
SIM1
SIM2
SIM3
SIM4
1
21
22
SIM5
SIM1
SIM2
SIM3
SIM4
1
21
22
SIM5
SIM1
SIM2
SIM3
SIM4
1
21
22
SIM5
SIM1
SIM2
SIM3
SIM4
1
21
22
SIM5
SIM1
SIM2
SIM3
SIM4
1
21
22
SIM5
SIM1
SIM2
SIM3
SIM4
1
21
22
SIM5
SIM1
SIM2
SIM3
SIM4
1
21
22
SIM5
SIM1
SIM2
SIM3
SIM4
1
21
22
SIM5
SIM1
SIM2
SIM3
SIM4
1
21
22
SIM5
SIM1
SIM2
SIM3
SIM4
1
21
22
SIM5
SIM1
SIM2
SIM3
SIM4
1
21
22
SIM5
SIM1
SIM2
SIM3
SIM4
1
21
22
SIM5
SIM1
SIM2
SIM3
SIM4
1
21
22
SIM5
SIM1
SIM2
SIM3
SIM4
1
21
22
SIM5
SIM1
SIM2
SIM3
SIM4
1
21
22
SIM5
SIM1
SIM2
SIM3
SIM4
1
21
22
SIM5
SIM1
SIM2
SIM3
SIM4
1
21
22
SIM5
SIM1
SIM2
SIM3
SIM4
1
21
22
SIM5
SIM1
SIM2
SIM3
SIM4
1
21
22
SIM5
SIM1
SIM2
SIM3
SIM4
1
21
22
SIM5
SIM1
SIM2
SIM3
SIM4
1
21
22
SIM5
SIM1
SIM2
SIM3
SIM4
1
21
22
SIM5
SIM1
SIM2
SIM3
SIM4
1
21
22
SIM5
SIM1
SIM2
SIM3
SIM4
1
21
22
SIM5
SIM1
SIM2
SIM3
SIM4
1
21
22
SIM5
SIM1
SIM2
SIM3
SIM4
1
21
22
SIM5
SIM1
SIM2
SIM3
SIM4
1
21
22
SIM5
SIM1
SIM2
SIM3
SIM4
1
21
22
SIM5
SIM1
SIM2
SIM3
SIM4
1
21
22
SIM5
SIM1
SIM2
SIM3
SIM4
1
21
22
SIM5
SIM1
SIM2
SIM3
SIM4
1
21
22
SIM5
SIM1
SIM2
SIM3
SIM4
1
21
22
SIM5
SIM1
SIM2
SIM3
SIM4
1
21
22
SIM5
SIM1
SIM2
SIM3
SIM4
1
21
22
SIM5
SIM1
SIM2
SIM3
SIM4
1
21
22
SIM5
SIM1
SIM2
SIM3
SIM4
1
21
22
SIM5
SIM1
SIM2
SIM3
SIM4
1
21
22
SIM5
SIM1
SIM2
SIM3
SIM4
1
21
22
SIM5
SIM1
SIM2
SIM3
SIM4
1
21
22
SIM5
SIM1
SIM2
SIM3
SIM4
1
21
22
SIM5
SIM1
SIM2
SIM3
SIM4
1
21
22
SIM5
SIM1
SIM2
SIM3
SIM4
1
21
22
SIM5
SIM1
SIM2
SIM3
SIM4
1
21
22
SIM5
SIM1
SIM2
SIM3
SIM4
1
21
22
SIM5
SIM1
SIM2
SIM3
SIM4
1
21
22
SIM5
SIM1
SIM2
SIM3
SIM4
1
21
22
SIM5
SIM1
SIM2
SIM3
SIM4
1
21
22
SIM5
SIM1
SIM2
SIM3
SIM4
1
21
22
SIM5
SIM1
SIM2
SIM3
SIM4
1
21
22
SIM5
SIM1
SIM2
SIM3
SIM4
1
21
22
SIM5
SIM1
SIM2
SIM3
SIM4
1
21
22
SIM5
SIM1
SIM2
SIM3
SIM4
1
21
22
SIM5
SIM1
SIM2
SIM3
SIM4
1
21
22
SIM5
SIM1
SIM2
SIM3
SIM4
1
21
22
SIM5
SIM1
SIM2
SIM3
SIM4
1
21
22
SIM5
SIM1
SIM2
SIM3
SIM4
1
21
22
SIM5
SIM1
SIM2
SIM3
SIM4
1
21
22
SIM5
SIM1
SIM2
SIM3
SIM4
1
21
22
SIM5
SIM1
SIM2
SIM3
SIM4
1
21
22
SIM5
SIM1
SIM2
SIM3
SIM4
1
21
22
SIM5
SIM1
SIM2
SIM3
SIM4
1
21
22
SIM5
SIM1
SIM2
SIM3
SIM4
1
21
22
SIM5
SIM1
SIM2
SIM3
SIM4
1
21
22
SIM5
SIM1
SIM2
SIM3
SIM4
1
21
22
SIM5
SIM1
SIM2
SIM3
SIM4
1
21
22
SIM5
SIM1
SIM2
SIM3
SIM4
1
21
22
SIM5
SIM1
SIM2
SIM3
SIM4
1
21
22
SIM5
SIM1
SIM2
SIM3
SIM4
1
21
22
SIM5
SIM1
SIM2
SIM3
SIM4
1
21
22
SIM5
SIM1
SIM2
SIM3
SIM4
1
21
22
SIM5
SIM1
SIM2
SIM3
SIM4
1
21
22
SIM5
SIM1
SIM2
SIM3
SIM4
1
21
22
SIM5
SIM1
SIM2
SIM3
SIM4
1
21
22
SIM5
SIM1
SIM2
SIM3
SIM4
1
21
22
SIM5
SIM1
SIM2
SIM3
SIM4
1
21
22
SIM5
SIM1
SIM2
SIM3
SIM4
1
21
22
SIM5
SIM1
SIM2
SIM3
SIM4
1
21
22
SIM5
SIM1
SIM2
SIM3
SIM4
1
21
22
SIM5
SIM1
SIM2
SIM3
SIM4
1
21
22
SIM5
SIM1
SIM2
SIM3
SIM4
1
21
22
SIM5
SIM1
SIM2
SIM3
SIM4
1
21
22
SIM5
SIM1
SIM2
SIM3
SIM4
1
21
22
SIM5
SIM1
SIM2
SIM3
SIM4
1
21
22
SIM5
SIM1
SIM2
SIM3
SIM4
1
21
22
SIM5
SIM1
SIM2
SIM3
SIM4
1
21
22
SIM5
SIM1
SIM2
SIM3
SIM4
1
21
22
SIM5
SIM1
SIM2
SIM3
SIM4
1
21
22
SIM5
SIM1
SIM2
SIM3
SIM4
1
21
22
SIM5
SIM1
SIM2
SIM3
SIM4
1
21
22
SIM5
SIM1
SIM2
SIM3
SIM4
1
21
22
SIM5
SIM1
SIM2
SIM3
SIM4
1
21
22
SIM5
SIM1
SIM2
SIM3
SIM4
1
21
22
SIM5
SIM1
SIM2
SIM3
SIM4
1
21
22
SIM5
SIM1
SIM2
SIM3
SIM4
1
21
22
SIM5
SIM1
SIM2
SIM3
SIM4
1
21
22
SIM5
SIM1
SIM2
SIM3
SIM4
1
21
22
SIM5
SIM1
SIM2
SIM3
SIM4
1
21
22
SIM5
SIM1
SIM2
SIM3
SIM4
1
21
22
SIM5
SIM1
SIM2
SIM3
SIM4
1
21
22
SIM5
SIM1
SIM2
SIM3
SIM4
1
21
22
SIM5
SIM1
SIM2
SIM3
SIM4
1
21
22
SIM5
SIM1
SIM2
SIM3
SIM4
1
21
22
SIM5
SIM1
SIM2
SIM3
SIM4
1
21
22
SIM5
SIM1
SIM2
SIM3
SIM4
1
21
22
SIM5
SIM1
SIM2
SIM3
SIM4
1
21
22
SIM5
SIM1
SIM2
SIM3
SIM4
1
21
22
SIM5
SIM1
SIM2
SIM3
SIM4
1
21
22
SIM5
SIM1
SIM2
SIM3
SIM4
1
21
22
SIM5
SIM1
SIM2
SIM3
SIM4
1
21
22
SIM5
SIM1
SIM2
SIM3
SIM4
1
21
22
SIM5
SIM1
SIM2
SIM3
SIM4
1
21
22
SIM5
SIM1
SIM2
SIM3
SIM4
1
21
22
SIM5
SIM1
SIM2
SIM3
SIM4
1
21
22
SIM5
SIM1
SIM2
SIM3
SIM4
1
21
22
SIM5
SIM1
SIM2
SIM3
SIM4
1
21
22
SIM5
SIM1
SIM2
SIM3
SIM4
1
21
22
SIM5
SIM1
SIM2
SIM3
SIM4
1
21
22
SIM5
SIM1
SIM2
SIM3
SIM4
1
21
22
SIM5
SIM1
SIM2
SIM3
SIM4
1
21
22
SIM5
SIM1
SIM2
SIM3
SIM4
1
21
22
SIM5
SIM1
SIM2
SIM3
SIM4
1
21
22
SIM5
SIM1
SIM2
SIM3
SIM4
1
21
22
SIM5
SIM1
SIM2
SIM3
SIM4
1
21
22
SIM5
SIM1
SIM2
SIM3
SIM4
1
21
22
SIM5
SIM1
SIM2
SIM3
SIM4
1
21
22
SIM5
SIM1
SIM2
SIM3
SIM4
1
21
22
SIM5
SIM1
SIM2
SIM3
SIM4
1
21
22
SIM5
SIM1
SIM2
SIM3
SIM4
1
21
22
SIM5
SIM1
SIM2
SIM3
SIM4
1
21
22
SIM5
SIM1
SIM2
SIM3
SIM4
1
21
22
SIM5
SIM1
SIM2
SIM3
SIM4
1
21
22
SIM5
SIM1
SIM2
SIM3
SIM4
1
21
22
SIM5
SIM1
SIM2
SIM3
SIM4
1
21
22
SIM5
SIM1
SIM2
SIM3
SIM4
1
21
22
SIM5
SIM1
SIM2
SIM3
SIM4
1
21
22
SIM5
SIM1
SIM2
SIM3
SIM4
1
21
22
SIM5
SIM1
SIM2
SIM3
SIM4
1
21
22
SIM5
SIM1
SIM2
SIM3
SIM4
1
21
22
SIM5
SIM1
SIM2
SIM3
SIM4
1
21
22
SIM5
SIM1
SIM2
SIM3
SIM4
1
21
22
SIM5
SIM1
SIM2
SIM3
SIM4
1
21
22
SIM5
SIM1
SIM2
SIM3
SIM4
1
21
22
SIM5
SIM1
SIM2
SIM3
SIM4
1
21
22
SIM5
SIM1
SIM2
SIM3
SIM4
1
21
22
SIM5
SIM1
SIM2
SIM3
SIM4
1
21
22
SIM5
SIM1
SIM2
SIM3
SIM4
1
21
22
SIM5
SIM1
SIM2
SIM3
SIM4
1
21
22
SIM5
SIM1
SIM2
SIM3
SIM4
1
21
22
SIM5
SIM1
SIM2
SIM3
SIM4
1
21
22
SIM5
SIM1
SIM2
SIM3
SIM4
1
21
22
SIM5
SIM1
SIM2
SIM3
SIM4
1
21
22
SIM5
SIM1
SIM2
SIM3
SIM4
1
21
22
SIM5
SIM1
SIM2
SIM3
SIM4
1
21
22
SIM5
SIM1
SIM2
SIM3
SIM4
1
21
22
SIM5
SIM1
SIM2
SIM3
SIM4
1
21
22
SIM5
SIM1
SIM2
SIM3
SIM4
1
21
22
SIM5
SIM1
SIM2
SIM3
SIM4
1
21
22
SIM5
SIM1
SIM2
SIM3
SIM4
1
21
22
SIM5
SIM1
SIM2
SIM3
SIM4
1
21
22
SIM5
SIM1
SIM2
SIM3
SIM4
1
21
22
SIM5
SIM1
SIM2
SIM3
SIM4
1
21
22
SIM5
SIM1
SIM2
SIM3
SIM4
1
21
22
SIM5
SIM1
SIM2
SIM3
SIM4
1
21
22
SIM5
SIM1
SIM2
SIM3
SIM4
1
21
22
SIM5
SIM1
SIM2
SIM3
SIM4
1
21
22
SIM5
SIM1
SIM2
SIM3
SIM4
1
21
22
SIM5
SIM1
SIM2
SIM3
SIM4
1
21
22
SIM5
SIM1
SIM2
SIM3
SIM4
1
21
22
SIM5
SIM1
SIM2
SIM3
SIM4
1
21
22
SIM5
SIM1
SIM2
DEBUG 1 526
SIM1
SIM2
SIM3
SIM4
1
21
22
SIM5
SIM1
SIM2
SIM3
SIM4
1
21
22
SIM5
SIM1
SIM2
SIM3
SIM4
1
21
22
SIM5
SIM1
SIM2
SIM3
SIM4
1
21
22
SIM5
SIM1
SIM2
SIM3
SIM4
1
21
22
SIM5
SIM1
SIM2
SIM3
SIM4
1
21
22
SIM5
SIM1
SIM2
SIM3
SIM4
1
21
22
SIM5
SIM1
SIM2
SIM3
SIM4
1
21
22
SIM5
SIM1
SIM2
SIM3
SIM4
1
21
22
SIM5
SIM1
SIM2
SIM3
SIM4
1
21
22
SIM5
SIM1
SIM2
SIM3
SIM4
1
21
22
SIM5
SIM1
SIM2
SIM3
SIM4
1
21
22
SIM5
SIM1
SIM2
SIM3
SIM4
1
21
22
SIM5
SIM1
SIM2
SIM3
SIM4
1
21
22
SIM5
SIM1
SIM2
SIM3
SIM4
1
21
22
SIM5
SIM1
SIM2
SIM3
SIM4
1
21
22
SIM5
SIM1
SIM2
SIM3
SIM4
1
21
22
SIM5
SIM1
SIM2
SIM3
SIM4
1
21
22
SIM5
SIM1
SIM2
SIM3
SIM4
1
21
22
SIM5
SIM1
SIM2
SIM3
SIM4
1
21
22
SIM5
SIM1
SIM2
SIM3
SIM4
1
21
22
SIM5
SIM1
SIM2
SIM3
SIM4
1
21
22
SIM5
SIM1
SIM2
SIM3
SIM4
1
21
22
SIM5
SIM1
SIM2
SIM3
SIM4
1
21
22
SIM5
SIM1
SIM2
SIM3
SIM4
1
21
22
SIM5
SIM1
SIM2
SIM3
SIM4
1
21
22
SIM5
SIM1
SIM2
SIM3
SIM4
1
21
22
SIM5
SIM1
SIM2
SIM3
SIM4
1
21
22
SIM5
SIM1
SIM2
SIM3
SIM4
1
21
22
SIM5
SIM1
SIM2
SIM3
SIM4
1
21
22
SIM5
SIM1
SIM2
SIM3
SIM4
1
21
22
SIM5
SIM1
SIM2
SIM3
SIM4
1
21
22
SIM5
SIM1
SIM2
SIM3
SIM4
1
21
22
SIM5
SIM1
SIM2
SIM3
SIM4
1
21
22
SIM5
SIM1
SIM2
SIM3
SIM4
1
21
22
SIM5
SIM1
SIM2
SIM3
SIM4
1
21
22
SIM5
SIM1
SIM2
SIM3
SIM4
1
21
22
SIM5
SIM1
SIM2
SIM3
SIM4
1
21
22
SIM5
SIM1
SIM2
SIM3
SIM4
1
21
22
SIM5
SIM1
SIM2
SIM3
SIM4
1
21
22
SIM5
SIM1
SIM2
SIM3
SIM4
1
21
22
SIM5
SIM1
SIM2
SIM3
SIM4
1
21
22
SIM5
SIM1
SIM2
SIM3
SIM4
1
21
22
SIM5
SIM1
SIM2
SIM3
SIM4
1
21
22
SIM5
SIM1
SIM2
SIM3
SIM4
1
21
22
SIM5
SIM1
SIM2
SIM3
SIM4
1
21
22
SIM5
SIM1
SIM2
SIM3
SIM4
1
21
22
SIM5
SIM1
SIM2
SIM3
SIM4
1
21
22
SIM5
SIM1
SIM2
SIM3
SIM4
1
21
22
SIM5
SIM1
SIM2
SIM3
SIM4
1
21
22
SIM5
SIM1
SIM2
SIM3
SIM4
1
21
22
SIM5
SIM1
SIM2
SIM3
SIM4
1
21
22
SIM5
SIM1
SIM2
SIM3
SIM4
1
21
22
SIM5
SIM1
SIM2
SIM3
SIM4
1
21
22
SIM5
SIM1
SIM2
SIM3
SIM4
1
21
22
SIM5
SIM1
SIM2
SIM3
SIM4
1
21
22
SIM5
SIM1
SIM2
SIM3
SIM4
1
21
22
SIM5
SIM1
SIM2
SIM3
SIM4
1
21
22
SIM5
SIM1
SIM2
SIM3
SIM4
1
21
22
SIM5
SIM1
SIM2
SIM3
SIM4
1
21
22
SIM5
SIM1
SIM2
SIM3
SIM4
1
21
22
SIM5
SIM1
SIM2
SIM3
SIM4
1
21
22
SIM5
SIM1
SIM2
SIM3
SIM4
1
21
22
SIM5
SIM1
SIM2
SIM3
SIM4
1
21
22
SIM5
SIM1
SIM2
SIM3
SIM4
1
21
22
SIM5
SIM1
SIM2
SIM3
SIM4
1
21
22
SIM5
SIM1
SIM2
SIM3
SIM4
1
21
22
SIM5
SIM1
SIM2
SIM3
SIM4
1
21
22
SIM5
SIM1
SIM2
SIM3
SIM4
1
21
22
SIM5
SIM1
SIM2
SIM3
SIM4
1
21
22
SIM5
SIM1
SIM2
SIM3
SIM4
1
21
22
SIM5
SIM1
SIM2
SIM3
SIM4
1
21
22
SIM5
SIM1
SIM2
SIM3
SIM4
1
21
22
SIM5
SIM1
SIM2
SIM3
SIM4
1
21
22
SIM5
SIM1
SIM2
SIM3
SIM4
1
21
22
SIM5
SIM1
SIM2
SIM3
SIM4
1
21
22
SIM5
SIM1
SIM2
SIM3
SIM4
1
21
22
SIM5
SIM1
SIM2
SIM3
SIM4
1
21
22
SIM5
SIM1
SIM2
SIM3
SIM4
1
21
22
SIM5
SIM1
SIM2
SIM3
SIM4
1
21
22
SIM5
SIM1
SIM2
SIM3
SIM4
1
21
22
SIM5
SIM1
SIM2
SIM3
SIM4
1
21
22
SIM5
SIM1
SIM2
SIM3
SIM4
1
21
22
SIM5
SIM1
SIM2
SIM3
SIM4
1
21
22
SIM5
SIM1
SIM2
SIM3
SIM4
1
21
22
SIM5
SIM1
SIM2
SIM3
SIM4
1
21
22
SIM5
SIM1
SIM2
SIM3
SIM4
1
21
22
SIM5
SIM1
SIM2
SIM3
SIM4
1
21
22
SIM5
SIM1
SIM2
SIM3
SIM4
1
21
22
SIM5
SIM1
SIM2
SIM3
SIM4
1
21
22
SIM5
SIM1
SIM2
SIM3
SIM4
1
21
22
SIM5
SIM1
SIM2
SIM3
SIM4
1
21
22
SIM5
SIM1
SIM2
SIM3
SIM4
1
21
22
SIM5
SIM1
SIM2
SIM3
SIM4
1
21
22
SIM5
SIM1
SIM2
SIM3
SIM4
1
21
22
SIM5
SIM1
SIM2
SIM3
SIM4
1
21
22
SIM5
SIM1
SIM2
SIM3
SIM4
1
21
22
SIM5
SIM1
SIM2
SIM3
SIM4
1
21
22
SIM5
SIM1
SIM2
SIM3
SIM4
1
21
22
SIM5
SIM1
SIM2
SIM3
SIM4
1
21
22
SIM5
SIM1
SIM2
SIM3
SIM4
1
21
22
SIM5
SIM1
SIM2
SIM3
SIM4
1
21
22
SIM5
SIM1
SIM2
SIM3
SIM4
1
21
22
SIM5
SIM1
SIM2
SIM3
SIM4
1
21
22
SIM5
SIM1
SIM2
SIM3
SIM4
1
21
22
SIM5
SIM1
SIM2
SIM3
SIM4
1
21
22
SIM5
SIM1
SIM2
SIM3
SIM4
1
21
22
SIM5
SIM1
SIM2
SIM3
SIM4
1
21
22
SIM5
SIM1
SIM2
SIM3
SIM4
1
21
22
SIM5
SIM1
SIM2
SIM3
SIM4
1
21
22
SIM5
SIM1
SIM2
SIM3
SIM4
1
21
22
SIM5
SIM1
SIM2
SIM3
SIM4
1
21
22
SIM5
SIM1
SIM2
SIM3
SIM4
1
21
22
SIM5
SIM1
SIM2
SIM3
SIM4
1
21
22
SIM5
SIM1
SIM2
SIM3
SIM4
1
21
22
SIM5
SIM1
SIM2
SIM3
SIM4
1
21
22
SIM5
SIM1
SIM2
SIM3
SIM4
1
21
22
SIM5
SIM1
SIM2
SIM3
SIM4
1
21
22
SIM5
SIM1
SIM2
SIM3
SIM4
1
21
22
SIM5
SIM1
SIM2
SIM3
SIM4
1
21
22
SIM5
SIM1
SIM2
SIM3
SIM4
1
21
22
SIM5
SIM1
SIM2
SIM3
SIM4
1
21
22
SIM5
SIM1
SIM2
SIM3
SIM4
1
21
22
SIM5
SIM1
SIM2
SIM3
SIM4
1
21
22
SIM5
SIM1
SIM2
SIM3
SIM4
1
21
22
SIM5
SIM1
SIM2
SIM3
SIM4
1
21
22
SIM5
SIM1
SIM2
SIM3
SIM4
1
21
22
SIM5
SIM1
SIM2
SIM3
SIM4
1
21
22
SIM5
SIM1
SIM2
SIM3
SIM4
1
21
22
SIM5
SIM1
SIM2
SIM3
SIM4
1
21
22
SIM5
SIM1
SIM2
SIM3
SIM4
1
21
22
SIM5
SIM1
SIM2
SIM3
SIM4
1
21
22
SIM5
SIM1
SIM2
SIM3
SIM4
1
21
22
SIM5
SIM1
SIM2
SIM3
SIM4
1
21
22
SIM5
SIM1
SIM2
SIM3
SIM4
1
21
22
SIM5
SIM1
SIM2
SIM3
SIM4
1
21
22
SIM5
SIM1
SIM2
SIM3
SIM4
1
21
22
SIM5
SIM1
SIM2
SIM3
SIM4
1
21
22
SIM5
SIM1
SIM2
SIM3
SIM4
1
21
22
SIM5
SIM1
SIM2
SIM3
SIM4
1
21
22
SIM5
SIM1
SIM2
SIM3
SIM4
1
21
22
SIM5
SIM1
SIM2
SIM3
SIM4
1
21
22
SIM5
SIM1
SIM2
SIM3
SIM4
1
21
22
SIM5
SIM1
SIM2
SIM3
SIM4
1
21
22
SIM5
SIM1
SIM2
SIM3
SIM4
1
21
22
SIM5
SIM1
SIM2
SIM3
SIM4
1
21
22
SIM5
SIM1
SIM2
SIM3
SIM4
1
21
22
SIM5
SIM1
SIM2
SIM3
SIM4
1
21
22
SIM5
SIM1
SIM2
SIM3
SIM4
1
21
22
SIM5
SIM1
SIM2
SIM3
SIM4
1
21
22
SIM5
SIM1
SIM2
SIM3
SIM4
1
21
22
SIM5
SIM1
SIM2
SIM3
SIM4
1
21
22
SIM5
SIM1
SIM2
SIM3
SIM4
1
21
22
SIM5
SIM1
SIM2
SIM3
SIM4
1
21
22
SIM5
SIM1
SIM2
SIM3
SIM4
1
21
22
SIM5
SIM1
SIM2
SIM3
SIM4
1
21
22
SIM5
SIM1
SIM2
SIM3
SIM4
1
21
22
SIM5
SIM1
SIM2
SIM3
SIM4
1
21
22
SIM5
SIM1
SIM2
SIM3
SIM4
1
21
22
SIM5
SIM1
SIM2
SIM3
SIM4
1
21
22
SIM5
SIM1
SIM2
SIM3
SIM4
1
21
22
SIM5
SIM1
SIM2
SIM3
SIM4
1
21
22
SIM5
SIM1
SIM2
SIM3
SIM4
1
21
22
SIM5
SIM1
SIM2
SIM3
SIM4
1
21
22
SIM5
SIM1
SIM2
SIM3
SIM4
1
21
22
SIM5
SIM1
SIM2
SIM3
SIM4
1
21
22
SIM5
SIM1
SIM2
SIM3
SIM4
1
21
22
SIM5
SIM1
SIM2
SIM3
SIM4
1
21
22
SIM5
SIM1
SIM2
SIM3
SIM4
1
21
22
SIM5
SIM1
SIM2
SIM3
SIM4
1
21
22
SIM5
SIM1
SIM2
SIM3
SIM4
1
21
22
SIM5
SIM1
SIM2
SIM3
SIM4
1
21
22
SIM5
SIM1
SIM2
SIM3
SIM4
1
21
22
SIM5
SIM1
SIM2
SIM3
SIM4
1
21
22
SIM5
SIM1
SIM2
SIM3
SIM4
1
21
22
SIM5
SIM1
SIM2
SIM3
SIM4
1
21
22
SIM5
SIM1
SIM2
SIM3
SIM4
1
21
22
SIM5
SIM1
SIM2
SIM3
SIM4
1
21
22
SIM5
SIM1
SIM2
SIM3
SIM4
1
21
22
SIM5
SIM1
SIM2
DEBUG 1 527
SIM1
SIM2
SIM3
SIM4
1
21
22
SIM5
SIM1
SIM2
SIM3
SIM4
1
21
22
SIM5
SIM1
SIM2
SIM3
SIM4
1
21
22
SIM5
SIM1
SIM2
SIM3
SIM4
1
21
22
SIM5
SIM1
SIM2
SIM3
SIM4
1
21
22
SIM5
SIM1
SIM2
SIM3
SIM4
1
21
22
SIM5
SIM1
SIM2
SIM3
SIM4
1
21
22
SIM5
SIM1
SIM2
SIM3
SIM4
1
21
22
SIM5
SIM1
SIM2
SIM3
SIM4
1
21
22
SIM5
SIM1
SIM2
SIM3
SIM4
1
21
22
SIM5
SIM1
SIM2
SIM3
SIM4
1
21
22
SIM5
SIM1
SIM2
SIM3
SIM4
1
21
22
SIM5
SIM1
SIM2
SIM3
SIM4
1
21
22
SIM5
SIM1
SIM2
SIM3
SIM4
1
21
22
SIM5
SIM1
SIM2
SIM3
SIM4
1
21
22
SIM5
SIM1
SIM2
SIM3
SIM4
1
21
22
SIM5
SIM1
SIM2
SIM3
SIM4
1
21
22
SIM5
SIM1
SIM2
SIM3
SIM4
1
21
22
SIM5
SIM1
SIM2
SIM3
SIM4
1
21
22
SIM5
SIM1
SIM2
SIM3
SIM4
1
21
22
SIM5
SIM1
SIM2
SIM3
SIM4
1
21
22
SIM5
SIM1
SIM2
SIM3
SIM4
1
21
22
SIM5
SIM1
SIM2
SIM3
SIM4
1
21
22
SIM5
SIM1
SIM2
SIM3
SIM4
1
21
22
SIM5
SIM1
SIM2
SIM3
SIM4
1
21
22
SIM5
SIM1
SIM2
SIM3
SIM4
1
21
22
SIM5
SIM1
SIM2
SIM3
SIM4
1
21
22
SIM5
SIM1
SIM2
SIM3
SIM4
1
21
22
SIM5
SIM1
SIM2
SIM3
SIM4
1
21
22
SIM5
SIM1
SIM2
SIM3
SIM4
1
21
22
SIM5
SIM1
SIM2
SIM3
SIM4
1
21
22
SIM5
SIM1
SIM2
SIM3
SIM4
1
21
22
SIM5
SIM1
SIM2
SIM3
SIM4
1
21
22
SIM5
SIM1
SIM2
SIM3
SIM4
1
21
22
SIM5
SIM1
SIM2
SIM3
SIM4
1
21
22
SIM5
SIM1
SIM2
SIM3
SIM4
1
21
22
SIM5
SIM1
SIM2
SIM3
SIM4
1
21
22
SIM5
SIM1
SIM2
SIM3
SIM4
1
21
22
SIM5
SIM1
SIM2
SIM3
SIM4
1
21
22
SIM5
SIM1
SIM2
SIM3
SIM4
1
21
22
SIM5
SIM1
SIM2
SIM3
SIM4
1
21
22
SIM5
SIM1
SIM2
SIM3
SIM4
1
21
22
SIM5
SIM1
SIM2
SIM3
SIM4
1
21
22
SIM5
SIM1
SIM2
SIM3
SIM4
1
21
22
SIM5
SIM1
SIM2
SIM3
SIM4
1
21
22
SIM5
SIM1
SIM2
SIM3
SIM4
1
21
22
SIM5
SIM1
SIM2
SIM3
SIM4
1
21
22
SIM5
SIM1
SIM2
SIM3
SIM4
1
21
22
SIM5
SIM1
SIM2
SIM3
SIM4
1
21
22
SIM5
SIM1
SIM2
SIM3
SIM4
1
21
22
SIM5
SIM1
SIM2
SIM3
SIM4
1
21
22
SIM5
SIM1
SIM2
SIM3
SIM4
1
21
22
SIM5
SIM1
SIM2
SIM3
SIM4
1
21
22
SIM5
SIM1
SIM2
SIM3
SIM4
1
21
22
SIM5
SIM1
SIM2
SIM3
SIM4
1
21
22
SIM5
SIM1
SIM2
SIM3
SIM4
1
21
22
SIM5
SIM1
SIM2
SIM3
SIM4
1
21
22
SIM5
SIM1
SIM2
SIM3
SIM4
1
21
22
SIM5
SIM1
SIM2
SIM3
SIM4
1
21
22
SIM5
SIM1
SIM2
SIM3
SIM4
1
21
22
SIM5
SIM1
SIM2
SIM3
SIM4
1
21
22
SIM5
SIM1
SIM2
SIM3
SIM4
1
21
22
SIM5
SIM1
SIM2
SIM3
SIM4
1
21
22
SIM5
SIM1
SIM2
SIM3
SIM4
1
21
22
SIM5
SIM1
SIM2
SIM3
SIM4
1
21
22
SIM5
SIM1
SIM2
SIM3
SIM4
1
21
22
SIM5
SIM1
SIM2
SIM3
SIM4
1
21
22
SIM5
SIM1
SIM2
SIM3
SIM4
1
21
22
SIM5
SIM1
SIM2
SIM3
SIM4
1
21
22
SIM5
SIM1
SIM2
SIM3
SIM4
1
21
22
SIM5
SIM1
SIM2
SIM3
SIM4
1
21
22
SIM5
SIM1
SIM2
SIM3
SIM4
1
21
22
SIM5
SIM1
SIM2
SIM3
SIM4
1
21
22
SIM5
SIM1
SIM2
SIM3
SIM4
1
21
22
SIM5
SIM1
SIM2
SIM3
SIM4
1
21
22
SIM5
SIM1
SIM2
SIM3
SIM4
1
21
22
SIM5
SIM1
SIM2
SIM3
SIM4
1
21
22
SIM5
SIM1
SIM2
SIM3
SIM4
1
21
22
SIM5
SIM1
SIM2
SIM3
SIM4
1
21
22
SIM5
SIM1
SIM2
SIM3
SIM4
1
21
22
SIM5
SIM1
SIM2
SIM3
SIM4
1
21
22
SIM5
SIM1
SIM2
SIM3
SIM4
1
21
22
SIM5
SIM1
SIM2
SIM3
SIM4
1
21
22
SIM5
SIM1
SIM2
SIM3
SIM4
1
21
22
SIM5
SIM1
SIM2
SIM3
SIM4
1
21
22
SIM5
SIM1
SIM2
SIM3
SIM4
1
21
22
SIM5
SIM1
SIM2
SIM3
SIM4
1
21
22
SIM5
SIM1
SIM2
SIM3
SIM4
1
21
22
SIM5
SIM1
SIM2
SIM3
SIM4
1
21
22
SIM5
SIM1
SIM2
SIM3
SIM4
1
21
22
SIM5
SIM1
SIM2
SIM3
SIM4
1
21
22
SIM5
SIM1
SIM2
SIM3
SIM4
1
21
22
SIM5
SIM1
SIM2
SIM3
SIM4
1
21
22
SIM5
SIM1
SIM2
SIM3
SIM4
1
21
22
SIM5
SIM1
SIM2
SIM3
SIM4
1
21
22
SIM5
SIM1
SIM2
SIM3
SIM4
1
21
22
SIM5
SIM1
SIM2
SIM3
SIM4
1
21
22
SIM5
SIM1
SIM2
SIM3
SIM4
1
21
22
SIM5
SIM1
SIM2
SIM3
SIM4
1
21
22
SIM5
SIM1
SIM2
SIM3
SIM4
1
21
22
SIM5
SIM1
SIM2
SIM3
SIM4
1
21
22
SIM5
SIM1
SIM2
SIM3
SIM4
1
21
22
SIM5
SIM1
SIM2
SIM3
SIM4
1
21
22
SIM5
SIM1
SIM2
SIM3
SIM4
1
21
22
SIM5
SIM1
SIM2
SIM3
SIM4
1
21
22
SIM5
SIM1
SIM2
SIM3
SIM4
1
21
22
SIM5
SIM1
SIM2
SIM3
SIM4
1
21
22
SIM5
SIM1
SIM2
SIM3
SIM4
1
21
22
SIM5
SIM1
SIM2
SIM3
SIM4
1
21
22
SIM5
SIM1
SIM2
SIM3
SIM4
1
21
22
SIM5
SIM1
SIM2
SIM3
SIM4
1
21
22
SIM5
SIM1
SIM2
SIM3
SIM4
1
21
22
SIM5
SIM1
SIM2
SIM3
SIM4
1
21
22
SIM5
SIM1
SIM2
SIM3
SIM4
1
21
22
SIM5
SIM1
SIM2
SIM3
SIM4
1
21
22
SIM5
SIM1
SIM2
SIM3
SIM4
1
21
22
SIM5
SIM1
SIM2
SIM3
SIM4
1
21
22
SIM5
SIM1
SIM2
SIM3
SIM4
1
21
22
SIM5
SIM1
SIM2
SIM3
SIM4
1
21
22
SIM5
SIM1
SIM2
SIM3
SIM4
1
21
22
SIM5
SIM1
SIM2
SIM3
SIM4
1
21
22
SIM5
SIM1
SIM2
SIM3
SIM4
1
21
22
SIM5
SIM1
SIM2
SIM3
SIM4
1
21
22
SIM5
SIM1
SIM2
SIM3
SIM4
1
21
22
SIM5
SIM1
SIM2
SIM3
SIM4
1
21
22
SIM5
SIM1
SIM2
SIM3
SIM4
1
21
22
SIM5
SIM1
SIM2
SIM3
SIM4
1
21
22
SIM5
SIM1
SIM2
SIM3
SIM4
1
21
22
SIM5
SIM1
SIM2
SIM3
SIM4
1
21
22
SIM5
SIM1
SIM2
SIM3
SIM4
1
21
22
SIM5
SIM1
SIM2
SIM3
SIM4
1
21
22
SIM5
SIM1
SIM2
SIM3
SIM4
1
21
22
SIM5
SIM1
SIM2
SIM3
SIM4
1
21
22
SIM5
SIM1
SIM2
SIM3
SIM4
1
21
22
SIM5
SIM1
SIM2
SIM3
SIM4
1
21
22
SIM5
SIM1
SIM2
SIM3
SIM4
1
21
22
SIM5
SIM1
SIM2
SIM3
SIM4
1
21
22
SIM5
SIM1
SIM2
SIM3
SIM4
1
21
22
SIM5
SIM1
SIM2
SIM3
SIM4
1
21
22
SIM5
SIM1
SIM2
SIM3
SIM4
1
21
22
SIM5
SIM1
SIM2
SIM3
SIM4
1
21
22
SIM5
SIM1
SIM2
SIM3
SIM4
1
21
22
SIM5
SIM1
SIM2
SIM3
SIM4
1
21
22
SIM5
SIM1
SIM2
SIM3
SIM4
1
21
22
SIM5
SIM1
SIM2
SIM3
SIM4
1
21
22
SIM5
SIM1
SIM2
SIM3
SIM4
1
21
22
SIM5
SIM1
SIM2
SIM3
SIM4
1
21
22
SIM5
SIM1
SIM2
SIM3
SIM4
1
21
22
SIM5
SIM1
SIM2
DEBUG 1 528
SIM1
SIM2
SIM3
SIM4
1
21
22
SIM5
SIM1
SIM2
SIM3
SIM4
1
21
22
SIM5
SIM1
SIM2
SIM3
SIM4
1
21
22
SIM5
SIM1
SIM2
SIM3
SIM4
1
21
22
SIM5
SIM1
SIM2
SIM3
SIM4
1
21
22
SIM5
SIM1
SIM2
SIM3
SIM4
1
21
22
SIM5
SIM1
SIM2
SIM3
SIM4
1
21
22
SIM5
SIM1
SIM2
SIM3
SIM4
1
21
22
SIM5
SIM1
SIM2
SIM3
SIM4
1
21
22
SIM5
SIM1
SIM2
SIM3
SIM4
1
21
22
SIM5
SIM1
SIM2
SIM3
SIM4
1
21
22
SIM5
SIM1
SIM2
SIM3
SIM4
1
21
22
SIM5
SIM1
SIM2
SIM3
SIM4
1
21
22
SIM5
SIM1
SIM2
SIM3
SIM4
1
21
22
SIM5
SIM1
SIM2
SIM3
SIM4
1
21
22
SIM5
SIM1
SIM2
SIM3
SIM4
1
21
22
SIM5
SIM1
SIM2
SIM3
SIM4
1
21
22
SIM5
SIM1
SIM2
SIM3
SIM4
1
21
22
SIM5
SIM1
SIM2
SIM3
SIM4
1
21
22
SIM5
SIM1
SIM2
SIM3
SIM4
1
21
22
SIM5
SIM1
SIM2
SIM3
SIM4
1
21
22
SIM5
SIM1
SIM2
SIM3
SIM4
1
21
22
SIM5
SIM1
SIM2
SIM3
SIM4
1
21
22
SIM5
SIM1
SIM2
SIM3
SIM4
1
21
22
SIM5
SIM1
SIM2
SIM3
SIM4
1
21
22
SIM5
SIM1
SIM2
SIM3
SIM4
1
21
22
SIM5
SIM1
SIM2
SIM3
SIM4
1
21
22
SIM5
SIM1
SIM2
SIM3
SIM4
1
21
22
SIM5
SIM1
SIM2
SIM3
SIM4
1
21
22
SIM5
SIM1
SIM2
SIM3
SIM4
1
21
22
SIM5
SIM1
SIM2
SIM3
SIM4
1
21
22
SIM5
SIM1
SIM2
SIM3
SIM4
1
21
22
SIM5
SIM1
SIM2
SIM3
SIM4
1
21
22
SIM5
SIM1
SIM2
SIM3
SIM4
1
21
22
SIM5
SIM1
SIM2
SIM3
SIM4
1
21
22
SIM5
SIM1
SIM2
SIM3
SIM4
1
21
22
SIM5
SIM1
SIM2
SIM3
SIM4
1
21
22
SIM5
SIM1
SIM2
SIM3
SIM4
1
21
22
SIM5
SIM1
SIM2
SIM3
SIM4
1
21
22
SIM5
SIM1
SIM2
SIM3
SIM4
1
21
22
SIM5
SIM1
SIM2
SIM3
SIM4
1
21
22
SIM5
SIM1
SIM2
SIM3
SIM4
1
21
22
SIM5
SIM1
SIM2
SIM3
SIM4
1
21
22
SIM5
SIM1
SIM2
SIM3
SIM4
1
21
22
SIM5
SIM1
SIM2
SIM3
SIM4
1
21
22
SIM5
SIM1
SIM2
SIM3
SIM4
1
21
22
SIM5
SIM1
SIM2
SIM3
SIM4
1
21
22
SIM5
SIM1
SIM2
SIM3
SIM4
1
21
22
SIM5
SIM1
SIM2
SIM3
SIM4
1
21
22
SIM5
SIM1
SIM2
SIM3
SIM4
1
21
22
SIM5
SIM1
SIM2
SIM3
SIM4
1
21
22
SIM5
SIM1
SIM2
SIM3
SIM4
1
21
22
SIM5
SIM1
SIM2
SIM3
SIM4
1
21
22
SIM5
SIM1
SIM2
SIM3
SIM4
1
21
22
SIM5
SIM1
SIM2
SIM3
SIM4
1
21
22
SIM5
SIM1
SIM2
SIM3
SIM4
1
21
22
SIM5
SIM1
SIM2
SIM3
SIM4
1
21
22
SIM5
SIM1
SIM2
SIM3
SIM4
1
21
22
SIM5
SIM1
SIM2
SIM3
SIM4
1
21
22
SIM5
SIM1
SIM2
SIM3
SIM4
1
21
22
SIM5
SIM1
SIM2
SIM3
SIM4
1
21
22
SIM5
SIM1
SIM2
SIM3
SIM4
1
21
22
SIM5
SIM1
SIM2
SIM3
SIM4
1
21
22
SIM5
SIM1
SIM2
SIM3
SIM4
1
21
22
SIM5
SIM1
SIM2
SIM3
SIM4
1
21
22
SIM5
SIM1
SIM2
SIM3
SIM4
1
21
22
SIM5
SIM1
SIM2
SIM3
SIM4
1
21
22
SIM5
SIM1
SIM2
SIM3
SIM4
1
21
22
SIM5
SIM1
SIM2
SIM3
SIM4
1
21
22
SIM5
SIM1
SIM2
SIM3
SIM4
1
21
22
SIM5
SIM1
SIM2
SIM3
SIM4
1
21
22
SIM5
SIM1
SIM2
SIM3
SIM4
1
21
22
SIM5
SIM1
SIM2
SIM3
SIM4
1
21
22
SIM5
SIM1
SIM2
SIM3
SIM4
1
21
22
SIM5
SIM1
SIM2
SIM3
SIM4
1
21
22
SIM5
SIM1
SIM2
SIM3
SIM4
1
21
22
SIM5
SIM1
SIM2
SIM3
SIM4
1
21
22
SIM5
SIM1
SIM2
SIM3
SIM4
1
21
22
SIM5
SIM1
SIM2
SIM3
SIM4
1
21
22
SIM5
SIM1
SIM2
SIM3
SIM4
1
21
22
SIM5
SIM1
SIM2
SIM3
SIM4
1
21
22
SIM5
SIM1
SIM2
SIM3
SIM4
1
21
22
SIM5
SIM1
SIM2
SIM3
SIM4
1
21
22
SIM5
SIM1
SIM2
SIM3
SIM4
1
21
22
SIM5
SIM1
SIM2
SIM3
SIM4
1
21
22
SIM5
SIM1
SIM2
SIM3
SIM4
1
21
22
SIM5
SIM1
SIM2
SIM3
SIM4
1
21
22
SIM5
SIM1
SIM2
SIM3
SIM4
1
21
22
SIM5
SIM1
SIM2
SIM3
SIM4
1
21
22
SIM5
SIM1
SIM2
SIM3
SIM4
1
21
22
SIM5
SIM1
SIM2
SIM3
SIM4
1
21
22
SIM5
SIM1
SIM2
SIM3
SIM4
1
21
22
SIM5
SIM1
SIM2
SIM3
SIM4
1
21
22
SIM5
SIM1
SIM2
SIM3
SIM4
1
21
22
SIM5
SIM1
SIM2
SIM3
SIM4
1
21
22
SIM5
SIM1
SIM2
SIM3
SIM4
1
21
22
SIM5
SIM1
SIM2
SIM3
SIM4
1
21
22
SIM5
SIM1
SIM2
SIM3
SIM4
1
21
22
SIM5
SIM1
SIM2
SIM3
SIM4
1
21
22
SIM5
SIM1
SIM2
SIM3
SIM4
1
21
22
SIM5
SIM1
SIM2
SIM3
SIM4
1
21
22
SIM5
SIM1
SIM2
SIM3
SIM4
1
21
22
SIM5
SIM1
SIM2
SIM3
SIM4
1
21
22
SIM5
SIM1
SIM2
SIM3
SIM4
1
21
22
SIM5
SIM1
SIM2
SIM3
SIM4
1
21
22
SIM5
SIM1
SIM2
SIM3
SIM4
1
21
22
SIM5
SIM1
SIM2
SIM3
SIM4
1
21
22
SIM5
SIM1
SIM2
SIM3
SIM4
1
21
22
SIM5
SIM1
SIM2
SIM3
SIM4
1
21
22
SIM5
SIM1
SIM2
SIM3
SIM4
1
21
22
SIM5
SIM1
SIM2
SIM3
SIM4
1
21
22
SIM5
SIM1
SIM2
SIM3
SIM4
1
21
22
SIM5
SIM1
SIM2
SIM3
SIM4
1
21
22
SIM5
SIM1
SIM2
SIM3
SIM4
1
21
22
SIM5
SIM1
SIM2
SIM3
SIM4
1
21
22
SIM5
SIM1
SIM2
SIM3
SIM4
1
21
22
SIM5
SIM1
SIM2
SIM3
SIM4
1
21
22
SIM5
SIM1
SIM2
SIM3
SIM4
1
21
22
SIM5
SIM1
SIM2
SIM3
SIM4
1
21
22
SIM5
SIM1
SIM2
SIM3
SIM4
1
21
22
SIM5
SIM1
SIM2
SIM3
SIM4
1
21
22
SIM5
SIM1
SIM2
SIM3
SIM4
1
21
22
SIM5
SIM1
SIM2
SIM3
SIM4
1
21
22
SIM5
SIM1
SIM2
SIM3
SIM4
1
21
22
SIM5
SIM1
SIM2
SIM3
SIM4
1
21
22
SIM5
SIM1
SIM2
SIM3
SIM4
1
21
22
SIM5
SIM1
SIM2
SIM3
SIM4
1
21
22
SIM5
SIM1
SIM2
SIM3
SIM4
1
21
22
SIM5
SIM1
SIM2
SIM3
SIM4
1
21
22
SIM5
SIM1
SIM2
SIM3
SIM4
1
21
22
SIM5
SIM1
SIM2
SIM3
SIM4
1
21
22
SIM5
SIM1
SIM2
SIM3
SIM4
1
21
22
SIM5
SIM1
SIM2
SIM3
SIM4
1
21
22
SIM5
SIM1
SIM2
SIM3
SIM4
1
21
22
SIM5
SIM1
SIM2
SIM3
SIM4
1
21
22
SIM5
SIM1
SIM2
SIM3
SIM4
1
21
22
SIM5
SIM1
SIM2
SIM3
SIM4
1
21
22
SIM5
SIM1
SIM2
SIM3
SIM4
1
21
22
SIM5
SIM1
SIM2
SIM3
SIM4
1
21
22
SIM5
SIM1
SIM2
SIM3
SIM4
1
21
22
SIM5
SIM1
SIM2
SIM3
SIM4
1
21
22
SIM5
SIM1
SIM2
SIM3
SIM4
1
21
22
SIM5
SIM1
SIM2
SIM3
SIM4
1
21
22
SIM5
SIM1
SIM2
SIM3
SIM4
1
21
22
SIM5
SIM1
SIM2
SIM3
SIM4
1
21
22
SIM5
SIM1
SIM2
SIM3
SIM4
1
21
22
SIM5
SIM1
SIM2
SIM3
SIM4
1
21
22
SIM5
SIM1
SIM2
SIM3
SIM4
1
21
22
SIM5
SIM1
SIM2
SIM3
SIM4
1
21
22
SIM5
SIM1
SIM2
SIM3
SIM4
1
21
22
SIM5
SIM1
SIM2
SIM3
SIM4
1
21
22
SIM5
SIM1
SIM2
SIM3
SIM4
1
21
22
SIM5
SIM1
SIM2
SIM3
SIM4
1
21
22
SIM5
SIM1
SIM2
SIM3
SIM4
1
21
22
SIM5
SIM1
SIM2
SIM3
SIM4
1
21
22
SIM5
SIM1
SIM2
SIM3
SIM4
1
21
22
SIM5
SIM1
SIM2
SIM3
SIM4
1
21
22
SIM5
SIM1
SIM2
SIM3
SIM4
1
21
22
SIM5
SIM1
SIM2
SIM3
SIM4
1
21
22
SIM5
SIM1
SIM2
SIM3
SIM4
1
21
22
SIM5
SIM1
SIM2
SIM3
SIM4
1
21
22
SIM5
SIM1
SIM2
SIM3
SIM4
1
21
22
SIM5
SIM1
SIM2
SIM3
SIM4
1
21
22
SIM5
SIM1
SIM2
SIM3
SIM4
1
21
22
SIM5
SIM1
SIM2
SIM3
SIM4
1
21
22
SIM5
SIM1
SIM2
SIM3
SIM4
1
21
22
SIM5
SIM1
SIM2
SIM3
SIM4
1
21
22
SIM5
SIM1
SIM2
SIM3
SIM4
1
21
22
SIM5
SIM1
SIM2
SIM3
SIM4
1
21
22
SIM5
SIM1
SIM2
SIM3
SIM4
1
21
22
SIM5
SIM1
SIM2
SIM3
SIM4
1
21
22
SIM5
SIM1
SIM2
SIM3
SIM4
1
21
22
SIM5
SIM1
SIM2
SIM3
SIM4
1
21
22
SIM5
SIM1
SIM2
SIM3
SIM4
1
21
22
SIM5
SIM1
SIM2
SIM3
SIM4
1
21
22
SIM5
SIM1
SIM2
SIM3
SIM4
1
21
22
SIM5
SIM1
SIM2
SIM3
SIM4
1
21
22
SIM5
SIM1
SIM2
SIM3
SIM4
1
21
22
SIM5
SIM1
SIM2
SIM3
SIM4
1
21
22
SIM5
SIM1
SIM2
SIM3
SIM4
1
21
22
SIM5
SIM1
SIM2
SIM3
SIM4
1
21
22
SIM5
SIM1
SIM2
SIM3
SIM4
1
21
22
SIM5
SIM1
SIM2
SIM3
SIM4
1
21
22
SIM5
SIM1
SIM2
SIM3
SIM4
1
21
22
SIM5
SIM1
SIM2
SIM3
SIM4
1
21
22
SIM5
SIM1
SIM2
SIM3
SIM4
1
21
22
SIM5
SIM1
SIM2
SIM3
SIM4
1
21
22
SIM5
SIM1
SIM2
SIM3
SIM4
1
21
22
SIM5
SIM1
SIM2
SIM3
SIM4
1
21
22
SIM5
SIM1
SIM2
SIM3
SIM4
1
21
22
SIM5
SIM1
SIM2
SIM3
SIM4
1
21
22
SIM5
SIM1
SIM2
SIM3
SIM4
1
21
22
SIM5
SIM1
SIM2
SIM3
SIM4
1
21
22
SIM5
SIM1
SIM2
SIM3
SIM4
1
21
22
SIM5
SIM1
SIM2
SIM3
SIM4
1
21
22
SIM5
SIM1
SIM2
SIM3
SIM4
1
21
22
SIM5
SIM1
SIM2
SIM3
SIM4
1
21
22
SIM5
SIM1
SIM2
SIM3
SIM4
1
21
22
SIM5
SIM1
SIM2
SIM3
SIM4
1
21
22
SIM5
SIM1
SIM2
SIM3
SIM4
1
21
22
SIM5
SIM1
SIM2
SIM3
SIM4
1
21
22
SIM5
SIM1
SIM2
SIM3
SIM4
1
21
22
SIM5
SIM1
SIM2
SIM3
SIM4
1
21
22
SIM5
SIM1
SIM2
SIM3
SIM4
1
21
22
SIM5
SIM1
SIM2
SIM3
SIM4
1
21
22
SIM5
SIM1
SIM2
SIM3
SIM4
1
21
22
SIM5
SIM1
SIM2
SIM3
SIM4
1
21
22
SIM5
SIM1
SIM2
SIM3
SIM4
1
21
22
SIM5
SIM1
SIM2
SIM3
SIM4
1
21
22
SIM5
SIM1
SIM2
SIM3
SIM4
1
21
22
SIM5
SIM1
SIM2
SIM3
SIM4
1
21
22
SIM5
SIM1
SIM2
SIM3
SIM4
1
21
22
SIM5
SIM1
SIM2
SIM3
SIM4
1
21
22
SIM5
SIM1
SIM2
SIM3
SIM4
1
21
22
SIM5
SIM1
SIM2
SIM3
SIM4
1
21
22
SIM5
SIM1
SIM2
SIM3
SIM4
1
21
22
SIM5
SIM1
SIM2
SIM3
SIM4
1
21
22
SIM5
SIM1
SIM2
SIM3
SIM4
1
21
22
SIM5
SIM1
SIM2
SIM3
SIM4
1
21
22
SIM5
SIM1
SIM2
SIM3
SIM4
1
21
22
SIM5
SIM1
SIM2
SIM3
SIM4
1
21
22
SIM5
SIM1
SIM2
SIM3
SIM4
1
21
22
SIM5
SIM1
SIM2
SIM3
SIM4
1
21
22
SIM5
SIM1
SIM2
SIM3
SIM4
1
21
22
SIM5
SIM1
SIM2
SIM3
SIM4
1
21
22
SIM5
SIM1
SIM2
SIM3
SIM4
1
21
22
SIM5
SIM1
SIM2
SIM3
SIM4
1
21
22
SIM5
SIM1
SIM2
SIM3
SIM4
1
21
22
SIM5
SIM1
SIM2
SIM3
SIM4
1
21
22
SIM5
SIM1
SIM2
SIM3
SIM4
1
21
22
SIM5
SIM1
SIM2
SIM3
SIM4
1
21
22
SIM5
SIM1
SIM2
SIM3
SIM4
1
21
22
SIM5
SIM1
SIM2
SIM3
SIM4
1
21
22
SIM5
SIM1
SIM2
SIM3
SIM4
1
21
22
SIM5
SIM1
SIM2
SIM3
SIM4
1
21
22
SIM5
SIM1
SIM2
SIM3
SIM4
1
21
22
SIM5
SIM1
SIM2
SIM3
SIM4
1
21
22
SIM5
SIM1
SIM2
SIM3
SIM4
1
21
22
SIM5
SIM1
SIM2
SIM3
SIM4
1
21
22
SIM5
SIM1
SIM2
DEBUG 1 529
SIM1
SIM2
SIM3
SIM4
1
21
22
SIM5
SIM1
SIM2
SIM3
SIM4
1
21
22
SIM5
SIM1
SIM2
SIM3
SIM4
1
21
22
SIM5
SIM1
SIM2
SIM3
SIM4
1
21
22
SIM5
SIM1
SIM2
SIM3
SIM4
1
21
22
SIM5
SIM1
SIM2
SIM3
SIM4
1
21
22
SIM5
SIM1
SIM2
SIM3
SIM4
1
21
22
SIM5
SIM1
SIM2
SIM3
SIM4
1
21
22
SIM5
SIM1
SIM2
SIM3
SIM4
1
21
22
SIM5
SIM1
SIM2
SIM3
SIM4
1
21
22
SIM5
SIM1
SIM2
SIM3
SIM4
1
21
22
SIM5
SIM1
SIM2
SIM3
SIM4
1
21
22
SIM5
SIM1
SIM2
SIM3
SIM4
1
21
22
SIM5
SIM1
SIM2
SIM3
SIM4
1
21
22
SIM5
SIM1
SIM2
SIM3
SIM4
1
21
22
SIM5
SIM1
SIM2
SIM3
SIM4
1
21
22
SIM5
SIM1
SIM2
SIM3
SIM4
1
21
22
SIM5
SIM1
SIM2
SIM3
SIM4
1
21
22
SIM5
SIM1
SIM2
SIM3
SIM4
1
21
22
SIM5
SIM1
SIM2
SIM3
SIM4
1
21
22
SIM5
SIM1
SIM2
SIM3
SIM4
1
21
22
SIM5
SIM1
SIM2
SIM3
SIM4
1
21
22
SIM5
SIM1
SIM2
SIM3
SIM4
1
21
22
SIM5
SIM1
SIM2
SIM3
SIM4
1
21
22
SIM5
SIM1
SIM2
SIM3
SIM4
1
21
22
SIM5
SIM1
SIM2
SIM3
SIM4
1
21
22
SIM5
SIM1
SIM2
SIM3
SIM4
1
21
22
SIM5
SIM1
SIM2
SIM3
SIM4
1
21
22
SIM5
SIM1
SIM2
SIM3
SIM4
1
21
22
SIM5
SIM1
SIM2
SIM3
SIM4
1
21
22
SIM5
SIM1
SIM2
SIM3
SIM4
1
21
22
SIM5
SIM1
SIM2
SIM3
SIM4
1
21
22
SIM5
SIM1
SIM2
SIM3
SIM4
1
21
22
SIM5
SIM1
SIM2
SIM3
SIM4
1
21
22
SIM5
SIM1
SIM2
SIM3
SIM4
1
21
22
SIM5
SIM1
SIM2
SIM3
SIM4
1
21
22
SIM5
SIM1
SIM2
SIM3
SIM4
1
21
22
SIM5
SIM1
SIM2
SIM3
SIM4
1
21
22
SIM5
SIM1
SIM2
SIM3
SIM4
1
21
22
SIM5
SIM1
SIM2
SIM3
SIM4
1
21
22
SIM5
SIM1
SIM2
SIM3
SIM4
1
21
22
SIM5
SIM1
SIM2
SIM3
SIM4
1
21
22
SIM5
SIM1
SIM2
SIM3
SIM4
1
21
22
SIM5
SIM1
SIM2
SIM3
SIM4
1
21
22
SIM5
SIM1
SIM2
SIM3
SIM4
1
21
22
SIM5
SIM1
SIM2
SIM3
SIM4
1
21
22
SIM5
SIM1
SIM2
SIM3
SIM4
1
21
22
SIM5
SIM1
SIM2
SIM3
SIM4
1
21
22
SIM5
SIM1
SIM2
SIM3
SIM4
1
21
22
SIM5
SIM1
SIM2
SIM3
SIM4
1
21
22
SIM5
SIM1
SIM2
SIM3
SIM4
1
21
22
SIM5
SIM1
SIM2
SIM3
SIM4
1
21
22
SIM5
SIM1
SIM2
SIM3
SIM4
1
21
22
SIM5
SIM1
SIM2
SIM3
SIM4
1
21
22
SIM5
SIM1
SIM2
SIM3
SIM4
1
21
22
SIM5
SIM1
SIM2
SIM3
SIM4
1
21
22
SIM5
SIM1
SIM2
SIM3
SIM4
1
21
22
SIM5
SIM1
SIM2
SIM3
SIM4
1
21
22
SIM5
SIM1
SIM2
SIM3
SIM4
1
21
22
SIM5
SIM1
SIM2
SIM3
SIM4
1
21
22
SIM5
SIM1
SIM2
SIM3
SIM4
1
21
22
SIM5
SIM1
SIM2
SIM3
SIM4
1
21
22
SIM5
SIM1
SIM2
SIM3
SIM4
1
21
22
SIM5
SIM1
SIM2
SIM3
SIM4
1
21
22
SIM5
SIM1
SIM2
SIM3
SIM4
1
21
22
SIM5
SIM1
SIM2
SIM3
SIM4
1
21
22
SIM5
SIM1
SIM2
SIM3
SIM4
1
21
22
SIM5
SIM1
SIM2
SIM3
SIM4
1
21
22
SIM5
SIM1
SIM2
SIM3
SIM4
1
21
22
SIM5
SIM1
SIM2
SIM3
SIM4
1
21
22
SIM5
SIM1
SIM2
SIM3
SIM4
1
21
22
SIM5
SIM1
SIM2
SIM3
SIM4
1
21
22
SIM5
SIM1
SIM2
SIM3
SIM4
1
21
22
SIM5
SIM1
SIM2
SIM3
SIM4
1
21
22
SIM5
SIM1
SIM2
SIM3
SIM4
1
21
22
SIM5
SIM1
SIM2
SIM3
SIM4
1
21
22
SIM5
SIM1
SIM2
SIM3
SIM4
1
21
22
SIM5
SIM1
SIM2
SIM3
SIM4
1
21
22
SIM5
SIM1
SIM2
SIM3
SIM4
1
21
22
SIM5
SIM1
SIM2
SIM3
SIM4
1
21
22
SIM5
SIM1
SIM2
SIM3
SIM4
1
21
22
SIM5
SIM1
SIM2
SIM3
SIM4
1
21
22
SIM5
SIM1
SIM2
SIM3
SIM4
1
21
22
SIM5
SIM1
SIM2
SIM3
SIM4
1
21
22
SIM5
SIM1
SIM2
SIM3
SIM4
1
21
22
SIM5
SIM1
SIM2
SIM3
SIM4
1
21
22
SIM5
SIM1
SIM2
SIM3
SIM4
1
21
22
SIM5
SIM1
SIM2
SIM3
SIM4
1
21
22
SIM5
SIM1
SIM2
SIM3
SIM4
1
21
22
SIM5
SIM1
SIM2
SIM3
SIM4
1
21
22
SIM5
SIM1
SIM2
SIM3
SIM4
1
21
22
SIM5
SIM1
SIM2
SIM3
SIM4
1
21
22
SIM5
SIM1
SIM2
SIM3
SIM4
1
21
22
SIM5
SIM1
SIM2
SIM3
SIM4
1
21
22
SIM5
SIM1
SIM2
SIM3
SIM4
1
21
22
SIM5
SIM1
SIM2
SIM3
SIM4
1
21
22
SIM5
SIM1
SIM2
SIM3
SIM4
1
21
22
SIM5
SIM1
SIM2
SIM3
SIM4
1
21
22
SIM5
SIM1
SIM2
SIM3
SIM4
1
21
22
SIM5
SIM1
SIM2
SIM3
SIM4
1
21
22
SIM5
SIM1
SIM2
SIM3
SIM4
1
21
22
SIM5
SIM1
SIM2
SIM3
SIM4
1
21
22
SIM5
SIM1
SIM2
SIM3
SIM4
1
21
22
SIM5
SIM1
SIM2
SIM3
SIM4
1
21
22
SIM5
SIM1
SIM2
SIM3
SIM4
1
21
22
SIM5
SIM1
SIM2
SIM3
SIM4
1
21
22
SIM5
SIM1
SIM2
SIM3
SIM4
1
21
22
SIM5
SIM1
SIM2
SIM3
SIM4
1
21
22
SIM5
SIM1
SIM2
SIM3
SIM4
1
21
22
SIM5
SIM1
SIM2
SIM3
SIM4
1
21
22
SIM5
SIM1
SIM2
SIM3
SIM4
1
21
22
SIM5
SIM1
SIM2
SIM3
SIM4
1
21
22
SIM5
SIM1
SIM2
SIM3
SIM4
1
21
22
SIM5
SIM1
SIM2
SIM3
SIM4
1
21
22
SIM5
SIM1
SIM2
SIM3
SIM4
1
21
22
SIM5
SIM1
SIM2
SIM3
SIM4
1
21
22
SIM5
SIM1
SIM2
SIM3
SIM4
1
21
22
SIM5
SIM1
SIM2
SIM3
SIM4
1
21
22
SIM5
SIM1
SIM2
SIM3
SIM4
1
21
22
SIM5
SIM1
SIM2
SIM3
SIM4
1
21
22
SIM5
SIM1
SIM2
SIM3
SIM4
1
21
22
SIM5
SIM1
SIM2
SIM3
SIM4
1
21
22
SIM5
SIM1
SIM2
SIM3
SIM4
1
21
22
SIM5
SIM1
SIM2
SIM3
SIM4
1
21
22
SIM5
SIM1
SIM2
SIM3
SIM4
1
21
22
SIM5
SIM1
SIM2
SIM3
SIM4
1
21
22
SIM5
SIM1
SIM2
SIM3
SIM4
1
21
22
SIM5
SIM1
SIM2
SIM3
SIM4
1
21
22
SIM5
SIM1
SIM2
SIM3
SIM4
1
21
22
SIM5
SIM1
SIM2
SIM3
SIM4
1
21
22
SIM5
SIM1
SIM2
SIM3
SIM4
1
21
22
SIM5
SIM1
SIM2
SIM3
SIM4
1
21
22
SIM5
SIM1
SIM2
SIM3
SIM4
1
21
22
SIM5
SIM1
SIM2
SIM3
SIM4
1
21
22
SIM5
SIM1
SIM2
SIM3
SIM4
1
21
22
SIM5
SIM1
SIM2
SIM3
SIM4
1
21
22
SIM5
SIM1
SIM2
SIM3
SIM4
1
21
22
SIM5
SIM1
SIM2
SIM3
SIM4
1
21
22
SIM5
SIM1
SIM2
SIM3
SIM4
1
21
22
SIM5
SIM1
SIM2
SIM3
SIM4
1
21
22
SIM5
SIM1
SIM2
SIM3
SIM4
1
21
22
SIM5
SIM1
SIM2
SIM3
SIM4
1
21
22
SIM5
SIM1
SIM2
SIM3
SIM4
1
21
22
SIM5
SIM1
SIM2
SIM3
SIM4
1
21
22
SIM5
SIM1
SIM2
SIM3
SIM4
1
21
22
SIM5
SIM1
SIM2
SIM3
SIM4
1
21
22
SIM5
SIM1
SIM2
SIM3
SIM4
1
21
22
SIM5
SIM1
SIM2
SIM3
SIM4
1
21
22
SIM5
SIM1
SIM2
SIM3
SIM4
1
21
22
SIM5
SIM1
SIM2
SIM3
SIM4
1
21
22
SIM5
SIM1
SIM2
SIM3
SIM4
1
21
22
SIM5
SIM1
SIM2
SIM3
SIM4
1
21
22
SIM5
SIM1
SIM2
SIM3
SIM4
1
21
22
SIM5
SIM1
SIM2
SIM3
SIM4
1
21
22
SIM5
SIM1
SIM2
SIM3
SIM4
1
21
22
SIM5
SIM1
SIM2
SIM3
SIM4
1
21
22
SIM5
SIM1
SIM2
SIM3
SIM4
1
21
22
SIM5
SIM1
SIM2
SIM3
SIM4
1
21
22
SIM5
SIM1
SIM2
SIM3
SIM4
1
21
22
SIM5
SIM1
SIM2
SIM3
SIM4
1
21
22
SIM5
SIM1
SIM2
SIM3
SIM4
1
21
22
SIM5
SIM1
SIM2
SIM3
SIM4
1
21
22
SIM5
SIM1
SIM2
SIM3
SIM4
1
21
22
SIM5
SIM1
SIM2
SIM3
SIM4
1
21
22
SIM5
SIM1
SIM2
SIM3
SIM4
1
21
22
SIM5
SIM1
SIM2
SIM3
SIM4
1
21
22
SIM5
SIM1
SIM2
SIM3
SIM4
1
21
22
SIM5
SIM1
SIM2
SIM3
SIM4
1
21
22
SIM5
SIM1
SIM2
SIM3
SIM4
1
21
22
SIM5
SIM1
SIM2
SIM3
SIM4
1
21
22
SIM5
SIM1
SIM2
SIM3
SIM4
1
21
22
SIM5
SIM1
SIM2
SIM3
SIM4
1
21
22
SIM5
SIM1
SIM2
SIM3
SIM4
1
21
22
SIM5
SIM1
SIM2
SIM3
SIM4
1
21
22
SIM5
SIM1
SIM2
SIM3
SIM4
1
21
22
SIM5
SIM1
SIM2
SIM3
SIM4
1
21
22
SIM5
SIM1
SIM2
SIM3
SIM4
1
21
22
SIM5
SIM1
SIM2
SIM3
SIM4
1
21
22
SIM5
SIM1
SIM2
SIM3
SIM4
1
21
22
SIM5
SIM1
SIM2
SIM3
SIM4
1
21
22
SIM5
SIM1
SIM2
SIM3
SIM4
1
21
22
SIM5
SIM1
SIM2
SIM3
SIM4
1
21
22
SIM5
SIM1
SIM2
SIM3
SIM4
1
21
22
SIM5
SIM1
SIM2
SIM3
SIM4
1
21
22
SIM5
SIM1
SIM2
SIM3
SIM4
1
21
22
SIM5
SIM1
SIM2
SIM3
SIM4
1
21
22
SIM5
SIM1
SIM2
SIM3
SIM4
1
21
22
SIM5
SIM1
SIM2
SIM3
SIM4
1
21
22
SIM5
SIM1
SIM2
SIM3
SIM4
1
21
22
SIM5
SIM1
SIM2
SIM3
SIM4
1
21
22
SIM5
SIM1
SIM2
SIM3
SIM4
1
21
22
SIM5
SIM1
SIM2
SIM3
SIM4
1
21
22
SIM5
SIM1
SIM2
SIM3
SIM4
1
21
22
SIM5
SIM1
SIM2
SIM3
SIM4
1
21
22
SIM5
SIM1
SIM2
SIM3
SIM4
1
21
22
SIM5
SIM1
SIM2
SIM3
SIM4
1
21
22
SIM5
SIM1
SIM2
SIM3
SIM4
1
21
22
SIM5
SIM1
SIM2
SIM3
SIM4
1
21
22
SIM5
SIM1
SIM2
SIM3
SIM4
1
21
22
SIM5
SIM1
SIM2
SIM3
SIM4
1
21
22
SIM5
SIM1
SIM2
SIM3
SIM4
1
21
22
SIM5
SIM1
SIM2
SIM3
SIM4
1
21
22
SIM5
SIM1
SIM2
SIM3
SIM4
1
21
22
SIM5
SIM1
SIM2
SIM3
SIM4
1
21
22
SIM5
SIM1
SIM2
SIM3
SIM4
1
21
22
SIM5
SIM1
SIM2
SIM3
SIM4
1
21
22
SIM5
SIM1
SIM2
SIM3
SIM4
1
21
22
SIM5
SIM1
SIM2
SIM3
SIM4
1
21
22
SIM5
SIM1
SIM2
SIM3
SIM4
1
21
22
SIM5
SIM1
SIM2
SIM3
SIM4
1
21
22
SIM5
SIM1
SIM2
SIM3
SIM4
1
21
22
SIM5
SIM1
SIM2
SIM3
SIM4
1
21
22
SIM5
SIM1
SIM2
SIM3
SIM4
1
21
22
SIM5
SIM1
SIM2
SIM3
SIM4
1
21
22
SIM5
SIM1
SIM2
SIM3
SIM4
1
21
22
SIM5
SIM1
SIM2
SIM3
SIM4
1
21
22
SIM5
SIM1
SIM2
SIM3
SIM4
1
21
22
SIM5
SIM1
SIM2
SIM3
SIM4
1
21
22
SIM5
SIM1
SIM2
SIM3
SIM4
1
21
22
SIM5
SIM1
SIM2
SIM3
SIM4
1
21
22
SIM5
SIM1
SIM2
SIM3
SIM4
1
21
22
SIM5
SIM1
SIM2
SIM3
SIM4
1
21
22
SIM5
SIM1
SIM2
SIM3
SIM4
1
21
22
SIM5
SIM1
SIM2
SIM3
SIM4
1
21
22
SIM5
SIM1
SIM2
SIM3
SIM4
1
21
22
SIM5
SIM1
SIM2
SIM3
SIM4
1
21
22
SIM5
SIM1
SIM2
SIM3
SIM4
1
21
22
SIM5
SIM1
SIM2
SIM3
SIM4
1
21
22
SIM5
SIM1
SIM2
SIM3
SIM4
1
21
22
SIM5
SIM1
SIM2
SIM3
SIM4
1
21
22
SIM5
SIM1
SIM2
SIM3
SIM4
1
21
22
SIM5
SIM1
SIM2
SIM3
SIM4
1
21
22
SIM5
SIM1
SIM2
SIM3
SIM4
1
21
22
SIM5
SIM1
SIM2
DEBUG 1 530
SIM1
SIM2
SIM3
SIM4
1
21
22
SIM5
SIM1
SIM2
SIM3
SIM4
1
21
22
SIM5
SIM1
SIM2
SIM3
SIM4
1
21
22
SIM5
SIM1
SIM2
SIM3
SIM4
1
21
22
SIM5
SIM1
SIM2
SIM3
SIM4
1
21
22
SIM5
SIM1
SIM2
SIM3
SIM4
1
21
22
SIM5
SIM1
SIM2
SIM3
SIM4
1
21
22
SIM5
SIM1
SIM2
SIM3
SIM4
1
21
22
SIM5
SIM1
SIM2
SIM3
SIM4
1
21
22
SIM5
SIM1
SIM2
SIM3
SIM4
1
21
22
SIM5
SIM1
SIM2
SIM3
SIM4
1
21
22
SIM5
SIM1
SIM2
SIM3
SIM4
1
21
22
SIM5
SIM1
SIM2
SIM3
SIM4
1
21
22
SIM5
SIM1
SIM2
SIM3
SIM4
1
21
22
SIM5
SIM1
SIM2
SIM3
SIM4
1
21
22
SIM5
SIM1
SIM2
SIM3
SIM4
1
21
22
SIM5
SIM1
SIM2
SIM3
SIM4
1
21
22
SIM5
SIM1
SIM2
SIM3
SIM4
1
21
22
SIM5
SIM1
SIM2
SIM3
SIM4
1
21
22
SIM5
SIM1
SIM2
SIM3
SIM4
1
21
22
SIM5
SIM1
SIM2
SIM3
SIM4
1
21
22
SIM5
SIM1
SIM2
SIM3
SIM4
1
21
22
SIM5
SIM1
SIM2
SIM3
SIM4
1
21
22
SIM5
SIM1
SIM2
SIM3
SIM4
1
21
22
SIM5
SIM1
SIM2
SIM3
SIM4
1
21
22
SIM5
SIM1
SIM2
SIM3
SIM4
1
21
22
SIM5
SIM1
SIM2
SIM3
SIM4
1
21
22
SIM5
SIM1
SIM2
SIM3
SIM4
1
21
22
SIM5
SIM1
SIM2
SIM3
SIM4
1
21
22
SIM5
SIM1
SIM2
SIM3
SIM4
1
21
22
SIM5
SIM1
SIM2
SIM3
SIM4
1
21
22
SIM5
SIM1
SIM2
SIM3
SIM4
1
21
22
SIM5
SIM1
SIM2
SIM3
SIM4
1
21
22
SIM5
SIM1
SIM2
SIM3
SIM4
1
21
22
SIM5
SIM1
SIM2
SIM3
SIM4
1
21
22
SIM5
SIM1
SIM2
SIM3
SIM4
1
21
22
SIM5
SIM1
SIM2
SIM3
SIM4
1
21
22
SIM5
SIM1
SIM2
SIM3
SIM4
1
21
22
SIM5
SIM1
SIM2
SIM3
SIM4
1
21
22
SIM5
SIM1
SIM2
SIM3
SIM4
1
21
22
SIM5
SIM1
SIM2
SIM3
SIM4
1
21
22
SIM5
SIM1
SIM2
SIM3
SIM4
1
21
22
SIM5
SIM1
SIM2
SIM3
SIM4
1
21
22
SIM5
SIM1
SIM2
SIM3
SIM4
1
21
22
SIM5
SIM1
SIM2
SIM3
SIM4
1
21
22
SIM5
SIM1
SIM2
SIM3
SIM4
1
21
22
SIM5
SIM1
SIM2
SIM3
SIM4
1
21
22
SIM5
SIM1
SIM2
SIM3
SIM4
1
21
22
SIM5
SIM1
SIM2
SIM3
SIM4
1
21
22
SIM5
SIM1
SIM2
SIM3
SIM4
1
21
22
SIM5
SIM1
SIM2
SIM3
SIM4
1
21
22
SIM5
SIM1
SIM2
SIM3
SIM4
1
21
22
SIM5
SIM1
SIM2
SIM3
SIM4
1
21
22
SIM5
SIM1
SIM2
SIM3
SIM4
1
21
22
SIM5
SIM1
SIM2
SIM3
SIM4
1
21
22
SIM5
SIM1
SIM2
SIM3
SIM4
1
21
22
SIM5
SIM1
SIM2
SIM3
SIM4
1
21
22
SIM5
SIM1
SIM2
SIM3
SIM4
1
21
22
SIM5
SIM1
SIM2
SIM3
SIM4
1
21
22
SIM5
SIM1
SIM2
SIM3
SIM4
1
21
22
SIM5
SIM1
SIM2
SIM3
SIM4
1
21
22
SIM5
SIM1
SIM2
SIM3
SIM4
1
21
22
SIM5
SIM1
SIM2
SIM3
SIM4
1
21
22
SIM5
SIM1
SIM2
SIM3
SIM4
1
21
22
SIM5
SIM1
SIM2
SIM3
SIM4
1
21
22
SIM5
SIM1
SIM2
SIM3
SIM4
1
21
22
SIM5
SIM1
SIM2
SIM3
SIM4
1
21
22
SIM5
SIM1
SIM2
SIM3
SIM4
1
21
22
SIM5
SIM1
SIM2
SIM3
SIM4
1
21
22
SIM5
SIM1
SIM2
SIM3
SIM4
1
21
22
SIM5
SIM1
SIM2
SIM3
SIM4
1
21
22
SIM5
SIM1
SIM2
SIM3
SIM4
1
21
22
SIM5
SIM1
SIM2
SIM3
SIM4
1
21
22
SIM5
SIM1
SIM2
SIM3
SIM4
1
21
22
SIM5
SIM1
SIM2
SIM3
SIM4
1
21
22
SIM5
SIM1
SIM2
SIM3
SIM4
1
21
22
SIM5
SIM1
SIM2
SIM3
SIM4
1
21
22
SIM5
SIM1
SIM2
SIM3
SIM4
1
21
22
SIM5
SIM1
SIM2
SIM3
SIM4
1
21
22
SIM5
SIM1
SIM2
SIM3
SIM4
1
21
22
SIM5
SIM1
SIM2
SIM3
SIM4
1
21
22
SIM5
SIM1
SIM2
SIM3
SIM4
1
21
22
SIM5
SIM1
SIM2
SIM3
SIM4
1
21
22
SIM5
SIM1
SIM2
SIM3
SIM4
1
21
22
SIM5
SIM1
SIM2
SIM3
SIM4
1
21
22
SIM5
SIM1
SIM2
SIM3
SIM4
1
21
22
SIM5
SIM1
SIM2
SIM3
SIM4
1
21
22
SIM5
SIM1
SIM2
SIM3
SIM4
1
21
22
SIM5
SIM1
SIM2
SIM3
SIM4
1
21
22
SIM5
SIM1
SIM2
SIM3
SIM4
1
21
22
SIM5
SIM1
SIM2
SIM3
SIM4
1
21
22
SIM5
SIM1
SIM2
SIM3
SIM4
1
21
22
SIM5
SIM1
SIM2
SIM3
SIM4
1
21
22
SIM5
SIM1
SIM2
SIM3
SIM4
1
21
22
SIM5
SIM1
SIM2
SIM3
SIM4
1
21
22
SIM5
SIM1
SIM2
SIM3
SIM4
1
21
22
SIM5
SIM1
SIM2
SIM3
SIM4
1
21
22
SIM5
SIM1
SIM2
SIM3
SIM4
1
21
22
SIM5
SIM1
SIM2
SIM3
SIM4
1
21
22
SIM5
SIM1
SIM2
SIM3
SIM4
1
21
22
SIM5
SIM1
SIM2
SIM3
SIM4
1
21
22
SIM5
SIM1
SIM2
SIM3
SIM4
1
21
22
SIM5
SIM1
SIM2
SIM3
SIM4
1
21
22
SIM5
SIM1
SIM2
SIM3
SIM4
1
21
22
SIM5
SIM1
SIM2
SIM3
SIM4
1
21
22
SIM5
SIM1
SIM2
SIM3
SIM4
1
21
22
SIM5
SIM1
SIM2
SIM3
SIM4
1
21
22
SIM5
SIM1
SIM2
SIM3
SIM4
1
21
22
SIM5
SIM1
SIM2
SIM3
SIM4
1
21
22
SIM5
SIM1
SIM2
SIM3
SIM4
1
21
22
SIM5
SIM1
SIM2
SIM3
SIM4
1
21
22
SIM5
SIM1
SIM2
SIM3
SIM4
1
21
22
SIM5
SIM1
SIM2
SIM3
SIM4
1
21
22
SIM5
SIM1
SIM2
SIM3
SIM4
1
21
22
SIM5
SIM1
SIM2
SIM3
SIM4
1
21
22
SIM5
SIM1
SIM2
SIM3
SIM4
1
21
22
SIM5
SIM1
SIM2
SIM3
SIM4
1
21
22
SIM5
SIM1
SIM2
SIM3
SIM4
1
21
22
SIM5
SIM1
SIM2
SIM3
SIM4
1
21
22
SIM5
SIM1
SIM2
SIM3
SIM4
1
21
22
SIM5
SIM1
SIM2
SIM3
SIM4
1
21
22
SIM5
SIM1
SIM2
SIM3
SIM4
1
21
22
SIM5
SIM1
SIM2
SIM3
SIM4
1
21
22
SIM5
SIM1
SIM2
SIM3
SIM4
1
21
22
SIM5
SIM1
SIM2
SIM3
SIM4
1
21
22
SIM5
SIM1
SIM2
SIM3
SIM4
1
21
22
SIM5
SIM1
SIM2
SIM3
SIM4
1
21
22
SIM5
SIM1
SIM2
SIM3
SIM4
1
21
22
SIM5
SIM1
SIM2
SIM3
SIM4
1
21
22
SIM5
SIM1
SIM2
SIM3
SIM4
1
21
22
SIM5
SIM1
SIM2
SIM3
SIM4
1
21
22
SIM5
SIM1
SIM2
SIM3
SIM4
1
21
22
SIM5
SIM1
SIM2
SIM3
SIM4
1
21
22
SIM5
SIM1
SIM2
SIM3
SIM4
1
21
22
SIM5
SIM1
SIM2
SIM3
SIM4
1
21
22
SIM5
SIM1
SIM2
SIM3
SIM4
1
21
22
SIM5
SIM1
SIM2
SIM3
SIM4
1
21
22
SIM5
SIM1
SIM2
SIM3
SIM4
1
21
22
SIM5
SIM1
SIM2
SIM3
SIM4
1
21
22
SIM5
SIM1
SIM2
SIM3
SIM4
1
21
22
SIM5
SIM1
SIM2
SIM3
SIM4
1
21
22
SIM5
SIM1
SIM2
SIM3
SIM4
1
21
22
SIM5
SIM1
SIM2
SIM3
SIM4
1
21
22
SIM5
SIM1
SIM2
SIM3
SIM4
1
21
22
SIM5
SIM1
SIM2
SIM3
SIM4
1
21
22
SIM5
SIM1
SIM2
SIM3
SIM4
1
21
22
SIM5
SIM1
SIM2
SIM3
SIM4
1
21
22
SIM5
SIM1
SIM2
SIM3
SIM4
1
21
22
SIM5
SIM1
SIM2
SIM3
SIM4
1
21
22
SIM5
SIM1
SIM2
SIM3
SIM4
1
21
22
SIM5
SIM1
SIM2
SIM3
SIM4
1
21
22
SIM5
SIM1
SIM2
SIM3
SIM4
1
21
22
SIM5
SIM1
SIM2
SIM3
SIM4
1
21
22
SIM5
SIM1
SIM2
SIM3
SIM4
1
21
22
SIM5
SIM1
SIM2
SIM3
SIM4
1
21
22
SIM5
SIM1
SIM2
SIM3
SIM4
1
21
22
SIM5
SIM1
SIM2
SIM3
SIM4
1
21
22
SIM5
SIM1
SIM2
SIM3
SIM4
1
21
22
SIM5
SIM1
SIM2
SIM3
SIM4
1
21
22
SIM5
SIM1
SIM2
SIM3
SIM4
1
21
22
SIM5
SIM1
SIM2
SIM3
SIM4
1
21
22
SIM5
SIM1
SIM2
SIM3
SIM4
1
21
22
SIM5
SIM1
SIM2
SIM3
SIM4
1
21
22
SIM5
SIM1
SIM2
SIM3
SIM4
1
21
22
SIM5
SIM1
SIM2
SIM3
SIM4
1
21
22
SIM5
SIM1
SIM2
SIM3
SIM4
1
21
22
SIM5
SIM1
SIM2
SIM3
SIM4
1
21
22
SIM5
SIM1
SIM2
SIM3
SIM4
1
21
22
SIM5
SIM1
SIM2
SIM3
SIM4
1
21
22
SIM5
SIM1
SIM2
SIM3
SIM4
1
21
22
SIM5
SIM1
SIM2
DEBUG 1 531
SIM1
SIM2
SIM3
SIM4
1
21
22
SIM5
SIM1
SIM2
SIM3
SIM4
1
21
22
SIM5
SIM1
SIM2
SIM3
SIM4
1
21
22
SIM5
SIM1
SIM2
SIM3
SIM4
1
21
22
SIM5
SIM1
SIM2
SIM3
SIM4
1
21
22
SIM5
SIM1
SIM2
SIM3
SIM4
1
21
22
SIM5
SIM1
SIM2
SIM3
SIM4
1
21
22
SIM5
SIM1
SIM2
SIM3
SIM4
1
21
22
SIM5
SIM1
SIM2
SIM3
SIM4
1
21
22
SIM5
SIM1
SIM2
SIM3
SIM4
1
21
22
SIM5
SIM1
SIM2
SIM3
SIM4
1
21
22
SIM5
SIM1
SIM2
SIM3
SIM4
1
21
22
SIM5
SIM1
SIM2
SIM3
SIM4
1
21
22
SIM5
SIM1
SIM2
SIM3
SIM4
1
21
22
SIM5
SIM1
SIM2
SIM3
SIM4
1
21
22
SIM5
SIM1
SIM2
SIM3
SIM4
1
21
22
SIM5
SIM1
SIM2
SIM3
SIM4
1
21
22
SIM5
SIM1
SIM2
SIM3
SIM4
1
21
22
SIM5
SIM1
SIM2
SIM3
SIM4
1
21
22
SIM5
SIM1
SIM2
SIM3
SIM4
1
21
22
SIM5
SIM1
SIM2
SIM3
SIM4
1
21
22
SIM5
SIM1
SIM2
SIM3
SIM4
1
21
22
SIM5
SIM1
SIM2
SIM3
SIM4
1
21
22
SIM5
SIM1
SIM2
SIM3
SIM4
1
21
22
SIM5
SIM1
SIM2
SIM3
SIM4
1
21
22
SIM5
SIM1
SIM2
SIM3
SIM4
1
21
22
SIM5
SIM1
SIM2
SIM3
SIM4
1
21
22
SIM5
SIM1
SIM2
SIM3
SIM4
1
21
22
SIM5
SIM1
SIM2
SIM3
SIM4
1
21
22
SIM5
SIM1
SIM2
SIM3
SIM4
1
21
22
SIM5
SIM1
SIM2
SIM3
SIM4
1
21
22
SIM5
SIM1
SIM2
SIM3
SIM4
1
21
22
SIM5
SIM1
SIM2
SIM3
SIM4
1
21
22
SIM5
SIM1
SIM2
SIM3
SIM4
1
21
22
SIM5
SIM1
SIM2
SIM3
SIM4
1
21
22
SIM5
SIM1
SIM2
SIM3
SIM4
1
21
22
SIM5
SIM1
SIM2
SIM3
SIM4
1
21
22
SIM5
SIM1
SIM2
SIM3
SIM4
1
21
22
SIM5
SIM1
SIM2
SIM3
SIM4
1
21
22
SIM5
SIM1
SIM2
SIM3
SIM4
1
21
22
SIM5
SIM1
SIM2
SIM3
SIM4
1
21
22
SIM5
SIM1
SIM2
SIM3
SIM4
1
21
22
SIM5
SIM1
SIM2
SIM3
SIM4
1
21
22
SIM5
SIM1
SIM2
SIM3
SIM4
1
21
22
SIM5
SIM1
SIM2
SIM3
SIM4
1
21
22
SIM5
SIM1
SIM2
SIM3
SIM4
1
21
22
SIM5
SIM1
SIM2
SIM3
SIM4
1
21
22
SIM5
SIM1
SIM2
SIM3
SIM4
1
21
22
SIM5
SIM1
SIM2
SIM3
SIM4
1
21
22
SIM5
SIM1
SIM2
SIM3
SIM4
1
21
22
SIM5
SIM1
SIM2
SIM3
SIM4
1
21
22
SIM5
SIM1
SIM2
SIM3
SIM4
1
21
22
SIM5
SIM1
SIM2
SIM3
SIM4
1
21
22
SIM5
SIM1
SIM2
SIM3
SIM4
1
21
22
SIM5
SIM1
SIM2
SIM3
SIM4
1
21
22
SIM5
SIM1
SIM2
SIM3
SIM4
1
21
22
SIM5
SIM1
SIM2
SIM3
SIM4
1
21
22
SIM5
SIM1
SIM2
SIM3
SIM4
1
21
22
SIM5
SIM1
SIM2
SIM3
SIM4
1
21
22
SIM5
SIM1
SIM2
SIM3
SIM4
1
21
22
SIM5
SIM1
SIM2
SIM3
SIM4
1
21
22
SIM5
SIM1
SIM2
SIM3
SIM4
1
21
22
SIM5
SIM1
SIM2
SIM3
SIM4
1
21
22
SIM5
SIM1
SIM2
SIM3
SIM4
1
21
22
SIM5
SIM1
SIM2
SIM3
SIM4
1
21
22
SIM5
SIM1
SIM2
SIM3
SIM4
1
21
22
SIM5
SIM1
SIM2
SIM3
SIM4
1
21
22
SIM5
SIM1
SIM2
SIM3
SIM4
1
21
22
SIM5
SIM1
SIM2
SIM3
SIM4
1
21
22
SIM5
SIM1
SIM2
SIM3
SIM4
1
21
22
SIM5
SIM1
SIM2
SIM3
SIM4
1
21
22
SIM5
SIM1
SIM2
SIM3
SIM4
1
21
22
SIM5
SIM1
SIM2
SIM3
SIM4
1
21
22
SIM5
SIM1
SIM2
SIM3
SIM4
1
21
22
SIM5
SIM1
SIM2
SIM3
SIM4
1
21
22
SIM5
SIM1
SIM2
SIM3
SIM4
1
21
22
SIM5
SIM1
SIM2
SIM3
SIM4
1
21
22
SIM5
SIM1
SIM2
SIM3
SIM4
1
21
22
SIM5
SIM1
SIM2
SIM3
SIM4
1
21
22
SIM5
SIM1
SIM2
SIM3
SIM4
1
21
22
SIM5
SIM1
SIM2
SIM3
SIM4
1
21
22
SIM5
SIM1
SIM2
SIM3
SIM4
1
21
22
SIM5
SIM1
SIM2
SIM3
SIM4
1
21
22
SIM5
SIM1
SIM2
SIM3
SIM4
1
21
22
SIM5
SIM1
SIM2
SIM3
SIM4
1
21
22
SIM5
SIM1
SIM2
SIM3
SIM4
1
21
22
SIM5
SIM1
SIM2
SIM3
SIM4
1
21
22
SIM5
SIM1
SIM2
SIM3
SIM4
1
21
22
SIM5
SIM1
SIM2
SIM3
SIM4
1
21
22
SIM5
SIM1
SIM2
SIM3
SIM4
1
21
22
SIM5
SIM1
SIM2
SIM3
SIM4
1
21
22
SIM5
SIM1
SIM2
SIM3
SIM4
1
21
22
SIM5
SIM1
SIM2
SIM3
SIM4
1
21
22
SIM5
SIM1
SIM2
SIM3
SIM4
1
21
22
SIM5
SIM1
SIM2
SIM3
SIM4
1
21
22
SIM5
SIM1
SIM2
SIM3
SIM4
1
21
22
SIM5
SIM1
SIM2
SIM3
SIM4
1
21
22
SIM5
SIM1
SIM2
SIM3
SIM4
1
21
22
SIM5
SIM1
SIM2
SIM3
SIM4
1
21
22
SIM5
SIM1
SIM2
SIM3
SIM4
1
21
22
SIM5
SIM1
SIM2
SIM3
SIM4
1
21
22
SIM5
SIM1
SIM2
SIM3
SIM4
1
21
22
SIM5
SIM1
SIM2
SIM3
SIM4
1
21
22
SIM5
SIM1
SIM2
SIM3
SIM4
1
21
22
SIM5
SIM1
SIM2
SIM3
SIM4
1
21
22
SIM5
SIM1
SIM2
SIM3
SIM4
1
21
22
SIM5
SIM1
SIM2
SIM3
SIM4
1
21
22
SIM5
SIM1
SIM2
SIM3
SIM4
1
21
22
SIM5
SIM1
SIM2
SIM3
SIM4
1
21
22
SIM5
SIM1
SIM2
SIM3
SIM4
1
21
22
SIM5
SIM1
SIM2
SIM3
SIM4
1
21
22
SIM5
SIM1
SIM2
SIM3
SIM4
1
21
22
SIM5
SIM1
SIM2
SIM3
SIM4
1
21
22
SIM5
SIM1
SIM2
SIM3
SIM4
1
21
22
SIM5
SIM1
SIM2
SIM3
SIM4
1
21
22
SIM5
SIM1
SIM2
SIM3
SIM4
1
21
22
SIM5
SIM1
SIM2
SIM3
SIM4
1
21
22
SIM5
SIM1
SIM2
SIM3
SIM4
1
21
22
SIM5
SIM1
SIM2
SIM3
SIM4
1
21
22
SIM5
SIM1
SIM2
SIM3
SIM4
1
21
22
SIM5
SIM1
SIM2
SIM3
SIM4
1
21
22
SIM5
SIM1
SIM2
SIM3
SIM4
1
21
22
SIM5
SIM1
SIM2
SIM3
SIM4
1
21
22
SIM5
SIM1
SIM2
SIM3
SIM4
1
21
22
SIM5
SIM1
SIM2
SIM3
SIM4
1
21
22
SIM5
SIM1
SIM2
SIM3
SIM4
1
21
22
SIM5
SIM1
SIM2
SIM3
SIM4
1
21
22
SIM5
SIM1
SIM2
SIM3
SIM4
1
21
22
SIM5
SIM1
SIM2
SIM3
SIM4
1
21
22
SIM5
SIM1
SIM2
SIM3
SIM4
1
21
22
SIM5
SIM1
SIM2
SIM3
SIM4
1
21
22
SIM5
SIM1
SIM2
SIM3
SIM4
1
21
22
SIM5
SIM1
SIM2
SIM3
SIM4
1
21
22
SIM5
SIM1
SIM2
SIM3
SIM4
1
21
22
SIM5
SIM1
SIM2
SIM3
SIM4
1
21
22
SIM5
SIM1
SIM2
SIM3
SIM4
1
21
22
SIM5
SIM1
SIM2
SIM3
SIM4
1
21
22
SIM5
SIM1
SIM2
SIM3
SIM4
1
21
22
SIM5
SIM1
SIM2
SIM3
SIM4
1
21
22
SIM5
SIM1
SIM2
SIM3
SIM4
1
21
22
SIM5
SIM1
SIM2
SIM3
SIM4
1
21
22
SIM5
SIM1
SIM2
SIM3
SIM4
1
21
22
SIM5
SIM1
SIM2
SIM3
SIM4
1
21
22
SIM5
SIM1
SIM2
SIM3
SIM4
1
21
22
SIM5
SIM1
SIM2
SIM3
SIM4
1
21
22
SIM5
SIM1
SIM2
SIM3
SIM4
1
21
22
SIM5
SIM1
SIM2
SIM3
SIM4
1
21
22
SIM5
SIM1
SIM2
SIM3
SIM4
1
21
22
SIM5
SIM1
SIM2
SIM3
SIM4
1
21
22
SIM5
SIM1
SIM2
SIM3
SIM4
1
21
22
SIM5
SIM1
SIM2
SIM3
SIM4
1
21
22
SIM5
SIM1
SIM2
SIM3
SIM4
1
21
22
SIM5
SIM1
SIM2
SIM3
SIM4
1
21
22
SIM5
SIM1
SIM2
SIM3
SIM4
1
21
22
SIM5
SIM1
SIM2
SIM3
SIM4
1
21
22
SIM5
SIM1
SIM2
SIM3
SIM4
1
21
22
SIM5
SIM1
SIM2
SIM3
SIM4
1
21
22
SIM5
SIM1
SIM2
SIM3
SIM4
1
21
22
SIM5
SIM1
SIM2
SIM3
SIM4
1
21
22
SIM5
SIM1
SIM2
SIM3
SIM4
1
21
22
SIM5
SIM1
SIM2
SIM3
SIM4
1
21
22
SIM5
SIM1
SIM2
SIM3
SIM4
1
21
22
SIM5
SIM1
SIM2
SIM3
SIM4
1
21
22
SIM5
SIM1
SIM2
SIM3
SIM4
1
21
22
SIM5
SIM1
SIM2
SIM3
SIM4
1
21
22
SIM5
SIM1
SIM2
SIM3
SIM4
1
21
22
SIM5
SIM1
SIM2
SIM3
SIM4
1
21
22
SIM5
SIM1
SIM2
SIM3
SIM4
1
21
22
SIM5
SIM1
SIM2
SIM3
SIM4
1
21
22
SIM5
SIM1
SIM2
SIM3
SIM4
1
21
22
SIM5
SIM1
SIM2
SIM3
SIM4
1
21
22
SIM5
SIM1
SIM2
SIM3
SIM4
1
21
22
SIM5
SIM1
SIM2
SIM3
SIM4
1
21
22
SIM5
SIM1
SIM2
SIM3
SIM4
1
21
22
SIM5
SIM1
SIM2
SIM3
SIM4
1
21
22
SIM5
SIM1
SIM2
SIM3
SIM4
1
21
22
SIM5
SIM1
SIM2
SIM3
SIM4
1
21
22
SIM5
SIM1
SIM2
SIM3
SIM4
1
21
22
SIM5
SIM1
SIM2
SIM3
SIM4
1
21
22
SIM5
SIM1
SIM2
SIM3
SIM4
1
21
22
SIM5
SIM1
SIM2
SIM3
SIM4
1
21
22
SIM5
SIM1
SIM2
SIM3
SIM4
1
21
22
SIM5
SIM1
SIM2
SIM3
SIM4
1
21
22
SIM5
SIM1
SIM2
SIM3
SIM4
1
21
22
SIM5
SIM1
SIM2
SIM3
SIM4
1
21
22
SIM5
SIM1
SIM2
SIM3
SIM4
1
21
22
SIM5
SIM1
SIM2
SIM3
SIM4
1
21
22
SIM5
SIM1
SIM2
SIM3
SIM4
1
21
22
SIM5
SIM1
SIM2
SIM3
SIM4
1
21
22
SIM5
SIM1
SIM2
SIM3
SIM4
1
21
22
SIM5
SIM1
SIM2
SIM3
SIM4
1
21
22
SIM5
SIM1
SIM2
SIM3
SIM4
1
21
22
SIM5
SIM1
SIM2
SIM3
SIM4
1
21
22
SIM5
SIM1
SIM2
SIM3
SIM4
1
21
22
SIM5
SIM1
SIM2
SIM3
SIM4
1
21
22
SIM5
SIM1
SIM2
SIM3
SIM4
1
21
22
SIM5
SIM1
SIM2
SIM3
SIM4
1
21
22
SIM5
SIM1
SIM2
SIM3
SIM4
1
21
22
SIM5
SIM1
SIM2
SIM3
SIM4
1
21
22
SIM5
SIM1
SIM2
SIM3
SIM4
1
21
22
SIM5
SIM1
SIM2
SIM3
SIM4
1
21
22
SIM5
SIM1
SIM2
SIM3
SIM4
1
21
22
SIM5
SIM1
SIM2
SIM3
SIM4
1
21
22
SIM5
SIM1
SIM2
SIM3
SIM4
1
21
22
SIM5
SIM1
SIM2
SIM3
SIM4
1
21
22
SIM5
SIM1
SIM2
DEBUG 1 532
SIM1
SIM2
SIM3
SIM4
1
21
22
SIM5
SIM1
SIM2
SIM3
SIM4
1
21
22
SIM5
SIM1
SIM2
SIM3
SIM4
1
21
22
SIM5
SIM1
SIM2
SIM3
SIM4
1
21
22
SIM5
SIM1
SIM2
SIM3
SIM4
1
21
22
SIM5
SIM1
SIM2
SIM3
SIM4
1
21
22
SIM5
SIM1
SIM2
SIM3
SIM4
1
21
22
SIM5
SIM1
SIM2
SIM3
SIM4
1
21
22
SIM5
SIM1
SIM2
SIM3
SIM4
1
21
22
SIM5
SIM1
SIM2
SIM3
SIM4
1
21
22
SIM5
SIM1
SIM2
SIM3
SIM4
1
21
22
SIM5
SIM1
SIM2
SIM3
SIM4
1
21
22
SIM5
SIM1
SIM2
SIM3
SIM4
1
21
22
SIM5
SIM1
SIM2
SIM3
SIM4
1
21
22
SIM5
SIM1
SIM2
SIM3
SIM4
1
21
22
SIM5
SIM1
SIM2
SIM3
SIM4
1
21
22
SIM5
SIM1
SIM2
SIM3
SIM4
1
21
22
SIM5
SIM1
SIM2
SIM3
SIM4
1
21
22
SIM5
SIM1
SIM2
SIM3
SIM4
1
21
22
SIM5
SIM1
SIM2
SIM3
SIM4
1
21
22
SIM5
SIM1
SIM2
SIM3
SIM4
1
21
22
SIM5
SIM1
SIM2
SIM3
SIM4
1
21
22
SIM5
SIM1
SIM2
SIM3
SIM4
1
21
22
SIM5
SIM1
SIM2
SIM3
SIM4
1
21
22
SIM5
SIM1
SIM2
SIM3
SIM4
1
21
22
SIM5
SIM1
SIM2
SIM3
SIM4
1
21
22
SIM5
SIM1
SIM2
SIM3
SIM4
1
21
22
SIM5
SIM1
SIM2
SIM3
SIM4
1
21
22
SIM5
SIM1
SIM2
SIM3
SIM4
1
21
22
SIM5
SIM1
SIM2
SIM3
SIM4
1
21
22
SIM5
SIM1
SIM2
SIM3
SIM4
1
21
22
SIM5
SIM1
SIM2
SIM3
SIM4
1
21
22
SIM5
SIM1
SIM2
SIM3
SIM4
1
21
22
SIM5
SIM1
SIM2
SIM3
SIM4
1
21
22
SIM5
SIM1
SIM2
SIM3
SIM4
1
21
22
SIM5
SIM1
SIM2
SIM3
SIM4
1
21
22
SIM5
SIM1
SIM2
SIM3
SIM4
1
21
22
SIM5
SIM1
SIM2
SIM3
SIM4
1
21
22
SIM5
SIM1
SIM2
SIM3
SIM4
1
21
22
SIM5
SIM1
SIM2
SIM3
SIM4
1
21
22
SIM5
SIM1
SIM2
SIM3
SIM4
1
21
22
SIM5
SIM1
SIM2
SIM3
SIM4
1
21
22
SIM5
SIM1
SIM2
SIM3
SIM4
1
21
22
SIM5
SIM1
SIM2
SIM3
SIM4
1
21
22
SIM5
SIM1
SIM2
SIM3
SIM4
1
21
22
SIM5
SIM1
SIM2
SIM3
SIM4
1
21
22
SIM5
SIM1
SIM2
SIM3
SIM4
1
21
22
SIM5
SIM1
SIM2
SIM3
SIM4
1
21
22
SIM5
SIM1
SIM2
SIM3
SIM4
1
21
22
SIM5
SIM1
SIM2
SIM3
SIM4
1
21
22
SIM5
SIM1
SIM2
SIM3
SIM4
1
21
22
SIM5
SIM1
SIM2
SIM3
SIM4
1
21
22
SIM5
SIM1
SIM2
SIM3
SIM4
1
21
22
SIM5
SIM1
SIM2
SIM3
SIM4
1
21
22
SIM5
SIM1
SIM2
SIM3
SIM4
1
21
22
SIM5
SIM1
SIM2
SIM3
SIM4
1
21
22
SIM5
SIM1
SIM2
SIM3
SIM4
1
21
22
SIM5
SIM1
SIM2
SIM3
SIM4
1
21
22
SIM5
SIM1
SIM2
SIM3
SIM4
1
21
22
SIM5
SIM1
SIM2
SIM3
SIM4
1
21
22
SIM5
SIM1
SIM2
SIM3
SIM4
1
21
22
SIM5
SIM1
SIM2
SIM3
SIM4
1
21
22
SIM5
SIM1
SIM2
SIM3
SIM4
1
21
22
SIM5
SIM1
SIM2
SIM3
SIM4
1
21
22
SIM5
SIM1
SIM2
SIM3
SIM4
1
21
22
SIM5
SIM1
SIM2
SIM3
SIM4
1
21
22
SIM5
SIM1
SIM2
SIM3
SIM4
1
21
22
SIM5
SIM1
SIM2
SIM3
SIM4
1
21
22
SIM5
SIM1
SIM2
SIM3
SIM4
1
21
22
SIM5
SIM1
SIM2
SIM3
SIM4
1
21
22
SIM5
SIM1
SIM2
SIM3
SIM4
1
21
22
SIM5
SIM1
SIM2
SIM3
SIM4
1
21
22
SIM5
SIM1
SIM2
SIM3
SIM4
1
21
22
SIM5
SIM1
SIM2
SIM3
SIM4
1
21
22
SIM5
SIM1
SIM2
SIM3
SIM4
1
21
22
SIM5
SIM1
SIM2
SIM3
SIM4
1
21
22
SIM5
SIM1
SIM2
SIM3
SIM4
1
21
22
SIM5
SIM1
SIM2
SIM3
SIM4
1
21
22
SIM5
SIM1
SIM2
SIM3
SIM4
1
21
22
SIM5
SIM1
SIM2
SIM3
SIM4
1
21
22
SIM5
SIM1
SIM2
SIM3
SIM4
1
21
22
SIM5
SIM1
SIM2
SIM3
SIM4
1
21
22
SIM5
SIM1
SIM2
SIM3
SIM4
1
21
22
SIM5
SIM1
SIM2
SIM3
SIM4
1
21
22
SIM5
SIM1
SIM2
SIM3
SIM4
1
21
22
SIM5
SIM1
SIM2
SIM3
SIM4
1
21
22
SIM5
SIM1
SIM2
SIM3
SIM4
1
21
22
SIM5
SIM1
SIM2
SIM3
SIM4
1
21
22
SIM5
SIM1
SIM2
SIM3
SIM4
1
21
22
SIM5
SIM1
SIM2
SIM3
SIM4
1
21
22
SIM5
SIM1
SIM2
SIM3
SIM4
1
21
22
SIM5
SIM1
SIM2
SIM3
SIM4
1
21
22
SIM5
SIM1
SIM2
SIM3
SIM4
1
21
22
SIM5
SIM1
SIM2
SIM3
SIM4
1
21
22
SIM5
SIM1
SIM2
SIM3
SIM4
1
21
22
SIM5
SIM1
SIM2
SIM3
SIM4
1
21
22
SIM5
SIM1
SIM2
SIM3
SIM4
1
21
22
SIM5
SIM1
SIM2
SIM3
SIM4
1
21
22
SIM5
SIM1
SIM2
SIM3
SIM4
1
21
22
SIM5
SIM1
SIM2
SIM3
SIM4
1
21
22
SIM5
SIM1
SIM2
SIM3
SIM4
1
21
22
SIM5
SIM1
SIM2
SIM3
SIM4
1
21
22
SIM5
SIM1
SIM2
SIM3
SIM4
1
21
22
SIM5
SIM1
SIM2
SIM3
SIM4
1
21
22
SIM5
SIM1
SIM2
SIM3
SIM4
1
21
22
SIM5
SIM1
SIM2
SIM3
SIM4
1
21
22
SIM5
SIM1
SIM2
SIM3
SIM4
1
21
22
SIM5
SIM1
SIM2
SIM3
SIM4
1
21
22
SIM5
SIM1
SIM2
SIM3
SIM4
1
21
22
SIM5
SIM1
SIM2
SIM3
SIM4
1
21
22
SIM5
SIM1
SIM2
SIM3
SIM4
1
21
22
SIM5
SIM1
SIM2
SIM3
SIM4
1
21
22
SIM5
SIM1
SIM2
SIM3
SIM4
1
21
22
SIM5
SIM1
SIM2
SIM3
SIM4
1
21
22
SIM5
SIM1
SIM2
SIM3
SIM4
1
21
22
SIM5
SIM1
SIM2
SIM3
SIM4
1
21
22
SIM5
SIM1
SIM2
SIM3
SIM4
1
21
22
SIM5
SIM1
SIM2
SIM3
SIM4
1
21
22
SIM5
SIM1
SIM2
SIM3
SIM4
1
21
22
SIM5
SIM1
SIM2
SIM3
SIM4
1
21
22
SIM5
SIM1
SIM2
SIM3
SIM4
1
21
22
SIM5
SIM1
SIM2
SIM3
SIM4
1
21
22
SIM5
SIM1
SIM2
SIM3
SIM4
1
21
22
SIM5
SIM1
SIM2
SIM3
SIM4
1
21
22
SIM5
SIM1
SIM2
SIM3
SIM4
1
21
22
SIM5
SIM1
SIM2
SIM3
SIM4
1
21
22
SIM5
SIM1
SIM2
SIM3
SIM4
1
21
22
SIM5
SIM1
SIM2
SIM3
SIM4
1
21
22
SIM5
SIM1
SIM2
SIM3
SIM4
1
21
22
SIM5
SIM1
SIM2
SIM3
SIM4
1
21
22
SIM5
SIM1
SIM2
SIM3
SIM4
1
21
22
SIM5
SIM1
SIM2
SIM3
SIM4
1
21
22
SIM5
SIM1
SIM2
SIM3
SIM4
1
21
22
SIM5
SIM1
SIM2
SIM3
SIM4
1
21
22
SIM5
SIM1
SIM2
SIM3
SIM4
1
21
22
SIM5
SIM1
SIM2
SIM3
SIM4
1
21
22
SIM5
SIM1
SIM2
SIM3
SIM4
1
21
22
SIM5
SIM1
SIM2
SIM3
SIM4
1
21
22
SIM5
SIM1
SIM2
SIM3
SIM4
1
21
22
SIM5
SIM1
SIM2
SIM3
SIM4
1
21
22
SIM5
SIM1
SIM2
SIM3
SIM4
1
21
22
SIM5
SIM1
SIM2
DEBUG 1 533
SIM1
SIM2
SIM3
SIM4
1
21
22
SIM5
SIM1
SIM2
SIM3
SIM4
1
21
22
SIM5
SIM1
SIM2
SIM3
SIM4
1
21
22
SIM5
SIM1
SIM2
SIM3
SIM4
1
21
22
SIM5
SIM1
SIM2
SIM3
SIM4
1
21
22
SIM5
SIM1
SIM2
SIM3
SIM4
1
21
22
SIM5
SIM1
SIM2
SIM3
SIM4
1
21
22
SIM5
SIM1
SIM2
SIM3
SIM4
1
21
22
SIM5
SIM1
SIM2
SIM3
SIM4
1
21
22
SIM5
SIM1
SIM2
SIM3
SIM4
1
21
22
SIM5
SIM1
SIM2
SIM3
SIM4
1
21
22
SIM5
SIM1
SIM2
SIM3
SIM4
1
21
22
SIM5
SIM1
SIM2
SIM3
SIM4
1
21
22
SIM5
SIM1
SIM2
SIM3
SIM4
1
21
22
SIM5
SIM1
SIM2
SIM3
SIM4
1
21
22
SIM5
SIM1
SIM2
SIM3
SIM4
1
21
22
SIM5
SIM1
SIM2
SIM3
SIM4
1
21
22
SIM5
SIM1
SIM2
SIM3
SIM4
1
21
22
SIM5
SIM1
SIM2
SIM3
SIM4
1
21
22
SIM5
SIM1
SIM2
SIM3
SIM4
1
21
22
SIM5
SIM1
SIM2
SIM3
SIM4
1
21
22
SIM5
SIM1
SIM2
SIM3
SIM4
1
21
22
SIM5
SIM1
SIM2
SIM3
SIM4
1
21
22
SIM5
SIM1
SIM2
SIM3
SIM4
1
21
22
SIM5
SIM1
SIM2
SIM3
SIM4
1
21
22
SIM5
SIM1
SIM2
SIM3
SIM4
1
21
22
SIM5
SIM1
SIM2
SIM3
SIM4
1
21
22
SIM5
SIM1
SIM2
SIM3
SIM4
1
21
22
SIM5
SIM1
SIM2
SIM3
SIM4
1
21
22
SIM5
SIM1
SIM2
SIM3
SIM4
1
21
22
SIM5
SIM1
SIM2
SIM3
SIM4
1
21
22
SIM5
SIM1
SIM2
SIM3
SIM4
1
21
22
SIM5
SIM1
SIM2
SIM3
SIM4
1
21
22
SIM5
SIM1
SIM2
SIM3
SIM4
1
21
22
SIM5
SIM1
SIM2
SIM3
SIM4
1
21
22
SIM5
SIM1
SIM2
SIM3
SIM4
1
21
22
SIM5
SIM1
SIM2
SIM3
SIM4
1
21
22
SIM5
SIM1
SIM2
SIM3
SIM4
1
21
22
SIM5
SIM1
SIM2
SIM3
SIM4
1
21
22
SIM5
SIM1
SIM2
SIM3
SIM4
1
21
22
SIM5
SIM1
SIM2
SIM3
SIM4
1
21
22
SIM5
SIM1
SIM2
SIM3
SIM4
1
21
22
SIM5
SIM1
SIM2
SIM3
SIM4
1
21
22
SIM5
SIM1
SIM2
SIM3
SIM4
1
21
22
SIM5
SIM1
SIM2
SIM3
SIM4
1
21
22
SIM5
SIM1
SIM2
SIM3
SIM4
1
21
22
SIM5
SIM1
SIM2
SIM3
SIM4
1
21
22
SIM5
SIM1
SIM2
SIM3
SIM4
1
21
22
SIM5
SIM1
SIM2
SIM3
SIM4
1
21
22
SIM5
SIM1
SIM2
SIM3
SIM4
1
21
22
SIM5
SIM1
SIM2
SIM3
SIM4
1
21
22
SIM5
SIM1
SIM2
SIM3
SIM4
1
21
22
SIM5
SIM1
SIM2
SIM3
SIM4
1
21
22
SIM5
SIM1
SIM2
SIM3
SIM4
1
21
22
SIM5
SIM1
SIM2
SIM3
SIM4
1
21
22
SIM5
SIM1
SIM2
SIM3
SIM4
1
21
22
SIM5
SIM1
SIM2
SIM3
SIM4
1
21
22
SIM5
SIM1
SIM2
SIM3
SIM4
1
21
22
SIM5
SIM1
SIM2
SIM3
SIM4
1
21
22
SIM5
SIM1
SIM2
SIM3
SIM4
1
21
22
SIM5
SIM1
SIM2
SIM3
SIM4
1
21
22
SIM5
SIM1
SIM2
SIM3
SIM4
1
21
22
SIM5
SIM1
SIM2
SIM3
SIM4
1
21
22
SIM5
SIM1
SIM2
SIM3
SIM4
1
21
22
SIM5
SIM1
SIM2
SIM3
SIM4
1
21
22
SIM5
SIM1
SIM2
SIM3
SIM4
1
21
22
SIM5
SIM1
SIM2
SIM3
SIM4
1
21
22
SIM5
SIM1
SIM2
SIM3
SIM4
1
21
22
SIM5
SIM1
SIM2
SIM3
SIM4
1
21
22
SIM5
SIM1
SIM2
SIM3
SIM4
1
21
22
SIM5
SIM1
SIM2
SIM3
SIM4
1
21
22
SIM5
SIM1
SIM2
SIM3
SIM4
1
21
22
SIM5
SIM1
SIM2
SIM3
SIM4
1
21
22
SIM5
SIM1
SIM2
SIM3
SIM4
1
21
22
SIM5
SIM1
SIM2
SIM3
SIM4
1
21
22
SIM5
SIM1
SIM2
SIM3
SIM4
1
21
22
SIM5
SIM1
SIM2
SIM3
SIM4
1
21
22
SIM5
SIM1
SIM2
SIM3
SIM4
1
21
22
SIM5
SIM1
SIM2
SIM3
SIM4
1
21
22
SIM5
SIM1
SIM2
SIM3
SIM4
1
21
22
SIM5
SIM1
SIM2
SIM3
SIM4
1
21
22
SIM5
SIM1
SIM2
SIM3
SIM4
1
21
22
SIM5
SIM1
SIM2
SIM3
SIM4
1
21
22
SIM5
SIM1
SIM2
SIM3
SIM4
1
21
22
SIM5
SIM1
SIM2
SIM3
SIM4
1
21
22
SIM5
SIM1
SIM2
SIM3
SIM4
1
21
22
SIM5
SIM1
SIM2
SIM3
SIM4
1
21
22
SIM5
SIM1
SIM2
SIM3
SIM4
1
21
22
SIM5
SIM1
SIM2
SIM3
SIM4
1
21
22
SIM5
SIM1
SIM2
SIM3
SIM4
1
21
22
SIM5
SIM1
SIM2
SIM3
SIM4
1
21
22
SIM5
SIM1
SIM2
SIM3
SIM4
1
21
22
SIM5
SIM1
SIM2
SIM3
SIM4
1
21
22
SIM5
SIM1
SIM2
SIM3
SIM4
1
21
22
SIM5
SIM1
SIM2
SIM3
SIM4
1
21
22
SIM5
SIM1
SIM2
SIM3
SIM4
1
21
22
SIM5
SIM1
SIM2
SIM3
SIM4
1
21
22
SIM5
SIM1
SIM2
SIM3
SIM4
1
21
22
SIM5
SIM1
SIM2
SIM3
SIM4
1
21
22
SIM5
SIM1
SIM2
SIM3
SIM4
1
21
22
SIM5
SIM1
SIM2
SIM3
SIM4
1
21
22
SIM5
SIM1
SIM2
SIM3
SIM4
1
21
22
SIM5
SIM1
SIM2
SIM3
SIM4
1
21
22
SIM5
SIM1
SIM2
SIM3
SIM4
1
21
22
SIM5
SIM1
SIM2
SIM3
SIM4
1
21
22
SIM5
SIM1
SIM2
SIM3
SIM4
1
21
22
SIM5
SIM1
SIM2
SIM3
SIM4
1
21
22
SIM5
SIM1
SIM2
SIM3
SIM4
1
21
22
SIM5
SIM1
SIM2
SIM3
SIM4
1
21
22
SIM5
SIM1
SIM2
SIM3
SIM4
1
21
22
SIM5
SIM1
SIM2
SIM3
SIM4
1
21
22
SIM5
SIM1
SIM2
SIM3
SIM4
1
21
22
SIM5
SIM1
SIM2
SIM3
SIM4
1
21
22
SIM5
SIM1
SIM2
SIM3
SIM4
1
21
22
SIM5
SIM1
SIM2
SIM3
SIM4
1
21
22
SIM5
SIM1
SIM2
SIM3
SIM4
1
21
22
SIM5
SIM1
SIM2
SIM3
SIM4
1
21
22
SIM5
SIM1
SIM2
SIM3
SIM4
1
21
22
SIM5
SIM1
SIM2
SIM3
SIM4
1
21
22
SIM5
SIM1
SIM2
SIM3
SIM4
1
21
22
SIM5
SIM1
SIM2
SIM3
SIM4
1
21
22
SIM5
SIM1
SIM2
SIM3
SIM4
1
21
22
SIM5
SIM1
SIM2
SIM3
SIM4
1
21
22
SIM5
SIM1
SIM2
SIM3
SIM4
1
21
22
SIM5
SIM1
SIM2
SIM3
SIM4
1
21
22
SIM5
SIM1
SIM2
SIM3
SIM4
1
21
22
SIM5
SIM1
SIM2
SIM3
SIM4
1
21
22
SIM5
SIM1
SIM2
SIM3
SIM4
1
21
22
SIM5
SIM1
SIM2
SIM3
SIM4
1
21
22
SIM5
SIM1
SIM2
SIM3
SIM4
1
21
22
SIM5
SIM1
SIM2
SIM3
SIM4
1
21
22
SIM5
SIM1
SIM2
SIM3
SIM4
1
21
22
SIM5
SIM1
SIM2
SIM3
SIM4
1
21
22
SIM5
SIM1
SIM2
SIM3
SIM4
1
21
22
SIM5
SIM1
SIM2
SIM3
SIM4
1
21
22
SIM5
SIM1
SIM2
SIM3
SIM4
1
21
22
SIM5
SIM1
SIM2
DEBUG 1 534
SIM1
SIM2
SIM3
SIM4
1
21
22
SIM5
SIM1
SIM2
SIM3
SIM4
1
21
22
SIM5
SIM1
SIM2
SIM3
SIM4
1
21
22
SIM5
SIM1
SIM2
SIM3
SIM4
1
21
22
SIM5
SIM1
SIM2
SIM3
SIM4
1
21
22
SIM5
SIM1
SIM2
SIM3
SIM4
1
21
22
SIM5
SIM1
SIM2
SIM3
SIM4
1
21
22
SIM5
SIM1
SIM2
SIM3
SIM4
1
21
22
SIM5
SIM1
SIM2
SIM3
SIM4
1
21
22
SIM5
SIM1
SIM2
SIM3
SIM4
1
21
22
SIM5
SIM1
SIM2
SIM3
SIM4
1
21
22
SIM5
SIM1
SIM2
SIM3
SIM4
1
21
22
SIM5
SIM1
SIM2
SIM3
SIM4
1
21
22
SIM5
SIM1
SIM2
SIM3
SIM4
1
21
22
SIM5
SIM1
SIM2
SIM3
SIM4
1
21
22
SIM5
SIM1
SIM2
SIM3
SIM4
1
21
22
SIM5
SIM1
SIM2
SIM3
SIM4
1
21
22
SIM5
SIM1
SIM2
SIM3
SIM4
1
21
22
SIM5
SIM1
SIM2
SIM3
SIM4
1
21
22
SIM5
SIM1
SIM2
SIM3
SIM4
1
21
22
SIM5
SIM1
SIM2
SIM3
SIM4
1
21
22
SIM5
SIM1
SIM2
SIM3
SIM4
1
21
22
SIM5
SIM1
SIM2
SIM3
SIM4
1
21
22
SIM5
SIM1
SIM2
SIM3
SIM4
1
21
22
SIM5
SIM1
SIM2
SIM3
SIM4
1
21
22
SIM5
SIM1
SIM2
SIM3
SIM4
1
21
22
SIM5
SIM1
SIM2
SIM3
SIM4
1
21
22
SIM5
SIM1
SIM2
SIM3
SIM4
1
21
22
SIM5
SIM1
SIM2
SIM3
SIM4
1
21
22
SIM5
SIM1
SIM2
SIM3
SIM4
1
21
22
SIM5
SIM1
SIM2
SIM3
SIM4
1
21
22
SIM5
SIM1
SIM2
SIM3
SIM4
1
21
22
SIM5
SIM1
SIM2
SIM3
SIM4
1
21
22
SIM5
SIM1
SIM2
SIM3
SIM4
1
21
22
SIM5
SIM1
SIM2
SIM3
SIM4
1
21
22
SIM5
SIM1
SIM2
SIM3
SIM4
1
21
22
SIM5
SIM1
SIM2
SIM3
SIM4
1
21
22
SIM5
SIM1
SIM2
SIM3
SIM4
1
21
22
SIM5
SIM1
SIM2
SIM3
SIM4
1
21
22
SIM5
SIM1
SIM2
SIM3
SIM4
1
21
22
SIM5
SIM1
SIM2
SIM3
SIM4
1
21
22
SIM5
SIM1
SIM2
SIM3
SIM4
1
21
22
SIM5
SIM1
SIM2
SIM3
SIM4
1
21
22
SIM5
SIM1
SIM2
SIM3
SIM4
1
21
22
SIM5
SIM1
SIM2
SIM3
SIM4
1
21
22
SIM5
SIM1
SIM2
SIM3
SIM4
1
21
22
SIM5
SIM1
SIM2
SIM3
SIM4
1
21
22
SIM5
SIM1
SIM2
SIM3
SIM4
1
21
22
SIM5
SIM1
SIM2
SIM3
SIM4
1
21
22
SIM5
SIM1
SIM2
SIM3
SIM4
1
21
22
SIM5
SIM1
SIM2
SIM3
SIM4
1
21
22
SIM5
SIM1
SIM2
SIM3
SIM4
1
21
22
SIM5
SIM1
SIM2
SIM3
SIM4
1
21
22
SIM5
SIM1
SIM2
SIM3
SIM4
1
21
22
SIM5
SIM1
SIM2
SIM3
SIM4
1
21
22
SIM5
SIM1
SIM2
SIM3
SIM4
1
21
22
SIM5
SIM1
SIM2
SIM3
SIM4
1
21
22
SIM5
SIM1
SIM2
SIM3
SIM4
1
21
22
SIM5
SIM1
SIM2
SIM3
SIM4
1
21
22
SIM5
SIM1
SIM2
SIM3
SIM4
1
21
22
SIM5
SIM1
SIM2
SIM3
SIM4
1
21
22
SIM5
SIM1
SIM2
SIM3
SIM4
1
21
22
SIM5
SIM1
SIM2
SIM3
SIM4
1
21
22
SIM5
SIM1
SIM2
SIM3
SIM4
1
21
22
SIM5
SIM1
SIM2
SIM3
SIM4
1
21
22
SIM5
SIM1
SIM2
SIM3
SIM4
1
21
22
SIM5
SIM1
SIM2
SIM3
SIM4
1
21
22
SIM5
SIM1
SIM2
SIM3
SIM4
1
21
22
SIM5
SIM1
SIM2
SIM3
SIM4
1
21
22
SIM5
SIM1
SIM2
SIM3
SIM4
1
21
22
SIM5
SIM1
SIM2
SIM3
SIM4
1
21
22
SIM5
SIM1
SIM2
SIM3
SIM4
1
21
22
SIM5
SIM1
SIM2
SIM3
SIM4
1
21
22
SIM5
SIM1
SIM2
SIM3
SIM4
1
21
22
SIM5
SIM1
SIM2
SIM3
SIM4
1
21
22
SIM5
SIM1
SIM2
SIM3
SIM4
1
21
22
SIM5
SIM1
SIM2
SIM3
SIM4
1
21
22
SIM5
SIM1
SIM2
SIM3
SIM4
1
21
22
SIM5
SIM1
SIM2
SIM3
SIM4
1
21
22
SIM5
SIM1
SIM2
SIM3
SIM4
1
21
22
SIM5
SIM1
SIM2
SIM3
SIM4
1
21
22
SIM5
SIM1
SIM2
SIM3
SIM4
1
21
22
SIM5
SIM1
SIM2
SIM3
SIM4
1
21
22
SIM5
SIM1
SIM2
SIM3
SIM4
1
21
22
SIM5
SIM1
SIM2
SIM3
SIM4
1
21
22
SIM5
SIM1
SIM2
SIM3
SIM4
1
21
22
SIM5
SIM1
SIM2
SIM3
SIM4
1
21
22
SIM5
SIM1
SIM2
SIM3
SIM4
1
21
22
SIM5
SIM1
SIM2
SIM3
SIM4
1
21
22
SIM5
SIM1
SIM2
SIM3
SIM4
1
21
22
SIM5
SIM1
SIM2
SIM3
SIM4
1
21
22
SIM5
SIM1
SIM2
SIM3
SIM4
1
21
22
SIM5
SIM1
SIM2
SIM3
SIM4
1
21
22
SIM5
SIM1
SIM2
SIM3
SIM4
1
21
22
SIM5
SIM1
SIM2
SIM3
SIM4
1
21
22
SIM5
SIM1
SIM2
SIM3
SIM4
1
21
22
SIM5
SIM1
SIM2
SIM3
SIM4
1
21
22
SIM5
SIM1
SIM2
SIM3
SIM4
1
21
22
SIM5
SIM1
SIM2
SIM3
SIM4
1
21
22
SIM5
SIM1
SIM2
SIM3
SIM4
1
21
22
SIM5
SIM1
SIM2
SIM3
SIM4
1
21
22
SIM5
SIM1
SIM2
SIM3
SIM4
1
21
22
SIM5
SIM1
SIM2
SIM3
SIM4
1
21
22
SIM5
SIM1
SIM2
SIM3
SIM4
1
21
22
SIM5
SIM1
SIM2
SIM3
SIM4
1
21
22
SIM5
SIM1
SIM2
SIM3
SIM4
1
21
22
SIM5
SIM1
SIM2
SIM3
SIM4
1
21
22
SIM5
SIM1
SIM2
SIM3
SIM4
1
21
22
SIM5
SIM1
SIM2
SIM3
SIM4
1
21
22
SIM5
SIM1
SIM2
SIM3
SIM4
1
21
22
SIM5
SIM1
SIM2
SIM3
SIM4
1
21
22
SIM5
SIM1
SIM2
SIM3
SIM4
1
21
22
SIM5
SIM1
SIM2
SIM3
SIM4
1
21
22
SIM5
SIM1
SIM2
SIM3
SIM4
1
21
22
SIM5
SIM1
SIM2
SIM3
SIM4
1
21
22
SIM5
SIM1
SIM2
SIM3
SIM4
1
21
22
SIM5
SIM1
SIM2
SIM3
SIM4
1
21
22
SIM5
SIM1
SIM2
SIM3
SIM4
1
21
22
SIM5
SIM1
SIM2
SIM3
SIM4
1
21
22
SIM5
SIM1
SIM2
SIM3
SIM4
1
21
22
SIM5
SIM1
SIM2
SIM3
SIM4
1
21
22
SIM5
SIM1
SIM2
SIM3
SIM4
1
21
22
SIM5
SIM1
SIM2
SIM3
SIM4
1
21
22
SIM5
SIM1
SIM2
SIM3
SIM4
1
21
22
SIM5
SIM1
SIM2
SIM3
SIM4
1
21
22
SIM5
SIM1
SIM2
SIM3
SIM4
1
21
22
SIM5
SIM1
SIM2
SIM3
SIM4
1
21
22
SIM5
SIM1
SIM2
SIM3
SIM4
1
21
22
SIM5
SIM1
SIM2
SIM3
SIM4
1
21
22
SIM5
SIM1
SIM2
SIM3
SIM4
1
21
22
SIM5
SIM1
SIM2
SIM3
SIM4
1
21
22
SIM5
SIM1
SIM2
SIM3
SIM4
1
21
22
SIM5
SIM1
SIM2
SIM3
SIM4
1
21
22
SIM5
SIM1
SIM2
SIM3
SIM4
1
21
22
SIM5
SIM1
SIM2
SIM3
SIM4
1
21
22
SIM5
SIM1
SIM2
SIM3
SIM4
1
21
22
SIM5
SIM1
SIM2
SIM3
SIM4
1
21
22
SIM5
SIM1
SIM2
SIM3
SIM4
1
21
22
SIM5
SIM1
SIM2
SIM3
SIM4
1
21
22
SIM5
SIM1
SIM2
SIM3
SIM4
1
21
22
SIM5
SIM1
SIM2
SIM3
SIM4
1
21
22
SIM5
SIM1
SIM2
SIM3
SIM4
1
21
22
SIM5
SIM1
SIM2
SIM3
SIM4
1
21
22
SIM5
SIM1
SIM2
SIM3
SIM4
1
21
22
SIM5
SIM1
SIM2
SIM3
SIM4
1
21
22
SIM5
SIM1
SIM2
SIM3
SIM4
1
21
22
SIM5
SIM1
SIM2
SIM3
SIM4
1
21
22
SIM5
SIM1
SIM2
SIM3
SIM4
1
21
22
SIM5
SIM1
SIM2
SIM3
SIM4
1
21
22
SIM5
SIM1
SIM2
SIM3
SIM4
1
21
22
SIM5
SIM1
SIM2
SIM3
SIM4
1
21
22
SIM5
SIM1
SIM2
SIM3
SIM4
1
21
22
SIM5
SIM1
SIM2
SIM3
SIM4
1
21
22
SIM5
SIM1
SIM2
SIM3
SIM4
1
21
22
SIM5
SIM1
SIM2
SIM3
SIM4
1
21
22
SIM5
SIM1
SIM2
SIM3
SIM4
1
21
22
SIM5
SIM1
SIM2
SIM3
SIM4
1
21
22
SIM5
SIM1
SIM2
SIM3
SIM4
1
21
22
SIM5
SIM1
SIM2
SIM3
SIM4
1
21
22
SIM5
SIM1
SIM2
SIM3
SIM4
1
21
22
SIM5
SIM1
SIM2
SIM3
SIM4
1
21
22
SIM5
SIM1
SIM2
SIM3
SIM4
1
21
22
SIM5
SIM1
SIM2
SIM3
SIM4
1
21
22
SIM5
SIM1
SIM2
SIM3
SIM4
1
21
22
SIM5
SIM1
SIM2
SIM3
SIM4
1
21
22
SIM5
SIM1
SIM2
SIM3
SIM4
1
21
22
SIM5
SIM1
SIM2
SIM3
SIM4
1
21
22
SIM5
SIM1
SIM2
SIM3
SIM4
1
21
22
SIM5
SIM1
SIM2
SIM3
SIM4
1
21
22
SIM5
SIM1
SIM2
SIM3
SIM4
1
21
22
SIM5
SIM1
SIM2
SIM3
SIM4
1
21
22
SIM5
SIM1
SIM2
SIM3
SIM4
1
21
22
SIM5
SIM1
SIM2
SIM3
SIM4
1
21
22
SIM5
SIM1
SIM2
SIM3
SIM4
1
21
22
SIM5
SIM1
SIM2
SIM3
SIM4
1
21
22
SIM5
SIM1
SIM2
SIM3
SIM4
1
21
22
SIM5
SIM1
SIM2
SIM3
SIM4
1
21
22
SIM5
SIM1
SIM2
SIM3
SIM4
1
21
22
SIM5
SIM1
SIM2
SIM3
SIM4
1
21
22
SIM5
SIM1
SIM2
SIM3
SIM4
1
21
22
SIM5
SIM1
SIM2
SIM3
SIM4
1
21
22
SIM5
SIM1
SIM2
SIM3
SIM4
1
21
22
SIM5
SIM1
SIM2
SIM3
SIM4
1
21
22
SIM5
SIM1
SIM2
SIM3
SIM4
1
21
22
SIM5
SIM1
SIM2
SIM3
SIM4
1
21
22
SIM5
SIM1
SIM2
SIM3
SIM4
1
21
22
SIM5
SIM1
SIM2
SIM3
SIM4
1
21
22
SIM5
SIM1
SIM2
SIM3
SIM4
1
21
22
SIM5
SIM1
SIM2
SIM3
SIM4
1
21
22
SIM5
SIM1
SIM2
SIM3
SIM4
1
21
22
SIM5
SIM1
SIM2
SIM3
SIM4
1
21
22
SIM5
SIM1
SIM2
SIM3
SIM4
1
21
22
SIM5
SIM1
SIM2
SIM3
SIM4
1
21
22
SIM5
SIM1
SIM2
SIM3
SIM4
1
21
22
SIM5
SIM1
SIM2
SIM3
SIM4
1
21
22
SIM5
SIM1
SIM2
SIM3
SIM4
1
21
22
SIM5
SIM1
SIM2
SIM3
SIM4
1
21
22
SIM5
SIM1
SIM2
SIM3
SIM4
1
21
22
SIM5
SIM1
SIM2
SIM3
SIM4
1
21
22
SIM5
SIM1
SIM2
SIM3
SIM4
1
21
22
SIM5
SIM1
SIM2
SIM3
SIM4
1
21
22
SIM5
SIM1
SIM2
SIM3
SIM4
1
21
22
SIM5
SIM1
SIM2
SIM3
SIM4
1
21
22
SIM5
SIM1
SIM2
SIM3
SIM4
1
21
22
SIM5
SIM1
SIM2
SIM3
SIM4
1
21
22
SIM5
SIM1
SIM2
SIM3
SIM4
1
21
22
SIM5
SIM1
SIM2
SIM3
SIM4
1
21
22
SIM5
SIM1
SIM2
SIM3
SIM4
1
21
22
SIM5
SIM1
SIM2
SIM3
SIM4
1
21
22
SIM5
SIM1
SIM2
SIM3
SIM4
1
21
22
SIM5
SIM1
SIM2
SIM3
SIM4
1
21
22
SIM5
SIM1
SIM2
SIM3
SIM4
1
21
22
SIM5
SIM1
SIM2
SIM3
SIM4
1
21
22
SIM5
SIM1
SIM2
SIM3
SIM4
1
21
22
SIM5
SIM1
SIM2
SIM3
SIM4
1
21
22
SIM5
SIM1
SIM2
SIM3
SIM4
1
21
22
SIM5
SIM1
SIM2
SIM3
SIM4
1
21
22
SIM5
SIM1
SIM2
SIM3
SIM4
1
21
22
SIM5
SIM1
SIM2
SIM3
SIM4
1
21
22
SIM5
SIM1
SIM2
SIM3
SIM4
1
21
22
SIM5
SIM1
SIM2
SIM3
SIM4
1
21
22
SIM5
SIM1
SIM2
DEBUG 1 535
SIM1
SIM2
SIM3
SIM4
1
21
22
SIM5
SIM1
SIM2
SIM3
SIM4
1
21
22
SIM5
SIM1
SIM2
SIM3
SIM4
1
21
22
SIM5
SIM1
SIM2
SIM3
SIM4
1
21
22
SIM5
SIM1
SIM2
SIM3
SIM4
1
21
22
SIM5
SIM1
SIM2
SIM3
SIM4
1
21
22
SIM5
SIM1
SIM2
SIM3
SIM4
1
21
22
SIM5
SIM1
SIM2
SIM3
SIM4
1
21
22
SIM5
SIM1
SIM2
SIM3
SIM4
1
21
22
SIM5
SIM1
SIM2
SIM3
SIM4
1
21
22
SIM5
SIM1
SIM2
SIM3
SIM4
1
21
22
SIM5
SIM1
SIM2
SIM3
SIM4
1
21
22
SIM5
SIM1
SIM2
SIM3
SIM4
1
21
22
SIM5
SIM1
SIM2
SIM3
SIM4
1
21
22
SIM5
SIM1
SIM2
SIM3
SIM4
1
21
22
SIM5
SIM1
SIM2
SIM3
SIM4
1
21
22
SIM5
SIM1
SIM2
SIM3
SIM4
1
21
22
SIM5
SIM1
SIM2
SIM3
SIM4
1
21
22
SIM5
SIM1
SIM2
SIM3
SIM4
1
21
22
SIM5
SIM1
SIM2
SIM3
SIM4
1
21
22
SIM5
SIM1
SIM2
SIM3
SIM4
1
21
22
SIM5
SIM1
SIM2
SIM3
SIM4
1
21
22
SIM5
SIM1
SIM2
SIM3
SIM4
1
21
22
SIM5
SIM1
SIM2
SIM3
SIM4
1
21
22
SIM5
SIM1
SIM2
SIM3
SIM4
1
21
22
SIM5
SIM1
SIM2
SIM3
SIM4
1
21
22
SIM5
SIM1
SIM2
SIM3
SIM4
1
21
22
SIM5
SIM1
SIM2
SIM3
SIM4
1
21
22
SIM5
SIM1
SIM2
SIM3
SIM4
1
21
22
SIM5
SIM1
SIM2
SIM3
SIM4
1
21
22
SIM5
SIM1
SIM2
SIM3
SIM4
1
21
22
SIM5
SIM1
SIM2
SIM3
SIM4
1
21
22
SIM5
SIM1
SIM2
SIM3
SIM4
1
21
22
SIM5
SIM1
SIM2
SIM3
SIM4
1
21
22
SIM5
SIM1
SIM2
SIM3
SIM4
1
21
22
SIM5
SIM1
SIM2
SIM3
SIM4
1
21
22
SIM5
SIM1
SIM2
SIM3
SIM4
1
21
22
SIM5
SIM1
SIM2
SIM3
SIM4
1
21
22
SIM5
SIM1
SIM2
SIM3
SIM4
1
21
22
SIM5
SIM1
SIM2
SIM3
SIM4
1
21
22
SIM5
SIM1
SIM2
SIM3
SIM4
1
21
22
SIM5
SIM1
SIM2
SIM3
SIM4
1
21
22
SIM5
SIM1
SIM2
SIM3
SIM4
1
21
22
SIM5
SIM1
SIM2
SIM3
SIM4
1
21
22
SIM5
SIM1
SIM2
SIM3
SIM4
1
21
22
SIM5
SIM1
SIM2
SIM3
SIM4
1
21
22
SIM5
SIM1
SIM2
SIM3
SIM4
1
21
22
SIM5
SIM1
SIM2
SIM3
SIM4
1
21
22
SIM5
SIM1
SIM2
SIM3
SIM4
1
21
22
SIM5
SIM1
SIM2
SIM3
SIM4
1
21
22
SIM5
SIM1
SIM2
SIM3
SIM4
1
21
22
SIM5
SIM1
SIM2
SIM3
SIM4
1
21
22
SIM5
SIM1
SIM2
SIM3
SIM4
1
21
22
SIM5
SIM1
SIM2
SIM3
SIM4
1
21
22
SIM5
SIM1
SIM2
SIM3
SIM4
1
21
22
SIM5
SIM1
SIM2
SIM3
SIM4
1
21
22
SIM5
SIM1
SIM2
SIM3
SIM4
1
21
22
SIM5
SIM1
SIM2
SIM3
SIM4
1
21
22
SIM5
SIM1
SIM2
SIM3
SIM4
1
21
22
SIM5
SIM1
SIM2
SIM3
SIM4
1
21
22
SIM5
SIM1
SIM2
SIM3
SIM4
1
21
22
SIM5
SIM1
SIM2
SIM3
SIM4
1
21
22
SIM5
SIM1
SIM2
SIM3
SIM4
1
21
22
SIM5
SIM1
SIM2
SIM3
SIM4
1
21
22
SIM5
SIM1
SIM2
SIM3
SIM4
1
21
22
SIM5
SIM1
SIM2
SIM3
SIM4
1
21
22
SIM5
SIM1
SIM2
SIM3
SIM4
1
21
22
SIM5
SIM1
SIM2
SIM3
SIM4
1
21
22
SIM5
SIM1
SIM2
SIM3
SIM4
1
21
22
SIM5
SIM1
SIM2
SIM3
SIM4
1
21
22
SIM5
SIM1
SIM2
SIM3
SIM4
1
21
22
SIM5
SIM1
SIM2
SIM3
SIM4
1
21
22
SIM5
SIM1
SIM2
SIM3
SIM4
1
21
22
SIM5
SIM1
SIM2
SIM3
SIM4
1
21
22
SIM5
SIM1
SIM2
SIM3
SIM4
1
21
22
SIM5
SIM1
SIM2
SIM3
SIM4
1
21
22
SIM5
SIM1
SIM2
SIM3
SIM4
1
21
22
SIM5
SIM1
SIM2
SIM3
SIM4
1
21
22
SIM5
SIM1
SIM2
SIM3
SIM4
1
21
22
SIM5
SIM1
SIM2
SIM3
SIM4
1
21
22
SIM5
SIM1
SIM2
SIM3
SIM4
1
21
22
SIM5
SIM1
SIM2
SIM3
SIM4
1
21
22
SIM5
SIM1
SIM2
SIM3
SIM4
1
21
22
SIM5
SIM1
SIM2
SIM3
SIM4
1
21
22
SIM5
SIM1
SIM2
SIM3
SIM4
1
21
22
SIM5
SIM1
SIM2
SIM3
SIM4
1
21
22
SIM5
SIM1
SIM2
SIM3
SIM4
1
21
22
SIM5
SIM1
SIM2
SIM3
SIM4
1
21
22
SIM5
SIM1
SIM2
SIM3
SIM4
1
21
22
SIM5
SIM1
SIM2
SIM3
SIM4
1
21
22
SIM5
SIM1
SIM2
SIM3
SIM4
1
21
22
SIM5
SIM1
SIM2
SIM3
SIM4
1
21
22
SIM5
SIM1
SIM2
SIM3
SIM4
1
21
22
SIM5
SIM1
SIM2
SIM3
SIM4
1
21
22
SIM5
SIM1
SIM2
SIM3
SIM4
1
21
22
SIM5
SIM1
SIM2
SIM3
SIM4
1
21
22
SIM5
SIM1
SIM2
SIM3
SIM4
1
21
22
SIM5
SIM1
SIM2
SIM3
SIM4
1
21
22
SIM5
SIM1
SIM2
SIM3
SIM4
1
21
22
SIM5
SIM1
SIM2
SIM3
SIM4
1
21
22
SIM5
SIM1
SIM2
SIM3
SIM4
1
21
22
SIM5
SIM1
SIM2
SIM3
SIM4
1
21
22
SIM5
SIM1
SIM2
SIM3
SIM4
1
21
22
SIM5
SIM1
SIM2
SIM3
SIM4
1
21
22
SIM5
SIM1
SIM2
SIM3
SIM4
1
21
22
SIM5
SIM1
SIM2
SIM3
SIM4
1
21
22
SIM5
SIM1
SIM2
SIM3
SIM4
1
21
22
SIM5
SIM1
SIM2
SIM3
SIM4
1
21
22
SIM5
SIM1
SIM2
SIM3
SIM4
1
21
22
SIM5
SIM1
SIM2
SIM3
SIM4
1
21
22
SIM5
SIM1
SIM2
SIM3
SIM4
1
21
22
SIM5
SIM1
SIM2
SIM3
SIM4
1
21
22
SIM5
SIM1
SIM2
SIM3
SIM4
1
21
22
SIM5
SIM1
SIM2
SIM3
SIM4
1
21
22
SIM5
SIM1
SIM2
SIM3
SIM4
1
21
22
SIM5
SIM1
SIM2
SIM3
SIM4
1
21
22
SIM5
SIM1
SIM2
SIM3
SIM4
1
21
22
SIM5
SIM1
SIM2
SIM3
SIM4
1
21
22
SIM5
SIM1
SIM2
SIM3
SIM4
1
21
22
SIM5
SIM1
SIM2
SIM3
SIM4
1
21
22
SIM5
SIM1
SIM2
SIM3
SIM4
1
21
22
SIM5
SIM1
SIM2
SIM3
SIM4
1
21
22
SIM5
SIM1
SIM2
SIM3
SIM4
1
21
22
SIM5
SIM1
SIM2
SIM3
SIM4
1
21
22
SIM5
SIM1
SIM2
SIM3
SIM4
1
21
22
SIM5
SIM1
SIM2
SIM3
SIM4
1
21
22
SIM5
SIM1
SIM2
SIM3
SIM4
1
21
22
SIM5
SIM1
SIM2
SIM3
SIM4
1
21
22
SIM5
SIM1
SIM2
SIM3
SIM4
1
21
22
SIM5
SIM1
SIM2
SIM3
SIM4
1
21
22
SIM5
SIM1
SIM2
SIM3
SIM4
1
21
22
SIM5
SIM1
SIM2
SIM3
SIM4
1
21
22
SIM5
SIM1
SIM2
SIM3
SIM4
1
21
22
SIM5
SIM1
SIM2
SIM3
SIM4
1
21
22
SIM5
SIM1
SIM2
SIM3
SIM4
1
21
22
SIM5
SIM1
SIM2
SIM3
SIM4
1
21
22
SIM5
SIM1
SIM2
SIM3
SIM4
1
21
22
SIM5
SIM1
SIM2
SIM3
SIM4
1
21
22
SIM5
SIM1
SIM2
SIM3
SIM4
1
21
22
SIM5
SIM1
SIM2
SIM3
SIM4
1
21
22
SIM5
SIM1
SIM2
SIM3
SIM4
1
21
22
SIM5
SIM1
SIM2
SIM3
SIM4
1
21
22
SIM5
SIM1
SIM2
SIM3
SIM4
1
21
22
SIM5
SIM1
SIM2
SIM3
SIM4
1
21
22
SIM5
SIM1
SIM2
SIM3
SIM4
1
21
22
SIM5
SIM1
SIM2
SIM3
SIM4
1
21
22
SIM5
SIM1
SIM2
SIM3
SIM4
1
21
22
SIM5
SIM1
SIM2
SIM3
SIM4
1
21
22
SIM5
SIM1
SIM2
SIM3
SIM4
1
21
22
SIM5
SIM1
SIM2
SIM3
SIM4
1
21
22
SIM5
SIM1
SIM2
SIM3
SIM4
1
21
22
SIM5
SIM1
SIM2
SIM3
SIM4
1
21
22
SIM5
SIM1
SIM2
SIM3
SIM4
1
21
22
SIM5
SIM1
SIM2
SIM3
SIM4
1
21
22
SIM5
SIM1
SIM2
SIM3
SIM4
1
21
22
SIM5
SIM1
SIM2
SIM3
SIM4
1
21
22
SIM5
SIM1
SIM2
SIM3
SIM4
1
21
22
SIM5
SIM1
SIM2
SIM3
SIM4
1
21
22
SIM5
SIM1
SIM2
SIM3
SIM4
1
21
22
SIM5
SIM1
SIM2
SIM3
SIM4
1
21
22
SIM5
SIM1
SIM2
SIM3
SIM4
1
21
22
SIM5
SIM1
SIM2
SIM3
SIM4
1
21
22
SIM5
SIM1
SIM2
SIM3
SIM4
1
21
22
SIM5
SIM1
SIM2
SIM3
SIM4
1
21
22
SIM5
SIM1
SIM2
SIM3
SIM4
1
21
22
SIM5
SIM1
SIM2
SIM3
SIM4
1
21
22
SIM5
SIM1
SIM2
SIM3
SIM4
1
21
22
SIM5
SIM1
SIM2
SIM3
SIM4
1
21
22
SIM5
SIM1
SIM2
SIM3
SIM4
1
21
22
SIM5
SIM1
SIM2
SIM3
SIM4
1
21
22
SIM5
SIM1
SIM2
SIM3
SIM4
1
21
22
SIM5
SIM1
SIM2
SIM3
SIM4
1
21
22
SIM5
SIM1
SIM2
SIM3
SIM4
1
21
22
SIM5
SIM1
SIM2
SIM3
SIM4
1
21
22
SIM5
SIM1
SIM2
SIM3
SIM4
1
21
22
SIM5
SIM1
SIM2
SIM3
SIM4
1
21
22
SIM5
SIM1
SIM2
SIM3
SIM4
1
21
22
SIM5
SIM1
SIM2
SIM3
SIM4
1
21
22
SIM5
SIM1
SIM2
SIM3
SIM4
1
21
22
SIM5
SIM1
SIM2
SIM3
SIM4
1
21
22
SIM5
SIM1
SIM2
SIM3
SIM4
1
21
22
SIM5
SIM1
SIM2
SIM3
SIM4
1
21
22
SIM5
SIM1
SIM2
SIM3
SIM4
1
21
22
SIM5
SIM1
SIM2
SIM3
SIM4
1
21
22
SIM5
SIM1
SIM2
SIM3
SIM4
1
21
22
SIM5
SIM1
SIM2
SIM3
SIM4
1
21
22
SIM5
SIM1
SIM2
SIM3
SIM4
1
21
22
SIM5
SIM1
SIM2
SIM3
SIM4
1
21
22
SIM5
SIM1
SIM2
SIM3
SIM4
1
21
22
SIM5
SIM1
SIM2
SIM3
SIM4
1
21
22
SIM5
SIM1
SIM2
SIM3
SIM4
1
21
22
SIM5
SIM1
SIM2
SIM3
SIM4
1
21
22
SIM5
SIM1
SIM2
SIM3
SIM4
1
21
22
SIM5
SIM1
SIM2
SIM3
SIM4
1
21
22
SIM5
SIM1
SIM2
SIM3
SIM4
1
21
22
SIM5
SIM1
SIM2
SIM3
SIM4
1
21
22
SIM5
SIM1
SIM2
SIM3
SIM4
1
21
22
SIM5
SIM1
SIM2
SIM3
SIM4
1
21
22
SIM5
SIM1
SIM2
SIM3
SIM4
1
21
22
SIM5
SIM1
SIM2
SIM3
SIM4
1
21
22
SIM5
SIM1
SIM2
SIM3
SIM4
1
21
22
SIM5
SIM1
SIM2
SIM3
SIM4
1
21
22
SIM5
SIM1
SIM2
DEBUG 1 536
SIM1
SIM2
SIM3
SIM4
1
21
22
SIM5
SIM1
SIM2
SIM3
SIM4
1
21
22
SIM5
SIM1
SIM2
SIM3
SIM4
1
21
22
SIM5
SIM1
SIM2
SIM3
SIM4
1
21
22
SIM5
SIM1
SIM2
SIM3
SIM4
1
21
22
SIM5
SIM1
SIM2
SIM3
SIM4
1
21
22
SIM5
SIM1
SIM2
SIM3
SIM4
1
21
22
SIM5
SIM1
SIM2
SIM3
SIM4
1
21
22
SIM5
SIM1
SIM2
SIM3
SIM4
1
21
22
SIM5
SIM1
SIM2
SIM3
SIM4
1
21
22
SIM5
SIM1
SIM2
SIM3
SIM4
1
21
22
SIM5
SIM1
SIM2
SIM3
SIM4
1
21
22
SIM5
SIM1
SIM2
SIM3
SIM4
1
21
22
SIM5
SIM1
SIM2
SIM3
SIM4
1
21
22
SIM5
SIM1
SIM2
SIM3
SIM4
1
21
22
SIM5
SIM1
SIM2
SIM3
SIM4
1
21
22
SIM5
SIM1
SIM2
SIM3
SIM4
1
21
22
SIM5
SIM1
SIM2
SIM3
SIM4
1
21
22
SIM5
SIM1
SIM2
SIM3
SIM4
1
21
22
SIM5
SIM1
SIM2
SIM3
SIM4
1
21
22
SIM5
SIM1
SIM2
SIM3
SIM4
1
21
22
SIM5
SIM1
SIM2
SIM3
SIM4
1
21
22
SIM5
SIM1
SIM2
SIM3
SIM4
1
21
22
SIM5
SIM1
SIM2
SIM3
SIM4
1
21
22
SIM5
SIM1
SIM2
SIM3
SIM4
1
21
22
SIM5
SIM1
SIM2
SIM3
SIM4
1
21
22
SIM5
SIM1
SIM2
SIM3
SIM4
1
21
22
SIM5
SIM1
SIM2
SIM3
SIM4
1
21
22
SIM5
SIM1
SIM2
SIM3
SIM4
1
21
22
SIM5
SIM1
SIM2
SIM3
SIM4
1
21
22
SIM5
SIM1
SIM2
SIM3
SIM4
1
21
22
SIM5
SIM1
SIM2
SIM3
SIM4
1
21
22
SIM5
SIM1
SIM2
SIM3
SIM4
1
21
22
SIM5
SIM1
SIM2
SIM3
SIM4
1
21
22
SIM5
SIM1
SIM2
SIM3
SIM4
1
21
22
SIM5
SIM1
SIM2
SIM3
SIM4
1
21
22
SIM5
SIM1
SIM2
SIM3
SIM4
1
21
22
SIM5
SIM1
SIM2
SIM3
SIM4
1
21
22
SIM5
SIM1
SIM2
SIM3
SIM4
1
21
22
SIM5
SIM1
SIM2
SIM3
SIM4
1
21
22
SIM5
SIM1
SIM2
SIM3
SIM4
1
21
22
SIM5
SIM1
SIM2
SIM3
SIM4
1
21
22
SIM5
SIM1
SIM2
SIM3
SIM4
1
21
22
SIM5
SIM1
SIM2
SIM3
SIM4
1
21
22
SIM5
SIM1
SIM2
SIM3
SIM4
1
21
22
SIM5
SIM1
SIM2
SIM3
SIM4
1
21
22
SIM5
SIM1
SIM2
SIM3
SIM4
1
21
22
SIM5
SIM1
SIM2
SIM3
SIM4
1
21
22
SIM5
SIM1
SIM2
SIM3
SIM4
1
21
22
SIM5
SIM1
SIM2
SIM3
SIM4
1
21
22
SIM5
SIM1
SIM2
SIM3
SIM4
1
21
22
SIM5
SIM1
SIM2
SIM3
SIM4
1
21
22
SIM5
SIM1
SIM2
SIM3
SIM4
1
21
22
SIM5
SIM1
SIM2
SIM3
SIM4
1
21
22
SIM5
SIM1
SIM2
SIM3
SIM4
1
21
22
SIM5
SIM1
SIM2
SIM3
SIM4
1
21
22
SIM5
SIM1
SIM2
SIM3
SIM4
1
21
22
SIM5
SIM1
SIM2
SIM3
SIM4
1
21
22
SIM5
SIM1
SIM2
SIM3
SIM4
1
21
22
SIM5
SIM1
SIM2
SIM3
SIM4
1
21
22
SIM5
SIM1
SIM2
SIM3
SIM4
1
21
22
SIM5
SIM1
SIM2
SIM3
SIM4
1
21
22
SIM5
SIM1
SIM2
SIM3
SIM4
1
21
22
SIM5
SIM1
SIM2
SIM3
SIM4
1
21
22
SIM5
SIM1
SIM2
SIM3
SIM4
1
21
22
SIM5
SIM1
SIM2
SIM3
SIM4
1
21
22
SIM5
SIM1
SIM2
SIM3
SIM4
1
21
22
SIM5
SIM1
SIM2
SIM3
SIM4
1
21
22
SIM5
SIM1
SIM2
SIM3
SIM4
1
21
22
SIM5
SIM1
SIM2
SIM3
SIM4
1
21
22
SIM5
SIM1
SIM2
SIM3
SIM4
1
21
22
SIM5
SIM1
SIM2
SIM3
SIM4
1
21
22
SIM5
SIM1
SIM2
SIM3
SIM4
1
21
22
SIM5
SIM1
SIM2
SIM3
SIM4
1
21
22
SIM5
SIM1
SIM2
SIM3
SIM4
1
21
22
SIM5
SIM1
SIM2
SIM3
SIM4
1
21
22
SIM5
SIM1
SIM2
SIM3
SIM4
1
21
22
SIM5
SIM1
SIM2
SIM3
SIM4
1
21
22
SIM5
SIM1
SIM2
SIM3
SIM4
1
21
22
SIM5
SIM1
SIM2
SIM3
SIM4
1
21
22
SIM5
SIM1
SIM2
SIM3
SIM4
1
21
22
SIM5
SIM1
SIM2
SIM3
SIM4
1
21
22
SIM5
SIM1
SIM2
SIM3
SIM4
1
21
22
SIM5
SIM1
SIM2
SIM3
SIM4
1
21
22
SIM5
SIM1
SIM2
SIM3
SIM4
1
21
22
SIM5
SIM1
SIM2
SIM3
SIM4
1
21
22
SIM5
SIM1
SIM2
SIM3
SIM4
1
21
22
SIM5
SIM1
SIM2
SIM3
SIM4
1
21
22
SIM5
SIM1
SIM2
SIM3
SIM4
1
21
22
SIM5
SIM1
SIM2
SIM3
SIM4
1
21
22
SIM5
SIM1
SIM2
SIM3
SIM4
1
21
22
SIM5
SIM1
SIM2
SIM3
SIM4
1
21
22
SIM5
SIM1
SIM2
SIM3
SIM4
1
21
22
SIM5
SIM1
SIM2
SIM3
SIM4
1
21
22
SIM5
SIM1
SIM2
SIM3
SIM4
1
21
22
SIM5
SIM1
SIM2
SIM3
SIM4
1
21
22
SIM5
SIM1
SIM2
SIM3
SIM4
1
21
22
SIM5
SIM1
SIM2
SIM3
SIM4
1
21
22
SIM5
SIM1
SIM2
SIM3
SIM4
1
21
22
SIM5
SIM1
SIM2
SIM3
SIM4
1
21
22
SIM5
SIM1
SIM2
SIM3
SIM4
1
21
22
SIM5
SIM1
SIM2
SIM3
SIM4
1
21
22
SIM5
SIM1
SIM2
SIM3
SIM4
1
21
22
SIM5
SIM1
SIM2
SIM3
SIM4
1
21
22
SIM5
SIM1
SIM2
SIM3
SIM4
1
21
22
SIM5
SIM1
SIM2
SIM3
SIM4
1
21
22
SIM5
SIM1
SIM2
SIM3
SIM4
1
21
22
SIM5
SIM1
SIM2
SIM3
SIM4
1
21
22
SIM5
SIM1
SIM2
SIM3
SIM4
1
21
22
SIM5
SIM1
SIM2
SIM3
SIM4
1
21
22
SIM5
SIM1
SIM2
SIM3
SIM4
1
21
22
SIM5
SIM1
SIM2
SIM3
SIM4
1
21
22
SIM5
SIM1
SIM2
SIM3
SIM4
1
21
22
SIM5
SIM1
SIM2
SIM3
SIM4
1
21
22
SIM5
SIM1
SIM2
SIM3
SIM4
1
21
22
SIM5
SIM1
SIM2
SIM3
SIM4
1
21
22
SIM5
SIM1
SIM2
SIM3
SIM4
1
21
22
SIM5
SIM1
SIM2
SIM3
SIM4
1
21
22
SIM5
SIM1
SIM2
SIM3
SIM4
1
21
22
SIM5
SIM1
SIM2
SIM3
SIM4
1
21
22
SIM5
SIM1
SIM2
SIM3
SIM4
1
21
22
SIM5
SIM1
SIM2
SIM3
SIM4
1
21
22
SIM5
SIM1
SIM2
SIM3
SIM4
1
21
22
SIM5
SIM1
SIM2
SIM3
SIM4
1
21
22
SIM5
SIM1
SIM2
SIM3
SIM4
1
21
22
SIM5
SIM1
SIM2
SIM3
SIM4
1
21
22
SIM5
SIM1
SIM2
SIM3
SIM4
1
21
22
SIM5
SIM1
SIM2
SIM3
SIM4
1
21
22
SIM5
SIM1
SIM2
SIM3
SIM4
1
21
22
SIM5
SIM1
SIM2
SIM3
SIM4
1
21
22
SIM5
SIM1
SIM2
SIM3
SIM4
1
21
22
SIM5
SIM1
SIM2
SIM3
SIM4
1
21
22
SIM5
SIM1
SIM2
SIM3
SIM4
1
21
22
SIM5
SIM1
SIM2
SIM3
SIM4
1
21
22
SIM5
SIM1
SIM2
SIM3
SIM4
1
21
22
SIM5
SIM1
SIM2
SIM3
SIM4
1
21
22
SIM5
SIM1
SIM2
SIM3
SIM4
1
21
22
SIM5
SIM1
SIM2
SIM3
SIM4
1
21
22
SIM5
SIM1
SIM2
SIM3
SIM4
1
21
22
SIM5
SIM1
SIM2
SIM3
SIM4
1
21
22
SIM5
SIM1
SIM2
SIM3
SIM4
1
21
22
SIM5
SIM1
SIM2
SIM3
SIM4
1
21
22
SIM5
SIM1
SIM2
SIM3
SIM4
1
21
22
SIM5
SIM1
SIM2
SIM3
SIM4
1
21
22
SIM5
SIM1
SIM2
SIM3
SIM4
1
21
22
SIM5
SIM1
SIM2
SIM3
SIM4
1
21
22
SIM5
SIM1
SIM2
SIM3
SIM4
1
21
22
SIM5
SIM1
SIM2
SIM3
SIM4
1
21
22
SIM5
SIM1
SIM2
SIM3
SIM4
1
21
22
SIM5
SIM1
SIM2
SIM3
SIM4
1
21
22
SIM5
SIM1
SIM2
SIM3
SIM4
1
21
22
SIM5
SIM1
SIM2
SIM3
SIM4
1
21
22
SIM5
SIM1
SIM2
SIM3
SIM4
1
21
22
SIM5
SIM1
SIM2
SIM3
SIM4
1
21
22
SIM5
SIM1
SIM2
SIM3
SIM4
1
21
22
SIM5
SIM1
SIM2
SIM3
SIM4
1
21
22
SIM5
SIM1
SIM2
SIM3
SIM4
1
21
22
SIM5
SIM1
SIM2
SIM3
SIM4
1
21
22
SIM5
SIM1
SIM2
SIM3
SIM4
1
21
22
SIM5
SIM1
SIM2
SIM3
SIM4
1
21
22
SIM5
SIM1
SIM2
SIM3
SIM4
1
21
22
SIM5
SIM1
SIM2
SIM3
SIM4
1
21
22
SIM5
SIM1
SIM2
SIM3
SIM4
1
21
22
SIM5
SIM1
SIM2
SIM3
SIM4
1
21
22
SIM5
SIM1
SIM2
SIM3
SIM4
1
21
22
SIM5
SIM1
SIM2
DEBUG 1 537
SIM1
SIM2
SIM3
SIM4
1
21
22
SIM5
SIM1
SIM2
SIM3
SIM4
1
21
22
SIM5
SIM1
SIM2
SIM3
SIM4
1
21
22
SIM5
SIM1
SIM2
SIM3
SIM4
1
21
22
SIM5
SIM1
SIM2
SIM3
SIM4
1
21
22
SIM5
SIM1
SIM2
SIM3
SIM4
1
21
22
SIM5
SIM1
SIM2
SIM3
SIM4
1
21
22
SIM5
SIM1
SIM2
SIM3
SIM4
1
21
22
SIM5
SIM1
SIM2
SIM3
SIM4
1
21
22
SIM5
SIM1
SIM2
SIM3
SIM4
1
21
22
SIM5
SIM1
SIM2
SIM3
SIM4
1
21
22
SIM5
SIM1
SIM2
SIM3
SIM4
1
21
22
SIM5
SIM1
SIM2
SIM3
SIM4
1
21
22
SIM5
SIM1
SIM2
SIM3
SIM4
1
21
22
SIM5
SIM1
SIM2
SIM3
SIM4
1
21
22
SIM5
SIM1
SIM2
SIM3
SIM4
1
21
22
SIM5
SIM1
SIM2
SIM3
SIM4
1
21
22
SIM5
SIM1
SIM2
SIM3
SIM4
1
21
22
SIM5
SIM1
SIM2
SIM3
SIM4
1
21
22
SIM5
SIM1
SIM2
SIM3
SIM4
1
21
22
SIM5
SIM1
SIM2
SIM3
SIM4
1
21
22
SIM5
SIM1
SIM2
SIM3
SIM4
1
21
22
SIM5
SIM1
SIM2
SIM3
SIM4
1
21
22
SIM5
SIM1
SIM2
SIM3
SIM4
1
21
22
SIM5
SIM1
SIM2
SIM3
SIM4
1
21
22
SIM5
SIM1
SIM2
SIM3
SIM4
1
21
22
SIM5
SIM1
SIM2
SIM3
SIM4
1
21
22
SIM5
SIM1
SIM2
SIM3
SIM4
1
21
22
SIM5
SIM1
SIM2
SIM3
SIM4
1
21
22
SIM5
SIM1
SIM2
SIM3
SIM4
1
21
22
SIM5
SIM1
SIM2
SIM3
SIM4
1
21
22
SIM5
SIM1
SIM2
SIM3
SIM4
1
21
22
SIM5
SIM1
SIM2
SIM3
SIM4
1
21
22
SIM5
SIM1
SIM2
SIM3
SIM4
1
21
22
SIM5
SIM1
SIM2
SIM3
SIM4
1
21
22
SIM5
SIM1
SIM2
SIM3
SIM4
1
21
22
SIM5
SIM1
SIM2
SIM3
SIM4
1
21
22
SIM5
SIM1
SIM2
SIM3
SIM4
1
21
22
SIM5
SIM1
SIM2
SIM3
SIM4
1
21
22
SIM5
SIM1
SIM2
SIM3
SIM4
1
21
22
SIM5
SIM1
SIM2
SIM3
SIM4
1
21
22
SIM5
SIM1
SIM2
SIM3
SIM4
1
21
22
SIM5
SIM1
SIM2
SIM3
SIM4
1
21
22
SIM5
SIM1
SIM2
SIM3
SIM4
1
21
22
SIM5
SIM1
SIM2
SIM3
SIM4
1
21
22
SIM5
SIM1
SIM2
SIM3
SIM4
1
21
22
SIM5
SIM1
SIM2
SIM3
SIM4
1
21
22
SIM5
SIM1
SIM2
SIM3
SIM4
1
21
22
SIM5
SIM1
SIM2
SIM3
SIM4
1
21
22
SIM5
SIM1
SIM2
SIM3
SIM4
1
21
22
SIM5
SIM1
SIM2
SIM3
SIM4
1
21
22
SIM5
SIM1
SIM2
SIM3
SIM4
1
21
22
SIM5
SIM1
SIM2
SIM3
SIM4
1
21
22
SIM5
SIM1
SIM2
SIM3
SIM4
1
21
22
SIM5
SIM1
SIM2
SIM3
SIM4
1
21
22
SIM5
SIM1
SIM2
SIM3
SIM4
1
21
22
SIM5
SIM1
SIM2
SIM3
SIM4
1
21
22
SIM5
SIM1
SIM2
SIM3
SIM4
1
21
22
SIM5
SIM1
SIM2
SIM3
SIM4
1
21
22
SIM5
SIM1
SIM2
SIM3
SIM4
1
21
22
SIM5
SIM1
SIM2
SIM3
SIM4
1
21
22
SIM5
SIM1
SIM2
SIM3
SIM4
1
21
22
SIM5
SIM1
SIM2
SIM3
SIM4
1
21
22
SIM5
SIM1
SIM2
SIM3
SIM4
1
21
22
SIM5
SIM1
SIM2
SIM3
SIM4
1
21
22
SIM5
SIM1
SIM2
SIM3
SIM4
1
21
22
SIM5
SIM1
SIM2
SIM3
SIM4
1
21
22
SIM5
SIM1
SIM2
SIM3
SIM4
1
21
22
SIM5
SIM1
SIM2
SIM3
SIM4
1
21
22
SIM5
SIM1
SIM2
SIM3
SIM4
1
21
22
SIM5
SIM1
SIM2
SIM3
SIM4
1
21
22
SIM5
SIM1
SIM2
SIM3
SIM4
1
21
22
SIM5
SIM1
SIM2
SIM3
SIM4
1
21
22
SIM5
SIM1
SIM2
SIM3
SIM4
1
21
22
SIM5
SIM1
SIM2
SIM3
SIM4
1
21
22
SIM5
SIM1
SIM2
SIM3
SIM4
1
21
22
SIM5
SIM1
SIM2
SIM3
SIM4
1
21
22
SIM5
SIM1
SIM2
SIM3
SIM4
1
21
22
SIM5
SIM1
SIM2
SIM3
SIM4
1
21
22
SIM5
SIM1
SIM2
SIM3
SIM4
1
21
22
SIM5
SIM1
SIM2
SIM3
SIM4
1
21
22
SIM5
SIM1
SIM2
SIM3
SIM4
1
21
22
SIM5
SIM1
SIM2
SIM3
SIM4
1
21
22
SIM5
SIM1
SIM2
SIM3
SIM4
1
21
22
SIM5
SIM1
SIM2
SIM3
SIM4
1
21
22
SIM5
SIM1
SIM2
SIM3
SIM4
1
21
22
SIM5
SIM1
SIM2
SIM3
SIM4
1
21
22
SIM5
SIM1
SIM2
SIM3
SIM4
1
21
22
SIM5
SIM1
SIM2
SIM3
SIM4
1
21
22
SIM5
SIM1
SIM2
SIM3
SIM4
1
21
22
SIM5
SIM1
SIM2
SIM3
SIM4
1
21
22
SIM5
SIM1
SIM2
SIM3
SIM4
1
21
22
SIM5
SIM1
SIM2
SIM3
SIM4
1
21
22
SIM5
SIM1
SIM2
SIM3
SIM4
1
21
22
SIM5
SIM1
SIM2
SIM3
SIM4
1
21
22
SIM5
SIM1
SIM2
SIM3
SIM4
1
21
22
SIM5
SIM1
SIM2
SIM3
SIM4
1
21
22
SIM5
SIM1
SIM2
SIM3
SIM4
1
21
22
SIM5
SIM1
SIM2
SIM3
SIM4
1
21
22
SIM5
SIM1
SIM2
SIM3
SIM4
1
21
22
SIM5
SIM1
SIM2
SIM3
SIM4
1
21
22
SIM5
SIM1
SIM2
SIM3
SIM4
1
21
22
SIM5
SIM1
SIM2
SIM3
SIM4
1
21
22
SIM5
SIM1
SIM2
SIM3
SIM4
1
21
22
SIM5
SIM1
SIM2
SIM3
SIM4
1
21
22
SIM5
SIM1
SIM2
SIM3
SIM4
1
21
22
SIM5
SIM1
SIM2
SIM3
SIM4
1
21
22
SIM5
SIM1
SIM2
SIM3
SIM4
1
21
22
SIM5
SIM1
SIM2
SIM3
SIM4
1
21
22
SIM5
SIM1
SIM2
SIM3
SIM4
1
21
22
SIM5
SIM1
SIM2
SIM3
SIM4
1
21
22
SIM5
SIM1
SIM2
SIM3
SIM4
1
21
22
SIM5
SIM1
SIM2
SIM3
SIM4
1
21
22
SIM5
SIM1
SIM2
SIM3
SIM4
1
21
22
SIM5
SIM1
SIM2
SIM3
SIM4
1
21
22
SIM5
SIM1
SIM2
SIM3
SIM4
1
21
22
SIM5
SIM1
SIM2
SIM3
SIM4
1
21
22
SIM5
SIM1
SIM2
SIM3
SIM4
1
21
22
SIM5
SIM1
SIM2
SIM3
SIM4
1
21
22
SIM5
SIM1
SIM2
SIM3
SIM4
1
21
22
SIM5
SIM1
SIM2
SIM3
SIM4
1
21
22
SIM5
SIM1
SIM2
SIM3
SIM4
1
21
22
SIM5
SIM1
SIM2
SIM3
SIM4
1
21
22
SIM5
SIM1
SIM2
SIM3
SIM4
1
21
22
SIM5
SIM1
SIM2
SIM3
SIM4
1
21
22
SIM5
SIM1
SIM2
SIM3
SIM4
1
21
22
SIM5
SIM1
SIM2
SIM3
SIM4
1
21
22
SIM5
SIM1
SIM2
SIM3
SIM4
1
21
22
SIM5
SIM1
SIM2
SIM3
SIM4
1
21
22
SIM5
SIM1
SIM2
SIM3
SIM4
1
21
22
SIM5
SIM1
SIM2
SIM3
SIM4
1
21
22
SIM5
SIM1
SIM2
SIM3
SIM4
1
21
22
SIM5
SIM1
SIM2
SIM3
SIM4
1
21
22
SIM5
SIM1
SIM2
SIM3
SIM4
1
21
22
SIM5
SIM1
SIM2
SIM3
SIM4
1
21
22
SIM5
SIM1
SIM2
SIM3
SIM4
1
21
22
SIM5
SIM1
SIM2
SIM3
SIM4
1
21
22
SIM5
SIM1
SIM2
SIM3
SIM4
1
21
22
SIM5
SIM1
SIM2
SIM3
SIM4
1
21
22
SIM5
SIM1
SIM2
SIM3
SIM4
1
21
22
SIM5
SIM1
SIM2
SIM3
SIM4
1
21
22
SIM5
SIM1
SIM2
SIM3
SIM4
1
21
22
SIM5
SIM1
SIM2
SIM3
SIM4
1
21
22
SIM5
SIM1
SIM2
SIM3
SIM4
1
21
22
SIM5
SIM1
SIM2
SIM3
SIM4
1
21
22
SIM5
SIM1
SIM2
SIM3
SIM4
1
21
22
SIM5
SIM1
SIM2
SIM3
SIM4
1
21
22
SIM5
SIM1
SIM2
SIM3
SIM4
1
21
22
SIM5
SIM1
SIM2
SIM3
SIM4
1
21
22
SIM5
SIM1
SIM2
SIM3
SIM4
1
21
22
SIM5
SIM1
SIM2
SIM3
SIM4
1
21
22
SIM5
SIM1
SIM2
SIM3
SIM4
1
21
22
SIM5
SIM1
SIM2
SIM3
SIM4
1
21
22
SIM5
SIM1
SIM2
SIM3
SIM4
1
21
22
SIM5
SIM1
SIM2
SIM3
SIM4
1
21
22
SIM5
SIM1
SIM2
SIM3
SIM4
1
21
22
SIM5
SIM1
SIM2
SIM3
SIM4
1
21
22
SIM5
SIM1
SIM2
SIM3
SIM4
1
21
22
SIM5
SIM1
SIM2
SIM3
SIM4
1
21
22
SIM5
SIM1
SIM2
SIM3
SIM4
1
21
22
SIM5
SIM1
SIM2
SIM3
SIM4
1
21
22
SIM5
SIM1
SIM2
SIM3
SIM4
1
21
22
SIM5
SIM1
SIM2
SIM3
SIM4
1
21
22
SIM5
SIM1
SIM2
SIM3
SIM4
1
21
22
SIM5
SIM1
SIM2
SIM3
SIM4
1
21
22
SIM5
SIM1
SIM2
SIM3
SIM4
1
21
22
SIM5
SIM1
SIM2
SIM3
SIM4
1
21
22
SIM5
SIM1
SIM2
SIM3
SIM4
1
21
22
SIM5
SIM1
SIM2
SIM3
SIM4
1
21
22
SIM5
SIM1
SIM2
SIM3
SIM4
1
21
22
SIM5
SIM1
SIM2
SIM3
SIM4
1
21
22
SIM5
SIM1
SIM2
SIM3
SIM4
1
21
22
SIM5
SIM1
SIM2
SIM3
SIM4
1
21
22
SIM5
SIM1
SIM2
SIM3
SIM4
1
21
22
SIM5
SIM1
SIM2
SIM3
SIM4
1
21
22
SIM5
SIM1
SIM2
SIM3
SIM4
1
21
22
SIM5
SIM1
SIM2
SIM3
SIM4
1
21
22
SIM5
SIM1
SIM2
SIM3
SIM4
1
21
22
SIM5
SIM1
SIM2
SIM3
SIM4
1
21
22
SIM5
SIM1
SIM2
SIM3
SIM4
1
21
22
SIM5
SIM1
SIM2
SIM3
SIM4
1
21
22
SIM5
SIM1
SIM2
SIM3
SIM4
1
21
22
SIM5
SIM1
SIM2
SIM3
SIM4
1
21
22
SIM5
SIM1
SIM2
SIM3
SIM4
1
21
22
SIM5
SIM1
SIM2
SIM3
SIM4
1
21
22
SIM5
SIM1
SIM2
SIM3
SIM4
1
21
22
SIM5
SIM1
SIM2
SIM3
SIM4
1
21
22
SIM5
SIM1
SIM2
SIM3
SIM4
1
21
22
SIM5
SIM1
SIM2
SIM3
SIM4
1
21
22
SIM5
SIM1
SIM2
SIM3
SIM4
1
21
22
SIM5
SIM1
SIM2
SIM3
SIM4
1
21
22
SIM5
SIM1
SIM2
SIM3
SIM4
1
21
22
SIM5
SIM1
SIM2
SIM3
SIM4
1
21
22
SIM5
SIM1
SIM2
SIM3
SIM4
1
21
22
SIM5
SIM1
SIM2
SIM3
SIM4
1
21
22
SIM5
SIM1
SIM2
SIM3
SIM4
1
21
22
SIM5
SIM1
SIM2
DEBUG 1 538
SIM1
SIM2
SIM3
SIM4
1
21
22
SIM5
SIM1
SIM2
SIM3
SIM4
1
21
22
SIM5
SIM1
SIM2
SIM3
SIM4
1
21
22
SIM5
SIM1
SIM2
SIM3
SIM4
1
21
22
SIM5
SIM1
SIM2
SIM3
SIM4
1
21
22
SIM5
SIM1
SIM2
SIM3
SIM4
1
21
22
SIM5
SIM1
SIM2
SIM3
SIM4
1
21
22
SIM5
SIM1
SIM2
SIM3
SIM4
1
21
22
SIM5
SIM1
SIM2
SIM3
SIM4
1
21
22
SIM5
SIM1
SIM2
SIM3
SIM4
1
21
22
SIM5
SIM1
SIM2
SIM3
SIM4
1
21
22
SIM5
SIM1
SIM2
SIM3
SIM4
1
21
22
SIM5
SIM1
SIM2
SIM3
SIM4
1
21
22
SIM5
SIM1
SIM2
SIM3
SIM4
1
21
22
SIM5
SIM1
SIM2
SIM3
SIM4
1
21
22
SIM5
SIM1
SIM2
SIM3
SIM4
1
21
22
SIM5
SIM1
SIM2
SIM3
SIM4
1
21
22
SIM5
SIM1
SIM2
SIM3
SIM4
1
21
22
SIM5
SIM1
SIM2
SIM3
SIM4
1
21
22
SIM5
SIM1
SIM2
SIM3
SIM4
1
21
22
SIM5
SIM1
SIM2
SIM3
SIM4
1
21
22
SIM5
SIM1
SIM2
SIM3
SIM4
1
21
22
SIM5
SIM1
SIM2
SIM3
SIM4
1
21
22
SIM5
SIM1
SIM2
SIM3
SIM4
1
21
22
SIM5
SIM1
SIM2
SIM3
SIM4
1
21
22
SIM5
SIM1
SIM2
SIM3
SIM4
1
21
22
SIM5
SIM1
SIM2
SIM3
SIM4
1
21
22
SIM5
SIM1
SIM2
SIM3
SIM4
1
21
22
SIM5
SIM1
SIM2
SIM3
SIM4
1
21
22
SIM5
SIM1
SIM2
SIM3
SIM4
1
21
22
SIM5
SIM1
SIM2
SIM3
SIM4
1
21
22
SIM5
SIM1
SIM2
SIM3
SIM4
1
21
22
SIM5
SIM1
SIM2
SIM3
SIM4
1
21
22
SIM5
SIM1
SIM2
SIM3
SIM4
1
21
22
SIM5
SIM1
SIM2
SIM3
SIM4
1
21
22
SIM5
SIM1
SIM2
SIM3
SIM4
1
21
22
SIM5
SIM1
SIM2
SIM3
SIM4
1
21
22
SIM5
SIM1
SIM2
SIM3
SIM4
1
21
22
SIM5
SIM1
SIM2
SIM3
SIM4
1
21
22
SIM5
SIM1
SIM2
SIM3
SIM4
1
21
22
SIM5
SIM1
SIM2
SIM3
SIM4
1
21
22
SIM5
SIM1
SIM2
SIM3
SIM4
1
21
22
SIM5
SIM1
SIM2
SIM3
SIM4
1
21
22
SIM5
SIM1
SIM2
SIM3
SIM4
1
21
22
SIM5
SIM1
SIM2
SIM3
SIM4
1
21
22
SIM5
SIM1
SIM2
SIM3
SIM4
1
21
22
SIM5
SIM1
SIM2
SIM3
SIM4
1
21
22
SIM5
SIM1
SIM2
SIM3
SIM4
1
21
22
SIM5
SIM1
SIM2
SIM3
SIM4
1
21
22
SIM5
SIM1
SIM2
SIM3
SIM4
1
21
22
SIM5
SIM1
SIM2
SIM3
SIM4
1
21
22
SIM5
SIM1
SIM2
SIM3
SIM4
1
21
22
SIM5
SIM1
SIM2
SIM3
SIM4
1
21
22
SIM5
SIM1
SIM2
SIM3
SIM4
1
21
22
SIM5
SIM1
SIM2
SIM3
SIM4
1
21
22
SIM5
SIM1
SIM2
SIM3
SIM4
1
21
22
SIM5
SIM1
SIM2
SIM3
SIM4
1
21
22
SIM5
SIM1
SIM2
SIM3
SIM4
1
21
22
SIM5
SIM1
SIM2
SIM3
SIM4
1
21
22
SIM5
SIM1
SIM2
SIM3
SIM4
1
21
22
SIM5
SIM1
SIM2
SIM3
SIM4
1
21
22
SIM5
SIM1
SIM2
SIM3
SIM4
1
21
22
SIM5
SIM1
SIM2
SIM3
SIM4
1
21
22
SIM5
SIM1
SIM2
SIM3
SIM4
1
21
22
SIM5
SIM1
SIM2
SIM3
SIM4
1
21
22
SIM5
SIM1
SIM2
SIM3
SIM4
1
21
22
SIM5
SIM1
SIM2
SIM3
SIM4
1
21
22
SIM5
SIM1
SIM2
SIM3
SIM4
1
21
22
SIM5
SIM1
SIM2
SIM3
SIM4
1
21
22
SIM5
SIM1
SIM2
SIM3
SIM4
1
21
22
SIM5
SIM1
SIM2
SIM3
SIM4
1
21
22
SIM5
SIM1
SIM2
SIM3
SIM4
1
21
22
SIM5
SIM1
SIM2
SIM3
SIM4
1
21
22
SIM5
SIM1
SIM2
SIM3
SIM4
1
21
22
SIM5
SIM1
SIM2
SIM3
SIM4
1
21
22
SIM5
SIM1
SIM2
SIM3
SIM4
1
21
22
SIM5
SIM1
SIM2
SIM3
SIM4
1
21
22
SIM5
SIM1
SIM2
SIM3
SIM4
1
21
22
SIM5
SIM1
SIM2
SIM3
SIM4
1
21
22
SIM5
SIM1
SIM2
SIM3
SIM4
1
21
22
SIM5
SIM1
SIM2
SIM3
SIM4
1
21
22
SIM5
SIM1
SIM2
SIM3
SIM4
1
21
22
SIM5
SIM1
SIM2
SIM3
SIM4
1
21
22
SIM5
SIM1
SIM2
SIM3
SIM4
1
21
22
SIM5
SIM1
SIM2
SIM3
SIM4
1
21
22
SIM5
SIM1
SIM2
SIM3
SIM4
1
21
22
SIM5
SIM1
SIM2
SIM3
SIM4
1
21
22
SIM5
SIM1
SIM2
SIM3
SIM4
1
21
22
SIM5
SIM1
SIM2
SIM3
SIM4
1
21
22
SIM5
SIM1
SIM2
SIM3
SIM4
1
21
22
SIM5
SIM1
SIM2
SIM3
SIM4
1
21
22
SIM5
SIM1
SIM2
SIM3
SIM4
1
21
22
SIM5
SIM1
SIM2
SIM3
SIM4
1
21
22
SIM5
SIM1
SIM2
SIM3
SIM4
1
21
22
SIM5
SIM1
SIM2
SIM3
SIM4
1
21
22
SIM5
SIM1
SIM2
SIM3
SIM4
1
21
22
SIM5
SIM1
SIM2
SIM3
SIM4
1
21
22
SIM5
SIM1
SIM2
SIM3
SIM4
1
21
22
SIM5
SIM1
SIM2
SIM3
SIM4
1
21
22
SIM5
SIM1
SIM2
SIM3
SIM4
1
21
22
SIM5
SIM1
SIM2
SIM3
SIM4
1
21
22
SIM5
SIM1
SIM2
SIM3
SIM4
1
21
22
SIM5
SIM1
SIM2
SIM3
SIM4
1
21
22
SIM5
SIM1
SIM2
SIM3
SIM4
1
21
22
SIM5
SIM1
SIM2
SIM3
SIM4
1
21
22
SIM5
SIM1
SIM2
SIM3
SIM4
1
21
22
SIM5
SIM1
SIM2
SIM3
SIM4
1
21
22
SIM5
SIM1
SIM2
SIM3
SIM4
1
21
22
SIM5
SIM1
SIM2
SIM3
SIM4
1
21
22
SIM5
SIM1
SIM2
SIM3
SIM4
1
21
22
SIM5
SIM1
SIM2
SIM3
SIM4
1
21
22
SIM5
SIM1
SIM2
SIM3
SIM4
1
21
22
SIM5
SIM1
SIM2
SIM3
SIM4
1
21
22
SIM5
SIM1
SIM2
SIM3
SIM4
1
21
22
SIM5
SIM1
SIM2
SIM3
SIM4
1
21
22
SIM5
SIM1
SIM2
SIM3
SIM4
1
21
22
SIM5
SIM1
SIM2
SIM3
SIM4
1
21
22
SIM5
SIM1
SIM2
SIM3
SIM4
1
21
22
SIM5
SIM1
SIM2
SIM3
SIM4
1
21
22
SIM5
SIM1
SIM2
SIM3
SIM4
1
21
22
SIM5
SIM1
SIM2
SIM3
SIM4
1
21
22
SIM5
SIM1
SIM2
SIM3
SIM4
1
21
22
SIM5
SIM1
SIM2
SIM3
SIM4
1
21
22
SIM5
SIM1
SIM2
SIM3
SIM4
1
21
22
SIM5
SIM1
SIM2
SIM3
SIM4
1
21
22
SIM5
SIM1
SIM2
SIM3
SIM4
1
21
22
SIM5
SIM1
SIM2
SIM3
SIM4
1
21
22
SIM5
SIM1
SIM2
SIM3
SIM4
1
21
22
SIM5
SIM1
SIM2
SIM3
SIM4
1
21
22
SIM5
SIM1
SIM2
SIM3
SIM4
1
21
22
SIM5
SIM1
SIM2
SIM3
SIM4
1
21
22
SIM5
SIM1
SIM2
SIM3
SIM4
1
21
22
SIM5
SIM1
SIM2
SIM3
SIM4
1
21
22
SIM5
SIM1
SIM2
SIM3
SIM4
1
21
22
SIM5
SIM1
SIM2
SIM3
SIM4
1
21
22
SIM5
SIM1
SIM2
SIM3
SIM4
1
21
22
SIM5
SIM1
SIM2
SIM3
SIM4
1
21
22
SIM5
SIM1
SIM2
SIM3
SIM4
1
21
22
SIM5
SIM1
SIM2
SIM3
SIM4
1
21
22
SIM5
SIM1
SIM2
SIM3
SIM4
1
21
22
SIM5
SIM1
SIM2
SIM3
SIM4
1
21
22
SIM5
SIM1
SIM2
SIM3
SIM4
1
21
22
SIM5
SIM1
SIM2
SIM3
SIM4
1
21
22
SIM5
SIM1
SIM2
SIM3
SIM4
1
21
22
SIM5
SIM1
SIM2
SIM3
SIM4
1
21
22
SIM5
SIM1
SIM2
SIM3
SIM4
1
21
22
SIM5
SIM1
SIM2
SIM3
SIM4
1
21
22
SIM5
SIM1
SIM2
SIM3
SIM4
1
21
22
SIM5
SIM1
SIM2
SIM3
SIM4
1
21
22
SIM5
SIM1
SIM2
SIM3
SIM4
1
21
22
SIM5
SIM1
SIM2
SIM3
SIM4
1
21
22
SIM5
SIM1
SIM2
SIM3
SIM4
1
21
22
SIM5
SIM1
SIM2
SIM3
SIM4
1
21
22
SIM5
SIM1
SIM2
SIM3
SIM4
1
21
22
SIM5
SIM1
SIM2
SIM3
SIM4
1
21
22
SIM5
SIM1
SIM2
SIM3
SIM4
1
21
22
SIM5
SIM1
SIM2
SIM3
SIM4
1
21
22
SIM5
SIM1
SIM2
SIM3
SIM4
1
21
22
SIM5
SIM1
SIM2
SIM3
SIM4
1
21
22
SIM5
SIM1
SIM2
SIM3
SIM4
1
21
22
SIM5
SIM1
SIM2
SIM3
SIM4
1
21
22
SIM5
SIM1
SIM2
SIM3
SIM4
1
21
22
SIM5
SIM1
SIM2
SIM3
SIM4
1
21
22
SIM5
SIM1
SIM2
SIM3
SIM4
1
21
22
SIM5
SIM1
SIM2
SIM3
SIM4
1
21
22
SIM5
SIM1
SIM2
SIM3
SIM4
1
21
22
SIM5
SIM1
SIM2
SIM3
SIM4
1
21
22
SIM5
SIM1
SIM2
SIM3
SIM4
1
21
22
SIM5
SIM1
SIM2
SIM3
SIM4
1
21
22
SIM5
SIM1
SIM2
SIM3
SIM4
1
21
22
SIM5
SIM1
SIM2
SIM3
SIM4
1
21
22
SIM5
SIM1
SIM2
DEBUG 1 539
SIM1
SIM2
SIM3
SIM4
1
21
22
SIM5
SIM1
SIM2
SIM3
SIM4
1
21
22
SIM5
SIM1
SIM2
SIM3
SIM4
1
21
22
SIM5
SIM1
SIM2
SIM3
SIM4
1
21
22
SIM5
SIM1
SIM2
SIM3
SIM4
1
21
22
SIM5
SIM1
SIM2
SIM3
SIM4
1
21
22
SIM5
SIM1
SIM2
SIM3
SIM4
1
21
22
SIM5
SIM1
SIM2
SIM3
SIM4
1
21
22
SIM5
SIM1
SIM2
SIM3
SIM4
1
21
22
SIM5
SIM1
SIM2
SIM3
SIM4
1
21
22
SIM5
SIM1
SIM2
SIM3
SIM4
1
21
22
SIM5
SIM1
SIM2
SIM3
SIM4
1
21
22
SIM5
SIM1
SIM2
SIM3
SIM4
1
21
22
SIM5
SIM1
SIM2
SIM3
SIM4
1
21
22
SIM5
SIM1
SIM2
SIM3
SIM4
1
21
22
SIM5
SIM1
SIM2
SIM3
SIM4
1
21
22
SIM5
SIM1
SIM2
SIM3
SIM4
1
21
22
SIM5
SIM1
SIM2
SIM3
SIM4
1
21
22
SIM5
SIM1
SIM2
SIM3
SIM4
1
21
22
SIM5
SIM1
SIM2
SIM3
SIM4
1
21
22
SIM5
SIM1
SIM2
SIM3
SIM4
1
21
22
SIM5
SIM1
SIM2
SIM3
SIM4
1
21
22
SIM5
SIM1
SIM2
SIM3
SIM4
1
21
22
SIM5
SIM1
SIM2
SIM3
SIM4
1
21
22
SIM5
SIM1
SIM2
SIM3
SIM4
1
21
22
SIM5
SIM1
SIM2
SIM3
SIM4
1
21
22
SIM5
SIM1
SIM2
SIM3
SIM4
1
21
22
SIM5
SIM1
SIM2
SIM3
SIM4
1
21
22
SIM5
SIM1
SIM2
SIM3
SIM4
1
21
22
SIM5
SIM1
SIM2
SIM3
SIM4
1
21
22
SIM5
SIM1
SIM2
SIM3
SIM4
1
21
22
SIM5
SIM1
SIM2
SIM3
SIM4
1
21
22
SIM5
SIM1
SIM2
SIM3
SIM4
1
21
22
SIM5
SIM1
SIM2
SIM3
SIM4
1
21
22
SIM5
SIM1
SIM2
SIM3
SIM4
1
21
22
SIM5
SIM1
SIM2
SIM3
SIM4
1
21
22
SIM5
SIM1
SIM2
SIM3
SIM4
1
21
22
SIM5
SIM1
SIM2
SIM3
SIM4
1
21
22
SIM5
SIM1
SIM2
SIM3
SIM4
1
21
22
SIM5
SIM1
SIM2
SIM3
SIM4
1
21
22
SIM5
SIM1
SIM2
SIM3
SIM4
1
21
22
SIM5
SIM1
SIM2
SIM3
SIM4
1
21
22
SIM5
SIM1
SIM2
SIM3
SIM4
1
21
22
SIM5
SIM1
SIM2
SIM3
SIM4
1
21
22
SIM5
SIM1
SIM2
SIM3
SIM4
1
21
22
SIM5
SIM1
SIM2
SIM3
SIM4
1
21
22
SIM5
SIM1
SIM2
SIM3
SIM4
1
21
22
SIM5
SIM1
SIM2
SIM3
SIM4
1
21
22
SIM5
SIM1
SIM2
SIM3
SIM4
1
21
22
SIM5
SIM1
SIM2
SIM3
SIM4
1
21
22
SIM5
SIM1
SIM2
SIM3
SIM4
1
21
22
SIM5
SIM1
SIM2
SIM3
SIM4
1
21
22
SIM5
SIM1
SIM2
SIM3
SIM4
1
21
22
SIM5
SIM1
SIM2
SIM3
SIM4
1
21
22
SIM5
SIM1
SIM2
SIM3
SIM4
1
21
22
SIM5
SIM1
SIM2
SIM3
SIM4
1
21
22
SIM5
SIM1
SIM2
SIM3
SIM4
1
21
22
SIM5
SIM1
SIM2
SIM3
SIM4
1
21
22
SIM5
SIM1
SIM2
SIM3
SIM4
1
21
22
SIM5
SIM1
SIM2
SIM3
SIM4
1
21
22
SIM5
SIM1
SIM2
SIM3
SIM4
1
21
22
SIM5
SIM1
SIM2
SIM3
SIM4
1
21
22
SIM5
SIM1
SIM2
SIM3
SIM4
1
21
22
SIM5
SIM1
SIM2
SIM3
SIM4
1
21
22
SIM5
SIM1
SIM2
SIM3
SIM4
1
21
22
SIM5
SIM1
SIM2
SIM3
SIM4
1
21
22
SIM5
SIM1
SIM2
SIM3
SIM4
1
21
22
SIM5
SIM1
SIM2
SIM3
SIM4
1
21
22
SIM5
SIM1
SIM2
SIM3
SIM4
1
21
22
SIM5
SIM1
SIM2
SIM3
SIM4
1
21
22
SIM5
SIM1
SIM2
SIM3
SIM4
1
21
22
SIM5
SIM1
SIM2
SIM3
SIM4
1
21
22
SIM5
SIM1
SIM2
SIM3
SIM4
1
21
22
SIM5
SIM1
SIM2
SIM3
SIM4
1
21
22
SIM5
SIM1
SIM2
SIM3
SIM4
1
21
22
SIM5
SIM1
SIM2
SIM3
SIM4
1
21
22
SIM5
SIM1
SIM2
SIM3
SIM4
1
21
22
SIM5
SIM1
SIM2
SIM3
SIM4
1
21
22
SIM5
SIM1
SIM2
SIM3
SIM4
1
21
22
SIM5
SIM1
SIM2
SIM3
SIM4
1
21
22
SIM5
SIM1
SIM2
SIM3
SIM4
1
21
22
SIM5
SIM1
SIM2
SIM3
SIM4
1
21
22
SIM5
SIM1
SIM2
SIM3
SIM4
1
21
22
SIM5
SIM1
SIM2
SIM3
SIM4
1
21
22
SIM5
SIM1
SIM2
SIM3
SIM4
1
21
22
SIM5
SIM1
SIM2
SIM3
SIM4
1
21
22
SIM5
SIM1
SIM2
SIM3
SIM4
1
21
22
SIM5
SIM1
SIM2
SIM3
SIM4
1
21
22
SIM5
SIM1
SIM2
SIM3
SIM4
1
21
22
SIM5
SIM1
SIM2
SIM3
SIM4
1
21
22
SIM5
SIM1
SIM2
SIM3
SIM4
1
21
22
SIM5
SIM1
SIM2
SIM3
SIM4
1
21
22
SIM5
SIM1
SIM2
SIM3
SIM4
1
21
22
SIM5
SIM1
SIM2
SIM3
SIM4
1
21
22
SIM5
SIM1
SIM2
SIM3
SIM4
1
21
22
SIM5
SIM1
SIM2
SIM3
SIM4
1
21
22
SIM5
SIM1
SIM2
SIM3
SIM4
1
21
22
SIM5
SIM1
SIM2
SIM3
SIM4
1
21
22
SIM5
SIM1
SIM2
SIM3
SIM4
1
21
22
SIM5
SIM1
SIM2
SIM3
SIM4
1
21
22
SIM5
SIM1
SIM2
SIM3
SIM4
1
21
22
SIM5
SIM1
SIM2
SIM3
SIM4
1
21
22
SIM5
SIM1
SIM2
SIM3
SIM4
1
21
22
SIM5
SIM1
SIM2
SIM3
SIM4
1
21
22
SIM5
SIM1
SIM2
SIM3
SIM4
1
21
22
SIM5
SIM1
SIM2
SIM3
SIM4
1
21
22
SIM5
SIM1
SIM2
SIM3
SIM4
1
21
22
SIM5
SIM1
SIM2
SIM3
SIM4
1
21
22
SIM5
SIM1
SIM2
SIM3
SIM4
1
21
22
SIM5
SIM1
SIM2
SIM3
SIM4
1
21
22
SIM5
SIM1
SIM2
SIM3
SIM4
1
21
22
SIM5
SIM1
SIM2
SIM3
SIM4
1
21
22
SIM5
SIM1
SIM2
SIM3
SIM4
1
21
22
SIM5
SIM1
SIM2
SIM3
SIM4
1
21
22
SIM5
SIM1
SIM2
SIM3
SIM4
1
21
22
SIM5
SIM1
SIM2
SIM3
SIM4
1
21
22
SIM5
SIM1
SIM2
SIM3
SIM4
1
21
22
SIM5
SIM1
SIM2
SIM3
SIM4
1
21
22
SIM5
SIM1
SIM2
SIM3
SIM4
1
21
22
SIM5
SIM1
SIM2
SIM3
SIM4
1
21
22
SIM5
SIM1
SIM2
SIM3
SIM4
1
21
22
SIM5
SIM1
SIM2
SIM3
SIM4
1
21
22
SIM5
SIM1
SIM2
SIM3
SIM4
1
21
22
SIM5
SIM1
SIM2
SIM3
SIM4
1
21
22
SIM5
SIM1
SIM2
SIM3
SIM4
1
21
22
SIM5
SIM1
SIM2
SIM3
SIM4
1
21
22
SIM5
SIM1
SIM2
SIM3
SIM4
1
21
22
SIM5
SIM1
SIM2
SIM3
SIM4
1
21
22
SIM5
SIM1
SIM2
SIM3
SIM4
1
21
22
SIM5
SIM1
SIM2
SIM3
SIM4
1
21
22
SIM5
SIM1
SIM2
SIM3
SIM4
1
21
22
SIM5
SIM1
SIM2
SIM3
SIM4
1
21
22
SIM5
SIM1
SIM2
SIM3
SIM4
1
21
22
SIM5
SIM1
SIM2
SIM3
SIM4
1
21
22
SIM5
SIM1
SIM2
SIM3
SIM4
1
21
22
SIM5
SIM1
SIM2
SIM3
SIM4
1
21
22
SIM5
SIM1
SIM2
SIM3
SIM4
1
21
22
SIM5
SIM1
SIM2
SIM3
SIM4
1
21
22
SIM5
SIM1
SIM2
SIM3
SIM4
1
21
22
SIM5
SIM1
SIM2
SIM3
SIM4
1
21
22
SIM5
SIM1
SIM2
SIM3
SIM4
1
21
22
SIM5
SIM1
SIM2
SIM3
SIM4
1
21
22
SIM5
SIM1
SIM2
SIM3
SIM4
1
21
22
SIM5
SIM1
SIM2
SIM3
SIM4
1
21
22
SIM5
SIM1
SIM2
SIM3
SIM4
1
21
22
SIM5
SIM1
SIM2
SIM3
SIM4
1
21
22
SIM5
SIM1
SIM2
SIM3
SIM4
1
21
22
SIM5
SIM1
SIM2
SIM3
SIM4
1
21
22
SIM5
SIM1
SIM2
SIM3
SIM4
1
21
22
SIM5
SIM1
SIM2
SIM3
SIM4
1
21
22
SIM5
SIM1
SIM2
SIM3
SIM4
1
21
22
SIM5
SIM1
SIM2
SIM3
SIM4
1
21
22
SIM5
SIM1
SIM2
SIM3
SIM4
1
21
22
SIM5
SIM1
SIM2
SIM3
SIM4
1
21
22
SIM5
SIM1
SIM2
SIM3
SIM4
1
21
22
SIM5
SIM1
SIM2
SIM3
SIM4
1
21
22
SIM5
SIM1
SIM2
SIM3
SIM4
1
21
22
SIM5
SIM1
SIM2
SIM3
SIM4
1
21
22
SIM5
SIM1
SIM2
SIM3
SIM4
1
21
22
SIM5
SIM1
SIM2
SIM3
SIM4
1
21
22
SIM5
SIM1
SIM2
SIM3
SIM4
1
21
22
SIM5
SIM1
SIM2
SIM3
SIM4
1
21
22
SIM5
SIM1
SIM2
SIM3
SIM4
1
21
22
SIM5
SIM1
SIM2
SIM3
SIM4
1
21
22
SIM5
SIM1
SIM2
SIM3
SIM4
1
21
22
SIM5
SIM1
SIM2
SIM3
SIM4
1
21
22
SIM5
SIM1
SIM2
SIM3
SIM4
1
21
22
SIM5
SIM1
SIM2
SIM3
SIM4
1
21
22
SIM5
SIM1
SIM2
SIM3
SIM4
1
21
22
SIM5
SIM1
SIM2
SIM3
SIM4
1
21
22
SIM5
SIM1
SIM2
SIM3
SIM4
1
21
22
SIM5
SIM1
SIM2
DEBUG 1 540
SIM1
SIM2
SIM3
SIM4
1
21
22
SIM5
SIM1
SIM2
SIM3
SIM4
1
21
22
SIM5
SIM1
SIM2
SIM3
SIM4
1
21
22
SIM5
SIM1
SIM2
SIM3
SIM4
1
21
22
SIM5
SIM1
SIM2
SIM3
SIM4
1
21
22
SIM5
SIM1
SIM2
SIM3
SIM4
1
21
22
SIM5
SIM1
SIM2
SIM3
SIM4
1
21
22
SIM5
SIM1
SIM2
SIM3
SIM4
1
21
22
SIM5
SIM1
SIM2
SIM3
SIM4
1
21
22
SIM5
SIM1
SIM2
SIM3
SIM4
1
21
22
SIM5
SIM1
SIM2
SIM3
SIM4
1
21
22
SIM5
SIM1
SIM2
SIM3
SIM4
1
21
22
SIM5
SIM1
SIM2
SIM3
SIM4
1
21
22
SIM5
SIM1
SIM2
SIM3
SIM4
1
21
22
SIM5
SIM1
SIM2
SIM3
SIM4
1
21
22
SIM5
SIM1
SIM2
SIM3
SIM4
1
21
22
SIM5
SIM1
SIM2
SIM3
SIM4
1
21
22
SIM5
SIM1
SIM2
SIM3
SIM4
1
21
22
SIM5
SIM1
SIM2
SIM3
SIM4
1
21
22
SIM5
SIM1
SIM2
SIM3
SIM4
1
21
22
SIM5
SIM1
SIM2
SIM3
SIM4
1
21
22
SIM5
SIM1
SIM2
SIM3
SIM4
1
21
22
SIM5
SIM1
SIM2
SIM3
SIM4
1
21
22
SIM5
SIM1
SIM2
SIM3
SIM4
1
21
22
SIM5
SIM1
SIM2
SIM3
SIM4
1
21
22
SIM5
SIM1
SIM2
SIM3
SIM4
1
21
22
SIM5
SIM1
SIM2
SIM3
SIM4
1
21
22
SIM5
SIM1
SIM2
SIM3
SIM4
1
21
22
SIM5
SIM1
SIM2
SIM3
SIM4
1
21
22
SIM5
SIM1
SIM2
SIM3
SIM4
1
21
22
SIM5
SIM1
SIM2
SIM3
SIM4
1
21
22
SIM5
SIM1
SIM2
SIM3
SIM4
1
21
22
SIM5
SIM1
SIM2
SIM3
SIM4
1
21
22
SIM5
SIM1
SIM2
SIM3
SIM4
1
21
22
SIM5
SIM1
SIM2
SIM3
SIM4
1
21
22
SIM5
SIM1
SIM2
SIM3
SIM4
1
21
22
SIM5
SIM1
SIM2
SIM3
SIM4
1
21
22
SIM5
SIM1
SIM2
SIM3
SIM4
1
21
22
SIM5
SIM1
SIM2
SIM3
SIM4
1
21
22
SIM5
SIM1
SIM2
SIM3
SIM4
1
21
22
SIM5
SIM1
SIM2
SIM3
SIM4
1
21
22
SIM5
SIM1
SIM2
SIM3
SIM4
1
21
22
SIM5
SIM1
SIM2
SIM3
SIM4
1
21
22
SIM5
SIM1
SIM2
SIM3
SIM4
1
21
22
SIM5
SIM1
SIM2
SIM3
SIM4
1
21
22
SIM5
SIM1
SIM2
SIM3
SIM4
1
21
22
SIM5
SIM1
SIM2
SIM3
SIM4
1
21
22
SIM5
SIM1
SIM2
SIM3
SIM4
1
21
22
SIM5
SIM1
SIM2
SIM3
SIM4
1
21
22
SIM5
SIM1
SIM2
SIM3
SIM4
1
21
22
SIM5
SIM1
SIM2
SIM3
SIM4
1
21
22
SIM5
SIM1
SIM2
SIM3
SIM4
1
21
22
SIM5
SIM1
SIM2
SIM3
SIM4
1
21
22
SIM5
SIM1
SIM2
SIM3
SIM4
1
21
22
SIM5
SIM1
SIM2
SIM3
SIM4
1
21
22
SIM5
SIM1
SIM2
SIM3
SIM4
1
21
22
SIM5
SIM1
SIM2
SIM3
SIM4
1
21
22
SIM5
SIM1
SIM2
SIM3
SIM4
1
21
22
SIM5
SIM1
SIM2
SIM3
SIM4
1
21
22
SIM5
SIM1
SIM2
SIM3
SIM4
1
21
22
SIM5
SIM1
SIM2
SIM3
SIM4
1
21
22
SIM5
SIM1
SIM2
SIM3
SIM4
1
21
22
SIM5
SIM1
SIM2
SIM3
SIM4
1
21
22
SIM5
SIM1
SIM2
SIM3
SIM4
1
21
22
SIM5
SIM1
SIM2
SIM3
SIM4
1
21
22
SIM5
SIM1
SIM2
SIM3
SIM4
1
21
22
SIM5
SIM1
SIM2
SIM3
SIM4
1
21
22
SIM5
SIM1
SIM2
SIM3
SIM4
1
21
22
SIM5
SIM1
SIM2
SIM3
SIM4
1
21
22
SIM5
SIM1
SIM2
SIM3
SIM4
1
21
22
SIM5
SIM1
SIM2
SIM3
SIM4
1
21
22
SIM5
SIM1
SIM2
SIM3
SIM4
1
21
22
SIM5
SIM1
SIM2
SIM3
SIM4
1
21
22
SIM5
SIM1
SIM2
SIM3
SIM4
1
21
22
SIM5
SIM1
SIM2
SIM3
SIM4
1
21
22
SIM5
SIM1
SIM2
SIM3
SIM4
1
21
22
SIM5
SIM1
SIM2
SIM3
SIM4
1
21
22
SIM5
SIM1
SIM2
SIM3
SIM4
1
21
22
SIM5
SIM1
SIM2
SIM3
SIM4
1
21
22
SIM5
SIM1
SIM2
SIM3
SIM4
1
21
22
SIM5
SIM1
SIM2
SIM3
SIM4
1
21
22
SIM5
SIM1
SIM2
SIM3
SIM4
1
21
22
SIM5
SIM1
SIM2
SIM3
SIM4
1
21
22
SIM5
SIM1
SIM2
SIM3
SIM4
1
21
22
SIM5
SIM1
SIM2
SIM3
SIM4
1
21
22
SIM5
SIM1
SIM2
SIM3
SIM4
1
21
22
SIM5
SIM1
SIM2
SIM3
SIM4
1
21
22
SIM5
SIM1
SIM2
SIM3
SIM4
1
21
22
SIM5
SIM1
SIM2
SIM3
SIM4
1
21
22
SIM5
SIM1
SIM2
SIM3
SIM4
1
21
22
SIM5
SIM1
SIM2
SIM3
SIM4
1
21
22
SIM5
SIM1
SIM2
SIM3
SIM4
1
21
22
SIM5
SIM1
SIM2
SIM3
SIM4
1
21
22
SIM5
SIM1
SIM2
SIM3
SIM4
1
21
22
SIM5
SIM1
SIM2
DEBUG 1 541
SIM1
SIM2
SIM3
SIM4
1
21
22
SIM5
SIM1
SIM2
SIM3
SIM4
1
21
22
SIM5
SIM1
SIM2
SIM3
SIM4
1
21
22
SIM5
SIM1
SIM2
SIM3
SIM4
1
21
22
SIM5
SIM1
SIM2
SIM3
SIM4
1
21
22
SIM5
SIM1
SIM2
SIM3
SIM4
1
21
22
SIM5
SIM1
SIM2
SIM3
SIM4
1
21
22
SIM5
SIM1
SIM2
SIM3
SIM4
1
21
22
SIM5
SIM1
SIM2
SIM3
SIM4
1
21
22
SIM5
SIM1
SIM2
SIM3
SIM4
1
21
22
SIM5
SIM1
SIM2
SIM3
SIM4
1
21
22
SIM5
SIM1
SIM2
SIM3
SIM4
1
21
22
SIM5
SIM1
SIM2
SIM3
SIM4
1
21
22
SIM5
SIM1
SIM2
SIM3
SIM4
1
21
22
SIM5
SIM1
SIM2
SIM3
SIM4
1
21
22
SIM5
SIM1
SIM2
SIM3
SIM4
1
21
22
SIM5
SIM1
SIM2
SIM3
SIM4
1
21
22
SIM5
SIM1
SIM2
SIM3
SIM4
1
21
22
SIM5
SIM1
SIM2
SIM3
SIM4
1
21
22
SIM5
SIM1
SIM2
SIM3
SIM4
1
21
22
SIM5
SIM1
SIM2
SIM3
SIM4
1
21
22
SIM5
SIM1
SIM2
SIM3
SIM4
1
21
22
SIM5
SIM1
SIM2
SIM3
SIM4
1
21
22
SIM5
SIM1
SIM2
SIM3
SIM4
1
21
22
SIM5
SIM1
SIM2
SIM3
SIM4
1
21
22
SIM5
SIM1
SIM2
SIM3
SIM4
1
21
22
SIM5
SIM1
SIM2
SIM3
SIM4
1
21
22
SIM5
SIM1
SIM2
SIM3
SIM4
1
21
22
SIM5
SIM1
SIM2
SIM3
SIM4
1
21
22
SIM5
SIM1
SIM2
SIM3
SIM4
1
21
22
SIM5
SIM1
SIM2
SIM3
SIM4
1
21
22
SIM5
SIM1
SIM2
SIM3
SIM4
1
21
22
SIM5
SIM1
SIM2
SIM3
SIM4
1
21
22
SIM5
SIM1
SIM2
SIM3
SIM4
1
21
22
SIM5
SIM1
SIM2
SIM3
SIM4
1
21
22
SIM5
SIM1
SIM2
SIM3
SIM4
1
21
22
SIM5
SIM1
SIM2
SIM3
SIM4
1
21
22
SIM5
SIM1
SIM2
SIM3
SIM4
1
21
22
SIM5
SIM1
SIM2
SIM3
SIM4
1
21
22
SIM5
SIM1
SIM2
SIM3
SIM4
1
21
22
SIM5
SIM1
SIM2
SIM3
SIM4
1
21
22
SIM5
SIM1
SIM2
SIM3
SIM4
1
21
22
SIM5
SIM1
SIM2
SIM3
SIM4
1
21
22
SIM5
SIM1
SIM2
SIM3
SIM4
1
21
22
SIM5
SIM1
SIM2
SIM3
SIM4
1
21
22
SIM5
SIM1
SIM2
SIM3
SIM4
1
21
22
SIM5
SIM1
SIM2
SIM3
SIM4
1
21
22
SIM5
SIM1
SIM2
SIM3
SIM4
1
21
22
SIM5
SIM1
SIM2
SIM3
SIM4
1
21
22
SIM5
SIM1
SIM2
SIM3
SIM4
1
21
22
SIM5
SIM1
SIM2
SIM3
SIM4
1
21
22
SIM5
SIM1
SIM2
SIM3
SIM4
1
21
22
SIM5
SIM1
SIM2
SIM3
SIM4
1
21
22
SIM5
SIM1
SIM2
SIM3
SIM4
1
21
22
SIM5
SIM1
SIM2
SIM3
SIM4
1
21
22
SIM5
SIM1
SIM2
SIM3
SIM4
1
21
22
SIM5
SIM1
SIM2
SIM3
SIM4
1
21
22
SIM5
SIM1
SIM2
SIM3
SIM4
1
21
22
SIM5
SIM1
SIM2
SIM3
SIM4
1
21
22
SIM5
SIM1
SIM2
SIM3
SIM4
1
21
22
SIM5
SIM1
SIM2
SIM3
SIM4
1
21
22
SIM5
SIM1
SIM2
SIM3
SIM4
1
21
22
SIM5
SIM1
SIM2
SIM3
SIM4
1
21
22
SIM5
SIM1
SIM2
SIM3
SIM4
1
21
22
SIM5
SIM1
SIM2
SIM3
SIM4
1
21
22
SIM5
SIM1
SIM2
SIM3
SIM4
1
21
22
SIM5
SIM1
SIM2
SIM3
SIM4
1
21
22
SIM5
SIM1
SIM2
SIM3
SIM4
1
21
22
SIM5
SIM1
SIM2
SIM3
SIM4
1
21
22
SIM5
SIM1
SIM2
SIM3
SIM4
1
21
22
SIM5
SIM1
SIM2
SIM3
SIM4
1
21
22
SIM5
SIM1
SIM2
SIM3
SIM4
1
21
22
SIM5
SIM1
SIM2
SIM3
SIM4
1
21
22
SIM5
SIM1
SIM2
SIM3
SIM4
1
21
22
SIM5
SIM1
SIM2
SIM3
SIM4
1
21
22
SIM5
SIM1
SIM2
SIM3
SIM4
1
21
22
SIM5
SIM1
SIM2
SIM3
SIM4
1
21
22
SIM5
SIM1
SIM2
SIM3
SIM4
1
21
22
SIM5
SIM1
SIM2
SIM3
SIM4
1
21
22
SIM5
SIM1
SIM2
SIM3
SIM4
1
21
22
SIM5
SIM1
SIM2
SIM3
SIM4
1
21
22
SIM5
SIM1
SIM2
SIM3
SIM4
1
21
22
SIM5
SIM1
SIM2
SIM3
SIM4
1
21
22
SIM5
SIM1
SIM2
SIM3
SIM4
1
21
22
SIM5
SIM1
SIM2
SIM3
SIM4
1
21
22
SIM5
SIM1
SIM2
SIM3
SIM4
1
21
22
SIM5
SIM1
SIM2
SIM3
SIM4
1
21
22
SIM5
SIM1
SIM2
SIM3
SIM4
1
21
22
SIM5
SIM1
SIM2
SIM3
SIM4
1
21
22
SIM5
SIM1
SIM2
SIM3
SIM4
1
21
22
SIM5
SIM1
SIM2
SIM3
SIM4
1
21
22
SIM5
SIM1
SIM2
SIM3
SIM4
1
21
22
SIM5
SIM1
SIM2
SIM3
SIM4
1
21
22
SIM5
SIM1
SIM2
SIM3
SIM4
1
21
22
SIM5
SIM1
SIM2
SIM3
SIM4
1
21
22
SIM5
SIM1
SIM2
SIM3
SIM4
1
21
22
SIM5
SIM1
SIM2
SIM3
SIM4
1
21
22
SIM5
SIM1
SIM2
SIM3
SIM4
1
21
22
SIM5
SIM1
SIM2
SIM3
SIM4
1
21
22
SIM5
SIM1
SIM2
SIM3
SIM4
1
21
22
SIM5
SIM1
SIM2
SIM3
SIM4
1
21
22
SIM5
SIM1
SIM2
SIM3
SIM4
1
21
22
SIM5
SIM1
SIM2
SIM3
SIM4
1
21
22
SIM5
SIM1
SIM2
SIM3
SIM4
1
21
22
SIM5
SIM1
SIM2
SIM3
SIM4
1
21
22
SIM5
SIM1
SIM2
SIM3
SIM4
1
21
22
SIM5
SIM1
SIM2
SIM3
SIM4
1
21
22
SIM5
SIM1
SIM2
SIM3
SIM4
1
21
22
SIM5
SIM1
SIM2
SIM3
SIM4
1
21
22
SIM5
SIM1
SIM2
SIM3
SIM4
1
21
22
SIM5
SIM1
SIM2
SIM3
SIM4
1
21
22
SIM5
SIM1
SIM2
SIM3
SIM4
1
21
22
SIM5
SIM1
SIM2
SIM3
SIM4
1
21
22
SIM5
SIM1
SIM2
SIM3
SIM4
1
21
22
SIM5
SIM1
SIM2
SIM3
SIM4
1
21
22
SIM5
SIM1
SIM2
SIM3
SIM4
1
21
22
SIM5
SIM1
SIM2
SIM3
SIM4
1
21
22
SIM5
SIM1
SIM2
SIM3
SIM4
1
21
22
SIM5
SIM1
SIM2
SIM3
SIM4
1
21
22
SIM5
SIM1
SIM2
SIM3
SIM4
1
21
22
SIM5
SIM1
SIM2
SIM3
SIM4
1
21
22
SIM5
SIM1
SIM2
SIM3
SIM4
1
21
22
SIM5
SIM1
SIM2
SIM3
SIM4
1
21
22
SIM5
SIM1
SIM2
SIM3
SIM4
1
21
22
SIM5
SIM1
SIM2
SIM3
SIM4
1
21
22
SIM5
SIM1
SIM2
SIM3
SIM4
1
21
22
SIM5
SIM1
SIM2
SIM3
SIM4
1
21
22
SIM5
SIM1
SIM2
SIM3
SIM4
1
21
22
SIM5
SIM1
SIM2
SIM3
SIM4
1
21
22
SIM5
SIM1
SIM2
SIM3
SIM4
1
21
22
SIM5
SIM1
SIM2
SIM3
SIM4
1
21
22
SIM5
SIM1
SIM2
SIM3
SIM4
1
21
22
SIM5
SIM1
SIM2
SIM3
SIM4
1
21
22
SIM5
SIM1
SIM2
SIM3
SIM4
1
21
22
SIM5
SIM1
SIM2
SIM3
SIM4
1
21
22
SIM5
SIM1
SIM2
SIM3
SIM4
1
21
22
SIM5
SIM1
SIM2
SIM3
SIM4
1
21
22
SIM5
SIM1
SIM2
SIM3
SIM4
1
21
22
SIM5
SIM1
SIM2
SIM3
SIM4
1
21
22
SIM5
SIM1
SIM2
SIM3
SIM4
1
21
22
SIM5
SIM1
SIM2
SIM3
SIM4
1
21
22
SIM5
SIM1
SIM2
SIM3
SIM4
1
21
22
SIM5
SIM1
SIM2
SIM3
SIM4
1
21
22
SIM5
SIM1
SIM2
SIM3
SIM4
1
21
22
SIM5
SIM1
SIM2
SIM3
SIM4
1
21
22
SIM5
SIM1
SIM2
SIM3
SIM4
1
21
22
SIM5
SIM1
SIM2
SIM3
SIM4
1
21
22
SIM5
SIM1
SIM2
SIM3
SIM4
1
21
22
SIM5
SIM1
SIM2
SIM3
SIM4
1
21
22
SIM5
SIM1
SIM2
SIM3
SIM4
1
21
22
SIM5
SIM1
SIM2
SIM3
SIM4
1
21
22
SIM5
SIM1
SIM2
SIM3
SIM4
1
21
22
SIM5
SIM1
SIM2
SIM3
SIM4
1
21
22
SIM5
SIM1
SIM2
SIM3
SIM4
1
21
22
SIM5
SIM1
SIM2
SIM3
SIM4
1
21
22
SIM5
SIM1
SIM2
SIM3
SIM4
1
21
22
SIM5
SIM1
SIM2
SIM3
SIM4
1
21
22
SIM5
SIM1
SIM2
SIM3
SIM4
1
21
22
SIM5
SIM1
SIM2
SIM3
SIM4
1
21
22
SIM5
SIM1
SIM2
SIM3
SIM4
1
21
22
SIM5
SIM1
SIM2
SIM3
SIM4
1
21
22
SIM5
SIM1
SIM2
SIM3
SIM4
1
21
22
SIM5
SIM1
SIM2
SIM3
SIM4
1
21
22
SIM5
SIM1
SIM2
SIM3
SIM4
1
21
22
SIM5
SIM1
SIM2
SIM3
SIM4
1
21
22
SIM5
SIM1
SIM2
SIM3
SIM4
1
21
22
SIM5
SIM1
SIM2
SIM3
SIM4
1
21
22
SIM5
SIM1
SIM2
SIM3
SIM4
1
21
22
SIM5
SIM1
SIM2
SIM3
SIM4
1
21
22
SIM5
SIM1
SIM2
SIM3
SIM4
1
21
22
SIM5
SIM1
SIM2
SIM3
SIM4
1
21
22
SIM5
SIM1
SIM2
SIM3
SIM4
1
21
22
SIM5
SIM1
SIM2
SIM3
SIM4
1
21
22
SIM5
SIM1
SIM2
SIM3
SIM4
1
21
22
SIM5
SIM1
SIM2
SIM3
SIM4
1
21
22
SIM5
SIM1
SIM2
SIM3
SIM4
1
21
22
SIM5
SIM1
SIM2
SIM3
SIM4
1
21
22
SIM5
SIM1
SIM2
SIM3
SIM4
1
21
22
SIM5
SIM1
SIM2
SIM3
SIM4
1
21
22
SIM5
SIM1
SIM2
SIM3
SIM4
1
21
22
SIM5
SIM1
SIM2
SIM3
SIM4
1
21
22
SIM5
SIM1
SIM2
SIM3
SIM4
1
21
22
SIM5
SIM1
SIM2
SIM3
SIM4
1
21
22
SIM5
SIM1
SIM2
SIM3
SIM4
1
21
22
SIM5
SIM1
SIM2
SIM3
SIM4
1
21
22
SIM5
SIM1
SIM2
SIM3
SIM4
1
21
22
SIM5
SIM1
SIM2
SIM3
SIM4
1
21
22
SIM5
SIM1
SIM2
SIM3
SIM4
1
21
22
SIM5
SIM1
SIM2
SIM3
SIM4
1
21
22
SIM5
SIM1
SIM2
SIM3
SIM4
1
21
22
SIM5
SIM1
SIM2
SIM3
SIM4
1
21
22
SIM5
SIM1
SIM2
SIM3
SIM4
1
21
22
SIM5
SIM1
SIM2
SIM3
SIM4
1
21
22
SIM5
SIM1
SIM2
SIM3
SIM4
1
21
22
SIM5
SIM1
SIM2
SIM3
SIM4
1
21
22
SIM5
SIM1
SIM2
SIM3
SIM4
1
21
22
SIM5
SIM1
SIM2
DEBUG 1 542
SIM1
SIM2
SIM3
SIM4
1
21
22
SIM5
SIM1
SIM2
SIM3
SIM4
1
21
22
SIM5
SIM1
SIM2
SIM3
SIM4
1
21
22
SIM5
SIM1
SIM2
SIM3
SIM4
1
21
22
SIM5
SIM1
SIM2
SIM3
SIM4
1
21
22
SIM5
SIM1
SIM2
SIM3
SIM4
1
21
22
SIM5
SIM1
SIM2
SIM3
SIM4
1
21
22
SIM5
SIM1
SIM2
SIM3
SIM4
1
21
22
SIM5
SIM1
SIM2
SIM3
SIM4
1
21
22
SIM5
SIM1
SIM2
SIM3
SIM4
1
21
22
SIM5
SIM1
SIM2
SIM3
SIM4
1
21
22
SIM5
SIM1
SIM2
SIM3
SIM4
1
21
22
SIM5
SIM1
SIM2
SIM3
SIM4
1
21
22
SIM5
SIM1
SIM2
SIM3
SIM4
1
21
22
SIM5
SIM1
SIM2
SIM3
SIM4
1
21
22
SIM5
SIM1
SIM2
SIM3
SIM4
1
21
22
SIM5
SIM1
SIM2
SIM3
SIM4
1
21
22
SIM5
SIM1
SIM2
SIM3
SIM4
1
21
22
SIM5
SIM1
SIM2
SIM3
SIM4
1
21
22
SIM5
SIM1
SIM2
SIM3
SIM4
1
21
22
SIM5
SIM1
SIM2
SIM3
SIM4
1
21
22
SIM5
SIM1
SIM2
SIM3
SIM4
1
21
22
SIM5
SIM1
SIM2
SIM3
SIM4
1
21
22
SIM5
SIM1
SIM2
SIM3
SIM4
1
21
22
SIM5
SIM1
SIM2
SIM3
SIM4
1
21
22
SIM5
SIM1
SIM2
SIM3
SIM4
1
21
22
SIM5
SIM1
SIM2
SIM3
SIM4
1
21
22
SIM5
SIM1
SIM2
SIM3
SIM4
1
21
22
SIM5
SIM1
SIM2
SIM3
SIM4
1
21
22
SIM5
SIM1
SIM2
SIM3
SIM4
1
21
22
SIM5
SIM1
SIM2
SIM3
SIM4
1
21
22
SIM5
SIM1
SIM2
SIM3
SIM4
1
21
22
SIM5
SIM1
SIM2
SIM3
SIM4
1
21
22
SIM5
SIM1
SIM2
SIM3
SIM4
1
21
22
SIM5
SIM1
SIM2
SIM3
SIM4
1
21
22
SIM5
SIM1
SIM2
SIM3
SIM4
1
21
22
SIM5
SIM1
SIM2
SIM3
SIM4
1
21
22
SIM5
SIM1
SIM2
SIM3
SIM4
1
21
22
SIM5
SIM1
SIM2
SIM3
SIM4
1
21
22
SIM5
SIM1
SIM2
SIM3
SIM4
1
21
22
SIM5
SIM1
SIM2
SIM3
SIM4
1
21
22
SIM5
SIM1
SIM2
SIM3
SIM4
1
21
22
SIM5
SIM1
SIM2
SIM3
SIM4
1
21
22
SIM5
SIM1
SIM2
SIM3
SIM4
1
21
22
SIM5
SIM1
SIM2
SIM3
SIM4
1
21
22
SIM5
SIM1
SIM2
SIM3
SIM4
1
21
22
SIM5
SIM1
SIM2
SIM3
SIM4
1
21
22
SIM5
SIM1
SIM2
SIM3
SIM4
1
21
22
SIM5
SIM1
SIM2
SIM3
SIM4
1
21
22
SIM5
SIM1
SIM2
SIM3
SIM4
1
21
22
SIM5
SIM1
SIM2
SIM3
SIM4
1
21
22
SIM5
SIM1
SIM2
SIM3
SIM4
1
21
22
SIM5
SIM1
SIM2
SIM3
SIM4
1
21
22
SIM5
SIM1
SIM2
SIM3
SIM4
1
21
22
SIM5
SIM1
SIM2
SIM3
SIM4
1
21
22
SIM5
SIM1
SIM2
SIM3
SIM4
1
21
22
SIM5
SIM1
SIM2
SIM3
SIM4
1
21
22
SIM5
SIM1
SIM2
SIM3
SIM4
1
21
22
SIM5
SIM1
SIM2
SIM3
SIM4
1
21
22
SIM5
SIM1
SIM2
SIM3
SIM4
1
21
22
SIM5
SIM1
SIM2
SIM3
SIM4
1
21
22
SIM5
SIM1
SIM2
SIM3
SIM4
1
21
22
SIM5
SIM1
SIM2
SIM3
SIM4
1
21
22
SIM5
SIM1
SIM2
SIM3
SIM4
1
21
22
SIM5
SIM1
SIM2
SIM3
SIM4
1
21
22
SIM5
SIM1
SIM2
SIM3
SIM4
1
21
22
SIM5
SIM1
SIM2
SIM3
SIM4
1
21
22
SIM5
SIM1
SIM2
SIM3
SIM4
1
21
22
SIM5
SIM1
SIM2
SIM3
SIM4
1
21
22
SIM5
SIM1
SIM2
SIM3
SIM4
1
21
22
SIM5
SIM1
SIM2
SIM3
SIM4
1
21
22
SIM5
SIM1
SIM2
SIM3
SIM4
1
21
22
SIM5
SIM1
SIM2
SIM3
SIM4
1
21
22
SIM5
SIM1
SIM2
SIM3
SIM4
1
21
22
SIM5
SIM1
SIM2
SIM3
SIM4
1
21
22
SIM5
SIM1
SIM2
SIM3
SIM4
1
21
22
SIM5
SIM1
SIM2
SIM3
SIM4
1
21
22
SIM5
SIM1
SIM2
SIM3
SIM4
1
21
22
SIM5
SIM1
SIM2
SIM3
SIM4
1
21
22
SIM5
SIM1
SIM2
SIM3
SIM4
1
21
22
SIM5
SIM1
SIM2
SIM3
SIM4
1
21
22
SIM5
SIM1
SIM2
SIM3
SIM4
1
21
22
SIM5
SIM1
SIM2
SIM3
SIM4
1
21
22
SIM5
SIM1
SIM2
SIM3
SIM4
1
21
22
SIM5
SIM1
SIM2
SIM3
SIM4
1
21
22
SIM5
SIM1
SIM2
SIM3
SIM4
1
21
22
SIM5
SIM1
SIM2
SIM3
SIM4
1
21
22
SIM5
SIM1
SIM2
SIM3
SIM4
1
21
22
SIM5
SIM1
SIM2
SIM3
SIM4
1
21
22
SIM5
SIM1
SIM2
SIM3
SIM4
1
21
22
SIM5
SIM1
SIM2
SIM3
SIM4
1
21
22
SIM5
SIM1
SIM2
SIM3
SIM4
1
21
22
SIM5
SIM1
SIM2
SIM3
SIM4
1
21
22
SIM5
SIM1
SIM2
SIM3
SIM4
1
21
22
SIM5
SIM1
SIM2
SIM3
SIM4
1
21
22
SIM5
SIM1
SIM2
SIM3
SIM4
1
21
22
SIM5
SIM1
SIM2
SIM3
SIM4
1
21
22
SIM5
SIM1
SIM2
SIM3
SIM4
1
21
22
SIM5
SIM1
SIM2
SIM3
SIM4
1
21
22
SIM5
SIM1
SIM2
SIM3
SIM4
1
21
22
SIM5
SIM1
SIM2
SIM3
SIM4
1
21
22
SIM5
SIM1
SIM2
SIM3
SIM4
1
21
22
SIM5
SIM1
SIM2
SIM3
SIM4
1
21
22
SIM5
SIM1
SIM2
SIM3
SIM4
1
21
22
SIM5
SIM1
SIM2
SIM3
SIM4
1
21
22
SIM5
SIM1
SIM2
SIM3
SIM4
1
21
22
SIM5
SIM1
SIM2
SIM3
SIM4
1
21
22
SIM5
SIM1
SIM2
SIM3
SIM4
1
21
22
SIM5
SIM1
SIM2
SIM3
SIM4
1
21
22
SIM5
SIM1
SIM2
SIM3
SIM4
1
21
22
SIM5
SIM1
SIM2
SIM3
SIM4
1
21
22
SIM5
SIM1
SIM2
SIM3
SIM4
1
21
22
SIM5
SIM1
SIM2
SIM3
SIM4
1
21
22
SIM5
SIM1
SIM2
SIM3
SIM4
1
21
22
SIM5
SIM1
SIM2
SIM3
SIM4
1
21
22
SIM5
SIM1
SIM2
SIM3
SIM4
1
21
22
SIM5
SIM1
SIM2
SIM3
SIM4
1
21
22
SIM5
SIM1
SIM2
SIM3
SIM4
1
21
22
SIM5
SIM1
SIM2
SIM3
SIM4
1
21
22
SIM5
SIM1
SIM2
SIM3
SIM4
1
21
22
SIM5
SIM1
SIM2
SIM3
SIM4
1
21
22
SIM5
SIM1
SIM2
SIM3
SIM4
1
21
22
SIM5
SIM1
SIM2
SIM3
SIM4
1
21
22
SIM5
SIM1
SIM2
SIM3
SIM4
1
21
22
SIM5
SIM1
SIM2
SIM3
SIM4
1
21
22
SIM5
SIM1
SIM2
SIM3
SIM4
1
21
22
SIM5
SIM1
SIM2
SIM3
SIM4
1
21
22
SIM5
SIM1
SIM2
SIM3
SIM4
1
21
22
SIM5
SIM1
SIM2
SIM3
SIM4
1
21
22
SIM5
SIM1
SIM2
SIM3
SIM4
1
21
22
SIM5
SIM1
SIM2
SIM3
SIM4
1
21
22
SIM5
SIM1
SIM2
SIM3
SIM4
1
21
22
SIM5
SIM1
SIM2
SIM3
SIM4
1
21
22
SIM5
SIM1
SIM2
SIM3
SIM4
1
21
22
SIM5
SIM1
SIM2
SIM3
SIM4
1
21
22
SIM5
SIM1
SIM2
SIM3
SIM4
1
21
22
SIM5
SIM1
SIM2
SIM3
SIM4
1
21
22
SIM5
SIM1
SIM2
SIM3
SIM4
1
21
22
SIM5
SIM1
SIM2
SIM3
SIM4
1
21
22
SIM5
SIM1
SIM2
SIM3
SIM4
1
21
22
SIM5
SIM1
SIM2
SIM3
SIM4
1
21
22
SIM5
SIM1
SIM2
SIM3
SIM4
1
21
22
SIM5
SIM1
SIM2
SIM3
SIM4
1
21
22
SIM5
SIM1
SIM2
SIM3
SIM4
1
21
22
SIM5
SIM1
SIM2
SIM3
SIM4
1
21
22
SIM5
SIM1
SIM2
SIM3
SIM4
1
21
22
SIM5
SIM1
SIM2
SIM3
SIM4
1
21
22
SIM5
SIM1
SIM2
SIM3
SIM4
1
21
22
SIM5
SIM1
SIM2
SIM3
SIM4
1
21
22
SIM5
SIM1
SIM2
SIM3
SIM4
1
21
22
SIM5
SIM1
SIM2
SIM3
SIM4
1
21
22
SIM5
SIM1
SIM2
SIM3
SIM4
1
21
22
SIM5
SIM1
SIM2
SIM3
SIM4
1
21
22
SIM5
SIM1
SIM2
SIM3
SIM4
1
21
22
SIM5
SIM1
SIM2
SIM3
SIM4
1
21
22
SIM5
SIM1
SIM2
SIM3
SIM4
1
21
22
SIM5
SIM1
SIM2
SIM3
SIM4
1
21
22
SIM5
SIM1
SIM2
SIM3
SIM4
1
21
22
SIM5
SIM1
SIM2
SIM3
SIM4
1
21
22
SIM5
SIM1
SIM2
SIM3
SIM4
1
21
22
SIM5
SIM1
SIM2
SIM3
SIM4
1
21
22
SIM5
SIM1
SIM2
SIM3
SIM4
1
21
22
SIM5
SIM1
SIM2
SIM3
SIM4
1
21
22
SIM5
SIM1
SIM2
SIM3
SIM4
1
21
22
SIM5
SIM1
SIM2
SIM3
SIM4
1
21
22
SIM5
SIM1
SIM2
SIM3
SIM4
1
21
22
SIM5
SIM1
SIM2
SIM3
SIM4
1
21
22
SIM5
SIM1
SIM2
SIM3
SIM4
1
21
22
SIM5
SIM1
SIM2
SIM3
SIM4
1
21
22
SIM5
SIM1
SIM2
SIM3
SIM4
1
21
22
SIM5
SIM1
SIM2
SIM3
SIM4
1
21
22
SIM5
SIM1
SIM2
SIM3
SIM4
1
21
22
SIM5
SIM1
SIM2
SIM3
SIM4
1
21
22
SIM5
SIM1
SIM2
SIM3
SIM4
1
21
22
SIM5
SIM1
SIM2
SIM3
SIM4
1
21
22
SIM5
SIM1
SIM2
SIM3
SIM4
1
21
22
SIM5
SIM1
SIM2
SIM3
SIM4
1
21
22
SIM5
SIM1
SIM2
SIM3
SIM4
1
21
22
SIM5
SIM1
SIM2
SIM3
SIM4
1
21
22
SIM5
SIM1
SIM2
SIM3
SIM4
1
21
22
SIM5
SIM1
SIM2
SIM3
SIM4
1
21
22
SIM5
SIM1
SIM2
SIM3
SIM4
1
21
22
SIM5
SIM1
SIM2
SIM3
SIM4
1
21
22
SIM5
SIM1
SIM2
SIM3
SIM4
1
21
22
SIM5
SIM1
SIM2
SIM3
SIM4
1
21
22
SIM5
SIM1
SIM2
SIM3
SIM4
1
21
22
SIM5
SIM1
SIM2
SIM3
SIM4
1
21
22
SIM5
SIM1
SIM2
SIM3
SIM4
1
21
22
SIM5
SIM1
SIM2
SIM3
SIM4
1
21
22
SIM5
SIM1
SIM2
SIM3
SIM4
1
21
22
SIM5
SIM1
SIM2
SIM3
SIM4
1
21
22
SIM5
SIM1
SIM2
SIM3
SIM4
1
21
22
SIM5
SIM1
SIM2
SIM3
SIM4
1
21
22
SIM5
SIM1
SIM2
SIM3
SIM4
1
21
22
SIM5
SIM1
SIM2
SIM3
SIM4
1
21
22
SIM5
SIM1
SIM2
SIM3
SIM4
1
21
22
SIM5
SIM1
SIM2
SIM3
SIM4
1
21
22
SIM5
SIM1
SIM2
SIM3
SIM4
1
21
22
SIM5
SIM1
SIM2
SIM3
SIM4
1
21
22
SIM5
SIM1
SIM2
SIM3
SIM4
1
21
22
SIM5
SIM1
SIM2
SIM3
SIM4
1
21
22
SIM5
SIM1
SIM2
SIM3
SIM4
1
21
22
SIM5
SIM1
SIM2
SIM3
SIM4
1
21
22
SIM5
SIM1
SIM2
SIM3
SIM4
1
21
22
SIM5
SIM1
SIM2
SIM3
SIM4
1
21
22
SIM5
SIM1
SIM2
SIM3
SIM4
1
21
22
SIM5
SIM1
SIM2
SIM3
SIM4
1
21
22
SIM5
SIM1
SIM2
SIM3
SIM4
1
21
22
SIM5
SIM1
SIM2
SIM3
SIM4
1
21
22
SIM5
SIM1
SIM2
SIM3
SIM4
1
21
22
SIM5
SIM1
SIM2
SIM3
SIM4
1
21
22
SIM5
SIM1
SIM2
SIM3
SIM4
1
21
22
SIM5
SIM1
SIM2
SIM3
SIM4
1
21
22
SIM5
SIM1
SIM2
SIM3
SIM4
1
21
22
SIM5
SIM1
SIM2
SIM3
SIM4
1
21
22
SIM5
SIM1
SIM2
SIM3
SIM4
1
21
22
SIM5
SIM1
SIM2
SIM3
SIM4
1
21
22
SIM5
SIM1
SIM2
SIM3
SIM4
1
21
22
SIM5
SIM1
SIM2
SIM3
SIM4
1
21
22
SIM5
SIM1
SIM2
SIM3
SIM4
1
21
22
SIM5
SIM1
SIM2
SIM3
SIM4
1
21
22
SIM5
SIM1
SIM2
SIM3
SIM4
1
21
22
SIM5
SIM1
SIM2
DEBUG 1 543
SIM1
SIM2
SIM3
SIM4
1
21
22
SIM5
SIM1
SIM2
SIM3
SIM4
1
21
22
SIM5
SIM1
SIM2
SIM3
SIM4
1
21
22
SIM5
SIM1
SIM2
SIM3
SIM4
1
21
22
SIM5
SIM1
SIM2
SIM3
SIM4
1
21
22
SIM5
SIM1
SIM2
SIM3
SIM4
1
21
22
SIM5
SIM1
SIM2
SIM3
SIM4
1
21
22
SIM5
SIM1
SIM2
SIM3
SIM4
1
21
22
SIM5
SIM1
SIM2
SIM3
SIM4
1
21
22
SIM5
SIM1
SIM2
SIM3
SIM4
1
21
22
SIM5
SIM1
SIM2
SIM3
SIM4
1
21
22
SIM5
SIM1
SIM2
SIM3
SIM4
1
21
22
SIM5
SIM1
SIM2
SIM3
SIM4
1
21
22
SIM5
SIM1
SIM2
SIM3
SIM4
1
21
22
SIM5
SIM1
SIM2
SIM3
SIM4
1
21
22
SIM5
SIM1
SIM2
SIM3
SIM4
1
21
22
SIM5
SIM1
SIM2
SIM3
SIM4
1
21
22
SIM5
SIM1
SIM2
SIM3
SIM4
1
21
22
SIM5
SIM1
SIM2
SIM3
SIM4
1
21
22
SIM5
SIM1
SIM2
SIM3
SIM4
1
21
22
SIM5
SIM1
SIM2
SIM3
SIM4
1
21
22
SIM5
SIM1
SIM2
SIM3
SIM4
1
21
22
SIM5
SIM1
SIM2
SIM3
SIM4
1
21
22
SIM5
SIM1
SIM2
SIM3
SIM4
1
21
22
SIM5
SIM1
SIM2
SIM3
SIM4
1
21
22
SIM5
SIM1
SIM2
SIM3
SIM4
1
21
22
SIM5
SIM1
SIM2
SIM3
SIM4
1
21
22
SIM5
SIM1
SIM2
SIM3
SIM4
1
21
22
SIM5
SIM1
SIM2
SIM3
SIM4
1
21
22
SIM5
SIM1
SIM2
SIM3
SIM4
1
21
22
SIM5
SIM1
SIM2
SIM3
SIM4
1
21
22
SIM5
SIM1
SIM2
SIM3
SIM4
1
21
22
SIM5
SIM1
SIM2
SIM3
SIM4
1
21
22
SIM5
SIM1
SIM2
SIM3
SIM4
1
21
22
SIM5
SIM1
SIM2
SIM3
SIM4
1
21
22
SIM5
SIM1
SIM2
SIM3
SIM4
1
21
22
SIM5
SIM1
SIM2
SIM3
SIM4
1
21
22
SIM5
SIM1
SIM2
SIM3
SIM4
1
21
22
SIM5
SIM1
SIM2
SIM3
SIM4
1
21
22
SIM5
SIM1
SIM2
SIM3
SIM4
1
21
22
SIM5
SIM1
SIM2
SIM3
SIM4
1
21
22
SIM5
SIM1
SIM2
SIM3
SIM4
1
21
22
SIM5
SIM1
SIM2
SIM3
SIM4
1
21
22
SIM5
SIM1
SIM2
SIM3
SIM4
1
21
22
SIM5
SIM1
SIM2
SIM3
SIM4
1
21
22
SIM5
SIM1
SIM2
SIM3
SIM4
1
21
22
SIM5
SIM1
SIM2
SIM3
SIM4
1
21
22
SIM5
SIM1
SIM2
SIM3
SIM4
1
21
22
SIM5
SIM1
SIM2
SIM3
SIM4
1
21
22
SIM5
SIM1
SIM2
SIM3
SIM4
1
21
22
SIM5
SIM1
SIM2
SIM3
SIM4
1
21
22
SIM5
SIM1
SIM2
SIM3
SIM4
1
21
22
SIM5
SIM1
SIM2
SIM3
SIM4
1
21
22
SIM5
SIM1
SIM2
SIM3
SIM4
1
21
22
SIM5
SIM1
SIM2
SIM3
SIM4
1
21
22
SIM5
SIM1
SIM2
SIM3
SIM4
1
21
22
SIM5
SIM1
SIM2
SIM3
SIM4
1
21
22
SIM5
SIM1
SIM2
SIM3
SIM4
1
21
22
SIM5
SIM1
SIM2
SIM3
SIM4
1
21
22
SIM5
SIM1
SIM2
SIM3
SIM4
1
21
22
SIM5
SIM1
SIM2
SIM3
SIM4
1
21
22
SIM5
SIM1
SIM2
SIM3
SIM4
1
21
22
SIM5
SIM1
SIM2
SIM3
SIM4
1
21
22
SIM5
SIM1
SIM2
SIM3
SIM4
1
21
22
SIM5
SIM1
SIM2
SIM3
SIM4
1
21
22
SIM5
SIM1
SIM2
SIM3
SIM4
1
21
22
SIM5
SIM1
SIM2
SIM3
SIM4
1
21
22
SIM5
SIM1
SIM2
SIM3
SIM4
1
21
22
SIM5
SIM1
SIM2
SIM3
SIM4
1
21
22
SIM5
SIM1
SIM2
SIM3
SIM4
1
21
22
SIM5
SIM1
SIM2
SIM3
SIM4
1
21
22
SIM5
SIM1
SIM2
SIM3
SIM4
1
21
22
SIM5
SIM1
SIM2
SIM3
SIM4
1
21
22
SIM5
SIM1
SIM2
SIM3
SIM4
1
21
22
SIM5
SIM1
SIM2
SIM3
SIM4
1
21
22
SIM5
SIM1
SIM2
SIM3
SIM4
1
21
22
SIM5
SIM1
SIM2
SIM3
SIM4
1
21
22
SIM5
SIM1
SIM2
SIM3
SIM4
1
21
22
SIM5
SIM1
SIM2
SIM3
SIM4
1
21
22
SIM5
SIM1
SIM2
SIM3
SIM4
1
21
22
SIM5
SIM1
SIM2
SIM3
SIM4
1
21
22
SIM5
SIM1
SIM2
SIM3
SIM4
1
21
22
SIM5
SIM1
SIM2
SIM3
SIM4
1
21
22
SIM5
SIM1
SIM2
SIM3
SIM4
1
21
22
SIM5
SIM1
SIM2
SIM3
SIM4
1
21
22
SIM5
SIM1
SIM2
SIM3
SIM4
1
21
22
SIM5
SIM1
SIM2
SIM3
SIM4
1
21
22
SIM5
SIM1
SIM2
SIM3
SIM4
1
21
22
SIM5
SIM1
SIM2
SIM3
SIM4
1
21
22
SIM5
SIM1
SIM2
SIM3
SIM4
1
21
22
SIM5
SIM1
SIM2
SIM3
SIM4
1
21
22
SIM5
SIM1
SIM2
SIM3
SIM4
1
21
22
SIM5
SIM1
SIM2
SIM3
SIM4
1
21
22
SIM5
SIM1
SIM2
SIM3
SIM4
1
21
22
SIM5
SIM1
SIM2
SIM3
SIM4
1
21
22
SIM5
SIM1
SIM2
SIM3
SIM4
1
21
22
SIM5
SIM1
SIM2
SIM3
SIM4
1
21
22
SIM5
SIM1
SIM2
SIM3
SIM4
1
21
22
SIM5
SIM1
SIM2
SIM3
SIM4
1
21
22
SIM5
SIM1
SIM2
SIM3
SIM4
1
21
22
SIM5
SIM1
SIM2
SIM3
SIM4
1
21
22
SIM5
SIM1
SIM2
SIM3
SIM4
1
21
22
SIM5
SIM1
SIM2
SIM3
SIM4
1
21
22
SIM5
SIM1
SIM2
SIM3
SIM4
1
21
22
SIM5
SIM1
SIM2
SIM3
SIM4
1
21
22
SIM5
SIM1
SIM2
SIM3
SIM4
1
21
22
SIM5
SIM1
SIM2
SIM3
SIM4
1
21
22
SIM5
SIM1
SIM2
SIM3
SIM4
1
21
22
SIM5
SIM1
SIM2
SIM3
SIM4
1
21
22
SIM5
SIM1
SIM2
SIM3
SIM4
1
21
22
SIM5
SIM1
SIM2
SIM3
SIM4
1
21
22
SIM5
SIM1
SIM2
SIM3
SIM4
1
21
22
SIM5
SIM1
SIM2
SIM3
SIM4
1
21
22
SIM5
SIM1
SIM2
SIM3
SIM4
1
21
22
SIM5
SIM1
SIM2
SIM3
SIM4
1
21
22
SIM5
SIM1
SIM2
SIM3
SIM4
1
21
22
SIM5
SIM1
SIM2
SIM3
SIM4
1
21
22
SIM5
SIM1
SIM2
SIM3
SIM4
1
21
22
SIM5
SIM1
SIM2
SIM3
SIM4
1
21
22
SIM5
SIM1
SIM2
SIM3
SIM4
1
21
22
SIM5
SIM1
SIM2
SIM3
SIM4
1
21
22
SIM5
SIM1
SIM2
SIM3
SIM4
1
21
22
SIM5
SIM1
SIM2
SIM3
SIM4
1
21
22
SIM5
SIM1
SIM2
SIM3
SIM4
1
21
22
SIM5
SIM1
SIM2
SIM3
SIM4
1
21
22
SIM5
SIM1
SIM2
SIM3
SIM4
1
21
22
SIM5
SIM1
SIM2
SIM3
SIM4
1
21
22
SIM5
SIM1
SIM2
SIM3
SIM4
1
21
22
SIM5
SIM1
SIM2
SIM3
SIM4
1
21
22
SIM5
SIM1
SIM2
DEBUG 1 544
SIM1
SIM2
SIM3
SIM4
1
21
22
SIM5
SIM1
SIM2
SIM3
SIM4
1
21
22
SIM5
SIM1
SIM2
SIM3
SIM4
1
21
22
SIM5
SIM1
SIM2
SIM3
SIM4
1
21
22
SIM5
SIM1
SIM2
SIM3
SIM4
1
21
22
SIM5
SIM1
SIM2
SIM3
SIM4
1
21
22
SIM5
SIM1
SIM2
SIM3
SIM4
1
21
22
SIM5
SIM1
SIM2
SIM3
SIM4
1
21
22
SIM5
SIM1
SIM2
SIM3
SIM4
1
21
22
SIM5
SIM1
SIM2
SIM3
SIM4
1
21
22
SIM5
SIM1
SIM2
SIM3
SIM4
1
21
22
SIM5
SIM1
SIM2
SIM3
SIM4
1
21
22
SIM5
SIM1
SIM2
SIM3
SIM4
1
21
22
SIM5
SIM1
SIM2
SIM3
SIM4
1
21
22
SIM5
SIM1
SIM2
SIM3
SIM4
1
21
22
SIM5
SIM1
SIM2
SIM3
SIM4
1
21
22
SIM5
SIM1
SIM2
SIM3
SIM4
1
21
22
SIM5
SIM1
SIM2
SIM3
SIM4
1
21
22
SIM5
SIM1
SIM2
SIM3
SIM4
1
21
22
SIM5
SIM1
SIM2
SIM3
SIM4
1
21
22
SIM5
SIM1
SIM2
SIM3
SIM4
1
21
22
SIM5
SIM1
SIM2
SIM3
SIM4
1
21
22
SIM5
SIM1
SIM2
SIM3
SIM4
1
21
22
SIM5
SIM1
SIM2
SIM3
SIM4
1
21
22
SIM5
SIM1
SIM2
SIM3
SIM4
1
21
22
SIM5
SIM1
SIM2
SIM3
SIM4
1
21
22
SIM5
SIM1
SIM2
SIM3
SIM4
1
21
22
SIM5
SIM1
SIM2
SIM3
SIM4
1
21
22
SIM5
SIM1
SIM2
SIM3
SIM4
1
21
22
SIM5
SIM1
SIM2
SIM3
SIM4
1
21
22
SIM5
SIM1
SIM2
SIM3
SIM4
1
21
22
SIM5
SIM1
SIM2
SIM3
SIM4
1
21
22
SIM5
SIM1
SIM2
SIM3
SIM4
1
21
22
SIM5
SIM1
SIM2
SIM3
SIM4
1
21
22
SIM5
SIM1
SIM2
SIM3
SIM4
1
21
22
SIM5
SIM1
SIM2
SIM3
SIM4
1
21
22
SIM5
SIM1
SIM2
SIM3
SIM4
1
21
22
SIM5
SIM1
SIM2
SIM3
SIM4
1
21
22
SIM5
SIM1
SIM2
SIM3
SIM4
1
21
22
SIM5
SIM1
SIM2
SIM3
SIM4
1
21
22
SIM5
SIM1
SIM2
SIM3
SIM4
1
21
22
SIM5
SIM1
SIM2
SIM3
SIM4
1
21
22
SIM5
SIM1
SIM2
SIM3
SIM4
1
21
22
SIM5
SIM1
SIM2
SIM3
SIM4
1
21
22
SIM5
SIM1
SIM2
SIM3
SIM4
1
21
22
SIM5
SIM1
SIM2
SIM3
SIM4
1
21
22
SIM5
SIM1
SIM2
SIM3
SIM4
1
21
22
SIM5
SIM1
SIM2
SIM3
SIM4
1
21
22
SIM5
SIM1
SIM2
SIM3
SIM4
1
21
22
SIM5
SIM1
SIM2
SIM3
SIM4
1
21
22
SIM5
SIM1
SIM2
SIM3
SIM4
1
21
22
SIM5
SIM1
SIM2
SIM3
SIM4
1
21
22
SIM5
SIM1
SIM2
SIM3
SIM4
1
21
22
SIM5
SIM1
SIM2
SIM3
SIM4
1
21
22
SIM5
SIM1
SIM2
SIM3
SIM4
1
21
22
SIM5
SIM1
SIM2
SIM3
SIM4
1
21
22
SIM5
SIM1
SIM2
SIM3
SIM4
1
21
22
SIM5
SIM1
SIM2
SIM3
SIM4
1
21
22
SIM5
SIM1
SIM2
SIM3
SIM4
1
21
22
SIM5
SIM1
SIM2
SIM3
SIM4
1
21
22
SIM5
SIM1
SIM2
SIM3
SIM4
1
21
22
SIM5
SIM1
SIM2
SIM3
SIM4
1
21
22
SIM5
SIM1
SIM2
SIM3
SIM4
1
21
22
SIM5
SIM1
SIM2
SIM3
SIM4
1
21
22
SIM5
SIM1
SIM2
SIM3
SIM4
1
21
22
SIM5
SIM1
SIM2
SIM3
SIM4
1
21
22
SIM5
SIM1
SIM2
SIM3
SIM4
1
21
22
SIM5
SIM1
SIM2
SIM3
SIM4
1
21
22
SIM5
SIM1
SIM2
SIM3
SIM4
1
21
22
SIM5
SIM1
SIM2
SIM3
SIM4
1
21
22
SIM5
SIM1
SIM2
SIM3
SIM4
1
21
22
SIM5
SIM1
SIM2
SIM3
SIM4
1
21
22
SIM5
SIM1
SIM2
SIM3
SIM4
1
21
22
SIM5
SIM1
SIM2
SIM3
SIM4
1
21
22
SIM5
SIM1
SIM2
SIM3
SIM4
1
21
22
SIM5
SIM1
SIM2
SIM3
SIM4
1
21
22
SIM5
SIM1
SIM2
SIM3
SIM4
1
21
22
SIM5
SIM1
SIM2
SIM3
SIM4
1
21
22
SIM5
SIM1
SIM2
SIM3
SIM4
1
21
22
SIM5
SIM1
SIM2
SIM3
SIM4
1
21
22
SIM5
SIM1
SIM2
SIM3
SIM4
1
21
22
SIM5
SIM1
SIM2
SIM3
SIM4
1
21
22
SIM5
SIM1
SIM2
SIM3
SIM4
1
21
22
SIM5
SIM1
SIM2
SIM3
SIM4
1
21
22
SIM5
SIM1
SIM2
SIM3
SIM4
1
21
22
SIM5
SIM1
SIM2
SIM3
SIM4
1
21
22
SIM5
SIM1
SIM2
SIM3
SIM4
1
21
22
SIM5
SIM1
SIM2
SIM3
SIM4
1
21
22
SIM5
SIM1
SIM2
SIM3
SIM4
1
21
22
SIM5
SIM1
SIM2
SIM3
SIM4
1
21
22
SIM5
SIM1
SIM2
SIM3
SIM4
1
21
22
SIM5
SIM1
SIM2
SIM3
SIM4
1
21
22
SIM5
SIM1
SIM2
SIM3
SIM4
1
21
22
SIM5
SIM1
SIM2
SIM3
SIM4
1
21
22
SIM5
SIM1
SIM2
SIM3
SIM4
1
21
22
SIM5
SIM1
SIM2
SIM3
SIM4
1
21
22
SIM5
SIM1
SIM2
SIM3
SIM4
1
21
22
SIM5
SIM1
SIM2
SIM3
SIM4
1
21
22
SIM5
SIM1
SIM2
SIM3
SIM4
1
21
22
SIM5
SIM1
SIM2
SIM3
SIM4
1
21
22
SIM5
SIM1
SIM2
SIM3
SIM4
1
21
22
SIM5
SIM1
SIM2
SIM3
SIM4
1
21
22
SIM5
SIM1
SIM2
SIM3
SIM4
1
21
22
SIM5
SIM1
SIM2
SIM3
SIM4
1
21
22
SIM5
SIM1
SIM2
SIM3
SIM4
1
21
22
SIM5
SIM1
SIM2
SIM3
SIM4
1
21
22
SIM5
SIM1
SIM2
SIM3
SIM4
1
21
22
SIM5
SIM1
SIM2
SIM3
SIM4
1
21
22
SIM5
SIM1
SIM2
SIM3
SIM4
1
21
22
SIM5
SIM1
SIM2
SIM3
SIM4
1
21
22
SIM5
SIM1
SIM2
SIM3
SIM4
1
21
22
SIM5
SIM1
SIM2
SIM3
SIM4
1
21
22
SIM5
SIM1
SIM2
SIM3
SIM4
1
21
22
SIM5
SIM1
SIM2
SIM3
SIM4
1
21
22
SIM5
SIM1
SIM2
SIM3
SIM4
1
21
22
SIM5
SIM1
SIM2
SIM3
SIM4
1
21
22
SIM5
SIM1
SIM2
SIM3
SIM4
1
21
22
SIM5
SIM1
SIM2
SIM3
SIM4
1
21
22
SIM5
SIM1
SIM2
SIM3
SIM4
1
21
22
SIM5
SIM1
SIM2
SIM3
SIM4
1
21
22
SIM5
SIM1
SIM2
SIM3
SIM4
1
21
22
SIM5
SIM1
SIM2
SIM3
SIM4
1
21
22
SIM5
SIM1
SIM2
SIM3
SIM4
1
21
22
SIM5
SIM1
SIM2
SIM3
SIM4
1
21
22
SIM5
SIM1
SIM2
SIM3
SIM4
1
21
22
SIM5
SIM1
SIM2
SIM3
SIM4
1
21
22
SIM5
SIM1
SIM2
SIM3
SIM4
1
21
22
SIM5
SIM1
SIM2
SIM3
SIM4
1
21
22
SIM5
SIM1
SIM2
SIM3
SIM4
1
21
22
SIM5
SIM1
SIM2
SIM3
SIM4
1
21
22
SIM5
SIM1
SIM2
SIM3
SIM4
1
21
22
SIM5
SIM1
SIM2
SIM3
SIM4
1
21
22
SIM5
SIM1
SIM2
SIM3
SIM4
1
21
22
SIM5
SIM1
SIM2
SIM3
SIM4
1
21
22
SIM5
SIM1
SIM2
SIM3
SIM4
1
21
22
SIM5
SIM1
SIM2
SIM3
SIM4
1
21
22
SIM5
SIM1
SIM2
SIM3
SIM4
1
21
22
SIM5
SIM1
SIM2
SIM3
SIM4
1
21
22
SIM5
SIM1
SIM2
SIM3
SIM4
1
21
22
SIM5
SIM1
SIM2
SIM3
SIM4
1
21
22
SIM5
SIM1
SIM2
SIM3
SIM4
1
21
22
SIM5
SIM1
SIM2
DEBUG 1 545
SIM1
SIM2
SIM3
SIM4
1
21
22
SIM5
SIM1
SIM2
SIM3
SIM4
1
21
22
SIM5
SIM1
SIM2
SIM3
SIM4
1
21
22
SIM5
SIM1
SIM2
SIM3
SIM4
1
21
22
SIM5
SIM1
SIM2
SIM3
SIM4
1
21
22
SIM5
SIM1
SIM2
SIM3
SIM4
1
21
22
SIM5
SIM1
SIM2
SIM3
SIM4
1
21
22
SIM5
SIM1
SIM2
SIM3
SIM4
1
21
22
SIM5
SIM1
SIM2
SIM3
SIM4
1
21
22
SIM5
SIM1
SIM2
SIM3
SIM4
1
21
22
SIM5
SIM1
SIM2
SIM3
SIM4
1
21
22
SIM5
SIM1
SIM2
SIM3
SIM4
1
21
22
SIM5
SIM1
SIM2
SIM3
SIM4
1
21
22
SIM5
SIM1
SIM2
SIM3
SIM4
1
21
22
SIM5
SIM1
SIM2
SIM3
SIM4
1
21
22
SIM5
SIM1
SIM2
SIM3
SIM4
1
21
22
SIM5
SIM1
SIM2
SIM3
SIM4
1
21
22
SIM5
SIM1
SIM2
SIM3
SIM4
1
21
22
SIM5
SIM1
SIM2
SIM3
SIM4
1
21
22
SIM5
SIM1
SIM2
SIM3
SIM4
1
21
22
SIM5
SIM1
SIM2
SIM3
SIM4
1
21
22
SIM5
SIM1
SIM2
SIM3
SIM4
1
21
22
SIM5
SIM1
SIM2
SIM3
SIM4
1
21
22
SIM5
SIM1
SIM2
SIM3
SIM4
1
21
22
SIM5
SIM1
SIM2
SIM3
SIM4
1
21
22
SIM5
SIM1
SIM2
SIM3
SIM4
1
21
22
SIM5
SIM1
SIM2
SIM3
SIM4
1
21
22
SIM5
SIM1
SIM2
SIM3
SIM4
1
21
22
SIM5
SIM1
SIM2
SIM3
SIM4
1
21
22
SIM5
SIM1
SIM2
SIM3
SIM4
1
21
22
SIM5
SIM1
SIM2
SIM3
SIM4
1
21
22
SIM5
SIM1
SIM2
SIM3
SIM4
1
21
22
SIM5
SIM1
SIM2
SIM3
SIM4
1
21
22
SIM5
SIM1
SIM2
SIM3
SIM4
1
21
22
SIM5
SIM1
SIM2
SIM3
SIM4
1
21
22
SIM5
SIM1
SIM2
SIM3
SIM4
1
21
22
SIM5
SIM1
SIM2
SIM3
SIM4
1
21
22
SIM5
SIM1
SIM2
SIM3
SIM4
1
21
22
SIM5
SIM1
SIM2
SIM3
SIM4
1
21
22
SIM5
SIM1
SIM2
SIM3
SIM4
1
21
22
SIM5
SIM1
SIM2
SIM3
SIM4
1
21
22
SIM5
SIM1
SIM2
SIM3
SIM4
1
21
22
SIM5
SIM1
SIM2
SIM3
SIM4
1
21
22
SIM5
SIM1
SIM2
SIM3
SIM4
1
21
22
SIM5
SIM1
SIM2
SIM3
SIM4
1
21
22
SIM5
SIM1
SIM2
SIM3
SIM4
1
21
22
SIM5
SIM1
SIM2
SIM3
SIM4
1
21
22
SIM5
SIM1
SIM2
SIM3
SIM4
1
21
22
SIM5
SIM1
SIM2
SIM3
SIM4
1
21
22
SIM5
SIM1
SIM2
SIM3
SIM4
1
21
22
SIM5
SIM1
SIM2
SIM3
SIM4
1
21
22
SIM5
SIM1
SIM2
SIM3
SIM4
1
21
22
SIM5
SIM1
SIM2
SIM3
SIM4
1
21
22
SIM5
SIM1
SIM2
SIM3
SIM4
1
21
22
SIM5
SIM1
SIM2
SIM3
SIM4
1
21
22
SIM5
SIM1
SIM2
SIM3
SIM4
1
21
22
SIM5
SIM1
SIM2
SIM3
SIM4
1
21
22
SIM5
SIM1
SIM2
SIM3
SIM4
1
21
22
SIM5
SIM1
SIM2
SIM3
SIM4
1
21
22
SIM5
SIM1
SIM2
SIM3
SIM4
1
21
22
SIM5
SIM1
SIM2
SIM3
SIM4
1
21
22
SIM5
SIM1
SIM2
SIM3
SIM4
1
21
22
SIM5
SIM1
SIM2
SIM3
SIM4
1
21
22
SIM5
SIM1
SIM2
SIM3
SIM4
1
21
22
SIM5
SIM1
SIM2
SIM3
SIM4
1
21
22
SIM5
SIM1
SIM2
SIM3
SIM4
1
21
22
SIM5
SIM1
SIM2
SIM3
SIM4
1
21
22
SIM5
SIM1
SIM2
SIM3
SIM4
1
21
22
SIM5
SIM1
SIM2
SIM3
SIM4
1
21
22
SIM5
SIM1
SIM2
SIM3
SIM4
1
21
22
SIM5
SIM1
SIM2
SIM3
SIM4
1
21
22
SIM5
SIM1
SIM2
SIM3
SIM4
1
21
22
SIM5
SIM1
SIM2
SIM3
SIM4
1
21
22
SIM5
SIM1
SIM2
SIM3
SIM4
1
21
22
SIM5
SIM1
SIM2
SIM3
SIM4
1
21
22
SIM5
SIM1
SIM2
SIM3
SIM4
1
21
22
SIM5
SIM1
SIM2
SIM3
SIM4
1
21
22
SIM5
SIM1
SIM2
SIM3
SIM4
1
21
22
SIM5
SIM1
SIM2
SIM3
SIM4
1
21
22
SIM5
SIM1
SIM2
SIM3
SIM4
1
21
22
SIM5
SIM1
SIM2
SIM3
SIM4
1
21
22
SIM5
SIM1
SIM2
SIM3
SIM4
1
21
22
SIM5
SIM1
SIM2
SIM3
SIM4
1
21
22
SIM5
SIM1
SIM2
SIM3
SIM4
1
21
22
SIM5
SIM1
SIM2
SIM3
SIM4
1
21
22
SIM5
SIM1
SIM2
SIM3
SIM4
1
21
22
SIM5
SIM1
SIM2
SIM3
SIM4
1
21
22
SIM5
SIM1
SIM2
SIM3
SIM4
1
21
22
SIM5
SIM1
SIM2
SIM3
SIM4
1
21
22
SIM5
SIM1
SIM2
SIM3
SIM4
1
21
22
SIM5
SIM1
SIM2
SIM3
SIM4
1
21
22
SIM5
SIM1
SIM2
SIM3
SIM4
1
21
22
SIM5
SIM1
SIM2
SIM3
SIM4
1
21
22
SIM5
SIM1
SIM2
SIM3
SIM4
1
21
22
SIM5
SIM1
SIM2
SIM3
SIM4
1
21
22
SIM5
SIM1
SIM2
SIM3
SIM4
1
21
22
SIM5
SIM1
SIM2
SIM3
SIM4
1
21
22
SIM5
SIM1
SIM2
SIM3
SIM4
1
21
22
SIM5
SIM1
SIM2
SIM3
SIM4
1
21
22
SIM5
SIM1
SIM2
SIM3
SIM4
1
21
22
SIM5
SIM1
SIM2
SIM3
SIM4
1
21
22
SIM5
SIM1
SIM2
SIM3
SIM4
1
21
22
SIM5
SIM1
SIM2
SIM3
SIM4
1
21
22
SIM5
SIM1
SIM2
SIM3
SIM4
1
21
22
SIM5
SIM1
SIM2
SIM3
SIM4
1
21
22
SIM5
SIM1
SIM2
SIM3
SIM4
1
21
22
SIM5
SIM1
SIM2
SIM3
SIM4
1
21
22
SIM5
SIM1
SIM2
SIM3
SIM4
1
21
22
SIM5
SIM1
SIM2
SIM3
SIM4
1
21
22
SIM5
SIM1
SIM2
SIM3
SIM4
1
21
22
SIM5
SIM1
SIM2
SIM3
SIM4
1
21
22
SIM5
SIM1
SIM2
SIM3
SIM4
1
21
22
SIM5
SIM1
SIM2
SIM3
SIM4
1
21
22
SIM5
SIM1
SIM2
SIM3
SIM4
1
21
22
SIM5
SIM1
SIM2
SIM3
SIM4
1
21
22
SIM5
SIM1
SIM2
SIM3
SIM4
1
21
22
SIM5
SIM1
SIM2
SIM3
SIM4
1
21
22
SIM5
SIM1
SIM2
SIM3
SIM4
1
21
22
SIM5
SIM1
SIM2
SIM3
SIM4
1
21
22
SIM5
SIM1
SIM2
SIM3
SIM4
1
21
22
SIM5
SIM1
SIM2
SIM3
SIM4
1
21
22
SIM5
SIM1
SIM2
SIM3
SIM4
1
21
22
SIM5
SIM1
SIM2
SIM3
SIM4
1
21
22
SIM5
SIM1
SIM2
SIM3
SIM4
1
21
22
SIM5
SIM1
SIM2
SIM3
SIM4
1
21
22
SIM5
SIM1
SIM2
SIM3
SIM4
1
21
22
SIM5
SIM1
SIM2
SIM3
SIM4
1
21
22
SIM5
SIM1
SIM2
SIM3
SIM4
1
21
22
SIM5
SIM1
SIM2
SIM3
SIM4
1
21
22
SIM5
SIM1
SIM2
SIM3
SIM4
1
21
22
SIM5
SIM1
SIM2
SIM3
SIM4
1
21
22
SIM5
SIM1
SIM2
SIM3
SIM4
1
21
22
SIM5
SIM1
SIM2
SIM3
SIM4
1
21
22
SIM5
SIM1
SIM2
SIM3
SIM4
1
21
22
SIM5
SIM1
SIM2
SIM3
SIM4
1
21
22
SIM5
SIM1
SIM2
SIM3
SIM4
1
21
22
SIM5
SIM1
SIM2
SIM3
SIM4
1
21
22
SIM5
SIM1
SIM2
SIM3
SIM4
1
21
22
SIM5
SIM1
SIM2
SIM3
SIM4
1
21
22
SIM5
SIM1
SIM2
SIM3
SIM4
1
21
22
SIM5
SIM1
SIM2
SIM3
SIM4
1
21
22
SIM5
SIM1
SIM2
SIM3
SIM4
1
21
22
SIM5
SIM1
SIM2
SIM3
SIM4
1
21
22
SIM5
SIM1
SIM2
SIM3
SIM4
1
21
22
SIM5
SIM1
SIM2
SIM3
SIM4
1
21
22
SIM5
SIM1
SIM2
SIM3
SIM4
1
21
22
SIM5
SIM1
SIM2
SIM3
SIM4
1
21
22
SIM5
SIM1
SIM2
SIM3
SIM4
1
21
22
SIM5
SIM1
SIM2
SIM3
SIM4
1
21
22
SIM5
SIM1
SIM2
SIM3
SIM4
1
21
22
SIM5
SIM1
SIM2
SIM3
SIM4
1
21
22
SIM5
SIM1
SIM2
SIM3
SIM4
1
21
22
SIM5
SIM1
SIM2
SIM3
SIM4
1
21
22
SIM5
SIM1
SIM2
SIM3
SIM4
1
21
22
SIM5
SIM1
SIM2
SIM3
SIM4
1
21
22
SIM5
SIM1
SIM2
SIM3
SIM4
1
21
22
SIM5
SIM1
SIM2
SIM3
SIM4
1
21
22
SIM5
SIM1
SIM2
SIM3
SIM4
1
21
22
SIM5
SIM1
SIM2
SIM3
SIM4
1
21
22
SIM5
SIM1
SIM2
SIM3
SIM4
1
21
22
SIM5
SIM1
SIM2
SIM3
SIM4
1
21
22
SIM5
SIM1
SIM2
SIM3
SIM4
1
21
22
SIM5
SIM1
SIM2
SIM3
SIM4
1
21
22
SIM5
SIM1
SIM2
SIM3
SIM4
1
21
22
SIM5
SIM1
SIM2
SIM3
SIM4
1
21
22
SIM5
SIM1
SIM2
SIM3
SIM4
1
21
22
SIM5
SIM1
SIM2
SIM3
SIM4
1
21
22
SIM5
SIM1
SIM2
SIM3
SIM4
1
21
22
SIM5
SIM1
SIM2
SIM3
SIM4
1
21
22
SIM5
SIM1
SIM2
SIM3
SIM4
1
21
22
SIM5
SIM1
SIM2
SIM3
SIM4
1
21
22
SIM5
SIM1
SIM2
SIM3
SIM4
1
21
22
SIM5
SIM1
SIM2
SIM3
SIM4
1
21
22
SIM5
SIM1
SIM2
SIM3
SIM4
1
21
22
SIM5
SIM1
SIM2
SIM3
SIM4
1
21
22
SIM5
SIM1
SIM2
SIM3
SIM4
1
21
22
SIM5
SIM1
SIM2
SIM3
SIM4
1
21
22
SIM5
SIM1
SIM2
SIM3
SIM4
1
21
22
SIM5
SIM1
SIM2
SIM3
SIM4
1
21
22
SIM5
SIM1
SIM2
SIM3
SIM4
1
21
22
SIM5
SIM1
SIM2
SIM3
SIM4
1
21
22
SIM5
SIM1
SIM2
SIM3
SIM4
1
21
22
SIM5
SIM1
SIM2
SIM3
SIM4
1
21
22
SIM5
SIM1
SIM2
SIM3
SIM4
1
21
22
SIM5
SIM1
SIM2
SIM3
SIM4
1
21
22
SIM5
SIM1
SIM2
SIM3
SIM4
1
21
22
SIM5
SIM1
SIM2
SIM3
SIM4
1
21
22
SIM5
SIM1
SIM2
SIM3
SIM4
1
21
22
SIM5
SIM1
SIM2
SIM3
SIM4
1
21
22
SIM5
SIM1
SIM2
SIM3
SIM4
1
21
22
SIM5
SIM1
SIM2
SIM3
SIM4
1
21
22
SIM5
SIM1
SIM2
SIM3
SIM4
1
21
22
SIM5
SIM1
SIM2
SIM3
SIM4
1
21
22
SIM5
SIM1
SIM2
SIM3
SIM4
1
21
22
SIM5
SIM1
SIM2
SIM3
SIM4
1
21
22
SIM5
SIM1
SIM2
SIM3
SIM4
1
21
22
SIM5
SIM1
SIM2
SIM3
SIM4
1
21
22
SIM5
SIM1
SIM2
SIM3
SIM4
1
21
22
SIM5
SIM1
SIM2
SIM3
SIM4
1
21
22
SIM5
SIM1
SIM2
SIM3
SIM4
1
21
22
SIM5
SIM1
SIM2
SIM3
SIM4
1
21
22
SIM5
SIM1
SIM2
SIM3
SIM4
1
21
22
SIM5
SIM1
SIM2
SIM3
SIM4
1
21
22
SIM5
SIM1
SIM2
SIM3
SIM4
1
21
22
SIM5
SIM1
SIM2
SIM3
SIM4
1
21
22
SIM5
SIM1
SIM2
SIM3
SIM4
1
21
22
SIM5
SIM1
SIM2
SIM3
SIM4
1
21
22
SIM5
SIM1
SIM2
SIM3
SIM4
1
21
22
SIM5
SIM1
SIM2
SIM3
SIM4
1
21
22
SIM5
SIM1
SIM2
SIM3
SIM4
1
21
22
SIM5
SIM1
SIM2
SIM3
SIM4
1
21
22
SIM5
SIM1
SIM2
SIM3
SIM4
1
21
22
SIM5
SIM1
SIM2
SIM3
SIM4
1
21
22
SIM5
SIM1
SIM2
SIM3
SIM4
1
21
22
SIM5
SIM1
SIM2
SIM3
SIM4
1
21
22
SIM5
SIM1
SIM2
SIM3
SIM4
1
21
22
SIM5
SIM1
SIM2
SIM3
SIM4
1
21
22
SIM5
SIM1
SIM2
SIM3
SIM4
1
21
22
SIM5
SIM1
SIM2
SIM3
SIM4
1
21
22
SIM5
SIM1
SIM2
SIM3
SIM4
1
21
22
SIM5
SIM1
SIM2
SIM3
SIM4
1
21
22
SIM5
SIM1
SIM2
SIM3
SIM4
1
21
22
SIM5
SIM1
SIM2
SIM3
SIM4
1
21
22
SIM5
SIM1
SIM2
SIM3
SIM4
1
21
22
SIM5
SIM1
SIM2
SIM3
SIM4
1
21
22
SIM5
SIM1
SIM2
SIM3
SIM4
1
21
22
SIM5
SIM1
SIM2
SIM3
SIM4
1
21
22
SIM5
SIM1
SIM2
SIM3
SIM4
1
21
22
SIM5
SIM1
SIM2
SIM3
SIM4
1
21
22
SIM5
SIM1
SIM2
SIM3
SIM4
1
21
22
SIM5
SIM1
SIM2
SIM3
SIM4
1
21
22
SIM5
SIM1
SIM2
SIM3
SIM4
1
21
22
SIM5
SIM1
SIM2
SIM3
SIM4
1
21
22
SIM5
SIM1
SIM2
SIM3
SIM4
1
21
22
SIM5
SIM1
SIM2
SIM3
SIM4
1
21
22
SIM5
SIM1
SIM2
SIM3
SIM4
1
21
22
SIM5
SIM1
SIM2
SIM3
SIM4
1
21
22
SIM5
SIM1
SIM2
SIM3
SIM4
1
21
22
SIM5
SIM1
SIM2
SIM3
SIM4
1
21
22
SIM5
SIM1
SIM2
SIM3
SIM4
1
21
22
SIM5
SIM1
SIM2
SIM3
SIM4
1
21
22
SIM5
SIM1
SIM2
SIM3
SIM4
1
21
22
SIM5
SIM1
SIM2
SIM3
SIM4
1
21
22
SIM5
SIM1
SIM2
SIM3
SIM4
1
21
22
SIM5
SIM1
SIM2
SIM3
SIM4
1
21
22
SIM5
SIM1
SIM2
SIM3
SIM4
1
21
22
SIM5
SIM1
SIM2
SIM3
SIM4
1
21
22
SIM5
SIM1
SIM2
SIM3
SIM4
1
21
22
SIM5
SIM1
SIM2
SIM3
SIM4
1
21
22
SIM5
SIM1
SIM2
SIM3
SIM4
1
21
22
SIM5
SIM1
SIM2
SIM3
SIM4
1
21
22
SIM5
SIM1
SIM2
SIM3
SIM4
1
21
22
SIM5
SIM1
SIM2
SIM3
SIM4
1
21
22
SIM5
SIM1
SIM2
SIM3
SIM4
1
21
22
SIM5
SIM1
SIM2
SIM3
SIM4
1
21
22
SIM5
SIM1
SIM2
SIM3
SIM4
1
21
22
SIM5
SIM1
SIM2
SIM3
SIM4
1
21
22
SIM5
SIM1
SIM2
DEBUG 1 546
SIM1
SIM2
SIM3
SIM4
1
21
22
SIM5
SIM1
SIM2
SIM3
SIM4
1
21
22
SIM5
SIM1
SIM2
SIM3
SIM4
1
21
22
SIM5
SIM1
SIM2
SIM3
SIM4
1
21
22
SIM5
SIM1
SIM2
SIM3
SIM4
1
21
22
SIM5
SIM1
SIM2
SIM3
SIM4
1
21
22
SIM5
SIM1
SIM2
SIM3
SIM4
1
21
22
SIM5
SIM1
SIM2
SIM3
SIM4
1
21
22
SIM5
SIM1
SIM2
SIM3
SIM4
1
21
22
SIM5
SIM1
SIM2
SIM3
SIM4
1
21
22
SIM5
SIM1
SIM2
SIM3
SIM4
1
21
22
SIM5
SIM1
SIM2
SIM3
SIM4
1
21
22
SIM5
SIM1
SIM2
SIM3
SIM4
1
21
22
SIM5
SIM1
SIM2
SIM3
SIM4
1
21
22
SIM5
SIM1
SIM2
SIM3
SIM4
1
21
22
SIM5
SIM1
SIM2
SIM3
SIM4
1
21
22
SIM5
SIM1
SIM2
SIM3
SIM4
1
21
22
SIM5
SIM1
SIM2
SIM3
SIM4
1
21
22
SIM5
SIM1
SIM2
SIM3
SIM4
1
21
22
SIM5
SIM1
SIM2
SIM3
SIM4
1
21
22
SIM5
SIM1
SIM2
SIM3
SIM4
1
21
22
SIM5
SIM1
SIM2
SIM3
SIM4
1
21
22
SIM5
SIM1
SIM2
SIM3
SIM4
1
21
22
SIM5
SIM1
SIM2
SIM3
SIM4
1
21
22
SIM5
SIM1
SIM2
SIM3
SIM4
1
21
22
SIM5
SIM1
SIM2
SIM3
SIM4
1
21
22
SIM5
SIM1
SIM2
SIM3
SIM4
1
21
22
SIM5
SIM1
SIM2
SIM3
SIM4
1
21
22
SIM5
SIM1
SIM2
SIM3
SIM4
1
21
22
SIM5
SIM1
SIM2
SIM3
SIM4
1
21
22
SIM5
SIM1
SIM2
SIM3
SIM4
1
21
22
SIM5
SIM1
SIM2
SIM3
SIM4
1
21
22
SIM5
SIM1
SIM2
SIM3
SIM4
1
21
22
SIM5
SIM1
SIM2
SIM3
SIM4
1
21
22
SIM5
SIM1
SIM2
SIM3
SIM4
1
21
22
SIM5
SIM1
SIM2
SIM3
SIM4
1
21
22
SIM5
SIM1
SIM2
SIM3
SIM4
1
21
22
SIM5
SIM1
SIM2
SIM3
SIM4
1
21
22
SIM5
SIM1
SIM2
SIM3
SIM4
1
21
22
SIM5
SIM1
SIM2
SIM3
SIM4
1
21
22
SIM5
SIM1
SIM2
SIM3
SIM4
1
21
22
SIM5
SIM1
SIM2
SIM3
SIM4
1
21
22
SIM5
SIM1
SIM2
SIM3
SIM4
1
21
22
SIM5
SIM1
SIM2
SIM3
SIM4
1
21
22
SIM5
SIM1
SIM2
SIM3
SIM4
1
21
22
SIM5
SIM1
SIM2
SIM3
SIM4
1
21
22
SIM5
SIM1
SIM2
SIM3
SIM4
1
21
22
SIM5
SIM1
SIM2
SIM3
SIM4
1
21
22
SIM5
SIM1
SIM2
SIM3
SIM4
1
21
22
SIM5
SIM1
SIM2
SIM3
SIM4
1
21
22
SIM5
SIM1
SIM2
SIM3
SIM4
1
21
22
SIM5
SIM1
SIM2
SIM3
SIM4
1
21
22
SIM5
SIM1
SIM2
SIM3
SIM4
1
21
22
SIM5
SIM1
SIM2
SIM3
SIM4
1
21
22
SIM5
SIM1
SIM2
SIM3
SIM4
1
21
22
SIM5
SIM1
SIM2
SIM3
SIM4
1
21
22
SIM5
SIM1
SIM2
SIM3
SIM4
1
21
22
SIM5
SIM1
SIM2
SIM3
SIM4
1
21
22
SIM5
SIM1
SIM2
SIM3
SIM4
1
21
22
SIM5
SIM1
SIM2
SIM3
SIM4
1
21
22
SIM5
SIM1
SIM2
SIM3
SIM4
1
21
22
SIM5
SIM1
SIM2
SIM3
SIM4
1
21
22
SIM5
SIM1
SIM2
SIM3
SIM4
1
21
22
SIM5
SIM1
SIM2
SIM3
SIM4
1
21
22
SIM5
SIM1
SIM2
SIM3
SIM4
1
21
22
SIM5
SIM1
SIM2
SIM3
SIM4
1
21
22
SIM5
SIM1
SIM2
SIM3
SIM4
1
21
22
SIM5
SIM1
SIM2
SIM3
SIM4
1
21
22
SIM5
SIM1
SIM2
SIM3
SIM4
1
21
22
SIM5
SIM1
SIM2
SIM3
SIM4
1
21
22
SIM5
SIM1
SIM2
SIM3
SIM4
1
21
22
SIM5
SIM1
SIM2
SIM3
SIM4
1
21
22
SIM5
SIM1
SIM2
SIM3
SIM4
1
21
22
SIM5
SIM1
SIM2
SIM3
SIM4
1
21
22
SIM5
SIM1
SIM2
SIM3
SIM4
1
21
22
SIM5
SIM1
SIM2
SIM3
SIM4
1
21
22
SIM5
SIM1
SIM2
SIM3
SIM4
1
21
22
SIM5
SIM1
SIM2
SIM3
SIM4
1
21
22
SIM5
SIM1
SIM2
SIM3
SIM4
1
21
22
SIM5
SIM1
SIM2
SIM3
SIM4
1
21
22
SIM5
SIM1
SIM2
SIM3
SIM4
1
21
22
SIM5
SIM1
SIM2
SIM3
SIM4
1
21
22
SIM5
SIM1
SIM2
SIM3
SIM4
1
21
22
SIM5
SIM1
SIM2
SIM3
SIM4
1
21
22
SIM5
SIM1
SIM2
SIM3
SIM4
1
21
22
SIM5
SIM1
SIM2
SIM3
SIM4
1
21
22
SIM5
SIM1
SIM2
SIM3
SIM4
1
21
22
SIM5
SIM1
SIM2
SIM3
SIM4
1
21
22
SIM5
SIM1
SIM2
SIM3
SIM4
1
21
22
SIM5
SIM1
SIM2
SIM3
SIM4
1
21
22
SIM5
SIM1
SIM2
SIM3
SIM4
1
21
22
SIM5
SIM1
SIM2
SIM3
SIM4
1
21
22
SIM5
SIM1
SIM2
SIM3
SIM4
1
21
22
SIM5
SIM1
SIM2
SIM3
SIM4
1
21
22
SIM5
SIM1
SIM2
SIM3
SIM4
1
21
22
SIM5
SIM1
SIM2
SIM3
SIM4
1
21
22
SIM5
SIM1
SIM2
SIM3
SIM4
1
21
22
SIM5
SIM1
SIM2
SIM3
SIM4
1
21
22
SIM5
SIM1
SIM2
SIM3
SIM4
1
21
22
SIM5
SIM1
SIM2
SIM3
SIM4
1
21
22
SIM5
SIM1
SIM2
SIM3
SIM4
1
21
22
SIM5
SIM1
SIM2
SIM3
SIM4
1
21
22
SIM5
SIM1
SIM2
SIM3
SIM4
1
21
22
SIM5
SIM1
SIM2
SIM3
SIM4
1
21
22
SIM5
SIM1
SIM2
SIM3
SIM4
1
21
22
SIM5
SIM1
SIM2
SIM3
SIM4
1
21
22
SIM5
SIM1
SIM2
SIM3
SIM4
1
21
22
SIM5
SIM1
SIM2
SIM3
SIM4
1
21
22
SIM5
SIM1
SIM2
SIM3
SIM4
1
21
22
SIM5
SIM1
SIM2
SIM3
SIM4
1
21
22
SIM5
SIM1
SIM2
SIM3
SIM4
1
21
22
SIM5
SIM1
SIM2
SIM3
SIM4
1
21
22
SIM5
SIM1
SIM2
SIM3
SIM4
1
21
22
SIM5
SIM1
SIM2
SIM3
SIM4
1
21
22
SIM5
SIM1
SIM2
SIM3
SIM4
1
21
22
SIM5
SIM1
SIM2
SIM3
SIM4
1
21
22
SIM5
SIM1
SIM2
SIM3
SIM4
1
21
22
SIM5
SIM1
SIM2
SIM3
SIM4
1
21
22
SIM5
SIM1
SIM2
SIM3
SIM4
1
21
22
SIM5
SIM1
SIM2
SIM3
SIM4
1
21
22
SIM5
SIM1
SIM2
SIM3
SIM4
1
21
22
SIM5
SIM1
SIM2
SIM3
SIM4
1
21
22
SIM5
SIM1
SIM2
SIM3
SIM4
1
21
22
SIM5
SIM1
SIM2
SIM3
SIM4
1
21
22
SIM5
SIM1
SIM2
SIM3
SIM4
1
21
22
SIM5
SIM1
SIM2
SIM3
SIM4
1
21
22
SIM5
SIM1
SIM2
SIM3
SIM4
1
21
22
SIM5
SIM1
SIM2
SIM3
SIM4
1
21
22
SIM5
SIM1
SIM2
SIM3
SIM4
1
21
22
SIM5
SIM1
SIM2
SIM3
SIM4
1
21
22
SIM5
SIM1
SIM2
SIM3
SIM4
1
21
22
SIM5
SIM1
SIM2
SIM3
SIM4
1
21
22
SIM5
SIM1
SIM2
SIM3
SIM4
1
21
22
SIM5
SIM1
SIM2
SIM3
SIM4
1
21
22
SIM5
SIM1
SIM2
SIM3
SIM4
1
21
22
SIM5
SIM1
SIM2
SIM3
SIM4
1
21
22
SIM5
SIM1
SIM2
SIM3
SIM4
1
21
22
SIM5
SIM1
SIM2
SIM3
SIM4
1
21
22
SIM5
SIM1
SIM2
SIM3
SIM4
1
21
22
SIM5
SIM1
SIM2
SIM3
SIM4
1
21
22
SIM5
SIM1
SIM2
SIM3
SIM4
1
21
22
SIM5
SIM1
SIM2
SIM3
SIM4
1
21
22
SIM5
SIM1
SIM2
SIM3
SIM4
1
21
22
SIM5
SIM1
SIM2
SIM3
SIM4
1
21
22
SIM5
SIM1
SIM2
SIM3
SIM4
1
21
22
SIM5
SIM1
SIM2
SIM3
SIM4
1
21
22
SIM5
SIM1
SIM2
SIM3
SIM4
1
21
22
SIM5
SIM1
SIM2
SIM3
SIM4
1
21
22
SIM5
SIM1
SIM2
SIM3
SIM4
1
21
22
SIM5
SIM1
SIM2
SIM3
SIM4
1
21
22
SIM5
SIM1
SIM2
SIM3
SIM4
1
21
22
SIM5
SIM1
SIM2
SIM3
SIM4
1
21
22
SIM5
SIM1
SIM2
SIM3
SIM4
1
21
22
SIM5
SIM1
SIM2
SIM3
SIM4
1
21
22
SIM5
SIM1
SIM2
SIM3
SIM4
1
21
22
SIM5
SIM1
SIM2
SIM3
SIM4
1
21
22
SIM5
SIM1
SIM2
SIM3
SIM4
1
21
22
SIM5
SIM1
SIM2
SIM3
SIM4
1
21
22
SIM5
SIM1
SIM2
SIM3
SIM4
1
21
22
SIM5
SIM1
SIM2
SIM3
SIM4
1
21
22
SIM5
SIM1
SIM2
SIM3
SIM4
1
21
22
SIM5
SIM1
SIM2
SIM3
SIM4
1
21
22
SIM5
SIM1
SIM2
SIM3
SIM4
1
21
22
SIM5
SIM1
SIM2
SIM3
SIM4
1
21
22
SIM5
SIM1
SIM2
SIM3
SIM4
1
21
22
SIM5
SIM1
SIM2
SIM3
SIM4
1
21
22
SIM5
SIM1
SIM2
DEBUG 1 547
SIM1
SIM2
SIM3
SIM4
1
21
22
SIM5
SIM1
SIM2
SIM3
SIM4
1
21
22
SIM5
SIM1
SIM2
SIM3
SIM4
1
21
22
SIM5
SIM1
SIM2
SIM3
SIM4
1
21
22
SIM5
SIM1
SIM2
SIM3
SIM4
1
21
22
SIM5
SIM1
SIM2
SIM3
SIM4
1
21
22
SIM5
SIM1
SIM2
SIM3
SIM4
1
21
22
SIM5
SIM1
SIM2
SIM3
SIM4
1
21
22
SIM5
SIM1
SIM2
SIM3
SIM4
1
21
22
SIM5
SIM1
SIM2
SIM3
SIM4
1
21
22
SIM5
SIM1
SIM2
SIM3
SIM4
1
21
22
SIM5
SIM1
SIM2
SIM3
SIM4
1
21
22
SIM5
SIM1
SIM2
SIM3
SIM4
1
21
22
SIM5
SIM1
SIM2
SIM3
SIM4
1
21
22
SIM5
SIM1
SIM2
SIM3
SIM4
1
21
22
SIM5
SIM1
SIM2
SIM3
SIM4
1
21
22
SIM5
SIM1
SIM2
SIM3
SIM4
1
21
22
SIM5
SIM1
SIM2
SIM3
SIM4
1
21
22
SIM5
SIM1
SIM2
SIM3
SIM4
1
21
22
SIM5
SIM1
SIM2
SIM3
SIM4
1
21
22
SIM5
SIM1
SIM2
SIM3
SIM4
1
21
22
SIM5
SIM1
SIM2
SIM3
SIM4
1
21
22
SIM5
SIM1
SIM2
SIM3
SIM4
1
21
22
SIM5
SIM1
SIM2
SIM3
SIM4
1
21
22
SIM5
SIM1
SIM2
SIM3
SIM4
1
21
22
SIM5
SIM1
SIM2
SIM3
SIM4
1
21
22
SIM5
SIM1
SIM2
SIM3
SIM4
1
21
22
SIM5
SIM1
SIM2
SIM3
SIM4
1
21
22
SIM5
SIM1
SIM2
SIM3
SIM4
1
21
22
SIM5
SIM1
SIM2
SIM3
SIM4
1
21
22
SIM5
SIM1
SIM2
SIM3
SIM4
1
21
22
SIM5
SIM1
SIM2
SIM3
SIM4
1
21
22
SIM5
SIM1
SIM2
SIM3
SIM4
1
21
22
SIM5
SIM1
SIM2
SIM3
SIM4
1
21
22
SIM5
SIM1
SIM2
SIM3
SIM4
1
21
22
SIM5
SIM1
SIM2
SIM3
SIM4
1
21
22
SIM5
SIM1
SIM2
SIM3
SIM4
1
21
22
SIM5
SIM1
SIM2
SIM3
SIM4
1
21
22
SIM5
SIM1
SIM2
SIM3
SIM4
1
21
22
SIM5
SIM1
SIM2
SIM3
SIM4
1
21
22
SIM5
SIM1
SIM2
SIM3
SIM4
1
21
22
SIM5
SIM1
SIM2
SIM3
SIM4
1
21
22
SIM5
SIM1
SIM2
SIM3
SIM4
1
21
22
SIM5
SIM1
SIM2
SIM3
SIM4
1
21
22
SIM5
SIM1
SIM2
SIM3
SIM4
1
21
22
SIM5
SIM1
SIM2
SIM3
SIM4
1
21
22
SIM5
SIM1
SIM2
SIM3
SIM4
1
21
22
SIM5
SIM1
SIM2
SIM3
SIM4
1
21
22
SIM5
SIM1
SIM2
SIM3
SIM4
1
21
22
SIM5
SIM1
SIM2
SIM3
SIM4
1
21
22
SIM5
SIM1
SIM2
SIM3
SIM4
1
21
22
SIM5
SIM1
SIM2
SIM3
SIM4
1
21
22
SIM5
SIM1
SIM2
SIM3
SIM4
1
21
22
SIM5
SIM1
SIM2
SIM3
SIM4
1
21
22
SIM5
SIM1
SIM2
SIM3
SIM4
1
21
22
SIM5
SIM1
SIM2
SIM3
SIM4
1
21
22
SIM5
SIM1
SIM2
SIM3
SIM4
1
21
22
SIM5
SIM1
SIM2
SIM3
SIM4
1
21
22
SIM5
SIM1
SIM2
SIM3
SIM4
1
21
22
SIM5
SIM1
SIM2
SIM3
SIM4
1
21
22
SIM5
SIM1
SIM2
SIM3
SIM4
1
21
22
SIM5
SIM1
SIM2
SIM3
SIM4
1
21
22
SIM5
SIM1
SIM2
SIM3
SIM4
1
21
22
SIM5
SIM1
SIM2
SIM3
SIM4
1
21
22
SIM5
SIM1
SIM2
SIM3
SIM4
1
21
22
SIM5
SIM1
SIM2
SIM3
SIM4
1
21
22
SIM5
SIM1
SIM2
SIM3
SIM4
1
21
22
SIM5
SIM1
SIM2
SIM3
SIM4
1
21
22
SIM5
SIM1
SIM2
SIM3
SIM4
1
21
22
SIM5
SIM1
SIM2
SIM3
SIM4
1
21
22
SIM5
SIM1
SIM2
SIM3
SIM4
1
21
22
SIM5
SIM1
SIM2
SIM3
SIM4
1
21
22
SIM5
SIM1
SIM2
SIM3
SIM4
1
21
22
SIM5
SIM1
SIM2
SIM3
SIM4
1
21
22
SIM5
SIM1
SIM2
SIM3
SIM4
1
21
22
SIM5
SIM1
SIM2
SIM3
SIM4
1
21
22
SIM5
SIM1
SIM2
SIM3
SIM4
1
21
22
SIM5
SIM1
SIM2
SIM3
SIM4
1
21
22
SIM5
SIM1
SIM2
SIM3
SIM4
1
21
22
SIM5
SIM1
SIM2
SIM3
SIM4
1
21
22
SIM5
SIM1
SIM2
SIM3
SIM4
1
21
22
SIM5
SIM1
SIM2
SIM3
SIM4
1
21
22
SIM5
SIM1
SIM2
SIM3
SIM4
1
21
22
SIM5
SIM1
SIM2
SIM3
SIM4
1
21
22
SIM5
SIM1
SIM2
SIM3
SIM4
1
21
22
SIM5
SIM1
SIM2
SIM3
SIM4
1
21
22
SIM5
SIM1
SIM2
SIM3
SIM4
1
21
22
SIM5
SIM1
SIM2
SIM3
SIM4
1
21
22
SIM5
SIM1
SIM2
SIM3
SIM4
1
21
22
SIM5
SIM1
SIM2
SIM3
SIM4
1
21
22
SIM5
SIM1
SIM2
SIM3
SIM4
1
21
22
SIM5
SIM1
SIM2
SIM3
SIM4
1
21
22
SIM5
SIM1
SIM2
SIM3
SIM4
1
21
22
SIM5
SIM1
SIM2
SIM3
SIM4
1
21
22
SIM5
SIM1
SIM2
SIM3
SIM4
1
21
22
SIM5
SIM1
SIM2
SIM3
SIM4
1
21
22
SIM5
SIM1
SIM2
SIM3
SIM4
1
21
22
SIM5
SIM1
SIM2
SIM3
SIM4
1
21
22
SIM5
SIM1
SIM2
SIM3
SIM4
1
21
22
SIM5
SIM1
SIM2
SIM3
SIM4
1
21
22
SIM5
SIM1
SIM2
SIM3
SIM4
1
21
22
SIM5
SIM1
SIM2
SIM3
SIM4
1
21
22
SIM5
SIM1
SIM2
SIM3
SIM4
1
21
22
SIM5
SIM1
SIM2
SIM3
SIM4
1
21
22
SIM5
SIM1
SIM2
SIM3
SIM4
1
21
22
SIM5
SIM1
SIM2
SIM3
SIM4
1
21
22
SIM5
SIM1
SIM2
SIM3
SIM4
1
21
22
SIM5
SIM1
SIM2
SIM3
SIM4
1
21
22
SIM5
SIM1
SIM2
SIM3
SIM4
1
21
22
SIM5
SIM1
SIM2
SIM3
SIM4
1
21
22
SIM5
SIM1
SIM2
SIM3
SIM4
1
21
22
SIM5
SIM1
SIM2
SIM3
SIM4
1
21
22
SIM5
SIM1
SIM2
SIM3
SIM4
1
21
22
SIM5
SIM1
SIM2
SIM3
SIM4
1
21
22
SIM5
SIM1
SIM2
SIM3
SIM4
1
21
22
SIM5
SIM1
SIM2
SIM3
SIM4
1
21
22
SIM5
SIM1
SIM2
SIM3
SIM4
1
21
22
SIM5
SIM1
SIM2
SIM3
SIM4
1
21
22
SIM5
SIM1
SIM2
SIM3
SIM4
1
21
22
SIM5
SIM1
SIM2
SIM3
SIM4
1
21
22
SIM5
SIM1
SIM2
SIM3
SIM4
1
21
22
SIM5
SIM1
SIM2
SIM3
SIM4
1
21
22
SIM5
SIM1
SIM2
SIM3
SIM4
1
21
22
SIM5
SIM1
SIM2
SIM3
SIM4
1
21
22
SIM5
SIM1
SIM2
SIM3
SIM4
1
21
22
SIM5
SIM1
SIM2
SIM3
SIM4
1
21
22
SIM5
SIM1
SIM2
SIM3
SIM4
1
21
22
SIM5
SIM1
SIM2
SIM3
SIM4
1
21
22
SIM5
SIM1
SIM2
SIM3
SIM4
1
21
22
SIM5
SIM1
SIM2
SIM3
SIM4
1
21
22
SIM5
SIM1
SIM2
SIM3
SIM4
1
21
22
SIM5
SIM1
SIM2
SIM3
SIM4
1
21
22
SIM5
SIM1
SIM2
SIM3
SIM4
1
21
22
SIM5
SIM1
SIM2
SIM3
SIM4
1
21
22
SIM5
SIM1
SIM2
SIM3
SIM4
1
21
22
SIM5
SIM1
SIM2
SIM3
SIM4
1
21
22
SIM5
SIM1
SIM2
SIM3
SIM4
1
21
22
SIM5
SIM1
SIM2
SIM3
SIM4
1
21
22
SIM5
SIM1
SIM2
SIM3
SIM4
1
21
22
SIM5
SIM1
SIM2
SIM3
SIM4
1
21
22
SIM5
SIM1
SIM2
SIM3
SIM4
1
21
22
SIM5
SIM1
SIM2
SIM3
SIM4
1
21
22
SIM5
SIM1
SIM2
SIM3
SIM4
1
21
22
SIM5
SIM1
SIM2
SIM3
SIM4
1
21
22
SIM5
SIM1
SIM2
SIM3
SIM4
1
21
22
SIM5
SIM1
SIM2
SIM3
SIM4
1
21
22
SIM5
SIM1
SIM2
SIM3
SIM4
1
21
22
SIM5
SIM1
SIM2
SIM3
SIM4
1
21
22
SIM5
SIM1
SIM2
SIM3
SIM4
1
21
22
SIM5
SIM1
SIM2
SIM3
SIM4
1
21
22
SIM5
SIM1
SIM2
SIM3
SIM4
1
21
22
SIM5
SIM1
SIM2
SIM3
SIM4
1
21
22
SIM5
SIM1
SIM2
SIM3
SIM4
1
21
22
SIM5
SIM1
SIM2
SIM3
SIM4
1
21
22
SIM5
SIM1
SIM2
SIM3
SIM4
1
21
22
SIM5
SIM1
SIM2
SIM3
SIM4
1
21
22
SIM5
SIM1
SIM2
SIM3
SIM4
1
21
22
SIM5
SIM1
SIM2
SIM3
SIM4
1
21
22
SIM5
SIM1
SIM2
SIM3
SIM4
1
21
22
SIM5
SIM1
SIM2
SIM3
SIM4
1
21
22
SIM5
SIM1
SIM2
SIM3
SIM4
1
21
22
SIM5
SIM1
SIM2
SIM3
SIM4
1
21
22
SIM5
SIM1
SIM2
SIM3
SIM4
1
21
22
SIM5
SIM1
SIM2
SIM3
SIM4
1
21
22
SIM5
SIM1
SIM2
SIM3
SIM4
1
21
22
SIM5
SIM1
SIM2
SIM3
SIM4
1
21
22
SIM5
SIM1
SIM2
SIM3
SIM4
1
21
22
SIM5
SIM1
SIM2
SIM3
SIM4
1
21
22
SIM5
SIM1
SIM2
SIM3
SIM4
1
21
22
SIM5
SIM1
SIM2
SIM3
SIM4
1
21
22
SIM5
SIM1
SIM2
SIM3
SIM4
1
21
22
SIM5
SIM1
SIM2
SIM3
SIM4
1
21
22
SIM5
SIM1
SIM2
SIM3
SIM4
1
21
22
SIM5
SIM1
SIM2
SIM3
SIM4
1
21
22
SIM5
SIM1
SIM2
SIM3
SIM4
1
21
22
SIM5
SIM1
SIM2
SIM3
SIM4
1
21
22
SIM5
SIM1
SIM2
SIM3
SIM4
1
21
22
SIM5
SIM1
SIM2
SIM3
SIM4
1
21
22
SIM5
SIM1
SIM2
SIM3
SIM4
1
21
22
SIM5
SIM1
SIM2
SIM3
SIM4
1
21
22
SIM5
SIM1
SIM2
SIM3
SIM4
1
21
22
SIM5
SIM1
SIM2
SIM3
SIM4
1
21
22
SIM5
SIM1
SIM2
SIM3
SIM4
1
21
22
SIM5
SIM1
SIM2
SIM3
SIM4
1
21
22
SIM5
SIM1
SIM2
SIM3
SIM4
1
21
22
SIM5
SIM1
SIM2
SIM3
SIM4
1
21
22
SIM5
SIM1
SIM2
DEBUG 1 548
SIM1
SIM2
SIM3
SIM4
1
21
22
SIM5
SIM1
SIM2
SIM3
SIM4
1
21
22
SIM5
SIM1
SIM2
SIM3
SIM4
1
21
22
SIM5
SIM1
SIM2
SIM3
SIM4
1
21
22
SIM5
SIM1
SIM2
SIM3
SIM4
1
21
22
SIM5
SIM1
SIM2
SIM3
SIM4
1
21
22
SIM5
SIM1
SIM2
SIM3
SIM4
1
21
22
SIM5
SIM1
SIM2
SIM3
SIM4
1
21
22
SIM5
SIM1
SIM2
SIM3
SIM4
1
21
22
SIM5
SIM1
SIM2
SIM3
SIM4
1
21
22
SIM5
SIM1
SIM2
SIM3
SIM4
1
21
22
SIM5
SIM1
SIM2
SIM3
SIM4
1
21
22
SIM5
SIM1
SIM2
SIM3
SIM4
1
21
22
SIM5
SIM1
SIM2
SIM3
SIM4
1
21
22
SIM5
SIM1
SIM2
SIM3
SIM4
1
21
22
SIM5
SIM1
SIM2
SIM3
SIM4
1
21
22
SIM5
SIM1
SIM2
SIM3
SIM4
1
21
22
SIM5
SIM1
SIM2
SIM3
SIM4
1
21
22
SIM5
SIM1
SIM2
SIM3
SIM4
1
21
22
SIM5
SIM1
SIM2
SIM3
SIM4
1
21
22
SIM5
SIM1
SIM2
SIM3
SIM4
1
21
22
SIM5
SIM1
SIM2
SIM3
SIM4
1
21
22
SIM5
SIM1
SIM2
SIM3
SIM4
1
21
22
SIM5
SIM1
SIM2
SIM3
SIM4
1
21
22
SIM5
SIM1
SIM2
SIM3
SIM4
1
21
22
SIM5
SIM1
SIM2
SIM3
SIM4
1
21
22
SIM5
SIM1
SIM2
SIM3
SIM4
1
21
22
SIM5
SIM1
SIM2
SIM3
SIM4
1
21
22
SIM5
SIM1
SIM2
SIM3
SIM4
1
21
22
SIM5
SIM1
SIM2
SIM3
SIM4
1
21
22
SIM5
SIM1
SIM2
SIM3
SIM4
1
21
22
SIM5
SIM1
SIM2
SIM3
SIM4
1
21
22
SIM5
SIM1
SIM2
SIM3
SIM4
1
21
22
SIM5
SIM1
SIM2
SIM3
SIM4
1
21
22
SIM5
SIM1
SIM2
SIM3
SIM4
1
21
22
SIM5
SIM1
SIM2
SIM3
SIM4
1
21
22
SIM5
SIM1
SIM2
SIM3
SIM4
1
21
22
SIM5
SIM1
SIM2
SIM3
SIM4
1
21
22
SIM5
SIM1
SIM2
SIM3
SIM4
1
21
22
SIM5
SIM1
SIM2
SIM3
SIM4
1
21
22
SIM5
SIM1
SIM2
SIM3
SIM4
1
21
22
SIM5
SIM1
SIM2
SIM3
SIM4
1
21
22
SIM5
SIM1
SIM2
SIM3
SIM4
1
21
22
SIM5
SIM1
SIM2
SIM3
SIM4
1
21
22
SIM5
SIM1
SIM2
SIM3
SIM4
1
21
22
SIM5
SIM1
SIM2
SIM3
SIM4
1
21
22
SIM5
SIM1
SIM2
SIM3
SIM4
1
21
22
SIM5
SIM1
SIM2
SIM3
SIM4
1
21
22
SIM5
SIM1
SIM2
SIM3
SIM4
1
21
22
SIM5
SIM1
SIM2
SIM3
SIM4
1
21
22
SIM5
SIM1
SIM2
SIM3
SIM4
1
21
22
SIM5
SIM1
SIM2
SIM3
SIM4
1
21
22
SIM5
SIM1
SIM2
SIM3
SIM4
1
21
22
SIM5
SIM1
SIM2
SIM3
SIM4
1
21
22
SIM5
SIM1
SIM2
SIM3
SIM4
1
21
22
SIM5
SIM1
SIM2
SIM3
SIM4
1
21
22
SIM5
SIM1
SIM2
SIM3
SIM4
1
21
22
SIM5
SIM1
SIM2
SIM3
SIM4
1
21
22
SIM5
SIM1
SIM2
SIM3
SIM4
1
21
22
SIM5
SIM1
SIM2
SIM3
SIM4
1
21
22
SIM5
SIM1
SIM2
SIM3
SIM4
1
21
22
SIM5
SIM1
SIM2
SIM3
SIM4
1
21
22
SIM5
SIM1
SIM2
SIM3
SIM4
1
21
22
SIM5
SIM1
SIM2
SIM3
SIM4
1
21
22
SIM5
SIM1
SIM2
SIM3
SIM4
1
21
22
SIM5
SIM1
SIM2
SIM3
SIM4
1
21
22
SIM5
SIM1
SIM2
SIM3
SIM4
1
21
22
SIM5
SIM1
SIM2
SIM3
SIM4
1
21
22
SIM5
SIM1
SIM2
SIM3
SIM4
1
21
22
SIM5
SIM1
SIM2
SIM3
SIM4
1
21
22
SIM5
SIM1
SIM2
SIM3
SIM4
1
21
22
SIM5
SIM1
SIM2
SIM3
SIM4
1
21
22
SIM5
SIM1
SIM2
SIM3
SIM4
1
21
22
SIM5
SIM1
SIM2
SIM3
SIM4
1
21
22
SIM5
SIM1
SIM2
SIM3
SIM4
1
21
22
SIM5
SIM1
SIM2
SIM3
SIM4
1
21
22
SIM5
SIM1
SIM2
SIM3
SIM4
1
21
22
SIM5
SIM1
SIM2
SIM3
SIM4
1
21
22
SIM5
SIM1
SIM2
SIM3
SIM4
1
21
22
SIM5
SIM1
SIM2
SIM3
SIM4
1
21
22
SIM5
SIM1
SIM2
SIM3
SIM4
1
21
22
SIM5
SIM1
SIM2
SIM3
SIM4
1
21
22
SIM5
SIM1
SIM2
SIM3
SIM4
1
21
22
SIM5
SIM1
SIM2
SIM3
SIM4
1
21
22
SIM5
SIM1
SIM2
SIM3
SIM4
1
21
22
SIM5
SIM1
SIM2
SIM3
SIM4
1
21
22
SIM5
SIM1
SIM2
SIM3
SIM4
1
21
22
SIM5
SIM1
SIM2
SIM3
SIM4
1
21
22
SIM5
SIM1
SIM2
SIM3
SIM4
1
21
22
SIM5
SIM1
SIM2
SIM3
SIM4
1
21
22
SIM5
SIM1
SIM2
SIM3
SIM4
1
21
22
SIM5
SIM1
SIM2
SIM3
SIM4
1
21
22
SIM5
SIM1
SIM2
SIM3
SIM4
1
21
22
SIM5
SIM1
SIM2
SIM3
SIM4
1
21
22
SIM5
SIM1
SIM2
SIM3
SIM4
1
21
22
SIM5
SIM1
SIM2
SIM3
SIM4
1
21
22
SIM5
SIM1
SIM2
SIM3
SIM4
1
21
22
SIM5
SIM1
SIM2
SIM3
SIM4
1
21
22
SIM5
SIM1
SIM2
SIM3
SIM4
1
21
22
SIM5
SIM1
SIM2
SIM3
SIM4
1
21
22
SIM5
SIM1
SIM2
SIM3
SIM4
1
21
22
SIM5
SIM1
SIM2
SIM3
SIM4
1
21
22
SIM5
SIM1
SIM2
SIM3
SIM4
1
21
22
SIM5
SIM1
SIM2
SIM3
SIM4
1
21
22
SIM5
SIM1
SIM2
SIM3
SIM4
1
21
22
SIM5
SIM1
SIM2
SIM3
SIM4
1
21
22
SIM5
SIM1
SIM2
SIM3
SIM4
1
21
22
SIM5
SIM1
SIM2
SIM3
SIM4
1
21
22
SIM5
SIM1
SIM2
SIM3
SIM4
1
21
22
SIM5
SIM1
SIM2
SIM3
SIM4
1
21
22
SIM5
SIM1
SIM2
SIM3
SIM4
1
21
22
SIM5
SIM1
SIM2
SIM3
SIM4
1
21
22
SIM5
SIM1
SIM2
SIM3
SIM4
1
21
22
SIM5
SIM1
SIM2
SIM3
SIM4
1
21
22
SIM5
SIM1
SIM2
SIM3
SIM4
1
21
22
SIM5
SIM1
SIM2
SIM3
SIM4
1
21
22
SIM5
SIM1
SIM2
SIM3
SIM4
1
21
22
SIM5
SIM1
SIM2
SIM3
SIM4
1
21
22
SIM5
SIM1
SIM2
SIM3
SIM4
1
21
22
SIM5
SIM1
SIM2
SIM3
SIM4
1
21
22
SIM5
SIM1
SIM2
SIM3
SIM4
1
21
22
SIM5
SIM1
SIM2
SIM3
SIM4
1
21
22
SIM5
SIM1
SIM2
SIM3
SIM4
1
21
22
SIM5
SIM1
SIM2
SIM3
SIM4
1
21
22
SIM5
SIM1
SIM2
SIM3
SIM4
1
21
22
SIM5
SIM1
SIM2
SIM3
SIM4
1
21
22
SIM5
SIM1
SIM2
SIM3
SIM4
1
21
22
SIM5
SIM1
SIM2
SIM3
SIM4
1
21
22
SIM5
SIM1
SIM2
SIM3
SIM4
1
21
22
SIM5
SIM1
SIM2
SIM3
SIM4
1
21
22
SIM5
SIM1
SIM2
SIM3
SIM4
1
21
22
SIM5
SIM1
SIM2
SIM3
SIM4
1
21
22
SIM5
SIM1
SIM2
SIM3
SIM4
1
21
22
SIM5
SIM1
SIM2
SIM3
SIM4
1
21
22
SIM5
SIM1
SIM2
SIM3
SIM4
1
21
22
SIM5
SIM1
SIM2
SIM3
SIM4
1
21
22
SIM5
SIM1
SIM2
SIM3
SIM4
1
21
22
SIM5
SIM1
SIM2
SIM3
SIM4
1
21
22
SIM5
SIM1
SIM2
SIM3
SIM4
1
21
22
SIM5
SIM1
SIM2
SIM3
SIM4
1
21
22
SIM5
SIM1
SIM2
SIM3
SIM4
1
21
22
SIM5
SIM1
SIM2
SIM3
SIM4
1
21
22
SIM5
SIM1
SIM2
SIM3
SIM4
1
21
22
SIM5
SIM1
SIM2
SIM3
SIM4
1
21
22
SIM5
SIM1
SIM2
SIM3
SIM4
1
21
22
SIM5
SIM1
SIM2
SIM3
SIM4
1
21
22
SIM5
SIM1
SIM2
SIM3
SIM4
1
21
22
SIM5
SIM1
SIM2
SIM3
SIM4
1
21
22
SIM5
SIM1
SIM2
SIM3
SIM4
1
21
22
SIM5
SIM1
SIM2
SIM3
SIM4
1
21
22
SIM5
SIM1
SIM2
SIM3
SIM4
1
21
22
SIM5
SIM1
SIM2
SIM3
SIM4
1
21
22
SIM5
SIM1
SIM2
SIM3
SIM4
1
21
22
SIM5
SIM1
SIM2
SIM3
SIM4
1
21
22
SIM5
SIM1
SIM2
SIM3
SIM4
1
21
22
SIM5
SIM1
SIM2
SIM3
SIM4
1
21
22
SIM5
SIM1
SIM2
SIM3
SIM4
1
21
22
SIM5
SIM1
SIM2
SIM3
SIM4
1
21
22
SIM5
SIM1
SIM2
SIM3
SIM4
1
21
22
SIM5
SIM1
SIM2
SIM3
SIM4
1
21
22
SIM5
SIM1
SIM2
SIM3
SIM4
1
21
22
SIM5
SIM1
SIM2
SIM3
SIM4
1
21
22
SIM5
SIM1
SIM2
SIM3
SIM4
1
21
22
SIM5
SIM1
SIM2
SIM3
SIM4
1
21
22
SIM5
SIM1
SIM2
DEBUG 1 549
SIM1
SIM2
SIM3
SIM4
1
21
22
SIM5
SIM1
SIM2
SIM3
SIM4
1
21
22
SIM5
SIM1
SIM2
SIM3
SIM4
1
21
22
SIM5
SIM1
SIM2
SIM3
SIM4
1
21
22
SIM5
SIM1
SIM2
SIM3
SIM4
1
21
22
SIM5
SIM1
SIM2
SIM3
SIM4
1
21
22
SIM5
SIM1
SIM2
SIM3
SIM4
1
21
22
SIM5
SIM1
SIM2
SIM3
SIM4
1
21
22
SIM5
SIM1
SIM2
SIM3
SIM4
1
21
22
SIM5
SIM1
SIM2
SIM3
SIM4
1
21
22
SIM5
SIM1
SIM2
SIM3
SIM4
1
21
22
SIM5
SIM1
SIM2
SIM3
SIM4
1
21
22
SIM5
SIM1
SIM2
SIM3
SIM4
1
21
22
SIM5
SIM1
SIM2
SIM3
SIM4
1
21
22
SIM5
SIM1
SIM2
SIM3
SIM4
1
21
22
SIM5
SIM1
SIM2
SIM3
SIM4
1
21
22
SIM5
SIM1
SIM2
SIM3
SIM4
1
21
22
SIM5
SIM1
SIM2
SIM3
SIM4
1
21
22
SIM5
SIM1
SIM2
SIM3
SIM4
1
21
22
SIM5
SIM1
SIM2
SIM3
SIM4
1
21
22
SIM5
SIM1
SIM2
SIM3
SIM4
1
21
22
SIM5
SIM1
SIM2
SIM3
SIM4
1
21
22
SIM5
SIM1
SIM2
SIM3
SIM4
1
21
22
SIM5
SIM1
SIM2
SIM3
SIM4
1
21
22
SIM5
SIM1
SIM2
SIM3
SIM4
1
21
22
SIM5
SIM1
SIM2
SIM3
SIM4
1
21
22
SIM5
SIM1
SIM2
SIM3
SIM4
1
21
22
SIM5
SIM1
SIM2
SIM3
SIM4
1
21
22
SIM5
SIM1
SIM2
SIM3
SIM4
1
21
22
SIM5
SIM1
SIM2
SIM3
SIM4
1
21
22
SIM5
SIM1
SIM2
SIM3
SIM4
1
21
22
SIM5
SIM1
SIM2
SIM3
SIM4
1
21
22
SIM5
SIM1
SIM2
SIM3
SIM4
1
21
22
SIM5
SIM1
SIM2
SIM3
SIM4
1
21
22
SIM5
SIM1
SIM2
SIM3
SIM4
1
21
22
SIM5
SIM1
SIM2
SIM3
SIM4
1
21
22
SIM5
SIM1
SIM2
SIM3
SIM4
1
21
22
SIM5
SIM1
SIM2
SIM3
SIM4
1
21
22
SIM5
SIM1
SIM2
SIM3
SIM4
1
21
22
SIM5
SIM1
SIM2
SIM3
SIM4
1
21
22
SIM5
SIM1
SIM2
SIM3
SIM4
1
21
22
SIM5
SIM1
SIM2
SIM3
SIM4
1
21
22
SIM5
SIM1
SIM2
SIM3
SIM4
1
21
22
SIM5
SIM1
SIM2
SIM3
SIM4
1
21
22
SIM5
SIM1
SIM2
SIM3
SIM4
1
21
22
SIM5
SIM1
SIM2
SIM3
SIM4
1
21
22
SIM5
SIM1
SIM2
SIM3
SIM4
1
21
22
SIM5
SIM1
SIM2
SIM3
SIM4
1
21
22
SIM5
SIM1
SIM2
SIM3
SIM4
1
21
22
SIM5
SIM1
SIM2
SIM3
SIM4
1
21
22
SIM5
SIM1
SIM2
SIM3
SIM4
1
21
22
SIM5
SIM1
SIM2
SIM3
SIM4
1
21
22
SIM5
SIM1
SIM2
SIM3
SIM4
1
21
22
SIM5
SIM1
SIM2
SIM3
SIM4
1
21
22
SIM5
SIM1
SIM2
SIM3
SIM4
1
21
22
SIM5
SIM1
SIM2
SIM3
SIM4
1
21
22
SIM5
SIM1
SIM2
SIM3
SIM4
1
21
22
SIM5
SIM1
SIM2
SIM3
SIM4
1
21
22
SIM5
SIM1
SIM2
SIM3
SIM4
1
21
22
SIM5
SIM1
SIM2
SIM3
SIM4
1
21
22
SIM5
SIM1
SIM2
SIM3
SIM4
1
21
22
SIM5
SIM1
SIM2
SIM3
SIM4
1
21
22
SIM5
SIM1
SIM2
SIM3
SIM4
1
21
22
SIM5
SIM1
SIM2
SIM3
SIM4
1
21
22
SIM5
SIM1
SIM2
SIM3
SIM4
1
21
22
SIM5
SIM1
SIM2
SIM3
SIM4
1
21
22
SIM5
SIM1
SIM2
SIM3
SIM4
1
21
22
SIM5
SIM1
SIM2
SIM3
SIM4
1
21
22
SIM5
SIM1
SIM2
SIM3
SIM4
1
21
22
SIM5
SIM1
SIM2
SIM3
SIM4
1
21
22
SIM5
SIM1
SIM2
SIM3
SIM4
1
21
22
SIM5
SIM1
SIM2
SIM3
SIM4
1
21
22
SIM5
SIM1
SIM2
SIM3
SIM4
1
21
22
SIM5
SIM1
SIM2
SIM3
SIM4
1
21
22
SIM5
SIM1
SIM2
SIM3
SIM4
1
21
22
SIM5
SIM1
SIM2
SIM3
SIM4
1
21
22
SIM5
SIM1
SIM2
SIM3
SIM4
1
21
22
SIM5
SIM1
SIM2
SIM3
SIM4
1
21
22
SIM5
SIM1
SIM2
SIM3
SIM4
1
21
22
SIM5
SIM1
SIM2
SIM3
SIM4
1
21
22
SIM5
SIM1
SIM2
SIM3
SIM4
1
21
22
SIM5
SIM1
SIM2
SIM3
SIM4
1
21
22
SIM5
SIM1
SIM2
SIM3
SIM4
1
21
22
SIM5
SIM1
SIM2
SIM3
SIM4
1
21
22
SIM5
SIM1
SIM2
SIM3
SIM4
1
21
22
SIM5
SIM1
SIM2
SIM3
SIM4
1
21
22
SIM5
SIM1
SIM2
SIM3
SIM4
1
21
22
SIM5
SIM1
SIM2
SIM3
SIM4
1
21
22
SIM5
SIM1
SIM2
SIM3
SIM4
1
21
22
SIM5
SIM1
SIM2
SIM3
SIM4
1
21
22
SIM5
SIM1
SIM2
SIM3
SIM4
1
21
22
SIM5
SIM1
SIM2
SIM3
SIM4
1
21
22
SIM5
SIM1
SIM2
SIM3
SIM4
1
21
22
SIM5
SIM1
SIM2
SIM3
SIM4
1
21
22
SIM5
SIM1
SIM2
SIM3
SIM4
1
21
22
SIM5
SIM1
SIM2
SIM3
SIM4
1
21
22
SIM5
SIM1
SIM2
SIM3
SIM4
1
21
22
SIM5
SIM1
SIM2
SIM3
SIM4
1
21
22
SIM5
SIM1
SIM2
SIM3
SIM4
1
21
22
SIM5
SIM1
SIM2
SIM3
SIM4
1
21
22
SIM5
SIM1
SIM2
SIM3
SIM4
1
21
22
SIM5
SIM1
SIM2
SIM3
SIM4
1
21
22
SIM5
SIM1
SIM2
SIM3
SIM4
1
21
22
SIM5
SIM1
SIM2
SIM3
SIM4
1
21
22
SIM5
SIM1
SIM2
SIM3
SIM4
1
21
22
SIM5
SIM1
SIM2
SIM3
SIM4
1
21
22
SIM5
SIM1
SIM2
SIM3
SIM4
1
21
22
SIM5
SIM1
SIM2
SIM3
SIM4
1
21
22
SIM5
SIM1
SIM2
SIM3
SIM4
1
21
22
SIM5
SIM1
SIM2
SIM3
SIM4
1
21
22
SIM5
SIM1
SIM2
SIM3
SIM4
1
21
22
SIM5
SIM1
SIM2
SIM3
SIM4
1
21
22
SIM5
SIM1
SIM2
SIM3
SIM4
1
21
22
SIM5
SIM1
SIM2
SIM3
SIM4
1
21
22
SIM5
SIM1
SIM2
SIM3
SIM4
1
21
22
SIM5
SIM1
SIM2
SIM3
SIM4
1
21
22
SIM5
SIM1
SIM2
SIM3
SIM4
1
21
22
SIM5
SIM1
SIM2
SIM3
SIM4
1
21
22
SIM5
SIM1
SIM2
SIM3
SIM4
1
21
22
SIM5
SIM1
SIM2
SIM3
SIM4
1
21
22
SIM5
SIM1
SIM2
SIM3
SIM4
1
21
22
SIM5
SIM1
SIM2
SIM3
SIM4
1
21
22
SIM5
SIM1
SIM2
SIM3
SIM4
1
21
22
SIM5
SIM1
SIM2
SIM3
SIM4
1
21
22
SIM5
SIM1
SIM2
SIM3
SIM4
1
21
22
SIM5
SIM1
SIM2
SIM3
SIM4
1
21
22
SIM5
SIM1
SIM2
SIM3
SIM4
1
21
22
SIM5
SIM1
SIM2
SIM3
SIM4
1
21
22
SIM5
SIM1
SIM2
SIM3
SIM4
1
21
22
SIM5
SIM1
SIM2
SIM3
SIM4
1
21
22
SIM5
SIM1
SIM2
SIM3
SIM4
1
21
22
SIM5
SIM1
SIM2
SIM3
SIM4
1
21
22
SIM5
SIM1
SIM2
SIM3
SIM4
1
21
22
SIM5
SIM1
SIM2
SIM3
SIM4
1
21
22
SIM5
SIM1
SIM2
SIM3
SIM4
1
21
22
SIM5
SIM1
SIM2
SIM3
SIM4
1
21
22
SIM5
SIM1
SIM2
SIM3
SIM4
1
21
22
SIM5
SIM1
SIM2
SIM3
SIM4
1
21
22
SIM5
SIM1
SIM2
SIM3
SIM4
1
21
22
SIM5
SIM1
SIM2
SIM3
SIM4
1
21
22
SIM5
SIM1
SIM2
SIM3
SIM4
1
21
22
SIM5
SIM1
SIM2
SIM3
SIM4
1
21
22
SIM5
SIM1
SIM2
SIM3
SIM4
1
21
22
SIM5
SIM1
SIM2
SIM3
SIM4
1
21
22
SIM5
SIM1
SIM2
SIM3
SIM4
1
21
22
SIM5
SIM1
SIM2
SIM3
SIM4
1
21
22
SIM5
SIM1
SIM2
SIM3
SIM4
1
21
22
SIM5
SIM1
SIM2
SIM3
SIM4
1
21
22
SIM5
SIM1
SIM2
SIM3
SIM4
1
21
22
SIM5
SIM1
SIM2
SIM3
SIM4
1
21
22
SIM5
SIM1
SIM2
SIM3
SIM4
1
21
22
SIM5
SIM1
SIM2
SIM3
SIM4
1
21
22
SIM5
SIM1
SIM2
SIM3
SIM4
1
21
22
SIM5
SIM1
SIM2
SIM3
SIM4
1
21
22
SIM5
SIM1
SIM2
SIM3
SIM4
1
21
22
SIM5
SIM1
SIM2
SIM3
SIM4
1
21
22
SIM5
SIM1
SIM2
SIM3
SIM4
1
21
22
SIM5
SIM1
SIM2
SIM3
SIM4
1
21
22
SIM5
SIM1
SIM2
SIM3
SIM4
1
21
22
SIM5
SIM1
SIM2
SIM3
SIM4
1
21
22
SIM5
SIM1
SIM2
SIM3
SIM4
1
21
22
SIM5
SIM1
SIM2
SIM3
SIM4
1
21
22
SIM5
SIM1
SIM2
SIM3
SIM4
1
21
22
SIM5
SIM1
SIM2
SIM3
SIM4
1
21
22
SIM5
SIM1
SIM2
SIM3
SIM4
1
21
22
SIM5
SIM1
SIM2
SIM3
SIM4
1
21
22
SIM5
SIM1
SIM2
SIM3
SIM4
1
21
22
SIM5
SIM1
SIM2
SIM3
SIM4
1
21
22
SIM5
SIM1
SIM2
SIM3
SIM4
1
21
22
SIM5
SIM1
SIM2
SIM3
SIM4
1
21
22
SIM5
SIM1
SIM2
SIM3
SIM4
1
21
22
SIM5
SIM1
SIM2
SIM3
SIM4
1
21
22
SIM5
SIM1
SIM2
SIM3
SIM4
1
21
22
SIM5
SIM1
SIM2
SIM3
SIM4
1
21
22
SIM5
SIM1
SIM2
SIM3
SIM4
1
21
22
SIM5
SIM1
SIM2
SIM3
SIM4
1
21
22
SIM5
SIM1
SIM2
SIM3
SIM4
1
21
22
SIM5
SIM1
SIM2
SIM3
SIM4
1
21
22
SIM5
SIM1
SIM2
SIM3
SIM4
1
21
22
SIM5
SIM1
SIM2
SIM3
SIM4
1
21
22
SIM5
SIM1
SIM2
SIM3
SIM4
1
21
22
SIM5
SIM1
SIM2
SIM3
SIM4
1
21
22
SIM5
SIM1
SIM2
SIM3
SIM4
1
21
22
SIM5
SIM1
SIM2
SIM3
SIM4
1
21
22
SIM5
SIM1
SIM2
SIM3
SIM4
1
21
22
SIM5
SIM1
SIM2
SIM3
SIM4
1
21
22
SIM5
SIM1
SIM2
SIM3
SIM4
1
21
22
SIM5
SIM1
SIM2
SIM3
SIM4
1
21
22
SIM5
SIM1
SIM2
SIM3
SIM4
1
21
22
SIM5
SIM1
SIM2
DEBUG 1 550
SIM1
SIM2
SIM3
SIM4
1
21
22
SIM5
SIM1
SIM2
SIM3
SIM4
1
21
22
SIM5
SIM1
SIM2
SIM3
SIM4
1
21
22
SIM5
SIM1
SIM2
SIM3
SIM4
1
21
22
SIM5
SIM1
SIM2
SIM3
SIM4
1
21
22
SIM5
SIM1
SIM2
SIM3
SIM4
1
21
22
SIM5
SIM1
SIM2
SIM3
SIM4
1
21
22
SIM5
SIM1
SIM2
SIM3
SIM4
1
21
22
SIM5
SIM1
SIM2
SIM3
SIM4
1
21
22
SIM5
SIM1
SIM2
SIM3
SIM4
1
21
22
SIM5
SIM1
SIM2
SIM3
SIM4
1
21
22
SIM5
SIM1
SIM2
SIM3
SIM4
1
21
22
SIM5
SIM1
SIM2
SIM3
SIM4
1
21
22
SIM5
SIM1
SIM2
SIM3
SIM4
1
21
22
SIM5
SIM1
SIM2
SIM3
SIM4
1
21
22
SIM5
SIM1
SIM2
SIM3
SIM4
1
21
22
SIM5
SIM1
SIM2
SIM3
SIM4
1
21
22
SIM5
SIM1
SIM2
SIM3
SIM4
1
21
22
SIM5
SIM1
SIM2
SIM3
SIM4
1
21
22
SIM5
SIM1
SIM2
SIM3
SIM4
1
21
22
SIM5
SIM1
SIM2
SIM3
SIM4
1
21
22
SIM5
SIM1
SIM2
SIM3
SIM4
1
21
22
SIM5
SIM1
SIM2
SIM3
SIM4
1
21
22
SIM5
SIM1
SIM2
SIM3
SIM4
1
21
22
SIM5
SIM1
SIM2
SIM3
SIM4
1
21
22
SIM5
SIM1
SIM2
SIM3
SIM4
1
21
22
SIM5
SIM1
SIM2
SIM3
SIM4
1
21
22
SIM5
SIM1
SIM2
SIM3
SIM4
1
21
22
SIM5
SIM1
SIM2
SIM3
SIM4
1
21
22
SIM5
SIM1
SIM2
SIM3
SIM4
1
21
22
SIM5
SIM1
SIM2
SIM3
SIM4
1
21
22
SIM5
SIM1
SIM2
SIM3
SIM4
1
21
22
SIM5
SIM1
SIM2
SIM3
SIM4
1
21
22
SIM5
SIM1
SIM2
SIM3
SIM4
1
21
22
SIM5
SIM1
SIM2
SIM3
SIM4
1
21
22
SIM5
SIM1
SIM2
SIM3
SIM4
1
21
22
SIM5
SIM1
SIM2
SIM3
SIM4
1
21
22
SIM5
SIM1
SIM2
SIM3
SIM4
1
21
22
SIM5
SIM1
SIM2
SIM3
SIM4
1
21
22
SIM5
SIM1
SIM2
SIM3
SIM4
1
21
22
SIM5
SIM1
SIM2
SIM3
SIM4
1
21
22
SIM5
SIM1
SIM2
SIM3
SIM4
1
21
22
SIM5
SIM1
SIM2
SIM3
SIM4
1
21
22
SIM5
SIM1
SIM2
SIM3
SIM4
1
21
22
SIM5
SIM1
SIM2
SIM3
SIM4
1
21
22
SIM5
SIM1
SIM2
SIM3
SIM4
1
21
22
SIM5
SIM1
SIM2
SIM3
SIM4
1
21
22
SIM5
SIM1
SIM2
SIM3
SIM4
1
21
22
SIM5
SIM1
SIM2
SIM3
SIM4
1
21
22
SIM5
SIM1
SIM2
SIM3
SIM4
1
21
22
SIM5
SIM1
SIM2
SIM3
SIM4
1
21
22
SIM5
SIM1
SIM2
SIM3
SIM4
1
21
22
SIM5
SIM1
SIM2
SIM3
SIM4
1
21
22
SIM5
SIM1
SIM2
SIM3
SIM4
1
21
22
SIM5
SIM1
SIM2
SIM3
SIM4
1
21
22
SIM5
SIM1
SIM2
SIM3
SIM4
1
21
22
SIM5
SIM1
SIM2
SIM3
SIM4
1
21
22
SIM5
SIM1
SIM2
SIM3
SIM4
1
21
22
SIM5
SIM1
SIM2
SIM3
SIM4
1
21
22
SIM5
SIM1
SIM2
SIM3
SIM4
1
21
22
SIM5
SIM1
SIM2
SIM3
SIM4
1
21
22
SIM5
SIM1
SIM2
SIM3
SIM4
1
21
22
SIM5
SIM1
SIM2
SIM3
SIM4
1
21
22
SIM5
SIM1
SIM2
SIM3
SIM4
1
21
22
SIM5
SIM1
SIM2
SIM3
SIM4
1
21
22
SIM5
SIM1
SIM2
SIM3
SIM4
1
21
22
SIM5
SIM1
SIM2
SIM3
SIM4
1
21
22
SIM5
SIM1
SIM2
SIM3
SIM4
1
21
22
SIM5
SIM1
SIM2
SIM3
SIM4
1
21
22
SIM5
SIM1
SIM2
SIM3
SIM4
1
21
22
SIM5
SIM1
SIM2
SIM3
SIM4
1
21
22
SIM5
SIM1
SIM2
SIM3
SIM4
1
21
22
SIM5
SIM1
SIM2
SIM3
SIM4
1
21
22
SIM5
SIM1
SIM2
SIM3
SIM4
1
21
22
SIM5
SIM1
SIM2
SIM3
SIM4
1
21
22
SIM5
SIM1
SIM2
SIM3
SIM4
1
21
22
SIM5
SIM1
SIM2
SIM3
SIM4
1
21
22
SIM5
SIM1
SIM2
SIM3
SIM4
1
21
22
SIM5
SIM1
SIM2
SIM3
SIM4
1
21
22
SIM5
SIM1
SIM2
SIM3
SIM4
1
21
22
SIM5
SIM1
SIM2
SIM3
SIM4
1
21
22
SIM5
SIM1
SIM2
SIM3
SIM4
1
21
22
SIM5
SIM1
SIM2
SIM3
SIM4
1
21
22
SIM5
SIM1
SIM2
SIM3
SIM4
1
21
22
SIM5
SIM1
SIM2
SIM3
SIM4
1
21
22
SIM5
SIM1
SIM2
SIM3
SIM4
1
21
22
SIM5
SIM1
SIM2
SIM3
SIM4
1
21
22
SIM5
SIM1
SIM2
SIM3
SIM4
1
21
22
SIM5
SIM1
SIM2
SIM3
SIM4
1
21
22
SIM5
SIM1
SIM2
SIM3
SIM4
1
21
22
SIM5
SIM1
SIM2
SIM3
SIM4
1
21
22
SIM5
SIM1
SIM2
SIM3
SIM4
1
21
22
SIM5
SIM1
SIM2
SIM3
SIM4
1
21
22
SIM5
SIM1
SIM2
SIM3
SIM4
1
21
22
SIM5
SIM1
SIM2
SIM3
SIM4
1
21
22
SIM5
SIM1
SIM2
SIM3
SIM4
1
21
22
SIM5
SIM1
SIM2
SIM3
SIM4
1
21
22
SIM5
SIM1
SIM2
SIM3
SIM4
1
21
22
SIM5
SIM1
SIM2
SIM3
SIM4
1
21
22
SIM5
SIM1
SIM2
SIM3
SIM4
1
21
22
SIM5
SIM1
SIM2
SIM3
SIM4
1
21
22
SIM5
SIM1
SIM2
SIM3
SIM4
1
21
22
SIM5
SIM1
SIM2
SIM3
SIM4
1
21
22
SIM5
SIM1
SIM2
SIM3
SIM4
1
21
22
SIM5
SIM1
SIM2
SIM3
SIM4
1
21
22
SIM5
SIM1
SIM2
SIM3
SIM4
1
21
22
SIM5
SIM1
SIM2
SIM3
SIM4
1
21
22
SIM5
SIM1
SIM2
SIM3
SIM4
1
21
22
SIM5
SIM1
SIM2
SIM3
SIM4
1
21
22
SIM5
SIM1
SIM2
SIM3
SIM4
1
21
22
SIM5
SIM1
SIM2
SIM3
SIM4
1
21
22
SIM5
SIM1
SIM2
SIM3
SIM4
1
21
22
SIM5
SIM1
SIM2
SIM3
SIM4
1
21
22
SIM5
SIM1
SIM2
SIM3
SIM4
1
21
22
SIM5
SIM1
SIM2
SIM3
SIM4
1
21
22
SIM5
SIM1
SIM2
SIM3
SIM4
1
21
22
SIM5
SIM1
SIM2
SIM3
SIM4
1
21
22
SIM5
SIM1
SIM2
SIM3
SIM4
1
21
22
SIM5
SIM1
SIM2
SIM3
SIM4
1
21
22
SIM5
SIM1
SIM2
SIM3
SIM4
1
21
22
SIM5
SIM1
SIM2
SIM3
SIM4
1
21
22
SIM5
SIM1
SIM2
SIM3
SIM4
1
21
22
SIM5
SIM1
SIM2
SIM3
SIM4
1
21
22
SIM5
SIM1
SIM2
SIM3
SIM4
1
21
22
SIM5
SIM1
SIM2
SIM3
SIM4
1
21
22
SIM5
SIM1
SIM2
SIM3
SIM4
1
21
22
SIM5
SIM1
SIM2
SIM3
SIM4
1
21
22
SIM5
SIM1
SIM2
SIM3
SIM4
1
21
22
SIM5
SIM1
SIM2
SIM3
SIM4
1
21
22
SIM5
SIM1
SIM2
SIM3
SIM4
1
21
22
SIM5
SIM1
SIM2
SIM3
SIM4
1
21
22
SIM5
SIM1
SIM2
SIM3
SIM4
1
21
22
SIM5
SIM1
SIM2
SIM3
SIM4
1
21
22
SIM5
SIM1
SIM2
SIM3
SIM4
1
21
22
SIM5
SIM1
SIM2
SIM3
SIM4
1
21
22
SIM5
SIM1
SIM2
SIM3
SIM4
1
21
22
SIM5
SIM1
SIM2
SIM3
SIM4
1
21
22
SIM5
SIM1
SIM2
SIM3
SIM4
1
21
22
SIM5
SIM1
SIM2
SIM3
SIM4
1
21
22
SIM5
SIM1
SIM2
SIM3
SIM4
1
21
22
SIM5
SIM1
SIM2
SIM3
SIM4
1
21
22
SIM5
SIM1
SIM2
SIM3
SIM4
1
21
22
SIM5
SIM1
SIM2
SIM3
SIM4
1
21
22
SIM5
SIM1
SIM2
SIM3
SIM4
1
21
22
SIM5
SIM1
SIM2
SIM3
SIM4
1
21
22
SIM5
SIM1
SIM2
SIM3
SIM4
1
21
22
SIM5
SIM1
SIM2
SIM3
SIM4
1
21
22
SIM5
SIM1
SIM2
SIM3
SIM4
1
21
22
SIM5
SIM1
SIM2
SIM3
SIM4
1
21
22
SIM5
SIM1
SIM2
SIM3
SIM4
1
21
22
SIM5
SIM1
SIM2
SIM3
SIM4
1
21
22
SIM5
SIM1
SIM2
SIM3
SIM4
1
21
22
SIM5
SIM1
SIM2
SIM3
SIM4
1
21
22
SIM5
SIM1
SIM2
SIM3
SIM4
1
21
22
SIM5
SIM1
SIM2
SIM3
SIM4
1
21
22
SIM5
SIM1
SIM2
SIM3
SIM4
1
21
22
SIM5
SIM1
SIM2
SIM3
SIM4
1
21
22
SIM5
SIM1
SIM2
SIM3
SIM4
1
21
22
SIM5
SIM1
SIM2
SIM3
SIM4
1
21
22
SIM5
SIM1
SIM2
SIM3
SIM4
1
21
22
SIM5
SIM1
SIM2
SIM3
SIM4
1
21
22
SIM5
SIM1
SIM2
SIM3
SIM4
1
21
22
SIM5
SIM1
SIM2
SIM3
SIM4
1
21
22
SIM5
SIM1
SIM2
SIM3
SIM4
1
21
22
SIM5
SIM1
SIM2
SIM3
SIM4
1
21
22
SIM5
SIM1
SIM2
SIM3
SIM4
1
21
22
SIM5
SIM1
SIM2
SIM3
SIM4
1
21
22
SIM5
SIM1
SIM2
SIM3
SIM4
1
21
22
SIM5
SIM1
SIM2
SIM3
SIM4
1
21
22
SIM5
SIM1
SIM2
SIM3
SIM4
1
21
22
SIM5
SIM1
SIM2
SIM3
SIM4
1
21
22
SIM5
SIM1
SIM2
SIM3
SIM4
1
21
22
SIM5
SIM1
SIM2
SIM3
SIM4
1
21
22
SIM5
SIM1
SIM2
SIM3
SIM4
1
21
22
SIM5
SIM1
SIM2
SIM3
SIM4
1
21
22
SIM5
SIM1
SIM2
SIM3
SIM4
1
21
22
SIM5
SIM1
SIM2
SIM3
SIM4
1
21
22
SIM5
SIM1
SIM2
SIM3
SIM4
1
21
22
SIM5
SIM1
SIM2
SIM3
SIM4
1
21
22
SIM5
SIM1
SIM2
SIM3
SIM4
1
21
22
SIM5
SIM1
SIM2
SIM3
SIM4
1
21
22
SIM5
SIM1
SIM2
SIM3
SIM4
1
21
22
SIM5
SIM1
SIM2
SIM3
SIM4
1
21
22
SIM5
SIM1
SIM2
SIM3
SIM4
1
21
22
SIM5
SIM1
SIM2
SIM3
SIM4
1
21
22
SIM5
SIM1
SIM2
SIM3
SIM4
1
21
22
SIM5
SIM1
SIM2
SIM3
SIM4
1
21
22
SIM5
SIM1
SIM2
SIM3
SIM4
1
21
22
SIM5
SIM1
SIM2
SIM3
SIM4
1
21
22
SIM5
SIM1
SIM2
SIM3
SIM4
1
21
22
SIM5
SIM1
SIM2
SIM3
SIM4
1
21
22
SIM5
SIM1
SIM2
SIM3
SIM4
1
21
22
SIM5
SIM1
SIM2
SIM3
SIM4
1
21
22
SIM5
SIM1
SIM2
SIM3
SIM4
1
21
22
SIM5
SIM1
SIM2
SIM3
SIM4
1
21
22
SIM5
SIM1
SIM2
SIM3
SIM4
1
21
22
SIM5
SIM1
SIM2
SIM3
SIM4
1
21
22
SIM5
SIM1
SIM2
SIM3
SIM4
1
21
22
SIM5
SIM1
SIM2
SIM3
SIM4
1
21
22
SIM5
SIM1
SIM2
SIM3
SIM4
1
21
22
SIM5
SIM1
SIM2
SIM3
SIM4
1
21
22
SIM5
SIM1
SIM2
SIM3
SIM4
1
21
22
SIM5
SIM1
SIM2
SIM3
SIM4
1
21
22
SIM5
SIM1
SIM2
SIM3
SIM4
1
21
22
SIM5
SIM1
SIM2
SIM3
SIM4
1
21
22
SIM5
SIM1
SIM2
SIM3
SIM4
1
21
22
SIM5
SIM1
SIM2
SIM3
SIM4
1
21
22
SIM5
SIM1
SIM2
SIM3
SIM4
1
21
22
SIM5
SIM1
SIM2
SIM3
SIM4
1
21
22
SIM5
SIM1
SIM2
SIM3
SIM4
1
21
22
SIM5
SIM1
SIM2
SIM3
SIM4
1
21
22
SIM5
SIM1
SIM2
SIM3
SIM4
1
21
22
SIM5
SIM1
SIM2
SIM3
SIM4
1
21
22
SIM5
SIM1
SIM2
SIM3
SIM4
1
21
22
SIM5
SIM1
SIM2
SIM3
SIM4
1
21
22
SIM5
SIM1
SIM2
SIM3
SIM4
1
21
22
SIM5
SIM1
SIM2
SIM3
SIM4
1
21
22
SIM5
SIM1
SIM2
SIM3
SIM4
1
21
22
SIM5
SIM1
SIM2
SIM3
SIM4
1
21
22
SIM5
SIM1
SIM2
SIM3
SIM4
1
21
22
SIM5
SIM1
SIM2
SIM3
SIM4
1
21
22
SIM5
SIM1
SIM2
SIM3
SIM4
1
21
22
SIM5
SIM1
SIM2
SIM3
SIM4
1
21
22
SIM5
SIM1
SIM2
SIM3
SIM4
1
21
22
SIM5
SIM1
SIM2
SIM3
SIM4
1
21
22
SIM5
SIM1
SIM2
SIM3
SIM4
1
21
22
SIM5
SIM1
SIM2
SIM3
SIM4
1
21
22
SIM5
SIM1
SIM2
SIM3
SIM4
1
21
22
SIM5
SIM1
SIM2
SIM3
SIM4
1
21
22
SIM5
SIM1
SIM2
SIM3
SIM4
1
21
22
SIM5
SIM1
SIM2
SIM3
SIM4
1
21
22
SIM5
SIM1
SIM2
SIM3
SIM4
1
21
22
SIM5
SIM1
SIM2
SIM3
SIM4
1
21
22
SIM5
SIM1
SIM2
SIM3
SIM4
1
21
22
SIM5
SIM1
SIM2
SIM3
SIM4
1
21
22
SIM5
SIM1
SIM2
SIM3
SIM4
1
21
22
SIM5
SIM1
SIM2
SIM3
SIM4
1
21
22
SIM5
SIM1
SIM2
SIM3
SIM4
1
21
22
SIM5
SIM1
SIM2
SIM3
SIM4
1
21
22
SIM5
SIM1
SIM2
SIM3
SIM4
1
21
22
SIM5
SIM1
SIM2
SIM3
SIM4
1
21
22
SIM5
SIM1
SIM2
SIM3
SIM4
1
21
22
SIM5
SIM1
SIM2
SIM3
SIM4
1
21
22
SIM5
SIM1
SIM2
SIM3
SIM4
1
21
22
SIM5
SIM1
SIM2
SIM3
SIM4
1
21
22
SIM5
SIM1
SIM2
SIM3
SIM4
1
21
22
SIM5
SIM1
SIM2
SIM3
SIM4
1
21
22
SIM5
SIM1
SIM2
SIM3
SIM4
1
21
22
SIM5
SIM1
SIM2
SIM3
SIM4
1
21
22
SIM5
SIM1
SIM2
SIM3
SIM4
1
21
22
SIM5
SIM1
SIM2
SIM3
SIM4
1
21
22
SIM5
SIM1
SIM2
SIM3
SIM4
1
21
22
SIM5
SIM1
SIM2
SIM3
SIM4
1
21
22
SIM5
SIM1
SIM2
SIM3
SIM4
1
21
22
SIM5
SIM1
SIM2
SIM3
SIM4
1
21
22
SIM5
SIM1
SIM2
SIM3
SIM4
1
21
22
SIM5
SIM1
SIM2
SIM3
SIM4
1
21
22
SIM5
SIM1
SIM2
SIM3
SIM4
1
21
22
SIM5
SIM1
SIM2
SIM3
SIM4
1
21
22
SIM5
SIM1
SIM2
SIM3
SIM4
1
21
22
SIM5
SIM1
SIM2
SIM3
SIM4
1
21
22
SIM5
SIM1
SIM2
SIM3
SIM4
1
21
22
SIM5
SIM1
SIM2
SIM3
SIM4
1
21
22
SIM5
SIM1
SIM2
SIM3
SIM4
1
21
22
SIM5
SIM1
SIM2
SIM3
SIM4
1
21
22
SIM5
SIM1
SIM2
SIM3
SIM4
1
21
22
SIM5
SIM1
SIM2
SIM3
SIM4
1
21
22
SIM5
SIM1
SIM2
SIM3
SIM4
1
21
22
SIM5
SIM1
SIM2
SIM3
SIM4
1
21
22
SIM5
SIM1
SIM2
SIM3
SIM4
1
21
22
SIM5
SIM1
SIM2
SIM3
SIM4
1
21
22
SIM5
SIM1
SIM2
SIM3
SIM4
1
21
22
SIM5
SIM1
SIM2
SIM3
SIM4
1
21
22
SIM5
SIM1
SIM2
SIM3
SIM4
1
21
22
SIM5
SIM1
SIM2
SIM3
SIM4
1
21
22
SIM5
SIM1
SIM2
SIM3
SIM4
1
21
22
SIM5
SIM1
SIM2
SIM3
SIM4
1
21
22
SIM5
SIM1
SIM2
DEBUG 1 551
SIM1
SIM2
SIM3
SIM4
1
21
22
SIM5
SIM1
SIM2
SIM3
SIM4
1
21
22
SIM5
SIM1
SIM2
SIM3
SIM4
1
21
22
SIM5
SIM1
SIM2
SIM3
SIM4
1
21
22
SIM5
SIM1
SIM2
SIM3
SIM4
1
21
22
SIM5
SIM1
SIM2
SIM3
SIM4
1
21
22
SIM5
SIM1
SIM2
SIM3
SIM4
1
21
22
SIM5
SIM1
SIM2
SIM3
SIM4
1
21
22
SIM5
SIM1
SIM2
SIM3
SIM4
1
21
22
SIM5
SIM1
SIM2
SIM3
SIM4
1
21
22
SIM5
SIM1
SIM2
SIM3
SIM4
1
21
22
SIM5
SIM1
SIM2
SIM3
SIM4
1
21
22
SIM5
SIM1
SIM2
SIM3
SIM4
1
21
22
SIM5
SIM1
SIM2
SIM3
SIM4
1
21
22
SIM5
SIM1
SIM2
SIM3
SIM4
1
21
22
SIM5
SIM1
SIM2
SIM3
SIM4
1
21
22
SIM5
SIM1
SIM2
SIM3
SIM4
1
21
22
SIM5
SIM1
SIM2
SIM3
SIM4
1
21
22
SIM5
SIM1
SIM2
SIM3
SIM4
1
21
22
SIM5
SIM1
SIM2
SIM3
SIM4
1
21
22
SIM5
SIM1
SIM2
SIM3
SIM4
1
21
22
SIM5
SIM1
SIM2
SIM3
SIM4
1
21
22
SIM5
SIM1
SIM2
SIM3
SIM4
1
21
22
SIM5
SIM1
SIM2
SIM3
SIM4
1
21
22
SIM5
SIM1
SIM2
SIM3
SIM4
1
21
22
SIM5
SIM1
SIM2
SIM3
SIM4
1
21
22
SIM5
SIM1
SIM2
SIM3
SIM4
1
21
22
SIM5
SIM1
SIM2
SIM3
SIM4
1
21
22
SIM5
SIM1
SIM2
SIM3
SIM4
1
21
22
SIM5
SIM1
SIM2
SIM3
SIM4
1
21
22
SIM5
SIM1
SIM2
SIM3
SIM4
1
21
22
SIM5
SIM1
SIM2
SIM3
SIM4
1
21
22
SIM5
SIM1
SIM2
SIM3
SIM4
1
21
22
SIM5
SIM1
SIM2
SIM3
SIM4
1
21
22
SIM5
SIM1
SIM2
SIM3
SIM4
1
21
22
SIM5
SIM1
SIM2
SIM3
SIM4
1
21
22
SIM5
SIM1
SIM2
SIM3
SIM4
1
21
22
SIM5
SIM1
SIM2
SIM3
SIM4
1
21
22
SIM5
SIM1
SIM2
SIM3
SIM4
1
21
22
SIM5
SIM1
SIM2
SIM3
SIM4
1
21
22
SIM5
SIM1
SIM2
SIM3
SIM4
1
21
22
SIM5
SIM1
SIM2
SIM3
SIM4
1
21
22
SIM5
SIM1
SIM2
SIM3
SIM4
1
21
22
SIM5
SIM1
SIM2
SIM3
SIM4
1
21
22
SIM5
SIM1
SIM2
SIM3
SIM4
1
21
22
SIM5
SIM1
SIM2
SIM3
SIM4
1
21
22
SIM5
SIM1
SIM2
SIM3
SIM4
1
21
22
SIM5
SIM1
SIM2
SIM3
SIM4
1
21
22
SIM5
SIM1
SIM2
SIM3
SIM4
1
21
22
SIM5
SIM1
SIM2
SIM3
SIM4
1
21
22
SIM5
SIM1
SIM2
SIM3
SIM4
1
21
22
SIM5
SIM1
SIM2
SIM3
SIM4
1
21
22
SIM5
SIM1
SIM2
SIM3
SIM4
1
21
22
SIM5
SIM1
SIM2
SIM3
SIM4
1
21
22
SIM5
SIM1
SIM2
SIM3
SIM4
1
21
22
SIM5
SIM1
SIM2
SIM3
SIM4
1
21
22
SIM5
SIM1
SIM2
SIM3
SIM4
1
21
22
SIM5
SIM1
SIM2
SIM3
SIM4
1
21
22
SIM5
SIM1
SIM2
SIM3
SIM4
1
21
22
SIM5
SIM1
SIM2
SIM3
SIM4
1
21
22
SIM5
SIM1
SIM2
SIM3
SIM4
1
21
22
SIM5
SIM1
SIM2
SIM3
SIM4
1
21
22
SIM5
SIM1
SIM2
SIM3
SIM4
1
21
22
SIM5
SIM1
SIM2
SIM3
SIM4
1
21
22
SIM5
SIM1
SIM2
SIM3
SIM4
1
21
22
SIM5
SIM1
SIM2
SIM3
SIM4
1
21
22
SIM5
SIM1
SIM2
SIM3
SIM4
1
21
22
SIM5
SIM1
SIM2
SIM3
SIM4
1
21
22
SIM5
SIM1
SIM2
SIM3
SIM4
1
21
22
SIM5
SIM1
SIM2
SIM3
SIM4
1
21
22
SIM5
SIM1
SIM2
SIM3
SIM4
1
21
22
SIM5
SIM1
SIM2
SIM3
SIM4
1
21
22
SIM5
SIM1
SIM2
SIM3
SIM4
1
21
22
SIM5
SIM1
SIM2
SIM3
SIM4
1
21
22
SIM5
SIM1
SIM2
SIM3
SIM4
1
21
22
SIM5
SIM1
SIM2
SIM3
SIM4
1
21
22
SIM5
SIM1
SIM2
SIM3
SIM4
1
21
22
SIM5
SIM1
SIM2
SIM3
SIM4
1
21
22
SIM5
SIM1
SIM2
SIM3
SIM4
1
21
22
SIM5
SIM1
SIM2
SIM3
SIM4
1
21
22
SIM5
SIM1
SIM2
SIM3
SIM4
1
21
22
SIM5
SIM1
SIM2
SIM3
SIM4
1
21
22
SIM5
SIM1
SIM2
SIM3
SIM4
1
21
22
SIM5
SIM1
SIM2
SIM3
SIM4
1
21
22
SIM5
SIM1
SIM2
SIM3
SIM4
1
21
22
SIM5
SIM1
SIM2
SIM3
SIM4
1
21
22
SIM5
SIM1
SIM2
SIM3
SIM4
1
21
22
SIM5
SIM1
SIM2
SIM3
SIM4
1
21
22
SIM5
SIM1
SIM2
SIM3
SIM4
1
21
22
SIM5
SIM1
SIM2
SIM3
SIM4
1
21
22
SIM5
SIM1
SIM2
SIM3
SIM4
1
21
22
SIM5
SIM1
SIM2
SIM3
SIM4
1
21
22
SIM5
SIM1
SIM2
SIM3
SIM4
1
21
22
SIM5
SIM1
SIM2
SIM3
SIM4
1
21
22
SIM5
SIM1
SIM2
SIM3
SIM4
1
21
22
SIM5
SIM1
SIM2
SIM3
SIM4
1
21
22
SIM5
SIM1
SIM2
SIM3
SIM4
1
21
22
SIM5
SIM1
SIM2
SIM3
SIM4
1
21
22
SIM5
SIM1
SIM2
SIM3
SIM4
1
21
22
SIM5
SIM1
SIM2
SIM3
SIM4
1
21
22
SIM5
SIM1
SIM2
SIM3
SIM4
1
21
22
SIM5
SIM1
SIM2
SIM3
SIM4
1
21
22
SIM5
SIM1
SIM2
SIM3
SIM4
1
21
22
SIM5
SIM1
SIM2
SIM3
SIM4
1
21
22
SIM5
SIM1
SIM2
SIM3
SIM4
1
21
22
SIM5
SIM1
SIM2
SIM3
SIM4
1
21
22
SIM5
SIM1
SIM2
SIM3
SIM4
1
21
22
SIM5
SIM1
SIM2
SIM3
SIM4
1
21
22
SIM5
SIM1
SIM2
SIM3
SIM4
1
21
22
SIM5
SIM1
SIM2
SIM3
SIM4
1
21
22
SIM5
SIM1
SIM2
SIM3
SIM4
1
21
22
SIM5
SIM1
SIM2
SIM3
SIM4
1
21
22
SIM5
SIM1
SIM2
SIM3
SIM4
1
21
22
SIM5
SIM1
SIM2
SIM3
SIM4
1
21
22
SIM5
SIM1
SIM2
SIM3
SIM4
1
21
22
SIM5
SIM1
SIM2
SIM3
SIM4
1
21
22
SIM5
SIM1
SIM2
SIM3
SIM4
1
21
22
SIM5
SIM1
SIM2
SIM3
SIM4
1
21
22
SIM5
SIM1
SIM2
SIM3
SIM4
1
21
22
SIM5
SIM1
SIM2
SIM3
SIM4
1
21
22
SIM5
SIM1
SIM2
SIM3
SIM4
1
21
22
SIM5
SIM1
SIM2
SIM3
SIM4
1
21
22
SIM5
SIM1
SIM2
SIM3
SIM4
1
21
22
SIM5
SIM1
SIM2
SIM3
SIM4
1
21
22
SIM5
SIM1
SIM2
SIM3
SIM4
1
21
22
SIM5
SIM1
SIM2
SIM3
SIM4
1
21
22
SIM5
SIM1
SIM2
SIM3
SIM4
1
21
22
SIM5
SIM1
SIM2
SIM3
SIM4
1
21
22
SIM5
SIM1
SIM2
SIM3
SIM4
1
21
22
SIM5
SIM1
SIM2
SIM3
SIM4
1
21
22
SIM5
SIM1
SIM2
SIM3
SIM4
1
21
22
SIM5
SIM1
SIM2
SIM3
SIM4
1
21
22
SIM5
SIM1
SIM2
SIM3
SIM4
1
21
22
SIM5
SIM1
SIM2
SIM3
SIM4
1
21
22
SIM5
SIM1
SIM2
SIM3
SIM4
1
21
22
SIM5
SIM1
SIM2
SIM3
SIM4
1
21
22
SIM5
SIM1
SIM2
SIM3
SIM4
1
21
22
SIM5
SIM1
SIM2
SIM3
SIM4
1
21
22
SIM5
SIM1
SIM2
SIM3
SIM4
1
21
22
SIM5
SIM1
SIM2
SIM3
SIM4
1
21
22
SIM5
SIM1
SIM2
SIM3
SIM4
1
21
22
SIM5
SIM1
SIM2
SIM3
SIM4
1
21
22
SIM5
SIM1
SIM2
SIM3
SIM4
1
21
22
SIM5
SIM1
SIM2
SIM3
SIM4
1
21
22
SIM5
SIM1
SIM2
SIM3
SIM4
1
21
22
SIM5
SIM1
SIM2
SIM3
SIM4
1
21
22
SIM5
SIM1
SIM2
SIM3
SIM4
1
21
22
SIM5
SIM1
SIM2
SIM3
SIM4
1
21
22
SIM5
SIM1
SIM2
SIM3
SIM4
1
21
22
SIM5
SIM1
SIM2
SIM3
SIM4
1
21
22
SIM5
SIM1
SIM2
SIM3
SIM4
1
21
22
SIM5
SIM1
SIM2
SIM3
SIM4
1
21
22
SIM5
SIM1
SIM2
SIM3
SIM4
1
21
22
SIM5
SIM1
SIM2
SIM3
SIM4
1
21
22
SIM5
SIM1
SIM2
SIM3
SIM4
1
21
22
SIM5
SIM1
SIM2
SIM3
SIM4
1
21
22
SIM5
SIM1
SIM2
SIM3
SIM4
1
21
22
SIM5
SIM1
SIM2
SIM3
SIM4
1
21
22
SIM5
SIM1
SIM2
SIM3
SIM4
1
21
22
SIM5
SIM1
SIM2
SIM3
SIM4
1
21
22
SIM5
SIM1
SIM2
SIM3
SIM4
1
21
22
SIM5
SIM1
SIM2
SIM3
SIM4
1
21
22
SIM5
SIM1
SIM2
SIM3
SIM4
1
21
22
SIM5
SIM1
SIM2
SIM3
SIM4
1
21
22
SIM5
SIM1
SIM2
SIM3
SIM4
1
21
22
SIM5
SIM1
SIM2
SIM3
SIM4
1
21
22
SIM5
SIM1
SIM2
SIM3
SIM4
1
21
22
SIM5
SIM1
SIM2
SIM3
SIM4
1
21
22
SIM5
SIM1
SIM2
SIM3
SIM4
1
21
22
SIM5
SIM1
SIM2
SIM3
SIM4
1
21
22
SIM5
SIM1
SIM2
SIM3
SIM4
1
21
22
SIM5
SIM1
SIM2
SIM3
SIM4
1
21
22
SIM5
SIM1
SIM2
SIM3
SIM4
1
21
22
SIM5
SIM1
SIM2
SIM3
SIM4
1
21
22
SIM5
SIM1
SIM2
SIM3
SIM4
1
21
22
SIM5
SIM1
SIM2
SIM3
SIM4
1
21
22
SIM5
SIM1
SIM2
SIM3
SIM4
1
21
22
SIM5
SIM1
SIM2
SIM3
SIM4
1
21
22
SIM5
SIM1
SIM2
SIM3
SIM4
1
21
22
SIM5
SIM1
SIM2
SIM3
SIM4
1
21
22
SIM5
SIM1
SIM2
SIM3
SIM4
1
21
22
SIM5
SIM1
SIM2
SIM3
SIM4
1
21
22
SIM5
SIM1
SIM2
SIM3
SIM4
1
21
22
SIM5
SIM1
SIM2
SIM3
SIM4
1
21
22
SIM5
SIM1
SIM2
SIM3
SIM4
1
21
22
SIM5
SIM1
SIM2
SIM3
SIM4
1
21
22
SIM5
SIM1
SIM2
SIM3
SIM4
1
21
22
SIM5
SIM1
SIM2
SIM3
SIM4
1
21
22
SIM5
SIM1
SIM2
SIM3
SIM4
1
21
22
SIM5
SIM1
SIM2
SIM3
SIM4
1
21
22
SIM5
SIM1
SIM2
SIM3
SIM4
1
21
22
SIM5
SIM1
SIM2
SIM3
SIM4
1
21
22
SIM5
SIM1
SIM2
SIM3
SIM4
1
21
22
SIM5
SIM1
SIM2
SIM3
SIM4
1
21
22
SIM5
SIM1
SIM2
SIM3
SIM4
1
21
22
SIM5
SIM1
SIM2
SIM3
SIM4
1
21
22
SIM5
SIM1
SIM2
SIM3
SIM4
1
21
22
SIM5
SIM1
SIM2
SIM3
SIM4
1
21
22
SIM5
SIM1
SIM2
SIM3
SIM4
1
21
22
SIM5
SIM1
SIM2
SIM3
SIM4
1
21
22
SIM5
SIM1
SIM2
SIM3
SIM4
1
21
22
SIM5
SIM1
SIM2
SIM3
SIM4
1
21
22
SIM5
SIM1
SIM2
SIM3
SIM4
1
21
22
SIM5
SIM1
SIM2
SIM3
SIM4
1
21
22
SIM5
SIM1
SIM2
SIM3
SIM4
1
21
22
SIM5
SIM1
SIM2
SIM3
SIM4
1
21
22
SIM5
SIM1
SIM2
SIM3
SIM4
1
21
22
SIM5
SIM1
SIM2
SIM3
SIM4
1
21
22
SIM5
SIM1
SIM2
SIM3
SIM4
1
21
22
SIM5
SIM1
SIM2
SIM3
SIM4
1
21
22
SIM5
SIM1
SIM2
SIM3
SIM4
1
21
22
SIM5
SIM1
SIM2
SIM3
SIM4
1
21
22
SIM5
SIM1
SIM2
SIM3
SIM4
1
21
22
SIM5
SIM1
SIM2
SIM3
SIM4
1
21
22
SIM5
SIM1
SIM2
SIM3
SIM4
1
21
22
SIM5
SIM1
SIM2
SIM3
SIM4
1
21
22
SIM5
SIM1
SIM2
SIM3
SIM4
1
21
22
SIM5
SIM1
SIM2
SIM3
SIM4
1
21
22
SIM5
SIM1
SIM2
SIM3
SIM4
1
21
22
SIM5
SIM1
SIM2
SIM3
SIM4
1
21
22
SIM5
SIM1
SIM2
SIM3
SIM4
1
21
22
SIM5
SIM1
SIM2
SIM3
SIM4
1
21
22
SIM5
SIM1
SIM2
SIM3
SIM4
1
21
22
SIM5
SIM1
SIM2
SIM3
SIM4
1
21
22
SIM5
SIM1
SIM2
SIM3
SIM4
1
21
22
SIM5
SIM1
SIM2
SIM3
SIM4
1
21
22
SIM5
SIM1
SIM2
SIM3
SIM4
1
21
22
SIM5
SIM1
SIM2
SIM3
SIM4
1
21
22
SIM5
SIM1
SIM2
SIM3
SIM4
1
21
22
SIM5
SIM1
SIM2
SIM3
SIM4
1
21
22
SIM5
SIM1
SIM2
SIM3
SIM4
1
21
22
SIM5
SIM1
SIM2
SIM3
SIM4
1
21
22
SIM5
SIM1
SIM2
SIM3
SIM4
1
21
22
SIM5
SIM1
SIM2
SIM3
SIM4
1
21
22
SIM5
SIM1
SIM2
SIM3
SIM4
1
21
22
SIM5
SIM1
SIM2
SIM3
SIM4
1
21
22
SIM5
SIM1
SIM2
SIM3
SIM4
1
21
22
SIM5
SIM1
SIM2
SIM3
SIM4
1
21
22
SIM5
SIM1
SIM2
SIM3
SIM4
1
21
22
SIM5
SIM1
SIM2
SIM3
SIM4
1
21
22
SIM5
SIM1
SIM2
SIM3
SIM4
1
21
22
SIM5
SIM1
SIM2
SIM3
SIM4
1
21
22
SIM5
SIM1
SIM2
SIM3
SIM4
1
21
22
SIM5
SIM1
SIM2
SIM3
SIM4
1
21
22
SIM5
SIM1
SIM2
SIM3
SIM4
1
21
22
SIM5
SIM1
SIM2
SIM3
SIM4
1
21
22
SIM5
SIM1
SIM2
SIM3
SIM4
1
21
22
SIM5
SIM1
SIM2
DEBUG 1 552
SIM1
SIM2
SIM3
SIM4
1
21
22
SIM5
SIM1
SIM2
SIM3
SIM4
1
21
22
SIM5
SIM1
SIM2
SIM3
SIM4
1
21
22
SIM5
SIM1
SIM2
SIM3
SIM4
1
21
22
SIM5
SIM1
SIM2
SIM3
SIM4
1
21
22
SIM5
SIM1
SIM2
SIM3
SIM4
1
21
22
SIM5
SIM1
SIM2
SIM3
SIM4
1
21
22
SIM5
SIM1
SIM2
SIM3
SIM4
1
21
22
SIM5
SIM1
SIM2
SIM3
SIM4
1
21
22
SIM5
SIM1
SIM2
SIM3
SIM4
1
21
22
SIM5
SIM1
SIM2
SIM3
SIM4
1
21
22
SIM5
SIM1
SIM2
SIM3
SIM4
1
21
22
SIM5
SIM1
SIM2
SIM3
SIM4
1
21
22
SIM5
SIM1
SIM2
SIM3
SIM4
1
21
22
SIM5
SIM1
SIM2
SIM3
SIM4
1
21
22
SIM5
SIM1
SIM2
SIM3
SIM4
1
21
22
SIM5
SIM1
SIM2
SIM3
SIM4
1
21
22
SIM5
SIM1
SIM2
SIM3
SIM4
1
21
22
SIM5
SIM1
SIM2
SIM3
SIM4
1
21
22
SIM5
SIM1
SIM2
SIM3
SIM4
1
21
22
SIM5
SIM1
SIM2
SIM3
SIM4
1
21
22
SIM5
SIM1
SIM2
SIM3
SIM4
1
21
22
SIM5
SIM1
SIM2
SIM3
SIM4
1
21
22
SIM5
SIM1
SIM2
SIM3
SIM4
1
21
22
SIM5
SIM1
SIM2
SIM3
SIM4
1
21
22
SIM5
SIM1
SIM2
SIM3
SIM4
1
21
22
SIM5
SIM1
SIM2
SIM3
SIM4
1
21
22
SIM5
SIM1
SIM2
SIM3
SIM4
1
21
22
SIM5
SIM1
SIM2
SIM3
SIM4
1
21
22
SIM5
SIM1
SIM2
SIM3
SIM4
1
21
22
SIM5
SIM1
SIM2
SIM3
SIM4
1
21
22
SIM5
SIM1
SIM2
SIM3
SIM4
1
21
22
SIM5
SIM1
SIM2
SIM3
SIM4
1
21
22
SIM5
SIM1
SIM2
SIM3
SIM4
1
21
22
SIM5
SIM1
SIM2
SIM3
SIM4
1
21
22
SIM5
SIM1
SIM2
SIM3
SIM4
1
21
22
SIM5
SIM1
SIM2
SIM3
SIM4
1
21
22
SIM5
SIM1
SIM2
SIM3
SIM4
1
21
22
SIM5
SIM1
SIM2
SIM3
SIM4
1
21
22
SIM5
SIM1
SIM2
SIM3
SIM4
1
21
22
SIM5
SIM1
SIM2
SIM3
SIM4
1
21
22
SIM5
SIM1
SIM2
SIM3
SIM4
1
21
22
SIM5
SIM1
SIM2
SIM3
SIM4
1
21
22
SIM5
SIM1
SIM2
SIM3
SIM4
1
21
22
SIM5
SIM1
SIM2
SIM3
SIM4
1
21
22
SIM5
SIM1
SIM2
SIM3
SIM4
1
21
22
SIM5
SIM1
SIM2
SIM3
SIM4
1
21
22
SIM5
SIM1
SIM2
SIM3
SIM4
1
21
22
SIM5
SIM1
SIM2
SIM3
SIM4
1
21
22
SIM5
SIM1
SIM2
SIM3
SIM4
1
21
22
SIM5
SIM1
SIM2
SIM3
SIM4
1
21
22
SIM5
SIM1
SIM2
SIM3
SIM4
1
21
22
SIM5
SIM1
SIM2
SIM3
SIM4
1
21
22
SIM5
SIM1
SIM2
SIM3
SIM4
1
21
22
SIM5
SIM1
SIM2
SIM3
SIM4
1
21
22
SIM5
SIM1
SIM2
SIM3
SIM4
1
21
22
SIM5
SIM1
SIM2
SIM3
SIM4
1
21
22
SIM5
SIM1
SIM2
SIM3
SIM4
1
21
22
SIM5
SIM1
SIM2
SIM3
SIM4
1
21
22
SIM5
SIM1
SIM2
SIM3
SIM4
1
21
22
SIM5
SIM1
SIM2
SIM3
SIM4
1
21
22
SIM5
SIM1
SIM2
SIM3
SIM4
1
21
22
SIM5
SIM1
SIM2
SIM3
SIM4
1
21
22
SIM5
SIM1
SIM2
SIM3
SIM4
1
21
22
SIM5
SIM1
SIM2
SIM3
SIM4
1
21
22
SIM5
SIM1
SIM2
SIM3
SIM4
1
21
22
SIM5
SIM1
SIM2
SIM3
SIM4
1
21
22
SIM5
SIM1
SIM2
SIM3
SIM4
1
21
22
SIM5
SIM1
SIM2
SIM3
SIM4
1
21
22
SIM5
SIM1
SIM2
SIM3
SIM4
1
21
22
SIM5
SIM1
SIM2
SIM3
SIM4
1
21
22
SIM5
SIM1
SIM2
SIM3
SIM4
1
21
22
SIM5
SIM1
SIM2
SIM3
SIM4
1
21
22
SIM5
SIM1
SIM2
SIM3
SIM4
1
21
22
SIM5
SIM1
SIM2
SIM3
SIM4
1
21
22
SIM5
SIM1
SIM2
SIM3
SIM4
1
21
22
SIM5
SIM1
SIM2
SIM3
SIM4
1
21
22
SIM5
SIM1
SIM2
SIM3
SIM4
1
21
22
SIM5
SIM1
SIM2
SIM3
SIM4
1
21
22
SIM5
SIM1
SIM2
SIM3
SIM4
1
21
22
SIM5
SIM1
SIM2
SIM3
SIM4
1
21
22
SIM5
SIM1
SIM2
SIM3
SIM4
1
21
22
SIM5
SIM1
SIM2
SIM3
SIM4
1
21
22
SIM5
SIM1
SIM2
SIM3
SIM4
1
21
22
SIM5
SIM1
SIM2
SIM3
SIM4
1
21
22
SIM5
SIM1
SIM2
SIM3
SIM4
1
21
22
SIM5
SIM1
SIM2
SIM3
SIM4
1
21
22
SIM5
SIM1
SIM2
SIM3
SIM4
1
21
22
SIM5
SIM1
SIM2
SIM3
SIM4
1
21
22
SIM5
SIM1
SIM2
SIM3
SIM4
1
21
22
SIM5
SIM1
SIM2
SIM3
SIM4
1
21
22
SIM5
SIM1
SIM2
SIM3
SIM4
1
21
22
SIM5
SIM1
SIM2
SIM3
SIM4
1
21
22
SIM5
SIM1
SIM2
SIM3
SIM4
1
21
22
SIM5
SIM1
SIM2
SIM3
SIM4
1
21
22
SIM5
SIM1
SIM2
SIM3
SIM4
1
21
22
SIM5
SIM1
SIM2
SIM3
SIM4
1
21
22
SIM5
SIM1
SIM2
SIM3
SIM4
1
21
22
SIM5
SIM1
SIM2
SIM3
SIM4
1
21
22
SIM5
SIM1
SIM2
SIM3
SIM4
1
21
22
SIM5
SIM1
SIM2
SIM3
SIM4
1
21
22
SIM5
SIM1
SIM2
SIM3
SIM4
1
21
22
SIM5
SIM1
SIM2
SIM3
SIM4
1
21
22
SIM5
SIM1
SIM2
SIM3
SIM4
1
21
22
SIM5
SIM1
SIM2
SIM3
SIM4
1
21
22
SIM5
SIM1
SIM2
SIM3
SIM4
1
21
22
SIM5
SIM1
SIM2
SIM3
SIM4
1
21
22
SIM5
SIM1
SIM2
SIM3
SIM4
1
21
22
SIM5
SIM1
SIM2
SIM3
SIM4
1
21
22
SIM5
SIM1
SIM2
SIM3
SIM4
1
21
22
SIM5
SIM1
SIM2
SIM3
SIM4
1
21
22
SIM5
SIM1
SIM2
SIM3
SIM4
1
21
22
SIM5
SIM1
SIM2
SIM3
SIM4
1
21
22
SIM5
SIM1
SIM2
SIM3
SIM4
1
21
22
SIM5
SIM1
SIM2
SIM3
SIM4
1
21
22
SIM5
SIM1
SIM2
SIM3
SIM4
1
21
22
SIM5
SIM1
SIM2
SIM3
SIM4
1
21
22
SIM5
SIM1
SIM2
SIM3
SIM4
1
21
22
SIM5
SIM1
SIM2
SIM3
SIM4
1
21
22
SIM5
SIM1
SIM2
SIM3
SIM4
1
21
22
SIM5
SIM1
SIM2
SIM3
SIM4
1
21
22
SIM5
SIM1
SIM2
SIM3
SIM4
1
21
22
SIM5
SIM1
SIM2
SIM3
SIM4
1
21
22
SIM5
SIM1
SIM2
SIM3
SIM4
1
21
22
SIM5
SIM1
SIM2
SIM3
SIM4
1
21
22
SIM5
SIM1
SIM2
SIM3
SIM4
1
21
22
SIM5
SIM1
SIM2
SIM3
SIM4
1
21
22
SIM5
SIM1
SIM2
SIM3
SIM4
1
21
22
SIM5
SIM1
SIM2
SIM3
SIM4
1
21
22
SIM5
SIM1
SIM2
SIM3
SIM4
1
21
22
SIM5
SIM1
SIM2
SIM3
SIM4
1
21
22
SIM5
SIM1
SIM2
SIM3
SIM4
1
21
22
SIM5
SIM1
SIM2
SIM3
SIM4
1
21
22
SIM5
SIM1
SIM2
SIM3
SIM4
1
21
22
SIM5
SIM1
SIM2
SIM3
SIM4
1
21
22
SIM5
SIM1
SIM2
SIM3
SIM4
1
21
22
SIM5
SIM1
SIM2
SIM3
SIM4
1
21
22
SIM5
SIM1
SIM2
SIM3
SIM4
1
21
22
SIM5
SIM1
SIM2
SIM3
SIM4
1
21
22
SIM5
SIM1
SIM2
SIM3
SIM4
1
21
22
SIM5
SIM1
SIM2
SIM3
SIM4
1
21
22
SIM5
SIM1
SIM2
SIM3
SIM4
1
21
22
SIM5
SIM1
SIM2
SIM3
SIM4
1
21
22
SIM5
SIM1
SIM2
SIM3
SIM4
1
21
22
SIM5
SIM1
SIM2
SIM3
SIM4
1
21
22
SIM5
SIM1
SIM2
SIM3
SIM4
1
21
22
SIM5
SIM1
SIM2
SIM3
SIM4
1
21
22
SIM5
SIM1
SIM2
SIM3
SIM4
1
21
22
SIM5
SIM1
SIM2
SIM3
SIM4
1
21
22
SIM5
SIM1
SIM2
SIM3
SIM4
1
21
22
SIM5
SIM1
SIM2
SIM3
SIM4
1
21
22
SIM5
SIM1
SIM2
SIM3
SIM4
1
21
22
SIM5
SIM1
SIM2
SIM3
SIM4
1
21
22
SIM5
SIM1
SIM2
SIM3
SIM4
1
21
22
SIM5
SIM1
SIM2
SIM3
SIM4
1
21
22
SIM5
SIM1
SIM2
SIM3
SIM4
1
21
22
SIM5
SIM1
SIM2
SIM3
SIM4
1
21
22
SIM5
SIM1
SIM2
SIM3
SIM4
1
21
22
SIM5
SIM1
SIM2
SIM3
SIM4
1
21
22
SIM5
SIM1
SIM2
SIM3
SIM4
1
21
22
SIM5
SIM1
SIM2
SIM3
SIM4
1
21
22
SIM5
SIM1
SIM2
SIM3
SIM4
1
21
22
SIM5
SIM1
SIM2
DEBUG 1 553
SIM1
SIM2
SIM3
SIM4
1
21
22
SIM5
SIM1
SIM2
SIM3
SIM4
1
21
22
SIM5
SIM1
SIM2
SIM3
SIM4
1
21
22
SIM5
SIM1
SIM2
SIM3
SIM4
1
21
22
SIM5
SIM1
SIM2
SIM3
SIM4
1
21
22
SIM5
SIM1
SIM2
SIM3
SIM4
1
21
22
SIM5
SIM1
SIM2
SIM3
SIM4
1
21
22
SIM5
SIM1
SIM2
SIM3
SIM4
1
21
22
SIM5
SIM1
SIM2
SIM3
SIM4
1
21
22
SIM5
SIM1
SIM2
SIM3
SIM4
1
21
22
SIM5
SIM1
SIM2
SIM3
SIM4
1
21
22
SIM5
SIM1
SIM2
SIM3
SIM4
1
21
22
SIM5
SIM1
SIM2
SIM3
SIM4
1
21
22
SIM5
SIM1
SIM2
SIM3
SIM4
1
21
22
SIM5
SIM1
SIM2
SIM3
SIM4
1
21
22
SIM5
SIM1
SIM2
SIM3
SIM4
1
21
22
SIM5
SIM1
SIM2
SIM3
SIM4
1
21
22
SIM5
SIM1
SIM2
SIM3
SIM4
1
21
22
SIM5
SIM1
SIM2
SIM3
SIM4
1
21
22
SIM5
SIM1
SIM2
SIM3
SIM4
1
21
22
SIM5
SIM1
SIM2
SIM3
SIM4
1
21
22
SIM5
SIM1
SIM2
SIM3
SIM4
1
21
22
SIM5
SIM1
SIM2
SIM3
SIM4
1
21
22
SIM5
SIM1
SIM2
SIM3
SIM4
1
21
22
SIM5
SIM1
SIM2
SIM3
SIM4
1
21
22
SIM5
SIM1
SIM2
SIM3
SIM4
1
21
22
SIM5
SIM1
SIM2
SIM3
SIM4
1
21
22
SIM5
SIM1
SIM2
SIM3
SIM4
1
21
22
SIM5
SIM1
SIM2
SIM3
SIM4
1
21
22
SIM5
SIM1
SIM2
SIM3
SIM4
1
21
22
SIM5
SIM1
SIM2
SIM3
SIM4
1
21
22
SIM5
SIM1
SIM2
SIM3
SIM4
1
21
22
SIM5
SIM1
SIM2
SIM3
SIM4
1
21
22
SIM5
SIM1
SIM2
SIM3
SIM4
1
21
22
SIM5
SIM1
SIM2
SIM3
SIM4
1
21
22
SIM5
SIM1
SIM2
SIM3
SIM4
1
21
22
SIM5
SIM1
SIM2
SIM3
SIM4
1
21
22
SIM5
SIM1
SIM2
SIM3
SIM4
1
21
22
SIM5
SIM1
SIM2
SIM3
SIM4
1
21
22
SIM5
SIM1
SIM2
SIM3
SIM4
1
21
22
SIM5
SIM1
SIM2
SIM3
SIM4
1
21
22
SIM5
SIM1
SIM2
SIM3
SIM4
1
21
22
SIM5
SIM1
SIM2
SIM3
SIM4
1
21
22
SIM5
SIM1
SIM2
SIM3
SIM4
1
21
22
SIM5
SIM1
SIM2
SIM3
SIM4
1
21
22
SIM5
SIM1
SIM2
SIM3
SIM4
1
21
22
SIM5
SIM1
SIM2
SIM3
SIM4
1
21
22
SIM5
SIM1
SIM2
SIM3
SIM4
1
21
22
SIM5
SIM1
SIM2
SIM3
SIM4
1
21
22
SIM5
SIM1
SIM2
SIM3
SIM4
1
21
22
SIM5
SIM1
SIM2
SIM3
SIM4
1
21
22
SIM5
SIM1
SIM2
SIM3
SIM4
1
21
22
SIM5
SIM1
SIM2
SIM3
SIM4
1
21
22
SIM5
SIM1
SIM2
SIM3
SIM4
1
21
22
SIM5
SIM1
SIM2
SIM3
SIM4
1
21
22
SIM5
SIM1
SIM2
SIM3
SIM4
1
21
22
SIM5
SIM1
SIM2
SIM3
SIM4
1
21
22
SIM5
SIM1
SIM2
SIM3
SIM4
1
21
22
SIM5
SIM1
SIM2
SIM3
SIM4
1
21
22
SIM5
SIM1
SIM2
SIM3
SIM4
1
21
22
SIM5
SIM1
SIM2
SIM3
SIM4
1
21
22
SIM5
SIM1
SIM2
SIM3
SIM4
1
21
22
SIM5
SIM1
SIM2
SIM3
SIM4
1
21
22
SIM5
SIM1
SIM2
SIM3
SIM4
1
21
22
SIM5
SIM1
SIM2
SIM3
SIM4
1
21
22
SIM5
SIM1
SIM2
SIM3
SIM4
1
21
22
SIM5
SIM1
SIM2
SIM3
SIM4
1
21
22
SIM5
SIM1
SIM2
SIM3
SIM4
1
21
22
SIM5
SIM1
SIM2
SIM3
SIM4
1
21
22
SIM5
SIM1
SIM2
SIM3
SIM4
1
21
22
SIM5
SIM1
SIM2
SIM3
SIM4
1
21
22
SIM5
SIM1
SIM2
SIM3
SIM4
1
21
22
SIM5
SIM1
SIM2
SIM3
SIM4
1
21
22
SIM5
SIM1
SIM2
SIM3
SIM4
1
21
22
SIM5
SIM1
SIM2
SIM3
SIM4
1
21
22
SIM5
SIM1
SIM2
SIM3
SIM4
1
21
22
SIM5
SIM1
SIM2
SIM3
SIM4
1
21
22
SIM5
SIM1
SIM2
SIM3
SIM4
1
21
22
SIM5
SIM1
SIM2
SIM3
SIM4
1
21
22
SIM5
SIM1
SIM2
SIM3
SIM4
1
21
22
SIM5
SIM1
SIM2
SIM3
SIM4
1
21
22
SIM5
SIM1
SIM2
SIM3
SIM4
1
21
22
SIM5
SIM1
SIM2
SIM3
SIM4
1
21
22
SIM5
SIM1
SIM2
SIM3
SIM4
1
21
22
SIM5
SIM1
SIM2
SIM3
SIM4
1
21
22
SIM5
SIM1
SIM2
SIM3
SIM4
1
21
22
SIM5
SIM1
SIM2
SIM3
SIM4
1
21
22
SIM5
SIM1
SIM2
SIM3
SIM4
1
21
22
SIM5
SIM1
SIM2
SIM3
SIM4
1
21
22
SIM5
SIM1
SIM2
SIM3
SIM4
1
21
22
SIM5
SIM1
SIM2
SIM3
SIM4
1
21
22
SIM5
SIM1
SIM2
SIM3
SIM4
1
21
22
SIM5
SIM1
SIM2
SIM3
SIM4
1
21
22
SIM5
SIM1
SIM2
SIM3
SIM4
1
21
22
SIM5
SIM1
SIM2
SIM3
SIM4
1
21
22
SIM5
SIM1
SIM2
SIM3
SIM4
1
21
22
SIM5
SIM1
SIM2
SIM3
SIM4
1
21
22
SIM5
SIM1
SIM2
SIM3
SIM4
1
21
22
SIM5
SIM1
SIM2
SIM3
SIM4
1
21
22
SIM5
SIM1
SIM2
SIM3
SIM4
1
21
22
SIM5
SIM1
SIM2
SIM3
SIM4
1
21
22
SIM5
SIM1
SIM2
SIM3
SIM4
1
21
22
SIM5
SIM1
SIM2
SIM3
SIM4
1
21
22
SIM5
SIM1
SIM2
SIM3
SIM4
1
21
22
SIM5
SIM1
SIM2
SIM3
SIM4
1
21
22
SIM5
SIM1
SIM2
SIM3
SIM4
1
21
22
SIM5
SIM1
SIM2
SIM3
SIM4
1
21
22
SIM5
SIM1
SIM2
SIM3
SIM4
1
21
22
SIM5
SIM1
SIM2
SIM3
SIM4
1
21
22
SIM5
SIM1
SIM2
SIM3
SIM4
1
21
22
SIM5
SIM1
SIM2
SIM3
SIM4
1
21
22
SIM5
SIM1
SIM2
SIM3
SIM4
1
21
22
SIM5
SIM1
SIM2
SIM3
SIM4
1
21
22
SIM5
SIM1
SIM2
SIM3
SIM4
1
21
22
SIM5
SIM1
SIM2
SIM3
SIM4
1
21
22
SIM5
SIM1
SIM2
SIM3
SIM4
1
21
22
SIM5
SIM1
SIM2
SIM3
SIM4
1
21
22
SIM5
SIM1
SIM2
SIM3
SIM4
1
21
22
SIM5
SIM1
SIM2
SIM3
SIM4
1
21
22
SIM5
SIM1
SIM2
SIM3
SIM4
1
21
22
SIM5
SIM1
SIM2
SIM3
SIM4
1
21
22
SIM5
SIM1
SIM2
SIM3
SIM4
1
21
22
SIM5
SIM1
SIM2
SIM3
SIM4
1
21
22
SIM5
SIM1
SIM2
SIM3
SIM4
1
21
22
SIM5
SIM1
SIM2
SIM3
SIM4
1
21
22
SIM5
SIM1
SIM2
SIM3
SIM4
1
21
22
SIM5
SIM1
SIM2
SIM3
SIM4
1
21
22
SIM5
SIM1
SIM2
SIM3
SIM4
1
21
22
SIM5
SIM1
SIM2
SIM3
SIM4
1
21
22
SIM5
SIM1
SIM2
SIM3
SIM4
1
21
22
SIM5
SIM1
SIM2
SIM3
SIM4
1
21
22
SIM5
SIM1
SIM2
SIM3
SIM4
1
21
22
SIM5
SIM1
SIM2
SIM3
SIM4
1
21
22
SIM5
SIM1
SIM2
SIM3
SIM4
1
21
22
SIM5
SIM1
SIM2
SIM3
SIM4
1
21
22
SIM5
SIM1
SIM2
SIM3
SIM4
1
21
22
SIM5
SIM1
SIM2
SIM3
SIM4
1
21
22
SIM5
SIM1
SIM2
SIM3
SIM4
1
21
22
SIM5
SIM1
SIM2
SIM3
SIM4
1
21
22
SIM5
SIM1
SIM2
SIM3
SIM4
1
21
22
SIM5
SIM1
SIM2
SIM3
SIM4
1
21
22
SIM5
SIM1
SIM2
SIM3
SIM4
1
21
22
SIM5
SIM1
SIM2
SIM3
SIM4
1
21
22
SIM5
SIM1
SIM2
SIM3
SIM4
1
21
22
SIM5
SIM1
SIM2
SIM3
SIM4
1
21
22
SIM5
SIM1
SIM2
SIM3
SIM4
1
21
22
SIM5
SIM1
SIM2
SIM3
SIM4
1
21
22
SIM5
SIM1
SIM2
SIM3
SIM4
1
21
22
SIM5
SIM1
SIM2
SIM3
SIM4
1
21
22
SIM5
SIM1
SIM2
DEBUG 1 554
SIM1
SIM2
SIM3
SIM4
1
21
22
SIM5
SIM1
SIM2
SIM3
SIM4
1
21
22
SIM5
SIM1
SIM2
SIM3
SIM4
1
21
22
SIM5
SIM1
SIM2
SIM3
SIM4
1
21
22
SIM5
SIM1
SIM2
SIM3
SIM4
1
21
22
SIM5
SIM1
SIM2
SIM3
SIM4
1
21
22
SIM5
SIM1
SIM2
SIM3
SIM4
1
21
22
SIM5
SIM1
SIM2
SIM3
SIM4
1
21
22
SIM5
SIM1
SIM2
SIM3
SIM4
1
21
22
SIM5
SIM1
SIM2
SIM3
SIM4
1
21
22
SIM5
SIM1
SIM2
SIM3
SIM4
1
21
22
SIM5
SIM1
SIM2
SIM3
SIM4
1
21
22
SIM5
SIM1
SIM2
SIM3
SIM4
1
21
22
SIM5
SIM1
SIM2
SIM3
SIM4
1
21
22
SIM5
SIM1
SIM2
SIM3
SIM4
1
21
22
SIM5
SIM1
SIM2
SIM3
SIM4
1
21
22
SIM5
SIM1
SIM2
SIM3
SIM4
1
21
22
SIM5
SIM1
SIM2
SIM3
SIM4
1
21
22
SIM5
SIM1
SIM2
SIM3
SIM4
1
21
22
SIM5
SIM1
SIM2
SIM3
SIM4
1
21
22
SIM5
SIM1
SIM2
SIM3
SIM4
1
21
22
SIM5
SIM1
SIM2
SIM3
SIM4
1
21
22
SIM5
SIM1
SIM2
SIM3
SIM4
1
21
22
SIM5
SIM1
SIM2
SIM3
SIM4
1
21
22
SIM5
SIM1
SIM2
SIM3
SIM4
1
21
22
SIM5
SIM1
SIM2
SIM3
SIM4
1
21
22
SIM5
SIM1
SIM2
SIM3
SIM4
1
21
22
SIM5
SIM1
SIM2
SIM3
SIM4
1
21
22
SIM5
SIM1
SIM2
SIM3
SIM4
1
21
22
SIM5
SIM1
SIM2
SIM3
SIM4
1
21
22
SIM5
SIM1
SIM2
SIM3
SIM4
1
21
22
SIM5
SIM1
SIM2
SIM3
SIM4
1
21
22
SIM5
SIM1
SIM2
SIM3
SIM4
1
21
22
SIM5
SIM1
SIM2
SIM3
SIM4
1
21
22
SIM5
SIM1
SIM2
SIM3
SIM4
1
21
22
SIM5
SIM1
SIM2
SIM3
SIM4
1
21
22
SIM5
SIM1
SIM2
SIM3
SIM4
1
21
22
SIM5
SIM1
SIM2
SIM3
SIM4
1
21
22
SIM5
SIM1
SIM2
SIM3
SIM4
1
21
22
SIM5
SIM1
SIM2
SIM3
SIM4
1
21
22
SIM5
SIM1
SIM2
SIM3
SIM4
1
21
22
SIM5
SIM1
SIM2
SIM3
SIM4
1
21
22
SIM5
SIM1
SIM2
SIM3
SIM4
1
21
22
SIM5
SIM1
SIM2
SIM3
SIM4
1
21
22
SIM5
SIM1
SIM2
SIM3
SIM4
1
21
22
SIM5
SIM1
SIM2
SIM3
SIM4
1
21
22
SIM5
SIM1
SIM2
SIM3
SIM4
1
21
22
SIM5
SIM1
SIM2
SIM3
SIM4
1
21
22
SIM5
SIM1
SIM2
SIM3
SIM4
1
21
22
SIM5
SIM1
SIM2
SIM3
SIM4
1
21
22
SIM5
SIM1
SIM2
SIM3
SIM4
1
21
22
SIM5
SIM1
SIM2
SIM3
SIM4
1
21
22
SIM5
SIM1
SIM2
SIM3
SIM4
1
21
22
SIM5
SIM1
SIM2
SIM3
SIM4
1
21
22
SIM5
SIM1
SIM2
SIM3
SIM4
1
21
22
SIM5
SIM1
SIM2
SIM3
SIM4
1
21
22
SIM5
SIM1
SIM2
SIM3
SIM4
1
21
22
SIM5
SIM1
SIM2
SIM3
SIM4
1
21
22
SIM5
SIM1
SIM2
SIM3
SIM4
1
21
22
SIM5
SIM1
SIM2
SIM3
SIM4
1
21
22
SIM5
SIM1
SIM2
SIM3
SIM4
1
21
22
SIM5
SIM1
SIM2
SIM3
SIM4
1
21
22
SIM5
SIM1
SIM2
SIM3
SIM4
1
21
22
SIM5
SIM1
SIM2
SIM3
SIM4
1
21
22
SIM5
SIM1
SIM2
SIM3
SIM4
1
21
22
SIM5
SIM1
SIM2
SIM3
SIM4
1
21
22
SIM5
SIM1
SIM2
SIM3
SIM4
1
21
22
SIM5
SIM1
SIM2
SIM3
SIM4
1
21
22
SIM5
SIM1
SIM2
SIM3
SIM4
1
21
22
SIM5
SIM1
SIM2
SIM3
SIM4
1
21
22
SIM5
SIM1
SIM2
SIM3
SIM4
1
21
22
SIM5
SIM1
SIM2
SIM3
SIM4
1
21
22
SIM5
SIM1
SIM2
SIM3
SIM4
1
21
22
SIM5
SIM1
SIM2
SIM3
SIM4
1
21
22
SIM5
SIM1
SIM2
SIM3
SIM4
1
21
22
SIM5
SIM1
SIM2
SIM3
SIM4
1
21
22
SIM5
SIM1
SIM2
SIM3
SIM4
1
21
22
SIM5
SIM1
SIM2
SIM3
SIM4
1
21
22
SIM5
SIM1
SIM2
SIM3
SIM4
1
21
22
SIM5
SIM1
SIM2
SIM3
SIM4
1
21
22
SIM5
SIM1
SIM2
SIM3
SIM4
1
21
22
SIM5
SIM1
SIM2
SIM3
SIM4
1
21
22
SIM5
SIM1
SIM2
SIM3
SIM4
1
21
22
SIM5
SIM1
SIM2
SIM3
SIM4
1
21
22
SIM5
SIM1
SIM2
SIM3
SIM4
1
21
22
SIM5
SIM1
SIM2
SIM3
SIM4
1
21
22
SIM5
SIM1
SIM2
SIM3
SIM4
1
21
22
SIM5
SIM1
SIM2
SIM3
SIM4
1
21
22
SIM5
SIM1
SIM2
SIM3
SIM4
1
21
22
SIM5
SIM1
SIM2
SIM3
SIM4
1
21
22
SIM5
SIM1
SIM2
SIM3
SIM4
1
21
22
SIM5
SIM1
SIM2
SIM3
SIM4
1
21
22
SIM5
SIM1
SIM2
SIM3
SIM4
1
21
22
SIM5
SIM1
SIM2
SIM3
SIM4
1
21
22
SIM5
SIM1
SIM2
SIM3
SIM4
1
21
22
SIM5
SIM1
SIM2
SIM3
SIM4
1
21
22
SIM5
SIM1
SIM2
SIM3
SIM4
1
21
22
SIM5
SIM1
SIM2
SIM3
SIM4
1
21
22
SIM5
SIM1
SIM2
SIM3
SIM4
1
21
22
SIM5
SIM1
SIM2
SIM3
SIM4
1
21
22
SIM5
SIM1
SIM2
SIM3
SIM4
1
21
22
SIM5
SIM1
SIM2
SIM3
SIM4
1
21
22
SIM5
SIM1
SIM2
SIM3
SIM4
1
21
22
SIM5
SIM1
SIM2
SIM3
SIM4
1
21
22
SIM5
SIM1
SIM2
SIM3
SIM4
1
21
22
SIM5
SIM1
SIM2
SIM3
SIM4
1
21
22
SIM5
SIM1
SIM2
SIM3
SIM4
1
21
22
SIM5
SIM1
SIM2
SIM3
SIM4
1
21
22
SIM5
SIM1
SIM2
SIM3
SIM4
1
21
22
SIM5
SIM1
SIM2
SIM3
SIM4
1
21
22
SIM5
SIM1
SIM2
SIM3
SIM4
1
21
22
SIM5
SIM1
SIM2
SIM3
SIM4
1
21
22
SIM5
SIM1
SIM2
SIM3
SIM4
1
21
22
SIM5
SIM1
SIM2
SIM3
SIM4
1
21
22
SIM5
SIM1
SIM2
SIM3
SIM4
1
21
22
SIM5
SIM1
SIM2
SIM3
SIM4
1
21
22
SIM5
SIM1
SIM2
SIM3
SIM4
1
21
22
SIM5
SIM1
SIM2
SIM3
SIM4
1
21
22
SIM5
SIM1
SIM2
SIM3
SIM4
1
21
22
SIM5
SIM1
SIM2
SIM3
SIM4
1
21
22
SIM5
SIM1
SIM2
SIM3
SIM4
1
21
22
SIM5
SIM1
SIM2
SIM3
SIM4
1
21
22
SIM5
SIM1
SIM2
SIM3
SIM4
1
21
22
SIM5
SIM1
SIM2
SIM3
SIM4
1
21
22
SIM5
SIM1
SIM2
SIM3
SIM4
1
21
22
SIM5
SIM1
SIM2
SIM3
SIM4
1
21
22
SIM5
SIM1
SIM2
SIM3
SIM4
1
21
22
SIM5
SIM1
SIM2
SIM3
SIM4
1
21
22
SIM5
SIM1
SIM2
SIM3
SIM4
1
21
22
SIM5
SIM1
SIM2
SIM3
SIM4
1
21
22
SIM5
SIM1
SIM2
SIM3
SIM4
1
21
22
SIM5
SIM1
SIM2
SIM3
SIM4
1
21
22
SIM5
SIM1
SIM2
SIM3
SIM4
1
21
22
SIM5
SIM1
SIM2
SIM3
SIM4
1
21
22
SIM5
SIM1
SIM2
SIM3
SIM4
1
21
22
SIM5
SIM1
SIM2
SIM3
SIM4
1
21
22
SIM5
SIM1
SIM2
SIM3
SIM4
1
21
22
SIM5
SIM1
SIM2
SIM3
SIM4
1
21
22
SIM5
SIM1
SIM2
SIM3
SIM4
1
21
22
SIM5
SIM1
SIM2
SIM3
SIM4
1
21
22
SIM5
SIM1
SIM2
SIM3
SIM4
1
21
22
SIM5
SIM1
SIM2
SIM3
SIM4
1
21
22
SIM5
SIM1
SIM2
SIM3
SIM4
1
21
22
SIM5
SIM1
SIM2
SIM3
SIM4
1
21
22
SIM5
SIM1
SIM2
SIM3
SIM4
1
21
22
SIM5
SIM1
SIM2
SIM3
SIM4
1
21
22
SIM5
SIM1
SIM2
SIM3
SIM4
1
21
22
SIM5
SIM1
SIM2
SIM3
SIM4
1
21
22
SIM5
SIM1
SIM2
SIM3
SIM4
1
21
22
SIM5
SIM1
SIM2
SIM3
SIM4
1
21
22
SIM5
SIM1
SIM2
SIM3
SIM4
1
21
22
SIM5
SIM1
SIM2
SIM3
SIM4
1
21
22
SIM5
SIM1
SIM2
SIM3
SIM4
1
21
22
SIM5
SIM1
SIM2
SIM3
SIM4
1
21
22
SIM5
SIM1
SIM2
SIM3
SIM4
1
21
22
SIM5
SIM1
SIM2
SIM3
SIM4
1
21
22
SIM5
SIM1
SIM2
SIM3
SIM4
1
21
22
SIM5
SIM1
SIM2
SIM3
SIM4
1
21
22
SIM5
SIM1
SIM2
SIM3
SIM4
1
21
22
SIM5
SIM1
SIM2
SIM3
SIM4
1
21
22
SIM5
SIM1
SIM2
SIM3
SIM4
1
21
22
SIM5
SIM1
SIM2
SIM3
SIM4
1
21
22
SIM5
SIM1
SIM2
SIM3
SIM4
1
21
22
SIM5
SIM1
SIM2
SIM3
SIM4
1
21
22
SIM5
SIM1
SIM2
SIM3
SIM4
1
21
22
SIM5
SIM1
SIM2
SIM3
SIM4
1
21
22
SIM5
SIM1
SIM2
SIM3
SIM4
1
21
22
SIM5
SIM1
SIM2
SIM3
SIM4
1
21
22
SIM5
SIM1
SIM2
SIM3
SIM4
1
21
22
SIM5
SIM1
SIM2
SIM3
SIM4
1
21
22
SIM5
SIM1
SIM2
SIM3
SIM4
1
21
22
SIM5
SIM1
SIM2
SIM3
SIM4
1
21
22
SIM5
SIM1
SIM2
SIM3
SIM4
1
21
22
SIM5
SIM1
SIM2
SIM3
SIM4
1
21
22
SIM5
SIM1
SIM2
SIM3
SIM4
1
21
22
SIM5
SIM1
SIM2
SIM3
SIM4
1
21
22
SIM5
SIM1
SIM2
SIM3
SIM4
1
21
22
SIM5
SIM1
SIM2
SIM3
SIM4
1
21
22
SIM5
SIM1
SIM2
SIM3
SIM4
1
21
22
SIM5
SIM1
SIM2
SIM3
SIM4
1
21
22
SIM5
SIM1
SIM2
SIM3
SIM4
1
21
22
SIM5
SIM1
SIM2
SIM3
SIM4
1
21
22
SIM5
SIM1
SIM2
SIM3
SIM4
1
21
22
SIM5
SIM1
SIM2
SIM3
SIM4
1
21
22
SIM5
SIM1
SIM2
SIM3
SIM4
1
21
22
SIM5
SIM1
SIM2
SIM3
SIM4
1
21
22
SIM5
SIM1
SIM2
SIM3
SIM4
1
21
22
SIM5
SIM1
SIM2
SIM3
SIM4
1
21
22
SIM5
SIM1
SIM2
SIM3
SIM4
1
21
22
SIM5
SIM1
SIM2
SIM3
SIM4
1
21
22
SIM5
SIM1
SIM2
SIM3
SIM4
1
21
22
SIM5
SIM1
SIM2
SIM3
SIM4
1
21
22
SIM5
SIM1
SIM2
SIM3
SIM4
1
21
22
SIM5
SIM1
SIM2
SIM3
SIM4
1
21
22
SIM5
SIM1
SIM2
SIM3
SIM4
1
21
22
SIM5
SIM1
SIM2
SIM3
SIM4
1
21
22
SIM5
SIM1
SIM2
SIM3
SIM4
1
21
22
SIM5
SIM1
SIM2
SIM3
SIM4
1
21
22
SIM5
SIM1
SIM2
SIM3
SIM4
1
21
22
SIM5
SIM1
SIM2
SIM3
SIM4
1
21
22
SIM5
SIM1
SIM2
SIM3
SIM4
1
21
22
SIM5
SIM1
SIM2
SIM3
SIM4
1
21
22
SIM5
SIM1
SIM2
SIM3
SIM4
1
21
22
SIM5
SIM1
SIM2
SIM3
SIM4
1
21
22
SIM5
SIM1
SIM2
SIM3
SIM4
1
21
22
SIM5
SIM1
SIM2
SIM3
SIM4
1
21
22
SIM5
SIM1
SIM2
SIM3
SIM4
1
21
22
SIM5
SIM1
SIM2
SIM3
SIM4
1
21
22
SIM5
SIM1
SIM2
SIM3
SIM4
1
21
22
SIM5
SIM1
SIM2
SIM3
SIM4
1
21
22
SIM5
SIM1
SIM2
SIM3
SIM4
1
21
22
SIM5
SIM1
SIM2
SIM3
SIM4
1
21
22
SIM5
SIM1
SIM2
SIM3
SIM4
1
21
22
SIM5
SIM1
SIM2
SIM3
SIM4
1
21
22
SIM5
SIM1
SIM2
SIM3
SIM4
1
21
22
SIM5
SIM1
SIM2
SIM3
SIM4
1
21
22
SIM5
SIM1
SIM2
SIM3
SIM4
1
21
22
SIM5
SIM1
SIM2
SIM3
SIM4
1
21
22
SIM5
SIM1
SIM2
SIM3
SIM4
1
21
22
SIM5
SIM1
SIM2
SIM3
SIM4
1
21
22
SIM5
SIM1
SIM2
SIM3
SIM4
1
21
22
SIM5
SIM1
SIM2
SIM3
SIM4
1
21
22
SIM5
SIM1
SIM2
SIM3
SIM4
1
21
22
SIM5
SIM1
SIM2
SIM3
SIM4
1
21
22
SIM5
SIM1
SIM2
SIM3
SIM4
1
21
22
SIM5
SIM1
SIM2
SIM3
SIM4
1
21
22
SIM5
SIM1
SIM2
SIM3
SIM4
1
21
22
SIM5
SIM1
SIM2
SIM3
SIM4
1
21
22
SIM5
SIM1
SIM2
SIM3
SIM4
1
21
22
SIM5
SIM1
SIM2
SIM3
SIM4
1
21
22
SIM5
SIM1
SIM2
SIM3
SIM4
1
21
22
SIM5
SIM1
SIM2
SIM3
SIM4
1
21
22
SIM5
SIM1
SIM2
SIM3
SIM4
1
21
22
SIM5
SIM1
SIM2
SIM3
SIM4
1
21
22
SIM5
SIM1
SIM2
SIM3
SIM4
1
21
22
SIM5
SIM1
SIM2
SIM3
SIM4
1
21
22
SIM5
SIM1
SIM2
SIM3
SIM4
1
21
22
SIM5
SIM1
SIM2
SIM3
SIM4
1
21
22
SIM5
SIM1
SIM2
SIM3
SIM4
1
21
22
SIM5
SIM1
SIM2
SIM3
SIM4
1
21
22
SIM5
SIM1
SIM2
SIM3
SIM4
1
21
22
SIM5
SIM1
SIM2
SIM3
SIM4
1
21
22
SIM5
SIM1
SIM2
SIM3
SIM4
1
21
22
SIM5
SIM1
SIM2
SIM3
SIM4
1
21
22
SIM5
SIM1
SIM2
SIM3
SIM4
1
21
22
SIM5
SIM1
SIM2
SIM3
SIM4
1
21
22
SIM5
SIM1
SIM2
SIM3
SIM4
1
21
22
SIM5
SIM1
SIM2
SIM3
SIM4
1
21
22
SIM5
SIM1
SIM2
SIM3
SIM4
1
21
22
SIM5
SIM1
SIM2
SIM3
SIM4
1
21
22
SIM5
SIM1
SIM2
SIM3
SIM4
1
21
22
SIM5
SIM1
SIM2
SIM3
SIM4
1
21
22
SIM5
SIM1
SIM2
SIM3
SIM4
1
21
22
SIM5
SIM1
SIM2
SIM3
SIM4
1
21
22
SIM5
SIM1
SIM2
SIM3
SIM4
1
21
22
SIM5
SIM1
SIM2
SIM3
SIM4
1
21
22
SIM5
SIM1
SIM2
SIM3
SIM4
1
21
22
SIM5
SIM1
SIM2
SIM3
SIM4
1
21
22
SIM5
SIM1
SIM2
SIM3
SIM4
1
21
22
SIM5
SIM1
SIM2
SIM3
SIM4
1
21
22
SIM5
SIM1
SIM2
DEBUG 1 555
SIM1
SIM2
SIM3
SIM4
1
21
22
SIM5
SIM1
SIM2
SIM3
SIM4
1
21
22
SIM5
SIM1
SIM2
SIM3
SIM4
1
21
22
SIM5
SIM1
SIM2
SIM3
SIM4
1
21
22
SIM5
SIM1
SIM2
SIM3
SIM4
1
21
22
SIM5
SIM1
SIM2
SIM3
SIM4
1
21
22
SIM5
SIM1
SIM2
SIM3
SIM4
1
21
22
SIM5
SIM1
SIM2
SIM3
SIM4
1
21
22
SIM5
SIM1
SIM2
SIM3
SIM4
1
21
22
SIM5
SIM1
SIM2
SIM3
SIM4
1
21
22
SIM5
SIM1
SIM2
SIM3
SIM4
1
21
22
SIM5
SIM1
SIM2
SIM3
SIM4
1
21
22
SIM5
SIM1
SIM2
SIM3
SIM4
1
21
22
SIM5
SIM1
SIM2
SIM3
SIM4
1
21
22
SIM5
SIM1
SIM2
SIM3
SIM4
1
21
22
SIM5
SIM1
SIM2
SIM3
SIM4
1
21
22
SIM5
SIM1
SIM2
SIM3
SIM4
1
21
22
SIM5
SIM1
SIM2
SIM3
SIM4
1
21
22
SIM5
SIM1
SIM2
SIM3
SIM4
1
21
22
SIM5
SIM1
SIM2
SIM3
SIM4
1
21
22
SIM5
SIM1
SIM2
SIM3
SIM4
1
21
22
SIM5
SIM1
SIM2
SIM3
SIM4
1
21
22
SIM5
SIM1
SIM2
SIM3
SIM4
1
21
22
SIM5
SIM1
SIM2
SIM3
SIM4
1
21
22
SIM5
SIM1
SIM2
SIM3
SIM4
1
21
22
SIM5
SIM1
SIM2
SIM3
SIM4
1
21
22
SIM5
SIM1
SIM2
SIM3
SIM4
1
21
22
SIM5
SIM1
SIM2
SIM3
SIM4
1
21
22
SIM5
SIM1
SIM2
SIM3
SIM4
1
21
22
SIM5
SIM1
SIM2
SIM3
SIM4
1
21
22
SIM5
SIM1
SIM2
SIM3
SIM4
1
21
22
SIM5
SIM1
SIM2
SIM3
SIM4
1
21
22
SIM5
SIM1
SIM2
SIM3
SIM4
1
21
22
SIM5
SIM1
SIM2
SIM3
SIM4
1
21
22
SIM5
SIM1
SIM2
SIM3
SIM4
1
21
22
SIM5
SIM1
SIM2
SIM3
SIM4
1
21
22
SIM5
SIM1
SIM2
SIM3
SIM4
1
21
22
SIM5
SIM1
SIM2
SIM3
SIM4
1
21
22
SIM5
SIM1
SIM2
SIM3
SIM4
1
21
22
SIM5
SIM1
SIM2
SIM3
SIM4
1
21
22
SIM5
SIM1
SIM2
SIM3
SIM4
1
21
22
SIM5
SIM1
SIM2
SIM3
SIM4
1
21
22
SIM5
SIM1
SIM2
SIM3
SIM4
1
21
22
SIM5
SIM1
SIM2
SIM3
SIM4
1
21
22
SIM5
SIM1
SIM2
SIM3
SIM4
1
21
22
SIM5
SIM1
SIM2
SIM3
SIM4
1
21
22
SIM5
SIM1
SIM2
SIM3
SIM4
1
21
22
SIM5
SIM1
SIM2
SIM3
SIM4
1
21
22
SIM5
SIM1
SIM2
SIM3
SIM4
1
21
22
SIM5
SIM1
SIM2
SIM3
SIM4
1
21
22
SIM5
SIM1
SIM2
SIM3
SIM4
1
21
22
SIM5
SIM1
SIM2
SIM3
SIM4
1
21
22
SIM5
SIM1
SIM2
SIM3
SIM4
1
21
22
SIM5
SIM1
SIM2
SIM3
SIM4
1
21
22
SIM5
SIM1
SIM2
SIM3
SIM4
1
21
22
SIM5
SIM1
SIM2
SIM3
SIM4
1
21
22
SIM5
SIM1
SIM2
SIM3
SIM4
1
21
22
SIM5
SIM1
SIM2
SIM3
SIM4
1
21
22
SIM5
SIM1
SIM2
SIM3
SIM4
1
21
22
SIM5
SIM1
SIM2
SIM3
SIM4
1
21
22
SIM5
SIM1
SIM2
SIM3
SIM4
1
21
22
SIM5
SIM1
SIM2
SIM3
SIM4
1
21
22
SIM5
SIM1
SIM2
SIM3
SIM4
1
21
22
SIM5
SIM1
SIM2
SIM3
SIM4
1
21
22
SIM5
SIM1
SIM2
SIM3
SIM4
1
21
22
SIM5
SIM1
SIM2
SIM3
SIM4
1
21
22
SIM5
SIM1
SIM2
SIM3
SIM4
1
21
22
SIM5
SIM1
SIM2
SIM3
SIM4
1
21
22
SIM5
SIM1
SIM2
SIM3
SIM4
1
21
22
SIM5
SIM1
SIM2
SIM3
SIM4
1
21
22
SIM5
SIM1
SIM2
SIM3
SIM4
1
21
22
SIM5
SIM1
SIM2
SIM3
SIM4
1
21
22
SIM5
SIM1
SIM2
SIM3
SIM4
1
21
22
SIM5
SIM1
SIM2
SIM3
SIM4
1
21
22
SIM5
SIM1
SIM2
SIM3
SIM4
1
21
22
SIM5
SIM1
SIM2
SIM3
SIM4
1
21
22
SIM5
SIM1
SIM2
SIM3
SIM4
1
21
22
SIM5
SIM1
SIM2
SIM3
SIM4
1
21
22
SIM5
SIM1
SIM2
SIM3
SIM4
1
21
22
SIM5
SIM1
SIM2
SIM3
SIM4
1
21
22
SIM5
SIM1
SIM2
SIM3
SIM4
1
21
22
SIM5
SIM1
SIM2
SIM3
SIM4
1
21
22
SIM5
SIM1
SIM2
SIM3
SIM4
1
21
22
SIM5
SIM1
SIM2
SIM3
SIM4
1
21
22
SIM5
SIM1
SIM2
SIM3
SIM4
1
21
22
SIM5
SIM1
SIM2
SIM3
SIM4
1
21
22
SIM5
SIM1
SIM2
SIM3
SIM4
1
21
22
SIM5
SIM1
SIM2
SIM3
SIM4
1
21
22
SIM5
SIM1
SIM2
SIM3
SIM4
1
21
22
SIM5
SIM1
SIM2
SIM3
SIM4
1
21
22
SIM5
SIM1
SIM2
SIM3
SIM4
1
21
22
SIM5
SIM1
SIM2
SIM3
SIM4
1
21
22
SIM5
SIM1
SIM2
SIM3
SIM4
1
21
22
SIM5
SIM1
SIM2
SIM3
SIM4
1
21
22
SIM5
SIM1
SIM2
SIM3
SIM4
1
21
22
SIM5
SIM1
SIM2
SIM3
SIM4
1
21
22
SIM5
SIM1
SIM2
SIM3
SIM4
1
21
22
SIM5
SIM1
SIM2
SIM3
SIM4
1
21
22
SIM5
SIM1
SIM2
SIM3
SIM4
1
21
22
SIM5
SIM1
SIM2
SIM3
SIM4
1
21
22
SIM5
SIM1
SIM2
SIM3
SIM4
1
21
22
SIM5
SIM1
SIM2
SIM3
SIM4
1
21
22
SIM5
SIM1
SIM2
SIM3
SIM4
1
21
22
SIM5
SIM1
SIM2
SIM3
SIM4
1
21
22
SIM5
SIM1
SIM2
SIM3
SIM4
1
21
22
SIM5
SIM1
SIM2
SIM3
SIM4
1
21
22
SIM5
SIM1
SIM2
SIM3
SIM4
1
21
22
SIM5
SIM1
SIM2
SIM3
SIM4
1
21
22
SIM5
SIM1
SIM2
SIM3
SIM4
1
21
22
SIM5
SIM1
SIM2
SIM3
SIM4
1
21
22
SIM5
SIM1
SIM2
SIM3
SIM4
1
21
22
SIM5
SIM1
SIM2
SIM3
SIM4
1
21
22
SIM5
SIM1
SIM2
SIM3
SIM4
1
21
22
SIM5
SIM1
SIM2
SIM3
SIM4
1
21
22
SIM5
SIM1
SIM2
SIM3
SIM4
1
21
22
SIM5
SIM1
SIM2
SIM3
SIM4
1
21
22
SIM5
SIM1
SIM2
SIM3
SIM4
1
21
22
SIM5
SIM1
SIM2
SIM3
SIM4
1
21
22
SIM5
SIM1
SIM2
SIM3
SIM4
1
21
22
SIM5
SIM1
SIM2
SIM3
SIM4
1
21
22
SIM5
SIM1
SIM2
SIM3
SIM4
1
21
22
SIM5
SIM1
SIM2
SIM3
SIM4
1
21
22
SIM5
SIM1
SIM2
SIM3
SIM4
1
21
22
SIM5
SIM1
SIM2
SIM3
SIM4
1
21
22
SIM5
SIM1
SIM2
SIM3
SIM4
1
21
22
SIM5
SIM1
SIM2
SIM3
SIM4
1
21
22
SIM5
SIM1
SIM2
SIM3
SIM4
1
21
22
SIM5
SIM1
SIM2
SIM3
SIM4
1
21
22
SIM5
SIM1
SIM2
SIM3
SIM4
1
21
22
SIM5
SIM1
SIM2
SIM3
SIM4
1
21
22
SIM5
SIM1
SIM2
SIM3
SIM4
1
21
22
SIM5
SIM1
SIM2
SIM3
SIM4
1
21
22
SIM5
SIM1
SIM2
SIM3
SIM4
1
21
22
SIM5
SIM1
SIM2
SIM3
SIM4
1
21
22
SIM5
SIM1
SIM2
SIM3
SIM4
1
21
22
SIM5
SIM1
SIM2
SIM3
SIM4
1
21
22
SIM5
SIM1
SIM2
SIM3
SIM4
1
21
22
SIM5
SIM1
SIM2
SIM3
SIM4
1
21
22
SIM5
SIM1
SIM2
SIM3
SIM4
1
21
22
SIM5
SIM1
SIM2
SIM3
SIM4
1
21
22
SIM5
SIM1
SIM2
SIM3
SIM4
1
21
22
SIM5
SIM1
SIM2
SIM3
SIM4
1
21
22
SIM5
SIM1
SIM2
SIM3
SIM4
1
21
22
SIM5
SIM1
SIM2
SIM3
SIM4
1
21
22
SIM5
SIM1
SIM2
SIM3
SIM4
1
21
22
SIM5
SIM1
SIM2
SIM3
SIM4
1
21
22
SIM5
SIM1
SIM2
SIM3
SIM4
1
21
22
SIM5
SIM1
SIM2
SIM3
SIM4
1
21
22
SIM5
SIM1
SIM2
SIM3
SIM4
1
21
22
SIM5
SIM1
SIM2
SIM3
SIM4
1
21
22
SIM5
SIM1
SIM2
SIM3
SIM4
1
21
22
SIM5
SIM1
SIM2
SIM3
SIM4
1
21
22
SIM5
SIM1
SIM2
SIM3
SIM4
1
21
22
SIM5
SIM1
SIM2
SIM3
SIM4
1
21
22
SIM5
SIM1
SIM2
SIM3
SIM4
1
21
22
SIM5
SIM1
SIM2
SIM3
SIM4
1
21
22
SIM5
SIM1
SIM2
SIM3
SIM4
1
21
22
SIM5
SIM1
SIM2
SIM3
SIM4
1
21
22
SIM5
SIM1
SIM2
SIM3
SIM4
1
21
22
SIM5
SIM1
SIM2
SIM3
SIM4
1
21
22
SIM5
SIM1
SIM2
SIM3
SIM4
1
21
22
SIM5
SIM1
SIM2
SIM3
SIM4
1
21
22
SIM5
SIM1
SIM2
SIM3
SIM4
1
21
22
SIM5
SIM1
SIM2
SIM3
SIM4
1
21
22
SIM5
SIM1
SIM2
SIM3
SIM4
1
21
22
SIM5
SIM1
SIM2
SIM3
SIM4
1
21
22
SIM5
SIM1
SIM2
SIM3
SIM4
1
21
22
SIM5
SIM1
SIM2
SIM3
SIM4
1
21
22
SIM5
SIM1
SIM2
SIM3
SIM4
1
21
22
SIM5
SIM1
SIM2
SIM3
SIM4
1
21
22
SIM5
SIM1
SIM2
SIM3
SIM4
1
21
22
SIM5
SIM1
SIM2
SIM3
SIM4
1
21
22
SIM5
SIM1
SIM2
SIM3
SIM4
1
21
22
SIM5
SIM1
SIM2
SIM3
SIM4
1
21
22
SIM5
SIM1
SIM2
SIM3
SIM4
1
21
22
SIM5
SIM1
SIM2
SIM3
SIM4
1
21
22
SIM5
SIM1
SIM2
SIM3
SIM4
1
21
22
SIM5
SIM1
SIM2
SIM3
SIM4
1
21
22
SIM5
SIM1
SIM2
SIM3
SIM4
1
21
22
SIM5
SIM1
SIM2
SIM3
SIM4
1
21
22
SIM5
SIM1
SIM2
SIM3
SIM4
1
21
22
SIM5
SIM1
SIM2
SIM3
SIM4
1
21
22
SIM5
SIM1
SIM2
SIM3
SIM4
1
21
22
SIM5
SIM1
SIM2
SIM3
SIM4
1
21
22
SIM5
SIM1
SIM2
SIM3
SIM4
1
21
22
SIM5
SIM1
SIM2
SIM3
SIM4
1
21
22
SIM5
SIM1
SIM2
DEBUG 1 556
SIM1
SIM2
SIM3
SIM4
1
21
22
SIM5
SIM1
SIM2
SIM3
SIM4
1
21
22
SIM5
SIM1
SIM2
SIM3
SIM4
1
21
22
SIM5
SIM1
SIM2
SIM3
SIM4
1
21
22
SIM5
SIM1
SIM2
SIM3
SIM4
1
21
22
SIM5
SIM1
SIM2
SIM3
SIM4
1
21
22
SIM5
SIM1
SIM2
SIM3
SIM4
1
21
22
SIM5
SIM1
SIM2
SIM3
SIM4
1
21
22
SIM5
SIM1
SIM2
SIM3
SIM4
1
21
22
SIM5
SIM1
SIM2
SIM3
SIM4
1
21
22
SIM5
SIM1
SIM2
SIM3
SIM4
1
21
22
SIM5
SIM1
SIM2
SIM3
SIM4
1
21
22
SIM5
SIM1
SIM2
SIM3
SIM4
1
21
22
SIM5
SIM1
SIM2
SIM3
SIM4
1
21
22
SIM5
SIM1
SIM2
SIM3
SIM4
1
21
22
SIM5
SIM1
SIM2
SIM3
SIM4
1
21
22
SIM5
SIM1
SIM2
SIM3
SIM4
1
21
22
SIM5
SIM1
SIM2
SIM3
SIM4
1
21
22
SIM5
SIM1
SIM2
SIM3
SIM4
1
21
22
SIM5
SIM1
SIM2
SIM3
SIM4
1
21
22
SIM5
SIM1
SIM2
SIM3
SIM4
1
21
22
SIM5
SIM1
SIM2
SIM3
SIM4
1
21
22
SIM5
SIM1
SIM2
SIM3
SIM4
1
21
22
SIM5
SIM1
SIM2
SIM3
SIM4
1
21
22
SIM5
SIM1
SIM2
SIM3
SIM4
1
21
22
SIM5
SIM1
SIM2
SIM3
SIM4
1
21
22
SIM5
SIM1
SIM2
SIM3
SIM4
1
21
22
SIM5
SIM1
SIM2
SIM3
SIM4
1
21
22
SIM5
SIM1
SIM2
SIM3
SIM4
1
21
22
SIM5
SIM1
SIM2
SIM3
SIM4
1
21
22
SIM5
SIM1
SIM2
SIM3
SIM4
1
21
22
SIM5
SIM1
SIM2
SIM3
SIM4
1
21
22
SIM5
SIM1
SIM2
SIM3
SIM4
1
21
22
SIM5
SIM1
SIM2
SIM3
SIM4
1
21
22
SIM5
SIM1
SIM2
SIM3
SIM4
1
21
22
SIM5
SIM1
SIM2
SIM3
SIM4
1
21
22
SIM5
SIM1
SIM2
SIM3
SIM4
1
21
22
SIM5
SIM1
SIM2
SIM3
SIM4
1
21
22
SIM5
SIM1
SIM2
SIM3
SIM4
1
21
22
SIM5
SIM1
SIM2
SIM3
SIM4
1
21
22
SIM5
SIM1
SIM2
SIM3
SIM4
1
21
22
SIM5
SIM1
SIM2
SIM3
SIM4
1
21
22
SIM5
SIM1
SIM2
SIM3
SIM4
1
21
22
SIM5
SIM1
SIM2
SIM3
SIM4
1
21
22
SIM5
SIM1
SIM2
SIM3
SIM4
1
21
22
SIM5
SIM1
SIM2
SIM3
SIM4
1
21
22
SIM5
SIM1
SIM2
SIM3
SIM4
1
21
22
SIM5
SIM1
SIM2
SIM3
SIM4
1
21
22
SIM5
SIM1
SIM2
SIM3
SIM4
1
21
22
SIM5
SIM1
SIM2
SIM3
SIM4
1
21
22
SIM5
SIM1
SIM2
SIM3
SIM4
1
21
22
SIM5
SIM1
SIM2
SIM3
SIM4
1
21
22
SIM5
SIM1
SIM2
SIM3
SIM4
1
21
22
SIM5
SIM1
SIM2
SIM3
SIM4
1
21
22
SIM5
SIM1
SIM2
SIM3
SIM4
1
21
22
SIM5
SIM1
SIM2
SIM3
SIM4
1
21
22
SIM5
SIM1
SIM2
SIM3
SIM4
1
21
22
SIM5
SIM1
SIM2
SIM3
SIM4
1
21
22
SIM5
SIM1
SIM2
SIM3
SIM4
1
21
22
SIM5
SIM1
SIM2
SIM3
SIM4
1
21
22
SIM5
SIM1
SIM2
SIM3
SIM4
1
21
22
SIM5
SIM1
SIM2
SIM3
SIM4
1
21
22
SIM5
SIM1
SIM2
SIM3
SIM4
1
21
22
SIM5
SIM1
SIM2
SIM3
SIM4
1
21
22
SIM5
SIM1
SIM2
SIM3
SIM4
1
21
22
SIM5
SIM1
SIM2
SIM3
SIM4
1
21
22
SIM5
SIM1
SIM2
SIM3
SIM4
1
21
22
SIM5
SIM1
SIM2
SIM3
SIM4
1
21
22
SIM5
SIM1
SIM2
SIM3
SIM4
1
21
22
SIM5
SIM1
SIM2
SIM3
SIM4
1
21
22
SIM5
SIM1
SIM2
SIM3
SIM4
1
21
22
SIM5
SIM1
SIM2
SIM3
SIM4
1
21
22
SIM5
SIM1
SIM2
SIM3
SIM4
1
21
22
SIM5
SIM1
SIM2
SIM3
SIM4
1
21
22
SIM5
SIM1
SIM2
SIM3
SIM4
1
21
22
SIM5
SIM1
SIM2
SIM3
SIM4
1
21
22
SIM5
SIM1
SIM2
SIM3
SIM4
1
21
22
SIM5
SIM1
SIM2
SIM3
SIM4
1
21
22
SIM5
SIM1
SIM2
SIM3
SIM4
1
21
22
SIM5
SIM1
SIM2
SIM3
SIM4
1
21
22
SIM5
SIM1
SIM2
SIM3
SIM4
1
21
22
SIM5
SIM1
SIM2
SIM3
SIM4
1
21
22
SIM5
SIM1
SIM2
SIM3
SIM4
1
21
22
SIM5
SIM1
SIM2
SIM3
SIM4
1
21
22
SIM5
SIM1
SIM2
SIM3
SIM4
1
21
22
SIM5
SIM1
SIM2
SIM3
SIM4
1
21
22
SIM5
SIM1
SIM2
SIM3
SIM4
1
21
22
SIM5
SIM1
SIM2
SIM3
SIM4
1
21
22
SIM5
SIM1
SIM2
SIM3
SIM4
1
21
22
SIM5
SIM1
SIM2
SIM3
SIM4
1
21
22
SIM5
SIM1
SIM2
SIM3
SIM4
1
21
22
SIM5
SIM1
SIM2
SIM3
SIM4
1
21
22
SIM5
SIM1
SIM2
SIM3
SIM4
1
21
22
SIM5
SIM1
SIM2
SIM3
SIM4
1
21
22
SIM5
SIM1
SIM2
SIM3
SIM4
1
21
22
SIM5
SIM1
SIM2
SIM3
SIM4
1
21
22
SIM5
SIM1
SIM2
SIM3
SIM4
1
21
22
SIM5
SIM1
SIM2
SIM3
SIM4
1
21
22
SIM5
SIM1
SIM2
SIM3
SIM4
1
21
22
SIM5
SIM1
SIM2
SIM3
SIM4
1
21
22
SIM5
SIM1
SIM2
SIM3
SIM4
1
21
22
SIM5
SIM1
SIM2
SIM3
SIM4
1
21
22
SIM5
SIM1
SIM2
SIM3
SIM4
1
21
22
SIM5
SIM1
SIM2
SIM3
SIM4
1
21
22
SIM5
SIM1
SIM2
SIM3
SIM4
1
21
22
SIM5
SIM1
SIM2
SIM3
SIM4
1
21
22
SIM5
SIM1
SIM2
SIM3
SIM4
1
21
22
SIM5
SIM1
SIM2
SIM3
SIM4
1
21
22
SIM5
SIM1
SIM2
SIM3
SIM4
1
21
22
SIM5
SIM1
SIM2
SIM3
SIM4
1
21
22
SIM5
SIM1
SIM2
SIM3
SIM4
1
21
22
SIM5
SIM1
SIM2
SIM3
SIM4
1
21
22
SIM5
SIM1
SIM2
SIM3
SIM4
1
21
22
SIM5
SIM1
SIM2
SIM3
SIM4
1
21
22
SIM5
SIM1
SIM2
SIM3
SIM4
1
21
22
SIM5
SIM1
SIM2
SIM3
SIM4
1
21
22
SIM5
SIM1
SIM2
SIM3
SIM4
1
21
22
SIM5
SIM1
SIM2
SIM3
SIM4
1
21
22
SIM5
SIM1
SIM2
SIM3
SIM4
1
21
22
SIM5
SIM1
SIM2
SIM3
SIM4
1
21
22
SIM5
SIM1
SIM2
SIM3
SIM4
1
21
22
SIM5
SIM1
SIM2
SIM3
SIM4
1
21
22
SIM5
SIM1
SIM2
SIM3
SIM4
1
21
22
SIM5
SIM1
SIM2
SIM3
SIM4
1
21
22
SIM5
SIM1
SIM2
SIM3
SIM4
1
21
22
SIM5
SIM1
SIM2
SIM3
SIM4
1
21
22
SIM5
SIM1
SIM2
SIM3
SIM4
1
21
22
SIM5
SIM1
SIM2
SIM3
SIM4
1
21
22
SIM5
SIM1
SIM2
SIM3
SIM4
1
21
22
SIM5
SIM1
SIM2
SIM3
SIM4
1
21
22
SIM5
SIM1
SIM2
SIM3
SIM4
1
21
22
SIM5
SIM1
SIM2
SIM3
SIM4
1
21
22
SIM5
SIM1
SIM2
SIM3
SIM4
1
21
22
SIM5
SIM1
SIM2
SIM3
SIM4
1
21
22
SIM5
SIM1
SIM2
SIM3
SIM4
1
21
22
SIM5
SIM1
SIM2
SIM3
SIM4
1
21
22
SIM5
SIM1
SIM2
SIM3
SIM4
1
21
22
SIM5
SIM1
SIM2
SIM3
SIM4
1
21
22
SIM5
SIM1
SIM2
SIM3
SIM4
1
21
22
SIM5
SIM1
SIM2
SIM3
SIM4
1
21
22
SIM5
SIM1
SIM2
SIM3
SIM4
1
21
22
SIM5
SIM1
SIM2
SIM3
SIM4
1
21
22
SIM5
SIM1
SIM2
SIM3
SIM4
1
21
22
SIM5
SIM1
SIM2
SIM3
SIM4
1
21
22
SIM5
SIM1
SIM2
SIM3
SIM4
1
21
22
SIM5
SIM1
SIM2
SIM3
SIM4
1
21
22
SIM5
SIM1
SIM2
SIM3
SIM4
1
21
22
SIM5
SIM1
SIM2
SIM3
SIM4
1
21
22
SIM5
SIM1
SIM2
SIM3
SIM4
1
21
22
SIM5
SIM1
SIM2
SIM3
SIM4
1
21
22
SIM5
SIM1
SIM2
SIM3
SIM4
1
21
22
SIM5
SIM1
SIM2
SIM3
SIM4
1
21
22
SIM5
SIM1
SIM2
SIM3
SIM4
1
21
22
SIM5
SIM1
SIM2
SIM3
SIM4
1
21
22
SIM5
SIM1
SIM2
SIM3
SIM4
1
21
22
SIM5
SIM1
SIM2
SIM3
SIM4
1
21
22
SIM5
SIM1
SIM2
SIM3
SIM4
1
21
22
SIM5
SIM1
SIM2
SIM3
SIM4
1
21
22
SIM5
SIM1
SIM2
SIM3
SIM4
1
21
22
SIM5
SIM1
SIM2
SIM3
SIM4
1
21
22
SIM5
SIM1
SIM2
SIM3
SIM4
1
21
22
SIM5
SIM1
SIM2
SIM3
SIM4
1
21
22
SIM5
SIM1
SIM2
SIM3
SIM4
1
21
22
SIM5
SIM1
SIM2
SIM3
SIM4
1
21
22
SIM5
SIM1
SIM2
SIM3
SIM4
1
21
22
SIM5
SIM1
SIM2
SIM3
SIM4
1
21
22
SIM5
SIM1
SIM2
SIM3
SIM4
1
21
22
SIM5
SIM1
SIM2
SIM3
SIM4
1
21
22
SIM5
SIM1
SIM2
SIM3
SIM4
1
21
22
SIM5
SIM1
SIM2
SIM3
SIM4
1
21
22
SIM5
SIM1
SIM2
SIM3
SIM4
1
21
22
SIM5
SIM1
SIM2
SIM3
SIM4
1
21
22
SIM5
SIM1
SIM2
SIM3
SIM4
1
21
22
SIM5
SIM1
SIM2
SIM3
SIM4
1
21
22
SIM5
SIM1
SIM2
SIM3
SIM4
1
21
22
SIM5
SIM1
SIM2
SIM3
SIM4
1
21
22
SIM5
SIM1
SIM2
SIM3
SIM4
1
21
22
SIM5
SIM1
SIM2
SIM3
SIM4
1
21
22
SIM5
SIM1
SIM2
SIM3
SIM4
1
21
22
SIM5
SIM1
SIM2
SIM3
SIM4
1
21
22
SIM5
SIM1
SIM2
SIM3
SIM4
1
21
22
SIM5
SIM1
SIM2
SIM3
SIM4
1
21
22
SIM5
SIM1
SIM2
SIM3
SIM4
1
21
22
SIM5
SIM1
SIM2
SIM3
SIM4
1
21
22
SIM5
SIM1
SIM2
SIM3
SIM4
1
21
22
SIM5
SIM1
SIM2
SIM3
SIM4
1
21
22
SIM5
SIM1
SIM2
SIM3
SIM4
1
21
22
SIM5
SIM1
SIM2
SIM3
SIM4
1
21
22
SIM5
SIM1
SIM2
SIM3
SIM4
1
21
22
SIM5
SIM1
SIM2
SIM3
SIM4
1
21
22
SIM5
SIM1
SIM2
SIM3
SIM4
1
21
22
SIM5
SIM1
SIM2
SIM3
SIM4
1
21
22
SIM5
SIM1
SIM2
SIM3
SIM4
1
21
22
SIM5
SIM1
SIM2
SIM3
SIM4
1
21
22
SIM5
SIM1
SIM2
SIM3
SIM4
1
21
22
SIM5
SIM1
SIM2
SIM3
SIM4
1
21
22
SIM5
SIM1
SIM2
SIM3
SIM4
1
21
22
SIM5
SIM1
SIM2
SIM3
SIM4
1
21
22
SIM5
SIM1
SIM2
SIM3
SIM4
1
21
22
SIM5
SIM1
SIM2
SIM3
SIM4
1
21
22
SIM5
SIM1
SIM2
SIM3
SIM4
1
21
22
SIM5
SIM1
SIM2
SIM3
SIM4
1
21
22
SIM5
SIM1
SIM2
SIM3
SIM4
1
21
22
SIM5
SIM1
SIM2
SIM3
SIM4
1
21
22
SIM5
SIM1
SIM2
SIM3
SIM4
1
21
22
SIM5
SIM1
SIM2
SIM3
SIM4
1
21
22
SIM5
SIM1
SIM2
SIM3
SIM4
1
21
22
SIM5
SIM1
SIM2
SIM3
SIM4
1
21
22
SIM5
SIM1
SIM2
SIM3
SIM4
1
21
22
SIM5
SIM1
SIM2
SIM3
SIM4
1
21
22
SIM5
SIM1
SIM2
SIM3
SIM4
1
21
22
SIM5
SIM1
SIM2
SIM3
SIM4
1
21
22
SIM5
SIM1
SIM2
SIM3
SIM4
1
21
22
SIM5
SIM1
SIM2
SIM3
SIM4
1
21
22
SIM5
SIM1
SIM2
SIM3
SIM4
1
21
22
SIM5
SIM1
SIM2
SIM3
SIM4
1
21
22
SIM5
SIM1
SIM2
SIM3
SIM4
1
21
22
SIM5
SIM1
SIM2
SIM3
SIM4
1
21
22
SIM5
SIM1
SIM2
SIM3
SIM4
1
21
22
SIM5
SIM1
SIM2
SIM3
SIM4
1
21
22
SIM5
SIM1
SIM2
SIM3
SIM4
1
21
22
SIM5
SIM1
SIM2
SIM3
SIM4
1
21
22
SIM5
SIM1
SIM2
SIM3
SIM4
1
21
22
SIM5
SIM1
SIM2
SIM3
SIM4
1
21
22
SIM5
SIM1
SIM2
SIM3
SIM4
1
21
22
SIM5
SIM1
SIM2
SIM3
SIM4
1
21
22
SIM5
SIM1
SIM2
SIM3
SIM4
1
21
22
SIM5
SIM1
SIM2
SIM3
SIM4
1
21
22
SIM5
SIM1
SIM2
SIM3
SIM4
1
21
22
SIM5
SIM1
SIM2
SIM3
SIM4
1
21
22
SIM5
SIM1
SIM2
DEBUG 1 557
SIM1
SIM2
SIM3
SIM4
1
21
22
SIM5
SIM1
SIM2
SIM3
SIM4
1
21
22
SIM5
SIM1
SIM2
SIM3
SIM4
1
21
22
SIM5
SIM1
SIM2
SIM3
SIM4
1
21
22
SIM5
SIM1
SIM2
SIM3
SIM4
1
21
22
SIM5
SIM1
SIM2
SIM3
SIM4
1
21
22
SIM5
SIM1
SIM2
SIM3
SIM4
1
21
22
SIM5
SIM1
SIM2
SIM3
SIM4
1
21
22
SIM5
SIM1
SIM2
SIM3
SIM4
1
21
22
SIM5
SIM1
SIM2
SIM3
SIM4
1
21
22
SIM5
SIM1
SIM2
SIM3
SIM4
1
21
22
SIM5
SIM1
SIM2
SIM3
SIM4
1
21
22
SIM5
SIM1
SIM2
SIM3
SIM4
1
21
22
SIM5
SIM1
SIM2
SIM3
SIM4
1
21
22
SIM5
SIM1
SIM2
SIM3
SIM4
1
21
22
SIM5
SIM1
SIM2
SIM3
SIM4
1
21
22
SIM5
SIM1
SIM2
SIM3
SIM4
1
21
22
SIM5
SIM1
SIM2
SIM3
SIM4
1
21
22
SIM5
SIM1
SIM2
SIM3
SIM4
1
21
22
SIM5
SIM1
SIM2
SIM3
SIM4
1
21
22
SIM5
SIM1
SIM2
SIM3
SIM4
1
21
22
SIM5
SIM1
SIM2
SIM3
SIM4
1
21
22
SIM5
SIM1
SIM2
SIM3
SIM4
1
21
22
SIM5
SIM1
SIM2
SIM3
SIM4
1
21
22
SIM5
SIM1
SIM2
SIM3
SIM4
1
21
22
SIM5
SIM1
SIM2
SIM3
SIM4
1
21
22
SIM5
SIM1
SIM2
SIM3
SIM4
1
21
22
SIM5
SIM1
SIM2
SIM3
SIM4
1
21
22
SIM5
SIM1
SIM2
SIM3
SIM4
1
21
22
SIM5
SIM1
SIM2
SIM3
SIM4
1
21
22
SIM5
SIM1
SIM2
SIM3
SIM4
1
21
22
SIM5
SIM1
SIM2
SIM3
SIM4
1
21
22
SIM5
SIM1
SIM2
SIM3
SIM4
1
21
22
SIM5
SIM1
SIM2
SIM3
SIM4
1
21
22
SIM5
SIM1
SIM2
SIM3
SIM4
1
21
22
SIM5
SIM1
SIM2
SIM3
SIM4
1
21
22
SIM5
SIM1
SIM2
SIM3
SIM4
1
21
22
SIM5
SIM1
SIM2
SIM3
SIM4
1
21
22
SIM5
SIM1
SIM2
SIM3
SIM4
1
21
22
SIM5
SIM1
SIM2
SIM3
SIM4
1
21
22
SIM5
SIM1
SIM2
SIM3
SIM4
1
21
22
SIM5
SIM1
SIM2
SIM3
SIM4
1
21
22
SIM5
SIM1
SIM2
SIM3
SIM4
1
21
22
SIM5
SIM1
SIM2
SIM3
SIM4
1
21
22
SIM5
SIM1
SIM2
SIM3
SIM4
1
21
22
SIM5
SIM1
SIM2
SIM3
SIM4
1
21
22
SIM5
SIM1
SIM2
SIM3
SIM4
1
21
22
SIM5
SIM1
SIM2
SIM3
SIM4
1
21
22
SIM5
SIM1
SIM2
SIM3
SIM4
1
21
22
SIM5
SIM1
SIM2
SIM3
SIM4
1
21
22
SIM5
SIM1
SIM2
SIM3
SIM4
1
21
22
SIM5
SIM1
SIM2
SIM3
SIM4
1
21
22
SIM5
SIM1
SIM2
SIM3
SIM4
1
21
22
SIM5
SIM1
SIM2
SIM3
SIM4
1
21
22
SIM5
SIM1
SIM2
SIM3
SIM4
1
21
22
SIM5
SIM1
SIM2
SIM3
SIM4
1
21
22
SIM5
SIM1
SIM2
SIM3
SIM4
1
21
22
SIM5
SIM1
SIM2
SIM3
SIM4
1
21
22
SIM5
SIM1
SIM2
SIM3
SIM4
1
21
22
SIM5
SIM1
SIM2
SIM3
SIM4
1
21
22
SIM5
SIM1
SIM2
SIM3
SIM4
1
21
22
SIM5
SIM1
SIM2
SIM3
SIM4
1
21
22
SIM5
SIM1
SIM2
SIM3
SIM4
1
21
22
SIM5
SIM1
SIM2
SIM3
SIM4
1
21
22
SIM5
SIM1
SIM2
SIM3
SIM4
1
21
22
SIM5
SIM1
SIM2
SIM3
SIM4
1
21
22
SIM5
SIM1
SIM2
SIM3
SIM4
1
21
22
SIM5
SIM1
SIM2
SIM3
SIM4
1
21
22
SIM5
SIM1
SIM2
SIM3
SIM4
1
21
22
SIM5
SIM1
SIM2
SIM3
SIM4
1
21
22
SIM5
SIM1
SIM2
SIM3
SIM4
1
21
22
SIM5
SIM1
SIM2
SIM3
SIM4
1
21
22
SIM5
SIM1
SIM2
SIM3
SIM4
1
21
22
SIM5
SIM1
SIM2
SIM3
SIM4
1
21
22
SIM5
SIM1
SIM2
SIM3
SIM4
1
21
22
SIM5
SIM1
SIM2
SIM3
SIM4
1
21
22
SIM5
SIM1
SIM2
SIM3
SIM4
1
21
22
SIM5
SIM1
SIM2
SIM3
SIM4
1
21
22
SIM5
SIM1
SIM2
SIM3
SIM4
1
21
22
SIM5
SIM1
SIM2
SIM3
SIM4
1
21
22
SIM5
SIM1
SIM2
SIM3
SIM4
1
21
22
SIM5
SIM1
SIM2
SIM3
SIM4
1
21
22
SIM5
SIM1
SIM2
SIM3
SIM4
1
21
22
SIM5
SIM1
SIM2
SIM3
SIM4
1
21
22
SIM5
SIM1
SIM2
SIM3
SIM4
1
21
22
SIM5
SIM1
SIM2
SIM3
SIM4
1
21
22
SIM5
SIM1
SIM2
SIM3
SIM4
1
21
22
SIM5
SIM1
SIM2
SIM3
SIM4
1
21
22
SIM5
SIM1
SIM2
SIM3
SIM4
1
21
22
SIM5
SIM1
SIM2
SIM3
SIM4
1
21
22
SIM5
SIM1
SIM2
SIM3
SIM4
1
21
22
SIM5
SIM1
SIM2
SIM3
SIM4
1
21
22
SIM5
SIM1
SIM2
SIM3
SIM4
1
21
22
SIM5
SIM1
SIM2
SIM3
SIM4
1
21
22
SIM5
SIM1
SIM2
SIM3
SIM4
1
21
22
SIM5
SIM1
SIM2
SIM3
SIM4
1
21
22
SIM5
SIM1
SIM2
SIM3
SIM4
1
21
22
SIM5
SIM1
SIM2
SIM3
SIM4
1
21
22
SIM5
SIM1
SIM2
SIM3
SIM4
1
21
22
SIM5
SIM1
SIM2
SIM3
SIM4
1
21
22
SIM5
SIM1
SIM2
SIM3
SIM4
1
21
22
SIM5
SIM1
SIM2
SIM3
SIM4
1
21
22
SIM5
SIM1
SIM2
SIM3
SIM4
1
21
22
SIM5
SIM1
SIM2
SIM3
SIM4
1
21
22
SIM5
SIM1
SIM2
SIM3
SIM4
1
21
22
SIM5
SIM1
SIM2
SIM3
SIM4
1
21
22
SIM5
SIM1
SIM2
SIM3
SIM4
1
21
22
SIM5
SIM1
SIM2
SIM3
SIM4
1
21
22
SIM5
SIM1
SIM2
SIM3
SIM4
1
21
22
SIM5
SIM1
SIM2
SIM3
SIM4
1
21
22
SIM5
SIM1
SIM2
SIM3
SIM4
1
21
22
SIM5
SIM1
SIM2
SIM3
SIM4
1
21
22
SIM5
SIM1
SIM2
SIM3
SIM4
1
21
22
SIM5
SIM1
SIM2
SIM3
SIM4
1
21
22
SIM5
SIM1
SIM2
SIM3
SIM4
1
21
22
SIM5
SIM1
SIM2
SIM3
SIM4
1
21
22
SIM5
SIM1
SIM2
SIM3
SIM4
1
21
22
SIM5
SIM1
SIM2
SIM3
SIM4
1
21
22
SIM5
SIM1
SIM2
SIM3
SIM4
1
21
22
SIM5
SIM1
SIM2
SIM3
SIM4
1
21
22
SIM5
SIM1
SIM2
SIM3
SIM4
1
21
22
SIM5
SIM1
SIM2
SIM3
SIM4
1
21
22
SIM5
SIM1
SIM2
SIM3
SIM4
1
21
22
SIM5
SIM1
SIM2
SIM3
SIM4
1
21
22
SIM5
SIM1
SIM2
SIM3
SIM4
1
21
22
SIM5
SIM1
SIM2
SIM3
SIM4
1
21
22
SIM5
SIM1
SIM2
SIM3
SIM4
1
21
22
SIM5
SIM1
SIM2
SIM3
SIM4
1
21
22
SIM5
SIM1
SIM2
SIM3
SIM4
1
21
22
SIM5
SIM1
SIM2
SIM3
SIM4
1
21
22
SIM5
SIM1
SIM2
SIM3
SIM4
1
21
22
SIM5
SIM1
SIM2
SIM3
SIM4
1
21
22
SIM5
SIM1
SIM2
SIM3
SIM4
1
21
22
SIM5
SIM1
SIM2
SIM3
SIM4
1
21
22
SIM5
SIM1
SIM2
SIM3
SIM4
1
21
22
SIM5
SIM1
SIM2
SIM3
SIM4
1
21
22
SIM5
SIM1
SIM2
SIM3
SIM4
1
21
22
SIM5
SIM1
SIM2
SIM3
SIM4
1
21
22
SIM5
SIM1
SIM2
SIM3
SIM4
1
21
22
SIM5
SIM1
SIM2
SIM3
SIM4
1
21
22
SIM5
SIM1
SIM2
SIM3
SIM4
1
21
22
SIM5
SIM1
SIM2
SIM3
SIM4
1
21
22
SIM5
SIM1
SIM2
SIM3
SIM4
1
21
22
SIM5
SIM1
SIM2
SIM3
SIM4
1
21
22
SIM5
SIM1
SIM2
SIM3
SIM4
1
21
22
SIM5
SIM1
SIM2
SIM3
SIM4
1
21
22
SIM5
SIM1
SIM2
SIM3
SIM4
1
21
22
SIM5
SIM1
SIM2
SIM3
SIM4
1
21
22
SIM5
SIM1
SIM2
SIM3
SIM4
1
21
22
SIM5
SIM1
SIM2
SIM3
SIM4
1
21
22
SIM5
SIM1
SIM2
SIM3
SIM4
1
21
22
SIM5
SIM1
SIM2
SIM3
SIM4
1
21
22
SIM5
SIM1
SIM2
SIM3
SIM4
1
21
22
SIM5
SIM1
SIM2
SIM3
SIM4
1
21
22
SIM5
SIM1
SIM2
SIM3
SIM4
1
21
22
SIM5
SIM1
SIM2
SIM3
SIM4
1
21
22
SIM5
SIM1
SIM2
SIM3
SIM4
1
21
22
SIM5
SIM1
SIM2
SIM3
SIM4
1
21
22
SIM5
SIM1
SIM2
SIM3
SIM4
1
21
22
SIM5
SIM1
SIM2
SIM3
SIM4
1
21
22
SIM5
SIM1
SIM2
SIM3
SIM4
1
21
22
SIM5
SIM1
SIM2
SIM3
SIM4
1
21
22
SIM5
SIM1
SIM2
SIM3
SIM4
1
21
22
SIM5
SIM1
SIM2
SIM3
SIM4
1
21
22
SIM5
SIM1
SIM2
SIM3
SIM4
1
21
22
SIM5
SIM1
SIM2
SIM3
SIM4
1
21
22
SIM5
SIM1
SIM2
SIM3
SIM4
1
21
22
SIM5
SIM1
SIM2
SIM3
SIM4
1
21
22
SIM5
SIM1
SIM2
SIM3
SIM4
1
21
22
SIM5
SIM1
SIM2
SIM3
SIM4
1
21
22
SIM5
SIM1
SIM2
SIM3
SIM4
1
21
22
SIM5
SIM1
SIM2
SIM3
SIM4
1
21
22
SIM5
SIM1
SIM2
SIM3
SIM4
1
21
22
SIM5
SIM1
SIM2
SIM3
SIM4
1
21
22
SIM5
SIM1
SIM2
SIM3
SIM4
1
21
22
SIM5
SIM1
SIM2
SIM3
SIM4
1
21
22
SIM5
SIM1
SIM2
SIM3
SIM4
1
21
22
SIM5
SIM1
SIM2
SIM3
SIM4
1
21
22
SIM5
SIM1
SIM2
SIM3
SIM4
1
21
22
SIM5
SIM1
SIM2
SIM3
SIM4
1
21
22
SIM5
SIM1
SIM2
SIM3
SIM4
1
21
22
SIM5
SIM1
SIM2
SIM3
SIM4
1
21
22
SIM5
SIM1
SIM2
SIM3
SIM4
1
21
22
SIM5
SIM1
SIM2
SIM3
SIM4
1
21
22
SIM5
SIM1
SIM2
SIM3
SIM4
1
21
22
SIM5
SIM1
SIM2
SIM3
SIM4
1
21
22
SIM5
SIM1
SIM2
DEBUG 1 558
SIM1
SIM2
SIM3
SIM4
1
21
22
SIM5
SIM1
SIM2
SIM3
SIM4
1
21
22
SIM5
SIM1
SIM2
SIM3
SIM4
1
21
22
SIM5
SIM1
SIM2
SIM3
SIM4
1
21
22
SIM5
SIM1
SIM2
SIM3
SIM4
1
21
22
SIM5
SIM1
SIM2
SIM3
SIM4
1
21
22
SIM5
SIM1
SIM2
SIM3
SIM4
1
21
22
SIM5
SIM1
SIM2
SIM3
SIM4
1
21
22
SIM5
SIM1
SIM2
SIM3
SIM4
1
21
22
SIM5
SIM1
SIM2
SIM3
SIM4
1
21
22
SIM5
SIM1
SIM2
SIM3
SIM4
1
21
22
SIM5
SIM1
SIM2
SIM3
SIM4
1
21
22
SIM5
SIM1
SIM2
SIM3
SIM4
1
21
22
SIM5
SIM1
SIM2
SIM3
SIM4
1
21
22
SIM5
SIM1
SIM2
SIM3
SIM4
1
21
22
SIM5
SIM1
SIM2
SIM3
SIM4
1
21
22
SIM5
SIM1
SIM2
SIM3
SIM4
1
21
22
SIM5
SIM1
SIM2
SIM3
SIM4
1
21
22
SIM5
SIM1
SIM2
SIM3
SIM4
1
21
22
SIM5
SIM1
SIM2
SIM3
SIM4
1
21
22
SIM5
SIM1
SIM2
SIM3
SIM4
1
21
22
SIM5
SIM1
SIM2
SIM3
SIM4
1
21
22
SIM5
SIM1
SIM2
SIM3
SIM4
1
21
22
SIM5
SIM1
SIM2
SIM3
SIM4
1
21
22
SIM5
SIM1
SIM2
SIM3
SIM4
1
21
22
SIM5
SIM1
SIM2
SIM3
SIM4
1
21
22
SIM5
SIM1
SIM2
SIM3
SIM4
1
21
22
SIM5
SIM1
SIM2
SIM3
SIM4
1
21
22
SIM5
SIM1
SIM2
SIM3
SIM4
1
21
22
SIM5
SIM1
SIM2
SIM3
SIM4
1
21
22
SIM5
SIM1
SIM2
SIM3
SIM4
1
21
22
SIM5
SIM1
SIM2
SIM3
SIM4
1
21
22
SIM5
SIM1
SIM2
SIM3
SIM4
1
21
22
SIM5
SIM1
SIM2
SIM3
SIM4
1
21
22
SIM5
SIM1
SIM2
SIM3
SIM4
1
21
22
SIM5
SIM1
SIM2
SIM3
SIM4
1
21
22
SIM5
SIM1
SIM2
SIM3
SIM4
1
21
22
SIM5
SIM1
SIM2
SIM3
SIM4
1
21
22
SIM5
SIM1
SIM2
SIM3
SIM4
1
21
22
SIM5
SIM1
SIM2
SIM3
SIM4
1
21
22
SIM5
SIM1
SIM2
SIM3
SIM4
1
21
22
SIM5
SIM1
SIM2
SIM3
SIM4
1
21
22
SIM5
SIM1
SIM2
SIM3
SIM4
1
21
22
SIM5
SIM1
SIM2
SIM3
SIM4
1
21
22
SIM5
SIM1
SIM2
SIM3
SIM4
1
21
22
SIM5
SIM1
SIM2
SIM3
SIM4
1
21
22
SIM5
SIM1
SIM2
SIM3
SIM4
1
21
22
SIM5
SIM1
SIM2
SIM3
SIM4
1
21
22
SIM5
SIM1
SIM2
SIM3
SIM4
1
21
22
SIM5
SIM1
SIM2
SIM3
SIM4
1
21
22
SIM5
SIM1
SIM2
SIM3
SIM4
1
21
22
SIM5
SIM1
SIM2
SIM3
SIM4
1
21
22
SIM5
SIM1
SIM2
SIM3
SIM4
1
21
22
SIM5
SIM1
SIM2
SIM3
SIM4
1
21
22
SIM5
SIM1
SIM2
SIM3
SIM4
1
21
22
SIM5
SIM1
SIM2
SIM3
SIM4
1
21
22
SIM5
SIM1
SIM2
SIM3
SIM4
1
21
22
SIM5
SIM1
SIM2
SIM3
SIM4
1
21
22
SIM5
SIM1
SIM2
SIM3
SIM4
1
21
22
SIM5
SIM1
SIM2
SIM3
SIM4
1
21
22
SIM5
SIM1
SIM2
SIM3
SIM4
1
21
22
SIM5
SIM1
SIM2
SIM3
SIM4
1
21
22
SIM5
SIM1
SIM2
SIM3
SIM4
1
21
22
SIM5
SIM1
SIM2
SIM3
SIM4
1
21
22
SIM5
SIM1
SIM2
SIM3
SIM4
1
21
22
SIM5
SIM1
SIM2
SIM3
SIM4
1
21
22
SIM5
SIM1
SIM2
SIM3
SIM4
1
21
22
SIM5
SIM1
SIM2
SIM3
SIM4
1
21
22
SIM5
SIM1
SIM2
SIM3
SIM4
1
21
22
SIM5
SIM1
SIM2
SIM3
SIM4
1
21
22
SIM5
SIM1
SIM2
SIM3
SIM4
1
21
22
SIM5
SIM1
SIM2
SIM3
SIM4
1
21
22
SIM5
SIM1
SIM2
SIM3
SIM4
1
21
22
SIM5
SIM1
SIM2
SIM3
SIM4
1
21
22
SIM5
SIM1
SIM2
SIM3
SIM4
1
21
22
SIM5
SIM1
SIM2
SIM3
SIM4
1
21
22
SIM5
SIM1
SIM2
SIM3
SIM4
1
21
22
SIM5
SIM1
SIM2
SIM3
SIM4
1
21
22
SIM5
SIM1
SIM2
SIM3
SIM4
1
21
22
SIM5
SIM1
SIM2
SIM3
SIM4
1
21
22
SIM5
SIM1
SIM2
SIM3
SIM4
1
21
22
SIM5
SIM1
SIM2
SIM3
SIM4
1
21
22
SIM5
SIM1
SIM2
SIM3
SIM4
1
21
22
SIM5
SIM1
SIM2
SIM3
SIM4
1
21
22
SIM5
SIM1
SIM2
SIM3
SIM4
1
21
22
SIM5
SIM1
SIM2
SIM3
SIM4
1
21
22
SIM5
SIM1
SIM2
SIM3
SIM4
1
21
22
SIM5
SIM1
SIM2
SIM3
SIM4
1
21
22
SIM5
SIM1
SIM2
SIM3
SIM4
1
21
22
SIM5
SIM1
SIM2
SIM3
SIM4
1
21
22
SIM5
SIM1
SIM2
SIM3
SIM4
1
21
22
SIM5
SIM1
SIM2
SIM3
SIM4
1
21
22
SIM5
SIM1
SIM2
SIM3
SIM4
1
21
22
SIM5
SIM1
SIM2
SIM3
SIM4
1
21
22
SIM5
SIM1
SIM2
SIM3
SIM4
1
21
22
SIM5
SIM1
SIM2
SIM3
SIM4
1
21
22
SIM5
SIM1
SIM2
SIM3
SIM4
1
21
22
SIM5
SIM1
SIM2
SIM3
SIM4
1
21
22
SIM5
SIM1
SIM2
SIM3
SIM4
1
21
22
SIM5
SIM1
SIM2
SIM3
SIM4
1
21
22
SIM5
SIM1
SIM2
SIM3
SIM4
1
21
22
SIM5
SIM1
SIM2
SIM3
SIM4
1
21
22
SIM5
SIM1
SIM2
SIM3
SIM4
1
21
22
SIM5
SIM1
SIM2
SIM3
SIM4
1
21
22
SIM5
SIM1
SIM2
SIM3
SIM4
1
21
22
SIM5
SIM1
SIM2
SIM3
SIM4
1
21
22
SIM5
SIM1
SIM2
SIM3
SIM4
1
21
22
SIM5
SIM1
SIM2
SIM3
SIM4
1
21
22
SIM5
SIM1
SIM2
SIM3
SIM4
1
21
22
SIM5
SIM1
SIM2
SIM3
SIM4
1
21
22
SIM5
SIM1
SIM2
SIM3
SIM4
1
21
22
SIM5
SIM1
SIM2
SIM3
SIM4
1
21
22
SIM5
SIM1
SIM2
SIM3
SIM4
1
21
22
SIM5
SIM1
SIM2
SIM3
SIM4
1
21
22
SIM5
SIM1
SIM2
SIM3
SIM4
1
21
22
SIM5
SIM1
SIM2
SIM3
SIM4
1
21
22
SIM5
SIM1
SIM2
SIM3
SIM4
1
21
22
SIM5
SIM1
SIM2
SIM3
SIM4
1
21
22
SIM5
SIM1
SIM2
SIM3
SIM4
1
21
22
SIM5
SIM1
SIM2
SIM3
SIM4
1
21
22
SIM5
SIM1
SIM2
SIM3
SIM4
1
21
22
SIM5
SIM1
SIM2
SIM3
SIM4
1
21
22
SIM5
SIM1
SIM2
SIM3
SIM4
1
21
22
SIM5
SIM1
SIM2
SIM3
SIM4
1
21
22
SIM5
SIM1
SIM2
SIM3
SIM4
1
21
22
SIM5
SIM1
SIM2
SIM3
SIM4
1
21
22
SIM5
SIM1
SIM2
SIM3
SIM4
1
21
22
SIM5
SIM1
SIM2
SIM3
SIM4
1
21
22
SIM5
SIM1
SIM2
SIM3
SIM4
1
21
22
SIM5
SIM1
SIM2
SIM3
SIM4
1
21
22
SIM5
SIM1
SIM2
SIM3
SIM4
1
21
22
SIM5
SIM1
SIM2
SIM3
SIM4
1
21
22
SIM5
SIM1
SIM2
SIM3
SIM4
1
21
22
SIM5
SIM1
SIM2
SIM3
SIM4
1
21
22
SIM5
SIM1
SIM2
SIM3
SIM4
1
21
22
SIM5
SIM1
SIM2
SIM3
SIM4
1
21
22
SIM5
SIM1
SIM2
SIM3
SIM4
1
21
22
SIM5
SIM1
SIM2
SIM3
SIM4
1
21
22
SIM5
SIM1
SIM2
SIM3
SIM4
1
21
22
SIM5
SIM1
SIM2
SIM3
SIM4
1
21
22
SIM5
SIM1
SIM2
SIM3
SIM4
1
21
22
SIM5
SIM1
SIM2
SIM3
SIM4
1
21
22
SIM5
SIM1
SIM2
SIM3
SIM4
1
21
22
SIM5
SIM1
SIM2
SIM3
SIM4
1
21
22
SIM5
SIM1
SIM2
SIM3
SIM4
1
21
22
SIM5
SIM1
SIM2
SIM3
SIM4
1
21
22
SIM5
SIM1
SIM2
SIM3
SIM4
1
21
22
SIM5
SIM1
SIM2
SIM3
SIM4
1
21
22
SIM5
SIM1
SIM2
SIM3
SIM4
1
21
22
SIM5
SIM1
SIM2
SIM3
SIM4
1
21
22
SIM5
SIM1
SIM2
SIM3
SIM4
1
21
22
SIM5
SIM1
SIM2
SIM3
SIM4
1
21
22
SIM5
SIM1
SIM2
SIM3
SIM4
1
21
22
SIM5
SIM1
SIM2
SIM3
SIM4
1
21
22
SIM5
SIM1
SIM2
SIM3
SIM4
1
21
22
SIM5
SIM1
SIM2
SIM3
SIM4
1
21
22
SIM5
SIM1
SIM2
SIM3
SIM4
1
21
22
SIM5
SIM1
SIM2
SIM3
SIM4
1
21
22
SIM5
SIM1
SIM2
SIM3
SIM4
1
21
22
SIM5
SIM1
SIM2
SIM3
SIM4
1
21
22
SIM5
SIM1
SIM2
SIM3
SIM4
1
21
22
SIM5
SIM1
SIM2
SIM3
SIM4
1
21
22
SIM5
SIM1
SIM2
SIM3
SIM4
1
21
22
SIM5
SIM1
SIM2
SIM3
SIM4
1
21
22
SIM5
SIM1
SIM2
SIM3
SIM4
1
21
22
SIM5
SIM1
SIM2
SIM3
SIM4
1
21
22
SIM5
SIM1
SIM2
SIM3
SIM4
1
21
22
SIM5
SIM1
SIM2
SIM3
SIM4
1
21
22
SIM5
SIM1
SIM2
SIM3
SIM4
1
21
22
SIM5
SIM1
SIM2
SIM3
SIM4
1
21
22
SIM5
SIM1
SIM2
SIM3
SIM4
1
21
22
SIM5
SIM1
SIM2
SIM3
SIM4
1
21
22
SIM5
SIM1
SIM2
SIM3
SIM4
1
21
22
SIM5
SIM1
SIM2
SIM3
SIM4
1
21
22
SIM5
SIM1
SIM2
SIM3
SIM4
1
21
22
SIM5
SIM1
SIM2
SIM3
SIM4
1
21
22
SIM5
SIM1
SIM2
SIM3
SIM4
1
21
22
SIM5
SIM1
SIM2
SIM3
SIM4
1
21
22
SIM5
SIM1
SIM2
SIM3
SIM4
1
21
22
SIM5
SIM1
SIM2
SIM3
SIM4
1
21
22
SIM5
SIM1
SIM2
SIM3
SIM4
1
21
22
SIM5
SIM1
SIM2
SIM3
SIM4
1
21
22
SIM5
SIM1
SIM2
SIM3
SIM4
1
21
22
SIM5
SIM1
SIM2
SIM3
SIM4
1
21
22
SIM5
SIM1
SIM2
SIM3
SIM4
1
21
22
SIM5
SIM1
SIM2
SIM3
SIM4
1
21
22
SIM5
SIM1
SIM2
SIM3
SIM4
1
21
22
SIM5
SIM1
SIM2
SIM3
SIM4
1
21
22
SIM5
SIM1
SIM2
SIM3
SIM4
1
21
22
SIM5
SIM1
SIM2
SIM3
SIM4
1
21
22
SIM5
SIM1
SIM2
SIM3
SIM4
1
21
22
SIM5
SIM1
SIM2
SIM3
SIM4
1
21
22
SIM5
SIM1
SIM2
SIM3
SIM4
1
21
22
SIM5
SIM1
SIM2
SIM3
SIM4
1
21
22
SIM5
SIM1
SIM2
SIM3
SIM4
1
21
22
SIM5
SIM1
SIM2
SIM3
SIM4
1
21
22
SIM5
SIM1
SIM2
SIM3
SIM4
1
21
22
SIM5
SIM1
SIM2
SIM3
SIM4
1
21
22
SIM5
SIM1
SIM2
SIM3
SIM4
1
21
22
SIM5
SIM1
SIM2
SIM3
SIM4
1
21
22
SIM5
SIM1
SIM2
SIM3
SIM4
1
21
22
SIM5
SIM1
SIM2
SIM3
SIM4
1
21
22
SIM5
SIM1
SIM2
SIM3
SIM4
1
21
22
SIM5
SIM1
SIM2
SIM3
SIM4
1
21
22
SIM5
SIM1
SIM2
SIM3
SIM4
1
21
22
SIM5
SIM1
SIM2
SIM3
SIM4
1
21
22
SIM5
SIM1
SIM2
SIM3
SIM4
1
21
22
SIM5
SIM1
SIM2
SIM3
SIM4
1
21
22
SIM5
SIM1
SIM2
SIM3
SIM4
1
21
22
SIM5
SIM1
SIM2
SIM3
SIM4
1
21
22
SIM5
SIM1
SIM2
SIM3
SIM4
1
21
22
SIM5
SIM1
SIM2
SIM3
SIM4
1
21
22
SIM5
SIM1
SIM2
SIM3
SIM4
1
21
22
SIM5
SIM1
SIM2
SIM3
SIM4
1
21
22
SIM5
SIM1
SIM2
SIM3
SIM4
1
21
22
SIM5
SIM1
SIM2
SIM3
SIM4
1
21
22
SIM5
SIM1
SIM2
SIM3
SIM4
1
21
22
SIM5
SIM1
SIM2
SIM3
SIM4
1
21
22
SIM5
SIM1
SIM2
SIM3
SIM4
1
21
22
SIM5
SIM1
SIM2
SIM3
SIM4
1
21
22
SIM5
SIM1
SIM2
SIM3
SIM4
1
21
22
SIM5
SIM1
SIM2
SIM3
SIM4
1
21
22
SIM5
SIM1
SIM2
SIM3
SIM4
1
21
22
SIM5
SIM1
SIM2
SIM3
SIM4
1
21
22
SIM5
SIM1
SIM2
SIM3
SIM4
1
21
22
SIM5
SIM1
SIM2
SIM3
SIM4
1
21
22
SIM5
SIM1
SIM2
SIM3
SIM4
1
21
22
SIM5
SIM1
SIM2
SIM3
SIM4
1
21
22
SIM5
SIM1
SIM2
SIM3
SIM4
1
21
22
SIM5
SIM1
SIM2
SIM3
SIM4
1
21
22
SIM5
SIM1
SIM2
SIM3
SIM4
1
21
22
SIM5
SIM1
SIM2
SIM3
SIM4
1
21
22
SIM5
SIM1
SIM2
SIM3
SIM4
1
21
22
SIM5
SIM1
SIM2
SIM3
SIM4
1
21
22
SIM5
SIM1
SIM2
SIM3
SIM4
1
21
22
SIM5
SIM1
SIM2
SIM3
SIM4
1
21
22
SIM5
SIM1
SIM2
SIM3
SIM4
1
21
22
SIM5
SIM1
SIM2
SIM3
SIM4
1
21
22
SIM5
SIM1
SIM2
SIM3
SIM4
1
21
22
SIM5
SIM1
SIM2
SIM3
SIM4
1
21
22
SIM5
SIM1
SIM2
SIM3
SIM4
1
21
22
SIM5
SIM1
SIM2
SIM3
SIM4
1
21
22
SIM5
SIM1
SIM2
DEBUG 1 559
SIM1
SIM2
SIM3
SIM4
1
21
22
SIM5
SIM1
SIM2
SIM3
SIM4
1
21
22
SIM5
SIM1
SIM2
SIM3
SIM4
1
21
22
SIM5
SIM1
SIM2
SIM3
SIM4
1
21
22
SIM5
SIM1
SIM2
SIM3
SIM4
1
21
22
SIM5
SIM1
SIM2
SIM3
SIM4
1
21
22
SIM5
SIM1
SIM2
SIM3
SIM4
1
21
22
SIM5
SIM1
SIM2
SIM3
SIM4
1
21
22
SIM5
SIM1
SIM2
SIM3
SIM4
1
21
22
SIM5
SIM1
SIM2
SIM3
SIM4
1
21
22
SIM5
SIM1
SIM2
SIM3
SIM4
1
21
22
SIM5
SIM1
SIM2
SIM3
SIM4
1
21
22
SIM5
SIM1
SIM2
SIM3
SIM4
1
21
22
SIM5
SIM1
SIM2
SIM3
SIM4
1
21
22
SIM5
SIM1
SIM2
SIM3
SIM4
1
21
22
SIM5
SIM1
SIM2
SIM3
SIM4
1
21
22
SIM5
SIM1
SIM2
SIM3
SIM4
1
21
22
SIM5
SIM1
SIM2
SIM3
SIM4
1
21
22
SIM5
SIM1
SIM2
SIM3
SIM4
1
21
22
SIM5
SIM1
SIM2
SIM3
SIM4
1
21
22
SIM5
SIM1
SIM2
SIM3
SIM4
1
21
22
SIM5
SIM1
SIM2
SIM3
SIM4
1
21
22
SIM5
SIM1
SIM2
SIM3
SIM4
1
21
22
SIM5
SIM1
SIM2
SIM3
SIM4
1
21
22
SIM5
SIM1
SIM2
SIM3
SIM4
1
21
22
SIM5
SIM1
SIM2
SIM3
SIM4
1
21
22
SIM5
SIM1
SIM2
SIM3
SIM4
1
21
22
SIM5
SIM1
SIM2
SIM3
SIM4
1
21
22
SIM5
SIM1
SIM2
SIM3
SIM4
1
21
22
SIM5
SIM1
SIM2
SIM3
SIM4
1
21
22
SIM5
SIM1
SIM2
SIM3
SIM4
1
21
22
SIM5
SIM1
SIM2
SIM3
SIM4
1
21
22
SIM5
SIM1
SIM2
SIM3
SIM4
1
21
22
SIM5
SIM1
SIM2
SIM3
SIM4
1
21
22
SIM5
SIM1
SIM2
SIM3
SIM4
1
21
22
SIM5
SIM1
SIM2
SIM3
SIM4
1
21
22
SIM5
SIM1
SIM2
SIM3
SIM4
1
21
22
SIM5
SIM1
SIM2
SIM3
SIM4
1
21
22
SIM5
SIM1
SIM2
SIM3
SIM4
1
21
22
SIM5
SIM1
SIM2
SIM3
SIM4
1
21
22
SIM5
SIM1
SIM2
SIM3
SIM4
1
21
22
SIM5
SIM1
SIM2
SIM3
SIM4
1
21
22
SIM5
SIM1
SIM2
SIM3
SIM4
1
21
22
SIM5
SIM1
SIM2
SIM3
SIM4
1
21
22
SIM5
SIM1
SIM2
SIM3
SIM4
1
21
22
SIM5
SIM1
SIM2
SIM3
SIM4
1
21
22
SIM5
SIM1
SIM2
SIM3
SIM4
1
21
22
SIM5
SIM1
SIM2
SIM3
SIM4
1
21
22
SIM5
SIM1
SIM2
SIM3
SIM4
1
21
22
SIM5
SIM1
SIM2
SIM3
SIM4
1
21
22
SIM5
SIM1
SIM2
SIM3
SIM4
1
21
22
SIM5
SIM1
SIM2
SIM3
SIM4
1
21
22
SIM5
SIM1
SIM2
SIM3
SIM4
1
21
22
SIM5
SIM1
SIM2
SIM3
SIM4
1
21
22
SIM5
SIM1
SIM2
SIM3
SIM4
1
21
22
SIM5
SIM1
SIM2
SIM3
SIM4
1
21
22
SIM5
SIM1
SIM2
SIM3
SIM4
1
21
22
SIM5
SIM1
SIM2
SIM3
SIM4
1
21
22
SIM5
SIM1
SIM2
SIM3
SIM4
1
21
22
SIM5
SIM1
SIM2
SIM3
SIM4
1
21
22
SIM5
SIM1
SIM2
SIM3
SIM4
1
21
22
SIM5
SIM1
SIM2
SIM3
SIM4
1
21
22
SIM5
SIM1
SIM2
SIM3
SIM4
1
21
22
SIM5
SIM1
SIM2
SIM3
SIM4
1
21
22
SIM5
SIM1
SIM2
SIM3
SIM4
1
21
22
SIM5
SIM1
SIM2
SIM3
SIM4
1
21
22
SIM5
SIM1
SIM2
SIM3
SIM4
1
21
22
SIM5
SIM1
SIM2
SIM3
SIM4
1
21
22
SIM5
SIM1
SIM2
SIM3
SIM4
1
21
22
SIM5
SIM1
SIM2
SIM3
SIM4
1
21
22
SIM5
SIM1
SIM2
SIM3
SIM4
1
21
22
SIM5
SIM1
SIM2
SIM3
SIM4
1
21
22
SIM5
SIM1
SIM2
SIM3
SIM4
1
21
22
SIM5
SIM1
SIM2
SIM3
SIM4
1
21
22
SIM5
SIM1
SIM2
SIM3
SIM4
1
21
22
SIM5
SIM1
SIM2
SIM3
SIM4
1
21
22
SIM5
SIM1
SIM2
SIM3
SIM4
1
21
22
SIM5
SIM1
SIM2
SIM3
SIM4
1
21
22
SIM5
SIM1
SIM2
SIM3
SIM4
1
21
22
SIM5
SIM1
SIM2
SIM3
SIM4
1
21
22
SIM5
SIM1
SIM2
SIM3
SIM4
1
21
22
SIM5
SIM1
SIM2
SIM3
SIM4
1
21
22
SIM5
SIM1
SIM2
SIM3
SIM4
1
21
22
SIM5
SIM1
SIM2
SIM3
SIM4
1
21
22
SIM5
SIM1
SIM2
SIM3
SIM4
1
21
22
SIM5
SIM1
SIM2
SIM3
SIM4
1
21
22
SIM5
SIM1
SIM2
SIM3
SIM4
1
21
22
SIM5
SIM1
SIM2
SIM3
SIM4
1
21
22
SIM5
SIM1
SIM2
SIM3
SIM4
1
21
22
SIM5
SIM1
SIM2
SIM3
SIM4
1
21
22
SIM5
SIM1
SIM2
SIM3
SIM4
1
21
22
SIM5
SIM1
SIM2
SIM3
SIM4
1
21
22
SIM5
SIM1
SIM2
SIM3
SIM4
1
21
22
SIM5
SIM1
SIM2
SIM3
SIM4
1
21
22
SIM5
SIM1
SIM2
SIM3
SIM4
1
21
22
SIM5
SIM1
SIM2
SIM3
SIM4
1
21
22
SIM5
SIM1
SIM2
SIM3
SIM4
1
21
22
SIM5
SIM1
SIM2
SIM3
SIM4
1
21
22
SIM5
SIM1
SIM2
SIM3
SIM4
1
21
22
SIM5
SIM1
SIM2
SIM3
SIM4
1
21
22
SIM5
SIM1
SIM2
SIM3
SIM4
1
21
22
SIM5
SIM1
SIM2
SIM3
SIM4
1
21
22
SIM5
SIM1
SIM2
SIM3
SIM4
1
21
22
SIM5
SIM1
SIM2
SIM3
SIM4
1
21
22
SIM5
SIM1
SIM2
SIM3
SIM4
1
21
22
SIM5
SIM1
SIM2
SIM3
SIM4
1
21
22
SIM5
SIM1
SIM2
SIM3
SIM4
1
21
22
SIM5
SIM1
SIM2
SIM3
SIM4
1
21
22
SIM5
SIM1
SIM2
SIM3
SIM4
1
21
22
SIM5
SIM1
SIM2
SIM3
SIM4
1
21
22
SIM5
SIM1
SIM2
SIM3
SIM4
1
21
22
SIM5
SIM1
SIM2
SIM3
SIM4
1
21
22
SIM5
SIM1
SIM2
SIM3
SIM4
1
21
22
SIM5
SIM1
SIM2
SIM3
SIM4
1
21
22
SIM5
SIM1
SIM2
SIM3
SIM4
1
21
22
SIM5
SIM1
SIM2
SIM3
SIM4
1
21
22
SIM5
SIM1
SIM2
SIM3
SIM4
1
21
22
SIM5
SIM1
SIM2
SIM3
SIM4
1
21
22
SIM5
SIM1
SIM2
SIM3
SIM4
1
21
22
SIM5
SIM1
SIM2
SIM3
SIM4
1
21
22
SIM5
SIM1
SIM2
SIM3
SIM4
1
21
22
SIM5
SIM1
SIM2
SIM3
SIM4
1
21
22
SIM5
SIM1
SIM2
SIM3
SIM4
1
21
22
SIM5
SIM1
SIM2
SIM3
SIM4
1
21
22
SIM5
SIM1
SIM2
SIM3
SIM4
1
21
22
SIM5
SIM1
SIM2
SIM3
SIM4
1
21
22
SIM5
SIM1
SIM2
SIM3
SIM4
1
21
22
SIM5
SIM1
SIM2
SIM3
SIM4
1
21
22
SIM5
SIM1
SIM2
SIM3
SIM4
1
21
22
SIM5
SIM1
SIM2
SIM3
SIM4
1
21
22
SIM5
SIM1
SIM2
SIM3
SIM4
1
21
22
SIM5
SIM1
SIM2
SIM3
SIM4
1
21
22
SIM5
SIM1
SIM2
SIM3
SIM4
1
21
22
SIM5
SIM1
SIM2
SIM3
SIM4
1
21
22
SIM5
SIM1
SIM2
SIM3
SIM4
1
21
22
SIM5
SIM1
SIM2
SIM3
SIM4
1
21
22
SIM5
SIM1
SIM2
SIM3
SIM4
1
21
22
SIM5
SIM1
SIM2
SIM3
SIM4
1
21
22
SIM5
SIM1
SIM2
SIM3
SIM4
1
21
22
SIM5
SIM1
SIM2
SIM3
SIM4
1
21
22
SIM5
SIM1
SIM2
SIM3
SIM4
1
21
22
SIM5
SIM1
SIM2
SIM3
SIM4
1
21
22
SIM5
SIM1
SIM2
SIM3
SIM4
1
21
22
SIM5
SIM1
SIM2
SIM3
SIM4
1
21
22
SIM5
SIM1
SIM2
SIM3
SIM4
1
21
22
SIM5
SIM1
SIM2
SIM3
SIM4
1
21
22
SIM5
SIM1
SIM2
SIM3
SIM4
1
21
22
SIM5
SIM1
SIM2
SIM3
SIM4
1
21
22
SIM5
SIM1
SIM2
SIM3
SIM4
1
21
22
SIM5
SIM1
SIM2
SIM3
SIM4
1
21
22
SIM5
SIM1
SIM2
SIM3
SIM4
1
21
22
SIM5
SIM1
SIM2
SIM3
SIM4
1
21
22
SIM5
SIM1
SIM2
SIM3
SIM4
1
21
22
SIM5
SIM1
SIM2
SIM3
SIM4
1
21
22
SIM5
SIM1
SIM2
SIM3
SIM4
1
21
22
SIM5
SIM1
SIM2
SIM3
SIM4
1
21
22
SIM5
SIM1
SIM2
SIM3
SIM4
1
21
22
SIM5
SIM1
SIM2
SIM3
SIM4
1
21
22
SIM5
SIM1
SIM2
DEBUG 1 560
SIM1
SIM2
SIM3
SIM4
1
21
22
SIM5
SIM1
SIM2
SIM3
SIM4
1
21
22
SIM5
SIM1
SIM2
SIM3
SIM4
1
21
22
SIM5
SIM1
SIM2
SIM3
SIM4
1
21
22
SIM5
SIM1
SIM2
SIM3
SIM4
1
21
22
SIM5
SIM1
SIM2
SIM3
SIM4
1
21
22
SIM5
SIM1
SIM2
SIM3
SIM4
1
21
22
SIM5
SIM1
SIM2
SIM3
SIM4
1
21
22
SIM5
SIM1
SIM2
SIM3
SIM4
1
21
22
SIM5
SIM1
SIM2
SIM3
SIM4
1
21
22
SIM5
SIM1
SIM2
SIM3
SIM4
1
21
22
SIM5
SIM1
SIM2
SIM3
SIM4
1
21
22
SIM5
SIM1
SIM2
SIM3
SIM4
1
21
22
SIM5
SIM1
SIM2
SIM3
SIM4
1
21
22
SIM5
SIM1
SIM2
SIM3
SIM4
1
21
22
SIM5
SIM1
SIM2
SIM3
SIM4
1
21
22
SIM5
SIM1
SIM2
SIM3
SIM4
1
21
22
SIM5
SIM1
SIM2
SIM3
SIM4
1
21
22
SIM5
SIM1
SIM2
SIM3
SIM4
1
21
22
SIM5
SIM1
SIM2
SIM3
SIM4
1
21
22
SIM5
SIM1
SIM2
SIM3
SIM4
1
21
22
SIM5
SIM1
SIM2
SIM3
SIM4
1
21
22
SIM5
SIM1
SIM2
SIM3
SIM4
1
21
22
SIM5
SIM1
SIM2
SIM3
SIM4
1
21
22
SIM5
SIM1
SIM2
SIM3
SIM4
1
21
22
SIM5
SIM1
SIM2
SIM3
SIM4
1
21
22
SIM5
SIM1
SIM2
SIM3
SIM4
1
21
22
SIM5
SIM1
SIM2
SIM3
SIM4
1
21
22
SIM5
SIM1
SIM2
SIM3
SIM4
1
21
22
SIM5
SIM1
SIM2
SIM3
SIM4
1
21
22
SIM5
SIM1
SIM2
SIM3
SIM4
1
21
22
SIM5
SIM1
SIM2
SIM3
SIM4
1
21
22
SIM5
SIM1
SIM2
SIM3
SIM4
1
21
22
SIM5
SIM1
SIM2
SIM3
SIM4
1
21
22
SIM5
SIM1
SIM2
SIM3
SIM4
1
21
22
SIM5
SIM1
SIM2
SIM3
SIM4
1
21
22
SIM5
SIM1
SIM2
SIM3
SIM4
1
21
22
SIM5
SIM1
SIM2
SIM3
SIM4
1
21
22
SIM5
SIM1
SIM2
SIM3
SIM4
1
21
22
SIM5
SIM1
SIM2
SIM3
SIM4
1
21
22
SIM5
SIM1
SIM2
SIM3
SIM4
1
21
22
SIM5
SIM1
SIM2
SIM3
SIM4
1
21
22
SIM5
SIM1
SIM2
SIM3
SIM4
1
21
22
SIM5
SIM1
SIM2
SIM3
SIM4
1
21
22
SIM5
SIM1
SIM2
SIM3
SIM4
1
21
22
SIM5
SIM1
SIM2
SIM3
SIM4
1
21
22
SIM5
SIM1
SIM2
SIM3
SIM4
1
21
22
SIM5
SIM1
SIM2
SIM3
SIM4
1
21
22
SIM5
SIM1
SIM2
SIM3
SIM4
1
21
22
SIM5
SIM1
SIM2
SIM3
SIM4
1
21
22
SIM5
SIM1
SIM2
SIM3
SIM4
1
21
22
SIM5
SIM1
SIM2
SIM3
SIM4
1
21
22
SIM5
SIM1
SIM2
SIM3
SIM4
1
21
22
SIM5
SIM1
SIM2
SIM3
SIM4
1
21
22
SIM5
SIM1
SIM2
SIM3
SIM4
1
21
22
SIM5
SIM1
SIM2
SIM3
SIM4
1
21
22
SIM5
SIM1
SIM2
SIM3
SIM4
1
21
22
SIM5
SIM1
SIM2
SIM3
SIM4
1
21
22
SIM5
SIM1
SIM2
SIM3
SIM4
1
21
22
SIM5
SIM1
SIM2
SIM3
SIM4
1
21
22
SIM5
SIM1
SIM2
SIM3
SIM4
1
21
22
SIM5
SIM1
SIM2
SIM3
SIM4
1
21
22
SIM5
SIM1
SIM2
SIM3
SIM4
1
21
22
SIM5
SIM1
SIM2
SIM3
SIM4
1
21
22
SIM5
SIM1
SIM2
SIM3
SIM4
1
21
22
SIM5
SIM1
SIM2
SIM3
SIM4
1
21
22
SIM5
SIM1
SIM2
SIM3
SIM4
1
21
22
SIM5
SIM1
SIM2
SIM3
SIM4
1
21
22
SIM5
SIM1
SIM2
SIM3
SIM4
1
21
22
SIM5
SIM1
SIM2
SIM3
SIM4
1
21
22
SIM5
SIM1
SIM2
SIM3
SIM4
1
21
22
SIM5
SIM1
SIM2
SIM3
SIM4
1
21
22
SIM5
SIM1
SIM2
SIM3
SIM4
1
21
22
SIM5
SIM1
SIM2
SIM3
SIM4
1
21
22
SIM5
SIM1
SIM2
SIM3
SIM4
1
21
22
SIM5
SIM1
SIM2
SIM3
SIM4
1
21
22
SIM5
SIM1
SIM2
SIM3
SIM4
1
21
22
SIM5
SIM1
SIM2
SIM3
SIM4
1
21
22
SIM5
SIM1
SIM2
SIM3
SIM4
1
21
22
SIM5
SIM1
SIM2
SIM3
SIM4
1
21
22
SIM5
SIM1
SIM2
SIM3
SIM4
1
21
22
SIM5
SIM1
SIM2
SIM3
SIM4
1
21
22
SIM5
SIM1
SIM2
SIM3
SIM4
1
21
22
SIM5
SIM1
SIM2
SIM3
SIM4
1
21
22
SIM5
SIM1
SIM2
SIM3
SIM4
1
21
22
SIM5
SIM1
SIM2
SIM3
SIM4
1
21
22
SIM5
SIM1
SIM2
SIM3
SIM4
1
21
22
SIM5
SIM1
SIM2
SIM3
SIM4
1
21
22
SIM5
SIM1
SIM2
SIM3
SIM4
1
21
22
SIM5
SIM1
SIM2
SIM3
SIM4
1
21
22
SIM5
SIM1
SIM2
SIM3
SIM4
1
21
22
SIM5
SIM1
SIM2
SIM3
SIM4
1
21
22
SIM5
SIM1
SIM2
SIM3
SIM4
1
21
22
SIM5
SIM1
SIM2
SIM3
SIM4
1
21
22
SIM5
SIM1
SIM2
SIM3
SIM4
1
21
22
SIM5
SIM1
SIM2
SIM3
SIM4
1
21
22
SIM5
SIM1
SIM2
SIM3
SIM4
1
21
22
SIM5
SIM1
SIM2
SIM3
SIM4
1
21
22
SIM5
SIM1
SIM2
SIM3
SIM4
1
21
22
SIM5
SIM1
SIM2
SIM3
SIM4
1
21
22
SIM5
SIM1
SIM2
SIM3
SIM4
1
21
22
SIM5
SIM1
SIM2
SIM3
SIM4
1
21
22
SIM5
SIM1
SIM2
SIM3
SIM4
1
21
22
SIM5
SIM1
SIM2
SIM3
SIM4
1
21
22
SIM5
SIM1
SIM2
SIM3
SIM4
1
21
22
SIM5
SIM1
SIM2
SIM3
SIM4
1
21
22
SIM5
SIM1
SIM2
SIM3
SIM4
1
21
22
SIM5
SIM1
SIM2
SIM3
SIM4
1
21
22
SIM5
SIM1
SIM2
SIM3
SIM4
1
21
22
SIM5
SIM1
SIM2
SIM3
SIM4
1
21
22
SIM5
SIM1
SIM2
SIM3
SIM4
1
21
22
SIM5
SIM1
SIM2
SIM3
SIM4
1
21
22
SIM5
SIM1
SIM2
SIM3
SIM4
1
21
22
SIM5
SIM1
SIM2
SIM3
SIM4
1
21
22
SIM5
SIM1
SIM2
SIM3
SIM4
1
21
22
SIM5
SIM1
SIM2
SIM3
SIM4
1
21
22
SIM5
SIM1
SIM2
SIM3
SIM4
1
21
22
SIM5
SIM1
SIM2
SIM3
SIM4
1
21
22
SIM5
SIM1
SIM2
SIM3
SIM4
1
21
22
SIM5
SIM1
SIM2
SIM3
SIM4
1
21
22
SIM5
SIM1
SIM2
SIM3
SIM4
1
21
22
SIM5
SIM1
SIM2
SIM3
SIM4
1
21
22
SIM5
SIM1
SIM2
SIM3
SIM4
1
21
22
SIM5
SIM1
SIM2
SIM3
SIM4
1
21
22
SIM5
SIM1
SIM2
SIM3
SIM4
1
21
22
SIM5
SIM1
SIM2
SIM3
SIM4
1
21
22
SIM5
SIM1
SIM2
SIM3
SIM4
1
21
22
SIM5
SIM1
SIM2
SIM3
SIM4
1
21
22
SIM5
SIM1
SIM2
SIM3
SIM4
1
21
22
SIM5
SIM1
SIM2
SIM3
SIM4
1
21
22
SIM5
SIM1
SIM2
SIM3
SIM4
1
21
22
SIM5
SIM1
SIM2
SIM3
SIM4
1
21
22
SIM5
SIM1
SIM2
SIM3
SIM4
1
21
22
SIM5
SIM1
SIM2
SIM3
SIM4
1
21
22
SIM5
SIM1
SIM2
SIM3
SIM4
1
21
22
SIM5
SIM1
SIM2
SIM3
SIM4
1
21
22
SIM5
SIM1
SIM2
SIM3
SIM4
1
21
22
SIM5
SIM1
SIM2
SIM3
SIM4
1
21
22
SIM5
SIM1
SIM2
SIM3
SIM4
1
21
22
SIM5
SIM1
SIM2
SIM3
SIM4
1
21
22
SIM5
SIM1
SIM2
SIM3
SIM4
1
21
22
SIM5
SIM1
SIM2
SIM3
SIM4
1
21
22
SIM5
SIM1
SIM2
SIM3
SIM4
1
21
22
SIM5
SIM1
SIM2
SIM3
SIM4
1
21
22
SIM5
SIM1
SIM2
SIM3
SIM4
1
21
22
SIM5
SIM1
SIM2
SIM3
SIM4
1
21
22
SIM5
SIM1
SIM2
SIM3
SIM4
1
21
22
SIM5
SIM1
SIM2
SIM3
SIM4
1
21
22
SIM5
SIM1
SIM2
SIM3
SIM4
1
21
22
SIM5
SIM1
SIM2
SIM3
SIM4
1
21
22
SIM5
SIM1
SIM2
DEBUG 1 561
SIM1
SIM2
SIM3
SIM4
1
21
22
SIM5
SIM1
SIM2
SIM3
SIM4
1
21
22
SIM5
SIM1
SIM2
SIM3
SIM4
1
21
22
SIM5
SIM1
SIM2
SIM3
SIM4
1
21
22
SIM5
SIM1
SIM2
SIM3
SIM4
1
21
22
SIM5
SIM1
SIM2
SIM3
SIM4
1
21
22
SIM5
SIM1
SIM2
SIM3
SIM4
1
21
22
SIM5
SIM1
SIM2
SIM3
SIM4
1
21
22
SIM5
SIM1
SIM2
SIM3
SIM4
1
21
22
SIM5
SIM1
SIM2
SIM3
SIM4
1
21
22
SIM5
SIM1
SIM2
SIM3
SIM4
1
21
22
SIM5
SIM1
SIM2
SIM3
SIM4
1
21
22
SIM5
SIM1
SIM2
SIM3
SIM4
1
21
22
SIM5
SIM1
SIM2
SIM3
SIM4
1
21
22
SIM5
SIM1
SIM2
SIM3
SIM4
1
21
22
SIM5
SIM1
SIM2
SIM3
SIM4
1
21
22
SIM5
SIM1
SIM2
SIM3
SIM4
1
21
22
SIM5
SIM1
SIM2
SIM3
SIM4
1
21
22
SIM5
SIM1
SIM2
SIM3
SIM4
1
21
22
SIM5
SIM1
SIM2
SIM3
SIM4
1
21
22
SIM5
SIM1
SIM2
SIM3
SIM4
1
21
22
SIM5
SIM1
SIM2
SIM3
SIM4
1
21
22
SIM5
SIM1
SIM2
SIM3
SIM4
1
21
22
SIM5
SIM1
SIM2
SIM3
SIM4
1
21
22
SIM5
SIM1
SIM2
SIM3
SIM4
1
21
22
SIM5
SIM1
SIM2
SIM3
SIM4
1
21
22
SIM5
SIM1
SIM2
SIM3
SIM4
1
21
22
SIM5
SIM1
SIM2
SIM3
SIM4
1
21
22
SIM5
SIM1
SIM2
SIM3
SIM4
1
21
22
SIM5
SIM1
SIM2
SIM3
SIM4
1
21
22
SIM5
SIM1
SIM2
SIM3
SIM4
1
21
22
SIM5
SIM1
SIM2
SIM3
SIM4
1
21
22
SIM5
SIM1
SIM2
SIM3
SIM4
1
21
22
SIM5
SIM1
SIM2
SIM3
SIM4
1
21
22
SIM5
SIM1
SIM2
SIM3
SIM4
1
21
22
SIM5
SIM1
SIM2
SIM3
SIM4
1
21
22
SIM5
SIM1
SIM2
SIM3
SIM4
1
21
22
SIM5
SIM1
SIM2
SIM3
SIM4
1
21
22
SIM5
SIM1
SIM2
SIM3
SIM4
1
21
22
SIM5
SIM1
SIM2
SIM3
SIM4
1
21
22
SIM5
SIM1
SIM2
SIM3
SIM4
1
21
22
SIM5
SIM1
SIM2
SIM3
SIM4
1
21
22
SIM5
SIM1
SIM2
SIM3
SIM4
1
21
22
SIM5
SIM1
SIM2
SIM3
SIM4
1
21
22
SIM5
SIM1
SIM2
SIM3
SIM4
1
21
22
SIM5
SIM1
SIM2
SIM3
SIM4
1
21
22
SIM5
SIM1
SIM2
SIM3
SIM4
1
21
22
SIM5
SIM1
SIM2
SIM3
SIM4
1
21
22
SIM5
SIM1
SIM2
SIM3
SIM4
1
21
22
SIM5
SIM1
SIM2
SIM3
SIM4
1
21
22
SIM5
SIM1
SIM2
SIM3
SIM4
1
21
22
SIM5
SIM1
SIM2
SIM3
SIM4
1
21
22
SIM5
SIM1
SIM2
SIM3
SIM4
1
21
22
SIM5
SIM1
SIM2
SIM3
SIM4
1
21
22
SIM5
SIM1
SIM2
SIM3
SIM4
1
21
22
SIM5
SIM1
SIM2
SIM3
SIM4
1
21
22
SIM5
SIM1
SIM2
SIM3
SIM4
1
21
22
SIM5
SIM1
SIM2
SIM3
SIM4
1
21
22
SIM5
SIM1
SIM2
SIM3
SIM4
1
21
22
SIM5
SIM1
SIM2
SIM3
SIM4
1
21
22
SIM5
SIM1
SIM2
SIM3
SIM4
1
21
22
SIM5
SIM1
SIM2
SIM3
SIM4
1
21
22
SIM5
SIM1
SIM2
SIM3
SIM4
1
21
22
SIM5
SIM1
SIM2
SIM3
SIM4
1
21
22
SIM5
SIM1
SIM2
SIM3
SIM4
1
21
22
SIM5
SIM1
SIM2
SIM3
SIM4
1
21
22
SIM5
SIM1
SIM2
SIM3
SIM4
1
21
22
SIM5
SIM1
SIM2
SIM3
SIM4
1
21
22
SIM5
SIM1
SIM2
SIM3
SIM4
1
21
22
SIM5
SIM1
SIM2
SIM3
SIM4
1
21
22
SIM5
SIM1
SIM2
SIM3
SIM4
1
21
22
SIM5
SIM1
SIM2
SIM3
SIM4
1
21
22
SIM5
SIM1
SIM2
SIM3
SIM4
1
21
22
SIM5
SIM1
SIM2
SIM3
SIM4
1
21
22
SIM5
SIM1
SIM2
SIM3
SIM4
1
21
22
SIM5
SIM1
SIM2
SIM3
SIM4
1
21
22
SIM5
SIM1
SIM2
SIM3
SIM4
1
21
22
SIM5
SIM1
SIM2
SIM3
SIM4
1
21
22
SIM5
SIM1
SIM2
SIM3
SIM4
1
21
22
SIM5
SIM1
SIM2
SIM3
SIM4
1
21
22
SIM5
SIM1
SIM2
SIM3
SIM4
1
21
22
SIM5
SIM1
SIM2
SIM3
SIM4
1
21
22
SIM5
SIM1
SIM2
SIM3
SIM4
1
21
22
SIM5
SIM1
SIM2
SIM3
SIM4
1
21
22
SIM5
SIM1
SIM2
SIM3
SIM4
1
21
22
SIM5
SIM1
SIM2
SIM3
SIM4
1
21
22
SIM5
SIM1
SIM2
SIM3
SIM4
1
21
22
SIM5
SIM1
SIM2
SIM3
SIM4
1
21
22
SIM5
SIM1
SIM2
SIM3
SIM4
1
21
22
SIM5
SIM1
SIM2
SIM3
SIM4
1
21
22
SIM5
SIM1
SIM2
SIM3
SIM4
1
21
22
SIM5
SIM1
SIM2
SIM3
SIM4
1
21
22
SIM5
SIM1
SIM2
SIM3
SIM4
1
21
22
SIM5
SIM1
SIM2
SIM3
SIM4
1
21
22
SIM5
SIM1
SIM2
SIM3
SIM4
1
21
22
SIM5
SIM1
SIM2
SIM3
SIM4
1
21
22
SIM5
SIM1
SIM2
SIM3
SIM4
1
21
22
SIM5
SIM1
SIM2
SIM3
SIM4
1
21
22
SIM5
SIM1
SIM2
SIM3
SIM4
1
21
22
SIM5
SIM1
SIM2
SIM3
SIM4
1
21
22
SIM5
SIM1
SIM2
SIM3
SIM4
1
21
22
SIM5
SIM1
SIM2
SIM3
SIM4
1
21
22
SIM5
SIM1
SIM2
SIM3
SIM4
1
21
22
SIM5
SIM1
SIM2
SIM3
SIM4
1
21
22
SIM5
SIM1
SIM2
SIM3
SIM4
1
21
22
SIM5
SIM1
SIM2
SIM3
SIM4
1
21
22
SIM5
SIM1
SIM2
SIM3
SIM4
1
21
22
SIM5
SIM1
SIM2
SIM3
SIM4
1
21
22
SIM5
SIM1
SIM2
SIM3
SIM4
1
21
22
SIM5
SIM1
SIM2
SIM3
SIM4
1
21
22
SIM5
SIM1
SIM2
SIM3
SIM4
1
21
22
SIM5
SIM1
SIM2
SIM3
SIM4
1
21
22
SIM5
SIM1
SIM2
SIM3
SIM4
1
21
22
SIM5
SIM1
SIM2
SIM3
SIM4
1
21
22
SIM5
SIM1
SIM2
SIM3
SIM4
1
21
22
SIM5
SIM1
SIM2
SIM3
SIM4
1
21
22
SIM5
SIM1
SIM2
SIM3
SIM4
1
21
22
SIM5
SIM1
SIM2
SIM3
SIM4
1
21
22
SIM5
SIM1
SIM2
SIM3
SIM4
1
21
22
SIM5
SIM1
SIM2
SIM3
SIM4
1
21
22
SIM5
SIM1
SIM2
SIM3
SIM4
1
21
22
SIM5
SIM1
SIM2
SIM3
SIM4
1
21
22
SIM5
SIM1
SIM2
SIM3
SIM4
1
21
22
SIM5
SIM1
SIM2
SIM3
SIM4
1
21
22
SIM5
SIM1
SIM2
SIM3
SIM4
1
21
22
SIM5
SIM1
SIM2
SIM3
SIM4
1
21
22
SIM5
SIM1
SIM2
SIM3
SIM4
1
21
22
SIM5
SIM1
SIM2
SIM3
SIM4
1
21
22
SIM5
SIM1
SIM2
SIM3
SIM4
1
21
22
SIM5
SIM1
SIM2
SIM3
SIM4
1
21
22
SIM5
SIM1
SIM2
SIM3
SIM4
1
21
22
SIM5
SIM1
SIM2
SIM3
SIM4
1
21
22
SIM5
SIM1
SIM2
SIM3
SIM4
1
21
22
SIM5
SIM1
SIM2
SIM3
SIM4
1
21
22
SIM5
SIM1
SIM2
SIM3
SIM4
1
21
22
SIM5
SIM1
SIM2
SIM3
SIM4
1
21
22
SIM5
SIM1
SIM2
SIM3
SIM4
1
21
22
SIM5
SIM1
SIM2
SIM3
SIM4
1
21
22
SIM5
SIM1
SIM2
SIM3
SIM4
1
21
22
SIM5
SIM1
SIM2
SIM3
SIM4
1
21
22
SIM5
SIM1
SIM2
SIM3
SIM4
1
21
22
SIM5
SIM1
SIM2
SIM3
SIM4
1
21
22
SIM5
SIM1
SIM2
SIM3
SIM4
1
21
22
SIM5
SIM1
SIM2
SIM3
SIM4
1
21
22
SIM5
SIM1
SIM2
SIM3
SIM4
1
21
22
SIM5
SIM1
SIM2
SIM3
SIM4
1
21
22
SIM5
SIM1
SIM2
SIM3
SIM4
1
21
22
SIM5
SIM1
SIM2
SIM3
SIM4
1
21
22
SIM5
SIM1
SIM2
SIM3
SIM4
1
21
22
SIM5
SIM1
SIM2
SIM3
SIM4
1
21
22
SIM5
SIM1
SIM2
SIM3
SIM4
1
21
22
SIM5
SIM1
SIM2
DEBUG 1 562
SIM1
SIM2
SIM3
SIM4
1
21
22
SIM5
SIM1
SIM2
SIM3
SIM4
1
21
22
SIM5
SIM1
SIM2
SIM3
SIM4
1
21
22
SIM5
SIM1
SIM2
SIM3
SIM4
1
21
22
SIM5
SIM1
SIM2
SIM3
SIM4
1
21
22
SIM5
SIM1
SIM2
SIM3
SIM4
1
21
22
SIM5
SIM1
SIM2
SIM3
SIM4
1
21
22
SIM5
SIM1
SIM2
SIM3
SIM4
1
21
22
SIM5
SIM1
SIM2
SIM3
SIM4
1
21
22
SIM5
SIM1
SIM2
SIM3
SIM4
1
21
22
SIM5
SIM1
SIM2
SIM3
SIM4
1
21
22
SIM5
SIM1
SIM2
SIM3
SIM4
1
21
22
SIM5
SIM1
SIM2
SIM3
SIM4
1
21
22
SIM5
SIM1
SIM2
SIM3
SIM4
1
21
22
SIM5
SIM1
SIM2
SIM3
SIM4
1
21
22
SIM5
SIM1
SIM2
SIM3
SIM4
1
21
22
SIM5
SIM1
SIM2
SIM3
SIM4
1
21
22
SIM5
SIM1
SIM2
SIM3
SIM4
1
21
22
SIM5
SIM1
SIM2
SIM3
SIM4
1
21
22
SIM5
SIM1
SIM2
SIM3
SIM4
1
21
22
SIM5
SIM1
SIM2
SIM3
SIM4
1
21
22
SIM5
SIM1
SIM2
SIM3
SIM4
1
21
22
SIM5
SIM1
SIM2
SIM3
SIM4
1
21
22
SIM5
SIM1
SIM2
SIM3
SIM4
1
21
22
SIM5
SIM1
SIM2
SIM3
SIM4
1
21
22
SIM5
SIM1
SIM2
SIM3
SIM4
1
21
22
SIM5
SIM1
SIM2
SIM3
SIM4
1
21
22
SIM5
SIM1
SIM2
SIM3
SIM4
1
21
22
SIM5
SIM1
SIM2
SIM3
SIM4
1
21
22
SIM5
SIM1
SIM2
SIM3
SIM4
1
21
22
SIM5
SIM1
SIM2
SIM3
SIM4
1
21
22
SIM5
SIM1
SIM2
SIM3
SIM4
1
21
22
SIM5
SIM1
SIM2
SIM3
SIM4
1
21
22
SIM5
SIM1
SIM2
SIM3
SIM4
1
21
22
SIM5
SIM1
SIM2
SIM3
SIM4
1
21
22
SIM5
SIM1
SIM2
SIM3
SIM4
1
21
22
SIM5
SIM1
SIM2
SIM3
SIM4
1
21
22
SIM5
SIM1
SIM2
SIM3
SIM4
1
21
22
SIM5
SIM1
SIM2
SIM3
SIM4
1
21
22
SIM5
SIM1
SIM2
SIM3
SIM4
1
21
22
SIM5
SIM1
SIM2
SIM3
SIM4
1
21
22
SIM5
SIM1
SIM2
SIM3
SIM4
1
21
22
SIM5
SIM1
SIM2
SIM3
SIM4
1
21
22
SIM5
SIM1
SIM2
SIM3
SIM4
1
21
22
SIM5
SIM1
SIM2
SIM3
SIM4
1
21
22
SIM5
SIM1
SIM2
SIM3
SIM4
1
21
22
SIM5
SIM1
SIM2
SIM3
SIM4
1
21
22
SIM5
SIM1
SIM2
SIM3
SIM4
1
21
22
SIM5
SIM1
SIM2
SIM3
SIM4
1
21
22
SIM5
SIM1
SIM2
SIM3
SIM4
1
21
22
SIM5
SIM1
SIM2
SIM3
SIM4
1
21
22
SIM5
SIM1
SIM2
SIM3
SIM4
1
21
22
SIM5
SIM1
SIM2
SIM3
SIM4
1
21
22
SIM5
SIM1
SIM2
SIM3
SIM4
1
21
22
SIM5
SIM1
SIM2
SIM3
SIM4
1
21
22
SIM5
SIM1
SIM2
SIM3
SIM4
1
21
22
SIM5
SIM1
SIM2
SIM3
SIM4
1
21
22
SIM5
SIM1
SIM2
SIM3
SIM4
1
21
22
SIM5
SIM1
SIM2
SIM3
SIM4
1
21
22
SIM5
SIM1
SIM2
SIM3
SIM4
1
21
22
SIM5
SIM1
SIM2
SIM3
SIM4
1
21
22
SIM5
SIM1
SIM2
SIM3
SIM4
1
21
22
SIM5
SIM1
SIM2
SIM3
SIM4
1
21
22
SIM5
SIM1
SIM2
SIM3
SIM4
1
21
22
SIM5
SIM1
SIM2
SIM3
SIM4
1
21
22
SIM5
SIM1
SIM2
SIM3
SIM4
1
21
22
SIM5
SIM1
SIM2
SIM3
SIM4
1
21
22
SIM5
SIM1
SIM2
SIM3
SIM4
1
21
22
SIM5
SIM1
SIM2
SIM3
SIM4
1
21
22
SIM5
SIM1
SIM2
SIM3
SIM4
1
21
22
SIM5
SIM1
SIM2
SIM3
SIM4
1
21
22
SIM5
SIM1
SIM2
DEBUG 1 563
SIM1
SIM2
SIM3
SIM4
1
21
22
SIM5
SIM1
SIM2
SIM3
SIM4
1
21
22
SIM5
SIM1
SIM2
SIM3
SIM4
1
21
22
SIM5
SIM1
SIM2
SIM3
SIM4
1
21
22
SIM5
SIM1
SIM2
SIM3
SIM4
1
21
22
SIM5
SIM1
SIM2
SIM3
SIM4
1
21
22
SIM5
SIM1
SIM2
SIM3
SIM4
1
21
22
SIM5
SIM1
SIM2
SIM3
SIM4
1
21
22
SIM5
SIM1
SIM2
SIM3
SIM4
1
21
22
SIM5
SIM1
SIM2
SIM3
SIM4
1
21
22
SIM5
SIM1
SIM2
SIM3
SIM4
1
21
22
SIM5
SIM1
SIM2
SIM3
SIM4
1
21
22
SIM5
SIM1
SIM2
SIM3
SIM4
1
21
22
SIM5
SIM1
SIM2
SIM3
SIM4
1
21
22
SIM5
SIM1
SIM2
SIM3
SIM4
1
21
22
SIM5
SIM1
SIM2
SIM3
SIM4
1
21
22
SIM5
SIM1
SIM2
SIM3
SIM4
1
21
22
SIM5
SIM1
SIM2
SIM3
SIM4
1
21
22
SIM5
SIM1
SIM2
SIM3
SIM4
1
21
22
SIM5
SIM1
SIM2
SIM3
SIM4
1
21
22
SIM5
SIM1
SIM2
SIM3
SIM4
1
21
22
SIM5
SIM1
SIM2
SIM3
SIM4
1
21
22
SIM5
SIM1
SIM2
SIM3
SIM4
1
21
22
SIM5
SIM1
SIM2
SIM3
SIM4
1
21
22
SIM5
SIM1
SIM2
SIM3
SIM4
1
21
22
SIM5
SIM1
SIM2
SIM3
SIM4
1
21
22
SIM5
SIM1
SIM2
SIM3
SIM4
1
21
22
SIM5
SIM1
SIM2
SIM3
SIM4
1
21
22
SIM5
SIM1
SIM2
SIM3
SIM4
1
21
22
SIM5
SIM1
SIM2
SIM3
SIM4
1
21
22
SIM5
SIM1
SIM2
SIM3
SIM4
1
21
22
SIM5
SIM1
SIM2
SIM3
SIM4
1
21
22
SIM5
SIM1
SIM2
SIM3
SIM4
1
21
22
SIM5
SIM1
SIM2
SIM3
SIM4
1
21
22
SIM5
SIM1
SIM2
SIM3
SIM4
1
21
22
SIM5
SIM1
SIM2
SIM3
SIM4
1
21
22
SIM5
SIM1
SIM2
SIM3
SIM4
1
21
22
SIM5
SIM1
SIM2
SIM3
SIM4
1
21
22
SIM5
SIM1
SIM2
SIM3
SIM4
1
21
22
SIM5
SIM1
SIM2
SIM3
SIM4
1
21
22
SIM5
SIM1
SIM2
SIM3
SIM4
1
21
22
SIM5
SIM1
SIM2
SIM3
SIM4
1
21
22
SIM5
SIM1
SIM2
SIM3
SIM4
1
21
22
SIM5
SIM1
SIM2
SIM3
SIM4
1
21
22
SIM5
SIM1
SIM2
SIM3
SIM4
1
21
22
SIM5
SIM1
SIM2
SIM3
SIM4
1
21
22
SIM5
SIM1
SIM2
SIM3
SIM4
1
21
22
SIM5
SIM1
SIM2
SIM3
SIM4
1
21
22
SIM5
SIM1
SIM2
SIM3
SIM4
1
21
22
SIM5
SIM1
SIM2
SIM3
SIM4
1
21
22
SIM5
SIM1
SIM2
SIM3
SIM4
1
21
22
SIM5
SIM1
SIM2
SIM3
SIM4
1
21
22
SIM5
SIM1
SIM2
SIM3
SIM4
1
21
22
SIM5
SIM1
SIM2
SIM3
SIM4
1
21
22
SIM5
SIM1
SIM2
SIM3
SIM4
1
21
22
SIM5
SIM1
SIM2
SIM3
SIM4
1
21
22
SIM5
SIM1
SIM2
SIM3
SIM4
1
21
22
SIM5
SIM1
SIM2
SIM3
SIM4
1
21
22
SIM5
SIM1
SIM2
SIM3
SIM4
1
21
22
SIM5
SIM1
SIM2
SIM3
SIM4
1
21
22
SIM5
SIM1
SIM2
SIM3
SIM4
1
21
22
SIM5
SIM1
SIM2
SIM3
SIM4
1
21
22
SIM5
SIM1
SIM2
SIM3
SIM4
1
21
22
SIM5
SIM1
SIM2
SIM3
SIM4
1
21
22
SIM5
SIM1
SIM2
SIM3
SIM4
1
21
22
SIM5
SIM1
SIM2
SIM3
SIM4
1
21
22
SIM5
SIM1
SIM2
SIM3
SIM4
1
21
22
SIM5
SIM1
SIM2
SIM3
SIM4
1
21
22
SIM5
SIM1
SIM2
SIM3
SIM4
1
21
22
SIM5
SIM1
SIM2
SIM3
SIM4
1
21
22
SIM5
SIM1
SIM2
SIM3
SIM4
1
21
22
SIM5
SIM1
SIM2
SIM3
SIM4
1
21
22
SIM5
SIM1
SIM2
SIM3
SIM4
1
21
22
SIM5
SIM1
SIM2
SIM3
SIM4
1
21
22
SIM5
SIM1
SIM2
SIM3
SIM4
1
21
22
SIM5
SIM1
SIM2
SIM3
SIM4
1
21
22
SIM5
SIM1
SIM2
SIM3
SIM4
1
21
22
SIM5
SIM1
SIM2
SIM3
SIM4
1
21
22
SIM5
SIM1
SIM2
SIM3
SIM4
1
21
22
SIM5
SIM1
SIM2
SIM3
SIM4
1
21
22
SIM5
SIM1
SIM2
SIM3
SIM4
1
21
22
SIM5
SIM1
SIM2
SIM3
SIM4
1
21
22
SIM5
SIM1
SIM2
SIM3
SIM4
1
21
22
SIM5
SIM1
SIM2
SIM3
SIM4
1
21
22
SIM5
SIM1
SIM2
SIM3
SIM4
1
21
22
SIM5
SIM1
SIM2
SIM3
SIM4
1
21
22
SIM5
SIM1
SIM2
SIM3
SIM4
1
21
22
SIM5
SIM1
SIM2
SIM3
SIM4
1
21
22
SIM5
SIM1
SIM2
SIM3
SIM4
1
21
22
SIM5
SIM1
SIM2
SIM3
SIM4
1
21
22
SIM5
SIM1
SIM2
SIM3
SIM4
1
21
22
SIM5
SIM1
SIM2
SIM3
SIM4
1
21
22
SIM5
SIM1
SIM2
SIM3
SIM4
1
21
22
SIM5
SIM1
SIM2
SIM3
SIM4
1
21
22
SIM5
SIM1
SIM2
SIM3
SIM4
1
21
22
SIM5
SIM1
SIM2
SIM3
SIM4
1
21
22
SIM5
SIM1
SIM2
SIM3
SIM4
1
21
22
SIM5
SIM1
SIM2
SIM3
SIM4
1
21
22
SIM5
SIM1
SIM2
SIM3
SIM4
1
21
22
SIM5
SIM1
SIM2
SIM3
SIM4
1
21
22
SIM5
SIM1
SIM2
SIM3
SIM4
1
21
22
SIM5
SIM1
SIM2
SIM3
SIM4
1
21
22
SIM5
SIM1
SIM2
SIM3
SIM4
1
21
22
SIM5
SIM1
SIM2
SIM3
SIM4
1
21
22
SIM5
SIM1
SIM2
SIM3
SIM4
1
21
22
SIM5
SIM1
SIM2
SIM3
SIM4
1
21
22
SIM5
SIM1
SIM2
SIM3
SIM4
1
21
22
SIM5
SIM1
SIM2
SIM3
SIM4
1
21
22
SIM5
SIM1
SIM2
SIM3
SIM4
1
21
22
SIM5
SIM1
SIM2
SIM3
SIM4
1
21
22
SIM5
SIM1
SIM2
SIM3
SIM4
1
21
22
SIM5
SIM1
SIM2
SIM3
SIM4
1
21
22
SIM5
SIM1
SIM2
SIM3
SIM4
1
21
22
SIM5
SIM1
SIM2
SIM3
SIM4
1
21
22
SIM5
SIM1
SIM2
SIM3
SIM4
1
21
22
SIM5
SIM1
SIM2
SIM3
SIM4
1
21
22
SIM5
SIM1
SIM2
SIM3
SIM4
1
21
22
SIM5
SIM1
SIM2
SIM3
SIM4
1
21
22
SIM5
SIM1
SIM2
SIM3
SIM4
1
21
22
SIM5
SIM1
SIM2
SIM3
SIM4
1
21
22
SIM5
SIM1
SIM2
SIM3
SIM4
1
21
22
SIM5
SIM1
SIM2
SIM3
SIM4
1
21
22
SIM5
SIM1
SIM2
SIM3
SIM4
1
21
22
SIM5
SIM1
SIM2
SIM3
SIM4
1
21
22
SIM5
SIM1
SIM2
SIM3
SIM4
1
21
22
SIM5
SIM1
SIM2
SIM3
SIM4
1
21
22
SIM5
SIM1
SIM2
SIM3
SIM4
1
21
22
SIM5
SIM1
SIM2
SIM3
SIM4
1
21
22
SIM5
SIM1
SIM2
SIM3
SIM4
1
21
22
SIM5
SIM1
SIM2
SIM3
SIM4
1
21
22
SIM5
SIM1
SIM2
SIM3
SIM4
1
21
22
SIM5
SIM1
SIM2
SIM3
SIM4
1
21
22
SIM5
SIM1
SIM2
SIM3
SIM4
1
21
22
SIM5
SIM1
SIM2
SIM3
SIM4
1
21
22
SIM5
SIM1
SIM2
SIM3
SIM4
1
21
22
SIM5
SIM1
SIM2
SIM3
SIM4
1
21
22
SIM5
SIM1
SIM2
SIM3
SIM4
1
21
22
SIM5
SIM1
SIM2
SIM3
SIM4
1
21
22
SIM5
SIM1
SIM2
SIM3
SIM4
1
21
22
SIM5
SIM1
SIM2
SIM3
SIM4
1
21
22
SIM5
SIM1
SIM2
SIM3
SIM4
1
21
22
SIM5
SIM1
SIM2
SIM3
SIM4
1
21
22
SIM5
SIM1
SIM2
SIM3
SIM4
1
21
22
SIM5
SIM1
SIM2
SIM3
SIM4
1
21
22
SIM5
SIM1
SIM2
SIM3
SIM4
1
21
22
SIM5
SIM1
SIM2
SIM3
SIM4
1
21
22
SIM5
SIM1
SIM2
SIM3
SIM4
1
21
22
SIM5
SIM1
SIM2
SIM3
SIM4
1
21
22
SIM5
SIM1
SIM2
SIM3
SIM4
1
21
22
SIM5
SIM1
SIM2
SIM3
SIM4
1
21
22
SIM5
SIM1
SIM2
SIM3
SIM4
1
21
22
SIM5
SIM1
SIM2
SIM3
SIM4
1
21
22
SIM5
SIM1
SIM2
SIM3
SIM4
1
21
22
SIM5
SIM1
SIM2
SIM3
SIM4
1
21
22
SIM5
SIM1
SIM2
SIM3
SIM4
1
21
22
SIM5
SIM1
SIM2
SIM3
SIM4
1
21
22
SIM5
SIM1
SIM2
SIM3
SIM4
1
21
22
SIM5
SIM1
SIM2
SIM3
SIM4
1
21
22
SIM5
SIM1
SIM2
SIM3
SIM4
1
21
22
SIM5
SIM1
SIM2
SIM3
SIM4
1
21
22
SIM5
SIM1
SIM2
SIM3
SIM4
1
21
22
SIM5
SIM1
SIM2
SIM3
SIM4
1
21
22
SIM5
SIM1
SIM2
SIM3
SIM4
1
21
22
SIM5
SIM1
SIM2
SIM3
SIM4
1
21
22
SIM5
SIM1
SIM2
SIM3
SIM4
1
21
22
SIM5
SIM1
SIM2
SIM3
SIM4
1
21
22
SIM5
SIM1
SIM2
SIM3
SIM4
1
21
22
SIM5
SIM1
SIM2
SIM3
SIM4
1
21
22
SIM5
SIM1
SIM2
SIM3
SIM4
1
21
22
SIM5
SIM1
SIM2
SIM3
SIM4
1
21
22
SIM5
SIM1
SIM2
SIM3
SIM4
1
21
22
SIM5
SIM1
SIM2
SIM3
SIM4
1
21
22
SIM5
SIM1
SIM2
SIM3
SIM4
1
21
22
SIM5
SIM1
SIM2
SIM3
SIM4
1
21
22
SIM5
SIM1
SIM2
SIM3
SIM4
1
21
22
SIM5
SIM1
SIM2
SIM3
SIM4
1
21
22
SIM5
SIM1
SIM2
SIM3
SIM4
1
21
22
SIM5
SIM1
SIM2
SIM3
SIM4
1
21
22
SIM5
SIM1
SIM2
SIM3
SIM4
1
21
22
SIM5
SIM1
SIM2
SIM3
SIM4
1
21
22
SIM5
SIM1
SIM2
SIM3
SIM4
1
21
22
SIM5
SIM1
SIM2
SIM3
SIM4
1
21
22
SIM5
SIM1
SIM2
SIM3
SIM4
1
21
22
SIM5
SIM1
SIM2
SIM3
SIM4
1
21
22
SIM5
SIM1
SIM2
SIM3
SIM4
1
21
22
SIM5
SIM1
SIM2
SIM3
SIM4
1
21
22
SIM5
SIM1
SIM2
SIM3
SIM4
1
21
22
SIM5
SIM1
SIM2
SIM3
SIM4
1
21
22
SIM5
SIM1
SIM2
SIM3
SIM4
1
21
22
SIM5
SIM1
SIM2
SIM3
SIM4
1
21
22
SIM5
SIM1
SIM2
SIM3
SIM4
1
21
22
SIM5
SIM1
SIM2
SIM3
SIM4
1
21
22
SIM5
SIM1
SIM2
SIM3
SIM4
1
21
22
SIM5
SIM1
SIM2
SIM3
SIM4
1
21
22
SIM5
SIM1
SIM2
SIM3
SIM4
1
21
22
SIM5
SIM1
SIM2
SIM3
SIM4
1
21
22
SIM5
SIM1
SIM2
SIM3
SIM4
1
21
22
SIM5
SIM1
SIM2
SIM3
SIM4
1
21
22
SIM5
SIM1
SIM2
SIM3
SIM4
1
21
22
SIM5
SIM1
SIM2
SIM3
SIM4
1
21
22
SIM5
SIM1
SIM2
SIM3
SIM4
1
21
22
SIM5
SIM1
SIM2
SIM3
SIM4
1
21
22
SIM5
SIM1
SIM2
SIM3
SIM4
1
21
22
SIM5
SIM1
SIM2
SIM3
SIM4
1
21
22
SIM5
SIM1
SIM2
SIM3
SIM4
1
21
22
SIM5
SIM1
SIM2
SIM3
SIM4
1
21
22
SIM5
SIM1
SIM2
SIM3
SIM4
1
21
22
SIM5
SIM1
SIM2
SIM3
SIM4
1
21
22
SIM5
SIM1
SIM2
DEBUG 1 564
SIM1
SIM2
SIM3
SIM4
1
21
22
SIM5
SIM1
SIM2
SIM3
SIM4
1
21
22
SIM5
SIM1
SIM2
SIM3
SIM4
1
21
22
SIM5
SIM1
SIM2
SIM3
SIM4
1
21
22
SIM5
SIM1
SIM2
SIM3
SIM4
1
21
22
SIM5
SIM1
SIM2
SIM3
SIM4
1
21
22
SIM5
SIM1
SIM2
SIM3
SIM4
1
21
22
SIM5
SIM1
SIM2
SIM3
SIM4
1
21
22
SIM5
SIM1
SIM2
SIM3
SIM4
1
21
22
SIM5
SIM1
SIM2
SIM3
SIM4
1
21
22
SIM5
SIM1
SIM2
SIM3
SIM4
1
21
22
SIM5
SIM1
SIM2
SIM3
SIM4
1
21
22
SIM5
SIM1
SIM2
SIM3
SIM4
1
21
22
SIM5
SIM1
SIM2
SIM3
SIM4
1
21
22
SIM5
SIM1
SIM2
SIM3
SIM4
1
21
22
SIM5
SIM1
SIM2
SIM3
SIM4
1
21
22
SIM5
SIM1
SIM2
SIM3
SIM4
1
21
22
SIM5
SIM1
SIM2
SIM3
SIM4
1
21
22
SIM5
SIM1
SIM2
SIM3
SIM4
1
21
22
SIM5
SIM1
SIM2
SIM3
SIM4
1
21
22
SIM5
SIM1
SIM2
SIM3
SIM4
1
21
22
SIM5
SIM1
SIM2
SIM3
SIM4
1
21
22
SIM5
SIM1
SIM2
SIM3
SIM4
1
21
22
SIM5
SIM1
SIM2
SIM3
SIM4
1
21
22
SIM5
SIM1
SIM2
SIM3
SIM4
1
21
22
SIM5
SIM1
SIM2
SIM3
SIM4
1
21
22
SIM5
SIM1
SIM2
SIM3
SIM4
1
21
22
SIM5
SIM1
SIM2
SIM3
SIM4
1
21
22
SIM5
SIM1
SIM2
SIM3
SIM4
1
21
22
SIM5
SIM1
SIM2
SIM3
SIM4
1
21
22
SIM5
SIM1
SIM2
SIM3
SIM4
1
21
22
SIM5
SIM1
SIM2
SIM3
SIM4
1
21
22
SIM5
SIM1
SIM2
SIM3
SIM4
1
21
22
SIM5
SIM1
SIM2
SIM3
SIM4
1
21
22
SIM5
SIM1
SIM2
SIM3
SIM4
1
21
22
SIM5
SIM1
SIM2
SIM3
SIM4
1
21
22
SIM5
SIM1
SIM2
SIM3
SIM4
1
21
22
SIM5
SIM1
SIM2
SIM3
SIM4
1
21
22
SIM5
SIM1
SIM2
SIM3
SIM4
1
21
22
SIM5
SIM1
SIM2
SIM3
SIM4
1
21
22
SIM5
SIM1
SIM2
SIM3
SIM4
1
21
22
SIM5
SIM1
SIM2
SIM3
SIM4
1
21
22
SIM5
SIM1
SIM2
SIM3
SIM4
1
21
22
SIM5
SIM1
SIM2
SIM3
SIM4
1
21
22
SIM5
SIM1
SIM2
SIM3
SIM4
1
21
22
SIM5
SIM1
SIM2
SIM3
SIM4
1
21
22
SIM5
SIM1
SIM2
SIM3
SIM4
1
21
22
SIM5
SIM1
SIM2
SIM3
SIM4
1
21
22
SIM5
SIM1
SIM2
SIM3
SIM4
1
21
22
SIM5
SIM1
SIM2
SIM3
SIM4
1
21
22
SIM5
SIM1
SIM2
SIM3
SIM4
1
21
22
SIM5
SIM1
SIM2
SIM3
SIM4
1
21
22
SIM5
SIM1
SIM2
SIM3
SIM4
1
21
22
SIM5
SIM1
SIM2
SIM3
SIM4
1
21
22
SIM5
SIM1
SIM2
SIM3
SIM4
1
21
22
SIM5
SIM1
SIM2
SIM3
SIM4
1
21
22
SIM5
SIM1
SIM2
SIM3
SIM4
1
21
22
SIM5
SIM1
SIM2
SIM3
SIM4
1
21
22
SIM5
SIM1
SIM2
SIM3
SIM4
1
21
22
SIM5
SIM1
SIM2
SIM3
SIM4
1
21
22
SIM5
SIM1
SIM2
SIM3
SIM4
1
21
22
SIM5
SIM1
SIM2
SIM3
SIM4
1
21
22
SIM5
SIM1
SIM2
SIM3
SIM4
1
21
22
SIM5
SIM1
SIM2
SIM3
SIM4
1
21
22
SIM5
SIM1
SIM2
SIM3
SIM4
1
21
22
SIM5
SIM1
SIM2
SIM3
SIM4
1
21
22
SIM5
SIM1
SIM2
SIM3
SIM4
1
21
22
SIM5
SIM1
SIM2
SIM3
SIM4
1
21
22
SIM5
SIM1
SIM2
SIM3
SIM4
1
21
22
SIM5
SIM1
SIM2
SIM3
SIM4
1
21
22
SIM5
SIM1
SIM2
SIM3
SIM4
1
21
22
SIM5
SIM1
SIM2
SIM3
SIM4
1
21
22
SIM5
SIM1
SIM2
SIM3
SIM4
1
21
22
SIM5
SIM1
SIM2
SIM3
SIM4
1
21
22
SIM5
SIM1
SIM2
SIM3
SIM4
1
21
22
SIM5
SIM1
SIM2
SIM3
SIM4
1
21
22
SIM5
SIM1
SIM2
SIM3
SIM4
1
21
22
SIM5
SIM1
SIM2
SIM3
SIM4
1
21
22
SIM5
SIM1
SIM2
SIM3
SIM4
1
21
22
SIM5
SIM1
SIM2
SIM3
SIM4
1
21
22
SIM5
SIM1
SIM2
SIM3
SIM4
1
21
22
SIM5
SIM1
SIM2
SIM3
SIM4
1
21
22
SIM5
SIM1
SIM2
SIM3
SIM4
1
21
22
SIM5
SIM1
SIM2
SIM3
SIM4
1
21
22
SIM5
SIM1
SIM2
SIM3
SIM4
1
21
22
SIM5
SIM1
SIM2
SIM3
SIM4
1
21
22
SIM5
SIM1
SIM2
SIM3
SIM4
1
21
22
SIM5
SIM1
SIM2
SIM3
SIM4
1
21
22
SIM5
SIM1
SIM2
SIM3
SIM4
1
21
22
SIM5
SIM1
SIM2
SIM3
SIM4
1
21
22
SIM5
SIM1
SIM2
SIM3
SIM4
1
21
22
SIM5
SIM1
SIM2
SIM3
SIM4
1
21
22
SIM5
SIM1
SIM2
SIM3
SIM4
1
21
22
SIM5
SIM1
SIM2
SIM3
SIM4
1
21
22
SIM5
SIM1
SIM2
SIM3
SIM4
1
21
22
SIM5
SIM1
SIM2
SIM3
SIM4
1
21
22
SIM5
SIM1
SIM2
SIM3
SIM4
1
21
22
SIM5
SIM1
SIM2
SIM3
SIM4
1
21
22
SIM5
SIM1
SIM2
SIM3
SIM4
1
21
22
SIM5
SIM1
SIM2
SIM3
SIM4
1
21
22
SIM5
SIM1
SIM2
SIM3
SIM4
1
21
22
SIM5
SIM1
SIM2
SIM3
SIM4
1
21
22
SIM5
SIM1
SIM2
SIM3
SIM4
1
21
22
SIM5
SIM1
SIM2
SIM3
SIM4
1
21
22
SIM5
SIM1
SIM2
SIM3
SIM4
1
21
22
SIM5
SIM1
SIM2
SIM3
SIM4
1
21
22
SIM5
SIM1
SIM2
SIM3
SIM4
1
21
22
SIM5
SIM1
SIM2
SIM3
SIM4
1
21
22
SIM5
SIM1
SIM2
SIM3
SIM4
1
21
22
SIM5
SIM1
SIM2
SIM3
SIM4
1
21
22
SIM5
SIM1
SIM2
SIM3
SIM4
1
21
22
SIM5
SIM1
SIM2
SIM3
SIM4
1
21
22
SIM5
SIM1
SIM2
SIM3
SIM4
1
21
22
SIM5
SIM1
SIM2
SIM3
SIM4
1
21
22
SIM5
SIM1
SIM2
SIM3
SIM4
1
21
22
SIM5
SIM1
SIM2
SIM3
SIM4
1
21
22
SIM5
SIM1
SIM2
SIM3
SIM4
1
21
22
SIM5
SIM1
SIM2
SIM3
SIM4
1
21
22
SIM5
SIM1
SIM2
SIM3
SIM4
1
21
22
SIM5
SIM1
SIM2
SIM3
SIM4
1
21
22
SIM5
SIM1
SIM2
SIM3
SIM4
1
21
22
SIM5
SIM1
SIM2
SIM3
SIM4
1
21
22
SIM5
SIM1
SIM2
SIM3
SIM4
1
21
22
SIM5
SIM1
SIM2
SIM3
SIM4
1
21
22
SIM5
SIM1
SIM2
SIM3
SIM4
1
21
22
SIM5
SIM1
SIM2
SIM3
SIM4
1
21
22
SIM5
SIM1
SIM2
SIM3
SIM4
1
21
22
SIM5
SIM1
SIM2
SIM3
SIM4
1
21
22
SIM5
SIM1
SIM2
SIM3
SIM4
1
21
22
SIM5
SIM1
SIM2
SIM3
SIM4
1
21
22
SIM5
SIM1
SIM2
SIM3
SIM4
1
21
22
SIM5
SIM1
SIM2
SIM3
SIM4
1
21
22
SIM5
SIM1
SIM2
SIM3
SIM4
1
21
22
SIM5
SIM1
SIM2
SIM3
SIM4
1
21
22
SIM5
SIM1
SIM2
SIM3
SIM4
1
21
22
SIM5
SIM1
SIM2
SIM3
SIM4
1
21
22
SIM5
SIM1
SIM2
SIM3
SIM4
1
21
22
SIM5
SIM1
SIM2
SIM3
SIM4
1
21
22
SIM5
SIM1
SIM2
SIM3
SIM4
1
21
22
SIM5
SIM1
SIM2
SIM3
SIM4
1
21
22
SIM5
SIM1
SIM2
SIM3
SIM4
1
21
22
SIM5
SIM1
SIM2
SIM3
SIM4
1
21
22
SIM5
SIM1
SIM2
SIM3
SIM4
1
21
22
SIM5
SIM1
SIM2
SIM3
SIM4
1
21
22
SIM5
SIM1
SIM2
SIM3
SIM4
1
21
22
SIM5
SIM1
SIM2
SIM3
SIM4
1
21
22
SIM5
SIM1
SIM2
SIM3
SIM4
1
21
22
SIM5
SIM1
SIM2
SIM3
SIM4
1
21
22
SIM5
SIM1
SIM2
SIM3
SIM4
1
21
22
SIM5
SIM1
SIM2
SIM3
SIM4
1
21
22
SIM5
SIM1
SIM2
SIM3
SIM4
1
21
22
SIM5
SIM1
SIM2
SIM3
SIM4
1
21
22
SIM5
SIM1
SIM2
SIM3
SIM4
1
21
22
SIM5
SIM1
SIM2
SIM3
SIM4
1
21
22
SIM5
SIM1
SIM2
SIM3
SIM4
1
21
22
SIM5
SIM1
SIM2
SIM3
SIM4
1
21
22
SIM5
SIM1
SIM2
SIM3
SIM4
1
21
22
SIM5
SIM1
SIM2
SIM3
SIM4
1
21
22
SIM5
SIM1
SIM2
SIM3
SIM4
1
21
22
SIM5
SIM1
SIM2
SIM3
SIM4
1
21
22
SIM5
SIM1
SIM2
SIM3
SIM4
1
21
22
SIM5
SIM1
SIM2
SIM3
SIM4
1
21
22
SIM5
SIM1
SIM2
SIM3
SIM4
1
21
22
SIM5
SIM1
SIM2
SIM3
SIM4
1
21
22
SIM5
SIM1
SIM2
SIM3
SIM4
1
21
22
SIM5
SIM1
SIM2
SIM3
SIM4
1
21
22
SIM5
SIM1
SIM2
SIM3
SIM4
1
21
22
SIM5
SIM1
SIM2
SIM3
SIM4
1
21
22
SIM5
SIM1
SIM2
SIM3
SIM4
1
21
22
SIM5
SIM1
SIM2
SIM3
SIM4
1
21
22
SIM5
SIM1
SIM2
SIM3
SIM4
1
21
22
SIM5
SIM1
SIM2
SIM3
SIM4
1
21
22
SIM5
SIM1
SIM2
SIM3
SIM4
1
21
22
SIM5
SIM1
SIM2
SIM3
SIM4
1
21
22
SIM5
SIM1
SIM2
SIM3
SIM4
1
21
22
SIM5
SIM1
SIM2
SIM3
SIM4
1
21
22
SIM5
SIM1
SIM2
SIM3
SIM4
1
21
22
SIM5
SIM1
SIM2
SIM3
SIM4
1
21
22
SIM5
SIM1
SIM2
SIM3
SIM4
1
21
22
SIM5
SIM1
SIM2
SIM3
SIM4
1
21
22
SIM5
SIM1
SIM2
SIM3
SIM4
1
21
22
SIM5
SIM1
SIM2
SIM3
SIM4
1
21
22
SIM5
SIM1
SIM2
SIM3
SIM4
1
21
22
SIM5
SIM1
SIM2
SIM3
SIM4
1
21
22
SIM5
SIM1
SIM2
SIM3
SIM4
1
21
22
SIM5
SIM1
SIM2
SIM3
SIM4
1
21
22
SIM5
SIM1
SIM2
SIM3
SIM4
1
21
22
SIM5
SIM1
SIM2
SIM3
SIM4
1
21
22
SIM5
SIM1
SIM2
SIM3
SIM4
1
21
22
SIM5
SIM1
SIM2
SIM3
SIM4
1
21
22
SIM5
SIM1
SIM2
SIM3
SIM4
1
21
22
SIM5
SIM1
SIM2
SIM3
SIM4
1
21
22
SIM5
SIM1
SIM2
SIM3
SIM4
1
21
22
SIM5
SIM1
SIM2
SIM3
SIM4
1
21
22
SIM5
SIM1
SIM2
SIM3
SIM4
1
21
22
SIM5
SIM1
SIM2
SIM3
SIM4
1
21
22
SIM5
SIM1
SIM2
SIM3
SIM4
1
21
22
SIM5
SIM1
SIM2
SIM3
SIM4
1
21
22
SIM5
SIM1
SIM2
SIM3
SIM4
1
21
22
SIM5
SIM1
SIM2
SIM3
SIM4
1
21
22
SIM5
SIM1
SIM2
SIM3
SIM4
1
21
22
SIM5
SIM1
SIM2
SIM3
SIM4
1
21
22
SIM5
SIM1
SIM2
SIM3
SIM4
1
21
22
SIM5
SIM1
SIM2
SIM3
SIM4
1
21
22
SIM5
SIM1
SIM2
SIM3
SIM4
1
21
22
SIM5
SIM1
SIM2
SIM3
SIM4
1
21
22
SIM5
SIM1
SIM2
SIM3
SIM4
1
21
22
SIM5
SIM1
SIM2
SIM3
SIM4
1
21
22
SIM5
SIM1
SIM2
SIM3
SIM4
1
21
22
SIM5
SIM1
SIM2
SIM3
SIM4
1
21
22
SIM5
SIM1
SIM2
SIM3
SIM4
1
21
22
SIM5
SIM1
SIM2
SIM3
SIM4
1
21
22
SIM5
SIM1
SIM2
SIM3
SIM4
1
21
22
SIM5
SIM1
SIM2
SIM3
SIM4
1
21
22
SIM5
SIM1
SIM2
SIM3
SIM4
1
21
22
SIM5
SIM1
SIM2
SIM3
SIM4
1
21
22
SIM5
SIM1
SIM2
SIM3
SIM4
1
21
22
SIM5
SIM1
SIM2
SIM3
SIM4
1
21
22
SIM5
SIM1
SIM2
SIM3
SIM4
1
21
22
SIM5
SIM1
SIM2
SIM3
SIM4
1
21
22
SIM5
SIM1
SIM2
SIM3
SIM4
1
21
22
SIM5
SIM1
SIM2
SIM3
SIM4
1
21
22
SIM5
SIM1
SIM2
SIM3
SIM4
1
21
22
SIM5
SIM1
SIM2
SIM3
SIM4
1
21
22
SIM5
SIM1
SIM2
SIM3
SIM4
1
21
22
SIM5
SIM1
SIM2
SIM3
SIM4
1
21
22
SIM5
SIM1
SIM2
SIM3
SIM4
1
21
22
SIM5
SIM1
SIM2
SIM3
SIM4
1
21
22
SIM5
SIM1
SIM2
SIM3
SIM4
1
21
22
SIM5
SIM1
SIM2
SIM3
SIM4
1
21
22
SIM5
SIM1
SIM2
SIM3
SIM4
1
21
22
SIM5
SIM1
SIM2
SIM3
SIM4
1
21
22
SIM5
SIM1
SIM2
SIM3
SIM4
1
21
22
SIM5
SIM1
SIM2
SIM3
SIM4
1
21
22
SIM5
SIM1
SIM2
SIM3
SIM4
1
21
22
SIM5
SIM1
SIM2
SIM3
SIM4
1
21
22
SIM5
SIM1
SIM2
SIM3
SIM4
1
21
22
SIM5
SIM1
SIM2
SIM3
SIM4
1
21
22
SIM5
SIM1
SIM2
SIM3
SIM4
1
21
22
SIM5
SIM1
SIM2
DEBUG 1 565
SIM1
SIM2
SIM3
SIM4
1
21
22
SIM5
SIM1
SIM2
SIM3
SIM4
1
21
22
SIM5
SIM1
SIM2
SIM3
SIM4
1
21
22
SIM5
SIM1
SIM2
SIM3
SIM4
1
21
22
SIM5
SIM1
SIM2
SIM3
SIM4
1
21
22
SIM5
SIM1
SIM2
SIM3
SIM4
1
21
22
SIM5
SIM1
SIM2
SIM3
SIM4
1
21
22
SIM5
SIM1
SIM2
SIM3
SIM4
1
21
22
SIM5
SIM1
SIM2
SIM3
SIM4
1
21
22
SIM5
SIM1
SIM2
SIM3
SIM4
1
21
22
SIM5
SIM1
SIM2
SIM3
SIM4
1
21
22
SIM5
SIM1
SIM2
SIM3
SIM4
1
21
22
SIM5
SIM1
SIM2
SIM3
SIM4
1
21
22
SIM5
SIM1
SIM2
SIM3
SIM4
1
21
22
SIM5
SIM1
SIM2
SIM3
SIM4
1
21
22
SIM5
SIM1
SIM2
SIM3
SIM4
1
21
22
SIM5
SIM1
SIM2
SIM3
SIM4
1
21
22
SIM5
SIM1
SIM2
SIM3
SIM4
1
21
22
SIM5
SIM1
SIM2
SIM3
SIM4
1
21
22
SIM5
SIM1
SIM2
SIM3
SIM4
1
21
22
SIM5
SIM1
SIM2
SIM3
SIM4
1
21
22
SIM5
SIM1
SIM2
SIM3
SIM4
1
21
22
SIM5
SIM1
SIM2
SIM3
SIM4
1
21
22
SIM5
SIM1
SIM2
SIM3
SIM4
1
21
22
SIM5
SIM1
SIM2
SIM3
SIM4
1
21
22
SIM5
SIM1
SIM2
SIM3
SIM4
1
21
22
SIM5
SIM1
SIM2
SIM3
SIM4
1
21
22
SIM5
SIM1
SIM2
SIM3
SIM4
1
21
22
SIM5
SIM1
SIM2
SIM3
SIM4
1
21
22
SIM5
SIM1
SIM2
SIM3
SIM4
1
21
22
SIM5
SIM1
SIM2
SIM3
SIM4
1
21
22
SIM5
SIM1
SIM2
SIM3
SIM4
1
21
22
SIM5
SIM1
SIM2
SIM3
SIM4
1
21
22
SIM5
SIM1
SIM2
SIM3
SIM4
1
21
22
SIM5
SIM1
SIM2
SIM3
SIM4
1
21
22
SIM5
SIM1
SIM2
SIM3
SIM4
1
21
22
SIM5
SIM1
SIM2
SIM3
SIM4
1
21
22
SIM5
SIM1
SIM2
SIM3
SIM4
1
21
22
SIM5
SIM1
SIM2
SIM3
SIM4
1
21
22
SIM5
SIM1
SIM2
SIM3
SIM4
1
21
22
SIM5
SIM1
SIM2
SIM3
SIM4
1
21
22
SIM5
SIM1
SIM2
SIM3
SIM4
1
21
22
SIM5
SIM1
SIM2
SIM3
SIM4
1
21
22
SIM5
SIM1
SIM2
SIM3
SIM4
1
21
22
SIM5
SIM1
SIM2
SIM3
SIM4
1
21
22
SIM5
SIM1
SIM2
SIM3
SIM4
1
21
22
SIM5
SIM1
SIM2
SIM3
SIM4
1
21
22
SIM5
SIM1
SIM2
SIM3
SIM4
1
21
22
SIM5
SIM1
SIM2
SIM3
SIM4
1
21
22
SIM5
SIM1
SIM2
SIM3
SIM4
1
21
22
SIM5
SIM1
SIM2
SIM3
SIM4
1
21
22
SIM5
SIM1
SIM2
SIM3
SIM4
1
21
22
SIM5
SIM1
SIM2
SIM3
SIM4
1
21
22
SIM5
SIM1
SIM2
SIM3
SIM4
1
21
22
SIM5
SIM1
SIM2
SIM3
SIM4
1
21
22
SIM5
SIM1
SIM2
SIM3
SIM4
1
21
22
SIM5
SIM1
SIM2
SIM3
SIM4
1
21
22
SIM5
SIM1
SIM2
SIM3
SIM4
1
21
22
SIM5
SIM1
SIM2
SIM3
SIM4
1
21
22
SIM5
SIM1
SIM2
SIM3
SIM4
1
21
22
SIM5
SIM1
SIM2
SIM3
SIM4
1
21
22
SIM5
SIM1
SIM2
SIM3
SIM4
1
21
22
SIM5
SIM1
SIM2
SIM3
SIM4
1
21
22
SIM5
SIM1
SIM2
SIM3
SIM4
1
21
22
SIM5
SIM1
SIM2
SIM3
SIM4
1
21
22
SIM5
SIM1
SIM2
SIM3
SIM4
1
21
22
SIM5
SIM1
SIM2
SIM3
SIM4
1
21
22
SIM5
SIM1
SIM2
SIM3
SIM4
1
21
22
SIM5
SIM1
SIM2
SIM3
SIM4
1
21
22
SIM5
SIM1
SIM2
SIM3
SIM4
1
21
22
SIM5
SIM1
SIM2
SIM3
SIM4
1
21
22
SIM5
SIM1
SIM2
SIM3
SIM4
1
21
22
SIM5
SIM1
SIM2
SIM3
SIM4
1
21
22
SIM5
SIM1
SIM2
SIM3
SIM4
1
21
22
SIM5
SIM1
SIM2
SIM3
SIM4
1
21
22
SIM5
SIM1
SIM2
SIM3
SIM4
1
21
22
SIM5
SIM1
SIM2
SIM3
SIM4
1
21
22
SIM5
SIM1
SIM2
SIM3
SIM4
1
21
22
SIM5
SIM1
SIM2
SIM3
SIM4
1
21
22
SIM5
SIM1
SIM2
SIM3
SIM4
1
21
22
SIM5
SIM1
SIM2
SIM3
SIM4
1
21
22
SIM5
SIM1
SIM2
SIM3
SIM4
1
21
22
SIM5
SIM1
SIM2
SIM3
SIM4
1
21
22
SIM5
SIM1
SIM2
SIM3
SIM4
1
21
22
SIM5
SIM1
SIM2
SIM3
SIM4
1
21
22
SIM5
SIM1
SIM2
SIM3
SIM4
1
21
22
SIM5
SIM1
SIM2
SIM3
SIM4
1
21
22
SIM5
SIM1
SIM2
SIM3
SIM4
1
21
22
SIM5
SIM1
SIM2
SIM3
SIM4
1
21
22
SIM5
SIM1
SIM2
SIM3
SIM4
1
21
22
SIM5
SIM1
SIM2
SIM3
SIM4
1
21
22
SIM5
SIM1
SIM2
SIM3
SIM4
1
21
22
SIM5
SIM1
SIM2
SIM3
SIM4
1
21
22
SIM5
SIM1
SIM2
SIM3
SIM4
1
21
22
SIM5
SIM1
SIM2
SIM3
SIM4
1
21
22
SIM5
SIM1
SIM2
SIM3
SIM4
1
21
22
SIM5
SIM1
SIM2
SIM3
SIM4
1
21
22
SIM5
SIM1
SIM2
SIM3
SIM4
1
21
22
SIM5
SIM1
SIM2
SIM3
SIM4
1
21
22
SIM5
SIM1
SIM2
SIM3
SIM4
1
21
22
SIM5
SIM1
SIM2
SIM3
SIM4
1
21
22
SIM5
SIM1
SIM2
SIM3
SIM4
1
21
22
SIM5
SIM1
SIM2
SIM3
SIM4
1
21
22
SIM5
SIM1
SIM2
SIM3
SIM4
1
21
22
SIM5
SIM1
SIM2
SIM3
SIM4
1
21
22
SIM5
SIM1
SIM2
SIM3
SIM4
1
21
22
SIM5
SIM1
SIM2
SIM3
SIM4
1
21
22
SIM5
SIM1
SIM2
SIM3
SIM4
1
21
22
SIM5
SIM1
SIM2
SIM3
SIM4
1
21
22
SIM5
SIM1
SIM2
SIM3
SIM4
1
21
22
SIM5
SIM1
SIM2
SIM3
SIM4
1
21
22
SIM5
SIM1
SIM2
SIM3
SIM4
1
21
22
SIM5
SIM1
SIM2
SIM3
SIM4
1
21
22
SIM5
SIM1
SIM2
SIM3
SIM4
1
21
22
SIM5
SIM1
SIM2
SIM3
SIM4
1
21
22
SIM5
SIM1
SIM2
SIM3
SIM4
1
21
22
SIM5
SIM1
SIM2
SIM3
SIM4
1
21
22
SIM5
SIM1
SIM2
SIM3
SIM4
1
21
22
SIM5
SIM1
SIM2
SIM3
SIM4
1
21
22
SIM5
SIM1
SIM2
SIM3
SIM4
1
21
22
SIM5
SIM1
SIM2
SIM3
SIM4
1
21
22
SIM5
SIM1
SIM2
SIM3
SIM4
1
21
22
SIM5
SIM1
SIM2
SIM3
SIM4
1
21
22
SIM5
SIM1
SIM2
SIM3
SIM4
1
21
22
SIM5
SIM1
SIM2
SIM3
SIM4
1
21
22
SIM5
SIM1
SIM2
SIM3
SIM4
1
21
22
SIM5
SIM1
SIM2
SIM3
SIM4
1
21
22
SIM5
SIM1
SIM2
SIM3
SIM4
1
21
22
SIM5
SIM1
SIM2
SIM3
SIM4
1
21
22
SIM5
SIM1
SIM2
SIM3
SIM4
1
21
22
SIM5
SIM1
SIM2
SIM3
SIM4
1
21
22
SIM5
SIM1
SIM2
SIM3
SIM4
1
21
22
SIM5
SIM1
SIM2
SIM3
SIM4
1
21
22
SIM5
SIM1
SIM2
SIM3
SIM4
1
21
22
SIM5
SIM1
SIM2
SIM3
SIM4
1
21
22
SIM5
SIM1
SIM2
SIM3
SIM4
1
21
22
SIM5
SIM1
SIM2
SIM3
SIM4
1
21
22
SIM5
SIM1
SIM2
SIM3
SIM4
1
21
22
SIM5
SIM1
SIM2
SIM3
SIM4
1
21
22
SIM5
SIM1
SIM2
SIM3
SIM4
1
21
22
SIM5
SIM1
SIM2
SIM3
SIM4
1
21
22
SIM5
SIM1
SIM2
SIM3
SIM4
1
21
22
SIM5
SIM1
SIM2
SIM3
SIM4
1
21
22
SIM5
SIM1
SIM2
SIM3
SIM4
1
21
22
SIM5
SIM1
SIM2
SIM3
SIM4
1
21
22
SIM5
SIM1
SIM2
SIM3
SIM4
1
21
22
SIM5
SIM1
SIM2
SIM3
SIM4
1
21
22
SIM5
SIM1
SIM2
SIM3
SIM4
1
21
22
SIM5
SIM1
SIM2
SIM3
SIM4
1
21
22
SIM5
SIM1
SIM2
DEBUG 1 566
SIM1
SIM2
SIM3
SIM4
1
21
22
SIM5
SIM1
SIM2
SIM3
SIM4
1
21
22
SIM5
SIM1
SIM2
SIM3
SIM4
1
21
22
SIM5
SIM1
SIM2
SIM3
SIM4
1
21
22
SIM5
SIM1
SIM2
SIM3
SIM4
1
21
22
SIM5
SIM1
SIM2
SIM3
SIM4
1
21
22
SIM5
SIM1
SIM2
SIM3
SIM4
1
21
22
SIM5
SIM1
SIM2
SIM3
SIM4
1
21
22
SIM5
SIM1
SIM2
SIM3
SIM4
1
21
22
SIM5
SIM1
SIM2
SIM3
SIM4
1
21
22
SIM5
SIM1
SIM2
SIM3
SIM4
1
21
22
SIM5
SIM1
SIM2
SIM3
SIM4
1
21
22
SIM5
SIM1
SIM2
SIM3
SIM4
1
21
22
SIM5
SIM1
SIM2
SIM3
SIM4
1
21
22
SIM5
SIM1
SIM2
SIM3
SIM4
1
21
22
SIM5
SIM1
SIM2
SIM3
SIM4
1
21
22
SIM5
SIM1
SIM2
SIM3
SIM4
1
21
22
SIM5
SIM1
SIM2
SIM3
SIM4
1
21
22
SIM5
SIM1
SIM2
SIM3
SIM4
1
21
22
SIM5
SIM1
SIM2
SIM3
SIM4
1
21
22
SIM5
SIM1
SIM2
SIM3
SIM4
1
21
22
SIM5
SIM1
SIM2
SIM3
SIM4
1
21
22
SIM5
SIM1
SIM2
SIM3
SIM4
1
21
22
SIM5
SIM1
SIM2
SIM3
SIM4
1
21
22
SIM5
SIM1
SIM2
SIM3
SIM4
1
21
22
SIM5
SIM1
SIM2
SIM3
SIM4
1
21
22
SIM5
SIM1
SIM2
SIM3
SIM4
1
21
22
SIM5
SIM1
SIM2
SIM3
SIM4
1
21
22
SIM5
SIM1
SIM2
SIM3
SIM4
1
21
22
SIM5
SIM1
SIM2
SIM3
SIM4
1
21
22
SIM5
SIM1
SIM2
SIM3
SIM4
1
21
22
SIM5
SIM1
SIM2
SIM3
SIM4
1
21
22
SIM5
SIM1
SIM2
SIM3
SIM4
1
21
22
SIM5
SIM1
SIM2
SIM3
SIM4
1
21
22
SIM5
SIM1
SIM2
SIM3
SIM4
1
21
22
SIM5
SIM1
SIM2
SIM3
SIM4
1
21
22
SIM5
SIM1
SIM2
SIM3
SIM4
1
21
22
SIM5
SIM1
SIM2
SIM3
SIM4
1
21
22
SIM5
SIM1
SIM2
SIM3
SIM4
1
21
22
SIM5
SIM1
SIM2
SIM3
SIM4
1
21
22
SIM5
SIM1
SIM2
SIM3
SIM4
1
21
22
SIM5
SIM1
SIM2
SIM3
SIM4
1
21
22
SIM5
SIM1
SIM2
SIM3
SIM4
1
21
22
SIM5
SIM1
SIM2
SIM3
SIM4
1
21
22
SIM5
SIM1
SIM2
SIM3
SIM4
1
21
22
SIM5
SIM1
SIM2
SIM3
SIM4
1
21
22
SIM5
SIM1
SIM2
SIM3
SIM4
1
21
22
SIM5
SIM1
SIM2
SIM3
SIM4
1
21
22
SIM5
SIM1
SIM2
SIM3
SIM4
1
21
22
SIM5
SIM1
SIM2
SIM3
SIM4
1
21
22
SIM5
SIM1
SIM2
SIM3
SIM4
1
21
22
SIM5
SIM1
SIM2
SIM3
SIM4
1
21
22
SIM5
SIM1
SIM2
SIM3
SIM4
1
21
22
SIM5
SIM1
SIM2
SIM3
SIM4
1
21
22
SIM5
SIM1
SIM2
SIM3
SIM4
1
21
22
SIM5
SIM1
SIM2
SIM3
SIM4
1
21
22
SIM5
SIM1
SIM2
SIM3
SIM4
1
21
22
SIM5
SIM1
SIM2
SIM3
SIM4
1
21
22
SIM5
SIM1
SIM2
SIM3
SIM4
1
21
22
SIM5
SIM1
SIM2
SIM3
SIM4
1
21
22
SIM5
SIM1
SIM2
SIM3
SIM4
1
21
22
SIM5
SIM1
SIM2
SIM3
SIM4
1
21
22
SIM5
SIM1
SIM2
SIM3
SIM4
1
21
22
SIM5
SIM1
SIM2
SIM3
SIM4
1
21
22
SIM5
SIM1
SIM2
SIM3
SIM4
1
21
22
SIM5
SIM1
SIM2
SIM3
SIM4
1
21
22
SIM5
SIM1
SIM2
SIM3
SIM4
1
21
22
SIM5
SIM1
SIM2
SIM3
SIM4
1
21
22
SIM5
SIM1
SIM2
SIM3
SIM4
1
21
22
SIM5
SIM1
SIM2
SIM3
SIM4
1
21
22
SIM5
SIM1
SIM2
SIM3
SIM4
1
21
22
SIM5
SIM1
SIM2
SIM3
SIM4
1
21
22
SIM5
SIM1
SIM2
SIM3
SIM4
1
21
22
SIM5
SIM1
SIM2
SIM3
SIM4
1
21
22
SIM5
SIM1
SIM2
SIM3
SIM4
1
21
22
SIM5
SIM1
SIM2
SIM3
SIM4
1
21
22
SIM5
SIM1
SIM2
SIM3
SIM4
1
21
22
SIM5
SIM1
SIM2
SIM3
SIM4
1
21
22
SIM5
SIM1
SIM2
SIM3
SIM4
1
21
22
SIM5
SIM1
SIM2
SIM3
SIM4
1
21
22
SIM5
SIM1
SIM2
SIM3
SIM4
1
21
22
SIM5
SIM1
SIM2
SIM3
SIM4
1
21
22
SIM5
SIM1
SIM2
SIM3
SIM4
1
21
22
SIM5
SIM1
SIM2
SIM3
SIM4
1
21
22
SIM5
SIM1
SIM2
SIM3
SIM4
1
21
22
SIM5
SIM1
SIM2
SIM3
SIM4
1
21
22
SIM5
SIM1
SIM2
SIM3
SIM4
1
21
22
SIM5
SIM1
SIM2
SIM3
SIM4
1
21
22
SIM5
SIM1
SIM2
SIM3
SIM4
1
21
22
SIM5
SIM1
SIM2
SIM3
SIM4
1
21
22
SIM5
SIM1
SIM2
SIM3
SIM4
1
21
22
SIM5
SIM1
SIM2
SIM3
SIM4
1
21
22
SIM5
SIM1
SIM2
SIM3
SIM4
1
21
22
SIM5
SIM1
SIM2
SIM3
SIM4
1
21
22
SIM5
SIM1
SIM2
SIM3
SIM4
1
21
22
SIM5
SIM1
SIM2
SIM3
SIM4
1
21
22
SIM5
SIM1
SIM2
SIM3
SIM4
1
21
22
SIM5
SIM1
SIM2
SIM3
SIM4
1
21
22
SIM5
SIM1
SIM2
SIM3
SIM4
1
21
22
SIM5
SIM1
SIM2
SIM3
SIM4
1
21
22
SIM5
SIM1
SIM2
SIM3
SIM4
1
21
22
SIM5
SIM1
SIM2
SIM3
SIM4
1
21
22
SIM5
SIM1
SIM2
SIM3
SIM4
1
21
22
SIM5
SIM1
SIM2
SIM3
SIM4
1
21
22
SIM5
SIM1
SIM2
SIM3
SIM4
1
21
22
SIM5
SIM1
SIM2
SIM3
SIM4
1
21
22
SIM5
SIM1
SIM2
SIM3
SIM4
1
21
22
SIM5
SIM1
SIM2
SIM3
SIM4
1
21
22
SIM5
SIM1
SIM2
SIM3
SIM4
1
21
22
SIM5
SIM1
SIM2
SIM3
SIM4
1
21
22
SIM5
SIM1
SIM2
SIM3
SIM4
1
21
22
SIM5
SIM1
SIM2
SIM3
SIM4
1
21
22
SIM5
SIM1
SIM2
SIM3
SIM4
1
21
22
SIM5
SIM1
SIM2
SIM3
SIM4
1
21
22
SIM5
SIM1
SIM2
SIM3
SIM4
1
21
22
SIM5
SIM1
SIM2
SIM3
SIM4
1
21
22
SIM5
SIM1
SIM2
SIM3
SIM4
1
21
22
SIM5
SIM1
SIM2
SIM3
SIM4
1
21
22
SIM5
SIM1
SIM2
SIM3
SIM4
1
21
22
SIM5
SIM1
SIM2
SIM3
SIM4
1
21
22
SIM5
SIM1
SIM2
SIM3
SIM4
1
21
22
SIM5
SIM1
SIM2
SIM3
SIM4
1
21
22
SIM5
SIM1
SIM2
SIM3
SIM4
1
21
22
SIM5
SIM1
SIM2
SIM3
SIM4
1
21
22
SIM5
SIM1
SIM2
SIM3
SIM4
1
21
22
SIM5
SIM1
SIM2
SIM3
SIM4
1
21
22
SIM5
SIM1
SIM2
SIM3
SIM4
1
21
22
SIM5
SIM1
SIM2
SIM3
SIM4
1
21
22
SIM5
SIM1
SIM2
SIM3
SIM4
1
21
22
SIM5
SIM1
SIM2
SIM3
SIM4
1
21
22
SIM5
SIM1
SIM2
SIM3
SIM4
1
21
22
SIM5
SIM1
SIM2
SIM3
SIM4
1
21
22
SIM5
SIM1
SIM2
SIM3
SIM4
1
21
22
SIM5
SIM1
SIM2
SIM3
SIM4
1
21
22
SIM5
SIM1
SIM2
SIM3
SIM4
1
21
22
SIM5
SIM1
SIM2
SIM3
SIM4
1
21
22
SIM5
SIM1
SIM2
DEBUG 1 567
SIM1
SIM2
SIM3
SIM4
1
21
22
SIM5
SIM1
SIM2
SIM3
SIM4
1
21
22
SIM5
SIM1
SIM2
SIM3
SIM4
1
21
22
SIM5
SIM1
SIM2
SIM3
SIM4
1
21
22
SIM5
SIM1
SIM2
SIM3
SIM4
1
21
22
SIM5
SIM1
SIM2
SIM3
SIM4
1
21
22
SIM5
SIM1
SIM2
SIM3
SIM4
1
21
22
SIM5
SIM1
SIM2
SIM3
SIM4
1
21
22
SIM5
SIM1
SIM2
SIM3
SIM4
1
21
22
SIM5
SIM1
SIM2
SIM3
SIM4
1
21
22
SIM5
SIM1
SIM2
SIM3
SIM4
1
21
22
SIM5
SIM1
SIM2
SIM3
SIM4
1
21
22
SIM5
SIM1
SIM2
SIM3
SIM4
1
21
22
SIM5
SIM1
SIM2
SIM3
SIM4
1
21
22
SIM5
SIM1
SIM2
SIM3
SIM4
1
21
22
SIM5
SIM1
SIM2
SIM3
SIM4
1
21
22
SIM5
SIM1
SIM2
SIM3
SIM4
1
21
22
SIM5
SIM1
SIM2
SIM3
SIM4
1
21
22
SIM5
SIM1
SIM2
SIM3
SIM4
1
21
22
SIM5
SIM1
SIM2
SIM3
SIM4
1
21
22
SIM5
SIM1
SIM2
SIM3
SIM4
1
21
22
SIM5
SIM1
SIM2
SIM3
SIM4
1
21
22
SIM5
SIM1
SIM2
SIM3
SIM4
1
21
22
SIM5
SIM1
SIM2
SIM3
SIM4
1
21
22
SIM5
SIM1
SIM2
SIM3
SIM4
1
21
22
SIM5
SIM1
SIM2
SIM3
SIM4
1
21
22
SIM5
SIM1
SIM2
SIM3
SIM4
1
21
22
SIM5
SIM1
SIM2
SIM3
SIM4
1
21
22
SIM5
SIM1
SIM2
SIM3
SIM4
1
21
22
SIM5
SIM1
SIM2
SIM3
SIM4
1
21
22
SIM5
SIM1
SIM2
SIM3
SIM4
1
21
22
SIM5
SIM1
SIM2
SIM3
SIM4
1
21
22
SIM5
SIM1
SIM2
SIM3
SIM4
1
21
22
SIM5
SIM1
SIM2
SIM3
SIM4
1
21
22
SIM5
SIM1
SIM2
SIM3
SIM4
1
21
22
SIM5
SIM1
SIM2
SIM3
SIM4
1
21
22
SIM5
SIM1
SIM2
SIM3
SIM4
1
21
22
SIM5
SIM1
SIM2
SIM3
SIM4
1
21
22
SIM5
SIM1
SIM2
SIM3
SIM4
1
21
22
SIM5
SIM1
SIM2
SIM3
SIM4
1
21
22
SIM5
SIM1
SIM2
SIM3
SIM4
1
21
22
SIM5
SIM1
SIM2
SIM3
SIM4
1
21
22
SIM5
SIM1
SIM2
SIM3
SIM4
1
21
22
SIM5
SIM1
SIM2
SIM3
SIM4
1
21
22
SIM5
SIM1
SIM2
SIM3
SIM4
1
21
22
SIM5
SIM1
SIM2
SIM3
SIM4
1
21
22
SIM5
SIM1
SIM2
SIM3
SIM4
1
21
22
SIM5
SIM1
SIM2
SIM3
SIM4
1
21
22
SIM5
SIM1
SIM2
SIM3
SIM4
1
21
22
SIM5
SIM1
SIM2
SIM3
SIM4
1
21
22
SIM5
SIM1
SIM2
SIM3
SIM4
1
21
22
SIM5
SIM1
SIM2
SIM3
SIM4
1
21
22
SIM5
SIM1
SIM2
SIM3
SIM4
1
21
22
SIM5
SIM1
SIM2
SIM3
SIM4
1
21
22
SIM5
SIM1
SIM2
SIM3
SIM4
1
21
22
SIM5
SIM1
SIM2
SIM3
SIM4
1
21
22
SIM5
SIM1
SIM2
SIM3
SIM4
1
21
22
SIM5
SIM1
SIM2
SIM3
SIM4
1
21
22
SIM5
SIM1
SIM2
SIM3
SIM4
1
21
22
SIM5
SIM1
SIM2
SIM3
SIM4
1
21
22
SIM5
SIM1
SIM2
SIM3
SIM4
1
21
22
SIM5
SIM1
SIM2
SIM3
SIM4
1
21
22
SIM5
SIM1
SIM2
SIM3
SIM4
1
21
22
SIM5
SIM1
SIM2
SIM3
SIM4
1
21
22
SIM5
SIM1
SIM2
SIM3
SIM4
1
21
22
SIM5
SIM1
SIM2
SIM3
SIM4
1
21
22
SIM5
SIM1
SIM2
SIM3
SIM4
1
21
22
SIM5
SIM1
SIM2
SIM3
SIM4
1
21
22
SIM5
SIM1
SIM2
SIM3
SIM4
1
21
22
SIM5
SIM1
SIM2
SIM3
SIM4
1
21
22
SIM5
SIM1
SIM2
SIM3
SIM4
1
21
22
SIM5
SIM1
SIM2
SIM3
SIM4
1
21
22
SIM5
SIM1
SIM2
SIM3
SIM4
1
21
22
SIM5
SIM1
SIM2
SIM3
SIM4
1
21
22
SIM5
SIM1
SIM2
SIM3
SIM4
1
21
22
SIM5
SIM1
SIM2
SIM3
SIM4
1
21
22
SIM5
SIM1
SIM2
SIM3
SIM4
1
21
22
SIM5
SIM1
SIM2
SIM3
SIM4
1
21
22
SIM5
SIM1
SIM2
SIM3
SIM4
1
21
22
SIM5
SIM1
SIM2
SIM3
SIM4
1
21
22
SIM5
SIM1
SIM2
SIM3
SIM4
1
21
22
SIM5
SIM1
SIM2
SIM3
SIM4
1
21
22
SIM5
SIM1
SIM2
SIM3
SIM4
1
21
22
SIM5
SIM1
SIM2
SIM3
SIM4
1
21
22
SIM5
SIM1
SIM2
SIM3
SIM4
1
21
22
SIM5
SIM1
SIM2
SIM3
SIM4
1
21
22
SIM5
SIM1
SIM2
SIM3
SIM4
1
21
22
SIM5
SIM1
SIM2
SIM3
SIM4
1
21
22
SIM5
SIM1
SIM2
SIM3
SIM4
1
21
22
SIM5
SIM1
SIM2
SIM3
SIM4
1
21
22
SIM5
SIM1
SIM2
SIM3
SIM4
1
21
22
SIM5
SIM1
SIM2
SIM3
SIM4
1
21
22
SIM5
SIM1
SIM2
SIM3
SIM4
1
21
22
SIM5
SIM1
SIM2
SIM3
SIM4
1
21
22
SIM5
SIM1
SIM2
SIM3
SIM4
1
21
22
SIM5
SIM1
SIM2
SIM3
SIM4
1
21
22
SIM5
SIM1
SIM2
SIM3
SIM4
1
21
22
SIM5
SIM1
SIM2
SIM3
SIM4
1
21
22
SIM5
SIM1
SIM2
SIM3
SIM4
1
21
22
SIM5
SIM1
SIM2
SIM3
SIM4
1
21
22
SIM5
SIM1
SIM2
SIM3
SIM4
1
21
22
SIM5
SIM1
SIM2
SIM3
SIM4
1
21
22
SIM5
SIM1
SIM2
SIM3
SIM4
1
21
22
SIM5
SIM1
SIM2
SIM3
SIM4
1
21
22
SIM5
SIM1
SIM2
SIM3
SIM4
1
21
22
SIM5
SIM1
SIM2
SIM3
SIM4
1
21
22
SIM5
SIM1
SIM2
SIM3
SIM4
1
21
22
SIM5
SIM1
SIM2
SIM3
SIM4
1
21
22
SIM5
SIM1
SIM2
SIM3
SIM4
1
21
22
SIM5
SIM1
SIM2
SIM3
SIM4
1
21
22
SIM5
SIM1
SIM2
SIM3
SIM4
1
21
22
SIM5
SIM1
SIM2
SIM3
SIM4
1
21
22
SIM5
SIM1
SIM2
SIM3
SIM4
1
21
22
SIM5
SIM1
SIM2
SIM3
SIM4
1
21
22
SIM5
SIM1
SIM2
SIM3
SIM4
1
21
22
SIM5
SIM1
SIM2
SIM3
SIM4
1
21
22
SIM5
SIM1
SIM2
SIM3
SIM4
1
21
22
SIM5
SIM1
SIM2
SIM3
SIM4
1
21
22
SIM5
SIM1
SIM2
SIM3
SIM4
1
21
22
SIM5
SIM1
SIM2
SIM3
SIM4
1
21
22
SIM5
SIM1
SIM2
SIM3
SIM4
1
21
22
SIM5
SIM1
SIM2
SIM3
SIM4
1
21
22
SIM5
SIM1
SIM2
SIM3
SIM4
1
21
22
SIM5
SIM1
SIM2
SIM3
SIM4
1
21
22
SIM5
SIM1
SIM2
SIM3
SIM4
1
21
22
SIM5
SIM1
SIM2
SIM3
SIM4
1
21
22
SIM5
SIM1
SIM2
SIM3
SIM4
1
21
22
SIM5
SIM1
SIM2
SIM3
SIM4
1
21
22
SIM5
SIM1
SIM2
SIM3
SIM4
1
21
22
SIM5
SIM1
SIM2
SIM3
SIM4
1
21
22
SIM5
SIM1
SIM2
SIM3
SIM4
1
21
22
SIM5
SIM1
SIM2
SIM3
SIM4
1
21
22
SIM5
SIM1
SIM2
SIM3
SIM4
1
21
22
SIM5
SIM1
SIM2
SIM3
SIM4
1
21
22
SIM5
SIM1
SIM2
SIM3
SIM4
1
21
22
SIM5
SIM1
SIM2
SIM3
SIM4
1
21
22
SIM5
SIM1
SIM2
SIM3
SIM4
1
21
22
SIM5
SIM1
SIM2
SIM3
SIM4
1
21
22
SIM5
SIM1
SIM2
SIM3
SIM4
1
21
22
SIM5
SIM1
SIM2
SIM3
SIM4
1
21
22
SIM5
SIM1
SIM2
SIM3
SIM4
1
21
22
SIM5
SIM1
SIM2
SIM3
SIM4
1
21
22
SIM5
SIM1
SIM2
SIM3
SIM4
1
21
22
SIM5
SIM1
SIM2
SIM3
SIM4
1
21
22
SIM5
SIM1
SIM2
SIM3
SIM4
1
21
22
SIM5
SIM1
SIM2
SIM3
SIM4
1
21
22
SIM5
SIM1
SIM2
SIM3
SIM4
1
21
22
SIM5
SIM1
SIM2
SIM3
SIM4
1
21
22
SIM5
SIM1
SIM2
SIM3
SIM4
1
21
22
SIM5
SIM1
SIM2
SIM3
SIM4
1
21
22
SIM5
SIM1
SIM2
SIM3
SIM4
1
21
22
SIM5
SIM1
SIM2
SIM3
SIM4
1
21
22
SIM5
SIM1
SIM2
SIM3
SIM4
1
21
22
SIM5
SIM1
SIM2
SIM3
SIM4
1
21
22
SIM5
SIM1
SIM2
SIM3
SIM4
1
21
22
SIM5
SIM1
SIM2
SIM3
SIM4
1
21
22
SIM5
SIM1
SIM2
SIM3
SIM4
1
21
22
SIM5
SIM1
SIM2
SIM3
SIM4
1
21
22
SIM5
SIM1
SIM2
SIM3
SIM4
1
21
22
SIM5
SIM1
SIM2
DEBUG 1 568
SIM1
SIM2
SIM3
SIM4
1
21
22
SIM5
SIM1
SIM2
SIM3
SIM4
1
21
22
SIM5
SIM1
SIM2
SIM3
SIM4
1
21
22
SIM5
SIM1
SIM2
SIM3
SIM4
1
21
22
SIM5
SIM1
SIM2
SIM3
SIM4
1
21
22
SIM5
SIM1
SIM2
SIM3
SIM4
1
21
22
SIM5
SIM1
SIM2
SIM3
SIM4
1
21
22
SIM5
SIM1
SIM2
SIM3
SIM4
1
21
22
SIM5
SIM1
SIM2
SIM3
SIM4
1
21
22
SIM5
SIM1
SIM2
SIM3
SIM4
1
21
22
SIM5
SIM1
SIM2
SIM3
SIM4
1
21
22
SIM5
SIM1
SIM2
SIM3
SIM4
1
21
22
SIM5
SIM1
SIM2
SIM3
SIM4
1
21
22
SIM5
SIM1
SIM2
SIM3
SIM4
1
21
22
SIM5
SIM1
SIM2
SIM3
SIM4
1
21
22
SIM5
SIM1
SIM2
SIM3
SIM4
1
21
22
SIM5
SIM1
SIM2
SIM3
SIM4
1
21
22
SIM5
SIM1
SIM2
SIM3
SIM4
1
21
22
SIM5
SIM1
SIM2
SIM3
SIM4
1
21
22
SIM5
SIM1
SIM2
SIM3
SIM4
1
21
22
SIM5
SIM1
SIM2
SIM3
SIM4
1
21
22
SIM5
SIM1
SIM2
SIM3
SIM4
1
21
22
SIM5
SIM1
SIM2
SIM3
SIM4
1
21
22
SIM5
SIM1
SIM2
SIM3
SIM4
1
21
22
SIM5
SIM1
SIM2
SIM3
SIM4
1
21
22
SIM5
SIM1
SIM2
SIM3
SIM4
1
21
22
SIM5
SIM1
SIM2
SIM3
SIM4
1
21
22
SIM5
SIM1
SIM2
SIM3
SIM4
1
21
22
SIM5
SIM1
SIM2
SIM3
SIM4
1
21
22
SIM5
SIM1
SIM2
SIM3
SIM4
1
21
22
SIM5
SIM1
SIM2
SIM3
SIM4
1
21
22
SIM5
SIM1
SIM2
SIM3
SIM4
1
21
22
SIM5
SIM1
SIM2
SIM3
SIM4
1
21
22
SIM5
SIM1
SIM2
SIM3
SIM4
1
21
22
SIM5
SIM1
SIM2
SIM3
SIM4
1
21
22
SIM5
SIM1
SIM2
SIM3
SIM4
1
21
22
SIM5
SIM1
SIM2
SIM3
SIM4
1
21
22
SIM5
SIM1
SIM2
SIM3
SIM4
1
21
22
SIM5
SIM1
SIM2
SIM3
SIM4
1
21
22
SIM5
SIM1
SIM2
SIM3
SIM4
1
21
22
SIM5
SIM1
SIM2
SIM3
SIM4
1
21
22
SIM5
SIM1
SIM2
SIM3
SIM4
1
21
22
SIM5
SIM1
SIM2
SIM3
SIM4
1
21
22
SIM5
SIM1
SIM2
SIM3
SIM4
1
21
22
SIM5
SIM1
SIM2
SIM3
SIM4
1
21
22
SIM5
SIM1
SIM2
SIM3
SIM4
1
21
22
SIM5
SIM1
SIM2
SIM3
SIM4
1
21
22
SIM5
SIM1
SIM2
SIM3
SIM4
1
21
22
SIM5
SIM1
SIM2
SIM3
SIM4
1
21
22
SIM5
SIM1
SIM2
SIM3
SIM4
1
21
22
SIM5
SIM1
SIM2
SIM3
SIM4
1
21
22
SIM5
SIM1
SIM2
SIM3
SIM4
1
21
22
SIM5
SIM1
SIM2
SIM3
SIM4
1
21
22
SIM5
SIM1
SIM2
SIM3
SIM4
1
21
22
SIM5
SIM1
SIM2
SIM3
SIM4
1
21
22
SIM5
SIM1
SIM2
SIM3
SIM4
1
21
22
SIM5
SIM1
SIM2
SIM3
SIM4
1
21
22
SIM5
SIM1
SIM2
SIM3
SIM4
1
21
22
SIM5
SIM1
SIM2
SIM3
SIM4
1
21
22
SIM5
SIM1
SIM2
SIM3
SIM4
1
21
22
SIM5
SIM1
SIM2
SIM3
SIM4
1
21
22
SIM5
SIM1
SIM2
SIM3
SIM4
1
21
22
SIM5
SIM1
SIM2
SIM3
SIM4
1
21
22
SIM5
SIM1
SIM2
SIM3
SIM4
1
21
22
SIM5
SIM1
SIM2
SIM3
SIM4
1
21
22
SIM5
SIM1
SIM2
SIM3
SIM4
1
21
22
SIM5
SIM1
SIM2
SIM3
SIM4
1
21
22
SIM5
SIM1
SIM2
SIM3
SIM4
1
21
22
SIM5
SIM1
SIM2
SIM3
SIM4
1
21
22
SIM5
SIM1
SIM2
SIM3
SIM4
1
21
22
SIM5
SIM1
SIM2
SIM3
SIM4
1
21
22
SIM5
SIM1
SIM2
SIM3
SIM4
1
21
22
SIM5
SIM1
SIM2
SIM3
SIM4
1
21
22
SIM5
SIM1
SIM2
SIM3
SIM4
1
21
22
SIM5
SIM1
SIM2
SIM3
SIM4
1
21
22
SIM5
SIM1
SIM2
SIM3
SIM4
1
21
22
SIM5
SIM1
SIM2
SIM3
SIM4
1
21
22
SIM5
SIM1
SIM2
SIM3
SIM4
1
21
22
SIM5
SIM1
SIM2
SIM3
SIM4
1
21
22
SIM5
SIM1
SIM2
SIM3
SIM4
1
21
22
SIM5
SIM1
SIM2
SIM3
SIM4
1
21
22
SIM5
SIM1
SIM2
SIM3
SIM4
1
21
22
SIM5
SIM1
SIM2
SIM3
SIM4
1
21
22
SIM5
SIM1
SIM2
SIM3
SIM4
1
21
22
SIM5
SIM1
SIM2
SIM3
SIM4
1
21
22
SIM5
SIM1
SIM2
SIM3
SIM4
1
21
22
SIM5
SIM1
SIM2
SIM3
SIM4
1
21
22
SIM5
SIM1
SIM2
SIM3
SIM4
1
21
22
SIM5
SIM1
SIM2
SIM3
SIM4
1
21
22
SIM5
SIM1
SIM2
SIM3
SIM4
1
21
22
SIM5
SIM1
SIM2
SIM3
SIM4
1
21
22
SIM5
SIM1
SIM2
SIM3
SIM4
1
21
22
SIM5
SIM1
SIM2
SIM3
SIM4
1
21
22
SIM5
SIM1
SIM2
SIM3
SIM4
1
21
22
SIM5
SIM1
SIM2
SIM3
SIM4
1
21
22
SIM5
SIM1
SIM2
SIM3
SIM4
1
21
22
SIM5
SIM1
SIM2
SIM3
SIM4
1
21
22
SIM5
SIM1
SIM2
SIM3
SIM4
1
21
22
SIM5
SIM1
SIM2
SIM3
SIM4
1
21
22
SIM5
SIM1
SIM2
SIM3
SIM4
1
21
22
SIM5
SIM1
SIM2
SIM3
SIM4
1
21
22
SIM5
SIM1
SIM2
SIM3
SIM4
1
21
22
SIM5
SIM1
SIM2
SIM3
SIM4
1
21
22
SIM5
SIM1
SIM2
SIM3
SIM4
1
21
22
SIM5
SIM1
SIM2
SIM3
SIM4
1
21
22
SIM5
SIM1
SIM2
SIM3
SIM4
1
21
22
SIM5
SIM1
SIM2
SIM3
SIM4
1
21
22
SIM5
SIM1
SIM2
SIM3
SIM4
1
21
22
SIM5
SIM1
SIM2
SIM3
SIM4
1
21
22
SIM5
SIM1
SIM2
SIM3
SIM4
1
21
22
SIM5
SIM1
SIM2
SIM3
SIM4
1
21
22
SIM5
SIM1
SIM2
SIM3
SIM4
1
21
22
SIM5
SIM1
SIM2
SIM3
SIM4
1
21
22
SIM5
SIM1
SIM2
SIM3
SIM4
1
21
22
SIM5
SIM1
SIM2
SIM3
SIM4
1
21
22
SIM5
SIM1
SIM2
SIM3
SIM4
1
21
22
SIM5
SIM1
SIM2
SIM3
SIM4
1
21
22
SIM5
SIM1
SIM2
SIM3
SIM4
1
21
22
SIM5
SIM1
SIM2
SIM3
SIM4
1
21
22
SIM5
SIM1
SIM2
SIM3
SIM4
1
21
22
SIM5
SIM1
SIM2
SIM3
SIM4
1
21
22
SIM5
SIM1
SIM2
SIM3
SIM4
1
21
22
SIM5
SIM1
SIM2
SIM3
SIM4
1
21
22
SIM5
SIM1
SIM2
SIM3
SIM4
1
21
22
SIM5
SIM1
SIM2
SIM3
SIM4
1
21
22
SIM5
SIM1
SIM2
SIM3
SIM4
1
21
22
SIM5
SIM1
SIM2
SIM3
SIM4
1
21
22
SIM5
SIM1
SIM2
SIM3
SIM4
1
21
22
SIM5
SIM1
SIM2
SIM3
SIM4
1
21
22
SIM5
SIM1
SIM2
SIM3
SIM4
1
21
22
SIM5
SIM1
SIM2
SIM3
SIM4
1
21
22
SIM5
SIM1
SIM2
SIM3
SIM4
1
21
22
SIM5
SIM1
SIM2
SIM3
SIM4
1
21
22
SIM5
SIM1
SIM2
SIM3
SIM4
1
21
22
SIM5
SIM1
SIM2
SIM3
SIM4
1
21
22
SIM5
SIM1
SIM2
SIM3
SIM4
1
21
22
SIM5
SIM1
SIM2
SIM3
SIM4
1
21
22
SIM5
SIM1
SIM2
SIM3
SIM4
1
21
22
SIM5
SIM1
SIM2
SIM3
SIM4
1
21
22
SIM5
SIM1
SIM2
SIM3
SIM4
1
21
22
SIM5
SIM1
SIM2
SIM3
SIM4
1
21
22
SIM5
SIM1
SIM2
SIM3
SIM4
1
21
22
SIM5
SIM1
SIM2
SIM3
SIM4
1
21
22
SIM5
SIM1
SIM2
DEBUG 1 569
SIM1
SIM2
SIM3
SIM4
1
21
22
SIM5
SIM1
SIM2
SIM3
SIM4
1
21
22
SIM5
SIM1
SIM2
SIM3
SIM4
1
21
22
SIM5
SIM1
SIM2
SIM3
SIM4
1
21
22
SIM5
SIM1
SIM2
SIM3
SIM4
1
21
22
SIM5
SIM1
SIM2
SIM3
SIM4
1
21
22
SIM5
SIM1
SIM2
SIM3
SIM4
1
21
22
SIM5
SIM1
SIM2
SIM3
SIM4
1
21
22
SIM5
SIM1
SIM2
SIM3
SIM4
1
21
22
SIM5
SIM1
SIM2
SIM3
SIM4
1
21
22
SIM5
SIM1
SIM2
SIM3
SIM4
1
21
22
SIM5
SIM1
SIM2
SIM3
SIM4
1
21
22
SIM5
SIM1
SIM2
SIM3
SIM4
1
21
22
SIM5
SIM1
SIM2
SIM3
SIM4
1
21
22
SIM5
SIM1
SIM2
SIM3
SIM4
1
21
22
SIM5
SIM1
SIM2
SIM3
SIM4
1
21
22
SIM5
SIM1
SIM2
SIM3
SIM4
1
21
22
SIM5
SIM1
SIM2
SIM3
SIM4
1
21
22
SIM5
SIM1
SIM2
SIM3
SIM4
1
21
22
SIM5
SIM1
SIM2
SIM3
SIM4
1
21
22
SIM5
SIM1
SIM2
SIM3
SIM4
1
21
22
SIM5
SIM1
SIM2
SIM3
SIM4
1
21
22
SIM5
SIM1
SIM2
SIM3
SIM4
1
21
22
SIM5
SIM1
SIM2
SIM3
SIM4
1
21
22
SIM5
SIM1
SIM2
SIM3
SIM4
1
21
22
SIM5
SIM1
SIM2
SIM3
SIM4
1
21
22
SIM5
SIM1
SIM2
SIM3
SIM4
1
21
22
SIM5
SIM1
SIM2
SIM3
SIM4
1
21
22
SIM5
SIM1
SIM2
SIM3
SIM4
1
21
22
SIM5
SIM1
SIM2
SIM3
SIM4
1
21
22
SIM5
SIM1
SIM2
SIM3
SIM4
1
21
22
SIM5
SIM1
SIM2
SIM3
SIM4
1
21
22
SIM5
SIM1
SIM2
SIM3
SIM4
1
21
22
SIM5
SIM1
SIM2
SIM3
SIM4
1
21
22
SIM5
SIM1
SIM2
SIM3
SIM4
1
21
22
SIM5
SIM1
SIM2
SIM3
SIM4
1
21
22
SIM5
SIM1
SIM2
SIM3
SIM4
1
21
22
SIM5
SIM1
SIM2
SIM3
SIM4
1
21
22
SIM5
SIM1
SIM2
SIM3
SIM4
1
21
22
SIM5
SIM1
SIM2
SIM3
SIM4
1
21
22
SIM5
SIM1
SIM2
SIM3
SIM4
1
21
22
SIM5
SIM1
SIM2
SIM3
SIM4
1
21
22
SIM5
SIM1
SIM2
SIM3
SIM4
1
21
22
SIM5
SIM1
SIM2
SIM3
SIM4
1
21
22
SIM5
SIM1
SIM2
SIM3
SIM4
1
21
22
SIM5
SIM1
SIM2
SIM3
SIM4
1
21
22
SIM5
SIM1
SIM2
SIM3
SIM4
1
21
22
SIM5
SIM1
SIM2
SIM3
SIM4
1
21
22
SIM5
SIM1
SIM2
SIM3
SIM4
1
21
22
SIM5
SIM1
SIM2
SIM3
SIM4
1
21
22
SIM5
SIM1
SIM2
SIM3
SIM4
1
21
22
SIM5
SIM1
SIM2
SIM3
SIM4
1
21
22
SIM5
SIM1
SIM2
SIM3
SIM4
1
21
22
SIM5
SIM1
SIM2
SIM3
SIM4
1
21
22
SIM5
SIM1
SIM2
SIM3
SIM4
1
21
22
SIM5
SIM1
SIM2
SIM3
SIM4
1
21
22
SIM5
SIM1
SIM2
SIM3
SIM4
1
21
22
SIM5
SIM1
SIM2
SIM3
SIM4
1
21
22
SIM5
SIM1
SIM2
SIM3
SIM4
1
21
22
SIM5
SIM1
SIM2
SIM3
SIM4
1
21
22
SIM5
SIM1
SIM2
SIM3
SIM4
1
21
22
SIM5
SIM1
SIM2
SIM3
SIM4
1
21
22
SIM5
SIM1
SIM2
SIM3
SIM4
1
21
22
SIM5
SIM1
SIM2
SIM3
SIM4
1
21
22
SIM5
SIM1
SIM2
SIM3
SIM4
1
21
22
SIM5
SIM1
SIM2
SIM3
SIM4
1
21
22
SIM5
SIM1
SIM2
SIM3
SIM4
1
21
22
SIM5
SIM1
SIM2
SIM3
SIM4
1
21
22
SIM5
SIM1
SIM2
SIM3
SIM4
1
21
22
SIM5
SIM1
SIM2
SIM3
SIM4
1
21
22
SIM5
SIM1
SIM2
SIM3
SIM4
1
21
22
SIM5
SIM1
SIM2
SIM3
SIM4
1
21
22
SIM5
SIM1
SIM2
SIM3
SIM4
1
21
22
SIM5
SIM1
SIM2
SIM3
SIM4
1
21
22
SIM5
SIM1
SIM2
SIM3
SIM4
1
21
22
SIM5
SIM1
SIM2
SIM3
SIM4
1
21
22
SIM5
SIM1
SIM2
SIM3
SIM4
1
21
22
SIM5
SIM1
SIM2
SIM3
SIM4
1
21
22
SIM5
SIM1
SIM2
SIM3
SIM4
1
21
22
SIM5
SIM1
SIM2
SIM3
SIM4
1
21
22
SIM5
SIM1
SIM2
SIM3
SIM4
1
21
22
SIM5
SIM1
SIM2
SIM3
SIM4
1
21
22
SIM5
SIM1
SIM2
SIM3
SIM4
1
21
22
SIM5
SIM1
SIM2
SIM3
SIM4
1
21
22
SIM5
SIM1
SIM2
SIM3
SIM4
1
21
22
SIM5
SIM1
SIM2
SIM3
SIM4
1
21
22
SIM5
SIM1
SIM2
SIM3
SIM4
1
21
22
SIM5
SIM1
SIM2
SIM3
SIM4
1
21
22
SIM5
SIM1
SIM2
SIM3
SIM4
1
21
22
SIM5
SIM1
SIM2
SIM3
SIM4
1
21
22
SIM5
SIM1
SIM2
SIM3
SIM4
1
21
22
SIM5
SIM1
SIM2
SIM3
SIM4
1
21
22
SIM5
SIM1
SIM2
SIM3
SIM4
1
21
22
SIM5
SIM1
SIM2
SIM3
SIM4
1
21
22
SIM5
SIM1
SIM2
SIM3
SIM4
1
21
22
SIM5
SIM1
SIM2
SIM3
SIM4
1
21
22
SIM5
SIM1
SIM2
SIM3
SIM4
1
21
22
SIM5
SIM1
SIM2
SIM3
SIM4
1
21
22
SIM5
SIM1
SIM2
SIM3
SIM4
1
21
22
SIM5
SIM1
SIM2
SIM3
SIM4
1
21
22
SIM5
SIM1
SIM2
SIM3
SIM4
1
21
22
SIM5
SIM1
SIM2
SIM3
SIM4
1
21
22
SIM5
SIM1
SIM2
SIM3
SIM4
1
21
22
SIM5
SIM1
SIM2
SIM3
SIM4
1
21
22
SIM5
SIM1
SIM2
SIM3
SIM4
1
21
22
SIM5
SIM1
SIM2
SIM3
SIM4
1
21
22
SIM5
SIM1
SIM2
SIM3
SIM4
1
21
22
SIM5
SIM1
SIM2
SIM3
SIM4
1
21
22
SIM5
SIM1
SIM2
SIM3
SIM4
1
21
22
SIM5
SIM1
SIM2
SIM3
SIM4
1
21
22
SIM5
SIM1
SIM2
SIM3
SIM4
1
21
22
SIM5
SIM1
SIM2
SIM3
SIM4
1
21
22
SIM5
SIM1
SIM2
SIM3
SIM4
1
21
22
SIM5
SIM1
SIM2
SIM3
SIM4
1
21
22
SIM5
SIM1
SIM2
SIM3
SIM4
1
21
22
SIM5
SIM1
SIM2
SIM3
SIM4
1
21
22
SIM5
SIM1
SIM2
SIM3
SIM4
1
21
22
SIM5
SIM1
SIM2
SIM3
SIM4
1
21
22
SIM5
SIM1
SIM2
SIM3
SIM4
1
21
22
SIM5
SIM1
SIM2
SIM3
SIM4
1
21
22
SIM5
SIM1
SIM2
SIM3
SIM4
1
21
22
SIM5
SIM1
SIM2
SIM3
SIM4
1
21
22
SIM5
SIM1
SIM2
SIM3
SIM4
1
21
22
SIM5
SIM1
SIM2
SIM3
SIM4
1
21
22
SIM5
SIM1
SIM2
SIM3
SIM4
1
21
22
SIM5
SIM1
SIM2
SIM3
SIM4
1
21
22
SIM5
SIM1
SIM2
SIM3
SIM4
1
21
22
SIM5
SIM1
SIM2
SIM3
SIM4
1
21
22
SIM5
SIM1
SIM2
SIM3
SIM4
1
21
22
SIM5
SIM1
SIM2
SIM3
SIM4
1
21
22
SIM5
SIM1
SIM2
SIM3
SIM4
1
21
22
SIM5
SIM1
SIM2
SIM3
SIM4
1
21
22
SIM5
SIM1
SIM2
SIM3
SIM4
1
21
22
SIM5
SIM1
SIM2
SIM3
SIM4
1
21
22
SIM5
SIM1
SIM2
DEBUG 1 570
SIM1
SIM2
SIM3
SIM4
1
21
22
SIM5
SIM1
SIM2
SIM3
SIM4
1
21
22
SIM5
SIM1
SIM2
SIM3
SIM4
1
21
22
SIM5
SIM1
SIM2
SIM3
SIM4
1
21
22
SIM5
SIM1
SIM2
SIM3
SIM4
1
21
22
SIM5
SIM1
SIM2
SIM3
SIM4
1
21
22
SIM5
SIM1
SIM2
SIM3
SIM4
1
21
22
SIM5
SIM1
SIM2
SIM3
SIM4
1
21
22
SIM5
SIM1
SIM2
SIM3
SIM4
1
21
22
SIM5
SIM1
SIM2
SIM3
SIM4
1
21
22
SIM5
SIM1
SIM2
SIM3
SIM4
1
21
22
SIM5
SIM1
SIM2
SIM3
SIM4
1
21
22
SIM5
SIM1
SIM2
SIM3
SIM4
1
21
22
SIM5
SIM1
SIM2
SIM3
SIM4
1
21
22
SIM5
SIM1
SIM2
SIM3
SIM4
1
21
22
SIM5
SIM1
SIM2
SIM3
SIM4
1
21
22
SIM5
SIM1
SIM2
SIM3
SIM4
1
21
22
SIM5
SIM1
SIM2
SIM3
SIM4
1
21
22
SIM5
SIM1
SIM2
SIM3
SIM4
1
21
22
SIM5
SIM1
SIM2
SIM3
SIM4
1
21
22
SIM5
SIM1
SIM2
SIM3
SIM4
1
21
22
SIM5
SIM1
SIM2
SIM3
SIM4
1
21
22
SIM5
SIM1
SIM2
SIM3
SIM4
1
21
22
SIM5
SIM1
SIM2
SIM3
SIM4
1
21
22
SIM5
SIM1
SIM2
SIM3
SIM4
1
21
22
SIM5
SIM1
SIM2
SIM3
SIM4
1
21
22
SIM5
SIM1
SIM2
SIM3
SIM4
1
21
22
SIM5
SIM1
SIM2
SIM3
SIM4
1
21
22
SIM5
SIM1
SIM2
SIM3
SIM4
1
21
22
SIM5
SIM1
SIM2
SIM3
SIM4
1
21
22
SIM5
SIM1
SIM2
SIM3
SIM4
1
21
22
SIM5
SIM1
SIM2
SIM3
SIM4
1
21
22
SIM5
SIM1
SIM2
SIM3
SIM4
1
21
22
SIM5
SIM1
SIM2
SIM3
SIM4
1
21
22
SIM5
SIM1
SIM2
SIM3
SIM4
1
21
22
SIM5
SIM1
SIM2
SIM3
SIM4
1
21
22
SIM5
SIM1
SIM2
SIM3
SIM4
1
21
22
SIM5
SIM1
SIM2
SIM3
SIM4
1
21
22
SIM5
SIM1
SIM2
SIM3
SIM4
1
21
22
SIM5
SIM1
SIM2
SIM3
SIM4
1
21
22
SIM5
SIM1
SIM2
SIM3
SIM4
1
21
22
SIM5
SIM1
SIM2
SIM3
SIM4
1
21
22
SIM5
SIM1
SIM2
SIM3
SIM4
1
21
22
SIM5
SIM1
SIM2
SIM3
SIM4
1
21
22
SIM5
SIM1
SIM2
SIM3
SIM4
1
21
22
SIM5
SIM1
SIM2
SIM3
SIM4
1
21
22
SIM5
SIM1
SIM2
SIM3
SIM4
1
21
22
SIM5
SIM1
SIM2
SIM3
SIM4
1
21
22
SIM5
SIM1
SIM2
SIM3
SIM4
1
21
22
SIM5
SIM1
SIM2
SIM3
SIM4
1
21
22
SIM5
SIM1
SIM2
SIM3
SIM4
1
21
22
SIM5
SIM1
SIM2
SIM3
SIM4
1
21
22
SIM5
SIM1
SIM2
SIM3
SIM4
1
21
22
SIM5
SIM1
SIM2
SIM3
SIM4
1
21
22
SIM5
SIM1
SIM2
SIM3
SIM4
1
21
22
SIM5
SIM1
SIM2
SIM3
SIM4
1
21
22
SIM5
SIM1
SIM2
SIM3
SIM4
1
21
22
SIM5
SIM1
SIM2
SIM3
SIM4
1
21
22
SIM5
SIM1
SIM2
SIM3
SIM4
1
21
22
SIM5
SIM1
SIM2
SIM3
SIM4
1
21
22
SIM5
SIM1
SIM2
SIM3
SIM4
1
21
22
SIM5
SIM1
SIM2
SIM3
SIM4
1
21
22
SIM5
SIM1
SIM2
SIM3
SIM4
1
21
22
SIM5
SIM1
SIM2
SIM3
SIM4
1
21
22
SIM5
SIM1
SIM2
SIM3
SIM4
1
21
22
SIM5
SIM1
SIM2
SIM3
SIM4
1
21
22
SIM5
SIM1
SIM2
SIM3
SIM4
1
21
22
SIM5
SIM1
SIM2
SIM3
SIM4
1
21
22
SIM5
SIM1
SIM2
SIM3
SIM4
1
21
22
SIM5
SIM1
SIM2
SIM3
SIM4
1
21
22
SIM5
SIM1
SIM2
SIM3
SIM4
1
21
22
SIM5
SIM1
SIM2
SIM3
SIM4
1
21
22
SIM5
SIM1
SIM2
SIM3
SIM4
1
21
22
SIM5
SIM1
SIM2
SIM3
SIM4
1
21
22
SIM5
SIM1
SIM2
SIM3
SIM4
1
21
22
SIM5
SIM1
SIM2
SIM3
SIM4
1
21
22
SIM5
SIM1
SIM2
SIM3
SIM4
1
21
22
SIM5
SIM1
SIM2
SIM3
SIM4
1
21
22
SIM5
SIM1
SIM2
SIM3
SIM4
1
21
22
SIM5
SIM1
SIM2
SIM3
SIM4
1
21
22
SIM5
SIM1
SIM2
SIM3
SIM4
1
21
22
SIM5
SIM1
SIM2
SIM3
SIM4
1
21
22
SIM5
SIM1
SIM2
SIM3
SIM4
1
21
22
SIM5
SIM1
SIM2
SIM3
SIM4
1
21
22
SIM5
SIM1
SIM2
SIM3
SIM4
1
21
22
SIM5
SIM1
SIM2
SIM3
SIM4
1
21
22
SIM5
SIM1
SIM2
SIM3
SIM4
1
21
22
SIM5
SIM1
SIM2
SIM3
SIM4
1
21
22
SIM5
SIM1
SIM2
SIM3
SIM4
1
21
22
SIM5
SIM1
SIM2
SIM3
SIM4
1
21
22
SIM5
SIM1
SIM2
SIM3
SIM4
1
21
22
SIM5
SIM1
SIM2
SIM3
SIM4
1
21
22
SIM5
SIM1
SIM2
SIM3
SIM4
1
21
22
SIM5
SIM1
SIM2
SIM3
SIM4
1
21
22
SIM5
SIM1
SIM2
SIM3
SIM4
1
21
22
SIM5
SIM1
SIM2
SIM3
SIM4
1
21
22
SIM5
SIM1
SIM2
SIM3
SIM4
1
21
22
SIM5
SIM1
SIM2
SIM3
SIM4
1
21
22
SIM5
SIM1
SIM2
SIM3
SIM4
1
21
22
SIM5
SIM1
SIM2
SIM3
SIM4
1
21
22
SIM5
SIM1
SIM2
SIM3
SIM4
1
21
22
SIM5
SIM1
SIM2
SIM3
SIM4
1
21
22
SIM5
SIM1
SIM2
SIM3
SIM4
1
21
22
SIM5
SIM1
SIM2
SIM3
SIM4
1
21
22
SIM5
SIM1
SIM2
SIM3
SIM4
1
21
22
SIM5
SIM1
SIM2
SIM3
SIM4
1
21
22
SIM5
SIM1
SIM2
SIM3
SIM4
1
21
22
SIM5
SIM1
SIM2
SIM3
SIM4
1
21
22
SIM5
SIM1
SIM2
SIM3
SIM4
1
21
22
SIM5
SIM1
SIM2
SIM3
SIM4
1
21
22
SIM5
SIM1
SIM2
SIM3
SIM4
1
21
22
SIM5
SIM1
SIM2
SIM3
SIM4
1
21
22
SIM5
SIM1
SIM2
SIM3
SIM4
1
21
22
SIM5
SIM1
SIM2
SIM3
SIM4
1
21
22
SIM5
SIM1
SIM2
SIM3
SIM4
1
21
22
SIM5
SIM1
SIM2
SIM3
SIM4
1
21
22
SIM5
SIM1
SIM2
SIM3
SIM4
1
21
22
SIM5
SIM1
SIM2
SIM3
SIM4
1
21
22
SIM5
SIM1
SIM2
SIM3
SIM4
1
21
22
SIM5
SIM1
SIM2
SIM3
SIM4
1
21
22
SIM5
SIM1
SIM2
SIM3
SIM4
1
21
22
SIM5
SIM1
SIM2
SIM3
SIM4
1
21
22
SIM5
SIM1
SIM2
SIM3
SIM4
1
21
22
SIM5
SIM1
SIM2
SIM3
SIM4
1
21
22
SIM5
SIM1
SIM2
SIM3
SIM4
1
21
22
SIM5
SIM1
SIM2
SIM3
SIM4
1
21
22
SIM5
SIM1
SIM2
SIM3
SIM4
1
21
22
SIM5
SIM1
SIM2
SIM3
SIM4
1
21
22
SIM5
SIM1
SIM2
SIM3
SIM4
1
21
22
SIM5
SIM1
SIM2
SIM3
SIM4
1
21
22
SIM5
SIM1
SIM2
SIM3
SIM4
1
21
22
SIM5
SIM1
SIM2
SIM3
SIM4
1
21
22
SIM5
SIM1
SIM2
SIM3
SIM4
1
21
22
SIM5
SIM1
SIM2
SIM3
SIM4
1
21
22
SIM5
SIM1
SIM2
SIM3
SIM4
1
21
22
SIM5
SIM1
SIM2
SIM3
SIM4
1
21
22
SIM5
SIM1
SIM2
SIM3
SIM4
1
21
22
SIM5
SIM1
SIM2
SIM3
SIM4
1
21
22
SIM5
SIM1
SIM2
SIM3
SIM4
1
21
22
SIM5
SIM1
SIM2
SIM3
SIM4
1
21
22
SIM5
SIM1
SIM2
SIM3
SIM4
1
21
22
SIM5
SIM1
SIM2
SIM3
SIM4
1
21
22
SIM5
SIM1
SIM2
SIM3
SIM4
1
21
22
SIM5
SIM1
SIM2
SIM3
SIM4
1
21
22
SIM5
SIM1
SIM2
SIM3
SIM4
1
21
22
SIM5
SIM1
SIM2
SIM3
SIM4
1
21
22
SIM5
SIM1
SIM2
SIM3
SIM4
1
21
22
SIM5
SIM1
SIM2
SIM3
SIM4
1
21
22
SIM5
SIM1
SIM2
SIM3
SIM4
1
21
22
SIM5
SIM1
SIM2
SIM3
SIM4
1
21
22
SIM5
SIM1
SIM2
SIM3
SIM4
1
21
22
SIM5
SIM1
SIM2
SIM3
SIM4
1
21
22
SIM5
SIM1
SIM2
SIM3
SIM4
1
21
22
SIM5
SIM1
SIM2
SIM3
SIM4
1
21
22
SIM5
SIM1
SIM2
SIM3
SIM4
1
21
22
SIM5
SIM1
SIM2
SIM3
SIM4
1
21
22
SIM5
SIM1
SIM2
SIM3
SIM4
1
21
22
SIM5
SIM1
SIM2
SIM3
SIM4
1
21
22
SIM5
SIM1
SIM2
SIM3
SIM4
1
21
22
SIM5
SIM1
SIM2
SIM3
SIM4
1
21
22
SIM5
SIM1
SIM2
SIM3
SIM4
1
21
22
SIM5
SIM1
SIM2
SIM3
SIM4
1
21
22
SIM5
SIM1
SIM2
SIM3
SIM4
1
21
22
SIM5
SIM1
SIM2
SIM3
SIM4
1
21
22
SIM5
SIM1
SIM2
SIM3
SIM4
1
21
22
SIM5
SIM1
SIM2
SIM3
SIM4
1
21
22
SIM5
SIM1
SIM2
SIM3
SIM4
1
21
22
SIM5
SIM1
SIM2
SIM3
SIM4
1
21
22
SIM5
SIM1
SIM2
SIM3
SIM4
1
21
22
SIM5
SIM1
SIM2
SIM3
SIM4
1
21
22
SIM5
SIM1
SIM2
SIM3
SIM4
1
21
22
SIM5
SIM1
SIM2
SIM3
SIM4
1
21
22
SIM5
SIM1
SIM2
SIM3
SIM4
1
21
22
SIM5
SIM1
SIM2
SIM3
SIM4
1
21
22
SIM5
SIM1
SIM2
SIM3
SIM4
1
21
22
SIM5
SIM1
SIM2
SIM3
SIM4
1
21
22
SIM5
SIM1
SIM2
SIM3
SIM4
1
21
22
SIM5
SIM1
SIM2
SIM3
SIM4
1
21
22
SIM5
SIM1
SIM2
SIM3
SIM4
1
21
22
SIM5
SIM1
SIM2
SIM3
SIM4
1
21
22
SIM5
SIM1
SIM2
SIM3
SIM4
1
21
22
SIM5
SIM1
SIM2
SIM3
SIM4
1
21
22
SIM5
SIM1
SIM2
SIM3
SIM4
1
21
22
SIM5
SIM1
SIM2
SIM3
SIM4
1
21
22
SIM5
SIM1
SIM2
SIM3
SIM4
1
21
22
SIM5
SIM1
SIM2
SIM3
SIM4
1
21
22
SIM5
SIM1
SIM2
SIM3
SIM4
1
21
22
SIM5
SIM1
SIM2
SIM3
SIM4
1
21
22
SIM5
SIM1
SIM2
SIM3
SIM4
1
21
22
SIM5
SIM1
SIM2
SIM3
SIM4
1
21
22
SIM5
SIM1
SIM2
SIM3
SIM4
1
21
22
SIM5
SIM1
SIM2
SIM3
SIM4
1
21
22
SIM5
SIM1
SIM2
SIM3
SIM4
1
21
22
SIM5
SIM1
SIM2
SIM3
SIM4
1
21
22
SIM5
SIM1
SIM2
SIM3
SIM4
1
21
22
SIM5
SIM1
SIM2
SIM3
SIM4
1
21
22
SIM5
SIM1
SIM2
SIM3
SIM4
1
21
22
SIM5
SIM1
SIM2
SIM3
SIM4
1
21
22
SIM5
SIM1
SIM2
SIM3
SIM4
1
21
22
SIM5
SIM1
SIM2
SIM3
SIM4
1
21
22
SIM5
SIM1
SIM2
SIM3
SIM4
1
21
22
SIM5
SIM1
SIM2
SIM3
SIM4
1
21
22
SIM5
SIM1
SIM2
SIM3
SIM4
1
21
22
SIM5
SIM1
SIM2
SIM3
SIM4
1
21
22
SIM5
SIM1
SIM2
SIM3
SIM4
1
21
22
SIM5
SIM1
SIM2
SIM3
SIM4
1
21
22
SIM5
SIM1
SIM2
SIM3
SIM4
1
21
22
SIM5
SIM1
SIM2
SIM3
SIM4
1
21
22
SIM5
SIM1
SIM2
SIM3
SIM4
1
21
22
SIM5
SIM1
SIM2
SIM3
SIM4
1
21
22
SIM5
SIM1
SIM2
SIM3
SIM4
1
21
22
SIM5
SIM1
SIM2
SIM3
SIM4
1
21
22
SIM5
SIM1
SIM2
SIM3
SIM4
1
21
22
SIM5
SIM1
SIM2
SIM3
SIM4
1
21
22
SIM5
SIM1
SIM2
SIM3
SIM4
1
21
22
SIM5
SIM1
SIM2
SIM3
SIM4
1
21
22
SIM5
SIM1
SIM2
SIM3
SIM4
1
21
22
SIM5
SIM1
SIM2
SIM3
SIM4
1
21
22
SIM5
SIM1
SIM2
SIM3
SIM4
1
21
22
SIM5
SIM1
SIM2
SIM3
SIM4
1
21
22
SIM5
SIM1
SIM2
SIM3
SIM4
1
21
22
SIM5
SIM1
SIM2
SIM3
SIM4
1
21
22
SIM5
SIM1
SIM2
SIM3
SIM4
1
21
22
SIM5
SIM1
SIM2
SIM3
SIM4
1
21
22
SIM5
SIM1
SIM2
SIM3
SIM4
1
21
22
SIM5
SIM1
SIM2
SIM3
SIM4
1
21
22
SIM5
SIM1
SIM2
SIM3
SIM4
1
21
22
SIM5
SIM1
SIM2
SIM3
SIM4
1
21
22
SIM5
SIM1
SIM2
SIM3
SIM4
1
21
22
SIM5
SIM1
SIM2
SIM3
SIM4
1
21
22
SIM5
SIM1
SIM2
SIM3
SIM4
1
21
22
SIM5
SIM1
SIM2
SIM3
SIM4
1
21
22
SIM5
SIM1
SIM2
SIM3
SIM4
1
21
22
SIM5
SIM1
SIM2
SIM3
SIM4
1
21
22
SIM5
SIM1
SIM2
SIM3
SIM4
1
21
22
SIM5
SIM1
SIM2
SIM3
SIM4
1
21
22
SIM5
SIM1
SIM2
SIM3
SIM4
1
21
22
SIM5
SIM1
SIM2
SIM3
SIM4
1
21
22
SIM5
SIM1
SIM2
SIM3
SIM4
1
21
22
SIM5
SIM1
SIM2
SIM3
SIM4
1
21
22
SIM5
SIM1
SIM2
SIM3
SIM4
1
21
22
SIM5
SIM1
SIM2
SIM3
SIM4
1
21
22
SIM5
SIM1
SIM2
SIM3
SIM4
1
21
22
SIM5
SIM1
SIM2
SIM3
SIM4
1
21
22
SIM5
SIM1
SIM2
SIM3
SIM4
1
21
22
SIM5
SIM1
SIM2
SIM3
SIM4
1
21
22
SIM5
SIM1
SIM2
SIM3
SIM4
1
21
22
SIM5
SIM1
SIM2
SIM3
SIM4
1
21
22
SIM5
SIM1
SIM2
SIM3
SIM4
1
21
22
SIM5
SIM1
SIM2
SIM3
SIM4
1
21
22
SIM5
SIM1
SIM2
SIM3
SIM4
1
21
22
SIM5
SIM1
SIM2
SIM3
SIM4
1
21
22
SIM5
SIM1
SIM2
SIM3
SIM4
1
21
22
SIM5
SIM1
SIM2
SIM3
SIM4
1
21
22
SIM5
SIM1
SIM2
SIM3
SIM4
1
21
22
SIM5
SIM1
SIM2
SIM3
SIM4
1
21
22
SIM5
SIM1
SIM2
SIM3
SIM4
1
21
22
SIM5
SIM1
SIM2
SIM3
SIM4
1
21
22
SIM5
SIM1
SIM2
SIM3
SIM4
1
21
22
SIM5
SIM1
SIM2
SIM3
SIM4
1
21
22
SIM5
SIM1
SIM2
SIM3
SIM4
1
21
22
SIM5
SIM1
SIM2
SIM3
SIM4
1
21
22
SIM5
SIM1
SIM2
SIM3
SIM4
1
21
22
SIM5
SIM1
SIM2
DEBUG 1 571
SIM1
SIM2
SIM3
SIM4
1
21
22
SIM5
SIM1
SIM2
SIM3
SIM4
1
21
22
SIM5
SIM1
SIM2
SIM3
SIM4
1
21
22
SIM5
SIM1
SIM2
SIM3
SIM4
1
21
22
SIM5
SIM1
SIM2
SIM3
SIM4
1
21
22
SIM5
SIM1
SIM2
SIM3
SIM4
1
21
22
SIM5
SIM1
SIM2
SIM3
SIM4
1
21
22
SIM5
SIM1
SIM2
SIM3
SIM4
1
21
22
SIM5
SIM1
SIM2
SIM3
SIM4
1
21
22
SIM5
SIM1
SIM2
SIM3
SIM4
1
21
22
SIM5
SIM1
SIM2
SIM3
SIM4
1
21
22
SIM5
SIM1
SIM2
SIM3
SIM4
1
21
22
SIM5
SIM1
SIM2
SIM3
SIM4
1
21
22
SIM5
SIM1
SIM2
SIM3
SIM4
1
21
22
SIM5
SIM1
SIM2
SIM3
SIM4
1
21
22
SIM5
SIM1
SIM2
SIM3
SIM4
1
21
22
SIM5
SIM1
SIM2
SIM3
SIM4
1
21
22
SIM5
SIM1
SIM2
SIM3
SIM4
1
21
22
SIM5
SIM1
SIM2
SIM3
SIM4
1
21
22
SIM5
SIM1
SIM2
SIM3
SIM4
1
21
22
SIM5
SIM1
SIM2
SIM3
SIM4
1
21
22
SIM5
SIM1
SIM2
SIM3
SIM4
1
21
22
SIM5
SIM1
SIM2
SIM3
SIM4
1
21
22
SIM5
SIM1
SIM2
SIM3
SIM4
1
21
22
SIM5
SIM1
SIM2
SIM3
SIM4
1
21
22
SIM5
SIM1
SIM2
SIM3
SIM4
1
21
22
SIM5
SIM1
SIM2
SIM3
SIM4
1
21
22
SIM5
SIM1
SIM2
SIM3
SIM4
1
21
22
SIM5
SIM1
SIM2
SIM3
SIM4
1
21
22
SIM5
SIM1
SIM2
SIM3
SIM4
1
21
22
SIM5
SIM1
SIM2
SIM3
SIM4
1
21
22
SIM5
SIM1
SIM2
SIM3
SIM4
1
21
22
SIM5
SIM1
SIM2
SIM3
SIM4
1
21
22
SIM5
SIM1
SIM2
SIM3
SIM4
1
21
22
SIM5
SIM1
SIM2
SIM3
SIM4
1
21
22
SIM5
SIM1
SIM2
SIM3
SIM4
1
21
22
SIM5
SIM1
SIM2
SIM3
SIM4
1
21
22
SIM5
SIM1
SIM2
SIM3
SIM4
1
21
22
SIM5
SIM1
SIM2
SIM3
SIM4
1
21
22
SIM5
SIM1
SIM2
SIM3
SIM4
1
21
22
SIM5
SIM1
SIM2
SIM3
SIM4
1
21
22
SIM5
SIM1
SIM2
SIM3
SIM4
1
21
22
SIM5
SIM1
SIM2
SIM3
SIM4
1
21
22
SIM5
SIM1
SIM2
SIM3
SIM4
1
21
22
SIM5
SIM1
SIM2
SIM3
SIM4
1
21
22
SIM5
SIM1
SIM2
SIM3
SIM4
1
21
22
SIM5
SIM1
SIM2
SIM3
SIM4
1
21
22
SIM5
SIM1
SIM2
SIM3
SIM4
1
21
22
SIM5
SIM1
SIM2
SIM3
SIM4
1
21
22
SIM5
SIM1
SIM2
SIM3
SIM4
1
21
22
SIM5
SIM1
SIM2
SIM3
SIM4
1
21
22
SIM5
SIM1
SIM2
SIM3
SIM4
1
21
22
SIM5
SIM1
SIM2
SIM3
SIM4
1
21
22
SIM5
SIM1
SIM2
SIM3
SIM4
1
21
22
SIM5
SIM1
SIM2
SIM3
SIM4
1
21
22
SIM5
SIM1
SIM2
SIM3
SIM4
1
21
22
SIM5
SIM1
SIM2
SIM3
SIM4
1
21
22
SIM5
SIM1
SIM2
SIM3
SIM4
1
21
22
SIM5
SIM1
SIM2
SIM3
SIM4
1
21
22
SIM5
SIM1
SIM2
SIM3
SIM4
1
21
22
SIM5
SIM1
SIM2
SIM3
SIM4
1
21
22
SIM5
SIM1
SIM2
SIM3
SIM4
1
21
22
SIM5
SIM1
SIM2
SIM3
SIM4
1
21
22
SIM5
SIM1
SIM2
SIM3
SIM4
1
21
22
SIM5
SIM1
SIM2
SIM3
SIM4
1
21
22
SIM5
SIM1
SIM2
SIM3
SIM4
1
21
22
SIM5
SIM1
SIM2
SIM3
SIM4
1
21
22
SIM5
SIM1
SIM2
SIM3
SIM4
1
21
22
SIM5
SIM1
SIM2
SIM3
SIM4
1
21
22
SIM5
SIM1
SIM2
SIM3
SIM4
1
21
22
SIM5
SIM1
SIM2
SIM3
SIM4
1
21
22
SIM5
SIM1
SIM2
SIM3
SIM4
1
21
22
SIM5
SIM1
SIM2
SIM3
SIM4
1
21
22
SIM5
SIM1
SIM2
SIM3
SIM4
1
21
22
SIM5
SIM1
SIM2
SIM3
SIM4
1
21
22
SIM5
SIM1
SIM2
SIM3
SIM4
1
21
22
SIM5
SIM1
SIM2
SIM3
SIM4
1
21
22
SIM5
SIM1
SIM2
SIM3
SIM4
1
21
22
SIM5
SIM1
SIM2
SIM3
SIM4
1
21
22
SIM5
SIM1
SIM2
SIM3
SIM4
1
21
22
SIM5
SIM1
SIM2
SIM3
SIM4
1
21
22
SIM5
SIM1
SIM2
SIM3
SIM4
1
21
22
SIM5
SIM1
SIM2
SIM3
SIM4
1
21
22
SIM5
SIM1
SIM2
SIM3
SIM4
1
21
22
SIM5
SIM1
SIM2
SIM3
SIM4
1
21
22
SIM5
SIM1
SIM2
SIM3
SIM4
1
21
22
SIM5
SIM1
SIM2
SIM3
SIM4
1
21
22
SIM5
SIM1
SIM2
SIM3
SIM4
1
21
22
SIM5
SIM1
SIM2
SIM3
SIM4
1
21
22
SIM5
SIM1
SIM2
SIM3
SIM4
1
21
22
SIM5
SIM1
SIM2
SIM3
SIM4
1
21
22
SIM5
SIM1
SIM2
SIM3
SIM4
1
21
22
SIM5
SIM1
SIM2
SIM3
SIM4
1
21
22
SIM5
SIM1
SIM2
SIM3
SIM4
1
21
22
SIM5
SIM1
SIM2
SIM3
SIM4
1
21
22
SIM5
SIM1
SIM2
SIM3
SIM4
1
21
22
SIM5
SIM1
SIM2
SIM3
SIM4
1
21
22
SIM5
SIM1
SIM2
SIM3
SIM4
1
21
22
SIM5
SIM1
SIM2
SIM3
SIM4
1
21
22
SIM5
SIM1
SIM2
SIM3
SIM4
1
21
22
SIM5
SIM1
SIM2
SIM3
SIM4
1
21
22
SIM5
SIM1
SIM2
SIM3
SIM4
1
21
22
SIM5
SIM1
SIM2
SIM3
SIM4
1
21
22
SIM5
SIM1
SIM2
SIM3
SIM4
1
21
22
SIM5
SIM1
SIM2
SIM3
SIM4
1
21
22
SIM5
SIM1
SIM2
SIM3
SIM4
1
21
22
SIM5
SIM1
SIM2
SIM3
SIM4
1
21
22
SIM5
SIM1
SIM2
SIM3
SIM4
1
21
22
SIM5
SIM1
SIM2
SIM3
SIM4
1
21
22
SIM5
SIM1
SIM2
SIM3
SIM4
1
21
22
SIM5
SIM1
SIM2
SIM3
SIM4
1
21
22
SIM5
SIM1
SIM2
SIM3
SIM4
1
21
22
SIM5
SIM1
SIM2
SIM3
SIM4
1
21
22
SIM5
SIM1
SIM2
SIM3
SIM4
1
21
22
SIM5
SIM1
SIM2
SIM3
SIM4
1
21
22
SIM5
SIM1
SIM2
SIM3
SIM4
1
21
22
SIM5
SIM1
SIM2
SIM3
SIM4
1
21
22
SIM5
SIM1
SIM2
SIM3
SIM4
1
21
22
SIM5
SIM1
SIM2
SIM3
SIM4
1
21
22
SIM5
SIM1
SIM2
SIM3
SIM4
1
21
22
SIM5
SIM1
SIM2
SIM3
SIM4
1
21
22
SIM5
SIM1
SIM2
SIM3
SIM4
1
21
22
SIM5
SIM1
SIM2
SIM3
SIM4
1
21
22
SIM5
SIM1
SIM2
SIM3
SIM4
1
21
22
SIM5
SIM1
SIM2
SIM3
SIM4
1
21
22
SIM5
SIM1
SIM2
SIM3
SIM4
1
21
22
SIM5
SIM1
SIM2
SIM3
SIM4
1
21
22
SIM5
SIM1
SIM2
SIM3
SIM4
1
21
22
SIM5
SIM1
SIM2
SIM3
SIM4
1
21
22
SIM5
SIM1
SIM2
SIM3
SIM4
1
21
22
SIM5
SIM1
SIM2
SIM3
SIM4
1
21
22
SIM5
SIM1
SIM2
SIM3
SIM4
1
21
22
SIM5
SIM1
SIM2
SIM3
SIM4
1
21
22
SIM5
SIM1
SIM2
SIM3
SIM4
1
21
22
SIM5
SIM1
SIM2
SIM3
SIM4
1
21
22
SIM5
SIM1
SIM2
SIM3
SIM4
1
21
22
SIM5
SIM1
SIM2
SIM3
SIM4
1
21
22
SIM5
SIM1
SIM2
SIM3
SIM4
1
21
22
SIM5
SIM1
SIM2
SIM3
SIM4
1
21
22
SIM5
SIM1
SIM2
SIM3
SIM4
1
21
22
SIM5
SIM1
SIM2
SIM3
SIM4
1
21
22
SIM5
SIM1
SIM2
SIM3
SIM4
1
21
22
SIM5
SIM1
SIM2
SIM3
SIM4
1
21
22
SIM5
SIM1
SIM2
SIM3
SIM4
1
21
22
SIM5
SIM1
SIM2
SIM3
SIM4
1
21
22
SIM5
SIM1
SIM2
SIM3
SIM4
1
21
22
SIM5
SIM1
SIM2
SIM3
SIM4
1
21
22
SIM5
SIM1
SIM2
SIM3
SIM4
1
21
22
SIM5
SIM1
SIM2
SIM3
SIM4
1
21
22
SIM5
SIM1
SIM2
SIM3
SIM4
1
21
22
SIM5
SIM1
SIM2
SIM3
SIM4
1
21
22
SIM5
SIM1
SIM2
SIM3
SIM4
1
21
22
SIM5
SIM1
SIM2
SIM3
SIM4
1
21
22
SIM5
SIM1
SIM2
SIM3
SIM4
1
21
22
SIM5
SIM1
SIM2
SIM3
SIM4
1
21
22
SIM5
SIM1
SIM2
SIM3
SIM4
1
21
22
SIM5
SIM1
SIM2
SIM3
SIM4
1
21
22
SIM5
SIM1
SIM2
SIM3
SIM4
1
21
22
SIM5
SIM1
SIM2
SIM3
SIM4
1
21
22
SIM5
SIM1
SIM2
SIM3
SIM4
1
21
22
SIM5
SIM1
SIM2
SIM3
SIM4
1
21
22
SIM5
SIM1
SIM2
SIM3
SIM4
1
21
22
SIM5
SIM1
SIM2
SIM3
SIM4
1
21
22
SIM5
SIM1
SIM2
SIM3
SIM4
1
21
22
SIM5
SIM1
SIM2
SIM3
SIM4
1
21
22
SIM5
SIM1
SIM2
SIM3
SIM4
1
21
22
SIM5
SIM1
SIM2
SIM3
SIM4
1
21
22
SIM5
SIM1
SIM2
SIM3
SIM4
1
21
22
SIM5
SIM1
SIM2
SIM3
SIM4
1
21
22
SIM5
SIM1
SIM2
SIM3
SIM4
1
21
22
SIM5
SIM1
SIM2
SIM3
SIM4
1
21
22
SIM5
SIM1
SIM2
SIM3
SIM4
1
21
22
SIM5
SIM1
SIM2
SIM3
SIM4
1
21
22
SIM5
SIM1
SIM2
SIM3
SIM4
1
21
22
SIM5
SIM1
SIM2
SIM3
SIM4
1
21
22
SIM5
SIM1
SIM2
SIM3
SIM4
1
21
22
SIM5
SIM1
SIM2
SIM3
SIM4
1
21
22
SIM5
SIM1
SIM2
SIM3
SIM4
1
21
22
SIM5
SIM1
SIM2
SIM3
SIM4
1
21
22
SIM5
SIM1
SIM2
SIM3
SIM4
1
21
22
SIM5
SIM1
SIM2
SIM3
SIM4
1
21
22
SIM5
SIM1
SIM2
SIM3
SIM4
1
21
22
SIM5
SIM1
SIM2
SIM3
SIM4
1
21
22
SIM5
SIM1
SIM2
SIM3
SIM4
1
21
22
SIM5
SIM1
SIM2
SIM3
SIM4
1
21
22
SIM5
SIM1
SIM2
SIM3
SIM4
1
21
22
SIM5
SIM1
SIM2
SIM3
SIM4
1
21
22
SIM5
SIM1
SIM2
SIM3
SIM4
1
21
22
SIM5
SIM1
SIM2
SIM3
SIM4
1
21
22
SIM5
SIM1
SIM2
SIM3
SIM4
1
21
22
SIM5
SIM1
SIM2
SIM3
SIM4
1
21
22
SIM5
SIM1
SIM2
SIM3
SIM4
1
21
22
SIM5
SIM1
SIM2
SIM3
SIM4
1
21
22
SIM5
SIM1
SIM2
SIM3
SIM4
1
21
22
SIM5
SIM1
SIM2
SIM3
SIM4
1
21
22
SIM5
SIM1
SIM2
SIM3
SIM4
1
21
22
SIM5
SIM1
SIM2
SIM3
SIM4
1
21
22
SIM5
SIM1
SIM2
SIM3
SIM4
1
21
22
SIM5
SIM1
SIM2
SIM3
SIM4
1
21
22
SIM5
SIM1
SIM2
SIM3
SIM4
1
21
22
SIM5
SIM1
SIM2
SIM3
SIM4
1
21
22
SIM5
SIM1
SIM2
SIM3
SIM4
1
21
22
SIM5
SIM1
SIM2
SIM3
SIM4
1
21
22
SIM5
SIM1
SIM2
SIM3
SIM4
1
21
22
SIM5
SIM1
SIM2
SIM3
SIM4
1
21
22
SIM5
SIM1
SIM2
SIM3
SIM4
1
21
22
SIM5
SIM1
SIM2
SIM3
SIM4
1
21
22
SIM5
SIM1
SIM2
SIM3
SIM4
1
21
22
SIM5
SIM1
SIM2
SIM3
SIM4
1
21
22
SIM5
SIM1
SIM2
SIM3
SIM4
1
21
22
SIM5
SIM1
SIM2
SIM3
SIM4
1
21
22
SIM5
SIM1
SIM2
SIM3
SIM4
1
21
22
SIM5
SIM1
SIM2
SIM3
SIM4
1
21
22
SIM5
SIM1
SIM2
SIM3
SIM4
1
21
22
SIM5
SIM1
SIM2
SIM3
SIM4
1
21
22
SIM5
SIM1
SIM2
SIM3
SIM4
1
21
22
SIM5
SIM1
SIM2
SIM3
SIM4
1
21
22
SIM5
SIM1
SIM2
SIM3
SIM4
1
21
22
SIM5
SIM1
SIM2
SIM3
SIM4
1
21
22
SIM5
SIM1
SIM2
SIM3
SIM4
1
21
22
SIM5
SIM1
SIM2
SIM3
SIM4
1
21
22
SIM5
SIM1
SIM2
SIM3
SIM4
1
21
22
SIM5
SIM1
SIM2
SIM3
SIM4
1
21
22
SIM5
SIM1
SIM2
SIM3
SIM4
1
21
22
SIM5
SIM1
SIM2
SIM3
SIM4
1
21
22
SIM5
SIM1
SIM2
SIM3
SIM4
1
21
22
SIM5
SIM1
SIM2
SIM3
SIM4
1
21
22
SIM5
SIM1
SIM2
SIM3
SIM4
1
21
22
SIM5
SIM1
SIM2
SIM3
SIM4
1
21
22
SIM5
SIM1
SIM2
SIM3
SIM4
1
21
22
SIM5
SIM1
SIM2
SIM3
SIM4
1
21
22
SIM5
SIM1
SIM2
SIM3
SIM4
1
21
22
SIM5
SIM1
SIM2
SIM3
SIM4
1
21
22
SIM5
SIM1
SIM2
SIM3
SIM4
1
21
22
SIM5
SIM1
SIM2
SIM3
SIM4
1
21
22
SIM5
SIM1
SIM2
DEBUG 1 572
SIM1
SIM2
SIM3
SIM4
1
21
22
SIM5
SIM1
SIM2
SIM3
SIM4
1
21
22
SIM5
SIM1
SIM2
SIM3
SIM4
1
21
22
SIM5
SIM1
SIM2
SIM3
SIM4
1
21
22
SIM5
SIM1
SIM2
SIM3
SIM4
1
21
22
SIM5
SIM1
SIM2
SIM3
SIM4
1
21
22
SIM5
SIM1
SIM2
SIM3
SIM4
1
21
22
SIM5
SIM1
SIM2
SIM3
SIM4
1
21
22
SIM5
SIM1
SIM2
SIM3
SIM4
1
21
22
SIM5
SIM1
SIM2
SIM3
SIM4
1
21
22
SIM5
SIM1
SIM2
SIM3
SIM4
1
21
22
SIM5
SIM1
SIM2
SIM3
SIM4
1
21
22
SIM5
SIM1
SIM2
SIM3
SIM4
1
21
22
SIM5
SIM1
SIM2
SIM3
SIM4
1
21
22
SIM5
SIM1
SIM2
SIM3
SIM4
1
21
22
SIM5
SIM1
SIM2
SIM3
SIM4
1
21
22
SIM5
SIM1
SIM2
SIM3
SIM4
1
21
22
SIM5
SIM1
SIM2
SIM3
SIM4
1
21
22
SIM5
SIM1
SIM2
SIM3
SIM4
1
21
22
SIM5
SIM1
SIM2
SIM3
SIM4
1
21
22
SIM5
SIM1
SIM2
SIM3
SIM4
1
21
22
SIM5
SIM1
SIM2
SIM3
SIM4
1
21
22
SIM5
SIM1
SIM2
SIM3
SIM4
1
21
22
SIM5
SIM1
SIM2
SIM3
SIM4
1
21
22
SIM5
SIM1
SIM2
SIM3
SIM4
1
21
22
SIM5
SIM1
SIM2
SIM3
SIM4
1
21
22
SIM5
SIM1
SIM2
SIM3
SIM4
1
21
22
SIM5
SIM1
SIM2
SIM3
SIM4
1
21
22
SIM5
SIM1
SIM2
SIM3
SIM4
1
21
22
SIM5
SIM1
SIM2
SIM3
SIM4
1
21
22
SIM5
SIM1
SIM2
SIM3
SIM4
1
21
22
SIM5
SIM1
SIM2
SIM3
SIM4
1
21
22
SIM5
SIM1
SIM2
SIM3
SIM4
1
21
22
SIM5
SIM1
SIM2
SIM3
SIM4
1
21
22
SIM5
SIM1
SIM2
SIM3
SIM4
1
21
22
SIM5
SIM1
SIM2
SIM3
SIM4
1
21
22
SIM5
SIM1
SIM2
SIM3
SIM4
1
21
22
SIM5
SIM1
SIM2
SIM3
SIM4
1
21
22
SIM5
SIM1
SIM2
SIM3
SIM4
1
21
22
SIM5
SIM1
SIM2
SIM3
SIM4
1
21
22
SIM5
SIM1
SIM2
SIM3
SIM4
1
21
22
SIM5
SIM1
SIM2
SIM3
SIM4
1
21
22
SIM5
SIM1
SIM2
SIM3
SIM4
1
21
22
SIM5
SIM1
SIM2
SIM3
SIM4
1
21
22
SIM5
SIM1
SIM2
SIM3
SIM4
1
21
22
SIM5
SIM1
SIM2
SIM3
SIM4
1
21
22
SIM5
SIM1
SIM2
SIM3
SIM4
1
21
22
SIM5
SIM1
SIM2
SIM3
SIM4
1
21
22
SIM5
SIM1
SIM2
SIM3
SIM4
1
21
22
SIM5
SIM1
SIM2
SIM3
SIM4
1
21
22
SIM5
SIM1
SIM2
SIM3
SIM4
1
21
22
SIM5
SIM1
SIM2
SIM3
SIM4
1
21
22
SIM5
SIM1
SIM2
SIM3
SIM4
1
21
22
SIM5
SIM1
SIM2
SIM3
SIM4
1
21
22
SIM5
SIM1
SIM2
SIM3
SIM4
1
21
22
SIM5
SIM1
SIM2
SIM3
SIM4
1
21
22
SIM5
SIM1
SIM2
SIM3
SIM4
1
21
22
SIM5
SIM1
SIM2
SIM3
SIM4
1
21
22
SIM5
SIM1
SIM2
SIM3
SIM4
1
21
22
SIM5
SIM1
SIM2
SIM3
SIM4
1
21
22
SIM5
SIM1
SIM2
SIM3
SIM4
1
21
22
SIM5
SIM1
SIM2
SIM3
SIM4
1
21
22
SIM5
SIM1
SIM2
SIM3
SIM4
1
21
22
SIM5
SIM1
SIM2
SIM3
SIM4
1
21
22
SIM5
SIM1
SIM2
SIM3
SIM4
1
21
22
SIM5
SIM1
SIM2
SIM3
SIM4
1
21
22
SIM5
SIM1
SIM2
SIM3
SIM4
1
21
22
SIM5
SIM1
SIM2
SIM3
SIM4
1
21
22
SIM5
SIM1
SIM2
SIM3
SIM4
1
21
22
SIM5
SIM1
SIM2
SIM3
SIM4
1
21
22
SIM5
SIM1
SIM2
SIM3
SIM4
1
21
22
SIM5
SIM1
SIM2
SIM3
SIM4
1
21
22
SIM5
SIM1
SIM2
SIM3
SIM4
1
21
22
SIM5
SIM1
SIM2
SIM3
SIM4
1
21
22
SIM5
SIM1
SIM2
SIM3
SIM4
1
21
22
SIM5
SIM1
SIM2
SIM3
SIM4
1
21
22
SIM5
SIM1
SIM2
SIM3
SIM4
1
21
22
SIM5
SIM1
SIM2
SIM3
SIM4
1
21
22
SIM5
SIM1
SIM2
SIM3
SIM4
1
21
22
SIM5
SIM1
SIM2
SIM3
SIM4
1
21
22
SIM5
SIM1
SIM2
SIM3
SIM4
1
21
22
SIM5
SIM1
SIM2
SIM3
SIM4
1
21
22
SIM5
SIM1
SIM2
SIM3
SIM4
1
21
22
SIM5
SIM1
SIM2
SIM3
SIM4
1
21
22
SIM5
SIM1
SIM2
SIM3
SIM4
1
21
22
SIM5
SIM1
SIM2
SIM3
SIM4
1
21
22
SIM5
SIM1
SIM2
SIM3
SIM4
1
21
22
SIM5
SIM1
SIM2
SIM3
SIM4
1
21
22
SIM5
SIM1
SIM2
SIM3
SIM4
1
21
22
SIM5
SIM1
SIM2
SIM3
SIM4
1
21
22
SIM5
SIM1
SIM2
SIM3
SIM4
1
21
22
SIM5
SIM1
SIM2
SIM3
SIM4
1
21
22
SIM5
SIM1
SIM2
SIM3
SIM4
1
21
22
SIM5
SIM1
SIM2
SIM3
SIM4
1
21
22
SIM5
SIM1
SIM2
SIM3
SIM4
1
21
22
SIM5
SIM1
SIM2
SIM3
SIM4
1
21
22
SIM5
SIM1
SIM2
SIM3
SIM4
1
21
22
SIM5
SIM1
SIM2
SIM3
SIM4
1
21
22
SIM5
SIM1
SIM2
SIM3
SIM4
1
21
22
SIM5
SIM1
SIM2
SIM3
SIM4
1
21
22
SIM5
SIM1
SIM2
SIM3
SIM4
1
21
22
SIM5
SIM1
SIM2
SIM3
SIM4
1
21
22
SIM5
SIM1
SIM2
SIM3
SIM4
1
21
22
SIM5
SIM1
SIM2
SIM3
SIM4
1
21
22
SIM5
SIM1
SIM2
SIM3
SIM4
1
21
22
SIM5
SIM1
SIM2
SIM3
SIM4
1
21
22
SIM5
SIM1
SIM2
SIM3
SIM4
1
21
22
SIM5
SIM1
SIM2
SIM3
SIM4
1
21
22
SIM5
SIM1
SIM2
SIM3
SIM4
1
21
22
SIM5
SIM1
SIM2
SIM3
SIM4
1
21
22
SIM5
SIM1
SIM2
SIM3
SIM4
1
21
22
SIM5
SIM1
SIM2
SIM3
SIM4
1
21
22
SIM5
SIM1
SIM2
SIM3
SIM4
1
21
22
SIM5
SIM1
SIM2
SIM3
SIM4
1
21
22
SIM5
SIM1
SIM2
SIM3
SIM4
1
21
22
SIM5
SIM1
SIM2
SIM3
SIM4
1
21
22
SIM5
SIM1
SIM2
SIM3
SIM4
1
21
22
SIM5
SIM1
SIM2
SIM3
SIM4
1
21
22
SIM5
SIM1
SIM2
SIM3
SIM4
1
21
22
SIM5
SIM1
SIM2
SIM3
SIM4
1
21
22
SIM5
SIM1
SIM2
SIM3
SIM4
1
21
22
SIM5
SIM1
SIM2
SIM3
SIM4
1
21
22
SIM5
SIM1
SIM2
SIM3
SIM4
1
21
22
SIM5
SIM1
SIM2
SIM3
SIM4
1
21
22
SIM5
SIM1
SIM2
SIM3
SIM4
1
21
22
SIM5
SIM1
SIM2
SIM3
SIM4
1
21
22
SIM5
SIM1
SIM2
SIM3
SIM4
1
21
22
SIM5
SIM1
SIM2
SIM3
SIM4
1
21
22
SIM5
SIM1
SIM2
SIM3
SIM4
1
21
22
SIM5
SIM1
SIM2
DEBUG 1 573
SIM1
SIM2
SIM3
SIM4
1
21
22
SIM5
SIM1
SIM2
SIM3
SIM4
1
21
22
SIM5
SIM1
SIM2
SIM3
SIM4
1
21
22
SIM5
SIM1
SIM2
SIM3
SIM4
1
21
22
SIM5
SIM1
SIM2
SIM3
SIM4
1
21
22
SIM5
SIM1
SIM2
SIM3
SIM4
1
21
22
SIM5
SIM1
SIM2
SIM3
SIM4
1
21
22
SIM5
SIM1
SIM2
SIM3
SIM4
1
21
22
SIM5
SIM1
SIM2
SIM3
SIM4
1
21
22
SIM5
SIM1
SIM2
SIM3
SIM4
1
21
22
SIM5
SIM1
SIM2
SIM3
SIM4
1
21
22
SIM5
SIM1
SIM2
SIM3
SIM4
1
21
22
SIM5
SIM1
SIM2
SIM3
SIM4
1
21
22
SIM5
SIM1
SIM2
SIM3
SIM4
1
21
22
SIM5
SIM1
SIM2
SIM3
SIM4
1
21
22
SIM5
SIM1
SIM2
SIM3
SIM4
1
21
22
SIM5
SIM1
SIM2
SIM3
SIM4
1
21
22
SIM5
SIM1
SIM2
SIM3
SIM4
1
21
22
SIM5
SIM1
SIM2
SIM3
SIM4
1
21
22
SIM5
SIM1
SIM2
SIM3
SIM4
1
21
22
SIM5
SIM1
SIM2
SIM3
SIM4
1
21
22
SIM5
SIM1
SIM2
SIM3
SIM4
1
21
22
SIM5
SIM1
SIM2
SIM3
SIM4
1
21
22
SIM5
SIM1
SIM2
SIM3
SIM4
1
21
22
SIM5
SIM1
SIM2
SIM3
SIM4
1
21
22
SIM5
SIM1
SIM2
SIM3
SIM4
1
21
22
SIM5
SIM1
SIM2
SIM3
SIM4
1
21
22
SIM5
SIM1
SIM2
SIM3
SIM4
1
21
22
SIM5
SIM1
SIM2
SIM3
SIM4
1
21
22
SIM5
SIM1
SIM2
SIM3
SIM4
1
21
22
SIM5
SIM1
SIM2
SIM3
SIM4
1
21
22
SIM5
SIM1
SIM2
SIM3
SIM4
1
21
22
SIM5
SIM1
SIM2
SIM3
SIM4
1
21
22
SIM5
SIM1
SIM2
SIM3
SIM4
1
21
22
SIM5
SIM1
SIM2
SIM3
SIM4
1
21
22
SIM5
SIM1
SIM2
SIM3
SIM4
1
21
22
SIM5
SIM1
SIM2
SIM3
SIM4
1
21
22
SIM5
SIM1
SIM2
SIM3
SIM4
1
21
22
SIM5
SIM1
SIM2
SIM3
SIM4
1
21
22
SIM5
SIM1
SIM2
SIM3
SIM4
1
21
22
SIM5
SIM1
SIM2
SIM3
SIM4
1
21
22
SIM5
SIM1
SIM2
SIM3
SIM4
1
21
22
SIM5
SIM1
SIM2
SIM3
SIM4
1
21
22
SIM5
SIM1
SIM2
SIM3
SIM4
1
21
22
SIM5
SIM1
SIM2
SIM3
SIM4
1
21
22
SIM5
SIM1
SIM2
SIM3
SIM4
1
21
22
SIM5
SIM1
SIM2
SIM3
SIM4
1
21
22
SIM5
SIM1
SIM2
SIM3
SIM4
1
21
22
SIM5
SIM1
SIM2
SIM3
SIM4
1
21
22
SIM5
SIM1
SIM2
SIM3
SIM4
1
21
22
SIM5
SIM1
SIM2
SIM3
SIM4
1
21
22
SIM5
SIM1
SIM2
SIM3
SIM4
1
21
22
SIM5
SIM1
SIM2
SIM3
SIM4
1
21
22
SIM5
SIM1
SIM2
SIM3
SIM4
1
21
22
SIM5
SIM1
SIM2
SIM3
SIM4
1
21
22
SIM5
SIM1
SIM2
SIM3
SIM4
1
21
22
SIM5
SIM1
SIM2
SIM3
SIM4
1
21
22
SIM5
SIM1
SIM2
SIM3
SIM4
1
21
22
SIM5
SIM1
SIM2
SIM3
SIM4
1
21
22
SIM5
SIM1
SIM2
SIM3
SIM4
1
21
22
SIM5
SIM1
SIM2
SIM3
SIM4
1
21
22
SIM5
SIM1
SIM2
SIM3
SIM4
1
21
22
SIM5
SIM1
SIM2
SIM3
SIM4
1
21
22
SIM5
SIM1
SIM2
SIM3
SIM4
1
21
22
SIM5
SIM1
SIM2
SIM3
SIM4
1
21
22
SIM5
SIM1
SIM2
SIM3
SIM4
1
21
22
SIM5
SIM1
SIM2
SIM3
SIM4
1
21
22
SIM5
SIM1
SIM2
SIM3
SIM4
1
21
22
SIM5
SIM1
SIM2
SIM3
SIM4
1
21
22
SIM5
SIM1
SIM2
SIM3
SIM4
1
21
22
SIM5
SIM1
SIM2
SIM3
SIM4
1
21
22
SIM5
SIM1
SIM2
SIM3
SIM4
1
21
22
SIM5
SIM1
SIM2
SIM3
SIM4
1
21
22
SIM5
SIM1
SIM2
SIM3
SIM4
1
21
22
SIM5
SIM1
SIM2
SIM3
SIM4
1
21
22
SIM5
SIM1
SIM2
SIM3
SIM4
1
21
22
SIM5
SIM1
SIM2
SIM3
SIM4
1
21
22
SIM5
SIM1
SIM2
SIM3
SIM4
1
21
22
SIM5
SIM1
SIM2
SIM3
SIM4
1
21
22
SIM5
SIM1
SIM2
SIM3
SIM4
1
21
22
SIM5
SIM1
SIM2
SIM3
SIM4
1
21
22
SIM5
SIM1
SIM2
SIM3
SIM4
1
21
22
SIM5
SIM1
SIM2
SIM3
SIM4
1
21
22
SIM5
SIM1
SIM2
SIM3
SIM4
1
21
22
SIM5
SIM1
SIM2
SIM3
SIM4
1
21
22
SIM5
SIM1
SIM2
SIM3
SIM4
1
21
22
SIM5
SIM1
SIM2
SIM3
SIM4
1
21
22
SIM5
SIM1
SIM2
SIM3
SIM4
1
21
22
SIM5
SIM1
SIM2
SIM3
SIM4
1
21
22
SIM5
SIM1
SIM2
SIM3
SIM4
1
21
22
SIM5
SIM1
SIM2
SIM3
SIM4
1
21
22
SIM5
SIM1
SIM2
SIM3
SIM4
1
21
22
SIM5
SIM1
SIM2
SIM3
SIM4
1
21
22
SIM5
SIM1
SIM2
SIM3
SIM4
1
21
22
SIM5
SIM1
SIM2
SIM3
SIM4
1
21
22
SIM5
SIM1
SIM2
SIM3
SIM4
1
21
22
SIM5
SIM1
SIM2
SIM3
SIM4
1
21
22
SIM5
SIM1
SIM2
SIM3
SIM4
1
21
22
SIM5
SIM1
SIM2
SIM3
SIM4
1
21
22
SIM5
SIM1
SIM2
SIM3
SIM4
1
21
22
SIM5
SIM1
SIM2
SIM3
SIM4
1
21
22
SIM5
SIM1
SIM2
SIM3
SIM4
1
21
22
SIM5
SIM1
SIM2
SIM3
SIM4
1
21
22
SIM5
SIM1
SIM2
SIM3
SIM4
1
21
22
SIM5
SIM1
SIM2
SIM3
SIM4
1
21
22
SIM5
SIM1
SIM2
SIM3
SIM4
1
21
22
SIM5
SIM1
SIM2
SIM3
SIM4
1
21
22
SIM5
SIM1
SIM2
SIM3
SIM4
1
21
22
SIM5
SIM1
SIM2
SIM3
SIM4
1
21
22
SIM5
SIM1
SIM2
SIM3
SIM4
1
21
22
SIM5
SIM1
SIM2
SIM3
SIM4
1
21
22
SIM5
SIM1
SIM2
SIM3
SIM4
1
21
22
SIM5
SIM1
SIM2
SIM3
SIM4
1
21
22
SIM5
SIM1
SIM2
SIM3
SIM4
1
21
22
SIM5
SIM1
SIM2
SIM3
SIM4
1
21
22
SIM5
SIM1
SIM2
SIM3
SIM4
1
21
22
SIM5
SIM1
SIM2
SIM3
SIM4
1
21
22
SIM5
SIM1
SIM2
SIM3
SIM4
1
21
22
SIM5
SIM1
SIM2
SIM3
SIM4
1
21
22
SIM5
SIM1
SIM2
SIM3
SIM4
1
21
22
SIM5
SIM1
SIM2
SIM3
SIM4
1
21
22
SIM5
SIM1
SIM2
SIM3
SIM4
1
21
22
SIM5
SIM1
SIM2
SIM3
SIM4
1
21
22
SIM5
SIM1
SIM2
SIM3
SIM4
1
21
22
SIM5
SIM1
SIM2
SIM3
SIM4
1
21
22
SIM5
SIM1
SIM2
SIM3
SIM4
1
21
22
SIM5
SIM1
SIM2
SIM3
SIM4
1
21
22
SIM5
SIM1
SIM2
SIM3
SIM4
1
21
22
SIM5
SIM1
SIM2
SIM3
SIM4
1
21
22
SIM5
SIM1
SIM2
SIM3
SIM4
1
21
22
SIM5
SIM1
SIM2
SIM3
SIM4
1
21
22
SIM5
SIM1
SIM2
SIM3
SIM4
1
21
22
SIM5
SIM1
SIM2
SIM3
SIM4
1
21
22
SIM5
SIM1
SIM2
SIM3
SIM4
1
21
22
SIM5
SIM1
SIM2
SIM3
SIM4
1
21
22
SIM5
SIM1
SIM2
SIM3
SIM4
1
21
22
SIM5
SIM1
SIM2
SIM3
SIM4
1
21
22
SIM5
SIM1
SIM2
SIM3
SIM4
1
21
22
SIM5
SIM1
SIM2
SIM3
SIM4
1
21
22
SIM5
SIM1
SIM2
SIM3
SIM4
1
21
22
SIM5
SIM1
SIM2
SIM3
SIM4
1
21
22
SIM5
SIM1
SIM2
SIM3
SIM4
1
21
22
SIM5
SIM1
SIM2
SIM3
SIM4
1
21
22
SIM5
SIM1
SIM2
SIM3
SIM4
1
21
22
SIM5
SIM1
SIM2
SIM3
SIM4
1
21
22
SIM5
SIM1
SIM2
SIM3
SIM4
1
21
22
SIM5
SIM1
SIM2
SIM3
SIM4
1
21
22
SIM5
SIM1
SIM2
SIM3
SIM4
1
21
22
SIM5
SIM1
SIM2
SIM3
SIM4
1
21
22
SIM5
SIM1
SIM2
SIM3
SIM4
1
21
22
SIM5
SIM1
SIM2
SIM3
SIM4
1
21
22
SIM5
SIM1
SIM2
SIM3
SIM4
1
21
22
SIM5
SIM1
SIM2
SIM3
SIM4
1
21
22
SIM5
SIM1
SIM2
SIM3
SIM4
1
21
22
SIM5
SIM1
SIM2
SIM3
SIM4
1
21
22
SIM5
SIM1
SIM2
SIM3
SIM4
1
21
22
SIM5
SIM1
SIM2
SIM3
SIM4
1
21
22
SIM5
SIM1
SIM2
SIM3
SIM4
1
21
22
SIM5
SIM1
SIM2
SIM3
SIM4
1
21
22
SIM5
SIM1
SIM2
SIM3
SIM4
1
21
22
SIM5
SIM1
SIM2
SIM3
SIM4
1
21
22
SIM5
SIM1
SIM2
SIM3
SIM4
1
21
22
SIM5
SIM1
SIM2
SIM3
SIM4
1
21
22
SIM5
SIM1
SIM2
SIM3
SIM4
1
21
22
SIM5
SIM1
SIM2
SIM3
SIM4
1
21
22
SIM5
SIM1
SIM2
SIM3
SIM4
1
21
22
SIM5
SIM1
SIM2
SIM3
SIM4
1
21
22
SIM5
SIM1
SIM2
SIM3
SIM4
1
21
22
SIM5
SIM1
SIM2
SIM3
SIM4
1
21
22
SIM5
SIM1
SIM2
SIM3
SIM4
1
21
22
SIM5
SIM1
SIM2
SIM3
SIM4
1
21
22
SIM5
SIM1
SIM2
SIM3
SIM4
1
21
22
SIM5
SIM1
SIM2
SIM3
SIM4
1
21
22
SIM5
SIM1
SIM2
SIM3
SIM4
1
21
22
SIM5
SIM1
SIM2
SIM3
SIM4
1
21
22
SIM5
SIM1
SIM2
SIM3
SIM4
1
21
22
SIM5
SIM1
SIM2
SIM3
SIM4
1
21
22
SIM5
SIM1
SIM2
SIM3
SIM4
1
21
22
SIM5
SIM1
SIM2
SIM3
SIM4
1
21
22
SIM5
SIM1
SIM2
SIM3
SIM4
1
21
22
SIM5
SIM1
SIM2
SIM3
SIM4
1
21
22
SIM5
SIM1
SIM2
SIM3
SIM4
1
21
22
SIM5
SIM1
SIM2
SIM3
SIM4
1
21
22
SIM5
SIM1
SIM2
SIM3
SIM4
1
21
22
SIM5
SIM1
SIM2
SIM3
SIM4
1
21
22
SIM5
SIM1
SIM2
SIM3
SIM4
1
21
22
SIM5
SIM1
SIM2
SIM3
SIM4
1
21
22
SIM5
SIM1
SIM2
SIM3
SIM4
1
21
22
SIM5
SIM1
SIM2
SIM3
SIM4
1
21
22
SIM5
SIM1
SIM2
SIM3
SIM4
1
21
22
SIM5
SIM1
SIM2
SIM3
SIM4
1
21
22
SIM5
SIM1
SIM2
SIM3
SIM4
1
21
22
SIM5
SIM1
SIM2
SIM3
SIM4
1
21
22
SIM5
SIM1
SIM2
SIM3
SIM4
1
21
22
SIM5
SIM1
SIM2
DEBUG 1 574
SIM1
SIM2
SIM3
SIM4
1
21
22
SIM5
SIM1
SIM2
SIM3
SIM4
1
21
22
SIM5
SIM1
SIM2
SIM3
SIM4
1
21
22
SIM5
SIM1
SIM2
SIM3
SIM4
1
21
22
SIM5
SIM1
SIM2
SIM3
SIM4
1
21
22
SIM5
SIM1
SIM2
SIM3
SIM4
1
21
22
SIM5
SIM1
SIM2
SIM3
SIM4
1
21
22
SIM5
SIM1
SIM2
SIM3
SIM4
1
21
22
SIM5
SIM1
SIM2
SIM3
SIM4
1
21
22
SIM5
SIM1
SIM2
SIM3
SIM4
1
21
22
SIM5
SIM1
SIM2
SIM3
SIM4
1
21
22
SIM5
SIM1
SIM2
SIM3
SIM4
1
21
22
SIM5
SIM1
SIM2
SIM3
SIM4
1
21
22
SIM5
SIM1
SIM2
SIM3
SIM4
1
21
22
SIM5
SIM1
SIM2
SIM3
SIM4
1
21
22
SIM5
SIM1
SIM2
SIM3
SIM4
1
21
22
SIM5
SIM1
SIM2
SIM3
SIM4
1
21
22
SIM5
SIM1
SIM2
SIM3
SIM4
1
21
22
SIM5
SIM1
SIM2
SIM3
SIM4
1
21
22
SIM5
SIM1
SIM2
SIM3
SIM4
1
21
22
SIM5
SIM1
SIM2
SIM3
SIM4
1
21
22
SIM5
SIM1
SIM2
SIM3
SIM4
1
21
22
SIM5
SIM1
SIM2
SIM3
SIM4
1
21
22
SIM5
SIM1
SIM2
SIM3
SIM4
1
21
22
SIM5
SIM1
SIM2
SIM3
SIM4
1
21
22
SIM5
SIM1
SIM2
SIM3
SIM4
1
21
22
SIM5
SIM1
SIM2
SIM3
SIM4
1
21
22
SIM5
SIM1
SIM2
SIM3
SIM4
1
21
22
SIM5
SIM1
SIM2
SIM3
SIM4
1
21
22
SIM5
SIM1
SIM2
SIM3
SIM4
1
21
22
SIM5
SIM1
SIM2
SIM3
SIM4
1
21
22
SIM5
SIM1
SIM2
SIM3
SIM4
1
21
22
SIM5
SIM1
SIM2
SIM3
SIM4
1
21
22
SIM5
SIM1
SIM2
SIM3
SIM4
1
21
22
SIM5
SIM1
SIM2
SIM3
SIM4
1
21
22
SIM5
SIM1
SIM2
SIM3
SIM4
1
21
22
SIM5
SIM1
SIM2
SIM3
SIM4
1
21
22
SIM5
SIM1
SIM2
SIM3
SIM4
1
21
22
SIM5
SIM1
SIM2
SIM3
SIM4
1
21
22
SIM5
SIM1
SIM2
SIM3
SIM4
1
21
22
SIM5
SIM1
SIM2
SIM3
SIM4
1
21
22
SIM5
SIM1
SIM2
SIM3
SIM4
1
21
22
SIM5
SIM1
SIM2
SIM3
SIM4
1
21
22
SIM5
SIM1
SIM2
SIM3
SIM4
1
21
22
SIM5
SIM1
SIM2
SIM3
SIM4
1
21
22
SIM5
SIM1
SIM2
SIM3
SIM4
1
21
22
SIM5
SIM1
SIM2
SIM3
SIM4
1
21
22
SIM5
SIM1
SIM2
SIM3
SIM4
1
21
22
SIM5
SIM1
SIM2
SIM3
SIM4
1
21
22
SIM5
SIM1
SIM2
SIM3
SIM4
1
21
22
SIM5
SIM1
SIM2
SIM3
SIM4
1
21
22
SIM5
SIM1
SIM2
SIM3
SIM4
1
21
22
SIM5
SIM1
SIM2
SIM3
SIM4
1
21
22
SIM5
SIM1
SIM2
SIM3
SIM4
1
21
22
SIM5
SIM1
SIM2
SIM3
SIM4
1
21
22
SIM5
SIM1
SIM2
SIM3
SIM4
1
21
22
SIM5
SIM1
SIM2
SIM3
SIM4
1
21
22
SIM5
SIM1
SIM2
SIM3
SIM4
1
21
22
SIM5
SIM1
SIM2
SIM3
SIM4
1
21
22
SIM5
SIM1
SIM2
SIM3
SIM4
1
21
22
SIM5
SIM1
SIM2
SIM3
SIM4
1
21
22
SIM5
SIM1
SIM2
SIM3
SIM4
1
21
22
SIM5
SIM1
SIM2
SIM3
SIM4
1
21
22
SIM5
SIM1
SIM2
SIM3
SIM4
1
21
22
SIM5
SIM1
SIM2
SIM3
SIM4
1
21
22
SIM5
SIM1
SIM2
SIM3
SIM4
1
21
22
SIM5
SIM1
SIM2
SIM3
SIM4
1
21
22
SIM5
SIM1
SIM2
SIM3
SIM4
1
21
22
SIM5
SIM1
SIM2
SIM3
SIM4
1
21
22
SIM5
SIM1
SIM2
SIM3
SIM4
1
21
22
SIM5
SIM1
SIM2
SIM3
SIM4
1
21
22
SIM5
SIM1
SIM2
SIM3
SIM4
1
21
22
SIM5
SIM1
SIM2
SIM3
SIM4
1
21
22
SIM5
SIM1
SIM2
SIM3
SIM4
1
21
22
SIM5
SIM1
SIM2
SIM3
SIM4
1
21
22
SIM5
SIM1
SIM2
SIM3
SIM4
1
21
22
SIM5
SIM1
SIM2
SIM3
SIM4
1
21
22
SIM5
SIM1
SIM2
SIM3
SIM4
1
21
22
SIM5
SIM1
SIM2
SIM3
SIM4
1
21
22
SIM5
SIM1
SIM2
SIM3
SIM4
1
21
22
SIM5
SIM1
SIM2
SIM3
SIM4
1
21
22
SIM5
SIM1
SIM2
SIM3
SIM4
1
21
22
SIM5
SIM1
SIM2
SIM3
SIM4
1
21
22
SIM5
SIM1
SIM2
SIM3
SIM4
1
21
22
SIM5
SIM1
SIM2
SIM3
SIM4
1
21
22
SIM5
SIM1
SIM2
SIM3
SIM4
1
21
22
SIM5
SIM1
SIM2
SIM3
SIM4
1
21
22
SIM5
SIM1
SIM2
SIM3
SIM4
1
21
22
SIM5
SIM1
SIM2
SIM3
SIM4
1
21
22
SIM5
SIM1
SIM2
SIM3
SIM4
1
21
22
SIM5
SIM1
SIM2
SIM3
SIM4
1
21
22
SIM5
SIM1
SIM2
SIM3
SIM4
1
21
22
SIM5
SIM1
SIM2
SIM3
SIM4
1
21
22
SIM5
SIM1
SIM2
SIM3
SIM4
1
21
22
SIM5
SIM1
SIM2
SIM3
SIM4
1
21
22
SIM5
SIM1
SIM2
SIM3
SIM4
1
21
22
SIM5
SIM1
SIM2
SIM3
SIM4
1
21
22
SIM5
SIM1
SIM2
SIM3
SIM4
1
21
22
SIM5
SIM1
SIM2
SIM3
SIM4
1
21
22
SIM5
SIM1
SIM2
SIM3
SIM4
1
21
22
SIM5
SIM1
SIM2
SIM3
SIM4
1
21
22
SIM5
SIM1
SIM2
SIM3
SIM4
1
21
22
SIM5
SIM1
SIM2
SIM3
SIM4
1
21
22
SIM5
SIM1
SIM2
SIM3
SIM4
1
21
22
SIM5
SIM1
SIM2
SIM3
SIM4
1
21
22
SIM5
SIM1
SIM2
SIM3
SIM4
1
21
22
SIM5
SIM1
SIM2
SIM3
SIM4
1
21
22
SIM5
SIM1
SIM2
SIM3
SIM4
1
21
22
SIM5
SIM1
SIM2
SIM3
SIM4
1
21
22
SIM5
SIM1
SIM2
SIM3
SIM4
1
21
22
SIM5
SIM1
SIM2
SIM3
SIM4
1
21
22
SIM5
SIM1
SIM2
SIM3
SIM4
1
21
22
SIM5
SIM1
SIM2
SIM3
SIM4
1
21
22
SIM5
SIM1
SIM2
SIM3
SIM4
1
21
22
SIM5
SIM1
SIM2
SIM3
SIM4
1
21
22
SIM5
SIM1
SIM2
SIM3
SIM4
1
21
22
SIM5
SIM1
SIM2
SIM3
SIM4
1
21
22
SIM5
SIM1
SIM2
SIM3
SIM4
1
21
22
SIM5
SIM1
SIM2
SIM3
SIM4
1
21
22
SIM5
SIM1
SIM2
SIM3
SIM4
1
21
22
SIM5
SIM1
SIM2
SIM3
SIM4
1
21
22
SIM5
SIM1
SIM2
SIM3
SIM4
1
21
22
SIM5
SIM1
SIM2
SIM3
SIM4
1
21
22
SIM5
SIM1
SIM2
SIM3
SIM4
1
21
22
SIM5
SIM1
SIM2
SIM3
SIM4
1
21
22
SIM5
SIM1
SIM2
SIM3
SIM4
1
21
22
SIM5
SIM1
SIM2
SIM3
SIM4
1
21
22
SIM5
SIM1
SIM2
SIM3
SIM4
1
21
22
SIM5
SIM1
SIM2
SIM3
SIM4
1
21
22
SIM5
SIM1
SIM2
SIM3
SIM4
1
21
22
SIM5
SIM1
SIM2
SIM3
SIM4
1
21
22
SIM5
SIM1
SIM2
SIM3
SIM4
1
21
22
SIM5
SIM1
SIM2
SIM3
SIM4
1
21
22
SIM5
SIM1
SIM2
SIM3
SIM4
1
21
22
SIM5
SIM1
SIM2
SIM3
SIM4
1
21
22
SIM5
SIM1
SIM2
DEBUG 1 575
SIM1
SIM2
SIM3
SIM4
1
21
22
SIM5
SIM1
SIM2
SIM3
SIM4
1
21
22
SIM5
SIM1
SIM2
SIM3
SIM4
1
21
22
SIM5
SIM1
SIM2
SIM3
SIM4
1
21
22
SIM5
SIM1
SIM2
SIM3
SIM4
1
21
22
SIM5
SIM1
SIM2
SIM3
SIM4
1
21
22
SIM5
SIM1
SIM2
SIM3
SIM4
1
21
22
SIM5
SIM1
SIM2
SIM3
SIM4
1
21
22
SIM5
SIM1
SIM2
SIM3
SIM4
1
21
22
SIM5
SIM1
SIM2
SIM3
SIM4
1
21
22
SIM5
SIM1
SIM2
SIM3
SIM4
1
21
22
SIM5
SIM1
SIM2
SIM3
SIM4
1
21
22
SIM5
SIM1
SIM2
SIM3
SIM4
1
21
22
SIM5
SIM1
SIM2
SIM3
SIM4
1
21
22
SIM5
SIM1
SIM2
SIM3
SIM4
1
21
22
SIM5
SIM1
SIM2
SIM3
SIM4
1
21
22
SIM5
SIM1
SIM2
SIM3
SIM4
1
21
22
SIM5
SIM1
SIM2
SIM3
SIM4
1
21
22
SIM5
SIM1
SIM2
SIM3
SIM4
1
21
22
SIM5
SIM1
SIM2
SIM3
SIM4
1
21
22
SIM5
SIM1
SIM2
SIM3
SIM4
1
21
22
SIM5
SIM1
SIM2
SIM3
SIM4
1
21
22
SIM5
SIM1
SIM2
SIM3
SIM4
1
21
22
SIM5
SIM1
SIM2
SIM3
SIM4
1
21
22
SIM5
SIM1
SIM2
SIM3
SIM4
1
21
22
SIM5
SIM1
SIM2
SIM3
SIM4
1
21
22
SIM5
SIM1
SIM2
SIM3
SIM4
1
21
22
SIM5
SIM1
SIM2
SIM3
SIM4
1
21
22
SIM5
SIM1
SIM2
SIM3
SIM4
1
21
22
SIM5
SIM1
SIM2
SIM3
SIM4
1
21
22
SIM5
SIM1
SIM2
SIM3
SIM4
1
21
22
SIM5
SIM1
SIM2
SIM3
SIM4
1
21
22
SIM5
SIM1
SIM2
SIM3
SIM4
1
21
22
SIM5
SIM1
SIM2
SIM3
SIM4
1
21
22
SIM5
SIM1
SIM2
SIM3
SIM4
1
21
22
SIM5
SIM1
SIM2
SIM3
SIM4
1
21
22
SIM5
SIM1
SIM2
SIM3
SIM4
1
21
22
SIM5
SIM1
SIM2
SIM3
SIM4
1
21
22
SIM5
SIM1
SIM2
SIM3
SIM4
1
21
22
SIM5
SIM1
SIM2
SIM3
SIM4
1
21
22
SIM5
SIM1
SIM2
SIM3
SIM4
1
21
22
SIM5
SIM1
SIM2
SIM3
SIM4
1
21
22
SIM5
SIM1
SIM2
SIM3
SIM4
1
21
22
SIM5
SIM1
SIM2
SIM3
SIM4
1
21
22
SIM5
SIM1
SIM2
SIM3
SIM4
1
21
22
SIM5
SIM1
SIM2
SIM3
SIM4
1
21
22
SIM5
SIM1
SIM2
SIM3
SIM4
1
21
22
SIM5
SIM1
SIM2
SIM3
SIM4
1
21
22
SIM5
SIM1
SIM2
SIM3
SIM4
1
21
22
SIM5
SIM1
SIM2
SIM3
SIM4
1
21
22
SIM5
SIM1
SIM2
SIM3
SIM4
1
21
22
SIM5
SIM1
SIM2
SIM3
SIM4
1
21
22
SIM5
SIM1
SIM2
SIM3
SIM4
1
21
22
SIM5
SIM1
SIM2
SIM3
SIM4
1
21
22
SIM5
SIM1
SIM2
SIM3
SIM4
1
21
22
SIM5
SIM1
SIM2
SIM3
SIM4
1
21
22
SIM5
SIM1
SIM2
SIM3
SIM4
1
21
22
SIM5
SIM1
SIM2
SIM3
SIM4
1
21
22
SIM5
SIM1
SIM2
SIM3
SIM4
1
21
22
SIM5
SIM1
SIM2
SIM3
SIM4
1
21
22
SIM5
SIM1
SIM2
SIM3
SIM4
1
21
22
SIM5
SIM1
SIM2
SIM3
SIM4
1
21
22
SIM5
SIM1
SIM2
SIM3
SIM4
1
21
22
SIM5
SIM1
SIM2
SIM3
SIM4
1
21
22
SIM5
SIM1
SIM2
SIM3
SIM4
1
21
22
SIM5
SIM1
SIM2
SIM3
SIM4
1
21
22
SIM5
SIM1
SIM2
SIM3
SIM4
1
21
22
SIM5
SIM1
SIM2
SIM3
SIM4
1
21
22
SIM5
SIM1
SIM2
SIM3
SIM4
1
21
22
SIM5
SIM1
SIM2
SIM3
SIM4
1
21
22
SIM5
SIM1
SIM2
SIM3
SIM4
1
21
22
SIM5
SIM1
SIM2
SIM3
SIM4
1
21
22
SIM5
SIM1
SIM2
SIM3
SIM4
1
21
22
SIM5
SIM1
SIM2
SIM3
SIM4
1
21
22
SIM5
SIM1
SIM2
SIM3
SIM4
1
21
22
SIM5
SIM1
SIM2
SIM3
SIM4
1
21
22
SIM5
SIM1
SIM2
SIM3
SIM4
1
21
22
SIM5
SIM1
SIM2
DEBUG 1 576
SIM1
SIM2
SIM3
SIM4
1
21
22
SIM5
SIM1
SIM2
SIM3
SIM4
1
21
22
SIM5
SIM1
SIM2
SIM3
SIM4
1
21
22
SIM5
SIM1
SIM2
SIM3
SIM4
1
21
22
SIM5
SIM1
SIM2
SIM3
SIM4
1
21
22
SIM5
SIM1
SIM2
SIM3
SIM4
1
21
22
SIM5
SIM1
SIM2
SIM3
SIM4
1
21
22
SIM5
SIM1
SIM2
SIM3
SIM4
1
21
22
SIM5
SIM1
SIM2
SIM3
SIM4
1
21
22
SIM5
SIM1
SIM2
SIM3
SIM4
1
21
22
SIM5
SIM1
SIM2
SIM3
SIM4
1
21
22
SIM5
SIM1
SIM2
SIM3
SIM4
1
21
22
SIM5
SIM1
SIM2
SIM3
SIM4
1
21
22
SIM5
SIM1
SIM2
SIM3
SIM4
1
21
22
SIM5
SIM1
SIM2
SIM3
SIM4
1
21
22
SIM5
SIM1
SIM2
SIM3
SIM4
1
21
22
SIM5
SIM1
SIM2
SIM3
SIM4
1
21
22
SIM5
SIM1
SIM2
SIM3
SIM4
1
21
22
SIM5
SIM1
SIM2
SIM3
SIM4
1
21
22
SIM5
SIM1
SIM2
SIM3
SIM4
1
21
22
SIM5
SIM1
SIM2
SIM3
SIM4
1
21
22
SIM5
SIM1
SIM2
SIM3
SIM4
1
21
22
SIM5
SIM1
SIM2
SIM3
SIM4
1
21
22
SIM5
SIM1
SIM2
SIM3
SIM4
1
21
22
SIM5
SIM1
SIM2
SIM3
SIM4
1
21
22
SIM5
SIM1
SIM2
SIM3
SIM4
1
21
22
SIM5
SIM1
SIM2
SIM3
SIM4
1
21
22
SIM5
SIM1
SIM2
SIM3
SIM4
1
21
22
SIM5
SIM1
SIM2
SIM3
SIM4
1
21
22
SIM5
SIM1
SIM2
SIM3
SIM4
1
21
22
SIM5
SIM1
SIM2
SIM3
SIM4
1
21
22
SIM5
SIM1
SIM2
SIM3
SIM4
1
21
22
SIM5
SIM1
SIM2
SIM3
SIM4
1
21
22
SIM5
SIM1
SIM2
SIM3
SIM4
1
21
22
SIM5
SIM1
SIM2
SIM3
SIM4
1
21
22
SIM5
SIM1
SIM2
SIM3
SIM4
1
21
22
SIM5
SIM1
SIM2
SIM3
SIM4
1
21
22
SIM5
SIM1
SIM2
SIM3
SIM4
1
21
22
SIM5
SIM1
SIM2
SIM3
SIM4
1
21
22
SIM5
SIM1
SIM2
SIM3
SIM4
1
21
22
SIM5
SIM1
SIM2
SIM3
SIM4
1
21
22
SIM5
SIM1
SIM2
SIM3
SIM4
1
21
22
SIM5
SIM1
SIM2
SIM3
SIM4
1
21
22
SIM5
SIM1
SIM2
SIM3
SIM4
1
21
22
SIM5
SIM1
SIM2
SIM3
SIM4
1
21
22
SIM5
SIM1
SIM2
SIM3
SIM4
1
21
22
SIM5
SIM1
SIM2
SIM3
SIM4
1
21
22
SIM5
SIM1
SIM2
SIM3
SIM4
1
21
22
SIM5
SIM1
SIM2
SIM3
SIM4
1
21
22
SIM5
SIM1
SIM2
SIM3
SIM4
1
21
22
SIM5
SIM1
SIM2
SIM3
SIM4
1
21
22
SIM5
SIM1
SIM2
SIM3
SIM4
1
21
22
SIM5
SIM1
SIM2
SIM3
SIM4
1
21
22
SIM5
SIM1
SIM2
SIM3
SIM4
1
21
22
SIM5
SIM1
SIM2
SIM3
SIM4
1
21
22
SIM5
SIM1
SIM2
SIM3
SIM4
1
21
22
SIM5
SIM1
SIM2
SIM3
SIM4
1
21
22
SIM5
SIM1
SIM2
SIM3
SIM4
1
21
22
SIM5
SIM1
SIM2
SIM3
SIM4
1
21
22
SIM5
SIM1
SIM2
SIM3
SIM4
1
21
22
SIM5
SIM1
SIM2
SIM3
SIM4
1
21
22
SIM5
SIM1
SIM2
SIM3
SIM4
1
21
22
SIM5
SIM1
SIM2
SIM3
SIM4
1
21
22
SIM5
SIM1
SIM2
SIM3
SIM4
1
21
22
SIM5
SIM1
SIM2
SIM3
SIM4
1
21
22
SIM5
SIM1
SIM2
SIM3
SIM4
1
21
22
SIM5
SIM1
SIM2
SIM3
SIM4
1
21
22
SIM5
SIM1
SIM2
SIM3
SIM4
1
21
22
SIM5
SIM1
SIM2
SIM3
SIM4
1
21
22
SIM5
SIM1
SIM2
SIM3
SIM4
1
21
22
SIM5
SIM1
SIM2
SIM3
SIM4
1
21
22
SIM5
SIM1
SIM2
SIM3
SIM4
1
21
22
SIM5
SIM1
SIM2
SIM3
SIM4
1
21
22
SIM5
SIM1
SIM2
SIM3
SIM4
1
21
22
SIM5
SIM1
SIM2
SIM3
SIM4
1
21
22
SIM5
SIM1
SIM2
SIM3
SIM4
1
21
22
SIM5
SIM1
SIM2
SIM3
SIM4
1
21
22
SIM5
SIM1
SIM2
SIM3
SIM4
1
21
22
SIM5
SIM1
SIM2
SIM3
SIM4
1
21
22
SIM5
SIM1
SIM2
SIM3
SIM4
1
21
22
SIM5
SIM1
SIM2
SIM3
SIM4
1
21
22
SIM5
SIM1
SIM2
SIM3
SIM4
1
21
22
SIM5
SIM1
SIM2
SIM3
SIM4
1
21
22
SIM5
SIM1
SIM2
SIM3
SIM4
1
21
22
SIM5
SIM1
SIM2
SIM3
SIM4
1
21
22
SIM5
SIM1
SIM2
SIM3
SIM4
1
21
22
SIM5
SIM1
SIM2
SIM3
SIM4
1
21
22
SIM5
SIM1
SIM2
SIM3
SIM4
1
21
22
SIM5
SIM1
SIM2
SIM3
SIM4
1
21
22
SIM5
SIM1
SIM2
SIM3
SIM4
1
21
22
SIM5
SIM1
SIM2
SIM3
SIM4
1
21
22
SIM5
SIM1
SIM2
SIM3
SIM4
1
21
22
SIM5
SIM1
SIM2
SIM3
SIM4
1
21
22
SIM5
SIM1
SIM2
SIM3
SIM4
1
21
22
SIM5
SIM1
SIM2
SIM3
SIM4
1
21
22
SIM5
SIM1
SIM2
SIM3
SIM4
1
21
22
SIM5
SIM1
SIM2
SIM3
SIM4
1
21
22
SIM5
SIM1
SIM2
SIM3
SIM4
1
21
22
SIM5
SIM1
SIM2
SIM3
SIM4
1
21
22
SIM5
SIM1
SIM2
SIM3
SIM4
1
21
22
SIM5
SIM1
SIM2
SIM3
SIM4
1
21
22
SIM5
SIM1
SIM2
SIM3
SIM4
1
21
22
SIM5
SIM1
SIM2
SIM3
SIM4
1
21
22
SIM5
SIM1
SIM2
SIM3
SIM4
1
21
22
SIM5
SIM1
SIM2
SIM3
SIM4
1
21
22
SIM5
SIM1
SIM2
SIM3
SIM4
1
21
22
SIM5
SIM1
SIM2
SIM3
SIM4
1
21
22
SIM5
SIM1
SIM2
SIM3
SIM4
1
21
22
SIM5
SIM1
SIM2
SIM3
SIM4
1
21
22
SIM5
SIM1
SIM2
SIM3
SIM4
1
21
22
SIM5
SIM1
SIM2
SIM3
SIM4
1
21
22
SIM5
SIM1
SIM2
SIM3
SIM4
1
21
22
SIM5
SIM1
SIM2
SIM3
SIM4
1
21
22
SIM5
SIM1
SIM2
SIM3
SIM4
1
21
22
SIM5
SIM1
SIM2
SIM3
SIM4
1
21
22
SIM5
SIM1
SIM2
SIM3
SIM4
1
21
22
SIM5
SIM1
SIM2
SIM3
SIM4
1
21
22
SIM5
SIM1
SIM2
SIM3
SIM4
1
21
22
SIM5
SIM1
SIM2
SIM3
SIM4
1
21
22
SIM5
SIM1
SIM2
SIM3
SIM4
1
21
22
SIM5
SIM1
SIM2
SIM3
SIM4
1
21
22
SIM5
SIM1
SIM2
SIM3
SIM4
1
21
22
SIM5
SIM1
SIM2
SIM3
SIM4
1
21
22
SIM5
SIM1
SIM2
SIM3
SIM4
1
21
22
SIM5
SIM1
SIM2
SIM3
SIM4
1
21
22
SIM5
SIM1
SIM2
SIM3
SIM4
1
21
22
SIM5
SIM1
SIM2
SIM3
SIM4
1
21
22
SIM5
SIM1
SIM2
SIM3
SIM4
1
21
22
SIM5
SIM1
SIM2
SIM3
SIM4
1
21
22
SIM5
SIM1
SIM2
SIM3
SIM4
1
21
22
SIM5
SIM1
SIM2
SIM3
SIM4
1
21
22
SIM5
SIM1
SIM2
SIM3
SIM4
1
21
22
SIM5
SIM1
SIM2
SIM3
SIM4
1
21
22
SIM5
SIM1
SIM2
SIM3
SIM4
1
21
22
SIM5
SIM1
SIM2
SIM3
SIM4
1
21
22
SIM5
SIM1
SIM2
SIM3
SIM4
1
21
22
SIM5
SIM1
SIM2
SIM3
SIM4
1
21
22
SIM5
SIM1
SIM2
SIM3
SIM4
1
21
22
SIM5
SIM1
SIM2
SIM3
SIM4
1
21
22
SIM5
SIM1
SIM2
SIM3
SIM4
1
21
22
SIM5
SIM1
SIM2
SIM3
SIM4
1
21
22
SIM5
SIM1
SIM2
SIM3
SIM4
1
21
22
SIM5
SIM1
SIM2
SIM3
SIM4
1
21
22
SIM5
SIM1
SIM2
SIM3
SIM4
1
21
22
SIM5
SIM1
SIM2
SIM3
SIM4
1
21
22
SIM5
SIM1
SIM2
SIM3
SIM4
1
21
22
SIM5
SIM1
SIM2
SIM3
SIM4
1
21
22
SIM5
SIM1
SIM2
SIM3
SIM4
1
21
22
SIM5
SIM1
SIM2
SIM3
SIM4
1
21
22
SIM5
SIM1
SIM2
SIM3
SIM4
1
21
22
SIM5
SIM1
SIM2
SIM3
SIM4
1
21
22
SIM5
SIM1
SIM2
SIM3
SIM4
1
21
22
SIM5
SIM1
SIM2
SIM3
SIM4
1
21
22
SIM5
SIM1
SIM2
SIM3
SIM4
1
21
22
SIM5
SIM1
SIM2
SIM3
SIM4
1
21
22
SIM5
SIM1
SIM2
SIM3
SIM4
1
21
22
SIM5
SIM1
SIM2
SIM3
SIM4
1
21
22
SIM5
SIM1
SIM2
SIM3
SIM4
1
21
22
SIM5
SIM1
SIM2
SIM3
SIM4
1
21
22
SIM5
SIM1
SIM2
SIM3
SIM4
1
21
22
SIM5
SIM1
SIM2
SIM3
SIM4
1
21
22
SIM5
SIM1
SIM2
SIM3
SIM4
1
21
22
SIM5
SIM1
SIM2
SIM3
SIM4
1
21
22
SIM5
SIM1
SIM2
SIM3
SIM4
1
21
22
SIM5
SIM1
SIM2
SIM3
SIM4
1
21
22
SIM5
SIM1
SIM2
SIM3
SIM4
1
21
22
SIM5
SIM1
SIM2
SIM3
SIM4
1
21
22
SIM5
SIM1
SIM2
SIM3
SIM4
1
21
22
SIM5
SIM1
SIM2
SIM3
SIM4
1
21
22
SIM5
SIM1
SIM2
SIM3
SIM4
1
21
22
SIM5
SIM1
SIM2
SIM3
SIM4
1
21
22
SIM5
SIM1
SIM2
SIM3
SIM4
1
21
22
SIM5
SIM1
SIM2
SIM3
SIM4
1
21
22
SIM5
SIM1
SIM2
SIM3
SIM4
1
21
22
SIM5
SIM1
SIM2
SIM3
SIM4
1
21
22
SIM5
SIM1
SIM2
SIM3
SIM4
1
21
22
SIM5
SIM1
SIM2
SIM3
SIM4
1
21
22
SIM5
SIM1
SIM2
SIM3
SIM4
1
21
22
SIM5
SIM1
SIM2
SIM3
SIM4
1
21
22
SIM5
SIM1
SIM2
SIM3
SIM4
1
21
22
SIM5
SIM1
SIM2
SIM3
SIM4
1
21
22
SIM5
SIM1
SIM2
SIM3
SIM4
1
21
22
SIM5
SIM1
SIM2
SIM3
SIM4
1
21
22
SIM5
SIM1
SIM2
SIM3
SIM4
1
21
22
SIM5
SIM1
SIM2
SIM3
SIM4
1
21
22
SIM5
SIM1
SIM2
SIM3
SIM4
1
21
22
SIM5
SIM1
SIM2
SIM3
SIM4
1
21
22
SIM5
SIM1
SIM2
SIM3
SIM4
1
21
22
SIM5
SIM1
SIM2
SIM3
SIM4
1
21
22
SIM5
SIM1
SIM2
SIM3
SIM4
1
21
22
SIM5
SIM1
SIM2
SIM3
SIM4
1
21
22
SIM5
SIM1
SIM2
SIM3
SIM4
1
21
22
SIM5
SIM1
SIM2
SIM3
SIM4
1
21
22
SIM5
SIM1
SIM2
SIM3
SIM4
1
21
22
SIM5
SIM1
SIM2
SIM3
SIM4
1
21
22
SIM5
SIM1
SIM2
SIM3
SIM4
1
21
22
SIM5
SIM1
SIM2
SIM3
SIM4
1
21
22
SIM5
SIM1
SIM2
SIM3
SIM4
1
21
22
SIM5
SIM1
SIM2
SIM3
SIM4
1
21
22
SIM5
SIM1
SIM2
SIM3
SIM4
1
21
22
SIM5
SIM1
SIM2
SIM3
SIM4
1
21
22
SIM5
SIM1
SIM2
SIM3
SIM4
1
21
22
SIM5
SIM1
SIM2
SIM3
SIM4
1
21
22
SIM5
SIM1
SIM2
SIM3
SIM4
1
21
22
SIM5
SIM1
SIM2
SIM3
SIM4
1
21
22
SIM5
SIM1
SIM2
SIM3
SIM4
1
21
22
SIM5
SIM1
SIM2
SIM3
SIM4
1
21
22
SIM5
SIM1
SIM2
SIM3
SIM4
1
21
22
SIM5
SIM1
SIM2
SIM3
SIM4
1
21
22
SIM5
SIM1
SIM2
SIM3
SIM4
1
21
22
SIM5
SIM1
SIM2
SIM3
SIM4
1
21
22
SIM5
SIM1
SIM2
SIM3
SIM4
1
21
22
SIM5
SIM1
SIM2
SIM3
SIM4
1
21
22
SIM5
SIM1
SIM2
SIM3
SIM4
1
21
22
SIM5
SIM1
SIM2
SIM3
SIM4
1
21
22
SIM5
SIM1
SIM2
SIM3
SIM4
1
21
22
SIM5
SIM1
SIM2
SIM3
SIM4
1
21
22
SIM5
SIM1
SIM2
SIM3
SIM4
1
21
22
SIM5
SIM1
SIM2
SIM3
SIM4
1
21
22
SIM5
SIM1
SIM2
SIM3
SIM4
1
21
22
SIM5
SIM1
SIM2
SIM3
SIM4
1
21
22
SIM5
SIM1
SIM2
SIM3
SIM4
1
21
22
SIM5
SIM1
SIM2
SIM3
SIM4
1
21
22
SIM5
SIM1
SIM2
SIM3
SIM4
1
21
22
SIM5
SIM1
SIM2
SIM3
SIM4
1
21
22
SIM5
SIM1
SIM2
SIM3
SIM4
1
21
22
SIM5
SIM1
SIM2
DEBUG 1 577
SIM1
SIM2
SIM3
SIM4
1
21
22
SIM5
SIM1
SIM2
SIM3
SIM4
1
21
22
SIM5
SIM1
SIM2
SIM3
SIM4
1
21
22
SIM5
SIM1
SIM2
SIM3
SIM4
1
21
22
SIM5
SIM1
SIM2
SIM3
SIM4
1
21
22
SIM5
SIM1
SIM2
SIM3
SIM4
1
21
22
SIM5
SIM1
SIM2
SIM3
SIM4
1
21
22
SIM5
SIM1
SIM2
SIM3
SIM4
1
21
22
SIM5
SIM1
SIM2
SIM3
SIM4
1
21
22
SIM5
SIM1
SIM2
SIM3
SIM4
1
21
22
SIM5
SIM1
SIM2
SIM3
SIM4
1
21
22
SIM5
SIM1
SIM2
SIM3
SIM4
1
21
22
SIM5
SIM1
SIM2
SIM3
SIM4
1
21
22
SIM5
SIM1
SIM2
SIM3
SIM4
1
21
22
SIM5
SIM1
SIM2
SIM3
SIM4
1
21
22
SIM5
SIM1
SIM2
SIM3
SIM4
1
21
22
SIM5
SIM1
SIM2
SIM3
SIM4
1
21
22
SIM5
SIM1
SIM2
SIM3
SIM4
1
21
22
SIM5
SIM1
SIM2
SIM3
SIM4
1
21
22
SIM5
SIM1
SIM2
SIM3
SIM4
1
21
22
SIM5
SIM1
SIM2
SIM3
SIM4
1
21
22
SIM5
SIM1
SIM2
SIM3
SIM4
1
21
22
SIM5
SIM1
SIM2
SIM3
SIM4
1
21
22
SIM5
SIM1
SIM2
SIM3
SIM4
1
21
22
SIM5
SIM1
SIM2
SIM3
SIM4
1
21
22
SIM5
SIM1
SIM2
SIM3
SIM4
1
21
22
SIM5
SIM1
SIM2
SIM3
SIM4
1
21
22
SIM5
SIM1
SIM2
SIM3
SIM4
1
21
22
SIM5
SIM1
SIM2
SIM3
SIM4
1
21
22
SIM5
SIM1
SIM2
SIM3
SIM4
1
21
22
SIM5
SIM1
SIM2
SIM3
SIM4
1
21
22
SIM5
SIM1
SIM2
SIM3
SIM4
1
21
22
SIM5
SIM1
SIM2
SIM3
SIM4
1
21
22
SIM5
SIM1
SIM2
SIM3
SIM4
1
21
22
SIM5
SIM1
SIM2
SIM3
SIM4
1
21
22
SIM5
SIM1
SIM2
SIM3
SIM4
1
21
22
SIM5
SIM1
SIM2
SIM3
SIM4
1
21
22
SIM5
SIM1
SIM2
SIM3
SIM4
1
21
22
SIM5
SIM1
SIM2
SIM3
SIM4
1
21
22
SIM5
SIM1
SIM2
SIM3
SIM4
1
21
22
SIM5
SIM1
SIM2
SIM3
SIM4
1
21
22
SIM5
SIM1
SIM2
SIM3
SIM4
1
21
22
SIM5
SIM1
SIM2
SIM3
SIM4
1
21
22
SIM5
SIM1
SIM2
SIM3
SIM4
1
21
22
SIM5
SIM1
SIM2
SIM3
SIM4
1
21
22
SIM5
SIM1
SIM2
SIM3
SIM4
1
21
22
SIM5
SIM1
SIM2
SIM3
SIM4
1
21
22
SIM5
SIM1
SIM2
SIM3
SIM4
1
21
22
SIM5
SIM1
SIM2
SIM3
SIM4
1
21
22
SIM5
SIM1
SIM2
SIM3
SIM4
1
21
22
SIM5
SIM1
SIM2
SIM3
SIM4
1
21
22
SIM5
SIM1
SIM2
SIM3
SIM4
1
21
22
SIM5
SIM1
SIM2
SIM3
SIM4
1
21
22
SIM5
SIM1
SIM2
SIM3
SIM4
1
21
22
SIM5
SIM1
SIM2
SIM3
SIM4
1
21
22
SIM5
SIM1
SIM2
SIM3
SIM4
1
21
22
SIM5
SIM1
SIM2
SIM3
SIM4
1
21
22
SIM5
SIM1
SIM2
SIM3
SIM4
1
21
22
SIM5
SIM1
SIM2
SIM3
SIM4
1
21
22
SIM5
SIM1
SIM2
SIM3
SIM4
1
21
22
SIM5
SIM1
SIM2
SIM3
SIM4
1
21
22
SIM5
SIM1
SIM2
SIM3
SIM4
1
21
22
SIM5
SIM1
SIM2
SIM3
SIM4
1
21
22
SIM5
SIM1
SIM2
SIM3
SIM4
1
21
22
SIM5
SIM1
SIM2
SIM3
SIM4
1
21
22
SIM5
SIM1
SIM2
SIM3
SIM4
1
21
22
SIM5
SIM1
SIM2
SIM3
SIM4
1
21
22
SIM5
SIM1
SIM2
SIM3
SIM4
1
21
22
SIM5
SIM1
SIM2
SIM3
SIM4
1
21
22
SIM5
SIM1
SIM2
SIM3
SIM4
1
21
22
SIM5
SIM1
SIM2
SIM3
SIM4
1
21
22
SIM5
SIM1
SIM2
SIM3
SIM4
1
21
22
SIM5
SIM1
SIM2
SIM3
SIM4
1
21
22
SIM5
SIM1
SIM2
SIM3
SIM4
1
21
22
SIM5
SIM1
SIM2
SIM3
SIM4
1
21
22
SIM5
SIM1
SIM2
SIM3
SIM4
1
21
22
SIM5
SIM1
SIM2
SIM3
SIM4
1
21
22
SIM5
SIM1
SIM2
SIM3
SIM4
1
21
22
SIM5
SIM1
SIM2
SIM3
SIM4
1
21
22
SIM5
SIM1
SIM2
SIM3
SIM4
1
21
22
SIM5
SIM1
SIM2
SIM3
SIM4
1
21
22
SIM5
SIM1
SIM2
SIM3
SIM4
1
21
22
SIM5
SIM1
SIM2
SIM3
SIM4
1
21
22
SIM5
SIM1
SIM2
SIM3
SIM4
1
21
22
SIM5
SIM1
SIM2
SIM3
SIM4
1
21
22
SIM5
SIM1
SIM2
SIM3
SIM4
1
21
22
SIM5
SIM1
SIM2
SIM3
SIM4
1
21
22
SIM5
SIM1
SIM2
SIM3
SIM4
1
21
22
SIM5
SIM1
SIM2
SIM3
SIM4
1
21
22
SIM5
SIM1
SIM2
SIM3
SIM4
1
21
22
SIM5
SIM1
SIM2
SIM3
SIM4
1
21
22
SIM5
SIM1
SIM2
SIM3
SIM4
1
21
22
SIM5
SIM1
SIM2
SIM3
SIM4
1
21
22
SIM5
SIM1
SIM2
SIM3
SIM4
1
21
22
SIM5
SIM1
SIM2
SIM3
SIM4
1
21
22
SIM5
SIM1
SIM2
SIM3
SIM4
1
21
22
SIM5
SIM1
SIM2
SIM3
SIM4
1
21
22
SIM5
SIM1
SIM2
SIM3
SIM4
1
21
22
SIM5
SIM1
SIM2
SIM3
SIM4
1
21
22
SIM5
SIM1
SIM2
SIM3
SIM4
1
21
22
SIM5
SIM1
SIM2
SIM3
SIM4
1
21
22
SIM5
SIM1
SIM2
SIM3
SIM4
1
21
22
SIM5
SIM1
SIM2
SIM3
SIM4
1
21
22
SIM5
SIM1
SIM2
SIM3
SIM4
1
21
22
SIM5
SIM1
SIM2
SIM3
SIM4
1
21
22
SIM5
SIM1
SIM2
SIM3
SIM4
1
21
22
SIM5
SIM1
SIM2
SIM3
SIM4
1
21
22
SIM5
SIM1
SIM2
SIM3
SIM4
1
21
22
SIM5
SIM1
SIM2
SIM3
SIM4
1
21
22
SIM5
SIM1
SIM2
SIM3
SIM4
1
21
22
SIM5
SIM1
SIM2
SIM3
SIM4
1
21
22
SIM5
SIM1
SIM2
SIM3
SIM4
1
21
22
SIM5
SIM1
SIM2
SIM3
SIM4
1
21
22
SIM5
SIM1
SIM2
SIM3
SIM4
1
21
22
SIM5
SIM1
SIM2
SIM3
SIM4
1
21
22
SIM5
SIM1
SIM2
SIM3
SIM4
1
21
22
SIM5
SIM1
SIM2
SIM3
SIM4
1
21
22
SIM5
SIM1
SIM2
SIM3
SIM4
1
21
22
SIM5
SIM1
SIM2
SIM3
SIM4
1
21
22
SIM5
SIM1
SIM2
SIM3
SIM4
1
21
22
SIM5
SIM1
SIM2
SIM3
SIM4
1
21
22
SIM5
SIM1
SIM2
SIM3
SIM4
1
21
22
SIM5
SIM1
SIM2
SIM3
SIM4
1
21
22
SIM5
SIM1
SIM2
SIM3
SIM4
1
21
22
SIM5
SIM1
SIM2
SIM3
SIM4
1
21
22
SIM5
SIM1
SIM2
SIM3
SIM4
1
21
22
SIM5
SIM1
SIM2
SIM3
SIM4
1
21
22
SIM5
SIM1
SIM2
SIM3
SIM4
1
21
22
SIM5
SIM1
SIM2
SIM3
SIM4
1
21
22
SIM5
SIM1
SIM2
SIM3
SIM4
1
21
22
SIM5
SIM1
SIM2
SIM3
SIM4
1
21
22
SIM5
SIM1
SIM2
SIM3
SIM4
1
21
22
SIM5
SIM1
SIM2
SIM3
SIM4
1
21
22
SIM5
SIM1
SIM2
SIM3
SIM4
1
21
22
SIM5
SIM1
SIM2
SIM3
SIM4
1
21
22
SIM5
SIM1
SIM2
SIM3
SIM4
1
21
22
SIM5
SIM1
SIM2
SIM3
SIM4
1
21
22
SIM5
SIM1
SIM2
SIM3
SIM4
1
21
22
SIM5
SIM1
SIM2
SIM3
SIM4
1
21
22
SIM5
SIM1
SIM2
SIM3
SIM4
1
21
22
SIM5
SIM1
SIM2
SIM3
SIM4
1
21
22
SIM5
SIM1
SIM2
SIM3
SIM4
1
21
22
SIM5
SIM1
SIM2
SIM3
SIM4
1
21
22
SIM5
SIM1
SIM2
DEBUG 1 578
SIM1
SIM2
SIM3
SIM4
1
21
22
SIM5
SIM1
SIM2
SIM3
SIM4
1
21
22
SIM5
SIM1
SIM2
SIM3
SIM4
1
21
22
SIM5
SIM1
SIM2
SIM3
SIM4
1
21
22
SIM5
SIM1
SIM2
SIM3
SIM4
1
21
22
SIM5
SIM1
SIM2
SIM3
SIM4
1
21
22
SIM5
SIM1
SIM2
SIM3
SIM4
1
21
22
SIM5
SIM1
SIM2
SIM3
SIM4
1
21
22
SIM5
SIM1
SIM2
SIM3
SIM4
1
21
22
SIM5
SIM1
SIM2
SIM3
SIM4
1
21
22
SIM5
SIM1
SIM2
SIM3
SIM4
1
21
22
SIM5
SIM1
SIM2
SIM3
SIM4
1
21
22
SIM5
SIM1
SIM2
SIM3
SIM4
1
21
22
SIM5
SIM1
SIM2
SIM3
SIM4
1
21
22
SIM5
SIM1
SIM2
SIM3
SIM4
1
21
22
SIM5
SIM1
SIM2
SIM3
SIM4
1
21
22
SIM5
SIM1
SIM2
SIM3
SIM4
1
21
22
SIM5
SIM1
SIM2
SIM3
SIM4
1
21
22
SIM5
SIM1
SIM2
SIM3
SIM4
1
21
22
SIM5
SIM1
SIM2
SIM3
SIM4
1
21
22
SIM5
SIM1
SIM2
SIM3
SIM4
1
21
22
SIM5
SIM1
SIM2
SIM3
SIM4
1
21
22
SIM5
SIM1
SIM2
SIM3
SIM4
1
21
22
SIM5
SIM1
SIM2
SIM3
SIM4
1
21
22
SIM5
SIM1
SIM2
SIM3
SIM4
1
21
22
SIM5
SIM1
SIM2
SIM3
SIM4
1
21
22
SIM5
SIM1
SIM2
SIM3
SIM4
1
21
22
SIM5
SIM1
SIM2
SIM3
SIM4
1
21
22
SIM5
SIM1
SIM2
SIM3
SIM4
1
21
22
SIM5
SIM1
SIM2
SIM3
SIM4
1
21
22
SIM5
SIM1
SIM2
SIM3
SIM4
1
21
22
SIM5
SIM1
SIM2
SIM3
SIM4
1
21
22
SIM5
SIM1
SIM2
SIM3
SIM4
1
21
22
SIM5
SIM1
SIM2
SIM3
SIM4
1
21
22
SIM5
SIM1
SIM2
SIM3
SIM4
1
21
22
SIM5
SIM1
SIM2
SIM3
SIM4
1
21
22
SIM5
SIM1
SIM2
SIM3
SIM4
1
21
22
SIM5
SIM1
SIM2
SIM3
SIM4
1
21
22
SIM5
SIM1
SIM2
SIM3
SIM4
1
21
22
SIM5
SIM1
SIM2
SIM3
SIM4
1
21
22
SIM5
SIM1
SIM2
SIM3
SIM4
1
21
22
SIM5
SIM1
SIM2
SIM3
SIM4
1
21
22
SIM5
SIM1
SIM2
SIM3
SIM4
1
21
22
SIM5
SIM1
SIM2
SIM3
SIM4
1
21
22
SIM5
SIM1
SIM2
SIM3
SIM4
1
21
22
SIM5
SIM1
SIM2
SIM3
SIM4
1
21
22
SIM5
SIM1
SIM2
SIM3
SIM4
1
21
22
SIM5
SIM1
SIM2
SIM3
SIM4
1
21
22
SIM5
SIM1
SIM2
SIM3
SIM4
1
21
22
SIM5
SIM1
SIM2
SIM3
SIM4
1
21
22
SIM5
SIM1
SIM2
SIM3
SIM4
1
21
22
SIM5
SIM1
SIM2
SIM3
SIM4
1
21
22
SIM5
SIM1
SIM2
SIM3
SIM4
1
21
22
SIM5
SIM1
SIM2
SIM3
SIM4
1
21
22
SIM5
SIM1
SIM2
SIM3
SIM4
1
21
22
SIM5
SIM1
SIM2
SIM3
SIM4
1
21
22
SIM5
SIM1
SIM2
SIM3
SIM4
1
21
22
SIM5
SIM1
SIM2
SIM3
SIM4
1
21
22
SIM5
SIM1
SIM2
SIM3
SIM4
1
21
22
SIM5
SIM1
SIM2
SIM3
SIM4
1
21
22
SIM5
SIM1
SIM2
SIM3
SIM4
1
21
22
SIM5
SIM1
SIM2
SIM3
SIM4
1
21
22
SIM5
SIM1
SIM2
SIM3
SIM4
1
21
22
SIM5
SIM1
SIM2
SIM3
SIM4
1
21
22
SIM5
SIM1
SIM2
SIM3
SIM4
1
21
22
SIM5
SIM1
SIM2
SIM3
SIM4
1
21
22
SIM5
SIM1
SIM2
SIM3
SIM4
1
21
22
SIM5
SIM1
SIM2
SIM3
SIM4
1
21
22
SIM5
SIM1
SIM2
SIM3
SIM4
1
21
22
SIM5
SIM1
SIM2
SIM3
SIM4
1
21
22
SIM5
SIM1
SIM2
SIM3
SIM4
1
21
22
SIM5
SIM1
SIM2
SIM3
SIM4
1
21
22
SIM5
SIM1
SIM2
SIM3
SIM4
1
21
22
SIM5
SIM1
SIM2
SIM3
SIM4
1
21
22
SIM5
SIM1
SIM2
SIM3
SIM4
1
21
22
SIM5
SIM1
SIM2
SIM3
SIM4
1
21
22
SIM5
SIM1
SIM2
SIM3
SIM4
1
21
22
SIM5
SIM1
SIM2
SIM3
SIM4
1
21
22
SIM5
SIM1
SIM2
SIM3
SIM4
1
21
22
SIM5
SIM1
SIM2
SIM3
SIM4
1
21
22
SIM5
SIM1
SIM2
SIM3
SIM4
1
21
22
SIM5
SIM1
SIM2
SIM3
SIM4
1
21
22
SIM5
SIM1
SIM2
SIM3
SIM4
1
21
22
SIM5
SIM1
SIM2
SIM3
SIM4
1
21
22
SIM5
SIM1
SIM2
SIM3
SIM4
1
21
22
SIM5
SIM1
SIM2
SIM3
SIM4
1
21
22
SIM5
SIM1
SIM2
SIM3
SIM4
1
21
22
SIM5
SIM1
SIM2
SIM3
SIM4
1
21
22
SIM5
SIM1
SIM2
SIM3
SIM4
1
21
22
SIM5
SIM1
SIM2
SIM3
SIM4
1
21
22
SIM5
SIM1
SIM2
SIM3
SIM4
1
21
22
SIM5
SIM1
SIM2
SIM3
SIM4
1
21
22
SIM5
SIM1
SIM2
SIM3
SIM4
1
21
22
SIM5
SIM1
SIM2
SIM3
SIM4
1
21
22
SIM5
SIM1
SIM2
SIM3
SIM4
1
21
22
SIM5
SIM1
SIM2
SIM3
SIM4
1
21
22
SIM5
SIM1
SIM2
SIM3
SIM4
1
21
22
SIM5
SIM1
SIM2
SIM3
SIM4
1
21
22
SIM5
SIM1
SIM2
SIM3
SIM4
1
21
22
SIM5
SIM1
SIM2
SIM3
SIM4
1
21
22
SIM5
SIM1
SIM2
SIM3
SIM4
1
21
22
SIM5
SIM1
SIM2
SIM3
SIM4
1
21
22
SIM5
SIM1
SIM2
SIM3
SIM4
1
21
22
SIM5
SIM1
SIM2
SIM3
SIM4
1
21
22
SIM5
SIM1
SIM2
SIM3
SIM4
1
21
22
SIM5
SIM1
SIM2
SIM3
SIM4
1
21
22
SIM5
SIM1
SIM2
SIM3
SIM4
1
21
22
SIM5
SIM1
SIM2
SIM3
SIM4
1
21
22
SIM5
SIM1
SIM2
SIM3
SIM4
1
21
22
SIM5
SIM1
SIM2
SIM3
SIM4
1
21
22
SIM5
SIM1
SIM2
SIM3
SIM4
1
21
22
SIM5
SIM1
SIM2
SIM3
SIM4
1
21
22
SIM5
SIM1
SIM2
SIM3
SIM4
1
21
22
SIM5
SIM1
SIM2
SIM3
SIM4
1
21
22
SIM5
SIM1
SIM2
SIM3
SIM4
1
21
22
SIM5
SIM1
SIM2
SIM3
SIM4
1
21
22
SIM5
SIM1
SIM2
SIM3
SIM4
1
21
22
SIM5
SIM1
SIM2
SIM3
SIM4
1
21
22
SIM5
SIM1
SIM2
SIM3
SIM4
1
21
22
SIM5
SIM1
SIM2
SIM3
SIM4
1
21
22
SIM5
SIM1
SIM2
SIM3
SIM4
1
21
22
SIM5
SIM1
SIM2
SIM3
SIM4
1
21
22
SIM5
SIM1
SIM2
SIM3
SIM4
1
21
22
SIM5
SIM1
SIM2
SIM3
SIM4
1
21
22
SIM5
SIM1
SIM2
SIM3
SIM4
1
21
22
SIM5
SIM1
SIM2
SIM3
SIM4
1
21
22
SIM5
SIM1
SIM2
SIM3
SIM4
1
21
22
SIM5
SIM1
SIM2
SIM3
SIM4
1
21
22
SIM5
SIM1
SIM2
SIM3
SIM4
1
21
22
SIM5
SIM1
SIM2
SIM3
SIM4
1
21
22
SIM5
SIM1
SIM2
SIM3
SIM4
1
21
22
SIM5
SIM1
SIM2
SIM3
SIM4
1
21
22
SIM5
SIM1
SIM2
SIM3
SIM4
1
21
22
SIM5
SIM1
SIM2
SIM3
SIM4
1
21
22
SIM5
SIM1
SIM2
SIM3
SIM4
1
21
22
SIM5
SIM1
SIM2
SIM3
SIM4
1
21
22
SIM5
SIM1
SIM2
SIM3
SIM4
1
21
22
SIM5
SIM1
SIM2
SIM3
SIM4
1
21
22
SIM5
SIM1
SIM2
SIM3
SIM4
1
21
22
SIM5
SIM1
SIM2
SIM3
SIM4
1
21
22
SIM5
SIM1
SIM2
SIM3
SIM4
1
21
22
SIM5
SIM1
SIM2
SIM3
SIM4
1
21
22
SIM5
SIM1
SIM2
SIM3
SIM4
1
21
22
SIM5
SIM1
SIM2
SIM3
SIM4
1
21
22
SIM5
SIM1
SIM2
SIM3
SIM4
1
21
22
SIM5
SIM1
SIM2
SIM3
SIM4
1
21
22
SIM5
SIM1
SIM2
SIM3
SIM4
1
21
22
SIM5
SIM1
SIM2
SIM3
SIM4
1
21
22
SIM5
SIM1
SIM2
SIM3
SIM4
1
21
22
SIM5
SIM1
SIM2
SIM3
SIM4
1
21
22
SIM5
SIM1
SIM2
SIM3
SIM4
1
21
22
SIM5
SIM1
SIM2
SIM3
SIM4
1
21
22
SIM5
SIM1
SIM2
SIM3
SIM4
1
21
22
SIM5
SIM1
SIM2
SIM3
SIM4
1
21
22
SIM5
SIM1
SIM2
SIM3
SIM4
1
21
22
SIM5
SIM1
SIM2
SIM3
SIM4
1
21
22
SIM5
SIM1
SIM2
SIM3
SIM4
1
21
22
SIM5
SIM1
SIM2
SIM3
SIM4
1
21
22
SIM5
SIM1
SIM2
SIM3
SIM4
1
21
22
SIM5
SIM1
SIM2
SIM3
SIM4
1
21
22
SIM5
SIM1
SIM2
SIM3
SIM4
1
21
22
SIM5
SIM1
SIM2
SIM3
SIM4
1
21
22
SIM5
SIM1
SIM2
SIM3
SIM4
1
21
22
SIM5
SIM1
SIM2
SIM3
SIM4
1
21
22
SIM5
SIM1
SIM2
SIM3
SIM4
1
21
22
SIM5
SIM1
SIM2
SIM3
SIM4
1
21
22
SIM5
SIM1
SIM2
SIM3
SIM4
1
21
22
SIM5
SIM1
SIM2
SIM3
SIM4
1
21
22
SIM5
SIM1
SIM2
SIM3
SIM4
1
21
22
SIM5
SIM1
SIM2
SIM3
SIM4
1
21
22
SIM5
SIM1
SIM2
SIM3
SIM4
1
21
22
SIM5
SIM1
SIM2
SIM3
SIM4
1
21
22
SIM5
SIM1
SIM2
SIM3
SIM4
1
21
22
SIM5
SIM1
SIM2
SIM3
SIM4
1
21
22
SIM5
SIM1
SIM2
SIM3
SIM4
1
21
22
SIM5
SIM1
SIM2
SIM3
SIM4
1
21
22
SIM5
SIM1
SIM2
SIM3
SIM4
1
21
22
SIM5
SIM1
SIM2
SIM3
SIM4
1
21
22
SIM5
SIM1
SIM2
SIM3
SIM4
1
21
22
SIM5
SIM1
SIM2
SIM3
SIM4
1
21
22
SIM5
SIM1
SIM2
SIM3
SIM4
1
21
22
SIM5
SIM1
SIM2
SIM3
SIM4
1
21
22
SIM5
SIM1
SIM2
SIM3
SIM4
1
21
22
SIM5
SIM1
SIM2
SIM3
SIM4
1
21
22
SIM5
SIM1
SIM2
SIM3
SIM4
1
21
22
SIM5
SIM1
SIM2
SIM3
SIM4
1
21
22
SIM5
SIM1
SIM2
SIM3
SIM4
1
21
22
SIM5
SIM1
SIM2
SIM3
SIM4
1
21
22
SIM5
SIM1
SIM2
SIM3
SIM4
1
21
22
SIM5
SIM1
SIM2
SIM3
SIM4
1
21
22
SIM5
SIM1
SIM2
SIM3
SIM4
1
21
22
SIM5
SIM1
SIM2
SIM3
SIM4
1
21
22
SIM5
SIM1
SIM2
SIM3
SIM4
1
21
22
SIM5
SIM1
SIM2
SIM3
SIM4
1
21
22
SIM5
SIM1
SIM2
SIM3
SIM4
1
21
22
SIM5
SIM1
SIM2
SIM3
SIM4
1
21
22
SIM5
SIM1
SIM2
SIM3
SIM4
1
21
22
SIM5
SIM1
SIM2
SIM3
SIM4
1
21
22
SIM5
SIM1
SIM2
SIM3
SIM4
1
21
22
SIM5
SIM1
SIM2
SIM3
SIM4
1
21
22
SIM5
SIM1
SIM2
SIM3
SIM4
1
21
22
SIM5
SIM1
SIM2
SIM3
SIM4
1
21
22
SIM5
SIM1
SIM2
SIM3
SIM4
1
21
22
SIM5
SIM1
SIM2
SIM3
SIM4
1
21
22
SIM5
SIM1
SIM2
SIM3
SIM4
1
21
22
SIM5
SIM1
SIM2
SIM3
SIM4
1
21
22
SIM5
SIM1
SIM2
SIM3
SIM4
1
21
22
SIM5
SIM1
SIM2
SIM3
SIM4
1
21
22
SIM5
SIM1
SIM2
DEBUG 1 579
SIM1
SIM2
SIM3
SIM4
1
21
22
SIM5
SIM1
SIM2
SIM3
SIM4
1
21
22
SIM5
SIM1
SIM2
SIM3
SIM4
1
21
22
SIM5
SIM1
SIM2
SIM3
SIM4
1
21
22
SIM5
SIM1
SIM2
SIM3
SIM4
1
21
22
SIM5
SIM1
SIM2
SIM3
SIM4
1
21
22
SIM5
SIM1
SIM2
SIM3
SIM4
1
21
22
SIM5
SIM1
SIM2
SIM3
SIM4
1
21
22
SIM5
SIM1
SIM2
SIM3
SIM4
1
21
22
SIM5
SIM1
SIM2
SIM3
SIM4
1
21
22
SIM5
SIM1
SIM2
SIM3
SIM4
1
21
22
SIM5
SIM1
SIM2
SIM3
SIM4
1
21
22
SIM5
SIM1
SIM2
SIM3
SIM4
1
21
22
SIM5
SIM1
SIM2
SIM3
SIM4
1
21
22
SIM5
SIM1
SIM2
SIM3
SIM4
1
21
22
SIM5
SIM1
SIM2
SIM3
SIM4
1
21
22
SIM5
SIM1
SIM2
SIM3
SIM4
1
21
22
SIM5
SIM1
SIM2
SIM3
SIM4
1
21
22
SIM5
SIM1
SIM2
SIM3
SIM4
1
21
22
SIM5
SIM1
SIM2
SIM3
SIM4
1
21
22
SIM5
SIM1
SIM2
SIM3
SIM4
1
21
22
SIM5
SIM1
SIM2
SIM3
SIM4
1
21
22
SIM5
SIM1
SIM2
SIM3
SIM4
1
21
22
SIM5
SIM1
SIM2
SIM3
SIM4
1
21
22
SIM5
SIM1
SIM2
SIM3
SIM4
1
21
22
SIM5
SIM1
SIM2
SIM3
SIM4
1
21
22
SIM5
SIM1
SIM2
SIM3
SIM4
1
21
22
SIM5
SIM1
SIM2
SIM3
SIM4
1
21
22
SIM5
SIM1
SIM2
SIM3
SIM4
1
21
22
SIM5
SIM1
SIM2
SIM3
SIM4
1
21
22
SIM5
SIM1
SIM2
SIM3
SIM4
1
21
22
SIM5
SIM1
SIM2
SIM3
SIM4
1
21
22
SIM5
SIM1
SIM2
SIM3
SIM4
1
21
22
SIM5
SIM1
SIM2
SIM3
SIM4
1
21
22
SIM5
SIM1
SIM2
SIM3
SIM4
1
21
22
SIM5
SIM1
SIM2
SIM3
SIM4
1
21
22
SIM5
SIM1
SIM2
SIM3
SIM4
1
21
22
SIM5
SIM1
SIM2
SIM3
SIM4
1
21
22
SIM5
SIM1
SIM2
SIM3
SIM4
1
21
22
SIM5
SIM1
SIM2
SIM3
SIM4
1
21
22
SIM5
SIM1
SIM2
SIM3
SIM4
1
21
22
SIM5
SIM1
SIM2
SIM3
SIM4
1
21
22
SIM5
SIM1
SIM2
SIM3
SIM4
1
21
22
SIM5
SIM1
SIM2
SIM3
SIM4
1
21
22
SIM5
SIM1
SIM2
SIM3
SIM4
1
21
22
SIM5
SIM1
SIM2
SIM3
SIM4
1
21
22
SIM5
SIM1
SIM2
SIM3
SIM4
1
21
22
SIM5
SIM1
SIM2
SIM3
SIM4
1
21
22
SIM5
SIM1
SIM2
SIM3
SIM4
1
21
22
SIM5
SIM1
SIM2
SIM3
SIM4
1
21
22
SIM5
SIM1
SIM2
SIM3
SIM4
1
21
22
SIM5
SIM1
SIM2
SIM3
SIM4
1
21
22
SIM5
SIM1
SIM2
SIM3
SIM4
1
21
22
SIM5
SIM1
SIM2
SIM3
SIM4
1
21
22
SIM5
SIM1
SIM2
SIM3
SIM4
1
21
22
SIM5
SIM1
SIM2
SIM3
SIM4
1
21
22
SIM5
SIM1
SIM2
SIM3
SIM4
1
21
22
SIM5
SIM1
SIM2
SIM3
SIM4
1
21
22
SIM5
SIM1
SIM2
SIM3
SIM4
1
21
22
SIM5
SIM1
SIM2
SIM3
SIM4
1
21
22
SIM5
SIM1
SIM2
SIM3
SIM4
1
21
22
SIM5
SIM1
SIM2
SIM3
SIM4
1
21
22
SIM5
SIM1
SIM2
SIM3
SIM4
1
21
22
SIM5
SIM1
SIM2
SIM3
SIM4
1
21
22
SIM5
SIM1
SIM2
SIM3
SIM4
1
21
22
SIM5
SIM1
SIM2
SIM3
SIM4
1
21
22
SIM5
SIM1
SIM2
SIM3
SIM4
1
21
22
SIM5
SIM1
SIM2
SIM3
SIM4
1
21
22
SIM5
SIM1
SIM2
SIM3
SIM4
1
21
22
SIM5
SIM1
SIM2
SIM3
SIM4
1
21
22
SIM5
SIM1
SIM2
SIM3
SIM4
1
21
22
SIM5
SIM1
SIM2
SIM3
SIM4
1
21
22
SIM5
SIM1
SIM2
SIM3
SIM4
1
21
22
SIM5
SIM1
SIM2
SIM3
SIM4
1
21
22
SIM5
SIM1
SIM2
SIM3
SIM4
1
21
22
SIM5
SIM1
SIM2
SIM3
SIM4
1
21
22
SIM5
SIM1
SIM2
SIM3
SIM4
1
21
22
SIM5
SIM1
SIM2
SIM3
SIM4
1
21
22
SIM5
SIM1
SIM2
SIM3
SIM4
1
21
22
SIM5
SIM1
SIM2
SIM3
SIM4
1
21
22
SIM5
SIM1
SIM2
SIM3
SIM4
1
21
22
SIM5
SIM1
SIM2
SIM3
SIM4
1
21
22
SIM5
SIM1
SIM2
SIM3
SIM4
1
21
22
SIM5
SIM1
SIM2
SIM3
SIM4
1
21
22
SIM5
SIM1
SIM2
SIM3
SIM4
1
21
22
SIM5
SIM1
SIM2
SIM3
SIM4
1
21
22
SIM5
SIM1
SIM2
SIM3
SIM4
1
21
22
SIM5
SIM1
SIM2
SIM3
SIM4
1
21
22
SIM5
SIM1
SIM2
SIM3
SIM4
1
21
22
SIM5
SIM1
SIM2
SIM3
SIM4
1
21
22
SIM5
SIM1
SIM2
SIM3
SIM4
1
21
22
SIM5
SIM1
SIM2
SIM3
SIM4
1
21
22
SIM5
SIM1
SIM2
SIM3
SIM4
1
21
22
SIM5
SIM1
SIM2
SIM3
SIM4
1
21
22
SIM5
SIM1
SIM2
SIM3
SIM4
1
21
22
SIM5
SIM1
SIM2
SIM3
SIM4
1
21
22
SIM5
SIM1
SIM2
SIM3
SIM4
1
21
22
SIM5
SIM1
SIM2
SIM3
SIM4
1
21
22
SIM5
SIM1
SIM2
SIM3
SIM4
1
21
22
SIM5
SIM1
SIM2
SIM3
SIM4
1
21
22
SIM5
SIM1
SIM2
SIM3
SIM4
1
21
22
SIM5
SIM1
SIM2
SIM3
SIM4
1
21
22
SIM5
SIM1
SIM2
SIM3
SIM4
1
21
22
SIM5
SIM1
SIM2
SIM3
SIM4
1
21
22
SIM5
SIM1
SIM2
SIM3
SIM4
1
21
22
SIM5
SIM1
SIM2
SIM3
SIM4
1
21
22
SIM5
SIM1
SIM2
SIM3
SIM4
1
21
22
SIM5
SIM1
SIM2
SIM3
SIM4
1
21
22
SIM5
SIM1
SIM2
SIM3
SIM4
1
21
22
SIM5
SIM1
SIM2
SIM3
SIM4
1
21
22
SIM5
SIM1
SIM2
SIM3
SIM4
1
21
22
SIM5
SIM1
SIM2
SIM3
SIM4
1
21
22
SIM5
SIM1
SIM2
SIM3
SIM4
1
21
22
SIM5
SIM1
SIM2
SIM3
SIM4
1
21
22
SIM5
SIM1
SIM2
SIM3
SIM4
1
21
22
SIM5
SIM1
SIM2
SIM3
SIM4
1
21
22
SIM5
SIM1
SIM2
SIM3
SIM4
1
21
22
SIM5
SIM1
SIM2
SIM3
SIM4
1
21
22
SIM5
SIM1
SIM2
SIM3
SIM4
1
21
22
SIM5
SIM1
SIM2
SIM3
SIM4
1
21
22
SIM5
SIM1
SIM2
SIM3
SIM4
1
21
22
SIM5
SIM1
SIM2
SIM3
SIM4
1
21
22
SIM5
SIM1
SIM2
SIM3
SIM4
1
21
22
SIM5
SIM1
SIM2
SIM3
SIM4
1
21
22
SIM5
SIM1
SIM2
SIM3
SIM4
1
21
22
SIM5
SIM1
SIM2
SIM3
SIM4
1
21
22
SIM5
SIM1
SIM2
SIM3
SIM4
1
21
22
SIM5
SIM1
SIM2
SIM3
SIM4
1
21
22
SIM5
SIM1
SIM2
SIM3
SIM4
1
21
22
SIM5
SIM1
SIM2
SIM3
SIM4
1
21
22
SIM5
SIM1
SIM2
SIM3
SIM4
1
21
22
SIM5
SIM1
SIM2
SIM3
SIM4
1
21
22
SIM5
SIM1
SIM2
SIM3
SIM4
1
21
22
SIM5
SIM1
SIM2
SIM3
SIM4
1
21
22
SIM5
SIM1
SIM2
SIM3
SIM4
1
21
22
SIM5
SIM1
SIM2
SIM3
SIM4
1
21
22
SIM5
SIM1
SIM2
SIM3
SIM4
1
21
22
SIM5
SIM1
SIM2
SIM3
SIM4
1
21
22
SIM5
SIM1
SIM2
SIM3
SIM4
1
21
22
SIM5
SIM1
SIM2
SIM3
SIM4
1
21
22
SIM5
SIM1
SIM2
SIM3
SIM4
1
21
22
SIM5
SIM1
SIM2
SIM3
SIM4
1
21
22
SIM5
SIM1
SIM2
SIM3
SIM4
1
21
22
SIM5
SIM1
SIM2
SIM3
SIM4
1
21
22
SIM5
SIM1
SIM2
SIM3
SIM4
1
21
22
SIM5
SIM1
SIM2
SIM3
SIM4
1
21
22
SIM5
SIM1
SIM2
SIM3
SIM4
1
21
22
SIM5
SIM1
SIM2
SIM3
SIM4
1
21
22
SIM5
SIM1
SIM2
SIM3
SIM4
1
21
22
SIM5
SIM1
SIM2
SIM3
SIM4
1
21
22
SIM5
SIM1
SIM2
SIM3
SIM4
1
21
22
SIM5
SIM1
SIM2
SIM3
SIM4
1
21
22
SIM5
SIM1
SIM2
SIM3
SIM4
1
21
22
SIM5
SIM1
SIM2
SIM3
SIM4
1
21
22
SIM5
SIM1
SIM2
SIM3
SIM4
1
21
22
SIM5
SIM1
SIM2
SIM3
SIM4
1
21
22
SIM5
SIM1
SIM2
SIM3
SIM4
1
21
22
SIM5
SIM1
SIM2
SIM3
SIM4
1
21
22
SIM5
SIM1
SIM2
SIM3
SIM4
1
21
22
SIM5
SIM1
SIM2
SIM3
SIM4
1
21
22
SIM5
SIM1
SIM2
SIM3
SIM4
1
21
22
SIM5
SIM1
SIM2
SIM3
SIM4
1
21
22
SIM5
SIM1
SIM2
SIM3
SIM4
1
21
22
SIM5
SIM1
SIM2
SIM3
SIM4
1
21
22
SIM5
SIM1
SIM2
SIM3
SIM4
1
21
22
SIM5
SIM1
SIM2
SIM3
SIM4
1
21
22
SIM5
SIM1
SIM2
SIM3
SIM4
1
21
22
SIM5
SIM1
SIM2
SIM3
SIM4
1
21
22
SIM5
SIM1
SIM2
SIM3
SIM4
1
21
22
SIM5
SIM1
SIM2
SIM3
SIM4
1
21
22
SIM5
SIM1
SIM2
SIM3
SIM4
1
21
22
SIM5
SIM1
SIM2
SIM3
SIM4
1
21
22
SIM5
SIM1
SIM2
DEBUG 1 580
SIM1
SIM2
SIM3
SIM4
1
21
22
SIM5
SIM1
SIM2
SIM3
SIM4
1
21
22
SIM5
SIM1
SIM2
SIM3
SIM4
1
21
22
SIM5
SIM1
SIM2
SIM3
SIM4
1
21
22
SIM5
SIM1
SIM2
SIM3
SIM4
1
21
22
SIM5
SIM1
SIM2
SIM3
SIM4
1
21
22
SIM5
SIM1
SIM2
SIM3
SIM4
1
21
22
SIM5
SIM1
SIM2
SIM3
SIM4
1
21
22
SIM5
SIM1
SIM2
SIM3
SIM4
1
21
22
SIM5
SIM1
SIM2
SIM3
SIM4
1
21
22
SIM5
SIM1
SIM2
SIM3
SIM4
1
21
22
SIM5
SIM1
SIM2
SIM3
SIM4
1
21
22
SIM5
SIM1
SIM2
SIM3
SIM4
1
21
22
SIM5
SIM1
SIM2
SIM3
SIM4
1
21
22
SIM5
SIM1
SIM2
SIM3
SIM4
1
21
22
SIM5
SIM1
SIM2
SIM3
SIM4
1
21
22
SIM5
SIM1
SIM2
SIM3
SIM4
1
21
22
SIM5
SIM1
SIM2
SIM3
SIM4
1
21
22
SIM5
SIM1
SIM2
SIM3
SIM4
1
21
22
SIM5
SIM1
SIM2
SIM3
SIM4
1
21
22
SIM5
SIM1
SIM2
SIM3
SIM4
1
21
22
SIM5
SIM1
SIM2
SIM3
SIM4
1
21
22
SIM5
SIM1
SIM2
SIM3
SIM4
1
21
22
SIM5
SIM1
SIM2
SIM3
SIM4
1
21
22
SIM5
SIM1
SIM2
SIM3
SIM4
1
21
22
SIM5
SIM1
SIM2
SIM3
SIM4
1
21
22
SIM5
SIM1
SIM2
SIM3
SIM4
1
21
22
SIM5
SIM1
SIM2
SIM3
SIM4
1
21
22
SIM5
SIM1
SIM2
SIM3
SIM4
1
21
22
SIM5
SIM1
SIM2
SIM3
SIM4
1
21
22
SIM5
SIM1
SIM2
SIM3
SIM4
1
21
22
SIM5
SIM1
SIM2
SIM3
SIM4
1
21
22
SIM5
SIM1
SIM2
SIM3
SIM4
1
21
22
SIM5
SIM1
SIM2
SIM3
SIM4
1
21
22
SIM5
SIM1
SIM2
SIM3
SIM4
1
21
22
SIM5
SIM1
SIM2
SIM3
SIM4
1
21
22
SIM5
SIM1
SIM2
SIM3
SIM4
1
21
22
SIM5
SIM1
SIM2
SIM3
SIM4
1
21
22
SIM5
SIM1
SIM2
SIM3
SIM4
1
21
22
SIM5
SIM1
SIM2
SIM3
SIM4
1
21
22
SIM5
SIM1
SIM2
SIM3
SIM4
1
21
22
SIM5
SIM1
SIM2
SIM3
SIM4
1
21
22
SIM5
SIM1
SIM2
SIM3
SIM4
1
21
22
SIM5
SIM1
SIM2
SIM3
SIM4
1
21
22
SIM5
SIM1
SIM2
SIM3
SIM4
1
21
22
SIM5
SIM1
SIM2
SIM3
SIM4
1
21
22
SIM5
SIM1
SIM2
SIM3
SIM4
1
21
22
SIM5
SIM1
SIM2
SIM3
SIM4
1
21
22
SIM5
SIM1
SIM2
SIM3
SIM4
1
21
22
SIM5
SIM1
SIM2
SIM3
SIM4
1
21
22
SIM5
SIM1
SIM2
SIM3
SIM4
1
21
22
SIM5
SIM1
SIM2
SIM3
SIM4
1
21
22
SIM5
SIM1
SIM2
SIM3
SIM4
1
21
22
SIM5
SIM1
SIM2
SIM3
SIM4
1
21
22
SIM5
SIM1
SIM2
SIM3
SIM4
1
21
22
SIM5
SIM1
SIM2
SIM3
SIM4
1
21
22
SIM5
SIM1
SIM2
SIM3
SIM4
1
21
22
SIM5
SIM1
SIM2
SIM3
SIM4
1
21
22
SIM5
SIM1
SIM2
SIM3
SIM4
1
21
22
SIM5
SIM1
SIM2
SIM3
SIM4
1
21
22
SIM5
SIM1
SIM2
SIM3
SIM4
1
21
22
SIM5
SIM1
SIM2
SIM3
SIM4
1
21
22
SIM5
SIM1
SIM2
SIM3
SIM4
1
21
22
SIM5
SIM1
SIM2
SIM3
SIM4
1
21
22
SIM5
SIM1
SIM2
SIM3
SIM4
1
21
22
SIM5
SIM1
SIM2
SIM3
SIM4
1
21
22
SIM5
SIM1
SIM2
SIM3
SIM4
1
21
22
SIM5
SIM1
SIM2
SIM3
SIM4
1
21
22
SIM5
SIM1
SIM2
SIM3
SIM4
1
21
22
SIM5
SIM1
SIM2
SIM3
SIM4
1
21
22
SIM5
SIM1
SIM2
SIM3
SIM4
1
21
22
SIM5
SIM1
SIM2
SIM3
SIM4
1
21
22
SIM5
SIM1
SIM2
SIM3
SIM4
1
21
22
SIM5
SIM1
SIM2
SIM3
SIM4
1
21
22
SIM5
SIM1
SIM2
SIM3
SIM4
1
21
22
SIM5
SIM1
SIM2
SIM3
SIM4
1
21
22
SIM5
SIM1
SIM2
SIM3
SIM4
1
21
22
SIM5
SIM1
SIM2
SIM3
SIM4
1
21
22
SIM5
SIM1
SIM2
SIM3
SIM4
1
21
22
SIM5
SIM1
SIM2
SIM3
SIM4
1
21
22
SIM5
SIM1
SIM2
SIM3
SIM4
1
21
22
SIM5
SIM1
SIM2
SIM3
SIM4
1
21
22
SIM5
SIM1
SIM2
SIM3
SIM4
1
21
22
SIM5
SIM1
SIM2
SIM3
SIM4
1
21
22
SIM5
SIM1
SIM2
SIM3
SIM4
1
21
22
SIM5
SIM1
SIM2
SIM3
SIM4
1
21
22
SIM5
SIM1
SIM2
SIM3
SIM4
1
21
22
SIM5
SIM1
SIM2
SIM3
SIM4
1
21
22
SIM5
SIM1
SIM2
SIM3
SIM4
1
21
22
SIM5
SIM1
SIM2
SIM3
SIM4
1
21
22
SIM5
SIM1
SIM2
SIM3
SIM4
1
21
22
SIM5
SIM1
SIM2
SIM3
SIM4
1
21
22
SIM5
SIM1
SIM2
SIM3
SIM4
1
21
22
SIM5
SIM1
SIM2
SIM3
SIM4
1
21
22
SIM5
SIM1
SIM2
SIM3
SIM4
1
21
22
SIM5
SIM1
SIM2
SIM3
SIM4
1
21
22
SIM5
SIM1
SIM2
SIM3
SIM4
1
21
22
SIM5
SIM1
SIM2
SIM3
SIM4
1
21
22
SIM5
SIM1
SIM2
SIM3
SIM4
1
21
22
SIM5
SIM1
SIM2
SIM3
SIM4
1
21
22
SIM5
SIM1
SIM2
SIM3
SIM4
1
21
22
SIM5
SIM1
SIM2
SIM3
SIM4
1
21
22
SIM5
SIM1
SIM2
SIM3
SIM4
1
21
22
SIM5
SIM1
SIM2
SIM3
SIM4
1
21
22
SIM5
SIM1
SIM2
SIM3
SIM4
1
21
22
SIM5
SIM1
SIM2
SIM3
SIM4
1
21
22
SIM5
SIM1
SIM2
SIM3
SIM4
1
21
22
SIM5
SIM1
SIM2
SIM3
SIM4
1
21
22
SIM5
SIM1
SIM2
SIM3
SIM4
1
21
22
SIM5
SIM1
SIM2
SIM3
SIM4
1
21
22
SIM5
SIM1
SIM2
SIM3
SIM4
1
21
22
SIM5
SIM1
SIM2
SIM3
SIM4
1
21
22
SIM5
SIM1
SIM2
SIM3
SIM4
1
21
22
SIM5
SIM1
SIM2
SIM3
SIM4
1
21
22
SIM5
SIM1
SIM2
SIM3
SIM4
1
21
22
SIM5
SIM1
SIM2
SIM3
SIM4
1
21
22
SIM5
SIM1
SIM2
SIM3
SIM4
1
21
22
SIM5
SIM1
SIM2
SIM3
SIM4
1
21
22
SIM5
SIM1
SIM2
SIM3
SIM4
1
21
22
SIM5
SIM1
SIM2
SIM3
SIM4
1
21
22
SIM5
SIM1
SIM2
SIM3
SIM4
1
21
22
SIM5
SIM1
SIM2
SIM3
SIM4
1
21
22
SIM5
SIM1
SIM2
SIM3
SIM4
1
21
22
SIM5
SIM1
SIM2
SIM3
SIM4
1
21
22
SIM5
SIM1
SIM2
SIM3
SIM4
1
21
22
SIM5
SIM1
SIM2
SIM3
SIM4
1
21
22
SIM5
SIM1
SIM2
SIM3
SIM4
1
21
22
SIM5
SIM1
SIM2
SIM3
SIM4
1
21
22
SIM5
SIM1
SIM2
DEBUG 1 581
SIM1
SIM2
SIM3
SIM4
1
21
22
SIM5
SIM1
SIM2
SIM3
SIM4
1
21
22
SIM5
SIM1
SIM2
SIM3
SIM4
1
21
22
SIM5
SIM1
SIM2
SIM3
SIM4
1
21
22
SIM5
SIM1
SIM2
SIM3
SIM4
1
21
22
SIM5
SIM1
SIM2
SIM3
SIM4
1
21
22
SIM5
SIM1
SIM2
SIM3
SIM4
1
21
22
SIM5
SIM1
SIM2
SIM3
SIM4
1
21
22
SIM5
SIM1
SIM2
SIM3
SIM4
1
21
22
SIM5
SIM1
SIM2
SIM3
SIM4
1
21
22
SIM5
SIM1
SIM2
SIM3
SIM4
1
21
22
SIM5
SIM1
SIM2
SIM3
SIM4
1
21
22
SIM5
SIM1
SIM2
SIM3
SIM4
1
21
22
SIM5
SIM1
SIM2
SIM3
SIM4
1
21
22
SIM5
SIM1
SIM2
SIM3
SIM4
1
21
22
SIM5
SIM1
SIM2
SIM3
SIM4
1
21
22
SIM5
SIM1
SIM2
SIM3
SIM4
1
21
22
SIM5
SIM1
SIM2
SIM3
SIM4
1
21
22
SIM5
SIM1
SIM2
SIM3
SIM4
1
21
22
SIM5
SIM1
SIM2
SIM3
SIM4
1
21
22
SIM5
SIM1
SIM2
SIM3
SIM4
1
21
22
SIM5
SIM1
SIM2
SIM3
SIM4
1
21
22
SIM5
SIM1
SIM2
SIM3
SIM4
1
21
22
SIM5
SIM1
SIM2
SIM3
SIM4
1
21
22
SIM5
SIM1
SIM2
SIM3
SIM4
1
21
22
SIM5
SIM1
SIM2
SIM3
SIM4
1
21
22
SIM5
SIM1
SIM2
SIM3
SIM4
1
21
22
SIM5
SIM1
SIM2
SIM3
SIM4
1
21
22
SIM5
SIM1
SIM2
SIM3
SIM4
1
21
22
SIM5
SIM1
SIM2
SIM3
SIM4
1
21
22
SIM5
SIM1
SIM2
SIM3
SIM4
1
21
22
SIM5
SIM1
SIM2
SIM3
SIM4
1
21
22
SIM5
SIM1
SIM2
SIM3
SIM4
1
21
22
SIM5
SIM1
SIM2
SIM3
SIM4
1
21
22
SIM5
SIM1
SIM2
SIM3
SIM4
1
21
22
SIM5
SIM1
SIM2
SIM3
SIM4
1
21
22
SIM5
SIM1
SIM2
SIM3
SIM4
1
21
22
SIM5
SIM1
SIM2
SIM3
SIM4
1
21
22
SIM5
SIM1
SIM2
SIM3
SIM4
1
21
22
SIM5
SIM1
SIM2
SIM3
SIM4
1
21
22
SIM5
SIM1
SIM2
SIM3
SIM4
1
21
22
SIM5
SIM1
SIM2
SIM3
SIM4
1
21
22
SIM5
SIM1
SIM2
SIM3
SIM4
1
21
22
SIM5
SIM1
SIM2
SIM3
SIM4
1
21
22
SIM5
SIM1
SIM2
SIM3
SIM4
1
21
22
SIM5
SIM1
SIM2
SIM3
SIM4
1
21
22
SIM5
SIM1
SIM2
SIM3
SIM4
1
21
22
SIM5
SIM1
SIM2
SIM3
SIM4
1
21
22
SIM5
SIM1
SIM2
SIM3
SIM4
1
21
22
SIM5
SIM1
SIM2
SIM3
SIM4
1
21
22
SIM5
SIM1
SIM2
SIM3
SIM4
1
21
22
SIM5
SIM1
SIM2
SIM3
SIM4
1
21
22
SIM5
SIM1
SIM2
SIM3
SIM4
1
21
22
SIM5
SIM1
SIM2
SIM3
SIM4
1
21
22
SIM5
SIM1
SIM2
SIM3
SIM4
1
21
22
SIM5
SIM1
SIM2
SIM3
SIM4
1
21
22
SIM5
SIM1
SIM2
SIM3
SIM4
1
21
22
SIM5
SIM1
SIM2
SIM3
SIM4
1
21
22
SIM5
SIM1
SIM2
SIM3
SIM4
1
21
22
SIM5
SIM1
SIM2
SIM3
SIM4
1
21
22
SIM5
SIM1
SIM2
SIM3
SIM4
1
21
22
SIM5
SIM1
SIM2
SIM3
SIM4
1
21
22
SIM5
SIM1
SIM2
SIM3
SIM4
1
21
22
SIM5
SIM1
SIM2
SIM3
SIM4
1
21
22
SIM5
SIM1
SIM2
SIM3
SIM4
1
21
22
SIM5
SIM1
SIM2
SIM3
SIM4
1
21
22
SIM5
SIM1
SIM2
SIM3
SIM4
1
21
22
SIM5
SIM1
SIM2
SIM3
SIM4
1
21
22
SIM5
SIM1
SIM2
SIM3
SIM4
1
21
22
SIM5
SIM1
SIM2
SIM3
SIM4
1
21
22
SIM5
SIM1
SIM2
SIM3
SIM4
1
21
22
SIM5
SIM1
SIM2
SIM3
SIM4
1
21
22
SIM5
SIM1
SIM2
SIM3
SIM4
1
21
22
SIM5
SIM1
SIM2
SIM3
SIM4
1
21
22
SIM5
SIM1
SIM2
SIM3
SIM4
1
21
22
SIM5
SIM1
SIM2
SIM3
SIM4
1
21
22
SIM5
SIM1
SIM2
SIM3
SIM4
1
21
22
SIM5
SIM1
SIM2
SIM3
SIM4
1
21
22
SIM5
SIM1
SIM2
SIM3
SIM4
1
21
22
SIM5
SIM1
SIM2
SIM3
SIM4
1
21
22
SIM5
SIM1
SIM2
SIM3
SIM4
1
21
22
SIM5
SIM1
SIM2
SIM3
SIM4
1
21
22
SIM5
SIM1
SIM2
SIM3
SIM4
1
21
22
SIM5
SIM1
SIM2
SIM3
SIM4
1
21
22
SIM5
SIM1
SIM2
SIM3
SIM4
1
21
22
SIM5
SIM1
SIM2
SIM3
SIM4
1
21
22
SIM5
SIM1
SIM2
SIM3
SIM4
1
21
22
SIM5
SIM1
SIM2
SIM3
SIM4
1
21
22
SIM5
SIM1
SIM2
SIM3
SIM4
1
21
22
SIM5
SIM1
SIM2
SIM3
SIM4
1
21
22
SIM5
SIM1
SIM2
SIM3
SIM4
1
21
22
SIM5
SIM1
SIM2
SIM3
SIM4
1
21
22
SIM5
SIM1
SIM2
SIM3
SIM4
1
21
22
SIM5
SIM1
SIM2
SIM3
SIM4
1
21
22
SIM5
SIM1
SIM2
SIM3
SIM4
1
21
22
SIM5
SIM1
SIM2
SIM3
SIM4
1
21
22
SIM5
SIM1
SIM2
SIM3
SIM4
1
21
22
SIM5
SIM1
SIM2
SIM3
SIM4
1
21
22
SIM5
SIM1
SIM2
SIM3
SIM4
1
21
22
SIM5
SIM1
SIM2
SIM3
SIM4
1
21
22
SIM5
SIM1
SIM2
SIM3
SIM4
1
21
22
SIM5
SIM1
SIM2
SIM3
SIM4
1
21
22
SIM5
SIM1
SIM2
SIM3
SIM4
1
21
22
SIM5
SIM1
SIM2
SIM3
SIM4
1
21
22
SIM5
SIM1
SIM2
SIM3
SIM4
1
21
22
SIM5
SIM1
SIM2
SIM3
SIM4
1
21
22
SIM5
SIM1
SIM2
SIM3
SIM4
1
21
22
SIM5
SIM1
SIM2
SIM3
SIM4
1
21
22
SIM5
SIM1
SIM2
SIM3
SIM4
1
21
22
SIM5
SIM1
SIM2
SIM3
SIM4
1
21
22
SIM5
SIM1
SIM2
SIM3
SIM4
1
21
22
SIM5
SIM1
SIM2
SIM3
SIM4
1
21
22
SIM5
SIM1
SIM2
SIM3
SIM4
1
21
22
SIM5
SIM1
SIM2
SIM3
SIM4
1
21
22
SIM5
SIM1
SIM2
SIM3
SIM4
1
21
22
SIM5
SIM1
SIM2
SIM3
SIM4
1
21
22
SIM5
SIM1
SIM2
SIM3
SIM4
1
21
22
SIM5
SIM1
SIM2
SIM3
SIM4
1
21
22
SIM5
SIM1
SIM2
SIM3
SIM4
1
21
22
SIM5
SIM1
SIM2
SIM3
SIM4
1
21
22
SIM5
SIM1
SIM2
SIM3
SIM4
1
21
22
SIM5
SIM1
SIM2
SIM3
SIM4
1
21
22
SIM5
SIM1
SIM2
SIM3
SIM4
1
21
22
SIM5
SIM1
SIM2
SIM3
SIM4
1
21
22
SIM5
SIM1
SIM2
SIM3
SIM4
1
21
22
SIM5
SIM1
SIM2
SIM3
SIM4
1
21
22
SIM5
SIM1
SIM2
SIM3
SIM4
1
21
22
SIM5
SIM1
SIM2
SIM3
SIM4
1
21
22
SIM5
SIM1
SIM2
SIM3
SIM4
1
21
22
SIM5
SIM1
SIM2
SIM3
SIM4
1
21
22
SIM5
SIM1
SIM2
SIM3
SIM4
1
21
22
SIM5
SIM1
SIM2
SIM3
SIM4
1
21
22
SIM5
SIM1
SIM2
SIM3
SIM4
1
21
22
SIM5
SIM1
SIM2
SIM3
SIM4
1
21
22
SIM5
SIM1
SIM2
SIM3
SIM4
1
21
22
SIM5
SIM1
SIM2
SIM3
SIM4
1
21
22
SIM5
SIM1
SIM2
SIM3
SIM4
1
21
22
SIM5
SIM1
SIM2
SIM3
SIM4
1
21
22
SIM5
SIM1
SIM2
SIM3
SIM4
1
21
22
SIM5
SIM1
SIM2
SIM3
SIM4
1
21
22
SIM5
SIM1
SIM2
SIM3
SIM4
1
21
22
SIM5
SIM1
SIM2
SIM3
SIM4
1
21
22
SIM5
SIM1
SIM2
SIM3
SIM4
1
21
22
SIM5
SIM1
SIM2
SIM3
SIM4
1
21
22
SIM5
SIM1
SIM2
SIM3
SIM4
1
21
22
SIM5
SIM1
SIM2
SIM3
SIM4
1
21
22
SIM5
SIM1
SIM2
SIM3
SIM4
1
21
22
SIM5
SIM1
SIM2
SIM3
SIM4
1
21
22
SIM5
SIM1
SIM2
SIM3
SIM4
1
21
22
SIM5
SIM1
SIM2
SIM3
SIM4
1
21
22
SIM5
SIM1
SIM2
SIM3
SIM4
1
21
22
SIM5
SIM1
SIM2
SIM3
SIM4
1
21
22
SIM5
SIM1
SIM2
SIM3
SIM4
1
21
22
SIM5
SIM1
SIM2
SIM3
SIM4
1
21
22
SIM5
SIM1
SIM2
SIM3
SIM4
1
21
22
SIM5
SIM1
SIM2
SIM3
SIM4
1
21
22
SIM5
SIM1
SIM2
SIM3
SIM4
1
21
22
SIM5
SIM1
SIM2
SIM3
SIM4
1
21
22
SIM5
SIM1
SIM2
SIM3
SIM4
1
21
22
SIM5
SIM1
SIM2
SIM3
SIM4
1
21
22
SIM5
SIM1
SIM2
SIM3
SIM4
1
21
22
SIM5
SIM1
SIM2
SIM3
SIM4
1
21
22
SIM5
SIM1
SIM2
SIM3
SIM4
1
21
22
SIM5
SIM1
SIM2
SIM3
SIM4
1
21
22
SIM5
SIM1
SIM2
SIM3
SIM4
1
21
22
SIM5
SIM1
SIM2
SIM3
SIM4
1
21
22
SIM5
SIM1
SIM2
SIM3
SIM4
1
21
22
SIM5
SIM1
SIM2
SIM3
SIM4
1
21
22
SIM5
SIM1
SIM2
SIM3
SIM4
1
21
22
SIM5
SIM1
SIM2
SIM3
SIM4
1
21
22
SIM5
SIM1
SIM2
SIM3
SIM4
1
21
22
SIM5
SIM1
SIM2
SIM3
SIM4
1
21
22
SIM5
SIM1
SIM2
SIM3
SIM4
1
21
22
SIM5
SIM1
SIM2
SIM3
SIM4
1
21
22
SIM5
SIM1
SIM2
SIM3
SIM4
1
21
22
SIM5
SIM1
SIM2
SIM3
SIM4
1
21
22
SIM5
SIM1
SIM2
SIM3
SIM4
1
21
22
SIM5
SIM1
SIM2
SIM3
SIM4
1
21
22
SIM5
SIM1
SIM2
SIM3
SIM4
1
21
22
SIM5
SIM1
SIM2
SIM3
SIM4
1
21
22
SIM5
SIM1
SIM2
SIM3
SIM4
1
21
22
SIM5
SIM1
SIM2
SIM3
SIM4
1
21
22
SIM5
SIM1
SIM2
SIM3
SIM4
1
21
22
SIM5
SIM1
SIM2
SIM3
SIM4
1
21
22
SIM5
SIM1
SIM2
SIM3
SIM4
1
21
22
SIM5
SIM1
SIM2
SIM3
SIM4
1
21
22
SIM5
SIM1
SIM2
SIM3
SIM4
1
21
22
SIM5
SIM1
SIM2
SIM3
SIM4
1
21
22
SIM5
SIM1
SIM2
SIM3
SIM4
1
21
22
SIM5
SIM1
SIM2
SIM3
SIM4
1
21
22
SIM5
SIM1
SIM2
SIM3
SIM4
1
21
22
SIM5
SIM1
SIM2
SIM3
SIM4
1
21
22
SIM5
SIM1
SIM2
SIM3
SIM4
1
21
22
SIM5
SIM1
SIM2
SIM3
SIM4
1
21
22
SIM5
SIM1
SIM2
SIM3
SIM4
1
21
22
SIM5
SIM1
SIM2
SIM3
SIM4
1
21
22
SIM5
SIM1
SIM2
SIM3
SIM4
1
21
22
SIM5
SIM1
SIM2
SIM3
SIM4
1
21
22
SIM5
SIM1
SIM2
SIM3
SIM4
1
21
22
SIM5
SIM1
SIM2
SIM3
SIM4
1
21
22
SIM5
SIM1
SIM2
SIM3
SIM4
1
21
22
SIM5
SIM1
SIM2
SIM3
SIM4
1
21
22
SIM5
SIM1
SIM2
SIM3
SIM4
1
21
22
SIM5
SIM1
SIM2
SIM3
SIM4
1
21
22
SIM5
SIM1
SIM2
SIM3
SIM4
1
21
22
SIM5
SIM1
SIM2
SIM3
SIM4
1
21
22
SIM5
SIM1
SIM2
SIM3
SIM4
1
21
22
SIM5
SIM1
SIM2
DEBUG 1 582
SIM1
SIM2
SIM3
SIM4
1
21
22
SIM5
SIM1
SIM2
SIM3
SIM4
1
21
22
SIM5
SIM1
SIM2
SIM3
SIM4
1
21
22
SIM5
SIM1
SIM2
SIM3
SIM4
1
21
22
SIM5
SIM1
SIM2
SIM3
SIM4
1
21
22
SIM5
SIM1
SIM2
SIM3
SIM4
1
21
22
SIM5
SIM1
SIM2
SIM3
SIM4
1
21
22
SIM5
SIM1
SIM2
SIM3
SIM4
1
21
22
SIM5
SIM1
SIM2
SIM3
SIM4
1
21
22
SIM5
SIM1
SIM2
SIM3
SIM4
1
21
22
SIM5
SIM1
SIM2
SIM3
SIM4
1
21
22
SIM5
SIM1
SIM2
SIM3
SIM4
1
21
22
SIM5
SIM1
SIM2
SIM3
SIM4
1
21
22
SIM5
SIM1
SIM2
SIM3
SIM4
1
21
22
SIM5
SIM1
SIM2
SIM3
SIM4
1
21
22
SIM5
SIM1
SIM2
SIM3
SIM4
1
21
22
SIM5
SIM1
SIM2
SIM3
SIM4
1
21
22
SIM5
SIM1
SIM2
SIM3
SIM4
1
21
22
SIM5
SIM1
SIM2
SIM3
SIM4
1
21
22
SIM5
SIM1
SIM2
SIM3
SIM4
1
21
22
SIM5
SIM1
SIM2
SIM3
SIM4
1
21
22
SIM5
SIM1
SIM2
SIM3
SIM4
1
21
22
SIM5
SIM1
SIM2
SIM3
SIM4
1
21
22
SIM5
SIM1
SIM2
SIM3
SIM4
1
21
22
SIM5
SIM1
SIM2
SIM3
SIM4
1
21
22
SIM5
SIM1
SIM2
SIM3
SIM4
1
21
22
SIM5
SIM1
SIM2
SIM3
SIM4
1
21
22
SIM5
SIM1
SIM2
SIM3
SIM4
1
21
22
SIM5
SIM1
SIM2
SIM3
SIM4
1
21
22
SIM5
SIM1
SIM2
SIM3
SIM4
1
21
22
SIM5
SIM1
SIM2
SIM3
SIM4
1
21
22
SIM5
SIM1
SIM2
SIM3
SIM4
1
21
22
SIM5
SIM1
SIM2
SIM3
SIM4
1
21
22
SIM5
SIM1
SIM2
SIM3
SIM4
1
21
22
SIM5
SIM1
SIM2
SIM3
SIM4
1
21
22
SIM5
SIM1
SIM2
SIM3
SIM4
1
21
22
SIM5
SIM1
SIM2
SIM3
SIM4
1
21
22
SIM5
SIM1
SIM2
SIM3
SIM4
1
21
22
SIM5
SIM1
SIM2
SIM3
SIM4
1
21
22
SIM5
SIM1
SIM2
SIM3
SIM4
1
21
22
SIM5
SIM1
SIM2
SIM3
SIM4
1
21
22
SIM5
SIM1
SIM2
SIM3
SIM4
1
21
22
SIM5
SIM1
SIM2
SIM3
SIM4
1
21
22
SIM5
SIM1
SIM2
SIM3
SIM4
1
21
22
SIM5
SIM1
SIM2
SIM3
SIM4
1
21
22
SIM5
SIM1
SIM2
SIM3
SIM4
1
21
22
SIM5
SIM1
SIM2
SIM3
SIM4
1
21
22
SIM5
SIM1
SIM2
SIM3
SIM4
1
21
22
SIM5
SIM1
SIM2
SIM3
SIM4
1
21
22
SIM5
SIM1
SIM2
SIM3
SIM4
1
21
22
SIM5
SIM1
SIM2
SIM3
SIM4
1
21
22
SIM5
SIM1
SIM2
SIM3
SIM4
1
21
22
SIM5
SIM1
SIM2
SIM3
SIM4
1
21
22
SIM5
SIM1
SIM2
SIM3
SIM4
1
21
22
SIM5
SIM1
SIM2
SIM3
SIM4
1
21
22
SIM5
SIM1
SIM2
SIM3
SIM4
1
21
22
SIM5
SIM1
SIM2
SIM3
SIM4
1
21
22
SIM5
SIM1
SIM2
SIM3
SIM4
1
21
22
SIM5
SIM1
SIM2
SIM3
SIM4
1
21
22
SIM5
SIM1
SIM2
SIM3
SIM4
1
21
22
SIM5
SIM1
SIM2
SIM3
SIM4
1
21
22
SIM5
SIM1
SIM2
SIM3
SIM4
1
21
22
SIM5
SIM1
SIM2
SIM3
SIM4
1
21
22
SIM5
SIM1
SIM2
SIM3
SIM4
1
21
22
SIM5
SIM1
SIM2
SIM3
SIM4
1
21
22
SIM5
SIM1
SIM2
SIM3
SIM4
1
21
22
SIM5
SIM1
SIM2
SIM3
SIM4
1
21
22
SIM5
SIM1
SIM2
SIM3
SIM4
1
21
22
SIM5
SIM1
SIM2
SIM3
SIM4
1
21
22
SIM5
SIM1
SIM2
SIM3
SIM4
1
21
22
SIM5
SIM1
SIM2
SIM3
SIM4
1
21
22
SIM5
SIM1
SIM2
SIM3
SIM4
1
21
22
SIM5
SIM1
SIM2
SIM3
SIM4
1
21
22
SIM5
SIM1
SIM2
SIM3
SIM4
1
21
22
SIM5
SIM1
SIM2
SIM3
SIM4
1
21
22
SIM5
SIM1
SIM2
SIM3
SIM4
1
21
22
SIM5
SIM1
SIM2
SIM3
SIM4
1
21
22
SIM5
SIM1
SIM2
SIM3
SIM4
1
21
22
SIM5
SIM1
SIM2
SIM3
SIM4
1
21
22
SIM5
SIM1
SIM2
SIM3
SIM4
1
21
22
SIM5
SIM1
SIM2
SIM3
SIM4
1
21
22
SIM5
SIM1
SIM2
SIM3
SIM4
1
21
22
SIM5
SIM1
SIM2
SIM3
SIM4
1
21
22
SIM5
SIM1
SIM2
SIM3
SIM4
1
21
22
SIM5
SIM1
SIM2
SIM3
SIM4
1
21
22
SIM5
SIM1
SIM2
SIM3
SIM4
1
21
22
SIM5
SIM1
SIM2
SIM3
SIM4
1
21
22
SIM5
SIM1
SIM2
SIM3
SIM4
1
21
22
SIM5
SIM1
SIM2
SIM3
SIM4
1
21
22
SIM5
SIM1
SIM2
SIM3
SIM4
1
21
22
SIM5
SIM1
SIM2
SIM3
SIM4
1
21
22
SIM5
SIM1
SIM2
SIM3
SIM4
1
21
22
SIM5
SIM1
SIM2
SIM3
SIM4
1
21
22
SIM5
SIM1
SIM2
SIM3
SIM4
1
21
22
SIM5
SIM1
SIM2
SIM3
SIM4
1
21
22
SIM5
SIM1
SIM2
SIM3
SIM4
1
21
22
SIM5
SIM1
SIM2
SIM3
SIM4
1
21
22
SIM5
SIM1
SIM2
SIM3
SIM4
1
21
22
SIM5
SIM1
SIM2
SIM3
SIM4
1
21
22
SIM5
SIM1
SIM2
SIM3
SIM4
1
21
22
SIM5
SIM1
SIM2
SIM3
SIM4
1
21
22
SIM5
SIM1
SIM2
SIM3
SIM4
1
21
22
SIM5
SIM1
SIM2
SIM3
SIM4
1
21
22
SIM5
SIM1
SIM2
SIM3
SIM4
1
21
22
SIM5
SIM1
SIM2
SIM3
SIM4
1
21
22
SIM5
SIM1
SIM2
SIM3
SIM4
1
21
22
SIM5
SIM1
SIM2
SIM3
SIM4
1
21
22
SIM5
SIM1
SIM2
SIM3
SIM4
1
21
22
SIM5
SIM1
SIM2
SIM3
SIM4
1
21
22
SIM5
SIM1
SIM2
SIM3
SIM4
1
21
22
SIM5
SIM1
SIM2
SIM3
SIM4
1
21
22
SIM5
SIM1
SIM2
SIM3
SIM4
1
21
22
SIM5
SIM1
SIM2
SIM3
SIM4
1
21
22
SIM5
SIM1
SIM2
SIM3
SIM4
1
21
22
SIM5
SIM1
SIM2
SIM3
SIM4
1
21
22
SIM5
SIM1
SIM2
SIM3
SIM4
1
21
22
SIM5
SIM1
SIM2
SIM3
SIM4
1
21
22
SIM5
SIM1
SIM2
SIM3
SIM4
1
21
22
SIM5
SIM1
SIM2
SIM3
SIM4
1
21
22
SIM5
SIM1
SIM2
SIM3
SIM4
1
21
22
SIM5
SIM1
SIM2
SIM3
SIM4
1
21
22
SIM5
SIM1
SIM2
SIM3
SIM4
1
21
22
SIM5
SIM1
SIM2
SIM3
SIM4
1
21
22
SIM5
SIM1
SIM2
SIM3
SIM4
1
21
22
SIM5
SIM1
SIM2
SIM3
SIM4
1
21
22
SIM5
SIM1
SIM2
SIM3
SIM4
1
21
22
SIM5
SIM1
SIM2
SIM3
SIM4
1
21
22
SIM5
SIM1
SIM2
SIM3
SIM4
1
21
22
SIM5
SIM1
SIM2
SIM3
SIM4
1
21
22
SIM5
SIM1
SIM2
SIM3
SIM4
1
21
22
SIM5
SIM1
SIM2
SIM3
SIM4
1
21
22
SIM5
SIM1
SIM2
SIM3
SIM4
1
21
22
SIM5
SIM1
SIM2
SIM3
SIM4
1
21
22
SIM5
SIM1
SIM2
SIM3
SIM4
1
21
22
SIM5
SIM1
SIM2
SIM3
SIM4
1
21
22
SIM5
SIM1
SIM2
SIM3
SIM4
1
21
22
SIM5
SIM1
SIM2
SIM3
SIM4
1
21
22
SIM5
SIM1
SIM2
SIM3
SIM4
1
21
22
SIM5
SIM1
SIM2
SIM3
SIM4
1
21
22
SIM5
SIM1
SIM2
SIM3
SIM4
1
21
22
SIM5
SIM1
SIM2
SIM3
SIM4
1
21
22
SIM5
SIM1
SIM2
SIM3
SIM4
1
21
22
SIM5
SIM1
SIM2
SIM3
SIM4
1
21
22
SIM5
SIM1
SIM2
SIM3
SIM4
1
21
22
SIM5
SIM1
SIM2
SIM3
SIM4
1
21
22
SIM5
SIM1
SIM2
SIM3
SIM4
1
21
22
SIM5
SIM1
SIM2
SIM3
SIM4
1
21
22
SIM5
SIM1
SIM2
SIM3
SIM4
1
21
22
SIM5
SIM1
SIM2
SIM3
SIM4
1
21
22
SIM5
SIM1
SIM2
SIM3
SIM4
1
21
22
SIM5
SIM1
SIM2
SIM3
SIM4
1
21
22
SIM5
SIM1
SIM2
SIM3
SIM4
1
21
22
SIM5
SIM1
SIM2
SIM3
SIM4
1
21
22
SIM5
SIM1
SIM2
SIM3
SIM4
1
21
22
SIM5
SIM1
SIM2
SIM3
SIM4
1
21
22
SIM5
SIM1
SIM2
SIM3
SIM4
1
21
22
SIM5
SIM1
SIM2
SIM3
SIM4
1
21
22
SIM5
SIM1
SIM2
SIM3
SIM4
1
21
22
SIM5
SIM1
SIM2
SIM3
SIM4
1
21
22
SIM5
SIM1
SIM2
SIM3
SIM4
1
21
22
SIM5
SIM1
SIM2
SIM3
SIM4
1
21
22
SIM5
SIM1
SIM2
SIM3
SIM4
1
21
22
SIM5
SIM1
SIM2
SIM3
SIM4
1
21
22
SIM5
SIM1
SIM2
SIM3
SIM4
1
21
22
SIM5
SIM1
SIM2
SIM3
SIM4
1
21
22
SIM5
SIM1
SIM2
SIM3
SIM4
1
21
22
SIM5
SIM1
SIM2
SIM3
SIM4
1
21
22
SIM5
SIM1
SIM2
SIM3
SIM4
1
21
22
SIM5
SIM1
SIM2
SIM3
SIM4
1
21
22
SIM5
SIM1
SIM2
SIM3
SIM4
1
21
22
SIM5
SIM1
SIM2
SIM3
SIM4
1
21
22
SIM5
SIM1
SIM2
SIM3
SIM4
1
21
22
SIM5
SIM1
SIM2
SIM3
SIM4
1
21
22
SIM5
SIM1
SIM2
SIM3
SIM4
1
21
22
SIM5
SIM1
SIM2
SIM3
SIM4
1
21
22
SIM5
SIM1
SIM2
SIM3
SIM4
1
21
22
SIM5
SIM1
SIM2
SIM3
SIM4
1
21
22
SIM5
SIM1
SIM2
SIM3
SIM4
1
21
22
SIM5
SIM1
SIM2
SIM3
SIM4
1
21
22
SIM5
SIM1
SIM2
SIM3
SIM4
1
21
22
SIM5
SIM1
SIM2
SIM3
SIM4
1
21
22
SIM5
SIM1
SIM2
SIM3
SIM4
1
21
22
SIM5
SIM1
SIM2
SIM3
SIM4
1
21
22
SIM5
SIM1
SIM2
SIM3
SIM4
1
21
22
SIM5
SIM1
SIM2
SIM3
SIM4
1
21
22
SIM5
SIM1
SIM2
SIM3
SIM4
1
21
22
SIM5
SIM1
SIM2
SIM3
SIM4
1
21
22
SIM5
SIM1
SIM2
SIM3
SIM4
1
21
22
SIM5
SIM1
SIM2
SIM3
SIM4
1
21
22
SIM5
SIM1
SIM2
DEBUG 1 583
SIM1
SIM2
SIM3
SIM4
1
21
22
SIM5
SIM1
SIM2
SIM3
SIM4
1
21
22
SIM5
SIM1
SIM2
SIM3
SIM4
1
21
22
SIM5
SIM1
SIM2
SIM3
SIM4
1
21
22
SIM5
SIM1
SIM2
SIM3
SIM4
1
21
22
SIM5
SIM1
SIM2
SIM3
SIM4
1
21
22
SIM5
SIM1
SIM2
SIM3
SIM4
1
21
22
SIM5
SIM1
SIM2
SIM3
SIM4
1
21
22
SIM5
SIM1
SIM2
SIM3
SIM4
1
21
22
SIM5
SIM1
SIM2
SIM3
SIM4
1
21
22
SIM5
SIM1
SIM2
SIM3
SIM4
1
21
22
SIM5
SIM1
SIM2
SIM3
SIM4
1
21
22
SIM5
SIM1
SIM2
SIM3
SIM4
1
21
22
SIM5
SIM1
SIM2
SIM3
SIM4
1
21
22
SIM5
SIM1
SIM2
SIM3
SIM4
1
21
22
SIM5
SIM1
SIM2
SIM3
SIM4
1
21
22
SIM5
SIM1
SIM2
SIM3
SIM4
1
21
22
SIM5
SIM1
SIM2
SIM3
SIM4
1
21
22
SIM5
SIM1
SIM2
SIM3
SIM4
1
21
22
SIM5
SIM1
SIM2
SIM3
SIM4
1
21
22
SIM5
SIM1
SIM2
SIM3
SIM4
1
21
22
SIM5
SIM1
SIM2
SIM3
SIM4
1
21
22
SIM5
SIM1
SIM2
SIM3
SIM4
1
21
22
SIM5
SIM1
SIM2
SIM3
SIM4
1
21
22
SIM5
SIM1
SIM2
SIM3
SIM4
1
21
22
SIM5
SIM1
SIM2
SIM3
SIM4
1
21
22
SIM5
SIM1
SIM2
SIM3
SIM4
1
21
22
SIM5
SIM1
SIM2
SIM3
SIM4
1
21
22
SIM5
SIM1
SIM2
SIM3
SIM4
1
21
22
SIM5
SIM1
SIM2
SIM3
SIM4
1
21
22
SIM5
SIM1
SIM2
SIM3
SIM4
1
21
22
SIM5
SIM1
SIM2
SIM3
SIM4
1
21
22
SIM5
SIM1
SIM2
SIM3
SIM4
1
21
22
SIM5
SIM1
SIM2
SIM3
SIM4
1
21
22
SIM5
SIM1
SIM2
SIM3
SIM4
1
21
22
SIM5
SIM1
SIM2
SIM3
SIM4
1
21
22
SIM5
SIM1
SIM2
SIM3
SIM4
1
21
22
SIM5
SIM1
SIM2
SIM3
SIM4
1
21
22
SIM5
SIM1
SIM2
SIM3
SIM4
1
21
22
SIM5
SIM1
SIM2
SIM3
SIM4
1
21
22
SIM5
SIM1
SIM2
SIM3
SIM4
1
21
22
SIM5
SIM1
SIM2
SIM3
SIM4
1
21
22
SIM5
SIM1
SIM2
SIM3
SIM4
1
21
22
SIM5
SIM1
SIM2
SIM3
SIM4
1
21
22
SIM5
SIM1
SIM2
SIM3
SIM4
1
21
22
SIM5
SIM1
SIM2
SIM3
SIM4
1
21
22
SIM5
SIM1
SIM2
SIM3
SIM4
1
21
22
SIM5
SIM1
SIM2
SIM3
SIM4
1
21
22
SIM5
SIM1
SIM2
SIM3
SIM4
1
21
22
SIM5
SIM1
SIM2
SIM3
SIM4
1
21
22
SIM5
SIM1
SIM2
SIM3
SIM4
1
21
22
SIM5
SIM1
SIM2
SIM3
SIM4
1
21
22
SIM5
SIM1
SIM2
SIM3
SIM4
1
21
22
SIM5
SIM1
SIM2
SIM3
SIM4
1
21
22
SIM5
SIM1
SIM2
SIM3
SIM4
1
21
22
SIM5
SIM1
SIM2
SIM3
SIM4
1
21
22
SIM5
SIM1
SIM2
SIM3
SIM4
1
21
22
SIM5
SIM1
SIM2
SIM3
SIM4
1
21
22
SIM5
SIM1
SIM2
SIM3
SIM4
1
21
22
SIM5
SIM1
SIM2
SIM3
SIM4
1
21
22
SIM5
SIM1
SIM2
SIM3
SIM4
1
21
22
SIM5
SIM1
SIM2
SIM3
SIM4
1
21
22
SIM5
SIM1
SIM2
SIM3
SIM4
1
21
22
SIM5
SIM1
SIM2
SIM3
SIM4
1
21
22
SIM5
SIM1
SIM2
SIM3
SIM4
1
21
22
SIM5
SIM1
SIM2
SIM3
SIM4
1
21
22
SIM5
SIM1
SIM2
SIM3
SIM4
1
21
22
SIM5
SIM1
SIM2
SIM3
SIM4
1
21
22
SIM5
SIM1
SIM2
SIM3
SIM4
1
21
22
SIM5
SIM1
SIM2
SIM3
SIM4
1
21
22
SIM5
SIM1
SIM2
SIM3
SIM4
1
21
22
SIM5
SIM1
SIM2
SIM3
SIM4
1
21
22
SIM5
SIM1
SIM2
SIM3
SIM4
1
21
22
SIM5
SIM1
SIM2
SIM3
SIM4
1
21
22
SIM5
SIM1
SIM2
SIM3
SIM4
1
21
22
SIM5
SIM1
SIM2
SIM3
SIM4
1
21
22
SIM5
SIM1
SIM2
SIM3
SIM4
1
21
22
SIM5
SIM1
SIM2
SIM3
SIM4
1
21
22
SIM5
SIM1
SIM2
SIM3
SIM4
1
21
22
SIM5
SIM1
SIM2
SIM3
SIM4
1
21
22
SIM5
SIM1
SIM2
SIM3
SIM4
1
21
22
SIM5
SIM1
SIM2
SIM3
SIM4
1
21
22
SIM5
SIM1
SIM2
SIM3
SIM4
1
21
22
SIM5
SIM1
SIM2
SIM3
SIM4
1
21
22
SIM5
SIM1
SIM2
SIM3
SIM4
1
21
22
SIM5
SIM1
SIM2
SIM3
SIM4
1
21
22
SIM5
SIM1
SIM2
SIM3
SIM4
1
21
22
SIM5
SIM1
SIM2
SIM3
SIM4
1
21
22
SIM5
SIM1
SIM2
SIM3
SIM4
1
21
22
SIM5
SIM1
SIM2
SIM3
SIM4
1
21
22
SIM5
SIM1
SIM2
SIM3
SIM4
1
21
22
SIM5
SIM1
SIM2
SIM3
SIM4
1
21
22
SIM5
SIM1
SIM2
SIM3
SIM4
1
21
22
SIM5
SIM1
SIM2
SIM3
SIM4
1
21
22
SIM5
SIM1
SIM2
SIM3
SIM4
1
21
22
SIM5
SIM1
SIM2
SIM3
SIM4
1
21
22
SIM5
SIM1
SIM2
SIM3
SIM4
1
21
22
SIM5
SIM1
SIM2
SIM3
SIM4
1
21
22
SIM5
SIM1
SIM2
SIM3
SIM4
1
21
22
SIM5
SIM1
SIM2
SIM3
SIM4
1
21
22
SIM5
SIM1
SIM2
SIM3
SIM4
1
21
22
SIM5
SIM1
SIM2
SIM3
SIM4
1
21
22
SIM5
SIM1
SIM2
SIM3
SIM4
1
21
22
SIM5
SIM1
SIM2
SIM3
SIM4
1
21
22
SIM5
SIM1
SIM2
SIM3
SIM4
1
21
22
SIM5
SIM1
SIM2
SIM3
SIM4
1
21
22
SIM5
SIM1
SIM2
SIM3
SIM4
1
21
22
SIM5
SIM1
SIM2
SIM3
SIM4
1
21
22
SIM5
SIM1
SIM2
SIM3
SIM4
1
21
22
SIM5
SIM1
SIM2
SIM3
SIM4
1
21
22
SIM5
SIM1
SIM2
SIM3
SIM4
1
21
22
SIM5
SIM1
SIM2
SIM3
SIM4
1
21
22
SIM5
SIM1
SIM2
SIM3
SIM4
1
21
22
SIM5
SIM1
SIM2
SIM3
SIM4
1
21
22
SIM5
SIM1
SIM2
SIM3
SIM4
1
21
22
SIM5
SIM1
SIM2
SIM3
SIM4
1
21
22
SIM5
SIM1
SIM2
SIM3
SIM4
1
21
22
SIM5
SIM1
SIM2
SIM3
SIM4
1
21
22
SIM5
SIM1
SIM2
SIM3
SIM4
1
21
22
SIM5
SIM1
SIM2
SIM3
SIM4
1
21
22
SIM5
SIM1
SIM2
SIM3
SIM4
1
21
22
SIM5
SIM1
SIM2
SIM3
SIM4
1
21
22
SIM5
SIM1
SIM2
SIM3
SIM4
1
21
22
SIM5
SIM1
SIM2
SIM3
SIM4
1
21
22
SIM5
SIM1
SIM2
SIM3
SIM4
1
21
22
SIM5
SIM1
SIM2
SIM3
SIM4
1
21
22
SIM5
SIM1
SIM2
SIM3
SIM4
1
21
22
SIM5
SIM1
SIM2
SIM3
SIM4
1
21
22
SIM5
SIM1
SIM2
SIM3
SIM4
1
21
22
SIM5
SIM1
SIM2
SIM3
SIM4
1
21
22
SIM5
SIM1
SIM2
SIM3
SIM4
1
21
22
SIM5
SIM1
SIM2
SIM3
SIM4
1
21
22
SIM5
SIM1
SIM2
SIM3
SIM4
1
21
22
SIM5
SIM1
SIM2
SIM3
SIM4
1
21
22
SIM5
SIM1
SIM2
SIM3
SIM4
1
21
22
SIM5
SIM1
SIM2
SIM3
SIM4
1
21
22
SIM5
SIM1
SIM2
SIM3
SIM4
1
21
22
SIM5
SIM1
SIM2
SIM3
SIM4
1
21
22
SIM5
SIM1
SIM2
SIM3
SIM4
1
21
22
SIM5
SIM1
SIM2
SIM3
SIM4
1
21
22
SIM5
SIM1
SIM2
SIM3
SIM4
1
21
22
SIM5
SIM1
SIM2
SIM3
SIM4
1
21
22
SIM5
SIM1
SIM2
SIM3
SIM4
1
21
22
SIM5
SIM1
SIM2
SIM3
SIM4
1
21
22
SIM5
SIM1
SIM2
SIM3
SIM4
1
21
22
SIM5
SIM1
SIM2
SIM3
SIM4
1
21
22
SIM5
SIM1
SIM2
SIM3
SIM4
1
21
22
SIM5
SIM1
SIM2
SIM3
SIM4
1
21
22
SIM5
SIM1
SIM2
SIM3
SIM4
1
21
22
SIM5
SIM1
SIM2
SIM3
SIM4
1
21
22
SIM5
SIM1
SIM2
SIM3
SIM4
1
21
22
SIM5
SIM1
SIM2
SIM3
SIM4
1
21
22
SIM5
SIM1
SIM2
SIM3
SIM4
1
21
22
SIM5
SIM1
SIM2
SIM3
SIM4
1
21
22
SIM5
SIM1
SIM2
SIM3
SIM4
1
21
22
SIM5
SIM1
SIM2
SIM3
SIM4
1
21
22
SIM5
SIM1
SIM2
SIM3
SIM4
1
21
22
SIM5
SIM1
SIM2
SIM3
SIM4
1
21
22
SIM5
SIM1
SIM2
SIM3
SIM4
1
21
22
SIM5
SIM1
SIM2
SIM3
SIM4
1
21
22
SIM5
SIM1
SIM2
SIM3
SIM4
1
21
22
SIM5
SIM1
SIM2
SIM3
SIM4
1
21
22
SIM5
SIM1
SIM2
SIM3
SIM4
1
21
22
SIM5
SIM1
SIM2
SIM3
SIM4
1
21
22
SIM5
SIM1
SIM2
SIM3
SIM4
1
21
22
SIM5
SIM1
SIM2
SIM3
SIM4
1
21
22
SIM5
SIM1
SIM2
SIM3
SIM4
1
21
22
SIM5
SIM1
SIM2
SIM3
SIM4
1
21
22
SIM5
SIM1
SIM2
SIM3
SIM4
1
21
22
SIM5
SIM1
SIM2
SIM3
SIM4
1
21
22
SIM5
SIM1
SIM2
SIM3
SIM4
1
21
22
SIM5
SIM1
SIM2
SIM3
SIM4
1
21
22
SIM5
SIM1
SIM2
SIM3
SIM4
1
21
22
SIM5
SIM1
SIM2
SIM3
SIM4
1
21
22
SIM5
SIM1
SIM2
SIM3
SIM4
1
21
22
SIM5
SIM1
SIM2
SIM3
SIM4
1
21
22
SIM5
SIM1
SIM2
SIM3
SIM4
1
21
22
SIM5
SIM1
SIM2
SIM3
SIM4
1
21
22
SIM5
SIM1
SIM2
SIM3
SIM4
1
21
22
SIM5
SIM1
SIM2
SIM3
SIM4
1
21
22
SIM5
SIM1
SIM2
SIM3
SIM4
1
21
22
SIM5
SIM1
SIM2
SIM3
SIM4
1
21
22
SIM5
SIM1
SIM2
SIM3
SIM4
1
21
22
SIM5
SIM1
SIM2
SIM3
SIM4
1
21
22
SIM5
SIM1
SIM2
SIM3
SIM4
1
21
22
SIM5
SIM1
SIM2
SIM3
SIM4
1
21
22
SIM5
SIM1
SIM2
SIM3
SIM4
1
21
22
SIM5
SIM1
SIM2
SIM3
SIM4
1
21
22
SIM5
SIM1
SIM2
SIM3
SIM4
1
21
22
SIM5
SIM1
SIM2
SIM3
SIM4
1
21
22
SIM5
SIM1
SIM2
SIM3
SIM4
1
21
22
SIM5
SIM1
SIM2
SIM3
SIM4
1
21
22
SIM5
SIM1
SIM2
SIM3
SIM4
1
21
22
SIM5
SIM1
SIM2
SIM3
SIM4
1
21
22
SIM5
SIM1
SIM2
SIM3
SIM4
1
21
22
SIM5
SIM1
SIM2
SIM3
SIM4
1
21
22
SIM5
SIM1
SIM2
SIM3
SIM4
1
21
22
SIM5
SIM1
SIM2
SIM3
SIM4
1
21
22
SIM5
SIM1
SIM2
SIM3
SIM4
1
21
22
SIM5
SIM1
SIM2
SIM3
SIM4
1
21
22
SIM5
SIM1
SIM2
SIM3
SIM4
1
21
22
SIM5
SIM1
SIM2
SIM3
SIM4
1
21
22
SIM5
SIM1
SIM2
SIM3
SIM4
1
21
22
SIM5
SIM1
SIM2
SIM3
SIM4
1
21
22
SIM5
SIM1
SIM2
SIM3
SIM4
1
21
22
SIM5
SIM1
SIM2
SIM3
SIM4
1
21
22
SIM5
SIM1
SIM2
SIM3
SIM4
1
21
22
SIM5
SIM1
SIM2
SIM3
SIM4
1
21
22
SIM5
SIM1
SIM2
SIM3
SIM4
1
21
22
SIM5
SIM1
SIM2
SIM3
SIM4
1
21
22
SIM5
SIM1
SIM2
SIM3
SIM4
1
21
22
SIM5
SIM1
SIM2
SIM3
SIM4
1
21
22
SIM5
SIM1
SIM2
SIM3
SIM4
1
21
22
SIM5
SIM1
SIM2
SIM3
SIM4
1
21
22
SIM5
SIM1
SIM2
SIM3
SIM4
1
21
22
SIM5
SIM1
SIM2
SIM3
SIM4
1
21
22
SIM5
SIM1
SIM2
SIM3
SIM4
1
21
22
SIM5
SIM1
SIM2
SIM3
SIM4
1
21
22
SIM5
SIM1
SIM2
SIM3
SIM4
1
21
22
SIM5
SIM1
SIM2
SIM3
SIM4
1
21
22
SIM5
SIM1
SIM2
SIM3
SIM4
1
21
22
SIM5
SIM1
SIM2
SIM3
SIM4
1
21
22
SIM5
SIM1
SIM2
SIM3
SIM4
1
21
22
SIM5
SIM1
SIM2
SIM3
SIM4
1
21
22
SIM5
SIM1
SIM2
SIM3
SIM4
1
21
22
SIM5
SIM1
SIM2
SIM3
SIM4
1
21
22
SIM5
SIM1
SIM2
SIM3
SIM4
1
21
22
SIM5
SIM1
SIM2
SIM3
SIM4
1
21
22
SIM5
SIM1
SIM2
SIM3
SIM4
1
21
22
SIM5
SIM1
SIM2
SIM3
SIM4
1
21
22
SIM5
SIM1
SIM2
SIM3
SIM4
1
21
22
SIM5
SIM1
SIM2
SIM3
SIM4
1
21
22
SIM5
SIM1
SIM2
SIM3
SIM4
1
21
22
SIM5
SIM1
SIM2
SIM3
SIM4
1
21
22
SIM5
SIM1
SIM2
SIM3
SIM4
1
21
22
SIM5
SIM1
SIM2
SIM3
SIM4
1
21
22
SIM5
SIM1
SIM2
SIM3
SIM4
1
21
22
SIM5
SIM1
SIM2
SIM3
SIM4
1
21
22
SIM5
SIM1
SIM2
SIM3
SIM4
1
21
22
SIM5
SIM1
SIM2
SIM3
SIM4
1
21
22
SIM5
SIM1
SIM2
SIM3
SIM4
1
21
22
SIM5
SIM1
SIM2
SIM3
SIM4
1
21
22
SIM5
SIM1
SIM2
SIM3
SIM4
1
21
22
SIM5
SIM1
SIM2
SIM3
SIM4
1
21
22
SIM5
SIM1
SIM2
SIM3
SIM4
1
21
22
SIM5
SIM1
SIM2
SIM3
SIM4
1
21
22
SIM5
SIM1
SIM2
SIM3
SIM4
1
21
22
SIM5
SIM1
SIM2
SIM3
SIM4
1
21
22
SIM5
SIM1
SIM2
SIM3
SIM4
1
21
22
SIM5
SIM1
SIM2
SIM3
SIM4
1
21
22
SIM5
SIM1
SIM2
SIM3
SIM4
1
21
22
SIM5
SIM1
SIM2
SIM3
SIM4
1
21
22
SIM5
SIM1
SIM2
SIM3
SIM4
1
21
22
SIM5
SIM1
SIM2
SIM3
SIM4
1
21
22
SIM5
SIM1
SIM2
SIM3
SIM4
1
21
22
SIM5
SIM1
SIM2
DEBUG 1 584
SIM1
SIM2
SIM3
SIM4
1
21
22
SIM5
SIM1
SIM2
SIM3
SIM4
1
21
22
SIM5
SIM1
SIM2
SIM3
SIM4
1
21
22
SIM5
SIM1
SIM2
SIM3
SIM4
1
21
22
SIM5
SIM1
SIM2
SIM3
SIM4
1
21
22
SIM5
SIM1
SIM2
SIM3
SIM4
1
21
22
SIM5
SIM1
SIM2
SIM3
SIM4
1
21
22
SIM5
SIM1
SIM2
SIM3
SIM4
1
21
22
SIM5
SIM1
SIM2
SIM3
SIM4
1
21
22
SIM5
SIM1
SIM2
SIM3
SIM4
1
21
22
SIM5
SIM1
SIM2
SIM3
SIM4
1
21
22
SIM5
SIM1
SIM2
SIM3
SIM4
1
21
22
SIM5
SIM1
SIM2
SIM3
SIM4
1
21
22
SIM5
SIM1
SIM2
SIM3
SIM4
1
21
22
SIM5
SIM1
SIM2
SIM3
SIM4
1
21
22
SIM5
SIM1
SIM2
SIM3
SIM4
1
21
22
SIM5
SIM1
SIM2
SIM3
SIM4
1
21
22
SIM5
SIM1
SIM2
SIM3
SIM4
1
21
22
SIM5
SIM1
SIM2
SIM3
SIM4
1
21
22
SIM5
SIM1
SIM2
SIM3
SIM4
1
21
22
SIM5
SIM1
SIM2
SIM3
SIM4
1
21
22
SIM5
SIM1
SIM2
SIM3
SIM4
1
21
22
SIM5
SIM1
SIM2
SIM3
SIM4
1
21
22
SIM5
SIM1
SIM2
SIM3
SIM4
1
21
22
SIM5
SIM1
SIM2
SIM3
SIM4
1
21
22
SIM5
SIM1
SIM2
SIM3
SIM4
1
21
22
SIM5
SIM1
SIM2
SIM3
SIM4
1
21
22
SIM5
SIM1
SIM2
SIM3
SIM4
1
21
22
SIM5
SIM1
SIM2
SIM3
SIM4
1
21
22
SIM5
SIM1
SIM2
SIM3
SIM4
1
21
22
SIM5
SIM1
SIM2
SIM3
SIM4
1
21
22
SIM5
SIM1
SIM2
SIM3
SIM4
1
21
22
SIM5
SIM1
SIM2
SIM3
SIM4
1
21
22
SIM5
SIM1
SIM2
SIM3
SIM4
1
21
22
SIM5
SIM1
SIM2
SIM3
SIM4
1
21
22
SIM5
SIM1
SIM2
SIM3
SIM4
1
21
22
SIM5
SIM1
SIM2
SIM3
SIM4
1
21
22
SIM5
SIM1
SIM2
SIM3
SIM4
1
21
22
SIM5
SIM1
SIM2
SIM3
SIM4
1
21
22
SIM5
SIM1
SIM2
SIM3
SIM4
1
21
22
SIM5
SIM1
SIM2
SIM3
SIM4
1
21
22
SIM5
SIM1
SIM2
SIM3
SIM4
1
21
22
SIM5
SIM1
SIM2
SIM3
SIM4
1
21
22
SIM5
SIM1
SIM2
SIM3
SIM4
1
21
22
SIM5
SIM1
SIM2
SIM3
SIM4
1
21
22
SIM5
SIM1
SIM2
SIM3
SIM4
1
21
22
SIM5
SIM1
SIM2
SIM3
SIM4
1
21
22
SIM5
SIM1
SIM2
SIM3
SIM4
1
21
22
SIM5
SIM1
SIM2
SIM3
SIM4
1
21
22
SIM5
SIM1
SIM2
SIM3
SIM4
1
21
22
SIM5
SIM1
SIM2
SIM3
SIM4
1
21
22
SIM5
SIM1
SIM2
SIM3
SIM4
1
21
22
SIM5
SIM1
SIM2
SIM3
SIM4
1
21
22
SIM5
SIM1
SIM2
SIM3
SIM4
1
21
22
SIM5
SIM1
SIM2
SIM3
SIM4
1
21
22
SIM5
SIM1
SIM2
SIM3
SIM4
1
21
22
SIM5
SIM1
SIM2
SIM3
SIM4
1
21
22
SIM5
SIM1
SIM2
SIM3
SIM4
1
21
22
SIM5
SIM1
SIM2
SIM3
SIM4
1
21
22
SIM5
SIM1
SIM2
SIM3
SIM4
1
21
22
SIM5
SIM1
SIM2
SIM3
SIM4
1
21
22
SIM5
SIM1
SIM2
SIM3
SIM4
1
21
22
SIM5
SIM1
SIM2
SIM3
SIM4
1
21
22
SIM5
SIM1
SIM2
SIM3
SIM4
1
21
22
SIM5
SIM1
SIM2
SIM3
SIM4
1
21
22
SIM5
SIM1
SIM2
SIM3
SIM4
1
21
22
SIM5
SIM1
SIM2
SIM3
SIM4
1
21
22
SIM5
SIM1
SIM2
SIM3
SIM4
1
21
22
SIM5
SIM1
SIM2
SIM3
SIM4
1
21
22
SIM5
SIM1
SIM2
SIM3
SIM4
1
21
22
SIM5
SIM1
SIM2
SIM3
SIM4
1
21
22
SIM5
SIM1
SIM2
SIM3
SIM4
1
21
22
SIM5
SIM1
SIM2
SIM3
SIM4
1
21
22
SIM5
SIM1
SIM2
SIM3
SIM4
1
21
22
SIM5
SIM1
SIM2
SIM3
SIM4
1
21
22
SIM5
SIM1
SIM2
SIM3
SIM4
1
21
22
SIM5
SIM1
SIM2
SIM3
SIM4
1
21
22
SIM5
SIM1
SIM2
SIM3
SIM4
1
21
22
SIM5
SIM1
SIM2
SIM3
SIM4
1
21
22
SIM5
SIM1
SIM2
SIM3
SIM4
1
21
22
SIM5
SIM1
SIM2
SIM3
SIM4
1
21
22
SIM5
SIM1
SIM2
SIM3
SIM4
1
21
22
SIM5
SIM1
SIM2
SIM3
SIM4
1
21
22
SIM5
SIM1
SIM2
SIM3
SIM4
1
21
22
SIM5
SIM1
SIM2
SIM3
SIM4
1
21
22
SIM5
SIM1
SIM2
SIM3
SIM4
1
21
22
SIM5
SIM1
SIM2
SIM3
SIM4
1
21
22
SIM5
SIM1
SIM2
SIM3
SIM4
1
21
22
SIM5
SIM1
SIM2
SIM3
SIM4
1
21
22
SIM5
SIM1
SIM2
SIM3
SIM4
1
21
22
SIM5
SIM1
SIM2
SIM3
SIM4
1
21
22
SIM5
SIM1
SIM2
SIM3
SIM4
1
21
22
SIM5
SIM1
SIM2
SIM3
SIM4
1
21
22
SIM5
SIM1
SIM2
SIM3
SIM4
1
21
22
SIM5
SIM1
SIM2
SIM3
SIM4
1
21
22
SIM5
SIM1
SIM2
SIM3
SIM4
1
21
22
SIM5
SIM1
SIM2
SIM3
SIM4
1
21
22
SIM5
SIM1
SIM2
SIM3
SIM4
1
21
22
SIM5
SIM1
SIM2
SIM3
SIM4
1
21
22
SIM5
SIM1
SIM2
SIM3
SIM4
1
21
22
SIM5
SIM1
SIM2
SIM3
SIM4
1
21
22
SIM5
SIM1
SIM2
SIM3
SIM4
1
21
22
SIM5
SIM1
SIM2
SIM3
SIM4
1
21
22
SIM5
SIM1
SIM2
SIM3
SIM4
1
21
22
SIM5
SIM1
SIM2
SIM3
SIM4
1
21
22
SIM5
SIM1
SIM2
SIM3
SIM4
1
21
22
SIM5
SIM1
SIM2
SIM3
SIM4
1
21
22
SIM5
SIM1
SIM2
SIM3
SIM4
1
21
22
SIM5
SIM1
SIM2
SIM3
SIM4
1
21
22
SIM5
SIM1
SIM2
SIM3
SIM4
1
21
22
SIM5
SIM1
SIM2
SIM3
SIM4
1
21
22
SIM5
SIM1
SIM2
SIM3
SIM4
1
21
22
SIM5
SIM1
SIM2
SIM3
SIM4
1
21
22
SIM5
SIM1
SIM2
SIM3
SIM4
1
21
22
SIM5
SIM1
SIM2
SIM3
SIM4
1
21
22
SIM5
SIM1
SIM2
SIM3
SIM4
1
21
22
SIM5
SIM1
SIM2
SIM3
SIM4
1
21
22
SIM5
SIM1
SIM2
SIM3
SIM4
1
21
22
SIM5
SIM1
SIM2
SIM3
SIM4
1
21
22
SIM5
SIM1
SIM2
SIM3
SIM4
1
21
22
SIM5
SIM1
SIM2
SIM3
SIM4
1
21
22
SIM5
SIM1
SIM2
SIM3
SIM4
1
21
22
SIM5
SIM1
SIM2
SIM3
SIM4
1
21
22
SIM5
SIM1
SIM2
SIM3
SIM4
1
21
22
SIM5
SIM1
SIM2
SIM3
SIM4
1
21
22
SIM5
SIM1
SIM2
SIM3
SIM4
1
21
22
SIM5
SIM1
SIM2
SIM3
SIM4
1
21
22
SIM5
SIM1
SIM2
SIM3
SIM4
1
21
22
SIM5
SIM1
SIM2
SIM3
SIM4
1
21
22
SIM5
SIM1
SIM2
SIM3
SIM4
1
21
22
SIM5
SIM1
SIM2
SIM3
SIM4
1
21
22
SIM5
SIM1
SIM2
SIM3
SIM4
1
21
22
SIM5
SIM1
SIM2
SIM3
SIM4
1
21
22
SIM5
SIM1
SIM2
SIM3
SIM4
1
21
22
SIM5
SIM1
SIM2
SIM3
SIM4
1
21
22
SIM5
SIM1
SIM2
SIM3
SIM4
1
21
22
SIM5
SIM1
SIM2
SIM3
SIM4
1
21
22
SIM5
SIM1
SIM2
SIM3
SIM4
1
21
22
SIM5
SIM1
SIM2
SIM3
SIM4
1
21
22
SIM5
SIM1
SIM2
SIM3
SIM4
1
21
22
SIM5
SIM1
SIM2
SIM3
SIM4
1
21
22
SIM5
SIM1
SIM2
SIM3
SIM4
1
21
22
SIM5
SIM1
SIM2
SIM3
SIM4
1
21
22
SIM5
SIM1
SIM2
SIM3
SIM4
1
21
22
SIM5
SIM1
SIM2
SIM3
SIM4
1
21
22
SIM5
SIM1
SIM2
SIM3
SIM4
1
21
22
SIM5
SIM1
SIM2
SIM3
SIM4
1
21
22
SIM5
SIM1
SIM2
SIM3
SIM4
1
21
22
SIM5
SIM1
SIM2
SIM3
SIM4
1
21
22
SIM5
SIM1
SIM2
SIM3
SIM4
1
21
22
SIM5
SIM1
SIM2
SIM3
SIM4
1
21
22
SIM5
SIM1
SIM2
SIM3
SIM4
1
21
22
SIM5
SIM1
SIM2
SIM3
SIM4
1
21
22
SIM5
SIM1
SIM2
SIM3
SIM4
1
21
22
SIM5
SIM1
SIM2
SIM3
SIM4
1
21
22
SIM5
SIM1
SIM2
SIM3
SIM4
1
21
22
SIM5
SIM1
SIM2
SIM3
SIM4
1
21
22
SIM5
SIM1
SIM2
SIM3
SIM4
1
21
22
SIM5
SIM1
SIM2
SIM3
SIM4
1
21
22
SIM5
SIM1
SIM2
SIM3
SIM4
1
21
22
SIM5
SIM1
SIM2
SIM3
SIM4
1
21
22
SIM5
SIM1
SIM2
SIM3
SIM4
1
21
22
SIM5
SIM1
SIM2
SIM3
SIM4
1
21
22
SIM5
SIM1
SIM2
SIM3
SIM4
1
21
22
SIM5
SIM1
SIM2
SIM3
SIM4
1
21
22
SIM5
SIM1
SIM2
SIM3
SIM4
1
21
22
SIM5
SIM1
SIM2
SIM3
SIM4
1
21
22
SIM5
SIM1
SIM2
SIM3
SIM4
1
21
22
SIM5
SIM1
SIM2
SIM3
SIM4
1
21
22
SIM5
SIM1
SIM2
SIM3
SIM4
1
21
22
SIM5
SIM1
SIM2
SIM3
SIM4
1
21
22
SIM5
SIM1
SIM2
SIM3
SIM4
1
21
22
SIM5
SIM1
SIM2
SIM3
SIM4
1
21
22
SIM5
SIM1
SIM2
SIM3
SIM4
1
21
22
SIM5
SIM1
SIM2
SIM3
SIM4
1
21
22
SIM5
SIM1
SIM2
SIM3
SIM4
1
21
22
SIM5
SIM1
SIM2
SIM3
SIM4
1
21
22
SIM5
SIM1
SIM2
SIM3
SIM4
1
21
22
SIM5
SIM1
SIM2
SIM3
SIM4
1
21
22
SIM5
SIM1
SIM2
SIM3
SIM4
1
21
22
SIM5
SIM1
SIM2
SIM3
SIM4
1
21
22
SIM5
SIM1
SIM2
SIM3
SIM4
1
21
22
SIM5
SIM1
SIM2
SIM3
SIM4
1
21
22
SIM5
SIM1
SIM2
SIM3
SIM4
1
21
22
SIM5
SIM1
SIM2
SIM3
SIM4
1
21
22
SIM5
SIM1
SIM2
SIM3
SIM4
1
21
22
SIM5
SIM1
SIM2
SIM3
SIM4
1
21
22
SIM5
SIM1
SIM2
SIM3
SIM4
1
21
22
SIM5
SIM1
SIM2
SIM3
SIM4
1
21
22
SIM5
SIM1
SIM2
SIM3
SIM4
1
21
22
SIM5
SIM1
SIM2
SIM3
SIM4
1
21
22
SIM5
SIM1
SIM2
SIM3
SIM4
1
21
22
SIM5
SIM1
SIM2
SIM3
SIM4
1
21
22
SIM5
SIM1
SIM2
SIM3
SIM4
1
21
22
SIM5
SIM1
SIM2
SIM3
SIM4
1
21
22
SIM5
SIM1
SIM2
SIM3
SIM4
1
21
22
SIM5
SIM1
SIM2
SIM3
SIM4
1
21
22
SIM5
SIM1
SIM2
SIM3
SIM4
1
21
22
SIM5
SIM1
SIM2
SIM3
SIM4
1
21
22
SIM5
SIM1
SIM2
SIM3
SIM4
1
21
22
SIM5
SIM1
SIM2
SIM3
SIM4
1
21
22
SIM5
SIM1
SIM2
SIM3
SIM4
1
21
22
SIM5
SIM1
SIM2
SIM3
SIM4
1
21
22
SIM5
SIM1
SIM2
SIM3
SIM4
1
21
22
SIM5
SIM1
SIM2
SIM3
SIM4
1
21
22
SIM5
SIM1
SIM2
SIM3
SIM4
1
21
22
SIM5
SIM1
SIM2
SIM3
SIM4
1
21
22
SIM5
SIM1
SIM2
SIM3
SIM4
1
21
22
SIM5
SIM1
SIM2
SIM3
SIM4
1
21
22
SIM5
SIM1
SIM2
SIM3
SIM4
1
21
22
SIM5
SIM1
SIM2
SIM3
SIM4
1
21
22
SIM5
SIM1
SIM2
SIM3
SIM4
1
21
22
SIM5
SIM1
SIM2
SIM3
SIM4
1
21
22
SIM5
SIM1
SIM2
SIM3
SIM4
1
21
22
SIM5
SIM1
SIM2
SIM3
SIM4
1
21
22
SIM5
SIM1
SIM2
SIM3
SIM4
1
21
22
SIM5
SIM1
SIM2
SIM3
SIM4
1
21
22
SIM5
SIM1
SIM2
SIM3
SIM4
1
21
22
SIM5
SIM1
SIM2
SIM3
SIM4
1
21
22
SIM5
SIM1
SIM2
SIM3
SIM4
1
21
22
SIM5
SIM1
SIM2
SIM3
SIM4
1
21
22
SIM5
SIM1
SIM2
SIM3
SIM4
1
21
22
SIM5
SIM1
SIM2
SIM3
SIM4
1
21
22
SIM5
SIM1
SIM2
SIM3
SIM4
1
21
22
SIM5
SIM1
SIM2
SIM3
SIM4
1
21
22
SIM5
SIM1
SIM2
SIM3
SIM4
1
21
22
SIM5
SIM1
SIM2
SIM3
SIM4
1
21
22
SIM5
SIM1
SIM2
SIM3
SIM4
1
21
22
SIM5
SIM1
SIM2
SIM3
SIM4
1
21
22
SIM5
SIM1
SIM2
SIM3
SIM4
1
21
22
SIM5
SIM1
SIM2
SIM3
SIM4
1
21
22
SIM5
SIM1
SIM2
SIM3
SIM4
1
21
22
SIM5
SIM1
SIM2
SIM3
SIM4
1
21
22
SIM5
SIM1
SIM2
SIM3
SIM4
1
21
22
SIM5
SIM1
SIM2
SIM3
SIM4
1
21
22
SIM5
SIM1
SIM2
SIM3
SIM4
1
21
22
SIM5
SIM1
SIM2
SIM3
SIM4
1
21
22
SIM5
SIM1
SIM2
SIM3
SIM4
1
21
22
SIM5
SIM1
SIM2
SIM3
SIM4
1
21
22
SIM5
SIM1
SIM2
DEBUG 1 585
SIM1
SIM2
SIM3
SIM4
1
21
22
SIM5
SIM1
SIM2
SIM3
SIM4
1
21
22
SIM5
SIM1
SIM2
SIM3
SIM4
1
21
22
SIM5
SIM1
SIM2
SIM3
SIM4
1
21
22
SIM5
SIM1
SIM2
SIM3
SIM4
1
21
22
SIM5
SIM1
SIM2
SIM3
SIM4
1
21
22
SIM5
SIM1
SIM2
SIM3
SIM4
1
21
22
SIM5
SIM1
SIM2
SIM3
SIM4
1
21
22
SIM5
SIM1
SIM2
SIM3
SIM4
1
21
22
SIM5
SIM1
SIM2
SIM3
SIM4
1
21
22
SIM5
SIM1
SIM2
SIM3
SIM4
1
21
22
SIM5
SIM1
SIM2
SIM3
SIM4
1
21
22
SIM5
SIM1
SIM2
SIM3
SIM4
1
21
22
SIM5
SIM1
SIM2
SIM3
SIM4
1
21
22
SIM5
SIM1
SIM2
SIM3
SIM4
1
21
22
SIM5
SIM1
SIM2
SIM3
SIM4
1
21
22
SIM5
SIM1
SIM2
SIM3
SIM4
1
21
22
SIM5
SIM1
SIM2
SIM3
SIM4
1
21
22
SIM5
SIM1
SIM2
SIM3
SIM4
1
21
22
SIM5
SIM1
SIM2
SIM3
SIM4
1
21
22
SIM5
SIM1
SIM2
SIM3
SIM4
1
21
22
SIM5
SIM1
SIM2
SIM3
SIM4
1
21
22
SIM5
SIM1
SIM2
SIM3
SIM4
1
21
22
SIM5
SIM1
SIM2
SIM3
SIM4
1
21
22
SIM5
SIM1
SIM2
SIM3
SIM4
1
21
22
SIM5
SIM1
SIM2
SIM3
SIM4
1
21
22
SIM5
SIM1
SIM2
SIM3
SIM4
1
21
22
SIM5
SIM1
SIM2
SIM3
SIM4
1
21
22
SIM5
SIM1
SIM2
SIM3
SIM4
1
21
22
SIM5
SIM1
SIM2
SIM3
SIM4
1
21
22
SIM5
SIM1
SIM2
SIM3
SIM4
1
21
22
SIM5
SIM1
SIM2
SIM3
SIM4
1
21
22
SIM5
SIM1
SIM2
SIM3
SIM4
1
21
22
SIM5
SIM1
SIM2
SIM3
SIM4
1
21
22
SIM5
SIM1
SIM2
SIM3
SIM4
1
21
22
SIM5
SIM1
SIM2
SIM3
SIM4
1
21
22
SIM5
SIM1
SIM2
SIM3
SIM4
1
21
22
SIM5
SIM1
SIM2
SIM3
SIM4
1
21
22
SIM5
SIM1
SIM2
SIM3
SIM4
1
21
22
SIM5
SIM1
SIM2
SIM3
SIM4
1
21
22
SIM5
SIM1
SIM2
SIM3
SIM4
1
21
22
SIM5
SIM1
SIM2
SIM3
SIM4
1
21
22
SIM5
SIM1
SIM2
SIM3
SIM4
1
21
22
SIM5
SIM1
SIM2
SIM3
SIM4
1
21
22
SIM5
SIM1
SIM2
SIM3
SIM4
1
21
22
SIM5
SIM1
SIM2
SIM3
SIM4
1
21
22
SIM5
SIM1
SIM2
SIM3
SIM4
1
21
22
SIM5
SIM1
SIM2
SIM3
SIM4
1
21
22
SIM5
SIM1
SIM2
SIM3
SIM4
1
21
22
SIM5
SIM1
SIM2
SIM3
SIM4
1
21
22
SIM5
SIM1
SIM2
SIM3
SIM4
1
21
22
SIM5
SIM1
SIM2
SIM3
SIM4
1
21
22
SIM5
SIM1
SIM2
SIM3
SIM4
1
21
22
SIM5
SIM1
SIM2
SIM3
SIM4
1
21
22
SIM5
SIM1
SIM2
SIM3
SIM4
1
21
22
SIM5
SIM1
SIM2
SIM3
SIM4
1
21
22
SIM5
SIM1
SIM2
SIM3
SIM4
1
21
22
SIM5
SIM1
SIM2
SIM3
SIM4
1
21
22
SIM5
SIM1
SIM2
SIM3
SIM4
1
21
22
SIM5
SIM1
SIM2
SIM3
SIM4
1
21
22
SIM5
SIM1
SIM2
SIM3
SIM4
1
21
22
SIM5
SIM1
SIM2
SIM3
SIM4
1
21
22
SIM5
SIM1
SIM2
SIM3
SIM4
1
21
22
SIM5
SIM1
SIM2
SIM3
SIM4
1
21
22
SIM5
SIM1
SIM2
SIM3
SIM4
1
21
22
SIM5
SIM1
SIM2
SIM3
SIM4
1
21
22
SIM5
SIM1
SIM2
SIM3
SIM4
1
21
22
SIM5
SIM1
SIM2
SIM3
SIM4
1
21
22
SIM5
SIM1
SIM2
SIM3
SIM4
1
21
22
SIM5
SIM1
SIM2
SIM3
SIM4
1
21
22
SIM5
SIM1
SIM2
SIM3
SIM4
1
21
22
SIM5
SIM1
SIM2
SIM3
SIM4
1
21
22
SIM5
SIM1
SIM2
SIM3
SIM4
1
21
22
SIM5
SIM1
SIM2
SIM3
SIM4
1
21
22
SIM5
SIM1
SIM2
SIM3
SIM4
1
21
22
SIM5
SIM1
SIM2
SIM3
SIM4
1
21
22
SIM5
SIM1
SIM2
SIM3
SIM4
1
21
22
SIM5
SIM1
SIM2
SIM3
SIM4
1
21
22
SIM5
SIM1
SIM2
SIM3
SIM4
1
21
22
SIM5
SIM1
SIM2
SIM3
SIM4
1
21
22
SIM5
SIM1
SIM2
SIM3
SIM4
1
21
22
SIM5
SIM1
SIM2
SIM3
SIM4
1
21
22
SIM5
SIM1
SIM2
SIM3
SIM4
1
21
22
SIM5
SIM1
SIM2
SIM3
SIM4
1
21
22
SIM5
SIM1
SIM2
SIM3
SIM4
1
21
22
SIM5
SIM1
SIM2
SIM3
SIM4
1
21
22
SIM5
SIM1
SIM2
SIM3
SIM4
1
21
22
SIM5
SIM1
SIM2
SIM3
SIM4
1
21
22
SIM5
SIM1
SIM2
SIM3
SIM4
1
21
22
SIM5
SIM1
SIM2
SIM3
SIM4
1
21
22
SIM5
SIM1
SIM2
SIM3
SIM4
1
21
22
SIM5
SIM1
SIM2
SIM3
SIM4
1
21
22
SIM5
SIM1
SIM2
SIM3
SIM4
1
21
22
SIM5
SIM1
SIM2
SIM3
SIM4
1
21
22
SIM5
SIM1
SIM2
SIM3
SIM4
1
21
22
SIM5
SIM1
SIM2
SIM3
SIM4
1
21
22
SIM5
SIM1
SIM2
SIM3
SIM4
1
21
22
SIM5
SIM1
SIM2
SIM3
SIM4
1
21
22
SIM5
SIM1
SIM2
SIM3
SIM4
1
21
22
SIM5
SIM1
SIM2
SIM3
SIM4
1
21
22
SIM5
SIM1
SIM2
SIM3
SIM4
1
21
22
SIM5
SIM1
SIM2
SIM3
SIM4
1
21
22
SIM5
SIM1
SIM2
SIM3
SIM4
1
21
22
SIM5
SIM1
SIM2
SIM3
SIM4
1
21
22
SIM5
SIM1
SIM2
SIM3
SIM4
1
21
22
SIM5
SIM1
SIM2
SIM3
SIM4
1
21
22
SIM5
SIM1
SIM2
SIM3
SIM4
1
21
22
SIM5
SIM1
SIM2
SIM3
SIM4
1
21
22
SIM5
SIM1
SIM2
SIM3
SIM4
1
21
22
SIM5
SIM1
SIM2
SIM3
SIM4
1
21
22
SIM5
SIM1
SIM2
SIM3
SIM4
1
21
22
SIM5
SIM1
SIM2
SIM3
SIM4
1
21
22
SIM5
SIM1
SIM2
SIM3
SIM4
1
21
22
SIM5
SIM1
SIM2
SIM3
SIM4
1
21
22
SIM5
SIM1
SIM2
SIM3
SIM4
1
21
22
SIM5
SIM1
SIM2
SIM3
SIM4
1
21
22
SIM5
SIM1
SIM2
SIM3
SIM4
1
21
22
SIM5
SIM1
SIM2
SIM3
SIM4
1
21
22
SIM5
SIM1
SIM2
SIM3
SIM4
1
21
22
SIM5
SIM1
SIM2
SIM3
SIM4
1
21
22
SIM5
SIM1
SIM2
SIM3
SIM4
1
21
22
SIM5
SIM1
SIM2
SIM3
SIM4
1
21
22
SIM5
SIM1
SIM2
SIM3
SIM4
1
21
22
SIM5
SIM1
SIM2
SIM3
SIM4
1
21
22
SIM5
SIM1
SIM2
SIM3
SIM4
1
21
22
SIM5
SIM1
SIM2
SIM3
SIM4
1
21
22
SIM5
SIM1
SIM2
SIM3
SIM4
1
21
22
SIM5
SIM1
SIM2
SIM3
SIM4
1
21
22
SIM5
SIM1
SIM2
SIM3
SIM4
1
21
22
SIM5
SIM1
SIM2
SIM3
SIM4
1
21
22
SIM5
SIM1
SIM2
SIM3
SIM4
1
21
22
SIM5
SIM1
SIM2
SIM3
SIM4
1
21
22
SIM5
SIM1
SIM2
SIM3
SIM4
1
21
22
SIM5
SIM1
SIM2
SIM3
SIM4
1
21
22
SIM5
SIM1
SIM2
SIM3
SIM4
1
21
22
SIM5
SIM1
SIM2
SIM3
SIM4
1
21
22
SIM5
SIM1
SIM2
SIM3
SIM4
1
21
22
SIM5
SIM1
SIM2
SIM3
SIM4
1
21
22
SIM5
SIM1
SIM2
SIM3
SIM4
1
21
22
SIM5
SIM1
SIM2
SIM3
SIM4
1
21
22
SIM5
SIM1
SIM2
SIM3
SIM4
1
21
22
SIM5
SIM1
SIM2
SIM3
SIM4
1
21
22
SIM5
SIM1
SIM2
SIM3
SIM4
1
21
22
SIM5
SIM1
SIM2
SIM3
SIM4
1
21
22
SIM5
SIM1
SIM2
SIM3
SIM4
1
21
22
SIM5
SIM1
SIM2
SIM3
SIM4
1
21
22
SIM5
SIM1
SIM2
SIM3
SIM4
1
21
22
SIM5
SIM1
SIM2
SIM3
SIM4
1
21
22
SIM5
SIM1
SIM2
SIM3
SIM4
1
21
22
SIM5
SIM1
SIM2
SIM3
SIM4
1
21
22
SIM5
SIM1
SIM2
SIM3
SIM4
1
21
22
SIM5
SIM1
SIM2
SIM3
SIM4
1
21
22
SIM5
SIM1
SIM2
SIM3
SIM4
1
21
22
SIM5
SIM1
SIM2
SIM3
SIM4
1
21
22
SIM5
SIM1
SIM2
SIM3
SIM4
1
21
22
SIM5
SIM1
SIM2
SIM3
SIM4
1
21
22
SIM5
SIM1
SIM2
SIM3
SIM4
1
21
22
SIM5
SIM1
SIM2
SIM3
SIM4
1
21
22
SIM5
SIM1
SIM2
SIM3
SIM4
1
21
22
SIM5
SIM1
SIM2
SIM3
SIM4
1
21
22
SIM5
SIM1
SIM2
SIM3
SIM4
1
21
22
SIM5
SIM1
SIM2
SIM3
SIM4
1
21
22
SIM5
SIM1
SIM2
SIM3
SIM4
1
21
22
SIM5
SIM1
SIM2
SIM3
SIM4
1
21
22
SIM5
SIM1
SIM2
SIM3
SIM4
1
21
22
SIM5
SIM1
SIM2
SIM3
SIM4
1
21
22
SIM5
SIM1
SIM2
SIM3
SIM4
1
21
22
SIM5
SIM1
SIM2
SIM3
SIM4
1
21
22
SIM5
SIM1
SIM2
SIM3
SIM4
1
21
22
SIM5
SIM1
SIM2
SIM3
SIM4
1
21
22
SIM5
SIM1
SIM2
SIM3
SIM4
1
21
22
SIM5
SIM1
SIM2
SIM3
SIM4
1
21
22
SIM5
SIM1
SIM2
SIM3
SIM4
1
21
22
SIM5
SIM1
SIM2
SIM3
SIM4
1
21
22
SIM5
SIM1
SIM2
SIM3
SIM4
1
21
22
SIM5
SIM1
SIM2
SIM3
SIM4
1
21
22
SIM5
SIM1
SIM2
SIM3
SIM4
1
21
22
SIM5
SIM1
SIM2
SIM3
SIM4
1
21
22
SIM5
SIM1
SIM2
SIM3
SIM4
1
21
22
SIM5
SIM1
SIM2
SIM3
SIM4
1
21
22
SIM5
SIM1
SIM2
SIM3
SIM4
1
21
22
SIM5
SIM1
SIM2
SIM3
SIM4
1
21
22
SIM5
SIM1
SIM2
SIM3
SIM4
1
21
22
SIM5
SIM1
SIM2
SIM3
SIM4
1
21
22
SIM5
SIM1
SIM2
SIM3
SIM4
1
21
22
SIM5
SIM1
SIM2
SIM3
SIM4
1
21
22
SIM5
SIM1
SIM2
SIM3
SIM4
1
21
22
SIM5
SIM1
SIM2
SIM3
SIM4
1
21
22
SIM5
SIM1
SIM2
SIM3
SIM4
1
21
22
SIM5
SIM1
SIM2
SIM3
SIM4
1
21
22
SIM5
SIM1
SIM2
SIM3
SIM4
1
21
22
SIM5
SIM1
SIM2
SIM3
SIM4
1
21
22
SIM5
SIM1
SIM2
SIM3
SIM4
1
21
22
SIM5
SIM1
SIM2
SIM3
SIM4
1
21
22
SIM5
SIM1
SIM2
SIM3
SIM4
1
21
22
SIM5
SIM1
SIM2
SIM3
SIM4
1
21
22
SIM5
SIM1
SIM2
SIM3
SIM4
1
21
22
SIM5
SIM1
SIM2
SIM3
SIM4
1
21
22
SIM5
SIM1
SIM2
SIM3
SIM4
1
21
22
SIM5
SIM1
SIM2
SIM3
SIM4
1
21
22
SIM5
SIM1
SIM2
SIM3
SIM4
1
21
22
SIM5
SIM1
SIM2
SIM3
SIM4
1
21
22
SIM5
SIM1
SIM2
SIM3
SIM4
1
21
22
SIM5
SIM1
SIM2
SIM3
SIM4
1
21
22
SIM5
SIM1
SIM2
SIM3
SIM4
1
21
22
SIM5
SIM1
SIM2
SIM3
SIM4
1
21
22
SIM5
SIM1
SIM2
SIM3
SIM4
1
21
22
SIM5
SIM1
SIM2
SIM3
SIM4
1
21
22
SIM5
SIM1
SIM2
SIM3
SIM4
1
21
22
SIM5
SIM1
SIM2
SIM3
SIM4
1
21
22
SIM5
SIM1
SIM2
SIM3
SIM4
1
21
22
SIM5
SIM1
SIM2
SIM3
SIM4
1
21
22
SIM5
SIM1
SIM2
SIM3
SIM4
1
21
22
SIM5
SIM1
SIM2
SIM3
SIM4
1
21
22
SIM5
SIM1
SIM2
SIM3
SIM4
1
21
22
SIM5
SIM1
SIM2
SIM3
SIM4
1
21
22
SIM5
SIM1
SIM2
SIM3
SIM4
1
21
22
SIM5
SIM1
SIM2
SIM3
SIM4
1
21
22
SIM5
SIM1
SIM2
SIM3
SIM4
1
21
22
SIM5
SIM1
SIM2
SIM3
SIM4
1
21
22
SIM5
SIM1
SIM2
SIM3
SIM4
1
21
22
SIM5
SIM1
SIM2
SIM3
SIM4
1
21
22
SIM5
SIM1
SIM2
SIM3
SIM4
1
21
22
SIM5
SIM1
SIM2
SIM3
SIM4
1
21
22
SIM5
SIM1
SIM2
SIM3
SIM4
1
21
22
SIM5
SIM1
SIM2
SIM3
SIM4
1
21
22
SIM5
SIM1
SIM2
SIM3
SIM4
1
21
22
SIM5
SIM1
SIM2
SIM3
SIM4
1
21
22
SIM5
SIM1
SIM2
SIM3
SIM4
1
21
22
SIM5
SIM1
SIM2
SIM3
SIM4
1
21
22
SIM5
SIM1
SIM2
SIM3
SIM4
1
21
22
SIM5
SIM1
SIM2
SIM3
SIM4
1
21
22
SIM5
SIM1
SIM2
SIM3
SIM4
1
21
22
SIM5
SIM1
SIM2
SIM3
SIM4
1
21
22
SIM5
SIM1
SIM2
SIM3
SIM4
1
21
22
SIM5
SIM1
SIM2
SIM3
SIM4
1
21
22
SIM5
SIM1
SIM2
SIM3
SIM4
1
21
22
SIM5
SIM1
SIM2
SIM3
SIM4
1
21
22
SIM5
SIM1
SIM2
SIM3
SIM4
1
21
22
SIM5
SIM1
SIM2
SIM3
SIM4
1
21
22
SIM5
SIM1
SIM2
DEBUG 1 586
SIM1
SIM2
SIM3
SIM4
1
21
22
SIM5
SIM1
SIM2
SIM3
SIM4
1
21
22
SIM5
SIM1
SIM2
SIM3
SIM4
1
21
22
SIM5
SIM1
SIM2
SIM3
SIM4
1
21
22
SIM5
SIM1
SIM2
SIM3
SIM4
1
21
22
SIM5
SIM1
SIM2
SIM3
SIM4
1
21
22
SIM5
SIM1
SIM2
SIM3
SIM4
1
21
22
SIM5
SIM1
SIM2
SIM3
SIM4
1
21
22
SIM5
SIM1
SIM2
SIM3
SIM4
1
21
22
SIM5
SIM1
SIM2
SIM3
SIM4
1
21
22
SIM5
SIM1
SIM2
SIM3
SIM4
1
21
22
SIM5
SIM1
SIM2
SIM3
SIM4
1
21
22
SIM5
SIM1
SIM2
SIM3
SIM4
1
21
22
SIM5
SIM1
SIM2
SIM3
SIM4
1
21
22
SIM5
SIM1
SIM2
SIM3
SIM4
1
21
22
SIM5
SIM1
SIM2
SIM3
SIM4
1
21
22
SIM5
SIM1
SIM2
SIM3
SIM4
1
21
22
SIM5
SIM1
SIM2
SIM3
SIM4
1
21
22
SIM5
SIM1
SIM2
SIM3
SIM4
1
21
22
SIM5
SIM1
SIM2
SIM3
SIM4
1
21
22
SIM5
SIM1
SIM2
SIM3
SIM4
1
21
22
SIM5
SIM1
SIM2
SIM3
SIM4
1
21
22
SIM5
SIM1
SIM2
SIM3
SIM4
1
21
22
SIM5
SIM1
SIM2
SIM3
SIM4
1
21
22
SIM5
SIM1
SIM2
SIM3
SIM4
1
21
22
SIM5
SIM1
SIM2
SIM3
SIM4
1
21
22
SIM5
SIM1
SIM2
SIM3
SIM4
1
21
22
SIM5
SIM1
SIM2
SIM3
SIM4
1
21
22
SIM5
SIM1
SIM2
SIM3
SIM4
1
21
22
SIM5
SIM1
SIM2
SIM3
SIM4
1
21
22
SIM5
SIM1
SIM2
SIM3
SIM4
1
21
22
SIM5
SIM1
SIM2
SIM3
SIM4
1
21
22
SIM5
SIM1
SIM2
SIM3
SIM4
1
21
22
SIM5
SIM1
SIM2
SIM3
SIM4
1
21
22
SIM5
SIM1
SIM2
SIM3
SIM4
1
21
22
SIM5
SIM1
SIM2
SIM3
SIM4
1
21
22
SIM5
SIM1
SIM2
SIM3
SIM4
1
21
22
SIM5
SIM1
SIM2
SIM3
SIM4
1
21
22
SIM5
SIM1
SIM2
SIM3
SIM4
1
21
22
SIM5
SIM1
SIM2
SIM3
SIM4
1
21
22
SIM5
SIM1
SIM2
SIM3
SIM4
1
21
22
SIM5
SIM1
SIM2
SIM3
SIM4
1
21
22
SIM5
SIM1
SIM2
SIM3
SIM4
1
21
22
SIM5
SIM1
SIM2
SIM3
SIM4
1
21
22
SIM5
SIM1
SIM2
SIM3
SIM4
1
21
22
SIM5
SIM1
SIM2
SIM3
SIM4
1
21
22
SIM5
SIM1
SIM2
SIM3
SIM4
1
21
22
SIM5
SIM1
SIM2
SIM3
SIM4
1
21
22
SIM5
SIM1
SIM2
SIM3
SIM4
1
21
22
SIM5
SIM1
SIM2
SIM3
SIM4
1
21
22
SIM5
SIM1
SIM2
SIM3
SIM4
1
21
22
SIM5
SIM1
SIM2
SIM3
SIM4
1
21
22
SIM5
SIM1
SIM2
SIM3
SIM4
1
21
22
SIM5
SIM1
SIM2
SIM3
SIM4
1
21
22
SIM5
SIM1
SIM2
SIM3
SIM4
1
21
22
SIM5
SIM1
SIM2
SIM3
SIM4
1
21
22
SIM5
SIM1
SIM2
SIM3
SIM4
1
21
22
SIM5
SIM1
SIM2
SIM3
SIM4
1
21
22
SIM5
SIM1
SIM2
SIM3
SIM4
1
21
22
SIM5
SIM1
SIM2
SIM3
SIM4
1
21
22
SIM5
SIM1
SIM2
SIM3
SIM4
1
21
22
SIM5
SIM1
SIM2
SIM3
SIM4
1
21
22
SIM5
SIM1
SIM2
SIM3
SIM4
1
21
22
SIM5
SIM1
SIM2
SIM3
SIM4
1
21
22
SIM5
SIM1
SIM2
SIM3
SIM4
1
21
22
SIM5
SIM1
SIM2
SIM3
SIM4
1
21
22
SIM5
SIM1
SIM2
SIM3
SIM4
1
21
22
SIM5
SIM1
SIM2
SIM3
SIM4
1
21
22
SIM5
SIM1
SIM2
SIM3
SIM4
1
21
22
SIM5
SIM1
SIM2
SIM3
SIM4
1
21
22
SIM5
SIM1
SIM2
SIM3
SIM4
1
21
22
SIM5
SIM1
SIM2
SIM3
SIM4
1
21
22
SIM5
SIM1
SIM2
SIM3
SIM4
1
21
22
SIM5
SIM1
SIM2
SIM3
SIM4
1
21
22
SIM5
SIM1
SIM2
SIM3
SIM4
1
21
22
SIM5
SIM1
SIM2
SIM3
SIM4
1
21
22
SIM5
SIM1
SIM2
SIM3
SIM4
1
21
22
SIM5
SIM1
SIM2
SIM3
SIM4
1
21
22
SIM5
SIM1
SIM2
SIM3
SIM4
1
21
22
SIM5
SIM1
SIM2
SIM3
SIM4
1
21
22
SIM5
SIM1
SIM2
SIM3
SIM4
1
21
22
SIM5
SIM1
SIM2
SIM3
SIM4
1
21
22
SIM5
SIM1
SIM2
SIM3
SIM4
1
21
22
SIM5
SIM1
SIM2
SIM3
SIM4
1
21
22
SIM5
SIM1
SIM2
SIM3
SIM4
1
21
22
SIM5
SIM1
SIM2
SIM3
SIM4
1
21
22
SIM5
SIM1
SIM2
SIM3
SIM4
1
21
22
SIM5
SIM1
SIM2
SIM3
SIM4
1
21
22
SIM5
SIM1
SIM2
SIM3
SIM4
1
21
22
SIM5
SIM1
SIM2
SIM3
SIM4
1
21
22
SIM5
SIM1
SIM2
SIM3
SIM4
1
21
22
SIM5
SIM1
SIM2
SIM3
SIM4
1
21
22
SIM5
SIM1
SIM2
SIM3
SIM4
1
21
22
SIM5
SIM1
SIM2
SIM3
SIM4
1
21
22
SIM5
SIM1
SIM2
SIM3
SIM4
1
21
22
SIM5
SIM1
SIM2
SIM3
SIM4
1
21
22
SIM5
SIM1
SIM2
SIM3
SIM4
1
21
22
SIM5
SIM1
SIM2
SIM3
SIM4
1
21
22
SIM5
SIM1
SIM2
SIM3
SIM4
1
21
22
SIM5
SIM1
SIM2
SIM3
SIM4
1
21
22
SIM5
SIM1
SIM2
SIM3
SIM4
1
21
22
SIM5
SIM1
SIM2
SIM3
SIM4
1
21
22
SIM5
SIM1
SIM2
SIM3
SIM4
1
21
22
SIM5
SIM1
SIM2
SIM3
SIM4
1
21
22
SIM5
SIM1
SIM2
SIM3
SIM4
1
21
22
SIM5
SIM1
SIM2
SIM3
SIM4
1
21
22
SIM5
SIM1
SIM2
SIM3
SIM4
1
21
22
SIM5
SIM1
SIM2
SIM3
SIM4
1
21
22
SIM5
SIM1
SIM2
SIM3
SIM4
1
21
22
SIM5
SIM1
SIM2
SIM3
SIM4
1
21
22
SIM5
SIM1
SIM2
SIM3
SIM4
1
21
22
SIM5
SIM1
SIM2
SIM3
SIM4
1
21
22
SIM5
SIM1
SIM2
SIM3
SIM4
1
21
22
SIM5
SIM1
SIM2
SIM3
SIM4
1
21
22
SIM5
SIM1
SIM2
SIM3
SIM4
1
21
22
SIM5
SIM1
SIM2
SIM3
SIM4
1
21
22
SIM5
SIM1
SIM2
SIM3
SIM4
1
21
22
SIM5
SIM1
SIM2
SIM3
SIM4
1
21
22
SIM5
SIM1
SIM2
SIM3
SIM4
1
21
22
SIM5
SIM1
SIM2
SIM3
SIM4
1
21
22
SIM5
SIM1
SIM2
SIM3
SIM4
1
21
22
SIM5
SIM1
SIM2
SIM3
SIM4
1
21
22
SIM5
SIM1
SIM2
SIM3
SIM4
1
21
22
SIM5
SIM1
SIM2
SIM3
SIM4
1
21
22
SIM5
SIM1
SIM2
SIM3
SIM4
1
21
22
SIM5
SIM1
SIM2
SIM3
SIM4
1
21
22
SIM5
SIM1
SIM2
SIM3
SIM4
1
21
22
SIM5
SIM1
SIM2
SIM3
SIM4
1
21
22
SIM5
SIM1
SIM2
SIM3
SIM4
1
21
22
SIM5
SIM1
SIM2
SIM3
SIM4
1
21
22
SIM5
SIM1
SIM2
SIM3
SIM4
1
21
22
SIM5
SIM1
SIM2
SIM3
SIM4
1
21
22
SIM5
SIM1
SIM2
SIM3
SIM4
1
21
22
SIM5
SIM1
SIM2
SIM3
SIM4
1
21
22
SIM5
SIM1
SIM2
SIM3
SIM4
1
21
22
SIM5
SIM1
SIM2
SIM3
SIM4
1
21
22
SIM5
SIM1
SIM2
SIM3
SIM4
1
21
22
SIM5
SIM1
SIM2
SIM3
SIM4
1
21
22
SIM5
SIM1
SIM2
SIM3
SIM4
1
21
22
SIM5
SIM1
SIM2
SIM3
SIM4
1
21
22
SIM5
SIM1
SIM2
SIM3
SIM4
1
21
22
SIM5
SIM1
SIM2
SIM3
SIM4
1
21
22
SIM5
SIM1
SIM2
SIM3
SIM4
1
21
22
SIM5
SIM1
SIM2
SIM3
SIM4
1
21
22
SIM5
SIM1
SIM2
DEBUG 1 587
SIM1
SIM2
SIM3
SIM4
1
21
22
SIM5
SIM1
SIM2
SIM3
SIM4
1
21
22
SIM5
SIM1
SIM2
SIM3
SIM4
1
21
22
SIM5
SIM1
SIM2
SIM3
SIM4
1
21
22
SIM5
SIM1
SIM2
SIM3
SIM4
1
21
22
SIM5
SIM1
SIM2
SIM3
SIM4
1
21
22
SIM5
SIM1
SIM2
SIM3
SIM4
1
21
22
SIM5
SIM1
SIM2
SIM3
SIM4
1
21
22
SIM5
SIM1
SIM2
SIM3
SIM4
1
21
22
SIM5
SIM1
SIM2
SIM3
SIM4
1
21
22
SIM5
SIM1
SIM2
SIM3
SIM4
1
21
22
SIM5
SIM1
SIM2
SIM3
SIM4
1
21
22
SIM5
SIM1
SIM2
SIM3
SIM4
1
21
22
SIM5
SIM1
SIM2
SIM3
SIM4
1
21
22
SIM5
SIM1
SIM2
SIM3
SIM4
1
21
22
SIM5
SIM1
SIM2
SIM3
SIM4
1
21
22
SIM5
SIM1
SIM2
SIM3
SIM4
1
21
22
SIM5
SIM1
SIM2
SIM3
SIM4
1
21
22
SIM5
SIM1
SIM2
SIM3
SIM4
1
21
22
SIM5
SIM1
SIM2
SIM3
SIM4
1
21
22
SIM5
SIM1
SIM2
SIM3
SIM4
1
21
22
SIM5
SIM1
SIM2
SIM3
SIM4
1
21
22
SIM5
SIM1
SIM2
SIM3
SIM4
1
21
22
SIM5
SIM1
SIM2
SIM3
SIM4
1
21
22
SIM5
SIM1
SIM2
SIM3
SIM4
1
21
22
SIM5
SIM1
SIM2
SIM3
SIM4
1
21
22
SIM5
SIM1
SIM2
SIM3
SIM4
1
21
22
SIM5
SIM1
SIM2
SIM3
SIM4
1
21
22
SIM5
SIM1
SIM2
SIM3
SIM4
1
21
22
SIM5
SIM1
SIM2
SIM3
SIM4
1
21
22
SIM5
SIM1
SIM2
SIM3
SIM4
1
21
22
SIM5
SIM1
SIM2
SIM3
SIM4
1
21
22
SIM5
SIM1
SIM2
SIM3
SIM4
1
21
22
SIM5
SIM1
SIM2
SIM3
SIM4
1
21
22
SIM5
SIM1
SIM2
SIM3
SIM4
1
21
22
SIM5
SIM1
SIM2
SIM3
SIM4
1
21
22
SIM5
SIM1
SIM2
SIM3
SIM4
1
21
22
SIM5
SIM1
SIM2
SIM3
SIM4
1
21
22
SIM5
SIM1
SIM2
SIM3
SIM4
1
21
22
SIM5
SIM1
SIM2
SIM3
SIM4
1
21
22
SIM5
SIM1
SIM2
SIM3
SIM4
1
21
22
SIM5
SIM1
SIM2
SIM3
SIM4
1
21
22
SIM5
SIM1
SIM2
SIM3
SIM4
1
21
22
SIM5
SIM1
SIM2
SIM3
SIM4
1
21
22
SIM5
SIM1
SIM2
SIM3
SIM4
1
21
22
SIM5
SIM1
SIM2
SIM3
SIM4
1
21
22
SIM5
SIM1
SIM2
SIM3
SIM4
1
21
22
SIM5
SIM1
SIM2
SIM3
SIM4
1
21
22
SIM5
SIM1
SIM2
SIM3
SIM4
1
21
22
SIM5
SIM1
SIM2
SIM3
SIM4
1
21
22
SIM5
SIM1
SIM2
SIM3
SIM4
1
21
22
SIM5
SIM1
SIM2
SIM3
SIM4
1
21
22
SIM5
SIM1
SIM2
SIM3
SIM4
1
21
22
SIM5
SIM1
SIM2
SIM3
SIM4
1
21
22
SIM5
SIM1
SIM2
SIM3
SIM4
1
21
22
SIM5
SIM1
SIM2
SIM3
SIM4
1
21
22
SIM5
SIM1
SIM2
SIM3
SIM4
1
21
22
SIM5
SIM1
SIM2
SIM3
SIM4
1
21
22
SIM5
SIM1
SIM2
SIM3
SIM4
1
21
22
SIM5
SIM1
SIM2
SIM3
SIM4
1
21
22
SIM5
SIM1
SIM2
SIM3
SIM4
1
21
22
SIM5
SIM1
SIM2
SIM3
SIM4
1
21
22
SIM5
SIM1
SIM2
SIM3
SIM4
1
21
22
SIM5
SIM1
SIM2
SIM3
SIM4
1
21
22
SIM5
SIM1
SIM2
SIM3
SIM4
1
21
22
SIM5
SIM1
SIM2
SIM3
SIM4
1
21
22
SIM5
SIM1
SIM2
SIM3
SIM4
1
21
22
SIM5
SIM1
SIM2
SIM3
SIM4
1
21
22
SIM5
SIM1
SIM2
SIM3
SIM4
1
21
22
SIM5
SIM1
SIM2
SIM3
SIM4
1
21
22
SIM5
SIM1
SIM2
SIM3
SIM4
1
21
22
SIM5
SIM1
SIM2
SIM3
SIM4
1
21
22
SIM5
SIM1
SIM2
SIM3
SIM4
1
21
22
SIM5
SIM1
SIM2
SIM3
SIM4
1
21
22
SIM5
SIM1
SIM2
SIM3
SIM4
1
21
22
SIM5
SIM1
SIM2
SIM3
SIM4
1
21
22
SIM5
SIM1
SIM2
SIM3
SIM4
1
21
22
SIM5
SIM1
SIM2
SIM3
SIM4
1
21
22
SIM5
SIM1
SIM2
SIM3
SIM4
1
21
22
SIM5
SIM1
SIM2
SIM3
SIM4
1
21
22
SIM5
SIM1
SIM2
SIM3
SIM4
1
21
22
SIM5
SIM1
SIM2
SIM3
SIM4
1
21
22
SIM5
SIM1
SIM2
SIM3
SIM4
1
21
22
SIM5
SIM1
SIM2
SIM3
SIM4
1
21
22
SIM5
SIM1
SIM2
SIM3
SIM4
1
21
22
SIM5
SIM1
SIM2
SIM3
SIM4
1
21
22
SIM5
SIM1
SIM2
SIM3
SIM4
1
21
22
SIM5
SIM1
SIM2
SIM3
SIM4
1
21
22
SIM5
SIM1
SIM2
SIM3
SIM4
1
21
22
SIM5
SIM1
SIM2
SIM3
SIM4
1
21
22
SIM5
SIM1
SIM2
SIM3
SIM4
1
21
22
SIM5
SIM1
SIM2
SIM3
SIM4
1
21
22
SIM5
SIM1
SIM2
SIM3
SIM4
1
21
22
SIM5
SIM1
SIM2
SIM3
SIM4
1
21
22
SIM5
SIM1
SIM2
SIM3
SIM4
1
21
22
SIM5
SIM1
SIM2
SIM3
SIM4
1
21
22
SIM5
SIM1
SIM2
SIM3
SIM4
1
21
22
SIM5
SIM1
SIM2
SIM3
SIM4
1
21
22
SIM5
SIM1
SIM2
SIM3
SIM4
1
21
22
SIM5
SIM1
SIM2
SIM3
SIM4
1
21
22
SIM5
SIM1
SIM2
SIM3
SIM4
1
21
22
SIM5
SIM1
SIM2
SIM3
SIM4
1
21
22
SIM5
SIM1
SIM2
SIM3
SIM4
1
21
22
SIM5
SIM1
SIM2
SIM3
SIM4
1
21
22
SIM5
SIM1
SIM2
SIM3
SIM4
1
21
22
SIM5
SIM1
SIM2
SIM3
SIM4
1
21
22
SIM5
SIM1
SIM2
SIM3
SIM4
1
21
22
SIM5
SIM1
SIM2
SIM3
SIM4
1
21
22
SIM5
SIM1
SIM2
SIM3
SIM4
1
21
22
SIM5
SIM1
SIM2
SIM3
SIM4
1
21
22
SIM5
SIM1
SIM2
SIM3
SIM4
1
21
22
SIM5
SIM1
SIM2
SIM3
SIM4
1
21
22
SIM5
SIM1
SIM2
SIM3
SIM4
1
21
22
SIM5
SIM1
SIM2
SIM3
SIM4
1
21
22
SIM5
SIM1
SIM2
SIM3
SIM4
1
21
22
SIM5
SIM1
SIM2
SIM3
SIM4
1
21
22
SIM5
SIM1
SIM2
SIM3
SIM4
1
21
22
SIM5
SIM1
SIM2
SIM3
SIM4
1
21
22
SIM5
SIM1
SIM2
SIM3
SIM4
1
21
22
SIM5
SIM1
SIM2
SIM3
SIM4
1
21
22
SIM5
SIM1
SIM2
SIM3
SIM4
1
21
22
SIM5
SIM1
SIM2
SIM3
SIM4
1
21
22
SIM5
SIM1
SIM2
SIM3
SIM4
1
21
22
SIM5
SIM1
SIM2
SIM3
SIM4
1
21
22
SIM5
SIM1
SIM2
SIM3
SIM4
1
21
22
SIM5
SIM1
SIM2
SIM3
SIM4
1
21
22
SIM5
SIM1
SIM2
SIM3
SIM4
1
21
22
SIM5
SIM1
SIM2
SIM3
SIM4
1
21
22
SIM5
SIM1
SIM2
SIM3
SIM4
1
21
22
SIM5
SIM1
SIM2
SIM3
SIM4
1
21
22
SIM5
SIM1
SIM2
SIM3
SIM4
1
21
22
SIM5
SIM1
SIM2
SIM3
SIM4
1
21
22
SIM5
SIM1
SIM2
SIM3
SIM4
1
21
22
SIM5
SIM1
SIM2
SIM3
SIM4
1
21
22
SIM5
SIM1
SIM2
SIM3
SIM4
1
21
22
SIM5
SIM1
SIM2
SIM3
SIM4
1
21
22
SIM5
SIM1
SIM2
SIM3
SIM4
1
21
22
SIM5
SIM1
SIM2
SIM3
SIM4
1
21
22
SIM5
SIM1
SIM2
SIM3
SIM4
1
21
22
SIM5
SIM1
SIM2
SIM3
SIM4
1
21
22
SIM5
SIM1
SIM2
SIM3
SIM4
1
21
22
SIM5
SIM1
SIM2
SIM3
SIM4
1
21
22
SIM5
SIM1
SIM2
SIM3
SIM4
1
21
22
SIM5
SIM1
SIM2
SIM3
SIM4
1
21
22
SIM5
SIM1
SIM2
SIM3
SIM4
1
21
22
SIM5
SIM1
SIM2
SIM3
SIM4
1
21
22
SIM5
SIM1
SIM2
SIM3
SIM4
1
21
22
SIM5
SIM1
SIM2
SIM3
SIM4
1
21
22
SIM5
SIM1
SIM2
SIM3
SIM4
1
21
22
SIM5
SIM1
SIM2
SIM3
SIM4
1
21
22
SIM5
SIM1
SIM2
DEBUG 1 588
SIM1
SIM2
SIM3
SIM4
1
21
22
SIM5
SIM1
SIM2
SIM3
SIM4
1
21
22
SIM5
SIM1
SIM2
SIM3
SIM4
1
21
22
SIM5
SIM1
SIM2
SIM3
SIM4
1
21
22
SIM5
SIM1
SIM2
SIM3
SIM4
1
21
22
SIM5
SIM1
SIM2
SIM3
SIM4
1
21
22
SIM5
SIM1
SIM2
SIM3
SIM4
1
21
22
SIM5
SIM1
SIM2
SIM3
SIM4
1
21
22
SIM5
SIM1
SIM2
SIM3
SIM4
1
21
22
SIM5
SIM1
SIM2
SIM3
SIM4
1
21
22
SIM5
SIM1
SIM2
SIM3
SIM4
1
21
22
SIM5
SIM1
SIM2
SIM3
SIM4
1
21
22
SIM5
SIM1
SIM2
SIM3
SIM4
1
21
22
SIM5
SIM1
SIM2
SIM3
SIM4
1
21
22
SIM5
SIM1
SIM2
SIM3
SIM4
1
21
22
SIM5
SIM1
SIM2
SIM3
SIM4
1
21
22
SIM5
SIM1
SIM2
SIM3
SIM4
1
21
22
SIM5
SIM1
SIM2
SIM3
SIM4
1
21
22
SIM5
SIM1
SIM2
SIM3
SIM4
1
21
22
SIM5
SIM1
SIM2
SIM3
SIM4
1
21
22
SIM5
SIM1
SIM2
SIM3
SIM4
1
21
22
SIM5
SIM1
SIM2
SIM3
SIM4
1
21
22
SIM5
SIM1
SIM2
SIM3
SIM4
1
21
22
SIM5
SIM1
SIM2
SIM3
SIM4
1
21
22
SIM5
SIM1
SIM2
SIM3
SIM4
1
21
22
SIM5
SIM1
SIM2
SIM3
SIM4
1
21
22
SIM5
SIM1
SIM2
SIM3
SIM4
1
21
22
SIM5
SIM1
SIM2
SIM3
SIM4
1
21
22
SIM5
SIM1
SIM2
SIM3
SIM4
1
21
22
SIM5
SIM1
SIM2
SIM3
SIM4
1
21
22
SIM5
SIM1
SIM2
SIM3
SIM4
1
21
22
SIM5
SIM1
SIM2
SIM3
SIM4
1
21
22
SIM5
SIM1
SIM2
SIM3
SIM4
1
21
22
SIM5
SIM1
SIM2
SIM3
SIM4
1
21
22
SIM5
SIM1
SIM2
SIM3
SIM4
1
21
22
SIM5
SIM1
SIM2
SIM3
SIM4
1
21
22
SIM5
SIM1
SIM2
SIM3
SIM4
1
21
22
SIM5
SIM1
SIM2
SIM3
SIM4
1
21
22
SIM5
SIM1
SIM2
SIM3
SIM4
1
21
22
SIM5
SIM1
SIM2
SIM3
SIM4
1
21
22
SIM5
SIM1
SIM2
SIM3
SIM4
1
21
22
SIM5
SIM1
SIM2
SIM3
SIM4
1
21
22
SIM5
SIM1
SIM2
SIM3
SIM4
1
21
22
SIM5
SIM1
SIM2
SIM3
SIM4
1
21
22
SIM5
SIM1
SIM2
SIM3
SIM4
1
21
22
SIM5
SIM1
SIM2
SIM3
SIM4
1
21
22
SIM5
SIM1
SIM2
SIM3
SIM4
1
21
22
SIM5
SIM1
SIM2
SIM3
SIM4
1
21
22
SIM5
SIM1
SIM2
SIM3
SIM4
1
21
22
SIM5
SIM1
SIM2
SIM3
SIM4
1
21
22
SIM5
SIM1
SIM2
SIM3
SIM4
1
21
22
SIM5
SIM1
SIM2
SIM3
SIM4
1
21
22
SIM5
SIM1
SIM2
SIM3
SIM4
1
21
22
SIM5
SIM1
SIM2
SIM3
SIM4
1
21
22
SIM5
SIM1
SIM2
SIM3
SIM4
1
21
22
SIM5
SIM1
SIM2
SIM3
SIM4
1
21
22
SIM5
SIM1
SIM2
SIM3
SIM4
1
21
22
SIM5
SIM1
SIM2
SIM3
SIM4
1
21
22
SIM5
SIM1
SIM2
SIM3
SIM4
1
21
22
SIM5
SIM1
SIM2
SIM3
SIM4
1
21
22
SIM5
SIM1
SIM2
SIM3
SIM4
1
21
22
SIM5
SIM1
SIM2
SIM3
SIM4
1
21
22
SIM5
SIM1
SIM2
SIM3
SIM4
1
21
22
SIM5
SIM1
SIM2
SIM3
SIM4
1
21
22
SIM5
SIM1
SIM2
SIM3
SIM4
1
21
22
SIM5
SIM1
SIM2
SIM3
SIM4
1
21
22
SIM5
SIM1
SIM2
SIM3
SIM4
1
21
22
SIM5
SIM1
SIM2
SIM3
SIM4
1
21
22
SIM5
SIM1
SIM2
SIM3
SIM4
1
21
22
SIM5
SIM1
SIM2
SIM3
SIM4
1
21
22
SIM5
SIM1
SIM2
SIM3
SIM4
1
21
22
SIM5
SIM1
SIM2
SIM3
SIM4
1
21
22
SIM5
SIM1
SIM2
SIM3
SIM4
1
21
22
SIM5
SIM1
SIM2
SIM3
SIM4
1
21
22
SIM5
SIM1
SIM2
SIM3
SIM4
1
21
22
SIM5
SIM1
SIM2
SIM3
SIM4
1
21
22
SIM5
SIM1
SIM2
SIM3
SIM4
1
21
22
SIM5
SIM1
SIM2
SIM3
SIM4
1
21
22
SIM5
SIM1
SIM2
SIM3
SIM4
1
21
22
SIM5
SIM1
SIM2
SIM3
SIM4
1
21
22
SIM5
SIM1
SIM2
SIM3
SIM4
1
21
22
SIM5
SIM1
SIM2
SIM3
SIM4
1
21
22
SIM5
SIM1
SIM2
SIM3
SIM4
1
21
22
SIM5
SIM1
SIM2
SIM3
SIM4
1
21
22
SIM5
SIM1
SIM2
SIM3
SIM4
1
21
22
SIM5
SIM1
SIM2
SIM3
SIM4
1
21
22
SIM5
SIM1
SIM2
SIM3
SIM4
1
21
22
SIM5
SIM1
SIM2
SIM3
SIM4
1
21
22
SIM5
SIM1
SIM2
SIM3
SIM4
1
21
22
SIM5
SIM1
SIM2
SIM3
SIM4
1
21
22
SIM5
SIM1
SIM2
SIM3
SIM4
1
21
22
SIM5
SIM1
SIM2
SIM3
SIM4
1
21
22
SIM5
SIM1
SIM2
SIM3
SIM4
1
21
22
SIM5
SIM1
SIM2
SIM3
SIM4
1
21
22
SIM5
SIM1
SIM2
SIM3
SIM4
1
21
22
SIM5
SIM1
SIM2
SIM3
SIM4
1
21
22
SIM5
SIM1
SIM2
SIM3
SIM4
1
21
22
SIM5
SIM1
SIM2
SIM3
SIM4
1
21
22
SIM5
SIM1
SIM2
SIM3
SIM4
1
21
22
SIM5
SIM1
SIM2
SIM3
SIM4
1
21
22
SIM5
SIM1
SIM2
SIM3
SIM4
1
21
22
SIM5
SIM1
SIM2
SIM3
SIM4
1
21
22
SIM5
SIM1
SIM2
SIM3
SIM4
1
21
22
SIM5
SIM1
SIM2
SIM3
SIM4
1
21
22
SIM5
SIM1
SIM2
SIM3
SIM4
1
21
22
SIM5
SIM1
SIM2
SIM3
SIM4
1
21
22
SIM5
SIM1
SIM2
SIM3
SIM4
1
21
22
SIM5
SIM1
SIM2
SIM3
SIM4
1
21
22
SIM5
SIM1
SIM2
SIM3
SIM4
1
21
22
SIM5
SIM1
SIM2
SIM3
SIM4
1
21
22
SIM5
SIM1
SIM2
SIM3
SIM4
1
21
22
SIM5
SIM1
SIM2
SIM3
SIM4
1
21
22
SIM5
SIM1
SIM2
SIM3
SIM4
1
21
22
SIM5
SIM1
SIM2
SIM3
SIM4
1
21
22
SIM5
SIM1
SIM2
SIM3
SIM4
1
21
22
SIM5
SIM1
SIM2
SIM3
SIM4
1
21
22
SIM5
SIM1
SIM2
SIM3
SIM4
1
21
22
SIM5
SIM1
SIM2
SIM3
SIM4
1
21
22
SIM5
SIM1
SIM2
SIM3
SIM4
1
21
22
SIM5
SIM1
SIM2
SIM3
SIM4
1
21
22
SIM5
SIM1
SIM2
SIM3
SIM4
1
21
22
SIM5
SIM1
SIM2
SIM3
SIM4
1
21
22
SIM5
SIM1
SIM2
SIM3
SIM4
1
21
22
SIM5
SIM1
SIM2
SIM3
SIM4
1
21
22
SIM5
SIM1
SIM2
SIM3
SIM4
1
21
22
SIM5
SIM1
SIM2
SIM3
SIM4
1
21
22
SIM5
SIM1
SIM2
SIM3
SIM4
1
21
22
SIM5
SIM1
SIM2
SIM3
SIM4
1
21
22
SIM5
SIM1
SIM2
SIM3
SIM4
1
21
22
SIM5
SIM1
SIM2
SIM3
SIM4
1
21
22
SIM5
SIM1
SIM2
SIM3
SIM4
1
21
22
SIM5
SIM1
SIM2
SIM3
SIM4
1
21
22
SIM5
SIM1
SIM2
SIM3
SIM4
1
21
22
SIM5
SIM1
SIM2
SIM3
SIM4
1
21
22
SIM5
SIM1
SIM2
SIM3
SIM4
1
21
22
SIM5
SIM1
SIM2
SIM3
SIM4
1
21
22
SIM5
SIM1
SIM2
SIM3
SIM4
1
21
22
SIM5
SIM1
SIM2
SIM3
SIM4
1
21
22
SIM5
SIM1
SIM2
SIM3
SIM4
1
21
22
SIM5
SIM1
SIM2
SIM3
SIM4
1
21
22
SIM5
SIM1
SIM2
SIM3
SIM4
1
21
22
SIM5
SIM1
SIM2
SIM3
SIM4
1
21
22
SIM5
SIM1
SIM2
SIM3
SIM4
1
21
22
SIM5
SIM1
SIM2
SIM3
SIM4
1
21
22
SIM5
SIM1
SIM2
SIM3
SIM4
1
21
22
SIM5
SIM1
SIM2
SIM3
SIM4
1
21
22
SIM5
SIM1
SIM2
SIM3
SIM4
1
21
22
SIM5
SIM1
SIM2
SIM3
SIM4
1
21
22
SIM5
SIM1
SIM2
SIM3
SIM4
1
21
22
SIM5
SIM1
SIM2
SIM3
SIM4
1
21
22
SIM5
SIM1
SIM2
SIM3
SIM4
1
21
22
SIM5
SIM1
SIM2
SIM3
SIM4
1
21
22
SIM5
SIM1
SIM2
SIM3
SIM4
1
21
22
SIM5
SIM1
SIM2
SIM3
SIM4
1
21
22
SIM5
SIM1
SIM2
SIM3
SIM4
1
21
22
SIM5
SIM1
SIM2
SIM3
SIM4
1
21
22
SIM5
SIM1
SIM2
SIM3
SIM4
1
21
22
SIM5
SIM1
SIM2
SIM3
SIM4
1
21
22
SIM5
SIM1
SIM2
SIM3
SIM4
1
21
22
SIM5
SIM1
SIM2
SIM3
SIM4
1
21
22
SIM5
SIM1
SIM2
SIM3
SIM4
1
21
22
SIM5
SIM1
SIM2
SIM3
SIM4
1
21
22
SIM5
SIM1
SIM2
SIM3
SIM4
1
21
22
SIM5
SIM1
SIM2
SIM3
SIM4
1
21
22
SIM5
SIM1
SIM2
SIM3
SIM4
1
21
22
SIM5
SIM1
SIM2
SIM3
SIM4
1
21
22
SIM5
SIM1
SIM2
SIM3
SIM4
1
21
22
SIM5
SIM1
SIM2
SIM3
SIM4
1
21
22
SIM5
SIM1
SIM2
SIM3
SIM4
1
21
22
SIM5
SIM1
SIM2
SIM3
SIM4
1
21
22
SIM5
SIM1
SIM2
SIM3
SIM4
1
21
22
SIM5
SIM1
SIM2
SIM3
SIM4
1
21
22
SIM5
SIM1
SIM2
SIM3
SIM4
1
21
22
SIM5
SIM1
SIM2
SIM3
SIM4
1
21
22
SIM5
SIM1
SIM2
SIM3
SIM4
1
21
22
SIM5
SIM1
SIM2
SIM3
SIM4
1
21
22
SIM5
SIM1
SIM2
SIM3
SIM4
1
21
22
SIM5
SIM1
SIM2
SIM3
SIM4
1
21
22
SIM5
SIM1
SIM2
DEBUG 1 589
SIM1
SIM2
SIM3
SIM4
1
21
22
SIM5
SIM1
SIM2
SIM3
SIM4
1
21
22
SIM5
SIM1
SIM2
SIM3
SIM4
1
21
22
SIM5
SIM1
SIM2
SIM3
SIM4
1
21
22
SIM5
SIM1
SIM2
SIM3
SIM4
1
21
22
SIM5
SIM1
SIM2
SIM3
SIM4
1
21
22
SIM5
SIM1
SIM2
SIM3
SIM4
1
21
22
SIM5
SIM1
SIM2
SIM3
SIM4
1
21
22
SIM5
SIM1
SIM2
SIM3
SIM4
1
21
22
SIM5
SIM1
SIM2
SIM3
SIM4
1
21
22
SIM5
SIM1
SIM2
SIM3
SIM4
1
21
22
SIM5
SIM1
SIM2
SIM3
SIM4
1
21
22
SIM5
SIM1
SIM2
SIM3
SIM4
1
21
22
SIM5
SIM1
SIM2
SIM3
SIM4
1
21
22
SIM5
SIM1
SIM2
SIM3
SIM4
1
21
22
SIM5
SIM1
SIM2
SIM3
SIM4
1
21
22
SIM5
SIM1
SIM2
SIM3
SIM4
1
21
22
SIM5
SIM1
SIM2
SIM3
SIM4
1
21
22
SIM5
SIM1
SIM2
SIM3
SIM4
1
21
22
SIM5
SIM1
SIM2
SIM3
SIM4
1
21
22
SIM5
SIM1
SIM2
SIM3
SIM4
1
21
22
SIM5
SIM1
SIM2
SIM3
SIM4
1
21
22
SIM5
SIM1
SIM2
SIM3
SIM4
1
21
22
SIM5
SIM1
SIM2
SIM3
SIM4
1
21
22
SIM5
SIM1
SIM2
SIM3
SIM4
1
21
22
SIM5
SIM1
SIM2
SIM3
SIM4
1
21
22
SIM5
SIM1
SIM2
SIM3
SIM4
1
21
22
SIM5
SIM1
SIM2
SIM3
SIM4
1
21
22
SIM5
SIM1
SIM2
SIM3
SIM4
1
21
22
SIM5
SIM1
SIM2
SIM3
SIM4
1
21
22
SIM5
SIM1
SIM2
SIM3
SIM4
1
21
22
SIM5
SIM1
SIM2
SIM3
SIM4
1
21
22
SIM5
SIM1
SIM2
SIM3
SIM4
1
21
22
SIM5
SIM1
SIM2
SIM3
SIM4
1
21
22
SIM5
SIM1
SIM2
SIM3
SIM4
1
21
22
SIM5
SIM1
SIM2
SIM3
SIM4
1
21
22
SIM5
SIM1
SIM2
SIM3
SIM4
1
21
22
SIM5
SIM1
SIM2
SIM3
SIM4
1
21
22
SIM5
SIM1
SIM2
SIM3
SIM4
1
21
22
SIM5
SIM1
SIM2
SIM3
SIM4
1
21
22
SIM5
SIM1
SIM2
SIM3
SIM4
1
21
22
SIM5
SIM1
SIM2
SIM3
SIM4
1
21
22
SIM5
SIM1
SIM2
SIM3
SIM4
1
21
22
SIM5
SIM1
SIM2
SIM3
SIM4
1
21
22
SIM5
SIM1
SIM2
SIM3
SIM4
1
21
22
SIM5
SIM1
SIM2
SIM3
SIM4
1
21
22
SIM5
SIM1
SIM2
SIM3
SIM4
1
21
22
SIM5
SIM1
SIM2
SIM3
SIM4
1
21
22
SIM5
SIM1
SIM2
SIM3
SIM4
1
21
22
SIM5
SIM1
SIM2
SIM3
SIM4
1
21
22
SIM5
SIM1
SIM2
SIM3
SIM4
1
21
22
SIM5
SIM1
SIM2
SIM3
SIM4
1
21
22
SIM5
SIM1
SIM2
SIM3
SIM4
1
21
22
SIM5
SIM1
SIM2
SIM3
SIM4
1
21
22
SIM5
SIM1
SIM2
SIM3
SIM4
1
21
22
SIM5
SIM1
SIM2
SIM3
SIM4
1
21
22
SIM5
SIM1
SIM2
SIM3
SIM4
1
21
22
SIM5
SIM1
SIM2
SIM3
SIM4
1
21
22
SIM5
SIM1
SIM2
SIM3
SIM4
1
21
22
SIM5
SIM1
SIM2
SIM3
SIM4
1
21
22
SIM5
SIM1
SIM2
SIM3
SIM4
1
21
22
SIM5
SIM1
SIM2
SIM3
SIM4
1
21
22
SIM5
SIM1
SIM2
SIM3
SIM4
1
21
22
SIM5
SIM1
SIM2
SIM3
SIM4
1
21
22
SIM5
SIM1
SIM2
SIM3
SIM4
1
21
22
SIM5
SIM1
SIM2
SIM3
SIM4
1
21
22
SIM5
SIM1
SIM2
SIM3
SIM4
1
21
22
SIM5
SIM1
SIM2
SIM3
SIM4
1
21
22
SIM5
SIM1
SIM2
SIM3
SIM4
1
21
22
SIM5
SIM1
SIM2
SIM3
SIM4
1
21
22
SIM5
SIM1
SIM2
SIM3
SIM4
1
21
22
SIM5
SIM1
SIM2
SIM3
SIM4
1
21
22
SIM5
SIM1
SIM2
SIM3
SIM4
1
21
22
SIM5
SIM1
SIM2
SIM3
SIM4
1
21
22
SIM5
SIM1
SIM2
SIM3
SIM4
1
21
22
SIM5
SIM1
SIM2
SIM3
SIM4
1
21
22
SIM5
SIM1
SIM2
SIM3
SIM4
1
21
22
SIM5
SIM1
SIM2
SIM3
SIM4
1
21
22
SIM5
SIM1
SIM2
SIM3
SIM4
1
21
22
SIM5
SIM1
SIM2
SIM3
SIM4
1
21
22
SIM5
SIM1
SIM2
SIM3
SIM4
1
21
22
SIM5
SIM1
SIM2
SIM3
SIM4
1
21
22
SIM5
SIM1
SIM2
SIM3
SIM4
1
21
22
SIM5
SIM1
SIM2
SIM3
SIM4
1
21
22
SIM5
SIM1
SIM2
SIM3
SIM4
1
21
22
SIM5
SIM1
SIM2
SIM3
SIM4
1
21
22
SIM5
SIM1
SIM2
SIM3
SIM4
1
21
22
SIM5
SIM1
SIM2
SIM3
SIM4
1
21
22
SIM5
SIM1
SIM2
SIM3
SIM4
1
21
22
SIM5
SIM1
SIM2
SIM3
SIM4
1
21
22
SIM5
SIM1
SIM2
SIM3
SIM4
1
21
22
SIM5
SIM1
SIM2
SIM3
SIM4
1
21
22
SIM5
SIM1
SIM2
SIM3
SIM4
1
21
22
SIM5
SIM1
SIM2
SIM3
SIM4
1
21
22
SIM5
SIM1
SIM2
SIM3
SIM4
1
21
22
SIM5
SIM1
SIM2
SIM3
SIM4
1
21
22
SIM5
SIM1
SIM2
SIM3
SIM4
1
21
22
SIM5
SIM1
SIM2
SIM3
SIM4
1
21
22
SIM5
SIM1
SIM2
SIM3
SIM4
1
21
22
SIM5
SIM1
SIM2
SIM3
SIM4
1
21
22
SIM5
SIM1
SIM2
SIM3
SIM4
1
21
22
SIM5
SIM1
SIM2
SIM3
SIM4
1
21
22
SIM5
SIM1
SIM2
SIM3
SIM4
1
21
22
SIM5
SIM1
SIM2
SIM3
SIM4
1
21
22
SIM5
SIM1
SIM2
SIM3
SIM4
1
21
22
SIM5
SIM1
SIM2
SIM3
SIM4
1
21
22
SIM5
SIM1
SIM2
SIM3
SIM4
1
21
22
SIM5
SIM1
SIM2
SIM3
SIM4
1
21
22
SIM5
SIM1
SIM2
SIM3
SIM4
1
21
22
SIM5
SIM1
SIM2
SIM3
SIM4
1
21
22
SIM5
SIM1
SIM2
SIM3
SIM4
1
21
22
SIM5
SIM1
SIM2
SIM3
SIM4
1
21
22
SIM5
SIM1
SIM2
SIM3
SIM4
1
21
22
SIM5
SIM1
SIM2
SIM3
SIM4
1
21
22
SIM5
SIM1
SIM2
SIM3
SIM4
1
21
22
SIM5
SIM1
SIM2
SIM3
SIM4
1
21
22
SIM5
SIM1
SIM2
SIM3
SIM4
1
21
22
SIM5
SIM1
SIM2
SIM3
SIM4
1
21
22
SIM5
SIM1
SIM2
SIM3
SIM4
1
21
22
SIM5
SIM1
SIM2
SIM3
SIM4
1
21
22
SIM5
SIM1
SIM2
SIM3
SIM4
1
21
22
SIM5
SIM1
SIM2
SIM3
SIM4
1
21
22
SIM5
SIM1
SIM2
SIM3
SIM4
1
21
22
SIM5
SIM1
SIM2
SIM3
SIM4
1
21
22
SIM5
SIM1
SIM2
SIM3
SIM4
1
21
22
SIM5
SIM1
SIM2
SIM3
SIM4
1
21
22
SIM5
SIM1
SIM2
SIM3
SIM4
1
21
22
SIM5
SIM1
SIM2
SIM3
SIM4
1
21
22
SIM5
SIM1
SIM2
SIM3
SIM4
1
21
22
SIM5
SIM1
SIM2
SIM3
SIM4
1
21
22
SIM5
SIM1
SIM2
SIM3
SIM4
1
21
22
SIM5
SIM1
SIM2
SIM3
SIM4
1
21
22
SIM5
SIM1
SIM2
SIM3
SIM4
1
21
22
SIM5
SIM1
SIM2
SIM3
SIM4
1
21
22
SIM5
SIM1
SIM2
SIM3
SIM4
1
21
22
SIM5
SIM1
SIM2
SIM3
SIM4
1
21
22
SIM5
SIM1
SIM2
SIM3
SIM4
1
21
22
SIM5
SIM1
SIM2
SIM3
SIM4
1
21
22
SIM5
SIM1
SIM2
SIM3
SIM4
1
21
22
SIM5
SIM1
SIM2
SIM3
SIM4
1
21
22
SIM5
SIM1
SIM2
SIM3
SIM4
1
21
22
SIM5
SIM1
SIM2
SIM3
SIM4
1
21
22
SIM5
SIM1
SIM2
SIM3
SIM4
1
21
22
SIM5
SIM1
SIM2
SIM3
SIM4
1
21
22
SIM5
SIM1
SIM2
SIM3
SIM4
1
21
22
SIM5
SIM1
SIM2
SIM3
SIM4
1
21
22
SIM5
SIM1
SIM2
SIM3
SIM4
1
21
22
SIM5
SIM1
SIM2
SIM3
SIM4
1
21
22
SIM5
SIM1
SIM2
SIM3
SIM4
1
21
22
SIM5
SIM1
SIM2
SIM3
SIM4
1
21
22
SIM5
SIM1
SIM2
SIM3
SIM4
1
21
22
SIM5
SIM1
SIM2
SIM3
SIM4
1
21
22
SIM5
SIM1
SIM2
SIM3
SIM4
1
21
22
SIM5
SIM1
SIM2
SIM3
SIM4
1
21
22
SIM5
SIM1
SIM2
SIM3
SIM4
1
21
22
SIM5
SIM1
SIM2
SIM3
SIM4
1
21
22
SIM5
SIM1
SIM2
SIM3
SIM4
1
21
22
SIM5
SIM1
SIM2
SIM3
SIM4
1
21
22
SIM5
SIM1
SIM2
SIM3
SIM4
1
21
22
SIM5
SIM1
SIM2
SIM3
SIM4
1
21
22
SIM5
SIM1
SIM2
SIM3
SIM4
1
21
22
SIM5
SIM1
SIM2
SIM3
SIM4
1
21
22
SIM5
SIM1
SIM2
SIM3
SIM4
1
21
22
SIM5
SIM1
SIM2
SIM3
SIM4
1
21
22
SIM5
SIM1
SIM2
SIM3
SIM4
1
21
22
SIM5
SIM1
SIM2
SIM3
SIM4
1
21
22
SIM5
SIM1
SIM2
SIM3
SIM4
1
21
22
SIM5
SIM1
SIM2
SIM3
SIM4
1
21
22
SIM5
SIM1
SIM2
SIM3
SIM4
1
21
22
SIM5
SIM1
SIM2
SIM3
SIM4
1
21
22
SIM5
SIM1
SIM2
SIM3
SIM4
1
21
22
SIM5
SIM1
SIM2
SIM3
SIM4
1
21
22
SIM5
SIM1
SIM2
SIM3
SIM4
1
21
22
SIM5
SIM1
SIM2
SIM3
SIM4
1
21
22
SIM5
SIM1
SIM2
SIM3
SIM4
1
21
22
SIM5
SIM1
SIM2
SIM3
SIM4
1
21
22
SIM5
SIM1
SIM2
SIM3
SIM4
1
21
22
SIM5
SIM1
SIM2
SIM3
SIM4
1
21
22
SIM5
SIM1
SIM2
SIM3
SIM4
1
21
22
SIM5
SIM1
SIM2
SIM3
SIM4
1
21
22
SIM5
SIM1
SIM2
SIM3
SIM4
1
21
22
SIM5
SIM1
SIM2
SIM3
SIM4
1
21
22
SIM5
SIM1
SIM2
SIM3
SIM4
1
21
22
SIM5
SIM1
SIM2
SIM3
SIM4
1
21
22
SIM5
SIM1
SIM2
SIM3
SIM4
1
21
22
SIM5
SIM1
SIM2
SIM3
SIM4
1
21
22
SIM5
SIM1
SIM2
SIM3
SIM4
1
21
22
SIM5
SIM1
SIM2
SIM3
SIM4
1
21
22
SIM5
SIM1
SIM2
SIM3
SIM4
1
21
22
SIM5
SIM1
SIM2
SIM3
SIM4
1
21
22
SIM5
SIM1
SIM2
SIM3
SIM4
1
21
22
SIM5
SIM1
SIM2
SIM3
SIM4
1
21
22
SIM5
SIM1
SIM2
SIM3
SIM4
1
21
22
SIM5
SIM1
SIM2
SIM3
SIM4
1
21
22
SIM5
SIM1
SIM2
SIM3
SIM4
1
21
22
SIM5
SIM1
SIM2
SIM3
SIM4
1
21
22
SIM5
SIM1
SIM2
SIM3
SIM4
1
21
22
SIM5
SIM1
SIM2
SIM3
SIM4
1
21
22
SIM5
SIM1
SIM2
SIM3
SIM4
1
21
22
SIM5
SIM1
SIM2
SIM3
SIM4
1
21
22
SIM5
SIM1
SIM2
SIM3
SIM4
1
21
22
SIM5
SIM1
SIM2
SIM3
SIM4
1
21
22
SIM5
SIM1
SIM2
SIM3
SIM4
1
21
22
SIM5
SIM1
SIM2
SIM3
SIM4
1
21
22
SIM5
SIM1
SIM2
SIM3
SIM4
1
21
22
SIM5
SIM1
SIM2
SIM3
SIM4
1
21
22
SIM5
SIM1
SIM2
SIM3
SIM4
1
21
22
SIM5
SIM1
SIM2
SIM3
SIM4
1
21
22
SIM5
SIM1
SIM2
SIM3
SIM4
1
21
22
SIM5
SIM1
SIM2
SIM3
SIM4
1
21
22
SIM5
SIM1
SIM2
SIM3
SIM4
1
21
22
SIM5
SIM1
SIM2
SIM3
SIM4
1
21
22
SIM5
SIM1
SIM2
SIM3
SIM4
1
21
22
SIM5
SIM1
SIM2
SIM3
SIM4
1
21
22
SIM5
SIM1
SIM2
SIM3
SIM4
1
21
22
SIM5
SIM1
SIM2
SIM3
SIM4
1
21
22
SIM5
SIM1
SIM2
SIM3
SIM4
1
21
22
SIM5
SIM1
SIM2
SIM3
SIM4
1
21
22
SIM5
SIM1
SIM2
SIM3
SIM4
1
21
22
SIM5
SIM1
SIM2
SIM3
SIM4
1
21
22
SIM5
SIM1
SIM2
SIM3
SIM4
1
21
22
SIM5
SIM1
SIM2
SIM3
SIM4
1
21
22
SIM5
SIM1
SIM2
SIM3
SIM4
1
21
22
SIM5
SIM1
SIM2
SIM3
SIM4
1
21
22
SIM5
SIM1
SIM2
SIM3
SIM4
1
21
22
SIM5
SIM1
SIM2
SIM3
SIM4
1
21
22
SIM5
SIM1
SIM2
SIM3
SIM4
1
21
22
SIM5
SIM1
SIM2
SIM3
SIM4
1
21
22
SIM5
SIM1
SIM2
SIM3
SIM4
1
21
22
SIM5
SIM1
SIM2
SIM3
SIM4
1
21
22
SIM5
SIM1
SIM2
SIM3
SIM4
1
21
22
SIM5
SIM1
SIM2
SIM3
SIM4
1
21
22
SIM5
SIM1
SIM2
SIM3
SIM4
1
21
22
SIM5
SIM1
SIM2
SIM3
SIM4
1
21
22
SIM5
SIM1
SIM2
SIM3
SIM4
1
21
22
SIM5
SIM1
SIM2
SIM3
SIM4
1
21
22
SIM5
SIM1
SIM2
SIM3
SIM4
1
21
22
SIM5
SIM1
SIM2
SIM3
SIM4
1
21
22
SIM5
SIM1
SIM2
SIM3
SIM4
1
21
22
SIM5
SIM1
SIM2
SIM3
SIM4
1
21
22
SIM5
SIM1
SIM2
SIM3
SIM4
1
21
22
SIM5
SIM1
SIM2
SIM3
SIM4
1
21
22
SIM5
SIM1
SIM2
SIM3
SIM4
1
21
22
SIM5
SIM1
SIM2
SIM3
SIM4
1
21
22
SIM5
SIM1
SIM2
DEBUG 1 590
SIM1
SIM2
SIM3
SIM4
1
21
22
SIM5
SIM1
SIM2
SIM3
SIM4
1
21
22
SIM5
SIM1
SIM2
SIM3
SIM4
1
21
22
SIM5
SIM1
SIM2
SIM3
SIM4
1
21
22
SIM5
SIM1
SIM2
SIM3
SIM4
1
21
22
SIM5
SIM1
SIM2
SIM3
SIM4
1
21
22
SIM5
SIM1
SIM2
SIM3
SIM4
1
21
22
SIM5
SIM1
SIM2
SIM3
SIM4
1
21
22
SIM5
SIM1
SIM2
SIM3
SIM4
1
21
22
SIM5
SIM1
SIM2
SIM3
SIM4
1
21
22
SIM5
SIM1
SIM2
SIM3
SIM4
1
21
22
SIM5
SIM1
SIM2
SIM3
SIM4
1
21
22
SIM5
SIM1
SIM2
SIM3
SIM4
1
21
22
SIM5
SIM1
SIM2
SIM3
SIM4
1
21
22
SIM5
SIM1
SIM2
SIM3
SIM4
1
21
22
SIM5
SIM1
SIM2
SIM3
SIM4
1
21
22
SIM5
SIM1
SIM2
SIM3
SIM4
1
21
22
SIM5
SIM1
SIM2
SIM3
SIM4
1
21
22
SIM5
SIM1
SIM2
SIM3
SIM4
1
21
22
SIM5
SIM1
SIM2
SIM3
SIM4
1
21
22
SIM5
SIM1
SIM2
SIM3
SIM4
1
21
22
SIM5
SIM1
SIM2
SIM3
SIM4
1
21
22
SIM5
SIM1
SIM2
SIM3
SIM4
1
21
22
SIM5
SIM1
SIM2
SIM3
SIM4
1
21
22
SIM5
SIM1
SIM2
SIM3
SIM4
1
21
22
SIM5
SIM1
SIM2
SIM3
SIM4
1
21
22
SIM5
SIM1
SIM2
SIM3
SIM4
1
21
22
SIM5
SIM1
SIM2
SIM3
SIM4
1
21
22
SIM5
SIM1
SIM2
SIM3
SIM4
1
21
22
SIM5
SIM1
SIM2
SIM3
SIM4
1
21
22
SIM5
SIM1
SIM2
SIM3
SIM4
1
21
22
SIM5
SIM1
SIM2
SIM3
SIM4
1
21
22
SIM5
SIM1
SIM2
SIM3
SIM4
1
21
22
SIM5
SIM1
SIM2
SIM3
SIM4
1
21
22
SIM5
SIM1
SIM2
SIM3
SIM4
1
21
22
SIM5
SIM1
SIM2
SIM3
SIM4
1
21
22
SIM5
SIM1
SIM2
SIM3
SIM4
1
21
22
SIM5
SIM1
SIM2
SIM3
SIM4
1
21
22
SIM5
SIM1
SIM2
SIM3
SIM4
1
21
22
SIM5
SIM1
SIM2
SIM3
SIM4
1
21
22
SIM5
SIM1
SIM2
SIM3
SIM4
1
21
22
SIM5
SIM1
SIM2
SIM3
SIM4
1
21
22
SIM5
SIM1
SIM2
SIM3
SIM4
1
21
22
SIM5
SIM1
SIM2
SIM3
SIM4
1
21
22
SIM5
SIM1
SIM2
SIM3
SIM4
1
21
22
SIM5
SIM1
SIM2
SIM3
SIM4
1
21
22
SIM5
SIM1
SIM2
SIM3
SIM4
1
21
22
SIM5
SIM1
SIM2
SIM3
SIM4
1
21
22
SIM5
SIM1
SIM2
SIM3
SIM4
1
21
22
SIM5
SIM1
SIM2
SIM3
SIM4
1
21
22
SIM5
SIM1
SIM2
SIM3
SIM4
1
21
22
SIM5
SIM1
SIM2
SIM3
SIM4
1
21
22
SIM5
SIM1
SIM2
SIM3
SIM4
1
21
22
SIM5
SIM1
SIM2
SIM3
SIM4
1
21
22
SIM5
SIM1
SIM2
SIM3
SIM4
1
21
22
SIM5
SIM1
SIM2
SIM3
SIM4
1
21
22
SIM5
SIM1
SIM2
SIM3
SIM4
1
21
22
SIM5
SIM1
SIM2
SIM3
SIM4
1
21
22
SIM5
SIM1
SIM2
SIM3
SIM4
1
21
22
SIM5
SIM1
SIM2
SIM3
SIM4
1
21
22
SIM5
SIM1
SIM2
SIM3
SIM4
1
21
22
SIM5
SIM1
SIM2
SIM3
SIM4
1
21
22
SIM5
SIM1
SIM2
SIM3
SIM4
1
21
22
SIM5
SIM1
SIM2
SIM3
SIM4
1
21
22
SIM5
SIM1
SIM2
SIM3
SIM4
1
21
22
SIM5
SIM1
SIM2
SIM3
SIM4
1
21
22
SIM5
SIM1
SIM2
SIM3
SIM4
1
21
22
SIM5
SIM1
SIM2
SIM3
SIM4
1
21
22
SIM5
SIM1
SIM2
SIM3
SIM4
1
21
22
SIM5
SIM1
SIM2
SIM3
SIM4
1
21
22
SIM5
SIM1
SIM2
SIM3
SIM4
1
21
22
SIM5
SIM1
SIM2
SIM3
SIM4
1
21
22
SIM5
SIM1
SIM2
SIM3
SIM4
1
21
22
SIM5
SIM1
SIM2
SIM3
SIM4
1
21
22
SIM5
SIM1
SIM2
SIM3
SIM4
1
21
22
SIM5
SIM1
SIM2
SIM3
SIM4
1
21
22
SIM5
SIM1
SIM2
SIM3
SIM4
1
21
22
SIM5
SIM1
SIM2
SIM3
SIM4
1
21
22
SIM5
SIM1
SIM2
SIM3
SIM4
1
21
22
SIM5
SIM1
SIM2
SIM3
SIM4
1
21
22
SIM5
SIM1
SIM2
SIM3
SIM4
1
21
22
SIM5
SIM1
SIM2
SIM3
SIM4
1
21
22
SIM5
SIM1
SIM2
SIM3
SIM4
1
21
22
SIM5
SIM1
SIM2
SIM3
SIM4
1
21
22
SIM5
SIM1
SIM2
SIM3
SIM4
1
21
22
SIM5
SIM1
SIM2
SIM3
SIM4
1
21
22
SIM5
SIM1
SIM2
SIM3
SIM4
1
21
22
SIM5
SIM1
SIM2
SIM3
SIM4
1
21
22
SIM5
SIM1
SIM2
SIM3
SIM4
1
21
22
SIM5
SIM1
SIM2
SIM3
SIM4
1
21
22
SIM5
SIM1
SIM2
SIM3
SIM4
1
21
22
SIM5
SIM1
SIM2
SIM3
SIM4
1
21
22
SIM5
SIM1
SIM2
SIM3
SIM4
1
21
22
SIM5
SIM1
SIM2
SIM3
SIM4
1
21
22
SIM5
SIM1
SIM2
SIM3
SIM4
1
21
22
SIM5
SIM1
SIM2
SIM3
SIM4
1
21
22
SIM5
SIM1
SIM2
SIM3
SIM4
1
21
22
SIM5
SIM1
SIM2
SIM3
SIM4
1
21
22
SIM5
SIM1
SIM2
SIM3
SIM4
1
21
22
SIM5
SIM1
SIM2
SIM3
SIM4
1
21
22
SIM5
SIM1
SIM2
SIM3
SIM4
1
21
22
SIM5
SIM1
SIM2
SIM3
SIM4
1
21
22
SIM5
SIM1
SIM2
SIM3
SIM4
1
21
22
SIM5
SIM1
SIM2
DEBUG 1 591
SIM1
SIM2
SIM3
SIM4
1
21
22
SIM5
SIM1
SIM2
SIM3
SIM4
1
21
22
SIM5
SIM1
SIM2
SIM3
SIM4
1
21
22
SIM5
SIM1
SIM2
SIM3
SIM4
1
21
22
SIM5
SIM1
SIM2
SIM3
SIM4
1
21
22
SIM5
SIM1
SIM2
SIM3
SIM4
1
21
22
SIM5
SIM1
SIM2
SIM3
SIM4
1
21
22
SIM5
SIM1
SIM2
SIM3
SIM4
1
21
22
SIM5
SIM1
SIM2
SIM3
SIM4
1
21
22
SIM5
SIM1
SIM2
SIM3
SIM4
1
21
22
SIM5
SIM1
SIM2
SIM3
SIM4
1
21
22
SIM5
SIM1
SIM2
SIM3
SIM4
1
21
22
SIM5
SIM1
SIM2
SIM3
SIM4
1
21
22
SIM5
SIM1
SIM2
SIM3
SIM4
1
21
22
SIM5
SIM1
SIM2
SIM3
SIM4
1
21
22
SIM5
SIM1
SIM2
SIM3
SIM4
1
21
22
SIM5
SIM1
SIM2
SIM3
SIM4
1
21
22
SIM5
SIM1
SIM2
SIM3
SIM4
1
21
22
SIM5
SIM1
SIM2
SIM3
SIM4
1
21
22
SIM5
SIM1
SIM2
SIM3
SIM4
1
21
22
SIM5
SIM1
SIM2
SIM3
SIM4
1
21
22
SIM5
SIM1
SIM2
SIM3
SIM4
1
21
22
SIM5
SIM1
SIM2
SIM3
SIM4
1
21
22
SIM5
SIM1
SIM2
SIM3
SIM4
1
21
22
SIM5
SIM1
SIM2
SIM3
SIM4
1
21
22
SIM5
SIM1
SIM2
SIM3
SIM4
1
21
22
SIM5
SIM1
SIM2
SIM3
SIM4
1
21
22
SIM5
SIM1
SIM2
SIM3
SIM4
1
21
22
SIM5
SIM1
SIM2
SIM3
SIM4
1
21
22
SIM5
SIM1
SIM2
SIM3
SIM4
1
21
22
SIM5
SIM1
SIM2
SIM3
SIM4
1
21
22
SIM5
SIM1
SIM2
SIM3
SIM4
1
21
22
SIM5
SIM1
SIM2
SIM3
SIM4
1
21
22
SIM5
SIM1
SIM2
SIM3
SIM4
1
21
22
SIM5
SIM1
SIM2
SIM3
SIM4
1
21
22
SIM5
SIM1
SIM2
SIM3
SIM4
1
21
22
SIM5
SIM1
SIM2
SIM3
SIM4
1
21
22
SIM5
SIM1
SIM2
SIM3
SIM4
1
21
22
SIM5
SIM1
SIM2
SIM3
SIM4
1
21
22
SIM5
SIM1
SIM2
SIM3
SIM4
1
21
22
SIM5
SIM1
SIM2
SIM3
SIM4
1
21
22
SIM5
SIM1
SIM2
SIM3
SIM4
1
21
22
SIM5
SIM1
SIM2
SIM3
SIM4
1
21
22
SIM5
SIM1
SIM2
SIM3
SIM4
1
21
22
SIM5
SIM1
SIM2
SIM3
SIM4
1
21
22
SIM5
SIM1
SIM2
SIM3
SIM4
1
21
22
SIM5
SIM1
SIM2
SIM3
SIM4
1
21
22
SIM5
SIM1
SIM2
SIM3
SIM4
1
21
22
SIM5
SIM1
SIM2
SIM3
SIM4
1
21
22
SIM5
SIM1
SIM2
SIM3
SIM4
1
21
22
SIM5
SIM1
SIM2
SIM3
SIM4
1
21
22
SIM5
SIM1
SIM2
SIM3
SIM4
1
21
22
SIM5
SIM1
SIM2
SIM3
SIM4
1
21
22
SIM5
SIM1
SIM2
SIM3
SIM4
1
21
22
SIM5
SIM1
SIM2
SIM3
SIM4
1
21
22
SIM5
SIM1
SIM2
SIM3
SIM4
1
21
22
SIM5
SIM1
SIM2
SIM3
SIM4
1
21
22
SIM5
SIM1
SIM2
SIM3
SIM4
1
21
22
SIM5
SIM1
SIM2
SIM3
SIM4
1
21
22
SIM5
SIM1
SIM2
SIM3
SIM4
1
21
22
SIM5
SIM1
SIM2
SIM3
SIM4
1
21
22
SIM5
SIM1
SIM2
SIM3
SIM4
1
21
22
SIM5
SIM1
SIM2
SIM3
SIM4
1
21
22
SIM5
SIM1
SIM2
SIM3
SIM4
1
21
22
SIM5
SIM1
SIM2
SIM3
SIM4
1
21
22
SIM5
SIM1
SIM2
SIM3
SIM4
1
21
22
SIM5
SIM1
SIM2
SIM3
SIM4
1
21
22
SIM5
SIM1
SIM2
SIM3
SIM4
1
21
22
SIM5
SIM1
SIM2
SIM3
SIM4
1
21
22
SIM5
SIM1
SIM2
SIM3
SIM4
1
21
22
SIM5
SIM1
SIM2
SIM3
SIM4
1
21
22
SIM5
SIM1
SIM2
SIM3
SIM4
1
21
22
SIM5
SIM1
SIM2
SIM3
SIM4
1
21
22
SIM5
SIM1
SIM2
SIM3
SIM4
1
21
22
SIM5
SIM1
SIM2
SIM3
SIM4
1
21
22
SIM5
SIM1
SIM2
SIM3
SIM4
1
21
22
SIM5
SIM1
SIM2
SIM3
SIM4
1
21
22
SIM5
SIM1
SIM2
SIM3
SIM4
1
21
22
SIM5
SIM1
SIM2
SIM3
SIM4
1
21
22
SIM5
SIM1
SIM2
SIM3
SIM4
1
21
22
SIM5
SIM1
SIM2
SIM3
SIM4
1
21
22
SIM5
SIM1
SIM2
SIM3
SIM4
1
21
22
SIM5
SIM1
SIM2
SIM3
SIM4
1
21
22
SIM5
SIM1
SIM2
SIM3
SIM4
1
21
22
SIM5
SIM1
SIM2
SIM3
SIM4
1
21
22
SIM5
SIM1
SIM2
SIM3
SIM4
1
21
22
SIM5
SIM1
SIM2
SIM3
SIM4
1
21
22
SIM5
SIM1
SIM2
SIM3
SIM4
1
21
22
SIM5
SIM1
SIM2
SIM3
SIM4
1
21
22
SIM5
SIM1
SIM2
SIM3
SIM4
1
21
22
SIM5
SIM1
SIM2
SIM3
SIM4
1
21
22
SIM5
SIM1
SIM2
SIM3
SIM4
1
21
22
SIM5
SIM1
SIM2
SIM3
SIM4
1
21
22
SIM5
SIM1
SIM2
SIM3
SIM4
1
21
22
SIM5
SIM1
SIM2
SIM3
SIM4
1
21
22
SIM5
SIM1
SIM2
SIM3
SIM4
1
21
22
SIM5
SIM1
SIM2
SIM3
SIM4
1
21
22
SIM5
SIM1
SIM2
SIM3
SIM4
1
21
22
SIM5
SIM1
SIM2
SIM3
SIM4
1
21
22
SIM5
SIM1
SIM2
SIM3
SIM4
1
21
22
SIM5
SIM1
SIM2
SIM3
SIM4
1
21
22
SIM5
SIM1
SIM2
SIM3
SIM4
1
21
22
SIM5
SIM1
SIM2
SIM3
SIM4
1
21
22
SIM5
SIM1
SIM2
SIM3
SIM4
1
21
22
SIM5
SIM1
SIM2
SIM3
SIM4
1
21
22
SIM5
SIM1
SIM2
SIM3
SIM4
1
21
22
SIM5
SIM1
SIM2
SIM3
SIM4
1
21
22
SIM5
SIM1
SIM2
SIM3
SIM4
1
21
22
SIM5
SIM1
SIM2
SIM3
SIM4
1
21
22
SIM5
SIM1
SIM2
SIM3
SIM4
1
21
22
SIM5
SIM1
SIM2
SIM3
SIM4
1
21
22
SIM5
SIM1
SIM2
SIM3
SIM4
1
21
22
SIM5
SIM1
SIM2
SIM3
SIM4
1
21
22
SIM5
SIM1
SIM2
SIM3
SIM4
1
21
22
SIM5
SIM1
SIM2
SIM3
SIM4
1
21
22
SIM5
SIM1
SIM2
SIM3
SIM4
1
21
22
SIM5
SIM1
SIM2
SIM3
SIM4
1
21
22
SIM5
SIM1
SIM2
SIM3
SIM4
1
21
22
SIM5
SIM1
SIM2
SIM3
SIM4
1
21
22
SIM5
SIM1
SIM2
SIM3
SIM4
1
21
22
SIM5
SIM1
SIM2
SIM3
SIM4
1
21
22
SIM5
SIM1
SIM2
SIM3
SIM4
1
21
22
SIM5
SIM1
SIM2
SIM3
SIM4
1
21
22
SIM5
SIM1
SIM2
SIM3
SIM4
1
21
22
SIM5
SIM1
SIM2
SIM3
SIM4
1
21
22
SIM5
SIM1
SIM2
SIM3
SIM4
1
21
22
SIM5
SIM1
SIM2
SIM3
SIM4
1
21
22
SIM5
SIM1
SIM2
SIM3
SIM4
1
21
22
SIM5
SIM1
SIM2
SIM3
SIM4
1
21
22
SIM5
SIM1
SIM2
SIM3
SIM4
1
21
22
SIM5
SIM1
SIM2
SIM3
SIM4
1
21
22
SIM5
SIM1
SIM2
SIM3
SIM4
1
21
22
SIM5
SIM1
SIM2
SIM3
SIM4
1
21
22
SIM5
SIM1
SIM2
SIM3
SIM4
1
21
22
SIM5
SIM1
SIM2
SIM3
SIM4
1
21
22
SIM5
SIM1
SIM2
SIM3
SIM4
1
21
22
SIM5
SIM1
SIM2
SIM3
SIM4
1
21
22
SIM5
SIM1
SIM2
SIM3
SIM4
1
21
22
SIM5
SIM1
SIM2
SIM3
SIM4
1
21
22
SIM5
SIM1
SIM2
SIM3
SIM4
1
21
22
SIM5
SIM1
SIM2
SIM3
SIM4
1
21
22
SIM5
SIM1
SIM2
SIM3
SIM4
1
21
22
SIM5
SIM1
SIM2
SIM3
SIM4
1
21
22
SIM5
SIM1
SIM2
SIM3
SIM4
1
21
22
SIM5
SIM1
SIM2
SIM3
SIM4
1
21
22
SIM5
SIM1
SIM2
SIM3
SIM4
1
21
22
SIM5
SIM1
SIM2
SIM3
SIM4
1
21
22
SIM5
SIM1
SIM2
SIM3
SIM4
1
21
22
SIM5
SIM1
SIM2
SIM3
SIM4
1
21
22
SIM5
SIM1
SIM2
SIM3
SIM4
1
21
22
SIM5
SIM1
SIM2
SIM3
SIM4
1
21
22
SIM5
SIM1
SIM2
SIM3
SIM4
1
21
22
SIM5
SIM1
SIM2
SIM3
SIM4
1
21
22
SIM5
SIM1
SIM2
SIM3
SIM4
1
21
22
SIM5
SIM1
SIM2
SIM3
SIM4
1
21
22
SIM5
SIM1
SIM2
SIM3
SIM4
1
21
22
SIM5
SIM1
SIM2
SIM3
SIM4
1
21
22
SIM5
SIM1
SIM2
SIM3
SIM4
1
21
22
SIM5
SIM1
SIM2
SIM3
SIM4
1
21
22
SIM5
SIM1
SIM2
SIM3
SIM4
1
21
22
SIM5
SIM1
SIM2
SIM3
SIM4
1
21
22
SIM5
SIM1
SIM2
SIM3
SIM4
1
21
22
SIM5
SIM1
SIM2
SIM3
SIM4
1
21
22
SIM5
SIM1
SIM2
SIM3
SIM4
1
21
22
SIM5
SIM1
SIM2
SIM3
SIM4
1
21
22
SIM5
SIM1
SIM2
SIM3
SIM4
1
21
22
SIM5
SIM1
SIM2
SIM3
SIM4
1
21
22
SIM5
SIM1
SIM2
SIM3
SIM4
1
21
22
SIM5
SIM1
SIM2
SIM3
SIM4
1
21
22
SIM5
SIM1
SIM2
SIM3
SIM4
1
21
22
SIM5
SIM1
SIM2
SIM3
SIM4
1
21
22
SIM5
SIM1
SIM2
SIM3
SIM4
1
21
22
SIM5
SIM1
SIM2
SIM3
SIM4
1
21
22
SIM5
SIM1
SIM2
SIM3
SIM4
1
21
22
SIM5
SIM1
SIM2
SIM3
SIM4
1
21
22
SIM5
SIM1
SIM2
SIM3
SIM4
1
21
22
SIM5
SIM1
SIM2
SIM3
SIM4
1
21
22
SIM5
SIM1
SIM2
SIM3
SIM4
1
21
22
SIM5
SIM1
SIM2
SIM3
SIM4
1
21
22
SIM5
SIM1
SIM2
SIM3
SIM4
1
21
22
SIM5
SIM1
SIM2
SIM3
SIM4
1
21
22
SIM5
SIM1
SIM2
SIM3
SIM4
1
21
22
SIM5
SIM1
SIM2
SIM3
SIM4
1
21
22
SIM5
SIM1
SIM2
SIM3
SIM4
1
21
22
SIM5
SIM1
SIM2
SIM3
SIM4
1
21
22
SIM5
SIM1
SIM2
SIM3
SIM4
1
21
22
SIM5
SIM1
SIM2
SIM3
SIM4
1
21
22
SIM5
SIM1
SIM2
SIM3
SIM4
1
21
22
SIM5
SIM1
SIM2
SIM3
SIM4
1
21
22
SIM5
SIM1
SIM2
SIM3
SIM4
1
21
22
SIM5
SIM1
SIM2
SIM3
SIM4
1
21
22
SIM5
SIM1
SIM2
SIM3
SIM4
1
21
22
SIM5
SIM1
SIM2
SIM3
SIM4
1
21
22
SIM5
SIM1
SIM2
SIM3
SIM4
1
21
22
SIM5
SIM1
SIM2
SIM3
SIM4
1
21
22
SIM5
SIM1
SIM2
SIM3
SIM4
1
21
22
SIM5
SIM1
SIM2
SIM3
SIM4
1
21
22
SIM5
SIM1
SIM2
SIM3
SIM4
1
21
22
SIM5
SIM1
SIM2
SIM3
SIM4
1
21
22
SIM5
SIM1
SIM2
SIM3
SIM4
1
21
22
SIM5
SIM1
SIM2
SIM3
SIM4
1
21
22
SIM5
SIM1
SIM2
SIM3
SIM4
1
21
22
SIM5
SIM1
SIM2
SIM3
SIM4
1
21
22
SIM5
SIM1
SIM2
SIM3
SIM4
1
21
22
SIM5
SIM1
SIM2
SIM3
SIM4
1
21
22
SIM5
SIM1
SIM2
SIM3
SIM4
1
21
22
SIM5
SIM1
SIM2
SIM3
SIM4
1
21
22
SIM5
SIM1
SIM2
SIM3
SIM4
1
21
22
SIM5
SIM1
SIM2
SIM3
SIM4
1
21
22
SIM5
SIM1
SIM2
SIM3
SIM4
1
21
22
SIM5
SIM1
SIM2
SIM3
SIM4
1
21
22
SIM5
SIM1
SIM2
SIM3
SIM4
1
21
22
SIM5
SIM1
SIM2
SIM3
SIM4
1
21
22
SIM5
SIM1
SIM2
SIM3
SIM4
1
21
22
SIM5
SIM1
SIM2
SIM3
SIM4
1
21
22
SIM5
SIM1
SIM2
SIM3
SIM4
1
21
22
SIM5
SIM1
SIM2
SIM3
SIM4
1
21
22
SIM5
SIM1
SIM2
SIM3
SIM4
1
21
22
SIM5
SIM1
SIM2
SIM3
SIM4
1
21
22
SIM5
SIM1
SIM2
SIM3
SIM4
1
21
22
SIM5
SIM1
SIM2
SIM3
SIM4
1
21
22
SIM5
SIM1
SIM2
SIM3
SIM4
1
21
22
SIM5
SIM1
SIM2
DEBUG 1 592
SIM1
SIM2
SIM3
SIM4
1
21
22
SIM5
SIM1
SIM2
SIM3
SIM4
1
21
22
SIM5
SIM1
SIM2
SIM3
SIM4
1
21
22
SIM5
SIM1
SIM2
SIM3
SIM4
1
21
22
SIM5
SIM1
SIM2
SIM3
SIM4
1
21
22
SIM5
SIM1
SIM2
SIM3
SIM4
1
21
22
SIM5
SIM1
SIM2
SIM3
SIM4
1
21
22
SIM5
SIM1
SIM2
SIM3
SIM4
1
21
22
SIM5
SIM1
SIM2
SIM3
SIM4
1
21
22
SIM5
SIM1
SIM2
SIM3
SIM4
1
21
22
SIM5
SIM1
SIM2
SIM3
SIM4
1
21
22
SIM5
SIM1
SIM2
SIM3
SIM4
1
21
22
SIM5
SIM1
SIM2
SIM3
SIM4
1
21
22
SIM5
SIM1
SIM2
SIM3
SIM4
1
21
22
SIM5
SIM1
SIM2
SIM3
SIM4
1
21
22
SIM5
SIM1
SIM2
SIM3
SIM4
1
21
22
SIM5
SIM1
SIM2
SIM3
SIM4
1
21
22
SIM5
SIM1
SIM2
SIM3
SIM4
1
21
22
SIM5
SIM1
SIM2
SIM3
SIM4
1
21
22
SIM5
SIM1
SIM2
SIM3
SIM4
1
21
22
SIM5
SIM1
SIM2
SIM3
SIM4
1
21
22
SIM5
SIM1
SIM2
SIM3
SIM4
1
21
22
SIM5
SIM1
SIM2
SIM3
SIM4
1
21
22
SIM5
SIM1
SIM2
SIM3
SIM4
1
21
22
SIM5
SIM1
SIM2
SIM3
SIM4
1
21
22
SIM5
SIM1
SIM2
SIM3
SIM4
1
21
22
SIM5
SIM1
SIM2
SIM3
SIM4
1
21
22
SIM5
SIM1
SIM2
SIM3
SIM4
1
21
22
SIM5
SIM1
SIM2
SIM3
SIM4
1
21
22
SIM5
SIM1
SIM2
SIM3
SIM4
1
21
22
SIM5
SIM1
SIM2
SIM3
SIM4
1
21
22
SIM5
SIM1
SIM2
SIM3
SIM4
1
21
22
SIM5
SIM1
SIM2
SIM3
SIM4
1
21
22
SIM5
SIM1
SIM2
SIM3
SIM4
1
21
22
SIM5
SIM1
SIM2
SIM3
SIM4
1
21
22
SIM5
SIM1
SIM2
SIM3
SIM4
1
21
22
SIM5
SIM1
SIM2
SIM3
SIM4
1
21
22
SIM5
SIM1
SIM2
SIM3
SIM4
1
21
22
SIM5
SIM1
SIM2
SIM3
SIM4
1
21
22
SIM5
SIM1
SIM2
SIM3
SIM4
1
21
22
SIM5
SIM1
SIM2
SIM3
SIM4
1
21
22
SIM5
SIM1
SIM2
SIM3
SIM4
1
21
22
SIM5
SIM1
SIM2
SIM3
SIM4
1
21
22
SIM5
SIM1
SIM2
SIM3
SIM4
1
21
22
SIM5
SIM1
SIM2
SIM3
SIM4
1
21
22
SIM5
SIM1
SIM2
SIM3
SIM4
1
21
22
SIM5
SIM1
SIM2
SIM3
SIM4
1
21
22
SIM5
SIM1
SIM2
SIM3
SIM4
1
21
22
SIM5
SIM1
SIM2
SIM3
SIM4
1
21
22
SIM5
SIM1
SIM2
SIM3
SIM4
1
21
22
SIM5
SIM1
SIM2
SIM3
SIM4
1
21
22
SIM5
SIM1
SIM2
SIM3
SIM4
1
21
22
SIM5
SIM1
SIM2
SIM3
SIM4
1
21
22
SIM5
SIM1
SIM2
SIM3
SIM4
1
21
22
SIM5
SIM1
SIM2
SIM3
SIM4
1
21
22
SIM5
SIM1
SIM2
SIM3
SIM4
1
21
22
SIM5
SIM1
SIM2
SIM3
SIM4
1
21
22
SIM5
SIM1
SIM2
SIM3
SIM4
1
21
22
SIM5
SIM1
SIM2
SIM3
SIM4
1
21
22
SIM5
SIM1
SIM2
SIM3
SIM4
1
21
22
SIM5
SIM1
SIM2
SIM3
SIM4
1
21
22
SIM5
SIM1
SIM2
SIM3
SIM4
1
21
22
SIM5
SIM1
SIM2
SIM3
SIM4
1
21
22
SIM5
SIM1
SIM2
SIM3
SIM4
1
21
22
SIM5
SIM1
SIM2
SIM3
SIM4
1
21
22
SIM5
SIM1
SIM2
SIM3
SIM4
1
21
22
SIM5
SIM1
SIM2
SIM3
SIM4
1
21
22
SIM5
SIM1
SIM2
SIM3
SIM4
1
21
22
SIM5
SIM1
SIM2
SIM3
SIM4
1
21
22
SIM5
SIM1
SIM2
SIM3
SIM4
1
21
22
SIM5
SIM1
SIM2
SIM3
SIM4
1
21
22
SIM5
SIM1
SIM2
SIM3
SIM4
1
21
22
SIM5
SIM1
SIM2
SIM3
SIM4
1
21
22
SIM5
SIM1
SIM2
SIM3
SIM4
1
21
22
SIM5
SIM1
SIM2
SIM3
SIM4
1
21
22
SIM5
SIM1
SIM2
SIM3
SIM4
1
21
22
SIM5
SIM1
SIM2
SIM3
SIM4
1
21
22
SIM5
SIM1
SIM2
SIM3
SIM4
1
21
22
SIM5
SIM1
SIM2
SIM3
SIM4
1
21
22
SIM5
SIM1
SIM2
SIM3
SIM4
1
21
22
SIM5
SIM1
SIM2
SIM3
SIM4
1
21
22
SIM5
SIM1
SIM2
SIM3
SIM4
1
21
22
SIM5
SIM1
SIM2
SIM3
SIM4
1
21
22
SIM5
SIM1
SIM2
SIM3
SIM4
1
21
22
SIM5
SIM1
SIM2
SIM3
SIM4
1
21
22
SIM5
SIM1
SIM2
SIM3
SIM4
1
21
22
SIM5
SIM1
SIM2
SIM3
SIM4
1
21
22
SIM5
SIM1
SIM2
SIM3
SIM4
1
21
22
SIM5
SIM1
SIM2
SIM3
SIM4
1
21
22
SIM5
SIM1
SIM2
SIM3
SIM4
1
21
22
SIM5
SIM1
SIM2
SIM3
SIM4
1
21
22
SIM5
SIM1
SIM2
SIM3
SIM4
1
21
22
SIM5
SIM1
SIM2
SIM3
SIM4
1
21
22
SIM5
SIM1
SIM2
SIM3
SIM4
1
21
22
SIM5
SIM1
SIM2
SIM3
SIM4
1
21
22
SIM5
SIM1
SIM2
SIM3
SIM4
1
21
22
SIM5
SIM1
SIM2
SIM3
SIM4
1
21
22
SIM5
SIM1
SIM2
SIM3
SIM4
1
21
22
SIM5
SIM1
SIM2
SIM3
SIM4
1
21
22
SIM5
SIM1
SIM2
SIM3
SIM4
1
21
22
SIM5
SIM1
SIM2
SIM3
SIM4
1
21
22
SIM5
SIM1
SIM2
SIM3
SIM4
1
21
22
SIM5
SIM1
SIM2
SIM3
SIM4
1
21
22
SIM5
SIM1
SIM2
SIM3
SIM4
1
21
22
SIM5
SIM1
SIM2
SIM3
SIM4
1
21
22
SIM5
SIM1
SIM2
SIM3
SIM4
1
21
22
SIM5
SIM1
SIM2
SIM3
SIM4
1
21
22
SIM5
SIM1
SIM2
SIM3
SIM4
1
21
22
SIM5
SIM1
SIM2
SIM3
SIM4
1
21
22
SIM5
SIM1
SIM2
SIM3
SIM4
1
21
22
SIM5
SIM1
SIM2
SIM3
SIM4
1
21
22
SIM5
SIM1
SIM2
SIM3
SIM4
1
21
22
SIM5
SIM1
SIM2
SIM3
SIM4
1
21
22
SIM5
SIM1
SIM2
SIM3
SIM4
1
21
22
SIM5
SIM1
SIM2
SIM3
SIM4
1
21
22
SIM5
SIM1
SIM2
SIM3
SIM4
1
21
22
SIM5
SIM1
SIM2
SIM3
SIM4
1
21
22
SIM5
SIM1
SIM2
SIM3
SIM4
1
21
22
SIM5
SIM1
SIM2
SIM3
SIM4
1
21
22
SIM5
SIM1
SIM2
SIM3
SIM4
1
21
22
SIM5
SIM1
SIM2
SIM3
SIM4
1
21
22
SIM5
SIM1
SIM2
SIM3
SIM4
1
21
22
SIM5
SIM1
SIM2
SIM3
SIM4
1
21
22
SIM5
SIM1
SIM2
SIM3
SIM4
1
21
22
SIM5
SIM1
SIM2
SIM3
SIM4
1
21
22
SIM5
SIM1
SIM2
SIM3
SIM4
1
21
22
SIM5
SIM1
SIM2
SIM3
SIM4
1
21
22
SIM5
SIM1
SIM2
SIM3
SIM4
1
21
22
SIM5
SIM1
SIM2
SIM3
SIM4
1
21
22
SIM5
SIM1
SIM2
SIM3
SIM4
1
21
22
SIM5
SIM1
SIM2
SIM3
SIM4
1
21
22
SIM5
SIM1
SIM2
SIM3
SIM4
1
21
22
SIM5
SIM1
SIM2
SIM3
SIM4
1
21
22
SIM5
SIM1
SIM2
SIM3
SIM4
1
21
22
SIM5
SIM1
SIM2
SIM3
SIM4
1
21
22
SIM5
SIM1
SIM2
SIM3
SIM4
1
21
22
SIM5
SIM1
SIM2
SIM3
SIM4
1
21
22
SIM5
SIM1
SIM2
SIM3
SIM4
1
21
22
SIM5
SIM1
SIM2
SIM3
SIM4
1
21
22
SIM5
SIM1
SIM2
SIM3
SIM4
1
21
22
SIM5
SIM1
SIM2
SIM3
SIM4
1
21
22
SIM5
SIM1
SIM2
SIM3
SIM4
1
21
22
SIM5
SIM1
SIM2
SIM3
SIM4
1
21
22
SIM5
SIM1
SIM2
SIM3
SIM4
1
21
22
SIM5
SIM1
SIM2
SIM3
SIM4
1
21
22
SIM5
SIM1
SIM2
SIM3
SIM4
1
21
22
SIM5
SIM1
SIM2
SIM3
SIM4
1
21
22
SIM5
SIM1
SIM2
SIM3
SIM4
1
21
22
SIM5
SIM1
SIM2
SIM3
SIM4
1
21
22
SIM5
SIM1
SIM2
SIM3
SIM4
1
21
22
SIM5
SIM1
SIM2
SIM3
SIM4
1
21
22
SIM5
SIM1
SIM2
SIM3
SIM4
1
21
22
SIM5
SIM1
SIM2
SIM3
SIM4
1
21
22
SIM5
SIM1
SIM2
SIM3
SIM4
1
21
22
SIM5
SIM1
SIM2
SIM3
SIM4
1
21
22
SIM5
SIM1
SIM2
SIM3
SIM4
1
21
22
SIM5
SIM1
SIM2
SIM3
SIM4
1
21
22
SIM5
SIM1
SIM2
SIM3
SIM4
1
21
22
SIM5
SIM1
SIM2
SIM3
SIM4
1
21
22
SIM5
SIM1
SIM2
SIM3
SIM4
1
21
22
SIM5
SIM1
SIM2
SIM3
SIM4
1
21
22
SIM5
SIM1
SIM2
SIM3
SIM4
1
21
22
SIM5
SIM1
SIM2
SIM3
SIM4
1
21
22
SIM5
SIM1
SIM2
SIM3
SIM4
1
21
22
SIM5
SIM1
SIM2
SIM3
SIM4
1
21
22
SIM5
SIM1
SIM2
SIM3
SIM4
1
21
22
SIM5
SIM1
SIM2
SIM3
SIM4
1
21
22
SIM5
SIM1
SIM2
SIM3
SIM4
1
21
22
SIM5
SIM1
SIM2
SIM3
SIM4
1
21
22
SIM5
SIM1
SIM2
SIM3
SIM4
1
21
22
SIM5
SIM1
SIM2
SIM3
SIM4
1
21
22
SIM5
SIM1
SIM2
SIM3
SIM4
1
21
22
SIM5
SIM1
SIM2
SIM3
SIM4
1
21
22
SIM5
SIM1
SIM2
SIM3
SIM4
1
21
22
SIM5
SIM1
SIM2
SIM3
SIM4
1
21
22
SIM5
SIM1
SIM2
SIM3
SIM4
1
21
22
SIM5
SIM1
SIM2
SIM3
SIM4
1
21
22
SIM5
SIM1
SIM2
SIM3
SIM4
1
21
22
SIM5
SIM1
SIM2
SIM3
SIM4
1
21
22
SIM5
SIM1
SIM2
SIM3
SIM4
1
21
22
SIM5
SIM1
SIM2
SIM3
SIM4
1
21
22
SIM5
SIM1
SIM2
SIM3
SIM4
1
21
22
SIM5
SIM1
SIM2
SIM3
SIM4
1
21
22
SIM5
SIM1
SIM2
SIM3
SIM4
1
21
22
SIM5
SIM1
SIM2
SIM3
SIM4
1
21
22
SIM5
SIM1
SIM2
SIM3
SIM4
1
21
22
SIM5
SIM1
SIM2
SIM3
SIM4
1
21
22
SIM5
SIM1
SIM2
SIM3
SIM4
1
21
22
SIM5
SIM1
SIM2
SIM3
SIM4
1
21
22
SIM5
SIM1
SIM2
SIM3
SIM4
1
21
22
SIM5
SIM1
SIM2
SIM3
SIM4
1
21
22
SIM5
SIM1
SIM2
SIM3
SIM4
1
21
22
SIM5
SIM1
SIM2
SIM3
SIM4
1
21
22
SIM5
SIM1
SIM2
SIM3
SIM4
1
21
22
SIM5
SIM1
SIM2
SIM3
SIM4
1
21
22
SIM5
SIM1
SIM2
SIM3
SIM4
1
21
22
SIM5
SIM1
SIM2
SIM3
SIM4
1
21
22
SIM5
SIM1
SIM2
SIM3
SIM4
1
21
22
SIM5
SIM1
SIM2
SIM3
SIM4
1
21
22
SIM5
SIM1
SIM2
SIM3
SIM4
1
21
22
SIM5
SIM1
SIM2
SIM3
SIM4
1
21
22
SIM5
SIM1
SIM2
SIM3
SIM4
1
21
22
SIM5
SIM1
SIM2
SIM3
SIM4
1
21
22
SIM5
SIM1
SIM2
SIM3
SIM4
1
21
22
SIM5
SIM1
SIM2
SIM3
SIM4
1
21
22
SIM5
SIM1
SIM2
SIM3
SIM4
1
21
22
SIM5
SIM1
SIM2
SIM3
SIM4
1
21
22
SIM5
SIM1
SIM2
SIM3
SIM4
1
21
22
SIM5
SIM1
SIM2
SIM3
SIM4
1
21
22
SIM5
SIM1
SIM2
SIM3
SIM4
1
21
22
SIM5
SIM1
SIM2
SIM3
SIM4
1
21
22
SIM5
SIM1
SIM2
SIM3
SIM4
1
21
22
SIM5
SIM1
SIM2
SIM3
SIM4
1
21
22
SIM5
SIM1
SIM2
SIM3
SIM4
1
21
22
SIM5
SIM1
SIM2
SIM3
SIM4
1
21
22
SIM5
SIM1
SIM2
SIM3
SIM4
1
21
22
SIM5
SIM1
SIM2
SIM3
SIM4
1
21
22
SIM5
SIM1
SIM2
SIM3
SIM4
1
21
22
SIM5
SIM1
SIM2
SIM3
SIM4
1
21
22
SIM5
SIM1
SIM2
SIM3
SIM4
1
21
22
SIM5
SIM1
SIM2
SIM3
SIM4
1
21
22
SIM5
SIM1
SIM2
SIM3
SIM4
1
21
22
SIM5
SIM1
SIM2
SIM3
SIM4
1
21
22
SIM5
SIM1
SIM2
SIM3
SIM4
1
21
22
SIM5
SIM1
SIM2
SIM3
SIM4
1
21
22
SIM5
SIM1
SIM2
SIM3
SIM4
1
21
22
SIM5
SIM1
SIM2
SIM3
SIM4
1
21
22
SIM5
SIM1
SIM2
SIM3
SIM4
1
21
22
SIM5
SIM1
SIM2
SIM3
SIM4
1
21
22
SIM5
SIM1
SIM2
SIM3
SIM4
1
21
22
SIM5
SIM1
SIM2
SIM3
SIM4
1
21
22
SIM5
SIM1
SIM2
SIM3
SIM4
1
21
22
SIM5
SIM1
SIM2
SIM3
SIM4
1
21
22
SIM5
SIM1
SIM2
SIM3
SIM4
1
21
22
SIM5
SIM1
SIM2
SIM3
SIM4
1
21
22
SIM5
SIM1
SIM2
SIM3
SIM4
1
21
22
SIM5
SIM1
SIM2
SIM3
SIM4
1
21
22
SIM5
SIM1
SIM2
SIM3
SIM4
1
21
22
SIM5
SIM1
SIM2
SIM3
SIM4
1
21
22
SIM5
SIM1
SIM2
SIM3
SIM4
1
21
22
SIM5
SIM1
SIM2
SIM3
SIM4
1
21
22
SIM5
SIM1
SIM2
SIM3
SIM4
1
21
22
SIM5
SIM1
SIM2
SIM3
SIM4
1
21
22
SIM5
SIM1
SIM2
SIM3
SIM4
1
21
22
SIM5
SIM1
SIM2
SIM3
SIM4
1
21
22
SIM5
SIM1
SIM2
SIM3
SIM4
1
21
22
SIM5
SIM1
SIM2
SIM3
SIM4
1
21
22
SIM5
SIM1
SIM2
SIM3
SIM4
1
21
22
SIM5
SIM1
SIM2
SIM3
SIM4
1
21
22
SIM5
SIM1
SIM2
SIM3
SIM4
1
21
22
SIM5
SIM1
SIM2
SIM3
SIM4
1
21
22
SIM5
SIM1
SIM2
SIM3
SIM4
1
21
22
SIM5
SIM1
SIM2
SIM3
SIM4
1
21
22
SIM5
SIM1
SIM2
SIM3
SIM4
1
21
22
SIM5
SIM1
SIM2
SIM3
SIM4
1
21
22
SIM5
SIM1
SIM2
SIM3
SIM4
1
21
22
SIM5
SIM1
SIM2
SIM3
SIM4
1
21
22
SIM5
SIM1
SIM2
SIM3
SIM4
1
21
22
SIM5
SIM1
SIM2
SIM3
SIM4
1
21
22
SIM5
SIM1
SIM2
SIM3
SIM4
1
21
22
SIM5
SIM1
SIM2
SIM3
SIM4
1
21
22
SIM5
SIM1
SIM2
SIM3
SIM4
1
21
22
SIM5
SIM1
SIM2
SIM3
SIM4
1
21
22
SIM5
SIM1
SIM2
SIM3
SIM4
1
21
22
SIM5
SIM1
SIM2
SIM3
SIM4
1
21
22
SIM5
SIM1
SIM2
SIM3
SIM4
1
21
22
SIM5
SIM1
SIM2
SIM3
SIM4
1
21
22
SIM5
SIM1
SIM2
SIM3
SIM4
1
21
22
SIM5
SIM1
SIM2
SIM3
SIM4
1
21
22
SIM5
SIM1
SIM2
SIM3
SIM4
1
21
22
SIM5
SIM1
SIM2
SIM3
SIM4
1
21
22
SIM5
SIM1
SIM2
SIM3
SIM4
1
21
22
SIM5
SIM1
SIM2
SIM3
SIM4
1
21
22
SIM5
SIM1
SIM2
SIM3
SIM4
1
21
22
SIM5
SIM1
SIM2
DEBUG 1 593
SIM1
SIM2
SIM3
SIM4
1
21
22
SIM5
SIM1
SIM2
SIM3
SIM4
1
21
22
SIM5
SIM1
SIM2
SIM3
SIM4
1
21
22
SIM5
SIM1
SIM2
SIM3
SIM4
1
21
22
SIM5
SIM1
SIM2
SIM3
SIM4
1
21
22
SIM5
SIM1
SIM2
SIM3
SIM4
1
21
22
SIM5
SIM1
SIM2
SIM3
SIM4
1
21
22
SIM5
SIM1
SIM2
SIM3
SIM4
1
21
22
SIM5
SIM1
SIM2
SIM3
SIM4
1
21
22
SIM5
SIM1
SIM2
SIM3
SIM4
1
21
22
SIM5
SIM1
SIM2
SIM3
SIM4
1
21
22
SIM5
SIM1
SIM2
SIM3
SIM4
1
21
22
SIM5
SIM1
SIM2
SIM3
SIM4
1
21
22
SIM5
SIM1
SIM2
SIM3
SIM4
1
21
22
SIM5
SIM1
SIM2
SIM3
SIM4
1
21
22
SIM5
SIM1
SIM2
SIM3
SIM4
1
21
22
SIM5
SIM1
SIM2
SIM3
SIM4
1
21
22
SIM5
SIM1
SIM2
SIM3
SIM4
1
21
22
SIM5
SIM1
SIM2
SIM3
SIM4
1
21
22
SIM5
SIM1
SIM2
SIM3
SIM4
1
21
22
SIM5
SIM1
SIM2
SIM3
SIM4
1
21
22
SIM5
SIM1
SIM2
SIM3
SIM4
1
21
22
SIM5
SIM1
SIM2
SIM3
SIM4
1
21
22
SIM5
SIM1
SIM2
SIM3
SIM4
1
21
22
SIM5
SIM1
SIM2
SIM3
SIM4
1
21
22
SIM5
SIM1
SIM2
SIM3
SIM4
1
21
22
SIM5
SIM1
SIM2
SIM3
SIM4
1
21
22
SIM5
SIM1
SIM2
SIM3
SIM4
1
21
22
SIM5
SIM1
SIM2
SIM3
SIM4
1
21
22
SIM5
SIM1
SIM2
SIM3
SIM4
1
21
22
SIM5
SIM1
SIM2
SIM3
SIM4
1
21
22
SIM5
SIM1
SIM2
SIM3
SIM4
1
21
22
SIM5
SIM1
SIM2
SIM3
SIM4
1
21
22
SIM5
SIM1
SIM2
SIM3
SIM4
1
21
22
SIM5
SIM1
SIM2
SIM3
SIM4
1
21
22
SIM5
SIM1
SIM2
SIM3
SIM4
1
21
22
SIM5
SIM1
SIM2
SIM3
SIM4
1
21
22
SIM5
SIM1
SIM2
SIM3
SIM4
1
21
22
SIM5
SIM1
SIM2
SIM3
SIM4
1
21
22
SIM5
SIM1
SIM2
SIM3
SIM4
1
21
22
SIM5
SIM1
SIM2
SIM3
SIM4
1
21
22
SIM5
SIM1
SIM2
SIM3
SIM4
1
21
22
SIM5
SIM1
SIM2
SIM3
SIM4
1
21
22
SIM5
SIM1
SIM2
SIM3
SIM4
1
21
22
SIM5
SIM1
SIM2
SIM3
SIM4
1
21
22
SIM5
SIM1
SIM2
SIM3
SIM4
1
21
22
SIM5
SIM1
SIM2
SIM3
SIM4
1
21
22
SIM5
SIM1
SIM2
SIM3
SIM4
1
21
22
SIM5
SIM1
SIM2
SIM3
SIM4
1
21
22
SIM5
SIM1
SIM2
SIM3
SIM4
1
21
22
SIM5
SIM1
SIM2
SIM3
SIM4
1
21
22
SIM5
SIM1
SIM2
SIM3
SIM4
1
21
22
SIM5
SIM1
SIM2
SIM3
SIM4
1
21
22
SIM5
SIM1
SIM2
SIM3
SIM4
1
21
22
SIM5
SIM1
SIM2
SIM3
SIM4
1
21
22
SIM5
SIM1
SIM2
SIM3
SIM4
1
21
22
SIM5
SIM1
SIM2
SIM3
SIM4
1
21
22
SIM5
SIM1
SIM2
SIM3
SIM4
1
21
22
SIM5
SIM1
SIM2
SIM3
SIM4
1
21
22
SIM5
SIM1
SIM2
SIM3
SIM4
1
21
22
SIM5
SIM1
SIM2
SIM3
SIM4
1
21
22
SIM5
SIM1
SIM2
SIM3
SIM4
1
21
22
SIM5
SIM1
SIM2
SIM3
SIM4
1
21
22
SIM5
SIM1
SIM2
SIM3
SIM4
1
21
22
SIM5
SIM1
SIM2
SIM3
SIM4
1
21
22
SIM5
SIM1
SIM2
SIM3
SIM4
1
21
22
SIM5
SIM1
SIM2
SIM3
SIM4
1
21
22
SIM5
SIM1
SIM2
SIM3
SIM4
1
21
22
SIM5
SIM1
SIM2
SIM3
SIM4
1
21
22
SIM5
SIM1
SIM2
SIM3
SIM4
1
21
22
SIM5
SIM1
SIM2
SIM3
SIM4
1
21
22
SIM5
SIM1
SIM2
SIM3
SIM4
1
21
22
SIM5
SIM1
SIM2
SIM3
SIM4
1
21
22
SIM5
SIM1
SIM2
SIM3
SIM4
1
21
22
SIM5
SIM1
SIM2
SIM3
SIM4
1
21
22
SIM5
SIM1
SIM2
SIM3
SIM4
1
21
22
SIM5
SIM1
SIM2
SIM3
SIM4
1
21
22
SIM5
SIM1
SIM2
SIM3
SIM4
1
21
22
SIM5
SIM1
SIM2
SIM3
SIM4
1
21
22
SIM5
SIM1
SIM2
SIM3
SIM4
1
21
22
SIM5
SIM1
SIM2
SIM3
SIM4
1
21
22
SIM5
SIM1
SIM2
SIM3
SIM4
1
21
22
SIM5
SIM1
SIM2
SIM3
SIM4
1
21
22
SIM5
SIM1
SIM2
SIM3
SIM4
1
21
22
SIM5
SIM1
SIM2
SIM3
SIM4
1
21
22
SIM5
SIM1
SIM2
SIM3
SIM4
1
21
22
SIM5
SIM1
SIM2
SIM3
SIM4
1
21
22
SIM5
SIM1
SIM2
SIM3
SIM4
1
21
22
SIM5
SIM1
SIM2
SIM3
SIM4
1
21
22
SIM5
SIM1
SIM2
SIM3
SIM4
1
21
22
SIM5
SIM1
SIM2
SIM3
SIM4
1
21
22
SIM5
SIM1
SIM2
SIM3
SIM4
1
21
22
SIM5
SIM1
SIM2
SIM3
SIM4
1
21
22
SIM5
SIM1
SIM2
SIM3
SIM4
1
21
22
SIM5
SIM1
SIM2
SIM3
SIM4
1
21
22
SIM5
SIM1
SIM2
SIM3
SIM4
1
21
22
SIM5
SIM1
SIM2
SIM3
SIM4
1
21
22
SIM5
SIM1
SIM2
SIM3
SIM4
1
21
22
SIM5
SIM1
SIM2
SIM3
SIM4
1
21
22
SIM5
SIM1
SIM2
SIM3
SIM4
1
21
22
SIM5
SIM1
SIM2
SIM3
SIM4
1
21
22
SIM5
SIM1
SIM2
SIM3
SIM4
1
21
22
SIM5
SIM1
SIM2
SIM3
SIM4
1
21
22
SIM5
SIM1
SIM2
SIM3
SIM4
1
21
22
SIM5
SIM1
SIM2
SIM3
SIM4
1
21
22
SIM5
SIM1
SIM2
SIM3
SIM4
1
21
22
SIM5
SIM1
SIM2
SIM3
SIM4
1
21
22
SIM5
SIM1
SIM2
SIM3
SIM4
1
21
22
SIM5
SIM1
SIM2
SIM3
SIM4
1
21
22
SIM5
SIM1
SIM2
SIM3
SIM4
1
21
22
SIM5
SIM1
SIM2
SIM3
SIM4
1
21
22
SIM5
SIM1
SIM2
SIM3
SIM4
1
21
22
SIM5
SIM1
SIM2
SIM3
SIM4
1
21
22
SIM5
SIM1
SIM2
SIM3
SIM4
1
21
22
SIM5
SIM1
SIM2
SIM3
SIM4
1
21
22
SIM5
SIM1
SIM2
SIM3
SIM4
1
21
22
SIM5
SIM1
SIM2
SIM3
SIM4
1
21
22
SIM5
SIM1
SIM2
SIM3
SIM4
1
21
22
SIM5
SIM1
SIM2
SIM3
SIM4
1
21
22
SIM5
SIM1
SIM2
SIM3
SIM4
1
21
22
SIM5
SIM1
SIM2
SIM3
SIM4
1
21
22
SIM5
SIM1
SIM2
SIM3
SIM4
1
21
22
SIM5
SIM1
SIM2
SIM3
SIM4
1
21
22
SIM5
SIM1
SIM2
SIM3
SIM4
1
21
22
SIM5
SIM1
SIM2
SIM3
SIM4
1
21
22
SIM5
SIM1
SIM2
SIM3
SIM4
1
21
22
SIM5
SIM1
SIM2
SIM3
SIM4
1
21
22
SIM5
SIM1
SIM2
SIM3
SIM4
1
21
22
SIM5
SIM1
SIM2
SIM3
SIM4
1
21
22
SIM5
SIM1
SIM2
SIM3
SIM4
1
21
22
SIM5
SIM1
SIM2
SIM3
SIM4
1
21
22
SIM5
SIM1
SIM2
SIM3
SIM4
1
21
22
SIM5
SIM1
SIM2
SIM3
SIM4
1
21
22
SIM5
SIM1
SIM2
SIM3
SIM4
1
21
22
SIM5
SIM1
SIM2
SIM3
SIM4
1
21
22
SIM5
SIM1
SIM2
SIM3
SIM4
1
21
22
SIM5
SIM1
SIM2
SIM3
SIM4
1
21
22
SIM5
SIM1
SIM2
SIM3
SIM4
1
21
22
SIM5
SIM1
SIM2
SIM3
SIM4
1
21
22
SIM5
SIM1
SIM2
SIM3
SIM4
1
21
22
SIM5
SIM1
SIM2
SIM3
SIM4
1
21
22
SIM5
SIM1
SIM2
SIM3
SIM4
1
21
22
SIM5
SIM1
SIM2
SIM3
SIM4
1
21
22
SIM5
SIM1
SIM2
SIM3
SIM4
1
21
22
SIM5
SIM1
SIM2
SIM3
SIM4
1
21
22
SIM5
SIM1
SIM2
SIM3
SIM4
1
21
22
SIM5
SIM1
SIM2
SIM3
SIM4
1
21
22
SIM5
SIM1
SIM2
SIM3
SIM4
1
21
22
SIM5
SIM1
SIM2
SIM3
SIM4
1
21
22
SIM5
SIM1
SIM2
SIM3
SIM4
1
21
22
SIM5
SIM1
SIM2
SIM3
SIM4
1
21
22
SIM5
SIM1
SIM2
SIM3
SIM4
1
21
22
SIM5
SIM1
SIM2
SIM3
SIM4
1
21
22
SIM5
SIM1
SIM2
SIM3
SIM4
1
21
22
SIM5
SIM1
SIM2
SIM3
SIM4
1
21
22
SIM5
SIM1
SIM2
SIM3
SIM4
1
21
22
SIM5
SIM1
SIM2
SIM3
SIM4
1
21
22
SIM5
SIM1
SIM2
SIM3
SIM4
1
21
22
SIM5
SIM1
SIM2
SIM3
SIM4
1
21
22
SIM5
SIM1
SIM2
SIM3
SIM4
1
21
22
SIM5
SIM1
SIM2
SIM3
SIM4
1
21
22
SIM5
SIM1
SIM2
SIM3
SIM4
1
21
22
SIM5
SIM1
SIM2
SIM3
SIM4
1
21
22
SIM5
SIM1
SIM2
SIM3
SIM4
1
21
22
SIM5
SIM1
SIM2
SIM3
SIM4
1
21
22
SIM5
SIM1
SIM2
SIM3
SIM4
1
21
22
SIM5
SIM1
SIM2
SIM3
SIM4
1
21
22
SIM5
SIM1
SIM2
SIM3
SIM4
1
21
22
SIM5
SIM1
SIM2
SIM3
SIM4
1
21
22
SIM5
SIM1
SIM2
SIM3
SIM4
1
21
22
SIM5
SIM1
SIM2
SIM3
SIM4
1
21
22
SIM5
SIM1
SIM2
SIM3
SIM4
1
21
22
SIM5
SIM1
SIM2
SIM3
SIM4
1
21
22
SIM5
SIM1
SIM2
SIM3
SIM4
1
21
22
SIM5
SIM1
SIM2
SIM3
SIM4
1
21
22
SIM5
SIM1
SIM2
SIM3
SIM4
1
21
22
SIM5
SIM1
SIM2
SIM3
SIM4
1
21
22
SIM5
SIM1
SIM2
SIM3
SIM4
1
21
22
SIM5
SIM1
SIM2
SIM3
SIM4
1
21
22
SIM5
SIM1
SIM2
SIM3
SIM4
1
21
22
SIM5
SIM1
SIM2
SIM3
SIM4
1
21
22
SIM5
SIM1
SIM2
SIM3
SIM4
1
21
22
SIM5
SIM1
SIM2
SIM3
SIM4
1
21
22
SIM5
SIM1
SIM2
SIM3
SIM4
1
21
22
SIM5
SIM1
SIM2
SIM3
SIM4
1
21
22
SIM5
SIM1
SIM2
SIM3
SIM4
1
21
22
SIM5
SIM1
SIM2
SIM3
SIM4
1
21
22
SIM5
SIM1
SIM2
SIM3
SIM4
1
21
22
SIM5
SIM1
SIM2
SIM3
SIM4
1
21
22
SIM5
SIM1
SIM2
SIM3
SIM4
1
21
22
SIM5
SIM1
SIM2
SIM3
SIM4
1
21
22
SIM5
SIM1
SIM2
SIM3
SIM4
1
21
22
SIM5
SIM1
SIM2
SIM3
SIM4
1
21
22
SIM5
SIM1
SIM2
SIM3
SIM4
1
21
22
SIM5
SIM1
SIM2
SIM3
SIM4
1
21
22
SIM5
SIM1
SIM2
SIM3
SIM4
1
21
22
SIM5
SIM1
SIM2
SIM3
SIM4
1
21
22
SIM5
SIM1
SIM2
SIM3
SIM4
1
21
22
SIM5
SIM1
SIM2
SIM3
SIM4
1
21
22
SIM5
SIM1
SIM2
SIM3
SIM4
1
21
22
SIM5
SIM1
SIM2
SIM3
SIM4
1
21
22
SIM5
SIM1
SIM2
SIM3
SIM4
1
21
22
SIM5
SIM1
SIM2
SIM3
SIM4
1
21
22
SIM5
SIM1
SIM2
SIM3
SIM4
1
21
22
SIM5
SIM1
SIM2
SIM3
SIM4
1
21
22
SIM5
SIM1
SIM2
SIM3
SIM4
1
21
22
SIM5
SIM1
SIM2
SIM3
SIM4
1
21
22
SIM5
SIM1
SIM2
SIM3
SIM4
1
21
22
SIM5
SIM1
SIM2
SIM3
SIM4
1
21
22
SIM5
SIM1
SIM2
SIM3
SIM4
1
21
22
SIM5
SIM1
SIM2
SIM3
SIM4
1
21
22
SIM5
SIM1
SIM2
SIM3
SIM4
1
21
22
SIM5
SIM1
SIM2
SIM3
SIM4
1
21
22
SIM5
SIM1
SIM2
DEBUG 1 594
SIM1
SIM2
SIM3
SIM4
1
21
22
SIM5
SIM1
SIM2
SIM3
SIM4
1
21
22
SIM5
SIM1
SIM2
SIM3
SIM4
1
21
22
SIM5
SIM1
SIM2
SIM3
SIM4
1
21
22
SIM5
SIM1
SIM2
SIM3
SIM4
1
21
22
SIM5
SIM1
SIM2
SIM3
SIM4
1
21
22
SIM5
SIM1
SIM2
SIM3
SIM4
1
21
22
SIM5
SIM1
SIM2
SIM3
SIM4
1
21
22
SIM5
SIM1
SIM2
SIM3
SIM4
1
21
22
SIM5
SIM1
SIM2
SIM3
SIM4
1
21
22
SIM5
SIM1
SIM2
SIM3
SIM4
1
21
22
SIM5
SIM1
SIM2
SIM3
SIM4
1
21
22
SIM5
SIM1
SIM2
SIM3
SIM4
1
21
22
SIM5
SIM1
SIM2
SIM3
SIM4
1
21
22
SIM5
SIM1
SIM2
SIM3
SIM4
1
21
22
SIM5
SIM1
SIM2
SIM3
SIM4
1
21
22
SIM5
SIM1
SIM2
SIM3
SIM4
1
21
22
SIM5
SIM1
SIM2
SIM3
SIM4
1
21
22
SIM5
SIM1
SIM2
SIM3
SIM4
1
21
22
SIM5
SIM1
SIM2
SIM3
SIM4
1
21
22
SIM5
SIM1
SIM2
SIM3
SIM4
1
21
22
SIM5
SIM1
SIM2
SIM3
SIM4
1
21
22
SIM5
SIM1
SIM2
SIM3
SIM4
1
21
22
SIM5
SIM1
SIM2
SIM3
SIM4
1
21
22
SIM5
SIM1
SIM2
SIM3
SIM4
1
21
22
SIM5
SIM1
SIM2
SIM3
SIM4
1
21
22
SIM5
SIM1
SIM2
SIM3
SIM4
1
21
22
SIM5
SIM1
SIM2
SIM3
SIM4
1
21
22
SIM5
SIM1
SIM2
SIM3
SIM4
1
21
22
SIM5
SIM1
SIM2
SIM3
SIM4
1
21
22
SIM5
SIM1
SIM2
SIM3
SIM4
1
21
22
SIM5
SIM1
SIM2
SIM3
SIM4
1
21
22
SIM5
SIM1
SIM2
SIM3
SIM4
1
21
22
SIM5
SIM1
SIM2
SIM3
SIM4
1
21
22
SIM5
SIM1
SIM2
SIM3
SIM4
1
21
22
SIM5
SIM1
SIM2
SIM3
SIM4
1
21
22
SIM5
SIM1
SIM2
SIM3
SIM4
1
21
22
SIM5
SIM1
SIM2
SIM3
SIM4
1
21
22
SIM5
SIM1
SIM2
SIM3
SIM4
1
21
22
SIM5
SIM1
SIM2
SIM3
SIM4
1
21
22
SIM5
SIM1
SIM2
SIM3
SIM4
1
21
22
SIM5
SIM1
SIM2
SIM3
SIM4
1
21
22
SIM5
SIM1
SIM2
SIM3
SIM4
1
21
22
SIM5
SIM1
SIM2
SIM3
SIM4
1
21
22
SIM5
SIM1
SIM2
SIM3
SIM4
1
21
22
SIM5
SIM1
SIM2
SIM3
SIM4
1
21
22
SIM5
SIM1
SIM2
SIM3
SIM4
1
21
22
SIM5
SIM1
SIM2
SIM3
SIM4
1
21
22
SIM5
SIM1
SIM2
SIM3
SIM4
1
21
22
SIM5
SIM1
SIM2
SIM3
SIM4
1
21
22
SIM5
SIM1
SIM2
SIM3
SIM4
1
21
22
SIM5
SIM1
SIM2
SIM3
SIM4
1
21
22
SIM5
SIM1
SIM2
SIM3
SIM4
1
21
22
SIM5
SIM1
SIM2
SIM3
SIM4
1
21
22
SIM5
SIM1
SIM2
SIM3
SIM4
1
21
22
SIM5
SIM1
SIM2
SIM3
SIM4
1
21
22
SIM5
SIM1
SIM2
SIM3
SIM4
1
21
22
SIM5
SIM1
SIM2
SIM3
SIM4
1
21
22
SIM5
SIM1
SIM2
SIM3
SIM4
1
21
22
SIM5
SIM1
SIM2
SIM3
SIM4
1
21
22
SIM5
SIM1
SIM2
SIM3
SIM4
1
21
22
SIM5
SIM1
SIM2
SIM3
SIM4
1
21
22
SIM5
SIM1
SIM2
SIM3
SIM4
1
21
22
SIM5
SIM1
SIM2
SIM3
SIM4
1
21
22
SIM5
SIM1
SIM2
SIM3
SIM4
1
21
22
SIM5
SIM1
SIM2
SIM3
SIM4
1
21
22
SIM5
SIM1
SIM2
SIM3
SIM4
1
21
22
SIM5
SIM1
SIM2
SIM3
SIM4
1
21
22
SIM5
SIM1
SIM2
SIM3
SIM4
1
21
22
SIM5
SIM1
SIM2
SIM3
SIM4
1
21
22
SIM5
SIM1
SIM2
SIM3
SIM4
1
21
22
SIM5
SIM1
SIM2
SIM3
SIM4
1
21
22
SIM5
SIM1
SIM2
SIM3
SIM4
1
21
22
SIM5
SIM1
SIM2
SIM3
SIM4
1
21
22
SIM5
SIM1
SIM2
SIM3
SIM4
1
21
22
SIM5
SIM1
SIM2
SIM3
SIM4
1
21
22
SIM5
SIM1
SIM2
SIM3
SIM4
1
21
22
SIM5
SIM1
SIM2
SIM3
SIM4
1
21
22
SIM5
SIM1
SIM2
SIM3
SIM4
1
21
22
SIM5
SIM1
SIM2
SIM3
SIM4
1
21
22
SIM5
SIM1
SIM2
SIM3
SIM4
1
21
22
SIM5
SIM1
SIM2
SIM3
SIM4
1
21
22
SIM5
SIM1
SIM2
SIM3
SIM4
1
21
22
SIM5
SIM1
SIM2
SIM3
SIM4
1
21
22
SIM5
SIM1
SIM2
SIM3
SIM4
1
21
22
SIM5
SIM1
SIM2
SIM3
SIM4
1
21
22
SIM5
SIM1
SIM2
SIM3
SIM4
1
21
22
SIM5
SIM1
SIM2
SIM3
SIM4
1
21
22
SIM5
SIM1
SIM2
SIM3
SIM4
1
21
22
SIM5
SIM1
SIM2
SIM3
SIM4
1
21
22
SIM5
SIM1
SIM2
SIM3
SIM4
1
21
22
SIM5
SIM1
SIM2
SIM3
SIM4
1
21
22
SIM5
SIM1
SIM2
SIM3
SIM4
1
21
22
SIM5
SIM1
SIM2
SIM3
SIM4
1
21
22
SIM5
SIM1
SIM2
SIM3
SIM4
1
21
22
SIM5
SIM1
SIM2
SIM3
SIM4
1
21
22
SIM5
SIM1
SIM2
SIM3
SIM4
1
21
22
SIM5
SIM1
SIM2
SIM3
SIM4
1
21
22
SIM5
SIM1
SIM2
SIM3
SIM4
1
21
22
SIM5
SIM1
SIM2
SIM3
SIM4
1
21
22
SIM5
SIM1
SIM2
SIM3
SIM4
1
21
22
SIM5
SIM1
SIM2
SIM3
SIM4
1
21
22
SIM5
SIM1
SIM2
SIM3
SIM4
1
21
22
SIM5
SIM1
SIM2
SIM3
SIM4
1
21
22
SIM5
SIM1
SIM2
SIM3
SIM4
1
21
22
SIM5
SIM1
SIM2
SIM3
SIM4
1
21
22
SIM5
SIM1
SIM2
SIM3
SIM4
1
21
22
SIM5
SIM1
SIM2
SIM3
SIM4
1
21
22
SIM5
SIM1
SIM2
SIM3
SIM4
1
21
22
SIM5
SIM1
SIM2
SIM3
SIM4
1
21
22
SIM5
SIM1
SIM2
SIM3
SIM4
1
21
22
SIM5
SIM1
SIM2
SIM3
SIM4
1
21
22
SIM5
SIM1
SIM2
SIM3
SIM4
1
21
22
SIM5
SIM1
SIM2
SIM3
SIM4
1
21
22
SIM5
SIM1
SIM2
SIM3
SIM4
1
21
22
SIM5
SIM1
SIM2
SIM3
SIM4
1
21
22
SIM5
SIM1
SIM2
SIM3
SIM4
1
21
22
SIM5
SIM1
SIM2
SIM3
SIM4
1
21
22
SIM5
SIM1
SIM2
SIM3
SIM4
1
21
22
SIM5
SIM1
SIM2
SIM3
SIM4
1
21
22
SIM5
SIM1
SIM2
SIM3
SIM4
1
21
22
SIM5
SIM1
SIM2
SIM3
SIM4
1
21
22
SIM5
SIM1
SIM2
SIM3
SIM4
1
21
22
SIM5
SIM1
SIM2
SIM3
SIM4
1
21
22
SIM5
SIM1
SIM2
SIM3
SIM4
1
21
22
SIM5
SIM1
SIM2
SIM3
SIM4
1
21
22
SIM5
SIM1
SIM2
SIM3
SIM4
1
21
22
SIM5
SIM1
SIM2
SIM3
SIM4
1
21
22
SIM5
SIM1
SIM2
SIM3
SIM4
1
21
22
SIM5
SIM1
SIM2
SIM3
SIM4
1
21
22
SIM5
SIM1
SIM2
SIM3
SIM4
1
21
22
SIM5
SIM1
SIM2
SIM3
SIM4
1
21
22
SIM5
SIM1
SIM2
SIM3
SIM4
1
21
22
SIM5
SIM1
SIM2
SIM3
SIM4
1
21
22
SIM5
SIM1
SIM2
SIM3
SIM4
1
21
22
SIM5
SIM1
SIM2
SIM3
SIM4
1
21
22
SIM5
SIM1
SIM2
SIM3
SIM4
1
21
22
SIM5
SIM1
SIM2
SIM3
SIM4
1
21
22
SIM5
SIM1
SIM2
SIM3
SIM4
1
21
22
SIM5
SIM1
SIM2
SIM3
SIM4
1
21
22
SIM5
SIM1
SIM2
SIM3
SIM4
1
21
22
SIM5
SIM1
SIM2
SIM3
SIM4
1
21
22
SIM5
SIM1
SIM2
SIM3
SIM4
1
21
22
SIM5
SIM1
SIM2
SIM3
SIM4
1
21
22
SIM5
SIM1
SIM2
SIM3
SIM4
1
21
22
SIM5
SIM1
SIM2
SIM3
SIM4
1
21
22
SIM5
SIM1
SIM2
SIM3
SIM4
1
21
22
SIM5
SIM1
SIM2
SIM3
SIM4
1
21
22
SIM5
SIM1
SIM2
SIM3
SIM4
1
21
22
SIM5
SIM1
SIM2
SIM3
SIM4
1
21
22
SIM5
SIM1
SIM2
SIM3
SIM4
1
21
22
SIM5
SIM1
SIM2
SIM3
SIM4
1
21
22
SIM5
SIM1
SIM2
SIM3
SIM4
1
21
22
SIM5
SIM1
SIM2
SIM3
SIM4
1
21
22
SIM5
SIM1
SIM2
SIM3
SIM4
1
21
22
SIM5
SIM1
SIM2
SIM3
SIM4
1
21
22
SIM5
SIM1
SIM2
SIM3
SIM4
1
21
22
SIM5
SIM1
SIM2
SIM3
SIM4
1
21
22
SIM5
SIM1
SIM2
SIM3
SIM4
1
21
22
SIM5
SIM1
SIM2
SIM3
SIM4
1
21
22
SIM5
SIM1
SIM2
SIM3
SIM4
1
21
22
SIM5
SIM1
SIM2
SIM3
SIM4
1
21
22
SIM5
SIM1
SIM2
SIM3
SIM4
1
21
22
SIM5
SIM1
SIM2
SIM3
SIM4
1
21
22
SIM5
SIM1
SIM2
SIM3
SIM4
1
21
22
SIM5
SIM1
SIM2
SIM3
SIM4
1
21
22
SIM5
SIM1
SIM2
SIM3
SIM4
1
21
22
SIM5
SIM1
SIM2
SIM3
SIM4
1
21
22
SIM5
SIM1
SIM2
SIM3
SIM4
1
21
22
SIM5
SIM1
SIM2
SIM3
SIM4
1
21
22
SIM5
SIM1
SIM2
SIM3
SIM4
1
21
22
SIM5
SIM1
SIM2
SIM3
SIM4
1
21
22
SIM5
SIM1
SIM2
SIM3
SIM4
1
21
22
SIM5
SIM1
SIM2
SIM3
SIM4
1
21
22
SIM5
SIM1
SIM2
SIM3
SIM4
1
21
22
SIM5
SIM1
SIM2
SIM3
SIM4
1
21
22
SIM5
SIM1
SIM2
SIM3
SIM4
1
21
22
SIM5
SIM1
SIM2
SIM3
SIM4
1
21
22
SIM5
SIM1
SIM2
SIM3
SIM4
1
21
22
SIM5
SIM1
SIM2
SIM3
SIM4
1
21
22
SIM5
SIM1
SIM2
SIM3
SIM4
1
21
22
SIM5
SIM1
SIM2
SIM3
SIM4
1
21
22
SIM5
SIM1
SIM2
SIM3
SIM4
1
21
22
SIM5
SIM1
SIM2
SIM3
SIM4
1
21
22
SIM5
SIM1
SIM2
SIM3
SIM4
1
21
22
SIM5
SIM1
SIM2
SIM3
SIM4
1
21
22
SIM5
SIM1
SIM2
SIM3
SIM4
1
21
22
SIM5
SIM1
SIM2
SIM3
SIM4
1
21
22
SIM5
SIM1
SIM2
SIM3
SIM4
1
21
22
SIM5
SIM1
SIM2
SIM3
SIM4
1
21
22
SIM5
SIM1
SIM2
SIM3
SIM4
1
21
22
SIM5
SIM1
SIM2
SIM3
SIM4
1
21
22
SIM5
SIM1
SIM2
SIM3
SIM4
1
21
22
SIM5
SIM1
SIM2
SIM3
SIM4
1
21
22
SIM5
SIM1
SIM2
SIM3
SIM4
1
21
22
SIM5
SIM1
SIM2
SIM3
SIM4
1
21
22
SIM5
SIM1
SIM2
SIM3
SIM4
1
21
22
SIM5
SIM1
SIM2
SIM3
SIM4
1
21
22
SIM5
SIM1
SIM2
SIM3
SIM4
1
21
22
SIM5
SIM1
SIM2
SIM3
SIM4
1
21
22
SIM5
SIM1
SIM2
SIM3
SIM4
1
21
22
SIM5
SIM1
SIM2
SIM3
SIM4
1
21
22
SIM5
SIM1
SIM2
SIM3
SIM4
1
21
22
SIM5
SIM1
SIM2
SIM3
SIM4
1
21
22
SIM5
SIM1
SIM2
SIM3
SIM4
1
21
22
SIM5
SIM1
SIM2
SIM3
SIM4
1
21
22
SIM5
SIM1
SIM2
SIM3
SIM4
1
21
22
SIM5
SIM1
SIM2
SIM3
SIM4
1
21
22
SIM5
SIM1
SIM2
SIM3
SIM4
1
21
22
SIM5
SIM1
SIM2
SIM3
SIM4
1
21
22
SIM5
SIM1
SIM2
SIM3
SIM4
1
21
22
SIM5
SIM1
SIM2
SIM3
SIM4
1
21
22
SIM5
SIM1
SIM2
SIM3
SIM4
1
21
22
SIM5
SIM1
SIM2
SIM3
SIM4
1
21
22
SIM5
SIM1
SIM2
SIM3
SIM4
1
21
22
SIM5
SIM1
SIM2
SIM3
SIM4
1
21
22
SIM5
SIM1
SIM2
SIM3
SIM4
1
21
22
SIM5
SIM1
SIM2
SIM3
SIM4
1
21
22
SIM5
SIM1
SIM2
SIM3
SIM4
1
21
22
SIM5
SIM1
SIM2
SIM3
SIM4
1
21
22
SIM5
SIM1
SIM2
SIM3
SIM4
1
21
22
SIM5
SIM1
SIM2
SIM3
SIM4
1
21
22
SIM5
SIM1
SIM2
SIM3
SIM4
1
21
22
SIM5
SIM1
SIM2
SIM3
SIM4
1
21
22
SIM5
SIM1
SIM2
SIM3
SIM4
1
21
22
SIM5
SIM1
SIM2
SIM3
SIM4
1
21
22
SIM5
SIM1
SIM2
SIM3
SIM4
1
21
22
SIM5
SIM1
SIM2
SIM3
SIM4
1
21
22
SIM5
SIM1
SIM2
SIM3
SIM4
1
21
22
SIM5
SIM1
SIM2
SIM3
SIM4
1
21
22
SIM5
SIM1
SIM2
SIM3
SIM4
1
21
22
SIM5
SIM1
SIM2
SIM3
SIM4
1
21
22
SIM5
SIM1
SIM2
SIM3
SIM4
1
21
22
SIM5
SIM1
SIM2
SIM3
SIM4
1
21
22
SIM5
SIM1
SIM2
SIM3
SIM4
1
21
22
SIM5
SIM1
SIM2
SIM3
SIM4
1
21
22
SIM5
SIM1
SIM2
SIM3
SIM4
1
21
22
SIM5
SIM1
SIM2
SIM3
SIM4
1
21
22
SIM5
SIM1
SIM2
SIM3
SIM4
1
21
22
SIM5
SIM1
SIM2
SIM3
SIM4
1
21
22
SIM5
SIM1
SIM2
SIM3
SIM4
1
21
22
SIM5
SIM1
SIM2
SIM3
SIM4
1
21
22
SIM5
SIM1
SIM2
SIM3
SIM4
1
21
22
SIM5
SIM1
SIM2
SIM3
SIM4
1
21
22
SIM5
SIM1
SIM2
SIM3
SIM4
1
21
22
SIM5
SIM1
SIM2
SIM3
SIM4
1
21
22
SIM5
SIM1
SIM2
SIM3
SIM4
1
21
22
SIM5
SIM1
SIM2
SIM3
SIM4
1
21
22
SIM5
SIM1
SIM2
SIM3
SIM4
1
21
22
SIM5
SIM1
SIM2
SIM3
SIM4
1
21
22
SIM5
SIM1
SIM2
SIM3
SIM4
1
21
22
SIM5
SIM1
SIM2
SIM3
SIM4
1
21
22
SIM5
SIM1
SIM2
SIM3
SIM4
1
21
22
SIM5
SIM1
SIM2
SIM3
SIM4
1
21
22
SIM5
SIM1
SIM2
SIM3
SIM4
1
21
22
SIM5
SIM1
SIM2
SIM3
SIM4
1
21
22
SIM5
SIM1
SIM2
SIM3
SIM4
1
21
22
SIM5
SIM1
SIM2
SIM3
SIM4
1
21
22
SIM5
SIM1
SIM2
SIM3
SIM4
1
21
22
SIM5
SIM1
SIM2
SIM3
SIM4
1
21
22
SIM5
SIM1
SIM2
SIM3
SIM4
1
21
22
SIM5
SIM1
SIM2
SIM3
SIM4
1
21
22
SIM5
SIM1
SIM2
SIM3
SIM4
1
21
22
SIM5
SIM1
SIM2
SIM3
SIM4
1
21
22
SIM5
SIM1
SIM2
SIM3
SIM4
1
21
22
SIM5
SIM1
SIM2
SIM3
SIM4
1
21
22
SIM5
SIM1
SIM2
SIM3
SIM4
1
21
22
SIM5
SIM1
SIM2
SIM3
SIM4
1
21
22
SIM5
SIM1
SIM2
SIM3
SIM4
1
21
22
SIM5
SIM1
SIM2
SIM3
SIM4
1
21
22
SIM5
SIM1
SIM2
SIM3
SIM4
1
21
22
SIM5
SIM1
SIM2
SIM3
SIM4
1
21
22
SIM5
SIM1
SIM2
SIM3
SIM4
1
21
22
SIM5
SIM1
SIM2
SIM3
SIM4
1
21
22
SIM5
SIM1
SIM2
SIM3
SIM4
1
21
22
SIM5
SIM1
SIM2
SIM3
SIM4
1
21
22
SIM5
SIM1
SIM2
SIM3
SIM4
1
21
22
SIM5
SIM1
SIM2
SIM3
SIM4
1
21
22
SIM5
SIM1
SIM2
SIM3
SIM4
1
21
22
SIM5
SIM1
SIM2
SIM3
SIM4
1
21
22
SIM5
SIM1
SIM2
SIM3
SIM4
1
21
22
SIM5
SIM1
SIM2
SIM3
SIM4
1
21
22
SIM5
SIM1
SIM2
SIM3
SIM4
1
21
22
SIM5
SIM1
SIM2
SIM3
SIM4
1
21
22
SIM5
SIM1
SIM2
SIM3
SIM4
1
21
22
SIM5
SIM1
SIM2
SIM3
SIM4
1
21
22
SIM5
SIM1
SIM2
SIM3
SIM4
1
21
22
SIM5
SIM1
SIM2
SIM3
SIM4
1
21
22
SIM5
SIM1
SIM2
DEBUG 1 595
SIM1
SIM2
SIM3
SIM4
1
21
22
SIM5
SIM1
SIM2
SIM3
SIM4
1
21
22
SIM5
SIM1
SIM2
SIM3
SIM4
1
21
22
SIM5
SIM1
SIM2
SIM3
SIM4
1
21
22
SIM5
SIM1
SIM2
SIM3
SIM4
1
21
22
SIM5
SIM1
SIM2
SIM3
SIM4
1
21
22
SIM5
SIM1
SIM2
SIM3
SIM4
1
21
22
SIM5
SIM1
SIM2
SIM3
SIM4
1
21
22
SIM5
SIM1
SIM2
SIM3
SIM4
1
21
22
SIM5
SIM1
SIM2
SIM3
SIM4
1
21
22
SIM5
SIM1
SIM2
SIM3
SIM4
1
21
22
SIM5
SIM1
SIM2
SIM3
SIM4
1
21
22
SIM5
SIM1
SIM2
SIM3
SIM4
1
21
22
SIM5
SIM1
SIM2
SIM3
SIM4
1
21
22
SIM5
SIM1
SIM2
SIM3
SIM4
1
21
22
SIM5
SIM1
SIM2
SIM3
SIM4
1
21
22
SIM5
SIM1
SIM2
SIM3
SIM4
1
21
22
SIM5
SIM1
SIM2
SIM3
SIM4
1
21
22
SIM5
SIM1
SIM2
SIM3
SIM4
1
21
22
SIM5
SIM1
SIM2
SIM3
SIM4
1
21
22
SIM5
SIM1
SIM2
SIM3
SIM4
1
21
22
SIM5
SIM1
SIM2
SIM3
SIM4
1
21
22
SIM5
SIM1
SIM2
SIM3
SIM4
1
21
22
SIM5
SIM1
SIM2
SIM3
SIM4
1
21
22
SIM5
SIM1
SIM2
SIM3
SIM4
1
21
22
SIM5
SIM1
SIM2
SIM3
SIM4
1
21
22
SIM5
SIM1
SIM2
SIM3
SIM4
1
21
22
SIM5
SIM1
SIM2
SIM3
SIM4
1
21
22
SIM5
SIM1
SIM2
SIM3
SIM4
1
21
22
SIM5
SIM1
SIM2
SIM3
SIM4
1
21
22
SIM5
SIM1
SIM2
SIM3
SIM4
1
21
22
SIM5
SIM1
SIM2
SIM3
SIM4
1
21
22
SIM5
SIM1
SIM2
SIM3
SIM4
1
21
22
SIM5
SIM1
SIM2
SIM3
SIM4
1
21
22
SIM5
SIM1
SIM2
SIM3
SIM4
1
21
22
SIM5
SIM1
SIM2
SIM3
SIM4
1
21
22
SIM5
SIM1
SIM2
SIM3
SIM4
1
21
22
SIM5
SIM1
SIM2
SIM3
SIM4
1
21
22
SIM5
SIM1
SIM2
SIM3
SIM4
1
21
22
SIM5
SIM1
SIM2
SIM3
SIM4
1
21
22
SIM5
SIM1
SIM2
SIM3
SIM4
1
21
22
SIM5
SIM1
SIM2
SIM3
SIM4
1
21
22
SIM5
SIM1
SIM2
SIM3
SIM4
1
21
22
SIM5
SIM1
SIM2
SIM3
SIM4
1
21
22
SIM5
SIM1
SIM2
SIM3
SIM4
1
21
22
SIM5
SIM1
SIM2
SIM3
SIM4
1
21
22
SIM5
SIM1
SIM2
SIM3
SIM4
1
21
22
SIM5
SIM1
SIM2
SIM3
SIM4
1
21
22
SIM5
SIM1
SIM2
SIM3
SIM4
1
21
22
SIM5
SIM1
SIM2
SIM3
SIM4
1
21
22
SIM5
SIM1
SIM2
SIM3
SIM4
1
21
22
SIM5
SIM1
SIM2
SIM3
SIM4
1
21
22
SIM5
SIM1
SIM2
SIM3
SIM4
1
21
22
SIM5
SIM1
SIM2
SIM3
SIM4
1
21
22
SIM5
SIM1
SIM2
SIM3
SIM4
1
21
22
SIM5
SIM1
SIM2
SIM3
SIM4
1
21
22
SIM5
SIM1
SIM2
SIM3
SIM4
1
21
22
SIM5
SIM1
SIM2
SIM3
SIM4
1
21
22
SIM5
SIM1
SIM2
SIM3
SIM4
1
21
22
SIM5
SIM1
SIM2
SIM3
SIM4
1
21
22
SIM5
SIM1
SIM2
SIM3
SIM4
1
21
22
SIM5
SIM1
SIM2
SIM3
SIM4
1
21
22
SIM5
SIM1
SIM2
SIM3
SIM4
1
21
22
SIM5
SIM1
SIM2
SIM3
SIM4
1
21
22
SIM5
SIM1
SIM2
SIM3
SIM4
1
21
22
SIM5
SIM1
SIM2
SIM3
SIM4
1
21
22
SIM5
SIM1
SIM2
SIM3
SIM4
1
21
22
SIM5
SIM1
SIM2
SIM3
SIM4
1
21
22
SIM5
SIM1
SIM2
SIM3
SIM4
1
21
22
SIM5
SIM1
SIM2
SIM3
SIM4
1
21
22
SIM5
SIM1
SIM2
SIM3
SIM4
1
21
22
SIM5
SIM1
SIM2
SIM3
SIM4
1
21
22
SIM5
SIM1
SIM2
SIM3
SIM4
1
21
22
SIM5
SIM1
SIM2
SIM3
SIM4
1
21
22
SIM5
SIM1
SIM2
SIM3
SIM4
1
21
22
SIM5
SIM1
SIM2
SIM3
SIM4
1
21
22
SIM5
SIM1
SIM2
SIM3
SIM4
1
21
22
SIM5
SIM1
SIM2
SIM3
SIM4
1
21
22
SIM5
SIM1
SIM2
SIM3
SIM4
1
21
22
SIM5
SIM1
SIM2
SIM3
SIM4
1
21
22
SIM5
SIM1
SIM2
SIM3
SIM4
1
21
22
SIM5
SIM1
SIM2
SIM3
SIM4
1
21
22
SIM5
SIM1
SIM2
SIM3
SIM4
1
21
22
SIM5
SIM1
SIM2
SIM3
SIM4
1
21
22
SIM5
SIM1
SIM2
SIM3
SIM4
1
21
22
SIM5
SIM1
SIM2
SIM3
SIM4
1
21
22
SIM5
SIM1
SIM2
SIM3
SIM4
1
21
22
SIM5
SIM1
SIM2
SIM3
SIM4
1
21
22
SIM5
SIM1
SIM2
SIM3
SIM4
1
21
22
SIM5
SIM1
SIM2
SIM3
SIM4
1
21
22
SIM5
SIM1
SIM2
SIM3
SIM4
1
21
22
SIM5
SIM1
SIM2
SIM3
SIM4
1
21
22
SIM5
SIM1
SIM2
SIM3
SIM4
1
21
22
SIM5
SIM1
SIM2
SIM3
SIM4
1
21
22
SIM5
SIM1
SIM2
SIM3
SIM4
1
21
22
SIM5
SIM1
SIM2
SIM3
SIM4
1
21
22
SIM5
SIM1
SIM2
SIM3
SIM4
1
21
22
SIM5
SIM1
SIM2
SIM3
SIM4
1
21
22
SIM5
SIM1
SIM2
SIM3
SIM4
1
21
22
SIM5
SIM1
SIM2
SIM3
SIM4
1
21
22
SIM5
SIM1
SIM2
SIM3
SIM4
1
21
22
SIM5
SIM1
SIM2
SIM3
SIM4
1
21
22
SIM5
SIM1
SIM2
SIM3
SIM4
1
21
22
SIM5
SIM1
SIM2
SIM3
SIM4
1
21
22
SIM5
SIM1
SIM2
SIM3
SIM4
1
21
22
SIM5
SIM1
SIM2
SIM3
SIM4
1
21
22
SIM5
SIM1
SIM2
SIM3
SIM4
1
21
22
SIM5
SIM1
SIM2
SIM3
SIM4
1
21
22
SIM5
SIM1
SIM2
SIM3
SIM4
1
21
22
SIM5
SIM1
SIM2
SIM3
SIM4
1
21
22
SIM5
SIM1
SIM2
SIM3
SIM4
1
21
22
SIM5
SIM1
SIM2
SIM3
SIM4
1
21
22
SIM5
SIM1
SIM2
SIM3
SIM4
1
21
22
SIM5
SIM1
SIM2
SIM3
SIM4
1
21
22
SIM5
SIM1
SIM2
SIM3
SIM4
1
21
22
SIM5
SIM1
SIM2
SIM3
SIM4
1
21
22
SIM5
SIM1
SIM2
SIM3
SIM4
1
21
22
SIM5
SIM1
SIM2
SIM3
SIM4
1
21
22
SIM5
SIM1
SIM2
SIM3
SIM4
1
21
22
SIM5
SIM1
SIM2
SIM3
SIM4
1
21
22
SIM5
SIM1
SIM2
SIM3
SIM4
1
21
22
SIM5
SIM1
SIM2
SIM3
SIM4
1
21
22
SIM5
SIM1
SIM2
SIM3
SIM4
1
21
22
SIM5
SIM1
SIM2
SIM3
SIM4
1
21
22
SIM5
SIM1
SIM2
SIM3
SIM4
1
21
22
SIM5
SIM1
SIM2
DEBUG 1 596
SIM1
SIM2
SIM3
SIM4
1
21
22
SIM5
SIM1
SIM2
SIM3
SIM4
1
21
22
SIM5
SIM1
SIM2
SIM3
SIM4
1
21
22
SIM5
SIM1
SIM2
SIM3
SIM4
1
21
22
SIM5
SIM1
SIM2
SIM3
SIM4
1
21
22
SIM5
SIM1
SIM2
SIM3
SIM4
1
21
22
SIM5
SIM1
SIM2
SIM3
SIM4
1
21
22
SIM5
SIM1
SIM2
SIM3
SIM4
1
21
22
SIM5
SIM1
SIM2
SIM3
SIM4
1
21
22
SIM5
SIM1
SIM2
SIM3
SIM4
1
21
22
SIM5
SIM1
SIM2
SIM3
SIM4
1
21
22
SIM5
SIM1
SIM2
SIM3
SIM4
1
21
22
SIM5
SIM1
SIM2
SIM3
SIM4
1
21
22
SIM5
SIM1
SIM2
SIM3
SIM4
1
21
22
SIM5
SIM1
SIM2
SIM3
SIM4
1
21
22
SIM5
SIM1
SIM2
SIM3
SIM4
1
21
22
SIM5
SIM1
SIM2
SIM3
SIM4
1
21
22
SIM5
SIM1
SIM2
SIM3
SIM4
1
21
22
SIM5
SIM1
SIM2
SIM3
SIM4
1
21
22
SIM5
SIM1
SIM2
SIM3
SIM4
1
21
22
SIM5
SIM1
SIM2
SIM3
SIM4
1
21
22
SIM5
SIM1
SIM2
SIM3
SIM4
1
21
22
SIM5
SIM1
SIM2
SIM3
SIM4
1
21
22
SIM5
SIM1
SIM2
SIM3
SIM4
1
21
22
SIM5
SIM1
SIM2
SIM3
SIM4
1
21
22
SIM5
SIM1
SIM2
SIM3
SIM4
1
21
22
SIM5
SIM1
SIM2
SIM3
SIM4
1
21
22
SIM5
SIM1
SIM2
SIM3
SIM4
1
21
22
SIM5
SIM1
SIM2
SIM3
SIM4
1
21
22
SIM5
SIM1
SIM2
SIM3
SIM4
1
21
22
SIM5
SIM1
SIM2
SIM3
SIM4
1
21
22
SIM5
SIM1
SIM2
SIM3
SIM4
1
21
22
SIM5
SIM1
SIM2
SIM3
SIM4
1
21
22
SIM5
SIM1
SIM2
SIM3
SIM4
1
21
22
SIM5
SIM1
SIM2
SIM3
SIM4
1
21
22
SIM5
SIM1
SIM2
SIM3
SIM4
1
21
22
SIM5
SIM1
SIM2
SIM3
SIM4
1
21
22
SIM5
SIM1
SIM2
SIM3
SIM4
1
21
22
SIM5
SIM1
SIM2
SIM3
SIM4
1
21
22
SIM5
SIM1
SIM2
SIM3
SIM4
1
21
22
SIM5
SIM1
SIM2
SIM3
SIM4
1
21
22
SIM5
SIM1
SIM2
SIM3
SIM4
1
21
22
SIM5
SIM1
SIM2
SIM3
SIM4
1
21
22
SIM5
SIM1
SIM2
SIM3
SIM4
1
21
22
SIM5
SIM1
SIM2
SIM3
SIM4
1
21
22
SIM5
SIM1
SIM2
SIM3
SIM4
1
21
22
SIM5
SIM1
SIM2
SIM3
SIM4
1
21
22
SIM5
SIM1
SIM2
SIM3
SIM4
1
21
22
SIM5
SIM1
SIM2
SIM3
SIM4
1
21
22
SIM5
SIM1
SIM2
SIM3
SIM4
1
21
22
SIM5
SIM1
SIM2
SIM3
SIM4
1
21
22
SIM5
SIM1
SIM2
SIM3
SIM4
1
21
22
SIM5
SIM1
SIM2
SIM3
SIM4
1
21
22
SIM5
SIM1
SIM2
SIM3
SIM4
1
21
22
SIM5
SIM1
SIM2
SIM3
SIM4
1
21
22
SIM5
SIM1
SIM2
SIM3
SIM4
1
21
22
SIM5
SIM1
SIM2
SIM3
SIM4
1
21
22
SIM5
SIM1
SIM2
SIM3
SIM4
1
21
22
SIM5
SIM1
SIM2
SIM3
SIM4
1
21
22
SIM5
SIM1
SIM2
SIM3
SIM4
1
21
22
SIM5
SIM1
SIM2
SIM3
SIM4
1
21
22
SIM5
SIM1
SIM2
SIM3
SIM4
1
21
22
SIM5
SIM1
SIM2
SIM3
SIM4
1
21
22
SIM5
SIM1
SIM2
SIM3
SIM4
1
21
22
SIM5
SIM1
SIM2
SIM3
SIM4
1
21
22
SIM5
SIM1
SIM2
SIM3
SIM4
1
21
22
SIM5
SIM1
SIM2
SIM3
SIM4
1
21
22
SIM5
SIM1
SIM2
SIM3
SIM4
1
21
22
SIM5
SIM1
SIM2
SIM3
SIM4
1
21
22
SIM5
SIM1
SIM2
SIM3
SIM4
1
21
22
SIM5
SIM1
SIM2
SIM3
SIM4
1
21
22
SIM5
SIM1
SIM2
SIM3
SIM4
1
21
22
SIM5
SIM1
SIM2
SIM3
SIM4
1
21
22
SIM5
SIM1
SIM2
SIM3
SIM4
1
21
22
SIM5
SIM1
SIM2
SIM3
SIM4
1
21
22
SIM5
SIM1
SIM2
SIM3
SIM4
1
21
22
SIM5
SIM1
SIM2
SIM3
SIM4
1
21
22
SIM5
SIM1
SIM2
SIM3
SIM4
1
21
22
SIM5
SIM1
SIM2
SIM3
SIM4
1
21
22
SIM5
SIM1
SIM2
SIM3
SIM4
1
21
22
SIM5
SIM1
SIM2
SIM3
SIM4
1
21
22
SIM5
SIM1
SIM2
SIM3
SIM4
1
21
22
SIM5
SIM1
SIM2
SIM3
SIM4
1
21
22
SIM5
SIM1
SIM2
SIM3
SIM4
1
21
22
SIM5
SIM1
SIM2
SIM3
SIM4
1
21
22
SIM5
SIM1
SIM2
SIM3
SIM4
1
21
22
SIM5
SIM1
SIM2
SIM3
SIM4
1
21
22
SIM5
SIM1
SIM2
SIM3
SIM4
1
21
22
SIM5
SIM1
SIM2
SIM3
SIM4
1
21
22
SIM5
SIM1
SIM2
SIM3
SIM4
1
21
22
SIM5
SIM1
SIM2
SIM3
SIM4
1
21
22
SIM5
SIM1
SIM2
SIM3
SIM4
1
21
22
SIM5
SIM1
SIM2
SIM3
SIM4
1
21
22
SIM5
SIM1
SIM2
SIM3
SIM4
1
21
22
SIM5
SIM1
SIM2
SIM3
SIM4
1
21
22
SIM5
SIM1
SIM2
SIM3
SIM4
1
21
22
SIM5
SIM1
SIM2
SIM3
SIM4
1
21
22
SIM5
SIM1
SIM2
SIM3
SIM4
1
21
22
SIM5
SIM1
SIM2
SIM3
SIM4
1
21
22
SIM5
SIM1
SIM2
SIM3
SIM4
1
21
22
SIM5
SIM1
SIM2
SIM3
SIM4
1
21
22
SIM5
SIM1
SIM2
SIM3
SIM4
1
21
22
SIM5
SIM1
SIM2
SIM3
SIM4
1
21
22
SIM5
SIM1
SIM2
SIM3
SIM4
1
21
22
SIM5
SIM1
SIM2
SIM3
SIM4
1
21
22
SIM5
SIM1
SIM2
SIM3
SIM4
1
21
22
SIM5
SIM1
SIM2
SIM3
SIM4
1
21
22
SIM5
SIM1
SIM2
SIM3
SIM4
1
21
22
SIM5
SIM1
SIM2
SIM3
SIM4
1
21
22
SIM5
SIM1
SIM2
SIM3
SIM4
1
21
22
SIM5
SIM1
SIM2
SIM3
SIM4
1
21
22
SIM5
SIM1
SIM2
SIM3
SIM4
1
21
22
SIM5
SIM1
SIM2
SIM3
SIM4
1
21
22
SIM5
SIM1
SIM2
SIM3
SIM4
1
21
22
SIM5
SIM1
SIM2
SIM3
SIM4
1
21
22
SIM5
SIM1
SIM2
SIM3
SIM4
1
21
22
SIM5
SIM1
SIM2
SIM3
SIM4
1
21
22
SIM5
SIM1
SIM2
SIM3
SIM4
1
21
22
SIM5
SIM1
SIM2
SIM3
SIM4
1
21
22
SIM5
SIM1
SIM2
SIM3
SIM4
1
21
22
SIM5
SIM1
SIM2
SIM3
SIM4
1
21
22
SIM5
SIM1
SIM2
SIM3
SIM4
1
21
22
SIM5
SIM1
SIM2
SIM3
SIM4
1
21
22
SIM5
SIM1
SIM2
SIM3
SIM4
1
21
22
SIM5
SIM1
SIM2
SIM3
SIM4
1
21
22
SIM5
SIM1
SIM2
SIM3
SIM4
1
21
22
SIM5
SIM1
SIM2
SIM3
SIM4
1
21
22
SIM5
SIM1
SIM2
SIM3
SIM4
1
21
22
SIM5
SIM1
SIM2
SIM3
SIM4
1
21
22
SIM5
SIM1
SIM2
SIM3
SIM4
1
21
22
SIM5
SIM1
SIM2
SIM3
SIM4
1
21
22
SIM5
SIM1
SIM2
SIM3
SIM4
1
21
22
SIM5
SIM1
SIM2
SIM3
SIM4
1
21
22
SIM5
SIM1
SIM2
SIM3
SIM4
1
21
22
SIM5
SIM1
SIM2
SIM3
SIM4
1
21
22
SIM5
SIM1
SIM2
SIM3
SIM4
1
21
22
SIM5
SIM1
SIM2
SIM3
SIM4
1
21
22
SIM5
SIM1
SIM2
SIM3
SIM4
1
21
22
SIM5
SIM1
SIM2
SIM3
SIM4
1
21
22
SIM5
SIM1
SIM2
SIM3
SIM4
1
21
22
SIM5
SIM1
SIM2
SIM3
SIM4
1
21
22
SIM5
SIM1
SIM2
SIM3
SIM4
1
21
22
SIM5
SIM1
SIM2
SIM3
SIM4
1
21
22
SIM5
SIM1
SIM2
SIM3
SIM4
1
21
22
SIM5
SIM1
SIM2
SIM3
SIM4
1
21
22
SIM5
SIM1
SIM2
SIM3
SIM4
1
21
22
SIM5
SIM1
SIM2
SIM3
SIM4
1
21
22
SIM5
SIM1
SIM2
SIM3
SIM4
1
21
22
SIM5
SIM1
SIM2
SIM3
SIM4
1
21
22
SIM5
SIM1
SIM2
SIM3
SIM4
1
21
22
SIM5
SIM1
SIM2
SIM3
SIM4
1
21
22
SIM5
SIM1
SIM2
SIM3
SIM4
1
21
22
SIM5
SIM1
SIM2
SIM3
SIM4
1
21
22
SIM5
SIM1
SIM2
SIM3
SIM4
1
21
22
SIM5
SIM1
SIM2
SIM3
SIM4
1
21
22
SIM5
SIM1
SIM2
SIM3
SIM4
1
21
22
SIM5
SIM1
SIM2
SIM3
SIM4
1
21
22
SIM5
SIM1
SIM2
SIM3
SIM4
1
21
22
SIM5
SIM1
SIM2
SIM3
SIM4
1
21
22
SIM5
SIM1
SIM2
SIM3
SIM4
1
21
22
SIM5
SIM1
SIM2
SIM3
SIM4
1
21
22
SIM5
SIM1
SIM2
SIM3
SIM4
1
21
22
SIM5
SIM1
SIM2
SIM3
SIM4
1
21
22
SIM5
SIM1
SIM2
SIM3
SIM4
1
21
22
SIM5
SIM1
SIM2
SIM3
SIM4
1
21
22
SIM5
SIM1
SIM2
SIM3
SIM4
1
21
22
SIM5
SIM1
SIM2
SIM3
SIM4
1
21
22
SIM5
SIM1
SIM2
SIM3
SIM4
1
21
22
SIM5
SIM1
SIM2
SIM3
SIM4
1
21
22
SIM5
SIM1
SIM2
SIM3
SIM4
1
21
22
SIM5
SIM1
SIM2
SIM3
SIM4
1
21
22
SIM5
SIM1
SIM2
SIM3
SIM4
1
21
22
SIM5
SIM1
SIM2
SIM3
SIM4
1
21
22
SIM5
SIM1
SIM2
SIM3
SIM4
1
21
22
SIM5
SIM1
SIM2
SIM3
SIM4
1
21
22
SIM5
SIM1
SIM2
SIM3
SIM4
1
21
22
SIM5
SIM1
SIM2
SIM3
SIM4
1
21
22
SIM5
SIM1
SIM2
SIM3
SIM4
1
21
22
SIM5
SIM1
SIM2
SIM3
SIM4
1
21
22
SIM5
SIM1
SIM2
SIM3
SIM4
1
21
22
SIM5
SIM1
SIM2
SIM3
SIM4
1
21
22
SIM5
SIM1
SIM2
SIM3
SIM4
1
21
22
SIM5
SIM1
SIM2
SIM3
SIM4
1
21
22
SIM5
SIM1
SIM2
SIM3
SIM4
1
21
22
SIM5
SIM1
SIM2
SIM3
SIM4
1
21
22
SIM5
SIM1
SIM2
SIM3
SIM4
1
21
22
SIM5
SIM1
SIM2
SIM3
SIM4
1
21
22
SIM5
SIM1
SIM2
SIM3
SIM4
1
21
22
SIM5
SIM1
SIM2
SIM3
SIM4
1
21
22
SIM5
SIM1
SIM2
SIM3
SIM4
1
21
22
SIM5
SIM1
SIM2
SIM3
SIM4
1
21
22
SIM5
SIM1
SIM2
SIM3
SIM4
1
21
22
SIM5
SIM1
SIM2
SIM3
SIM4
1
21
22
SIM5
SIM1
SIM2
SIM3
SIM4
1
21
22
SIM5
SIM1
SIM2
SIM3
SIM4
1
21
22
SIM5
SIM1
SIM2
SIM3
SIM4
1
21
22
SIM5
SIM1
SIM2
SIM3
SIM4
1
21
22
SIM5
SIM1
SIM2
SIM3
SIM4
1
21
22
SIM5
SIM1
SIM2
SIM3
SIM4
1
21
22
SIM5
SIM1
SIM2
SIM3
SIM4
1
21
22
SIM5
SIM1
SIM2
SIM3
SIM4
1
21
22
SIM5
SIM1
SIM2
SIM3
SIM4
1
21
22
SIM5
SIM1
SIM2
SIM3
SIM4
1
21
22
SIM5
SIM1
SIM2
SIM3
SIM4
1
21
22
SIM5
SIM1
SIM2
SIM3
SIM4
1
21
22
SIM5
SIM1
SIM2
SIM3
SIM4
1
21
22
SIM5
SIM1
SIM2
SIM3
SIM4
1
21
22
SIM5
SIM1
SIM2
SIM3
SIM4
1
21
22
SIM5
SIM1
SIM2
SIM3
SIM4
1
21
22
SIM5
SIM1
SIM2
SIM3
SIM4
1
21
22
SIM5
SIM1
SIM2
SIM3
SIM4
1
21
22
SIM5
SIM1
SIM2
SIM3
SIM4
1
21
22
SIM5
SIM1
SIM2
SIM3
SIM4
1
21
22
SIM5
SIM1
SIM2
SIM3
SIM4
1
21
22
SIM5
SIM1
SIM2
SIM3
SIM4
1
21
22
SIM5
SIM1
SIM2
SIM3
SIM4
1
21
22
SIM5
SIM1
SIM2
SIM3
SIM4
1
21
22
SIM5
SIM1
SIM2
SIM3
SIM4
1
21
22
SIM5
SIM1
SIM2
SIM3
SIM4
1
21
22
SIM5
SIM1
SIM2
SIM3
SIM4
1
21
22
SIM5
SIM1
SIM2
SIM3
SIM4
1
21
22
SIM5
SIM1
SIM2
SIM3
SIM4
1
21
22
SIM5
SIM1
SIM2
SIM3
SIM4
1
21
22
SIM5
SIM1
SIM2
SIM3
SIM4
1
21
22
SIM5
SIM1
SIM2
SIM3
SIM4
1
21
22
SIM5
SIM1
SIM2
DEBUG 1 597
SIM1
SIM2
SIM3
SIM4
1
21
22
SIM5
SIM1
SIM2
SIM3
SIM4
1
21
22
SIM5
SIM1
SIM2
SIM3
SIM4
1
21
22
SIM5
SIM1
SIM2
SIM3
SIM4
1
21
22
SIM5
SIM1
SIM2
SIM3
SIM4
1
21
22
SIM5
SIM1
SIM2
SIM3
SIM4
1
21
22
SIM5
SIM1
SIM2
SIM3
SIM4
1
21
22
SIM5
SIM1
SIM2
SIM3
SIM4
1
21
22
SIM5
SIM1
SIM2
SIM3
SIM4
1
21
22
SIM5
SIM1
SIM2
SIM3
SIM4
1
21
22
SIM5
SIM1
SIM2
SIM3
SIM4
1
21
22
SIM5
SIM1
SIM2
SIM3
SIM4
1
21
22
SIM5
SIM1
SIM2
SIM3
SIM4
1
21
22
SIM5
SIM1
SIM2
SIM3
SIM4
1
21
22
SIM5
SIM1
SIM2
SIM3
SIM4
1
21
22
SIM5
SIM1
SIM2
SIM3
SIM4
1
21
22
SIM5
SIM1
SIM2
SIM3
SIM4
1
21
22
SIM5
SIM1
SIM2
SIM3
SIM4
1
21
22
SIM5
SIM1
SIM2
SIM3
SIM4
1
21
22
SIM5
SIM1
SIM2
SIM3
SIM4
1
21
22
SIM5
SIM1
SIM2
SIM3
SIM4
1
21
22
SIM5
SIM1
SIM2
SIM3
SIM4
1
21
22
SIM5
SIM1
SIM2
SIM3
SIM4
1
21
22
SIM5
SIM1
SIM2
SIM3
SIM4
1
21
22
SIM5
SIM1
SIM2
SIM3
SIM4
1
21
22
SIM5
SIM1
SIM2
SIM3
SIM4
1
21
22
SIM5
SIM1
SIM2
SIM3
SIM4
1
21
22
SIM5
SIM1
SIM2
SIM3
SIM4
1
21
22
SIM5
SIM1
SIM2
SIM3
SIM4
1
21
22
SIM5
SIM1
SIM2
SIM3
SIM4
1
21
22
SIM5
SIM1
SIM2
SIM3
SIM4
1
21
22
SIM5
SIM1
SIM2
SIM3
SIM4
1
21
22
SIM5
SIM1
SIM2
SIM3
SIM4
1
21
22
SIM5
SIM1
SIM2
SIM3
SIM4
1
21
22
SIM5
SIM1
SIM2
SIM3
SIM4
1
21
22
SIM5
SIM1
SIM2
SIM3
SIM4
1
21
22
SIM5
SIM1
SIM2
SIM3
SIM4
1
21
22
SIM5
SIM1
SIM2
SIM3
SIM4
1
21
22
SIM5
SIM1
SIM2
SIM3
SIM4
1
21
22
SIM5
SIM1
SIM2
SIM3
SIM4
1
21
22
SIM5
SIM1
SIM2
SIM3
SIM4
1
21
22
SIM5
SIM1
SIM2
SIM3
SIM4
1
21
22
SIM5
SIM1
SIM2
SIM3
SIM4
1
21
22
SIM5
SIM1
SIM2
SIM3
SIM4
1
21
22
SIM5
SIM1
SIM2
SIM3
SIM4
1
21
22
SIM5
SIM1
SIM2
SIM3
SIM4
1
21
22
SIM5
SIM1
SIM2
SIM3
SIM4
1
21
22
SIM5
SIM1
SIM2
SIM3
SIM4
1
21
22
SIM5
SIM1
SIM2
SIM3
SIM4
1
21
22
SIM5
SIM1
SIM2
SIM3
SIM4
1
21
22
SIM5
SIM1
SIM2
SIM3
SIM4
1
21
22
SIM5
SIM1
SIM2
SIM3
SIM4
1
21
22
SIM5
SIM1
SIM2
SIM3
SIM4
1
21
22
SIM5
SIM1
SIM2
SIM3
SIM4
1
21
22
SIM5
SIM1
SIM2
SIM3
SIM4
1
21
22
SIM5
SIM1
SIM2
SIM3
SIM4
1
21
22
SIM5
SIM1
SIM2
SIM3
SIM4
1
21
22
SIM5
SIM1
SIM2
SIM3
SIM4
1
21
22
SIM5
SIM1
SIM2
SIM3
SIM4
1
21
22
SIM5
SIM1
SIM2
SIM3
SIM4
1
21
22
SIM5
SIM1
SIM2
SIM3
SIM4
1
21
22
SIM5
SIM1
SIM2
SIM3
SIM4
1
21
22
SIM5
SIM1
SIM2
SIM3
SIM4
1
21
22
SIM5
SIM1
SIM2
SIM3
SIM4
1
21
22
SIM5
SIM1
SIM2
SIM3
SIM4
1
21
22
SIM5
SIM1
SIM2
SIM3
SIM4
1
21
22
SIM5
SIM1
SIM2
SIM3
SIM4
1
21
22
SIM5
SIM1
SIM2
SIM3
SIM4
1
21
22
SIM5
SIM1
SIM2
SIM3
SIM4
1
21
22
SIM5
SIM1
SIM2
SIM3
SIM4
1
21
22
SIM5
SIM1
SIM2
SIM3
SIM4
1
21
22
SIM5
SIM1
SIM2
SIM3
SIM4
1
21
22
SIM5
SIM1
SIM2
SIM3
SIM4
1
21
22
SIM5
SIM1
SIM2
SIM3
SIM4
1
21
22
SIM5
SIM1
SIM2
SIM3
SIM4
1
21
22
SIM5
SIM1
SIM2
SIM3
SIM4
1
21
22
SIM5
SIM1
SIM2
SIM3
SIM4
1
21
22
SIM5
SIM1
SIM2
SIM3
SIM4
1
21
22
SIM5
SIM1
SIM2
SIM3
SIM4
1
21
22
SIM5
SIM1
SIM2
SIM3
SIM4
1
21
22
SIM5
SIM1
SIM2
SIM3
SIM4
1
21
22
SIM5
SIM1
SIM2
SIM3
SIM4
1
21
22
SIM5
SIM1
SIM2
SIM3
SIM4
1
21
22
SIM5
SIM1
SIM2
SIM3
SIM4
1
21
22
SIM5
SIM1
SIM2
SIM3
SIM4
1
21
22
SIM5
SIM1
SIM2
SIM3
SIM4
1
21
22
SIM5
SIM1
SIM2
SIM3
SIM4
1
21
22
SIM5
SIM1
SIM2
SIM3
SIM4
1
21
22
SIM5
SIM1
SIM2
SIM3
SIM4
1
21
22
SIM5
SIM1
SIM2
SIM3
SIM4
1
21
22
SIM5
SIM1
SIM2
SIM3
SIM4
1
21
22
SIM5
SIM1
SIM2
SIM3
SIM4
1
21
22
SIM5
SIM1
SIM2
SIM3
SIM4
1
21
22
SIM5
SIM1
SIM2
SIM3
SIM4
1
21
22
SIM5
SIM1
SIM2
SIM3
SIM4
1
21
22
SIM5
SIM1
SIM2
SIM3
SIM4
1
21
22
SIM5
SIM1
SIM2
SIM3
SIM4
1
21
22
SIM5
SIM1
SIM2
SIM3
SIM4
1
21
22
SIM5
SIM1
SIM2
SIM3
SIM4
1
21
22
SIM5
SIM1
SIM2
SIM3
SIM4
1
21
22
SIM5
SIM1
SIM2
SIM3
SIM4
1
21
22
SIM5
SIM1
SIM2
SIM3
SIM4
1
21
22
SIM5
SIM1
SIM2
SIM3
SIM4
1
21
22
SIM5
SIM1
SIM2
SIM3
SIM4
1
21
22
SIM5
SIM1
SIM2
SIM3
SIM4
1
21
22
SIM5
SIM1
SIM2
SIM3
SIM4
1
21
22
SIM5
SIM1
SIM2
SIM3
SIM4
1
21
22
SIM5
SIM1
SIM2
SIM3
SIM4
1
21
22
SIM5
SIM1
SIM2
SIM3
SIM4
1
21
22
SIM5
SIM1
SIM2
SIM3
SIM4
1
21
22
SIM5
SIM1
SIM2
SIM3
SIM4
1
21
22
SIM5
SIM1
SIM2
SIM3
SIM4
1
21
22
SIM5
SIM1
SIM2
SIM3
SIM4
1
21
22
SIM5
SIM1
SIM2
SIM3
SIM4
1
21
22
SIM5
SIM1
SIM2
SIM3
SIM4
1
21
22
SIM5
SIM1
SIM2
SIM3
SIM4
1
21
22
SIM5
SIM1
SIM2
SIM3
SIM4
1
21
22
SIM5
SIM1
SIM2
SIM3
SIM4
1
21
22
SIM5
SIM1
SIM2
SIM3
SIM4
1
21
22
SIM5
SIM1
SIM2
SIM3
SIM4
1
21
22
SIM5
SIM1
SIM2
SIM3
SIM4
1
21
22
SIM5
SIM1
SIM2
SIM3
SIM4
1
21
22
SIM5
SIM1
SIM2
SIM3
SIM4
1
21
22
SIM5
SIM1
SIM2
SIM3
SIM4
1
21
22
SIM5
SIM1
SIM2
SIM3
SIM4
1
21
22
SIM5
SIM1
SIM2
SIM3
SIM4
1
21
22
SIM5
SIM1
SIM2
SIM3
SIM4
1
21
22
SIM5
SIM1
SIM2
SIM3
SIM4
1
21
22
SIM5
SIM1
SIM2
SIM3
SIM4
1
21
22
SIM5
SIM1
SIM2
SIM3
SIM4
1
21
22
SIM5
SIM1
SIM2
SIM3
SIM4
1
21
22
SIM5
SIM1
SIM2
SIM3
SIM4
1
21
22
SIM5
SIM1
SIM2
SIM3
SIM4
1
21
22
SIM5
SIM1
SIM2
SIM3
SIM4
1
21
22
SIM5
SIM1
SIM2
SIM3
SIM4
1
21
22
SIM5
SIM1
SIM2
SIM3
SIM4
1
21
22
SIM5
SIM1
SIM2
SIM3
SIM4
1
21
22
SIM5
SIM1
SIM2
SIM3
SIM4
1
21
22
SIM5
SIM1
SIM2
SIM3
SIM4
1
21
22
SIM5
SIM1
SIM2
SIM3
SIM4
1
21
22
SIM5
SIM1
SIM2
SIM3
SIM4
1
21
22
SIM5
SIM1
SIM2
SIM3
SIM4
1
21
22
SIM5
SIM1
SIM2
SIM3
SIM4
1
21
22
SIM5
SIM1
SIM2
SIM3
SIM4
1
21
22
SIM5
SIM1
SIM2
SIM3
SIM4
1
21
22
SIM5
SIM1
SIM2
SIM3
SIM4
1
21
22
SIM5
SIM1
SIM2
SIM3
SIM4
1
21
22
SIM5
SIM1
SIM2
SIM3
SIM4
1
21
22
SIM5
SIM1
SIM2
SIM3
SIM4
1
21
22
SIM5
SIM1
SIM2
SIM3
SIM4
1
21
22
SIM5
SIM1
SIM2
SIM3
SIM4
1
21
22
SIM5
SIM1
SIM2
SIM3
SIM4
1
21
22
SIM5
SIM1
SIM2
SIM3
SIM4
1
21
22
SIM5
SIM1
SIM2
SIM3
SIM4
1
21
22
SIM5
SIM1
SIM2
SIM3
SIM4
1
21
22
SIM5
SIM1
SIM2
SIM3
SIM4
1
21
22
SIM5
SIM1
SIM2
SIM3
SIM4
1
21
22
SIM5
SIM1
SIM2
SIM3
SIM4
1
21
22
SIM5
SIM1
SIM2
SIM3
SIM4
1
21
22
SIM5
SIM1
SIM2
SIM3
SIM4
1
21
22
SIM5
SIM1
SIM2
SIM3
SIM4
1
21
22
SIM5
SIM1
SIM2
SIM3
SIM4
1
21
22
SIM5
SIM1
SIM2
SIM3
SIM4
1
21
22
SIM5
SIM1
SIM2
SIM3
SIM4
1
21
22
SIM5
SIM1
SIM2
SIM3
SIM4
1
21
22
SIM5
SIM1
SIM2
SIM3
SIM4
1
21
22
SIM5
SIM1
SIM2
SIM3
SIM4
1
21
22
SIM5
SIM1
SIM2
SIM3
SIM4
1
21
22
SIM5
SIM1
SIM2
SIM3
SIM4
1
21
22
SIM5
SIM1
SIM2
SIM3
SIM4
1
21
22
SIM5
SIM1
SIM2
SIM3
SIM4
1
21
22
SIM5
SIM1
SIM2
SIM3
SIM4
1
21
22
SIM5
SIM1
SIM2
SIM3
SIM4
1
21
22
SIM5
SIM1
SIM2
SIM3
SIM4
1
21
22
SIM5
SIM1
SIM2
SIM3
SIM4
1
21
22
SIM5
SIM1
SIM2
SIM3
SIM4
1
21
22
SIM5
SIM1
SIM2
SIM3
SIM4
1
21
22
SIM5
SIM1
SIM2
SIM3
SIM4
1
21
22
SIM5
SIM1
SIM2
SIM3
SIM4
1
21
22
SIM5
SIM1
SIM2
SIM3
SIM4
1
21
22
SIM5
SIM1
SIM2
SIM3
SIM4
1
21
22
SIM5
SIM1
SIM2
SIM3
SIM4
1
21
22
SIM5
SIM1
SIM2
SIM3
SIM4
1
21
22
SIM5
SIM1
SIM2
SIM3
SIM4
1
21
22
SIM5
SIM1
SIM2
SIM3
SIM4
1
21
22
SIM5
SIM1
SIM2
SIM3
SIM4
1
21
22
SIM5
SIM1
SIM2
SIM3
SIM4
1
21
22
SIM5
SIM1
SIM2
SIM3
SIM4
1
21
22
SIM5
SIM1
SIM2
SIM3
SIM4
1
21
22
SIM5
SIM1
SIM2
SIM3
SIM4
1
21
22
SIM5
SIM1
SIM2
SIM3
SIM4
1
21
22
SIM5
SIM1
SIM2
SIM3
SIM4
1
21
22
SIM5
SIM1
SIM2
SIM3
SIM4
1
21
22
SIM5
SIM1
SIM2
SIM3
SIM4
1
21
22
SIM5
SIM1
SIM2
SIM3
SIM4
1
21
22
SIM5
SIM1
SIM2
SIM3
SIM4
1
21
22
SIM5
SIM1
SIM2
SIM3
SIM4
1
21
22
SIM5
SIM1
SIM2
SIM3
SIM4
1
21
22
SIM5
SIM1
SIM2
SIM3
SIM4
1
21
22
SIM5
SIM1
SIM2
SIM3
SIM4
1
21
22
SIM5
SIM1
SIM2
SIM3
SIM4
1
21
22
SIM5
SIM1
SIM2
SIM3
SIM4
1
21
22
SIM5
SIM1
SIM2
SIM3
SIM4
1
21
22
SIM5
SIM1
SIM2
SIM3
SIM4
1
21
22
SIM5
SIM1
SIM2
SIM3
SIM4
1
21
22
SIM5
SIM1
SIM2
SIM3
SIM4
1
21
22
SIM5
SIM1
SIM2
SIM3
SIM4
1
21
22
SIM5
SIM1
SIM2
SIM3
SIM4
1
21
22
SIM5
SIM1
SIM2
SIM3
SIM4
1
21
22
SIM5
SIM1
SIM2
SIM3
SIM4
1
21
22
SIM5
SIM1
SIM2
SIM3
SIM4
1
21
22
SIM5
SIM1
SIM2
SIM3
SIM4
1
21
22
SIM5
SIM1
SIM2
SIM3
SIM4
1
21
22
SIM5
SIM1
SIM2
SIM3
SIM4
1
21
22
SIM5
SIM1
SIM2
SIM3
SIM4
1
21
22
SIM5
SIM1
SIM2
SIM3
SIM4
1
21
22
SIM5
SIM1
SIM2
SIM3
SIM4
1
21
22
SIM5
SIM1
SIM2
SIM3
SIM4
1
21
22
SIM5
SIM1
SIM2
SIM3
SIM4
1
21
22
SIM5
SIM1
SIM2
SIM3
SIM4
1
21
22
SIM5
SIM1
SIM2
SIM3
SIM4
1
21
22
SIM5
SIM1
SIM2
SIM3
SIM4
1
21
22
SIM5
SIM1
SIM2
SIM3
SIM4
1
21
22
SIM5
SIM1
SIM2
SIM3
SIM4
1
21
22
SIM5
SIM1
SIM2
SIM3
SIM4
1
21
22
SIM5
SIM1
SIM2
SIM3
SIM4
1
21
22
SIM5
SIM1
SIM2
SIM3
SIM4
1
21
22
SIM5
SIM1
SIM2
SIM3
SIM4
1
21
22
SIM5
SIM1
SIM2
SIM3
SIM4
1
21
22
SIM5
SIM1
SIM2
SIM3
SIM4
1
21
22
SIM5
SIM1
SIM2
SIM3
SIM4
1
21
22
SIM5
SIM1
SIM2
SIM3
SIM4
1
21
22
SIM5
SIM1
SIM2
SIM3
SIM4
1
21
22
SIM5
SIM1
SIM2
SIM3
SIM4
1
21
22
SIM5
SIM1
SIM2
SIM3
SIM4
1
21
22
SIM5
SIM1
SIM2
SIM3
SIM4
1
21
22
SIM5
SIM1
SIM2
SIM3
SIM4
1
21
22
SIM5
SIM1
SIM2
SIM3
SIM4
1
21
22
SIM5
SIM1
SIM2
SIM3
SIM4
1
21
22
SIM5
SIM1
SIM2
SIM3
SIM4
1
21
22
SIM5
SIM1
SIM2
SIM3
SIM4
1
21
22
SIM5
SIM1
SIM2
SIM3
SIM4
1
21
22
SIM5
SIM1
SIM2
SIM3
SIM4
1
21
22
SIM5
SIM1
SIM2
SIM3
SIM4
1
21
22
SIM5
SIM1
SIM2
SIM3
SIM4
1
21
22
SIM5
SIM1
SIM2
SIM3
SIM4
1
21
22
SIM5
SIM1
SIM2
SIM3
SIM4
1
21
22
SIM5
SIM1
SIM2
SIM3
SIM4
1
21
22
SIM5
SIM1
SIM2
SIM3
SIM4
1
21
22
SIM5
SIM1
SIM2
SIM3
SIM4
1
21
22
SIM5
SIM1
SIM2
SIM3
SIM4
1
21
22
SIM5
SIM1
SIM2
SIM3
SIM4
1
21
22
SIM5
SIM1
SIM2
SIM3
SIM4
1
21
22
SIM5
SIM1
SIM2
SIM3
SIM4
1
21
22
SIM5
SIM1
SIM2
SIM3
SIM4
1
21
22
SIM5
SIM1
SIM2
SIM3
SIM4
1
21
22
SIM5
SIM1
SIM2
SIM3
SIM4
1
21
22
SIM5
SIM1
SIM2
SIM3
SIM4
1
21
22
SIM5
SIM1
SIM2
SIM3
SIM4
1
21
22
SIM5
SIM1
SIM2
SIM3
SIM4
1
21
22
SIM5
SIM1
SIM2
SIM3
SIM4
1
21
22
SIM5
SIM1
SIM2
SIM3
SIM4
1
21
22
SIM5
SIM1
SIM2
DEBUG 1 598
SIM1
SIM2
SIM3
SIM4
1
21
22
SIM5
SIM1
SIM2
SIM3
SIM4
1
21
22
SIM5
SIM1
SIM2
SIM3
SIM4
1
21
22
SIM5
SIM1
SIM2
SIM3
SIM4
1
21
22
SIM5
SIM1
SIM2
SIM3
SIM4
1
21
22
SIM5
SIM1
SIM2
SIM3
SIM4
1
21
22
SIM5
SIM1
SIM2
SIM3
SIM4
1
21
22
SIM5
SIM1
SIM2
SIM3
SIM4
1
21
22
SIM5
SIM1
SIM2
SIM3
SIM4
1
21
22
SIM5
SIM1
SIM2
SIM3
SIM4
1
21
22
SIM5
SIM1
SIM2
SIM3
SIM4
1
21
22
SIM5
SIM1
SIM2
SIM3
SIM4
1
21
22
SIM5
SIM1
SIM2
SIM3
SIM4
1
21
22
SIM5
SIM1
SIM2
SIM3
SIM4
1
21
22
SIM5
SIM1
SIM2
SIM3
SIM4
1
21
22
SIM5
SIM1
SIM2
SIM3
SIM4
1
21
22
SIM5
SIM1
SIM2
SIM3
SIM4
1
21
22
SIM5
SIM1
SIM2
SIM3
SIM4
1
21
22
SIM5
SIM1
SIM2
SIM3
SIM4
1
21
22
SIM5
SIM1
SIM2
SIM3
SIM4
1
21
22
SIM5
SIM1
SIM2
SIM3
SIM4
1
21
22
SIM5
SIM1
SIM2
SIM3
SIM4
1
21
22
SIM5
SIM1
SIM2
SIM3
SIM4
1
21
22
SIM5
SIM1
SIM2
SIM3
SIM4
1
21
22
SIM5
SIM1
SIM2
SIM3
SIM4
1
21
22
SIM5
SIM1
SIM2
SIM3
SIM4
1
21
22
SIM5
SIM1
SIM2
SIM3
SIM4
1
21
22
SIM5
SIM1
SIM2
SIM3
SIM4
1
21
22
SIM5
SIM1
SIM2
SIM3
SIM4
1
21
22
SIM5
SIM1
SIM2
SIM3
SIM4
1
21
22
SIM5
SIM1
SIM2
SIM3
SIM4
1
21
22
SIM5
SIM1
SIM2
SIM3
SIM4
1
21
22
SIM5
SIM1
SIM2
SIM3
SIM4
1
21
22
SIM5
SIM1
SIM2
SIM3
SIM4
1
21
22
SIM5
SIM1
SIM2
SIM3
SIM4
1
21
22
SIM5
SIM1
SIM2
SIM3
SIM4
1
21
22
SIM5
SIM1
SIM2
SIM3
SIM4
1
21
22
SIM5
SIM1
SIM2
SIM3
SIM4
1
21
22
SIM5
SIM1
SIM2
SIM3
SIM4
1
21
22
SIM5
SIM1
SIM2
SIM3
SIM4
1
21
22
SIM5
SIM1
SIM2
SIM3
SIM4
1
21
22
SIM5
SIM1
SIM2
SIM3
SIM4
1
21
22
SIM5
SIM1
SIM2
SIM3
SIM4
1
21
22
SIM5
SIM1
SIM2
SIM3
SIM4
1
21
22
SIM5
SIM1
SIM2
SIM3
SIM4
1
21
22
SIM5
SIM1
SIM2
SIM3
SIM4
1
21
22
SIM5
SIM1
SIM2
SIM3
SIM4
1
21
22
SIM5
SIM1
SIM2
SIM3
SIM4
1
21
22
SIM5
SIM1
SIM2
SIM3
SIM4
1
21
22
SIM5
SIM1
SIM2
SIM3
SIM4
1
21
22
SIM5
SIM1
SIM2
SIM3
SIM4
1
21
22
SIM5
SIM1
SIM2
SIM3
SIM4
1
21
22
SIM5
SIM1
SIM2
SIM3
SIM4
1
21
22
SIM5
SIM1
SIM2
SIM3
SIM4
1
21
22
SIM5
SIM1
SIM2
SIM3
SIM4
1
21
22
SIM5
SIM1
SIM2
SIM3
SIM4
1
21
22
SIM5
SIM1
SIM2
SIM3
SIM4
1
21
22
SIM5
SIM1
SIM2
SIM3
SIM4
1
21
22
SIM5
SIM1
SIM2
SIM3
SIM4
1
21
22
SIM5
SIM1
SIM2
SIM3
SIM4
1
21
22
SIM5
SIM1
SIM2
SIM3
SIM4
1
21
22
SIM5
SIM1
SIM2
SIM3
SIM4
1
21
22
SIM5
SIM1
SIM2
SIM3
SIM4
1
21
22
SIM5
SIM1
SIM2
SIM3
SIM4
1
21
22
SIM5
SIM1
SIM2
SIM3
SIM4
1
21
22
SIM5
SIM1
SIM2
SIM3
SIM4
1
21
22
SIM5
SIM1
SIM2
SIM3
SIM4
1
21
22
SIM5
SIM1
SIM2
SIM3
SIM4
1
21
22
SIM5
SIM1
SIM2
SIM3
SIM4
1
21
22
SIM5
SIM1
SIM2
SIM3
SIM4
1
21
22
SIM5
SIM1
SIM2
SIM3
SIM4
1
21
22
SIM5
SIM1
SIM2
SIM3
SIM4
1
21
22
SIM5
SIM1
SIM2
SIM3
SIM4
1
21
22
SIM5
SIM1
SIM2
SIM3
SIM4
1
21
22
SIM5
SIM1
SIM2
SIM3
SIM4
1
21
22
SIM5
SIM1
SIM2
SIM3
SIM4
1
21
22
SIM5
SIM1
SIM2
SIM3
SIM4
1
21
22
SIM5
SIM1
SIM2
SIM3
SIM4
1
21
22
SIM5
SIM1
SIM2
SIM3
SIM4
1
21
22
SIM5
SIM1
SIM2
SIM3
SIM4
1
21
22
SIM5
SIM1
SIM2
SIM3
SIM4
1
21
22
SIM5
SIM1
SIM2
SIM3
SIM4
1
21
22
SIM5
SIM1
SIM2
SIM3
SIM4
1
21
22
SIM5
SIM1
SIM2
SIM3
SIM4
1
21
22
SIM5
SIM1
SIM2
SIM3
SIM4
1
21
22
SIM5
SIM1
SIM2
SIM3
SIM4
1
21
22
SIM5
SIM1
SIM2
SIM3
SIM4
1
21
22
SIM5
SIM1
SIM2
SIM3
SIM4
1
21
22
SIM5
SIM1
SIM2
SIM3
SIM4
1
21
22
SIM5
SIM1
SIM2
SIM3
SIM4
1
21
22
SIM5
SIM1
SIM2
SIM3
SIM4
1
21
22
SIM5
SIM1
SIM2
SIM3
SIM4
1
21
22
SIM5
SIM1
SIM2
SIM3
SIM4
1
21
22
SIM5
SIM1
SIM2
SIM3
SIM4
1
21
22
SIM5
SIM1
SIM2
SIM3
SIM4
1
21
22
SIM5
SIM1
SIM2
SIM3
SIM4
1
21
22
SIM5
SIM1
SIM2
SIM3
SIM4
1
21
22
SIM5
SIM1
SIM2
SIM3
SIM4
1
21
22
SIM5
SIM1
SIM2
SIM3
SIM4
1
21
22
SIM5
SIM1
SIM2
SIM3
SIM4
1
21
22
SIM5
SIM1
SIM2
SIM3
SIM4
1
21
22
SIM5
SIM1
SIM2
SIM3
SIM4
1
21
22
SIM5
SIM1
SIM2
SIM3
SIM4
1
21
22
SIM5
SIM1
SIM2
SIM3
SIM4
1
21
22
SIM5
SIM1
SIM2
SIM3
SIM4
1
21
22
SIM5
SIM1
SIM2
SIM3
SIM4
1
21
22
SIM5
SIM1
SIM2
SIM3
SIM4
1
21
22
SIM5
SIM1
SIM2
SIM3
SIM4
1
21
22
SIM5
SIM1
SIM2
SIM3
SIM4
1
21
22
SIM5
SIM1
SIM2
SIM3
SIM4
1
21
22
SIM5
SIM1
SIM2
SIM3
SIM4
1
21
22
SIM5
SIM1
SIM2
SIM3
SIM4
1
21
22
SIM5
SIM1
SIM2
SIM3
SIM4
1
21
22
SIM5
SIM1
SIM2
SIM3
SIM4
1
21
22
SIM5
SIM1
SIM2
SIM3
SIM4
1
21
22
SIM5
SIM1
SIM2
SIM3
SIM4
1
21
22
SIM5
SIM1
SIM2
SIM3
SIM4
1
21
22
SIM5
SIM1
SIM2
SIM3
SIM4
1
21
22
SIM5
SIM1
SIM2
SIM3
SIM4
1
21
22
SIM5
SIM1
SIM2
SIM3
SIM4
1
21
22
SIM5
SIM1
SIM2
SIM3
SIM4
1
21
22
SIM5
SIM1
SIM2
SIM3
SIM4
1
21
22
SIM5
SIM1
SIM2
SIM3
SIM4
1
21
22
SIM5
SIM1
SIM2
SIM3
SIM4
1
21
22
SIM5
SIM1
SIM2
SIM3
SIM4
1
21
22
SIM5
SIM1
SIM2
SIM3
SIM4
1
21
22
SIM5
SIM1
SIM2
SIM3
SIM4
1
21
22
SIM5
SIM1
SIM2
SIM3
SIM4
1
21
22
SIM5
SIM1
SIM2
SIM3
SIM4
1
21
22
SIM5
SIM1
SIM2
SIM3
SIM4
1
21
22
SIM5
SIM1
SIM2
SIM3
SIM4
1
21
22
SIM5
SIM1
SIM2
SIM3
SIM4
1
21
22
SIM5
SIM1
SIM2
SIM3
SIM4
1
21
22
SIM5
SIM1
SIM2
SIM3
SIM4
1
21
22
SIM5
SIM1
SIM2
SIM3
SIM4
1
21
22
SIM5
SIM1
SIM2
SIM3
SIM4
1
21
22
SIM5
SIM1
SIM2
SIM3
SIM4
1
21
22
SIM5
SIM1
SIM2
SIM3
SIM4
1
21
22
SIM5
SIM1
SIM2
SIM3
SIM4
1
21
22
SIM5
SIM1
SIM2
SIM3
SIM4
1
21
22
SIM5
SIM1
SIM2
SIM3
SIM4
1
21
22
SIM5
SIM1
SIM2
SIM3
SIM4
1
21
22
SIM5
SIM1
SIM2
SIM3
SIM4
1
21
22
SIM5
SIM1
SIM2
SIM3
SIM4
1
21
22
SIM5
SIM1
SIM2
SIM3
SIM4
1
21
22
SIM5
SIM1
SIM2
SIM3
SIM4
1
21
22
SIM5
SIM1
SIM2
SIM3
SIM4
1
21
22
SIM5
SIM1
SIM2
SIM3
SIM4
1
21
22
SIM5
SIM1
SIM2
SIM3
SIM4
1
21
22
SIM5
SIM1
SIM2
SIM3
SIM4
1
21
22
SIM5
SIM1
SIM2
SIM3
SIM4
1
21
22
SIM5
SIM1
SIM2
SIM3
SIM4
1
21
22
SIM5
SIM1
SIM2
SIM3
SIM4
1
21
22
SIM5
SIM1
SIM2
SIM3
SIM4
1
21
22
SIM5
SIM1
SIM2
SIM3
SIM4
1
21
22
SIM5
SIM1
SIM2
SIM3
SIM4
1
21
22
SIM5
SIM1
SIM2
SIM3
SIM4
1
21
22
SIM5
SIM1
SIM2
SIM3
SIM4
1
21
22
SIM5
SIM1
SIM2
SIM3
SIM4
1
21
22
SIM5
SIM1
SIM2
SIM3
SIM4
1
21
22
SIM5
SIM1
SIM2
SIM3
SIM4
1
21
22
SIM5
SIM1
SIM2
SIM3
SIM4
1
21
22
SIM5
SIM1
SIM2
SIM3
SIM4
1
21
22
SIM5
SIM1
SIM2
SIM3
SIM4
1
21
22
SIM5
SIM1
SIM2
SIM3
SIM4
1
21
22
SIM5
SIM1
SIM2
SIM3
SIM4
1
21
22
SIM5
SIM1
SIM2
SIM3
SIM4
1
21
22
SIM5
SIM1
SIM2
SIM3
SIM4
1
21
22
SIM5
SIM1
SIM2
SIM3
SIM4
1
21
22
SIM5
SIM1
SIM2
SIM3
SIM4
1
21
22
SIM5
SIM1
SIM2
SIM3
SIM4
1
21
22
SIM5
SIM1
SIM2
SIM3
SIM4
1
21
22
SIM5
SIM1
SIM2
SIM3
SIM4
1
21
22
SIM5
SIM1
SIM2
SIM3
SIM4
1
21
22
SIM5
SIM1
SIM2
SIM3
SIM4
1
21
22
SIM5
SIM1
SIM2
SIM3
SIM4
1
21
22
SIM5
SIM1
SIM2
SIM3
SIM4
1
21
22
SIM5
SIM1
SIM2
SIM3
SIM4
1
21
22
SIM5
SIM1
SIM2
SIM3
SIM4
1
21
22
SIM5
SIM1
SIM2
SIM3
SIM4
1
21
22
SIM5
SIM1
SIM2
SIM3
SIM4
1
21
22
SIM5
SIM1
SIM2
SIM3
SIM4
1
21
22
SIM5
SIM1
SIM2
SIM3
SIM4
1
21
22
SIM5
SIM1
SIM2
SIM3
SIM4
1
21
22
SIM5
SIM1
SIM2
SIM3
SIM4
1
21
22
SIM5
SIM1
SIM2
SIM3
SIM4
1
21
22
SIM5
SIM1
SIM2
SIM3
SIM4
1
21
22
SIM5
SIM1
SIM2
SIM3
SIM4
1
21
22
SIM5
SIM1
SIM2
SIM3
SIM4
1
21
22
SIM5
SIM1
SIM2
SIM3
SIM4
1
21
22
SIM5
SIM1
SIM2
SIM3
SIM4
1
21
22
SIM5
SIM1
SIM2
SIM3
SIM4
1
21
22
SIM5
SIM1
SIM2
SIM3
SIM4
1
21
22
SIM5
SIM1
SIM2
SIM3
SIM4
1
21
22
SIM5
SIM1
SIM2
SIM3
SIM4
1
21
22
SIM5
SIM1
SIM2
SIM3
SIM4
1
21
22
SIM5
SIM1
SIM2
SIM3
SIM4
1
21
22
SIM5
SIM1
SIM2
SIM3
SIM4
1
21
22
SIM5
SIM1
SIM2
SIM3
SIM4
1
21
22
SIM5
SIM1
SIM2
SIM3
SIM4
1
21
22
SIM5
SIM1
SIM2
SIM3
SIM4
1
21
22
SIM5
SIM1
SIM2
SIM3
SIM4
1
21
22
SIM5
SIM1
SIM2
SIM3
SIM4
1
21
22
SIM5
SIM1
SIM2
SIM3
SIM4
1
21
22
SIM5
SIM1
SIM2
SIM3
SIM4
1
21
22
SIM5
SIM1
SIM2
SIM3
SIM4
1
21
22
SIM5
SIM1
SIM2
SIM3
SIM4
1
21
22
SIM5
SIM1
SIM2
SIM3
SIM4
1
21
22
SIM5
SIM1
SIM2
SIM3
SIM4
1
21
22
SIM5
SIM1
SIM2
SIM3
SIM4
1
21
22
SIM5
SIM1
SIM2
DEBUG 1 599
SIM1
SIM2
SIM3
SIM4
1
21
22
SIM5
SIM1
SIM2
SIM3
SIM4
1
21
22
SIM5
SIM1
SIM2
SIM3
SIM4
1
21
22
SIM5
SIM1
SIM2
SIM3
SIM4
1
21
22
SIM5
SIM1
SIM2
SIM3
SIM4
1
21
22
SIM5
SIM1
SIM2
SIM3
SIM4
1
21
22
SIM5
SIM1
SIM2
SIM3
SIM4
1
21
22
SIM5
SIM1
SIM2
SIM3
SIM4
1
21
22
SIM5
SIM1
SIM2
SIM3
SIM4
1
21
22
SIM5
SIM1
SIM2
SIM3
SIM4
1
21
22
SIM5
SIM1
SIM2
SIM3
SIM4
1
21
22
SIM5
SIM1
SIM2
SIM3
SIM4
1
21
22
SIM5
SIM1
SIM2
SIM3
SIM4
1
21
22
SIM5
SIM1
SIM2
SIM3
SIM4
1
21
22
SIM5
SIM1
SIM2
SIM3
SIM4
1
21
22
SIM5
SIM1
SIM2
SIM3
SIM4
1
21
22
SIM5
SIM1
SIM2
SIM3
SIM4
1
21
22
SIM5
SIM1
SIM2
SIM3
SIM4
1
21
22
SIM5
SIM1
SIM2
SIM3
SIM4
1
21
22
SIM5
SIM1
SIM2
SIM3
SIM4
1
21
22
SIM5
SIM1
SIM2
SIM3
SIM4
1
21
22
SIM5
SIM1
SIM2
SIM3
SIM4
1
21
22
SIM5
SIM1
SIM2
SIM3
SIM4
1
21
22
SIM5
SIM1
SIM2
SIM3
SIM4
1
21
22
SIM5
SIM1
SIM2
SIM3
SIM4
1
21
22
SIM5
SIM1
SIM2
SIM3
SIM4
1
21
22
SIM5
SIM1
SIM2
SIM3
SIM4
1
21
22
SIM5
SIM1
SIM2
SIM3
SIM4
1
21
22
SIM5
SIM1
SIM2
SIM3
SIM4
1
21
22
SIM5
SIM1
SIM2
SIM3
SIM4
1
21
22
SIM5
SIM1
SIM2
SIM3
SIM4
1
21
22
SIM5
SIM1
SIM2
SIM3
SIM4
1
21
22
SIM5
SIM1
SIM2
SIM3
SIM4
1
21
22
SIM5
SIM1
SIM2
SIM3
SIM4
1
21
22
SIM5
SIM1
SIM2
SIM3
SIM4
1
21
22
SIM5
SIM1
SIM2
SIM3
SIM4
1
21
22
SIM5
SIM1
SIM2
SIM3
SIM4
1
21
22
SIM5
SIM1
SIM2
SIM3
SIM4
1
21
22
SIM5
SIM1
SIM2
SIM3
SIM4
1
21
22
SIM5
SIM1
SIM2
SIM3
SIM4
1
21
22
SIM5
SIM1
SIM2
SIM3
SIM4
1
21
22
SIM5
SIM1
SIM2
SIM3
SIM4
1
21
22
SIM5
SIM1
SIM2
SIM3
SIM4
1
21
22
SIM5
SIM1
SIM2
SIM3
SIM4
1
21
22
SIM5
SIM1
SIM2
SIM3
SIM4
1
21
22
SIM5
SIM1
SIM2
SIM3
SIM4
1
21
22
SIM5
SIM1
SIM2
SIM3
SIM4
1
21
22
SIM5
SIM1
SIM2
SIM3
SIM4
1
21
22
SIM5
SIM1
SIM2
SIM3
SIM4
1
21
22
SIM5
SIM1
SIM2
SIM3
SIM4
1
21
22
SIM5
SIM1
SIM2
SIM3
SIM4
1
21
22
SIM5
SIM1
SIM2
SIM3
SIM4
1
21
22
SIM5
SIM1
SIM2
SIM3
SIM4
1
21
22
SIM5
SIM1
SIM2
SIM3
SIM4
1
21
22
SIM5
SIM1
SIM2
SIM3
SIM4
1
21
22
SIM5
SIM1
SIM2
SIM3
SIM4
1
21
22
SIM5
SIM1
SIM2
SIM3
SIM4
1
21
22
SIM5
SIM1
SIM2
SIM3
SIM4
1
21
22
SIM5
SIM1
SIM2
SIM3
SIM4
1
21
22
SIM5
SIM1
SIM2
SIM3
SIM4
1
21
22
SIM5
SIM1
SIM2
SIM3
SIM4
1
21
22
SIM5
SIM1
SIM2
SIM3
SIM4
1
21
22
SIM5
SIM1
SIM2
SIM3
SIM4
1
21
22
SIM5
SIM1
SIM2
SIM3
SIM4
1
21
22
SIM5
SIM1
SIM2
SIM3
SIM4
1
21
22
SIM5
SIM1
SIM2
SIM3
SIM4
1
21
22
SIM5
SIM1
SIM2
SIM3
SIM4
1
21
22
SIM5
SIM1
SIM2
SIM3
SIM4
1
21
22
SIM5
SIM1
SIM2
SIM3
SIM4
1
21
22
SIM5
SIM1
SIM2
SIM3
SIM4
1
21
22
SIM5
SIM1
SIM2
SIM3
SIM4
1
21
22
SIM5
SIM1
SIM2
SIM3
SIM4
1
21
22
SIM5
SIM1
SIM2
SIM3
SIM4
1
21
22
SIM5
SIM1
SIM2
SIM3
SIM4
1
21
22
SIM5
SIM1
SIM2
SIM3
SIM4
1
21
22
SIM5
SIM1
SIM2
SIM3
SIM4
1
21
22
SIM5
SIM1
SIM2
SIM3
SIM4
1
21
22
SIM5
SIM1
SIM2
SIM3
SIM4
1
21
22
SIM5
SIM1
SIM2
SIM3
SIM4
1
21
22
SIM5
SIM1
SIM2
SIM3
SIM4
1
21
22
SIM5
SIM1
SIM2
SIM3
SIM4
1
21
22
SIM5
SIM1
SIM2
SIM3
SIM4
1
21
22
SIM5
SIM1
SIM2
SIM3
SIM4
1
21
22
SIM5
SIM1
SIM2
SIM3
SIM4
1
21
22
SIM5
SIM1
SIM2
SIM3
SIM4
1
21
22
SIM5
SIM1
SIM2
SIM3
SIM4
1
21
22
SIM5
SIM1
SIM2
SIM3
SIM4
1
21
22
SIM5
SIM1
SIM2
SIM3
SIM4
1
21
22
SIM5
SIM1
SIM2
SIM3
SIM4
1
21
22
SIM5
SIM1
SIM2
SIM3
SIM4
1
21
22
SIM5
SIM1
SIM2
SIM3
SIM4
1
21
22
SIM5
SIM1
SIM2
SIM3
SIM4
1
21
22
SIM5
SIM1
SIM2
SIM3
SIM4
1
21
22
SIM5
SIM1
SIM2
SIM3
SIM4
1
21
22
SIM5
SIM1
SIM2
SIM3
SIM4
1
21
22
SIM5
SIM1
SIM2
SIM3
SIM4
1
21
22
SIM5
SIM1
SIM2
SIM3
SIM4
1
21
22
SIM5
SIM1
SIM2
SIM3
SIM4
1
21
22
SIM5
SIM1
SIM2
SIM3
SIM4
1
21
22
SIM5
SIM1
SIM2
SIM3
SIM4
1
21
22
SIM5
SIM1
SIM2
SIM3
SIM4
1
21
22
SIM5
SIM1
SIM2
SIM3
SIM4
1
21
22
SIM5
SIM1
SIM2
SIM3
SIM4
1
21
22
SIM5
SIM1
SIM2
SIM3
SIM4
1
21
22
SIM5
SIM1
SIM2
SIM3
SIM4
1
21
22
SIM5
SIM1
SIM2
SIM3
SIM4
1
21
22
SIM5
SIM1
SIM2
SIM3
SIM4
1
21
22
SIM5
SIM1
SIM2
SIM3
SIM4
1
21
22
SIM5
SIM1
SIM2
SIM3
SIM4
1
21
22
SIM5
SIM1
SIM2
SIM3
SIM4
1
21
22
SIM5
SIM1
SIM2
SIM3
SIM4
1
21
22
SIM5
SIM1
SIM2
SIM3
SIM4
1
21
22
SIM5
SIM1
SIM2
SIM3
SIM4
1
21
22
SIM5
SIM1
SIM2
SIM3
SIM4
1
21
22
SIM5
SIM1
SIM2
SIM3
SIM4
1
21
22
SIM5
SIM1
SIM2
SIM3
SIM4
1
21
22
SIM5
SIM1
SIM2
SIM3
SIM4
1
21
22
SIM5
SIM1
SIM2
SIM3
SIM4
1
21
22
SIM5
SIM1
SIM2
SIM3
SIM4
1
21
22
SIM5
SIM1
SIM2
SIM3
SIM4
1
21
22
SIM5
SIM1
SIM2
SIM3
SIM4
1
21
22
SIM5
SIM1
SIM2
SIM3
SIM4
1
21
22
SIM5
SIM1
SIM2
SIM3
SIM4
1
21
22
SIM5
SIM1
SIM2
SIM3
SIM4
1
21
22
SIM5
SIM1
SIM2
SIM3
SIM4
1
21
22
SIM5
SIM1
SIM2
SIM3
SIM4
1
21
22
SIM5
SIM1
SIM2
SIM3
SIM4
1
21
22
SIM5
SIM1
SIM2
SIM3
SIM4
1
21
22
SIM5
SIM1
SIM2
SIM3
SIM4
1
21
22
SIM5
SIM1
SIM2
SIM3
SIM4
1
21
22
SIM5
SIM1
SIM2
SIM3
SIM4
1
21
22
SIM5
SIM1
SIM2
SIM3
SIM4
1
21
22
SIM5
SIM1
SIM2
SIM3
SIM4
1
21
22
SIM5
SIM1
SIM2
SIM3
SIM4
1
21
22
SIM5
SIM1
SIM2
SIM3
SIM4
1
21
22
SIM5
SIM1
SIM2
SIM3
SIM4
1
21
22
SIM5
SIM1
SIM2
SIM3
SIM4
1
21
22
SIM5
SIM1
SIM2
SIM3
SIM4
1
21
22
SIM5
SIM1
SIM2
SIM3
SIM4
1
21
22
SIM5
SIM1
SIM2
SIM3
SIM4
1
21
22
SIM5
SIM1
SIM2
SIM3
SIM4
1
21
22
SIM5
SIM1
SIM2
SIM3
SIM4
1
21
22
SIM5
SIM1
SIM2
SIM3
SIM4
1
21
22
SIM5
SIM1
SIM2
SIM3
SIM4
1
21
22
SIM5
SIM1
SIM2
SIM3
SIM4
1
21
22
SIM5
SIM1
SIM2
SIM3
SIM4
1
21
22
SIM5
SIM1
SIM2
SIM3
SIM4
1
21
22
SIM5
SIM1
SIM2
SIM3
SIM4
1
21
22
SIM5
SIM1
SIM2
SIM3
SIM4
1
21
22
SIM5
SIM1
SIM2
SIM3
SIM4
1
21
22
SIM5
SIM1
SIM2
SIM3
SIM4
1
21
22
SIM5
SIM1
SIM2
SIM3
SIM4
1
21
22
SIM5
SIM1
SIM2
SIM3
SIM4
1
21
22
SIM5
SIM1
SIM2
SIM3
SIM4
1
21
22
SIM5
SIM1
SIM2
SIM3
SIM4
1
21
22
SIM5
SIM1
SIM2
SIM3
SIM4
1
21
22
SIM5
SIM1
SIM2
SIM3
SIM4
1
21
22
SIM5
SIM1
SIM2
DEBUG 1 600
SIM1
SIM2
SIM3
SIM4
1
21
22
SIM5
SIM1
SIM2
SIM3
SIM4
1
21
22
SIM5
SIM1
SIM2
SIM3
SIM4
1
21
22
SIM5
SIM1
SIM2
SIM3
SIM4
1
21
22
SIM5
SIM1
SIM2
SIM3
SIM4
1
21
22
SIM5
SIM1
SIM2
SIM3
SIM4
1
21
22
SIM5
SIM1
SIM2
SIM3
SIM4
1
21
22
SIM5
SIM1
SIM2
SIM3
SIM4
1
21
22
SIM5
SIM1
SIM2
SIM3
SIM4
1
21
22
SIM5
SIM1
SIM2
SIM3
SIM4
1
21
22
SIM5
SIM1
SIM2
SIM3
SIM4
1
21
22
SIM5
SIM1
SIM2
SIM3
SIM4
1
21
22
SIM5
SIM1
SIM2
SIM3
SIM4
1
21
22
SIM5
SIM1
SIM2
SIM3
SIM4
1
21
22
SIM5
SIM1
SIM2
SIM3
SIM4
1
21
22
SIM5
SIM1
SIM2
SIM3
SIM4
1
21
22
SIM5
SIM1
SIM2
SIM3
SIM4
1
21
22
SIM5
SIM1
SIM2
SIM3
SIM4
1
21
22
SIM5
SIM1
SIM2
SIM3
SIM4
1
21
22
SIM5
SIM1
SIM2
SIM3
SIM4
1
21
22
SIM5
SIM1
SIM2
SIM3
SIM4
1
21
22
SIM5
SIM1
SIM2
SIM3
SIM4
1
21
22
SIM5
SIM1
SIM2
SIM3
SIM4
1
21
22
SIM5
SIM1
SIM2
SIM3
SIM4
1
21
22
SIM5
SIM1
SIM2
SIM3
SIM4
1
21
22
SIM5
SIM1
SIM2
SIM3
SIM4
1
21
22
SIM5
SIM1
SIM2
SIM3
SIM4
1
21
22
SIM5
SIM1
SIM2
SIM3
SIM4
1
21
22
SIM5
SIM1
SIM2
SIM3
SIM4
1
21
22
SIM5
SIM1
SIM2
SIM3
SIM4
1
21
22
SIM5
SIM1
SIM2
SIM3
SIM4
1
21
22
SIM5
SIM1
SIM2
SIM3
SIM4
1
21
22
SIM5
SIM1
SIM2
SIM3
SIM4
1
21
22
SIM5
SIM1
SIM2
SIM3
SIM4
1
21
22
SIM5
SIM1
SIM2
SIM3
SIM4
1
21
22
SIM5
SIM1
SIM2
SIM3
SIM4
1
21
22
SIM5
SIM1
SIM2
SIM3
SIM4
1
21
22
SIM5
SIM1
SIM2
SIM3
SIM4
1
21
22
SIM5
SIM1
SIM2
SIM3
SIM4
1
21
22
SIM5
SIM1
SIM2
SIM3
SIM4
1
21
22
SIM5
SIM1
SIM2
SIM3
SIM4
1
21
22
SIM5
SIM1
SIM2
SIM3
SIM4
1
21
22
SIM5
SIM1
SIM2
SIM3
SIM4
1
21
22
SIM5
SIM1
SIM2
SIM3
SIM4
1
21
22
SIM5
SIM1
SIM2
SIM3
SIM4
1
21
22
SIM5
SIM1
SIM2
SIM3
SIM4
1
21
22
SIM5
SIM1
SIM2
SIM3
SIM4
1
21
22
SIM5
SIM1
SIM2
SIM3
SIM4
1
21
22
SIM5
SIM1
SIM2
SIM3
SIM4
1
21
22
SIM5
SIM1
SIM2
SIM3
SIM4
1
21
22
SIM5
SIM1
SIM2
SIM3
SIM4
1
21
22
SIM5
SIM1
SIM2
SIM3
SIM4
1
21
22
SIM5
SIM1
SIM2
SIM3
SIM4
1
21
22
SIM5
SIM1
SIM2
SIM3
SIM4
1
21
22
SIM5
SIM1
SIM2
SIM3
SIM4
1
21
22
SIM5
SIM1
SIM2
SIM3
SIM4
1
21
22
SIM5
SIM1
SIM2
SIM3
SIM4
1
21
22
SIM5
SIM1
SIM2
SIM3
SIM4
1
21
22
SIM5
SIM1
SIM2
SIM3
SIM4
1
21
22
SIM5
SIM1
SIM2
SIM3
SIM4
1
21
22
SIM5
SIM1
SIM2
SIM3
SIM4
1
21
22
SIM5
SIM1
SIM2
SIM3
SIM4
1
21
22
SIM5
SIM1
SIM2
SIM3
SIM4
1
21
22
SIM5
SIM1
SIM2
SIM3
SIM4
1
21
22
SIM5
SIM1
SIM2
SIM3
SIM4
1
21
22
SIM5
SIM1
SIM2
SIM3
SIM4
1
21
22
SIM5
SIM1
SIM2
SIM3
SIM4
1
21
22
SIM5
SIM1
SIM2
SIM3
SIM4
1
21
22
SIM5
SIM1
SIM2
SIM3
SIM4
1
21
22
SIM5
SIM1
SIM2
SIM3
SIM4
1
21
22
SIM5
SIM1
SIM2
SIM3
SIM4
1
21
22
SIM5
SIM1
SIM2
SIM3
SIM4
1
21
22
SIM5
SIM1
SIM2
SIM3
SIM4
1
21
22
SIM5
SIM1
SIM2
SIM3
SIM4
1
21
22
SIM5
SIM1
SIM2
SIM3
SIM4
1
21
22
SIM5
SIM1
SIM2
SIM3
SIM4
1
21
22
SIM5
SIM1
SIM2
SIM3
SIM4
1
21
22
SIM5
SIM1
SIM2
SIM3
SIM4
1
21
22
SIM5
SIM1
SIM2
SIM3
SIM4
1
21
22
SIM5
SIM1
SIM2
SIM3
SIM4
1
21
22
SIM5
SIM1
SIM2
SIM3
SIM4
1
21
22
SIM5
SIM1
SIM2
SIM3
SIM4
1
21
22
SIM5
SIM1
SIM2
SIM3
SIM4
1
21
22
SIM5
SIM1
SIM2
SIM3
SIM4
1
21
22
SIM5
SIM1
SIM2
SIM3
SIM4
1
21
22
SIM5
SIM1
SIM2
SIM3
SIM4
1
21
22
SIM5
SIM1
SIM2
SIM3
SIM4
1
21
22
SIM5
SIM1
SIM2
SIM3
SIM4
1
21
22
SIM5
SIM1
SIM2
SIM3
SIM4
1
21
22
SIM5
SIM1
SIM2
SIM3
SIM4
1
21
22
SIM5
SIM1
SIM2
SIM3
SIM4
1
21
22
SIM5
SIM1
SIM2
SIM3
SIM4
1
21
22
SIM5
SIM1
SIM2
SIM3
SIM4
1
21
22
SIM5
SIM1
SIM2
SIM3
SIM4
1
21
22
SIM5
SIM1
SIM2
SIM3
SIM4
1
21
22
SIM5
SIM1
SIM2
SIM3
SIM4
1
21
22
SIM5
SIM1
SIM2
SIM3
SIM4
1
21
22
SIM5
SIM1
SIM2
SIM3
SIM4
1
21
22
SIM5
SIM1
SIM2
SIM3
SIM4
1
21
22
SIM5
SIM1
SIM2
SIM3
SIM4
1
21
22
SIM5
SIM1
SIM2
SIM3
SIM4
1
21
22
SIM5
SIM1
SIM2
SIM3
SIM4
1
21
22
SIM5
SIM1
SIM2
SIM3
SIM4
1
21
22
SIM5
SIM1
SIM2
SIM3
SIM4
1
21
22
SIM5
SIM1
SIM2
SIM3
SIM4
1
21
22
SIM5
SIM1
SIM2
SIM3
SIM4
1
21
22
SIM5
SIM1
SIM2
SIM3
SIM4
1
21
22
SIM5
SIM1
SIM2
SIM3
SIM4
1
21
22
SIM5
SIM1
SIM2
SIM3
SIM4
1
21
22
SIM5
SIM1
SIM2
SIM3
SIM4
1
21
22
SIM5
SIM1
SIM2
SIM3
SIM4
1
21
22
SIM5
SIM1
SIM2
SIM3
SIM4
1
21
22
SIM5
SIM1
SIM2
SIM3
SIM4
1
21
22
SIM5
SIM1
SIM2
SIM3
SIM4
1
21
22
SIM5
SIM1
SIM2
SIM3
SIM4
1
21
22
SIM5
SIM1
SIM2
SIM3
SIM4
1
21
22
SIM5
SIM1
SIM2
SIM3
SIM4
1
21
22
SIM5
SIM1
SIM2
SIM3
SIM4
1
21
22
SIM5
SIM1
SIM2
SIM3
SIM4
1
21
22
SIM5
SIM1
SIM2
SIM3
SIM4
1
21
22
SIM5
SIM1
SIM2
SIM3
SIM4
1
21
22
SIM5
SIM1
SIM2
SIM3
SIM4
1
21
22
SIM5
SIM1
SIM2
SIM3
SIM4
1
21
22
SIM5
SIM1
SIM2
SIM3
SIM4
1
21
22
SIM5
SIM1
SIM2
SIM3
SIM4
1
21
22
SIM5
SIM1
SIM2
SIM3
SIM4
1
21
22
SIM5
SIM1
SIM2
SIM3
SIM4
1
21
22
SIM5
SIM1
SIM2
SIM3
SIM4
1
21
22
SIM5
SIM1
SIM2
SIM3
SIM4
1
21
22
SIM5
SIM1
SIM2
SIM3
SIM4
1
21
22
SIM5
SIM1
SIM2
SIM3
SIM4
1
21
22
SIM5
SIM1
SIM2
SIM3
SIM4
1
21
22
SIM5
SIM1
SIM2
SIM3
SIM4
1
21
22
SIM5
SIM1
SIM2
SIM3
SIM4
1
21
22
SIM5
SIM1
SIM2
SIM3
SIM4
1
21
22
SIM5
SIM1
SIM2
SIM3
SIM4
1
21
22
SIM5
SIM1
SIM2
SIM3
SIM4
1
21
22
SIM5
SIM1
SIM2
SIM3
SIM4
1
21
22
SIM5
SIM1
SIM2
SIM3
SIM4
1
21
22
SIM5
SIM1
SIM2
SIM3
SIM4
1
21
22
SIM5
SIM1
SIM2
SIM3
SIM4
1
21
22
SIM5
SIM1
SIM2
SIM3
SIM4
1
21
22
SIM5
SIM1
SIM2
SIM3
SIM4
1
21
22
SIM5
SIM1
SIM2
SIM3
SIM4
1
21
22
SIM5
SIM1
SIM2
SIM3
SIM4
1
21
22
SIM5
SIM1
SIM2
SIM3
SIM4
1
21
22
SIM5
SIM1
SIM2
SIM3
SIM4
1
21
22
SIM5
SIM1
SIM2
SIM3
SIM4
1
21
22
SIM5
SIM1
SIM2
SIM3
SIM4
1
21
22
SIM5
SIM1
SIM2
SIM3
SIM4
1
21
22
SIM5
SIM1
SIM2
SIM3
SIM4
1
21
22
SIM5
SIM1
SIM2
SIM3
SIM4
1
21
22
SIM5
SIM1
SIM2
SIM3
SIM4
1
21
22
SIM5
SIM1
SIM2
SIM3
SIM4
1
21
22
SIM5
SIM1
SIM2
SIM3
SIM4
1
21
22
SIM5
SIM1
SIM2
SIM3
SIM4
1
21
22
SIM5
SIM1
SIM2
SIM3
SIM4
1
21
22
SIM5
SIM1
SIM2
SIM3
SIM4
1
21
22
SIM5
SIM1
SIM2
SIM3
SIM4
1
21
22
SIM5
SIM1
SIM2
SIM3
SIM4
1
21
22
SIM5
SIM1
SIM2
SIM3
SIM4
1
21
22
SIM5
SIM1
SIM2
DEBUG 1 601
SIM1
SIM2
SIM3
SIM4
1
21
22
SIM5
SIM1
SIM2
SIM3
SIM4
1
21
22
SIM5
SIM1
SIM2
SIM3
SIM4
1
21
22
SIM5
SIM1
SIM2
SIM3
SIM4
1
21
22
SIM5
SIM1
SIM2
SIM3
SIM4
1
21
22
SIM5
SIM1
SIM2
SIM3
SIM4
1
21
22
SIM5
SIM1
SIM2
SIM3
SIM4
1
21
22
SIM5
SIM1
SIM2
SIM3
SIM4
1
21
22
SIM5
SIM1
SIM2
SIM3
SIM4
1
21
22
SIM5
SIM1
SIM2
SIM3
SIM4
1
21
22
SIM5
SIM1
SIM2
SIM3
SIM4
1
21
22
SIM5
SIM1
SIM2
SIM3
SIM4
1
21
22
SIM5
SIM1
SIM2
SIM3
SIM4
1
21
22
SIM5
SIM1
SIM2
SIM3
SIM4
1
21
22
SIM5
SIM1
SIM2
SIM3
SIM4
1
21
22
SIM5
SIM1
SIM2
SIM3
SIM4
1
21
22
SIM5
SIM1
SIM2
SIM3
SIM4
1
21
22
SIM5
SIM1
SIM2
SIM3
SIM4
1
21
22
SIM5
SIM1
SIM2
SIM3
SIM4
1
21
22
SIM5
SIM1
SIM2
SIM3
SIM4
1
21
22
SIM5
SIM1
SIM2
SIM3
SIM4
1
21
22
SIM5
SIM1
SIM2
SIM3
SIM4
1
21
22
SIM5
SIM1
SIM2
SIM3
SIM4
1
21
22
SIM5
SIM1
SIM2
SIM3
SIM4
1
21
22
SIM5
SIM1
SIM2
SIM3
SIM4
1
21
22
SIM5
SIM1
SIM2
SIM3
SIM4
1
21
22
SIM5
SIM1
SIM2
SIM3
SIM4
1
21
22
SIM5
SIM1
SIM2
SIM3
SIM4
1
21
22
SIM5
SIM1
SIM2
SIM3
SIM4
1
21
22
SIM5
SIM1
SIM2
SIM3
SIM4
1
21
22
SIM5
SIM1
SIM2
SIM3
SIM4
1
21
22
SIM5
SIM1
SIM2
SIM3
SIM4
1
21
22
SIM5
SIM1
SIM2
SIM3
SIM4
1
21
22
SIM5
SIM1
SIM2
SIM3
SIM4
1
21
22
SIM5
SIM1
SIM2
SIM3
SIM4
1
21
22
SIM5
SIM1
SIM2
SIM3
SIM4
1
21
22
SIM5
SIM1
SIM2
SIM3
SIM4
1
21
22
SIM5
SIM1
SIM2
SIM3
SIM4
1
21
22
SIM5
SIM1
SIM2
SIM3
SIM4
1
21
22
SIM5
SIM1
SIM2
SIM3
SIM4
1
21
22
SIM5
SIM1
SIM2
SIM3
SIM4
1
21
22
SIM5
SIM1
SIM2
SIM3
SIM4
1
21
22
SIM5
SIM1
SIM2
SIM3
SIM4
1
21
22
SIM5
SIM1
SIM2
SIM3
SIM4
1
21
22
SIM5
SIM1
SIM2
SIM3
SIM4
1
21
22
SIM5
SIM1
SIM2
SIM3
SIM4
1
21
22
SIM5
SIM1
SIM2
SIM3
SIM4
1
21
22
SIM5
SIM1
SIM2
SIM3
SIM4
1
21
22
SIM5
SIM1
SIM2
SIM3
SIM4
1
21
22
SIM5
SIM1
SIM2
SIM3
SIM4
1
21
22
SIM5
SIM1
SIM2
SIM3
SIM4
1
21
22
SIM5
SIM1
SIM2
SIM3
SIM4
1
21
22
SIM5
SIM1
SIM2
SIM3
SIM4
1
21
22
SIM5
SIM1
SIM2
SIM3
SIM4
1
21
22
SIM5
SIM1
SIM2
SIM3
SIM4
1
21
22
SIM5
SIM1
SIM2
SIM3
SIM4
1
21
22
SIM5
SIM1
SIM2
SIM3
SIM4
1
21
22
SIM5
SIM1
SIM2
SIM3
SIM4
1
21
22
SIM5
SIM1
SIM2
SIM3
SIM4
1
21
22
SIM5
SIM1
SIM2
SIM3
SIM4
1
21
22
SIM5
SIM1
SIM2
SIM3
SIM4
1
21
22
SIM5
SIM1
SIM2
SIM3
SIM4
1
21
22
SIM5
SIM1
SIM2
SIM3
SIM4
1
21
22
SIM5
SIM1
SIM2
SIM3
SIM4
1
21
22
SIM5
SIM1
SIM2
SIM3
SIM4
1
21
22
SIM5
SIM1
SIM2
SIM3
SIM4
1
21
22
SIM5
SIM1
SIM2
SIM3
SIM4
1
21
22
SIM5
SIM1
SIM2
SIM3
SIM4
1
21
22
SIM5
SIM1
SIM2
SIM3
SIM4
1
21
22
SIM5
SIM1
SIM2
SIM3
SIM4
1
21
22
SIM5
SIM1
SIM2
SIM3
SIM4
1
21
22
SIM5
SIM1
SIM2
SIM3
SIM4
1
21
22
SIM5
SIM1
SIM2
SIM3
SIM4
1
21
22
SIM5
SIM1
SIM2
SIM3
SIM4
1
21
22
SIM5
SIM1
SIM2
SIM3
SIM4
1
21
22
SIM5
SIM1
SIM2
SIM3
SIM4
1
21
22
SIM5
SIM1
SIM2
SIM3
SIM4
1
21
22
SIM5
SIM1
SIM2
SIM3
SIM4
1
21
22
SIM5
SIM1
SIM2
SIM3
SIM4
1
21
22
SIM5
SIM1
SIM2
SIM3
SIM4
1
21
22
SIM5
SIM1
SIM2
SIM3
SIM4
1
21
22
SIM5
SIM1
SIM2
SIM3
SIM4
1
21
22
SIM5
SIM1
SIM2
SIM3
SIM4
1
21
22
SIM5
SIM1
SIM2
SIM3
SIM4
1
21
22
SIM5
SIM1
SIM2
SIM3
SIM4
1
21
22
SIM5
SIM1
SIM2
SIM3
SIM4
1
21
22
SIM5
SIM1
SIM2
SIM3
SIM4
1
21
22
SIM5
SIM1
SIM2
SIM3
SIM4
1
21
22
SIM5
SIM1
SIM2
SIM3
SIM4
1
21
22
SIM5
SIM1
SIM2
SIM3
SIM4
1
21
22
SIM5
SIM1
SIM2
SIM3
SIM4
1
21
22
SIM5
SIM1
SIM2
SIM3
SIM4
1
21
22
SIM5
SIM1
SIM2
SIM3
SIM4
1
21
22
SIM5
SIM1
SIM2
SIM3
SIM4
1
21
22
SIM5
SIM1
SIM2
SIM3
SIM4
1
21
22
SIM5
SIM1
SIM2
SIM3
SIM4
1
21
22
SIM5
SIM1
SIM2
SIM3
SIM4
1
21
22
SIM5
SIM1
SIM2
SIM3
SIM4
1
21
22
SIM5
SIM1
SIM2
SIM3
SIM4
1
21
22
SIM5
SIM1
SIM2
SIM3
SIM4
1
21
22
SIM5
SIM1
SIM2
SIM3
SIM4
1
21
22
SIM5
SIM1
SIM2
SIM3
SIM4
1
21
22
SIM5
SIM1
SIM2
SIM3
SIM4
1
21
22
SIM5
SIM1
SIM2
SIM3
SIM4
1
21
22
SIM5
SIM1
SIM2
SIM3
SIM4
1
21
22
SIM5
SIM1
SIM2
SIM3
SIM4
1
21
22
SIM5
SIM1
SIM2
SIM3
SIM4
1
21
22
SIM5
SIM1
SIM2
SIM3
SIM4
1
21
22
SIM5
SIM1
SIM2
SIM3
SIM4
1
21
22
SIM5
SIM1
SIM2
SIM3
SIM4
1
21
22
SIM5
SIM1
SIM2
SIM3
SIM4
1
21
22
SIM5
SIM1
SIM2
SIM3
SIM4
1
21
22
SIM5
SIM1
SIM2
SIM3
SIM4
1
21
22
SIM5
SIM1
SIM2
SIM3
SIM4
1
21
22
SIM5
SIM1
SIM2
SIM3
SIM4
1
21
22
SIM5
SIM1
SIM2
SIM3
SIM4
1
21
22
SIM5
SIM1
SIM2
SIM3
SIM4
1
21
22
SIM5
SIM1
SIM2
SIM3
SIM4
1
21
22
SIM5
SIM1
SIM2
SIM3
SIM4
1
21
22
SIM5
SIM1
SIM2
SIM3
SIM4
1
21
22
SIM5
SIM1
SIM2
SIM3
SIM4
1
21
22
SIM5
SIM1
SIM2
SIM3
SIM4
1
21
22
SIM5
SIM1
SIM2
SIM3
SIM4
1
21
22
SIM5
SIM1
SIM2
SIM3
SIM4
1
21
22
SIM5
SIM1
SIM2
SIM3
SIM4
1
21
22
SIM5
SIM1
SIM2
SIM3
SIM4
1
21
22
SIM5
SIM1
SIM2
SIM3
SIM4
1
21
22
SIM5
SIM1
SIM2
SIM3
SIM4
1
21
22
SIM5
SIM1
SIM2
SIM3
SIM4
1
21
22
SIM5
SIM1
SIM2
SIM3
SIM4
1
21
22
SIM5
SIM1
SIM2
SIM3
SIM4
1
21
22
SIM5
SIM1
SIM2
SIM3
SIM4
1
21
22
SIM5
SIM1
SIM2
SIM3
SIM4
1
21
22
SIM5
SIM1
SIM2
SIM3
SIM4
1
21
22
SIM5
SIM1
SIM2
SIM3
SIM4
1
21
22
SIM5
SIM1
SIM2
SIM3
SIM4
1
21
22
SIM5
SIM1
SIM2
SIM3
SIM4
1
21
22
SIM5
SIM1
SIM2
SIM3
SIM4
1
21
22
SIM5
SIM1
SIM2
SIM3
SIM4
1
21
22
SIM5
SIM1
SIM2
SIM3
SIM4
1
21
22
SIM5
SIM1
SIM2
SIM3
SIM4
1
21
22
SIM5
SIM1
SIM2
SIM3
SIM4
1
21
22
SIM5
SIM1
SIM2
SIM3
SIM4
1
21
22
SIM5
SIM1
SIM2
SIM3
SIM4
1
21
22
SIM5
SIM1
SIM2
SIM3
SIM4
1
21
22
SIM5
SIM1
SIM2
SIM3
SIM4
1
21
22
SIM5
SIM1
SIM2
SIM3
SIM4
1
21
22
SIM5
SIM1
SIM2
SIM3
SIM4
1
21
22
SIM5
SIM1
SIM2
SIM3
SIM4
1
21
22
SIM5
SIM1
SIM2
SIM3
SIM4
1
21
22
SIM5
SIM1
SIM2
SIM3
SIM4
1
21
22
SIM5
SIM1
SIM2
SIM3
SIM4
1
21
22
SIM5
SIM1
SIM2
SIM3
SIM4
1
21
22
SIM5
SIM1
SIM2
SIM3
SIM4
1
21
22
SIM5
SIM1
SIM2
SIM3
SIM4
1
21
22
SIM5
SIM1
SIM2
SIM3
SIM4
1
21
22
SIM5
SIM1
SIM2
SIM3
SIM4
1
21
22
SIM5
SIM1
SIM2
SIM3
SIM4
1
21
22
SIM5
SIM1
SIM2
SIM3
SIM4
1
21
22
SIM5
SIM1
SIM2
SIM3
SIM4
1
21
22
SIM5
SIM1
SIM2
SIM3
SIM4
1
21
22
SIM5
SIM1
SIM2
SIM3
SIM4
1
21
22
SIM5
SIM1
SIM2
SIM3
SIM4
1
21
22
SIM5
SIM1
SIM2
SIM3
SIM4
1
21
22
SIM5
SIM1
SIM2
SIM3
SIM4
1
21
22
SIM5
SIM1
SIM2
SIM3
SIM4
1
21
22
SIM5
SIM1
SIM2
SIM3
SIM4
1
21
22
SIM5
SIM1
SIM2
SIM3
SIM4
1
21
22
SIM5
SIM1
SIM2
SIM3
SIM4
1
21
22
SIM5
SIM1
SIM2
SIM3
SIM4
1
21
22
SIM5
SIM1
SIM2
SIM3
SIM4
1
21
22
SIM5
SIM1
SIM2
SIM3
SIM4
1
21
22
SIM5
SIM1
SIM2
SIM3
SIM4
1
21
22
SIM5
SIM1
SIM2
SIM3
SIM4
1
21
22
SIM5
SIM1
SIM2
SIM3
SIM4
1
21
22
SIM5
SIM1
SIM2
SIM3
SIM4
1
21
22
SIM5
SIM1
SIM2
SIM3
SIM4
1
21
22
SIM5
SIM1
SIM2
SIM3
SIM4
1
21
22
SIM5
SIM1
SIM2
SIM3
SIM4
1
21
22
SIM5
SIM1
SIM2
SIM3
SIM4
1
21
22
SIM5
SIM1
SIM2
SIM3
SIM4
1
21
22
SIM5
SIM1
SIM2
SIM3
SIM4
1
21
22
SIM5
SIM1
SIM2
SIM3
SIM4
1
21
22
SIM5
SIM1
SIM2
SIM3
SIM4
1
21
22
SIM5
SIM1
SIM2
SIM3
SIM4
1
21
22
SIM5
SIM1
SIM2
SIM3
SIM4
1
21
22
SIM5
SIM1
SIM2
SIM3
SIM4
1
21
22
SIM5
SIM1
SIM2
SIM3
SIM4
1
21
22
SIM5
SIM1
SIM2
SIM3
SIM4
1
21
22
SIM5
SIM1
SIM2
SIM3
SIM4
1
21
22
SIM5
SIM1
SIM2
SIM3
SIM4
1
21
22
SIM5
SIM1
SIM2
SIM3
SIM4
1
21
22
SIM5
SIM1
SIM2
SIM3
SIM4
1
21
22
SIM5
SIM1
SIM2
SIM3
SIM4
1
21
22
SIM5
SIM1
SIM2
SIM3
SIM4
1
21
22
SIM5
SIM1
SIM2
SIM3
SIM4
1
21
22
SIM5
SIM1
SIM2
DEBUG 1 602
SIM1
SIM2
SIM3
SIM4
1
21
22
SIM5
SIM1
SIM2
SIM3
SIM4
1
21
22
SIM5
SIM1
SIM2
SIM3
SIM4
1
21
22
SIM5
SIM1
SIM2
SIM3
SIM4
1
21
22
SIM5
SIM1
SIM2
SIM3
SIM4
1
21
22
SIM5
SIM1
SIM2
SIM3
SIM4
1
21
22
SIM5
SIM1
SIM2
SIM3
SIM4
1
21
22
SIM5
SIM1
SIM2
SIM3
SIM4
1
21
22
SIM5
SIM1
SIM2
SIM3
SIM4
1
21
22
SIM5
SIM1
SIM2
SIM3
SIM4
1
21
22
SIM5
SIM1
SIM2
SIM3
SIM4
1
21
22
SIM5
SIM1
SIM2
SIM3
SIM4
1
21
22
SIM5
SIM1
SIM2
SIM3
SIM4
1
21
22
SIM5
SIM1
SIM2
SIM3
SIM4
1
21
22
SIM5
SIM1
SIM2
SIM3
SIM4
1
21
22
SIM5
SIM1
SIM2
SIM3
SIM4
1
21
22
SIM5
SIM1
SIM2
SIM3
SIM4
1
21
22
SIM5
SIM1
SIM2
SIM3
SIM4
1
21
22
SIM5
SIM1
SIM2
SIM3
SIM4
1
21
22
SIM5
SIM1
SIM2
SIM3
SIM4
1
21
22
SIM5
SIM1
SIM2
SIM3
SIM4
1
21
22
SIM5
SIM1
SIM2
SIM3
SIM4
1
21
22
SIM5
SIM1
SIM2
SIM3
SIM4
1
21
22
SIM5
SIM1
SIM2
SIM3
SIM4
1
21
22
SIM5
SIM1
SIM2
SIM3
SIM4
1
21
22
SIM5
SIM1
SIM2
SIM3
SIM4
1
21
22
SIM5
SIM1
SIM2
SIM3
SIM4
1
21
22
SIM5
SIM1
SIM2
SIM3
SIM4
1
21
22
SIM5
SIM1
SIM2
SIM3
SIM4
1
21
22
SIM5
SIM1
SIM2
SIM3
SIM4
1
21
22
SIM5
SIM1
SIM2
SIM3
SIM4
1
21
22
SIM5
SIM1
SIM2
SIM3
SIM4
1
21
22
SIM5
SIM1
SIM2
SIM3
SIM4
1
21
22
SIM5
SIM1
SIM2
SIM3
SIM4
1
21
22
SIM5
SIM1
SIM2
SIM3
SIM4
1
21
22
SIM5
SIM1
SIM2
SIM3
SIM4
1
21
22
SIM5
SIM1
SIM2
SIM3
SIM4
1
21
22
SIM5
SIM1
SIM2
SIM3
SIM4
1
21
22
SIM5
SIM1
SIM2
SIM3
SIM4
1
21
22
SIM5
SIM1
SIM2
SIM3
SIM4
1
21
22
SIM5
SIM1
SIM2
SIM3
SIM4
1
21
22
SIM5
SIM1
SIM2
SIM3
SIM4
1
21
22
SIM5
SIM1
SIM2
SIM3
SIM4
1
21
22
SIM5
SIM1
SIM2
SIM3
SIM4
1
21
22
SIM5
SIM1
SIM2
SIM3
SIM4
1
21
22
SIM5
SIM1
SIM2
SIM3
SIM4
1
21
22
SIM5
SIM1
SIM2
SIM3
SIM4
1
21
22
SIM5
SIM1
SIM2
SIM3
SIM4
1
21
22
SIM5
SIM1
SIM2
SIM3
SIM4
1
21
22
SIM5
SIM1
SIM2
SIM3
SIM4
1
21
22
SIM5
SIM1
SIM2
SIM3
SIM4
1
21
22
SIM5
SIM1
SIM2
SIM3
SIM4
1
21
22
SIM5
SIM1
SIM2
SIM3
SIM4
1
21
22
SIM5
SIM1
SIM2
SIM3
SIM4
1
21
22
SIM5
SIM1
SIM2
SIM3
SIM4
1
21
22
SIM5
SIM1
SIM2
SIM3
SIM4
1
21
22
SIM5
SIM1
SIM2
SIM3
SIM4
1
21
22
SIM5
SIM1
SIM2
SIM3
SIM4
1
21
22
SIM5
SIM1
SIM2
SIM3
SIM4
1
21
22
SIM5
SIM1
SIM2
SIM3
SIM4
1
21
22
SIM5
SIM1
SIM2
SIM3
SIM4
1
21
22
SIM5
SIM1
SIM2
SIM3
SIM4
1
21
22
SIM5
SIM1
SIM2
SIM3
SIM4
1
21
22
SIM5
SIM1
SIM2
SIM3
SIM4
1
21
22
SIM5
SIM1
SIM2
SIM3
SIM4
1
21
22
SIM5
SIM1
SIM2
SIM3
SIM4
1
21
22
SIM5
SIM1
SIM2
SIM3
SIM4
1
21
22
SIM5
SIM1
SIM2
SIM3
SIM4
1
21
22
SIM5
SIM1
SIM2
SIM3
SIM4
1
21
22
SIM5
SIM1
SIM2
SIM3
SIM4
1
21
22
SIM5
SIM1
SIM2
SIM3
SIM4
1
21
22
SIM5
SIM1
SIM2
SIM3
SIM4
1
21
22
SIM5
SIM1
SIM2
SIM3
SIM4
1
21
22
SIM5
SIM1
SIM2
SIM3
SIM4
1
21
22
SIM5
SIM1
SIM2
SIM3
SIM4
1
21
22
SIM5
SIM1
SIM2
SIM3
SIM4
1
21
22
SIM5
SIM1
SIM2
SIM3
SIM4
1
21
22
SIM5
SIM1
SIM2
SIM3
SIM4
1
21
22
SIM5
SIM1
SIM2
SIM3
SIM4
1
21
22
SIM5
SIM1
SIM2
SIM3
SIM4
1
21
22
SIM5
SIM1
SIM2
SIM3
SIM4
1
21
22
SIM5
SIM1
SIM2
SIM3
SIM4
1
21
22
SIM5
SIM1
SIM2
SIM3
SIM4
1
21
22
SIM5
SIM1
SIM2
SIM3
SIM4
1
21
22
SIM5
SIM1
SIM2
SIM3
SIM4
1
21
22
SIM5
SIM1
SIM2
SIM3
SIM4
1
21
22
SIM5
SIM1
SIM2
SIM3
SIM4
1
21
22
SIM5
SIM1
SIM2
SIM3
SIM4
1
21
22
SIM5
SIM1
SIM2
SIM3
SIM4
1
21
22
SIM5
SIM1
SIM2
SIM3
SIM4
1
21
22
SIM5
SIM1
SIM2
SIM3
SIM4
1
21
22
SIM5
SIM1
SIM2
SIM3
SIM4
1
21
22
SIM5
SIM1
SIM2
SIM3
SIM4
1
21
22
SIM5
SIM1
SIM2
SIM3
SIM4
1
21
22
SIM5
SIM1
SIM2
SIM3
SIM4
1
21
22
SIM5
SIM1
SIM2
SIM3
SIM4
1
21
22
SIM5
SIM1
SIM2
SIM3
SIM4
1
21
22
SIM5
SIM1
SIM2
SIM3
SIM4
1
21
22
SIM5
SIM1
SIM2
SIM3
SIM4
1
21
22
SIM5
SIM1
SIM2
SIM3
SIM4
1
21
22
SIM5
SIM1
SIM2
SIM3
SIM4
1
21
22
SIM5
SIM1
SIM2
SIM3
SIM4
1
21
22
SIM5
SIM1
SIM2
SIM3
SIM4
1
21
22
SIM5
SIM1
SIM2
SIM3
SIM4
1
21
22
SIM5
SIM1
SIM2
SIM3
SIM4
1
21
22
SIM5
SIM1
SIM2
SIM3
SIM4
1
21
22
SIM5
SIM1
SIM2
SIM3
SIM4
1
21
22
SIM5
SIM1
SIM2
SIM3
SIM4
1
21
22
SIM5
SIM1
SIM2
SIM3
SIM4
1
21
22
SIM5
SIM1
SIM2
SIM3
SIM4
1
21
22
SIM5
SIM1
SIM2
SIM3
SIM4
1
21
22
SIM5
SIM1
SIM2
SIM3
SIM4
1
21
22
SIM5
SIM1
SIM2
SIM3
SIM4
1
21
22
SIM5
SIM1
SIM2
SIM3
SIM4
1
21
22
SIM5
SIM1
SIM2
SIM3
SIM4
1
21
22
SIM5
SIM1
SIM2
SIM3
SIM4
1
21
22
SIM5
SIM1
SIM2
SIM3
SIM4
1
21
22
SIM5
SIM1
SIM2
SIM3
SIM4
1
21
22
SIM5
SIM1
SIM2
SIM3
SIM4
1
21
22
SIM5
SIM1
SIM2
SIM3
SIM4
1
21
22
SIM5
SIM1
SIM2
SIM3
SIM4
1
21
22
SIM5
SIM1
SIM2
SIM3
SIM4
1
21
22
SIM5
SIM1
SIM2
SIM3
SIM4
1
21
22
SIM5
SIM1
SIM2
SIM3
SIM4
1
21
22
SIM5
SIM1
SIM2
SIM3
SIM4
1
21
22
SIM5
SIM1
SIM2
SIM3
SIM4
1
21
22
SIM5
SIM1
SIM2
SIM3
SIM4
1
21
22
SIM5
SIM1
SIM2
SIM3
SIM4
1
21
22
SIM5
SIM1
SIM2
SIM3
SIM4
1
21
22
SIM5
SIM1
SIM2
SIM3
SIM4
1
21
22
SIM5
SIM1
SIM2
SIM3
SIM4
1
21
22
SIM5
SIM1
SIM2
SIM3
SIM4
1
21
22
SIM5
SIM1
SIM2
SIM3
SIM4
1
21
22
SIM5
SIM1
SIM2
SIM3
SIM4
1
21
22
SIM5
SIM1
SIM2
SIM3
SIM4
1
21
22
SIM5
SIM1
SIM2
SIM3
SIM4
1
21
22
SIM5
SIM1
SIM2
SIM3
SIM4
1
21
22
SIM5
SIM1
SIM2
SIM3
SIM4
1
21
22
SIM5
SIM1
SIM2
SIM3
SIM4
1
21
22
SIM5
SIM1
SIM2
SIM3
SIM4
1
21
22
SIM5
SIM1
SIM2
SIM3
SIM4
1
21
22
SIM5
SIM1
SIM2
SIM3
SIM4
1
21
22
SIM5
SIM1
SIM2
SIM3
SIM4
1
21
22
SIM5
SIM1
SIM2
SIM3
SIM4
1
21
22
SIM5
SIM1
SIM2
SIM3
SIM4
1
21
22
SIM5
SIM1
SIM2
SIM3
SIM4
1
21
22
SIM5
SIM1
SIM2
SIM3
SIM4
1
21
22
SIM5
SIM1
SIM2
SIM3
SIM4
1
21
22
SIM5
SIM1
SIM2
SIM3
SIM4
1
21
22
SIM5
SIM1
SIM2
SIM3
SIM4
1
21
22
SIM5
SIM1
SIM2
SIM3
SIM4
1
21
22
SIM5
SIM1
SIM2
SIM3
SIM4
1
21
22
SIM5
SIM1
SIM2
SIM3
SIM4
1
21
22
SIM5
SIM1
SIM2
SIM3
SIM4
1
21
22
SIM5
SIM1
SIM2
SIM3
SIM4
1
21
22
SIM5
SIM1
SIM2
SIM3
SIM4
1
21
22
SIM5
SIM1
SIM2
SIM3
SIM4
1
21
22
SIM5
SIM1
SIM2
SIM3
SIM4
1
21
22
SIM5
SIM1
SIM2
SIM3
SIM4
1
21
22
SIM5
SIM1
SIM2
SIM3
SIM4
1
21
22
SIM5
SIM1
SIM2
SIM3
SIM4
1
21
22
SIM5
SIM1
SIM2
SIM3
SIM4
1
21
22
SIM5
SIM1
SIM2
SIM3
SIM4
1
21
22
SIM5
SIM1
SIM2
SIM3
SIM4
1
21
22
SIM5
SIM1
SIM2
SIM3
SIM4
1
21
22
SIM5
SIM1
SIM2
SIM3
SIM4
1
21
22
SIM5
SIM1
SIM2
SIM3
SIM4
1
21
22
SIM5
SIM1
SIM2
SIM3
SIM4
1
21
22
SIM5
SIM1
SIM2
SIM3
SIM4
1
21
22
SIM5
SIM1
SIM2
SIM3
SIM4
1
21
22
SIM5
SIM1
SIM2
SIM3
SIM4
1
21
22
SIM5
SIM1
SIM2
SIM3
SIM4
1
21
22
SIM5
SIM1
SIM2
SIM3
SIM4
1
21
22
SIM5
SIM1
SIM2
SIM3
SIM4
1
21
22
SIM5
SIM1
SIM2
SIM3
SIM4
1
21
22
SIM5
SIM1
SIM2
SIM3
SIM4
1
21
22
SIM5
SIM1
SIM2
SIM3
SIM4
1
21
22
SIM5
SIM1
SIM2
SIM3
SIM4
1
21
22
SIM5
SIM1
SIM2
SIM3
SIM4
1
21
22
SIM5
SIM1
SIM2
SIM3
SIM4
1
21
22
SIM5
SIM1
SIM2
SIM3
SIM4
1
21
22
SIM5
SIM1
SIM2
SIM3
SIM4
1
21
22
SIM5
SIM1
SIM2
SIM3
SIM4
1
21
22
SIM5
SIM1
SIM2
SIM3
SIM4
1
21
22
SIM5
SIM1
SIM2
SIM3
SIM4
1
21
22
SIM5
SIM1
SIM2
SIM3
SIM4
1
21
22
SIM5
SIM1
SIM2
SIM3
SIM4
1
21
22
SIM5
SIM1
SIM2
SIM3
SIM4
1
21
22
SIM5
SIM1
SIM2
SIM3
SIM4
1
21
22
SIM5
SIM1
SIM2
SIM3
SIM4
1
21
22
SIM5
SIM1
SIM2
SIM3
SIM4
1
21
22
SIM5
SIM1
SIM2
SIM3
SIM4
1
21
22
SIM5
SIM1
SIM2
SIM3
SIM4
1
21
22
SIM5
SIM1
SIM2
SIM3
SIM4
1
21
22
SIM5
SIM1
SIM2
SIM3
SIM4
1
21
22
SIM5
SIM1
SIM2
SIM3
SIM4
1
21
22
SIM5
SIM1
SIM2
SIM3
SIM4
1
21
22
SIM5
SIM1
SIM2
SIM3
SIM4
1
21
22
SIM5
SIM1
SIM2
SIM3
SIM4
1
21
22
SIM5
SIM1
SIM2
SIM3
SIM4
1
21
22
SIM5
SIM1
SIM2
SIM3
SIM4
1
21
22
SIM5
SIM1
SIM2
SIM3
SIM4
1
21
22
SIM5
SIM1
SIM2
SIM3
SIM4
1
21
22
SIM5
SIM1
SIM2
SIM3
SIM4
1
21
22
SIM5
SIM1
SIM2
SIM3
SIM4
1
21
22
SIM5
SIM1
SIM2
SIM3
SIM4
1
21
22
SIM5
SIM1
SIM2
SIM3
SIM4
1
21
22
SIM5
SIM1
SIM2
SIM3
SIM4
1
21
22
SIM5
SIM1
SIM2
SIM3
SIM4
1
21
22
SIM5
SIM1
SIM2
SIM3
SIM4
1
21
22
SIM5
SIM1
SIM2
SIM3
SIM4
1
21
22
SIM5
SIM1
SIM2
SIM3
SIM4
1
21
22
SIM5
SIM1
SIM2
SIM3
SIM4
1
21
22
SIM5
SIM1
SIM2
SIM3
SIM4
1
21
22
SIM5
SIM1
SIM2
SIM3
SIM4
1
21
22
SIM5
SIM1
SIM2
SIM3
SIM4
1
21
22
SIM5
SIM1
SIM2
SIM3
SIM4
1
21
22
SIM5
SIM1
SIM2
SIM3
SIM4
1
21
22
SIM5
SIM1
SIM2
SIM3
SIM4
1
21
22
SIM5
SIM1
SIM2
SIM3
SIM4
1
21
22
SIM5
SIM1
SIM2
SIM3
SIM4
1
21
22
SIM5
SIM1
SIM2
SIM3
SIM4
1
21
22
SIM5
SIM1
SIM2
SIM3
SIM4
1
21
22
SIM5
SIM1
SIM2
SIM3
SIM4
1
21
22
SIM5
SIM1
SIM2
SIM3
SIM4
1
21
22
SIM5
SIM1
SIM2
SIM3
SIM4
1
21
22
SIM5
SIM1
SIM2
SIM3
SIM4
1
21
22
SIM5
SIM1
SIM2
SIM3
SIM4
1
21
22
SIM5
SIM1
SIM2
SIM3
SIM4
1
21
22
SIM5
SIM1
SIM2
SIM3
SIM4
1
21
22
SIM5
SIM1
SIM2
SIM3
SIM4
1
21
22
SIM5
SIM1
SIM2
SIM3
SIM4
1
21
22
SIM5
SIM1
SIM2
SIM3
SIM4
1
21
22
SIM5
SIM1
SIM2
SIM3
SIM4
1
21
22
SIM5
SIM1
SIM2
SIM3
SIM4
1
21
22
SIM5
SIM1
SIM2
SIM3
SIM4
1
21
22
SIM5
SIM1
SIM2
SIM3
SIM4
1
21
22
SIM5
SIM1
SIM2
SIM3
SIM4
1
21
22
SIM5
SIM1
SIM2
SIM3
SIM4
1
21
22
SIM5
SIM1
SIM2
SIM3
SIM4
1
21
22
SIM5
SIM1
SIM2
SIM3
SIM4
1
21
22
SIM5
SIM1
SIM2
DEBUG 1 603
SIM1
SIM2
SIM3
SIM4
1
21
22
SIM5
SIM1
SIM2
SIM3
SIM4
1
21
22
SIM5
SIM1
SIM2
SIM3
SIM4
1
21
22
SIM5
SIM1
SIM2
SIM3
SIM4
1
21
22
SIM5
SIM1
SIM2
SIM3
SIM4
1
21
22
SIM5
SIM1
SIM2
SIM3
SIM4
1
21
22
SIM5
SIM1
SIM2
SIM3
SIM4
1
21
22
SIM5
SIM1
SIM2
SIM3
SIM4
1
21
22
SIM5
SIM1
SIM2
SIM3
SIM4
1
21
22
SIM5
SIM1
SIM2
SIM3
SIM4
1
21
22
SIM5
SIM1
SIM2
SIM3
SIM4
1
21
22
SIM5
SIM1
SIM2
SIM3
SIM4
1
21
22
SIM5
SIM1
SIM2
SIM3
SIM4
1
21
22
SIM5
SIM1
SIM2
SIM3
SIM4
1
21
22
SIM5
SIM1
SIM2
SIM3
SIM4
1
21
22
SIM5
SIM1
SIM2
SIM3
SIM4
1
21
22
SIM5
SIM1
SIM2
SIM3
SIM4
1
21
22
SIM5
SIM1
SIM2
SIM3
SIM4
1
21
22
SIM5
SIM1
SIM2
SIM3
SIM4
1
21
22
SIM5
SIM1
SIM2
SIM3
SIM4
1
21
22
SIM5
SIM1
SIM2
SIM3
SIM4
1
21
22
SIM5
SIM1
SIM2
SIM3
SIM4
1
21
22
SIM5
SIM1
SIM2
SIM3
SIM4
1
21
22
SIM5
SIM1
SIM2
SIM3
SIM4
1
21
22
SIM5
SIM1
SIM2
SIM3
SIM4
1
21
22
SIM5
SIM1
SIM2
SIM3
SIM4
1
21
22
SIM5
SIM1
SIM2
SIM3
SIM4
1
21
22
SIM5
SIM1
SIM2
SIM3
SIM4
1
21
22
SIM5
SIM1
SIM2
SIM3
SIM4
1
21
22
SIM5
SIM1
SIM2
SIM3
SIM4
1
21
22
SIM5
SIM1
SIM2
SIM3
SIM4
1
21
22
SIM5
SIM1
SIM2
SIM3
SIM4
1
21
22
SIM5
SIM1
SIM2
SIM3
SIM4
1
21
22
SIM5
SIM1
SIM2
SIM3
SIM4
1
21
22
SIM5
SIM1
SIM2
SIM3
SIM4
1
21
22
SIM5
SIM1
SIM2
SIM3
SIM4
1
21
22
SIM5
SIM1
SIM2
SIM3
SIM4
1
21
22
SIM5
SIM1
SIM2
SIM3
SIM4
1
21
22
SIM5
SIM1
SIM2
SIM3
SIM4
1
21
22
SIM5
SIM1
SIM2
SIM3
SIM4
1
21
22
SIM5
SIM1
SIM2
SIM3
SIM4
1
21
22
SIM5
SIM1
SIM2
SIM3
SIM4
1
21
22
SIM5
SIM1
SIM2
SIM3
SIM4
1
21
22
SIM5
SIM1
SIM2
SIM3
SIM4
1
21
22
SIM5
SIM1
SIM2
SIM3
SIM4
1
21
22
SIM5
SIM1
SIM2
SIM3
SIM4
1
21
22
SIM5
SIM1
SIM2
SIM3
SIM4
1
21
22
SIM5
SIM1
SIM2
SIM3
SIM4
1
21
22
SIM5
SIM1
SIM2
SIM3
SIM4
1
21
22
SIM5
SIM1
SIM2
SIM3
SIM4
1
21
22
SIM5
SIM1
SIM2
SIM3
SIM4
1
21
22
SIM5
SIM1
SIM2
SIM3
SIM4
1
21
22
SIM5
SIM1
SIM2
SIM3
SIM4
1
21
22
SIM5
SIM1
SIM2
SIM3
SIM4
1
21
22
SIM5
SIM1
SIM2
SIM3
SIM4
1
21
22
SIM5
SIM1
SIM2
SIM3
SIM4
1
21
22
SIM5
SIM1
SIM2
SIM3
SIM4
1
21
22
SIM5
SIM1
SIM2
SIM3
SIM4
1
21
22
SIM5
SIM1
SIM2
SIM3
SIM4
1
21
22
SIM5
SIM1
SIM2
SIM3
SIM4
1
21
22
SIM5
SIM1
SIM2
SIM3
SIM4
1
21
22
SIM5
SIM1
SIM2
SIM3
SIM4
1
21
22
SIM5
SIM1
SIM2
SIM3
SIM4
1
21
22
SIM5
SIM1
SIM2
SIM3
SIM4
1
21
22
SIM5
SIM1
SIM2
SIM3
SIM4
1
21
22
SIM5
SIM1
SIM2
SIM3
SIM4
1
21
22
SIM5
SIM1
SIM2
SIM3
SIM4
1
21
22
SIM5
SIM1
SIM2
SIM3
SIM4
1
21
22
SIM5
SIM1
SIM2
SIM3
SIM4
1
21
22
SIM5
SIM1
SIM2
SIM3
SIM4
1
21
22
SIM5
SIM1
SIM2
SIM3
SIM4
1
21
22
SIM5
SIM1
SIM2
SIM3
SIM4
1
21
22
SIM5
SIM1
SIM2
SIM3
SIM4
1
21
22
SIM5
SIM1
SIM2
SIM3
SIM4
1
21
22
SIM5
SIM1
SIM2
SIM3
SIM4
1
21
22
SIM5
SIM1
SIM2
SIM3
SIM4
1
21
22
SIM5
SIM1
SIM2
SIM3
SIM4
1
21
22
SIM5
SIM1
SIM2
SIM3
SIM4
1
21
22
SIM5
SIM1
SIM2
SIM3
SIM4
1
21
22
SIM5
SIM1
SIM2
SIM3
SIM4
1
21
22
SIM5
SIM1
SIM2
SIM3
SIM4
1
21
22
SIM5
SIM1
SIM2
SIM3
SIM4
1
21
22
SIM5
SIM1
SIM2
SIM3
SIM4
1
21
22
SIM5
SIM1
SIM2
SIM3
SIM4
1
21
22
SIM5
SIM1
SIM2
SIM3
SIM4
1
21
22
SIM5
SIM1
SIM2
SIM3
SIM4
1
21
22
SIM5
SIM1
SIM2
SIM3
SIM4
1
21
22
SIM5
SIM1
SIM2
SIM3
SIM4
1
21
22
SIM5
SIM1
SIM2
SIM3
SIM4
1
21
22
SIM5
SIM1
SIM2
SIM3
SIM4
1
21
22
SIM5
SIM1
SIM2
SIM3
SIM4
1
21
22
SIM5
SIM1
SIM2
SIM3
SIM4
1
21
22
SIM5
SIM1
SIM2
SIM3
SIM4
1
21
22
SIM5
SIM1
SIM2
SIM3
SIM4
1
21
22
SIM5
SIM1
SIM2
DEBUG 1 604
SIM1
SIM2
SIM3
SIM4
1
21
22
SIM5
SIM1
SIM2
SIM3
SIM4
1
21
22
SIM5
SIM1
SIM2
SIM3
SIM4
1
21
22
SIM5
SIM1
SIM2
SIM3
SIM4
1
21
22
SIM5
SIM1
SIM2
SIM3
SIM4
1
21
22
SIM5
SIM1
SIM2
SIM3
SIM4
1
21
22
SIM5
SIM1
SIM2
SIM3
SIM4
1
21
22
SIM5
SIM1
SIM2
SIM3
SIM4
1
21
22
SIM5
SIM1
SIM2
SIM3
SIM4
1
21
22
SIM5
SIM1
SIM2
SIM3
SIM4
1
21
22
SIM5
SIM1
SIM2
SIM3
SIM4
1
21
22
SIM5
SIM1
SIM2
SIM3
SIM4
1
21
22
SIM5
SIM1
SIM2
SIM3
SIM4
1
21
22
SIM5
SIM1
SIM2
SIM3
SIM4
1
21
22
SIM5
SIM1
SIM2
SIM3
SIM4
1
21
22
SIM5
SIM1
SIM2
SIM3
SIM4
1
21
22
SIM5
SIM1
SIM2
SIM3
SIM4
1
21
22
SIM5
SIM1
SIM2
SIM3
SIM4
1
21
22
SIM5
SIM1
SIM2
SIM3
SIM4
1
21
22
SIM5
SIM1
SIM2
SIM3
SIM4
1
21
22
SIM5
SIM1
SIM2
SIM3
SIM4
1
21
22
SIM5
SIM1
SIM2
SIM3
SIM4
1
21
22
SIM5
SIM1
SIM2
SIM3
SIM4
1
21
22
SIM5
SIM1
SIM2
SIM3
SIM4
1
21
22
SIM5
SIM1
SIM2
SIM3
SIM4
1
21
22
SIM5
SIM1
SIM2
SIM3
SIM4
1
21
22
SIM5
SIM1
SIM2
SIM3
SIM4
1
21
22
SIM5
SIM1
SIM2
SIM3
SIM4
1
21
22
SIM5
SIM1
SIM2
SIM3
SIM4
1
21
22
SIM5
SIM1
SIM2
SIM3
SIM4
1
21
22
SIM5
SIM1
SIM2
SIM3
SIM4
1
21
22
SIM5
SIM1
SIM2
SIM3
SIM4
1
21
22
SIM5
SIM1
SIM2
SIM3
SIM4
1
21
22
SIM5
SIM1
SIM2
SIM3
SIM4
1
21
22
SIM5
SIM1
SIM2
SIM3
SIM4
1
21
22
SIM5
SIM1
SIM2
SIM3
SIM4
1
21
22
SIM5
SIM1
SIM2
SIM3
SIM4
1
21
22
SIM5
SIM1
SIM2
SIM3
SIM4
1
21
22
SIM5
SIM1
SIM2
SIM3
SIM4
1
21
22
SIM5
SIM1
SIM2
SIM3
SIM4
1
21
22
SIM5
SIM1
SIM2
SIM3
SIM4
1
21
22
SIM5
SIM1
SIM2
SIM3
SIM4
1
21
22
SIM5
SIM1
SIM2
SIM3
SIM4
1
21
22
SIM5
SIM1
SIM2
SIM3
SIM4
1
21
22
SIM5
SIM1
SIM2
SIM3
SIM4
1
21
22
SIM5
SIM1
SIM2
SIM3
SIM4
1
21
22
SIM5
SIM1
SIM2
SIM3
SIM4
1
21
22
SIM5
SIM1
SIM2
SIM3
SIM4
1
21
22
SIM5
SIM1
SIM2
SIM3
SIM4
1
21
22
SIM5
SIM1
SIM2
SIM3
SIM4
1
21
22
SIM5
SIM1
SIM2
SIM3
SIM4
1
21
22
SIM5
SIM1
SIM2
SIM3
SIM4
1
21
22
SIM5
SIM1
SIM2
SIM3
SIM4
1
21
22
SIM5
SIM1
SIM2
SIM3
SIM4
1
21
22
SIM5
SIM1
SIM2
SIM3
SIM4
1
21
22
SIM5
SIM1
SIM2
SIM3
SIM4
1
21
22
SIM5
SIM1
SIM2
SIM3
SIM4
1
21
22
SIM5
SIM1
SIM2
SIM3
SIM4
1
21
22
SIM5
SIM1
SIM2
SIM3
SIM4
1
21
22
SIM5
SIM1
SIM2
SIM3
SIM4
1
21
22
SIM5
SIM1
SIM2
SIM3
SIM4
1
21
22
SIM5
SIM1
SIM2
SIM3
SIM4
1
21
22
SIM5
SIM1
SIM2
SIM3
SIM4
1
21
22
SIM5
SIM1
SIM2
SIM3
SIM4
1
21
22
SIM5
SIM1
SIM2
SIM3
SIM4
1
21
22
SIM5
SIM1
SIM2
SIM3
SIM4
1
21
22
SIM5
SIM1
SIM2
SIM3
SIM4
1
21
22
SIM5
SIM1
SIM2
SIM3
SIM4
1
21
22
SIM5
SIM1
SIM2
SIM3
SIM4
1
21
22
SIM5
SIM1
SIM2
SIM3
SIM4
1
21
22
SIM5
SIM1
SIM2
SIM3
SIM4
1
21
22
SIM5
SIM1
SIM2
SIM3
SIM4
1
21
22
SIM5
SIM1
SIM2
SIM3
SIM4
1
21
22
SIM5
SIM1
SIM2
SIM3
SIM4
1
21
22
SIM5
SIM1
SIM2
SIM3
SIM4
1
21
22
SIM5
SIM1
SIM2
SIM3
SIM4
1
21
22
SIM5
SIM1
SIM2
SIM3
SIM4
1
21
22
SIM5
SIM1
SIM2
SIM3
SIM4
1
21
22
SIM5
SIM1
SIM2
SIM3
SIM4
1
21
22
SIM5
SIM1
SIM2
SIM3
SIM4
1
21
22
SIM5
SIM1
SIM2
SIM3
SIM4
1
21
22
SIM5
SIM1
SIM2
SIM3
SIM4
1
21
22
SIM5
SIM1
SIM2
SIM3
SIM4
1
21
22
SIM5
SIM1
SIM2
SIM3
SIM4
1
21
22
SIM5
SIM1
SIM2
SIM3
SIM4
1
21
22
SIM5
SIM1
SIM2
SIM3
SIM4
1
21
22
SIM5
SIM1
SIM2
SIM3
SIM4
1
21
22
SIM5
SIM1
SIM2
SIM3
SIM4
1
21
22
SIM5
SIM1
SIM2
SIM3
SIM4
1
21
22
SIM5
SIM1
SIM2
SIM3
SIM4
1
21
22
SIM5
SIM1
SIM2
SIM3
SIM4
1
21
22
SIM5
SIM1
SIM2
SIM3
SIM4
1
21
22
SIM5
SIM1
SIM2
SIM3
SIM4
1
21
22
SIM5
SIM1
SIM2
SIM3
SIM4
1
21
22
SIM5
SIM1
SIM2
SIM3
SIM4
1
21
22
SIM5
SIM1
SIM2
SIM3
SIM4
1
21
22
SIM5
SIM1
SIM2
SIM3
SIM4
1
21
22
SIM5
SIM1
SIM2
SIM3
SIM4
1
21
22
SIM5
SIM1
SIM2
SIM3
SIM4
1
21
22
SIM5
SIM1
SIM2
SIM3
SIM4
1
21
22
SIM5
SIM1
SIM2
SIM3
SIM4
1
21
22
SIM5
SIM1
SIM2
SIM3
SIM4
1
21
22
SIM5
SIM1
SIM2
SIM3
SIM4
1
21
22
SIM5
SIM1
SIM2
SIM3
SIM4
1
21
22
SIM5
SIM1
SIM2
SIM3
SIM4
1
21
22
SIM5
SIM1
SIM2
SIM3
SIM4
1
21
22
SIM5
SIM1
SIM2
SIM3
SIM4
1
21
22
SIM5
SIM1
SIM2
SIM3
SIM4
1
21
22
SIM5
SIM1
SIM2
SIM3
SIM4
1
21
22
SIM5
SIM1
SIM2
SIM3
SIM4
1
21
22
SIM5
SIM1
SIM2
SIM3
SIM4
1
21
22
SIM5
SIM1
SIM2
SIM3
SIM4
1
21
22
SIM5
SIM1
SIM2
SIM3
SIM4
1
21
22
SIM5
SIM1
SIM2
SIM3
SIM4
1
21
22
SIM5
SIM1
SIM2
SIM3
SIM4
1
21
22
SIM5
SIM1
SIM2
SIM3
SIM4
1
21
22
SIM5
SIM1
SIM2
SIM3
SIM4
1
21
22
SIM5
SIM1
SIM2
SIM3
SIM4
1
21
22
SIM5
SIM1
SIM2
SIM3
SIM4
1
21
22
SIM5
SIM1
SIM2
SIM3
SIM4
1
21
22
SIM5
SIM1
SIM2
SIM3
SIM4
1
21
22
SIM5
SIM1
SIM2
SIM3
SIM4
1
21
22
SIM5
SIM1
SIM2
SIM3
SIM4
1
21
22
SIM5
SIM1
SIM2
SIM3
SIM4
1
21
22
SIM5
SIM1
SIM2
SIM3
SIM4
1
21
22
SIM5
SIM1
SIM2
SIM3
SIM4
1
21
22
SIM5
SIM1
SIM2
SIM3
SIM4
1
21
22
SIM5
SIM1
SIM2
SIM3
SIM4
1
21
22
SIM5
SIM1
SIM2
SIM3
SIM4
1
21
22
SIM5
SIM1
SIM2
SIM3
SIM4
1
21
22
SIM5
SIM1
SIM2
SIM3
SIM4
1
21
22
SIM5
SIM1
SIM2
SIM3
SIM4
1
21
22
SIM5
SIM1
SIM2
SIM3
SIM4
1
21
22
SIM5
SIM1
SIM2
SIM3
SIM4
1
21
22
SIM5
SIM1
SIM2
SIM3
SIM4
1
21
22
SIM5
SIM1
SIM2
SIM3
SIM4
1
21
22
SIM5
SIM1
SIM2
SIM3
SIM4
1
21
22
SIM5
SIM1
SIM2
SIM3
SIM4
1
21
22
SIM5
SIM1
SIM2
SIM3
SIM4
1
21
22
SIM5
SIM1
SIM2
SIM3
SIM4
1
21
22
SIM5
SIM1
SIM2
SIM3
SIM4
1
21
22
SIM5
SIM1
SIM2
SIM3
SIM4
1
21
22
SIM5
SIM1
SIM2
SIM3
SIM4
1
21
22
SIM5
SIM1
SIM2
SIM3
SIM4
1
21
22
SIM5
SIM1
SIM2
SIM3
SIM4
1
21
22
SIM5
SIM1
SIM2
SIM3
SIM4
1
21
22
SIM5
SIM1
SIM2
SIM3
SIM4
1
21
22
SIM5
SIM1
SIM2
SIM3
SIM4
1
21
22
SIM5
SIM1
SIM2
SIM3
SIM4
1
21
22
SIM5
SIM1
SIM2
SIM3
SIM4
1
21
22
SIM5
SIM1
SIM2
SIM3
SIM4
1
21
22
SIM5
SIM1
SIM2
SIM3
SIM4
1
21
22
SIM5
SIM1
SIM2
SIM3
SIM4
1
21
22
SIM5
SIM1
SIM2
SIM3
SIM4
1
21
22
SIM5
SIM1
SIM2
SIM3
SIM4
1
21
22
SIM5
SIM1
SIM2
SIM3
SIM4
1
21
22
SIM5
SIM1
SIM2
SIM3
SIM4
1
21
22
SIM5
SIM1
SIM2
SIM3
SIM4
1
21
22
SIM5
SIM1
SIM2
SIM3
SIM4
1
21
22
SIM5
SIM1
SIM2
SIM3
SIM4
1
21
22
SIM5
SIM1
SIM2
SIM3
SIM4
1
21
22
SIM5
SIM1
SIM2
SIM3
SIM4
1
21
22
SIM5
SIM1
SIM2
SIM3
SIM4
1
21
22
SIM5
SIM1
SIM2
SIM3
SIM4
1
21
22
SIM5
SIM1
SIM2
SIM3
SIM4
1
21
22
SIM5
SIM1
SIM2
SIM3
SIM4
1
21
22
SIM5
SIM1
SIM2
SIM3
SIM4
1
21
22
SIM5
SIM1
SIM2
SIM3
SIM4
1
21
22
SIM5
SIM1
SIM2
SIM3
SIM4
1
21
22
SIM5
SIM1
SIM2
SIM3
SIM4
1
21
22
SIM5
SIM1
SIM2
SIM3
SIM4
1
21
22
SIM5
SIM1
SIM2
SIM3
SIM4
1
21
22
SIM5
SIM1
SIM2
SIM3
SIM4
1
21
22
SIM5
SIM1
SIM2
SIM3
SIM4
1
21
22
SIM5
SIM1
SIM2
SIM3
SIM4
1
21
22
SIM5
SIM1
SIM2
SIM3
SIM4
1
21
22
SIM5
SIM1
SIM2
SIM3
SIM4
1
21
22
SIM5
SIM1
SIM2
SIM3
SIM4
1
21
22
SIM5
SIM1
SIM2
SIM3
SIM4
1
21
22
SIM5
SIM1
SIM2
SIM3
SIM4
1
21
22
SIM5
SIM1
SIM2
SIM3
SIM4
1
21
22
SIM5
SIM1
SIM2
SIM3
SIM4
1
21
22
SIM5
SIM1
SIM2
SIM3
SIM4
1
21
22
SIM5
SIM1
SIM2
SIM3
SIM4
1
21
22
SIM5
SIM1
SIM2
SIM3
SIM4
1
21
22
SIM5
SIM1
SIM2
SIM3
SIM4
1
21
22
SIM5
SIM1
SIM2
SIM3
SIM4
1
21
22
SIM5
SIM1
SIM2
SIM3
SIM4
1
21
22
SIM5
SIM1
SIM2
SIM3
SIM4
1
21
22
SIM5
SIM1
SIM2
SIM3
SIM4
1
21
22
SIM5
SIM1
SIM2
DEBUG 1 605
SIM1
SIM2
SIM3
SIM4
1
21
22
SIM5
SIM1
SIM2
SIM3
SIM4
1
21
22
SIM5
SIM1
SIM2
SIM3
SIM4
1
21
22
SIM5
SIM1
SIM2
SIM3
SIM4
1
21
22
SIM5
SIM1
SIM2
SIM3
SIM4
1
21
22
SIM5
SIM1
SIM2
SIM3
SIM4
1
21
22
SIM5
SIM1
SIM2
SIM3
SIM4
1
21
22
SIM5
SIM1
SIM2
SIM3
SIM4
1
21
22
SIM5
SIM1
SIM2
SIM3
SIM4
1
21
22
SIM5
SIM1
SIM2
SIM3
SIM4
1
21
22
SIM5
SIM1
SIM2
SIM3
SIM4
1
21
22
SIM5
SIM1
SIM2
SIM3
SIM4
1
21
22
SIM5
SIM1
SIM2
SIM3
SIM4
1
21
22
SIM5
SIM1
SIM2
SIM3
SIM4
1
21
22
SIM5
SIM1
SIM2
SIM3
SIM4
1
21
22
SIM5
SIM1
SIM2
SIM3
SIM4
1
21
22
SIM5
SIM1
SIM2
SIM3
SIM4
1
21
22
SIM5
SIM1
SIM2
SIM3
SIM4
1
21
22
SIM5
SIM1
SIM2
SIM3
SIM4
1
21
22
SIM5
SIM1
SIM2
SIM3
SIM4
1
21
22
SIM5
SIM1
SIM2
SIM3
SIM4
1
21
22
SIM5
SIM1
SIM2
SIM3
SIM4
1
21
22
SIM5
SIM1
SIM2
SIM3
SIM4
1
21
22
SIM5
SIM1
SIM2
SIM3
SIM4
1
21
22
SIM5
SIM1
SIM2
SIM3
SIM4
1
21
22
SIM5
SIM1
SIM2
SIM3
SIM4
1
21
22
SIM5
SIM1
SIM2
SIM3
SIM4
1
21
22
SIM5
SIM1
SIM2
SIM3
SIM4
1
21
22
SIM5
SIM1
SIM2
SIM3
SIM4
1
21
22
SIM5
SIM1
SIM2
SIM3
SIM4
1
21
22
SIM5
SIM1
SIM2
SIM3
SIM4
1
21
22
SIM5
SIM1
SIM2
SIM3
SIM4
1
21
22
SIM5
SIM1
SIM2
SIM3
SIM4
1
21
22
SIM5
SIM1
SIM2
SIM3
SIM4
1
21
22
SIM5
SIM1
SIM2
SIM3
SIM4
1
21
22
SIM5
SIM1
SIM2
SIM3
SIM4
1
21
22
SIM5
SIM1
SIM2
SIM3
SIM4
1
21
22
SIM5
SIM1
SIM2
SIM3
SIM4
1
21
22
SIM5
SIM1
SIM2
SIM3
SIM4
1
21
22
SIM5
SIM1
SIM2
SIM3
SIM4
1
21
22
SIM5
SIM1
SIM2
SIM3
SIM4
1
21
22
SIM5
SIM1
SIM2
SIM3
SIM4
1
21
22
SIM5
SIM1
SIM2
SIM3
SIM4
1
21
22
SIM5
SIM1
SIM2
SIM3
SIM4
1
21
22
SIM5
SIM1
SIM2
SIM3
SIM4
1
21
22
SIM5
SIM1
SIM2
SIM3
SIM4
1
21
22
SIM5
SIM1
SIM2
SIM3
SIM4
1
21
22
SIM5
SIM1
SIM2
SIM3
SIM4
1
21
22
SIM5
SIM1
SIM2
SIM3
SIM4
1
21
22
SIM5
SIM1
SIM2
SIM3
SIM4
1
21
22
SIM5
SIM1
SIM2
SIM3
SIM4
1
21
22
SIM5
SIM1
SIM2
SIM3
SIM4
1
21
22
SIM5
SIM1
SIM2
SIM3
SIM4
1
21
22
SIM5
SIM1
SIM2
SIM3
SIM4
1
21
22
SIM5
SIM1
SIM2
SIM3
SIM4
1
21
22
SIM5
SIM1
SIM2
SIM3
SIM4
1
21
22
SIM5
SIM1
SIM2
SIM3
SIM4
1
21
22
SIM5
SIM1
SIM2
SIM3
SIM4
1
21
22
SIM5
SIM1
SIM2
SIM3
SIM4
1
21
22
SIM5
SIM1
SIM2
SIM3
SIM4
1
21
22
SIM5
SIM1
SIM2
SIM3
SIM4
1
21
22
SIM5
SIM1
SIM2
SIM3
SIM4
1
21
22
SIM5
SIM1
SIM2
SIM3
SIM4
1
21
22
SIM5
SIM1
SIM2
SIM3
SIM4
1
21
22
SIM5
SIM1
SIM2
SIM3
SIM4
1
21
22
SIM5
SIM1
SIM2
SIM3
SIM4
1
21
22
SIM5
SIM1
SIM2
SIM3
SIM4
1
21
22
SIM5
SIM1
SIM2
SIM3
SIM4
1
21
22
SIM5
SIM1
SIM2
SIM3
SIM4
1
21
22
SIM5
SIM1
SIM2
SIM3
SIM4
1
21
22
SIM5
SIM1
SIM2
SIM3
SIM4
1
21
22
SIM5
SIM1
SIM2
SIM3
SIM4
1
21
22
SIM5
SIM1
SIM2
SIM3
SIM4
1
21
22
SIM5
SIM1
SIM2
SIM3
SIM4
1
21
22
SIM5
SIM1
SIM2
SIM3
SIM4
1
21
22
SIM5
SIM1
SIM2
SIM3
SIM4
1
21
22
SIM5
SIM1
SIM2
SIM3
SIM4
1
21
22
SIM5
SIM1
SIM2
SIM3
SIM4
1
21
22
SIM5
SIM1
SIM2
SIM3
SIM4
1
21
22
SIM5
SIM1
SIM2
SIM3
SIM4
1
21
22
SIM5
SIM1
SIM2
SIM3
SIM4
1
21
22
SIM5
SIM1
SIM2
SIM3
SIM4
1
21
22
SIM5
SIM1
SIM2
SIM3
SIM4
1
21
22
SIM5
SIM1
SIM2
SIM3
SIM4
1
21
22
SIM5
SIM1
SIM2
SIM3
SIM4
1
21
22
SIM5
SIM1
SIM2
SIM3
SIM4
1
21
22
SIM5
SIM1
SIM2
SIM3
SIM4
1
21
22
SIM5
SIM1
SIM2
SIM3
SIM4
1
21
22
SIM5
SIM1
SIM2
SIM3
SIM4
1
21
22
SIM5
SIM1
SIM2
SIM3
SIM4
1
21
22
SIM5
SIM1
SIM2
SIM3
SIM4
1
21
22
SIM5
SIM1
SIM2
SIM3
SIM4
1
21
22
SIM5
SIM1
SIM2
SIM3
SIM4
1
21
22
SIM5
SIM1
SIM2
SIM3
SIM4
1
21
22
SIM5
SIM1
SIM2
SIM3
SIM4
1
21
22
SIM5
SIM1
SIM2
SIM3
SIM4
1
21
22
SIM5
SIM1
SIM2
SIM3
SIM4
1
21
22
SIM5
SIM1
SIM2
SIM3
SIM4
1
21
22
SIM5
SIM1
SIM2
SIM3
SIM4
1
21
22
SIM5
SIM1
SIM2
SIM3
SIM4
1
21
22
SIM5
SIM1
SIM2
SIM3
SIM4
1
21
22
SIM5
SIM1
SIM2
SIM3
SIM4
1
21
22
SIM5
SIM1
SIM2
SIM3
SIM4
1
21
22
SIM5
SIM1
SIM2
SIM3
SIM4
1
21
22
SIM5
SIM1
SIM2
SIM3
SIM4
1
21
22
SIM5
SIM1
SIM2
SIM3
SIM4
1
21
22
SIM5
SIM1
SIM2
SIM3
SIM4
1
21
22
SIM5
SIM1
SIM2
SIM3
SIM4
1
21
22
SIM5
SIM1
SIM2
SIM3
SIM4
1
21
22
SIM5
SIM1
SIM2
SIM3
SIM4
1
21
22
SIM5
SIM1
SIM2
SIM3
SIM4
1
21
22
SIM5
SIM1
SIM2
SIM3
SIM4
1
21
22
SIM5
SIM1
SIM2
SIM3
SIM4
1
21
22
SIM5
SIM1
SIM2
SIM3
SIM4
1
21
22
SIM5
SIM1
SIM2
SIM3
SIM4
1
21
22
SIM5
SIM1
SIM2
SIM3
SIM4
1
21
22
SIM5
SIM1
SIM2
DEBUG 1 606
SIM1
SIM2
SIM3
SIM4
1
21
22
SIM5
SIM1
SIM2
SIM3
SIM4
1
21
22
SIM5
SIM1
SIM2
SIM3
SIM4
1
21
22
SIM5
SIM1
SIM2
SIM3
SIM4
1
21
22
SIM5
SIM1
SIM2
SIM3
SIM4
1
21
22
SIM5
SIM1
SIM2
SIM3
SIM4
1
21
22
SIM5
SIM1
SIM2
SIM3
SIM4
1
21
22
SIM5
SIM1
SIM2
SIM3
SIM4
1
21
22
SIM5
SIM1
SIM2
SIM3
SIM4
1
21
22
SIM5
SIM1
SIM2
SIM3
SIM4
1
21
22
SIM5
SIM1
SIM2
SIM3
SIM4
1
21
22
SIM5
SIM1
SIM2
SIM3
SIM4
1
21
22
SIM5
SIM1
SIM2
SIM3
SIM4
1
21
22
SIM5
SIM1
SIM2
SIM3
SIM4
1
21
22
SIM5
SIM1
SIM2
SIM3
SIM4
1
21
22
SIM5
SIM1
SIM2
SIM3
SIM4
1
21
22
SIM5
SIM1
SIM2
SIM3
SIM4
1
21
22
SIM5
SIM1
SIM2
SIM3
SIM4
1
21
22
SIM5
SIM1
SIM2
SIM3
SIM4
1
21
22
SIM5
SIM1
SIM2
SIM3
SIM4
1
21
22
SIM5
SIM1
SIM2
SIM3
SIM4
1
21
22
SIM5
SIM1
SIM2
SIM3
SIM4
1
21
22
SIM5
SIM1
SIM2
SIM3
SIM4
1
21
22
SIM5
SIM1
SIM2
SIM3
SIM4
1
21
22
SIM5
SIM1
SIM2
SIM3
SIM4
1
21
22
SIM5
SIM1
SIM2
SIM3
SIM4
1
21
22
SIM5
SIM1
SIM2
SIM3
SIM4
1
21
22
SIM5
SIM1
SIM2
SIM3
SIM4
1
21
22
SIM5
SIM1
SIM2
SIM3
SIM4
1
21
22
SIM5
SIM1
SIM2
SIM3
SIM4
1
21
22
SIM5
SIM1
SIM2
SIM3
SIM4
1
21
22
SIM5
SIM1
SIM2
SIM3
SIM4
1
21
22
SIM5
SIM1
SIM2
SIM3
SIM4
1
21
22
SIM5
SIM1
SIM2
SIM3
SIM4
1
21
22
SIM5
SIM1
SIM2
SIM3
SIM4
1
21
22
SIM5
SIM1
SIM2
SIM3
SIM4
1
21
22
SIM5
SIM1
SIM2
SIM3
SIM4
1
21
22
SIM5
SIM1
SIM2
SIM3
SIM4
1
21
22
SIM5
SIM1
SIM2
SIM3
SIM4
1
21
22
SIM5
SIM1
SIM2
SIM3
SIM4
1
21
22
SIM5
SIM1
SIM2
SIM3
SIM4
1
21
22
SIM5
SIM1
SIM2
SIM3
SIM4
1
21
22
SIM5
SIM1
SIM2
SIM3
SIM4
1
21
22
SIM5
SIM1
SIM2
SIM3
SIM4
1
21
22
SIM5
SIM1
SIM2
SIM3
SIM4
1
21
22
SIM5
SIM1
SIM2
SIM3
SIM4
1
21
22
SIM5
SIM1
SIM2
SIM3
SIM4
1
21
22
SIM5
SIM1
SIM2
SIM3
SIM4
1
21
22
SIM5
SIM1
SIM2
SIM3
SIM4
1
21
22
SIM5
SIM1
SIM2
SIM3
SIM4
1
21
22
SIM5
SIM1
SIM2
SIM3
SIM4
1
21
22
SIM5
SIM1
SIM2
SIM3
SIM4
1
21
22
SIM5
SIM1
SIM2
SIM3
SIM4
1
21
22
SIM5
SIM1
SIM2
SIM3
SIM4
1
21
22
SIM5
SIM1
SIM2
SIM3
SIM4
1
21
22
SIM5
SIM1
SIM2
SIM3
SIM4
1
21
22
SIM5
SIM1
SIM2
SIM3
SIM4
1
21
22
SIM5
SIM1
SIM2
SIM3
SIM4
1
21
22
SIM5
SIM1
SIM2
SIM3
SIM4
1
21
22
SIM5
SIM1
SIM2
SIM3
SIM4
1
21
22
SIM5
SIM1
SIM2
SIM3
SIM4
1
21
22
SIM5
SIM1
SIM2
SIM3
SIM4
1
21
22
SIM5
SIM1
SIM2
SIM3
SIM4
1
21
22
SIM5
SIM1
SIM2
SIM3
SIM4
1
21
22
SIM5
SIM1
SIM2
SIM3
SIM4
1
21
22
SIM5
SIM1
SIM2
SIM3
SIM4
1
21
22
SIM5
SIM1
SIM2
SIM3
SIM4
1
21
22
SIM5
SIM1
SIM2
SIM3
SIM4
1
21
22
SIM5
SIM1
SIM2
SIM3
SIM4
1
21
22
SIM5
SIM1
SIM2
SIM3
SIM4
1
21
22
SIM5
SIM1
SIM2
SIM3
SIM4
1
21
22
SIM5
SIM1
SIM2
SIM3
SIM4
1
21
22
SIM5
SIM1
SIM2
SIM3
SIM4
1
21
22
SIM5
SIM1
SIM2
SIM3
SIM4
1
21
22
SIM5
SIM1
SIM2
SIM3
SIM4
1
21
22
SIM5
SIM1
SIM2
SIM3
SIM4
1
21
22
SIM5
SIM1
SIM2
SIM3
SIM4
1
21
22
SIM5
SIM1
SIM2
SIM3
SIM4
1
21
22
SIM5
SIM1
SIM2
SIM3
SIM4
1
21
22
SIM5
SIM1
SIM2
SIM3
SIM4
1
21
22
SIM5
SIM1
SIM2
SIM3
SIM4
1
21
22
SIM5
SIM1
SIM2
SIM3
SIM4
1
21
22
SIM5
SIM1
SIM2
SIM3
SIM4
1
21
22
SIM5
SIM1
SIM2
SIM3
SIM4
1
21
22
SIM5
SIM1
SIM2
SIM3
SIM4
1
21
22
SIM5
SIM1
SIM2
SIM3
SIM4
1
21
22
SIM5
SIM1
SIM2
SIM3
SIM4
1
21
22
SIM5
SIM1
SIM2
SIM3
SIM4
1
21
22
SIM5
SIM1
SIM2
SIM3
SIM4
1
21
22
SIM5
SIM1
SIM2
SIM3
SIM4
1
21
22
SIM5
SIM1
SIM2
SIM3
SIM4
1
21
22
SIM5
SIM1
SIM2
SIM3
SIM4
1
21
22
SIM5
SIM1
SIM2
SIM3
SIM4
1
21
22
SIM5
SIM1
SIM2
SIM3
SIM4
1
21
22
SIM5
SIM1
SIM2
SIM3
SIM4
1
21
22
SIM5
SIM1
SIM2
SIM3
SIM4
1
21
22
SIM5
SIM1
SIM2
SIM3
SIM4
1
21
22
SIM5
SIM1
SIM2
SIM3
SIM4
1
21
22
SIM5
SIM1
SIM2
SIM3
SIM4
1
21
22
SIM5
SIM1
SIM2
SIM3
SIM4
1
21
22
SIM5
SIM1
SIM2
SIM3
SIM4
1
21
22
SIM5
SIM1
SIM2
SIM3
SIM4
1
21
22
SIM5
SIM1
SIM2
SIM3
SIM4
1
21
22
SIM5
SIM1
SIM2
SIM3
SIM4
1
21
22
SIM5
SIM1
SIM2
SIM3
SIM4
1
21
22
SIM5
SIM1
SIM2
SIM3
SIM4
1
21
22
SIM5
SIM1
SIM2
SIM3
SIM4
1
21
22
SIM5
SIM1
SIM2
SIM3
SIM4
1
21
22
SIM5
SIM1
SIM2
SIM3
SIM4
1
21
22
SIM5
SIM1
SIM2
SIM3
SIM4
1
21
22
SIM5
SIM1
SIM2
SIM3
SIM4
1
21
22
SIM5
SIM1
SIM2
SIM3
SIM4
1
21
22
SIM5
SIM1
SIM2
SIM3
SIM4
1
21
22
SIM5
SIM1
SIM2
SIM3
SIM4
1
21
22
SIM5
SIM1
SIM2
SIM3
SIM4
1
21
22
SIM5
SIM1
SIM2
SIM3
SIM4
1
21
22
SIM5
SIM1
SIM2
SIM3
SIM4
1
21
22
SIM5
SIM1
SIM2
SIM3
SIM4
1
21
22
SIM5
SIM1
SIM2
SIM3
SIM4
1
21
22
SIM5
SIM1
SIM2
SIM3
SIM4
1
21
22
SIM5
SIM1
SIM2
SIM3
SIM4
1
21
22
SIM5
SIM1
SIM2
SIM3
SIM4
1
21
22
SIM5
SIM1
SIM2
SIM3
SIM4
1
21
22
SIM5
SIM1
SIM2
SIM3
SIM4
1
21
22
SIM5
SIM1
SIM2
SIM3
SIM4
1
21
22
SIM5
SIM1
SIM2
SIM3
SIM4
1
21
22
SIM5
SIM1
SIM2
SIM3
SIM4
1
21
22
SIM5
SIM1
SIM2
SIM3
SIM4
1
21
22
SIM5
SIM1
SIM2
SIM3
SIM4
1
21
22
SIM5
SIM1
SIM2
SIM3
SIM4
1
21
22
SIM5
SIM1
SIM2
SIM3
SIM4
1
21
22
SIM5
SIM1
SIM2
SIM3
SIM4
1
21
22
SIM5
SIM1
SIM2
SIM3
SIM4
1
21
22
SIM5
SIM1
SIM2
SIM3
SIM4
1
21
22
SIM5
SIM1
SIM2
SIM3
SIM4
1
21
22
SIM5
SIM1
SIM2
SIM3
SIM4
1
21
22
SIM5
SIM1
SIM2
SIM3
SIM4
1
21
22
SIM5
SIM1
SIM2
SIM3
SIM4
1
21
22
SIM5
SIM1
SIM2
SIM3
SIM4
1
21
22
SIM5
SIM1
SIM2
SIM3
SIM4
1
21
22
SIM5
SIM1
SIM2
SIM3
SIM4
1
21
22
SIM5
SIM1
SIM2
SIM3
SIM4
1
21
22
SIM5
SIM1
SIM2
SIM3
SIM4
1
21
22
SIM5
SIM1
SIM2
SIM3
SIM4
1
21
22
SIM5
SIM1
SIM2
SIM3
SIM4
1
21
22
SIM5
SIM1
SIM2
SIM3
SIM4
1
21
22
SIM5
SIM1
SIM2
SIM3
SIM4
1
21
22
SIM5
SIM1
SIM2
SIM3
SIM4
1
21
22
SIM5
SIM1
SIM2
SIM3
SIM4
1
21
22
SIM5
SIM1
SIM2
SIM3
SIM4
1
21
22
SIM5
SIM1
SIM2
SIM3
SIM4
1
21
22
SIM5
SIM1
SIM2
SIM3
SIM4
1
21
22
SIM5
SIM1
SIM2
SIM3
SIM4
1
21
22
SIM5
SIM1
SIM2
SIM3
SIM4
1
21
22
SIM5
SIM1
SIM2
SIM3
SIM4
1
21
22
SIM5
SIM1
SIM2
SIM3
SIM4
1
21
22
SIM5
SIM1
SIM2
SIM3
SIM4
1
21
22
SIM5
SIM1
SIM2
SIM3
SIM4
1
21
22
SIM5
SIM1
SIM2
SIM3
SIM4
1
21
22
SIM5
SIM1
SIM2
SIM3
SIM4
1
21
22
SIM5
SIM1
SIM2
SIM3
SIM4
1
21
22
SIM5
SIM1
SIM2
SIM3
SIM4
1
21
22
SIM5
SIM1
SIM2
SIM3
SIM4
1
21
22
SIM5
SIM1
SIM2
SIM3
SIM4
1
21
22
SIM5
SIM1
SIM2
SIM3
SIM4
1
21
22
SIM5
SIM1
SIM2
SIM3
SIM4
1
21
22
SIM5
SIM1
SIM2
SIM3
SIM4
1
21
22
SIM5
SIM1
SIM2
SIM3
SIM4
1
21
22
SIM5
SIM1
SIM2
SIM3
SIM4
1
21
22
SIM5
SIM1
SIM2
SIM3
SIM4
1
21
22
SIM5
SIM1
SIM2
SIM3
SIM4
1
21
22
SIM5
SIM1
SIM2
SIM3
SIM4
1
21
22
SIM5
SIM1
SIM2
SIM3
SIM4
1
21
22
SIM5
SIM1
SIM2
SIM3
SIM4
1
21
22
SIM5
SIM1
SIM2
SIM3
SIM4
1
21
22
SIM5
SIM1
SIM2
SIM3
SIM4
1
21
22
SIM5
SIM1
SIM2
SIM3
SIM4
1
21
22
SIM5
SIM1
SIM2
SIM3
SIM4
1
21
22
SIM5
SIM1
SIM2
SIM3
SIM4
1
21
22
SIM5
SIM1
SIM2
SIM3
SIM4
1
21
22
SIM5
SIM1
SIM2
SIM3
SIM4
1
21
22
SIM5
SIM1
SIM2
SIM3
SIM4
1
21
22
SIM5
SIM1
SIM2
SIM3
SIM4
1
21
22
SIM5
SIM1
SIM2
SIM3
SIM4
1
21
22
SIM5
SIM1
SIM2
SIM3
SIM4
1
21
22
SIM5
SIM1
SIM2
SIM3
SIM4
1
21
22
SIM5
SIM1
SIM2
SIM3
SIM4
1
21
22
SIM5
SIM1
SIM2
SIM3
SIM4
1
21
22
SIM5
SIM1
SIM2
SIM3
SIM4
1
21
22
SIM5
SIM1
SIM2
SIM3
SIM4
1
21
22
SIM5
SIM1
SIM2
SIM3
SIM4
1
21
22
SIM5
SIM1
SIM2
SIM3
SIM4
1
21
22
SIM5
SIM1
SIM2
SIM3
SIM4
1
21
22
SIM5
SIM1
SIM2
SIM3
SIM4
1
21
22
SIM5
SIM1
SIM2
SIM3
SIM4
1
21
22
SIM5
SIM1
SIM2
SIM3
SIM4
1
21
22
SIM5
SIM1
SIM2
SIM3
SIM4
1
21
22
SIM5
SIM1
SIM2
SIM3
SIM4
1
21
22
SIM5
SIM1
SIM2
SIM3
SIM4
1
21
22
SIM5
SIM1
SIM2
SIM3
SIM4
1
21
22
SIM5
SIM1
SIM2
SIM3
SIM4
1
21
22
SIM5
SIM1
SIM2
SIM3
SIM4
1
21
22
SIM5
SIM1
SIM2
SIM3
SIM4
1
21
22
SIM5
SIM1
SIM2
SIM3
SIM4
1
21
22
SIM5
SIM1
SIM2
SIM3
SIM4
1
21
22
SIM5
SIM1
SIM2
SIM3
SIM4
1
21
22
SIM5
SIM1
SIM2
SIM3
SIM4
1
21
22
SIM5
SIM1
SIM2
SIM3
SIM4
1
21
22
SIM5
SIM1
SIM2
SIM3
SIM4
1
21
22
SIM5
SIM1
SIM2
SIM3
SIM4
1
21
22
SIM5
SIM1
SIM2
SIM3
SIM4
1
21
22
SIM5
SIM1
SIM2
SIM3
SIM4
1
21
22
SIM5
SIM1
SIM2
SIM3
SIM4
1
21
22
SIM5
SIM1
SIM2
SIM3
SIM4
1
21
22
SIM5
SIM1
SIM2
SIM3
SIM4
1
21
22
SIM5
SIM1
SIM2
SIM3
SIM4
1
21
22
SIM5
SIM1
SIM2
DEBUG 1 607
SIM1
SIM2
SIM3
SIM4
1
21
22
SIM5
SIM1
SIM2
SIM3
SIM4
1
21
22
SIM5
SIM1
SIM2
SIM3
SIM4
1
21
22
SIM5
SIM1
SIM2
SIM3
SIM4
1
21
22
SIM5
SIM1
SIM2
SIM3
SIM4
1
21
22
SIM5
SIM1
SIM2
SIM3
SIM4
1
21
22
SIM5
SIM1
SIM2
SIM3
SIM4
1
21
22
SIM5
SIM1
SIM2
SIM3
SIM4
1
21
22
SIM5
SIM1
SIM2
SIM3
SIM4
1
21
22
SIM5
SIM1
SIM2
SIM3
SIM4
1
21
22
SIM5
SIM1
SIM2
SIM3
SIM4
1
21
22
SIM5
SIM1
SIM2
SIM3
SIM4
1
21
22
SIM5
SIM1
SIM2
SIM3
SIM4
1
21
22
SIM5
SIM1
SIM2
SIM3
SIM4
1
21
22
SIM5
SIM1
SIM2
SIM3
SIM4
1
21
22
SIM5
SIM1
SIM2
SIM3
SIM4
1
21
22
SIM5
SIM1
SIM2
SIM3
SIM4
1
21
22
SIM5
SIM1
SIM2
SIM3
SIM4
1
21
22
SIM5
SIM1
SIM2
SIM3
SIM4
1
21
22
SIM5
SIM1
SIM2
SIM3
SIM4
1
21
22
SIM5
SIM1
SIM2
SIM3
SIM4
1
21
22
SIM5
SIM1
SIM2
SIM3
SIM4
1
21
22
SIM5
SIM1
SIM2
SIM3
SIM4
1
21
22
SIM5
SIM1
SIM2
SIM3
SIM4
1
21
22
SIM5
SIM1
SIM2
SIM3
SIM4
1
21
22
SIM5
SIM1
SIM2
SIM3
SIM4
1
21
22
SIM5
SIM1
SIM2
SIM3
SIM4
1
21
22
SIM5
SIM1
SIM2
SIM3
SIM4
1
21
22
SIM5
SIM1
SIM2
SIM3
SIM4
1
21
22
SIM5
SIM1
SIM2
SIM3
SIM4
1
21
22
SIM5
SIM1
SIM2
SIM3
SIM4
1
21
22
SIM5
SIM1
SIM2
SIM3
SIM4
1
21
22
SIM5
SIM1
SIM2
SIM3
SIM4
1
21
22
SIM5
SIM1
SIM2
SIM3
SIM4
1
21
22
SIM5
SIM1
SIM2
SIM3
SIM4
1
21
22
SIM5
SIM1
SIM2
SIM3
SIM4
1
21
22
SIM5
SIM1
SIM2
SIM3
SIM4
1
21
22
SIM5
SIM1
SIM2
SIM3
SIM4
1
21
22
SIM5
SIM1
SIM2
SIM3
SIM4
1
21
22
SIM5
SIM1
SIM2
SIM3
SIM4
1
21
22
SIM5
SIM1
SIM2
SIM3
SIM4
1
21
22
SIM5
SIM1
SIM2
SIM3
SIM4
1
21
22
SIM5
SIM1
SIM2
SIM3
SIM4
1
21
22
SIM5
SIM1
SIM2
SIM3
SIM4
1
21
22
SIM5
SIM1
SIM2
SIM3
SIM4
1
21
22
SIM5
SIM1
SIM2
SIM3
SIM4
1
21
22
SIM5
SIM1
SIM2
SIM3
SIM4
1
21
22
SIM5
SIM1
SIM2
SIM3
SIM4
1
21
22
SIM5
SIM1
SIM2
SIM3
SIM4
1
21
22
SIM5
SIM1
SIM2
SIM3
SIM4
1
21
22
SIM5
SIM1
SIM2
SIM3
SIM4
1
21
22
SIM5
SIM1
SIM2
SIM3
SIM4
1
21
22
SIM5
SIM1
SIM2
SIM3
SIM4
1
21
22
SIM5
SIM1
SIM2
SIM3
SIM4
1
21
22
SIM5
SIM1
SIM2
SIM3
SIM4
1
21
22
SIM5
SIM1
SIM2
SIM3
SIM4
1
21
22
SIM5
SIM1
SIM2
SIM3
SIM4
1
21
22
SIM5
SIM1
SIM2
SIM3
SIM4
1
21
22
SIM5
SIM1
SIM2
SIM3
SIM4
1
21
22
SIM5
SIM1
SIM2
SIM3
SIM4
1
21
22
SIM5
SIM1
SIM2
SIM3
SIM4
1
21
22
SIM5
SIM1
SIM2
SIM3
SIM4
1
21
22
SIM5
SIM1
SIM2
SIM3
SIM4
1
21
22
SIM5
SIM1
SIM2
SIM3
SIM4
1
21
22
SIM5
SIM1
SIM2
SIM3
SIM4
1
21
22
SIM5
SIM1
SIM2
SIM3
SIM4
1
21
22
SIM5
SIM1
SIM2
SIM3
SIM4
1
21
22
SIM5
SIM1
SIM2
SIM3
SIM4
1
21
22
SIM5
SIM1
SIM2
SIM3
SIM4
1
21
22
SIM5
SIM1
SIM2
SIM3
SIM4
1
21
22
SIM5
SIM1
SIM2
SIM3
SIM4
1
21
22
SIM5
SIM1
SIM2
SIM3
SIM4
1
21
22
SIM5
SIM1
SIM2
SIM3
SIM4
1
21
22
SIM5
SIM1
SIM2
SIM3
SIM4
1
21
22
SIM5
SIM1
SIM2
SIM3
SIM4
1
21
22
SIM5
SIM1
SIM2
SIM3
SIM4
1
21
22
SIM5
SIM1
SIM2
SIM3
SIM4
1
21
22
SIM5
SIM1
SIM2
SIM3
SIM4
1
21
22
SIM5
SIM1
SIM2
SIM3
SIM4
1
21
22
SIM5
SIM1
SIM2
SIM3
SIM4
1
21
22
SIM5
SIM1
SIM2
SIM3
SIM4
1
21
22
SIM5
SIM1
SIM2
SIM3
SIM4
1
21
22
SIM5
SIM1
SIM2
SIM3
SIM4
1
21
22
SIM5
SIM1
SIM2
SIM3
SIM4
1
21
22
SIM5
SIM1
SIM2
SIM3
SIM4
1
21
22
SIM5
SIM1
SIM2
SIM3
SIM4
1
21
22
SIM5
SIM1
SIM2
SIM3
SIM4
1
21
22
SIM5
SIM1
SIM2
SIM3
SIM4
1
21
22
SIM5
SIM1
SIM2
SIM3
SIM4
1
21
22
SIM5
SIM1
SIM2
SIM3
SIM4
1
21
22
SIM5
SIM1
SIM2
SIM3
SIM4
1
21
22
SIM5
SIM1
SIM2
SIM3
SIM4
1
21
22
SIM5
SIM1
SIM2
SIM3
SIM4
1
21
22
SIM5
SIM1
SIM2
SIM3
SIM4
1
21
22
SIM5
SIM1
SIM2
SIM3
SIM4
1
21
22
SIM5
SIM1
SIM2
SIM3
SIM4
1
21
22
SIM5
SIM1
SIM2
SIM3
SIM4
1
21
22
SIM5
SIM1
SIM2
SIM3
SIM4
1
21
22
SIM5
SIM1
SIM2
SIM3
SIM4
1
21
22
SIM5
SIM1
SIM2
SIM3
SIM4
1
21
22
SIM5
SIM1
SIM2
SIM3
SIM4
1
21
22
SIM5
SIM1
SIM2
SIM3
SIM4
1
21
22
SIM5
SIM1
SIM2
SIM3
SIM4
1
21
22
SIM5
SIM1
SIM2
SIM3
SIM4
1
21
22
SIM5
SIM1
SIM2
SIM3
SIM4
1
21
22
SIM5
SIM1
SIM2
SIM3
SIM4
1
21
22
SIM5
SIM1
SIM2
SIM3
SIM4
1
21
22
SIM5
SIM1
SIM2
SIM3
SIM4
1
21
22
SIM5
SIM1
SIM2
SIM3
SIM4
1
21
22
SIM5
SIM1
SIM2
SIM3
SIM4
1
21
22
SIM5
SIM1
SIM2
SIM3
SIM4
1
21
22
SIM5
SIM1
SIM2
SIM3
SIM4
1
21
22
SIM5
SIM1
SIM2
SIM3
SIM4
1
21
22
SIM5
SIM1
SIM2
SIM3
SIM4
1
21
22
SIM5
SIM1
SIM2
SIM3
SIM4
1
21
22
SIM5
SIM1
SIM2
SIM3
SIM4
1
21
22
SIM5
SIM1
SIM2
SIM3
SIM4
1
21
22
SIM5
SIM1
SIM2
SIM3
SIM4
1
21
22
SIM5
SIM1
SIM2
SIM3
SIM4
1
21
22
SIM5
SIM1
SIM2
SIM3
SIM4
1
21
22
SIM5
SIM1
SIM2
SIM3
SIM4
1
21
22
SIM5
SIM1
SIM2
SIM3
SIM4
1
21
22
SIM5
SIM1
SIM2
SIM3
SIM4
1
21
22
SIM5
SIM1
SIM2
SIM3
SIM4
1
21
22
SIM5
SIM1
SIM2
SIM3
SIM4
1
21
22
SIM5
SIM1
SIM2
SIM3
SIM4
1
21
22
SIM5
SIM1
SIM2
SIM3
SIM4
1
21
22
SIM5
SIM1
SIM2
SIM3
SIM4
1
21
22
SIM5
SIM1
SIM2
SIM3
SIM4
1
21
22
SIM5
SIM1
SIM2
SIM3
SIM4
1
21
22
SIM5
SIM1
SIM2
SIM3
SIM4
1
21
22
SIM5
SIM1
SIM2
SIM3
SIM4
1
21
22
SIM5
SIM1
SIM2
SIM3
SIM4
1
21
22
SIM5
SIM1
SIM2
SIM3
SIM4
1
21
22
SIM5
SIM1
SIM2
SIM3
SIM4
1
21
22
SIM5
SIM1
SIM2
SIM3
SIM4
1
21
22
SIM5
SIM1
SIM2
DEBUG 1 608
SIM1
SIM2
SIM3
SIM4
1
21
22
SIM5
SIM1
SIM2
SIM3
SIM4
1
21
22
SIM5
SIM1
SIM2
SIM3
SIM4
1
21
22
SIM5
SIM1
SIM2
SIM3
SIM4
1
21
22
SIM5
SIM1
SIM2
SIM3
SIM4
1
21
22
SIM5
SIM1
SIM2
SIM3
SIM4
1
21
22
SIM5
SIM1
SIM2
SIM3
SIM4
1
21
22
SIM5
SIM1
SIM2
SIM3
SIM4
1
21
22
SIM5
SIM1
SIM2
SIM3
SIM4
1
21
22
SIM5
SIM1
SIM2
SIM3
SIM4
1
21
22
SIM5
SIM1
SIM2
SIM3
SIM4
1
21
22
SIM5
SIM1
SIM2
SIM3
SIM4
1
21
22
SIM5
SIM1
SIM2
SIM3
SIM4
1
21
22
SIM5
SIM1
SIM2
SIM3
SIM4
1
21
22
SIM5
SIM1
SIM2
SIM3
SIM4
1
21
22
SIM5
SIM1
SIM2
SIM3
SIM4
1
21
22
SIM5
SIM1
SIM2
SIM3
SIM4
1
21
22
SIM5
SIM1
SIM2
SIM3
SIM4
1
21
22
SIM5
SIM1
SIM2
SIM3
SIM4
1
21
22
SIM5
SIM1
SIM2
SIM3
SIM4
1
21
22
SIM5
SIM1
SIM2
SIM3
SIM4
1
21
22
SIM5
SIM1
SIM2
SIM3
SIM4
1
21
22
SIM5
SIM1
SIM2
SIM3
SIM4
1
21
22
SIM5
SIM1
SIM2
SIM3
SIM4
1
21
22
SIM5
SIM1
SIM2
SIM3
SIM4
1
21
22
SIM5
SIM1
SIM2
SIM3
SIM4
1
21
22
SIM5
SIM1
SIM2
SIM3
SIM4
1
21
22
SIM5
SIM1
SIM2
SIM3
SIM4
1
21
22
SIM5
SIM1
SIM2
SIM3
SIM4
1
21
22
SIM5
SIM1
SIM2
SIM3
SIM4
1
21
22
SIM5
SIM1
SIM2
SIM3
SIM4
1
21
22
SIM5
SIM1
SIM2
SIM3
SIM4
1
21
22
SIM5
SIM1
SIM2
SIM3
SIM4
1
21
22
SIM5
SIM1
SIM2
SIM3
SIM4
1
21
22
SIM5
SIM1
SIM2
SIM3
SIM4
1
21
22
SIM5
SIM1
SIM2
SIM3
SIM4
1
21
22
SIM5
SIM1
SIM2
SIM3
SIM4
1
21
22
SIM5
SIM1
SIM2
SIM3
SIM4
1
21
22
SIM5
SIM1
SIM2
SIM3
SIM4
1
21
22
SIM5
SIM1
SIM2
SIM3
SIM4
1
21
22
SIM5
SIM1
SIM2
SIM3
SIM4
1
21
22
SIM5
SIM1
SIM2
SIM3
SIM4
1
21
22
SIM5
SIM1
SIM2
SIM3
SIM4
1
21
22
SIM5
SIM1
SIM2
SIM3
SIM4
1
21
22
SIM5
SIM1
SIM2
SIM3
SIM4
1
21
22
SIM5
SIM1
SIM2
SIM3
SIM4
1
21
22
SIM5
SIM1
SIM2
SIM3
SIM4
1
21
22
SIM5
SIM1
SIM2
SIM3
SIM4
1
21
22
SIM5
SIM1
SIM2
SIM3
SIM4
1
21
22
SIM5
SIM1
SIM2
SIM3
SIM4
1
21
22
SIM5
SIM1
SIM2
SIM3
SIM4
1
21
22
SIM5
SIM1
SIM2
SIM3
SIM4
1
21
22
SIM5
SIM1
SIM2
SIM3
SIM4
1
21
22
SIM5
SIM1
SIM2
SIM3
SIM4
1
21
22
SIM5
SIM1
SIM2
SIM3
SIM4
1
21
22
SIM5
SIM1
SIM2
SIM3
SIM4
1
21
22
SIM5
SIM1
SIM2
SIM3
SIM4
1
21
22
SIM5
SIM1
SIM2
SIM3
SIM4
1
21
22
SIM5
SIM1
SIM2
SIM3
SIM4
1
21
22
SIM5
SIM1
SIM2
SIM3
SIM4
1
21
22
SIM5
SIM1
SIM2
SIM3
SIM4
1
21
22
SIM5
SIM1
SIM2
SIM3
SIM4
1
21
22
SIM5
SIM1
SIM2
SIM3
SIM4
1
21
22
SIM5
SIM1
SIM2
SIM3
SIM4
1
21
22
SIM5
SIM1
SIM2
SIM3
SIM4
1
21
22
SIM5
SIM1
SIM2
SIM3
SIM4
1
21
22
SIM5
SIM1
SIM2
SIM3
SIM4
1
21
22
SIM5
SIM1
SIM2
SIM3
SIM4
1
21
22
SIM5
SIM1
SIM2
SIM3
SIM4
1
21
22
SIM5
SIM1
SIM2
SIM3
SIM4
1
21
22
SIM5
SIM1
SIM2
SIM3
SIM4
1
21
22
SIM5
SIM1
SIM2
SIM3
SIM4
1
21
22
SIM5
SIM1
SIM2
SIM3
SIM4
1
21
22
SIM5
SIM1
SIM2
SIM3
SIM4
1
21
22
SIM5
SIM1
SIM2
SIM3
SIM4
1
21
22
SIM5
SIM1
SIM2
SIM3
SIM4
1
21
22
SIM5
SIM1
SIM2
SIM3
SIM4
1
21
22
SIM5
SIM1
SIM2
SIM3
SIM4
1
21
22
SIM5
SIM1
SIM2
SIM3
SIM4
1
21
22
SIM5
SIM1
SIM2
SIM3
SIM4
1
21
22
SIM5
SIM1
SIM2
SIM3
SIM4
1
21
22
SIM5
SIM1
SIM2
SIM3
SIM4
1
21
22
SIM5
SIM1
SIM2
SIM3
SIM4
1
21
22
SIM5
SIM1
SIM2
SIM3
SIM4
1
21
22
SIM5
SIM1
SIM2
SIM3
SIM4
1
21
22
SIM5
SIM1
SIM2
SIM3
SIM4
1
21
22
SIM5
SIM1
SIM2
SIM3
SIM4
1
21
22
SIM5
SIM1
SIM2
SIM3
SIM4
1
21
22
SIM5
SIM1
SIM2
SIM3
SIM4
1
21
22
SIM5
SIM1
SIM2
SIM3
SIM4
1
21
22
SIM5
SIM1
SIM2
SIM3
SIM4
1
21
22
SIM5
SIM1
SIM2
SIM3
SIM4
1
21
22
SIM5
SIM1
SIM2
SIM3
SIM4
1
21
22
SIM5
SIM1
SIM2
SIM3
SIM4
1
21
22
SIM5
SIM1
SIM2
SIM3
SIM4
1
21
22
SIM5
SIM1
SIM2
SIM3
SIM4
1
21
22
SIM5
SIM1
SIM2
SIM3
SIM4
1
21
22
SIM5
SIM1
SIM2
SIM3
SIM4
1
21
22
SIM5
SIM1
SIM2
SIM3
SIM4
1
21
22
SIM5
SIM1
SIM2
SIM3
SIM4
1
21
22
SIM5
SIM1
SIM2
SIM3
SIM4
1
21
22
SIM5
SIM1
SIM2
SIM3
SIM4
1
21
22
SIM5
SIM1
SIM2
SIM3
SIM4
1
21
22
SIM5
SIM1
SIM2
SIM3
SIM4
1
21
22
SIM5
SIM1
SIM2
SIM3
SIM4
1
21
22
SIM5
SIM1
SIM2
SIM3
SIM4
1
21
22
SIM5
SIM1
SIM2
SIM3
SIM4
1
21
22
SIM5
SIM1
SIM2
SIM3
SIM4
1
21
22
SIM5
SIM1
SIM2
SIM3
SIM4
1
21
22
SIM5
SIM1
SIM2
SIM3
SIM4
1
21
22
SIM5
SIM1
SIM2
SIM3
SIM4
1
21
22
SIM5
SIM1
SIM2
SIM3
SIM4
1
21
22
SIM5
SIM1
SIM2
SIM3
SIM4
1
21
22
SIM5
SIM1
SIM2
SIM3
SIM4
1
21
22
SIM5
SIM1
SIM2
SIM3
SIM4
1
21
22
SIM5
SIM1
SIM2
SIM3
SIM4
1
21
22
SIM5
SIM1
SIM2
SIM3
SIM4
1
21
22
SIM5
SIM1
SIM2
SIM3
SIM4
1
21
22
SIM5
SIM1
SIM2
SIM3
SIM4
1
21
22
SIM5
SIM1
SIM2
SIM3
SIM4
1
21
22
SIM5
SIM1
SIM2
SIM3
SIM4
1
21
22
SIM5
SIM1
SIM2
SIM3
SIM4
1
21
22
SIM5
SIM1
SIM2
SIM3
SIM4
1
21
22
SIM5
SIM1
SIM2
SIM3
SIM4
1
21
22
SIM5
SIM1
SIM2
SIM3
SIM4
1
21
22
SIM5
SIM1
SIM2
SIM3
SIM4
1
21
22
SIM5
SIM1
SIM2
SIM3
SIM4
1
21
22
SIM5
SIM1
SIM2
SIM3
SIM4
1
21
22
SIM5
SIM1
SIM2
SIM3
SIM4
1
21
22
SIM5
SIM1
SIM2
SIM3
SIM4
1
21
22
SIM5
SIM1
SIM2
SIM3
SIM4
1
21
22
SIM5
SIM1
SIM2
SIM3
SIM4
1
21
22
SIM5
SIM1
SIM2
SIM3
SIM4
1
21
22
SIM5
SIM1
SIM2
SIM3
SIM4
1
21
22
SIM5
SIM1
SIM2
SIM3
SIM4
1
21
22
SIM5
SIM1
SIM2
SIM3
SIM4
1
21
22
SIM5
SIM1
SIM2
SIM3
SIM4
1
21
22
SIM5
SIM1
SIM2
SIM3
SIM4
1
21
22
SIM5
SIM1
SIM2
SIM3
SIM4
1
21
22
SIM5
SIM1
SIM2
SIM3
SIM4
1
21
22
SIM5
SIM1
SIM2
SIM3
SIM4
1
21
22
SIM5
SIM1
SIM2
SIM3
SIM4
1
21
22
SIM5
SIM1
SIM2
SIM3
SIM4
1
21
22
SIM5
SIM1
SIM2
SIM3
SIM4
1
21
22
SIM5
SIM1
SIM2
SIM3
SIM4
1
21
22
SIM5
SIM1
SIM2
SIM3
SIM4
1
21
22
SIM5
SIM1
SIM2
SIM3
SIM4
1
21
22
SIM5
SIM1
SIM2
SIM3
SIM4
1
21
22
SIM5
SIM1
SIM2
SIM3
SIM4
1
21
22
SIM5
SIM1
SIM2
SIM3
SIM4
1
21
22
SIM5
SIM1
SIM2
SIM3
SIM4
1
21
22
SIM5
SIM1
SIM2
SIM3
SIM4
1
21
22
SIM5
SIM1
SIM2
SIM3
SIM4
1
21
22
SIM5
SIM1
SIM2
SIM3
SIM4
1
21
22
SIM5
SIM1
SIM2
SIM3
SIM4
1
21
22
SIM5
SIM1
SIM2
SIM3
SIM4
1
21
22
SIM5
SIM1
SIM2
SIM3
SIM4
1
21
22
SIM5
SIM1
SIM2
SIM3
SIM4
1
21
22
SIM5
SIM1
SIM2
SIM3
SIM4
1
21
22
SIM5
SIM1
SIM2
SIM3
SIM4
1
21
22
SIM5
SIM1
SIM2
SIM3
SIM4
1
21
22
SIM5
SIM1
SIM2
SIM3
SIM4
1
21
22
SIM5
SIM1
SIM2
SIM3
SIM4
1
21
22
SIM5
SIM1
SIM2
SIM3
SIM4
1
21
22
SIM5
SIM1
SIM2
SIM3
SIM4
1
21
22
SIM5
SIM1
SIM2
SIM3
SIM4
1
21
22
SIM5
SIM1
SIM2
SIM3
SIM4
1
21
22
SIM5
SIM1
SIM2
SIM3
SIM4
1
21
22
SIM5
SIM1
SIM2
SIM3
SIM4
1
21
22
SIM5
SIM1
SIM2
SIM3
SIM4
1
21
22
SIM5
SIM1
SIM2
SIM3
SIM4
1
21
22
SIM5
SIM1
SIM2
SIM3
SIM4
1
21
22
SIM5
SIM1
SIM2
SIM3
SIM4
1
21
22
SIM5
SIM1
SIM2
SIM3
SIM4
1
21
22
SIM5
SIM1
SIM2
SIM3
SIM4
1
21
22
SIM5
SIM1
SIM2
SIM3
SIM4
1
21
22
SIM5
SIM1
SIM2
SIM3
SIM4
1
21
22
SIM5
SIM1
SIM2
SIM3
SIM4
1
21
22
SIM5
SIM1
SIM2
SIM3
SIM4
1
21
22
SIM5
SIM1
SIM2
SIM3
SIM4
1
21
22
SIM5
SIM1
SIM2
SIM3
SIM4
1
21
22
SIM5
SIM1
SIM2
SIM3
SIM4
1
21
22
SIM5
SIM1
SIM2
SIM3
SIM4
1
21
22
SIM5
SIM1
SIM2
SIM3
SIM4
1
21
22
SIM5
SIM1
SIM2
SIM3
SIM4
1
21
22
SIM5
SIM1
SIM2
SIM3
SIM4
1
21
22
SIM5
SIM1
SIM2
SIM3
SIM4
1
21
22
SIM5
SIM1
SIM2
SIM3
SIM4
1
21
22
SIM5
SIM1
SIM2
SIM3
SIM4
1
21
22
SIM5
SIM1
SIM2
SIM3
SIM4
1
21
22
SIM5
SIM1
SIM2
SIM3
SIM4
1
21
22
SIM5
SIM1
SIM2
SIM3
SIM4
1
21
22
SIM5
SIM1
SIM2
SIM3
SIM4
1
21
22
SIM5
SIM1
SIM2
SIM3
SIM4
1
21
22
SIM5
SIM1
SIM2
SIM3
SIM4
1
21
22
SIM5
SIM1
SIM2
SIM3
SIM4
1
21
22
SIM5
SIM1
SIM2
SIM3
SIM4
1
21
22
SIM5
SIM1
SIM2
SIM3
SIM4
1
21
22
SIM5
SIM1
SIM2
SIM3
SIM4
1
21
22
SIM5
SIM1
SIM2
SIM3
SIM4
1
21
22
SIM5
SIM1
SIM2
SIM3
SIM4
1
21
22
SIM5
SIM1
SIM2
SIM3
SIM4
1
21
22
SIM5
SIM1
SIM2
SIM3
SIM4
1
21
22
SIM5
SIM1
SIM2
SIM3
SIM4
1
21
22
SIM5
SIM1
SIM2
SIM3
SIM4
1
21
22
SIM5
SIM1
SIM2
SIM3
SIM4
1
21
22
SIM5
SIM1
SIM2
SIM3
SIM4
1
21
22
SIM5
SIM1
SIM2
SIM3
SIM4
1
21
22
SIM5
SIM1
SIM2
SIM3
SIM4
1
21
22
SIM5
SIM1
SIM2
SIM3
SIM4
1
21
22
SIM5
SIM1
SIM2
SIM3
SIM4
1
21
22
SIM5
SIM1
SIM2
SIM3
SIM4
1
21
22
SIM5
SIM1
SIM2
SIM3
SIM4
1
21
22
SIM5
SIM1
SIM2
SIM3
SIM4
1
21
22
SIM5
SIM1
SIM2
SIM3
SIM4
1
21
22
SIM5
SIM1
SIM2
SIM3
SIM4
1
21
22
SIM5
SIM1
SIM2
SIM3
SIM4
1
21
22
SIM5
SIM1
SIM2
SIM3
SIM4
1
21
22
SIM5
SIM1
SIM2
SIM3
SIM4
1
21
22
SIM5
SIM1
SIM2
SIM3
SIM4
1
21
22
SIM5
SIM1
SIM2
SIM3
SIM4
1
21
22
SIM5
SIM1
SIM2
SIM3
SIM4
1
21
22
SIM5
SIM1
SIM2
SIM3
SIM4
1
21
22
SIM5
SIM1
SIM2
SIM3
SIM4
1
21
22
SIM5
SIM1
SIM2
SIM3
SIM4
1
21
22
SIM5
SIM1
SIM2
SIM3
SIM4
1
21
22
SIM5
SIM1
SIM2
SIM3
SIM4
1
21
22
SIM5
SIM1
SIM2
SIM3
SIM4
1
21
22
SIM5
SIM1
SIM2
SIM3
SIM4
1
21
22
SIM5
SIM1
SIM2
SIM3
SIM4
1
21
22
SIM5
SIM1
SIM2
SIM3
SIM4
1
21
22
SIM5
SIM1
SIM2
SIM3
SIM4
1
21
22
SIM5
SIM1
SIM2
SIM3
SIM4
1
21
22
SIM5
SIM1
SIM2
SIM3
SIM4
1
21
22
SIM5
SIM1
SIM2
SIM3
SIM4
1
21
22
SIM5
SIM1
SIM2
SIM3
SIM4
1
21
22
SIM5
SIM1
SIM2
SIM3
SIM4
1
21
22
SIM5
SIM1
SIM2
SIM3
SIM4
1
21
22
SIM5
SIM1
SIM2
SIM3
SIM4
1
21
22
SIM5
SIM1
SIM2
SIM3
SIM4
1
21
22
SIM5
SIM1
SIM2
SIM3
SIM4
1
21
22
SIM5
SIM1
SIM2
SIM3
SIM4
1
21
22
SIM5
SIM1
SIM2
SIM3
SIM4
1
21
22
SIM5
SIM1
SIM2
SIM3
SIM4
1
21
22
SIM5
SIM1
SIM2
SIM3
SIM4
1
21
22
SIM5
SIM1
SIM2
SIM3
SIM4
1
21
22
SIM5
SIM1
SIM2
SIM3
SIM4
1
21
22
SIM5
SIM1
SIM2
SIM3
SIM4
1
21
22
SIM5
SIM1
SIM2
SIM3
SIM4
1
21
22
SIM5
SIM1
SIM2
SIM3
SIM4
1
21
22
SIM5
SIM1
SIM2
SIM3
SIM4
1
21
22
SIM5
SIM1
SIM2
SIM3
SIM4
1
21
22
SIM5
SIM1
SIM2
SIM3
SIM4
1
21
22
SIM5
SIM1
SIM2
SIM3
SIM4
1
21
22
SIM5
SIM1
SIM2
SIM3
SIM4
1
21
22
SIM5
SIM1
SIM2
SIM3
SIM4
1
21
22
SIM5
SIM1
SIM2
SIM3
SIM4
1
21
22
SIM5
SIM1
SIM2
SIM3
SIM4
1
21
22
SIM5
SIM1
SIM2
SIM3
SIM4
1
21
22
SIM5
SIM1
SIM2
SIM3
SIM4
1
21
22
SIM5
SIM1
SIM2
SIM3
SIM4
1
21
22
SIM5
SIM1
SIM2
SIM3
SIM4
1
21
22
SIM5
SIM1
SIM2
SIM3
SIM4
1
21
22
SIM5
SIM1
SIM2
SIM3
SIM4
1
21
22
SIM5
SIM1
SIM2
SIM3
SIM4
1
21
22
SIM5
SIM1
SIM2
SIM3
SIM4
1
21
22
SIM5
SIM1
SIM2
SIM3
SIM4
1
21
22
SIM5
SIM1
SIM2
SIM3
SIM4
1
21
22
SIM5
SIM1
SIM2
SIM3
SIM4
1
21
22
SIM5
SIM1
SIM2
SIM3
SIM4
1
21
22
SIM5
SIM1
SIM2
SIM3
SIM4
1
21
22
SIM5
SIM1
SIM2
SIM3
SIM4
1
21
22
SIM5
SIM1
SIM2
SIM3
SIM4
1
21
22
SIM5
SIM1
SIM2
SIM3
SIM4
1
21
22
SIM5
SIM1
SIM2
SIM3
SIM4
1
21
22
SIM5
SIM1
SIM2
SIM3
SIM4
1
21
22
SIM5
SIM1
SIM2
SIM3
SIM4
1
21
22
SIM5
SIM1
SIM2
SIM3
SIM4
1
21
22
SIM5
SIM1
SIM2
SIM3
SIM4
1
21
22
SIM5
SIM1
SIM2
SIM3
SIM4
1
21
22
SIM5
SIM1
SIM2
SIM3
SIM4
1
21
22
SIM5
SIM1
SIM2
SIM3
SIM4
1
21
22
SIM5
SIM1
SIM2
SIM3
SIM4
1
21
22
SIM5
SIM1
SIM2
SIM3
SIM4
1
21
22
SIM5
SIM1
SIM2
SIM3
SIM4
1
21
22
SIM5
SIM1
SIM2
SIM3
SIM4
1
21
22
SIM5
SIM1
SIM2
SIM3
SIM4
1
21
22
SIM5
SIM1
SIM2
SIM3
SIM4
1
21
22
SIM5
SIM1
SIM2
SIM3
SIM4
1
21
22
SIM5
SIM1
SIM2
SIM3
SIM4
1
21
22
SIM5
SIM1
SIM2
SIM3
SIM4
1
21
22
SIM5
SIM1
SIM2
SIM3
SIM4
1
21
22
SIM5
SIM1
SIM2
SIM3
SIM4
1
21
22
SIM5
SIM1
SIM2
SIM3
SIM4
1
21
22
SIM5
SIM1
SIM2
SIM3
SIM4
1
21
22
SIM5
SIM1
SIM2
SIM3
SIM4
1
21
22
SIM5
SIM1
SIM2
SIM3
SIM4
1
21
22
SIM5
SIM1
SIM2
SIM3
SIM4
1
21
22
SIM5
SIM1
SIM2
SIM3
SIM4
1
21
22
SIM5
SIM1
SIM2
DEBUG 1 609
SIM1
SIM2
SIM3
SIM4
1
21
22
SIM5
SIM1
SIM2
SIM3
SIM4
1
21
22
SIM5
SIM1
SIM2
SIM3
SIM4
1
21
22
SIM5
SIM1
SIM2
SIM3
SIM4
1
21
22
SIM5
SIM1
SIM2
SIM3
SIM4
1
21
22
SIM5
SIM1
SIM2
SIM3
SIM4
1
21
22
SIM5
SIM1
SIM2
SIM3
SIM4
1
21
22
SIM5
SIM1
SIM2
SIM3
SIM4
1
21
22
SIM5
SIM1
SIM2
SIM3
SIM4
1
21
22
SIM5
SIM1
SIM2
SIM3
SIM4
1
21
22
SIM5
SIM1
SIM2
SIM3
SIM4
1
21
22
SIM5
SIM1
SIM2
SIM3
SIM4
1
21
22
SIM5
SIM1
SIM2
SIM3
SIM4
1
21
22
SIM5
SIM1
SIM2
SIM3
SIM4
1
21
22
SIM5
SIM1
SIM2
SIM3
SIM4
1
21
22
SIM5
SIM1
SIM2
SIM3
SIM4
1
21
22
SIM5
SIM1
SIM2
SIM3
SIM4
1
21
22
SIM5
SIM1
SIM2
SIM3
SIM4
1
21
22
SIM5
SIM1
SIM2
SIM3
SIM4
1
21
22
SIM5
SIM1
SIM2
SIM3
SIM4
1
21
22
SIM5
SIM1
SIM2
SIM3
SIM4
1
21
22
SIM5
SIM1
SIM2
SIM3
SIM4
1
21
22
SIM5
SIM1
SIM2
SIM3
SIM4
1
21
22
SIM5
SIM1
SIM2
SIM3
SIM4
1
21
22
SIM5
SIM1
SIM2
SIM3
SIM4
1
21
22
SIM5
SIM1
SIM2
SIM3
SIM4
1
21
22
SIM5
SIM1
SIM2
SIM3
SIM4
1
21
22
SIM5
SIM1
SIM2
SIM3
SIM4
1
21
22
SIM5
SIM1
SIM2
SIM3
SIM4
1
21
22
SIM5
SIM1
SIM2
SIM3
SIM4
1
21
22
SIM5
SIM1
SIM2
SIM3
SIM4
1
21
22
SIM5
SIM1
SIM2
SIM3
SIM4
1
21
22
SIM5
SIM1
SIM2
SIM3
SIM4
1
21
22
SIM5
SIM1
SIM2
SIM3
SIM4
1
21
22
SIM5
SIM1
SIM2
SIM3
SIM4
1
21
22
SIM5
SIM1
SIM2
SIM3
SIM4
1
21
22
SIM5
SIM1
SIM2
SIM3
SIM4
1
21
22
SIM5
SIM1
SIM2
SIM3
SIM4
1
21
22
SIM5
SIM1
SIM2
SIM3
SIM4
1
21
22
SIM5
SIM1
SIM2
SIM3
SIM4
1
21
22
SIM5
SIM1
SIM2
SIM3
SIM4
1
21
22
SIM5
SIM1
SIM2
SIM3
SIM4
1
21
22
SIM5
SIM1
SIM2
SIM3
SIM4
1
21
22
SIM5
SIM1
SIM2
SIM3
SIM4
1
21
22
SIM5
SIM1
SIM2
SIM3
SIM4
1
21
22
SIM5
SIM1
SIM2
SIM3
SIM4
1
21
22
SIM5
SIM1
SIM2
SIM3
SIM4
1
21
22
SIM5
SIM1
SIM2
SIM3
SIM4
1
21
22
SIM5
SIM1
SIM2
SIM3
SIM4
1
21
22
SIM5
SIM1
SIM2
SIM3
SIM4
1
21
22
SIM5
SIM1
SIM2
SIM3
SIM4
1
21
22
SIM5
SIM1
SIM2
SIM3
SIM4
1
21
22
SIM5
SIM1
SIM2
SIM3
SIM4
1
21
22
SIM5
SIM1
SIM2
SIM3
SIM4
1
21
22
SIM5
SIM1
SIM2
SIM3
SIM4
1
21
22
SIM5
SIM1
SIM2
SIM3
SIM4
1
21
22
SIM5
SIM1
SIM2
SIM3
SIM4
1
21
22
SIM5
SIM1
SIM2
SIM3
SIM4
1
21
22
SIM5
SIM1
SIM2
SIM3
SIM4
1
21
22
SIM5
SIM1
SIM2
SIM3
SIM4
1
21
22
SIM5
SIM1
SIM2
SIM3
SIM4
1
21
22
SIM5
SIM1
SIM2
SIM3
SIM4
1
21
22
SIM5
SIM1
SIM2
SIM3
SIM4
1
21
22
SIM5
SIM1
SIM2
SIM3
SIM4
1
21
22
SIM5
SIM1
SIM2
SIM3
SIM4
1
21
22
SIM5
SIM1
SIM2
SIM3
SIM4
1
21
22
SIM5
SIM1
SIM2
SIM3
SIM4
1
21
22
SIM5
SIM1
SIM2
SIM3
SIM4
1
21
22
SIM5
SIM1
SIM2
SIM3
SIM4
1
21
22
SIM5
SIM1
SIM2
SIM3
SIM4
1
21
22
SIM5
SIM1
SIM2
SIM3
SIM4
1
21
22
SIM5
SIM1
SIM2
SIM3
SIM4
1
21
22
SIM5
SIM1
SIM2
SIM3
SIM4
1
21
22
SIM5
SIM1
SIM2
SIM3
SIM4
1
21
22
SIM5
SIM1
SIM2
SIM3
SIM4
1
21
22
SIM5
SIM1
SIM2
SIM3
SIM4
1
21
22
SIM5
SIM1
SIM2
SIM3
SIM4
1
21
22
SIM5
SIM1
SIM2
SIM3
SIM4
1
21
22
SIM5
SIM1
SIM2
SIM3
SIM4
1
21
22
SIM5
SIM1
SIM2
SIM3
SIM4
1
21
22
SIM5
SIM1
SIM2
SIM3
SIM4
1
21
22
SIM5
SIM1
SIM2
SIM3
SIM4
1
21
22
SIM5
SIM1
SIM2
SIM3
SIM4
1
21
22
SIM5
SIM1
SIM2
SIM3
SIM4
1
21
22
SIM5
SIM1
SIM2
SIM3
SIM4
1
21
22
SIM5
SIM1
SIM2
SIM3
SIM4
1
21
22
SIM5
SIM1
SIM2
SIM3
SIM4
1
21
22
SIM5
SIM1
SIM2
SIM3
SIM4
1
21
22
SIM5
SIM1
SIM2
SIM3
SIM4
1
21
22
SIM5
SIM1
SIM2
SIM3
SIM4
1
21
22
SIM5
SIM1
SIM2
SIM3
SIM4
1
21
22
SIM5
SIM1
SIM2
SIM3
SIM4
1
21
22
SIM5
SIM1
SIM2
SIM3
SIM4
1
21
22
SIM5
SIM1
SIM2
SIM3
SIM4
1
21
22
SIM5
SIM1
SIM2
SIM3
SIM4
1
21
22
SIM5
SIM1
SIM2
SIM3
SIM4
1
21
22
SIM5
SIM1
SIM2
SIM3
SIM4
1
21
22
SIM5
SIM1
SIM2
SIM3
SIM4
1
21
22
SIM5
SIM1
SIM2
SIM3
SIM4
1
21
22
SIM5
SIM1
SIM2
SIM3
SIM4
1
21
22
SIM5
SIM1
SIM2
SIM3
SIM4
1
21
22
SIM5
SIM1
SIM2
SIM3
SIM4
1
21
22
SIM5
SIM1
SIM2
SIM3
SIM4
1
21
22
SIM5
SIM1
SIM2
SIM3
SIM4
1
21
22
SIM5
SIM1
SIM2
SIM3
SIM4
1
21
22
SIM5
SIM1
SIM2
SIM3
SIM4
1
21
22
SIM5
SIM1
SIM2
SIM3
SIM4
1
21
22
SIM5
SIM1
SIM2
SIM3
SIM4
1
21
22
SIM5
SIM1
SIM2
SIM3
SIM4
1
21
22
SIM5
SIM1
SIM2
SIM3
SIM4
1
21
22
SIM5
SIM1
SIM2
SIM3
SIM4
1
21
22
SIM5
SIM1
SIM2
SIM3
SIM4
1
21
22
SIM5
SIM1
SIM2
SIM3
SIM4
1
21
22
SIM5
SIM1
SIM2
SIM3
SIM4
1
21
22
SIM5
SIM1
SIM2
SIM3
SIM4
1
21
22
SIM5
SIM1
SIM2
SIM3
SIM4
1
21
22
SIM5
SIM1
SIM2
SIM3
SIM4
1
21
22
SIM5
SIM1
SIM2
SIM3
SIM4
1
21
22
SIM5
SIM1
SIM2
SIM3
SIM4
1
21
22
SIM5
SIM1
SIM2
SIM3
SIM4
1
21
22
SIM5
SIM1
SIM2
SIM3
SIM4
1
21
22
SIM5
SIM1
SIM2
SIM3
SIM4
1
21
22
SIM5
SIM1
SIM2
SIM3
SIM4
1
21
22
SIM5
SIM1
SIM2
SIM3
SIM4
1
21
22
SIM5
SIM1
SIM2
SIM3
SIM4
1
21
22
SIM5
SIM1
SIM2
SIM3
SIM4
1
21
22
SIM5
SIM1
SIM2
SIM3
SIM4
1
21
22
SIM5
SIM1
SIM2
SIM3
SIM4
1
21
22
SIM5
SIM1
SIM2
SIM3
SIM4
1
21
22
SIM5
SIM1
SIM2
SIM3
SIM4
1
21
22
SIM5
SIM1
SIM2
SIM3
SIM4
1
21
22
SIM5
SIM1
SIM2
SIM3
SIM4
1
21
22
SIM5
SIM1
SIM2
SIM3
SIM4
1
21
22
SIM5
SIM1
SIM2
SIM3
SIM4
1
21
22
SIM5
SIM1
SIM2
SIM3
SIM4
1
21
22
SIM5
SIM1
SIM2
SIM3
SIM4
1
21
22
SIM5
SIM1
SIM2
SIM3
SIM4
1
21
22
SIM5
SIM1
SIM2
SIM3
SIM4
1
21
22
SIM5
SIM1
SIM2
SIM3
SIM4
1
21
22
SIM5
SIM1
SIM2
SIM3
SIM4
1
21
22
SIM5
SIM1
SIM2
SIM3
SIM4
1
21
22
SIM5
SIM1
SIM2
SIM3
SIM4
1
21
22
SIM5
SIM1
SIM2
SIM3
SIM4
1
21
22
SIM5
SIM1
SIM2
SIM3
SIM4
1
21
22
SIM5
SIM1
SIM2
SIM3
SIM4
1
21
22
SIM5
SIM1
SIM2
SIM3
SIM4
1
21
22
SIM5
SIM1
SIM2
SIM3
SIM4
1
21
22
SIM5
SIM1
SIM2
SIM3
SIM4
1
21
22
SIM5
SIM1
SIM2
SIM3
SIM4
1
21
22
SIM5
SIM1
SIM2
SIM3
SIM4
1
21
22
SIM5
SIM1
SIM2
SIM3
SIM4
1
21
22
SIM5
SIM1
SIM2
SIM3
SIM4
1
21
22
SIM5
SIM1
SIM2
SIM3
SIM4
1
21
22
SIM5
SIM1
SIM2
SIM3
SIM4
1
21
22
SIM5
SIM1
SIM2
SIM3
SIM4
1
21
22
SIM5
SIM1
SIM2
SIM3
SIM4
1
21
22
SIM5
SIM1
SIM2
SIM3
SIM4
1
21
22
SIM5
SIM1
SIM2
SIM3
SIM4
1
21
22
SIM5
SIM1
SIM2
SIM3
SIM4
1
21
22
SIM5
SIM1
SIM2
SIM3
SIM4
1
21
22
SIM5
SIM1
SIM2
SIM3
SIM4
1
21
22
SIM5
SIM1
SIM2
SIM3
SIM4
1
21
22
SIM5
SIM1
SIM2
SIM3
SIM4
1
21
22
SIM5
SIM1
SIM2
SIM3
SIM4
1
21
22
SIM5
SIM1
SIM2
SIM3
SIM4
1
21
22
SIM5
SIM1
SIM2
SIM3
SIM4
1
21
22
SIM5
SIM1
SIM2
SIM3
SIM4
1
21
22
SIM5
SIM1
SIM2
SIM3
SIM4
1
21
22
SIM5
SIM1
SIM2
SIM3
SIM4
1
21
22
SIM5
SIM1
SIM2
SIM3
SIM4
1
21
22
SIM5
SIM1
SIM2
SIM3
SIM4
1
21
22
SIM5
SIM1
SIM2
SIM3
SIM4
1
21
22
SIM5
SIM1
SIM2
SIM3
SIM4
1
21
22
SIM5
SIM1
SIM2
SIM3
SIM4
1
21
22
SIM5
SIM1
SIM2
SIM3
SIM4
1
21
22
SIM5
SIM1
SIM2
SIM3
SIM4
1
21
22
SIM5
SIM1
SIM2
SIM3
SIM4
1
21
22
SIM5
SIM1
SIM2
SIM3
SIM4
1
21
22
SIM5
SIM1
SIM2
SIM3
SIM4
1
21
22
SIM5
SIM1
SIM2
SIM3
SIM4
1
21
22
SIM5
SIM1
SIM2
SIM3
SIM4
1
21
22
SIM5
SIM1
SIM2
SIM3
SIM4
1
21
22
SIM5
SIM1
SIM2
SIM3
SIM4
1
21
22
SIM5
SIM1
SIM2
SIM3
SIM4
1
21
22
SIM5
SIM1
SIM2
SIM3
SIM4
1
21
22
SIM5
SIM1
SIM2
SIM3
SIM4
1
21
22
SIM5
SIM1
SIM2
SIM3
SIM4
1
21
22
SIM5
SIM1
SIM2
SIM3
SIM4
1
21
22
SIM5
SIM1
SIM2
SIM3
SIM4
1
21
22
SIM5
SIM1
SIM2
SIM3
SIM4
1
21
22
SIM5
SIM1
SIM2
DEBUG 1 610
SIM1
SIM2
SIM3
SIM4
1
21
22
SIM5
SIM1
SIM2
SIM3
SIM4
1
21
22
SIM5
SIM1
SIM2
SIM3
SIM4
1
21
22
SIM5
SIM1
SIM2
SIM3
SIM4
1
21
22
SIM5
SIM1
SIM2
SIM3
SIM4
1
21
22
SIM5
SIM1
SIM2
SIM3
SIM4
1
21
22
SIM5
SIM1
SIM2
SIM3
SIM4
1
21
22
SIM5
SIM1
SIM2
SIM3
SIM4
1
21
22
SIM5
SIM1
SIM2
SIM3
SIM4
1
21
22
SIM5
SIM1
SIM2
SIM3
SIM4
1
21
22
SIM5
SIM1
SIM2
SIM3
SIM4
1
21
22
SIM5
SIM1
SIM2
SIM3
SIM4
1
21
22
SIM5
SIM1
SIM2
SIM3
SIM4
1
21
22
SIM5
SIM1
SIM2
SIM3
SIM4
1
21
22
SIM5
SIM1
SIM2
SIM3
SIM4
1
21
22
SIM5
SIM1
SIM2
SIM3
SIM4
1
21
22
SIM5
SIM1
SIM2
SIM3
SIM4
1
21
22
SIM5
SIM1
SIM2
SIM3
SIM4
1
21
22
SIM5
SIM1
SIM2
SIM3
SIM4
1
21
22
SIM5
SIM1
SIM2
SIM3
SIM4
1
21
22
SIM5
SIM1
SIM2
SIM3
SIM4
1
21
22
SIM5
SIM1
SIM2
SIM3
SIM4
1
21
22
SIM5
SIM1
SIM2
SIM3
SIM4
1
21
22
SIM5
SIM1
SIM2
SIM3
SIM4
1
21
22
SIM5
SIM1
SIM2
SIM3
SIM4
1
21
22
SIM5
SIM1
SIM2
SIM3
SIM4
1
21
22
SIM5
SIM1
SIM2
SIM3
SIM4
1
21
22
SIM5
SIM1
SIM2
SIM3
SIM4
1
21
22
SIM5
SIM1
SIM2
SIM3
SIM4
1
21
22
SIM5
SIM1
SIM2
SIM3
SIM4
1
21
22
SIM5
SIM1
SIM2
SIM3
SIM4
1
21
22
SIM5
SIM1
SIM2
SIM3
SIM4
1
21
22
SIM5
SIM1
SIM2
SIM3
SIM4
1
21
22
SIM5
SIM1
SIM2
SIM3
SIM4
1
21
22
SIM5
SIM1
SIM2
SIM3
SIM4
1
21
22
SIM5
SIM1
SIM2
SIM3
SIM4
1
21
22
SIM5
SIM1
SIM2
SIM3
SIM4
1
21
22
SIM5
SIM1
SIM2
SIM3
SIM4
1
21
22
SIM5
SIM1
SIM2
SIM3
SIM4
1
21
22
SIM5
SIM1
SIM2
SIM3
SIM4
1
21
22
SIM5
SIM1
SIM2
SIM3
SIM4
1
21
22
SIM5
SIM1
SIM2
SIM3
SIM4
1
21
22
SIM5
SIM1
SIM2
SIM3
SIM4
1
21
22
SIM5
SIM1
SIM2
SIM3
SIM4
1
21
22
SIM5
SIM1
SIM2
SIM3
SIM4
1
21
22
SIM5
SIM1
SIM2
SIM3
SIM4
1
21
22
SIM5
SIM1
SIM2
SIM3
SIM4
1
21
22
SIM5
SIM1
SIM2
SIM3
SIM4
1
21
22
SIM5
SIM1
SIM2
SIM3
SIM4
1
21
22
SIM5
SIM1
SIM2
SIM3
SIM4
1
21
22
SIM5
SIM1
SIM2
SIM3
SIM4
1
21
22
SIM5
SIM1
SIM2
SIM3
SIM4
1
21
22
SIM5
SIM1
SIM2
SIM3
SIM4
1
21
22
SIM5
SIM1
SIM2
SIM3
SIM4
1
21
22
SIM5
SIM1
SIM2
SIM3
SIM4
1
21
22
SIM5
SIM1
SIM2
SIM3
SIM4
1
21
22
SIM5
SIM1
SIM2
SIM3
SIM4
1
21
22
SIM5
SIM1
SIM2
SIM3
SIM4
1
21
22
SIM5
SIM1
SIM2
SIM3
SIM4
1
21
22
SIM5
SIM1
SIM2
SIM3
SIM4
1
21
22
SIM5
SIM1
SIM2
SIM3
SIM4
1
21
22
SIM5
SIM1
SIM2
SIM3
SIM4
1
21
22
SIM5
SIM1
SIM2
SIM3
SIM4
1
21
22
SIM5
SIM1
SIM2
SIM3
SIM4
1
21
22
SIM5
SIM1
SIM2
SIM3
SIM4
1
21
22
SIM5
SIM1
SIM2
SIM3
SIM4
1
21
22
SIM5
SIM1
SIM2
SIM3
SIM4
1
21
22
SIM5
SIM1
SIM2
SIM3
SIM4
1
21
22
SIM5
SIM1
SIM2
SIM3
SIM4
1
21
22
SIM5
SIM1
SIM2
SIM3
SIM4
1
21
22
SIM5
SIM1
SIM2
SIM3
SIM4
1
21
22
SIM5
SIM1
SIM2
SIM3
SIM4
1
21
22
SIM5
SIM1
SIM2
SIM3
SIM4
1
21
22
SIM5
SIM1
SIM2
SIM3
SIM4
1
21
22
SIM5
SIM1
SIM2
SIM3
SIM4
1
21
22
SIM5
SIM1
SIM2
SIM3
SIM4
1
21
22
SIM5
SIM1
SIM2
SIM3
SIM4
1
21
22
SIM5
SIM1
SIM2
SIM3
SIM4
1
21
22
SIM5
SIM1
SIM2
SIM3
SIM4
1
21
22
SIM5
SIM1
SIM2
SIM3
SIM4
1
21
22
SIM5
SIM1
SIM2
SIM3
SIM4
1
21
22
SIM5
SIM1
SIM2
SIM3
SIM4
1
21
22
SIM5
SIM1
SIM2
SIM3
SIM4
1
21
22
SIM5
SIM1
SIM2
SIM3
SIM4
1
21
22
SIM5
SIM1
SIM2
SIM3
SIM4
1
21
22
SIM5
SIM1
SIM2
SIM3
SIM4
1
21
22
SIM5
SIM1
SIM2
SIM3
SIM4
1
21
22
SIM5
SIM1
SIM2
SIM3
SIM4
1
21
22
SIM5
SIM1
SIM2
SIM3
SIM4
1
21
22
SIM5
SIM1
SIM2
SIM3
SIM4
1
21
22
SIM5
SIM1
SIM2
SIM3
SIM4
1
21
22
SIM5
SIM1
SIM2
SIM3
SIM4
1
21
22
SIM5
SIM1
SIM2
SIM3
SIM4
1
21
22
SIM5
SIM1
SIM2
SIM3
SIM4
1
21
22
SIM5
SIM1
SIM2
SIM3
SIM4
1
21
22
SIM5
SIM1
SIM2
SIM3
SIM4
1
21
22
SIM5
SIM1
SIM2
SIM3
SIM4
1
21
22
SIM5
SIM1
SIM2
SIM3
SIM4
1
21
22
SIM5
SIM1
SIM2
SIM3
SIM4
1
21
22
SIM5
SIM1
SIM2
SIM3
SIM4
1
21
22
SIM5
SIM1
SIM2
SIM3
SIM4
1
21
22
SIM5
SIM1
SIM2
SIM3
SIM4
1
21
22
SIM5
SIM1
SIM2
SIM3
SIM4
1
21
22
SIM5
SIM1
SIM2
SIM3
SIM4
1
21
22
SIM5
SIM1
SIM2
SIM3
SIM4
1
21
22
SIM5
SIM1
SIM2
SIM3
SIM4
1
21
22
SIM5
SIM1
SIM2
SIM3
SIM4
1
21
22
SIM5
SIM1
SIM2
SIM3
SIM4
1
21
22
SIM5
SIM1
SIM2
SIM3
SIM4
1
21
22
SIM5
SIM1
SIM2
SIM3
SIM4
1
21
22
SIM5
SIM1
SIM2
SIM3
SIM4
1
21
22
SIM5
SIM1
SIM2
SIM3
SIM4
1
21
22
SIM5
SIM1
SIM2
SIM3
SIM4
1
21
22
SIM5
SIM1
SIM2
SIM3
SIM4
1
21
22
SIM5
SIM1
SIM2
SIM3
SIM4
1
21
22
SIM5
SIM1
SIM2
SIM3
SIM4
1
21
22
SIM5
SIM1
SIM2
SIM3
SIM4
1
21
22
SIM5
SIM1
SIM2
SIM3
SIM4
1
21
22
SIM5
SIM1
SIM2
SIM3
SIM4
1
21
22
SIM5
SIM1
SIM2
SIM3
SIM4
1
21
22
SIM5
SIM1
SIM2
SIM3
SIM4
1
21
22
SIM5
SIM1
SIM2
SIM3
SIM4
1
21
22
SIM5
SIM1
SIM2
SIM3
SIM4
1
21
22
SIM5
SIM1
SIM2
SIM3
SIM4
1
21
22
SIM5
SIM1
SIM2
SIM3
SIM4
1
21
22
SIM5
SIM1
SIM2
SIM3
SIM4
1
21
22
SIM5
SIM1
SIM2
SIM3
SIM4
1
21
22
SIM5
SIM1
SIM2
SIM3
SIM4
1
21
22
SIM5
SIM1
SIM2
SIM3
SIM4
1
21
22
SIM5
SIM1
SIM2
SIM3
SIM4
1
21
22
SIM5
SIM1
SIM2
SIM3
SIM4
1
21
22
SIM5
SIM1
SIM2
SIM3
SIM4
1
21
22
SIM5
SIM1
SIM2
SIM3
SIM4
1
21
22
SIM5
SIM1
SIM2
SIM3
SIM4
1
21
22
SIM5
SIM1
SIM2
SIM3
SIM4
1
21
22
SIM5
SIM1
SIM2
SIM3
SIM4
1
21
22
SIM5
SIM1
SIM2
SIM3
SIM4
1
21
22
SIM5
SIM1
SIM2
SIM3
SIM4
1
21
22
SIM5
SIM1
SIM2
SIM3
SIM4
1
21
22
SIM5
SIM1
SIM2
SIM3
SIM4
1
21
22
SIM5
SIM1
SIM2
SIM3
SIM4
1
21
22
SIM5
SIM1
SIM2
SIM3
SIM4
1
21
22
SIM5
SIM1
SIM2
SIM3
SIM4
1
21
22
SIM5
SIM1
SIM2
SIM3
SIM4
1
21
22
SIM5
SIM1
SIM2
SIM3
SIM4
1
21
22
SIM5
SIM1
SIM2
SIM3
SIM4
1
21
22
SIM5
SIM1
SIM2
SIM3
SIM4
1
21
22
SIM5
SIM1
SIM2
SIM3
SIM4
1
21
22
SIM5
SIM1
SIM2
SIM3
SIM4
1
21
22
SIM5
SIM1
SIM2
SIM3
SIM4
1
21
22
SIM5
SIM1
SIM2
SIM3
SIM4
1
21
22
SIM5
SIM1
SIM2
SIM3
SIM4
1
21
22
SIM5
SIM1
SIM2
SIM3
SIM4
1
21
22
SIM5
SIM1
SIM2
SIM3
SIM4
1
21
22
SIM5
SIM1
SIM2
SIM3
SIM4
1
21
22
SIM5
SIM1
SIM2
SIM3
SIM4
1
21
22
SIM5
SIM1
SIM2
SIM3
SIM4
1
21
22
SIM5
SIM1
SIM2
SIM3
SIM4
1
21
22
SIM5
SIM1
SIM2
SIM3
SIM4
1
21
22
SIM5
SIM1
SIM2
SIM3
SIM4
1
21
22
SIM5
SIM1
SIM2
SIM3
SIM4
1
21
22
SIM5
SIM1
SIM2
SIM3
SIM4
1
21
22
SIM5
SIM1
SIM2
SIM3
SIM4
1
21
22
SIM5
SIM1
SIM2
SIM3
SIM4
1
21
22
SIM5
SIM1
SIM2
SIM3
SIM4
1
21
22
SIM5
SIM1
SIM2
SIM3
SIM4
1
21
22
SIM5
SIM1
SIM2
SIM3
SIM4
1
21
22
SIM5
SIM1
SIM2
SIM3
SIM4
1
21
22
SIM5
SIM1
SIM2
SIM3
SIM4
1
21
22
SIM5
SIM1
SIM2
SIM3
SIM4
1
21
22
SIM5
SIM1
SIM2
SIM3
SIM4
1
21
22
SIM5
SIM1
SIM2
SIM3
SIM4
1
21
22
SIM5
SIM1
SIM2
SIM3
SIM4
1
21
22
SIM5
SIM1
SIM2
SIM3
SIM4
1
21
22
SIM5
SIM1
SIM2
SIM3
SIM4
1
21
22
SIM5
SIM1
SIM2
SIM3
SIM4
1
21
22
SIM5
SIM1
SIM2
SIM3
SIM4
1
21
22
SIM5
SIM1
SIM2
SIM3
SIM4
1
21
22
SIM5
SIM1
SIM2
SIM3
SIM4
1
21
22
SIM5
SIM1
SIM2
SIM3
SIM4
1
21
22
SIM5
SIM1
SIM2
SIM3
SIM4
1
21
22
SIM5
SIM1
SIM2
SIM3
SIM4
1
21
22
SIM5
SIM1
SIM2
SIM3
SIM4
1
21
22
SIM5
SIM1
SIM2
SIM3
SIM4
1
21
22
SIM5
SIM1
SIM2
SIM3
SIM4
1
21
22
SIM5
SIM1
SIM2
SIM3
SIM4
1
21
22
SIM5
SIM1
SIM2
SIM3
SIM4
1
21
22
SIM5
SIM1
SIM2
SIM3
SIM4
1
21
22
SIM5
SIM1
SIM2
SIM3
SIM4
1
21
22
SIM5
SIM1
SIM2
SIM3
SIM4
1
21
22
SIM5
SIM1
SIM2
SIM3
SIM4
1
21
22
SIM5
SIM1
SIM2
SIM3
SIM4
1
21
22
SIM5
SIM1
SIM2
SIM3
SIM4
1
21
22
SIM5
SIM1
SIM2
SIM3
SIM4
1
21
22
SIM5
SIM1
SIM2
SIM3
SIM4
1
21
22
SIM5
SIM1
SIM2
SIM3
SIM4
1
21
22
SIM5
SIM1
SIM2
SIM3
SIM4
1
21
22
SIM5
SIM1
SIM2
SIM3
SIM4
1
21
22
SIM5
SIM1
SIM2
SIM3
SIM4
1
21
22
SIM5
SIM1
SIM2
SIM3
SIM4
1
21
22
SIM5
SIM1
SIM2
SIM3
SIM4
1
21
22
SIM5
SIM1
SIM2
SIM3
SIM4
1
21
22
SIM5
SIM1
SIM2
SIM3
SIM4
1
21
22
SIM5
SIM1
SIM2
SIM3
SIM4
1
21
22
SIM5
SIM1
SIM2
SIM3
SIM4
1
21
22
SIM5
SIM1
SIM2
SIM3
SIM4
1
21
22
SIM5
SIM1
SIM2
DEBUG 1 611
SIM1
SIM2
SIM3
SIM4
1
21
22
SIM5
SIM1
SIM2
SIM3
SIM4
1
21
22
SIM5
SIM1
SIM2
SIM3
SIM4
1
21
22
SIM5
SIM1
SIM2
SIM3
SIM4
1
21
22
SIM5
SIM1
SIM2
SIM3
SIM4
1
21
22
SIM5
SIM1
SIM2
SIM3
SIM4
1
21
22
SIM5
SIM1
SIM2
SIM3
SIM4
1
21
22
SIM5
SIM1
SIM2
SIM3
SIM4
1
21
22
SIM5
SIM1
SIM2
SIM3
SIM4
1
21
22
SIM5
SIM1
SIM2
SIM3
SIM4
1
21
22
SIM5
SIM1
SIM2
SIM3
SIM4
1
21
22
SIM5
SIM1
SIM2
SIM3
SIM4
1
21
22
SIM5
SIM1
SIM2
SIM3
SIM4
1
21
22
SIM5
SIM1
SIM2
SIM3
SIM4
1
21
22
SIM5
SIM1
SIM2
SIM3
SIM4
1
21
22
SIM5
SIM1
SIM2
SIM3
SIM4
1
21
22
SIM5
SIM1
SIM2
SIM3
SIM4
1
21
22
SIM5
SIM1
SIM2
SIM3
SIM4
1
21
22
SIM5
SIM1
SIM2
SIM3
SIM4
1
21
22
SIM5
SIM1
SIM2
SIM3
SIM4
1
21
22
SIM5
SIM1
SIM2
SIM3
SIM4
1
21
22
SIM5
SIM1
SIM2
SIM3
SIM4
1
21
22
SIM5
SIM1
SIM2
SIM3
SIM4
1
21
22
SIM5
SIM1
SIM2
SIM3
SIM4
1
21
22
SIM5
SIM1
SIM2
SIM3
SIM4
1
21
22
SIM5
SIM1
SIM2
SIM3
SIM4
1
21
22
SIM5
SIM1
SIM2
SIM3
SIM4
1
21
22
SIM5
SIM1
SIM2
SIM3
SIM4
1
21
22
SIM5
SIM1
SIM2
SIM3
SIM4
1
21
22
SIM5
SIM1
SIM2
SIM3
SIM4
1
21
22
SIM5
SIM1
SIM2
SIM3
SIM4
1
21
22
SIM5
SIM1
SIM2
SIM3
SIM4
1
21
22
SIM5
SIM1
SIM2
SIM3
SIM4
1
21
22
SIM5
SIM1
SIM2
SIM3
SIM4
1
21
22
SIM5
SIM1
SIM2
SIM3
SIM4
1
21
22
SIM5
SIM1
SIM2
SIM3
SIM4
1
21
22
SIM5
SIM1
SIM2
SIM3
SIM4
1
21
22
SIM5
SIM1
SIM2
SIM3
SIM4
1
21
22
SIM5
SIM1
SIM2
SIM3
SIM4
1
21
22
SIM5
SIM1
SIM2
SIM3
SIM4
1
21
22
SIM5
SIM1
SIM2
SIM3
SIM4
1
21
22
SIM5
SIM1
SIM2
SIM3
SIM4
1
21
22
SIM5
SIM1
SIM2
SIM3
SIM4
1
21
22
SIM5
SIM1
SIM2
SIM3
SIM4
1
21
22
SIM5
SIM1
SIM2
SIM3
SIM4
1
21
22
SIM5
SIM1
SIM2
SIM3
SIM4
1
21
22
SIM5
SIM1
SIM2
SIM3
SIM4
1
21
22
SIM5
SIM1
SIM2
SIM3
SIM4
1
21
22
SIM5
SIM1
SIM2
SIM3
SIM4
1
21
22
SIM5
SIM1
SIM2
SIM3
SIM4
1
21
22
SIM5
SIM1
SIM2
SIM3
SIM4
1
21
22
SIM5
SIM1
SIM2
SIM3
SIM4
1
21
22
SIM5
SIM1
SIM2
SIM3
SIM4
1
21
22
SIM5
SIM1
SIM2
SIM3
SIM4
1
21
22
SIM5
SIM1
SIM2
SIM3
SIM4
1
21
22
SIM5
SIM1
SIM2
SIM3
SIM4
1
21
22
SIM5
SIM1
SIM2
SIM3
SIM4
1
21
22
SIM5
SIM1
SIM2
SIM3
SIM4
1
21
22
SIM5
SIM1
SIM2
SIM3
SIM4
1
21
22
SIM5
SIM1
SIM2
SIM3
SIM4
1
21
22
SIM5
SIM1
SIM2
SIM3
SIM4
1
21
22
SIM5
SIM1
SIM2
SIM3
SIM4
1
21
22
SIM5
SIM1
SIM2
SIM3
SIM4
1
21
22
SIM5
SIM1
SIM2
SIM3
SIM4
1
21
22
SIM5
SIM1
SIM2
SIM3
SIM4
1
21
22
SIM5
SIM1
SIM2
SIM3
SIM4
1
21
22
SIM5
SIM1
SIM2
SIM3
SIM4
1
21
22
SIM5
SIM1
SIM2
SIM3
SIM4
1
21
22
SIM5
SIM1
SIM2
SIM3
SIM4
1
21
22
SIM5
SIM1
SIM2
SIM3
SIM4
1
21
22
SIM5
SIM1
SIM2
SIM3
SIM4
1
21
22
SIM5
SIM1
SIM2
SIM3
SIM4
1
21
22
SIM5
SIM1
SIM2
SIM3
SIM4
1
21
22
SIM5
SIM1
SIM2
SIM3
SIM4
1
21
22
SIM5
SIM1
SIM2
SIM3
SIM4
1
21
22
SIM5
SIM1
SIM2
SIM3
SIM4
1
21
22
SIM5
SIM1
SIM2
SIM3
SIM4
1
21
22
SIM5
SIM1
SIM2
SIM3
SIM4
1
21
22
SIM5
SIM1
SIM2
SIM3
SIM4
1
21
22
SIM5
SIM1
SIM2
SIM3
SIM4
1
21
22
SIM5
SIM1
SIM2
SIM3
SIM4
1
21
22
SIM5
SIM1
SIM2
SIM3
SIM4
1
21
22
SIM5
SIM1
SIM2
SIM3
SIM4
1
21
22
SIM5
SIM1
SIM2
SIM3
SIM4
1
21
22
SIM5
SIM1
SIM2
SIM3
SIM4
1
21
22
SIM5
SIM1
SIM2
SIM3
SIM4
1
21
22
SIM5
SIM1
SIM2
SIM3
SIM4
1
21
22
SIM5
SIM1
SIM2
SIM3
SIM4
1
21
22
SIM5
SIM1
SIM2
SIM3
SIM4
1
21
22
SIM5
SIM1
SIM2
SIM3
SIM4
1
21
22
SIM5
SIM1
SIM2
SIM3
SIM4
1
21
22
SIM5
SIM1
SIM2
SIM3
SIM4
1
21
22
SIM5
SIM1
SIM2
SIM3
SIM4
1
21
22
SIM5
SIM1
SIM2
SIM3
SIM4
1
21
22
SIM5
SIM1
SIM2
SIM3
SIM4
1
21
22
SIM5
SIM1
SIM2
SIM3
SIM4
1
21
22
SIM5
SIM1
SIM2
SIM3
SIM4
1
21
22
SIM5
SIM1
SIM2
SIM3
SIM4
1
21
22
SIM5
SIM1
SIM2
SIM3
SIM4
1
21
22
SIM5
SIM1
SIM2
SIM3
SIM4
1
21
22
SIM5
SIM1
SIM2
SIM3
SIM4
1
21
22
SIM5
SIM1
SIM2
SIM3
SIM4
1
21
22
SIM5
SIM1
SIM2
SIM3
SIM4
1
21
22
SIM5
SIM1
SIM2
SIM3
SIM4
1
21
22
SIM5
SIM1
SIM2
SIM3
SIM4
1
21
22
SIM5
SIM1
SIM2
SIM3
SIM4
1
21
22
SIM5
SIM1
SIM2
SIM3
SIM4
1
21
22
SIM5
SIM1
SIM2
SIM3
SIM4
1
21
22
SIM5
SIM1
SIM2
SIM3
SIM4
1
21
22
SIM5
SIM1
SIM2
SIM3
SIM4
1
21
22
SIM5
SIM1
SIM2
SIM3
SIM4
1
21
22
SIM5
SIM1
SIM2
SIM3
SIM4
1
21
22
SIM5
SIM1
SIM2
SIM3
SIM4
1
21
22
SIM5
SIM1
SIM2
SIM3
SIM4
1
21
22
SIM5
SIM1
SIM2
SIM3
SIM4
1
21
22
SIM5
SIM1
SIM2
SIM3
SIM4
1
21
22
SIM5
SIM1
SIM2
SIM3
SIM4
1
21
22
SIM5
SIM1
SIM2
SIM3
SIM4
1
21
22
SIM5
SIM1
SIM2
SIM3
SIM4
1
21
22
SIM5
SIM1
SIM2
SIM3
SIM4
1
21
22
SIM5
SIM1
SIM2
SIM3
SIM4
1
21
22
SIM5
SIM1
SIM2
SIM3
SIM4
1
21
22
SIM5
SIM1
SIM2
SIM3
SIM4
1
21
22
SIM5
SIM1
SIM2
SIM3
SIM4
1
21
22
SIM5
SIM1
SIM2
SIM3
SIM4
1
21
22
SIM5
SIM1
SIM2
SIM3
SIM4
1
21
22
SIM5
SIM1
SIM2
SIM3
SIM4
1
21
22
SIM5
SIM1
SIM2
SIM3
SIM4
1
21
22
SIM5
SIM1
SIM2
SIM3
SIM4
1
21
22
SIM5
SIM1
SIM2
SIM3
SIM4
1
21
22
SIM5
SIM1
SIM2
SIM3
SIM4
1
21
22
SIM5
SIM1
SIM2
SIM3
SIM4
1
21
22
SIM5
SIM1
SIM2
SIM3
SIM4
1
21
22
SIM5
SIM1
SIM2
SIM3
SIM4
1
21
22
SIM5
SIM1
SIM2
SIM3
SIM4
1
21
22
SIM5
SIM1
SIM2
SIM3
SIM4
1
21
22
SIM5
SIM1
SIM2
SIM3
SIM4
1
21
22
SIM5
SIM1
SIM2
SIM3
SIM4
1
21
22
SIM5
SIM1
SIM2
SIM3
SIM4
1
21
22
SIM5
SIM1
SIM2
SIM3
SIM4
1
21
22
SIM5
SIM1
SIM2
SIM3
SIM4
1
21
22
SIM5
SIM1
SIM2
SIM3
SIM4
1
21
22
SIM5
SIM1
SIM2
SIM3
SIM4
1
21
22
SIM5
SIM1
SIM2
SIM3
SIM4
1
21
22
SIM5
SIM1
SIM2
DEBUG 1 612
SIM1
SIM2
SIM3
SIM4
1
21
22
SIM5
SIM1
SIM2
SIM3
SIM4
1
21
22
SIM5
SIM1
SIM2
SIM3
SIM4
1
21
22
SIM5
SIM1
SIM2
SIM3
SIM4
1
21
22
SIM5
SIM1
SIM2
SIM3
SIM4
1
21
22
SIM5
SIM1
SIM2
SIM3
SIM4
1
21
22
SIM5
SIM1
SIM2
SIM3
SIM4
1
21
22
SIM5
SIM1
SIM2
SIM3
SIM4
1
21
22
SIM5
SIM1
SIM2
SIM3
SIM4
1
21
22
SIM5
SIM1
SIM2
SIM3
SIM4
1
21
22
SIM5
SIM1
SIM2
SIM3
SIM4
1
21
22
SIM5
SIM1
SIM2
SIM3
SIM4
1
21
22
SIM5
SIM1
SIM2
SIM3
SIM4
1
21
22
SIM5
SIM1
SIM2
SIM3
SIM4
1
21
22
SIM5
SIM1
SIM2
SIM3
SIM4
1
21
22
SIM5
SIM1
SIM2
SIM3
SIM4
1
21
22
SIM5
SIM1
SIM2
SIM3
SIM4
1
21
22
SIM5
SIM1
SIM2
SIM3
SIM4
1
21
22
SIM5
SIM1
SIM2
SIM3
SIM4
1
21
22
SIM5
SIM1
SIM2
SIM3
SIM4
1
21
22
SIM5
SIM1
SIM2
SIM3
SIM4
1
21
22
SIM5
SIM1
SIM2
SIM3
SIM4
1
21
22
SIM5
SIM1
SIM2
SIM3
SIM4
1
21
22
SIM5
SIM1
SIM2
SIM3
SIM4
1
21
22
SIM5
SIM1
SIM2
SIM3
SIM4
1
21
22
SIM5
SIM1
SIM2
SIM3
SIM4
1
21
22
SIM5
SIM1
SIM2
SIM3
SIM4
1
21
22
SIM5
SIM1
SIM2
SIM3
SIM4
1
21
22
SIM5
SIM1
SIM2
SIM3
SIM4
1
21
22
SIM5
SIM1
SIM2
SIM3
SIM4
1
21
22
SIM5
SIM1
SIM2
SIM3
SIM4
1
21
22
SIM5
SIM1
SIM2
SIM3
SIM4
1
21
22
SIM5
SIM1
SIM2
SIM3
SIM4
1
21
22
SIM5
SIM1
SIM2
SIM3
SIM4
1
21
22
SIM5
SIM1
SIM2
SIM3
SIM4
1
21
22
SIM5
SIM1
SIM2
SIM3
SIM4
1
21
22
SIM5
SIM1
SIM2
SIM3
SIM4
1
21
22
SIM5
SIM1
SIM2
SIM3
SIM4
1
21
22
SIM5
SIM1
SIM2
SIM3
SIM4
1
21
22
SIM5
SIM1
SIM2
SIM3
SIM4
1
21
22
SIM5
SIM1
SIM2
SIM3
SIM4
1
21
22
SIM5
SIM1
SIM2
SIM3
SIM4
1
21
22
SIM5
SIM1
SIM2
SIM3
SIM4
1
21
22
SIM5
SIM1
SIM2
SIM3
SIM4
1
21
22
SIM5
SIM1
SIM2
SIM3
SIM4
1
21
22
SIM5
SIM1
SIM2
SIM3
SIM4
1
21
22
SIM5
SIM1
SIM2
SIM3
SIM4
1
21
22
SIM5
SIM1
SIM2
SIM3
SIM4
1
21
22
SIM5
SIM1
SIM2
SIM3
SIM4
1
21
22
SIM5
SIM1
SIM2
SIM3
SIM4
1
21
22
SIM5
SIM1
SIM2
SIM3
SIM4
1
21
22
SIM5
SIM1
SIM2
SIM3
SIM4
1
21
22
SIM5
SIM1
SIM2
SIM3
SIM4
1
21
22
SIM5
SIM1
SIM2
SIM3
SIM4
1
21
22
SIM5
SIM1
SIM2
SIM3
SIM4
1
21
22
SIM5
SIM1
SIM2
SIM3
SIM4
1
21
22
SIM5
SIM1
SIM2
SIM3
SIM4
1
21
22
SIM5
SIM1
SIM2
SIM3
SIM4
1
21
22
SIM5
SIM1
SIM2
SIM3
SIM4
1
21
22
SIM5
SIM1
SIM2
SIM3
SIM4
1
21
22
SIM5
SIM1
SIM2
SIM3
SIM4
1
21
22
SIM5
SIM1
SIM2
SIM3
SIM4
1
21
22
SIM5
SIM1
SIM2
SIM3
SIM4
1
21
22
SIM5
SIM1
SIM2
SIM3
SIM4
1
21
22
SIM5
SIM1
SIM2
SIM3
SIM4
1
21
22
SIM5
SIM1
SIM2
SIM3
SIM4
1
21
22
SIM5
SIM1
SIM2
SIM3
SIM4
1
21
22
SIM5
SIM1
SIM2
SIM3
SIM4
1
21
22
SIM5
SIM1
SIM2
SIM3
SIM4
1
21
22
SIM5
SIM1
SIM2
SIM3
SIM4
1
21
22
SIM5
SIM1
SIM2
SIM3
SIM4
1
21
22
SIM5
SIM1
SIM2
SIM3
SIM4
1
21
22
SIM5
SIM1
SIM2
SIM3
SIM4
1
21
22
SIM5
SIM1
SIM2
SIM3
SIM4
1
21
22
SIM5
SIM1
SIM2
SIM3
SIM4
1
21
22
SIM5
SIM1
SIM2
SIM3
SIM4
1
21
22
SIM5
SIM1
SIM2
SIM3
SIM4
1
21
22
SIM5
SIM1
SIM2
SIM3
SIM4
1
21
22
SIM5
SIM1
SIM2
SIM3
SIM4
1
21
22
SIM5
SIM1
SIM2
SIM3
SIM4
1
21
22
SIM5
SIM1
SIM2
SIM3
SIM4
1
21
22
SIM5
SIM1
SIM2
SIM3
SIM4
1
21
22
SIM5
SIM1
SIM2
SIM3
SIM4
1
21
22
SIM5
SIM1
SIM2
SIM3
SIM4
1
21
22
SIM5
SIM1
SIM2
SIM3
SIM4
1
21
22
SIM5
SIM1
SIM2
SIM3
SIM4
1
21
22
SIM5
SIM1
SIM2
SIM3
SIM4
1
21
22
SIM5
SIM1
SIM2
SIM3
SIM4
1
21
22
SIM5
SIM1
SIM2
SIM3
SIM4
1
21
22
SIM5
SIM1
SIM2
SIM3
SIM4
1
21
22
SIM5
SIM1
SIM2
SIM3
SIM4
1
21
22
SIM5
SIM1
SIM2
SIM3
SIM4
1
21
22
SIM5
SIM1
SIM2
SIM3
SIM4
1
21
22
SIM5
SIM1
SIM2
SIM3
SIM4
1
21
22
SIM5
SIM1
SIM2
SIM3
SIM4
1
21
22
SIM5
SIM1
SIM2
SIM3
SIM4
1
21
22
SIM5
SIM1
SIM2
SIM3
SIM4
1
21
22
SIM5
SIM1
SIM2
SIM3
SIM4
1
21
22
SIM5
SIM1
SIM2
SIM3
SIM4
1
21
22
SIM5
SIM1
SIM2
SIM3
SIM4
1
21
22
SIM5
SIM1
SIM2
SIM3
SIM4
1
21
22
SIM5
SIM1
SIM2
SIM3
SIM4
1
21
22
SIM5
SIM1
SIM2
SIM3
SIM4
1
21
22
SIM5
SIM1
SIM2
SIM3
SIM4
1
21
22
SIM5
SIM1
SIM2
SIM3
SIM4
1
21
22
SIM5
SIM1
SIM2
SIM3
SIM4
1
21
22
SIM5
SIM1
SIM2
SIM3
SIM4
1
21
22
SIM5
SIM1
SIM2
SIM3
SIM4
1
21
22
SIM5
SIM1
SIM2
SIM3
SIM4
1
21
22
SIM5
SIM1
SIM2
SIM3
SIM4
1
21
22
SIM5
SIM1
SIM2
SIM3
SIM4
1
21
22
SIM5
SIM1
SIM2
SIM3
SIM4
1
21
22
SIM5
SIM1
SIM2
SIM3
SIM4
1
21
22
SIM5
SIM1
SIM2
SIM3
SIM4
1
21
22
SIM5
SIM1
SIM2
SIM3
SIM4
1
21
22
SIM5
SIM1
SIM2
SIM3
SIM4
1
21
22
SIM5
SIM1
SIM2
SIM3
SIM4
1
21
22
SIM5
SIM1
SIM2
SIM3
SIM4
1
21
22
SIM5
SIM1
SIM2
SIM3
SIM4
1
21
22
SIM5
SIM1
SIM2
SIM3
SIM4
1
21
22
SIM5
SIM1
SIM2
SIM3
SIM4
1
21
22
SIM5
SIM1
SIM2
SIM3
SIM4
1
21
22
SIM5
SIM1
SIM2
SIM3
SIM4
1
21
22
SIM5
SIM1
SIM2
SIM3
SIM4
1
21
22
SIM5
SIM1
SIM2
SIM3
SIM4
1
21
22
SIM5
SIM1
SIM2
SIM3
SIM4
1
21
22
SIM5
SIM1
SIM2
SIM3
SIM4
1
21
22
SIM5
SIM1
SIM2
SIM3
SIM4
1
21
22
SIM5
SIM1
SIM2
SIM3
SIM4
1
21
22
SIM5
SIM1
SIM2
SIM3
SIM4
1
21
22
SIM5
SIM1
SIM2
SIM3
SIM4
1
21
22
SIM5
SIM1
SIM2
SIM3
SIM4
1
21
22
SIM5
SIM1
SIM2
SIM3
SIM4
1
21
22
SIM5
SIM1
SIM2
SIM3
SIM4
1
21
22
SIM5
SIM1
SIM2
SIM3
SIM4
1
21
22
SIM5
SIM1
SIM2
SIM3
SIM4
1
21
22
SIM5
SIM1
SIM2
SIM3
SIM4
1
21
22
SIM5
SIM1
SIM2
SIM3
SIM4
1
21
22
SIM5
SIM1
SIM2
SIM3
SIM4
1
21
22
SIM5
SIM1
SIM2
SIM3
SIM4
1
21
22
SIM5
SIM1
SIM2
SIM3
SIM4
1
21
22
SIM5
SIM1
SIM2
SIM3
SIM4
1
21
22
SIM5
SIM1
SIM2
SIM3
SIM4
1
21
22
SIM5
SIM1
SIM2
SIM3
SIM4
1
21
22
SIM5
SIM1
SIM2
SIM3
SIM4
1
21
22
SIM5
SIM1
SIM2
SIM3
SIM4
1
21
22
SIM5
SIM1
SIM2
SIM3
SIM4
1
21
22
SIM5
SIM1
SIM2
SIM3
SIM4
1
21
22
SIM5
SIM1
SIM2
SIM3
SIM4
1
21
22
SIM5
SIM1
SIM2
SIM3
SIM4
1
21
22
SIM5
SIM1
SIM2
SIM3
SIM4
1
21
22
SIM5
SIM1
SIM2
SIM3
SIM4
1
21
22
SIM5
SIM1
SIM2
SIM3
SIM4
1
21
22
SIM5
SIM1
SIM2
SIM3
SIM4
1
21
22
SIM5
SIM1
SIM2
SIM3
SIM4
1
21
22
SIM5
SIM1
SIM2
SIM3
SIM4
1
21
22
SIM5
SIM1
SIM2
SIM3
SIM4
1
21
22
SIM5
SIM1
SIM2
SIM3
SIM4
1
21
22
SIM5
SIM1
SIM2
SIM3
SIM4
1
21
22
SIM5
SIM1
SIM2
SIM3
SIM4
1
21
22
SIM5
SIM1
SIM2
SIM3
SIM4
1
21
22
SIM5
SIM1
SIM2
SIM3
SIM4
1
21
22
SIM5
SIM1
SIM2
SIM3
SIM4
1
21
22
SIM5
SIM1
SIM2
SIM3
SIM4
1
21
22
SIM5
SIM1
SIM2
SIM3
SIM4
1
21
22
SIM5
SIM1
SIM2
SIM3
SIM4
1
21
22
SIM5
SIM1
SIM2
SIM3
SIM4
1
21
22
SIM5
SIM1
SIM2
SIM3
SIM4
1
21
22
SIM5
SIM1
SIM2
SIM3
SIM4
1
21
22
SIM5
SIM1
SIM2
SIM3
SIM4
1
21
22
SIM5
SIM1
SIM2
SIM3
SIM4
1
21
22
SIM5
SIM1
SIM2
SIM3
SIM4
1
21
22
SIM5
SIM1
SIM2
SIM3
SIM4
1
21
22
SIM5
SIM1
SIM2
SIM3
SIM4
1
21
22
SIM5
SIM1
SIM2
SIM3
SIM4
1
21
22
SIM5
SIM1
SIM2
SIM3
SIM4
1
21
22
SIM5
SIM1
SIM2
SIM3
SIM4
1
21
22
SIM5
SIM1
SIM2
SIM3
SIM4
1
21
22
SIM5
SIM1
SIM2
SIM3
SIM4
1
21
22
SIM5
SIM1
SIM2
SIM3
SIM4
1
21
22
SIM5
SIM1
SIM2
SIM3
SIM4
1
21
22
SIM5
SIM1
SIM2
SIM3
SIM4
1
21
22
SIM5
SIM1
SIM2
SIM3
SIM4
1
21
22
SIM5
SIM1
SIM2
SIM3
SIM4
1
21
22
SIM5
SIM1
SIM2
SIM3
SIM4
1
21
22
SIM5
SIM1
SIM2
SIM3
SIM4
1
21
22
SIM5
SIM1
SIM2
SIM3
SIM4
1
21
22
SIM5
SIM1
SIM2
SIM3
SIM4
1
21
22
SIM5
SIM1
SIM2
SIM3
SIM4
1
21
22
SIM5
SIM1
SIM2
SIM3
SIM4
1
21
22
SIM5
SIM1
SIM2
SIM3
SIM4
1
21
22
SIM5
SIM1
SIM2
SIM3
SIM4
1
21
22
SIM5
SIM1
SIM2
SIM3
SIM4
1
21
22
SIM5
SIM1
SIM2
SIM3
SIM4
1
21
22
SIM5
SIM1
SIM2
SIM3
SIM4
1
21
22
SIM5
SIM1
SIM2
SIM3
SIM4
1
21
22
SIM5
SIM1
SIM2
SIM3
SIM4
1
21
22
SIM5
SIM1
SIM2
SIM3
SIM4
1
21
22
SIM5
SIM1
SIM2
SIM3
SIM4
1
21
22
SIM5
SIM1
SIM2
DEBUG 1 613
SIM1
SIM2
SIM3
SIM4
1
21
22
SIM5
SIM1
SIM2
SIM3
SIM4
1
21
22
SIM5
SIM1
SIM2
SIM3
SIM4
1
21
22
SIM5
SIM1
SIM2
SIM3
SIM4
1
21
22
SIM5
SIM1
SIM2
SIM3
SIM4
1
21
22
SIM5
SIM1
SIM2
SIM3
SIM4
1
21
22
SIM5
SIM1
SIM2
SIM3
SIM4
1
21
22
SIM5
SIM1
SIM2
SIM3
SIM4
1
21
22
SIM5
SIM1
SIM2
SIM3
SIM4
1
21
22
SIM5
SIM1
SIM2
SIM3
SIM4
1
21
22
SIM5
SIM1
SIM2
SIM3
SIM4
1
21
22
SIM5
SIM1
SIM2
SIM3
SIM4
1
21
22
SIM5
SIM1
SIM2
SIM3
SIM4
1
21
22
SIM5
SIM1
SIM2
SIM3
SIM4
1
21
22
SIM5
SIM1
SIM2
SIM3
SIM4
1
21
22
SIM5
SIM1
SIM2
SIM3
SIM4
1
21
22
SIM5
SIM1
SIM2
SIM3
SIM4
1
21
22
SIM5
SIM1
SIM2
SIM3
SIM4
1
21
22
SIM5
SIM1
SIM2
SIM3
SIM4
1
21
22
SIM5
SIM1
SIM2
SIM3
SIM4
1
21
22
SIM5
SIM1
SIM2
SIM3
SIM4
1
21
22
SIM5
SIM1
SIM2
SIM3
SIM4
1
21
22
SIM5
SIM1
SIM2
SIM3
SIM4
1
21
22
SIM5
SIM1
SIM2
SIM3
SIM4
1
21
22
SIM5
SIM1
SIM2
SIM3
SIM4
1
21
22
SIM5
SIM1
SIM2
SIM3
SIM4
1
21
22
SIM5
SIM1
SIM2
SIM3
SIM4
1
21
22
SIM5
SIM1
SIM2
SIM3
SIM4
1
21
22
SIM5
SIM1
SIM2
SIM3
SIM4
1
21
22
SIM5
SIM1
SIM2
SIM3
SIM4
1
21
22
SIM5
SIM1
SIM2
SIM3
SIM4
1
21
22
SIM5
SIM1
SIM2
SIM3
SIM4
1
21
22
SIM5
SIM1
SIM2
SIM3
SIM4
1
21
22
SIM5
SIM1
SIM2
SIM3
SIM4
1
21
22
SIM5
SIM1
SIM2
SIM3
SIM4
1
21
22
SIM5
SIM1
SIM2
SIM3
SIM4
1
21
22
SIM5
SIM1
SIM2
SIM3
SIM4
1
21
22
SIM5
SIM1
SIM2
SIM3
SIM4
1
21
22
SIM5
SIM1
SIM2
SIM3
SIM4
1
21
22
SIM5
SIM1
SIM2
SIM3
SIM4
1
21
22
SIM5
SIM1
SIM2
SIM3
SIM4
1
21
22
SIM5
SIM1
SIM2
SIM3
SIM4
1
21
22
SIM5
SIM1
SIM2
SIM3
SIM4
1
21
22
SIM5
SIM1
SIM2
SIM3
SIM4
1
21
22
SIM5
SIM1
SIM2
SIM3
SIM4
1
21
22
SIM5
SIM1
SIM2
SIM3
SIM4
1
21
22
SIM5
SIM1
SIM2
SIM3
SIM4
1
21
22
SIM5
SIM1
SIM2
SIM3
SIM4
1
21
22
SIM5
SIM1
SIM2
SIM3
SIM4
1
21
22
SIM5
SIM1
SIM2
SIM3
SIM4
1
21
22
SIM5
SIM1
SIM2
SIM3
SIM4
1
21
22
SIM5
SIM1
SIM2
SIM3
SIM4
1
21
22
SIM5
SIM1
SIM2
SIM3
SIM4
1
21
22
SIM5
SIM1
SIM2
SIM3
SIM4
1
21
22
SIM5
SIM1
SIM2
SIM3
SIM4
1
21
22
SIM5
SIM1
SIM2
SIM3
SIM4
1
21
22
SIM5
SIM1
SIM2
SIM3
SIM4
1
21
22
SIM5
SIM1
SIM2
SIM3
SIM4
1
21
22
SIM5
SIM1
SIM2
SIM3
SIM4
1
21
22
SIM5
SIM1
SIM2
SIM3
SIM4
1
21
22
SIM5
SIM1
SIM2
SIM3
SIM4
1
21
22
SIM5
SIM1
SIM2
SIM3
SIM4
1
21
22
SIM5
SIM1
SIM2
SIM3
SIM4
1
21
22
SIM5
SIM1
SIM2
SIM3
SIM4
1
21
22
SIM5
SIM1
SIM2
SIM3
SIM4
1
21
22
SIM5
SIM1
SIM2
SIM3
SIM4
1
21
22
SIM5
SIM1
SIM2
SIM3
SIM4
1
21
22
SIM5
SIM1
SIM2
SIM3
SIM4
1
21
22
SIM5
SIM1
SIM2
SIM3
SIM4
1
21
22
SIM5
SIM1
SIM2
SIM3
SIM4
1
21
22
SIM5
SIM1
SIM2
SIM3
SIM4
1
21
22
SIM5
SIM1
SIM2
SIM3
SIM4
1
21
22
SIM5
SIM1
SIM2
SIM3
SIM4
1
21
22
SIM5
SIM1
SIM2
SIM3
SIM4
1
21
22
SIM5
SIM1
SIM2
SIM3
SIM4
1
21
22
SIM5
SIM1
SIM2
SIM3
SIM4
1
21
22
SIM5
SIM1
SIM2
SIM3
SIM4
1
21
22
SIM5
SIM1
SIM2
SIM3
SIM4
1
21
22
SIM5
SIM1
SIM2
SIM3
SIM4
1
21
22
SIM5
SIM1
SIM2
SIM3
SIM4
1
21
22
SIM5
SIM1
SIM2
SIM3
SIM4
1
21
22
SIM5
SIM1
SIM2
SIM3
SIM4
1
21
22
SIM5
SIM1
SIM2
SIM3
SIM4
1
21
22
SIM5
SIM1
SIM2
SIM3
SIM4
1
21
22
SIM5
SIM1
SIM2
SIM3
SIM4
1
21
22
SIM5
SIM1
SIM2
SIM3
SIM4
1
21
22
SIM5
SIM1
SIM2
SIM3
SIM4
1
21
22
SIM5
SIM1
SIM2
SIM3
SIM4
1
21
22
SIM5
SIM1
SIM2
SIM3
SIM4
1
21
22
SIM5
SIM1
SIM2
SIM3
SIM4
1
21
22
SIM5
SIM1
SIM2
SIM3
SIM4
1
21
22
SIM5
SIM1
SIM2
SIM3
SIM4
1
21
22
SIM5
SIM1
SIM2
SIM3
SIM4
1
21
22
SIM5
SIM1
SIM2
SIM3
SIM4
1
21
22
SIM5
SIM1
SIM2
SIM3
SIM4
1
21
22
SIM5
SIM1
SIM2
SIM3
SIM4
1
21
22
SIM5
SIM1
SIM2
SIM3
SIM4
1
21
22
SIM5
SIM1
SIM2
SIM3
SIM4
1
21
22
SIM5
SIM1
SIM2
SIM3
SIM4
1
21
22
SIM5
SIM1
SIM2
SIM3
SIM4
1
21
22
SIM5
SIM1
SIM2
SIM3
SIM4
1
21
22
SIM5
SIM1
SIM2
SIM3
SIM4
1
21
22
SIM5
SIM1
SIM2
SIM3
SIM4
1
21
22
SIM5
SIM1
SIM2
SIM3
SIM4
1
21
22
SIM5
SIM1
SIM2
SIM3
SIM4
1
21
22
SIM5
SIM1
SIM2
SIM3
SIM4
1
21
22
SIM5
SIM1
SIM2
SIM3
SIM4
1
21
22
SIM5
SIM1
SIM2
SIM3
SIM4
1
21
22
SIM5
SIM1
SIM2
SIM3
SIM4
1
21
22
SIM5
SIM1
SIM2
SIM3
SIM4
1
21
22
SIM5
SIM1
SIM2
SIM3
SIM4
1
21
22
SIM5
SIM1
SIM2
SIM3
SIM4
1
21
22
SIM5
SIM1
SIM2
SIM3
SIM4
1
21
22
SIM5
SIM1
SIM2
SIM3
SIM4
1
21
22
SIM5
SIM1
SIM2
SIM3
SIM4
1
21
22
SIM5
SIM1
SIM2
SIM3
SIM4
1
21
22
SIM5
SIM1
SIM2
SIM3
SIM4
1
21
22
SIM5
SIM1
SIM2
SIM3
SIM4
1
21
22
SIM5
SIM1
SIM2
SIM3
SIM4
1
21
22
SIM5
SIM1
SIM2
SIM3
SIM4
1
21
22
SIM5
SIM1
SIM2
SIM3
SIM4
1
21
22
SIM5
SIM1
SIM2
SIM3
SIM4
1
21
22
SIM5
SIM1
SIM2
SIM3
SIM4
1
21
22
SIM5
SIM1
SIM2
SIM3
SIM4
1
21
22
SIM5
SIM1
SIM2
SIM3
SIM4
1
21
22
SIM5
SIM1
SIM2
SIM3
SIM4
1
21
22
SIM5
SIM1
SIM2
SIM3
SIM4
1
21
22
SIM5
SIM1
SIM2
SIM3
SIM4
1
21
22
SIM5
SIM1
SIM2
SIM3
SIM4
1
21
22
SIM5
SIM1
SIM2
SIM3
SIM4
1
21
22
SIM5
SIM1
SIM2
SIM3
SIM4
1
21
22
SIM5
SIM1
SIM2
SIM3
SIM4
1
21
22
SIM5
SIM1
SIM2
SIM3
SIM4
1
21
22
SIM5
SIM1
SIM2
SIM3
SIM4
1
21
22
SIM5
SIM1
SIM2
SIM3
SIM4
1
21
22
SIM5
SIM1
SIM2
SIM3
SIM4
1
21
22
SIM5
SIM1
SIM2
DEBUG 1 614
SIM1
SIM2
SIM3
SIM4
1
21
22
SIM5
SIM1
SIM2
SIM3
SIM4
1
21
22
SIM5
SIM1
SIM2
SIM3
SIM4
1
21
22
SIM5
SIM1
SIM2
SIM3
SIM4
1
21
22
SIM5
SIM1
SIM2
SIM3
SIM4
1
21
22
SIM5
SIM1
SIM2
SIM3
SIM4
1
21
22
SIM5
SIM1
SIM2
SIM3
SIM4
1
21
22
SIM5
SIM1
SIM2
SIM3
SIM4
1
21
22
SIM5
SIM1
SIM2
SIM3
SIM4
1
21
22
SIM5
SIM1
SIM2
SIM3
SIM4
1
21
22
SIM5
SIM1
SIM2
SIM3
SIM4
1
21
22
SIM5
SIM1
SIM2
SIM3
SIM4
1
21
22
SIM5
SIM1
SIM2
SIM3
SIM4
1
21
22
SIM5
SIM1
SIM2
SIM3
SIM4
1
21
22
SIM5
SIM1
SIM2
SIM3
SIM4
1
21
22
SIM5
SIM1
SIM2
SIM3
SIM4
1
21
22
SIM5
SIM1
SIM2
SIM3
SIM4
1
21
22
SIM5
SIM1
SIM2
SIM3
SIM4
1
21
22
SIM5
SIM1
SIM2
SIM3
SIM4
1
21
22
SIM5
SIM1
SIM2
SIM3
SIM4
1
21
22
SIM5
SIM1
SIM2
SIM3
SIM4
1
21
22
SIM5
SIM1
SIM2
SIM3
SIM4
1
21
22
SIM5
SIM1
SIM2
DEBUG 1 615
SIM1
SIM2
SIM3
SIM4
1
21
22
SIM5
SIM1
SIM2
SIM3
SIM4
1
21
22
SIM5
SIM1
SIM2
SIM3
SIM4
1
21
22
SIM5
SIM1
SIM2
SIM3
SIM4
1
21
22
SIM5
SIM1
SIM2
SIM3
SIM4
1
21
22
SIM5
SIM1
SIM2
SIM3
SIM4
1
21
22
SIM5
SIM1
SIM2
SIM3
SIM4
1
21
22
SIM5
SIM1
SIM2
SIM3
SIM4
1
21
22
SIM5
SIM1
SIM2
SIM3
SIM4
1
21
22
SIM5
SIM1
SIM2
SIM3
SIM4
1
21
22
SIM5
SIM1
SIM2
SIM3
SIM4
1
21
22
SIM5
SIM1
SIM2
SIM3
SIM4
1
21
22
SIM5
SIM1
SIM2
SIM3
SIM4
1
21
22
SIM5
SIM1
SIM2
SIM3
SIM4
1
21
22
SIM5
SIM1
SIM2
SIM3
SIM4
1
21
22
SIM5
SIM1
SIM2
SIM3
SIM4
1
21
22
SIM5
SIM1
SIM2
SIM3
SIM4
1
21
22
SIM5
SIM1
SIM2
SIM3
SIM4
1
21
22
SIM5
SIM1
SIM2
SIM3
SIM4
1
21
22
SIM5
SIM1
SIM2
SIM3
SIM4
1
21
22
SIM5
SIM1
SIM2
SIM3
SIM4
1
21
22
SIM5
SIM1
SIM2
SIM3
SIM4
1
21
22
SIM5
SIM1
SIM2
SIM3
SIM4
1
21
22
SIM5
SIM1
SIM2
SIM3
SIM4
1
21
22
SIM5
SIM1
SIM2
SIM3
SIM4
1
21
22
SIM5
SIM1
SIM2
SIM3
SIM4
1
21
22
SIM5
SIM1
SIM2
SIM3
SIM4
1
21
22
SIM5
SIM1
SIM2
SIM3
SIM4
1
21
22
SIM5
SIM1
SIM2
SIM3
SIM4
1
21
22
SIM5
SIM1
SIM2
SIM3
SIM4
1
21
22
SIM5
SIM1
SIM2
SIM3
SIM4
1
21
22
SIM5
SIM1
SIM2
SIM3
SIM4
1
21
22
SIM5
SIM1
SIM2
SIM3
SIM4
1
21
22
SIM5
SIM1
SIM2
SIM3
SIM4
1
21
22
SIM5
SIM1
SIM2
SIM3
SIM4
1
21
22
SIM5
SIM1
SIM2
SIM3
SIM4
1
21
22
SIM5
SIM1
SIM2
SIM3
SIM4
1
21
22
SIM5
SIM1
SIM2
SIM3
SIM4
1
21
22
SIM5
SIM1
SIM2
SIM3
SIM4
1
21
22
SIM5
SIM1
SIM2
SIM3
SIM4
1
21
22
SIM5
SIM1
SIM2
SIM3
SIM4
1
21
22
SIM5
SIM1
SIM2
SIM3
SIM4
1
21
22
SIM5
SIM1
SIM2
SIM3
SIM4
1
21
22
SIM5
SIM1
SIM2
SIM3
SIM4
1
21
22
SIM5
SIM1
SIM2
SIM3
SIM4
1
21
22
SIM5
SIM1
SIM2
SIM3
SIM4
1
21
22
SIM5
SIM1
SIM2
SIM3
SIM4
1
21
22
SIM5
SIM1
SIM2
SIM3
SIM4
1
21
22
SIM5
SIM1
SIM2
SIM3
SIM4
1
21
22
SIM5
SIM1
SIM2
SIM3
SIM4
1
21
22
SIM5
SIM1
SIM2
SIM3
SIM4
1
21
22
SIM5
SIM1
SIM2
SIM3
SIM4
1
21
22
SIM5
SIM1
SIM2
SIM3
SIM4
1
21
22
SIM5
SIM1
SIM2
SIM3
SIM4
1
21
22
SIM5
SIM1
SIM2
SIM3
SIM4
1
21
22
SIM5
SIM1
SIM2
SIM3
SIM4
1
21
22
SIM5
SIM1
SIM2
SIM3
SIM4
1
21
22
SIM5
SIM1
SIM2
SIM3
SIM4
1
21
22
SIM5
SIM1
SIM2
SIM3
SIM4
1
21
22
SIM5
SIM1
SIM2
SIM3
SIM4
1
21
22
SIM5
SIM1
SIM2
SIM3
SIM4
1
21
22
SIM5
SIM1
SIM2
SIM3
SIM4
1
21
22
SIM5
SIM1
SIM2
SIM3
SIM4
1
21
22
SIM5
SIM1
SIM2
SIM3
SIM4
1
21
22
SIM5
SIM1
SIM2
SIM3
SIM4
1
21
22
SIM5
SIM1
SIM2
SIM3
SIM4
1
21
22
SIM5
SIM1
SIM2
SIM3
SIM4
1
21
22
SIM5
SIM1
SIM2
SIM3
SIM4
1
21
22
SIM5
SIM1
SIM2
SIM3
SIM4
1
21
22
SIM5
SIM1
SIM2
SIM3
SIM4
1
21
22
SIM5
SIM1
SIM2
SIM3
SIM4
1
21
22
SIM5
SIM1
SIM2
SIM3
SIM4
1
21
22
SIM5
SIM1
SIM2
SIM3
SIM4
1
21
22
SIM5
SIM1
SIM2
SIM3
SIM4
1
21
22
SIM5
SIM1
SIM2
SIM3
SIM4
1
21
22
SIM5
SIM1
SIM2
SIM3
SIM4
1
21
22
SIM5
SIM1
SIM2
SIM3
SIM4
1
21
22
SIM5
SIM1
SIM2
SIM3
SIM4
1
21
22
SIM5
SIM1
SIM2
SIM3
SIM4
1
21
22
SIM5
SIM1
SIM2
SIM3
SIM4
1
21
22
SIM5
SIM1
SIM2
SIM3
SIM4
1
21
22
SIM5
SIM1
SIM2
SIM3
SIM4
1
21
22
SIM5
SIM1
SIM2
SIM3
SIM4
1
21
22
SIM5
SIM1
SIM2
SIM3
SIM4
1
21
22
SIM5
SIM1
SIM2
SIM3
SIM4
1
21
22
SIM5
SIM1
SIM2
SIM3
SIM4
1
21
22
SIM5
SIM1
SIM2
SIM3
SIM4
1
21
22
SIM5
SIM1
SIM2
SIM3
SIM4
1
21
22
SIM5
SIM1
SIM2
SIM3
SIM4
1
21
22
SIM5
SIM1
SIM2
SIM3
SIM4
1
21
22
SIM5
SIM1
SIM2
SIM3
SIM4
1
21
22
SIM5
SIM1
SIM2
SIM3
SIM4
1
21
22
SIM5
SIM1
SIM2
SIM3
SIM4
1
21
22
SIM5
SIM1
SIM2
SIM3
SIM4
1
21
22
SIM5
SIM1
SIM2
SIM3
SIM4
1
21
22
SIM5
SIM1
SIM2
SIM3
SIM4
1
21
22
SIM5
SIM1
SIM2
SIM3
SIM4
1
21
22
SIM5
SIM1
SIM2
SIM3
SIM4
1
21
22
SIM5
SIM1
SIM2
SIM3
SIM4
1
21
22
SIM5
SIM1
SIM2
SIM3
SIM4
1
21
22
SIM5
SIM1
SIM2
SIM3
SIM4
1
21
22
SIM5
SIM1
SIM2
SIM3
SIM4
1
21
22
SIM5
SIM1
SIM2
SIM3
SIM4
1
21
22
SIM5
SIM1
SIM2
SIM3
SIM4
1
21
22
SIM5
SIM1
SIM2
SIM3
SIM4
1
21
22
SIM5
SIM1
SIM2
SIM3
SIM4
1
21
22
SIM5
SIM1
SIM2
SIM3
SIM4
1
21
22
SIM5
SIM1
SIM2
SIM3
SIM4
1
21
22
SIM5
SIM1
SIM2
SIM3
SIM4
1
21
22
SIM5
SIM1
SIM2
SIM3
SIM4
1
21
22
SIM5
SIM1
SIM2
SIM3
SIM4
1
21
22
SIM5
SIM1
SIM2
SIM3
SIM4
1
21
22
SIM5
SIM1
SIM2
SIM3
SIM4
1
21
22
SIM5
SIM1
SIM2
SIM3
SIM4
1
21
22
SIM5
SIM1
SIM2
SIM3
SIM4
1
21
22
SIM5
SIM1
SIM2
SIM3
SIM4
1
21
22
SIM5
SIM1
SIM2
SIM3
SIM4
1
21
22
SIM5
SIM1
SIM2
SIM3
SIM4
1
21
22
SIM5
SIM1
SIM2
SIM3
SIM4
1
21
22
SIM5
SIM1
SIM2
SIM3
SIM4
1
21
22
SIM5
SIM1
SIM2
SIM3
SIM4
1
21
22
SIM5
SIM1
SIM2
SIM3
SIM4
1
21
22
SIM5
SIM1
SIM2
SIM3
SIM4
1
21
22
SIM5
SIM1
SIM2
SIM3
SIM4
1
21
22
SIM5
SIM1
SIM2
SIM3
SIM4
1
21
22
SIM5
SIM1
SIM2
SIM3
SIM4
1
21
22
SIM5
SIM1
SIM2
SIM3
SIM4
1
21
22
SIM5
SIM1
SIM2
SIM3
SIM4
1
21
22
SIM5
SIM1
SIM2
SIM3
SIM4
1
21
22
SIM5
SIM1
SIM2
SIM3
SIM4
1
21
22
SIM5
SIM1
SIM2
SIM3
SIM4
1
21
22
SIM5
SIM1
SIM2
SIM3
SIM4
1
21
22
SIM5
SIM1
SIM2
SIM3
SIM4
1
21
22
SIM5
SIM1
SIM2
SIM3
SIM4
1
21
22
SIM5
SIM1
SIM2
SIM3
SIM4
1
21
22
SIM5
SIM1
SIM2
SIM3
SIM4
1
21
22
SIM5
SIM1
SIM2
SIM3
SIM4
1
21
22
SIM5
SIM1
SIM2
SIM3
SIM4
1
21
22
SIM5
SIM1
SIM2
SIM3
SIM4
1
21
22
SIM5
SIM1
SIM2
SIM3
SIM4
1
21
22
SIM5
SIM1
SIM2
SIM3
SIM4
1
21
22
SIM5
SIM1
SIM2
SIM3
SIM4
1
21
22
SIM5
SIM1
SIM2
SIM3
SIM4
1
21
22
SIM5
SIM1
SIM2
SIM3
SIM4
1
21
22
SIM5
SIM1
SIM2
SIM3
SIM4
1
21
22
SIM5
SIM1
SIM2
SIM3
SIM4
1
21
22
SIM5
SIM1
SIM2
SIM3
SIM4
1
21
22
SIM5
SIM1
SIM2
SIM3
SIM4
1
21
22
SIM5
SIM1
SIM2
SIM3
SIM4
1
21
22
SIM5
SIM1
SIM2
SIM3
SIM4
1
21
22
SIM5
SIM1
SIM2
SIM3
SIM4
1
21
22
SIM5
SIM1
SIM2
SIM3
SIM4
1
21
22
SIM5
SIM1
SIM2
SIM3
SIM4
1
21
22
SIM5
SIM1
SIM2
SIM3
SIM4
1
21
22
SIM5
SIM1
SIM2
SIM3
SIM4
1
21
22
SIM5
SIM1
SIM2
SIM3
SIM4
1
21
22
SIM5
SIM1
SIM2
SIM3
SIM4
1
21
22
SIM5
SIM1
SIM2
SIM3
SIM4
1
21
22
SIM5
SIM1
SIM2
SIM3
SIM4
1
21
22
SIM5
SIM1
SIM2
SIM3
SIM4
1
21
22
SIM5
SIM1
SIM2
SIM3
SIM4
1
21
22
SIM5
SIM1
SIM2
SIM3
SIM4
1
21
22
SIM5
SIM1
SIM2
SIM3
SIM4
1
21
22
SIM5
SIM1
SIM2
SIM3
SIM4
1
21
22
SIM5
SIM1
SIM2
SIM3
SIM4
1
21
22
SIM5
SIM1
SIM2
SIM3
SIM4
1
21
22
SIM5
SIM1
SIM2
SIM3
SIM4
1
21
22
SIM5
SIM1
SIM2
SIM3
SIM4
1
21
22
SIM5
SIM1
SIM2
SIM3
SIM4
1
21
22
SIM5
SIM1
SIM2
SIM3
SIM4
1
21
22
SIM5
SIM1
SIM2
SIM3
SIM4
1
21
22
SIM5
SIM1
SIM2
SIM3
SIM4
1
21
22
SIM5
SIM1
SIM2
SIM3
SIM4
1
21
22
SIM5
SIM1
SIM2
SIM3
SIM4
1
21
22
SIM5
SIM1
SIM2
SIM3
SIM4
1
21
22
SIM5
SIM1
SIM2
SIM3
SIM4
1
21
22
SIM5
SIM1
SIM2
SIM3
SIM4
1
21
22
SIM5
SIM1
SIM2
SIM3
SIM4
1
21
22
SIM5
SIM1
SIM2
SIM3
SIM4
1
21
22
SIM5
SIM1
SIM2
SIM3
SIM4
1
21
22
SIM5
SIM1
SIM2
SIM3
SIM4
1
21
22
SIM5
SIM1
SIM2
SIM3
SIM4
1
21
22
SIM5
SIM1
SIM2
SIM3
SIM4
1
21
22
SIM5
SIM1
SIM2
SIM3
SIM4
1
21
22
SIM5
SIM1
SIM2
SIM3
SIM4
1
21
22
SIM5
SIM1
SIM2
SIM3
SIM4
1
21
22
SIM5
SIM1
SIM2
SIM3
SIM4
1
21
22
SIM5
SIM1
SIM2
SIM3
SIM4
1
21
22
SIM5
SIM1
SIM2
SIM3
SIM4
1
21
22
SIM5
SIM1
SIM2
SIM3
SIM4
1
21
22
SIM5
SIM1
SIM2
SIM3
SIM4
1
21
22
SIM5
SIM1
SIM2
SIM3
SIM4
1
21
22
SIM5
SIM1
SIM2
SIM3
SIM4
1
21
22
SIM5
SIM1
SIM2
SIM3
SIM4
1
21
22
SIM5
SIM1
SIM2
SIM3
SIM4
1
21
22
SIM5
SIM1
SIM2
SIM3
SIM4
1
21
22
SIM5
SIM1
SIM2
SIM3
SIM4
1
21
22
SIM5
SIM1
SIM2
SIM3
SIM4
1
21
22
SIM5
SIM1
SIM2
SIM3
SIM4
1
21
22
SIM5
SIM1
SIM2
SIM3
SIM4
1
21
22
SIM5
SIM1
SIM2
SIM3
SIM4
1
21
22
SIM5
SIM1
SIM2
SIM3
SIM4
1
21
22
SIM5
SIM1
SIM2
SIM3
SIM4
1
21
22
SIM5
SIM1
SIM2
SIM3
SIM4
1
21
22
SIM5
SIM1
SIM2
SIM3
SIM4
1
21
22
SIM5
SIM1
SIM2
SIM3
SIM4
1
21
22
SIM5
SIM1
SIM2
SIM3
SIM4
1
21
22
SIM5
SIM1
SIM2
SIM3
SIM4
1
21
22
SIM5
SIM1
SIM2
SIM3
SIM4
1
21
22
SIM5
SIM1
SIM2
SIM3
SIM4
1
21
22
SIM5
SIM1
SIM2
SIM3
SIM4
1
21
22
SIM5
SIM1
SIM2
DEBUG 1 616
SIM1
SIM2
SIM3
SIM4
1
21
22
SIM5
SIM1
SIM2
SIM3
SIM4
1
21
22
SIM5
SIM1
SIM2
SIM3
SIM4
1
21
22
SIM5
SIM1
SIM2
SIM3
SIM4
1
21
22
SIM5
SIM1
SIM2
SIM3
SIM4
1
21
22
SIM5
SIM1
SIM2
SIM3
SIM4
1
21
22
SIM5
SIM1
SIM2
SIM3
SIM4
1
21
22
SIM5
SIM1
SIM2
SIM3
SIM4
1
21
22
SIM5
SIM1
SIM2
SIM3
SIM4
1
21
22
SIM5
SIM1
SIM2
SIM3
SIM4
1
21
22
SIM5
SIM1
SIM2
SIM3
SIM4
1
21
22
SIM5
SIM1
SIM2
SIM3
SIM4
1
21
22
SIM5
SIM1
SIM2
SIM3
SIM4
1
21
22
SIM5
SIM1
SIM2
SIM3
SIM4
1
21
22
SIM5
SIM1
SIM2
SIM3
SIM4
1
21
22
SIM5
SIM1
SIM2
SIM3
SIM4
1
21
22
SIM5
SIM1
SIM2
SIM3
SIM4
1
21
22
SIM5
SIM1
SIM2
SIM3
SIM4
1
21
22
SIM5
SIM1
SIM2
SIM3
SIM4
1
21
22
SIM5
SIM1
SIM2
SIM3
SIM4
1
21
22
SIM5
SIM1
SIM2
SIM3
SIM4
1
21
22
SIM5
SIM1
SIM2
SIM3
SIM4
1
21
22
SIM5
SIM1
SIM2
SIM3
SIM4
1
21
22
SIM5
SIM1
SIM2
SIM3
SIM4
1
21
22
SIM5
SIM1
SIM2
SIM3
SIM4
1
21
22
SIM5
SIM1
SIM2
SIM3
SIM4
1
21
22
SIM5
SIM1
SIM2
SIM3
SIM4
1
21
22
SIM5
SIM1
SIM2
SIM3
SIM4
1
21
22
SIM5
SIM1
SIM2
SIM3
SIM4
1
21
22
SIM5
SIM1
SIM2
DEBUG 1 617
SIM1
SIM2
SIM3
SIM4
1
21
22
SIM5
SIM1
SIM2
SIM3
SIM4
1
21
22
SIM5
SIM1
SIM2
SIM3
SIM4
1
21
22
SIM5
SIM1
SIM2
SIM3
SIM4
1
21
22
SIM5
SIM1
SIM2
SIM3
SIM4
1
21
22
SIM5
SIM1
SIM2
SIM3
SIM4
1
21
22
SIM5
SIM1
SIM2
SIM3
SIM4
1
21
22
SIM5
SIM1
SIM2
SIM3
SIM4
1
21
22
SIM5
SIM1
SIM2
SIM3
SIM4
1
21
22
SIM5
SIM1
SIM2
SIM3
SIM4
1
21
22
SIM5
SIM1
SIM2
SIM3
SIM4
1
21
22
SIM5
SIM1
SIM2
SIM3
SIM4
1
21
22
SIM5
SIM1
SIM2
SIM3
SIM4
1
21
22
SIM5
SIM1
SIM2
SIM3
SIM4
1
21
22
SIM5
SIM1
SIM2
SIM3
SIM4
1
21
22
SIM5
SIM1
SIM2
SIM3
SIM4
1
21
22
SIM5
SIM1
SIM2
SIM3
SIM4
1
21
22
SIM5
SIM1
SIM2
SIM3
SIM4
1
21
22
SIM5
SIM1
SIM2
SIM3
SIM4
1
21
22
SIM5
SIM1
SIM2
SIM3
SIM4
1
21
22
SIM5
SIM1
SIM2
SIM3
SIM4
1
21
22
SIM5
SIM1
SIM2
SIM3
SIM4
1
21
22
SIM5
SIM1
SIM2
SIM3
SIM4
1
21
22
SIM5
SIM1
SIM2
SIM3
SIM4
1
21
22
SIM5
SIM1
SIM2
SIM3
SIM4
1
21
22
SIM5
SIM1
SIM2
SIM3
SIM4
1
21
22
SIM5
SIM1
SIM2
SIM3
SIM4
1
21
22
SIM5
SIM1
SIM2
SIM3
SIM4
1
21
22
SIM5
SIM1
SIM2
SIM3
SIM4
1
21
22
SIM5
SIM1
SIM2
SIM3
SIM4
1
21
22
SIM5
SIM1
SIM2
SIM3
SIM4
1
21
22
SIM5
SIM1
SIM2
SIM3
SIM4
1
21
22
SIM5
SIM1
SIM2
SIM3
SIM4
1
21
22
SIM5
SIM1
SIM2
SIM3
SIM4
1
21
22
SIM5
SIM1
SIM2
SIM3
SIM4
1
21
22
SIM5
SIM1
SIM2
SIM3
SIM4
1
21
22
SIM5
SIM1
SIM2
SIM3
SIM4
1
21
22
SIM5
SIM1
SIM2
SIM3
SIM4
1
21
22
SIM5
SIM1
SIM2
SIM3
SIM4
1
21
22
SIM5
SIM1
SIM2
SIM3
SIM4
1
21
22
SIM5
SIM1
SIM2
SIM3
SIM4
1
21
22
SIM5
SIM1
SIM2
SIM3
SIM4
1
21
22
SIM5
SIM1
SIM2
SIM3
SIM4
1
21
22
SIM5
SIM1
SIM2
SIM3
SIM4
1
21
22
SIM5
SIM1
SIM2
SIM3
SIM4
1
21
22
SIM5
SIM1
SIM2
SIM3
SIM4
1
21
22
SIM5
SIM1
SIM2
SIM3
SIM4
1
21
22
SIM5
SIM1
SIM2
SIM3
SIM4
1
21
22
SIM5
SIM1
SIM2
SIM3
SIM4
1
21
22
SIM5
SIM1
SIM2
SIM3
SIM4
1
21
22
SIM5
SIM1
SIM2
SIM3
SIM4
1
21
22
SIM5
SIM1
SIM2
SIM3
SIM4
1
21
22
SIM5
SIM1
SIM2
SIM3
SIM4
1
21
22
SIM5
SIM1
SIM2
SIM3
SIM4
1
21
22
SIM5
SIM1
SIM2
SIM3
SIM4
1
21
22
SIM5
SIM1
SIM2
SIM3
SIM4
1
21
22
SIM5
SIM1
SIM2
SIM3
SIM4
1
21
22
SIM5
SIM1
SIM2
SIM3
SIM4
1
21
22
SIM5
SIM1
SIM2
SIM3
SIM4
1
21
22
SIM5
SIM1
SIM2
SIM3
SIM4
1
21
22
SIM5
SIM1
SIM2
SIM3
SIM4
1
21
22
SIM5
SIM1
SIM2
SIM3
SIM4
1
21
22
SIM5
SIM1
SIM2
SIM3
SIM4
1
21
22
SIM5
SIM1
SIM2
SIM3
SIM4
1
21
22
SIM5
SIM1
SIM2
SIM3
SIM4
1
21
22
SIM5
SIM1
SIM2
SIM3
SIM4
1
21
22
SIM5
SIM1
SIM2
SIM3
SIM4
1
21
22
SIM5
SIM1
SIM2
SIM3
SIM4
1
21
22
SIM5
SIM1
SIM2
SIM3
SIM4
1
21
22
SIM5
SIM1
SIM2
SIM3
SIM4
1
21
22
SIM5
SIM1
SIM2
SIM3
SIM4
1
21
22
SIM5
SIM1
SIM2
SIM3
SIM4
1
21
22
SIM5
SIM1
SIM2
SIM3
SIM4
1
21
22
SIM5
SIM1
SIM2
SIM3
SIM4
1
21
22
SIM5
SIM1
SIM2
SIM3
SIM4
1
21
22
SIM5
SIM1
SIM2
SIM3
SIM4
1
21
22
SIM5
SIM1
SIM2
SIM3
SIM4
1
21
22
SIM5
SIM1
SIM2
SIM3
SIM4
1
21
22
SIM5
SIM1
SIM2
SIM3
SIM4
1
21
22
SIM5
SIM1
SIM2
SIM3
SIM4
1
21
22
SIM5
SIM1
SIM2
SIM3
SIM4
1
21
22
SIM5
SIM1
SIM2
SIM3
SIM4
1
21
22
SIM5
SIM1
SIM2
SIM3
SIM4
1
21
22
SIM5
SIM1
SIM2
SIM3
SIM4
1
21
22
SIM5
SIM1
SIM2
SIM3
SIM4
1
21
22
SIM5
SIM1
SIM2
SIM3
SIM4
1
21
22
SIM5
SIM1
SIM2
SIM3
SIM4
1
21
22
SIM5
SIM1
SIM2
SIM3
SIM4
1
21
22
SIM5
SIM1
SIM2
SIM3
SIM4
1
21
22
SIM5
SIM1
SIM2
SIM3
SIM4
1
21
22
SIM5
SIM1
SIM2
SIM3
SIM4
1
21
22
SIM5
SIM1
SIM2
SIM3
SIM4
1
21
22
SIM5
SIM1
SIM2
SIM3
SIM4
1
21
22
SIM5
SIM1
SIM2
SIM3
SIM4
1
21
22
SIM5
SIM1
SIM2
SIM3
SIM4
1
21
22
SIM5
SIM1
SIM2
SIM3
SIM4
1
21
22
SIM5
SIM1
SIM2
SIM3
SIM4
1
21
22
SIM5
SIM1
SIM2
SIM3
SIM4
1
21
22
SIM5
SIM1
SIM2
SIM3
SIM4
1
21
22
SIM5
SIM1
SIM2
SIM3
SIM4
1
21
22
SIM5
SIM1
SIM2
SIM3
SIM4
1
21
22
SIM5
SIM1
SIM2
SIM3
SIM4
1
21
22
SIM5
SIM1
SIM2
SIM3
SIM4
1
21
22
SIM5
SIM1
SIM2
SIM3
SIM4
1
21
22
SIM5
SIM1
SIM2
SIM3
SIM4
1
21
22
SIM5
SIM1
SIM2
SIM3
SIM4
1
21
22
SIM5
SIM1
SIM2
SIM3
SIM4
1
21
22
SIM5
SIM1
SIM2
SIM3
SIM4
1
21
22
SIM5
SIM1
SIM2
SIM3
SIM4
1
21
22
SIM5
SIM1
SIM2
SIM3
SIM4
1
21
22
SIM5
SIM1
SIM2
SIM3
SIM4
1
21
22
SIM5
SIM1
SIM2
SIM3
SIM4
1
21
22
SIM5
SIM1
SIM2
SIM3
SIM4
1
21
22
SIM5
SIM1
SIM2
SIM3
SIM4
1
21
22
SIM5
SIM1
SIM2
SIM3
SIM4
1
21
22
SIM5
SIM1
SIM2
SIM3
SIM4
1
21
22
SIM5
SIM1
SIM2
SIM3
SIM4
1
21
22
SIM5
SIM1
SIM2
SIM3
SIM4
1
21
22
SIM5
SIM1
SIM2
SIM3
SIM4
1
21
22
SIM5
SIM1
SIM2
SIM3
SIM4
1
21
22
SIM5
SIM1
SIM2
SIM3
SIM4
1
21
22
SIM5
SIM1
SIM2
SIM3
SIM4
1
21
22
SIM5
SIM1
SIM2
SIM3
SIM4
1
21
22
SIM5
SIM1
SIM2
SIM3
SIM4
1
21
22
SIM5
SIM1
SIM2
SIM3
SIM4
1
21
22
SIM5
SIM1
SIM2
SIM3
SIM4
1
21
22
SIM5
SIM1
SIM2
SIM3
SIM4
1
21
22
SIM5
SIM1
SIM2
SIM3
SIM4
1
21
22
SIM5
SIM1
SIM2
SIM3
SIM4
1
21
22
SIM5
SIM1
SIM2
SIM3
SIM4
1
21
22
SIM5
SIM1
SIM2
SIM3
SIM4
1
21
22
SIM5
SIM1
SIM2
SIM3
SIM4
1
21
22
SIM5
SIM1
SIM2
SIM3
SIM4
1
21
22
SIM5
SIM1
SIM2
SIM3
SIM4
1
21
22
SIM5
SIM1
SIM2
SIM3
SIM4
1
21
22
SIM5
SIM1
SIM2
SIM3
SIM4
1
21
22
SIM5
SIM1
SIM2
SIM3
SIM4
1
21
22
SIM5
SIM1
SIM2
SIM3
SIM4
1
21
22
SIM5
SIM1
SIM2
SIM3
SIM4
1
21
22
SIM5
SIM1
SIM2
SIM3
SIM4
1
21
22
SIM5
SIM1
SIM2
SIM3
SIM4
1
21
22
SIM5
SIM1
SIM2
SIM3
SIM4
1
21
22
SIM5
SIM1
SIM2
SIM3
SIM4
1
21
22
SIM5
SIM1
SIM2
SIM3
SIM4
1
21
22
SIM5
SIM1
SIM2
SIM3
SIM4
1
21
22
SIM5
SIM1
SIM2
SIM3
SIM4
1
21
22
SIM5
SIM1
SIM2
SIM3
SIM4
1
21
22
SIM5
SIM1
SIM2
SIM3
SIM4
1
21
22
SIM5
SIM1
SIM2
SIM3
SIM4
1
21
22
SIM5
SIM1
SIM2
SIM3
SIM4
1
21
22
SIM5
SIM1
SIM2
SIM3
SIM4
1
21
22
SIM5
SIM1
SIM2
SIM3
SIM4
1
21
22
SIM5
SIM1
SIM2
SIM3
SIM4
1
21
22
SIM5
SIM1
SIM2
SIM3
SIM4
1
21
22
SIM5
SIM1
SIM2
SIM3
SIM4
1
21
22
SIM5
SIM1
SIM2
SIM3
SIM4
1
21
22
SIM5
SIM1
SIM2
SIM3
SIM4
1
21
22
SIM5
SIM1
SIM2
SIM3
SIM4
1
21
22
SIM5
SIM1
SIM2
SIM3
SIM4
1
21
22
SIM5
SIM1
SIM2
SIM3
SIM4
1
21
22
SIM5
SIM1
SIM2
DEBUG 1 618
SIM1
SIM2
SIM3
SIM4
1
21
22
SIM5
SIM1
SIM2
SIM3
SIM4
1
21
22
SIM5
SIM1
SIM2
SIM3
SIM4
1
21
22
SIM5
SIM1
SIM2
SIM3
SIM4
1
21
22
SIM5
SIM1
SIM2
SIM3
SIM4
1
21
22
SIM5
SIM1
SIM2
SIM3
SIM4
1
21
22
SIM5
SIM1
SIM2
SIM3
SIM4
1
21
22
SIM5
SIM1
SIM2
SIM3
SIM4
1
21
22
SIM5
SIM1
SIM2
SIM3
SIM4
1
21
22
SIM5
SIM1
SIM2
SIM3
SIM4
1
21
22
SIM5
SIM1
SIM2
SIM3
SIM4
1
21
22
SIM5
SIM1
SIM2
SIM3
SIM4
1
21
22
SIM5
SIM1
SIM2
SIM3
SIM4
1
21
22
SIM5
SIM1
SIM2
SIM3
SIM4
1
21
22
SIM5
SIM1
SIM2
SIM3
SIM4
1
21
22
SIM5
SIM1
SIM2
SIM3
SIM4
1
21
22
SIM5
SIM1
SIM2
SIM3
SIM4
1
21
22
SIM5
SIM1
SIM2
SIM3
SIM4
1
21
22
SIM5
SIM1
SIM2
SIM3
SIM4
1
21
22
SIM5
SIM1
SIM2
SIM3
SIM4
1
21
22
SIM5
SIM1
SIM2
SIM3
SIM4
1
21
22
SIM5
SIM1
SIM2
SIM3
SIM4
1
21
22
SIM5
SIM1
SIM2
SIM3
SIM4
1
21
22
SIM5
SIM1
SIM2
SIM3
SIM4
1
21
22
SIM5
SIM1
SIM2
SIM3
SIM4
1
21
22
SIM5
SIM1
SIM2
SIM3
SIM4
1
21
22
SIM5
SIM1
SIM2
SIM3
SIM4
1
21
22
SIM5
SIM1
SIM2
SIM3
SIM4
1
21
22
SIM5
SIM1
SIM2
SIM3
SIM4
1
21
22
SIM5
SIM1
SIM2
SIM3
SIM4
1
21
22
SIM5
SIM1
SIM2
SIM3
SIM4
1
21
22
SIM5
SIM1
SIM2
SIM3
SIM4
1
21
22
SIM5
SIM1
SIM2
SIM3
SIM4
1
21
22
SIM5
SIM1
SIM2
SIM3
SIM4
1
21
22
SIM5
SIM1
SIM2
SIM3
SIM4
1
21
22
SIM5
SIM1
SIM2
SIM3
SIM4
1
21
22
SIM5
SIM1
SIM2
SIM3
SIM4
1
21
22
SIM5
SIM1
SIM2
SIM3
SIM4
1
21
22
SIM5
SIM1
SIM2
SIM3
SIM4
1
21
22
SIM5
SIM1
SIM2
SIM3
SIM4
1
21
22
SIM5
SIM1
SIM2
SIM3
SIM4
1
21
22
SIM5
SIM1
SIM2
SIM3
SIM4
1
21
22
SIM5
SIM1
SIM2
SIM3
SIM4
1
21
22
SIM5
SIM1
SIM2
SIM3
SIM4
1
21
22
SIM5
SIM1
SIM2
SIM3
SIM4
1
21
22
SIM5
SIM1
SIM2
SIM3
SIM4
1
21
22
SIM5
SIM1
SIM2
SIM3
SIM4
1
21
22
SIM5
SIM1
SIM2
SIM3
SIM4
1
21
22
SIM5
SIM1
SIM2
SIM3
SIM4
1
21
22
SIM5
SIM1
SIM2
SIM3
SIM4
1
21
22
SIM5
SIM1
SIM2
SIM3
SIM4
1
21
22
SIM5
SIM1
SIM2
SIM3
SIM4
1
21
22
SIM5
SIM1
SIM2
SIM3
SIM4
1
21
22
SIM5
SIM1
SIM2
SIM3
SIM4
1
21
22
SIM5
SIM1
SIM2
SIM3
SIM4
1
21
22
SIM5
SIM1
SIM2
SIM3
SIM4
1
21
22
SIM5
SIM1
SIM2
SIM3
SIM4
1
21
22
SIM5
SIM1
SIM2
SIM3
SIM4
1
21
22
SIM5
SIM1
SIM2
SIM3
SIM4
1
21
22
SIM5
SIM1
SIM2
SIM3
SIM4
1
21
22
SIM5
SIM1
SIM2
SIM3
SIM4
1
21
22
SIM5
SIM1
SIM2
SIM3
SIM4
1
21
22
SIM5
SIM1
SIM2
SIM3
SIM4
1
21
22
SIM5
SIM1
SIM2
SIM3
SIM4
1
21
22
SIM5
SIM1
SIM2
SIM3
SIM4
1
21
22
SIM5
SIM1
SIM2
SIM3
SIM4
1
21
22
SIM5
SIM1
SIM2
SIM3
SIM4
1
21
22
SIM5
SIM1
SIM2
SIM3
SIM4
1
21
22
SIM5
SIM1
SIM2
SIM3
SIM4
1
21
22
SIM5
SIM1
SIM2
SIM3
SIM4
1
21
22
SIM5
SIM1
SIM2
SIM3
SIM4
1
21
22
SIM5
SIM1
SIM2
SIM3
SIM4
1
21
22
SIM5
SIM1
SIM2
SIM3
SIM4
1
21
22
SIM5
SIM1
SIM2
SIM3
SIM4
1
21
22
SIM5
SIM1
SIM2
SIM3
SIM4
1
21
22
SIM5
SIM1
SIM2
SIM3
SIM4
1
21
22
SIM5
SIM1
SIM2
SIM3
SIM4
1
21
22
SIM5
SIM1
SIM2
SIM3
SIM4
1
21
22
SIM5
SIM1
SIM2
SIM3
SIM4
1
21
22
SIM5
SIM1
SIM2
SIM3
SIM4
1
21
22
SIM5
SIM1
SIM2
SIM3
SIM4
1
21
22
SIM5
SIM1
SIM2
SIM3
SIM4
1
21
22
SIM5
SIM1
SIM2
SIM3
SIM4
1
21
22
SIM5
SIM1
SIM2
SIM3
SIM4
1
21
22
SIM5
SIM1
SIM2
SIM3
SIM4
1
21
22
SIM5
SIM1
SIM2
SIM3
SIM4
1
21
22
SIM5
SIM1
SIM2
SIM3
SIM4
1
21
22
SIM5
SIM1
SIM2
SIM3
SIM4
1
21
22
SIM5
SIM1
SIM2
SIM3
SIM4
1
21
22
SIM5
SIM1
SIM2
SIM3
SIM4
1
21
22
SIM5
SIM1
SIM2
SIM3
SIM4
1
21
22
SIM5
SIM1
SIM2
SIM3
SIM4
1
21
22
SIM5
SIM1
SIM2
SIM3
SIM4
1
21
22
SIM5
SIM1
SIM2
SIM3
SIM4
1
21
22
SIM5
SIM1
SIM2
SIM3
SIM4
1
21
22
SIM5
SIM1
SIM2
SIM3
SIM4
1
21
22
SIM5
SIM1
SIM2
SIM3
SIM4
1
21
22
SIM5
SIM1
SIM2
SIM3
SIM4
1
21
22
SIM5
SIM1
SIM2
SIM3
SIM4
1
21
22
SIM5
SIM1
SIM2
SIM3
SIM4
1
21
22
SIM5
SIM1
SIM2
SIM3
SIM4
1
21
22
SIM5
SIM1
SIM2
SIM3
SIM4
1
21
22
SIM5
SIM1
SIM2
SIM3
SIM4
1
21
22
SIM5
SIM1
SIM2
SIM3
SIM4
1
21
22
SIM5
SIM1
SIM2
SIM3
SIM4
1
21
22
SIM5
SIM1
SIM2
SIM3
SIM4
1
21
22
SIM5
SIM1
SIM2
SIM3
SIM4
1
21
22
SIM5
SIM1
SIM2
SIM3
SIM4
1
21
22
SIM5
SIM1
SIM2
SIM3
SIM4
1
21
22
SIM5
SIM1
SIM2
SIM3
SIM4
1
21
22
SIM5
SIM1
SIM2
SIM3
SIM4
1
21
22
SIM5
SIM1
SIM2
SIM3
SIM4
1
21
22
SIM5
SIM1
SIM2
SIM3
SIM4
1
21
22
SIM5
SIM1
SIM2
SIM3
SIM4
1
21
22
SIM5
SIM1
SIM2
SIM3
SIM4
1
21
22
SIM5
SIM1
SIM2
SIM3
SIM4
1
21
22
SIM5
SIM1
SIM2
SIM3
SIM4
1
21
22
SIM5
SIM1
SIM2
SIM3
SIM4
1
21
22
SIM5
SIM1
SIM2
SIM3
SIM4
1
21
22
SIM5
SIM1
SIM2
SIM3
SIM4
1
21
22
SIM5
SIM1
SIM2
SIM3
SIM4
1
21
22
SIM5
SIM1
SIM2
SIM3
SIM4
1
21
22
SIM5
SIM1
SIM2
SIM3
SIM4
1
21
22
SIM5
SIM1
SIM2
SIM3
SIM4
1
21
22
SIM5
SIM1
SIM2
SIM3
SIM4
1
21
22
SIM5
SIM1
SIM2
SIM3
SIM4
1
21
22
SIM5
SIM1
SIM2
SIM3
SIM4
1
21
22
SIM5
SIM1
SIM2
SIM3
SIM4
1
21
22
SIM5
SIM1
SIM2
SIM3
SIM4
1
21
22
SIM5
SIM1
SIM2
SIM3
SIM4
1
21
22
SIM5
SIM1
SIM2
SIM3
SIM4
1
21
22
SIM5
SIM1
SIM2
SIM3
SIM4
1
21
22
SIM5
SIM1
SIM2
SIM3
SIM4
1
21
22
SIM5
SIM1
SIM2
SIM3
SIM4
1
21
22
SIM5
SIM1
SIM2
SIM3
SIM4
1
21
22
SIM5
SIM1
SIM2
SIM3
SIM4
1
21
22
SIM5
SIM1
SIM2
SIM3
SIM4
1
21
22
SIM5
SIM1
SIM2
SIM3
SIM4
1
21
22
SIM5
SIM1
SIM2
SIM3
SIM4
1
21
22
SIM5
SIM1
SIM2
SIM3
SIM4
1
21
22
SIM5
SIM1
SIM2
SIM3
SIM4
1
21
22
SIM5
SIM1
SIM2
SIM3
SIM4
1
21
22
SIM5
SIM1
SIM2
SIM3
SIM4
1
21
22
SIM5
SIM1
SIM2
SIM3
SIM4
1
21
22
SIM5
SIM1
SIM2
SIM3
SIM4
1
21
22
SIM5
SIM1
SIM2
SIM3
SIM4
1
21
22
SIM5
SIM1
SIM2
SIM3
SIM4
1
21
22
SIM5
SIM1
SIM2
SIM3
SIM4
1
21
22
SIM5
SIM1
SIM2
SIM3
SIM4
1
21
22
SIM5
SIM1
SIM2
SIM3
SIM4
1
21
22
SIM5
SIM1
SIM2
SIM3
SIM4
1
21
22
SIM5
SIM1
SIM2
SIM3
SIM4
1
21
22
SIM5
SIM1
SIM2
SIM3
SIM4
1
21
22
SIM5
SIM1
SIM2
SIM3
SIM4
1
21
22
SIM5
SIM1
SIM2
SIM3
SIM4
1
21
22
SIM5
SIM1
SIM2
SIM3
SIM4
1
21
22
SIM5
SIM1
SIM2
SIM3
SIM4
1
21
22
SIM5
SIM1
SIM2
SIM3
SIM4
1
21
22
SIM5
SIM1
SIM2
SIM3
SIM4
1
21
22
SIM5
SIM1
SIM2
SIM3
SIM4
1
21
22
SIM5
SIM1
SIM2
SIM3
SIM4
1
21
22
SIM5
SIM1
SIM2
SIM3
SIM4
1
21
22
SIM5
SIM1
SIM2
SIM3
SIM4
1
21
22
SIM5
SIM1
SIM2
SIM3
SIM4
1
21
22
SIM5
SIM1
SIM2
SIM3
SIM4
1
21
22
SIM5
SIM1
SIM2
SIM3
SIM4
1
21
22
SIM5
SIM1
SIM2
SIM3
SIM4
1
21
22
SIM5
SIM1
SIM2
SIM3
SIM4
1
21
22
SIM5
SIM1
SIM2
SIM3
SIM4
1
21
22
SIM5
SIM1
SIM2
SIM3
SIM4
1
21
22
SIM5
SIM1
SIM2
SIM3
SIM4
1
21
22
SIM5
SIM1
SIM2
SIM3
SIM4
1
21
22
SIM5
SIM1
SIM2
SIM3
SIM4
1
21
22
SIM5
SIM1
SIM2
SIM3
SIM4
1
21
22
SIM5
SIM1
SIM2
SIM3
SIM4
1
21
22
SIM5
SIM1
SIM2
SIM3
SIM4
1
21
22
SIM5
SIM1
SIM2
SIM3
SIM4
1
21
22
SIM5
SIM1
SIM2
SIM3
SIM4
1
21
22
SIM5
SIM1
SIM2
SIM3
SIM4
1
21
22
SIM5
SIM1
SIM2
SIM3
SIM4
1
21
22
SIM5
SIM1
SIM2
SIM3
SIM4
1
21
22
SIM5
SIM1
SIM2
SIM3
SIM4
1
21
22
SIM5
SIM1
SIM2
SIM3
SIM4
1
21
22
SIM5
SIM1
SIM2
SIM3
SIM4
1
21
22
SIM5
SIM1
SIM2
SIM3
SIM4
1
21
22
SIM5
SIM1
SIM2
SIM3
SIM4
1
21
22
SIM5
SIM1
SIM2
SIM3
SIM4
1
21
22
SIM5
SIM1
SIM2
SIM3
SIM4
1
21
22
SIM5
SIM1
SIM2
SIM3
SIM4
1
21
22
SIM5
SIM1
SIM2
SIM3
SIM4
1
21
22
SIM5
SIM1
SIM2
SIM3
SIM4
1
21
22
SIM5
SIM1
SIM2
SIM3
SIM4
1
21
22
SIM5
SIM1
SIM2
SIM3
SIM4
1
21
22
SIM5
SIM1
SIM2
SIM3
SIM4
1
21
22
SIM5
SIM1
SIM2
SIM3
SIM4
1
21
22
SIM5
SIM1
SIM2
SIM3
SIM4
1
21
22
SIM5
SIM1
SIM2
SIM3
SIM4
1
21
22
SIM5
SIM1
SIM2
SIM3
SIM4
1
21
22
SIM5
SIM1
SIM2
SIM3
SIM4
1
21
22
SIM5
SIM1
SIM2
SIM3
SIM4
1
21
22
SIM5
SIM1
SIM2
SIM3
SIM4
1
21
22
SIM5
SIM1
SIM2
SIM3
SIM4
1
21
22
SIM5
SIM1
SIM2
SIM3
SIM4
1
21
22
SIM5
SIM1
SIM2
SIM3
SIM4
1
21
22
SIM5
SIM1
SIM2
SIM3
SIM4
1
21
22
SIM5
SIM1
SIM2
SIM3
SIM4
1
21
22
SIM5
SIM1
SIM2
SIM3
SIM4
1
21
22
SIM5
SIM1
SIM2
SIM3
SIM4
1
21
22
SIM5
SIM1
SIM2
SIM3
SIM4
1
21
22
SIM5
SIM1
SIM2
SIM3
SIM4
1
21
22
SIM5
SIM1
SIM2
DEBUG 1 619
SIM1
SIM2
SIM3
SIM4
1
21
22
SIM5
SIM1
SIM2
SIM3
SIM4
1
21
22
SIM5
SIM1
SIM2
SIM3
SIM4
1
21
22
SIM5
SIM1
SIM2
SIM3
SIM4
1
21
22
SIM5
SIM1
SIM2
SIM3
SIM4
1
21
22
SIM5
SIM1
SIM2
SIM3
SIM4
1
21
22
SIM5
SIM1
SIM2
SIM3
SIM4
1
21
22
SIM5
SIM1
SIM2
SIM3
SIM4
1
21
22
SIM5
SIM1
SIM2
SIM3
SIM4
1
21
22
SIM5
SIM1
SIM2
SIM3
SIM4
1
21
22
SIM5
SIM1
SIM2
SIM3
SIM4
1
21
22
SIM5
SIM1
SIM2
SIM3
SIM4
1
21
22
SIM5
SIM1
SIM2
SIM3
SIM4
1
21
22
SIM5
SIM1
SIM2
SIM3
SIM4
1
21
22
SIM5
SIM1
SIM2
SIM3
SIM4
1
21
22
SIM5
SIM1
SIM2
SIM3
SIM4
1
21
22
SIM5
SIM1
SIM2
SIM3
SIM4
1
21
22
SIM5
SIM1
SIM2
SIM3
SIM4
1
21
22
SIM5
SIM1
SIM2
SIM3
SIM4
1
21
22
SIM5
SIM1
SIM2
SIM3
SIM4
1
21
22
SIM5
SIM1
SIM2
SIM3
SIM4
1
21
22
SIM5
SIM1
SIM2
SIM3
SIM4
1
21
22
SIM5
SIM1
SIM2
SIM3
SIM4
1
21
22
SIM5
SIM1
SIM2
SIM3
SIM4
1
21
22
SIM5
SIM1
SIM2
SIM3
SIM4
1
21
22
SIM5
SIM1
SIM2
SIM3
SIM4
1
21
22
SIM5
SIM1
SIM2
SIM3
SIM4
1
21
22
SIM5
SIM1
SIM2
SIM3
SIM4
1
21
22
SIM5
SIM1
SIM2
SIM3
SIM4
1
21
22
SIM5
SIM1
SIM2
SIM3
SIM4
1
21
22
SIM5
SIM1
SIM2
SIM3
SIM4
1
21
22
SIM5
SIM1
SIM2
SIM3
SIM4
1
21
22
SIM5
SIM1
SIM2
SIM3
SIM4
1
21
22
SIM5
SIM1
SIM2
SIM3
SIM4
1
21
22
SIM5
SIM1
SIM2
SIM3
SIM4
1
21
22
SIM5
SIM1
SIM2
SIM3
SIM4
1
21
22
SIM5
SIM1
SIM2
SIM3
SIM4
1
21
22
SIM5
SIM1
SIM2
SIM3
SIM4
1
21
22
SIM5
SIM1
SIM2
SIM3
SIM4
1
21
22
SIM5
SIM1
SIM2
SIM3
SIM4
1
21
22
SIM5
SIM1
SIM2
SIM3
SIM4
1
21
22
SIM5
SIM1
SIM2
SIM3
SIM4
1
21
22
SIM5
SIM1
SIM2
SIM3
SIM4
1
21
22
SIM5
SIM1
SIM2
SIM3
SIM4
1
21
22
SIM5
SIM1
SIM2
SIM3
SIM4
1
21
22
SIM5
SIM1
SIM2
SIM3
SIM4
1
21
22
SIM5
SIM1
SIM2
SIM3
SIM4
1
21
22
SIM5
SIM1
SIM2
SIM3
SIM4
1
21
22
SIM5
SIM1
SIM2
SIM3
SIM4
1
21
22
SIM5
SIM1
SIM2
SIM3
SIM4
1
21
22
SIM5
SIM1
SIM2
SIM3
SIM4
1
21
22
SIM5
SIM1
SIM2
SIM3
SIM4
1
21
22
SIM5
SIM1
SIM2
SIM3
SIM4
1
21
22
SIM5
SIM1
SIM2
SIM3
SIM4
1
21
22
SIM5
SIM1
SIM2
SIM3
SIM4
1
21
22
SIM5
SIM1
SIM2
SIM3
SIM4
1
21
22
SIM5
SIM1
SIM2
SIM3
SIM4
1
21
22
SIM5
SIM1
SIM2
SIM3
SIM4
1
21
22
SIM5
SIM1
SIM2
SIM3
SIM4
1
21
22
SIM5
SIM1
SIM2
SIM3
SIM4
1
21
22
SIM5
SIM1
SIM2
SIM3
SIM4
1
21
22
SIM5
SIM1
SIM2
SIM3
SIM4
1
21
22
SIM5
SIM1
SIM2
SIM3
SIM4
1
21
22
SIM5
SIM1
SIM2
SIM3
SIM4
1
21
22
SIM5
SIM1
SIM2
SIM3
SIM4
1
21
22
SIM5
SIM1
SIM2
SIM3
SIM4
1
21
22
SIM5
SIM1
SIM2
SIM3
SIM4
1
21
22
SIM5
SIM1
SIM2
SIM3
SIM4
1
21
22
SIM5
SIM1
SIM2
SIM3
SIM4
1
21
22
SIM5
SIM1
SIM2
SIM3
SIM4
1
21
22
SIM5
SIM1
SIM2
SIM3
SIM4
1
21
22
SIM5
SIM1
SIM2
SIM3
SIM4
1
21
22
SIM5
SIM1
SIM2
SIM3
SIM4
1
21
22
SIM5
SIM1
SIM2
SIM3
SIM4
1
21
22
SIM5
SIM1
SIM2
SIM3
SIM4
1
21
22
SIM5
SIM1
SIM2
SIM3
SIM4
1
21
22
SIM5
SIM1
SIM2
SIM3
SIM4
1
21
22
SIM5
SIM1
SIM2
SIM3
SIM4
1
21
22
SIM5
SIM1
SIM2
SIM3
SIM4
1
21
22
SIM5
SIM1
SIM2
SIM3
SIM4
1
21
22
SIM5
SIM1
SIM2
SIM3
SIM4
1
21
22
SIM5
SIM1
SIM2
SIM3
SIM4
1
21
22
SIM5
SIM1
SIM2
SIM3
SIM4
1
21
22
SIM5
SIM1
SIM2
SIM3
SIM4
1
21
22
SIM5
SIM1
SIM2
SIM3
SIM4
1
21
22
SIM5
SIM1
SIM2
SIM3
SIM4
1
21
22
SIM5
SIM1
SIM2
SIM3
SIM4
1
21
22
SIM5
SIM1
SIM2
SIM3
SIM4
1
21
22
SIM5
SIM1
SIM2
SIM3
SIM4
1
21
22
SIM5
SIM1
SIM2
SIM3
SIM4
1
21
22
SIM5
SIM1
SIM2
SIM3
SIM4
1
21
22
SIM5
SIM1
SIM2
SIM3
SIM4
1
21
22
SIM5
SIM1
SIM2
SIM3
SIM4
1
21
22
SIM5
SIM1
SIM2
SIM3
SIM4
1
21
22
SIM5
SIM1
SIM2
SIM3
SIM4
1
21
22
SIM5
SIM1
SIM2
SIM3
SIM4
1
21
22
SIM5
SIM1
SIM2
SIM3
SIM4
1
21
22
SIM5
SIM1
SIM2
SIM3
SIM4
1
21
22
SIM5
SIM1
SIM2
SIM3
SIM4
1
21
22
SIM5
SIM1
SIM2
SIM3
SIM4
1
21
22
SIM5
SIM1
SIM2
SIM3
SIM4
1
21
22
SIM5
SIM1
SIM2
SIM3
SIM4
1
21
22
SIM5
SIM1
SIM2
SIM3
SIM4
1
21
22
SIM5
SIM1
SIM2
SIM3
SIM4
1
21
22
SIM5
SIM1
SIM2
SIM3
SIM4
1
21
22
SIM5
SIM1
SIM2
SIM3
SIM4
1
21
22
SIM5
SIM1
SIM2
SIM3
SIM4
1
21
22
SIM5
SIM1
SIM2
SIM3
SIM4
1
21
22
SIM5
SIM1
SIM2
SIM3
SIM4
1
21
22
SIM5
SIM1
SIM2
SIM3
SIM4
1
21
22
SIM5
SIM1
SIM2
SIM3
SIM4
1
21
22
SIM5
SIM1
SIM2
SIM3
SIM4
1
21
22
SIM5
SIM1
SIM2
SIM3
SIM4
1
21
22
SIM5
SIM1
SIM2
SIM3
SIM4
1
21
22
SIM5
SIM1
SIM2
SIM3
SIM4
1
21
22
SIM5
SIM1
SIM2
SIM3
SIM4
1
21
22
SIM5
SIM1
SIM2
SIM3
SIM4
1
21
22
SIM5
SIM1
SIM2
SIM3
SIM4
1
21
22
SIM5
SIM1
SIM2
SIM3
SIM4
1
21
22
SIM5
SIM1
SIM2
SIM3
SIM4
1
21
22
SIM5
SIM1
SIM2
SIM3
SIM4
1
21
22
SIM5
SIM1
SIM2
SIM3
SIM4
1
21
22
SIM5
SIM1
SIM2
SIM3
SIM4
1
21
22
SIM5
SIM1
SIM2
SIM3
SIM4
1
21
22
SIM5
SIM1
SIM2
SIM3
SIM4
1
21
22
SIM5
SIM1
SIM2
SIM3
SIM4
1
21
22
SIM5
SIM1
SIM2
SIM3
SIM4
1
21
22
SIM5
SIM1
SIM2
SIM3
SIM4
1
21
22
SIM5
SIM1
SIM2
SIM3
SIM4
1
21
22
SIM5
SIM1
SIM2
SIM3
SIM4
1
21
22
SIM5
SIM1
SIM2
SIM3
SIM4
1
21
22
SIM5
SIM1
SIM2
SIM3
SIM4
1
21
22
SIM5
SIM1
SIM2
SIM3
SIM4
1
21
22
SIM5
SIM1
SIM2
SIM3
SIM4
1
21
22
SIM5
SIM1
SIM2
SIM3
SIM4
1
21
22
SIM5
SIM1
SIM2
SIM3
SIM4
1
21
22
SIM5
SIM1
SIM2
DEBUG 1 620
SIM1
SIM2
SIM3
SIM4
1
21
22
SIM5
SIM1
SIM2
SIM3
SIM4
1
21
22
SIM5
SIM1
SIM2
SIM3
SIM4
1
21
22
SIM5
SIM1
SIM2
SIM3
SIM4
1
21
22
SIM5
SIM1
SIM2
SIM3
SIM4
1
21
22
SIM5
SIM1
SIM2
SIM3
SIM4
1
21
22
SIM5
SIM1
SIM2
SIM3
SIM4
1
21
22
SIM5
SIM1
SIM2
SIM3
SIM4
1
21
22
SIM5
SIM1
SIM2
SIM3
SIM4
1
21
22
SIM5
SIM1
SIM2
SIM3
SIM4
1
21
22
SIM5
SIM1
SIM2
SIM3
SIM4
1
21
22
SIM5
SIM1
SIM2
SIM3
SIM4
1
21
22
SIM5
SIM1
SIM2
SIM3
SIM4
1
21
22
SIM5
SIM1
SIM2
SIM3
SIM4
1
21
22
SIM5
SIM1
SIM2
SIM3
SIM4
1
21
22
SIM5
SIM1
SIM2
SIM3
SIM4
1
21
22
SIM5
SIM1
SIM2
SIM3
SIM4
1
21
22
SIM5
SIM1
SIM2
SIM3
SIM4
1
21
22
SIM5
SIM1
SIM2
SIM3
SIM4
1
21
22
SIM5
SIM1
SIM2
SIM3
SIM4
1
21
22
SIM5
SIM1
SIM2
SIM3
SIM4
1
21
22
SIM5
SIM1
SIM2
SIM3
SIM4
1
21
22
SIM5
SIM1
SIM2
SIM3
SIM4
1
21
22
SIM5
SIM1
SIM2
SIM3
SIM4
1
21
22
SIM5
SIM1
SIM2
SIM3
SIM4
1
21
22
SIM5
SIM1
SIM2
SIM3
SIM4
1
21
22
SIM5
SIM1
SIM2
SIM3
SIM4
1
21
22
SIM5
SIM1
SIM2
SIM3
SIM4
1
21
22
SIM5
SIM1
SIM2
SIM3
SIM4
1
21
22
SIM5
SIM1
SIM2
SIM3
SIM4
1
21
22
SIM5
SIM1
SIM2
SIM3
SIM4
1
21
22
SIM5
SIM1
SIM2
SIM3
SIM4
1
21
22
SIM5
SIM1
SIM2
SIM3
SIM4
1
21
22
SIM5
SIM1
SIM2
SIM3
SIM4
1
21
22
SIM5
SIM1
SIM2
SIM3
SIM4
1
21
22
SIM5
SIM1
SIM2
SIM3
SIM4
1
21
22
SIM5
SIM1
SIM2
SIM3
SIM4
1
21
22
SIM5
SIM1
SIM2
SIM3
SIM4
1
21
22
SIM5
SIM1
SIM2
SIM3
SIM4
1
21
22
SIM5
SIM1
SIM2
SIM3
SIM4
1
21
22
SIM5
SIM1
SIM2
SIM3
SIM4
1
21
22
SIM5
SIM1
SIM2
SIM3
SIM4
1
21
22
SIM5
SIM1
SIM2
SIM3
SIM4
1
21
22
SIM5
SIM1
SIM2
SIM3
SIM4
1
21
22
SIM5
SIM1
SIM2
SIM3
SIM4
1
21
22
SIM5
SIM1
SIM2
SIM3
SIM4
1
21
22
SIM5
SIM1
SIM2
SIM3
SIM4
1
21
22
SIM5
SIM1
SIM2
SIM3
SIM4
1
21
22
SIM5
SIM1
SIM2
SIM3
SIM4
1
21
22
SIM5
SIM1
SIM2
SIM3
SIM4
1
21
22
SIM5
SIM1
SIM2
SIM3
SIM4
1
21
22
SIM5
SIM1
SIM2
SIM3
SIM4
1
21
22
SIM5
SIM1
SIM2
SIM3
SIM4
1
21
22
SIM5
SIM1
SIM2
SIM3
SIM4
1
21
22
SIM5
SIM1
SIM2
SIM3
SIM4
1
21
22
SIM5
SIM1
SIM2
SIM3
SIM4
1
21
22
SIM5
SIM1
SIM2
SIM3
SIM4
1
21
22
SIM5
SIM1
SIM2
SIM3
SIM4
1
21
22
SIM5
SIM1
SIM2
SIM3
SIM4
1
21
22
SIM5
SIM1
SIM2
SIM3
SIM4
1
21
22
SIM5
SIM1
SIM2
SIM3
SIM4
1
21
22
SIM5
SIM1
SIM2
SIM3
SIM4
1
21
22
SIM5
SIM1
SIM2
SIM3
SIM4
1
21
22
SIM5
SIM1
SIM2
SIM3
SIM4
1
21
22
SIM5
SIM1
SIM2
SIM3
SIM4
1
21
22
SIM5
SIM1
SIM2
SIM3
SIM4
1
21
22
SIM5
SIM1
SIM2
SIM3
SIM4
1
21
22
SIM5
SIM1
SIM2
SIM3
SIM4
1
21
22
SIM5
SIM1
SIM2
SIM3
SIM4
1
21
22
SIM5
SIM1
SIM2
SIM3
SIM4
1
21
22
SIM5
SIM1
SIM2
SIM3
SIM4
1
21
22
SIM5
SIM1
SIM2
SIM3
SIM4
1
21
22
SIM5
SIM1
SIM2
SIM3
SIM4
1
21
22
SIM5
SIM1
SIM2
SIM3
SIM4
1
21
22
SIM5
SIM1
SIM2
SIM3
SIM4
1
21
22
SIM5
SIM1
SIM2
SIM3
SIM4
1
21
22
SIM5
SIM1
SIM2
SIM3
SIM4
1
21
22
SIM5
SIM1
SIM2
SIM3
SIM4
1
21
22
SIM5
SIM1
SIM2
SIM3
SIM4
1
21
22
SIM5
SIM1
SIM2
SIM3
SIM4
1
21
22
SIM5
SIM1
SIM2
SIM3
SIM4
1
21
22
SIM5
SIM1
SIM2
SIM3
SIM4
1
21
22
SIM5
SIM1
SIM2
SIM3
SIM4
1
21
22
SIM5
SIM1
SIM2
SIM3
SIM4
1
21
22
SIM5
SIM1
SIM2
SIM3
SIM4
1
21
22
SIM5
SIM1
SIM2
SIM3
SIM4
1
21
22
SIM5
SIM1
SIM2
SIM3
SIM4
1
21
22
SIM5
SIM1
SIM2
SIM3
SIM4
1
21
22
SIM5
SIM1
SIM2
SIM3
SIM4
1
21
22
SIM5
SIM1
SIM2
SIM3
SIM4
1
21
22
SIM5
SIM1
SIM2
SIM3
SIM4
1
21
22
SIM5
SIM1
SIM2
SIM3
SIM4
1
21
22
SIM5
SIM1
SIM2
SIM3
SIM4
1
21
22
SIM5
SIM1
SIM2
SIM3
SIM4
1
21
22
SIM5
SIM1
SIM2
SIM3
SIM4
1
21
22
SIM5
SIM1
SIM2
SIM3
SIM4
1
21
22
SIM5
SIM1
SIM2
SIM3
SIM4
1
21
22
SIM5
SIM1
SIM2
SIM3
SIM4
1
21
22
SIM5
SIM1
SIM2
SIM3
SIM4
1
21
22
SIM5
SIM1
SIM2
SIM3
SIM4
1
21
22
SIM5
SIM1
SIM2
SIM3
SIM4
1
21
22
SIM5
SIM1
SIM2
SIM3
SIM4
1
21
22
SIM5
SIM1
SIM2
SIM3
SIM4
1
21
22
SIM5
SIM1
SIM2
SIM3
SIM4
1
21
22
SIM5
SIM1
SIM2
SIM3
SIM4
1
21
22
SIM5
SIM1
SIM2
SIM3
SIM4
1
21
22
SIM5
SIM1
SIM2
SIM3
SIM4
1
21
22
SIM5
SIM1
SIM2
SIM3
SIM4
1
21
22
SIM5
SIM1
SIM2
SIM3
SIM4
1
21
22
SIM5
SIM1
SIM2
SIM3
SIM4
1
21
22
SIM5
SIM1
SIM2
SIM3
SIM4
1
21
22
SIM5
SIM1
SIM2
SIM3
SIM4
1
21
22
SIM5
SIM1
SIM2
SIM3
SIM4
1
21
22
SIM5
SIM1
SIM2
SIM3
SIM4
1
21
22
SIM5
SIM1
SIM2
SIM3
SIM4
1
21
22
SIM5
SIM1
SIM2
SIM3
SIM4
1
21
22
SIM5
SIM1
SIM2
SIM3
SIM4
1
21
22
SIM5
SIM1
SIM2
SIM3
SIM4
1
21
22
SIM5
SIM1
SIM2
SIM3
SIM4
1
21
22
SIM5
SIM1
SIM2
SIM3
SIM4
1
21
22
SIM5
SIM1
SIM2
SIM3
SIM4
1
21
22
SIM5
SIM1
SIM2
SIM3
SIM4
1
21
22
SIM5
SIM1
SIM2
SIM3
SIM4
1
21
22
SIM5
SIM1
SIM2
SIM3
SIM4
1
21
22
SIM5
SIM1
SIM2
SIM3
SIM4
1
21
22
SIM5
SIM1
SIM2
SIM3
SIM4
1
21
22
SIM5
SIM1
SIM2
SIM3
SIM4
1
21
22
SIM5
SIM1
SIM2
SIM3
SIM4
1
21
22
SIM5
SIM1
SIM2
SIM3
SIM4
1
21
22
SIM5
SIM1
SIM2
SIM3
SIM4
1
21
22
SIM5
SIM1
SIM2
SIM3
SIM4
1
21
22
SIM5
SIM1
SIM2
SIM3
SIM4
1
21
22
SIM5
SIM1
SIM2
SIM3
SIM4
1
21
22
SIM5
SIM1
SIM2
SIM3
SIM4
1
21
22
SIM5
SIM1
SIM2
SIM3
SIM4
1
21
22
SIM5
SIM1
SIM2
SIM3
SIM4
1
21
22
SIM5
SIM1
SIM2
SIM3
SIM4
1
21
22
SIM5
SIM1
SIM2
SIM3
SIM4
1
21
22
SIM5
SIM1
SIM2
SIM3
SIM4
1
21
22
SIM5
SIM1
SIM2
SIM3
SIM4
1
21
22
SIM5
SIM1
SIM2
SIM3
SIM4
1
21
22
SIM5
SIM1
SIM2
SIM3
SIM4
1
21
22
SIM5
SIM1
SIM2
SIM3
SIM4
1
21
22
SIM5
SIM1
SIM2
SIM3
SIM4
1
21
22
SIM5
SIM1
SIM2
SIM3
SIM4
1
21
22
SIM5
SIM1
SIM2
SIM3
SIM4
1
21
22
SIM5
SIM1
SIM2
SIM3
SIM4
1
21
22
SIM5
SIM1
SIM2
SIM3
SIM4
1
21
22
SIM5
SIM1
SIM2
SIM3
SIM4
1
21
22
SIM5
SIM1
SIM2
SIM3
SIM4
1
21
22
SIM5
SIM1
SIM2
SIM3
SIM4
1
21
22
SIM5
SIM1
SIM2
SIM3
SIM4
1
21
22
SIM5
SIM1
SIM2
SIM3
SIM4
1
21
22
SIM5
SIM1
SIM2
SIM3
SIM4
1
21
22
SIM5
SIM1
SIM2
SIM3
SIM4
1
21
22
SIM5
SIM1
SIM2
SIM3
SIM4
1
21
22
SIM5
SIM1
SIM2
SIM3
SIM4
1
21
22
SIM5
SIM1
SIM2
SIM3
SIM4
1
21
22
SIM5
SIM1
SIM2
SIM3
SIM4
1
21
22
SIM5
SIM1
SIM2
SIM3
SIM4
1
21
22
SIM5
SIM1
SIM2
SIM3
SIM4
1
21
22
SIM5
SIM1
SIM2
SIM3
SIM4
1
21
22
SIM5
SIM1
SIM2
SIM3
SIM4
1
21
22
SIM5
SIM1
SIM2
SIM3
SIM4
1
21
22
SIM5
SIM1
SIM2
SIM3
SIM4
1
21
22
SIM5
SIM1
SIM2
SIM3
SIM4
1
21
22
SIM5
SIM1
SIM2
SIM3
SIM4
1
21
22
SIM5
SIM1
SIM2
SIM3
SIM4
1
21
22
SIM5
SIM1
SIM2
SIM3
SIM4
1
21
22
SIM5
SIM1
SIM2
SIM3
SIM4
1
21
22
SIM5
SIM1
SIM2
SIM3
SIM4
1
21
22
SIM5
SIM1
SIM2
SIM3
SIM4
1
21
22
SIM5
SIM1
SIM2
SIM3
SIM4
1
21
22
SIM5
SIM1
SIM2
SIM3
SIM4
1
21
22
SIM5
SIM1
SIM2
DEBUG 1 621
SIM1
SIM2
SIM3
SIM4
1
21
22
SIM5
SIM1
SIM2
SIM3
SIM4
1
21
22
SIM5
SIM1
SIM2
SIM3
SIM4
1
21
22
SIM5
SIM1
SIM2
SIM3
SIM4
1
21
22
SIM5
SIM1
SIM2
SIM3
SIM4
1
21
22
SIM5
SIM1
SIM2
SIM3
SIM4
1
21
22
SIM5
SIM1
SIM2
SIM3
SIM4
1
21
22
SIM5
SIM1
SIM2
SIM3
SIM4
1
21
22
SIM5
SIM1
SIM2
SIM3
SIM4
1
21
22
SIM5
SIM1
SIM2
SIM3
SIM4
1
21
22
SIM5
SIM1
SIM2
SIM3
SIM4
1
21
22
SIM5
SIM1
SIM2
SIM3
SIM4
1
21
22
SIM5
SIM1
SIM2
SIM3
SIM4
1
21
22
SIM5
SIM1
SIM2
SIM3
SIM4
1
21
22
SIM5
SIM1
SIM2
SIM3
SIM4
1
21
22
SIM5
SIM1
SIM2
SIM3
SIM4
1
21
22
SIM5
SIM1
SIM2
SIM3
SIM4
1
21
22
SIM5
SIM1
SIM2
SIM3
SIM4
1
21
22
SIM5
SIM1
SIM2
SIM3
SIM4
1
21
22
SIM5
SIM1
SIM2
SIM3
SIM4
1
21
22
SIM5
SIM1
SIM2
SIM3
SIM4
1
21
22
SIM5
SIM1
SIM2
SIM3
SIM4
1
21
22
SIM5
SIM1
SIM2
SIM3
SIM4
1
21
22
SIM5
SIM1
SIM2
SIM3
SIM4
1
21
22
SIM5
SIM1
SIM2
SIM3
SIM4
1
21
22
SIM5
SIM1
SIM2
SIM3
SIM4
1
21
22
SIM5
SIM1
SIM2
SIM3
SIM4
1
21
22
SIM5
SIM1
SIM2
SIM3
SIM4
1
21
22
SIM5
SIM1
SIM2
SIM3
SIM4
1
21
22
SIM5
SIM1
SIM2
SIM3
SIM4
1
21
22
SIM5
SIM1
SIM2
SIM3
SIM4
1
21
22
SIM5
SIM1
SIM2
SIM3
SIM4
1
21
22
SIM5
SIM1
SIM2
SIM3
SIM4
1
21
22
SIM5
SIM1
SIM2
SIM3
SIM4
1
21
22
SIM5
SIM1
SIM2
SIM3
SIM4
1
21
22
SIM5
SIM1
SIM2
SIM3
SIM4
1
21
22
SIM5
SIM1
SIM2
SIM3
SIM4
1
21
22
SIM5
SIM1
SIM2
SIM3
SIM4
1
21
22
SIM5
SIM1
SIM2
SIM3
SIM4
1
21
22
SIM5
SIM1
SIM2
SIM3
SIM4
1
21
22
SIM5
SIM1
SIM2
SIM3
SIM4
1
21
22
SIM5
SIM1
SIM2
SIM3
SIM4
1
21
22
SIM5
SIM1
SIM2
SIM3
SIM4
1
21
22
SIM5
SIM1
SIM2
SIM3
SIM4
1
21
22
SIM5
SIM1
SIM2
SIM3
SIM4
1
21
22
SIM5
SIM1
SIM2
SIM3
SIM4
1
21
22
SIM5
SIM1
SIM2
SIM3
SIM4
1
21
22
SIM5
SIM1
SIM2
SIM3
SIM4
1
21
22
SIM5
SIM1
SIM2
SIM3
SIM4
1
21
22
SIM5
SIM1
SIM2
SIM3
SIM4
1
21
22
SIM5
SIM1
SIM2
SIM3
SIM4
1
21
22
SIM5
SIM1
SIM2
SIM3
SIM4
1
21
22
SIM5
SIM1
SIM2
SIM3
SIM4
1
21
22
SIM5
SIM1
SIM2
SIM3
SIM4
1
21
22
SIM5
SIM1
SIM2
SIM3
SIM4
1
21
22
SIM5
SIM1
SIM2
SIM3
SIM4
1
21
22
SIM5
SIM1
SIM2
SIM3
SIM4
1
21
22
SIM5
SIM1
SIM2
SIM3
SIM4
1
21
22
SIM5
SIM1
SIM2
SIM3
SIM4
1
21
22
SIM5
SIM1
SIM2
SIM3
SIM4
1
21
22
SIM5
SIM1
SIM2
SIM3
SIM4
1
21
22
SIM5
SIM1
SIM2
SIM3
SIM4
1
21
22
SIM5
SIM1
SIM2
SIM3
SIM4
1
21
22
SIM5
SIM1
SIM2
SIM3
SIM4
1
21
22
SIM5
SIM1
SIM2
SIM3
SIM4
1
21
22
SIM5
SIM1
SIM2
SIM3
SIM4
1
21
22
SIM5
SIM1
SIM2
SIM3
SIM4
1
21
22
SIM5
SIM1
SIM2
SIM3
SIM4
1
21
22
SIM5
SIM1
SIM2
SIM3
SIM4
1
21
22
SIM5
SIM1
SIM2
SIM3
SIM4
1
21
22
SIM5
SIM1
SIM2
SIM3
SIM4
1
21
22
SIM5
SIM1
SIM2
SIM3
SIM4
1
21
22
SIM5
SIM1
SIM2
SIM3
SIM4
1
21
22
SIM5
SIM1
SIM2
SIM3
SIM4
1
21
22
SIM5
SIM1
SIM2
SIM3
SIM4
1
21
22
SIM5
SIM1
SIM2
SIM3
SIM4
1
21
22
SIM5
SIM1
SIM2
SIM3
SIM4
1
21
22
SIM5
SIM1
SIM2
SIM3
SIM4
1
21
22
SIM5
SIM1
SIM2
SIM3
SIM4
1
21
22
SIM5
SIM1
SIM2
SIM3
SIM4
1
21
22
SIM5
SIM1
SIM2
SIM3
SIM4
1
21
22
SIM5
SIM1
SIM2
SIM3
SIM4
1
21
22
SIM5
SIM1
SIM2
SIM3
SIM4
1
21
22
SIM5
SIM1
SIM2
SIM3
SIM4
1
21
22
SIM5
SIM1
SIM2
SIM3
SIM4
1
21
22
SIM5
SIM1
SIM2
SIM3
SIM4
1
21
22
SIM5
SIM1
SIM2
SIM3
SIM4
1
21
22
SIM5
SIM1
SIM2
SIM3
SIM4
1
21
22
SIM5
SIM1
SIM2
SIM3
SIM4
1
21
22
SIM5
SIM1
SIM2
SIM3
SIM4
1
21
22
SIM5
SIM1
SIM2
SIM3
SIM4
1
21
22
SIM5
SIM1
SIM2
SIM3
SIM4
1
21
22
SIM5
SIM1
SIM2
SIM3
SIM4
1
21
22
SIM5
SIM1
SIM2
SIM3
SIM4
1
21
22
SIM5
SIM1
SIM2
SIM3
SIM4
1
21
22
SIM5
SIM1
SIM2
SIM3
SIM4
1
21
22
SIM5
SIM1
SIM2
SIM3
SIM4
1
21
22
SIM5
SIM1
SIM2
SIM3
SIM4
1
21
22
SIM5
SIM1
SIM2
SIM3
SIM4
1
21
22
SIM5
SIM1
SIM2
SIM3
SIM4
1
21
22
SIM5
SIM1
SIM2
SIM3
SIM4
1
21
22
SIM5
SIM1
SIM2
SIM3
SIM4
1
21
22
SIM5
SIM1
SIM2
SIM3
SIM4
1
21
22
SIM5
SIM1
SIM2
SIM3
SIM4
1
21
22
SIM5
SIM1
SIM2
SIM3
SIM4
1
21
22
SIM5
SIM1
SIM2
SIM3
SIM4
1
21
22
SIM5
SIM1
SIM2
SIM3
SIM4
1
21
22
SIM5
SIM1
SIM2
SIM3
SIM4
1
21
22
SIM5
SIM1
SIM2
SIM3
SIM4
1
21
22
SIM5
SIM1
SIM2
SIM3
SIM4
1
21
22
SIM5
SIM1
SIM2
SIM3
SIM4
1
21
22
SIM5
SIM1
SIM2
SIM3
SIM4
1
21
22
SIM5
SIM1
SIM2
SIM3
SIM4
1
21
22
SIM5
SIM1
SIM2
SIM3
SIM4
1
21
22
SIM5
SIM1
SIM2
SIM3
SIM4
1
21
22
SIM5
SIM1
SIM2
SIM3
SIM4
1
21
22
SIM5
SIM1
SIM2
SIM3
SIM4
1
21
22
SIM5
SIM1
SIM2
SIM3
SIM4
1
21
22
SIM5
SIM1
SIM2
SIM3
SIM4
1
21
22
SIM5
SIM1
SIM2
SIM3
SIM4
1
21
22
SIM5
SIM1
SIM2
SIM3
SIM4
1
21
22
SIM5
SIM1
SIM2
SIM3
SIM4
1
21
22
SIM5
SIM1
SIM2
SIM3
SIM4
1
21
22
SIM5
SIM1
SIM2
SIM3
SIM4
1
21
22
SIM5
SIM1
SIM2
SIM3
SIM4
1
21
22
SIM5
SIM1
SIM2
SIM3
SIM4
1
21
22
SIM5
SIM1
SIM2
SIM3
SIM4
1
21
22
SIM5
SIM1
SIM2
SIM3
SIM4
1
21
22
SIM5
SIM1
SIM2
SIM3
SIM4
1
21
22
SIM5
SIM1
SIM2
SIM3
SIM4
1
21
22
SIM5
SIM1
SIM2
SIM3
SIM4
1
21
22
SIM5
SIM1
SIM2
SIM3
SIM4
1
21
22
SIM5
SIM1
SIM2
SIM3
SIM4
1
21
22
SIM5
SIM1
SIM2
SIM3
SIM4
1
21
22
SIM5
SIM1
SIM2
SIM3
SIM4
1
21
22
SIM5
SIM1
SIM2
SIM3
SIM4
1
21
22
SIM5
SIM1
SIM2
SIM3
SIM4
1
21
22
SIM5
SIM1
SIM2
SIM3
SIM4
1
21
22
SIM5
SIM1
SIM2
SIM3
SIM4
1
21
22
SIM5
SIM1
SIM2
SIM3
SIM4
1
21
22
SIM5
SIM1
SIM2
SIM3
SIM4
1
21
22
SIM5
SIM1
SIM2
SIM3
SIM4
1
21
22
SIM5
SIM1
SIM2
SIM3
SIM4
1
21
22
SIM5
SIM1
SIM2
SIM3
SIM4
1
21
22
SIM5
SIM1
SIM2
SIM3
SIM4
1
21
22
SIM5
SIM1
SIM2
SIM3
SIM4
1
21
22
SIM5
SIM1
SIM2
SIM3
SIM4
1
21
22
SIM5
SIM1
SIM2
SIM3
SIM4
1
21
22
SIM5
SIM1
SIM2
SIM3
SIM4
1
21
22
SIM5
SIM1
SIM2
SIM3
SIM4
1
21
22
SIM5
SIM1
SIM2
SIM3
SIM4
1
21
22
SIM5
SIM1
SIM2
SIM3
SIM4
1
21
22
SIM5
SIM1
SIM2
SIM3
SIM4
1
21
22
SIM5
SIM1
SIM2
SIM3
SIM4
1
21
22
SIM5
SIM1
SIM2
SIM3
SIM4
1
21
22
SIM5
SIM1
SIM2
SIM3
SIM4
1
21
22
SIM5
SIM1
SIM2
SIM3
SIM4
1
21
22
SIM5
SIM1
SIM2
SIM3
SIM4
1
21
22
SIM5
SIM1
SIM2
SIM3
SIM4
1
21
22
SIM5
SIM1
SIM2
SIM3
SIM4
1
21
22
SIM5
SIM1
SIM2
SIM3
SIM4
1
21
22
SIM5
SIM1
SIM2
SIM3
SIM4
1
21
22
SIM5
SIM1
SIM2
SIM3
SIM4
1
21
22
SIM5
SIM1
SIM2
SIM3
SIM4
1
21
22
SIM5
SIM1
SIM2
SIM3
SIM4
1
21
22
SIM5
SIM1
SIM2
SIM3
SIM4
1
21
22
SIM5
SIM1
SIM2
SIM3
SIM4
1
21
22
SIM5
SIM1
SIM2
SIM3
SIM4
1
21
22
SIM5
SIM1
SIM2
SIM3
SIM4
1
21
22
SIM5
SIM1
SIM2
SIM3
SIM4
1
21
22
SIM5
SIM1
SIM2
SIM3
SIM4
1
21
22
SIM5
SIM1
SIM2
SIM3
SIM4
1
21
22
SIM5
SIM1
SIM2
SIM3
SIM4
1
21
22
SIM5
SIM1
SIM2
SIM3
SIM4
1
21
22
SIM5
SIM1
SIM2
SIM3
SIM4
1
21
22
SIM5
SIM1
SIM2
SIM3
SIM4
1
21
22
SIM5
SIM1
SIM2
SIM3
SIM4
1
21
22
SIM5
SIM1
SIM2
SIM3
SIM4
1
21
22
SIM5
SIM1
SIM2
SIM3
SIM4
1
21
22
SIM5
SIM1
SIM2
SIM3
SIM4
1
21
22
SIM5
SIM1
SIM2
SIM3
SIM4
1
21
22
SIM5
SIM1
SIM2
SIM3
SIM4
1
21
22
SIM5
SIM1
SIM2
SIM3
SIM4
1
21
22
SIM5
SIM1
SIM2
SIM3
SIM4
1
21
22
SIM5
SIM1
SIM2
SIM3
SIM4
1
21
22
SIM5
SIM1
SIM2
SIM3
SIM4
1
21
22
SIM5
SIM1
SIM2
SIM3
SIM4
1
21
22
SIM5
SIM1
SIM2
SIM3
SIM4
1
21
22
SIM5
SIM1
SIM2
SIM3
SIM4
1
21
22
SIM5
SIM1
SIM2
SIM3
SIM4
1
21
22
SIM5
SIM1
SIM2
SIM3
SIM4
1
21
22
SIM5
SIM1
SIM2
SIM3
SIM4
1
21
22
SIM5
SIM1
SIM2
SIM3
SIM4
1
21
22
SIM5
SIM1
SIM2
SIM3
SIM4
1
21
22
SIM5
SIM1
SIM2
SIM3
SIM4
1
21
22
SIM5
SIM1
SIM2
SIM3
SIM4
1
21
22
SIM5
SIM1
SIM2
SIM3
SIM4
1
21
22
SIM5
SIM1
SIM2
SIM3
SIM4
1
21
22
SIM5
SIM1
SIM2
SIM3
SIM4
1
21
22
SIM5
SIM1
SIM2
SIM3
SIM4
1
21
22
SIM5
SIM1
SIM2
SIM3
SIM4
1
21
22
SIM5
SIM1
SIM2
SIM3
SIM4
1
21
22
SIM5
SIM1
SIM2
SIM3
SIM4
1
21
22
SIM5
SIM1
SIM2
SIM3
SIM4
1
21
22
SIM5
SIM1
SIM2
SIM3
SIM4
1
21
22
SIM5
SIM1
SIM2
SIM3
SIM4
1
21
22
SIM5
SIM1
SIM2
SIM3
SIM4
1
21
22
SIM5
SIM1
SIM2
SIM3
SIM4
1
21
22
SIM5
SIM1
SIM2
SIM3
SIM4
1
21
22
SIM5
SIM1
SIM2
SIM3
SIM4
1
21
22
SIM5
SIM1
SIM2
SIM3
SIM4
1
21
22
SIM5
SIM1
SIM2
DEBUG 1 622
SIM1
SIM2
SIM3
SIM4
1
21
22
SIM5
SIM1
SIM2
SIM3
SIM4
1
21
22
SIM5
SIM1
SIM2
SIM3
SIM4
1
21
22
SIM5
SIM1
SIM2
SIM3
SIM4
1
21
22
SIM5
SIM1
SIM2
SIM3
SIM4
1
21
22
SIM5
SIM1
SIM2
SIM3
SIM4
1
21
22
SIM5
SIM1
SIM2
SIM3
SIM4
1
21
22
SIM5
SIM1
SIM2
SIM3
SIM4
1
21
22
SIM5
SIM1
SIM2
SIM3
SIM4
1
21
22
SIM5
SIM1
SIM2
SIM3
SIM4
1
21
22
SIM5
SIM1
SIM2
SIM3
SIM4
1
21
22
SIM5
SIM1
SIM2
SIM3
SIM4
1
21
22
SIM5
SIM1
SIM2
SIM3
SIM4
1
21
22
SIM5
SIM1
SIM2
SIM3
SIM4
1
21
22
SIM5
SIM1
SIM2
SIM3
SIM4
1
21
22
SIM5
SIM1
SIM2
SIM3
SIM4
1
21
22
SIM5
SIM1
SIM2
SIM3
SIM4
1
21
22
SIM5
SIM1
SIM2
SIM3
SIM4
1
21
22
SIM5
SIM1
SIM2
SIM3
SIM4
1
21
22
SIM5
SIM1
SIM2
SIM3
SIM4
1
21
22
SIM5
SIM1
SIM2
SIM3
SIM4
1
21
22
SIM5
SIM1
SIM2
SIM3
SIM4
1
21
22
SIM5
SIM1
SIM2
SIM3
SIM4
1
21
22
SIM5
SIM1
SIM2
SIM3
SIM4
1
21
22
SIM5
SIM1
SIM2
SIM3
SIM4
1
21
22
SIM5
SIM1
SIM2
SIM3
SIM4
1
21
22
SIM5
SIM1
SIM2
SIM3
SIM4
1
21
22
SIM5
SIM1
SIM2
SIM3
SIM4
1
21
22
SIM5
SIM1
SIM2
SIM3
SIM4
1
21
22
SIM5
SIM1
SIM2
SIM3
SIM4
1
21
22
SIM5
SIM1
SIM2
SIM3
SIM4
1
21
22
SIM5
SIM1
SIM2
SIM3
SIM4
1
21
22
SIM5
SIM1
SIM2
SIM3
SIM4
1
21
22
SIM5
SIM1
SIM2
SIM3
SIM4
1
21
22
SIM5
SIM1
SIM2
SIM3
SIM4
1
21
22
SIM5
SIM1
SIM2
SIM3
SIM4
1
21
22
SIM5
SIM1
SIM2
SIM3
SIM4
1
21
22
SIM5
SIM1
SIM2
SIM3
SIM4
1
21
22
SIM5
SIM1
SIM2
SIM3
SIM4
1
21
22
SIM5
SIM1
SIM2
SIM3
SIM4
1
21
22
SIM5
SIM1
SIM2
SIM3
SIM4
1
21
22
SIM5
SIM1
SIM2
SIM3
SIM4
1
21
22
SIM5
SIM1
SIM2
SIM3
SIM4
1
21
22
SIM5
SIM1
SIM2
SIM3
SIM4
1
21
22
SIM5
SIM1
SIM2
SIM3
SIM4
1
21
22
SIM5
SIM1
SIM2
SIM3
SIM4
1
21
22
SIM5
SIM1
SIM2
SIM3
SIM4
1
21
22
SIM5
SIM1
SIM2
SIM3
SIM4
1
21
22
SIM5
SIM1
SIM2
SIM3
SIM4
1
21
22
SIM5
SIM1
SIM2
SIM3
SIM4
1
21
22
SIM5
SIM1
SIM2
SIM3
SIM4
1
21
22
SIM5
SIM1
SIM2
SIM3
SIM4
1
21
22
SIM5
SIM1
SIM2
SIM3
SIM4
1
21
22
SIM5
SIM1
SIM2
SIM3
SIM4
1
21
22
SIM5
SIM1
SIM2
SIM3
SIM4
1
21
22
SIM5
SIM1
SIM2
SIM3
SIM4
1
21
22
SIM5
SIM1
SIM2
SIM3
SIM4
1
21
22
SIM5
SIM1
SIM2
SIM3
SIM4
1
21
22
SIM5
SIM1
SIM2
SIM3
SIM4
1
21
22
SIM5
SIM1
SIM2
SIM3
SIM4
1
21
22
SIM5
SIM1
SIM2
SIM3
SIM4
1
21
22
SIM5
SIM1
SIM2
SIM3
SIM4
1
21
22
SIM5
SIM1
SIM2
SIM3
SIM4
1
21
22
SIM5
SIM1
SIM2
SIM3
SIM4
1
21
22
SIM5
SIM1
SIM2
SIM3
SIM4
1
21
22
SIM5
SIM1
SIM2
SIM3
SIM4
1
21
22
SIM5
SIM1
SIM2
SIM3
SIM4
1
21
22
SIM5
SIM1
SIM2
SIM3
SIM4
1
21
22
SIM5
SIM1
SIM2
SIM3
SIM4
1
21
22
SIM5
SIM1
SIM2
SIM3
SIM4
1
21
22
SIM5
SIM1
SIM2
SIM3
SIM4
1
21
22
SIM5
SIM1
SIM2
SIM3
SIM4
1
21
22
SIM5
SIM1
SIM2
SIM3
SIM4
1
21
22
SIM5
SIM1
SIM2
SIM3
SIM4
1
21
22
SIM5
SIM1
SIM2
SIM3
SIM4
1
21
22
SIM5
SIM1
SIM2
SIM3
SIM4
1
21
22
SIM5
SIM1
SIM2
SIM3
SIM4
1
21
22
SIM5
SIM1
SIM2
SIM3
SIM4
1
21
22
SIM5
SIM1
SIM2
SIM3
SIM4
1
21
22
SIM5
SIM1
SIM2
SIM3
SIM4
1
21
22
SIM5
SIM1
SIM2
SIM3
SIM4
1
21
22
SIM5
SIM1
SIM2
SIM3
SIM4
1
21
22
SIM5
SIM1
SIM2
SIM3
SIM4
1
21
22
SIM5
SIM1
SIM2
SIM3
SIM4
1
21
22
SIM5
SIM1
SIM2
SIM3
SIM4
1
21
22
SIM5
SIM1
SIM2
SIM3
SIM4
1
21
22
SIM5
SIM1
SIM2
SIM3
SIM4
1
21
22
SIM5
SIM1
SIM2
SIM3
SIM4
1
21
22
SIM5
SIM1
SIM2
SIM3
SIM4
1
21
22
SIM5
SIM1
SIM2
SIM3
SIM4
1
21
22
SIM5
SIM1
SIM2
SIM3
SIM4
1
21
22
SIM5
SIM1
SIM2
SIM3
SIM4
1
21
22
SIM5
SIM1
SIM2
SIM3
SIM4
1
21
22
SIM5
SIM1
SIM2
SIM3
SIM4
1
21
22
SIM5
SIM1
SIM2
SIM3
SIM4
1
21
22
SIM5
SIM1
SIM2
SIM3
SIM4
1
21
22
SIM5
SIM1
SIM2
SIM3
SIM4
1
21
22
SIM5
SIM1
SIM2
SIM3
SIM4
1
21
22
SIM5
SIM1
SIM2
SIM3
SIM4
1
21
22
SIM5
SIM1
SIM2
SIM3
SIM4
1
21
22
SIM5
SIM1
SIM2
SIM3
SIM4
1
21
22
SIM5
SIM1
SIM2
SIM3
SIM4
1
21
22
SIM5
SIM1
SIM2
SIM3
SIM4
1
21
22
SIM5
SIM1
SIM2
SIM3
SIM4
1
21
22
SIM5
SIM1
SIM2
SIM3
SIM4
1
21
22
SIM5
SIM1
SIM2
SIM3
SIM4
1
21
22
SIM5
SIM1
SIM2
SIM3
SIM4
1
21
22
SIM5
SIM1
SIM2
SIM3
SIM4
1
21
22
SIM5
SIM1
SIM2
SIM3
SIM4
1
21
22
SIM5
SIM1
SIM2
SIM3
SIM4
1
21
22
SIM5
SIM1
SIM2
SIM3
SIM4
1
21
22
SIM5
SIM1
SIM2
SIM3
SIM4
1
21
22
SIM5
SIM1
SIM2
SIM3
SIM4
1
21
22
SIM5
SIM1
SIM2
SIM3
SIM4
1
21
22
SIM5
SIM1
SIM2
SIM3
SIM4
1
21
22
SIM5
SIM1
SIM2
SIM3
SIM4
1
21
22
SIM5
SIM1
SIM2
SIM3
SIM4
1
21
22
SIM5
SIM1
SIM2
SIM3
SIM4
1
21
22
SIM5
SIM1
SIM2
SIM3
SIM4
1
21
22
SIM5
SIM1
SIM2
SIM3
SIM4
1
21
22
SIM5
SIM1
SIM2
SIM3
SIM4
1
21
22
SIM5
SIM1
SIM2
SIM3
SIM4
1
21
22
SIM5
SIM1
SIM2
SIM3
SIM4
1
21
22
SIM5
SIM1
SIM2
SIM3
SIM4
1
21
22
SIM5
SIM1
SIM2
SIM3
SIM4
1
21
22
SIM5
SIM1
SIM2
SIM3
SIM4
1
21
22
SIM5
SIM1
SIM2
SIM3
SIM4
1
21
22
SIM5
SIM1
SIM2
SIM3
SIM4
1
21
22
SIM5
SIM1
SIM2
SIM3
SIM4
1
21
22
SIM5
SIM1
SIM2
SIM3
SIM4
1
21
22
SIM5
SIM1
SIM2
SIM3
SIM4
1
21
22
SIM5
SIM1
SIM2
SIM3
SIM4
1
21
22
SIM5
SIM1
SIM2
SIM3
SIM4
1
21
22
SIM5
SIM1
SIM2
SIM3
SIM4
1
21
22
SIM5
SIM1
SIM2
SIM3
SIM4
1
21
22
SIM5
SIM1
SIM2
SIM3
SIM4
1
21
22
SIM5
SIM1
SIM2
SIM3
SIM4
1
21
22
SIM5
SIM1
SIM2
SIM3
SIM4
1
21
22
SIM5
SIM1
SIM2
SIM3
SIM4
1
21
22
SIM5
SIM1
SIM2
SIM3
SIM4
1
21
22
SIM5
SIM1
SIM2
SIM3
SIM4
1
21
22
SIM5
SIM1
SIM2
SIM3
SIM4
1
21
22
SIM5
SIM1
SIM2
SIM3
SIM4
1
21
22
SIM5
SIM1
SIM2
SIM3
SIM4
1
21
22
SIM5
SIM1
SIM2
SIM3
SIM4
1
21
22
SIM5
SIM1
SIM2
SIM3
SIM4
1
21
22
SIM5
SIM1
SIM2
SIM3
SIM4
1
21
22
SIM5
SIM1
SIM2
SIM3
SIM4
1
21
22
SIM5
SIM1
SIM2
SIM3
SIM4
1
21
22
SIM5
SIM1
SIM2
SIM3
SIM4
1
21
22
SIM5
SIM1
SIM2
DEBUG 1 623
SIM1
SIM2
SIM3
SIM4
1
21
22
SIM5
SIM1
SIM2
SIM3
SIM4
1
21
22
SIM5
SIM1
SIM2
SIM3
SIM4
1
21
22
SIM5
SIM1
SIM2
SIM3
SIM4
1
21
22
SIM5
SIM1
SIM2
SIM3
SIM4
1
21
22
SIM5
SIM1
SIM2
SIM3
SIM4
1
21
22
SIM5
SIM1
SIM2
SIM3
SIM4
1
21
22
SIM5
SIM1
SIM2
SIM3
SIM4
1
21
22
SIM5
SIM1
SIM2
SIM3
SIM4
1
21
22
SIM5
SIM1
SIM2
SIM3
SIM4
1
21
22
SIM5
SIM1
SIM2
SIM3
SIM4
1
21
22
SIM5
SIM1
SIM2
SIM3
SIM4
1
21
22
SIM5
SIM1
SIM2
SIM3
SIM4
1
21
22
SIM5
SIM1
SIM2
SIM3
SIM4
1
21
22
SIM5
SIM1
SIM2
SIM3
SIM4
1
21
22
SIM5
SIM1
SIM2
SIM3
SIM4
1
21
22
SIM5
SIM1
SIM2
SIM3
SIM4
1
21
22
SIM5
SIM1
SIM2
SIM3
SIM4
1
21
22
SIM5
SIM1
SIM2
SIM3
SIM4
1
21
22
SIM5
SIM1
SIM2
SIM3
SIM4
1
21
22
SIM5
SIM1
SIM2
SIM3
SIM4
1
21
22
SIM5
SIM1
SIM2
SIM3
SIM4
1
21
22
SIM5
SIM1
SIM2
SIM3
SIM4
1
21
22
SIM5
SIM1
SIM2
SIM3
SIM4
1
21
22
SIM5
SIM1
SIM2
SIM3
SIM4
1
21
22
SIM5
SIM1
SIM2
SIM3
SIM4
1
21
22
SIM5
SIM1
SIM2
SIM3
SIM4
1
21
22
SIM5
SIM1
SIM2
SIM3
SIM4
1
21
22
SIM5
SIM1
SIM2
SIM3
SIM4
1
21
22
SIM5
SIM1
SIM2
SIM3
SIM4
1
21
22
SIM5
SIM1
SIM2
SIM3
SIM4
1
21
22
SIM5
SIM1
SIM2
SIM3
SIM4
1
21
22
SIM5
SIM1
SIM2
SIM3
SIM4
1
21
22
SIM5
SIM1
SIM2
SIM3
SIM4
1
21
22
SIM5
SIM1
SIM2
SIM3
SIM4
1
21
22
SIM5
SIM1
SIM2
SIM3
SIM4
1
21
22
SIM5
SIM1
SIM2
SIM3
SIM4
1
21
22
SIM5
SIM1
SIM2
SIM3
SIM4
1
21
22
SIM5
SIM1
SIM2
SIM3
SIM4
1
21
22
SIM5
SIM1
SIM2
SIM3
SIM4
1
21
22
SIM5
SIM1
SIM2
SIM3
SIM4
1
21
22
SIM5
SIM1
SIM2
SIM3
SIM4
1
21
22
SIM5
SIM1
SIM2
SIM3
SIM4
1
21
22
SIM5
SIM1
SIM2
SIM3
SIM4
1
21
22
SIM5
SIM1
SIM2
SIM3
SIM4
1
21
22
SIM5
SIM1
SIM2
SIM3
SIM4
1
21
22
SIM5
SIM1
SIM2
SIM3
SIM4
1
21
22
SIM5
SIM1
SIM2
SIM3
SIM4
1
21
22
SIM5
SIM1
SIM2
SIM3
SIM4
1
21
22
SIM5
SIM1
SIM2
SIM3
SIM4
1
21
22
SIM5
SIM1
SIM2
SIM3
SIM4
1
21
22
SIM5
SIM1
SIM2
SIM3
SIM4
1
21
22
SIM5
SIM1
SIM2
SIM3
SIM4
1
21
22
SIM5
SIM1
SIM2
SIM3
SIM4
1
21
22
SIM5
SIM1
SIM2
SIM3
SIM4
1
21
22
SIM5
SIM1
SIM2
SIM3
SIM4
1
21
22
SIM5
SIM1
SIM2
SIM3
SIM4
1
21
22
SIM5
SIM1
SIM2
SIM3
SIM4
1
21
22
SIM5
SIM1
SIM2
SIM3
SIM4
1
21
22
SIM5
SIM1
SIM2
SIM3
SIM4
1
21
22
SIM5
SIM1
SIM2
SIM3
SIM4
1
21
22
SIM5
SIM1
SIM2
SIM3
SIM4
1
21
22
SIM5
SIM1
SIM2
SIM3
SIM4
1
21
22
SIM5
SIM1
SIM2
SIM3
SIM4
1
21
22
SIM5
SIM1
SIM2
SIM3
SIM4
1
21
22
SIM5
SIM1
SIM2
SIM3
SIM4
1
21
22
SIM5
SIM1
SIM2
SIM3
SIM4
1
21
22
SIM5
SIM1
SIM2
SIM3
SIM4
1
21
22
SIM5
SIM1
SIM2
SIM3
SIM4
1
21
22
SIM5
SIM1
SIM2
SIM3
SIM4
1
21
22
SIM5
SIM1
SIM2
SIM3
SIM4
1
21
22
SIM5
SIM1
SIM2
SIM3
SIM4
1
21
22
SIM5
SIM1
SIM2
SIM3
SIM4
1
21
22
SIM5
SIM1
SIM2
SIM3
SIM4
1
21
22
SIM5
SIM1
SIM2
SIM3
SIM4
1
21
22
SIM5
SIM1
SIM2
SIM3
SIM4
1
21
22
SIM5
SIM1
SIM2
SIM3
SIM4
1
21
22
SIM5
SIM1
SIM2
SIM3
SIM4
1
21
22
SIM5
SIM1
SIM2
SIM3
SIM4
1
21
22
SIM5
SIM1
SIM2
SIM3
SIM4
1
21
22
SIM5
SIM1
SIM2
SIM3
SIM4
1
21
22
SIM5
SIM1
SIM2
SIM3
SIM4
1
21
22
SIM5
SIM1
SIM2
SIM3
SIM4
1
21
22
SIM5
SIM1
SIM2
SIM3
SIM4
1
21
22
SIM5
SIM1
SIM2
SIM3
SIM4
1
21
22
SIM5
SIM1
SIM2
SIM3
SIM4
1
21
22
SIM5
SIM1
SIM2
SIM3
SIM4
1
21
22
SIM5
SIM1
SIM2
SIM3
SIM4
1
21
22
SIM5
SIM1
SIM2
SIM3
SIM4
1
21
22
SIM5
SIM1
SIM2
SIM3
SIM4
1
21
22
SIM5
SIM1
SIM2
SIM3
SIM4
1
21
22
SIM5
SIM1
SIM2
SIM3
SIM4
1
21
22
SIM5
SIM1
SIM2
SIM3
SIM4
1
21
22
SIM5
SIM1
SIM2
SIM3
SIM4
1
21
22
SIM5
SIM1
SIM2
SIM3
SIM4
1
21
22
SIM5
SIM1
SIM2
SIM3
SIM4
1
21
22
SIM5
SIM1
SIM2
SIM3
SIM4
1
21
22
SIM5
SIM1
SIM2
SIM3
SIM4
1
21
22
SIM5
SIM1
SIM2
SIM3
SIM4
1
21
22
SIM5
SIM1
SIM2
SIM3
SIM4
1
21
22
SIM5
SIM1
SIM2
SIM3
SIM4
1
21
22
SIM5
SIM1
SIM2
SIM3
SIM4
1
21
22
SIM5
SIM1
SIM2
SIM3
SIM4
1
21
22
SIM5
SIM1
SIM2
SIM3
SIM4
1
21
22
SIM5
SIM1
SIM2
SIM3
SIM4
1
21
22
SIM5
SIM1
SIM2
SIM3
SIM4
1
21
22
SIM5
SIM1
SIM2
SIM3
SIM4
1
21
22
SIM5
SIM1
SIM2
SIM3
SIM4
1
21
22
SIM5
SIM1
SIM2
SIM3
SIM4
1
21
22
SIM5
SIM1
SIM2
SIM3
SIM4
1
21
22
SIM5
SIM1
SIM2
SIM3
SIM4
1
21
22
SIM5
SIM1
SIM2
SIM3
SIM4
1
21
22
SIM5
SIM1
SIM2
SIM3
SIM4
1
21
22
SIM5
SIM1
SIM2
SIM3
SIM4
1
21
22
SIM5
SIM1
SIM2
SIM3
SIM4
1
21
22
SIM5
SIM1
SIM2
SIM3
SIM4
1
21
22
SIM5
SIM1
SIM2
SIM3
SIM4
1
21
22
SIM5
SIM1
SIM2
SIM3
SIM4
1
21
22
SIM5
SIM1
SIM2
SIM3
SIM4
1
21
22
SIM5
SIM1
SIM2
SIM3
SIM4
1
21
22
SIM5
SIM1
SIM2
SIM3
SIM4
1
21
22
SIM5
SIM1
SIM2
SIM3
SIM4
1
21
22
SIM5
SIM1
SIM2
SIM3
SIM4
1
21
22
SIM5
SIM1
SIM2
SIM3
SIM4
1
21
22
SIM5
SIM1
SIM2
SIM3
SIM4
1
21
22
SIM5
SIM1
SIM2
SIM3
SIM4
1
21
22
SIM5
SIM1
SIM2
SIM3
SIM4
1
21
22
SIM5
SIM1
SIM2
SIM3
SIM4
1
21
22
SIM5
SIM1
SIM2
SIM3
SIM4
1
21
22
SIM5
SIM1
SIM2
SIM3
SIM4
1
21
22
SIM5
SIM1
SIM2
SIM3
SIM4
1
21
22
SIM5
SIM1
SIM2
SIM3
SIM4
1
21
22
SIM5
SIM1
SIM2
SIM3
SIM4
1
21
22
SIM5
SIM1
SIM2
SIM3
SIM4
1
21
22
SIM5
SIM1
SIM2
SIM3
SIM4
1
21
22
SIM5
SIM1
SIM2
SIM3
SIM4
1
21
22
SIM5
SIM1
SIM2
SIM3
SIM4
1
21
22
SIM5
SIM1
SIM2
SIM3
SIM4
1
21
22
SIM5
SIM1
SIM2
DEBUG 1 624
SIM1
SIM2
SIM3
SIM4
1
21
22
SIM5
SIM1
SIM2
SIM3
SIM4
1
21
22
SIM5
SIM1
SIM2
SIM3
SIM4
1
21
22
SIM5
SIM1
SIM2
SIM3
SIM4
1
21
22
SIM5
SIM1
SIM2
SIM3
SIM4
1
21
22
SIM5
SIM1
SIM2
SIM3
SIM4
1
21
22
SIM5
SIM1
SIM2
SIM3
SIM4
1
21
22
SIM5
SIM1
SIM2
SIM3
SIM4
1
21
22
SIM5
SIM1
SIM2
SIM3
SIM4
1
21
22
SIM5
SIM1
SIM2
SIM3
SIM4
1
21
22
SIM5
SIM1
SIM2
SIM3
SIM4
1
21
22
SIM5
SIM1
SIM2
SIM3
SIM4
1
21
22
SIM5
SIM1
SIM2
SIM3
SIM4
1
21
22
SIM5
SIM1
SIM2
SIM3
SIM4
1
21
22
SIM5
SIM1
SIM2
SIM3
SIM4
1
21
22
SIM5
SIM1
SIM2
SIM3
SIM4
1
21
22
SIM5
SIM1
SIM2
SIM3
SIM4
1
21
22
SIM5
SIM1
SIM2
SIM3
SIM4
1
21
22
SIM5
SIM1
SIM2
SIM3
SIM4
1
21
22
SIM5
SIM1
SIM2
SIM3
SIM4
1
21
22
SIM5
SIM1
SIM2
SIM3
SIM4
1
21
22
SIM5
SIM1
SIM2
SIM3
SIM4
1
21
22
SIM5
SIM1
SIM2
SIM3
SIM4
1
21
22
SIM5
SIM1
SIM2
SIM3
SIM4
1
21
22
SIM5
SIM1
SIM2
SIM3
SIM4
1
21
22
SIM5
SIM1
SIM2
SIM3
SIM4
1
21
22
SIM5
SIM1
SIM2
SIM3
SIM4
1
21
22
SIM5
SIM1
SIM2
SIM3
SIM4
1
21
22
SIM5
SIM1
SIM2
SIM3
SIM4
1
21
22
SIM5
SIM1
SIM2
SIM3
SIM4
1
21
22
SIM5
SIM1
SIM2
SIM3
SIM4
1
21
22
SIM5
SIM1
SIM2
SIM3
SIM4
1
21
22
SIM5
SIM1
SIM2
SIM3
SIM4
1
21
22
SIM5
SIM1
SIM2
SIM3
SIM4
1
21
22
SIM5
SIM1
SIM2
SIM3
SIM4
1
21
22
SIM5
SIM1
SIM2
SIM3
SIM4
1
21
22
SIM5
SIM1
SIM2
SIM3
SIM4
1
21
22
SIM5
SIM1
SIM2
SIM3
SIM4
1
21
22
SIM5
SIM1
SIM2
SIM3
SIM4
1
21
22
SIM5
SIM1
SIM2
SIM3
SIM4
1
21
22
SIM5
SIM1
SIM2
SIM3
SIM4
1
21
22
SIM5
SIM1
SIM2
SIM3
SIM4
1
21
22
SIM5
SIM1
SIM2
SIM3
SIM4
1
21
22
SIM5
SIM1
SIM2
SIM3
SIM4
1
21
22
SIM5
SIM1
SIM2
SIM3
SIM4
1
21
22
SIM5
SIM1
SIM2
SIM3
SIM4
1
21
22
SIM5
SIM1
SIM2
SIM3
SIM4
1
21
22
SIM5
SIM1
SIM2
SIM3
SIM4
1
21
22
SIM5
SIM1
SIM2
SIM3
SIM4
1
21
22
SIM5
SIM1
SIM2
SIM3
SIM4
1
21
22
SIM5
SIM1
SIM2
SIM3
SIM4
1
21
22
SIM5
SIM1
SIM2
SIM3
SIM4
1
21
22
SIM5
SIM1
SIM2
SIM3
SIM4
1
21
22
SIM5
SIM1
SIM2
SIM3
SIM4
1
21
22
SIM5
SIM1
SIM2
SIM3
SIM4
1
21
22
SIM5
SIM1
SIM2
SIM3
SIM4
1
21
22
SIM5
SIM1
SIM2
SIM3
SIM4
1
21
22
SIM5
SIM1
SIM2
SIM3
SIM4
1
21
22
SIM5
SIM1
SIM2
SIM3
SIM4
1
21
22
SIM5
SIM1
SIM2
SIM3
SIM4
1
21
22
SIM5
SIM1
SIM2
SIM3
SIM4
1
21
22
SIM5
SIM1
SIM2
SIM3
SIM4
1
21
22
SIM5
SIM1
SIM2
SIM3
SIM4
1
21
22
SIM5
SIM1
SIM2
SIM3
SIM4
1
21
22
SIM5
SIM1
SIM2
SIM3
SIM4
1
21
22
SIM5
SIM1
SIM2
SIM3
SIM4
1
21
22
SIM5
SIM1
SIM2
SIM3
SIM4
1
21
22
SIM5
SIM1
SIM2
SIM3
SIM4
1
21
22
SIM5
SIM1
SIM2
SIM3
SIM4
1
21
22
SIM5
SIM1
SIM2
SIM3
SIM4
1
21
22
SIM5
SIM1
SIM2
SIM3
SIM4
1
21
22
SIM5
SIM1
SIM2
SIM3
SIM4
1
21
22
SIM5
SIM1
SIM2
SIM3
SIM4
1
21
22
SIM5
SIM1
SIM2
SIM3
SIM4
1
21
22
SIM5
SIM1
SIM2
SIM3
SIM4
1
21
22
SIM5
SIM1
SIM2
SIM3
SIM4
1
21
22
SIM5
SIM1
SIM2
SIM3
SIM4
1
21
22
SIM5
SIM1
SIM2
SIM3
SIM4
1
21
22
SIM5
SIM1
SIM2
SIM3
SIM4
1
21
22
SIM5
SIM1
SIM2
SIM3
SIM4
1
21
22
SIM5
SIM1
SIM2
SIM3
SIM4
1
21
22
SIM5
SIM1
SIM2
SIM3
SIM4
1
21
22
SIM5
SIM1
SIM2
SIM3
SIM4
1
21
22
SIM5
SIM1
SIM2
SIM3
SIM4
1
21
22
SIM5
SIM1
SIM2
SIM3
SIM4
1
21
22
SIM5
SIM1
SIM2
SIM3
SIM4
1
21
22
SIM5
SIM1
SIM2
SIM3
SIM4
1
21
22
SIM5
SIM1
SIM2
SIM3
SIM4
1
21
22
SIM5
SIM1
SIM2
SIM3
SIM4
1
21
22
SIM5
SIM1
SIM2
SIM3
SIM4
1
21
22
SIM5
SIM1
SIM2
SIM3
SIM4
1
21
22
SIM5
SIM1
SIM2
SIM3
SIM4
1
21
22
SIM5
SIM1
SIM2
SIM3
SIM4
1
21
22
SIM5
SIM1
SIM2
SIM3
SIM4
1
21
22
SIM5
SIM1
SIM2
SIM3
SIM4
1
21
22
SIM5
SIM1
SIM2
SIM3
SIM4
1
21
22
SIM5
SIM1
SIM2
SIM3
SIM4
1
21
22
SIM5
SIM1
SIM2
SIM3
SIM4
1
21
22
SIM5
SIM1
SIM2
SIM3
SIM4
1
21
22
SIM5
SIM1
SIM2
SIM3
SIM4
1
21
22
SIM5
SIM1
SIM2
SIM3
SIM4
1
21
22
SIM5
SIM1
SIM2
SIM3
SIM4
1
21
22
SIM5
SIM1
SIM2
SIM3
SIM4
1
21
22
SIM5
SIM1
SIM2
SIM3
SIM4
1
21
22
SIM5
SIM1
SIM2
SIM3
SIM4
1
21
22
SIM5
SIM1
SIM2
SIM3
SIM4
1
21
22
SIM5
SIM1
SIM2
SIM3
SIM4
1
21
22
SIM5
SIM1
SIM2
SIM3
SIM4
1
21
22
SIM5
SIM1
SIM2
SIM3
SIM4
1
21
22
SIM5
SIM1
SIM2
SIM3
SIM4
1
21
22
SIM5
SIM1
SIM2
SIM3
SIM4
1
21
22
SIM5
SIM1
SIM2
SIM3
SIM4
1
21
22
SIM5
SIM1
SIM2
SIM3
SIM4
1
21
22
SIM5
SIM1
SIM2
SIM3
SIM4
1
21
22
SIM5
SIM1
SIM2
SIM3
SIM4
1
21
22
SIM5
SIM1
SIM2
SIM3
SIM4
1
21
22
SIM5
SIM1
SIM2
SIM3
SIM4
1
21
22
SIM5
SIM1
SIM2
SIM3
SIM4
1
21
22
SIM5
SIM1
SIM2
SIM3
SIM4
1
21
22
SIM5
SIM1
SIM2
SIM3
SIM4
1
21
22
SIM5
SIM1
SIM2
SIM3
SIM4
1
21
22
SIM5
SIM1
SIM2
SIM3
SIM4
1
21
22
SIM5
SIM1
SIM2
SIM3
SIM4
1
21
22
SIM5
SIM1
SIM2
SIM3
SIM4
1
21
22
SIM5
SIM1
SIM2
SIM3
SIM4
1
21
22
SIM5
SIM1
SIM2
SIM3
SIM4
1
21
22
SIM5
SIM1
SIM2
SIM3
SIM4
1
21
22
SIM5
SIM1
SIM2
SIM3
SIM4
1
21
22
SIM5
SIM1
SIM2
SIM3
SIM4
1
21
22
SIM5
SIM1
SIM2
SIM3
SIM4
1
21
22
SIM5
SIM1
SIM2
SIM3
SIM4
1
21
22
SIM5
SIM1
SIM2
SIM3
SIM4
1
21
22
SIM5
SIM1
SIM2
SIM3
SIM4
1
21
22
SIM5
SIM1
SIM2
SIM3
SIM4
1
21
22
SIM5
SIM1
SIM2
SIM3
SIM4
1
21
22
SIM5
SIM1
SIM2
SIM3
SIM4
1
21
22
SIM5
SIM1
SIM2
SIM3
SIM4
1
21
22
SIM5
SIM1
SIM2
SIM3
SIM4
1
21
22
SIM5
SIM1
SIM2
SIM3
SIM4
1
21
22
SIM5
SIM1
SIM2
SIM3
SIM4
1
21
22
SIM5
SIM1
SIM2
SIM3
SIM4
1
21
22
SIM5
SIM1
SIM2
SIM3
SIM4
1
21
22
SIM5
SIM1
SIM2
SIM3
SIM4
1
21
22
SIM5
SIM1
SIM2
SIM3
SIM4
1
21
22
SIM5
SIM1
SIM2
SIM3
SIM4
1
21
22
SIM5
SIM1
SIM2
SIM3
SIM4
1
21
22
SIM5
SIM1
SIM2
SIM3
SIM4
1
21
22
SIM5
SIM1
SIM2
SIM3
SIM4
1
21
22
SIM5
SIM1
SIM2
SIM3
SIM4
1
21
22
SIM5
SIM1
SIM2
SIM3
SIM4
1
21
22
SIM5
SIM1
SIM2
SIM3
SIM4
1
21
22
SIM5
SIM1
SIM2
SIM3
SIM4
1
21
22
SIM5
SIM1
SIM2
SIM3
SIM4
1
21
22
SIM5
SIM1
SIM2
SIM3
SIM4
1
21
22
SIM5
SIM1
SIM2
SIM3
SIM4
1
21
22
SIM5
SIM1
SIM2
SIM3
SIM4
1
21
22
SIM5
SIM1
SIM2
SIM3
SIM4
1
21
22
SIM5
SIM1
SIM2
SIM3
SIM4
1
21
22
SIM5
SIM1
SIM2
SIM3
SIM4
1
21
22
SIM5
SIM1
SIM2
SIM3
SIM4
1
21
22
SIM5
SIM1
SIM2
SIM3
SIM4
1
21
22
SIM5
SIM1
SIM2
SIM3
SIM4
1
21
22
SIM5
SIM1
SIM2
SIM3
SIM4
1
21
22
SIM5
SIM1
SIM2
SIM3
SIM4
1
21
22
SIM5
SIM1
SIM2
SIM3
SIM4
1
21
22
SIM5
SIM1
SIM2
SIM3
SIM4
1
21
22
SIM5
SIM1
SIM2
SIM3
SIM4
1
21
22
SIM5
SIM1
SIM2
SIM3
SIM4
1
21
22
SIM5
SIM1
SIM2
SIM3
SIM4
1
21
22
SIM5
SIM1
SIM2
SIM3
SIM4
1
21
22
SIM5
SIM1
SIM2
SIM3
SIM4
1
21
22
SIM5
SIM1
SIM2
SIM3
SIM4
1
21
22
SIM5
SIM1
SIM2
SIM3
SIM4
1
21
22
SIM5
SIM1
SIM2
SIM3
SIM4
1
21
22
SIM5
SIM1
SIM2
SIM3
SIM4
1
21
22
SIM5
SIM1
SIM2
SIM3
SIM4
1
21
22
SIM5
SIM1
SIM2
SIM3
SIM4
1
21
22
SIM5
SIM1
SIM2
SIM3
SIM4
1
21
22
SIM5
SIM1
SIM2
SIM3
SIM4
1
21
22
SIM5
SIM1
SIM2
SIM3
SIM4
1
21
22
SIM5
SIM1
SIM2
DEBUG 1 625
SIM1
SIM2
SIM3
SIM4
1
21
22
SIM5
SIM1
SIM2
SIM3
SIM4
1
21
22
SIM5
SIM1
SIM2
SIM3
SIM4
1
21
22
SIM5
SIM1
SIM2
SIM3
SIM4
1
21
22
SIM5
SIM1
SIM2
SIM3
SIM4
1
21
22
SIM5
SIM1
SIM2
SIM3
SIM4
1
21
22
SIM5
SIM1
SIM2
SIM3
SIM4
1
21
22
SIM5
SIM1
SIM2
SIM3
SIM4
1
21
22
SIM5
SIM1
SIM2
SIM3
SIM4
1
21
22
SIM5
SIM1
SIM2
SIM3
SIM4
1
21
22
SIM5
SIM1
SIM2
SIM3
SIM4
1
21
22
SIM5
SIM1
SIM2
SIM3
SIM4
1
21
22
SIM5
SIM1
SIM2
SIM3
SIM4
1
21
22
SIM5
SIM1
SIM2
SIM3
SIM4
1
21
22
SIM5
SIM1
SIM2
SIM3
SIM4
1
21
22
SIM5
SIM1
SIM2
SIM3
SIM4
1
21
22
SIM5
SIM1
SIM2
SIM3
SIM4
1
21
22
SIM5
SIM1
SIM2
SIM3
SIM4
1
21
22
SIM5
SIM1
SIM2
SIM3
SIM4
1
21
22
SIM5
SIM1
SIM2
SIM3
SIM4
1
21
22
SIM5
SIM1
SIM2
SIM3
SIM4
1
21
22
SIM5
SIM1
SIM2
SIM3
SIM4
1
21
22
SIM5
SIM1
SIM2
SIM3
SIM4
1
21
22
SIM5
SIM1
SIM2
SIM3
SIM4
1
21
22
SIM5
SIM1
SIM2
SIM3
SIM4
1
21
22
SIM5
SIM1
SIM2
SIM3
SIM4
1
21
22
SIM5
SIM1
SIM2
SIM3
SIM4
1
21
22
SIM5
SIM1
SIM2
SIM3
SIM4
1
21
22
SIM5
SIM1
SIM2
SIM3
SIM4
1
21
22
SIM5
SIM1
SIM2
SIM3
SIM4
1
21
22
SIM5
SIM1
SIM2
SIM3
SIM4
1
21
22
SIM5
SIM1
SIM2
SIM3
SIM4
1
21
22
SIM5
SIM1
SIM2
SIM3
SIM4
1
21
22
SIM5
SIM1
SIM2
SIM3
SIM4
1
21
22
SIM5
SIM1
SIM2
SIM3
SIM4
1
21
22
SIM5
SIM1
SIM2
SIM3
SIM4
1
21
22
SIM5
SIM1
SIM2
SIM3
SIM4
1
21
22
SIM5
SIM1
SIM2
SIM3
SIM4
1
21
22
SIM5
SIM1
SIM2
SIM3
SIM4
1
21
22
SIM5
SIM1
SIM2
SIM3
SIM4
1
21
22
SIM5
SIM1
SIM2
SIM3
SIM4
1
21
22
SIM5
SIM1
SIM2
SIM3
SIM4
1
21
22
SIM5
SIM1
SIM2
SIM3
SIM4
1
21
22
SIM5
SIM1
SIM2
SIM3
SIM4
1
21
22
SIM5
SIM1
SIM2
SIM3
SIM4
1
21
22
SIM5
SIM1
SIM2
SIM3
SIM4
1
21
22
SIM5
SIM1
SIM2
SIM3
SIM4
1
21
22
SIM5
SIM1
SIM2
SIM3
SIM4
1
21
22
SIM5
SIM1
SIM2
SIM3
SIM4
1
21
22
SIM5
SIM1
SIM2
SIM3
SIM4
1
21
22
SIM5
SIM1
SIM2
SIM3
SIM4
1
21
22
SIM5
SIM1
SIM2
SIM3
SIM4
1
21
22
SIM5
SIM1
SIM2
SIM3
SIM4
1
21
22
SIM5
SIM1
SIM2
SIM3
SIM4
1
21
22
SIM5
SIM1
SIM2
SIM3
SIM4
1
21
22
SIM5
SIM1
SIM2
SIM3
SIM4
1
21
22
SIM5
SIM1
SIM2
SIM3
SIM4
1
21
22
SIM5
SIM1
SIM2
SIM3
SIM4
1
21
22
SIM5
SIM1
SIM2
SIM3
SIM4
1
21
22
SIM5
SIM1
SIM2
SIM3
SIM4
1
21
22
SIM5
SIM1
SIM2
SIM3
SIM4
1
21
22
SIM5
SIM1
SIM2
SIM3
SIM4
1
21
22
SIM5
SIM1
SIM2
SIM3
SIM4
1
21
22
SIM5
SIM1
SIM2
SIM3
SIM4
1
21
22
SIM5
SIM1
SIM2
SIM3
SIM4
1
21
22
SIM5
SIM1
SIM2
SIM3
SIM4
1
21
22
SIM5
SIM1
SIM2
SIM3
SIM4
1
21
22
SIM5
SIM1
SIM2
SIM3
SIM4
1
21
22
SIM5
SIM1
SIM2
SIM3
SIM4
1
21
22
SIM5
SIM1
SIM2
SIM3
SIM4
1
21
22
SIM5
SIM1
SIM2
SIM3
SIM4
1
21
22
SIM5
SIM1
SIM2
SIM3
SIM4
1
21
22
SIM5
SIM1
SIM2
SIM3
SIM4
1
21
22
SIM5
SIM1
SIM2
SIM3
SIM4
1
21
22
SIM5
SIM1
SIM2
SIM3
SIM4
1
21
22
SIM5
SIM1
SIM2
SIM3
SIM4
1
21
22
SIM5
SIM1
SIM2
SIM3
SIM4
1
21
22
SIM5
SIM1
SIM2
SIM3
SIM4
1
21
22
SIM5
SIM1
SIM2
SIM3
SIM4
1
21
22
SIM5
SIM1
SIM2
SIM3
SIM4
1
21
22
SIM5
SIM1
SIM2
SIM3
SIM4
1
21
22
SIM5
SIM1
SIM2
SIM3
SIM4
1
21
22
SIM5
SIM1
SIM2
SIM3
SIM4
1
21
22
SIM5
SIM1
SIM2
SIM3
SIM4
1
21
22
SIM5
SIM1
SIM2
SIM3
SIM4
1
21
22
SIM5
SIM1
SIM2
SIM3
SIM4
1
21
22
SIM5
SIM1
SIM2
SIM3
SIM4
1
21
22
SIM5
SIM1
SIM2
SIM3
SIM4
1
21
22
SIM5
SIM1
SIM2
SIM3
SIM4
1
21
22
SIM5
SIM1
SIM2
SIM3
SIM4
1
21
22
SIM5
SIM1
SIM2
SIM3
SIM4
1
21
22
SIM5
SIM1
SIM2
SIM3
SIM4
1
21
22
SIM5
SIM1
SIM2
SIM3
SIM4
1
21
22
SIM5
SIM1
SIM2
SIM3
SIM4
1
21
22
SIM5
SIM1
SIM2
SIM3
SIM4
1
21
22
SIM5
SIM1
SIM2
SIM3
SIM4
1
21
22
SIM5
SIM1
SIM2
SIM3
SIM4
1
21
22
SIM5
SIM1
SIM2
SIM3
SIM4
1
21
22
SIM5
SIM1
SIM2
SIM3
SIM4
1
21
22
SIM5
SIM1
SIM2
SIM3
SIM4
1
21
22
SIM5
SIM1
SIM2
SIM3
SIM4
1
21
22
SIM5
SIM1
SIM2
SIM3
SIM4
1
21
22
SIM5
SIM1
SIM2
SIM3
SIM4
1
21
22
SIM5
SIM1
SIM2
SIM3
SIM4
1
21
22
SIM5
SIM1
SIM2
SIM3
SIM4
1
21
22
SIM5
SIM1
SIM2
SIM3
SIM4
1
21
22
SIM5
SIM1
SIM2
SIM3
SIM4
1
21
22
SIM5
SIM1
SIM2
SIM3
SIM4
1
21
22
SIM5
SIM1
SIM2
SIM3
SIM4
1
21
22
SIM5
SIM1
SIM2
SIM3
SIM4
1
21
22
SIM5
SIM1
SIM2
SIM3
SIM4
1
21
22
SIM5
SIM1
SIM2
SIM3
SIM4
1
21
22
SIM5
SIM1
SIM2
SIM3
SIM4
1
21
22
SIM5
SIM1
SIM2
SIM3
SIM4
1
21
22
SIM5
SIM1
SIM2
SIM3
SIM4
1
21
22
SIM5
SIM1
SIM2
SIM3
SIM4
1
21
22
SIM5
SIM1
SIM2
SIM3
SIM4
1
21
22
SIM5
SIM1
SIM2
SIM3
SIM4
1
21
22
SIM5
SIM1
SIM2
SIM3
SIM4
1
21
22
SIM5
SIM1
SIM2
SIM3
SIM4
1
21
22
SIM5
SIM1
SIM2
SIM3
SIM4
1
21
22
SIM5
SIM1
SIM2
SIM3
SIM4
1
21
22
SIM5
SIM1
SIM2
SIM3
SIM4
1
21
22
SIM5
SIM1
SIM2
SIM3
SIM4
1
21
22
SIM5
SIM1
SIM2
SIM3
SIM4
1
21
22
SIM5
SIM1
SIM2
SIM3
SIM4
1
21
22
SIM5
SIM1
SIM2
SIM3
SIM4
1
21
22
SIM5
SIM1
SIM2
SIM3
SIM4
1
21
22
SIM5
SIM1
SIM2
SIM3
SIM4
1
21
22
SIM5
SIM1
SIM2
SIM3
SIM4
1
21
22
SIM5
SIM1
SIM2
SIM3
SIM4
1
21
22
SIM5
SIM1
SIM2
SIM3
SIM4
1
21
22
SIM5
SIM1
SIM2
SIM3
SIM4
1
21
22
SIM5
SIM1
SIM2
SIM3
SIM4
1
21
22
SIM5
SIM1
SIM2
SIM3
SIM4
1
21
22
SIM5
SIM1
SIM2
SIM3
SIM4
1
21
22
SIM5
SIM1
SIM2
SIM3
SIM4
1
21
22
SIM5
SIM1
SIM2
SIM3
SIM4
1
21
22
SIM5
SIM1
SIM2
SIM3
SIM4
1
21
22
SIM5
SIM1
SIM2
SIM3
SIM4
1
21
22
SIM5
SIM1
SIM2
SIM3
SIM4
1
21
22
SIM5
SIM1
SIM2
SIM3
SIM4
1
21
22
SIM5
SIM1
SIM2
SIM3
SIM4
1
21
22
SIM5
SIM1
SIM2
SIM3
SIM4
1
21
22
SIM5
SIM1
SIM2
SIM3
SIM4
1
21
22
SIM5
SIM1
SIM2
SIM3
SIM4
1
21
22
SIM5
SIM1
SIM2
SIM3
SIM4
1
21
22
SIM5
SIM1
SIM2
SIM3
SIM4
1
21
22
SIM5
SIM1
SIM2
SIM3
SIM4
1
21
22
SIM5
SIM1
SIM2
SIM3
SIM4
1
21
22
SIM5
SIM1
SIM2
SIM3
SIM4
1
21
22
SIM5
SIM1
SIM2
SIM3
SIM4
1
21
22
SIM5
SIM1
SIM2
SIM3
SIM4
1
21
22
SIM5
SIM1
SIM2
SIM3
SIM4
1
21
22
SIM5
SIM1
SIM2
SIM3
SIM4
1
21
22
SIM5
SIM1
SIM2
SIM3
SIM4
1
21
22
SIM5
SIM1
SIM2
SIM3
SIM4
1
21
22
SIM5
SIM1
SIM2
SIM3
SIM4
1
21
22
SIM5
SIM1
SIM2
SIM3
SIM4
1
21
22
SIM5
SIM1
SIM2
SIM3
SIM4
1
21
22
SIM5
SIM1
SIM2
SIM3
SIM4
1
21
22
SIM5
SIM1
SIM2
SIM3
SIM4
1
21
22
SIM5
SIM1
SIM2
SIM3
SIM4
1
21
22
SIM5
SIM1
SIM2
SIM3
SIM4
1
21
22
SIM5
SIM1
SIM2
SIM3
SIM4
1
21
22
SIM5
SIM1
SIM2
SIM3
SIM4
1
21
22
SIM5
SIM1
SIM2
SIM3
SIM4
1
21
22
SIM5
SIM1
SIM2
SIM3
SIM4
1
21
22
SIM5
SIM1
SIM2
SIM3
SIM4
1
21
22
SIM5
SIM1
SIM2
SIM3
SIM4
1
21
22
SIM5
SIM1
SIM2
SIM3
SIM4
1
21
22
SIM5
SIM1
SIM2
SIM3
SIM4
1
21
22
SIM5
SIM1
SIM2
SIM3
SIM4
1
21
22
SIM5
SIM1
SIM2
SIM3
SIM4
1
21
22
SIM5
SIM1
SIM2
SIM3
SIM4
1
21
22
SIM5
SIM1
SIM2
SIM3
SIM4
1
21
22
SIM5
SIM1
SIM2
SIM3
SIM4
1
21
22
SIM5
SIM1
SIM2
SIM3
SIM4
1
21
22
SIM5
SIM1
SIM2
SIM3
SIM4
1
21
22
SIM5
SIM1
SIM2
SIM3
SIM4
1
21
22
SIM5
SIM1
SIM2
SIM3
SIM4
1
21
22
SIM5
SIM1
SIM2
SIM3
SIM4
1
21
22
SIM5
SIM1
SIM2
SIM3
SIM4
1
21
22
SIM5
SIM1
SIM2
SIM3
SIM4
1
21
22
SIM5
SIM1
SIM2
SIM3
SIM4
1
21
22
SIM5
SIM1
SIM2
SIM3
SIM4
1
21
22
SIM5
SIM1
SIM2
SIM3
SIM4
1
21
22
SIM5
SIM1
SIM2
SIM3
SIM4
1
21
22
SIM5
SIM1
SIM2
SIM3
SIM4
1
21
22
SIM5
SIM1
SIM2
SIM3
SIM4
1
21
22
SIM5
SIM1
SIM2
SIM3
SIM4
1
21
22
SIM5
SIM1
SIM2
SIM3
SIM4
1
21
22
SIM5
SIM1
SIM2
SIM3
SIM4
1
21
22
SIM5
SIM1
SIM2
SIM3
SIM4
1
21
22
SIM5
SIM1
SIM2
SIM3
SIM4
1
21
22
SIM5
SIM1
SIM2
SIM3
SIM4
1
21
22
SIM5
SIM1
SIM2
SIM3
SIM4
1
21
22
SIM5
SIM1
SIM2
SIM3
SIM4
1
21
22
SIM5
SIM1
SIM2
SIM3
SIM4
1
21
22
SIM5
SIM1
SIM2
SIM3
SIM4
1
21
22
SIM5
SIM1
SIM2
SIM3
SIM4
1
21
22
SIM5
SIM1
SIM2
SIM3
SIM4
1
21
22
SIM5
SIM1
SIM2
SIM3
SIM4
1
21
22
SIM5
SIM1
SIM2
SIM3
SIM4
1
21
22
SIM5
SIM1
SIM2
SIM3
SIM4
1
21
22
SIM5
SIM1
SIM2
SIM3
SIM4
1
21
22
SIM5
SIM1
SIM2
SIM3
SIM4
1
21
22
SIM5
SIM1
SIM2
SIM3
SIM4
1
21
22
SIM5
SIM1
SIM2
SIM3
SIM4
1
21
22
SIM5
SIM1
SIM2
SIM3
SIM4
1
21
22
SIM5
SIM1
SIM2
SIM3
SIM4
1
21
22
SIM5
SIM1
SIM2
SIM3
SIM4
1
21
22
SIM5
SIM1
SIM2
SIM3
SIM4
1
21
22
SIM5
SIM1
SIM2
SIM3
SIM4
1
21
22
SIM5
SIM1
SIM2
SIM3
SIM4
1
21
22
SIM5
SIM1
SIM2
SIM3
SIM4
1
21
22
SIM5
SIM1
SIM2
SIM3
SIM4
1
21
22
SIM5
SIM1
SIM2
SIM3
SIM4
1
21
22
SIM5
SIM1
SIM2
SIM3
SIM4
1
21
22
SIM5
SIM1
SIM2
SIM3
SIM4
1
21
22
SIM5
SIM1
SIM2
SIM3
SIM4
1
21
22
SIM5
SIM1
SIM2
SIM3
SIM4
1
21
22
SIM5
SIM1
SIM2
SIM3
SIM4
1
21
22
SIM5
SIM1
SIM2
SIM3
SIM4
1
21
22
SIM5
SIM1
SIM2
SIM3
SIM4
1
21
22
SIM5
SIM1
SIM2
SIM3
SIM4
1
21
22
SIM5
SIM1
SIM2
SIM3
SIM4
1
21
22
SIM5
SIM1
SIM2
SIM3
SIM4
1
21
22
SIM5
SIM1
SIM2
SIM3
SIM4
1
21
22
SIM5
SIM1
SIM2
SIM3
SIM4
1
21
22
SIM5
SIM1
SIM2
SIM3
SIM4
1
21
22
SIM5
SIM1
SIM2
SIM3
SIM4
1
21
22
SIM5
SIM1
SIM2
SIM3
SIM4
1
21
22
SIM5
SIM1
SIM2
SIM3
SIM4
1
21
22
SIM5
SIM1
SIM2
SIM3
SIM4
1
21
22
SIM5
SIM1
SIM2
SIM3
SIM4
1
21
22
SIM5
SIM1
SIM2
SIM3
SIM4
1
21
22
SIM5
SIM1
SIM2
SIM3
SIM4
1
21
22
SIM5
SIM1
SIM2
SIM3
SIM4
1
21
22
SIM5
SIM1
SIM2
SIM3
SIM4
1
21
22
SIM5
SIM1
SIM2
DEBUG 1 626
SIM1
SIM2
SIM3
SIM4
1
21
22
SIM5
SIM1
SIM2
SIM3
SIM4
1
21
22
SIM5
SIM1
SIM2
SIM3
SIM4
1
21
22
SIM5
SIM1
SIM2
SIM3
SIM4
1
21
22
SIM5
SIM1
SIM2
SIM3
SIM4
1
21
22
SIM5
SIM1
SIM2
SIM3
SIM4
1
21
22
SIM5
SIM1
SIM2
SIM3
SIM4
1
21
22
SIM5
SIM1
SIM2
SIM3
SIM4
1
21
22
SIM5
SIM1
SIM2
SIM3
SIM4
1
21
22
SIM5
SIM1
SIM2
SIM3
SIM4
1
21
22
SIM5
SIM1
SIM2
SIM3
SIM4
1
21
22
SIM5
SIM1
SIM2
SIM3
SIM4
1
21
22
SIM5
SIM1
SIM2
SIM3
SIM4
1
21
22
SIM5
SIM1
SIM2
SIM3
SIM4
1
21
22
SIM5
SIM1
SIM2
SIM3
SIM4
1
21
22
SIM5
SIM1
SIM2
SIM3
SIM4
1
21
22
SIM5
SIM1
SIM2
SIM3
SIM4
1
21
22
SIM5
SIM1
SIM2
SIM3
SIM4
1
21
22
SIM5
SIM1
SIM2
SIM3
SIM4
1
21
22
SIM5
SIM1
SIM2
SIM3
SIM4
1
21
22
SIM5
SIM1
SIM2
SIM3
SIM4
1
21
22
SIM5
SIM1
SIM2
SIM3
SIM4
1
21
22
SIM5
SIM1
SIM2
SIM3
SIM4
1
21
22
SIM5
SIM1
SIM2
SIM3
SIM4
1
21
22
SIM5
SIM1
SIM2
SIM3
SIM4
1
21
22
SIM5
SIM1
SIM2
SIM3
SIM4
1
21
22
SIM5
SIM1
SIM2
SIM3
SIM4
1
21
22
SIM5
SIM1
SIM2
SIM3
SIM4
1
21
22
SIM5
SIM1
SIM2
SIM3
SIM4
1
21
22
SIM5
SIM1
SIM2
SIM3
SIM4
1
21
22
SIM5
SIM1
SIM2
SIM3
SIM4
1
21
22
SIM5
SIM1
SIM2
SIM3
SIM4
1
21
22
SIM5
SIM1
SIM2
SIM3
SIM4
1
21
22
SIM5
SIM1
SIM2
SIM3
SIM4
1
21
22
SIM5
SIM1
SIM2
SIM3
SIM4
1
21
22
SIM5
SIM1
SIM2
SIM3
SIM4
1
21
22
SIM5
SIM1
SIM2
SIM3
SIM4
1
21
22
SIM5
SIM1
SIM2
SIM3
SIM4
1
21
22
SIM5
SIM1
SIM2
SIM3
SIM4
1
21
22
SIM5
SIM1
SIM2
SIM3
SIM4
1
21
22
SIM5
SIM1
SIM2
SIM3
SIM4
1
21
22
SIM5
SIM1
SIM2
SIM3
SIM4
1
21
22
SIM5
SIM1
SIM2
SIM3
SIM4
1
21
22
SIM5
SIM1
SIM2
SIM3
SIM4
1
21
22
SIM5
SIM1
SIM2
SIM3
SIM4
1
21
22
SIM5
SIM1
SIM2
SIM3
SIM4
1
21
22
SIM5
SIM1
SIM2
SIM3
SIM4
1
21
22
SIM5
SIM1
SIM2
SIM3
SIM4
1
21
22
SIM5
SIM1
SIM2
SIM3
SIM4
1
21
22
SIM5
SIM1
SIM2
SIM3
SIM4
1
21
22
SIM5
SIM1
SIM2
SIM3
SIM4
1
21
22
SIM5
SIM1
SIM2
SIM3
SIM4
1
21
22
SIM5
SIM1
SIM2
SIM3
SIM4
1
21
22
SIM5
SIM1
SIM2
SIM3
SIM4
1
21
22
SIM5
SIM1
SIM2
SIM3
SIM4
1
21
22
SIM5
SIM1
SIM2
SIM3
SIM4
1
21
22
SIM5
SIM1
SIM2
SIM3
SIM4
1
21
22
SIM5
SIM1
SIM2
SIM3
SIM4
1
21
22
SIM5
SIM1
SIM2
SIM3
SIM4
1
21
22
SIM5
SIM1
SIM2
SIM3
SIM4
1
21
22
SIM5
SIM1
SIM2
SIM3
SIM4
1
21
22
SIM5
SIM1
SIM2
SIM3
SIM4
1
21
22
SIM5
SIM1
SIM2
SIM3
SIM4
1
21
22
SIM5
SIM1
SIM2
SIM3
SIM4
1
21
22
SIM5
SIM1
SIM2
SIM3
SIM4
1
21
22
SIM5
SIM1
SIM2
SIM3
SIM4
1
21
22
SIM5
SIM1
SIM2
SIM3
SIM4
1
21
22
SIM5
SIM1
SIM2
SIM3
SIM4
1
21
22
SIM5
SIM1
SIM2
SIM3
SIM4
1
21
22
SIM5
SIM1
SIM2
SIM3
SIM4
1
21
22
SIM5
SIM1
SIM2
SIM3
SIM4
1
21
22
SIM5
SIM1
SIM2
SIM3
SIM4
1
21
22
SIM5
SIM1
SIM2
SIM3
SIM4
1
21
22
SIM5
SIM1
SIM2
SIM3
SIM4
1
21
22
SIM5
SIM1
SIM2
SIM3
SIM4
1
21
22
SIM5
SIM1
SIM2
SIM3
SIM4
1
21
22
SIM5
SIM1
SIM2
SIM3
SIM4
1
21
22
SIM5
SIM1
SIM2
SIM3
SIM4
1
21
22
SIM5
SIM1
SIM2
SIM3
SIM4
1
21
22
SIM5
SIM1
SIM2
SIM3
SIM4
1
21
22
SIM5
SIM1
SIM2
SIM3
SIM4
1
21
22
SIM5
SIM1
SIM2
SIM3
SIM4
1
21
22
SIM5
SIM1
SIM2
SIM3
SIM4
1
21
22
SIM5
SIM1
SIM2
SIM3
SIM4
1
21
22
SIM5
SIM1
SIM2
SIM3
SIM4
1
21
22
SIM5
SIM1
SIM2
SIM3
SIM4
1
21
22
SIM5
SIM1
SIM2
SIM3
SIM4
1
21
22
SIM5
SIM1
SIM2
SIM3
SIM4
1
21
22
SIM5
SIM1
SIM2
SIM3
SIM4
1
21
22
SIM5
SIM1
SIM2
SIM3
SIM4
1
21
22
SIM5
SIM1
SIM2
SIM3
SIM4
1
21
22
SIM5
SIM1
SIM2
SIM3
SIM4
1
21
22
SIM5
SIM1
SIM2
SIM3
SIM4
1
21
22
SIM5
SIM1
SIM2
SIM3
SIM4
1
21
22
SIM5
SIM1
SIM2
SIM3
SIM4
1
21
22
SIM5
SIM1
SIM2
SIM3
SIM4
1
21
22
SIM5
SIM1
SIM2
SIM3
SIM4
1
21
22
SIM5
SIM1
SIM2
SIM3
SIM4
1
21
22
SIM5
SIM1
SIM2
SIM3
SIM4
1
21
22
SIM5
SIM1
SIM2
SIM3
SIM4
1
21
22
SIM5
SIM1
SIM2
SIM3
SIM4
1
21
22
SIM5
SIM1
SIM2
SIM3
SIM4
1
21
22
SIM5
SIM1
SIM2
SIM3
SIM4
1
21
22
SIM5
SIM1
SIM2
SIM3
SIM4
1
21
22
SIM5
SIM1
SIM2
SIM3
SIM4
1
21
22
SIM5
SIM1
SIM2
SIM3
SIM4
1
21
22
SIM5
SIM1
SIM2
SIM3
SIM4
1
21
22
SIM5
SIM1
SIM2
SIM3
SIM4
1
21
22
SIM5
SIM1
SIM2
SIM3
SIM4
1
21
22
SIM5
SIM1
SIM2
SIM3
SIM4
1
21
22
SIM5
SIM1
SIM2
SIM3
SIM4
1
21
22
SIM5
SIM1
SIM2
SIM3
SIM4
1
21
22
SIM5
SIM1
SIM2
SIM3
SIM4
1
21
22
SIM5
SIM1
SIM2
SIM3
SIM4
1
21
22
SIM5
SIM1
SIM2
SIM3
SIM4
1
21
22
SIM5
SIM1
SIM2
SIM3
SIM4
1
21
22
SIM5
SIM1
SIM2
SIM3
SIM4
1
21
22
SIM5
SIM1
SIM2
SIM3
SIM4
1
21
22
SIM5
SIM1
SIM2
SIM3
SIM4
1
21
22
SIM5
SIM1
SIM2
SIM3
SIM4
1
21
22
SIM5
SIM1
SIM2
SIM3
SIM4
1
21
22
SIM5
SIM1
SIM2
SIM3
SIM4
1
21
22
SIM5
SIM1
SIM2
SIM3
SIM4
1
21
22
SIM5
SIM1
SIM2
SIM3
SIM4
1
21
22
SIM5
SIM1
SIM2
SIM3
SIM4
1
21
22
SIM5
SIM1
SIM2
SIM3
SIM4
1
21
22
SIM5
SIM1
SIM2
SIM3
SIM4
1
21
22
SIM5
SIM1
SIM2
SIM3
SIM4
1
21
22
SIM5
SIM1
SIM2
SIM3
SIM4
1
21
22
SIM5
SIM1
SIM2
SIM3
SIM4
1
21
22
SIM5
SIM1
SIM2
SIM3
SIM4
1
21
22
SIM5
SIM1
SIM2
SIM3
SIM4
1
21
22
SIM5
SIM1
SIM2
SIM3
SIM4
1
21
22
SIM5
SIM1
SIM2
SIM3
SIM4
1
21
22
SIM5
SIM1
SIM2
SIM3
SIM4
1
21
22
SIM5
SIM1
SIM2
SIM3
SIM4
1
21
22
SIM5
SIM1
SIM2
SIM3
SIM4
1
21
22
SIM5
SIM1
SIM2
SIM3
SIM4
1
21
22
SIM5
SIM1
SIM2
SIM3
SIM4
1
21
22
SIM5
SIM1
SIM2
SIM3
SIM4
1
21
22
SIM5
SIM1
SIM2
SIM3
SIM4
1
21
22
SIM5
SIM1
SIM2
SIM3
SIM4
1
21
22
SIM5
SIM1
SIM2
SIM3
SIM4
1
21
22
SIM5
SIM1
SIM2
SIM3
SIM4
1
21
22
SIM5
SIM1
SIM2
SIM3
SIM4
1
21
22
SIM5
SIM1
SIM2
SIM3
SIM4
1
21
22
SIM5
SIM1
SIM2
SIM3
SIM4
1
21
22
SIM5
SIM1
SIM2
SIM3
SIM4
1
21
22
SIM5
SIM1
SIM2
SIM3
SIM4
1
21
22
SIM5
SIM1
SIM2
SIM3
SIM4
1
21
22
SIM5
SIM1
SIM2
SIM3
SIM4
1
21
22
SIM5
SIM1
SIM2
SIM3
SIM4
1
21
22
SIM5
SIM1
SIM2
SIM3
SIM4
1
21
22
SIM5
SIM1
SIM2
SIM3
SIM4
1
21
22
SIM5
SIM1
SIM2
DEBUG 1 627
SIM1
SIM2
SIM3
SIM4
1
21
22
SIM5
SIM1
SIM2
SIM3
SIM4
1
21
22
SIM5
SIM1
SIM2
SIM3
SIM4
1
21
22
SIM5
SIM1
SIM2
SIM3
SIM4
1
21
22
SIM5
SIM1
SIM2
SIM3
SIM4
1
21
22
SIM5
SIM1
SIM2
SIM3
SIM4
1
21
22
SIM5
SIM1
SIM2
SIM3
SIM4
1
21
22
SIM5
SIM1
SIM2
SIM3
SIM4
1
21
22
SIM5
SIM1
SIM2
SIM3
SIM4
1
21
22
SIM5
SIM1
SIM2
SIM3
SIM4
1
21
22
SIM5
SIM1
SIM2
SIM3
SIM4
1
21
22
SIM5
SIM1
SIM2
SIM3
SIM4
1
21
22
SIM5
SIM1
SIM2
SIM3
SIM4
1
21
22
SIM5
SIM1
SIM2
SIM3
SIM4
1
21
22
SIM5
SIM1
SIM2
SIM3
SIM4
1
21
22
SIM5
SIM1
SIM2
SIM3
SIM4
1
21
22
SIM5
SIM1
SIM2
SIM3
SIM4
1
21
22
SIM5
SIM1
SIM2
SIM3
SIM4
1
21
22
SIM5
SIM1
SIM2
SIM3
SIM4
1
21
22
SIM5
SIM1
SIM2
SIM3
SIM4
1
21
22
SIM5
SIM1
SIM2
SIM3
SIM4
1
21
22
SIM5
SIM1
SIM2
SIM3
SIM4
1
21
22
SIM5
SIM1
SIM2
SIM3
SIM4
1
21
22
SIM5
SIM1
SIM2
SIM3
SIM4
1
21
22
SIM5
SIM1
SIM2
SIM3
SIM4
1
21
22
SIM5
SIM1
SIM2
SIM3
SIM4
1
21
22
SIM5
SIM1
SIM2
SIM3
SIM4
1
21
22
SIM5
SIM1
SIM2
SIM3
SIM4
1
21
22
SIM5
SIM1
SIM2
SIM3
SIM4
1
21
22
SIM5
SIM1
SIM2
SIM3
SIM4
1
21
22
SIM5
SIM1
SIM2
SIM3
SIM4
1
21
22
SIM5
SIM1
SIM2
SIM3
SIM4
1
21
22
SIM5
SIM1
SIM2
SIM3
SIM4
1
21
22
SIM5
SIM1
SIM2
SIM3
SIM4
1
21
22
SIM5
SIM1
SIM2
SIM3
SIM4
1
21
22
SIM5
SIM1
SIM2
SIM3
SIM4
1
21
22
SIM5
SIM1
SIM2
SIM3
SIM4
1
21
22
SIM5
SIM1
SIM2
SIM3
SIM4
1
21
22
SIM5
SIM1
SIM2
SIM3
SIM4
1
21
22
SIM5
SIM1
SIM2
SIM3
SIM4
1
21
22
SIM5
SIM1
SIM2
SIM3
SIM4
1
21
22
SIM5
SIM1
SIM2
SIM3
SIM4
1
21
22
SIM5
SIM1
SIM2
SIM3
SIM4
1
21
22
SIM5
SIM1
SIM2
SIM3
SIM4
1
21
22
SIM5
SIM1
SIM2
SIM3
SIM4
1
21
22
SIM5
SIM1
SIM2
SIM3
SIM4
1
21
22
SIM5
SIM1
SIM2
SIM3
SIM4
1
21
22
SIM5
SIM1
SIM2
SIM3
SIM4
1
21
22
SIM5
SIM1
SIM2
SIM3
SIM4
1
21
22
SIM5
SIM1
SIM2
SIM3
SIM4
1
21
22
SIM5
SIM1
SIM2
SIM3
SIM4
1
21
22
SIM5
SIM1
SIM2
SIM3
SIM4
1
21
22
SIM5
SIM1
SIM2
SIM3
SIM4
1
21
22
SIM5
SIM1
SIM2
SIM3
SIM4
1
21
22
SIM5
SIM1
SIM2
SIM3
SIM4
1
21
22
SIM5
SIM1
SIM2
SIM3
SIM4
1
21
22
SIM5
SIM1
SIM2
SIM3
SIM4
1
21
22
SIM5
SIM1
SIM2
SIM3
SIM4
1
21
22
SIM5
SIM1
SIM2
SIM3
SIM4
1
21
22
SIM5
SIM1
SIM2
SIM3
SIM4
1
21
22
SIM5
SIM1
SIM2
SIM3
SIM4
1
21
22
SIM5
SIM1
SIM2
SIM3
SIM4
1
21
22
SIM5
SIM1
SIM2
SIM3
SIM4
1
21
22
SIM5
SIM1
SIM2
SIM3
SIM4
1
21
22
SIM5
SIM1
SIM2
SIM3
SIM4
1
21
22
SIM5
SIM1
SIM2
SIM3
SIM4
1
21
22
SIM5
SIM1
SIM2
SIM3
SIM4
1
21
22
SIM5
SIM1
SIM2
SIM3
SIM4
1
21
22
SIM5
SIM1
SIM2
SIM3
SIM4
1
21
22
SIM5
SIM1
SIM2
SIM3
SIM4
1
21
22
SIM5
SIM1
SIM2
SIM3
SIM4
1
21
22
SIM5
SIM1
SIM2
SIM3
SIM4
1
21
22
SIM5
SIM1
SIM2
SIM3
SIM4
1
21
22
SIM5
SIM1
SIM2
SIM3
SIM4
1
21
22
SIM5
SIM1
SIM2
SIM3
SIM4
1
21
22
SIM5
SIM1
SIM2
SIM3
SIM4
1
21
22
SIM5
SIM1
SIM2
SIM3
SIM4
1
21
22
SIM5
SIM1
SIM2
SIM3
SIM4
1
21
22
SIM5
SIM1
SIM2
SIM3
SIM4
1
21
22
SIM5
SIM1
SIM2
SIM3
SIM4
1
21
22
SIM5
SIM1
SIM2
SIM3
SIM4
1
21
22
SIM5
SIM1
SIM2
SIM3
SIM4
1
21
22
SIM5
SIM1
SIM2
SIM3
SIM4
1
21
22
SIM5
SIM1
SIM2
SIM3
SIM4
1
21
22
SIM5
SIM1
SIM2
SIM3
SIM4
1
21
22
SIM5
SIM1
SIM2
SIM3
SIM4
1
21
22
SIM5
SIM1
SIM2
SIM3
SIM4
1
21
22
SIM5
SIM1
SIM2
SIM3
SIM4
1
21
22
SIM5
SIM1
SIM2
SIM3
SIM4
1
21
22
SIM5
SIM1
SIM2
SIM3
SIM4
1
21
22
SIM5
SIM1
SIM2
SIM3
SIM4
1
21
22
SIM5
SIM1
SIM2
SIM3
SIM4
1
21
22
SIM5
SIM1
SIM2
SIM3
SIM4
1
21
22
SIM5
SIM1
SIM2
SIM3
SIM4
1
21
22
SIM5
SIM1
SIM2
SIM3
SIM4
1
21
22
SIM5
SIM1
SIM2
SIM3
SIM4
1
21
22
SIM5
SIM1
SIM2
SIM3
SIM4
1
21
22
SIM5
SIM1
SIM2
SIM3
SIM4
1
21
22
SIM5
SIM1
SIM2
SIM3
SIM4
1
21
22
SIM5
SIM1
SIM2
SIM3
SIM4
1
21
22
SIM5
SIM1
SIM2
SIM3
SIM4
1
21
22
SIM5
SIM1
SIM2
SIM3
SIM4
1
21
22
SIM5
SIM1
SIM2
SIM3
SIM4
1
21
22
SIM5
SIM1
SIM2
SIM3
SIM4
1
21
22
SIM5
SIM1
SIM2
SIM3
SIM4
1
21
22
SIM5
SIM1
SIM2
SIM3
SIM4
1
21
22
SIM5
SIM1
SIM2
SIM3
SIM4
1
21
22
SIM5
SIM1
SIM2
SIM3
SIM4
1
21
22
SIM5
SIM1
SIM2
SIM3
SIM4
1
21
22
SIM5
SIM1
SIM2
SIM3
SIM4
1
21
22
SIM5
SIM1
SIM2
SIM3
SIM4
1
21
22
SIM5
SIM1
SIM2
SIM3
SIM4
1
21
22
SIM5
SIM1
SIM2
SIM3
SIM4
1
21
22
SIM5
SIM1
SIM2
SIM3
SIM4
1
21
22
SIM5
SIM1
SIM2
SIM3
SIM4
1
21
22
SIM5
SIM1
SIM2
SIM3
SIM4
1
21
22
SIM5
SIM1
SIM2
SIM3
SIM4
1
21
22
SIM5
SIM1
SIM2
SIM3
SIM4
1
21
22
SIM5
SIM1
SIM2
SIM3
SIM4
1
21
22
SIM5
SIM1
SIM2
SIM3
SIM4
1
21
22
SIM5
SIM1
SIM2
SIM3
SIM4
1
21
22
SIM5
SIM1
SIM2
SIM3
SIM4
1
21
22
SIM5
SIM1
SIM2
SIM3
SIM4
1
21
22
SIM5
SIM1
SIM2
SIM3
SIM4
1
21
22
SIM5
SIM1
SIM2
SIM3
SIM4
1
21
22
SIM5
SIM1
SIM2
SIM3
SIM4
1
21
22
SIM5
SIM1
SIM2
SIM3
SIM4
1
21
22
SIM5
SIM1
SIM2
SIM3
SIM4
1
21
22
SIM5
SIM1
SIM2
SIM3
SIM4
1
21
22
SIM5
SIM1
SIM2
SIM3
SIM4
1
21
22
SIM5
SIM1
SIM2
SIM3
SIM4
1
21
22
SIM5
SIM1
SIM2
SIM3
SIM4
1
21
22
SIM5
SIM1
SIM2
SIM3
SIM4
1
21
22
SIM5
SIM1
SIM2
SIM3
SIM4
1
21
22
SIM5
SIM1
SIM2
SIM3
SIM4
1
21
22
SIM5
SIM1
SIM2
SIM3
SIM4
1
21
22
SIM5
SIM1
SIM2
SIM3
SIM4
1
21
22
SIM5
SIM1
SIM2
SIM3
SIM4
1
21
22
SIM5
SIM1
SIM2
SIM3
SIM4
1
21
22
SIM5
SIM1
SIM2
SIM3
SIM4
1
21
22
SIM5
SIM1
SIM2
SIM3
SIM4
1
21
22
SIM5
SIM1
SIM2
SIM3
SIM4
1
21
22
SIM5
SIM1
SIM2
SIM3
SIM4
1
21
22
SIM5
SIM1
SIM2
SIM3
SIM4
1
21
22
SIM5
SIM1
SIM2
SIM3
SIM4
1
21
22
SIM5
SIM1
SIM2
SIM3
SIM4
1
21
22
SIM5
SIM1
SIM2
SIM3
SIM4
1
21
22
SIM5
SIM1
SIM2
SIM3
SIM4
1
21
22
SIM5
SIM1
SIM2
SIM3
SIM4
1
21
22
SIM5
SIM1
SIM2
SIM3
SIM4
1
21
22
SIM5
SIM1
SIM2
SIM3
SIM4
1
21
22
SIM5
SIM1
SIM2
SIM3
SIM4
1
21
22
SIM5
SIM1
SIM2
SIM3
SIM4
1
21
22
SIM5
SIM1
SIM2
SIM3
SIM4
1
21
22
SIM5
SIM1
SIM2
SIM3
SIM4
1
21
22
SIM5
SIM1
SIM2
SIM3
SIM4
1
21
22
SIM5
SIM1
SIM2
SIM3
SIM4
1
21
22
SIM5
SIM1
SIM2
SIM3
SIM4
1
21
22
SIM5
SIM1
SIM2
SIM3
SIM4
1
21
22
SIM5
SIM1
SIM2
SIM3
SIM4
1
21
22
SIM5
SIM1
SIM2
SIM3
SIM4
1
21
22
SIM5
SIM1
SIM2
SIM3
SIM4
1
21
22
SIM5
SIM1
SIM2
SIM3
SIM4
1
21
22
SIM5
SIM1
SIM2
SIM3
SIM4
1
21
22
SIM5
SIM1
SIM2
SIM3
SIM4
1
21
22
SIM5
SIM1
SIM2
SIM3
SIM4
1
21
22
SIM5
SIM1
SIM2
SIM3
SIM4
1
21
22
SIM5
SIM1
SIM2
SIM3
SIM4
1
21
22
SIM5
SIM1
SIM2
SIM3
SIM4
1
21
22
SIM5
SIM1
SIM2
SIM3
SIM4
1
21
22
SIM5
SIM1
SIM2
SIM3
SIM4
1
21
22
SIM5
SIM1
SIM2
DEBUG 1 628
SIM1
SIM2
SIM3
SIM4
1
21
22
SIM5
SIM1
SIM2
SIM3
SIM4
1
21
22
SIM5
SIM1
SIM2
SIM3
SIM4
1
21
22
SIM5
SIM1
SIM2
SIM3
SIM4
1
21
22
SIM5
SIM1
SIM2
SIM3
SIM4
1
21
22
SIM5
SIM1
SIM2
SIM3
SIM4
1
21
22
SIM5
SIM1
SIM2
SIM3
SIM4
1
21
22
SIM5
SIM1
SIM2
SIM3
SIM4
1
21
22
SIM5
SIM1
SIM2
SIM3
SIM4
1
21
22
SIM5
SIM1
SIM2
SIM3
SIM4
1
21
22
SIM5
SIM1
SIM2
SIM3
SIM4
1
21
22
SIM5
SIM1
SIM2
SIM3
SIM4
1
21
22
SIM5
SIM1
SIM2
SIM3
SIM4
1
21
22
SIM5
SIM1
SIM2
SIM3
SIM4
1
21
22
SIM5
SIM1
SIM2
SIM3
SIM4
1
21
22
SIM5
SIM1
SIM2
SIM3
SIM4
1
21
22
SIM5
SIM1
SIM2
SIM3
SIM4
1
21
22
SIM5
SIM1
SIM2
SIM3
SIM4
1
21
22
SIM5
SIM1
SIM2
SIM3
SIM4
1
21
22
SIM5
SIM1
SIM2
SIM3
SIM4
1
21
22
SIM5
SIM1
SIM2
SIM3
SIM4
1
21
22
SIM5
SIM1
SIM2
SIM3
SIM4
1
21
22
SIM5
SIM1
SIM2
SIM3
SIM4
1
21
22
SIM5
SIM1
SIM2
SIM3
SIM4
1
21
22
SIM5
SIM1
SIM2
SIM3
SIM4
1
21
22
SIM5
SIM1
SIM2
SIM3
SIM4
1
21
22
SIM5
SIM1
SIM2
SIM3
SIM4
1
21
22
SIM5
SIM1
SIM2
SIM3
SIM4
1
21
22
SIM5
SIM1
SIM2
SIM3
SIM4
1
21
22
SIM5
SIM1
SIM2
SIM3
SIM4
1
21
22
SIM5
SIM1
SIM2
SIM3
SIM4
1
21
22
SIM5
SIM1
SIM2
SIM3
SIM4
1
21
22
SIM5
SIM1
SIM2
SIM3
SIM4
1
21
22
SIM5
SIM1
SIM2
SIM3
SIM4
1
21
22
SIM5
SIM1
SIM2
SIM3
SIM4
1
21
22
SIM5
SIM1
SIM2
SIM3
SIM4
1
21
22
SIM5
SIM1
SIM2
SIM3
SIM4
1
21
22
SIM5
SIM1
SIM2
SIM3
SIM4
1
21
22
SIM5
SIM1
SIM2
SIM3
SIM4
1
21
22
SIM5
SIM1
SIM2
SIM3
SIM4
1
21
22
SIM5
SIM1
SIM2
SIM3
SIM4
1
21
22
SIM5
SIM1
SIM2
SIM3
SIM4
1
21
22
SIM5
SIM1
SIM2
SIM3
SIM4
1
21
22
SIM5
SIM1
SIM2
SIM3
SIM4
1
21
22
SIM5
SIM1
SIM2
SIM3
SIM4
1
21
22
SIM5
SIM1
SIM2
SIM3
SIM4
1
21
22
SIM5
SIM1
SIM2
SIM3
SIM4
1
21
22
SIM5
SIM1
SIM2
SIM3
SIM4
1
21
22
SIM5
SIM1
SIM2
SIM3
SIM4
1
21
22
SIM5
SIM1
SIM2
SIM3
SIM4
1
21
22
SIM5
SIM1
SIM2
SIM3
SIM4
1
21
22
SIM5
SIM1
SIM2
SIM3
SIM4
1
21
22
SIM5
SIM1
SIM2
SIM3
SIM4
1
21
22
SIM5
SIM1
SIM2
SIM3
SIM4
1
21
22
SIM5
SIM1
SIM2
SIM3
SIM4
1
21
22
SIM5
SIM1
SIM2
SIM3
SIM4
1
21
22
SIM5
SIM1
SIM2
SIM3
SIM4
1
21
22
SIM5
SIM1
SIM2
SIM3
SIM4
1
21
22
SIM5
SIM1
SIM2
SIM3
SIM4
1
21
22
SIM5
SIM1
SIM2
SIM3
SIM4
1
21
22
SIM5
SIM1
SIM2
SIM3
SIM4
1
21
22
SIM5
SIM1
SIM2
SIM3
SIM4
1
21
22
SIM5
SIM1
SIM2
SIM3
SIM4
1
21
22
SIM5
SIM1
SIM2
SIM3
SIM4
1
21
22
SIM5
SIM1
SIM2
SIM3
SIM4
1
21
22
SIM5
SIM1
SIM2
SIM3
SIM4
1
21
22
SIM5
SIM1
SIM2
SIM3
SIM4
1
21
22
SIM5
SIM1
SIM2
SIM3
SIM4
1
21
22
SIM5
SIM1
SIM2
SIM3
SIM4
1
21
22
SIM5
SIM1
SIM2
SIM3
SIM4
1
21
22
SIM5
SIM1
SIM2
SIM3
SIM4
1
21
22
SIM5
SIM1
SIM2
SIM3
SIM4
1
21
22
SIM5
SIM1
SIM2
SIM3
SIM4
1
21
22
SIM5
SIM1
SIM2
SIM3
SIM4
1
21
22
SIM5
SIM1
SIM2
SIM3
SIM4
1
21
22
SIM5
SIM1
SIM2
SIM3
SIM4
1
21
22
SIM5
SIM1
SIM2
SIM3
SIM4
1
21
22
SIM5
SIM1
SIM2
SIM3
SIM4
1
21
22
SIM5
SIM1
SIM2
SIM3
SIM4
1
21
22
SIM5
SIM1
SIM2
SIM3
SIM4
1
21
22
SIM5
SIM1
SIM2
SIM3
SIM4
1
21
22
SIM5
SIM1
SIM2
SIM3
SIM4
1
21
22
SIM5
SIM1
SIM2
SIM3
SIM4
1
21
22
SIM5
SIM1
SIM2
SIM3
SIM4
1
21
22
SIM5
SIM1
SIM2
SIM3
SIM4
1
21
22
SIM5
SIM1
SIM2
SIM3
SIM4
1
21
22
SIM5
SIM1
SIM2
SIM3
SIM4
1
21
22
SIM5
SIM1
SIM2
SIM3
SIM4
1
21
22
SIM5
SIM1
SIM2
SIM3
SIM4
1
21
22
SIM5
SIM1
SIM2
SIM3
SIM4
1
21
22
SIM5
SIM1
SIM2
SIM3
SIM4
1
21
22
SIM5
SIM1
SIM2
SIM3
SIM4
1
21
22
SIM5
SIM1
SIM2
SIM3
SIM4
1
21
22
SIM5
SIM1
SIM2
SIM3
SIM4
1
21
22
SIM5
SIM1
SIM2
SIM3
SIM4
1
21
22
SIM5
SIM1
SIM2
SIM3
SIM4
1
21
22
SIM5
SIM1
SIM2
SIM3
SIM4
1
21
22
SIM5
SIM1
SIM2
SIM3
SIM4
1
21
22
SIM5
SIM1
SIM2
SIM3
SIM4
1
21
22
SIM5
SIM1
SIM2
SIM3
SIM4
1
21
22
SIM5
SIM1
SIM2
SIM3
SIM4
1
21
22
SIM5
SIM1
SIM2
SIM3
SIM4
1
21
22
SIM5
SIM1
SIM2
SIM3
SIM4
1
21
22
SIM5
SIM1
SIM2
SIM3
SIM4
1
21
22
SIM5
SIM1
SIM2
SIM3
SIM4
1
21
22
SIM5
SIM1
SIM2
SIM3
SIM4
1
21
22
SIM5
SIM1
SIM2
SIM3
SIM4
1
21
22
SIM5
SIM1
SIM2
SIM3
SIM4
1
21
22
SIM5
SIM1
SIM2
SIM3
SIM4
1
21
22
SIM5
SIM1
SIM2
SIM3
SIM4
1
21
22
SIM5
SIM1
SIM2
SIM3
SIM4
1
21
22
SIM5
SIM1
SIM2
SIM3
SIM4
1
21
22
SIM5
SIM1
SIM2
SIM3
SIM4
1
21
22
SIM5
SIM1
SIM2
SIM3
SIM4
1
21
22
SIM5
SIM1
SIM2
SIM3
SIM4
1
21
22
SIM5
SIM1
SIM2
SIM3
SIM4
1
21
22
SIM5
SIM1
SIM2
SIM3
SIM4
1
21
22
SIM5
SIM1
SIM2
SIM3
SIM4
1
21
22
SIM5
SIM1
SIM2
SIM3
SIM4
1
21
22
SIM5
SIM1
SIM2
SIM3
SIM4
1
21
22
SIM5
SIM1
SIM2
SIM3
SIM4
1
21
22
SIM5
SIM1
SIM2
SIM3
SIM4
1
21
22
SIM5
SIM1
SIM2
SIM3
SIM4
1
21
22
SIM5
SIM1
SIM2
SIM3
SIM4
1
21
22
SIM5
SIM1
SIM2
SIM3
SIM4
1
21
22
SIM5
SIM1
SIM2
SIM3
SIM4
1
21
22
SIM5
SIM1
SIM2
SIM3
SIM4
1
21
22
SIM5
SIM1
SIM2
SIM3
SIM4
1
21
22
SIM5
SIM1
SIM2
SIM3
SIM4
1
21
22
SIM5
SIM1
SIM2
SIM3
SIM4
1
21
22
SIM5
SIM1
SIM2
SIM3
SIM4
1
21
22
SIM5
SIM1
SIM2
SIM3
SIM4
1
21
22
SIM5
SIM1
SIM2
SIM3
SIM4
1
21
22
SIM5
SIM1
SIM2
SIM3
SIM4
1
21
22
SIM5
SIM1
SIM2
SIM3
SIM4
1
21
22
SIM5
SIM1
SIM2
SIM3
SIM4
1
21
22
SIM5
SIM1
SIM2
SIM3
SIM4
1
21
22
SIM5
SIM1
SIM2
SIM3
SIM4
1
21
22
SIM5
SIM1
SIM2
SIM3
SIM4
1
21
22
SIM5
SIM1
SIM2
SIM3
SIM4
1
21
22
SIM5
SIM1
SIM2
SIM3
SIM4
1
21
22
SIM5
SIM1
SIM2
SIM3
SIM4
1
21
22
SIM5
SIM1
SIM2
SIM3
SIM4
1
21
22
SIM5
SIM1
SIM2
SIM3
SIM4
1
21
22
SIM5
SIM1
SIM2
SIM3
SIM4
1
21
22
SIM5
SIM1
SIM2
SIM3
SIM4
1
21
22
SIM5
SIM1
SIM2
SIM3
SIM4
1
21
22
SIM5
SIM1
SIM2
SIM3
SIM4
1
21
22
SIM5
SIM1
SIM2
SIM3
SIM4
1
21
22
SIM5
SIM1
SIM2
SIM3
SIM4
1
21
22
SIM5
SIM1
SIM2
SIM3
SIM4
1
21
22
SIM5
SIM1
SIM2
SIM3
SIM4
1
21
22
SIM5
SIM1
SIM2
SIM3
SIM4
1
21
22
SIM5
SIM1
SIM2
SIM3
SIM4
1
21
22
SIM5
SIM1
SIM2
SIM3
SIM4
1
21
22
SIM5
SIM1
SIM2
SIM3
SIM4
1
21
22
SIM5
SIM1
SIM2
SIM3
SIM4
1
21
22
SIM5
SIM1
SIM2
SIM3
SIM4
1
21
22
SIM5
SIM1
SIM2
SIM3
SIM4
1
21
22
SIM5
SIM1
SIM2
SIM3
SIM4
1
21
22
SIM5
SIM1
SIM2
SIM3
SIM4
1
21
22
SIM5
SIM1
SIM2
SIM3
SIM4
1
21
22
SIM5
SIM1
SIM2
SIM3
SIM4
1
21
22
SIM5
SIM1
SIM2
SIM3
SIM4
1
21
22
SIM5
SIM1
SIM2
SIM3
SIM4
1
21
22
SIM5
SIM1
SIM2
SIM3
SIM4
1
21
22
SIM5
SIM1
SIM2
SIM3
SIM4
1
21
22
SIM5
SIM1
SIM2
SIM3
SIM4
1
21
22
SIM5
SIM1
SIM2
SIM3
SIM4
1
21
22
SIM5
SIM1
SIM2
SIM3
SIM4
1
21
22
SIM5
SIM1
SIM2
SIM3
SIM4
1
21
22
SIM5
SIM1
SIM2
SIM3
SIM4
1
21
22
SIM5
SIM1
SIM2
SIM3
SIM4
1
21
22
SIM5
SIM1
SIM2
SIM3
SIM4
1
21
22
SIM5
SIM1
SIM2
SIM3
SIM4
1
21
22
SIM5
SIM1
SIM2
SIM3
SIM4
1
21
22
SIM5
SIM1
SIM2
SIM3
SIM4
1
21
22
SIM5
SIM1
SIM2
SIM3
SIM4
1
21
22
SIM5
SIM1
SIM2
SIM3
SIM4
1
21
22
SIM5
SIM1
SIM2
SIM3
SIM4
1
21
22
SIM5
SIM1
SIM2
SIM3
SIM4
1
21
22
SIM5
SIM1
SIM2
SIM3
SIM4
1
21
22
SIM5
SIM1
SIM2
SIM3
SIM4
1
21
22
SIM5
SIM1
SIM2
DEBUG 1 629
SIM1
SIM2
SIM3
SIM4
1
21
22
SIM5
SIM1
SIM2
SIM3
SIM4
1
21
22
SIM5
SIM1
SIM2
SIM3
SIM4
1
21
22
SIM5
SIM1
SIM2
SIM3
SIM4
1
21
22
SIM5
SIM1
SIM2
SIM3
SIM4
1
21
22
SIM5
SIM1
SIM2
SIM3
SIM4
1
21
22
SIM5
SIM1
SIM2
SIM3
SIM4
1
21
22
SIM5
SIM1
SIM2
SIM3
SIM4
1
21
22
SIM5
SIM1
SIM2
SIM3
SIM4
1
21
22
SIM5
SIM1
SIM2
SIM3
SIM4
1
21
22
SIM5
SIM1
SIM2
SIM3
SIM4
1
21
22
SIM5
SIM1
SIM2
SIM3
SIM4
1
21
22
SIM5
SIM1
SIM2
SIM3
SIM4
1
21
22
SIM5
SIM1
SIM2
SIM3
SIM4
1
21
22
SIM5
SIM1
SIM2
SIM3
SIM4
1
21
22
SIM5
SIM1
SIM2
SIM3
SIM4
1
21
22
SIM5
SIM1
SIM2
SIM3
SIM4
1
21
22
SIM5
SIM1
SIM2
SIM3
SIM4
1
21
22
SIM5
SIM1
SIM2
SIM3
SIM4
1
21
22
SIM5
SIM1
SIM2
SIM3
SIM4
1
21
22
SIM5
SIM1
SIM2
SIM3
SIM4
1
21
22
SIM5
SIM1
SIM2
SIM3
SIM4
1
21
22
SIM5
SIM1
SIM2
SIM3
SIM4
1
21
22
SIM5
SIM1
SIM2
SIM3
SIM4
1
21
22
SIM5
SIM1
SIM2
SIM3
SIM4
1
21
22
SIM5
SIM1
SIM2
SIM3
SIM4
1
21
22
SIM5
SIM1
SIM2
SIM3
SIM4
1
21
22
SIM5
SIM1
SIM2
SIM3
SIM4
1
21
22
SIM5
SIM1
SIM2
SIM3
SIM4
1
21
22
SIM5
SIM1
SIM2
SIM3
SIM4
1
21
22
SIM5
SIM1
SIM2
SIM3
SIM4
1
21
22
SIM5
SIM1
SIM2
SIM3
SIM4
1
21
22
SIM5
SIM1
SIM2
SIM3
SIM4
1
21
22
SIM5
SIM1
SIM2
SIM3
SIM4
1
21
22
SIM5
SIM1
SIM2
SIM3
SIM4
1
21
22
SIM5
SIM1
SIM2
SIM3
SIM4
1
21
22
SIM5
SIM1
SIM2
SIM3
SIM4
1
21
22
SIM5
SIM1
SIM2
SIM3
SIM4
1
21
22
SIM5
SIM1
SIM2
SIM3
SIM4
1
21
22
SIM5
SIM1
SIM2
SIM3
SIM4
1
21
22
SIM5
SIM1
SIM2
SIM3
SIM4
1
21
22
SIM5
SIM1
SIM2
SIM3
SIM4
1
21
22
SIM5
SIM1
SIM2
SIM3
SIM4
1
21
22
SIM5
SIM1
SIM2
SIM3
SIM4
1
21
22
SIM5
SIM1
SIM2
SIM3
SIM4
1
21
22
SIM5
SIM1
SIM2
SIM3
SIM4
1
21
22
SIM5
SIM1
SIM2
SIM3
SIM4
1
21
22
SIM5
SIM1
SIM2
SIM3
SIM4
1
21
22
SIM5
SIM1
SIM2
SIM3
SIM4
1
21
22
SIM5
SIM1
SIM2
SIM3
SIM4
1
21
22
SIM5
SIM1
SIM2
SIM3
SIM4
1
21
22
SIM5
SIM1
SIM2
SIM3
SIM4
1
21
22
SIM5
SIM1
SIM2
SIM3
SIM4
1
21
22
SIM5
SIM1
SIM2
SIM3
SIM4
1
21
22
SIM5
SIM1
SIM2
SIM3
SIM4
1
21
22
SIM5
SIM1
SIM2
SIM3
SIM4
1
21
22
SIM5
SIM1
SIM2
SIM3
SIM4
1
21
22
SIM5
SIM1
SIM2
SIM3
SIM4
1
21
22
SIM5
SIM1
SIM2
SIM3
SIM4
1
21
22
SIM5
SIM1
SIM2
SIM3
SIM4
1
21
22
SIM5
SIM1
SIM2
SIM3
SIM4
1
21
22
SIM5
SIM1
SIM2
SIM3
SIM4
1
21
22
SIM5
SIM1
SIM2
SIM3
SIM4
1
21
22
SIM5
SIM1
SIM2
SIM3
SIM4
1
21
22
SIM5
SIM1
SIM2
SIM3
SIM4
1
21
22
SIM5
SIM1
SIM2
SIM3
SIM4
1
21
22
SIM5
SIM1
SIM2
SIM3
SIM4
1
21
22
SIM5
SIM1
SIM2
SIM3
SIM4
1
21
22
SIM5
SIM1
SIM2
SIM3
SIM4
1
21
22
SIM5
SIM1
SIM2
SIM3
SIM4
1
21
22
SIM5
SIM1
SIM2
SIM3
SIM4
1
21
22
SIM5
SIM1
SIM2
SIM3
SIM4
1
21
22
SIM5
SIM1
SIM2
SIM3
SIM4
1
21
22
SIM5
SIM1
SIM2
SIM3
SIM4
1
21
22
SIM5
SIM1
SIM2
SIM3
SIM4
1
21
22
SIM5
SIM1
SIM2
SIM3
SIM4
1
21
22
SIM5
SIM1
SIM2
SIM3
SIM4
1
21
22
SIM5
SIM1
SIM2
SIM3
SIM4
1
21
22
SIM5
SIM1
SIM2
SIM3
SIM4
1
21
22
SIM5
SIM1
SIM2
SIM3
SIM4
1
21
22
SIM5
SIM1
SIM2
SIM3
SIM4
1
21
22
SIM5
SIM1
SIM2
SIM3
SIM4
1
21
22
SIM5
SIM1
SIM2
SIM3
SIM4
1
21
22
SIM5
SIM1
SIM2
SIM3
SIM4
1
21
22
SIM5
SIM1
SIM2
SIM3
SIM4
1
21
22
SIM5
SIM1
SIM2
SIM3
SIM4
1
21
22
SIM5
SIM1
SIM2
SIM3
SIM4
1
21
22
SIM5
SIM1
SIM2
SIM3
SIM4
1
21
22
SIM5
SIM1
SIM2
SIM3
SIM4
1
21
22
SIM5
SIM1
SIM2
SIM3
SIM4
1
21
22
SIM5
SIM1
SIM2
SIM3
SIM4
1
21
22
SIM5
SIM1
SIM2
SIM3
SIM4
1
21
22
SIM5
SIM1
SIM2
SIM3
SIM4
1
21
22
SIM5
SIM1
SIM2
SIM3
SIM4
1
21
22
SIM5
SIM1
SIM2
SIM3
SIM4
1
21
22
SIM5
SIM1
SIM2
SIM3
SIM4
1
21
22
SIM5
SIM1
SIM2
SIM3
SIM4
1
21
22
SIM5
SIM1
SIM2
SIM3
SIM4
1
21
22
SIM5
SIM1
SIM2
SIM3
SIM4
1
21
22
SIM5
SIM1
SIM2
SIM3
SIM4
1
21
22
SIM5
SIM1
SIM2
SIM3
SIM4
1
21
22
SIM5
SIM1
SIM2
SIM3
SIM4
1
21
22
SIM5
SIM1
SIM2
SIM3
SIM4
1
21
22
SIM5
SIM1
SIM2
SIM3
SIM4
1
21
22
SIM5
SIM1
SIM2
SIM3
SIM4
1
21
22
SIM5
SIM1
SIM2
SIM3
SIM4
1
21
22
SIM5
SIM1
SIM2
SIM3
SIM4
1
21
22
SIM5
SIM1
SIM2
SIM3
SIM4
1
21
22
SIM5
SIM1
SIM2
SIM3
SIM4
1
21
22
SIM5
SIM1
SIM2
SIM3
SIM4
1
21
22
SIM5
SIM1
SIM2
SIM3
SIM4
1
21
22
SIM5
SIM1
SIM2
SIM3
SIM4
1
21
22
SIM5
SIM1
SIM2
SIM3
SIM4
1
21
22
SIM5
SIM1
SIM2
SIM3
SIM4
1
21
22
SIM5
SIM1
SIM2
SIM3
SIM4
1
21
22
SIM5
SIM1
SIM2
SIM3
SIM4
1
21
22
SIM5
SIM1
SIM2
SIM3
SIM4
1
21
22
SIM5
SIM1
SIM2
SIM3
SIM4
1
21
22
SIM5
SIM1
SIM2
SIM3
SIM4
1
21
22
SIM5
SIM1
SIM2
SIM3
SIM4
1
21
22
SIM5
SIM1
SIM2
SIM3
SIM4
1
21
22
SIM5
SIM1
SIM2
SIM3
SIM4
1
21
22
SIM5
SIM1
SIM2
SIM3
SIM4
1
21
22
SIM5
SIM1
SIM2
SIM3
SIM4
1
21
22
SIM5
SIM1
SIM2
SIM3
SIM4
1
21
22
SIM5
SIM1
SIM2
SIM3
SIM4
1
21
22
SIM5
SIM1
SIM2
SIM3
SIM4
1
21
22
SIM5
SIM1
SIM2
SIM3
SIM4
1
21
22
SIM5
SIM1
SIM2
SIM3
SIM4
1
21
22
SIM5
SIM1
SIM2
SIM3
SIM4
1
21
22
SIM5
SIM1
SIM2
SIM3
SIM4
1
21
22
SIM5
SIM1
SIM2
SIM3
SIM4
1
21
22
SIM5
SIM1
SIM2
SIM3
SIM4
1
21
22
SIM5
SIM1
SIM2
SIM3
SIM4
1
21
22
SIM5
SIM1
SIM2
SIM3
SIM4
1
21
22
SIM5
SIM1
SIM2
SIM3
SIM4
1
21
22
SIM5
SIM1
SIM2
SIM3
SIM4
1
21
22
SIM5
SIM1
SIM2
SIM3
SIM4
1
21
22
SIM5
SIM1
SIM2
SIM3
SIM4
1
21
22
SIM5
SIM1
SIM2
SIM3
SIM4
1
21
22
SIM5
SIM1
SIM2
SIM3
SIM4
1
21
22
SIM5
SIM1
SIM2
SIM3
SIM4
1
21
22
SIM5
SIM1
SIM2
SIM3
SIM4
1
21
22
SIM5
SIM1
SIM2
DEBUG 1 630
SIM1
SIM2
SIM3
SIM4
1
21
22
SIM5
SIM1
SIM2
SIM3
SIM4
1
21
22
SIM5
SIM1
SIM2
SIM3
SIM4
1
21
22
SIM5
SIM1
SIM2
SIM3
SIM4
1
21
22
SIM5
SIM1
SIM2
SIM3
SIM4
1
21
22
SIM5
SIM1
SIM2
SIM3
SIM4
1
21
22
SIM5
SIM1
SIM2
SIM3
SIM4
1
21
22
SIM5
SIM1
SIM2
SIM3
SIM4
1
21
22
SIM5
SIM1
SIM2
SIM3
SIM4
1
21
22
SIM5
SIM1
SIM2
SIM3
SIM4
1
21
22
SIM5
SIM1
SIM2
SIM3
SIM4
1
21
22
SIM5
SIM1
SIM2
SIM3
SIM4
1
21
22
SIM5
SIM1
SIM2
SIM3
SIM4
1
21
22
SIM5
SIM1
SIM2
SIM3
SIM4
1
21
22
SIM5
SIM1
SIM2
SIM3
SIM4
1
21
22
SIM5
SIM1
SIM2
SIM3
SIM4
1
21
22
SIM5
SIM1
SIM2
SIM3
SIM4
1
21
22
SIM5
SIM1
SIM2
SIM3
SIM4
1
21
22
SIM5
SIM1
SIM2
SIM3
SIM4
1
21
22
SIM5
SIM1
SIM2
SIM3
SIM4
1
21
22
SIM5
SIM1
SIM2
SIM3
SIM4
1
21
22
SIM5
SIM1
SIM2
SIM3
SIM4
1
21
22
SIM5
SIM1
SIM2
SIM3
SIM4
1
21
22
SIM5
SIM1
SIM2
SIM3
SIM4
1
21
22
SIM5
SIM1
SIM2
SIM3
SIM4
1
21
22
SIM5
SIM1
SIM2
SIM3
SIM4
1
21
22
SIM5
SIM1
SIM2
SIM3
SIM4
1
21
22
SIM5
SIM1
SIM2
SIM3
SIM4
1
21
22
SIM5
SIM1
SIM2
SIM3
SIM4
1
21
22
SIM5
SIM1
SIM2
SIM3
SIM4
1
21
22
SIM5
SIM1
SIM2
SIM3
SIM4
1
21
22
SIM5
SIM1
SIM2
SIM3
SIM4
1
21
22
SIM5
SIM1
SIM2
SIM3
SIM4
1
21
22
SIM5
SIM1
SIM2
SIM3
SIM4
1
21
22
SIM5
SIM1
SIM2
SIM3
SIM4
1
21
22
SIM5
SIM1
SIM2
SIM3
SIM4
1
21
22
SIM5
SIM1
SIM2
SIM3
SIM4
1
21
22
SIM5
SIM1
SIM2
SIM3
SIM4
1
21
22
SIM5
SIM1
SIM2
SIM3
SIM4
1
21
22
SIM5
SIM1
SIM2
SIM3
SIM4
1
21
22
SIM5
SIM1
SIM2
SIM3
SIM4
1
21
22
SIM5
SIM1
SIM2
SIM3
SIM4
1
21
22
SIM5
SIM1
SIM2
SIM3
SIM4
1
21
22
SIM5
SIM1
SIM2
SIM3
SIM4
1
21
22
SIM5
SIM1
SIM2
SIM3
SIM4
1
21
22
SIM5
SIM1
SIM2
SIM3
SIM4
1
21
22
SIM5
SIM1
SIM2
SIM3
SIM4
1
21
22
SIM5
SIM1
SIM2
SIM3
SIM4
1
21
22
SIM5
SIM1
SIM2
SIM3
SIM4
1
21
22
SIM5
SIM1
SIM2
SIM3
SIM4
1
21
22
SIM5
SIM1
SIM2
SIM3
SIM4
1
21
22
SIM5
SIM1
SIM2
SIM3
SIM4
1
21
22
SIM5
SIM1
SIM2
SIM3
SIM4
1
21
22
SIM5
SIM1
SIM2
SIM3
SIM4
1
21
22
SIM5
SIM1
SIM2
SIM3
SIM4
1
21
22
SIM5
SIM1
SIM2
SIM3
SIM4
1
21
22
SIM5
SIM1
SIM2
SIM3
SIM4
1
21
22
SIM5
SIM1
SIM2
SIM3
SIM4
1
21
22
SIM5
SIM1
SIM2
SIM3
SIM4
1
21
22
SIM5
SIM1
SIM2
SIM3
SIM4
1
21
22
SIM5
SIM1
SIM2
SIM3
SIM4
1
21
22
SIM5
SIM1
SIM2
SIM3
SIM4
1
21
22
SIM5
SIM1
SIM2
SIM3
SIM4
1
21
22
SIM5
SIM1
SIM2
SIM3
SIM4
1
21
22
SIM5
SIM1
SIM2
SIM3
SIM4
1
21
22
SIM5
SIM1
SIM2
SIM3
SIM4
1
21
22
SIM5
SIM1
SIM2
SIM3
SIM4
1
21
22
SIM5
SIM1
SIM2
SIM3
SIM4
1
21
22
SIM5
SIM1
SIM2
SIM3
SIM4
1
21
22
SIM5
SIM1
SIM2
SIM3
SIM4
1
21
22
SIM5
SIM1
SIM2
SIM3
SIM4
1
21
22
SIM5
SIM1
SIM2
SIM3
SIM4
1
21
22
SIM5
SIM1
SIM2
SIM3
SIM4
1
21
22
SIM5
SIM1
SIM2
SIM3
SIM4
1
21
22
SIM5
SIM1
SIM2
SIM3
SIM4
1
21
22
SIM5
SIM1
SIM2
SIM3
SIM4
1
21
22
SIM5
SIM1
SIM2
SIM3
SIM4
1
21
22
SIM5
SIM1
SIM2
SIM3
SIM4
1
21
22
SIM5
SIM1
SIM2
SIM3
SIM4
1
21
22
SIM5
SIM1
SIM2
SIM3
SIM4
1
21
22
SIM5
SIM1
SIM2
SIM3
SIM4
1
21
22
SIM5
SIM1
SIM2
SIM3
SIM4
1
21
22
SIM5
SIM1
SIM2
SIM3
SIM4
1
21
22
SIM5
SIM1
SIM2
SIM3
SIM4
1
21
22
SIM5
SIM1
SIM2
SIM3
SIM4
1
21
22
SIM5
SIM1
SIM2
SIM3
SIM4
1
21
22
SIM5
SIM1
SIM2
SIM3
SIM4
1
21
22
SIM5
SIM1
SIM2
SIM3
SIM4
1
21
22
SIM5
SIM1
SIM2
SIM3
SIM4
1
21
22
SIM5
SIM1
SIM2
SIM3
SIM4
1
21
22
SIM5
SIM1
SIM2
SIM3
SIM4
1
21
22
SIM5
SIM1
SIM2
SIM3
SIM4
1
21
22
SIM5
SIM1
SIM2
SIM3
SIM4
1
21
22
SIM5
SIM1
SIM2
SIM3
SIM4
1
21
22
SIM5
SIM1
SIM2
SIM3
SIM4
1
21
22
SIM5
SIM1
SIM2
SIM3
SIM4
1
21
22
SIM5
SIM1
SIM2
SIM3
SIM4
1
21
22
SIM5
SIM1
SIM2
SIM3
SIM4
1
21
22
SIM5
SIM1
SIM2
SIM3
SIM4
1
21
22
SIM5
SIM1
SIM2
SIM3
SIM4
1
21
22
SIM5
SIM1
SIM2
SIM3
SIM4
1
21
22
SIM5
SIM1
SIM2
SIM3
SIM4
1
21
22
SIM5
SIM1
SIM2
SIM3
SIM4
1
21
22
SIM5
SIM1
SIM2
SIM3
SIM4
1
21
22
SIM5
SIM1
SIM2
SIM3
SIM4
1
21
22
SIM5
SIM1
SIM2
SIM3
SIM4
1
21
22
SIM5
SIM1
SIM2
SIM3
SIM4
1
21
22
SIM5
SIM1
SIM2
SIM3
SIM4
1
21
22
SIM5
SIM1
SIM2
SIM3
SIM4
1
21
22
SIM5
SIM1
SIM2
SIM3
SIM4
1
21
22
SIM5
SIM1
SIM2
SIM3
SIM4
1
21
22
SIM5
SIM1
SIM2
SIM3
SIM4
1
21
22
SIM5
SIM1
SIM2
SIM3
SIM4
1
21
22
SIM5
SIM1
SIM2
SIM3
SIM4
1
21
22
SIM5
SIM1
SIM2
SIM3
SIM4
1
21
22
SIM5
SIM1
SIM2
SIM3
SIM4
1
21
22
SIM5
SIM1
SIM2
SIM3
SIM4
1
21
22
SIM5
SIM1
SIM2
SIM3
SIM4
1
21
22
SIM5
SIM1
SIM2
SIM3
SIM4
1
21
22
SIM5
SIM1
SIM2
SIM3
SIM4
1
21
22
SIM5
SIM1
SIM2
SIM3
SIM4
1
21
22
SIM5
SIM1
SIM2
SIM3
SIM4
1
21
22
SIM5
SIM1
SIM2
SIM3
SIM4
1
21
22
SIM5
SIM1
SIM2
SIM3
SIM4
1
21
22
SIM5
SIM1
SIM2
SIM3
SIM4
1
21
22
SIM5
SIM1
SIM2
SIM3
SIM4
1
21
22
SIM5
SIM1
SIM2
SIM3
SIM4
1
21
22
SIM5
SIM1
SIM2
SIM3
SIM4
1
21
22
SIM5
SIM1
SIM2
SIM3
SIM4
1
21
22
SIM5
SIM1
SIM2
SIM3
SIM4
1
21
22
SIM5
SIM1
SIM2
SIM3
SIM4
1
21
22
SIM5
SIM1
SIM2
SIM3
SIM4
1
21
22
SIM5
SIM1
SIM2
SIM3
SIM4
1
21
22
SIM5
SIM1
SIM2
SIM3
SIM4
1
21
22
SIM5
SIM1
SIM2
SIM3
SIM4
1
21
22
SIM5
SIM1
SIM2
SIM3
SIM4
1
21
22
SIM5
SIM1
SIM2
SIM3
SIM4
1
21
22
SIM5
SIM1
SIM2
SIM3
SIM4
1
21
22
SIM5
SIM1
SIM2
SIM3
SIM4
1
21
22
SIM5
SIM1
SIM2
SIM3
SIM4
1
21
22
SIM5
SIM1
SIM2
SIM3
SIM4
1
21
22
SIM5
SIM1
SIM2
SIM3
SIM4
1
21
22
SIM5
SIM1
SIM2
SIM3
SIM4
1
21
22
SIM5
SIM1
SIM2
SIM3
SIM4
1
21
22
SIM5
SIM1
SIM2
SIM3
SIM4
1
21
22
SIM5
SIM1
SIM2
SIM3
SIM4
1
21
22
SIM5
SIM1
SIM2
SIM3
SIM4
1
21
22
SIM5
SIM1
SIM2
SIM3
SIM4
1
21
22
SIM5
SIM1
SIM2
SIM3
SIM4
1
21
22
SIM5
SIM1
SIM2
SIM3
SIM4
1
21
22
SIM5
SIM1
SIM2
SIM3
SIM4
1
21
22
SIM5
SIM1
SIM2
SIM3
SIM4
1
21
22
SIM5
SIM1
SIM2
SIM3
SIM4
1
21
22
SIM5
SIM1
SIM2
SIM3
SIM4
1
21
22
SIM5
SIM1
SIM2
SIM3
SIM4
1
21
22
SIM5
SIM1
SIM2
SIM3
SIM4
1
21
22
SIM5
SIM1
SIM2
DEBUG 1 631
SIM1
SIM2
SIM3
SIM4
1
21
22
SIM5
SIM1
SIM2
SIM3
SIM4
1
21
22
SIM5
SIM1
SIM2
SIM3
SIM4
1
21
22
SIM5
SIM1
SIM2
SIM3
SIM4
1
21
22
SIM5
SIM1
SIM2
SIM3
SIM4
1
21
22
SIM5
SIM1
SIM2
SIM3
SIM4
1
21
22
SIM5
SIM1
SIM2
SIM3
SIM4
1
21
22
SIM5
SIM1
SIM2
SIM3
SIM4
1
21
22
SIM5
SIM1
SIM2
SIM3
SIM4
1
21
22
SIM5
SIM1
SIM2
SIM3
SIM4
1
21
22
SIM5
SIM1
SIM2
SIM3
SIM4
1
21
22
SIM5
SIM1
SIM2
SIM3
SIM4
1
21
22
SIM5
SIM1
SIM2
SIM3
SIM4
1
21
22
SIM5
SIM1
SIM2
SIM3
SIM4
1
21
22
SIM5
SIM1
SIM2
SIM3
SIM4
1
21
22
SIM5
SIM1
SIM2
SIM3
SIM4
1
21
22
SIM5
SIM1
SIM2
SIM3
SIM4
1
21
22
SIM5
SIM1
SIM2
SIM3
SIM4
1
21
22
SIM5
SIM1
SIM2
SIM3
SIM4
1
21
22
SIM5
SIM1
SIM2
SIM3
SIM4
1
21
22
SIM5
SIM1
SIM2
SIM3
SIM4
1
21
22
SIM5
SIM1
SIM2
DEBUG 1 632
SIM1
SIM2
SIM3
SIM4
1
21
22
SIM5
SIM1
SIM2
SIM3
SIM4
1
21
22
SIM5
SIM1
SIM2
SIM3
SIM4
1
21
22
SIM5
SIM1
SIM2
SIM3
SIM4
1
21
22
SIM5
SIM1
SIM2
SIM3
SIM4
1
21
22
SIM5
SIM1
SIM2
SIM3
SIM4
1
21
22
SIM5
SIM1
SIM2
SIM3
SIM4
1
21
22
SIM5
SIM1
SIM2
SIM3
SIM4
1
21
22
SIM5
SIM1
SIM2
SIM3
SIM4
1
21
22
SIM5
SIM1
SIM2
SIM3
SIM4
1
21
22
SIM5
SIM1
SIM2
SIM3
SIM4
1
21
22
SIM5
SIM1
SIM2
SIM3
SIM4
1
21
22
SIM5
SIM1
SIM2
SIM3
SIM4
1
21
22
SIM5
SIM1
SIM2
SIM3
SIM4
1
21
22
SIM5
SIM1
SIM2
SIM3
SIM4
1
21
22
SIM5
SIM1
SIM2
SIM3
SIM4
1
21
22
SIM5
SIM1
SIM2
SIM3
SIM4
1
21
22
SIM5
SIM1
SIM2
SIM3
SIM4
1
21
22
SIM5
SIM1
SIM2
SIM3
SIM4
1
21
22
SIM5
SIM1
SIM2
SIM3
SIM4
1
21
22
SIM5
SIM1
SIM2
SIM3
SIM4
1
21
22
SIM5
SIM1
SIM2
SIM3
SIM4
1
21
22
SIM5
SIM1
SIM2
SIM3
SIM4
1
21
22
SIM5
SIM1
SIM2
SIM3
SIM4
1
21
22
SIM5
SIM1
SIM2
SIM3
SIM4
1
21
22
SIM5
SIM1
SIM2
SIM3
SIM4
1
21
22
SIM5
SIM1
SIM2
SIM3
SIM4
1
21
22
SIM5
SIM1
SIM2
SIM3
SIM4
1
21
22
SIM5
SIM1
SIM2
SIM3
SIM4
1
21
22
SIM5
SIM1
SIM2
SIM3
SIM4
1
21
22
SIM5
SIM1
SIM2
SIM3
SIM4
1
21
22
SIM5
SIM1
SIM2
SIM3
SIM4
1
21
22
SIM5
SIM1
SIM2
SIM3
SIM4
1
21
22
SIM5
SIM1
SIM2
SIM3
SIM4
1
21
22
SIM5
SIM1
SIM2
SIM3
SIM4
1
21
22
SIM5
SIM1
SIM2
SIM3
SIM4
1
21
22
SIM5
SIM1
SIM2
SIM3
SIM4
1
21
22
SIM5
SIM1
SIM2
SIM3
SIM4
1
21
22
SIM5
SIM1
SIM2
SIM3
SIM4
1
21
22
SIM5
SIM1
SIM2
SIM3
SIM4
1
21
22
SIM5
SIM1
SIM2
SIM3
SIM4
1
21
22
SIM5
SIM1
SIM2
SIM3
SIM4
1
21
22
SIM5
SIM1
SIM2
SIM3
SIM4
1
21
22
SIM5
SIM1
SIM2
SIM3
SIM4
1
21
22
SIM5
SIM1
SIM2
SIM3
SIM4
1
21
22
SIM5
SIM1
SIM2
SIM3
SIM4
1
21
22
SIM5
SIM1
SIM2
SIM3
SIM4
1
21
22
SIM5
SIM1
SIM2
SIM3
SIM4
1
21
22
SIM5
SIM1
SIM2
SIM3
SIM4
1
21
22
SIM5
SIM1
SIM2
SIM3
SIM4
1
21
22
SIM5
SIM1
SIM2
SIM3
SIM4
1
21
22
SIM5
SIM1
SIM2
SIM3
SIM4
1
21
22
SIM5
SIM1
SIM2
SIM3
SIM4
1
21
22
SIM5
SIM1
SIM2
SIM3
SIM4
1
21
22
SIM5
SIM1
SIM2
SIM3
SIM4
1
21
22
SIM5
SIM1
SIM2
SIM3
SIM4
1
21
22
SIM5
SIM1
SIM2
SIM3
SIM4
1
21
22
SIM5
SIM1
SIM2
SIM3
SIM4
1
21
22
SIM5
SIM1
SIM2
SIM3
SIM4
1
21
22
SIM5
SIM1
SIM2
SIM3
SIM4
1
21
22
SIM5
SIM1
SIM2
SIM3
SIM4
1
21
22
SIM5
SIM1
SIM2
SIM3
SIM4
1
21
22
SIM5
SIM1
SIM2
SIM3
SIM4
1
21
22
SIM5
SIM1
SIM2
SIM3
SIM4
1
21
22
SIM5
SIM1
SIM2
SIM3
SIM4
1
21
22
SIM5
SIM1
SIM2
SIM3
SIM4
1
21
22
SIM5
SIM1
SIM2
SIM3
SIM4
1
21
22
SIM5
SIM1
SIM2
SIM3
SIM4
1
21
22
SIM5
SIM1
SIM2
SIM3
SIM4
1
21
22
SIM5
SIM1
SIM2
SIM3
SIM4
1
21
22
SIM5
SIM1
SIM2
SIM3
SIM4
1
21
22
SIM5
SIM1
SIM2
SIM3
SIM4
1
21
22
SIM5
SIM1
SIM2
SIM3
SIM4
1
21
22
SIM5
SIM1
SIM2
SIM3
SIM4
1
21
22
SIM5
SIM1
SIM2
SIM3
SIM4
1
21
22
SIM5
SIM1
SIM2
SIM3
SIM4
1
21
22
SIM5
SIM1
SIM2
SIM3
SIM4
1
21
22
SIM5
SIM1
SIM2
SIM3
SIM4
1
21
22
SIM5
SIM1
SIM2
SIM3
SIM4
1
21
22
SIM5
SIM1
SIM2
SIM3
SIM4
1
21
22
SIM5
SIM1
SIM2
SIM3
SIM4
1
21
22
SIM5
SIM1
SIM2
SIM3
SIM4
1
21
22
SIM5
SIM1
SIM2
SIM3
SIM4
1
21
22
SIM5
SIM1
SIM2
SIM3
SIM4
1
21
22
SIM5
SIM1
SIM2
SIM3
SIM4
1
21
22
SIM5
SIM1
SIM2
SIM3
SIM4
1
21
22
SIM5
SIM1
SIM2
SIM3
SIM4
1
21
22
SIM5
SIM1
SIM2
SIM3
SIM4
1
21
22
SIM5
SIM1
SIM2
SIM3
SIM4
1
21
22
SIM5
SIM1
SIM2
SIM3
SIM4
1
21
22
SIM5
SIM1
SIM2
SIM3
SIM4
1
21
22
SIM5
SIM1
SIM2
SIM3
SIM4
1
21
22
SIM5
SIM1
SIM2
SIM3
SIM4
1
21
22
SIM5
SIM1
SIM2
SIM3
SIM4
1
21
22
SIM5
SIM1
SIM2
SIM3
SIM4
1
21
22
SIM5
SIM1
SIM2
SIM3
SIM4
1
21
22
SIM5
SIM1
SIM2
SIM3
SIM4
1
21
22
SIM5
SIM1
SIM2
SIM3
SIM4
1
21
22
SIM5
SIM1
SIM2
SIM3
SIM4
1
21
22
SIM5
SIM1
SIM2
SIM3
SIM4
1
21
22
SIM5
SIM1
SIM2
SIM3
SIM4
1
21
22
SIM5
SIM1
SIM2
SIM3
SIM4
1
21
22
SIM5
SIM1
SIM2
SIM3
SIM4
1
21
22
SIM5
SIM1
SIM2
SIM3
SIM4
1
21
22
SIM5
SIM1
SIM2
SIM3
SIM4
1
21
22
SIM5
SIM1
SIM2
SIM3
SIM4
1
21
22
SIM5
SIM1
SIM2
SIM3
SIM4
1
21
22
SIM5
SIM1
SIM2
SIM3
SIM4
1
21
22
SIM5
SIM1
SIM2
SIM3
SIM4
1
21
22
SIM5
SIM1
SIM2
SIM3
SIM4
1
21
22
SIM5
SIM1
SIM2
SIM3
SIM4
1
21
22
SIM5
SIM1
SIM2
SIM3
SIM4
1
21
22
SIM5
SIM1
SIM2
SIM3
SIM4
1
21
22
SIM5
SIM1
SIM2
SIM3
SIM4
1
21
22
SIM5
SIM1
SIM2
SIM3
SIM4
1
21
22
SIM5
SIM1
SIM2
SIM3
SIM4
1
21
22
SIM5
SIM1
SIM2
SIM3
SIM4
1
21
22
SIM5
SIM1
SIM2
SIM3
SIM4
1
21
22
SIM5
SIM1
SIM2
SIM3
SIM4
1
21
22
SIM5
SIM1
SIM2
SIM3
SIM4
1
21
22
SIM5
SIM1
SIM2
SIM3
SIM4
1
21
22
SIM5
SIM1
SIM2
SIM3
SIM4
1
21
22
SIM5
SIM1
SIM2
SIM3
SIM4
1
21
22
SIM5
SIM1
SIM2
SIM3
SIM4
1
21
22
SIM5
SIM1
SIM2
SIM3
SIM4
1
21
22
SIM5
SIM1
SIM2
SIM3
SIM4
1
21
22
SIM5
SIM1
SIM2
SIM3
SIM4
1
21
22
SIM5
SIM1
SIM2
SIM3
SIM4
1
21
22
SIM5
SIM1
SIM2
SIM3
SIM4
1
21
22
SIM5
SIM1
SIM2
DEBUG 1 633
SIM1
SIM2
SIM3
SIM4
1
21
22
SIM5
SIM1
SIM2
SIM3
SIM4
1
21
22
SIM5
SIM1
SIM2
SIM3
SIM4
1
21
22
SIM5
SIM1
SIM2
SIM3
SIM4
1
21
22
SIM5
SIM1
SIM2
SIM3
SIM4
1
21
22
SIM5
SIM1
SIM2
SIM3
SIM4
1
21
22
SIM5
SIM1
SIM2
SIM3
SIM4
1
21
22
SIM5
SIM1
SIM2
SIM3
SIM4
1
21
22
SIM5
SIM1
SIM2
SIM3
SIM4
1
21
22
SIM5
SIM1
SIM2
SIM3
SIM4
1
21
22
SIM5
SIM1
SIM2
SIM3
SIM4
1
21
22
SIM5
SIM1
SIM2
SIM3
SIM4
1
21
22
SIM5
SIM1
SIM2
SIM3
SIM4
1
21
22
SIM5
SIM1
SIM2
SIM3
SIM4
1
21
22
SIM5
SIM1
SIM2
SIM3
SIM4
1
21
22
SIM5
SIM1
SIM2
SIM3
SIM4
1
21
22
SIM5
SIM1
SIM2
SIM3
SIM4
1
21
22
SIM5
SIM1
SIM2
SIM3
SIM4
1
21
22
SIM5
SIM1
SIM2
SIM3
SIM4
1
21
22
SIM5
SIM1
SIM2
SIM3
SIM4
1
21
22
SIM5
SIM1
SIM2
SIM3
SIM4
1
21
22
SIM5
SIM1
SIM2
SIM3
SIM4
1
21
22
SIM5
SIM1
SIM2
SIM3
SIM4
1
21
22
SIM5
SIM1
SIM2
SIM3
SIM4
1
21
22
SIM5
SIM1
SIM2
SIM3
SIM4
1
21
22
SIM5
SIM1
SIM2
SIM3
SIM4
1
21
22
SIM5
SIM1
SIM2
SIM3
SIM4
1
21
22
SIM5
SIM1
SIM2
SIM3
SIM4
1
21
22
SIM5
SIM1
SIM2
SIM3
SIM4
1
21
22
SIM5
SIM1
SIM2
SIM3
SIM4
1
21
22
SIM5
SIM1
SIM2
SIM3
SIM4
1
21
22
SIM5
SIM1
SIM2
SIM3
SIM4
1
21
22
SIM5
SIM1
SIM2
SIM3
SIM4
1
21
22
SIM5
SIM1
SIM2
SIM3
SIM4
1
21
22
SIM5
SIM1
SIM2
SIM3
SIM4
1
21
22
SIM5
SIM1
SIM2
SIM3
SIM4
1
21
22
SIM5
SIM1
SIM2
SIM3
SIM4
1
21
22
SIM5
SIM1
SIM2
SIM3
SIM4
1
21
22
SIM5
SIM1
SIM2
SIM3
SIM4
1
21
22
SIM5
SIM1
SIM2
SIM3
SIM4
1
21
22
SIM5
SIM1
SIM2
SIM3
SIM4
1
21
22
SIM5
SIM1
SIM2
SIM3
SIM4
1
21
22
SIM5
SIM1
SIM2
SIM3
SIM4
1
21
22
SIM5
SIM1
SIM2
SIM3
SIM4
1
21
22
SIM5
SIM1
SIM2
SIM3
SIM4
1
21
22
SIM5
SIM1
SIM2
SIM3
SIM4
1
21
22
SIM5
SIM1
SIM2
SIM3
SIM4
1
21
22
SIM5
SIM1
SIM2
SIM3
SIM4
1
21
22
SIM5
SIM1
SIM2
SIM3
SIM4
1
21
22
SIM5
SIM1
SIM2
SIM3
SIM4
1
21
22
SIM5
SIM1
SIM2
SIM3
SIM4
1
21
22
SIM5
SIM1
SIM2
SIM3
SIM4
1
21
22
SIM5
SIM1
SIM2
SIM3
SIM4
1
21
22
SIM5
SIM1
SIM2
SIM3
SIM4
1
21
22
SIM5
SIM1
SIM2
SIM3
SIM4
1
21
22
SIM5
SIM1
SIM2
SIM3
SIM4
1
21
22
SIM5
SIM1
SIM2
SIM3
SIM4
1
21
22
SIM5
SIM1
SIM2
SIM3
SIM4
1
21
22
SIM5
SIM1
SIM2
SIM3
SIM4
1
21
22
SIM5
SIM1
SIM2
SIM3
SIM4
1
21
22
SIM5
SIM1
SIM2
SIM3
SIM4
1
21
22
SIM5
SIM1
SIM2
SIM3
SIM4
1
21
22
SIM5
SIM1
SIM2
SIM3
SIM4
1
21
22
SIM5
SIM1
SIM2
SIM3
SIM4
1
21
22
SIM5
SIM1
SIM2
SIM3
SIM4
1
21
22
SIM5
SIM1
SIM2
SIM3
SIM4
1
21
22
SIM5
SIM1
SIM2
SIM3
SIM4
1
21
22
SIM5
SIM1
SIM2
SIM3
SIM4
1
21
22
SIM5
SIM1
SIM2
SIM3
SIM4
1
21
22
SIM5
SIM1
SIM2
SIM3
SIM4
1
21
22
SIM5
SIM1
SIM2
SIM3
SIM4
1
21
22
SIM5
SIM1
SIM2
SIM3
SIM4
1
21
22
SIM5
SIM1
SIM2
SIM3
SIM4
1
21
22
SIM5
SIM1
SIM2
SIM3
SIM4
1
21
22
SIM5
SIM1
SIM2
SIM3
SIM4
1
21
22
SIM5
SIM1
SIM2
SIM3
SIM4
1
21
22
SIM5
SIM1
SIM2
SIM3
SIM4
1
21
22
SIM5
SIM1
SIM2
SIM3
SIM4
1
21
22
SIM5
SIM1
SIM2
SIM3
SIM4
1
21
22
SIM5
SIM1
SIM2
SIM3
SIM4
1
21
22
SIM5
SIM1
SIM2
SIM3
SIM4
1
21
22
SIM5
SIM1
SIM2
SIM3
SIM4
1
21
22
SIM5
SIM1
SIM2
SIM3
SIM4
1
21
22
SIM5
SIM1
SIM2
SIM3
SIM4
1
21
22
SIM5
SIM1
SIM2
SIM3
SIM4
1
21
22
SIM5
SIM1
SIM2
SIM3
SIM4
1
21
22
SIM5
SIM1
SIM2
SIM3
SIM4
1
21
22
SIM5
SIM1
SIM2
SIM3
SIM4
1
21
22
SIM5
SIM1
SIM2
SIM3
SIM4
1
21
22
SIM5
SIM1
SIM2
SIM3
SIM4
1
21
22
SIM5
SIM1
SIM2
SIM3
SIM4
1
21
22
SIM5
SIM1
SIM2
SIM3
SIM4
1
21
22
SIM5
SIM1
SIM2
SIM3
SIM4
1
21
22
SIM5
SIM1
SIM2
SIM3
SIM4
1
21
22
SIM5
SIM1
SIM2
SIM3
SIM4
1
21
22
SIM5
SIM1
SIM2
SIM3
SIM4
1
21
22
SIM5
SIM1
SIM2
SIM3
SIM4
1
21
22
SIM5
SIM1
SIM2
SIM3
SIM4
1
21
22
SIM5
SIM1
SIM2
SIM3
SIM4
1
21
22
SIM5
SIM1
SIM2
SIM3
SIM4
1
21
22
SIM5
SIM1
SIM2
SIM3
SIM4
1
21
22
SIM5
SIM1
SIM2
SIM3
SIM4
1
21
22
SIM5
SIM1
SIM2
SIM3
SIM4
1
21
22
SIM5
SIM1
SIM2
SIM3
SIM4
1
21
22
SIM5
SIM1
SIM2
SIM3
SIM4
1
21
22
SIM5
SIM1
SIM2
SIM3
SIM4
1
21
22
SIM5
SIM1
SIM2
SIM3
SIM4
1
21
22
SIM5
SIM1
SIM2
SIM3
SIM4
1
21
22
SIM5
SIM1
SIM2
SIM3
SIM4
1
21
22
SIM5
SIM1
SIM2
SIM3
SIM4
1
21
22
SIM5
SIM1
SIM2
SIM3
SIM4
1
21
22
SIM5
SIM1
SIM2
SIM3
SIM4
1
21
22
SIM5
SIM1
SIM2
SIM3
SIM4
1
21
22
SIM5
SIM1
SIM2
SIM3
SIM4
1
21
22
SIM5
SIM1
SIM2
SIM3
SIM4
1
21
22
SIM5
SIM1
SIM2
SIM3
SIM4
1
21
22
SIM5
SIM1
SIM2
SIM3
SIM4
1
21
22
SIM5
SIM1
SIM2
SIM3
SIM4
1
21
22
SIM5
SIM1
SIM2
SIM3
SIM4
1
21
22
SIM5
SIM1
SIM2
SIM3
SIM4
1
21
22
SIM5
SIM1
SIM2
SIM3
SIM4
1
21
22
SIM5
SIM1
SIM2
SIM3
SIM4
1
21
22
SIM5
SIM1
SIM2
SIM3
SIM4
1
21
22
SIM5
SIM1
SIM2
SIM3
SIM4
1
21
22
SIM5
SIM1
SIM2
SIM3
SIM4
1
21
22
SIM5
SIM1
SIM2
SIM3
SIM4
1
21
22
SIM5
SIM1
SIM2
SIM3
SIM4
1
21
22
SIM5
SIM1
SIM2
SIM3
SIM4
1
21
22
SIM5
SIM1
SIM2
SIM3
SIM4
1
21
22
SIM5
SIM1
SIM2
SIM3
SIM4
1
21
22
SIM5
SIM1
SIM2
SIM3
SIM4
1
21
22
SIM5
SIM1
SIM2
SIM3
SIM4
1
21
22
SIM5
SIM1
SIM2
SIM3
SIM4
1
21
22
SIM5
SIM1
SIM2
SIM3
SIM4
1
21
22
SIM5
SIM1
SIM2
SIM3
SIM4
1
21
22
SIM5
SIM1
SIM2
SIM3
SIM4
1
21
22
SIM5
SIM1
SIM2
SIM3
SIM4
1
21
22
SIM5
SIM1
SIM2
SIM3
SIM4
1
21
22
SIM5
SIM1
SIM2
SIM3
SIM4
1
21
22
SIM5
SIM1
SIM2
SIM3
SIM4
1
21
22
SIM5
SIM1
SIM2
SIM3
SIM4
1
21
22
SIM5
SIM1
SIM2
SIM3
SIM4
1
21
22
SIM5
SIM1
SIM2
SIM3
SIM4
1
21
22
SIM5
SIM1
SIM2
SIM3
SIM4
1
21
22
SIM5
SIM1
SIM2
SIM3
SIM4
1
21
22
SIM5
SIM1
SIM2
SIM3
SIM4
1
21
22
SIM5
SIM1
SIM2
SIM3
SIM4
1
21
22
SIM5
SIM1
SIM2
SIM3
SIM4
1
21
22
SIM5
SIM1
SIM2
SIM3
SIM4
1
21
22
SIM5
SIM1
SIM2
SIM3
SIM4
1
21
22
SIM5
SIM1
SIM2
SIM3
SIM4
1
21
22
SIM5
SIM1
SIM2
SIM3
SIM4
1
21
22
SIM5
SIM1
SIM2
SIM3
SIM4
1
21
22
SIM5
SIM1
SIM2
SIM3
SIM4
1
21
22
SIM5
SIM1
SIM2
SIM3
SIM4
1
21
22
SIM5
SIM1
SIM2
SIM3
SIM4
1
21
22
SIM5
SIM1
SIM2
SIM3
SIM4
1
21
22
SIM5
SIM1
SIM2
SIM3
SIM4
1
21
22
SIM5
SIM1
SIM2
SIM3
SIM4
1
21
22
SIM5
SIM1
SIM2
SIM3
SIM4
1
21
22
SIM5
SIM1
SIM2
SIM3
SIM4
1
21
22
SIM5
SIM1
SIM2
SIM3
SIM4
1
21
22
SIM5
SIM1
SIM2
SIM3
SIM4
1
21
22
SIM5
SIM1
SIM2
SIM3
SIM4
1
21
22
SIM5
SIM1
SIM2
SIM3
SIM4
1
21
22
SIM5
SIM1
SIM2
SIM3
SIM4
1
21
22
SIM5
SIM1
SIM2
SIM3
SIM4
1
21
22
SIM5
SIM1
SIM2
SIM3
SIM4
1
21
22
SIM5
SIM1
SIM2
SIM3
SIM4
1
21
22
SIM5
SIM1
SIM2
SIM3
SIM4
1
21
22
SIM5
SIM1
SIM2
SIM3
SIM4
1
21
22
SIM5
SIM1
SIM2
SIM3
SIM4
1
21
22
SIM5
SIM1
SIM2
SIM3
SIM4
1
21
22
SIM5
SIM1
SIM2
SIM3
SIM4
1
21
22
SIM5
SIM1
SIM2
SIM3
SIM4
1
21
22
SIM5
SIM1
SIM2
SIM3
SIM4
1
21
22
SIM5
SIM1
SIM2
SIM3
SIM4
1
21
22
SIM5
SIM1
SIM2
SIM3
SIM4
1
21
22
SIM5
SIM1
SIM2
SIM3
SIM4
1
21
22
SIM5
SIM1
SIM2
SIM3
SIM4
1
21
22
SIM5
SIM1
SIM2
SIM3
SIM4
1
21
22
SIM5
SIM1
SIM2
SIM3
SIM4
1
21
22
SIM5
SIM1
SIM2
SIM3
SIM4
1
21
22
SIM5
SIM1
SIM2
SIM3
SIM4
1
21
22
SIM5
SIM1
SIM2
SIM3
SIM4
1
21
22
SIM5
SIM1
SIM2
SIM3
SIM4
1
21
22
SIM5
SIM1
SIM2
SIM3
SIM4
1
21
22
SIM5
SIM1
SIM2
SIM3
SIM4
1
21
22
SIM5
SIM1
SIM2
SIM3
SIM4
1
21
22
SIM5
SIM1
SIM2
SIM3
SIM4
1
21
22
SIM5
SIM1
SIM2
SIM3
SIM4
1
21
22
SIM5
SIM1
SIM2
SIM3
SIM4
1
21
22
SIM5
SIM1
SIM2
SIM3
SIM4
1
21
22
SIM5
SIM1
SIM2
SIM3
SIM4
1
21
22
SIM5
SIM1
SIM2
SIM3
SIM4
1
21
22
SIM5
SIM1
SIM2
SIM3
SIM4
1
21
22
SIM5
SIM1
SIM2
SIM3
SIM4
1
21
22
SIM5
SIM1
SIM2
SIM3
SIM4
1
21
22
SIM5
SIM1
SIM2
SIM3
SIM4
1
21
22
SIM5
SIM1
SIM2
SIM3
SIM4
1
21
22
SIM5
SIM1
SIM2
SIM3
SIM4
1
21
22
SIM5
SIM1
SIM2
SIM3
SIM4
1
21
22
SIM5
SIM1
SIM2
SIM3
SIM4
1
21
22
SIM5
SIM1
SIM2
SIM3
SIM4
1
21
22
SIM5
SIM1
SIM2
SIM3
SIM4
1
21
22
SIM5
SIM1
SIM2
SIM3
SIM4
1
21
22
SIM5
SIM1
SIM2
SIM3
SIM4
1
21
22
SIM5
SIM1
SIM2
SIM3
SIM4
1
21
22
SIM5
SIM1
SIM2
SIM3
SIM4
1
21
22
SIM5
SIM1
SIM2
SIM3
SIM4
1
21
22
SIM5
SIM1
SIM2
SIM3
SIM4
1
21
22
SIM5
SIM1
SIM2
SIM3
SIM4
1
21
22
SIM5
SIM1
SIM2
SIM3
SIM4
1
21
22
SIM5
SIM1
SIM2
DEBUG 1 634
SIM1
SIM2
SIM3
SIM4
1
21
22
SIM5
SIM1
SIM2
SIM3
SIM4
1
21
22
SIM5
SIM1
SIM2
SIM3
SIM4
1
21
22
SIM5
SIM1
SIM2
SIM3
SIM4
1
21
22
SIM5
SIM1
SIM2
SIM3
SIM4
1
21
22
SIM5
SIM1
SIM2
SIM3
SIM4
1
21
22
SIM5
SIM1
SIM2
SIM3
SIM4
1
21
22
SIM5
SIM1
SIM2
SIM3
SIM4
1
21
22
SIM5
SIM1
SIM2
SIM3
SIM4
1
21
22
SIM5
SIM1
SIM2
SIM3
SIM4
1
21
22
SIM5
SIM1
SIM2
SIM3
SIM4
1
21
22
SIM5
SIM1
SIM2
SIM3
SIM4
1
21
22
SIM5
SIM1
SIM2
SIM3
SIM4
1
21
22
SIM5
SIM1
SIM2
SIM3
SIM4
1
21
22
SIM5
SIM1
SIM2
SIM3
SIM4
1
21
22
SIM5
SIM1
SIM2
SIM3
SIM4
1
21
22
SIM5
SIM1
SIM2
SIM3
SIM4
1
21
22
SIM5
SIM1
SIM2
SIM3
SIM4
1
21
22
SIM5
SIM1
SIM2
SIM3
SIM4
1
21
22
SIM5
SIM1
SIM2
SIM3
SIM4
1
21
22
SIM5
SIM1
SIM2
SIM3
SIM4
1
21
22
SIM5
SIM1
SIM2
SIM3
SIM4
1
21
22
SIM5
SIM1
SIM2
SIM3
SIM4
1
21
22
SIM5
SIM1
SIM2
SIM3
SIM4
1
21
22
SIM5
SIM1
SIM2
SIM3
SIM4
1
21
22
SIM5
SIM1
SIM2
SIM3
SIM4
1
21
22
SIM5
SIM1
SIM2
SIM3
SIM4
1
21
22
SIM5
SIM1
SIM2
SIM3
SIM4
1
21
22
SIM5
SIM1
SIM2
SIM3
SIM4
1
21
22
SIM5
SIM1
SIM2
SIM3
SIM4
1
21
22
SIM5
SIM1
SIM2
SIM3
SIM4
1
21
22
SIM5
SIM1
SIM2
SIM3
SIM4
1
21
22
SIM5
SIM1
SIM2
SIM3
SIM4
1
21
22
SIM5
SIM1
SIM2
SIM3
SIM4
1
21
22
SIM5
SIM1
SIM2
SIM3
SIM4
1
21
22
SIM5
SIM1
SIM2
SIM3
SIM4
1
21
22
SIM5
SIM1
SIM2
SIM3
SIM4
1
21
22
SIM5
SIM1
SIM2
SIM3
SIM4
1
21
22
SIM5
SIM1
SIM2
SIM3
SIM4
1
21
22
SIM5
SIM1
SIM2
SIM3
SIM4
1
21
22
SIM5
SIM1
SIM2
SIM3
SIM4
1
21
22
SIM5
SIM1
SIM2
SIM3
SIM4
1
21
22
SIM5
SIM1
SIM2
SIM3
SIM4
1
21
22
SIM5
SIM1
SIM2
SIM3
SIM4
1
21
22
SIM5
SIM1
SIM2
SIM3
SIM4
1
21
22
SIM5
SIM1
SIM2
SIM3
SIM4
1
21
22
SIM5
SIM1
SIM2
SIM3
SIM4
1
21
22
SIM5
SIM1
SIM2
SIM3
SIM4
1
21
22
SIM5
SIM1
SIM2
SIM3
SIM4
1
21
22
SIM5
SIM1
SIM2
SIM3
SIM4
1
21
22
SIM5
SIM1
SIM2
SIM3
SIM4
1
21
22
SIM5
SIM1
SIM2
SIM3
SIM4
1
21
22
SIM5
SIM1
SIM2
SIM3
SIM4
1
21
22
SIM5
SIM1
SIM2
SIM3
SIM4
1
21
22
SIM5
SIM1
SIM2
SIM3
SIM4
1
21
22
SIM5
SIM1
SIM2
SIM3
SIM4
1
21
22
SIM5
SIM1
SIM2
SIM3
SIM4
1
21
22
SIM5
SIM1
SIM2
SIM3
SIM4
1
21
22
SIM5
SIM1
SIM2
SIM3
SIM4
1
21
22
SIM5
SIM1
SIM2
SIM3
SIM4
1
21
22
SIM5
SIM1
SIM2
SIM3
SIM4
1
21
22
SIM5
SIM1
SIM2
SIM3
SIM4
1
21
22
SIM5
SIM1
SIM2
SIM3
SIM4
1
21
22
SIM5
SIM1
SIM2
SIM3
SIM4
1
21
22
SIM5
SIM1
SIM2
SIM3
SIM4
1
21
22
SIM5
SIM1
SIM2
SIM3
SIM4
1
21
22
SIM5
SIM1
SIM2
SIM3
SIM4
1
21
22
SIM5
SIM1
SIM2
SIM3
SIM4
1
21
22
SIM5
SIM1
SIM2
SIM3
SIM4
1
21
22
SIM5
SIM1
SIM2
SIM3
SIM4
1
21
22
SIM5
SIM1
SIM2
SIM3
SIM4
1
21
22
SIM5
SIM1
SIM2
SIM3
SIM4
1
21
22
SIM5
SIM1
SIM2
SIM3
SIM4
1
21
22
SIM5
SIM1
SIM2
SIM3
SIM4
1
21
22
SIM5
SIM1
SIM2
SIM3
SIM4
1
21
22
SIM5
SIM1
SIM2
SIM3
SIM4
1
21
22
SIM5
SIM1
SIM2
SIM3
SIM4
1
21
22
SIM5
SIM1
SIM2
SIM3
SIM4
1
21
22
SIM5
SIM1
SIM2
SIM3
SIM4
1
21
22
SIM5
SIM1
SIM2
SIM3
SIM4
1
21
22
SIM5
SIM1
SIM2
SIM3
SIM4
1
21
22
SIM5
SIM1
SIM2
SIM3
SIM4
1
21
22
SIM5
SIM1
SIM2
SIM3
SIM4
1
21
22
SIM5
SIM1
SIM2
SIM3
SIM4
1
21
22
SIM5
SIM1
SIM2
SIM3
SIM4
1
21
22
SIM5
SIM1
SIM2
SIM3
SIM4
1
21
22
SIM5
SIM1
SIM2
SIM3
SIM4
1
21
22
SIM5
SIM1
SIM2
SIM3
SIM4
1
21
22
SIM5
SIM1
SIM2
SIM3
SIM4
1
21
22
SIM5
SIM1
SIM2
SIM3
SIM4
1
21
22
SIM5
SIM1
SIM2
SIM3
SIM4
1
21
22
SIM5
SIM1
SIM2
SIM3
SIM4
1
21
22
SIM5
SIM1
SIM2
SIM3
SIM4
1
21
22
SIM5
SIM1
SIM2
SIM3
SIM4
1
21
22
SIM5
SIM1
SIM2
SIM3
SIM4
1
21
22
SIM5
SIM1
SIM2
SIM3
SIM4
1
21
22
SIM5
SIM1
SIM2
SIM3
SIM4
1
21
22
SIM5
SIM1
SIM2
SIM3
SIM4
1
21
22
SIM5
SIM1
SIM2
SIM3
SIM4
1
21
22
SIM5
SIM1
SIM2
SIM3
SIM4
1
21
22
SIM5
SIM1
SIM2
SIM3
SIM4
1
21
22
SIM5
SIM1
SIM2
SIM3
SIM4
1
21
22
SIM5
SIM1
SIM2
SIM3
SIM4
1
21
22
SIM5
SIM1
SIM2
SIM3
SIM4
1
21
22
SIM5
SIM1
SIM2
SIM3
SIM4
1
21
22
SIM5
SIM1
SIM2
SIM3
SIM4
1
21
22
SIM5
SIM1
SIM2
SIM3
SIM4
1
21
22
SIM5
SIM1
SIM2
SIM3
SIM4
1
21
22
SIM5
SIM1
SIM2
SIM3
SIM4
1
21
22
SIM5
SIM1
SIM2
SIM3
SIM4
1
21
22
SIM5
SIM1
SIM2
SIM3
SIM4
1
21
22
SIM5
SIM1
SIM2
SIM3
SIM4
1
21
22
SIM5
SIM1
SIM2
SIM3
SIM4
1
21
22
SIM5
SIM1
SIM2
SIM3
SIM4
1
21
22
SIM5
SIM1
SIM2
SIM3
SIM4
1
21
22
SIM5
SIM1
SIM2
SIM3
SIM4
1
21
22
SIM5
SIM1
SIM2
SIM3
SIM4
1
21
22
SIM5
SIM1
SIM2
SIM3
SIM4
1
21
22
SIM5
SIM1
SIM2
SIM3
SIM4
1
21
22
SIM5
SIM1
SIM2
SIM3
SIM4
1
21
22
SIM5
SIM1
SIM2
SIM3
SIM4
1
21
22
SIM5
SIM1
SIM2
SIM3
SIM4
1
21
22
SIM5
SIM1
SIM2
SIM3
SIM4
1
21
22
SIM5
SIM1
SIM2
SIM3
SIM4
1
21
22
SIM5
SIM1
SIM2
SIM3
SIM4
1
21
22
SIM5
SIM1
SIM2
SIM3
SIM4
1
21
22
SIM5
SIM1
SIM2
SIM3
SIM4
1
21
22
SIM5
SIM1
SIM2
SIM3
SIM4
1
21
22
SIM5
SIM1
SIM2
SIM3
SIM4
1
21
22
SIM5
SIM1
SIM2
SIM3
SIM4
1
21
22
SIM5
SIM1
SIM2
SIM3
SIM4
1
21
22
SIM5
SIM1
SIM2
SIM3
SIM4
1
21
22
SIM5
SIM1
SIM2
SIM3
SIM4
1
21
22
SIM5
SIM1
SIM2
SIM3
SIM4
1
21
22
SIM5
SIM1
SIM2
SIM3
SIM4
1
21
22
SIM5
SIM1
SIM2
SIM3
SIM4
1
21
22
SIM5
SIM1
SIM2
SIM3
SIM4
1
21
22
SIM5
SIM1
SIM2
SIM3
SIM4
1
21
22
SIM5
SIM1
SIM2
SIM3
SIM4
1
21
22
SIM5
SIM1
SIM2
SIM3
SIM4
1
21
22
SIM5
SIM1
SIM2
SIM3
SIM4
1
21
22
SIM5
SIM1
SIM2
SIM3
SIM4
1
21
22
SIM5
SIM1
SIM2
SIM3
SIM4
1
21
22
SIM5
SIM1
SIM2
SIM3
SIM4
1
21
22
SIM5
SIM1
SIM2
SIM3
SIM4
1
21
22
SIM5
SIM1
SIM2
SIM3
SIM4
1
21
22
SIM5
SIM1
SIM2
SIM3
SIM4
1
21
22
SIM5
SIM1
SIM2
SIM3
SIM4
1
21
22
SIM5
SIM1
SIM2
SIM3
SIM4
1
21
22
SIM5
SIM1
SIM2
SIM3
SIM4
1
21
22
SIM5
SIM1
SIM2
SIM3
SIM4
1
21
22
SIM5
SIM1
SIM2
SIM3
SIM4
1
21
22
SIM5
SIM1
SIM2
SIM3
SIM4
1
21
22
SIM5
SIM1
SIM2
SIM3
SIM4
1
21
22
SIM5
SIM1
SIM2
SIM3
SIM4
1
21
22
SIM5
SIM1
SIM2
SIM3
SIM4
1
21
22
SIM5
SIM1
SIM2
SIM3
SIM4
1
21
22
SIM5
SIM1
SIM2
SIM3
SIM4
1
21
22
SIM5
SIM1
SIM2
SIM3
SIM4
1
21
22
SIM5
SIM1
SIM2
SIM3
SIM4
1
21
22
SIM5
SIM1
SIM2
SIM3
SIM4
1
21
22
SIM5
SIM1
SIM2
SIM3
SIM4
1
21
22
SIM5
SIM1
SIM2
SIM3
SIM4
1
21
22
SIM5
SIM1
SIM2
SIM3
SIM4
1
21
22
SIM5
SIM1
SIM2
SIM3
SIM4
1
21
22
SIM5
SIM1
SIM2
SIM3
SIM4
1
21
22
SIM5
SIM1
SIM2
SIM3
SIM4
1
21
22
SIM5
SIM1
SIM2
SIM3
SIM4
1
21
22
SIM5
SIM1
SIM2
SIM3
SIM4
1
21
22
SIM5
SIM1
SIM2
SIM3
SIM4
1
21
22
SIM5
SIM1
SIM2
SIM3
SIM4
1
21
22
SIM5
SIM1
SIM2
SIM3
SIM4
1
21
22
SIM5
SIM1
SIM2
SIM3
SIM4
1
21
22
SIM5
SIM1
SIM2
SIM3
SIM4
1
21
22
SIM5
SIM1
SIM2
SIM3
SIM4
1
21
22
SIM5
SIM1
SIM2
SIM3
SIM4
1
21
22
SIM5
SIM1
SIM2
SIM3
SIM4
1
21
22
SIM5
SIM1
SIM2
SIM3
SIM4
1
21
22
SIM5
SIM1
SIM2
SIM3
SIM4
1
21
22
SIM5
SIM1
SIM2
SIM3
SIM4
1
21
22
SIM5
SIM1
SIM2
SIM3
SIM4
1
21
22
SIM5
SIM1
SIM2
SIM3
SIM4
1
21
22
SIM5
SIM1
SIM2
SIM3
SIM4
1
21
22
SIM5
SIM1
SIM2
SIM3
SIM4
1
21
22
SIM5
SIM1
SIM2
SIM3
SIM4
1
21
22
SIM5
SIM1
SIM2
SIM3
SIM4
1
21
22
SIM5
SIM1
SIM2
SIM3
SIM4
1
21
22
SIM5
SIM1
SIM2
SIM3
SIM4
1
21
22
SIM5
SIM1
SIM2
SIM3
SIM4
1
21
22
SIM5
SIM1
SIM2
SIM3
SIM4
1
21
22
SIM5
SIM1
SIM2
SIM3
SIM4
1
21
22
SIM5
SIM1
SIM2
SIM3
SIM4
1
21
22
SIM5
SIM1
SIM2
SIM3
SIM4
1
21
22
SIM5
SIM1
SIM2
SIM3
SIM4
1
21
22
SIM5
SIM1
SIM2
SIM3
SIM4
1
21
22
SIM5
SIM1
SIM2
SIM3
SIM4
1
21
22
SIM5
SIM1
SIM2
DEBUG 1 635
SIM1
SIM2
SIM3
SIM4
1
21
22
SIM5
SIM1
SIM2
SIM3
SIM4
1
21
22
SIM5
SIM1
SIM2
SIM3
SIM4
1
21
22
SIM5
SIM1
SIM2
SIM3
SIM4
1
21
22
SIM5
SIM1
SIM2
SIM3
SIM4
1
21
22
SIM5
SIM1
SIM2
SIM3
SIM4
1
21
22
SIM5
SIM1
SIM2
SIM3
SIM4
1
21
22
SIM5
SIM1
SIM2
SIM3
SIM4
1
21
22
SIM5
SIM1
SIM2
SIM3
SIM4
1
21
22
SIM5
SIM1
SIM2
SIM3
SIM4
1
21
22
SIM5
SIM1
SIM2
SIM3
SIM4
1
21
22
SIM5
SIM1
SIM2
SIM3
SIM4
1
21
22
SIM5
SIM1
SIM2
SIM3
SIM4
1
21
22
SIM5
SIM1
SIM2
SIM3
SIM4
1
21
22
SIM5
SIM1
SIM2
SIM3
SIM4
1
21
22
SIM5
SIM1
SIM2
SIM3
SIM4
1
21
22
SIM5
SIM1
SIM2
SIM3
SIM4
1
21
22
SIM5
SIM1
SIM2
SIM3
SIM4
1
21
22
SIM5
SIM1
SIM2
SIM3
SIM4
1
21
22
SIM5
SIM1
SIM2
SIM3
SIM4
1
21
22
SIM5
SIM1
SIM2
SIM3
SIM4
1
21
22
SIM5
SIM1
SIM2
SIM3
SIM4
1
21
22
SIM5
SIM1
SIM2
SIM3
SIM4
1
21
22
SIM5
SIM1
SIM2
SIM3
SIM4
1
21
22
SIM5
SIM1
SIM2
SIM3
SIM4
1
21
22
SIM5
SIM1
SIM2
SIM3
SIM4
1
21
22
SIM5
SIM1
SIM2
SIM3
SIM4
1
21
22
SIM5
SIM1
SIM2
SIM3
SIM4
1
21
22
SIM5
SIM1
SIM2
SIM3
SIM4
1
21
22
SIM5
SIM1
SIM2
SIM3
SIM4
1
21
22
SIM5
SIM1
SIM2
SIM3
SIM4
1
21
22
SIM5
SIM1
SIM2
SIM3
SIM4
1
21
22
SIM5
SIM1
SIM2
SIM3
SIM4
1
21
22
SIM5
SIM1
SIM2
SIM3
SIM4
1
21
22
SIM5
SIM1
SIM2
SIM3
SIM4
1
21
22
SIM5
SIM1
SIM2
SIM3
SIM4
1
21
22
SIM5
SIM1
SIM2
SIM3
SIM4
1
21
22
SIM5
SIM1
SIM2
SIM3
SIM4
1
21
22
SIM5
SIM1
SIM2
SIM3
SIM4
1
21
22
SIM5
SIM1
SIM2
SIM3
SIM4
1
21
22
SIM5
SIM1
SIM2
SIM3
SIM4
1
21
22
SIM5
SIM1
SIM2
SIM3
SIM4
1
21
22
SIM5
SIM1
SIM2
SIM3
SIM4
1
21
22
SIM5
SIM1
SIM2
SIM3
SIM4
1
21
22
SIM5
SIM1
SIM2
SIM3
SIM4
1
21
22
SIM5
SIM1
SIM2
SIM3
SIM4
1
21
22
SIM5
SIM1
SIM2
SIM3
SIM4
1
21
22
SIM5
SIM1
SIM2
SIM3
SIM4
1
21
22
SIM5
SIM1
SIM2
SIM3
SIM4
1
21
22
SIM5
SIM1
SIM2
SIM3
SIM4
1
21
22
SIM5
SIM1
SIM2
SIM3
SIM4
1
21
22
SIM5
SIM1
SIM2
SIM3
SIM4
1
21
22
SIM5
SIM1
SIM2
SIM3
SIM4
1
21
22
SIM5
SIM1
SIM2
SIM3
SIM4
1
21
22
SIM5
SIM1
SIM2
SIM3
SIM4
1
21
22
SIM5
SIM1
SIM2
SIM3
SIM4
1
21
22
SIM5
SIM1
SIM2
SIM3
SIM4
1
21
22
SIM5
SIM1
SIM2
SIM3
SIM4
1
21
22
SIM5
SIM1
SIM2
SIM3
SIM4
1
21
22
SIM5
SIM1
SIM2
SIM3
SIM4
1
21
22
SIM5
SIM1
SIM2
SIM3
SIM4
1
21
22
SIM5
SIM1
SIM2
SIM3
SIM4
1
21
22
SIM5
SIM1
SIM2
SIM3
SIM4
1
21
22
SIM5
SIM1
SIM2
SIM3
SIM4
1
21
22
SIM5
SIM1
SIM2
SIM3
SIM4
1
21
22
SIM5
SIM1
SIM2
SIM3
SIM4
1
21
22
SIM5
SIM1
SIM2
SIM3
SIM4
1
21
22
SIM5
SIM1
SIM2
SIM3
SIM4
1
21
22
SIM5
SIM1
SIM2
SIM3
SIM4
1
21
22
SIM5
SIM1
SIM2
SIM3
SIM4
1
21
22
SIM5
SIM1
SIM2
SIM3
SIM4
1
21
22
SIM5
SIM1
SIM2
SIM3
SIM4
1
21
22
SIM5
SIM1
SIM2
SIM3
SIM4
1
21
22
SIM5
SIM1
SIM2
SIM3
SIM4
1
21
22
SIM5
SIM1
SIM2
SIM3
SIM4
1
21
22
SIM5
SIM1
SIM2
SIM3
SIM4
1
21
22
SIM5
SIM1
SIM2
SIM3
SIM4
1
21
22
SIM5
SIM1
SIM2
SIM3
SIM4
1
21
22
SIM5
SIM1
SIM2
SIM3
SIM4
1
21
22
SIM5
SIM1
SIM2
SIM3
SIM4
1
21
22
SIM5
SIM1
SIM2
SIM3
SIM4
1
21
22
SIM5
SIM1
SIM2
SIM3
SIM4
1
21
22
SIM5
SIM1
SIM2
SIM3
SIM4
1
21
22
SIM5
SIM1
SIM2
SIM3
SIM4
1
21
22
SIM5
SIM1
SIM2
SIM3
SIM4
1
21
22
SIM5
SIM1
SIM2
SIM3
SIM4
1
21
22
SIM5
SIM1
SIM2
SIM3
SIM4
1
21
22
SIM5
SIM1
SIM2
SIM3
SIM4
1
21
22
SIM5
SIM1
SIM2
SIM3
SIM4
1
21
22
SIM5
SIM1
SIM2
SIM3
SIM4
1
21
22
SIM5
SIM1
SIM2
SIM3
SIM4
1
21
22
SIM5
SIM1
SIM2
SIM3
SIM4
1
21
22
SIM5
SIM1
SIM2
SIM3
SIM4
1
21
22
SIM5
SIM1
SIM2
SIM3
SIM4
1
21
22
SIM5
SIM1
SIM2
SIM3
SIM4
1
21
22
SIM5
SIM1
SIM2
SIM3
SIM4
1
21
22
SIM5
SIM1
SIM2
SIM3
SIM4
1
21
22
SIM5
SIM1
SIM2
SIM3
SIM4
1
21
22
SIM5
SIM1
SIM2
SIM3
SIM4
1
21
22
SIM5
SIM1
SIM2
SIM3
SIM4
1
21
22
SIM5
SIM1
SIM2
SIM3
SIM4
1
21
22
SIM5
SIM1
SIM2
SIM3
SIM4
1
21
22
SIM5
SIM1
SIM2
SIM3
SIM4
1
21
22
SIM5
SIM1
SIM2
SIM3
SIM4
1
21
22
SIM5
SIM1
SIM2
SIM3
SIM4
1
21
22
SIM5
SIM1
SIM2
SIM3
SIM4
1
21
22
SIM5
SIM1
SIM2
SIM3
SIM4
1
21
22
SIM5
SIM1
SIM2
SIM3
SIM4
1
21
22
SIM5
SIM1
SIM2
SIM3
SIM4
1
21
22
SIM5
SIM1
SIM2
SIM3
SIM4
1
21
22
SIM5
SIM1
SIM2
SIM3
SIM4
1
21
22
SIM5
SIM1
SIM2
SIM3
SIM4
1
21
22
SIM5
SIM1
SIM2
SIM3
SIM4
1
21
22
SIM5
SIM1
SIM2
SIM3
SIM4
1
21
22
SIM5
SIM1
SIM2
SIM3
SIM4
1
21
22
SIM5
SIM1
SIM2
SIM3
SIM4
1
21
22
SIM5
SIM1
SIM2
SIM3
SIM4
1
21
22
SIM5
SIM1
SIM2
SIM3
SIM4
1
21
22
SIM5
SIM1
SIM2
SIM3
SIM4
1
21
22
SIM5
SIM1
SIM2
SIM3
SIM4
1
21
22
SIM5
SIM1
SIM2
SIM3
SIM4
1
21
22
SIM5
SIM1
SIM2
SIM3
SIM4
1
21
22
SIM5
SIM1
SIM2
SIM3
SIM4
1
21
22
SIM5
SIM1
SIM2
SIM3
SIM4
1
21
22
SIM5
SIM1
SIM2
SIM3
SIM4
1
21
22
SIM5
SIM1
SIM2
SIM3
SIM4
1
21
22
SIM5
SIM1
SIM2
SIM3
SIM4
1
21
22
SIM5
SIM1
SIM2
SIM3
SIM4
1
21
22
SIM5
SIM1
SIM2
SIM3
SIM4
1
21
22
SIM5
SIM1
SIM2
SIM3
SIM4
1
21
22
SIM5
SIM1
SIM2
SIM3
SIM4
1
21
22
SIM5
SIM1
SIM2
SIM3
SIM4
1
21
22
SIM5
SIM1
SIM2
SIM3
SIM4
1
21
22
SIM5
SIM1
SIM2
SIM3
SIM4
1
21
22
SIM5
SIM1
SIM2
SIM3
SIM4
1
21
22
SIM5
SIM1
SIM2
SIM3
SIM4
1
21
22
SIM5
SIM1
SIM2
SIM3
SIM4
1
21
22
SIM5
SIM1
SIM2
SIM3
SIM4
1
21
22
SIM5
SIM1
SIM2
SIM3
SIM4
1
21
22
SIM5
SIM1
SIM2
SIM3
SIM4
1
21
22
SIM5
SIM1
SIM2
SIM3
SIM4
1
21
22
SIM5
SIM1
SIM2
SIM3
SIM4
1
21
22
SIM5
SIM1
SIM2
SIM3
SIM4
1
21
22
SIM5
SIM1
SIM2
SIM3
SIM4
1
21
22
SIM5
SIM1
SIM2
SIM3
SIM4
1
21
22
SIM5
SIM1
SIM2
SIM3
SIM4
1
21
22
SIM5
SIM1
SIM2
SIM3
SIM4
1
21
22
SIM5
SIM1
SIM2
SIM3
SIM4
1
21
22
SIM5
SIM1
SIM2
SIM3
SIM4
1
21
22
SIM5
SIM1
SIM2
SIM3
SIM4
1
21
22
SIM5
SIM1
SIM2
DEBUG 1 636
SIM1
SIM2
SIM3
SIM4
1
21
22
SIM5
SIM1
SIM2
SIM3
SIM4
1
21
22
SIM5
SIM1
SIM2
SIM3
SIM4
1
21
22
SIM5
SIM1
SIM2
SIM3
SIM4
1
21
22
SIM5
SIM1
SIM2
SIM3
SIM4
1
21
22
SIM5
SIM1
SIM2
SIM3
SIM4
1
21
22
SIM5
SIM1
SIM2
SIM3
SIM4
1
21
22
SIM5
SIM1
SIM2
SIM3
SIM4
1
21
22
SIM5
SIM1
SIM2
SIM3
SIM4
1
21
22
SIM5
SIM1
SIM2
SIM3
SIM4
1
21
22
SIM5
SIM1
SIM2
SIM3
SIM4
1
21
22
SIM5
SIM1
SIM2
SIM3
SIM4
1
21
22
SIM5
SIM1
SIM2
SIM3
SIM4
1
21
22
SIM5
SIM1
SIM2
SIM3
SIM4
1
21
22
SIM5
SIM1
SIM2
SIM3
SIM4
1
21
22
SIM5
SIM1
SIM2
SIM3
SIM4
1
21
22
SIM5
SIM1
SIM2
SIM3
SIM4
1
21
22
SIM5
SIM1
SIM2
SIM3
SIM4
1
21
22
SIM5
SIM1
SIM2
SIM3
SIM4
1
21
22
SIM5
SIM1
SIM2
SIM3
SIM4
1
21
22
SIM5
SIM1
SIM2
SIM3
SIM4
1
21
22
SIM5
SIM1
SIM2
SIM3
SIM4
1
21
22
SIM5
SIM1
SIM2
SIM3
SIM4
1
21
22
SIM5
SIM1
SIM2
SIM3
SIM4
1
21
22
SIM5
SIM1
SIM2
SIM3
SIM4
1
21
22
SIM5
SIM1
SIM2
SIM3
SIM4
1
21
22
SIM5
SIM1
SIM2
SIM3
SIM4
1
21
22
SIM5
SIM1
SIM2
SIM3
SIM4
1
21
22
SIM5
SIM1
SIM2
SIM3
SIM4
1
21
22
SIM5
SIM1
SIM2
SIM3
SIM4
1
21
22
SIM5
SIM1
SIM2
SIM3
SIM4
1
21
22
SIM5
SIM1
SIM2
SIM3
SIM4
1
21
22
SIM5
SIM1
SIM2
SIM3
SIM4
1
21
22
SIM5
SIM1
SIM2
SIM3
SIM4
1
21
22
SIM5
SIM1
SIM2
SIM3
SIM4
1
21
22
SIM5
SIM1
SIM2
SIM3
SIM4
1
21
22
SIM5
SIM1
SIM2
SIM3
SIM4
1
21
22
SIM5
SIM1
SIM2
SIM3
SIM4
1
21
22
SIM5
SIM1
SIM2
SIM3
SIM4
1
21
22
SIM5
SIM1
SIM2
SIM3
SIM4
1
21
22
SIM5
SIM1
SIM2
SIM3
SIM4
1
21
22
SIM5
SIM1
SIM2
SIM3
SIM4
1
21
22
SIM5
SIM1
SIM2
SIM3
SIM4
1
21
22
SIM5
SIM1
SIM2
SIM3
SIM4
1
21
22
SIM5
SIM1
SIM2
SIM3
SIM4
1
21
22
SIM5
SIM1
SIM2
SIM3
SIM4
1
21
22
SIM5
SIM1
SIM2
SIM3
SIM4
1
21
22
SIM5
SIM1
SIM2
SIM3
SIM4
1
21
22
SIM5
SIM1
SIM2
SIM3
SIM4
1
21
22
SIM5
SIM1
SIM2
SIM3
SIM4
1
21
22
SIM5
SIM1
SIM2
SIM3
SIM4
1
21
22
SIM5
SIM1
SIM2
SIM3
SIM4
1
21
22
SIM5
SIM1
SIM2
SIM3
SIM4
1
21
22
SIM5
SIM1
SIM2
SIM3
SIM4
1
21
22
SIM5
SIM1
SIM2
SIM3
SIM4
1
21
22
SIM5
SIM1
SIM2
SIM3
SIM4
1
21
22
SIM5
SIM1
SIM2
SIM3
SIM4
1
21
22
SIM5
SIM1
SIM2
SIM3
SIM4
1
21
22
SIM5
SIM1
SIM2
SIM3
SIM4
1
21
22
SIM5
SIM1
SIM2
SIM3
SIM4
1
21
22
SIM5
SIM1
SIM2
SIM3
SIM4
1
21
22
SIM5
SIM1
SIM2
SIM3
SIM4
1
21
22
SIM5
SIM1
SIM2
SIM3
SIM4
1
21
22
SIM5
SIM1
SIM2
SIM3
SIM4
1
21
22
SIM5
SIM1
SIM2
SIM3
SIM4
1
21
22
SIM5
SIM1
SIM2
SIM3
SIM4
1
21
22
SIM5
SIM1
SIM2
SIM3
SIM4
1
21
22
SIM5
SIM1
SIM2
SIM3
SIM4
1
21
22
SIM5
SIM1
SIM2
SIM3
SIM4
1
21
22
SIM5
SIM1
SIM2
SIM3
SIM4
1
21
22
SIM5
SIM1
SIM2
SIM3
SIM4
1
21
22
SIM5
SIM1
SIM2
SIM3
SIM4
1
21
22
SIM5
SIM1
SIM2
SIM3
SIM4
1
21
22
SIM5
SIM1
SIM2
SIM3
SIM4
1
21
22
SIM5
SIM1
SIM2
SIM3
SIM4
1
21
22
SIM5
SIM1
SIM2
SIM3
SIM4
1
21
22
SIM5
SIM1
SIM2
SIM3
SIM4
1
21
22
SIM5
SIM1
SIM2
SIM3
SIM4
1
21
22
SIM5
SIM1
SIM2
SIM3
SIM4
1
21
22
SIM5
SIM1
SIM2
SIM3
SIM4
1
21
22
SIM5
SIM1
SIM2
SIM3
SIM4
1
21
22
SIM5
SIM1
SIM2
SIM3
SIM4
1
21
22
SIM5
SIM1
SIM2
SIM3
SIM4
1
21
22
SIM5
SIM1
SIM2
SIM3
SIM4
1
21
22
SIM5
SIM1
SIM2
SIM3
SIM4
1
21
22
SIM5
SIM1
SIM2
SIM3
SIM4
1
21
22
SIM5
SIM1
SIM2
SIM3
SIM4
1
21
22
SIM5
SIM1
SIM2
SIM3
SIM4
1
21
22
SIM5
SIM1
SIM2
SIM3
SIM4
1
21
22
SIM5
SIM1
SIM2
SIM3
SIM4
1
21
22
SIM5
SIM1
SIM2
SIM3
SIM4
1
21
22
SIM5
SIM1
SIM2
SIM3
SIM4
1
21
22
SIM5
SIM1
SIM2
SIM3
SIM4
1
21
22
SIM5
SIM1
SIM2
SIM3
SIM4
1
21
22
SIM5
SIM1
SIM2
SIM3
SIM4
1
21
22
SIM5
SIM1
SIM2
SIM3
SIM4
1
21
22
SIM5
SIM1
SIM2
SIM3
SIM4
1
21
22
SIM5
SIM1
SIM2
SIM3
SIM4
1
21
22
SIM5
SIM1
SIM2
SIM3
SIM4
1
21
22
SIM5
SIM1
SIM2
SIM3
SIM4
1
21
22
SIM5
SIM1
SIM2
SIM3
SIM4
1
21
22
SIM5
SIM1
SIM2
SIM3
SIM4
1
21
22
SIM5
SIM1
SIM2
SIM3
SIM4
1
21
22
SIM5
SIM1
SIM2
SIM3
SIM4
1
21
22
SIM5
SIM1
SIM2
SIM3
SIM4
1
21
22
SIM5
SIM1
SIM2
SIM3
SIM4
1
21
22
SIM5
SIM1
SIM2
SIM3
SIM4
1
21
22
SIM5
SIM1
SIM2
SIM3
SIM4
1
21
22
SIM5
SIM1
SIM2
SIM3
SIM4
1
21
22
SIM5
SIM1
SIM2
SIM3
SIM4
1
21
22
SIM5
SIM1
SIM2
SIM3
SIM4
1
21
22
SIM5
SIM1
SIM2
SIM3
SIM4
1
21
22
SIM5
SIM1
SIM2
SIM3
SIM4
1
21
22
SIM5
SIM1
SIM2
SIM3
SIM4
1
21
22
SIM5
SIM1
SIM2
SIM3
SIM4
1
21
22
SIM5
SIM1
SIM2
SIM3
SIM4
1
21
22
SIM5
SIM1
SIM2
SIM3
SIM4
1
21
22
SIM5
SIM1
SIM2
SIM3
SIM4
1
21
22
SIM5
SIM1
SIM2
SIM3
SIM4
1
21
22
SIM5
SIM1
SIM2
SIM3
SIM4
1
21
22
SIM5
SIM1
SIM2
SIM3
SIM4
1
21
22
SIM5
SIM1
SIM2
SIM3
SIM4
1
21
22
SIM5
SIM1
SIM2
SIM3
SIM4
1
21
22
SIM5
SIM1
SIM2
SIM3
SIM4
1
21
22
SIM5
SIM1
SIM2
SIM3
SIM4
1
21
22
SIM5
SIM1
SIM2
SIM3
SIM4
1
21
22
SIM5
SIM1
SIM2
SIM3
SIM4
1
21
22
SIM5
SIM1
SIM2
SIM3
SIM4
1
21
22
SIM5
SIM1
SIM2
SIM3
SIM4
1
21
22
SIM5
SIM1
SIM2
SIM3
SIM4
1
21
22
SIM5
SIM1
SIM2
SIM3
SIM4
1
21
22
SIM5
SIM1
SIM2
SIM3
SIM4
1
21
22
SIM5
SIM1
SIM2
SIM3
SIM4
1
21
22
SIM5
SIM1
SIM2
SIM3
SIM4
1
21
22
SIM5
SIM1
SIM2
SIM3
SIM4
1
21
22
SIM5
SIM1
SIM2
SIM3
SIM4
1
21
22
SIM5
SIM1
SIM2
SIM3
SIM4
1
21
22
SIM5
SIM1
SIM2
SIM3
SIM4
1
21
22
SIM5
SIM1
SIM2
SIM3
SIM4
1
21
22
SIM5
SIM1
SIM2
SIM3
SIM4
1
21
22
SIM5
SIM1
SIM2
SIM3
SIM4
1
21
22
SIM5
SIM1
SIM2
SIM3
SIM4
1
21
22
SIM5
SIM1
SIM2
SIM3
SIM4
1
21
22
SIM5
SIM1
SIM2
SIM3
SIM4
1
21
22
SIM5
SIM1
SIM2
SIM3
SIM4
1
21
22
SIM5
SIM1
SIM2
SIM3
SIM4
1
21
22
SIM5
SIM1
SIM2
SIM3
SIM4
1
21
22
SIM5
SIM1
SIM2
SIM3
SIM4
1
21
22
SIM5
SIM1
SIM2
SIM3
SIM4
1
21
22
SIM5
SIM1
SIM2
SIM3
SIM4
1
21
22
SIM5
SIM1
SIM2
SIM3
SIM4
1
21
22
SIM5
SIM1
SIM2
SIM3
SIM4
1
21
22
SIM5
SIM1
SIM2
SIM3
SIM4
1
21
22
SIM5
SIM1
SIM2
SIM3
SIM4
1
21
22
SIM5
SIM1
SIM2
SIM3
SIM4
1
21
22
SIM5
SIM1
SIM2
SIM3
SIM4
1
21
22
SIM5
SIM1
SIM2
SIM3
SIM4
1
21
22
SIM5
SIM1
SIM2
SIM3
SIM4
1
21
22
SIM5
SIM1
SIM2
SIM3
SIM4
1
21
22
SIM5
SIM1
SIM2
SIM3
SIM4
1
21
22
SIM5
SIM1
SIM2
SIM3
SIM4
1
21
22
SIM5
SIM1
SIM2
SIM3
SIM4
1
21
22
SIM5
SIM1
SIM2
SIM3
SIM4
1
21
22
SIM5
SIM1
SIM2
SIM3
SIM4
1
21
22
SIM5
SIM1
SIM2
SIM3
SIM4
1
21
22
SIM5
SIM1
SIM2
SIM3
SIM4
1
21
22
SIM5
SIM1
SIM2
SIM3
SIM4
1
21
22
SIM5
SIM1
SIM2
SIM3
SIM4
1
21
22
SIM5
SIM1
SIM2
SIM3
SIM4
1
21
22
SIM5
SIM1
SIM2
SIM3
SIM4
1
21
22
SIM5
SIM1
SIM2
SIM3
SIM4
1
21
22
SIM5
SIM1
SIM2
SIM3
SIM4
1
21
22
SIM5
SIM1
SIM2
SIM3
SIM4
1
21
22
SIM5
SIM1
SIM2
SIM3
SIM4
1
21
22
SIM5
SIM1
SIM2
SIM3
SIM4
1
21
22
SIM5
SIM1
SIM2
SIM3
SIM4
1
21
22
SIM5
SIM1
SIM2
SIM3
SIM4
1
21
22
SIM5
SIM1
SIM2
SIM3
SIM4
1
21
22
SIM5
SIM1
SIM2
SIM3
SIM4
1
21
22
SIM5
SIM1
SIM2
SIM3
SIM4
1
21
22
SIM5
SIM1
SIM2
SIM3
SIM4
1
21
22
SIM5
SIM1
SIM2
SIM3
SIM4
1
21
22
SIM5
SIM1
SIM2
SIM3
SIM4
1
21
22
SIM5
SIM1
SIM2
DEBUG 1 637
SIM1
SIM2
SIM3
SIM4
1
21
22
SIM5
SIM1
SIM2
SIM3
SIM4
1
21
22
SIM5
SIM1
SIM2
SIM3
SIM4
1
21
22
SIM5
SIM1
SIM2
SIM3
SIM4
1
21
22
SIM5
SIM1
SIM2
SIM3
SIM4
1
21
22
SIM5
SIM1
SIM2
SIM3
SIM4
1
21
22
SIM5
SIM1
SIM2
SIM3
SIM4
1
21
22
SIM5
SIM1
SIM2
SIM3
SIM4
1
21
22
SIM5
SIM1
SIM2
SIM3
SIM4
1
21
22
SIM5
SIM1
SIM2
SIM3
SIM4
1
21
22
SIM5
SIM1
SIM2
SIM3
SIM4
1
21
22
SIM5
SIM1
SIM2
SIM3
SIM4
1
21
22
SIM5
SIM1
SIM2
SIM3
SIM4
1
21
22
SIM5
SIM1
SIM2
SIM3
SIM4
1
21
22
SIM5
SIM1
SIM2
SIM3
SIM4
1
21
22
SIM5
SIM1
SIM2
SIM3
SIM4
1
21
22
SIM5
SIM1
SIM2
SIM3
SIM4
1
21
22
SIM5
SIM1
SIM2
SIM3
SIM4
1
21
22
SIM5
SIM1
SIM2
SIM3
SIM4
1
21
22
SIM5
SIM1
SIM2
SIM3
SIM4
1
21
22
SIM5
SIM1
SIM2
SIM3
SIM4
1
21
22
SIM5
SIM1
SIM2
SIM3
SIM4
1
21
22
SIM5
SIM1
SIM2
SIM3
SIM4
1
21
22
SIM5
SIM1
SIM2
SIM3
SIM4
1
21
22
SIM5
SIM1
SIM2
SIM3
SIM4
1
21
22
SIM5
SIM1
SIM2
SIM3
SIM4
1
21
22
SIM5
SIM1
SIM2
SIM3
SIM4
1
21
22
SIM5
SIM1
SIM2
SIM3
SIM4
1
21
22
SIM5
SIM1
SIM2
SIM3
SIM4
1
21
22
SIM5
SIM1
SIM2
SIM3
SIM4
1
21
22
SIM5
SIM1
SIM2
SIM3
SIM4
1
21
22
SIM5
SIM1
SIM2
SIM3
SIM4
1
21
22
SIM5
SIM1
SIM2
SIM3
SIM4
1
21
22
SIM5
SIM1
SIM2
SIM3
SIM4
1
21
22
SIM5
SIM1
SIM2
SIM3
SIM4
1
21
22
SIM5
SIM1
SIM2
SIM3
SIM4
1
21
22
SIM5
SIM1
SIM2
SIM3
SIM4
1
21
22
SIM5
SIM1
SIM2
SIM3
SIM4
1
21
22
SIM5
SIM1
SIM2
SIM3
SIM4
1
21
22
SIM5
SIM1
SIM2
SIM3
SIM4
1
21
22
SIM5
SIM1
SIM2
SIM3
SIM4
1
21
22
SIM5
SIM1
SIM2
SIM3
SIM4
1
21
22
SIM5
SIM1
SIM2
SIM3
SIM4
1
21
22
SIM5
SIM1
SIM2
SIM3
SIM4
1
21
22
SIM5
SIM1
SIM2
SIM3
SIM4
1
21
22
SIM5
SIM1
SIM2
SIM3
SIM4
1
21
22
SIM5
SIM1
SIM2
SIM3
SIM4
1
21
22
SIM5
SIM1
SIM2
SIM3
SIM4
1
21
22
SIM5
SIM1
SIM2
SIM3
SIM4
1
21
22
SIM5
SIM1
SIM2
SIM3
SIM4
1
21
22
SIM5
SIM1
SIM2
SIM3
SIM4
1
21
22
SIM5
SIM1
SIM2
SIM3
SIM4
1
21
22
SIM5
SIM1
SIM2
SIM3
SIM4
1
21
22
SIM5
SIM1
SIM2
SIM3
SIM4
1
21
22
SIM5
SIM1
SIM2
SIM3
SIM4
1
21
22
SIM5
SIM1
SIM2
SIM3
SIM4
1
21
22
SIM5
SIM1
SIM2
SIM3
SIM4
1
21
22
SIM5
SIM1
SIM2
SIM3
SIM4
1
21
22
SIM5
SIM1
SIM2
SIM3
SIM4
1
21
22
SIM5
SIM1
SIM2
SIM3
SIM4
1
21
22
SIM5
SIM1
SIM2
SIM3
SIM4
1
21
22
SIM5
SIM1
SIM2
SIM3
SIM4
1
21
22
SIM5
SIM1
SIM2
SIM3
SIM4
1
21
22
SIM5
SIM1
SIM2
SIM3
SIM4
1
21
22
SIM5
SIM1
SIM2
SIM3
SIM4
1
21
22
SIM5
SIM1
SIM2
SIM3
SIM4
1
21
22
SIM5
SIM1
SIM2
SIM3
SIM4
1
21
22
SIM5
SIM1
SIM2
SIM3
SIM4
1
21
22
SIM5
SIM1
SIM2
SIM3
SIM4
1
21
22
SIM5
SIM1
SIM2
SIM3
SIM4
1
21
22
SIM5
SIM1
SIM2
SIM3
SIM4
1
21
22
SIM5
SIM1
SIM2
SIM3
SIM4
1
21
22
SIM5
SIM1
SIM2
SIM3
SIM4
1
21
22
SIM5
SIM1
SIM2
SIM3
SIM4
1
21
22
SIM5
SIM1
SIM2
SIM3
SIM4
1
21
22
SIM5
SIM1
SIM2
SIM3
SIM4
1
21
22
SIM5
SIM1
SIM2
SIM3
SIM4
1
21
22
SIM5
SIM1
SIM2
SIM3
SIM4
1
21
22
SIM5
SIM1
SIM2
SIM3
SIM4
1
21
22
SIM5
SIM1
SIM2
SIM3
SIM4
1
21
22
SIM5
SIM1
SIM2
SIM3
SIM4
1
21
22
SIM5
SIM1
SIM2
SIM3
SIM4
1
21
22
SIM5
SIM1
SIM2
SIM3
SIM4
1
21
22
SIM5
SIM1
SIM2
SIM3
SIM4
1
21
22
SIM5
SIM1
SIM2
SIM3
SIM4
1
21
22
SIM5
SIM1
SIM2
SIM3
SIM4
1
21
22
SIM5
SIM1
SIM2
SIM3
SIM4
1
21
22
SIM5
SIM1
SIM2
SIM3
SIM4
1
21
22
SIM5
SIM1
SIM2
SIM3
SIM4
1
21
22
SIM5
SIM1
SIM2
SIM3
SIM4
1
21
22
SIM5
SIM1
SIM2
SIM3
SIM4
1
21
22
SIM5
SIM1
SIM2
SIM3
SIM4
1
21
22
SIM5
SIM1
SIM2
SIM3
SIM4
1
21
22
SIM5
SIM1
SIM2
SIM3
SIM4
1
21
22
SIM5
SIM1
SIM2
SIM3
SIM4
1
21
22
SIM5
SIM1
SIM2
SIM3
SIM4
1
21
22
SIM5
SIM1
SIM2
SIM3
SIM4
1
21
22
SIM5
SIM1
SIM2
SIM3
SIM4
1
21
22
SIM5
SIM1
SIM2
SIM3
SIM4
1
21
22
SIM5
SIM1
SIM2
SIM3
SIM4
1
21
22
SIM5
SIM1
SIM2
SIM3
SIM4
1
21
22
SIM5
SIM1
SIM2
SIM3
SIM4
1
21
22
SIM5
SIM1
SIM2
SIM3
SIM4
1
21
22
SIM5
SIM1
SIM2
SIM3
SIM4
1
21
22
SIM5
SIM1
SIM2
SIM3
SIM4
1
21
22
SIM5
SIM1
SIM2
SIM3
SIM4
1
21
22
SIM5
SIM1
SIM2
SIM3
SIM4
1
21
22
SIM5
SIM1
SIM2
SIM3
SIM4
1
21
22
SIM5
SIM1
SIM2
SIM3
SIM4
1
21
22
SIM5
SIM1
SIM2
SIM3
SIM4
1
21
22
SIM5
SIM1
SIM2
SIM3
SIM4
1
21
22
SIM5
SIM1
SIM2
SIM3
SIM4
1
21
22
SIM5
SIM1
SIM2
SIM3
SIM4
1
21
22
SIM5
SIM1
SIM2
SIM3
SIM4
1
21
22
SIM5
SIM1
SIM2
SIM3
SIM4
1
21
22
SIM5
SIM1
SIM2
SIM3
SIM4
1
21
22
SIM5
SIM1
SIM2
SIM3
SIM4
1
21
22
SIM5
SIM1
SIM2
SIM3
SIM4
1
21
22
SIM5
SIM1
SIM2
SIM3
SIM4
1
21
22
SIM5
SIM1
SIM2
SIM3
SIM4
1
21
22
SIM5
SIM1
SIM2
SIM3
SIM4
1
21
22
SIM5
SIM1
SIM2
SIM3
SIM4
1
21
22
SIM5
SIM1
SIM2
SIM3
SIM4
1
21
22
SIM5
SIM1
SIM2
SIM3
SIM4
1
21
22
SIM5
SIM1
SIM2
SIM3
SIM4
1
21
22
SIM5
SIM1
SIM2
SIM3
SIM4
1
21
22
SIM5
SIM1
SIM2
SIM3
SIM4
1
21
22
SIM5
SIM1
SIM2
SIM3
SIM4
1
21
22
SIM5
SIM1
SIM2
SIM3
SIM4
1
21
22
SIM5
SIM1
SIM2
SIM3
SIM4
1
21
22
SIM5
SIM1
SIM2
SIM3
SIM4
1
21
22
SIM5
SIM1
SIM2
SIM3
SIM4
1
21
22
SIM5
SIM1
SIM2
SIM3
SIM4
1
21
22
SIM5
SIM1
SIM2
SIM3
SIM4
1
21
22
SIM5
SIM1
SIM2
SIM3
SIM4
1
21
22
SIM5
SIM1
SIM2
SIM3
SIM4
1
21
22
SIM5
SIM1
SIM2
SIM3
SIM4
1
21
22
SIM5
SIM1
SIM2
SIM3
SIM4
1
21
22
SIM5
SIM1
SIM2
SIM3
SIM4
1
21
22
SIM5
SIM1
SIM2
SIM3
SIM4
1
21
22
SIM5
SIM1
SIM2
SIM3
SIM4
1
21
22
SIM5
SIM1
SIM2
SIM3
SIM4
1
21
22
SIM5
SIM1
SIM2
SIM3
SIM4
1
21
22
SIM5
SIM1
SIM2
SIM3
SIM4
1
21
22
SIM5
SIM1
SIM2
SIM3
SIM4
1
21
22
SIM5
SIM1
SIM2
SIM3
SIM4
1
21
22
SIM5
SIM1
SIM2
SIM3
SIM4
1
21
22
SIM5
SIM1
SIM2
SIM3
SIM4
1
21
22
SIM5
SIM1
SIM2
SIM3
SIM4
1
21
22
SIM5
SIM1
SIM2
SIM3
SIM4
1
21
22
SIM5
SIM1
SIM2
SIM3
SIM4
1
21
22
SIM5
SIM1
SIM2
SIM3
SIM4
1
21
22
SIM5
SIM1
SIM2
SIM3
SIM4
1
21
22
SIM5
SIM1
SIM2
SIM3
SIM4
1
21
22
SIM5
SIM1
SIM2
SIM3
SIM4
1
21
22
SIM5
SIM1
SIM2
SIM3
SIM4
1
21
22
SIM5
SIM1
SIM2
SIM3
SIM4
1
21
22
SIM5
SIM1
SIM2
SIM3
SIM4
1
21
22
SIM5
SIM1
SIM2
SIM3
SIM4
1
21
22
SIM5
SIM1
SIM2
SIM3
SIM4
1
21
22
SIM5
SIM1
SIM2
SIM3
SIM4
1
21
22
SIM5
SIM1
SIM2
SIM3
SIM4
1
21
22
SIM5
SIM1
SIM2
SIM3
SIM4
1
21
22
SIM5
SIM1
SIM2
DEBUG 1 638
SIM1
SIM2
SIM3
SIM4
1
21
22
SIM5
SIM1
SIM2
SIM3
SIM4
1
21
22
SIM5
SIM1
SIM2
SIM3
SIM4
1
21
22
SIM5
SIM1
SIM2
SIM3
SIM4
1
21
22
SIM5
SIM1
SIM2
SIM3
SIM4
1
21
22
SIM5
SIM1
SIM2
SIM3
SIM4
1
21
22
SIM5
SIM1
SIM2
SIM3
SIM4
1
21
22
SIM5
SIM1
SIM2
SIM3
SIM4
1
21
22
SIM5
SIM1
SIM2
SIM3
SIM4
1
21
22
SIM5
SIM1
SIM2
SIM3
SIM4
1
21
22
SIM5
SIM1
SIM2
SIM3
SIM4
1
21
22
SIM5
SIM1
SIM2
SIM3
SIM4
1
21
22
SIM5
SIM1
SIM2
SIM3
SIM4
1
21
22
SIM5
SIM1
SIM2
SIM3
SIM4
1
21
22
SIM5
SIM1
SIM2
SIM3
SIM4
1
21
22
SIM5
SIM1
SIM2
SIM3
SIM4
1
21
22
SIM5
SIM1
SIM2
SIM3
SIM4
1
21
22
SIM5
SIM1
SIM2
SIM3
SIM4
1
21
22
SIM5
SIM1
SIM2
SIM3
SIM4
1
21
22
SIM5
SIM1
SIM2
SIM3
SIM4
1
21
22
SIM5
SIM1
SIM2
SIM3
SIM4
1
21
22
SIM5
SIM1
SIM2
SIM3
SIM4
1
21
22
SIM5
SIM1
SIM2
SIM3
SIM4
1
21
22
SIM5
SIM1
SIM2
SIM3
SIM4
1
21
22
SIM5
SIM1
SIM2
SIM3
SIM4
1
21
22
SIM5
SIM1
SIM2
SIM3
SIM4
1
21
22
SIM5
SIM1
SIM2
SIM3
SIM4
1
21
22
SIM5
SIM1
SIM2
SIM3
SIM4
1
21
22
SIM5
SIM1
SIM2
SIM3
SIM4
1
21
22
SIM5
SIM1
SIM2
SIM3
SIM4
1
21
22
SIM5
SIM1
SIM2
SIM3
SIM4
1
21
22
SIM5
SIM1
SIM2
SIM3
SIM4
1
21
22
SIM5
SIM1
SIM2
SIM3
SIM4
1
21
22
SIM5
SIM1
SIM2
SIM3
SIM4
1
21
22
SIM5
SIM1
SIM2
SIM3
SIM4
1
21
22
SIM5
SIM1
SIM2
SIM3
SIM4
1
21
22
SIM5
SIM1
SIM2
SIM3
SIM4
1
21
22
SIM5
SIM1
SIM2
SIM3
SIM4
1
21
22
SIM5
SIM1
SIM2
SIM3
SIM4
1
21
22
SIM5
SIM1
SIM2
SIM3
SIM4
1
21
22
SIM5
SIM1
SIM2
SIM3
SIM4
1
21
22
SIM5
SIM1
SIM2
SIM3
SIM4
1
21
22
SIM5
SIM1
SIM2
SIM3
SIM4
1
21
22
SIM5
SIM1
SIM2
SIM3
SIM4
1
21
22
SIM5
SIM1
SIM2
SIM3
SIM4
1
21
22
SIM5
SIM1
SIM2
SIM3
SIM4
1
21
22
SIM5
SIM1
SIM2
SIM3
SIM4
1
21
22
SIM5
SIM1
SIM2
SIM3
SIM4
1
21
22
SIM5
SIM1
SIM2
SIM3
SIM4
1
21
22
SIM5
SIM1
SIM2
SIM3
SIM4
1
21
22
SIM5
SIM1
SIM2
SIM3
SIM4
1
21
22
SIM5
SIM1
SIM2
SIM3
SIM4
1
21
22
SIM5
SIM1
SIM2
SIM3
SIM4
1
21
22
SIM5
SIM1
SIM2
SIM3
SIM4
1
21
22
SIM5
SIM1
SIM2
SIM3
SIM4
1
21
22
SIM5
SIM1
SIM2
SIM3
SIM4
1
21
22
SIM5
SIM1
SIM2
SIM3
SIM4
1
21
22
SIM5
SIM1
SIM2
SIM3
SIM4
1
21
22
SIM5
SIM1
SIM2
SIM3
SIM4
1
21
22
SIM5
SIM1
SIM2
SIM3
SIM4
1
21
22
SIM5
SIM1
SIM2
SIM3
SIM4
1
21
22
SIM5
SIM1
SIM2
SIM3
SIM4
1
21
22
SIM5
SIM1
SIM2
SIM3
SIM4
1
21
22
SIM5
SIM1
SIM2
SIM3
SIM4
1
21
22
SIM5
SIM1
SIM2
SIM3
SIM4
1
21
22
SIM5
SIM1
SIM2
SIM3
SIM4
1
21
22
SIM5
SIM1
SIM2
SIM3
SIM4
1
21
22
SIM5
SIM1
SIM2
SIM3
SIM4
1
21
22
SIM5
SIM1
SIM2
SIM3
SIM4
1
21
22
SIM5
SIM1
SIM2
SIM3
SIM4
1
21
22
SIM5
SIM1
SIM2
SIM3
SIM4
1
21
22
SIM5
SIM1
SIM2
SIM3
SIM4
1
21
22
SIM5
SIM1
SIM2
SIM3
SIM4
1
21
22
SIM5
SIM1
SIM2
SIM3
SIM4
1
21
22
SIM5
SIM1
SIM2
SIM3
SIM4
1
21
22
SIM5
SIM1
SIM2
SIM3
SIM4
1
21
22
SIM5
SIM1
SIM2
SIM3
SIM4
1
21
22
SIM5
SIM1
SIM2
SIM3
SIM4
1
21
22
SIM5
SIM1
SIM2
SIM3
SIM4
1
21
22
SIM5
SIM1
SIM2
SIM3
SIM4
1
21
22
SIM5
SIM1
SIM2
SIM3
SIM4
1
21
22
SIM5
SIM1
SIM2
SIM3
SIM4
1
21
22
SIM5
SIM1
SIM2
SIM3
SIM4
1
21
22
SIM5
SIM1
SIM2
SIM3
SIM4
1
21
22
SIM5
SIM1
SIM2
SIM3
SIM4
1
21
22
SIM5
SIM1
SIM2
SIM3
SIM4
1
21
22
SIM5
SIM1
SIM2
SIM3
SIM4
1
21
22
SIM5
SIM1
SIM2
SIM3
SIM4
1
21
22
SIM5
SIM1
SIM2
SIM3
SIM4
1
21
22
SIM5
SIM1
SIM2
SIM3
SIM4
1
21
22
SIM5
SIM1
SIM2
SIM3
SIM4
1
21
22
SIM5
SIM1
SIM2
SIM3
SIM4
1
21
22
SIM5
SIM1
SIM2
SIM3
SIM4
1
21
22
SIM5
SIM1
SIM2
SIM3
SIM4
1
21
22
SIM5
SIM1
SIM2
SIM3
SIM4
1
21
22
SIM5
SIM1
SIM2
SIM3
SIM4
1
21
22
SIM5
SIM1
SIM2
SIM3
SIM4
1
21
22
SIM5
SIM1
SIM2
SIM3
SIM4
1
21
22
SIM5
SIM1
SIM2
SIM3
SIM4
1
21
22
SIM5
SIM1
SIM2
SIM3
SIM4
1
21
22
SIM5
SIM1
SIM2
SIM3
SIM4
1
21
22
SIM5
SIM1
SIM2
SIM3
SIM4
1
21
22
SIM5
SIM1
SIM2
SIM3
SIM4
1
21
22
SIM5
SIM1
SIM2
SIM3
SIM4
1
21
22
SIM5
SIM1
SIM2
SIM3
SIM4
1
21
22
SIM5
SIM1
SIM2
SIM3
SIM4
1
21
22
SIM5
SIM1
SIM2
SIM3
SIM4
1
21
22
SIM5
SIM1
SIM2
SIM3
SIM4
1
21
22
SIM5
SIM1
SIM2
SIM3
SIM4
1
21
22
SIM5
SIM1
SIM2
SIM3
SIM4
1
21
22
SIM5
SIM1
SIM2
SIM3
SIM4
1
21
22
SIM5
SIM1
SIM2
SIM3
SIM4
1
21
22
SIM5
SIM1
SIM2
SIM3
SIM4
1
21
22
SIM5
SIM1
SIM2
SIM3
SIM4
1
21
22
SIM5
SIM1
SIM2
SIM3
SIM4
1
21
22
SIM5
SIM1
SIM2
SIM3
SIM4
1
21
22
SIM5
SIM1
SIM2
SIM3
SIM4
1
21
22
SIM5
SIM1
SIM2
SIM3
SIM4
1
21
22
SIM5
SIM1
SIM2
SIM3
SIM4
1
21
22
SIM5
SIM1
SIM2
SIM3
SIM4
1
21
22
SIM5
SIM1
SIM2
SIM3
SIM4
1
21
22
SIM5
SIM1
SIM2
SIM3
SIM4
1
21
22
SIM5
SIM1
SIM2
SIM3
SIM4
1
21
22
SIM5
SIM1
SIM2
SIM3
SIM4
1
21
22
SIM5
SIM1
SIM2
SIM3
SIM4
1
21
22
SIM5
SIM1
SIM2
SIM3
SIM4
1
21
22
SIM5
SIM1
SIM2
SIM3
SIM4
1
21
22
SIM5
SIM1
SIM2
SIM3
SIM4
1
21
22
SIM5
SIM1
SIM2
SIM3
SIM4
1
21
22
SIM5
SIM1
SIM2
SIM3
SIM4
1
21
22
SIM5
SIM1
SIM2
SIM3
SIM4
1
21
22
SIM5
SIM1
SIM2
SIM3
SIM4
1
21
22
SIM5
SIM1
SIM2
SIM3
SIM4
1
21
22
SIM5
SIM1
SIM2
SIM3
SIM4
1
21
22
SIM5
SIM1
SIM2
SIM3
SIM4
1
21
22
SIM5
SIM1
SIM2
SIM3
SIM4
1
21
22
SIM5
SIM1
SIM2
SIM3
SIM4
1
21
22
SIM5
SIM1
SIM2
SIM3
SIM4
1
21
22
SIM5
SIM1
SIM2
SIM3
SIM4
1
21
22
SIM5
SIM1
SIM2
SIM3
SIM4
1
21
22
SIM5
SIM1
SIM2
SIM3
SIM4
1
21
22
SIM5
SIM1
SIM2
SIM3
SIM4
1
21
22
SIM5
SIM1
SIM2
SIM3
SIM4
1
21
22
SIM5
SIM1
SIM2
SIM3
SIM4
1
21
22
SIM5
SIM1
SIM2
SIM3
SIM4
1
21
22
SIM5
SIM1
SIM2
SIM3
SIM4
1
21
22
SIM5
SIM1
SIM2
SIM3
SIM4
1
21
22
SIM5
SIM1
SIM2
SIM3
SIM4
1
21
22
SIM5
SIM1
SIM2
SIM3
SIM4
1
21
22
SIM5
SIM1
SIM2
SIM3
SIM4
1
21
22
SIM5
SIM1
SIM2
SIM3
SIM4
1
21
22
SIM5
SIM1
SIM2
SIM3
SIM4
1
21
22
SIM5
SIM1
SIM2
SIM3
SIM4
1
21
22
SIM5
SIM1
SIM2
SIM3
SIM4
1
21
22
SIM5
SIM1
SIM2
SIM3
SIM4
1
21
22
SIM5
SIM1
SIM2
SIM3
SIM4
1
21
22
SIM5
SIM1
SIM2
SIM3
SIM4
1
21
22
SIM5
SIM1
SIM2
SIM3
SIM4
1
21
22
SIM5
SIM1
SIM2
SIM3
SIM4
1
21
22
SIM5
SIM1
SIM2
SIM3
SIM4
1
21
22
SIM5
SIM1
SIM2
SIM3
SIM4
1
21
22
SIM5
SIM1
SIM2
SIM3
SIM4
1
21
22
SIM5
SIM1
SIM2
SIM3
SIM4
1
21
22
SIM5
SIM1
SIM2
SIM3
SIM4
1
21
22
SIM5
SIM1
SIM2
SIM3
SIM4
1
21
22
SIM5
SIM1
SIM2
SIM3
SIM4
1
21
22
SIM5
SIM1
SIM2
SIM3
SIM4
1
21
22
SIM5
SIM1
SIM2
SIM3
SIM4
1
21
22
SIM5
SIM1
SIM2
SIM3
SIM4
1
21
22
SIM5
SIM1
SIM2
SIM3
SIM4
1
21
22
SIM5
SIM1
SIM2
SIM3
SIM4
1
21
22
SIM5
SIM1
SIM2
SIM3
SIM4
1
21
22
SIM5
SIM1
SIM2
SIM3
SIM4
1
21
22
SIM5
SIM1
SIM2
SIM3
SIM4
1
21
22
SIM5
SIM1
SIM2
SIM3
SIM4
1
21
22
SIM5
SIM1
SIM2
SIM3
SIM4
1
21
22
SIM5
SIM1
SIM2
SIM3
SIM4
1
21
22
SIM5
SIM1
SIM2
SIM3
SIM4
1
21
22
SIM5
SIM1
SIM2
SIM3
SIM4
1
21
22
SIM5
SIM1
SIM2
SIM3
SIM4
1
21
22
SIM5
SIM1
SIM2
SIM3
SIM4
1
21
22
SIM5
SIM1
SIM2
SIM3
SIM4
1
21
22
SIM5
SIM1
SIM2
SIM3
SIM4
1
21
22
SIM5
SIM1
SIM2
SIM3
SIM4
1
21
22
SIM5
SIM1
SIM2
SIM3
SIM4
1
21
22
SIM5
SIM1
SIM2
SIM3
SIM4
1
21
22
SIM5
SIM1
SIM2
SIM3
SIM4
1
21
22
SIM5
SIM1
SIM2
SIM3
SIM4
1
21
22
SIM5
SIM1
SIM2
SIM3
SIM4
1
21
22
SIM5
SIM1
SIM2
SIM3
SIM4
1
21
22
SIM5
SIM1
SIM2
SIM3
SIM4
1
21
22
SIM5
SIM1
SIM2
SIM3
SIM4
1
21
22
SIM5
SIM1
SIM2
SIM3
SIM4
1
21
22
SIM5
SIM1
SIM2
SIM3
SIM4
1
21
22
SIM5
SIM1
SIM2
SIM3
SIM4
1
21
22
SIM5
SIM1
SIM2
SIM3
SIM4
1
21
22
SIM5
SIM1
SIM2
SIM3
SIM4
1
21
22
SIM5
SIM1
SIM2
SIM3
SIM4
1
21
22
SIM5
SIM1
SIM2
SIM3
SIM4
1
21
22
SIM5
SIM1
SIM2
SIM3
SIM4
1
21
22
SIM5
SIM1
SIM2
SIM3
SIM4
1
21
22
SIM5
SIM1
SIM2
SIM3
SIM4
1
21
22
SIM5
SIM1
SIM2
SIM3
SIM4
1
21
22
SIM5
SIM1
SIM2
SIM3
SIM4
1
21
22
SIM5
SIM1
SIM2
SIM3
SIM4
1
21
22
SIM5
SIM1
SIM2
SIM3
SIM4
1
21
22
SIM5
SIM1
SIM2
SIM3
SIM4
1
21
22
SIM5
SIM1
SIM2
SIM3
SIM4
1
21
22
SIM5
SIM1
SIM2
SIM3
SIM4
1
21
22
SIM5
SIM1
SIM2
SIM3
SIM4
1
21
22
SIM5
SIM1
SIM2
SIM3
SIM4
1
21
22
SIM5
SIM1
SIM2
SIM3
SIM4
1
21
22
SIM5
SIM1
SIM2
SIM3
SIM4
1
21
22
SIM5
SIM1
SIM2
SIM3
SIM4
1
21
22
SIM5
SIM1
SIM2
SIM3
SIM4
1
21
22
SIM5
SIM1
SIM2
SIM3
SIM4
1
21
22
SIM5
SIM1
SIM2
SIM3
SIM4
1
21
22
SIM5
SIM1
SIM2
SIM3
SIM4
1
21
22
SIM5
SIM1
SIM2
SIM3
SIM4
1
21
22
SIM5
SIM1
SIM2
SIM3
SIM4
1
21
22
SIM5
SIM1
SIM2
SIM3
SIM4
1
21
22
SIM5
SIM1
SIM2
SIM3
SIM4
1
21
22
SIM5
SIM1
SIM2
SIM3
SIM4
1
21
22
SIM5
SIM1
SIM2
SIM3
SIM4
1
21
22
SIM5
SIM1
SIM2
SIM3
SIM4
1
21
22
SIM5
SIM1
SIM2
SIM3
SIM4
1
21
22
SIM5
SIM1
SIM2
SIM3
SIM4
1
21
22
SIM5
SIM1
SIM2
SIM3
SIM4
1
21
22
SIM5
SIM1
SIM2
SIM3
SIM4
1
21
22
SIM5
SIM1
SIM2
SIM3
SIM4
1
21
22
SIM5
SIM1
SIM2
SIM3
SIM4
1
21
22
SIM5
SIM1
SIM2
SIM3
SIM4
1
21
22
SIM5
SIM1
SIM2
SIM3
SIM4
1
21
22
SIM5
SIM1
SIM2
SIM3
SIM4
1
21
22
SIM5
SIM1
SIM2
SIM3
SIM4
1
21
22
SIM5
SIM1
SIM2
SIM3
SIM4
1
21
22
SIM5
SIM1
SIM2
SIM3
SIM4
1
21
22
SIM5
SIM1
SIM2
SIM3
SIM4
1
21
22
SIM5
SIM1
SIM2
SIM3
SIM4
1
21
22
SIM5
SIM1
SIM2
SIM3
SIM4
1
21
22
SIM5
SIM1
SIM2
SIM3
SIM4
1
21
22
SIM5
SIM1
SIM2
SIM3
SIM4
1
21
22
SIM5
SIM1
SIM2
SIM3
SIM4
1
21
22
SIM5
SIM1
SIM2
SIM3
SIM4
1
21
22
SIM5
SIM1
SIM2
SIM3
SIM4
1
21
22
SIM5
SIM1
SIM2
SIM3
SIM4
1
21
22
SIM5
SIM1
SIM2
SIM3
SIM4
1
21
22
SIM5
SIM1
SIM2
SIM3
SIM4
1
21
22
SIM5
SIM1
SIM2
SIM3
SIM4
1
21
22
SIM5
SIM1
SIM2
SIM3
SIM4
1
21
22
SIM5
SIM1
SIM2
SIM3
SIM4
1
21
22
SIM5
SIM1
SIM2
SIM3
SIM4
1
21
22
SIM5
SIM1
SIM2
SIM3
SIM4
1
21
22
SIM5
SIM1
SIM2
SIM3
SIM4
1
21
22
SIM5
SIM1
SIM2
SIM3
SIM4
1
21
22
SIM5
SIM1
SIM2
SIM3
SIM4
1
21
22
SIM5
SIM1
SIM2
SIM3
SIM4
1
21
22
SIM5
SIM1
SIM2
SIM3
SIM4
1
21
22
SIM5
SIM1
SIM2
SIM3
SIM4
1
21
22
SIM5
SIM1
SIM2
SIM3
SIM4
1
21
22
SIM5
SIM1
SIM2
SIM3
SIM4
1
21
22
SIM5
SIM1
SIM2
SIM3
SIM4
1
21
22
SIM5
SIM1
SIM2
SIM3
SIM4
1
21
22
SIM5
SIM1
SIM2
SIM3
SIM4
1
21
22
SIM5
SIM1
SIM2
SIM3
SIM4
1
21
22
SIM5
SIM1
SIM2
SIM3
SIM4
1
21
22
SIM5
SIM1
SIM2
SIM3
SIM4
1
21
22
SIM5
SIM1
SIM2
SIM3
SIM4
1
21
22
SIM5
SIM1
SIM2
SIM3
SIM4
1
21
22
SIM5
SIM1
SIM2
SIM3
SIM4
1
21
22
SIM5
SIM1
SIM2
SIM3
SIM4
1
21
22
SIM5
SIM1
SIM2
SIM3
SIM4
1
21
22
SIM5
SIM1
SIM2
SIM3
SIM4
1
21
22
SIM5
SIM1
SIM2
SIM3
SIM4
1
21
22
SIM5
SIM1
SIM2
SIM3
SIM4
1
21
22
SIM5
SIM1
SIM2
SIM3
SIM4
1
21
22
SIM5
SIM1
SIM2
SIM3
SIM4
1
21
22
SIM5
SIM1
SIM2
DEBUG 1 639
SIM1
SIM2
SIM3
SIM4
1
21
22
SIM5
SIM1
SIM2
SIM3
SIM4
1
21
22
SIM5
SIM1
SIM2
SIM3
SIM4
1
21
22
SIM5
SIM1
SIM2
SIM3
SIM4
1
21
22
SIM5
SIM1
SIM2
SIM3
SIM4
1
21
22
SIM5
SIM1
SIM2
SIM3
SIM4
1
21
22
SIM5
SIM1
SIM2
SIM3
SIM4
1
21
22
SIM5
SIM1
SIM2
SIM3
SIM4
1
21
22
SIM5
SIM1
SIM2
SIM3
SIM4
1
21
22
SIM5
SIM1
SIM2
SIM3
SIM4
1
21
22
SIM5
SIM1
SIM2
SIM3
SIM4
1
21
22
SIM5
SIM1
SIM2
SIM3
SIM4
1
21
22
SIM5
SIM1
SIM2
SIM3
SIM4
1
21
22
SIM5
SIM1
SIM2
SIM3
SIM4
1
21
22
SIM5
SIM1
SIM2
SIM3
SIM4
1
21
22
SIM5
SIM1
SIM2
SIM3
SIM4
1
21
22
SIM5
SIM1
SIM2
SIM3
SIM4
1
21
22
SIM5
SIM1
SIM2
SIM3
SIM4
1
21
22
SIM5
SIM1
SIM2
SIM3
SIM4
1
21
22
SIM5
SIM1
SIM2
SIM3
SIM4
1
21
22
SIM5
SIM1
SIM2
SIM3
SIM4
1
21
22
SIM5
SIM1
SIM2
SIM3
SIM4
1
21
22
SIM5
SIM1
SIM2
SIM3
SIM4
1
21
22
SIM5
SIM1
SIM2
SIM3
SIM4
1
21
22
SIM5
SIM1
SIM2
SIM3
SIM4
1
21
22
SIM5
SIM1
SIM2
SIM3
SIM4
1
21
22
SIM5
SIM1
SIM2
SIM3
SIM4
1
21
22
SIM5
SIM1
SIM2
SIM3
SIM4
1
21
22
SIM5
SIM1
SIM2
SIM3
SIM4
1
21
22
SIM5
SIM1
SIM2
SIM3
SIM4
1
21
22
SIM5
SIM1
SIM2
SIM3
SIM4
1
21
22
SIM5
SIM1
SIM2
SIM3
SIM4
1
21
22
SIM5
SIM1
SIM2
SIM3
SIM4
1
21
22
SIM5
SIM1
SIM2
SIM3
SIM4
1
21
22
SIM5
SIM1
SIM2
SIM3
SIM4
1
21
22
SIM5
SIM1
SIM2
SIM3
SIM4
1
21
22
SIM5
SIM1
SIM2
SIM3
SIM4
1
21
22
SIM5
SIM1
SIM2
SIM3
SIM4
1
21
22
SIM5
SIM1
SIM2
SIM3
SIM4
1
21
22
SIM5
SIM1
SIM2
SIM3
SIM4
1
21
22
SIM5
SIM1
SIM2
SIM3
SIM4
1
21
22
SIM5
SIM1
SIM2
SIM3
SIM4
1
21
22
SIM5
SIM1
SIM2
SIM3
SIM4
1
21
22
SIM5
SIM1
SIM2
SIM3
SIM4
1
21
22
SIM5
SIM1
SIM2
SIM3
SIM4
1
21
22
SIM5
SIM1
SIM2
SIM3
SIM4
1
21
22
SIM5
SIM1
SIM2
SIM3
SIM4
1
21
22
SIM5
SIM1
SIM2
SIM3
SIM4
1
21
22
SIM5
SIM1
SIM2
SIM3
SIM4
1
21
22
SIM5
SIM1
SIM2
SIM3
SIM4
1
21
22
SIM5
SIM1
SIM2
SIM3
SIM4
1
21
22
SIM5
SIM1
SIM2
SIM3
SIM4
1
21
22
SIM5
SIM1
SIM2
SIM3
SIM4
1
21
22
SIM5
SIM1
SIM2
SIM3
SIM4
1
21
22
SIM5
SIM1
SIM2
SIM3
SIM4
1
21
22
SIM5
SIM1
SIM2
SIM3
SIM4
1
21
22
SIM5
SIM1
SIM2
SIM3
SIM4
1
21
22
SIM5
SIM1
SIM2
SIM3
SIM4
1
21
22
SIM5
SIM1
SIM2
SIM3
SIM4
1
21
22
SIM5
SIM1
SIM2
SIM3
SIM4
1
21
22
SIM5
SIM1
SIM2
SIM3
SIM4
1
21
22
SIM5
SIM1
SIM2
SIM3
SIM4
1
21
22
SIM5
SIM1
SIM2
SIM3
SIM4
1
21
22
SIM5
SIM1
SIM2
SIM3
SIM4
1
21
22
SIM5
SIM1
SIM2
SIM3
SIM4
1
21
22
SIM5
SIM1
SIM2
SIM3
SIM4
1
21
22
SIM5
SIM1
SIM2
SIM3
SIM4
1
21
22
SIM5
SIM1
SIM2
SIM3
SIM4
1
21
22
SIM5
SIM1
SIM2
SIM3
SIM4
1
21
22
SIM5
SIM1
SIM2
SIM3
SIM4
1
21
22
SIM5
SIM1
SIM2
SIM3
SIM4
1
21
22
SIM5
SIM1
SIM2
SIM3
SIM4
1
21
22
SIM5
SIM1
SIM2
SIM3
SIM4
1
21
22
SIM5
SIM1
SIM2
SIM3
SIM4
1
21
22
SIM5
SIM1
SIM2
SIM3
SIM4
1
21
22
SIM5
SIM1
SIM2
SIM3
SIM4
1
21
22
SIM5
SIM1
SIM2
SIM3
SIM4
1
21
22
SIM5
SIM1
SIM2
SIM3
SIM4
1
21
22
SIM5
SIM1
SIM2
SIM3
SIM4
1
21
22
SIM5
SIM1
SIM2
SIM3
SIM4
1
21
22
SIM5
SIM1
SIM2
SIM3
SIM4
1
21
22
SIM5
SIM1
SIM2
SIM3
SIM4
1
21
22
SIM5
SIM1
SIM2
SIM3
SIM4
1
21
22
SIM5
SIM1
SIM2
SIM3
SIM4
1
21
22
SIM5
SIM1
SIM2
SIM3
SIM4
1
21
22
SIM5
SIM1
SIM2
SIM3
SIM4
1
21
22
SIM5
SIM1
SIM2
SIM3
SIM4
1
21
22
SIM5
SIM1
SIM2
SIM3
SIM4
1
21
22
SIM5
SIM1
SIM2
SIM3
SIM4
1
21
22
SIM5
SIM1
SIM2
SIM3
SIM4
1
21
22
SIM5
SIM1
SIM2
SIM3
SIM4
1
21
22
SIM5
SIM1
SIM2
SIM3
SIM4
1
21
22
SIM5
SIM1
SIM2
SIM3
SIM4
1
21
22
SIM5
SIM1
SIM2
SIM3
SIM4
1
21
22
SIM5
SIM1
SIM2
SIM3
SIM4
1
21
22
SIM5
SIM1
SIM2
SIM3
SIM4
1
21
22
SIM5
SIM1
SIM2
SIM3
SIM4
1
21
22
SIM5
SIM1
SIM2
SIM3
SIM4
1
21
22
SIM5
SIM1
SIM2
SIM3
SIM4
1
21
22
SIM5
SIM1
SIM2
SIM3
SIM4
1
21
22
SIM5
SIM1
SIM2
SIM3
SIM4
1
21
22
SIM5
SIM1
SIM2
SIM3
SIM4
1
21
22
SIM5
SIM1
SIM2
SIM3
SIM4
1
21
22
SIM5
SIM1
SIM2
SIM3
SIM4
1
21
22
SIM5
SIM1
SIM2
SIM3
SIM4
1
21
22
SIM5
SIM1
SIM2
SIM3
SIM4
1
21
22
SIM5
SIM1
SIM2
SIM3
SIM4
1
21
22
SIM5
SIM1
SIM2
SIM3
SIM4
1
21
22
SIM5
SIM1
SIM2
SIM3
SIM4
1
21
22
SIM5
SIM1
SIM2
SIM3
SIM4
1
21
22
SIM5
SIM1
SIM2
SIM3
SIM4
1
21
22
SIM5
SIM1
SIM2
SIM3
SIM4
1
21
22
SIM5
SIM1
SIM2
SIM3
SIM4
1
21
22
SIM5
SIM1
SIM2
SIM3
SIM4
1
21
22
SIM5
SIM1
SIM2
SIM3
SIM4
1
21
22
SIM5
SIM1
SIM2
SIM3
SIM4
1
21
22
SIM5
SIM1
SIM2
SIM3
SIM4
1
21
22
SIM5
SIM1
SIM2
SIM3
SIM4
1
21
22
SIM5
SIM1
SIM2
SIM3
SIM4
1
21
22
SIM5
SIM1
SIM2
SIM3
SIM4
1
21
22
SIM5
SIM1
SIM2
SIM3
SIM4
1
21
22
SIM5
SIM1
SIM2
SIM3
SIM4
1
21
22
SIM5
SIM1
SIM2
SIM3
SIM4
1
21
22
SIM5
SIM1
SIM2
SIM3
SIM4
1
21
22
SIM5
SIM1
SIM2
SIM3
SIM4
1
21
22
SIM5
SIM1
SIM2
SIM3
SIM4
1
21
22
SIM5
SIM1
SIM2
SIM3
SIM4
1
21
22
SIM5
SIM1
SIM2
SIM3
SIM4
1
21
22
SIM5
SIM1
SIM2
SIM3
SIM4
1
21
22
SIM5
SIM1
SIM2
SIM3
SIM4
1
21
22
SIM5
SIM1
SIM2
SIM3
SIM4
1
21
22
SIM5
SIM1
SIM2
SIM3
SIM4
1
21
22
SIM5
SIM1
SIM2
SIM3
SIM4
1
21
22
SIM5
SIM1
SIM2
SIM3
SIM4
1
21
22
SIM5
SIM1
SIM2
SIM3
SIM4
1
21
22
SIM5
SIM1
SIM2
SIM3
SIM4
1
21
22
SIM5
SIM1
SIM2
SIM3
SIM4
1
21
22
SIM5
SIM1
SIM2
SIM3
SIM4
1
21
22
SIM5
SIM1
SIM2
SIM3
SIM4
1
21
22
SIM5
SIM1
SIM2
SIM3
SIM4
1
21
22
SIM5
SIM1
SIM2
SIM3
SIM4
1
21
22
SIM5
SIM1
SIM2
SIM3
SIM4
1
21
22
SIM5
SIM1
SIM2
SIM3
SIM4
1
21
22
SIM5
SIM1
SIM2
SIM3
SIM4
1
21
22
SIM5
SIM1
SIM2
SIM3
SIM4
1
21
22
SIM5
SIM1
SIM2
SIM3
SIM4
1
21
22
SIM5
SIM1
SIM2
SIM3
SIM4
1
21
22
SIM5
SIM1
SIM2
SIM3
SIM4
1
21
22
SIM5
SIM1
SIM2
SIM3
SIM4
1
21
22
SIM5
SIM1
SIM2
SIM3
SIM4
1
21
22
SIM5
SIM1
SIM2
SIM3
SIM4
1
21
22
SIM5
SIM1
SIM2
SIM3
SIM4
1
21
22
SIM5
SIM1
SIM2
SIM3
SIM4
1
21
22
SIM5
SIM1
SIM2
SIM3
SIM4
1
21
22
SIM5
SIM1
SIM2
SIM3
SIM4
1
21
22
SIM5
SIM1
SIM2
SIM3
SIM4
1
21
22
SIM5
SIM1
SIM2
SIM3
SIM4
1
21
22
SIM5
SIM1
SIM2
SIM3
SIM4
1
21
22
SIM5
SIM1
SIM2
SIM3
SIM4
1
21
22
SIM5
SIM1
SIM2
SIM3
SIM4
1
21
22
SIM5
SIM1
SIM2
SIM3
SIM4
1
21
22
SIM5
SIM1
SIM2
SIM3
SIM4
1
21
22
SIM5
SIM1
SIM2
SIM3
SIM4
1
21
22
SIM5
SIM1
SIM2
SIM3
SIM4
1
21
22
SIM5
SIM1
SIM2
SIM3
SIM4
1
21
22
SIM5
SIM1
SIM2
SIM3
SIM4
1
21
22
SIM5
SIM1
SIM2
SIM3
SIM4
1
21
22
SIM5
SIM1
SIM2
SIM3
SIM4
1
21
22
SIM5
SIM1
SIM2
SIM3
SIM4
1
21
22
SIM5
SIM1
SIM2
SIM3
SIM4
1
21
22
SIM5
SIM1
SIM2
SIM3
SIM4
1
21
22
SIM5
SIM1
SIM2
SIM3
SIM4
1
21
22
SIM5
SIM1
SIM2
SIM3
SIM4
1
21
22
SIM5
SIM1
SIM2
SIM3
SIM4
1
21
22
SIM5
SIM1
SIM2
SIM3
SIM4
1
21
22
SIM5
SIM1
SIM2
SIM3
SIM4
1
21
22
SIM5
SIM1
SIM2
SIM3
SIM4
1
21
22
SIM5
SIM1
SIM2
SIM3
SIM4
1
21
22
SIM5
SIM1
SIM2
SIM3
SIM4
1
21
22
SIM5
SIM1
SIM2
SIM3
SIM4
1
21
22
SIM5
SIM1
SIM2
SIM3
SIM4
1
21
22
SIM5
SIM1
SIM2
SIM3
SIM4
1
21
22
SIM5
SIM1
SIM2
SIM3
SIM4
1
21
22
SIM5
SIM1
SIM2
SIM3
SIM4
1
21
22
SIM5
SIM1
SIM2
SIM3
SIM4
1
21
22
SIM5
SIM1
SIM2
SIM3
SIM4
1
21
22
SIM5
SIM1
SIM2
SIM3
SIM4
1
21
22
SIM5
SIM1
SIM2
SIM3
SIM4
1
21
22
SIM5
SIM1
SIM2
SIM3
SIM4
1
21
22
SIM5
SIM1
SIM2
SIM3
SIM4
1
21
22
SIM5
SIM1
SIM2
SIM3
SIM4
1
21
22
SIM5
SIM1
SIM2
SIM3
SIM4
1
21
22
SIM5
SIM1
SIM2
SIM3
SIM4
1
21
22
SIM5
SIM1
SIM2
SIM3
SIM4
1
21
22
SIM5
SIM1
SIM2
SIM3
SIM4
1
21
22
SIM5
SIM1
SIM2
SIM3
SIM4
1
21
22
SIM5
SIM1
SIM2
SIM3
SIM4
1
21
22
SIM5
SIM1
SIM2
SIM3
SIM4
1
21
22
SIM5
SIM1
SIM2
SIM3
SIM4
1
21
22
SIM5
SIM1
SIM2
SIM3
SIM4
1
21
22
SIM5
SIM1
SIM2
SIM3
SIM4
1
21
22
SIM5
SIM1
SIM2
SIM3
SIM4
1
21
22
SIM5
SIM1
SIM2
SIM3
SIM4
1
21
22
SIM5
SIM1
SIM2
SIM3
SIM4
1
21
22
SIM5
SIM1
SIM2
SIM3
SIM4
1
21
22
SIM5
SIM1
SIM2
SIM3
SIM4
1
21
22
SIM5
SIM1
SIM2
SIM3
SIM4
1
21
22
SIM5
SIM1
SIM2
SIM3
SIM4
1
21
22
SIM5
SIM1
SIM2
SIM3
SIM4
1
21
22
SIM5
SIM1
SIM2
SIM3
SIM4
1
21
22
SIM5
SIM1
SIM2
SIM3
SIM4
1
21
22
SIM5
SIM1
SIM2
SIM3
SIM4
1
21
22
SIM5
SIM1
SIM2
SIM3
SIM4
1
21
22
SIM5
SIM1
SIM2
SIM3
SIM4
1
21
22
SIM5
SIM1
SIM2
SIM3
SIM4
1
21
22
SIM5
SIM1
SIM2
SIM3
SIM4
1
21
22
SIM5
SIM1
SIM2
SIM3
SIM4
1
21
22
SIM5
SIM1
SIM2
SIM3
SIM4
1
21
22
SIM5
SIM1
SIM2
SIM3
SIM4
1
21
22
SIM5
SIM1
SIM2
SIM3
SIM4
1
21
22
SIM5
SIM1
SIM2
SIM3
SIM4
1
21
22
SIM5
SIM1
SIM2
SIM3
SIM4
1
21
22
SIM5
SIM1
SIM2
SIM3
SIM4
1
21
22
SIM5
SIM1
SIM2
DEBUG 1 640
SIM1
SIM2
SIM3
SIM4
1
21
22
SIM5
SIM1
SIM2
SIM3
SIM4
1
21
22
SIM5
SIM1
SIM2
SIM3
SIM4
1
21
22
SIM5
SIM1
SIM2
SIM3
SIM4
1
21
22
SIM5
SIM1
SIM2
SIM3
SIM4
1
21
22
SIM5
SIM1
SIM2
SIM3
SIM4
1
21
22
SIM5
SIM1
SIM2
SIM3
SIM4
1
21
22
SIM5
SIM1
SIM2
SIM3
SIM4
1
21
22
SIM5
SIM1
SIM2
SIM3
SIM4
1
21
22
SIM5
SIM1
SIM2
SIM3
SIM4
1
21
22
SIM5
SIM1
SIM2
SIM3
SIM4
1
21
22
SIM5
SIM1
SIM2
SIM3
SIM4
1
21
22
SIM5
SIM1
SIM2
SIM3
SIM4
1
21
22
SIM5
SIM1
SIM2
SIM3
SIM4
1
21
22
SIM5
SIM1
SIM2
SIM3
SIM4
1
21
22
SIM5
SIM1
SIM2
SIM3
SIM4
1
21
22
SIM5
SIM1
SIM2
SIM3
SIM4
1
21
22
SIM5
SIM1
SIM2
SIM3
SIM4
1
21
22
SIM5
SIM1
SIM2
SIM3
SIM4
1
21
22
SIM5
SIM1
SIM2
SIM3
SIM4
1
21
22
SIM5
SIM1
SIM2
SIM3
SIM4
1
21
22
SIM5
SIM1
SIM2
SIM3
SIM4
1
21
22
SIM5
SIM1
SIM2
SIM3
SIM4
1
21
22
SIM5
SIM1
SIM2
SIM3
SIM4
1
21
22
SIM5
SIM1
SIM2
SIM3
SIM4
1
21
22
SIM5
SIM1
SIM2
SIM3
SIM4
1
21
22
SIM5
SIM1
SIM2
SIM3
SIM4
1
21
22
SIM5
SIM1
SIM2
SIM3
SIM4
1
21
22
SIM5
SIM1
SIM2
SIM3
SIM4
1
21
22
SIM5
SIM1
SIM2
SIM3
SIM4
1
21
22
SIM5
SIM1
SIM2
SIM3
SIM4
1
21
22
SIM5
SIM1
SIM2
SIM3
SIM4
1
21
22
SIM5
SIM1
SIM2
SIM3
SIM4
1
21
22
SIM5
SIM1
SIM2
SIM3
SIM4
1
21
22
SIM5
SIM1
SIM2
SIM3
SIM4
1
21
22
SIM5
SIM1
SIM2
SIM3
SIM4
1
21
22
SIM5
SIM1
SIM2
SIM3
SIM4
1
21
22
SIM5
SIM1
SIM2
SIM3
SIM4
1
21
22
SIM5
SIM1
SIM2
SIM3
SIM4
1
21
22
SIM5
SIM1
SIM2
SIM3
SIM4
1
21
22
SIM5
SIM1
SIM2
SIM3
SIM4
1
21
22
SIM5
SIM1
SIM2
SIM3
SIM4
1
21
22
SIM5
SIM1
SIM2
SIM3
SIM4
1
21
22
SIM5
SIM1
SIM2
SIM3
SIM4
1
21
22
SIM5
SIM1
SIM2
SIM3
SIM4
1
21
22
SIM5
SIM1
SIM2
SIM3
SIM4
1
21
22
SIM5
SIM1
SIM2
SIM3
SIM4
1
21
22
SIM5
SIM1
SIM2
SIM3
SIM4
1
21
22
SIM5
SIM1
SIM2
SIM3
SIM4
1
21
22
SIM5
SIM1
SIM2
SIM3
SIM4
1
21
22
SIM5
SIM1
SIM2
SIM3
SIM4
1
21
22
SIM5
SIM1
SIM2
SIM3
SIM4
1
21
22
SIM5
SIM1
SIM2
SIM3
SIM4
1
21
22
SIM5
SIM1
SIM2
SIM3
SIM4
1
21
22
SIM5
SIM1
SIM2
SIM3
SIM4
1
21
22
SIM5
SIM1
SIM2
SIM3
SIM4
1
21
22
SIM5
SIM1
SIM2
SIM3
SIM4
1
21
22
SIM5
SIM1
SIM2
SIM3
SIM4
1
21
22
SIM5
SIM1
SIM2
SIM3
SIM4
1
21
22
SIM5
SIM1
SIM2
SIM3
SIM4
1
21
22
SIM5
SIM1
SIM2
SIM3
SIM4
1
21
22
SIM5
SIM1
SIM2
SIM3
SIM4
1
21
22
SIM5
SIM1
SIM2
SIM3
SIM4
1
21
22
SIM5
SIM1
SIM2
SIM3
SIM4
1
21
22
SIM5
SIM1
SIM2
SIM3
SIM4
1
21
22
SIM5
SIM1
SIM2
SIM3
SIM4
1
21
22
SIM5
SIM1
SIM2
SIM3
SIM4
1
21
22
SIM5
SIM1
SIM2
SIM3
SIM4
1
21
22
SIM5
SIM1
SIM2
SIM3
SIM4
1
21
22
SIM5
SIM1
SIM2
SIM3
SIM4
1
21
22
SIM5
SIM1
SIM2
SIM3
SIM4
1
21
22
SIM5
SIM1
SIM2
SIM3
SIM4
1
21
22
SIM5
SIM1
SIM2
SIM3
SIM4
1
21
22
SIM5
SIM1
SIM2
SIM3
SIM4
1
21
22
SIM5
SIM1
SIM2
SIM3
SIM4
1
21
22
SIM5
SIM1
SIM2
SIM3
SIM4
1
21
22
SIM5
SIM1
SIM2
SIM3
SIM4
1
21
22
SIM5
SIM1
SIM2
SIM3
SIM4
1
21
22
SIM5
SIM1
SIM2
SIM3
SIM4
1
21
22
SIM5
SIM1
SIM2
SIM3
SIM4
1
21
22
SIM5
SIM1
SIM2
SIM3
SIM4
1
21
22
SIM5
SIM1
SIM2
SIM3
SIM4
1
21
22
SIM5
SIM1
SIM2
SIM3
SIM4
1
21
22
SIM5
SIM1
SIM2
SIM3
SIM4
1
21
22
SIM5
SIM1
SIM2
SIM3
SIM4
1
21
22
SIM5
SIM1
SIM2
SIM3
SIM4
1
21
22
SIM5
SIM1
SIM2
SIM3
SIM4
1
21
22
SIM5
SIM1
SIM2
SIM3
SIM4
1
21
22
SIM5
SIM1
SIM2
SIM3
SIM4
1
21
22
SIM5
SIM1
SIM2
SIM3
SIM4
1
21
22
SIM5
SIM1
SIM2
SIM3
SIM4
1
21
22
SIM5
SIM1
SIM2
SIM3
SIM4
1
21
22
SIM5
SIM1
SIM2
SIM3
SIM4
1
21
22
SIM5
SIM1
SIM2
SIM3
SIM4
1
21
22
SIM5
SIM1
SIM2
SIM3
SIM4
1
21
22
SIM5
SIM1
SIM2
SIM3
SIM4
1
21
22
SIM5
SIM1
SIM2
SIM3
SIM4
1
21
22
SIM5
SIM1
SIM2
SIM3
SIM4
1
21
22
SIM5
SIM1
SIM2
SIM3
SIM4
1
21
22
SIM5
SIM1
SIM2
SIM3
SIM4
1
21
22
SIM5
SIM1
SIM2
SIM3
SIM4
1
21
22
SIM5
SIM1
SIM2
SIM3
SIM4
1
21
22
SIM5
SIM1
SIM2
SIM3
SIM4
1
21
22
SIM5
SIM1
SIM2
SIM3
SIM4
1
21
22
SIM5
SIM1
SIM2
SIM3
SIM4
1
21
22
SIM5
SIM1
SIM2
SIM3
SIM4
1
21
22
SIM5
SIM1
SIM2
SIM3
SIM4
1
21
22
SIM5
SIM1
SIM2
SIM3
SIM4
1
21
22
SIM5
SIM1
SIM2
SIM3
SIM4
1
21
22
SIM5
SIM1
SIM2
SIM3
SIM4
1
21
22
SIM5
SIM1
SIM2
SIM3
SIM4
1
21
22
SIM5
SIM1
SIM2
SIM3
SIM4
1
21
22
SIM5
SIM1
SIM2
SIM3
SIM4
1
21
22
SIM5
SIM1
SIM2
SIM3
SIM4
1
21
22
SIM5
SIM1
SIM2
SIM3
SIM4
1
21
22
SIM5
SIM1
SIM2
SIM3
SIM4
1
21
22
SIM5
SIM1
SIM2
SIM3
SIM4
1
21
22
SIM5
SIM1
SIM2
SIM3
SIM4
1
21
22
SIM5
SIM1
SIM2
SIM3
SIM4
1
21
22
SIM5
SIM1
SIM2
SIM3
SIM4
1
21
22
SIM5
SIM1
SIM2
SIM3
SIM4
1
21
22
SIM5
SIM1
SIM2
SIM3
SIM4
1
21
22
SIM5
SIM1
SIM2
SIM3
SIM4
1
21
22
SIM5
SIM1
SIM2
SIM3
SIM4
1
21
22
SIM5
SIM1
SIM2
SIM3
SIM4
1
21
22
SIM5
SIM1
SIM2
SIM3
SIM4
1
21
22
SIM5
SIM1
SIM2
SIM3
SIM4
1
21
22
SIM5
SIM1
SIM2
SIM3
SIM4
1
21
22
SIM5
SIM1
SIM2
SIM3
SIM4
1
21
22
SIM5
SIM1
SIM2
SIM3
SIM4
1
21
22
SIM5
SIM1
SIM2
SIM3
SIM4
1
21
22
SIM5
SIM1
SIM2
SIM3
SIM4
1
21
22
SIM5
SIM1
SIM2
SIM3
SIM4
1
21
22
SIM5
SIM1
SIM2
SIM3
SIM4
1
21
22
SIM5
SIM1
SIM2
SIM3
SIM4
1
21
22
SIM5
SIM1
SIM2
SIM3
SIM4
1
21
22
SIM5
SIM1
SIM2
SIM3
SIM4
1
21
22
SIM5
SIM1
SIM2
SIM3
SIM4
1
21
22
SIM5
SIM1
SIM2
SIM3
SIM4
1
21
22
SIM5
SIM1
SIM2
SIM3
SIM4
1
21
22
SIM5
SIM1
SIM2
SIM3
SIM4
1
21
22
SIM5
SIM1
SIM2
SIM3
SIM4
1
21
22
SIM5
SIM1
SIM2
SIM3
SIM4
1
21
22
SIM5
SIM1
SIM2
SIM3
SIM4
1
21
22
SIM5
SIM1
SIM2
SIM3
SIM4
1
21
22
SIM5
SIM1
SIM2
SIM3
SIM4
1
21
22
SIM5
SIM1
SIM2
SIM3
SIM4
1
21
22
SIM5
SIM1
SIM2
SIM3
SIM4
1
21
22
SIM5
SIM1
SIM2
SIM3
SIM4
1
21
22
SIM5
SIM1
SIM2
SIM3
SIM4
1
21
22
SIM5
SIM1
SIM2
SIM3
SIM4
1
21
22
SIM5
SIM1
SIM2
SIM3
SIM4
1
21
22
SIM5
SIM1
SIM2
SIM3
SIM4
1
21
22
SIM5
SIM1
SIM2
SIM3
SIM4
1
21
22
SIM5
SIM1
SIM2
SIM3
SIM4
1
21
22
SIM5
SIM1
SIM2
SIM3
SIM4
1
21
22
SIM5
SIM1
SIM2
SIM3
SIM4
1
21
22
SIM5
SIM1
SIM2
SIM3
SIM4
1
21
22
SIM5
SIM1
SIM2
SIM3
SIM4
1
21
22
SIM5
SIM1
SIM2
SIM3
SIM4
1
21
22
SIM5
SIM1
SIM2
SIM3
SIM4
1
21
22
SIM5
SIM1
SIM2
SIM3
SIM4
1
21
22
SIM5
SIM1
SIM2
SIM3
SIM4
1
21
22
SIM5
SIM1
SIM2
SIM3
SIM4
1
21
22
SIM5
SIM1
SIM2
SIM3
SIM4
1
21
22
SIM5
SIM1
SIM2
SIM3
SIM4
1
21
22
SIM5
SIM1
SIM2
SIM3
SIM4
1
21
22
SIM5
SIM1
SIM2
SIM3
SIM4
1
21
22
SIM5
SIM1
SIM2
SIM3
SIM4
1
21
22
SIM5
SIM1
SIM2
SIM3
SIM4
1
21
22
SIM5
SIM1
SIM2
SIM3
SIM4
1
21
22
SIM5
SIM1
SIM2
SIM3
SIM4
1
21
22
SIM5
SIM1
SIM2
SIM3
SIM4
1
21
22
SIM5
SIM1
SIM2
SIM3
SIM4
1
21
22
SIM5
SIM1
SIM2
SIM3
SIM4
1
21
22
SIM5
SIM1
SIM2
SIM3
SIM4
1
21
22
SIM5
SIM1
SIM2
SIM3
SIM4
1
21
22
SIM5
SIM1
SIM2
SIM3
SIM4
1
21
22
SIM5
SIM1
SIM2
SIM3
SIM4
1
21
22
SIM5
SIM1
SIM2
SIM3
SIM4
1
21
22
SIM5
SIM1
SIM2
SIM3
SIM4
1
21
22
SIM5
SIM1
SIM2
DEBUG 1 641
SIM1
SIM2
SIM3
SIM4
1
21
22
SIM5
SIM1
SIM2
SIM3
SIM4
1
21
22
SIM5
SIM1
SIM2
SIM3
SIM4
1
21
22
SIM5
SIM1
SIM2
SIM3
SIM4
1
21
22
SIM5
SIM1
SIM2
SIM3
SIM4
1
21
22
SIM5
SIM1
SIM2
SIM3
SIM4
1
21
22
SIM5
SIM1
SIM2
SIM3
SIM4
1
21
22
SIM5
SIM1
SIM2
SIM3
SIM4
1
21
22
SIM5
SIM1
SIM2
SIM3
SIM4
1
21
22
SIM5
SIM1
SIM2
SIM3
SIM4
1
21
22
SIM5
SIM1
SIM2
SIM3
SIM4
1
21
22
SIM5
SIM1
SIM2
SIM3
SIM4
1
21
22
SIM5
SIM1
SIM2
SIM3
SIM4
1
21
22
SIM5
SIM1
SIM2
SIM3
SIM4
1
21
22
SIM5
SIM1
SIM2
SIM3
SIM4
1
21
22
SIM5
SIM1
SIM2
SIM3
SIM4
1
21
22
SIM5
SIM1
SIM2
SIM3
SIM4
1
21
22
SIM5
SIM1
SIM2
SIM3
SIM4
1
21
22
SIM5
SIM1
SIM2
SIM3
SIM4
1
21
22
SIM5
SIM1
SIM2
SIM3
SIM4
1
21
22
SIM5
SIM1
SIM2
SIM3
SIM4
1
21
22
SIM5
SIM1
SIM2
SIM3
SIM4
1
21
22
SIM5
SIM1
SIM2
SIM3
SIM4
1
21
22
SIM5
SIM1
SIM2
SIM3
SIM4
1
21
22
SIM5
SIM1
SIM2
SIM3
SIM4
1
21
22
SIM5
SIM1
SIM2
SIM3
SIM4
1
21
22
SIM5
SIM1
SIM2
SIM3
SIM4
1
21
22
SIM5
SIM1
SIM2
SIM3
SIM4
1
21
22
SIM5
SIM1
SIM2
SIM3
SIM4
1
21
22
SIM5
SIM1
SIM2
SIM3
SIM4
1
21
22
SIM5
SIM1
SIM2
SIM3
SIM4
1
21
22
SIM5
SIM1
SIM2
SIM3
SIM4
1
21
22
SIM5
SIM1
SIM2
SIM3
SIM4
1
21
22
SIM5
SIM1
SIM2
SIM3
SIM4
1
21
22
SIM5
SIM1
SIM2
SIM3
SIM4
1
21
22
SIM5
SIM1
SIM2
SIM3
SIM4
1
21
22
SIM5
SIM1
SIM2
SIM3
SIM4
1
21
22
SIM5
SIM1
SIM2
SIM3
SIM4
1
21
22
SIM5
SIM1
SIM2
SIM3
SIM4
1
21
22
SIM5
SIM1
SIM2
SIM3
SIM4
1
21
22
SIM5
SIM1
SIM2
SIM3
SIM4
1
21
22
SIM5
SIM1
SIM2
SIM3
SIM4
1
21
22
SIM5
SIM1
SIM2
SIM3
SIM4
1
21
22
SIM5
SIM1
SIM2
SIM3
SIM4
1
21
22
SIM5
SIM1
SIM2
SIM3
SIM4
1
21
22
SIM5
SIM1
SIM2
SIM3
SIM4
1
21
22
SIM5
SIM1
SIM2
SIM3
SIM4
1
21
22
SIM5
SIM1
SIM2
SIM3
SIM4
1
21
22
SIM5
SIM1
SIM2
SIM3
SIM4
1
21
22
SIM5
SIM1
SIM2
SIM3
SIM4
1
21
22
SIM5
SIM1
SIM2
SIM3
SIM4
1
21
22
SIM5
SIM1
SIM2
SIM3
SIM4
1
21
22
SIM5
SIM1
SIM2
SIM3
SIM4
1
21
22
SIM5
SIM1
SIM2
SIM3
SIM4
1
21
22
SIM5
SIM1
SIM2
SIM3
SIM4
1
21
22
SIM5
SIM1
SIM2
SIM3
SIM4
1
21
22
SIM5
SIM1
SIM2
SIM3
SIM4
1
21
22
SIM5
SIM1
SIM2
SIM3
SIM4
1
21
22
SIM5
SIM1
SIM2
SIM3
SIM4
1
21
22
SIM5
SIM1
SIM2
SIM3
SIM4
1
21
22
SIM5
SIM1
SIM2
SIM3
SIM4
1
21
22
SIM5
SIM1
SIM2
SIM3
SIM4
1
21
22
SIM5
SIM1
SIM2
SIM3
SIM4
1
21
22
SIM5
SIM1
SIM2
SIM3
SIM4
1
21
22
SIM5
SIM1
SIM2
SIM3
SIM4
1
21
22
SIM5
SIM1
SIM2
SIM3
SIM4
1
21
22
SIM5
SIM1
SIM2
SIM3
SIM4
1
21
22
SIM5
SIM1
SIM2
SIM3
SIM4
1
21
22
SIM5
SIM1
SIM2
SIM3
SIM4
1
21
22
SIM5
SIM1
SIM2
SIM3
SIM4
1
21
22
SIM5
SIM1
SIM2
SIM3
SIM4
1
21
22
SIM5
SIM1
SIM2
SIM3
SIM4
1
21
22
SIM5
SIM1
SIM2
SIM3
SIM4
1
21
22
SIM5
SIM1
SIM2
SIM3
SIM4
1
21
22
SIM5
SIM1
SIM2
SIM3
SIM4
1
21
22
SIM5
SIM1
SIM2
SIM3
SIM4
1
21
22
SIM5
SIM1
SIM2
SIM3
SIM4
1
21
22
SIM5
SIM1
SIM2
SIM3
SIM4
1
21
22
SIM5
SIM1
SIM2
DEBUG 1 642
SIM1
SIM2
SIM3
SIM4
1
21
22
SIM5
SIM1
SIM2
SIM3
SIM4
1
21
22
SIM5
SIM1
SIM2
SIM3
SIM4
1
21
22
SIM5
SIM1
SIM2
SIM3
SIM4
1
21
22
SIM5
SIM1
SIM2
SIM3
SIM4
1
21
22
SIM5
SIM1
SIM2
SIM3
SIM4
1
21
22
SIM5
SIM1
SIM2
SIM3
SIM4
1
21
22
SIM5
SIM1
SIM2
SIM3
SIM4
1
21
22
SIM5
SIM1
SIM2
SIM3
SIM4
1
21
22
SIM5
SIM1
SIM2
SIM3
SIM4
1
21
22
SIM5
SIM1
SIM2
SIM3
SIM4
1
21
22
SIM5
SIM1
SIM2
SIM3
SIM4
1
21
22
SIM5
SIM1
SIM2
SIM3
SIM4
1
21
22
SIM5
SIM1
SIM2
SIM3
SIM4
1
21
22
SIM5
SIM1
SIM2
SIM3
SIM4
1
21
22
SIM5
SIM1
SIM2
SIM3
SIM4
1
21
22
SIM5
SIM1
SIM2
SIM3
SIM4
1
21
22
SIM5
SIM1
SIM2
SIM3
SIM4
1
21
22
SIM5
SIM1
SIM2
SIM3
SIM4
1
21
22
SIM5
SIM1
SIM2
SIM3
SIM4
1
21
22
SIM5
SIM1
SIM2
SIM3
SIM4
1
21
22
SIM5
SIM1
SIM2
SIM3
SIM4
1
21
22
SIM5
SIM1
SIM2
SIM3
SIM4
1
21
22
SIM5
SIM1
SIM2
SIM3
SIM4
1
21
22
SIM5
SIM1
SIM2
SIM3
SIM4
1
21
22
SIM5
SIM1
SIM2
SIM3
SIM4
1
21
22
SIM5
SIM1
SIM2
SIM3
SIM4
1
21
22
SIM5
SIM1
SIM2
SIM3
SIM4
1
21
22
SIM5
SIM1
SIM2
SIM3
SIM4
1
21
22
SIM5
SIM1
SIM2
SIM3
SIM4
1
21
22
SIM5
SIM1
SIM2
SIM3
SIM4
1
21
22
SIM5
SIM1
SIM2
SIM3
SIM4
1
21
22
SIM5
SIM1
SIM2
SIM3
SIM4
1
21
22
SIM5
SIM1
SIM2
SIM3
SIM4
1
21
22
SIM5
SIM1
SIM2
SIM3
SIM4
1
21
22
SIM5
SIM1
SIM2
SIM3
SIM4
1
21
22
SIM5
SIM1
SIM2
SIM3
SIM4
1
21
22
SIM5
SIM1
SIM2
SIM3
SIM4
1
21
22
SIM5
SIM1
SIM2
SIM3
SIM4
1
21
22
SIM5
SIM1
SIM2
SIM3
SIM4
1
21
22
SIM5
SIM1
SIM2
SIM3
SIM4
1
21
22
SIM5
SIM1
SIM2
SIM3
SIM4
1
21
22
SIM5
SIM1
SIM2
SIM3
SIM4
1
21
22
SIM5
SIM1
SIM2
SIM3
SIM4
1
21
22
SIM5
SIM1
SIM2
SIM3
SIM4
1
21
22
SIM5
SIM1
SIM2
SIM3
SIM4
1
21
22
SIM5
SIM1
SIM2
SIM3
SIM4
1
21
22
SIM5
SIM1
SIM2
SIM3
SIM4
1
21
22
SIM5
SIM1
SIM2
SIM3
SIM4
1
21
22
SIM5
SIM1
SIM2
SIM3
SIM4
1
21
22
SIM5
SIM1
SIM2
SIM3
SIM4
1
21
22
SIM5
SIM1
SIM2
SIM3
SIM4
1
21
22
SIM5
SIM1
SIM2
SIM3
SIM4
1
21
22
SIM5
SIM1
SIM2
SIM3
SIM4
1
21
22
SIM5
SIM1
SIM2
SIM3
SIM4
1
21
22
SIM5
SIM1
SIM2
SIM3
SIM4
1
21
22
SIM5
SIM1
SIM2
SIM3
SIM4
1
21
22
SIM5
SIM1
SIM2
SIM3
SIM4
1
21
22
SIM5
SIM1
SIM2
SIM3
SIM4
1
21
22
SIM5
SIM1
SIM2
SIM3
SIM4
1
21
22
SIM5
SIM1
SIM2
SIM3
SIM4
1
21
22
SIM5
SIM1
SIM2
SIM3
SIM4
1
21
22
SIM5
SIM1
SIM2
SIM3
SIM4
1
21
22
SIM5
SIM1
SIM2
SIM3
SIM4
1
21
22
SIM5
SIM1
SIM2
SIM3
SIM4
1
21
22
SIM5
SIM1
SIM2
SIM3
SIM4
1
21
22
SIM5
SIM1
SIM2
SIM3
SIM4
1
21
22
SIM5
SIM1
SIM2
SIM3
SIM4
1
21
22
SIM5
SIM1
SIM2
SIM3
SIM4
1
21
22
SIM5
SIM1
SIM2
SIM3
SIM4
1
21
22
SIM5
SIM1
SIM2
SIM3
SIM4
1
21
22
SIM5
SIM1
SIM2
SIM3
SIM4
1
21
22
SIM5
SIM1
SIM2
SIM3
SIM4
1
21
22
SIM5
SIM1
SIM2
SIM3
SIM4
1
21
22
SIM5
SIM1
SIM2
SIM3
SIM4
1
21
22
SIM5
SIM1
SIM2
SIM3
SIM4
1
21
22
SIM5
SIM1
SIM2
SIM3
SIM4
1
21
22
SIM5
SIM1
SIM2
SIM3
SIM4
1
21
22
SIM5
SIM1
SIM2
SIM3
SIM4
1
21
22
SIM5
SIM1
SIM2
SIM3
SIM4
1
21
22
SIM5
SIM1
SIM2
SIM3
SIM4
1
21
22
SIM5
SIM1
SIM2
SIM3
SIM4
1
21
22
SIM5
SIM1
SIM2
SIM3
SIM4
1
21
22
SIM5
SIM1
SIM2
SIM3
SIM4
1
21
22
SIM5
SIM1
SIM2
SIM3
SIM4
1
21
22
SIM5
SIM1
SIM2
SIM3
SIM4
1
21
22
SIM5
SIM1
SIM2
SIM3
SIM4
1
21
22
SIM5
SIM1
SIM2
SIM3
SIM4
1
21
22
SIM5
SIM1
SIM2
SIM3
SIM4
1
21
22
SIM5
SIM1
SIM2
SIM3
SIM4
1
21
22
SIM5
SIM1
SIM2
SIM3
SIM4
1
21
22
SIM5
SIM1
SIM2
SIM3
SIM4
1
21
22
SIM5
SIM1
SIM2
SIM3
SIM4
1
21
22
SIM5
SIM1
SIM2
SIM3
SIM4
1
21
22
SIM5
SIM1
SIM2
SIM3
SIM4
1
21
22
SIM5
SIM1
SIM2
SIM3
SIM4
1
21
22
SIM5
SIM1
SIM2
SIM3
SIM4
1
21
22
SIM5
SIM1
SIM2
SIM3
SIM4
1
21
22
SIM5
SIM1
SIM2
SIM3
SIM4
1
21
22
SIM5
SIM1
SIM2
SIM3
SIM4
1
21
22
SIM5
SIM1
SIM2
SIM3
SIM4
1
21
22
SIM5
SIM1
SIM2
SIM3
SIM4
1
21
22
SIM5
SIM1
SIM2
SIM3
SIM4
1
21
22
SIM5
SIM1
SIM2
SIM3
SIM4
1
21
22
SIM5
SIM1
SIM2
SIM3
SIM4
1
21
22
SIM5
SIM1
SIM2
SIM3
SIM4
1
21
22
SIM5
SIM1
SIM2
SIM3
SIM4
1
21
22
SIM5
SIM1
SIM2
SIM3
SIM4
1
21
22
SIM5
SIM1
SIM2
SIM3
SIM4
1
21
22
SIM5
SIM1
SIM2
SIM3
SIM4
1
21
22
SIM5
SIM1
SIM2
SIM3
SIM4
1
21
22
SIM5
SIM1
SIM2
SIM3
SIM4
1
21
22
SIM5
SIM1
SIM2
SIM3
SIM4
1
21
22
SIM5
SIM1
SIM2
SIM3
SIM4
1
21
22
SIM5
SIM1
SIM2
SIM3
SIM4
1
21
22
SIM5
SIM1
SIM2
SIM3
SIM4
1
21
22
SIM5
SIM1
SIM2
SIM3
SIM4
1
21
22
SIM5
SIM1
SIM2
SIM3
SIM4
1
21
22
SIM5
SIM1
SIM2
SIM3
SIM4
1
21
22
SIM5
SIM1
SIM2
SIM3
SIM4
1
21
22
SIM5
SIM1
SIM2
SIM3
SIM4
1
21
22
SIM5
SIM1
SIM2
SIM3
SIM4
1
21
22
SIM5
SIM1
SIM2
SIM3
SIM4
1
21
22
SIM5
SIM1
SIM2
SIM3
SIM4
1
21
22
SIM5
SIM1
SIM2
SIM3
SIM4
1
21
22
SIM5
SIM1
SIM2
SIM3
SIM4
1
21
22
SIM5
SIM1
SIM2
SIM3
SIM4
1
21
22
SIM5
SIM1
SIM2
SIM3
SIM4
1
21
22
SIM5
SIM1
SIM2
SIM3
SIM4
1
21
22
SIM5
SIM1
SIM2
SIM3
SIM4
1
21
22
SIM5
SIM1
SIM2
SIM3
SIM4
1
21
22
SIM5
SIM1
SIM2
SIM3
SIM4
1
21
22
SIM5
SIM1
SIM2
SIM3
SIM4
1
21
22
SIM5
SIM1
SIM2
SIM3
SIM4
1
21
22
SIM5
SIM1
SIM2
SIM3
SIM4
1
21
22
SIM5
SIM1
SIM2
SIM3
SIM4
1
21
22
SIM5
SIM1
SIM2
SIM3
SIM4
1
21
22
SIM5
SIM1
SIM2
SIM3
SIM4
1
21
22
SIM5
SIM1
SIM2
SIM3
SIM4
1
21
22
SIM5
SIM1
SIM2
SIM3
SIM4
1
21
22
SIM5
SIM1
SIM2
SIM3
SIM4
1
21
22
SIM5
SIM1
SIM2
SIM3
SIM4
1
21
22
SIM5
SIM1
SIM2
SIM3
SIM4
1
21
22
SIM5
SIM1
SIM2
SIM3
SIM4
1
21
22
SIM5
SIM1
SIM2
SIM3
SIM4
1
21
22
SIM5
SIM1
SIM2
SIM3
SIM4
1
21
22
SIM5
SIM1
SIM2
SIM3
SIM4
1
21
22
SIM5
SIM1
SIM2
SIM3
SIM4
1
21
22
SIM5
SIM1
SIM2
DEBUG 1 643
SIM1
SIM2
SIM3
SIM4
1
21
22
SIM5
SIM1
SIM2
SIM3
SIM4
1
21
22
SIM5
SIM1
SIM2
SIM3
SIM4
1
21
22
SIM5
SIM1
SIM2
SIM3
SIM4
1
21
22
SIM5
SIM1
SIM2
SIM3
SIM4
1
21
22
SIM5
SIM1
SIM2
SIM3
SIM4
1
21
22
SIM5
SIM1
SIM2
SIM3
SIM4
1
21
22
SIM5
SIM1
SIM2
SIM3
SIM4
1
21
22
SIM5
SIM1
SIM2
SIM3
SIM4
1
21
22
SIM5
SIM1
SIM2
SIM3
SIM4
1
21
22
SIM5
SIM1
SIM2
SIM3
SIM4
1
21
22
SIM5
SIM1
SIM2
SIM3
SIM4
1
21
22
SIM5
SIM1
SIM2
SIM3
SIM4
1
21
22
SIM5
SIM1
SIM2
SIM3
SIM4
1
21
22
SIM5
SIM1
SIM2
SIM3
SIM4
1
21
22
SIM5
SIM1
SIM2
SIM3
SIM4
1
21
22
SIM5
SIM1
SIM2
SIM3
SIM4
1
21
22
SIM5
SIM1
SIM2
SIM3
SIM4
1
21
22
SIM5
SIM1
SIM2
SIM3
SIM4
1
21
22
SIM5
SIM1
SIM2
SIM3
SIM4
1
21
22
SIM5
SIM1
SIM2
SIM3
SIM4
1
21
22
SIM5
SIM1
SIM2
SIM3
SIM4
1
21
22
SIM5
SIM1
SIM2
SIM3
SIM4
1
21
22
SIM5
SIM1
SIM2
SIM3
SIM4
1
21
22
SIM5
SIM1
SIM2
SIM3
SIM4
1
21
22
SIM5
SIM1
SIM2
SIM3
SIM4
1
21
22
SIM5
SIM1
SIM2
SIM3
SIM4
1
21
22
SIM5
SIM1
SIM2
SIM3
SIM4
1
21
22
SIM5
SIM1
SIM2
SIM3
SIM4
1
21
22
SIM5
SIM1
SIM2
SIM3
SIM4
1
21
22
SIM5
SIM1
SIM2
SIM3
SIM4
1
21
22
SIM5
SIM1
SIM2
SIM3
SIM4
1
21
22
SIM5
SIM1
SIM2
SIM3
SIM4
1
21
22
SIM5
SIM1
SIM2
SIM3
SIM4
1
21
22
SIM5
SIM1
SIM2
SIM3
SIM4
1
21
22
SIM5
SIM1
SIM2
SIM3
SIM4
1
21
22
SIM5
SIM1
SIM2
SIM3
SIM4
1
21
22
SIM5
SIM1
SIM2
SIM3
SIM4
1
21
22
SIM5
SIM1
SIM2
SIM3
SIM4
1
21
22
SIM5
SIM1
SIM2
SIM3
SIM4
1
21
22
SIM5
SIM1
SIM2
SIM3
SIM4
1
21
22
SIM5
SIM1
SIM2
SIM3
SIM4
1
21
22
SIM5
SIM1
SIM2
SIM3
SIM4
1
21
22
SIM5
SIM1
SIM2
SIM3
SIM4
1
21
22
SIM5
SIM1
SIM2
SIM3
SIM4
1
21
22
SIM5
SIM1
SIM2
SIM3
SIM4
1
21
22
SIM5
SIM1
SIM2
SIM3
SIM4
1
21
22
SIM5
SIM1
SIM2
SIM3
SIM4
1
21
22
SIM5
SIM1
SIM2
SIM3
SIM4
1
21
22
SIM5
SIM1
SIM2
SIM3
SIM4
1
21
22
SIM5
SIM1
SIM2
SIM3
SIM4
1
21
22
SIM5
SIM1
SIM2
SIM3
SIM4
1
21
22
SIM5
SIM1
SIM2
SIM3
SIM4
1
21
22
SIM5
SIM1
SIM2
SIM3
SIM4
1
21
22
SIM5
SIM1
SIM2
SIM3
SIM4
1
21
22
SIM5
SIM1
SIM2
SIM3
SIM4
1
21
22
SIM5
SIM1
SIM2
SIM3
SIM4
1
21
22
SIM5
SIM1
SIM2
SIM3
SIM4
1
21
22
SIM5
SIM1
SIM2
SIM3
SIM4
1
21
22
SIM5
SIM1
SIM2
SIM3
SIM4
1
21
22
SIM5
SIM1
SIM2
SIM3
SIM4
1
21
22
SIM5
SIM1
SIM2
SIM3
SIM4
1
21
22
SIM5
SIM1
SIM2
SIM3
SIM4
1
21
22
SIM5
SIM1
SIM2
SIM3
SIM4
1
21
22
SIM5
SIM1
SIM2
SIM3
SIM4
1
21
22
SIM5
SIM1
SIM2
SIM3
SIM4
1
21
22
SIM5
SIM1
SIM2
SIM3
SIM4
1
21
22
SIM5
SIM1
SIM2
SIM3
SIM4
1
21
22
SIM5
SIM1
SIM2
SIM3
SIM4
1
21
22
SIM5
SIM1
SIM2
SIM3
SIM4
1
21
22
SIM5
SIM1
SIM2
SIM3
SIM4
1
21
22
SIM5
SIM1
SIM2
SIM3
SIM4
1
21
22
SIM5
SIM1
SIM2
SIM3
SIM4
1
21
22
SIM5
SIM1
SIM2
SIM3
SIM4
1
21
22
SIM5
SIM1
SIM2
SIM3
SIM4
1
21
22
SIM5
SIM1
SIM2
SIM3
SIM4
1
21
22
SIM5
SIM1
SIM2
SIM3
SIM4
1
21
22
SIM5
SIM1
SIM2
SIM3
SIM4
1
21
22
SIM5
SIM1
SIM2
SIM3
SIM4
1
21
22
SIM5
SIM1
SIM2
SIM3
SIM4
1
21
22
SIM5
SIM1
SIM2
SIM3
SIM4
1
21
22
SIM5
SIM1
SIM2
SIM3
SIM4
1
21
22
SIM5
SIM1
SIM2
SIM3
SIM4
1
21
22
SIM5
SIM1
SIM2
SIM3
SIM4
1
21
22
SIM5
SIM1
SIM2
SIM3
SIM4
1
21
22
SIM5
SIM1
SIM2
SIM3
SIM4
1
21
22
SIM5
SIM1
SIM2
SIM3
SIM4
1
21
22
SIM5
SIM1
SIM2
SIM3
SIM4
1
21
22
SIM5
SIM1
SIM2
SIM3
SIM4
1
21
22
SIM5
SIM1
SIM2
SIM3
SIM4
1
21
22
SIM5
SIM1
SIM2
SIM3
SIM4
1
21
22
SIM5
SIM1
SIM2
SIM3
SIM4
1
21
22
SIM5
SIM1
SIM2
SIM3
SIM4
1
21
22
SIM5
SIM1
SIM2
SIM3
SIM4
1
21
22
SIM5
SIM1
SIM2
SIM3
SIM4
1
21
22
SIM5
SIM1
SIM2
SIM3
SIM4
1
21
22
SIM5
SIM1
SIM2
SIM3
SIM4
1
21
22
SIM5
SIM1
SIM2
SIM3
SIM4
1
21
22
SIM5
SIM1
SIM2
SIM3
SIM4
1
21
22
SIM5
SIM1
SIM2
SIM3
SIM4
1
21
22
SIM5
SIM1
SIM2
SIM3
SIM4
1
21
22
SIM5
SIM1
SIM2
SIM3
SIM4
1
21
22
SIM5
SIM1
SIM2
SIM3
SIM4
1
21
22
SIM5
SIM1
SIM2
SIM3
SIM4
1
21
22
SIM5
SIM1
SIM2
SIM3
SIM4
1
21
22
SIM5
SIM1
SIM2
SIM3
SIM4
1
21
22
SIM5
SIM1
SIM2
SIM3
SIM4
1
21
22
SIM5
SIM1
SIM2
SIM3
SIM4
1
21
22
SIM5
SIM1
SIM2
SIM3
SIM4
1
21
22
SIM5
SIM1
SIM2
SIM3
SIM4
1
21
22
SIM5
SIM1
SIM2
SIM3
SIM4
1
21
22
SIM5
SIM1
SIM2
SIM3
SIM4
1
21
22
SIM5
SIM1
SIM2
SIM3
SIM4
1
21
22
SIM5
SIM1
SIM2
SIM3
SIM4
1
21
22
SIM5
SIM1
SIM2
SIM3
SIM4
1
21
22
SIM5
SIM1
SIM2
SIM3
SIM4
1
21
22
SIM5
SIM1
SIM2
SIM3
SIM4
1
21
22
SIM5
SIM1
SIM2
SIM3
SIM4
1
21
22
SIM5
SIM1
SIM2
SIM3
SIM4
1
21
22
SIM5
SIM1
SIM2
SIM3
SIM4
1
21
22
SIM5
SIM1
SIM2
SIM3
SIM4
1
21
22
SIM5
SIM1
SIM2
SIM3
SIM4
1
21
22
SIM5
SIM1
SIM2
SIM3
SIM4
1
21
22
SIM5
SIM1
SIM2
SIM3
SIM4
1
21
22
SIM5
SIM1
SIM2
SIM3
SIM4
1
21
22
SIM5
SIM1
SIM2
DEBUG 1 644
SIM1
SIM2
SIM3
SIM4
1
21
22
SIM5
SIM1
SIM2
SIM3
SIM4
1
21
22
SIM5
SIM1
SIM2
SIM3
SIM4
1
21
22
SIM5
SIM1
SIM2
SIM3
SIM4
1
21
22
SIM5
SIM1
SIM2
SIM3
SIM4
1
21
22
SIM5
SIM1
SIM2
SIM3
SIM4
1
21
22
SIM5
SIM1
SIM2
SIM3
SIM4
1
21
22
SIM5
SIM1
SIM2
SIM3
SIM4
1
21
22
SIM5
SIM1
SIM2
SIM3
SIM4
1
21
22
SIM5
SIM1
SIM2
SIM3
SIM4
1
21
22
SIM5
SIM1
SIM2
SIM3
SIM4
1
21
22
SIM5
SIM1
SIM2
SIM3
SIM4
1
21
22
SIM5
SIM1
SIM2
SIM3
SIM4
1
21
22
SIM5
SIM1
SIM2
SIM3
SIM4
1
21
22
SIM5
SIM1
SIM2
SIM3
SIM4
1
21
22
SIM5
SIM1
SIM2
SIM3
SIM4
1
21
22
SIM5
SIM1
SIM2
SIM3
SIM4
1
21
22
SIM5
SIM1
SIM2
SIM3
SIM4
1
21
22
SIM5
SIM1
SIM2
SIM3
SIM4
1
21
22
SIM5
SIM1
SIM2
SIM3
SIM4
1
21
22
SIM5
SIM1
SIM2
SIM3
SIM4
1
21
22
SIM5
SIM1
SIM2
SIM3
SIM4
1
21
22
SIM5
SIM1
SIM2
SIM3
SIM4
1
21
22
SIM5
SIM1
SIM2
SIM3
SIM4
1
21
22
SIM5
SIM1
SIM2
SIM3
SIM4
1
21
22
SIM5
SIM1
SIM2
SIM3
SIM4
1
21
22
SIM5
SIM1
SIM2
SIM3
SIM4
1
21
22
SIM5
SIM1
SIM2
SIM3
SIM4
1
21
22
SIM5
SIM1
SIM2
SIM3
SIM4
1
21
22
SIM5
SIM1
SIM2
SIM3
SIM4
1
21
22
SIM5
SIM1
SIM2
SIM3
SIM4
1
21
22
SIM5
SIM1
SIM2
SIM3
SIM4
1
21
22
SIM5
SIM1
SIM2
SIM3
SIM4
1
21
22
SIM5
SIM1
SIM2
SIM3
SIM4
1
21
22
SIM5
SIM1
SIM2
SIM3
SIM4
1
21
22
SIM5
SIM1
SIM2
SIM3
SIM4
1
21
22
SIM5
SIM1
SIM2
SIM3
SIM4
1
21
22
SIM5
SIM1
SIM2
SIM3
SIM4
1
21
22
SIM5
SIM1
SIM2
SIM3
SIM4
1
21
22
SIM5
SIM1
SIM2
SIM3
SIM4
1
21
22
SIM5
SIM1
SIM2
SIM3
SIM4
1
21
22
SIM5
SIM1
SIM2
SIM3
SIM4
1
21
22
SIM5
SIM1
SIM2
SIM3
SIM4
1
21
22
SIM5
SIM1
SIM2
SIM3
SIM4
1
21
22
SIM5
SIM1
SIM2
SIM3
SIM4
1
21
22
SIM5
SIM1
SIM2
SIM3
SIM4
1
21
22
SIM5
SIM1
SIM2
SIM3
SIM4
1
21
22
SIM5
SIM1
SIM2
SIM3
SIM4
1
21
22
SIM5
SIM1
SIM2
SIM3
SIM4
1
21
22
SIM5
SIM1
SIM2
SIM3
SIM4
1
21
22
SIM5
SIM1
SIM2
SIM3
SIM4
1
21
22
SIM5
SIM1
SIM2
SIM3
SIM4
1
21
22
SIM5
SIM1
SIM2
SIM3
SIM4
1
21
22
SIM5
SIM1
SIM2
SIM3
SIM4
1
21
22
SIM5
SIM1
SIM2
SIM3
SIM4
1
21
22
SIM5
SIM1
SIM2
SIM3
SIM4
1
21
22
SIM5
SIM1
SIM2
SIM3
SIM4
1
21
22
SIM5
SIM1
SIM2
SIM3
SIM4
1
21
22
SIM5
SIM1
SIM2
SIM3
SIM4
1
21
22
SIM5
SIM1
SIM2
SIM3
SIM4
1
21
22
SIM5
SIM1
SIM2
SIM3
SIM4
1
21
22
SIM5
SIM1
SIM2
SIM3
SIM4
1
21
22
SIM5
SIM1
SIM2
SIM3
SIM4
1
21
22
SIM5
SIM1
SIM2
SIM3
SIM4
1
21
22
SIM5
SIM1
SIM2
SIM3
SIM4
1
21
22
SIM5
SIM1
SIM2
SIM3
SIM4
1
21
22
SIM5
SIM1
SIM2
SIM3
SIM4
1
21
22
SIM5
SIM1
SIM2
SIM3
SIM4
1
21
22
SIM5
SIM1
SIM2
SIM3
SIM4
1
21
22
SIM5
SIM1
SIM2
SIM3
SIM4
1
21
22
SIM5
SIM1
SIM2
SIM3
SIM4
1
21
22
SIM5
SIM1
SIM2
SIM3
SIM4
1
21
22
SIM5
SIM1
SIM2
SIM3
SIM4
1
21
22
SIM5
SIM1
SIM2
SIM3
SIM4
1
21
22
SIM5
SIM1
SIM2
SIM3
SIM4
1
21
22
SIM5
SIM1
SIM2
SIM3
SIM4
1
21
22
SIM5
SIM1
SIM2
SIM3
SIM4
1
21
22
SIM5
SIM1
SIM2
SIM3
SIM4
1
21
22
SIM5
SIM1
SIM2
SIM3
SIM4
1
21
22
SIM5
SIM1
SIM2
SIM3
SIM4
1
21
22
SIM5
SIM1
SIM2
SIM3
SIM4
1
21
22
SIM5
SIM1
SIM2
SIM3
SIM4
1
21
22
SIM5
SIM1
SIM2
SIM3
SIM4
1
21
22
SIM5
SIM1
SIM2
SIM3
SIM4
1
21
22
SIM5
SIM1
SIM2
SIM3
SIM4
1
21
22
SIM5
SIM1
SIM2
SIM3
SIM4
1
21
22
SIM5
SIM1
SIM2
SIM3
SIM4
1
21
22
SIM5
SIM1
SIM2
SIM3
SIM4
1
21
22
SIM5
SIM1
SIM2
SIM3
SIM4
1
21
22
SIM5
SIM1
SIM2
SIM3
SIM4
1
21
22
SIM5
SIM1
SIM2
SIM3
SIM4
1
21
22
SIM5
SIM1
SIM2
SIM3
SIM4
1
21
22
SIM5
SIM1
SIM2
SIM3
SIM4
1
21
22
SIM5
SIM1
SIM2
SIM3
SIM4
1
21
22
SIM5
SIM1
SIM2
SIM3
SIM4
1
21
22
SIM5
SIM1
SIM2
SIM3
SIM4
1
21
22
SIM5
SIM1
SIM2
SIM3
SIM4
1
21
22
SIM5
SIM1
SIM2
SIM3
SIM4
1
21
22
SIM5
SIM1
SIM2
SIM3
SIM4
1
21
22
SIM5
SIM1
SIM2
SIM3
SIM4
1
21
22
SIM5
SIM1
SIM2
SIM3
SIM4
1
21
22
SIM5
SIM1
SIM2
SIM3
SIM4
1
21
22
SIM5
SIM1
SIM2
SIM3
SIM4
1
21
22
SIM5
SIM1
SIM2
SIM3
SIM4
1
21
22
SIM5
SIM1
SIM2
SIM3
SIM4
1
21
22
SIM5
SIM1
SIM2
SIM3
SIM4
1
21
22
SIM5
SIM1
SIM2
SIM3
SIM4
1
21
22
SIM5
SIM1
SIM2
SIM3
SIM4
1
21
22
SIM5
SIM1
SIM2
SIM3
SIM4
1
21
22
SIM5
SIM1
SIM2
SIM3
SIM4
1
21
22
SIM5
SIM1
SIM2
SIM3
SIM4
1
21
22
SIM5
SIM1
SIM2
SIM3
SIM4
1
21
22
SIM5
SIM1
SIM2
SIM3
SIM4
1
21
22
SIM5
SIM1
SIM2
SIM3
SIM4
1
21
22
SIM5
SIM1
SIM2
SIM3
SIM4
1
21
22
SIM5
SIM1
SIM2
SIM3
SIM4
1
21
22
SIM5
SIM1
SIM2
SIM3
SIM4
1
21
22
SIM5
SIM1
SIM2
SIM3
SIM4
1
21
22
SIM5
SIM1
SIM2
SIM3
SIM4
1
21
22
SIM5
SIM1
SIM2
SIM3
SIM4
1
21
22
SIM5
SIM1
SIM2
SIM3
SIM4
1
21
22
SIM5
SIM1
SIM2
SIM3
SIM4
1
21
22
SIM5
SIM1
SIM2
SIM3
SIM4
1
21
22
SIM5
SIM1
SIM2
SIM3
SIM4
1
21
22
SIM5
SIM1
SIM2
SIM3
SIM4
1
21
22
SIM5
SIM1
SIM2
SIM3
SIM4
1
21
22
SIM5
SIM1
SIM2
SIM3
SIM4
1
21
22
SIM5
SIM1
SIM2
SIM3
SIM4
1
21
22
SIM5
SIM1
SIM2
SIM3
SIM4
1
21
22
SIM5
SIM1
SIM2
SIM3
SIM4
1
21
22
SIM5
SIM1
SIM2
SIM3
SIM4
1
21
22
SIM5
SIM1
SIM2
SIM3
SIM4
1
21
22
SIM5
SIM1
SIM2
SIM3
SIM4
1
21
22
SIM5
SIM1
SIM2
SIM3
SIM4
1
21
22
SIM5
SIM1
SIM2
SIM3
SIM4
1
21
22
SIM5
SIM1
SIM2
DEBUG 1 645
SIM1
SIM2
SIM3
SIM4
1
21
22
SIM5
SIM1
SIM2
SIM3
SIM4
1
21
22
SIM5
SIM1
SIM2
SIM3
SIM4
1
21
22
SIM5
SIM1
SIM2
SIM3
SIM4
1
21
22
SIM5
SIM1
SIM2
SIM3
SIM4
1
21
22
SIM5
SIM1
SIM2
SIM3
SIM4
1
21
22
SIM5
SIM1
SIM2
SIM3
SIM4
1
21
22
SIM5
SIM1
SIM2
SIM3
SIM4
1
21
22
SIM5
SIM1
SIM2
SIM3
SIM4
1
21
22
SIM5
SIM1
SIM2
SIM3
SIM4
1
21
22
SIM5
SIM1
SIM2
SIM3
SIM4
1
21
22
SIM5
SIM1
SIM2
SIM3
SIM4
1
21
22
SIM5
SIM1
SIM2
SIM3
SIM4
1
21
22
SIM5
SIM1
SIM2
SIM3
SIM4
1
21
22
SIM5
SIM1
SIM2
SIM3
SIM4
1
21
22
SIM5
SIM1
SIM2
SIM3
SIM4
1
21
22
SIM5
SIM1
SIM2
SIM3
SIM4
1
21
22
SIM5
SIM1
SIM2
SIM3
SIM4
1
21
22
SIM5
SIM1
SIM2
SIM3
SIM4
1
21
22
SIM5
SIM1
SIM2
SIM3
SIM4
1
21
22
SIM5
SIM1
SIM2
SIM3
SIM4
1
21
22
SIM5
SIM1
SIM2
SIM3
SIM4
1
21
22
SIM5
SIM1
SIM2
SIM3
SIM4
1
21
22
SIM5
SIM1
SIM2
SIM3
SIM4
1
21
22
SIM5
SIM1
SIM2
SIM3
SIM4
1
21
22
SIM5
SIM1
SIM2
SIM3
SIM4
1
21
22
SIM5
SIM1
SIM2
SIM3
SIM4
1
21
22
SIM5
SIM1
SIM2
SIM3
SIM4
1
21
22
SIM5
SIM1
SIM2
SIM3
SIM4
1
21
22
SIM5
SIM1
SIM2
SIM3
SIM4
1
21
22
SIM5
SIM1
SIM2
SIM3
SIM4
1
21
22
SIM5
SIM1
SIM2
SIM3
SIM4
1
21
22
SIM5
SIM1
SIM2
SIM3
SIM4
1
21
22
SIM5
SIM1
SIM2
SIM3
SIM4
1
21
22
SIM5
SIM1
SIM2
SIM3
SIM4
1
21
22
SIM5
SIM1
SIM2
SIM3
SIM4
1
21
22
SIM5
SIM1
SIM2
SIM3
SIM4
1
21
22
SIM5
SIM1
SIM2
SIM3
SIM4
1
21
22
SIM5
SIM1
SIM2
SIM3
SIM4
1
21
22
SIM5
SIM1
SIM2
SIM3
SIM4
1
21
22
SIM5
SIM1
SIM2
SIM3
SIM4
1
21
22
SIM5
SIM1
SIM2
SIM3
SIM4
1
21
22
SIM5
SIM1
SIM2
SIM3
SIM4
1
21
22
SIM5
SIM1
SIM2
SIM3
SIM4
1
21
22
SIM5
SIM1
SIM2
SIM3
SIM4
1
21
22
SIM5
SIM1
SIM2
SIM3
SIM4
1
21
22
SIM5
SIM1
SIM2
SIM3
SIM4
1
21
22
SIM5
SIM1
SIM2
SIM3
SIM4
1
21
22
SIM5
SIM1
SIM2
SIM3
SIM4
1
21
22
SIM5
SIM1
SIM2
SIM3
SIM4
1
21
22
SIM5
SIM1
SIM2
SIM3
SIM4
1
21
22
SIM5
SIM1
SIM2
SIM3
SIM4
1
21
22
SIM5
SIM1
SIM2
SIM3
SIM4
1
21
22
SIM5
SIM1
SIM2
SIM3
SIM4
1
21
22
SIM5
SIM1
SIM2
SIM3
SIM4
1
21
22
SIM5
SIM1
SIM2
SIM3
SIM4
1
21
22
SIM5
SIM1
SIM2
SIM3
SIM4
1
21
22
SIM5
SIM1
SIM2
SIM3
SIM4
1
21
22
SIM5
SIM1
SIM2
SIM3
SIM4
1
21
22
SIM5
SIM1
SIM2
SIM3
SIM4
1
21
22
SIM5
SIM1
SIM2
SIM3
SIM4
1
21
22
SIM5
SIM1
SIM2
SIM3
SIM4
1
21
22
SIM5
SIM1
SIM2
SIM3
SIM4
1
21
22
SIM5
SIM1
SIM2
SIM3
SIM4
1
21
22
SIM5
SIM1
SIM2
SIM3
SIM4
1
21
22
SIM5
SIM1
SIM2
SIM3
SIM4
1
21
22
SIM5
SIM1
SIM2
SIM3
SIM4
1
21
22
SIM5
SIM1
SIM2
SIM3
SIM4
1
21
22
SIM5
SIM1
SIM2
SIM3
SIM4
1
21
22
SIM5
SIM1
SIM2
SIM3
SIM4
1
21
22
SIM5
SIM1
SIM2
SIM3
SIM4
1
21
22
SIM5
SIM1
SIM2
SIM3
SIM4
1
21
22
SIM5
SIM1
SIM2
SIM3
SIM4
1
21
22
SIM5
SIM1
SIM2
SIM3
SIM4
1
21
22
SIM5
SIM1
SIM2
SIM3
SIM4
1
21
22
SIM5
SIM1
SIM2
SIM3
SIM4
1
21
22
SIM5
SIM1
SIM2
SIM3
SIM4
1
21
22
SIM5
SIM1
SIM2
SIM3
SIM4
1
21
22
SIM5
SIM1
SIM2
SIM3
SIM4
1
21
22
SIM5
SIM1
SIM2
SIM3
SIM4
1
21
22
SIM5
SIM1
SIM2
SIM3
SIM4
1
21
22
SIM5
SIM1
SIM2
SIM3
SIM4
1
21
22
SIM5
SIM1
SIM2
SIM3
SIM4
1
21
22
SIM5
SIM1
SIM2
SIM3
SIM4
1
21
22
SIM5
SIM1
SIM2
SIM3
SIM4
1
21
22
SIM5
SIM1
SIM2
SIM3
SIM4
1
21
22
SIM5
SIM1
SIM2
SIM3
SIM4
1
21
22
SIM5
SIM1
SIM2
SIM3
SIM4
1
21
22
SIM5
SIM1
SIM2
SIM3
SIM4
1
21
22
SIM5
SIM1
SIM2
SIM3
SIM4
1
21
22
SIM5
SIM1
SIM2
SIM3
SIM4
1
21
22
SIM5
SIM1
SIM2
SIM3
SIM4
1
21
22
SIM5
SIM1
SIM2
SIM3
SIM4
1
21
22
SIM5
SIM1
SIM2
SIM3
SIM4
1
21
22
SIM5
SIM1
SIM2
SIM3
SIM4
1
21
22
SIM5
SIM1
SIM2
SIM3
SIM4
1
21
22
SIM5
SIM1
SIM2
SIM3
SIM4
1
21
22
SIM5
SIM1
SIM2
SIM3
SIM4
1
21
22
SIM5
SIM1
SIM2
SIM3
SIM4
1
21
22
SIM5
SIM1
SIM2
SIM3
SIM4
1
21
22
SIM5
SIM1
SIM2
SIM3
SIM4
1
21
22
SIM5
SIM1
SIM2
SIM3
SIM4
1
21
22
SIM5
SIM1
SIM2
SIM3
SIM4
1
21
22
SIM5
SIM1
SIM2
SIM3
SIM4
1
21
22
SIM5
SIM1
SIM2
SIM3
SIM4
1
21
22
SIM5
SIM1
SIM2
SIM3
SIM4
1
21
22
SIM5
SIM1
SIM2
SIM3
SIM4
1
21
22
SIM5
SIM1
SIM2
SIM3
SIM4
1
21
22
SIM5
SIM1
SIM2
SIM3
SIM4
1
21
22
SIM5
SIM1
SIM2
SIM3
SIM4
1
21
22
SIM5
SIM1
SIM2
SIM3
SIM4
1
21
22
SIM5
SIM1
SIM2
SIM3
SIM4
1
21
22
SIM5
SIM1
SIM2
SIM3
SIM4
1
21
22
SIM5
SIM1
SIM2
SIM3
SIM4
1
21
22
SIM5
SIM1
SIM2
SIM3
SIM4
1
21
22
SIM5
SIM1
SIM2
SIM3
SIM4
1
21
22
SIM5
SIM1
SIM2
SIM3
SIM4
1
21
22
SIM5
SIM1
SIM2
SIM3
SIM4
1
21
22
SIM5
SIM1
SIM2
SIM3
SIM4
1
21
22
SIM5
SIM1
SIM2
SIM3
SIM4
1
21
22
SIM5
SIM1
SIM2
SIM3
SIM4
1
21
22
SIM5
SIM1
SIM2
SIM3
SIM4
1
21
22
SIM5
SIM1
SIM2
SIM3
SIM4
1
21
22
SIM5
SIM1
SIM2
SIM3
SIM4
1
21
22
SIM5
SIM1
SIM2
SIM3
SIM4
1
21
22
SIM5
SIM1
SIM2
SIM3
SIM4
1
21
22
SIM5
SIM1
SIM2
SIM3
SIM4
1
21
22
SIM5
SIM1
SIM2
SIM3
SIM4
1
21
22
SIM5
SIM1
SIM2
SIM3
SIM4
1
21
22
SIM5
SIM1
SIM2
SIM3
SIM4
1
21
22
SIM5
SIM1
SIM2
SIM3
SIM4
1
21
22
SIM5
SIM1
SIM2
SIM3
SIM4
1
21
22
SIM5
SIM1
SIM2
SIM3
SIM4
1
21
22
SIM5
SIM1
SIM2
SIM3
SIM4
1
21
22
SIM5
SIM1
SIM2
SIM3
SIM4
1
21
22
SIM5
SIM1
SIM2
SIM3
SIM4
1
21
22
SIM5
SIM1
SIM2
SIM3
SIM4
1
21
22
SIM5
SIM1
SIM2
SIM3
SIM4
1
21
22
SIM5
SIM1
SIM2
SIM3
SIM4
1
21
22
SIM5
SIM1
SIM2
SIM3
SIM4
1
21
22
SIM5
SIM1
SIM2
SIM3
SIM4
1
21
22
SIM5
SIM1
SIM2
SIM3
SIM4
1
21
22
SIM5
SIM1
SIM2
SIM3
SIM4
1
21
22
SIM5
SIM1
SIM2
SIM3
SIM4
1
21
22
SIM5
SIM1
SIM2
SIM3
SIM4
1
21
22
SIM5
SIM1
SIM2
SIM3
SIM4
1
21
22
SIM5
SIM1
SIM2
SIM3
SIM4
1
21
22
SIM5
SIM1
SIM2
SIM3
SIM4
1
21
22
SIM5
SIM1
SIM2
SIM3
SIM4
1
21
22
SIM5
SIM1
SIM2
SIM3
SIM4
1
21
22
SIM5
SIM1
SIM2
SIM3
SIM4
1
21
22
SIM5
SIM1
SIM2
SIM3
SIM4
1
21
22
SIM5
SIM1
SIM2
SIM3
SIM4
1
21
22
SIM5
SIM1
SIM2
SIM3
SIM4
1
21
22
SIM5
SIM1
SIM2
SIM3
SIM4
1
21
22
SIM5
SIM1
SIM2
SIM3
SIM4
1
21
22
SIM5
SIM1
SIM2
SIM3
SIM4
1
21
22
SIM5
SIM1
SIM2
SIM3
SIM4
1
21
22
SIM5
SIM1
SIM2
SIM3
SIM4
1
21
22
SIM5
SIM1
SIM2
SIM3
SIM4
1
21
22
SIM5
SIM1
SIM2
SIM3
SIM4
1
21
22
SIM5
SIM1
SIM2
SIM3
SIM4
1
21
22
SIM5
SIM1
SIM2
SIM3
SIM4
1
21
22
SIM5
SIM1
SIM2
SIM3
SIM4
1
21
22
SIM5
SIM1
SIM2
SIM3
SIM4
1
21
22
SIM5
SIM1
SIM2
SIM3
SIM4
1
21
22
SIM5
SIM1
SIM2
SIM3
SIM4
1
21
22
SIM5
SIM1
SIM2
SIM3
SIM4
1
21
22
SIM5
SIM1
SIM2
SIM3
SIM4
1
21
22
SIM5
SIM1
SIM2
SIM3
SIM4
1
21
22
SIM5
SIM1
SIM2
SIM3
SIM4
1
21
22
SIM5
SIM1
SIM2
SIM3
SIM4
1
21
22
SIM5
SIM1
SIM2
SIM3
SIM4
1
21
22
SIM5
SIM1
SIM2
DEBUG 1 646
SIM1
SIM2
SIM3
SIM4
1
21
22
SIM5
SIM1
SIM2
SIM3
SIM4
1
21
22
SIM5
SIM1
SIM2
SIM3
SIM4
1
21
22
SIM5
SIM1
SIM2
SIM3
SIM4
1
21
22
SIM5
SIM1
SIM2
SIM3
SIM4
1
21
22
SIM5
SIM1
SIM2
SIM3
SIM4
1
21
22
SIM5
SIM1
SIM2
SIM3
SIM4
1
21
22
SIM5
SIM1
SIM2
SIM3
SIM4
1
21
22
SIM5
SIM1
SIM2
SIM3
SIM4
1
21
22
SIM5
SIM1
SIM2
SIM3
SIM4
1
21
22
SIM5
SIM1
SIM2
SIM3
SIM4
1
21
22
SIM5
SIM1
SIM2
SIM3
SIM4
1
21
22
SIM5
SIM1
SIM2
SIM3
SIM4
1
21
22
SIM5
SIM1
SIM2
SIM3
SIM4
1
21
22
SIM5
SIM1
SIM2
SIM3
SIM4
1
21
22
SIM5
SIM1
SIM2
SIM3
SIM4
1
21
22
SIM5
SIM1
SIM2
SIM3
SIM4
1
21
22
SIM5
SIM1
SIM2
SIM3
SIM4
1
21
22
SIM5
SIM1
SIM2
SIM3
SIM4
1
21
22
SIM5
SIM1
SIM2
SIM3
SIM4
1
21
22
SIM5
SIM1
SIM2
SIM3
SIM4
1
21
22
SIM5
SIM1
SIM2
SIM3
SIM4
1
21
22
SIM5
SIM1
SIM2
SIM3
SIM4
1
21
22
SIM5
SIM1
SIM2
SIM3
SIM4
1
21
22
SIM5
SIM1
SIM2
SIM3
SIM4
1
21
22
SIM5
SIM1
SIM2
SIM3
SIM4
1
21
22
SIM5
SIM1
SIM2
SIM3
SIM4
1
21
22
SIM5
SIM1
SIM2
SIM3
SIM4
1
21
22
SIM5
SIM1
SIM2
SIM3
SIM4
1
21
22
SIM5
SIM1
SIM2
SIM3
SIM4
1
21
22
SIM5
SIM1
SIM2
SIM3
SIM4
1
21
22
SIM5
SIM1
SIM2
SIM3
SIM4
1
21
22
SIM5
SIM1
SIM2
SIM3
SIM4
1
21
22
SIM5
SIM1
SIM2
SIM3
SIM4
1
21
22
SIM5
SIM1
SIM2
SIM3
SIM4
1
21
22
SIM5
SIM1
SIM2
SIM3
SIM4
1
21
22
SIM5
SIM1
SIM2
SIM3
SIM4
1
21
22
SIM5
SIM1
SIM2
SIM3
SIM4
1
21
22
SIM5
SIM1
SIM2
SIM3
SIM4
1
21
22
SIM5
SIM1
SIM2
SIM3
SIM4
1
21
22
SIM5
SIM1
SIM2
SIM3
SIM4
1
21
22
SIM5
SIM1
SIM2
SIM3
SIM4
1
21
22
SIM5
SIM1
SIM2
SIM3
SIM4
1
21
22
SIM5
SIM1
SIM2
SIM3
SIM4
1
21
22
SIM5
SIM1
SIM2
SIM3
SIM4
1
21
22
SIM5
SIM1
SIM2
SIM3
SIM4
1
21
22
SIM5
SIM1
SIM2
SIM3
SIM4
1
21
22
SIM5
SIM1
SIM2
SIM3
SIM4
1
21
22
SIM5
SIM1
SIM2
SIM3
SIM4
1
21
22
SIM5
SIM1
SIM2
SIM3
SIM4
1
21
22
SIM5
SIM1
SIM2
SIM3
SIM4
1
21
22
SIM5
SIM1
SIM2
SIM3
SIM4
1
21
22
SIM5
SIM1
SIM2
SIM3
SIM4
1
21
22
SIM5
SIM1
SIM2
SIM3
SIM4
1
21
22
SIM5
SIM1
SIM2
SIM3
SIM4
1
21
22
SIM5
SIM1
SIM2
SIM3
SIM4
1
21
22
SIM5
SIM1
SIM2
SIM3
SIM4
1
21
22
SIM5
SIM1
SIM2
SIM3
SIM4
1
21
22
SIM5
SIM1
SIM2
SIM3
SIM4
1
21
22
SIM5
SIM1
SIM2
SIM3
SIM4
1
21
22
SIM5
SIM1
SIM2
SIM3
SIM4
1
21
22
SIM5
SIM1
SIM2
SIM3
SIM4
1
21
22
SIM5
SIM1
SIM2
SIM3
SIM4
1
21
22
SIM5
SIM1
SIM2
SIM3
SIM4
1
21
22
SIM5
SIM1
SIM2
SIM3
SIM4
1
21
22
SIM5
SIM1
SIM2
SIM3
SIM4
1
21
22
SIM5
SIM1
SIM2
SIM3
SIM4
1
21
22
SIM5
SIM1
SIM2
SIM3
SIM4
1
21
22
SIM5
SIM1
SIM2
SIM3
SIM4
1
21
22
SIM5
SIM1
SIM2
SIM3
SIM4
1
21
22
SIM5
SIM1
SIM2
SIM3
SIM4
1
21
22
SIM5
SIM1
SIM2
SIM3
SIM4
1
21
22
SIM5
SIM1
SIM2
SIM3
SIM4
1
21
22
SIM5
SIM1
SIM2
SIM3
SIM4
1
21
22
SIM5
SIM1
SIM2
SIM3
SIM4
1
21
22
SIM5
SIM1
SIM2
SIM3
SIM4
1
21
22
SIM5
SIM1
SIM2
SIM3
SIM4
1
21
22
SIM5
SIM1
SIM2
SIM3
SIM4
1
21
22
SIM5
SIM1
SIM2
SIM3
SIM4
1
21
22
SIM5
SIM1
SIM2
SIM3
SIM4
1
21
22
SIM5
SIM1
SIM2
SIM3
SIM4
1
21
22
SIM5
SIM1
SIM2
SIM3
SIM4
1
21
22
SIM5
SIM1
SIM2
SIM3
SIM4
1
21
22
SIM5
SIM1
SIM2
SIM3
SIM4
1
21
22
SIM5
SIM1
SIM2
SIM3
SIM4
1
21
22
SIM5
SIM1
SIM2
SIM3
SIM4
1
21
22
SIM5
SIM1
SIM2
SIM3
SIM4
1
21
22
SIM5
SIM1
SIM2
SIM3
SIM4
1
21
22
SIM5
SIM1
SIM2
SIM3
SIM4
1
21
22
SIM5
SIM1
SIM2
SIM3
SIM4
1
21
22
SIM5
SIM1
SIM2
SIM3
SIM4
1
21
22
SIM5
SIM1
SIM2
SIM3
SIM4
1
21
22
SIM5
SIM1
SIM2
SIM3
SIM4
1
21
22
SIM5
SIM1
SIM2
SIM3
SIM4
1
21
22
SIM5
SIM1
SIM2
SIM3
SIM4
1
21
22
SIM5
SIM1
SIM2
SIM3
SIM4
1
21
22
SIM5
SIM1
SIM2
SIM3
SIM4
1
21
22
SIM5
SIM1
SIM2
SIM3
SIM4
1
21
22
SIM5
SIM1
SIM2
SIM3
SIM4
1
21
22
SIM5
SIM1
SIM2
SIM3
SIM4
1
21
22
SIM5
SIM1
SIM2
SIM3
SIM4
1
21
22
SIM5
SIM1
SIM2
SIM3
SIM4
1
21
22
SIM5
SIM1
SIM2
SIM3
SIM4
1
21
22
SIM5
SIM1
SIM2
SIM3
SIM4
1
21
22
SIM5
SIM1
SIM2
SIM3
SIM4
1
21
22
SIM5
SIM1
SIM2
SIM3
SIM4
1
21
22
SIM5
SIM1
SIM2
SIM3
SIM4
1
21
22
SIM5
SIM1
SIM2
SIM3
SIM4
1
21
22
SIM5
SIM1
SIM2
SIM3
SIM4
1
21
22
SIM5
SIM1
SIM2
SIM3
SIM4
1
21
22
SIM5
SIM1
SIM2
SIM3
SIM4
1
21
22
SIM5
SIM1
SIM2
SIM3
SIM4
1
21
22
SIM5
SIM1
SIM2
SIM3
SIM4
1
21
22
SIM5
SIM1
SIM2
SIM3
SIM4
1
21
22
SIM5
SIM1
SIM2
SIM3
SIM4
1
21
22
SIM5
SIM1
SIM2
SIM3
SIM4
1
21
22
SIM5
SIM1
SIM2
SIM3
SIM4
1
21
22
SIM5
SIM1
SIM2
SIM3
SIM4
1
21
22
SIM5
SIM1
SIM2
SIM3
SIM4
1
21
22
SIM5
SIM1
SIM2
SIM3
SIM4
1
21
22
SIM5
SIM1
SIM2
SIM3
SIM4
1
21
22
SIM5
SIM1
SIM2
SIM3
SIM4
1
21
22
SIM5
SIM1
SIM2
SIM3
SIM4
1
21
22
SIM5
SIM1
SIM2
SIM3
SIM4
1
21
22
SIM5
SIM1
SIM2
SIM3
SIM4
1
21
22
SIM5
SIM1
SIM2
SIM3
SIM4
1
21
22
SIM5
SIM1
SIM2
SIM3
SIM4
1
21
22
SIM5
SIM1
SIM2
SIM3
SIM4
1
21
22
SIM5
SIM1
SIM2
SIM3
SIM4
1
21
22
SIM5
SIM1
SIM2
SIM3
SIM4
1
21
22
SIM5
SIM1
SIM2
SIM3
SIM4
1
21
22
SIM5
SIM1
SIM2
SIM3
SIM4
1
21
22
SIM5
SIM1
SIM2
SIM3
SIM4
1
21
22
SIM5
SIM1
SIM2
SIM3
SIM4
1
21
22
SIM5
SIM1
SIM2
SIM3
SIM4
1
21
22
SIM5
SIM1
SIM2
SIM3
SIM4
1
21
22
SIM5
SIM1
SIM2
SIM3
SIM4
1
21
22
SIM5
SIM1
SIM2
SIM3
SIM4
1
21
22
SIM5
SIM1
SIM2
SIM3
SIM4
1
21
22
SIM5
SIM1
SIM2
SIM3
SIM4
1
21
22
SIM5
SIM1
SIM2
SIM3
SIM4
1
21
22
SIM5
SIM1
SIM2
SIM3
SIM4
1
21
22
SIM5
SIM1
SIM2
SIM3
SIM4
1
21
22
SIM5
SIM1
SIM2
SIM3
SIM4
1
21
22
SIM5
SIM1
SIM2
SIM3
SIM4
1
21
22
SIM5
SIM1
SIM2
SIM3
SIM4
1
21
22
SIM5
SIM1
SIM2
SIM3
SIM4
1
21
22
SIM5
SIM1
SIM2
SIM3
SIM4
1
21
22
SIM5
SIM1
SIM2
SIM3
SIM4
1
21
22
SIM5
SIM1
SIM2
SIM3
SIM4
1
21
22
SIM5
SIM1
SIM2
SIM3
SIM4
1
21
22
SIM5
SIM1
SIM2
SIM3
SIM4
1
21
22
SIM5
SIM1
SIM2
SIM3
SIM4
1
21
22
SIM5
SIM1
SIM2
SIM3
SIM4
1
21
22
SIM5
SIM1
SIM2
SIM3
SIM4
1
21
22
SIM5
SIM1
SIM2
SIM3
SIM4
1
21
22
SIM5
SIM1
SIM2
SIM3
SIM4
1
21
22
SIM5
SIM1
SIM2
SIM3
SIM4
1
21
22
SIM5
SIM1
SIM2
SIM3
SIM4
1
21
22
SIM5
SIM1
SIM2
SIM3
SIM4
1
21
22
SIM5
SIM1
SIM2
SIM3
SIM4
1
21
22
SIM5
SIM1
SIM2
SIM3
SIM4
1
21
22
SIM5
SIM1
SIM2
SIM3
SIM4
1
21
22
SIM5
SIM1
SIM2
SIM3
SIM4
1
21
22
SIM5
SIM1
SIM2
SIM3
SIM4
1
21
22
SIM5
SIM1
SIM2
SIM3
SIM4
1
21
22
SIM5
SIM1
SIM2
SIM3
SIM4
1
21
22
SIM5
SIM1
SIM2
SIM3
SIM4
1
21
22
SIM5
SIM1
SIM2
SIM3
SIM4
1
21
22
SIM5
SIM1
SIM2
SIM3
SIM4
1
21
22
SIM5
SIM1
SIM2
SIM3
SIM4
1
21
22
SIM5
SIM1
SIM2
SIM3
SIM4
1
21
22
SIM5
SIM1
SIM2
SIM3
SIM4
1
21
22
SIM5
SIM1
SIM2
SIM3
SIM4
1
21
22
SIM5
SIM1
SIM2
SIM3
SIM4
1
21
22
SIM5
SIM1
SIM2
SIM3
SIM4
1
21
22
SIM5
SIM1
SIM2
SIM3
SIM4
1
21
22
SIM5
SIM1
SIM2
SIM3
SIM4
1
21
22
SIM5
SIM1
SIM2
SIM3
SIM4
1
21
22
SIM5
SIM1
SIM2
SIM3
SIM4
1
21
22
SIM5
SIM1
SIM2
SIM3
SIM4
1
21
22
SIM5
SIM1
SIM2
SIM3
SIM4
1
21
22
SIM5
SIM1
SIM2
SIM3
SIM4
1
21
22
SIM5
SIM1
SIM2
SIM3
SIM4
1
21
22
SIM5
SIM1
SIM2
SIM3
SIM4
1
21
22
SIM5
SIM1
SIM2
SIM3
SIM4
1
21
22
SIM5
SIM1
SIM2
SIM3
SIM4
1
21
22
SIM5
SIM1
SIM2
SIM3
SIM4
1
21
22
SIM5
SIM1
SIM2
SIM3
SIM4
1
21
22
SIM5
SIM1
SIM2
SIM3
SIM4
1
21
22
SIM5
SIM1
SIM2
SIM3
SIM4
1
21
22
SIM5
SIM1
SIM2
SIM3
SIM4
1
21
22
SIM5
SIM1
SIM2
SIM3
SIM4
1
21
22
SIM5
SIM1
SIM2
SIM3
SIM4
1
21
22
SIM5
SIM1
SIM2
SIM3
SIM4
1
21
22
SIM5
SIM1
SIM2
SIM3
SIM4
1
21
22
SIM5
SIM1
SIM2
SIM3
SIM4
1
21
22
SIM5
SIM1
SIM2
SIM3
SIM4
1
21
22
SIM5
SIM1
SIM2
SIM3
SIM4
1
21
22
SIM5
SIM1
SIM2
SIM3
SIM4
1
21
22
SIM5
SIM1
SIM2
SIM3
SIM4
1
21
22
SIM5
SIM1
SIM2
SIM3
SIM4
1
21
22
SIM5
SIM1
SIM2
SIM3
SIM4
1
21
22
SIM5
SIM1
SIM2
SIM3
SIM4
1
21
22
SIM5
SIM1
SIM2
SIM3
SIM4
1
21
22
SIM5
SIM1
SIM2
SIM3
SIM4
1
21
22
SIM5
SIM1
SIM2
SIM3
SIM4
1
21
22
SIM5
SIM1
SIM2
SIM3
SIM4
1
21
22
SIM5
SIM1
SIM2
SIM3
SIM4
1
21
22
SIM5
SIM1
SIM2
SIM3
SIM4
1
21
22
SIM5
SIM1
SIM2
SIM3
SIM4
1
21
22
SIM5
SIM1
SIM2
SIM3
SIM4
1
21
22
SIM5
SIM1
SIM2
SIM3
SIM4
1
21
22
SIM5
SIM1
SIM2
SIM3
SIM4
1
21
22
SIM5
SIM1
SIM2
SIM3
SIM4
1
21
22
SIM5
SIM1
SIM2
SIM3
SIM4
1
21
22
SIM5
SIM1
SIM2
SIM3
SIM4
1
21
22
SIM5
SIM1
SIM2
SIM3
SIM4
1
21
22
SIM5
SIM1
SIM2
SIM3
SIM4
1
21
22
SIM5
SIM1
SIM2
SIM3
SIM4
1
21
22
SIM5
SIM1
SIM2
SIM3
SIM4
1
21
22
SIM5
SIM1
SIM2
SIM3
SIM4
1
21
22
SIM5
SIM1
SIM2
SIM3
SIM4
1
21
22
SIM5
SIM1
SIM2
SIM3
SIM4
1
21
22
SIM5
SIM1
SIM2
SIM3
SIM4
1
21
22
SIM5
SIM1
SIM2
DEBUG 1 647
SIM1
SIM2
SIM3
SIM4
1
21
22
SIM5
SIM1
SIM2
SIM3
SIM4
1
21
22
SIM5
SIM1
SIM2
SIM3
SIM4
1
21
22
SIM5
SIM1
SIM2
SIM3
SIM4
1
21
22
SIM5
SIM1
SIM2
SIM3
SIM4
1
21
22
SIM5
SIM1
SIM2
SIM3
SIM4
1
21
22
SIM5
SIM1
SIM2
SIM3
SIM4
1
21
22
SIM5
SIM1
SIM2
SIM3
SIM4
1
21
22
SIM5
SIM1
SIM2
SIM3
SIM4
1
21
22
SIM5
SIM1
SIM2
SIM3
SIM4
1
21
22
SIM5
SIM1
SIM2
SIM3
SIM4
1
21
22
SIM5
SIM1
SIM2
SIM3
SIM4
1
21
22
SIM5
SIM1
SIM2
SIM3
SIM4
1
21
22
SIM5
SIM1
SIM2
SIM3
SIM4
1
21
22
SIM5
SIM1
SIM2
SIM3
SIM4
1
21
22
SIM5
SIM1
SIM2
SIM3
SIM4
1
21
22
SIM5
SIM1
SIM2
SIM3
SIM4
1
21
22
SIM5
SIM1
SIM2
SIM3
SIM4
1
21
22
SIM5
SIM1
SIM2
SIM3
SIM4
1
21
22
SIM5
SIM1
SIM2
SIM3
SIM4
1
21
22
SIM5
SIM1
SIM2
SIM3
SIM4
1
21
22
SIM5
SIM1
SIM2
SIM3
SIM4
1
21
22
SIM5
SIM1
SIM2
SIM3
SIM4
1
21
22
SIM5
SIM1
SIM2
SIM3
SIM4
1
21
22
SIM5
SIM1
SIM2
SIM3
SIM4
1
21
22
SIM5
SIM1
SIM2
SIM3
SIM4
1
21
22
SIM5
SIM1
SIM2
SIM3
SIM4
1
21
22
SIM5
SIM1
SIM2
SIM3
SIM4
1
21
22
SIM5
SIM1
SIM2
SIM3
SIM4
1
21
22
SIM5
SIM1
SIM2
SIM3
SIM4
1
21
22
SIM5
SIM1
SIM2
SIM3
SIM4
1
21
22
SIM5
SIM1
SIM2
SIM3
SIM4
1
21
22
SIM5
SIM1
SIM2
SIM3
SIM4
1
21
22
SIM5
SIM1
SIM2
SIM3
SIM4
1
21
22
SIM5
SIM1
SIM2
SIM3
SIM4
1
21
22
SIM5
SIM1
SIM2
SIM3
SIM4
1
21
22
SIM5
SIM1
SIM2
SIM3
SIM4
1
21
22
SIM5
SIM1
SIM2
SIM3
SIM4
1
21
22
SIM5
SIM1
SIM2
SIM3
SIM4
1
21
22
SIM5
SIM1
SIM2
SIM3
SIM4
1
21
22
SIM5
SIM1
SIM2
SIM3
SIM4
1
21
22
SIM5
SIM1
SIM2
SIM3
SIM4
1
21
22
SIM5
SIM1
SIM2
SIM3
SIM4
1
21
22
SIM5
SIM1
SIM2
SIM3
SIM4
1
21
22
SIM5
SIM1
SIM2
SIM3
SIM4
1
21
22
SIM5
SIM1
SIM2
SIM3
SIM4
1
21
22
SIM5
SIM1
SIM2
SIM3
SIM4
1
21
22
SIM5
SIM1
SIM2
SIM3
SIM4
1
21
22
SIM5
SIM1
SIM2
SIM3
SIM4
1
21
22
SIM5
SIM1
SIM2
SIM3
SIM4
1
21
22
SIM5
SIM1
SIM2
SIM3
SIM4
1
21
22
SIM5
SIM1
SIM2
SIM3
SIM4
1
21
22
SIM5
SIM1
SIM2
SIM3
SIM4
1
21
22
SIM5
SIM1
SIM2
SIM3
SIM4
1
21
22
SIM5
SIM1
SIM2
SIM3
SIM4
1
21
22
SIM5
SIM1
SIM2
SIM3
SIM4
1
21
22
SIM5
SIM1
SIM2
SIM3
SIM4
1
21
22
SIM5
SIM1
SIM2
SIM3
SIM4
1
21
22
SIM5
SIM1
SIM2
SIM3
SIM4
1
21
22
SIM5
SIM1
SIM2
SIM3
SIM4
1
21
22
SIM5
SIM1
SIM2
SIM3
SIM4
1
21
22
SIM5
SIM1
SIM2
SIM3
SIM4
1
21
22
SIM5
SIM1
SIM2
SIM3
SIM4
1
21
22
SIM5
SIM1
SIM2
SIM3
SIM4
1
21
22
SIM5
SIM1
SIM2
SIM3
SIM4
1
21
22
SIM5
SIM1
SIM2
SIM3
SIM4
1
21
22
SIM5
SIM1
SIM2
SIM3
SIM4
1
21
22
SIM5
SIM1
SIM2
SIM3
SIM4
1
21
22
SIM5
SIM1
SIM2
SIM3
SIM4
1
21
22
SIM5
SIM1
SIM2
SIM3
SIM4
1
21
22
SIM5
SIM1
SIM2
SIM3
SIM4
1
21
22
SIM5
SIM1
SIM2
SIM3
SIM4
1
21
22
SIM5
SIM1
SIM2
SIM3
SIM4
1
21
22
SIM5
SIM1
SIM2
SIM3
SIM4
1
21
22
SIM5
SIM1
SIM2
SIM3
SIM4
1
21
22
SIM5
SIM1
SIM2
SIM3
SIM4
1
21
22
SIM5
SIM1
SIM2
SIM3
SIM4
1
21
22
SIM5
SIM1
SIM2
SIM3
SIM4
1
21
22
SIM5
SIM1
SIM2
SIM3
SIM4
1
21
22
SIM5
SIM1
SIM2
SIM3
SIM4
1
21
22
SIM5
SIM1
SIM2
SIM3
SIM4
1
21
22
SIM5
SIM1
SIM2
SIM3
SIM4
1
21
22
SIM5
SIM1
SIM2
SIM3
SIM4
1
21
22
SIM5
SIM1
SIM2
SIM3
SIM4
1
21
22
SIM5
SIM1
SIM2
SIM3
SIM4
1
21
22
SIM5
SIM1
SIM2
SIM3
SIM4
1
21
22
SIM5
SIM1
SIM2
SIM3
SIM4
1
21
22
SIM5
SIM1
SIM2
SIM3
SIM4
1
21
22
SIM5
SIM1
SIM2
SIM3
SIM4
1
21
22
SIM5
SIM1
SIM2
SIM3
SIM4
1
21
22
SIM5
SIM1
SIM2
SIM3
SIM4
1
21
22
SIM5
SIM1
SIM2
SIM3
SIM4
1
21
22
SIM5
SIM1
SIM2
SIM3
SIM4
1
21
22
SIM5
SIM1
SIM2
SIM3
SIM4
1
21
22
SIM5
SIM1
SIM2
SIM3
SIM4
1
21
22
SIM5
SIM1
SIM2
SIM3
SIM4
1
21
22
SIM5
SIM1
SIM2
SIM3
SIM4
1
21
22
SIM5
SIM1
SIM2
SIM3
SIM4
1
21
22
SIM5
SIM1
SIM2
SIM3
SIM4
1
21
22
SIM5
SIM1
SIM2
SIM3
SIM4
1
21
22
SIM5
SIM1
SIM2
SIM3
SIM4
1
21
22
SIM5
SIM1
SIM2
SIM3
SIM4
1
21
22
SIM5
SIM1
SIM2
SIM3
SIM4
1
21
22
SIM5
SIM1
SIM2
SIM3
SIM4
1
21
22
SIM5
SIM1
SIM2
SIM3
SIM4
1
21
22
SIM5
SIM1
SIM2
SIM3
SIM4
1
21
22
SIM5
SIM1
SIM2
SIM3
SIM4
1
21
22
SIM5
SIM1
SIM2
SIM3
SIM4
1
21
22
SIM5
SIM1
SIM2
SIM3
SIM4
1
21
22
SIM5
SIM1
SIM2
SIM3
SIM4
1
21
22
SIM5
SIM1
SIM2
SIM3
SIM4
1
21
22
SIM5
SIM1
SIM2
SIM3
SIM4
1
21
22
SIM5
SIM1
SIM2
SIM3
SIM4
1
21
22
SIM5
SIM1
SIM2
SIM3
SIM4
1
21
22
SIM5
SIM1
SIM2
SIM3
SIM4
1
21
22
SIM5
SIM1
SIM2
SIM3
SIM4
1
21
22
SIM5
SIM1
SIM2
SIM3
SIM4
1
21
22
SIM5
SIM1
SIM2
SIM3
SIM4
1
21
22
SIM5
SIM1
SIM2
SIM3
SIM4
1
21
22
SIM5
SIM1
SIM2
SIM3
SIM4
1
21
22
SIM5
SIM1
SIM2
SIM3
SIM4
1
21
22
SIM5
SIM1
SIM2
SIM3
SIM4
1
21
22
SIM5
SIM1
SIM2
SIM3
SIM4
1
21
22
SIM5
SIM1
SIM2
SIM3
SIM4
1
21
22
SIM5
SIM1
SIM2
SIM3
SIM4
1
21
22
SIM5
SIM1
SIM2
SIM3
SIM4
1
21
22
SIM5
SIM1
SIM2
SIM3
SIM4
1
21
22
SIM5
SIM1
SIM2
SIM3
SIM4
1
21
22
SIM5
SIM1
SIM2
DEBUG 1 648
SIM1
SIM2
SIM3
SIM4
1
21
22
SIM5
SIM1
SIM2
SIM3
SIM4
1
21
22
SIM5
SIM1
SIM2
SIM3
SIM4
1
21
22
SIM5
SIM1
SIM2
SIM3
SIM4
1
21
22
SIM5
SIM1
SIM2
SIM3
SIM4
1
21
22
SIM5
SIM1
SIM2
SIM3
SIM4
1
21
22
SIM5
SIM1
SIM2
SIM3
SIM4
1
21
22
SIM5
SIM1
SIM2
SIM3
SIM4
1
21
22
SIM5
SIM1
SIM2
SIM3
SIM4
1
21
22
SIM5
SIM1
SIM2
SIM3
SIM4
1
21
22
SIM5
SIM1
SIM2
SIM3
SIM4
1
21
22
SIM5
SIM1
SIM2
SIM3
SIM4
1
21
22
SIM5
SIM1
SIM2
SIM3
SIM4
1
21
22
SIM5
SIM1
SIM2
SIM3
SIM4
1
21
22
SIM5
SIM1
SIM2
SIM3
SIM4
1
21
22
SIM5
SIM1
SIM2
SIM3
SIM4
1
21
22
SIM5
SIM1
SIM2
SIM3
SIM4
1
21
22
SIM5
SIM1
SIM2
SIM3
SIM4
1
21
22
SIM5
SIM1
SIM2
SIM3
SIM4
1
21
22
SIM5
SIM1
SIM2
SIM3
SIM4
1
21
22
SIM5
SIM1
SIM2
SIM3
SIM4
1
21
22
SIM5
SIM1
SIM2
SIM3
SIM4
1
21
22
SIM5
SIM1
SIM2
SIM3
SIM4
1
21
22
SIM5
SIM1
SIM2
SIM3
SIM4
1
21
22
SIM5
SIM1
SIM2
SIM3
SIM4
1
21
22
SIM5
SIM1
SIM2
SIM3
SIM4
1
21
22
SIM5
SIM1
SIM2
SIM3
SIM4
1
21
22
SIM5
SIM1
SIM2
SIM3
SIM4
1
21
22
SIM5
SIM1
SIM2
SIM3
SIM4
1
21
22
SIM5
SIM1
SIM2
SIM3
SIM4
1
21
22
SIM5
SIM1
SIM2
SIM3
SIM4
1
21
22
SIM5
SIM1
SIM2
SIM3
SIM4
1
21
22
SIM5
SIM1
SIM2
SIM3
SIM4
1
21
22
SIM5
SIM1
SIM2
SIM3
SIM4
1
21
22
SIM5
SIM1
SIM2
SIM3
SIM4
1
21
22
SIM5
SIM1
SIM2
SIM3
SIM4
1
21
22
SIM5
SIM1
SIM2
SIM3
SIM4
1
21
22
SIM5
SIM1
SIM2
SIM3
SIM4
1
21
22
SIM5
SIM1
SIM2
SIM3
SIM4
1
21
22
SIM5
SIM1
SIM2
SIM3
SIM4
1
21
22
SIM5
SIM1
SIM2
SIM3
SIM4
1
21
22
SIM5
SIM1
SIM2
SIM3
SIM4
1
21
22
SIM5
SIM1
SIM2
SIM3
SIM4
1
21
22
SIM5
SIM1
SIM2
SIM3
SIM4
1
21
22
SIM5
SIM1
SIM2
SIM3
SIM4
1
21
22
SIM5
SIM1
SIM2
SIM3
SIM4
1
21
22
SIM5
SIM1
SIM2
SIM3
SIM4
1
21
22
SIM5
SIM1
SIM2
SIM3
SIM4
1
21
22
SIM5
SIM1
SIM2
SIM3
SIM4
1
21
22
SIM5
SIM1
SIM2
SIM3
SIM4
1
21
22
SIM5
SIM1
SIM2
SIM3
SIM4
1
21
22
SIM5
SIM1
SIM2
SIM3
SIM4
1
21
22
SIM5
SIM1
SIM2
SIM3
SIM4
1
21
22
SIM5
SIM1
SIM2
SIM3
SIM4
1
21
22
SIM5
SIM1
SIM2
SIM3
SIM4
1
21
22
SIM5
SIM1
SIM2
SIM3
SIM4
1
21
22
SIM5
SIM1
SIM2
SIM3
SIM4
1
21
22
SIM5
SIM1
SIM2
SIM3
SIM4
1
21
22
SIM5
SIM1
SIM2
SIM3
SIM4
1
21
22
SIM5
SIM1
SIM2
SIM3
SIM4
1
21
22
SIM5
SIM1
SIM2
SIM3
SIM4
1
21
22
SIM5
SIM1
SIM2
SIM3
SIM4
1
21
22
SIM5
SIM1
SIM2
SIM3
SIM4
1
21
22
SIM5
SIM1
SIM2
SIM3
SIM4
1
21
22
SIM5
SIM1
SIM2
SIM3
SIM4
1
21
22
SIM5
SIM1
SIM2
SIM3
SIM4
1
21
22
SIM5
SIM1
SIM2
SIM3
SIM4
1
21
22
SIM5
SIM1
SIM2
SIM3
SIM4
1
21
22
SIM5
SIM1
SIM2
SIM3
SIM4
1
21
22
SIM5
SIM1
SIM2
SIM3
SIM4
1
21
22
SIM5
SIM1
SIM2
SIM3
SIM4
1
21
22
SIM5
SIM1
SIM2
SIM3
SIM4
1
21
22
SIM5
SIM1
SIM2
SIM3
SIM4
1
21
22
SIM5
SIM1
SIM2
SIM3
SIM4
1
21
22
SIM5
SIM1
SIM2
SIM3
SIM4
1
21
22
SIM5
SIM1
SIM2
SIM3
SIM4
1
21
22
SIM5
SIM1
SIM2
SIM3
SIM4
1
21
22
SIM5
SIM1
SIM2
SIM3
SIM4
1
21
22
SIM5
SIM1
SIM2
SIM3
SIM4
1
21
22
SIM5
SIM1
SIM2
SIM3
SIM4
1
21
22
SIM5
SIM1
SIM2
SIM3
SIM4
1
21
22
SIM5
SIM1
SIM2
SIM3
SIM4
1
21
22
SIM5
SIM1
SIM2
SIM3
SIM4
1
21
22
SIM5
SIM1
SIM2
SIM3
SIM4
1
21
22
SIM5
SIM1
SIM2
SIM3
SIM4
1
21
22
SIM5
SIM1
SIM2
SIM3
SIM4
1
21
22
SIM5
SIM1
SIM2
SIM3
SIM4
1
21
22
SIM5
SIM1
SIM2
SIM3
SIM4
1
21
22
SIM5
SIM1
SIM2
SIM3
SIM4
1
21
22
SIM5
SIM1
SIM2
SIM3
SIM4
1
21
22
SIM5
SIM1
SIM2
SIM3
SIM4
1
21
22
SIM5
SIM1
SIM2
SIM3
SIM4
1
21
22
SIM5
SIM1
SIM2
SIM3
SIM4
1
21
22
SIM5
SIM1
SIM2
SIM3
SIM4
1
21
22
SIM5
SIM1
SIM2
SIM3
SIM4
1
21
22
SIM5
SIM1
SIM2
SIM3
SIM4
1
21
22
SIM5
SIM1
SIM2
SIM3
SIM4
1
21
22
SIM5
SIM1
SIM2
SIM3
SIM4
1
21
22
SIM5
SIM1
SIM2
SIM3
SIM4
1
21
22
SIM5
SIM1
SIM2
SIM3
SIM4
1
21
22
SIM5
SIM1
SIM2
SIM3
SIM4
1
21
22
SIM5
SIM1
SIM2
SIM3
SIM4
1
21
22
SIM5
SIM1
SIM2
SIM3
SIM4
1
21
22
SIM5
SIM1
SIM2
SIM3
SIM4
1
21
22
SIM5
SIM1
SIM2
SIM3
SIM4
1
21
22
SIM5
SIM1
SIM2
SIM3
SIM4
1
21
22
SIM5
SIM1
SIM2
SIM3
SIM4
1
21
22
SIM5
SIM1
SIM2
SIM3
SIM4
1
21
22
SIM5
SIM1
SIM2
SIM3
SIM4
1
21
22
SIM5
SIM1
SIM2
SIM3
SIM4
1
21
22
SIM5
SIM1
SIM2
SIM3
SIM4
1
21
22
SIM5
SIM1
SIM2
SIM3
SIM4
1
21
22
SIM5
SIM1
SIM2
SIM3
SIM4
1
21
22
SIM5
SIM1
SIM2
SIM3
SIM4
1
21
22
SIM5
SIM1
SIM2
DEBUG 1 649
SIM1
SIM2
SIM3
SIM4
1
21
22
SIM5
SIM1
SIM2
SIM3
SIM4
1
21
22
SIM5
SIM1
SIM2
SIM3
SIM4
1
21
22
SIM5
SIM1
SIM2
SIM3
SIM4
1
21
22
SIM5
SIM1
SIM2
SIM3
SIM4
1
21
22
SIM5
SIM1
SIM2
SIM3
SIM4
1
21
22
SIM5
SIM1
SIM2
SIM3
SIM4
1
21
22
SIM5
SIM1
SIM2
SIM3
SIM4
1
21
22
SIM5
SIM1
SIM2
SIM3
SIM4
1
21
22
SIM5
SIM1
SIM2
SIM3
SIM4
1
21
22
SIM5
SIM1
SIM2
SIM3
SIM4
1
21
22
SIM5
SIM1
SIM2
SIM3
SIM4
1
21
22
SIM5
SIM1
SIM2
SIM3
SIM4
1
21
22
SIM5
SIM1
SIM2
SIM3
SIM4
1
21
22
SIM5
SIM1
SIM2
SIM3
SIM4
1
21
22
SIM5
SIM1
SIM2
SIM3
SIM4
1
21
22
SIM5
SIM1
SIM2
SIM3
SIM4
1
21
22
SIM5
SIM1
SIM2
SIM3
SIM4
1
21
22
SIM5
SIM1
SIM2
SIM3
SIM4
1
21
22
SIM5
SIM1
SIM2
SIM3
SIM4
1
21
22
SIM5
SIM1
SIM2
SIM3
SIM4
1
21
22
SIM5
SIM1
SIM2
SIM3
SIM4
1
21
22
SIM5
SIM1
SIM2
SIM3
SIM4
1
21
22
SIM5
SIM1
SIM2
SIM3
SIM4
1
21
22
SIM5
SIM1
SIM2
SIM3
SIM4
1
21
22
SIM5
SIM1
SIM2
SIM3
SIM4
1
21
22
SIM5
SIM1
SIM2
SIM3
SIM4
1
21
22
SIM5
SIM1
SIM2
SIM3
SIM4
1
21
22
SIM5
SIM1
SIM2
SIM3
SIM4
1
21
22
SIM5
SIM1
SIM2
SIM3
SIM4
1
21
22
SIM5
SIM1
SIM2
SIM3
SIM4
1
21
22
SIM5
SIM1
SIM2
SIM3
SIM4
1
21
22
SIM5
SIM1
SIM2
SIM3
SIM4
1
21
22
SIM5
SIM1
SIM2
SIM3
SIM4
1
21
22
SIM5
SIM1
SIM2
SIM3
SIM4
1
21
22
SIM5
SIM1
SIM2
SIM3
SIM4
1
21
22
SIM5
SIM1
SIM2
SIM3
SIM4
1
21
22
SIM5
SIM1
SIM2
SIM3
SIM4
1
21
22
SIM5
SIM1
SIM2
SIM3
SIM4
1
21
22
SIM5
SIM1
SIM2
SIM3
SIM4
1
21
22
SIM5
SIM1
SIM2
SIM3
SIM4
1
21
22
SIM5
SIM1
SIM2
SIM3
SIM4
1
21
22
SIM5
SIM1
SIM2
SIM3
SIM4
1
21
22
SIM5
SIM1
SIM2
SIM3
SIM4
1
21
22
SIM5
SIM1
SIM2
SIM3
SIM4
1
21
22
SIM5
SIM1
SIM2
SIM3
SIM4
1
21
22
SIM5
SIM1
SIM2
SIM3
SIM4
1
21
22
SIM5
SIM1
SIM2
SIM3
SIM4
1
21
22
SIM5
SIM1
SIM2
SIM3
SIM4
1
21
22
SIM5
SIM1
SIM2
SIM3
SIM4
1
21
22
SIM5
SIM1
SIM2
SIM3
SIM4
1
21
22
SIM5
SIM1
SIM2
SIM3
SIM4
1
21
22
SIM5
SIM1
SIM2
SIM3
SIM4
1
21
22
SIM5
SIM1
SIM2
SIM3
SIM4
1
21
22
SIM5
SIM1
SIM2
SIM3
SIM4
1
21
22
SIM5
SIM1
SIM2
SIM3
SIM4
1
21
22
SIM5
SIM1
SIM2
SIM3
SIM4
1
21
22
SIM5
SIM1
SIM2
SIM3
SIM4
1
21
22
SIM5
SIM1
SIM2
SIM3
SIM4
1
21
22
SIM5
SIM1
SIM2
SIM3
SIM4
1
21
22
SIM5
SIM1
SIM2
SIM3
SIM4
1
21
22
SIM5
SIM1
SIM2
SIM3
SIM4
1
21
22
SIM5
SIM1
SIM2
SIM3
SIM4
1
21
22
SIM5
SIM1
SIM2
SIM3
SIM4
1
21
22
SIM5
SIM1
SIM2
SIM3
SIM4
1
21
22
SIM5
SIM1
SIM2
SIM3
SIM4
1
21
22
SIM5
SIM1
SIM2
SIM3
SIM4
1
21
22
SIM5
SIM1
SIM2
SIM3
SIM4
1
21
22
SIM5
SIM1
SIM2
SIM3
SIM4
1
21
22
SIM5
SIM1
SIM2
SIM3
SIM4
1
21
22
SIM5
SIM1
SIM2
SIM3
SIM4
1
21
22
SIM5
SIM1
SIM2
SIM3
SIM4
1
21
22
SIM5
SIM1
SIM2
SIM3
SIM4
1
21
22
SIM5
SIM1
SIM2
SIM3
SIM4
1
21
22
SIM5
SIM1
SIM2
SIM3
SIM4
1
21
22
SIM5
SIM1
SIM2
SIM3
SIM4
1
21
22
SIM5
SIM1
SIM2
SIM3
SIM4
1
21
22
SIM5
SIM1
SIM2
SIM3
SIM4
1
21
22
SIM5
SIM1
SIM2
SIM3
SIM4
1
21
22
SIM5
SIM1
SIM2
SIM3
SIM4
1
21
22
SIM5
SIM1
SIM2
SIM3
SIM4
1
21
22
SIM5
SIM1
SIM2
SIM3
SIM4
1
21
22
SIM5
SIM1
SIM2
SIM3
SIM4
1
21
22
SIM5
SIM1
SIM2
SIM3
SIM4
1
21
22
SIM5
SIM1
SIM2
SIM3
SIM4
1
21
22
SIM5
SIM1
SIM2
SIM3
SIM4
1
21
22
SIM5
SIM1
SIM2
SIM3
SIM4
1
21
22
SIM5
SIM1
SIM2
SIM3
SIM4
1
21
22
SIM5
SIM1
SIM2
SIM3
SIM4
1
21
22
SIM5
SIM1
SIM2
SIM3
SIM4
1
21
22
SIM5
SIM1
SIM2
SIM3
SIM4
1
21
22
SIM5
SIM1
SIM2
SIM3
SIM4
1
21
22
SIM5
SIM1
SIM2
SIM3
SIM4
1
21
22
SIM5
SIM1
SIM2
SIM3
SIM4
1
21
22
SIM5
SIM1
SIM2
SIM3
SIM4
1
21
22
SIM5
SIM1
SIM2
SIM3
SIM4
1
21
22
SIM5
SIM1
SIM2
SIM3
SIM4
1
21
22
SIM5
SIM1
SIM2
SIM3
SIM4
1
21
22
SIM5
SIM1
SIM2
SIM3
SIM4
1
21
22
SIM5
SIM1
SIM2
SIM3
SIM4
1
21
22
SIM5
SIM1
SIM2
SIM3
SIM4
1
21
22
SIM5
SIM1
SIM2
SIM3
SIM4
1
21
22
SIM5
SIM1
SIM2
SIM3
SIM4
1
21
22
SIM5
SIM1
SIM2
SIM3
SIM4
1
21
22
SIM5
SIM1
SIM2
SIM3
SIM4
1
21
22
SIM5
SIM1
SIM2
SIM3
SIM4
1
21
22
SIM5
SIM1
SIM2
SIM3
SIM4
1
21
22
SIM5
SIM1
SIM2
SIM3
SIM4
1
21
22
SIM5
SIM1
SIM2
SIM3
SIM4
1
21
22
SIM5
SIM1
SIM2
SIM3
SIM4
1
21
22
SIM5
SIM1
SIM2
SIM3
SIM4
1
21
22
SIM5
SIM1
SIM2
SIM3
SIM4
1
21
22
SIM5
SIM1
SIM2
SIM3
SIM4
1
21
22
SIM5
SIM1
SIM2
SIM3
SIM4
1
21
22
SIM5
SIM1
SIM2
SIM3
SIM4
1
21
22
SIM5
SIM1
SIM2
SIM3
SIM4
1
21
22
SIM5
SIM1
SIM2
SIM3
SIM4
1
21
22
SIM5
SIM1
SIM2
SIM3
SIM4
1
21
22
SIM5
SIM1
SIM2
SIM3
SIM4
1
21
22
SIM5
SIM1
SIM2
SIM3
SIM4
1
21
22
SIM5
SIM1
SIM2
SIM3
SIM4
1
21
22
SIM5
SIM1
SIM2
SIM3
SIM4
1
21
22
SIM5
SIM1
SIM2
SIM3
SIM4
1
21
22
SIM5
SIM1
SIM2
SIM3
SIM4
1
21
22
SIM5
SIM1
SIM2
SIM3
SIM4
1
21
22
SIM5
SIM1
SIM2
SIM3
SIM4
1
21
22
SIM5
SIM1
SIM2
SIM3
SIM4
1
21
22
SIM5
SIM1
SIM2
SIM3
SIM4
1
21
22
SIM5
SIM1
SIM2
SIM3
SIM4
1
21
22
SIM5
SIM1
SIM2
SIM3
SIM4
1
21
22
SIM5
SIM1
SIM2
SIM3
SIM4
1
21
22
SIM5
SIM1
SIM2
SIM3
SIM4
1
21
22
SIM5
SIM1
SIM2
SIM3
SIM4
1
21
22
SIM5
SIM1
SIM2
SIM3
SIM4
1
21
22
SIM5
SIM1
SIM2
SIM3
SIM4
1
21
22
SIM5
SIM1
SIM2
SIM3
SIM4
1
21
22
SIM5
SIM1
SIM2
SIM3
SIM4
1
21
22
SIM5
SIM1
SIM2
SIM3
SIM4
1
21
22
SIM5
SIM1
SIM2
SIM3
SIM4
1
21
22
SIM5
SIM1
SIM2
SIM3
SIM4
1
21
22
SIM5
SIM1
SIM2
SIM3
SIM4
1
21
22
SIM5
SIM1
SIM2
DEBUG 1 650
SIM1
SIM2
SIM3
SIM4
1
21
22
SIM5
SIM1
SIM2
SIM3
SIM4
1
21
22
SIM5
SIM1
SIM2
SIM3
SIM4
1
21
22
SIM5
SIM1
SIM2
SIM3
SIM4
1
21
22
SIM5
SIM1
SIM2
SIM3
SIM4
1
21
22
SIM5
SIM1
SIM2
SIM3
SIM4
1
21
22
SIM5
SIM1
SIM2
SIM3
SIM4
1
21
22
SIM5
SIM1
SIM2
SIM3
SIM4
1
21
22
SIM5
SIM1
SIM2
SIM3
SIM4
1
21
22
SIM5
SIM1
SIM2
SIM3
SIM4
1
21
22
SIM5
SIM1
SIM2
SIM3
SIM4
1
21
22
SIM5
SIM1
SIM2
SIM3
SIM4
1
21
22
SIM5
SIM1
SIM2
SIM3
SIM4
1
21
22
SIM5
SIM1
SIM2
SIM3
SIM4
1
21
22
SIM5
SIM1
SIM2
SIM3
SIM4
1
21
22
SIM5
SIM1
SIM2
SIM3
SIM4
1
21
22
SIM5
SIM1
SIM2
SIM3
SIM4
1
21
22
SIM5
SIM1
SIM2
SIM3
SIM4
1
21
22
SIM5
SIM1
SIM2
SIM3
SIM4
1
21
22
SIM5
SIM1
SIM2
SIM3
SIM4
1
21
22
SIM5
SIM1
SIM2
SIM3
SIM4
1
21
22
SIM5
SIM1
SIM2
SIM3
SIM4
1
21
22
SIM5
SIM1
SIM2
SIM3
SIM4
1
21
22
SIM5
SIM1
SIM2
SIM3
SIM4
1
21
22
SIM5
SIM1
SIM2
SIM3
SIM4
1
21
22
SIM5
SIM1
SIM2
SIM3
SIM4
1
21
22
SIM5
SIM1
SIM2
SIM3
SIM4
1
21
22
SIM5
SIM1
SIM2
SIM3
SIM4
1
21
22
SIM5
SIM1
SIM2
SIM3
SIM4
1
21
22
SIM5
SIM1
SIM2
SIM3
SIM4
1
21
22
SIM5
SIM1
SIM2
SIM3
SIM4
1
21
22
SIM5
SIM1
SIM2
SIM3
SIM4
1
21
22
SIM5
SIM1
SIM2
SIM3
SIM4
1
21
22
SIM5
SIM1
SIM2
SIM3
SIM4
1
21
22
SIM5
SIM1
SIM2
SIM3
SIM4
1
21
22
SIM5
SIM1
SIM2
SIM3
SIM4
1
21
22
SIM5
SIM1
SIM2
SIM3
SIM4
1
21
22
SIM5
SIM1
SIM2
SIM3
SIM4
1
21
22
SIM5
SIM1
SIM2
SIM3
SIM4
1
21
22
SIM5
SIM1
SIM2
SIM3
SIM4
1
21
22
SIM5
SIM1
SIM2
SIM3
SIM4
1
21
22
SIM5
SIM1
SIM2
SIM3
SIM4
1
21
22
SIM5
SIM1
SIM2
SIM3
SIM4
1
21
22
SIM5
SIM1
SIM2
SIM3
SIM4
1
21
22
SIM5
SIM1
SIM2
SIM3
SIM4
1
21
22
SIM5
SIM1
SIM2
SIM3
SIM4
1
21
22
SIM5
SIM1
SIM2
SIM3
SIM4
1
21
22
SIM5
SIM1
SIM2
SIM3
SIM4
1
21
22
SIM5
SIM1
SIM2
SIM3
SIM4
1
21
22
SIM5
SIM1
SIM2
SIM3
SIM4
1
21
22
SIM5
SIM1
SIM2
SIM3
SIM4
1
21
22
SIM5
SIM1
SIM2
SIM3
SIM4
1
21
22
SIM5
SIM1
SIM2
SIM3
SIM4
1
21
22
SIM5
SIM1
SIM2
SIM3
SIM4
1
21
22
SIM5
SIM1
SIM2
SIM3
SIM4
1
21
22
SIM5
SIM1
SIM2
SIM3
SIM4
1
21
22
SIM5
SIM1
SIM2
SIM3
SIM4
1
21
22
SIM5
SIM1
SIM2
SIM3
SIM4
1
21
22
SIM5
SIM1
SIM2
SIM3
SIM4
1
21
22
SIM5
SIM1
SIM2
SIM3
SIM4
1
21
22
SIM5
SIM1
SIM2
SIM3
SIM4
1
21
22
SIM5
SIM1
SIM2
SIM3
SIM4
1
21
22
SIM5
SIM1
SIM2
SIM3
SIM4
1
21
22
SIM5
SIM1
SIM2
SIM3
SIM4
1
21
22
SIM5
SIM1
SIM2
SIM3
SIM4
1
21
22
SIM5
SIM1
SIM2
SIM3
SIM4
1
21
22
SIM5
SIM1
SIM2
SIM3
SIM4
1
21
22
SIM5
SIM1
SIM2
SIM3
SIM4
1
21
22
SIM5
SIM1
SIM2
SIM3
SIM4
1
21
22
SIM5
SIM1
SIM2
SIM3
SIM4
1
21
22
SIM5
SIM1
SIM2
SIM3
SIM4
1
21
22
SIM5
SIM1
SIM2
SIM3
SIM4
1
21
22
SIM5
SIM1
SIM2
SIM3
SIM4
1
21
22
SIM5
SIM1
SIM2
SIM3
SIM4
1
21
22
SIM5
SIM1
SIM2
SIM3
SIM4
1
21
22
SIM5
SIM1
SIM2
SIM3
SIM4
1
21
22
SIM5
SIM1
SIM2
SIM3
SIM4
1
21
22
SIM5
SIM1
SIM2
SIM3
SIM4
1
21
22
SIM5
SIM1
SIM2
SIM3
SIM4
1
21
22
SIM5
SIM1
SIM2
SIM3
SIM4
1
21
22
SIM5
SIM1
SIM2
SIM3
SIM4
1
21
22
SIM5
SIM1
SIM2
SIM3
SIM4
1
21
22
SIM5
SIM1
SIM2
SIM3
SIM4
1
21
22
SIM5
SIM1
SIM2
SIM3
SIM4
1
21
22
SIM5
SIM1
SIM2
SIM3
SIM4
1
21
22
SIM5
SIM1
SIM2
SIM3
SIM4
1
21
22
SIM5
SIM1
SIM2
SIM3
SIM4
1
21
22
SIM5
SIM1
SIM2
SIM3
SIM4
1
21
22
SIM5
SIM1
SIM2
SIM3
SIM4
1
21
22
SIM5
SIM1
SIM2
SIM3
SIM4
1
21
22
SIM5
SIM1
SIM2
SIM3
SIM4
1
21
22
SIM5
SIM1
SIM2
SIM3
SIM4
1
21
22
SIM5
SIM1
SIM2
SIM3
SIM4
1
21
22
SIM5
SIM1
SIM2
SIM3
SIM4
1
21
22
SIM5
SIM1
SIM2
SIM3
SIM4
1
21
22
SIM5
SIM1
SIM2
SIM3
SIM4
1
21
22
SIM5
SIM1
SIM2
SIM3
SIM4
1
21
22
SIM5
SIM1
SIM2
SIM3
SIM4
1
21
22
SIM5
SIM1
SIM2
SIM3
SIM4
1
21
22
SIM5
SIM1
SIM2
SIM3
SIM4
1
21
22
SIM5
SIM1
SIM2
SIM3
SIM4
1
21
22
SIM5
SIM1
SIM2
SIM3
SIM4
1
21
22
SIM5
SIM1
SIM2
SIM3
SIM4
1
21
22
SIM5
SIM1
SIM2
SIM3
SIM4
1
21
22
SIM5
SIM1
SIM2
SIM3
SIM4
1
21
22
SIM5
SIM1
SIM2
SIM3
SIM4
1
21
22
SIM5
SIM1
SIM2
SIM3
SIM4
1
21
22
SIM5
SIM1
SIM2
SIM3
SIM4
1
21
22
SIM5
SIM1
SIM2
SIM3
SIM4
1
21
22
SIM5
SIM1
SIM2
SIM3
SIM4
1
21
22
SIM5
SIM1
SIM2
SIM3
SIM4
1
21
22
SIM5
SIM1
SIM2
SIM3
SIM4
1
21
22
SIM5
SIM1
SIM2
SIM3
SIM4
1
21
22
SIM5
SIM1
SIM2
SIM3
SIM4
1
21
22
SIM5
SIM1
SIM2
SIM3
SIM4
1
21
22
SIM5
SIM1
SIM2
SIM3
SIM4
1
21
22
SIM5
SIM1
SIM2
SIM3
SIM4
1
21
22
SIM5
SIM1
SIM2
SIM3
SIM4
1
21
22
SIM5
SIM1
SIM2
SIM3
SIM4
1
21
22
SIM5
SIM1
SIM2
SIM3
SIM4
1
21
22
SIM5
SIM1
SIM2
SIM3
SIM4
1
21
22
SIM5
SIM1
SIM2
SIM3
SIM4
1
21
22
SIM5
SIM1
SIM2
SIM3
SIM4
1
21
22
SIM5
SIM1
SIM2
SIM3
SIM4
1
21
22
SIM5
SIM1
SIM2
SIM3
SIM4
1
21
22
SIM5
SIM1
SIM2
SIM3
SIM4
1
21
22
SIM5
SIM1
SIM2
SIM3
SIM4
1
21
22
SIM5
SIM1
SIM2
SIM3
SIM4
1
21
22
SIM5
SIM1
SIM2
SIM3
SIM4
1
21
22
SIM5
SIM1
SIM2
SIM3
SIM4
1
21
22
SIM5
SIM1
SIM2
SIM3
SIM4
1
21
22
SIM5
SIM1
SIM2
SIM3
SIM4
1
21
22
SIM5
SIM1
SIM2
SIM3
SIM4
1
21
22
SIM5
SIM1
SIM2
SIM3
SIM4
1
21
22
SIM5
SIM1
SIM2
SIM3
SIM4
1
21
22
SIM5
SIM1
SIM2
SIM3
SIM4
1
21
22
SIM5
SIM1
SIM2
SIM3
SIM4
1
21
22
SIM5
SIM1
SIM2
SIM3
SIM4
1
21
22
SIM5
SIM1
SIM2
SIM3
SIM4
1
21
22
SIM5
SIM1
SIM2
SIM3
SIM4
1
21
22
SIM5
SIM1
SIM2
SIM3
SIM4
1
21
22
SIM5
SIM1
SIM2
SIM3
SIM4
1
21
22
SIM5
SIM1
SIM2
SIM3
SIM4
1
21
22
SIM5
SIM1
SIM2
SIM3
SIM4
1
21
22
SIM5
SIM1
SIM2
SIM3
SIM4
1
21
22
SIM5
SIM1
SIM2
SIM3
SIM4
1
21
22
SIM5
SIM1
SIM2
SIM3
SIM4
1
21
22
SIM5
SIM1
SIM2
SIM3
SIM4
1
21
22
SIM5
SIM1
SIM2
SIM3
SIM4
1
21
22
SIM5
SIM1
SIM2
SIM3
SIM4
1
21
22
SIM5
SIM1
SIM2
SIM3
SIM4
1
21
22
SIM5
SIM1
SIM2
SIM3
SIM4
1
21
22
SIM5
SIM1
SIM2
SIM3
SIM4
1
21
22
SIM5
SIM1
SIM2
SIM3
SIM4
1
21
22
SIM5
SIM1
SIM2
SIM3
SIM4
1
21
22
SIM5
SIM1
SIM2
SIM3
SIM4
1
21
22
SIM5
SIM1
SIM2
SIM3
SIM4
1
21
22
SIM5
SIM1
SIM2
SIM3
SIM4
1
21
22
SIM5
SIM1
SIM2
SIM3
SIM4
1
21
22
SIM5
SIM1
SIM2
SIM3
SIM4
1
21
22
SIM5
SIM1
SIM2
SIM3
SIM4
1
21
22
SIM5
SIM1
SIM2
SIM3
SIM4
1
21
22
SIM5
SIM1
SIM2
SIM3
SIM4
1
21
22
SIM5
SIM1
SIM2
SIM3
SIM4
1
21
22
SIM5
SIM1
SIM2
SIM3
SIM4
1
21
22
SIM5
SIM1
SIM2
SIM3
SIM4
1
21
22
SIM5
SIM1
SIM2
SIM3
SIM4
1
21
22
SIM5
SIM1
SIM2
SIM3
SIM4
1
21
22
SIM5
SIM1
SIM2
SIM3
SIM4
1
21
22
SIM5
SIM1
SIM2
SIM3
SIM4
1
21
22
SIM5
SIM1
SIM2
SIM3
SIM4
1
21
22
SIM5
SIM1
SIM2
SIM3
SIM4
1
21
22
SIM5
SIM1
SIM2
SIM3
SIM4
1
21
22
SIM5
SIM1
SIM2
SIM3
SIM4
1
21
22
SIM5
SIM1
SIM2
SIM3
SIM4
1
21
22
SIM5
SIM1
SIM2
SIM3
SIM4
1
21
22
SIM5
SIM1
SIM2
SIM3
SIM4
1
21
22
SIM5
SIM1
SIM2
SIM3
SIM4
1
21
22
SIM5
SIM1
SIM2
SIM3
SIM4
1
21
22
SIM5
SIM1
SIM2
SIM3
SIM4
1
21
22
SIM5
SIM1
SIM2
SIM3
SIM4
1
21
22
SIM5
SIM1
SIM2
SIM3
SIM4
1
21
22
SIM5
SIM1
SIM2
SIM3
SIM4
1
21
22
SIM5
SIM1
SIM2
SIM3
SIM4
1
21
22
SIM5
SIM1
SIM2
SIM3
SIM4
1
21
22
SIM5
SIM1
SIM2
SIM3
SIM4
1
21
22
SIM5
SIM1
SIM2
SIM3
SIM4
1
21
22
SIM5
SIM1
SIM2
SIM3
SIM4
1
21
22
SIM5
SIM1
SIM2
SIM3
SIM4
1
21
22
SIM5
SIM1
SIM2
SIM3
SIM4
1
21
22
SIM5
SIM1
SIM2
SIM3
SIM4
1
21
22
SIM5
SIM1
SIM2
SIM3
SIM4
1
21
22
SIM5
SIM1
SIM2
SIM3
SIM4
1
21
22
SIM5
SIM1
SIM2
SIM3
SIM4
1
21
22
SIM5
SIM1
SIM2
SIM3
SIM4
1
21
22
SIM5
SIM1
SIM2
SIM3
SIM4
1
21
22
SIM5
SIM1
SIM2
SIM3
SIM4
1
21
22
SIM5
SIM1
SIM2
SIM3
SIM4
1
21
22
SIM5
SIM1
SIM2
DEBUG 1 651
SIM1
SIM2
SIM3
SIM4
1
21
22
SIM5
SIM1
SIM2
SIM3
SIM4
1
21
22
SIM5
SIM1
SIM2
SIM3
SIM4
1
21
22
SIM5
SIM1
SIM2
SIM3
SIM4
1
21
22
SIM5
SIM1
SIM2
SIM3
SIM4
1
21
22
SIM5
SIM1
SIM2
SIM3
SIM4
1
21
22
SIM5
SIM1
SIM2
SIM3
SIM4
1
21
22
SIM5
SIM1
SIM2
SIM3
SIM4
1
21
22
SIM5
SIM1
SIM2
SIM3
SIM4
1
21
22
SIM5
SIM1
SIM2
SIM3
SIM4
1
21
22
SIM5
SIM1
SIM2
SIM3
SIM4
1
21
22
SIM5
SIM1
SIM2
SIM3
SIM4
1
21
22
SIM5
SIM1
SIM2
SIM3
SIM4
1
21
22
SIM5
SIM1
SIM2
SIM3
SIM4
1
21
22
SIM5
SIM1
SIM2
SIM3
SIM4
1
21
22
SIM5
SIM1
SIM2
SIM3
SIM4
1
21
22
SIM5
SIM1
SIM2
SIM3
SIM4
1
21
22
SIM5
SIM1
SIM2
SIM3
SIM4
1
21
22
SIM5
SIM1
SIM2
SIM3
SIM4
1
21
22
SIM5
SIM1
SIM2
SIM3
SIM4
1
21
22
SIM5
SIM1
SIM2
SIM3
SIM4
1
21
22
SIM5
SIM1
SIM2
SIM3
SIM4
1
21
22
SIM5
SIM1
SIM2
SIM3
SIM4
1
21
22
SIM5
SIM1
SIM2
SIM3
SIM4
1
21
22
SIM5
SIM1
SIM2
SIM3
SIM4
1
21
22
SIM5
SIM1
SIM2
SIM3
SIM4
1
21
22
SIM5
SIM1
SIM2
SIM3
SIM4
1
21
22
SIM5
SIM1
SIM2
SIM3
SIM4
1
21
22
SIM5
SIM1
SIM2
SIM3
SIM4
1
21
22
SIM5
SIM1
SIM2
SIM3
SIM4
1
21
22
SIM5
SIM1
SIM2
SIM3
SIM4
1
21
22
SIM5
SIM1
SIM2
SIM3
SIM4
1
21
22
SIM5
SIM1
SIM2
SIM3
SIM4
1
21
22
SIM5
SIM1
SIM2
SIM3
SIM4
1
21
22
SIM5
SIM1
SIM2
SIM3
SIM4
1
21
22
SIM5
SIM1
SIM2
SIM3
SIM4
1
21
22
SIM5
SIM1
SIM2
SIM3
SIM4
1
21
22
SIM5
SIM1
SIM2
SIM3
SIM4
1
21
22
SIM5
SIM1
SIM2
SIM3
SIM4
1
21
22
SIM5
SIM1
SIM2
SIM3
SIM4
1
21
22
SIM5
SIM1
SIM2
SIM3
SIM4
1
21
22
SIM5
SIM1
SIM2
SIM3
SIM4
1
21
22
SIM5
SIM1
SIM2
SIM3
SIM4
1
21
22
SIM5
SIM1
SIM2
SIM3
SIM4
1
21
22
SIM5
SIM1
SIM2
SIM3
SIM4
1
21
22
SIM5
SIM1
SIM2
SIM3
SIM4
1
21
22
SIM5
SIM1
SIM2
SIM3
SIM4
1
21
22
SIM5
SIM1
SIM2
SIM3
SIM4
1
21
22
SIM5
SIM1
SIM2
SIM3
SIM4
1
21
22
SIM5
SIM1
SIM2
SIM3
SIM4
1
21
22
SIM5
SIM1
SIM2
SIM3
SIM4
1
21
22
SIM5
SIM1
SIM2
SIM3
SIM4
1
21
22
SIM5
SIM1
SIM2
SIM3
SIM4
1
21
22
SIM5
SIM1
SIM2
SIM3
SIM4
1
21
22
SIM5
SIM1
SIM2
SIM3
SIM4
1
21
22
SIM5
SIM1
SIM2
SIM3
SIM4
1
21
22
SIM5
SIM1
SIM2
SIM3
SIM4
1
21
22
SIM5
SIM1
SIM2
SIM3
SIM4
1
21
22
SIM5
SIM1
SIM2
SIM3
SIM4
1
21
22
SIM5
SIM1
SIM2
SIM3
SIM4
1
21
22
SIM5
SIM1
SIM2
SIM3
SIM4
1
21
22
SIM5
SIM1
SIM2
SIM3
SIM4
1
21
22
SIM5
SIM1
SIM2
SIM3
SIM4
1
21
22
SIM5
SIM1
SIM2
SIM3
SIM4
1
21
22
SIM5
SIM1
SIM2
SIM3
SIM4
1
21
22
SIM5
SIM1
SIM2
SIM3
SIM4
1
21
22
SIM5
SIM1
SIM2
SIM3
SIM4
1
21
22
SIM5
SIM1
SIM2
SIM3
SIM4
1
21
22
SIM5
SIM1
SIM2
SIM3
SIM4
1
21
22
SIM5
SIM1
SIM2
SIM3
SIM4
1
21
22
SIM5
SIM1
SIM2
SIM3
SIM4
1
21
22
SIM5
SIM1
SIM2
SIM3
SIM4
1
21
22
SIM5
SIM1
SIM2
SIM3
SIM4
1
21
22
SIM5
SIM1
SIM2
SIM3
SIM4
1
21
22
SIM5
SIM1
SIM2
SIM3
SIM4
1
21
22
SIM5
SIM1
SIM2
SIM3
SIM4
1
21
22
SIM5
SIM1
SIM2
SIM3
SIM4
1
21
22
SIM5
SIM1
SIM2
SIM3
SIM4
1
21
22
SIM5
SIM1
SIM2
SIM3
SIM4
1
21
22
SIM5
SIM1
SIM2
SIM3
SIM4
1
21
22
SIM5
SIM1
SIM2
SIM3
SIM4
1
21
22
SIM5
SIM1
SIM2
SIM3
SIM4
1
21
22
SIM5
SIM1
SIM2
SIM3
SIM4
1
21
22
SIM5
SIM1
SIM2
SIM3
SIM4
1
21
22
SIM5
SIM1
SIM2
SIM3
SIM4
1
21
22
SIM5
SIM1
SIM2
SIM3
SIM4
1
21
22
SIM5
SIM1
SIM2
SIM3
SIM4
1
21
22
SIM5
SIM1
SIM2
SIM3
SIM4
1
21
22
SIM5
SIM1
SIM2
SIM3
SIM4
1
21
22
SIM5
SIM1
SIM2
SIM3
SIM4
1
21
22
SIM5
SIM1
SIM2
SIM3
SIM4
1
21
22
SIM5
SIM1
SIM2
SIM3
SIM4
1
21
22
SIM5
SIM1
SIM2
SIM3
SIM4
1
21
22
SIM5
SIM1
SIM2
SIM3
SIM4
1
21
22
SIM5
SIM1
SIM2
SIM3
SIM4
1
21
22
SIM5
SIM1
SIM2
SIM3
SIM4
1
21
22
SIM5
SIM1
SIM2
SIM3
SIM4
1
21
22
SIM5
SIM1
SIM2
SIM3
SIM4
1
21
22
SIM5
SIM1
SIM2
SIM3
SIM4
1
21
22
SIM5
SIM1
SIM2
SIM3
SIM4
1
21
22
SIM5
SIM1
SIM2
SIM3
SIM4
1
21
22
SIM5
SIM1
SIM2
SIM3
SIM4
1
21
22
SIM5
SIM1
SIM2
SIM3
SIM4
1
21
22
SIM5
SIM1
SIM2
SIM3
SIM4
1
21
22
SIM5
SIM1
SIM2
SIM3
SIM4
1
21
22
SIM5
SIM1
SIM2
SIM3
SIM4
1
21
22
SIM5
SIM1
SIM2
SIM3
SIM4
1
21
22
SIM5
SIM1
SIM2
SIM3
SIM4
1
21
22
SIM5
SIM1
SIM2
SIM3
SIM4
1
21
22
SIM5
SIM1
SIM2
SIM3
SIM4
1
21
22
SIM5
SIM1
SIM2
SIM3
SIM4
1
21
22
SIM5
SIM1
SIM2
SIM3
SIM4
1
21
22
SIM5
SIM1
SIM2
SIM3
SIM4
1
21
22
SIM5
SIM1
SIM2
SIM3
SIM4
1
21
22
SIM5
SIM1
SIM2
SIM3
SIM4
1
21
22
SIM5
SIM1
SIM2
SIM3
SIM4
1
21
22
SIM5
SIM1
SIM2
SIM3
SIM4
1
21
22
SIM5
SIM1
SIM2
SIM3
SIM4
1
21
22
SIM5
SIM1
SIM2
SIM3
SIM4
1
21
22
SIM5
SIM1
SIM2
SIM3
SIM4
1
21
22
SIM5
SIM1
SIM2
SIM3
SIM4
1
21
22
SIM5
SIM1
SIM2
SIM3
SIM4
1
21
22
SIM5
SIM1
SIM2
SIM3
SIM4
1
21
22
SIM5
SIM1
SIM2
SIM3
SIM4
1
21
22
SIM5
SIM1
SIM2
SIM3
SIM4
1
21
22
SIM5
SIM1
SIM2
SIM3
SIM4
1
21
22
SIM5
SIM1
SIM2
SIM3
SIM4
1
21
22
SIM5
SIM1
SIM2
SIM3
SIM4
1
21
22
SIM5
SIM1
SIM2
SIM3
SIM4
1
21
22
SIM5
SIM1
SIM2
SIM3
SIM4
1
21
22
SIM5
SIM1
SIM2
SIM3
SIM4
1
21
22
SIM5
SIM1
SIM2
SIM3
SIM4
1
21
22
SIM5
SIM1
SIM2
SIM3
SIM4
1
21
22
SIM5
SIM1
SIM2
SIM3
SIM4
1
21
22
SIM5
SIM1
SIM2
SIM3
SIM4
1
21
22
SIM5
SIM1
SIM2
SIM3
SIM4
1
21
22
SIM5
SIM1
SIM2
SIM3
SIM4
1
21
22
SIM5
SIM1
SIM2
SIM3
SIM4
1
21
22
SIM5
SIM1
SIM2
SIM3
SIM4
1
21
22
SIM5
SIM1
SIM2
DEBUG 1 652
SIM1
SIM2
SIM3
SIM4
1
21
22
SIM5
SIM1
SIM2
SIM3
SIM4
1
21
22
SIM5
SIM1
SIM2
SIM3
SIM4
1
21
22
SIM5
SIM1
SIM2
SIM3
SIM4
1
21
22
SIM5
SIM1
SIM2
SIM3
SIM4
1
21
22
SIM5
SIM1
SIM2
SIM3
SIM4
1
21
22
SIM5
SIM1
SIM2
SIM3
SIM4
1
21
22
SIM5
SIM1
SIM2
SIM3
SIM4
1
21
22
SIM5
SIM1
SIM2
SIM3
SIM4
1
21
22
SIM5
SIM1
SIM2
SIM3
SIM4
1
21
22
SIM5
SIM1
SIM2
SIM3
SIM4
1
21
22
SIM5
SIM1
SIM2
SIM3
SIM4
1
21
22
SIM5
SIM1
SIM2
SIM3
SIM4
1
21
22
SIM5
SIM1
SIM2
SIM3
SIM4
1
21
22
SIM5
SIM1
SIM2
SIM3
SIM4
1
21
22
SIM5
SIM1
SIM2
SIM3
SIM4
1
21
22
SIM5
SIM1
SIM2
SIM3
SIM4
1
21
22
SIM5
SIM1
SIM2
SIM3
SIM4
1
21
22
SIM5
SIM1
SIM2
SIM3
SIM4
1
21
22
SIM5
SIM1
SIM2
SIM3
SIM4
1
21
22
SIM5
SIM1
SIM2
SIM3
SIM4
1
21
22
SIM5
SIM1
SIM2
SIM3
SIM4
1
21
22
SIM5
SIM1
SIM2
SIM3
SIM4
1
21
22
SIM5
SIM1
SIM2
SIM3
SIM4
1
21
22
SIM5
SIM1
SIM2
SIM3
SIM4
1
21
22
SIM5
SIM1
SIM2
SIM3
SIM4
1
21
22
SIM5
SIM1
SIM2
SIM3
SIM4
1
21
22
SIM5
SIM1
SIM2
SIM3
SIM4
1
21
22
SIM5
SIM1
SIM2
SIM3
SIM4
1
21
22
SIM5
SIM1
SIM2
SIM3
SIM4
1
21
22
SIM5
SIM1
SIM2
SIM3
SIM4
1
21
22
SIM5
SIM1
SIM2
SIM3
SIM4
1
21
22
SIM5
SIM1
SIM2
SIM3
SIM4
1
21
22
SIM5
SIM1
SIM2
SIM3
SIM4
1
21
22
SIM5
SIM1
SIM2
SIM3
SIM4
1
21
22
SIM5
SIM1
SIM2
SIM3
SIM4
1
21
22
SIM5
SIM1
SIM2
SIM3
SIM4
1
21
22
SIM5
SIM1
SIM2
SIM3
SIM4
1
21
22
SIM5
SIM1
SIM2
SIM3
SIM4
1
21
22
SIM5
SIM1
SIM2
SIM3
SIM4
1
21
22
SIM5
SIM1
SIM2
SIM3
SIM4
1
21
22
SIM5
SIM1
SIM2
SIM3
SIM4
1
21
22
SIM5
SIM1
SIM2
SIM3
SIM4
1
21
22
SIM5
SIM1
SIM2
SIM3
SIM4
1
21
22
SIM5
SIM1
SIM2
SIM3
SIM4
1
21
22
SIM5
SIM1
SIM2
SIM3
SIM4
1
21
22
SIM5
SIM1
SIM2
SIM3
SIM4
1
21
22
SIM5
SIM1
SIM2
SIM3
SIM4
1
21
22
SIM5
SIM1
SIM2
SIM3
SIM4
1
21
22
SIM5
SIM1
SIM2
SIM3
SIM4
1
21
22
SIM5
SIM1
SIM2
SIM3
SIM4
1
21
22
SIM5
SIM1
SIM2
SIM3
SIM4
1
21
22
SIM5
SIM1
SIM2
SIM3
SIM4
1
21
22
SIM5
SIM1
SIM2
SIM3
SIM4
1
21
22
SIM5
SIM1
SIM2
SIM3
SIM4
1
21
22
SIM5
SIM1
SIM2
SIM3
SIM4
1
21
22
SIM5
SIM1
SIM2
SIM3
SIM4
1
21
22
SIM5
SIM1
SIM2
SIM3
SIM4
1
21
22
SIM5
SIM1
SIM2
SIM3
SIM4
1
21
22
SIM5
SIM1
SIM2
SIM3
SIM4
1
21
22
SIM5
SIM1
SIM2
SIM3
SIM4
1
21
22
SIM5
SIM1
SIM2
SIM3
SIM4
1
21
22
SIM5
SIM1
SIM2
SIM3
SIM4
1
21
22
SIM5
SIM1
SIM2
SIM3
SIM4
1
21
22
SIM5
SIM1
SIM2
SIM3
SIM4
1
21
22
SIM5
SIM1
SIM2
SIM3
SIM4
1
21
22
SIM5
SIM1
SIM2
SIM3
SIM4
1
21
22
SIM5
SIM1
SIM2
SIM3
SIM4
1
21
22
SIM5
SIM1
SIM2
SIM3
SIM4
1
21
22
SIM5
SIM1
SIM2
SIM3
SIM4
1
21
22
SIM5
SIM1
SIM2
SIM3
SIM4
1
21
22
SIM5
SIM1
SIM2
SIM3
SIM4
1
21
22
SIM5
SIM1
SIM2
SIM3
SIM4
1
21
22
SIM5
SIM1
SIM2
SIM3
SIM4
1
21
22
SIM5
SIM1
SIM2
SIM3
SIM4
1
21
22
SIM5
SIM1
SIM2
SIM3
SIM4
1
21
22
SIM5
SIM1
SIM2
SIM3
SIM4
1
21
22
SIM5
SIM1
SIM2
SIM3
SIM4
1
21
22
SIM5
SIM1
SIM2
SIM3
SIM4
1
21
22
SIM5
SIM1
SIM2
SIM3
SIM4
1
21
22
SIM5
SIM1
SIM2
SIM3
SIM4
1
21
22
SIM5
SIM1
SIM2
SIM3
SIM4
1
21
22
SIM5
SIM1
SIM2
SIM3
SIM4
1
21
22
SIM5
SIM1
SIM2
SIM3
SIM4
1
21
22
SIM5
SIM1
SIM2
SIM3
SIM4
1
21
22
SIM5
SIM1
SIM2
SIM3
SIM4
1
21
22
SIM5
SIM1
SIM2
SIM3
SIM4
1
21
22
SIM5
SIM1
SIM2
SIM3
SIM4
1
21
22
SIM5
SIM1
SIM2
SIM3
SIM4
1
21
22
SIM5
SIM1
SIM2
SIM3
SIM4
1
21
22
SIM5
SIM1
SIM2
SIM3
SIM4
1
21
22
SIM5
SIM1
SIM2
SIM3
SIM4
1
21
22
SIM5
SIM1
SIM2
SIM3
SIM4
1
21
22
SIM5
SIM1
SIM2
SIM3
SIM4
1
21
22
SIM5
SIM1
SIM2
SIM3
SIM4
1
21
22
SIM5
SIM1
SIM2
SIM3
SIM4
1
21
22
SIM5
SIM1
SIM2
SIM3
SIM4
1
21
22
SIM5
SIM1
SIM2
SIM3
SIM4
1
21
22
SIM5
SIM1
SIM2
SIM3
SIM4
1
21
22
SIM5
SIM1
SIM2
SIM3
SIM4
1
21
22
SIM5
SIM1
SIM2
SIM3
SIM4
1
21
22
SIM5
SIM1
SIM2
SIM3
SIM4
1
21
22
SIM5
SIM1
SIM2
SIM3
SIM4
1
21
22
SIM5
SIM1
SIM2
SIM3
SIM4
1
21
22
SIM5
SIM1
SIM2
SIM3
SIM4
1
21
22
SIM5
SIM1
SIM2
SIM3
SIM4
1
21
22
SIM5
SIM1
SIM2
SIM3
SIM4
1
21
22
SIM5
SIM1
SIM2
SIM3
SIM4
1
21
22
SIM5
SIM1
SIM2
SIM3
SIM4
1
21
22
SIM5
SIM1
SIM2
SIM3
SIM4
1
21
22
SIM5
SIM1
SIM2
SIM3
SIM4
1
21
22
SIM5
SIM1
SIM2
SIM3
SIM4
1
21
22
SIM5
SIM1
SIM2
SIM3
SIM4
1
21
22
SIM5
SIM1
SIM2
SIM3
SIM4
1
21
22
SIM5
SIM1
SIM2
SIM3
SIM4
1
21
22
SIM5
SIM1
SIM2
SIM3
SIM4
1
21
22
SIM5
SIM1
SIM2
SIM3
SIM4
1
21
22
SIM5
SIM1
SIM2
SIM3
SIM4
1
21
22
SIM5
SIM1
SIM2
SIM3
SIM4
1
21
22
SIM5
SIM1
SIM2
SIM3
SIM4
1
21
22
SIM5
SIM1
SIM2
SIM3
SIM4
1
21
22
SIM5
SIM1
SIM2
SIM3
SIM4
1
21
22
SIM5
SIM1
SIM2
SIM3
SIM4
1
21
22
SIM5
SIM1
SIM2
SIM3
SIM4
1
21
22
SIM5
SIM1
SIM2
SIM3
SIM4
1
21
22
SIM5
SIM1
SIM2
SIM3
SIM4
1
21
22
SIM5
SIM1
SIM2
SIM3
SIM4
1
21
22
SIM5
SIM1
SIM2
SIM3
SIM4
1
21
22
SIM5
SIM1
SIM2
SIM3
SIM4
1
21
22
SIM5
SIM1
SIM2
SIM3
SIM4
1
21
22
SIM5
SIM1
SIM2
SIM3
SIM4
1
21
22
SIM5
SIM1
SIM2
SIM3
SIM4
1
21
22
SIM5
SIM1
SIM2
SIM3
SIM4
1
21
22
SIM5
SIM1
SIM2
SIM3
SIM4
1
21
22
SIM5
SIM1
SIM2
SIM3
SIM4
1
21
22
SIM5
SIM1
SIM2
SIM3
SIM4
1
21
22
SIM5
SIM1
SIM2
SIM3
SIM4
1
21
22
SIM5
SIM1
SIM2
SIM3
SIM4
1
21
22
SIM5
SIM1
SIM2
SIM3
SIM4
1
21
22
SIM5
SIM1
SIM2
SIM3
SIM4
1
21
22
SIM5
SIM1
SIM2
SIM3
SIM4
1
21
22
SIM5
SIM1
SIM2
SIM3
SIM4
1
21
22
SIM5
SIM1
SIM2
SIM3
SIM4
1
21
22
SIM5
SIM1
SIM2
SIM3
SIM4
1
21
22
SIM5
SIM1
SIM2
SIM3
SIM4
1
21
22
SIM5
SIM1
SIM2
SIM3
SIM4
1
21
22
SIM5
SIM1
SIM2
SIM3
SIM4
1
21
22
SIM5
SIM1
SIM2
SIM3
SIM4
1
21
22
SIM5
SIM1
SIM2
SIM3
SIM4
1
21
22
SIM5
SIM1
SIM2
SIM3
SIM4
1
21
22
SIM5
SIM1
SIM2
SIM3
SIM4
1
21
22
SIM5
SIM1
SIM2
SIM3
SIM4
1
21
22
SIM5
SIM1
SIM2
SIM3
SIM4
1
21
22
SIM5
SIM1
SIM2
SIM3
SIM4
1
21
22
SIM5
SIM1
SIM2
SIM3
SIM4
1
21
22
SIM5
SIM1
SIM2
SIM3
SIM4
1
21
22
SIM5
SIM1
SIM2
SIM3
SIM4
1
21
22
SIM5
SIM1
SIM2
SIM3
SIM4
1
21
22
SIM5
SIM1
SIM2
SIM3
SIM4
1
21
22
SIM5
SIM1
SIM2
SIM3
SIM4
1
21
22
SIM5
SIM1
SIM2
SIM3
SIM4
1
21
22
SIM5
SIM1
SIM2
SIM3
SIM4
1
21
22
SIM5
SIM1
SIM2
SIM3
SIM4
1
21
22
SIM5
SIM1
SIM2
SIM3
SIM4
1
21
22
SIM5
SIM1
SIM2
SIM3
SIM4
1
21
22
SIM5
SIM1
SIM2
SIM3
SIM4
1
21
22
SIM5
SIM1
SIM2
SIM3
SIM4
1
21
22
SIM5
SIM1
SIM2
SIM3
SIM4
1
21
22
SIM5
SIM1
SIM2
SIM3
SIM4
1
21
22
SIM5
SIM1
SIM2
SIM3
SIM4
1
21
22
SIM5
SIM1
SIM2
SIM3
SIM4
1
21
22
SIM5
SIM1
SIM2
SIM3
SIM4
1
21
22
SIM5
SIM1
SIM2
SIM3
SIM4
1
21
22
SIM5
SIM1
SIM2
SIM3
SIM4
1
21
22
SIM5
SIM1
SIM2
SIM3
SIM4
1
21
22
SIM5
SIM1
SIM2
SIM3
SIM4
1
21
22
SIM5
SIM1
SIM2
SIM3
SIM4
1
21
22
SIM5
SIM1
SIM2
SIM3
SIM4
1
21
22
SIM5
SIM1
SIM2
SIM3
SIM4
1
21
22
SIM5
SIM1
SIM2
SIM3
SIM4
1
21
22
SIM5
SIM1
SIM2
SIM3
SIM4
1
21
22
SIM5
SIM1
SIM2
SIM3
SIM4
1
21
22
SIM5
SIM1
SIM2
SIM3
SIM4
1
21
22
SIM5
SIM1
SIM2
SIM3
SIM4
1
21
22
SIM5
SIM1
SIM2
SIM3
SIM4
1
21
22
SIM5
SIM1
SIM2
SIM3
SIM4
1
21
22
SIM5
SIM1
SIM2
SIM3
SIM4
1
21
22
SIM5
SIM1
SIM2
SIM3
SIM4
1
21
22
SIM5
SIM1
SIM2
SIM3
SIM4
1
21
22
SIM5
SIM1
SIM2
SIM3
SIM4
1
21
22
SIM5
SIM1
SIM2
SIM3
SIM4
1
21
22
SIM5
SIM1
SIM2
SIM3
SIM4
1
21
22
SIM5
SIM1
SIM2
SIM3
SIM4
1
21
22
SIM5
SIM1
SIM2
SIM3
SIM4
1
21
22
SIM5
SIM1
SIM2
SIM3
SIM4
1
21
22
SIM5
SIM1
SIM2
SIM3
SIM4
1
21
22
SIM5
SIM1
SIM2
SIM3
SIM4
1
21
22
SIM5
SIM1
SIM2
SIM3
SIM4
1
21
22
SIM5
SIM1
SIM2
SIM3
SIM4
1
21
22
SIM5
SIM1
SIM2
SIM3
SIM4
1
21
22
SIM5
SIM1
SIM2
SIM3
SIM4
1
21
22
SIM5
SIM1
SIM2
SIM3
SIM4
1
21
22
SIM5
SIM1
SIM2
SIM3
SIM4
1
21
22
SIM5
SIM1
SIM2
SIM3
SIM4
1
21
22
SIM5
SIM1
SIM2
SIM3
SIM4
1
21
22
SIM5
SIM1
SIM2
SIM3
SIM4
1
21
22
SIM5
SIM1
SIM2
SIM3
SIM4
1
21
22
SIM5
SIM1
SIM2
SIM3
SIM4
1
21
22
SIM5
SIM1
SIM2
SIM3
SIM4
1
21
22
SIM5
SIM1
SIM2
SIM3
SIM4
1
21
22
SIM5
SIM1
SIM2
SIM3
SIM4
1
21
22
SIM5
SIM1
SIM2
SIM3
SIM4
1
21
22
SIM5
SIM1
SIM2
SIM3
SIM4
1
21
22
SIM5
SIM1
SIM2
SIM3
SIM4
1
21
22
SIM5
SIM1
SIM2
SIM3
SIM4
1
21
22
SIM5
SIM1
SIM2
SIM3
SIM4
1
21
22
SIM5
SIM1
SIM2
SIM3
SIM4
1
21
22
SIM5
SIM1
SIM2
SIM3
SIM4
1
21
22
SIM5
SIM1
SIM2
SIM3
SIM4
1
21
22
SIM5
SIM1
SIM2
SIM3
SIM4
1
21
22
SIM5
SIM1
SIM2
SIM3
SIM4
1
21
22
SIM5
SIM1
SIM2
SIM3
SIM4
1
21
22
SIM5
SIM1
SIM2
SIM3
SIM4
1
21
22
SIM5
SIM1
SIM2
SIM3
SIM4
1
21
22
SIM5
SIM1
SIM2
SIM3
SIM4
1
21
22
SIM5
SIM1
SIM2
SIM3
SIM4
1
21
22
SIM5
SIM1
SIM2
SIM3
SIM4
1
21
22
SIM5
SIM1
SIM2
SIM3
SIM4
1
21
22
SIM5
SIM1
SIM2
SIM3
SIM4
1
21
22
SIM5
SIM1
SIM2
SIM3
SIM4
1
21
22
SIM5
SIM1
SIM2
SIM3
SIM4
1
21
22
SIM5
SIM1
SIM2
SIM3
SIM4
1
21
22
SIM5
SIM1
SIM2
SIM3
SIM4
1
21
22
SIM5
SIM1
SIM2
SIM3
SIM4
1
21
22
SIM5
SIM1
SIM2
SIM3
SIM4
1
21
22
SIM5
SIM1
SIM2
SIM3
SIM4
1
21
22
SIM5
SIM1
SIM2
SIM3
SIM4
1
21
22
SIM5
SIM1
SIM2
SIM3
SIM4
1
21
22
SIM5
SIM1
SIM2
SIM3
SIM4
1
21
22
SIM5
SIM1
SIM2
SIM3
SIM4
1
21
22
SIM5
SIM1
SIM2
SIM3
SIM4
1
21
22
SIM5
SIM1
SIM2
SIM3
SIM4
1
21
22
SIM5
SIM1
SIM2
SIM3
SIM4
1
21
22
SIM5
SIM1
SIM2
SIM3
SIM4
1
21
22
SIM5
SIM1
SIM2
SIM3
SIM4
1
21
22
SIM5
SIM1
SIM2
SIM3
SIM4
1
21
22
SIM5
SIM1
SIM2
SIM3
SIM4
1
21
22
SIM5
SIM1
SIM2
SIM3
SIM4
1
21
22
SIM5
SIM1
SIM2
SIM3
SIM4
1
21
22
SIM5
SIM1
SIM2
SIM3
SIM4
1
21
22
SIM5
SIM1
SIM2
SIM3
SIM4
1
21
22
SIM5
SIM1
SIM2
SIM3
SIM4
1
21
22
SIM5
SIM1
SIM2
SIM3
SIM4
1
21
22
SIM5
SIM1
SIM2
SIM3
SIM4
1
21
22
SIM5
SIM1
SIM2
SIM3
SIM4
1
21
22
SIM5
SIM1
SIM2
SIM3
SIM4
1
21
22
SIM5
SIM1
SIM2
SIM3
SIM4
1
21
22
SIM5
SIM1
SIM2
SIM3
SIM4
1
21
22
SIM5
SIM1
SIM2
SIM3
SIM4
1
21
22
SIM5
SIM1
SIM2
SIM3
SIM4
1
21
22
SIM5
SIM1
SIM2
SIM3
SIM4
1
21
22
SIM5
SIM1
SIM2
SIM3
SIM4
1
21
22
SIM5
SIM1
SIM2
SIM3
SIM4
1
21
22
SIM5
SIM1
SIM2
SIM3
SIM4
1
21
22
SIM5
SIM1
SIM2
DEBUG 1 653
SIM1
SIM2
SIM3
SIM4
1
21
22
SIM5
SIM1
SIM2
SIM3
SIM4
1
21
22
SIM5
SIM1
SIM2
SIM3
SIM4
1
21
22
SIM5
SIM1
SIM2
SIM3
SIM4
1
21
22
SIM5
SIM1
SIM2
SIM3
SIM4
1
21
22
SIM5
SIM1
SIM2
SIM3
SIM4
1
21
22
SIM5
SIM1
SIM2
SIM3
SIM4
1
21
22
SIM5
SIM1
SIM2
SIM3
SIM4
1
21
22
SIM5
SIM1
SIM2
SIM3
SIM4
1
21
22
SIM5
SIM1
SIM2
SIM3
SIM4
1
21
22
SIM5
SIM1
SIM2
SIM3
SIM4
1
21
22
SIM5
SIM1
SIM2
SIM3
SIM4
1
21
22
SIM5
SIM1
SIM2
SIM3
SIM4
1
21
22
SIM5
SIM1
SIM2
SIM3
SIM4
1
21
22
SIM5
SIM1
SIM2
SIM3
SIM4
1
21
22
SIM5
SIM1
SIM2
SIM3
SIM4
1
21
22
SIM5
SIM1
SIM2
SIM3
SIM4
1
21
22
SIM5
SIM1
SIM2
SIM3
SIM4
1
21
22
SIM5
SIM1
SIM2
SIM3
SIM4
1
21
22
SIM5
SIM1
SIM2
SIM3
SIM4
1
21
22
SIM5
SIM1
SIM2
SIM3
SIM4
1
21
22
SIM5
SIM1
SIM2
SIM3
SIM4
1
21
22
SIM5
SIM1
SIM2
SIM3
SIM4
1
21
22
SIM5
SIM1
SIM2
SIM3
SIM4
1
21
22
SIM5
SIM1
SIM2
SIM3
SIM4
1
21
22
SIM5
SIM1
SIM2
SIM3
SIM4
1
21
22
SIM5
SIM1
SIM2
SIM3
SIM4
1
21
22
SIM5
SIM1
SIM2
SIM3
SIM4
1
21
22
SIM5
SIM1
SIM2
SIM3
SIM4
1
21
22
SIM5
SIM1
SIM2
SIM3
SIM4
1
21
22
SIM5
SIM1
SIM2
SIM3
SIM4
1
21
22
SIM5
SIM1
SIM2
SIM3
SIM4
1
21
22
SIM5
SIM1
SIM2
SIM3
SIM4
1
21
22
SIM5
SIM1
SIM2
SIM3
SIM4
1
21
22
SIM5
SIM1
SIM2
SIM3
SIM4
1
21
22
SIM5
SIM1
SIM2
SIM3
SIM4
1
21
22
SIM5
SIM1
SIM2
SIM3
SIM4
1
21
22
SIM5
SIM1
SIM2
SIM3
SIM4
1
21
22
SIM5
SIM1
SIM2
SIM3
SIM4
1
21
22
SIM5
SIM1
SIM2
SIM3
SIM4
1
21
22
SIM5
SIM1
SIM2
SIM3
SIM4
1
21
22
SIM5
SIM1
SIM2
SIM3
SIM4
1
21
22
SIM5
SIM1
SIM2
SIM3
SIM4
1
21
22
SIM5
SIM1
SIM2
SIM3
SIM4
1
21
22
SIM5
SIM1
SIM2
SIM3
SIM4
1
21
22
SIM5
SIM1
SIM2
SIM3
SIM4
1
21
22
SIM5
SIM1
SIM2
SIM3
SIM4
1
21
22
SIM5
SIM1
SIM2
SIM3
SIM4
1
21
22
SIM5
SIM1
SIM2
SIM3
SIM4
1
21
22
SIM5
SIM1
SIM2
SIM3
SIM4
1
21
22
SIM5
SIM1
SIM2
SIM3
SIM4
1
21
22
SIM5
SIM1
SIM2
SIM3
SIM4
1
21
22
SIM5
SIM1
SIM2
SIM3
SIM4
1
21
22
SIM5
SIM1
SIM2
SIM3
SIM4
1
21
22
SIM5
SIM1
SIM2
SIM3
SIM4
1
21
22
SIM5
SIM1
SIM2
SIM3
SIM4
1
21
22
SIM5
SIM1
SIM2
SIM3
SIM4
1
21
22
SIM5
SIM1
SIM2
SIM3
SIM4
1
21
22
SIM5
SIM1
SIM2
SIM3
SIM4
1
21
22
SIM5
SIM1
SIM2
SIM3
SIM4
1
21
22
SIM5
SIM1
SIM2
SIM3
SIM4
1
21
22
SIM5
SIM1
SIM2
SIM3
SIM4
1
21
22
SIM5
SIM1
SIM2
SIM3
SIM4
1
21
22
SIM5
SIM1
SIM2
SIM3
SIM4
1
21
22
SIM5
SIM1
SIM2
SIM3
SIM4
1
21
22
SIM5
SIM1
SIM2
SIM3
SIM4
1
21
22
SIM5
SIM1
SIM2
SIM3
SIM4
1
21
22
SIM5
SIM1
SIM2
SIM3
SIM4
1
21
22
SIM5
SIM1
SIM2
SIM3
SIM4
1
21
22
SIM5
SIM1
SIM2
SIM3
SIM4
1
21
22
SIM5
SIM1
SIM2
SIM3
SIM4
1
21
22
SIM5
SIM1
SIM2
SIM3
SIM4
1
21
22
SIM5
SIM1
SIM2
SIM3
SIM4
1
21
22
SIM5
SIM1
SIM2
SIM3
SIM4
1
21
22
SIM5
SIM1
SIM2
SIM3
SIM4
1
21
22
SIM5
SIM1
SIM2
SIM3
SIM4
1
21
22
SIM5
SIM1
SIM2
SIM3
SIM4
1
21
22
SIM5
SIM1
SIM2
SIM3
SIM4
1
21
22
SIM5
SIM1
SIM2
SIM3
SIM4
1
21
22
SIM5
SIM1
SIM2
SIM3
SIM4
1
21
22
SIM5
SIM1
SIM2
SIM3
SIM4
1
21
22
SIM5
SIM1
SIM2
SIM3
SIM4
1
21
22
SIM5
SIM1
SIM2
SIM3
SIM4
1
21
22
SIM5
SIM1
SIM2
SIM3
SIM4
1
21
22
SIM5
SIM1
SIM2
SIM3
SIM4
1
21
22
SIM5
SIM1
SIM2
SIM3
SIM4
1
21
22
SIM5
SIM1
SIM2
SIM3
SIM4
1
21
22
SIM5
SIM1
SIM2
SIM3
SIM4
1
21
22
SIM5
SIM1
SIM2
SIM3
SIM4
1
21
22
SIM5
SIM1
SIM2
SIM3
SIM4
1
21
22
SIM5
SIM1
SIM2
SIM3
SIM4
1
21
22
SIM5
SIM1
SIM2
SIM3
SIM4
1
21
22
SIM5
SIM1
SIM2
SIM3
SIM4
1
21
22
SIM5
SIM1
SIM2
SIM3
SIM4
1
21
22
SIM5
SIM1
SIM2
SIM3
SIM4
1
21
22
SIM5
SIM1
SIM2
SIM3
SIM4
1
21
22
SIM5
SIM1
SIM2
SIM3
SIM4
1
21
22
SIM5
SIM1
SIM2
SIM3
SIM4
1
21
22
SIM5
SIM1
SIM2
SIM3
SIM4
1
21
22
SIM5
SIM1
SIM2
SIM3
SIM4
1
21
22
SIM5
SIM1
SIM2
SIM3
SIM4
1
21
22
SIM5
SIM1
SIM2
SIM3
SIM4
1
21
22
SIM5
SIM1
SIM2
SIM3
SIM4
1
21
22
SIM5
SIM1
SIM2
SIM3
SIM4
1
21
22
SIM5
SIM1
SIM2
SIM3
SIM4
1
21
22
SIM5
SIM1
SIM2
SIM3
SIM4
1
21
22
SIM5
SIM1
SIM2
SIM3
SIM4
1
21
22
SIM5
SIM1
SIM2
SIM3
SIM4
1
21
22
SIM5
SIM1
SIM2
SIM3
SIM4
1
21
22
SIM5
SIM1
SIM2
SIM3
SIM4
1
21
22
SIM5
SIM1
SIM2
SIM3
SIM4
1
21
22
SIM5
SIM1
SIM2
SIM3
SIM4
1
21
22
SIM5
SIM1
SIM2
SIM3
SIM4
1
21
22
SIM5
SIM1
SIM2
SIM3
SIM4
1
21
22
SIM5
SIM1
SIM2
SIM3
SIM4
1
21
22
SIM5
SIM1
SIM2
SIM3
SIM4
1
21
22
SIM5
SIM1
SIM2
DEBUG 1 654
SIM1
SIM2
SIM3
SIM4
1
21
22
SIM5
SIM1
SIM2
SIM3
SIM4
1
21
22
SIM5
SIM1
SIM2
SIM3
SIM4
1
21
22
SIM5
SIM1
SIM2
SIM3
SIM4
1
21
22
SIM5
SIM1
SIM2
SIM3
SIM4
1
21
22
SIM5
SIM1
SIM2
SIM3
SIM4
1
21
22
SIM5
SIM1
SIM2
SIM3
SIM4
1
21
22
SIM5
SIM1
SIM2
SIM3
SIM4
1
21
22
SIM5
SIM1
SIM2
SIM3
SIM4
1
21
22
SIM5
SIM1
SIM2
SIM3
SIM4
1
21
22
SIM5
SIM1
SIM2
SIM3
SIM4
1
21
22
SIM5
SIM1
SIM2
SIM3
SIM4
1
21
22
SIM5
SIM1
SIM2
SIM3
SIM4
1
21
22
SIM5
SIM1
SIM2
SIM3
SIM4
1
21
22
SIM5
SIM1
SIM2
SIM3
SIM4
1
21
22
SIM5
SIM1
SIM2
SIM3
SIM4
1
21
22
SIM5
SIM1
SIM2
SIM3
SIM4
1
21
22
SIM5
SIM1
SIM2
SIM3
SIM4
1
21
22
SIM5
SIM1
SIM2
SIM3
SIM4
1
21
22
SIM5
SIM1
SIM2
SIM3
SIM4
1
21
22
SIM5
SIM1
SIM2
SIM3
SIM4
1
21
22
SIM5
SIM1
SIM2
SIM3
SIM4
1
21
22
SIM5
SIM1
SIM2
SIM3
SIM4
1
21
22
SIM5
SIM1
SIM2
SIM3
SIM4
1
21
22
SIM5
SIM1
SIM2
SIM3
SIM4
1
21
22
SIM5
SIM1
SIM2
SIM3
SIM4
1
21
22
SIM5
SIM1
SIM2
SIM3
SIM4
1
21
22
SIM5
SIM1
SIM2
SIM3
SIM4
1
21
22
SIM5
SIM1
SIM2
SIM3
SIM4
1
21
22
SIM5
SIM1
SIM2
SIM3
SIM4
1
21
22
SIM5
SIM1
SIM2
SIM3
SIM4
1
21
22
SIM5
SIM1
SIM2
SIM3
SIM4
1
21
22
SIM5
SIM1
SIM2
SIM3
SIM4
1
21
22
SIM5
SIM1
SIM2
SIM3
SIM4
1
21
22
SIM5
SIM1
SIM2
SIM3
SIM4
1
21
22
SIM5
SIM1
SIM2
SIM3
SIM4
1
21
22
SIM5
SIM1
SIM2
SIM3
SIM4
1
21
22
SIM5
SIM1
SIM2
SIM3
SIM4
1
21
22
SIM5
SIM1
SIM2
SIM3
SIM4
1
21
22
SIM5
SIM1
SIM2
SIM3
SIM4
1
21
22
SIM5
SIM1
SIM2
SIM3
SIM4
1
21
22
SIM5
SIM1
SIM2
SIM3
SIM4
1
21
22
SIM5
SIM1
SIM2
SIM3
SIM4
1
21
22
SIM5
SIM1
SIM2
SIM3
SIM4
1
21
22
SIM5
SIM1
SIM2
SIM3
SIM4
1
21
22
SIM5
SIM1
SIM2
SIM3
SIM4
1
21
22
SIM5
SIM1
SIM2
SIM3
SIM4
1
21
22
SIM5
SIM1
SIM2
SIM3
SIM4
1
21
22
SIM5
SIM1
SIM2
SIM3
SIM4
1
21
22
SIM5
SIM1
SIM2
SIM3
SIM4
1
21
22
SIM5
SIM1
SIM2
SIM3
SIM4
1
21
22
SIM5
SIM1
SIM2
SIM3
SIM4
1
21
22
SIM5
SIM1
SIM2
SIM3
SIM4
1
21
22
SIM5
SIM1
SIM2
SIM3
SIM4
1
21
22
SIM5
SIM1
SIM2
SIM3
SIM4
1
21
22
SIM5
SIM1
SIM2
SIM3
SIM4
1
21
22
SIM5
SIM1
SIM2
SIM3
SIM4
1
21
22
SIM5
SIM1
SIM2
SIM3
SIM4
1
21
22
SIM5
SIM1
SIM2
SIM3
SIM4
1
21
22
SIM5
SIM1
SIM2
SIM3
SIM4
1
21
22
SIM5
SIM1
SIM2
SIM3
SIM4
1
21
22
SIM5
SIM1
SIM2
SIM3
SIM4
1
21
22
SIM5
SIM1
SIM2
SIM3
SIM4
1
21
22
SIM5
SIM1
SIM2
SIM3
SIM4
1
21
22
SIM5
SIM1
SIM2
SIM3
SIM4
1
21
22
SIM5
SIM1
SIM2
SIM3
SIM4
1
21
22
SIM5
SIM1
SIM2
SIM3
SIM4
1
21
22
SIM5
SIM1
SIM2
SIM3
SIM4
1
21
22
SIM5
SIM1
SIM2
SIM3
SIM4
1
21
22
SIM5
SIM1
SIM2
SIM3
SIM4
1
21
22
SIM5
SIM1
SIM2
SIM3
SIM4
1
21
22
SIM5
SIM1
SIM2
SIM3
SIM4
1
21
22
SIM5
SIM1
SIM2
SIM3
SIM4
1
21
22
SIM5
SIM1
SIM2
SIM3
SIM4
1
21
22
SIM5
SIM1
SIM2
SIM3
SIM4
1
21
22
SIM5
SIM1
SIM2
SIM3
SIM4
1
21
22
SIM5
SIM1
SIM2
SIM3
SIM4
1
21
22
SIM5
SIM1
SIM2
SIM3
SIM4
1
21
22
SIM5
SIM1
SIM2
SIM3
SIM4
1
21
22
SIM5
SIM1
SIM2
DEBUG 1 655
SIM1
SIM2
SIM3
SIM4
1
21
22
SIM5
SIM1
SIM2
SIM3
SIM4
1
21
22
SIM5
SIM1
SIM2
SIM3
SIM4
1
21
22
SIM5
SIM1
SIM2
SIM3
SIM4
1
21
22
SIM5
SIM1
SIM2
SIM3
SIM4
1
21
22
SIM5
SIM1
SIM2
SIM3
SIM4
1
21
22
SIM5
SIM1
SIM2
SIM3
SIM4
1
21
22
SIM5
SIM1
SIM2
SIM3
SIM4
1
21
22
SIM5
SIM1
SIM2
SIM3
SIM4
1
21
22
SIM5
SIM1
SIM2
SIM3
SIM4
1
21
22
SIM5
SIM1
SIM2
SIM3
SIM4
1
21
22
SIM5
SIM1
SIM2
SIM3
SIM4
1
21
22
SIM5
SIM1
SIM2
SIM3
SIM4
1
21
22
SIM5
SIM1
SIM2
SIM3
SIM4
1
21
22
SIM5
SIM1
SIM2
SIM3
SIM4
1
21
22
SIM5
SIM1
SIM2
SIM3
SIM4
1
21
22
SIM5
SIM1
SIM2
SIM3
SIM4
1
21
22
SIM5
SIM1
SIM2
SIM3
SIM4
1
21
22
SIM5
SIM1
SIM2
SIM3
SIM4
1
21
22
SIM5
SIM1
SIM2
SIM3
SIM4
1
21
22
SIM5
SIM1
SIM2
SIM3
SIM4
1
21
22
SIM5
SIM1
SIM2
SIM3
SIM4
1
21
22
SIM5
SIM1
SIM2
SIM3
SIM4
1
21
22
SIM5
SIM1
SIM2
SIM3
SIM4
1
21
22
SIM5
SIM1
SIM2
SIM3
SIM4
1
21
22
SIM5
SIM1
SIM2
SIM3
SIM4
1
21
22
SIM5
SIM1
SIM2
SIM3
SIM4
1
21
22
SIM5
SIM1
SIM2
SIM3
SIM4
1
21
22
SIM5
SIM1
SIM2
SIM3
SIM4
1
21
22
SIM5
SIM1
SIM2
SIM3
SIM4
1
21
22
SIM5
SIM1
SIM2
SIM3
SIM4
1
21
22
SIM5
SIM1
SIM2
SIM3
SIM4
1
21
22
SIM5
SIM1
SIM2
SIM3
SIM4
1
21
22
SIM5
SIM1
SIM2
SIM3
SIM4
1
21
22
SIM5
SIM1
SIM2
SIM3
SIM4
1
21
22
SIM5
SIM1
SIM2
SIM3
SIM4
1
21
22
SIM5
SIM1
SIM2
SIM3
SIM4
1
21
22
SIM5
SIM1
SIM2
SIM3
SIM4
1
21
22
SIM5
SIM1
SIM2
SIM3
SIM4
1
21
22
SIM5
SIM1
SIM2
SIM3
SIM4
1
21
22
SIM5
SIM1
SIM2
SIM3
SIM4
1
21
22
SIM5
SIM1
SIM2
SIM3
SIM4
1
21
22
SIM5
SIM1
SIM2
SIM3
SIM4
1
21
22
SIM5
SIM1
SIM2
SIM3
SIM4
1
21
22
SIM5
SIM1
SIM2
SIM3
SIM4
1
21
22
SIM5
SIM1
SIM2
SIM3
SIM4
1
21
22
SIM5
SIM1
SIM2
SIM3
SIM4
1
21
22
SIM5
SIM1
SIM2
SIM3
SIM4
1
21
22
SIM5
SIM1
SIM2
SIM3
SIM4
1
21
22
SIM5
SIM1
SIM2
SIM3
SIM4
1
21
22
SIM5
SIM1
SIM2
SIM3
SIM4
1
21
22
SIM5
SIM1
SIM2
SIM3
SIM4
1
21
22
SIM5
SIM1
SIM2
SIM3
SIM4
1
21
22
SIM5
SIM1
SIM2
SIM3
SIM4
1
21
22
SIM5
SIM1
SIM2
SIM3
SIM4
1
21
22
SIM5
SIM1
SIM2
SIM3
SIM4
1
21
22
SIM5
SIM1
SIM2
SIM3
SIM4
1
21
22
SIM5
SIM1
SIM2
SIM3
SIM4
1
21
22
SIM5
SIM1
SIM2
SIM3
SIM4
1
21
22
SIM5
SIM1
SIM2
SIM3
SIM4
1
21
22
SIM5
SIM1
SIM2
SIM3
SIM4
1
21
22
SIM5
SIM1
SIM2
SIM3
SIM4
1
21
22
SIM5
SIM1
SIM2
SIM3
SIM4
1
21
22
SIM5
SIM1
SIM2
SIM3
SIM4
1
21
22
SIM5
SIM1
SIM2
SIM3
SIM4
1
21
22
SIM5
SIM1
SIM2
SIM3
SIM4
1
21
22
SIM5
SIM1
SIM2
SIM3
SIM4
1
21
22
SIM5
SIM1
SIM2
SIM3
SIM4
1
21
22
SIM5
SIM1
SIM2
SIM3
SIM4
1
21
22
SIM5
SIM1
SIM2
SIM3
SIM4
1
21
22
SIM5
SIM1
SIM2
SIM3
SIM4
1
21
22
SIM5
SIM1
SIM2
SIM3
SIM4
1
21
22
SIM5
SIM1
SIM2
SIM3
SIM4
1
21
22
SIM5
SIM1
SIM2
SIM3
SIM4
1
21
22
SIM5
SIM1
SIM2
SIM3
SIM4
1
21
22
SIM5
SIM1
SIM2
SIM3
SIM4
1
21
22
SIM5
SIM1
SIM2
SIM3
SIM4
1
21
22
SIM5
SIM1
SIM2
SIM3
SIM4
1
21
22
SIM5
SIM1
SIM2
SIM3
SIM4
1
21
22
SIM5
SIM1
SIM2
SIM3
SIM4
1
21
22
SIM5
SIM1
SIM2
SIM3
SIM4
1
21
22
SIM5
SIM1
SIM2
SIM3
SIM4
1
21
22
SIM5
SIM1
SIM2
SIM3
SIM4
1
21
22
SIM5
SIM1
SIM2
SIM3
SIM4
1
21
22
SIM5
SIM1
SIM2
SIM3
SIM4
1
21
22
SIM5
SIM1
SIM2
SIM3
SIM4
1
21
22
SIM5
SIM1
SIM2
SIM3
SIM4
1
21
22
SIM5
SIM1
SIM2
SIM3
SIM4
1
21
22
SIM5
SIM1
SIM2
SIM3
SIM4
1
21
22
SIM5
SIM1
SIM2
SIM3
SIM4
1
21
22
SIM5
SIM1
SIM2
SIM3
SIM4
1
21
22
SIM5
SIM1
SIM2
SIM3
SIM4
1
21
22
SIM5
SIM1
SIM2
SIM3
SIM4
1
21
22
SIM5
SIM1
SIM2
SIM3
SIM4
1
21
22
SIM5
SIM1
SIM2
SIM3
SIM4
1
21
22
SIM5
SIM1
SIM2
SIM3
SIM4
1
21
22
SIM5
SIM1
SIM2
SIM3
SIM4
1
21
22
SIM5
SIM1
SIM2
SIM3
SIM4
1
21
22
SIM5
SIM1
SIM2
SIM3
SIM4
1
21
22
SIM5
SIM1
SIM2
SIM3
SIM4
1
21
22
SIM5
SIM1
SIM2
SIM3
SIM4
1
21
22
SIM5
SIM1
SIM2
SIM3
SIM4
1
21
22
SIM5
SIM1
SIM2
SIM3
SIM4
1
21
22
SIM5
SIM1
SIM2
SIM3
SIM4
1
21
22
SIM5
SIM1
SIM2
SIM3
SIM4
1
21
22
SIM5
SIM1
SIM2
SIM3
SIM4
1
21
22
SIM5
SIM1
SIM2
SIM3
SIM4
1
21
22
SIM5
SIM1
SIM2
SIM3
SIM4
1
21
22
SIM5
SIM1
SIM2
SIM3
SIM4
1
21
22
SIM5
SIM1
SIM2
SIM3
SIM4
1
21
22
SIM5
SIM1
SIM2
SIM3
SIM4
1
21
22
SIM5
SIM1
SIM2
SIM3
SIM4
1
21
22
SIM5
SIM1
SIM2
SIM3
SIM4
1
21
22
SIM5
SIM1
SIM2
SIM3
SIM4
1
21
22
SIM5
SIM1
SIM2
SIM3
SIM4
1
21
22
SIM5
SIM1
SIM2
SIM3
SIM4
1
21
22
SIM5
SIM1
SIM2
SIM3
SIM4
1
21
22
SIM5
SIM1
SIM2
SIM3
SIM4
1
21
22
SIM5
SIM1
SIM2
SIM3
SIM4
1
21
22
SIM5
SIM1
SIM2
SIM3
SIM4
1
21
22
SIM5
SIM1
SIM2
SIM3
SIM4
1
21
22
SIM5
SIM1
SIM2
SIM3
SIM4
1
21
22
SIM5
SIM1
SIM2
SIM3
SIM4
1
21
22
SIM5
SIM1
SIM2
SIM3
SIM4
1
21
22
SIM5
SIM1
SIM2
SIM3
SIM4
1
21
22
SIM5
SIM1
SIM2
SIM3
SIM4
1
21
22
SIM5
SIM1
SIM2
SIM3
SIM4
1
21
22
SIM5
SIM1
SIM2
SIM3
SIM4
1
21
22
SIM5
SIM1
SIM2
SIM3
SIM4
1
21
22
SIM5
SIM1
SIM2
SIM3
SIM4
1
21
22
SIM5
SIM1
SIM2
SIM3
SIM4
1
21
22
SIM5
SIM1
SIM2
SIM3
SIM4
1
21
22
SIM5
SIM1
SIM2
SIM3
SIM4
1
21
22
SIM5
SIM1
SIM2
SIM3
SIM4
1
21
22
SIM5
SIM1
SIM2
SIM3
SIM4
1
21
22
SIM5
SIM1
SIM2
SIM3
SIM4
1
21
22
SIM5
SIM1
SIM2
SIM3
SIM4
1
21
22
SIM5
SIM1
SIM2
SIM3
SIM4
1
21
22
SIM5
SIM1
SIM2
SIM3
SIM4
1
21
22
SIM5
SIM1
SIM2
DEBUG 1 656
SIM1
SIM2
SIM3
SIM4
1
21
22
SIM5
SIM1
SIM2
SIM3
SIM4
1
21
22
SIM5
SIM1
SIM2
SIM3
SIM4
1
21
22
SIM5
SIM1
SIM2
SIM3
SIM4
1
21
22
SIM5
SIM1
SIM2
SIM3
SIM4
1
21
22
SIM5
SIM1
SIM2
SIM3
SIM4
1
21
22
SIM5
SIM1
SIM2
SIM3
SIM4
1
21
22
SIM5
SIM1
SIM2
SIM3
SIM4
1
21
22
SIM5
SIM1
SIM2
SIM3
SIM4
1
21
22
SIM5
SIM1
SIM2
SIM3
SIM4
1
21
22
SIM5
SIM1
SIM2
SIM3
SIM4
1
21
22
SIM5
SIM1
SIM2
SIM3
SIM4
1
21
22
SIM5
SIM1
SIM2
SIM3
SIM4
1
21
22
SIM5
SIM1
SIM2
SIM3
SIM4
1
21
22
SIM5
SIM1
SIM2
SIM3
SIM4
1
21
22
SIM5
SIM1
SIM2
SIM3
SIM4
1
21
22
SIM5
SIM1
SIM2
SIM3
SIM4
1
21
22
SIM5
SIM1
SIM2
SIM3
SIM4
1
21
22
SIM5
SIM1
SIM2
SIM3
SIM4
1
21
22
SIM5
SIM1
SIM2
SIM3
SIM4
1
21
22
SIM5
SIM1
SIM2
SIM3
SIM4
1
21
22
SIM5
SIM1
SIM2
SIM3
SIM4
1
21
22
SIM5
SIM1
SIM2
SIM3
SIM4
1
21
22
SIM5
SIM1
SIM2
SIM3
SIM4
1
21
22
SIM5
SIM1
SIM2
SIM3
SIM4
1
21
22
SIM5
SIM1
SIM2
SIM3
SIM4
1
21
22
SIM5
SIM1
SIM2
SIM3
SIM4
1
21
22
SIM5
SIM1
SIM2
SIM3
SIM4
1
21
22
SIM5
SIM1
SIM2
SIM3
SIM4
1
21
22
SIM5
SIM1
SIM2
SIM3
SIM4
1
21
22
SIM5
SIM1
SIM2
SIM3
SIM4
1
21
22
SIM5
SIM1
SIM2
SIM3
SIM4
1
21
22
SIM5
SIM1
SIM2
SIM3
SIM4
1
21
22
SIM5
SIM1
SIM2
SIM3
SIM4
1
21
22
SIM5
SIM1
SIM2
SIM3
SIM4
1
21
22
SIM5
SIM1
SIM2
SIM3
SIM4
1
21
22
SIM5
SIM1
SIM2
SIM3
SIM4
1
21
22
SIM5
SIM1
SIM2
SIM3
SIM4
1
21
22
SIM5
SIM1
SIM2
SIM3
SIM4
1
21
22
SIM5
SIM1
SIM2
SIM3
SIM4
1
21
22
SIM5
SIM1
SIM2
SIM3
SIM4
1
21
22
SIM5
SIM1
SIM2
SIM3
SIM4
1
21
22
SIM5
SIM1
SIM2
SIM3
SIM4
1
21
22
SIM5
SIM1
SIM2
SIM3
SIM4
1
21
22
SIM5
SIM1
SIM2
SIM3
SIM4
1
21
22
SIM5
SIM1
SIM2
SIM3
SIM4
1
21
22
SIM5
SIM1
SIM2
SIM3
SIM4
1
21
22
SIM5
SIM1
SIM2
SIM3
SIM4
1
21
22
SIM5
SIM1
SIM2
SIM3
SIM4
1
21
22
SIM5
SIM1
SIM2
SIM3
SIM4
1
21
22
SIM5
SIM1
SIM2
SIM3
SIM4
1
21
22
SIM5
SIM1
SIM2
SIM3
SIM4
1
21
22
SIM5
SIM1
SIM2
SIM3
SIM4
1
21
22
SIM5
SIM1
SIM2
SIM3
SIM4
1
21
22
SIM5
SIM1
SIM2
SIM3
SIM4
1
21
22
SIM5
SIM1
SIM2
SIM3
SIM4
1
21
22
SIM5
SIM1
SIM2
SIM3
SIM4
1
21
22
SIM5
SIM1
SIM2
SIM3
SIM4
1
21
22
SIM5
SIM1
SIM2
SIM3
SIM4
1
21
22
SIM5
SIM1
SIM2
SIM3
SIM4
1
21
22
SIM5
SIM1
SIM2
SIM3
SIM4
1
21
22
SIM5
SIM1
SIM2
SIM3
SIM4
1
21
22
SIM5
SIM1
SIM2
SIM3
SIM4
1
21
22
SIM5
SIM1
SIM2
SIM3
SIM4
1
21
22
SIM5
SIM1
SIM2
SIM3
SIM4
1
21
22
SIM5
SIM1
SIM2
SIM3
SIM4
1
21
22
SIM5
SIM1
SIM2
SIM3
SIM4
1
21
22
SIM5
SIM1
SIM2
SIM3
SIM4
1
21
22
SIM5
SIM1
SIM2
SIM3
SIM4
1
21
22
SIM5
SIM1
SIM2
SIM3
SIM4
1
21
22
SIM5
SIM1
SIM2
SIM3
SIM4
1
21
22
SIM5
SIM1
SIM2
SIM3
SIM4
1
21
22
SIM5
SIM1
SIM2
SIM3
SIM4
1
21
22
SIM5
SIM1
SIM2
SIM3
SIM4
1
21
22
SIM5
SIM1
SIM2
SIM3
SIM4
1
21
22
SIM5
SIM1
SIM2
SIM3
SIM4
1
21
22
SIM5
SIM1
SIM2
SIM3
SIM4
1
21
22
SIM5
SIM1
SIM2
SIM3
SIM4
1
21
22
SIM5
SIM1
SIM2
SIM3
SIM4
1
21
22
SIM5
SIM1
SIM2
SIM3
SIM4
1
21
22
SIM5
SIM1
SIM2
SIM3
SIM4
1
21
22
SIM5
SIM1
SIM2
SIM3
SIM4
1
21
22
SIM5
SIM1
SIM2
SIM3
SIM4
1
21
22
SIM5
SIM1
SIM2
SIM3
SIM4
1
21
22
SIM5
SIM1
SIM2
SIM3
SIM4
1
21
22
SIM5
SIM1
SIM2
SIM3
SIM4
1
21
22
SIM5
SIM1
SIM2
SIM3
SIM4
1
21
22
SIM5
SIM1
SIM2
SIM3
SIM4
1
21
22
SIM5
SIM1
SIM2
SIM3
SIM4
1
21
22
SIM5
SIM1
SIM2
SIM3
SIM4
1
21
22
SIM5
SIM1
SIM2
SIM3
SIM4
1
21
22
SIM5
SIM1
SIM2
SIM3
SIM4
1
21
22
SIM5
SIM1
SIM2
SIM3
SIM4
1
21
22
SIM5
SIM1
SIM2
SIM3
SIM4
1
21
22
SIM5
SIM1
SIM2
SIM3
SIM4
1
21
22
SIM5
SIM1
SIM2
SIM3
SIM4
1
21
22
SIM5
SIM1
SIM2
SIM3
SIM4
1
21
22
SIM5
SIM1
SIM2
SIM3
SIM4
1
21
22
SIM5
SIM1
SIM2
SIM3
SIM4
1
21
22
SIM5
SIM1
SIM2
SIM3
SIM4
1
21
22
SIM5
SIM1
SIM2
SIM3
SIM4
1
21
22
SIM5
SIM1
SIM2
SIM3
SIM4
1
21
22
SIM5
SIM1
SIM2
SIM3
SIM4
1
21
22
SIM5
SIM1
SIM2
SIM3
SIM4
1
21
22
SIM5
SIM1
SIM2
SIM3
SIM4
1
21
22
SIM5
SIM1
SIM2
SIM3
SIM4
1
21
22
SIM5
SIM1
SIM2
SIM3
SIM4
1
21
22
SIM5
SIM1
SIM2
SIM3
SIM4
1
21
22
SIM5
SIM1
SIM2
SIM3
SIM4
1
21
22
SIM5
SIM1
SIM2
SIM3
SIM4
1
21
22
SIM5
SIM1
SIM2
SIM3
SIM4
1
21
22
SIM5
SIM1
SIM2
SIM3
SIM4
1
21
22
SIM5
SIM1
SIM2
SIM3
SIM4
1
21
22
SIM5
SIM1
SIM2
SIM3
SIM4
1
21
22
SIM5
SIM1
SIM2
SIM3
SIM4
1
21
22
SIM5
SIM1
SIM2
SIM3
SIM4
1
21
22
SIM5
SIM1
SIM2
SIM3
SIM4
1
21
22
SIM5
SIM1
SIM2
SIM3
SIM4
1
21
22
SIM5
SIM1
SIM2
SIM3
SIM4
1
21
22
SIM5
SIM1
SIM2
SIM3
SIM4
1
21
22
SIM5
SIM1
SIM2
SIM3
SIM4
1
21
22
SIM5
SIM1
SIM2
SIM3
SIM4
1
21
22
SIM5
SIM1
SIM2
SIM3
SIM4
1
21
22
SIM5
SIM1
SIM2
SIM3
SIM4
1
21
22
SIM5
SIM1
SIM2
SIM3
SIM4
1
21
22
SIM5
SIM1
SIM2
SIM3
SIM4
1
21
22
SIM5
SIM1
SIM2
SIM3
SIM4
1
21
22
SIM5
SIM1
SIM2
SIM3
SIM4
1
21
22
SIM5
SIM1
SIM2
SIM3
SIM4
1
21
22
SIM5
SIM1
SIM2
SIM3
SIM4
1
21
22
SIM5
SIM1
SIM2
SIM3
SIM4
1
21
22
SIM5
SIM1
SIM2
SIM3
SIM4
1
21
22
SIM5
SIM1
SIM2
SIM3
SIM4
1
21
22
SIM5
SIM1
SIM2
SIM3
SIM4
1
21
22
SIM5
SIM1
SIM2
SIM3
SIM4
1
21
22
SIM5
SIM1
SIM2
SIM3
SIM4
1
21
22
SIM5
SIM1
SIM2
SIM3
SIM4
1
21
22
SIM5
SIM1
SIM2
SIM3
SIM4
1
21
22
SIM5
SIM1
SIM2
SIM3
SIM4
1
21
22
SIM5
SIM1
SIM2
SIM3
SIM4
1
21
22
SIM5
SIM1
SIM2
SIM3
SIM4
1
21
22
SIM5
SIM1
SIM2
SIM3
SIM4
1
21
22
SIM5
SIM1
SIM2
DEBUG 1 657
SIM1
SIM2
SIM3
SIM4
1
21
22
SIM5
SIM1
SIM2
SIM3
SIM4
1
21
22
SIM5
SIM1
SIM2
SIM3
SIM4
1
21
22
SIM5
SIM1
SIM2
SIM3
SIM4
1
21
22
SIM5
SIM1
SIM2
SIM3
SIM4
1
21
22
SIM5
SIM1
SIM2
SIM3
SIM4
1
21
22
SIM5
SIM1
SIM2
SIM3
SIM4
1
21
22
SIM5
SIM1
SIM2
SIM3
SIM4
1
21
22
SIM5
SIM1
SIM2
SIM3
SIM4
1
21
22
SIM5
SIM1
SIM2
SIM3
SIM4
1
21
22
SIM5
SIM1
SIM2
SIM3
SIM4
1
21
22
SIM5
SIM1
SIM2
SIM3
SIM4
1
21
22
SIM5
SIM1
SIM2
SIM3
SIM4
1
21
22
SIM5
SIM1
SIM2
SIM3
SIM4
1
21
22
SIM5
SIM1
SIM2
SIM3
SIM4
1
21
22
SIM5
SIM1
SIM2
SIM3
SIM4
1
21
22
SIM5
SIM1
SIM2
SIM3
SIM4
1
21
22
SIM5
SIM1
SIM2
SIM3
SIM4
1
21
22
SIM5
SIM1
SIM2
SIM3
SIM4
1
21
22
SIM5
SIM1
SIM2
SIM3
SIM4
1
21
22
SIM5
SIM1
SIM2
SIM3
SIM4
1
21
22
SIM5
SIM1
SIM2
SIM3
SIM4
1
21
22
SIM5
SIM1
SIM2
SIM3
SIM4
1
21
22
SIM5
SIM1
SIM2
SIM3
SIM4
1
21
22
SIM5
SIM1
SIM2
SIM3
SIM4
1
21
22
SIM5
SIM1
SIM2
SIM3
SIM4
1
21
22
SIM5
SIM1
SIM2
SIM3
SIM4
1
21
22
SIM5
SIM1
SIM2
SIM3
SIM4
1
21
22
SIM5
SIM1
SIM2
SIM3
SIM4
1
21
22
SIM5
SIM1
SIM2
SIM3
SIM4
1
21
22
SIM5
SIM1
SIM2
SIM3
SIM4
1
21
22
SIM5
SIM1
SIM2
SIM3
SIM4
1
21
22
SIM5
SIM1
SIM2
SIM3
SIM4
1
21
22
SIM5
SIM1
SIM2
SIM3
SIM4
1
21
22
SIM5
SIM1
SIM2
SIM3
SIM4
1
21
22
SIM5
SIM1
SIM2
SIM3
SIM4
1
21
22
SIM5
SIM1
SIM2
SIM3
SIM4
1
21
22
SIM5
SIM1
SIM2
SIM3
SIM4
1
21
22
SIM5
SIM1
SIM2
SIM3
SIM4
1
21
22
SIM5
SIM1
SIM2
SIM3
SIM4
1
21
22
SIM5
SIM1
SIM2
SIM3
SIM4
1
21
22
SIM5
SIM1
SIM2
SIM3
SIM4
1
21
22
SIM5
SIM1
SIM2
SIM3
SIM4
1
21
22
SIM5
SIM1
SIM2
SIM3
SIM4
1
21
22
SIM5
SIM1
SIM2
SIM3
SIM4
1
21
22
SIM5
SIM1
SIM2
SIM3
SIM4
1
21
22
SIM5
SIM1
SIM2
SIM3
SIM4
1
21
22
SIM5
SIM1
SIM2
SIM3
SIM4
1
21
22
SIM5
SIM1
SIM2
SIM3
SIM4
1
21
22
SIM5
SIM1
SIM2
SIM3
SIM4
1
21
22
SIM5
SIM1
SIM2
SIM3
SIM4
1
21
22
SIM5
SIM1
SIM2
SIM3
SIM4
1
21
22
SIM5
SIM1
SIM2
SIM3
SIM4
1
21
22
SIM5
SIM1
SIM2
SIM3
SIM4
1
21
22
SIM5
SIM1
SIM2
SIM3
SIM4
1
21
22
SIM5
SIM1
SIM2
SIM3
SIM4
1
21
22
SIM5
SIM1
SIM2
SIM3
SIM4
1
21
22
SIM5
SIM1
SIM2
SIM3
SIM4
1
21
22
SIM5
SIM1
SIM2
SIM3
SIM4
1
21
22
SIM5
SIM1
SIM2
SIM3
SIM4
1
21
22
SIM5
SIM1
SIM2
SIM3
SIM4
1
21
22
SIM5
SIM1
SIM2
SIM3
SIM4
1
21
22
SIM5
SIM1
SIM2
SIM3
SIM4
1
21
22
SIM5
SIM1
SIM2
SIM3
SIM4
1
21
22
SIM5
SIM1
SIM2
SIM3
SIM4
1
21
22
SIM5
SIM1
SIM2
SIM3
SIM4
1
21
22
SIM5
SIM1
SIM2
SIM3
SIM4
1
21
22
SIM5
SIM1
SIM2
SIM3
SIM4
1
21
22
SIM5
SIM1
SIM2
SIM3
SIM4
1
21
22
SIM5
SIM1
SIM2
SIM3
SIM4
1
21
22
SIM5
SIM1
SIM2
SIM3
SIM4
1
21
22
SIM5
SIM1
SIM2
SIM3
SIM4
1
21
22
SIM5
SIM1
SIM2
SIM3
SIM4
1
21
22
SIM5
SIM1
SIM2
SIM3
SIM4
1
21
22
SIM5
SIM1
SIM2
SIM3
SIM4
1
21
22
SIM5
SIM1
SIM2
SIM3
SIM4
1
21
22
SIM5
SIM1
SIM2
SIM3
SIM4
1
21
22
SIM5
SIM1
SIM2
SIM3
SIM4
1
21
22
SIM5
SIM1
SIM2
SIM3
SIM4
1
21
22
SIM5
SIM1
SIM2
SIM3
SIM4
1
21
22
SIM5
SIM1
SIM2
SIM3
SIM4
1
21
22
SIM5
SIM1
SIM2
SIM3
SIM4
1
21
22
SIM5
SIM1
SIM2
SIM3
SIM4
1
21
22
SIM5
SIM1
SIM2
SIM3
SIM4
1
21
22
SIM5
SIM1
SIM2
SIM3
SIM4
1
21
22
SIM5
SIM1
SIM2
SIM3
SIM4
1
21
22
SIM5
SIM1
SIM2
SIM3
SIM4
1
21
22
SIM5
SIM1
SIM2
SIM3
SIM4
1
21
22
SIM5
SIM1
SIM2
SIM3
SIM4
1
21
22
SIM5
SIM1
SIM2
SIM3
SIM4
1
21
22
SIM5
SIM1
SIM2
SIM3
SIM4
1
21
22
SIM5
SIM1
SIM2
SIM3
SIM4
1
21
22
SIM5
SIM1
SIM2
SIM3
SIM4
1
21
22
SIM5
SIM1
SIM2
SIM3
SIM4
1
21
22
SIM5
SIM1
SIM2
SIM3
SIM4
1
21
22
SIM5
SIM1
SIM2
SIM3
SIM4
1
21
22
SIM5
SIM1
SIM2
SIM3
SIM4
1
21
22
SIM5
SIM1
SIM2
SIM3
SIM4
1
21
22
SIM5
SIM1
SIM2
SIM3
SIM4
1
21
22
SIM5
SIM1
SIM2
SIM3
SIM4
1
21
22
SIM5
SIM1
SIM2
SIM3
SIM4
1
21
22
SIM5
SIM1
SIM2
SIM3
SIM4
1
21
22
SIM5
SIM1
SIM2
SIM3
SIM4
1
21
22
SIM5
SIM1
SIM2
SIM3
SIM4
1
21
22
SIM5
SIM1
SIM2
SIM3
SIM4
1
21
22
SIM5
SIM1
SIM2
SIM3
SIM4
1
21
22
SIM5
SIM1
SIM2
SIM3
SIM4
1
21
22
SIM5
SIM1
SIM2
SIM3
SIM4
1
21
22
SIM5
SIM1
SIM2
SIM3
SIM4
1
21
22
SIM5
SIM1
SIM2
SIM3
SIM4
1
21
22
SIM5
SIM1
SIM2
SIM3
SIM4
1
21
22
SIM5
SIM1
SIM2
SIM3
SIM4
1
21
22
SIM5
SIM1
SIM2
SIM3
SIM4
1
21
22
SIM5
SIM1
SIM2
SIM3
SIM4
1
21
22
SIM5
SIM1
SIM2
SIM3
SIM4
1
21
22
SIM5
SIM1
SIM2
SIM3
SIM4
1
21
22
SIM5
SIM1
SIM2
SIM3
SIM4
1
21
22
SIM5
SIM1
SIM2
SIM3
SIM4
1
21
22
SIM5
SIM1
SIM2
SIM3
SIM4
1
21
22
SIM5
SIM1
SIM2
SIM3
SIM4
1
21
22
SIM5
SIM1
SIM2
SIM3
SIM4
1
21
22
SIM5
SIM1
SIM2
SIM3
SIM4
1
21
22
SIM5
SIM1
SIM2
SIM3
SIM4
1
21
22
SIM5
SIM1
SIM2
SIM3
SIM4
1
21
22
SIM5
SIM1
SIM2
SIM3
SIM4
1
21
22
SIM5
SIM1
SIM2
SIM3
SIM4
1
21
22
SIM5
SIM1
SIM2
SIM3
SIM4
1
21
22
SIM5
SIM1
SIM2
SIM3
SIM4
1
21
22
SIM5
SIM1
SIM2
SIM3
SIM4
1
21
22
SIM5
SIM1
SIM2
SIM3
SIM4
1
21
22
SIM5
SIM1
SIM2
SIM3
SIM4
1
21
22
SIM5
SIM1
SIM2
SIM3
SIM4
1
21
22
SIM5
SIM1
SIM2
SIM3
SIM4
1
21
22
SIM5
SIM1
SIM2
SIM3
SIM4
1
21
22
SIM5
SIM1
SIM2
SIM3
SIM4
1
21
22
SIM5
SIM1
SIM2
SIM3
SIM4
1
21
22
SIM5
SIM1
SIM2
SIM3
SIM4
1
21
22
SIM5
SIM1
SIM2
SIM3
SIM4
1
21
22
SIM5
SIM1
SIM2
SIM3
SIM4
1
21
22
SIM5
SIM1
SIM2
SIM3
SIM4
1
21
22
SIM5
SIM1
SIM2
SIM3
SIM4
1
21
22
SIM5
SIM1
SIM2
SIM3
SIM4
1
21
22
SIM5
SIM1
SIM2
SIM3
SIM4
1
21
22
SIM5
SIM1
SIM2
SIM3
SIM4
1
21
22
SIM5
SIM1
SIM2
SIM3
SIM4
1
21
22
SIM5
SIM1
SIM2
SIM3
SIM4
1
21
22
SIM5
SIM1
SIM2
SIM3
SIM4
1
21
22
SIM5
SIM1
SIM2
SIM3
SIM4
1
21
22
SIM5
SIM1
SIM2
SIM3
SIM4
1
21
22
SIM5
SIM1
SIM2
SIM3
SIM4
1
21
22
SIM5
SIM1
SIM2
SIM3
SIM4
1
21
22
SIM5
SIM1
SIM2
SIM3
SIM4
1
21
22
SIM5
SIM1
SIM2
SIM3
SIM4
1
21
22
SIM5
SIM1
SIM2
SIM3
SIM4
1
21
22
SIM5
SIM1
SIM2
SIM3
SIM4
1
21
22
SIM5
SIM1
SIM2
SIM3
SIM4
1
21
22
SIM5
SIM1
SIM2
SIM3
SIM4
1
21
22
SIM5
SIM1
SIM2
SIM3
SIM4
1
21
22
SIM5
SIM1
SIM2
SIM3
SIM4
1
21
22
SIM5
SIM1
SIM2
SIM3
SIM4
1
21
22
SIM5
SIM1
SIM2
SIM3
SIM4
1
21
22
SIM5
SIM1
SIM2
SIM3
SIM4
1
21
22
SIM5
SIM1
SIM2
SIM3
SIM4
1
21
22
SIM5
SIM1
SIM2
SIM3
SIM4
1
21
22
SIM5
SIM1
SIM2
SIM3
SIM4
1
21
22
SIM5
SIM1
SIM2
SIM3
SIM4
1
21
22
SIM5
SIM1
SIM2
SIM3
SIM4
1
21
22
SIM5
SIM1
SIM2
SIM3
SIM4
1
21
22
SIM5
SIM1
SIM2
SIM3
SIM4
1
21
22
SIM5
SIM1
SIM2
SIM3
SIM4
1
21
22
SIM5
SIM1
SIM2
SIM3
SIM4
1
21
22
SIM5
SIM1
SIM2
SIM3
SIM4
1
21
22
SIM5
SIM1
SIM2
SIM3
SIM4
1
21
22
SIM5
SIM1
SIM2
SIM3
SIM4
1
21
22
SIM5
SIM1
SIM2
SIM3
SIM4
1
21
22
SIM5
SIM1
SIM2
SIM3
SIM4
1
21
22
SIM5
SIM1
SIM2
SIM3
SIM4
1
21
22
SIM5
SIM1
SIM2
SIM3
SIM4
1
21
22
SIM5
SIM1
SIM2
SIM3
SIM4
1
21
22
SIM5
SIM1
SIM2
SIM3
SIM4
1
21
22
SIM5
SIM1
SIM2
SIM3
SIM4
1
21
22
SIM5
SIM1
SIM2
SIM3
SIM4
1
21
22
SIM5
SIM1
SIM2
SIM3
SIM4
1
21
22
SIM5
SIM1
SIM2
SIM3
SIM4
1
21
22
SIM5
SIM1
SIM2
SIM3
SIM4
1
21
22
SIM5
SIM1
SIM2
SIM3
SIM4
1
21
22
SIM5
SIM1
SIM2
SIM3
SIM4
1
21
22
SIM5
SIM1
SIM2
SIM3
SIM4
1
21
22
SIM5
SIM1
SIM2
SIM3
SIM4
1
21
22
SIM5
SIM1
SIM2
SIM3
SIM4
1
21
22
SIM5
SIM1
SIM2
DEBUG 1 658
SIM1
SIM2
SIM3
SIM4
1
21
22
SIM5
SIM1
SIM2
SIM3
SIM4
1
21
22
SIM5
SIM1
SIM2
SIM3
SIM4
1
21
22
SIM5
SIM1
SIM2
SIM3
SIM4
1
21
22
SIM5
SIM1
SIM2
SIM3
SIM4
1
21
22
SIM5
SIM1
SIM2
SIM3
SIM4
1
21
22
SIM5
SIM1
SIM2
SIM3
SIM4
1
21
22
SIM5
SIM1
SIM2
SIM3
SIM4
1
21
22
SIM5
SIM1
SIM2
SIM3
SIM4
1
21
22
SIM5
SIM1
SIM2
SIM3
SIM4
1
21
22
SIM5
SIM1
SIM2
SIM3
SIM4
1
21
22
SIM5
SIM1
SIM2
SIM3
SIM4
1
21
22
SIM5
SIM1
SIM2
SIM3
SIM4
1
21
22
SIM5
SIM1
SIM2
SIM3
SIM4
1
21
22
SIM5
SIM1
SIM2
SIM3
SIM4
1
21
22
SIM5
SIM1
SIM2
SIM3
SIM4
1
21
22
SIM5
SIM1
SIM2
SIM3
SIM4
1
21
22
SIM5
SIM1
SIM2
SIM3
SIM4
1
21
22
SIM5
SIM1
SIM2
SIM3
SIM4
1
21
22
SIM5
SIM1
SIM2
SIM3
SIM4
1
21
22
SIM5
SIM1
SIM2
SIM3
SIM4
1
21
22
SIM5
SIM1
SIM2
SIM3
SIM4
1
21
22
SIM5
SIM1
SIM2
SIM3
SIM4
1
21
22
SIM5
SIM1
SIM2
SIM3
SIM4
1
21
22
SIM5
SIM1
SIM2
SIM3
SIM4
1
21
22
SIM5
SIM1
SIM2
SIM3
SIM4
1
21
22
SIM5
SIM1
SIM2
SIM3
SIM4
1
21
22
SIM5
SIM1
SIM2
SIM3
SIM4
1
21
22
SIM5
SIM1
SIM2
SIM3
SIM4
1
21
22
SIM5
SIM1
SIM2
SIM3
SIM4
1
21
22
SIM5
SIM1
SIM2
SIM3
SIM4
1
21
22
SIM5
SIM1
SIM2
SIM3
SIM4
1
21
22
SIM5
SIM1
SIM2
SIM3
SIM4
1
21
22
SIM5
SIM1
SIM2
SIM3
SIM4
1
21
22
SIM5
SIM1
SIM2
SIM3
SIM4
1
21
22
SIM5
SIM1
SIM2
SIM3
SIM4
1
21
22
SIM5
SIM1
SIM2
SIM3
SIM4
1
21
22
SIM5
SIM1
SIM2
SIM3
SIM4
1
21
22
SIM5
SIM1
SIM2
SIM3
SIM4
1
21
22
SIM5
SIM1
SIM2
SIM3
SIM4
1
21
22
SIM5
SIM1
SIM2
SIM3
SIM4
1
21
22
SIM5
SIM1
SIM2
SIM3
SIM4
1
21
22
SIM5
SIM1
SIM2
SIM3
SIM4
1
21
22
SIM5
SIM1
SIM2
SIM3
SIM4
1
21
22
SIM5
SIM1
SIM2
SIM3
SIM4
1
21
22
SIM5
SIM1
SIM2
SIM3
SIM4
1
21
22
SIM5
SIM1
SIM2
SIM3
SIM4
1
21
22
SIM5
SIM1
SIM2
SIM3
SIM4
1
21
22
SIM5
SIM1
SIM2
SIM3
SIM4
1
21
22
SIM5
SIM1
SIM2
SIM3
SIM4
1
21
22
SIM5
SIM1
SIM2
SIM3
SIM4
1
21
22
SIM5
SIM1
SIM2
SIM3
SIM4
1
21
22
SIM5
SIM1
SIM2
SIM3
SIM4
1
21
22
SIM5
SIM1
SIM2
SIM3
SIM4
1
21
22
SIM5
SIM1
SIM2
SIM3
SIM4
1
21
22
SIM5
SIM1
SIM2
SIM3
SIM4
1
21
22
SIM5
SIM1
SIM2
SIM3
SIM4
1
21
22
SIM5
SIM1
SIM2
SIM3
SIM4
1
21
22
SIM5
SIM1
SIM2
SIM3
SIM4
1
21
22
SIM5
SIM1
SIM2
SIM3
SIM4
1
21
22
SIM5
SIM1
SIM2
SIM3
SIM4
1
21
22
SIM5
SIM1
SIM2
SIM3
SIM4
1
21
22
SIM5
SIM1
SIM2
SIM3
SIM4
1
21
22
SIM5
SIM1
SIM2
SIM3
SIM4
1
21
22
SIM5
SIM1
SIM2
SIM3
SIM4
1
21
22
SIM5
SIM1
SIM2
SIM3
SIM4
1
21
22
SIM5
SIM1
SIM2
SIM3
SIM4
1
21
22
SIM5
SIM1
SIM2
SIM3
SIM4
1
21
22
SIM5
SIM1
SIM2
SIM3
SIM4
1
21
22
SIM5
SIM1
SIM2
SIM3
SIM4
1
21
22
SIM5
SIM1
SIM2
SIM3
SIM4
1
21
22
SIM5
SIM1
SIM2
SIM3
SIM4
1
21
22
SIM5
SIM1
SIM2
SIM3
SIM4
1
21
22
SIM5
SIM1
SIM2
SIM3
SIM4
1
21
22
SIM5
SIM1
SIM2
SIM3
SIM4
1
21
22
SIM5
SIM1
SIM2
SIM3
SIM4
1
21
22
SIM5
SIM1
SIM2
SIM3
SIM4
1
21
22
SIM5
SIM1
SIM2
SIM3
SIM4
1
21
22
SIM5
SIM1
SIM2
SIM3
SIM4
1
21
22
SIM5
SIM1
SIM2
SIM3
SIM4
1
21
22
SIM5
SIM1
SIM2
SIM3
SIM4
1
21
22
SIM5
SIM1
SIM2
SIM3
SIM4
1
21
22
SIM5
SIM1
SIM2
SIM3
SIM4
1
21
22
SIM5
SIM1
SIM2
SIM3
SIM4
1
21
22
SIM5
SIM1
SIM2
SIM3
SIM4
1
21
22
SIM5
SIM1
SIM2
SIM3
SIM4
1
21
22
SIM5
SIM1
SIM2
SIM3
SIM4
1
21
22
SIM5
SIM1
SIM2
SIM3
SIM4
1
21
22
SIM5
SIM1
SIM2
SIM3
SIM4
1
21
22
SIM5
SIM1
SIM2
SIM3
SIM4
1
21
22
SIM5
SIM1
SIM2
SIM3
SIM4
1
21
22
SIM5
SIM1
SIM2
SIM3
SIM4
1
21
22
SIM5
SIM1
SIM2
SIM3
SIM4
1
21
22
SIM5
SIM1
SIM2
SIM3
SIM4
1
21
22
SIM5
SIM1
SIM2
SIM3
SIM4
1
21
22
SIM5
SIM1
SIM2
SIM3
SIM4
1
21
22
SIM5
SIM1
SIM2
SIM3
SIM4
1
21
22
SIM5
SIM1
SIM2
SIM3
SIM4
1
21
22
SIM5
SIM1
SIM2
SIM3
SIM4
1
21
22
SIM5
SIM1
SIM2
SIM3
SIM4
1
21
22
SIM5
SIM1
SIM2
SIM3
SIM4
1
21
22
SIM5
SIM1
SIM2
SIM3
SIM4
1
21
22
SIM5
SIM1
SIM2
SIM3
SIM4
1
21
22
SIM5
SIM1
SIM2
SIM3
SIM4
1
21
22
SIM5
SIM1
SIM2
SIM3
SIM4
1
21
22
SIM5
SIM1
SIM2
SIM3
SIM4
1
21
22
SIM5
SIM1
SIM2
SIM3
SIM4
1
21
22
SIM5
SIM1
SIM2
SIM3
SIM4
1
21
22
SIM5
SIM1
SIM2
SIM3
SIM4
1
21
22
SIM5
SIM1
SIM2
SIM3
SIM4
1
21
22
SIM5
SIM1
SIM2
SIM3
SIM4
1
21
22
SIM5
SIM1
SIM2
SIM3
SIM4
1
21
22
SIM5
SIM1
SIM2
SIM3
SIM4
1
21
22
SIM5
SIM1
SIM2
SIM3
SIM4
1
21
22
SIM5
SIM1
SIM2
SIM3
SIM4
1
21
22
SIM5
SIM1
SIM2
SIM3
SIM4
1
21
22
SIM5
SIM1
SIM2
SIM3
SIM4
1
21
22
SIM5
SIM1
SIM2
SIM3
SIM4
1
21
22
SIM5
SIM1
SIM2
SIM3
SIM4
1
21
22
SIM5
SIM1
SIM2
SIM3
SIM4
1
21
22
SIM5
SIM1
SIM2
SIM3
SIM4
1
21
22
SIM5
SIM1
SIM2
SIM3
SIM4
1
21
22
SIM5
SIM1
SIM2
SIM3
SIM4
1
21
22
SIM5
SIM1
SIM2
SIM3
SIM4
1
21
22
SIM5
SIM1
SIM2
SIM3
SIM4
1
21
22
SIM5
SIM1
SIM2
SIM3
SIM4
1
21
22
SIM5
SIM1
SIM2
SIM3
SIM4
1
21
22
SIM5
SIM1
SIM2
SIM3
SIM4
1
21
22
SIM5
SIM1
SIM2
SIM3
SIM4
1
21
22
SIM5
SIM1
SIM2
SIM3
SIM4
1
21
22
SIM5
SIM1
SIM2
DEBUG 1 659
SIM1
SIM2
SIM3
SIM4
1
21
22
SIM5
SIM1
SIM2
SIM3
SIM4
1
21
22
SIM5
SIM1
SIM2
SIM3
SIM4
1
21
22
SIM5
SIM1
SIM2
SIM3
SIM4
1
21
22
SIM5
SIM1
SIM2
SIM3
SIM4
1
21
22
SIM5
SIM1
SIM2
SIM3
SIM4
1
21
22
SIM5
SIM1
SIM2
SIM3
SIM4
1
21
22
SIM5
SIM1
SIM2
SIM3
SIM4
1
21
22
SIM5
SIM1
SIM2
SIM3
SIM4
1
21
22
SIM5
SIM1
SIM2
SIM3
SIM4
1
21
22
SIM5
SIM1
SIM2
SIM3
SIM4
1
21
22
SIM5
SIM1
SIM2
SIM3
SIM4
1
21
22
SIM5
SIM1
SIM2
SIM3
SIM4
1
21
22
SIM5
SIM1
SIM2
SIM3
SIM4
1
21
22
SIM5
SIM1
SIM2
SIM3
SIM4
1
21
22
SIM5
SIM1
SIM2
SIM3
SIM4
1
21
22
SIM5
SIM1
SIM2
SIM3
SIM4
1
21
22
SIM5
SIM1
SIM2
SIM3
SIM4
1
21
22
SIM5
SIM1
SIM2
SIM3
SIM4
1
21
22
SIM5
SIM1
SIM2
SIM3
SIM4
1
21
22
SIM5
SIM1
SIM2
SIM3
SIM4
1
21
22
SIM5
SIM1
SIM2
SIM3
SIM4
1
21
22
SIM5
SIM1
SIM2
SIM3
SIM4
1
21
22
SIM5
SIM1
SIM2
SIM3
SIM4
1
21
22
SIM5
SIM1
SIM2
SIM3
SIM4
1
21
22
SIM5
SIM1
SIM2
SIM3
SIM4
1
21
22
SIM5
SIM1
SIM2
SIM3
SIM4
1
21
22
SIM5
SIM1
SIM2
SIM3
SIM4
1
21
22
SIM5
SIM1
SIM2
SIM3
SIM4
1
21
22
SIM5
SIM1
SIM2
SIM3
SIM4
1
21
22
SIM5
SIM1
SIM2
SIM3
SIM4
1
21
22
SIM5
SIM1
SIM2
SIM3
SIM4
1
21
22
SIM5
SIM1
SIM2
SIM3
SIM4
1
21
22
SIM5
SIM1
SIM2
SIM3
SIM4
1
21
22
SIM5
SIM1
SIM2
SIM3
SIM4
1
21
22
SIM5
SIM1
SIM2
SIM3
SIM4
1
21
22
SIM5
SIM1
SIM2
SIM3
SIM4
1
21
22
SIM5
SIM1
SIM2
SIM3
SIM4
1
21
22
SIM5
SIM1
SIM2
SIM3
SIM4
1
21
22
SIM5
SIM1
SIM2
SIM3
SIM4
1
21
22
SIM5
SIM1
SIM2
SIM3
SIM4
1
21
22
SIM5
SIM1
SIM2
SIM3
SIM4
1
21
22
SIM5
SIM1
SIM2
SIM3
SIM4
1
21
22
SIM5
SIM1
SIM2
SIM3
SIM4
1
21
22
SIM5
SIM1
SIM2
SIM3
SIM4
1
21
22
SIM5
SIM1
SIM2
SIM3
SIM4
1
21
22
SIM5
SIM1
SIM2
SIM3
SIM4
1
21
22
SIM5
SIM1
SIM2
SIM3
SIM4
1
21
22
SIM5
SIM1
SIM2
SIM3
SIM4
1
21
22
SIM5
SIM1
SIM2
SIM3
SIM4
1
21
22
SIM5
SIM1
SIM2
SIM3
SIM4
1
21
22
SIM5
SIM1
SIM2
SIM3
SIM4
1
21
22
SIM5
SIM1
SIM2
SIM3
SIM4
1
21
22
SIM5
SIM1
SIM2
SIM3
SIM4
1
21
22
SIM5
SIM1
SIM2
SIM3
SIM4
1
21
22
SIM5
SIM1
SIM2
SIM3
SIM4
1
21
22
SIM5
SIM1
SIM2
SIM3
SIM4
1
21
22
SIM5
SIM1
SIM2
SIM3
SIM4
1
21
22
SIM5
SIM1
SIM2
SIM3
SIM4
1
21
22
SIM5
SIM1
SIM2
SIM3
SIM4
1
21
22
SIM5
SIM1
SIM2
SIM3
SIM4
1
21
22
SIM5
SIM1
SIM2
SIM3
SIM4
1
21
22
SIM5
SIM1
SIM2
SIM3
SIM4
1
21
22
SIM5
SIM1
SIM2
SIM3
SIM4
1
21
22
SIM5
SIM1
SIM2
SIM3
SIM4
1
21
22
SIM5
SIM1
SIM2
SIM3
SIM4
1
21
22
SIM5
SIM1
SIM2
SIM3
SIM4
1
21
22
SIM5
SIM1
SIM2
SIM3
SIM4
1
21
22
SIM5
SIM1
SIM2
SIM3
SIM4
1
21
22
SIM5
SIM1
SIM2
SIM3
SIM4
1
21
22
SIM5
SIM1
SIM2
SIM3
SIM4
1
21
22
SIM5
SIM1
SIM2
SIM3
SIM4
1
21
22
SIM5
SIM1
SIM2
SIM3
SIM4
1
21
22
SIM5
SIM1
SIM2
SIM3
SIM4
1
21
22
SIM5
SIM1
SIM2
SIM3
SIM4
1
21
22
SIM5
SIM1
SIM2
SIM3
SIM4
1
21
22
SIM5
SIM1
SIM2
SIM3
SIM4
1
21
22
SIM5
SIM1
SIM2
SIM3
SIM4
1
21
22
SIM5
SIM1
SIM2
SIM3
SIM4
1
21
22
SIM5
SIM1
SIM2
SIM3
SIM4
1
21
22
SIM5
SIM1
SIM2
SIM3
SIM4
1
21
22
SIM5
SIM1
SIM2
SIM3
SIM4
1
21
22
SIM5
SIM1
SIM2
SIM3
SIM4
1
21
22
SIM5
SIM1
SIM2
SIM3
SIM4
1
21
22
SIM5
SIM1
SIM2
SIM3
SIM4
1
21
22
SIM5
SIM1
SIM2
SIM3
SIM4
1
21
22
SIM5
SIM1
SIM2
SIM3
SIM4
1
21
22
SIM5
SIM1
SIM2
SIM3
SIM4
1
21
22
SIM5
SIM1
SIM2
SIM3
SIM4
1
21
22
SIM5
SIM1
SIM2
SIM3
SIM4
1
21
22
SIM5
SIM1
SIM2
SIM3
SIM4
1
21
22
SIM5
SIM1
SIM2
SIM3
SIM4
1
21
22
SIM5
SIM1
SIM2
SIM3
SIM4
1
21
22
SIM5
SIM1
SIM2
SIM3
SIM4
1
21
22
SIM5
SIM1
SIM2
SIM3
SIM4
1
21
22
SIM5
SIM1
SIM2
SIM3
SIM4
1
21
22
SIM5
SIM1
SIM2
SIM3
SIM4
1
21
22
SIM5
SIM1
SIM2
SIM3
SIM4
1
21
22
SIM5
SIM1
SIM2
SIM3
SIM4
1
21
22
SIM5
SIM1
SIM2
SIM3
SIM4
1
21
22
SIM5
SIM1
SIM2
SIM3
SIM4
1
21
22
SIM5
SIM1
SIM2
SIM3
SIM4
1
21
22
SIM5
SIM1
SIM2
SIM3
SIM4
1
21
22
SIM5
SIM1
SIM2
SIM3
SIM4
1
21
22
SIM5
SIM1
SIM2
SIM3
SIM4
1
21
22
SIM5
SIM1
SIM2
SIM3
SIM4
1
21
22
SIM5
SIM1
SIM2
SIM3
SIM4
1
21
22
SIM5
SIM1
SIM2
SIM3
SIM4
1
21
22
SIM5
SIM1
SIM2
SIM3
SIM4
1
21
22
SIM5
SIM1
SIM2
SIM3
SIM4
1
21
22
SIM5
SIM1
SIM2
SIM3
SIM4
1
21
22
SIM5
SIM1
SIM2
SIM3
SIM4
1
21
22
SIM5
SIM1
SIM2
SIM3
SIM4
1
21
22
SIM5
SIM1
SIM2
SIM3
SIM4
1
21
22
SIM5
SIM1
SIM2
SIM3
SIM4
1
21
22
SIM5
SIM1
SIM2
SIM3
SIM4
1
21
22
SIM5
SIM1
SIM2
SIM3
SIM4
1
21
22
SIM5
SIM1
SIM2
SIM3
SIM4
1
21
22
SIM5
SIM1
SIM2
SIM3
SIM4
1
21
22
SIM5
SIM1
SIM2
SIM3
SIM4
1
21
22
SIM5
SIM1
SIM2
SIM3
SIM4
1
21
22
SIM5
SIM1
SIM2
SIM3
SIM4
1
21
22
SIM5
SIM1
SIM2
SIM3
SIM4
1
21
22
SIM5
SIM1
SIM2
SIM3
SIM4
1
21
22
SIM5
SIM1
SIM2
SIM3
SIM4
1
21
22
SIM5
SIM1
SIM2
SIM3
SIM4
1
21
22
SIM5
SIM1
SIM2
SIM3
SIM4
1
21
22
SIM5
SIM1
SIM2
SIM3
SIM4
1
21
22
SIM5
SIM1
SIM2
SIM3
SIM4
1
21
22
SIM5
SIM1
SIM2
SIM3
SIM4
1
21
22
SIM5
SIM1
SIM2
SIM3
SIM4
1
21
22
SIM5
SIM1
SIM2
SIM3
SIM4
1
21
22
SIM5
SIM1
SIM2
SIM3
SIM4
1
21
22
SIM5
SIM1
SIM2
SIM3
SIM4
1
21
22
SIM5
SIM1
SIM2
SIM3
SIM4
1
21
22
SIM5
SIM1
SIM2
SIM3
SIM4
1
21
22
SIM5
SIM1
SIM2
SIM3
SIM4
1
21
22
SIM5
SIM1
SIM2
SIM3
SIM4
1
21
22
SIM5
SIM1
SIM2
SIM3
SIM4
1
21
22
SIM5
SIM1
SIM2
SIM3
SIM4
1
21
22
SIM5
SIM1
SIM2
SIM3
SIM4
1
21
22
SIM5
SIM1
SIM2
SIM3
SIM4
1
21
22
SIM5
SIM1
SIM2
SIM3
SIM4
1
21
22
SIM5
SIM1
SIM2
SIM3
SIM4
1
21
22
SIM5
SIM1
SIM2
SIM3
SIM4
1
21
22
SIM5
SIM1
SIM2
SIM3
SIM4
1
21
22
SIM5
SIM1
SIM2
SIM3
SIM4
1
21
22
SIM5
SIM1
SIM2
SIM3
SIM4
1
21
22
SIM5
SIM1
SIM2
SIM3
SIM4
1
21
22
SIM5
SIM1
SIM2
SIM3
SIM4
1
21
22
SIM5
SIM1
SIM2
SIM3
SIM4
1
21
22
SIM5
SIM1
SIM2
SIM3
SIM4
1
21
22
SIM5
SIM1
SIM2
SIM3
SIM4
1
21
22
SIM5
SIM1
SIM2
SIM3
SIM4
1
21
22
SIM5
SIM1
SIM2
SIM3
SIM4
1
21
22
SIM5
SIM1
SIM2
SIM3
SIM4
1
21
22
SIM5
SIM1
SIM2
SIM3
SIM4
1
21
22
SIM5
SIM1
SIM2
SIM3
SIM4
1
21
22
SIM5
SIM1
SIM2
SIM3
SIM4
1
21
22
SIM5
SIM1
SIM2
SIM3
SIM4
1
21
22
SIM5
SIM1
SIM2
SIM3
SIM4
1
21
22
SIM5
SIM1
SIM2
SIM3
SIM4
1
21
22
SIM5
SIM1
SIM2
SIM3
SIM4
1
21
22
SIM5
SIM1
SIM2
SIM3
SIM4
1
21
22
SIM5
SIM1
SIM2
SIM3
SIM4
1
21
22
SIM5
SIM1
SIM2
SIM3
SIM4
1
21
22
SIM5
SIM1
SIM2
SIM3
SIM4
1
21
22
SIM5
SIM1
SIM2
SIM3
SIM4
1
21
22
SIM5
SIM1
SIM2
SIM3
SIM4
1
21
22
SIM5
SIM1
SIM2
SIM3
SIM4
1
21
22
SIM5
SIM1
SIM2
SIM3
SIM4
1
21
22
SIM5
SIM1
SIM2
SIM3
SIM4
1
21
22
SIM5
SIM1
SIM2
SIM3
SIM4
1
21
22
SIM5
SIM1
SIM2
SIM3
SIM4
1
21
22
SIM5
SIM1
SIM2
SIM3
SIM4
1
21
22
SIM5
SIM1
SIM2
SIM3
SIM4
1
21
22
SIM5
SIM1
SIM2
SIM3
SIM4
1
21
22
SIM5
SIM1
SIM2
SIM3
SIM4
1
21
22
SIM5
SIM1
SIM2
SIM3
SIM4
1
21
22
SIM5
SIM1
SIM2
SIM3
SIM4
1
21
22
SIM5
SIM1
SIM2
SIM3
SIM4
1
21
22
SIM5
SIM1
SIM2
SIM3
SIM4
1
21
22
SIM5
SIM1
SIM2
SIM3
SIM4
1
21
22
SIM5
SIM1
SIM2
SIM3
SIM4
1
21
22
SIM5
SIM1
SIM2
SIM3
SIM4
1
21
22
SIM5
SIM1
SIM2
SIM3
SIM4
1
21
22
SIM5
SIM1
SIM2
SIM3
SIM4
1
21
22
SIM5
SIM1
SIM2
SIM3
SIM4
1
21
22
SIM5
SIM1
SIM2
SIM3
SIM4
1
21
22
SIM5
SIM1
SIM2
SIM3
SIM4
1
21
22
SIM5
SIM1
SIM2
SIM3
SIM4
1
21
22
SIM5
SIM1
SIM2
SIM3
SIM4
1
21
22
SIM5
SIM1
SIM2
SIM3
SIM4
1
21
22
SIM5
SIM1
SIM2
SIM3
SIM4
1
21
22
SIM5
SIM1
SIM2
SIM3
SIM4
1
21
22
SIM5
SIM1
SIM2
SIM3
SIM4
1
21
22
SIM5
SIM1
SIM2
SIM3
SIM4
1
21
22
SIM5
SIM1
SIM2
SIM3
SIM4
1
21
22
SIM5
SIM1
SIM2
SIM3
SIM4
1
21
22
SIM5
SIM1
SIM2
SIM3
SIM4
1
21
22
SIM5
SIM1
SIM2
SIM3
SIM4
1
21
22
SIM5
SIM1
SIM2
SIM3
SIM4
1
21
22
SIM5
SIM1
SIM2
SIM3
SIM4
1
21
22
SIM5
SIM1
SIM2
SIM3
SIM4
1
21
22
SIM5
SIM1
SIM2
SIM3
SIM4
1
21
22
SIM5
SIM1
SIM2
SIM3
SIM4
1
21
22
SIM5
SIM1
SIM2
SIM3
SIM4
1
21
22
SIM5
SIM1
SIM2
SIM3
SIM4
1
21
22
SIM5
SIM1
SIM2
SIM3
SIM4
1
21
22
SIM5
SIM1
SIM2
DEBUG 1 660
SIM1
SIM2
SIM3
SIM4
1
21
22
SIM5
SIM1
SIM2
SIM3
SIM4
1
21
22
SIM5
SIM1
SIM2
SIM3
SIM4
1
21
22
SIM5
SIM1
SIM2
SIM3
SIM4
1
21
22
SIM5
SIM1
SIM2
SIM3
SIM4
1
21
22
SIM5
SIM1
SIM2
SIM3
SIM4
1
21
22
SIM5
SIM1
SIM2
SIM3
SIM4
1
21
22
SIM5
SIM1
SIM2
SIM3
SIM4
1
21
22
SIM5
SIM1
SIM2
SIM3
SIM4
1
21
22
SIM5
SIM1
SIM2
SIM3
SIM4
1
21
22
SIM5
SIM1
SIM2
SIM3
SIM4
1
21
22
SIM5
SIM1
SIM2
SIM3
SIM4
1
21
22
SIM5
SIM1
SIM2
SIM3
SIM4
1
21
22
SIM5
SIM1
SIM2
SIM3
SIM4
1
21
22
SIM5
SIM1
SIM2
SIM3
SIM4
1
21
22
SIM5
SIM1
SIM2
SIM3
SIM4
1
21
22
SIM5
SIM1
SIM2
SIM3
SIM4
1
21
22
SIM5
SIM1
SIM2
SIM3
SIM4
1
21
22
SIM5
SIM1
SIM2
SIM3
SIM4
1
21
22
SIM5
SIM1
SIM2
SIM3
SIM4
1
21
22
SIM5
SIM1
SIM2
SIM3
SIM4
1
21
22
SIM5
SIM1
SIM2
SIM3
SIM4
1
21
22
SIM5
SIM1
SIM2
SIM3
SIM4
1
21
22
SIM5
SIM1
SIM2
SIM3
SIM4
1
21
22
SIM5
SIM1
SIM2
SIM3
SIM4
1
21
22
SIM5
SIM1
SIM2
SIM3
SIM4
1
21
22
SIM5
SIM1
SIM2
SIM3
SIM4
1
21
22
SIM5
SIM1
SIM2
SIM3
SIM4
1
21
22
SIM5
SIM1
SIM2
SIM3
SIM4
1
21
22
SIM5
SIM1
SIM2
SIM3
SIM4
1
21
22
SIM5
SIM1
SIM2
SIM3
SIM4
1
21
22
SIM5
SIM1
SIM2
SIM3
SIM4
1
21
22
SIM5
SIM1
SIM2
SIM3
SIM4
1
21
22
SIM5
SIM1
SIM2
SIM3
SIM4
1
21
22
SIM5
SIM1
SIM2
SIM3
SIM4
1
21
22
SIM5
SIM1
SIM2
SIM3
SIM4
1
21
22
SIM5
SIM1
SIM2
SIM3
SIM4
1
21
22
SIM5
SIM1
SIM2
SIM3
SIM4
1
21
22
SIM5
SIM1
SIM2
SIM3
SIM4
1
21
22
SIM5
SIM1
SIM2
SIM3
SIM4
1
21
22
SIM5
SIM1
SIM2
SIM3
SIM4
1
21
22
SIM5
SIM1
SIM2
SIM3
SIM4
1
21
22
SIM5
SIM1
SIM2
SIM3
SIM4
1
21
22
SIM5
SIM1
SIM2
SIM3
SIM4
1
21
22
SIM5
SIM1
SIM2
SIM3
SIM4
1
21
22
SIM5
SIM1
SIM2
SIM3
SIM4
1
21
22
SIM5
SIM1
SIM2
SIM3
SIM4
1
21
22
SIM5
SIM1
SIM2
SIM3
SIM4
1
21
22
SIM5
SIM1
SIM2
SIM3
SIM4
1
21
22
SIM5
SIM1
SIM2
SIM3
SIM4
1
21
22
SIM5
SIM1
SIM2
SIM3
SIM4
1
21
22
SIM5
SIM1
SIM2
SIM3
SIM4
1
21
22
SIM5
SIM1
SIM2
SIM3
SIM4
1
21
22
SIM5
SIM1
SIM2
SIM3
SIM4
1
21
22
SIM5
SIM1
SIM2
SIM3
SIM4
1
21
22
SIM5
SIM1
SIM2
SIM3
SIM4
1
21
22
SIM5
SIM1
SIM2
SIM3
SIM4
1
21
22
SIM5
SIM1
SIM2
SIM3
SIM4
1
21
22
SIM5
SIM1
SIM2
SIM3
SIM4
1
21
22
SIM5
SIM1
SIM2
SIM3
SIM4
1
21
22
SIM5
SIM1
SIM2
SIM3
SIM4
1
21
22
SIM5
SIM1
SIM2
SIM3
SIM4
1
21
22
SIM5
SIM1
SIM2
SIM3
SIM4
1
21
22
SIM5
SIM1
SIM2
SIM3
SIM4
1
21
22
SIM5
SIM1
SIM2
SIM3
SIM4
1
21
22
SIM5
SIM1
SIM2
SIM3
SIM4
1
21
22
SIM5
SIM1
SIM2
SIM3
SIM4
1
21
22
SIM5
SIM1
SIM2
SIM3
SIM4
1
21
22
SIM5
SIM1
SIM2
SIM3
SIM4
1
21
22
SIM5
SIM1
SIM2
SIM3
SIM4
1
21
22
SIM5
SIM1
SIM2
SIM3
SIM4
1
21
22
SIM5
SIM1
SIM2
SIM3
SIM4
1
21
22
SIM5
SIM1
SIM2
SIM3
SIM4
1
21
22
SIM5
SIM1
SIM2
SIM3
SIM4
1
21
22
SIM5
SIM1
SIM2
SIM3
SIM4
1
21
22
SIM5
SIM1
SIM2
SIM3
SIM4
1
21
22
SIM5
SIM1
SIM2
SIM3
SIM4
1
21
22
SIM5
SIM1
SIM2
SIM3
SIM4
1
21
22
SIM5
SIM1
SIM2
SIM3
SIM4
1
21
22
SIM5
SIM1
SIM2
SIM3
SIM4
1
21
22
SIM5
SIM1
SIM2
SIM3
SIM4
1
21
22
SIM5
SIM1
SIM2
SIM3
SIM4
1
21
22
SIM5
SIM1
SIM2
SIM3
SIM4
1
21
22
SIM5
SIM1
SIM2
SIM3
SIM4
1
21
22
SIM5
SIM1
SIM2
SIM3
SIM4
1
21
22
SIM5
SIM1
SIM2
SIM3
SIM4
1
21
22
SIM5
SIM1
SIM2
SIM3
SIM4
1
21
22
SIM5
SIM1
SIM2
SIM3
SIM4
1
21
22
SIM5
SIM1
SIM2
SIM3
SIM4
1
21
22
SIM5
SIM1
SIM2
SIM3
SIM4
1
21
22
SIM5
SIM1
SIM2
SIM3
SIM4
1
21
22
SIM5
SIM1
SIM2
SIM3
SIM4
1
21
22
SIM5
SIM1
SIM2
SIM3
SIM4
1
21
22
SIM5
SIM1
SIM2
SIM3
SIM4
1
21
22
SIM5
SIM1
SIM2
SIM3
SIM4
1
21
22
SIM5
SIM1
SIM2
SIM3
SIM4
1
21
22
SIM5
SIM1
SIM2
SIM3
SIM4
1
21
22
SIM5
SIM1
SIM2
SIM3
SIM4
1
21
22
SIM5
SIM1
SIM2
SIM3
SIM4
1
21
22
SIM5
SIM1
SIM2
SIM3
SIM4
1
21
22
SIM5
SIM1
SIM2
SIM3
SIM4
1
21
22
SIM5
SIM1
SIM2
SIM3
SIM4
1
21
22
SIM5
SIM1
SIM2
SIM3
SIM4
1
21
22
SIM5
SIM1
SIM2
SIM3
SIM4
1
21
22
SIM5
SIM1
SIM2
SIM3
SIM4
1
21
22
SIM5
SIM1
SIM2
SIM3
SIM4
1
21
22
SIM5
SIM1
SIM2
SIM3
SIM4
1
21
22
SIM5
SIM1
SIM2
SIM3
SIM4
1
21
22
SIM5
SIM1
SIM2
SIM3
SIM4
1
21
22
SIM5
SIM1
SIM2
SIM3
SIM4
1
21
22
SIM5
SIM1
SIM2
SIM3
SIM4
1
21
22
SIM5
SIM1
SIM2
SIM3
SIM4
1
21
22
SIM5
SIM1
SIM2
SIM3
SIM4
1
21
22
SIM5
SIM1
SIM2
SIM3
SIM4
1
21
22
SIM5
SIM1
SIM2
SIM3
SIM4
1
21
22
SIM5
SIM1
SIM2
SIM3
SIM4
1
21
22
SIM5
SIM1
SIM2
SIM3
SIM4
1
21
22
SIM5
SIM1
SIM2
SIM3
SIM4
1
21
22
SIM5
SIM1
SIM2
SIM3
SIM4
1
21
22
SIM5
SIM1
SIM2
SIM3
SIM4
1
21
22
SIM5
SIM1
SIM2
SIM3
SIM4
1
21
22
SIM5
SIM1
SIM2
SIM3
SIM4
1
21
22
SIM5
SIM1
SIM2
SIM3
SIM4
1
21
22
SIM5
SIM1
SIM2
SIM3
SIM4
1
21
22
SIM5
SIM1
SIM2
SIM3
SIM4
1
21
22
SIM5
SIM1
SIM2
SIM3
SIM4
1
21
22
SIM5
SIM1
SIM2
SIM3
SIM4
1
21
22
SIM5
SIM1
SIM2
SIM3
SIM4
1
21
22
SIM5
SIM1
SIM2
SIM3
SIM4
1
21
22
SIM5
SIM1
SIM2
SIM3
SIM4
1
21
22
SIM5
SIM1
SIM2
SIM3
SIM4
1
21
22
SIM5
SIM1
SIM2
SIM3
SIM4
1
21
22
SIM5
SIM1
SIM2
SIM3
SIM4
1
21
22
SIM5
SIM1
SIM2
SIM3
SIM4
1
21
22
SIM5
SIM1
SIM2
SIM3
SIM4
1
21
22
SIM5
SIM1
SIM2
SIM3
SIM4
1
21
22
SIM5
SIM1
SIM2
SIM3
SIM4
1
21
22
SIM5
SIM1
SIM2
SIM3
SIM4
1
21
22
SIM5
SIM1
SIM2
SIM3
SIM4
1
21
22
SIM5
SIM1
SIM2
SIM3
SIM4
1
21
22
SIM5
SIM1
SIM2
SIM3
SIM4
1
21
22
SIM5
SIM1
SIM2
SIM3
SIM4
1
21
22
SIM5
SIM1
SIM2
SIM3
SIM4
1
21
22
SIM5
SIM1
SIM2
SIM3
SIM4
1
21
22
SIM5
SIM1
SIM2
SIM3
SIM4
1
21
22
SIM5
SIM1
SIM2
SIM3
SIM4
1
21
22
SIM5
SIM1
SIM2
SIM3
SIM4
1
21
22
SIM5
SIM1
SIM2
SIM3
SIM4
1
21
22
SIM5
SIM1
SIM2
SIM3
SIM4
1
21
22
SIM5
SIM1
SIM2
SIM3
SIM4
1
21
22
SIM5
SIM1
SIM2
SIM3
SIM4
1
21
22
SIM5
SIM1
SIM2
SIM3
SIM4
1
21
22
SIM5
SIM1
SIM2
SIM3
SIM4
1
21
22
SIM5
SIM1
SIM2
SIM3
SIM4
1
21
22
SIM5
SIM1
SIM2
SIM3
SIM4
1
21
22
SIM5
SIM1
SIM2
SIM3
SIM4
1
21
22
SIM5
SIM1
SIM2
SIM3
SIM4
1
21
22
SIM5
SIM1
SIM2
SIM3
SIM4
1
21
22
SIM5
SIM1
SIM2
SIM3
SIM4
1
21
22
SIM5
SIM1
SIM2
SIM3
SIM4
1
21
22
SIM5
SIM1
SIM2
SIM3
SIM4
1
21
22
SIM5
SIM1
SIM2
SIM3
SIM4
1
21
22
SIM5
SIM1
SIM2
SIM3
SIM4
1
21
22
SIM5
SIM1
SIM2
SIM3
SIM4
1
21
22
SIM5
SIM1
SIM2
SIM3
SIM4
1
21
22
SIM5
SIM1
SIM2
SIM3
SIM4
1
21
22
SIM5
SIM1
SIM2
SIM3
SIM4
1
21
22
SIM5
SIM1
SIM2
SIM3
SIM4
1
21
22
SIM5
SIM1
SIM2
SIM3
SIM4
1
21
22
SIM5
SIM1
SIM2
SIM3
SIM4
1
21
22
SIM5
SIM1
SIM2
SIM3
SIM4
1
21
22
SIM5
SIM1
SIM2
SIM3
SIM4
1
21
22
SIM5
SIM1
SIM2
SIM3
SIM4
1
21
22
SIM5
SIM1
SIM2
SIM3
SIM4
1
21
22
SIM5
SIM1
SIM2
SIM3
SIM4
1
21
22
SIM5
SIM1
SIM2
SIM3
SIM4
1
21
22
SIM5
SIM1
SIM2
SIM3
SIM4
1
21
22
SIM5
SIM1
SIM2
SIM3
SIM4
1
21
22
SIM5
SIM1
SIM2
SIM3
SIM4
1
21
22
SIM5
SIM1
SIM2
SIM3
SIM4
1
21
22
SIM5
SIM1
SIM2
SIM3
SIM4
1
21
22
SIM5
SIM1
SIM2
SIM3
SIM4
1
21
22
SIM5
SIM1
SIM2
SIM3
SIM4
1
21
22
SIM5
SIM1
SIM2
SIM3
SIM4
1
21
22
SIM5
SIM1
SIM2
SIM3
SIM4
1
21
22
SIM5
SIM1
SIM2
SIM3
SIM4
1
21
22
SIM5
SIM1
SIM2
SIM3
SIM4
1
21
22
SIM5
SIM1
SIM2
SIM3
SIM4
1
21
22
SIM5
SIM1
SIM2
SIM3
SIM4
1
21
22
SIM5
SIM1
SIM2
SIM3
SIM4
1
21
22
SIM5
SIM1
SIM2
SIM3
SIM4
1
21
22
SIM5
SIM1
SIM2
SIM3
SIM4
1
21
22
SIM5
SIM1
SIM2
SIM3
SIM4
1
21
22
SIM5
SIM1
SIM2
SIM3
SIM4
1
21
22
SIM5
SIM1
SIM2
SIM3
SIM4
1
21
22
SIM5
SIM1
SIM2
SIM3
SIM4
1
21
22
SIM5
SIM1
SIM2
SIM3
SIM4
1
21
22
SIM5
SIM1
SIM2
SIM3
SIM4
1
21
22
SIM5
SIM1
SIM2
SIM3
SIM4
1
21
22
SIM5
SIM1
SIM2
SIM3
SIM4
1
21
22
SIM5
SIM1
SIM2
SIM3
SIM4
1
21
22
SIM5
SIM1
SIM2
SIM3
SIM4
1
21
22
SIM5
SIM1
SIM2
SIM3
SIM4
1
21
22
SIM5
SIM1
SIM2
SIM3
SIM4
1
21
22
SIM5
SIM1
SIM2
SIM3
SIM4
1
21
22
SIM5
SIM1
SIM2
SIM3
SIM4
1
21
22
SIM5
SIM1
SIM2
SIM3
SIM4
1
21
22
SIM5
SIM1
SIM2
SIM3
SIM4
1
21
22
SIM5
SIM1
SIM2
SIM3
SIM4
1
21
22
SIM5
SIM1
SIM2
SIM3
SIM4
1
21
22
SIM5
SIM1
SIM2
SIM3
SIM4
1
21
22
SIM5
SIM1
SIM2
SIM3
SIM4
1
21
22
SIM5
SIM1
SIM2
SIM3
SIM4
1
21
22
SIM5
SIM1
SIM2
SIM3
SIM4
1
21
22
SIM5
SIM1
SIM2
SIM3
SIM4
1
21
22
SIM5
SIM1
SIM2
SIM3
SIM4
1
21
22
SIM5
SIM1
SIM2
SIM3
SIM4
1
21
22
SIM5
SIM1
SIM2
SIM3
SIM4
1
21
22
SIM5
SIM1
SIM2
SIM3
SIM4
1
21
22
SIM5
SIM1
SIM2
SIM3
SIM4
1
21
22
SIM5
SIM1
SIM2
SIM3
SIM4
1
21
22
SIM5
SIM1
SIM2
SIM3
SIM4
1
21
22
SIM5
SIM1
SIM2
SIM3
SIM4
1
21
22
SIM5
SIM1
SIM2
SIM3
SIM4
1
21
22
SIM5
SIM1
SIM2
SIM3
SIM4
1
21
22
SIM5
SIM1
SIM2
SIM3
SIM4
1
21
22
SIM5
SIM1
SIM2
SIM3
SIM4
1
21
22
SIM5
SIM1
SIM2
DEBUG 1 661
SIM1
SIM2
SIM3
SIM4
1
21
22
SIM5
SIM1
SIM2
SIM3
SIM4
1
21
22
SIM5
SIM1
SIM2
SIM3
SIM4
1
21
22
SIM5
SIM1
SIM2
SIM3
SIM4
1
21
22
SIM5
SIM1
SIM2
SIM3
SIM4
1
21
22
SIM5
SIM1
SIM2
SIM3
SIM4
1
21
22
SIM5
SIM1
SIM2
SIM3
SIM4
1
21
22
SIM5
SIM1
SIM2
SIM3
SIM4
1
21
22
SIM5
SIM1
SIM2
SIM3
SIM4
1
21
22
SIM5
SIM1
SIM2
SIM3
SIM4
1
21
22
SIM5
SIM1
SIM2
SIM3
SIM4
1
21
22
SIM5
SIM1
SIM2
SIM3
SIM4
1
21
22
SIM5
SIM1
SIM2
SIM3
SIM4
1
21
22
SIM5
SIM1
SIM2
SIM3
SIM4
1
21
22
SIM5
SIM1
SIM2
SIM3
SIM4
1
21
22
SIM5
SIM1
SIM2
SIM3
SIM4
1
21
22
SIM5
SIM1
SIM2
SIM3
SIM4
1
21
22
SIM5
SIM1
SIM2
SIM3
SIM4
1
21
22
SIM5
SIM1
SIM2
SIM3
SIM4
1
21
22
SIM5
SIM1
SIM2
SIM3
SIM4
1
21
22
SIM5
SIM1
SIM2
SIM3
SIM4
1
21
22
SIM5
SIM1
SIM2
SIM3
SIM4
1
21
22
SIM5
SIM1
SIM2
SIM3
SIM4
1
21
22
SIM5
SIM1
SIM2
SIM3
SIM4
1
21
22
SIM5
SIM1
SIM2
SIM3
SIM4
1
21
22
SIM5
SIM1
SIM2
SIM3
SIM4
1
21
22
SIM5
SIM1
SIM2
SIM3
SIM4
1
21
22
SIM5
SIM1
SIM2
SIM3
SIM4
1
21
22
SIM5
SIM1
SIM2
SIM3
SIM4
1
21
22
SIM5
SIM1
SIM2
SIM3
SIM4
1
21
22
SIM5
SIM1
SIM2
SIM3
SIM4
1
21
22
SIM5
SIM1
SIM2
SIM3
SIM4
1
21
22
SIM5
SIM1
SIM2
SIM3
SIM4
1
21
22
SIM5
SIM1
SIM2
SIM3
SIM4
1
21
22
SIM5
SIM1
SIM2
SIM3
SIM4
1
21
22
SIM5
SIM1
SIM2
SIM3
SIM4
1
21
22
SIM5
SIM1
SIM2
SIM3
SIM4
1
21
22
SIM5
SIM1
SIM2
SIM3
SIM4
1
21
22
SIM5
SIM1
SIM2
SIM3
SIM4
1
21
22
SIM5
SIM1
SIM2
SIM3
SIM4
1
21
22
SIM5
SIM1
SIM2
SIM3
SIM4
1
21
22
SIM5
SIM1
SIM2
SIM3
SIM4
1
21
22
SIM5
SIM1
SIM2
SIM3
SIM4
1
21
22
SIM5
SIM1
SIM2
SIM3
SIM4
1
21
22
SIM5
SIM1
SIM2
SIM3
SIM4
1
21
22
SIM5
SIM1
SIM2
SIM3
SIM4
1
21
22
SIM5
SIM1
SIM2
SIM3
SIM4
1
21
22
SIM5
SIM1
SIM2
SIM3
SIM4
1
21
22
SIM5
SIM1
SIM2
SIM3
SIM4
1
21
22
SIM5
SIM1
SIM2
SIM3
SIM4
1
21
22
SIM5
SIM1
SIM2
SIM3
SIM4
1
21
22
SIM5
SIM1
SIM2
SIM3
SIM4
1
21
22
SIM5
SIM1
SIM2
SIM3
SIM4
1
21
22
SIM5
SIM1
SIM2
SIM3
SIM4
1
21
22
SIM5
SIM1
SIM2
SIM3
SIM4
1
21
22
SIM5
SIM1
SIM2
SIM3
SIM4
1
21
22
SIM5
SIM1
SIM2
SIM3
SIM4
1
21
22
SIM5
SIM1
SIM2
SIM3
SIM4
1
21
22
SIM5
SIM1
SIM2
SIM3
SIM4
1
21
22
SIM5
SIM1
SIM2
SIM3
SIM4
1
21
22
SIM5
SIM1
SIM2
SIM3
SIM4
1
21
22
SIM5
SIM1
SIM2
SIM3
SIM4
1
21
22
SIM5
SIM1
SIM2
SIM3
SIM4
1
21
22
SIM5
SIM1
SIM2
SIM3
SIM4
1
21
22
SIM5
SIM1
SIM2
SIM3
SIM4
1
21
22
SIM5
SIM1
SIM2
SIM3
SIM4
1
21
22
SIM5
SIM1
SIM2
SIM3
SIM4
1
21
22
SIM5
SIM1
SIM2
SIM3
SIM4
1
21
22
SIM5
SIM1
SIM2
SIM3
SIM4
1
21
22
SIM5
SIM1
SIM2
SIM3
SIM4
1
21
22
SIM5
SIM1
SIM2
SIM3
SIM4
1
21
22
SIM5
SIM1
SIM2
SIM3
SIM4
1
21
22
SIM5
SIM1
SIM2
SIM3
SIM4
1
21
22
SIM5
SIM1
SIM2
SIM3
SIM4
1
21
22
SIM5
SIM1
SIM2
SIM3
SIM4
1
21
22
SIM5
SIM1
SIM2
SIM3
SIM4
1
21
22
SIM5
SIM1
SIM2
SIM3
SIM4
1
21
22
SIM5
SIM1
SIM2
SIM3
SIM4
1
21
22
SIM5
SIM1
SIM2
SIM3
SIM4
1
21
22
SIM5
SIM1
SIM2
SIM3
SIM4
1
21
22
SIM5
SIM1
SIM2
SIM3
SIM4
1
21
22
SIM5
SIM1
SIM2
SIM3
SIM4
1
21
22
SIM5
SIM1
SIM2
SIM3
SIM4
1
21
22
SIM5
SIM1
SIM2
SIM3
SIM4
1
21
22
SIM5
SIM1
SIM2
SIM3
SIM4
1
21
22
SIM5
SIM1
SIM2
SIM3
SIM4
1
21
22
SIM5
SIM1
SIM2
SIM3
SIM4
1
21
22
SIM5
SIM1
SIM2
SIM3
SIM4
1
21
22
SIM5
SIM1
SIM2
SIM3
SIM4
1
21
22
SIM5
SIM1
SIM2
SIM3
SIM4
1
21
22
SIM5
SIM1
SIM2
SIM3
SIM4
1
21
22
SIM5
SIM1
SIM2
SIM3
SIM4
1
21
22
SIM5
SIM1
SIM2
SIM3
SIM4
1
21
22
SIM5
SIM1
SIM2
SIM3
SIM4
1
21
22
SIM5
SIM1
SIM2
SIM3
SIM4
1
21
22
SIM5
SIM1
SIM2
SIM3
SIM4
1
21
22
SIM5
SIM1
SIM2
SIM3
SIM4
1
21
22
SIM5
SIM1
SIM2
SIM3
SIM4
1
21
22
SIM5
SIM1
SIM2
SIM3
SIM4
1
21
22
SIM5
SIM1
SIM2
SIM3
SIM4
1
21
22
SIM5
SIM1
SIM2
SIM3
SIM4
1
21
22
SIM5
SIM1
SIM2
SIM3
SIM4
1
21
22
SIM5
SIM1
SIM2
SIM3
SIM4
1
21
22
SIM5
SIM1
SIM2
SIM3
SIM4
1
21
22
SIM5
SIM1
SIM2
SIM3
SIM4
1
21
22
SIM5
SIM1
SIM2
SIM3
SIM4
1
21
22
SIM5
SIM1
SIM2
SIM3
SIM4
1
21
22
SIM5
SIM1
SIM2
SIM3
SIM4
1
21
22
SIM5
SIM1
SIM2
SIM3
SIM4
1
21
22
SIM5
SIM1
SIM2
SIM3
SIM4
1
21
22
SIM5
SIM1
SIM2
SIM3
SIM4
1
21
22
SIM5
SIM1
SIM2
SIM3
SIM4
1
21
22
SIM5
SIM1
SIM2
SIM3
SIM4
1
21
22
SIM5
SIM1
SIM2
SIM3
SIM4
1
21
22
SIM5
SIM1
SIM2
SIM3
SIM4
1
21
22
SIM5
SIM1
SIM2
SIM3
SIM4
1
21
22
SIM5
SIM1
SIM2
SIM3
SIM4
1
21
22
SIM5
SIM1
SIM2
SIM3
SIM4
1
21
22
SIM5
SIM1
SIM2
SIM3
SIM4
1
21
22
SIM5
SIM1
SIM2
SIM3
SIM4
1
21
22
SIM5
SIM1
SIM2
SIM3
SIM4
1
21
22
SIM5
SIM1
SIM2
SIM3
SIM4
1
21
22
SIM5
SIM1
SIM2
SIM3
SIM4
1
21
22
SIM5
SIM1
SIM2
SIM3
SIM4
1
21
22
SIM5
SIM1
SIM2
SIM3
SIM4
1
21
22
SIM5
SIM1
SIM2
SIM3
SIM4
1
21
22
SIM5
SIM1
SIM2
SIM3
SIM4
1
21
22
SIM5
SIM1
SIM2
SIM3
SIM4
1
21
22
SIM5
SIM1
SIM2
SIM3
SIM4
1
21
22
SIM5
SIM1
SIM2
SIM3
SIM4
1
21
22
SIM5
SIM1
SIM2
SIM3
SIM4
1
21
22
SIM5
SIM1
SIM2
SIM3
SIM4
1
21
22
SIM5
SIM1
SIM2
SIM3
SIM4
1
21
22
SIM5
SIM1
SIM2
SIM3
SIM4
1
21
22
SIM5
SIM1
SIM2
SIM3
SIM4
1
21
22
SIM5
SIM1
SIM2
SIM3
SIM4
1
21
22
SIM5
SIM1
SIM2
SIM3
SIM4
1
21
22
SIM5
SIM1
SIM2
SIM3
SIM4
1
21
22
SIM5
SIM1
SIM2
SIM3
SIM4
1
21
22
SIM5
SIM1
SIM2
SIM3
SIM4
1
21
22
SIM5
SIM1
SIM2
SIM3
SIM4
1
21
22
SIM5
SIM1
SIM2
SIM3
SIM4
1
21
22
SIM5
SIM1
SIM2
SIM3
SIM4
1
21
22
SIM5
SIM1
SIM2
SIM3
SIM4
1
21
22
SIM5
SIM1
SIM2
SIM3
SIM4
1
21
22
SIM5
SIM1
SIM2
SIM3
SIM4
1
21
22
SIM5
SIM1
SIM2
SIM3
SIM4
1
21
22
SIM5
SIM1
SIM2
SIM3
SIM4
1
21
22
SIM5
SIM1
SIM2
SIM3
SIM4
1
21
22
SIM5
SIM1
SIM2
SIM3
SIM4
1
21
22
SIM5
SIM1
SIM2
SIM3
SIM4
1
21
22
SIM5
SIM1
SIM2
SIM3
SIM4
1
21
22
SIM5
SIM1
SIM2
SIM3
SIM4
1
21
22
SIM5
SIM1
SIM2
SIM3
SIM4
1
21
22
SIM5
SIM1
SIM2
SIM3
SIM4
1
21
22
SIM5
SIM1
SIM2
SIM3
SIM4
1
21
22
SIM5
SIM1
SIM2
SIM3
SIM4
1
21
22
SIM5
SIM1
SIM2
SIM3
SIM4
1
21
22
SIM5
SIM1
SIM2
SIM3
SIM4
1
21
22
SIM5
SIM1
SIM2
SIM3
SIM4
1
21
22
SIM5
SIM1
SIM2
SIM3
SIM4
1
21
22
SIM5
SIM1
SIM2
SIM3
SIM4
1
21
22
SIM5
SIM1
SIM2
SIM3
SIM4
1
21
22
SIM5
SIM1
SIM2
SIM3
SIM4
1
21
22
SIM5
SIM1
SIM2
SIM3
SIM4
1
21
22
SIM5
SIM1
SIM2
SIM3
SIM4
1
21
22
SIM5
SIM1
SIM2
SIM3
SIM4
1
21
22
SIM5
SIM1
SIM2
SIM3
SIM4
1
21
22
SIM5
SIM1
SIM2
SIM3
SIM4
1
21
22
SIM5
SIM1
SIM2
SIM3
SIM4
1
21
22
SIM5
SIM1
SIM2
SIM3
SIM4
1
21
22
SIM5
SIM1
SIM2
SIM3
SIM4
1
21
22
SIM5
SIM1
SIM2
SIM3
SIM4
1
21
22
SIM5
SIM1
SIM2
SIM3
SIM4
1
21
22
SIM5
SIM1
SIM2
SIM3
SIM4
1
21
22
SIM5
SIM1
SIM2
SIM3
SIM4
1
21
22
SIM5
SIM1
SIM2
SIM3
SIM4
1
21
22
SIM5
SIM1
SIM2
SIM3
SIM4
1
21
22
SIM5
SIM1
SIM2
SIM3
SIM4
1
21
22
SIM5
SIM1
SIM2
SIM3
SIM4
1
21
22
SIM5
SIM1
SIM2
SIM3
SIM4
1
21
22
SIM5
SIM1
SIM2
SIM3
SIM4
1
21
22
SIM5
SIM1
SIM2
SIM3
SIM4
1
21
22
SIM5
SIM1
SIM2
SIM3
SIM4
1
21
22
SIM5
SIM1
SIM2
SIM3
SIM4
1
21
22
SIM5
SIM1
SIM2
SIM3
SIM4
1
21
22
SIM5
SIM1
SIM2
SIM3
SIM4
1
21
22
SIM5
SIM1
SIM2
SIM3
SIM4
1
21
22
SIM5
SIM1
SIM2
SIM3
SIM4
1
21
22
SIM5
SIM1
SIM2
SIM3
SIM4
1
21
22
SIM5
SIM1
SIM2
SIM3
SIM4
1
21
22
SIM5
SIM1
SIM2
SIM3
SIM4
1
21
22
SIM5
SIM1
SIM2
SIM3
SIM4
1
21
22
SIM5
SIM1
SIM2
SIM3
SIM4
1
21
22
SIM5
SIM1
SIM2
SIM3
SIM4
1
21
22
SIM5
SIM1
SIM2
SIM3
SIM4
1
21
22
SIM5
SIM1
SIM2
SIM3
SIM4
1
21
22
SIM5
SIM1
SIM2
SIM3
SIM4
1
21
22
SIM5
SIM1
SIM2
SIM3
SIM4
1
21
22
SIM5
SIM1
SIM2
SIM3
SIM4
1
21
22
SIM5
SIM1
SIM2
SIM3
SIM4
1
21
22
SIM5
SIM1
SIM2
SIM3
SIM4
1
21
22
SIM5
SIM1
SIM2
SIM3
SIM4
1
21
22
SIM5
SIM1
SIM2
SIM3
SIM4
1
21
22
SIM5
SIM1
SIM2
SIM3
SIM4
1
21
22
SIM5
SIM1
SIM2
SIM3
SIM4
1
21
22
SIM5
SIM1
SIM2
SIM3
SIM4
1
21
22
SIM5
SIM1
SIM2
SIM3
SIM4
1
21
22
SIM5
SIM1
SIM2
SIM3
SIM4
1
21
22
SIM5
SIM1
SIM2
SIM3
SIM4
1
21
22
SIM5
SIM1
SIM2
SIM3
SIM4
1
21
22
SIM5
SIM1
SIM2
SIM3
SIM4
1
21
22
SIM5
SIM1
SIM2
SIM3
SIM4
1
21
22
SIM5
SIM1
SIM2
SIM3
SIM4
1
21
22
SIM5
SIM1
SIM2
SIM3
SIM4
1
21
22
SIM5
SIM1
SIM2
SIM3
SIM4
1
21
22
SIM5
SIM1
SIM2
SIM3
SIM4
1
21
22
SIM5
SIM1
SIM2
SIM3
SIM4
1
21
22
SIM5
SIM1
SIM2
SIM3
SIM4
1
21
22
SIM5
SIM1
SIM2
SIM3
SIM4
1
21
22
SIM5
SIM1
SIM2
SIM3
SIM4
1
21
22
SIM5
SIM1
SIM2
SIM3
SIM4
1
21
22
SIM5
SIM1
SIM2
SIM3
SIM4
1
21
22
SIM5
SIM1
SIM2
SIM3
SIM4
1
21
22
SIM5
SIM1
SIM2
SIM3
SIM4
1
21
22
SIM5
SIM1
SIM2
SIM3
SIM4
1
21
22
SIM5
SIM1
SIM2
DEBUG 1 662
SIM1
SIM2
SIM3
SIM4
1
21
22
SIM5
SIM1
SIM2
SIM3
SIM4
1
21
22
SIM5
SIM1
SIM2
SIM3
SIM4
1
21
22
SIM5
SIM1
SIM2
SIM3
SIM4
1
21
22
SIM5
SIM1
SIM2
SIM3
SIM4
1
21
22
SIM5
SIM1
SIM2
SIM3
SIM4
1
21
22
SIM5
SIM1
SIM2
SIM3
SIM4
1
21
22
SIM5
SIM1
SIM2
SIM3
SIM4
1
21
22
SIM5
SIM1
SIM2
SIM3
SIM4
1
21
22
SIM5
SIM1
SIM2
SIM3
SIM4
1
21
22
SIM5
SIM1
SIM2
SIM3
SIM4
1
21
22
SIM5
SIM1
SIM2
SIM3
SIM4
1
21
22
SIM5
SIM1
SIM2
SIM3
SIM4
1
21
22
SIM5
SIM1
SIM2
SIM3
SIM4
1
21
22
SIM5
SIM1
SIM2
SIM3
SIM4
1
21
22
SIM5
SIM1
SIM2
SIM3
SIM4
1
21
22
SIM5
SIM1
SIM2
SIM3
SIM4
1
21
22
SIM5
SIM1
SIM2
SIM3
SIM4
1
21
22
SIM5
SIM1
SIM2
SIM3
SIM4
1
21
22
SIM5
SIM1
SIM2
SIM3
SIM4
1
21
22
SIM5
SIM1
SIM2
SIM3
SIM4
1
21
22
SIM5
SIM1
SIM2
SIM3
SIM4
1
21
22
SIM5
SIM1
SIM2
SIM3
SIM4
1
21
22
SIM5
SIM1
SIM2
SIM3
SIM4
1
21
22
SIM5
SIM1
SIM2
SIM3
SIM4
1
21
22
SIM5
SIM1
SIM2
SIM3
SIM4
1
21
22
SIM5
SIM1
SIM2
SIM3
SIM4
1
21
22
SIM5
SIM1
SIM2
SIM3
SIM4
1
21
22
SIM5
SIM1
SIM2
SIM3
SIM4
1
21
22
SIM5
SIM1
SIM2
SIM3
SIM4
1
21
22
SIM5
SIM1
SIM2
SIM3
SIM4
1
21
22
SIM5
SIM1
SIM2
SIM3
SIM4
1
21
22
SIM5
SIM1
SIM2
SIM3
SIM4
1
21
22
SIM5
SIM1
SIM2
SIM3
SIM4
1
21
22
SIM5
SIM1
SIM2
SIM3
SIM4
1
21
22
SIM5
SIM1
SIM2
SIM3
SIM4
1
21
22
SIM5
SIM1
SIM2
SIM3
SIM4
1
21
22
SIM5
SIM1
SIM2
SIM3
SIM4
1
21
22
SIM5
SIM1
SIM2
SIM3
SIM4
1
21
22
SIM5
SIM1
SIM2
SIM3
SIM4
1
21
22
SIM5
SIM1
SIM2
SIM3
SIM4
1
21
22
SIM5
SIM1
SIM2
SIM3
SIM4
1
21
22
SIM5
SIM1
SIM2
SIM3
SIM4
1
21
22
SIM5
SIM1
SIM2
SIM3
SIM4
1
21
22
SIM5
SIM1
SIM2
SIM3
SIM4
1
21
22
SIM5
SIM1
SIM2
SIM3
SIM4
1
21
22
SIM5
SIM1
SIM2
SIM3
SIM4
1
21
22
SIM5
SIM1
SIM2
SIM3
SIM4
1
21
22
SIM5
SIM1
SIM2
SIM3
SIM4
1
21
22
SIM5
SIM1
SIM2
SIM3
SIM4
1
21
22
SIM5
SIM1
SIM2
SIM3
SIM4
1
21
22
SIM5
SIM1
SIM2
SIM3
SIM4
1
21
22
SIM5
SIM1
SIM2
SIM3
SIM4
1
21
22
SIM5
SIM1
SIM2
SIM3
SIM4
1
21
22
SIM5
SIM1
SIM2
SIM3
SIM4
1
21
22
SIM5
SIM1
SIM2
SIM3
SIM4
1
21
22
SIM5
SIM1
SIM2
SIM3
SIM4
1
21
22
SIM5
SIM1
SIM2
SIM3
SIM4
1
21
22
SIM5
SIM1
SIM2
SIM3
SIM4
1
21
22
SIM5
SIM1
SIM2
SIM3
SIM4
1
21
22
SIM5
SIM1
SIM2
SIM3
SIM4
1
21
22
SIM5
SIM1
SIM2
SIM3
SIM4
1
21
22
SIM5
SIM1
SIM2
SIM3
SIM4
1
21
22
SIM5
SIM1
SIM2
SIM3
SIM4
1
21
22
SIM5
SIM1
SIM2
SIM3
SIM4
1
21
22
SIM5
SIM1
SIM2
SIM3
SIM4
1
21
22
SIM5
SIM1
SIM2
SIM3
SIM4
1
21
22
SIM5
SIM1
SIM2
SIM3
SIM4
1
21
22
SIM5
SIM1
SIM2
SIM3
SIM4
1
21
22
SIM5
SIM1
SIM2
SIM3
SIM4
1
21
22
SIM5
SIM1
SIM2
SIM3
SIM4
1
21
22
SIM5
SIM1
SIM2
SIM3
SIM4
1
21
22
SIM5
SIM1
SIM2
SIM3
SIM4
1
21
22
SIM5
SIM1
SIM2
SIM3
SIM4
1
21
22
SIM5
SIM1
SIM2
SIM3
SIM4
1
21
22
SIM5
SIM1
SIM2
SIM3
SIM4
1
21
22
SIM5
SIM1
SIM2
SIM3
SIM4
1
21
22
SIM5
SIM1
SIM2
SIM3
SIM4
1
21
22
SIM5
SIM1
SIM2
SIM3
SIM4
1
21
22
SIM5
SIM1
SIM2
SIM3
SIM4
1
21
22
SIM5
SIM1
SIM2
SIM3
SIM4
1
21
22
SIM5
SIM1
SIM2
SIM3
SIM4
1
21
22
SIM5
SIM1
SIM2
SIM3
SIM4
1
21
22
SIM5
SIM1
SIM2
SIM3
SIM4
1
21
22
SIM5
SIM1
SIM2
SIM3
SIM4
1
21
22
SIM5
SIM1
SIM2
SIM3
SIM4
1
21
22
SIM5
SIM1
SIM2
SIM3
SIM4
1
21
22
SIM5
SIM1
SIM2
SIM3
SIM4
1
21
22
SIM5
SIM1
SIM2
SIM3
SIM4
1
21
22
SIM5
SIM1
SIM2
SIM3
SIM4
1
21
22
SIM5
SIM1
SIM2
SIM3
SIM4
1
21
22
SIM5
SIM1
SIM2
SIM3
SIM4
1
21
22
SIM5
SIM1
SIM2
SIM3
SIM4
1
21
22
SIM5
SIM1
SIM2
SIM3
SIM4
1
21
22
SIM5
SIM1
SIM2
SIM3
SIM4
1
21
22
SIM5
SIM1
SIM2
SIM3
SIM4
1
21
22
SIM5
SIM1
SIM2
SIM3
SIM4
1
21
22
SIM5
SIM1
SIM2
SIM3
SIM4
1
21
22
SIM5
SIM1
SIM2
SIM3
SIM4
1
21
22
SIM5
SIM1
SIM2
SIM3
SIM4
1
21
22
SIM5
SIM1
SIM2
SIM3
SIM4
1
21
22
SIM5
SIM1
SIM2
SIM3
SIM4
1
21
22
SIM5
SIM1
SIM2
SIM3
SIM4
1
21
22
SIM5
SIM1
SIM2
SIM3
SIM4
1
21
22
SIM5
SIM1
SIM2
SIM3
SIM4
1
21
22
SIM5
SIM1
SIM2
SIM3
SIM4
1
21
22
SIM5
SIM1
SIM2
SIM3
SIM4
1
21
22
SIM5
SIM1
SIM2
SIM3
SIM4
1
21
22
SIM5
SIM1
SIM2
SIM3
SIM4
1
21
22
SIM5
SIM1
SIM2
SIM3
SIM4
1
21
22
SIM5
SIM1
SIM2
SIM3
SIM4
1
21
22
SIM5
SIM1
SIM2
SIM3
SIM4
1
21
22
SIM5
SIM1
SIM2
SIM3
SIM4
1
21
22
SIM5
SIM1
SIM2
SIM3
SIM4
1
21
22
SIM5
SIM1
SIM2
SIM3
SIM4
1
21
22
SIM5
SIM1
SIM2
SIM3
SIM4
1
21
22
SIM5
SIM1
SIM2
SIM3
SIM4
1
21
22
SIM5
SIM1
SIM2
SIM3
SIM4
1
21
22
SIM5
SIM1
SIM2
SIM3
SIM4
1
21
22
SIM5
SIM1
SIM2
SIM3
SIM4
1
21
22
SIM5
SIM1
SIM2
SIM3
SIM4
1
21
22
SIM5
SIM1
SIM2
SIM3
SIM4
1
21
22
SIM5
SIM1
SIM2
SIM3
SIM4
1
21
22
SIM5
SIM1
SIM2
SIM3
SIM4
1
21
22
SIM5
SIM1
SIM2
SIM3
SIM4
1
21
22
SIM5
SIM1
SIM2
SIM3
SIM4
1
21
22
SIM5
SIM1
SIM2
SIM3
SIM4
1
21
22
SIM5
SIM1
SIM2
SIM3
SIM4
1
21
22
SIM5
SIM1
SIM2
SIM3
SIM4
1
21
22
SIM5
SIM1
SIM2
SIM3
SIM4
1
21
22
SIM5
SIM1
SIM2
SIM3
SIM4
1
21
22
SIM5
SIM1
SIM2
SIM3
SIM4
1
21
22
SIM5
SIM1
SIM2
SIM3
SIM4
1
21
22
SIM5
SIM1
SIM2
SIM3
SIM4
1
21
22
SIM5
SIM1
SIM2
SIM3
SIM4
1
21
22
SIM5
SIM1
SIM2
SIM3
SIM4
1
21
22
SIM5
SIM1
SIM2
SIM3
SIM4
1
21
22
SIM5
SIM1
SIM2
SIM3
SIM4
1
21
22
SIM5
SIM1
SIM2
SIM3
SIM4
1
21
22
SIM5
SIM1
SIM2
SIM3
SIM4
1
21
22
SIM5
SIM1
SIM2
SIM3
SIM4
1
21
22
SIM5
SIM1
SIM2
SIM3
SIM4
1
21
22
SIM5
SIM1
SIM2
SIM3
SIM4
1
21
22
SIM5
SIM1
SIM2
SIM3
SIM4
1
21
22
SIM5
SIM1
SIM2
SIM3
SIM4
1
21
22
SIM5
SIM1
SIM2
SIM3
SIM4
1
21
22
SIM5
SIM1
SIM2
SIM3
SIM4
1
21
22
SIM5
SIM1
SIM2
SIM3
SIM4
1
21
22
SIM5
SIM1
SIM2
SIM3
SIM4
1
21
22
SIM5
SIM1
SIM2
SIM3
SIM4
1
21
22
SIM5
SIM1
SIM2
SIM3
SIM4
1
21
22
SIM5
SIM1
SIM2
SIM3
SIM4
1
21
22
SIM5
SIM1
SIM2
SIM3
SIM4
1
21
22
SIM5
SIM1
SIM2
SIM3
SIM4
1
21
22
SIM5
SIM1
SIM2
SIM3
SIM4
1
21
22
SIM5
SIM1
SIM2
SIM3
SIM4
1
21
22
SIM5
SIM1
SIM2
SIM3
SIM4
1
21
22
SIM5
SIM1
SIM2
SIM3
SIM4
1
21
22
SIM5
SIM1
SIM2
SIM3
SIM4
1
21
22
SIM5
SIM1
SIM2
SIM3
SIM4
1
21
22
SIM5
SIM1
SIM2
SIM3
SIM4
1
21
22
SIM5
SIM1
SIM2
SIM3
SIM4
1
21
22
SIM5
SIM1
SIM2
SIM3
SIM4
1
21
22
SIM5
SIM1
SIM2
SIM3
SIM4
1
21
22
SIM5
SIM1
SIM2
SIM3
SIM4
1
21
22
SIM5
SIM1
SIM2
SIM3
SIM4
1
21
22
SIM5
SIM1
SIM2
SIM3
SIM4
1
21
22
SIM5
SIM1
SIM2
SIM3
SIM4
1
21
22
SIM5
SIM1
SIM2
SIM3
SIM4
1
21
22
SIM5
SIM1
SIM2
SIM3
SIM4
1
21
22
SIM5
SIM1
SIM2
SIM3
SIM4
1
21
22
SIM5
SIM1
SIM2
SIM3
SIM4
1
21
22
SIM5
SIM1
SIM2
SIM3
SIM4
1
21
22
SIM5
SIM1
SIM2
SIM3
SIM4
1
21
22
SIM5
SIM1
SIM2
SIM3
SIM4
1
21
22
SIM5
SIM1
SIM2
SIM3
SIM4
1
21
22
SIM5
SIM1
SIM2
SIM3
SIM4
1
21
22
SIM5
SIM1
SIM2
SIM3
SIM4
1
21
22
SIM5
SIM1
SIM2
SIM3
SIM4
1
21
22
SIM5
SIM1
SIM2
SIM3
SIM4
1
21
22
SIM5
SIM1
SIM2
SIM3
SIM4
1
21
22
SIM5
SIM1
SIM2
SIM3
SIM4
1
21
22
SIM5
SIM1
SIM2
SIM3
SIM4
1
21
22
SIM5
SIM1
SIM2
SIM3
SIM4
1
21
22
SIM5
SIM1
SIM2
SIM3
SIM4
1
21
22
SIM5
SIM1
SIM2
SIM3
SIM4
1
21
22
SIM5
SIM1
SIM2
SIM3
SIM4
1
21
22
SIM5
SIM1
SIM2
SIM3
SIM4
1
21
22
SIM5
SIM1
SIM2
SIM3
SIM4
1
21
22
SIM5
SIM1
SIM2
SIM3
SIM4
1
21
22
SIM5
SIM1
SIM2
SIM3
SIM4
1
21
22
SIM5
SIM1
SIM2
SIM3
SIM4
1
21
22
SIM5
SIM1
SIM2
SIM3
SIM4
1
21
22
SIM5
SIM1
SIM2
SIM3
SIM4
1
21
22
SIM5
SIM1
SIM2
SIM3
SIM4
1
21
22
SIM5
SIM1
SIM2
SIM3
SIM4
1
21
22
SIM5
SIM1
SIM2
SIM3
SIM4
1
21
22
SIM5
SIM1
SIM2
SIM3
SIM4
1
21
22
SIM5
SIM1
SIM2
SIM3
SIM4
1
21
22
SIM5
SIM1
SIM2
SIM3
SIM4
1
21
22
SIM5
SIM1
SIM2
SIM3
SIM4
1
21
22
SIM5
SIM1
SIM2
SIM3
SIM4
1
21
22
SIM5
SIM1
SIM2
SIM3
SIM4
1
21
22
SIM5
SIM1
SIM2
SIM3
SIM4
1
21
22
SIM5
SIM1
SIM2
SIM3
SIM4
1
21
22
SIM5
SIM1
SIM2
SIM3
SIM4
1
21
22
SIM5
SIM1
SIM2
SIM3
SIM4
1
21
22
SIM5
SIM1
SIM2
SIM3
SIM4
1
21
22
SIM5
SIM1
SIM2
SIM3
SIM4
1
21
22
SIM5
SIM1
SIM2
SIM3
SIM4
1
21
22
SIM5
SIM1
SIM2
SIM3
SIM4
1
21
22
SIM5
SIM1
SIM2
SIM3
SIM4
1
21
22
SIM5
SIM1
SIM2
SIM3
SIM4
1
21
22
SIM5
SIM1
SIM2
SIM3
SIM4
1
21
22
SIM5
SIM1
SIM2
SIM3
SIM4
1
21
22
SIM5
SIM1
SIM2
DEBUG 1 663
SIM1
SIM2
SIM3
SIM4
1
21
22
SIM5
SIM1
SIM2
SIM3
SIM4
1
21
22
SIM5
SIM1
SIM2
SIM3
SIM4
1
21
22
SIM5
SIM1
SIM2
SIM3
SIM4
1
21
22
SIM5
SIM1
SIM2
SIM3
SIM4
1
21
22
SIM5
SIM1
SIM2
SIM3
SIM4
1
21
22
SIM5
SIM1
SIM2
SIM3
SIM4
1
21
22
SIM5
SIM1
SIM2
SIM3
SIM4
1
21
22
SIM5
SIM1
SIM2
SIM3
SIM4
1
21
22
SIM5
SIM1
SIM2
SIM3
SIM4
1
21
22
SIM5
SIM1
SIM2
SIM3
SIM4
1
21
22
SIM5
SIM1
SIM2
SIM3
SIM4
1
21
22
SIM5
SIM1
SIM2
SIM3
SIM4
1
21
22
SIM5
SIM1
SIM2
SIM3
SIM4
1
21
22
SIM5
SIM1
SIM2
SIM3
SIM4
1
21
22
SIM5
SIM1
SIM2
SIM3
SIM4
1
21
22
SIM5
SIM1
SIM2
SIM3
SIM4
1
21
22
SIM5
SIM1
SIM2
SIM3
SIM4
1
21
22
SIM5
SIM1
SIM2
SIM3
SIM4
1
21
22
SIM5
SIM1
SIM2
SIM3
SIM4
1
21
22
SIM5
SIM1
SIM2
SIM3
SIM4
1
21
22
SIM5
SIM1
SIM2
SIM3
SIM4
1
21
22
SIM5
SIM1
SIM2
SIM3
SIM4
1
21
22
SIM5
SIM1
SIM2
SIM3
SIM4
1
21
22
SIM5
SIM1
SIM2
SIM3
SIM4
1
21
22
SIM5
SIM1
SIM2
SIM3
SIM4
1
21
22
SIM5
SIM1
SIM2
SIM3
SIM4
1
21
22
SIM5
SIM1
SIM2
SIM3
SIM4
1
21
22
SIM5
SIM1
SIM2
SIM3
SIM4
1
21
22
SIM5
SIM1
SIM2
SIM3
SIM4
1
21
22
SIM5
SIM1
SIM2
SIM3
SIM4
1
21
22
SIM5
SIM1
SIM2
SIM3
SIM4
1
21
22
SIM5
SIM1
SIM2
SIM3
SIM4
1
21
22
SIM5
SIM1
SIM2
SIM3
SIM4
1
21
22
SIM5
SIM1
SIM2
SIM3
SIM4
1
21
22
SIM5
SIM1
SIM2
SIM3
SIM4
1
21
22
SIM5
SIM1
SIM2
SIM3
SIM4
1
21
22
SIM5
SIM1
SIM2
SIM3
SIM4
1
21
22
SIM5
SIM1
SIM2
SIM3
SIM4
1
21
22
SIM5
SIM1
SIM2
SIM3
SIM4
1
21
22
SIM5
SIM1
SIM2
SIM3
SIM4
1
21
22
SIM5
SIM1
SIM2
SIM3
SIM4
1
21
22
SIM5
SIM1
SIM2
SIM3
SIM4
1
21
22
SIM5
SIM1
SIM2
SIM3
SIM4
1
21
22
SIM5
SIM1
SIM2
SIM3
SIM4
1
21
22
SIM5
SIM1
SIM2
SIM3
SIM4
1
21
22
SIM5
SIM1
SIM2
SIM3
SIM4
1
21
22
SIM5
SIM1
SIM2
SIM3
SIM4
1
21
22
SIM5
SIM1
SIM2
SIM3
SIM4
1
21
22
SIM5
SIM1
SIM2
SIM3
SIM4
1
21
22
SIM5
SIM1
SIM2
SIM3
SIM4
1
21
22
SIM5
SIM1
SIM2
SIM3
SIM4
1
21
22
SIM5
SIM1
SIM2
SIM3
SIM4
1
21
22
SIM5
SIM1
SIM2
SIM3
SIM4
1
21
22
SIM5
SIM1
SIM2
SIM3
SIM4
1
21
22
SIM5
SIM1
SIM2
SIM3
SIM4
1
21
22
SIM5
SIM1
SIM2
SIM3
SIM4
1
21
22
SIM5
SIM1
SIM2
SIM3
SIM4
1
21
22
SIM5
SIM1
SIM2
SIM3
SIM4
1
21
22
SIM5
SIM1
SIM2
SIM3
SIM4
1
21
22
SIM5
SIM1
SIM2
SIM3
SIM4
1
21
22
SIM5
SIM1
SIM2
SIM3
SIM4
1
21
22
SIM5
SIM1
SIM2
SIM3
SIM4
1
21
22
SIM5
SIM1
SIM2
SIM3
SIM4
1
21
22
SIM5
SIM1
SIM2
SIM3
SIM4
1
21
22
SIM5
SIM1
SIM2
SIM3
SIM4
1
21
22
SIM5
SIM1
SIM2
SIM3
SIM4
1
21
22
SIM5
SIM1
SIM2
SIM3
SIM4
1
21
22
SIM5
SIM1
SIM2
SIM3
SIM4
1
21
22
SIM5
SIM1
SIM2
SIM3
SIM4
1
21
22
SIM5
SIM1
SIM2
SIM3
SIM4
1
21
22
SIM5
SIM1
SIM2
SIM3
SIM4
1
21
22
SIM5
SIM1
SIM2
SIM3
SIM4
1
21
22
SIM5
SIM1
SIM2
SIM3
SIM4
1
21
22
SIM5
SIM1
SIM2
SIM3
SIM4
1
21
22
SIM5
SIM1
SIM2
SIM3
SIM4
1
21
22
SIM5
SIM1
SIM2
SIM3
SIM4
1
21
22
SIM5
SIM1
SIM2
SIM3
SIM4
1
21
22
SIM5
SIM1
SIM2
SIM3
SIM4
1
21
22
SIM5
SIM1
SIM2
SIM3
SIM4
1
21
22
SIM5
SIM1
SIM2
SIM3
SIM4
1
21
22
SIM5
SIM1
SIM2
SIM3
SIM4
1
21
22
SIM5
SIM1
SIM2
SIM3
SIM4
1
21
22
SIM5
SIM1
SIM2
SIM3
SIM4
1
21
22
SIM5
SIM1
SIM2
SIM3
SIM4
1
21
22
SIM5
SIM1
SIM2
SIM3
SIM4
1
21
22
SIM5
SIM1
SIM2
SIM3
SIM4
1
21
22
SIM5
SIM1
SIM2
SIM3
SIM4
1
21
22
SIM5
SIM1
SIM2
SIM3
SIM4
1
21
22
SIM5
SIM1
SIM2
SIM3
SIM4
1
21
22
SIM5
SIM1
SIM2
SIM3
SIM4
1
21
22
SIM5
SIM1
SIM2
SIM3
SIM4
1
21
22
SIM5
SIM1
SIM2
SIM3
SIM4
1
21
22
SIM5
SIM1
SIM2
SIM3
SIM4
1
21
22
SIM5
SIM1
SIM2
SIM3
SIM4
1
21
22
SIM5
SIM1
SIM2
SIM3
SIM4
1
21
22
SIM5
SIM1
SIM2
SIM3
SIM4
1
21
22
SIM5
SIM1
SIM2
SIM3
SIM4
1
21
22
SIM5
SIM1
SIM2
SIM3
SIM4
1
21
22
SIM5
SIM1
SIM2
SIM3
SIM4
1
21
22
SIM5
SIM1
SIM2
SIM3
SIM4
1
21
22
SIM5
SIM1
SIM2
SIM3
SIM4
1
21
22
SIM5
SIM1
SIM2
SIM3
SIM4
1
21
22
SIM5
SIM1
SIM2
SIM3
SIM4
1
21
22
SIM5
SIM1
SIM2
SIM3
SIM4
1
21
22
SIM5
SIM1
SIM2
SIM3
SIM4
1
21
22
SIM5
SIM1
SIM2
SIM3
SIM4
1
21
22
SIM5
SIM1
SIM2
SIM3
SIM4
1
21
22
SIM5
SIM1
SIM2
SIM3
SIM4
1
21
22
SIM5
SIM1
SIM2
SIM3
SIM4
1
21
22
SIM5
SIM1
SIM2
SIM3
SIM4
1
21
22
SIM5
SIM1
SIM2
SIM3
SIM4
1
21
22
SIM5
SIM1
SIM2
SIM3
SIM4
1
21
22
SIM5
SIM1
SIM2
SIM3
SIM4
1
21
22
SIM5
SIM1
SIM2
SIM3
SIM4
1
21
22
SIM5
SIM1
SIM2
SIM3
SIM4
1
21
22
SIM5
SIM1
SIM2
SIM3
SIM4
1
21
22
SIM5
SIM1
SIM2
SIM3
SIM4
1
21
22
SIM5
SIM1
SIM2
SIM3
SIM4
1
21
22
SIM5
SIM1
SIM2
SIM3
SIM4
1
21
22
SIM5
SIM1
SIM2
SIM3
SIM4
1
21
22
SIM5
SIM1
SIM2
SIM3
SIM4
1
21
22
SIM5
SIM1
SIM2
SIM3
SIM4
1
21
22
SIM5
SIM1
SIM2
SIM3
SIM4
1
21
22
SIM5
SIM1
SIM2
SIM3
SIM4
1
21
22
SIM5
SIM1
SIM2
SIM3
SIM4
1
21
22
SIM5
SIM1
SIM2
SIM3
SIM4
1
21
22
SIM5
SIM1
SIM2
SIM3
SIM4
1
21
22
SIM5
SIM1
SIM2
SIM3
SIM4
1
21
22
SIM5
SIM1
SIM2
SIM3
SIM4
1
21
22
SIM5
SIM1
SIM2
SIM3
SIM4
1
21
22
SIM5
SIM1
SIM2
SIM3
SIM4
1
21
22
SIM5
SIM1
SIM2
SIM3
SIM4
1
21
22
SIM5
SIM1
SIM2
SIM3
SIM4
1
21
22
SIM5
SIM1
SIM2
SIM3
SIM4
1
21
22
SIM5
SIM1
SIM2
SIM3
SIM4
1
21
22
SIM5
SIM1
SIM2
SIM3
SIM4
1
21
22
SIM5
SIM1
SIM2
SIM3
SIM4
1
21
22
SIM5
SIM1
SIM2
SIM3
SIM4
1
21
22
SIM5
SIM1
SIM2
SIM3
SIM4
1
21
22
SIM5
SIM1
SIM2
SIM3
SIM4
1
21
22
SIM5
SIM1
SIM2
SIM3
SIM4
1
21
22
SIM5
SIM1
SIM2
SIM3
SIM4
1
21
22
SIM5
SIM1
SIM2
SIM3
SIM4
1
21
22
SIM5
SIM1
SIM2
SIM3
SIM4
1
21
22
SIM5
SIM1
SIM2
SIM3
SIM4
1
21
22
SIM5
SIM1
SIM2
SIM3
SIM4
1
21
22
SIM5
SIM1
SIM2
SIM3
SIM4
1
21
22
SIM5
SIM1
SIM2
SIM3
SIM4
1
21
22
SIM5
SIM1
SIM2
SIM3
SIM4
1
21
22
SIM5
SIM1
SIM2
SIM3
SIM4
1
21
22
SIM5
SIM1
SIM2
SIM3
SIM4
1
21
22
SIM5
SIM1
SIM2
SIM3
SIM4
1
21
22
SIM5
SIM1
SIM2
SIM3
SIM4
1
21
22
SIM5
SIM1
SIM2
SIM3
SIM4
1
21
22
SIM5
SIM1
SIM2
SIM3
SIM4
1
21
22
SIM5
SIM1
SIM2
SIM3
SIM4
1
21
22
SIM5
SIM1
SIM2
SIM3
SIM4
1
21
22
SIM5
SIM1
SIM2
SIM3
SIM4
1
21
22
SIM5
SIM1
SIM2
SIM3
SIM4
1
21
22
SIM5
SIM1
SIM2
SIM3
SIM4
1
21
22
SIM5
SIM1
SIM2
SIM3
SIM4
1
21
22
SIM5
SIM1
SIM2
SIM3
SIM4
1
21
22
SIM5
SIM1
SIM2
SIM3
SIM4
1
21
22
SIM5
SIM1
SIM2
SIM3
SIM4
1
21
22
SIM5
SIM1
SIM2
SIM3
SIM4
1
21
22
SIM5
SIM1
SIM2
SIM3
SIM4
1
21
22
SIM5
SIM1
SIM2
SIM3
SIM4
1
21
22
SIM5
SIM1
SIM2
SIM3
SIM4
1
21
22
SIM5
SIM1
SIM2
SIM3
SIM4
1
21
22
SIM5
SIM1
SIM2
SIM3
SIM4
1
21
22
SIM5
SIM1
SIM2
SIM3
SIM4
1
21
22
SIM5
SIM1
SIM2
SIM3
SIM4
1
21
22
SIM5
SIM1
SIM2
SIM3
SIM4
1
21
22
SIM5
SIM1
SIM2
SIM3
SIM4
1
21
22
SIM5
SIM1
SIM2
SIM3
SIM4
1
21
22
SIM5
SIM1
SIM2
SIM3
SIM4
1
21
22
SIM5
SIM1
SIM2
DEBUG 1 664
SIM1
SIM2
SIM3
SIM4
1
21
22
SIM5
SIM1
SIM2
SIM3
SIM4
1
21
22
SIM5
SIM1
SIM2
SIM3
SIM4
1
21
22
SIM5
SIM1
SIM2
SIM3
SIM4
1
21
22
SIM5
SIM1
SIM2
SIM3
SIM4
1
21
22
SIM5
SIM1
SIM2
SIM3
SIM4
1
21
22
SIM5
SIM1
SIM2
SIM3
SIM4
1
21
22
SIM5
SIM1
SIM2
SIM3
SIM4
1
21
22
SIM5
SIM1
SIM2
SIM3
SIM4
1
21
22
SIM5
SIM1
SIM2
SIM3
SIM4
1
21
22
SIM5
SIM1
SIM2
SIM3
SIM4
1
21
22
SIM5
SIM1
SIM2
SIM3
SIM4
1
21
22
SIM5
SIM1
SIM2
SIM3
SIM4
1
21
22
SIM5
SIM1
SIM2
SIM3
SIM4
1
21
22
SIM5
SIM1
SIM2
SIM3
SIM4
1
21
22
SIM5
SIM1
SIM2
SIM3
SIM4
1
21
22
SIM5
SIM1
SIM2
SIM3
SIM4
1
21
22
SIM5
SIM1
SIM2
SIM3
SIM4
1
21
22
SIM5
SIM1
SIM2
SIM3
SIM4
1
21
22
SIM5
SIM1
SIM2
SIM3
SIM4
1
21
22
SIM5
SIM1
SIM2
SIM3
SIM4
1
21
22
SIM5
SIM1
SIM2
SIM3
SIM4
1
21
22
SIM5
SIM1
SIM2
SIM3
SIM4
1
21
22
SIM5
SIM1
SIM2
SIM3
SIM4
1
21
22
SIM5
SIM1
SIM2
SIM3
SIM4
1
21
22
SIM5
SIM1
SIM2
SIM3
SIM4
1
21
22
SIM5
SIM1
SIM2
SIM3
SIM4
1
21
22
SIM5
SIM1
SIM2
SIM3
SIM4
1
21
22
SIM5
SIM1
SIM2
SIM3
SIM4
1
21
22
SIM5
SIM1
SIM2
SIM3
SIM4
1
21
22
SIM5
SIM1
SIM2
SIM3
SIM4
1
21
22
SIM5
SIM1
SIM2
SIM3
SIM4
1
21
22
SIM5
SIM1
SIM2
SIM3
SIM4
1
21
22
SIM5
SIM1
SIM2
SIM3
SIM4
1
21
22
SIM5
SIM1
SIM2
SIM3
SIM4
1
21
22
SIM5
SIM1
SIM2
SIM3
SIM4
1
21
22
SIM5
SIM1
SIM2
SIM3
SIM4
1
21
22
SIM5
SIM1
SIM2
SIM3
SIM4
1
21
22
SIM5
SIM1
SIM2
SIM3
SIM4
1
21
22
SIM5
SIM1
SIM2
SIM3
SIM4
1
21
22
SIM5
SIM1
SIM2
SIM3
SIM4
1
21
22
SIM5
SIM1
SIM2
SIM3
SIM4
1
21
22
SIM5
SIM1
SIM2
SIM3
SIM4
1
21
22
SIM5
SIM1
SIM2
SIM3
SIM4
1
21
22
SIM5
SIM1
SIM2
SIM3
SIM4
1
21
22
SIM5
SIM1
SIM2
SIM3
SIM4
1
21
22
SIM5
SIM1
SIM2
SIM3
SIM4
1
21
22
SIM5
SIM1
SIM2
SIM3
SIM4
1
21
22
SIM5
SIM1
SIM2
SIM3
SIM4
1
21
22
SIM5
SIM1
SIM2
SIM3
SIM4
1
21
22
SIM5
SIM1
SIM2
SIM3
SIM4
1
21
22
SIM5
SIM1
SIM2
SIM3
SIM4
1
21
22
SIM5
SIM1
SIM2
SIM3
SIM4
1
21
22
SIM5
SIM1
SIM2
SIM3
SIM4
1
21
22
SIM5
SIM1
SIM2
SIM3
SIM4
1
21
22
SIM5
SIM1
SIM2
SIM3
SIM4
1
21
22
SIM5
SIM1
SIM2
SIM3
SIM4
1
21
22
SIM5
SIM1
SIM2
SIM3
SIM4
1
21
22
SIM5
SIM1
SIM2
SIM3
SIM4
1
21
22
SIM5
SIM1
SIM2
SIM3
SIM4
1
21
22
SIM5
SIM1
SIM2
SIM3
SIM4
1
21
22
SIM5
SIM1
SIM2
SIM3
SIM4
1
21
22
SIM5
SIM1
SIM2
SIM3
SIM4
1
21
22
SIM5
SIM1
SIM2
SIM3
SIM4
1
21
22
SIM5
SIM1
SIM2
SIM3
SIM4
1
21
22
SIM5
SIM1
SIM2
SIM3
SIM4
1
21
22
SIM5
SIM1
SIM2
SIM3
SIM4
1
21
22
SIM5
SIM1
SIM2
SIM3
SIM4
1
21
22
SIM5
SIM1
SIM2
SIM3
SIM4
1
21
22
SIM5
SIM1
SIM2
SIM3
SIM4
1
21
22
SIM5
SIM1
SIM2
SIM3
SIM4
1
21
22
SIM5
SIM1
SIM2
SIM3
SIM4
1
21
22
SIM5
SIM1
SIM2
SIM3
SIM4
1
21
22
SIM5
SIM1
SIM2
SIM3
SIM4
1
21
22
SIM5
SIM1
SIM2
SIM3
SIM4
1
21
22
SIM5
SIM1
SIM2
SIM3
SIM4
1
21
22
SIM5
SIM1
SIM2
SIM3
SIM4
1
21
22
SIM5
SIM1
SIM2
SIM3
SIM4
1
21
22
SIM5
SIM1
SIM2
SIM3
SIM4
1
21
22
SIM5
SIM1
SIM2
SIM3
SIM4
1
21
22
SIM5
SIM1
SIM2
SIM3
SIM4
1
21
22
SIM5
SIM1
SIM2
SIM3
SIM4
1
21
22
SIM5
SIM1
SIM2
SIM3
SIM4
1
21
22
SIM5
SIM1
SIM2
SIM3
SIM4
1
21
22
SIM5
SIM1
SIM2
SIM3
SIM4
1
21
22
SIM5
SIM1
SIM2
SIM3
SIM4
1
21
22
SIM5
SIM1
SIM2
SIM3
SIM4
1
21
22
SIM5
SIM1
SIM2
SIM3
SIM4
1
21
22
SIM5
SIM1
SIM2
SIM3
SIM4
1
21
22
SIM5
SIM1
SIM2
SIM3
SIM4
1
21
22
SIM5
SIM1
SIM2
SIM3
SIM4
1
21
22
SIM5
SIM1
SIM2
SIM3
SIM4
1
21
22
SIM5
SIM1
SIM2
SIM3
SIM4
1
21
22
SIM5
SIM1
SIM2
SIM3
SIM4
1
21
22
SIM5
SIM1
SIM2
SIM3
SIM4
1
21
22
SIM5
SIM1
SIM2
SIM3
SIM4
1
21
22
SIM5
SIM1
SIM2
SIM3
SIM4
1
21
22
SIM5
SIM1
SIM2
SIM3
SIM4
1
21
22
SIM5
SIM1
SIM2
SIM3
SIM4
1
21
22
SIM5
SIM1
SIM2
SIM3
SIM4
1
21
22
SIM5
SIM1
SIM2
SIM3
SIM4
1
21
22
SIM5
SIM1
SIM2
SIM3
SIM4
1
21
22
SIM5
SIM1
SIM2
SIM3
SIM4
1
21
22
SIM5
SIM1
SIM2
SIM3
SIM4
1
21
22
SIM5
SIM1
SIM2
SIM3
SIM4
1
21
22
SIM5
SIM1
SIM2
SIM3
SIM4
1
21
22
SIM5
SIM1
SIM2
SIM3
SIM4
1
21
22
SIM5
SIM1
SIM2
SIM3
SIM4
1
21
22
SIM5
SIM1
SIM2
SIM3
SIM4
1
21
22
SIM5
SIM1
SIM2
SIM3
SIM4
1
21
22
SIM5
SIM1
SIM2
SIM3
SIM4
1
21
22
SIM5
SIM1
SIM2
SIM3
SIM4
1
21
22
SIM5
SIM1
SIM2
SIM3
SIM4
1
21
22
SIM5
SIM1
SIM2
SIM3
SIM4
1
21
22
SIM5
SIM1
SIM2
SIM3
SIM4
1
21
22
SIM5
SIM1
SIM2
SIM3
SIM4
1
21
22
SIM5
SIM1
SIM2
SIM3
SIM4
1
21
22
SIM5
SIM1
SIM2
SIM3
SIM4
1
21
22
SIM5
SIM1
SIM2
SIM3
SIM4
1
21
22
SIM5
SIM1
SIM2
SIM3
SIM4
1
21
22
SIM5
SIM1
SIM2
SIM3
SIM4
1
21
22
SIM5
SIM1
SIM2
SIM3
SIM4
1
21
22
SIM5
SIM1
SIM2
SIM3
SIM4
1
21
22
SIM5
SIM1
SIM2
SIM3
SIM4
1
21
22
SIM5
SIM1
SIM2
SIM3
SIM4
1
21
22
SIM5
SIM1
SIM2
SIM3
SIM4
1
21
22
SIM5
SIM1
SIM2
SIM3
SIM4
1
21
22
SIM5
SIM1
SIM2
SIM3
SIM4
1
21
22
SIM5
SIM1
SIM2
SIM3
SIM4
1
21
22
SIM5
SIM1
SIM2
SIM3
SIM4
1
21
22
SIM5
SIM1
SIM2
SIM3
SIM4
1
21
22
SIM5
SIM1
SIM2
SIM3
SIM4
1
21
22
SIM5
SIM1
SIM2
SIM3
SIM4
1
21
22
SIM5
SIM1
SIM2
SIM3
SIM4
1
21
22
SIM5
SIM1
SIM2
SIM3
SIM4
1
21
22
SIM5
SIM1
SIM2
SIM3
SIM4
1
21
22
SIM5
SIM1
SIM2
SIM3
SIM4
1
21
22
SIM5
SIM1
SIM2
SIM3
SIM4
1
21
22
SIM5
SIM1
SIM2
SIM3
SIM4
1
21
22
SIM5
SIM1
SIM2
SIM3
SIM4
1
21
22
SIM5
SIM1
SIM2
SIM3
SIM4
1
21
22
SIM5
SIM1
SIM2
SIM3
SIM4
1
21
22
SIM5
SIM1
SIM2
SIM3
SIM4
1
21
22
SIM5
SIM1
SIM2
SIM3
SIM4
1
21
22
SIM5
SIM1
SIM2
SIM3
SIM4
1
21
22
SIM5
SIM1
SIM2
SIM3
SIM4
1
21
22
SIM5
SIM1
SIM2
SIM3
SIM4
1
21
22
SIM5
SIM1
SIM2
DEBUG 1 665
SIM1
SIM2
SIM3
SIM4
1
21
22
SIM5
SIM1
SIM2
SIM3
SIM4
1
21
22
SIM5
SIM1
SIM2
SIM3
SIM4
1
21
22
SIM5
SIM1
SIM2
SIM3
SIM4
1
21
22
SIM5
SIM1
SIM2
SIM3
SIM4
1
21
22
SIM5
SIM1
SIM2
SIM3
SIM4
1
21
22
SIM5
SIM1
SIM2
SIM3
SIM4
1
21
22
SIM5
SIM1
SIM2
SIM3
SIM4
1
21
22
SIM5
SIM1
SIM2
SIM3
SIM4
1
21
22
SIM5
SIM1
SIM2
SIM3
SIM4
1
21
22
SIM5
SIM1
SIM2
SIM3
SIM4
1
21
22
SIM5
SIM1
SIM2
SIM3
SIM4
1
21
22
SIM5
SIM1
SIM2
SIM3
SIM4
1
21
22
SIM5
SIM1
SIM2
SIM3
SIM4
1
21
22
SIM5
SIM1
SIM2
SIM3
SIM4
1
21
22
SIM5
SIM1
SIM2
SIM3
SIM4
1
21
22
SIM5
SIM1
SIM2
SIM3
SIM4
1
21
22
SIM5
SIM1
SIM2
SIM3
SIM4
1
21
22
SIM5
SIM1
SIM2
SIM3
SIM4
1
21
22
SIM5
SIM1
SIM2
SIM3
SIM4
1
21
22
SIM5
SIM1
SIM2
SIM3
SIM4
1
21
22
SIM5
SIM1
SIM2
SIM3
SIM4
1
21
22
SIM5
SIM1
SIM2
SIM3
SIM4
1
21
22
SIM5
SIM1
SIM2
SIM3
SIM4
1
21
22
SIM5
SIM1
SIM2
SIM3
SIM4
1
21
22
SIM5
SIM1
SIM2
SIM3
SIM4
1
21
22
SIM5
SIM1
SIM2
SIM3
SIM4
1
21
22
SIM5
SIM1
SIM2
SIM3
SIM4
1
21
22
SIM5
SIM1
SIM2
SIM3
SIM4
1
21
22
SIM5
SIM1
SIM2
SIM3
SIM4
1
21
22
SIM5
SIM1
SIM2
SIM3
SIM4
1
21
22
SIM5
SIM1
SIM2
SIM3
SIM4
1
21
22
SIM5
SIM1
SIM2
SIM3
SIM4
1
21
22
SIM5
SIM1
SIM2
SIM3
SIM4
1
21
22
SIM5
SIM1
SIM2
SIM3
SIM4
1
21
22
SIM5
SIM1
SIM2
SIM3
SIM4
1
21
22
SIM5
SIM1
SIM2
SIM3
SIM4
1
21
22
SIM5
SIM1
SIM2
SIM3
SIM4
1
21
22
SIM5
SIM1
SIM2
SIM3
SIM4
1
21
22
SIM5
SIM1
SIM2
SIM3
SIM4
1
21
22
SIM5
SIM1
SIM2
SIM3
SIM4
1
21
22
SIM5
SIM1
SIM2
SIM3
SIM4
1
21
22
SIM5
SIM1
SIM2
SIM3
SIM4
1
21
22
SIM5
SIM1
SIM2
SIM3
SIM4
1
21
22
SIM5
SIM1
SIM2
SIM3
SIM4
1
21
22
SIM5
SIM1
SIM2
SIM3
SIM4
1
21
22
SIM5
SIM1
SIM2
SIM3
SIM4
1
21
22
SIM5
SIM1
SIM2
SIM3
SIM4
1
21
22
SIM5
SIM1
SIM2
SIM3
SIM4
1
21
22
SIM5
SIM1
SIM2
SIM3
SIM4
1
21
22
SIM5
SIM1
SIM2
SIM3
SIM4
1
21
22
SIM5
SIM1
SIM2
SIM3
SIM4
1
21
22
SIM5
SIM1
SIM2
SIM3
SIM4
1
21
22
SIM5
SIM1
SIM2
SIM3
SIM4
1
21
22
SIM5
SIM1
SIM2
SIM3
SIM4
1
21
22
SIM5
SIM1
SIM2
SIM3
SIM4
1
21
22
SIM5
SIM1
SIM2
SIM3
SIM4
1
21
22
SIM5
SIM1
SIM2
SIM3
SIM4
1
21
22
SIM5
SIM1
SIM2
SIM3
SIM4
1
21
22
SIM5
SIM1
SIM2
SIM3
SIM4
1
21
22
SIM5
SIM1
SIM2
SIM3
SIM4
1
21
22
SIM5
SIM1
SIM2
SIM3
SIM4
1
21
22
SIM5
SIM1
SIM2
SIM3
SIM4
1
21
22
SIM5
SIM1
SIM2
SIM3
SIM4
1
21
22
SIM5
SIM1
SIM2
SIM3
SIM4
1
21
22
SIM5
SIM1
SIM2
SIM3
SIM4
1
21
22
SIM5
SIM1
SIM2
SIM3
SIM4
1
21
22
SIM5
SIM1
SIM2
SIM3
SIM4
1
21
22
SIM5
SIM1
SIM2
SIM3
SIM4
1
21
22
SIM5
SIM1
SIM2
SIM3
SIM4
1
21
22
SIM5
SIM1
SIM2
SIM3
SIM4
1
21
22
SIM5
SIM1
SIM2
SIM3
SIM4
1
21
22
SIM5
SIM1
SIM2
SIM3
SIM4
1
21
22
SIM5
SIM1
SIM2
SIM3
SIM4
1
21
22
SIM5
SIM1
SIM2
SIM3
SIM4
1
21
22
SIM5
SIM1
SIM2
SIM3
SIM4
1
21
22
SIM5
SIM1
SIM2
SIM3
SIM4
1
21
22
SIM5
SIM1
SIM2
SIM3
SIM4
1
21
22
SIM5
SIM1
SIM2
SIM3
SIM4
1
21
22
SIM5
SIM1
SIM2
SIM3
SIM4
1
21
22
SIM5
SIM1
SIM2
SIM3
SIM4
1
21
22
SIM5
SIM1
SIM2
SIM3
SIM4
1
21
22
SIM5
SIM1
SIM2
SIM3
SIM4
1
21
22
SIM5
SIM1
SIM2
SIM3
SIM4
1
21
22
SIM5
SIM1
SIM2
SIM3
SIM4
1
21
22
SIM5
SIM1
SIM2
SIM3
SIM4
1
21
22
SIM5
SIM1
SIM2
SIM3
SIM4
1
21
22
SIM5
SIM1
SIM2
SIM3
SIM4
1
21
22
SIM5
SIM1
SIM2
SIM3
SIM4
1
21
22
SIM5
SIM1
SIM2
SIM3
SIM4
1
21
22
SIM5
SIM1
SIM2
SIM3
SIM4
1
21
22
SIM5
SIM1
SIM2
SIM3
SIM4
1
21
22
SIM5
SIM1
SIM2
SIM3
SIM4
1
21
22
SIM5
SIM1
SIM2
SIM3
SIM4
1
21
22
SIM5
SIM1
SIM2
SIM3
SIM4
1
21
22
SIM5
SIM1
SIM2
SIM3
SIM4
1
21
22
SIM5
SIM1
SIM2
SIM3
SIM4
1
21
22
SIM5
SIM1
SIM2
SIM3
SIM4
1
21
22
SIM5
SIM1
SIM2
SIM3
SIM4
1
21
22
SIM5
SIM1
SIM2
SIM3
SIM4
1
21
22
SIM5
SIM1
SIM2
SIM3
SIM4
1
21
22
SIM5
SIM1
SIM2
SIM3
SIM4
1
21
22
SIM5
SIM1
SIM2
SIM3
SIM4
1
21
22
SIM5
SIM1
SIM2
SIM3
SIM4
1
21
22
SIM5
SIM1
SIM2
SIM3
SIM4
1
21
22
SIM5
SIM1
SIM2
SIM3
SIM4
1
21
22
SIM5
SIM1
SIM2
SIM3
SIM4
1
21
22
SIM5
SIM1
SIM2
SIM3
SIM4
1
21
22
SIM5
SIM1
SIM2
SIM3
SIM4
1
21
22
SIM5
SIM1
SIM2
SIM3
SIM4
1
21
22
SIM5
SIM1
SIM2
SIM3
SIM4
1
21
22
SIM5
SIM1
SIM2
SIM3
SIM4
1
21
22
SIM5
SIM1
SIM2
SIM3
SIM4
1
21
22
SIM5
SIM1
SIM2
SIM3
SIM4
1
21
22
SIM5
SIM1
SIM2
SIM3
SIM4
1
21
22
SIM5
SIM1
SIM2
SIM3
SIM4
1
21
22
SIM5
SIM1
SIM2
SIM3
SIM4
1
21
22
SIM5
SIM1
SIM2
SIM3
SIM4
1
21
22
SIM5
SIM1
SIM2
SIM3
SIM4
1
21
22
SIM5
SIM1
SIM2
SIM3
SIM4
1
21
22
SIM5
SIM1
SIM2
SIM3
SIM4
1
21
22
SIM5
SIM1
SIM2
SIM3
SIM4
1
21
22
SIM5
SIM1
SIM2
SIM3
SIM4
1
21
22
SIM5
SIM1
SIM2
SIM3
SIM4
1
21
22
SIM5
SIM1
SIM2
SIM3
SIM4
1
21
22
SIM5
SIM1
SIM2
SIM3
SIM4
1
21
22
SIM5
SIM1
SIM2
SIM3
SIM4
1
21
22
SIM5
SIM1
SIM2
SIM3
SIM4
1
21
22
SIM5
SIM1
SIM2
SIM3
SIM4
1
21
22
SIM5
SIM1
SIM2
SIM3
SIM4
1
21
22
SIM5
SIM1
SIM2
SIM3
SIM4
1
21
22
SIM5
SIM1
SIM2
SIM3
SIM4
1
21
22
SIM5
SIM1
SIM2
SIM3
SIM4
1
21
22
SIM5
SIM1
SIM2
SIM3
SIM4
1
21
22
SIM5
SIM1
SIM2
SIM3
SIM4
1
21
22
SIM5
SIM1
SIM2
SIM3
SIM4
1
21
22
SIM5
SIM1
SIM2
SIM3
SIM4
1
21
22
SIM5
SIM1
SIM2
SIM3
SIM4
1
21
22
SIM5
SIM1
SIM2
SIM3
SIM4
1
21
22
SIM5
SIM1
SIM2
SIM3
SIM4
1
21
22
SIM5
SIM1
SIM2
SIM3
SIM4
1
21
22
SIM5
SIM1
SIM2
SIM3
SIM4
1
21
22
SIM5
SIM1
SIM2
SIM3
SIM4
1
21
22
SIM5
SIM1
SIM2
SIM3
SIM4
1
21
22
SIM5
SIM1
SIM2
SIM3
SIM4
1
21
22
SIM5
SIM1
SIM2
SIM3
SIM4
1
21
22
SIM5
SIM1
SIM2
SIM3
SIM4
1
21
22
SIM5
SIM1
SIM2
SIM3
SIM4
1
21
22
SIM5
SIM1
SIM2
SIM3
SIM4
1
21
22
SIM5
SIM1
SIM2
SIM3
SIM4
1
21
22
SIM5
SIM1
SIM2
SIM3
SIM4
1
21
22
SIM5
SIM1
SIM2
SIM3
SIM4
1
21
22
SIM5
SIM1
SIM2
SIM3
SIM4
1
21
22
SIM5
SIM1
SIM2
SIM3
SIM4
1
21
22
SIM5
SIM1
SIM2
SIM3
SIM4
1
21
22
SIM5
SIM1
SIM2
SIM3
SIM4
1
21
22
SIM5
SIM1
SIM2
SIM3
SIM4
1
21
22
SIM5
SIM1
SIM2
SIM3
SIM4
1
21
22
SIM5
SIM1
SIM2
SIM3
SIM4
1
21
22
SIM5
SIM1
SIM2
SIM3
SIM4
1
21
22
SIM5
SIM1
SIM2
SIM3
SIM4
1
21
22
SIM5
SIM1
SIM2
SIM3
SIM4
1
21
22
SIM5
SIM1
SIM2
SIM3
SIM4
1
21
22
SIM5
SIM1
SIM2
SIM3
SIM4
1
21
22
SIM5
SIM1
SIM2
SIM3
SIM4
1
21
22
SIM5
SIM1
SIM2
SIM3
SIM4
1
21
22
SIM5
SIM1
SIM2
SIM3
SIM4
1
21
22
SIM5
SIM1
SIM2
SIM3
SIM4
1
21
22
SIM5
SIM1
SIM2
SIM3
SIM4
1
21
22
SIM5
SIM1
SIM2
SIM3
SIM4
1
21
22
SIM5
SIM1
SIM2
SIM3
SIM4
1
21
22
SIM5
SIM1
SIM2
SIM3
SIM4
1
21
22
SIM5
SIM1
SIM2
SIM3
SIM4
1
21
22
SIM5
SIM1
SIM2
SIM3
SIM4
1
21
22
SIM5
SIM1
SIM2
SIM3
SIM4
1
21
22
SIM5
SIM1
SIM2
SIM3
SIM4
1
21
22
SIM5
SIM1
SIM2
SIM3
SIM4
1
21
22
SIM5
SIM1
SIM2
SIM3
SIM4
1
21
22
SIM5
SIM1
SIM2
SIM3
SIM4
1
21
22
SIM5
SIM1
SIM2
SIM3
SIM4
1
21
22
SIM5
SIM1
SIM2
SIM3
SIM4
1
21
22
SIM5
SIM1
SIM2
SIM3
SIM4
1
21
22
SIM5
SIM1
SIM2
SIM3
SIM4
1
21
22
SIM5
SIM1
SIM2
SIM3
SIM4
1
21
22
SIM5
SIM1
SIM2
SIM3
SIM4
1
21
22
SIM5
SIM1
SIM2
SIM3
SIM4
1
21
22
SIM5
SIM1
SIM2
SIM3
SIM4
1
21
22
SIM5
SIM1
SIM2
SIM3
SIM4
1
21
22
SIM5
SIM1
SIM2
SIM3
SIM4
1
21
22
SIM5
SIM1
SIM2
DEBUG 1 666
SIM1
SIM2
SIM3
SIM4
1
21
22
SIM5
SIM1
SIM2
SIM3
SIM4
1
21
22
SIM5
SIM1
SIM2
SIM3
SIM4
1
21
22
SIM5
SIM1
SIM2
SIM3
SIM4
1
21
22
SIM5
SIM1
SIM2
SIM3
SIM4
1
21
22
SIM5
SIM1
SIM2
SIM3
SIM4
1
21
22
SIM5
SIM1
SIM2
SIM3
SIM4
1
21
22
SIM5
SIM1
SIM2
SIM3
SIM4
1
21
22
SIM5
SIM1
SIM2
SIM3
SIM4
1
21
22
SIM5
SIM1
SIM2
SIM3
SIM4
1
21
22
SIM5
SIM1
SIM2
SIM3
SIM4
1
21
22
SIM5
SIM1
SIM2
SIM3
SIM4
1
21
22
SIM5
SIM1
SIM2
SIM3
SIM4
1
21
22
SIM5
SIM1
SIM2
SIM3
SIM4
1
21
22
SIM5
SIM1
SIM2
SIM3
SIM4
1
21
22
SIM5
SIM1
SIM2
SIM3
SIM4
1
21
22
SIM5
SIM1
SIM2
SIM3
SIM4
1
21
22
SIM5
SIM1
SIM2
SIM3
SIM4
1
21
22
SIM5
SIM1
SIM2
SIM3
SIM4
1
21
22
SIM5
SIM1
SIM2
SIM3
SIM4
1
21
22
SIM5
SIM1
SIM2
SIM3
SIM4
1
21
22
SIM5
SIM1
SIM2
SIM3
SIM4
1
21
22
SIM5
SIM1
SIM2
SIM3
SIM4
1
21
22
SIM5
SIM1
SIM2
SIM3
SIM4
1
21
22
SIM5
SIM1
SIM2
SIM3
SIM4
1
21
22
SIM5
SIM1
SIM2
SIM3
SIM4
1
21
22
SIM5
SIM1
SIM2
SIM3
SIM4
1
21
22
SIM5
SIM1
SIM2
SIM3
SIM4
1
21
22
SIM5
SIM1
SIM2
SIM3
SIM4
1
21
22
SIM5
SIM1
SIM2
SIM3
SIM4
1
21
22
SIM5
SIM1
SIM2
SIM3
SIM4
1
21
22
SIM5
SIM1
SIM2
SIM3
SIM4
1
21
22
SIM5
SIM1
SIM2
SIM3
SIM4
1
21
22
SIM5
SIM1
SIM2
SIM3
SIM4
1
21
22
SIM5
SIM1
SIM2
SIM3
SIM4
1
21
22
SIM5
SIM1
SIM2
SIM3
SIM4
1
21
22
SIM5
SIM1
SIM2
SIM3
SIM4
1
21
22
SIM5
SIM1
SIM2
SIM3
SIM4
1
21
22
SIM5
SIM1
SIM2
SIM3
SIM4
1
21
22
SIM5
SIM1
SIM2
SIM3
SIM4
1
21
22
SIM5
SIM1
SIM2
SIM3
SIM4
1
21
22
SIM5
SIM1
SIM2
SIM3
SIM4
1
21
22
SIM5
SIM1
SIM2
SIM3
SIM4
1
21
22
SIM5
SIM1
SIM2
SIM3
SIM4
1
21
22
SIM5
SIM1
SIM2
SIM3
SIM4
1
21
22
SIM5
SIM1
SIM2
SIM3
SIM4
1
21
22
SIM5
SIM1
SIM2
SIM3
SIM4
1
21
22
SIM5
SIM1
SIM2
SIM3
SIM4
1
21
22
SIM5
SIM1
SIM2
SIM3
SIM4
1
21
22
SIM5
SIM1
SIM2
SIM3
SIM4
1
21
22
SIM5
SIM1
SIM2
SIM3
SIM4
1
21
22
SIM5
SIM1
SIM2
SIM3
SIM4
1
21
22
SIM5
SIM1
SIM2
SIM3
SIM4
1
21
22
SIM5
SIM1
SIM2
SIM3
SIM4
1
21
22
SIM5
SIM1
SIM2
SIM3
SIM4
1
21
22
SIM5
SIM1
SIM2
SIM3
SIM4
1
21
22
SIM5
SIM1
SIM2
SIM3
SIM4
1
21
22
SIM5
SIM1
SIM2
SIM3
SIM4
1
21
22
SIM5
SIM1
SIM2
SIM3
SIM4
1
21
22
SIM5
SIM1
SIM2
SIM3
SIM4
1
21
22
SIM5
SIM1
SIM2
SIM3
SIM4
1
21
22
SIM5
SIM1
SIM2
SIM3
SIM4
1
21
22
SIM5
SIM1
SIM2
SIM3
SIM4
1
21
22
SIM5
SIM1
SIM2
SIM3
SIM4
1
21
22
SIM5
SIM1
SIM2
SIM3
SIM4
1
21
22
SIM5
SIM1
SIM2
SIM3
SIM4
1
21
22
SIM5
SIM1
SIM2
SIM3
SIM4
1
21
22
SIM5
SIM1
SIM2
SIM3
SIM4
1
21
22
SIM5
SIM1
SIM2
SIM3
SIM4
1
21
22
SIM5
SIM1
SIM2
SIM3
SIM4
1
21
22
SIM5
SIM1
SIM2
SIM3
SIM4
1
21
22
SIM5
SIM1
SIM2
SIM3
SIM4
1
21
22
SIM5
SIM1
SIM2
SIM3
SIM4
1
21
22
SIM5
SIM1
SIM2
SIM3
SIM4
1
21
22
SIM5
SIM1
SIM2
SIM3
SIM4
1
21
22
SIM5
SIM1
SIM2
SIM3
SIM4
1
21
22
SIM5
SIM1
SIM2
SIM3
SIM4
1
21
22
SIM5
SIM1
SIM2
SIM3
SIM4
1
21
22
SIM5
SIM1
SIM2
SIM3
SIM4
1
21
22
SIM5
SIM1
SIM2
SIM3
SIM4
1
21
22
SIM5
SIM1
SIM2
SIM3
SIM4
1
21
22
SIM5
SIM1
SIM2
SIM3
SIM4
1
21
22
SIM5
SIM1
SIM2
SIM3
SIM4
1
21
22
SIM5
SIM1
SIM2
SIM3
SIM4
1
21
22
SIM5
SIM1
SIM2
SIM3
SIM4
1
21
22
SIM5
SIM1
SIM2
SIM3
SIM4
1
21
22
SIM5
SIM1
SIM2
SIM3
SIM4
1
21
22
SIM5
SIM1
SIM2
SIM3
SIM4
1
21
22
SIM5
SIM1
SIM2
SIM3
SIM4
1
21
22
SIM5
SIM1
SIM2
SIM3
SIM4
1
21
22
SIM5
SIM1
SIM2
SIM3
SIM4
1
21
22
SIM5
SIM1
SIM2
SIM3
SIM4
1
21
22
SIM5
SIM1
SIM2
SIM3
SIM4
1
21
22
SIM5
SIM1
SIM2
SIM3
SIM4
1
21
22
SIM5
SIM1
SIM2
SIM3
SIM4
1
21
22
SIM5
SIM1
SIM2
SIM3
SIM4
1
21
22
SIM5
SIM1
SIM2
SIM3
SIM4
1
21
22
SIM5
SIM1
SIM2
SIM3
SIM4
1
21
22
SIM5
SIM1
SIM2
SIM3
SIM4
1
21
22
SIM5
SIM1
SIM2
SIM3
SIM4
1
21
22
SIM5
SIM1
SIM2
SIM3
SIM4
1
21
22
SIM5
SIM1
SIM2
SIM3
SIM4
1
21
22
SIM5
SIM1
SIM2
SIM3
SIM4
1
21
22
SIM5
SIM1
SIM2
SIM3
SIM4
1
21
22
SIM5
SIM1
SIM2
SIM3
SIM4
1
21
22
SIM5
SIM1
SIM2
SIM3
SIM4
1
21
22
SIM5
SIM1
SIM2
SIM3
SIM4
1
21
22
SIM5
SIM1
SIM2
SIM3
SIM4
1
21
22
SIM5
SIM1
SIM2
SIM3
SIM4
1
21
22
SIM5
SIM1
SIM2
SIM3
SIM4
1
21
22
SIM5
SIM1
SIM2
SIM3
SIM4
1
21
22
SIM5
SIM1
SIM2
SIM3
SIM4
1
21
22
SIM5
SIM1
SIM2
SIM3
SIM4
1
21
22
SIM5
SIM1
SIM2
SIM3
SIM4
1
21
22
SIM5
SIM1
SIM2
SIM3
SIM4
1
21
22
SIM5
SIM1
SIM2
SIM3
SIM4
1
21
22
SIM5
SIM1
SIM2
SIM3
SIM4
1
21
22
SIM5
SIM1
SIM2
SIM3
SIM4
1
21
22
SIM5
SIM1
SIM2
SIM3
SIM4
1
21
22
SIM5
SIM1
SIM2
SIM3
SIM4
1
21
22
SIM5
SIM1
SIM2
SIM3
SIM4
1
21
22
SIM5
SIM1
SIM2
SIM3
SIM4
1
21
22
SIM5
SIM1
SIM2
SIM3
SIM4
1
21
22
SIM5
SIM1
SIM2
SIM3
SIM4
1
21
22
SIM5
SIM1
SIM2
SIM3
SIM4
1
21
22
SIM5
SIM1
SIM2
SIM3
SIM4
1
21
22
SIM5
SIM1
SIM2
SIM3
SIM4
1
21
22
SIM5
SIM1
SIM2
SIM3
SIM4
1
21
22
SIM5
SIM1
SIM2
SIM3
SIM4
1
21
22
SIM5
SIM1
SIM2
SIM3
SIM4
1
21
22
SIM5
SIM1
SIM2
SIM3
SIM4
1
21
22
SIM5
SIM1
SIM2
SIM3
SIM4
1
21
22
SIM5
SIM1
SIM2
SIM3
SIM4
1
21
22
SIM5
SIM1
SIM2
SIM3
SIM4
1
21
22
SIM5
SIM1
SIM2
SIM3
SIM4
1
21
22
SIM5
SIM1
SIM2
SIM3
SIM4
1
21
22
SIM5
SIM1
SIM2
SIM3
SIM4
1
21
22
SIM5
SIM1
SIM2
SIM3
SIM4
1
21
22
SIM5
SIM1
SIM2
SIM3
SIM4
1
21
22
SIM5
SIM1
SIM2
SIM3
SIM4
1
21
22
SIM5
SIM1
SIM2
SIM3
SIM4
1
21
22
SIM5
SIM1
SIM2
SIM3
SIM4
1
21
22
SIM5
SIM1
SIM2
SIM3
SIM4
1
21
22
SIM5
SIM1
SIM2
SIM3
SIM4
1
21
22
SIM5
SIM1
SIM2
SIM3
SIM4
1
21
22
SIM5
SIM1
SIM2
SIM3
SIM4
1
21
22
SIM5
SIM1
SIM2
SIM3
SIM4
1
21
22
SIM5
SIM1
SIM2
SIM3
SIM4
1
21
22
SIM5
SIM1
SIM2
SIM3
SIM4
1
21
22
SIM5
SIM1
SIM2
SIM3
SIM4
1
21
22
SIM5
SIM1
SIM2
SIM3
SIM4
1
21
22
SIM5
SIM1
SIM2
SIM3
SIM4
1
21
22
SIM5
SIM1
SIM2
SIM3
SIM4
1
21
22
SIM5
SIM1
SIM2
SIM3
SIM4
1
21
22
SIM5
SIM1
SIM2
SIM3
SIM4
1
21
22
SIM5
SIM1
SIM2
SIM3
SIM4
1
21
22
SIM5
SIM1
SIM2
SIM3
SIM4
1
21
22
SIM5
SIM1
SIM2
SIM3
SIM4
1
21
22
SIM5
SIM1
SIM2
SIM3
SIM4
1
21
22
SIM5
SIM1
SIM2
SIM3
SIM4
1
21
22
SIM5
SIM1
SIM2
SIM3
SIM4
1
21
22
SIM5
SIM1
SIM2
SIM3
SIM4
1
21
22
SIM5
SIM1
SIM2
SIM3
SIM4
1
21
22
SIM5
SIM1
SIM2
SIM3
SIM4
1
21
22
SIM5
SIM1
SIM2
SIM3
SIM4
1
21
22
SIM5
SIM1
SIM2
SIM3
SIM4
1
21
22
SIM5
SIM1
SIM2
SIM3
SIM4
1
21
22
SIM5
SIM1
SIM2
SIM3
SIM4
1
21
22
SIM5
SIM1
SIM2
SIM3
SIM4
1
21
22
SIM5
SIM1
SIM2
SIM3
SIM4
1
21
22
SIM5
SIM1
SIM2
SIM3
SIM4
1
21
22
SIM5
SIM1
SIM2
SIM3
SIM4
1
21
22
SIM5
SIM1
SIM2
SIM3
SIM4
1
21
22
SIM5
SIM1
SIM2
SIM3
SIM4
1
21
22
SIM5
SIM1
SIM2
SIM3
SIM4
1
21
22
SIM5
SIM1
SIM2
SIM3
SIM4
1
21
22
SIM5
SIM1
SIM2
SIM3
SIM4
1
21
22
SIM5
SIM1
SIM2
SIM3
SIM4
1
21
22
SIM5
SIM1
SIM2
SIM3
SIM4
1
21
22
SIM5
SIM1
SIM2
SIM3
SIM4
1
21
22
SIM5
SIM1
SIM2
SIM3
SIM4
1
21
22
SIM5
SIM1
SIM2
SIM3
SIM4
1
21
22
SIM5
SIM1
SIM2
SIM3
SIM4
1
21
22
SIM5
SIM1
SIM2
SIM3
SIM4
1
21
22
SIM5
SIM1
SIM2
SIM3
SIM4
1
21
22
SIM5
SIM1
SIM2
SIM3
SIM4
1
21
22
SIM5
SIM1
SIM2
SIM3
SIM4
1
21
22
SIM5
SIM1
SIM2
SIM3
SIM4
1
21
22
SIM5
SIM1
SIM2
SIM3
SIM4
1
21
22
SIM5
SIM1
SIM2
SIM3
SIM4
1
21
22
SIM5
SIM1
SIM2
SIM3
SIM4
1
21
22
SIM5
SIM1
SIM2
SIM3
SIM4
1
21
22
SIM5
SIM1
SIM2
SIM3
SIM4
1
21
22
SIM5
SIM1
SIM2
SIM3
SIM4
1
21
22
SIM5
SIM1
SIM2
SIM3
SIM4
1
21
22
SIM5
SIM1
SIM2
SIM3
SIM4
1
21
22
SIM5
SIM1
SIM2
DEBUG 1 667
SIM1
SIM2
SIM3
SIM4
1
21
22
SIM5
SIM1
SIM2
SIM3
SIM4
1
21
22
SIM5
SIM1
SIM2
SIM3
SIM4
1
21
22
SIM5
SIM1
SIM2
SIM3
SIM4
1
21
22
SIM5
SIM1
SIM2
SIM3
SIM4
1
21
22
SIM5
SIM1
SIM2
SIM3
SIM4
1
21
22
SIM5
SIM1
SIM2
SIM3
SIM4
1
21
22
SIM5
SIM1
SIM2
SIM3
SIM4
1
21
22
SIM5
SIM1
SIM2
SIM3
SIM4
1
21
22
SIM5
SIM1
SIM2
SIM3
SIM4
1
21
22
SIM5
SIM1
SIM2
SIM3
SIM4
1
21
22
SIM5
SIM1
SIM2
SIM3
SIM4
1
21
22
SIM5
SIM1
SIM2
SIM3
SIM4
1
21
22
SIM5
SIM1
SIM2
SIM3
SIM4
1
21
22
SIM5
SIM1
SIM2
SIM3
SIM4
1
21
22
SIM5
SIM1
SIM2
SIM3
SIM4
1
21
22
SIM5
SIM1
SIM2
SIM3
SIM4
1
21
22
SIM5
SIM1
SIM2
SIM3
SIM4
1
21
22
SIM5
SIM1
SIM2
SIM3
SIM4
1
21
22
SIM5
SIM1
SIM2
SIM3
SIM4
1
21
22
SIM5
SIM1
SIM2
SIM3
SIM4
1
21
22
SIM5
SIM1
SIM2
SIM3
SIM4
1
21
22
SIM5
SIM1
SIM2
SIM3
SIM4
1
21
22
SIM5
SIM1
SIM2
SIM3
SIM4
1
21
22
SIM5
SIM1
SIM2
SIM3
SIM4
1
21
22
SIM5
SIM1
SIM2
SIM3
SIM4
1
21
22
SIM5
SIM1
SIM2
SIM3
SIM4
1
21
22
SIM5
SIM1
SIM2
SIM3
SIM4
1
21
22
SIM5
SIM1
SIM2
SIM3
SIM4
1
21
22
SIM5
SIM1
SIM2
SIM3
SIM4
1
21
22
SIM5
SIM1
SIM2
SIM3
SIM4
1
21
22
SIM5
SIM1
SIM2
SIM3
SIM4
1
21
22
SIM5
SIM1
SIM2
SIM3
SIM4
1
21
22
SIM5
SIM1
SIM2
SIM3
SIM4
1
21
22
SIM5
SIM1
SIM2
SIM3
SIM4
1
21
22
SIM5
SIM1
SIM2
SIM3
SIM4
1
21
22
SIM5
SIM1
SIM2
SIM3
SIM4
1
21
22
SIM5
SIM1
SIM2
SIM3
SIM4
1
21
22
SIM5
SIM1
SIM2
SIM3
SIM4
1
21
22
SIM5
SIM1
SIM2
SIM3
SIM4
1
21
22
SIM5
SIM1
SIM2
SIM3
SIM4
1
21
22
SIM5
SIM1
SIM2
SIM3
SIM4
1
21
22
SIM5
SIM1
SIM2
SIM3
SIM4
1
21
22
SIM5
SIM1
SIM2
SIM3
SIM4
1
21
22
SIM5
SIM1
SIM2
SIM3
SIM4
1
21
22
SIM5
SIM1
SIM2
SIM3
SIM4
1
21
22
SIM5
SIM1
SIM2
SIM3
SIM4
1
21
22
SIM5
SIM1
SIM2
SIM3
SIM4
1
21
22
SIM5
SIM1
SIM2
SIM3
SIM4
1
21
22
SIM5
SIM1
SIM2
SIM3
SIM4
1
21
22
SIM5
SIM1
SIM2
SIM3
SIM4
1
21
22
SIM5
SIM1
SIM2
SIM3
SIM4
1
21
22
SIM5
SIM1
SIM2
SIM3
SIM4
1
21
22
SIM5
SIM1
SIM2
SIM3
SIM4
1
21
22
SIM5
SIM1
SIM2
SIM3
SIM4
1
21
22
SIM5
SIM1
SIM2
SIM3
SIM4
1
21
22
SIM5
SIM1
SIM2
SIM3
SIM4
1
21
22
SIM5
SIM1
SIM2
SIM3
SIM4
1
21
22
SIM5
SIM1
SIM2
SIM3
SIM4
1
21
22
SIM5
SIM1
SIM2
SIM3
SIM4
1
21
22
SIM5
SIM1
SIM2
SIM3
SIM4
1
21
22
SIM5
SIM1
SIM2
SIM3
SIM4
1
21
22
SIM5
SIM1
SIM2
SIM3
SIM4
1
21
22
SIM5
SIM1
SIM2
SIM3
SIM4
1
21
22
SIM5
SIM1
SIM2
SIM3
SIM4
1
21
22
SIM5
SIM1
SIM2
SIM3
SIM4
1
21
22
SIM5
SIM1
SIM2
SIM3
SIM4
1
21
22
SIM5
SIM1
SIM2
SIM3
SIM4
1
21
22
SIM5
SIM1
SIM2
SIM3
SIM4
1
21
22
SIM5
SIM1
SIM2
SIM3
SIM4
1
21
22
SIM5
SIM1
SIM2
SIM3
SIM4
1
21
22
SIM5
SIM1
SIM2
SIM3
SIM4
1
21
22
SIM5
SIM1
SIM2
SIM3
SIM4
1
21
22
SIM5
SIM1
SIM2
SIM3
SIM4
1
21
22
SIM5
SIM1
SIM2
SIM3
SIM4
1
21
22
SIM5
SIM1
SIM2
SIM3
SIM4
1
21
22
SIM5
SIM1
SIM2
SIM3
SIM4
1
21
22
SIM5
SIM1
SIM2
SIM3
SIM4
1
21
22
SIM5
SIM1
SIM2
SIM3
SIM4
1
21
22
SIM5
SIM1
SIM2
SIM3
SIM4
1
21
22
SIM5
SIM1
SIM2
SIM3
SIM4
1
21
22
SIM5
SIM1
SIM2
SIM3
SIM4
1
21
22
SIM5
SIM1
SIM2
SIM3
SIM4
1
21
22
SIM5
SIM1
SIM2
SIM3
SIM4
1
21
22
SIM5
SIM1
SIM2
SIM3
SIM4
1
21
22
SIM5
SIM1
SIM2
SIM3
SIM4
1
21
22
SIM5
SIM1
SIM2
SIM3
SIM4
1
21
22
SIM5
SIM1
SIM2
SIM3
SIM4
1
21
22
SIM5
SIM1
SIM2
SIM3
SIM4
1
21
22
SIM5
SIM1
SIM2
SIM3
SIM4
1
21
22
SIM5
SIM1
SIM2
SIM3
SIM4
1
21
22
SIM5
SIM1
SIM2
SIM3
SIM4
1
21
22
SIM5
SIM1
SIM2
SIM3
SIM4
1
21
22
SIM5
SIM1
SIM2
SIM3
SIM4
1
21
22
SIM5
SIM1
SIM2
SIM3
SIM4
1
21
22
SIM5
SIM1
SIM2
SIM3
SIM4
1
21
22
SIM5
SIM1
SIM2
SIM3
SIM4
1
21
22
SIM5
SIM1
SIM2
SIM3
SIM4
1
21
22
SIM5
SIM1
SIM2
SIM3
SIM4
1
21
22
SIM5
SIM1
SIM2
SIM3
SIM4
1
21
22
SIM5
SIM1
SIM2
SIM3
SIM4
1
21
22
SIM5
SIM1
SIM2
SIM3
SIM4
1
21
22
SIM5
SIM1
SIM2
SIM3
SIM4
1
21
22
SIM5
SIM1
SIM2
SIM3
SIM4
1
21
22
SIM5
SIM1
SIM2
SIM3
SIM4
1
21
22
SIM5
SIM1
SIM2
SIM3
SIM4
1
21
22
SIM5
SIM1
SIM2
SIM3
SIM4
1
21
22
SIM5
SIM1
SIM2
SIM3
SIM4
1
21
22
SIM5
SIM1
SIM2
SIM3
SIM4
1
21
22
SIM5
SIM1
SIM2
SIM3
SIM4
1
21
22
SIM5
SIM1
SIM2
SIM3
SIM4
1
21
22
SIM5
SIM1
SIM2
SIM3
SIM4
1
21
22
SIM5
SIM1
SIM2
SIM3
SIM4
1
21
22
SIM5
SIM1
SIM2
SIM3
SIM4
1
21
22
SIM5
SIM1
SIM2
SIM3
SIM4
1
21
22
SIM5
SIM1
SIM2
SIM3
SIM4
1
21
22
SIM5
SIM1
SIM2
SIM3
SIM4
1
21
22
SIM5
SIM1
SIM2
SIM3
SIM4
1
21
22
SIM5
SIM1
SIM2
SIM3
SIM4
1
21
22
SIM5
SIM1
SIM2
SIM3
SIM4
1
21
22
SIM5
SIM1
SIM2
SIM3
SIM4
1
21
22
SIM5
SIM1
SIM2
SIM3
SIM4
1
21
22
SIM5
SIM1
SIM2
SIM3
SIM4
1
21
22
SIM5
SIM1
SIM2
SIM3
SIM4
1
21
22
SIM5
SIM1
SIM2
SIM3
SIM4
1
21
22
SIM5
SIM1
SIM2
SIM3
SIM4
1
21
22
SIM5
SIM1
SIM2
SIM3
SIM4
1
21
22
SIM5
SIM1
SIM2
SIM3
SIM4
1
21
22
SIM5
SIM1
SIM2
SIM3
SIM4
1
21
22
SIM5
SIM1
SIM2
SIM3
SIM4
1
21
22
SIM5
SIM1
SIM2
SIM3
SIM4
1
21
22
SIM5
SIM1
SIM2
SIM3
SIM4
1
21
22
SIM5
SIM1
SIM2
SIM3
SIM4
1
21
22
SIM5
SIM1
SIM2
SIM3
SIM4
1
21
22
SIM5
SIM1
SIM2
SIM3
SIM4
1
21
22
SIM5
SIM1
SIM2
SIM3
SIM4
1
21
22
SIM5
SIM1
SIM2
SIM3
SIM4
1
21
22
SIM5
SIM1
SIM2
SIM3
SIM4
1
21
22
SIM5
SIM1
SIM2
SIM3
SIM4
1
21
22
SIM5
SIM1
SIM2
SIM3
SIM4
1
21
22
SIM5
SIM1
SIM2
SIM3
SIM4
1
21
22
SIM5
SIM1
SIM2
SIM3
SIM4
1
21
22
SIM5
SIM1
SIM2
SIM3
SIM4
1
21
22
SIM5
SIM1
SIM2
SIM3
SIM4
1
21
22
SIM5
SIM1
SIM2
SIM3
SIM4
1
21
22
SIM5
SIM1
SIM2
SIM3
SIM4
1
21
22
SIM5
SIM1
SIM2
SIM3
SIM4
1
21
22
SIM5
SIM1
SIM2
SIM3
SIM4
1
21
22
SIM5
SIM1
SIM2
SIM3
SIM4
1
21
22
SIM5
SIM1
SIM2
SIM3
SIM4
1
21
22
SIM5
SIM1
SIM2
DEBUG 1 668
SIM1
SIM2
SIM3
SIM4
1
21
22
SIM5
SIM1
SIM2
SIM3
SIM4
1
21
22
SIM5
SIM1
SIM2
SIM3
SIM4
1
21
22
SIM5
SIM1
SIM2
SIM3
SIM4
1
21
22
SIM5
SIM1
SIM2
SIM3
SIM4
1
21
22
SIM5
SIM1
SIM2
SIM3
SIM4
1
21
22
SIM5
SIM1
SIM2
SIM3
SIM4
1
21
22
SIM5
SIM1
SIM2
SIM3
SIM4
1
21
22
SIM5
SIM1
SIM2
SIM3
SIM4
1
21
22
SIM5
SIM1
SIM2
SIM3
SIM4
1
21
22
SIM5
SIM1
SIM2
SIM3
SIM4
1
21
22
SIM5
SIM1
SIM2
SIM3
SIM4
1
21
22
SIM5
SIM1
SIM2
SIM3
SIM4
1
21
22
SIM5
SIM1
SIM2
SIM3
SIM4
1
21
22
SIM5
SIM1
SIM2
SIM3
SIM4
1
21
22
SIM5
SIM1
SIM2
SIM3
SIM4
1
21
22
SIM5
SIM1
SIM2
SIM3
SIM4
1
21
22
SIM5
SIM1
SIM2
SIM3
SIM4
1
21
22
SIM5
SIM1
SIM2
SIM3
SIM4
1
21
22
SIM5
SIM1
SIM2
SIM3
SIM4
1
21
22
SIM5
SIM1
SIM2
SIM3
SIM4
1
21
22
SIM5
SIM1
SIM2
SIM3
SIM4
1
21
22
SIM5
SIM1
SIM2
SIM3
SIM4
1
21
22
SIM5
SIM1
SIM2
SIM3
SIM4
1
21
22
SIM5
SIM1
SIM2
SIM3
SIM4
1
21
22
SIM5
SIM1
SIM2
SIM3
SIM4
1
21
22
SIM5
SIM1
SIM2
SIM3
SIM4
1
21
22
SIM5
SIM1
SIM2
SIM3
SIM4
1
21
22
SIM5
SIM1
SIM2
SIM3
SIM4
1
21
22
SIM5
SIM1
SIM2
SIM3
SIM4
1
21
22
SIM5
SIM1
SIM2
SIM3
SIM4
1
21
22
SIM5
SIM1
SIM2
SIM3
SIM4
1
21
22
SIM5
SIM1
SIM2
SIM3
SIM4
1
21
22
SIM5
SIM1
SIM2
SIM3
SIM4
1
21
22
SIM5
SIM1
SIM2
SIM3
SIM4
1
21
22
SIM5
SIM1
SIM2
SIM3
SIM4
1
21
22
SIM5
SIM1
SIM2
SIM3
SIM4
1
21
22
SIM5
SIM1
SIM2
SIM3
SIM4
1
21
22
SIM5
SIM1
SIM2
SIM3
SIM4
1
21
22
SIM5
SIM1
SIM2
SIM3
SIM4
1
21
22
SIM5
SIM1
SIM2
SIM3
SIM4
1
21
22
SIM5
SIM1
SIM2
SIM3
SIM4
1
21
22
SIM5
SIM1
SIM2
SIM3
SIM4
1
21
22
SIM5
SIM1
SIM2
SIM3
SIM4
1
21
22
SIM5
SIM1
SIM2
SIM3
SIM4
1
21
22
SIM5
SIM1
SIM2
SIM3
SIM4
1
21
22
SIM5
SIM1
SIM2
SIM3
SIM4
1
21
22
SIM5
SIM1
SIM2
SIM3
SIM4
1
21
22
SIM5
SIM1
SIM2
SIM3
SIM4
1
21
22
SIM5
SIM1
SIM2
SIM3
SIM4
1
21
22
SIM5
SIM1
SIM2
SIM3
SIM4
1
21
22
SIM5
SIM1
SIM2
SIM3
SIM4
1
21
22
SIM5
SIM1
SIM2
SIM3
SIM4
1
21
22
SIM5
SIM1
SIM2
SIM3
SIM4
1
21
22
SIM5
SIM1
SIM2
SIM3
SIM4
1
21
22
SIM5
SIM1
SIM2
SIM3
SIM4
1
21
22
SIM5
SIM1
SIM2
SIM3
SIM4
1
21
22
SIM5
SIM1
SIM2
SIM3
SIM4
1
21
22
SIM5
SIM1
SIM2
SIM3
SIM4
1
21
22
SIM5
SIM1
SIM2
SIM3
SIM4
1
21
22
SIM5
SIM1
SIM2
SIM3
SIM4
1
21
22
SIM5
SIM1
SIM2
SIM3
SIM4
1
21
22
SIM5
SIM1
SIM2
SIM3
SIM4
1
21
22
SIM5
SIM1
SIM2
SIM3
SIM4
1
21
22
SIM5
SIM1
SIM2
SIM3
SIM4
1
21
22
SIM5
SIM1
SIM2
SIM3
SIM4
1
21
22
SIM5
SIM1
SIM2
SIM3
SIM4
1
21
22
SIM5
SIM1
SIM2
SIM3
SIM4
1
21
22
SIM5
SIM1
SIM2
SIM3
SIM4
1
21
22
SIM5
SIM1
SIM2
SIM3
SIM4
1
21
22
SIM5
SIM1
SIM2
SIM3
SIM4
1
21
22
SIM5
SIM1
SIM2
SIM3
SIM4
1
21
22
SIM5
SIM1
SIM2
SIM3
SIM4
1
21
22
SIM5
SIM1
SIM2
SIM3
SIM4
1
21
22
SIM5
SIM1
SIM2
SIM3
SIM4
1
21
22
SIM5
SIM1
SIM2
SIM3
SIM4
1
21
22
SIM5
SIM1
SIM2
SIM3
SIM4
1
21
22
SIM5
SIM1
SIM2
SIM3
SIM4
1
21
22
SIM5
SIM1
SIM2
SIM3
SIM4
1
21
22
SIM5
SIM1
SIM2
SIM3
SIM4
1
21
22
SIM5
SIM1
SIM2
SIM3
SIM4
1
21
22
SIM5
SIM1
SIM2
SIM3
SIM4
1
21
22
SIM5
SIM1
SIM2
SIM3
SIM4
1
21
22
SIM5
SIM1
SIM2
SIM3
SIM4
1
21
22
SIM5
SIM1
SIM2
SIM3
SIM4
1
21
22
SIM5
SIM1
SIM2
SIM3
SIM4
1
21
22
SIM5
SIM1
SIM2
SIM3
SIM4
1
21
22
SIM5
SIM1
SIM2
SIM3
SIM4
1
21
22
SIM5
SIM1
SIM2
SIM3
SIM4
1
21
22
SIM5
SIM1
SIM2
SIM3
SIM4
1
21
22
SIM5
SIM1
SIM2
SIM3
SIM4
1
21
22
SIM5
SIM1
SIM2
SIM3
SIM4
1
21
22
SIM5
SIM1
SIM2
SIM3
SIM4
1
21
22
SIM5
SIM1
SIM2
SIM3
SIM4
1
21
22
SIM5
SIM1
SIM2
SIM3
SIM4
1
21
22
SIM5
SIM1
SIM2
SIM3
SIM4
1
21
22
SIM5
SIM1
SIM2
SIM3
SIM4
1
21
22
SIM5
SIM1
SIM2
SIM3
SIM4
1
21
22
SIM5
SIM1
SIM2
SIM3
SIM4
1
21
22
SIM5
SIM1
SIM2
SIM3
SIM4
1
21
22
SIM5
SIM1
SIM2
SIM3
SIM4
1
21
22
SIM5
SIM1
SIM2
SIM3
SIM4
1
21
22
SIM5
SIM1
SIM2
SIM3
SIM4
1
21
22
SIM5
SIM1
SIM2
SIM3
SIM4
1
21
22
SIM5
SIM1
SIM2
SIM3
SIM4
1
21
22
SIM5
SIM1
SIM2
SIM3
SIM4
1
21
22
SIM5
SIM1
SIM2
SIM3
SIM4
1
21
22
SIM5
SIM1
SIM2
SIM3
SIM4
1
21
22
SIM5
SIM1
SIM2
SIM3
SIM4
1
21
22
SIM5
SIM1
SIM2
SIM3
SIM4
1
21
22
SIM5
SIM1
SIM2
SIM3
SIM4
1
21
22
SIM5
SIM1
SIM2
SIM3
SIM4
1
21
22
SIM5
SIM1
SIM2
SIM3
SIM4
1
21
22
SIM5
SIM1
SIM2
SIM3
SIM4
1
21
22
SIM5
SIM1
SIM2
SIM3
SIM4
1
21
22
SIM5
SIM1
SIM2
SIM3
SIM4
1
21
22
SIM5
SIM1
SIM2
SIM3
SIM4
1
21
22
SIM5
SIM1
SIM2
SIM3
SIM4
1
21
22
SIM5
SIM1
SIM2
SIM3
SIM4
1
21
22
SIM5
SIM1
SIM2
SIM3
SIM4
1
21
22
SIM5
SIM1
SIM2
SIM3
SIM4
1
21
22
SIM5
SIM1
SIM2
SIM3
SIM4
1
21
22
SIM5
SIM1
SIM2
SIM3
SIM4
1
21
22
SIM5
SIM1
SIM2
SIM3
SIM4
1
21
22
SIM5
SIM1
SIM2
SIM3
SIM4
1
21
22
SIM5
SIM1
SIM2
SIM3
SIM4
1
21
22
SIM5
SIM1
SIM2
SIM3
SIM4
1
21
22
SIM5
SIM1
SIM2
SIM3
SIM4
1
21
22
SIM5
SIM1
SIM2
SIM3
SIM4
1
21
22
SIM5
SIM1
SIM2
SIM3
SIM4
1
21
22
SIM5
SIM1
SIM2
SIM3
SIM4
1
21
22
SIM5
SIM1
SIM2
SIM3
SIM4
1
21
22
SIM5
SIM1
SIM2
SIM3
SIM4
1
21
22
SIM5
SIM1
SIM2
SIM3
SIM4
1
21
22
SIM5
SIM1
SIM2
SIM3
SIM4
1
21
22
SIM5
SIM1
SIM2
SIM3
SIM4
1
21
22
SIM5
SIM1
SIM2
SIM3
SIM4
1
21
22
SIM5
SIM1
SIM2
SIM3
SIM4
1
21
22
SIM5
SIM1
SIM2
SIM3
SIM4
1
21
22
SIM5
SIM1
SIM2
SIM3
SIM4
1
21
22
SIM5
SIM1
SIM2
SIM3
SIM4
1
21
22
SIM5
SIM1
SIM2
SIM3
SIM4
1
21
22
SIM5
SIM1
SIM2
SIM3
SIM4
1
21
22
SIM5
SIM1
SIM2
SIM3
SIM4
1
21
22
SIM5
SIM1
SIM2
SIM3
SIM4
1
21
22
SIM5
SIM1
SIM2
SIM3
SIM4
1
21
22
SIM5
SIM1
SIM2
SIM3
SIM4
1
21
22
SIM5
SIM1
SIM2
SIM3
SIM4
1
21
22
SIM5
SIM1
SIM2
SIM3
SIM4
1
21
22
SIM5
SIM1
SIM2
SIM3
SIM4
1
21
22
SIM5
SIM1
SIM2
SIM3
SIM4
1
21
22
SIM5
SIM1
SIM2
SIM3
SIM4
1
21
22
SIM5
SIM1
SIM2
SIM3
SIM4
1
21
22
SIM5
SIM1
SIM2
SIM3
SIM4
1
21
22
SIM5
SIM1
SIM2
DEBUG 1 669
SIM1
SIM2
SIM3
SIM4
1
21
22
SIM5
SIM1
SIM2
SIM3
SIM4
1
21
22
SIM5
SIM1
SIM2
SIM3
SIM4
1
21
22
SIM5
SIM1
SIM2
SIM3
SIM4
1
21
22
SIM5
SIM1
SIM2
SIM3
SIM4
1
21
22
SIM5
SIM1
SIM2
SIM3
SIM4
1
21
22
SIM5
SIM1
SIM2
SIM3
SIM4
1
21
22
SIM5
SIM1
SIM2
SIM3
SIM4
1
21
22
SIM5
SIM1
SIM2
SIM3
SIM4
1
21
22
SIM5
SIM1
SIM2
SIM3
SIM4
1
21
22
SIM5
SIM1
SIM2
SIM3
SIM4
1
21
22
SIM5
SIM1
SIM2
SIM3
SIM4
1
21
22
SIM5
SIM1
SIM2
SIM3
SIM4
1
21
22
SIM5
SIM1
SIM2
SIM3
SIM4
1
21
22
SIM5
SIM1
SIM2
SIM3
SIM4
1
21
22
SIM5
SIM1
SIM2
SIM3
SIM4
1
21
22
SIM5
SIM1
SIM2
SIM3
SIM4
1
21
22
SIM5
SIM1
SIM2
SIM3
SIM4
1
21
22
SIM5
SIM1
SIM2
SIM3
SIM4
1
21
22
SIM5
SIM1
SIM2
SIM3
SIM4
1
21
22
SIM5
SIM1
SIM2
SIM3
SIM4
1
21
22
SIM5
SIM1
SIM2
SIM3
SIM4
1
21
22
SIM5
SIM1
SIM2
SIM3
SIM4
1
21
22
SIM5
SIM1
SIM2
SIM3
SIM4
1
21
22
SIM5
SIM1
SIM2
SIM3
SIM4
1
21
22
SIM5
SIM1
SIM2
SIM3
SIM4
1
21
22
SIM5
SIM1
SIM2
SIM3
SIM4
1
21
22
SIM5
SIM1
SIM2
SIM3
SIM4
1
21
22
SIM5
SIM1
SIM2
SIM3
SIM4
1
21
22
SIM5
SIM1
SIM2
SIM3
SIM4
1
21
22
SIM5
SIM1
SIM2
SIM3
SIM4
1
21
22
SIM5
SIM1
SIM2
SIM3
SIM4
1
21
22
SIM5
SIM1
SIM2
SIM3
SIM4
1
21
22
SIM5
SIM1
SIM2
SIM3
SIM4
1
21
22
SIM5
SIM1
SIM2
SIM3
SIM4
1
21
22
SIM5
SIM1
SIM2
SIM3
SIM4
1
21
22
SIM5
SIM1
SIM2
SIM3
SIM4
1
21
22
SIM5
SIM1
SIM2
SIM3
SIM4
1
21
22
SIM5
SIM1
SIM2
SIM3
SIM4
1
21
22
SIM5
SIM1
SIM2
SIM3
SIM4
1
21
22
SIM5
SIM1
SIM2
SIM3
SIM4
1
21
22
SIM5
SIM1
SIM2
SIM3
SIM4
1
21
22
SIM5
SIM1
SIM2
SIM3
SIM4
1
21
22
SIM5
SIM1
SIM2
SIM3
SIM4
1
21
22
SIM5
SIM1
SIM2
SIM3
SIM4
1
21
22
SIM5
SIM1
SIM2
SIM3
SIM4
1
21
22
SIM5
SIM1
SIM2
SIM3
SIM4
1
21
22
SIM5
SIM1
SIM2
SIM3
SIM4
1
21
22
SIM5
SIM1
SIM2
SIM3
SIM4
1
21
22
SIM5
SIM1
SIM2
SIM3
SIM4
1
21
22
SIM5
SIM1
SIM2
SIM3
SIM4
1
21
22
SIM5
SIM1
SIM2
SIM3
SIM4
1
21
22
SIM5
SIM1
SIM2
SIM3
SIM4
1
21
22
SIM5
SIM1
SIM2
SIM3
SIM4
1
21
22
SIM5
SIM1
SIM2
SIM3
SIM4
1
21
22
SIM5
SIM1
SIM2
SIM3
SIM4
1
21
22
SIM5
SIM1
SIM2
SIM3
SIM4
1
21
22
SIM5
SIM1
SIM2
SIM3
SIM4
1
21
22
SIM5
SIM1
SIM2
SIM3
SIM4
1
21
22
SIM5
SIM1
SIM2
SIM3
SIM4
1
21
22
SIM5
SIM1
SIM2
SIM3
SIM4
1
21
22
SIM5
SIM1
SIM2
SIM3
SIM4
1
21
22
SIM5
SIM1
SIM2
SIM3
SIM4
1
21
22
SIM5
SIM1
SIM2
SIM3
SIM4
1
21
22
SIM5
SIM1
SIM2
SIM3
SIM4
1
21
22
SIM5
SIM1
SIM2
SIM3
SIM4
1
21
22
SIM5
SIM1
SIM2
SIM3
SIM4
1
21
22
SIM5
SIM1
SIM2
SIM3
SIM4
1
21
22
SIM5
SIM1
SIM2
SIM3
SIM4
1
21
22
SIM5
SIM1
SIM2
SIM3
SIM4
1
21
22
SIM5
SIM1
SIM2
SIM3
SIM4
1
21
22
SIM5
SIM1
SIM2
SIM3
SIM4
1
21
22
SIM5
SIM1
SIM2
SIM3
SIM4
1
21
22
SIM5
SIM1
SIM2
SIM3
SIM4
1
21
22
SIM5
SIM1
SIM2
SIM3
SIM4
1
21
22
SIM5
SIM1
SIM2
SIM3
SIM4
1
21
22
SIM5
SIM1
SIM2
SIM3
SIM4
1
21
22
SIM5
SIM1
SIM2
SIM3
SIM4
1
21
22
SIM5
SIM1
SIM2
SIM3
SIM4
1
21
22
SIM5
SIM1
SIM2
SIM3
SIM4
1
21
22
SIM5
SIM1
SIM2
SIM3
SIM4
1
21
22
SIM5
SIM1
SIM2
SIM3
SIM4
1
21
22
SIM5
SIM1
SIM2
SIM3
SIM4
1
21
22
SIM5
SIM1
SIM2
SIM3
SIM4
1
21
22
SIM5
SIM1
SIM2
SIM3
SIM4
1
21
22
SIM5
SIM1
SIM2
SIM3
SIM4
1
21
22
SIM5
SIM1
SIM2
SIM3
SIM4
1
21
22
SIM5
SIM1
SIM2
SIM3
SIM4
1
21
22
SIM5
SIM1
SIM2
SIM3
SIM4
1
21
22
SIM5
SIM1
SIM2
SIM3
SIM4
1
21
22
SIM5
SIM1
SIM2
SIM3
SIM4
1
21
22
SIM5
SIM1
SIM2
SIM3
SIM4
1
21
22
SIM5
SIM1
SIM2
SIM3
SIM4
1
21
22
SIM5
SIM1
SIM2
SIM3
SIM4
1
21
22
SIM5
SIM1
SIM2
SIM3
SIM4
1
21
22
SIM5
SIM1
SIM2
SIM3
SIM4
1
21
22
SIM5
SIM1
SIM2
SIM3
SIM4
1
21
22
SIM5
SIM1
SIM2
SIM3
SIM4
1
21
22
SIM5
SIM1
SIM2
SIM3
SIM4
1
21
22
SIM5
SIM1
SIM2
SIM3
SIM4
1
21
22
SIM5
SIM1
SIM2
SIM3
SIM4
1
21
22
SIM5
SIM1
SIM2
SIM3
SIM4
1
21
22
SIM5
SIM1
SIM2
SIM3
SIM4
1
21
22
SIM5
SIM1
SIM2
SIM3
SIM4
1
21
22
SIM5
SIM1
SIM2
SIM3
SIM4
1
21
22
SIM5
SIM1
SIM2
SIM3
SIM4
1
21
22
SIM5
SIM1
SIM2
SIM3
SIM4
1
21
22
SIM5
SIM1
SIM2
SIM3
SIM4
1
21
22
SIM5
SIM1
SIM2
SIM3
SIM4
1
21
22
SIM5
SIM1
SIM2
SIM3
SIM4
1
21
22
SIM5
SIM1
SIM2
SIM3
SIM4
1
21
22
SIM5
SIM1
SIM2
SIM3
SIM4
1
21
22
SIM5
SIM1
SIM2
SIM3
SIM4
1
21
22
SIM5
SIM1
SIM2
SIM3
SIM4
1
21
22
SIM5
SIM1
SIM2
SIM3
SIM4
1
21
22
SIM5
SIM1
SIM2
SIM3
SIM4
1
21
22
SIM5
SIM1
SIM2
SIM3
SIM4
1
21
22
SIM5
SIM1
SIM2
SIM3
SIM4
1
21
22
SIM5
SIM1
SIM2
SIM3
SIM4
1
21
22
SIM5
SIM1
SIM2
SIM3
SIM4
1
21
22
SIM5
SIM1
SIM2
SIM3
SIM4
1
21
22
SIM5
SIM1
SIM2
SIM3
SIM4
1
21
22
SIM5
SIM1
SIM2
SIM3
SIM4
1
21
22
SIM5
SIM1
SIM2
SIM3
SIM4
1
21
22
SIM5
SIM1
SIM2
SIM3
SIM4
1
21
22
SIM5
SIM1
SIM2
SIM3
SIM4
1
21
22
SIM5
SIM1
SIM2
SIM3
SIM4
1
21
22
SIM5
SIM1
SIM2
SIM3
SIM4
1
21
22
SIM5
SIM1
SIM2
SIM3
SIM4
1
21
22
SIM5
SIM1
SIM2
SIM3
SIM4
1
21
22
SIM5
SIM1
SIM2
SIM3
SIM4
1
21
22
SIM5
SIM1
SIM2
SIM3
SIM4
1
21
22
SIM5
SIM1
SIM2
SIM3
SIM4
1
21
22
SIM5
SIM1
SIM2
SIM3
SIM4
1
21
22
SIM5
SIM1
SIM2
SIM3
SIM4
1
21
22
SIM5
SIM1
SIM2
SIM3
SIM4
1
21
22
SIM5
SIM1
SIM2
SIM3
SIM4
1
21
22
SIM5
SIM1
SIM2
SIM3
SIM4
1
21
22
SIM5
SIM1
SIM2
SIM3
SIM4
1
21
22
SIM5
SIM1
SIM2
SIM3
SIM4
1
21
22
SIM5
SIM1
SIM2
SIM3
SIM4
1
21
22
SIM5
SIM1
SIM2
SIM3
SIM4
1
21
22
SIM5
SIM1
SIM2
SIM3
SIM4
1
21
22
SIM5
SIM1
SIM2
SIM3
SIM4
1
21
22
SIM5
SIM1
SIM2
SIM3
SIM4
1
21
22
SIM5
SIM1
SIM2
SIM3
SIM4
1
21
22
SIM5
SIM1
SIM2
SIM3
SIM4
1
21
22
SIM5
SIM1
SIM2
SIM3
SIM4
1
21
22
SIM5
SIM1
SIM2
SIM3
SIM4
1
21
22
SIM5
SIM1
SIM2
SIM3
SIM4
1
21
22
SIM5
SIM1
SIM2
SIM3
SIM4
1
21
22
SIM5
SIM1
SIM2
SIM3
SIM4
1
21
22
SIM5
SIM1
SIM2
SIM3
SIM4
1
21
22
SIM5
SIM1
SIM2
SIM3
SIM4
1
21
22
SIM5
SIM1
SIM2
SIM3
SIM4
1
21
22
SIM5
SIM1
SIM2
SIM3
SIM4
1
21
22
SIM5
SIM1
SIM2
SIM3
SIM4
1
21
22
SIM5
SIM1
SIM2
SIM3
SIM4
1
21
22
SIM5
SIM1
SIM2
SIM3
SIM4
1
21
22
SIM5
SIM1
SIM2
SIM3
SIM4
1
21
22
SIM5
SIM1
SIM2
SIM3
SIM4
1
21
22
SIM5
SIM1
SIM2
SIM3
SIM4
1
21
22
SIM5
SIM1
SIM2
SIM3
SIM4
1
21
22
SIM5
SIM1
SIM2
SIM3
SIM4
1
21
22
SIM5
SIM1
SIM2
SIM3
SIM4
1
21
22
SIM5
SIM1
SIM2
SIM3
SIM4
1
21
22
SIM5
SIM1
SIM2
SIM3
SIM4
1
21
22
SIM5
SIM1
SIM2
SIM3
SIM4
1
21
22
SIM5
SIM1
SIM2
SIM3
SIM4
1
21
22
SIM5
SIM1
SIM2
SIM3
SIM4
1
21
22
SIM5
SIM1
SIM2
SIM3
SIM4
1
21
22
SIM5
SIM1
SIM2
SIM3
SIM4
1
21
22
SIM5
SIM1
SIM2
SIM3
SIM4
1
21
22
SIM5
SIM1
SIM2
SIM3
SIM4
1
21
22
SIM5
SIM1
SIM2
SIM3
SIM4
1
21
22
SIM5
SIM1
SIM2
SIM3
SIM4
1
21
22
SIM5
SIM1
SIM2
SIM3
SIM4
1
21
22
SIM5
SIM1
SIM2
SIM3
SIM4
1
21
22
SIM5
SIM1
SIM2
SIM3
SIM4
1
21
22
SIM5
SIM1
SIM2
SIM3
SIM4
1
21
22
SIM5
SIM1
SIM2
SIM3
SIM4
1
21
22
SIM5
SIM1
SIM2
SIM3
SIM4
1
21
22
SIM5
SIM1
SIM2
SIM3
SIM4
1
21
22
SIM5
SIM1
SIM2
SIM3
SIM4
1
21
22
SIM5
SIM1
SIM2
SIM3
SIM4
1
21
22
SIM5
SIM1
SIM2
SIM3
SIM4
1
21
22
SIM5
SIM1
SIM2
SIM3
SIM4
1
21
22
SIM5
SIM1
SIM2
SIM3
SIM4
1
21
22
SIM5
SIM1
SIM2
SIM3
SIM4
1
21
22
SIM5
SIM1
SIM2
SIM3
SIM4
1
21
22
SIM5
SIM1
SIM2
SIM3
SIM4
1
21
22
SIM5
SIM1
SIM2
SIM3
SIM4
1
21
22
SIM5
SIM1
SIM2
SIM3
SIM4
1
21
22
SIM5
SIM1
SIM2
SIM3
SIM4
1
21
22
SIM5
SIM1
SIM2
SIM3
SIM4
1
21
22
SIM5
SIM1
SIM2
SIM3
SIM4
1
21
22
SIM5
SIM1
SIM2
SIM3
SIM4
1
21
22
SIM5
SIM1
SIM2
SIM3
SIM4
1
21
22
SIM5
SIM1
SIM2
SIM3
SIM4
1
21
22
SIM5
SIM1
SIM2
SIM3
SIM4
1
21
22
SIM5
SIM1
SIM2
SIM3
SIM4
1
21
22
SIM5
SIM1
SIM2
SIM3
SIM4
1
21
22
SIM5
SIM1
SIM2
SIM3
SIM4
1
21
22
SIM5
SIM1
SIM2
SIM3
SIM4
1
21
22
SIM5
SIM1
SIM2
SIM3
SIM4
1
21
22
SIM5
SIM1
SIM2
SIM3
SIM4
1
21
22
SIM5
SIM1
SIM2
SIM3
SIM4
1
21
22
SIM5
SIM1
SIM2
SIM3
SIM4
1
21
22
SIM5
SIM1
SIM2
DEBUG 1 670
SIM1
SIM2
SIM3
SIM4
1
21
22
SIM5
SIM1
SIM2
SIM3
SIM4
1
21
22
SIM5
SIM1
SIM2
SIM3
SIM4
1
21
22
SIM5
SIM1
SIM2
SIM3
SIM4
1
21
22
SIM5
SIM1
SIM2
SIM3
SIM4
1
21
22
SIM5
SIM1
SIM2
SIM3
SIM4
1
21
22
SIM5
SIM1
SIM2
SIM3
SIM4
1
21
22
SIM5
SIM1
SIM2
SIM3
SIM4
1
21
22
SIM5
SIM1
SIM2
SIM3
SIM4
1
21
22
SIM5
SIM1
SIM2
SIM3
SIM4
1
21
22
SIM5
SIM1
SIM2
SIM3
SIM4
1
21
22
SIM5
SIM1
SIM2
SIM3
SIM4
1
21
22
SIM5
SIM1
SIM2
SIM3
SIM4
1
21
22
SIM5
SIM1
SIM2
SIM3
SIM4
1
21
22
SIM5
SIM1
SIM2
SIM3
SIM4
1
21
22
SIM5
SIM1
SIM2
SIM3
SIM4
1
21
22
SIM5
SIM1
SIM2
SIM3
SIM4
1
21
22
SIM5
SIM1
SIM2
SIM3
SIM4
1
21
22
SIM5
SIM1
SIM2
SIM3
SIM4
1
21
22
SIM5
SIM1
SIM2
SIM3
SIM4
1
21
22
SIM5
SIM1
SIM2
SIM3
SIM4
1
21
22
SIM5
SIM1
SIM2
SIM3
SIM4
1
21
22
SIM5
SIM1
SIM2
SIM3
SIM4
1
21
22
SIM5
SIM1
SIM2
SIM3
SIM4
1
21
22
SIM5
SIM1
SIM2
SIM3
SIM4
1
21
22
SIM5
SIM1
SIM2
SIM3
SIM4
1
21
22
SIM5
SIM1
SIM2
SIM3
SIM4
1
21
22
SIM5
SIM1
SIM2
SIM3
SIM4
1
21
22
SIM5
SIM1
SIM2
SIM3
SIM4
1
21
22
SIM5
SIM1
SIM2
SIM3
SIM4
1
21
22
SIM5
SIM1
SIM2
SIM3
SIM4
1
21
22
SIM5
SIM1
SIM2
SIM3
SIM4
1
21
22
SIM5
SIM1
SIM2
SIM3
SIM4
1
21
22
SIM5
SIM1
SIM2
SIM3
SIM4
1
21
22
SIM5
SIM1
SIM2
SIM3
SIM4
1
21
22
SIM5
SIM1
SIM2
SIM3
SIM4
1
21
22
SIM5
SIM1
SIM2
SIM3
SIM4
1
21
22
SIM5
SIM1
SIM2
SIM3
SIM4
1
21
22
SIM5
SIM1
SIM2
SIM3
SIM4
1
21
22
SIM5
SIM1
SIM2
SIM3
SIM4
1
21
22
SIM5
SIM1
SIM2
SIM3
SIM4
1
21
22
SIM5
SIM1
SIM2
SIM3
SIM4
1
21
22
SIM5
SIM1
SIM2
SIM3
SIM4
1
21
22
SIM5
SIM1
SIM2
SIM3
SIM4
1
21
22
SIM5
SIM1
SIM2
SIM3
SIM4
1
21
22
SIM5
SIM1
SIM2
SIM3
SIM4
1
21
22
SIM5
SIM1
SIM2
SIM3
SIM4
1
21
22
SIM5
SIM1
SIM2
SIM3
SIM4
1
21
22
SIM5
SIM1
SIM2
SIM3
SIM4
1
21
22
SIM5
SIM1
SIM2
SIM3
SIM4
1
21
22
SIM5
SIM1
SIM2
SIM3
SIM4
1
21
22
SIM5
SIM1
SIM2
SIM3
SIM4
1
21
22
SIM5
SIM1
SIM2
SIM3
SIM4
1
21
22
SIM5
SIM1
SIM2
SIM3
SIM4
1
21
22
SIM5
SIM1
SIM2
SIM3
SIM4
1
21
22
SIM5
SIM1
SIM2
SIM3
SIM4
1
21
22
SIM5
SIM1
SIM2
SIM3
SIM4
1
21
22
SIM5
SIM1
SIM2
SIM3
SIM4
1
21
22
SIM5
SIM1
SIM2
SIM3
SIM4
1
21
22
SIM5
SIM1
SIM2
SIM3
SIM4
1
21
22
SIM5
SIM1
SIM2
SIM3
SIM4
1
21
22
SIM5
SIM1
SIM2
SIM3
SIM4
1
21
22
SIM5
SIM1
SIM2
SIM3
SIM4
1
21
22
SIM5
SIM1
SIM2
SIM3
SIM4
1
21
22
SIM5
SIM1
SIM2
SIM3
SIM4
1
21
22
SIM5
SIM1
SIM2
SIM3
SIM4
1
21
22
SIM5
SIM1
SIM2
SIM3
SIM4
1
21
22
SIM5
SIM1
SIM2
SIM3
SIM4
1
21
22
SIM5
SIM1
SIM2
SIM3
SIM4
1
21
22
SIM5
SIM1
SIM2
SIM3
SIM4
1
21
22
SIM5
SIM1
SIM2
SIM3
SIM4
1
21
22
SIM5
SIM1
SIM2
SIM3
SIM4
1
21
22
SIM5
SIM1
SIM2
SIM3
SIM4
1
21
22
SIM5
SIM1
SIM2
SIM3
SIM4
1
21
22
SIM5
SIM1
SIM2
SIM3
SIM4
1
21
22
SIM5
SIM1
SIM2
SIM3
SIM4
1
21
22
SIM5
SIM1
SIM2
SIM3
SIM4
1
21
22
SIM5
SIM1
SIM2
SIM3
SIM4
1
21
22
SIM5
SIM1
SIM2
SIM3
SIM4
1
21
22
SIM5
SIM1
SIM2
SIM3
SIM4
1
21
22
SIM5
SIM1
SIM2
SIM3
SIM4
1
21
22
SIM5
SIM1
SIM2
SIM3
SIM4
1
21
22
SIM5
SIM1
SIM2
SIM3
SIM4
1
21
22
SIM5
SIM1
SIM2
SIM3
SIM4
1
21
22
SIM5
SIM1
SIM2
SIM3
SIM4
1
21
22
SIM5
SIM1
SIM2
SIM3
SIM4
1
21
22
SIM5
SIM1
SIM2
SIM3
SIM4
1
21
22
SIM5
SIM1
SIM2
SIM3
SIM4
1
21
22
SIM5
SIM1
SIM2
SIM3
SIM4
1
21
22
SIM5
SIM1
SIM2
SIM3
SIM4
1
21
22
SIM5
SIM1
SIM2
SIM3
SIM4
1
21
22
SIM5
SIM1
SIM2
SIM3
SIM4
1
21
22
SIM5
SIM1
SIM2
SIM3
SIM4
1
21
22
SIM5
SIM1
SIM2
SIM3
SIM4
1
21
22
SIM5
SIM1
SIM2
SIM3
SIM4
1
21
22
SIM5
SIM1
SIM2
SIM3
SIM4
1
21
22
SIM5
SIM1
SIM2
SIM3
SIM4
1
21
22
SIM5
SIM1
SIM2
SIM3
SIM4
1
21
22
SIM5
SIM1
SIM2
SIM3
SIM4
1
21
22
SIM5
SIM1
SIM2
SIM3
SIM4
1
21
22
SIM5
SIM1
SIM2
SIM3
SIM4
1
21
22
SIM5
SIM1
SIM2
SIM3
SIM4
1
21
22
SIM5
SIM1
SIM2
SIM3
SIM4
1
21
22
SIM5
SIM1
SIM2
SIM3
SIM4
1
21
22
SIM5
SIM1
SIM2
SIM3
SIM4
1
21
22
SIM5
SIM1
SIM2
SIM3
SIM4
1
21
22
SIM5
SIM1
SIM2
SIM3
SIM4
1
21
22
SIM5
SIM1
SIM2
SIM3
SIM4
1
21
22
SIM5
SIM1
SIM2
SIM3
SIM4
1
21
22
SIM5
SIM1
SIM2
SIM3
SIM4
1
21
22
SIM5
SIM1
SIM2
SIM3
SIM4
1
21
22
SIM5
SIM1
SIM2
SIM3
SIM4
1
21
22
SIM5
SIM1
SIM2
SIM3
SIM4
1
21
22
SIM5
SIM1
SIM2
SIM3
SIM4
1
21
22
SIM5
SIM1
SIM2
SIM3
SIM4
1
21
22
SIM5
SIM1
SIM2
SIM3
SIM4
1
21
22
SIM5
SIM1
SIM2
SIM3
SIM4
1
21
22
SIM5
SIM1
SIM2
SIM3
SIM4
1
21
22
SIM5
SIM1
SIM2
SIM3
SIM4
1
21
22
SIM5
SIM1
SIM2
SIM3
SIM4
1
21
22
SIM5
SIM1
SIM2
SIM3
SIM4
1
21
22
SIM5
SIM1
SIM2
SIM3
SIM4
1
21
22
SIM5
SIM1
SIM2
SIM3
SIM4
1
21
22
SIM5
SIM1
SIM2
SIM3
SIM4
1
21
22
SIM5
SIM1
SIM2
SIM3
SIM4
1
21
22
SIM5
SIM1
SIM2
SIM3
SIM4
1
21
22
SIM5
SIM1
SIM2
SIM3
SIM4
1
21
22
SIM5
SIM1
SIM2
SIM3
SIM4
1
21
22
SIM5
SIM1
SIM2
SIM3
SIM4
1
21
22
SIM5
SIM1
SIM2
SIM3
SIM4
1
21
22
SIM5
SIM1
SIM2
SIM3
SIM4
1
21
22
SIM5
SIM1
SIM2
SIM3
SIM4
1
21
22
SIM5
SIM1
SIM2
SIM3
SIM4
1
21
22
SIM5
SIM1
SIM2
SIM3
SIM4
1
21
22
SIM5
SIM1
SIM2
SIM3
SIM4
1
21
22
SIM5
SIM1
SIM2
SIM3
SIM4
1
21
22
SIM5
SIM1
SIM2
SIM3
SIM4
1
21
22
SIM5
SIM1
SIM2
SIM3
SIM4
1
21
22
SIM5
SIM1
SIM2
SIM3
SIM4
1
21
22
SIM5
SIM1
SIM2
SIM3
SIM4
1
21
22
SIM5
SIM1
SIM2
SIM3
SIM4
1
21
22
SIM5
SIM1
SIM2
SIM3
SIM4
1
21
22
SIM5
SIM1
SIM2
SIM3
SIM4
1
21
22
SIM5
SIM1
SIM2
SIM3
SIM4
1
21
22
SIM5
SIM1
SIM2
SIM3
SIM4
1
21
22
SIM5
SIM1
SIM2
SIM3
SIM4
1
21
22
SIM5
SIM1
SIM2
SIM3
SIM4
1
21
22
SIM5
SIM1
SIM2
SIM3
SIM4
1
21
22
SIM5
SIM1
SIM2
SIM3
SIM4
1
21
22
SIM5
SIM1
SIM2
SIM3
SIM4
1
21
22
SIM5
SIM1
SIM2
SIM3
SIM4
1
21
22
SIM5
SIM1
SIM2
SIM3
SIM4
1
21
22
SIM5
SIM1
SIM2
SIM3
SIM4
1
21
22
SIM5
SIM1
SIM2
SIM3
SIM4
1
21
22
SIM5
SIM1
SIM2
SIM3
SIM4
1
21
22
SIM5
SIM1
SIM2
SIM3
SIM4
1
21
22
SIM5
SIM1
SIM2
SIM3
SIM4
1
21
22
SIM5
SIM1
SIM2
SIM3
SIM4
1
21
22
SIM5
SIM1
SIM2
SIM3
SIM4
1
21
22
SIM5
SIM1
SIM2
SIM3
SIM4
1
21
22
SIM5
SIM1
SIM2
SIM3
SIM4
1
21
22
SIM5
SIM1
SIM2
SIM3
SIM4
1
21
22
SIM5
SIM1
SIM2
SIM3
SIM4
1
21
22
SIM5
SIM1
SIM2
SIM3
SIM4
1
21
22
SIM5
SIM1
SIM2
SIM3
SIM4
1
21
22
SIM5
SIM1
SIM2
SIM3
SIM4
1
21
22
SIM5
SIM1
SIM2
SIM3
SIM4
1
21
22
SIM5
SIM1
SIM2
SIM3
SIM4
1
21
22
SIM5
SIM1
SIM2
SIM3
SIM4
1
21
22
SIM5
SIM1
SIM2
SIM3
SIM4
1
21
22
SIM5
SIM1
SIM2
SIM3
SIM4
1
21
22
SIM5
SIM1
SIM2
SIM3
SIM4
1
21
22
SIM5
SIM1
SIM2
SIM3
SIM4
1
21
22
SIM5
SIM1
SIM2
SIM3
SIM4
1
21
22
SIM5
SIM1
SIM2
SIM3
SIM4
1
21
22
SIM5
SIM1
SIM2
SIM3
SIM4
1
21
22
SIM5
SIM1
SIM2
SIM3
SIM4
1
21
22
SIM5
SIM1
SIM2
DEBUG 1 671
SIM1
SIM2
SIM3
SIM4
1
21
22
SIM5
SIM1
SIM2
SIM3
SIM4
1
21
22
SIM5
SIM1
SIM2
SIM3
SIM4
1
21
22
SIM5
SIM1
SIM2
SIM3
SIM4
1
21
22
SIM5
SIM1
SIM2
SIM3
SIM4
1
21
22
SIM5
SIM1
SIM2
SIM3
SIM4
1
21
22
SIM5
SIM1
SIM2
SIM3
SIM4
1
21
22
SIM5
SIM1
SIM2
SIM3
SIM4
1
21
22
SIM5
SIM1
SIM2
SIM3
SIM4
1
21
22
SIM5
SIM1
SIM2
SIM3
SIM4
1
21
22
SIM5
SIM1
SIM2
SIM3
SIM4
1
21
22
SIM5
SIM1
SIM2
SIM3
SIM4
1
21
22
SIM5
SIM1
SIM2
SIM3
SIM4
1
21
22
SIM5
SIM1
SIM2
SIM3
SIM4
1
21
22
SIM5
SIM1
SIM2
SIM3
SIM4
1
21
22
SIM5
SIM1
SIM2
SIM3
SIM4
1
21
22
SIM5
SIM1
SIM2
SIM3
SIM4
1
21
22
SIM5
SIM1
SIM2
SIM3
SIM4
1
21
22
SIM5
SIM1
SIM2
SIM3
SIM4
1
21
22
SIM5
SIM1
SIM2
SIM3
SIM4
1
21
22
SIM5
SIM1
SIM2
SIM3
SIM4
1
21
22
SIM5
SIM1
SIM2
SIM3
SIM4
1
21
22
SIM5
SIM1
SIM2
SIM3
SIM4
1
21
22
SIM5
SIM1
SIM2
SIM3
SIM4
1
21
22
SIM5
SIM1
SIM2
SIM3
SIM4
1
21
22
SIM5
SIM1
SIM2
SIM3
SIM4
1
21
22
SIM5
SIM1
SIM2
SIM3
SIM4
1
21
22
SIM5
SIM1
SIM2
SIM3
SIM4
1
21
22
SIM5
SIM1
SIM2
SIM3
SIM4
1
21
22
SIM5
SIM1
SIM2
SIM3
SIM4
1
21
22
SIM5
SIM1
SIM2
SIM3
SIM4
1
21
22
SIM5
SIM1
SIM2
SIM3
SIM4
1
21
22
SIM5
SIM1
SIM2
SIM3
SIM4
1
21
22
SIM5
SIM1
SIM2
SIM3
SIM4
1
21
22
SIM5
SIM1
SIM2
SIM3
SIM4
1
21
22
SIM5
SIM1
SIM2
SIM3
SIM4
1
21
22
SIM5
SIM1
SIM2
SIM3
SIM4
1
21
22
SIM5
SIM1
SIM2
SIM3
SIM4
1
21
22
SIM5
SIM1
SIM2
SIM3
SIM4
1
21
22
SIM5
SIM1
SIM2
SIM3
SIM4
1
21
22
SIM5
SIM1
SIM2
SIM3
SIM4
1
21
22
SIM5
SIM1
SIM2
SIM3
SIM4
1
21
22
SIM5
SIM1
SIM2
SIM3
SIM4
1
21
22
SIM5
SIM1
SIM2
SIM3
SIM4
1
21
22
SIM5
SIM1
SIM2
SIM3
SIM4
1
21
22
SIM5
SIM1
SIM2
SIM3
SIM4
1
21
22
SIM5
SIM1
SIM2
SIM3
SIM4
1
21
22
SIM5
SIM1
SIM2
SIM3
SIM4
1
21
22
SIM5
SIM1
SIM2
SIM3
SIM4
1
21
22
SIM5
SIM1
SIM2
SIM3
SIM4
1
21
22
SIM5
SIM1
SIM2
SIM3
SIM4
1
21
22
SIM5
SIM1
SIM2
SIM3
SIM4
1
21
22
SIM5
SIM1
SIM2
SIM3
SIM4
1
21
22
SIM5
SIM1
SIM2
SIM3
SIM4
1
21
22
SIM5
SIM1
SIM2
SIM3
SIM4
1
21
22
SIM5
SIM1
SIM2
SIM3
SIM4
1
21
22
SIM5
SIM1
SIM2
SIM3
SIM4
1
21
22
SIM5
SIM1
SIM2
SIM3
SIM4
1
21
22
SIM5
SIM1
SIM2
SIM3
SIM4
1
21
22
SIM5
SIM1
SIM2
SIM3
SIM4
1
21
22
SIM5
SIM1
SIM2
SIM3
SIM4
1
21
22
SIM5
SIM1
SIM2
SIM3
SIM4
1
21
22
SIM5
SIM1
SIM2
SIM3
SIM4
1
21
22
SIM5
SIM1
SIM2
SIM3
SIM4
1
21
22
SIM5
SIM1
SIM2
SIM3
SIM4
1
21
22
SIM5
SIM1
SIM2
SIM3
SIM4
1
21
22
SIM5
SIM1
SIM2
SIM3
SIM4
1
21
22
SIM5
SIM1
SIM2
SIM3
SIM4
1
21
22
SIM5
SIM1
SIM2
SIM3
SIM4
1
21
22
SIM5
SIM1
SIM2
SIM3
SIM4
1
21
22
SIM5
SIM1
SIM2
SIM3
SIM4
1
21
22
SIM5
SIM1
SIM2
SIM3
SIM4
1
21
22
SIM5
SIM1
SIM2
SIM3
SIM4
1
21
22
SIM5
SIM1
SIM2
SIM3
SIM4
1
21
22
SIM5
SIM1
SIM2
SIM3
SIM4
1
21
22
SIM5
SIM1
SIM2
SIM3
SIM4
1
21
22
SIM5
SIM1
SIM2
SIM3
SIM4
1
21
22
SIM5
SIM1
SIM2
SIM3
SIM4
1
21
22
SIM5
SIM1
SIM2
SIM3
SIM4
1
21
22
SIM5
SIM1
SIM2
SIM3
SIM4
1
21
22
SIM5
SIM1
SIM2
SIM3
SIM4
1
21
22
SIM5
SIM1
SIM2
SIM3
SIM4
1
21
22
SIM5
SIM1
SIM2
SIM3
SIM4
1
21
22
SIM5
SIM1
SIM2
SIM3
SIM4
1
21
22
SIM5
SIM1
SIM2
SIM3
SIM4
1
21
22
SIM5
SIM1
SIM2
SIM3
SIM4
1
21
22
SIM5
SIM1
SIM2
SIM3
SIM4
1
21
22
SIM5
SIM1
SIM2
SIM3
SIM4
1
21
22
SIM5
SIM1
SIM2
SIM3
SIM4
1
21
22
SIM5
SIM1
SIM2
SIM3
SIM4
1
21
22
SIM5
SIM1
SIM2
SIM3
SIM4
1
21
22
SIM5
SIM1
SIM2
SIM3
SIM4
1
21
22
SIM5
SIM1
SIM2
SIM3
SIM4
1
21
22
SIM5
SIM1
SIM2
SIM3
SIM4
1
21
22
SIM5
SIM1
SIM2
SIM3
SIM4
1
21
22
SIM5
SIM1
SIM2
SIM3
SIM4
1
21
22
SIM5
SIM1
SIM2
SIM3
SIM4
1
21
22
SIM5
SIM1
SIM2
SIM3
SIM4
1
21
22
SIM5
SIM1
SIM2
SIM3
SIM4
1
21
22
SIM5
SIM1
SIM2
SIM3
SIM4
1
21
22
SIM5
SIM1
SIM2
SIM3
SIM4
1
21
22
SIM5
SIM1
SIM2
SIM3
SIM4
1
21
22
SIM5
SIM1
SIM2
SIM3
SIM4
1
21
22
SIM5
SIM1
SIM2
SIM3
SIM4
1
21
22
SIM5
SIM1
SIM2
SIM3
SIM4
1
21
22
SIM5
SIM1
SIM2
SIM3
SIM4
1
21
22
SIM5
SIM1
SIM2
SIM3
SIM4
1
21
22
SIM5
SIM1
SIM2
SIM3
SIM4
1
21
22
SIM5
SIM1
SIM2
SIM3
SIM4
1
21
22
SIM5
SIM1
SIM2
SIM3
SIM4
1
21
22
SIM5
SIM1
SIM2
SIM3
SIM4
1
21
22
SIM5
SIM1
SIM2
SIM3
SIM4
1
21
22
SIM5
SIM1
SIM2
SIM3
SIM4
1
21
22
SIM5
SIM1
SIM2
SIM3
SIM4
1
21
22
SIM5
SIM1
SIM2
SIM3
SIM4
1
21
22
SIM5
SIM1
SIM2
SIM3
SIM4
1
21
22
SIM5
SIM1
SIM2
SIM3
SIM4
1
21
22
SIM5
SIM1
SIM2
SIM3
SIM4
1
21
22
SIM5
SIM1
SIM2
SIM3
SIM4
1
21
22
SIM5
SIM1
SIM2
SIM3
SIM4
1
21
22
SIM5
SIM1
SIM2
SIM3
SIM4
1
21
22
SIM5
SIM1
SIM2
SIM3
SIM4
1
21
22
SIM5
SIM1
SIM2
SIM3
SIM4
1
21
22
SIM5
SIM1
SIM2
SIM3
SIM4
1
21
22
SIM5
SIM1
SIM2
SIM3
SIM4
1
21
22
SIM5
SIM1
SIM2
SIM3
SIM4
1
21
22
SIM5
SIM1
SIM2
SIM3
SIM4
1
21
22
SIM5
SIM1
SIM2
SIM3
SIM4
1
21
22
SIM5
SIM1
SIM2
SIM3
SIM4
1
21
22
SIM5
SIM1
SIM2
SIM3
SIM4
1
21
22
SIM5
SIM1
SIM2
SIM3
SIM4
1
21
22
SIM5
SIM1
SIM2
SIM3
SIM4
1
21
22
SIM5
SIM1
SIM2
SIM3
SIM4
1
21
22
SIM5
SIM1
SIM2
SIM3
SIM4
1
21
22
SIM5
SIM1
SIM2
SIM3
SIM4
1
21
22
SIM5
SIM1
SIM2
SIM3
SIM4
1
21
22
SIM5
SIM1
SIM2
SIM3
SIM4
1
21
22
SIM5
SIM1
SIM2
SIM3
SIM4
1
21
22
SIM5
SIM1
SIM2
SIM3
SIM4
1
21
22
SIM5
SIM1
SIM2
SIM3
SIM4
1
21
22
SIM5
SIM1
SIM2
SIM3
SIM4
1
21
22
SIM5
SIM1
SIM2
SIM3
SIM4
1
21
22
SIM5
SIM1
SIM2
SIM3
SIM4
1
21
22
SIM5
SIM1
SIM2
SIM3
SIM4
1
21
22
SIM5
SIM1
SIM2
SIM3
SIM4
1
21
22
SIM5
SIM1
SIM2
SIM3
SIM4
1
21
22
SIM5
SIM1
SIM2
SIM3
SIM4
1
21
22
SIM5
SIM1
SIM2
SIM3
SIM4
1
21
22
SIM5
SIM1
SIM2
SIM3
SIM4
1
21
22
SIM5
SIM1
SIM2
SIM3
SIM4
1
21
22
SIM5
SIM1
SIM2
SIM3
SIM4
1
21
22
SIM5
SIM1
SIM2
SIM3
SIM4
1
21
22
SIM5
SIM1
SIM2
SIM3
SIM4
1
21
22
SIM5
SIM1
SIM2
SIM3
SIM4
1
21
22
SIM5
SIM1
SIM2
SIM3
SIM4
1
21
22
SIM5
SIM1
SIM2
SIM3
SIM4
1
21
22
SIM5
SIM1
SIM2
SIM3
SIM4
1
21
22
SIM5
SIM1
SIM2
SIM3
SIM4
1
21
22
SIM5
SIM1
SIM2
SIM3
SIM4
1
21
22
SIM5
SIM1
SIM2
SIM3
SIM4
1
21
22
SIM5
SIM1
SIM2
SIM3
SIM4
1
21
22
SIM5
SIM1
SIM2
SIM3
SIM4
1
21
22
SIM5
SIM1
SIM2
SIM3
SIM4
1
21
22
SIM5
SIM1
SIM2
SIM3
SIM4
1
21
22
SIM5
SIM1
SIM2
SIM3
SIM4
1
21
22
SIM5
SIM1
SIM2
SIM3
SIM4
1
21
22
SIM5
SIM1
SIM2
SIM3
SIM4
1
21
22
SIM5
SIM1
SIM2
SIM3
SIM4
1
21
22
SIM5
SIM1
SIM2
SIM3
SIM4
1
21
22
SIM5
SIM1
SIM2
SIM3
SIM4
1
21
22
SIM5
SIM1
SIM2
SIM3
SIM4
1
21
22
SIM5
SIM1
SIM2
SIM3
SIM4
1
21
22
SIM5
SIM1
SIM2
SIM3
SIM4
1
21
22
SIM5
SIM1
SIM2
SIM3
SIM4
1
21
22
SIM5
SIM1
SIM2
SIM3
SIM4
1
21
22
SIM5
SIM1
SIM2
SIM3
SIM4
1
21
22
SIM5
SIM1
SIM2
SIM3
SIM4
1
21
22
SIM5
SIM1
SIM2
SIM3
SIM4
1
21
22
SIM5
SIM1
SIM2
SIM3
SIM4
1
21
22
SIM5
SIM1
SIM2
SIM3
SIM4
1
21
22
SIM5
SIM1
SIM2
SIM3
SIM4
1
21
22
SIM5
SIM1
SIM2
SIM3
SIM4
1
21
22
SIM5
SIM1
SIM2
SIM3
SIM4
1
21
22
SIM5
SIM1
SIM2
SIM3
SIM4
1
21
22
SIM5
SIM1
SIM2
SIM3
SIM4
1
21
22
SIM5
SIM1
SIM2
SIM3
SIM4
1
21
22
SIM5
SIM1
SIM2
SIM3
SIM4
1
21
22
SIM5
SIM1
SIM2
SIM3
SIM4
1
21
22
SIM5
SIM1
SIM2
SIM3
SIM4
1
21
22
SIM5
SIM1
SIM2
SIM3
SIM4
1
21
22
SIM5
SIM1
SIM2
SIM3
SIM4
1
21
22
SIM5
SIM1
SIM2
DEBUG 1 672
SIM1
SIM2
SIM3
SIM4
1
21
22
SIM5
SIM1
SIM2
SIM3
SIM4
1
21
22
SIM5
SIM1
SIM2
SIM3
SIM4
1
21
22
SIM5
SIM1
SIM2
SIM3
SIM4
1
21
22
SIM5
SIM1
SIM2
SIM3
SIM4
1
21
22
SIM5
SIM1
SIM2
SIM3
SIM4
1
21
22
SIM5
SIM1
SIM2
SIM3
SIM4
1
21
22
SIM5
SIM1
SIM2
SIM3
SIM4
1
21
22
SIM5
SIM1
SIM2
SIM3
SIM4
1
21
22
SIM5
SIM1
SIM2
SIM3
SIM4
1
21
22
SIM5
SIM1
SIM2
SIM3
SIM4
1
21
22
SIM5
SIM1
SIM2
SIM3
SIM4
1
21
22
SIM5
SIM1
SIM2
SIM3
SIM4
1
21
22
SIM5
SIM1
SIM2
SIM3
SIM4
1
21
22
SIM5
SIM1
SIM2
SIM3
SIM4
1
21
22
SIM5
SIM1
SIM2
SIM3
SIM4
1
21
22
SIM5
SIM1
SIM2
SIM3
SIM4
1
21
22
SIM5
SIM1
SIM2
SIM3
SIM4
1
21
22
SIM5
SIM1
SIM2
SIM3
SIM4
1
21
22
SIM5
SIM1
SIM2
SIM3
SIM4
1
21
22
SIM5
SIM1
SIM2
SIM3
SIM4
1
21
22
SIM5
SIM1
SIM2
SIM3
SIM4
1
21
22
SIM5
SIM1
SIM2
SIM3
SIM4
1
21
22
SIM5
SIM1
SIM2
SIM3
SIM4
1
21
22
SIM5
SIM1
SIM2
SIM3
SIM4
1
21
22
SIM5
SIM1
SIM2
SIM3
SIM4
1
21
22
SIM5
SIM1
SIM2
SIM3
SIM4
1
21
22
SIM5
SIM1
SIM2
SIM3
SIM4
1
21
22
SIM5
SIM1
SIM2
SIM3
SIM4
1
21
22
SIM5
SIM1
SIM2
SIM3
SIM4
1
21
22
SIM5
SIM1
SIM2
SIM3
SIM4
1
21
22
SIM5
SIM1
SIM2
SIM3
SIM4
1
21
22
SIM5
SIM1
SIM2
SIM3
SIM4
1
21
22
SIM5
SIM1
SIM2
SIM3
SIM4
1
21
22
SIM5
SIM1
SIM2
SIM3
SIM4
1
21
22
SIM5
SIM1
SIM2
SIM3
SIM4
1
21
22
SIM5
SIM1
SIM2
SIM3
SIM4
1
21
22
SIM5
SIM1
SIM2
SIM3
SIM4
1
21
22
SIM5
SIM1
SIM2
SIM3
SIM4
1
21
22
SIM5
SIM1
SIM2
SIM3
SIM4
1
21
22
SIM5
SIM1
SIM2
SIM3
SIM4
1
21
22
SIM5
SIM1
SIM2
SIM3
SIM4
1
21
22
SIM5
SIM1
SIM2
SIM3
SIM4
1
21
22
SIM5
SIM1
SIM2
SIM3
SIM4
1
21
22
SIM5
SIM1
SIM2
SIM3
SIM4
1
21
22
SIM5
SIM1
SIM2
SIM3
SIM4
1
21
22
SIM5
SIM1
SIM2
SIM3
SIM4
1
21
22
SIM5
SIM1
SIM2
SIM3
SIM4
1
21
22
SIM5
SIM1
SIM2
SIM3
SIM4
1
21
22
SIM5
SIM1
SIM2
SIM3
SIM4
1
21
22
SIM5
SIM1
SIM2
SIM3
SIM4
1
21
22
SIM5
SIM1
SIM2
SIM3
SIM4
1
21
22
SIM5
SIM1
SIM2
SIM3
SIM4
1
21
22
SIM5
SIM1
SIM2
SIM3
SIM4
1
21
22
SIM5
SIM1
SIM2
SIM3
SIM4
1
21
22
SIM5
SIM1
SIM2
SIM3
SIM4
1
21
22
SIM5
SIM1
SIM2
SIM3
SIM4
1
21
22
SIM5
SIM1
SIM2
SIM3
SIM4
1
21
22
SIM5
SIM1
SIM2
SIM3
SIM4
1
21
22
SIM5
SIM1
SIM2
SIM3
SIM4
1
21
22
SIM5
SIM1
SIM2
SIM3
SIM4
1
21
22
SIM5
SIM1
SIM2
SIM3
SIM4
1
21
22
SIM5
SIM1
SIM2
SIM3
SIM4
1
21
22
SIM5
SIM1
SIM2
SIM3
SIM4
1
21
22
SIM5
SIM1
SIM2
SIM3
SIM4
1
21
22
SIM5
SIM1
SIM2
SIM3
SIM4
1
21
22
SIM5
SIM1
SIM2
SIM3
SIM4
1
21
22
SIM5
SIM1
SIM2
SIM3
SIM4
1
21
22
SIM5
SIM1
SIM2
SIM3
SIM4
1
21
22
SIM5
SIM1
SIM2
SIM3
SIM4
1
21
22
SIM5
SIM1
SIM2
SIM3
SIM4
1
21
22
SIM5
SIM1
SIM2
SIM3
SIM4
1
21
22
SIM5
SIM1
SIM2
SIM3
SIM4
1
21
22
SIM5
SIM1
SIM2
SIM3
SIM4
1
21
22
SIM5
SIM1
SIM2
SIM3
SIM4
1
21
22
SIM5
SIM1
SIM2
SIM3
SIM4
1
21
22
SIM5
SIM1
SIM2
SIM3
SIM4
1
21
22
SIM5
SIM1
SIM2
SIM3
SIM4
1
21
22
SIM5
SIM1
SIM2
SIM3
SIM4
1
21
22
SIM5
SIM1
SIM2
SIM3
SIM4
1
21
22
SIM5
SIM1
SIM2
SIM3
SIM4
1
21
22
SIM5
SIM1
SIM2
SIM3
SIM4
1
21
22
SIM5
SIM1
SIM2
SIM3
SIM4
1
21
22
SIM5
SIM1
SIM2
SIM3
SIM4
1
21
22
SIM5
SIM1
SIM2
SIM3
SIM4
1
21
22
SIM5
SIM1
SIM2
SIM3
SIM4
1
21
22
SIM5
SIM1
SIM2
SIM3
SIM4
1
21
22
SIM5
SIM1
SIM2
SIM3
SIM4
1
21
22
SIM5
SIM1
SIM2
SIM3
SIM4
1
21
22
SIM5
SIM1
SIM2
SIM3
SIM4
1
21
22
SIM5
SIM1
SIM2
SIM3
SIM4
1
21
22
SIM5
SIM1
SIM2
SIM3
SIM4
1
21
22
SIM5
SIM1
SIM2
SIM3
SIM4
1
21
22
SIM5
SIM1
SIM2
SIM3
SIM4
1
21
22
SIM5
SIM1
SIM2
SIM3
SIM4
1
21
22
SIM5
SIM1
SIM2
SIM3
SIM4
1
21
22
SIM5
SIM1
SIM2
SIM3
SIM4
1
21
22
SIM5
SIM1
SIM2
SIM3
SIM4
1
21
22
SIM5
SIM1
SIM2
SIM3
SIM4
1
21
22
SIM5
SIM1
SIM2
SIM3
SIM4
1
21
22
SIM5
SIM1
SIM2
SIM3
SIM4
1
21
22
SIM5
SIM1
SIM2
SIM3
SIM4
1
21
22
SIM5
SIM1
SIM2
SIM3
SIM4
1
21
22
SIM5
SIM1
SIM2
SIM3
SIM4
1
21
22
SIM5
SIM1
SIM2
SIM3
SIM4
1
21
22
SIM5
SIM1
SIM2
SIM3
SIM4
1
21
22
SIM5
SIM1
SIM2
SIM3
SIM4
1
21
22
SIM5
SIM1
SIM2
SIM3
SIM4
1
21
22
SIM5
SIM1
SIM2
SIM3
SIM4
1
21
22
SIM5
SIM1
SIM2
SIM3
SIM4
1
21
22
SIM5
SIM1
SIM2
SIM3
SIM4
1
21
22
SIM5
SIM1
SIM2
SIM3
SIM4
1
21
22
SIM5
SIM1
SIM2
SIM3
SIM4
1
21
22
SIM5
SIM1
SIM2
SIM3
SIM4
1
21
22
SIM5
SIM1
SIM2
SIM3
SIM4
1
21
22
SIM5
SIM1
SIM2
SIM3
SIM4
1
21
22
SIM5
SIM1
SIM2
SIM3
SIM4
1
21
22
SIM5
SIM1
SIM2
SIM3
SIM4
1
21
22
SIM5
SIM1
SIM2
SIM3
SIM4
1
21
22
SIM5
SIM1
SIM2
SIM3
SIM4
1
21
22
SIM5
SIM1
SIM2
SIM3
SIM4
1
21
22
SIM5
SIM1
SIM2
SIM3
SIM4
1
21
22
SIM5
SIM1
SIM2
SIM3
SIM4
1
21
22
SIM5
SIM1
SIM2
SIM3
SIM4
1
21
22
SIM5
SIM1
SIM2
SIM3
SIM4
1
21
22
SIM5
SIM1
SIM2
SIM3
SIM4
1
21
22
SIM5
SIM1
SIM2
SIM3
SIM4
1
21
22
SIM5
SIM1
SIM2
SIM3
SIM4
1
21
22
SIM5
SIM1
SIM2
SIM3
SIM4
1
21
22
SIM5
SIM1
SIM2
SIM3
SIM4
1
21
22
SIM5
SIM1
SIM2
SIM3
SIM4
1
21
22
SIM5
SIM1
SIM2
SIM3
SIM4
1
21
22
SIM5
SIM1
SIM2
SIM3
SIM4
1
21
22
SIM5
SIM1
SIM2
SIM3
SIM4
1
21
22
SIM5
SIM1
SIM2
SIM3
SIM4
1
21
22
SIM5
SIM1
SIM2
SIM3
SIM4
1
21
22
SIM5
SIM1
SIM2
SIM3
SIM4
1
21
22
SIM5
SIM1
SIM2
SIM3
SIM4
1
21
22
SIM5
SIM1
SIM2
SIM3
SIM4
1
21
22
SIM5
SIM1
SIM2
SIM3
SIM4
1
21
22
SIM5
SIM1
SIM2
SIM3
SIM4
1
21
22
SIM5
SIM1
SIM2
SIM3
SIM4
1
21
22
SIM5
SIM1
SIM2
SIM3
SIM4
1
21
22
SIM5
SIM1
SIM2
SIM3
SIM4
1
21
22
SIM5
SIM1
SIM2
SIM3
SIM4
1
21
22
SIM5
SIM1
SIM2
SIM3
SIM4
1
21
22
SIM5
SIM1
SIM2
SIM3
SIM4
1
21
22
SIM5
SIM1
SIM2
SIM3
SIM4
1
21
22
SIM5
SIM1
SIM2
SIM3
SIM4
1
21
22
SIM5
SIM1
SIM2
SIM3
SIM4
1
21
22
SIM5
SIM1
SIM2
SIM3
SIM4
1
21
22
SIM5
SIM1
SIM2
SIM3
SIM4
1
21
22
SIM5
SIM1
SIM2
SIM3
SIM4
1
21
22
SIM5
SIM1
SIM2
SIM3
SIM4
1
21
22
SIM5
SIM1
SIM2
SIM3
SIM4
1
21
22
SIM5
SIM1
SIM2
SIM3
SIM4
1
21
22
SIM5
SIM1
SIM2
SIM3
SIM4
1
21
22
SIM5
SIM1
SIM2
SIM3
SIM4
1
21
22
SIM5
SIM1
SIM2
SIM3
SIM4
1
21
22
SIM5
SIM1
SIM2
SIM3
SIM4
1
21
22
SIM5
SIM1
SIM2
SIM3
SIM4
1
21
22
SIM5
SIM1
SIM2
SIM3
SIM4
1
21
22
SIM5
SIM1
SIM2
SIM3
SIM4
1
21
22
SIM5
SIM1
SIM2
SIM3
SIM4
1
21
22
SIM5
SIM1
SIM2
SIM3
SIM4
1
21
22
SIM5
SIM1
SIM2
SIM3
SIM4
1
21
22
SIM5
SIM1
SIM2
SIM3
SIM4
1
21
22
SIM5
SIM1
SIM2
SIM3
SIM4
1
21
22
SIM5
SIM1
SIM2
SIM3
SIM4
1
21
22
SIM5
SIM1
SIM2
SIM3
SIM4
1
21
22
SIM5
SIM1
SIM2
SIM3
SIM4
1
21
22
SIM5
SIM1
SIM2
SIM3
SIM4
1
21
22
SIM5
SIM1
SIM2
SIM3
SIM4
1
21
22
SIM5
SIM1
SIM2
SIM3
SIM4
1
21
22
SIM5
SIM1
SIM2
SIM3
SIM4
1
21
22
SIM5
SIM1
SIM2
SIM3
SIM4
1
21
22
SIM5
SIM1
SIM2
SIM3
SIM4
1
21
22
SIM5
SIM1
SIM2
SIM3
SIM4
1
21
22
SIM5
SIM1
SIM2
SIM3
SIM4
1
21
22
SIM5
SIM1
SIM2
SIM3
SIM4
1
21
22
SIM5
SIM1
SIM2
SIM3
SIM4
1
21
22
SIM5
SIM1
SIM2
SIM3
SIM4
1
21
22
SIM5
SIM1
SIM2
SIM3
SIM4
1
21
22
SIM5
SIM1
SIM2
SIM3
SIM4
1
21
22
SIM5
SIM1
SIM2
SIM3
SIM4
1
21
22
SIM5
SIM1
SIM2
SIM3
SIM4
1
21
22
SIM5
SIM1
SIM2
SIM3
SIM4
1
21
22
SIM5
SIM1
SIM2
SIM3
SIM4
1
21
22
SIM5
SIM1
SIM2
SIM3
SIM4
1
21
22
SIM5
SIM1
SIM2
SIM3
SIM4
1
21
22
SIM5
SIM1
SIM2
SIM3
SIM4
1
21
22
SIM5
SIM1
SIM2
SIM3
SIM4
1
21
22
SIM5
SIM1
SIM2
SIM3
SIM4
1
21
22
SIM5
SIM1
SIM2
SIM3
SIM4
1
21
22
SIM5
SIM1
SIM2
SIM3
SIM4
1
21
22
SIM5
SIM1
SIM2
SIM3
SIM4
1
21
22
SIM5
SIM1
SIM2
SIM3
SIM4
1
21
22
SIM5
SIM1
SIM2
SIM3
SIM4
1
21
22
SIM5
SIM1
SIM2
SIM3
SIM4
1
21
22
SIM5
SIM1
SIM2
SIM3
SIM4
1
21
22
SIM5
SIM1
SIM2
SIM3
SIM4
1
21
22
SIM5
SIM1
SIM2
SIM3
SIM4
1
21
22
SIM5
SIM1
SIM2
SIM3
SIM4
1
21
22
SIM5
SIM1
SIM2
SIM3
SIM4
1
21
22
SIM5
SIM1
SIM2
SIM3
SIM4
1
21
22
SIM5
SIM1
SIM2
SIM3
SIM4
1
21
22
SIM5
SIM1
SIM2
SIM3
SIM4
1
21
22
SIM5
SIM1
SIM2
SIM3
SIM4
1
21
22
SIM5
SIM1
SIM2
SIM3
SIM4
1
21
22
SIM5
SIM1
SIM2
SIM3
SIM4
1
21
22
SIM5
SIM1
SIM2
SIM3
SIM4
1
21
22
SIM5
SIM1
SIM2
SIM3
SIM4
1
21
22
SIM5
SIM1
SIM2
SIM3
SIM4
1
21
22
SIM5
SIM1
SIM2
SIM3
SIM4
1
21
22
SIM5
SIM1
SIM2
SIM3
SIM4
1
21
22
SIM5
SIM1
SIM2
SIM3
SIM4
1
21
22
SIM5
SIM1
SIM2
SIM3
SIM4
1
21
22
SIM5
SIM1
SIM2
SIM3
SIM4
1
21
22
SIM5
SIM1
SIM2
SIM3
SIM4
1
21
22
SIM5
SIM1
SIM2
SIM3
SIM4
1
21
22
SIM5
SIM1
SIM2
SIM3
SIM4
1
21
22
SIM5
SIM1
SIM2
SIM3
SIM4
1
21
22
SIM5
SIM1
SIM2
SIM3
SIM4
1
21
22
SIM5
SIM1
SIM2
SIM3
SIM4
1
21
22
SIM5
SIM1
SIM2
SIM3
SIM4
1
21
22
SIM5
SIM1
SIM2
SIM3
SIM4
1
21
22
SIM5
SIM1
SIM2
SIM3
SIM4
1
21
22
SIM5
SIM1
SIM2
SIM3
SIM4
1
21
22
SIM5
SIM1
SIM2
SIM3
SIM4
1
21
22
SIM5
SIM1
SIM2
SIM3
SIM4
1
21
22
SIM5
SIM1
SIM2
SIM3
SIM4
1
21
22
SIM5
SIM1
SIM2
SIM3
SIM4
1
21
22
SIM5
SIM1
SIM2
SIM3
SIM4
1
21
22
SIM5
SIM1
SIM2
SIM3
SIM4
1
21
22
SIM5
SIM1
SIM2
SIM3
SIM4
1
21
22
SIM5
SIM1
SIM2
SIM3
SIM4
1
21
22
SIM5
SIM1
SIM2
SIM3
SIM4
1
21
22
SIM5
SIM1
SIM2
SIM3
SIM4
1
21
22
SIM5
SIM1
SIM2
SIM3
SIM4
1
21
22
SIM5
SIM1
SIM2
SIM3
SIM4
1
21
22
SIM5
SIM1
SIM2
SIM3
SIM4
1
21
22
SIM5
SIM1
SIM2
DEBUG 1 673
SIM1
SIM2
SIM3
SIM4
1
21
22
SIM5
SIM1
SIM2
SIM3
SIM4
1
21
22
SIM5
SIM1
SIM2
SIM3
SIM4
1
21
22
SIM5
SIM1
SIM2
SIM3
SIM4
1
21
22
SIM5
SIM1
SIM2
SIM3
SIM4
1
21
22
SIM5
SIM1
SIM2
SIM3
SIM4
1
21
22
SIM5
SIM1
SIM2
SIM3
SIM4
1
21
22
SIM5
SIM1
SIM2
SIM3
SIM4
1
21
22
SIM5
SIM1
SIM2
SIM3
SIM4
1
21
22
SIM5
SIM1
SIM2
SIM3
SIM4
1
21
22
SIM5
SIM1
SIM2
SIM3
SIM4
1
21
22
SIM5
SIM1
SIM2
SIM3
SIM4
1
21
22
SIM5
SIM1
SIM2
SIM3
SIM4
1
21
22
SIM5
SIM1
SIM2
SIM3
SIM4
1
21
22
SIM5
SIM1
SIM2
SIM3
SIM4
1
21
22
SIM5
SIM1
SIM2
SIM3
SIM4
1
21
22
SIM5
SIM1
SIM2
SIM3
SIM4
1
21
22
SIM5
SIM1
SIM2
SIM3
SIM4
1
21
22
SIM5
SIM1
SIM2
SIM3
SIM4
1
21
22
SIM5
SIM1
SIM2
SIM3
SIM4
1
21
22
SIM5
SIM1
SIM2
SIM3
SIM4
1
21
22
SIM5
SIM1
SIM2
SIM3
SIM4
1
21
22
SIM5
SIM1
SIM2
SIM3
SIM4
1
21
22
SIM5
SIM1
SIM2
SIM3
SIM4
1
21
22
SIM5
SIM1
SIM2
SIM3
SIM4
1
21
22
SIM5
SIM1
SIM2
SIM3
SIM4
1
21
22
SIM5
SIM1
SIM2
SIM3
SIM4
1
21
22
SIM5
SIM1
SIM2
SIM3
SIM4
1
21
22
SIM5
SIM1
SIM2
SIM3
SIM4
1
21
22
SIM5
SIM1
SIM2
SIM3
SIM4
1
21
22
SIM5
SIM1
SIM2
SIM3
SIM4
1
21
22
SIM5
SIM1
SIM2
SIM3
SIM4
1
21
22
SIM5
SIM1
SIM2
SIM3
SIM4
1
21
22
SIM5
SIM1
SIM2
SIM3
SIM4
1
21
22
SIM5
SIM1
SIM2
SIM3
SIM4
1
21
22
SIM5
SIM1
SIM2
SIM3
SIM4
1
21
22
SIM5
SIM1
SIM2
SIM3
SIM4
1
21
22
SIM5
SIM1
SIM2
SIM3
SIM4
1
21
22
SIM5
SIM1
SIM2
SIM3
SIM4
1
21
22
SIM5
SIM1
SIM2
SIM3
SIM4
1
21
22
SIM5
SIM1
SIM2
SIM3
SIM4
1
21
22
SIM5
SIM1
SIM2
SIM3
SIM4
1
21
22
SIM5
SIM1
SIM2
SIM3
SIM4
1
21
22
SIM5
SIM1
SIM2
SIM3
SIM4
1
21
22
SIM5
SIM1
SIM2
SIM3
SIM4
1
21
22
SIM5
SIM1
SIM2
SIM3
SIM4
1
21
22
SIM5
SIM1
SIM2
SIM3
SIM4
1
21
22
SIM5
SIM1
SIM2
SIM3
SIM4
1
21
22
SIM5
SIM1
SIM2
SIM3
SIM4
1
21
22
SIM5
SIM1
SIM2
SIM3
SIM4
1
21
22
SIM5
SIM1
SIM2
SIM3
SIM4
1
21
22
SIM5
SIM1
SIM2
SIM3
SIM4
1
21
22
SIM5
SIM1
SIM2
SIM3
SIM4
1
21
22
SIM5
SIM1
SIM2
SIM3
SIM4
1
21
22
SIM5
SIM1
SIM2
SIM3
SIM4
1
21
22
SIM5
SIM1
SIM2
SIM3
SIM4
1
21
22
SIM5
SIM1
SIM2
SIM3
SIM4
1
21
22
SIM5
SIM1
SIM2
SIM3
SIM4
1
21
22
SIM5
SIM1
SIM2
SIM3
SIM4
1
21
22
SIM5
SIM1
SIM2
SIM3
SIM4
1
21
22
SIM5
SIM1
SIM2
SIM3
SIM4
1
21
22
SIM5
SIM1
SIM2
SIM3
SIM4
1
21
22
SIM5
SIM1
SIM2
SIM3
SIM4
1
21
22
SIM5
SIM1
SIM2
SIM3
SIM4
1
21
22
SIM5
SIM1
SIM2
SIM3
SIM4
1
21
22
SIM5
SIM1
SIM2
SIM3
SIM4
1
21
22
SIM5
SIM1
SIM2
SIM3
SIM4
1
21
22
SIM5
SIM1
SIM2
SIM3
SIM4
1
21
22
SIM5
SIM1
SIM2
SIM3
SIM4
1
21
22
SIM5
SIM1
SIM2
SIM3
SIM4
1
21
22
SIM5
SIM1
SIM2
SIM3
SIM4
1
21
22
SIM5
SIM1
SIM2
SIM3
SIM4
1
21
22
SIM5
SIM1
SIM2
SIM3
SIM4
1
21
22
SIM5
SIM1
SIM2
SIM3
SIM4
1
21
22
SIM5
SIM1
SIM2
SIM3
SIM4
1
21
22
SIM5
SIM1
SIM2
SIM3
SIM4
1
21
22
SIM5
SIM1
SIM2
SIM3
SIM4
1
21
22
SIM5
SIM1
SIM2
SIM3
SIM4
1
21
22
SIM5
SIM1
SIM2
SIM3
SIM4
1
21
22
SIM5
SIM1
SIM2
SIM3
SIM4
1
21
22
SIM5
SIM1
SIM2
SIM3
SIM4
1
21
22
SIM5
SIM1
SIM2
SIM3
SIM4
1
21
22
SIM5
SIM1
SIM2
SIM3
SIM4
1
21
22
SIM5
SIM1
SIM2
SIM3
SIM4
1
21
22
SIM5
SIM1
SIM2
SIM3
SIM4
1
21
22
SIM5
SIM1
SIM2
SIM3
SIM4
1
21
22
SIM5
SIM1
SIM2
SIM3
SIM4
1
21
22
SIM5
SIM1
SIM2
SIM3
SIM4
1
21
22
SIM5
SIM1
SIM2
SIM3
SIM4
1
21
22
SIM5
SIM1
SIM2
SIM3
SIM4
1
21
22
SIM5
SIM1
SIM2
SIM3
SIM4
1
21
22
SIM5
SIM1
SIM2
SIM3
SIM4
1
21
22
SIM5
SIM1
SIM2
SIM3
SIM4
1
21
22
SIM5
SIM1
SIM2
SIM3
SIM4
1
21
22
SIM5
SIM1
SIM2
SIM3
SIM4
1
21
22
SIM5
SIM1
SIM2
SIM3
SIM4
1
21
22
SIM5
SIM1
SIM2
SIM3
SIM4
1
21
22
SIM5
SIM1
SIM2
SIM3
SIM4
1
21
22
SIM5
SIM1
SIM2
SIM3
SIM4
1
21
22
SIM5
SIM1
SIM2
SIM3
SIM4
1
21
22
SIM5
SIM1
SIM2
SIM3
SIM4
1
21
22
SIM5
SIM1
SIM2
SIM3
SIM4
1
21
22
SIM5
SIM1
SIM2
SIM3
SIM4
1
21
22
SIM5
SIM1
SIM2
SIM3
SIM4
1
21
22
SIM5
SIM1
SIM2
SIM3
SIM4
1
21
22
SIM5
SIM1
SIM2
SIM3
SIM4
1
21
22
SIM5
SIM1
SIM2
SIM3
SIM4
1
21
22
SIM5
SIM1
SIM2
SIM3
SIM4
1
21
22
SIM5
SIM1
SIM2
SIM3
SIM4
1
21
22
SIM5
SIM1
SIM2
SIM3
SIM4
1
21
22
SIM5
SIM1
SIM2
SIM3
SIM4
1
21
22
SIM5
SIM1
SIM2
SIM3
SIM4
1
21
22
SIM5
SIM1
SIM2
SIM3
SIM4
1
21
22
SIM5
SIM1
SIM2
SIM3
SIM4
1
21
22
SIM5
SIM1
SIM2
SIM3
SIM4
1
21
22
SIM5
SIM1
SIM2
SIM3
SIM4
1
21
22
SIM5
SIM1
SIM2
SIM3
SIM4
1
21
22
SIM5
SIM1
SIM2
SIM3
SIM4
1
21
22
SIM5
SIM1
SIM2
SIM3
SIM4
1
21
22
SIM5
SIM1
SIM2
SIM3
SIM4
1
21
22
SIM5
SIM1
SIM2
SIM3
SIM4
1
21
22
SIM5
SIM1
SIM2
SIM3
SIM4
1
21
22
SIM5
SIM1
SIM2
SIM3
SIM4
1
21
22
SIM5
SIM1
SIM2
SIM3
SIM4
1
21
22
SIM5
SIM1
SIM2
SIM3
SIM4
1
21
22
SIM5
SIM1
SIM2
SIM3
SIM4
1
21
22
SIM5
SIM1
SIM2
SIM3
SIM4
1
21
22
SIM5
SIM1
SIM2
SIM3
SIM4
1
21
22
SIM5
SIM1
SIM2
SIM3
SIM4
1
21
22
SIM5
SIM1
SIM2
SIM3
SIM4
1
21
22
SIM5
SIM1
SIM2
SIM3
SIM4
1
21
22
SIM5
SIM1
SIM2
SIM3
SIM4
1
21
22
SIM5
SIM1
SIM2
SIM3
SIM4
1
21
22
SIM5
SIM1
SIM2
SIM3
SIM4
1
21
22
SIM5
SIM1
SIM2
SIM3
SIM4
1
21
22
SIM5
SIM1
SIM2
SIM3
SIM4
1
21
22
SIM5
SIM1
SIM2
SIM3
SIM4
1
21
22
SIM5
SIM1
SIM2
SIM3
SIM4
1
21
22
SIM5
SIM1
SIM2
SIM3
SIM4
1
21
22
SIM5
SIM1
SIM2
SIM3
SIM4
1
21
22
SIM5
SIM1
SIM2
SIM3
SIM4
1
21
22
SIM5
SIM1
SIM2
SIM3
SIM4
1
21
22
SIM5
SIM1
SIM2
SIM3
SIM4
1
21
22
SIM5
SIM1
SIM2
SIM3
SIM4
1
21
22
SIM5
SIM1
SIM2
SIM3
SIM4
1
21
22
SIM5
SIM1
SIM2
SIM3
SIM4
1
21
22
SIM5
SIM1
SIM2
SIM3
SIM4
1
21
22
SIM5
SIM1
SIM2
SIM3
SIM4
1
21
22
SIM5
SIM1
SIM2
SIM3
SIM4
1
21
22
SIM5
SIM1
SIM2
SIM3
SIM4
1
21
22
SIM5
SIM1
SIM2
SIM3
SIM4
1
21
22
SIM5
SIM1
SIM2
SIM3
SIM4
1
21
22
SIM5
SIM1
SIM2
SIM3
SIM4
1
21
22
SIM5
SIM1
SIM2
SIM3
SIM4
1
21
22
SIM5
SIM1
SIM2
SIM3
SIM4
1
21
22
SIM5
SIM1
SIM2
SIM3
SIM4
1
21
22
SIM5
SIM1
SIM2
SIM3
SIM4
1
21
22
SIM5
SIM1
SIM2
SIM3
SIM4
1
21
22
SIM5
SIM1
SIM2
SIM3
SIM4
1
21
22
SIM5
SIM1
SIM2
SIM3
SIM4
1
21
22
SIM5
SIM1
SIM2
SIM3
SIM4
1
21
22
SIM5
SIM1
SIM2
SIM3
SIM4
1
21
22
SIM5
SIM1
SIM2
SIM3
SIM4
1
21
22
SIM5
SIM1
SIM2
SIM3
SIM4
1
21
22
SIM5
SIM1
SIM2
SIM3
SIM4
1
21
22
SIM5
SIM1
SIM2
SIM3
SIM4
1
21
22
SIM5
SIM1
SIM2
SIM3
SIM4
1
21
22
SIM5
SIM1
SIM2
SIM3
SIM4
1
21
22
SIM5
SIM1
SIM2
DEBUG 1 674
SIM1
SIM2
SIM3
SIM4
1
21
22
SIM5
SIM1
SIM2
SIM3
SIM4
1
21
22
SIM5
SIM1
SIM2
SIM3
SIM4
1
21
22
SIM5
SIM1
SIM2
SIM3
SIM4
1
21
22
SIM5
SIM1
SIM2
SIM3
SIM4
1
21
22
SIM5
SIM1
SIM2
SIM3
SIM4
1
21
22
SIM5
SIM1
SIM2
SIM3
SIM4
1
21
22
SIM5
SIM1
SIM2
SIM3
SIM4
1
21
22
SIM5
SIM1
SIM2
SIM3
SIM4
1
21
22
SIM5
SIM1
SIM2
SIM3
SIM4
1
21
22
SIM5
SIM1
SIM2
SIM3
SIM4
1
21
22
SIM5
SIM1
SIM2
SIM3
SIM4
1
21
22
SIM5
SIM1
SIM2
SIM3
SIM4
1
21
22
SIM5
SIM1
SIM2
SIM3
SIM4
1
21
22
SIM5
SIM1
SIM2
SIM3
SIM4
1
21
22
SIM5
SIM1
SIM2
SIM3
SIM4
1
21
22
SIM5
SIM1
SIM2
SIM3
SIM4
1
21
22
SIM5
SIM1
SIM2
SIM3
SIM4
1
21
22
SIM5
SIM1
SIM2
SIM3
SIM4
1
21
22
SIM5
SIM1
SIM2
SIM3
SIM4
1
21
22
SIM5
SIM1
SIM2
SIM3
SIM4
1
21
22
SIM5
SIM1
SIM2
SIM3
SIM4
1
21
22
SIM5
SIM1
SIM2
SIM3
SIM4
1
21
22
SIM5
SIM1
SIM2
SIM3
SIM4
1
21
22
SIM5
SIM1
SIM2
SIM3
SIM4
1
21
22
SIM5
SIM1
SIM2
SIM3
SIM4
1
21
22
SIM5
SIM1
SIM2
SIM3
SIM4
1
21
22
SIM5
SIM1
SIM2
SIM3
SIM4
1
21
22
SIM5
SIM1
SIM2
SIM3
SIM4
1
21
22
SIM5
SIM1
SIM2
SIM3
SIM4
1
21
22
SIM5
SIM1
SIM2
SIM3
SIM4
1
21
22
SIM5
SIM1
SIM2
SIM3
SIM4
1
21
22
SIM5
SIM1
SIM2
SIM3
SIM4
1
21
22
SIM5
SIM1
SIM2
SIM3
SIM4
1
21
22
SIM5
SIM1
SIM2
SIM3
SIM4
1
21
22
SIM5
SIM1
SIM2
SIM3
SIM4
1
21
22
SIM5
SIM1
SIM2
SIM3
SIM4
1
21
22
SIM5
SIM1
SIM2
SIM3
SIM4
1
21
22
SIM5
SIM1
SIM2
SIM3
SIM4
1
21
22
SIM5
SIM1
SIM2
SIM3
SIM4
1
21
22
SIM5
SIM1
SIM2
SIM3
SIM4
1
21
22
SIM5
SIM1
SIM2
SIM3
SIM4
1
21
22
SIM5
SIM1
SIM2
SIM3
SIM4
1
21
22
SIM5
SIM1
SIM2
SIM3
SIM4
1
21
22
SIM5
SIM1
SIM2
SIM3
SIM4
1
21
22
SIM5
SIM1
SIM2
SIM3
SIM4
1
21
22
SIM5
SIM1
SIM2
SIM3
SIM4
1
21
22
SIM5
SIM1
SIM2
SIM3
SIM4
1
21
22
SIM5
SIM1
SIM2
SIM3
SIM4
1
21
22
SIM5
SIM1
SIM2
SIM3
SIM4
1
21
22
SIM5
SIM1
SIM2
SIM3
SIM4
1
21
22
SIM5
SIM1
SIM2
SIM3
SIM4
1
21
22
SIM5
SIM1
SIM2
SIM3
SIM4
1
21
22
SIM5
SIM1
SIM2
SIM3
SIM4
1
21
22
SIM5
SIM1
SIM2
SIM3
SIM4
1
21
22
SIM5
SIM1
SIM2
SIM3
SIM4
1
21
22
SIM5
SIM1
SIM2
SIM3
SIM4
1
21
22
SIM5
SIM1
SIM2
SIM3
SIM4
1
21
22
SIM5
SIM1
SIM2
SIM3
SIM4
1
21
22
SIM5
SIM1
SIM2
SIM3
SIM4
1
21
22
SIM5
SIM1
SIM2
SIM3
SIM4
1
21
22
SIM5
SIM1
SIM2
SIM3
SIM4
1
21
22
SIM5
SIM1
SIM2
SIM3
SIM4
1
21
22
SIM5
SIM1
SIM2
SIM3
SIM4
1
21
22
SIM5
SIM1
SIM2
SIM3
SIM4
1
21
22
SIM5
SIM1
SIM2
SIM3
SIM4
1
21
22
SIM5
SIM1
SIM2
SIM3
SIM4
1
21
22
SIM5
SIM1
SIM2
SIM3
SIM4
1
21
22
SIM5
SIM1
SIM2
SIM3
SIM4
1
21
22
SIM5
SIM1
SIM2
SIM3
SIM4
1
21
22
SIM5
SIM1
SIM2
SIM3
SIM4
1
21
22
SIM5
SIM1
SIM2
SIM3
SIM4
1
21
22
SIM5
SIM1
SIM2
SIM3
SIM4
1
21
22
SIM5
SIM1
SIM2
SIM3
SIM4
1
21
22
SIM5
SIM1
SIM2
SIM3
SIM4
1
21
22
SIM5
SIM1
SIM2
SIM3
SIM4
1
21
22
SIM5
SIM1
SIM2
SIM3
SIM4
1
21
22
SIM5
SIM1
SIM2
SIM3
SIM4
1
21
22
SIM5
SIM1
SIM2
SIM3
SIM4
1
21
22
SIM5
SIM1
SIM2
SIM3
SIM4
1
21
22
SIM5
SIM1
SIM2
SIM3
SIM4
1
21
22
SIM5
SIM1
SIM2
SIM3
SIM4
1
21
22
SIM5
SIM1
SIM2
SIM3
SIM4
1
21
22
SIM5
SIM1
SIM2
SIM3
SIM4
1
21
22
SIM5
SIM1
SIM2
SIM3
SIM4
1
21
22
SIM5
SIM1
SIM2
SIM3
SIM4
1
21
22
SIM5
SIM1
SIM2
SIM3
SIM4
1
21
22
SIM5
SIM1
SIM2
SIM3
SIM4
1
21
22
SIM5
SIM1
SIM2
SIM3
SIM4
1
21
22
SIM5
SIM1
SIM2
SIM3
SIM4
1
21
22
SIM5
SIM1
SIM2
SIM3
SIM4
1
21
22
SIM5
SIM1
SIM2
SIM3
SIM4
1
21
22
SIM5
SIM1
SIM2
SIM3
SIM4
1
21
22
SIM5
SIM1
SIM2
SIM3
SIM4
1
21
22
SIM5
SIM1
SIM2
SIM3
SIM4
1
21
22
SIM5
SIM1
SIM2
SIM3
SIM4
1
21
22
SIM5
SIM1
SIM2
SIM3
SIM4
1
21
22
SIM5
SIM1
SIM2
SIM3
SIM4
1
21
22
SIM5
SIM1
SIM2
SIM3
SIM4
1
21
22
SIM5
SIM1
SIM2
SIM3
SIM4
1
21
22
SIM5
SIM1
SIM2
SIM3
SIM4
1
21
22
SIM5
SIM1
SIM2
SIM3
SIM4
1
21
22
SIM5
SIM1
SIM2
SIM3
SIM4
1
21
22
SIM5
SIM1
SIM2
SIM3
SIM4
1
21
22
SIM5
SIM1
SIM2
SIM3
SIM4
1
21
22
SIM5
SIM1
SIM2
SIM3
SIM4
1
21
22
SIM5
SIM1
SIM2
SIM3
SIM4
1
21
22
SIM5
SIM1
SIM2
SIM3
SIM4
1
21
22
SIM5
SIM1
SIM2
SIM3
SIM4
1
21
22
SIM5
SIM1
SIM2
SIM3
SIM4
1
21
22
SIM5
SIM1
SIM2
SIM3
SIM4
1
21
22
SIM5
SIM1
SIM2
SIM3
SIM4
1
21
22
SIM5
SIM1
SIM2
SIM3
SIM4
1
21
22
SIM5
SIM1
SIM2
SIM3
SIM4
1
21
22
SIM5
SIM1
SIM2
SIM3
SIM4
1
21
22
SIM5
SIM1
SIM2
SIM3
SIM4
1
21
22
SIM5
SIM1
SIM2
SIM3
SIM4
1
21
22
SIM5
SIM1
SIM2
SIM3
SIM4
1
21
22
SIM5
SIM1
SIM2
SIM3
SIM4
1
21
22
SIM5
SIM1
SIM2
SIM3
SIM4
1
21
22
SIM5
SIM1
SIM2
SIM3
SIM4
1
21
22
SIM5
SIM1
SIM2
SIM3
SIM4
1
21
22
SIM5
SIM1
SIM2
SIM3
SIM4
1
21
22
SIM5
SIM1
SIM2
SIM3
SIM4
1
21
22
SIM5
SIM1
SIM2
SIM3
SIM4
1
21
22
SIM5
SIM1
SIM2
SIM3
SIM4
1
21
22
SIM5
SIM1
SIM2
SIM3
SIM4
1
21
22
SIM5
SIM1
SIM2
SIM3
SIM4
1
21
22
SIM5
SIM1
SIM2
SIM3
SIM4
1
21
22
SIM5
SIM1
SIM2
SIM3
SIM4
1
21
22
SIM5
SIM1
SIM2
SIM3
SIM4
1
21
22
SIM5
SIM1
SIM2
SIM3
SIM4
1
21
22
SIM5
SIM1
SIM2
SIM3
SIM4
1
21
22
SIM5
SIM1
SIM2
SIM3
SIM4
1
21
22
SIM5
SIM1
SIM2
SIM3
SIM4
1
21
22
SIM5
SIM1
SIM2
SIM3
SIM4
1
21
22
SIM5
SIM1
SIM2
SIM3
SIM4
1
21
22
SIM5
SIM1
SIM2
SIM3
SIM4
1
21
22
SIM5
SIM1
SIM2
SIM3
SIM4
1
21
22
SIM5
SIM1
SIM2
SIM3
SIM4
1
21
22
SIM5
SIM1
SIM2
SIM3
SIM4
1
21
22
SIM5
SIM1
SIM2
SIM3
SIM4
1
21
22
SIM5
SIM1
SIM2
SIM3
SIM4
1
21
22
SIM5
SIM1
SIM2
SIM3
SIM4
1
21
22
SIM5
SIM1
SIM2
SIM3
SIM4
1
21
22
SIM5
SIM1
SIM2
SIM3
SIM4
1
21
22
SIM5
SIM1
SIM2
SIM3
SIM4
1
21
22
SIM5
SIM1
SIM2
SIM3
SIM4
1
21
22
SIM5
SIM1
SIM2
SIM3
SIM4
1
21
22
SIM5
SIM1
SIM2
SIM3
SIM4
1
21
22
SIM5
SIM1
SIM2
SIM3
SIM4
1
21
22
SIM5
SIM1
SIM2
SIM3
SIM4
1
21
22
SIM5
SIM1
SIM2
SIM3
SIM4
1
21
22
SIM5
SIM1
SIM2
SIM3
SIM4
1
21
22
SIM5
SIM1
SIM2
SIM3
SIM4
1
21
22
SIM5
SIM1
SIM2
SIM3
SIM4
1
21
22
SIM5
SIM1
SIM2
SIM3
SIM4
1
21
22
SIM5
SIM1
SIM2
SIM3
SIM4
1
21
22
SIM5
SIM1
SIM2
SIM3
SIM4
1
21
22
SIM5
SIM1
SIM2
SIM3
SIM4
1
21
22
SIM5
SIM1
SIM2
SIM3
SIM4
1
21
22
SIM5
SIM1
SIM2
SIM3
SIM4
1
21
22
SIM5
SIM1
SIM2
SIM3
SIM4
1
21
22
SIM5
SIM1
SIM2
SIM3
SIM4
1
21
22
SIM5
SIM1
SIM2
SIM3
SIM4
1
21
22
SIM5
SIM1
SIM2
SIM3
SIM4
1
21
22
SIM5
SIM1
SIM2
SIM3
SIM4
1
21
22
SIM5
SIM1
SIM2
SIM3
SIM4
1
21
22
SIM5
SIM1
SIM2
SIM3
SIM4
1
21
22
SIM5
SIM1
SIM2
SIM3
SIM4
1
21
22
SIM5
SIM1
SIM2
SIM3
SIM4
1
21
22
SIM5
SIM1
SIM2
SIM3
SIM4
1
21
22
SIM5
SIM1
SIM2
SIM3
SIM4
1
21
22
SIM5
SIM1
SIM2
SIM3
SIM4
1
21
22
SIM5
SIM1
SIM2
SIM3
SIM4
1
21
22
SIM5
SIM1
SIM2
SIM3
SIM4
1
21
22
SIM5
SIM1
SIM2
SIM3
SIM4
1
21
22
SIM5
SIM1
SIM2
SIM3
SIM4
1
21
22
SIM5
SIM1
SIM2
SIM3
SIM4
1
21
22
SIM5
SIM1
SIM2
SIM3
SIM4
1
21
22
SIM5
SIM1
SIM2
SIM3
SIM4
1
21
22
SIM5
SIM1
SIM2
SIM3
SIM4
1
21
22
SIM5
SIM1
SIM2
SIM3
SIM4
1
21
22
SIM5
SIM1
SIM2
SIM3
SIM4
1
21
22
SIM5
SIM1
SIM2
SIM3
SIM4
1
21
22
SIM5
SIM1
SIM2
SIM3
SIM4
1
21
22
SIM5
SIM1
SIM2
SIM3
SIM4
1
21
22
SIM5
SIM1
SIM2
SIM3
SIM4
1
21
22
SIM5
SIM1
SIM2
DEBUG 1 675
SIM1
SIM2
SIM3
SIM4
1
21
22
SIM5
SIM1
SIM2
SIM3
SIM4
1
21
22
SIM5
SIM1
SIM2
SIM3
SIM4
1
21
22
SIM5
SIM1
SIM2
SIM3
SIM4
1
21
22
SIM5
SIM1
SIM2
SIM3
SIM4
1
21
22
SIM5
SIM1
SIM2
SIM3
SIM4
1
21
22
SIM5
SIM1
SIM2
SIM3
SIM4
1
21
22
SIM5
SIM1
SIM2
SIM3
SIM4
1
21
22
SIM5
SIM1
SIM2
SIM3
SIM4
1
21
22
SIM5
SIM1
SIM2
SIM3
SIM4
1
21
22
SIM5
SIM1
SIM2
SIM3
SIM4
1
21
22
SIM5
SIM1
SIM2
SIM3
SIM4
1
21
22
SIM5
SIM1
SIM2
SIM3
SIM4
1
21
22
SIM5
SIM1
SIM2
SIM3
SIM4
1
21
22
SIM5
SIM1
SIM2
SIM3
SIM4
1
21
22
SIM5
SIM1
SIM2
SIM3
SIM4
1
21
22
SIM5
SIM1
SIM2
SIM3
SIM4
1
21
22
SIM5
SIM1
SIM2
SIM3
SIM4
1
21
22
SIM5
SIM1
SIM2
SIM3
SIM4
1
21
22
SIM5
SIM1
SIM2
SIM3
SIM4
1
21
22
SIM5
SIM1
SIM2
SIM3
SIM4
1
21
22
SIM5
SIM1
SIM2
SIM3
SIM4
1
21
22
SIM5
SIM1
SIM2
SIM3
SIM4
1
21
22
SIM5
SIM1
SIM2
SIM3
SIM4
1
21
22
SIM5
SIM1
SIM2
SIM3
SIM4
1
21
22
SIM5
SIM1
SIM2
SIM3
SIM4
1
21
22
SIM5
SIM1
SIM2
SIM3
SIM4
1
21
22
SIM5
SIM1
SIM2
SIM3
SIM4
1
21
22
SIM5
SIM1
SIM2
SIM3
SIM4
1
21
22
SIM5
SIM1
SIM2
SIM3
SIM4
1
21
22
SIM5
SIM1
SIM2
SIM3
SIM4
1
21
22
SIM5
SIM1
SIM2
SIM3
SIM4
1
21
22
SIM5
SIM1
SIM2
SIM3
SIM4
1
21
22
SIM5
SIM1
SIM2
SIM3
SIM4
1
21
22
SIM5
SIM1
SIM2
SIM3
SIM4
1
21
22
SIM5
SIM1
SIM2
SIM3
SIM4
1
21
22
SIM5
SIM1
SIM2
SIM3
SIM4
1
21
22
SIM5
SIM1
SIM2
SIM3
SIM4
1
21
22
SIM5
SIM1
SIM2
SIM3
SIM4
1
21
22
SIM5
SIM1
SIM2
SIM3
SIM4
1
21
22
SIM5
SIM1
SIM2
SIM3
SIM4
1
21
22
SIM5
SIM1
SIM2
SIM3
SIM4
1
21
22
SIM5
SIM1
SIM2
SIM3
SIM4
1
21
22
SIM5
SIM1
SIM2
SIM3
SIM4
1
21
22
SIM5
SIM1
SIM2
SIM3
SIM4
1
21
22
SIM5
SIM1
SIM2
SIM3
SIM4
1
21
22
SIM5
SIM1
SIM2
SIM3
SIM4
1
21
22
SIM5
SIM1
SIM2
SIM3
SIM4
1
21
22
SIM5
SIM1
SIM2
SIM3
SIM4
1
21
22
SIM5
SIM1
SIM2
SIM3
SIM4
1
21
22
SIM5
SIM1
SIM2
SIM3
SIM4
1
21
22
SIM5
SIM1
SIM2
SIM3
SIM4
1
21
22
SIM5
SIM1
SIM2
SIM3
SIM4
1
21
22
SIM5
SIM1
SIM2
SIM3
SIM4
1
21
22
SIM5
SIM1
SIM2
SIM3
SIM4
1
21
22
SIM5
SIM1
SIM2
SIM3
SIM4
1
21
22
SIM5
SIM1
SIM2
SIM3
SIM4
1
21
22
SIM5
SIM1
SIM2
SIM3
SIM4
1
21
22
SIM5
SIM1
SIM2
SIM3
SIM4
1
21
22
SIM5
SIM1
SIM2
SIM3
SIM4
1
21
22
SIM5
SIM1
SIM2
SIM3
SIM4
1
21
22
SIM5
SIM1
SIM2
SIM3
SIM4
1
21
22
SIM5
SIM1
SIM2
SIM3
SIM4
1
21
22
SIM5
SIM1
SIM2
SIM3
SIM4
1
21
22
SIM5
SIM1
SIM2
SIM3
SIM4
1
21
22
SIM5
SIM1
SIM2
SIM3
SIM4
1
21
22
SIM5
SIM1
SIM2
SIM3
SIM4
1
21
22
SIM5
SIM1
SIM2
SIM3
SIM4
1
21
22
SIM5
SIM1
SIM2
SIM3
SIM4
1
21
22
SIM5
SIM1
SIM2
SIM3
SIM4
1
21
22
SIM5
SIM1
SIM2
SIM3
SIM4
1
21
22
SIM5
SIM1
SIM2
SIM3
SIM4
1
21
22
SIM5
SIM1
SIM2
SIM3
SIM4
1
21
22
SIM5
SIM1
SIM2
SIM3
SIM4
1
21
22
SIM5
SIM1
SIM2
SIM3
SIM4
1
21
22
SIM5
SIM1
SIM2
SIM3
SIM4
1
21
22
SIM5
SIM1
SIM2
SIM3
SIM4
1
21
22
SIM5
SIM1
SIM2
SIM3
SIM4
1
21
22
SIM5
SIM1
SIM2
SIM3
SIM4
1
21
22
SIM5
SIM1
SIM2
SIM3
SIM4
1
21
22
SIM5
SIM1
SIM2
SIM3
SIM4
1
21
22
SIM5
SIM1
SIM2
SIM3
SIM4
1
21
22
SIM5
SIM1
SIM2
SIM3
SIM4
1
21
22
SIM5
SIM1
SIM2
SIM3
SIM4
1
21
22
SIM5
SIM1
SIM2
SIM3
SIM4
1
21
22
SIM5
SIM1
SIM2
SIM3
SIM4
1
21
22
SIM5
SIM1
SIM2
SIM3
SIM4
1
21
22
SIM5
SIM1
SIM2
SIM3
SIM4
1
21
22
SIM5
SIM1
SIM2
SIM3
SIM4
1
21
22
SIM5
SIM1
SIM2
SIM3
SIM4
1
21
22
SIM5
SIM1
SIM2
SIM3
SIM4
1
21
22
SIM5
SIM1
SIM2
SIM3
SIM4
1
21
22
SIM5
SIM1
SIM2
SIM3
SIM4
1
21
22
SIM5
SIM1
SIM2
SIM3
SIM4
1
21
22
SIM5
SIM1
SIM2
SIM3
SIM4
1
21
22
SIM5
SIM1
SIM2
SIM3
SIM4
1
21
22
SIM5
SIM1
SIM2
SIM3
SIM4
1
21
22
SIM5
SIM1
SIM2
SIM3
SIM4
1
21
22
SIM5
SIM1
SIM2
SIM3
SIM4
1
21
22
SIM5
SIM1
SIM2
SIM3
SIM4
1
21
22
SIM5
SIM1
SIM2
SIM3
SIM4
1
21
22
SIM5
SIM1
SIM2
SIM3
SIM4
1
21
22
SIM5
SIM1
SIM2
SIM3
SIM4
1
21
22
SIM5
SIM1
SIM2
SIM3
SIM4
1
21
22
SIM5
SIM1
SIM2
SIM3
SIM4
1
21
22
SIM5
SIM1
SIM2
SIM3
SIM4
1
21
22
SIM5
SIM1
SIM2
SIM3
SIM4
1
21
22
SIM5
SIM1
SIM2
SIM3
SIM4
1
21
22
SIM5
SIM1
SIM2
SIM3
SIM4
1
21
22
SIM5
SIM1
SIM2
SIM3
SIM4
1
21
22
SIM5
SIM1
SIM2
SIM3
SIM4
1
21
22
SIM5
SIM1
SIM2
SIM3
SIM4
1
21
22
SIM5
SIM1
SIM2
SIM3
SIM4
1
21
22
SIM5
SIM1
SIM2
SIM3
SIM4
1
21
22
SIM5
SIM1
SIM2
SIM3
SIM4
1
21
22
SIM5
SIM1
SIM2
SIM3
SIM4
1
21
22
SIM5
SIM1
SIM2
SIM3
SIM4
1
21
22
SIM5
SIM1
SIM2
SIM3
SIM4
1
21
22
SIM5
SIM1
SIM2
SIM3
SIM4
1
21
22
SIM5
SIM1
SIM2
SIM3
SIM4
1
21
22
SIM5
SIM1
SIM2
SIM3
SIM4
1
21
22
SIM5
SIM1
SIM2
SIM3
SIM4
1
21
22
SIM5
SIM1
SIM2
SIM3
SIM4
1
21
22
SIM5
SIM1
SIM2
SIM3
SIM4
1
21
22
SIM5
SIM1
SIM2
SIM3
SIM4
1
21
22
SIM5
SIM1
SIM2
SIM3
SIM4
1
21
22
SIM5
SIM1
SIM2
SIM3
SIM4
1
21
22
SIM5
SIM1
SIM2
SIM3
SIM4
1
21
22
SIM5
SIM1
SIM2
SIM3
SIM4
1
21
22
SIM5
SIM1
SIM2
SIM3
SIM4
1
21
22
SIM5
SIM1
SIM2
SIM3
SIM4
1
21
22
SIM5
SIM1
SIM2
SIM3
SIM4
1
21
22
SIM5
SIM1
SIM2
SIM3
SIM4
1
21
22
SIM5
SIM1
SIM2
SIM3
SIM4
1
21
22
SIM5
SIM1
SIM2
SIM3
SIM4
1
21
22
SIM5
SIM1
SIM2
SIM3
SIM4
1
21
22
SIM5
SIM1
SIM2
SIM3
SIM4
1
21
22
SIM5
SIM1
SIM2
SIM3
SIM4
1
21
22
SIM5
SIM1
SIM2
SIM3
SIM4
1
21
22
SIM5
SIM1
SIM2
SIM3
SIM4
1
21
22
SIM5
SIM1
SIM2
SIM3
SIM4
1
21
22
SIM5
SIM1
SIM2
SIM3
SIM4
1
21
22
SIM5
SIM1
SIM2
SIM3
SIM4
1
21
22
SIM5
SIM1
SIM2
SIM3
SIM4
1
21
22
SIM5
SIM1
SIM2
SIM3
SIM4
1
21
22
SIM5
SIM1
SIM2
SIM3
SIM4
1
21
22
SIM5
SIM1
SIM2
SIM3
SIM4
1
21
22
SIM5
SIM1
SIM2
SIM3
SIM4
1
21
22
SIM5
SIM1
SIM2
SIM3
SIM4
1
21
22
SIM5
SIM1
SIM2
SIM3
SIM4
1
21
22
SIM5
SIM1
SIM2
SIM3
SIM4
1
21
22
SIM5
SIM1
SIM2
SIM3
SIM4
1
21
22
SIM5
SIM1
SIM2
SIM3
SIM4
1
21
22
SIM5
SIM1
SIM2
SIM3
SIM4
1
21
22
SIM5
SIM1
SIM2
SIM3
SIM4
1
21
22
SIM5
SIM1
SIM2
SIM3
SIM4
1
21
22
SIM5
SIM1
SIM2
SIM3
SIM4
1
21
22
SIM5
SIM1
SIM2
SIM3
SIM4
1
21
22
SIM5
SIM1
SIM2
SIM3
SIM4
1
21
22
SIM5
SIM1
SIM2
SIM3
SIM4
1
21
22
SIM5
SIM1
SIM2
SIM3
SIM4
1
21
22
SIM5
SIM1
SIM2
SIM3
SIM4
1
21
22
SIM5
SIM1
SIM2
SIM3
SIM4
1
21
22
SIM5
SIM1
SIM2
SIM3
SIM4
1
21
22
SIM5
SIM1
SIM2
SIM3
SIM4
1
21
22
SIM5
SIM1
SIM2
SIM3
SIM4
1
21
22
SIM5
SIM1
SIM2
SIM3
SIM4
1
21
22
SIM5
SIM1
SIM2
SIM3
SIM4
1
21
22
SIM5
SIM1
SIM2
SIM3
SIM4
1
21
22
SIM5
SIM1
SIM2
SIM3
SIM4
1
21
22
SIM5
SIM1
SIM2
SIM3
SIM4
1
21
22
SIM5
SIM1
SIM2
SIM3
SIM4
1
21
22
SIM5
SIM1
SIM2
SIM3
SIM4
1
21
22
SIM5
SIM1
SIM2
SIM3
SIM4
1
21
22
SIM5
SIM1
SIM2
SIM3
SIM4
1
21
22
SIM5
SIM1
SIM2
SIM3
SIM4
1
21
22
SIM5
SIM1
SIM2
SIM3
SIM4
1
21
22
SIM5
SIM1
SIM2
SIM3
SIM4
1
21
22
SIM5
SIM1
SIM2
SIM3
SIM4
1
21
22
SIM5
SIM1
SIM2
SIM3
SIM4
1
21
22
SIM5
SIM1
SIM2
SIM3
SIM4
1
21
22
SIM5
SIM1
SIM2
SIM3
SIM4
1
21
22
SIM5
SIM1
SIM2
SIM3
SIM4
1
21
22
SIM5
SIM1
SIM2
SIM3
SIM4
1
21
22
SIM5
SIM1
SIM2
SIM3
SIM4
1
21
22
SIM5
SIM1
SIM2
SIM3
SIM4
1
21
22
SIM5
SIM1
SIM2
SIM3
SIM4
1
21
22
SIM5
SIM1
SIM2
SIM3
SIM4
1
21
22
SIM5
SIM1
SIM2
SIM3
SIM4
1
21
22
SIM5
SIM1
SIM2
SIM3
SIM4
1
21
22
SIM5
SIM1
SIM2
SIM3
SIM4
1
21
22
SIM5
SIM1
SIM2
SIM3
SIM4
1
21
22
SIM5
SIM1
SIM2
SIM3
SIM4
1
21
22
SIM5
SIM1
SIM2
SIM3
SIM4
1
21
22
SIM5
SIM1
SIM2
SIM3
SIM4
1
21
22
SIM5
SIM1
SIM2
SIM3
SIM4
1
21
22
SIM5
SIM1
SIM2
SIM3
SIM4
1
21
22
SIM5
SIM1
SIM2
SIM3
SIM4
1
21
22
SIM5
SIM1
SIM2
SIM3
SIM4
1
21
22
SIM5
SIM1
SIM2
SIM3
SIM4
1
21
22
SIM5
SIM1
SIM2
SIM3
SIM4
1
21
22
SIM5
SIM1
SIM2
SIM3
SIM4
1
21
22
SIM5
SIM1
SIM2
SIM3
SIM4
1
21
22
SIM5
SIM1
SIM2
SIM3
SIM4
1
21
22
SIM5
SIM1
SIM2
SIM3
SIM4
1
21
22
SIM5
SIM1
SIM2
SIM3
SIM4
1
21
22
SIM5
SIM1
SIM2
SIM3
SIM4
1
21
22
SIM5
SIM1
SIM2
SIM3
SIM4
1
21
22
SIM5
SIM1
SIM2
SIM3
SIM4
1
21
22
SIM5
SIM1
SIM2
SIM3
SIM4
1
21
22
SIM5
SIM1
SIM2
SIM3
SIM4
1
21
22
SIM5
SIM1
SIM2
SIM3
SIM4
1
21
22
SIM5
SIM1
SIM2
SIM3
SIM4
1
21
22
SIM5
SIM1
SIM2
SIM3
SIM4
1
21
22
SIM5
SIM1
SIM2
SIM3
SIM4
1
21
22
SIM5
SIM1
SIM2
SIM3
SIM4
1
21
22
SIM5
SIM1
SIM2
SIM3
SIM4
1
21
22
SIM5
SIM1
SIM2
SIM3
SIM4
1
21
22
SIM5
SIM1
SIM2
SIM3
SIM4
1
21
22
SIM5
SIM1
SIM2
DEBUG 1 676
SIM1
SIM2
SIM3
SIM4
1
21
22
SIM5
SIM1
SIM2
SIM3
SIM4
1
21
22
SIM5
SIM1
SIM2
SIM3
SIM4
1
21
22
SIM5
SIM1
SIM2
SIM3
SIM4
1
21
22
SIM5
SIM1
SIM2
SIM3
SIM4
1
21
22
SIM5
SIM1
SIM2
SIM3
SIM4
1
21
22
SIM5
SIM1
SIM2
SIM3
SIM4
1
21
22
SIM5
SIM1
SIM2
SIM3
SIM4
1
21
22
SIM5
SIM1
SIM2
SIM3
SIM4
1
21
22
SIM5
SIM1
SIM2
SIM3
SIM4
1
21
22
SIM5
SIM1
SIM2
SIM3
SIM4
1
21
22
SIM5
SIM1
SIM2
SIM3
SIM4
1
21
22
SIM5
SIM1
SIM2
SIM3
SIM4
1
21
22
SIM5
SIM1
SIM2
SIM3
SIM4
1
21
22
SIM5
SIM1
SIM2
SIM3
SIM4
1
21
22
SIM5
SIM1
SIM2
SIM3
SIM4
1
21
22
SIM5
SIM1
SIM2
SIM3
SIM4
1
21
22
SIM5
SIM1
SIM2
SIM3
SIM4
1
21
22
SIM5
SIM1
SIM2
SIM3
SIM4
1
21
22
SIM5
SIM1
SIM2
SIM3
SIM4
1
21
22
SIM5
SIM1
SIM2
SIM3
SIM4
1
21
22
SIM5
SIM1
SIM2
SIM3
SIM4
1
21
22
SIM5
SIM1
SIM2
SIM3
SIM4
1
21
22
SIM5
SIM1
SIM2
SIM3
SIM4
1
21
22
SIM5
SIM1
SIM2
SIM3
SIM4
1
21
22
SIM5
SIM1
SIM2
SIM3
SIM4
1
21
22
SIM5
SIM1
SIM2
SIM3
SIM4
1
21
22
SIM5
SIM1
SIM2
SIM3
SIM4
1
21
22
SIM5
SIM1
SIM2
SIM3
SIM4
1
21
22
SIM5
SIM1
SIM2
SIM3
SIM4
1
21
22
SIM5
SIM1
SIM2
SIM3
SIM4
1
21
22
SIM5
SIM1
SIM2
SIM3
SIM4
1
21
22
SIM5
SIM1
SIM2
SIM3
SIM4
1
21
22
SIM5
SIM1
SIM2
SIM3
SIM4
1
21
22
SIM5
SIM1
SIM2
SIM3
SIM4
1
21
22
SIM5
SIM1
SIM2
SIM3
SIM4
1
21
22
SIM5
SIM1
SIM2
SIM3
SIM4
1
21
22
SIM5
SIM1
SIM2
SIM3
SIM4
1
21
22
SIM5
SIM1
SIM2
SIM3
SIM4
1
21
22
SIM5
SIM1
SIM2
SIM3
SIM4
1
21
22
SIM5
SIM1
SIM2
SIM3
SIM4
1
21
22
SIM5
SIM1
SIM2
SIM3
SIM4
1
21
22
SIM5
SIM1
SIM2
SIM3
SIM4
1
21
22
SIM5
SIM1
SIM2
SIM3
SIM4
1
21
22
SIM5
SIM1
SIM2
SIM3
SIM4
1
21
22
SIM5
SIM1
SIM2
SIM3
SIM4
1
21
22
SIM5
SIM1
SIM2
SIM3
SIM4
1
21
22
SIM5
SIM1
SIM2
SIM3
SIM4
1
21
22
SIM5
SIM1
SIM2
SIM3
SIM4
1
21
22
SIM5
SIM1
SIM2
SIM3
SIM4
1
21
22
SIM5
SIM1
SIM2
SIM3
SIM4
1
21
22
SIM5
SIM1
SIM2
SIM3
SIM4
1
21
22
SIM5
SIM1
SIM2
SIM3
SIM4
1
21
22
SIM5
SIM1
SIM2
SIM3
SIM4
1
21
22
SIM5
SIM1
SIM2
SIM3
SIM4
1
21
22
SIM5
SIM1
SIM2
SIM3
SIM4
1
21
22
SIM5
SIM1
SIM2
SIM3
SIM4
1
21
22
SIM5
SIM1
SIM2
SIM3
SIM4
1
21
22
SIM5
SIM1
SIM2
SIM3
SIM4
1
21
22
SIM5
SIM1
SIM2
SIM3
SIM4
1
21
22
SIM5
SIM1
SIM2
SIM3
SIM4
1
21
22
SIM5
SIM1
SIM2
SIM3
SIM4
1
21
22
SIM5
SIM1
SIM2
SIM3
SIM4
1
21
22
SIM5
SIM1
SIM2
SIM3
SIM4
1
21
22
SIM5
SIM1
SIM2
SIM3
SIM4
1
21
22
SIM5
SIM1
SIM2
SIM3
SIM4
1
21
22
SIM5
SIM1
SIM2
SIM3
SIM4
1
21
22
SIM5
SIM1
SIM2
SIM3
SIM4
1
21
22
SIM5
SIM1
SIM2
SIM3
SIM4
1
21
22
SIM5
SIM1
SIM2
SIM3
SIM4
1
21
22
SIM5
SIM1
SIM2
SIM3
SIM4
1
21
22
SIM5
SIM1
SIM2
SIM3
SIM4
1
21
22
SIM5
SIM1
SIM2
SIM3
SIM4
1
21
22
SIM5
SIM1
SIM2
SIM3
SIM4
1
21
22
SIM5
SIM1
SIM2
SIM3
SIM4
1
21
22
SIM5
SIM1
SIM2
SIM3
SIM4
1
21
22
SIM5
SIM1
SIM2
SIM3
SIM4
1
21
22
SIM5
SIM1
SIM2
SIM3
SIM4
1
21
22
SIM5
SIM1
SIM2
SIM3
SIM4
1
21
22
SIM5
SIM1
SIM2
SIM3
SIM4
1
21
22
SIM5
SIM1
SIM2
SIM3
SIM4
1
21
22
SIM5
SIM1
SIM2
SIM3
SIM4
1
21
22
SIM5
SIM1
SIM2
SIM3
SIM4
1
21
22
SIM5
SIM1
SIM2
SIM3
SIM4
1
21
22
SIM5
SIM1
SIM2
SIM3
SIM4
1
21
22
SIM5
SIM1
SIM2
SIM3
SIM4
1
21
22
SIM5
SIM1
SIM2
SIM3
SIM4
1
21
22
SIM5
SIM1
SIM2
SIM3
SIM4
1
21
22
SIM5
SIM1
SIM2
SIM3
SIM4
1
21
22
SIM5
SIM1
SIM2
SIM3
SIM4
1
21
22
SIM5
SIM1
SIM2
SIM3
SIM4
1
21
22
SIM5
SIM1
SIM2
SIM3
SIM4
1
21
22
SIM5
SIM1
SIM2
SIM3
SIM4
1
21
22
SIM5
SIM1
SIM2
SIM3
SIM4
1
21
22
SIM5
SIM1
SIM2
SIM3
SIM4
1
21
22
SIM5
SIM1
SIM2
SIM3
SIM4
1
21
22
SIM5
SIM1
SIM2
SIM3
SIM4
1
21
22
SIM5
SIM1
SIM2
SIM3
SIM4
1
21
22
SIM5
SIM1
SIM2
SIM3
SIM4
1
21
22
SIM5
SIM1
SIM2
DEBUG 1 677
SIM1
SIM2
SIM3
SIM4
1
21
22
SIM5
SIM1
SIM2
SIM3
SIM4
1
21
22
SIM5
SIM1
SIM2
SIM3
SIM4
1
21
22
SIM5
SIM1
SIM2
SIM3
SIM4
1
21
22
SIM5
SIM1
SIM2
SIM3
SIM4
1
21
22
SIM5
SIM1
SIM2
SIM3
SIM4
1
21
22
SIM5
SIM1
SIM2
SIM3
SIM4
1
21
22
SIM5
SIM1
SIM2
SIM3
SIM4
1
21
22
SIM5
SIM1
SIM2
SIM3
SIM4
1
21
22
SIM5
SIM1
SIM2
SIM3
SIM4
1
21
22
SIM5
SIM1
SIM2
SIM3
SIM4
1
21
22
SIM5
SIM1
SIM2
SIM3
SIM4
1
21
22
SIM5
SIM1
SIM2
SIM3
SIM4
1
21
22
SIM5
SIM1
SIM2
SIM3
SIM4
1
21
22
SIM5
SIM1
SIM2
SIM3
SIM4
1
21
22
SIM5
SIM1
SIM2
SIM3
SIM4
1
21
22
SIM5
SIM1
SIM2
SIM3
SIM4
1
21
22
SIM5
SIM1
SIM2
SIM3
SIM4
1
21
22
SIM5
SIM1
SIM2
SIM3
SIM4
1
21
22
SIM5
SIM1
SIM2
SIM3
SIM4
1
21
22
SIM5
SIM1
SIM2
SIM3
SIM4
1
21
22
SIM5
SIM1
SIM2
SIM3
SIM4
1
21
22
SIM5
SIM1
SIM2
SIM3
SIM4
1
21
22
SIM5
SIM1
SIM2
SIM3
SIM4
1
21
22
SIM5
SIM1
SIM2
SIM3
SIM4
1
21
22
SIM5
SIM1
SIM2
SIM3
SIM4
1
21
22
SIM5
SIM1
SIM2
SIM3
SIM4
1
21
22
SIM5
SIM1
SIM2
SIM3
SIM4
1
21
22
SIM5
SIM1
SIM2
SIM3
SIM4
1
21
22
SIM5
SIM1
SIM2
SIM3
SIM4
1
21
22
SIM5
SIM1
SIM2
SIM3
SIM4
1
21
22
SIM5
SIM1
SIM2
SIM3
SIM4
1
21
22
SIM5
SIM1
SIM2
SIM3
SIM4
1
21
22
SIM5
SIM1
SIM2
SIM3
SIM4
1
21
22
SIM5
SIM1
SIM2
SIM3
SIM4
1
21
22
SIM5
SIM1
SIM2
SIM3
SIM4
1
21
22
SIM5
SIM1
SIM2
SIM3
SIM4
1
21
22
SIM5
SIM1
SIM2
SIM3
SIM4
1
21
22
SIM5
SIM1
SIM2
SIM3
SIM4
1
21
22
SIM5
SIM1
SIM2
SIM3
SIM4
1
21
22
SIM5
SIM1
SIM2
SIM3
SIM4
1
21
22
SIM5
SIM1
SIM2
SIM3
SIM4
1
21
22
SIM5
SIM1
SIM2
SIM3
SIM4
1
21
22
SIM5
SIM1
SIM2
SIM3
SIM4
1
21
22
SIM5
SIM1
SIM2
SIM3
SIM4
1
21
22
SIM5
SIM1
SIM2
SIM3
SIM4
1
21
22
SIM5
SIM1
SIM2
SIM3
SIM4
1
21
22
SIM5
SIM1
SIM2
SIM3
SIM4
1
21
22
SIM5
SIM1
SIM2
SIM3
SIM4
1
21
22
SIM5
SIM1
SIM2
SIM3
SIM4
1
21
22
SIM5
SIM1
SIM2
SIM3
SIM4
1
21
22
SIM5
SIM1
SIM2
SIM3
SIM4
1
21
22
SIM5
SIM1
SIM2
SIM3
SIM4
1
21
22
SIM5
SIM1
SIM2
SIM3
SIM4
1
21
22
SIM5
SIM1
SIM2
SIM3
SIM4
1
21
22
SIM5
SIM1
SIM2
SIM3
SIM4
1
21
22
SIM5
SIM1
SIM2
SIM3
SIM4
1
21
22
SIM5
SIM1
SIM2
SIM3
SIM4
1
21
22
SIM5
SIM1
SIM2
SIM3
SIM4
1
21
22
SIM5
SIM1
SIM2
SIM3
SIM4
1
21
22
SIM5
SIM1
SIM2
SIM3
SIM4
1
21
22
SIM5
SIM1
SIM2
SIM3
SIM4
1
21
22
SIM5
SIM1
SIM2
SIM3
SIM4
1
21
22
SIM5
SIM1
SIM2
SIM3
SIM4
1
21
22
SIM5
SIM1
SIM2
SIM3
SIM4
1
21
22
SIM5
SIM1
SIM2
SIM3
SIM4
1
21
22
SIM5
SIM1
SIM2
SIM3
SIM4
1
21
22
SIM5
SIM1
SIM2
SIM3
SIM4
1
21
22
SIM5
SIM1
SIM2
SIM3
SIM4
1
21
22
SIM5
SIM1
SIM2
SIM3
SIM4
1
21
22
SIM5
SIM1
SIM2
SIM3
SIM4
1
21
22
SIM5
SIM1
SIM2
SIM3
SIM4
1
21
22
SIM5
SIM1
SIM2
SIM3
SIM4
1
21
22
SIM5
SIM1
SIM2
SIM3
SIM4
1
21
22
SIM5
SIM1
SIM2
SIM3
SIM4
1
21
22
SIM5
SIM1
SIM2
SIM3
SIM4
1
21
22
SIM5
SIM1
SIM2
SIM3
SIM4
1
21
22
SIM5
SIM1
SIM2
SIM3
SIM4
1
21
22
SIM5
SIM1
SIM2
SIM3
SIM4
1
21
22
SIM5
SIM1
SIM2
SIM3
SIM4
1
21
22
SIM5
SIM1
SIM2
SIM3
SIM4
1
21
22
SIM5
SIM1
SIM2
SIM3
SIM4
1
21
22
SIM5
SIM1
SIM2
SIM3
SIM4
1
21
22
SIM5
SIM1
SIM2
SIM3
SIM4
1
21
22
SIM5
SIM1
SIM2
SIM3
SIM4
1
21
22
SIM5
SIM1
SIM2
SIM3
SIM4
1
21
22
SIM5
SIM1
SIM2
SIM3
SIM4
1
21
22
SIM5
SIM1
SIM2
SIM3
SIM4
1
21
22
SIM5
SIM1
SIM2
SIM3
SIM4
1
21
22
SIM5
SIM1
SIM2
SIM3
SIM4
1
21
22
SIM5
SIM1
SIM2
SIM3
SIM4
1
21
22
SIM5
SIM1
SIM2
SIM3
SIM4
1
21
22
SIM5
SIM1
SIM2
SIM3
SIM4
1
21
22
SIM5
SIM1
SIM2
SIM3
SIM4
1
21
22
SIM5
SIM1
SIM2
SIM3
SIM4
1
21
22
SIM5
SIM1
SIM2
SIM3
SIM4
1
21
22
SIM5
SIM1
SIM2
SIM3
SIM4
1
21
22
SIM5
SIM1
SIM2
SIM3
SIM4
1
21
22
SIM5
SIM1
SIM2
SIM3
SIM4
1
21
22
SIM5
SIM1
SIM2
SIM3
SIM4
1
21
22
SIM5
SIM1
SIM2
SIM3
SIM4
1
21
22
SIM5
SIM1
SIM2
SIM3
SIM4
1
21
22
SIM5
SIM1
SIM2
SIM3
SIM4
1
21
22
SIM5
SIM1
SIM2
SIM3
SIM4
1
21
22
SIM5
SIM1
SIM2
SIM3
SIM4
1
21
22
SIM5
SIM1
SIM2
SIM3
SIM4
1
21
22
SIM5
SIM1
SIM2
SIM3
SIM4
1
21
22
SIM5
SIM1
SIM2
SIM3
SIM4
1
21
22
SIM5
SIM1
SIM2
SIM3
SIM4
1
21
22
SIM5
SIM1
SIM2
SIM3
SIM4
1
21
22
SIM5
SIM1
SIM2
SIM3
SIM4
1
21
22
SIM5
SIM1
SIM2
SIM3
SIM4
1
21
22
SIM5
SIM1
SIM2
SIM3
SIM4
1
21
22
SIM5
SIM1
SIM2
SIM3
SIM4
1
21
22
SIM5
SIM1
SIM2
SIM3
SIM4
1
21
22
SIM5
SIM1
SIM2
SIM3
SIM4
1
21
22
SIM5
SIM1
SIM2
SIM3
SIM4
1
21
22
SIM5
SIM1
SIM2
SIM3
SIM4
1
21
22
SIM5
SIM1
SIM2
SIM3
SIM4
1
21
22
SIM5
SIM1
SIM2
SIM3
SIM4
1
21
22
SIM5
SIM1
SIM2
DEBUG 1 678
SIM1
SIM2
SIM3
SIM4
1
21
22
SIM5
SIM1
SIM2
SIM3
SIM4
1
21
22
SIM5
SIM1
SIM2
SIM3
SIM4
1
21
22
SIM5
SIM1
SIM2
SIM3
SIM4
1
21
22
SIM5
SIM1
SIM2
SIM3
SIM4
1
21
22
SIM5
SIM1
SIM2
SIM3
SIM4
1
21
22
SIM5
SIM1
SIM2
SIM3
SIM4
1
21
22
SIM5
SIM1
SIM2
SIM3
SIM4
1
21
22
SIM5
SIM1
SIM2
SIM3
SIM4
1
21
22
SIM5
SIM1
SIM2
SIM3
SIM4
1
21
22
SIM5
SIM1
SIM2
SIM3
SIM4
1
21
22
SIM5
SIM1
SIM2
SIM3
SIM4
1
21
22
SIM5
SIM1
SIM2
SIM3
SIM4
1
21
22
SIM5
SIM1
SIM2
SIM3
SIM4
1
21
22
SIM5
SIM1
SIM2
SIM3
SIM4
1
21
22
SIM5
SIM1
SIM2
SIM3
SIM4
1
21
22
SIM5
SIM1
SIM2
SIM3
SIM4
1
21
22
SIM5
SIM1
SIM2
SIM3
SIM4
1
21
22
SIM5
SIM1
SIM2
SIM3
SIM4
1
21
22
SIM5
SIM1
SIM2
SIM3
SIM4
1
21
22
SIM5
SIM1
SIM2
SIM3
SIM4
1
21
22
SIM5
SIM1
SIM2
SIM3
SIM4
1
21
22
SIM5
SIM1
SIM2
SIM3
SIM4
1
21
22
SIM5
SIM1
SIM2
SIM3
SIM4
1
21
22
SIM5
SIM1
SIM2
SIM3
SIM4
1
21
22
SIM5
SIM1
SIM2
SIM3
SIM4
1
21
22
SIM5
SIM1
SIM2
SIM3
SIM4
1
21
22
SIM5
SIM1
SIM2
SIM3
SIM4
1
21
22
SIM5
SIM1
SIM2
SIM3
SIM4
1
21
22
SIM5
SIM1
SIM2
SIM3
SIM4
1
21
22
SIM5
SIM1
SIM2
SIM3
SIM4
1
21
22
SIM5
SIM1
SIM2
SIM3
SIM4
1
21
22
SIM5
SIM1
SIM2
SIM3
SIM4
1
21
22
SIM5
SIM1
SIM2
SIM3
SIM4
1
21
22
SIM5
SIM1
SIM2
SIM3
SIM4
1
21
22
SIM5
SIM1
SIM2
SIM3
SIM4
1
21
22
SIM5
SIM1
SIM2
SIM3
SIM4
1
21
22
SIM5
SIM1
SIM2
SIM3
SIM4
1
21
22
SIM5
SIM1
SIM2
SIM3
SIM4
1
21
22
SIM5
SIM1
SIM2
SIM3
SIM4
1
21
22
SIM5
SIM1
SIM2
SIM3
SIM4
1
21
22
SIM5
SIM1
SIM2
SIM3
SIM4
1
21
22
SIM5
SIM1
SIM2
SIM3
SIM4
1
21
22
SIM5
SIM1
SIM2
SIM3
SIM4
1
21
22
SIM5
SIM1
SIM2
SIM3
SIM4
1
21
22
SIM5
SIM1
SIM2
SIM3
SIM4
1
21
22
SIM5
SIM1
SIM2
SIM3
SIM4
1
21
22
SIM5
SIM1
SIM2
SIM3
SIM4
1
21
22
SIM5
SIM1
SIM2
SIM3
SIM4
1
21
22
SIM5
SIM1
SIM2
SIM3
SIM4
1
21
22
SIM5
SIM1
SIM2
SIM3
SIM4
1
21
22
SIM5
SIM1
SIM2
SIM3
SIM4
1
21
22
SIM5
SIM1
SIM2
SIM3
SIM4
1
21
22
SIM5
SIM1
SIM2
SIM3
SIM4
1
21
22
SIM5
SIM1
SIM2
SIM3
SIM4
1
21
22
SIM5
SIM1
SIM2
SIM3
SIM4
1
21
22
SIM5
SIM1
SIM2
SIM3
SIM4
1
21
22
SIM5
SIM1
SIM2
SIM3
SIM4
1
21
22
SIM5
SIM1
SIM2
SIM3
SIM4
1
21
22
SIM5
SIM1
SIM2
SIM3
SIM4
1
21
22
SIM5
SIM1
SIM2
SIM3
SIM4
1
21
22
SIM5
SIM1
SIM2
SIM3
SIM4
1
21
22
SIM5
SIM1
SIM2
SIM3
SIM4
1
21
22
SIM5
SIM1
SIM2
SIM3
SIM4
1
21
22
SIM5
SIM1
SIM2
SIM3
SIM4
1
21
22
SIM5
SIM1
SIM2
SIM3
SIM4
1
21
22
SIM5
SIM1
SIM2
SIM3
SIM4
1
21
22
SIM5
SIM1
SIM2
SIM3
SIM4
1
21
22
SIM5
SIM1
SIM2
SIM3
SIM4
1
21
22
SIM5
SIM1
SIM2
SIM3
SIM4
1
21
22
SIM5
SIM1
SIM2
SIM3
SIM4
1
21
22
SIM5
SIM1
SIM2
SIM3
SIM4
1
21
22
SIM5
SIM1
SIM2
SIM3
SIM4
1
21
22
SIM5
SIM1
SIM2
SIM3
SIM4
1
21
22
SIM5
SIM1
SIM2
SIM3
SIM4
1
21
22
SIM5
SIM1
SIM2
SIM3
SIM4
1
21
22
SIM5
SIM1
SIM2
SIM3
SIM4
1
21
22
SIM5
SIM1
SIM2
SIM3
SIM4
1
21
22
SIM5
SIM1
SIM2
SIM3
SIM4
1
21
22
SIM5
SIM1
SIM2
SIM3
SIM4
1
21
22
SIM5
SIM1
SIM2
SIM3
SIM4
1
21
22
SIM5
SIM1
SIM2
SIM3
SIM4
1
21
22
SIM5
SIM1
SIM2
SIM3
SIM4
1
21
22
SIM5
SIM1
SIM2
SIM3
SIM4
1
21
22
SIM5
SIM1
SIM2
SIM3
SIM4
1
21
22
SIM5
SIM1
SIM2
SIM3
SIM4
1
21
22
SIM5
SIM1
SIM2
SIM3
SIM4
1
21
22
SIM5
SIM1
SIM2
SIM3
SIM4
1
21
22
SIM5
SIM1
SIM2
SIM3
SIM4
1
21
22
SIM5
SIM1
SIM2
SIM3
SIM4
1
21
22
SIM5
SIM1
SIM2
SIM3
SIM4
1
21
22
SIM5
SIM1
SIM2
SIM3
SIM4
1
21
22
SIM5
SIM1
SIM2
SIM3
SIM4
1
21
22
SIM5
SIM1
SIM2
SIM3
SIM4
1
21
22
SIM5
SIM1
SIM2
SIM3
SIM4
1
21
22
SIM5
SIM1
SIM2
SIM3
SIM4
1
21
22
SIM5
SIM1
SIM2
SIM3
SIM4
1
21
22
SIM5
SIM1
SIM2
SIM3
SIM4
1
21
22
SIM5
SIM1
SIM2
SIM3
SIM4
1
21
22
SIM5
SIM1
SIM2
SIM3
SIM4
1
21
22
SIM5
SIM1
SIM2
SIM3
SIM4
1
21
22
SIM5
SIM1
SIM2
SIM3
SIM4
1
21
22
SIM5
SIM1
SIM2
SIM3
SIM4
1
21
22
SIM5
SIM1
SIM2
SIM3
SIM4
1
21
22
SIM5
SIM1
SIM2
SIM3
SIM4
1
21
22
SIM5
SIM1
SIM2
SIM3
SIM4
1
21
22
SIM5
SIM1
SIM2
SIM3
SIM4
1
21
22
SIM5
SIM1
SIM2
SIM3
SIM4
1
21
22
SIM5
SIM1
SIM2
SIM3
SIM4
1
21
22
SIM5
SIM1
SIM2
SIM3
SIM4
1
21
22
SIM5
SIM1
SIM2
SIM3
SIM4
1
21
22
SIM5
SIM1
SIM2
SIM3
SIM4
1
21
22
SIM5
SIM1
SIM2
SIM3
SIM4
1
21
22
SIM5
SIM1
SIM2
SIM3
SIM4
1
21
22
SIM5
SIM1
SIM2
SIM3
SIM4
1
21
22
SIM5
SIM1
SIM2
SIM3
SIM4
1
21
22
SIM5
SIM1
SIM2
SIM3
SIM4
1
21
22
SIM5
SIM1
SIM2
SIM3
SIM4
1
21
22
SIM5
SIM1
SIM2
SIM3
SIM4
1
21
22
SIM5
SIM1
SIM2
SIM3
SIM4
1
21
22
SIM5
SIM1
SIM2
SIM3
SIM4
1
21
22
SIM5
SIM1
SIM2
SIM3
SIM4
1
21
22
SIM5
SIM1
SIM2
SIM3
SIM4
1
21
22
SIM5
SIM1
SIM2
SIM3
SIM4
1
21
22
SIM5
SIM1
SIM2
SIM3
SIM4
1
21
22
SIM5
SIM1
SIM2
SIM3
SIM4
1
21
22
SIM5
SIM1
SIM2
SIM3
SIM4
1
21
22
SIM5
SIM1
SIM2
SIM3
SIM4
1
21
22
SIM5
SIM1
SIM2
SIM3
SIM4
1
21
22
SIM5
SIM1
SIM2
SIM3
SIM4
1
21
22
SIM5
SIM1
SIM2
SIM3
SIM4
1
21
22
SIM5
SIM1
SIM2
SIM3
SIM4
1
21
22
SIM5
SIM1
SIM2
SIM3
SIM4
1
21
22
SIM5
SIM1
SIM2
SIM3
SIM4
1
21
22
SIM5
SIM1
SIM2
SIM3
SIM4
1
21
22
SIM5
SIM1
SIM2
SIM3
SIM4
1
21
22
SIM5
SIM1
SIM2
SIM3
SIM4
1
21
22
SIM5
SIM1
SIM2
SIM3
SIM4
1
21
22
SIM5
SIM1
SIM2
SIM3
SIM4
1
21
22
SIM5
SIM1
SIM2
SIM3
SIM4
1
21
22
SIM5
SIM1
SIM2
SIM3
SIM4
1
21
22
SIM5
SIM1
SIM2
SIM3
SIM4
1
21
22
SIM5
SIM1
SIM2
SIM3
SIM4
1
21
22
SIM5
SIM1
SIM2
SIM3
SIM4
1
21
22
SIM5
SIM1
SIM2
SIM3
SIM4
1
21
22
SIM5
SIM1
SIM2
SIM3
SIM4
1
21
22
SIM5
SIM1
SIM2
SIM3
SIM4
1
21
22
SIM5
SIM1
SIM2
SIM3
SIM4
1
21
22
SIM5
SIM1
SIM2
SIM3
SIM4
1
21
22
SIM5
SIM1
SIM2
SIM3
SIM4
1
21
22
SIM5
SIM1
SIM2
SIM3
SIM4
1
21
22
SIM5
SIM1
SIM2
SIM3
SIM4
1
21
22
SIM5
SIM1
SIM2
SIM3
SIM4
1
21
22
SIM5
SIM1
SIM2
SIM3
SIM4
1
21
22
SIM5
SIM1
SIM2
SIM3
SIM4
1
21
22
SIM5
SIM1
SIM2
SIM3
SIM4
1
21
22
SIM5
SIM1
SIM2
SIM3
SIM4
1
21
22
SIM5
SIM1
SIM2
SIM3
SIM4
1
21
22
SIM5
SIM1
SIM2
SIM3
SIM4
1
21
22
SIM5
SIM1
SIM2
SIM3
SIM4
1
21
22
SIM5
SIM1
SIM2
SIM3
SIM4
1
21
22
SIM5
SIM1
SIM2
SIM3
SIM4
1
21
22
SIM5
SIM1
SIM2
SIM3
SIM4
1
21
22
SIM5
SIM1
SIM2
SIM3
SIM4
1
21
22
SIM5
SIM1
SIM2
SIM3
SIM4
1
21
22
SIM5
SIM1
SIM2
SIM3
SIM4
1
21
22
SIM5
SIM1
SIM2
SIM3
SIM4
1
21
22
SIM5
SIM1
SIM2
SIM3
SIM4
1
21
22
SIM5
SIM1
SIM2
SIM3
SIM4
1
21
22
SIM5
SIM1
SIM2
SIM3
SIM4
1
21
22
SIM5
SIM1
SIM2
SIM3
SIM4
1
21
22
SIM5
SIM1
SIM2
SIM3
SIM4
1
21
22
SIM5
SIM1
SIM2
SIM3
SIM4
1
21
22
SIM5
SIM1
SIM2
SIM3
SIM4
1
21
22
SIM5
SIM1
SIM2
SIM3
SIM4
1
21
22
SIM5
SIM1
SIM2
SIM3
SIM4
1
21
22
SIM5
SIM1
SIM2
SIM3
SIM4
1
21
22
SIM5
SIM1
SIM2
SIM3
SIM4
1
21
22
SIM5
SIM1
SIM2
SIM3
SIM4
1
21
22
SIM5
SIM1
SIM2
SIM3
SIM4
1
21
22
SIM5
SIM1
SIM2
SIM3
SIM4
1
21
22
SIM5
SIM1
SIM2
SIM3
SIM4
1
21
22
SIM5
SIM1
SIM2
SIM3
SIM4
1
21
22
SIM5
SIM1
SIM2
SIM3
SIM4
1
21
22
SIM5
SIM1
SIM2
SIM3
SIM4
1
21
22
SIM5
SIM1
SIM2
SIM3
SIM4
1
21
22
SIM5
SIM1
SIM2
SIM3
SIM4
1
21
22
SIM5
SIM1
SIM2
SIM3
SIM4
1
21
22
SIM5
SIM1
SIM2
SIM3
SIM4
1
21
22
SIM5
SIM1
SIM2
SIM3
SIM4
1
21
22
SIM5
SIM1
SIM2
SIM3
SIM4
1
21
22
SIM5
SIM1
SIM2
SIM3
SIM4
1
21
22
SIM5
SIM1
SIM2
SIM3
SIM4
1
21
22
SIM5
SIM1
SIM2
SIM3
SIM4
1
21
22
SIM5
SIM1
SIM2
SIM3
SIM4
1
21
22
SIM5
SIM1
SIM2
SIM3
SIM4
1
21
22
SIM5
SIM1
SIM2
SIM3
SIM4
1
21
22
SIM5
SIM1
SIM2
SIM3
SIM4
1
21
22
SIM5
SIM1
SIM2
SIM3
SIM4
1
21
22
SIM5
SIM1
SIM2
SIM3
SIM4
1
21
22
SIM5
SIM1
SIM2
SIM3
SIM4
1
21
22
SIM5
SIM1
SIM2
SIM3
SIM4
1
21
22
SIM5
SIM1
SIM2
SIM3
SIM4
1
21
22
SIM5
SIM1
SIM2
SIM3
SIM4
1
21
22
SIM5
SIM1
SIM2
SIM3
SIM4
1
21
22
SIM5
SIM1
SIM2
SIM3
SIM4
1
21
22
SIM5
SIM1
SIM2
SIM3
SIM4
1
21
22
SIM5
SIM1
SIM2
SIM3
SIM4
1
21
22
SIM5
SIM1
SIM2
SIM3
SIM4
1
21
22
SIM5
SIM1
SIM2
SIM3
SIM4
1
21
22
SIM5
SIM1
SIM2
SIM3
SIM4
1
21
22
SIM5
SIM1
SIM2
SIM3
SIM4
1
21
22
SIM5
SIM1
SIM2
SIM3
SIM4
1
21
22
SIM5
SIM1
SIM2
SIM3
SIM4
1
21
22
SIM5
SIM1
SIM2
SIM3
SIM4
1
21
22
SIM5
SIM1
SIM2
SIM3
SIM4
1
21
22
SIM5
SIM1
SIM2
SIM3
SIM4
1
21
22
SIM5
SIM1
SIM2
SIM3
SIM4
1
21
22
SIM5
SIM1
SIM2
SIM3
SIM4
1
21
22
SIM5
SIM1
SIM2
SIM3
SIM4
1
21
22
SIM5
SIM1
SIM2
SIM3
SIM4
1
21
22
SIM5
SIM1
SIM2
DEBUG 1 679
SIM1
SIM2
SIM3
SIM4
1
21
22
SIM5
SIM1
SIM2
SIM3
SIM4
1
21
22
SIM5
SIM1
SIM2
SIM3
SIM4
1
21
22
SIM5
SIM1
SIM2
SIM3
SIM4
1
21
22
SIM5
SIM1
SIM2
SIM3
SIM4
1
21
22
SIM5
SIM1
SIM2
SIM3
SIM4
1
21
22
SIM5
SIM1
SIM2
SIM3
SIM4
1
21
22
SIM5
SIM1
SIM2
SIM3
SIM4
1
21
22
SIM5
SIM1
SIM2
SIM3
SIM4
1
21
22
SIM5
SIM1
SIM2
SIM3
SIM4
1
21
22
SIM5
SIM1
SIM2
SIM3
SIM4
1
21
22
SIM5
SIM1
SIM2
SIM3
SIM4
1
21
22
SIM5
SIM1
SIM2
SIM3
SIM4
1
21
22
SIM5
SIM1
SIM2
SIM3
SIM4
1
21
22
SIM5
SIM1
SIM2
SIM3
SIM4
1
21
22
SIM5
SIM1
SIM2
SIM3
SIM4
1
21
22
SIM5
SIM1
SIM2
SIM3
SIM4
1
21
22
SIM5
SIM1
SIM2
SIM3
SIM4
1
21
22
SIM5
SIM1
SIM2
SIM3
SIM4
1
21
22
SIM5
SIM1
SIM2
SIM3
SIM4
1
21
22
SIM5
SIM1
SIM2
SIM3
SIM4
1
21
22
SIM5
SIM1
SIM2
SIM3
SIM4
1
21
22
SIM5
SIM1
SIM2
SIM3
SIM4
1
21
22
SIM5
SIM1
SIM2
SIM3
SIM4
1
21
22
SIM5
SIM1
SIM2
SIM3
SIM4
1
21
22
SIM5
SIM1
SIM2
SIM3
SIM4
1
21
22
SIM5
SIM1
SIM2
SIM3
SIM4
1
21
22
SIM5
SIM1
SIM2
SIM3
SIM4
1
21
22
SIM5
SIM1
SIM2
SIM3
SIM4
1
21
22
SIM5
SIM1
SIM2
SIM3
SIM4
1
21
22
SIM5
SIM1
SIM2
SIM3
SIM4
1
21
22
SIM5
SIM1
SIM2
SIM3
SIM4
1
21
22
SIM5
SIM1
SIM2
SIM3
SIM4
1
21
22
SIM5
SIM1
SIM2
SIM3
SIM4
1
21
22
SIM5
SIM1
SIM2
SIM3
SIM4
1
21
22
SIM5
SIM1
SIM2
SIM3
SIM4
1
21
22
SIM5
SIM1
SIM2
SIM3
SIM4
1
21
22
SIM5
SIM1
SIM2
SIM3
SIM4
1
21
22
SIM5
SIM1
SIM2
SIM3
SIM4
1
21
22
SIM5
SIM1
SIM2
SIM3
SIM4
1
21
22
SIM5
SIM1
SIM2
SIM3
SIM4
1
21
22
SIM5
SIM1
SIM2
SIM3
SIM4
1
21
22
SIM5
SIM1
SIM2
SIM3
SIM4
1
21
22
SIM5
SIM1
SIM2
SIM3
SIM4
1
21
22
SIM5
SIM1
SIM2
SIM3
SIM4
1
21
22
SIM5
SIM1
SIM2
SIM3
SIM4
1
21
22
SIM5
SIM1
SIM2
SIM3
SIM4
1
21
22
SIM5
SIM1
SIM2
SIM3
SIM4
1
21
22
SIM5
SIM1
SIM2
SIM3
SIM4
1
21
22
SIM5
SIM1
SIM2
SIM3
SIM4
1
21
22
SIM5
SIM1
SIM2
SIM3
SIM4
1
21
22
SIM5
SIM1
SIM2
SIM3
SIM4
1
21
22
SIM5
SIM1
SIM2
SIM3
SIM4
1
21
22
SIM5
SIM1
SIM2
SIM3
SIM4
1
21
22
SIM5
SIM1
SIM2
SIM3
SIM4
1
21
22
SIM5
SIM1
SIM2
SIM3
SIM4
1
21
22
SIM5
SIM1
SIM2
SIM3
SIM4
1
21
22
SIM5
SIM1
SIM2
SIM3
SIM4
1
21
22
SIM5
SIM1
SIM2
SIM3
SIM4
1
21
22
SIM5
SIM1
SIM2
SIM3
SIM4
1
21
22
SIM5
SIM1
SIM2
SIM3
SIM4
1
21
22
SIM5
SIM1
SIM2
SIM3
SIM4
1
21
22
SIM5
SIM1
SIM2
SIM3
SIM4
1
21
22
SIM5
SIM1
SIM2
SIM3
SIM4
1
21
22
SIM5
SIM1
SIM2
SIM3
SIM4
1
21
22
SIM5
SIM1
SIM2
SIM3
SIM4
1
21
22
SIM5
SIM1
SIM2
SIM3
SIM4
1
21
22
SIM5
SIM1
SIM2
SIM3
SIM4
1
21
22
SIM5
SIM1
SIM2
SIM3
SIM4
1
21
22
SIM5
SIM1
SIM2
SIM3
SIM4
1
21
22
SIM5
SIM1
SIM2
SIM3
SIM4
1
21
22
SIM5
SIM1
SIM2
SIM3
SIM4
1
21
22
SIM5
SIM1
SIM2
SIM3
SIM4
1
21
22
SIM5
SIM1
SIM2
SIM3
SIM4
1
21
22
SIM5
SIM1
SIM2
SIM3
SIM4
1
21
22
SIM5
SIM1
SIM2
SIM3
SIM4
1
21
22
SIM5
SIM1
SIM2
SIM3
SIM4
1
21
22
SIM5
SIM1
SIM2
SIM3
SIM4
1
21
22
SIM5
SIM1
SIM2
SIM3
SIM4
1
21
22
SIM5
SIM1
SIM2
SIM3
SIM4
1
21
22
SIM5
SIM1
SIM2
SIM3
SIM4
1
21
22
SIM5
SIM1
SIM2
SIM3
SIM4
1
21
22
SIM5
SIM1
SIM2
SIM3
SIM4
1
21
22
SIM5
SIM1
SIM2
SIM3
SIM4
1
21
22
SIM5
SIM1
SIM2
SIM3
SIM4
1
21
22
SIM5
SIM1
SIM2
SIM3
SIM4
1
21
22
SIM5
SIM1
SIM2
SIM3
SIM4
1
21
22
SIM5
SIM1
SIM2
SIM3
SIM4
1
21
22
SIM5
SIM1
SIM2
SIM3
SIM4
1
21
22
SIM5
SIM1
SIM2
SIM3
SIM4
1
21
22
SIM5
SIM1
SIM2
SIM3
SIM4
1
21
22
SIM5
SIM1
SIM2
SIM3
SIM4
1
21
22
SIM5
SIM1
SIM2
SIM3
SIM4
1
21
22
SIM5
SIM1
SIM2
SIM3
SIM4
1
21
22
SIM5
SIM1
SIM2
SIM3
SIM4
1
21
22
SIM5
SIM1
SIM2
SIM3
SIM4
1
21
22
SIM5
SIM1
SIM2
SIM3
SIM4
1
21
22
SIM5
SIM1
SIM2
SIM3
SIM4
1
21
22
SIM5
SIM1
SIM2
SIM3
SIM4
1
21
22
SIM5
SIM1
SIM2
SIM3
SIM4
1
21
22
SIM5
SIM1
SIM2
SIM3
SIM4
1
21
22
SIM5
SIM1
SIM2
SIM3
SIM4
1
21
22
SIM5
SIM1
SIM2
SIM3
SIM4
1
21
22
SIM5
SIM1
SIM2
SIM3
SIM4
1
21
22
SIM5
SIM1
SIM2
SIM3
SIM4
1
21
22
SIM5
SIM1
SIM2
SIM3
SIM4
1
21
22
SIM5
SIM1
SIM2
SIM3
SIM4
1
21
22
SIM5
SIM1
SIM2
SIM3
SIM4
1
21
22
SIM5
SIM1
SIM2
SIM3
SIM4
1
21
22
SIM5
SIM1
SIM2
SIM3
SIM4
1
21
22
SIM5
SIM1
SIM2
SIM3
SIM4
1
21
22
SIM5
SIM1
SIM2
SIM3
SIM4
1
21
22
SIM5
SIM1
SIM2
SIM3
SIM4
1
21
22
SIM5
SIM1
SIM2
SIM3
SIM4
1
21
22
SIM5
SIM1
SIM2
SIM3
SIM4
1
21
22
SIM5
SIM1
SIM2
SIM3
SIM4
1
21
22
SIM5
SIM1
SIM2
SIM3
SIM4
1
21
22
SIM5
SIM1
SIM2
SIM3
SIM4
1
21
22
SIM5
SIM1
SIM2
SIM3
SIM4
1
21
22
SIM5
SIM1
SIM2
SIM3
SIM4
1
21
22
SIM5
SIM1
SIM2
SIM3
SIM4
1
21
22
SIM5
SIM1
SIM2
SIM3
SIM4
1
21
22
SIM5
SIM1
SIM2
SIM3
SIM4
1
21
22
SIM5
SIM1
SIM2
SIM3
SIM4
1
21
22
SIM5
SIM1
SIM2
SIM3
SIM4
1
21
22
SIM5
SIM1
SIM2
SIM3
SIM4
1
21
22
SIM5
SIM1
SIM2
SIM3
SIM4
1
21
22
SIM5
SIM1
SIM2
SIM3
SIM4
1
21
22
SIM5
SIM1
SIM2
SIM3
SIM4
1
21
22
SIM5
SIM1
SIM2
SIM3
SIM4
1
21
22
SIM5
SIM1
SIM2
SIM3
SIM4
1
21
22
SIM5
SIM1
SIM2
SIM3
SIM4
1
21
22
SIM5
SIM1
SIM2
SIM3
SIM4
1
21
22
SIM5
SIM1
SIM2
SIM3
SIM4
1
21
22
SIM5
SIM1
SIM2
SIM3
SIM4
1
21
22
SIM5
SIM1
SIM2
SIM3
SIM4
1
21
22
SIM5
SIM1
SIM2
SIM3
SIM4
1
21
22
SIM5
SIM1
SIM2
SIM3
SIM4
1
21
22
SIM5
SIM1
SIM2
SIM3
SIM4
1
21
22
SIM5
SIM1
SIM2
SIM3
SIM4
1
21
22
SIM5
SIM1
SIM2
SIM3
SIM4
1
21
22
SIM5
SIM1
SIM2
SIM3
SIM4
1
21
22
SIM5
SIM1
SIM2
SIM3
SIM4
1
21
22
SIM5
SIM1
SIM2
SIM3
SIM4
1
21
22
SIM5
SIM1
SIM2
SIM3
SIM4
1
21
22
SIM5
SIM1
SIM2
SIM3
SIM4
1
21
22
SIM5
SIM1
SIM2
SIM3
SIM4
1
21
22
SIM5
SIM1
SIM2
SIM3
SIM4
1
21
22
SIM5
SIM1
SIM2
SIM3
SIM4
1
21
22
SIM5
SIM1
SIM2
SIM3
SIM4
1
21
22
SIM5
SIM1
SIM2
SIM3
SIM4
1
21
22
SIM5
SIM1
SIM2
SIM3
SIM4
1
21
22
SIM5
SIM1
SIM2
SIM3
SIM4
1
21
22
SIM5
SIM1
SIM2
SIM3
SIM4
1
21
22
SIM5
SIM1
SIM2
SIM3
SIM4
1
21
22
SIM5
SIM1
SIM2
DEBUG 1 680
SIM1
SIM2
SIM3
SIM4
1
21
22
SIM5
SIM1
SIM2
SIM3
SIM4
1
21
22
SIM5
SIM1
SIM2
SIM3
SIM4
1
21
22
SIM5
SIM1
SIM2
SIM3
SIM4
1
21
22
SIM5
SIM1
SIM2
SIM3
SIM4
1
21
22
SIM5
SIM1
SIM2
SIM3
SIM4
1
21
22
SIM5
SIM1
SIM2
SIM3
SIM4
1
21
22
SIM5
SIM1
SIM2
SIM3
SIM4
1
21
22
SIM5
SIM1
SIM2
SIM3
SIM4
1
21
22
SIM5
SIM1
SIM2
SIM3
SIM4
1
21
22
SIM5
SIM1
SIM2
SIM3
SIM4
1
21
22
SIM5
SIM1
SIM2
SIM3
SIM4
1
21
22
SIM5
SIM1
SIM2
SIM3
SIM4
1
21
22
SIM5
SIM1
SIM2
SIM3
SIM4
1
21
22
SIM5
SIM1
SIM2
SIM3
SIM4
1
21
22
SIM5
SIM1
SIM2
SIM3
SIM4
1
21
22
SIM5
SIM1
SIM2
SIM3
SIM4
1
21
22
SIM5
SIM1
SIM2
SIM3
SIM4
1
21
22
SIM5
SIM1
SIM2
SIM3
SIM4
1
21
22
SIM5
SIM1
SIM2
SIM3
SIM4
1
21
22
SIM5
SIM1
SIM2
SIM3
SIM4
1
21
22
SIM5
SIM1
SIM2
SIM3
SIM4
1
21
22
SIM5
SIM1
SIM2
SIM3
SIM4
1
21
22
SIM5
SIM1
SIM2
SIM3
SIM4
1
21
22
SIM5
SIM1
SIM2
SIM3
SIM4
1
21
22
SIM5
SIM1
SIM2
SIM3
SIM4
1
21
22
SIM5
SIM1
SIM2
SIM3
SIM4
1
21
22
SIM5
SIM1
SIM2
SIM3
SIM4
1
21
22
SIM5
SIM1
SIM2
SIM3
SIM4
1
21
22
SIM5
SIM1
SIM2
SIM3
SIM4
1
21
22
SIM5
SIM1
SIM2
SIM3
SIM4
1
21
22
SIM5
SIM1
SIM2
SIM3
SIM4
1
21
22
SIM5
SIM1
SIM2
SIM3
SIM4
1
21
22
SIM5
SIM1
SIM2
SIM3
SIM4
1
21
22
SIM5
SIM1
SIM2
SIM3
SIM4
1
21
22
SIM5
SIM1
SIM2
SIM3
SIM4
1
21
22
SIM5
SIM1
SIM2
SIM3
SIM4
1
21
22
SIM5
SIM1
SIM2
SIM3
SIM4
1
21
22
SIM5
SIM1
SIM2
SIM3
SIM4
1
21
22
SIM5
SIM1
SIM2
SIM3
SIM4
1
21
22
SIM5
SIM1
SIM2
SIM3
SIM4
1
21
22
SIM5
SIM1
SIM2
SIM3
SIM4
1
21
22
SIM5
SIM1
SIM2
SIM3
SIM4
1
21
22
SIM5
SIM1
SIM2
SIM3
SIM4
1
21
22
SIM5
SIM1
SIM2
SIM3
SIM4
1
21
22
SIM5
SIM1
SIM2
SIM3
SIM4
1
21
22
SIM5
SIM1
SIM2
SIM3
SIM4
1
21
22
SIM5
SIM1
SIM2
SIM3
SIM4
1
21
22
SIM5
SIM1
SIM2
SIM3
SIM4
1
21
22
SIM5
SIM1
SIM2
SIM3
SIM4
1
21
22
SIM5
SIM1
SIM2
SIM3
SIM4
1
21
22
SIM5
SIM1
SIM2
SIM3
SIM4
1
21
22
SIM5
SIM1
SIM2
SIM3
SIM4
1
21
22
SIM5
SIM1
SIM2
SIM3
SIM4
1
21
22
SIM5
SIM1
SIM2
SIM3
SIM4
1
21
22
SIM5
SIM1
SIM2
SIM3
SIM4
1
21
22
SIM5
SIM1
SIM2
SIM3
SIM4
1
21
22
SIM5
SIM1
SIM2
SIM3
SIM4
1
21
22
SIM5
SIM1
SIM2
SIM3
SIM4
1
21
22
SIM5
SIM1
SIM2
SIM3
SIM4
1
21
22
SIM5
SIM1
SIM2
SIM3
SIM4
1
21
22
SIM5
SIM1
SIM2
SIM3
SIM4
1
21
22
SIM5
SIM1
SIM2
SIM3
SIM4
1
21
22
SIM5
SIM1
SIM2
SIM3
SIM4
1
21
22
SIM5
SIM1
SIM2
SIM3
SIM4
1
21
22
SIM5
SIM1
SIM2
SIM3
SIM4
1
21
22
SIM5
SIM1
SIM2
SIM3
SIM4
1
21
22
SIM5
SIM1
SIM2
SIM3
SIM4
1
21
22
SIM5
SIM1
SIM2
SIM3
SIM4
1
21
22
SIM5
SIM1
SIM2
SIM3
SIM4
1
21
22
SIM5
SIM1
SIM2
SIM3
SIM4
1
21
22
SIM5
SIM1
SIM2
SIM3
SIM4
1
21
22
SIM5
SIM1
SIM2
SIM3
SIM4
1
21
22
SIM5
SIM1
SIM2
SIM3
SIM4
1
21
22
SIM5
SIM1
SIM2
SIM3
SIM4
1
21
22
SIM5
SIM1
SIM2
SIM3
SIM4
1
21
22
SIM5
SIM1
SIM2
SIM3
SIM4
1
21
22
SIM5
SIM1
SIM2
SIM3
SIM4
1
21
22
SIM5
SIM1
SIM2
SIM3
SIM4
1
21
22
SIM5
SIM1
SIM2
SIM3
SIM4
1
21
22
SIM5
SIM1
SIM2
SIM3
SIM4
1
21
22
SIM5
SIM1
SIM2
SIM3
SIM4
1
21
22
SIM5
SIM1
SIM2
SIM3
SIM4
1
21
22
SIM5
SIM1
SIM2
SIM3
SIM4
1
21
22
SIM5
SIM1
SIM2
SIM3
SIM4
1
21
22
SIM5
SIM1
SIM2
SIM3
SIM4
1
21
22
SIM5
SIM1
SIM2
SIM3
SIM4
1
21
22
SIM5
SIM1
SIM2
SIM3
SIM4
1
21
22
SIM5
SIM1
SIM2
SIM3
SIM4
1
21
22
SIM5
SIM1
SIM2
SIM3
SIM4
1
21
22
SIM5
SIM1
SIM2
SIM3
SIM4
1
21
22
SIM5
SIM1
SIM2
SIM3
SIM4
1
21
22
SIM5
SIM1
SIM2
SIM3
SIM4
1
21
22
SIM5
SIM1
SIM2
SIM3
SIM4
1
21
22
SIM5
SIM1
SIM2
SIM3
SIM4
1
21
22
SIM5
SIM1
SIM2
SIM3
SIM4
1
21
22
SIM5
SIM1
SIM2
SIM3
SIM4
1
21
22
SIM5
SIM1
SIM2
SIM3
SIM4
1
21
22
SIM5
SIM1
SIM2
SIM3
SIM4
1
21
22
SIM5
SIM1
SIM2
SIM3
SIM4
1
21
22
SIM5
SIM1
SIM2
SIM3
SIM4
1
21
22
SIM5
SIM1
SIM2
SIM3
SIM4
1
21
22
SIM5
SIM1
SIM2
SIM3
SIM4
1
21
22
SIM5
SIM1
SIM2
SIM3
SIM4
1
21
22
SIM5
SIM1
SIM2
SIM3
SIM4
1
21
22
SIM5
SIM1
SIM2
SIM3
SIM4
1
21
22
SIM5
SIM1
SIM2
SIM3
SIM4
1
21
22
SIM5
SIM1
SIM2
SIM3
SIM4
1
21
22
SIM5
SIM1
SIM2
SIM3
SIM4
1
21
22
SIM5
SIM1
SIM2
SIM3
SIM4
1
21
22
SIM5
SIM1
SIM2
SIM3
SIM4
1
21
22
SIM5
SIM1
SIM2
SIM3
SIM4
1
21
22
SIM5
SIM1
SIM2
SIM3
SIM4
1
21
22
SIM5
SIM1
SIM2
SIM3
SIM4
1
21
22
SIM5
SIM1
SIM2
SIM3
SIM4
1
21
22
SIM5
SIM1
SIM2
SIM3
SIM4
1
21
22
SIM5
SIM1
SIM2
SIM3
SIM4
1
21
22
SIM5
SIM1
SIM2
SIM3
SIM4
1
21
22
SIM5
SIM1
SIM2
SIM3
SIM4
1
21
22
SIM5
SIM1
SIM2
SIM3
SIM4
1
21
22
SIM5
SIM1
SIM2
SIM3
SIM4
1
21
22
SIM5
SIM1
SIM2
SIM3
SIM4
1
21
22
SIM5
SIM1
SIM2
SIM3
SIM4
1
21
22
SIM5
SIM1
SIM2
SIM3
SIM4
1
21
22
SIM5
SIM1
SIM2
SIM3
SIM4
1
21
22
SIM5
SIM1
SIM2
SIM3
SIM4
1
21
22
SIM5
SIM1
SIM2
SIM3
SIM4
1
21
22
SIM5
SIM1
SIM2
SIM3
SIM4
1
21
22
SIM5
SIM1
SIM2
SIM3
SIM4
1
21
22
SIM5
SIM1
SIM2
SIM3
SIM4
1
21
22
SIM5
SIM1
SIM2
SIM3
SIM4
1
21
22
SIM5
SIM1
SIM2
SIM3
SIM4
1
21
22
SIM5
SIM1
SIM2
SIM3
SIM4
1
21
22
SIM5
SIM1
SIM2
SIM3
SIM4
1
21
22
SIM5
SIM1
SIM2
SIM3
SIM4
1
21
22
SIM5
SIM1
SIM2
SIM3
SIM4
1
21
22
SIM5
SIM1
SIM2
SIM3
SIM4
1
21
22
SIM5
SIM1
SIM2
SIM3
SIM4
1
21
22
SIM5
SIM1
SIM2
SIM3
SIM4
1
21
22
SIM5
SIM1
SIM2
SIM3
SIM4
1
21
22
SIM5
SIM1
SIM2
SIM3
SIM4
1
21
22
SIM5
SIM1
SIM2
SIM3
SIM4
1
21
22
SIM5
SIM1
SIM2
SIM3
SIM4
1
21
22
SIM5
SIM1
SIM2
SIM3
SIM4
1
21
22
SIM5
SIM1
SIM2
SIM3
SIM4
1
21
22
SIM5
SIM1
SIM2
SIM3
SIM4
1
21
22
SIM5
SIM1
SIM2
SIM3
SIM4
1
21
22
SIM5
SIM1
SIM2
SIM3
SIM4
1
21
22
SIM5
SIM1
SIM2
SIM3
SIM4
1
21
22
SIM5
SIM1
SIM2
SIM3
SIM4
1
21
22
SIM5
SIM1
SIM2
SIM3
SIM4
1
21
22
SIM5
SIM1
SIM2
SIM3
SIM4
1
21
22
SIM5
SIM1
SIM2
SIM3
SIM4
1
21
22
SIM5
SIM1
SIM2
SIM3
SIM4
1
21
22
SIM5
SIM1
SIM2
SIM3
SIM4
1
21
22
SIM5
SIM1
SIM2
SIM3
SIM4
1
21
22
SIM5
SIM1
SIM2
SIM3
SIM4
1
21
22
SIM5
SIM1
SIM2
SIM3
SIM4
1
21
22
SIM5
SIM1
SIM2
SIM3
SIM4
1
21
22
SIM5
SIM1
SIM2
SIM3
SIM4
1
21
22
SIM5
SIM1
SIM2
SIM3
SIM4
1
21
22
SIM5
SIM1
SIM2
SIM3
SIM4
1
21
22
SIM5
SIM1
SIM2
SIM3
SIM4
1
21
22
SIM5
SIM1
SIM2
SIM3
SIM4
1
21
22
SIM5
SIM1
SIM2
SIM3
SIM4
1
21
22
SIM5
SIM1
SIM2
SIM3
SIM4
1
21
22
SIM5
SIM1
SIM2
SIM3
SIM4
1
21
22
SIM5
SIM1
SIM2
SIM3
SIM4
1
21
22
SIM5
SIM1
SIM2
SIM3
SIM4
1
21
22
SIM5
SIM1
SIM2
SIM3
SIM4
1
21
22
SIM5
SIM1
SIM2
SIM3
SIM4
1
21
22
SIM5
SIM1
SIM2
SIM3
SIM4
1
21
22
SIM5
SIM1
SIM2
SIM3
SIM4
1
21
22
SIM5
SIM1
SIM2
SIM3
SIM4
1
21
22
SIM5
SIM1
SIM2
SIM3
SIM4
1
21
22
SIM5
SIM1
SIM2
SIM3
SIM4
1
21
22
SIM5
SIM1
SIM2
SIM3
SIM4
1
21
22
SIM5
SIM1
SIM2
SIM3
SIM4
1
21
22
SIM5
SIM1
SIM2
SIM3
SIM4
1
21
22
SIM5
SIM1
SIM2
SIM3
SIM4
1
21
22
SIM5
SIM1
SIM2
SIM3
SIM4
1
21
22
SIM5
SIM1
SIM2
SIM3
SIM4
1
21
22
SIM5
SIM1
SIM2
SIM3
SIM4
1
21
22
SIM5
SIM1
SIM2
SIM3
SIM4
1
21
22
SIM5
SIM1
SIM2
SIM3
SIM4
1
21
22
SIM5
SIM1
SIM2
SIM3
SIM4
1
21
22
SIM5
SIM1
SIM2
SIM3
SIM4
1
21
22
SIM5
SIM1
SIM2
SIM3
SIM4
1
21
22
SIM5
SIM1
SIM2
SIM3
SIM4
1
21
22
SIM5
SIM1
SIM2
SIM3
SIM4
1
21
22
SIM5
SIM1
SIM2
SIM3
SIM4
1
21
22
SIM5
SIM1
SIM2
SIM3
SIM4
1
21
22
SIM5
SIM1
SIM2
SIM3
SIM4
1
21
22
SIM5
SIM1
SIM2
SIM3
SIM4
1
21
22
SIM5
SIM1
SIM2
SIM3
SIM4
1
21
22
SIM5
SIM1
SIM2
SIM3
SIM4
1
21
22
SIM5
SIM1
SIM2
SIM3
SIM4
1
21
22
SIM5
SIM1
SIM2
SIM3
SIM4
1
21
22
SIM5
SIM1
SIM2
SIM3
SIM4
1
21
22
SIM5
SIM1
SIM2
SIM3
SIM4
1
21
22
SIM5
SIM1
SIM2
DEBUG 1 681
SIM1
SIM2
SIM3
SIM4
1
21
22
SIM5
SIM1
SIM2
SIM3
SIM4
1
21
22
SIM5
SIM1
SIM2
SIM3
SIM4
1
21
22
SIM5
SIM1
SIM2
SIM3
SIM4
1
21
22
SIM5
SIM1
SIM2
SIM3
SIM4
1
21
22
SIM5
SIM1
SIM2
SIM3
SIM4
1
21
22
SIM5
SIM1
SIM2
SIM3
SIM4
1
21
22
SIM5
SIM1
SIM2
SIM3
SIM4
1
21
22
SIM5
SIM1
SIM2
SIM3
SIM4
1
21
22
SIM5
SIM1
SIM2
SIM3
SIM4
1
21
22
SIM5
SIM1
SIM2
SIM3
SIM4
1
21
22
SIM5
SIM1
SIM2
SIM3
SIM4
1
21
22
SIM5
SIM1
SIM2
SIM3
SIM4
1
21
22
SIM5
SIM1
SIM2
SIM3
SIM4
1
21
22
SIM5
SIM1
SIM2
SIM3
SIM4
1
21
22
SIM5
SIM1
SIM2
SIM3
SIM4
1
21
22
SIM5
SIM1
SIM2
SIM3
SIM4
1
21
22
SIM5
SIM1
SIM2
SIM3
SIM4
1
21
22
SIM5
SIM1
SIM2
SIM3
SIM4
1
21
22
SIM5
SIM1
SIM2
SIM3
SIM4
1
21
22
SIM5
SIM1
SIM2
SIM3
SIM4
1
21
22
SIM5
SIM1
SIM2
SIM3
SIM4
1
21
22
SIM5
SIM1
SIM2
SIM3
SIM4
1
21
22
SIM5
SIM1
SIM2
SIM3
SIM4
1
21
22
SIM5
SIM1
SIM2
SIM3
SIM4
1
21
22
SIM5
SIM1
SIM2
SIM3
SIM4
1
21
22
SIM5
SIM1
SIM2
SIM3
SIM4
1
21
22
SIM5
SIM1
SIM2
SIM3
SIM4
1
21
22
SIM5
SIM1
SIM2
SIM3
SIM4
1
21
22
SIM5
SIM1
SIM2
SIM3
SIM4
1
21
22
SIM5
SIM1
SIM2
SIM3
SIM4
1
21
22
SIM5
SIM1
SIM2
SIM3
SIM4
1
21
22
SIM5
SIM1
SIM2
SIM3
SIM4
1
21
22
SIM5
SIM1
SIM2
SIM3
SIM4
1
21
22
SIM5
SIM1
SIM2
SIM3
SIM4
1
21
22
SIM5
SIM1
SIM2
SIM3
SIM4
1
21
22
SIM5
SIM1
SIM2
SIM3
SIM4
1
21
22
SIM5
SIM1
SIM2
SIM3
SIM4
1
21
22
SIM5
SIM1
SIM2
SIM3
SIM4
1
21
22
SIM5
SIM1
SIM2
SIM3
SIM4
1
21
22
SIM5
SIM1
SIM2
SIM3
SIM4
1
21
22
SIM5
SIM1
SIM2
SIM3
SIM4
1
21
22
SIM5
SIM1
SIM2
SIM3
SIM4
1
21
22
SIM5
SIM1
SIM2
SIM3
SIM4
1
21
22
SIM5
SIM1
SIM2
SIM3
SIM4
1
21
22
SIM5
SIM1
SIM2
SIM3
SIM4
1
21
22
SIM5
SIM1
SIM2
SIM3
SIM4
1
21
22
SIM5
SIM1
SIM2
SIM3
SIM4
1
21
22
SIM5
SIM1
SIM2
SIM3
SIM4
1
21
22
SIM5
SIM1
SIM2
SIM3
SIM4
1
21
22
SIM5
SIM1
SIM2
SIM3
SIM4
1
21
22
SIM5
SIM1
SIM2
SIM3
SIM4
1
21
22
SIM5
SIM1
SIM2
SIM3
SIM4
1
21
22
SIM5
SIM1
SIM2
SIM3
SIM4
1
21
22
SIM5
SIM1
SIM2
SIM3
SIM4
1
21
22
SIM5
SIM1
SIM2
SIM3
SIM4
1
21
22
SIM5
SIM1
SIM2
SIM3
SIM4
1
21
22
SIM5
SIM1
SIM2
SIM3
SIM4
1
21
22
SIM5
SIM1
SIM2
SIM3
SIM4
1
21
22
SIM5
SIM1
SIM2
SIM3
SIM4
1
21
22
SIM5
SIM1
SIM2
SIM3
SIM4
1
21
22
SIM5
SIM1
SIM2
SIM3
SIM4
1
21
22
SIM5
SIM1
SIM2
SIM3
SIM4
1
21
22
SIM5
SIM1
SIM2
SIM3
SIM4
1
21
22
SIM5
SIM1
SIM2
SIM3
SIM4
1
21
22
SIM5
SIM1
SIM2
SIM3
SIM4
1
21
22
SIM5
SIM1
SIM2
SIM3
SIM4
1
21
22
SIM5
SIM1
SIM2
SIM3
SIM4
1
21
22
SIM5
SIM1
SIM2
SIM3
SIM4
1
21
22
SIM5
SIM1
SIM2
SIM3
SIM4
1
21
22
SIM5
SIM1
SIM2
SIM3
SIM4
1
21
22
SIM5
SIM1
SIM2
SIM3
SIM4
1
21
22
SIM5
SIM1
SIM2
SIM3
SIM4
1
21
22
SIM5
SIM1
SIM2
SIM3
SIM4
1
21
22
SIM5
SIM1
SIM2
SIM3
SIM4
1
21
22
SIM5
SIM1
SIM2
SIM3
SIM4
1
21
22
SIM5
SIM1
SIM2
SIM3
SIM4
1
21
22
SIM5
SIM1
SIM2
SIM3
SIM4
1
21
22
SIM5
SIM1
SIM2
SIM3
SIM4
1
21
22
SIM5
SIM1
SIM2
SIM3
SIM4
1
21
22
SIM5
SIM1
SIM2
SIM3
SIM4
1
21
22
SIM5
SIM1
SIM2
SIM3
SIM4
1
21
22
SIM5
SIM1
SIM2
SIM3
SIM4
1
21
22
SIM5
SIM1
SIM2
SIM3
SIM4
1
21
22
SIM5
SIM1
SIM2
SIM3
SIM4
1
21
22
SIM5
SIM1
SIM2
SIM3
SIM4
1
21
22
SIM5
SIM1
SIM2
SIM3
SIM4
1
21
22
SIM5
SIM1
SIM2
SIM3
SIM4
1
21
22
SIM5
SIM1
SIM2
SIM3
SIM4
1
21
22
SIM5
SIM1
SIM2
SIM3
SIM4
1
21
22
SIM5
SIM1
SIM2
SIM3
SIM4
1
21
22
SIM5
SIM1
SIM2
SIM3
SIM4
1
21
22
SIM5
SIM1
SIM2
SIM3
SIM4
1
21
22
SIM5
SIM1
SIM2
SIM3
SIM4
1
21
22
SIM5
SIM1
SIM2
SIM3
SIM4
1
21
22
SIM5
SIM1
SIM2
SIM3
SIM4
1
21
22
SIM5
SIM1
SIM2
SIM3
SIM4
1
21
22
SIM5
SIM1
SIM2
SIM3
SIM4
1
21
22
SIM5
SIM1
SIM2
SIM3
SIM4
1
21
22
SIM5
SIM1
SIM2
SIM3
SIM4
1
21
22
SIM5
SIM1
SIM2
SIM3
SIM4
1
21
22
SIM5
SIM1
SIM2
SIM3
SIM4
1
21
22
SIM5
SIM1
SIM2
SIM3
SIM4
1
21
22
SIM5
SIM1
SIM2
SIM3
SIM4
1
21
22
SIM5
SIM1
SIM2
SIM3
SIM4
1
21
22
SIM5
SIM1
SIM2
SIM3
SIM4
1
21
22
SIM5
SIM1
SIM2
SIM3
SIM4
1
21
22
SIM5
SIM1
SIM2
SIM3
SIM4
1
21
22
SIM5
SIM1
SIM2
SIM3
SIM4
1
21
22
SIM5
SIM1
SIM2
SIM3
SIM4
1
21
22
SIM5
SIM1
SIM2
SIM3
SIM4
1
21
22
SIM5
SIM1
SIM2
SIM3
SIM4
1
21
22
SIM5
SIM1
SIM2
SIM3
SIM4
1
21
22
SIM5
SIM1
SIM2
SIM3
SIM4
1
21
22
SIM5
SIM1
SIM2
SIM3
SIM4
1
21
22
SIM5
SIM1
SIM2
SIM3
SIM4
1
21
22
SIM5
SIM1
SIM2
SIM3
SIM4
1
21
22
SIM5
SIM1
SIM2
SIM3
SIM4
1
21
22
SIM5
SIM1
SIM2
SIM3
SIM4
1
21
22
SIM5
SIM1
SIM2
SIM3
SIM4
1
21
22
SIM5
SIM1
SIM2
SIM3
SIM4
1
21
22
SIM5
SIM1
SIM2
SIM3
SIM4
1
21
22
SIM5
SIM1
SIM2
SIM3
SIM4
1
21
22
SIM5
SIM1
SIM2
SIM3
SIM4
1
21
22
SIM5
SIM1
SIM2
SIM3
SIM4
1
21
22
SIM5
SIM1
SIM2
SIM3
SIM4
1
21
22
SIM5
SIM1
SIM2
SIM3
SIM4
1
21
22
SIM5
SIM1
SIM2
SIM3
SIM4
1
21
22
SIM5
SIM1
SIM2
SIM3
SIM4
1
21
22
SIM5
SIM1
SIM2
SIM3
SIM4
1
21
22
SIM5
SIM1
SIM2
SIM3
SIM4
1
21
22
SIM5
SIM1
SIM2
SIM3
SIM4
1
21
22
SIM5
SIM1
SIM2
SIM3
SIM4
1
21
22
SIM5
SIM1
SIM2
SIM3
SIM4
1
21
22
SIM5
SIM1
SIM2
SIM3
SIM4
1
21
22
SIM5
SIM1
SIM2
SIM3
SIM4
1
21
22
SIM5
SIM1
SIM2
SIM3
SIM4
1
21
22
SIM5
SIM1
SIM2
SIM3
SIM4
1
21
22
SIM5
SIM1
SIM2
SIM3
SIM4
1
21
22
SIM5
SIM1
SIM2
SIM3
SIM4
1
21
22
SIM5
SIM1
SIM2
SIM3
SIM4
1
21
22
SIM5
SIM1
SIM2
SIM3
SIM4
1
21
22
SIM5
SIM1
SIM2
SIM3
SIM4
1
21
22
SIM5
SIM1
SIM2
SIM3
SIM4
1
21
22
SIM5
SIM1
SIM2
SIM3
SIM4
1
21
22
SIM5
SIM1
SIM2
SIM3
SIM4
1
21
22
SIM5
SIM1
SIM2
SIM3
SIM4
1
21
22
SIM5
SIM1
SIM2
SIM3
SIM4
1
21
22
SIM5
SIM1
SIM2
SIM3
SIM4
1
21
22
SIM5
SIM1
SIM2
SIM3
SIM4
1
21
22
SIM5
SIM1
SIM2
SIM3
SIM4
1
21
22
SIM5
SIM1
SIM2
SIM3
SIM4
1
21
22
SIM5
SIM1
SIM2
SIM3
SIM4
1
21
22
SIM5
SIM1
SIM2
SIM3
SIM4
1
21
22
SIM5
SIM1
SIM2
SIM3
SIM4
1
21
22
SIM5
SIM1
SIM2
SIM3
SIM4
1
21
22
SIM5
SIM1
SIM2
SIM3
SIM4
1
21
22
SIM5
SIM1
SIM2
SIM3
SIM4
1
21
22
SIM5
SIM1
SIM2
SIM3
SIM4
1
21
22
SIM5
SIM1
SIM2
SIM3
SIM4
1
21
22
SIM5
SIM1
SIM2
SIM3
SIM4
1
21
22
SIM5
SIM1
SIM2
SIM3
SIM4
1
21
22
SIM5
SIM1
SIM2
SIM3
SIM4
1
21
22
SIM5
SIM1
SIM2
SIM3
SIM4
1
21
22
SIM5
SIM1
SIM2
SIM3
SIM4
1
21
22
SIM5
SIM1
SIM2
SIM3
SIM4
1
21
22
SIM5
SIM1
SIM2
SIM3
SIM4
1
21
22
SIM5
SIM1
SIM2
SIM3
SIM4
1
21
22
SIM5
SIM1
SIM2
SIM3
SIM4
1
21
22
SIM5
SIM1
SIM2
SIM3
SIM4
1
21
22
SIM5
SIM1
SIM2
SIM3
SIM4
1
21
22
SIM5
SIM1
SIM2
SIM3
SIM4
1
21
22
SIM5
SIM1
SIM2
SIM3
SIM4
1
21
22
SIM5
SIM1
SIM2
SIM3
SIM4
1
21
22
SIM5
SIM1
SIM2
SIM3
SIM4
1
21
22
SIM5
SIM1
SIM2
SIM3
SIM4
1
21
22
SIM5
SIM1
SIM2
SIM3
SIM4
1
21
22
SIM5
SIM1
SIM2
SIM3
SIM4
1
21
22
SIM5
SIM1
SIM2
SIM3
SIM4
1
21
22
SIM5
SIM1
SIM2
SIM3
SIM4
1
21
22
SIM5
SIM1
SIM2
SIM3
SIM4
1
21
22
SIM5
SIM1
SIM2
SIM3
SIM4
1
21
22
SIM5
SIM1
SIM2
SIM3
SIM4
1
21
22
SIM5
SIM1
SIM2
SIM3
SIM4
1
21
22
SIM5
SIM1
SIM2
SIM3
SIM4
1
21
22
SIM5
SIM1
SIM2
SIM3
SIM4
1
21
22
SIM5
SIM1
SIM2
SIM3
SIM4
1
21
22
SIM5
SIM1
SIM2
SIM3
SIM4
1
21
22
SIM5
SIM1
SIM2
SIM3
SIM4
1
21
22
SIM5
SIM1
SIM2
SIM3
SIM4
1
21
22
SIM5
SIM1
SIM2
SIM3
SIM4
1
21
22
SIM5
SIM1
SIM2
SIM3
SIM4
1
21
22
SIM5
SIM1
SIM2
SIM3
SIM4
1
21
22
SIM5
SIM1
SIM2
SIM3
SIM4
1
21
22
SIM5
SIM1
SIM2
SIM3
SIM4
1
21
22
SIM5
SIM1
SIM2
SIM3
SIM4
1
21
22
SIM5
SIM1
SIM2
SIM3
SIM4
1
21
22
SIM5
SIM1
SIM2
SIM3
SIM4
1
21
22
SIM5
SIM1
SIM2
SIM3
SIM4
1
21
22
SIM5
SIM1
SIM2
SIM3
SIM4
1
21
22
SIM5
SIM1
SIM2
SIM3
SIM4
1
21
22
SIM5
SIM1
SIM2
SIM3
SIM4
1
21
22
SIM5
SIM1
SIM2
SIM3
SIM4
1
21
22
SIM5
SIM1
SIM2
SIM3
SIM4
1
21
22
SIM5
SIM1
SIM2
SIM3
SIM4
1
21
22
SIM5
SIM1
SIM2
SIM3
SIM4
1
21
22
SIM5
SIM1
SIM2
SIM3
SIM4
1
21
22
SIM5
SIM1
SIM2
SIM3
SIM4
1
21
22
SIM5
SIM1
SIM2
SIM3
SIM4
1
21
22
SIM5
SIM1
SIM2
SIM3
SIM4
1
21
22
SIM5
SIM1
SIM2
SIM3
SIM4
1
21
22
SIM5
SIM1
SIM2
SIM3
SIM4
1
21
22
SIM5
SIM1
SIM2
SIM3
SIM4
1
21
22
SIM5
SIM1
SIM2
SIM3
SIM4
1
21
22
SIM5
SIM1
SIM2
SIM3
SIM4
1
21
22
SIM5
SIM1
SIM2
SIM3
SIM4
1
21
22
SIM5
SIM1
SIM2
SIM3
SIM4
1
21
22
SIM5
SIM1
SIM2
SIM3
SIM4
1
21
22
SIM5
SIM1
SIM2
SIM3
SIM4
1
21
22
SIM5
SIM1
SIM2
SIM3
SIM4
1
21
22
SIM5
SIM1
SIM2
SIM3
SIM4
1
21
22
SIM5
SIM1
SIM2
SIM3
SIM4
1
21
22
SIM5
SIM1
SIM2
SIM3
SIM4
1
21
22
SIM5
SIM1
SIM2
SIM3
SIM4
1
21
22
SIM5
SIM1
SIM2
SIM3
SIM4
1
21
22
SIM5
SIM1
SIM2
SIM3
SIM4
1
21
22
SIM5
SIM1
SIM2
SIM3
SIM4
1
21
22
SIM5
SIM1
SIM2
SIM3
SIM4
1
21
22
SIM5
SIM1
SIM2
SIM3
SIM4
1
21
22
SIM5
SIM1
SIM2
SIM3
SIM4
1
21
22
SIM5
SIM1
SIM2
SIM3
SIM4
1
21
22
SIM5
SIM1
SIM2
SIM3
SIM4
1
21
22
SIM5
SIM1
SIM2
SIM3
SIM4
1
21
22
SIM5
SIM1
SIM2
SIM3
SIM4
1
21
22
SIM5
SIM1
SIM2
SIM3
SIM4
1
21
22
SIM5
SIM1
SIM2
SIM3
SIM4
1
21
22
SIM5
SIM1
SIM2
SIM3
SIM4
1
21
22
SIM5
SIM1
SIM2
SIM3
SIM4
1
21
22
SIM5
SIM1
SIM2
SIM3
SIM4
1
21
22
SIM5
SIM1
SIM2
DEBUG 1 682
SIM1
SIM2
SIM3
SIM4
1
21
22
SIM5
SIM1
SIM2
SIM3
SIM4
1
21
22
SIM5
SIM1
SIM2
SIM3
SIM4
1
21
22
SIM5
SIM1
SIM2
SIM3
SIM4
1
21
22
SIM5
SIM1
SIM2
SIM3
SIM4
1
21
22
SIM5
SIM1
SIM2
SIM3
SIM4
1
21
22
SIM5
SIM1
SIM2
SIM3
SIM4
1
21
22
SIM5
SIM1
SIM2
SIM3
SIM4
1
21
22
SIM5
SIM1
SIM2
SIM3
SIM4
1
21
22
SIM5
SIM1
SIM2
SIM3
SIM4
1
21
22
SIM5
SIM1
SIM2
SIM3
SIM4
1
21
22
SIM5
SIM1
SIM2
SIM3
SIM4
1
21
22
SIM5
SIM1
SIM2
SIM3
SIM4
1
21
22
SIM5
SIM1
SIM2
SIM3
SIM4
1
21
22
SIM5
SIM1
SIM2
SIM3
SIM4
1
21
22
SIM5
SIM1
SIM2
SIM3
SIM4
1
21
22
SIM5
SIM1
SIM2
SIM3
SIM4
1
21
22
SIM5
SIM1
SIM2
SIM3
SIM4
1
21
22
SIM5
SIM1
SIM2
SIM3
SIM4
1
21
22
SIM5
SIM1
SIM2
SIM3
SIM4
1
21
22
SIM5
SIM1
SIM2
SIM3
SIM4
1
21
22
SIM5
SIM1
SIM2
SIM3
SIM4
1
21
22
SIM5
SIM1
SIM2
SIM3
SIM4
1
21
22
SIM5
SIM1
SIM2
SIM3
SIM4
1
21
22
SIM5
SIM1
SIM2
SIM3
SIM4
1
21
22
SIM5
SIM1
SIM2
SIM3
SIM4
1
21
22
SIM5
SIM1
SIM2
SIM3
SIM4
1
21
22
SIM5
SIM1
SIM2
SIM3
SIM4
1
21
22
SIM5
SIM1
SIM2
SIM3
SIM4
1
21
22
SIM5
SIM1
SIM2
SIM3
SIM4
1
21
22
SIM5
SIM1
SIM2
SIM3
SIM4
1
21
22
SIM5
SIM1
SIM2
SIM3
SIM4
1
21
22
SIM5
SIM1
SIM2
SIM3
SIM4
1
21
22
SIM5
SIM1
SIM2
SIM3
SIM4
1
21
22
SIM5
SIM1
SIM2
SIM3
SIM4
1
21
22
SIM5
SIM1
SIM2
SIM3
SIM4
1
21
22
SIM5
SIM1
SIM2
SIM3
SIM4
1
21
22
SIM5
SIM1
SIM2
SIM3
SIM4
1
21
22
SIM5
SIM1
SIM2
SIM3
SIM4
1
21
22
SIM5
SIM1
SIM2
SIM3
SIM4
1
21
22
SIM5
SIM1
SIM2
SIM3
SIM4
1
21
22
SIM5
SIM1
SIM2
SIM3
SIM4
1
21
22
SIM5
SIM1
SIM2
SIM3
SIM4
1
21
22
SIM5
SIM1
SIM2
SIM3
SIM4
1
21
22
SIM5
SIM1
SIM2
SIM3
SIM4
1
21
22
SIM5
SIM1
SIM2
SIM3
SIM4
1
21
22
SIM5
SIM1
SIM2
SIM3
SIM4
1
21
22
SIM5
SIM1
SIM2
SIM3
SIM4
1
21
22
SIM5
SIM1
SIM2
SIM3
SIM4
1
21
22
SIM5
SIM1
SIM2
SIM3
SIM4
1
21
22
SIM5
SIM1
SIM2
SIM3
SIM4
1
21
22
SIM5
SIM1
SIM2
SIM3
SIM4
1
21
22
SIM5
SIM1
SIM2
SIM3
SIM4
1
21
22
SIM5
SIM1
SIM2
SIM3
SIM4
1
21
22
SIM5
SIM1
SIM2
SIM3
SIM4
1
21
22
SIM5
SIM1
SIM2
SIM3
SIM4
1
21
22
SIM5
SIM1
SIM2
SIM3
SIM4
1
21
22
SIM5
SIM1
SIM2
SIM3
SIM4
1
21
22
SIM5
SIM1
SIM2
SIM3
SIM4
1
21
22
SIM5
SIM1
SIM2
SIM3
SIM4
1
21
22
SIM5
SIM1
SIM2
SIM3
SIM4
1
21
22
SIM5
SIM1
SIM2
SIM3
SIM4
1
21
22
SIM5
SIM1
SIM2
SIM3
SIM4
1
21
22
SIM5
SIM1
SIM2
SIM3
SIM4
1
21
22
SIM5
SIM1
SIM2
SIM3
SIM4
1
21
22
SIM5
SIM1
SIM2
SIM3
SIM4
1
21
22
SIM5
SIM1
SIM2
SIM3
SIM4
1
21
22
SIM5
SIM1
SIM2
SIM3
SIM4
1
21
22
SIM5
SIM1
SIM2
SIM3
SIM4
1
21
22
SIM5
SIM1
SIM2
SIM3
SIM4
1
21
22
SIM5
SIM1
SIM2
SIM3
SIM4
1
21
22
SIM5
SIM1
SIM2
SIM3
SIM4
1
21
22
SIM5
SIM1
SIM2
SIM3
SIM4
1
21
22
SIM5
SIM1
SIM2
SIM3
SIM4
1
21
22
SIM5
SIM1
SIM2
SIM3
SIM4
1
21
22
SIM5
SIM1
SIM2
SIM3
SIM4
1
21
22
SIM5
SIM1
SIM2
SIM3
SIM4
1
21
22
SIM5
SIM1
SIM2
SIM3
SIM4
1
21
22
SIM5
SIM1
SIM2
SIM3
SIM4
1
21
22
SIM5
SIM1
SIM2
SIM3
SIM4
1
21
22
SIM5
SIM1
SIM2
SIM3
SIM4
1
21
22
SIM5
SIM1
SIM2
SIM3
SIM4
1
21
22
SIM5
SIM1
SIM2
SIM3
SIM4
1
21
22
SIM5
SIM1
SIM2
SIM3
SIM4
1
21
22
SIM5
SIM1
SIM2
SIM3
SIM4
1
21
22
SIM5
SIM1
SIM2
SIM3
SIM4
1
21
22
SIM5
SIM1
SIM2
SIM3
SIM4
1
21
22
SIM5
SIM1
SIM2
SIM3
SIM4
1
21
22
SIM5
SIM1
SIM2
SIM3
SIM4
1
21
22
SIM5
SIM1
SIM2
SIM3
SIM4
1
21
22
SIM5
SIM1
SIM2
SIM3
SIM4
1
21
22
SIM5
SIM1
SIM2
SIM3
SIM4
1
21
22
SIM5
SIM1
SIM2
SIM3
SIM4
1
21
22
SIM5
SIM1
SIM2
SIM3
SIM4
1
21
22
SIM5
SIM1
SIM2
SIM3
SIM4
1
21
22
SIM5
SIM1
SIM2
SIM3
SIM4
1
21
22
SIM5
SIM1
SIM2
SIM3
SIM4
1
21
22
SIM5
SIM1
SIM2
SIM3
SIM4
1
21
22
SIM5
SIM1
SIM2
SIM3
SIM4
1
21
22
SIM5
SIM1
SIM2
SIM3
SIM4
1
21
22
SIM5
SIM1
SIM2
SIM3
SIM4
1
21
22
SIM5
SIM1
SIM2
SIM3
SIM4
1
21
22
SIM5
SIM1
SIM2
SIM3
SIM4
1
21
22
SIM5
SIM1
SIM2
SIM3
SIM4
1
21
22
SIM5
SIM1
SIM2
SIM3
SIM4
1
21
22
SIM5
SIM1
SIM2
SIM3
SIM4
1
21
22
SIM5
SIM1
SIM2
SIM3
SIM4
1
21
22
SIM5
SIM1
SIM2
SIM3
SIM4
1
21
22
SIM5
SIM1
SIM2
SIM3
SIM4
1
21
22
SIM5
SIM1
SIM2
SIM3
SIM4
1
21
22
SIM5
SIM1
SIM2
SIM3
SIM4
1
21
22
SIM5
SIM1
SIM2
SIM3
SIM4
1
21
22
SIM5
SIM1
SIM2
SIM3
SIM4
1
21
22
SIM5
SIM1
SIM2
SIM3
SIM4
1
21
22
SIM5
SIM1
SIM2
SIM3
SIM4
1
21
22
SIM5
SIM1
SIM2
SIM3
SIM4
1
21
22
SIM5
SIM1
SIM2
SIM3
SIM4
1
21
22
SIM5
SIM1
SIM2
SIM3
SIM4
1
21
22
SIM5
SIM1
SIM2
SIM3
SIM4
1
21
22
SIM5
SIM1
SIM2
SIM3
SIM4
1
21
22
SIM5
SIM1
SIM2
SIM3
SIM4
1
21
22
SIM5
SIM1
SIM2
SIM3
SIM4
1
21
22
SIM5
SIM1
SIM2
SIM3
SIM4
1
21
22
SIM5
SIM1
SIM2
SIM3
SIM4
1
21
22
SIM5
SIM1
SIM2
SIM3
SIM4
1
21
22
SIM5
SIM1
SIM2
SIM3
SIM4
1
21
22
SIM5
SIM1
SIM2
SIM3
SIM4
1
21
22
SIM5
SIM1
SIM2
SIM3
SIM4
1
21
22
SIM5
SIM1
SIM2
SIM3
SIM4
1
21
22
SIM5
SIM1
SIM2
SIM3
SIM4
1
21
22
SIM5
SIM1
SIM2
SIM3
SIM4
1
21
22
SIM5
SIM1
SIM2
SIM3
SIM4
1
21
22
SIM5
SIM1
SIM2
SIM3
SIM4
1
21
22
SIM5
SIM1
SIM2
SIM3
SIM4
1
21
22
SIM5
SIM1
SIM2
SIM3
SIM4
1
21
22
SIM5
SIM1
SIM2
SIM3
SIM4
1
21
22
SIM5
SIM1
SIM2
SIM3
SIM4
1
21
22
SIM5
SIM1
SIM2
SIM3
SIM4
1
21
22
SIM5
SIM1
SIM2
SIM3
SIM4
1
21
22
SIM5
SIM1
SIM2
SIM3
SIM4
1
21
22
SIM5
SIM1
SIM2
SIM3
SIM4
1
21
22
SIM5
SIM1
SIM2
SIM3
SIM4
1
21
22
SIM5
SIM1
SIM2
SIM3
SIM4
1
21
22
SIM5
SIM1
SIM2
SIM3
SIM4
1
21
22
SIM5
SIM1
SIM2
SIM3
SIM4
1
21
22
SIM5
SIM1
SIM2
SIM3
SIM4
1
21
22
SIM5
SIM1
SIM2
SIM3
SIM4
1
21
22
SIM5
SIM1
SIM2
SIM3
SIM4
1
21
22
SIM5
SIM1
SIM2
SIM3
SIM4
1
21
22
SIM5
SIM1
SIM2
SIM3
SIM4
1
21
22
SIM5
SIM1
SIM2
SIM3
SIM4
1
21
22
SIM5
SIM1
SIM2
SIM3
SIM4
1
21
22
SIM5
SIM1
SIM2
SIM3
SIM4
1
21
22
SIM5
SIM1
SIM2
SIM3
SIM4
1
21
22
SIM5
SIM1
SIM2
SIM3
SIM4
1
21
22
SIM5
SIM1
SIM2
SIM3
SIM4
1
21
22
SIM5
SIM1
SIM2
SIM3
SIM4
1
21
22
SIM5
SIM1
SIM2
SIM3
SIM4
1
21
22
SIM5
SIM1
SIM2
SIM3
SIM4
1
21
22
SIM5
SIM1
SIM2
SIM3
SIM4
1
21
22
SIM5
SIM1
SIM2
SIM3
SIM4
1
21
22
SIM5
SIM1
SIM2
SIM3
SIM4
1
21
22
SIM5
SIM1
SIM2
SIM3
SIM4
1
21
22
SIM5
SIM1
SIM2
SIM3
SIM4
1
21
22
SIM5
SIM1
SIM2
SIM3
SIM4
1
21
22
SIM5
SIM1
SIM2
SIM3
SIM4
1
21
22
SIM5
SIM1
SIM2
SIM3
SIM4
1
21
22
SIM5
SIM1
SIM2
SIM3
SIM4
1
21
22
SIM5
SIM1
SIM2
SIM3
SIM4
1
21
22
SIM5
SIM1
SIM2
SIM3
SIM4
1
21
22
SIM5
SIM1
SIM2
SIM3
SIM4
1
21
22
SIM5
SIM1
SIM2
SIM3
SIM4
1
21
22
SIM5
SIM1
SIM2
SIM3
SIM4
1
21
22
SIM5
SIM1
SIM2
SIM3
SIM4
1
21
22
SIM5
SIM1
SIM2
SIM3
SIM4
1
21
22
SIM5
SIM1
SIM2
SIM3
SIM4
1
21
22
SIM5
SIM1
SIM2
SIM3
SIM4
1
21
22
SIM5
SIM1
SIM2
SIM3
SIM4
1
21
22
SIM5
SIM1
SIM2
SIM3
SIM4
1
21
22
SIM5
SIM1
SIM2
SIM3
SIM4
1
21
22
SIM5
SIM1
SIM2
SIM3
SIM4
1
21
22
SIM5
SIM1
SIM2
SIM3
SIM4
1
21
22
SIM5
SIM1
SIM2
SIM3
SIM4
1
21
22
SIM5
SIM1
SIM2
SIM3
SIM4
1
21
22
SIM5
SIM1
SIM2
SIM3
SIM4
1
21
22
SIM5
SIM1
SIM2
SIM3
SIM4
1
21
22
SIM5
SIM1
SIM2
SIM3
SIM4
1
21
22
SIM5
SIM1
SIM2
SIM3
SIM4
1
21
22
SIM5
SIM1
SIM2
SIM3
SIM4
1
21
22
SIM5
SIM1
SIM2
SIM3
SIM4
1
21
22
SIM5
SIM1
SIM2
SIM3
SIM4
1
21
22
SIM5
SIM1
SIM2
SIM3
SIM4
1
21
22
SIM5
SIM1
SIM2
SIM3
SIM4
1
21
22
SIM5
SIM1
SIM2
SIM3
SIM4
1
21
22
SIM5
SIM1
SIM2
SIM3
SIM4
1
21
22
SIM5
SIM1
SIM2
SIM3
SIM4
1
21
22
SIM5
SIM1
SIM2
SIM3
SIM4
1
21
22
SIM5
SIM1
SIM2
SIM3
SIM4
1
21
22
SIM5
SIM1
SIM2
SIM3
SIM4
1
21
22
SIM5
SIM1
SIM2
SIM3
SIM4
1
21
22
SIM5
SIM1
SIM2
SIM3
SIM4
1
21
22
SIM5
SIM1
SIM2
SIM3
SIM4
1
21
22
SIM5
SIM1
SIM2
SIM3
SIM4
1
21
22
SIM5
SIM1
SIM2
SIM3
SIM4
1
21
22
SIM5
SIM1
SIM2
SIM3
SIM4
1
21
22
SIM5
SIM1
SIM2
SIM3
SIM4
1
21
22
SIM5
SIM1
SIM2
SIM3
SIM4
1
21
22
SIM5
SIM1
SIM2
SIM3
SIM4
1
21
22
SIM5
SIM1
SIM2
SIM3
SIM4
1
21
22
SIM5
SIM1
SIM2
SIM3
SIM4
1
21
22
SIM5
SIM1
SIM2
SIM3
SIM4
1
21
22
SIM5
SIM1
SIM2
SIM3
SIM4
1
21
22
SIM5
SIM1
SIM2
SIM3
SIM4
1
21
22
SIM5
SIM1
SIM2
SIM3
SIM4
1
21
22
SIM5
SIM1
SIM2
SIM3
SIM4
1
21
22
SIM5
SIM1
SIM2
SIM3
SIM4
1
21
22
SIM5
SIM1
SIM2
SIM3
SIM4
1
21
22
SIM5
SIM1
SIM2
SIM3
SIM4
1
21
22
SIM5
SIM1
SIM2
SIM3
SIM4
1
21
22
SIM5
SIM1
SIM2
SIM3
SIM4
1
21
22
SIM5
SIM1
SIM2
SIM3
SIM4
1
21
22
SIM5
SIM1
SIM2
SIM3
SIM4
1
21
22
SIM5
SIM1
SIM2
SIM3
SIM4
1
21
22
SIM5
SIM1
SIM2
SIM3
SIM4
1
21
22
SIM5
SIM1
SIM2
SIM3
SIM4
1
21
22
SIM5
SIM1
SIM2
SIM3
SIM4
1
21
22
SIM5
SIM1
SIM2
SIM3
SIM4
1
21
22
SIM5
SIM1
SIM2
SIM3
SIM4
1
21
22
SIM5
SIM1
SIM2
SIM3
SIM4
1
21
22
SIM5
SIM1
SIM2
SIM3
SIM4
1
21
22
SIM5
SIM1
SIM2
SIM3
SIM4
1
21
22
SIM5
SIM1
SIM2
SIM3
SIM4
1
21
22
SIM5
SIM1
SIM2
SIM3
SIM4
1
21
22
SIM5
SIM1
SIM2
SIM3
SIM4
1
21
22
SIM5
SIM1
SIM2
SIM3
SIM4
1
21
22
SIM5
SIM1
SIM2
SIM3
SIM4
1
21
22
SIM5
SIM1
SIM2
SIM3
SIM4
1
21
22
SIM5
SIM1
SIM2
SIM3
SIM4
1
21
22
SIM5
SIM1
SIM2
SIM3
SIM4
1
21
22
SIM5
SIM1
SIM2
SIM3
SIM4
1
21
22
SIM5
SIM1
SIM2
SIM3
SIM4
1
21
22
SIM5
SIM1
SIM2
SIM3
SIM4
1
21
22
SIM5
SIM1
SIM2
SIM3
SIM4
1
21
22
SIM5
SIM1
SIM2
SIM3
SIM4
1
21
22
SIM5
SIM1
SIM2
SIM3
SIM4
1
21
22
SIM5
SIM1
SIM2
SIM3
SIM4
1
21
22
SIM5
SIM1
SIM2
SIM3
SIM4
1
21
22
SIM5
SIM1
SIM2
SIM3
SIM4
1
21
22
SIM5
SIM1
SIM2
SIM3
SIM4
1
21
22
SIM5
SIM1
SIM2
SIM3
SIM4
1
21
22
SIM5
SIM1
SIM2
SIM3
SIM4
1
21
22
SIM5
SIM1
SIM2
SIM3
SIM4
1
21
22
SIM5
SIM1
SIM2
SIM3
SIM4
1
21
22
SIM5
SIM1
SIM2
SIM3
SIM4
1
21
22
SIM5
SIM1
SIM2
SIM3
SIM4
1
21
22
SIM5
SIM1
SIM2
SIM3
SIM4
1
21
22
SIM5
SIM1
SIM2
SIM3
SIM4
1
21
22
SIM5
SIM1
SIM2
SIM3
SIM4
1
21
22
SIM5
SIM1
SIM2
SIM3
SIM4
1
21
22
SIM5
SIM1
SIM2
SIM3
SIM4
1
21
22
SIM5
SIM1
SIM2
SIM3
SIM4
1
21
22
SIM5
SIM1
SIM2
SIM3
SIM4
1
21
22
SIM5
SIM1
SIM2
SIM3
SIM4
1
21
22
SIM5
SIM1
SIM2
SIM3
SIM4
1
21
22
SIM5
SIM1
SIM2
SIM3
SIM4
1
21
22
SIM5
SIM1
SIM2
SIM3
SIM4
1
21
22
SIM5
SIM1
SIM2
SIM3
SIM4
1
21
22
SIM5
SIM1
SIM2
SIM3
SIM4
1
21
22
SIM5
SIM1
SIM2
SIM3
SIM4
1
21
22
SIM5
SIM1
SIM2
SIM3
SIM4
1
21
22
SIM5
SIM1
SIM2
SIM3
SIM4
1
21
22
SIM5
SIM1
SIM2
SIM3
SIM4
1
21
22
SIM5
SIM1
SIM2
SIM3
SIM4
1
21
22
SIM5
SIM1
SIM2
SIM3
SIM4
1
21
22
SIM5
SIM1
SIM2
SIM3
SIM4
1
21
22
SIM5
SIM1
SIM2
SIM3
SIM4
1
21
22
SIM5
SIM1
SIM2
SIM3
SIM4
1
21
22
SIM5
SIM1
SIM2
SIM3
SIM4
1
21
22
SIM5
SIM1
SIM2
SIM3
SIM4
1
21
22
SIM5
SIM1
SIM2
SIM3
SIM4
1
21
22
SIM5
SIM1
SIM2
SIM3
SIM4
1
21
22
SIM5
SIM1
SIM2
SIM3
SIM4
1
21
22
SIM5
SIM1
SIM2
SIM3
SIM4
1
21
22
SIM5
SIM1
SIM2
SIM3
SIM4
1
21
22
SIM5
SIM1
SIM2
SIM3
SIM4
1
21
22
SIM5
SIM1
SIM2
SIM3
SIM4
1
21
22
SIM5
SIM1
SIM2
SIM3
SIM4
1
21
22
SIM5
SIM1
SIM2
DEBUG 1 683
SIM1
SIM2
SIM3
SIM4
1
21
22
SIM5
SIM1
SIM2
SIM3
SIM4
1
21
22
SIM5
SIM1
SIM2
SIM3
SIM4
1
21
22
SIM5
SIM1
SIM2
SIM3
SIM4
1
21
22
SIM5
SIM1
SIM2
SIM3
SIM4
1
21
22
SIM5
SIM1
SIM2
SIM3
SIM4
1
21
22
SIM5
SIM1
SIM2
SIM3
SIM4
1
21
22
SIM5
SIM1
SIM2
SIM3
SIM4
1
21
22
SIM5
SIM1
SIM2
SIM3
SIM4
1
21
22
SIM5
SIM1
SIM2
SIM3
SIM4
1
21
22
SIM5
SIM1
SIM2
SIM3
SIM4
1
21
22
SIM5
SIM1
SIM2
SIM3
SIM4
1
21
22
SIM5
SIM1
SIM2
SIM3
SIM4
1
21
22
SIM5
SIM1
SIM2
SIM3
SIM4
1
21
22
SIM5
SIM1
SIM2
SIM3
SIM4
1
21
22
SIM5
SIM1
SIM2
SIM3
SIM4
1
21
22
SIM5
SIM1
SIM2
SIM3
SIM4
1
21
22
SIM5
SIM1
SIM2
SIM3
SIM4
1
21
22
SIM5
SIM1
SIM2
SIM3
SIM4
1
21
22
SIM5
SIM1
SIM2
SIM3
SIM4
1
21
22
SIM5
SIM1
SIM2
SIM3
SIM4
1
21
22
SIM5
SIM1
SIM2
SIM3
SIM4
1
21
22
SIM5
SIM1
SIM2
SIM3
SIM4
1
21
22
SIM5
SIM1
SIM2
SIM3
SIM4
1
21
22
SIM5
SIM1
SIM2
SIM3
SIM4
1
21
22
SIM5
SIM1
SIM2
SIM3
SIM4
1
21
22
SIM5
SIM1
SIM2
SIM3
SIM4
1
21
22
SIM5
SIM1
SIM2
SIM3
SIM4
1
21
22
SIM5
SIM1
SIM2
SIM3
SIM4
1
21
22
SIM5
SIM1
SIM2
SIM3
SIM4
1
21
22
SIM5
SIM1
SIM2
SIM3
SIM4
1
21
22
SIM5
SIM1
SIM2
SIM3
SIM4
1
21
22
SIM5
SIM1
SIM2
SIM3
SIM4
1
21
22
SIM5
SIM1
SIM2
SIM3
SIM4
1
21
22
SIM5
SIM1
SIM2
SIM3
SIM4
1
21
22
SIM5
SIM1
SIM2
SIM3
SIM4
1
21
22
SIM5
SIM1
SIM2
SIM3
SIM4
1
21
22
SIM5
SIM1
SIM2
SIM3
SIM4
1
21
22
SIM5
SIM1
SIM2
SIM3
SIM4
1
21
22
SIM5
SIM1
SIM2
SIM3
SIM4
1
21
22
SIM5
SIM1
SIM2
SIM3
SIM4
1
21
22
SIM5
SIM1
SIM2
SIM3
SIM4
1
21
22
SIM5
SIM1
SIM2
SIM3
SIM4
1
21
22
SIM5
SIM1
SIM2
SIM3
SIM4
1
21
22
SIM5
SIM1
SIM2
SIM3
SIM4
1
21
22
SIM5
SIM1
SIM2
SIM3
SIM4
1
21
22
SIM5
SIM1
SIM2
SIM3
SIM4
1
21
22
SIM5
SIM1
SIM2
SIM3
SIM4
1
21
22
SIM5
SIM1
SIM2
SIM3
SIM4
1
21
22
SIM5
SIM1
SIM2
SIM3
SIM4
1
21
22
SIM5
SIM1
SIM2
SIM3
SIM4
1
21
22
SIM5
SIM1
SIM2
SIM3
SIM4
1
21
22
SIM5
SIM1
SIM2
SIM3
SIM4
1
21
22
SIM5
SIM1
SIM2
SIM3
SIM4
1
21
22
SIM5
SIM1
SIM2
SIM3
SIM4
1
21
22
SIM5
SIM1
SIM2
SIM3
SIM4
1
21
22
SIM5
SIM1
SIM2
SIM3
SIM4
1
21
22
SIM5
SIM1
SIM2
SIM3
SIM4
1
21
22
SIM5
SIM1
SIM2
SIM3
SIM4
1
21
22
SIM5
SIM1
SIM2
SIM3
SIM4
1
21
22
SIM5
SIM1
SIM2
SIM3
SIM4
1
21
22
SIM5
SIM1
SIM2
SIM3
SIM4
1
21
22
SIM5
SIM1
SIM2
SIM3
SIM4
1
21
22
SIM5
SIM1
SIM2
SIM3
SIM4
1
21
22
SIM5
SIM1
SIM2
SIM3
SIM4
1
21
22
SIM5
SIM1
SIM2
SIM3
SIM4
1
21
22
SIM5
SIM1
SIM2
SIM3
SIM4
1
21
22
SIM5
SIM1
SIM2
SIM3
SIM4
1
21
22
SIM5
SIM1
SIM2
SIM3
SIM4
1
21
22
SIM5
SIM1
SIM2
SIM3
SIM4
1
21
22
SIM5
SIM1
SIM2
SIM3
SIM4
1
21
22
SIM5
SIM1
SIM2
SIM3
SIM4
1
21
22
SIM5
SIM1
SIM2
SIM3
SIM4
1
21
22
SIM5
SIM1
SIM2
SIM3
SIM4
1
21
22
SIM5
SIM1
SIM2
SIM3
SIM4
1
21
22
SIM5
SIM1
SIM2
SIM3
SIM4
1
21
22
SIM5
SIM1
SIM2
SIM3
SIM4
1
21
22
SIM5
SIM1
SIM2
SIM3
SIM4
1
21
22
SIM5
SIM1
SIM2
SIM3
SIM4
1
21
22
SIM5
SIM1
SIM2
SIM3
SIM4
1
21
22
SIM5
SIM1
SIM2
SIM3
SIM4
1
21
22
SIM5
SIM1
SIM2
SIM3
SIM4
1
21
22
SIM5
SIM1
SIM2
SIM3
SIM4
1
21
22
SIM5
SIM1
SIM2
SIM3
SIM4
1
21
22
SIM5
SIM1
SIM2
SIM3
SIM4
1
21
22
SIM5
SIM1
SIM2
SIM3
SIM4
1
21
22
SIM5
SIM1
SIM2
SIM3
SIM4
1
21
22
SIM5
SIM1
SIM2
SIM3
SIM4
1
21
22
SIM5
SIM1
SIM2
SIM3
SIM4
1
21
22
SIM5
SIM1
SIM2
SIM3
SIM4
1
21
22
SIM5
SIM1
SIM2
SIM3
SIM4
1
21
22
SIM5
SIM1
SIM2
SIM3
SIM4
1
21
22
SIM5
SIM1
SIM2
SIM3
SIM4
1
21
22
SIM5
SIM1
SIM2
SIM3
SIM4
1
21
22
SIM5
SIM1
SIM2
SIM3
SIM4
1
21
22
SIM5
SIM1
SIM2
SIM3
SIM4
1
21
22
SIM5
SIM1
SIM2
SIM3
SIM4
1
21
22
SIM5
SIM1
SIM2
SIM3
SIM4
1
21
22
SIM5
SIM1
SIM2
SIM3
SIM4
1
21
22
SIM5
SIM1
SIM2
SIM3
SIM4
1
21
22
SIM5
SIM1
SIM2
SIM3
SIM4
1
21
22
SIM5
SIM1
SIM2
SIM3
SIM4
1
21
22
SIM5
SIM1
SIM2
SIM3
SIM4
1
21
22
SIM5
SIM1
SIM2
SIM3
SIM4
1
21
22
SIM5
SIM1
SIM2
SIM3
SIM4
1
21
22
SIM5
SIM1
SIM2
SIM3
SIM4
1
21
22
SIM5
SIM1
SIM2
SIM3
SIM4
1
21
22
SIM5
SIM1
SIM2
SIM3
SIM4
1
21
22
SIM5
SIM1
SIM2
SIM3
SIM4
1
21
22
SIM5
SIM1
SIM2
SIM3
SIM4
1
21
22
SIM5
SIM1
SIM2
SIM3
SIM4
1
21
22
SIM5
SIM1
SIM2
SIM3
SIM4
1
21
22
SIM5
SIM1
SIM2
SIM3
SIM4
1
21
22
SIM5
SIM1
SIM2
SIM3
SIM4
1
21
22
SIM5
SIM1
SIM2
SIM3
SIM4
1
21
22
SIM5
SIM1
SIM2
SIM3
SIM4
1
21
22
SIM5
SIM1
SIM2
SIM3
SIM4
1
21
22
SIM5
SIM1
SIM2
SIM3
SIM4
1
21
22
SIM5
SIM1
SIM2
SIM3
SIM4
1
21
22
SIM5
SIM1
SIM2
SIM3
SIM4
1
21
22
SIM5
SIM1
SIM2
SIM3
SIM4
1
21
22
SIM5
SIM1
SIM2
SIM3
SIM4
1
21
22
SIM5
SIM1
SIM2
SIM3
SIM4
1
21
22
SIM5
SIM1
SIM2
SIM3
SIM4
1
21
22
SIM5
SIM1
SIM2
SIM3
SIM4
1
21
22
SIM5
SIM1
SIM2
SIM3
SIM4
1
21
22
SIM5
SIM1
SIM2
SIM3
SIM4
1
21
22
SIM5
SIM1
SIM2
SIM3
SIM4
1
21
22
SIM5
SIM1
SIM2
SIM3
SIM4
1
21
22
SIM5
SIM1
SIM2
SIM3
SIM4
1
21
22
SIM5
SIM1
SIM2
SIM3
SIM4
1
21
22
SIM5
SIM1
SIM2
SIM3
SIM4
1
21
22
SIM5
SIM1
SIM2
SIM3
SIM4
1
21
22
SIM5
SIM1
SIM2
DEBUG 1 684
SIM1
SIM2
SIM3
SIM4
1
21
22
SIM5
SIM1
SIM2
SIM3
SIM4
1
21
22
SIM5
SIM1
SIM2
SIM3
SIM4
1
21
22
SIM5
SIM1
SIM2
SIM3
SIM4
1
21
22
SIM5
SIM1
SIM2
SIM3
SIM4
1
21
22
SIM5
SIM1
SIM2
SIM3
SIM4
1
21
22
SIM5
SIM1
SIM2
SIM3
SIM4
1
21
22
SIM5
SIM1
SIM2
SIM3
SIM4
1
21
22
SIM5
SIM1
SIM2
SIM3
SIM4
1
21
22
SIM5
SIM1
SIM2
SIM3
SIM4
1
21
22
SIM5
SIM1
SIM2
SIM3
SIM4
1
21
22
SIM5
SIM1
SIM2
SIM3
SIM4
1
21
22
SIM5
SIM1
SIM2
SIM3
SIM4
1
21
22
SIM5
SIM1
SIM2
SIM3
SIM4
1
21
22
SIM5
SIM1
SIM2
SIM3
SIM4
1
21
22
SIM5
SIM1
SIM2
SIM3
SIM4
1
21
22
SIM5
SIM1
SIM2
SIM3
SIM4
1
21
22
SIM5
SIM1
SIM2
SIM3
SIM4
1
21
22
SIM5
SIM1
SIM2
SIM3
SIM4
1
21
22
SIM5
SIM1
SIM2
SIM3
SIM4
1
21
22
SIM5
SIM1
SIM2
SIM3
SIM4
1
21
22
SIM5
SIM1
SIM2
SIM3
SIM4
1
21
22
SIM5
SIM1
SIM2
SIM3
SIM4
1
21
22
SIM5
SIM1
SIM2
SIM3
SIM4
1
21
22
SIM5
SIM1
SIM2
SIM3
SIM4
1
21
22
SIM5
SIM1
SIM2
SIM3
SIM4
1
21
22
SIM5
SIM1
SIM2
SIM3
SIM4
1
21
22
SIM5
SIM1
SIM2
SIM3
SIM4
1
21
22
SIM5
SIM1
SIM2
SIM3
SIM4
1
21
22
SIM5
SIM1
SIM2
SIM3
SIM4
1
21
22
SIM5
SIM1
SIM2
SIM3
SIM4
1
21
22
SIM5
SIM1
SIM2
SIM3
SIM4
1
21
22
SIM5
SIM1
SIM2
SIM3
SIM4
1
21
22
SIM5
SIM1
SIM2
SIM3
SIM4
1
21
22
SIM5
SIM1
SIM2
SIM3
SIM4
1
21
22
SIM5
SIM1
SIM2
SIM3
SIM4
1
21
22
SIM5
SIM1
SIM2
SIM3
SIM4
1
21
22
SIM5
SIM1
SIM2
SIM3
SIM4
1
21
22
SIM5
SIM1
SIM2
SIM3
SIM4
1
21
22
SIM5
SIM1
SIM2
SIM3
SIM4
1
21
22
SIM5
SIM1
SIM2
SIM3
SIM4
1
21
22
SIM5
SIM1
SIM2
SIM3
SIM4
1
21
22
SIM5
SIM1
SIM2
SIM3
SIM4
1
21
22
SIM5
SIM1
SIM2
SIM3
SIM4
1
21
22
SIM5
SIM1
SIM2
SIM3
SIM4
1
21
22
SIM5
SIM1
SIM2
SIM3
SIM4
1
21
22
SIM5
SIM1
SIM2
SIM3
SIM4
1
21
22
SIM5
SIM1
SIM2
SIM3
SIM4
1
21
22
SIM5
SIM1
SIM2
SIM3
SIM4
1
21
22
SIM5
SIM1
SIM2
SIM3
SIM4
1
21
22
SIM5
SIM1
SIM2
SIM3
SIM4
1
21
22
SIM5
SIM1
SIM2
SIM3
SIM4
1
21
22
SIM5
SIM1
SIM2
SIM3
SIM4
1
21
22
SIM5
SIM1
SIM2
SIM3
SIM4
1
21
22
SIM5
SIM1
SIM2
SIM3
SIM4
1
21
22
SIM5
SIM1
SIM2
SIM3
SIM4
1
21
22
SIM5
SIM1
SIM2
SIM3
SIM4
1
21
22
SIM5
SIM1
SIM2
SIM3
SIM4
1
21
22
SIM5
SIM1
SIM2
SIM3
SIM4
1
21
22
SIM5
SIM1
SIM2
SIM3
SIM4
1
21
22
SIM5
SIM1
SIM2
SIM3
SIM4
1
21
22
SIM5
SIM1
SIM2
SIM3
SIM4
1
21
22
SIM5
SIM1
SIM2
SIM3
SIM4
1
21
22
SIM5
SIM1
SIM2
SIM3
SIM4
1
21
22
SIM5
SIM1
SIM2
SIM3
SIM4
1
21
22
SIM5
SIM1
SIM2
SIM3
SIM4
1
21
22
SIM5
SIM1
SIM2
SIM3
SIM4
1
21
22
SIM5
SIM1
SIM2
SIM3
SIM4
1
21
22
SIM5
SIM1
SIM2
SIM3
SIM4
1
21
22
SIM5
SIM1
SIM2
SIM3
SIM4
1
21
22
SIM5
SIM1
SIM2
SIM3
SIM4
1
21
22
SIM5
SIM1
SIM2
SIM3
SIM4
1
21
22
SIM5
SIM1
SIM2
SIM3
SIM4
1
21
22
SIM5
SIM1
SIM2
SIM3
SIM4
1
21
22
SIM5
SIM1
SIM2
SIM3
SIM4
1
21
22
SIM5
SIM1
SIM2
SIM3
SIM4
1
21
22
SIM5
SIM1
SIM2
SIM3
SIM4
1
21
22
SIM5
SIM1
SIM2
SIM3
SIM4
1
21
22
SIM5
SIM1
SIM2
SIM3
SIM4
1
21
22
SIM5
SIM1
SIM2
SIM3
SIM4
1
21
22
SIM5
SIM1
SIM2
SIM3
SIM4
1
21
22
SIM5
SIM1
SIM2
SIM3
SIM4
1
21
22
SIM5
SIM1
SIM2
SIM3
SIM4
1
21
22
SIM5
SIM1
SIM2
SIM3
SIM4
1
21
22
SIM5
SIM1
SIM2
SIM3
SIM4
1
21
22
SIM5
SIM1
SIM2
SIM3
SIM4
1
21
22
SIM5
SIM1
SIM2
SIM3
SIM4
1
21
22
SIM5
SIM1
SIM2
SIM3
SIM4
1
21
22
SIM5
SIM1
SIM2
SIM3
SIM4
1
21
22
SIM5
SIM1
SIM2
SIM3
SIM4
1
21
22
SIM5
SIM1
SIM2
SIM3
SIM4
1
21
22
SIM5
SIM1
SIM2
SIM3
SIM4
1
21
22
SIM5
SIM1
SIM2
SIM3
SIM4
1
21
22
SIM5
SIM1
SIM2
SIM3
SIM4
1
21
22
SIM5
SIM1
SIM2
SIM3
SIM4
1
21
22
SIM5
SIM1
SIM2
SIM3
SIM4
1
21
22
SIM5
SIM1
SIM2
SIM3
SIM4
1
21
22
SIM5
SIM1
SIM2
SIM3
SIM4
1
21
22
SIM5
SIM1
SIM2
SIM3
SIM4
1
21
22
SIM5
SIM1
SIM2
SIM3
SIM4
1
21
22
SIM5
SIM1
SIM2
SIM3
SIM4
1
21
22
SIM5
SIM1
SIM2
SIM3
SIM4
1
21
22
SIM5
SIM1
SIM2
SIM3
SIM4
1
21
22
SIM5
SIM1
SIM2
SIM3
SIM4
1
21
22
SIM5
SIM1
SIM2
SIM3
SIM4
1
21
22
SIM5
SIM1
SIM2
SIM3
SIM4
1
21
22
SIM5
SIM1
SIM2
SIM3
SIM4
1
21
22
SIM5
SIM1
SIM2
SIM3
SIM4
1
21
22
SIM5
SIM1
SIM2
SIM3
SIM4
1
21
22
SIM5
SIM1
SIM2
SIM3
SIM4
1
21
22
SIM5
SIM1
SIM2
SIM3
SIM4
1
21
22
SIM5
SIM1
SIM2
SIM3
SIM4
1
21
22
SIM5
SIM1
SIM2
SIM3
SIM4
1
21
22
SIM5
SIM1
SIM2
SIM3
SIM4
1
21
22
SIM5
SIM1
SIM2
SIM3
SIM4
1
21
22
SIM5
SIM1
SIM2
SIM3
SIM4
1
21
22
SIM5
SIM1
SIM2
SIM3
SIM4
1
21
22
SIM5
SIM1
SIM2
SIM3
SIM4
1
21
22
SIM5
SIM1
SIM2
SIM3
SIM4
1
21
22
SIM5
SIM1
SIM2
SIM3
SIM4
1
21
22
SIM5
SIM1
SIM2
SIM3
SIM4
1
21
22
SIM5
SIM1
SIM2
SIM3
SIM4
1
21
22
SIM5
SIM1
SIM2
SIM3
SIM4
1
21
22
SIM5
SIM1
SIM2
SIM3
SIM4
1
21
22
SIM5
SIM1
SIM2
SIM3
SIM4
1
21
22
SIM5
SIM1
SIM2
SIM3
SIM4
1
21
22
SIM5
SIM1
SIM2
SIM3
SIM4
1
21
22
SIM5
SIM1
SIM2
SIM3
SIM4
1
21
22
SIM5
SIM1
SIM2
SIM3
SIM4
1
21
22
SIM5
SIM1
SIM2
SIM3
SIM4
1
21
22
SIM5
SIM1
SIM2
SIM3
SIM4
1
21
22
SIM5
SIM1
SIM2
SIM3
SIM4
1
21
22
SIM5
SIM1
SIM2
SIM3
SIM4
1
21
22
SIM5
SIM1
SIM2
SIM3
SIM4
1
21
22
SIM5
SIM1
SIM2
SIM3
SIM4
1
21
22
SIM5
SIM1
SIM2
SIM3
SIM4
1
21
22
SIM5
SIM1
SIM2
SIM3
SIM4
1
21
22
SIM5
SIM1
SIM2
SIM3
SIM4
1
21
22
SIM5
SIM1
SIM2
SIM3
SIM4
1
21
22
SIM5
SIM1
SIM2
SIM3
SIM4
1
21
22
SIM5
SIM1
SIM2
SIM3
SIM4
1
21
22
SIM5
SIM1
SIM2
SIM3
SIM4
1
21
22
SIM5
SIM1
SIM2
SIM3
SIM4
1
21
22
SIM5
SIM1
SIM2
SIM3
SIM4
1
21
22
SIM5
SIM1
SIM2
SIM3
SIM4
1
21
22
SIM5
SIM1
SIM2
SIM3
SIM4
1
21
22
SIM5
SIM1
SIM2
SIM3
SIM4
1
21
22
SIM5
SIM1
SIM2
SIM3
SIM4
1
21
22
SIM5
SIM1
SIM2
SIM3
SIM4
1
21
22
SIM5
SIM1
SIM2
SIM3
SIM4
1
21
22
SIM5
SIM1
SIM2
SIM3
SIM4
1
21
22
SIM5
SIM1
SIM2
SIM3
SIM4
1
21
22
SIM5
SIM1
SIM2
SIM3
SIM4
1
21
22
SIM5
SIM1
SIM2
SIM3
SIM4
1
21
22
SIM5
SIM1
SIM2
SIM3
SIM4
1
21
22
SIM5
SIM1
SIM2
SIM3
SIM4
1
21
22
SIM5
SIM1
SIM2
SIM3
SIM4
1
21
22
SIM5
SIM1
SIM2
SIM3
SIM4
1
21
22
SIM5
SIM1
SIM2
SIM3
SIM4
1
21
22
SIM5
SIM1
SIM2
SIM3
SIM4
1
21
22
SIM5
SIM1
SIM2
SIM3
SIM4
1
21
22
SIM5
SIM1
SIM2
SIM3
SIM4
1
21
22
SIM5
SIM1
SIM2
SIM3
SIM4
1
21
22
SIM5
SIM1
SIM2
SIM3
SIM4
1
21
22
SIM5
SIM1
SIM2
SIM3
SIM4
1
21
22
SIM5
SIM1
SIM2
SIM3
SIM4
1
21
22
SIM5
SIM1
SIM2
SIM3
SIM4
1
21
22
SIM5
SIM1
SIM2
SIM3
SIM4
1
21
22
SIM5
SIM1
SIM2
SIM3
SIM4
1
21
22
SIM5
SIM1
SIM2
SIM3
SIM4
1
21
22
SIM5
SIM1
SIM2
SIM3
SIM4
1
21
22
SIM5
SIM1
SIM2
SIM3
SIM4
1
21
22
SIM5
SIM1
SIM2
SIM3
SIM4
1
21
22
SIM5
SIM1
SIM2
SIM3
SIM4
1
21
22
SIM5
SIM1
SIM2
SIM3
SIM4
1
21
22
SIM5
SIM1
SIM2
SIM3
SIM4
1
21
22
SIM5
SIM1
SIM2
SIM3
SIM4
1
21
22
SIM5
SIM1
SIM2
SIM3
SIM4
1
21
22
SIM5
SIM1
SIM2
SIM3
SIM4
1
21
22
SIM5
SIM1
SIM2
SIM3
SIM4
1
21
22
SIM5
SIM1
SIM2
SIM3
SIM4
1
21
22
SIM5
SIM1
SIM2
SIM3
SIM4
1
21
22
SIM5
SIM1
SIM2
SIM3
SIM4
1
21
22
SIM5
SIM1
SIM2
SIM3
SIM4
1
21
22
SIM5
SIM1
SIM2
SIM3
SIM4
1
21
22
SIM5
SIM1
SIM2
SIM3
SIM4
1
21
22
SIM5
SIM1
SIM2
SIM3
SIM4
1
21
22
SIM5
SIM1
SIM2
SIM3
SIM4
1
21
22
SIM5
SIM1
SIM2
SIM3
SIM4
1
21
22
SIM5
SIM1
SIM2
DEBUG 1 685
SIM1
SIM2
SIM3
SIM4
1
21
22
SIM5
SIM1
SIM2
SIM3
SIM4
1
21
22
SIM5
SIM1
SIM2
SIM3
SIM4
1
21
22
SIM5
SIM1
SIM2
SIM3
SIM4
1
21
22
SIM5
SIM1
SIM2
SIM3
SIM4
1
21
22
SIM5
SIM1
SIM2
SIM3
SIM4
1
21
22
SIM5
SIM1
SIM2
SIM3
SIM4
1
21
22
SIM5
SIM1
SIM2
SIM3
SIM4
1
21
22
SIM5
SIM1
SIM2
SIM3
SIM4
1
21
22
SIM5
SIM1
SIM2
SIM3
SIM4
1
21
22
SIM5
SIM1
SIM2
SIM3
SIM4
1
21
22
SIM5
SIM1
SIM2
SIM3
SIM4
1
21
22
SIM5
SIM1
SIM2
SIM3
SIM4
1
21
22
SIM5
SIM1
SIM2
SIM3
SIM4
1
21
22
SIM5
SIM1
SIM2
SIM3
SIM4
1
21
22
SIM5
SIM1
SIM2
SIM3
SIM4
1
21
22
SIM5
SIM1
SIM2
SIM3
SIM4
1
21
22
SIM5
SIM1
SIM2
SIM3
SIM4
1
21
22
SIM5
SIM1
SIM2
SIM3
SIM4
1
21
22
SIM5
SIM1
SIM2
SIM3
SIM4
1
21
22
SIM5
SIM1
SIM2
SIM3
SIM4
1
21
22
SIM5
SIM1
SIM2
SIM3
SIM4
1
21
22
SIM5
SIM1
SIM2
SIM3
SIM4
1
21
22
SIM5
SIM1
SIM2
SIM3
SIM4
1
21
22
SIM5
SIM1
SIM2
SIM3
SIM4
1
21
22
SIM5
SIM1
SIM2
SIM3
SIM4
1
21
22
SIM5
SIM1
SIM2
SIM3
SIM4
1
21
22
SIM5
SIM1
SIM2
SIM3
SIM4
1
21
22
SIM5
SIM1
SIM2
SIM3
SIM4
1
21
22
SIM5
SIM1
SIM2
SIM3
SIM4
1
21
22
SIM5
SIM1
SIM2
SIM3
SIM4
1
21
22
SIM5
SIM1
SIM2
SIM3
SIM4
1
21
22
SIM5
SIM1
SIM2
SIM3
SIM4
1
21
22
SIM5
SIM1
SIM2
SIM3
SIM4
1
21
22
SIM5
SIM1
SIM2
SIM3
SIM4
1
21
22
SIM5
SIM1
SIM2
SIM3
SIM4
1
21
22
SIM5
SIM1
SIM2
SIM3
SIM4
1
21
22
SIM5
SIM1
SIM2
SIM3
SIM4
1
21
22
SIM5
SIM1
SIM2
SIM3
SIM4
1
21
22
SIM5
SIM1
SIM2
SIM3
SIM4
1
21
22
SIM5
SIM1
SIM2
SIM3
SIM4
1
21
22
SIM5
SIM1
SIM2
SIM3
SIM4
1
21
22
SIM5
SIM1
SIM2
SIM3
SIM4
1
21
22
SIM5
SIM1
SIM2
SIM3
SIM4
1
21
22
SIM5
SIM1
SIM2
SIM3
SIM4
1
21
22
SIM5
SIM1
SIM2
SIM3
SIM4
1
21
22
SIM5
SIM1
SIM2
SIM3
SIM4
1
21
22
SIM5
SIM1
SIM2
SIM3
SIM4
1
21
22
SIM5
SIM1
SIM2
SIM3
SIM4
1
21
22
SIM5
SIM1
SIM2
SIM3
SIM4
1
21
22
SIM5
SIM1
SIM2
SIM3
SIM4
1
21
22
SIM5
SIM1
SIM2
SIM3
SIM4
1
21
22
SIM5
SIM1
SIM2
SIM3
SIM4
1
21
22
SIM5
SIM1
SIM2
SIM3
SIM4
1
21
22
SIM5
SIM1
SIM2
SIM3
SIM4
1
21
22
SIM5
SIM1
SIM2
SIM3
SIM4
1
21
22
SIM5
SIM1
SIM2
SIM3
SIM4
1
21
22
SIM5
SIM1
SIM2
SIM3
SIM4
1
21
22
SIM5
SIM1
SIM2
SIM3
SIM4
1
21
22
SIM5
SIM1
SIM2
SIM3
SIM4
1
21
22
SIM5
SIM1
SIM2
SIM3
SIM4
1
21
22
SIM5
SIM1
SIM2
SIM3
SIM4
1
21
22
SIM5
SIM1
SIM2
SIM3
SIM4
1
21
22
SIM5
SIM1
SIM2
SIM3
SIM4
1
21
22
SIM5
SIM1
SIM2
SIM3
SIM4
1
21
22
SIM5
SIM1
SIM2
SIM3
SIM4
1
21
22
SIM5
SIM1
SIM2
SIM3
SIM4
1
21
22
SIM5
SIM1
SIM2
SIM3
SIM4
1
21
22
SIM5
SIM1
SIM2
SIM3
SIM4
1
21
22
SIM5
SIM1
SIM2
SIM3
SIM4
1
21
22
SIM5
SIM1
SIM2
SIM3
SIM4
1
21
22
SIM5
SIM1
SIM2
SIM3
SIM4
1
21
22
SIM5
SIM1
SIM2
SIM3
SIM4
1
21
22
SIM5
SIM1
SIM2
SIM3
SIM4
1
21
22
SIM5
SIM1
SIM2
SIM3
SIM4
1
21
22
SIM5
SIM1
SIM2
SIM3
SIM4
1
21
22
SIM5
SIM1
SIM2
SIM3
SIM4
1
21
22
SIM5
SIM1
SIM2
SIM3
SIM4
1
21
22
SIM5
SIM1
SIM2
SIM3
SIM4
1
21
22
SIM5
SIM1
SIM2
SIM3
SIM4
1
21
22
SIM5
SIM1
SIM2
SIM3
SIM4
1
21
22
SIM5
SIM1
SIM2
SIM3
SIM4
1
21
22
SIM5
SIM1
SIM2
SIM3
SIM4
1
21
22
SIM5
SIM1
SIM2
SIM3
SIM4
1
21
22
SIM5
SIM1
SIM2
SIM3
SIM4
1
21
22
SIM5
SIM1
SIM2
SIM3
SIM4
1
21
22
SIM5
SIM1
SIM2
SIM3
SIM4
1
21
22
SIM5
SIM1
SIM2
SIM3
SIM4
1
21
22
SIM5
SIM1
SIM2
SIM3
SIM4
1
21
22
SIM5
SIM1
SIM2
SIM3
SIM4
1
21
22
SIM5
SIM1
SIM2
SIM3
SIM4
1
21
22
SIM5
SIM1
SIM2
SIM3
SIM4
1
21
22
SIM5
SIM1
SIM2
SIM3
SIM4
1
21
22
SIM5
SIM1
SIM2
SIM3
SIM4
1
21
22
SIM5
SIM1
SIM2
SIM3
SIM4
1
21
22
SIM5
SIM1
SIM2
SIM3
SIM4
1
21
22
SIM5
SIM1
SIM2
SIM3
SIM4
1
21
22
SIM5
SIM1
SIM2
SIM3
SIM4
1
21
22
SIM5
SIM1
SIM2
SIM3
SIM4
1
21
22
SIM5
SIM1
SIM2
SIM3
SIM4
1
21
22
SIM5
SIM1
SIM2
SIM3
SIM4
1
21
22
SIM5
SIM1
SIM2
SIM3
SIM4
1
21
22
SIM5
SIM1
SIM2
SIM3
SIM4
1
21
22
SIM5
SIM1
SIM2
SIM3
SIM4
1
21
22
SIM5
SIM1
SIM2
SIM3
SIM4
1
21
22
SIM5
SIM1
SIM2
SIM3
SIM4
1
21
22
SIM5
SIM1
SIM2
SIM3
SIM4
1
21
22
SIM5
SIM1
SIM2
SIM3
SIM4
1
21
22
SIM5
SIM1
SIM2
SIM3
SIM4
1
21
22
SIM5
SIM1
SIM2
SIM3
SIM4
1
21
22
SIM5
SIM1
SIM2
SIM3
SIM4
1
21
22
SIM5
SIM1
SIM2
SIM3
SIM4
1
21
22
SIM5
SIM1
SIM2
SIM3
SIM4
1
21
22
SIM5
SIM1
SIM2
SIM3
SIM4
1
21
22
SIM5
SIM1
SIM2
SIM3
SIM4
1
21
22
SIM5
SIM1
SIM2
SIM3
SIM4
1
21
22
SIM5
SIM1
SIM2
SIM3
SIM4
1
21
22
SIM5
SIM1
SIM2
SIM3
SIM4
1
21
22
SIM5
SIM1
SIM2
SIM3
SIM4
1
21
22
SIM5
SIM1
SIM2
SIM3
SIM4
1
21
22
SIM5
SIM1
SIM2
SIM3
SIM4
1
21
22
SIM5
SIM1
SIM2
SIM3
SIM4
1
21
22
SIM5
SIM1
SIM2
SIM3
SIM4
1
21
22
SIM5
SIM1
SIM2
SIM3
SIM4
1
21
22
SIM5
SIM1
SIM2
SIM3
SIM4
1
21
22
SIM5
SIM1
SIM2
SIM3
SIM4
1
21
22
SIM5
SIM1
SIM2
SIM3
SIM4
1
21
22
SIM5
SIM1
SIM2
SIM3
SIM4
1
21
22
SIM5
SIM1
SIM2
SIM3
SIM4
1
21
22
SIM5
SIM1
SIM2
SIM3
SIM4
1
21
22
SIM5
SIM1
SIM2
SIM3
SIM4
1
21
22
SIM5
SIM1
SIM2
SIM3
SIM4
1
21
22
SIM5
SIM1
SIM2
SIM3
SIM4
1
21
22
SIM5
SIM1
SIM2
SIM3
SIM4
1
21
22
SIM5
SIM1
SIM2
SIM3
SIM4
1
21
22
SIM5
SIM1
SIM2
SIM3
SIM4
1
21
22
SIM5
SIM1
SIM2
SIM3
SIM4
1
21
22
SIM5
SIM1
SIM2
SIM3
SIM4
1
21
22
SIM5
SIM1
SIM2
SIM3
SIM4
1
21
22
SIM5
SIM1
SIM2
SIM3
SIM4
1
21
22
SIM5
SIM1
SIM2
SIM3
SIM4
1
21
22
SIM5
SIM1
SIM2
SIM3
SIM4
1
21
22
SIM5
SIM1
SIM2
SIM3
SIM4
1
21
22
SIM5
SIM1
SIM2
SIM3
SIM4
1
21
22
SIM5
SIM1
SIM2
SIM3
SIM4
1
21
22
SIM5
SIM1
SIM2
SIM3
SIM4
1
21
22
SIM5
SIM1
SIM2
SIM3
SIM4
1
21
22
SIM5
SIM1
SIM2
SIM3
SIM4
1
21
22
SIM5
SIM1
SIM2
SIM3
SIM4
1
21
22
SIM5
SIM1
SIM2
SIM3
SIM4
1
21
22
SIM5
SIM1
SIM2
SIM3
SIM4
1
21
22
SIM5
SIM1
SIM2
SIM3
SIM4
1
21
22
SIM5
SIM1
SIM2
SIM3
SIM4
1
21
22
SIM5
SIM1
SIM2
SIM3
SIM4
1
21
22
SIM5
SIM1
SIM2
SIM3
SIM4
1
21
22
SIM5
SIM1
SIM2
SIM3
SIM4
1
21
22
SIM5
SIM1
SIM2
SIM3
SIM4
1
21
22
SIM5
SIM1
SIM2
SIM3
SIM4
1
21
22
SIM5
SIM1
SIM2
SIM3
SIM4
1
21
22
SIM5
SIM1
SIM2
SIM3
SIM4
1
21
22
SIM5
SIM1
SIM2
SIM3
SIM4
1
21
22
SIM5
SIM1
SIM2
SIM3
SIM4
1
21
22
SIM5
SIM1
SIM2
SIM3
SIM4
1
21
22
SIM5
SIM1
SIM2
SIM3
SIM4
1
21
22
SIM5
SIM1
SIM2
SIM3
SIM4
1
21
22
SIM5
SIM1
SIM2
SIM3
SIM4
1
21
22
SIM5
SIM1
SIM2
SIM3
SIM4
1
21
22
SIM5
SIM1
SIM2
SIM3
SIM4
1
21
22
SIM5
SIM1
SIM2
SIM3
SIM4
1
21
22
SIM5
SIM1
SIM2
SIM3
SIM4
1
21
22
SIM5
SIM1
SIM2
SIM3
SIM4
1
21
22
SIM5
SIM1
SIM2
SIM3
SIM4
1
21
22
SIM5
SIM1
SIM2
SIM3
SIM4
1
21
22
SIM5
SIM1
SIM2
SIM3
SIM4
1
21
22
SIM5
SIM1
SIM2
DEBUG 1 686
SIM1
SIM2
SIM3
SIM4
1
21
22
SIM5
SIM1
SIM2
SIM3
SIM4
1
21
22
SIM5
SIM1
SIM2
SIM3
SIM4
1
21
22
SIM5
SIM1
SIM2
SIM3
SIM4
1
21
22
SIM5
SIM1
SIM2
SIM3
SIM4
1
21
22
SIM5
SIM1
SIM2
SIM3
SIM4
1
21
22
SIM5
SIM1
SIM2
SIM3
SIM4
1
21
22
SIM5
SIM1
SIM2
SIM3
SIM4
1
21
22
SIM5
SIM1
SIM2
SIM3
SIM4
1
21
22
SIM5
SIM1
SIM2
SIM3
SIM4
1
21
22
SIM5
SIM1
SIM2
SIM3
SIM4
1
21
22
SIM5
SIM1
SIM2
SIM3
SIM4
1
21
22
SIM5
SIM1
SIM2
SIM3
SIM4
1
21
22
SIM5
SIM1
SIM2
SIM3
SIM4
1
21
22
SIM5
SIM1
SIM2
SIM3
SIM4
1
21
22
SIM5
SIM1
SIM2
SIM3
SIM4
1
21
22
SIM5
SIM1
SIM2
SIM3
SIM4
1
21
22
SIM5
SIM1
SIM2
SIM3
SIM4
1
21
22
SIM5
SIM1
SIM2
SIM3
SIM4
1
21
22
SIM5
SIM1
SIM2
SIM3
SIM4
1
21
22
SIM5
SIM1
SIM2
SIM3
SIM4
1
21
22
SIM5
SIM1
SIM2
SIM3
SIM4
1
21
22
SIM5
SIM1
SIM2
SIM3
SIM4
1
21
22
SIM5
SIM1
SIM2
SIM3
SIM4
1
21
22
SIM5
SIM1
SIM2
SIM3
SIM4
1
21
22
SIM5
SIM1
SIM2
SIM3
SIM4
1
21
22
SIM5
SIM1
SIM2
SIM3
SIM4
1
21
22
SIM5
SIM1
SIM2
SIM3
SIM4
1
21
22
SIM5
SIM1
SIM2
SIM3
SIM4
1
21
22
SIM5
SIM1
SIM2
SIM3
SIM4
1
21
22
SIM5
SIM1
SIM2
SIM3
SIM4
1
21
22
SIM5
SIM1
SIM2
SIM3
SIM4
1
21
22
SIM5
SIM1
SIM2
SIM3
SIM4
1
21
22
SIM5
SIM1
SIM2
SIM3
SIM4
1
21
22
SIM5
SIM1
SIM2
SIM3
SIM4
1
21
22
SIM5
SIM1
SIM2
SIM3
SIM4
1
21
22
SIM5
SIM1
SIM2
SIM3
SIM4
1
21
22
SIM5
SIM1
SIM2
SIM3
SIM4
1
21
22
SIM5
SIM1
SIM2
SIM3
SIM4
1
21
22
SIM5
SIM1
SIM2
SIM3
SIM4
1
21
22
SIM5
SIM1
SIM2
SIM3
SIM4
1
21
22
SIM5
SIM1
SIM2
SIM3
SIM4
1
21
22
SIM5
SIM1
SIM2
SIM3
SIM4
1
21
22
SIM5
SIM1
SIM2
SIM3
SIM4
1
21
22
SIM5
SIM1
SIM2
SIM3
SIM4
1
21
22
SIM5
SIM1
SIM2
SIM3
SIM4
1
21
22
SIM5
SIM1
SIM2
SIM3
SIM4
1
21
22
SIM5
SIM1
SIM2
SIM3
SIM4
1
21
22
SIM5
SIM1
SIM2
SIM3
SIM4
1
21
22
SIM5
SIM1
SIM2
SIM3
SIM4
1
21
22
SIM5
SIM1
SIM2
SIM3
SIM4
1
21
22
SIM5
SIM1
SIM2
SIM3
SIM4
1
21
22
SIM5
SIM1
SIM2
SIM3
SIM4
1
21
22
SIM5
SIM1
SIM2
SIM3
SIM4
1
21
22
SIM5
SIM1
SIM2
SIM3
SIM4
1
21
22
SIM5
SIM1
SIM2
SIM3
SIM4
1
21
22
SIM5
SIM1
SIM2
SIM3
SIM4
1
21
22
SIM5
SIM1
SIM2
SIM3
SIM4
1
21
22
SIM5
SIM1
SIM2
SIM3
SIM4
1
21
22
SIM5
SIM1
SIM2
SIM3
SIM4
1
21
22
SIM5
SIM1
SIM2
SIM3
SIM4
1
21
22
SIM5
SIM1
SIM2
SIM3
SIM4
1
21
22
SIM5
SIM1
SIM2
SIM3
SIM4
1
21
22
SIM5
SIM1
SIM2
SIM3
SIM4
1
21
22
SIM5
SIM1
SIM2
SIM3
SIM4
1
21
22
SIM5
SIM1
SIM2
SIM3
SIM4
1
21
22
SIM5
SIM1
SIM2
SIM3
SIM4
1
21
22
SIM5
SIM1
SIM2
SIM3
SIM4
1
21
22
SIM5
SIM1
SIM2
SIM3
SIM4
1
21
22
SIM5
SIM1
SIM2
SIM3
SIM4
1
21
22
SIM5
SIM1
SIM2
SIM3
SIM4
1
21
22
SIM5
SIM1
SIM2
SIM3
SIM4
1
21
22
SIM5
SIM1
SIM2
SIM3
SIM4
1
21
22
SIM5
SIM1
SIM2
SIM3
SIM4
1
21
22
SIM5
SIM1
SIM2
SIM3
SIM4
1
21
22
SIM5
SIM1
SIM2
SIM3
SIM4
1
21
22
SIM5
SIM1
SIM2
SIM3
SIM4
1
21
22
SIM5
SIM1
SIM2
SIM3
SIM4
1
21
22
SIM5
SIM1
SIM2
SIM3
SIM4
1
21
22
SIM5
SIM1
SIM2
SIM3
SIM4
1
21
22
SIM5
SIM1
SIM2
SIM3
SIM4
1
21
22
SIM5
SIM1
SIM2
SIM3
SIM4
1
21
22
SIM5
SIM1
SIM2
SIM3
SIM4
1
21
22
SIM5
SIM1
SIM2
SIM3
SIM4
1
21
22
SIM5
SIM1
SIM2
SIM3
SIM4
1
21
22
SIM5
SIM1
SIM2
SIM3
SIM4
1
21
22
SIM5
SIM1
SIM2
SIM3
SIM4
1
21
22
SIM5
SIM1
SIM2
SIM3
SIM4
1
21
22
SIM5
SIM1
SIM2
SIM3
SIM4
1
21
22
SIM5
SIM1
SIM2
SIM3
SIM4
1
21
22
SIM5
SIM1
SIM2
SIM3
SIM4
1
21
22
SIM5
SIM1
SIM2
SIM3
SIM4
1
21
22
SIM5
SIM1
SIM2
SIM3
SIM4
1
21
22
SIM5
SIM1
SIM2
SIM3
SIM4
1
21
22
SIM5
SIM1
SIM2
SIM3
SIM4
1
21
22
SIM5
SIM1
SIM2
SIM3
SIM4
1
21
22
SIM5
SIM1
SIM2
SIM3
SIM4
1
21
22
SIM5
SIM1
SIM2
SIM3
SIM4
1
21
22
SIM5
SIM1
SIM2
SIM3
SIM4
1
21
22
SIM5
SIM1
SIM2
SIM3
SIM4
1
21
22
SIM5
SIM1
SIM2
SIM3
SIM4
1
21
22
SIM5
SIM1
SIM2
SIM3
SIM4
1
21
22
SIM5
SIM1
SIM2
SIM3
SIM4
1
21
22
SIM5
SIM1
SIM2
SIM3
SIM4
1
21
22
SIM5
SIM1
SIM2
SIM3
SIM4
1
21
22
SIM5
SIM1
SIM2
SIM3
SIM4
1
21
22
SIM5
SIM1
SIM2
SIM3
SIM4
1
21
22
SIM5
SIM1
SIM2
SIM3
SIM4
1
21
22
SIM5
SIM1
SIM2
SIM3
SIM4
1
21
22
SIM5
SIM1
SIM2
SIM3
SIM4
1
21
22
SIM5
SIM1
SIM2
SIM3
SIM4
1
21
22
SIM5
SIM1
SIM2
SIM3
SIM4
1
21
22
SIM5
SIM1
SIM2
SIM3
SIM4
1
21
22
SIM5
SIM1
SIM2
SIM3
SIM4
1
21
22
SIM5
SIM1
SIM2
SIM3
SIM4
1
21
22
SIM5
SIM1
SIM2
SIM3
SIM4
1
21
22
SIM5
SIM1
SIM2
SIM3
SIM4
1
21
22
SIM5
SIM1
SIM2
SIM3
SIM4
1
21
22
SIM5
SIM1
SIM2
SIM3
SIM4
1
21
22
SIM5
SIM1
SIM2
SIM3
SIM4
1
21
22
SIM5
SIM1
SIM2
SIM3
SIM4
1
21
22
SIM5
SIM1
SIM2
SIM3
SIM4
1
21
22
SIM5
SIM1
SIM2
SIM3
SIM4
1
21
22
SIM5
SIM1
SIM2
SIM3
SIM4
1
21
22
SIM5
SIM1
SIM2
SIM3
SIM4
1
21
22
SIM5
SIM1
SIM2
SIM3
SIM4
1
21
22
SIM5
SIM1
SIM2
SIM3
SIM4
1
21
22
SIM5
SIM1
SIM2
SIM3
SIM4
1
21
22
SIM5
SIM1
SIM2
SIM3
SIM4
1
21
22
SIM5
SIM1
SIM2
SIM3
SIM4
1
21
22
SIM5
SIM1
SIM2
SIM3
SIM4
1
21
22
SIM5
SIM1
SIM2
SIM3
SIM4
1
21
22
SIM5
SIM1
SIM2
SIM3
SIM4
1
21
22
SIM5
SIM1
SIM2
SIM3
SIM4
1
21
22
SIM5
SIM1
SIM2
SIM3
SIM4
1
21
22
SIM5
SIM1
SIM2
SIM3
SIM4
1
21
22
SIM5
SIM1
SIM2
SIM3
SIM4
1
21
22
SIM5
SIM1
SIM2
SIM3
SIM4
1
21
22
SIM5
SIM1
SIM2
SIM3
SIM4
1
21
22
SIM5
SIM1
SIM2
SIM3
SIM4
1
21
22
SIM5
SIM1
SIM2
SIM3
SIM4
1
21
22
SIM5
SIM1
SIM2
SIM3
SIM4
1
21
22
SIM5
SIM1
SIM2
SIM3
SIM4
1
21
22
SIM5
SIM1
SIM2
SIM3
SIM4
1
21
22
SIM5
SIM1
SIM2
SIM3
SIM4
1
21
22
SIM5
SIM1
SIM2
SIM3
SIM4
1
21
22
SIM5
SIM1
SIM2
SIM3
SIM4
1
21
22
SIM5
SIM1
SIM2
SIM3
SIM4
1
21
22
SIM5
SIM1
SIM2
SIM3
SIM4
1
21
22
SIM5
SIM1
SIM2
SIM3
SIM4
1
21
22
SIM5
SIM1
SIM2
SIM3
SIM4
1
21
22
SIM5
SIM1
SIM2
SIM3
SIM4
1
21
22
SIM5
SIM1
SIM2
SIM3
SIM4
1
21
22
SIM5
SIM1
SIM2
SIM3
SIM4
1
21
22
SIM5
SIM1
SIM2
SIM3
SIM4
1
21
22
SIM5
SIM1
SIM2
SIM3
SIM4
1
21
22
SIM5
SIM1
SIM2
SIM3
SIM4
1
21
22
SIM5
SIM1
SIM2
SIM3
SIM4
1
21
22
SIM5
SIM1
SIM2
SIM3
SIM4
1
21
22
SIM5
SIM1
SIM2
SIM3
SIM4
1
21
22
SIM5
SIM1
SIM2
SIM3
SIM4
1
21
22
SIM5
SIM1
SIM2
SIM3
SIM4
1
21
22
SIM5
SIM1
SIM2
SIM3
SIM4
1
21
22
SIM5
SIM1
SIM2
SIM3
SIM4
1
21
22
SIM5
SIM1
SIM2
SIM3
SIM4
1
21
22
SIM5
SIM1
SIM2
SIM3
SIM4
1
21
22
SIM5
SIM1
SIM2
SIM3
SIM4
1
21
22
SIM5
SIM1
SIM2
SIM3
SIM4
1
21
22
SIM5
SIM1
SIM2
SIM3
SIM4
1
21
22
SIM5
SIM1
SIM2
DEBUG 1 687
SIM1
SIM2
SIM3
SIM4
1
21
22
SIM5
SIM1
SIM2
SIM3
SIM4
1
21
22
SIM5
SIM1
SIM2
SIM3
SIM4
1
21
22
SIM5
SIM1
SIM2
SIM3
SIM4
1
21
22
SIM5
SIM1
SIM2
SIM3
SIM4
1
21
22
SIM5
SIM1
SIM2
SIM3
SIM4
1
21
22
SIM5
SIM1
SIM2
SIM3
SIM4
1
21
22
SIM5
SIM1
SIM2
SIM3
SIM4
1
21
22
SIM5
SIM1
SIM2
SIM3
SIM4
1
21
22
SIM5
SIM1
SIM2
SIM3
SIM4
1
21
22
SIM5
SIM1
SIM2
SIM3
SIM4
1
21
22
SIM5
SIM1
SIM2
SIM3
SIM4
1
21
22
SIM5
SIM1
SIM2
SIM3
SIM4
1
21
22
SIM5
SIM1
SIM2
SIM3
SIM4
1
21
22
SIM5
SIM1
SIM2
SIM3
SIM4
1
21
22
SIM5
SIM1
SIM2
SIM3
SIM4
1
21
22
SIM5
SIM1
SIM2
SIM3
SIM4
1
21
22
SIM5
SIM1
SIM2
SIM3
SIM4
1
21
22
SIM5
SIM1
SIM2
SIM3
SIM4
1
21
22
SIM5
SIM1
SIM2
SIM3
SIM4
1
21
22
SIM5
SIM1
SIM2
SIM3
SIM4
1
21
22
SIM5
SIM1
SIM2
SIM3
SIM4
1
21
22
SIM5
SIM1
SIM2
SIM3
SIM4
1
21
22
SIM5
SIM1
SIM2
SIM3
SIM4
1
21
22
SIM5
SIM1
SIM2
SIM3
SIM4
1
21
22
SIM5
SIM1
SIM2
SIM3
SIM4
1
21
22
SIM5
SIM1
SIM2
SIM3
SIM4
1
21
22
SIM5
SIM1
SIM2
SIM3
SIM4
1
21
22
SIM5
SIM1
SIM2
SIM3
SIM4
1
21
22
SIM5
SIM1
SIM2
SIM3
SIM4
1
21
22
SIM5
SIM1
SIM2
SIM3
SIM4
1
21
22
SIM5
SIM1
SIM2
SIM3
SIM4
1
21
22
SIM5
SIM1
SIM2
SIM3
SIM4
1
21
22
SIM5
SIM1
SIM2
SIM3
SIM4
1
21
22
SIM5
SIM1
SIM2
SIM3
SIM4
1
21
22
SIM5
SIM1
SIM2
SIM3
SIM4
1
21
22
SIM5
SIM1
SIM2
SIM3
SIM4
1
21
22
SIM5
SIM1
SIM2
SIM3
SIM4
1
21
22
SIM5
SIM1
SIM2
SIM3
SIM4
1
21
22
SIM5
SIM1
SIM2
SIM3
SIM4
1
21
22
SIM5
SIM1
SIM2
SIM3
SIM4
1
21
22
SIM5
SIM1
SIM2
SIM3
SIM4
1
21
22
SIM5
SIM1
SIM2
SIM3
SIM4
1
21
22
SIM5
SIM1
SIM2
SIM3
SIM4
1
21
22
SIM5
SIM1
SIM2
SIM3
SIM4
1
21
22
SIM5
SIM1
SIM2
SIM3
SIM4
1
21
22
SIM5
SIM1
SIM2
SIM3
SIM4
1
21
22
SIM5
SIM1
SIM2
SIM3
SIM4
1
21
22
SIM5
SIM1
SIM2
SIM3
SIM4
1
21
22
SIM5
SIM1
SIM2
SIM3
SIM4
1
21
22
SIM5
SIM1
SIM2
SIM3
SIM4
1
21
22
SIM5
SIM1
SIM2
SIM3
SIM4
1
21
22
SIM5
SIM1
SIM2
SIM3
SIM4
1
21
22
SIM5
SIM1
SIM2
SIM3
SIM4
1
21
22
SIM5
SIM1
SIM2
SIM3
SIM4
1
21
22
SIM5
SIM1
SIM2
DEBUG 1 688
SIM1
SIM2
SIM3
SIM4
1
21
22
SIM5
SIM1
SIM2
SIM3
SIM4
1
21
22
SIM5
SIM1
SIM2
SIM3
SIM4
1
21
22
SIM5
SIM1
SIM2
SIM3
SIM4
1
21
22
SIM5
SIM1
SIM2
SIM3
SIM4
1
21
22
SIM5
SIM1
SIM2
SIM3
SIM4
1
21
22
SIM5
SIM1
SIM2
SIM3
SIM4
1
21
22
SIM5
SIM1
SIM2
SIM3
SIM4
1
21
22
SIM5
SIM1
SIM2
SIM3
SIM4
1
21
22
SIM5
SIM1
SIM2
SIM3
SIM4
1
21
22
SIM5
SIM1
SIM2
SIM3
SIM4
1
21
22
SIM5
SIM1
SIM2
SIM3
SIM4
1
21
22
SIM5
SIM1
SIM2
SIM3
SIM4
1
21
22
SIM5
SIM1
SIM2
SIM3
SIM4
1
21
22
SIM5
SIM1
SIM2
SIM3
SIM4
1
21
22
SIM5
SIM1
SIM2
SIM3
SIM4
1
21
22
SIM5
SIM1
SIM2
SIM3
SIM4
1
21
22
SIM5
SIM1
SIM2
SIM3
SIM4
1
21
22
SIM5
SIM1
SIM2
SIM3
SIM4
1
21
22
SIM5
SIM1
SIM2
SIM3
SIM4
1
21
22
SIM5
SIM1
SIM2
SIM3
SIM4
1
21
22
SIM5
SIM1
SIM2
SIM3
SIM4
1
21
22
SIM5
SIM1
SIM2
SIM3
SIM4
1
21
22
SIM5
SIM1
SIM2
SIM3
SIM4
1
21
22
SIM5
SIM1
SIM2
SIM3
SIM4
1
21
22
SIM5
SIM1
SIM2
SIM3
SIM4
1
21
22
SIM5
SIM1
SIM2
SIM3
SIM4
1
21
22
SIM5
SIM1
SIM2
SIM3
SIM4
1
21
22
SIM5
SIM1
SIM2
SIM3
SIM4
1
21
22
SIM5
SIM1
SIM2
SIM3
SIM4
1
21
22
SIM5
SIM1
SIM2
SIM3
SIM4
1
21
22
SIM5
SIM1
SIM2
SIM3
SIM4
1
21
22
SIM5
SIM1
SIM2
SIM3
SIM4
1
21
22
SIM5
SIM1
SIM2
SIM3
SIM4
1
21
22
SIM5
SIM1
SIM2
SIM3
SIM4
1
21
22
SIM5
SIM1
SIM2
SIM3
SIM4
1
21
22
SIM5
SIM1
SIM2
SIM3
SIM4
1
21
22
SIM5
SIM1
SIM2
SIM3
SIM4
1
21
22
SIM5
SIM1
SIM2
SIM3
SIM4
1
21
22
SIM5
SIM1
SIM2
SIM3
SIM4
1
21
22
SIM5
SIM1
SIM2
SIM3
SIM4
1
21
22
SIM5
SIM1
SIM2
SIM3
SIM4
1
21
22
SIM5
SIM1
SIM2
SIM3
SIM4
1
21
22
SIM5
SIM1
SIM2
SIM3
SIM4
1
21
22
SIM5
SIM1
SIM2
SIM3
SIM4
1
21
22
SIM5
SIM1
SIM2
SIM3
SIM4
1
21
22
SIM5
SIM1
SIM2
SIM3
SIM4
1
21
22
SIM5
SIM1
SIM2
SIM3
SIM4
1
21
22
SIM5
SIM1
SIM2
SIM3
SIM4
1
21
22
SIM5
SIM1
SIM2
SIM3
SIM4
1
21
22
SIM5
SIM1
SIM2
SIM3
SIM4
1
21
22
SIM5
SIM1
SIM2
SIM3
SIM4
1
21
22
SIM5
SIM1
SIM2
SIM3
SIM4
1
21
22
SIM5
SIM1
SIM2
SIM3
SIM4
1
21
22
SIM5
SIM1
SIM2
SIM3
SIM4
1
21
22
SIM5
SIM1
SIM2
SIM3
SIM4
1
21
22
SIM5
SIM1
SIM2
SIM3
SIM4
1
21
22
SIM5
SIM1
SIM2
SIM3
SIM4
1
21
22
SIM5
SIM1
SIM2
SIM3
SIM4
1
21
22
SIM5
SIM1
SIM2
SIM3
SIM4
1
21
22
SIM5
SIM1
SIM2
SIM3
SIM4
1
21
22
SIM5
SIM1
SIM2
SIM3
SIM4
1
21
22
SIM5
SIM1
SIM2
SIM3
SIM4
1
21
22
SIM5
SIM1
SIM2
SIM3
SIM4
1
21
22
SIM5
SIM1
SIM2
SIM3
SIM4
1
21
22
SIM5
SIM1
SIM2
SIM3
SIM4
1
21
22
SIM5
SIM1
SIM2
SIM3
SIM4
1
21
22
SIM5
SIM1
SIM2
SIM3
SIM4
1
21
22
SIM5
SIM1
SIM2
SIM3
SIM4
1
21
22
SIM5
SIM1
SIM2
SIM3
SIM4
1
21
22
SIM5
SIM1
SIM2
SIM3
SIM4
1
21
22
SIM5
SIM1
SIM2
SIM3
SIM4
1
21
22
SIM5
SIM1
SIM2
SIM3
SIM4
1
21
22
SIM5
SIM1
SIM2
SIM3
SIM4
1
21
22
SIM5
SIM1
SIM2
SIM3
SIM4
1
21
22
SIM5
SIM1
SIM2
SIM3
SIM4
1
21
22
SIM5
SIM1
SIM2
SIM3
SIM4
1
21
22
SIM5
SIM1
SIM2
SIM3
SIM4
1
21
22
SIM5
SIM1
SIM2
SIM3
SIM4
1
21
22
SIM5
SIM1
SIM2
SIM3
SIM4
1
21
22
SIM5
SIM1
SIM2
SIM3
SIM4
1
21
22
SIM5
SIM1
SIM2
SIM3
SIM4
1
21
22
SIM5
SIM1
SIM2
SIM3
SIM4
1
21
22
SIM5
SIM1
SIM2
SIM3
SIM4
1
21
22
SIM5
SIM1
SIM2
SIM3
SIM4
1
21
22
SIM5
SIM1
SIM2
SIM3
SIM4
1
21
22
SIM5
SIM1
SIM2
SIM3
SIM4
1
21
22
SIM5
SIM1
SIM2
SIM3
SIM4
1
21
22
SIM5
SIM1
SIM2
SIM3
SIM4
1
21
22
SIM5
SIM1
SIM2
SIM3
SIM4
1
21
22
SIM5
SIM1
SIM2
SIM3
SIM4
1
21
22
SIM5
SIM1
SIM2
SIM3
SIM4
1
21
22
SIM5
SIM1
SIM2
SIM3
SIM4
1
21
22
SIM5
SIM1
SIM2
SIM3
SIM4
1
21
22
SIM5
SIM1
SIM2
SIM3
SIM4
1
21
22
SIM5
SIM1
SIM2
SIM3
SIM4
1
21
22
SIM5
SIM1
SIM2
SIM3
SIM4
1
21
22
SIM5
SIM1
SIM2
SIM3
SIM4
1
21
22
SIM5
SIM1
SIM2
SIM3
SIM4
1
21
22
SIM5
SIM1
SIM2
SIM3
SIM4
1
21
22
SIM5
SIM1
SIM2
SIM3
SIM4
1
21
22
SIM5
SIM1
SIM2
SIM3
SIM4
1
21
22
SIM5
SIM1
SIM2
SIM3
SIM4
1
21
22
SIM5
SIM1
SIM2
SIM3
SIM4
1
21
22
SIM5
SIM1
SIM2
SIM3
SIM4
1
21
22
SIM5
SIM1
SIM2
SIM3
SIM4
1
21
22
SIM5
SIM1
SIM2
SIM3
SIM4
1
21
22
SIM5
SIM1
SIM2
SIM3
SIM4
1
21
22
SIM5
SIM1
SIM2
SIM3
SIM4
1
21
22
SIM5
SIM1
SIM2
SIM3
SIM4
1
21
22
SIM5
SIM1
SIM2
SIM3
SIM4
1
21
22
SIM5
SIM1
SIM2
SIM3
SIM4
1
21
22
SIM5
SIM1
SIM2
SIM3
SIM4
1
21
22
SIM5
SIM1
SIM2
SIM3
SIM4
1
21
22
SIM5
SIM1
SIM2
SIM3
SIM4
1
21
22
SIM5
SIM1
SIM2
SIM3
SIM4
1
21
22
SIM5
SIM1
SIM2
SIM3
SIM4
1
21
22
SIM5
SIM1
SIM2
SIM3
SIM4
1
21
22
SIM5
SIM1
SIM2
SIM3
SIM4
1
21
22
SIM5
SIM1
SIM2
SIM3
SIM4
1
21
22
SIM5
SIM1
SIM2
SIM3
SIM4
1
21
22
SIM5
SIM1
SIM2
SIM3
SIM4
1
21
22
SIM5
SIM1
SIM2
SIM3
SIM4
1
21
22
SIM5
SIM1
SIM2
SIM3
SIM4
1
21
22
SIM5
SIM1
SIM2
SIM3
SIM4
1
21
22
SIM5
SIM1
SIM2
SIM3
SIM4
1
21
22
SIM5
SIM1
SIM2
SIM3
SIM4
1
21
22
SIM5
SIM1
SIM2
SIM3
SIM4
1
21
22
SIM5
SIM1
SIM2
SIM3
SIM4
1
21
22
SIM5
SIM1
SIM2
SIM3
SIM4
1
21
22
SIM5
SIM1
SIM2
SIM3
SIM4
1
21
22
SIM5
SIM1
SIM2
SIM3
SIM4
1
21
22
SIM5
SIM1
SIM2
SIM3
SIM4
1
21
22
SIM5
SIM1
SIM2
SIM3
SIM4
1
21
22
SIM5
SIM1
SIM2
SIM3
SIM4
1
21
22
SIM5
SIM1
SIM2
SIM3
SIM4
1
21
22
SIM5
SIM1
SIM2
SIM3
SIM4
1
21
22
SIM5
SIM1
SIM2
SIM3
SIM4
1
21
22
SIM5
SIM1
SIM2
SIM3
SIM4
1
21
22
SIM5
SIM1
SIM2
SIM3
SIM4
1
21
22
SIM5
SIM1
SIM2
SIM3
SIM4
1
21
22
SIM5
SIM1
SIM2
SIM3
SIM4
1
21
22
SIM5
SIM1
SIM2
SIM3
SIM4
1
21
22
SIM5
SIM1
SIM2
SIM3
SIM4
1
21
22
SIM5
SIM1
SIM2
SIM3
SIM4
1
21
22
SIM5
SIM1
SIM2
SIM3
SIM4
1
21
22
SIM5
SIM1
SIM2
SIM3
SIM4
1
21
22
SIM5
SIM1
SIM2
SIM3
SIM4
1
21
22
SIM5
SIM1
SIM2
SIM3
SIM4
1
21
22
SIM5
SIM1
SIM2
SIM3
SIM4
1
21
22
SIM5
SIM1
SIM2
SIM3
SIM4
1
21
22
SIM5
SIM1
SIM2
SIM3
SIM4
1
21
22
SIM5
SIM1
SIM2
SIM3
SIM4
1
21
22
SIM5
SIM1
SIM2
SIM3
SIM4
1
21
22
SIM5
SIM1
SIM2
SIM3
SIM4
1
21
22
SIM5
SIM1
SIM2
SIM3
SIM4
1
21
22
SIM5
SIM1
SIM2
SIM3
SIM4
1
21
22
SIM5
SIM1
SIM2
SIM3
SIM4
1
21
22
SIM5
SIM1
SIM2
SIM3
SIM4
1
21
22
SIM5
SIM1
SIM2
SIM3
SIM4
1
21
22
SIM5
SIM1
SIM2
SIM3
SIM4
1
21
22
SIM5
SIM1
SIM2
SIM3
SIM4
1
21
22
SIM5
SIM1
SIM2
SIM3
SIM4
1
21
22
SIM5
SIM1
SIM2
SIM3
SIM4
1
21
22
SIM5
SIM1
SIM2
SIM3
SIM4
1
21
22
SIM5
SIM1
SIM2
SIM3
SIM4
1
21
22
SIM5
SIM1
SIM2
SIM3
SIM4
1
21
22
SIM5
SIM1
SIM2
SIM3
SIM4
1
21
22
SIM5
SIM1
SIM2
SIM3
SIM4
1
21
22
SIM5
SIM1
SIM2
SIM3
SIM4
1
21
22
SIM5
SIM1
SIM2
SIM3
SIM4
1
21
22
SIM5
SIM1
SIM2
SIM3
SIM4
1
21
22
SIM5
SIM1
SIM2
SIM3
SIM4
1
21
22
SIM5
SIM1
SIM2
DEBUG 1 689
SIM1
SIM2
SIM3
SIM4
1
21
22
SIM5
SIM1
SIM2
SIM3
SIM4
1
21
22
SIM5
SIM1
SIM2
SIM3
SIM4
1
21
22
SIM5
SIM1
SIM2
SIM3
SIM4
1
21
22
SIM5
SIM1
SIM2
SIM3
SIM4
1
21
22
SIM5
SIM1
SIM2
SIM3
SIM4
1
21
22
SIM5
SIM1
SIM2
SIM3
SIM4
1
21
22
SIM5
SIM1
SIM2
SIM3
SIM4
1
21
22
SIM5
SIM1
SIM2
SIM3
SIM4
1
21
22
SIM5
SIM1
SIM2
SIM3
SIM4
1
21
22
SIM5
SIM1
SIM2
SIM3
SIM4
1
21
22
SIM5
SIM1
SIM2
SIM3
SIM4
1
21
22
SIM5
SIM1
SIM2
SIM3
SIM4
1
21
22
SIM5
SIM1
SIM2
SIM3
SIM4
1
21
22
SIM5
SIM1
SIM2
SIM3
SIM4
1
21
22
SIM5
SIM1
SIM2
SIM3
SIM4
1
21
22
SIM5
SIM1
SIM2
SIM3
SIM4
1
21
22
SIM5
SIM1
SIM2
SIM3
SIM4
1
21
22
SIM5
SIM1
SIM2
SIM3
SIM4
1
21
22
SIM5
SIM1
SIM2
SIM3
SIM4
1
21
22
SIM5
SIM1
SIM2
SIM3
SIM4
1
21
22
SIM5
SIM1
SIM2
SIM3
SIM4
1
21
22
SIM5
SIM1
SIM2
SIM3
SIM4
1
21
22
SIM5
SIM1
SIM2
SIM3
SIM4
1
21
22
SIM5
SIM1
SIM2
SIM3
SIM4
1
21
22
SIM5
SIM1
SIM2
SIM3
SIM4
1
21
22
SIM5
SIM1
SIM2
SIM3
SIM4
1
21
22
SIM5
SIM1
SIM2
SIM3
SIM4
1
21
22
SIM5
SIM1
SIM2
SIM3
SIM4
1
21
22
SIM5
SIM1
SIM2
SIM3
SIM4
1
21
22
SIM5
SIM1
SIM2
SIM3
SIM4
1
21
22
SIM5
SIM1
SIM2
SIM3
SIM4
1
21
22
SIM5
SIM1
SIM2
SIM3
SIM4
1
21
22
SIM5
SIM1
SIM2
SIM3
SIM4
1
21
22
SIM5
SIM1
SIM2
SIM3
SIM4
1
21
22
SIM5
SIM1
SIM2
SIM3
SIM4
1
21
22
SIM5
SIM1
SIM2
SIM3
SIM4
1
21
22
SIM5
SIM1
SIM2
SIM3
SIM4
1
21
22
SIM5
SIM1
SIM2
SIM3
SIM4
1
21
22
SIM5
SIM1
SIM2
SIM3
SIM4
1
21
22
SIM5
SIM1
SIM2
SIM3
SIM4
1
21
22
SIM5
SIM1
SIM2
SIM3
SIM4
1
21
22
SIM5
SIM1
SIM2
SIM3
SIM4
1
21
22
SIM5
SIM1
SIM2
SIM3
SIM4
1
21
22
SIM5
SIM1
SIM2
SIM3
SIM4
1
21
22
SIM5
SIM1
SIM2
SIM3
SIM4
1
21
22
SIM5
SIM1
SIM2
SIM3
SIM4
1
21
22
SIM5
SIM1
SIM2
SIM3
SIM4
1
21
22
SIM5
SIM1
SIM2
SIM3
SIM4
1
21
22
SIM5
SIM1
SIM2
SIM3
SIM4
1
21
22
SIM5
SIM1
SIM2
SIM3
SIM4
1
21
22
SIM5
SIM1
SIM2
SIM3
SIM4
1
21
22
SIM5
SIM1
SIM2
SIM3
SIM4
1
21
22
SIM5
SIM1
SIM2
SIM3
SIM4
1
21
22
SIM5
SIM1
SIM2
SIM3
SIM4
1
21
22
SIM5
SIM1
SIM2
SIM3
SIM4
1
21
22
SIM5
SIM1
SIM2
SIM3
SIM4
1
21
22
SIM5
SIM1
SIM2
SIM3
SIM4
1
21
22
SIM5
SIM1
SIM2
SIM3
SIM4
1
21
22
SIM5
SIM1
SIM2
SIM3
SIM4
1
21
22
SIM5
SIM1
SIM2
SIM3
SIM4
1
21
22
SIM5
SIM1
SIM2
SIM3
SIM4
1
21
22
SIM5
SIM1
SIM2
SIM3
SIM4
1
21
22
SIM5
SIM1
SIM2
SIM3
SIM4
1
21
22
SIM5
SIM1
SIM2
SIM3
SIM4
1
21
22
SIM5
SIM1
SIM2
SIM3
SIM4
1
21
22
SIM5
SIM1
SIM2
SIM3
SIM4
1
21
22
SIM5
SIM1
SIM2
SIM3
SIM4
1
21
22
SIM5
SIM1
SIM2
SIM3
SIM4
1
21
22
SIM5
SIM1
SIM2
SIM3
SIM4
1
21
22
SIM5
SIM1
SIM2
SIM3
SIM4
1
21
22
SIM5
SIM1
SIM2
SIM3
SIM4
1
21
22
SIM5
SIM1
SIM2
SIM3
SIM4
1
21
22
SIM5
SIM1
SIM2
SIM3
SIM4
1
21
22
SIM5
SIM1
SIM2
SIM3
SIM4
1
21
22
SIM5
SIM1
SIM2
SIM3
SIM4
1
21
22
SIM5
SIM1
SIM2
SIM3
SIM4
1
21
22
SIM5
SIM1
SIM2
SIM3
SIM4
1
21
22
SIM5
SIM1
SIM2
SIM3
SIM4
1
21
22
SIM5
SIM1
SIM2
SIM3
SIM4
1
21
22
SIM5
SIM1
SIM2
SIM3
SIM4
1
21
22
SIM5
SIM1
SIM2
SIM3
SIM4
1
21
22
SIM5
SIM1
SIM2
SIM3
SIM4
1
21
22
SIM5
SIM1
SIM2
SIM3
SIM4
1
21
22
SIM5
SIM1
SIM2
SIM3
SIM4
1
21
22
SIM5
SIM1
SIM2
SIM3
SIM4
1
21
22
SIM5
SIM1
SIM2
SIM3
SIM4
1
21
22
SIM5
SIM1
SIM2
SIM3
SIM4
1
21
22
SIM5
SIM1
SIM2
SIM3
SIM4
1
21
22
SIM5
SIM1
SIM2
SIM3
SIM4
1
21
22
SIM5
SIM1
SIM2
SIM3
SIM4
1
21
22
SIM5
SIM1
SIM2
SIM3
SIM4
1
21
22
SIM5
SIM1
SIM2
SIM3
SIM4
1
21
22
SIM5
SIM1
SIM2
SIM3
SIM4
1
21
22
SIM5
SIM1
SIM2
SIM3
SIM4
1
21
22
SIM5
SIM1
SIM2
SIM3
SIM4
1
21
22
SIM5
SIM1
SIM2
SIM3
SIM4
1
21
22
SIM5
SIM1
SIM2
SIM3
SIM4
1
21
22
SIM5
SIM1
SIM2
SIM3
SIM4
1
21
22
SIM5
SIM1
SIM2
SIM3
SIM4
1
21
22
SIM5
SIM1
SIM2
SIM3
SIM4
1
21
22
SIM5
SIM1
SIM2
SIM3
SIM4
1
21
22
SIM5
SIM1
SIM2
SIM3
SIM4
1
21
22
SIM5
SIM1
SIM2
SIM3
SIM4
1
21
22
SIM5
SIM1
SIM2
SIM3
SIM4
1
21
22
SIM5
SIM1
SIM2
SIM3
SIM4
1
21
22
SIM5
SIM1
SIM2
SIM3
SIM4
1
21
22
SIM5
SIM1
SIM2
SIM3
SIM4
1
21
22
SIM5
SIM1
SIM2
SIM3
SIM4
1
21
22
SIM5
SIM1
SIM2
SIM3
SIM4
1
21
22
SIM5
SIM1
SIM2
SIM3
SIM4
1
21
22
SIM5
SIM1
SIM2
SIM3
SIM4
1
21
22
SIM5
SIM1
SIM2
SIM3
SIM4
1
21
22
SIM5
SIM1
SIM2
SIM3
SIM4
1
21
22
SIM5
SIM1
SIM2
SIM3
SIM4
1
21
22
SIM5
SIM1
SIM2
SIM3
SIM4
1
21
22
SIM5
SIM1
SIM2
SIM3
SIM4
1
21
22
SIM5
SIM1
SIM2
SIM3
SIM4
1
21
22
SIM5
SIM1
SIM2
SIM3
SIM4
1
21
22
SIM5
SIM1
SIM2
SIM3
SIM4
1
21
22
SIM5
SIM1
SIM2
SIM3
SIM4
1
21
22
SIM5
SIM1
SIM2
SIM3
SIM4
1
21
22
SIM5
SIM1
SIM2
SIM3
SIM4
1
21
22
SIM5
SIM1
SIM2
SIM3
SIM4
1
21
22
SIM5
SIM1
SIM2
SIM3
SIM4
1
21
22
SIM5
SIM1
SIM2
SIM3
SIM4
1
21
22
SIM5
SIM1
SIM2
SIM3
SIM4
1
21
22
SIM5
SIM1
SIM2
SIM3
SIM4
1
21
22
SIM5
SIM1
SIM2
SIM3
SIM4
1
21
22
SIM5
SIM1
SIM2
SIM3
SIM4
1
21
22
SIM5
SIM1
SIM2
SIM3
SIM4
1
21
22
SIM5
SIM1
SIM2
SIM3
SIM4
1
21
22
SIM5
SIM1
SIM2
SIM3
SIM4
1
21
22
SIM5
SIM1
SIM2
SIM3
SIM4
1
21
22
SIM5
SIM1
SIM2
SIM3
SIM4
1
21
22
SIM5
SIM1
SIM2
SIM3
SIM4
1
21
22
SIM5
SIM1
SIM2
SIM3
SIM4
1
21
22
SIM5
SIM1
SIM2
SIM3
SIM4
1
21
22
SIM5
SIM1
SIM2
SIM3
SIM4
1
21
22
SIM5
SIM1
SIM2
SIM3
SIM4
1
21
22
SIM5
SIM1
SIM2
SIM3
SIM4
1
21
22
SIM5
SIM1
SIM2
SIM3
SIM4
1
21
22
SIM5
SIM1
SIM2
SIM3
SIM4
1
21
22
SIM5
SIM1
SIM2
SIM3
SIM4
1
21
22
SIM5
SIM1
SIM2
SIM3
SIM4
1
21
22
SIM5
SIM1
SIM2
SIM3
SIM4
1
21
22
SIM5
SIM1
SIM2
SIM3
SIM4
1
21
22
SIM5
SIM1
SIM2
SIM3
SIM4
1
21
22
SIM5
SIM1
SIM2
SIM3
SIM4
1
21
22
SIM5
SIM1
SIM2
SIM3
SIM4
1
21
22
SIM5
SIM1
SIM2
SIM3
SIM4
1
21
22
SIM5
SIM1
SIM2
SIM3
SIM4
1
21
22
SIM5
SIM1
SIM2
SIM3
SIM4
1
21
22
SIM5
SIM1
SIM2
SIM3
SIM4
1
21
22
SIM5
SIM1
SIM2
SIM3
SIM4
1
21
22
SIM5
SIM1
SIM2
SIM3
SIM4
1
21
22
SIM5
SIM1
SIM2
SIM3
SIM4
1
21
22
SIM5
SIM1
SIM2
SIM3
SIM4
1
21
22
SIM5
SIM1
SIM2
SIM3
SIM4
1
21
22
SIM5
SIM1
SIM2
SIM3
SIM4
1
21
22
SIM5
SIM1
SIM2
SIM3
SIM4
1
21
22
SIM5
SIM1
SIM2
SIM3
SIM4
1
21
22
SIM5
SIM1
SIM2
SIM3
SIM4
1
21
22
SIM5
SIM1
SIM2
SIM3
SIM4
1
21
22
SIM5
SIM1
SIM2
SIM3
SIM4
1
21
22
SIM5
SIM1
SIM2
SIM3
SIM4
1
21
22
SIM5
SIM1
SIM2
SIM3
SIM4
1
21
22
SIM5
SIM1
SIM2
SIM3
SIM4
1
21
22
SIM5
SIM1
SIM2
SIM3
SIM4
1
21
22
SIM5
SIM1
SIM2
SIM3
SIM4
1
21
22
SIM5
SIM1
SIM2
SIM3
SIM4
1
21
22
SIM5
SIM1
SIM2
SIM3
SIM4
1
21
22
SIM5
SIM1
SIM2
SIM3
SIM4
1
21
22
SIM5
SIM1
SIM2
SIM3
SIM4
1
21
22
SIM5
SIM1
SIM2
SIM3
SIM4
1
21
22
SIM5
SIM1
SIM2
SIM3
SIM4
1
21
22
SIM5
SIM1
SIM2
SIM3
SIM4
1
21
22
SIM5
SIM1
SIM2
SIM3
SIM4
1
21
22
SIM5
SIM1
SIM2
DEBUG 1 690
SIM1
SIM2
SIM3
SIM4
1
21
22
SIM5
SIM1
SIM2
SIM3
SIM4
1
21
22
SIM5
SIM1
SIM2
SIM3
SIM4
1
21
22
SIM5
SIM1
SIM2
SIM3
SIM4
1
21
22
SIM5
SIM1
SIM2
SIM3
SIM4
1
21
22
SIM5
SIM1
SIM2
SIM3
SIM4
1
21
22
SIM5
SIM1
SIM2
SIM3
SIM4
1
21
22
SIM5
SIM1
SIM2
SIM3
SIM4
1
21
22
SIM5
SIM1
SIM2
SIM3
SIM4
1
21
22
SIM5
SIM1
SIM2
SIM3
SIM4
1
21
22
SIM5
SIM1
SIM2
SIM3
SIM4
1
21
22
SIM5
SIM1
SIM2
SIM3
SIM4
1
21
22
SIM5
SIM1
SIM2
SIM3
SIM4
1
21
22
SIM5
SIM1
SIM2
SIM3
SIM4
1
21
22
SIM5
SIM1
SIM2
SIM3
SIM4
1
21
22
SIM5
SIM1
SIM2
SIM3
SIM4
1
21
22
SIM5
SIM1
SIM2
SIM3
SIM4
1
21
22
SIM5
SIM1
SIM2
SIM3
SIM4
1
21
22
SIM5
SIM1
SIM2
SIM3
SIM4
1
21
22
SIM5
SIM1
SIM2
SIM3
SIM4
1
21
22
SIM5
SIM1
SIM2
SIM3
SIM4
1
21
22
SIM5
SIM1
SIM2
SIM3
SIM4
1
21
22
SIM5
SIM1
SIM2
SIM3
SIM4
1
21
22
SIM5
SIM1
SIM2
SIM3
SIM4
1
21
22
SIM5
SIM1
SIM2
SIM3
SIM4
1
21
22
SIM5
SIM1
SIM2
SIM3
SIM4
1
21
22
SIM5
SIM1
SIM2
SIM3
SIM4
1
21
22
SIM5
SIM1
SIM2
SIM3
SIM4
1
21
22
SIM5
SIM1
SIM2
SIM3
SIM4
1
21
22
SIM5
SIM1
SIM2
SIM3
SIM4
1
21
22
SIM5
SIM1
SIM2
SIM3
SIM4
1
21
22
SIM5
SIM1
SIM2
SIM3
SIM4
1
21
22
SIM5
SIM1
SIM2
SIM3
SIM4
1
21
22
SIM5
SIM1
SIM2
SIM3
SIM4
1
21
22
SIM5
SIM1
SIM2
SIM3
SIM4
1
21
22
SIM5
SIM1
SIM2
SIM3
SIM4
1
21
22
SIM5
SIM1
SIM2
SIM3
SIM4
1
21
22
SIM5
SIM1
SIM2
SIM3
SIM4
1
21
22
SIM5
SIM1
SIM2
SIM3
SIM4
1
21
22
SIM5
SIM1
SIM2
SIM3
SIM4
1
21
22
SIM5
SIM1
SIM2
SIM3
SIM4
1
21
22
SIM5
SIM1
SIM2
SIM3
SIM4
1
21
22
SIM5
SIM1
SIM2
SIM3
SIM4
1
21
22
SIM5
SIM1
SIM2
SIM3
SIM4
1
21
22
SIM5
SIM1
SIM2
SIM3
SIM4
1
21
22
SIM5
SIM1
SIM2
SIM3
SIM4
1
21
22
SIM5
SIM1
SIM2
SIM3
SIM4
1
21
22
SIM5
SIM1
SIM2
SIM3
SIM4
1
21
22
SIM5
SIM1
SIM2
SIM3
SIM4
1
21
22
SIM5
SIM1
SIM2
SIM3
SIM4
1
21
22
SIM5
SIM1
SIM2
SIM3
SIM4
1
21
22
SIM5
SIM1
SIM2
SIM3
SIM4
1
21
22
SIM5
SIM1
SIM2
SIM3
SIM4
1
21
22
SIM5
SIM1
SIM2
SIM3
SIM4
1
21
22
SIM5
SIM1
SIM2
SIM3
SIM4
1
21
22
SIM5
SIM1
SIM2
SIM3
SIM4
1
21
22
SIM5
SIM1
SIM2
SIM3
SIM4
1
21
22
SIM5
SIM1
SIM2
SIM3
SIM4
1
21
22
SIM5
SIM1
SIM2
SIM3
SIM4
1
21
22
SIM5
SIM1
SIM2
SIM3
SIM4
1
21
22
SIM5
SIM1
SIM2
SIM3
SIM4
1
21
22
SIM5
SIM1
SIM2
SIM3
SIM4
1
21
22
SIM5
SIM1
SIM2
SIM3
SIM4
1
21
22
SIM5
SIM1
SIM2
SIM3
SIM4
1
21
22
SIM5
SIM1
SIM2
SIM3
SIM4
1
21
22
SIM5
SIM1
SIM2
SIM3
SIM4
1
21
22
SIM5
SIM1
SIM2
SIM3
SIM4
1
21
22
SIM5
SIM1
SIM2
SIM3
SIM4
1
21
22
SIM5
SIM1
SIM2
SIM3
SIM4
1
21
22
SIM5
SIM1
SIM2
SIM3
SIM4
1
21
22
SIM5
SIM1
SIM2
SIM3
SIM4
1
21
22
SIM5
SIM1
SIM2
SIM3
SIM4
1
21
22
SIM5
SIM1
SIM2
SIM3
SIM4
1
21
22
SIM5
SIM1
SIM2
SIM3
SIM4
1
21
22
SIM5
SIM1
SIM2
SIM3
SIM4
1
21
22
SIM5
SIM1
SIM2
SIM3
SIM4
1
21
22
SIM5
SIM1
SIM2
SIM3
SIM4
1
21
22
SIM5
SIM1
SIM2
SIM3
SIM4
1
21
22
SIM5
SIM1
SIM2
SIM3
SIM4
1
21
22
SIM5
SIM1
SIM2
SIM3
SIM4
1
21
22
SIM5
SIM1
SIM2
SIM3
SIM4
1
21
22
SIM5
SIM1
SIM2
SIM3
SIM4
1
21
22
SIM5
SIM1
SIM2
SIM3
SIM4
1
21
22
SIM5
SIM1
SIM2
SIM3
SIM4
1
21
22
SIM5
SIM1
SIM2
SIM3
SIM4
1
21
22
SIM5
SIM1
SIM2
SIM3
SIM4
1
21
22
SIM5
SIM1
SIM2
SIM3
SIM4
1
21
22
SIM5
SIM1
SIM2
SIM3
SIM4
1
21
22
SIM5
SIM1
SIM2
SIM3
SIM4
1
21
22
SIM5
SIM1
SIM2
SIM3
SIM4
1
21
22
SIM5
SIM1
SIM2
SIM3
SIM4
1
21
22
SIM5
SIM1
SIM2
SIM3
SIM4
1
21
22
SIM5
SIM1
SIM2
SIM3
SIM4
1
21
22
SIM5
SIM1
SIM2
SIM3
SIM4
1
21
22
SIM5
SIM1
SIM2
SIM3
SIM4
1
21
22
SIM5
SIM1
SIM2
SIM3
SIM4
1
21
22
SIM5
SIM1
SIM2
SIM3
SIM4
1
21
22
SIM5
SIM1
SIM2
SIM3
SIM4
1
21
22
SIM5
SIM1
SIM2
SIM3
SIM4
1
21
22
SIM5
SIM1
SIM2
SIM3
SIM4
1
21
22
SIM5
SIM1
SIM2
SIM3
SIM4
1
21
22
SIM5
SIM1
SIM2
SIM3
SIM4
1
21
22
SIM5
SIM1
SIM2
SIM3
SIM4
1
21
22
SIM5
SIM1
SIM2
SIM3
SIM4
1
21
22
SIM5
SIM1
SIM2
SIM3
SIM4
1
21
22
SIM5
SIM1
SIM2
SIM3
SIM4
1
21
22
SIM5
SIM1
SIM2
SIM3
SIM4
1
21
22
SIM5
SIM1
SIM2
SIM3
SIM4
1
21
22
SIM5
SIM1
SIM2
SIM3
SIM4
1
21
22
SIM5
SIM1
SIM2
SIM3
SIM4
1
21
22
SIM5
SIM1
SIM2
SIM3
SIM4
1
21
22
SIM5
SIM1
SIM2
SIM3
SIM4
1
21
22
SIM5
SIM1
SIM2
SIM3
SIM4
1
21
22
SIM5
SIM1
SIM2
SIM3
SIM4
1
21
22
SIM5
SIM1
SIM2
SIM3
SIM4
1
21
22
SIM5
SIM1
SIM2
SIM3
SIM4
1
21
22
SIM5
SIM1
SIM2
SIM3
SIM4
1
21
22
SIM5
SIM1
SIM2
SIM3
SIM4
1
21
22
SIM5
SIM1
SIM2
SIM3
SIM4
1
21
22
SIM5
SIM1
SIM2
SIM3
SIM4
1
21
22
SIM5
SIM1
SIM2
SIM3
SIM4
1
21
22
SIM5
SIM1
SIM2
SIM3
SIM4
1
21
22
SIM5
SIM1
SIM2
SIM3
SIM4
1
21
22
SIM5
SIM1
SIM2
SIM3
SIM4
1
21
22
SIM5
SIM1
SIM2
SIM3
SIM4
1
21
22
SIM5
SIM1
SIM2
SIM3
SIM4
1
21
22
SIM5
SIM1
SIM2
SIM3
SIM4
1
21
22
SIM5
SIM1
SIM2
SIM3
SIM4
1
21
22
SIM5
SIM1
SIM2
SIM3
SIM4
1
21
22
SIM5
SIM1
SIM2
SIM3
SIM4
1
21
22
SIM5
SIM1
SIM2
SIM3
SIM4
1
21
22
SIM5
SIM1
SIM2
SIM3
SIM4
1
21
22
SIM5
SIM1
SIM2
SIM3
SIM4
1
21
22
SIM5
SIM1
SIM2
SIM3
SIM4
1
21
22
SIM5
SIM1
SIM2
SIM3
SIM4
1
21
22
SIM5
SIM1
SIM2
SIM3
SIM4
1
21
22
SIM5
SIM1
SIM2
SIM3
SIM4
1
21
22
SIM5
SIM1
SIM2
SIM3
SIM4
1
21
22
SIM5
SIM1
SIM2
SIM3
SIM4
1
21
22
SIM5
SIM1
SIM2
SIM3
SIM4
1
21
22
SIM5
SIM1
SIM2
SIM3
SIM4
1
21
22
SIM5
SIM1
SIM2
SIM3
SIM4
1
21
22
SIM5
SIM1
SIM2
SIM3
SIM4
1
21
22
SIM5
SIM1
SIM2
SIM3
SIM4
1
21
22
SIM5
SIM1
SIM2
SIM3
SIM4
1
21
22
SIM5
SIM1
SIM2
SIM3
SIM4
1
21
22
SIM5
SIM1
SIM2
SIM3
SIM4
1
21
22
SIM5
SIM1
SIM2
SIM3
SIM4
1
21
22
SIM5
SIM1
SIM2
SIM3
SIM4
1
21
22
SIM5
SIM1
SIM2
SIM3
SIM4
1
21
22
SIM5
SIM1
SIM2
SIM3
SIM4
1
21
22
SIM5
SIM1
SIM2
SIM3
SIM4
1
21
22
SIM5
SIM1
SIM2
SIM3
SIM4
1
21
22
SIM5
SIM1
SIM2
SIM3
SIM4
1
21
22
SIM5
SIM1
SIM2
SIM3
SIM4
1
21
22
SIM5
SIM1
SIM2
SIM3
SIM4
1
21
22
SIM5
SIM1
SIM2
SIM3
SIM4
1
21
22
SIM5
SIM1
SIM2
SIM3
SIM4
1
21
22
SIM5
SIM1
SIM2
SIM3
SIM4
1
21
22
SIM5
SIM1
SIM2
SIM3
SIM4
1
21
22
SIM5
SIM1
SIM2
SIM3
SIM4
1
21
22
SIM5
SIM1
SIM2
SIM3
SIM4
1
21
22
SIM5
SIM1
SIM2
SIM3
SIM4
1
21
22
SIM5
SIM1
SIM2
SIM3
SIM4
1
21
22
SIM5
SIM1
SIM2
SIM3
SIM4
1
21
22
SIM5
SIM1
SIM2
SIM3
SIM4
1
21
22
SIM5
SIM1
SIM2
SIM3
SIM4
1
21
22
SIM5
SIM1
SIM2
SIM3
SIM4
1
21
22
SIM5
SIM1
SIM2
SIM3
SIM4
1
21
22
SIM5
SIM1
SIM2
SIM3
SIM4
1
21
22
SIM5
SIM1
SIM2
SIM3
SIM4
1
21
22
SIM5
SIM1
SIM2
SIM3
SIM4
1
21
22
SIM5
SIM1
SIM2
DEBUG 1 691
SIM1
SIM2
SIM3
SIM4
1
21
22
SIM5
SIM1
SIM2
SIM3
SIM4
1
21
22
SIM5
SIM1
SIM2
SIM3
SIM4
1
21
22
SIM5
SIM1
SIM2
SIM3
SIM4
1
21
22
SIM5
SIM1
SIM2
SIM3
SIM4
1
21
22
SIM5
SIM1
SIM2
SIM3
SIM4
1
21
22
SIM5
SIM1
SIM2
SIM3
SIM4
1
21
22
SIM5
SIM1
SIM2
SIM3
SIM4
1
21
22
SIM5
SIM1
SIM2
SIM3
SIM4
1
21
22
SIM5
SIM1
SIM2
SIM3
SIM4
1
21
22
SIM5
SIM1
SIM2
SIM3
SIM4
1
21
22
SIM5
SIM1
SIM2
SIM3
SIM4
1
21
22
SIM5
SIM1
SIM2
SIM3
SIM4
1
21
22
SIM5
SIM1
SIM2
SIM3
SIM4
1
21
22
SIM5
SIM1
SIM2
SIM3
SIM4
1
21
22
SIM5
SIM1
SIM2
SIM3
SIM4
1
21
22
SIM5
SIM1
SIM2
SIM3
SIM4
1
21
22
SIM5
SIM1
SIM2
SIM3
SIM4
1
21
22
SIM5
SIM1
SIM2
SIM3
SIM4
1
21
22
SIM5
SIM1
SIM2
SIM3
SIM4
1
21
22
SIM5
SIM1
SIM2
SIM3
SIM4
1
21
22
SIM5
SIM1
SIM2
SIM3
SIM4
1
21
22
SIM5
SIM1
SIM2
SIM3
SIM4
1
21
22
SIM5
SIM1
SIM2
SIM3
SIM4
1
21
22
SIM5
SIM1
SIM2
SIM3
SIM4
1
21
22
SIM5
SIM1
SIM2
SIM3
SIM4
1
21
22
SIM5
SIM1
SIM2
SIM3
SIM4
1
21
22
SIM5
SIM1
SIM2
SIM3
SIM4
1
21
22
SIM5
SIM1
SIM2
SIM3
SIM4
1
21
22
SIM5
SIM1
SIM2
SIM3
SIM4
1
21
22
SIM5
SIM1
SIM2
SIM3
SIM4
1
21
22
SIM5
SIM1
SIM2
SIM3
SIM4
1
21
22
SIM5
SIM1
SIM2
SIM3
SIM4
1
21
22
SIM5
SIM1
SIM2
SIM3
SIM4
1
21
22
SIM5
SIM1
SIM2
SIM3
SIM4
1
21
22
SIM5
SIM1
SIM2
SIM3
SIM4
1
21
22
SIM5
SIM1
SIM2
SIM3
SIM4
1
21
22
SIM5
SIM1
SIM2
SIM3
SIM4
1
21
22
SIM5
SIM1
SIM2
SIM3
SIM4
1
21
22
SIM5
SIM1
SIM2
SIM3
SIM4
1
21
22
SIM5
SIM1
SIM2
SIM3
SIM4
1
21
22
SIM5
SIM1
SIM2
SIM3
SIM4
1
21
22
SIM5
SIM1
SIM2
SIM3
SIM4
1
21
22
SIM5
SIM1
SIM2
SIM3
SIM4
1
21
22
SIM5
SIM1
SIM2
SIM3
SIM4
1
21
22
SIM5
SIM1
SIM2
SIM3
SIM4
1
21
22
SIM5
SIM1
SIM2
SIM3
SIM4
1
21
22
SIM5
SIM1
SIM2
SIM3
SIM4
1
21
22
SIM5
SIM1
SIM2
SIM3
SIM4
1
21
22
SIM5
SIM1
SIM2
SIM3
SIM4
1
21
22
SIM5
SIM1
SIM2
SIM3
SIM4
1
21
22
SIM5
SIM1
SIM2
SIM3
SIM4
1
21
22
SIM5
SIM1
SIM2
SIM3
SIM4
1
21
22
SIM5
SIM1
SIM2
SIM3
SIM4
1
21
22
SIM5
SIM1
SIM2
SIM3
SIM4
1
21
22
SIM5
SIM1
SIM2
SIM3
SIM4
1
21
22
SIM5
SIM1
SIM2
SIM3
SIM4
1
21
22
SIM5
SIM1
SIM2
SIM3
SIM4
1
21
22
SIM5
SIM1
SIM2
SIM3
SIM4
1
21
22
SIM5
SIM1
SIM2
SIM3
SIM4
1
21
22
SIM5
SIM1
SIM2
SIM3
SIM4
1
21
22
SIM5
SIM1
SIM2
SIM3
SIM4
1
21
22
SIM5
SIM1
SIM2
SIM3
SIM4
1
21
22
SIM5
SIM1
SIM2
SIM3
SIM4
1
21
22
SIM5
SIM1
SIM2
SIM3
SIM4
1
21
22
SIM5
SIM1
SIM2
SIM3
SIM4
1
21
22
SIM5
SIM1
SIM2
SIM3
SIM4
1
21
22
SIM5
SIM1
SIM2
SIM3
SIM4
1
21
22
SIM5
SIM1
SIM2
SIM3
SIM4
1
21
22
SIM5
SIM1
SIM2
SIM3
SIM4
1
21
22
SIM5
SIM1
SIM2
SIM3
SIM4
1
21
22
SIM5
SIM1
SIM2
SIM3
SIM4
1
21
22
SIM5
SIM1
SIM2
SIM3
SIM4
1
21
22
SIM5
SIM1
SIM2
SIM3
SIM4
1
21
22
SIM5
SIM1
SIM2
SIM3
SIM4
1
21
22
SIM5
SIM1
SIM2
SIM3
SIM4
1
21
22
SIM5
SIM1
SIM2
SIM3
SIM4
1
21
22
SIM5
SIM1
SIM2
SIM3
SIM4
1
21
22
SIM5
SIM1
SIM2
SIM3
SIM4
1
21
22
SIM5
SIM1
SIM2
SIM3
SIM4
1
21
22
SIM5
SIM1
SIM2
SIM3
SIM4
1
21
22
SIM5
SIM1
SIM2
SIM3
SIM4
1
21
22
SIM5
SIM1
SIM2
SIM3
SIM4
1
21
22
SIM5
SIM1
SIM2
SIM3
SIM4
1
21
22
SIM5
SIM1
SIM2
SIM3
SIM4
1
21
22
SIM5
SIM1
SIM2
SIM3
SIM4
1
21
22
SIM5
SIM1
SIM2
SIM3
SIM4
1
21
22
SIM5
SIM1
SIM2
SIM3
SIM4
1
21
22
SIM5
SIM1
SIM2
SIM3
SIM4
1
21
22
SIM5
SIM1
SIM2
SIM3
SIM4
1
21
22
SIM5
SIM1
SIM2
SIM3
SIM4
1
21
22
SIM5
SIM1
SIM2
SIM3
SIM4
1
21
22
SIM5
SIM1
SIM2
SIM3
SIM4
1
21
22
SIM5
SIM1
SIM2
SIM3
SIM4
1
21
22
SIM5
SIM1
SIM2
SIM3
SIM4
1
21
22
SIM5
SIM1
SIM2
SIM3
SIM4
1
21
22
SIM5
SIM1
SIM2
SIM3
SIM4
1
21
22
SIM5
SIM1
SIM2
SIM3
SIM4
1
21
22
SIM5
SIM1
SIM2
SIM3
SIM4
1
21
22
SIM5
SIM1
SIM2
SIM3
SIM4
1
21
22
SIM5
SIM1
SIM2
SIM3
SIM4
1
21
22
SIM5
SIM1
SIM2
SIM3
SIM4
1
21
22
SIM5
SIM1
SIM2
SIM3
SIM4
1
21
22
SIM5
SIM1
SIM2
SIM3
SIM4
1
21
22
SIM5
SIM1
SIM2
SIM3
SIM4
1
21
22
SIM5
SIM1
SIM2
SIM3
SIM4
1
21
22
SIM5
SIM1
SIM2
SIM3
SIM4
1
21
22
SIM5
SIM1
SIM2
SIM3
SIM4
1
21
22
SIM5
SIM1
SIM2
SIM3
SIM4
1
21
22
SIM5
SIM1
SIM2
SIM3
SIM4
1
21
22
SIM5
SIM1
SIM2
SIM3
SIM4
1
21
22
SIM5
SIM1
SIM2
SIM3
SIM4
1
21
22
SIM5
SIM1
SIM2
SIM3
SIM4
1
21
22
SIM5
SIM1
SIM2
SIM3
SIM4
1
21
22
SIM5
SIM1
SIM2
SIM3
SIM4
1
21
22
SIM5
SIM1
SIM2
SIM3
SIM4
1
21
22
SIM5
SIM1
SIM2
SIM3
SIM4
1
21
22
SIM5
SIM1
SIM2
SIM3
SIM4
1
21
22
SIM5
SIM1
SIM2
SIM3
SIM4
1
21
22
SIM5
SIM1
SIM2
SIM3
SIM4
1
21
22
SIM5
SIM1
SIM2
SIM3
SIM4
1
21
22
SIM5
SIM1
SIM2
SIM3
SIM4
1
21
22
SIM5
SIM1
SIM2
SIM3
SIM4
1
21
22
SIM5
SIM1
SIM2
SIM3
SIM4
1
21
22
SIM5
SIM1
SIM2
SIM3
SIM4
1
21
22
SIM5
SIM1
SIM2
SIM3
SIM4
1
21
22
SIM5
SIM1
SIM2
SIM3
SIM4
1
21
22
SIM5
SIM1
SIM2
SIM3
SIM4
1
21
22
SIM5
SIM1
SIM2
SIM3
SIM4
1
21
22
SIM5
SIM1
SIM2
SIM3
SIM4
1
21
22
SIM5
SIM1
SIM2
SIM3
SIM4
1
21
22
SIM5
SIM1
SIM2
SIM3
SIM4
1
21
22
SIM5
SIM1
SIM2
SIM3
SIM4
1
21
22
SIM5
SIM1
SIM2
SIM3
SIM4
1
21
22
SIM5
SIM1
SIM2
SIM3
SIM4
1
21
22
SIM5
SIM1
SIM2
SIM3
SIM4
1
21
22
SIM5
SIM1
SIM2
SIM3
SIM4
1
21
22
SIM5
SIM1
SIM2
SIM3
SIM4
1
21
22
SIM5
SIM1
SIM2
SIM3
SIM4
1
21
22
SIM5
SIM1
SIM2
SIM3
SIM4
1
21
22
SIM5
SIM1
SIM2
SIM3
SIM4
1
21
22
SIM5
SIM1
SIM2
SIM3
SIM4
1
21
22
SIM5
SIM1
SIM2
SIM3
SIM4
1
21
22
SIM5
SIM1
SIM2
SIM3
SIM4
1
21
22
SIM5
SIM1
SIM2
SIM3
SIM4
1
21
22
SIM5
SIM1
SIM2
SIM3
SIM4
1
21
22
SIM5
SIM1
SIM2
SIM3
SIM4
1
21
22
SIM5
SIM1
SIM2
SIM3
SIM4
1
21
22
SIM5
SIM1
SIM2
SIM3
SIM4
1
21
22
SIM5
SIM1
SIM2
SIM3
SIM4
1
21
22
SIM5
SIM1
SIM2
SIM3
SIM4
1
21
22
SIM5
SIM1
SIM2
SIM3
SIM4
1
21
22
SIM5
SIM1
SIM2
SIM3
SIM4
1
21
22
SIM5
SIM1
SIM2
SIM3
SIM4
1
21
22
SIM5
SIM1
SIM2
SIM3
SIM4
1
21
22
SIM5
SIM1
SIM2
SIM3
SIM4
1
21
22
SIM5
SIM1
SIM2
SIM3
SIM4
1
21
22
SIM5
SIM1
SIM2
SIM3
SIM4
1
21
22
SIM5
SIM1
SIM2
SIM3
SIM4
1
21
22
SIM5
SIM1
SIM2
SIM3
SIM4
1
21
22
SIM5
SIM1
SIM2
SIM3
SIM4
1
21
22
SIM5
SIM1
SIM2
SIM3
SIM4
1
21
22
SIM5
SIM1
SIM2
SIM3
SIM4
1
21
22
SIM5
SIM1
SIM2
SIM3
SIM4
1
21
22
SIM5
SIM1
SIM2
SIM3
SIM4
1
21
22
SIM5
SIM1
SIM2
SIM3
SIM4
1
21
22
SIM5
SIM1
SIM2
SIM3
SIM4
1
21
22
SIM5
SIM1
SIM2
SIM3
SIM4
1
21
22
SIM5
SIM1
SIM2
SIM3
SIM4
1
21
22
SIM5
SIM1
SIM2
SIM3
SIM4
1
21
22
SIM5
SIM1
SIM2
SIM3
SIM4
1
21
22
SIM5
SIM1
SIM2
SIM3
SIM4
1
21
22
SIM5
SIM1
SIM2
SIM3
SIM4
1
21
22
SIM5
SIM1
SIM2
SIM3
SIM4
1
21
22
SIM5
SIM1
SIM2
SIM3
SIM4
1
21
22
SIM5
SIM1
SIM2
SIM3
SIM4
1
21
22
SIM5
SIM1
SIM2
SIM3
SIM4
1
21
22
SIM5
SIM1
SIM2
SIM3
SIM4
1
21
22
SIM5
SIM1
SIM2
SIM3
SIM4
1
21
22
SIM5
SIM1
SIM2
SIM3
SIM4
1
21
22
SIM5
SIM1
SIM2
SIM3
SIM4
1
21
22
SIM5
SIM1
SIM2
SIM3
SIM4
1
21
22
SIM5
SIM1
SIM2
SIM3
SIM4
1
21
22
SIM5
SIM1
SIM2
SIM3
SIM4
1
21
22
SIM5
SIM1
SIM2
SIM3
SIM4
1
21
22
SIM5
SIM1
SIM2
SIM3
SIM4
1
21
22
SIM5
SIM1
SIM2
SIM3
SIM4
1
21
22
SIM5
SIM1
SIM2
SIM3
SIM4
1
21
22
SIM5
SIM1
SIM2
SIM3
SIM4
1
21
22
SIM5
SIM1
SIM2
SIM3
SIM4
1
21
22
SIM5
SIM1
SIM2
SIM3
SIM4
1
21
22
SIM5
SIM1
SIM2
SIM3
SIM4
1
21
22
SIM5
SIM1
SIM2
SIM3
SIM4
1
21
22
SIM5
SIM1
SIM2
SIM3
SIM4
1
21
22
SIM5
SIM1
SIM2
DEBUG 1 692
SIM1
SIM2
SIM3
SIM4
1
21
22
SIM5
SIM1
SIM2
SIM3
SIM4
1
21
22
SIM5
SIM1
SIM2
SIM3
SIM4
1
21
22
SIM5
SIM1
SIM2
SIM3
SIM4
1
21
22
SIM5
SIM1
SIM2
SIM3
SIM4
1
21
22
SIM5
SIM1
SIM2
SIM3
SIM4
1
21
22
SIM5
SIM1
SIM2
SIM3
SIM4
1
21
22
SIM5
SIM1
SIM2
SIM3
SIM4
1
21
22
SIM5
SIM1
SIM2
SIM3
SIM4
1
21
22
SIM5
SIM1
SIM2
SIM3
SIM4
1
21
22
SIM5
SIM1
SIM2
SIM3
SIM4
1
21
22
SIM5
SIM1
SIM2
SIM3
SIM4
1
21
22
SIM5
SIM1
SIM2
SIM3
SIM4
1
21
22
SIM5
SIM1
SIM2
SIM3
SIM4
1
21
22
SIM5
SIM1
SIM2
SIM3
SIM4
1
21
22
SIM5
SIM1
SIM2
SIM3
SIM4
1
21
22
SIM5
SIM1
SIM2
SIM3
SIM4
1
21
22
SIM5
SIM1
SIM2
SIM3
SIM4
1
21
22
SIM5
SIM1
SIM2
SIM3
SIM4
1
21
22
SIM5
SIM1
SIM2
SIM3
SIM4
1
21
22
SIM5
SIM1
SIM2
SIM3
SIM4
1
21
22
SIM5
SIM1
SIM2
SIM3
SIM4
1
21
22
SIM5
SIM1
SIM2
SIM3
SIM4
1
21
22
SIM5
SIM1
SIM2
SIM3
SIM4
1
21
22
SIM5
SIM1
SIM2
SIM3
SIM4
1
21
22
SIM5
SIM1
SIM2
SIM3
SIM4
1
21
22
SIM5
SIM1
SIM2
SIM3
SIM4
1
21
22
SIM5
SIM1
SIM2
SIM3
SIM4
1
21
22
SIM5
SIM1
SIM2
SIM3
SIM4
1
21
22
SIM5
SIM1
SIM2
SIM3
SIM4
1
21
22
SIM5
SIM1
SIM2
SIM3
SIM4
1
21
22
SIM5
SIM1
SIM2
SIM3
SIM4
1
21
22
SIM5
SIM1
SIM2
SIM3
SIM4
1
21
22
SIM5
SIM1
SIM2
SIM3
SIM4
1
21
22
SIM5
SIM1
SIM2
SIM3
SIM4
1
21
22
SIM5
SIM1
SIM2
SIM3
SIM4
1
21
22
SIM5
SIM1
SIM2
SIM3
SIM4
1
21
22
SIM5
SIM1
SIM2
SIM3
SIM4
1
21
22
SIM5
SIM1
SIM2
SIM3
SIM4
1
21
22
SIM5
SIM1
SIM2
SIM3
SIM4
1
21
22
SIM5
SIM1
SIM2
SIM3
SIM4
1
21
22
SIM5
SIM1
SIM2
SIM3
SIM4
1
21
22
SIM5
SIM1
SIM2
SIM3
SIM4
1
21
22
SIM5
SIM1
SIM2
SIM3
SIM4
1
21
22
SIM5
SIM1
SIM2
SIM3
SIM4
1
21
22
SIM5
SIM1
SIM2
SIM3
SIM4
1
21
22
SIM5
SIM1
SIM2
SIM3
SIM4
1
21
22
SIM5
SIM1
SIM2
SIM3
SIM4
1
21
22
SIM5
SIM1
SIM2
SIM3
SIM4
1
21
22
SIM5
SIM1
SIM2
SIM3
SIM4
1
21
22
SIM5
SIM1
SIM2
SIM3
SIM4
1
21
22
SIM5
SIM1
SIM2
SIM3
SIM4
1
21
22
SIM5
SIM1
SIM2
SIM3
SIM4
1
21
22
SIM5
SIM1
SIM2
SIM3
SIM4
1
21
22
SIM5
SIM1
SIM2
SIM3
SIM4
1
21
22
SIM5
SIM1
SIM2
SIM3
SIM4
1
21
22
SIM5
SIM1
SIM2
SIM3
SIM4
1
21
22
SIM5
SIM1
SIM2
SIM3
SIM4
1
21
22
SIM5
SIM1
SIM2
SIM3
SIM4
1
21
22
SIM5
SIM1
SIM2
SIM3
SIM4
1
21
22
SIM5
SIM1
SIM2
SIM3
SIM4
1
21
22
SIM5
SIM1
SIM2
SIM3
SIM4
1
21
22
SIM5
SIM1
SIM2
SIM3
SIM4
1
21
22
SIM5
SIM1
SIM2
SIM3
SIM4
1
21
22
SIM5
SIM1
SIM2
SIM3
SIM4
1
21
22
SIM5
SIM1
SIM2
SIM3
SIM4
1
21
22
SIM5
SIM1
SIM2
SIM3
SIM4
1
21
22
SIM5
SIM1
SIM2
SIM3
SIM4
1
21
22
SIM5
SIM1
SIM2
SIM3
SIM4
1
21
22
SIM5
SIM1
SIM2
SIM3
SIM4
1
21
22
SIM5
SIM1
SIM2
SIM3
SIM4
1
21
22
SIM5
SIM1
SIM2
SIM3
SIM4
1
21
22
SIM5
SIM1
SIM2
SIM3
SIM4
1
21
22
SIM5
SIM1
SIM2
SIM3
SIM4
1
21
22
SIM5
SIM1
SIM2
SIM3
SIM4
1
21
22
SIM5
SIM1
SIM2
SIM3
SIM4
1
21
22
SIM5
SIM1
SIM2
SIM3
SIM4
1
21
22
SIM5
SIM1
SIM2
SIM3
SIM4
1
21
22
SIM5
SIM1
SIM2
SIM3
SIM4
1
21
22
SIM5
SIM1
SIM2
SIM3
SIM4
1
21
22
SIM5
SIM1
SIM2
SIM3
SIM4
1
21
22
SIM5
SIM1
SIM2
SIM3
SIM4
1
21
22
SIM5
SIM1
SIM2
SIM3
SIM4
1
21
22
SIM5
SIM1
SIM2
SIM3
SIM4
1
21
22
SIM5
SIM1
SIM2
SIM3
SIM4
1
21
22
SIM5
SIM1
SIM2
SIM3
SIM4
1
21
22
SIM5
SIM1
SIM2
SIM3
SIM4
1
21
22
SIM5
SIM1
SIM2
SIM3
SIM4
1
21
22
SIM5
SIM1
SIM2
SIM3
SIM4
1
21
22
SIM5
SIM1
SIM2
SIM3
SIM4
1
21
22
SIM5
SIM1
SIM2
SIM3
SIM4
1
21
22
SIM5
SIM1
SIM2
SIM3
SIM4
1
21
22
SIM5
SIM1
SIM2
SIM3
SIM4
1
21
22
SIM5
SIM1
SIM2
SIM3
SIM4
1
21
22
SIM5
SIM1
SIM2
SIM3
SIM4
1
21
22
SIM5
SIM1
SIM2
SIM3
SIM4
1
21
22
SIM5
SIM1
SIM2
SIM3
SIM4
1
21
22
SIM5
SIM1
SIM2
SIM3
SIM4
1
21
22
SIM5
SIM1
SIM2
SIM3
SIM4
1
21
22
SIM5
SIM1
SIM2
SIM3
SIM4
1
21
22
SIM5
SIM1
SIM2
SIM3
SIM4
1
21
22
SIM5
SIM1
SIM2
SIM3
SIM4
1
21
22
SIM5
SIM1
SIM2
SIM3
SIM4
1
21
22
SIM5
SIM1
SIM2
SIM3
SIM4
1
21
22
SIM5
SIM1
SIM2
SIM3
SIM4
1
21
22
SIM5
SIM1
SIM2
SIM3
SIM4
1
21
22
SIM5
SIM1
SIM2
SIM3
SIM4
1
21
22
SIM5
SIM1
SIM2
SIM3
SIM4
1
21
22
SIM5
SIM1
SIM2
SIM3
SIM4
1
21
22
SIM5
SIM1
SIM2
SIM3
SIM4
1
21
22
SIM5
SIM1
SIM2
SIM3
SIM4
1
21
22
SIM5
SIM1
SIM2
SIM3
SIM4
1
21
22
SIM5
SIM1
SIM2
SIM3
SIM4
1
21
22
SIM5
SIM1
SIM2
SIM3
SIM4
1
21
22
SIM5
SIM1
SIM2
SIM3
SIM4
1
21
22
SIM5
SIM1
SIM2
SIM3
SIM4
1
21
22
SIM5
SIM1
SIM2
SIM3
SIM4
1
21
22
SIM5
SIM1
SIM2
SIM3
SIM4
1
21
22
SIM5
SIM1
SIM2
SIM3
SIM4
1
21
22
SIM5
SIM1
SIM2
SIM3
SIM4
1
21
22
SIM5
SIM1
SIM2
SIM3
SIM4
1
21
22
SIM5
SIM1
SIM2
SIM3
SIM4
1
21
22
SIM5
SIM1
SIM2
SIM3
SIM4
1
21
22
SIM5
SIM1
SIM2
SIM3
SIM4
1
21
22
SIM5
SIM1
SIM2
SIM3
SIM4
1
21
22
SIM5
SIM1
SIM2
SIM3
SIM4
1
21
22
SIM5
SIM1
SIM2
SIM3
SIM4
1
21
22
SIM5
SIM1
SIM2
SIM3
SIM4
1
21
22
SIM5
SIM1
SIM2
SIM3
SIM4
1
21
22
SIM5
SIM1
SIM2
SIM3
SIM4
1
21
22
SIM5
SIM1
SIM2
SIM3
SIM4
1
21
22
SIM5
SIM1
SIM2
SIM3
SIM4
1
21
22
SIM5
SIM1
SIM2
SIM3
SIM4
1
21
22
SIM5
SIM1
SIM2
SIM3
SIM4
1
21
22
SIM5
SIM1
SIM2
SIM3
SIM4
1
21
22
SIM5
SIM1
SIM2
SIM3
SIM4
1
21
22
SIM5
SIM1
SIM2
SIM3
SIM4
1
21
22
SIM5
SIM1
SIM2
SIM3
SIM4
1
21
22
SIM5
SIM1
SIM2
SIM3
SIM4
1
21
22
SIM5
SIM1
SIM2
SIM3
SIM4
1
21
22
SIM5
SIM1
SIM2
SIM3
SIM4
1
21
22
SIM5
SIM1
SIM2
SIM3
SIM4
1
21
22
SIM5
SIM1
SIM2
SIM3
SIM4
1
21
22
SIM5
SIM1
SIM2
SIM3
SIM4
1
21
22
SIM5
SIM1
SIM2
SIM3
SIM4
1
21
22
SIM5
SIM1
SIM2
SIM3
SIM4
1
21
22
SIM5
SIM1
SIM2
SIM3
SIM4
1
21
22
SIM5
SIM1
SIM2
SIM3
SIM4
1
21
22
SIM5
SIM1
SIM2
SIM3
SIM4
1
21
22
SIM5
SIM1
SIM2
SIM3
SIM4
1
21
22
SIM5
SIM1
SIM2
SIM3
SIM4
1
21
22
SIM5
SIM1
SIM2
SIM3
SIM4
1
21
22
SIM5
SIM1
SIM2
SIM3
SIM4
1
21
22
SIM5
SIM1
SIM2
SIM3
SIM4
1
21
22
SIM5
SIM1
SIM2
SIM3
SIM4
1
21
22
SIM5
SIM1
SIM2
SIM3
SIM4
1
21
22
SIM5
SIM1
SIM2
SIM3
SIM4
1
21
22
SIM5
SIM1
SIM2
SIM3
SIM4
1
21
22
SIM5
SIM1
SIM2
SIM3
SIM4
1
21
22
SIM5
SIM1
SIM2
SIM3
SIM4
1
21
22
SIM5
SIM1
SIM2
SIM3
SIM4
1
21
22
SIM5
SIM1
SIM2
SIM3
SIM4
1
21
22
SIM5
SIM1
SIM2
SIM3
SIM4
1
21
22
SIM5
SIM1
SIM2
SIM3
SIM4
1
21
22
SIM5
SIM1
SIM2
SIM3
SIM4
1
21
22
SIM5
SIM1
SIM2
SIM3
SIM4
1
21
22
SIM5
SIM1
SIM2
SIM3
SIM4
1
21
22
SIM5
SIM1
SIM2
SIM3
SIM4
1
21
22
SIM5
SIM1
SIM2
SIM3
SIM4
1
21
22
SIM5
SIM1
SIM2
SIM3
SIM4
1
21
22
SIM5
SIM1
SIM2
SIM3
SIM4
1
21
22
SIM5
SIM1
SIM2
SIM3
SIM4
1
21
22
SIM5
SIM1
SIM2
SIM3
SIM4
1
21
22
SIM5
SIM1
SIM2
SIM3
SIM4
1
21
22
SIM5
SIM1
SIM2
SIM3
SIM4
1
21
22
SIM5
SIM1
SIM2
SIM3
SIM4
1
21
22
SIM5
SIM1
SIM2
SIM3
SIM4
1
21
22
SIM5
SIM1
SIM2
SIM3
SIM4
1
21
22
SIM5
SIM1
SIM2
SIM3
SIM4
1
21
22
SIM5
SIM1
SIM2
SIM3
SIM4
1
21
22
SIM5
SIM1
SIM2
SIM3
SIM4
1
21
22
SIM5
SIM1
SIM2
SIM3
SIM4
1
21
22
SIM5
SIM1
SIM2
SIM3
SIM4
1
21
22
SIM5
SIM1
SIM2
SIM3
SIM4
1
21
22
SIM5
SIM1
SIM2
SIM3
SIM4
1
21
22
SIM5
SIM1
SIM2
DEBUG 1 693
SIM1
SIM2
SIM3
SIM4
1
21
22
SIM5
SIM1
SIM2
SIM3
SIM4
1
21
22
SIM5
SIM1
SIM2
SIM3
SIM4
1
21
22
SIM5
SIM1
SIM2
SIM3
SIM4
1
21
22
SIM5
SIM1
SIM2
SIM3
SIM4
1
21
22
SIM5
SIM1
SIM2
SIM3
SIM4
1
21
22
SIM5
SIM1
SIM2
SIM3
SIM4
1
21
22
SIM5
SIM1
SIM2
SIM3
SIM4
1
21
22
SIM5
SIM1
SIM2
SIM3
SIM4
1
21
22
SIM5
SIM1
SIM2
SIM3
SIM4
1
21
22
SIM5
SIM1
SIM2
SIM3
SIM4
1
21
22
SIM5
SIM1
SIM2
SIM3
SIM4
1
21
22
SIM5
SIM1
SIM2
SIM3
SIM4
1
21
22
SIM5
SIM1
SIM2
SIM3
SIM4
1
21
22
SIM5
SIM1
SIM2
SIM3
SIM4
1
21
22
SIM5
SIM1
SIM2
SIM3
SIM4
1
21
22
SIM5
SIM1
SIM2
SIM3
SIM4
1
21
22
SIM5
SIM1
SIM2
SIM3
SIM4
1
21
22
SIM5
SIM1
SIM2
SIM3
SIM4
1
21
22
SIM5
SIM1
SIM2
SIM3
SIM4
1
21
22
SIM5
SIM1
SIM2
SIM3
SIM4
1
21
22
SIM5
SIM1
SIM2
SIM3
SIM4
1
21
22
SIM5
SIM1
SIM2
SIM3
SIM4
1
21
22
SIM5
SIM1
SIM2
SIM3
SIM4
1
21
22
SIM5
SIM1
SIM2
SIM3
SIM4
1
21
22
SIM5
SIM1
SIM2
SIM3
SIM4
1
21
22
SIM5
SIM1
SIM2
SIM3
SIM4
1
21
22
SIM5
SIM1
SIM2
SIM3
SIM4
1
21
22
SIM5
SIM1
SIM2
SIM3
SIM4
1
21
22
SIM5
SIM1
SIM2
SIM3
SIM4
1
21
22
SIM5
SIM1
SIM2
SIM3
SIM4
1
21
22
SIM5
SIM1
SIM2
SIM3
SIM4
1
21
22
SIM5
SIM1
SIM2
SIM3
SIM4
1
21
22
SIM5
SIM1
SIM2
SIM3
SIM4
1
21
22
SIM5
SIM1
SIM2
SIM3
SIM4
1
21
22
SIM5
SIM1
SIM2
SIM3
SIM4
1
21
22
SIM5
SIM1
SIM2
SIM3
SIM4
1
21
22
SIM5
SIM1
SIM2
SIM3
SIM4
1
21
22
SIM5
SIM1
SIM2
SIM3
SIM4
1
21
22
SIM5
SIM1
SIM2
SIM3
SIM4
1
21
22
SIM5
SIM1
SIM2
SIM3
SIM4
1
21
22
SIM5
SIM1
SIM2
SIM3
SIM4
1
21
22
SIM5
SIM1
SIM2
SIM3
SIM4
1
21
22
SIM5
SIM1
SIM2
SIM3
SIM4
1
21
22
SIM5
SIM1
SIM2
SIM3
SIM4
1
21
22
SIM5
SIM1
SIM2
SIM3
SIM4
1
21
22
SIM5
SIM1
SIM2
SIM3
SIM4
1
21
22
SIM5
SIM1
SIM2
SIM3
SIM4
1
21
22
SIM5
SIM1
SIM2
SIM3
SIM4
1
21
22
SIM5
SIM1
SIM2
SIM3
SIM4
1
21
22
SIM5
SIM1
SIM2
SIM3
SIM4
1
21
22
SIM5
SIM1
SIM2
SIM3
SIM4
1
21
22
SIM5
SIM1
SIM2
SIM3
SIM4
1
21
22
SIM5
SIM1
SIM2
SIM3
SIM4
1
21
22
SIM5
SIM1
SIM2
SIM3
SIM4
1
21
22
SIM5
SIM1
SIM2
SIM3
SIM4
1
21
22
SIM5
SIM1
SIM2
SIM3
SIM4
1
21
22
SIM5
SIM1
SIM2
SIM3
SIM4
1
21
22
SIM5
SIM1
SIM2
SIM3
SIM4
1
21
22
SIM5
SIM1
SIM2
SIM3
SIM4
1
21
22
SIM5
SIM1
SIM2
SIM3
SIM4
1
21
22
SIM5
SIM1
SIM2
SIM3
SIM4
1
21
22
SIM5
SIM1
SIM2
SIM3
SIM4
1
21
22
SIM5
SIM1
SIM2
SIM3
SIM4
1
21
22
SIM5
SIM1
SIM2
SIM3
SIM4
1
21
22
SIM5
SIM1
SIM2
SIM3
SIM4
1
21
22
SIM5
SIM1
SIM2
SIM3
SIM4
1
21
22
SIM5
SIM1
SIM2
SIM3
SIM4
1
21
22
SIM5
SIM1
SIM2
SIM3
SIM4
1
21
22
SIM5
SIM1
SIM2
SIM3
SIM4
1
21
22
SIM5
SIM1
SIM2
SIM3
SIM4
1
21
22
SIM5
SIM1
SIM2
SIM3
SIM4
1
21
22
SIM5
SIM1
SIM2
SIM3
SIM4
1
21
22
SIM5
SIM1
SIM2
SIM3
SIM4
1
21
22
SIM5
SIM1
SIM2
SIM3
SIM4
1
21
22
SIM5
SIM1
SIM2
SIM3
SIM4
1
21
22
SIM5
SIM1
SIM2
SIM3
SIM4
1
21
22
SIM5
SIM1
SIM2
SIM3
SIM4
1
21
22
SIM5
SIM1
SIM2
SIM3
SIM4
1
21
22
SIM5
SIM1
SIM2
SIM3
SIM4
1
21
22
SIM5
SIM1
SIM2
SIM3
SIM4
1
21
22
SIM5
SIM1
SIM2
SIM3
SIM4
1
21
22
SIM5
SIM1
SIM2
SIM3
SIM4
1
21
22
SIM5
SIM1
SIM2
SIM3
SIM4
1
21
22
SIM5
SIM1
SIM2
SIM3
SIM4
1
21
22
SIM5
SIM1
SIM2
SIM3
SIM4
1
21
22
SIM5
SIM1
SIM2
SIM3
SIM4
1
21
22
SIM5
SIM1
SIM2
SIM3
SIM4
1
21
22
SIM5
SIM1
SIM2
SIM3
SIM4
1
21
22
SIM5
SIM1
SIM2
SIM3
SIM4
1
21
22
SIM5
SIM1
SIM2
SIM3
SIM4
1
21
22
SIM5
SIM1
SIM2
SIM3
SIM4
1
21
22
SIM5
SIM1
SIM2
SIM3
SIM4
1
21
22
SIM5
SIM1
SIM2
SIM3
SIM4
1
21
22
SIM5
SIM1
SIM2
SIM3
SIM4
1
21
22
SIM5
SIM1
SIM2
SIM3
SIM4
1
21
22
SIM5
SIM1
SIM2
SIM3
SIM4
1
21
22
SIM5
SIM1
SIM2
SIM3
SIM4
1
21
22
SIM5
SIM1
SIM2
SIM3
SIM4
1
21
22
SIM5
SIM1
SIM2
SIM3
SIM4
1
21
22
SIM5
SIM1
SIM2
SIM3
SIM4
1
21
22
SIM5
SIM1
SIM2
SIM3
SIM4
1
21
22
SIM5
SIM1
SIM2
SIM3
SIM4
1
21
22
SIM5
SIM1
SIM2
SIM3
SIM4
1
21
22
SIM5
SIM1
SIM2
SIM3
SIM4
1
21
22
SIM5
SIM1
SIM2
SIM3
SIM4
1
21
22
SIM5
SIM1
SIM2
SIM3
SIM4
1
21
22
SIM5
SIM1
SIM2
SIM3
SIM4
1
21
22
SIM5
SIM1
SIM2
SIM3
SIM4
1
21
22
SIM5
SIM1
SIM2
SIM3
SIM4
1
21
22
SIM5
SIM1
SIM2
SIM3
SIM4
1
21
22
SIM5
SIM1
SIM2
SIM3
SIM4
1
21
22
SIM5
SIM1
SIM2
SIM3
SIM4
1
21
22
SIM5
SIM1
SIM2
SIM3
SIM4
1
21
22
SIM5
SIM1
SIM2
SIM3
SIM4
1
21
22
SIM5
SIM1
SIM2
SIM3
SIM4
1
21
22
SIM5
SIM1
SIM2
SIM3
SIM4
1
21
22
SIM5
SIM1
SIM2
SIM3
SIM4
1
21
22
SIM5
SIM1
SIM2
SIM3
SIM4
1
21
22
SIM5
SIM1
SIM2
SIM3
SIM4
1
21
22
SIM5
SIM1
SIM2
SIM3
SIM4
1
21
22
SIM5
SIM1
SIM2
SIM3
SIM4
1
21
22
SIM5
SIM1
SIM2
SIM3
SIM4
1
21
22
SIM5
SIM1
SIM2
SIM3
SIM4
1
21
22
SIM5
SIM1
SIM2
SIM3
SIM4
1
21
22
SIM5
SIM1
SIM2
SIM3
SIM4
1
21
22
SIM5
SIM1
SIM2
SIM3
SIM4
1
21
22
SIM5
SIM1
SIM2
SIM3
SIM4
1
21
22
SIM5
SIM1
SIM2
SIM3
SIM4
1
21
22
SIM5
SIM1
SIM2
SIM3
SIM4
1
21
22
SIM5
SIM1
SIM2
SIM3
SIM4
1
21
22
SIM5
SIM1
SIM2
SIM3
SIM4
1
21
22
SIM5
SIM1
SIM2
SIM3
SIM4
1
21
22
SIM5
SIM1
SIM2
SIM3
SIM4
1
21
22
SIM5
SIM1
SIM2
SIM3
SIM4
1
21
22
SIM5
SIM1
SIM2
SIM3
SIM4
1
21
22
SIM5
SIM1
SIM2
SIM3
SIM4
1
21
22
SIM5
SIM1
SIM2
SIM3
SIM4
1
21
22
SIM5
SIM1
SIM2
SIM3
SIM4
1
21
22
SIM5
SIM1
SIM2
SIM3
SIM4
1
21
22
SIM5
SIM1
SIM2
SIM3
SIM4
1
21
22
SIM5
SIM1
SIM2
SIM3
SIM4
1
21
22
SIM5
SIM1
SIM2
SIM3
SIM4
1
21
22
SIM5
SIM1
SIM2
SIM3
SIM4
1
21
22
SIM5
SIM1
SIM2
SIM3
SIM4
1
21
22
SIM5
SIM1
SIM2
SIM3
SIM4
1
21
22
SIM5
SIM1
SIM2
SIM3
SIM4
1
21
22
SIM5
SIM1
SIM2
SIM3
SIM4
1
21
22
SIM5
SIM1
SIM2
SIM3
SIM4
1
21
22
SIM5
SIM1
SIM2
SIM3
SIM4
1
21
22
SIM5
SIM1
SIM2
SIM3
SIM4
1
21
22
SIM5
SIM1
SIM2
SIM3
SIM4
1
21
22
SIM5
SIM1
SIM2
SIM3
SIM4
1
21
22
SIM5
SIM1
SIM2
SIM3
SIM4
1
21
22
SIM5
SIM1
SIM2
SIM3
SIM4
1
21
22
SIM5
SIM1
SIM2
SIM3
SIM4
1
21
22
SIM5
SIM1
SIM2
SIM3
SIM4
1
21
22
SIM5
SIM1
SIM2
SIM3
SIM4
1
21
22
SIM5
SIM1
SIM2
SIM3
SIM4
1
21
22
SIM5
SIM1
SIM2
SIM3
SIM4
1
21
22
SIM5
SIM1
SIM2
SIM3
SIM4
1
21
22
SIM5
SIM1
SIM2
SIM3
SIM4
1
21
22
SIM5
SIM1
SIM2
SIM3
SIM4
1
21
22
SIM5
SIM1
SIM2
SIM3
SIM4
1
21
22
SIM5
SIM1
SIM2
SIM3
SIM4
1
21
22
SIM5
SIM1
SIM2
SIM3
SIM4
1
21
22
SIM5
SIM1
SIM2
SIM3
SIM4
1
21
22
SIM5
SIM1
SIM2
SIM3
SIM4
1
21
22
SIM5
SIM1
SIM2
SIM3
SIM4
1
21
22
SIM5
SIM1
SIM2
SIM3
SIM4
1
21
22
SIM5
SIM1
SIM2
SIM3
SIM4
1
21
22
SIM5
SIM1
SIM2
SIM3
SIM4
1
21
22
SIM5
SIM1
SIM2
SIM3
SIM4
1
21
22
SIM5
SIM1
SIM2
SIM3
SIM4
1
21
22
SIM5
SIM1
SIM2
SIM3
SIM4
1
21
22
SIM5
SIM1
SIM2
SIM3
SIM4
1
21
22
SIM5
SIM1
SIM2
SIM3
SIM4
1
21
22
SIM5
SIM1
SIM2
SIM3
SIM4
1
21
22
SIM5
SIM1
SIM2
SIM3
SIM4
1
21
22
SIM5
SIM1
SIM2
SIM3
SIM4
1
21
22
SIM5
SIM1
SIM2
SIM3
SIM4
1
21
22
SIM5
SIM1
SIM2
SIM3
SIM4
1
21
22
SIM5
SIM1
SIM2
SIM3
SIM4
1
21
22
SIM5
SIM1
SIM2
SIM3
SIM4
1
21
22
SIM5
SIM1
SIM2
SIM3
SIM4
1
21
22
SIM5
SIM1
SIM2
SIM3
SIM4
1
21
22
SIM5
SIM1
SIM2
SIM3
SIM4
1
21
22
SIM5
SIM1
SIM2
SIM3
SIM4
1
21
22
SIM5
SIM1
SIM2
SIM3
SIM4
1
21
22
SIM5
SIM1
SIM2
SIM3
SIM4
1
21
22
SIM5
SIM1
SIM2
SIM3
SIM4
1
21
22
SIM5
SIM1
SIM2
SIM3
SIM4
1
21
22
SIM5
SIM1
SIM2
SIM3
SIM4
1
21
22
SIM5
SIM1
SIM2
SIM3
SIM4
1
21
22
SIM5
SIM1
SIM2
SIM3
SIM4
1
21
22
SIM5
SIM1
SIM2
SIM3
SIM4
1
21
22
SIM5
SIM1
SIM2
SIM3
SIM4
1
21
22
SIM5
SIM1
SIM2
SIM3
SIM4
1
21
22
SIM5
SIM1
SIM2
SIM3
SIM4
1
21
22
SIM5
SIM1
SIM2
SIM3
SIM4
1
21
22
SIM5
SIM1
SIM2
SIM3
SIM4
1
21
22
SIM5
SIM1
SIM2
SIM3
SIM4
1
21
22
SIM5
SIM1
SIM2
SIM3
SIM4
1
21
22
SIM5
SIM1
SIM2
SIM3
SIM4
1
21
22
SIM5
SIM1
SIM2
SIM3
SIM4
1
21
22
SIM5
SIM1
SIM2
SIM3
SIM4
1
21
22
SIM5
SIM1
SIM2
SIM3
SIM4
1
21
22
SIM5
SIM1
SIM2
SIM3
SIM4
1
21
22
SIM5
SIM1
SIM2
SIM3
SIM4
1
21
22
SIM5
SIM1
SIM2
SIM3
SIM4
1
21
22
SIM5
SIM1
SIM2
SIM3
SIM4
1
21
22
SIM5
SIM1
SIM2
SIM3
SIM4
1
21
22
SIM5
SIM1
SIM2
SIM3
SIM4
1
21
22
SIM5
SIM1
SIM2
SIM3
SIM4
1
21
22
SIM5
SIM1
SIM2
SIM3
SIM4
1
21
22
SIM5
SIM1
SIM2
SIM3
SIM4
1
21
22
SIM5
SIM1
SIM2
SIM3
SIM4
1
21
22
SIM5
SIM1
SIM2
SIM3
SIM4
1
21
22
SIM5
SIM1
SIM2
SIM3
SIM4
1
21
22
SIM5
SIM1
SIM2
SIM3
SIM4
1
21
22
SIM5
SIM1
SIM2
SIM3
SIM4
1
21
22
SIM5
SIM1
SIM2
SIM3
SIM4
1
21
22
SIM5
SIM1
SIM2
SIM3
SIM4
1
21
22
SIM5
SIM1
SIM2
SIM3
SIM4
1
21
22
SIM5
SIM1
SIM2
SIM3
SIM4
1
21
22
SIM5
SIM1
SIM2
SIM3
SIM4
1
21
22
SIM5
SIM1
SIM2
SIM3
SIM4
1
21
22
SIM5
SIM1
SIM2
SIM3
SIM4
1
21
22
SIM5
SIM1
SIM2
SIM3
SIM4
1
21
22
SIM5
SIM1
SIM2
SIM3
SIM4
1
21
22
SIM5
SIM1
SIM2
SIM3
SIM4
1
21
22
SIM5
SIM1
SIM2
SIM3
SIM4
1
21
22
SIM5
SIM1
SIM2
SIM3
SIM4
1
21
22
SIM5
SIM1
SIM2
SIM3
SIM4
1
21
22
SIM5
SIM1
SIM2
SIM3
SIM4
1
21
22
SIM5
SIM1
SIM2
SIM3
SIM4
1
21
22
SIM5
SIM1
SIM2
SIM3
SIM4
1
21
22
SIM5
SIM1
SIM2
SIM3
SIM4
1
21
22
SIM5
SIM1
SIM2
SIM3
SIM4
1
21
22
SIM5
SIM1
SIM2
SIM3
SIM4
1
21
22
SIM5
SIM1
SIM2
SIM3
SIM4
1
21
22
SIM5
SIM1
SIM2
SIM3
SIM4
1
21
22
SIM5
SIM1
SIM2
SIM3
SIM4
1
21
22
SIM5
SIM1
SIM2
SIM3
SIM4
1
21
22
SIM5
SIM1
SIM2
SIM3
SIM4
1
21
22
SIM5
SIM1
SIM2
SIM3
SIM4
1
21
22
SIM5
SIM1
SIM2
SIM3
SIM4
1
21
22
SIM5
SIM1
SIM2
SIM3
SIM4
1
21
22
SIM5
SIM1
SIM2
SIM3
SIM4
1
21
22
SIM5
SIM1
SIM2
SIM3
SIM4
1
21
22
SIM5
SIM1
SIM2
SIM3
SIM4
1
21
22
SIM5
SIM1
SIM2
SIM3
SIM4
1
21
22
SIM5
SIM1
SIM2
SIM3
SIM4
1
21
22
SIM5
SIM1
SIM2
SIM3
SIM4
1
21
22
SIM5
SIM1
SIM2
SIM3
SIM4
1
21
22
SIM5
SIM1
SIM2
SIM3
SIM4
1
21
22
SIM5
SIM1
SIM2
SIM3
SIM4
1
21
22
SIM5
SIM1
SIM2
SIM3
SIM4
1
21
22
SIM5
SIM1
SIM2
SIM3
SIM4
1
21
22
SIM5
SIM1
SIM2
SIM3
SIM4
1
21
22
SIM5
SIM1
SIM2
SIM3
SIM4
1
21
22
SIM5
SIM1
SIM2
SIM3
SIM4
1
21
22
SIM5
SIM1
SIM2
SIM3
SIM4
1
21
22
SIM5
SIM1
SIM2
SIM3
SIM4
1
21
22
SIM5
SIM1
SIM2
SIM3
SIM4
1
21
22
SIM5
SIM1
SIM2
SIM3
SIM4
1
21
22
SIM5
SIM1
SIM2
SIM3
SIM4
1
21
22
SIM5
SIM1
SIM2
SIM3
SIM4
1
21
22
SIM5
SIM1
SIM2
SIM3
SIM4
1
21
22
SIM5
SIM1
SIM2
DEBUG 1 694
SIM1
SIM2
SIM3
SIM4
1
21
22
SIM5
SIM1
SIM2
SIM3
SIM4
1
21
22
SIM5
SIM1
SIM2
SIM3
SIM4
1
21
22
SIM5
SIM1
SIM2
SIM3
SIM4
1
21
22
SIM5
SIM1
SIM2
SIM3
SIM4
1
21
22
SIM5
SIM1
SIM2
SIM3
SIM4
1
21
22
SIM5
SIM1
SIM2
SIM3
SIM4
1
21
22
SIM5
SIM1
SIM2
SIM3
SIM4
1
21
22
SIM5
SIM1
SIM2
SIM3
SIM4
1
21
22
SIM5
SIM1
SIM2
SIM3
SIM4
1
21
22
SIM5
SIM1
SIM2
SIM3
SIM4
1
21
22
SIM5
SIM1
SIM2
SIM3
SIM4
1
21
22
SIM5
SIM1
SIM2
SIM3
SIM4
1
21
22
SIM5
SIM1
SIM2
SIM3
SIM4
1
21
22
SIM5
SIM1
SIM2
SIM3
SIM4
1
21
22
SIM5
SIM1
SIM2
SIM3
SIM4
1
21
22
SIM5
SIM1
SIM2
SIM3
SIM4
1
21
22
SIM5
SIM1
SIM2
SIM3
SIM4
1
21
22
SIM5
SIM1
SIM2
SIM3
SIM4
1
21
22
SIM5
SIM1
SIM2
SIM3
SIM4
1
21
22
SIM5
SIM1
SIM2
SIM3
SIM4
1
21
22
SIM5
SIM1
SIM2
SIM3
SIM4
1
21
22
SIM5
SIM1
SIM2
SIM3
SIM4
1
21
22
SIM5
SIM1
SIM2
SIM3
SIM4
1
21
22
SIM5
SIM1
SIM2
SIM3
SIM4
1
21
22
SIM5
SIM1
SIM2
SIM3
SIM4
1
21
22
SIM5
SIM1
SIM2
SIM3
SIM4
1
21
22
SIM5
SIM1
SIM2
SIM3
SIM4
1
21
22
SIM5
SIM1
SIM2
SIM3
SIM4
1
21
22
SIM5
SIM1
SIM2
SIM3
SIM4
1
21
22
SIM5
SIM1
SIM2
SIM3
SIM4
1
21
22
SIM5
SIM1
SIM2
SIM3
SIM4
1
21
22
SIM5
SIM1
SIM2
SIM3
SIM4
1
21
22
SIM5
SIM1
SIM2
SIM3
SIM4
1
21
22
SIM5
SIM1
SIM2
SIM3
SIM4
1
21
22
SIM5
SIM1
SIM2
SIM3
SIM4
1
21
22
SIM5
SIM1
SIM2
SIM3
SIM4
1
21
22
SIM5
SIM1
SIM2
SIM3
SIM4
1
21
22
SIM5
SIM1
SIM2
SIM3
SIM4
1
21
22
SIM5
SIM1
SIM2
SIM3
SIM4
1
21
22
SIM5
SIM1
SIM2
SIM3
SIM4
1
21
22
SIM5
SIM1
SIM2
SIM3
SIM4
1
21
22
SIM5
SIM1
SIM2
SIM3
SIM4
1
21
22
SIM5
SIM1
SIM2
SIM3
SIM4
1
21
22
SIM5
SIM1
SIM2
SIM3
SIM4
1
21
22
SIM5
SIM1
SIM2
SIM3
SIM4
1
21
22
SIM5
SIM1
SIM2
SIM3
SIM4
1
21
22
SIM5
SIM1
SIM2
SIM3
SIM4
1
21
22
SIM5
SIM1
SIM2
SIM3
SIM4
1
21
22
SIM5
SIM1
SIM2
SIM3
SIM4
1
21
22
SIM5
SIM1
SIM2
SIM3
SIM4
1
21
22
SIM5
SIM1
SIM2
SIM3
SIM4
1
21
22
SIM5
SIM1
SIM2
SIM3
SIM4
1
21
22
SIM5
SIM1
SIM2
SIM3
SIM4
1
21
22
SIM5
SIM1
SIM2
SIM3
SIM4
1
21
22
SIM5
SIM1
SIM2
SIM3
SIM4
1
21
22
SIM5
SIM1
SIM2
SIM3
SIM4
1
21
22
SIM5
SIM1
SIM2
SIM3
SIM4
1
21
22
SIM5
SIM1
SIM2
SIM3
SIM4
1
21
22
SIM5
SIM1
SIM2
SIM3
SIM4
1
21
22
SIM5
SIM1
SIM2
SIM3
SIM4
1
21
22
SIM5
SIM1
SIM2
SIM3
SIM4
1
21
22
SIM5
SIM1
SIM2
SIM3
SIM4
1
21
22
SIM5
SIM1
SIM2
SIM3
SIM4
1
21
22
SIM5
SIM1
SIM2
SIM3
SIM4
1
21
22
SIM5
SIM1
SIM2
SIM3
SIM4
1
21
22
SIM5
SIM1
SIM2
SIM3
SIM4
1
21
22
SIM5
SIM1
SIM2
SIM3
SIM4
1
21
22
SIM5
SIM1
SIM2
SIM3
SIM4
1
21
22
SIM5
SIM1
SIM2
SIM3
SIM4
1
21
22
SIM5
SIM1
SIM2
SIM3
SIM4
1
21
22
SIM5
SIM1
SIM2
SIM3
SIM4
1
21
22
SIM5
SIM1
SIM2
SIM3
SIM4
1
21
22
SIM5
SIM1
SIM2
SIM3
SIM4
1
21
22
SIM5
SIM1
SIM2
SIM3
SIM4
1
21
22
SIM5
SIM1
SIM2
SIM3
SIM4
1
21
22
SIM5
SIM1
SIM2
SIM3
SIM4
1
21
22
SIM5
SIM1
SIM2
SIM3
SIM4
1
21
22
SIM5
SIM1
SIM2
SIM3
SIM4
1
21
22
SIM5
SIM1
SIM2
SIM3
SIM4
1
21
22
SIM5
SIM1
SIM2
SIM3
SIM4
1
21
22
SIM5
SIM1
SIM2
SIM3
SIM4
1
21
22
SIM5
SIM1
SIM2
SIM3
SIM4
1
21
22
SIM5
SIM1
SIM2
SIM3
SIM4
1
21
22
SIM5
SIM1
SIM2
SIM3
SIM4
1
21
22
SIM5
SIM1
SIM2
SIM3
SIM4
1
21
22
SIM5
SIM1
SIM2
SIM3
SIM4
1
21
22
SIM5
SIM1
SIM2
SIM3
SIM4
1
21
22
SIM5
SIM1
SIM2
SIM3
SIM4
1
21
22
SIM5
SIM1
SIM2
SIM3
SIM4
1
21
22
SIM5
SIM1
SIM2
SIM3
SIM4
1
21
22
SIM5
SIM1
SIM2
SIM3
SIM4
1
21
22
SIM5
SIM1
SIM2
SIM3
SIM4
1
21
22
SIM5
SIM1
SIM2
SIM3
SIM4
1
21
22
SIM5
SIM1
SIM2
SIM3
SIM4
1
21
22
SIM5
SIM1
SIM2
SIM3
SIM4
1
21
22
SIM5
SIM1
SIM2
SIM3
SIM4
1
21
22
SIM5
SIM1
SIM2
SIM3
SIM4
1
21
22
SIM5
SIM1
SIM2
SIM3
SIM4
1
21
22
SIM5
SIM1
SIM2
SIM3
SIM4
1
21
22
SIM5
SIM1
SIM2
SIM3
SIM4
1
21
22
SIM5
SIM1
SIM2
SIM3
SIM4
1
21
22
SIM5
SIM1
SIM2
SIM3
SIM4
1
21
22
SIM5
SIM1
SIM2
SIM3
SIM4
1
21
22
SIM5
SIM1
SIM2
SIM3
SIM4
1
21
22
SIM5
SIM1
SIM2
SIM3
SIM4
1
21
22
SIM5
SIM1
SIM2
SIM3
SIM4
1
21
22
SIM5
SIM1
SIM2
SIM3
SIM4
1
21
22
SIM5
SIM1
SIM2
SIM3
SIM4
1
21
22
SIM5
SIM1
SIM2
SIM3
SIM4
1
21
22
SIM5
SIM1
SIM2
SIM3
SIM4
1
21
22
SIM5
SIM1
SIM2
SIM3
SIM4
1
21
22
SIM5
SIM1
SIM2
SIM3
SIM4
1
21
22
SIM5
SIM1
SIM2
SIM3
SIM4
1
21
22
SIM5
SIM1
SIM2
SIM3
SIM4
1
21
22
SIM5
SIM1
SIM2
SIM3
SIM4
1
21
22
SIM5
SIM1
SIM2
SIM3
SIM4
1
21
22
SIM5
SIM1
SIM2
SIM3
SIM4
1
21
22
SIM5
SIM1
SIM2
SIM3
SIM4
1
21
22
SIM5
SIM1
SIM2
SIM3
SIM4
1
21
22
SIM5
SIM1
SIM2
SIM3
SIM4
1
21
22
SIM5
SIM1
SIM2
SIM3
SIM4
1
21
22
SIM5
SIM1
SIM2
SIM3
SIM4
1
21
22
SIM5
SIM1
SIM2
SIM3
SIM4
1
21
22
SIM5
SIM1
SIM2
SIM3
SIM4
1
21
22
SIM5
SIM1
SIM2
SIM3
SIM4
1
21
22
SIM5
SIM1
SIM2
SIM3
SIM4
1
21
22
SIM5
SIM1
SIM2
SIM3
SIM4
1
21
22
SIM5
SIM1
SIM2
SIM3
SIM4
1
21
22
SIM5
SIM1
SIM2
SIM3
SIM4
1
21
22
SIM5
SIM1
SIM2
SIM3
SIM4
1
21
22
SIM5
SIM1
SIM2
SIM3
SIM4
1
21
22
SIM5
SIM1
SIM2
SIM3
SIM4
1
21
22
SIM5
SIM1
SIM2
SIM3
SIM4
1
21
22
SIM5
SIM1
SIM2
SIM3
SIM4
1
21
22
SIM5
SIM1
SIM2
SIM3
SIM4
1
21
22
SIM5
SIM1
SIM2
SIM3
SIM4
1
21
22
SIM5
SIM1
SIM2
SIM3
SIM4
1
21
22
SIM5
SIM1
SIM2
SIM3
SIM4
1
21
22
SIM5
SIM1
SIM2
SIM3
SIM4
1
21
22
SIM5
SIM1
SIM2
SIM3
SIM4
1
21
22
SIM5
SIM1
SIM2
SIM3
SIM4
1
21
22
SIM5
SIM1
SIM2
SIM3
SIM4
1
21
22
SIM5
SIM1
SIM2
SIM3
SIM4
1
21
22
SIM5
SIM1
SIM2
SIM3
SIM4
1
21
22
SIM5
SIM1
SIM2
SIM3
SIM4
1
21
22
SIM5
SIM1
SIM2
SIM3
SIM4
1
21
22
SIM5
SIM1
SIM2
SIM3
SIM4
1
21
22
SIM5
SIM1
SIM2
SIM3
SIM4
1
21
22
SIM5
SIM1
SIM2
SIM3
SIM4
1
21
22
SIM5
SIM1
SIM2
SIM3
SIM4
1
21
22
SIM5
SIM1
SIM2
SIM3
SIM4
1
21
22
SIM5
SIM1
SIM2
SIM3
SIM4
1
21
22
SIM5
SIM1
SIM2
SIM3
SIM4
1
21
22
SIM5
SIM1
SIM2
SIM3
SIM4
1
21
22
SIM5
SIM1
SIM2
SIM3
SIM4
1
21
22
SIM5
SIM1
SIM2
SIM3
SIM4
1
21
22
SIM5
SIM1
SIM2
SIM3
SIM4
1
21
22
SIM5
SIM1
SIM2
SIM3
SIM4
1
21
22
SIM5
SIM1
SIM2
SIM3
SIM4
1
21
22
SIM5
SIM1
SIM2
SIM3
SIM4
1
21
22
SIM5
SIM1
SIM2
SIM3
SIM4
1
21
22
SIM5
SIM1
SIM2
SIM3
SIM4
1
21
22
SIM5
SIM1
SIM2
SIM3
SIM4
1
21
22
SIM5
SIM1
SIM2
SIM3
SIM4
1
21
22
SIM5
SIM1
SIM2
SIM3
SIM4
1
21
22
SIM5
SIM1
SIM2
SIM3
SIM4
1
21
22
SIM5
SIM1
SIM2
SIM3
SIM4
1
21
22
SIM5
SIM1
SIM2
SIM3
SIM4
1
21
22
SIM5
SIM1
SIM2
SIM3
SIM4
1
21
22
SIM5
SIM1
SIM2
SIM3
SIM4
1
21
22
SIM5
SIM1
SIM2
SIM3
SIM4
1
21
22
SIM5
SIM1
SIM2
SIM3
SIM4
1
21
22
SIM5
SIM1
SIM2
SIM3
SIM4
1
21
22
SIM5
SIM1
SIM2
SIM3
SIM4
1
21
22
SIM5
SIM1
SIM2
SIM3
SIM4
1
21
22
SIM5
SIM1
SIM2
SIM3
SIM4
1
21
22
SIM5
SIM1
SIM2
SIM3
SIM4
1
21
22
SIM5
SIM1
SIM2
SIM3
SIM4
1
21
22
SIM5
SIM1
SIM2
SIM3
SIM4
1
21
22
SIM5
SIM1
SIM2
SIM3
SIM4
1
21
22
SIM5
SIM1
SIM2
SIM3
SIM4
1
21
22
SIM5
SIM1
SIM2
SIM3
SIM4
1
21
22
SIM5
SIM1
SIM2
SIM3
SIM4
1
21
22
SIM5
SIM1
SIM2
SIM3
SIM4
1
21
22
SIM5
SIM1
SIM2
SIM3
SIM4
1
21
22
SIM5
SIM1
SIM2
SIM3
SIM4
1
21
22
SIM5
SIM1
SIM2
SIM3
SIM4
1
21
22
SIM5
SIM1
SIM2
SIM3
SIM4
1
21
22
SIM5
SIM1
SIM2
SIM3
SIM4
1
21
22
SIM5
SIM1
SIM2
SIM3
SIM4
1
21
22
SIM5
SIM1
SIM2
SIM3
SIM4
1
21
22
SIM5
SIM1
SIM2
SIM3
SIM4
1
21
22
SIM5
SIM1
SIM2
SIM3
SIM4
1
21
22
SIM5
SIM1
SIM2
SIM3
SIM4
1
21
22
SIM5
SIM1
SIM2
SIM3
SIM4
1
21
22
SIM5
SIM1
SIM2
SIM3
SIM4
1
21
22
SIM5
SIM1
SIM2
SIM3
SIM4
1
21
22
SIM5
SIM1
SIM2
SIM3
SIM4
1
21
22
SIM5
SIM1
SIM2
SIM3
SIM4
1
21
22
SIM5
SIM1
SIM2
SIM3
SIM4
1
21
22
SIM5
SIM1
SIM2
SIM3
SIM4
1
21
22
SIM5
SIM1
SIM2
SIM3
SIM4
1
21
22
SIM5
SIM1
SIM2
SIM3
SIM4
1
21
22
SIM5
SIM1
SIM2
SIM3
SIM4
1
21
22
SIM5
SIM1
SIM2
SIM3
SIM4
1
21
22
SIM5
SIM1
SIM2
DEBUG 1 695
SIM1
SIM2
SIM3
SIM4
1
21
22
SIM5
SIM1
SIM2
SIM3
SIM4
1
21
22
SIM5
SIM1
SIM2
SIM3
SIM4
1
21
22
SIM5
SIM1
SIM2
SIM3
SIM4
1
21
22
SIM5
SIM1
SIM2
SIM3
SIM4
1
21
22
SIM5
SIM1
SIM2
SIM3
SIM4
1
21
22
SIM5
SIM1
SIM2
SIM3
SIM4
1
21
22
SIM5
SIM1
SIM2
SIM3
SIM4
1
21
22
SIM5
SIM1
SIM2
SIM3
SIM4
1
21
22
SIM5
SIM1
SIM2
SIM3
SIM4
1
21
22
SIM5
SIM1
SIM2
SIM3
SIM4
1
21
22
SIM5
SIM1
SIM2
SIM3
SIM4
1
21
22
SIM5
SIM1
SIM2
SIM3
SIM4
1
21
22
SIM5
SIM1
SIM2
SIM3
SIM4
1
21
22
SIM5
SIM1
SIM2
SIM3
SIM4
1
21
22
SIM5
SIM1
SIM2
SIM3
SIM4
1
21
22
SIM5
SIM1
SIM2
SIM3
SIM4
1
21
22
SIM5
SIM1
SIM2
SIM3
SIM4
1
21
22
SIM5
SIM1
SIM2
SIM3
SIM4
1
21
22
SIM5
SIM1
SIM2
SIM3
SIM4
1
21
22
SIM5
SIM1
SIM2
SIM3
SIM4
1
21
22
SIM5
SIM1
SIM2
SIM3
SIM4
1
21
22
SIM5
SIM1
SIM2
SIM3
SIM4
1
21
22
SIM5
SIM1
SIM2
SIM3
SIM4
1
21
22
SIM5
SIM1
SIM2
SIM3
SIM4
1
21
22
SIM5
SIM1
SIM2
SIM3
SIM4
1
21
22
SIM5
SIM1
SIM2
SIM3
SIM4
1
21
22
SIM5
SIM1
SIM2
SIM3
SIM4
1
21
22
SIM5
SIM1
SIM2
SIM3
SIM4
1
21
22
SIM5
SIM1
SIM2
SIM3
SIM4
1
21
22
SIM5
SIM1
SIM2
SIM3
SIM4
1
21
22
SIM5
SIM1
SIM2
SIM3
SIM4
1
21
22
SIM5
SIM1
SIM2
SIM3
SIM4
1
21
22
SIM5
SIM1
SIM2
SIM3
SIM4
1
21
22
SIM5
SIM1
SIM2
SIM3
SIM4
1
21
22
SIM5
SIM1
SIM2
SIM3
SIM4
1
21
22
SIM5
SIM1
SIM2
SIM3
SIM4
1
21
22
SIM5
SIM1
SIM2
SIM3
SIM4
1
21
22
SIM5
SIM1
SIM2
SIM3
SIM4
1
21
22
SIM5
SIM1
SIM2
SIM3
SIM4
1
21
22
SIM5
SIM1
SIM2
SIM3
SIM4
1
21
22
SIM5
SIM1
SIM2
SIM3
SIM4
1
21
22
SIM5
SIM1
SIM2
SIM3
SIM4
1
21
22
SIM5
SIM1
SIM2
SIM3
SIM4
1
21
22
SIM5
SIM1
SIM2
SIM3
SIM4
1
21
22
SIM5
SIM1
SIM2
SIM3
SIM4
1
21
22
SIM5
SIM1
SIM2
SIM3
SIM4
1
21
22
SIM5
SIM1
SIM2
SIM3
SIM4
1
21
22
SIM5
SIM1
SIM2
SIM3
SIM4
1
21
22
SIM5
SIM1
SIM2
SIM3
SIM4
1
21
22
SIM5
SIM1
SIM2
SIM3
SIM4
1
21
22
SIM5
SIM1
SIM2
SIM3
SIM4
1
21
22
SIM5
SIM1
SIM2
SIM3
SIM4
1
21
22
SIM5
SIM1
SIM2
SIM3
SIM4
1
21
22
SIM5
SIM1
SIM2
SIM3
SIM4
1
21
22
SIM5
SIM1
SIM2
SIM3
SIM4
1
21
22
SIM5
SIM1
SIM2
SIM3
SIM4
1
21
22
SIM5
SIM1
SIM2
SIM3
SIM4
1
21
22
SIM5
SIM1
SIM2
SIM3
SIM4
1
21
22
SIM5
SIM1
SIM2
SIM3
SIM4
1
21
22
SIM5
SIM1
SIM2
SIM3
SIM4
1
21
22
SIM5
SIM1
SIM2
SIM3
SIM4
1
21
22
SIM5
SIM1
SIM2
SIM3
SIM4
1
21
22
SIM5
SIM1
SIM2
SIM3
SIM4
1
21
22
SIM5
SIM1
SIM2
SIM3
SIM4
1
21
22
SIM5
SIM1
SIM2
SIM3
SIM4
1
21
22
SIM5
SIM1
SIM2
SIM3
SIM4
1
21
22
SIM5
SIM1
SIM2
SIM3
SIM4
1
21
22
SIM5
SIM1
SIM2
SIM3
SIM4
1
21
22
SIM5
SIM1
SIM2
SIM3
SIM4
1
21
22
SIM5
SIM1
SIM2
SIM3
SIM4
1
21
22
SIM5
SIM1
SIM2
SIM3
SIM4
1
21
22
SIM5
SIM1
SIM2
SIM3
SIM4
1
21
22
SIM5
SIM1
SIM2
SIM3
SIM4
1
21
22
SIM5
SIM1
SIM2
SIM3
SIM4
1
21
22
SIM5
SIM1
SIM2
SIM3
SIM4
1
21
22
SIM5
SIM1
SIM2
SIM3
SIM4
1
21
22
SIM5
SIM1
SIM2
SIM3
SIM4
1
21
22
SIM5
SIM1
SIM2
SIM3
SIM4
1
21
22
SIM5
SIM1
SIM2
SIM3
SIM4
1
21
22
SIM5
SIM1
SIM2
SIM3
SIM4
1
21
22
SIM5
SIM1
SIM2
SIM3
SIM4
1
21
22
SIM5
SIM1
SIM2
SIM3
SIM4
1
21
22
SIM5
SIM1
SIM2
SIM3
SIM4
1
21
22
SIM5
SIM1
SIM2
SIM3
SIM4
1
21
22
SIM5
SIM1
SIM2
SIM3
SIM4
1
21
22
SIM5
SIM1
SIM2
SIM3
SIM4
1
21
22
SIM5
SIM1
SIM2
SIM3
SIM4
1
21
22
SIM5
SIM1
SIM2
SIM3
SIM4
1
21
22
SIM5
SIM1
SIM2
SIM3
SIM4
1
21
22
SIM5
SIM1
SIM2
SIM3
SIM4
1
21
22
SIM5
SIM1
SIM2
SIM3
SIM4
1
21
22
SIM5
SIM1
SIM2
SIM3
SIM4
1
21
22
SIM5
SIM1
SIM2
SIM3
SIM4
1
21
22
SIM5
SIM1
SIM2
SIM3
SIM4
1
21
22
SIM5
SIM1
SIM2
SIM3
SIM4
1
21
22
SIM5
SIM1
SIM2
SIM3
SIM4
1
21
22
SIM5
SIM1
SIM2
SIM3
SIM4
1
21
22
SIM5
SIM1
SIM2
SIM3
SIM4
1
21
22
SIM5
SIM1
SIM2
SIM3
SIM4
1
21
22
SIM5
SIM1
SIM2
SIM3
SIM4
1
21
22
SIM5
SIM1
SIM2
SIM3
SIM4
1
21
22
SIM5
SIM1
SIM2
SIM3
SIM4
1
21
22
SIM5
SIM1
SIM2
SIM3
SIM4
1
21
22
SIM5
SIM1
SIM2
SIM3
SIM4
1
21
22
SIM5
SIM1
SIM2
SIM3
SIM4
1
21
22
SIM5
SIM1
SIM2
SIM3
SIM4
1
21
22
SIM5
SIM1
SIM2
SIM3
SIM4
1
21
22
SIM5
SIM1
SIM2
SIM3
SIM4
1
21
22
SIM5
SIM1
SIM2
SIM3
SIM4
1
21
22
SIM5
SIM1
SIM2
SIM3
SIM4
1
21
22
SIM5
SIM1
SIM2
SIM3
SIM4
1
21
22
SIM5
SIM1
SIM2
SIM3
SIM4
1
21
22
SIM5
SIM1
SIM2
SIM3
SIM4
1
21
22
SIM5
SIM1
SIM2
SIM3
SIM4
1
21
22
SIM5
SIM1
SIM2
SIM3
SIM4
1
21
22
SIM5
SIM1
SIM2
SIM3
SIM4
1
21
22
SIM5
SIM1
SIM2
SIM3
SIM4
1
21
22
SIM5
SIM1
SIM2
SIM3
SIM4
1
21
22
SIM5
SIM1
SIM2
SIM3
SIM4
1
21
22
SIM5
SIM1
SIM2
SIM3
SIM4
1
21
22
SIM5
SIM1
SIM2
SIM3
SIM4
1
21
22
SIM5
SIM1
SIM2
SIM3
SIM4
1
21
22
SIM5
SIM1
SIM2
SIM3
SIM4
1
21
22
SIM5
SIM1
SIM2
SIM3
SIM4
1
21
22
SIM5
SIM1
SIM2
SIM3
SIM4
1
21
22
SIM5
SIM1
SIM2
SIM3
SIM4
1
21
22
SIM5
SIM1
SIM2
SIM3
SIM4
1
21
22
SIM5
SIM1
SIM2
SIM3
SIM4
1
21
22
SIM5
SIM1
SIM2
SIM3
SIM4
1
21
22
SIM5
SIM1
SIM2
SIM3
SIM4
1
21
22
SIM5
SIM1
SIM2
SIM3
SIM4
1
21
22
SIM5
SIM1
SIM2
SIM3
SIM4
1
21
22
SIM5
SIM1
SIM2
SIM3
SIM4
1
21
22
SIM5
SIM1
SIM2
SIM3
SIM4
1
21
22
SIM5
SIM1
SIM2
SIM3
SIM4
1
21
22
SIM5
SIM1
SIM2
SIM3
SIM4
1
21
22
SIM5
SIM1
SIM2
SIM3
SIM4
1
21
22
SIM5
SIM1
SIM2
SIM3
SIM4
1
21
22
SIM5
SIM1
SIM2
SIM3
SIM4
1
21
22
SIM5
SIM1
SIM2
SIM3
SIM4
1
21
22
SIM5
SIM1
SIM2
SIM3
SIM4
1
21
22
SIM5
SIM1
SIM2
SIM3
SIM4
1
21
22
SIM5
SIM1
SIM2
SIM3
SIM4
1
21
22
SIM5
SIM1
SIM2
SIM3
SIM4
1
21
22
SIM5
SIM1
SIM2
SIM3
SIM4
1
21
22
SIM5
SIM1
SIM2
SIM3
SIM4
1
21
22
SIM5
SIM1
SIM2
SIM3
SIM4
1
21
22
SIM5
SIM1
SIM2
SIM3
SIM4
1
21
22
SIM5
SIM1
SIM2
SIM3
SIM4
1
21
22
SIM5
SIM1
SIM2
SIM3
SIM4
1
21
22
SIM5
SIM1
SIM2
SIM3
SIM4
1
21
22
SIM5
SIM1
SIM2
SIM3
SIM4
1
21
22
SIM5
SIM1
SIM2
SIM3
SIM4
1
21
22
SIM5
SIM1
SIM2
SIM3
SIM4
1
21
22
SIM5
SIM1
SIM2
SIM3
SIM4
1
21
22
SIM5
SIM1
SIM2
SIM3
SIM4
1
21
22
SIM5
SIM1
SIM2
SIM3
SIM4
1
21
22
SIM5
SIM1
SIM2
SIM3
SIM4
1
21
22
SIM5
SIM1
SIM2
SIM3
SIM4
1
21
22
SIM5
SIM1
SIM2
SIM3
SIM4
1
21
22
SIM5
SIM1
SIM2
SIM3
SIM4
1
21
22
SIM5
SIM1
SIM2
SIM3
SIM4
1
21
22
SIM5
SIM1
SIM2
SIM3
SIM4
1
21
22
SIM5
SIM1
SIM2
SIM3
SIM4
1
21
22
SIM5
SIM1
SIM2
SIM3
SIM4
1
21
22
SIM5
SIM1
SIM2
SIM3
SIM4
1
21
22
SIM5
SIM1
SIM2
SIM3
SIM4
1
21
22
SIM5
SIM1
SIM2
SIM3
SIM4
1
21
22
SIM5
SIM1
SIM2
SIM3
SIM4
1
21
22
SIM5
SIM1
SIM2
SIM3
SIM4
1
21
22
SIM5
SIM1
SIM2
SIM3
SIM4
1
21
22
SIM5
SIM1
SIM2
SIM3
SIM4
1
21
22
SIM5
SIM1
SIM2
SIM3
SIM4
1
21
22
SIM5
SIM1
SIM2
SIM3
SIM4
1
21
22
SIM5
SIM1
SIM2
SIM3
SIM4
1
21
22
SIM5
SIM1
SIM2
SIM3
SIM4
1
21
22
SIM5
SIM1
SIM2
SIM3
SIM4
1
21
22
SIM5
SIM1
SIM2
SIM3
SIM4
1
21
22
SIM5
SIM1
SIM2
SIM3
SIM4
1
21
22
SIM5
SIM1
SIM2
SIM3
SIM4
1
21
22
SIM5
SIM1
SIM2
SIM3
SIM4
1
21
22
SIM5
SIM1
SIM2
SIM3
SIM4
1
21
22
SIM5
SIM1
SIM2
SIM3
SIM4
1
21
22
SIM5
SIM1
SIM2
SIM3
SIM4
1
21
22
SIM5
SIM1
SIM2
SIM3
SIM4
1
21
22
SIM5
SIM1
SIM2
SIM3
SIM4
1
21
22
SIM5
SIM1
SIM2
SIM3
SIM4
1
21
22
SIM5
SIM1
SIM2
SIM3
SIM4
1
21
22
SIM5
SIM1
SIM2
SIM3
SIM4
1
21
22
SIM5
SIM1
SIM2
SIM3
SIM4
1
21
22
SIM5
SIM1
SIM2
SIM3
SIM4
1
21
22
SIM5
SIM1
SIM2
SIM3
SIM4
1
21
22
SIM5
SIM1
SIM2
SIM3
SIM4
1
21
22
SIM5
SIM1
SIM2
SIM3
SIM4
1
21
22
SIM5
SIM1
SIM2
SIM3
SIM4
1
21
22
SIM5
SIM1
SIM2
SIM3
SIM4
1
21
22
SIM5
SIM1
SIM2
SIM3
SIM4
1
21
22
SIM5
SIM1
SIM2
SIM3
SIM4
1
21
22
SIM5
SIM1
SIM2
SIM3
SIM4
1
21
22
SIM5
SIM1
SIM2
SIM3
SIM4
1
21
22
SIM5
SIM1
SIM2
SIM3
SIM4
1
21
22
SIM5
SIM1
SIM2
SIM3
SIM4
1
21
22
SIM5
SIM1
SIM2
SIM3
SIM4
1
21
22
SIM5
SIM1
SIM2
SIM3
SIM4
1
21
22
SIM5
SIM1
SIM2
SIM3
SIM4
1
21
22
SIM5
SIM1
SIM2
SIM3
SIM4
1
21
22
SIM5
SIM1
SIM2
SIM3
SIM4
1
21
22
SIM5
SIM1
SIM2
SIM3
SIM4
1
21
22
SIM5
SIM1
SIM2
SIM3
SIM4
1
21
22
SIM5
SIM1
SIM2
SIM3
SIM4
1
21
22
SIM5
SIM1
SIM2
SIM3
SIM4
1
21
22
SIM5
SIM1
SIM2
SIM3
SIM4
1
21
22
SIM5
SIM1
SIM2
SIM3
SIM4
1
21
22
SIM5
SIM1
SIM2
SIM3
SIM4
1
21
22
SIM5
SIM1
SIM2
SIM3
SIM4
1
21
22
SIM5
SIM1
SIM2
SIM3
SIM4
1
21
22
SIM5
SIM1
SIM2
SIM3
SIM4
1
21
22
SIM5
SIM1
SIM2
SIM3
SIM4
1
21
22
SIM5
SIM1
SIM2
DEBUG 1 696
SIM1
SIM2
SIM3
SIM4
1
21
22
SIM5
SIM1
SIM2
SIM3
SIM4
1
21
22
SIM5
SIM1
SIM2
SIM3
SIM4
1
21
22
SIM5
SIM1
SIM2
SIM3
SIM4
1
21
22
SIM5
SIM1
SIM2
SIM3
SIM4
1
21
22
SIM5
SIM1
SIM2
SIM3
SIM4
1
21
22
SIM5
SIM1
SIM2
SIM3
SIM4
1
21
22
SIM5
SIM1
SIM2
SIM3
SIM4
1
21
22
SIM5
SIM1
SIM2
SIM3
SIM4
1
21
22
SIM5
SIM1
SIM2
SIM3
SIM4
1
21
22
SIM5
SIM1
SIM2
SIM3
SIM4
1
21
22
SIM5
SIM1
SIM2
SIM3
SIM4
1
21
22
SIM5
SIM1
SIM2
SIM3
SIM4
1
21
22
SIM5
SIM1
SIM2
SIM3
SIM4
1
21
22
SIM5
SIM1
SIM2
SIM3
SIM4
1
21
22
SIM5
SIM1
SIM2
SIM3
SIM4
1
21
22
SIM5
SIM1
SIM2
SIM3
SIM4
1
21
22
SIM5
SIM1
SIM2
SIM3
SIM4
1
21
22
SIM5
SIM1
SIM2
SIM3
SIM4
1
21
22
SIM5
SIM1
SIM2
SIM3
SIM4
1
21
22
SIM5
SIM1
SIM2
SIM3
SIM4
1
21
22
SIM5
SIM1
SIM2
SIM3
SIM4
1
21
22
SIM5
SIM1
SIM2
SIM3
SIM4
1
21
22
SIM5
SIM1
SIM2
SIM3
SIM4
1
21
22
SIM5
SIM1
SIM2
SIM3
SIM4
1
21
22
SIM5
SIM1
SIM2
SIM3
SIM4
1
21
22
SIM5
SIM1
SIM2
SIM3
SIM4
1
21
22
SIM5
SIM1
SIM2
SIM3
SIM4
1
21
22
SIM5
SIM1
SIM2
SIM3
SIM4
1
21
22
SIM5
SIM1
SIM2
SIM3
SIM4
1
21
22
SIM5
SIM1
SIM2
SIM3
SIM4
1
21
22
SIM5
SIM1
SIM2
SIM3
SIM4
1
21
22
SIM5
SIM1
SIM2
SIM3
SIM4
1
21
22
SIM5
SIM1
SIM2
SIM3
SIM4
1
21
22
SIM5
SIM1
SIM2
SIM3
SIM4
1
21
22
SIM5
SIM1
SIM2
SIM3
SIM4
1
21
22
SIM5
SIM1
SIM2
SIM3
SIM4
1
21
22
SIM5
SIM1
SIM2
SIM3
SIM4
1
21
22
SIM5
SIM1
SIM2
SIM3
SIM4
1
21
22
SIM5
SIM1
SIM2
SIM3
SIM4
1
21
22
SIM5
SIM1
SIM2
SIM3
SIM4
1
21
22
SIM5
SIM1
SIM2
SIM3
SIM4
1
21
22
SIM5
SIM1
SIM2
SIM3
SIM4
1
21
22
SIM5
SIM1
SIM2
SIM3
SIM4
1
21
22
SIM5
SIM1
SIM2
SIM3
SIM4
1
21
22
SIM5
SIM1
SIM2
SIM3
SIM4
1
21
22
SIM5
SIM1
SIM2
SIM3
SIM4
1
21
22
SIM5
SIM1
SIM2
SIM3
SIM4
1
21
22
SIM5
SIM1
SIM2
SIM3
SIM4
1
21
22
SIM5
SIM1
SIM2
SIM3
SIM4
1
21
22
SIM5
SIM1
SIM2
SIM3
SIM4
1
21
22
SIM5
SIM1
SIM2
SIM3
SIM4
1
21
22
SIM5
SIM1
SIM2
SIM3
SIM4
1
21
22
SIM5
SIM1
SIM2
SIM3
SIM4
1
21
22
SIM5
SIM1
SIM2
SIM3
SIM4
1
21
22
SIM5
SIM1
SIM2
SIM3
SIM4
1
21
22
SIM5
SIM1
SIM2
SIM3
SIM4
1
21
22
SIM5
SIM1
SIM2
SIM3
SIM4
1
21
22
SIM5
SIM1
SIM2
SIM3
SIM4
1
21
22
SIM5
SIM1
SIM2
SIM3
SIM4
1
21
22
SIM5
SIM1
SIM2
SIM3
SIM4
1
21
22
SIM5
SIM1
SIM2
SIM3
SIM4
1
21
22
SIM5
SIM1
SIM2
SIM3
SIM4
1
21
22
SIM5
SIM1
SIM2
SIM3
SIM4
1
21
22
SIM5
SIM1
SIM2
SIM3
SIM4
1
21
22
SIM5
SIM1
SIM2
SIM3
SIM4
1
21
22
SIM5
SIM1
SIM2
SIM3
SIM4
1
21
22
SIM5
SIM1
SIM2
SIM3
SIM4
1
21
22
SIM5
SIM1
SIM2
SIM3
SIM4
1
21
22
SIM5
SIM1
SIM2
SIM3
SIM4
1
21
22
SIM5
SIM1
SIM2
SIM3
SIM4
1
21
22
SIM5
SIM1
SIM2
SIM3
SIM4
1
21
22
SIM5
SIM1
SIM2
SIM3
SIM4
1
21
22
SIM5
SIM1
SIM2
SIM3
SIM4
1
21
22
SIM5
SIM1
SIM2
SIM3
SIM4
1
21
22
SIM5
SIM1
SIM2
SIM3
SIM4
1
21
22
SIM5
SIM1
SIM2
SIM3
SIM4
1
21
22
SIM5
SIM1
SIM2
SIM3
SIM4
1
21
22
SIM5
SIM1
SIM2
SIM3
SIM4
1
21
22
SIM5
SIM1
SIM2
SIM3
SIM4
1
21
22
SIM5
SIM1
SIM2
SIM3
SIM4
1
21
22
SIM5
SIM1
SIM2
SIM3
SIM4
1
21
22
SIM5
SIM1
SIM2
SIM3
SIM4
1
21
22
SIM5
SIM1
SIM2
SIM3
SIM4
1
21
22
SIM5
SIM1
SIM2
SIM3
SIM4
1
21
22
SIM5
SIM1
SIM2
SIM3
SIM4
1
21
22
SIM5
SIM1
SIM2
SIM3
SIM4
1
21
22
SIM5
SIM1
SIM2
SIM3
SIM4
1
21
22
SIM5
SIM1
SIM2
SIM3
SIM4
1
21
22
SIM5
SIM1
SIM2
SIM3
SIM4
1
21
22
SIM5
SIM1
SIM2
SIM3
SIM4
1
21
22
SIM5
SIM1
SIM2
SIM3
SIM4
1
21
22
SIM5
SIM1
SIM2
SIM3
SIM4
1
21
22
SIM5
SIM1
SIM2
SIM3
SIM4
1
21
22
SIM5
SIM1
SIM2
SIM3
SIM4
1
21
22
SIM5
SIM1
SIM2
SIM3
SIM4
1
21
22
SIM5
SIM1
SIM2
SIM3
SIM4
1
21
22
SIM5
SIM1
SIM2
SIM3
SIM4
1
21
22
SIM5
SIM1
SIM2
SIM3
SIM4
1
21
22
SIM5
SIM1
SIM2
SIM3
SIM4
1
21
22
SIM5
SIM1
SIM2
SIM3
SIM4
1
21
22
SIM5
SIM1
SIM2
SIM3
SIM4
1
21
22
SIM5
SIM1
SIM2
SIM3
SIM4
1
21
22
SIM5
SIM1
SIM2
SIM3
SIM4
1
21
22
SIM5
SIM1
SIM2
SIM3
SIM4
1
21
22
SIM5
SIM1
SIM2
SIM3
SIM4
1
21
22
SIM5
SIM1
SIM2
SIM3
SIM4
1
21
22
SIM5
SIM1
SIM2
SIM3
SIM4
1
21
22
SIM5
SIM1
SIM2
SIM3
SIM4
1
21
22
SIM5
SIM1
SIM2
SIM3
SIM4
1
21
22
SIM5
SIM1
SIM2
SIM3
SIM4
1
21
22
SIM5
SIM1
SIM2
SIM3
SIM4
1
21
22
SIM5
SIM1
SIM2
SIM3
SIM4
1
21
22
SIM5
SIM1
SIM2
SIM3
SIM4
1
21
22
SIM5
SIM1
SIM2
SIM3
SIM4
1
21
22
SIM5
SIM1
SIM2
SIM3
SIM4
1
21
22
SIM5
SIM1
SIM2
SIM3
SIM4
1
21
22
SIM5
SIM1
SIM2
SIM3
SIM4
1
21
22
SIM5
SIM1
SIM2
SIM3
SIM4
1
21
22
SIM5
SIM1
SIM2
SIM3
SIM4
1
21
22
SIM5
SIM1
SIM2
SIM3
SIM4
1
21
22
SIM5
SIM1
SIM2
SIM3
SIM4
1
21
22
SIM5
SIM1
SIM2
SIM3
SIM4
1
21
22
SIM5
SIM1
SIM2
SIM3
SIM4
1
21
22
SIM5
SIM1
SIM2
SIM3
SIM4
1
21
22
SIM5
SIM1
SIM2
SIM3
SIM4
1
21
22
SIM5
SIM1
SIM2
SIM3
SIM4
1
21
22
SIM5
SIM1
SIM2
SIM3
SIM4
1
21
22
SIM5
SIM1
SIM2
SIM3
SIM4
1
21
22
SIM5
SIM1
SIM2
SIM3
SIM4
1
21
22
SIM5
SIM1
SIM2
SIM3
SIM4
1
21
22
SIM5
SIM1
SIM2
SIM3
SIM4
1
21
22
SIM5
SIM1
SIM2
SIM3
SIM4
1
21
22
SIM5
SIM1
SIM2
SIM3
SIM4
1
21
22
SIM5
SIM1
SIM2
SIM3
SIM4
1
21
22
SIM5
SIM1
SIM2
SIM3
SIM4
1
21
22
SIM5
SIM1
SIM2
SIM3
SIM4
1
21
22
SIM5
SIM1
SIM2
SIM3
SIM4
1
21
22
SIM5
SIM1
SIM2
SIM3
SIM4
1
21
22
SIM5
SIM1
SIM2
SIM3
SIM4
1
21
22
SIM5
SIM1
SIM2
SIM3
SIM4
1
21
22
SIM5
SIM1
SIM2
SIM3
SIM4
1
21
22
SIM5
SIM1
SIM2
SIM3
SIM4
1
21
22
SIM5
SIM1
SIM2
SIM3
SIM4
1
21
22
SIM5
SIM1
SIM2
SIM3
SIM4
1
21
22
SIM5
SIM1
SIM2
SIM3
SIM4
1
21
22
SIM5
SIM1
SIM2
SIM3
SIM4
1
21
22
SIM5
SIM1
SIM2
SIM3
SIM4
1
21
22
SIM5
SIM1
SIM2
SIM3
SIM4
1
21
22
SIM5
SIM1
SIM2
SIM3
SIM4
1
21
22
SIM5
SIM1
SIM2
SIM3
SIM4
1
21
22
SIM5
SIM1
SIM2
SIM3
SIM4
1
21
22
SIM5
SIM1
SIM2
SIM3
SIM4
1
21
22
SIM5
SIM1
SIM2
SIM3
SIM4
1
21
22
SIM5
SIM1
SIM2
SIM3
SIM4
1
21
22
SIM5
SIM1
SIM2
SIM3
SIM4
1
21
22
SIM5
SIM1
SIM2
SIM3
SIM4
1
21
22
SIM5
SIM1
SIM2
SIM3
SIM4
1
21
22
SIM5
SIM1
SIM2
SIM3
SIM4
1
21
22
SIM5
SIM1
SIM2
SIM3
SIM4
1
21
22
SIM5
SIM1
SIM2
SIM3
SIM4
1
21
22
SIM5
SIM1
SIM2
SIM3
SIM4
1
21
22
SIM5
SIM1
SIM2
SIM3
SIM4
1
21
22
SIM5
SIM1
SIM2
SIM3
SIM4
1
21
22
SIM5
SIM1
SIM2
SIM3
SIM4
1
21
22
SIM5
SIM1
SIM2
SIM3
SIM4
1
21
22
SIM5
SIM1
SIM2
SIM3
SIM4
1
21
22
SIM5
SIM1
SIM2
SIM3
SIM4
1
21
22
SIM5
SIM1
SIM2
SIM3
SIM4
1
21
22
SIM5
SIM1
SIM2
SIM3
SIM4
1
21
22
SIM5
SIM1
SIM2
SIM3
SIM4
1
21
22
SIM5
SIM1
SIM2
SIM3
SIM4
1
21
22
SIM5
SIM1
SIM2
SIM3
SIM4
1
21
22
SIM5
SIM1
SIM2
SIM3
SIM4
1
21
22
SIM5
SIM1
SIM2
SIM3
SIM4
1
21
22
SIM5
SIM1
SIM2
SIM3
SIM4
1
21
22
SIM5
SIM1
SIM2
SIM3
SIM4
1
21
22
SIM5
SIM1
SIM2
SIM3
SIM4
1
21
22
SIM5
SIM1
SIM2
SIM3
SIM4
1
21
22
SIM5
SIM1
SIM2
SIM3
SIM4
1
21
22
SIM5
SIM1
SIM2
SIM3
SIM4
1
21
22
SIM5
SIM1
SIM2
SIM3
SIM4
1
21
22
SIM5
SIM1
SIM2
SIM3
SIM4
1
21
22
SIM5
SIM1
SIM2
SIM3
SIM4
1
21
22
SIM5
SIM1
SIM2
SIM3
SIM4
1
21
22
SIM5
SIM1
SIM2
SIM3
SIM4
1
21
22
SIM5
SIM1
SIM2
SIM3
SIM4
1
21
22
SIM5
SIM1
SIM2
SIM3
SIM4
1
21
22
SIM5
SIM1
SIM2
SIM3
SIM4
1
21
22
SIM5
SIM1
SIM2
SIM3
SIM4
1
21
22
SIM5
SIM1
SIM2
SIM3
SIM4
1
21
22
SIM5
SIM1
SIM2
SIM3
SIM4
1
21
22
SIM5
SIM1
SIM2
SIM3
SIM4
1
21
22
SIM5
SIM1
SIM2
SIM3
SIM4
1
21
22
SIM5
SIM1
SIM2
SIM3
SIM4
1
21
22
SIM5
SIM1
SIM2
SIM3
SIM4
1
21
22
SIM5
SIM1
SIM2
SIM3
SIM4
1
21
22
SIM5
SIM1
SIM2
SIM3
SIM4
1
21
22
SIM5
SIM1
SIM2
SIM3
SIM4
1
21
22
SIM5
SIM1
SIM2
SIM3
SIM4
1
21
22
SIM5
SIM1
SIM2
SIM3
SIM4
1
21
22
SIM5
SIM1
SIM2
SIM3
SIM4
1
21
22
SIM5
SIM1
SIM2
SIM3
SIM4
1
21
22
SIM5
SIM1
SIM2
SIM3
SIM4
1
21
22
SIM5
SIM1
SIM2
SIM3
SIM4
1
21
22
SIM5
SIM1
SIM2
SIM3
SIM4
1
21
22
SIM5
SIM1
SIM2
SIM3
SIM4
1
21
22
SIM5
SIM1
SIM2
SIM3
SIM4
1
21
22
SIM5
SIM1
SIM2
SIM3
SIM4
1
21
22
SIM5
SIM1
SIM2
SIM3
SIM4
1
21
22
SIM5
SIM1
SIM2
SIM3
SIM4
1
21
22
SIM5
SIM1
SIM2
DEBUG 1 697
SIM1
SIM2
SIM3
SIM4
1
21
22
SIM5
SIM1
SIM2
SIM3
SIM4
1
21
22
SIM5
SIM1
SIM2
SIM3
SIM4
1
21
22
SIM5
SIM1
SIM2
SIM3
SIM4
1
21
22
SIM5
SIM1
SIM2
SIM3
SIM4
1
21
22
SIM5
SIM1
SIM2
SIM3
SIM4
1
21
22
SIM5
SIM1
SIM2
SIM3
SIM4
1
21
22
SIM5
SIM1
SIM2
SIM3
SIM4
1
21
22
SIM5
SIM1
SIM2
SIM3
SIM4
1
21
22
SIM5
SIM1
SIM2
SIM3
SIM4
1
21
22
SIM5
SIM1
SIM2
SIM3
SIM4
1
21
22
SIM5
SIM1
SIM2
SIM3
SIM4
1
21
22
SIM5
SIM1
SIM2
SIM3
SIM4
1
21
22
SIM5
SIM1
SIM2
SIM3
SIM4
1
21
22
SIM5
SIM1
SIM2
SIM3
SIM4
1
21
22
SIM5
SIM1
SIM2
SIM3
SIM4
1
21
22
SIM5
SIM1
SIM2
SIM3
SIM4
1
21
22
SIM5
SIM1
SIM2
SIM3
SIM4
1
21
22
SIM5
SIM1
SIM2
SIM3
SIM4
1
21
22
SIM5
SIM1
SIM2
SIM3
SIM4
1
21
22
SIM5
SIM1
SIM2
SIM3
SIM4
1
21
22
SIM5
SIM1
SIM2
SIM3
SIM4
1
21
22
SIM5
SIM1
SIM2
SIM3
SIM4
1
21
22
SIM5
SIM1
SIM2
SIM3
SIM4
1
21
22
SIM5
SIM1
SIM2
SIM3
SIM4
1
21
22
SIM5
SIM1
SIM2
SIM3
SIM4
1
21
22
SIM5
SIM1
SIM2
SIM3
SIM4
1
21
22
SIM5
SIM1
SIM2
SIM3
SIM4
1
21
22
SIM5
SIM1
SIM2
SIM3
SIM4
1
21
22
SIM5
SIM1
SIM2
SIM3
SIM4
1
21
22
SIM5
SIM1
SIM2
SIM3
SIM4
1
21
22
SIM5
SIM1
SIM2
SIM3
SIM4
1
21
22
SIM5
SIM1
SIM2
SIM3
SIM4
1
21
22
SIM5
SIM1
SIM2
SIM3
SIM4
1
21
22
SIM5
SIM1
SIM2
SIM3
SIM4
1
21
22
SIM5
SIM1
SIM2
SIM3
SIM4
1
21
22
SIM5
SIM1
SIM2
SIM3
SIM4
1
21
22
SIM5
SIM1
SIM2
SIM3
SIM4
1
21
22
SIM5
SIM1
SIM2
SIM3
SIM4
1
21
22
SIM5
SIM1
SIM2
SIM3
SIM4
1
21
22
SIM5
SIM1
SIM2
SIM3
SIM4
1
21
22
SIM5
SIM1
SIM2
SIM3
SIM4
1
21
22
SIM5
SIM1
SIM2
SIM3
SIM4
1
21
22
SIM5
SIM1
SIM2
SIM3
SIM4
1
21
22
SIM5
SIM1
SIM2
SIM3
SIM4
1
21
22
SIM5
SIM1
SIM2
SIM3
SIM4
1
21
22
SIM5
SIM1
SIM2
SIM3
SIM4
1
21
22
SIM5
SIM1
SIM2
SIM3
SIM4
1
21
22
SIM5
SIM1
SIM2
SIM3
SIM4
1
21
22
SIM5
SIM1
SIM2
SIM3
SIM4
1
21
22
SIM5
SIM1
SIM2
SIM3
SIM4
1
21
22
SIM5
SIM1
SIM2
SIM3
SIM4
1
21
22
SIM5
SIM1
SIM2
SIM3
SIM4
1
21
22
SIM5
SIM1
SIM2
SIM3
SIM4
1
21
22
SIM5
SIM1
SIM2
SIM3
SIM4
1
21
22
SIM5
SIM1
SIM2
SIM3
SIM4
1
21
22
SIM5
SIM1
SIM2
SIM3
SIM4
1
21
22
SIM5
SIM1
SIM2
SIM3
SIM4
1
21
22
SIM5
SIM1
SIM2
SIM3
SIM4
1
21
22
SIM5
SIM1
SIM2
SIM3
SIM4
1
21
22
SIM5
SIM1
SIM2
SIM3
SIM4
1
21
22
SIM5
SIM1
SIM2
SIM3
SIM4
1
21
22
SIM5
SIM1
SIM2
SIM3
SIM4
1
21
22
SIM5
SIM1
SIM2
SIM3
SIM4
1
21
22
SIM5
SIM1
SIM2
SIM3
SIM4
1
21
22
SIM5
SIM1
SIM2
SIM3
SIM4
1
21
22
SIM5
SIM1
SIM2
SIM3
SIM4
1
21
22
SIM5
SIM1
SIM2
SIM3
SIM4
1
21
22
SIM5
SIM1
SIM2
SIM3
SIM4
1
21
22
SIM5
SIM1
SIM2
SIM3
SIM4
1
21
22
SIM5
SIM1
SIM2
SIM3
SIM4
1
21
22
SIM5
SIM1
SIM2
SIM3
SIM4
1
21
22
SIM5
SIM1
SIM2
SIM3
SIM4
1
21
22
SIM5
SIM1
SIM2
SIM3
SIM4
1
21
22
SIM5
SIM1
SIM2
SIM3
SIM4
1
21
22
SIM5
SIM1
SIM2
SIM3
SIM4
1
21
22
SIM5
SIM1
SIM2
SIM3
SIM4
1
21
22
SIM5
SIM1
SIM2
SIM3
SIM4
1
21
22
SIM5
SIM1
SIM2
SIM3
SIM4
1
21
22
SIM5
SIM1
SIM2
SIM3
SIM4
1
21
22
SIM5
SIM1
SIM2
SIM3
SIM4
1
21
22
SIM5
SIM1
SIM2
SIM3
SIM4
1
21
22
SIM5
SIM1
SIM2
SIM3
SIM4
1
21
22
SIM5
SIM1
SIM2
SIM3
SIM4
1
21
22
SIM5
SIM1
SIM2
SIM3
SIM4
1
21
22
SIM5
SIM1
SIM2
SIM3
SIM4
1
21
22
SIM5
SIM1
SIM2
SIM3
SIM4
1
21
22
SIM5
SIM1
SIM2
SIM3
SIM4
1
21
22
SIM5
SIM1
SIM2
SIM3
SIM4
1
21
22
SIM5
SIM1
SIM2
SIM3
SIM4
1
21
22
SIM5
SIM1
SIM2
SIM3
SIM4
1
21
22
SIM5
SIM1
SIM2
SIM3
SIM4
1
21
22
SIM5
SIM1
SIM2
SIM3
SIM4
1
21
22
SIM5
SIM1
SIM2
SIM3
SIM4
1
21
22
SIM5
SIM1
SIM2
SIM3
SIM4
1
21
22
SIM5
SIM1
SIM2
SIM3
SIM4
1
21
22
SIM5
SIM1
SIM2
SIM3
SIM4
1
21
22
SIM5
SIM1
SIM2
SIM3
SIM4
1
21
22
SIM5
SIM1
SIM2
SIM3
SIM4
1
21
22
SIM5
SIM1
SIM2
SIM3
SIM4
1
21
22
SIM5
SIM1
SIM2
SIM3
SIM4
1
21
22
SIM5
SIM1
SIM2
SIM3
SIM4
1
21
22
SIM5
SIM1
SIM2
SIM3
SIM4
1
21
22
SIM5
SIM1
SIM2
SIM3
SIM4
1
21
22
SIM5
SIM1
SIM2
SIM3
SIM4
1
21
22
SIM5
SIM1
SIM2
SIM3
SIM4
1
21
22
SIM5
SIM1
SIM2
SIM3
SIM4
1
21
22
SIM5
SIM1
SIM2
SIM3
SIM4
1
21
22
SIM5
SIM1
SIM2
SIM3
SIM4
1
21
22
SIM5
SIM1
SIM2
SIM3
SIM4
1
21
22
SIM5
SIM1
SIM2
SIM3
SIM4
1
21
22
SIM5
SIM1
SIM2
SIM3
SIM4
1
21
22
SIM5
SIM1
SIM2
SIM3
SIM4
1
21
22
SIM5
SIM1
SIM2
SIM3
SIM4
1
21
22
SIM5
SIM1
SIM2
SIM3
SIM4
1
21
22
SIM5
SIM1
SIM2
SIM3
SIM4
1
21
22
SIM5
SIM1
SIM2
SIM3
SIM4
1
21
22
SIM5
SIM1
SIM2
SIM3
SIM4
1
21
22
SIM5
SIM1
SIM2
SIM3
SIM4
1
21
22
SIM5
SIM1
SIM2
SIM3
SIM4
1
21
22
SIM5
SIM1
SIM2
SIM3
SIM4
1
21
22
SIM5
SIM1
SIM2
SIM3
SIM4
1
21
22
SIM5
SIM1
SIM2
SIM3
SIM4
1
21
22
SIM5
SIM1
SIM2
SIM3
SIM4
1
21
22
SIM5
SIM1
SIM2
SIM3
SIM4
1
21
22
SIM5
SIM1
SIM2
SIM3
SIM4
1
21
22
SIM5
SIM1
SIM2
SIM3
SIM4
1
21
22
SIM5
SIM1
SIM2
SIM3
SIM4
1
21
22
SIM5
SIM1
SIM2
SIM3
SIM4
1
21
22
SIM5
SIM1
SIM2
SIM3
SIM4
1
21
22
SIM5
SIM1
SIM2
SIM3
SIM4
1
21
22
SIM5
SIM1
SIM2
SIM3
SIM4
1
21
22
SIM5
SIM1
SIM2
SIM3
SIM4
1
21
22
SIM5
SIM1
SIM2
SIM3
SIM4
1
21
22
SIM5
SIM1
SIM2
SIM3
SIM4
1
21
22
SIM5
SIM1
SIM2
SIM3
SIM4
1
21
22
SIM5
SIM1
SIM2
SIM3
SIM4
1
21
22
SIM5
SIM1
SIM2
SIM3
SIM4
1
21
22
SIM5
SIM1
SIM2
SIM3
SIM4
1
21
22
SIM5
SIM1
SIM2
SIM3
SIM4
1
21
22
SIM5
SIM1
SIM2
SIM3
SIM4
1
21
22
SIM5
SIM1
SIM2
SIM3
SIM4
1
21
22
SIM5
SIM1
SIM2
SIM3
SIM4
1
21
22
SIM5
SIM1
SIM2
SIM3
SIM4
1
21
22
SIM5
SIM1
SIM2
SIM3
SIM4
1
21
22
SIM5
SIM1
SIM2
SIM3
SIM4
1
21
22
SIM5
SIM1
SIM2
SIM3
SIM4
1
21
22
SIM5
SIM1
SIM2
SIM3
SIM4
1
21
22
SIM5
SIM1
SIM2
SIM3
SIM4
1
21
22
SIM5
SIM1
SIM2
SIM3
SIM4
1
21
22
SIM5
SIM1
SIM2
SIM3
SIM4
1
21
22
SIM5
SIM1
SIM2
SIM3
SIM4
1
21
22
SIM5
SIM1
SIM2
SIM3
SIM4
1
21
22
SIM5
SIM1
SIM2
SIM3
SIM4
1
21
22
SIM5
SIM1
SIM2
SIM3
SIM4
1
21
22
SIM5
SIM1
SIM2
SIM3
SIM4
1
21
22
SIM5
SIM1
SIM2
SIM3
SIM4
1
21
22
SIM5
SIM1
SIM2
SIM3
SIM4
1
21
22
SIM5
SIM1
SIM2
SIM3
SIM4
1
21
22
SIM5
SIM1
SIM2
DEBUG 1 698
SIM1
SIM2
SIM3
SIM4
1
21
22
SIM5
SIM1
SIM2
SIM3
SIM4
1
21
22
SIM5
SIM1
SIM2
SIM3
SIM4
1
21
22
SIM5
SIM1
SIM2
SIM3
SIM4
1
21
22
SIM5
SIM1
SIM2
SIM3
SIM4
1
21
22
SIM5
SIM1
SIM2
SIM3
SIM4
1
21
22
SIM5
SIM1
SIM2
SIM3
SIM4
1
21
22
SIM5
SIM1
SIM2
SIM3
SIM4
1
21
22
SIM5
SIM1
SIM2
SIM3
SIM4
1
21
22
SIM5
SIM1
SIM2
SIM3
SIM4
1
21
22
SIM5
SIM1
SIM2
SIM3
SIM4
1
21
22
SIM5
SIM1
SIM2
SIM3
SIM4
1
21
22
SIM5
SIM1
SIM2
SIM3
SIM4
1
21
22
SIM5
SIM1
SIM2
SIM3
SIM4
1
21
22
SIM5
SIM1
SIM2
SIM3
SIM4
1
21
22
SIM5
SIM1
SIM2
SIM3
SIM4
1
21
22
SIM5
SIM1
SIM2
SIM3
SIM4
1
21
22
SIM5
SIM1
SIM2
SIM3
SIM4
1
21
22
SIM5
SIM1
SIM2
SIM3
SIM4
1
21
22
SIM5
SIM1
SIM2
SIM3
SIM4
1
21
22
SIM5
SIM1
SIM2
SIM3
SIM4
1
21
22
SIM5
SIM1
SIM2
SIM3
SIM4
1
21
22
SIM5
SIM1
SIM2
SIM3
SIM4
1
21
22
SIM5
SIM1
SIM2
SIM3
SIM4
1
21
22
SIM5
SIM1
SIM2
SIM3
SIM4
1
21
22
SIM5
SIM1
SIM2
SIM3
SIM4
1
21
22
SIM5
SIM1
SIM2
SIM3
SIM4
1
21
22
SIM5
SIM1
SIM2
SIM3
SIM4
1
21
22
SIM5
SIM1
SIM2
SIM3
SIM4
1
21
22
SIM5
SIM1
SIM2
SIM3
SIM4
1
21
22
SIM5
SIM1
SIM2
SIM3
SIM4
1
21
22
SIM5
SIM1
SIM2
SIM3
SIM4
1
21
22
SIM5
SIM1
SIM2
SIM3
SIM4
1
21
22
SIM5
SIM1
SIM2
SIM3
SIM4
1
21
22
SIM5
SIM1
SIM2
SIM3
SIM4
1
21
22
SIM5
SIM1
SIM2
SIM3
SIM4
1
21
22
SIM5
SIM1
SIM2
SIM3
SIM4
1
21
22
SIM5
SIM1
SIM2
SIM3
SIM4
1
21
22
SIM5
SIM1
SIM2
SIM3
SIM4
1
21
22
SIM5
SIM1
SIM2
SIM3
SIM4
1
21
22
SIM5
SIM1
SIM2
SIM3
SIM4
1
21
22
SIM5
SIM1
SIM2
SIM3
SIM4
1
21
22
SIM5
SIM1
SIM2
SIM3
SIM4
1
21
22
SIM5
SIM1
SIM2
SIM3
SIM4
1
21
22
SIM5
SIM1
SIM2
SIM3
SIM4
1
21
22
SIM5
SIM1
SIM2
SIM3
SIM4
1
21
22
SIM5
SIM1
SIM2
SIM3
SIM4
1
21
22
SIM5
SIM1
SIM2
SIM3
SIM4
1
21
22
SIM5
SIM1
SIM2
SIM3
SIM4
1
21
22
SIM5
SIM1
SIM2
SIM3
SIM4
1
21
22
SIM5
SIM1
SIM2
SIM3
SIM4
1
21
22
SIM5
SIM1
SIM2
SIM3
SIM4
1
21
22
SIM5
SIM1
SIM2
SIM3
SIM4
1
21
22
SIM5
SIM1
SIM2
SIM3
SIM4
1
21
22
SIM5
SIM1
SIM2
SIM3
SIM4
1
21
22
SIM5
SIM1
SIM2
SIM3
SIM4
1
21
22
SIM5
SIM1
SIM2
SIM3
SIM4
1
21
22
SIM5
SIM1
SIM2
SIM3
SIM4
1
21
22
SIM5
SIM1
SIM2
SIM3
SIM4
1
21
22
SIM5
SIM1
SIM2
SIM3
SIM4
1
21
22
SIM5
SIM1
SIM2
SIM3
SIM4
1
21
22
SIM5
SIM1
SIM2
SIM3
SIM4
1
21
22
SIM5
SIM1
SIM2
SIM3
SIM4
1
21
22
SIM5
SIM1
SIM2
SIM3
SIM4
1
21
22
SIM5
SIM1
SIM2
SIM3
SIM4
1
21
22
SIM5
SIM1
SIM2
SIM3
SIM4
1
21
22
SIM5
SIM1
SIM2
SIM3
SIM4
1
21
22
SIM5
SIM1
SIM2
SIM3
SIM4
1
21
22
SIM5
SIM1
SIM2
SIM3
SIM4
1
21
22
SIM5
SIM1
SIM2
SIM3
SIM4
1
21
22
SIM5
SIM1
SIM2
SIM3
SIM4
1
21
22
SIM5
SIM1
SIM2
SIM3
SIM4
1
21
22
SIM5
SIM1
SIM2
SIM3
SIM4
1
21
22
SIM5
SIM1
SIM2
SIM3
SIM4
1
21
22
SIM5
SIM1
SIM2
SIM3
SIM4
1
21
22
SIM5
SIM1
SIM2
SIM3
SIM4
1
21
22
SIM5
SIM1
SIM2
SIM3
SIM4
1
21
22
SIM5
SIM1
SIM2
SIM3
SIM4
1
21
22
SIM5
SIM1
SIM2
SIM3
SIM4
1
21
22
SIM5
SIM1
SIM2
SIM3
SIM4
1
21
22
SIM5
SIM1
SIM2
SIM3
SIM4
1
21
22
SIM5
SIM1
SIM2
SIM3
SIM4
1
21
22
SIM5
SIM1
SIM2
SIM3
SIM4
1
21
22
SIM5
SIM1
SIM2
SIM3
SIM4
1
21
22
SIM5
SIM1
SIM2
SIM3
SIM4
1
21
22
SIM5
SIM1
SIM2
SIM3
SIM4
1
21
22
SIM5
SIM1
SIM2
SIM3
SIM4
1
21
22
SIM5
SIM1
SIM2
SIM3
SIM4
1
21
22
SIM5
SIM1
SIM2
SIM3
SIM4
1
21
22
SIM5
SIM1
SIM2
SIM3
SIM4
1
21
22
SIM5
SIM1
SIM2
SIM3
SIM4
1
21
22
SIM5
SIM1
SIM2
SIM3
SIM4
1
21
22
SIM5
SIM1
SIM2
SIM3
SIM4
1
21
22
SIM5
SIM1
SIM2
SIM3
SIM4
1
21
22
SIM5
SIM1
SIM2
SIM3
SIM4
1
21
22
SIM5
SIM1
SIM2
SIM3
SIM4
1
21
22
SIM5
SIM1
SIM2
SIM3
SIM4
1
21
22
SIM5
SIM1
SIM2
SIM3
SIM4
1
21
22
SIM5
SIM1
SIM2
SIM3
SIM4
1
21
22
SIM5
SIM1
SIM2
SIM3
SIM4
1
21
22
SIM5
SIM1
SIM2
SIM3
SIM4
1
21
22
SIM5
SIM1
SIM2
SIM3
SIM4
1
21
22
SIM5
SIM1
SIM2
SIM3
SIM4
1
21
22
SIM5
SIM1
SIM2
SIM3
SIM4
1
21
22
SIM5
SIM1
SIM2
SIM3
SIM4
1
21
22
SIM5
SIM1
SIM2
SIM3
SIM4
1
21
22
SIM5
SIM1
SIM2
SIM3
SIM4
1
21
22
SIM5
SIM1
SIM2
SIM3
SIM4
1
21
22
SIM5
SIM1
SIM2
SIM3
SIM4
1
21
22
SIM5
SIM1
SIM2
SIM3
SIM4
1
21
22
SIM5
SIM1
SIM2
SIM3
SIM4
1
21
22
SIM5
SIM1
SIM2
SIM3
SIM4
1
21
22
SIM5
SIM1
SIM2
SIM3
SIM4
1
21
22
SIM5
SIM1
SIM2
SIM3
SIM4
1
21
22
SIM5
SIM1
SIM2
SIM3
SIM4
1
21
22
SIM5
SIM1
SIM2
SIM3
SIM4
1
21
22
SIM5
SIM1
SIM2
SIM3
SIM4
1
21
22
SIM5
SIM1
SIM2
SIM3
SIM4
1
21
22
SIM5
SIM1
SIM2
SIM3
SIM4
1
21
22
SIM5
SIM1
SIM2
SIM3
SIM4
1
21
22
SIM5
SIM1
SIM2
SIM3
SIM4
1
21
22
SIM5
SIM1
SIM2
SIM3
SIM4
1
21
22
SIM5
SIM1
SIM2
SIM3
SIM4
1
21
22
SIM5
SIM1
SIM2
SIM3
SIM4
1
21
22
SIM5
SIM1
SIM2
SIM3
SIM4
1
21
22
SIM5
SIM1
SIM2
SIM3
SIM4
1
21
22
SIM5
SIM1
SIM2
SIM3
SIM4
1
21
22
SIM5
SIM1
SIM2
SIM3
SIM4
1
21
22
SIM5
SIM1
SIM2
SIM3
SIM4
1
21
22
SIM5
SIM1
SIM2
SIM3
SIM4
1
21
22
SIM5
SIM1
SIM2
SIM3
SIM4
1
21
22
SIM5
SIM1
SIM2
SIM3
SIM4
1
21
22
SIM5
SIM1
SIM2
SIM3
SIM4
1
21
22
SIM5
SIM1
SIM2
SIM3
SIM4
1
21
22
SIM5
SIM1
SIM2
SIM3
SIM4
1
21
22
SIM5
SIM1
SIM2
SIM3
SIM4
1
21
22
SIM5
SIM1
SIM2
SIM3
SIM4
1
21
22
SIM5
SIM1
SIM2
SIM3
SIM4
1
21
22
SIM5
SIM1
SIM2
SIM3
SIM4
1
21
22
SIM5
SIM1
SIM2
SIM3
SIM4
1
21
22
SIM5
SIM1
SIM2
SIM3
SIM4
1
21
22
SIM5
SIM1
SIM2
SIM3
SIM4
1
21
22
SIM5
SIM1
SIM2
SIM3
SIM4
1
21
22
SIM5
SIM1
SIM2
SIM3
SIM4
1
21
22
SIM5
SIM1
SIM2
SIM3
SIM4
1
21
22
SIM5
SIM1
SIM2
SIM3
SIM4
1
21
22
SIM5
SIM1
SIM2
SIM3
SIM4
1
21
22
SIM5
SIM1
SIM2
SIM3
SIM4
1
21
22
SIM5
SIM1
SIM2
SIM3
SIM4
1
21
22
SIM5
SIM1
SIM2
SIM3
SIM4
1
21
22
SIM5
SIM1
SIM2
SIM3
SIM4
1
21
22
SIM5
SIM1
SIM2
SIM3
SIM4
1
21
22
SIM5
SIM1
SIM2
SIM3
SIM4
1
21
22
SIM5
SIM1
SIM2
SIM3
SIM4
1
21
22
SIM5
SIM1
SIM2
SIM3
SIM4
1
21
22
SIM5
SIM1
SIM2
SIM3
SIM4
1
21
22
SIM5
SIM1
SIM2
SIM3
SIM4
1
21
22
SIM5
SIM1
SIM2
SIM3
SIM4
1
21
22
SIM5
SIM1
SIM2
SIM3
SIM4
1
21
22
SIM5
SIM1
SIM2
SIM3
SIM4
1
21
22
SIM5
SIM1
SIM2
SIM3
SIM4
1
21
22
SIM5
SIM1
SIM2
SIM3
SIM4
1
21
22
SIM5
SIM1
SIM2
SIM3
SIM4
1
21
22
SIM5
SIM1
SIM2
SIM3
SIM4
1
21
22
SIM5
SIM1
SIM2
SIM3
SIM4
1
21
22
SIM5
SIM1
SIM2
SIM3
SIM4
1
21
22
SIM5
SIM1
SIM2
SIM3
SIM4
1
21
22
SIM5
SIM1
SIM2
SIM3
SIM4
1
21
22
SIM5
SIM1
SIM2
SIM3
SIM4
1
21
22
SIM5
SIM1
SIM2
SIM3
SIM4
1
21
22
SIM5
SIM1
SIM2
SIM3
SIM4
1
21
22
SIM5
SIM1
SIM2
SIM3
SIM4
1
21
22
SIM5
SIM1
SIM2
SIM3
SIM4
1
21
22
SIM5
SIM1
SIM2
SIM3
SIM4
1
21
22
SIM5
SIM1
SIM2
SIM3
SIM4
1
21
22
SIM5
SIM1
SIM2
SIM3
SIM4
1
21
22
SIM5
SIM1
SIM2
SIM3
SIM4
1
21
22
SIM5
SIM1
SIM2
SIM3
SIM4
1
21
22
SIM5
SIM1
SIM2
SIM3
SIM4
1
21
22
SIM5
SIM1
SIM2
SIM3
SIM4
1
21
22
SIM5
SIM1
SIM2
SIM3
SIM4
1
21
22
SIM5
SIM1
SIM2
SIM3
SIM4
1
21
22
SIM5
SIM1
SIM2
SIM3
SIM4
1
21
22
SIM5
SIM1
SIM2
SIM3
SIM4
1
21
22
SIM5
SIM1
SIM2
SIM3
SIM4
1
21
22
SIM5
SIM1
SIM2
SIM3
SIM4
1
21
22
SIM5
SIM1
SIM2
SIM3
SIM4
1
21
22
SIM5
SIM1
SIM2
SIM3
SIM4
1
21
22
SIM5
SIM1
SIM2
SIM3
SIM4
1
21
22
SIM5
SIM1
SIM2
SIM3
SIM4
1
21
22
SIM5
SIM1
SIM2
SIM3
SIM4
1
21
22
SIM5
SIM1
SIM2
SIM3
SIM4
1
21
22
SIM5
SIM1
SIM2
SIM3
SIM4
1
21
22
SIM5
SIM1
SIM2
SIM3
SIM4
1
21
22
SIM5
SIM1
SIM2
SIM3
SIM4
1
21
22
SIM5
SIM1
SIM2
SIM3
SIM4
1
21
22
SIM5
SIM1
SIM2
SIM3
SIM4
1
21
22
SIM5
SIM1
SIM2
SIM3
SIM4
1
21
22
SIM5
SIM1
SIM2
SIM3
SIM4
1
21
22
SIM5
SIM1
SIM2
SIM3
SIM4
1
21
22
SIM5
SIM1
SIM2
SIM3
SIM4
1
21
22
SIM5
SIM1
SIM2
SIM3
SIM4
1
21
22
SIM5
SIM1
SIM2
SIM3
SIM4
1
21
22
SIM5
SIM1
SIM2
SIM3
SIM4
1
21
22
SIM5
SIM1
SIM2
SIM3
SIM4
1
21
22
SIM5
SIM1
SIM2
SIM3
SIM4
1
21
22
SIM5
SIM1
SIM2
SIM3
SIM4
1
21
22
SIM5
SIM1
SIM2
SIM3
SIM4
1
21
22
SIM5
SIM1
SIM2
SIM3
SIM4
1
21
22
SIM5
SIM1
SIM2
SIM3
SIM4
1
21
22
SIM5
SIM1
SIM2
SIM3
SIM4
1
21
22
SIM5
SIM1
SIM2
SIM3
SIM4
1
21
22
SIM5
SIM1
SIM2
SIM3
SIM4
1
21
22
SIM5
SIM1
SIM2
SIM3
SIM4
1
21
22
SIM5
SIM1
SIM2
SIM3
SIM4
1
21
22
SIM5
SIM1
SIM2
SIM3
SIM4
1
21
22
SIM5
SIM1
SIM2
SIM3
SIM4
1
21
22
SIM5
SIM1
SIM2
SIM3
SIM4
1
21
22
SIM5
SIM1
SIM2
SIM3
SIM4
1
21
22
SIM5
SIM1
SIM2
SIM3
SIM4
1
21
22
SIM5
SIM1
SIM2
SIM3
SIM4
1
21
22
SIM5
SIM1
SIM2
SIM3
SIM4
1
21
22
SIM5
SIM1
SIM2
SIM3
SIM4
1
21
22
SIM5
SIM1
SIM2
SIM3
SIM4
1
21
22
SIM5
SIM1
SIM2
SIM3
SIM4
1
21
22
SIM5
SIM1
SIM2
SIM3
SIM4
1
21
22
SIM5
SIM1
SIM2
SIM3
SIM4
1
21
22
SIM5
SIM1
SIM2
SIM3
SIM4
1
21
22
SIM5
SIM1
SIM2
DEBUG 1 699
SIM1
SIM2
SIM3
SIM4
1
21
22
SIM5
SIM1
SIM2
SIM3
SIM4
1
21
22
SIM5
SIM1
SIM2
SIM3
SIM4
1
21
22
SIM5
SIM1
SIM2
SIM3
SIM4
1
21
22
SIM5
SIM1
SIM2
SIM3
SIM4
1
21
22
SIM5
SIM1
SIM2
SIM3
SIM4
1
21
22
SIM5
SIM1
SIM2
SIM3
SIM4
1
21
22
SIM5
SIM1
SIM2
SIM3
SIM4
1
21
22
SIM5
SIM1
SIM2
SIM3
SIM4
1
21
22
SIM5
SIM1
SIM2
SIM3
SIM4
1
21
22
SIM5
SIM1
SIM2
SIM3
SIM4
1
21
22
SIM5
SIM1
SIM2
SIM3
SIM4
1
21
22
SIM5
SIM1
SIM2
SIM3
SIM4
1
21
22
SIM5
SIM1
SIM2
SIM3
SIM4
1
21
22
SIM5
SIM1
SIM2
SIM3
SIM4
1
21
22
SIM5
SIM1
SIM2
SIM3
SIM4
1
21
22
SIM5
SIM1
SIM2
SIM3
SIM4
1
21
22
SIM5
SIM1
SIM2
SIM3
SIM4
1
21
22
SIM5
SIM1
SIM2
SIM3
SIM4
1
21
22
SIM5
SIM1
SIM2
SIM3
SIM4
1
21
22
SIM5
SIM1
SIM2
SIM3
SIM4
1
21
22
SIM5
SIM1
SIM2
SIM3
SIM4
1
21
22
SIM5
SIM1
SIM2
SIM3
SIM4
1
21
22
SIM5
SIM1
SIM2
SIM3
SIM4
1
21
22
SIM5
SIM1
SIM2
SIM3
SIM4
1
21
22
SIM5
SIM1
SIM2
SIM3
SIM4
1
21
22
SIM5
SIM1
SIM2
SIM3
SIM4
1
21
22
SIM5
SIM1
SIM2
SIM3
SIM4
1
21
22
SIM5
SIM1
SIM2
SIM3
SIM4
1
21
22
SIM5
SIM1
SIM2
SIM3
SIM4
1
21
22
SIM5
SIM1
SIM2
SIM3
SIM4
1
21
22
SIM5
SIM1
SIM2
SIM3
SIM4
1
21
22
SIM5
SIM1
SIM2
SIM3
SIM4
1
21
22
SIM5
SIM1
SIM2
SIM3
SIM4
1
21
22
SIM5
SIM1
SIM2
SIM3
SIM4
1
21
22
SIM5
SIM1
SIM2
SIM3
SIM4
1
21
22
SIM5
SIM1
SIM2
SIM3
SIM4
1
21
22
SIM5
SIM1
SIM2
SIM3
SIM4
1
21
22
SIM5
SIM1
SIM2
SIM3
SIM4
1
21
22
SIM5
SIM1
SIM2
SIM3
SIM4
1
21
22
SIM5
SIM1
SIM2
SIM3
SIM4
1
21
22
SIM5
SIM1
SIM2
SIM3
SIM4
1
21
22
SIM5
SIM1
SIM2
SIM3
SIM4
1
21
22
SIM5
SIM1
SIM2
SIM3
SIM4
1
21
22
SIM5
SIM1
SIM2
SIM3
SIM4
1
21
22
SIM5
SIM1
SIM2
SIM3
SIM4
1
21
22
SIM5
SIM1
SIM2
SIM3
SIM4
1
21
22
SIM5
SIM1
SIM2
SIM3
SIM4
1
21
22
SIM5
SIM1
SIM2
SIM3
SIM4
1
21
22
SIM5
SIM1
SIM2
SIM3
SIM4
1
21
22
SIM5
SIM1
SIM2
SIM3
SIM4
1
21
22
SIM5
SIM1
SIM2
SIM3
SIM4
1
21
22
SIM5
SIM1
SIM2
SIM3
SIM4
1
21
22
SIM5
SIM1
SIM2
SIM3
SIM4
1
21
22
SIM5
SIM1
SIM2
SIM3
SIM4
1
21
22
SIM5
SIM1
SIM2
SIM3
SIM4
1
21
22
SIM5
SIM1
SIM2
SIM3
SIM4
1
21
22
SIM5
SIM1
SIM2
SIM3
SIM4
1
21
22
SIM5
SIM1
SIM2
SIM3
SIM4
1
21
22
SIM5
SIM1
SIM2
SIM3
SIM4
1
21
22
SIM5
SIM1
SIM2
SIM3
SIM4
1
21
22
SIM5
SIM1
SIM2
SIM3
SIM4
1
21
22
SIM5
SIM1
SIM2
SIM3
SIM4
1
21
22
SIM5
SIM1
SIM2
SIM3
SIM4
1
21
22
SIM5
SIM1
SIM2
SIM3
SIM4
1
21
22
SIM5
SIM1
SIM2
SIM3
SIM4
1
21
22
SIM5
SIM1
SIM2
SIM3
SIM4
1
21
22
SIM5
SIM1
SIM2
SIM3
SIM4
1
21
22
SIM5
SIM1
SIM2
SIM3
SIM4
1
21
22
SIM5
SIM1
SIM2
SIM3
SIM4
1
21
22
SIM5
SIM1
SIM2
SIM3
SIM4
1
21
22
SIM5
SIM1
SIM2
SIM3
SIM4
1
21
22
SIM5
SIM1
SIM2
SIM3
SIM4
1
21
22
SIM5
SIM1
SIM2
SIM3
SIM4
1
21
22
SIM5
SIM1
SIM2
SIM3
SIM4
1
21
22
SIM5
SIM1
SIM2
SIM3
SIM4
1
21
22
SIM5
SIM1
SIM2
SIM3
SIM4
1
21
22
SIM5
SIM1
SIM2
SIM3
SIM4
1
21
22
SIM5
SIM1
SIM2
SIM3
SIM4
1
21
22
SIM5
SIM1
SIM2
SIM3
SIM4
1
21
22
SIM5
SIM1
SIM2
SIM3
SIM4
1
21
22
SIM5
SIM1
SIM2
SIM3
SIM4
1
21
22
SIM5
SIM1
SIM2
SIM3
SIM4
1
21
22
SIM5
SIM1
SIM2
SIM3
SIM4
1
21
22
SIM5
SIM1
SIM2
SIM3
SIM4
1
21
22
SIM5
SIM1
SIM2
SIM3
SIM4
1
21
22
SIM5
SIM1
SIM2
SIM3
SIM4
1
21
22
SIM5
SIM1
SIM2
SIM3
SIM4
1
21
22
SIM5
SIM1
SIM2
SIM3
SIM4
1
21
22
SIM5
SIM1
SIM2
SIM3
SIM4
1
21
22
SIM5
SIM1
SIM2
SIM3
SIM4
1
21
22
SIM5
SIM1
SIM2
SIM3
SIM4
1
21
22
SIM5
SIM1
SIM2
SIM3
SIM4
1
21
22
SIM5
SIM1
SIM2
SIM3
SIM4
1
21
22
SIM5
SIM1
SIM2
SIM3
SIM4
1
21
22
SIM5
SIM1
SIM2
SIM3
SIM4
1
21
22
SIM5
SIM1
SIM2
SIM3
SIM4
1
21
22
SIM5
SIM1
SIM2
SIM3
SIM4
1
21
22
SIM5
SIM1
SIM2
SIM3
SIM4
1
21
22
SIM5
SIM1
SIM2
SIM3
SIM4
1
21
22
SIM5
SIM1
SIM2
SIM3
SIM4
1
21
22
SIM5
SIM1
SIM2
SIM3
SIM4
1
21
22
SIM5
SIM1
SIM2
SIM3
SIM4
1
21
22
SIM5
SIM1
SIM2
SIM3
SIM4
1
21
22
SIM5
SIM1
SIM2
SIM3
SIM4
1
21
22
SIM5
SIM1
SIM2
SIM3
SIM4
1
21
22
SIM5
SIM1
SIM2
SIM3
SIM4
1
21
22
SIM5
SIM1
SIM2
SIM3
SIM4
1
21
22
SIM5
SIM1
SIM2
SIM3
SIM4
1
21
22
SIM5
SIM1
SIM2
SIM3
SIM4
1
21
22
SIM5
SIM1
SIM2
SIM3
SIM4
1
21
22
SIM5
SIM1
SIM2
SIM3
SIM4
1
21
22
SIM5
SIM1
SIM2
SIM3
SIM4
1
21
22
SIM5
SIM1
SIM2
SIM3
SIM4
1
21
22
SIM5
SIM1
SIM2
SIM3
SIM4
1
21
22
SIM5
SIM1
SIM2
SIM3
SIM4
1
21
22
SIM5
SIM1
SIM2
SIM3
SIM4
1
21
22
SIM5
SIM1
SIM2
SIM3
SIM4
1
21
22
SIM5
SIM1
SIM2
SIM3
SIM4
1
21
22
SIM5
SIM1
SIM2
SIM3
SIM4
1
21
22
SIM5
SIM1
SIM2
SIM3
SIM4
1
21
22
SIM5
SIM1
SIM2
SIM3
SIM4
1
21
22
SIM5
SIM1
SIM2
SIM3
SIM4
1
21
22
SIM5
SIM1
SIM2
SIM3
SIM4
1
21
22
SIM5
SIM1
SIM2
SIM3
SIM4
1
21
22
SIM5
SIM1
SIM2
SIM3
SIM4
1
21
22
SIM5
SIM1
SIM2
SIM3
SIM4
1
21
22
SIM5
SIM1
SIM2
SIM3
SIM4
1
21
22
SIM5
SIM1
SIM2
SIM3
SIM4
1
21
22
SIM5
SIM1
SIM2
SIM3
SIM4
1
21
22
SIM5
SIM1
SIM2
SIM3
SIM4
1
21
22
SIM5
SIM1
SIM2
SIM3
SIM4
1
21
22
SIM5
SIM1
SIM2
SIM3
SIM4
1
21
22
SIM5
SIM1
SIM2
SIM3
SIM4
1
21
22
SIM5
SIM1
SIM2
SIM3
SIM4
1
21
22
SIM5
SIM1
SIM2
SIM3
SIM4
1
21
22
SIM5
SIM1
SIM2
SIM3
SIM4
1
21
22
SIM5
SIM1
SIM2
SIM3
SIM4
1
21
22
SIM5
SIM1
SIM2
SIM3
SIM4
1
21
22
SIM5
SIM1
SIM2
SIM3
SIM4
1
21
22
SIM5
SIM1
SIM2
SIM3
SIM4
1
21
22
SIM5
SIM1
SIM2
SIM3
SIM4
1
21
22
SIM5
SIM1
SIM2
SIM3
SIM4
1
21
22
SIM5
SIM1
SIM2
SIM3
SIM4
1
21
22
SIM5
SIM1
SIM2
SIM3
SIM4
1
21
22
SIM5
SIM1
SIM2
SIM3
SIM4
1
21
22
SIM5
SIM1
SIM2
SIM3
SIM4
1
21
22
SIM5
SIM1
SIM2
SIM3
SIM4
1
21
22
SIM5
SIM1
SIM2
SIM3
SIM4
1
21
22
SIM5
SIM1
SIM2
SIM3
SIM4
1
21
22
SIM5
SIM1
SIM2
SIM3
SIM4
1
21
22
SIM5
SIM1
SIM2
SIM3
SIM4
1
21
22
SIM5
SIM1
SIM2
SIM3
SIM4
1
21
22
SIM5
SIM1
SIM2
SIM3
SIM4
1
21
22
SIM5
SIM1
SIM2
SIM3
SIM4
1
21
22
SIM5
SIM1
SIM2
SIM3
SIM4
1
21
22
SIM5
SIM1
SIM2
SIM3
SIM4
1
21
22
SIM5
SIM1
SIM2
SIM3
SIM4
1
21
22
SIM5
SIM1
SIM2
SIM3
SIM4
1
21
22
SIM5
SIM1
SIM2
SIM3
SIM4
1
21
22
SIM5
SIM1
SIM2
SIM3
SIM4
1
21
22
SIM5
SIM1
SIM2
SIM3
SIM4
1
21
22
SIM5
SIM1
SIM2
SIM3
SIM4
1
21
22
SIM5
SIM1
SIM2
SIM3
SIM4
1
21
22
SIM5
SIM1
SIM2
SIM3
SIM4
1
21
22
SIM5
SIM1
SIM2
SIM3
SIM4
1
21
22
SIM5
SIM1
SIM2
SIM3
SIM4
1
21
22
SIM5
SIM1
SIM2
SIM3
SIM4
1
21
22
SIM5
SIM1
SIM2
SIM3
SIM4
1
21
22
SIM5
SIM1
SIM2
SIM3
SIM4
1
21
22
SIM5
SIM1
SIM2
SIM3
SIM4
1
21
22
SIM5
SIM1
SIM2
SIM3
SIM4
1
21
22
SIM5
SIM1
SIM2
SIM3
SIM4
1
21
22
SIM5
SIM1
SIM2
SIM3
SIM4
1
21
22
SIM5
SIM1
SIM2
SIM3
SIM4
1
21
22
SIM5
SIM1
SIM2
SIM3
SIM4
1
21
22
SIM5
SIM1
SIM2
SIM3
SIM4
1
21
22
SIM5
SIM1
SIM2
SIM3
SIM4
1
21
22
SIM5
SIM1
SIM2
SIM3
SIM4
1
21
22
SIM5
SIM1
SIM2
SIM3
SIM4
1
21
22
SIM5
SIM1
SIM2
SIM3
SIM4
1
21
22
SIM5
SIM1
SIM2
SIM3
SIM4
1
21
22
SIM5
SIM1
SIM2
SIM3
SIM4
1
21
22
SIM5
SIM1
SIM2
SIM3
SIM4
1
21
22
SIM5
SIM1
SIM2
SIM3
SIM4
1
21
22
SIM5
SIM1
SIM2
SIM3
SIM4
1
21
22
SIM5
SIM1
SIM2
SIM3
SIM4
1
21
22
SIM5
SIM1
SIM2
SIM3
SIM4
1
21
22
SIM5
SIM1
SIM2
SIM3
SIM4
1
21
22
SIM5
SIM1
SIM2
DEBUG 1 700
SIM1
SIM2
SIM3
SIM4
1
21
22
SIM5
SIM1
SIM2
SIM3
SIM4
1
21
22
SIM5
SIM1
SIM2
SIM3
SIM4
1
21
22
SIM5
SIM1
SIM2
SIM3
SIM4
1
21
22
SIM5
SIM1
SIM2
SIM3
SIM4
1
21
22
SIM5
SIM1
SIM2
SIM3
SIM4
1
21
22
SIM5
SIM1
SIM2
SIM3
SIM4
1
21
22
SIM5
SIM1
SIM2
SIM3
SIM4
1
21
22
SIM5
SIM1
SIM2
SIM3
SIM4
1
21
22
SIM5
SIM1
SIM2
SIM3
SIM4
1
21
22
SIM5
SIM1
SIM2
SIM3
SIM4
1
21
22
SIM5
SIM1
SIM2
SIM3
SIM4
1
21
22
SIM5
SIM1
SIM2
SIM3
SIM4
1
21
22
SIM5
SIM1
SIM2
SIM3
SIM4
1
21
22
SIM5
SIM1
SIM2
SIM3
SIM4
1
21
22
SIM5
SIM1
SIM2
SIM3
SIM4
1
21
22
SIM5
SIM1
SIM2
SIM3
SIM4
1
21
22
SIM5
SIM1
SIM2
SIM3
SIM4
1
21
22
SIM5
SIM1
SIM2
SIM3
SIM4
1
21
22
SIM5
SIM1
SIM2
SIM3
SIM4
1
21
22
SIM5
SIM1
SIM2
SIM3
SIM4
1
21
22
SIM5
SIM1
SIM2
SIM3
SIM4
1
21
22
SIM5
SIM1
SIM2
SIM3
SIM4
1
21
22
SIM5
SIM1
SIM2
SIM3
SIM4
1
21
22
SIM5
SIM1
SIM2
SIM3
SIM4
1
21
22
SIM5
SIM1
SIM2
SIM3
SIM4
1
21
22
SIM5
SIM1
SIM2
SIM3
SIM4
1
21
22
SIM5
SIM1
SIM2
SIM3
SIM4
1
21
22
SIM5
SIM1
SIM2
SIM3
SIM4
1
21
22
SIM5
SIM1
SIM2
SIM3
SIM4
1
21
22
SIM5
SIM1
SIM2
SIM3
SIM4
1
21
22
SIM5
SIM1
SIM2
SIM3
SIM4
1
21
22
SIM5
SIM1
SIM2
SIM3
SIM4
1
21
22
SIM5
SIM1
SIM2
SIM3
SIM4
1
21
22
SIM5
SIM1
SIM2
SIM3
SIM4
1
21
22
SIM5
SIM1
SIM2
SIM3
SIM4
1
21
22
SIM5
SIM1
SIM2
SIM3
SIM4
1
21
22
SIM5
SIM1
SIM2
SIM3
SIM4
1
21
22
SIM5
SIM1
SIM2
SIM3
SIM4
1
21
22
SIM5
SIM1
SIM2
SIM3
SIM4
1
21
22
SIM5
SIM1
SIM2
SIM3
SIM4
1
21
22
SIM5
SIM1
SIM2
SIM3
SIM4
1
21
22
SIM5
SIM1
SIM2
SIM3
SIM4
1
21
22
SIM5
SIM1
SIM2
SIM3
SIM4
1
21
22
SIM5
SIM1
SIM2
SIM3
SIM4
1
21
22
SIM5
SIM1
SIM2
SIM3
SIM4
1
21
22
SIM5
SIM1
SIM2
SIM3
SIM4
1
21
22
SIM5
SIM1
SIM2
SIM3
SIM4
1
21
22
SIM5
SIM1
SIM2
SIM3
SIM4
1
21
22
SIM5
SIM1
SIM2
SIM3
SIM4
1
21
22
SIM5
SIM1
SIM2
SIM3
SIM4
1
21
22
SIM5
SIM1
SIM2
SIM3
SIM4
1
21
22
SIM5
SIM1
SIM2
SIM3
SIM4
1
21
22
SIM5
SIM1
SIM2
SIM3
SIM4
1
21
22
SIM5
SIM1
SIM2
SIM3
SIM4
1
21
22
SIM5
SIM1
SIM2
SIM3
SIM4
1
21
22
SIM5
SIM1
SIM2
SIM3
SIM4
1
21
22
SIM5
SIM1
SIM2
SIM3
SIM4
1
21
22
SIM5
SIM1
SIM2
SIM3
SIM4
1
21
22
SIM5
SIM1
SIM2
SIM3
SIM4
1
21
22
SIM5
SIM1
SIM2
SIM3
SIM4
1
21
22
SIM5
SIM1
SIM2
SIM3
SIM4
1
21
22
SIM5
SIM1
SIM2
SIM3
SIM4
1
21
22
SIM5
SIM1
SIM2
SIM3
SIM4
1
21
22
SIM5
SIM1
SIM2
SIM3
SIM4
1
21
22
SIM5
SIM1
SIM2
SIM3
SIM4
1
21
22
SIM5
SIM1
SIM2
SIM3
SIM4
1
21
22
SIM5
SIM1
SIM2
SIM3
SIM4
1
21
22
SIM5
SIM1
SIM2
SIM3
SIM4
1
21
22
SIM5
SIM1
SIM2
SIM3
SIM4
1
21
22
SIM5
SIM1
SIM2
SIM3
SIM4
1
21
22
SIM5
SIM1
SIM2
SIM3
SIM4
1
21
22
SIM5
SIM1
SIM2
SIM3
SIM4
1
21
22
SIM5
SIM1
SIM2
SIM3
SIM4
1
21
22
SIM5
SIM1
SIM2
SIM3
SIM4
1
21
22
SIM5
SIM1
SIM2
SIM3
SIM4
1
21
22
SIM5
SIM1
SIM2
SIM3
SIM4
1
21
22
SIM5
SIM1
SIM2
SIM3
SIM4
1
21
22
SIM5
SIM1
SIM2
SIM3
SIM4
1
21
22
SIM5
SIM1
SIM2
SIM3
SIM4
1
21
22
SIM5
SIM1
SIM2
SIM3
SIM4
1
21
22
SIM5
SIM1
SIM2
SIM3
SIM4
1
21
22
SIM5
SIM1
SIM2
SIM3
SIM4
1
21
22
SIM5
SIM1
SIM2
SIM3
SIM4
1
21
22
SIM5
SIM1
SIM2
SIM3
SIM4
1
21
22
SIM5
SIM1
SIM2
SIM3
SIM4
1
21
22
SIM5
SIM1
SIM2
SIM3
SIM4
1
21
22
SIM5
SIM1
SIM2
SIM3
SIM4
1
21
22
SIM5
SIM1
SIM2
SIM3
SIM4
1
21
22
SIM5
SIM1
SIM2
SIM3
SIM4
1
21
22
SIM5
SIM1
SIM2
SIM3
SIM4
1
21
22
SIM5
SIM1
SIM2
SIM3
SIM4
1
21
22
SIM5
SIM1
SIM2
SIM3
SIM4
1
21
22
SIM5
SIM1
SIM2
SIM3
SIM4
1
21
22
SIM5
SIM1
SIM2
SIM3
SIM4
1
21
22
SIM5
SIM1
SIM2
SIM3
SIM4
1
21
22
SIM5
SIM1
SIM2
SIM3
SIM4
1
21
22
SIM5
SIM1
SIM2
SIM3
SIM4
1
21
22
SIM5
SIM1
SIM2
SIM3
SIM4
1
21
22
SIM5
SIM1
SIM2
SIM3
SIM4
1
21
22
SIM5
SIM1
SIM2
SIM3
SIM4
1
21
22
SIM5
SIM1
SIM2
SIM3
SIM4
1
21
22
SIM5
SIM1
SIM2
SIM3
SIM4
1
21
22
SIM5
SIM1
SIM2
SIM3
SIM4
1
21
22
SIM5
SIM1
SIM2
SIM3
SIM4
1
21
22
SIM5
SIM1
SIM2
SIM3
SIM4
1
21
22
SIM5
SIM1
SIM2
SIM3
SIM4
1
21
22
SIM5
SIM1
SIM2
SIM3
SIM4
1
21
22
SIM5
SIM1
SIM2
SIM3
SIM4
1
21
22
SIM5
SIM1
SIM2
SIM3
SIM4
1
21
22
SIM5
SIM1
SIM2
SIM3
SIM4
1
21
22
SIM5
SIM1
SIM2
SIM3
SIM4
1
21
22
SIM5
SIM1
SIM2
SIM3
SIM4
1
21
22
SIM5
SIM1
SIM2
DEBUG 1 701
SIM1
SIM2
SIM3
SIM4
1
21
22
SIM5
SIM1
SIM2
SIM3
SIM4
1
21
22
SIM5
SIM1
SIM2
SIM3
SIM4
1
21
22
SIM5
SIM1
SIM2
SIM3
SIM4
1
21
22
SIM5
SIM1
SIM2
SIM3
SIM4
1
21
22
SIM5
SIM1
SIM2
SIM3
SIM4
1
21
22
SIM5
SIM1
SIM2
SIM3
SIM4
1
21
22
SIM5
SIM1
SIM2
SIM3
SIM4
1
21
22
SIM5
SIM1
SIM2
SIM3
SIM4
1
21
22
SIM5
SIM1
SIM2
SIM3
SIM4
1
21
22
SIM5
SIM1
SIM2
SIM3
SIM4
1
21
22
SIM5
SIM1
SIM2
SIM3
SIM4
1
21
22
SIM5
SIM1
SIM2
SIM3
SIM4
1
21
22
SIM5
SIM1
SIM2
SIM3
SIM4
1
21
22
SIM5
SIM1
SIM2
SIM3
SIM4
1
21
22
SIM5
SIM1
SIM2
SIM3
SIM4
1
21
22
SIM5
SIM1
SIM2
SIM3
SIM4
1
21
22
SIM5
SIM1
SIM2
SIM3
SIM4
1
21
22
SIM5
SIM1
SIM2
SIM3
SIM4
1
21
22
SIM5
SIM1
SIM2
SIM3
SIM4
1
21
22
SIM5
SIM1
SIM2
SIM3
SIM4
1
21
22
SIM5
SIM1
SIM2
SIM3
SIM4
1
21
22
SIM5
SIM1
SIM2
SIM3
SIM4
1
21
22
SIM5
SIM1
SIM2
SIM3
SIM4
1
21
22
SIM5
SIM1
SIM2
SIM3
SIM4
1
21
22
SIM5
SIM1
SIM2
SIM3
SIM4
1
21
22
SIM5
SIM1
SIM2
SIM3
SIM4
1
21
22
SIM5
SIM1
SIM2
SIM3
SIM4
1
21
22
SIM5
SIM1
SIM2
SIM3
SIM4
1
21
22
SIM5
SIM1
SIM2
SIM3
SIM4
1
21
22
SIM5
SIM1
SIM2
SIM3
SIM4
1
21
22
SIM5
SIM1
SIM2
SIM3
SIM4
1
21
22
SIM5
SIM1
SIM2
SIM3
SIM4
1
21
22
SIM5
SIM1
SIM2
SIM3
SIM4
1
21
22
SIM5
SIM1
SIM2
SIM3
SIM4
1
21
22
SIM5
SIM1
SIM2
SIM3
SIM4
1
21
22
SIM5
SIM1
SIM2
SIM3
SIM4
1
21
22
SIM5
SIM1
SIM2
SIM3
SIM4
1
21
22
SIM5
SIM1
SIM2
SIM3
SIM4
1
21
22
SIM5
SIM1
SIM2
SIM3
SIM4
1
21
22
SIM5
SIM1
SIM2
SIM3
SIM4
1
21
22
SIM5
SIM1
SIM2
SIM3
SIM4
1
21
22
SIM5
SIM1
SIM2
SIM3
SIM4
1
21
22
SIM5
SIM1
SIM2
SIM3
SIM4
1
21
22
SIM5
SIM1
SIM2
SIM3
SIM4
1
21
22
SIM5
SIM1
SIM2
SIM3
SIM4
1
21
22
SIM5
SIM1
SIM2
SIM3
SIM4
1
21
22
SIM5
SIM1
SIM2
SIM3
SIM4
1
21
22
SIM5
SIM1
SIM2
SIM3
SIM4
1
21
22
SIM5
SIM1
SIM2
SIM3
SIM4
1
21
22
SIM5
SIM1
SIM2
SIM3
SIM4
1
21
22
SIM5
SIM1
SIM2
SIM3
SIM4
1
21
22
SIM5
SIM1
SIM2
SIM3
SIM4
1
21
22
SIM5
SIM1
SIM2
SIM3
SIM4
1
21
22
SIM5
SIM1
SIM2
SIM3
SIM4
1
21
22
SIM5
SIM1
SIM2
SIM3
SIM4
1
21
22
SIM5
SIM1
SIM2
SIM3
SIM4
1
21
22
SIM5
SIM1
SIM2
SIM3
SIM4
1
21
22
SIM5
SIM1
SIM2
SIM3
SIM4
1
21
22
SIM5
SIM1
SIM2
SIM3
SIM4
1
21
22
SIM5
SIM1
SIM2
SIM3
SIM4
1
21
22
SIM5
SIM1
SIM2
SIM3
SIM4
1
21
22
SIM5
SIM1
SIM2
SIM3
SIM4
1
21
22
SIM5
SIM1
SIM2
SIM3
SIM4
1
21
22
SIM5
SIM1
SIM2
SIM3
SIM4
1
21
22
SIM5
SIM1
SIM2
SIM3
SIM4
1
21
22
SIM5
SIM1
SIM2
SIM3
SIM4
1
21
22
SIM5
SIM1
SIM2
SIM3
SIM4
1
21
22
SIM5
SIM1
SIM2
SIM3
SIM4
1
21
22
SIM5
SIM1
SIM2
SIM3
SIM4
1
21
22
SIM5
SIM1
SIM2
SIM3
SIM4
1
21
22
SIM5
SIM1
SIM2
SIM3
SIM4
1
21
22
SIM5
SIM1
SIM2
SIM3
SIM4
1
21
22
SIM5
SIM1
SIM2
SIM3
SIM4
1
21
22
SIM5
SIM1
SIM2
SIM3
SIM4
1
21
22
SIM5
SIM1
SIM2
SIM3
SIM4
1
21
22
SIM5
SIM1
SIM2
SIM3
SIM4
1
21
22
SIM5
SIM1
SIM2
SIM3
SIM4
1
21
22
SIM5
SIM1
SIM2
SIM3
SIM4
1
21
22
SIM5
SIM1
SIM2
SIM3
SIM4
1
21
22
SIM5
SIM1
SIM2
SIM3
SIM4
1
21
22
SIM5
SIM1
SIM2
SIM3
SIM4
1
21
22
SIM5
SIM1
SIM2
SIM3
SIM4
1
21
22
SIM5
SIM1
SIM2
SIM3
SIM4
1
21
22
SIM5
SIM1
SIM2
SIM3
SIM4
1
21
22
SIM5
SIM1
SIM2
SIM3
SIM4
1
21
22
SIM5
SIM1
SIM2
SIM3
SIM4
1
21
22
SIM5
SIM1
SIM2
SIM3
SIM4
1
21
22
SIM5
SIM1
SIM2
SIM3
SIM4
1
21
22
SIM5
SIM1
SIM2
SIM3
SIM4
1
21
22
SIM5
SIM1
SIM2
SIM3
SIM4
1
21
22
SIM5
SIM1
SIM2
SIM3
SIM4
1
21
22
SIM5
SIM1
SIM2
SIM3
SIM4
1
21
22
SIM5
SIM1
SIM2
SIM3
SIM4
1
21
22
SIM5
SIM1
SIM2
SIM3
SIM4
1
21
22
SIM5
SIM1
SIM2
SIM3
SIM4
1
21
22
SIM5
SIM1
SIM2
SIM3
SIM4
1
21
22
SIM5
SIM1
SIM2
SIM3
SIM4
1
21
22
SIM5
SIM1
SIM2
SIM3
SIM4
1
21
22
SIM5
SIM1
SIM2
SIM3
SIM4
1
21
22
SIM5
SIM1
SIM2
SIM3
SIM4
1
21
22
SIM5
SIM1
SIM2
SIM3
SIM4
1
21
22
SIM5
SIM1
SIM2
SIM3
SIM4
1
21
22
SIM5
SIM1
SIM2
SIM3
SIM4
1
21
22
SIM5
SIM1
SIM2
SIM3
SIM4
1
21
22
SIM5
SIM1
SIM2
SIM3
SIM4
1
21
22
SIM5
SIM1
SIM2
SIM3
SIM4
1
21
22
SIM5
SIM1
SIM2
SIM3
SIM4
1
21
22
SIM5
SIM1
SIM2
SIM3
SIM4
1
21
22
SIM5
SIM1
SIM2
SIM3
SIM4
1
21
22
SIM5
SIM1
SIM2
SIM3
SIM4
1
21
22
SIM5
SIM1
SIM2
SIM3
SIM4
1
21
22
SIM5
SIM1
SIM2
SIM3
SIM4
1
21
22
SIM5
SIM1
SIM2
SIM3
SIM4
1
21
22
SIM5
SIM1
SIM2
SIM3
SIM4
1
21
22
SIM5
SIM1
SIM2
SIM3
SIM4
1
21
22
SIM5
SIM1
SIM2
SIM3
SIM4
1
21
22
SIM5
SIM1
SIM2
SIM3
SIM4
1
21
22
SIM5
SIM1
SIM2
SIM3
SIM4
1
21
22
SIM5
SIM1
SIM2
SIM3
SIM4
1
21
22
SIM5
SIM1
SIM2
SIM3
SIM4
1
21
22
SIM5
SIM1
SIM2
SIM3
SIM4
1
21
22
SIM5
SIM1
SIM2
SIM3
SIM4
1
21
22
SIM5
SIM1
SIM2
SIM3
SIM4
1
21
22
SIM5
SIM1
SIM2
SIM3
SIM4
1
21
22
SIM5
SIM1
SIM2
SIM3
SIM4
1
21
22
SIM5
SIM1
SIM2
SIM3
SIM4
1
21
22
SIM5
SIM1
SIM2
SIM3
SIM4
1
21
22
SIM5
SIM1
SIM2
SIM3
SIM4
1
21
22
SIM5
SIM1
SIM2
SIM3
SIM4
1
21
22
SIM5
SIM1
SIM2
SIM3
SIM4
1
21
22
SIM5
SIM1
SIM2
SIM3
SIM4
1
21
22
SIM5
SIM1
SIM2
SIM3
SIM4
1
21
22
SIM5
SIM1
SIM2
SIM3
SIM4
1
21
22
SIM5
SIM1
SIM2
SIM3
SIM4
1
21
22
SIM5
SIM1
SIM2
SIM3
SIM4
1
21
22
SIM5
SIM1
SIM2
SIM3
SIM4
1
21
22
SIM5
SIM1
SIM2
SIM3
SIM4
1
21
22
SIM5
SIM1
SIM2
SIM3
SIM4
1
21
22
SIM5
SIM1
SIM2
SIM3
SIM4
1
21
22
SIM5
SIM1
SIM2
SIM3
SIM4
1
21
22
SIM5
SIM1
SIM2
SIM3
SIM4
1
21
22
SIM5
SIM1
SIM2
SIM3
SIM4
1
21
22
SIM5
SIM1
SIM2
SIM3
SIM4
1
21
22
SIM5
SIM1
SIM2
SIM3
SIM4
1
21
22
SIM5
SIM1
SIM2
SIM3
SIM4
1
21
22
SIM5
SIM1
SIM2
SIM3
SIM4
1
21
22
SIM5
SIM1
SIM2
SIM3
SIM4
1
21
22
SIM5
SIM1
SIM2
SIM3
SIM4
1
21
22
SIM5
SIM1
SIM2
SIM3
SIM4
1
21
22
SIM5
SIM1
SIM2
SIM3
SIM4
1
21
22
SIM5
SIM1
SIM2
SIM3
SIM4
1
21
22
SIM5
SIM1
SIM2
SIM3
SIM4
1
21
22
SIM5
SIM1
SIM2
SIM3
SIM4
1
21
22
SIM5
SIM1
SIM2
SIM3
SIM4
1
21
22
SIM5
SIM1
SIM2
SIM3
SIM4
1
21
22
SIM5
SIM1
SIM2
SIM3
SIM4
1
21
22
SIM5
SIM1
SIM2
SIM3
SIM4
1
21
22
SIM5
SIM1
SIM2
SIM3
SIM4
1
21
22
SIM5
SIM1
SIM2
SIM3
SIM4
1
21
22
SIM5
SIM1
SIM2
SIM3
SIM4
1
21
22
SIM5
SIM1
SIM2
SIM3
SIM4
1
21
22
SIM5
SIM1
SIM2
SIM3
SIM4
1
21
22
SIM5
SIM1
SIM2
SIM3
SIM4
1
21
22
SIM5
SIM1
SIM2
SIM3
SIM4
1
21
22
SIM5
SIM1
SIM2
SIM3
SIM4
1
21
22
SIM5
SIM1
SIM2
SIM3
SIM4
1
21
22
SIM5
SIM1
SIM2
SIM3
SIM4
1
21
22
SIM5
SIM1
SIM2
SIM3
SIM4
1
21
22
SIM5
SIM1
SIM2
SIM3
SIM4
1
21
22
SIM5
SIM1
SIM2
SIM3
SIM4
1
21
22
SIM5
SIM1
SIM2
SIM3
SIM4
1
21
22
SIM5
SIM1
SIM2
SIM3
SIM4
1
21
22
SIM5
SIM1
SIM2
SIM3
SIM4
1
21
22
SIM5
SIM1
SIM2
SIM3
SIM4
1
21
22
SIM5
SIM1
SIM2
SIM3
SIM4
1
21
22
SIM5
SIM1
SIM2
SIM3
SIM4
1
21
22
SIM5
SIM1
SIM2
SIM3
SIM4
1
21
22
SIM5
SIM1
SIM2
SIM3
SIM4
1
21
22
SIM5
SIM1
SIM2
SIM3
SIM4
1
21
22
SIM5
SIM1
SIM2
SIM3
SIM4
1
21
22
SIM5
SIM1
SIM2
SIM3
SIM4
1
21
22
SIM5
SIM1
SIM2
SIM3
SIM4
1
21
22
SIM5
SIM1
SIM2
SIM3
SIM4
1
21
22
SIM5
SIM1
SIM2
SIM3
SIM4
1
21
22
SIM5
SIM1
SIM2
SIM3
SIM4
1
21
22
SIM5
SIM1
SIM2
SIM3
SIM4
1
21
22
SIM5
SIM1
SIM2
SIM3
SIM4
1
21
22
SIM5
SIM1
SIM2
SIM3
SIM4
1
21
22
SIM5
SIM1
SIM2
SIM3
SIM4
1
21
22
SIM5
SIM1
SIM2
SIM3
SIM4
1
21
22
SIM5
SIM1
SIM2
SIM3
SIM4
1
21
22
SIM5
SIM1
SIM2
SIM3
SIM4
1
21
22
SIM5
SIM1
SIM2
SIM3
SIM4
1
21
22
SIM5
SIM1
SIM2
SIM3
SIM4
1
21
22
SIM5
SIM1
SIM2
SIM3
SIM4
1
21
22
SIM5
SIM1
SIM2
SIM3
SIM4
1
21
22
SIM5
SIM1
SIM2
SIM3
SIM4
1
21
22
SIM5
SIM1
SIM2
SIM3
SIM4
1
21
22
SIM5
SIM1
SIM2
SIM3
SIM4
1
21
22
SIM5
SIM1
SIM2
SIM3
SIM4
1
21
22
SIM5
SIM1
SIM2
SIM3
SIM4
1
21
22
SIM5
SIM1
SIM2
SIM3
SIM4
1
21
22
SIM5
SIM1
SIM2
SIM3
SIM4
1
21
22
SIM5
SIM1
SIM2
SIM3
SIM4
1
21
22
SIM5
SIM1
SIM2
SIM3
SIM4
1
21
22
SIM5
SIM1
SIM2
SIM3
SIM4
1
21
22
SIM5
SIM1
SIM2
SIM3
SIM4
1
21
22
SIM5
SIM1
SIM2
SIM3
SIM4
1
21
22
SIM5
SIM1
SIM2
SIM3
SIM4
1
21
22
SIM5
SIM1
SIM2
DEBUG 1 702
SIM1
SIM2
SIM3
SIM4
1
21
22
SIM5
SIM1
SIM2
SIM3
SIM4
1
21
22
SIM5
SIM1
SIM2
SIM3
SIM4
1
21
22
SIM5
SIM1
SIM2
SIM3
SIM4
1
21
22
SIM5
SIM1
SIM2
SIM3
SIM4
1
21
22
SIM5
SIM1
SIM2
SIM3
SIM4
1
21
22
SIM5
SIM1
SIM2
SIM3
SIM4
1
21
22
SIM5
SIM1
SIM2
SIM3
SIM4
1
21
22
SIM5
SIM1
SIM2
SIM3
SIM4
1
21
22
SIM5
SIM1
SIM2
SIM3
SIM4
1
21
22
SIM5
SIM1
SIM2
SIM3
SIM4
1
21
22
SIM5
SIM1
SIM2
SIM3
SIM4
1
21
22
SIM5
SIM1
SIM2
SIM3
SIM4
1
21
22
SIM5
SIM1
SIM2
SIM3
SIM4
1
21
22
SIM5
SIM1
SIM2
SIM3
SIM4
1
21
22
SIM5
SIM1
SIM2
SIM3
SIM4
1
21
22
SIM5
SIM1
SIM2
SIM3
SIM4
1
21
22
SIM5
SIM1
SIM2
SIM3
SIM4
1
21
22
SIM5
SIM1
SIM2
SIM3
SIM4
1
21
22
SIM5
SIM1
SIM2
SIM3
SIM4
1
21
22
SIM5
SIM1
SIM2
SIM3
SIM4
1
21
22
SIM5
SIM1
SIM2
SIM3
SIM4
1
21
22
SIM5
SIM1
SIM2
SIM3
SIM4
1
21
22
SIM5
SIM1
SIM2
SIM3
SIM4
1
21
22
SIM5
SIM1
SIM2
SIM3
SIM4
1
21
22
SIM5
SIM1
SIM2
SIM3
SIM4
1
21
22
SIM5
SIM1
SIM2
SIM3
SIM4
1
21
22
SIM5
SIM1
SIM2
SIM3
SIM4
1
21
22
SIM5
SIM1
SIM2
SIM3
SIM4
1
21
22
SIM5
SIM1
SIM2
SIM3
SIM4
1
21
22
SIM5
SIM1
SIM2
SIM3
SIM4
1
21
22
SIM5
SIM1
SIM2
SIM3
SIM4
1
21
22
SIM5
SIM1
SIM2
SIM3
SIM4
1
21
22
SIM5
SIM1
SIM2
SIM3
SIM4
1
21
22
SIM5
SIM1
SIM2
SIM3
SIM4
1
21
22
SIM5
SIM1
SIM2
SIM3
SIM4
1
21
22
SIM5
SIM1
SIM2
SIM3
SIM4
1
21
22
SIM5
SIM1
SIM2
SIM3
SIM4
1
21
22
SIM5
SIM1
SIM2
SIM3
SIM4
1
21
22
SIM5
SIM1
SIM2
SIM3
SIM4
1
21
22
SIM5
SIM1
SIM2
SIM3
SIM4
1
21
22
SIM5
SIM1
SIM2
SIM3
SIM4
1
21
22
SIM5
SIM1
SIM2
SIM3
SIM4
1
21
22
SIM5
SIM1
SIM2
SIM3
SIM4
1
21
22
SIM5
SIM1
SIM2
SIM3
SIM4
1
21
22
SIM5
SIM1
SIM2
SIM3
SIM4
1
21
22
SIM5
SIM1
SIM2
SIM3
SIM4
1
21
22
SIM5
SIM1
SIM2
SIM3
SIM4
1
21
22
SIM5
SIM1
SIM2
SIM3
SIM4
1
21
22
SIM5
SIM1
SIM2
SIM3
SIM4
1
21
22
SIM5
SIM1
SIM2
SIM3
SIM4
1
21
22
SIM5
SIM1
SIM2
SIM3
SIM4
1
21
22
SIM5
SIM1
SIM2
SIM3
SIM4
1
21
22
SIM5
SIM1
SIM2
SIM3
SIM4
1
21
22
SIM5
SIM1
SIM2
SIM3
SIM4
1
21
22
SIM5
SIM1
SIM2
SIM3
SIM4
1
21
22
SIM5
SIM1
SIM2
SIM3
SIM4
1
21
22
SIM5
SIM1
SIM2
SIM3
SIM4
1
21
22
SIM5
SIM1
SIM2
SIM3
SIM4
1
21
22
SIM5
SIM1
SIM2
SIM3
SIM4
1
21
22
SIM5
SIM1
SIM2
SIM3
SIM4
1
21
22
SIM5
SIM1
SIM2
SIM3
SIM4
1
21
22
SIM5
SIM1
SIM2
SIM3
SIM4
1
21
22
SIM5
SIM1
SIM2
SIM3
SIM4
1
21
22
SIM5
SIM1
SIM2
SIM3
SIM4
1
21
22
SIM5
SIM1
SIM2
SIM3
SIM4
1
21
22
SIM5
SIM1
SIM2
SIM3
SIM4
1
21
22
SIM5
SIM1
SIM2
SIM3
SIM4
1
21
22
SIM5
SIM1
SIM2
SIM3
SIM4
1
21
22
SIM5
SIM1
SIM2
SIM3
SIM4
1
21
22
SIM5
SIM1
SIM2
SIM3
SIM4
1
21
22
SIM5
SIM1
SIM2
SIM3
SIM4
1
21
22
SIM5
SIM1
SIM2
SIM3
SIM4
1
21
22
SIM5
SIM1
SIM2
SIM3
SIM4
1
21
22
SIM5
SIM1
SIM2
SIM3
SIM4
1
21
22
SIM5
SIM1
SIM2
SIM3
SIM4
1
21
22
SIM5
SIM1
SIM2
SIM3
SIM4
1
21
22
SIM5
SIM1
SIM2
SIM3
SIM4
1
21
22
SIM5
SIM1
SIM2
SIM3
SIM4
1
21
22
SIM5
SIM1
SIM2
SIM3
SIM4
1
21
22
SIM5
SIM1
SIM2
SIM3
SIM4
1
21
22
SIM5
SIM1
SIM2
SIM3
SIM4
1
21
22
SIM5
SIM1
SIM2
SIM3
SIM4
1
21
22
SIM5
SIM1
SIM2
SIM3
SIM4
1
21
22
SIM5
SIM1
SIM2
SIM3
SIM4
1
21
22
SIM5
SIM1
SIM2
SIM3
SIM4
1
21
22
SIM5
SIM1
SIM2
SIM3
SIM4
1
21
22
SIM5
SIM1
SIM2
SIM3
SIM4
1
21
22
SIM5
SIM1
SIM2
SIM3
SIM4
1
21
22
SIM5
SIM1
SIM2
SIM3
SIM4
1
21
22
SIM5
SIM1
SIM2
SIM3
SIM4
1
21
22
SIM5
SIM1
SIM2
SIM3
SIM4
1
21
22
SIM5
SIM1
SIM2
SIM3
SIM4
1
21
22
SIM5
SIM1
SIM2
SIM3
SIM4
1
21
22
SIM5
SIM1
SIM2
SIM3
SIM4
1
21
22
SIM5
SIM1
SIM2
SIM3
SIM4
1
21
22
SIM5
SIM1
SIM2
SIM3
SIM4
1
21
22
SIM5
SIM1
SIM2
SIM3
SIM4
1
21
22
SIM5
SIM1
SIM2
SIM3
SIM4
1
21
22
SIM5
SIM1
SIM2
SIM3
SIM4
1
21
22
SIM5
SIM1
SIM2
SIM3
SIM4
1
21
22
SIM5
SIM1
SIM2
SIM3
SIM4
1
21
22
SIM5
SIM1
SIM2
SIM3
SIM4
1
21
22
SIM5
SIM1
SIM2
SIM3
SIM4
1
21
22
SIM5
SIM1
SIM2
SIM3
SIM4
1
21
22
SIM5
SIM1
SIM2
SIM3
SIM4
1
21
22
SIM5
SIM1
SIM2
SIM3
SIM4
1
21
22
SIM5
SIM1
SIM2
SIM3
SIM4
1
21
22
SIM5
SIM1
SIM2
SIM3
SIM4
1
21
22
SIM5
SIM1
SIM2
SIM3
SIM4
1
21
22
SIM5
SIM1
SIM2
SIM3
SIM4
1
21
22
SIM5
SIM1
SIM2
SIM3
SIM4
1
21
22
SIM5
SIM1
SIM2
SIM3
SIM4
1
21
22
SIM5
SIM1
SIM2
SIM3
SIM4
1
21
22
SIM5
SIM1
SIM2
SIM3
SIM4
1
21
22
SIM5
SIM1
SIM2
SIM3
SIM4
1
21
22
SIM5
SIM1
SIM2
SIM3
SIM4
1
21
22
SIM5
SIM1
SIM2
SIM3
SIM4
1
21
22
SIM5
SIM1
SIM2
SIM3
SIM4
1
21
22
SIM5
SIM1
SIM2
DEBUG 1 703
SIM1
SIM2
SIM3
SIM4
1
21
22
SIM5
SIM1
SIM2
SIM3
SIM4
1
21
22
SIM5
SIM1
SIM2
SIM3
SIM4
1
21
22
SIM5
SIM1
SIM2
SIM3
SIM4
1
21
22
SIM5
SIM1
SIM2
SIM3
SIM4
1
21
22
SIM5
SIM1
SIM2
SIM3
SIM4
1
21
22
SIM5
SIM1
SIM2
SIM3
SIM4
1
21
22
SIM5
SIM1
SIM2
SIM3
SIM4
1
21
22
SIM5
SIM1
SIM2
SIM3
SIM4
1
21
22
SIM5
SIM1
SIM2
SIM3
SIM4
1
21
22
SIM5
SIM1
SIM2
SIM3
SIM4
1
21
22
SIM5
SIM1
SIM2
SIM3
SIM4
1
21
22
SIM5
SIM1
SIM2
SIM3
SIM4
1
21
22
SIM5
SIM1
SIM2
SIM3
SIM4
1
21
22
SIM5
SIM1
SIM2
SIM3
SIM4
1
21
22
SIM5
SIM1
SIM2
SIM3
SIM4
1
21
22
SIM5
SIM1
SIM2
SIM3
SIM4
1
21
22
SIM5
SIM1
SIM2
SIM3
SIM4
1
21
22
SIM5
SIM1
SIM2
SIM3
SIM4
1
21
22
SIM5
SIM1
SIM2
SIM3
SIM4
1
21
22
SIM5
SIM1
SIM2
SIM3
SIM4
1
21
22
SIM5
SIM1
SIM2
SIM3
SIM4
1
21
22
SIM5
SIM1
SIM2
SIM3
SIM4
1
21
22
SIM5
SIM1
SIM2
SIM3
SIM4
1
21
22
SIM5
SIM1
SIM2
SIM3
SIM4
1
21
22
SIM5
SIM1
SIM2
SIM3
SIM4
1
21
22
SIM5
SIM1
SIM2
SIM3
SIM4
1
21
22
SIM5
SIM1
SIM2
SIM3
SIM4
1
21
22
SIM5
SIM1
SIM2
SIM3
SIM4
1
21
22
SIM5
SIM1
SIM2
SIM3
SIM4
1
21
22
SIM5
SIM1
SIM2
SIM3
SIM4
1
21
22
SIM5
SIM1
SIM2
SIM3
SIM4
1
21
22
SIM5
SIM1
SIM2
SIM3
SIM4
1
21
22
SIM5
SIM1
SIM2
SIM3
SIM4
1
21
22
SIM5
SIM1
SIM2
SIM3
SIM4
1
21
22
SIM5
SIM1
SIM2
SIM3
SIM4
1
21
22
SIM5
SIM1
SIM2
SIM3
SIM4
1
21
22
SIM5
SIM1
SIM2
SIM3
SIM4
1
21
22
SIM5
SIM1
SIM2
SIM3
SIM4
1
21
22
SIM5
SIM1
SIM2
SIM3
SIM4
1
21
22
SIM5
SIM1
SIM2
SIM3
SIM4
1
21
22
SIM5
SIM1
SIM2
SIM3
SIM4
1
21
22
SIM5
SIM1
SIM2
SIM3
SIM4
1
21
22
SIM5
SIM1
SIM2
SIM3
SIM4
1
21
22
SIM5
SIM1
SIM2
SIM3
SIM4
1
21
22
SIM5
SIM1
SIM2
SIM3
SIM4
1
21
22
SIM5
SIM1
SIM2
SIM3
SIM4
1
21
22
SIM5
SIM1
SIM2
SIM3
SIM4
1
21
22
SIM5
SIM1
SIM2
SIM3
SIM4
1
21
22
SIM5
SIM1
SIM2
SIM3
SIM4
1
21
22
SIM5
SIM1
SIM2
SIM3
SIM4
1
21
22
SIM5
SIM1
SIM2
SIM3
SIM4
1
21
22
SIM5
SIM1
SIM2
SIM3
SIM4
1
21
22
SIM5
SIM1
SIM2
SIM3
SIM4
1
21
22
SIM5
SIM1
SIM2
SIM3
SIM4
1
21
22
SIM5
SIM1
SIM2
SIM3
SIM4
1
21
22
SIM5
SIM1
SIM2
SIM3
SIM4
1
21
22
SIM5
SIM1
SIM2
SIM3
SIM4
1
21
22
SIM5
SIM1
SIM2
SIM3
SIM4
1
21
22
SIM5
SIM1
SIM2
SIM3
SIM4
1
21
22
SIM5
SIM1
SIM2
SIM3
SIM4
1
21
22
SIM5
SIM1
SIM2
SIM3
SIM4
1
21
22
SIM5
SIM1
SIM2
SIM3
SIM4
1
21
22
SIM5
SIM1
SIM2
SIM3
SIM4
1
21
22
SIM5
SIM1
SIM2
SIM3
SIM4
1
21
22
SIM5
SIM1
SIM2
SIM3
SIM4
1
21
22
SIM5
SIM1
SIM2
SIM3
SIM4
1
21
22
SIM5
SIM1
SIM2
SIM3
SIM4
1
21
22
SIM5
SIM1
SIM2
SIM3
SIM4
1
21
22
SIM5
SIM1
SIM2
SIM3
SIM4
1
21
22
SIM5
SIM1
SIM2
SIM3
SIM4
1
21
22
SIM5
SIM1
SIM2
SIM3
SIM4
1
21
22
SIM5
SIM1
SIM2
SIM3
SIM4
1
21
22
SIM5
SIM1
SIM2
SIM3
SIM4
1
21
22
SIM5
SIM1
SIM2
SIM3
SIM4
1
21
22
SIM5
SIM1
SIM2
SIM3
SIM4
1
21
22
SIM5
SIM1
SIM2
SIM3
SIM4
1
21
22
SIM5
SIM1
SIM2
SIM3
SIM4
1
21
22
SIM5
SIM1
SIM2
SIM3
SIM4
1
21
22
SIM5
SIM1
SIM2
SIM3
SIM4
1
21
22
SIM5
SIM1
SIM2
SIM3
SIM4
1
21
22
SIM5
SIM1
SIM2
SIM3
SIM4
1
21
22
SIM5
SIM1
SIM2
SIM3
SIM4
1
21
22
SIM5
SIM1
SIM2
SIM3
SIM4
1
21
22
SIM5
SIM1
SIM2
SIM3
SIM4
1
21
22
SIM5
SIM1
SIM2
SIM3
SIM4
1
21
22
SIM5
SIM1
SIM2
SIM3
SIM4
1
21
22
SIM5
SIM1
SIM2
SIM3
SIM4
1
21
22
SIM5
SIM1
SIM2
SIM3
SIM4
1
21
22
SIM5
SIM1
SIM2
SIM3
SIM4
1
21
22
SIM5
SIM1
SIM2
SIM3
SIM4
1
21
22
SIM5
SIM1
SIM2
SIM3
SIM4
1
21
22
SIM5
SIM1
SIM2
SIM3
SIM4
1
21
22
SIM5
SIM1
SIM2
SIM3
SIM4
1
21
22
SIM5
SIM1
SIM2
SIM3
SIM4
1
21
22
SIM5
SIM1
SIM2
SIM3
SIM4
1
21
22
SIM5
SIM1
SIM2
SIM3
SIM4
1
21
22
SIM5
SIM1
SIM2
SIM3
SIM4
1
21
22
SIM5
SIM1
SIM2
SIM3
SIM4
1
21
22
SIM5
SIM1
SIM2
SIM3
SIM4
1
21
22
SIM5
SIM1
SIM2
SIM3
SIM4
1
21
22
SIM5
SIM1
SIM2
SIM3
SIM4
1
21
22
SIM5
SIM1
SIM2
SIM3
SIM4
1
21
22
SIM5
SIM1
SIM2
SIM3
SIM4
1
21
22
SIM5
SIM1
SIM2
SIM3
SIM4
1
21
22
SIM5
SIM1
SIM2
SIM3
SIM4
1
21
22
SIM5
SIM1
SIM2
SIM3
SIM4
1
21
22
SIM5
SIM1
SIM2
SIM3
SIM4
1
21
22
SIM5
SIM1
SIM2
SIM3
SIM4
1
21
22
SIM5
SIM1
SIM2
SIM3
SIM4
1
21
22
SIM5
SIM1
SIM2
SIM3
SIM4
1
21
22
SIM5
SIM1
SIM2
SIM3
SIM4
1
21
22
SIM5
SIM1
SIM2
SIM3
SIM4
1
21
22
SIM5
SIM1
SIM2
SIM3
SIM4
1
21
22
SIM5
SIM1
SIM2
SIM3
SIM4
1
21
22
SIM5
SIM1
SIM2
SIM3
SIM4
1
21
22
SIM5
SIM1
SIM2
SIM3
SIM4
1
21
22
SIM5
SIM1
SIM2
SIM3
SIM4
1
21
22
SIM5
SIM1
SIM2
SIM3
SIM4
1
21
22
SIM5
SIM1
SIM2
SIM3
SIM4
1
21
22
SIM5
SIM1
SIM2
SIM3
SIM4
1
21
22
SIM5
SIM1
SIM2
SIM3
SIM4
1
21
22
SIM5
SIM1
SIM2
SIM3
SIM4
1
21
22
SIM5
SIM1
SIM2
SIM3
SIM4
1
21
22
SIM5
SIM1
SIM2
SIM3
SIM4
1
21
22
SIM5
SIM1
SIM2
SIM3
SIM4
1
21
22
SIM5
SIM1
SIM2
SIM3
SIM4
1
21
22
SIM5
SIM1
SIM2
SIM3
SIM4
1
21
22
SIM5
SIM1
SIM2
SIM3
SIM4
1
21
22
SIM5
SIM1
SIM2
SIM3
SIM4
1
21
22
SIM5
SIM1
SIM2
SIM3
SIM4
1
21
22
SIM5
SIM1
SIM2
SIM3
SIM4
1
21
22
SIM5
SIM1
SIM2
SIM3
SIM4
1
21
22
SIM5
SIM1
SIM2
SIM3
SIM4
1
21
22
SIM5
SIM1
SIM2
SIM3
SIM4
1
21
22
SIM5
SIM1
SIM2
SIM3
SIM4
1
21
22
SIM5
SIM1
SIM2
SIM3
SIM4
1
21
22
SIM5
SIM1
SIM2
SIM3
SIM4
1
21
22
SIM5
SIM1
SIM2
SIM3
SIM4
1
21
22
SIM5
SIM1
SIM2
SIM3
SIM4
1
21
22
SIM5
SIM1
SIM2
SIM3
SIM4
1
21
22
SIM5
SIM1
SIM2
SIM3
SIM4
1
21
22
SIM5
SIM1
SIM2
SIM3
SIM4
1
21
22
SIM5
SIM1
SIM2
SIM3
SIM4
1
21
22
SIM5
SIM1
SIM2
SIM3
SIM4
1
21
22
SIM5
SIM1
SIM2
SIM3
SIM4
1
21
22
SIM5
SIM1
SIM2
SIM3
SIM4
1
21
22
SIM5
SIM1
SIM2
SIM3
SIM4
1
21
22
SIM5
SIM1
SIM2
SIM3
SIM4
1
21
22
SIM5
SIM1
SIM2
SIM3
SIM4
1
21
22
SIM5
SIM1
SIM2
SIM3
SIM4
1
21
22
SIM5
SIM1
SIM2
SIM3
SIM4
1
21
22
SIM5
SIM1
SIM2
SIM3
SIM4
1
21
22
SIM5
SIM1
SIM2
SIM3
SIM4
1
21
22
SIM5
SIM1
SIM2
SIM3
SIM4
1
21
22
SIM5
SIM1
SIM2
SIM3
SIM4
1
21
22
SIM5
SIM1
SIM2
SIM3
SIM4
1
21
22
SIM5
SIM1
SIM2
SIM3
SIM4
1
21
22
SIM5
SIM1
SIM2
SIM3
SIM4
1
21
22
SIM5
SIM1
SIM2
SIM3
SIM4
1
21
22
SIM5
SIM1
SIM2
SIM3
SIM4
1
21
22
SIM5
SIM1
SIM2
DEBUG 1 704
SIM1
SIM2
SIM3
SIM4
1
21
22
SIM5
SIM1
SIM2
SIM3
SIM4
1
21
22
SIM5
SIM1
SIM2
SIM3
SIM4
1
21
22
SIM5
SIM1
SIM2
SIM3
SIM4
1
21
22
SIM5
SIM1
SIM2
SIM3
SIM4
1
21
22
SIM5
SIM1
SIM2
SIM3
SIM4
1
21
22
SIM5
SIM1
SIM2
SIM3
SIM4
1
21
22
SIM5
SIM1
SIM2
SIM3
SIM4
1
21
22
SIM5
SIM1
SIM2
SIM3
SIM4
1
21
22
SIM5
SIM1
SIM2
SIM3
SIM4
1
21
22
SIM5
SIM1
SIM2
SIM3
SIM4
1
21
22
SIM5
SIM1
SIM2
SIM3
SIM4
1
21
22
SIM5
SIM1
SIM2
SIM3
SIM4
1
21
22
SIM5
SIM1
SIM2
SIM3
SIM4
1
21
22
SIM5
SIM1
SIM2
SIM3
SIM4
1
21
22
SIM5
SIM1
SIM2
SIM3
SIM4
1
21
22
SIM5
SIM1
SIM2
SIM3
SIM4
1
21
22
SIM5
SIM1
SIM2
SIM3
SIM4
1
21
22
SIM5
SIM1
SIM2
SIM3
SIM4
1
21
22
SIM5
SIM1
SIM2
SIM3
SIM4
1
21
22
SIM5
SIM1
SIM2
SIM3
SIM4
1
21
22
SIM5
SIM1
SIM2
SIM3
SIM4
1
21
22
SIM5
SIM1
SIM2
SIM3
SIM4
1
21
22
SIM5
SIM1
SIM2
SIM3
SIM4
1
21
22
SIM5
SIM1
SIM2
SIM3
SIM4
1
21
22
SIM5
SIM1
SIM2
SIM3
SIM4
1
21
22
SIM5
SIM1
SIM2
SIM3
SIM4
1
21
22
SIM5
SIM1
SIM2
SIM3
SIM4
1
21
22
SIM5
SIM1
SIM2
SIM3
SIM4
1
21
22
SIM5
SIM1
SIM2
SIM3
SIM4
1
21
22
SIM5
SIM1
SIM2
SIM3
SIM4
1
21
22
SIM5
SIM1
SIM2
SIM3
SIM4
1
21
22
SIM5
SIM1
SIM2
SIM3
SIM4
1
21
22
SIM5
SIM1
SIM2
SIM3
SIM4
1
21
22
SIM5
SIM1
SIM2
SIM3
SIM4
1
21
22
SIM5
SIM1
SIM2
SIM3
SIM4
1
21
22
SIM5
SIM1
SIM2
SIM3
SIM4
1
21
22
SIM5
SIM1
SIM2
SIM3
SIM4
1
21
22
SIM5
SIM1
SIM2
SIM3
SIM4
1
21
22
SIM5
SIM1
SIM2
SIM3
SIM4
1
21
22
SIM5
SIM1
SIM2
SIM3
SIM4
1
21
22
SIM5
SIM1
SIM2
SIM3
SIM4
1
21
22
SIM5
SIM1
SIM2
SIM3
SIM4
1
21
22
SIM5
SIM1
SIM2
SIM3
SIM4
1
21
22
SIM5
SIM1
SIM2
SIM3
SIM4
1
21
22
SIM5
SIM1
SIM2
SIM3
SIM4
1
21
22
SIM5
SIM1
SIM2
SIM3
SIM4
1
21
22
SIM5
SIM1
SIM2
SIM3
SIM4
1
21
22
SIM5
SIM1
SIM2
SIM3
SIM4
1
21
22
SIM5
SIM1
SIM2
SIM3
SIM4
1
21
22
SIM5
SIM1
SIM2
SIM3
SIM4
1
21
22
SIM5
SIM1
SIM2
SIM3
SIM4
1
21
22
SIM5
SIM1
SIM2
SIM3
SIM4
1
21
22
SIM5
SIM1
SIM2
SIM3
SIM4
1
21
22
SIM5
SIM1
SIM2
SIM3
SIM4
1
21
22
SIM5
SIM1
SIM2
SIM3
SIM4
1
21
22
SIM5
SIM1
SIM2
SIM3
SIM4
1
21
22
SIM5
SIM1
SIM2
SIM3
SIM4
1
21
22
SIM5
SIM1
SIM2
SIM3
SIM4
1
21
22
SIM5
SIM1
SIM2
SIM3
SIM4
1
21
22
SIM5
SIM1
SIM2
SIM3
SIM4
1
21
22
SIM5
SIM1
SIM2
SIM3
SIM4
1
21
22
SIM5
SIM1
SIM2
SIM3
SIM4
1
21
22
SIM5
SIM1
SIM2
SIM3
SIM4
1
21
22
SIM5
SIM1
SIM2
SIM3
SIM4
1
21
22
SIM5
SIM1
SIM2
SIM3
SIM4
1
21
22
SIM5
SIM1
SIM2
SIM3
SIM4
1
21
22
SIM5
SIM1
SIM2
SIM3
SIM4
1
21
22
SIM5
SIM1
SIM2
SIM3
SIM4
1
21
22
SIM5
SIM1
SIM2
SIM3
SIM4
1
21
22
SIM5
SIM1
SIM2
SIM3
SIM4
1
21
22
SIM5
SIM1
SIM2
SIM3
SIM4
1
21
22
SIM5
SIM1
SIM2
SIM3
SIM4
1
21
22
SIM5
SIM1
SIM2
SIM3
SIM4
1
21
22
SIM5
SIM1
SIM2
SIM3
SIM4
1
21
22
SIM5
SIM1
SIM2
SIM3
SIM4
1
21
22
SIM5
SIM1
SIM2
SIM3
SIM4
1
21
22
SIM5
SIM1
SIM2
SIM3
SIM4
1
21
22
SIM5
SIM1
SIM2
SIM3
SIM4
1
21
22
SIM5
SIM1
SIM2
SIM3
SIM4
1
21
22
SIM5
SIM1
SIM2
SIM3
SIM4
1
21
22
SIM5
SIM1
SIM2
SIM3
SIM4
1
21
22
SIM5
SIM1
SIM2
SIM3
SIM4
1
21
22
SIM5
SIM1
SIM2
SIM3
SIM4
1
21
22
SIM5
SIM1
SIM2
SIM3
SIM4
1
21
22
SIM5
SIM1
SIM2
SIM3
SIM4
1
21
22
SIM5
SIM1
SIM2
SIM3
SIM4
1
21
22
SIM5
SIM1
SIM2
SIM3
SIM4
1
21
22
SIM5
SIM1
SIM2
SIM3
SIM4
1
21
22
SIM5
SIM1
SIM2
SIM3
SIM4
1
21
22
SIM5
SIM1
SIM2
SIM3
SIM4
1
21
22
SIM5
SIM1
SIM2
SIM3
SIM4
1
21
22
SIM5
SIM1
SIM2
SIM3
SIM4
1
21
22
SIM5
SIM1
SIM2
SIM3
SIM4
1
21
22
SIM5
SIM1
SIM2
SIM3
SIM4
1
21
22
SIM5
SIM1
SIM2
SIM3
SIM4
1
21
22
SIM5
SIM1
SIM2
SIM3
SIM4
1
21
22
SIM5
SIM1
SIM2
SIM3
SIM4
1
21
22
SIM5
SIM1
SIM2
SIM3
SIM4
1
21
22
SIM5
SIM1
SIM2
SIM3
SIM4
1
21
22
SIM5
SIM1
SIM2
SIM3
SIM4
1
21
22
SIM5
SIM1
SIM2
SIM3
SIM4
1
21
22
SIM5
SIM1
SIM2
SIM3
SIM4
1
21
22
SIM5
SIM1
SIM2
SIM3
SIM4
1
21
22
SIM5
SIM1
SIM2
SIM3
SIM4
1
21
22
SIM5
SIM1
SIM2
SIM3
SIM4
1
21
22
SIM5
SIM1
SIM2
SIM3
SIM4
1
21
22
SIM5
SIM1
SIM2
SIM3
SIM4
1
21
22
SIM5
SIM1
SIM2
SIM3
SIM4
1
21
22
SIM5
SIM1
SIM2
SIM3
SIM4
1
21
22
SIM5
SIM1
SIM2
SIM3
SIM4
1
21
22
SIM5
SIM1
SIM2
SIM3
SIM4
1
21
22
SIM5
SIM1
SIM2
SIM3
SIM4
1
21
22
SIM5
SIM1
SIM2
SIM3
SIM4
1
21
22
SIM5
SIM1
SIM2
SIM3
SIM4
1
21
22
SIM5
SIM1
SIM2
SIM3
SIM4
1
21
22
SIM5
SIM1
SIM2
SIM3
SIM4
1
21
22
SIM5
SIM1
SIM2
SIM3
SIM4
1
21
22
SIM5
SIM1
SIM2
SIM3
SIM4
1
21
22
SIM5
SIM1
SIM2
SIM3
SIM4
1
21
22
SIM5
SIM1
SIM2
SIM3
SIM4
1
21
22
SIM5
SIM1
SIM2
SIM3
SIM4
1
21
22
SIM5
SIM1
SIM2
SIM3
SIM4
1
21
22
SIM5
SIM1
SIM2
SIM3
SIM4
1
21
22
SIM5
SIM1
SIM2
SIM3
SIM4
1
21
22
SIM5
SIM1
SIM2
SIM3
SIM4
1
21
22
SIM5
SIM1
SIM2
SIM3
SIM4
1
21
22
SIM5
SIM1
SIM2
SIM3
SIM4
1
21
22
SIM5
SIM1
SIM2
SIM3
SIM4
1
21
22
SIM5
SIM1
SIM2
SIM3
SIM4
1
21
22
SIM5
SIM1
SIM2
SIM3
SIM4
1
21
22
SIM5
SIM1
SIM2
SIM3
SIM4
1
21
22
SIM5
SIM1
SIM2
SIM3
SIM4
1
21
22
SIM5
SIM1
SIM2
SIM3
SIM4
1
21
22
SIM5
SIM1
SIM2
SIM3
SIM4
1
21
22
SIM5
SIM1
SIM2
SIM3
SIM4
1
21
22
SIM5
SIM1
SIM2
SIM3
SIM4
1
21
22
SIM5
SIM1
SIM2
SIM3
SIM4
1
21
22
SIM5
SIM1
SIM2
SIM3
SIM4
1
21
22
SIM5
SIM1
SIM2
SIM3
SIM4
1
21
22
SIM5
SIM1
SIM2
SIM3
SIM4
1
21
22
SIM5
SIM1
SIM2
SIM3
SIM4
1
21
22
SIM5
SIM1
SIM2
SIM3
SIM4
1
21
22
SIM5
SIM1
SIM2
SIM3
SIM4
1
21
22
SIM5
SIM1
SIM2
SIM3
SIM4
1
21
22
SIM5
SIM1
SIM2
SIM3
SIM4
1
21
22
SIM5
SIM1
SIM2
SIM3
SIM4
1
21
22
SIM5
SIM1
SIM2
SIM3
SIM4
1
21
22
SIM5
SIM1
SIM2
SIM3
SIM4
1
21
22
SIM5
SIM1
SIM2
SIM3
SIM4
1
21
22
SIM5
SIM1
SIM2
SIM3
SIM4
1
21
22
SIM5
SIM1
SIM2
SIM3
SIM4
1
21
22
SIM5
SIM1
SIM2
SIM3
SIM4
1
21
22
SIM5
SIM1
SIM2
SIM3
SIM4
1
21
22
SIM5
SIM1
SIM2
SIM3
SIM4
1
21
22
SIM5
SIM1
SIM2
SIM3
SIM4
1
21
22
SIM5
SIM1
SIM2
SIM3
SIM4
1
21
22
SIM5
SIM1
SIM2
SIM3
SIM4
1
21
22
SIM5
SIM1
SIM2
SIM3
SIM4
1
21
22
SIM5
SIM1
SIM2
SIM3
SIM4
1
21
22
SIM5
SIM1
SIM2
SIM3
SIM4
1
21
22
SIM5
SIM1
SIM2
SIM3
SIM4
1
21
22
SIM5
SIM1
SIM2
SIM3
SIM4
1
21
22
SIM5
SIM1
SIM2
SIM3
SIM4
1
21
22
SIM5
SIM1
SIM2
SIM3
SIM4
1
21
22
SIM5
SIM1
SIM2
SIM3
SIM4
1
21
22
SIM5
SIM1
SIM2
SIM3
SIM4
1
21
22
SIM5
SIM1
SIM2
SIM3
SIM4
1
21
22
SIM5
SIM1
SIM2
SIM3
SIM4
1
21
22
SIM5
SIM1
SIM2
SIM3
SIM4
1
21
22
SIM5
SIM1
SIM2
SIM3
SIM4
1
21
22
SIM5
SIM1
SIM2
SIM3
SIM4
1
21
22
SIM5
SIM1
SIM2
DEBUG 1 705
SIM1
SIM2
SIM3
SIM4
1
21
22
SIM5
SIM1
SIM2
SIM3
SIM4
1
21
22
SIM5
SIM1
SIM2
SIM3
SIM4
1
21
22
SIM5
SIM1
SIM2
SIM3
SIM4
1
21
22
SIM5
SIM1
SIM2
SIM3
SIM4
1
21
22
SIM5
SIM1
SIM2
SIM3
SIM4
1
21
22
SIM5
SIM1
SIM2
SIM3
SIM4
1
21
22
SIM5
SIM1
SIM2
SIM3
SIM4
1
21
22
SIM5
SIM1
SIM2
SIM3
SIM4
1
21
22
SIM5
SIM1
SIM2
SIM3
SIM4
1
21
22
SIM5
SIM1
SIM2
SIM3
SIM4
1
21
22
SIM5
SIM1
SIM2
SIM3
SIM4
1
21
22
SIM5
SIM1
SIM2
SIM3
SIM4
1
21
22
SIM5
SIM1
SIM2
SIM3
SIM4
1
21
22
SIM5
SIM1
SIM2
SIM3
SIM4
1
21
22
SIM5
SIM1
SIM2
SIM3
SIM4
1
21
22
SIM5
SIM1
SIM2
SIM3
SIM4
1
21
22
SIM5
SIM1
SIM2
SIM3
SIM4
1
21
22
SIM5
SIM1
SIM2
SIM3
SIM4
1
21
22
SIM5
SIM1
SIM2
SIM3
SIM4
1
21
22
SIM5
SIM1
SIM2
SIM3
SIM4
1
21
22
SIM5
SIM1
SIM2
SIM3
SIM4
1
21
22
SIM5
SIM1
SIM2
SIM3
SIM4
1
21
22
SIM5
SIM1
SIM2
SIM3
SIM4
1
21
22
SIM5
SIM1
SIM2
SIM3
SIM4
1
21
22
SIM5
SIM1
SIM2
SIM3
SIM4
1
21
22
SIM5
SIM1
SIM2
SIM3
SIM4
1
21
22
SIM5
SIM1
SIM2
SIM3
SIM4
1
21
22
SIM5
SIM1
SIM2
SIM3
SIM4
1
21
22
SIM5
SIM1
SIM2
SIM3
SIM4
1
21
22
SIM5
SIM1
SIM2
SIM3
SIM4
1
21
22
SIM5
SIM1
SIM2
SIM3
SIM4
1
21
22
SIM5
SIM1
SIM2
SIM3
SIM4
1
21
22
SIM5
SIM1
SIM2
SIM3
SIM4
1
21
22
SIM5
SIM1
SIM2
SIM3
SIM4
1
21
22
SIM5
SIM1
SIM2
SIM3
SIM4
1
21
22
SIM5
SIM1
SIM2
SIM3
SIM4
1
21
22
SIM5
SIM1
SIM2
SIM3
SIM4
1
21
22
SIM5
SIM1
SIM2
SIM3
SIM4
1
21
22
SIM5
SIM1
SIM2
SIM3
SIM4
1
21
22
SIM5
SIM1
SIM2
SIM3
SIM4
1
21
22
SIM5
SIM1
SIM2
SIM3
SIM4
1
21
22
SIM5
SIM1
SIM2
SIM3
SIM4
1
21
22
SIM5
SIM1
SIM2
SIM3
SIM4
1
21
22
SIM5
SIM1
SIM2
SIM3
SIM4
1
21
22
SIM5
SIM1
SIM2
SIM3
SIM4
1
21
22
SIM5
SIM1
SIM2
SIM3
SIM4
1
21
22
SIM5
SIM1
SIM2
SIM3
SIM4
1
21
22
SIM5
SIM1
SIM2
SIM3
SIM4
1
21
22
SIM5
SIM1
SIM2
SIM3
SIM4
1
21
22
SIM5
SIM1
SIM2
SIM3
SIM4
1
21
22
SIM5
SIM1
SIM2
SIM3
SIM4
1
21
22
SIM5
SIM1
SIM2
SIM3
SIM4
1
21
22
SIM5
SIM1
SIM2
SIM3
SIM4
1
21
22
SIM5
SIM1
SIM2
SIM3
SIM4
1
21
22
SIM5
SIM1
SIM2
SIM3
SIM4
1
21
22
SIM5
SIM1
SIM2
SIM3
SIM4
1
21
22
SIM5
SIM1
SIM2
SIM3
SIM4
1
21
22
SIM5
SIM1
SIM2
SIM3
SIM4
1
21
22
SIM5
SIM1
SIM2
SIM3
SIM4
1
21
22
SIM5
SIM1
SIM2
SIM3
SIM4
1
21
22
SIM5
SIM1
SIM2
SIM3
SIM4
1
21
22
SIM5
SIM1
SIM2
SIM3
SIM4
1
21
22
SIM5
SIM1
SIM2
SIM3
SIM4
1
21
22
SIM5
SIM1
SIM2
SIM3
SIM4
1
21
22
SIM5
SIM1
SIM2
SIM3
SIM4
1
21
22
SIM5
SIM1
SIM2
SIM3
SIM4
1
21
22
SIM5
SIM1
SIM2
SIM3
SIM4
1
21
22
SIM5
SIM1
SIM2
SIM3
SIM4
1
21
22
SIM5
SIM1
SIM2
SIM3
SIM4
1
21
22
SIM5
SIM1
SIM2
SIM3
SIM4
1
21
22
SIM5
SIM1
SIM2
SIM3
SIM4
1
21
22
SIM5
SIM1
SIM2
SIM3
SIM4
1
21
22
SIM5
SIM1
SIM2
SIM3
SIM4
1
21
22
SIM5
SIM1
SIM2
SIM3
SIM4
1
21
22
SIM5
SIM1
SIM2
SIM3
SIM4
1
21
22
SIM5
SIM1
SIM2
SIM3
SIM4
1
21
22
SIM5
SIM1
SIM2
SIM3
SIM4
1
21
22
SIM5
SIM1
SIM2
SIM3
SIM4
1
21
22
SIM5
SIM1
SIM2
SIM3
SIM4
1
21
22
SIM5
SIM1
SIM2
SIM3
SIM4
1
21
22
SIM5
SIM1
SIM2
SIM3
SIM4
1
21
22
SIM5
SIM1
SIM2
SIM3
SIM4
1
21
22
SIM5
SIM1
SIM2
SIM3
SIM4
1
21
22
SIM5
SIM1
SIM2
SIM3
SIM4
1
21
22
SIM5
SIM1
SIM2
SIM3
SIM4
1
21
22
SIM5
SIM1
SIM2
SIM3
SIM4
1
21
22
SIM5
SIM1
SIM2
SIM3
SIM4
1
21
22
SIM5
SIM1
SIM2
SIM3
SIM4
1
21
22
SIM5
SIM1
SIM2
SIM3
SIM4
1
21
22
SIM5
SIM1
SIM2
SIM3
SIM4
1
21
22
SIM5
SIM1
SIM2
SIM3
SIM4
1
21
22
SIM5
SIM1
SIM2
SIM3
SIM4
1
21
22
SIM5
SIM1
SIM2
SIM3
SIM4
1
21
22
SIM5
SIM1
SIM2
SIM3
SIM4
1
21
22
SIM5
SIM1
SIM2
SIM3
SIM4
1
21
22
SIM5
SIM1
SIM2
SIM3
SIM4
1
21
22
SIM5
SIM1
SIM2
SIM3
SIM4
1
21
22
SIM5
SIM1
SIM2
SIM3
SIM4
1
21
22
SIM5
SIM1
SIM2
SIM3
SIM4
1
21
22
SIM5
SIM1
SIM2
SIM3
SIM4
1
21
22
SIM5
SIM1
SIM2
SIM3
SIM4
1
21
22
SIM5
SIM1
SIM2
SIM3
SIM4
1
21
22
SIM5
SIM1
SIM2
SIM3
SIM4
1
21
22
SIM5
SIM1
SIM2
SIM3
SIM4
1
21
22
SIM5
SIM1
SIM2
SIM3
SIM4
1
21
22
SIM5
SIM1
SIM2
SIM3
SIM4
1
21
22
SIM5
SIM1
SIM2
SIM3
SIM4
1
21
22
SIM5
SIM1
SIM2
SIM3
SIM4
1
21
22
SIM5
SIM1
SIM2
SIM3
SIM4
1
21
22
SIM5
SIM1
SIM2
SIM3
SIM4
1
21
22
SIM5
SIM1
SIM2
SIM3
SIM4
1
21
22
SIM5
SIM1
SIM2
SIM3
SIM4
1
21
22
SIM5
SIM1
SIM2
SIM3
SIM4
1
21
22
SIM5
SIM1
SIM2
SIM3
SIM4
1
21
22
SIM5
SIM1
SIM2
SIM3
SIM4
1
21
22
SIM5
SIM1
SIM2
SIM3
SIM4
1
21
22
SIM5
SIM1
SIM2
SIM3
SIM4
1
21
22
SIM5
SIM1
SIM2
SIM3
SIM4
1
21
22
SIM5
SIM1
SIM2
SIM3
SIM4
1
21
22
SIM5
SIM1
SIM2
SIM3
SIM4
1
21
22
SIM5
SIM1
SIM2
SIM3
SIM4
1
21
22
SIM5
SIM1
SIM2
SIM3
SIM4
1
21
22
SIM5
SIM1
SIM2
SIM3
SIM4
1
21
22
SIM5
SIM1
SIM2
SIM3
SIM4
1
21
22
SIM5
SIM1
SIM2
SIM3
SIM4
1
21
22
SIM5
SIM1
SIM2
SIM3
SIM4
1
21
22
SIM5
SIM1
SIM2
SIM3
SIM4
1
21
22
SIM5
SIM1
SIM2
SIM3
SIM4
1
21
22
SIM5
SIM1
SIM2
SIM3
SIM4
1
21
22
SIM5
SIM1
SIM2
SIM3
SIM4
1
21
22
SIM5
SIM1
SIM2
SIM3
SIM4
1
21
22
SIM5
SIM1
SIM2
SIM3
SIM4
1
21
22
SIM5
SIM1
SIM2
SIM3
SIM4
1
21
22
SIM5
SIM1
SIM2
SIM3
SIM4
1
21
22
SIM5
SIM1
SIM2
SIM3
SIM4
1
21
22
SIM5
SIM1
SIM2
SIM3
SIM4
1
21
22
SIM5
SIM1
SIM2
SIM3
SIM4
1
21
22
SIM5
SIM1
SIM2
SIM3
SIM4
1
21
22
SIM5
SIM1
SIM2
SIM3
SIM4
1
21
22
SIM5
SIM1
SIM2
SIM3
SIM4
1
21
22
SIM5
SIM1
SIM2
SIM3
SIM4
1
21
22
SIM5
SIM1
SIM2
SIM3
SIM4
1
21
22
SIM5
SIM1
SIM2
SIM3
SIM4
1
21
22
SIM5
SIM1
SIM2
SIM3
SIM4
1
21
22
SIM5
SIM1
SIM2
SIM3
SIM4
1
21
22
SIM5
SIM1
SIM2
SIM3
SIM4
1
21
22
SIM5
SIM1
SIM2
SIM3
SIM4
1
21
22
SIM5
SIM1
SIM2
SIM3
SIM4
1
21
22
SIM5
SIM1
SIM2
SIM3
SIM4
1
21
22
SIM5
SIM1
SIM2
SIM3
SIM4
1
21
22
SIM5
SIM1
SIM2
SIM3
SIM4
1
21
22
SIM5
SIM1
SIM2
SIM3
SIM4
1
21
22
SIM5
SIM1
SIM2
SIM3
SIM4
1
21
22
SIM5
SIM1
SIM2
SIM3
SIM4
1
21
22
SIM5
SIM1
SIM2
SIM3
SIM4
1
21
22
SIM5
SIM1
SIM2
SIM3
SIM4
1
21
22
SIM5
SIM1
SIM2
SIM3
SIM4
1
21
22
SIM5
SIM1
SIM2
SIM3
SIM4
1
21
22
SIM5
SIM1
SIM2
SIM3
SIM4
1
21
22
SIM5
SIM1
SIM2
SIM3
SIM4
1
21
22
SIM5
SIM1
SIM2
SIM3
SIM4
1
21
22
SIM5
SIM1
SIM2
SIM3
SIM4
1
21
22
SIM5
SIM1
SIM2
SIM3
SIM4
1
21
22
SIM5
SIM1
SIM2
SIM3
SIM4
1
21
22
SIM5
SIM1
SIM2
SIM3
SIM4
1
21
22
SIM5
SIM1
SIM2
SIM3
SIM4
1
21
22
SIM5
SIM1
SIM2
SIM3
SIM4
1
21
22
SIM5
SIM1
SIM2
SIM3
SIM4
1
21
22
SIM5
SIM1
SIM2
SIM3
SIM4
1
21
22
SIM5
SIM1
SIM2
SIM3
SIM4
1
21
22
SIM5
SIM1
SIM2
SIM3
SIM4
1
21
22
SIM5
SIM1
SIM2
SIM3
SIM4
1
21
22
SIM5
SIM1
SIM2
SIM3
SIM4
1
21
22
SIM5
SIM1
SIM2
SIM3
SIM4
1
21
22
SIM5
SIM1
SIM2
SIM3
SIM4
1
21
22
SIM5
SIM1
SIM2
SIM3
SIM4
1
21
22
SIM5
SIM1
SIM2
SIM3
SIM4
1
21
22
SIM5
SIM1
SIM2
SIM3
SIM4
1
21
22
SIM5
SIM1
SIM2
SIM3
SIM4
1
21
22
SIM5
SIM1
SIM2
SIM3
SIM4
1
21
22
SIM5
SIM1
SIM2
SIM3
SIM4
1
21
22
SIM5
SIM1
SIM2
SIM3
SIM4
1
21
22
SIM5
SIM1
SIM2
SIM3
SIM4
1
21
22
SIM5
SIM1
SIM2
SIM3
SIM4
1
21
22
SIM5
SIM1
SIM2
SIM3
SIM4
1
21
22
SIM5
SIM1
SIM2
SIM3
SIM4
1
21
22
SIM5
SIM1
SIM2
SIM3
SIM4
1
21
22
SIM5
SIM1
SIM2
SIM3
SIM4
1
21
22
SIM5
SIM1
SIM2
SIM3
SIM4
1
21
22
SIM5
SIM1
SIM2
SIM3
SIM4
1
21
22
SIM5
SIM1
SIM2
SIM3
SIM4
1
21
22
SIM5
SIM1
SIM2
SIM3
SIM4
1
21
22
SIM5
SIM1
SIM2
SIM3
SIM4
1
21
22
SIM5
SIM1
SIM2
SIM3
SIM4
1
21
22
SIM5
SIM1
SIM2
SIM3
SIM4
1
21
22
SIM5
SIM1
SIM2
SIM3
SIM4
1
21
22
SIM5
SIM1
SIM2
SIM3
SIM4
1
21
22
SIM5
SIM1
SIM2
SIM3
SIM4
1
21
22
SIM5
SIM1
SIM2
SIM3
SIM4
1
21
22
SIM5
SIM1
SIM2
SIM3
SIM4
1
21
22
SIM5
SIM1
SIM2
SIM3
SIM4
1
21
22
SIM5
SIM1
SIM2
SIM3
SIM4
1
21
22
SIM5
SIM1
SIM2
SIM3
SIM4
1
21
22
SIM5
SIM1
SIM2
SIM3
SIM4
1
21
22
SIM5
SIM1
SIM2
SIM3
SIM4
1
21
22
SIM5
SIM1
SIM2
SIM3
SIM4
1
21
22
SIM5
SIM1
SIM2
SIM3
SIM4
1
21
22
SIM5
SIM1
SIM2
SIM3
SIM4
1
21
22
SIM5
SIM1
SIM2
SIM3
SIM4
1
21
22
SIM5
SIM1
SIM2
SIM3
SIM4
1
21
22
SIM5
SIM1
SIM2
SIM3
SIM4
1
21
22
SIM5
SIM1
SIM2
SIM3
SIM4
1
21
22
SIM5
SIM1
SIM2
SIM3
SIM4
1
21
22
SIM5
SIM1
SIM2
SIM3
SIM4
1
21
22
SIM5
SIM1
SIM2
SIM3
SIM4
1
21
22
SIM5
SIM1
SIM2
SIM3
SIM4
1
21
22
SIM5
SIM1
SIM2
SIM3
SIM4
1
21
22
SIM5
SIM1
SIM2
SIM3
SIM4
1
21
22
SIM5
SIM1
SIM2
DEBUG 1 706
SIM1
SIM2
SIM3
SIM4
1
21
22
SIM5
SIM1
SIM2
SIM3
SIM4
1
21
22
SIM5
SIM1
SIM2
SIM3
SIM4
1
21
22
SIM5
SIM1
SIM2
SIM3
SIM4
1
21
22
SIM5
SIM1
SIM2
SIM3
SIM4
1
21
22
SIM5
SIM1
SIM2
SIM3
SIM4
1
21
22
SIM5
SIM1
SIM2
SIM3
SIM4
1
21
22
SIM5
SIM1
SIM2
SIM3
SIM4
1
21
22
SIM5
SIM1
SIM2
SIM3
SIM4
1
21
22
SIM5
SIM1
SIM2
SIM3
SIM4
1
21
22
SIM5
SIM1
SIM2
SIM3
SIM4
1
21
22
SIM5
SIM1
SIM2
SIM3
SIM4
1
21
22
SIM5
SIM1
SIM2
SIM3
SIM4
1
21
22
SIM5
SIM1
SIM2
SIM3
SIM4
1
21
22
SIM5
SIM1
SIM2
SIM3
SIM4
1
21
22
SIM5
SIM1
SIM2
SIM3
SIM4
1
21
22
SIM5
SIM1
SIM2
SIM3
SIM4
1
21
22
SIM5
SIM1
SIM2
SIM3
SIM4
1
21
22
SIM5
SIM1
SIM2
SIM3
SIM4
1
21
22
SIM5
SIM1
SIM2
SIM3
SIM4
1
21
22
SIM5
SIM1
SIM2
SIM3
SIM4
1
21
22
SIM5
SIM1
SIM2
SIM3
SIM4
1
21
22
SIM5
SIM1
SIM2
SIM3
SIM4
1
21
22
SIM5
SIM1
SIM2
SIM3
SIM4
1
21
22
SIM5
SIM1
SIM2
SIM3
SIM4
1
21
22
SIM5
SIM1
SIM2
SIM3
SIM4
1
21
22
SIM5
SIM1
SIM2
SIM3
SIM4
1
21
22
SIM5
SIM1
SIM2
SIM3
SIM4
1
21
22
SIM5
SIM1
SIM2
SIM3
SIM4
1
21
22
SIM5
SIM1
SIM2
SIM3
SIM4
1
21
22
SIM5
SIM1
SIM2
SIM3
SIM4
1
21
22
SIM5
SIM1
SIM2
SIM3
SIM4
1
21
22
SIM5
SIM1
SIM2
SIM3
SIM4
1
21
22
SIM5
SIM1
SIM2
SIM3
SIM4
1
21
22
SIM5
SIM1
SIM2
SIM3
SIM4
1
21
22
SIM5
SIM1
SIM2
SIM3
SIM4
1
21
22
SIM5
SIM1
SIM2
SIM3
SIM4
1
21
22
SIM5
SIM1
SIM2
SIM3
SIM4
1
21
22
SIM5
SIM1
SIM2
SIM3
SIM4
1
21
22
SIM5
SIM1
SIM2
SIM3
SIM4
1
21
22
SIM5
SIM1
SIM2
SIM3
SIM4
1
21
22
SIM5
SIM1
SIM2
SIM3
SIM4
1
21
22
SIM5
SIM1
SIM2
SIM3
SIM4
1
21
22
SIM5
SIM1
SIM2
SIM3
SIM4
1
21
22
SIM5
SIM1
SIM2
SIM3
SIM4
1
21
22
SIM5
SIM1
SIM2
SIM3
SIM4
1
21
22
SIM5
SIM1
SIM2
SIM3
SIM4
1
21
22
SIM5
SIM1
SIM2
SIM3
SIM4
1
21
22
SIM5
SIM1
SIM2
SIM3
SIM4
1
21
22
SIM5
SIM1
SIM2
SIM3
SIM4
1
21
22
SIM5
SIM1
SIM2
SIM3
SIM4
1
21
22
SIM5
SIM1
SIM2
SIM3
SIM4
1
21
22
SIM5
SIM1
SIM2
SIM3
SIM4
1
21
22
SIM5
SIM1
SIM2
SIM3
SIM4
1
21
22
SIM5
SIM1
SIM2
SIM3
SIM4
1
21
22
SIM5
SIM1
SIM2
SIM3
SIM4
1
21
22
SIM5
SIM1
SIM2
SIM3
SIM4
1
21
22
SIM5
SIM1
SIM2
SIM3
SIM4
1
21
22
SIM5
SIM1
SIM2
SIM3
SIM4
1
21
22
SIM5
SIM1
SIM2
SIM3
SIM4
1
21
22
SIM5
SIM1
SIM2
SIM3
SIM4
1
21
22
SIM5
SIM1
SIM2
SIM3
SIM4
1
21
22
SIM5
SIM1
SIM2
SIM3
SIM4
1
21
22
SIM5
SIM1
SIM2
SIM3
SIM4
1
21
22
SIM5
SIM1
SIM2
SIM3
SIM4
1
21
22
SIM5
SIM1
SIM2
SIM3
SIM4
1
21
22
SIM5
SIM1
SIM2
SIM3
SIM4
1
21
22
SIM5
SIM1
SIM2
SIM3
SIM4
1
21
22
SIM5
SIM1
SIM2
SIM3
SIM4
1
21
22
SIM5
SIM1
SIM2
SIM3
SIM4
1
21
22
SIM5
SIM1
SIM2
SIM3
SIM4
1
21
22
SIM5
SIM1
SIM2
SIM3
SIM4
1
21
22
SIM5
SIM1
SIM2
SIM3
SIM4
1
21
22
SIM5
SIM1
SIM2
SIM3
SIM4
1
21
22
SIM5
SIM1
SIM2
SIM3
SIM4
1
21
22
SIM5
SIM1
SIM2
SIM3
SIM4
1
21
22
SIM5
SIM1
SIM2
SIM3
SIM4
1
21
22
SIM5
SIM1
SIM2
SIM3
SIM4
1
21
22
SIM5
SIM1
SIM2
SIM3
SIM4
1
21
22
SIM5
SIM1
SIM2
SIM3
SIM4
1
21
22
SIM5
SIM1
SIM2
SIM3
SIM4
1
21
22
SIM5
SIM1
SIM2
SIM3
SIM4
1
21
22
SIM5
SIM1
SIM2
SIM3
SIM4
1
21
22
SIM5
SIM1
SIM2
SIM3
SIM4
1
21
22
SIM5
SIM1
SIM2
SIM3
SIM4
1
21
22
SIM5
SIM1
SIM2
SIM3
SIM4
1
21
22
SIM5
SIM1
SIM2
SIM3
SIM4
1
21
22
SIM5
SIM1
SIM2
SIM3
SIM4
1
21
22
SIM5
SIM1
SIM2
SIM3
SIM4
1
21
22
SIM5
SIM1
SIM2
SIM3
SIM4
1
21
22
SIM5
SIM1
SIM2
SIM3
SIM4
1
21
22
SIM5
SIM1
SIM2
SIM3
SIM4
1
21
22
SIM5
SIM1
SIM2
SIM3
SIM4
1
21
22
SIM5
SIM1
SIM2
SIM3
SIM4
1
21
22
SIM5
SIM1
SIM2
SIM3
SIM4
1
21
22
SIM5
SIM1
SIM2
SIM3
SIM4
1
21
22
SIM5
SIM1
SIM2
SIM3
SIM4
1
21
22
SIM5
SIM1
SIM2
SIM3
SIM4
1
21
22
SIM5
SIM1
SIM2
SIM3
SIM4
1
21
22
SIM5
SIM1
SIM2
SIM3
SIM4
1
21
22
SIM5
SIM1
SIM2
SIM3
SIM4
1
21
22
SIM5
SIM1
SIM2
SIM3
SIM4
1
21
22
SIM5
SIM1
SIM2
SIM3
SIM4
1
21
22
SIM5
SIM1
SIM2
SIM3
SIM4
1
21
22
SIM5
SIM1
SIM2
SIM3
SIM4
1
21
22
SIM5
SIM1
SIM2
SIM3
SIM4
1
21
22
SIM5
SIM1
SIM2
SIM3
SIM4
1
21
22
SIM5
SIM1
SIM2
SIM3
SIM4
1
21
22
SIM5
SIM1
SIM2
SIM3
SIM4
1
21
22
SIM5
SIM1
SIM2
SIM3
SIM4
1
21
22
SIM5
SIM1
SIM2
SIM3
SIM4
1
21
22
SIM5
SIM1
SIM2
SIM3
SIM4
1
21
22
SIM5
SIM1
SIM2
SIM3
SIM4
1
21
22
SIM5
SIM1
SIM2
SIM3
SIM4
1
21
22
SIM5
SIM1
SIM2
SIM3
SIM4
1
21
22
SIM5
SIM1
SIM2
SIM3
SIM4
1
21
22
SIM5
SIM1
SIM2
SIM3
SIM4
1
21
22
SIM5
SIM1
SIM2
SIM3
SIM4
1
21
22
SIM5
SIM1
SIM2
SIM3
SIM4
1
21
22
SIM5
SIM1
SIM2
SIM3
SIM4
1
21
22
SIM5
SIM1
SIM2
SIM3
SIM4
1
21
22
SIM5
SIM1
SIM2
SIM3
SIM4
1
21
22
SIM5
SIM1
SIM2
SIM3
SIM4
1
21
22
SIM5
SIM1
SIM2
SIM3
SIM4
1
21
22
SIM5
SIM1
SIM2
SIM3
SIM4
1
21
22
SIM5
SIM1
SIM2
SIM3
SIM4
1
21
22
SIM5
SIM1
SIM2
SIM3
SIM4
1
21
22
SIM5
SIM1
SIM2
SIM3
SIM4
1
21
22
SIM5
SIM1
SIM2
SIM3
SIM4
1
21
22
SIM5
SIM1
SIM2
SIM3
SIM4
1
21
22
SIM5
SIM1
SIM2
SIM3
SIM4
1
21
22
SIM5
SIM1
SIM2
SIM3
SIM4
1
21
22
SIM5
SIM1
SIM2
SIM3
SIM4
1
21
22
SIM5
SIM1
SIM2
SIM3
SIM4
1
21
22
SIM5
SIM1
SIM2
SIM3
SIM4
1
21
22
SIM5
SIM1
SIM2
SIM3
SIM4
1
21
22
SIM5
SIM1
SIM2
SIM3
SIM4
1
21
22
SIM5
SIM1
SIM2
SIM3
SIM4
1
21
22
SIM5
SIM1
SIM2
SIM3
SIM4
1
21
22
SIM5
SIM1
SIM2
SIM3
SIM4
1
21
22
SIM5
SIM1
SIM2
SIM3
SIM4
1
21
22
SIM5
SIM1
SIM2
SIM3
SIM4
1
21
22
SIM5
SIM1
SIM2
SIM3
SIM4
1
21
22
SIM5
SIM1
SIM2
SIM3
SIM4
1
21
22
SIM5
SIM1
SIM2
SIM3
SIM4
1
21
22
SIM5
SIM1
SIM2
SIM3
SIM4
1
21
22
SIM5
SIM1
SIM2
SIM3
SIM4
1
21
22
SIM5
SIM1
SIM2
SIM3
SIM4
1
21
22
SIM5
SIM1
SIM2
SIM3
SIM4
1
21
22
SIM5
SIM1
SIM2
SIM3
SIM4
1
21
22
SIM5
SIM1
SIM2
SIM3
SIM4
1
21
22
SIM5
SIM1
SIM2
SIM3
SIM4
1
21
22
SIM5
SIM1
SIM2
SIM3
SIM4
1
21
22
SIM5
SIM1
SIM2
SIM3
SIM4
1
21
22
SIM5
SIM1
SIM2
SIM3
SIM4
1
21
22
SIM5
SIM1
SIM2
SIM3
SIM4
1
21
22
SIM5
SIM1
SIM2
SIM3
SIM4
1
21
22
SIM5
SIM1
SIM2
SIM3
SIM4
1
21
22
SIM5
SIM1
SIM2
SIM3
SIM4
1
21
22
SIM5
SIM1
SIM2
SIM3
SIM4
1
21
22
SIM5
SIM1
SIM2
SIM3
SIM4
1
21
22
SIM5
SIM1
SIM2
SIM3
SIM4
1
21
22
SIM5
SIM1
SIM2
SIM3
SIM4
1
21
22
SIM5
SIM1
SIM2
SIM3
SIM4
1
21
22
SIM5
SIM1
SIM2
SIM3
SIM4
1
21
22
SIM5
SIM1
SIM2
SIM3
SIM4
1
21
22
SIM5
SIM1
SIM2
SIM3
SIM4
1
21
22
SIM5
SIM1
SIM2
SIM3
SIM4
1
21
22
SIM5
SIM1
SIM2
SIM3
SIM4
1
21
22
SIM5
SIM1
SIM2
SIM3
SIM4
1
21
22
SIM5
SIM1
SIM2
SIM3
SIM4
1
21
22
SIM5
SIM1
SIM2
SIM3
SIM4
1
21
22
SIM5
SIM1
SIM2
SIM3
SIM4
1
21
22
SIM5
SIM1
SIM2
SIM3
SIM4
1
21
22
SIM5
SIM1
SIM2
SIM3
SIM4
1
21
22
SIM5
SIM1
SIM2
SIM3
SIM4
1
21
22
SIM5
SIM1
SIM2
SIM3
SIM4
1
21
22
SIM5
SIM1
SIM2
SIM3
SIM4
1
21
22
SIM5
SIM1
SIM2
SIM3
SIM4
1
21
22
SIM5
SIM1
SIM2
SIM3
SIM4
1
21
22
SIM5
SIM1
SIM2
SIM3
SIM4
1
21
22
SIM5
SIM1
SIM2
SIM3
SIM4
1
21
22
SIM5
SIM1
SIM2
SIM3
SIM4
1
21
22
SIM5
SIM1
SIM2
SIM3
SIM4
1
21
22
SIM5
SIM1
SIM2
SIM3
SIM4
1
21
22
SIM5
SIM1
SIM2
SIM3
SIM4
1
21
22
SIM5
SIM1
SIM2
SIM3
SIM4
1
21
22
SIM5
SIM1
SIM2
SIM3
SIM4
1
21
22
SIM5
SIM1
SIM2
SIM3
SIM4
1
21
22
SIM5
SIM1
SIM2
SIM3
SIM4
1
21
22
SIM5
SIM1
SIM2
SIM3
SIM4
1
21
22
SIM5
SIM1
SIM2
SIM3
SIM4
1
21
22
SIM5
SIM1
SIM2
SIM3
SIM4
1
21
22
SIM5
SIM1
SIM2
SIM3
SIM4
1
21
22
SIM5
SIM1
SIM2
SIM3
SIM4
1
21
22
SIM5
SIM1
SIM2
DEBUG 1 707
SIM1
SIM2
SIM3
SIM4
1
21
22
SIM5
SIM1
SIM2
SIM3
SIM4
1
21
22
SIM5
SIM1
SIM2
SIM3
SIM4
1
21
22
SIM5
SIM1
SIM2
SIM3
SIM4
1
21
22
SIM5
SIM1
SIM2
SIM3
SIM4
1
21
22
SIM5
SIM1
SIM2
SIM3
SIM4
1
21
22
SIM5
SIM1
SIM2
SIM3
SIM4
1
21
22
SIM5
SIM1
SIM2
SIM3
SIM4
1
21
22
SIM5
SIM1
SIM2
SIM3
SIM4
1
21
22
SIM5
SIM1
SIM2
SIM3
SIM4
1
21
22
SIM5
SIM1
SIM2
SIM3
SIM4
1
21
22
SIM5
SIM1
SIM2
SIM3
SIM4
1
21
22
SIM5
SIM1
SIM2
SIM3
SIM4
1
21
22
SIM5
SIM1
SIM2
SIM3
SIM4
1
21
22
SIM5
SIM1
SIM2
SIM3
SIM4
1
21
22
SIM5
SIM1
SIM2
SIM3
SIM4
1
21
22
SIM5
SIM1
SIM2
SIM3
SIM4
1
21
22
SIM5
SIM1
SIM2
SIM3
SIM4
1
21
22
SIM5
SIM1
SIM2
SIM3
SIM4
1
21
22
SIM5
SIM1
SIM2
SIM3
SIM4
1
21
22
SIM5
SIM1
SIM2
SIM3
SIM4
1
21
22
SIM5
SIM1
SIM2
SIM3
SIM4
1
21
22
SIM5
SIM1
SIM2
SIM3
SIM4
1
21
22
SIM5
SIM1
SIM2
SIM3
SIM4
1
21
22
SIM5
SIM1
SIM2
SIM3
SIM4
1
21
22
SIM5
SIM1
SIM2
SIM3
SIM4
1
21
22
SIM5
SIM1
SIM2
SIM3
SIM4
1
21
22
SIM5
SIM1
SIM2
SIM3
SIM4
1
21
22
SIM5
SIM1
SIM2
SIM3
SIM4
1
21
22
SIM5
SIM1
SIM2
SIM3
SIM4
1
21
22
SIM5
SIM1
SIM2
SIM3
SIM4
1
21
22
SIM5
SIM1
SIM2
SIM3
SIM4
1
21
22
SIM5
SIM1
SIM2
SIM3
SIM4
1
21
22
SIM5
SIM1
SIM2
SIM3
SIM4
1
21
22
SIM5
SIM1
SIM2
SIM3
SIM4
1
21
22
SIM5
SIM1
SIM2
SIM3
SIM4
1
21
22
SIM5
SIM1
SIM2
SIM3
SIM4
1
21
22
SIM5
SIM1
SIM2
SIM3
SIM4
1
21
22
SIM5
SIM1
SIM2
SIM3
SIM4
1
21
22
SIM5
SIM1
SIM2
SIM3
SIM4
1
21
22
SIM5
SIM1
SIM2
SIM3
SIM4
1
21
22
SIM5
SIM1
SIM2
SIM3
SIM4
1
21
22
SIM5
SIM1
SIM2
SIM3
SIM4
1
21
22
SIM5
SIM1
SIM2
SIM3
SIM4
1
21
22
SIM5
SIM1
SIM2
SIM3
SIM4
1
21
22
SIM5
SIM1
SIM2
SIM3
SIM4
1
21
22
SIM5
SIM1
SIM2
SIM3
SIM4
1
21
22
SIM5
SIM1
SIM2
SIM3
SIM4
1
21
22
SIM5
SIM1
SIM2
SIM3
SIM4
1
21
22
SIM5
SIM1
SIM2
SIM3
SIM4
1
21
22
SIM5
SIM1
SIM2
SIM3
SIM4
1
21
22
SIM5
SIM1
SIM2
SIM3
SIM4
1
21
22
SIM5
SIM1
SIM2
SIM3
SIM4
1
21
22
SIM5
SIM1
SIM2
SIM3
SIM4
1
21
22
SIM5
SIM1
SIM2
SIM3
SIM4
1
21
22
SIM5
SIM1
SIM2
SIM3
SIM4
1
21
22
SIM5
SIM1
SIM2
SIM3
SIM4
1
21
22
SIM5
SIM1
SIM2
SIM3
SIM4
1
21
22
SIM5
SIM1
SIM2
SIM3
SIM4
1
21
22
SIM5
SIM1
SIM2
SIM3
SIM4
1
21
22
SIM5
SIM1
SIM2
SIM3
SIM4
1
21
22
SIM5
SIM1
SIM2
SIM3
SIM4
1
21
22
SIM5
SIM1
SIM2
SIM3
SIM4
1
21
22
SIM5
SIM1
SIM2
SIM3
SIM4
1
21
22
SIM5
SIM1
SIM2
SIM3
SIM4
1
21
22
SIM5
SIM1
SIM2
SIM3
SIM4
1
21
22
SIM5
SIM1
SIM2
SIM3
SIM4
1
21
22
SIM5
SIM1
SIM2
SIM3
SIM4
1
21
22
SIM5
SIM1
SIM2
SIM3
SIM4
1
21
22
SIM5
SIM1
SIM2
SIM3
SIM4
1
21
22
SIM5
SIM1
SIM2
SIM3
SIM4
1
21
22
SIM5
SIM1
SIM2
SIM3
SIM4
1
21
22
SIM5
SIM1
SIM2
SIM3
SIM4
1
21
22
SIM5
SIM1
SIM2
SIM3
SIM4
1
21
22
SIM5
SIM1
SIM2
SIM3
SIM4
1
21
22
SIM5
SIM1
SIM2
SIM3
SIM4
1
21
22
SIM5
SIM1
SIM2
SIM3
SIM4
1
21
22
SIM5
SIM1
SIM2
SIM3
SIM4
1
21
22
SIM5
SIM1
SIM2
SIM3
SIM4
1
21
22
SIM5
SIM1
SIM2
SIM3
SIM4
1
21
22
SIM5
SIM1
SIM2
SIM3
SIM4
1
21
22
SIM5
SIM1
SIM2
SIM3
SIM4
1
21
22
SIM5
SIM1
SIM2
SIM3
SIM4
1
21
22
SIM5
SIM1
SIM2
SIM3
SIM4
1
21
22
SIM5
SIM1
SIM2
SIM3
SIM4
1
21
22
SIM5
SIM1
SIM2
SIM3
SIM4
1
21
22
SIM5
SIM1
SIM2
SIM3
SIM4
1
21
22
SIM5
SIM1
SIM2
SIM3
SIM4
1
21
22
SIM5
SIM1
SIM2
SIM3
SIM4
1
21
22
SIM5
SIM1
SIM2
SIM3
SIM4
1
21
22
SIM5
SIM1
SIM2
SIM3
SIM4
1
21
22
SIM5
SIM1
SIM2
SIM3
SIM4
1
21
22
SIM5
SIM1
SIM2
SIM3
SIM4
1
21
22
SIM5
SIM1
SIM2
SIM3
SIM4
1
21
22
SIM5
SIM1
SIM2
SIM3
SIM4
1
21
22
SIM5
SIM1
SIM2
SIM3
SIM4
1
21
22
SIM5
SIM1
SIM2
SIM3
SIM4
1
21
22
SIM5
SIM1
SIM2
SIM3
SIM4
1
21
22
SIM5
SIM1
SIM2
SIM3
SIM4
1
21
22
SIM5
SIM1
SIM2
SIM3
SIM4
1
21
22
SIM5
SIM1
SIM2
SIM3
SIM4
1
21
22
SIM5
SIM1
SIM2
SIM3
SIM4
1
21
22
SIM5
SIM1
SIM2
SIM3
SIM4
1
21
22
SIM5
SIM1
SIM2
SIM3
SIM4
1
21
22
SIM5
SIM1
SIM2
DEBUG 1 708
SIM1
SIM2
SIM3
SIM4
1
21
22
SIM5
SIM1
SIM2
SIM3
SIM4
1
21
22
SIM5
SIM1
SIM2
SIM3
SIM4
1
21
22
SIM5
SIM1
SIM2
SIM3
SIM4
1
21
22
SIM5
SIM1
SIM2
SIM3
SIM4
1
21
22
SIM5
SIM1
SIM2
SIM3
SIM4
1
21
22
SIM5
SIM1
SIM2
SIM3
SIM4
1
21
22
SIM5
SIM1
SIM2
SIM3
SIM4
1
21
22
SIM5
SIM1
SIM2
SIM3
SIM4
1
21
22
SIM5
SIM1
SIM2
SIM3
SIM4
1
21
22
SIM5
SIM1
SIM2
SIM3
SIM4
1
21
22
SIM5
SIM1
SIM2
SIM3
SIM4
1
21
22
SIM5
SIM1
SIM2
SIM3
SIM4
1
21
22
SIM5
SIM1
SIM2
SIM3
SIM4
1
21
22
SIM5
SIM1
SIM2
SIM3
SIM4
1
21
22
SIM5
SIM1
SIM2
SIM3
SIM4
1
21
22
SIM5
SIM1
SIM2
SIM3
SIM4
1
21
22
SIM5
SIM1
SIM2
SIM3
SIM4
1
21
22
SIM5
SIM1
SIM2
SIM3
SIM4
1
21
22
SIM5
SIM1
SIM2
SIM3
SIM4
1
21
22
SIM5
SIM1
SIM2
SIM3
SIM4
1
21
22
SIM5
SIM1
SIM2
SIM3
SIM4
1
21
22
SIM5
SIM1
SIM2
SIM3
SIM4
1
21
22
SIM5
SIM1
SIM2
SIM3
SIM4
1
21
22
SIM5
SIM1
SIM2
SIM3
SIM4
1
21
22
SIM5
SIM1
SIM2
SIM3
SIM4
1
21
22
SIM5
SIM1
SIM2
SIM3
SIM4
1
21
22
SIM5
SIM1
SIM2
SIM3
SIM4
1
21
22
SIM5
SIM1
SIM2
SIM3
SIM4
1
21
22
SIM5
SIM1
SIM2
SIM3
SIM4
1
21
22
SIM5
SIM1
SIM2
SIM3
SIM4
1
21
22
SIM5
SIM1
SIM2
SIM3
SIM4
1
21
22
SIM5
SIM1
SIM2
SIM3
SIM4
1
21
22
SIM5
SIM1
SIM2
SIM3
SIM4
1
21
22
SIM5
SIM1
SIM2
SIM3
SIM4
1
21
22
SIM5
SIM1
SIM2
SIM3
SIM4
1
21
22
SIM5
SIM1
SIM2
SIM3
SIM4
1
21
22
SIM5
SIM1
SIM2
SIM3
SIM4
1
21
22
SIM5
SIM1
SIM2
SIM3
SIM4
1
21
22
SIM5
SIM1
SIM2
SIM3
SIM4
1
21
22
SIM5
SIM1
SIM2
SIM3
SIM4
1
21
22
SIM5
SIM1
SIM2
SIM3
SIM4
1
21
22
SIM5
SIM1
SIM2
SIM3
SIM4
1
21
22
SIM5
SIM1
SIM2
SIM3
SIM4
1
21
22
SIM5
SIM1
SIM2
SIM3
SIM4
1
21
22
SIM5
SIM1
SIM2
SIM3
SIM4
1
21
22
SIM5
SIM1
SIM2
SIM3
SIM4
1
21
22
SIM5
SIM1
SIM2
SIM3
SIM4
1
21
22
SIM5
SIM1
SIM2
SIM3
SIM4
1
21
22
SIM5
SIM1
SIM2
SIM3
SIM4
1
21
22
SIM5
SIM1
SIM2
SIM3
SIM4
1
21
22
SIM5
SIM1
SIM2
SIM3
SIM4
1
21
22
SIM5
SIM1
SIM2
SIM3
SIM4
1
21
22
SIM5
SIM1
SIM2
SIM3
SIM4
1
21
22
SIM5
SIM1
SIM2
SIM3
SIM4
1
21
22
SIM5
SIM1
SIM2
SIM3
SIM4
1
21
22
SIM5
SIM1
SIM2
SIM3
SIM4
1
21
22
SIM5
SIM1
SIM2
SIM3
SIM4
1
21
22
SIM5
SIM1
SIM2
SIM3
SIM4
1
21
22
SIM5
SIM1
SIM2
SIM3
SIM4
1
21
22
SIM5
SIM1
SIM2
SIM3
SIM4
1
21
22
SIM5
SIM1
SIM2
SIM3
SIM4
1
21
22
SIM5
SIM1
SIM2
SIM3
SIM4
1
21
22
SIM5
SIM1
SIM2
SIM3
SIM4
1
21
22
SIM5
SIM1
SIM2
SIM3
SIM4
1
21
22
SIM5
SIM1
SIM2
SIM3
SIM4
1
21
22
SIM5
SIM1
SIM2
SIM3
SIM4
1
21
22
SIM5
SIM1
SIM2
SIM3
SIM4
1
21
22
SIM5
SIM1
SIM2
SIM3
SIM4
1
21
22
SIM5
SIM1
SIM2
SIM3
SIM4
1
21
22
SIM5
SIM1
SIM2
SIM3
SIM4
1
21
22
SIM5
SIM1
SIM2
SIM3
SIM4
1
21
22
SIM5
SIM1
SIM2
SIM3
SIM4
1
21
22
SIM5
SIM1
SIM2
SIM3
SIM4
1
21
22
SIM5
SIM1
SIM2
SIM3
SIM4
1
21
22
SIM5
SIM1
SIM2
SIM3
SIM4
1
21
22
SIM5
SIM1
SIM2
SIM3
SIM4
1
21
22
SIM5
SIM1
SIM2
SIM3
SIM4
1
21
22
SIM5
SIM1
SIM2
SIM3
SIM4
1
21
22
SIM5
SIM1
SIM2
SIM3
SIM4
1
21
22
SIM5
SIM1
SIM2
SIM3
SIM4
1
21
22
SIM5
SIM1
SIM2
SIM3
SIM4
1
21
22
SIM5
SIM1
SIM2
SIM3
SIM4
1
21
22
SIM5
SIM1
SIM2
SIM3
SIM4
1
21
22
SIM5
SIM1
SIM2
SIM3
SIM4
1
21
22
SIM5
SIM1
SIM2
SIM3
SIM4
1
21
22
SIM5
SIM1
SIM2
SIM3
SIM4
1
21
22
SIM5
SIM1
SIM2
SIM3
SIM4
1
21
22
SIM5
SIM1
SIM2
SIM3
SIM4
1
21
22
SIM5
SIM1
SIM2
SIM3
SIM4
1
21
22
SIM5
SIM1
SIM2
SIM3
SIM4
1
21
22
SIM5
SIM1
SIM2
SIM3
SIM4
1
21
22
SIM5
SIM1
SIM2
SIM3
SIM4
1
21
22
SIM5
SIM1
SIM2
SIM3
SIM4
1
21
22
SIM5
SIM1
SIM2
SIM3
SIM4
1
21
22
SIM5
SIM1
SIM2
SIM3
SIM4
1
21
22
SIM5
SIM1
SIM2
SIM3
SIM4
1
21
22
SIM5
SIM1
SIM2
SIM3
SIM4
1
21
22
SIM5
SIM1
SIM2
SIM3
SIM4
1
21
22
SIM5
SIM1
SIM2
SIM3
SIM4
1
21
22
SIM5
SIM1
SIM2
SIM3
SIM4
1
21
22
SIM5
SIM1
SIM2
SIM3
SIM4
1
21
22
SIM5
SIM1
SIM2
SIM3
SIM4
1
21
22
SIM5
SIM1
SIM2
SIM3
SIM4
1
21
22
SIM5
SIM1
SIM2
SIM3
SIM4
1
21
22
SIM5
SIM1
SIM2
SIM3
SIM4
1
21
22
SIM5
SIM1
SIM2
SIM3
SIM4
1
21
22
SIM5
SIM1
SIM2
SIM3
SIM4
1
21
22
SIM5
SIM1
SIM2
SIM3
SIM4
1
21
22
SIM5
SIM1
SIM2
SIM3
SIM4
1
21
22
SIM5
SIM1
SIM2
SIM3
SIM4
1
21
22
SIM5
SIM1
SIM2
SIM3
SIM4
1
21
22
SIM5
SIM1
SIM2
SIM3
SIM4
1
21
22
SIM5
SIM1
SIM2
SIM3
SIM4
1
21
22
SIM5
SIM1
SIM2
SIM3
SIM4
1
21
22
SIM5
SIM1
SIM2
SIM3
SIM4
1
21
22
SIM5
SIM1
SIM2
SIM3
SIM4
1
21
22
SIM5
SIM1
SIM2
SIM3
SIM4
1
21
22
SIM5
SIM1
SIM2
SIM3
SIM4
1
21
22
SIM5
SIM1
SIM2
SIM3
SIM4
1
21
22
SIM5
SIM1
SIM2
SIM3
SIM4
1
21
22
SIM5
SIM1
SIM2
SIM3
SIM4
1
21
22
SIM5
SIM1
SIM2
SIM3
SIM4
1
21
22
SIM5
SIM1
SIM2
SIM3
SIM4
1
21
22
SIM5
SIM1
SIM2
SIM3
SIM4
1
21
22
SIM5
SIM1
SIM2
SIM3
SIM4
1
21
22
SIM5
SIM1
SIM2
SIM3
SIM4
1
21
22
SIM5
SIM1
SIM2
SIM3
SIM4
1
21
22
SIM5
SIM1
SIM2
SIM3
SIM4
1
21
22
SIM5
SIM1
SIM2
SIM3
SIM4
1
21
22
SIM5
SIM1
SIM2
SIM3
SIM4
1
21
22
SIM5
SIM1
SIM2
SIM3
SIM4
1
21
22
SIM5
SIM1
SIM2
SIM3
SIM4
1
21
22
SIM5
SIM1
SIM2
SIM3
SIM4
1
21
22
SIM5
SIM1
SIM2
SIM3
SIM4
1
21
22
SIM5
SIM1
SIM2
SIM3
SIM4
1
21
22
SIM5
SIM1
SIM2
SIM3
SIM4
1
21
22
SIM5
SIM1
SIM2
SIM3
SIM4
1
21
22
SIM5
SIM1
SIM2
SIM3
SIM4
1
21
22
SIM5
SIM1
SIM2
SIM3
SIM4
1
21
22
SIM5
SIM1
SIM2
SIM3
SIM4
1
21
22
SIM5
SIM1
SIM2
SIM3
SIM4
1
21
22
SIM5
SIM1
SIM2
SIM3
SIM4
1
21
22
SIM5
SIM1
SIM2
SIM3
SIM4
1
21
22
SIM5
SIM1
SIM2
SIM3
SIM4
1
21
22
SIM5
SIM1
SIM2
SIM3
SIM4
1
21
22
SIM5
SIM1
SIM2
SIM3
SIM4
1
21
22
SIM5
SIM1
SIM2
SIM3
SIM4
1
21
22
SIM5
SIM1
SIM2
SIM3
SIM4
1
21
22
SIM5
SIM1
SIM2
SIM3
SIM4
1
21
22
SIM5
SIM1
SIM2
SIM3
SIM4
1
21
22
SIM5
SIM1
SIM2
SIM3
SIM4
1
21
22
SIM5
SIM1
SIM2
SIM3
SIM4
1
21
22
SIM5
SIM1
SIM2
SIM3
SIM4
1
21
22
SIM5
SIM1
SIM2
SIM3
SIM4
1
21
22
SIM5
SIM1
SIM2
SIM3
SIM4
1
21
22
SIM5
SIM1
SIM2
SIM3
SIM4
1
21
22
SIM5
SIM1
SIM2
SIM3
SIM4
1
21
22
SIM5
SIM1
SIM2
SIM3
SIM4
1
21
22
SIM5
SIM1
SIM2
SIM3
SIM4
1
21
22
SIM5
SIM1
SIM2
SIM3
SIM4
1
21
22
SIM5
SIM1
SIM2
SIM3
SIM4
1
21
22
SIM5
SIM1
SIM2
SIM3
SIM4
1
21
22
SIM5
SIM1
SIM2
SIM3
SIM4
1
21
22
SIM5
SIM1
SIM2
SIM3
SIM4
1
21
22
SIM5
SIM1
SIM2
SIM3
SIM4
1
21
22
SIM5
SIM1
SIM2
SIM3
SIM4
1
21
22
SIM5
SIM1
SIM2
SIM3
SIM4
1
21
22
SIM5
SIM1
SIM2
SIM3
SIM4
1
21
22
SIM5
SIM1
SIM2
SIM3
SIM4
1
21
22
SIM5
SIM1
SIM2
SIM3
SIM4
1
21
22
SIM5
SIM1
SIM2
SIM3
SIM4
1
21
22
SIM5
SIM1
SIM2
SIM3
SIM4
1
21
22
SIM5
SIM1
SIM2
SIM3
SIM4
1
21
22
SIM5
SIM1
SIM2
SIM3
SIM4
1
21
22
SIM5
SIM1
SIM2
SIM3
SIM4
1
21
22
SIM5
SIM1
SIM2
SIM3
SIM4
1
21
22
SIM5
SIM1
SIM2
SIM3
SIM4
1
21
22
SIM5
SIM1
SIM2
SIM3
SIM4
1
21
22
SIM5
SIM1
SIM2
SIM3
SIM4
1
21
22
SIM5
SIM1
SIM2
SIM3
SIM4
1
21
22
SIM5
SIM1
SIM2
SIM3
SIM4
1
21
22
SIM5
SIM1
SIM2
SIM3
SIM4
1
21
22
SIM5
SIM1
SIM2
SIM3
SIM4
1
21
22
SIM5
SIM1
SIM2
SIM3
SIM4
1
21
22
SIM5
SIM1
SIM2
SIM3
SIM4
1
21
22
SIM5
SIM1
SIM2
SIM3
SIM4
1
21
22
SIM5
SIM1
SIM2
SIM3
SIM4
1
21
22
SIM5
SIM1
SIM2
SIM3
SIM4
1
21
22
SIM5
SIM1
SIM2
SIM3
SIM4
1
21
22
SIM5
SIM1
SIM2
SIM3
SIM4
1
21
22
SIM5
SIM1
SIM2
DEBUG 1 709
SIM1
SIM2
SIM3
SIM4
1
21
22
SIM5
SIM1
SIM2
SIM3
SIM4
1
21
22
SIM5
SIM1
SIM2
SIM3
SIM4
1
21
22
SIM5
SIM1
SIM2
SIM3
SIM4
1
21
22
SIM5
SIM1
SIM2
SIM3
SIM4
1
21
22
SIM5
SIM1
SIM2
SIM3
SIM4
1
21
22
SIM5
SIM1
SIM2
SIM3
SIM4
1
21
22
SIM5
SIM1
SIM2
SIM3
SIM4
1
21
22
SIM5
SIM1
SIM2
SIM3
SIM4
1
21
22
SIM5
SIM1
SIM2
SIM3
SIM4
1
21
22
SIM5
SIM1
SIM2
SIM3
SIM4
1
21
22
SIM5
SIM1
SIM2
SIM3
SIM4
1
21
22
SIM5
SIM1
SIM2
SIM3
SIM4
1
21
22
SIM5
SIM1
SIM2
SIM3
SIM4
1
21
22
SIM5
SIM1
SIM2
SIM3
SIM4
1
21
22
SIM5
SIM1
SIM2
SIM3
SIM4
1
21
22
SIM5
SIM1
SIM2
SIM3
SIM4
1
21
22
SIM5
SIM1
SIM2
SIM3
SIM4
1
21
22
SIM5
SIM1
SIM2
SIM3
SIM4
1
21
22
SIM5
SIM1
SIM2
SIM3
SIM4
1
21
22
SIM5
SIM1
SIM2
SIM3
SIM4
1
21
22
SIM5
SIM1
SIM2
SIM3
SIM4
1
21
22
SIM5
SIM1
SIM2
SIM3
SIM4
1
21
22
SIM5
SIM1
SIM2
SIM3
SIM4
1
21
22
SIM5
SIM1
SIM2
SIM3
SIM4
1
21
22
SIM5
SIM1
SIM2
SIM3
SIM4
1
21
22
SIM5
SIM1
SIM2
SIM3
SIM4
1
21
22
SIM5
SIM1
SIM2
SIM3
SIM4
1
21
22
SIM5
SIM1
SIM2
SIM3
SIM4
1
21
22
SIM5
SIM1
SIM2
SIM3
SIM4
1
21
22
SIM5
SIM1
SIM2
SIM3
SIM4
1
21
22
SIM5
SIM1
SIM2
SIM3
SIM4
1
21
22
SIM5
SIM1
SIM2
SIM3
SIM4
1
21
22
SIM5
SIM1
SIM2
SIM3
SIM4
1
21
22
SIM5
SIM1
SIM2
SIM3
SIM4
1
21
22
SIM5
SIM1
SIM2
SIM3
SIM4
1
21
22
SIM5
SIM1
SIM2
SIM3
SIM4
1
21
22
SIM5
SIM1
SIM2
SIM3
SIM4
1
21
22
SIM5
SIM1
SIM2
SIM3
SIM4
1
21
22
SIM5
SIM1
SIM2
SIM3
SIM4
1
21
22
SIM5
SIM1
SIM2
SIM3
SIM4
1
21
22
SIM5
SIM1
SIM2
SIM3
SIM4
1
21
22
SIM5
SIM1
SIM2
SIM3
SIM4
1
21
22
SIM5
SIM1
SIM2
SIM3
SIM4
1
21
22
SIM5
SIM1
SIM2
SIM3
SIM4
1
21
22
SIM5
SIM1
SIM2
SIM3
SIM4
1
21
22
SIM5
SIM1
SIM2
SIM3
SIM4
1
21
22
SIM5
SIM1
SIM2
SIM3
SIM4
1
21
22
SIM5
SIM1
SIM2
SIM3
SIM4
1
21
22
SIM5
SIM1
SIM2
SIM3
SIM4
1
21
22
SIM5
SIM1
SIM2
SIM3
SIM4
1
21
22
SIM5
SIM1
SIM2
SIM3
SIM4
1
21
22
SIM5
SIM1
SIM2
SIM3
SIM4
1
21
22
SIM5
SIM1
SIM2
SIM3
SIM4
1
21
22
SIM5
SIM1
SIM2
SIM3
SIM4
1
21
22
SIM5
SIM1
SIM2
SIM3
SIM4
1
21
22
SIM5
SIM1
SIM2
SIM3
SIM4
1
21
22
SIM5
SIM1
SIM2
SIM3
SIM4
1
21
22
SIM5
SIM1
SIM2
SIM3
SIM4
1
21
22
SIM5
SIM1
SIM2
SIM3
SIM4
1
21
22
SIM5
SIM1
SIM2
SIM3
SIM4
1
21
22
SIM5
SIM1
SIM2
SIM3
SIM4
1
21
22
SIM5
SIM1
SIM2
SIM3
SIM4
1
21
22
SIM5
SIM1
SIM2
SIM3
SIM4
1
21
22
SIM5
SIM1
SIM2
SIM3
SIM4
1
21
22
SIM5
SIM1
SIM2
SIM3
SIM4
1
21
22
SIM5
SIM1
SIM2
SIM3
SIM4
1
21
22
SIM5
SIM1
SIM2
SIM3
SIM4
1
21
22
SIM5
SIM1
SIM2
SIM3
SIM4
1
21
22
SIM5
SIM1
SIM2
SIM3
SIM4
1
21
22
SIM5
SIM1
SIM2
SIM3
SIM4
1
21
22
SIM5
SIM1
SIM2
SIM3
SIM4
1
21
22
SIM5
SIM1
SIM2
SIM3
SIM4
1
21
22
SIM5
SIM1
SIM2
SIM3
SIM4
1
21
22
SIM5
SIM1
SIM2
SIM3
SIM4
1
21
22
SIM5
SIM1
SIM2
SIM3
SIM4
1
21
22
SIM5
SIM1
SIM2
SIM3
SIM4
1
21
22
SIM5
SIM1
SIM2
SIM3
SIM4
1
21
22
SIM5
SIM1
SIM2
SIM3
SIM4
1
21
22
SIM5
SIM1
SIM2
SIM3
SIM4
1
21
22
SIM5
SIM1
SIM2
SIM3
SIM4
1
21
22
SIM5
SIM1
SIM2
SIM3
SIM4
1
21
22
SIM5
SIM1
SIM2
SIM3
SIM4
1
21
22
SIM5
SIM1
SIM2
SIM3
SIM4
1
21
22
SIM5
SIM1
SIM2
SIM3
SIM4
1
21
22
SIM5
SIM1
SIM2
SIM3
SIM4
1
21
22
SIM5
SIM1
SIM2
SIM3
SIM4
1
21
22
SIM5
SIM1
SIM2
SIM3
SIM4
1
21
22
SIM5
SIM1
SIM2
SIM3
SIM4
1
21
22
SIM5
SIM1
SIM2
SIM3
SIM4
1
21
22
SIM5
SIM1
SIM2
SIM3
SIM4
1
21
22
SIM5
SIM1
SIM2
SIM3
SIM4
1
21
22
SIM5
SIM1
SIM2
SIM3
SIM4
1
21
22
SIM5
SIM1
SIM2
SIM3
SIM4
1
21
22
SIM5
SIM1
SIM2
SIM3
SIM4
1
21
22
SIM5
SIM1
SIM2
SIM3
SIM4
1
21
22
SIM5
SIM1
SIM2
SIM3
SIM4
1
21
22
SIM5
SIM1
SIM2
SIM3
SIM4
1
21
22
SIM5
SIM1
SIM2
SIM3
SIM4
1
21
22
SIM5
SIM1
SIM2
SIM3
SIM4
1
21
22
SIM5
SIM1
SIM2
SIM3
SIM4
1
21
22
SIM5
SIM1
SIM2
SIM3
SIM4
1
21
22
SIM5
SIM1
SIM2
SIM3
SIM4
1
21
22
SIM5
SIM1
SIM2
SIM3
SIM4
1
21
22
SIM5
SIM1
SIM2
SIM3
SIM4
1
21
22
SIM5
SIM1
SIM2
SIM3
SIM4
1
21
22
SIM5
SIM1
SIM2
SIM3
SIM4
1
21
22
SIM5
SIM1
SIM2
SIM3
SIM4
1
21
22
SIM5
SIM1
SIM2
SIM3
SIM4
1
21
22
SIM5
SIM1
SIM2
SIM3
SIM4
1
21
22
SIM5
SIM1
SIM2
SIM3
SIM4
1
21
22
SIM5
SIM1
SIM2
SIM3
SIM4
1
21
22
SIM5
SIM1
SIM2
SIM3
SIM4
1
21
22
SIM5
SIM1
SIM2
SIM3
SIM4
1
21
22
SIM5
SIM1
SIM2
SIM3
SIM4
1
21
22
SIM5
SIM1
SIM2
SIM3
SIM4
1
21
22
SIM5
SIM1
SIM2
SIM3
SIM4
1
21
22
SIM5
SIM1
SIM2
SIM3
SIM4
1
21
22
SIM5
SIM1
SIM2
SIM3
SIM4
1
21
22
SIM5
SIM1
SIM2
SIM3
SIM4
1
21
22
SIM5
SIM1
SIM2
SIM3
SIM4
1
21
22
SIM5
SIM1
SIM2
SIM3
SIM4
1
21
22
SIM5
SIM1
SIM2
SIM3
SIM4
1
21
22
SIM5
SIM1
SIM2
SIM3
SIM4
1
21
22
SIM5
SIM1
SIM2
SIM3
SIM4
1
21
22
SIM5
SIM1
SIM2
SIM3
SIM4
1
21
22
SIM5
SIM1
SIM2
SIM3
SIM4
1
21
22
SIM5
SIM1
SIM2
SIM3
SIM4
1
21
22
SIM5
SIM1
SIM2
SIM3
SIM4
1
21
22
SIM5
SIM1
SIM2
SIM3
SIM4
1
21
22
SIM5
SIM1
SIM2
SIM3
SIM4
1
21
22
SIM5
SIM1
SIM2
SIM3
SIM4
1
21
22
SIM5
SIM1
SIM2
SIM3
SIM4
1
21
22
SIM5
SIM1
SIM2
SIM3
SIM4
1
21
22
SIM5
SIM1
SIM2
SIM3
SIM4
1
21
22
SIM5
SIM1
SIM2
SIM3
SIM4
1
21
22
SIM5
SIM1
SIM2
SIM3
SIM4
1
21
22
SIM5
SIM1
SIM2
SIM3
SIM4
1
21
22
SIM5
SIM1
SIM2
SIM3
SIM4
1
21
22
SIM5
SIM1
SIM2
SIM3
SIM4
1
21
22
SIM5
SIM1
SIM2
SIM3
SIM4
1
21
22
SIM5
SIM1
SIM2
SIM3
SIM4
1
21
22
SIM5
SIM1
SIM2
SIM3
SIM4
1
21
22
SIM5
SIM1
SIM2
SIM3
SIM4
1
21
22
SIM5
SIM1
SIM2
SIM3
SIM4
1
21
22
SIM5
SIM1
SIM2
SIM3
SIM4
1
21
22
SIM5
SIM1
SIM2
SIM3
SIM4
1
21
22
SIM5
SIM1
SIM2
SIM3
SIM4
1
21
22
SIM5
SIM1
SIM2
SIM3
SIM4
1
21
22
SIM5
SIM1
SIM2
SIM3
SIM4
1
21
22
SIM5
SIM1
SIM2
SIM3
SIM4
1
21
22
SIM5
SIM1
SIM2
SIM3
SIM4
1
21
22
SIM5
SIM1
SIM2
SIM3
SIM4
1
21
22
SIM5
SIM1
SIM2
SIM3
SIM4
1
21
22
SIM5
SIM1
SIM2
SIM3
SIM4
1
21
22
SIM5
SIM1
SIM2
SIM3
SIM4
1
21
22
SIM5
SIM1
SIM2
SIM3
SIM4
1
21
22
SIM5
SIM1
SIM2
SIM3
SIM4
1
21
22
SIM5
SIM1
SIM2
SIM3
SIM4
1
21
22
SIM5
SIM1
SIM2
SIM3
SIM4
1
21
22
SIM5
SIM1
SIM2
SIM3
SIM4
1
21
22
SIM5
SIM1
SIM2
SIM3
SIM4
1
21
22
SIM5
SIM1
SIM2
SIM3
SIM4
1
21
22
SIM5
SIM1
SIM2
SIM3
SIM4
1
21
22
SIM5
SIM1
SIM2
SIM3
SIM4
1
21
22
SIM5
SIM1
SIM2
SIM3
SIM4
1
21
22
SIM5
SIM1
SIM2
SIM3
SIM4
1
21
22
SIM5
SIM1
SIM2
SIM3
SIM4
1
21
22
SIM5
SIM1
SIM2
SIM3
SIM4
1
21
22
SIM5
SIM1
SIM2
SIM3
SIM4
1
21
22
SIM5
SIM1
SIM2
SIM3
SIM4
1
21
22
SIM5
SIM1
SIM2
SIM3
SIM4
1
21
22
SIM5
SIM1
SIM2
SIM3
SIM4
1
21
22
SIM5
SIM1
SIM2
SIM3
SIM4
1
21
22
SIM5
SIM1
SIM2
SIM3
SIM4
1
21
22
SIM5
SIM1
SIM2
SIM3
SIM4
1
21
22
SIM5
SIM1
SIM2
SIM3
SIM4
1
21
22
SIM5
SIM1
SIM2
SIM3
SIM4
1
21
22
SIM5
SIM1
SIM2
SIM3
SIM4
1
21
22
SIM5
SIM1
SIM2
SIM3
SIM4
1
21
22
SIM5
SIM1
SIM2
SIM3
SIM4
1
21
22
SIM5
SIM1
SIM2
SIM3
SIM4
1
21
22
SIM5
SIM1
SIM2
SIM3
SIM4
1
21
22
SIM5
SIM1
SIM2
SIM3
SIM4
1
21
22
SIM5
SIM1
SIM2
SIM3
SIM4
1
21
22
SIM5
SIM1
SIM2
SIM3
SIM4
1
21
22
SIM5
SIM1
SIM2
SIM3
SIM4
1
21
22
SIM5
SIM1
SIM2
SIM3
SIM4
1
21
22
SIM5
SIM1
SIM2
SIM3
SIM4
1
21
22
SIM5
SIM1
SIM2
SIM3
SIM4
1
21
22
SIM5
SIM1
SIM2
SIM3
SIM4
1
21
22
SIM5
SIM1
SIM2
SIM3
SIM4
1
21
22
SIM5
SIM1
SIM2
SIM3
SIM4
1
21
22
SIM5
SIM1
SIM2
SIM3
SIM4
1
21
22
SIM5
SIM1
SIM2
SIM3
SIM4
1
21
22
SIM5
SIM1
SIM2
SIM3
SIM4
1
21
22
SIM5
SIM1
SIM2
SIM3
SIM4
1
21
22
SIM5
SIM1
SIM2
SIM3
SIM4
1
21
22
SIM5
SIM1
SIM2
SIM3
SIM4
1
21
22
SIM5
SIM1
SIM2
SIM3
SIM4
1
21
22
SIM5
SIM1
SIM2
SIM3
SIM4
1
21
22
SIM5
SIM1
SIM2
SIM3
SIM4
1
21
22
SIM5
SIM1
SIM2
DEBUG 1 710
SIM1
SIM2
SIM3
SIM4
1
21
22
SIM5
SIM1
SIM2
SIM3
SIM4
1
21
22
SIM5
SIM1
SIM2
SIM3
SIM4
1
21
22
SIM5
SIM1
SIM2
SIM3
SIM4
1
21
22
SIM5
SIM1
SIM2
SIM3
SIM4
1
21
22
SIM5
SIM1
SIM2
SIM3
SIM4
1
21
22
SIM5
SIM1
SIM2
SIM3
SIM4
1
21
22
SIM5
SIM1
SIM2
SIM3
SIM4
1
21
22
SIM5
SIM1
SIM2
SIM3
SIM4
1
21
22
SIM5
SIM1
SIM2
SIM3
SIM4
1
21
22
SIM5
SIM1
SIM2
SIM3
SIM4
1
21
22
SIM5
SIM1
SIM2
SIM3
SIM4
1
21
22
SIM5
SIM1
SIM2
SIM3
SIM4
1
21
22
SIM5
SIM1
SIM2
SIM3
SIM4
1
21
22
SIM5
SIM1
SIM2
SIM3
SIM4
1
21
22
SIM5
SIM1
SIM2
SIM3
SIM4
1
21
22
SIM5
SIM1
SIM2
SIM3
SIM4
1
21
22
SIM5
SIM1
SIM2
SIM3
SIM4
1
21
22
SIM5
SIM1
SIM2
SIM3
SIM4
1
21
22
SIM5
SIM1
SIM2
SIM3
SIM4
1
21
22
SIM5
SIM1
SIM2
SIM3
SIM4
1
21
22
SIM5
SIM1
SIM2
SIM3
SIM4
1
21
22
SIM5
SIM1
SIM2
SIM3
SIM4
1
21
22
SIM5
SIM1
SIM2
SIM3
SIM4
1
21
22
SIM5
SIM1
SIM2
SIM3
SIM4
1
21
22
SIM5
SIM1
SIM2
SIM3
SIM4
1
21
22
SIM5
SIM1
SIM2
SIM3
SIM4
1
21
22
SIM5
SIM1
SIM2
SIM3
SIM4
1
21
22
SIM5
SIM1
SIM2
SIM3
SIM4
1
21
22
SIM5
SIM1
SIM2
SIM3
SIM4
1
21
22
SIM5
SIM1
SIM2
SIM3
SIM4
1
21
22
SIM5
SIM1
SIM2
SIM3
SIM4
1
21
22
SIM5
SIM1
SIM2
SIM3
SIM4
1
21
22
SIM5
SIM1
SIM2
SIM3
SIM4
1
21
22
SIM5
SIM1
SIM2
SIM3
SIM4
1
21
22
SIM5
SIM1
SIM2
SIM3
SIM4
1
21
22
SIM5
SIM1
SIM2
SIM3
SIM4
1
21
22
SIM5
SIM1
SIM2
SIM3
SIM4
1
21
22
SIM5
SIM1
SIM2
SIM3
SIM4
1
21
22
SIM5
SIM1
SIM2
SIM3
SIM4
1
21
22
SIM5
SIM1
SIM2
SIM3
SIM4
1
21
22
SIM5
SIM1
SIM2
SIM3
SIM4
1
21
22
SIM5
SIM1
SIM2
SIM3
SIM4
1
21
22
SIM5
SIM1
SIM2
SIM3
SIM4
1
21
22
SIM5
SIM1
SIM2
SIM3
SIM4
1
21
22
SIM5
SIM1
SIM2
SIM3
SIM4
1
21
22
SIM5
SIM1
SIM2
SIM3
SIM4
1
21
22
SIM5
SIM1
SIM2
SIM3
SIM4
1
21
22
SIM5
SIM1
SIM2
SIM3
SIM4
1
21
22
SIM5
SIM1
SIM2
SIM3
SIM4
1
21
22
SIM5
SIM1
SIM2
SIM3
SIM4
1
21
22
SIM5
SIM1
SIM2
SIM3
SIM4
1
21
22
SIM5
SIM1
SIM2
SIM3
SIM4
1
21
22
SIM5
SIM1
SIM2
SIM3
SIM4
1
21
22
SIM5
SIM1
SIM2
SIM3
SIM4
1
21
22
SIM5
SIM1
SIM2
SIM3
SIM4
1
21
22
SIM5
SIM1
SIM2
SIM3
SIM4
1
21
22
SIM5
SIM1
SIM2
SIM3
SIM4
1
21
22
SIM5
SIM1
SIM2
SIM3
SIM4
1
21
22
SIM5
SIM1
SIM2
SIM3
SIM4
1
21
22
SIM5
SIM1
SIM2
SIM3
SIM4
1
21
22
SIM5
SIM1
SIM2
SIM3
SIM4
1
21
22
SIM5
SIM1
SIM2
SIM3
SIM4
1
21
22
SIM5
SIM1
SIM2
SIM3
SIM4
1
21
22
SIM5
SIM1
SIM2
SIM3
SIM4
1
21
22
SIM5
SIM1
SIM2
SIM3
SIM4
1
21
22
SIM5
SIM1
SIM2
SIM3
SIM4
1
21
22
SIM5
SIM1
SIM2
SIM3
SIM4
1
21
22
SIM5
SIM1
SIM2
SIM3
SIM4
1
21
22
SIM5
SIM1
SIM2
SIM3
SIM4
1
21
22
SIM5
SIM1
SIM2
SIM3
SIM4
1
21
22
SIM5
SIM1
SIM2
SIM3
SIM4
1
21
22
SIM5
SIM1
SIM2
SIM3
SIM4
1
21
22
SIM5
SIM1
SIM2
SIM3
SIM4
1
21
22
SIM5
SIM1
SIM2
SIM3
SIM4
1
21
22
SIM5
SIM1
SIM2
SIM3
SIM4
1
21
22
SIM5
SIM1
SIM2
SIM3
SIM4
1
21
22
SIM5
SIM1
SIM2
SIM3
SIM4
1
21
22
SIM5
SIM1
SIM2
SIM3
SIM4
1
21
22
SIM5
SIM1
SIM2
SIM3
SIM4
1
21
22
SIM5
SIM1
SIM2
SIM3
SIM4
1
21
22
SIM5
SIM1
SIM2
SIM3
SIM4
1
21
22
SIM5
SIM1
SIM2
SIM3
SIM4
1
21
22
SIM5
SIM1
SIM2
SIM3
SIM4
1
21
22
SIM5
SIM1
SIM2
SIM3
SIM4
1
21
22
SIM5
SIM1
SIM2
SIM3
SIM4
1
21
22
SIM5
SIM1
SIM2
SIM3
SIM4
1
21
22
SIM5
SIM1
SIM2
SIM3
SIM4
1
21
22
SIM5
SIM1
SIM2
DEBUG 1 711
SIM1
SIM2
SIM3
SIM4
1
21
22
SIM5
SIM1
SIM2
SIM3
SIM4
1
21
22
SIM5
SIM1
SIM2
SIM3
SIM4
1
21
22
SIM5
SIM1
SIM2
SIM3
SIM4
1
21
22
SIM5
SIM1
SIM2
SIM3
SIM4
1
21
22
SIM5
SIM1
SIM2
SIM3
SIM4
1
21
22
SIM5
SIM1
SIM2
SIM3
SIM4
1
21
22
SIM5
SIM1
SIM2
SIM3
SIM4
1
21
22
SIM5
SIM1
SIM2
SIM3
SIM4
1
21
22
SIM5
SIM1
SIM2
SIM3
SIM4
1
21
22
SIM5
SIM1
SIM2
SIM3
SIM4
1
21
22
SIM5
SIM1
SIM2
SIM3
SIM4
1
21
22
SIM5
SIM1
SIM2
SIM3
SIM4
1
21
22
SIM5
SIM1
SIM2
SIM3
SIM4
1
21
22
SIM5
SIM1
SIM2
SIM3
SIM4
1
21
22
SIM5
SIM1
SIM2
SIM3
SIM4
1
21
22
SIM5
SIM1
SIM2
SIM3
SIM4
1
21
22
SIM5
SIM1
SIM2
SIM3
SIM4
1
21
22
SIM5
SIM1
SIM2
SIM3
SIM4
1
21
22
SIM5
SIM1
SIM2
SIM3
SIM4
1
21
22
SIM5
SIM1
SIM2
SIM3
SIM4
1
21
22
SIM5
SIM1
SIM2
SIM3
SIM4
1
21
22
SIM5
SIM1
SIM2
SIM3
SIM4
1
21
22
SIM5
SIM1
SIM2
SIM3
SIM4
1
21
22
SIM5
SIM1
SIM2
SIM3
SIM4
1
21
22
SIM5
SIM1
SIM2
SIM3
SIM4
1
21
22
SIM5
SIM1
SIM2
SIM3
SIM4
1
21
22
SIM5
SIM1
SIM2
SIM3
SIM4
1
21
22
SIM5
SIM1
SIM2
SIM3
SIM4
1
21
22
SIM5
SIM1
SIM2
SIM3
SIM4
1
21
22
SIM5
SIM1
SIM2
SIM3
SIM4
1
21
22
SIM5
SIM1
SIM2
SIM3
SIM4
1
21
22
SIM5
SIM1
SIM2
SIM3
SIM4
1
21
22
SIM5
SIM1
SIM2
SIM3
SIM4
1
21
22
SIM5
SIM1
SIM2
SIM3
SIM4
1
21
22
SIM5
SIM1
SIM2
SIM3
SIM4
1
21
22
SIM5
SIM1
SIM2
SIM3
SIM4
1
21
22
SIM5
SIM1
SIM2
SIM3
SIM4
1
21
22
SIM5
SIM1
SIM2
SIM3
SIM4
1
21
22
SIM5
SIM1
SIM2
SIM3
SIM4
1
21
22
SIM5
SIM1
SIM2
SIM3
SIM4
1
21
22
SIM5
SIM1
SIM2
SIM3
SIM4
1
21
22
SIM5
SIM1
SIM2
SIM3
SIM4
1
21
22
SIM5
SIM1
SIM2
SIM3
SIM4
1
21
22
SIM5
SIM1
SIM2
SIM3
SIM4
1
21
22
SIM5
SIM1
SIM2
SIM3
SIM4
1
21
22
SIM5
SIM1
SIM2
SIM3
SIM4
1
21
22
SIM5
SIM1
SIM2
SIM3
SIM4
1
21
22
SIM5
SIM1
SIM2
SIM3
SIM4
1
21
22
SIM5
SIM1
SIM2
SIM3
SIM4
1
21
22
SIM5
SIM1
SIM2
SIM3
SIM4
1
21
22
SIM5
SIM1
SIM2
SIM3
SIM4
1
21
22
SIM5
SIM1
SIM2
SIM3
SIM4
1
21
22
SIM5
SIM1
SIM2
SIM3
SIM4
1
21
22
SIM5
SIM1
SIM2
SIM3
SIM4
1
21
22
SIM5
SIM1
SIM2
SIM3
SIM4
1
21
22
SIM5
SIM1
SIM2
SIM3
SIM4
1
21
22
SIM5
SIM1
SIM2
SIM3
SIM4
1
21
22
SIM5
SIM1
SIM2
SIM3
SIM4
1
21
22
SIM5
SIM1
SIM2
SIM3
SIM4
1
21
22
SIM5
SIM1
SIM2
SIM3
SIM4
1
21
22
SIM5
SIM1
SIM2
SIM3
SIM4
1
21
22
SIM5
SIM1
SIM2
SIM3
SIM4
1
21
22
SIM5
SIM1
SIM2
SIM3
SIM4
1
21
22
SIM5
SIM1
SIM2
SIM3
SIM4
1
21
22
SIM5
SIM1
SIM2
SIM3
SIM4
1
21
22
SIM5
SIM1
SIM2
SIM3
SIM4
1
21
22
SIM5
SIM1
SIM2
SIM3
SIM4
1
21
22
SIM5
SIM1
SIM2
SIM3
SIM4
1
21
22
SIM5
SIM1
SIM2
SIM3
SIM4
1
21
22
SIM5
SIM1
SIM2
SIM3
SIM4
1
21
22
SIM5
SIM1
SIM2
SIM3
SIM4
1
21
22
SIM5
SIM1
SIM2
SIM3
SIM4
1
21
22
SIM5
SIM1
SIM2
SIM3
SIM4
1
21
22
SIM5
SIM1
SIM2
SIM3
SIM4
1
21
22
SIM5
SIM1
SIM2
SIM3
SIM4
1
21
22
SIM5
SIM1
SIM2
SIM3
SIM4
1
21
22
SIM5
SIM1
SIM2
SIM3
SIM4
1
21
22
SIM5
SIM1
SIM2
SIM3
SIM4
1
21
22
SIM5
SIM1
SIM2
SIM3
SIM4
1
21
22
SIM5
SIM1
SIM2
SIM3
SIM4
1
21
22
SIM5
SIM1
SIM2
SIM3
SIM4
1
21
22
SIM5
SIM1
SIM2
SIM3
SIM4
1
21
22
SIM5
SIM1
SIM2
SIM3
SIM4
1
21
22
SIM5
SIM1
SIM2
SIM3
SIM4
1
21
22
SIM5
SIM1
SIM2
SIM3
SIM4
1
21
22
SIM5
SIM1
SIM2
SIM3
SIM4
1
21
22
SIM5
SIM1
SIM2
SIM3
SIM4
1
21
22
SIM5
SIM1
SIM2
SIM3
SIM4
1
21
22
SIM5
SIM1
SIM2
SIM3
SIM4
1
21
22
SIM5
SIM1
SIM2
SIM3
SIM4
1
21
22
SIM5
SIM1
SIM2
SIM3
SIM4
1
21
22
SIM5
SIM1
SIM2
SIM3
SIM4
1
21
22
SIM5
SIM1
SIM2
SIM3
SIM4
1
21
22
SIM5
SIM1
SIM2
SIM3
SIM4
1
21
22
SIM5
SIM1
SIM2
SIM3
SIM4
1
21
22
SIM5
SIM1
SIM2
SIM3
SIM4
1
21
22
SIM5
SIM1
SIM2
SIM3
SIM4
1
21
22
SIM5
SIM1
SIM2
SIM3
SIM4
1
21
22
SIM5
SIM1
SIM2
SIM3
SIM4
1
21
22
SIM5
SIM1
SIM2
SIM3
SIM4
1
21
22
SIM5
SIM1
SIM2
SIM3
SIM4
1
21
22
SIM5
SIM1
SIM2
SIM3
SIM4
1
21
22
SIM5
SIM1
SIM2
SIM3
SIM4
1
21
22
SIM5
SIM1
SIM2
SIM3
SIM4
1
21
22
SIM5
SIM1
SIM2
SIM3
SIM4
1
21
22
SIM5
SIM1
SIM2
SIM3
SIM4
1
21
22
SIM5
SIM1
SIM2
SIM3
SIM4
1
21
22
SIM5
SIM1
SIM2
SIM3
SIM4
1
21
22
SIM5
SIM1
SIM2
SIM3
SIM4
1
21
22
SIM5
SIM1
SIM2
SIM3
SIM4
1
21
22
SIM5
SIM1
SIM2
SIM3
SIM4
1
21
22
SIM5
SIM1
SIM2
SIM3
SIM4
1
21
22
SIM5
SIM1
SIM2
SIM3
SIM4
1
21
22
SIM5
SIM1
SIM2
SIM3
SIM4
1
21
22
SIM5
SIM1
SIM2
SIM3
SIM4
1
21
22
SIM5
SIM1
SIM2
SIM3
SIM4
1
21
22
SIM5
SIM1
SIM2
SIM3
SIM4
1
21
22
SIM5
SIM1
SIM2
SIM3
SIM4
1
21
22
SIM5
SIM1
SIM2
SIM3
SIM4
1
21
22
SIM5
SIM1
SIM2
SIM3
SIM4
1
21
22
SIM5
SIM1
SIM2
SIM3
SIM4
1
21
22
SIM5
SIM1
SIM2
SIM3
SIM4
1
21
22
SIM5
SIM1
SIM2
SIM3
SIM4
1
21
22
SIM5
SIM1
SIM2
SIM3
SIM4
1
21
22
SIM5
SIM1
SIM2
SIM3
SIM4
1
21
22
SIM5
SIM1
SIM2
SIM3
SIM4
1
21
22
SIM5
SIM1
SIM2
SIM3
SIM4
1
21
22
SIM5
SIM1
SIM2
SIM3
SIM4
1
21
22
SIM5
SIM1
SIM2
SIM3
SIM4
1
21
22
SIM5
SIM1
SIM2
SIM3
SIM4
1
21
22
SIM5
SIM1
SIM2
SIM3
SIM4
1
21
22
SIM5
SIM1
SIM2
SIM3
SIM4
1
21
22
SIM5
SIM1
SIM2
SIM3
SIM4
1
21
22
SIM5
SIM1
SIM2
SIM3
SIM4
1
21
22
SIM5
SIM1
SIM2
SIM3
SIM4
1
21
22
SIM5
SIM1
SIM2
SIM3
SIM4
1
21
22
SIM5
SIM1
SIM2
SIM3
SIM4
1
21
22
SIM5
SIM1
SIM2
SIM3
SIM4
1
21
22
SIM5
SIM1
SIM2
SIM3
SIM4
1
21
22
SIM5
SIM1
SIM2
SIM3
SIM4
1
21
22
SIM5
SIM1
SIM2
SIM3
SIM4
1
21
22
SIM5
SIM1
SIM2
SIM3
SIM4
1
21
22
SIM5
SIM1
SIM2
SIM3
SIM4
1
21
22
SIM5
SIM1
SIM2
SIM3
SIM4
1
21
22
SIM5
SIM1
SIM2
SIM3
SIM4
1
21
22
SIM5
SIM1
SIM2
SIM3
SIM4
1
21
22
SIM5
SIM1
SIM2
SIM3
SIM4
1
21
22
SIM5
SIM1
SIM2
SIM3
SIM4
1
21
22
SIM5
SIM1
SIM2
SIM3
SIM4
1
21
22
SIM5
SIM1
SIM2
SIM3
SIM4
1
21
22
SIM5
SIM1
SIM2
SIM3
SIM4
1
21
22
SIM5
SIM1
SIM2
SIM3
SIM4
1
21
22
SIM5
SIM1
SIM2
SIM3
SIM4
1
21
22
SIM5
SIM1
SIM2
SIM3
SIM4
1
21
22
SIM5
SIM1
SIM2
SIM3
SIM4
1
21
22
SIM5
SIM1
SIM2
SIM3
SIM4
1
21
22
SIM5
SIM1
SIM2
SIM3
SIM4
1
21
22
SIM5
SIM1
SIM2
SIM3
SIM4
1
21
22
SIM5
SIM1
SIM2
DEBUG 1 712
SIM1
SIM2
SIM3
SIM4
1
21
22
SIM5
SIM1
SIM2
SIM3
SIM4
1
21
22
SIM5
SIM1
SIM2
SIM3
SIM4
1
21
22
SIM5
SIM1
SIM2
SIM3
SIM4
1
21
22
SIM5
SIM1
SIM2
SIM3
SIM4
1
21
22
SIM5
SIM1
SIM2
SIM3
SIM4
1
21
22
SIM5
SIM1
SIM2
SIM3
SIM4
1
21
22
SIM5
SIM1
SIM2
SIM3
SIM4
1
21
22
SIM5
SIM1
SIM2
SIM3
SIM4
1
21
22
SIM5
SIM1
SIM2
SIM3
SIM4
1
21
22
SIM5
SIM1
SIM2
SIM3
SIM4
1
21
22
SIM5
SIM1
SIM2
SIM3
SIM4
1
21
22
SIM5
SIM1
SIM2
SIM3
SIM4
1
21
22
SIM5
SIM1
SIM2
SIM3
SIM4
1
21
22
SIM5
SIM1
SIM2
SIM3
SIM4
1
21
22
SIM5
SIM1
SIM2
SIM3
SIM4
1
21
22
SIM5
SIM1
SIM2
SIM3
SIM4
1
21
22
SIM5
SIM1
SIM2
SIM3
SIM4
1
21
22
SIM5
SIM1
SIM2
SIM3
SIM4
1
21
22
SIM5
SIM1
SIM2
SIM3
SIM4
1
21
22
SIM5
SIM1
SIM2
SIM3
SIM4
1
21
22
SIM5
SIM1
SIM2
SIM3
SIM4
1
21
22
SIM5
SIM1
SIM2
SIM3
SIM4
1
21
22
SIM5
SIM1
SIM2
SIM3
SIM4
1
21
22
SIM5
SIM1
SIM2
SIM3
SIM4
1
21
22
SIM5
SIM1
SIM2
SIM3
SIM4
1
21
22
SIM5
SIM1
SIM2
SIM3
SIM4
1
21
22
SIM5
SIM1
SIM2
SIM3
SIM4
1
21
22
SIM5
SIM1
SIM2
SIM3
SIM4
1
21
22
SIM5
SIM1
SIM2
SIM3
SIM4
1
21
22
SIM5
SIM1
SIM2
SIM3
SIM4
1
21
22
SIM5
SIM1
SIM2
SIM3
SIM4
1
21
22
SIM5
SIM1
SIM2
SIM3
SIM4
1
21
22
SIM5
SIM1
SIM2
SIM3
SIM4
1
21
22
SIM5
SIM1
SIM2
SIM3
SIM4
1
21
22
SIM5
SIM1
SIM2
SIM3
SIM4
1
21
22
SIM5
SIM1
SIM2
SIM3
SIM4
1
21
22
SIM5
SIM1
SIM2
SIM3
SIM4
1
21
22
SIM5
SIM1
SIM2
SIM3
SIM4
1
21
22
SIM5
SIM1
SIM2
SIM3
SIM4
1
21
22
SIM5
SIM1
SIM2
SIM3
SIM4
1
21
22
SIM5
SIM1
SIM2
SIM3
SIM4
1
21
22
SIM5
SIM1
SIM2
SIM3
SIM4
1
21
22
SIM5
SIM1
SIM2
SIM3
SIM4
1
21
22
SIM5
SIM1
SIM2
SIM3
SIM4
1
21
22
SIM5
SIM1
SIM2
SIM3
SIM4
1
21
22
SIM5
SIM1
SIM2
SIM3
SIM4
1
21
22
SIM5
SIM1
SIM2
SIM3
SIM4
1
21
22
SIM5
SIM1
SIM2
SIM3
SIM4
1
21
22
SIM5
SIM1
SIM2
SIM3
SIM4
1
21
22
SIM5
SIM1
SIM2
SIM3
SIM4
1
21
22
SIM5
SIM1
SIM2
SIM3
SIM4
1
21
22
SIM5
SIM1
SIM2
SIM3
SIM4
1
21
22
SIM5
SIM1
SIM2
SIM3
SIM4
1
21
22
SIM5
SIM1
SIM2
SIM3
SIM4
1
21
22
SIM5
SIM1
SIM2
SIM3
SIM4
1
21
22
SIM5
SIM1
SIM2
SIM3
SIM4
1
21
22
SIM5
SIM1
SIM2
SIM3
SIM4
1
21
22
SIM5
SIM1
SIM2
SIM3
SIM4
1
21
22
SIM5
SIM1
SIM2
SIM3
SIM4
1
21
22
SIM5
SIM1
SIM2
SIM3
SIM4
1
21
22
SIM5
SIM1
SIM2
SIM3
SIM4
1
21
22
SIM5
SIM1
SIM2
SIM3
SIM4
1
21
22
SIM5
SIM1
SIM2
SIM3
SIM4
1
21
22
SIM5
SIM1
SIM2
SIM3
SIM4
1
21
22
SIM5
SIM1
SIM2
SIM3
SIM4
1
21
22
SIM5
SIM1
SIM2
SIM3
SIM4
1
21
22
SIM5
SIM1
SIM2
SIM3
SIM4
1
21
22
SIM5
SIM1
SIM2
SIM3
SIM4
1
21
22
SIM5
SIM1
SIM2
SIM3
SIM4
1
21
22
SIM5
SIM1
SIM2
SIM3
SIM4
1
21
22
SIM5
SIM1
SIM2
SIM3
SIM4
1
21
22
SIM5
SIM1
SIM2
SIM3
SIM4
1
21
22
SIM5
SIM1
SIM2
SIM3
SIM4
1
21
22
SIM5
SIM1
SIM2
SIM3
SIM4
1
21
22
SIM5
SIM1
SIM2
SIM3
SIM4
1
21
22
SIM5
SIM1
SIM2
SIM3
SIM4
1
21
22
SIM5
SIM1
SIM2
SIM3
SIM4
1
21
22
SIM5
SIM1
SIM2
SIM3
SIM4
1
21
22
SIM5
SIM1
SIM2
SIM3
SIM4
1
21
22
SIM5
SIM1
SIM2
SIM3
SIM4
1
21
22
SIM5
SIM1
SIM2
SIM3
SIM4
1
21
22
SIM5
SIM1
SIM2
SIM3
SIM4
1
21
22
SIM5
SIM1
SIM2
SIM3
SIM4
1
21
22
SIM5
SIM1
SIM2
SIM3
SIM4
1
21
22
SIM5
SIM1
SIM2
SIM3
SIM4
1
21
22
SIM5
SIM1
SIM2
SIM3
SIM4
1
21
22
SIM5
SIM1
SIM2
SIM3
SIM4
1
21
22
SIM5
SIM1
SIM2
SIM3
SIM4
1
21
22
SIM5
SIM1
SIM2
SIM3
SIM4
1
21
22
SIM5
SIM1
SIM2
SIM3
SIM4
1
21
22
SIM5
SIM1
SIM2
SIM3
SIM4
1
21
22
SIM5
SIM1
SIM2
SIM3
SIM4
1
21
22
SIM5
SIM1
SIM2
SIM3
SIM4
1
21
22
SIM5
SIM1
SIM2
SIM3
SIM4
1
21
22
SIM5
SIM1
SIM2
SIM3
SIM4
1
21
22
SIM5
SIM1
SIM2
SIM3
SIM4
1
21
22
SIM5
SIM1
SIM2
SIM3
SIM4
1
21
22
SIM5
SIM1
SIM2
SIM3
SIM4
1
21
22
SIM5
SIM1
SIM2
SIM3
SIM4
1
21
22
SIM5
SIM1
SIM2
SIM3
SIM4
1
21
22
SIM5
SIM1
SIM2
SIM3
SIM4
1
21
22
SIM5
SIM1
SIM2
SIM3
SIM4
1
21
22
SIM5
SIM1
SIM2
SIM3
SIM4
1
21
22
SIM5
SIM1
SIM2
SIM3
SIM4
1
21
22
SIM5
SIM1
SIM2
SIM3
SIM4
1
21
22
SIM5
SIM1
SIM2
SIM3
SIM4
1
21
22
SIM5
SIM1
SIM2
SIM3
SIM4
1
21
22
SIM5
SIM1
SIM2
SIM3
SIM4
1
21
22
SIM5
SIM1
SIM2
DEBUG 1 713
SIM1
SIM2
SIM3
SIM4
1
21
22
SIM5
SIM1
SIM2
SIM3
SIM4
1
21
22
SIM5
SIM1
SIM2
SIM3
SIM4
1
21
22
SIM5
SIM1
SIM2
SIM3
SIM4
1
21
22
SIM5
SIM1
SIM2
SIM3
SIM4
1
21
22
SIM5
SIM1
SIM2
SIM3
SIM4
1
21
22
SIM5
SIM1
SIM2
SIM3
SIM4
1
21
22
SIM5
SIM1
SIM2
SIM3
SIM4
1
21
22
SIM5
SIM1
SIM2
SIM3
SIM4
1
21
22
SIM5
SIM1
SIM2
SIM3
SIM4
1
21
22
SIM5
SIM1
SIM2
SIM3
SIM4
1
21
22
SIM5
SIM1
SIM2
SIM3
SIM4
1
21
22
SIM5
SIM1
SIM2
SIM3
SIM4
1
21
22
SIM5
SIM1
SIM2
SIM3
SIM4
1
21
22
SIM5
SIM1
SIM2
SIM3
SIM4
1
21
22
SIM5
SIM1
SIM2
SIM3
SIM4
1
21
22
SIM5
SIM1
SIM2
SIM3
SIM4
1
21
22
SIM5
SIM1
SIM2
SIM3
SIM4
1
21
22
SIM5
SIM1
SIM2
SIM3
SIM4
1
21
22
SIM5
SIM1
SIM2
SIM3
SIM4
1
21
22
SIM5
SIM1
SIM2
SIM3
SIM4
1
21
22
SIM5
SIM1
SIM2
SIM3
SIM4
1
21
22
SIM5
SIM1
SIM2
SIM3
SIM4
1
21
22
SIM5
SIM1
SIM2
SIM3
SIM4
1
21
22
SIM5
SIM1
SIM2
SIM3
SIM4
1
21
22
SIM5
SIM1
SIM2
SIM3
SIM4
1
21
22
SIM5
SIM1
SIM2
SIM3
SIM4
1
21
22
SIM5
SIM1
SIM2
SIM3
SIM4
1
21
22
SIM5
SIM1
SIM2
SIM3
SIM4
1
21
22
SIM5
SIM1
SIM2
SIM3
SIM4
1
21
22
SIM5
SIM1
SIM2
SIM3
SIM4
1
21
22
SIM5
SIM1
SIM2
SIM3
SIM4
1
21
22
SIM5
SIM1
SIM2
SIM3
SIM4
1
21
22
SIM5
SIM1
SIM2
SIM3
SIM4
1
21
22
SIM5
SIM1
SIM2
SIM3
SIM4
1
21
22
SIM5
SIM1
SIM2
SIM3
SIM4
1
21
22
SIM5
SIM1
SIM2
SIM3
SIM4
1
21
22
SIM5
SIM1
SIM2
SIM3
SIM4
1
21
22
SIM5
SIM1
SIM2
SIM3
SIM4
1
21
22
SIM5
SIM1
SIM2
SIM3
SIM4
1
21
22
SIM5
SIM1
SIM2
SIM3
SIM4
1
21
22
SIM5
SIM1
SIM2
SIM3
SIM4
1
21
22
SIM5
SIM1
SIM2
SIM3
SIM4
1
21
22
SIM5
SIM1
SIM2
SIM3
SIM4
1
21
22
SIM5
SIM1
SIM2
SIM3
SIM4
1
21
22
SIM5
SIM1
SIM2
SIM3
SIM4
1
21
22
SIM5
SIM1
SIM2
SIM3
SIM4
1
21
22
SIM5
SIM1
SIM2
SIM3
SIM4
1
21
22
SIM5
SIM1
SIM2
SIM3
SIM4
1
21
22
SIM5
SIM1
SIM2
SIM3
SIM4
1
21
22
SIM5
SIM1
SIM2
SIM3
SIM4
1
21
22
SIM5
SIM1
SIM2
SIM3
SIM4
1
21
22
SIM5
SIM1
SIM2
SIM3
SIM4
1
21
22
SIM5
SIM1
SIM2
SIM3
SIM4
1
21
22
SIM5
SIM1
SIM2
SIM3
SIM4
1
21
22
SIM5
SIM1
SIM2
SIM3
SIM4
1
21
22
SIM5
SIM1
SIM2
SIM3
SIM4
1
21
22
SIM5
SIM1
SIM2
SIM3
SIM4
1
21
22
SIM5
SIM1
SIM2
SIM3
SIM4
1
21
22
SIM5
SIM1
SIM2
SIM3
SIM4
1
21
22
SIM5
SIM1
SIM2
SIM3
SIM4
1
21
22
SIM5
SIM1
SIM2
SIM3
SIM4
1
21
22
SIM5
SIM1
SIM2
SIM3
SIM4
1
21
22
SIM5
SIM1
SIM2
SIM3
SIM4
1
21
22
SIM5
SIM1
SIM2
SIM3
SIM4
1
21
22
SIM5
SIM1
SIM2
SIM3
SIM4
1
21
22
SIM5
SIM1
SIM2
SIM3
SIM4
1
21
22
SIM5
SIM1
SIM2
SIM3
SIM4
1
21
22
SIM5
SIM1
SIM2
SIM3
SIM4
1
21
22
SIM5
SIM1
SIM2
SIM3
SIM4
1
21
22
SIM5
SIM1
SIM2
SIM3
SIM4
1
21
22
SIM5
SIM1
SIM2
SIM3
SIM4
1
21
22
SIM5
SIM1
SIM2
SIM3
SIM4
1
21
22
SIM5
SIM1
SIM2
SIM3
SIM4
1
21
22
SIM5
SIM1
SIM2
SIM3
SIM4
1
21
22
SIM5
SIM1
SIM2
SIM3
SIM4
1
21
22
SIM5
SIM1
SIM2
SIM3
SIM4
1
21
22
SIM5
SIM1
SIM2
SIM3
SIM4
1
21
22
SIM5
SIM1
SIM2
SIM3
SIM4
1
21
22
SIM5
SIM1
SIM2
SIM3
SIM4
1
21
22
SIM5
SIM1
SIM2
SIM3
SIM4
1
21
22
SIM5
SIM1
SIM2
SIM3
SIM4
1
21
22
SIM5
SIM1
SIM2
SIM3
SIM4
1
21
22
SIM5
SIM1
SIM2
SIM3
SIM4
1
21
22
SIM5
SIM1
SIM2
SIM3
SIM4
1
21
22
SIM5
SIM1
SIM2
SIM3
SIM4
1
21
22
SIM5
SIM1
SIM2
SIM3
SIM4
1
21
22
SIM5
SIM1
SIM2
SIM3
SIM4
1
21
22
SIM5
SIM1
SIM2
SIM3
SIM4
1
21
22
SIM5
SIM1
SIM2
SIM3
SIM4
1
21
22
SIM5
SIM1
SIM2
SIM3
SIM4
1
21
22
SIM5
SIM1
SIM2
SIM3
SIM4
1
21
22
SIM5
SIM1
SIM2
SIM3
SIM4
1
21
22
SIM5
SIM1
SIM2
SIM3
SIM4
1
21
22
SIM5
SIM1
SIM2
SIM3
SIM4
1
21
22
SIM5
SIM1
SIM2
SIM3
SIM4
1
21
22
SIM5
SIM1
SIM2
SIM3
SIM4
1
21
22
SIM5
SIM1
SIM2
SIM3
SIM4
1
21
22
SIM5
SIM1
SIM2
SIM3
SIM4
1
21
22
SIM5
SIM1
SIM2
SIM3
SIM4
1
21
22
SIM5
SIM1
SIM2
SIM3
SIM4
1
21
22
SIM5
SIM1
SIM2
SIM3
SIM4
1
21
22
SIM5
SIM1
SIM2
SIM3
SIM4
1
21
22
SIM5
SIM1
SIM2
SIM3
SIM4
1
21
22
SIM5
SIM1
SIM2
SIM3
SIM4
1
21
22
SIM5
SIM1
SIM2
SIM3
SIM4
1
21
22
SIM5
SIM1
SIM2
SIM3
SIM4
1
21
22
SIM5
SIM1
SIM2
SIM3
SIM4
1
21
22
SIM5
SIM1
SIM2
SIM3
SIM4
1
21
22
SIM5
SIM1
SIM2
SIM3
SIM4
1
21
22
SIM5
SIM1
SIM2
SIM3
SIM4
1
21
22
SIM5
SIM1
SIM2
SIM3
SIM4
1
21
22
SIM5
SIM1
SIM2
SIM3
SIM4
1
21
22
SIM5
SIM1
SIM2
SIM3
SIM4
1
21
22
SIM5
SIM1
SIM2
SIM3
SIM4
1
21
22
SIM5
SIM1
SIM2
SIM3
SIM4
1
21
22
SIM5
SIM1
SIM2
SIM3
SIM4
1
21
22
SIM5
SIM1
SIM2
SIM3
SIM4
1
21
22
SIM5
SIM1
SIM2
SIM3
SIM4
1
21
22
SIM5
SIM1
SIM2
SIM3
SIM4
1
21
22
SIM5
SIM1
SIM2
SIM3
SIM4
1
21
22
SIM5
SIM1
SIM2
SIM3
SIM4
1
21
22
SIM5
SIM1
SIM2
SIM3
SIM4
1
21
22
SIM5
SIM1
SIM2
SIM3
SIM4
1
21
22
SIM5
SIM1
SIM2
SIM3
SIM4
1
21
22
SIM5
SIM1
SIM2
SIM3
SIM4
1
21
22
SIM5
SIM1
SIM2
SIM3
SIM4
1
21
22
SIM5
SIM1
SIM2
SIM3
SIM4
1
21
22
SIM5
SIM1
SIM2
SIM3
SIM4
1
21
22
SIM5
SIM1
SIM2
SIM3
SIM4
1
21
22
SIM5
SIM1
SIM2
SIM3
SIM4
1
21
22
SIM5
SIM1
SIM2
SIM3
SIM4
1
21
22
SIM5
SIM1
SIM2
SIM3
SIM4
1
21
22
SIM5
SIM1
SIM2
SIM3
SIM4
1
21
22
SIM5
SIM1
SIM2
SIM3
SIM4
1
21
22
SIM5
SIM1
SIM2
SIM3
SIM4
1
21
22
SIM5
SIM1
SIM2
SIM3
SIM4
1
21
22
SIM5
SIM1
SIM2
SIM3
SIM4
1
21
22
SIM5
SIM1
SIM2
SIM3
SIM4
1
21
22
SIM5
SIM1
SIM2
SIM3
SIM4
1
21
22
SIM5
SIM1
SIM2
SIM3
SIM4
1
21
22
SIM5
SIM1
SIM2
SIM3
SIM4
1
21
22
SIM5
SIM1
SIM2
SIM3
SIM4
1
21
22
SIM5
SIM1
SIM2
SIM3
SIM4
1
21
22
SIM5
SIM1
SIM2
SIM3
SIM4
1
21
22
SIM5
SIM1
SIM2
SIM3
SIM4
1
21
22
SIM5
SIM1
SIM2
SIM3
SIM4
1
21
22
SIM5
SIM1
SIM2
SIM3
SIM4
1
21
22
SIM5
SIM1
SIM2
SIM3
SIM4
1
21
22
SIM5
SIM1
SIM2
SIM3
SIM4
1
21
22
SIM5
SIM1
SIM2
SIM3
SIM4
1
21
22
SIM5
SIM1
SIM2
SIM3
SIM4
1
21
22
SIM5
SIM1
SIM2
SIM3
SIM4
1
21
22
SIM5
SIM1
SIM2
SIM3
SIM4
1
21
22
SIM5
SIM1
SIM2
SIM3
SIM4
1
21
22
SIM5
SIM1
SIM2
SIM3
SIM4
1
21
22
SIM5
SIM1
SIM2
SIM3
SIM4
1
21
22
SIM5
SIM1
SIM2
SIM3
SIM4
1
21
22
SIM5
SIM1
SIM2
SIM3
SIM4
1
21
22
SIM5
SIM1
SIM2
SIM3
SIM4
1
21
22
SIM5
SIM1
SIM2
SIM3
SIM4
1
21
22
SIM5
SIM1
SIM2
SIM3
SIM4
1
21
22
SIM5
SIM1
SIM2
SIM3
SIM4
1
21
22
SIM5
SIM1
SIM2
SIM3
SIM4
1
21
22
SIM5
SIM1
SIM2
SIM3
SIM4
1
21
22
SIM5
SIM1
SIM2
SIM3
SIM4
1
21
22
SIM5
SIM1
SIM2
SIM3
SIM4
1
21
22
SIM5
SIM1
SIM2
SIM3
SIM4
1
21
22
SIM5
SIM1
SIM2
SIM3
SIM4
1
21
22
SIM5
SIM1
SIM2
SIM3
SIM4
1
21
22
SIM5
SIM1
SIM2
SIM3
SIM4
1
21
22
SIM5
SIM1
SIM2
SIM3
SIM4
1
21
22
SIM5
SIM1
SIM2
SIM3
SIM4
1
21
22
SIM5
SIM1
SIM2
SIM3
SIM4
1
21
22
SIM5
SIM1
SIM2
SIM3
SIM4
1
21
22
SIM5
SIM1
SIM2
SIM3
SIM4
1
21
22
SIM5
SIM1
SIM2
SIM3
SIM4
1
21
22
SIM5
SIM1
SIM2
SIM3
SIM4
1
21
22
SIM5
SIM1
SIM2
SIM3
SIM4
1
21
22
SIM5
SIM1
SIM2
SIM3
SIM4
1
21
22
SIM5
SIM1
SIM2
SIM3
SIM4
1
21
22
SIM5
SIM1
SIM2
SIM3
SIM4
1
21
22
SIM5
SIM1
SIM2
SIM3
SIM4
1
21
22
SIM5
SIM1
SIM2
SIM3
SIM4
1
21
22
SIM5
SIM1
SIM2
SIM3
SIM4
1
21
22
SIM5
SIM1
SIM2
SIM3
SIM4
1
21
22
SIM5
SIM1
SIM2
SIM3
SIM4
1
21
22
SIM5
SIM1
SIM2
SIM3
SIM4
1
21
22
SIM5
SIM1
SIM2
SIM3
SIM4
1
21
22
SIM5
SIM1
SIM2
SIM3
SIM4
1
21
22
SIM5
SIM1
SIM2
SIM3
SIM4
1
21
22
SIM5
SIM1
SIM2
SIM3
SIM4
1
21
22
SIM5
SIM1
SIM2
DEBUG 1 714
SIM1
SIM2
SIM3
SIM4
1
21
22
SIM5
SIM1
SIM2
SIM3
SIM4
1
21
22
SIM5
SIM1
SIM2
SIM3
SIM4
1
21
22
SIM5
SIM1
SIM2
SIM3
SIM4
1
21
22
SIM5
SIM1
SIM2
SIM3
SIM4
1
21
22
SIM5
SIM1
SIM2
SIM3
SIM4
1
21
22
SIM5
SIM1
SIM2
SIM3
SIM4
1
21
22
SIM5
SIM1
SIM2
SIM3
SIM4
1
21
22
SIM5
SIM1
SIM2
SIM3
SIM4
1
21
22
SIM5
SIM1
SIM2
SIM3
SIM4
1
21
22
SIM5
SIM1
SIM2
SIM3
SIM4
1
21
22
SIM5
SIM1
SIM2
SIM3
SIM4
1
21
22
SIM5
SIM1
SIM2
SIM3
SIM4
1
21
22
SIM5
SIM1
SIM2
SIM3
SIM4
1
21
22
SIM5
SIM1
SIM2
SIM3
SIM4
1
21
22
SIM5
SIM1
SIM2
SIM3
SIM4
1
21
22
SIM5
SIM1
SIM2
SIM3
SIM4
1
21
22
SIM5
SIM1
SIM2
SIM3
SIM4
1
21
22
SIM5
SIM1
SIM2
SIM3
SIM4
1
21
22
SIM5
SIM1
SIM2
SIM3
SIM4
1
21
22
SIM5
SIM1
SIM2
SIM3
SIM4
1
21
22
SIM5
SIM1
SIM2
SIM3
SIM4
1
21
22
SIM5
SIM1
SIM2
SIM3
SIM4
1
21
22
SIM5
SIM1
SIM2
SIM3
SIM4
1
21
22
SIM5
SIM1
SIM2
SIM3
SIM4
1
21
22
SIM5
SIM1
SIM2
SIM3
SIM4
1
21
22
SIM5
SIM1
SIM2
SIM3
SIM4
1
21
22
SIM5
SIM1
SIM2
SIM3
SIM4
1
21
22
SIM5
SIM1
SIM2
SIM3
SIM4
1
21
22
SIM5
SIM1
SIM2
SIM3
SIM4
1
21
22
SIM5
SIM1
SIM2
SIM3
SIM4
1
21
22
SIM5
SIM1
SIM2
SIM3
SIM4
1
21
22
SIM5
SIM1
SIM2
SIM3
SIM4
1
21
22
SIM5
SIM1
SIM2
SIM3
SIM4
1
21
22
SIM5
SIM1
SIM2
SIM3
SIM4
1
21
22
SIM5
SIM1
SIM2
SIM3
SIM4
1
21
22
SIM5
SIM1
SIM2
SIM3
SIM4
1
21
22
SIM5
SIM1
SIM2
SIM3
SIM4
1
21
22
SIM5
SIM1
SIM2
SIM3
SIM4
1
21
22
SIM5
SIM1
SIM2
SIM3
SIM4
1
21
22
SIM5
SIM1
SIM2
SIM3
SIM4
1
21
22
SIM5
SIM1
SIM2
SIM3
SIM4
1
21
22
SIM5
SIM1
SIM2
SIM3
SIM4
1
21
22
SIM5
SIM1
SIM2
SIM3
SIM4
1
21
22
SIM5
SIM1
SIM2
SIM3
SIM4
1
21
22
SIM5
SIM1
SIM2
SIM3
SIM4
1
21
22
SIM5
SIM1
SIM2
SIM3
SIM4
1
21
22
SIM5
SIM1
SIM2
SIM3
SIM4
1
21
22
SIM5
SIM1
SIM2
SIM3
SIM4
1
21
22
SIM5
SIM1
SIM2
SIM3
SIM4
1
21
22
SIM5
SIM1
SIM2
SIM3
SIM4
1
21
22
SIM5
SIM1
SIM2
SIM3
SIM4
1
21
22
SIM5
SIM1
SIM2
SIM3
SIM4
1
21
22
SIM5
SIM1
SIM2
SIM3
SIM4
1
21
22
SIM5
SIM1
SIM2
SIM3
SIM4
1
21
22
SIM5
SIM1
SIM2
SIM3
SIM4
1
21
22
SIM5
SIM1
SIM2
SIM3
SIM4
1
21
22
SIM5
SIM1
SIM2
SIM3
SIM4
1
21
22
SIM5
SIM1
SIM2
SIM3
SIM4
1
21
22
SIM5
SIM1
SIM2
SIM3
SIM4
1
21
22
SIM5
SIM1
SIM2
SIM3
SIM4
1
21
22
SIM5
SIM1
SIM2
SIM3
SIM4
1
21
22
SIM5
SIM1
SIM2
SIM3
SIM4
1
21
22
SIM5
SIM1
SIM2
SIM3
SIM4
1
21
22
SIM5
SIM1
SIM2
SIM3
SIM4
1
21
22
SIM5
SIM1
SIM2
SIM3
SIM4
1
21
22
SIM5
SIM1
SIM2
SIM3
SIM4
1
21
22
SIM5
SIM1
SIM2
SIM3
SIM4
1
21
22
SIM5
SIM1
SIM2
SIM3
SIM4
1
21
22
SIM5
SIM1
SIM2
SIM3
SIM4
1
21
22
SIM5
SIM1
SIM2
SIM3
SIM4
1
21
22
SIM5
SIM1
SIM2
SIM3
SIM4
1
21
22
SIM5
SIM1
SIM2
SIM3
SIM4
1
21
22
SIM5
SIM1
SIM2
SIM3
SIM4
1
21
22
SIM5
SIM1
SIM2
SIM3
SIM4
1
21
22
SIM5
SIM1
SIM2
SIM3
SIM4
1
21
22
SIM5
SIM1
SIM2
SIM3
SIM4
1
21
22
SIM5
SIM1
SIM2
SIM3
SIM4
1
21
22
SIM5
SIM1
SIM2
SIM3
SIM4
1
21
22
SIM5
SIM1
SIM2
SIM3
SIM4
1
21
22
SIM5
SIM1
SIM2
SIM3
SIM4
1
21
22
SIM5
SIM1
SIM2
SIM3
SIM4
1
21
22
SIM5
SIM1
SIM2
SIM3
SIM4
1
21
22
SIM5
SIM1
SIM2
SIM3
SIM4
1
21
22
SIM5
SIM1
SIM2
SIM3
SIM4
1
21
22
SIM5
SIM1
SIM2
SIM3
SIM4
1
21
22
SIM5
SIM1
SIM2
SIM3
SIM4
1
21
22
SIM5
SIM1
SIM2
SIM3
SIM4
1
21
22
SIM5
SIM1
SIM2
SIM3
SIM4
1
21
22
SIM5
SIM1
SIM2
SIM3
SIM4
1
21
22
SIM5
SIM1
SIM2
SIM3
SIM4
1
21
22
SIM5
SIM1
SIM2
SIM3
SIM4
1
21
22
SIM5
SIM1
SIM2
SIM3
SIM4
1
21
22
SIM5
SIM1
SIM2
SIM3
SIM4
1
21
22
SIM5
SIM1
SIM2
SIM3
SIM4
1
21
22
SIM5
SIM1
SIM2
SIM3
SIM4
1
21
22
SIM5
SIM1
SIM2
SIM3
SIM4
1
21
22
SIM5
SIM1
SIM2
SIM3
SIM4
1
21
22
SIM5
SIM1
SIM2
SIM3
SIM4
1
21
22
SIM5
SIM1
SIM2
SIM3
SIM4
1
21
22
SIM5
SIM1
SIM2
SIM3
SIM4
1
21
22
SIM5
SIM1
SIM2
SIM3
SIM4
1
21
22
SIM5
SIM1
SIM2
SIM3
SIM4
1
21
22
SIM5
SIM1
SIM2
SIM3
SIM4
1
21
22
SIM5
SIM1
SIM2
SIM3
SIM4
1
21
22
SIM5
SIM1
SIM2
SIM3
SIM4
1
21
22
SIM5
SIM1
SIM2
SIM3
SIM4
1
21
22
SIM5
SIM1
SIM2
SIM3
SIM4
1
21
22
SIM5
SIM1
SIM2
SIM3
SIM4
1
21
22
SIM5
SIM1
SIM2
SIM3
SIM4
1
21
22
SIM5
SIM1
SIM2
SIM3
SIM4
1
21
22
SIM5
SIM1
SIM2
SIM3
SIM4
1
21
22
SIM5
SIM1
SIM2
SIM3
SIM4
1
21
22
SIM5
SIM1
SIM2
SIM3
SIM4
1
21
22
SIM5
SIM1
SIM2
SIM3
SIM4
1
21
22
SIM5
SIM1
SIM2
SIM3
SIM4
1
21
22
SIM5
SIM1
SIM2
SIM3
SIM4
1
21
22
SIM5
SIM1
SIM2
SIM3
SIM4
1
21
22
SIM5
SIM1
SIM2
SIM3
SIM4
1
21
22
SIM5
SIM1
SIM2
SIM3
SIM4
1
21
22
SIM5
SIM1
SIM2
SIM3
SIM4
1
21
22
SIM5
SIM1
SIM2
SIM3
SIM4
1
21
22
SIM5
SIM1
SIM2
SIM3
SIM4
1
21
22
SIM5
SIM1
SIM2
SIM3
SIM4
1
21
22
SIM5
SIM1
SIM2
SIM3
SIM4
1
21
22
SIM5
SIM1
SIM2
SIM3
SIM4
1
21
22
SIM5
SIM1
SIM2
SIM3
SIM4
1
21
22
SIM5
SIM1
SIM2
SIM3
SIM4
1
21
22
SIM5
SIM1
SIM2
SIM3
SIM4
1
21
22
SIM5
SIM1
SIM2
SIM3
SIM4
1
21
22
SIM5
SIM1
SIM2
SIM3
SIM4
1
21
22
SIM5
SIM1
SIM2
SIM3
SIM4
1
21
22
SIM5
SIM1
SIM2
SIM3
SIM4
1
21
22
SIM5
SIM1
SIM2
SIM3
SIM4
1
21
22
SIM5
SIM1
SIM2
SIM3
SIM4
1
21
22
SIM5
SIM1
SIM2
SIM3
SIM4
1
21
22
SIM5
SIM1
SIM2
SIM3
SIM4
1
21
22
SIM5
SIM1
SIM2
SIM3
SIM4
1
21
22
SIM5
SIM1
SIM2
SIM3
SIM4
1
21
22
SIM5
SIM1
SIM2
SIM3
SIM4
1
21
22
SIM5
SIM1
SIM2
SIM3
SIM4
1
21
22
SIM5
SIM1
SIM2
SIM3
SIM4
1
21
22
SIM5
SIM1
SIM2
SIM3
SIM4
1
21
22
SIM5
SIM1
SIM2
SIM3
SIM4
1
21
22
SIM5
SIM1
SIM2
SIM3
SIM4
1
21
22
SIM5
SIM1
SIM2
SIM3
SIM4
1
21
22
SIM5
SIM1
SIM2
SIM3
SIM4
1
21
22
SIM5
SIM1
SIM2
SIM3
SIM4
1
21
22
SIM5
SIM1
SIM2
SIM3
SIM4
1
21
22
SIM5
SIM1
SIM2
SIM3
SIM4
1
21
22
SIM5
SIM1
SIM2
SIM3
SIM4
1
21
22
SIM5
SIM1
SIM2
SIM3
SIM4
1
21
22
SIM5
SIM1
SIM2
SIM3
SIM4
1
21
22
SIM5
SIM1
SIM2
SIM3
SIM4
1
21
22
SIM5
SIM1
SIM2
SIM3
SIM4
1
21
22
SIM5
SIM1
SIM2
SIM3
SIM4
1
21
22
SIM5
SIM1
SIM2
SIM3
SIM4
1
21
22
SIM5
SIM1
SIM2
SIM3
SIM4
1
21
22
SIM5
SIM1
SIM2
SIM3
SIM4
1
21
22
SIM5
SIM1
SIM2
SIM3
SIM4
1
21
22
SIM5
SIM1
SIM2
SIM3
SIM4
1
21
22
SIM5
SIM1
SIM2
SIM3
SIM4
1
21
22
SIM5
SIM1
SIM2
SIM3
SIM4
1
21
22
SIM5
SIM1
SIM2
SIM3
SIM4
1
21
22
SIM5
SIM1
SIM2
SIM3
SIM4
1
21
22
SIM5
SIM1
SIM2
SIM3
SIM4
1
21
22
SIM5
SIM1
SIM2
SIM3
SIM4
1
21
22
SIM5
SIM1
SIM2
SIM3
SIM4
1
21
22
SIM5
SIM1
SIM2
SIM3
SIM4
1
21
22
SIM5
SIM1
SIM2
SIM3
SIM4
1
21
22
SIM5
SIM1
SIM2
SIM3
SIM4
1
21
22
SIM5
SIM1
SIM2
SIM3
SIM4
1
21
22
SIM5
SIM1
SIM2
SIM3
SIM4
1
21
22
SIM5
SIM1
SIM2
SIM3
SIM4
1
21
22
SIM5
SIM1
SIM2
SIM3
SIM4
1
21
22
SIM5
SIM1
SIM2
SIM3
SIM4
1
21
22
SIM5
SIM1
SIM2
SIM3
SIM4
1
21
22
SIM5
SIM1
SIM2
SIM3
SIM4
1
21
22
SIM5
SIM1
SIM2
SIM3
SIM4
1
21
22
SIM5
SIM1
SIM2
SIM3
SIM4
1
21
22
SIM5
SIM1
SIM2
SIM3
SIM4
1
21
22
SIM5
SIM1
SIM2
SIM3
SIM4
1
21
22
SIM5
SIM1
SIM2
SIM3
SIM4
1
21
22
SIM5
SIM1
SIM2
SIM3
SIM4
1
21
22
SIM5
SIM1
SIM2
SIM3
SIM4
1
21
22
SIM5
SIM1
SIM2
SIM3
SIM4
1
21
22
SIM5
SIM1
SIM2
SIM3
SIM4
1
21
22
SIM5
SIM1
SIM2
SIM3
SIM4
1
21
22
SIM5
SIM1
SIM2
SIM3
SIM4
1
21
22
SIM5
SIM1
SIM2
SIM3
SIM4
1
21
22
SIM5
SIM1
SIM2
SIM3
SIM4
1
21
22
SIM5
SIM1
SIM2
SIM3
SIM4
1
21
22
SIM5
SIM1
SIM2
SIM3
SIM4
1
21
22
SIM5
SIM1
SIM2
SIM3
SIM4
1
21
22
SIM5
SIM1
SIM2
SIM3
SIM4
1
21
22
SIM5
SIM1
SIM2
SIM3
SIM4
1
21
22
SIM5
SIM1
SIM2
SIM3
SIM4
1
21
22
SIM5
SIM1
SIM2
SIM3
SIM4
1
21
22
SIM5
SIM1
SIM2
SIM3
SIM4
1
21
22
SIM5
SIM1
SIM2
SIM3
SIM4
1
21
22
SIM5
SIM1
SIM2
SIM3
SIM4
1
21
22
SIM5
SIM1
SIM2
SIM3
SIM4
1
21
22
SIM5
SIM1
SIM2
SIM3
SIM4
1
21
22
SIM5
SIM1
SIM2
SIM3
SIM4
1
21
22
SIM5
SIM1
SIM2
SIM3
SIM4
1
21
22
SIM5
SIM1
SIM2
SIM3
SIM4
1
21
22
SIM5
SIM1
SIM2
SIM3
SIM4
1
21
22
SIM5
SIM1
SIM2
SIM3
SIM4
1
21
22
SIM5
SIM1
SIM2
SIM3
SIM4
1
21
22
SIM5
SIM1
SIM2
SIM3
SIM4
1
21
22
SIM5
SIM1
SIM2
SIM3
SIM4
1
21
22
SIM5
SIM1
SIM2
SIM3
SIM4
1
21
22
SIM5
SIM1
SIM2
SIM3
SIM4
1
21
22
SIM5
SIM1
SIM2
SIM3
SIM4
1
21
22
SIM5
SIM1
SIM2
SIM3
SIM4
1
21
22
SIM5
SIM1
SIM2
SIM3
SIM4
1
21
22
SIM5
SIM1
SIM2
SIM3
SIM4
1
21
22
SIM5
SIM1
SIM2
SIM3
SIM4
1
21
22
SIM5
SIM1
SIM2
SIM3
SIM4
1
21
22
SIM5
SIM1
SIM2
SIM3
SIM4
1
21
22
SIM5
SIM1
SIM2
SIM3
SIM4
1
21
22
SIM5
SIM1
SIM2
SIM3
SIM4
1
21
22
SIM5
SIM1
SIM2
SIM3
SIM4
1
21
22
SIM5
SIM1
SIM2
SIM3
SIM4
1
21
22
SIM5
SIM1
SIM2
SIM3
SIM4
1
21
22
SIM5
SIM1
SIM2
SIM3
SIM4
1
21
22
SIM5
SIM1
SIM2
SIM3
SIM4
1
21
22
SIM5
SIM1
SIM2
SIM3
SIM4
1
21
22
SIM5
SIM1
SIM2
SIM3
SIM4
1
21
22
SIM5
SIM1
SIM2
SIM3
SIM4
1
21
22
SIM5
SIM1
SIM2
SIM3
SIM4
1
21
22
SIM5
SIM1
SIM2
SIM3
SIM4
1
21
22
SIM5
SIM1
SIM2
SIM3
SIM4
1
21
22
SIM5
SIM1
SIM2
SIM3
SIM4
1
21
22
SIM5
SIM1
SIM2
SIM3
SIM4
1
21
22
SIM5
SIM1
SIM2
SIM3
SIM4
1
21
22
SIM5
SIM1
SIM2
SIM3
SIM4
1
21
22
SIM5
SIM1
SIM2
SIM3
SIM4
1
21
22
SIM5
SIM1
SIM2
SIM3
SIM4
1
21
22
SIM5
SIM1
SIM2
SIM3
SIM4
1
21
22
SIM5
SIM1
SIM2
SIM3
SIM4
1
21
22
SIM5
SIM1
SIM2
SIM3
SIM4
1
21
22
SIM5
SIM1
SIM2
SIM3
SIM4
1
21
22
SIM5
SIM1
SIM2
SIM3
SIM4
1
21
22
SIM5
SIM1
SIM2
SIM3
SIM4
1
21
22
SIM5
SIM1
SIM2
SIM3
SIM4
1
21
22
SIM5
SIM1
SIM2
SIM3
SIM4
1
21
22
SIM5
SIM1
SIM2
SIM3
SIM4
1
21
22
SIM5
SIM1
SIM2
SIM3
SIM4
1
21
22
SIM5
SIM1
SIM2
SIM3
SIM4
1
21
22
SIM5
SIM1
SIM2
SIM3
SIM4
1
21
22
SIM5
SIM1
SIM2
SIM3
SIM4
1
21
22
SIM5
SIM1
SIM2
SIM3
SIM4
1
21
22
SIM5
SIM1
SIM2
SIM3
SIM4
1
21
22
SIM5
SIM1
SIM2
SIM3
SIM4
1
21
22
SIM5
SIM1
SIM2
SIM3
SIM4
1
21
22
SIM5
SIM1
SIM2
SIM3
SIM4
1
21
22
SIM5
SIM1
SIM2
SIM3
SIM4
1
21
22
SIM5
SIM1
SIM2
SIM3
SIM4
1
21
22
SIM5
SIM1
SIM2
SIM3
SIM4
1
21
22
SIM5
SIM1
SIM2
SIM3
SIM4
1
21
22
SIM5
SIM1
SIM2
SIM3
SIM4
1
21
22
SIM5
SIM1
SIM2
SIM3
SIM4
1
21
22
SIM5
SIM1
SIM2
SIM3
SIM4
1
21
22
SIM5
SIM1
SIM2
SIM3
SIM4
1
21
22
SIM5
SIM1
SIM2
DEBUG 1 715
SIM1
SIM2
SIM3
SIM4
1
21
22
SIM5
SIM1
SIM2
SIM3
SIM4
1
21
22
SIM5
SIM1
SIM2
SIM3
SIM4
1
21
22
SIM5
SIM1
SIM2
SIM3
SIM4
1
21
22
SIM5
SIM1
SIM2
SIM3
SIM4
1
21
22
SIM5
SIM1
SIM2
SIM3
SIM4
1
21
22
SIM5
SIM1
SIM2
SIM3
SIM4
1
21
22
SIM5
SIM1
SIM2
SIM3
SIM4
1
21
22
SIM5
SIM1
SIM2
SIM3
SIM4
1
21
22
SIM5
SIM1
SIM2
SIM3
SIM4
1
21
22
SIM5
SIM1
SIM2
SIM3
SIM4
1
21
22
SIM5
SIM1
SIM2
SIM3
SIM4
1
21
22
SIM5
SIM1
SIM2
SIM3
SIM4
1
21
22
SIM5
SIM1
SIM2
SIM3
SIM4
1
21
22
SIM5
SIM1
SIM2
SIM3
SIM4
1
21
22
SIM5
SIM1
SIM2
SIM3
SIM4
1
21
22
SIM5
SIM1
SIM2
SIM3
SIM4
1
21
22
SIM5
SIM1
SIM2
SIM3
SIM4
1
21
22
SIM5
SIM1
SIM2
SIM3
SIM4
1
21
22
SIM5
SIM1
SIM2
SIM3
SIM4
1
21
22
SIM5
SIM1
SIM2
SIM3
SIM4
1
21
22
SIM5
SIM1
SIM2
SIM3
SIM4
1
21
22
SIM5
SIM1
SIM2
SIM3
SIM4
1
21
22
SIM5
SIM1
SIM2
SIM3
SIM4
1
21
22
SIM5
SIM1
SIM2
SIM3
SIM4
1
21
22
SIM5
SIM1
SIM2
SIM3
SIM4
1
21
22
SIM5
SIM1
SIM2
SIM3
SIM4
1
21
22
SIM5
SIM1
SIM2
SIM3
SIM4
1
21
22
SIM5
SIM1
SIM2
SIM3
SIM4
1
21
22
SIM5
SIM1
SIM2
SIM3
SIM4
1
21
22
SIM5
SIM1
SIM2
SIM3
SIM4
1
21
22
SIM5
SIM1
SIM2
SIM3
SIM4
1
21
22
SIM5
SIM1
SIM2
SIM3
SIM4
1
21
22
SIM5
SIM1
SIM2
SIM3
SIM4
1
21
22
SIM5
SIM1
SIM2
SIM3
SIM4
1
21
22
SIM5
SIM1
SIM2
SIM3
SIM4
1
21
22
SIM5
SIM1
SIM2
SIM3
SIM4
1
21
22
SIM5
SIM1
SIM2
SIM3
SIM4
1
21
22
SIM5
SIM1
SIM2
SIM3
SIM4
1
21
22
SIM5
SIM1
SIM2
SIM3
SIM4
1
21
22
SIM5
SIM1
SIM2
SIM3
SIM4
1
21
22
SIM5
SIM1
SIM2
SIM3
SIM4
1
21
22
SIM5
SIM1
SIM2
SIM3
SIM4
1
21
22
SIM5
SIM1
SIM2
SIM3
SIM4
1
21
22
SIM5
SIM1
SIM2
SIM3
SIM4
1
21
22
SIM5
SIM1
SIM2
SIM3
SIM4
1
21
22
SIM5
SIM1
SIM2
SIM3
SIM4
1
21
22
SIM5
SIM1
SIM2
SIM3
SIM4
1
21
22
SIM5
SIM1
SIM2
SIM3
SIM4
1
21
22
SIM5
SIM1
SIM2
SIM3
SIM4
1
21
22
SIM5
SIM1
SIM2
SIM3
SIM4
1
21
22
SIM5
SIM1
SIM2
SIM3
SIM4
1
21
22
SIM5
SIM1
SIM2
SIM3
SIM4
1
21
22
SIM5
SIM1
SIM2
SIM3
SIM4
1
21
22
SIM5
SIM1
SIM2
SIM3
SIM4
1
21
22
SIM5
SIM1
SIM2
SIM3
SIM4
1
21
22
SIM5
SIM1
SIM2
SIM3
SIM4
1
21
22
SIM5
SIM1
SIM2
SIM3
SIM4
1
21
22
SIM5
SIM1
SIM2
SIM3
SIM4
1
21
22
SIM5
SIM1
SIM2
SIM3
SIM4
1
21
22
SIM5
SIM1
SIM2
SIM3
SIM4
1
21
22
SIM5
SIM1
SIM2
SIM3
SIM4
1
21
22
SIM5
SIM1
SIM2
SIM3
SIM4
1
21
22
SIM5
SIM1
SIM2
SIM3
SIM4
1
21
22
SIM5
SIM1
SIM2
SIM3
SIM4
1
21
22
SIM5
SIM1
SIM2
SIM3
SIM4
1
21
22
SIM5
SIM1
SIM2
SIM3
SIM4
1
21
22
SIM5
SIM1
SIM2
SIM3
SIM4
1
21
22
SIM5
SIM1
SIM2
SIM3
SIM4
1
21
22
SIM5
SIM1
SIM2
SIM3
SIM4
1
21
22
SIM5
SIM1
SIM2
SIM3
SIM4
1
21
22
SIM5
SIM1
SIM2
SIM3
SIM4
1
21
22
SIM5
SIM1
SIM2
SIM3
SIM4
1
21
22
SIM5
SIM1
SIM2
SIM3
SIM4
1
21
22
SIM5
SIM1
SIM2
SIM3
SIM4
1
21
22
SIM5
SIM1
SIM2
SIM3
SIM4
1
21
22
SIM5
SIM1
SIM2
SIM3
SIM4
1
21
22
SIM5
SIM1
SIM2
SIM3
SIM4
1
21
22
SIM5
SIM1
SIM2
SIM3
SIM4
1
21
22
SIM5
SIM1
SIM2
SIM3
SIM4
1
21
22
SIM5
SIM1
SIM2
SIM3
SIM4
1
21
22
SIM5
SIM1
SIM2
SIM3
SIM4
1
21
22
SIM5
SIM1
SIM2
SIM3
SIM4
1
21
22
SIM5
SIM1
SIM2
SIM3
SIM4
1
21
22
SIM5
SIM1
SIM2
SIM3
SIM4
1
21
22
SIM5
SIM1
SIM2
SIM3
SIM4
1
21
22
SIM5
SIM1
SIM2
SIM3
SIM4
1
21
22
SIM5
SIM1
SIM2
SIM3
SIM4
1
21
22
SIM5
SIM1
SIM2
SIM3
SIM4
1
21
22
SIM5
SIM1
SIM2
SIM3
SIM4
1
21
22
SIM5
SIM1
SIM2
SIM3
SIM4
1
21
22
SIM5
SIM1
SIM2
SIM3
SIM4
1
21
22
SIM5
SIM1
SIM2
SIM3
SIM4
1
21
22
SIM5
SIM1
SIM2
SIM3
SIM4
1
21
22
SIM5
SIM1
SIM2
SIM3
SIM4
1
21
22
SIM5
SIM1
SIM2
SIM3
SIM4
1
21
22
SIM5
SIM1
SIM2
SIM3
SIM4
1
21
22
SIM5
SIM1
SIM2
SIM3
SIM4
1
21
22
SIM5
SIM1
SIM2
SIM3
SIM4
1
21
22
SIM5
SIM1
SIM2
SIM3
SIM4
1
21
22
SIM5
SIM1
SIM2
SIM3
SIM4
1
21
22
SIM5
SIM1
SIM2
SIM3
SIM4
1
21
22
SIM5
SIM1
SIM2
SIM3
SIM4
1
21
22
SIM5
SIM1
SIM2
SIM3
SIM4
1
21
22
SIM5
SIM1
SIM2
SIM3
SIM4
1
21
22
SIM5
SIM1
SIM2
SIM3
SIM4
1
21
22
SIM5
SIM1
SIM2
SIM3
SIM4
1
21
22
SIM5
SIM1
SIM2
SIM3
SIM4
1
21
22
SIM5
SIM1
SIM2
SIM3
SIM4
1
21
22
SIM5
SIM1
SIM2
SIM3
SIM4
1
21
22
SIM5
SIM1
SIM2
SIM3
SIM4
1
21
22
SIM5
SIM1
SIM2
SIM3
SIM4
1
21
22
SIM5
SIM1
SIM2
SIM3
SIM4
1
21
22
SIM5
SIM1
SIM2
SIM3
SIM4
1
21
22
SIM5
SIM1
SIM2
SIM3
SIM4
1
21
22
SIM5
SIM1
SIM2
SIM3
SIM4
1
21
22
SIM5
SIM1
SIM2
SIM3
SIM4
1
21
22
SIM5
SIM1
SIM2
SIM3
SIM4
1
21
22
SIM5
SIM1
SIM2
SIM3
SIM4
1
21
22
SIM5
SIM1
SIM2
SIM3
SIM4
1
21
22
SIM5
SIM1
SIM2
SIM3
SIM4
1
21
22
SIM5
SIM1
SIM2
SIM3
SIM4
1
21
22
SIM5
SIM1
SIM2
SIM3
SIM4
1
21
22
SIM5
SIM1
SIM2
SIM3
SIM4
1
21
22
SIM5
SIM1
SIM2
SIM3
SIM4
1
21
22
SIM5
SIM1
SIM2
SIM3
SIM4
1
21
22
SIM5
SIM1
SIM2
SIM3
SIM4
1
21
22
SIM5
SIM1
SIM2
SIM3
SIM4
1
21
22
SIM5
SIM1
SIM2
SIM3
SIM4
1
21
22
SIM5
SIM1
SIM2
SIM3
SIM4
1
21
22
SIM5
SIM1
SIM2
SIM3
SIM4
1
21
22
SIM5
SIM1
SIM2
SIM3
SIM4
1
21
22
SIM5
SIM1
SIM2
SIM3
SIM4
1
21
22
SIM5
SIM1
SIM2
SIM3
SIM4
1
21
22
SIM5
SIM1
SIM2
SIM3
SIM4
1
21
22
SIM5
SIM1
SIM2
SIM3
SIM4
1
21
22
SIM5
SIM1
SIM2
SIM3
SIM4
1
21
22
SIM5
SIM1
SIM2
SIM3
SIM4
1
21
22
SIM5
SIM1
SIM2
SIM3
SIM4
1
21
22
SIM5
SIM1
SIM2
SIM3
SIM4
1
21
22
SIM5
SIM1
SIM2
SIM3
SIM4
1
21
22
SIM5
SIM1
SIM2
SIM3
SIM4
1
21
22
SIM5
SIM1
SIM2
SIM3
SIM4
1
21
22
SIM5
SIM1
SIM2
SIM3
SIM4
1
21
22
SIM5
SIM1
SIM2
SIM3
SIM4
1
21
22
SIM5
SIM1
SIM2
SIM3
SIM4
1
21
22
SIM5
SIM1
SIM2
SIM3
SIM4
1
21
22
SIM5
SIM1
SIM2
SIM3
SIM4
1
21
22
SIM5
SIM1
SIM2
SIM3
SIM4
1
21
22
SIM5
SIM1
SIM2
SIM3
SIM4
1
21
22
SIM5
SIM1
SIM2
SIM3
SIM4
1
21
22
SIM5
SIM1
SIM2
SIM3
SIM4
1
21
22
SIM5
SIM1
SIM2
SIM3
SIM4
1
21
22
SIM5
SIM1
SIM2
SIM3
SIM4
1
21
22
SIM5
SIM1
SIM2
SIM3
SIM4
1
21
22
SIM5
SIM1
SIM2
SIM3
SIM4
1
21
22
SIM5
SIM1
SIM2
SIM3
SIM4
1
21
22
SIM5
SIM1
SIM2
SIM3
SIM4
1
21
22
SIM5
SIM1
SIM2
SIM3
SIM4
1
21
22
SIM5
SIM1
SIM2
SIM3
SIM4
1
21
22
SIM5
SIM1
SIM2
SIM3
SIM4
1
21
22
SIM5
SIM1
SIM2
SIM3
SIM4
1
21
22
SIM5
SIM1
SIM2
SIM3
SIM4
1
21
22
SIM5
SIM1
SIM2
SIM3
SIM4
1
21
22
SIM5
SIM1
SIM2
SIM3
SIM4
1
21
22
SIM5
SIM1
SIM2
SIM3
SIM4
1
21
22
SIM5
SIM1
SIM2
SIM3
SIM4
1
21
22
SIM5
SIM1
SIM2
SIM3
SIM4
1
21
22
SIM5
SIM1
SIM2
SIM3
SIM4
1
21
22
SIM5
SIM1
SIM2
SIM3
SIM4
1
21
22
SIM5
SIM1
SIM2
SIM3
SIM4
1
21
22
SIM5
SIM1
SIM2
SIM3
SIM4
1
21
22
SIM5
SIM1
SIM2
SIM3
SIM4
1
21
22
SIM5
SIM1
SIM2
SIM3
SIM4
1
21
22
SIM5
SIM1
SIM2
SIM3
SIM4
1
21
22
SIM5
SIM1
SIM2
SIM3
SIM4
1
21
22
SIM5
SIM1
SIM2
SIM3
SIM4
1
21
22
SIM5
SIM1
SIM2
SIM3
SIM4
1
21
22
SIM5
SIM1
SIM2
SIM3
SIM4
1
21
22
SIM5
SIM1
SIM2
SIM3
SIM4
1
21
22
SIM5
SIM1
SIM2
SIM3
SIM4
1
21
22
SIM5
SIM1
SIM2
SIM3
SIM4
1
21
22
SIM5
SIM1
SIM2
SIM3
SIM4
1
21
22
SIM5
SIM1
SIM2
SIM3
SIM4
1
21
22
SIM5
SIM1
SIM2
DEBUG 1 716
SIM1
SIM2
SIM3
SIM4
1
21
22
SIM5
SIM1
SIM2
SIM3
SIM4
1
21
22
SIM5
SIM1
SIM2
SIM3
SIM4
1
21
22
SIM5
SIM1
SIM2
SIM3
SIM4
1
21
22
SIM5
SIM1
SIM2
SIM3
SIM4
1
21
22
SIM5
SIM1
SIM2
SIM3
SIM4
1
21
22
SIM5
SIM1
SIM2
SIM3
SIM4
1
21
22
SIM5
SIM1
SIM2
SIM3
SIM4
1
21
22
SIM5
SIM1
SIM2
SIM3
SIM4
1
21
22
SIM5
SIM1
SIM2
SIM3
SIM4
1
21
22
SIM5
SIM1
SIM2
SIM3
SIM4
1
21
22
SIM5
SIM1
SIM2
SIM3
SIM4
1
21
22
SIM5
SIM1
SIM2
SIM3
SIM4
1
21
22
SIM5
SIM1
SIM2
SIM3
SIM4
1
21
22
SIM5
SIM1
SIM2
SIM3
SIM4
1
21
22
SIM5
SIM1
SIM2
SIM3
SIM4
1
21
22
SIM5
SIM1
SIM2
SIM3
SIM4
1
21
22
SIM5
SIM1
SIM2
SIM3
SIM4
1
21
22
SIM5
SIM1
SIM2
SIM3
SIM4
1
21
22
SIM5
SIM1
SIM2
SIM3
SIM4
1
21
22
SIM5
SIM1
SIM2
SIM3
SIM4
1
21
22
SIM5
SIM1
SIM2
SIM3
SIM4
1
21
22
SIM5
SIM1
SIM2
SIM3
SIM4
1
21
22
SIM5
SIM1
SIM2
SIM3
SIM4
1
21
22
SIM5
SIM1
SIM2
SIM3
SIM4
1
21
22
SIM5
SIM1
SIM2
SIM3
SIM4
1
21
22
SIM5
SIM1
SIM2
SIM3
SIM4
1
21
22
SIM5
SIM1
SIM2
SIM3
SIM4
1
21
22
SIM5
SIM1
SIM2
SIM3
SIM4
1
21
22
SIM5
SIM1
SIM2
SIM3
SIM4
1
21
22
SIM5
SIM1
SIM2
SIM3
SIM4
1
21
22
SIM5
SIM1
SIM2
SIM3
SIM4
1
21
22
SIM5
SIM1
SIM2
SIM3
SIM4
1
21
22
SIM5
SIM1
SIM2
SIM3
SIM4
1
21
22
SIM5
SIM1
SIM2
SIM3
SIM4
1
21
22
SIM5
SIM1
SIM2
SIM3
SIM4
1
21
22
SIM5
SIM1
SIM2
SIM3
SIM4
1
21
22
SIM5
SIM1
SIM2
SIM3
SIM4
1
21
22
SIM5
SIM1
SIM2
SIM3
SIM4
1
21
22
SIM5
SIM1
SIM2
SIM3
SIM4
1
21
22
SIM5
SIM1
SIM2
SIM3
SIM4
1
21
22
SIM5
SIM1
SIM2
SIM3
SIM4
1
21
22
SIM5
SIM1
SIM2
SIM3
SIM4
1
21
22
SIM5
SIM1
SIM2
SIM3
SIM4
1
21
22
SIM5
SIM1
SIM2
SIM3
SIM4
1
21
22
SIM5
SIM1
SIM2
SIM3
SIM4
1
21
22
SIM5
SIM1
SIM2
SIM3
SIM4
1
21
22
SIM5
SIM1
SIM2
SIM3
SIM4
1
21
22
SIM5
SIM1
SIM2
SIM3
SIM4
1
21
22
SIM5
SIM1
SIM2
SIM3
SIM4
1
21
22
SIM5
SIM1
SIM2
SIM3
SIM4
1
21
22
SIM5
SIM1
SIM2
SIM3
SIM4
1
21
22
SIM5
SIM1
SIM2
SIM3
SIM4
1
21
22
SIM5
SIM1
SIM2
SIM3
SIM4
1
21
22
SIM5
SIM1
SIM2
SIM3
SIM4
1
21
22
SIM5
SIM1
SIM2
SIM3
SIM4
1
21
22
SIM5
SIM1
SIM2
SIM3
SIM4
1
21
22
SIM5
SIM1
SIM2
SIM3
SIM4
1
21
22
SIM5
SIM1
SIM2
SIM3
SIM4
1
21
22
SIM5
SIM1
SIM2
SIM3
SIM4
1
21
22
SIM5
SIM1
SIM2
SIM3
SIM4
1
21
22
SIM5
SIM1
SIM2
SIM3
SIM4
1
21
22
SIM5
SIM1
SIM2
SIM3
SIM4
1
21
22
SIM5
SIM1
SIM2
SIM3
SIM4
1
21
22
SIM5
SIM1
SIM2
SIM3
SIM4
1
21
22
SIM5
SIM1
SIM2
SIM3
SIM4
1
21
22
SIM5
SIM1
SIM2
SIM3
SIM4
1
21
22
SIM5
SIM1
SIM2
SIM3
SIM4
1
21
22
SIM5
SIM1
SIM2
SIM3
SIM4
1
21
22
SIM5
SIM1
SIM2
SIM3
SIM4
1
21
22
SIM5
SIM1
SIM2
SIM3
SIM4
1
21
22
SIM5
SIM1
SIM2
SIM3
SIM4
1
21
22
SIM5
SIM1
SIM2
SIM3
SIM4
1
21
22
SIM5
SIM1
SIM2
SIM3
SIM4
1
21
22
SIM5
SIM1
SIM2
SIM3
SIM4
1
21
22
SIM5
SIM1
SIM2
SIM3
SIM4
1
21
22
SIM5
SIM1
SIM2
SIM3
SIM4
1
21
22
SIM5
SIM1
SIM2
SIM3
SIM4
1
21
22
SIM5
SIM1
SIM2
SIM3
SIM4
1
21
22
SIM5
SIM1
SIM2
SIM3
SIM4
1
21
22
SIM5
SIM1
SIM2
SIM3
SIM4
1
21
22
SIM5
SIM1
SIM2
SIM3
SIM4
1
21
22
SIM5
SIM1
SIM2
SIM3
SIM4
1
21
22
SIM5
SIM1
SIM2
SIM3
SIM4
1
21
22
SIM5
SIM1
SIM2
SIM3
SIM4
1
21
22
SIM5
SIM1
SIM2
SIM3
SIM4
1
21
22
SIM5
SIM1
SIM2
SIM3
SIM4
1
21
22
SIM5
SIM1
SIM2
SIM3
SIM4
1
21
22
SIM5
SIM1
SIM2
SIM3
SIM4
1
21
22
SIM5
SIM1
SIM2
SIM3
SIM4
1
21
22
SIM5
SIM1
SIM2
SIM3
SIM4
1
21
22
SIM5
SIM1
SIM2
SIM3
SIM4
1
21
22
SIM5
SIM1
SIM2
SIM3
SIM4
1
21
22
SIM5
SIM1
SIM2
SIM3
SIM4
1
21
22
SIM5
SIM1
SIM2
SIM3
SIM4
1
21
22
SIM5
SIM1
SIM2
SIM3
SIM4
1
21
22
SIM5
SIM1
SIM2
SIM3
SIM4
1
21
22
SIM5
SIM1
SIM2
SIM3
SIM4
1
21
22
SIM5
SIM1
SIM2
SIM3
SIM4
1
21
22
SIM5
SIM1
SIM2
SIM3
SIM4
1
21
22
SIM5
SIM1
SIM2
SIM3
SIM4
1
21
22
SIM5
SIM1
SIM2
SIM3
SIM4
1
21
22
SIM5
SIM1
SIM2
SIM3
SIM4
1
21
22
SIM5
SIM1
SIM2
SIM3
SIM4
1
21
22
SIM5
SIM1
SIM2
SIM3
SIM4
1
21
22
SIM5
SIM1
SIM2
SIM3
SIM4
1
21
22
SIM5
SIM1
SIM2
SIM3
SIM4
1
21
22
SIM5
SIM1
SIM2
SIM3
SIM4
1
21
22
SIM5
SIM1
SIM2
SIM3
SIM4
1
21
22
SIM5
SIM1
SIM2
SIM3
SIM4
1
21
22
SIM5
SIM1
SIM2
SIM3
SIM4
1
21
22
SIM5
SIM1
SIM2
SIM3
SIM4
1
21
22
SIM5
SIM1
SIM2
SIM3
SIM4
1
21
22
SIM5
SIM1
SIM2
SIM3
SIM4
1
21
22
SIM5
SIM1
SIM2
SIM3
SIM4
1
21
22
SIM5
SIM1
SIM2
SIM3
SIM4
1
21
22
SIM5
SIM1
SIM2
SIM3
SIM4
1
21
22
SIM5
SIM1
SIM2
SIM3
SIM4
1
21
22
SIM5
SIM1
SIM2
SIM3
SIM4
1
21
22
SIM5
SIM1
SIM2
SIM3
SIM4
1
21
22
SIM5
SIM1
SIM2
SIM3
SIM4
1
21
22
SIM5
SIM1
SIM2
SIM3
SIM4
1
21
22
SIM5
SIM1
SIM2
SIM3
SIM4
1
21
22
SIM5
SIM1
SIM2
SIM3
SIM4
1
21
22
SIM5
SIM1
SIM2
SIM3
SIM4
1
21
22
SIM5
SIM1
SIM2
SIM3
SIM4
1
21
22
SIM5
SIM1
SIM2
SIM3
SIM4
1
21
22
SIM5
SIM1
SIM2
SIM3
SIM4
1
21
22
SIM5
SIM1
SIM2
SIM3
SIM4
1
21
22
SIM5
SIM1
SIM2
SIM3
SIM4
1
21
22
SIM5
SIM1
SIM2
SIM3
SIM4
1
21
22
SIM5
SIM1
SIM2
SIM3
SIM4
1
21
22
SIM5
SIM1
SIM2
SIM3
SIM4
1
21
22
SIM5
SIM1
SIM2
SIM3
SIM4
1
21
22
SIM5
SIM1
SIM2
SIM3
SIM4
1
21
22
SIM5
SIM1
SIM2
SIM3
SIM4
1
21
22
SIM5
SIM1
SIM2
SIM3
SIM4
1
21
22
SIM5
SIM1
SIM2
SIM3
SIM4
1
21
22
SIM5
SIM1
SIM2
SIM3
SIM4
1
21
22
SIM5
SIM1
SIM2
SIM3
SIM4
1
21
22
SIM5
SIM1
SIM2
SIM3
SIM4
1
21
22
SIM5
SIM1
SIM2
SIM3
SIM4
1
21
22
SIM5
SIM1
SIM2
SIM3
SIM4
1
21
22
SIM5
SIM1
SIM2
SIM3
SIM4
1
21
22
SIM5
SIM1
SIM2
SIM3
SIM4
1
21
22
SIM5
SIM1
SIM2
SIM3
SIM4
1
21
22
SIM5
SIM1
SIM2
SIM3
SIM4
1
21
22
SIM5
SIM1
SIM2
SIM3
SIM4
1
21
22
SIM5
SIM1
SIM2
SIM3
SIM4
1
21
22
SIM5
SIM1
SIM2
SIM3
SIM4
1
21
22
SIM5
SIM1
SIM2
SIM3
SIM4
1
21
22
SIM5
SIM1
SIM2
SIM3
SIM4
1
21
22
SIM5
SIM1
SIM2
SIM3
SIM4
1
21
22
SIM5
SIM1
SIM2
SIM3
SIM4
1
21
22
SIM5
SIM1
SIM2
SIM3
SIM4
1
21
22
SIM5
SIM1
SIM2
SIM3
SIM4
1
21
22
SIM5
SIM1
SIM2
SIM3
SIM4
1
21
22
SIM5
SIM1
SIM2
SIM3
SIM4
1
21
22
SIM5
SIM1
SIM2
SIM3
SIM4
1
21
22
SIM5
SIM1
SIM2
SIM3
SIM4
1
21
22
SIM5
SIM1
SIM2
SIM3
SIM4
1
21
22
SIM5
SIM1
SIM2
SIM3
SIM4
1
21
22
SIM5
SIM1
SIM2
DEBUG 1 717
SIM1
SIM2
SIM3
SIM4
1
21
22
SIM5
SIM1
SIM2
SIM3
SIM4
1
21
22
SIM5
SIM1
SIM2
SIM3
SIM4
1
21
22
SIM5
SIM1
SIM2
SIM3
SIM4
1
21
22
SIM5
SIM1
SIM2
SIM3
SIM4
1
21
22
SIM5
SIM1
SIM2
SIM3
SIM4
1
21
22
SIM5
SIM1
SIM2
SIM3
SIM4
1
21
22
SIM5
SIM1
SIM2
SIM3
SIM4
1
21
22
SIM5
SIM1
SIM2
SIM3
SIM4
1
21
22
SIM5
SIM1
SIM2
SIM3
SIM4
1
21
22
SIM5
SIM1
SIM2
SIM3
SIM4
1
21
22
SIM5
SIM1
SIM2
SIM3
SIM4
1
21
22
SIM5
SIM1
SIM2
SIM3
SIM4
1
21
22
SIM5
SIM1
SIM2
SIM3
SIM4
1
21
22
SIM5
SIM1
SIM2
SIM3
SIM4
1
21
22
SIM5
SIM1
SIM2
SIM3
SIM4
1
21
22
SIM5
SIM1
SIM2
SIM3
SIM4
1
21
22
SIM5
SIM1
SIM2
SIM3
SIM4
1
21
22
SIM5
SIM1
SIM2
SIM3
SIM4
1
21
22
SIM5
SIM1
SIM2
SIM3
SIM4
1
21
22
SIM5
SIM1
SIM2
SIM3
SIM4
1
21
22
SIM5
SIM1
SIM2
SIM3
SIM4
1
21
22
SIM5
SIM1
SIM2
SIM3
SIM4
1
21
22
SIM5
SIM1
SIM2
SIM3
SIM4
1
21
22
SIM5
SIM1
SIM2
SIM3
SIM4
1
21
22
SIM5
SIM1
SIM2
SIM3
SIM4
1
21
22
SIM5
SIM1
SIM2
SIM3
SIM4
1
21
22
SIM5
SIM1
SIM2
SIM3
SIM4
1
21
22
SIM5
SIM1
SIM2
SIM3
SIM4
1
21
22
SIM5
SIM1
SIM2
SIM3
SIM4
1
21
22
SIM5
SIM1
SIM2
SIM3
SIM4
1
21
22
SIM5
SIM1
SIM2
SIM3
SIM4
1
21
22
SIM5
SIM1
SIM2
SIM3
SIM4
1
21
22
SIM5
SIM1
SIM2
SIM3
SIM4
1
21
22
SIM5
SIM1
SIM2
SIM3
SIM4
1
21
22
SIM5
SIM1
SIM2
SIM3
SIM4
1
21
22
SIM5
SIM1
SIM2
SIM3
SIM4
1
21
22
SIM5
SIM1
SIM2
SIM3
SIM4
1
21
22
SIM5
SIM1
SIM2
SIM3
SIM4
1
21
22
SIM5
SIM1
SIM2
SIM3
SIM4
1
21
22
SIM5
SIM1
SIM2
SIM3
SIM4
1
21
22
SIM5
SIM1
SIM2
SIM3
SIM4
1
21
22
SIM5
SIM1
SIM2
SIM3
SIM4
1
21
22
SIM5
SIM1
SIM2
SIM3
SIM4
1
21
22
SIM5
SIM1
SIM2
SIM3
SIM4
1
21
22
SIM5
SIM1
SIM2
SIM3
SIM4
1
21
22
SIM5
SIM1
SIM2
SIM3
SIM4
1
21
22
SIM5
SIM1
SIM2
SIM3
SIM4
1
21
22
SIM5
SIM1
SIM2
SIM3
SIM4
1
21
22
SIM5
SIM1
SIM2
SIM3
SIM4
1
21
22
SIM5
SIM1
SIM2
SIM3
SIM4
1
21
22
SIM5
SIM1
SIM2
SIM3
SIM4
1
21
22
SIM5
SIM1
SIM2
SIM3
SIM4
1
21
22
SIM5
SIM1
SIM2
SIM3
SIM4
1
21
22
SIM5
SIM1
SIM2
SIM3
SIM4
1
21
22
SIM5
SIM1
SIM2
SIM3
SIM4
1
21
22
SIM5
SIM1
SIM2
SIM3
SIM4
1
21
22
SIM5
SIM1
SIM2
SIM3
SIM4
1
21
22
SIM5
SIM1
SIM2
SIM3
SIM4
1
21
22
SIM5
SIM1
SIM2
SIM3
SIM4
1
21
22
SIM5
SIM1
SIM2
SIM3
SIM4
1
21
22
SIM5
SIM1
SIM2
SIM3
SIM4
1
21
22
SIM5
SIM1
SIM2
SIM3
SIM4
1
21
22
SIM5
SIM1
SIM2
SIM3
SIM4
1
21
22
SIM5
SIM1
SIM2
SIM3
SIM4
1
21
22
SIM5
SIM1
SIM2
SIM3
SIM4
1
21
22
SIM5
SIM1
SIM2
SIM3
SIM4
1
21
22
SIM5
SIM1
SIM2
SIM3
SIM4
1
21
22
SIM5
SIM1
SIM2
SIM3
SIM4
1
21
22
SIM5
SIM1
SIM2
SIM3
SIM4
1
21
22
SIM5
SIM1
SIM2
SIM3
SIM4
1
21
22
SIM5
SIM1
SIM2
SIM3
SIM4
1
21
22
SIM5
SIM1
SIM2
SIM3
SIM4
1
21
22
SIM5
SIM1
SIM2
SIM3
SIM4
1
21
22
SIM5
SIM1
SIM2
SIM3
SIM4
1
21
22
SIM5
SIM1
SIM2
SIM3
SIM4
1
21
22
SIM5
SIM1
SIM2
SIM3
SIM4
1
21
22
SIM5
SIM1
SIM2
SIM3
SIM4
1
21
22
SIM5
SIM1
SIM2
SIM3
SIM4
1
21
22
SIM5
SIM1
SIM2
SIM3
SIM4
1
21
22
SIM5
SIM1
SIM2
SIM3
SIM4
1
21
22
SIM5
SIM1
SIM2
SIM3
SIM4
1
21
22
SIM5
SIM1
SIM2
SIM3
SIM4
1
21
22
SIM5
SIM1
SIM2
SIM3
SIM4
1
21
22
SIM5
SIM1
SIM2
SIM3
SIM4
1
21
22
SIM5
SIM1
SIM2
SIM3
SIM4
1
21
22
SIM5
SIM1
SIM2
SIM3
SIM4
1
21
22
SIM5
SIM1
SIM2
SIM3
SIM4
1
21
22
SIM5
SIM1
SIM2
SIM3
SIM4
1
21
22
SIM5
SIM1
SIM2
SIM3
SIM4
1
21
22
SIM5
SIM1
SIM2
SIM3
SIM4
1
21
22
SIM5
SIM1
SIM2
SIM3
SIM4
1
21
22
SIM5
SIM1
SIM2
SIM3
SIM4
1
21
22
SIM5
SIM1
SIM2
SIM3
SIM4
1
21
22
SIM5
SIM1
SIM2
SIM3
SIM4
1
21
22
SIM5
SIM1
SIM2
SIM3
SIM4
1
21
22
SIM5
SIM1
SIM2
SIM3
SIM4
1
21
22
SIM5
SIM1
SIM2
SIM3
SIM4
1
21
22
SIM5
SIM1
SIM2
SIM3
SIM4
1
21
22
SIM5
SIM1
SIM2
SIM3
SIM4
1
21
22
SIM5
SIM1
SIM2
SIM3
SIM4
1
21
22
SIM5
SIM1
SIM2
SIM3
SIM4
1
21
22
SIM5
SIM1
SIM2
SIM3
SIM4
1
21
22
SIM5
SIM1
SIM2
SIM3
SIM4
1
21
22
SIM5
SIM1
SIM2
SIM3
SIM4
1
21
22
SIM5
SIM1
SIM2
SIM3
SIM4
1
21
22
SIM5
SIM1
SIM2
SIM3
SIM4
1
21
22
SIM5
SIM1
SIM2
SIM3
SIM4
1
21
22
SIM5
SIM1
SIM2
SIM3
SIM4
1
21
22
SIM5
SIM1
SIM2
SIM3
SIM4
1
21
22
SIM5
SIM1
SIM2
SIM3
SIM4
1
21
22
SIM5
SIM1
SIM2
SIM3
SIM4
1
21
22
SIM5
SIM1
SIM2
SIM3
SIM4
1
21
22
SIM5
SIM1
SIM2
SIM3
SIM4
1
21
22
SIM5
SIM1
SIM2
SIM3
SIM4
1
21
22
SIM5
SIM1
SIM2
SIM3
SIM4
1
21
22
SIM5
SIM1
SIM2
SIM3
SIM4
1
21
22
SIM5
SIM1
SIM2
SIM3
SIM4
1
21
22
SIM5
SIM1
SIM2
SIM3
SIM4
1
21
22
SIM5
SIM1
SIM2
SIM3
SIM4
1
21
22
SIM5
SIM1
SIM2
SIM3
SIM4
1
21
22
SIM5
SIM1
SIM2
SIM3
SIM4
1
21
22
SIM5
SIM1
SIM2
SIM3
SIM4
1
21
22
SIM5
SIM1
SIM2
SIM3
SIM4
1
21
22
SIM5
SIM1
SIM2
SIM3
SIM4
1
21
22
SIM5
SIM1
SIM2
SIM3
SIM4
1
21
22
SIM5
SIM1
SIM2
SIM3
SIM4
1
21
22
SIM5
SIM1
SIM2
SIM3
SIM4
1
21
22
SIM5
SIM1
SIM2
SIM3
SIM4
1
21
22
SIM5
SIM1
SIM2
SIM3
SIM4
1
21
22
SIM5
SIM1
SIM2
SIM3
SIM4
1
21
22
SIM5
SIM1
SIM2
SIM3
SIM4
1
21
22
SIM5
SIM1
SIM2
SIM3
SIM4
1
21
22
SIM5
SIM1
SIM2
SIM3
SIM4
1
21
22
SIM5
SIM1
SIM2
SIM3
SIM4
1
21
22
SIM5
SIM1
SIM2
SIM3
SIM4
1
21
22
SIM5
SIM1
SIM2
SIM3
SIM4
1
21
22
SIM5
SIM1
SIM2
SIM3
SIM4
1
21
22
SIM5
SIM1
SIM2
SIM3
SIM4
1
21
22
SIM5
SIM1
SIM2
SIM3
SIM4
1
21
22
SIM5
SIM1
SIM2
SIM3
SIM4
1
21
22
SIM5
SIM1
SIM2
SIM3
SIM4
1
21
22
SIM5
SIM1
SIM2
SIM3
SIM4
1
21
22
SIM5
SIM1
SIM2
SIM3
SIM4
1
21
22
SIM5
SIM1
SIM2
SIM3
SIM4
1
21
22
SIM5
SIM1
SIM2
SIM3
SIM4
1
21
22
SIM5
SIM1
SIM2
SIM3
SIM4
1
21
22
SIM5
SIM1
SIM2
SIM3
SIM4
1
21
22
SIM5
SIM1
SIM2
SIM3
SIM4
1
21
22
SIM5
SIM1
SIM2
SIM3
SIM4
1
21
22
SIM5
SIM1
SIM2
SIM3
SIM4
1
21
22
SIM5
SIM1
SIM2
SIM3
SIM4
1
21
22
SIM5
SIM1
SIM2
SIM3
SIM4
1
21
22
SIM5
SIM1
SIM2
SIM3
SIM4
1
21
22
SIM5
SIM1
SIM2
SIM3
SIM4
1
21
22
SIM5
SIM1
SIM2
SIM3
SIM4
1
21
22
SIM5
SIM1
SIM2
SIM3
SIM4
1
21
22
SIM5
SIM1
SIM2
DEBUG 1 718
SIM1
SIM2
SIM3
SIM4
1
21
22
SIM5
SIM1
SIM2
SIM3
SIM4
1
21
22
SIM5
SIM1
SIM2
SIM3
SIM4
1
21
22
SIM5
SIM1
SIM2
SIM3
SIM4
1
21
22
SIM5
SIM1
SIM2
SIM3
SIM4
1
21
22
SIM5
SIM1
SIM2
SIM3
SIM4
1
21
22
SIM5
SIM1
SIM2
SIM3
SIM4
1
21
22
SIM5
SIM1
SIM2
SIM3
SIM4
1
21
22
SIM5
SIM1
SIM2
SIM3
SIM4
1
21
22
SIM5
SIM1
SIM2
SIM3
SIM4
1
21
22
SIM5
SIM1
SIM2
SIM3
SIM4
1
21
22
SIM5
SIM1
SIM2
SIM3
SIM4
1
21
22
SIM5
SIM1
SIM2
SIM3
SIM4
1
21
22
SIM5
SIM1
SIM2
SIM3
SIM4
1
21
22
SIM5
SIM1
SIM2
SIM3
SIM4
1
21
22
SIM5
SIM1
SIM2
SIM3
SIM4
1
21
22
SIM5
SIM1
SIM2
SIM3
SIM4
1
21
22
SIM5
SIM1
SIM2
SIM3
SIM4
1
21
22
SIM5
SIM1
SIM2
SIM3
SIM4
1
21
22
SIM5
SIM1
SIM2
SIM3
SIM4
1
21
22
SIM5
SIM1
SIM2
SIM3
SIM4
1
21
22
SIM5
SIM1
SIM2
SIM3
SIM4
1
21
22
SIM5
SIM1
SIM2
SIM3
SIM4
1
21
22
SIM5
SIM1
SIM2
SIM3
SIM4
1
21
22
SIM5
SIM1
SIM2
SIM3
SIM4
1
21
22
SIM5
SIM1
SIM2
SIM3
SIM4
1
21
22
SIM5
SIM1
SIM2
SIM3
SIM4
1
21
22
SIM5
SIM1
SIM2
SIM3
SIM4
1
21
22
SIM5
SIM1
SIM2
SIM3
SIM4
1
21
22
SIM5
SIM1
SIM2
SIM3
SIM4
1
21
22
SIM5
SIM1
SIM2
SIM3
SIM4
1
21
22
SIM5
SIM1
SIM2
SIM3
SIM4
1
21
22
SIM5
SIM1
SIM2
SIM3
SIM4
1
21
22
SIM5
SIM1
SIM2
SIM3
SIM4
1
21
22
SIM5
SIM1
SIM2
SIM3
SIM4
1
21
22
SIM5
SIM1
SIM2
SIM3
SIM4
1
21
22
SIM5
SIM1
SIM2
SIM3
SIM4
1
21
22
SIM5
SIM1
SIM2
SIM3
SIM4
1
21
22
SIM5
SIM1
SIM2
SIM3
SIM4
1
21
22
SIM5
SIM1
SIM2
SIM3
SIM4
1
21
22
SIM5
SIM1
SIM2
SIM3
SIM4
1
21
22
SIM5
SIM1
SIM2
SIM3
SIM4
1
21
22
SIM5
SIM1
SIM2
SIM3
SIM4
1
21
22
SIM5
SIM1
SIM2
SIM3
SIM4
1
21
22
SIM5
SIM1
SIM2
SIM3
SIM4
1
21
22
SIM5
SIM1
SIM2
SIM3
SIM4
1
21
22
SIM5
SIM1
SIM2
SIM3
SIM4
1
21
22
SIM5
SIM1
SIM2
SIM3
SIM4
1
21
22
SIM5
SIM1
SIM2
SIM3
SIM4
1
21
22
SIM5
SIM1
SIM2
SIM3
SIM4
1
21
22
SIM5
SIM1
SIM2
SIM3
SIM4
1
21
22
SIM5
SIM1
SIM2
SIM3
SIM4
1
21
22
SIM5
SIM1
SIM2
SIM3
SIM4
1
21
22
SIM5
SIM1
SIM2
SIM3
SIM4
1
21
22
SIM5
SIM1
SIM2
SIM3
SIM4
1
21
22
SIM5
SIM1
SIM2
SIM3
SIM4
1
21
22
SIM5
SIM1
SIM2
SIM3
SIM4
1
21
22
SIM5
SIM1
SIM2
SIM3
SIM4
1
21
22
SIM5
SIM1
SIM2
SIM3
SIM4
1
21
22
SIM5
SIM1
SIM2
SIM3
SIM4
1
21
22
SIM5
SIM1
SIM2
SIM3
SIM4
1
21
22
SIM5
SIM1
SIM2
SIM3
SIM4
1
21
22
SIM5
SIM1
SIM2
SIM3
SIM4
1
21
22
SIM5
SIM1
SIM2
SIM3
SIM4
1
21
22
SIM5
SIM1
SIM2
SIM3
SIM4
1
21
22
SIM5
SIM1
SIM2
SIM3
SIM4
1
21
22
SIM5
SIM1
SIM2
SIM3
SIM4
1
21
22
SIM5
SIM1
SIM2
SIM3
SIM4
1
21
22
SIM5
SIM1
SIM2
SIM3
SIM4
1
21
22
SIM5
SIM1
SIM2
SIM3
SIM4
1
21
22
SIM5
SIM1
SIM2
SIM3
SIM4
1
21
22
SIM5
SIM1
SIM2
SIM3
SIM4
1
21
22
SIM5
SIM1
SIM2
SIM3
SIM4
1
21
22
SIM5
SIM1
SIM2
SIM3
SIM4
1
21
22
SIM5
SIM1
SIM2
SIM3
SIM4
1
21
22
SIM5
SIM1
SIM2
SIM3
SIM4
1
21
22
SIM5
SIM1
SIM2
SIM3
SIM4
1
21
22
SIM5
SIM1
SIM2
SIM3
SIM4
1
21
22
SIM5
SIM1
SIM2
SIM3
SIM4
1
21
22
SIM5
SIM1
SIM2
SIM3
SIM4
1
21
22
SIM5
SIM1
SIM2
SIM3
SIM4
1
21
22
SIM5
SIM1
SIM2
SIM3
SIM4
1
21
22
SIM5
SIM1
SIM2
SIM3
SIM4
1
21
22
SIM5
SIM1
SIM2
SIM3
SIM4
1
21
22
SIM5
SIM1
SIM2
SIM3
SIM4
1
21
22
SIM5
SIM1
SIM2
SIM3
SIM4
1
21
22
SIM5
SIM1
SIM2
SIM3
SIM4
1
21
22
SIM5
SIM1
SIM2
SIM3
SIM4
1
21
22
SIM5
SIM1
SIM2
SIM3
SIM4
1
21
22
SIM5
SIM1
SIM2
SIM3
SIM4
1
21
22
SIM5
SIM1
SIM2
SIM3
SIM4
1
21
22
SIM5
SIM1
SIM2
SIM3
SIM4
1
21
22
SIM5
SIM1
SIM2
SIM3
SIM4
1
21
22
SIM5
SIM1
SIM2
SIM3
SIM4
1
21
22
SIM5
SIM1
SIM2
SIM3
SIM4
1
21
22
SIM5
SIM1
SIM2
SIM3
SIM4
1
21
22
SIM5
SIM1
SIM2
SIM3
SIM4
1
21
22
SIM5
SIM1
SIM2
SIM3
SIM4
1
21
22
SIM5
SIM1
SIM2
SIM3
SIM4
1
21
22
SIM5
SIM1
SIM2
SIM3
SIM4
1
21
22
SIM5
SIM1
SIM2
SIM3
SIM4
1
21
22
SIM5
SIM1
SIM2
SIM3
SIM4
1
21
22
SIM5
SIM1
SIM2
SIM3
SIM4
1
21
22
SIM5
SIM1
SIM2
SIM3
SIM4
1
21
22
SIM5
SIM1
SIM2
SIM3
SIM4
1
21
22
SIM5
SIM1
SIM2
SIM3
SIM4
1
21
22
SIM5
SIM1
SIM2
SIM3
SIM4
1
21
22
SIM5
SIM1
SIM2
SIM3
SIM4
1
21
22
SIM5
SIM1
SIM2
SIM3
SIM4
1
21
22
SIM5
SIM1
SIM2
SIM3
SIM4
1
21
22
SIM5
SIM1
SIM2
SIM3
SIM4
1
21
22
SIM5
SIM1
SIM2
SIM3
SIM4
1
21
22
SIM5
SIM1
SIM2
SIM3
SIM4
1
21
22
SIM5
SIM1
SIM2
SIM3
SIM4
1
21
22
SIM5
SIM1
SIM2
SIM3
SIM4
1
21
22
SIM5
SIM1
SIM2
SIM3
SIM4
1
21
22
SIM5
SIM1
SIM2
SIM3
SIM4
1
21
22
SIM5
SIM1
SIM2
SIM3
SIM4
1
21
22
SIM5
SIM1
SIM2
SIM3
SIM4
1
21
22
SIM5
SIM1
SIM2
SIM3
SIM4
1
21
22
SIM5
SIM1
SIM2
SIM3
SIM4
1
21
22
SIM5
SIM1
SIM2
SIM3
SIM4
1
21
22
SIM5
SIM1
SIM2
SIM3
SIM4
1
21
22
SIM5
SIM1
SIM2
SIM3
SIM4
1
21
22
SIM5
SIM1
SIM2
SIM3
SIM4
1
21
22
SIM5
SIM1
SIM2
SIM3
SIM4
1
21
22
SIM5
SIM1
SIM2
SIM3
SIM4
1
21
22
SIM5
SIM1
SIM2
SIM3
SIM4
1
21
22
SIM5
SIM1
SIM2
SIM3
SIM4
1
21
22
SIM5
SIM1
SIM2
SIM3
SIM4
1
21
22
SIM5
SIM1
SIM2
SIM3
SIM4
1
21
22
SIM5
SIM1
SIM2
SIM3
SIM4
1
21
22
SIM5
SIM1
SIM2
SIM3
SIM4
1
21
22
SIM5
SIM1
SIM2
SIM3
SIM4
1
21
22
SIM5
SIM1
SIM2
SIM3
SIM4
1
21
22
SIM5
SIM1
SIM2
SIM3
SIM4
1
21
22
SIM5
SIM1
SIM2
SIM3
SIM4
1
21
22
SIM5
SIM1
SIM2
SIM3
SIM4
1
21
22
SIM5
SIM1
SIM2
SIM3
SIM4
1
21
22
SIM5
SIM1
SIM2
SIM3
SIM4
1
21
22
SIM5
SIM1
SIM2
SIM3
SIM4
1
21
22
SIM5
SIM1
SIM2
SIM3
SIM4
1
21
22
SIM5
SIM1
SIM2
SIM3
SIM4
1
21
22
SIM5
SIM1
SIM2
SIM3
SIM4
1
21
22
SIM5
SIM1
SIM2
SIM3
SIM4
1
21
22
SIM5
SIM1
SIM2
SIM3
SIM4
1
21
22
SIM5
SIM1
SIM2
SIM3
SIM4
1
21
22
SIM5
SIM1
SIM2
SIM3
SIM4
1
21
22
SIM5
SIM1
SIM2
SIM3
SIM4
1
21
22
SIM5
SIM1
SIM2
SIM3
SIM4
1
21
22
SIM5
SIM1
SIM2
SIM3
SIM4
1
21
22
SIM5
SIM1
SIM2
SIM3
SIM4
1
21
22
SIM5
SIM1
SIM2
SIM3
SIM4
1
21
22
SIM5
SIM1
SIM2
SIM3
SIM4
1
21
22
SIM5
SIM1
SIM2
SIM3
SIM4
1
21
22
SIM5
SIM1
SIM2
SIM3
SIM4
1
21
22
SIM5
SIM1
SIM2
SIM3
SIM4
1
21
22
SIM5
SIM1
SIM2
SIM3
SIM4
1
21
22
SIM5
SIM1
SIM2
SIM3
SIM4
1
21
22
SIM5
SIM1
SIM2
SIM3
SIM4
1
21
22
SIM5
SIM1
SIM2
SIM3
SIM4
1
21
22
SIM5
SIM1
SIM2
DEBUG 1 719
SIM1
SIM2
SIM3
SIM4
1
21
22
SIM5
SIM1
SIM2
SIM3
SIM4
1
21
22
SIM5
SIM1
SIM2
SIM3
SIM4
1
21
22
SIM5
SIM1
SIM2
SIM3
SIM4
1
21
22
SIM5
SIM1
SIM2
SIM3
SIM4
1
21
22
SIM5
SIM1
SIM2
SIM3
SIM4
1
21
22
SIM5
SIM1
SIM2
SIM3
SIM4
1
21
22
SIM5
SIM1
SIM2
SIM3
SIM4
1
21
22
SIM5
SIM1
SIM2
SIM3
SIM4
1
21
22
SIM5
SIM1
SIM2
SIM3
SIM4
1
21
22
SIM5
SIM1
SIM2
SIM3
SIM4
1
21
22
SIM5
SIM1
SIM2
SIM3
SIM4
1
21
22
SIM5
SIM1
SIM2
SIM3
SIM4
1
21
22
SIM5
SIM1
SIM2
SIM3
SIM4
1
21
22
SIM5
SIM1
SIM2
SIM3
SIM4
1
21
22
SIM5
SIM1
SIM2
SIM3
SIM4
1
21
22
SIM5
SIM1
SIM2
SIM3
SIM4
1
21
22
SIM5
SIM1
SIM2
SIM3
SIM4
1
21
22
SIM5
SIM1
SIM2
SIM3
SIM4
1
21
22
SIM5
SIM1
SIM2
SIM3
SIM4
1
21
22
SIM5
SIM1
SIM2
SIM3
SIM4
1
21
22
SIM5
SIM1
SIM2
SIM3
SIM4
1
21
22
SIM5
SIM1
SIM2
SIM3
SIM4
1
21
22
SIM5
SIM1
SIM2
SIM3
SIM4
1
21
22
SIM5
SIM1
SIM2
SIM3
SIM4
1
21
22
SIM5
SIM1
SIM2
SIM3
SIM4
1
21
22
SIM5
SIM1
SIM2
SIM3
SIM4
1
21
22
SIM5
SIM1
SIM2
SIM3
SIM4
1
21
22
SIM5
SIM1
SIM2
SIM3
SIM4
1
21
22
SIM5
SIM1
SIM2
SIM3
SIM4
1
21
22
SIM5
SIM1
SIM2
SIM3
SIM4
1
21
22
SIM5
SIM1
SIM2
SIM3
SIM4
1
21
22
SIM5
SIM1
SIM2
SIM3
SIM4
1
21
22
SIM5
SIM1
SIM2
SIM3
SIM4
1
21
22
SIM5
SIM1
SIM2
SIM3
SIM4
1
21
22
SIM5
SIM1
SIM2
SIM3
SIM4
1
21
22
SIM5
SIM1
SIM2
SIM3
SIM4
1
21
22
SIM5
SIM1
SIM2
SIM3
SIM4
1
21
22
SIM5
SIM1
SIM2
SIM3
SIM4
1
21
22
SIM5
SIM1
SIM2
SIM3
SIM4
1
21
22
SIM5
SIM1
SIM2
SIM3
SIM4
1
21
22
SIM5
SIM1
SIM2
SIM3
SIM4
1
21
22
SIM5
SIM1
SIM2
SIM3
SIM4
1
21
22
SIM5
SIM1
SIM2
SIM3
SIM4
1
21
22
SIM5
SIM1
SIM2
SIM3
SIM4
1
21
22
SIM5
SIM1
SIM2
SIM3
SIM4
1
21
22
SIM5
SIM1
SIM2
SIM3
SIM4
1
21
22
SIM5
SIM1
SIM2
SIM3
SIM4
1
21
22
SIM5
SIM1
SIM2
SIM3
SIM4
1
21
22
SIM5
SIM1
SIM2
SIM3
SIM4
1
21
22
SIM5
SIM1
SIM2
SIM3
SIM4
1
21
22
SIM5
SIM1
SIM2
SIM3
SIM4
1
21
22
SIM5
SIM1
SIM2
SIM3
SIM4
1
21
22
SIM5
SIM1
SIM2
SIM3
SIM4
1
21
22
SIM5
SIM1
SIM2
SIM3
SIM4
1
21
22
SIM5
SIM1
SIM2
SIM3
SIM4
1
21
22
SIM5
SIM1
SIM2
SIM3
SIM4
1
21
22
SIM5
SIM1
SIM2
SIM3
SIM4
1
21
22
SIM5
SIM1
SIM2
SIM3
SIM4
1
21
22
SIM5
SIM1
SIM2
SIM3
SIM4
1
21
22
SIM5
SIM1
SIM2
SIM3
SIM4
1
21
22
SIM5
SIM1
SIM2
SIM3
SIM4
1
21
22
SIM5
SIM1
SIM2
SIM3
SIM4
1
21
22
SIM5
SIM1
SIM2
SIM3
SIM4
1
21
22
SIM5
SIM1
SIM2
SIM3
SIM4
1
21
22
SIM5
SIM1
SIM2
SIM3
SIM4
1
21
22
SIM5
SIM1
SIM2
SIM3
SIM4
1
21
22
SIM5
SIM1
SIM2
SIM3
SIM4
1
21
22
SIM5
SIM1
SIM2
SIM3
SIM4
1
21
22
SIM5
SIM1
SIM2
SIM3
SIM4
1
21
22
SIM5
SIM1
SIM2
SIM3
SIM4
1
21
22
SIM5
SIM1
SIM2
SIM3
SIM4
1
21
22
SIM5
SIM1
SIM2
SIM3
SIM4
1
21
22
SIM5
SIM1
SIM2
SIM3
SIM4
1
21
22
SIM5
SIM1
SIM2
SIM3
SIM4
1
21
22
SIM5
SIM1
SIM2
SIM3
SIM4
1
21
22
SIM5
SIM1
SIM2
SIM3
SIM4
1
21
22
SIM5
SIM1
SIM2
SIM3
SIM4
1
21
22
SIM5
SIM1
SIM2
SIM3
SIM4
1
21
22
SIM5
SIM1
SIM2
SIM3
SIM4
1
21
22
SIM5
SIM1
SIM2
SIM3
SIM4
1
21
22
SIM5
SIM1
SIM2
SIM3
SIM4
1
21
22
SIM5
SIM1
SIM2
SIM3
SIM4
1
21
22
SIM5
SIM1
SIM2
SIM3
SIM4
1
21
22
SIM5
SIM1
SIM2
SIM3
SIM4
1
21
22
SIM5
SIM1
SIM2
SIM3
SIM4
1
21
22
SIM5
SIM1
SIM2
SIM3
SIM4
1
21
22
SIM5
SIM1
SIM2
SIM3
SIM4
1
21
22
SIM5
SIM1
SIM2
SIM3
SIM4
1
21
22
SIM5
SIM1
SIM2
SIM3
SIM4
1
21
22
SIM5
SIM1
SIM2
SIM3
SIM4
1
21
22
SIM5
SIM1
SIM2
SIM3
SIM4
1
21
22
SIM5
SIM1
SIM2
SIM3
SIM4
1
21
22
SIM5
SIM1
SIM2
SIM3
SIM4
1
21
22
SIM5
SIM1
SIM2
SIM3
SIM4
1
21
22
SIM5
SIM1
SIM2
SIM3
SIM4
1
21
22
SIM5
SIM1
SIM2
SIM3
SIM4
1
21
22
SIM5
SIM1
SIM2
SIM3
SIM4
1
21
22
SIM5
SIM1
SIM2
SIM3
SIM4
1
21
22
SIM5
SIM1
SIM2
SIM3
SIM4
1
21
22
SIM5
SIM1
SIM2
SIM3
SIM4
1
21
22
SIM5
SIM1
SIM2
SIM3
SIM4
1
21
22
SIM5
SIM1
SIM2
SIM3
SIM4
1
21
22
SIM5
SIM1
SIM2
SIM3
SIM4
1
21
22
SIM5
SIM1
SIM2
SIM3
SIM4
1
21
22
SIM5
SIM1
SIM2
SIM3
SIM4
1
21
22
SIM5
SIM1
SIM2
SIM3
SIM4
1
21
22
SIM5
SIM1
SIM2
SIM3
SIM4
1
21
22
SIM5
SIM1
SIM2
SIM3
SIM4
1
21
22
SIM5
SIM1
SIM2
SIM3
SIM4
1
21
22
SIM5
SIM1
SIM2
SIM3
SIM4
1
21
22
SIM5
SIM1
SIM2
SIM3
SIM4
1
21
22
SIM5
SIM1
SIM2
SIM3
SIM4
1
21
22
SIM5
SIM1
SIM2
SIM3
SIM4
1
21
22
SIM5
SIM1
SIM2
SIM3
SIM4
1
21
22
SIM5
SIM1
SIM2
SIM3
SIM4
1
21
22
SIM5
SIM1
SIM2
SIM3
SIM4
1
21
22
SIM5
SIM1
SIM2
SIM3
SIM4
1
21
22
SIM5
SIM1
SIM2
SIM3
SIM4
1
21
22
SIM5
SIM1
SIM2
SIM3
SIM4
1
21
22
SIM5
SIM1
SIM2
SIM3
SIM4
1
21
22
SIM5
SIM1
SIM2
SIM3
SIM4
1
21
22
SIM5
SIM1
SIM2
SIM3
SIM4
1
21
22
SIM5
SIM1
SIM2
SIM3
SIM4
1
21
22
SIM5
SIM1
SIM2
SIM3
SIM4
1
21
22
SIM5
SIM1
SIM2
SIM3
SIM4
1
21
22
SIM5
SIM1
SIM2
SIM3
SIM4
1
21
22
SIM5
SIM1
SIM2
SIM3
SIM4
1
21
22
SIM5
SIM1
SIM2
SIM3
SIM4
1
21
22
SIM5
SIM1
SIM2
SIM3
SIM4
1
21
22
SIM5
SIM1
SIM2
SIM3
SIM4
1
21
22
SIM5
SIM1
SIM2
SIM3
SIM4
1
21
22
SIM5
SIM1
SIM2
SIM3
SIM4
1
21
22
SIM5
SIM1
SIM2
SIM3
SIM4
1
21
22
SIM5
SIM1
SIM2
SIM3
SIM4
1
21
22
SIM5
SIM1
SIM2
SIM3
SIM4
1
21
22
SIM5
SIM1
SIM2
SIM3
SIM4
1
21
22
SIM5
SIM1
SIM2
SIM3
SIM4
1
21
22
SIM5
SIM1
SIM2
SIM3
SIM4
1
21
22
SIM5
SIM1
SIM2
SIM3
SIM4
1
21
22
SIM5
SIM1
SIM2
SIM3
SIM4
1
21
22
SIM5
SIM1
SIM2
SIM3
SIM4
1
21
22
SIM5
SIM1
SIM2
SIM3
SIM4
1
21
22
SIM5
SIM1
SIM2
SIM3
SIM4
1
21
22
SIM5
SIM1
SIM2
SIM3
SIM4
1
21
22
SIM5
SIM1
SIM2
SIM3
SIM4
1
21
22
SIM5
SIM1
SIM2
SIM3
SIM4
1
21
22
SIM5
SIM1
SIM2
SIM3
SIM4
1
21
22
SIM5
SIM1
SIM2
SIM3
SIM4
1
21
22
SIM5
SIM1
SIM2
SIM3
SIM4
1
21
22
SIM5
SIM1
SIM2
SIM3
SIM4
1
21
22
SIM5
SIM1
SIM2
SIM3
SIM4
1
21
22
SIM5
SIM1
SIM2
SIM3
SIM4
1
21
22
SIM5
SIM1
SIM2
SIM3
SIM4
1
21
22
SIM5
SIM1
SIM2
SIM3
SIM4
1
21
22
SIM5
SIM1
SIM2
SIM3
SIM4
1
21
22
SIM5
SIM1
SIM2
SIM3
SIM4
1
21
22
SIM5
SIM1
SIM2
SIM3
SIM4
1
21
22
SIM5
SIM1
SIM2
SIM3
SIM4
1
21
22
SIM5
SIM1
SIM2
SIM3
SIM4
1
21
22
SIM5
SIM1
SIM2
SIM3
SIM4
1
21
22
SIM5
SIM1
SIM2
SIM3
SIM4
1
21
22
SIM5
SIM1
SIM2
SIM3
SIM4
1
21
22
SIM5
SIM1
SIM2
DEBUG 1 720
SIM1
SIM2
SIM3
SIM4
1
21
22
SIM5
SIM1
SIM2
SIM3
SIM4
1
21
22
SIM5
SIM1
SIM2
SIM3
SIM4
1
21
22
SIM5
SIM1
SIM2
SIM3
SIM4
1
21
22
SIM5
SIM1
SIM2
SIM3
SIM4
1
21
22
SIM5
SIM1
SIM2
SIM3
SIM4
1
21
22
SIM5
SIM1
SIM2
SIM3
SIM4
1
21
22
SIM5
SIM1
SIM2
SIM3
SIM4
1
21
22
SIM5
SIM1
SIM2
SIM3
SIM4
1
21
22
SIM5
SIM1
SIM2
SIM3
SIM4
1
21
22
SIM5
SIM1
SIM2
SIM3
SIM4
1
21
22
SIM5
SIM1
SIM2
SIM3
SIM4
1
21
22
SIM5
SIM1
SIM2
SIM3
SIM4
1
21
22
SIM5
SIM1
SIM2
SIM3
SIM4
1
21
22
SIM5
SIM1
SIM2
SIM3
SIM4
1
21
22
SIM5
SIM1
SIM2
SIM3
SIM4
1
21
22
SIM5
SIM1
SIM2
SIM3
SIM4
1
21
22
SIM5
SIM1
SIM2
SIM3
SIM4
1
21
22
SIM5
SIM1
SIM2
SIM3
SIM4
1
21
22
SIM5
SIM1
SIM2
SIM3
SIM4
1
21
22
SIM5
SIM1
SIM2
SIM3
SIM4
1
21
22
SIM5
SIM1
SIM2
SIM3
SIM4
1
21
22
SIM5
SIM1
SIM2
SIM3
SIM4
1
21
22
SIM5
SIM1
SIM2
SIM3
SIM4
1
21
22
SIM5
SIM1
SIM2
SIM3
SIM4
1
21
22
SIM5
SIM1
SIM2
SIM3
SIM4
1
21
22
SIM5
SIM1
SIM2
SIM3
SIM4
1
21
22
SIM5
SIM1
SIM2
SIM3
SIM4
1
21
22
SIM5
SIM1
SIM2
SIM3
SIM4
1
21
22
SIM5
SIM1
SIM2
SIM3
SIM4
1
21
22
SIM5
SIM1
SIM2
SIM3
SIM4
1
21
22
SIM5
SIM1
SIM2
SIM3
SIM4
1
21
22
SIM5
SIM1
SIM2
SIM3
SIM4
1
21
22
SIM5
SIM1
SIM2
SIM3
SIM4
1
21
22
SIM5
SIM1
SIM2
SIM3
SIM4
1
21
22
SIM5
SIM1
SIM2
SIM3
SIM4
1
21
22
SIM5
SIM1
SIM2
SIM3
SIM4
1
21
22
SIM5
SIM1
SIM2
SIM3
SIM4
1
21
22
SIM5
SIM1
SIM2
SIM3
SIM4
1
21
22
SIM5
SIM1
SIM2
SIM3
SIM4
1
21
22
SIM5
SIM1
SIM2
SIM3
SIM4
1
21
22
SIM5
SIM1
SIM2
SIM3
SIM4
1
21
22
SIM5
SIM1
SIM2
SIM3
SIM4
1
21
22
SIM5
SIM1
SIM2
SIM3
SIM4
1
21
22
SIM5
SIM1
SIM2
SIM3
SIM4
1
21
22
SIM5
SIM1
SIM2
SIM3
SIM4
1
21
22
SIM5
SIM1
SIM2
SIM3
SIM4
1
21
22
SIM5
SIM1
SIM2
SIM3
SIM4
1
21
22
SIM5
SIM1
SIM2
SIM3
SIM4
1
21
22
SIM5
SIM1
SIM2
SIM3
SIM4
1
21
22
SIM5
SIM1
SIM2
SIM3
SIM4
1
21
22
SIM5
SIM1
SIM2
SIM3
SIM4
1
21
22
SIM5
SIM1
SIM2
SIM3
SIM4
1
21
22
SIM5
SIM1
SIM2
SIM3
SIM4
1
21
22
SIM5
SIM1
SIM2
SIM3
SIM4
1
21
22
SIM5
SIM1
SIM2
SIM3
SIM4
1
21
22
SIM5
SIM1
SIM2
SIM3
SIM4
1
21
22
SIM5
SIM1
SIM2
SIM3
SIM4
1
21
22
SIM5
SIM1
SIM2
SIM3
SIM4
1
21
22
SIM5
SIM1
SIM2
SIM3
SIM4
1
21
22
SIM5
SIM1
SIM2
SIM3
SIM4
1
21
22
SIM5
SIM1
SIM2
SIM3
SIM4
1
21
22
SIM5
SIM1
SIM2
SIM3
SIM4
1
21
22
SIM5
SIM1
SIM2
SIM3
SIM4
1
21
22
SIM5
SIM1
SIM2
SIM3
SIM4
1
21
22
SIM5
SIM1
SIM2
SIM3
SIM4
1
21
22
SIM5
SIM1
SIM2
SIM3
SIM4
1
21
22
SIM5
SIM1
SIM2
SIM3
SIM4
1
21
22
SIM5
SIM1
SIM2
SIM3
SIM4
1
21
22
SIM5
SIM1
SIM2
SIM3
SIM4
1
21
22
SIM5
SIM1
SIM2
SIM3
SIM4
1
21
22
SIM5
SIM1
SIM2
SIM3
SIM4
1
21
22
SIM5
SIM1
SIM2
SIM3
SIM4
1
21
22
SIM5
SIM1
SIM2
SIM3
SIM4
1
21
22
SIM5
SIM1
SIM2
SIM3
SIM4
1
21
22
SIM5
SIM1
SIM2
SIM3
SIM4
1
21
22
SIM5
SIM1
SIM2
SIM3
SIM4
1
21
22
SIM5
SIM1
SIM2
SIM3
SIM4
1
21
22
SIM5
SIM1
SIM2
SIM3
SIM4
1
21
22
SIM5
SIM1
SIM2
SIM3
SIM4
1
21
22
SIM5
SIM1
SIM2
SIM3
SIM4
1
21
22
SIM5
SIM1
SIM2
SIM3
SIM4
1
21
22
SIM5
SIM1
SIM2
SIM3
SIM4
1
21
22
SIM5
SIM1
SIM2
SIM3
SIM4
1
21
22
SIM5
SIM1
SIM2
SIM3
SIM4
1
21
22
SIM5
SIM1
SIM2
SIM3
SIM4
1
21
22
SIM5
SIM1
SIM2
SIM3
SIM4
1
21
22
SIM5
SIM1
SIM2
SIM3
SIM4
1
21
22
SIM5
SIM1
SIM2
SIM3
SIM4
1
21
22
SIM5
SIM1
SIM2
SIM3
SIM4
1
21
22
SIM5
SIM1
SIM2
SIM3
SIM4
1
21
22
SIM5
SIM1
SIM2
SIM3
SIM4
1
21
22
SIM5
SIM1
SIM2
SIM3
SIM4
1
21
22
SIM5
SIM1
SIM2
SIM3
SIM4
1
21
22
SIM5
SIM1
SIM2
SIM3
SIM4
1
21
22
SIM5
SIM1
SIM2
SIM3
SIM4
1
21
22
SIM5
SIM1
SIM2
SIM3
SIM4
1
21
22
SIM5
SIM1
SIM2
SIM3
SIM4
1
21
22
SIM5
SIM1
SIM2
SIM3
SIM4
1
21
22
SIM5
SIM1
SIM2
SIM3
SIM4
1
21
22
SIM5
SIM1
SIM2
SIM3
SIM4
1
21
22
SIM5
SIM1
SIM2
SIM3
SIM4
1
21
22
SIM5
SIM1
SIM2
SIM3
SIM4
1
21
22
SIM5
SIM1
SIM2
SIM3
SIM4
1
21
22
SIM5
SIM1
SIM2
SIM3
SIM4
1
21
22
SIM5
SIM1
SIM2
SIM3
SIM4
1
21
22
SIM5
SIM1
SIM2
SIM3
SIM4
1
21
22
SIM5
SIM1
SIM2
SIM3
SIM4
1
21
22
SIM5
SIM1
SIM2
SIM3
SIM4
1
21
22
SIM5
SIM1
SIM2
SIM3
SIM4
1
21
22
SIM5
SIM1
SIM2
SIM3
SIM4
1
21
22
SIM5
SIM1
SIM2
SIM3
SIM4
1
21
22
SIM5
SIM1
SIM2
SIM3
SIM4
1
21
22
SIM5
SIM1
SIM2
SIM3
SIM4
1
21
22
SIM5
SIM1
SIM2
SIM3
SIM4
1
21
22
SIM5
SIM1
SIM2
SIM3
SIM4
1
21
22
SIM5
SIM1
SIM2
SIM3
SIM4
1
21
22
SIM5
SIM1
SIM2
SIM3
SIM4
1
21
22
SIM5
SIM1
SIM2
SIM3
SIM4
1
21
22
SIM5
SIM1
SIM2
SIM3
SIM4
1
21
22
SIM5
SIM1
SIM2
SIM3
SIM4
1
21
22
SIM5
SIM1
SIM2
SIM3
SIM4
1
21
22
SIM5
SIM1
SIM2
SIM3
SIM4
1
21
22
SIM5
SIM1
SIM2
SIM3
SIM4
1
21
22
SIM5
SIM1
SIM2
SIM3
SIM4
1
21
22
SIM5
SIM1
SIM2
SIM3
SIM4
1
21
22
SIM5
SIM1
SIM2
SIM3
SIM4
1
21
22
SIM5
SIM1
SIM2
SIM3
SIM4
1
21
22
SIM5
SIM1
SIM2
SIM3
SIM4
1
21
22
SIM5
SIM1
SIM2
SIM3
SIM4
1
21
22
SIM5
SIM1
SIM2
SIM3
SIM4
1
21
22
SIM5
SIM1
SIM2
SIM3
SIM4
1
21
22
SIM5
SIM1
SIM2
SIM3
SIM4
1
21
22
SIM5
SIM1
SIM2
SIM3
SIM4
1
21
22
SIM5
SIM1
SIM2
SIM3
SIM4
1
21
22
SIM5
SIM1
SIM2
SIM3
SIM4
1
21
22
SIM5
SIM1
SIM2
SIM3
SIM4
1
21
22
SIM5
SIM1
SIM2
SIM3
SIM4
1
21
22
SIM5
SIM1
SIM2
SIM3
SIM4
1
21
22
SIM5
SIM1
SIM2
SIM3
SIM4
1
21
22
SIM5
SIM1
SIM2
SIM3
SIM4
1
21
22
SIM5
SIM1
SIM2
SIM3
SIM4
1
21
22
SIM5
SIM1
SIM2
SIM3
SIM4
1
21
22
SIM5
SIM1
SIM2
SIM3
SIM4
1
21
22
SIM5
SIM1
SIM2
SIM3
SIM4
1
21
22
SIM5
SIM1
SIM2
SIM3
SIM4
1
21
22
SIM5
SIM1
SIM2
SIM3
SIM4
1
21
22
SIM5
SIM1
SIM2
SIM3
SIM4
1
21
22
SIM5
SIM1
SIM2
SIM3
SIM4
1
21
22
SIM5
SIM1
SIM2
SIM3
SIM4
1
21
22
SIM5
SIM1
SIM2
SIM3
SIM4
1
21
22
SIM5
SIM1
SIM2
SIM3
SIM4
1
21
22
SIM5
SIM1
SIM2
SIM3
SIM4
1
21
22
SIM5
SIM1
SIM2
SIM3
SIM4
1
21
22
SIM5
SIM1
SIM2
SIM3
SIM4
1
21
22
SIM5
SIM1
SIM2
SIM3
SIM4
1
21
22
SIM5
SIM1
SIM2
SIM3
SIM4
1
21
22
SIM5
SIM1
SIM2
SIM3
SIM4
1
21
22
SIM5
SIM1
SIM2
SIM3
SIM4
1
21
22
SIM5
SIM1
SIM2
SIM3
SIM4
1
21
22
SIM5
SIM1
SIM2
SIM3
SIM4
1
21
22
SIM5
SIM1
SIM2
SIM3
SIM4
1
21
22
SIM5
SIM1
SIM2
SIM3
SIM4
1
21
22
SIM5
SIM1
SIM2
SIM3
SIM4
1
21
22
SIM5
SIM1
SIM2
SIM3
SIM4
1
21
22
SIM5
SIM1
SIM2
SIM3
SIM4
1
21
22
SIM5
SIM1
SIM2
SIM3
SIM4
1
21
22
SIM5
SIM1
SIM2
SIM3
SIM4
1
21
22
SIM5
SIM1
SIM2
SIM3
SIM4
1
21
22
SIM5
SIM1
SIM2
SIM3
SIM4
1
21
22
SIM5
SIM1
SIM2
SIM3
SIM4
1
21
22
SIM5
SIM1
SIM2
SIM3
SIM4
1
21
22
SIM5
SIM1
SIM2
SIM3
SIM4
1
21
22
SIM5
SIM1
SIM2
SIM3
SIM4
1
21
22
SIM5
SIM1
SIM2
SIM3
SIM4
1
21
22
SIM5
SIM1
SIM2
SIM3
SIM4
1
21
22
SIM5
SIM1
SIM2
SIM3
SIM4
1
21
22
SIM5
SIM1
SIM2
SIM3
SIM4
1
21
22
SIM5
SIM1
SIM2
SIM3
SIM4
1
21
22
SIM5
SIM1
SIM2
SIM3
SIM4
1
21
22
SIM5
SIM1
SIM2
SIM3
SIM4
1
21
22
SIM5
SIM1
SIM2
SIM3
SIM4
1
21
22
SIM5
SIM1
SIM2
SIM3
SIM4
1
21
22
SIM5
SIM1
SIM2
SIM3
SIM4
1
21
22
SIM5
SIM1
SIM2
SIM3
SIM4
1
21
22
SIM5
SIM1
SIM2
SIM3
SIM4
1
21
22
SIM5
SIM1
SIM2
SIM3
SIM4
1
21
22
SIM5
SIM1
SIM2
SIM3
SIM4
1
21
22
SIM5
SIM1
SIM2
SIM3
SIM4
1
21
22
SIM5
SIM1
SIM2
SIM3
SIM4
1
21
22
SIM5
SIM1
SIM2
SIM3
SIM4
1
21
22
SIM5
SIM1
SIM2
SIM3
SIM4
1
21
22
SIM5
SIM1
SIM2
SIM3
SIM4
1
21
22
SIM5
SIM1
SIM2
SIM3
SIM4
1
21
22
SIM5
SIM1
SIM2
SIM3
SIM4
1
21
22
SIM5
SIM1
SIM2
SIM3
SIM4
1
21
22
SIM5
SIM1
SIM2
SIM3
SIM4
1
21
22
SIM5
SIM1
SIM2
SIM3
SIM4
1
21
22
SIM5
SIM1
SIM2
SIM3
SIM4
1
21
22
SIM5
SIM1
SIM2
SIM3
SIM4
1
21
22
SIM5
SIM1
SIM2
SIM3
SIM4
1
21
22
SIM5
SIM1
SIM2
SIM3
SIM4
1
21
22
SIM5
SIM1
SIM2
SIM3
SIM4
1
21
22
SIM5
SIM1
SIM2
SIM3
SIM4
1
21
22
SIM5
SIM1
SIM2
SIM3
SIM4
1
21
22
SIM5
SIM1
SIM2
SIM3
SIM4
1
21
22
SIM5
SIM1
SIM2
SIM3
SIM4
1
21
22
SIM5
SIM1
SIM2
SIM3
SIM4
1
21
22
SIM5
SIM1
SIM2
SIM3
SIM4
1
21
22
SIM5
SIM1
SIM2
SIM3
SIM4
1
21
22
SIM5
SIM1
SIM2
SIM3
SIM4
1
21
22
SIM5
SIM1
SIM2
SIM3
SIM4
1
21
22
SIM5
SIM1
SIM2
SIM3
SIM4
1
21
22
SIM5
SIM1
SIM2
SIM3
SIM4
1
21
22
SIM5
SIM1
SIM2
SIM3
SIM4
1
21
22
SIM5
SIM1
SIM2
SIM3
SIM4
1
21
22
SIM5
SIM1
SIM2
SIM3
SIM4
1
21
22
SIM5
SIM1
SIM2
SIM3
SIM4
1
21
22
SIM5
SIM1
SIM2
SIM3
SIM4
1
21
22
SIM5
SIM1
SIM2
SIM3
SIM4
1
21
22
SIM5
SIM1
SIM2
SIM3
SIM4
1
21
22
SIM5
SIM1
SIM2
SIM3
SIM4
1
21
22
SIM5
SIM1
SIM2
SIM3
SIM4
1
21
22
SIM5
SIM1
SIM2
SIM3
SIM4
1
21
22
SIM5
SIM1
SIM2
SIM3
SIM4
1
21
22
SIM5
SIM1
SIM2
SIM3
SIM4
1
21
22
SIM5
SIM1
SIM2
SIM3
SIM4
1
21
22
SIM5
SIM1
SIM2
SIM3
SIM4
1
21
22
SIM5
SIM1
SIM2
SIM3
SIM4
1
21
22
SIM5
SIM1
SIM2
SIM3
SIM4
1
21
22
SIM5
SIM1
SIM2
SIM3
SIM4
1
21
22
SIM5
SIM1
SIM2
SIM3
SIM4
1
21
22
SIM5
SIM1
SIM2
SIM3
SIM4
1
21
22
SIM5
SIM1
SIM2
SIM3
SIM4
1
21
22
SIM5
SIM1
SIM2
SIM3
SIM4
1
21
22
SIM5
SIM1
SIM2
SIM3
SIM4
1
21
22
SIM5
SIM1
SIM2
SIM3
SIM4
1
21
22
SIM5
SIM1
SIM2
SIM3
SIM4
1
21
22
SIM5
SIM1
SIM2
SIM3
SIM4
1
21
22
SIM5
SIM1
SIM2
SIM3
SIM4
1
21
22
SIM5
SIM1
SIM2
SIM3
SIM4
1
21
22
SIM5
SIM1
SIM2
SIM3
SIM4
1
21
22
SIM5
SIM1
SIM2
SIM3
SIM4
1
21
22
SIM5
SIM1
SIM2
SIM3
SIM4
1
21
22
SIM5
SIM1
SIM2
SIM3
SIM4
1
21
22
SIM5
SIM1
SIM2
SIM3
SIM4
1
21
22
SIM5
SIM1
SIM2
SIM3
SIM4
1
21
22
SIM5
SIM1
SIM2
SIM3
SIM4
1
21
22
SIM5
SIM1
SIM2
SIM3
SIM4
1
21
22
SIM5
SIM1
SIM2
SIM3
SIM4
1
21
22
SIM5
SIM1
SIM2
SIM3
SIM4
1
21
22
SIM5
SIM1
SIM2
SIM3
SIM4
1
21
22
SIM5
SIM1
SIM2
SIM3
SIM4
1
21
22
SIM5
SIM1
SIM2
SIM3
SIM4
1
21
22
SIM5
SIM1
SIM2
SIM3
SIM4
1
21
22
SIM5
SIM1
SIM2
SIM3
SIM4
1
21
22
SIM5
SIM1
SIM2
SIM3
SIM4
1
21
22
SIM5
SIM1
SIM2
SIM3
SIM4
1
21
22
SIM5
SIM1
SIM2
SIM3
SIM4
1
21
22
SIM5
SIM1
SIM2
SIM3
SIM4
1
21
22
SIM5
SIM1
SIM2
SIM3
SIM4
1
21
22
SIM5
SIM1
SIM2
SIM3
SIM4
1
21
22
SIM5
SIM1
SIM2
DEBUG 1 721
SIM1
SIM2
SIM3
SIM4
1
21
22
SIM5
SIM1
SIM2
SIM3
SIM4
1
21
22
SIM5
SIM1
SIM2
SIM3
SIM4
1
21
22
SIM5
SIM1
SIM2
SIM3
SIM4
1
21
22
SIM5
SIM1
SIM2
SIM3
SIM4
1
21
22
SIM5
SIM1
SIM2
SIM3
SIM4
1
21
22
SIM5
SIM1
SIM2
SIM3
SIM4
1
21
22
SIM5
SIM1
SIM2
SIM3
SIM4
1
21
22
SIM5
SIM1
SIM2
SIM3
SIM4
1
21
22
SIM5
SIM1
SIM2
SIM3
SIM4
1
21
22
SIM5
SIM1
SIM2
SIM3
SIM4
1
21
22
SIM5
SIM1
SIM2
SIM3
SIM4
1
21
22
SIM5
SIM1
SIM2
SIM3
SIM4
1
21
22
SIM5
SIM1
SIM2
SIM3
SIM4
1
21
22
SIM5
SIM1
SIM2
SIM3
SIM4
1
21
22
SIM5
SIM1
SIM2
SIM3
SIM4
1
21
22
SIM5
SIM1
SIM2
SIM3
SIM4
1
21
22
SIM5
SIM1
SIM2
SIM3
SIM4
1
21
22
SIM5
SIM1
SIM2
SIM3
SIM4
1
21
22
SIM5
SIM1
SIM2
SIM3
SIM4
1
21
22
SIM5
SIM1
SIM2
SIM3
SIM4
1
21
22
SIM5
SIM1
SIM2
SIM3
SIM4
1
21
22
SIM5
SIM1
SIM2
SIM3
SIM4
1
21
22
SIM5
SIM1
SIM2
SIM3
SIM4
1
21
22
SIM5
SIM1
SIM2
SIM3
SIM4
1
21
22
SIM5
SIM1
SIM2
SIM3
SIM4
1
21
22
SIM5
SIM1
SIM2
SIM3
SIM4
1
21
22
SIM5
SIM1
SIM2
SIM3
SIM4
1
21
22
SIM5
SIM1
SIM2
SIM3
SIM4
1
21
22
SIM5
SIM1
SIM2
SIM3
SIM4
1
21
22
SIM5
SIM1
SIM2
SIM3
SIM4
1
21
22
SIM5
SIM1
SIM2
SIM3
SIM4
1
21
22
SIM5
SIM1
SIM2
SIM3
SIM4
1
21
22
SIM5
SIM1
SIM2
SIM3
SIM4
1
21
22
SIM5
SIM1
SIM2
SIM3
SIM4
1
21
22
SIM5
SIM1
SIM2
SIM3
SIM4
1
21
22
SIM5
SIM1
SIM2
SIM3
SIM4
1
21
22
SIM5
SIM1
SIM2
SIM3
SIM4
1
21
22
SIM5
SIM1
SIM2
SIM3
SIM4
1
21
22
SIM5
SIM1
SIM2
SIM3
SIM4
1
21
22
SIM5
SIM1
SIM2
SIM3
SIM4
1
21
22
SIM5
SIM1
SIM2
SIM3
SIM4
1
21
22
SIM5
SIM1
SIM2
SIM3
SIM4
1
21
22
SIM5
SIM1
SIM2
SIM3
SIM4
1
21
22
SIM5
SIM1
SIM2
SIM3
SIM4
1
21
22
SIM5
SIM1
SIM2
SIM3
SIM4
1
21
22
SIM5
SIM1
SIM2
SIM3
SIM4
1
21
22
SIM5
SIM1
SIM2
SIM3
SIM4
1
21
22
SIM5
SIM1
SIM2
SIM3
SIM4
1
21
22
SIM5
SIM1
SIM2
SIM3
SIM4
1
21
22
SIM5
SIM1
SIM2
SIM3
SIM4
1
21
22
SIM5
SIM1
SIM2
SIM3
SIM4
1
21
22
SIM5
SIM1
SIM2
SIM3
SIM4
1
21
22
SIM5
SIM1
SIM2
SIM3
SIM4
1
21
22
SIM5
SIM1
SIM2
SIM3
SIM4
1
21
22
SIM5
SIM1
SIM2
SIM3
SIM4
1
21
22
SIM5
SIM1
SIM2
SIM3
SIM4
1
21
22
SIM5
SIM1
SIM2
SIM3
SIM4
1
21
22
SIM5
SIM1
SIM2
SIM3
SIM4
1
21
22
SIM5
SIM1
SIM2
SIM3
SIM4
1
21
22
SIM5
SIM1
SIM2
SIM3
SIM4
1
21
22
SIM5
SIM1
SIM2
SIM3
SIM4
1
21
22
SIM5
SIM1
SIM2
SIM3
SIM4
1
21
22
SIM5
SIM1
SIM2
SIM3
SIM4
1
21
22
SIM5
SIM1
SIM2
SIM3
SIM4
1
21
22
SIM5
SIM1
SIM2
SIM3
SIM4
1
21
22
SIM5
SIM1
SIM2
SIM3
SIM4
1
21
22
SIM5
SIM1
SIM2
SIM3
SIM4
1
21
22
SIM5
SIM1
SIM2
SIM3
SIM4
1
21
22
SIM5
SIM1
SIM2
SIM3
SIM4
1
21
22
SIM5
SIM1
SIM2
SIM3
SIM4
1
21
22
SIM5
SIM1
SIM2
SIM3
SIM4
1
21
22
SIM5
SIM1
SIM2
SIM3
SIM4
1
21
22
SIM5
SIM1
SIM2
SIM3
SIM4
1
21
22
SIM5
SIM1
SIM2
SIM3
SIM4
1
21
22
SIM5
SIM1
SIM2
SIM3
SIM4
1
21
22
SIM5
SIM1
SIM2
SIM3
SIM4
1
21
22
SIM5
SIM1
SIM2
DEBUG 1 722
SIM1
SIM2
SIM3
SIM4
1
21
22
SIM5
SIM1
SIM2
SIM3
SIM4
1
21
22
SIM5
SIM1
SIM2
SIM3
SIM4
1
21
22
SIM5
SIM1
SIM2
SIM3
SIM4
1
21
22
SIM5
SIM1
SIM2
SIM3
SIM4
1
21
22
SIM5
SIM1
SIM2
SIM3
SIM4
1
21
22
SIM5
SIM1
SIM2
SIM3
SIM4
1
21
22
SIM5
SIM1
SIM2
SIM3
SIM4
1
21
22
SIM5
SIM1
SIM2
SIM3
SIM4
1
21
22
SIM5
SIM1
SIM2
SIM3
SIM4
1
21
22
SIM5
SIM1
SIM2
SIM3
SIM4
1
21
22
SIM5
SIM1
SIM2
SIM3
SIM4
1
21
22
SIM5
SIM1
SIM2
SIM3
SIM4
1
21
22
SIM5
SIM1
SIM2
SIM3
SIM4
1
21
22
SIM5
SIM1
SIM2
SIM3
SIM4
1
21
22
SIM5
SIM1
SIM2
SIM3
SIM4
1
21
22
SIM5
SIM1
SIM2
SIM3
SIM4
1
21
22
SIM5
SIM1
SIM2
SIM3
SIM4
1
21
22
SIM5
SIM1
SIM2
SIM3
SIM4
1
21
22
SIM5
SIM1
SIM2
SIM3
SIM4
1
21
22
SIM5
SIM1
SIM2
SIM3
SIM4
1
21
22
SIM5
SIM1
SIM2
SIM3
SIM4
1
21
22
SIM5
SIM1
SIM2
SIM3
SIM4
1
21
22
SIM5
SIM1
SIM2
SIM3
SIM4
1
21
22
SIM5
SIM1
SIM2
SIM3
SIM4
1
21
22
SIM5
SIM1
SIM2
SIM3
SIM4
1
21
22
SIM5
SIM1
SIM2
SIM3
SIM4
1
21
22
SIM5
SIM1
SIM2
SIM3
SIM4
1
21
22
SIM5
SIM1
SIM2
SIM3
SIM4
1
21
22
SIM5
SIM1
SIM2
SIM3
SIM4
1
21
22
SIM5
SIM1
SIM2
SIM3
SIM4
1
21
22
SIM5
SIM1
SIM2
SIM3
SIM4
1
21
22
SIM5
SIM1
SIM2
SIM3
SIM4
1
21
22
SIM5
SIM1
SIM2
SIM3
SIM4
1
21
22
SIM5
SIM1
SIM2
SIM3
SIM4
1
21
22
SIM5
SIM1
SIM2
SIM3
SIM4
1
21
22
SIM5
SIM1
SIM2
SIM3
SIM4
1
21
22
SIM5
SIM1
SIM2
SIM3
SIM4
1
21
22
SIM5
SIM1
SIM2
SIM3
SIM4
1
21
22
SIM5
SIM1
SIM2
SIM3
SIM4
1
21
22
SIM5
SIM1
SIM2
SIM3
SIM4
1
21
22
SIM5
SIM1
SIM2
SIM3
SIM4
1
21
22
SIM5
SIM1
SIM2
SIM3
SIM4
1
21
22
SIM5
SIM1
SIM2
SIM3
SIM4
1
21
22
SIM5
SIM1
SIM2
SIM3
SIM4
1
21
22
SIM5
SIM1
SIM2
SIM3
SIM4
1
21
22
SIM5
SIM1
SIM2
SIM3
SIM4
1
21
22
SIM5
SIM1
SIM2
SIM3
SIM4
1
21
22
SIM5
SIM1
SIM2
SIM3
SIM4
1
21
22
SIM5
SIM1
SIM2
SIM3
SIM4
1
21
22
SIM5
SIM1
SIM2
SIM3
SIM4
1
21
22
SIM5
SIM1
SIM2
SIM3
SIM4
1
21
22
SIM5
SIM1
SIM2
SIM3
SIM4
1
21
22
SIM5
SIM1
SIM2
SIM3
SIM4
1
21
22
SIM5
SIM1
SIM2
SIM3
SIM4
1
21
22
SIM5
SIM1
SIM2
DEBUG 1 723
SIM1
SIM2
SIM3
SIM4
1
21
22
SIM5
SIM1
SIM2
SIM3
SIM4
1
21
22
SIM5
SIM1
SIM2
SIM3
SIM4
1
21
22
SIM5
SIM1
SIM2
SIM3
SIM4
1
21
22
SIM5
SIM1
SIM2
SIM3
SIM4
1
21
22
SIM5
SIM1
SIM2
SIM3
SIM4
1
21
22
SIM5
SIM1
SIM2
SIM3
SIM4
1
21
22
SIM5
SIM1
SIM2
SIM3
SIM4
1
21
22
SIM5
SIM1
SIM2
SIM3
SIM4
1
21
22
SIM5
SIM1
SIM2
SIM3
SIM4
1
21
22
SIM5
SIM1
SIM2
SIM3
SIM4
1
21
22
SIM5
SIM1
SIM2
SIM3
SIM4
1
21
22
SIM5
SIM1
SIM2
SIM3
SIM4
1
21
22
SIM5
SIM1
SIM2
SIM3
SIM4
1
21
22
SIM5
SIM1
SIM2
SIM3
SIM4
1
21
22
SIM5
SIM1
SIM2
SIM3
SIM4
1
21
22
SIM5
SIM1
SIM2
SIM3
SIM4
1
21
22
SIM5
SIM1
SIM2
SIM3
SIM4
1
21
22
SIM5
SIM1
SIM2
SIM3
SIM4
1
21
22
SIM5
SIM1
SIM2
SIM3
SIM4
1
21
22
SIM5
SIM1
SIM2
SIM3
SIM4
1
21
22
SIM5
SIM1
SIM2
SIM3
SIM4
1
21
22
SIM5
SIM1
SIM2
SIM3
SIM4
1
21
22
SIM5
SIM1
SIM2
SIM3
SIM4
1
21
22
SIM5
SIM1
SIM2
SIM3
SIM4
1
21
22
SIM5
SIM1
SIM2
SIM3
SIM4
1
21
22
SIM5
SIM1
SIM2
SIM3
SIM4
1
21
22
SIM5
SIM1
SIM2
SIM3
SIM4
1
21
22
SIM5
SIM1
SIM2
SIM3
SIM4
1
21
22
SIM5
SIM1
SIM2
SIM3
SIM4
1
21
22
SIM5
SIM1
SIM2
SIM3
SIM4
1
21
22
SIM5
SIM1
SIM2
SIM3
SIM4
1
21
22
SIM5
SIM1
SIM2
SIM3
SIM4
1
21
22
SIM5
SIM1
SIM2
SIM3
SIM4
1
21
22
SIM5
SIM1
SIM2
SIM3
SIM4
1
21
22
SIM5
SIM1
SIM2
SIM3
SIM4
1
21
22
SIM5
SIM1
SIM2
SIM3
SIM4
1
21
22
SIM5
SIM1
SIM2
SIM3
SIM4
1
21
22
SIM5
SIM1
SIM2
SIM3
SIM4
1
21
22
SIM5
SIM1
SIM2
SIM3
SIM4
1
21
22
SIM5
SIM1
SIM2
SIM3
SIM4
1
21
22
SIM5
SIM1
SIM2
SIM3
SIM4
1
21
22
SIM5
SIM1
SIM2
SIM3
SIM4
1
21
22
SIM5
SIM1
SIM2
SIM3
SIM4
1
21
22
SIM5
SIM1
SIM2
SIM3
SIM4
1
21
22
SIM5
SIM1
SIM2
SIM3
SIM4
1
21
22
SIM5
SIM1
SIM2
SIM3
SIM4
1
21
22
SIM5
SIM1
SIM2
SIM3
SIM4
1
21
22
SIM5
SIM1
SIM2
SIM3
SIM4
1
21
22
SIM5
SIM1
SIM2
SIM3
SIM4
1
21
22
SIM5
SIM1
SIM2
SIM3
SIM4
1
21
22
SIM5
SIM1
SIM2
SIM3
SIM4
1
21
22
SIM5
SIM1
SIM2
SIM3
SIM4
1
21
22
SIM5
SIM1
SIM2
SIM3
SIM4
1
21
22
SIM5
SIM1
SIM2
SIM3
SIM4
1
21
22
SIM5
SIM1
SIM2
SIM3
SIM4
1
21
22
SIM5
SIM1
SIM2
SIM3
SIM4
1
21
22
SIM5
SIM1
SIM2
SIM3
SIM4
1
21
22
SIM5
SIM1
SIM2
SIM3
SIM4
1
21
22
SIM5
SIM1
SIM2
SIM3
SIM4
1
21
22
SIM5
SIM1
SIM2
SIM3
SIM4
1
21
22
SIM5
SIM1
SIM2
SIM3
SIM4
1
21
22
SIM5
SIM1
SIM2
SIM3
SIM4
1
21
22
SIM5
SIM1
SIM2
SIM3
SIM4
1
21
22
SIM5
SIM1
SIM2
SIM3
SIM4
1
21
22
SIM5
SIM1
SIM2
SIM3
SIM4
1
21
22
SIM5
SIM1
SIM2
SIM3
SIM4
1
21
22
SIM5
SIM1
SIM2
SIM3
SIM4
1
21
22
SIM5
SIM1
SIM2
SIM3
SIM4
1
21
22
SIM5
SIM1
SIM2
SIM3
SIM4
1
21
22
SIM5
SIM1
SIM2
SIM3
SIM4
1
21
22
SIM5
SIM1
SIM2
SIM3
SIM4
1
21
22
SIM5
SIM1
SIM2
SIM3
SIM4
1
21
22
SIM5
SIM1
SIM2
SIM3
SIM4
1
21
22
SIM5
SIM1
SIM2
SIM3
SIM4
1
21
22
SIM5
SIM1
SIM2
SIM3
SIM4
1
21
22
SIM5
SIM1
SIM2
SIM3
SIM4
1
21
22
SIM5
SIM1
SIM2
SIM3
SIM4
1
21
22
SIM5
SIM1
SIM2
SIM3
SIM4
1
21
22
SIM5
SIM1
SIM2
SIM3
SIM4
1
21
22
SIM5
SIM1
SIM2
SIM3
SIM4
1
21
22
SIM5
SIM1
SIM2
SIM3
SIM4
1
21
22
SIM5
SIM1
SIM2
SIM3
SIM4
1
21
22
SIM5
SIM1
SIM2
SIM3
SIM4
1
21
22
SIM5
SIM1
SIM2
SIM3
SIM4
1
21
22
SIM5
SIM1
SIM2
SIM3
SIM4
1
21
22
SIM5
SIM1
SIM2
SIM3
SIM4
1
21
22
SIM5
SIM1
SIM2
SIM3
SIM4
1
21
22
SIM5
SIM1
SIM2
SIM3
SIM4
1
21
22
SIM5
SIM1
SIM2
SIM3
SIM4
1
21
22
SIM5
SIM1
SIM2
SIM3
SIM4
1
21
22
SIM5
SIM1
SIM2
SIM3
SIM4
1
21
22
SIM5
SIM1
SIM2
SIM3
SIM4
1
21
22
SIM5
SIM1
SIM2
SIM3
SIM4
1
21
22
SIM5
SIM1
SIM2
SIM3
SIM4
1
21
22
SIM5
SIM1
SIM2
SIM3
SIM4
1
21
22
SIM5
SIM1
SIM2
SIM3
SIM4
1
21
22
SIM5
SIM1
SIM2
SIM3
SIM4
1
21
22
SIM5
SIM1
SIM2
SIM3
SIM4
1
21
22
SIM5
SIM1
SIM2
SIM3
SIM4
1
21
22
SIM5
SIM1
SIM2
SIM3
SIM4
1
21
22
SIM5
SIM1
SIM2
SIM3
SIM4
1
21
22
SIM5
SIM1
SIM2
SIM3
SIM4
1
21
22
SIM5
SIM1
SIM2
SIM3
SIM4
1
21
22
SIM5
SIM1
SIM2
SIM3
SIM4
1
21
22
SIM5
SIM1
SIM2
SIM3
SIM4
1
21
22
SIM5
SIM1
SIM2
SIM3
SIM4
1
21
22
SIM5
SIM1
SIM2
SIM3
SIM4
1
21
22
SIM5
SIM1
SIM2
SIM3
SIM4
1
21
22
SIM5
SIM1
SIM2
SIM3
SIM4
1
21
22
SIM5
SIM1
SIM2
SIM3
SIM4
1
21
22
SIM5
SIM1
SIM2
SIM3
SIM4
1
21
22
SIM5
SIM1
SIM2
SIM3
SIM4
1
21
22
SIM5
SIM1
SIM2
SIM3
SIM4
1
21
22
SIM5
SIM1
SIM2
SIM3
SIM4
1
21
22
SIM5
SIM1
SIM2
SIM3
SIM4
1
21
22
SIM5
SIM1
SIM2
SIM3
SIM4
1
21
22
SIM5
SIM1
SIM2
SIM3
SIM4
1
21
22
SIM5
SIM1
SIM2
SIM3
SIM4
1
21
22
SIM5
SIM1
SIM2
SIM3
SIM4
1
21
22
SIM5
SIM1
SIM2
SIM3
SIM4
1
21
22
SIM5
SIM1
SIM2
SIM3
SIM4
1
21
22
SIM5
SIM1
SIM2
SIM3
SIM4
1
21
22
SIM5
SIM1
SIM2
SIM3
SIM4
1
21
22
SIM5
SIM1
SIM2
SIM3
SIM4
1
21
22
SIM5
SIM1
SIM2
SIM3
SIM4
1
21
22
SIM5
SIM1
SIM2
SIM3
SIM4
1
21
22
SIM5
SIM1
SIM2
SIM3
SIM4
1
21
22
SIM5
SIM1
SIM2
SIM3
SIM4
1
21
22
SIM5
SIM1
SIM2
SIM3
SIM4
1
21
22
SIM5
SIM1
SIM2
SIM3
SIM4
1
21
22
SIM5
SIM1
SIM2
SIM3
SIM4
1
21
22
SIM5
SIM1
SIM2
SIM3
SIM4
1
21
22
SIM5
SIM1
SIM2
SIM3
SIM4
1
21
22
SIM5
SIM1
SIM2
SIM3
SIM4
1
21
22
SIM5
SIM1
SIM2
SIM3
SIM4
1
21
22
SIM5
SIM1
SIM2
SIM3
SIM4
1
21
22
SIM5
SIM1
SIM2
SIM3
SIM4
1
21
22
SIM5
SIM1
SIM2
SIM3
SIM4
1
21
22
SIM5
SIM1
SIM2
SIM3
SIM4
1
21
22
SIM5
SIM1
SIM2
SIM3
SIM4
1
21
22
SIM5
SIM1
SIM2
SIM3
SIM4
1
21
22
SIM5
SIM1
SIM2
SIM3
SIM4
1
21
22
SIM5
SIM1
SIM2
SIM3
SIM4
1
21
22
SIM5
SIM1
SIM2
SIM3
SIM4
1
21
22
SIM5
SIM1
SIM2
SIM3
SIM4
1
21
22
SIM5
SIM1
SIM2
SIM3
SIM4
1
21
22
SIM5
SIM1
SIM2
SIM3
SIM4
1
21
22
SIM5
SIM1
SIM2
SIM3
SIM4
1
21
22
SIM5
SIM1
SIM2
SIM3
SIM4
1
21
22
SIM5
SIM1
SIM2
SIM3
SIM4
1
21
22
SIM5
SIM1
SIM2
SIM3
SIM4
1
21
22
SIM5
SIM1
SIM2
SIM3
SIM4
1
21
22
SIM5
SIM1
SIM2
SIM3
SIM4
1
21
22
SIM5
SIM1
SIM2
SIM3
SIM4
1
21
22
SIM5
SIM1
SIM2
SIM3
SIM4
1
21
22
SIM5
SIM1
SIM2
SIM3
SIM4
1
21
22
SIM5
SIM1
SIM2
SIM3
SIM4
1
21
22
SIM5
SIM1
SIM2
SIM3
SIM4
1
21
22
SIM5
SIM1
SIM2
SIM3
SIM4
1
21
22
SIM5
SIM1
SIM2
SIM3
SIM4
1
21
22
SIM5
SIM1
SIM2
SIM3
SIM4
1
21
22
SIM5
SIM1
SIM2
SIM3
SIM4
1
21
22
SIM5
SIM1
SIM2
SIM3
SIM4
1
21
22
SIM5
SIM1
SIM2
SIM3
SIM4
1
21
22
SIM5
SIM1
SIM2
SIM3
SIM4
1
21
22
SIM5
SIM1
SIM2
SIM3
SIM4
1
21
22
SIM5
SIM1
SIM2
SIM3
SIM4
1
21
22
SIM5
SIM1
SIM2
SIM3
SIM4
1
21
22
SIM5
SIM1
SIM2
SIM3
SIM4
1
21
22
SIM5
SIM1
SIM2
SIM3
SIM4
1
21
22
SIM5
SIM1
SIM2
SIM3
SIM4
1
21
22
SIM5
SIM1
SIM2
SIM3
SIM4
1
21
22
SIM5
SIM1
SIM2
SIM3
SIM4
1
21
22
SIM5
SIM1
SIM2
SIM3
SIM4
1
21
22
SIM5
SIM1
SIM2
SIM3
SIM4
1
21
22
SIM5
SIM1
SIM2
SIM3
SIM4
1
21
22
SIM5
SIM1
SIM2
SIM3
SIM4
1
21
22
SIM5
SIM1
SIM2
SIM3
SIM4
1
21
22
SIM5
SIM1
SIM2
SIM3
SIM4
1
21
22
SIM5
SIM1
SIM2
SIM3
SIM4
1
21
22
SIM5
SIM1
SIM2
SIM3
SIM4
1
21
22
SIM5
SIM1
SIM2
SIM3
SIM4
1
21
22
SIM5
SIM1
SIM2
SIM3
SIM4
1
21
22
SIM5
SIM1
SIM2
SIM3
SIM4
1
21
22
SIM5
SIM1
SIM2
SIM3
SIM4
1
21
22
SIM5
SIM1
SIM2
SIM3
SIM4
1
21
22
SIM5
SIM1
SIM2
SIM3
SIM4
1
21
22
SIM5
SIM1
SIM2
SIM3
SIM4
1
21
22
SIM5
SIM1
SIM2
SIM3
SIM4
1
21
22
SIM5
SIM1
SIM2
SIM3
SIM4
1
21
22
SIM5
SIM1
SIM2
SIM3
SIM4
1
21
22
SIM5
SIM1
SIM2
SIM3
SIM4
1
21
22
SIM5
SIM1
SIM2
SIM3
SIM4
1
21
22
SIM5
SIM1
SIM2
SIM3
SIM4
1
21
22
SIM5
SIM1
SIM2
SIM3
SIM4
1
21
22
SIM5
SIM1
SIM2
SIM3
SIM4
1
21
22
SIM5
SIM1
SIM2
SIM3
SIM4
1
21
22
SIM5
SIM1
SIM2
SIM3
SIM4
1
21
22
SIM5
SIM1
SIM2
SIM3
SIM4
1
21
22
SIM5
SIM1
SIM2
SIM3
SIM4
1
21
22
SIM5
SIM1
SIM2
SIM3
SIM4
1
21
22
SIM5
SIM1
SIM2
SIM3
SIM4
1
21
22
SIM5
SIM1
SIM2
SIM3
SIM4
1
21
22
SIM5
SIM1
SIM2
SIM3
SIM4
1
21
22
SIM5
SIM1
SIM2
SIM3
SIM4
1
21
22
SIM5
SIM1
SIM2
SIM3
SIM4
1
21
22
SIM5
SIM1
SIM2
SIM3
SIM4
1
21
22
SIM5
SIM1
SIM2
SIM3
SIM4
1
21
22
SIM5
SIM1
SIM2
SIM3
SIM4
1
21
22
SIM5
SIM1
SIM2
SIM3
SIM4
1
21
22
SIM5
SIM1
SIM2
SIM3
SIM4
1
21
22
SIM5
SIM1
SIM2
SIM3
SIM4
1
21
22
SIM5
SIM1
SIM2
SIM3
SIM4
1
21
22
SIM5
SIM1
SIM2
SIM3
SIM4
1
21
22
SIM5
SIM1
SIM2
SIM3
SIM4
1
21
22
SIM5
SIM1
SIM2
SIM3
SIM4
1
21
22
SIM5
SIM1
SIM2
SIM3
SIM4
1
21
22
SIM5
SIM1
SIM2
SIM3
SIM4
1
21
22
SIM5
SIM1
SIM2
SIM3
SIM4
1
21
22
SIM5
SIM1
SIM2
SIM3
SIM4
1
21
22
SIM5
SIM1
SIM2
SIM3
SIM4
1
21
22
SIM5
SIM1
SIM2
SIM3
SIM4
1
21
22
SIM5
SIM1
SIM2
DEBUG 1 724
SIM1
SIM2
SIM3
SIM4
1
21
22
SIM5
SIM1
SIM2
SIM3
SIM4
1
21
22
SIM5
SIM1
SIM2
SIM3
SIM4
1
21
22
SIM5
SIM1
SIM2
SIM3
SIM4
1
21
22
SIM5
SIM1
SIM2
SIM3
SIM4
1
21
22
SIM5
SIM1
SIM2
SIM3
SIM4
1
21
22
SIM5
SIM1
SIM2
SIM3
SIM4
1
21
22
SIM5
SIM1
SIM2
SIM3
SIM4
1
21
22
SIM5
SIM1
SIM2
SIM3
SIM4
1
21
22
SIM5
SIM1
SIM2
SIM3
SIM4
1
21
22
SIM5
SIM1
SIM2
SIM3
SIM4
1
21
22
SIM5
SIM1
SIM2
SIM3
SIM4
1
21
22
SIM5
SIM1
SIM2
SIM3
SIM4
1
21
22
SIM5
SIM1
SIM2
SIM3
SIM4
1
21
22
SIM5
SIM1
SIM2
SIM3
SIM4
1
21
22
SIM5
SIM1
SIM2
SIM3
SIM4
1
21
22
SIM5
SIM1
SIM2
SIM3
SIM4
1
21
22
SIM5
SIM1
SIM2
SIM3
SIM4
1
21
22
SIM5
SIM1
SIM2
SIM3
SIM4
1
21
22
SIM5
SIM1
SIM2
SIM3
SIM4
1
21
22
SIM5
SIM1
SIM2
SIM3
SIM4
1
21
22
SIM5
SIM1
SIM2
SIM3
SIM4
1
21
22
SIM5
SIM1
SIM2
SIM3
SIM4
1
21
22
SIM5
SIM1
SIM2
SIM3
SIM4
1
21
22
SIM5
SIM1
SIM2
SIM3
SIM4
1
21
22
SIM5
SIM1
SIM2
SIM3
SIM4
1
21
22
SIM5
SIM1
SIM2
SIM3
SIM4
1
21
22
SIM5
SIM1
SIM2
SIM3
SIM4
1
21
22
SIM5
SIM1
SIM2
SIM3
SIM4
1
21
22
SIM5
SIM1
SIM2
SIM3
SIM4
1
21
22
SIM5
SIM1
SIM2
SIM3
SIM4
1
21
22
SIM5
SIM1
SIM2
SIM3
SIM4
1
21
22
SIM5
SIM1
SIM2
SIM3
SIM4
1
21
22
SIM5
SIM1
SIM2
SIM3
SIM4
1
21
22
SIM5
SIM1
SIM2
SIM3
SIM4
1
21
22
SIM5
SIM1
SIM2
SIM3
SIM4
1
21
22
SIM5
SIM1
SIM2
SIM3
SIM4
1
21
22
SIM5
SIM1
SIM2
SIM3
SIM4
1
21
22
SIM5
SIM1
SIM2
SIM3
SIM4
1
21
22
SIM5
SIM1
SIM2
SIM3
SIM4
1
21
22
SIM5
SIM1
SIM2
SIM3
SIM4
1
21
22
SIM5
SIM1
SIM2
SIM3
SIM4
1
21
22
SIM5
SIM1
SIM2
SIM3
SIM4
1
21
22
SIM5
SIM1
SIM2
SIM3
SIM4
1
21
22
SIM5
SIM1
SIM2
SIM3
SIM4
1
21
22
SIM5
SIM1
SIM2
SIM3
SIM4
1
21
22
SIM5
SIM1
SIM2
SIM3
SIM4
1
21
22
SIM5
SIM1
SIM2
SIM3
SIM4
1
21
22
SIM5
SIM1
SIM2
SIM3
SIM4
1
21
22
SIM5
SIM1
SIM2
SIM3
SIM4
1
21
22
SIM5
SIM1
SIM2
SIM3
SIM4
1
21
22
SIM5
SIM1
SIM2
SIM3
SIM4
1
21
22
SIM5
SIM1
SIM2
SIM3
SIM4
1
21
22
SIM5
SIM1
SIM2
SIM3
SIM4
1
21
22
SIM5
SIM1
SIM2
SIM3
SIM4
1
21
22
SIM5
SIM1
SIM2
SIM3
SIM4
1
21
22
SIM5
SIM1
SIM2
SIM3
SIM4
1
21
22
SIM5
SIM1
SIM2
SIM3
SIM4
1
21
22
SIM5
SIM1
SIM2
SIM3
SIM4
1
21
22
SIM5
SIM1
SIM2
SIM3
SIM4
1
21
22
SIM5
SIM1
SIM2
SIM3
SIM4
1
21
22
SIM5
SIM1
SIM2
SIM3
SIM4
1
21
22
SIM5
SIM1
SIM2
SIM3
SIM4
1
21
22
SIM5
SIM1
SIM2
SIM3
SIM4
1
21
22
SIM5
SIM1
SIM2
SIM3
SIM4
1
21
22
SIM5
SIM1
SIM2
SIM3
SIM4
1
21
22
SIM5
SIM1
SIM2
SIM3
SIM4
1
21
22
SIM5
SIM1
SIM2
SIM3
SIM4
1
21
22
SIM5
SIM1
SIM2
SIM3
SIM4
1
21
22
SIM5
SIM1
SIM2
SIM3
SIM4
1
21
22
SIM5
SIM1
SIM2
SIM3
SIM4
1
21
22
SIM5
SIM1
SIM2
SIM3
SIM4
1
21
22
SIM5
SIM1
SIM2
SIM3
SIM4
1
21
22
SIM5
SIM1
SIM2
SIM3
SIM4
1
21
22
SIM5
SIM1
SIM2
SIM3
SIM4
1
21
22
SIM5
SIM1
SIM2
SIM3
SIM4
1
21
22
SIM5
SIM1
SIM2
SIM3
SIM4
1
21
22
SIM5
SIM1
SIM2
SIM3
SIM4
1
21
22
SIM5
SIM1
SIM2
SIM3
SIM4
1
21
22
SIM5
SIM1
SIM2
SIM3
SIM4
1
21
22
SIM5
SIM1
SIM2
SIM3
SIM4
1
21
22
SIM5
SIM1
SIM2
SIM3
SIM4
1
21
22
SIM5
SIM1
SIM2
SIM3
SIM4
1
21
22
SIM5
SIM1
SIM2
SIM3
SIM4
1
21
22
SIM5
SIM1
SIM2
SIM3
SIM4
1
21
22
SIM5
SIM1
SIM2
SIM3
SIM4
1
21
22
SIM5
SIM1
SIM2
SIM3
SIM4
1
21
22
SIM5
SIM1
SIM2
SIM3
SIM4
1
21
22
SIM5
SIM1
SIM2
SIM3
SIM4
1
21
22
SIM5
SIM1
SIM2
SIM3
SIM4
1
21
22
SIM5
SIM1
SIM2
SIM3
SIM4
1
21
22
SIM5
SIM1
SIM2
SIM3
SIM4
1
21
22
SIM5
SIM1
SIM2
SIM3
SIM4
1
21
22
SIM5
SIM1
SIM2
SIM3
SIM4
1
21
22
SIM5
SIM1
SIM2
SIM3
SIM4
1
21
22
SIM5
SIM1
SIM2
SIM3
SIM4
1
21
22
SIM5
SIM1
SIM2
SIM3
SIM4
1
21
22
SIM5
SIM1
SIM2
SIM3
SIM4
1
21
22
SIM5
SIM1
SIM2
SIM3
SIM4
1
21
22
SIM5
SIM1
SIM2
SIM3
SIM4
1
21
22
SIM5
SIM1
SIM2
SIM3
SIM4
1
21
22
SIM5
SIM1
SIM2
SIM3
SIM4
1
21
22
SIM5
SIM1
SIM2
SIM3
SIM4
1
21
22
SIM5
SIM1
SIM2
SIM3
SIM4
1
21
22
SIM5
SIM1
SIM2
SIM3
SIM4
1
21
22
SIM5
SIM1
SIM2
SIM3
SIM4
1
21
22
SIM5
SIM1
SIM2
SIM3
SIM4
1
21
22
SIM5
SIM1
SIM2
SIM3
SIM4
1
21
22
SIM5
SIM1
SIM2
SIM3
SIM4
1
21
22
SIM5
SIM1
SIM2
SIM3
SIM4
1
21
22
SIM5
SIM1
SIM2
SIM3
SIM4
1
21
22
SIM5
SIM1
SIM2
SIM3
SIM4
1
21
22
SIM5
SIM1
SIM2
SIM3
SIM4
1
21
22
SIM5
SIM1
SIM2
SIM3
SIM4
1
21
22
SIM5
SIM1
SIM2
SIM3
SIM4
1
21
22
SIM5
SIM1
SIM2
SIM3
SIM4
1
21
22
SIM5
SIM1
SIM2
SIM3
SIM4
1
21
22
SIM5
SIM1
SIM2
SIM3
SIM4
1
21
22
SIM5
SIM1
SIM2
SIM3
SIM4
1
21
22
SIM5
SIM1
SIM2
SIM3
SIM4
1
21
22
SIM5
SIM1
SIM2
SIM3
SIM4
1
21
22
SIM5
SIM1
SIM2
SIM3
SIM4
1
21
22
SIM5
SIM1
SIM2
SIM3
SIM4
1
21
22
SIM5
SIM1
SIM2
SIM3
SIM4
1
21
22
SIM5
SIM1
SIM2
SIM3
SIM4
1
21
22
SIM5
SIM1
SIM2
SIM3
SIM4
1
21
22
SIM5
SIM1
SIM2
SIM3
SIM4
1
21
22
SIM5
SIM1
SIM2
SIM3
SIM4
1
21
22
SIM5
SIM1
SIM2
SIM3
SIM4
1
21
22
SIM5
SIM1
SIM2
SIM3
SIM4
1
21
22
SIM5
SIM1
SIM2
SIM3
SIM4
1
21
22
SIM5
SIM1
SIM2
SIM3
SIM4
1
21
22
SIM5
SIM1
SIM2
SIM3
SIM4
1
21
22
SIM5
SIM1
SIM2
SIM3
SIM4
1
21
22
SIM5
SIM1
SIM2
SIM3
SIM4
1
21
22
SIM5
SIM1
SIM2
SIM3
SIM4
1
21
22
SIM5
SIM1
SIM2
SIM3
SIM4
1
21
22
SIM5
SIM1
SIM2
SIM3
SIM4
1
21
22
SIM5
SIM1
SIM2
SIM3
SIM4
1
21
22
SIM5
SIM1
SIM2
SIM3
SIM4
1
21
22
SIM5
SIM1
SIM2
SIM3
SIM4
1
21
22
SIM5
SIM1
SIM2
SIM3
SIM4
1
21
22
SIM5
SIM1
SIM2
SIM3
SIM4
1
21
22
SIM5
SIM1
SIM2
SIM3
SIM4
1
21
22
SIM5
SIM1
SIM2
SIM3
SIM4
1
21
22
SIM5
SIM1
SIM2
SIM3
SIM4
1
21
22
SIM5
SIM1
SIM2
SIM3
SIM4
1
21
22
SIM5
SIM1
SIM2
SIM3
SIM4
1
21
22
SIM5
SIM1
SIM2
SIM3
SIM4
1
21
22
SIM5
SIM1
SIM2
SIM3
SIM4
1
21
22
SIM5
SIM1
SIM2
SIM3
SIM4
1
21
22
SIM5
SIM1
SIM2
SIM3
SIM4
1
21
22
SIM5
SIM1
SIM2
SIM3
SIM4
1
21
22
SIM5
SIM1
SIM2
SIM3
SIM4
1
21
22
SIM5
SIM1
SIM2
SIM3
SIM4
1
21
22
SIM5
SIM1
SIM2
SIM3
SIM4
1
21
22
SIM5
SIM1
SIM2
SIM3
SIM4
1
21
22
SIM5
SIM1
SIM2
SIM3
SIM4
1
21
22
SIM5
SIM1
SIM2
SIM3
SIM4
1
21
22
SIM5
SIM1
SIM2
SIM3
SIM4
1
21
22
SIM5
SIM1
SIM2
SIM3
SIM4
1
21
22
SIM5
SIM1
SIM2
SIM3
SIM4
1
21
22
SIM5
SIM1
SIM2
SIM3
SIM4
1
21
22
SIM5
SIM1
SIM2
SIM3
SIM4
1
21
22
SIM5
SIM1
SIM2
SIM3
SIM4
1
21
22
SIM5
SIM1
SIM2
SIM3
SIM4
1
21
22
SIM5
SIM1
SIM2
SIM3
SIM4
1
21
22
SIM5
SIM1
SIM2
SIM3
SIM4
1
21
22
SIM5
SIM1
SIM2
SIM3
SIM4
1
21
22
SIM5
SIM1
SIM2
SIM3
SIM4
1
21
22
SIM5
SIM1
SIM2
SIM3
SIM4
1
21
22
SIM5
SIM1
SIM2
SIM3
SIM4
1
21
22
SIM5
SIM1
SIM2
SIM3
SIM4
1
21
22
SIM5
SIM1
SIM2
SIM3
SIM4
1
21
22
SIM5
SIM1
SIM2
SIM3
SIM4
1
21
22
SIM5
SIM1
SIM2
SIM3
SIM4
1
21
22
SIM5
SIM1
SIM2
SIM3
SIM4
1
21
22
SIM5
SIM1
SIM2
DEBUG 1 725
SIM1
SIM2
SIM3
SIM4
1
21
22
SIM5
SIM1
SIM2
SIM3
SIM4
1
21
22
SIM5
SIM1
SIM2
SIM3
SIM4
1
21
22
SIM5
SIM1
SIM2
SIM3
SIM4
1
21
22
SIM5
SIM1
SIM2
SIM3
SIM4
1
21
22
SIM5
SIM1
SIM2
SIM3
SIM4
1
21
22
SIM5
SIM1
SIM2
SIM3
SIM4
1
21
22
SIM5
SIM1
SIM2
SIM3
SIM4
1
21
22
SIM5
SIM1
SIM2
SIM3
SIM4
1
21
22
SIM5
SIM1
SIM2
SIM3
SIM4
1
21
22
SIM5
SIM1
SIM2
SIM3
SIM4
1
21
22
SIM5
SIM1
SIM2
SIM3
SIM4
1
21
22
SIM5
SIM1
SIM2
SIM3
SIM4
1
21
22
SIM5
SIM1
SIM2
SIM3
SIM4
1
21
22
SIM5
SIM1
SIM2
SIM3
SIM4
1
21
22
SIM5
SIM1
SIM2
SIM3
SIM4
1
21
22
SIM5
SIM1
SIM2
SIM3
SIM4
1
21
22
SIM5
SIM1
SIM2
SIM3
SIM4
1
21
22
SIM5
SIM1
SIM2
SIM3
SIM4
1
21
22
SIM5
SIM1
SIM2
SIM3
SIM4
1
21
22
SIM5
SIM1
SIM2
SIM3
SIM4
1
21
22
SIM5
SIM1
SIM2
SIM3
SIM4
1
21
22
SIM5
SIM1
SIM2
SIM3
SIM4
1
21
22
SIM5
SIM1
SIM2
SIM3
SIM4
1
21
22
SIM5
SIM1
SIM2
SIM3
SIM4
1
21
22
SIM5
SIM1
SIM2
SIM3
SIM4
1
21
22
SIM5
SIM1
SIM2
SIM3
SIM4
1
21
22
SIM5
SIM1
SIM2
SIM3
SIM4
1
21
22
SIM5
SIM1
SIM2
SIM3
SIM4
1
21
22
SIM5
SIM1
SIM2
SIM3
SIM4
1
21
22
SIM5
SIM1
SIM2
SIM3
SIM4
1
21
22
SIM5
SIM1
SIM2
SIM3
SIM4
1
21
22
SIM5
SIM1
SIM2
SIM3
SIM4
1
21
22
SIM5
SIM1
SIM2
SIM3
SIM4
1
21
22
SIM5
SIM1
SIM2
SIM3
SIM4
1
21
22
SIM5
SIM1
SIM2
SIM3
SIM4
1
21
22
SIM5
SIM1
SIM2
SIM3
SIM4
1
21
22
SIM5
SIM1
SIM2
SIM3
SIM4
1
21
22
SIM5
SIM1
SIM2
SIM3
SIM4
1
21
22
SIM5
SIM1
SIM2
SIM3
SIM4
1
21
22
SIM5
SIM1
SIM2
SIM3
SIM4
1
21
22
SIM5
SIM1
SIM2
SIM3
SIM4
1
21
22
SIM5
SIM1
SIM2
SIM3
SIM4
1
21
22
SIM5
SIM1
SIM2
SIM3
SIM4
1
21
22
SIM5
SIM1
SIM2
SIM3
SIM4
1
21
22
SIM5
SIM1
SIM2
SIM3
SIM4
1
21
22
SIM5
SIM1
SIM2
SIM3
SIM4
1
21
22
SIM5
SIM1
SIM2
SIM3
SIM4
1
21
22
SIM5
SIM1
SIM2
SIM3
SIM4
1
21
22
SIM5
SIM1
SIM2
SIM3
SIM4
1
21
22
SIM5
SIM1
SIM2
SIM3
SIM4
1
21
22
SIM5
SIM1
SIM2
SIM3
SIM4
1
21
22
SIM5
SIM1
SIM2
SIM3
SIM4
1
21
22
SIM5
SIM1
SIM2
SIM3
SIM4
1
21
22
SIM5
SIM1
SIM2
SIM3
SIM4
1
21
22
SIM5
SIM1
SIM2
SIM3
SIM4
1
21
22
SIM5
SIM1
SIM2
SIM3
SIM4
1
21
22
SIM5
SIM1
SIM2
SIM3
SIM4
1
21
22
SIM5
SIM1
SIM2
SIM3
SIM4
1
21
22
SIM5
SIM1
SIM2
SIM3
SIM4
1
21
22
SIM5
SIM1
SIM2
SIM3
SIM4
1
21
22
SIM5
SIM1
SIM2
SIM3
SIM4
1
21
22
SIM5
SIM1
SIM2
SIM3
SIM4
1
21
22
SIM5
SIM1
SIM2
SIM3
SIM4
1
21
22
SIM5
SIM1
SIM2
SIM3
SIM4
1
21
22
SIM5
SIM1
SIM2
SIM3
SIM4
1
21
22
SIM5
SIM1
SIM2
SIM3
SIM4
1
21
22
SIM5
SIM1
SIM2
SIM3
SIM4
1
21
22
SIM5
SIM1
SIM2
SIM3
SIM4
1
21
22
SIM5
SIM1
SIM2
SIM3
SIM4
1
21
22
SIM5
SIM1
SIM2
SIM3
SIM4
1
21
22
SIM5
SIM1
SIM2
SIM3
SIM4
1
21
22
SIM5
SIM1
SIM2
SIM3
SIM4
1
21
22
SIM5
SIM1
SIM2
SIM3
SIM4
1
21
22
SIM5
SIM1
SIM2
SIM3
SIM4
1
21
22
SIM5
SIM1
SIM2
SIM3
SIM4
1
21
22
SIM5
SIM1
SIM2
SIM3
SIM4
1
21
22
SIM5
SIM1
SIM2
SIM3
SIM4
1
21
22
SIM5
SIM1
SIM2
SIM3
SIM4
1
21
22
SIM5
SIM1
SIM2
SIM3
SIM4
1
21
22
SIM5
SIM1
SIM2
SIM3
SIM4
1
21
22
SIM5
SIM1
SIM2
SIM3
SIM4
1
21
22
SIM5
SIM1
SIM2
SIM3
SIM4
1
21
22
SIM5
SIM1
SIM2
SIM3
SIM4
1
21
22
SIM5
SIM1
SIM2
SIM3
SIM4
1
21
22
SIM5
SIM1
SIM2
SIM3
SIM4
1
21
22
SIM5
SIM1
SIM2
SIM3
SIM4
1
21
22
SIM5
SIM1
SIM2
SIM3
SIM4
1
21
22
SIM5
SIM1
SIM2
SIM3
SIM4
1
21
22
SIM5
SIM1
SIM2
SIM3
SIM4
1
21
22
SIM5
SIM1
SIM2
SIM3
SIM4
1
21
22
SIM5
SIM1
SIM2
SIM3
SIM4
1
21
22
SIM5
SIM1
SIM2
SIM3
SIM4
1
21
22
SIM5
SIM1
SIM2
SIM3
SIM4
1
21
22
SIM5
SIM1
SIM2
SIM3
SIM4
1
21
22
SIM5
SIM1
SIM2
SIM3
SIM4
1
21
22
SIM5
SIM1
SIM2
SIM3
SIM4
1
21
22
SIM5
SIM1
SIM2
SIM3
SIM4
1
21
22
SIM5
SIM1
SIM2
SIM3
SIM4
1
21
22
SIM5
SIM1
SIM2
SIM3
SIM4
1
21
22
SIM5
SIM1
SIM2
SIM3
SIM4
1
21
22
SIM5
SIM1
SIM2
SIM3
SIM4
1
21
22
SIM5
SIM1
SIM2
SIM3
SIM4
1
21
22
SIM5
SIM1
SIM2
SIM3
SIM4
1
21
22
SIM5
SIM1
SIM2
SIM3
SIM4
1
21
22
SIM5
SIM1
SIM2
SIM3
SIM4
1
21
22
SIM5
SIM1
SIM2
SIM3
SIM4
1
21
22
SIM5
SIM1
SIM2
SIM3
SIM4
1
21
22
SIM5
SIM1
SIM2
SIM3
SIM4
1
21
22
SIM5
SIM1
SIM2
SIM3
SIM4
1
21
22
SIM5
SIM1
SIM2
SIM3
SIM4
1
21
22
SIM5
SIM1
SIM2
SIM3
SIM4
1
21
22
SIM5
SIM1
SIM2
SIM3
SIM4
1
21
22
SIM5
SIM1
SIM2
SIM3
SIM4
1
21
22
SIM5
SIM1
SIM2
SIM3
SIM4
1
21
22
SIM5
SIM1
SIM2
SIM3
SIM4
1
21
22
SIM5
SIM1
SIM2
SIM3
SIM4
1
21
22
SIM5
SIM1
SIM2
SIM3
SIM4
1
21
22
SIM5
SIM1
SIM2
SIM3
SIM4
1
21
22
SIM5
SIM1
SIM2
SIM3
SIM4
1
21
22
SIM5
SIM1
SIM2
SIM3
SIM4
1
21
22
SIM5
SIM1
SIM2
SIM3
SIM4
1
21
22
SIM5
SIM1
SIM2
SIM3
SIM4
1
21
22
SIM5
SIM1
SIM2
SIM3
SIM4
1
21
22
SIM5
SIM1
SIM2
SIM3
SIM4
1
21
22
SIM5
SIM1
SIM2
SIM3
SIM4
1
21
22
SIM5
SIM1
SIM2
SIM3
SIM4
1
21
22
SIM5
SIM1
SIM2
DEBUG 1 726
SIM1
SIM2
SIM3
SIM4
1
21
22
SIM5
SIM1
SIM2
SIM3
SIM4
1
21
22
SIM5
SIM1
SIM2
SIM3
SIM4
1
21
22
SIM5
SIM1
SIM2
SIM3
SIM4
1
21
22
SIM5
SIM1
SIM2
SIM3
SIM4
1
21
22
SIM5
SIM1
SIM2
SIM3
SIM4
1
21
22
SIM5
SIM1
SIM2
SIM3
SIM4
1
21
22
SIM5
SIM1
SIM2
SIM3
SIM4
1
21
22
SIM5
SIM1
SIM2
SIM3
SIM4
1
21
22
SIM5
SIM1
SIM2
SIM3
SIM4
1
21
22
SIM5
SIM1
SIM2
SIM3
SIM4
1
21
22
SIM5
SIM1
SIM2
SIM3
SIM4
1
21
22
SIM5
SIM1
SIM2
SIM3
SIM4
1
21
22
SIM5
SIM1
SIM2
SIM3
SIM4
1
21
22
SIM5
SIM1
SIM2
SIM3
SIM4
1
21
22
SIM5
SIM1
SIM2
SIM3
SIM4
1
21
22
SIM5
SIM1
SIM2
SIM3
SIM4
1
21
22
SIM5
SIM1
SIM2
SIM3
SIM4
1
21
22
SIM5
SIM1
SIM2
SIM3
SIM4
1
21
22
SIM5
SIM1
SIM2
SIM3
SIM4
1
21
22
SIM5
SIM1
SIM2
SIM3
SIM4
1
21
22
SIM5
SIM1
SIM2
SIM3
SIM4
1
21
22
SIM5
SIM1
SIM2
SIM3
SIM4
1
21
22
SIM5
SIM1
SIM2
SIM3
SIM4
1
21
22
SIM5
SIM1
SIM2
SIM3
SIM4
1
21
22
SIM5
SIM1
SIM2
SIM3
SIM4
1
21
22
SIM5
SIM1
SIM2
SIM3
SIM4
1
21
22
SIM5
SIM1
SIM2
SIM3
SIM4
1
21
22
SIM5
SIM1
SIM2
SIM3
SIM4
1
21
22
SIM5
SIM1
SIM2
SIM3
SIM4
1
21
22
SIM5
SIM1
SIM2
SIM3
SIM4
1
21
22
SIM5
SIM1
SIM2
SIM3
SIM4
1
21
22
SIM5
SIM1
SIM2
SIM3
SIM4
1
21
22
SIM5
SIM1
SIM2
SIM3
SIM4
1
21
22
SIM5
SIM1
SIM2
SIM3
SIM4
1
21
22
SIM5
SIM1
SIM2
SIM3
SIM4
1
21
22
SIM5
SIM1
SIM2
SIM3
SIM4
1
21
22
SIM5
SIM1
SIM2
SIM3
SIM4
1
21
22
SIM5
SIM1
SIM2
SIM3
SIM4
1
21
22
SIM5
SIM1
SIM2
SIM3
SIM4
1
21
22
SIM5
SIM1
SIM2
SIM3
SIM4
1
21
22
SIM5
SIM1
SIM2
SIM3
SIM4
1
21
22
SIM5
SIM1
SIM2
SIM3
SIM4
1
21
22
SIM5
SIM1
SIM2
SIM3
SIM4
1
21
22
SIM5
SIM1
SIM2
SIM3
SIM4
1
21
22
SIM5
SIM1
SIM2
SIM3
SIM4
1
21
22
SIM5
SIM1
SIM2
SIM3
SIM4
1
21
22
SIM5
SIM1
SIM2
SIM3
SIM4
1
21
22
SIM5
SIM1
SIM2
SIM3
SIM4
1
21
22
SIM5
SIM1
SIM2
SIM3
SIM4
1
21
22
SIM5
SIM1
SIM2
SIM3
SIM4
1
21
22
SIM5
SIM1
SIM2
SIM3
SIM4
1
21
22
SIM5
SIM1
SIM2
SIM3
SIM4
1
21
22
SIM5
SIM1
SIM2
SIM3
SIM4
1
21
22
SIM5
SIM1
SIM2
SIM3
SIM4
1
21
22
SIM5
SIM1
SIM2
SIM3
SIM4
1
21
22
SIM5
SIM1
SIM2
SIM3
SIM4
1
21
22
SIM5
SIM1
SIM2
SIM3
SIM4
1
21
22
SIM5
SIM1
SIM2
SIM3
SIM4
1
21
22
SIM5
SIM1
SIM2
SIM3
SIM4
1
21
22
SIM5
SIM1
SIM2
SIM3
SIM4
1
21
22
SIM5
SIM1
SIM2
SIM3
SIM4
1
21
22
SIM5
SIM1
SIM2
SIM3
SIM4
1
21
22
SIM5
SIM1
SIM2
SIM3
SIM4
1
21
22
SIM5
SIM1
SIM2
SIM3
SIM4
1
21
22
SIM5
SIM1
SIM2
SIM3
SIM4
1
21
22
SIM5
SIM1
SIM2
SIM3
SIM4
1
21
22
SIM5
SIM1
SIM2
SIM3
SIM4
1
21
22
SIM5
SIM1
SIM2
SIM3
SIM4
1
21
22
SIM5
SIM1
SIM2
SIM3
SIM4
1
21
22
SIM5
SIM1
SIM2
SIM3
SIM4
1
21
22
SIM5
SIM1
SIM2
SIM3
SIM4
1
21
22
SIM5
SIM1
SIM2
SIM3
SIM4
1
21
22
SIM5
SIM1
SIM2
SIM3
SIM4
1
21
22
SIM5
SIM1
SIM2
SIM3
SIM4
1
21
22
SIM5
SIM1
SIM2
SIM3
SIM4
1
21
22
SIM5
SIM1
SIM2
SIM3
SIM4
1
21
22
SIM5
SIM1
SIM2
SIM3
SIM4
1
21
22
SIM5
SIM1
SIM2
SIM3
SIM4
1
21
22
SIM5
SIM1
SIM2
SIM3
SIM4
1
21
22
SIM5
SIM1
SIM2
SIM3
SIM4
1
21
22
SIM5
SIM1
SIM2
SIM3
SIM4
1
21
22
SIM5
SIM1
SIM2
SIM3
SIM4
1
21
22
SIM5
SIM1
SIM2
SIM3
SIM4
1
21
22
SIM5
SIM1
SIM2
SIM3
SIM4
1
21
22
SIM5
SIM1
SIM2
SIM3
SIM4
1
21
22
SIM5
SIM1
SIM2
SIM3
SIM4
1
21
22
SIM5
SIM1
SIM2
SIM3
SIM4
1
21
22
SIM5
SIM1
SIM2
SIM3
SIM4
1
21
22
SIM5
SIM1
SIM2
SIM3
SIM4
1
21
22
SIM5
SIM1
SIM2
SIM3
SIM4
1
21
22
SIM5
SIM1
SIM2
SIM3
SIM4
1
21
22
SIM5
SIM1
SIM2
SIM3
SIM4
1
21
22
SIM5
SIM1
SIM2
SIM3
SIM4
1
21
22
SIM5
SIM1
SIM2
SIM3
SIM4
1
21
22
SIM5
SIM1
SIM2
SIM3
SIM4
1
21
22
SIM5
SIM1
SIM2
SIM3
SIM4
1
21
22
SIM5
SIM1
SIM2
SIM3
SIM4
1
21
22
SIM5
SIM1
SIM2
SIM3
SIM4
1
21
22
SIM5
SIM1
SIM2
SIM3
SIM4
1
21
22
SIM5
SIM1
SIM2
SIM3
SIM4
1
21
22
SIM5
SIM1
SIM2
SIM3
SIM4
1
21
22
SIM5
SIM1
SIM2
SIM3
SIM4
1
21
22
SIM5
SIM1
SIM2
SIM3
SIM4
1
21
22
SIM5
SIM1
SIM2
SIM3
SIM4
1
21
22
SIM5
SIM1
SIM2
SIM3
SIM4
1
21
22
SIM5
SIM1
SIM2
SIM3
SIM4
1
21
22
SIM5
SIM1
SIM2
SIM3
SIM4
1
21
22
SIM5
SIM1
SIM2
SIM3
SIM4
1
21
22
SIM5
SIM1
SIM2
SIM3
SIM4
1
21
22
SIM5
SIM1
SIM2
SIM3
SIM4
1
21
22
SIM5
SIM1
SIM2
SIM3
SIM4
1
21
22
SIM5
SIM1
SIM2
SIM3
SIM4
1
21
22
SIM5
SIM1
SIM2
SIM3
SIM4
1
21
22
SIM5
SIM1
SIM2
SIM3
SIM4
1
21
22
SIM5
SIM1
SIM2
SIM3
SIM4
1
21
22
SIM5
SIM1
SIM2
SIM3
SIM4
1
21
22
SIM5
SIM1
SIM2
SIM3
SIM4
1
21
22
SIM5
SIM1
SIM2
SIM3
SIM4
1
21
22
SIM5
SIM1
SIM2
SIM3
SIM4
1
21
22
SIM5
SIM1
SIM2
SIM3
SIM4
1
21
22
SIM5
SIM1
SIM2
SIM3
SIM4
1
21
22
SIM5
SIM1
SIM2
SIM3
SIM4
1
21
22
SIM5
SIM1
SIM2
SIM3
SIM4
1
21
22
SIM5
SIM1
SIM2
SIM3
SIM4
1
21
22
SIM5
SIM1
SIM2
SIM3
SIM4
1
21
22
SIM5
SIM1
SIM2
SIM3
SIM4
1
21
22
SIM5
SIM1
SIM2
SIM3
SIM4
1
21
22
SIM5
SIM1
SIM2
SIM3
SIM4
1
21
22
SIM5
SIM1
SIM2
SIM3
SIM4
1
21
22
SIM5
SIM1
SIM2
SIM3
SIM4
1
21
22
SIM5
SIM1
SIM2
SIM3
SIM4
1
21
22
SIM5
SIM1
SIM2
SIM3
SIM4
1
21
22
SIM5
SIM1
SIM2
SIM3
SIM4
1
21
22
SIM5
SIM1
SIM2
SIM3
SIM4
1
21
22
SIM5
SIM1
SIM2
SIM3
SIM4
1
21
22
SIM5
SIM1
SIM2
SIM3
SIM4
1
21
22
SIM5
SIM1
SIM2
SIM3
SIM4
1
21
22
SIM5
SIM1
SIM2
SIM3
SIM4
1
21
22
SIM5
SIM1
SIM2
SIM3
SIM4
1
21
22
SIM5
SIM1
SIM2
SIM3
SIM4
1
21
22
SIM5
SIM1
SIM2
SIM3
SIM4
1
21
22
SIM5
SIM1
SIM2
SIM3
SIM4
1
21
22
SIM5
SIM1
SIM2
SIM3
SIM4
1
21
22
SIM5
SIM1
SIM2
SIM3
SIM4
1
21
22
SIM5
SIM1
SIM2
SIM3
SIM4
1
21
22
SIM5
SIM1
SIM2
SIM3
SIM4
1
21
22
SIM5
SIM1
SIM2
SIM3
SIM4
1
21
22
SIM5
SIM1
SIM2
SIM3
SIM4
1
21
22
SIM5
SIM1
SIM2
SIM3
SIM4
1
21
22
SIM5
SIM1
SIM2
SIM3
SIM4
1
21
22
SIM5
SIM1
SIM2
SIM3
SIM4
1
21
22
SIM5
SIM1
SIM2
SIM3
SIM4
1
21
22
SIM5
SIM1
SIM2
SIM3
SIM4
1
21
22
SIM5
SIM1
SIM2
SIM3
SIM4
1
21
22
SIM5
SIM1
SIM2
SIM3
SIM4
1
21
22
SIM5
SIM1
SIM2
SIM3
SIM4
1
21
22
SIM5
SIM1
SIM2
SIM3
SIM4
1
21
22
SIM5
SIM1
SIM2
SIM3
SIM4
1
21
22
SIM5
SIM1
SIM2
SIM3
SIM4
1
21
22
SIM5
SIM1
SIM2
SIM3
SIM4
1
21
22
SIM5
SIM1
SIM2
SIM3
SIM4
1
21
22
SIM5
SIM1
SIM2
SIM3
SIM4
1
21
22
SIM5
SIM1
SIM2
SIM3
SIM4
1
21
22
SIM5
SIM1
SIM2
SIM3
SIM4
1
21
22
SIM5
SIM1
SIM2
SIM3
SIM4
1
21
22
SIM5
SIM1
SIM2
SIM3
SIM4
1
21
22
SIM5
SIM1
SIM2
SIM3
SIM4
1
21
22
SIM5
SIM1
SIM2
SIM3
SIM4
1
21
22
SIM5
SIM1
SIM2
SIM3
SIM4
1
21
22
SIM5
SIM1
SIM2
SIM3
SIM4
1
21
22
SIM5
SIM1
SIM2
SIM3
SIM4
1
21
22
SIM5
SIM1
SIM2
SIM3
SIM4
1
21
22
SIM5
SIM1
SIM2
SIM3
SIM4
1
21
22
SIM5
SIM1
SIM2
SIM3
SIM4
1
21
22
SIM5
SIM1
SIM2
SIM3
SIM4
1
21
22
SIM5
SIM1
SIM2
SIM3
SIM4
1
21
22
SIM5
SIM1
SIM2
SIM3
SIM4
1
21
22
SIM5
SIM1
SIM2
SIM3
SIM4
1
21
22
SIM5
SIM1
SIM2
SIM3
SIM4
1
21
22
SIM5
SIM1
SIM2
SIM3
SIM4
1
21
22
SIM5
SIM1
SIM2
SIM3
SIM4
1
21
22
SIM5
SIM1
SIM2
SIM3
SIM4
1
21
22
SIM5
SIM1
SIM2
SIM3
SIM4
1
21
22
SIM5
SIM1
SIM2
SIM3
SIM4
1
21
22
SIM5
SIM1
SIM2
SIM3
SIM4
1
21
22
SIM5
SIM1
SIM2
SIM3
SIM4
1
21
22
SIM5
SIM1
SIM2
SIM3
SIM4
1
21
22
SIM5
SIM1
SIM2
SIM3
SIM4
1
21
22
SIM5
SIM1
SIM2
SIM3
SIM4
1
21
22
SIM5
SIM1
SIM2
SIM3
SIM4
1
21
22
SIM5
SIM1
SIM2
SIM3
SIM4
1
21
22
SIM5
SIM1
SIM2
SIM3
SIM4
1
21
22
SIM5
SIM1
SIM2
SIM3
SIM4
1
21
22
SIM5
SIM1
SIM2
SIM3
SIM4
1
21
22
SIM5
SIM1
SIM2
SIM3
SIM4
1
21
22
SIM5
SIM1
SIM2
SIM3
SIM4
1
21
22
SIM5
SIM1
SIM2
SIM3
SIM4
1
21
22
SIM5
SIM1
SIM2
SIM3
SIM4
1
21
22
SIM5
SIM1
SIM2
SIM3
SIM4
1
21
22
SIM5
SIM1
SIM2
SIM3
SIM4
1
21
22
SIM5
SIM1
SIM2
SIM3
SIM4
1
21
22
SIM5
SIM1
SIM2
SIM3
SIM4
1
21
22
SIM5
SIM1
SIM2
SIM3
SIM4
1
21
22
SIM5
SIM1
SIM2
SIM3
SIM4
1
21
22
SIM5
SIM1
SIM2
SIM3
SIM4
1
21
22
SIM5
SIM1
SIM2
SIM3
SIM4
1
21
22
SIM5
SIM1
SIM2
SIM3
SIM4
1
21
22
SIM5
SIM1
SIM2
SIM3
SIM4
1
21
22
SIM5
SIM1
SIM2
SIM3
SIM4
1
21
22
SIM5
SIM1
SIM2
SIM3
SIM4
1
21
22
SIM5
SIM1
SIM2
SIM3
SIM4
1
21
22
SIM5
SIM1
SIM2
SIM3
SIM4
1
21
22
SIM5
SIM1
SIM2
SIM3
SIM4
1
21
22
SIM5
SIM1
SIM2
SIM3
SIM4
1
21
22
SIM5
SIM1
SIM2
SIM3
SIM4
1
21
22
SIM5
SIM1
SIM2
SIM3
SIM4
1
21
22
SIM5
SIM1
SIM2
SIM3
SIM4
1
21
22
SIM5
SIM1
SIM2
SIM3
SIM4
1
21
22
SIM5
SIM1
SIM2
SIM3
SIM4
1
21
22
SIM5
SIM1
SIM2
SIM3
SIM4
1
21
22
SIM5
SIM1
SIM2
SIM3
SIM4
1
21
22
SIM5
SIM1
SIM2
SIM3
SIM4
1
21
22
SIM5
SIM1
SIM2
SIM3
SIM4
1
21
22
SIM5
SIM1
SIM2
SIM3
SIM4
1
21
22
SIM5
SIM1
SIM2
SIM3
SIM4
1
21
22
SIM5
SIM1
SIM2
SIM3
SIM4
1
21
22
SIM5
SIM1
SIM2
SIM3
SIM4
1
21
22
SIM5
SIM1
SIM2
SIM3
SIM4
1
21
22
SIM5
SIM1
SIM2
SIM3
SIM4
1
21
22
SIM5
SIM1
SIM2
SIM3
SIM4
1
21
22
SIM5
SIM1
SIM2
SIM3
SIM4
1
21
22
SIM5
SIM1
SIM2
SIM3
SIM4
1
21
22
SIM5
SIM1
SIM2
SIM3
SIM4
1
21
22
SIM5
SIM1
SIM2
SIM3
SIM4
1
21
22
SIM5
SIM1
SIM2
SIM3
SIM4
1
21
22
SIM5
SIM1
SIM2
SIM3
SIM4
1
21
22
SIM5
SIM1
SIM2
SIM3
SIM4
1
21
22
SIM5
SIM1
SIM2
SIM3
SIM4
1
21
22
SIM5
SIM1
SIM2
SIM3
SIM4
1
21
22
SIM5
SIM1
SIM2
SIM3
SIM4
1
21
22
SIM5
SIM1
SIM2
SIM3
SIM4
1
21
22
SIM5
SIM1
SIM2
SIM3
SIM4
1
21
22
SIM5
SIM1
SIM2
SIM3
SIM4
1
21
22
SIM5
SIM1
SIM2
SIM3
SIM4
1
21
22
SIM5
SIM1
SIM2
SIM3
SIM4
1
21
22
SIM5
SIM1
SIM2
SIM3
SIM4
1
21
22
SIM5
SIM1
SIM2
DEBUG 1 727
SIM1
SIM2
SIM3
SIM4
1
21
22
SIM5
SIM1
SIM2
SIM3
SIM4
1
21
22
SIM5
SIM1
SIM2
SIM3
SIM4
1
21
22
SIM5
SIM1
SIM2
SIM3
SIM4
1
21
22
SIM5
SIM1
SIM2
SIM3
SIM4
1
21
22
SIM5
SIM1
SIM2
SIM3
SIM4
1
21
22
SIM5
SIM1
SIM2
SIM3
SIM4
1
21
22
SIM5
SIM1
SIM2
SIM3
SIM4
1
21
22
SIM5
SIM1
SIM2
SIM3
SIM4
1
21
22
SIM5
SIM1
SIM2
SIM3
SIM4
1
21
22
SIM5
SIM1
SIM2
SIM3
SIM4
1
21
22
SIM5
SIM1
SIM2
SIM3
SIM4
1
21
22
SIM5
SIM1
SIM2
SIM3
SIM4
1
21
22
SIM5
SIM1
SIM2
SIM3
SIM4
1
21
22
SIM5
SIM1
SIM2
SIM3
SIM4
1
21
22
SIM5
SIM1
SIM2
SIM3
SIM4
1
21
22
SIM5
SIM1
SIM2
SIM3
SIM4
1
21
22
SIM5
SIM1
SIM2
SIM3
SIM4
1
21
22
SIM5
SIM1
SIM2
SIM3
SIM4
1
21
22
SIM5
SIM1
SIM2
SIM3
SIM4
1
21
22
SIM5
SIM1
SIM2
SIM3
SIM4
1
21
22
SIM5
SIM1
SIM2
SIM3
SIM4
1
21
22
SIM5
SIM1
SIM2
SIM3
SIM4
1
21
22
SIM5
SIM1
SIM2
SIM3
SIM4
1
21
22
SIM5
SIM1
SIM2
SIM3
SIM4
1
21
22
SIM5
SIM1
SIM2
SIM3
SIM4
1
21
22
SIM5
SIM1
SIM2
SIM3
SIM4
1
21
22
SIM5
SIM1
SIM2
SIM3
SIM4
1
21
22
SIM5
SIM1
SIM2
SIM3
SIM4
1
21
22
SIM5
SIM1
SIM2
SIM3
SIM4
1
21
22
SIM5
SIM1
SIM2
SIM3
SIM4
1
21
22
SIM5
SIM1
SIM2
SIM3
SIM4
1
21
22
SIM5
SIM1
SIM2
SIM3
SIM4
1
21
22
SIM5
SIM1
SIM2
SIM3
SIM4
1
21
22
SIM5
SIM1
SIM2
SIM3
SIM4
1
21
22
SIM5
SIM1
SIM2
SIM3
SIM4
1
21
22
SIM5
SIM1
SIM2
SIM3
SIM4
1
21
22
SIM5
SIM1
SIM2
SIM3
SIM4
1
21
22
SIM5
SIM1
SIM2
SIM3
SIM4
1
21
22
SIM5
SIM1
SIM2
SIM3
SIM4
1
21
22
SIM5
SIM1
SIM2
SIM3
SIM4
1
21
22
SIM5
SIM1
SIM2
SIM3
SIM4
1
21
22
SIM5
SIM1
SIM2
SIM3
SIM4
1
21
22
SIM5
SIM1
SIM2
SIM3
SIM4
1
21
22
SIM5
SIM1
SIM2
SIM3
SIM4
1
21
22
SIM5
SIM1
SIM2
SIM3
SIM4
1
21
22
SIM5
SIM1
SIM2
SIM3
SIM4
1
21
22
SIM5
SIM1
SIM2
SIM3
SIM4
1
21
22
SIM5
SIM1
SIM2
SIM3
SIM4
1
21
22
SIM5
SIM1
SIM2
SIM3
SIM4
1
21
22
SIM5
SIM1
SIM2
SIM3
SIM4
1
21
22
SIM5
SIM1
SIM2
SIM3
SIM4
1
21
22
SIM5
SIM1
SIM2
SIM3
SIM4
1
21
22
SIM5
SIM1
SIM2
SIM3
SIM4
1
21
22
SIM5
SIM1
SIM2
SIM3
SIM4
1
21
22
SIM5
SIM1
SIM2
SIM3
SIM4
1
21
22
SIM5
SIM1
SIM2
SIM3
SIM4
1
21
22
SIM5
SIM1
SIM2
SIM3
SIM4
1
21
22
SIM5
SIM1
SIM2
SIM3
SIM4
1
21
22
SIM5
SIM1
SIM2
SIM3
SIM4
1
21
22
SIM5
SIM1
SIM2
SIM3
SIM4
1
21
22
SIM5
SIM1
SIM2
SIM3
SIM4
1
21
22
SIM5
SIM1
SIM2
SIM3
SIM4
1
21
22
SIM5
SIM1
SIM2
SIM3
SIM4
1
21
22
SIM5
SIM1
SIM2
SIM3
SIM4
1
21
22
SIM5
SIM1
SIM2
SIM3
SIM4
1
21
22
SIM5
SIM1
SIM2
SIM3
SIM4
1
21
22
SIM5
SIM1
SIM2
SIM3
SIM4
1
21
22
SIM5
SIM1
SIM2
SIM3
SIM4
1
21
22
SIM5
SIM1
SIM2
SIM3
SIM4
1
21
22
SIM5
SIM1
SIM2
SIM3
SIM4
1
21
22
SIM5
SIM1
SIM2
SIM3
SIM4
1
21
22
SIM5
SIM1
SIM2
SIM3
SIM4
1
21
22
SIM5
SIM1
SIM2
SIM3
SIM4
1
21
22
SIM5
SIM1
SIM2
SIM3
SIM4
1
21
22
SIM5
SIM1
SIM2
SIM3
SIM4
1
21
22
SIM5
SIM1
SIM2
SIM3
SIM4
1
21
22
SIM5
SIM1
SIM2
SIM3
SIM4
1
21
22
SIM5
SIM1
SIM2
SIM3
SIM4
1
21
22
SIM5
SIM1
SIM2
SIM3
SIM4
1
21
22
SIM5
SIM1
SIM2
SIM3
SIM4
1
21
22
SIM5
SIM1
SIM2
SIM3
SIM4
1
21
22
SIM5
SIM1
SIM2
SIM3
SIM4
1
21
22
SIM5
SIM1
SIM2
SIM3
SIM4
1
21
22
SIM5
SIM1
SIM2
SIM3
SIM4
1
21
22
SIM5
SIM1
SIM2
SIM3
SIM4
1
21
22
SIM5
SIM1
SIM2
SIM3
SIM4
1
21
22
SIM5
SIM1
SIM2
SIM3
SIM4
1
21
22
SIM5
SIM1
SIM2
SIM3
SIM4
1
21
22
SIM5
SIM1
SIM2
SIM3
SIM4
1
21
22
SIM5
SIM1
SIM2
SIM3
SIM4
1
21
22
SIM5
SIM1
SIM2
SIM3
SIM4
1
21
22
SIM5
SIM1
SIM2
SIM3
SIM4
1
21
22
SIM5
SIM1
SIM2
SIM3
SIM4
1
21
22
SIM5
SIM1
SIM2
SIM3
SIM4
1
21
22
SIM5
SIM1
SIM2
SIM3
SIM4
1
21
22
SIM5
SIM1
SIM2
SIM3
SIM4
1
21
22
SIM5
SIM1
SIM2
SIM3
SIM4
1
21
22
SIM5
SIM1
SIM2
SIM3
SIM4
1
21
22
SIM5
SIM1
SIM2
SIM3
SIM4
1
21
22
SIM5
SIM1
SIM2
SIM3
SIM4
1
21
22
SIM5
SIM1
SIM2
SIM3
SIM4
1
21
22
SIM5
SIM1
SIM2
SIM3
SIM4
1
21
22
SIM5
SIM1
SIM2
SIM3
SIM4
1
21
22
SIM5
SIM1
SIM2
SIM3
SIM4
1
21
22
SIM5
SIM1
SIM2
SIM3
SIM4
1
21
22
SIM5
SIM1
SIM2
SIM3
SIM4
1
21
22
SIM5
SIM1
SIM2
SIM3
SIM4
1
21
22
SIM5
SIM1
SIM2
SIM3
SIM4
1
21
22
SIM5
SIM1
SIM2
SIM3
SIM4
1
21
22
SIM5
SIM1
SIM2
SIM3
SIM4
1
21
22
SIM5
SIM1
SIM2
SIM3
SIM4
1
21
22
SIM5
SIM1
SIM2
SIM3
SIM4
1
21
22
SIM5
SIM1
SIM2
SIM3
SIM4
1
21
22
SIM5
SIM1
SIM2
SIM3
SIM4
1
21
22
SIM5
SIM1
SIM2
SIM3
SIM4
1
21
22
SIM5
SIM1
SIM2
SIM3
SIM4
1
21
22
SIM5
SIM1
SIM2
SIM3
SIM4
1
21
22
SIM5
SIM1
SIM2
SIM3
SIM4
1
21
22
SIM5
SIM1
SIM2
SIM3
SIM4
1
21
22
SIM5
SIM1
SIM2
SIM3
SIM4
1
21
22
SIM5
SIM1
SIM2
SIM3
SIM4
1
21
22
SIM5
SIM1
SIM2
SIM3
SIM4
1
21
22
SIM5
SIM1
SIM2
SIM3
SIM4
1
21
22
SIM5
SIM1
SIM2
SIM3
SIM4
1
21
22
SIM5
SIM1
SIM2
SIM3
SIM4
1
21
22
SIM5
SIM1
SIM2
SIM3
SIM4
1
21
22
SIM5
SIM1
SIM2
SIM3
SIM4
1
21
22
SIM5
SIM1
SIM2
SIM3
SIM4
1
21
22
SIM5
SIM1
SIM2
SIM3
SIM4
1
21
22
SIM5
SIM1
SIM2
SIM3
SIM4
1
21
22
SIM5
SIM1
SIM2
SIM3
SIM4
1
21
22
SIM5
SIM1
SIM2
SIM3
SIM4
1
21
22
SIM5
SIM1
SIM2
SIM3
SIM4
1
21
22
SIM5
SIM1
SIM2
SIM3
SIM4
1
21
22
SIM5
SIM1
SIM2
SIM3
SIM4
1
21
22
SIM5
SIM1
SIM2
SIM3
SIM4
1
21
22
SIM5
SIM1
SIM2
SIM3
SIM4
1
21
22
SIM5
SIM1
SIM2
SIM3
SIM4
1
21
22
SIM5
SIM1
SIM2
SIM3
SIM4
1
21
22
SIM5
SIM1
SIM2
SIM3
SIM4
1
21
22
SIM5
SIM1
SIM2
SIM3
SIM4
1
21
22
SIM5
SIM1
SIM2
SIM3
SIM4
1
21
22
SIM5
SIM1
SIM2
SIM3
SIM4
1
21
22
SIM5
SIM1
SIM2
SIM3
SIM4
1
21
22
SIM5
SIM1
SIM2
SIM3
SIM4
1
21
22
SIM5
SIM1
SIM2
SIM3
SIM4
1
21
22
SIM5
SIM1
SIM2
SIM3
SIM4
1
21
22
SIM5
SIM1
SIM2
SIM3
SIM4
1
21
22
SIM5
SIM1
SIM2
SIM3
SIM4
1
21
22
SIM5
SIM1
SIM2
SIM3
SIM4
1
21
22
SIM5
SIM1
SIM2
SIM3
SIM4
1
21
22
SIM5
SIM1
SIM2
SIM3
SIM4
1
21
22
SIM5
SIM1
SIM2
SIM3
SIM4
1
21
22
SIM5
SIM1
SIM2
SIM3
SIM4
1
21
22
SIM5
SIM1
SIM2
DEBUG 1 728
SIM1
SIM2
SIM3
SIM4
1
21
22
SIM5
SIM1
SIM2
SIM3
SIM4
1
21
22
SIM5
SIM1
SIM2
SIM3
SIM4
1
21
22
SIM5
SIM1
SIM2
SIM3
SIM4
1
21
22
SIM5
SIM1
SIM2
SIM3
SIM4
1
21
22
SIM5
SIM1
SIM2
SIM3
SIM4
1
21
22
SIM5
SIM1
SIM2
SIM3
SIM4
1
21
22
SIM5
SIM1
SIM2
SIM3
SIM4
1
21
22
SIM5
SIM1
SIM2
SIM3
SIM4
1
21
22
SIM5
SIM1
SIM2
SIM3
SIM4
1
21
22
SIM5
SIM1
SIM2
SIM3
SIM4
1
21
22
SIM5
SIM1
SIM2
SIM3
SIM4
1
21
22
SIM5
SIM1
SIM2
SIM3
SIM4
1
21
22
SIM5
SIM1
SIM2
SIM3
SIM4
1
21
22
SIM5
SIM1
SIM2
SIM3
SIM4
1
21
22
SIM5
SIM1
SIM2
SIM3
SIM4
1
21
22
SIM5
SIM1
SIM2
SIM3
SIM4
1
21
22
SIM5
SIM1
SIM2
SIM3
SIM4
1
21
22
SIM5
SIM1
SIM2
SIM3
SIM4
1
21
22
SIM5
SIM1
SIM2
SIM3
SIM4
1
21
22
SIM5
SIM1
SIM2
SIM3
SIM4
1
21
22
SIM5
SIM1
SIM2
SIM3
SIM4
1
21
22
SIM5
SIM1
SIM2
SIM3
SIM4
1
21
22
SIM5
SIM1
SIM2
SIM3
SIM4
1
21
22
SIM5
SIM1
SIM2
SIM3
SIM4
1
21
22
SIM5
SIM1
SIM2
SIM3
SIM4
1
21
22
SIM5
SIM1
SIM2
SIM3
SIM4
1
21
22
SIM5
SIM1
SIM2
SIM3
SIM4
1
21
22
SIM5
SIM1
SIM2
SIM3
SIM4
1
21
22
SIM5
SIM1
SIM2
SIM3
SIM4
1
21
22
SIM5
SIM1
SIM2
SIM3
SIM4
1
21
22
SIM5
SIM1
SIM2
SIM3
SIM4
1
21
22
SIM5
SIM1
SIM2
SIM3
SIM4
1
21
22
SIM5
SIM1
SIM2
SIM3
SIM4
1
21
22
SIM5
SIM1
SIM2
SIM3
SIM4
1
21
22
SIM5
SIM1
SIM2
SIM3
SIM4
1
21
22
SIM5
SIM1
SIM2
SIM3
SIM4
1
21
22
SIM5
SIM1
SIM2
SIM3
SIM4
1
21
22
SIM5
SIM1
SIM2
SIM3
SIM4
1
21
22
SIM5
SIM1
SIM2
SIM3
SIM4
1
21
22
SIM5
SIM1
SIM2
SIM3
SIM4
1
21
22
SIM5
SIM1
SIM2
SIM3
SIM4
1
21
22
SIM5
SIM1
SIM2
SIM3
SIM4
1
21
22
SIM5
SIM1
SIM2
SIM3
SIM4
1
21
22
SIM5
SIM1
SIM2
SIM3
SIM4
1
21
22
SIM5
SIM1
SIM2
SIM3
SIM4
1
21
22
SIM5
SIM1
SIM2
SIM3
SIM4
1
21
22
SIM5
SIM1
SIM2
SIM3
SIM4
1
21
22
SIM5
SIM1
SIM2
SIM3
SIM4
1
21
22
SIM5
SIM1
SIM2
SIM3
SIM4
1
21
22
SIM5
SIM1
SIM2
SIM3
SIM4
1
21
22
SIM5
SIM1
SIM2
SIM3
SIM4
1
21
22
SIM5
SIM1
SIM2
SIM3
SIM4
1
21
22
SIM5
SIM1
SIM2
SIM3
SIM4
1
21
22
SIM5
SIM1
SIM2
SIM3
SIM4
1
21
22
SIM5
SIM1
SIM2
SIM3
SIM4
1
21
22
SIM5
SIM1
SIM2
SIM3
SIM4
1
21
22
SIM5
SIM1
SIM2
SIM3
SIM4
1
21
22
SIM5
SIM1
SIM2
SIM3
SIM4
1
21
22
SIM5
SIM1
SIM2
SIM3
SIM4
1
21
22
SIM5
SIM1
SIM2
SIM3
SIM4
1
21
22
SIM5
SIM1
SIM2
SIM3
SIM4
1
21
22
SIM5
SIM1
SIM2
SIM3
SIM4
1
21
22
SIM5
SIM1
SIM2
SIM3
SIM4
1
21
22
SIM5
SIM1
SIM2
SIM3
SIM4
1
21
22
SIM5
SIM1
SIM2
SIM3
SIM4
1
21
22
SIM5
SIM1
SIM2
SIM3
SIM4
1
21
22
SIM5
SIM1
SIM2
SIM3
SIM4
1
21
22
SIM5
SIM1
SIM2
SIM3
SIM4
1
21
22
SIM5
SIM1
SIM2
SIM3
SIM4
1
21
22
SIM5
SIM1
SIM2
SIM3
SIM4
1
21
22
SIM5
SIM1
SIM2
SIM3
SIM4
1
21
22
SIM5
SIM1
SIM2
SIM3
SIM4
1
21
22
SIM5
SIM1
SIM2
SIM3
SIM4
1
21
22
SIM5
SIM1
SIM2
SIM3
SIM4
1
21
22
SIM5
SIM1
SIM2
SIM3
SIM4
1
21
22
SIM5
SIM1
SIM2
SIM3
SIM4
1
21
22
SIM5
SIM1
SIM2
SIM3
SIM4
1
21
22
SIM5
SIM1
SIM2
SIM3
SIM4
1
21
22
SIM5
SIM1
SIM2
SIM3
SIM4
1
21
22
SIM5
SIM1
SIM2
SIM3
SIM4
1
21
22
SIM5
SIM1
SIM2
SIM3
SIM4
1
21
22
SIM5
SIM1
SIM2
SIM3
SIM4
1
21
22
SIM5
SIM1
SIM2
SIM3
SIM4
1
21
22
SIM5
SIM1
SIM2
SIM3
SIM4
1
21
22
SIM5
SIM1
SIM2
SIM3
SIM4
1
21
22
SIM5
SIM1
SIM2
SIM3
SIM4
1
21
22
SIM5
SIM1
SIM2
SIM3
SIM4
1
21
22
SIM5
SIM1
SIM2
SIM3
SIM4
1
21
22
SIM5
SIM1
SIM2
SIM3
SIM4
1
21
22
SIM5
SIM1
SIM2
SIM3
SIM4
1
21
22
SIM5
SIM1
SIM2
SIM3
SIM4
1
21
22
SIM5
SIM1
SIM2
SIM3
SIM4
1
21
22
SIM5
SIM1
SIM2
SIM3
SIM4
1
21
22
SIM5
SIM1
SIM2
SIM3
SIM4
1
21
22
SIM5
SIM1
SIM2
SIM3
SIM4
1
21
22
SIM5
SIM1
SIM2
SIM3
SIM4
1
21
22
SIM5
SIM1
SIM2
SIM3
SIM4
1
21
22
SIM5
SIM1
SIM2
SIM3
SIM4
1
21
22
SIM5
SIM1
SIM2
SIM3
SIM4
1
21
22
SIM5
SIM1
SIM2
SIM3
SIM4
1
21
22
SIM5
SIM1
SIM2
SIM3
SIM4
1
21
22
SIM5
SIM1
SIM2
SIM3
SIM4
1
21
22
SIM5
SIM1
SIM2
SIM3
SIM4
1
21
22
SIM5
SIM1
SIM2
SIM3
SIM4
1
21
22
SIM5
SIM1
SIM2
SIM3
SIM4
1
21
22
SIM5
SIM1
SIM2
SIM3
SIM4
1
21
22
SIM5
SIM1
SIM2
SIM3
SIM4
1
21
22
SIM5
SIM1
SIM2
SIM3
SIM4
1
21
22
SIM5
SIM1
SIM2
SIM3
SIM4
1
21
22
SIM5
SIM1
SIM2
SIM3
SIM4
1
21
22
SIM5
SIM1
SIM2
SIM3
SIM4
1
21
22
SIM5
SIM1
SIM2
SIM3
SIM4
1
21
22
SIM5
SIM1
SIM2
SIM3
SIM4
1
21
22
SIM5
SIM1
SIM2
SIM3
SIM4
1
21
22
SIM5
SIM1
SIM2
SIM3
SIM4
1
21
22
SIM5
SIM1
SIM2
SIM3
SIM4
1
21
22
SIM5
SIM1
SIM2
SIM3
SIM4
1
21
22
SIM5
SIM1
SIM2
SIM3
SIM4
1
21
22
SIM5
SIM1
SIM2
SIM3
SIM4
1
21
22
SIM5
SIM1
SIM2
SIM3
SIM4
1
21
22
SIM5
SIM1
SIM2
SIM3
SIM4
1
21
22
SIM5
SIM1
SIM2
SIM3
SIM4
1
21
22
SIM5
SIM1
SIM2
SIM3
SIM4
1
21
22
SIM5
SIM1
SIM2
SIM3
SIM4
1
21
22
SIM5
SIM1
SIM2
SIM3
SIM4
1
21
22
SIM5
SIM1
SIM2
SIM3
SIM4
1
21
22
SIM5
SIM1
SIM2
SIM3
SIM4
1
21
22
SIM5
SIM1
SIM2
SIM3
SIM4
1
21
22
SIM5
SIM1
SIM2
SIM3
SIM4
1
21
22
SIM5
SIM1
SIM2
SIM3
SIM4
1
21
22
SIM5
SIM1
SIM2
SIM3
SIM4
1
21
22
SIM5
SIM1
SIM2
SIM3
SIM4
1
21
22
SIM5
SIM1
SIM2
SIM3
SIM4
1
21
22
SIM5
SIM1
SIM2
SIM3
SIM4
1
21
22
SIM5
SIM1
SIM2
SIM3
SIM4
1
21
22
SIM5
SIM1
SIM2
SIM3
SIM4
1
21
22
SIM5
SIM1
SIM2
SIM3
SIM4
1
21
22
SIM5
SIM1
SIM2
SIM3
SIM4
1
21
22
SIM5
SIM1
SIM2
SIM3
SIM4
1
21
22
SIM5
SIM1
SIM2
SIM3
SIM4
1
21
22
SIM5
SIM1
SIM2
SIM3
SIM4
1
21
22
SIM5
SIM1
SIM2
SIM3
SIM4
1
21
22
SIM5
SIM1
SIM2
SIM3
SIM4
1
21
22
SIM5
SIM1
SIM2
SIM3
SIM4
1
21
22
SIM5
SIM1
SIM2
SIM3
SIM4
1
21
22
SIM5
SIM1
SIM2
SIM3
SIM4
1
21
22
SIM5
SIM1
SIM2
SIM3
SIM4
1
21
22
SIM5
SIM1
SIM2
SIM3
SIM4
1
21
22
SIM5
SIM1
SIM2
SIM3
SIM4
1
21
22
SIM5
SIM1
SIM2
SIM3
SIM4
1
21
22
SIM5
SIM1
SIM2
SIM3
SIM4
1
21
22
SIM5
SIM1
SIM2
SIM3
SIM4
1
21
22
SIM5
SIM1
SIM2
SIM3
SIM4
1
21
22
SIM5
SIM1
SIM2
SIM3
SIM4
1
21
22
SIM5
SIM1
SIM2
SIM3
SIM4
1
21
22
SIM5
SIM1
SIM2
SIM3
SIM4
1
21
22
SIM5
SIM1
SIM2
SIM3
SIM4
1
21
22
SIM5
SIM1
SIM2
SIM3
SIM4
1
21
22
SIM5
SIM1
SIM2
SIM3
SIM4
1
21
22
SIM5
SIM1
SIM2
SIM3
SIM4
1
21
22
SIM5
SIM1
SIM2
SIM3
SIM4
1
21
22
SIM5
SIM1
SIM2
SIM3
SIM4
1
21
22
SIM5
SIM1
SIM2
SIM3
SIM4
1
21
22
SIM5
SIM1
SIM2
SIM3
SIM4
1
21
22
SIM5
SIM1
SIM2
SIM3
SIM4
1
21
22
SIM5
SIM1
SIM2
SIM3
SIM4
1
21
22
SIM5
SIM1
SIM2
SIM3
SIM4
1
21
22
SIM5
SIM1
SIM2
SIM3
SIM4
1
21
22
SIM5
SIM1
SIM2
SIM3
SIM4
1
21
22
SIM5
SIM1
SIM2
SIM3
SIM4
1
21
22
SIM5
SIM1
SIM2
SIM3
SIM4
1
21
22
SIM5
SIM1
SIM2
SIM3
SIM4
1
21
22
SIM5
SIM1
SIM2
SIM3
SIM4
1
21
22
SIM5
SIM1
SIM2
SIM3
SIM4
1
21
22
SIM5
SIM1
SIM2
SIM3
SIM4
1
21
22
SIM5
SIM1
SIM2
SIM3
SIM4
1
21
22
SIM5
SIM1
SIM2
SIM3
SIM4
1
21
22
SIM5
SIM1
SIM2
SIM3
SIM4
1
21
22
SIM5
SIM1
SIM2
SIM3
SIM4
1
21
22
SIM5
SIM1
SIM2
SIM3
SIM4
1
21
22
SIM5
SIM1
SIM2
SIM3
SIM4
1
21
22
SIM5
SIM1
SIM2
SIM3
SIM4
1
21
22
SIM5
SIM1
SIM2
SIM3
SIM4
1
21
22
SIM5
SIM1
SIM2
SIM3
SIM4
1
21
22
SIM5
SIM1
SIM2
SIM3
SIM4
1
21
22
SIM5
SIM1
SIM2
SIM3
SIM4
1
21
22
SIM5
SIM1
SIM2
SIM3
SIM4
1
21
22
SIM5
SIM1
SIM2
SIM3
SIM4
1
21
22
SIM5
SIM1
SIM2
SIM3
SIM4
1
21
22
SIM5
SIM1
SIM2
SIM3
SIM4
1
21
22
SIM5
SIM1
SIM2
SIM3
SIM4
1
21
22
SIM5
SIM1
SIM2
SIM3
SIM4
1
21
22
SIM5
SIM1
SIM2
SIM3
SIM4
1
21
22
SIM5
SIM1
SIM2
SIM3
SIM4
1
21
22
SIM5
SIM1
SIM2
SIM3
SIM4
1
21
22
SIM5
SIM1
SIM2
SIM3
SIM4
1
21
22
SIM5
SIM1
SIM2
SIM3
SIM4
1
21
22
SIM5
SIM1
SIM2
SIM3
SIM4
1
21
22
SIM5
SIM1
SIM2
SIM3
SIM4
1
21
22
SIM5
SIM1
SIM2
SIM3
SIM4
1
21
22
SIM5
SIM1
SIM2
SIM3
SIM4
1
21
22
SIM5
SIM1
SIM2
SIM3
SIM4
1
21
22
SIM5
SIM1
SIM2
SIM3
SIM4
1
21
22
SIM5
SIM1
SIM2
SIM3
SIM4
1
21
22
SIM5
SIM1
SIM2
SIM3
SIM4
1
21
22
SIM5
SIM1
SIM2
SIM3
SIM4
1
21
22
SIM5
SIM1
SIM2
SIM3
SIM4
1
21
22
SIM5
SIM1
SIM2
SIM3
SIM4
1
21
22
SIM5
SIM1
SIM2
SIM3
SIM4
1
21
22
SIM5
SIM1
SIM2
SIM3
SIM4
1
21
22
SIM5
SIM1
SIM2
SIM3
SIM4
1
21
22
SIM5
SIM1
SIM2
SIM3
SIM4
1
21
22
SIM5
SIM1
SIM2
SIM3
SIM4
1
21
22
SIM5
SIM1
SIM2
SIM3
SIM4
1
21
22
SIM5
SIM1
SIM2
DEBUG 1 729
SIM1
SIM2
SIM3
SIM4
1
21
22
SIM5
SIM1
SIM2
SIM3
SIM4
1
21
22
SIM5
SIM1
SIM2
SIM3
SIM4
1
21
22
SIM5
SIM1
SIM2
SIM3
SIM4
1
21
22
SIM5
SIM1
SIM2
SIM3
SIM4
1
21
22
SIM5
SIM1
SIM2
SIM3
SIM4
1
21
22
SIM5
SIM1
SIM2
SIM3
SIM4
1
21
22
SIM5
SIM1
SIM2
SIM3
SIM4
1
21
22
SIM5
SIM1
SIM2
SIM3
SIM4
1
21
22
SIM5
SIM1
SIM2
SIM3
SIM4
1
21
22
SIM5
SIM1
SIM2
SIM3
SIM4
1
21
22
SIM5
SIM1
SIM2
SIM3
SIM4
1
21
22
SIM5
SIM1
SIM2
SIM3
SIM4
1
21
22
SIM5
SIM1
SIM2
SIM3
SIM4
1
21
22
SIM5
SIM1
SIM2
SIM3
SIM4
1
21
22
SIM5
SIM1
SIM2
SIM3
SIM4
1
21
22
SIM5
SIM1
SIM2
SIM3
SIM4
1
21
22
SIM5
SIM1
SIM2
SIM3
SIM4
1
21
22
SIM5
SIM1
SIM2
SIM3
SIM4
1
21
22
SIM5
SIM1
SIM2
SIM3
SIM4
1
21
22
SIM5
SIM1
SIM2
SIM3
SIM4
1
21
22
SIM5
SIM1
SIM2
SIM3
SIM4
1
21
22
SIM5
SIM1
SIM2
SIM3
SIM4
1
21
22
SIM5
SIM1
SIM2
SIM3
SIM4
1
21
22
SIM5
SIM1
SIM2
SIM3
SIM4
1
21
22
SIM5
SIM1
SIM2
SIM3
SIM4
1
21
22
SIM5
SIM1
SIM2
SIM3
SIM4
1
21
22
SIM5
SIM1
SIM2
SIM3
SIM4
1
21
22
SIM5
SIM1
SIM2
SIM3
SIM4
1
21
22
SIM5
SIM1
SIM2
SIM3
SIM4
1
21
22
SIM5
SIM1
SIM2
SIM3
SIM4
1
21
22
SIM5
SIM1
SIM2
SIM3
SIM4
1
21
22
SIM5
SIM1
SIM2
SIM3
SIM4
1
21
22
SIM5
SIM1
SIM2
SIM3
SIM4
1
21
22
SIM5
SIM1
SIM2
SIM3
SIM4
1
21
22
SIM5
SIM1
SIM2
SIM3
SIM4
1
21
22
SIM5
SIM1
SIM2
SIM3
SIM4
1
21
22
SIM5
SIM1
SIM2
SIM3
SIM4
1
21
22
SIM5
SIM1
SIM2
SIM3
SIM4
1
21
22
SIM5
SIM1
SIM2
SIM3
SIM4
1
21
22
SIM5
SIM1
SIM2
SIM3
SIM4
1
21
22
SIM5
SIM1
SIM2
SIM3
SIM4
1
21
22
SIM5
SIM1
SIM2
SIM3
SIM4
1
21
22
SIM5
SIM1
SIM2
SIM3
SIM4
1
21
22
SIM5
SIM1
SIM2
SIM3
SIM4
1
21
22
SIM5
SIM1
SIM2
SIM3
SIM4
1
21
22
SIM5
SIM1
SIM2
SIM3
SIM4
1
21
22
SIM5
SIM1
SIM2
SIM3
SIM4
1
21
22
SIM5
SIM1
SIM2
SIM3
SIM4
1
21
22
SIM5
SIM1
SIM2
SIM3
SIM4
1
21
22
SIM5
SIM1
SIM2
SIM3
SIM4
1
21
22
SIM5
SIM1
SIM2
SIM3
SIM4
1
21
22
SIM5
SIM1
SIM2
SIM3
SIM4
1
21
22
SIM5
SIM1
SIM2
SIM3
SIM4
1
21
22
SIM5
SIM1
SIM2
SIM3
SIM4
1
21
22
SIM5
SIM1
SIM2
SIM3
SIM4
1
21
22
SIM5
SIM1
SIM2
SIM3
SIM4
1
21
22
SIM5
SIM1
SIM2
SIM3
SIM4
1
21
22
SIM5
SIM1
SIM2
SIM3
SIM4
1
21
22
SIM5
SIM1
SIM2
SIM3
SIM4
1
21
22
SIM5
SIM1
SIM2
SIM3
SIM4
1
21
22
SIM5
SIM1
SIM2
SIM3
SIM4
1
21
22
SIM5
SIM1
SIM2
SIM3
SIM4
1
21
22
SIM5
SIM1
SIM2
SIM3
SIM4
1
21
22
SIM5
SIM1
SIM2
SIM3
SIM4
1
21
22
SIM5
SIM1
SIM2
SIM3
SIM4
1
21
22
SIM5
SIM1
SIM2
SIM3
SIM4
1
21
22
SIM5
SIM1
SIM2
SIM3
SIM4
1
21
22
SIM5
SIM1
SIM2
SIM3
SIM4
1
21
22
SIM5
SIM1
SIM2
SIM3
SIM4
1
21
22
SIM5
SIM1
SIM2
SIM3
SIM4
1
21
22
SIM5
SIM1
SIM2
SIM3
SIM4
1
21
22
SIM5
SIM1
SIM2
SIM3
SIM4
1
21
22
SIM5
SIM1
SIM2
SIM3
SIM4
1
21
22
SIM5
SIM1
SIM2
SIM3
SIM4
1
21
22
SIM5
SIM1
SIM2
SIM3
SIM4
1
21
22
SIM5
SIM1
SIM2
SIM3
SIM4
1
21
22
SIM5
SIM1
SIM2
SIM3
SIM4
1
21
22
SIM5
SIM1
SIM2
SIM3
SIM4
1
21
22
SIM5
SIM1
SIM2
SIM3
SIM4
1
21
22
SIM5
SIM1
SIM2
SIM3
SIM4
1
21
22
SIM5
SIM1
SIM2
SIM3
SIM4
1
21
22
SIM5
SIM1
SIM2
SIM3
SIM4
1
21
22
SIM5
SIM1
SIM2
SIM3
SIM4
1
21
22
SIM5
SIM1
SIM2
SIM3
SIM4
1
21
22
SIM5
SIM1
SIM2
SIM3
SIM4
1
21
22
SIM5
SIM1
SIM2
SIM3
SIM4
1
21
22
SIM5
SIM1
SIM2
SIM3
SIM4
1
21
22
SIM5
SIM1
SIM2
SIM3
SIM4
1
21
22
SIM5
SIM1
SIM2
SIM3
SIM4
1
21
22
SIM5
SIM1
SIM2
SIM3
SIM4
1
21
22
SIM5
SIM1
SIM2
SIM3
SIM4
1
21
22
SIM5
SIM1
SIM2
SIM3
SIM4
1
21
22
SIM5
SIM1
SIM2
SIM3
SIM4
1
21
22
SIM5
SIM1
SIM2
SIM3
SIM4
1
21
22
SIM5
SIM1
SIM2
SIM3
SIM4
1
21
22
SIM5
SIM1
SIM2
SIM3
SIM4
1
21
22
SIM5
SIM1
SIM2
SIM3
SIM4
1
21
22
SIM5
SIM1
SIM2
SIM3
SIM4
1
21
22
SIM5
SIM1
SIM2
SIM3
SIM4
1
21
22
SIM5
SIM1
SIM2
SIM3
SIM4
1
21
22
SIM5
SIM1
SIM2
SIM3
SIM4
1
21
22
SIM5
SIM1
SIM2
SIM3
SIM4
1
21
22
SIM5
SIM1
SIM2
SIM3
SIM4
1
21
22
SIM5
SIM1
SIM2
SIM3
SIM4
1
21
22
SIM5
SIM1
SIM2
SIM3
SIM4
1
21
22
SIM5
SIM1
SIM2
SIM3
SIM4
1
21
22
SIM5
SIM1
SIM2
SIM3
SIM4
1
21
22
SIM5
SIM1
SIM2
SIM3
SIM4
1
21
22
SIM5
SIM1
SIM2
SIM3
SIM4
1
21
22
SIM5
SIM1
SIM2
SIM3
SIM4
1
21
22
SIM5
SIM1
SIM2
SIM3
SIM4
1
21
22
SIM5
SIM1
SIM2
SIM3
SIM4
1
21
22
SIM5
SIM1
SIM2
SIM3
SIM4
1
21
22
SIM5
SIM1
SIM2
SIM3
SIM4
1
21
22
SIM5
SIM1
SIM2
SIM3
SIM4
1
21
22
SIM5
SIM1
SIM2
SIM3
SIM4
1
21
22
SIM5
SIM1
SIM2
SIM3
SIM4
1
21
22
SIM5
SIM1
SIM2
SIM3
SIM4
1
21
22
SIM5
SIM1
SIM2
SIM3
SIM4
1
21
22
SIM5
SIM1
SIM2
SIM3
SIM4
1
21
22
SIM5
SIM1
SIM2
SIM3
SIM4
1
21
22
SIM5
SIM1
SIM2
SIM3
SIM4
1
21
22
SIM5
SIM1
SIM2
SIM3
SIM4
1
21
22
SIM5
SIM1
SIM2
SIM3
SIM4
1
21
22
SIM5
SIM1
SIM2
SIM3
SIM4
1
21
22
SIM5
SIM1
SIM2
SIM3
SIM4
1
21
22
SIM5
SIM1
SIM2
SIM3
SIM4
1
21
22
SIM5
SIM1
SIM2
SIM3
SIM4
1
21
22
SIM5
SIM1
SIM2
SIM3
SIM4
1
21
22
SIM5
SIM1
SIM2
SIM3
SIM4
1
21
22
SIM5
SIM1
SIM2
SIM3
SIM4
1
21
22
SIM5
SIM1
SIM2
SIM3
SIM4
1
21
22
SIM5
SIM1
SIM2
SIM3
SIM4
1
21
22
SIM5
SIM1
SIM2
SIM3
SIM4
1
21
22
SIM5
SIM1
SIM2
SIM3
SIM4
1
21
22
SIM5
SIM1
SIM2
SIM3
SIM4
1
21
22
SIM5
SIM1
SIM2
SIM3
SIM4
1
21
22
SIM5
SIM1
SIM2
SIM3
SIM4
1
21
22
SIM5
SIM1
SIM2
SIM3
SIM4
1
21
22
SIM5
SIM1
SIM2
SIM3
SIM4
1
21
22
SIM5
SIM1
SIM2
SIM3
SIM4
1
21
22
SIM5
SIM1
SIM2
SIM3
SIM4
1
21
22
SIM5
SIM1
SIM2
SIM3
SIM4
1
21
22
SIM5
SIM1
SIM2
SIM3
SIM4
1
21
22
SIM5
SIM1
SIM2
SIM3
SIM4
1
21
22
SIM5
SIM1
SIM2
SIM3
SIM4
1
21
22
SIM5
SIM1
SIM2
SIM3
SIM4
1
21
22
SIM5
SIM1
SIM2
SIM3
SIM4
1
21
22
SIM5
SIM1
SIM2
SIM3
SIM4
1
21
22
SIM5
SIM1
SIM2
SIM3
SIM4
1
21
22
SIM5
SIM1
SIM2
SIM3
SIM4
1
21
22
SIM5
SIM1
SIM2
SIM3
SIM4
1
21
22
SIM5
SIM1
SIM2
SIM3
SIM4
1
21
22
SIM5
SIM1
SIM2
SIM3
SIM4
1
21
22
SIM5
SIM1
SIM2
SIM3
SIM4
1
21
22
SIM5
SIM1
SIM2
SIM3
SIM4
1
21
22
SIM5
SIM1
SIM2
DEBUG 1 730
SIM1
SIM2
SIM3
SIM4
1
21
22
SIM5
SIM1
SIM2
SIM3
SIM4
1
21
22
SIM5
SIM1
SIM2
SIM3
SIM4
1
21
22
SIM5
SIM1
SIM2
SIM3
SIM4
1
21
22
SIM5
SIM1
SIM2
SIM3
SIM4
1
21
22
SIM5
SIM1
SIM2
SIM3
SIM4
1
21
22
SIM5
SIM1
SIM2
SIM3
SIM4
1
21
22
SIM5
SIM1
SIM2
SIM3
SIM4
1
21
22
SIM5
SIM1
SIM2
SIM3
SIM4
1
21
22
SIM5
SIM1
SIM2
SIM3
SIM4
1
21
22
SIM5
SIM1
SIM2
SIM3
SIM4
1
21
22
SIM5
SIM1
SIM2
SIM3
SIM4
1
21
22
SIM5
SIM1
SIM2
SIM3
SIM4
1
21
22
SIM5
SIM1
SIM2
SIM3
SIM4
1
21
22
SIM5
SIM1
SIM2
SIM3
SIM4
1
21
22
SIM5
SIM1
SIM2
SIM3
SIM4
1
21
22
SIM5
SIM1
SIM2
SIM3
SIM4
1
21
22
SIM5
SIM1
SIM2
SIM3
SIM4
1
21
22
SIM5
SIM1
SIM2
SIM3
SIM4
1
21
22
SIM5
SIM1
SIM2
SIM3
SIM4
1
21
22
SIM5
SIM1
SIM2
SIM3
SIM4
1
21
22
SIM5
SIM1
SIM2
SIM3
SIM4
1
21
22
SIM5
SIM1
SIM2
SIM3
SIM4
1
21
22
SIM5
SIM1
SIM2
SIM3
SIM4
1
21
22
SIM5
SIM1
SIM2
SIM3
SIM4
1
21
22
SIM5
SIM1
SIM2
SIM3
SIM4
1
21
22
SIM5
SIM1
SIM2
SIM3
SIM4
1
21
22
SIM5
SIM1
SIM2
SIM3
SIM4
1
21
22
SIM5
SIM1
SIM2
SIM3
SIM4
1
21
22
SIM5
SIM1
SIM2
SIM3
SIM4
1
21
22
SIM5
SIM1
SIM2
SIM3
SIM4
1
21
22
SIM5
SIM1
SIM2
SIM3
SIM4
1
21
22
SIM5
SIM1
SIM2
SIM3
SIM4
1
21
22
SIM5
SIM1
SIM2
SIM3
SIM4
1
21
22
SIM5
SIM1
SIM2
SIM3
SIM4
1
21
22
SIM5
SIM1
SIM2
SIM3
SIM4
1
21
22
SIM5
SIM1
SIM2
SIM3
SIM4
1
21
22
SIM5
SIM1
SIM2
SIM3
SIM4
1
21
22
SIM5
SIM1
SIM2
SIM3
SIM4
1
21
22
SIM5
SIM1
SIM2
SIM3
SIM4
1
21
22
SIM5
SIM1
SIM2
SIM3
SIM4
1
21
22
SIM5
SIM1
SIM2
SIM3
SIM4
1
21
22
SIM5
SIM1
SIM2
SIM3
SIM4
1
21
22
SIM5
SIM1
SIM2
SIM3
SIM4
1
21
22
SIM5
SIM1
SIM2
SIM3
SIM4
1
21
22
SIM5
SIM1
SIM2
SIM3
SIM4
1
21
22
SIM5
SIM1
SIM2
SIM3
SIM4
1
21
22
SIM5
SIM1
SIM2
SIM3
SIM4
1
21
22
SIM5
SIM1
SIM2
SIM3
SIM4
1
21
22
SIM5
SIM1
SIM2
SIM3
SIM4
1
21
22
SIM5
SIM1
SIM2
SIM3
SIM4
1
21
22
SIM5
SIM1
SIM2
SIM3
SIM4
1
21
22
SIM5
SIM1
SIM2
SIM3
SIM4
1
21
22
SIM5
SIM1
SIM2
SIM3
SIM4
1
21
22
SIM5
SIM1
SIM2
SIM3
SIM4
1
21
22
SIM5
SIM1
SIM2
SIM3
SIM4
1
21
22
SIM5
SIM1
SIM2
SIM3
SIM4
1
21
22
SIM5
SIM1
SIM2
SIM3
SIM4
1
21
22
SIM5
SIM1
SIM2
SIM3
SIM4
1
21
22
SIM5
SIM1
SIM2
SIM3
SIM4
1
21
22
SIM5
SIM1
SIM2
SIM3
SIM4
1
21
22
SIM5
SIM1
SIM2
SIM3
SIM4
1
21
22
SIM5
SIM1
SIM2
SIM3
SIM4
1
21
22
SIM5
SIM1
SIM2
SIM3
SIM4
1
21
22
SIM5
SIM1
SIM2
SIM3
SIM4
1
21
22
SIM5
SIM1
SIM2
SIM3
SIM4
1
21
22
SIM5
SIM1
SIM2
SIM3
SIM4
1
21
22
SIM5
SIM1
SIM2
SIM3
SIM4
1
21
22
SIM5
SIM1
SIM2
SIM3
SIM4
1
21
22
SIM5
SIM1
SIM2
SIM3
SIM4
1
21
22
SIM5
SIM1
SIM2
SIM3
SIM4
1
21
22
SIM5
SIM1
SIM2
SIM3
SIM4
1
21
22
SIM5
SIM1
SIM2
SIM3
SIM4
1
21
22
SIM5
SIM1
SIM2
SIM3
SIM4
1
21
22
SIM5
SIM1
SIM2
SIM3
SIM4
1
21
22
SIM5
SIM1
SIM2
SIM3
SIM4
1
21
22
SIM5
SIM1
SIM2
SIM3
SIM4
1
21
22
SIM5
SIM1
SIM2
SIM3
SIM4
1
21
22
SIM5
SIM1
SIM2
SIM3
SIM4
1
21
22
SIM5
SIM1
SIM2
SIM3
SIM4
1
21
22
SIM5
SIM1
SIM2
SIM3
SIM4
1
21
22
SIM5
SIM1
SIM2
SIM3
SIM4
1
21
22
SIM5
SIM1
SIM2
SIM3
SIM4
1
21
22
SIM5
SIM1
SIM2
SIM3
SIM4
1
21
22
SIM5
SIM1
SIM2
SIM3
SIM4
1
21
22
SIM5
SIM1
SIM2
SIM3
SIM4
1
21
22
SIM5
SIM1
SIM2
SIM3
SIM4
1
21
22
SIM5
SIM1
SIM2
SIM3
SIM4
1
21
22
SIM5
SIM1
SIM2
SIM3
SIM4
1
21
22
SIM5
SIM1
SIM2
SIM3
SIM4
1
21
22
SIM5
SIM1
SIM2
SIM3
SIM4
1
21
22
SIM5
SIM1
SIM2
SIM3
SIM4
1
21
22
SIM5
SIM1
SIM2
SIM3
SIM4
1
21
22
SIM5
SIM1
SIM2
SIM3
SIM4
1
21
22
SIM5
SIM1
SIM2
SIM3
SIM4
1
21
22
SIM5
SIM1
SIM2
SIM3
SIM4
1
21
22
SIM5
SIM1
SIM2
SIM3
SIM4
1
21
22
SIM5
SIM1
SIM2
SIM3
SIM4
1
21
22
SIM5
SIM1
SIM2
SIM3
SIM4
1
21
22
SIM5
SIM1
SIM2
SIM3
SIM4
1
21
22
SIM5
SIM1
SIM2
SIM3
SIM4
1
21
22
SIM5
SIM1
SIM2
SIM3
SIM4
1
21
22
SIM5
SIM1
SIM2
SIM3
SIM4
1
21
22
SIM5
SIM1
SIM2
SIM3
SIM4
1
21
22
SIM5
SIM1
SIM2
SIM3
SIM4
1
21
22
SIM5
SIM1
SIM2
SIM3
SIM4
1
21
22
SIM5
SIM1
SIM2
SIM3
SIM4
1
21
22
SIM5
SIM1
SIM2
SIM3
SIM4
1
21
22
SIM5
SIM1
SIM2
SIM3
SIM4
1
21
22
SIM5
SIM1
SIM2
SIM3
SIM4
1
21
22
SIM5
SIM1
SIM2
SIM3
SIM4
1
21
22
SIM5
SIM1
SIM2
SIM3
SIM4
1
21
22
SIM5
SIM1
SIM2
SIM3
SIM4
1
21
22
SIM5
SIM1
SIM2
SIM3
SIM4
1
21
22
SIM5
SIM1
SIM2
SIM3
SIM4
1
21
22
SIM5
SIM1
SIM2
SIM3
SIM4
1
21
22
SIM5
SIM1
SIM2
SIM3
SIM4
1
21
22
SIM5
SIM1
SIM2
SIM3
SIM4
1
21
22
SIM5
SIM1
SIM2
SIM3
SIM4
1
21
22
SIM5
SIM1
SIM2
SIM3
SIM4
1
21
22
SIM5
SIM1
SIM2
SIM3
SIM4
1
21
22
SIM5
SIM1
SIM2
SIM3
SIM4
1
21
22
SIM5
SIM1
SIM2
SIM3
SIM4
1
21
22
SIM5
SIM1
SIM2
SIM3
SIM4
1
21
22
SIM5
SIM1
SIM2
SIM3
SIM4
1
21
22
SIM5
SIM1
SIM2
SIM3
SIM4
1
21
22
SIM5
SIM1
SIM2
SIM3
SIM4
1
21
22
SIM5
SIM1
SIM2
SIM3
SIM4
1
21
22
SIM5
SIM1
SIM2
SIM3
SIM4
1
21
22
SIM5
SIM1
SIM2
SIM3
SIM4
1
21
22
SIM5
SIM1
SIM2
SIM3
SIM4
1
21
22
SIM5
SIM1
SIM2
SIM3
SIM4
1
21
22
SIM5
SIM1
SIM2
SIM3
SIM4
1
21
22
SIM5
SIM1
SIM2
SIM3
SIM4
1
21
22
SIM5
SIM1
SIM2
SIM3
SIM4
1
21
22
SIM5
SIM1
SIM2
SIM3
SIM4
1
21
22
SIM5
SIM1
SIM2
SIM3
SIM4
1
21
22
SIM5
SIM1
SIM2
SIM3
SIM4
1
21
22
SIM5
SIM1
SIM2
SIM3
SIM4
1
21
22
SIM5
SIM1
SIM2
SIM3
SIM4
1
21
22
SIM5
SIM1
SIM2
SIM3
SIM4
1
21
22
SIM5
SIM1
SIM2
SIM3
SIM4
1
21
22
SIM5
SIM1
SIM2
SIM3
SIM4
1
21
22
SIM5
SIM1
SIM2
SIM3
SIM4
1
21
22
SIM5
SIM1
SIM2
SIM3
SIM4
1
21
22
SIM5
SIM1
SIM2
SIM3
SIM4
1
21
22
SIM5
SIM1
SIM2
SIM3
SIM4
1
21
22
SIM5
SIM1
SIM2
SIM3
SIM4
1
21
22
SIM5
SIM1
SIM2
SIM3
SIM4
1
21
22
SIM5
SIM1
SIM2
SIM3
SIM4
1
21
22
SIM5
SIM1
SIM2
SIM3
SIM4
1
21
22
SIM5
SIM1
SIM2
SIM3
SIM4
1
21
22
SIM5
SIM1
SIM2
SIM3
SIM4
1
21
22
SIM5
SIM1
SIM2
SIM3
SIM4
1
21
22
SIM5
SIM1
SIM2
SIM3
SIM4
1
21
22
SIM5
SIM1
SIM2
SIM3
SIM4
1
21
22
SIM5
SIM1
SIM2
SIM3
SIM4
1
21
22
SIM5
SIM1
SIM2
SIM3
SIM4
1
21
22
SIM5
SIM1
SIM2
SIM3
SIM4
1
21
22
SIM5
SIM1
SIM2
SIM3
SIM4
1
21
22
SIM5
SIM1
SIM2
SIM3
SIM4
1
21
22
SIM5
SIM1
SIM2
SIM3
SIM4
1
21
22
SIM5
SIM1
SIM2
SIM3
SIM4
1
21
22
SIM5
SIM1
SIM2
SIM3
SIM4
1
21
22
SIM5
SIM1
SIM2
SIM3
SIM4
1
21
22
SIM5
SIM1
SIM2
SIM3
SIM4
1
21
22
SIM5
SIM1
SIM2
SIM3
SIM4
1
21
22
SIM5
SIM1
SIM2
SIM3
SIM4
1
21
22
SIM5
SIM1
SIM2
SIM3
SIM4
1
21
22
SIM5
SIM1
SIM2
SIM3
SIM4
1
21
22
SIM5
SIM1
SIM2
SIM3
SIM4
1
21
22
SIM5
SIM1
SIM2
SIM3
SIM4
1
21
22
SIM5
SIM1
SIM2
SIM3
SIM4
1
21
22
SIM5
SIM1
SIM2
SIM3
SIM4
1
21
22
SIM5
SIM1
SIM2
SIM3
SIM4
1
21
22
SIM5
SIM1
SIM2
SIM3
SIM4
1
21
22
SIM5
SIM1
SIM2
SIM3
SIM4
1
21
22
SIM5
SIM1
SIM2
SIM3
SIM4
1
21
22
SIM5
SIM1
SIM2
SIM3
SIM4
1
21
22
SIM5
SIM1
SIM2
SIM3
SIM4
1
21
22
SIM5
SIM1
SIM2
SIM3
SIM4
1
21
22
SIM5
SIM1
SIM2
SIM3
SIM4
1
21
22
SIM5
SIM1
SIM2
SIM3
SIM4
1
21
22
SIM5
SIM1
SIM2
SIM3
SIM4
1
21
22
SIM5
SIM1
SIM2
DEBUG 1 731
SIM1
SIM2
SIM3
SIM4
1
21
22
SIM5
SIM1
SIM2
SIM3
SIM4
1
21
22
SIM5
SIM1
SIM2
SIM3
SIM4
1
21
22
SIM5
SIM1
SIM2
SIM3
SIM4
1
21
22
SIM5
SIM1
SIM2
SIM3
SIM4
1
21
22
SIM5
SIM1
SIM2
SIM3
SIM4
1
21
22
SIM5
SIM1
SIM2
SIM3
SIM4
1
21
22
SIM5
SIM1
SIM2
SIM3
SIM4
1
21
22
SIM5
SIM1
SIM2
SIM3
SIM4
1
21
22
SIM5
SIM1
SIM2
SIM3
SIM4
1
21
22
SIM5
SIM1
SIM2
SIM3
SIM4
1
21
22
SIM5
SIM1
SIM2
SIM3
SIM4
1
21
22
SIM5
SIM1
SIM2
SIM3
SIM4
1
21
22
SIM5
SIM1
SIM2
SIM3
SIM4
1
21
22
SIM5
SIM1
SIM2
SIM3
SIM4
1
21
22
SIM5
SIM1
SIM2
SIM3
SIM4
1
21
22
SIM5
SIM1
SIM2
SIM3
SIM4
1
21
22
SIM5
SIM1
SIM2
SIM3
SIM4
1
21
22
SIM5
SIM1
SIM2
SIM3
SIM4
1
21
22
SIM5
SIM1
SIM2
SIM3
SIM4
1
21
22
SIM5
SIM1
SIM2
SIM3
SIM4
1
21
22
SIM5
SIM1
SIM2
SIM3
SIM4
1
21
22
SIM5
SIM1
SIM2
SIM3
SIM4
1
21
22
SIM5
SIM1
SIM2
SIM3
SIM4
1
21
22
SIM5
SIM1
SIM2
SIM3
SIM4
1
21
22
SIM5
SIM1
SIM2
SIM3
SIM4
1
21
22
SIM5
SIM1
SIM2
SIM3
SIM4
1
21
22
SIM5
SIM1
SIM2
SIM3
SIM4
1
21
22
SIM5
SIM1
SIM2
SIM3
SIM4
1
21
22
SIM5
SIM1
SIM2
SIM3
SIM4
1
21
22
SIM5
SIM1
SIM2
SIM3
SIM4
1
21
22
SIM5
SIM1
SIM2
SIM3
SIM4
1
21
22
SIM5
SIM1
SIM2
SIM3
SIM4
1
21
22
SIM5
SIM1
SIM2
SIM3
SIM4
1
21
22
SIM5
SIM1
SIM2
SIM3
SIM4
1
21
22
SIM5
SIM1
SIM2
SIM3
SIM4
1
21
22
SIM5
SIM1
SIM2
SIM3
SIM4
1
21
22
SIM5
SIM1
SIM2
SIM3
SIM4
1
21
22
SIM5
SIM1
SIM2
SIM3
SIM4
1
21
22
SIM5
SIM1
SIM2
SIM3
SIM4
1
21
22
SIM5
SIM1
SIM2
SIM3
SIM4
1
21
22
SIM5
SIM1
SIM2
SIM3
SIM4
1
21
22
SIM5
SIM1
SIM2
SIM3
SIM4
1
21
22
SIM5
SIM1
SIM2
SIM3
SIM4
1
21
22
SIM5
SIM1
SIM2
SIM3
SIM4
1
21
22
SIM5
SIM1
SIM2
SIM3
SIM4
1
21
22
SIM5
SIM1
SIM2
SIM3
SIM4
1
21
22
SIM5
SIM1
SIM2
SIM3
SIM4
1
21
22
SIM5
SIM1
SIM2
SIM3
SIM4
1
21
22
SIM5
SIM1
SIM2
SIM3
SIM4
1
21
22
SIM5
SIM1
SIM2
SIM3
SIM4
1
21
22
SIM5
SIM1
SIM2
SIM3
SIM4
1
21
22
SIM5
SIM1
SIM2
SIM3
SIM4
1
21
22
SIM5
SIM1
SIM2
SIM3
SIM4
1
21
22
SIM5
SIM1
SIM2
SIM3
SIM4
1
21
22
SIM5
SIM1
SIM2
SIM3
SIM4
1
21
22
SIM5
SIM1
SIM2
SIM3
SIM4
1
21
22
SIM5
SIM1
SIM2
SIM3
SIM4
1
21
22
SIM5
SIM1
SIM2
SIM3
SIM4
1
21
22
SIM5
SIM1
SIM2
SIM3
SIM4
1
21
22
SIM5
SIM1
SIM2
SIM3
SIM4
1
21
22
SIM5
SIM1
SIM2
SIM3
SIM4
1
21
22
SIM5
SIM1
SIM2
SIM3
SIM4
1
21
22
SIM5
SIM1
SIM2
SIM3
SIM4
1
21
22
SIM5
SIM1
SIM2
SIM3
SIM4
1
21
22
SIM5
SIM1
SIM2
SIM3
SIM4
1
21
22
SIM5
SIM1
SIM2
SIM3
SIM4
1
21
22
SIM5
SIM1
SIM2
SIM3
SIM4
1
21
22
SIM5
SIM1
SIM2
SIM3
SIM4
1
21
22
SIM5
SIM1
SIM2
SIM3
SIM4
1
21
22
SIM5
SIM1
SIM2
SIM3
SIM4
1
21
22
SIM5
SIM1
SIM2
SIM3
SIM4
1
21
22
SIM5
SIM1
SIM2
SIM3
SIM4
1
21
22
SIM5
SIM1
SIM2
SIM3
SIM4
1
21
22
SIM5
SIM1
SIM2
SIM3
SIM4
1
21
22
SIM5
SIM1
SIM2
SIM3
SIM4
1
21
22
SIM5
SIM1
SIM2
SIM3
SIM4
1
21
22
SIM5
SIM1
SIM2
SIM3
SIM4
1
21
22
SIM5
SIM1
SIM2
SIM3
SIM4
1
21
22
SIM5
SIM1
SIM2
SIM3
SIM4
1
21
22
SIM5
SIM1
SIM2
SIM3
SIM4
1
21
22
SIM5
SIM1
SIM2
SIM3
SIM4
1
21
22
SIM5
SIM1
SIM2
SIM3
SIM4
1
21
22
SIM5
SIM1
SIM2
SIM3
SIM4
1
21
22
SIM5
SIM1
SIM2
SIM3
SIM4
1
21
22
SIM5
SIM1
SIM2
SIM3
SIM4
1
21
22
SIM5
SIM1
SIM2
SIM3
SIM4
1
21
22
SIM5
SIM1
SIM2
SIM3
SIM4
1
21
22
SIM5
SIM1
SIM2
SIM3
SIM4
1
21
22
SIM5
SIM1
SIM2
SIM3
SIM4
1
21
22
SIM5
SIM1
SIM2
SIM3
SIM4
1
21
22
SIM5
SIM1
SIM2
SIM3
SIM4
1
21
22
SIM5
SIM1
SIM2
SIM3
SIM4
1
21
22
SIM5
SIM1
SIM2
SIM3
SIM4
1
21
22
SIM5
SIM1
SIM2
SIM3
SIM4
1
21
22
SIM5
SIM1
SIM2
SIM3
SIM4
1
21
22
SIM5
SIM1
SIM2
SIM3
SIM4
1
21
22
SIM5
SIM1
SIM2
SIM3
SIM4
1
21
22
SIM5
SIM1
SIM2
SIM3
SIM4
1
21
22
SIM5
SIM1
SIM2
SIM3
SIM4
1
21
22
SIM5
SIM1
SIM2
SIM3
SIM4
1
21
22
SIM5
SIM1
SIM2
SIM3
SIM4
1
21
22
SIM5
SIM1
SIM2
SIM3
SIM4
1
21
22
SIM5
SIM1
SIM2
SIM3
SIM4
1
21
22
SIM5
SIM1
SIM2
SIM3
SIM4
1
21
22
SIM5
SIM1
SIM2
SIM3
SIM4
1
21
22
SIM5
SIM1
SIM2
SIM3
SIM4
1
21
22
SIM5
SIM1
SIM2
SIM3
SIM4
1
21
22
SIM5
SIM1
SIM2
SIM3
SIM4
1
21
22
SIM5
SIM1
SIM2
SIM3
SIM4
1
21
22
SIM5
SIM1
SIM2
SIM3
SIM4
1
21
22
SIM5
SIM1
SIM2
SIM3
SIM4
1
21
22
SIM5
SIM1
SIM2
SIM3
SIM4
1
21
22
SIM5
SIM1
SIM2
SIM3
SIM4
1
21
22
SIM5
SIM1
SIM2
SIM3
SIM4
1
21
22
SIM5
SIM1
SIM2
SIM3
SIM4
1
21
22
SIM5
SIM1
SIM2
SIM3
SIM4
1
21
22
SIM5
SIM1
SIM2
SIM3
SIM4
1
21
22
SIM5
SIM1
SIM2
SIM3
SIM4
1
21
22
SIM5
SIM1
SIM2
SIM3
SIM4
1
21
22
SIM5
SIM1
SIM2
SIM3
SIM4
1
21
22
SIM5
SIM1
SIM2
SIM3
SIM4
1
21
22
SIM5
SIM1
SIM2
SIM3
SIM4
1
21
22
SIM5
SIM1
SIM2
SIM3
SIM4
1
21
22
SIM5
SIM1
SIM2
SIM3
SIM4
1
21
22
SIM5
SIM1
SIM2
SIM3
SIM4
1
21
22
SIM5
SIM1
SIM2
SIM3
SIM4
1
21
22
SIM5
SIM1
SIM2
SIM3
SIM4
1
21
22
SIM5
SIM1
SIM2
SIM3
SIM4
1
21
22
SIM5
SIM1
SIM2
SIM3
SIM4
1
21
22
SIM5
SIM1
SIM2
SIM3
SIM4
1
21
22
SIM5
SIM1
SIM2
SIM3
SIM4
1
21
22
SIM5
SIM1
SIM2
SIM3
SIM4
1
21
22
SIM5
SIM1
SIM2
SIM3
SIM4
1
21
22
SIM5
SIM1
SIM2
SIM3
SIM4
1
21
22
SIM5
SIM1
SIM2
SIM3
SIM4
1
21
22
SIM5
SIM1
SIM2
SIM3
SIM4
1
21
22
SIM5
SIM1
SIM2
SIM3
SIM4
1
21
22
SIM5
SIM1
SIM2
SIM3
SIM4
1
21
22
SIM5
SIM1
SIM2
SIM3
SIM4
1
21
22
SIM5
SIM1
SIM2
SIM3
SIM4
1
21
22
SIM5
SIM1
SIM2
SIM3
SIM4
1
21
22
SIM5
SIM1
SIM2
SIM3
SIM4
1
21
22
SIM5
SIM1
SIM2
SIM3
SIM4
1
21
22
SIM5
SIM1
SIM2
SIM3
SIM4
1
21
22
SIM5
SIM1
SIM2
SIM3
SIM4
1
21
22
SIM5
SIM1
SIM2
SIM3
SIM4
1
21
22
SIM5
SIM1
SIM2
SIM3
SIM4
1
21
22
SIM5
SIM1
SIM2
SIM3
SIM4
1
21
22
SIM5
SIM1
SIM2
SIM3
SIM4
1
21
22
SIM5
SIM1
SIM2
SIM3
SIM4
1
21
22
SIM5
SIM1
SIM2
SIM3
SIM4
1
21
22
SIM5
SIM1
SIM2
SIM3
SIM4
1
21
22
SIM5
SIM1
SIM2
SIM3
SIM4
1
21
22
SIM5
SIM1
SIM2
SIM3
SIM4
1
21
22
SIM5
SIM1
SIM2
SIM3
SIM4
1
21
22
SIM5
SIM1
SIM2
SIM3
SIM4
1
21
22
SIM5
SIM1
SIM2
SIM3
SIM4
1
21
22
SIM5
SIM1
SIM2
SIM3
SIM4
1
21
22
SIM5
SIM1
SIM2
SIM3
SIM4
1
21
22
SIM5
SIM1
SIM2
SIM3
SIM4
1
21
22
SIM5
SIM1
SIM2
SIM3
SIM4
1
21
22
SIM5
SIM1
SIM2
SIM3
SIM4
1
21
22
SIM5
SIM1
SIM2
SIM3
SIM4
1
21
22
SIM5
SIM1
SIM2
SIM3
SIM4
1
21
22
SIM5
SIM1
SIM2
SIM3
SIM4
1
21
22
SIM5
SIM1
SIM2
SIM3
SIM4
1
21
22
SIM5
SIM1
SIM2
SIM3
SIM4
1
21
22
SIM5
SIM1
SIM2
SIM3
SIM4
1
21
22
SIM5
SIM1
SIM2
SIM3
SIM4
1
21
22
SIM5
SIM1
SIM2
SIM3
SIM4
1
21
22
SIM5
SIM1
SIM2
SIM3
SIM4
1
21
22
SIM5
SIM1
SIM2
SIM3
SIM4
1
21
22
SIM5
SIM1
SIM2
SIM3
SIM4
1
21
22
SIM5
SIM1
SIM2
SIM3
SIM4
1
21
22
SIM5
SIM1
SIM2
DEBUG 1 732
SIM1
SIM2
SIM3
SIM4
1
21
22
SIM5
SIM1
SIM2
SIM3
SIM4
1
21
22
SIM5
SIM1
SIM2
SIM3
SIM4
1
21
22
SIM5
SIM1
SIM2
SIM3
SIM4
1
21
22
SIM5
SIM1
SIM2
SIM3
SIM4
1
21
22
SIM5
SIM1
SIM2
SIM3
SIM4
1
21
22
SIM5
SIM1
SIM2
SIM3
SIM4
1
21
22
SIM5
SIM1
SIM2
SIM3
SIM4
1
21
22
SIM5
SIM1
SIM2
SIM3
SIM4
1
21
22
SIM5
SIM1
SIM2
SIM3
SIM4
1
21
22
SIM5
SIM1
SIM2
SIM3
SIM4
1
21
22
SIM5
SIM1
SIM2
SIM3
SIM4
1
21
22
SIM5
SIM1
SIM2
SIM3
SIM4
1
21
22
SIM5
SIM1
SIM2
SIM3
SIM4
1
21
22
SIM5
SIM1
SIM2
SIM3
SIM4
1
21
22
SIM5
SIM1
SIM2
SIM3
SIM4
1
21
22
SIM5
SIM1
SIM2
SIM3
SIM4
1
21
22
SIM5
SIM1
SIM2
SIM3
SIM4
1
21
22
SIM5
SIM1
SIM2
SIM3
SIM4
1
21
22
SIM5
SIM1
SIM2
SIM3
SIM4
1
21
22
SIM5
SIM1
SIM2
SIM3
SIM4
1
21
22
SIM5
SIM1
SIM2
SIM3
SIM4
1
21
22
SIM5
SIM1
SIM2
SIM3
SIM4
1
21
22
SIM5
SIM1
SIM2
SIM3
SIM4
1
21
22
SIM5
SIM1
SIM2
SIM3
SIM4
1
21
22
SIM5
SIM1
SIM2
SIM3
SIM4
1
21
22
SIM5
SIM1
SIM2
SIM3
SIM4
1
21
22
SIM5
SIM1
SIM2
SIM3
SIM4
1
21
22
SIM5
SIM1
SIM2
SIM3
SIM4
1
21
22
SIM5
SIM1
SIM2
SIM3
SIM4
1
21
22
SIM5
SIM1
SIM2
SIM3
SIM4
1
21
22
SIM5
SIM1
SIM2
SIM3
SIM4
1
21
22
SIM5
SIM1
SIM2
SIM3
SIM4
1
21
22
SIM5
SIM1
SIM2
SIM3
SIM4
1
21
22
SIM5
SIM1
SIM2
SIM3
SIM4
1
21
22
SIM5
SIM1
SIM2
SIM3
SIM4
1
21
22
SIM5
SIM1
SIM2
SIM3
SIM4
1
21
22
SIM5
SIM1
SIM2
SIM3
SIM4
1
21
22
SIM5
SIM1
SIM2
SIM3
SIM4
1
21
22
SIM5
SIM1
SIM2
SIM3
SIM4
1
21
22
SIM5
SIM1
SIM2
SIM3
SIM4
1
21
22
SIM5
SIM1
SIM2
SIM3
SIM4
1
21
22
SIM5
SIM1
SIM2
SIM3
SIM4
1
21
22
SIM5
SIM1
SIM2
SIM3
SIM4
1
21
22
SIM5
SIM1
SIM2
SIM3
SIM4
1
21
22
SIM5
SIM1
SIM2
SIM3
SIM4
1
21
22
SIM5
SIM1
SIM2
SIM3
SIM4
1
21
22
SIM5
SIM1
SIM2
SIM3
SIM4
1
21
22
SIM5
SIM1
SIM2
SIM3
SIM4
1
21
22
SIM5
SIM1
SIM2
SIM3
SIM4
1
21
22
SIM5
SIM1
SIM2
SIM3
SIM4
1
21
22
SIM5
SIM1
SIM2
SIM3
SIM4
1
21
22
SIM5
SIM1
SIM2
SIM3
SIM4
1
21
22
SIM5
SIM1
SIM2
SIM3
SIM4
1
21
22
SIM5
SIM1
SIM2
SIM3
SIM4
1
21
22
SIM5
SIM1
SIM2
SIM3
SIM4
1
21
22
SIM5
SIM1
SIM2
SIM3
SIM4
1
21
22
SIM5
SIM1
SIM2
SIM3
SIM4
1
21
22
SIM5
SIM1
SIM2
SIM3
SIM4
1
21
22
SIM5
SIM1
SIM2
SIM3
SIM4
1
21
22
SIM5
SIM1
SIM2
SIM3
SIM4
1
21
22
SIM5
SIM1
SIM2
SIM3
SIM4
1
21
22
SIM5
SIM1
SIM2
SIM3
SIM4
1
21
22
SIM5
SIM1
SIM2
SIM3
SIM4
1
21
22
SIM5
SIM1
SIM2
SIM3
SIM4
1
21
22
SIM5
SIM1
SIM2
SIM3
SIM4
1
21
22
SIM5
SIM1
SIM2
SIM3
SIM4
1
21
22
SIM5
SIM1
SIM2
SIM3
SIM4
1
21
22
SIM5
SIM1
SIM2
SIM3
SIM4
1
21
22
SIM5
SIM1
SIM2
SIM3
SIM4
1
21
22
SIM5
SIM1
SIM2
SIM3
SIM4
1
21
22
SIM5
SIM1
SIM2
SIM3
SIM4
1
21
22
SIM5
SIM1
SIM2
SIM3
SIM4
1
21
22
SIM5
SIM1
SIM2
SIM3
SIM4
1
21
22
SIM5
SIM1
SIM2
SIM3
SIM4
1
21
22
SIM5
SIM1
SIM2
SIM3
SIM4
1
21
22
SIM5
SIM1
SIM2
SIM3
SIM4
1
21
22
SIM5
SIM1
SIM2
SIM3
SIM4
1
21
22
SIM5
SIM1
SIM2
SIM3
SIM4
1
21
22
SIM5
SIM1
SIM2
SIM3
SIM4
1
21
22
SIM5
SIM1
SIM2
SIM3
SIM4
1
21
22
SIM5
SIM1
SIM2
SIM3
SIM4
1
21
22
SIM5
SIM1
SIM2
SIM3
SIM4
1
21
22
SIM5
SIM1
SIM2
SIM3
SIM4
1
21
22
SIM5
SIM1
SIM2
SIM3
SIM4
1
21
22
SIM5
SIM1
SIM2
SIM3
SIM4
1
21
22
SIM5
SIM1
SIM2
SIM3
SIM4
1
21
22
SIM5
SIM1
SIM2
SIM3
SIM4
1
21
22
SIM5
SIM1
SIM2
SIM3
SIM4
1
21
22
SIM5
SIM1
SIM2
SIM3
SIM4
1
21
22
SIM5
SIM1
SIM2
SIM3
SIM4
1
21
22
SIM5
SIM1
SIM2
SIM3
SIM4
1
21
22
SIM5
SIM1
SIM2
SIM3
SIM4
1
21
22
SIM5
SIM1
SIM2
SIM3
SIM4
1
21
22
SIM5
SIM1
SIM2
SIM3
SIM4
1
21
22
SIM5
SIM1
SIM2
SIM3
SIM4
1
21
22
SIM5
SIM1
SIM2
SIM3
SIM4
1
21
22
SIM5
SIM1
SIM2
SIM3
SIM4
1
21
22
SIM5
SIM1
SIM2
SIM3
SIM4
1
21
22
SIM5
SIM1
SIM2
SIM3
SIM4
1
21
22
SIM5
SIM1
SIM2
SIM3
SIM4
1
21
22
SIM5
SIM1
SIM2
SIM3
SIM4
1
21
22
SIM5
SIM1
SIM2
SIM3
SIM4
1
21
22
SIM5
SIM1
SIM2
SIM3
SIM4
1
21
22
SIM5
SIM1
SIM2
SIM3
SIM4
1
21
22
SIM5
SIM1
SIM2
SIM3
SIM4
1
21
22
SIM5
SIM1
SIM2
SIM3
SIM4
1
21
22
SIM5
SIM1
SIM2
SIM3
SIM4
1
21
22
SIM5
SIM1
SIM2
SIM3
SIM4
1
21
22
SIM5
SIM1
SIM2
SIM3
SIM4
1
21
22
SIM5
SIM1
SIM2
SIM3
SIM4
1
21
22
SIM5
SIM1
SIM2
SIM3
SIM4
1
21
22
SIM5
SIM1
SIM2
SIM3
SIM4
1
21
22
SIM5
SIM1
SIM2
SIM3
SIM4
1
21
22
SIM5
SIM1
SIM2
SIM3
SIM4
1
21
22
SIM5
SIM1
SIM2
SIM3
SIM4
1
21
22
SIM5
SIM1
SIM2
SIM3
SIM4
1
21
22
SIM5
SIM1
SIM2
SIM3
SIM4
1
21
22
SIM5
SIM1
SIM2
SIM3
SIM4
1
21
22
SIM5
SIM1
SIM2
SIM3
SIM4
1
21
22
SIM5
SIM1
SIM2
SIM3
SIM4
1
21
22
SIM5
SIM1
SIM2
SIM3
SIM4
1
21
22
SIM5
SIM1
SIM2
SIM3
SIM4
1
21
22
SIM5
SIM1
SIM2
SIM3
SIM4
1
21
22
SIM5
SIM1
SIM2
SIM3
SIM4
1
21
22
SIM5
SIM1
SIM2
SIM3
SIM4
1
21
22
SIM5
SIM1
SIM2
SIM3
SIM4
1
21
22
SIM5
SIM1
SIM2
SIM3
SIM4
1
21
22
SIM5
SIM1
SIM2
SIM3
SIM4
1
21
22
SIM5
SIM1
SIM2
SIM3
SIM4
1
21
22
SIM5
SIM1
SIM2
SIM3
SIM4
1
21
22
SIM5
SIM1
SIM2
SIM3
SIM4
1
21
22
SIM5
SIM1
SIM2
SIM3
SIM4
1
21
22
SIM5
SIM1
SIM2
SIM3
SIM4
1
21
22
SIM5
SIM1
SIM2
SIM3
SIM4
1
21
22
SIM5
SIM1
SIM2
SIM3
SIM4
1
21
22
SIM5
SIM1
SIM2
SIM3
SIM4
1
21
22
SIM5
SIM1
SIM2
SIM3
SIM4
1
21
22
SIM5
SIM1
SIM2
SIM3
SIM4
1
21
22
SIM5
SIM1
SIM2
SIM3
SIM4
1
21
22
SIM5
SIM1
SIM2
SIM3
SIM4
1
21
22
SIM5
SIM1
SIM2
SIM3
SIM4
1
21
22
SIM5
SIM1
SIM2
SIM3
SIM4
1
21
22
SIM5
SIM1
SIM2
SIM3
SIM4
1
21
22
SIM5
SIM1
SIM2
SIM3
SIM4
1
21
22
SIM5
SIM1
SIM2
SIM3
SIM4
1
21
22
SIM5
SIM1
SIM2
SIM3
SIM4
1
21
22
SIM5
SIM1
SIM2
SIM3
SIM4
1
21
22
SIM5
SIM1
SIM2
SIM3
SIM4
1
21
22
SIM5
SIM1
SIM2
SIM3
SIM4
1
21
22
SIM5
SIM1
SIM2
SIM3
SIM4
1
21
22
SIM5
SIM1
SIM2
SIM3
SIM4
1
21
22
SIM5
SIM1
SIM2
SIM3
SIM4
1
21
22
SIM5
SIM1
SIM2
SIM3
SIM4
1
21
22
SIM5
SIM1
SIM2
SIM3
SIM4
1
21
22
SIM5
SIM1
SIM2
SIM3
SIM4
1
21
22
SIM5
SIM1
SIM2
SIM3
SIM4
1
21
22
SIM5
SIM1
SIM2
SIM3
SIM4
1
21
22
SIM5
SIM1
SIM2
SIM3
SIM4
1
21
22
SIM5
SIM1
SIM2
SIM3
SIM4
1
21
22
SIM5
SIM1
SIM2
SIM3
SIM4
1
21
22
SIM5
SIM1
SIM2
SIM3
SIM4
1
21
22
SIM5
SIM1
SIM2
SIM3
SIM4
1
21
22
SIM5
SIM1
SIM2
SIM3
SIM4
1
21
22
SIM5
SIM1
SIM2
SIM3
SIM4
1
21
22
SIM5
SIM1
SIM2
SIM3
SIM4
1
21
22
SIM5
SIM1
SIM2
SIM3
SIM4
1
21
22
SIM5
SIM1
SIM2
SIM3
SIM4
1
21
22
SIM5
SIM1
SIM2
SIM3
SIM4
1
21
22
SIM5
SIM1
SIM2
SIM3
SIM4
1
21
22
SIM5
SIM1
SIM2
SIM3
SIM4
1
21
22
SIM5
SIM1
SIM2
SIM3
SIM4
1
21
22
SIM5
SIM1
SIM2
SIM3
SIM4
1
21
22
SIM5
SIM1
SIM2
SIM3
SIM4
1
21
22
SIM5
SIM1
SIM2
SIM3
SIM4
1
21
22
SIM5
SIM1
SIM2
SIM3
SIM4
1
21
22
SIM5
SIM1
SIM2
SIM3
SIM4
1
21
22
SIM5
SIM1
SIM2
SIM3
SIM4
1
21
22
SIM5
SIM1
SIM2
SIM3
SIM4
1
21
22
SIM5
SIM1
SIM2
SIM3
SIM4
1
21
22
SIM5
SIM1
SIM2
SIM3
SIM4
1
21
22
SIM5
SIM1
SIM2
SIM3
SIM4
1
21
22
SIM5
SIM1
SIM2
SIM3
SIM4
1
21
22
SIM5
SIM1
SIM2
SIM3
SIM4
1
21
22
SIM5
SIM1
SIM2
SIM3
SIM4
1
21
22
SIM5
SIM1
SIM2
SIM3
SIM4
1
21
22
SIM5
SIM1
SIM2
SIM3
SIM4
1
21
22
SIM5
SIM1
SIM2
SIM3
SIM4
1
21
22
SIM5
SIM1
SIM2
SIM3
SIM4
1
21
22
SIM5
SIM1
SIM2
SIM3
SIM4
1
21
22
SIM5
SIM1
SIM2
SIM3
SIM4
1
21
22
SIM5
SIM1
SIM2
SIM3
SIM4
1
21
22
SIM5
SIM1
SIM2
SIM3
SIM4
1
21
22
SIM5
SIM1
SIM2
SIM3
SIM4
1
21
22
SIM5
SIM1
SIM2
SIM3
SIM4
1
21
22
SIM5
SIM1
SIM2
SIM3
SIM4
1
21
22
SIM5
SIM1
SIM2
SIM3
SIM4
1
21
22
SIM5
SIM1
SIM2
SIM3
SIM4
1
21
22
SIM5
SIM1
SIM2
SIM3
SIM4
1
21
22
SIM5
SIM1
SIM2
SIM3
SIM4
1
21
22
SIM5
SIM1
SIM2
SIM3
SIM4
1
21
22
SIM5
SIM1
SIM2
SIM3
SIM4
1
21
22
SIM5
SIM1
SIM2
SIM3
SIM4
1
21
22
SIM5
SIM1
SIM2
SIM3
SIM4
1
21
22
SIM5
SIM1
SIM2
SIM3
SIM4
1
21
22
SIM5
SIM1
SIM2
SIM3
SIM4
1
21
22
SIM5
SIM1
SIM2
SIM3
SIM4
1
21
22
SIM5
SIM1
SIM2
SIM3
SIM4
1
21
22
SIM5
SIM1
SIM2
SIM3
SIM4
1
21
22
SIM5
SIM1
SIM2
SIM3
SIM4
1
21
22
SIM5
SIM1
SIM2
SIM3
SIM4
1
21
22
SIM5
SIM1
SIM2
SIM3
SIM4
1
21
22
SIM5
SIM1
SIM2
SIM3
SIM4
1
21
22
SIM5
SIM1
SIM2
SIM3
SIM4
1
21
22
SIM5
SIM1
SIM2
SIM3
SIM4
1
21
22
SIM5
SIM1
SIM2
SIM3
SIM4
1
21
22
SIM5
SIM1
SIM2
SIM3
SIM4
1
21
22
SIM5
SIM1
SIM2
SIM3
SIM4
1
21
22
SIM5
SIM1
SIM2
SIM3
SIM4
1
21
22
SIM5
SIM1
SIM2
SIM3
SIM4
1
21
22
SIM5
SIM1
SIM2
SIM3
SIM4
1
21
22
SIM5
SIM1
SIM2
SIM3
SIM4
1
21
22
SIM5
SIM1
SIM2
SIM3
SIM4
1
21
22
SIM5
SIM1
SIM2
SIM3
SIM4
1
21
22
SIM5
SIM1
SIM2
SIM3
SIM4
1
21
22
SIM5
SIM1
SIM2
SIM3
SIM4
1
21
22
SIM5
SIM1
SIM2
SIM3
SIM4
1
21
22
SIM5
SIM1
SIM2
SIM3
SIM4
1
21
22
SIM5
SIM1
SIM2
SIM3
SIM4
1
21
22
SIM5
SIM1
SIM2
SIM3
SIM4
1
21
22
SIM5
SIM1
SIM2
SIM3
SIM4
1
21
22
SIM5
SIM1
SIM2
SIM3
SIM4
1
21
22
SIM5
SIM1
SIM2
SIM3
SIM4
1
21
22
SIM5
SIM1
SIM2
SIM3
SIM4
1
21
22
SIM5
SIM1
SIM2
SIM3
SIM4
1
21
22
SIM5
SIM1
SIM2
SIM3
SIM4
1
21
22
SIM5
SIM1
SIM2
SIM3
SIM4
1
21
22
SIM5
SIM1
SIM2
SIM3
SIM4
1
21
22
SIM5
SIM1
SIM2
SIM3
SIM4
1
21
22
SIM5
SIM1
SIM2
SIM3
SIM4
1
21
22
SIM5
SIM1
SIM2
SIM3
SIM4
1
21
22
SIM5
SIM1
SIM2
SIM3
SIM4
1
21
22
SIM5
SIM1
SIM2
SIM3
SIM4
1
21
22
SIM5
SIM1
SIM2
SIM3
SIM4
1
21
22
SIM5
SIM1
SIM2
SIM3
SIM4
1
21
22
SIM5
SIM1
SIM2
SIM3
SIM4
1
21
22
SIM5
SIM1
SIM2
SIM3
SIM4
1
21
22
SIM5
SIM1
SIM2
SIM3
SIM4
1
21
22
SIM5
SIM1
SIM2
SIM3
SIM4
1
21
22
SIM5
SIM1
SIM2
DEBUG 1 733
SIM1
SIM2
SIM3
SIM4
1
21
22
SIM5
SIM1
SIM2
SIM3
SIM4
1
21
22
SIM5
SIM1
SIM2
SIM3
SIM4
1
21
22
SIM5
SIM1
SIM2
SIM3
SIM4
1
21
22
SIM5
SIM1
SIM2
SIM3
SIM4
1
21
22
SIM5
SIM1
SIM2
SIM3
SIM4
1
21
22
SIM5
SIM1
SIM2
SIM3
SIM4
1
21
22
SIM5
SIM1
SIM2
SIM3
SIM4
1
21
22
SIM5
SIM1
SIM2
SIM3
SIM4
1
21
22
SIM5
SIM1
SIM2
SIM3
SIM4
1
21
22
SIM5
SIM1
SIM2
SIM3
SIM4
1
21
22
SIM5
SIM1
SIM2
SIM3
SIM4
1
21
22
SIM5
SIM1
SIM2
SIM3
SIM4
1
21
22
SIM5
SIM1
SIM2
SIM3
SIM4
1
21
22
SIM5
SIM1
SIM2
SIM3
SIM4
1
21
22
SIM5
SIM1
SIM2
SIM3
SIM4
1
21
22
SIM5
SIM1
SIM2
SIM3
SIM4
1
21
22
SIM5
SIM1
SIM2
SIM3
SIM4
1
21
22
SIM5
SIM1
SIM2
SIM3
SIM4
1
21
22
SIM5
SIM1
SIM2
SIM3
SIM4
1
21
22
SIM5
SIM1
SIM2
SIM3
SIM4
1
21
22
SIM5
SIM1
SIM2
SIM3
SIM4
1
21
22
SIM5
SIM1
SIM2
SIM3
SIM4
1
21
22
SIM5
SIM1
SIM2
SIM3
SIM4
1
21
22
SIM5
SIM1
SIM2
SIM3
SIM4
1
21
22
SIM5
SIM1
SIM2
SIM3
SIM4
1
21
22
SIM5
SIM1
SIM2
SIM3
SIM4
1
21
22
SIM5
SIM1
SIM2
SIM3
SIM4
1
21
22
SIM5
SIM1
SIM2
SIM3
SIM4
1
21
22
SIM5
SIM1
SIM2
SIM3
SIM4
1
21
22
SIM5
SIM1
SIM2
SIM3
SIM4
1
21
22
SIM5
SIM1
SIM2
SIM3
SIM4
1
21
22
SIM5
SIM1
SIM2
SIM3
SIM4
1
21
22
SIM5
SIM1
SIM2
SIM3
SIM4
1
21
22
SIM5
SIM1
SIM2
SIM3
SIM4
1
21
22
SIM5
SIM1
SIM2
SIM3
SIM4
1
21
22
SIM5
SIM1
SIM2
SIM3
SIM4
1
21
22
SIM5
SIM1
SIM2
SIM3
SIM4
1
21
22
SIM5
SIM1
SIM2
SIM3
SIM4
1
21
22
SIM5
SIM1
SIM2
SIM3
SIM4
1
21
22
SIM5
SIM1
SIM2
SIM3
SIM4
1
21
22
SIM5
SIM1
SIM2
SIM3
SIM4
1
21
22
SIM5
SIM1
SIM2
SIM3
SIM4
1
21
22
SIM5
SIM1
SIM2
SIM3
SIM4
1
21
22
SIM5
SIM1
SIM2
SIM3
SIM4
1
21
22
SIM5
SIM1
SIM2
SIM3
SIM4
1
21
22
SIM5
SIM1
SIM2
SIM3
SIM4
1
21
22
SIM5
SIM1
SIM2
SIM3
SIM4
1
21
22
SIM5
SIM1
SIM2
SIM3
SIM4
1
21
22
SIM5
SIM1
SIM2
SIM3
SIM4
1
21
22
SIM5
SIM1
SIM2
SIM3
SIM4
1
21
22
SIM5
SIM1
SIM2
SIM3
SIM4
1
21
22
SIM5
SIM1
SIM2
SIM3
SIM4
1
21
22
SIM5
SIM1
SIM2
SIM3
SIM4
1
21
22
SIM5
SIM1
SIM2
SIM3
SIM4
1
21
22
SIM5
SIM1
SIM2
SIM3
SIM4
1
21
22
SIM5
SIM1
SIM2
SIM3
SIM4
1
21
22
SIM5
SIM1
SIM2
SIM3
SIM4
1
21
22
SIM5
SIM1
SIM2
SIM3
SIM4
1
21
22
SIM5
SIM1
SIM2
SIM3
SIM4
1
21
22
SIM5
SIM1
SIM2
SIM3
SIM4
1
21
22
SIM5
SIM1
SIM2
SIM3
SIM4
1
21
22
SIM5
SIM1
SIM2
SIM3
SIM4
1
21
22
SIM5
SIM1
SIM2
SIM3
SIM4
1
21
22
SIM5
SIM1
SIM2
SIM3
SIM4
1
21
22
SIM5
SIM1
SIM2
SIM3
SIM4
1
21
22
SIM5
SIM1
SIM2
SIM3
SIM4
1
21
22
SIM5
SIM1
SIM2
SIM3
SIM4
1
21
22
SIM5
SIM1
SIM2
SIM3
SIM4
1
21
22
SIM5
SIM1
SIM2
SIM3
SIM4
1
21
22
SIM5
SIM1
SIM2
SIM3
SIM4
1
21
22
SIM5
SIM1
SIM2
SIM3
SIM4
1
21
22
SIM5
SIM1
SIM2
SIM3
SIM4
1
21
22
SIM5
SIM1
SIM2
SIM3
SIM4
1
21
22
SIM5
SIM1
SIM2
SIM3
SIM4
1
21
22
SIM5
SIM1
SIM2
SIM3
SIM4
1
21
22
SIM5
SIM1
SIM2
SIM3
SIM4
1
21
22
SIM5
SIM1
SIM2
SIM3
SIM4
1
21
22
SIM5
SIM1
SIM2
SIM3
SIM4
1
21
22
SIM5
SIM1
SIM2
SIM3
SIM4
1
21
22
SIM5
SIM1
SIM2
SIM3
SIM4
1
21
22
SIM5
SIM1
SIM2
SIM3
SIM4
1
21
22
SIM5
SIM1
SIM2
SIM3
SIM4
1
21
22
SIM5
SIM1
SIM2
SIM3
SIM4
1
21
22
SIM5
SIM1
SIM2
SIM3
SIM4
1
21
22
SIM5
SIM1
SIM2
SIM3
SIM4
1
21
22
SIM5
SIM1
SIM2
SIM3
SIM4
1
21
22
SIM5
SIM1
SIM2
SIM3
SIM4
1
21
22
SIM5
SIM1
SIM2
SIM3
SIM4
1
21
22
SIM5
SIM1
SIM2
SIM3
SIM4
1
21
22
SIM5
SIM1
SIM2
SIM3
SIM4
1
21
22
SIM5
SIM1
SIM2
SIM3
SIM4
1
21
22
SIM5
SIM1
SIM2
SIM3
SIM4
1
21
22
SIM5
SIM1
SIM2
SIM3
SIM4
1
21
22
SIM5
SIM1
SIM2
SIM3
SIM4
1
21
22
SIM5
SIM1
SIM2
SIM3
SIM4
1
21
22
SIM5
SIM1
SIM2
SIM3
SIM4
1
21
22
SIM5
SIM1
SIM2
SIM3
SIM4
1
21
22
SIM5
SIM1
SIM2
SIM3
SIM4
1
21
22
SIM5
SIM1
SIM2
SIM3
SIM4
1
21
22
SIM5
SIM1
SIM2
SIM3
SIM4
1
21
22
SIM5
SIM1
SIM2
SIM3
SIM4
1
21
22
SIM5
SIM1
SIM2
SIM3
SIM4
1
21
22
SIM5
SIM1
SIM2
SIM3
SIM4
1
21
22
SIM5
SIM1
SIM2
SIM3
SIM4
1
21
22
SIM5
SIM1
SIM2
SIM3
SIM4
1
21
22
SIM5
SIM1
SIM2
SIM3
SIM4
1
21
22
SIM5
SIM1
SIM2
SIM3
SIM4
1
21
22
SIM5
SIM1
SIM2
SIM3
SIM4
1
21
22
SIM5
SIM1
SIM2
SIM3
SIM4
1
21
22
SIM5
SIM1
SIM2
SIM3
SIM4
1
21
22
SIM5
SIM1
SIM2
SIM3
SIM4
1
21
22
SIM5
SIM1
SIM2
SIM3
SIM4
1
21
22
SIM5
SIM1
SIM2
SIM3
SIM4
1
21
22
SIM5
SIM1
SIM2
SIM3
SIM4
1
21
22
SIM5
SIM1
SIM2
SIM3
SIM4
1
21
22
SIM5
SIM1
SIM2
SIM3
SIM4
1
21
22
SIM5
SIM1
SIM2
SIM3
SIM4
1
21
22
SIM5
SIM1
SIM2
SIM3
SIM4
1
21
22
SIM5
SIM1
SIM2
SIM3
SIM4
1
21
22
SIM5
SIM1
SIM2
SIM3
SIM4
1
21
22
SIM5
SIM1
SIM2
SIM3
SIM4
1
21
22
SIM5
SIM1
SIM2
SIM3
SIM4
1
21
22
SIM5
SIM1
SIM2
SIM3
SIM4
1
21
22
SIM5
SIM1
SIM2
SIM3
SIM4
1
21
22
SIM5
SIM1
SIM2
SIM3
SIM4
1
21
22
SIM5
SIM1
SIM2
SIM3
SIM4
1
21
22
SIM5
SIM1
SIM2
SIM3
SIM4
1
21
22
SIM5
SIM1
SIM2
SIM3
SIM4
1
21
22
SIM5
SIM1
SIM2
SIM3
SIM4
1
21
22
SIM5
SIM1
SIM2
SIM3
SIM4
1
21
22
SIM5
SIM1
SIM2
DEBUG 1 734
SIM1
SIM2
SIM3
SIM4
1
21
22
SIM5
SIM1
SIM2
SIM3
SIM4
1
21
22
SIM5
SIM1
SIM2
SIM3
SIM4
1
21
22
SIM5
SIM1
SIM2
SIM3
SIM4
1
21
22
SIM5
SIM1
SIM2
SIM3
SIM4
1
21
22
SIM5
SIM1
SIM2
SIM3
SIM4
1
21
22
SIM5
SIM1
SIM2
SIM3
SIM4
1
21
22
SIM5
SIM1
SIM2
SIM3
SIM4
1
21
22
SIM5
SIM1
SIM2
SIM3
SIM4
1
21
22
SIM5
SIM1
SIM2
SIM3
SIM4
1
21
22
SIM5
SIM1
SIM2
SIM3
SIM4
1
21
22
SIM5
SIM1
SIM2
SIM3
SIM4
1
21
22
SIM5
SIM1
SIM2
SIM3
SIM4
1
21
22
SIM5
SIM1
SIM2
SIM3
SIM4
1
21
22
SIM5
SIM1
SIM2
SIM3
SIM4
1
21
22
SIM5
SIM1
SIM2
SIM3
SIM4
1
21
22
SIM5
SIM1
SIM2
SIM3
SIM4
1
21
22
SIM5
SIM1
SIM2
SIM3
SIM4
1
21
22
SIM5
SIM1
SIM2
SIM3
SIM4
1
21
22
SIM5
SIM1
SIM2
SIM3
SIM4
1
21
22
SIM5
SIM1
SIM2
SIM3
SIM4
1
21
22
SIM5
SIM1
SIM2
SIM3
SIM4
1
21
22
SIM5
SIM1
SIM2
SIM3
SIM4
1
21
22
SIM5
SIM1
SIM2
SIM3
SIM4
1
21
22
SIM5
SIM1
SIM2
SIM3
SIM4
1
21
22
SIM5
SIM1
SIM2
SIM3
SIM4
1
21
22
SIM5
SIM1
SIM2
SIM3
SIM4
1
21
22
SIM5
SIM1
SIM2
SIM3
SIM4
1
21
22
SIM5
SIM1
SIM2
SIM3
SIM4
1
21
22
SIM5
SIM1
SIM2
SIM3
SIM4
1
21
22
SIM5
SIM1
SIM2
SIM3
SIM4
1
21
22
SIM5
SIM1
SIM2
SIM3
SIM4
1
21
22
SIM5
SIM1
SIM2
SIM3
SIM4
1
21
22
SIM5
SIM1
SIM2
SIM3
SIM4
1
21
22
SIM5
SIM1
SIM2
SIM3
SIM4
1
21
22
SIM5
SIM1
SIM2
SIM3
SIM4
1
21
22
SIM5
SIM1
SIM2
SIM3
SIM4
1
21
22
SIM5
SIM1
SIM2
SIM3
SIM4
1
21
22
SIM5
SIM1
SIM2
SIM3
SIM4
1
21
22
SIM5
SIM1
SIM2
SIM3
SIM4
1
21
22
SIM5
SIM1
SIM2
SIM3
SIM4
1
21
22
SIM5
SIM1
SIM2
SIM3
SIM4
1
21
22
SIM5
SIM1
SIM2
SIM3
SIM4
1
21
22
SIM5
SIM1
SIM2
SIM3
SIM4
1
21
22
SIM5
SIM1
SIM2
SIM3
SIM4
1
21
22
SIM5
SIM1
SIM2
SIM3
SIM4
1
21
22
SIM5
SIM1
SIM2
SIM3
SIM4
1
21
22
SIM5
SIM1
SIM2
SIM3
SIM4
1
21
22
SIM5
SIM1
SIM2
SIM3
SIM4
1
21
22
SIM5
SIM1
SIM2
SIM3
SIM4
1
21
22
SIM5
SIM1
SIM2
SIM3
SIM4
1
21
22
SIM5
SIM1
SIM2
SIM3
SIM4
1
21
22
SIM5
SIM1
SIM2
SIM3
SIM4
1
21
22
SIM5
SIM1
SIM2
SIM3
SIM4
1
21
22
SIM5
SIM1
SIM2
SIM3
SIM4
1
21
22
SIM5
SIM1
SIM2
SIM3
SIM4
1
21
22
SIM5
SIM1
SIM2
SIM3
SIM4
1
21
22
SIM5
SIM1
SIM2
SIM3
SIM4
1
21
22
SIM5
SIM1
SIM2
SIM3
SIM4
1
21
22
SIM5
SIM1
SIM2
SIM3
SIM4
1
21
22
SIM5
SIM1
SIM2
SIM3
SIM4
1
21
22
SIM5
SIM1
SIM2
SIM3
SIM4
1
21
22
SIM5
SIM1
SIM2
SIM3
SIM4
1
21
22
SIM5
SIM1
SIM2
SIM3
SIM4
1
21
22
SIM5
SIM1
SIM2
SIM3
SIM4
1
21
22
SIM5
SIM1
SIM2
SIM3
SIM4
1
21
22
SIM5
SIM1
SIM2
SIM3
SIM4
1
21
22
SIM5
SIM1
SIM2
SIM3
SIM4
1
21
22
SIM5
SIM1
SIM2
SIM3
SIM4
1
21
22
SIM5
SIM1
SIM2
SIM3
SIM4
1
21
22
SIM5
SIM1
SIM2
SIM3
SIM4
1
21
22
SIM5
SIM1
SIM2
SIM3
SIM4
1
21
22
SIM5
SIM1
SIM2
SIM3
SIM4
1
21
22
SIM5
SIM1
SIM2
SIM3
SIM4
1
21
22
SIM5
SIM1
SIM2
SIM3
SIM4
1
21
22
SIM5
SIM1
SIM2
SIM3
SIM4
1
21
22
SIM5
SIM1
SIM2
SIM3
SIM4
1
21
22
SIM5
SIM1
SIM2
SIM3
SIM4
1
21
22
SIM5
SIM1
SIM2
SIM3
SIM4
1
21
22
SIM5
SIM1
SIM2
SIM3
SIM4
1
21
22
SIM5
SIM1
SIM2
SIM3
SIM4
1
21
22
SIM5
SIM1
SIM2
SIM3
SIM4
1
21
22
SIM5
SIM1
SIM2
SIM3
SIM4
1
21
22
SIM5
SIM1
SIM2
SIM3
SIM4
1
21
22
SIM5
SIM1
SIM2
SIM3
SIM4
1
21
22
SIM5
SIM1
SIM2
SIM3
SIM4
1
21
22
SIM5
SIM1
SIM2
SIM3
SIM4
1
21
22
SIM5
SIM1
SIM2
SIM3
SIM4
1
21
22
SIM5
SIM1
SIM2
SIM3
SIM4
1
21
22
SIM5
SIM1
SIM2
SIM3
SIM4
1
21
22
SIM5
SIM1
SIM2
SIM3
SIM4
1
21
22
SIM5
SIM1
SIM2
SIM3
SIM4
1
21
22
SIM5
SIM1
SIM2
SIM3
SIM4
1
21
22
SIM5
SIM1
SIM2
SIM3
SIM4
1
21
22
SIM5
SIM1
SIM2
SIM3
SIM4
1
21
22
SIM5
SIM1
SIM2
SIM3
SIM4
1
21
22
SIM5
SIM1
SIM2
SIM3
SIM4
1
21
22
SIM5
SIM1
SIM2
SIM3
SIM4
1
21
22
SIM5
SIM1
SIM2
SIM3
SIM4
1
21
22
SIM5
SIM1
SIM2
SIM3
SIM4
1
21
22
SIM5
SIM1
SIM2
SIM3
SIM4
1
21
22
SIM5
SIM1
SIM2
SIM3
SIM4
1
21
22
SIM5
SIM1
SIM2
SIM3
SIM4
1
21
22
SIM5
SIM1
SIM2
SIM3
SIM4
1
21
22
SIM5
SIM1
SIM2
SIM3
SIM4
1
21
22
SIM5
SIM1
SIM2
SIM3
SIM4
1
21
22
SIM5
SIM1
SIM2
SIM3
SIM4
1
21
22
SIM5
SIM1
SIM2
SIM3
SIM4
1
21
22
SIM5
SIM1
SIM2
SIM3
SIM4
1
21
22
SIM5
SIM1
SIM2
SIM3
SIM4
1
21
22
SIM5
SIM1
SIM2
SIM3
SIM4
1
21
22
SIM5
SIM1
SIM2
SIM3
SIM4
1
21
22
SIM5
SIM1
SIM2
SIM3
SIM4
1
21
22
SIM5
SIM1
SIM2
SIM3
SIM4
1
21
22
SIM5
SIM1
SIM2
SIM3
SIM4
1
21
22
SIM5
SIM1
SIM2
SIM3
SIM4
1
21
22
SIM5
SIM1
SIM2
SIM3
SIM4
1
21
22
SIM5
SIM1
SIM2
SIM3
SIM4
1
21
22
SIM5
SIM1
SIM2
SIM3
SIM4
1
21
22
SIM5
SIM1
SIM2
SIM3
SIM4
1
21
22
SIM5
SIM1
SIM2
SIM3
SIM4
1
21
22
SIM5
SIM1
SIM2
SIM3
SIM4
1
21
22
SIM5
SIM1
SIM2
SIM3
SIM4
1
21
22
SIM5
SIM1
SIM2
SIM3
SIM4
1
21
22
SIM5
SIM1
SIM2
SIM3
SIM4
1
21
22
SIM5
SIM1
SIM2
SIM3
SIM4
1
21
22
SIM5
SIM1
SIM2
SIM3
SIM4
1
21
22
SIM5
SIM1
SIM2
SIM3
SIM4
1
21
22
SIM5
SIM1
SIM2
SIM3
SIM4
1
21
22
SIM5
SIM1
SIM2
SIM3
SIM4
1
21
22
SIM5
SIM1
SIM2
SIM3
SIM4
1
21
22
SIM5
SIM1
SIM2
SIM3
SIM4
1
21
22
SIM5
SIM1
SIM2
SIM3
SIM4
1
21
22
SIM5
SIM1
SIM2
SIM3
SIM4
1
21
22
SIM5
SIM1
SIM2
SIM3
SIM4
1
21
22
SIM5
SIM1
SIM2
SIM3
SIM4
1
21
22
SIM5
SIM1
SIM2
SIM3
SIM4
1
21
22
SIM5
SIM1
SIM2
SIM3
SIM4
1
21
22
SIM5
SIM1
SIM2
SIM3
SIM4
1
21
22
SIM5
SIM1
SIM2
SIM3
SIM4
1
21
22
SIM5
SIM1
SIM2
SIM3
SIM4
1
21
22
SIM5
SIM1
SIM2
SIM3
SIM4
1
21
22
SIM5
SIM1
SIM2
SIM3
SIM4
1
21
22
SIM5
SIM1
SIM2
SIM3
SIM4
1
21
22
SIM5
SIM1
SIM2
SIM3
SIM4
1
21
22
SIM5
SIM1
SIM2
SIM3
SIM4
1
21
22
SIM5
SIM1
SIM2
SIM3
SIM4
1
21
22
SIM5
SIM1
SIM2
SIM3
SIM4
1
21
22
SIM5
SIM1
SIM2
SIM3
SIM4
1
21
22
SIM5
SIM1
SIM2
SIM3
SIM4
1
21
22
SIM5
SIM1
SIM2
SIM3
SIM4
1
21
22
SIM5
SIM1
SIM2
SIM3
SIM4
1
21
22
SIM5
SIM1
SIM2
SIM3
SIM4
1
21
22
SIM5
SIM1
SIM2
SIM3
SIM4
1
21
22
SIM5
SIM1
SIM2
SIM3
SIM4
1
21
22
SIM5
SIM1
SIM2
SIM3
SIM4
1
21
22
SIM5
SIM1
SIM2
SIM3
SIM4
1
21
22
SIM5
SIM1
SIM2
SIM3
SIM4
1
21
22
SIM5
SIM1
SIM2
SIM3
SIM4
1
21
22
SIM5
SIM1
SIM2
SIM3
SIM4
1
21
22
SIM5
SIM1
SIM2
SIM3
SIM4
1
21
22
SIM5
SIM1
SIM2
SIM3
SIM4
1
21
22
SIM5
SIM1
SIM2
SIM3
SIM4
1
21
22
SIM5
SIM1
SIM2
SIM3
SIM4
1
21
22
SIM5
SIM1
SIM2
SIM3
SIM4
1
21
22
SIM5
SIM1
SIM2
SIM3
SIM4
1
21
22
SIM5
SIM1
SIM2
SIM3
SIM4
1
21
22
SIM5
SIM1
SIM2
SIM3
SIM4
1
21
22
SIM5
SIM1
SIM2
SIM3
SIM4
1
21
22
SIM5
SIM1
SIM2
SIM3
SIM4
1
21
22
SIM5
SIM1
SIM2
SIM3
SIM4
1
21
22
SIM5
SIM1
SIM2
SIM3
SIM4
1
21
22
SIM5
SIM1
SIM2
SIM3
SIM4
1
21
22
SIM5
SIM1
SIM2
SIM3
SIM4
1
21
22
SIM5
SIM1
SIM2
SIM3
SIM4
1
21
22
SIM5
SIM1
SIM2
SIM3
SIM4
1
21
22
SIM5
SIM1
SIM2
SIM3
SIM4
1
21
22
SIM5
SIM1
SIM2
SIM3
SIM4
1
21
22
SIM5
SIM1
SIM2
SIM3
SIM4
1
21
22
SIM5
SIM1
SIM2
SIM3
SIM4
1
21
22
SIM5
SIM1
SIM2
SIM3
SIM4
1
21
22
SIM5
SIM1
SIM2
SIM3
SIM4
1
21
22
SIM5
SIM1
SIM2
SIM3
SIM4
1
21
22
SIM5
SIM1
SIM2
SIM3
SIM4
1
21
22
SIM5
SIM1
SIM2
SIM3
SIM4
1
21
22
SIM5
SIM1
SIM2
SIM3
SIM4
1
21
22
SIM5
SIM1
SIM2
SIM3
SIM4
1
21
22
SIM5
SIM1
SIM2
SIM3
SIM4
1
21
22
SIM5
SIM1
SIM2
SIM3
SIM4
1
21
22
SIM5
SIM1
SIM2
SIM3
SIM4
1
21
22
SIM5
SIM1
SIM2
SIM3
SIM4
1
21
22
SIM5
SIM1
SIM2
SIM3
SIM4
1
21
22
SIM5
SIM1
SIM2
SIM3
SIM4
1
21
22
SIM5
SIM1
SIM2
SIM3
SIM4
1
21
22
SIM5
SIM1
SIM2
SIM3
SIM4
1
21
22
SIM5
SIM1
SIM2
SIM3
SIM4
1
21
22
SIM5
SIM1
SIM2
SIM3
SIM4
1
21
22
SIM5
SIM1
SIM2
SIM3
SIM4
1
21
22
SIM5
SIM1
SIM2
SIM3
SIM4
1
21
22
SIM5
SIM1
SIM2
SIM3
SIM4
1
21
22
SIM5
SIM1
SIM2
SIM3
SIM4
1
21
22
SIM5
SIM1
SIM2
SIM3
SIM4
1
21
22
SIM5
SIM1
SIM2
SIM3
SIM4
1
21
22
SIM5
SIM1
SIM2
SIM3
SIM4
1
21
22
SIM5
SIM1
SIM2
SIM3
SIM4
1
21
22
SIM5
SIM1
SIM2
SIM3
SIM4
1
21
22
SIM5
SIM1
SIM2
SIM3
SIM4
1
21
22
SIM5
SIM1
SIM2
SIM3
SIM4
1
21
22
SIM5
SIM1
SIM2
SIM3
SIM4
1
21
22
SIM5
SIM1
SIM2
SIM3
SIM4
1
21
22
SIM5
SIM1
SIM2
SIM3
SIM4
1
21
22
SIM5
SIM1
SIM2
SIM3
SIM4
1
21
22
SIM5
SIM1
SIM2
SIM3
SIM4
1
21
22
SIM5
SIM1
SIM2
SIM3
SIM4
1
21
22
SIM5
SIM1
SIM2
DEBUG 1 735
SIM1
SIM2
SIM3
SIM4
1
21
22
SIM5
SIM1
SIM2
SIM3
SIM4
1
21
22
SIM5
SIM1
SIM2
SIM3
SIM4
1
21
22
SIM5
SIM1
SIM2
SIM3
SIM4
1
21
22
SIM5
SIM1
SIM2
SIM3
SIM4
1
21
22
SIM5
SIM1
SIM2
SIM3
SIM4
1
21
22
SIM5
SIM1
SIM2
SIM3
SIM4
1
21
22
SIM5
SIM1
SIM2
SIM3
SIM4
1
21
22
SIM5
SIM1
SIM2
SIM3
SIM4
1
21
22
SIM5
SIM1
SIM2
SIM3
SIM4
1
21
22
SIM5
SIM1
SIM2
SIM3
SIM4
1
21
22
SIM5
SIM1
SIM2
SIM3
SIM4
1
21
22
SIM5
SIM1
SIM2
SIM3
SIM4
1
21
22
SIM5
SIM1
SIM2
SIM3
SIM4
1
21
22
SIM5
SIM1
SIM2
SIM3
SIM4
1
21
22
SIM5
SIM1
SIM2
SIM3
SIM4
1
21
22
SIM5
SIM1
SIM2
SIM3
SIM4
1
21
22
SIM5
SIM1
SIM2
SIM3
SIM4
1
21
22
SIM5
SIM1
SIM2
SIM3
SIM4
1
21
22
SIM5
SIM1
SIM2
SIM3
SIM4
1
21
22
SIM5
SIM1
SIM2
SIM3
SIM4
1
21
22
SIM5
SIM1
SIM2
SIM3
SIM4
1
21
22
SIM5
SIM1
SIM2
SIM3
SIM4
1
21
22
SIM5
SIM1
SIM2
SIM3
SIM4
1
21
22
SIM5
SIM1
SIM2
SIM3
SIM4
1
21
22
SIM5
SIM1
SIM2
SIM3
SIM4
1
21
22
SIM5
SIM1
SIM2
SIM3
SIM4
1
21
22
SIM5
SIM1
SIM2
SIM3
SIM4
1
21
22
SIM5
SIM1
SIM2
SIM3
SIM4
1
21
22
SIM5
SIM1
SIM2
SIM3
SIM4
1
21
22
SIM5
SIM1
SIM2
SIM3
SIM4
1
21
22
SIM5
SIM1
SIM2
SIM3
SIM4
1
21
22
SIM5
SIM1
SIM2
SIM3
SIM4
1
21
22
SIM5
SIM1
SIM2
SIM3
SIM4
1
21
22
SIM5
SIM1
SIM2
SIM3
SIM4
1
21
22
SIM5
SIM1
SIM2
SIM3
SIM4
1
21
22
SIM5
SIM1
SIM2
SIM3
SIM4
1
21
22
SIM5
SIM1
SIM2
SIM3
SIM4
1
21
22
SIM5
SIM1
SIM2
SIM3
SIM4
1
21
22
SIM5
SIM1
SIM2
SIM3
SIM4
1
21
22
SIM5
SIM1
SIM2
SIM3
SIM4
1
21
22
SIM5
SIM1
SIM2
SIM3
SIM4
1
21
22
SIM5
SIM1
SIM2
SIM3
SIM4
1
21
22
SIM5
SIM1
SIM2
SIM3
SIM4
1
21
22
SIM5
SIM1
SIM2
SIM3
SIM4
1
21
22
SIM5
SIM1
SIM2
SIM3
SIM4
1
21
22
SIM5
SIM1
SIM2
SIM3
SIM4
1
21
22
SIM5
SIM1
SIM2
SIM3
SIM4
1
21
22
SIM5
SIM1
SIM2
SIM3
SIM4
1
21
22
SIM5
SIM1
SIM2
SIM3
SIM4
1
21
22
SIM5
SIM1
SIM2
SIM3
SIM4
1
21
22
SIM5
SIM1
SIM2
SIM3
SIM4
1
21
22
SIM5
SIM1
SIM2
SIM3
SIM4
1
21
22
SIM5
SIM1
SIM2
SIM3
SIM4
1
21
22
SIM5
SIM1
SIM2
SIM3
SIM4
1
21
22
SIM5
SIM1
SIM2
SIM3
SIM4
1
21
22
SIM5
SIM1
SIM2
SIM3
SIM4
1
21
22
SIM5
SIM1
SIM2
SIM3
SIM4
1
21
22
SIM5
SIM1
SIM2
SIM3
SIM4
1
21
22
SIM5
SIM1
SIM2
SIM3
SIM4
1
21
22
SIM5
SIM1
SIM2
SIM3
SIM4
1
21
22
SIM5
SIM1
SIM2
SIM3
SIM4
1
21
22
SIM5
SIM1
SIM2
SIM3
SIM4
1
21
22
SIM5
SIM1
SIM2
SIM3
SIM4
1
21
22
SIM5
SIM1
SIM2
SIM3
SIM4
1
21
22
SIM5
SIM1
SIM2
SIM3
SIM4
1
21
22
SIM5
SIM1
SIM2
SIM3
SIM4
1
21
22
SIM5
SIM1
SIM2
SIM3
SIM4
1
21
22
SIM5
SIM1
SIM2
SIM3
SIM4
1
21
22
SIM5
SIM1
SIM2
SIM3
SIM4
1
21
22
SIM5
SIM1
SIM2
SIM3
SIM4
1
21
22
SIM5
SIM1
SIM2
SIM3
SIM4
1
21
22
SIM5
SIM1
SIM2
SIM3
SIM4
1
21
22
SIM5
SIM1
SIM2
SIM3
SIM4
1
21
22
SIM5
SIM1
SIM2
SIM3
SIM4
1
21
22
SIM5
SIM1
SIM2
SIM3
SIM4
1
21
22
SIM5
SIM1
SIM2
SIM3
SIM4
1
21
22
SIM5
SIM1
SIM2
SIM3
SIM4
1
21
22
SIM5
SIM1
SIM2
SIM3
SIM4
1
21
22
SIM5
SIM1
SIM2
SIM3
SIM4
1
21
22
SIM5
SIM1
SIM2
SIM3
SIM4
1
21
22
SIM5
SIM1
SIM2
SIM3
SIM4
1
21
22
SIM5
SIM1
SIM2
SIM3
SIM4
1
21
22
SIM5
SIM1
SIM2
SIM3
SIM4
1
21
22
SIM5
SIM1
SIM2
SIM3
SIM4
1
21
22
SIM5
SIM1
SIM2
SIM3
SIM4
1
21
22
SIM5
SIM1
SIM2
SIM3
SIM4
1
21
22
SIM5
SIM1
SIM2
SIM3
SIM4
1
21
22
SIM5
SIM1
SIM2
SIM3
SIM4
1
21
22
SIM5
SIM1
SIM2
SIM3
SIM4
1
21
22
SIM5
SIM1
SIM2
SIM3
SIM4
1
21
22
SIM5
SIM1
SIM2
SIM3
SIM4
1
21
22
SIM5
SIM1
SIM2
SIM3
SIM4
1
21
22
SIM5
SIM1
SIM2
SIM3
SIM4
1
21
22
SIM5
SIM1
SIM2
SIM3
SIM4
1
21
22
SIM5
SIM1
SIM2
SIM3
SIM4
1
21
22
SIM5
SIM1
SIM2
SIM3
SIM4
1
21
22
SIM5
SIM1
SIM2
SIM3
SIM4
1
21
22
SIM5
SIM1
SIM2
SIM3
SIM4
1
21
22
SIM5
SIM1
SIM2
SIM3
SIM4
1
21
22
SIM5
SIM1
SIM2
SIM3
SIM4
1
21
22
SIM5
SIM1
SIM2
SIM3
SIM4
1
21
22
SIM5
SIM1
SIM2
SIM3
SIM4
1
21
22
SIM5
SIM1
SIM2
SIM3
SIM4
1
21
22
SIM5
SIM1
SIM2
SIM3
SIM4
1
21
22
SIM5
SIM1
SIM2
SIM3
SIM4
1
21
22
SIM5
SIM1
SIM2
SIM3
SIM4
1
21
22
SIM5
SIM1
SIM2
SIM3
SIM4
1
21
22
SIM5
SIM1
SIM2
SIM3
SIM4
1
21
22
SIM5
SIM1
SIM2
SIM3
SIM4
1
21
22
SIM5
SIM1
SIM2
SIM3
SIM4
1
21
22
SIM5
SIM1
SIM2
SIM3
SIM4
1
21
22
SIM5
SIM1
SIM2
SIM3
SIM4
1
21
22
SIM5
SIM1
SIM2
SIM3
SIM4
1
21
22
SIM5
SIM1
SIM2
SIM3
SIM4
1
21
22
SIM5
SIM1
SIM2
SIM3
SIM4
1
21
22
SIM5
SIM1
SIM2
SIM3
SIM4
1
21
22
SIM5
SIM1
SIM2
SIM3
SIM4
1
21
22
SIM5
SIM1
SIM2
SIM3
SIM4
1
21
22
SIM5
SIM1
SIM2
SIM3
SIM4
1
21
22
SIM5
SIM1
SIM2
SIM3
SIM4
1
21
22
SIM5
SIM1
SIM2
SIM3
SIM4
1
21
22
SIM5
SIM1
SIM2
SIM3
SIM4
1
21
22
SIM5
SIM1
SIM2
SIM3
SIM4
1
21
22
SIM5
SIM1
SIM2
SIM3
SIM4
1
21
22
SIM5
SIM1
SIM2
SIM3
SIM4
1
21
22
SIM5
SIM1
SIM2
SIM3
SIM4
1
21
22
SIM5
SIM1
SIM2
SIM3
SIM4
1
21
22
SIM5
SIM1
SIM2
SIM3
SIM4
1
21
22
SIM5
SIM1
SIM2
SIM3
SIM4
1
21
22
SIM5
SIM1
SIM2
SIM3
SIM4
1
21
22
SIM5
SIM1
SIM2
SIM3
SIM4
1
21
22
SIM5
SIM1
SIM2
SIM3
SIM4
1
21
22
SIM5
SIM1
SIM2
SIM3
SIM4
1
21
22
SIM5
SIM1
SIM2
SIM3
SIM4
1
21
22
SIM5
SIM1
SIM2
SIM3
SIM4
1
21
22
SIM5
SIM1
SIM2
SIM3
SIM4
1
21
22
SIM5
SIM1
SIM2
SIM3
SIM4
1
21
22
SIM5
SIM1
SIM2
SIM3
SIM4
1
21
22
SIM5
SIM1
SIM2
SIM3
SIM4
1
21
22
SIM5
SIM1
SIM2
SIM3
SIM4
1
21
22
SIM5
SIM1
SIM2
SIM3
SIM4
1
21
22
SIM5
SIM1
SIM2
SIM3
SIM4
1
21
22
SIM5
SIM1
SIM2
SIM3
SIM4
1
21
22
SIM5
SIM1
SIM2
SIM3
SIM4
1
21
22
SIM5
SIM1
SIM2
SIM3
SIM4
1
21
22
SIM5
SIM1
SIM2
SIM3
SIM4
1
21
22
SIM5
SIM1
SIM2
SIM3
SIM4
1
21
22
SIM5
SIM1
SIM2
SIM3
SIM4
1
21
22
SIM5
SIM1
SIM2
SIM3
SIM4
1
21
22
SIM5
SIM1
SIM2
SIM3
SIM4
1
21
22
SIM5
SIM1
SIM2
SIM3
SIM4
1
21
22
SIM5
SIM1
SIM2
SIM3
SIM4
1
21
22
SIM5
SIM1
SIM2
SIM3
SIM4
1
21
22
SIM5
SIM1
SIM2
SIM3
SIM4
1
21
22
SIM5
SIM1
SIM2
SIM3
SIM4
1
21
22
SIM5
SIM1
SIM2
SIM3
SIM4
1
21
22
SIM5
SIM1
SIM2
SIM3
SIM4
1
21
22
SIM5
SIM1
SIM2
SIM3
SIM4
1
21
22
SIM5
SIM1
SIM2
SIM3
SIM4
1
21
22
SIM5
SIM1
SIM2
SIM3
SIM4
1
21
22
SIM5
SIM1
SIM2
SIM3
SIM4
1
21
22
SIM5
SIM1
SIM2
SIM3
SIM4
1
21
22
SIM5
SIM1
SIM2
SIM3
SIM4
1
21
22
SIM5
SIM1
SIM2
SIM3
SIM4
1
21
22
SIM5
SIM1
SIM2
SIM3
SIM4
1
21
22
SIM5
SIM1
SIM2
DEBUG 1 736
SIM1
SIM2
SIM3
SIM4
1
21
22
SIM5
SIM1
SIM2
SIM3
SIM4
1
21
22
SIM5
SIM1
SIM2
SIM3
SIM4
1
21
22
SIM5
SIM1
SIM2
SIM3
SIM4
1
21
22
SIM5
SIM1
SIM2
SIM3
SIM4
1
21
22
SIM5
SIM1
SIM2
SIM3
SIM4
1
21
22
SIM5
SIM1
SIM2
SIM3
SIM4
1
21
22
SIM5
SIM1
SIM2
SIM3
SIM4
1
21
22
SIM5
SIM1
SIM2
SIM3
SIM4
1
21
22
SIM5
SIM1
SIM2
SIM3
SIM4
1
21
22
SIM5
SIM1
SIM2
SIM3
SIM4
1
21
22
SIM5
SIM1
SIM2
SIM3
SIM4
1
21
22
SIM5
SIM1
SIM2
SIM3
SIM4
1
21
22
SIM5
SIM1
SIM2
SIM3
SIM4
1
21
22
SIM5
SIM1
SIM2
SIM3
SIM4
1
21
22
SIM5
SIM1
SIM2
SIM3
SIM4
1
21
22
SIM5
SIM1
SIM2
SIM3
SIM4
1
21
22
SIM5
SIM1
SIM2
SIM3
SIM4
1
21
22
SIM5
SIM1
SIM2
SIM3
SIM4
1
21
22
SIM5
SIM1
SIM2
SIM3
SIM4
1
21
22
SIM5
SIM1
SIM2
SIM3
SIM4
1
21
22
SIM5
SIM1
SIM2
SIM3
SIM4
1
21
22
SIM5
SIM1
SIM2
SIM3
SIM4
1
21
22
SIM5
SIM1
SIM2
SIM3
SIM4
1
21
22
SIM5
SIM1
SIM2
SIM3
SIM4
1
21
22
SIM5
SIM1
SIM2
SIM3
SIM4
1
21
22
SIM5
SIM1
SIM2
SIM3
SIM4
1
21
22
SIM5
SIM1
SIM2
SIM3
SIM4
1
21
22
SIM5
SIM1
SIM2
SIM3
SIM4
1
21
22
SIM5
SIM1
SIM2
SIM3
SIM4
1
21
22
SIM5
SIM1
SIM2
SIM3
SIM4
1
21
22
SIM5
SIM1
SIM2
SIM3
SIM4
1
21
22
SIM5
SIM1
SIM2
SIM3
SIM4
1
21
22
SIM5
SIM1
SIM2
SIM3
SIM4
1
21
22
SIM5
SIM1
SIM2
SIM3
SIM4
1
21
22
SIM5
SIM1
SIM2
SIM3
SIM4
1
21
22
SIM5
SIM1
SIM2
SIM3
SIM4
1
21
22
SIM5
SIM1
SIM2
SIM3
SIM4
1
21
22
SIM5
SIM1
SIM2
SIM3
SIM4
1
21
22
SIM5
SIM1
SIM2
SIM3
SIM4
1
21
22
SIM5
SIM1
SIM2
SIM3
SIM4
1
21
22
SIM5
SIM1
SIM2
SIM3
SIM4
1
21
22
SIM5
SIM1
SIM2
SIM3
SIM4
1
21
22
SIM5
SIM1
SIM2
SIM3
SIM4
1
21
22
SIM5
SIM1
SIM2
SIM3
SIM4
1
21
22
SIM5
SIM1
SIM2
SIM3
SIM4
1
21
22
SIM5
SIM1
SIM2
SIM3
SIM4
1
21
22
SIM5
SIM1
SIM2
SIM3
SIM4
1
21
22
SIM5
SIM1
SIM2
SIM3
SIM4
1
21
22
SIM5
SIM1
SIM2
SIM3
SIM4
1
21
22
SIM5
SIM1
SIM2
SIM3
SIM4
1
21
22
SIM5
SIM1
SIM2
SIM3
SIM4
1
21
22
SIM5
SIM1
SIM2
SIM3
SIM4
1
21
22
SIM5
SIM1
SIM2
SIM3
SIM4
1
21
22
SIM5
SIM1
SIM2
SIM3
SIM4
1
21
22
SIM5
SIM1
SIM2
SIM3
SIM4
1
21
22
SIM5
SIM1
SIM2
SIM3
SIM4
1
21
22
SIM5
SIM1
SIM2
SIM3
SIM4
1
21
22
SIM5
SIM1
SIM2
SIM3
SIM4
1
21
22
SIM5
SIM1
SIM2
SIM3
SIM4
1
21
22
SIM5
SIM1
SIM2
SIM3
SIM4
1
21
22
SIM5
SIM1
SIM2
SIM3
SIM4
1
21
22
SIM5
SIM1
SIM2
SIM3
SIM4
1
21
22
SIM5
SIM1
SIM2
SIM3
SIM4
1
21
22
SIM5
SIM1
SIM2
SIM3
SIM4
1
21
22
SIM5
SIM1
SIM2
SIM3
SIM4
1
21
22
SIM5
SIM1
SIM2
SIM3
SIM4
1
21
22
SIM5
SIM1
SIM2
SIM3
SIM4
1
21
22
SIM5
SIM1
SIM2
SIM3
SIM4
1
21
22
SIM5
SIM1
SIM2
SIM3
SIM4
1
21
22
SIM5
SIM1
SIM2
SIM3
SIM4
1
21
22
SIM5
SIM1
SIM2
SIM3
SIM4
1
21
22
SIM5
SIM1
SIM2
SIM3
SIM4
1
21
22
SIM5
SIM1
SIM2
SIM3
SIM4
1
21
22
SIM5
SIM1
SIM2
SIM3
SIM4
1
21
22
SIM5
SIM1
SIM2
SIM3
SIM4
1
21
22
SIM5
SIM1
SIM2
SIM3
SIM4
1
21
22
SIM5
SIM1
SIM2
SIM3
SIM4
1
21
22
SIM5
SIM1
SIM2
SIM3
SIM4
1
21
22
SIM5
SIM1
SIM2
SIM3
SIM4
1
21
22
SIM5
SIM1
SIM2
SIM3
SIM4
1
21
22
SIM5
SIM1
SIM2
SIM3
SIM4
1
21
22
SIM5
SIM1
SIM2
SIM3
SIM4
1
21
22
SIM5
SIM1
SIM2
SIM3
SIM4
1
21
22
SIM5
SIM1
SIM2
SIM3
SIM4
1
21
22
SIM5
SIM1
SIM2
SIM3
SIM4
1
21
22
SIM5
SIM1
SIM2
SIM3
SIM4
1
21
22
SIM5
SIM1
SIM2
SIM3
SIM4
1
21
22
SIM5
SIM1
SIM2
SIM3
SIM4
1
21
22
SIM5
SIM1
SIM2
SIM3
SIM4
1
21
22
SIM5
SIM1
SIM2
SIM3
SIM4
1
21
22
SIM5
SIM1
SIM2
SIM3
SIM4
1
21
22
SIM5
SIM1
SIM2
SIM3
SIM4
1
21
22
SIM5
SIM1
SIM2
SIM3
SIM4
1
21
22
SIM5
SIM1
SIM2
SIM3
SIM4
1
21
22
SIM5
SIM1
SIM2
SIM3
SIM4
1
21
22
SIM5
SIM1
SIM2
SIM3
SIM4
1
21
22
SIM5
SIM1
SIM2
SIM3
SIM4
1
21
22
SIM5
SIM1
SIM2
SIM3
SIM4
1
21
22
SIM5
SIM1
SIM2
SIM3
SIM4
1
21
22
SIM5
SIM1
SIM2
SIM3
SIM4
1
21
22
SIM5
SIM1
SIM2
SIM3
SIM4
1
21
22
SIM5
SIM1
SIM2
SIM3
SIM4
1
21
22
SIM5
SIM1
SIM2
SIM3
SIM4
1
21
22
SIM5
SIM1
SIM2
SIM3
SIM4
1
21
22
SIM5
SIM1
SIM2
SIM3
SIM4
1
21
22
SIM5
SIM1
SIM2
SIM3
SIM4
1
21
22
SIM5
SIM1
SIM2
SIM3
SIM4
1
21
22
SIM5
SIM1
SIM2
SIM3
SIM4
1
21
22
SIM5
SIM1
SIM2
SIM3
SIM4
1
21
22
SIM5
SIM1
SIM2
SIM3
SIM4
1
21
22
SIM5
SIM1
SIM2
SIM3
SIM4
1
21
22
SIM5
SIM1
SIM2
SIM3
SIM4
1
21
22
SIM5
SIM1
SIM2
SIM3
SIM4
1
21
22
SIM5
SIM1
SIM2
SIM3
SIM4
1
21
22
SIM5
SIM1
SIM2
SIM3
SIM4
1
21
22
SIM5
SIM1
SIM2
SIM3
SIM4
1
21
22
SIM5
SIM1
SIM2
SIM3
SIM4
1
21
22
SIM5
SIM1
SIM2
DEBUG 1 737
SIM1
SIM2
SIM3
SIM4
1
21
22
SIM5
SIM1
SIM2
SIM3
SIM4
1
21
22
SIM5
SIM1
SIM2
SIM3
SIM4
1
21
22
SIM5
SIM1
SIM2
SIM3
SIM4
1
21
22
SIM5
SIM1
SIM2
SIM3
SIM4
1
21
22
SIM5
SIM1
SIM2
SIM3
SIM4
1
21
22
SIM5
SIM1
SIM2
SIM3
SIM4
1
21
22
SIM5
SIM1
SIM2
SIM3
SIM4
1
21
22
SIM5
SIM1
SIM2
SIM3
SIM4
1
21
22
SIM5
SIM1
SIM2
SIM3
SIM4
1
21
22
SIM5
SIM1
SIM2
SIM3
SIM4
1
21
22
SIM5
SIM1
SIM2
SIM3
SIM4
1
21
22
SIM5
SIM1
SIM2
SIM3
SIM4
1
21
22
SIM5
SIM1
SIM2
SIM3
SIM4
1
21
22
SIM5
SIM1
SIM2
SIM3
SIM4
1
21
22
SIM5
SIM1
SIM2
SIM3
SIM4
1
21
22
SIM5
SIM1
SIM2
SIM3
SIM4
1
21
22
SIM5
SIM1
SIM2
SIM3
SIM4
1
21
22
SIM5
SIM1
SIM2
SIM3
SIM4
1
21
22
SIM5
SIM1
SIM2
SIM3
SIM4
1
21
22
SIM5
SIM1
SIM2
SIM3
SIM4
1
21
22
SIM5
SIM1
SIM2
SIM3
SIM4
1
21
22
SIM5
SIM1
SIM2
SIM3
SIM4
1
21
22
SIM5
SIM1
SIM2
SIM3
SIM4
1
21
22
SIM5
SIM1
SIM2
SIM3
SIM4
1
21
22
SIM5
SIM1
SIM2
SIM3
SIM4
1
21
22
SIM5
SIM1
SIM2
SIM3
SIM4
1
21
22
SIM5
SIM1
SIM2
SIM3
SIM4
1
21
22
SIM5
SIM1
SIM2
SIM3
SIM4
1
21
22
SIM5
SIM1
SIM2
SIM3
SIM4
1
21
22
SIM5
SIM1
SIM2
SIM3
SIM4
1
21
22
SIM5
SIM1
SIM2
SIM3
SIM4
1
21
22
SIM5
SIM1
SIM2
SIM3
SIM4
1
21
22
SIM5
SIM1
SIM2
SIM3
SIM4
1
21
22
SIM5
SIM1
SIM2
SIM3
SIM4
1
21
22
SIM5
SIM1
SIM2
SIM3
SIM4
1
21
22
SIM5
SIM1
SIM2
SIM3
SIM4
1
21
22
SIM5
SIM1
SIM2
SIM3
SIM4
1
21
22
SIM5
SIM1
SIM2
SIM3
SIM4
1
21
22
SIM5
SIM1
SIM2
SIM3
SIM4
1
21
22
SIM5
SIM1
SIM2
SIM3
SIM4
1
21
22
SIM5
SIM1
SIM2
SIM3
SIM4
1
21
22
SIM5
SIM1
SIM2
SIM3
SIM4
1
21
22
SIM5
SIM1
SIM2
SIM3
SIM4
1
21
22
SIM5
SIM1
SIM2
SIM3
SIM4
1
21
22
SIM5
SIM1
SIM2
SIM3
SIM4
1
21
22
SIM5
SIM1
SIM2
SIM3
SIM4
1
21
22
SIM5
SIM1
SIM2
SIM3
SIM4
1
21
22
SIM5
SIM1
SIM2
SIM3
SIM4
1
21
22
SIM5
SIM1
SIM2
SIM3
SIM4
1
21
22
SIM5
SIM1
SIM2
SIM3
SIM4
1
21
22
SIM5
SIM1
SIM2
SIM3
SIM4
1
21
22
SIM5
SIM1
SIM2
SIM3
SIM4
1
21
22
SIM5
SIM1
SIM2
SIM3
SIM4
1
21
22
SIM5
SIM1
SIM2
SIM3
SIM4
1
21
22
SIM5
SIM1
SIM2
SIM3
SIM4
1
21
22
SIM5
SIM1
SIM2
SIM3
SIM4
1
21
22
SIM5
SIM1
SIM2
SIM3
SIM4
1
21
22
SIM5
SIM1
SIM2
SIM3
SIM4
1
21
22
SIM5
SIM1
SIM2
SIM3
SIM4
1
21
22
SIM5
SIM1
SIM2
SIM3
SIM4
1
21
22
SIM5
SIM1
SIM2
SIM3
SIM4
1
21
22
SIM5
SIM1
SIM2
SIM3
SIM4
1
21
22
SIM5
SIM1
SIM2
SIM3
SIM4
1
21
22
SIM5
SIM1
SIM2
SIM3
SIM4
1
21
22
SIM5
SIM1
SIM2
SIM3
SIM4
1
21
22
SIM5
SIM1
SIM2
SIM3
SIM4
1
21
22
SIM5
SIM1
SIM2
SIM3
SIM4
1
21
22
SIM5
SIM1
SIM2
SIM3
SIM4
1
21
22
SIM5
SIM1
SIM2
SIM3
SIM4
1
21
22
SIM5
SIM1
SIM2
SIM3
SIM4
1
21
22
SIM5
SIM1
SIM2
SIM3
SIM4
1
21
22
SIM5
SIM1
SIM2
SIM3
SIM4
1
21
22
SIM5
SIM1
SIM2
SIM3
SIM4
1
21
22
SIM5
SIM1
SIM2
SIM3
SIM4
1
21
22
SIM5
SIM1
SIM2
SIM3
SIM4
1
21
22
SIM5
SIM1
SIM2
SIM3
SIM4
1
21
22
SIM5
SIM1
SIM2
SIM3
SIM4
1
21
22
SIM5
SIM1
SIM2
SIM3
SIM4
1
21
22
SIM5
SIM1
SIM2
SIM3
SIM4
1
21
22
SIM5
SIM1
SIM2
SIM3
SIM4
1
21
22
SIM5
SIM1
SIM2
SIM3
SIM4
1
21
22
SIM5
SIM1
SIM2
SIM3
SIM4
1
21
22
SIM5
SIM1
SIM2
SIM3
SIM4
1
21
22
SIM5
SIM1
SIM2
SIM3
SIM4
1
21
22
SIM5
SIM1
SIM2
SIM3
SIM4
1
21
22
SIM5
SIM1
SIM2
SIM3
SIM4
1
21
22
SIM5
SIM1
SIM2
SIM3
SIM4
1
21
22
SIM5
SIM1
SIM2
SIM3
SIM4
1
21
22
SIM5
SIM1
SIM2
SIM3
SIM4
1
21
22
SIM5
SIM1
SIM2
SIM3
SIM4
1
21
22
SIM5
SIM1
SIM2
SIM3
SIM4
1
21
22
SIM5
SIM1
SIM2
SIM3
SIM4
1
21
22
SIM5
SIM1
SIM2
SIM3
SIM4
1
21
22
SIM5
SIM1
SIM2
SIM3
SIM4
1
21
22
SIM5
SIM1
SIM2
SIM3
SIM4
1
21
22
SIM5
SIM1
SIM2
SIM3
SIM4
1
21
22
SIM5
SIM1
SIM2
SIM3
SIM4
1
21
22
SIM5
SIM1
SIM2
SIM3
SIM4
1
21
22
SIM5
SIM1
SIM2
SIM3
SIM4
1
21
22
SIM5
SIM1
SIM2
SIM3
SIM4
1
21
22
SIM5
SIM1
SIM2
SIM3
SIM4
1
21
22
SIM5
SIM1
SIM2
SIM3
SIM4
1
21
22
SIM5
SIM1
SIM2
SIM3
SIM4
1
21
22
SIM5
SIM1
SIM2
SIM3
SIM4
1
21
22
SIM5
SIM1
SIM2
SIM3
SIM4
1
21
22
SIM5
SIM1
SIM2
SIM3
SIM4
1
21
22
SIM5
SIM1
SIM2
SIM3
SIM4
1
21
22
SIM5
SIM1
SIM2
SIM3
SIM4
1
21
22
SIM5
SIM1
SIM2
SIM3
SIM4
1
21
22
SIM5
SIM1
SIM2
SIM3
SIM4
1
21
22
SIM5
SIM1
SIM2
SIM3
SIM4
1
21
22
SIM5
SIM1
SIM2
SIM3
SIM4
1
21
22
SIM5
SIM1
SIM2
SIM3
SIM4
1
21
22
SIM5
SIM1
SIM2
SIM3
SIM4
1
21
22
SIM5
SIM1
SIM2
SIM3
SIM4
1
21
22
SIM5
SIM1
SIM2
SIM3
SIM4
1
21
22
SIM5
SIM1
SIM2
SIM3
SIM4
1
21
22
SIM5
SIM1
SIM2
SIM3
SIM4
1
21
22
SIM5
SIM1
SIM2
SIM3
SIM4
1
21
22
SIM5
SIM1
SIM2
SIM3
SIM4
1
21
22
SIM5
SIM1
SIM2
SIM3
SIM4
1
21
22
SIM5
SIM1
SIM2
SIM3
SIM4
1
21
22
SIM5
SIM1
SIM2
SIM3
SIM4
1
21
22
SIM5
SIM1
SIM2
SIM3
SIM4
1
21
22
SIM5
SIM1
SIM2
SIM3
SIM4
1
21
22
SIM5
SIM1
SIM2
SIM3
SIM4
1
21
22
SIM5
SIM1
SIM2
SIM3
SIM4
1
21
22
SIM5
SIM1
SIM2
SIM3
SIM4
1
21
22
SIM5
SIM1
SIM2
SIM3
SIM4
1
21
22
SIM5
SIM1
SIM2
SIM3
SIM4
1
21
22
SIM5
SIM1
SIM2
SIM3
SIM4
1
21
22
SIM5
SIM1
SIM2
SIM3
SIM4
1
21
22
SIM5
SIM1
SIM2
SIM3
SIM4
1
21
22
SIM5
SIM1
SIM2
SIM3
SIM4
1
21
22
SIM5
SIM1
SIM2
SIM3
SIM4
1
21
22
SIM5
SIM1
SIM2
SIM3
SIM4
1
21
22
SIM5
SIM1
SIM2
SIM3
SIM4
1
21
22
SIM5
SIM1
SIM2
SIM3
SIM4
1
21
22
SIM5
SIM1
SIM2
SIM3
SIM4
1
21
22
SIM5
SIM1
SIM2
SIM3
SIM4
1
21
22
SIM5
SIM1
SIM2
SIM3
SIM4
1
21
22
SIM5
SIM1
SIM2
SIM3
SIM4
1
21
22
SIM5
SIM1
SIM2
SIM3
SIM4
1
21
22
SIM5
SIM1
SIM2
SIM3
SIM4
1
21
22
SIM5
SIM1
SIM2
SIM3
SIM4
1
21
22
SIM5
SIM1
SIM2
SIM3
SIM4
1
21
22
SIM5
SIM1
SIM2
SIM3
SIM4
1
21
22
SIM5
SIM1
SIM2
SIM3
SIM4
1
21
22
SIM5
SIM1
SIM2
SIM3
SIM4
1
21
22
SIM5
SIM1
SIM2
SIM3
SIM4
1
21
22
SIM5
SIM1
SIM2
SIM3
SIM4
1
21
22
SIM5
SIM1
SIM2
SIM3
SIM4
1
21
22
SIM5
SIM1
SIM2
SIM3
SIM4
1
21
22
SIM5
SIM1
SIM2
SIM3
SIM4
1
21
22
SIM5
SIM1
SIM2
SIM3
SIM4
1
21
22
SIM5
SIM1
SIM2
SIM3
SIM4
1
21
22
SIM5
SIM1
SIM2
SIM3
SIM4
1
21
22
SIM5
SIM1
SIM2
SIM3
SIM4
1
21
22
SIM5
SIM1
SIM2
SIM3
SIM4
1
21
22
SIM5
SIM1
SIM2
SIM3
SIM4
1
21
22
SIM5
SIM1
SIM2
SIM3
SIM4
1
21
22
SIM5
SIM1
SIM2
SIM3
SIM4
1
21
22
SIM5
SIM1
SIM2
SIM3
SIM4
1
21
22
SIM5
SIM1
SIM2
SIM3
SIM4
1
21
22
SIM5
SIM1
SIM2
SIM3
SIM4
1
21
22
SIM5
SIM1
SIM2
SIM3
SIM4
1
21
22
SIM5
SIM1
SIM2
SIM3
SIM4
1
21
22
SIM5
SIM1
SIM2
SIM3
SIM4
1
21
22
SIM5
SIM1
SIM2
SIM3
SIM4
1
21
22
SIM5
SIM1
SIM2
SIM3
SIM4
1
21
22
SIM5
SIM1
SIM2
SIM3
SIM4
1
21
22
SIM5
SIM1
SIM2
SIM3
SIM4
1
21
22
SIM5
SIM1
SIM2
SIM3
SIM4
1
21
22
SIM5
SIM1
SIM2
SIM3
SIM4
1
21
22
SIM5
SIM1
SIM2
SIM3
SIM4
1
21
22
SIM5
SIM1
SIM2
SIM3
SIM4
1
21
22
SIM5
SIM1
SIM2
SIM3
SIM4
1
21
22
SIM5
SIM1
SIM2
SIM3
SIM4
1
21
22
SIM5
SIM1
SIM2
SIM3
SIM4
1
21
22
SIM5
SIM1
SIM2
DEBUG 1 738
SIM1
SIM2
SIM3
SIM4
1
21
22
SIM5
SIM1
SIM2
SIM3
SIM4
1
21
22
SIM5
SIM1
SIM2
SIM3
SIM4
1
21
22
SIM5
SIM1
SIM2
SIM3
SIM4
1
21
22
SIM5
SIM1
SIM2
SIM3
SIM4
1
21
22
SIM5
SIM1
SIM2
SIM3
SIM4
1
21
22
SIM5
SIM1
SIM2
SIM3
SIM4
1
21
22
SIM5
SIM1
SIM2
SIM3
SIM4
1
21
22
SIM5
SIM1
SIM2
SIM3
SIM4
1
21
22
SIM5
SIM1
SIM2
SIM3
SIM4
1
21
22
SIM5
SIM1
SIM2
SIM3
SIM4
1
21
22
SIM5
SIM1
SIM2
SIM3
SIM4
1
21
22
SIM5
SIM1
SIM2
SIM3
SIM4
1
21
22
SIM5
SIM1
SIM2
SIM3
SIM4
1
21
22
SIM5
SIM1
SIM2
SIM3
SIM4
1
21
22
SIM5
SIM1
SIM2
SIM3
SIM4
1
21
22
SIM5
SIM1
SIM2
SIM3
SIM4
1
21
22
SIM5
SIM1
SIM2
SIM3
SIM4
1
21
22
SIM5
SIM1
SIM2
SIM3
SIM4
1
21
22
SIM5
SIM1
SIM2
SIM3
SIM4
1
21
22
SIM5
SIM1
SIM2
SIM3
SIM4
1
21
22
SIM5
SIM1
SIM2
SIM3
SIM4
1
21
22
SIM5
SIM1
SIM2
SIM3
SIM4
1
21
22
SIM5
SIM1
SIM2
SIM3
SIM4
1
21
22
SIM5
SIM1
SIM2
SIM3
SIM4
1
21
22
SIM5
SIM1
SIM2
SIM3
SIM4
1
21
22
SIM5
SIM1
SIM2
SIM3
SIM4
1
21
22
SIM5
SIM1
SIM2
SIM3
SIM4
1
21
22
SIM5
SIM1
SIM2
SIM3
SIM4
1
21
22
SIM5
SIM1
SIM2
SIM3
SIM4
1
21
22
SIM5
SIM1
SIM2
SIM3
SIM4
1
21
22
SIM5
SIM1
SIM2
SIM3
SIM4
1
21
22
SIM5
SIM1
SIM2
SIM3
SIM4
1
21
22
SIM5
SIM1
SIM2
SIM3
SIM4
1
21
22
SIM5
SIM1
SIM2
SIM3
SIM4
1
21
22
SIM5
SIM1
SIM2
SIM3
SIM4
1
21
22
SIM5
SIM1
SIM2
SIM3
SIM4
1
21
22
SIM5
SIM1
SIM2
SIM3
SIM4
1
21
22
SIM5
SIM1
SIM2
SIM3
SIM4
1
21
22
SIM5
SIM1
SIM2
SIM3
SIM4
1
21
22
SIM5
SIM1
SIM2
SIM3
SIM4
1
21
22
SIM5
SIM1
SIM2
SIM3
SIM4
1
21
22
SIM5
SIM1
SIM2
SIM3
SIM4
1
21
22
SIM5
SIM1
SIM2
SIM3
SIM4
1
21
22
SIM5
SIM1
SIM2
SIM3
SIM4
1
21
22
SIM5
SIM1
SIM2
SIM3
SIM4
1
21
22
SIM5
SIM1
SIM2
SIM3
SIM4
1
21
22
SIM5
SIM1
SIM2
SIM3
SIM4
1
21
22
SIM5
SIM1
SIM2
SIM3
SIM4
1
21
22
SIM5
SIM1
SIM2
SIM3
SIM4
1
21
22
SIM5
SIM1
SIM2
SIM3
SIM4
1
21
22
SIM5
SIM1
SIM2
SIM3
SIM4
1
21
22
SIM5
SIM1
SIM2
SIM3
SIM4
1
21
22
SIM5
SIM1
SIM2
SIM3
SIM4
1
21
22
SIM5
SIM1
SIM2
SIM3
SIM4
1
21
22
SIM5
SIM1
SIM2
SIM3
SIM4
1
21
22
SIM5
SIM1
SIM2
SIM3
SIM4
1
21
22
SIM5
SIM1
SIM2
SIM3
SIM4
1
21
22
SIM5
SIM1
SIM2
SIM3
SIM4
1
21
22
SIM5
SIM1
SIM2
SIM3
SIM4
1
21
22
SIM5
SIM1
SIM2
SIM3
SIM4
1
21
22
SIM5
SIM1
SIM2
SIM3
SIM4
1
21
22
SIM5
SIM1
SIM2
SIM3
SIM4
1
21
22
SIM5
SIM1
SIM2
SIM3
SIM4
1
21
22
SIM5
SIM1
SIM2
SIM3
SIM4
1
21
22
SIM5
SIM1
SIM2
SIM3
SIM4
1
21
22
SIM5
SIM1
SIM2
SIM3
SIM4
1
21
22
SIM5
SIM1
SIM2
SIM3
SIM4
1
21
22
SIM5
SIM1
SIM2
SIM3
SIM4
1
21
22
SIM5
SIM1
SIM2
SIM3
SIM4
1
21
22
SIM5
SIM1
SIM2
SIM3
SIM4
1
21
22
SIM5
SIM1
SIM2
SIM3
SIM4
1
21
22
SIM5
SIM1
SIM2
SIM3
SIM4
1
21
22
SIM5
SIM1
SIM2
SIM3
SIM4
1
21
22
SIM5
SIM1
SIM2
SIM3
SIM4
1
21
22
SIM5
SIM1
SIM2
SIM3
SIM4
1
21
22
SIM5
SIM1
SIM2
SIM3
SIM4
1
21
22
SIM5
SIM1
SIM2
SIM3
SIM4
1
21
22
SIM5
SIM1
SIM2
SIM3
SIM4
1
21
22
SIM5
SIM1
SIM2
SIM3
SIM4
1
21
22
SIM5
SIM1
SIM2
SIM3
SIM4
1
21
22
SIM5
SIM1
SIM2
SIM3
SIM4
1
21
22
SIM5
SIM1
SIM2
SIM3
SIM4
1
21
22
SIM5
SIM1
SIM2
SIM3
SIM4
1
21
22
SIM5
SIM1
SIM2
SIM3
SIM4
1
21
22
SIM5
SIM1
SIM2
SIM3
SIM4
1
21
22
SIM5
SIM1
SIM2
SIM3
SIM4
1
21
22
SIM5
SIM1
SIM2
SIM3
SIM4
1
21
22
SIM5
SIM1
SIM2
SIM3
SIM4
1
21
22
SIM5
SIM1
SIM2
SIM3
SIM4
1
21
22
SIM5
SIM1
SIM2
SIM3
SIM4
1
21
22
SIM5
SIM1
SIM2
SIM3
SIM4
1
21
22
SIM5
SIM1
SIM2
SIM3
SIM4
1
21
22
SIM5
SIM1
SIM2
SIM3
SIM4
1
21
22
SIM5
SIM1
SIM2
SIM3
SIM4
1
21
22
SIM5
SIM1
SIM2
SIM3
SIM4
1
21
22
SIM5
SIM1
SIM2
SIM3
SIM4
1
21
22
SIM5
SIM1
SIM2
SIM3
SIM4
1
21
22
SIM5
SIM1
SIM2
SIM3
SIM4
1
21
22
SIM5
SIM1
SIM2
SIM3
SIM4
1
21
22
SIM5
SIM1
SIM2
SIM3
SIM4
1
21
22
SIM5
SIM1
SIM2
SIM3
SIM4
1
21
22
SIM5
SIM1
SIM2
SIM3
SIM4
1
21
22
SIM5
SIM1
SIM2
SIM3
SIM4
1
21
22
SIM5
SIM1
SIM2
SIM3
SIM4
1
21
22
SIM5
SIM1
SIM2
SIM3
SIM4
1
21
22
SIM5
SIM1
SIM2
SIM3
SIM4
1
21
22
SIM5
SIM1
SIM2
SIM3
SIM4
1
21
22
SIM5
SIM1
SIM2
SIM3
SIM4
1
21
22
SIM5
SIM1
SIM2
SIM3
SIM4
1
21
22
SIM5
SIM1
SIM2
SIM3
SIM4
1
21
22
SIM5
SIM1
SIM2
SIM3
SIM4
1
21
22
SIM5
SIM1
SIM2
SIM3
SIM4
1
21
22
SIM5
SIM1
SIM2
SIM3
SIM4
1
21
22
SIM5
SIM1
SIM2
SIM3
SIM4
1
21
22
SIM5
SIM1
SIM2
SIM3
SIM4
1
21
22
SIM5
SIM1
SIM2
SIM3
SIM4
1
21
22
SIM5
SIM1
SIM2
SIM3
SIM4
1
21
22
SIM5
SIM1
SIM2
DEBUG 1 739
SIM1
SIM2
SIM3
SIM4
1
21
22
SIM5
SIM1
SIM2
SIM3
SIM4
1
21
22
SIM5
SIM1
SIM2
SIM3
SIM4
1
21
22
SIM5
SIM1
SIM2
SIM3
SIM4
1
21
22
SIM5
SIM1
SIM2
SIM3
SIM4
1
21
22
SIM5
SIM1
SIM2
SIM3
SIM4
1
21
22
SIM5
SIM1
SIM2
SIM3
SIM4
1
21
22
SIM5
SIM1
SIM2
SIM3
SIM4
1
21
22
SIM5
SIM1
SIM2
SIM3
SIM4
1
21
22
SIM5
SIM1
SIM2
SIM3
SIM4
1
21
22
SIM5
SIM1
SIM2
SIM3
SIM4
1
21
22
SIM5
SIM1
SIM2
SIM3
SIM4
1
21
22
SIM5
SIM1
SIM2
SIM3
SIM4
1
21
22
SIM5
SIM1
SIM2
SIM3
SIM4
1
21
22
SIM5
SIM1
SIM2
SIM3
SIM4
1
21
22
SIM5
SIM1
SIM2
SIM3
SIM4
1
21
22
SIM5
SIM1
SIM2
SIM3
SIM4
1
21
22
SIM5
SIM1
SIM2
SIM3
SIM4
1
21
22
SIM5
SIM1
SIM2
SIM3
SIM4
1
21
22
SIM5
SIM1
SIM2
SIM3
SIM4
1
21
22
SIM5
SIM1
SIM2
SIM3
SIM4
1
21
22
SIM5
SIM1
SIM2
SIM3
SIM4
1
21
22
SIM5
SIM1
SIM2
SIM3
SIM4
1
21
22
SIM5
SIM1
SIM2
SIM3
SIM4
1
21
22
SIM5
SIM1
SIM2
SIM3
SIM4
1
21
22
SIM5
SIM1
SIM2
SIM3
SIM4
1
21
22
SIM5
SIM1
SIM2
SIM3
SIM4
1
21
22
SIM5
SIM1
SIM2
SIM3
SIM4
1
21
22
SIM5
SIM1
SIM2
SIM3
SIM4
1
21
22
SIM5
SIM1
SIM2
SIM3
SIM4
1
21
22
SIM5
SIM1
SIM2
SIM3
SIM4
1
21
22
SIM5
SIM1
SIM2
SIM3
SIM4
1
21
22
SIM5
SIM1
SIM2
SIM3
SIM4
1
21
22
SIM5
SIM1
SIM2
SIM3
SIM4
1
21
22
SIM5
SIM1
SIM2
SIM3
SIM4
1
21
22
SIM5
SIM1
SIM2
SIM3
SIM4
1
21
22
SIM5
SIM1
SIM2
SIM3
SIM4
1
21
22
SIM5
SIM1
SIM2
SIM3
SIM4
1
21
22
SIM5
SIM1
SIM2
SIM3
SIM4
1
21
22
SIM5
SIM1
SIM2
SIM3
SIM4
1
21
22
SIM5
SIM1
SIM2
SIM3
SIM4
1
21
22
SIM5
SIM1
SIM2
SIM3
SIM4
1
21
22
SIM5
SIM1
SIM2
SIM3
SIM4
1
21
22
SIM5
SIM1
SIM2
SIM3
SIM4
1
21
22
SIM5
SIM1
SIM2
SIM3
SIM4
1
21
22
SIM5
SIM1
SIM2
SIM3
SIM4
1
21
22
SIM5
SIM1
SIM2
SIM3
SIM4
1
21
22
SIM5
SIM1
SIM2
SIM3
SIM4
1
21
22
SIM5
SIM1
SIM2
SIM3
SIM4
1
21
22
SIM5
SIM1
SIM2
SIM3
SIM4
1
21
22
SIM5
SIM1
SIM2
SIM3
SIM4
1
21
22
SIM5
SIM1
SIM2
SIM3
SIM4
1
21
22
SIM5
SIM1
SIM2
SIM3
SIM4
1
21
22
SIM5
SIM1
SIM2
SIM3
SIM4
1
21
22
SIM5
SIM1
SIM2
SIM3
SIM4
1
21
22
SIM5
SIM1
SIM2
SIM3
SIM4
1
21
22
SIM5
SIM1
SIM2
SIM3
SIM4
1
21
22
SIM5
SIM1
SIM2
SIM3
SIM4
1
21
22
SIM5
SIM1
SIM2
SIM3
SIM4
1
21
22
SIM5
SIM1
SIM2
SIM3
SIM4
1
21
22
SIM5
SIM1
SIM2
SIM3
SIM4
1
21
22
SIM5
SIM1
SIM2
SIM3
SIM4
1
21
22
SIM5
SIM1
SIM2
SIM3
SIM4
1
21
22
SIM5
SIM1
SIM2
SIM3
SIM4
1
21
22
SIM5
SIM1
SIM2
SIM3
SIM4
1
21
22
SIM5
SIM1
SIM2
SIM3
SIM4
1
21
22
SIM5
SIM1
SIM2
SIM3
SIM4
1
21
22
SIM5
SIM1
SIM2
SIM3
SIM4
1
21
22
SIM5
SIM1
SIM2
SIM3
SIM4
1
21
22
SIM5
SIM1
SIM2
SIM3
SIM4
1
21
22
SIM5
SIM1
SIM2
SIM3
SIM4
1
21
22
SIM5
SIM1
SIM2
SIM3
SIM4
1
21
22
SIM5
SIM1
SIM2
SIM3
SIM4
1
21
22
SIM5
SIM1
SIM2
SIM3
SIM4
1
21
22
SIM5
SIM1
SIM2
SIM3
SIM4
1
21
22
SIM5
SIM1
SIM2
SIM3
SIM4
1
21
22
SIM5
SIM1
SIM2
SIM3
SIM4
1
21
22
SIM5
SIM1
SIM2
SIM3
SIM4
1
21
22
SIM5
SIM1
SIM2
SIM3
SIM4
1
21
22
SIM5
SIM1
SIM2
SIM3
SIM4
1
21
22
SIM5
SIM1
SIM2
SIM3
SIM4
1
21
22
SIM5
SIM1
SIM2
SIM3
SIM4
1
21
22
SIM5
SIM1
SIM2
SIM3
SIM4
1
21
22
SIM5
SIM1
SIM2
SIM3
SIM4
1
21
22
SIM5
SIM1
SIM2
SIM3
SIM4
1
21
22
SIM5
SIM1
SIM2
SIM3
SIM4
1
21
22
SIM5
SIM1
SIM2
SIM3
SIM4
1
21
22
SIM5
SIM1
SIM2
SIM3
SIM4
1
21
22
SIM5
SIM1
SIM2
SIM3
SIM4
1
21
22
SIM5
SIM1
SIM2
SIM3
SIM4
1
21
22
SIM5
SIM1
SIM2
SIM3
SIM4
1
21
22
SIM5
SIM1
SIM2
SIM3
SIM4
1
21
22
SIM5
SIM1
SIM2
SIM3
SIM4
1
21
22
SIM5
SIM1
SIM2
SIM3
SIM4
1
21
22
SIM5
SIM1
SIM2
SIM3
SIM4
1
21
22
SIM5
SIM1
SIM2
SIM3
SIM4
1
21
22
SIM5
SIM1
SIM2
SIM3
SIM4
1
21
22
SIM5
SIM1
SIM2
SIM3
SIM4
1
21
22
SIM5
SIM1
SIM2
SIM3
SIM4
1
21
22
SIM5
SIM1
SIM2
SIM3
SIM4
1
21
22
SIM5
SIM1
SIM2
SIM3
SIM4
1
21
22
SIM5
SIM1
SIM2
SIM3
SIM4
1
21
22
SIM5
SIM1
SIM2
SIM3
SIM4
1
21
22
SIM5
SIM1
SIM2
SIM3
SIM4
1
21
22
SIM5
SIM1
SIM2
SIM3
SIM4
1
21
22
SIM5
SIM1
SIM2
SIM3
SIM4
1
21
22
SIM5
SIM1
SIM2
SIM3
SIM4
1
21
22
SIM5
SIM1
SIM2
SIM3
SIM4
1
21
22
SIM5
SIM1
SIM2
SIM3
SIM4
1
21
22
SIM5
SIM1
SIM2
SIM3
SIM4
1
21
22
SIM5
SIM1
SIM2
SIM3
SIM4
1
21
22
SIM5
SIM1
SIM2
SIM3
SIM4
1
21
22
SIM5
SIM1
SIM2
SIM3
SIM4
1
21
22
SIM5
SIM1
SIM2
SIM3
SIM4
1
21
22
SIM5
SIM1
SIM2
SIM3
SIM4
1
21
22
SIM5
SIM1
SIM2
SIM3
SIM4
1
21
22
SIM5
SIM1
SIM2
SIM3
SIM4
1
21
22
SIM5
SIM1
SIM2
SIM3
SIM4
1
21
22
SIM5
SIM1
SIM2
SIM3
SIM4
1
21
22
SIM5
SIM1
SIM2
SIM3
SIM4
1
21
22
SIM5
SIM1
SIM2
SIM3
SIM4
1
21
22
SIM5
SIM1
SIM2
SIM3
SIM4
1
21
22
SIM5
SIM1
SIM2
SIM3
SIM4
1
21
22
SIM5
SIM1
SIM2
SIM3
SIM4
1
21
22
SIM5
SIM1
SIM2
SIM3
SIM4
1
21
22
SIM5
SIM1
SIM2
SIM3
SIM4
1
21
22
SIM5
SIM1
SIM2
SIM3
SIM4
1
21
22
SIM5
SIM1
SIM2
SIM3
SIM4
1
21
22
SIM5
SIM1
SIM2
SIM3
SIM4
1
21
22
SIM5
SIM1
SIM2
SIM3
SIM4
1
21
22
SIM5
SIM1
SIM2
SIM3
SIM4
1
21
22
SIM5
SIM1
SIM2
SIM3
SIM4
1
21
22
SIM5
SIM1
SIM2
SIM3
SIM4
1
21
22
SIM5
SIM1
SIM2
SIM3
SIM4
1
21
22
SIM5
SIM1
SIM2
SIM3
SIM4
1
21
22
SIM5
SIM1
SIM2
SIM3
SIM4
1
21
22
SIM5
SIM1
SIM2
SIM3
SIM4
1
21
22
SIM5
SIM1
SIM2
SIM3
SIM4
1
21
22
SIM5
SIM1
SIM2
SIM3
SIM4
1
21
22
SIM5
SIM1
SIM2
SIM3
SIM4
1
21
22
SIM5
SIM1
SIM2
SIM3
SIM4
1
21
22
SIM5
SIM1
SIM2
SIM3
SIM4
1
21
22
SIM5
SIM1
SIM2
SIM3
SIM4
1
21
22
SIM5
SIM1
SIM2
SIM3
SIM4
1
21
22
SIM5
SIM1
SIM2
SIM3
SIM4
1
21
22
SIM5
SIM1
SIM2
SIM3
SIM4
1
21
22
SIM5
SIM1
SIM2
SIM3
SIM4
1
21
22
SIM5
SIM1
SIM2
SIM3
SIM4
1
21
22
SIM5
SIM1
SIM2
SIM3
SIM4
1
21
22
SIM5
SIM1
SIM2
SIM3
SIM4
1
21
22
SIM5
SIM1
SIM2
SIM3
SIM4
1
21
22
SIM5
SIM1
SIM2
SIM3
SIM4
1
21
22
SIM5
SIM1
SIM2
SIM3
SIM4
1
21
22
SIM5
SIM1
SIM2
SIM3
SIM4
1
21
22
SIM5
SIM1
SIM2
SIM3
SIM4
1
21
22
SIM5
SIM1
SIM2
SIM3
SIM4
1
21
22
SIM5
SIM1
SIM2
SIM3
SIM4
1
21
22
SIM5
SIM1
SIM2
SIM3
SIM4
1
21
22
SIM5
SIM1
SIM2
SIM3
SIM4
1
21
22
SIM5
SIM1
SIM2
SIM3
SIM4
1
21
22
SIM5
SIM1
SIM2
SIM3
SIM4
1
21
22
SIM5
SIM1
SIM2
SIM3
SIM4
1
21
22
SIM5
SIM1
SIM2
SIM3
SIM4
1
21
22
SIM5
SIM1
SIM2
SIM3
SIM4
1
21
22
SIM5
SIM1
SIM2
SIM3
SIM4
1
21
22
SIM5
SIM1
SIM2
SIM3
SIM4
1
21
22
SIM5
SIM1
SIM2
SIM3
SIM4
1
21
22
SIM5
SIM1
SIM2
SIM3
SIM4
1
21
22
SIM5
SIM1
SIM2
SIM3
SIM4
1
21
22
SIM5
SIM1
SIM2
SIM3
SIM4
1
21
22
SIM5
SIM1
SIM2
SIM3
SIM4
1
21
22
SIM5
SIM1
SIM2
SIM3
SIM4
1
21
22
SIM5
SIM1
SIM2
SIM3
SIM4
1
21
22
SIM5
SIM1
SIM2
SIM3
SIM4
1
21
22
SIM5
SIM1
SIM2
SIM3
SIM4
1
21
22
SIM5
SIM1
SIM2
SIM3
SIM4
1
21
22
SIM5
SIM1
SIM2
SIM3
SIM4
1
21
22
SIM5
SIM1
SIM2
SIM3
SIM4
1
21
22
SIM5
SIM1
SIM2
SIM3
SIM4
1
21
22
SIM5
SIM1
SIM2
SIM3
SIM4
1
21
22
SIM5
SIM1
SIM2
DEBUG 1 740
SIM1
SIM2
SIM3
SIM4
1
21
22
SIM5
SIM1
SIM2
SIM3
SIM4
1
21
22
SIM5
SIM1
SIM2
SIM3
SIM4
1
21
22
SIM5
SIM1
SIM2
SIM3
SIM4
1
21
22
SIM5
SIM1
SIM2
SIM3
SIM4
1
21
22
SIM5
SIM1
SIM2
SIM3
SIM4
1
21
22
SIM5
SIM1
SIM2
SIM3
SIM4
1
21
22
SIM5
SIM1
SIM2
SIM3
SIM4
1
21
22
SIM5
SIM1
SIM2
SIM3
SIM4
1
21
22
SIM5
SIM1
SIM2
SIM3
SIM4
1
21
22
SIM5
SIM1
SIM2
SIM3
SIM4
1
21
22
SIM5
SIM1
SIM2
SIM3
SIM4
1
21
22
SIM5
SIM1
SIM2
SIM3
SIM4
1
21
22
SIM5
SIM1
SIM2
SIM3
SIM4
1
21
22
SIM5
SIM1
SIM2
SIM3
SIM4
1
21
22
SIM5
SIM1
SIM2
SIM3
SIM4
1
21
22
SIM5
SIM1
SIM2
SIM3
SIM4
1
21
22
SIM5
SIM1
SIM2
SIM3
SIM4
1
21
22
SIM5
SIM1
SIM2
SIM3
SIM4
1
21
22
SIM5
SIM1
SIM2
SIM3
SIM4
1
21
22
SIM5
SIM1
SIM2
SIM3
SIM4
1
21
22
SIM5
SIM1
SIM2
SIM3
SIM4
1
21
22
SIM5
SIM1
SIM2
SIM3
SIM4
1
21
22
SIM5
SIM1
SIM2
SIM3
SIM4
1
21
22
SIM5
SIM1
SIM2
SIM3
SIM4
1
21
22
SIM5
SIM1
SIM2
SIM3
SIM4
1
21
22
SIM5
SIM1
SIM2
SIM3
SIM4
1
21
22
SIM5
SIM1
SIM2
SIM3
SIM4
1
21
22
SIM5
SIM1
SIM2
SIM3
SIM4
1
21
22
SIM5
SIM1
SIM2
SIM3
SIM4
1
21
22
SIM5
SIM1
SIM2
SIM3
SIM4
1
21
22
SIM5
SIM1
SIM2
SIM3
SIM4
1
21
22
SIM5
SIM1
SIM2
SIM3
SIM4
1
21
22
SIM5
SIM1
SIM2
SIM3
SIM4
1
21
22
SIM5
SIM1
SIM2
SIM3
SIM4
1
21
22
SIM5
SIM1
SIM2
SIM3
SIM4
1
21
22
SIM5
SIM1
SIM2
SIM3
SIM4
1
21
22
SIM5
SIM1
SIM2
SIM3
SIM4
1
21
22
SIM5
SIM1
SIM2
SIM3
SIM4
1
21
22
SIM5
SIM1
SIM2
SIM3
SIM4
1
21
22
SIM5
SIM1
SIM2
SIM3
SIM4
1
21
22
SIM5
SIM1
SIM2
SIM3
SIM4
1
21
22
SIM5
SIM1
SIM2
SIM3
SIM4
1
21
22
SIM5
SIM1
SIM2
SIM3
SIM4
1
21
22
SIM5
SIM1
SIM2
SIM3
SIM4
1
21
22
SIM5
SIM1
SIM2
SIM3
SIM4
1
21
22
SIM5
SIM1
SIM2
SIM3
SIM4
1
21
22
SIM5
SIM1
SIM2
SIM3
SIM4
1
21
22
SIM5
SIM1
SIM2
SIM3
SIM4
1
21
22
SIM5
SIM1
SIM2
SIM3
SIM4
1
21
22
SIM5
SIM1
SIM2
SIM3
SIM4
1
21
22
SIM5
SIM1
SIM2
SIM3
SIM4
1
21
22
SIM5
SIM1
SIM2
SIM3
SIM4
1
21
22
SIM5
SIM1
SIM2
SIM3
SIM4
1
21
22
SIM5
SIM1
SIM2
SIM3
SIM4
1
21
22
SIM5
SIM1
SIM2
SIM3
SIM4
1
21
22
SIM5
SIM1
SIM2
SIM3
SIM4
1
21
22
SIM5
SIM1
SIM2
SIM3
SIM4
1
21
22
SIM5
SIM1
SIM2
SIM3
SIM4
1
21
22
SIM5
SIM1
SIM2
SIM3
SIM4
1
21
22
SIM5
SIM1
SIM2
SIM3
SIM4
1
21
22
SIM5
SIM1
SIM2
SIM3
SIM4
1
21
22
SIM5
SIM1
SIM2
SIM3
SIM4
1
21
22
SIM5
SIM1
SIM2
SIM3
SIM4
1
21
22
SIM5
SIM1
SIM2
SIM3
SIM4
1
21
22
SIM5
SIM1
SIM2
SIM3
SIM4
1
21
22
SIM5
SIM1
SIM2
SIM3
SIM4
1
21
22
SIM5
SIM1
SIM2
SIM3
SIM4
1
21
22
SIM5
SIM1
SIM2
SIM3
SIM4
1
21
22
SIM5
SIM1
SIM2
SIM3
SIM4
1
21
22
SIM5
SIM1
SIM2
SIM3
SIM4
1
21
22
SIM5
SIM1
SIM2
SIM3
SIM4
1
21
22
SIM5
SIM1
SIM2
SIM3
SIM4
1
21
22
SIM5
SIM1
SIM2
SIM3
SIM4
1
21
22
SIM5
SIM1
SIM2
SIM3
SIM4
1
21
22
SIM5
SIM1
SIM2
SIM3
SIM4
1
21
22
SIM5
SIM1
SIM2
SIM3
SIM4
1
21
22
SIM5
SIM1
SIM2
SIM3
SIM4
1
21
22
SIM5
SIM1
SIM2
SIM3
SIM4
1
21
22
SIM5
SIM1
SIM2
SIM3
SIM4
1
21
22
SIM5
SIM1
SIM2
SIM3
SIM4
1
21
22
SIM5
SIM1
SIM2
SIM3
SIM4
1
21
22
SIM5
SIM1
SIM2
SIM3
SIM4
1
21
22
SIM5
SIM1
SIM2
SIM3
SIM4
1
21
22
SIM5
SIM1
SIM2
SIM3
SIM4
1
21
22
SIM5
SIM1
SIM2
SIM3
SIM4
1
21
22
SIM5
SIM1
SIM2
SIM3
SIM4
1
21
22
SIM5
SIM1
SIM2
SIM3
SIM4
1
21
22
SIM5
SIM1
SIM2
SIM3
SIM4
1
21
22
SIM5
SIM1
SIM2
SIM3
SIM4
1
21
22
SIM5
SIM1
SIM2
SIM3
SIM4
1
21
22
SIM5
SIM1
SIM2
SIM3
SIM4
1
21
22
SIM5
SIM1
SIM2
SIM3
SIM4
1
21
22
SIM5
SIM1
SIM2
SIM3
SIM4
1
21
22
SIM5
SIM1
SIM2
SIM3
SIM4
1
21
22
SIM5
SIM1
SIM2
SIM3
SIM4
1
21
22
SIM5
SIM1
SIM2
SIM3
SIM4
1
21
22
SIM5
SIM1
SIM2
SIM3
SIM4
1
21
22
SIM5
SIM1
SIM2
SIM3
SIM4
1
21
22
SIM5
SIM1
SIM2
SIM3
SIM4
1
21
22
SIM5
SIM1
SIM2
SIM3
SIM4
1
21
22
SIM5
SIM1
SIM2
SIM3
SIM4
1
21
22
SIM5
SIM1
SIM2
SIM3
SIM4
1
21
22
SIM5
SIM1
SIM2
SIM3
SIM4
1
21
22
SIM5
SIM1
SIM2
SIM3
SIM4
1
21
22
SIM5
SIM1
SIM2
SIM3
SIM4
1
21
22
SIM5
SIM1
SIM2
SIM3
SIM4
1
21
22
SIM5
SIM1
SIM2
SIM3
SIM4
1
21
22
SIM5
SIM1
SIM2
SIM3
SIM4
1
21
22
SIM5
SIM1
SIM2
SIM3
SIM4
1
21
22
SIM5
SIM1
SIM2
SIM3
SIM4
1
21
22
SIM5
SIM1
SIM2
SIM3
SIM4
1
21
22
SIM5
SIM1
SIM2
SIM3
SIM4
1
21
22
SIM5
SIM1
SIM2
SIM3
SIM4
1
21
22
SIM5
SIM1
SIM2
SIM3
SIM4
1
21
22
SIM5
SIM1
SIM2
SIM3
SIM4
1
21
22
SIM5
SIM1
SIM2
SIM3
SIM4
1
21
22
SIM5
SIM1
SIM2
SIM3
SIM4
1
21
22
SIM5
SIM1
SIM2
SIM3
SIM4
1
21
22
SIM5
SIM1
SIM2
SIM3
SIM4
1
21
22
SIM5
SIM1
SIM2
SIM3
SIM4
1
21
22
SIM5
SIM1
SIM2
SIM3
SIM4
1
21
22
SIM5
SIM1
SIM2
SIM3
SIM4
1
21
22
SIM5
SIM1
SIM2
SIM3
SIM4
1
21
22
SIM5
SIM1
SIM2
SIM3
SIM4
1
21
22
SIM5
SIM1
SIM2
SIM3
SIM4
1
21
22
SIM5
SIM1
SIM2
SIM3
SIM4
1
21
22
SIM5
SIM1
SIM2
SIM3
SIM4
1
21
22
SIM5
SIM1
SIM2
SIM3
SIM4
1
21
22
SIM5
SIM1
SIM2
SIM3
SIM4
1
21
22
SIM5
SIM1
SIM2
SIM3
SIM4
1
21
22
SIM5
SIM1
SIM2
SIM3
SIM4
1
21
22
SIM5
SIM1
SIM2
SIM3
SIM4
1
21
22
SIM5
SIM1
SIM2
SIM3
SIM4
1
21
22
SIM5
SIM1
SIM2
SIM3
SIM4
1
21
22
SIM5
SIM1
SIM2
SIM3
SIM4
1
21
22
SIM5
SIM1
SIM2
SIM3
SIM4
1
21
22
SIM5
SIM1
SIM2
SIM3
SIM4
1
21
22
SIM5
SIM1
SIM2
SIM3
SIM4
1
21
22
SIM5
SIM1
SIM2
SIM3
SIM4
1
21
22
SIM5
SIM1
SIM2
SIM3
SIM4
1
21
22
SIM5
SIM1
SIM2
SIM3
SIM4
1
21
22
SIM5
SIM1
SIM2
SIM3
SIM4
1
21
22
SIM5
SIM1
SIM2
SIM3
SIM4
1
21
22
SIM5
SIM1
SIM2
SIM3
SIM4
1
21
22
SIM5
SIM1
SIM2
SIM3
SIM4
1
21
22
SIM5
SIM1
SIM2
SIM3
SIM4
1
21
22
SIM5
SIM1
SIM2
SIM3
SIM4
1
21
22
SIM5
SIM1
SIM2
SIM3
SIM4
1
21
22
SIM5
SIM1
SIM2
SIM3
SIM4
1
21
22
SIM5
SIM1
SIM2
SIM3
SIM4
1
21
22
SIM5
SIM1
SIM2
SIM3
SIM4
1
21
22
SIM5
SIM1
SIM2
SIM3
SIM4
1
21
22
SIM5
SIM1
SIM2
SIM3
SIM4
1
21
22
SIM5
SIM1
SIM2
SIM3
SIM4
1
21
22
SIM5
SIM1
SIM2
SIM3
SIM4
1
21
22
SIM5
SIM1
SIM2
SIM3
SIM4
1
21
22
SIM5
SIM1
SIM2
SIM3
SIM4
1
21
22
SIM5
SIM1
SIM2
SIM3
SIM4
1
21
22
SIM5
SIM1
SIM2
SIM3
SIM4
1
21
22
SIM5
SIM1
SIM2
SIM3
SIM4
1
21
22
SIM5
SIM1
SIM2
SIM3
SIM4
1
21
22
SIM5
SIM1
SIM2
SIM3
SIM4
1
21
22
SIM5
SIM1
SIM2
SIM3
SIM4
1
21
22
SIM5
SIM1
SIM2
SIM3
SIM4
1
21
22
SIM5
SIM1
SIM2
SIM3
SIM4
1
21
22
SIM5
SIM1
SIM2
SIM3
SIM4
1
21
22
SIM5
SIM1
SIM2
SIM3
SIM4
1
21
22
SIM5
SIM1
SIM2
SIM3
SIM4
1
21
22
SIM5
SIM1
SIM2
SIM3
SIM4
1
21
22
SIM5
SIM1
SIM2
SIM3
SIM4
1
21
22
SIM5
SIM1
SIM2
SIM3
SIM4
1
21
22
SIM5
SIM1
SIM2
SIM3
SIM4
1
21
22
SIM5
SIM1
SIM2
SIM3
SIM4
1
21
22
SIM5
SIM1
SIM2
SIM3
SIM4
1
21
22
SIM5
SIM1
SIM2
SIM3
SIM4
1
21
22
SIM5
SIM1
SIM2
SIM3
SIM4
1
21
22
SIM5
SIM1
SIM2
SIM3
SIM4
1
21
22
SIM5
SIM1
SIM2
SIM3
SIM4
1
21
22
SIM5
SIM1
SIM2
SIM3
SIM4
1
21
22
SIM5
SIM1
SIM2
SIM3
SIM4
1
21
22
SIM5
SIM1
SIM2
SIM3
SIM4
1
21
22
SIM5
SIM1
SIM2
SIM3
SIM4
1
21
22
SIM5
SIM1
SIM2
SIM3
SIM4
1
21
22
SIM5
SIM1
SIM2
SIM3
SIM4
1
21
22
SIM5
SIM1
SIM2
SIM3
SIM4
1
21
22
SIM5
SIM1
SIM2
SIM3
SIM4
1
21
22
SIM5
SIM1
SIM2
SIM3
SIM4
1
21
22
SIM5
SIM1
SIM2
SIM3
SIM4
1
21
22
SIM5
SIM1
SIM2
SIM3
SIM4
1
21
22
SIM5
SIM1
SIM2
SIM3
SIM4
1
21
22
SIM5
SIM1
SIM2
SIM3
SIM4
1
21
22
SIM5
SIM1
SIM2
SIM3
SIM4
1
21
22
SIM5
SIM1
SIM2
SIM3
SIM4
1
21
22
SIM5
SIM1
SIM2
DEBUG 1 741
SIM1
SIM2
SIM3
SIM4
1
21
22
SIM5
SIM1
SIM2
SIM3
SIM4
1
21
22
SIM5
SIM1
SIM2
SIM3
SIM4
1
21
22
SIM5
SIM1
SIM2
SIM3
SIM4
1
21
22
SIM5
SIM1
SIM2
SIM3
SIM4
1
21
22
SIM5
SIM1
SIM2
SIM3
SIM4
1
21
22
SIM5
SIM1
SIM2
SIM3
SIM4
1
21
22
SIM5
SIM1
SIM2
SIM3
SIM4
1
21
22
SIM5
SIM1
SIM2
SIM3
SIM4
1
21
22
SIM5
SIM1
SIM2
SIM3
SIM4
1
21
22
SIM5
SIM1
SIM2
SIM3
SIM4
1
21
22
SIM5
SIM1
SIM2
SIM3
SIM4
1
21
22
SIM5
SIM1
SIM2
SIM3
SIM4
1
21
22
SIM5
SIM1
SIM2
SIM3
SIM4
1
21
22
SIM5
SIM1
SIM2
SIM3
SIM4
1
21
22
SIM5
SIM1
SIM2
SIM3
SIM4
1
21
22
SIM5
SIM1
SIM2
SIM3
SIM4
1
21
22
SIM5
SIM1
SIM2
SIM3
SIM4
1
21
22
SIM5
SIM1
SIM2
SIM3
SIM4
1
21
22
SIM5
SIM1
SIM2
SIM3
SIM4
1
21
22
SIM5
SIM1
SIM2
SIM3
SIM4
1
21
22
SIM5
SIM1
SIM2
SIM3
SIM4
1
21
22
SIM5
SIM1
SIM2
SIM3
SIM4
1
21
22
SIM5
SIM1
SIM2
SIM3
SIM4
1
21
22
SIM5
SIM1
SIM2
SIM3
SIM4
1
21
22
SIM5
SIM1
SIM2
SIM3
SIM4
1
21
22
SIM5
SIM1
SIM2
SIM3
SIM4
1
21
22
SIM5
SIM1
SIM2
SIM3
SIM4
1
21
22
SIM5
SIM1
SIM2
SIM3
SIM4
1
21
22
SIM5
SIM1
SIM2
SIM3
SIM4
1
21
22
SIM5
SIM1
SIM2
SIM3
SIM4
1
21
22
SIM5
SIM1
SIM2
SIM3
SIM4
1
21
22
SIM5
SIM1
SIM2
SIM3
SIM4
1
21
22
SIM5
SIM1
SIM2
SIM3
SIM4
1
21
22
SIM5
SIM1
SIM2
SIM3
SIM4
1
21
22
SIM5
SIM1
SIM2
SIM3
SIM4
1
21
22
SIM5
SIM1
SIM2
SIM3
SIM4
1
21
22
SIM5
SIM1
SIM2
SIM3
SIM4
1
21
22
SIM5
SIM1
SIM2
DEBUG 1 742
SIM1
SIM2
SIM3
SIM4
1
21
22
SIM5
SIM1
SIM2
SIM3
SIM4
1
21
22
SIM5
SIM1
SIM2
SIM3
SIM4
1
21
22
SIM5
SIM1
SIM2
SIM3
SIM4
1
21
22
SIM5
SIM1
SIM2
SIM3
SIM4
1
21
22
SIM5
SIM1
SIM2
SIM3
SIM4
1
21
22
SIM5
SIM1
SIM2
SIM3
SIM4
1
21
22
SIM5
SIM1
SIM2
SIM3
SIM4
1
21
22
SIM5
SIM1
SIM2
SIM3
SIM4
1
21
22
SIM5
SIM1
SIM2
SIM3
SIM4
1
21
22
SIM5
SIM1
SIM2
SIM3
SIM4
1
21
22
SIM5
SIM1
SIM2
SIM3
SIM4
1
21
22
SIM5
SIM1
SIM2
SIM3
SIM4
1
21
22
SIM5
SIM1
SIM2
SIM3
SIM4
1
21
22
SIM5
SIM1
SIM2
SIM3
SIM4
1
21
22
SIM5
SIM1
SIM2
SIM3
SIM4
1
21
22
SIM5
SIM1
SIM2
SIM3
SIM4
1
21
22
SIM5
SIM1
SIM2
SIM3
SIM4
1
21
22
SIM5
SIM1
SIM2
SIM3
SIM4
1
21
22
SIM5
SIM1
SIM2
SIM3
SIM4
1
21
22
SIM5
SIM1
SIM2
SIM3
SIM4
1
21
22
SIM5
SIM1
SIM2
SIM3
SIM4
1
21
22
SIM5
SIM1
SIM2
SIM3
SIM4
1
21
22
SIM5
SIM1
SIM2
SIM3
SIM4
1
21
22
SIM5
SIM1
SIM2
SIM3
SIM4
1
21
22
SIM5
SIM1
SIM2
SIM3
SIM4
1
21
22
SIM5
SIM1
SIM2
SIM3
SIM4
1
21
22
SIM5
SIM1
SIM2
SIM3
SIM4
1
21
22
SIM5
SIM1
SIM2
SIM3
SIM4
1
21
22
SIM5
SIM1
SIM2
SIM3
SIM4
1
21
22
SIM5
SIM1
SIM2
SIM3
SIM4
1
21
22
SIM5
SIM1
SIM2
SIM3
SIM4
1
21
22
SIM5
SIM1
SIM2
SIM3
SIM4
1
21
22
SIM5
SIM1
SIM2
SIM3
SIM4
1
21
22
SIM5
SIM1
SIM2
SIM3
SIM4
1
21
22
SIM5
SIM1
SIM2
SIM3
SIM4
1
21
22
SIM5
SIM1
SIM2
SIM3
SIM4
1
21
22
SIM5
SIM1
SIM2
SIM3
SIM4
1
21
22
SIM5
SIM1
SIM2
SIM3
SIM4
1
21
22
SIM5
SIM1
SIM2
SIM3
SIM4
1
21
22
SIM5
SIM1
SIM2
SIM3
SIM4
1
21
22
SIM5
SIM1
SIM2
SIM3
SIM4
1
21
22
SIM5
SIM1
SIM2
SIM3
SIM4
1
21
22
SIM5
SIM1
SIM2
SIM3
SIM4
1
21
22
SIM5
SIM1
SIM2
SIM3
SIM4
1
21
22
SIM5
SIM1
SIM2
SIM3
SIM4
1
21
22
SIM5
SIM1
SIM2
SIM3
SIM4
1
21
22
SIM5
SIM1
SIM2
SIM3
SIM4
1
21
22
SIM5
SIM1
SIM2
SIM3
SIM4
1
21
22
SIM5
SIM1
SIM2
SIM3
SIM4
1
21
22
SIM5
SIM1
SIM2
SIM3
SIM4
1
21
22
SIM5
SIM1
SIM2
SIM3
SIM4
1
21
22
SIM5
SIM1
SIM2
SIM3
SIM4
1
21
22
SIM5
SIM1
SIM2
SIM3
SIM4
1
21
22
SIM5
SIM1
SIM2
SIM3
SIM4
1
21
22
SIM5
SIM1
SIM2
SIM3
SIM4
1
21
22
SIM5
SIM1
SIM2
SIM3
SIM4
1
21
22
SIM5
SIM1
SIM2
SIM3
SIM4
1
21
22
SIM5
SIM1
SIM2
SIM3
SIM4
1
21
22
SIM5
SIM1
SIM2
SIM3
SIM4
1
21
22
SIM5
SIM1
SIM2
SIM3
SIM4
1
21
22
SIM5
SIM1
SIM2
SIM3
SIM4
1
21
22
SIM5
SIM1
SIM2
SIM3
SIM4
1
21
22
SIM5
SIM1
SIM2
SIM3
SIM4
1
21
22
SIM5
SIM1
SIM2
SIM3
SIM4
1
21
22
SIM5
SIM1
SIM2
SIM3
SIM4
1
21
22
SIM5
SIM1
SIM2
SIM3
SIM4
1
21
22
SIM5
SIM1
SIM2
SIM3
SIM4
1
21
22
SIM5
SIM1
SIM2
SIM3
SIM4
1
21
22
SIM5
SIM1
SIM2
SIM3
SIM4
1
21
22
SIM5
SIM1
SIM2
SIM3
SIM4
1
21
22
SIM5
SIM1
SIM2
SIM3
SIM4
1
21
22
SIM5
SIM1
SIM2
SIM3
SIM4
1
21
22
SIM5
SIM1
SIM2
SIM3
SIM4
1
21
22
SIM5
SIM1
SIM2
SIM3
SIM4
1
21
22
SIM5
SIM1
SIM2
SIM3
SIM4
1
21
22
SIM5
SIM1
SIM2
SIM3
SIM4
1
21
22
SIM5
SIM1
SIM2
SIM3
SIM4
1
21
22
SIM5
SIM1
SIM2
SIM3
SIM4
1
21
22
SIM5
SIM1
SIM2
SIM3
SIM4
1
21
22
SIM5
SIM1
SIM2
SIM3
SIM4
1
21
22
SIM5
SIM1
SIM2
SIM3
SIM4
1
21
22
SIM5
SIM1
SIM2
SIM3
SIM4
1
21
22
SIM5
SIM1
SIM2
SIM3
SIM4
1
21
22
SIM5
SIM1
SIM2
SIM3
SIM4
1
21
22
SIM5
SIM1
SIM2
SIM3
SIM4
1
21
22
SIM5
SIM1
SIM2
SIM3
SIM4
1
21
22
SIM5
SIM1
SIM2
SIM3
SIM4
1
21
22
SIM5
SIM1
SIM2
SIM3
SIM4
1
21
22
SIM5
SIM1
SIM2
SIM3
SIM4
1
21
22
SIM5
SIM1
SIM2
SIM3
SIM4
1
21
22
SIM5
SIM1
SIM2
SIM3
SIM4
1
21
22
SIM5
SIM1
SIM2
SIM3
SIM4
1
21
22
SIM5
SIM1
SIM2
SIM3
SIM4
1
21
22
SIM5
SIM1
SIM2
SIM3
SIM4
1
21
22
SIM5
SIM1
SIM2
SIM3
SIM4
1
21
22
SIM5
SIM1
SIM2
SIM3
SIM4
1
21
22
SIM5
SIM1
SIM2
SIM3
SIM4
1
21
22
SIM5
SIM1
SIM2
SIM3
SIM4
1
21
22
SIM5
SIM1
SIM2
SIM3
SIM4
1
21
22
SIM5
SIM1
SIM2
SIM3
SIM4
1
21
22
SIM5
SIM1
SIM2
SIM3
SIM4
1
21
22
SIM5
SIM1
SIM2
SIM3
SIM4
1
21
22
SIM5
SIM1
SIM2
SIM3
SIM4
1
21
22
SIM5
SIM1
SIM2
SIM3
SIM4
1
21
22
SIM5
SIM1
SIM2
SIM3
SIM4
1
21
22
SIM5
SIM1
SIM2
SIM3
SIM4
1
21
22
SIM5
SIM1
SIM2
SIM3
SIM4
1
21
22
SIM5
SIM1
SIM2
SIM3
SIM4
1
21
22
SIM5
SIM1
SIM2
SIM3
SIM4
1
21
22
SIM5
SIM1
SIM2
SIM3
SIM4
1
21
22
SIM5
SIM1
SIM2
SIM3
SIM4
1
21
22
SIM5
SIM1
SIM2
SIM3
SIM4
1
21
22
SIM5
SIM1
SIM2
SIM3
SIM4
1
21
22
SIM5
SIM1
SIM2
SIM3
SIM4
1
21
22
SIM5
SIM1
SIM2
SIM3
SIM4
1
21
22
SIM5
SIM1
SIM2
SIM3
SIM4
1
21
22
SIM5
SIM1
SIM2
SIM3
SIM4
1
21
22
SIM5
SIM1
SIM2
SIM3
SIM4
1
21
22
SIM5
SIM1
SIM2
SIM3
SIM4
1
21
22
SIM5
SIM1
SIM2
SIM3
SIM4
1
21
22
SIM5
SIM1
SIM2
SIM3
SIM4
1
21
22
SIM5
SIM1
SIM2
SIM3
SIM4
1
21
22
SIM5
SIM1
SIM2
SIM3
SIM4
1
21
22
SIM5
SIM1
SIM2
SIM3
SIM4
1
21
22
SIM5
SIM1
SIM2
SIM3
SIM4
1
21
22
SIM5
SIM1
SIM2
SIM3
SIM4
1
21
22
SIM5
SIM1
SIM2
SIM3
SIM4
1
21
22
SIM5
SIM1
SIM2
SIM3
SIM4
1
21
22
SIM5
SIM1
SIM2
SIM3
SIM4
1
21
22
SIM5
SIM1
SIM2
SIM3
SIM4
1
21
22
SIM5
SIM1
SIM2
SIM3
SIM4
1
21
22
SIM5
SIM1
SIM2
SIM3
SIM4
1
21
22
SIM5
SIM1
SIM2
SIM3
SIM4
1
21
22
SIM5
SIM1
SIM2
SIM3
SIM4
1
21
22
SIM5
SIM1
SIM2
SIM3
SIM4
1
21
22
SIM5
SIM1
SIM2
SIM3
SIM4
1
21
22
SIM5
SIM1
SIM2
SIM3
SIM4
1
21
22
SIM5
SIM1
SIM2
SIM3
SIM4
1
21
22
SIM5
SIM1
SIM2
SIM3
SIM4
1
21
22
SIM5
SIM1
SIM2
SIM3
SIM4
1
21
22
SIM5
SIM1
SIM2
SIM3
SIM4
1
21
22
SIM5
SIM1
SIM2
SIM3
SIM4
1
21
22
SIM5
SIM1
SIM2
SIM3
SIM4
1
21
22
SIM5
SIM1
SIM2
SIM3
SIM4
1
21
22
SIM5
SIM1
SIM2
SIM3
SIM4
1
21
22
SIM5
SIM1
SIM2
SIM3
SIM4
1
21
22
SIM5
SIM1
SIM2
SIM3
SIM4
1
21
22
SIM5
SIM1
SIM2
SIM3
SIM4
1
21
22
SIM5
SIM1
SIM2
SIM3
SIM4
1
21
22
SIM5
SIM1
SIM2
SIM3
SIM4
1
21
22
SIM5
SIM1
SIM2
SIM3
SIM4
1
21
22
SIM5
SIM1
SIM2
SIM3
SIM4
1
21
22
SIM5
SIM1
SIM2
SIM3
SIM4
1
21
22
SIM5
SIM1
SIM2
SIM3
SIM4
1
21
22
SIM5
SIM1
SIM2
SIM3
SIM4
1
21
22
SIM5
SIM1
SIM2
SIM3
SIM4
1
21
22
SIM5
SIM1
SIM2
SIM3
SIM4
1
21
22
SIM5
SIM1
SIM2
SIM3
SIM4
1
21
22
SIM5
SIM1
SIM2
SIM3
SIM4
1
21
22
SIM5
SIM1
SIM2
SIM3
SIM4
1
21
22
SIM5
SIM1
SIM2
SIM3
SIM4
1
21
22
SIM5
SIM1
SIM2
SIM3
SIM4
1
21
22
SIM5
SIM1
SIM2
SIM3
SIM4
1
21
22
SIM5
SIM1
SIM2
SIM3
SIM4
1
21
22
SIM5
SIM1
SIM2
SIM3
SIM4
1
21
22
SIM5
SIM1
SIM2
DEBUG 1 743
SIM1
SIM2
SIM3
SIM4
1
21
22
SIM5
SIM1
SIM2
SIM3
SIM4
1
21
22
SIM5
SIM1
SIM2
SIM3
SIM4
1
21
22
SIM5
SIM1
SIM2
SIM3
SIM4
1
21
22
SIM5
SIM1
SIM2
SIM3
SIM4
1
21
22
SIM5
SIM1
SIM2
SIM3
SIM4
1
21
22
SIM5
SIM1
SIM2
SIM3
SIM4
1
21
22
SIM5
SIM1
SIM2
SIM3
SIM4
1
21
22
SIM5
SIM1
SIM2
SIM3
SIM4
1
21
22
SIM5
SIM1
SIM2
SIM3
SIM4
1
21
22
SIM5
SIM1
SIM2
SIM3
SIM4
1
21
22
SIM5
SIM1
SIM2
SIM3
SIM4
1
21
22
SIM5
SIM1
SIM2
SIM3
SIM4
1
21
22
SIM5
SIM1
SIM2
SIM3
SIM4
1
21
22
SIM5
SIM1
SIM2
SIM3
SIM4
1
21
22
SIM5
SIM1
SIM2
SIM3
SIM4
1
21
22
SIM5
SIM1
SIM2
SIM3
SIM4
1
21
22
SIM5
SIM1
SIM2
SIM3
SIM4
1
21
22
SIM5
SIM1
SIM2
SIM3
SIM4
1
21
22
SIM5
SIM1
SIM2
SIM3
SIM4
1
21
22
SIM5
SIM1
SIM2
SIM3
SIM4
1
21
22
SIM5
SIM1
SIM2
SIM3
SIM4
1
21
22
SIM5
SIM1
SIM2
SIM3
SIM4
1
21
22
SIM5
SIM1
SIM2
SIM3
SIM4
1
21
22
SIM5
SIM1
SIM2
SIM3
SIM4
1
21
22
SIM5
SIM1
SIM2
SIM3
SIM4
1
21
22
SIM5
SIM1
SIM2
SIM3
SIM4
1
21
22
SIM5
SIM1
SIM2
SIM3
SIM4
1
21
22
SIM5
SIM1
SIM2
SIM3
SIM4
1
21
22
SIM5
SIM1
SIM2
SIM3
SIM4
1
21
22
SIM5
SIM1
SIM2
SIM3
SIM4
1
21
22
SIM5
SIM1
SIM2
SIM3
SIM4
1
21
22
SIM5
SIM1
SIM2
SIM3
SIM4
1
21
22
SIM5
SIM1
SIM2
SIM3
SIM4
1
21
22
SIM5
SIM1
SIM2
SIM3
SIM4
1
21
22
SIM5
SIM1
SIM2
SIM3
SIM4
1
21
22
SIM5
SIM1
SIM2
SIM3
SIM4
1
21
22
SIM5
SIM1
SIM2
SIM3
SIM4
1
21
22
SIM5
SIM1
SIM2
SIM3
SIM4
1
21
22
SIM5
SIM1
SIM2
SIM3
SIM4
1
21
22
SIM5
SIM1
SIM2
SIM3
SIM4
1
21
22
SIM5
SIM1
SIM2
SIM3
SIM4
1
21
22
SIM5
SIM1
SIM2
SIM3
SIM4
1
21
22
SIM5
SIM1
SIM2
SIM3
SIM4
1
21
22
SIM5
SIM1
SIM2
SIM3
SIM4
1
21
22
SIM5
SIM1
SIM2
SIM3
SIM4
1
21
22
SIM5
SIM1
SIM2
SIM3
SIM4
1
21
22
SIM5
SIM1
SIM2
SIM3
SIM4
1
21
22
SIM5
SIM1
SIM2
SIM3
SIM4
1
21
22
SIM5
SIM1
SIM2
SIM3
SIM4
1
21
22
SIM5
SIM1
SIM2
SIM3
SIM4
1
21
22
SIM5
SIM1
SIM2
SIM3
SIM4
1
21
22
SIM5
SIM1
SIM2
SIM3
SIM4
1
21
22
SIM5
SIM1
SIM2
SIM3
SIM4
1
21
22
SIM5
SIM1
SIM2
SIM3
SIM4
1
21
22
SIM5
SIM1
SIM2
SIM3
SIM4
1
21
22
SIM5
SIM1
SIM2
SIM3
SIM4
1
21
22
SIM5
SIM1
SIM2
SIM3
SIM4
1
21
22
SIM5
SIM1
SIM2
SIM3
SIM4
1
21
22
SIM5
SIM1
SIM2
SIM3
SIM4
1
21
22
SIM5
SIM1
SIM2
SIM3
SIM4
1
21
22
SIM5
SIM1
SIM2
SIM3
SIM4
1
21
22
SIM5
SIM1
SIM2
SIM3
SIM4
1
21
22
SIM5
SIM1
SIM2
SIM3
SIM4
1
21
22
SIM5
SIM1
SIM2
SIM3
SIM4
1
21
22
SIM5
SIM1
SIM2
SIM3
SIM4
1
21
22
SIM5
SIM1
SIM2
SIM3
SIM4
1
21
22
SIM5
SIM1
SIM2
SIM3
SIM4
1
21
22
SIM5
SIM1
SIM2
SIM3
SIM4
1
21
22
SIM5
SIM1
SIM2
SIM3
SIM4
1
21
22
SIM5
SIM1
SIM2
SIM3
SIM4
1
21
22
SIM5
SIM1
SIM2
SIM3
SIM4
1
21
22
SIM5
SIM1
SIM2
SIM3
SIM4
1
21
22
SIM5
SIM1
SIM2
SIM3
SIM4
1
21
22
SIM5
SIM1
SIM2
SIM3
SIM4
1
21
22
SIM5
SIM1
SIM2
SIM3
SIM4
1
21
22
SIM5
SIM1
SIM2
SIM3
SIM4
1
21
22
SIM5
SIM1
SIM2
SIM3
SIM4
1
21
22
SIM5
SIM1
SIM2
SIM3
SIM4
1
21
22
SIM5
SIM1
SIM2
SIM3
SIM4
1
21
22
SIM5
SIM1
SIM2
SIM3
SIM4
1
21
22
SIM5
SIM1
SIM2
SIM3
SIM4
1
21
22
SIM5
SIM1
SIM2
SIM3
SIM4
1
21
22
SIM5
SIM1
SIM2
SIM3
SIM4
1
21
22
SIM5
SIM1
SIM2
SIM3
SIM4
1
21
22
SIM5
SIM1
SIM2
SIM3
SIM4
1
21
22
SIM5
SIM1
SIM2
SIM3
SIM4
1
21
22
SIM5
SIM1
SIM2
SIM3
SIM4
1
21
22
SIM5
SIM1
SIM2
SIM3
SIM4
1
21
22
SIM5
SIM1
SIM2
SIM3
SIM4
1
21
22
SIM5
SIM1
SIM2
SIM3
SIM4
1
21
22
SIM5
SIM1
SIM2
SIM3
SIM4
1
21
22
SIM5
SIM1
SIM2
SIM3
SIM4
1
21
22
SIM5
SIM1
SIM2
SIM3
SIM4
1
21
22
SIM5
SIM1
SIM2
SIM3
SIM4
1
21
22
SIM5
SIM1
SIM2
SIM3
SIM4
1
21
22
SIM5
SIM1
SIM2
SIM3
SIM4
1
21
22
SIM5
SIM1
SIM2
SIM3
SIM4
1
21
22
SIM5
SIM1
SIM2
SIM3
SIM4
1
21
22
SIM5
SIM1
SIM2
SIM3
SIM4
1
21
22
SIM5
SIM1
SIM2
SIM3
SIM4
1
21
22
SIM5
SIM1
SIM2
SIM3
SIM4
1
21
22
SIM5
SIM1
SIM2
SIM3
SIM4
1
21
22
SIM5
SIM1
SIM2
SIM3
SIM4
1
21
22
SIM5
SIM1
SIM2
SIM3
SIM4
1
21
22
SIM5
SIM1
SIM2
SIM3
SIM4
1
21
22
SIM5
SIM1
SIM2
SIM3
SIM4
1
21
22
SIM5
SIM1
SIM2
SIM3
SIM4
1
21
22
SIM5
SIM1
SIM2
SIM3
SIM4
1
21
22
SIM5
SIM1
SIM2
SIM3
SIM4
1
21
22
SIM5
SIM1
SIM2
SIM3
SIM4
1
21
22
SIM5
SIM1
SIM2
SIM3
SIM4
1
21
22
SIM5
SIM1
SIM2
SIM3
SIM4
1
21
22
SIM5
SIM1
SIM2
SIM3
SIM4
1
21
22
SIM5
SIM1
SIM2
SIM3
SIM4
1
21
22
SIM5
SIM1
SIM2
SIM3
SIM4
1
21
22
SIM5
SIM1
SIM2
SIM3
SIM4
1
21
22
SIM5
SIM1
SIM2
SIM3
SIM4
1
21
22
SIM5
SIM1
SIM2
SIM3
SIM4
1
21
22
SIM5
SIM1
SIM2
SIM3
SIM4
1
21
22
SIM5
SIM1
SIM2
SIM3
SIM4
1
21
22
SIM5
SIM1
SIM2
SIM3
SIM4
1
21
22
SIM5
SIM1
SIM2
SIM3
SIM4
1
21
22
SIM5
SIM1
SIM2
SIM3
SIM4
1
21
22
SIM5
SIM1
SIM2
SIM3
SIM4
1
21
22
SIM5
SIM1
SIM2
SIM3
SIM4
1
21
22
SIM5
SIM1
SIM2
SIM3
SIM4
1
21
22
SIM5
SIM1
SIM2
SIM3
SIM4
1
21
22
SIM5
SIM1
SIM2
SIM3
SIM4
1
21
22
SIM5
SIM1
SIM2
SIM3
SIM4
1
21
22
SIM5
SIM1
SIM2
SIM3
SIM4
1
21
22
SIM5
SIM1
SIM2
SIM3
SIM4
1
21
22
SIM5
SIM1
SIM2
SIM3
SIM4
1
21
22
SIM5
SIM1
SIM2
SIM3
SIM4
1
21
22
SIM5
SIM1
SIM2
SIM3
SIM4
1
21
22
SIM5
SIM1
SIM2
SIM3
SIM4
1
21
22
SIM5
SIM1
SIM2
SIM3
SIM4
1
21
22
SIM5
SIM1
SIM2
SIM3
SIM4
1
21
22
SIM5
SIM1
SIM2
SIM3
SIM4
1
21
22
SIM5
SIM1
SIM2
SIM3
SIM4
1
21
22
SIM5
SIM1
SIM2
SIM3
SIM4
1
21
22
SIM5
SIM1
SIM2
SIM3
SIM4
1
21
22
SIM5
SIM1
SIM2
SIM3
SIM4
1
21
22
SIM5
SIM1
SIM2
SIM3
SIM4
1
21
22
SIM5
SIM1
SIM2
SIM3
SIM4
1
21
22
SIM5
SIM1
SIM2
SIM3
SIM4
1
21
22
SIM5
SIM1
SIM2
SIM3
SIM4
1
21
22
SIM5
SIM1
SIM2
SIM3
SIM4
1
21
22
SIM5
SIM1
SIM2
DEBUG 1 744
SIM1
SIM2
SIM3
SIM4
1
21
22
SIM5
SIM1
SIM2
SIM3
SIM4
1
21
22
SIM5
SIM1
SIM2
SIM3
SIM4
1
21
22
SIM5
SIM1
SIM2
SIM3
SIM4
1
21
22
SIM5
SIM1
SIM2
SIM3
SIM4
1
21
22
SIM5
SIM1
SIM2
SIM3
SIM4
1
21
22
SIM5
SIM1
SIM2
SIM3
SIM4
1
21
22
SIM5
SIM1
SIM2
SIM3
SIM4
1
21
22
SIM5
SIM1
SIM2
SIM3
SIM4
1
21
22
SIM5
SIM1
SIM2
SIM3
SIM4
1
21
22
SIM5
SIM1
SIM2
SIM3
SIM4
1
21
22
SIM5
SIM1
SIM2
SIM3
SIM4
1
21
22
SIM5
SIM1
SIM2
SIM3
SIM4
1
21
22
SIM5
SIM1
SIM2
SIM3
SIM4
1
21
22
SIM5
SIM1
SIM2
SIM3
SIM4
1
21
22
SIM5
SIM1
SIM2
SIM3
SIM4
1
21
22
SIM5
SIM1
SIM2
SIM3
SIM4
1
21
22
SIM5
SIM1
SIM2
SIM3
SIM4
1
21
22
SIM5
SIM1
SIM2
SIM3
SIM4
1
21
22
SIM5
SIM1
SIM2
SIM3
SIM4
1
21
22
SIM5
SIM1
SIM2
SIM3
SIM4
1
21
22
SIM5
SIM1
SIM2
SIM3
SIM4
1
21
22
SIM5
SIM1
SIM2
SIM3
SIM4
1
21
22
SIM5
SIM1
SIM2
SIM3
SIM4
1
21
22
SIM5
SIM1
SIM2
SIM3
SIM4
1
21
22
SIM5
SIM1
SIM2
SIM3
SIM4
1
21
22
SIM5
SIM1
SIM2
SIM3
SIM4
1
21
22
SIM5
SIM1
SIM2
SIM3
SIM4
1
21
22
SIM5
SIM1
SIM2
SIM3
SIM4
1
21
22
SIM5
SIM1
SIM2
SIM3
SIM4
1
21
22
SIM5
SIM1
SIM2
SIM3
SIM4
1
21
22
SIM5
SIM1
SIM2
SIM3
SIM4
1
21
22
SIM5
SIM1
SIM2
SIM3
SIM4
1
21
22
SIM5
SIM1
SIM2
SIM3
SIM4
1
21
22
SIM5
SIM1
SIM2
SIM3
SIM4
1
21
22
SIM5
SIM1
SIM2
SIM3
SIM4
1
21
22
SIM5
SIM1
SIM2
SIM3
SIM4
1
21
22
SIM5
SIM1
SIM2
SIM3
SIM4
1
21
22
SIM5
SIM1
SIM2
SIM3
SIM4
1
21
22
SIM5
SIM1
SIM2
SIM3
SIM4
1
21
22
SIM5
SIM1
SIM2
SIM3
SIM4
1
21
22
SIM5
SIM1
SIM2
SIM3
SIM4
1
21
22
SIM5
SIM1
SIM2
SIM3
SIM4
1
21
22
SIM5
SIM1
SIM2
SIM3
SIM4
1
21
22
SIM5
SIM1
SIM2
SIM3
SIM4
1
21
22
SIM5
SIM1
SIM2
SIM3
SIM4
1
21
22
SIM5
SIM1
SIM2
SIM3
SIM4
1
21
22
SIM5
SIM1
SIM2
SIM3
SIM4
1
21
22
SIM5
SIM1
SIM2
SIM3
SIM4
1
21
22
SIM5
SIM1
SIM2
SIM3
SIM4
1
21
22
SIM5
SIM1
SIM2
SIM3
SIM4
1
21
22
SIM5
SIM1
SIM2
SIM3
SIM4
1
21
22
SIM5
SIM1
SIM2
SIM3
SIM4
1
21
22
SIM5
SIM1
SIM2
SIM3
SIM4
1
21
22
SIM5
SIM1
SIM2
SIM3
SIM4
1
21
22
SIM5
SIM1
SIM2
SIM3
SIM4
1
21
22
SIM5
SIM1
SIM2
SIM3
SIM4
1
21
22
SIM5
SIM1
SIM2
SIM3
SIM4
1
21
22
SIM5
SIM1
SIM2
SIM3
SIM4
1
21
22
SIM5
SIM1
SIM2
SIM3
SIM4
1
21
22
SIM5
SIM1
SIM2
SIM3
SIM4
1
21
22
SIM5
SIM1
SIM2
SIM3
SIM4
1
21
22
SIM5
SIM1
SIM2
SIM3
SIM4
1
21
22
SIM5
SIM1
SIM2
SIM3
SIM4
1
21
22
SIM5
SIM1
SIM2
SIM3
SIM4
1
21
22
SIM5
SIM1
SIM2
SIM3
SIM4
1
21
22
SIM5
SIM1
SIM2
SIM3
SIM4
1
21
22
SIM5
SIM1
SIM2
SIM3
SIM4
1
21
22
SIM5
SIM1
SIM2
SIM3
SIM4
1
21
22
SIM5
SIM1
SIM2
SIM3
SIM4
1
21
22
SIM5
SIM1
SIM2
SIM3
SIM4
1
21
22
SIM5
SIM1
SIM2
SIM3
SIM4
1
21
22
SIM5
SIM1
SIM2
SIM3
SIM4
1
21
22
SIM5
SIM1
SIM2
SIM3
SIM4
1
21
22
SIM5
SIM1
SIM2
SIM3
SIM4
1
21
22
SIM5
SIM1
SIM2
SIM3
SIM4
1
21
22
SIM5
SIM1
SIM2
SIM3
SIM4
1
21
22
SIM5
SIM1
SIM2
SIM3
SIM4
1
21
22
SIM5
SIM1
SIM2
SIM3
SIM4
1
21
22
SIM5
SIM1
SIM2
SIM3
SIM4
1
21
22
SIM5
SIM1
SIM2
SIM3
SIM4
1
21
22
SIM5
SIM1
SIM2
SIM3
SIM4
1
21
22
SIM5
SIM1
SIM2
SIM3
SIM4
1
21
22
SIM5
SIM1
SIM2
SIM3
SIM4
1
21
22
SIM5
SIM1
SIM2
SIM3
SIM4
1
21
22
SIM5
SIM1
SIM2
SIM3
SIM4
1
21
22
SIM5
SIM1
SIM2
SIM3
SIM4
1
21
22
SIM5
SIM1
SIM2
SIM3
SIM4
1
21
22
SIM5
SIM1
SIM2
SIM3
SIM4
1
21
22
SIM5
SIM1
SIM2
SIM3
SIM4
1
21
22
SIM5
SIM1
SIM2
SIM3
SIM4
1
21
22
SIM5
SIM1
SIM2
SIM3
SIM4
1
21
22
SIM5
SIM1
SIM2
SIM3
SIM4
1
21
22
SIM5
SIM1
SIM2
SIM3
SIM4
1
21
22
SIM5
SIM1
SIM2
SIM3
SIM4
1
21
22
SIM5
SIM1
SIM2
SIM3
SIM4
1
21
22
SIM5
SIM1
SIM2
SIM3
SIM4
1
21
22
SIM5
SIM1
SIM2
SIM3
SIM4
1
21
22
SIM5
SIM1
SIM2
SIM3
SIM4
1
21
22
SIM5
SIM1
SIM2
SIM3
SIM4
1
21
22
SIM5
SIM1
SIM2
SIM3
SIM4
1
21
22
SIM5
SIM1
SIM2
SIM3
SIM4
1
21
22
SIM5
SIM1
SIM2
SIM3
SIM4
1
21
22
SIM5
SIM1
SIM2
SIM3
SIM4
1
21
22
SIM5
SIM1
SIM2
SIM3
SIM4
1
21
22
SIM5
SIM1
SIM2
SIM3
SIM4
1
21
22
SIM5
SIM1
SIM2
SIM3
SIM4
1
21
22
SIM5
SIM1
SIM2
SIM3
SIM4
1
21
22
SIM5
SIM1
SIM2
SIM3
SIM4
1
21
22
SIM5
SIM1
SIM2
SIM3
SIM4
1
21
22
SIM5
SIM1
SIM2
SIM3
SIM4
1
21
22
SIM5
SIM1
SIM2
SIM3
SIM4
1
21
22
SIM5
SIM1
SIM2
SIM3
SIM4
1
21
22
SIM5
SIM1
SIM2
SIM3
SIM4
1
21
22
SIM5
SIM1
SIM2
SIM3
SIM4
1
21
22
SIM5
SIM1
SIM2
SIM3
SIM4
1
21
22
SIM5
SIM1
SIM2
SIM3
SIM4
1
21
22
SIM5
SIM1
SIM2
SIM3
SIM4
1
21
22
SIM5
SIM1
SIM2
SIM3
SIM4
1
21
22
SIM5
SIM1
SIM2
SIM3
SIM4
1
21
22
SIM5
SIM1
SIM2
SIM3
SIM4
1
21
22
SIM5
SIM1
SIM2
SIM3
SIM4
1
21
22
SIM5
SIM1
SIM2
SIM3
SIM4
1
21
22
SIM5
SIM1
SIM2
SIM3
SIM4
1
21
22
SIM5
SIM1
SIM2
SIM3
SIM4
1
21
22
SIM5
SIM1
SIM2
SIM3
SIM4
1
21
22
SIM5
SIM1
SIM2
SIM3
SIM4
1
21
22
SIM5
SIM1
SIM2
SIM3
SIM4
1
21
22
SIM5
SIM1
SIM2
SIM3
SIM4
1
21
22
SIM5
SIM1
SIM2
SIM3
SIM4
1
21
22
SIM5
SIM1
SIM2
SIM3
SIM4
1
21
22
SIM5
SIM1
SIM2
SIM3
SIM4
1
21
22
SIM5
SIM1
SIM2
SIM3
SIM4
1
21
22
SIM5
SIM1
SIM2
SIM3
SIM4
1
21
22
SIM5
SIM1
SIM2
SIM3
SIM4
1
21
22
SIM5
SIM1
SIM2
SIM3
SIM4
1
21
22
SIM5
SIM1
SIM2
SIM3
SIM4
1
21
22
SIM5
SIM1
SIM2
SIM3
SIM4
1
21
22
SIM5
SIM1
SIM2
SIM3
SIM4
1
21
22
SIM5
SIM1
SIM2
SIM3
SIM4
1
21
22
SIM5
SIM1
SIM2
SIM3
SIM4
1
21
22
SIM5
SIM1
SIM2
SIM3
SIM4
1
21
22
SIM5
SIM1
SIM2
SIM3
SIM4
1
21
22
SIM5
SIM1
SIM2
SIM3
SIM4
1
21
22
SIM5
SIM1
SIM2
SIM3
SIM4
1
21
22
SIM5
SIM1
SIM2
SIM3
SIM4
1
21
22
SIM5
SIM1
SIM2
SIM3
SIM4
1
21
22
SIM5
SIM1
SIM2
SIM3
SIM4
1
21
22
SIM5
SIM1
SIM2
SIM3
SIM4
1
21
22
SIM5
SIM1
SIM2
SIM3
SIM4
1
21
22
SIM5
SIM1
SIM2
SIM3
SIM4
1
21
22
SIM5
SIM1
SIM2
SIM3
SIM4
1
21
22
SIM5
SIM1
SIM2
SIM3
SIM4
1
21
22
SIM5
SIM1
SIM2
SIM3
SIM4
1
21
22
SIM5
SIM1
SIM2
SIM3
SIM4
1
21
22
SIM5
SIM1
SIM2
SIM3
SIM4
1
21
22
SIM5
SIM1
SIM2
SIM3
SIM4
1
21
22
SIM5
SIM1
SIM2
SIM3
SIM4
1
21
22
SIM5
SIM1
SIM2
SIM3
SIM4
1
21
22
SIM5
SIM1
SIM2
SIM3
SIM4
1
21
22
SIM5
SIM1
SIM2
SIM3
SIM4
1
21
22
SIM5
SIM1
SIM2
SIM3
SIM4
1
21
22
SIM5
SIM1
SIM2
SIM3
SIM4
1
21
22
SIM5
SIM1
SIM2
SIM3
SIM4
1
21
22
SIM5
SIM1
SIM2
SIM3
SIM4
1
21
22
SIM5
SIM1
SIM2
SIM3
SIM4
1
21
22
SIM5
SIM1
SIM2
SIM3
SIM4
1
21
22
SIM5
SIM1
SIM2
SIM3
SIM4
1
21
22
SIM5
SIM1
SIM2
SIM3
SIM4
1
21
22
SIM5
SIM1
SIM2
SIM3
SIM4
1
21
22
SIM5
SIM1
SIM2
SIM3
SIM4
1
21
22
SIM5
SIM1
SIM2
SIM3
SIM4
1
21
22
SIM5
SIM1
SIM2
SIM3
SIM4
1
21
22
SIM5
SIM1
SIM2
SIM3
SIM4
1
21
22
SIM5
SIM1
SIM2
SIM3
SIM4
1
21
22
SIM5
SIM1
SIM2
SIM3
SIM4
1
21
22
SIM5
SIM1
SIM2
SIM3
SIM4
1
21
22
SIM5
SIM1
SIM2
SIM3
SIM4
1
21
22
SIM5
SIM1
SIM2
SIM3
SIM4
1
21
22
SIM5
SIM1
SIM2
SIM3
SIM4
1
21
22
SIM5
SIM1
SIM2
SIM3
SIM4
1
21
22
SIM5
SIM1
SIM2
SIM3
SIM4
1
21
22
SIM5
SIM1
SIM2
SIM3
SIM4
1
21
22
SIM5
SIM1
SIM2
SIM3
SIM4
1
21
22
SIM5
SIM1
SIM2
SIM3
SIM4
1
21
22
SIM5
SIM1
SIM2
SIM3
SIM4
1
21
22
SIM5
SIM1
SIM2
SIM3
SIM4
1
21
22
SIM5
SIM1
SIM2
SIM3
SIM4
1
21
22
SIM5
SIM1
SIM2
SIM3
SIM4
1
21
22
SIM5
SIM1
SIM2
SIM3
SIM4
1
21
22
SIM5
SIM1
SIM2
SIM3
SIM4
1
21
22
SIM5
SIM1
SIM2
SIM3
SIM4
1
21
22
SIM5
SIM1
SIM2
SIM3
SIM4
1
21
22
SIM5
SIM1
SIM2
SIM3
SIM4
1
21
22
SIM5
SIM1
SIM2
SIM3
SIM4
1
21
22
SIM5
SIM1
SIM2
SIM3
SIM4
1
21
22
SIM5
SIM1
SIM2
SIM3
SIM4
1
21
22
SIM5
SIM1
SIM2
SIM3
SIM4
1
21
22
SIM5
SIM1
SIM2
SIM3
SIM4
1
21
22
SIM5
SIM1
SIM2
SIM3
SIM4
1
21
22
SIM5
SIM1
SIM2
SIM3
SIM4
1
21
22
SIM5
SIM1
SIM2
SIM3
SIM4
1
21
22
SIM5
SIM1
SIM2
SIM3
SIM4
1
21
22
SIM5
SIM1
SIM2
SIM3
SIM4
1
21
22
SIM5
SIM1
SIM2
SIM3
SIM4
1
21
22
SIM5
SIM1
SIM2
SIM3
SIM4
1
21
22
SIM5
SIM1
SIM2
SIM3
SIM4
1
21
22
SIM5
SIM1
SIM2
SIM3
SIM4
1
21
22
SIM5
SIM1
SIM2
SIM3
SIM4
1
21
22
SIM5
SIM1
SIM2
SIM3
SIM4
1
21
22
SIM5
SIM1
SIM2
SIM3
SIM4
1
21
22
SIM5
SIM1
SIM2
SIM3
SIM4
1
21
22
SIM5
SIM1
SIM2
SIM3
SIM4
1
21
22
SIM5
SIM1
SIM2
SIM3
SIM4
1
21
22
SIM5
SIM1
SIM2
SIM3
SIM4
1
21
22
SIM5
SIM1
SIM2
SIM3
SIM4
1
21
22
SIM5
SIM1
SIM2
SIM3
SIM4
1
21
22
SIM5
SIM1
SIM2
SIM3
SIM4
1
21
22
SIM5
SIM1
SIM2
SIM3
SIM4
1
21
22
SIM5
SIM1
SIM2
SIM3
SIM4
1
21
22
SIM5
SIM1
SIM2
SIM3
SIM4
1
21
22
SIM5
SIM1
SIM2
SIM3
SIM4
1
21
22
SIM5
SIM1
SIM2
SIM3
SIM4
1
21
22
SIM5
SIM1
SIM2
SIM3
SIM4
1
21
22
SIM5
SIM1
SIM2
SIM3
SIM4
1
21
22
SIM5
SIM1
SIM2
SIM3
SIM4
1
21
22
SIM5
SIM1
SIM2
SIM3
SIM4
1
21
22
SIM5
SIM1
SIM2
SIM3
SIM4
1
21
22
SIM5
SIM1
SIM2
SIM3
SIM4
1
21
22
SIM5
SIM1
SIM2
SIM3
SIM4
1
21
22
SIM5
SIM1
SIM2
SIM3
SIM4
1
21
22
SIM5
SIM1
SIM2
SIM3
SIM4
1
21
22
SIM5
SIM1
SIM2
SIM3
SIM4
1
21
22
SIM5
SIM1
SIM2
SIM3
SIM4
1
21
22
SIM5
SIM1
SIM2
SIM3
SIM4
1
21
22
SIM5
SIM1
SIM2
SIM3
SIM4
1
21
22
SIM5
SIM1
SIM2
SIM3
SIM4
1
21
22
SIM5
SIM1
SIM2
SIM3
SIM4
1
21
22
SIM5
SIM1
SIM2
SIM3
SIM4
1
21
22
SIM5
SIM1
SIM2
SIM3
SIM4
1
21
22
SIM5
SIM1
SIM2
SIM3
SIM4
1
21
22
SIM5
SIM1
SIM2
SIM3
SIM4
1
21
22
SIM5
SIM1
SIM2
SIM3
SIM4
1
21
22
SIM5
SIM1
SIM2
DEBUG 1 745
SIM1
SIM2
SIM3
SIM4
1
21
22
SIM5
SIM1
SIM2
SIM3
SIM4
1
21
22
SIM5
SIM1
SIM2
SIM3
SIM4
1
21
22
SIM5
SIM1
SIM2
SIM3
SIM4
1
21
22
SIM5
SIM1
SIM2
SIM3
SIM4
1
21
22
SIM5
SIM1
SIM2
SIM3
SIM4
1
21
22
SIM5
SIM1
SIM2
SIM3
SIM4
1
21
22
SIM5
SIM1
SIM2
SIM3
SIM4
1
21
22
SIM5
SIM1
SIM2
SIM3
SIM4
1
21
22
SIM5
SIM1
SIM2
SIM3
SIM4
1
21
22
SIM5
SIM1
SIM2
SIM3
SIM4
1
21
22
SIM5
SIM1
SIM2
SIM3
SIM4
1
21
22
SIM5
SIM1
SIM2
SIM3
SIM4
1
21
22
SIM5
SIM1
SIM2
SIM3
SIM4
1
21
22
SIM5
SIM1
SIM2
SIM3
SIM4
1
21
22
SIM5
SIM1
SIM2
SIM3
SIM4
1
21
22
SIM5
SIM1
SIM2
SIM3
SIM4
1
21
22
SIM5
SIM1
SIM2
SIM3
SIM4
1
21
22
SIM5
SIM1
SIM2
SIM3
SIM4
1
21
22
SIM5
SIM1
SIM2
SIM3
SIM4
1
21
22
SIM5
SIM1
SIM2
SIM3
SIM4
1
21
22
SIM5
SIM1
SIM2
SIM3
SIM4
1
21
22
SIM5
SIM1
SIM2
SIM3
SIM4
1
21
22
SIM5
SIM1
SIM2
SIM3
SIM4
1
21
22
SIM5
SIM1
SIM2
SIM3
SIM4
1
21
22
SIM5
SIM1
SIM2
SIM3
SIM4
1
21
22
SIM5
SIM1
SIM2
SIM3
SIM4
1
21
22
SIM5
SIM1
SIM2
SIM3
SIM4
1
21
22
SIM5
SIM1
SIM2
SIM3
SIM4
1
21
22
SIM5
SIM1
SIM2
SIM3
SIM4
1
21
22
SIM5
SIM1
SIM2
SIM3
SIM4
1
21
22
SIM5
SIM1
SIM2
SIM3
SIM4
1
21
22
SIM5
SIM1
SIM2
SIM3
SIM4
1
21
22
SIM5
SIM1
SIM2
SIM3
SIM4
1
21
22
SIM5
SIM1
SIM2
SIM3
SIM4
1
21
22
SIM5
SIM1
SIM2
SIM3
SIM4
1
21
22
SIM5
SIM1
SIM2
SIM3
SIM4
1
21
22
SIM5
SIM1
SIM2
SIM3
SIM4
1
21
22
SIM5
SIM1
SIM2
SIM3
SIM4
1
21
22
SIM5
SIM1
SIM2
SIM3
SIM4
1
21
22
SIM5
SIM1
SIM2
SIM3
SIM4
1
21
22
SIM5
SIM1
SIM2
SIM3
SIM4
1
21
22
SIM5
SIM1
SIM2
SIM3
SIM4
1
21
22
SIM5
SIM1
SIM2
SIM3
SIM4
1
21
22
SIM5
SIM1
SIM2
SIM3
SIM4
1
21
22
SIM5
SIM1
SIM2
SIM3
SIM4
1
21
22
SIM5
SIM1
SIM2
SIM3
SIM4
1
21
22
SIM5
SIM1
SIM2
SIM3
SIM4
1
21
22
SIM5
SIM1
SIM2
SIM3
SIM4
1
21
22
SIM5
SIM1
SIM2
SIM3
SIM4
1
21
22
SIM5
SIM1
SIM2
SIM3
SIM4
1
21
22
SIM5
SIM1
SIM2
SIM3
SIM4
1
21
22
SIM5
SIM1
SIM2
SIM3
SIM4
1
21
22
SIM5
SIM1
SIM2
SIM3
SIM4
1
21
22
SIM5
SIM1
SIM2
SIM3
SIM4
1
21
22
SIM5
SIM1
SIM2
SIM3
SIM4
1
21
22
SIM5
SIM1
SIM2
SIM3
SIM4
1
21
22
SIM5
SIM1
SIM2
SIM3
SIM4
1
21
22
SIM5
SIM1
SIM2
SIM3
SIM4
1
21
22
SIM5
SIM1
SIM2
SIM3
SIM4
1
21
22
SIM5
SIM1
SIM2
SIM3
SIM4
1
21
22
SIM5
SIM1
SIM2
SIM3
SIM4
1
21
22
SIM5
SIM1
SIM2
SIM3
SIM4
1
21
22
SIM5
SIM1
SIM2
SIM3
SIM4
1
21
22
SIM5
SIM1
SIM2
SIM3
SIM4
1
21
22
SIM5
SIM1
SIM2
SIM3
SIM4
1
21
22
SIM5
SIM1
SIM2
SIM3
SIM4
1
21
22
SIM5
SIM1
SIM2
SIM3
SIM4
1
21
22
SIM5
SIM1
SIM2
SIM3
SIM4
1
21
22
SIM5
SIM1
SIM2
SIM3
SIM4
1
21
22
SIM5
SIM1
SIM2
SIM3
SIM4
1
21
22
SIM5
SIM1
SIM2
SIM3
SIM4
1
21
22
SIM5
SIM1
SIM2
SIM3
SIM4
1
21
22
SIM5
SIM1
SIM2
SIM3
SIM4
1
21
22
SIM5
SIM1
SIM2
SIM3
SIM4
1
21
22
SIM5
SIM1
SIM2
SIM3
SIM4
1
21
22
SIM5
SIM1
SIM2
SIM3
SIM4
1
21
22
SIM5
SIM1
SIM2
SIM3
SIM4
1
21
22
SIM5
SIM1
SIM2
SIM3
SIM4
1
21
22
SIM5
SIM1
SIM2
SIM3
SIM4
1
21
22
SIM5
SIM1
SIM2
SIM3
SIM4
1
21
22
SIM5
SIM1
SIM2
SIM3
SIM4
1
21
22
SIM5
SIM1
SIM2
SIM3
SIM4
1
21
22
SIM5
SIM1
SIM2
SIM3
SIM4
1
21
22
SIM5
SIM1
SIM2
SIM3
SIM4
1
21
22
SIM5
SIM1
SIM2
SIM3
SIM4
1
21
22
SIM5
SIM1
SIM2
SIM3
SIM4
1
21
22
SIM5
SIM1
SIM2
SIM3
SIM4
1
21
22
SIM5
SIM1
SIM2
SIM3
SIM4
1
21
22
SIM5
SIM1
SIM2
SIM3
SIM4
1
21
22
SIM5
SIM1
SIM2
SIM3
SIM4
1
21
22
SIM5
SIM1
SIM2
SIM3
SIM4
1
21
22
SIM5
SIM1
SIM2
SIM3
SIM4
1
21
22
SIM5
SIM1
SIM2
SIM3
SIM4
1
21
22
SIM5
SIM1
SIM2
SIM3
SIM4
1
21
22
SIM5
SIM1
SIM2
SIM3
SIM4
1
21
22
SIM5
SIM1
SIM2
SIM3
SIM4
1
21
22
SIM5
SIM1
SIM2
SIM3
SIM4
1
21
22
SIM5
SIM1
SIM2
SIM3
SIM4
1
21
22
SIM5
SIM1
SIM2
SIM3
SIM4
1
21
22
SIM5
SIM1
SIM2
SIM3
SIM4
1
21
22
SIM5
SIM1
SIM2
SIM3
SIM4
1
21
22
SIM5
SIM1
SIM2
SIM3
SIM4
1
21
22
SIM5
SIM1
SIM2
SIM3
SIM4
1
21
22
SIM5
SIM1
SIM2
SIM3
SIM4
1
21
22
SIM5
SIM1
SIM2
SIM3
SIM4
1
21
22
SIM5
SIM1
SIM2
SIM3
SIM4
1
21
22
SIM5
SIM1
SIM2
SIM3
SIM4
1
21
22
SIM5
SIM1
SIM2
SIM3
SIM4
1
21
22
SIM5
SIM1
SIM2
SIM3
SIM4
1
21
22
SIM5
SIM1
SIM2
SIM3
SIM4
1
21
22
SIM5
SIM1
SIM2
SIM3
SIM4
1
21
22
SIM5
SIM1
SIM2
SIM3
SIM4
1
21
22
SIM5
SIM1
SIM2
SIM3
SIM4
1
21
22
SIM5
SIM1
SIM2
SIM3
SIM4
1
21
22
SIM5
SIM1
SIM2
SIM3
SIM4
1
21
22
SIM5
SIM1
SIM2
SIM3
SIM4
1
21
22
SIM5
SIM1
SIM2
SIM3
SIM4
1
21
22
SIM5
SIM1
SIM2
SIM3
SIM4
1
21
22
SIM5
SIM1
SIM2
SIM3
SIM4
1
21
22
SIM5
SIM1
SIM2
SIM3
SIM4
1
21
22
SIM5
SIM1
SIM2
SIM3
SIM4
1
21
22
SIM5
SIM1
SIM2
SIM3
SIM4
1
21
22
SIM5
SIM1
SIM2
SIM3
SIM4
1
21
22
SIM5
SIM1
SIM2
SIM3
SIM4
1
21
22
SIM5
SIM1
SIM2
SIM3
SIM4
1
21
22
SIM5
SIM1
SIM2
SIM3
SIM4
1
21
22
SIM5
SIM1
SIM2
SIM3
SIM4
1
21
22
SIM5
SIM1
SIM2
SIM3
SIM4
1
21
22
SIM5
SIM1
SIM2
SIM3
SIM4
1
21
22
SIM5
SIM1
SIM2
SIM3
SIM4
1
21
22
SIM5
SIM1
SIM2
SIM3
SIM4
1
21
22
SIM5
SIM1
SIM2
SIM3
SIM4
1
21
22
SIM5
SIM1
SIM2
SIM3
SIM4
1
21
22
SIM5
SIM1
SIM2
SIM3
SIM4
1
21
22
SIM5
SIM1
SIM2
SIM3
SIM4
1
21
22
SIM5
SIM1
SIM2
SIM3
SIM4
1
21
22
SIM5
SIM1
SIM2
SIM3
SIM4
1
21
22
SIM5
SIM1
SIM2
SIM3
SIM4
1
21
22
SIM5
SIM1
SIM2
SIM3
SIM4
1
21
22
SIM5
SIM1
SIM2
SIM3
SIM4
1
21
22
SIM5
SIM1
SIM2
SIM3
SIM4
1
21
22
SIM5
SIM1
SIM2
SIM3
SIM4
1
21
22
SIM5
SIM1
SIM2
SIM3
SIM4
1
21
22
SIM5
SIM1
SIM2
SIM3
SIM4
1
21
22
SIM5
SIM1
SIM2
SIM3
SIM4
1
21
22
SIM5
SIM1
SIM2
SIM3
SIM4
1
21
22
SIM5
SIM1
SIM2
SIM3
SIM4
1
21
22
SIM5
SIM1
SIM2
SIM3
SIM4
1
21
22
SIM5
SIM1
SIM2
SIM3
SIM4
1
21
22
SIM5
SIM1
SIM2
SIM3
SIM4
1
21
22
SIM5
SIM1
SIM2
SIM3
SIM4
1
21
22
SIM5
SIM1
SIM2
SIM3
SIM4
1
21
22
SIM5
SIM1
SIM2
SIM3
SIM4
1
21
22
SIM5
SIM1
SIM2
SIM3
SIM4
1
21
22
SIM5
SIM1
SIM2
SIM3
SIM4
1
21
22
SIM5
SIM1
SIM2
SIM3
SIM4
1
21
22
SIM5
SIM1
SIM2
SIM3
SIM4
1
21
22
SIM5
SIM1
SIM2
SIM3
SIM4
1
21
22
SIM5
SIM1
SIM2
SIM3
SIM4
1
21
22
SIM5
SIM1
SIM2
SIM3
SIM4
1
21
22
SIM5
SIM1
SIM2
SIM3
SIM4
1
21
22
SIM5
SIM1
SIM2
SIM3
SIM4
1
21
22
SIM5
SIM1
SIM2
SIM3
SIM4
1
21
22
SIM5
SIM1
SIM2
SIM3
SIM4
1
21
22
SIM5
SIM1
SIM2
SIM3
SIM4
1
21
22
SIM5
SIM1
SIM2
SIM3
SIM4
1
21
22
SIM5
SIM1
SIM2
SIM3
SIM4
1
21
22
SIM5
SIM1
SIM2
SIM3
SIM4
1
21
22
SIM5
SIM1
SIM2
SIM3
SIM4
1
21
22
SIM5
SIM1
SIM2
SIM3
SIM4
1
21
22
SIM5
SIM1
SIM2
SIM3
SIM4
1
21
22
SIM5
SIM1
SIM2
SIM3
SIM4
1
21
22
SIM5
SIM1
SIM2
SIM3
SIM4
1
21
22
SIM5
SIM1
SIM2
SIM3
SIM4
1
21
22
SIM5
SIM1
SIM2
SIM3
SIM4
1
21
22
SIM5
SIM1
SIM2
SIM3
SIM4
1
21
22
SIM5
SIM1
SIM2
SIM3
SIM4
1
21
22
SIM5
SIM1
SIM2
SIM3
SIM4
1
21
22
SIM5
SIM1
SIM2
SIM3
SIM4
1
21
22
SIM5
SIM1
SIM2
SIM3
SIM4
1
21
22
SIM5
SIM1
SIM2
SIM3
SIM4
1
21
22
SIM5
SIM1
SIM2
SIM3
SIM4
1
21
22
SIM5
SIM1
SIM2
SIM3
SIM4
1
21
22
SIM5
SIM1
SIM2
SIM3
SIM4
1
21
22
SIM5
SIM1
SIM2
SIM3
SIM4
1
21
22
SIM5
SIM1
SIM2
SIM3
SIM4
1
21
22
SIM5
SIM1
SIM2
SIM3
SIM4
1
21
22
SIM5
SIM1
SIM2
SIM3
SIM4
1
21
22
SIM5
SIM1
SIM2
SIM3
SIM4
1
21
22
SIM5
SIM1
SIM2
SIM3
SIM4
1
21
22
SIM5
SIM1
SIM2
SIM3
SIM4
1
21
22
SIM5
SIM1
SIM2
SIM3
SIM4
1
21
22
SIM5
SIM1
SIM2
SIM3
SIM4
1
21
22
SIM5
SIM1
SIM2
SIM3
SIM4
1
21
22
SIM5
SIM1
SIM2
SIM3
SIM4
1
21
22
SIM5
SIM1
SIM2
SIM3
SIM4
1
21
22
SIM5
SIM1
SIM2
SIM3
SIM4
1
21
22
SIM5
SIM1
SIM2
SIM3
SIM4
1
21
22
SIM5
SIM1
SIM2
SIM3
SIM4
1
21
22
SIM5
SIM1
SIM2
SIM3
SIM4
1
21
22
SIM5
SIM1
SIM2
SIM3
SIM4
1
21
22
SIM5
SIM1
SIM2
SIM3
SIM4
1
21
22
SIM5
SIM1
SIM2
SIM3
SIM4
1
21
22
SIM5
SIM1
SIM2
SIM3
SIM4
1
21
22
SIM5
SIM1
SIM2
SIM3
SIM4
1
21
22
SIM5
SIM1
SIM2
SIM3
SIM4
1
21
22
SIM5
SIM1
SIM2
SIM3
SIM4
1
21
22
SIM5
SIM1
SIM2
SIM3
SIM4
1
21
22
SIM5
SIM1
SIM2
SIM3
SIM4
1
21
22
SIM5
SIM1
SIM2
SIM3
SIM4
1
21
22
SIM5
SIM1
SIM2
SIM3
SIM4
1
21
22
SIM5
SIM1
SIM2
SIM3
SIM4
1
21
22
SIM5
SIM1
SIM2
SIM3
SIM4
1
21
22
SIM5
SIM1
SIM2
SIM3
SIM4
1
21
22
SIM5
SIM1
SIM2
SIM3
SIM4
1
21
22
SIM5
SIM1
SIM2
SIM3
SIM4
1
21
22
SIM5
SIM1
SIM2
SIM3
SIM4
1
21
22
SIM5
SIM1
SIM2
SIM3
SIM4
1
21
22
SIM5
SIM1
SIM2
SIM3
SIM4
1
21
22
SIM5
SIM1
SIM2
SIM3
SIM4
1
21
22
SIM5
SIM1
SIM2
SIM3
SIM4
1
21
22
SIM5
SIM1
SIM2
SIM3
SIM4
1
21
22
SIM5
SIM1
SIM2
SIM3
SIM4
1
21
22
SIM5
SIM1
SIM2
SIM3
SIM4
1
21
22
SIM5
SIM1
SIM2
SIM3
SIM4
1
21
22
SIM5
SIM1
SIM2
SIM3
SIM4
1
21
22
SIM5
SIM1
SIM2
SIM3
SIM4
1
21
22
SIM5
SIM1
SIM2
SIM3
SIM4
1
21
22
SIM5
SIM1
SIM2
SIM3
SIM4
1
21
22
SIM5
SIM1
SIM2
SIM3
SIM4
1
21
22
SIM5
SIM1
SIM2
SIM3
SIM4
1
21
22
SIM5
SIM1
SIM2
SIM3
SIM4
1
21
22
SIM5
SIM1
SIM2
SIM3
SIM4
1
21
22
SIM5
SIM1
SIM2
SIM3
SIM4
1
21
22
SIM5
SIM1
SIM2
SIM3
SIM4
1
21
22
SIM5
SIM1
SIM2
SIM3
SIM4
1
21
22
SIM5
SIM1
SIM2
SIM3
SIM4
1
21
22
SIM5
SIM1
SIM2
SIM3
SIM4
1
21
22
SIM5
SIM1
SIM2
SIM3
SIM4
1
21
22
SIM5
SIM1
SIM2
SIM3
SIM4
1
21
22
SIM5
SIM1
SIM2
SIM3
SIM4
1
21
22
SIM5
SIM1
SIM2
SIM3
SIM4
1
21
22
SIM5
SIM1
SIM2
SIM3
SIM4
1
21
22
SIM5
SIM1
SIM2
SIM3
SIM4
1
21
22
SIM5
SIM1
SIM2
DEBUG 1 746
SIM1
SIM2
SIM3
SIM4
1
21
22
SIM5
SIM1
SIM2
SIM3
SIM4
1
21
22
SIM5
SIM1
SIM2
SIM3
SIM4
1
21
22
SIM5
SIM1
SIM2
SIM3
SIM4
1
21
22
SIM5
SIM1
SIM2
SIM3
SIM4
1
21
22
SIM5
SIM1
SIM2
SIM3
SIM4
1
21
22
SIM5
SIM1
SIM2
SIM3
SIM4
1
21
22
SIM5
SIM1
SIM2
SIM3
SIM4
1
21
22
SIM5
SIM1
SIM2
SIM3
SIM4
1
21
22
SIM5
SIM1
SIM2
SIM3
SIM4
1
21
22
SIM5
SIM1
SIM2
SIM3
SIM4
1
21
22
SIM5
SIM1
SIM2
SIM3
SIM4
1
21
22
SIM5
SIM1
SIM2
SIM3
SIM4
1
21
22
SIM5
SIM1
SIM2
SIM3
SIM4
1
21
22
SIM5
SIM1
SIM2
SIM3
SIM4
1
21
22
SIM5
SIM1
SIM2
SIM3
SIM4
1
21
22
SIM5
SIM1
SIM2
SIM3
SIM4
1
21
22
SIM5
SIM1
SIM2
SIM3
SIM4
1
21
22
SIM5
SIM1
SIM2
SIM3
SIM4
1
21
22
SIM5
SIM1
SIM2
SIM3
SIM4
1
21
22
SIM5
SIM1
SIM2
SIM3
SIM4
1
21
22
SIM5
SIM1
SIM2
SIM3
SIM4
1
21
22
SIM5
SIM1
SIM2
SIM3
SIM4
1
21
22
SIM5
SIM1
SIM2
SIM3
SIM4
1
21
22
SIM5
SIM1
SIM2
SIM3
SIM4
1
21
22
SIM5
SIM1
SIM2
SIM3
SIM4
1
21
22
SIM5
SIM1
SIM2
SIM3
SIM4
1
21
22
SIM5
SIM1
SIM2
SIM3
SIM4
1
21
22
SIM5
SIM1
SIM2
SIM3
SIM4
1
21
22
SIM5
SIM1
SIM2
SIM3
SIM4
1
21
22
SIM5
SIM1
SIM2
SIM3
SIM4
1
21
22
SIM5
SIM1
SIM2
SIM3
SIM4
1
21
22
SIM5
SIM1
SIM2
SIM3
SIM4
1
21
22
SIM5
SIM1
SIM2
SIM3
SIM4
1
21
22
SIM5
SIM1
SIM2
SIM3
SIM4
1
21
22
SIM5
SIM1
SIM2
SIM3
SIM4
1
21
22
SIM5
SIM1
SIM2
SIM3
SIM4
1
21
22
SIM5
SIM1
SIM2
SIM3
SIM4
1
21
22
SIM5
SIM1
SIM2
SIM3
SIM4
1
21
22
SIM5
SIM1
SIM2
SIM3
SIM4
1
21
22
SIM5
SIM1
SIM2
SIM3
SIM4
1
21
22
SIM5
SIM1
SIM2
SIM3
SIM4
1
21
22
SIM5
SIM1
SIM2
SIM3
SIM4
1
21
22
SIM5
SIM1
SIM2
SIM3
SIM4
1
21
22
SIM5
SIM1
SIM2
SIM3
SIM4
1
21
22
SIM5
SIM1
SIM2
SIM3
SIM4
1
21
22
SIM5
SIM1
SIM2
SIM3
SIM4
1
21
22
SIM5
SIM1
SIM2
SIM3
SIM4
1
21
22
SIM5
SIM1
SIM2
SIM3
SIM4
1
21
22
SIM5
SIM1
SIM2
SIM3
SIM4
1
21
22
SIM5
SIM1
SIM2
SIM3
SIM4
1
21
22
SIM5
SIM1
SIM2
SIM3
SIM4
1
21
22
SIM5
SIM1
SIM2
SIM3
SIM4
1
21
22
SIM5
SIM1
SIM2
SIM3
SIM4
1
21
22
SIM5
SIM1
SIM2
SIM3
SIM4
1
21
22
SIM5
SIM1
SIM2
SIM3
SIM4
1
21
22
SIM5
SIM1
SIM2
SIM3
SIM4
1
21
22
SIM5
SIM1
SIM2
SIM3
SIM4
1
21
22
SIM5
SIM1
SIM2
SIM3
SIM4
1
21
22
SIM5
SIM1
SIM2
SIM3
SIM4
1
21
22
SIM5
SIM1
SIM2
SIM3
SIM4
1
21
22
SIM5
SIM1
SIM2
SIM3
SIM4
1
21
22
SIM5
SIM1
SIM2
SIM3
SIM4
1
21
22
SIM5
SIM1
SIM2
SIM3
SIM4
1
21
22
SIM5
SIM1
SIM2
SIM3
SIM4
1
21
22
SIM5
SIM1
SIM2
SIM3
SIM4
1
21
22
SIM5
SIM1
SIM2
SIM3
SIM4
1
21
22
SIM5
SIM1
SIM2
SIM3
SIM4
1
21
22
SIM5
SIM1
SIM2
SIM3
SIM4
1
21
22
SIM5
SIM1
SIM2
SIM3
SIM4
1
21
22
SIM5
SIM1
SIM2
SIM3
SIM4
1
21
22
SIM5
SIM1
SIM2
SIM3
SIM4
1
21
22
SIM5
SIM1
SIM2
SIM3
SIM4
1
21
22
SIM5
SIM1
SIM2
SIM3
SIM4
1
21
22
SIM5
SIM1
SIM2
SIM3
SIM4
1
21
22
SIM5
SIM1
SIM2
SIM3
SIM4
1
21
22
SIM5
SIM1
SIM2
SIM3
SIM4
1
21
22
SIM5
SIM1
SIM2
SIM3
SIM4
1
21
22
SIM5
SIM1
SIM2
SIM3
SIM4
1
21
22
SIM5
SIM1
SIM2
SIM3
SIM4
1
21
22
SIM5
SIM1
SIM2
SIM3
SIM4
1
21
22
SIM5
SIM1
SIM2
SIM3
SIM4
1
21
22
SIM5
SIM1
SIM2
SIM3
SIM4
1
21
22
SIM5
SIM1
SIM2
SIM3
SIM4
1
21
22
SIM5
SIM1
SIM2
SIM3
SIM4
1
21
22
SIM5
SIM1
SIM2
SIM3
SIM4
1
21
22
SIM5
SIM1
SIM2
SIM3
SIM4
1
21
22
SIM5
SIM1
SIM2
SIM3
SIM4
1
21
22
SIM5
SIM1
SIM2
SIM3
SIM4
1
21
22
SIM5
SIM1
SIM2
SIM3
SIM4
1
21
22
SIM5
SIM1
SIM2
SIM3
SIM4
1
21
22
SIM5
SIM1
SIM2
SIM3
SIM4
1
21
22
SIM5
SIM1
SIM2
SIM3
SIM4
1
21
22
SIM5
SIM1
SIM2
SIM3
SIM4
1
21
22
SIM5
SIM1
SIM2
SIM3
SIM4
1
21
22
SIM5
SIM1
SIM2
SIM3
SIM4
1
21
22
SIM5
SIM1
SIM2
SIM3
SIM4
1
21
22
SIM5
SIM1
SIM2
SIM3
SIM4
1
21
22
SIM5
SIM1
SIM2
SIM3
SIM4
1
21
22
SIM5
SIM1
SIM2
SIM3
SIM4
1
21
22
SIM5
SIM1
SIM2
SIM3
SIM4
1
21
22
SIM5
SIM1
SIM2
SIM3
SIM4
1
21
22
SIM5
SIM1
SIM2
SIM3
SIM4
1
21
22
SIM5
SIM1
SIM2
SIM3
SIM4
1
21
22
SIM5
SIM1
SIM2
SIM3
SIM4
1
21
22
SIM5
SIM1
SIM2
SIM3
SIM4
1
21
22
SIM5
SIM1
SIM2
SIM3
SIM4
1
21
22
SIM5
SIM1
SIM2
SIM3
SIM4
1
21
22
SIM5
SIM1
SIM2
SIM3
SIM4
1
21
22
SIM5
SIM1
SIM2
SIM3
SIM4
1
21
22
SIM5
SIM1
SIM2
SIM3
SIM4
1
21
22
SIM5
SIM1
SIM2
SIM3
SIM4
1
21
22
SIM5
SIM1
SIM2
SIM3
SIM4
1
21
22
SIM5
SIM1
SIM2
SIM3
SIM4
1
21
22
SIM5
SIM1
SIM2
DEBUG 1 747
SIM1
SIM2
SIM3
SIM4
1
21
22
SIM5
SIM1
SIM2
SIM3
SIM4
1
21
22
SIM5
SIM1
SIM2
SIM3
SIM4
1
21
22
SIM5
SIM1
SIM2
SIM3
SIM4
1
21
22
SIM5
SIM1
SIM2
SIM3
SIM4
1
21
22
SIM5
SIM1
SIM2
SIM3
SIM4
1
21
22
SIM5
SIM1
SIM2
SIM3
SIM4
1
21
22
SIM5
SIM1
SIM2
SIM3
SIM4
1
21
22
SIM5
SIM1
SIM2
SIM3
SIM4
1
21
22
SIM5
SIM1
SIM2
SIM3
SIM4
1
21
22
SIM5
SIM1
SIM2
SIM3
SIM4
1
21
22
SIM5
SIM1
SIM2
SIM3
SIM4
1
21
22
SIM5
SIM1
SIM2
SIM3
SIM4
1
21
22
SIM5
SIM1
SIM2
SIM3
SIM4
1
21
22
SIM5
SIM1
SIM2
SIM3
SIM4
1
21
22
SIM5
SIM1
SIM2
SIM3
SIM4
1
21
22
SIM5
SIM1
SIM2
SIM3
SIM4
1
21
22
SIM5
SIM1
SIM2
SIM3
SIM4
1
21
22
SIM5
SIM1
SIM2
SIM3
SIM4
1
21
22
SIM5
SIM1
SIM2
SIM3
SIM4
1
21
22
SIM5
SIM1
SIM2
SIM3
SIM4
1
21
22
SIM5
SIM1
SIM2
SIM3
SIM4
1
21
22
SIM5
SIM1
SIM2
SIM3
SIM4
1
21
22
SIM5
SIM1
SIM2
SIM3
SIM4
1
21
22
SIM5
SIM1
SIM2
SIM3
SIM4
1
21
22
SIM5
SIM1
SIM2
SIM3
SIM4
1
21
22
SIM5
SIM1
SIM2
SIM3
SIM4
1
21
22
SIM5
SIM1
SIM2
SIM3
SIM4
1
21
22
SIM5
SIM1
SIM2
SIM3
SIM4
1
21
22
SIM5
SIM1
SIM2
SIM3
SIM4
1
21
22
SIM5
SIM1
SIM2
SIM3
SIM4
1
21
22
SIM5
SIM1
SIM2
SIM3
SIM4
1
21
22
SIM5
SIM1
SIM2
SIM3
SIM4
1
21
22
SIM5
SIM1
SIM2
SIM3
SIM4
1
21
22
SIM5
SIM1
SIM2
SIM3
SIM4
1
21
22
SIM5
SIM1
SIM2
SIM3
SIM4
1
21
22
SIM5
SIM1
SIM2
SIM3
SIM4
1
21
22
SIM5
SIM1
SIM2
SIM3
SIM4
1
21
22
SIM5
SIM1
SIM2
SIM3
SIM4
1
21
22
SIM5
SIM1
SIM2
SIM3
SIM4
1
21
22
SIM5
SIM1
SIM2
SIM3
SIM4
1
21
22
SIM5
SIM1
SIM2
SIM3
SIM4
1
21
22
SIM5
SIM1
SIM2
SIM3
SIM4
1
21
22
SIM5
SIM1
SIM2
SIM3
SIM4
1
21
22
SIM5
SIM1
SIM2
SIM3
SIM4
1
21
22
SIM5
SIM1
SIM2
SIM3
SIM4
1
21
22
SIM5
SIM1
SIM2
SIM3
SIM4
1
21
22
SIM5
SIM1
SIM2
SIM3
SIM4
1
21
22
SIM5
SIM1
SIM2
SIM3
SIM4
1
21
22
SIM5
SIM1
SIM2
SIM3
SIM4
1
21
22
SIM5
SIM1
SIM2
SIM3
SIM4
1
21
22
SIM5
SIM1
SIM2
SIM3
SIM4
1
21
22
SIM5
SIM1
SIM2
SIM3
SIM4
1
21
22
SIM5
SIM1
SIM2
SIM3
SIM4
1
21
22
SIM5
SIM1
SIM2
SIM3
SIM4
1
21
22
SIM5
SIM1
SIM2
SIM3
SIM4
1
21
22
SIM5
SIM1
SIM2
SIM3
SIM4
1
21
22
SIM5
SIM1
SIM2
SIM3
SIM4
1
21
22
SIM5
SIM1
SIM2
SIM3
SIM4
1
21
22
SIM5
SIM1
SIM2
SIM3
SIM4
1
21
22
SIM5
SIM1
SIM2
SIM3
SIM4
1
21
22
SIM5
SIM1
SIM2
SIM3
SIM4
1
21
22
SIM5
SIM1
SIM2
SIM3
SIM4
1
21
22
SIM5
SIM1
SIM2
SIM3
SIM4
1
21
22
SIM5
SIM1
SIM2
SIM3
SIM4
1
21
22
SIM5
SIM1
SIM2
SIM3
SIM4
1
21
22
SIM5
SIM1
SIM2
SIM3
SIM4
1
21
22
SIM5
SIM1
SIM2
SIM3
SIM4
1
21
22
SIM5
SIM1
SIM2
SIM3
SIM4
1
21
22
SIM5
SIM1
SIM2
SIM3
SIM4
1
21
22
SIM5
SIM1
SIM2
SIM3
SIM4
1
21
22
SIM5
SIM1
SIM2
SIM3
SIM4
1
21
22
SIM5
SIM1
SIM2
SIM3
SIM4
1
21
22
SIM5
SIM1
SIM2
SIM3
SIM4
1
21
22
SIM5
SIM1
SIM2
SIM3
SIM4
1
21
22
SIM5
SIM1
SIM2
SIM3
SIM4
1
21
22
SIM5
SIM1
SIM2
SIM3
SIM4
1
21
22
SIM5
SIM1
SIM2
SIM3
SIM4
1
21
22
SIM5
SIM1
SIM2
SIM3
SIM4
1
21
22
SIM5
SIM1
SIM2
SIM3
SIM4
1
21
22
SIM5
SIM1
SIM2
SIM3
SIM4
1
21
22
SIM5
SIM1
SIM2
SIM3
SIM4
1
21
22
SIM5
SIM1
SIM2
SIM3
SIM4
1
21
22
SIM5
SIM1
SIM2
SIM3
SIM4
1
21
22
SIM5
SIM1
SIM2
SIM3
SIM4
1
21
22
SIM5
SIM1
SIM2
SIM3
SIM4
1
21
22
SIM5
SIM1
SIM2
SIM3
SIM4
1
21
22
SIM5
SIM1
SIM2
SIM3
SIM4
1
21
22
SIM5
SIM1
SIM2
SIM3
SIM4
1
21
22
SIM5
SIM1
SIM2
SIM3
SIM4
1
21
22
SIM5
SIM1
SIM2
SIM3
SIM4
1
21
22
SIM5
SIM1
SIM2
SIM3
SIM4
1
21
22
SIM5
SIM1
SIM2
SIM3
SIM4
1
21
22
SIM5
SIM1
SIM2
SIM3
SIM4
1
21
22
SIM5
SIM1
SIM2
SIM3
SIM4
1
21
22
SIM5
SIM1
SIM2
SIM3
SIM4
1
21
22
SIM5
SIM1
SIM2
SIM3
SIM4
1
21
22
SIM5
SIM1
SIM2
SIM3
SIM4
1
21
22
SIM5
SIM1
SIM2
SIM3
SIM4
1
21
22
SIM5
SIM1
SIM2
SIM3
SIM4
1
21
22
SIM5
SIM1
SIM2
SIM3
SIM4
1
21
22
SIM5
SIM1
SIM2
DEBUG 1 748
SIM1
SIM2
SIM3
SIM4
1
21
22
SIM5
SIM1
SIM2
SIM3
SIM4
1
21
22
SIM5
SIM1
SIM2
SIM3
SIM4
1
21
22
SIM5
SIM1
SIM2
SIM3
SIM4
1
21
22
SIM5
SIM1
SIM2
SIM3
SIM4
1
21
22
SIM5
SIM1
SIM2
SIM3
SIM4
1
21
22
SIM5
SIM1
SIM2
SIM3
SIM4
1
21
22
SIM5
SIM1
SIM2
SIM3
SIM4
1
21
22
SIM5
SIM1
SIM2
SIM3
SIM4
1
21
22
SIM5
SIM1
SIM2
SIM3
SIM4
1
21
22
SIM5
SIM1
SIM2
SIM3
SIM4
1
21
22
SIM5
SIM1
SIM2
SIM3
SIM4
1
21
22
SIM5
SIM1
SIM2
SIM3
SIM4
1
21
22
SIM5
SIM1
SIM2
SIM3
SIM4
1
21
22
SIM5
SIM1
SIM2
SIM3
SIM4
1
21
22
SIM5
SIM1
SIM2
SIM3
SIM4
1
21
22
SIM5
SIM1
SIM2
SIM3
SIM4
1
21
22
SIM5
SIM1
SIM2
SIM3
SIM4
1
21
22
SIM5
SIM1
SIM2
SIM3
SIM4
1
21
22
SIM5
SIM1
SIM2
SIM3
SIM4
1
21
22
SIM5
SIM1
SIM2
SIM3
SIM4
1
21
22
SIM5
SIM1
SIM2
SIM3
SIM4
1
21
22
SIM5
SIM1
SIM2
SIM3
SIM4
1
21
22
SIM5
SIM1
SIM2
SIM3
SIM4
1
21
22
SIM5
SIM1
SIM2
SIM3
SIM4
1
21
22
SIM5
SIM1
SIM2
SIM3
SIM4
1
21
22
SIM5
SIM1
SIM2
SIM3
SIM4
1
21
22
SIM5
SIM1
SIM2
SIM3
SIM4
1
21
22
SIM5
SIM1
SIM2
SIM3
SIM4
1
21
22
SIM5
SIM1
SIM2
SIM3
SIM4
1
21
22
SIM5
SIM1
SIM2
SIM3
SIM4
1
21
22
SIM5
SIM1
SIM2
SIM3
SIM4
1
21
22
SIM5
SIM1
SIM2
SIM3
SIM4
1
21
22
SIM5
SIM1
SIM2
SIM3
SIM4
1
21
22
SIM5
SIM1
SIM2
SIM3
SIM4
1
21
22
SIM5
SIM1
SIM2
SIM3
SIM4
1
21
22
SIM5
SIM1
SIM2
SIM3
SIM4
1
21
22
SIM5
SIM1
SIM2
SIM3
SIM4
1
21
22
SIM5
SIM1
SIM2
SIM3
SIM4
1
21
22
SIM5
SIM1
SIM2
SIM3
SIM4
1
21
22
SIM5
SIM1
SIM2
SIM3
SIM4
1
21
22
SIM5
SIM1
SIM2
SIM3
SIM4
1
21
22
SIM5
SIM1
SIM2
SIM3
SIM4
1
21
22
SIM5
SIM1
SIM2
SIM3
SIM4
1
21
22
SIM5
SIM1
SIM2
SIM3
SIM4
1
21
22
SIM5
SIM1
SIM2
SIM3
SIM4
1
21
22
SIM5
SIM1
SIM2
SIM3
SIM4
1
21
22
SIM5
SIM1
SIM2
SIM3
SIM4
1
21
22
SIM5
SIM1
SIM2
SIM3
SIM4
1
21
22
SIM5
SIM1
SIM2
SIM3
SIM4
1
21
22
SIM5
SIM1
SIM2
SIM3
SIM4
1
21
22
SIM5
SIM1
SIM2
SIM3
SIM4
1
21
22
SIM5
SIM1
SIM2
SIM3
SIM4
1
21
22
SIM5
SIM1
SIM2
SIM3
SIM4
1
21
22
SIM5
SIM1
SIM2
SIM3
SIM4
1
21
22
SIM5
SIM1
SIM2
SIM3
SIM4
1
21
22
SIM5
SIM1
SIM2
SIM3
SIM4
1
21
22
SIM5
SIM1
SIM2
SIM3
SIM4
1
21
22
SIM5
SIM1
SIM2
SIM3
SIM4
1
21
22
SIM5
SIM1
SIM2
SIM3
SIM4
1
21
22
SIM5
SIM1
SIM2
SIM3
SIM4
1
21
22
SIM5
SIM1
SIM2
SIM3
SIM4
1
21
22
SIM5
SIM1
SIM2
SIM3
SIM4
1
21
22
SIM5
SIM1
SIM2
SIM3
SIM4
1
21
22
SIM5
SIM1
SIM2
SIM3
SIM4
1
21
22
SIM5
SIM1
SIM2
SIM3
SIM4
1
21
22
SIM5
SIM1
SIM2
SIM3
SIM4
1
21
22
SIM5
SIM1
SIM2
SIM3
SIM4
1
21
22
SIM5
SIM1
SIM2
SIM3
SIM4
1
21
22
SIM5
SIM1
SIM2
SIM3
SIM4
1
21
22
SIM5
SIM1
SIM2
SIM3
SIM4
1
21
22
SIM5
SIM1
SIM2
SIM3
SIM4
1
21
22
SIM5
SIM1
SIM2
SIM3
SIM4
1
21
22
SIM5
SIM1
SIM2
SIM3
SIM4
1
21
22
SIM5
SIM1
SIM2
SIM3
SIM4
1
21
22
SIM5
SIM1
SIM2
SIM3
SIM4
1
21
22
SIM5
SIM1
SIM2
SIM3
SIM4
1
21
22
SIM5
SIM1
SIM2
SIM3
SIM4
1
21
22
SIM5
SIM1
SIM2
SIM3
SIM4
1
21
22
SIM5
SIM1
SIM2
SIM3
SIM4
1
21
22
SIM5
SIM1
SIM2
SIM3
SIM4
1
21
22
SIM5
SIM1
SIM2
SIM3
SIM4
1
21
22
SIM5
SIM1
SIM2
SIM3
SIM4
1
21
22
SIM5
SIM1
SIM2
SIM3
SIM4
1
21
22
SIM5
SIM1
SIM2
SIM3
SIM4
1
21
22
SIM5
SIM1
SIM2
SIM3
SIM4
1
21
22
SIM5
SIM1
SIM2
SIM3
SIM4
1
21
22
SIM5
SIM1
SIM2
SIM3
SIM4
1
21
22
SIM5
SIM1
SIM2
SIM3
SIM4
1
21
22
SIM5
SIM1
SIM2
SIM3
SIM4
1
21
22
SIM5
SIM1
SIM2
SIM3
SIM4
1
21
22
SIM5
SIM1
SIM2
SIM3
SIM4
1
21
22
SIM5
SIM1
SIM2
SIM3
SIM4
1
21
22
SIM5
SIM1
SIM2
SIM3
SIM4
1
21
22
SIM5
SIM1
SIM2
SIM3
SIM4
1
21
22
SIM5
SIM1
SIM2
SIM3
SIM4
1
21
22
SIM5
SIM1
SIM2
SIM3
SIM4
1
21
22
SIM5
SIM1
SIM2
SIM3
SIM4
1
21
22
SIM5
SIM1
SIM2
SIM3
SIM4
1
21
22
SIM5
SIM1
SIM2
SIM3
SIM4
1
21
22
SIM5
SIM1
SIM2
SIM3
SIM4
1
21
22
SIM5
SIM1
SIM2
SIM3
SIM4
1
21
22
SIM5
SIM1
SIM2
SIM3
SIM4
1
21
22
SIM5
SIM1
SIM2
SIM3
SIM4
1
21
22
SIM5
SIM1
SIM2
SIM3
SIM4
1
21
22
SIM5
SIM1
SIM2
SIM3
SIM4
1
21
22
SIM5
SIM1
SIM2
SIM3
SIM4
1
21
22
SIM5
SIM1
SIM2
SIM3
SIM4
1
21
22
SIM5
SIM1
SIM2
SIM3
SIM4
1
21
22
SIM5
SIM1
SIM2
SIM3
SIM4
1
21
22
SIM5
SIM1
SIM2
SIM3
SIM4
1
21
22
SIM5
SIM1
SIM2
SIM3
SIM4
1
21
22
SIM5
SIM1
SIM2
SIM3
SIM4
1
21
22
SIM5
SIM1
SIM2
SIM3
SIM4
1
21
22
SIM5
SIM1
SIM2
SIM3
SIM4
1
21
22
SIM5
SIM1
SIM2
SIM3
SIM4
1
21
22
SIM5
SIM1
SIM2
SIM3
SIM4
1
21
22
SIM5
SIM1
SIM2
SIM3
SIM4
1
21
22
SIM5
SIM1
SIM2
SIM3
SIM4
1
21
22
SIM5
SIM1
SIM2
SIM3
SIM4
1
21
22
SIM5
SIM1
SIM2
SIM3
SIM4
1
21
22
SIM5
SIM1
SIM2
SIM3
SIM4
1
21
22
SIM5
SIM1
SIM2
SIM3
SIM4
1
21
22
SIM5
SIM1
SIM2
SIM3
SIM4
1
21
22
SIM5
SIM1
SIM2
SIM3
SIM4
1
21
22
SIM5
SIM1
SIM2
SIM3
SIM4
1
21
22
SIM5
SIM1
SIM2
SIM3
SIM4
1
21
22
SIM5
SIM1
SIM2
SIM3
SIM4
1
21
22
SIM5
SIM1
SIM2
SIM3
SIM4
1
21
22
SIM5
SIM1
SIM2
SIM3
SIM4
1
21
22
SIM5
SIM1
SIM2
SIM3
SIM4
1
21
22
SIM5
SIM1
SIM2
SIM3
SIM4
1
21
22
SIM5
SIM1
SIM2
SIM3
SIM4
1
21
22
SIM5
SIM1
SIM2
SIM3
SIM4
1
21
22
SIM5
SIM1
SIM2
SIM3
SIM4
1
21
22
SIM5
SIM1
SIM2
SIM3
SIM4
1
21
22
SIM5
SIM1
SIM2
SIM3
SIM4
1
21
22
SIM5
SIM1
SIM2
SIM3
SIM4
1
21
22
SIM5
SIM1
SIM2
SIM3
SIM4
1
21
22
SIM5
SIM1
SIM2
SIM3
SIM4
1
21
22
SIM5
SIM1
SIM2
SIM3
SIM4
1
21
22
SIM5
SIM1
SIM2
SIM3
SIM4
1
21
22
SIM5
SIM1
SIM2
SIM3
SIM4
1
21
22
SIM5
SIM1
SIM2
SIM3
SIM4
1
21
22
SIM5
SIM1
SIM2
SIM3
SIM4
1
21
22
SIM5
SIM1
SIM2
SIM3
SIM4
1
21
22
SIM5
SIM1
SIM2
SIM3
SIM4
1
21
22
SIM5
SIM1
SIM2
SIM3
SIM4
1
21
22
SIM5
SIM1
SIM2
SIM3
SIM4
1
21
22
SIM5
SIM1
SIM2
SIM3
SIM4
1
21
22
SIM5
SIM1
SIM2
SIM3
SIM4
1
21
22
SIM5
SIM1
SIM2
SIM3
SIM4
1
21
22
SIM5
SIM1
SIM2
DEBUG 1 749
SIM1
SIM2
SIM3
SIM4
1
21
22
SIM5
SIM1
SIM2
SIM3
SIM4
1
21
22
SIM5
SIM1
SIM2
SIM3
SIM4
1
21
22
SIM5
SIM1
SIM2
SIM3
SIM4
1
21
22
SIM5
SIM1
SIM2
SIM3
SIM4
1
21
22
SIM5
SIM1
SIM2
SIM3
SIM4
1
21
22
SIM5
SIM1
SIM2
SIM3
SIM4
1
21
22
SIM5
SIM1
SIM2
SIM3
SIM4
1
21
22
SIM5
SIM1
SIM2
SIM3
SIM4
1
21
22
SIM5
SIM1
SIM2
SIM3
SIM4
1
21
22
SIM5
SIM1
SIM2
SIM3
SIM4
1
21
22
SIM5
SIM1
SIM2
SIM3
SIM4
1
21
22
SIM5
SIM1
SIM2
SIM3
SIM4
1
21
22
SIM5
SIM1
SIM2
SIM3
SIM4
1
21
22
SIM5
SIM1
SIM2
SIM3
SIM4
1
21
22
SIM5
SIM1
SIM2
SIM3
SIM4
1
21
22
SIM5
SIM1
SIM2
SIM3
SIM4
1
21
22
SIM5
SIM1
SIM2
SIM3
SIM4
1
21
22
SIM5
SIM1
SIM2
SIM3
SIM4
1
21
22
SIM5
SIM1
SIM2
SIM3
SIM4
1
21
22
SIM5
SIM1
SIM2
SIM3
SIM4
1
21
22
SIM5
SIM1
SIM2
SIM3
SIM4
1
21
22
SIM5
SIM1
SIM2
SIM3
SIM4
1
21
22
SIM5
SIM1
SIM2
SIM3
SIM4
1
21
22
SIM5
SIM1
SIM2
SIM3
SIM4
1
21
22
SIM5
SIM1
SIM2
SIM3
SIM4
1
21
22
SIM5
SIM1
SIM2
SIM3
SIM4
1
21
22
SIM5
SIM1
SIM2
SIM3
SIM4
1
21
22
SIM5
SIM1
SIM2
SIM3
SIM4
1
21
22
SIM5
SIM1
SIM2
SIM3
SIM4
1
21
22
SIM5
SIM1
SIM2
SIM3
SIM4
1
21
22
SIM5
SIM1
SIM2
SIM3
SIM4
1
21
22
SIM5
SIM1
SIM2
SIM3
SIM4
1
21
22
SIM5
SIM1
SIM2
SIM3
SIM4
1
21
22
SIM5
SIM1
SIM2
SIM3
SIM4
1
21
22
SIM5
SIM1
SIM2
SIM3
SIM4
1
21
22
SIM5
SIM1
SIM2
SIM3
SIM4
1
21
22
SIM5
SIM1
SIM2
SIM3
SIM4
1
21
22
SIM5
SIM1
SIM2
SIM3
SIM4
1
21
22
SIM5
SIM1
SIM2
SIM3
SIM4
1
21
22
SIM5
SIM1
SIM2
SIM3
SIM4
1
21
22
SIM5
SIM1
SIM2
SIM3
SIM4
1
21
22
SIM5
SIM1
SIM2
SIM3
SIM4
1
21
22
SIM5
SIM1
SIM2
SIM3
SIM4
1
21
22
SIM5
SIM1
SIM2
SIM3
SIM4
1
21
22
SIM5
SIM1
SIM2
SIM3
SIM4
1
21
22
SIM5
SIM1
SIM2
SIM3
SIM4
1
21
22
SIM5
SIM1
SIM2
SIM3
SIM4
1
21
22
SIM5
SIM1
SIM2
SIM3
SIM4
1
21
22
SIM5
SIM1
SIM2
SIM3
SIM4
1
21
22
SIM5
SIM1
SIM2
SIM3
SIM4
1
21
22
SIM5
SIM1
SIM2
SIM3
SIM4
1
21
22
SIM5
SIM1
SIM2
SIM3
SIM4
1
21
22
SIM5
SIM1
SIM2
SIM3
SIM4
1
21
22
SIM5
SIM1
SIM2
SIM3
SIM4
1
21
22
SIM5
SIM1
SIM2
SIM3
SIM4
1
21
22
SIM5
SIM1
SIM2
SIM3
SIM4
1
21
22
SIM5
SIM1
SIM2
SIM3
SIM4
1
21
22
SIM5
SIM1
SIM2
SIM3
SIM4
1
21
22
SIM5
SIM1
SIM2
SIM3
SIM4
1
21
22
SIM5
SIM1
SIM2
SIM3
SIM4
1
21
22
SIM5
SIM1
SIM2
SIM3
SIM4
1
21
22
SIM5
SIM1
SIM2
SIM3
SIM4
1
21
22
SIM5
SIM1
SIM2
SIM3
SIM4
1
21
22
SIM5
SIM1
SIM2
SIM3
SIM4
1
21
22
SIM5
SIM1
SIM2
SIM3
SIM4
1
21
22
SIM5
SIM1
SIM2
SIM3
SIM4
1
21
22
SIM5
SIM1
SIM2
SIM3
SIM4
1
21
22
SIM5
SIM1
SIM2
SIM3
SIM4
1
21
22
SIM5
SIM1
SIM2
SIM3
SIM4
1
21
22
SIM5
SIM1
SIM2
SIM3
SIM4
1
21
22
SIM5
SIM1
SIM2
SIM3
SIM4
1
21
22
SIM5
SIM1
SIM2
SIM3
SIM4
1
21
22
SIM5
SIM1
SIM2
SIM3
SIM4
1
21
22
SIM5
SIM1
SIM2
SIM3
SIM4
1
21
22
SIM5
SIM1
SIM2
SIM3
SIM4
1
21
22
SIM5
SIM1
SIM2
SIM3
SIM4
1
21
22
SIM5
SIM1
SIM2
SIM3
SIM4
1
21
22
SIM5
SIM1
SIM2
SIM3
SIM4
1
21
22
SIM5
SIM1
SIM2
SIM3
SIM4
1
21
22
SIM5
SIM1
SIM2
SIM3
SIM4
1
21
22
SIM5
SIM1
SIM2
SIM3
SIM4
1
21
22
SIM5
SIM1
SIM2
SIM3
SIM4
1
21
22
SIM5
SIM1
SIM2
SIM3
SIM4
1
21
22
SIM5
SIM1
SIM2
SIM3
SIM4
1
21
22
SIM5
SIM1
SIM2
SIM3
SIM4
1
21
22
SIM5
SIM1
SIM2
SIM3
SIM4
1
21
22
SIM5
SIM1
SIM2
SIM3
SIM4
1
21
22
SIM5
SIM1
SIM2
SIM3
SIM4
1
21
22
SIM5
SIM1
SIM2
SIM3
SIM4
1
21
22
SIM5
SIM1
SIM2
SIM3
SIM4
1
21
22
SIM5
SIM1
SIM2
SIM3
SIM4
1
21
22
SIM5
SIM1
SIM2
SIM3
SIM4
1
21
22
SIM5
SIM1
SIM2
SIM3
SIM4
1
21
22
SIM5
SIM1
SIM2
SIM3
SIM4
1
21
22
SIM5
SIM1
SIM2
SIM3
SIM4
1
21
22
SIM5
SIM1
SIM2
SIM3
SIM4
1
21
22
SIM5
SIM1
SIM2
SIM3
SIM4
1
21
22
SIM5
SIM1
SIM2
SIM3
SIM4
1
21
22
SIM5
SIM1
SIM2
SIM3
SIM4
1
21
22
SIM5
SIM1
SIM2
SIM3
SIM4
1
21
22
SIM5
SIM1
SIM2
SIM3
SIM4
1
21
22
SIM5
SIM1
SIM2
SIM3
SIM4
1
21
22
SIM5
SIM1
SIM2
SIM3
SIM4
1
21
22
SIM5
SIM1
SIM2
SIM3
SIM4
1
21
22
SIM5
SIM1
SIM2
SIM3
SIM4
1
21
22
SIM5
SIM1
SIM2
SIM3
SIM4
1
21
22
SIM5
SIM1
SIM2
SIM3
SIM4
1
21
22
SIM5
SIM1
SIM2
SIM3
SIM4
1
21
22
SIM5
SIM1
SIM2
SIM3
SIM4
1
21
22
SIM5
SIM1
SIM2
SIM3
SIM4
1
21
22
SIM5
SIM1
SIM2
SIM3
SIM4
1
21
22
SIM5
SIM1
SIM2
SIM3
SIM4
1
21
22
SIM5
SIM1
SIM2
SIM3
SIM4
1
21
22
SIM5
SIM1
SIM2
SIM3
SIM4
1
21
22
SIM5
SIM1
SIM2
SIM3
SIM4
1
21
22
SIM5
SIM1
SIM2
SIM3
SIM4
1
21
22
SIM5
SIM1
SIM2
SIM3
SIM4
1
21
22
SIM5
SIM1
SIM2
SIM3
SIM4
1
21
22
SIM5
SIM1
SIM2
SIM3
SIM4
1
21
22
SIM5
SIM1
SIM2
SIM3
SIM4
1
21
22
SIM5
SIM1
SIM2
SIM3
SIM4
1
21
22
SIM5
SIM1
SIM2
SIM3
SIM4
1
21
22
SIM5
SIM1
SIM2
SIM3
SIM4
1
21
22
SIM5
SIM1
SIM2
SIM3
SIM4
1
21
22
SIM5
SIM1
SIM2
SIM3
SIM4
1
21
22
SIM5
SIM1
SIM2
SIM3
SIM4
1
21
22
SIM5
SIM1
SIM2
SIM3
SIM4
1
21
22
SIM5
SIM1
SIM2
SIM3
SIM4
1
21
22
SIM5
SIM1
SIM2
SIM3
SIM4
1
21
22
SIM5
SIM1
SIM2
SIM3
SIM4
1
21
22
SIM5
SIM1
SIM2
SIM3
SIM4
1
21
22
SIM5
SIM1
SIM2
SIM3
SIM4
1
21
22
SIM5
SIM1
SIM2
SIM3
SIM4
1
21
22
SIM5
SIM1
SIM2
SIM3
SIM4
1
21
22
SIM5
SIM1
SIM2
SIM3
SIM4
1
21
22
SIM5
SIM1
SIM2
SIM3
SIM4
1
21
22
SIM5
SIM1
SIM2
SIM3
SIM4
1
21
22
SIM5
SIM1
SIM2
SIM3
SIM4
1
21
22
SIM5
SIM1
SIM2
SIM3
SIM4
1
21
22
SIM5
SIM1
SIM2
SIM3
SIM4
1
21
22
SIM5
SIM1
SIM2
SIM3
SIM4
1
21
22
SIM5
SIM1
SIM2
SIM3
SIM4
1
21
22
SIM5
SIM1
SIM2
SIM3
SIM4
1
21
22
SIM5
SIM1
SIM2
SIM3
SIM4
1
21
22
SIM5
SIM1
SIM2
SIM3
SIM4
1
21
22
SIM5
SIM1
SIM2
SIM3
SIM4
1
21
22
SIM5
SIM1
SIM2
SIM3
SIM4
1
21
22
SIM5
SIM1
SIM2
SIM3
SIM4
1
21
22
SIM5
SIM1
SIM2
SIM3
SIM4
1
21
22
SIM5
SIM1
SIM2
SIM3
SIM4
1
21
22
SIM5
SIM1
SIM2
SIM3
SIM4
1
21
22
SIM5
SIM1
SIM2
SIM3
SIM4
1
21
22
SIM5
SIM1
SIM2
SIM3
SIM4
1
21
22
SIM5
SIM1
SIM2
SIM3
SIM4
1
21
22
SIM5
SIM1
SIM2
SIM3
SIM4
1
21
22
SIM5
SIM1
SIM2
SIM3
SIM4
1
21
22
SIM5
SIM1
SIM2
SIM3
SIM4
1
21
22
SIM5
SIM1
SIM2
SIM3
SIM4
1
21
22
SIM5
SIM1
SIM2
SIM3
SIM4
1
21
22
SIM5
SIM1
SIM2
SIM3
SIM4
1
21
22
SIM5
SIM1
SIM2
SIM3
SIM4
1
21
22
SIM5
SIM1
SIM2
SIM3
SIM4
1
21
22
SIM5
SIM1
SIM2
SIM3
SIM4
1
21
22
SIM5
SIM1
SIM2
SIM3
SIM4
1
21
22
SIM5
SIM1
SIM2
SIM3
SIM4
1
21
22
SIM5
SIM1
SIM2
SIM3
SIM4
1
21
22
SIM5
SIM1
SIM2
SIM3
SIM4
1
21
22
SIM5
SIM1
SIM2
SIM3
SIM4
1
21
22
SIM5
SIM1
SIM2
SIM3
SIM4
1
21
22
SIM5
SIM1
SIM2
SIM3
SIM4
1
21
22
SIM5
SIM1
SIM2
SIM3
SIM4
1
21
22
SIM5
SIM1
SIM2
SIM3
SIM4
1
21
22
SIM5
SIM1
SIM2
SIM3
SIM4
1
21
22
SIM5
SIM1
SIM2
SIM3
SIM4
1
21
22
SIM5
SIM1
SIM2
SIM3
SIM4
1
21
22
SIM5
SIM1
SIM2
SIM3
SIM4
1
21
22
SIM5
SIM1
SIM2
DEBUG 1 750
SIM1
SIM2
SIM3
SIM4
1
21
22
SIM5
SIM1
SIM2
SIM3
SIM4
1
21
22
SIM5
SIM1
SIM2
SIM3
SIM4
1
21
22
SIM5
SIM1
SIM2
SIM3
SIM4
1
21
22
SIM5
SIM1
SIM2
SIM3
SIM4
1
21
22
SIM5
SIM1
SIM2
SIM3
SIM4
1
21
22
SIM5
SIM1
SIM2
SIM3
SIM4
1
21
22
SIM5
SIM1
SIM2
SIM3
SIM4
1
21
22
SIM5
SIM1
SIM2
SIM3
SIM4
1
21
22
SIM5
SIM1
SIM2
SIM3
SIM4
1
21
22
SIM5
SIM1
SIM2
SIM3
SIM4
1
21
22
SIM5
SIM1
SIM2
SIM3
SIM4
1
21
22
SIM5
SIM1
SIM2
SIM3
SIM4
1
21
22
SIM5
SIM1
SIM2
SIM3
SIM4
1
21
22
SIM5
SIM1
SIM2
SIM3
SIM4
1
21
22
SIM5
SIM1
SIM2
SIM3
SIM4
1
21
22
SIM5
SIM1
SIM2
SIM3
SIM4
1
21
22
SIM5
SIM1
SIM2
SIM3
SIM4
1
21
22
SIM5
SIM1
SIM2
SIM3
SIM4
1
21
22
SIM5
SIM1
SIM2
SIM3
SIM4
1
21
22
SIM5
SIM1
SIM2
SIM3
SIM4
1
21
22
SIM5
SIM1
SIM2
SIM3
SIM4
1
21
22
SIM5
SIM1
SIM2
SIM3
SIM4
1
21
22
SIM5
SIM1
SIM2
SIM3
SIM4
1
21
22
SIM5
SIM1
SIM2
SIM3
SIM4
1
21
22
SIM5
SIM1
SIM2
SIM3
SIM4
1
21
22
SIM5
SIM1
SIM2
SIM3
SIM4
1
21
22
SIM5
SIM1
SIM2
SIM3
SIM4
1
21
22
SIM5
SIM1
SIM2
SIM3
SIM4
1
21
22
SIM5
SIM1
SIM2
SIM3
SIM4
1
21
22
SIM5
SIM1
SIM2
SIM3
SIM4
1
21
22
SIM5
SIM1
SIM2
SIM3
SIM4
1
21
22
SIM5
SIM1
SIM2
SIM3
SIM4
1
21
22
SIM5
SIM1
SIM2
SIM3
SIM4
1
21
22
SIM5
SIM1
SIM2
SIM3
SIM4
1
21
22
SIM5
SIM1
SIM2
SIM3
SIM4
1
21
22
SIM5
SIM1
SIM2
SIM3
SIM4
1
21
22
SIM5
SIM1
SIM2
SIM3
SIM4
1
21
22
SIM5
SIM1
SIM2
SIM3
SIM4
1
21
22
SIM5
SIM1
SIM2
SIM3
SIM4
1
21
22
SIM5
SIM1
SIM2
SIM3
SIM4
1
21
22
SIM5
SIM1
SIM2
SIM3
SIM4
1
21
22
SIM5
SIM1
SIM2
SIM3
SIM4
1
21
22
SIM5
SIM1
SIM2
SIM3
SIM4
1
21
22
SIM5
SIM1
SIM2
SIM3
SIM4
1
21
22
SIM5
SIM1
SIM2
SIM3
SIM4
1
21
22
SIM5
SIM1
SIM2
SIM3
SIM4
1
21
22
SIM5
SIM1
SIM2
SIM3
SIM4
1
21
22
SIM5
SIM1
SIM2
SIM3
SIM4
1
21
22
SIM5
SIM1
SIM2
SIM3
SIM4
1
21
22
SIM5
SIM1
SIM2
SIM3
SIM4
1
21
22
SIM5
SIM1
SIM2
SIM3
SIM4
1
21
22
SIM5
SIM1
SIM2
SIM3
SIM4
1
21
22
SIM5
SIM1
SIM2
SIM3
SIM4
1
21
22
SIM5
SIM1
SIM2
SIM3
SIM4
1
21
22
SIM5
SIM1
SIM2
SIM3
SIM4
1
21
22
SIM5
SIM1
SIM2
SIM3
SIM4
1
21
22
SIM5
SIM1
SIM2
SIM3
SIM4
1
21
22
SIM5
SIM1
SIM2
SIM3
SIM4
1
21
22
SIM5
SIM1
SIM2
SIM3
SIM4
1
21
22
SIM5
SIM1
SIM2
SIM3
SIM4
1
21
22
SIM5
SIM1
SIM2
SIM3
SIM4
1
21
22
SIM5
SIM1
SIM2
SIM3
SIM4
1
21
22
SIM5
SIM1
SIM2
SIM3
SIM4
1
21
22
SIM5
SIM1
SIM2
SIM3
SIM4
1
21
22
SIM5
SIM1
SIM2
SIM3
SIM4
1
21
22
SIM5
SIM1
SIM2
SIM3
SIM4
1
21
22
SIM5
SIM1
SIM2
SIM3
SIM4
1
21
22
SIM5
SIM1
SIM2
SIM3
SIM4
1
21
22
SIM5
SIM1
SIM2
SIM3
SIM4
1
21
22
SIM5
SIM1
SIM2
SIM3
SIM4
1
21
22
SIM5
SIM1
SIM2
SIM3
SIM4
1
21
22
SIM5
SIM1
SIM2
SIM3
SIM4
1
21
22
SIM5
SIM1
SIM2
SIM3
SIM4
1
21
22
SIM5
SIM1
SIM2
SIM3
SIM4
1
21
22
SIM5
SIM1
SIM2
SIM3
SIM4
1
21
22
SIM5
SIM1
SIM2
SIM3
SIM4
1
21
22
SIM5
SIM1
SIM2
SIM3
SIM4
1
21
22
SIM5
SIM1
SIM2
SIM3
SIM4
1
21
22
SIM5
SIM1
SIM2
SIM3
SIM4
1
21
22
SIM5
SIM1
SIM2
SIM3
SIM4
1
21
22
SIM5
SIM1
SIM2
SIM3
SIM4
1
21
22
SIM5
SIM1
SIM2
SIM3
SIM4
1
21
22
SIM5
SIM1
SIM2
SIM3
SIM4
1
21
22
SIM5
SIM1
SIM2
SIM3
SIM4
1
21
22
SIM5
SIM1
SIM2
SIM3
SIM4
1
21
22
SIM5
SIM1
SIM2
SIM3
SIM4
1
21
22
SIM5
SIM1
SIM2
SIM3
SIM4
1
21
22
SIM5
SIM1
SIM2
SIM3
SIM4
1
21
22
SIM5
SIM1
SIM2
SIM3
SIM4
1
21
22
SIM5
SIM1
SIM2
SIM3
SIM4
1
21
22
SIM5
SIM1
SIM2
SIM3
SIM4
1
21
22
SIM5
SIM1
SIM2
SIM3
SIM4
1
21
22
SIM5
SIM1
SIM2
SIM3
SIM4
1
21
22
SIM5
SIM1
SIM2
SIM3
SIM4
1
21
22
SIM5
SIM1
SIM2
SIM3
SIM4
1
21
22
SIM5
SIM1
SIM2
SIM3
SIM4
1
21
22
SIM5
SIM1
SIM2
SIM3
SIM4
1
21
22
SIM5
SIM1
SIM2
SIM3
SIM4
1
21
22
SIM5
SIM1
SIM2
SIM3
SIM4
1
21
22
SIM5
SIM1
SIM2
SIM3
SIM4
1
21
22
SIM5
SIM1
SIM2
SIM3
SIM4
1
21
22
SIM5
SIM1
SIM2
SIM3
SIM4
1
21
22
SIM5
SIM1
SIM2
SIM3
SIM4
1
21
22
SIM5
SIM1
SIM2
SIM3
SIM4
1
21
22
SIM5
SIM1
SIM2
SIM3
SIM4
1
21
22
SIM5
SIM1
SIM2
SIM3
SIM4
1
21
22
SIM5
SIM1
SIM2
SIM3
SIM4
1
21
22
SIM5
SIM1
SIM2
SIM3
SIM4
1
21
22
SIM5
SIM1
SIM2
SIM3
SIM4
1
21
22
SIM5
SIM1
SIM2
SIM3
SIM4
1
21
22
SIM5
SIM1
SIM2
SIM3
SIM4
1
21
22
SIM5
SIM1
SIM2
SIM3
SIM4
1
21
22
SIM5
SIM1
SIM2
SIM3
SIM4
1
21
22
SIM5
SIM1
SIM2
SIM3
SIM4
1
21
22
SIM5
SIM1
SIM2
SIM3
SIM4
1
21
22
SIM5
SIM1
SIM2
SIM3
SIM4
1
21
22
SIM5
SIM1
SIM2
SIM3
SIM4
1
21
22
SIM5
SIM1
SIM2
SIM3
SIM4
1
21
22
SIM5
SIM1
SIM2
SIM3
SIM4
1
21
22
SIM5
SIM1
SIM2
SIM3
SIM4
1
21
22
SIM5
SIM1
SIM2
SIM3
SIM4
1
21
22
SIM5
SIM1
SIM2
SIM3
SIM4
1
21
22
SIM5
SIM1
SIM2
SIM3
SIM4
1
21
22
SIM5
SIM1
SIM2
SIM3
SIM4
1
21
22
SIM5
SIM1
SIM2
SIM3
SIM4
1
21
22
SIM5
SIM1
SIM2
SIM3
SIM4
1
21
22
SIM5
SIM1
SIM2
SIM3
SIM4
1
21
22
SIM5
SIM1
SIM2
SIM3
SIM4
1
21
22
SIM5
SIM1
SIM2
SIM3
SIM4
1
21
22
SIM5
SIM1
SIM2
SIM3
SIM4
1
21
22
SIM5
SIM1
SIM2
DEBUG 1 751
SIM1
SIM2
SIM3
SIM4
1
21
22
SIM5
SIM1
SIM2
SIM3
SIM4
1
21
22
SIM5
SIM1
SIM2
SIM3
SIM4
1
21
22
SIM5
SIM1
SIM2
SIM3
SIM4
1
21
22
SIM5
SIM1
SIM2
SIM3
SIM4
1
21
22
SIM5
SIM1
SIM2
SIM3
SIM4
1
21
22
SIM5
SIM1
SIM2
SIM3
SIM4
1
21
22
SIM5
SIM1
SIM2
SIM3
SIM4
1
21
22
SIM5
SIM1
SIM2
SIM3
SIM4
1
21
22
SIM5
SIM1
SIM2
SIM3
SIM4
1
21
22
SIM5
SIM1
SIM2
SIM3
SIM4
1
21
22
SIM5
SIM1
SIM2
SIM3
SIM4
1
21
22
SIM5
SIM1
SIM2
SIM3
SIM4
1
21
22
SIM5
SIM1
SIM2
SIM3
SIM4
1
21
22
SIM5
SIM1
SIM2
SIM3
SIM4
1
21
22
SIM5
SIM1
SIM2
SIM3
SIM4
1
21
22
SIM5
SIM1
SIM2
SIM3
SIM4
1
21
22
SIM5
SIM1
SIM2
SIM3
SIM4
1
21
22
SIM5
SIM1
SIM2
SIM3
SIM4
1
21
22
SIM5
SIM1
SIM2
SIM3
SIM4
1
21
22
SIM5
SIM1
SIM2
SIM3
SIM4
1
21
22
SIM5
SIM1
SIM2
SIM3
SIM4
1
21
22
SIM5
SIM1
SIM2
SIM3
SIM4
1
21
22
SIM5
SIM1
SIM2
SIM3
SIM4
1
21
22
SIM5
SIM1
SIM2
SIM3
SIM4
1
21
22
SIM5
SIM1
SIM2
SIM3
SIM4
1
21
22
SIM5
SIM1
SIM2
SIM3
SIM4
1
21
22
SIM5
SIM1
SIM2
SIM3
SIM4
1
21
22
SIM5
SIM1
SIM2
SIM3
SIM4
1
21
22
SIM5
SIM1
SIM2
SIM3
SIM4
1
21
22
SIM5
SIM1
SIM2
SIM3
SIM4
1
21
22
SIM5
SIM1
SIM2
SIM3
SIM4
1
21
22
SIM5
SIM1
SIM2
SIM3
SIM4
1
21
22
SIM5
SIM1
SIM2
SIM3
SIM4
1
21
22
SIM5
SIM1
SIM2
SIM3
SIM4
1
21
22
SIM5
SIM1
SIM2
SIM3
SIM4
1
21
22
SIM5
SIM1
SIM2
SIM3
SIM4
1
21
22
SIM5
SIM1
SIM2
SIM3
SIM4
1
21
22
SIM5
SIM1
SIM2
SIM3
SIM4
1
21
22
SIM5
SIM1
SIM2
SIM3
SIM4
1
21
22
SIM5
SIM1
SIM2
SIM3
SIM4
1
21
22
SIM5
SIM1
SIM2
SIM3
SIM4
1
21
22
SIM5
SIM1
SIM2
SIM3
SIM4
1
21
22
SIM5
SIM1
SIM2
SIM3
SIM4
1
21
22
SIM5
SIM1
SIM2
SIM3
SIM4
1
21
22
SIM5
SIM1
SIM2
SIM3
SIM4
1
21
22
SIM5
SIM1
SIM2
SIM3
SIM4
1
21
22
SIM5
SIM1
SIM2
SIM3
SIM4
1
21
22
SIM5
SIM1
SIM2
SIM3
SIM4
1
21
22
SIM5
SIM1
SIM2
SIM3
SIM4
1
21
22
SIM5
SIM1
SIM2
SIM3
SIM4
1
21
22
SIM5
SIM1
SIM2
SIM3
SIM4
1
21
22
SIM5
SIM1
SIM2
SIM3
SIM4
1
21
22
SIM5
SIM1
SIM2
SIM3
SIM4
1
21
22
SIM5
SIM1
SIM2
SIM3
SIM4
1
21
22
SIM5
SIM1
SIM2
SIM3
SIM4
1
21
22
SIM5
SIM1
SIM2
SIM3
SIM4
1
21
22
SIM5
SIM1
SIM2
SIM3
SIM4
1
21
22
SIM5
SIM1
SIM2
SIM3
SIM4
1
21
22
SIM5
SIM1
SIM2
SIM3
SIM4
1
21
22
SIM5
SIM1
SIM2
SIM3
SIM4
1
21
22
SIM5
SIM1
SIM2
SIM3
SIM4
1
21
22
SIM5
SIM1
SIM2
SIM3
SIM4
1
21
22
SIM5
SIM1
SIM2
SIM3
SIM4
1
21
22
SIM5
SIM1
SIM2
SIM3
SIM4
1
21
22
SIM5
SIM1
SIM2
SIM3
SIM4
1
21
22
SIM5
SIM1
SIM2
SIM3
SIM4
1
21
22
SIM5
SIM1
SIM2
SIM3
SIM4
1
21
22
SIM5
SIM1
SIM2
SIM3
SIM4
1
21
22
SIM5
SIM1
SIM2
SIM3
SIM4
1
21
22
SIM5
SIM1
SIM2
SIM3
SIM4
1
21
22
SIM5
SIM1
SIM2
SIM3
SIM4
1
21
22
SIM5
SIM1
SIM2
SIM3
SIM4
1
21
22
SIM5
SIM1
SIM2
SIM3
SIM4
1
21
22
SIM5
SIM1
SIM2
SIM3
SIM4
1
21
22
SIM5
SIM1
SIM2
SIM3
SIM4
1
21
22
SIM5
SIM1
SIM2
SIM3
SIM4
1
21
22
SIM5
SIM1
SIM2
SIM3
SIM4
1
21
22
SIM5
SIM1
SIM2
SIM3
SIM4
1
21
22
SIM5
SIM1
SIM2
SIM3
SIM4
1
21
22
SIM5
SIM1
SIM2
SIM3
SIM4
1
21
22
SIM5
SIM1
SIM2
SIM3
SIM4
1
21
22
SIM5
SIM1
SIM2
SIM3
SIM4
1
21
22
SIM5
SIM1
SIM2
SIM3
SIM4
1
21
22
SIM5
SIM1
SIM2
SIM3
SIM4
1
21
22
SIM5
SIM1
SIM2
SIM3
SIM4
1
21
22
SIM5
SIM1
SIM2
SIM3
SIM4
1
21
22
SIM5
SIM1
SIM2
SIM3
SIM4
1
21
22
SIM5
SIM1
SIM2
SIM3
SIM4
1
21
22
SIM5
SIM1
SIM2
SIM3
SIM4
1
21
22
SIM5
SIM1
SIM2
SIM3
SIM4
1
21
22
SIM5
SIM1
SIM2
SIM3
SIM4
1
21
22
SIM5
SIM1
SIM2
SIM3
SIM4
1
21
22
SIM5
SIM1
SIM2
SIM3
SIM4
1
21
22
SIM5
SIM1
SIM2
SIM3
SIM4
1
21
22
SIM5
SIM1
SIM2
SIM3
SIM4
1
21
22
SIM5
SIM1
SIM2
SIM3
SIM4
1
21
22
SIM5
SIM1
SIM2
SIM3
SIM4
1
21
22
SIM5
SIM1
SIM2
SIM3
SIM4
1
21
22
SIM5
SIM1
SIM2
SIM3
SIM4
1
21
22
SIM5
SIM1
SIM2
SIM3
SIM4
1
21
22
SIM5
SIM1
SIM2
SIM3
SIM4
1
21
22
SIM5
SIM1
SIM2
SIM3
SIM4
1
21
22
SIM5
SIM1
SIM2
SIM3
SIM4
1
21
22
SIM5
SIM1
SIM2
SIM3
SIM4
1
21
22
SIM5
SIM1
SIM2
SIM3
SIM4
1
21
22
SIM5
SIM1
SIM2
SIM3
SIM4
1
21
22
SIM5
SIM1
SIM2
SIM3
SIM4
1
21
22
SIM5
SIM1
SIM2
SIM3
SIM4
1
21
22
SIM5
SIM1
SIM2
SIM3
SIM4
1
21
22
SIM5
SIM1
SIM2
SIM3
SIM4
1
21
22
SIM5
SIM1
SIM2
SIM3
SIM4
1
21
22
SIM5
SIM1
SIM2
SIM3
SIM4
1
21
22
SIM5
SIM1
SIM2
SIM3
SIM4
1
21
22
SIM5
SIM1
SIM2
SIM3
SIM4
1
21
22
SIM5
SIM1
SIM2
SIM3
SIM4
1
21
22
SIM5
SIM1
SIM2
SIM3
SIM4
1
21
22
SIM5
SIM1
SIM2
SIM3
SIM4
1
21
22
SIM5
SIM1
SIM2
SIM3
SIM4
1
21
22
SIM5
SIM1
SIM2
SIM3
SIM4
1
21
22
SIM5
SIM1
SIM2
SIM3
SIM4
1
21
22
SIM5
SIM1
SIM2
SIM3
SIM4
1
21
22
SIM5
SIM1
SIM2
SIM3
SIM4
1
21
22
SIM5
SIM1
SIM2
SIM3
SIM4
1
21
22
SIM5
SIM1
SIM2
SIM3
SIM4
1
21
22
SIM5
SIM1
SIM2
SIM3
SIM4
1
21
22
SIM5
SIM1
SIM2
SIM3
SIM4
1
21
22
SIM5
SIM1
SIM2
SIM3
SIM4
1
21
22
SIM5
SIM1
SIM2
SIM3
SIM4
1
21
22
SIM5
SIM1
SIM2
SIM3
SIM4
1
21
22
SIM5
SIM1
SIM2
SIM3
SIM4
1
21
22
SIM5
SIM1
SIM2
SIM3
SIM4
1
21
22
SIM5
SIM1
SIM2
SIM3
SIM4
1
21
22
SIM5
SIM1
SIM2
SIM3
SIM4
1
21
22
SIM5
SIM1
SIM2
SIM3
SIM4
1
21
22
SIM5
SIM1
SIM2
SIM3
SIM4
1
21
22
SIM5
SIM1
SIM2
SIM3
SIM4
1
21
22
SIM5
SIM1
SIM2
SIM3
SIM4
1
21
22
SIM5
SIM1
SIM2
SIM3
SIM4
1
21
22
SIM5
SIM1
SIM2
SIM3
SIM4
1
21
22
SIM5
SIM1
SIM2
SIM3
SIM4
1
21
22
SIM5
SIM1
SIM2
SIM3
SIM4
1
21
22
SIM5
SIM1
SIM2
SIM3
SIM4
1
21
22
SIM5
SIM1
SIM2
SIM3
SIM4
1
21
22
SIM5
SIM1
SIM2
SIM3
SIM4
1
21
22
SIM5
SIM1
SIM2
SIM3
SIM4
1
21
22
SIM5
SIM1
SIM2
SIM3
SIM4
1
21
22
SIM5
SIM1
SIM2
SIM3
SIM4
1
21
22
SIM5
SIM1
SIM2
SIM3
SIM4
1
21
22
SIM5
SIM1
SIM2
SIM3
SIM4
1
21
22
SIM5
SIM1
SIM2
SIM3
SIM4
1
21
22
SIM5
SIM1
SIM2
SIM3
SIM4
1
21
22
SIM5
SIM1
SIM2
SIM3
SIM4
1
21
22
SIM5
SIM1
SIM2
SIM3
SIM4
1
21
22
SIM5
SIM1
SIM2
SIM3
SIM4
1
21
22
SIM5
SIM1
SIM2
SIM3
SIM4
1
21
22
SIM5
SIM1
SIM2
SIM3
SIM4
1
21
22
SIM5
SIM1
SIM2
SIM3
SIM4
1
21
22
SIM5
SIM1
SIM2
SIM3
SIM4
1
21
22
SIM5
SIM1
SIM2
SIM3
SIM4
1
21
22
SIM5
SIM1
SIM2
SIM3
SIM4
1
21
22
SIM5
SIM1
SIM2
SIM3
SIM4
1
21
22
SIM5
SIM1
SIM2
SIM3
SIM4
1
21
22
SIM5
SIM1
SIM2
SIM3
SIM4
1
21
22
SIM5
SIM1
SIM2
SIM3
SIM4
1
21
22
SIM5
SIM1
SIM2
SIM3
SIM4
1
21
22
SIM5
SIM1
SIM2
SIM3
SIM4
1
21
22
SIM5
SIM1
SIM2
SIM3
SIM4
1
21
22
SIM5
SIM1
SIM2
SIM3
SIM4
1
21
22
SIM5
SIM1
SIM2
SIM3
SIM4
1
21
22
SIM5
SIM1
SIM2
SIM3
SIM4
1
21
22
SIM5
SIM1
SIM2
SIM3
SIM4
1
21
22
SIM5
SIM1
SIM2
SIM3
SIM4
1
21
22
SIM5
SIM1
SIM2
SIM3
SIM4
1
21
22
SIM5
SIM1
SIM2
SIM3
SIM4
1
21
22
SIM5
SIM1
SIM2
SIM3
SIM4
1
21
22
SIM5
SIM1
SIM2
SIM3
SIM4
1
21
22
SIM5
SIM1
SIM2
SIM3
SIM4
1
21
22
SIM5
SIM1
SIM2
SIM3
SIM4
1
21
22
SIM5
SIM1
SIM2
SIM3
SIM4
1
21
22
SIM5
SIM1
SIM2
SIM3
SIM4
1
21
22
SIM5
SIM1
SIM2
SIM3
SIM4
1
21
22
SIM5
SIM1
SIM2
SIM3
SIM4
1
21
22
SIM5
SIM1
SIM2
SIM3
SIM4
1
21
22
SIM5
SIM1
SIM2
SIM3
SIM4
1
21
22
SIM5
SIM1
SIM2
SIM3
SIM4
1
21
22
SIM5
SIM1
SIM2
SIM3
SIM4
1
21
22
SIM5
SIM1
SIM2
SIM3
SIM4
1
21
22
SIM5
SIM1
SIM2
SIM3
SIM4
1
21
22
SIM5
SIM1
SIM2
SIM3
SIM4
1
21
22
SIM5
SIM1
SIM2
DEBUG 1 752
SIM1
SIM2
SIM3
SIM4
1
21
22
SIM5
SIM1
SIM2
SIM3
SIM4
1
21
22
SIM5
SIM1
SIM2
SIM3
SIM4
1
21
22
SIM5
SIM1
SIM2
SIM3
SIM4
1
21
22
SIM5
SIM1
SIM2
SIM3
SIM4
1
21
22
SIM5
SIM1
SIM2
SIM3
SIM4
1
21
22
SIM5
SIM1
SIM2
SIM3
SIM4
1
21
22
SIM5
SIM1
SIM2
SIM3
SIM4
1
21
22
SIM5
SIM1
SIM2
SIM3
SIM4
1
21
22
SIM5
SIM1
SIM2
SIM3
SIM4
1
21
22
SIM5
SIM1
SIM2
SIM3
SIM4
1
21
22
SIM5
SIM1
SIM2
SIM3
SIM4
1
21
22
SIM5
SIM1
SIM2
SIM3
SIM4
1
21
22
SIM5
SIM1
SIM2
SIM3
SIM4
1
21
22
SIM5
SIM1
SIM2
SIM3
SIM4
1
21
22
SIM5
SIM1
SIM2
SIM3
SIM4
1
21
22
SIM5
SIM1
SIM2
SIM3
SIM4
1
21
22
SIM5
SIM1
SIM2
SIM3
SIM4
1
21
22
SIM5
SIM1
SIM2
SIM3
SIM4
1
21
22
SIM5
SIM1
SIM2
SIM3
SIM4
1
21
22
SIM5
SIM1
SIM2
SIM3
SIM4
1
21
22
SIM5
SIM1
SIM2
SIM3
SIM4
1
21
22
SIM5
SIM1
SIM2
SIM3
SIM4
1
21
22
SIM5
SIM1
SIM2
SIM3
SIM4
1
21
22
SIM5
SIM1
SIM2
SIM3
SIM4
1
21
22
SIM5
SIM1
SIM2
SIM3
SIM4
1
21
22
SIM5
SIM1
SIM2
SIM3
SIM4
1
21
22
SIM5
SIM1
SIM2
SIM3
SIM4
1
21
22
SIM5
SIM1
SIM2
SIM3
SIM4
1
21
22
SIM5
SIM1
SIM2
SIM3
SIM4
1
21
22
SIM5
SIM1
SIM2
SIM3
SIM4
1
21
22
SIM5
SIM1
SIM2
SIM3
SIM4
1
21
22
SIM5
SIM1
SIM2
SIM3
SIM4
1
21
22
SIM5
SIM1
SIM2
SIM3
SIM4
1
21
22
SIM5
SIM1
SIM2
SIM3
SIM4
1
21
22
SIM5
SIM1
SIM2
SIM3
SIM4
1
21
22
SIM5
SIM1
SIM2
SIM3
SIM4
1
21
22
SIM5
SIM1
SIM2
SIM3
SIM4
1
21
22
SIM5
SIM1
SIM2
SIM3
SIM4
1
21
22
SIM5
SIM1
SIM2
SIM3
SIM4
1
21
22
SIM5
SIM1
SIM2
SIM3
SIM4
1
21
22
SIM5
SIM1
SIM2
SIM3
SIM4
1
21
22
SIM5
SIM1
SIM2
SIM3
SIM4
1
21
22
SIM5
SIM1
SIM2
SIM3
SIM4
1
21
22
SIM5
SIM1
SIM2
SIM3
SIM4
1
21
22
SIM5
SIM1
SIM2
SIM3
SIM4
1
21
22
SIM5
SIM1
SIM2
SIM3
SIM4
1
21
22
SIM5
SIM1
SIM2
SIM3
SIM4
1
21
22
SIM5
SIM1
SIM2
SIM3
SIM4
1
21
22
SIM5
SIM1
SIM2
SIM3
SIM4
1
21
22
SIM5
SIM1
SIM2
SIM3
SIM4
1
21
22
SIM5
SIM1
SIM2
SIM3
SIM4
1
21
22
SIM5
SIM1
SIM2
SIM3
SIM4
1
21
22
SIM5
SIM1
SIM2
SIM3
SIM4
1
21
22
SIM5
SIM1
SIM2
SIM3
SIM4
1
21
22
SIM5
SIM1
SIM2
SIM3
SIM4
1
21
22
SIM5
SIM1
SIM2
SIM3
SIM4
1
21
22
SIM5
SIM1
SIM2
SIM3
SIM4
1
21
22
SIM5
SIM1
SIM2
SIM3
SIM4
1
21
22
SIM5
SIM1
SIM2
SIM3
SIM4
1
21
22
SIM5
SIM1
SIM2
SIM3
SIM4
1
21
22
SIM5
SIM1
SIM2
SIM3
SIM4
1
21
22
SIM5
SIM1
SIM2
SIM3
SIM4
1
21
22
SIM5
SIM1
SIM2
SIM3
SIM4
1
21
22
SIM5
SIM1
SIM2
SIM3
SIM4
1
21
22
SIM5
SIM1
SIM2
SIM3
SIM4
1
21
22
SIM5
SIM1
SIM2
SIM3
SIM4
1
21
22
SIM5
SIM1
SIM2
SIM3
SIM4
1
21
22
SIM5
SIM1
SIM2
SIM3
SIM4
1
21
22
SIM5
SIM1
SIM2
SIM3
SIM4
1
21
22
SIM5
SIM1
SIM2
SIM3
SIM4
1
21
22
SIM5
SIM1
SIM2
SIM3
SIM4
1
21
22
SIM5
SIM1
SIM2
SIM3
SIM4
1
21
22
SIM5
SIM1
SIM2
SIM3
SIM4
1
21
22
SIM5
SIM1
SIM2
SIM3
SIM4
1
21
22
SIM5
SIM1
SIM2
SIM3
SIM4
1
21
22
SIM5
SIM1
SIM2
SIM3
SIM4
1
21
22
SIM5
SIM1
SIM2
SIM3
SIM4
1
21
22
SIM5
SIM1
SIM2
SIM3
SIM4
1
21
22
SIM5
SIM1
SIM2
SIM3
SIM4
1
21
22
SIM5
SIM1
SIM2
SIM3
SIM4
1
21
22
SIM5
SIM1
SIM2
SIM3
SIM4
1
21
22
SIM5
SIM1
SIM2
SIM3
SIM4
1
21
22
SIM5
SIM1
SIM2
SIM3
SIM4
1
21
22
SIM5
SIM1
SIM2
SIM3
SIM4
1
21
22
SIM5
SIM1
SIM2
SIM3
SIM4
1
21
22
SIM5
SIM1
SIM2
SIM3
SIM4
1
21
22
SIM5
SIM1
SIM2
SIM3
SIM4
1
21
22
SIM5
SIM1
SIM2
SIM3
SIM4
1
21
22
SIM5
SIM1
SIM2
SIM3
SIM4
1
21
22
SIM5
SIM1
SIM2
SIM3
SIM4
1
21
22
SIM5
SIM1
SIM2
SIM3
SIM4
1
21
22
SIM5
SIM1
SIM2
SIM3
SIM4
1
21
22
SIM5
SIM1
SIM2
SIM3
SIM4
1
21
22
SIM5
SIM1
SIM2
SIM3
SIM4
1
21
22
SIM5
SIM1
SIM2
SIM3
SIM4
1
21
22
SIM5
SIM1
SIM2
SIM3
SIM4
1
21
22
SIM5
SIM1
SIM2
SIM3
SIM4
1
21
22
SIM5
SIM1
SIM2
SIM3
SIM4
1
21
22
SIM5
SIM1
SIM2
SIM3
SIM4
1
21
22
SIM5
SIM1
SIM2
SIM3
SIM4
1
21
22
SIM5
SIM1
SIM2
SIM3
SIM4
1
21
22
SIM5
SIM1
SIM2
SIM3
SIM4
1
21
22
SIM5
SIM1
SIM2
SIM3
SIM4
1
21
22
SIM5
SIM1
SIM2
SIM3
SIM4
1
21
22
SIM5
SIM1
SIM2
SIM3
SIM4
1
21
22
SIM5
SIM1
SIM2
SIM3
SIM4
1
21
22
SIM5
SIM1
SIM2
SIM3
SIM4
1
21
22
SIM5
SIM1
SIM2
SIM3
SIM4
1
21
22
SIM5
SIM1
SIM2
SIM3
SIM4
1
21
22
SIM5
SIM1
SIM2
SIM3
SIM4
1
21
22
SIM5
SIM1
SIM2
SIM3
SIM4
1
21
22
SIM5
SIM1
SIM2
SIM3
SIM4
1
21
22
SIM5
SIM1
SIM2
SIM3
SIM4
1
21
22
SIM5
SIM1
SIM2
SIM3
SIM4
1
21
22
SIM5
SIM1
SIM2
SIM3
SIM4
1
21
22
SIM5
SIM1
SIM2
SIM3
SIM4
1
21
22
SIM5
SIM1
SIM2
SIM3
SIM4
1
21
22
SIM5
SIM1
SIM2
SIM3
SIM4
1
21
22
SIM5
SIM1
SIM2
SIM3
SIM4
1
21
22
SIM5
SIM1
SIM2
SIM3
SIM4
1
21
22
SIM5
SIM1
SIM2
SIM3
SIM4
1
21
22
SIM5
SIM1
SIM2
SIM3
SIM4
1
21
22
SIM5
SIM1
SIM2
SIM3
SIM4
1
21
22
SIM5
SIM1
SIM2
SIM3
SIM4
1
21
22
SIM5
SIM1
SIM2
SIM3
SIM4
1
21
22
SIM5
SIM1
SIM2
SIM3
SIM4
1
21
22
SIM5
SIM1
SIM2
SIM3
SIM4
1
21
22
SIM5
SIM1
SIM2
SIM3
SIM4
1
21
22
SIM5
SIM1
SIM2
SIM3
SIM4
1
21
22
SIM5
SIM1
SIM2
SIM3
SIM4
1
21
22
SIM5
SIM1
SIM2
SIM3
SIM4
1
21
22
SIM5
SIM1
SIM2
SIM3
SIM4
1
21
22
SIM5
SIM1
SIM2
SIM3
SIM4
1
21
22
SIM5
SIM1
SIM2
SIM3
SIM4
1
21
22
SIM5
SIM1
SIM2
SIM3
SIM4
1
21
22
SIM5
SIM1
SIM2
SIM3
SIM4
1
21
22
SIM5
SIM1
SIM2
SIM3
SIM4
1
21
22
SIM5
SIM1
SIM2
SIM3
SIM4
1
21
22
SIM5
SIM1
SIM2
SIM3
SIM4
1
21
22
SIM5
SIM1
SIM2
SIM3
SIM4
1
21
22
SIM5
SIM1
SIM2
SIM3
SIM4
1
21
22
SIM5
SIM1
SIM2
SIM3
SIM4
1
21
22
SIM5
SIM1
SIM2
SIM3
SIM4
1
21
22
SIM5
SIM1
SIM2
SIM3
SIM4
1
21
22
SIM5
SIM1
SIM2
SIM3
SIM4
1
21
22
SIM5
SIM1
SIM2
SIM3
SIM4
1
21
22
SIM5
SIM1
SIM2
SIM3
SIM4
1
21
22
SIM5
SIM1
SIM2
SIM3
SIM4
1
21
22
SIM5
SIM1
SIM2
SIM3
SIM4
1
21
22
SIM5
SIM1
SIM2
SIM3
SIM4
1
21
22
SIM5
SIM1
SIM2
SIM3
SIM4
1
21
22
SIM5
SIM1
SIM2
SIM3
SIM4
1
21
22
SIM5
SIM1
SIM2
SIM3
SIM4
1
21
22
SIM5
SIM1
SIM2
SIM3
SIM4
1
21
22
SIM5
SIM1
SIM2
SIM3
SIM4
1
21
22
SIM5
SIM1
SIM2
SIM3
SIM4
1
21
22
SIM5
SIM1
SIM2
SIM3
SIM4
1
21
22
SIM5
SIM1
SIM2
SIM3
SIM4
1
21
22
SIM5
SIM1
SIM2
SIM3
SIM4
1
21
22
SIM5
SIM1
SIM2
SIM3
SIM4
1
21
22
SIM5
SIM1
SIM2
SIM3
SIM4
1
21
22
SIM5
SIM1
SIM2
SIM3
SIM4
1
21
22
SIM5
SIM1
SIM2
SIM3
SIM4
1
21
22
SIM5
SIM1
SIM2
SIM3
SIM4
1
21
22
SIM5
SIM1
SIM2
SIM3
SIM4
1
21
22
SIM5
SIM1
SIM2
SIM3
SIM4
1
21
22
SIM5
SIM1
SIM2
SIM3
SIM4
1
21
22
SIM5
SIM1
SIM2
SIM3
SIM4
1
21
22
SIM5
SIM1
SIM2
SIM3
SIM4
1
21
22
SIM5
SIM1
SIM2
SIM3
SIM4
1
21
22
SIM5
SIM1
SIM2
SIM3
SIM4
1
21
22
SIM5
SIM1
SIM2
SIM3
SIM4
1
21
22
SIM5
SIM1
SIM2
SIM3
SIM4
1
21
22
SIM5
SIM1
SIM2
SIM3
SIM4
1
21
22
SIM5
SIM1
SIM2
SIM3
SIM4
1
21
22
SIM5
SIM1
SIM2
SIM3
SIM4
1
21
22
SIM5
SIM1
SIM2
SIM3
SIM4
1
21
22
SIM5
SIM1
SIM2
SIM3
SIM4
1
21
22
SIM5
SIM1
SIM2
SIM3
SIM4
1
21
22
SIM5
SIM1
SIM2
SIM3
SIM4
1
21
22
SIM5
SIM1
SIM2
SIM3
SIM4
1
21
22
SIM5
SIM1
SIM2
SIM3
SIM4
1
21
22
SIM5
SIM1
SIM2
SIM3
SIM4
1
21
22
SIM5
SIM1
SIM2
SIM3
SIM4
1
21
22
SIM5
SIM1
SIM2
SIM3
SIM4
1
21
22
SIM5
SIM1
SIM2
SIM3
SIM4
1
21
22
SIM5
SIM1
SIM2
DEBUG 1 753
SIM1
SIM2
SIM3
SIM4
1
21
22
SIM5
SIM1
SIM2
SIM3
SIM4
1
21
22
SIM5
SIM1
SIM2
SIM3
SIM4
1
21
22
SIM5
SIM1
SIM2
SIM3
SIM4
1
21
22
SIM5
SIM1
SIM2
SIM3
SIM4
1
21
22
SIM5
SIM1
SIM2
SIM3
SIM4
1
21
22
SIM5
SIM1
SIM2
SIM3
SIM4
1
21
22
SIM5
SIM1
SIM2
SIM3
SIM4
1
21
22
SIM5
SIM1
SIM2
SIM3
SIM4
1
21
22
SIM5
SIM1
SIM2
SIM3
SIM4
1
21
22
SIM5
SIM1
SIM2
SIM3
SIM4
1
21
22
SIM5
SIM1
SIM2
SIM3
SIM4
1
21
22
SIM5
SIM1
SIM2
SIM3
SIM4
1
21
22
SIM5
SIM1
SIM2
SIM3
SIM4
1
21
22
SIM5
SIM1
SIM2
SIM3
SIM4
1
21
22
SIM5
SIM1
SIM2
SIM3
SIM4
1
21
22
SIM5
SIM1
SIM2
SIM3
SIM4
1
21
22
SIM5
SIM1
SIM2
SIM3
SIM4
1
21
22
SIM5
SIM1
SIM2
SIM3
SIM4
1
21
22
SIM5
SIM1
SIM2
SIM3
SIM4
1
21
22
SIM5
SIM1
SIM2
SIM3
SIM4
1
21
22
SIM5
SIM1
SIM2
SIM3
SIM4
1
21
22
SIM5
SIM1
SIM2
SIM3
SIM4
1
21
22
SIM5
SIM1
SIM2
SIM3
SIM4
1
21
22
SIM5
SIM1
SIM2
SIM3
SIM4
1
21
22
SIM5
SIM1
SIM2
SIM3
SIM4
1
21
22
SIM5
SIM1
SIM2
SIM3
SIM4
1
21
22
SIM5
SIM1
SIM2
SIM3
SIM4
1
21
22
SIM5
SIM1
SIM2
SIM3
SIM4
1
21
22
SIM5
SIM1
SIM2
SIM3
SIM4
1
21
22
SIM5
SIM1
SIM2
SIM3
SIM4
1
21
22
SIM5
SIM1
SIM2
SIM3
SIM4
1
21
22
SIM5
SIM1
SIM2
SIM3
SIM4
1
21
22
SIM5
SIM1
SIM2
SIM3
SIM4
1
21
22
SIM5
SIM1
SIM2
SIM3
SIM4
1
21
22
SIM5
SIM1
SIM2
SIM3
SIM4
1
21
22
SIM5
SIM1
SIM2
SIM3
SIM4
1
21
22
SIM5
SIM1
SIM2
SIM3
SIM4
1
21
22
SIM5
SIM1
SIM2
SIM3
SIM4
1
21
22
SIM5
SIM1
SIM2
SIM3
SIM4
1
21
22
SIM5
SIM1
SIM2
SIM3
SIM4
1
21
22
SIM5
SIM1
SIM2
SIM3
SIM4
1
21
22
SIM5
SIM1
SIM2
SIM3
SIM4
1
21
22
SIM5
SIM1
SIM2
SIM3
SIM4
1
21
22
SIM5
SIM1
SIM2
SIM3
SIM4
1
21
22
SIM5
SIM1
SIM2
SIM3
SIM4
1
21
22
SIM5
SIM1
SIM2
SIM3
SIM4
1
21
22
SIM5
SIM1
SIM2
SIM3
SIM4
1
21
22
SIM5
SIM1
SIM2
SIM3
SIM4
1
21
22
SIM5
SIM1
SIM2
SIM3
SIM4
1
21
22
SIM5
SIM1
SIM2
SIM3
SIM4
1
21
22
SIM5
SIM1
SIM2
SIM3
SIM4
1
21
22
SIM5
SIM1
SIM2
SIM3
SIM4
1
21
22
SIM5
SIM1
SIM2
SIM3
SIM4
1
21
22
SIM5
SIM1
SIM2
SIM3
SIM4
1
21
22
SIM5
SIM1
SIM2
SIM3
SIM4
1
21
22
SIM5
SIM1
SIM2
SIM3
SIM4
1
21
22
SIM5
SIM1
SIM2
SIM3
SIM4
1
21
22
SIM5
SIM1
SIM2
SIM3
SIM4
1
21
22
SIM5
SIM1
SIM2
SIM3
SIM4
1
21
22
SIM5
SIM1
SIM2
SIM3
SIM4
1
21
22
SIM5
SIM1
SIM2
SIM3
SIM4
1
21
22
SIM5
SIM1
SIM2
SIM3
SIM4
1
21
22
SIM5
SIM1
SIM2
SIM3
SIM4
1
21
22
SIM5
SIM1
SIM2
SIM3
SIM4
1
21
22
SIM5
SIM1
SIM2
SIM3
SIM4
1
21
22
SIM5
SIM1
SIM2
SIM3
SIM4
1
21
22
SIM5
SIM1
SIM2
SIM3
SIM4
1
21
22
SIM5
SIM1
SIM2
SIM3
SIM4
1
21
22
SIM5
SIM1
SIM2
SIM3
SIM4
1
21
22
SIM5
SIM1
SIM2
SIM3
SIM4
1
21
22
SIM5
SIM1
SIM2
SIM3
SIM4
1
21
22
SIM5
SIM1
SIM2
SIM3
SIM4
1
21
22
SIM5
SIM1
SIM2
SIM3
SIM4
1
21
22
SIM5
SIM1
SIM2
SIM3
SIM4
1
21
22
SIM5
SIM1
SIM2
SIM3
SIM4
1
21
22
SIM5
SIM1
SIM2
SIM3
SIM4
1
21
22
SIM5
SIM1
SIM2
SIM3
SIM4
1
21
22
SIM5
SIM1
SIM2
SIM3
SIM4
1
21
22
SIM5
SIM1
SIM2
SIM3
SIM4
1
21
22
SIM5
SIM1
SIM2
SIM3
SIM4
1
21
22
SIM5
SIM1
SIM2
SIM3
SIM4
1
21
22
SIM5
SIM1
SIM2
SIM3
SIM4
1
21
22
SIM5
SIM1
SIM2
SIM3
SIM4
1
21
22
SIM5
SIM1
SIM2
SIM3
SIM4
1
21
22
SIM5
SIM1
SIM2
SIM3
SIM4
1
21
22
SIM5
SIM1
SIM2
SIM3
SIM4
1
21
22
SIM5
SIM1
SIM2
SIM3
SIM4
1
21
22
SIM5
SIM1
SIM2
SIM3
SIM4
1
21
22
SIM5
SIM1
SIM2
SIM3
SIM4
1
21
22
SIM5
SIM1
SIM2
SIM3
SIM4
1
21
22
SIM5
SIM1
SIM2
SIM3
SIM4
1
21
22
SIM5
SIM1
SIM2
SIM3
SIM4
1
21
22
SIM5
SIM1
SIM2
SIM3
SIM4
1
21
22
SIM5
SIM1
SIM2
SIM3
SIM4
1
21
22
SIM5
SIM1
SIM2
SIM3
SIM4
1
21
22
SIM5
SIM1
SIM2
SIM3
SIM4
1
21
22
SIM5
SIM1
SIM2
SIM3
SIM4
1
21
22
SIM5
SIM1
SIM2
SIM3
SIM4
1
21
22
SIM5
SIM1
SIM2
SIM3
SIM4
1
21
22
SIM5
SIM1
SIM2
SIM3
SIM4
1
21
22
SIM5
SIM1
SIM2
SIM3
SIM4
1
21
22
SIM5
SIM1
SIM2
SIM3
SIM4
1
21
22
SIM5
SIM1
SIM2
SIM3
SIM4
1
21
22
SIM5
SIM1
SIM2
SIM3
SIM4
1
21
22
SIM5
SIM1
SIM2
SIM3
SIM4
1
21
22
SIM5
SIM1
SIM2
SIM3
SIM4
1
21
22
SIM5
SIM1
SIM2
SIM3
SIM4
1
21
22
SIM5
SIM1
SIM2
SIM3
SIM4
1
21
22
SIM5
SIM1
SIM2
SIM3
SIM4
1
21
22
SIM5
SIM1
SIM2
SIM3
SIM4
1
21
22
SIM5
SIM1
SIM2
SIM3
SIM4
1
21
22
SIM5
SIM1
SIM2
SIM3
SIM4
1
21
22
SIM5
SIM1
SIM2
SIM3
SIM4
1
21
22
SIM5
SIM1
SIM2
SIM3
SIM4
1
21
22
SIM5
SIM1
SIM2
SIM3
SIM4
1
21
22
SIM5
SIM1
SIM2
SIM3
SIM4
1
21
22
SIM5
SIM1
SIM2
SIM3
SIM4
1
21
22
SIM5
SIM1
SIM2
SIM3
SIM4
1
21
22
SIM5
SIM1
SIM2
SIM3
SIM4
1
21
22
SIM5
SIM1
SIM2
SIM3
SIM4
1
21
22
SIM5
SIM1
SIM2
SIM3
SIM4
1
21
22
SIM5
SIM1
SIM2
SIM3
SIM4
1
21
22
SIM5
SIM1
SIM2
SIM3
SIM4
1
21
22
SIM5
SIM1
SIM2
SIM3
SIM4
1
21
22
SIM5
SIM1
SIM2
SIM3
SIM4
1
21
22
SIM5
SIM1
SIM2
SIM3
SIM4
1
21
22
SIM5
SIM1
SIM2
SIM3
SIM4
1
21
22
SIM5
SIM1
SIM2
SIM3
SIM4
1
21
22
SIM5
SIM1
SIM2
SIM3
SIM4
1
21
22
SIM5
SIM1
SIM2
SIM3
SIM4
1
21
22
SIM5
SIM1
SIM2
SIM3
SIM4
1
21
22
SIM5
SIM1
SIM2
SIM3
SIM4
1
21
22
SIM5
SIM1
SIM2
SIM3
SIM4
1
21
22
SIM5
SIM1
SIM2
SIM3
SIM4
1
21
22
SIM5
SIM1
SIM2
SIM3
SIM4
1
21
22
SIM5
SIM1
SIM2
SIM3
SIM4
1
21
22
SIM5
SIM1
SIM2
SIM3
SIM4
1
21
22
SIM5
SIM1
SIM2
SIM3
SIM4
1
21
22
SIM5
SIM1
SIM2
SIM3
SIM4
1
21
22
SIM5
SIM1
SIM2
SIM3
SIM4
1
21
22
SIM5
SIM1
SIM2
SIM3
SIM4
1
21
22
SIM5
SIM1
SIM2
SIM3
SIM4
1
21
22
SIM5
SIM1
SIM2
SIM3
SIM4
1
21
22
SIM5
SIM1
SIM2
SIM3
SIM4
1
21
22
SIM5
SIM1
SIM2
SIM3
SIM4
1
21
22
SIM5
SIM1
SIM2
SIM3
SIM4
1
21
22
SIM5
SIM1
SIM2
SIM3
SIM4
1
21
22
SIM5
SIM1
SIM2
SIM3
SIM4
1
21
22
SIM5
SIM1
SIM2
SIM3
SIM4
1
21
22
SIM5
SIM1
SIM2
SIM3
SIM4
1
21
22
SIM5
SIM1
SIM2
SIM3
SIM4
1
21
22
SIM5
SIM1
SIM2
SIM3
SIM4
1
21
22
SIM5
SIM1
SIM2
SIM3
SIM4
1
21
22
SIM5
SIM1
SIM2
SIM3
SIM4
1
21
22
SIM5
SIM1
SIM2
SIM3
SIM4
1
21
22
SIM5
SIM1
SIM2
SIM3
SIM4
1
21
22
SIM5
SIM1
SIM2
SIM3
SIM4
1
21
22
SIM5
SIM1
SIM2
SIM3
SIM4
1
21
22
SIM5
SIM1
SIM2
SIM3
SIM4
1
21
22
SIM5
SIM1
SIM2
SIM3
SIM4
1
21
22
SIM5
SIM1
SIM2
SIM3
SIM4
1
21
22
SIM5
SIM1
SIM2
SIM3
SIM4
1
21
22
SIM5
SIM1
SIM2
SIM3
SIM4
1
21
22
SIM5
SIM1
SIM2
DEBUG 1 754
SIM1
SIM2
SIM3
SIM4
1
21
22
SIM5
SIM1
SIM2
SIM3
SIM4
1
21
22
SIM5
SIM1
SIM2
SIM3
SIM4
1
21
22
SIM5
SIM1
SIM2
SIM3
SIM4
1
21
22
SIM5
SIM1
SIM2
SIM3
SIM4
1
21
22
SIM5
SIM1
SIM2
SIM3
SIM4
1
21
22
SIM5
SIM1
SIM2
SIM3
SIM4
1
21
22
SIM5
SIM1
SIM2
SIM3
SIM4
1
21
22
SIM5
SIM1
SIM2
SIM3
SIM4
1
21
22
SIM5
SIM1
SIM2
SIM3
SIM4
1
21
22
SIM5
SIM1
SIM2
SIM3
SIM4
1
21
22
SIM5
SIM1
SIM2
SIM3
SIM4
1
21
22
SIM5
SIM1
SIM2
SIM3
SIM4
1
21
22
SIM5
SIM1
SIM2
SIM3
SIM4
1
21
22
SIM5
SIM1
SIM2
SIM3
SIM4
1
21
22
SIM5
SIM1
SIM2
SIM3
SIM4
1
21
22
SIM5
SIM1
SIM2
SIM3
SIM4
1
21
22
SIM5
SIM1
SIM2
SIM3
SIM4
1
21
22
SIM5
SIM1
SIM2
SIM3
SIM4
1
21
22
SIM5
SIM1
SIM2
SIM3
SIM4
1
21
22
SIM5
SIM1
SIM2
SIM3
SIM4
1
21
22
SIM5
SIM1
SIM2
SIM3
SIM4
1
21
22
SIM5
SIM1
SIM2
SIM3
SIM4
1
21
22
SIM5
SIM1
SIM2
SIM3
SIM4
1
21
22
SIM5
SIM1
SIM2
SIM3
SIM4
1
21
22
SIM5
SIM1
SIM2
SIM3
SIM4
1
21
22
SIM5
SIM1
SIM2
SIM3
SIM4
1
21
22
SIM5
SIM1
SIM2
SIM3
SIM4
1
21
22
SIM5
SIM1
SIM2
SIM3
SIM4
1
21
22
SIM5
SIM1
SIM2
SIM3
SIM4
1
21
22
SIM5
SIM1
SIM2
SIM3
SIM4
1
21
22
SIM5
SIM1
SIM2
SIM3
SIM4
1
21
22
SIM5
SIM1
SIM2
SIM3
SIM4
1
21
22
SIM5
SIM1
SIM2
SIM3
SIM4
1
21
22
SIM5
SIM1
SIM2
SIM3
SIM4
1
21
22
SIM5
SIM1
SIM2
SIM3
SIM4
1
21
22
SIM5
SIM1
SIM2
SIM3
SIM4
1
21
22
SIM5
SIM1
SIM2
SIM3
SIM4
1
21
22
SIM5
SIM1
SIM2
SIM3
SIM4
1
21
22
SIM5
SIM1
SIM2
SIM3
SIM4
1
21
22
SIM5
SIM1
SIM2
SIM3
SIM4
1
21
22
SIM5
SIM1
SIM2
SIM3
SIM4
1
21
22
SIM5
SIM1
SIM2
SIM3
SIM4
1
21
22
SIM5
SIM1
SIM2
SIM3
SIM4
1
21
22
SIM5
SIM1
SIM2
SIM3
SIM4
1
21
22
SIM5
SIM1
SIM2
SIM3
SIM4
1
21
22
SIM5
SIM1
SIM2
SIM3
SIM4
1
21
22
SIM5
SIM1
SIM2
SIM3
SIM4
1
21
22
SIM5
SIM1
SIM2
SIM3
SIM4
1
21
22
SIM5
SIM1
SIM2
SIM3
SIM4
1
21
22
SIM5
SIM1
SIM2
SIM3
SIM4
1
21
22
SIM5
SIM1
SIM2
SIM3
SIM4
1
21
22
SIM5
SIM1
SIM2
SIM3
SIM4
1
21
22
SIM5
SIM1
SIM2
SIM3
SIM4
1
21
22
SIM5
SIM1
SIM2
SIM3
SIM4
1
21
22
SIM5
SIM1
SIM2
SIM3
SIM4
1
21
22
SIM5
SIM1
SIM2
SIM3
SIM4
1
21
22
SIM5
SIM1
SIM2
SIM3
SIM4
1
21
22
SIM5
SIM1
SIM2
SIM3
SIM4
1
21
22
SIM5
SIM1
SIM2
SIM3
SIM4
1
21
22
SIM5
SIM1
SIM2
SIM3
SIM4
1
21
22
SIM5
SIM1
SIM2
SIM3
SIM4
1
21
22
SIM5
SIM1
SIM2
SIM3
SIM4
1
21
22
SIM5
SIM1
SIM2
SIM3
SIM4
1
21
22
SIM5
SIM1
SIM2
SIM3
SIM4
1
21
22
SIM5
SIM1
SIM2
SIM3
SIM4
1
21
22
SIM5
SIM1
SIM2
SIM3
SIM4
1
21
22
SIM5
SIM1
SIM2
SIM3
SIM4
1
21
22
SIM5
SIM1
SIM2
SIM3
SIM4
1
21
22
SIM5
SIM1
SIM2
SIM3
SIM4
1
21
22
SIM5
SIM1
SIM2
SIM3
SIM4
1
21
22
SIM5
SIM1
SIM2
SIM3
SIM4
1
21
22
SIM5
SIM1
SIM2
SIM3
SIM4
1
21
22
SIM5
SIM1
SIM2
SIM3
SIM4
1
21
22
SIM5
SIM1
SIM2
SIM3
SIM4
1
21
22
SIM5
SIM1
SIM2
SIM3
SIM4
1
21
22
SIM5
SIM1
SIM2
SIM3
SIM4
1
21
22
SIM5
SIM1
SIM2
SIM3
SIM4
1
21
22
SIM5
SIM1
SIM2
SIM3
SIM4
1
21
22
SIM5
SIM1
SIM2
SIM3
SIM4
1
21
22
SIM5
SIM1
SIM2
SIM3
SIM4
1
21
22
SIM5
SIM1
SIM2
SIM3
SIM4
1
21
22
SIM5
SIM1
SIM2
SIM3
SIM4
1
21
22
SIM5
SIM1
SIM2
SIM3
SIM4
1
21
22
SIM5
SIM1
SIM2
SIM3
SIM4
1
21
22
SIM5
SIM1
SIM2
SIM3
SIM4
1
21
22
SIM5
SIM1
SIM2
SIM3
SIM4
1
21
22
SIM5
SIM1
SIM2
SIM3
SIM4
1
21
22
SIM5
SIM1
SIM2
SIM3
SIM4
1
21
22
SIM5
SIM1
SIM2
SIM3
SIM4
1
21
22
SIM5
SIM1
SIM2
SIM3
SIM4
1
21
22
SIM5
SIM1
SIM2
SIM3
SIM4
1
21
22
SIM5
SIM1
SIM2
SIM3
SIM4
1
21
22
SIM5
SIM1
SIM2
SIM3
SIM4
1
21
22
SIM5
SIM1
SIM2
SIM3
SIM4
1
21
22
SIM5
SIM1
SIM2
SIM3
SIM4
1
21
22
SIM5
SIM1
SIM2
SIM3
SIM4
1
21
22
SIM5
SIM1
SIM2
SIM3
SIM4
1
21
22
SIM5
SIM1
SIM2
SIM3
SIM4
1
21
22
SIM5
SIM1
SIM2
SIM3
SIM4
1
21
22
SIM5
SIM1
SIM2
SIM3
SIM4
1
21
22
SIM5
SIM1
SIM2
SIM3
SIM4
1
21
22
SIM5
SIM1
SIM2
SIM3
SIM4
1
21
22
SIM5
SIM1
SIM2
SIM3
SIM4
1
21
22
SIM5
SIM1
SIM2
SIM3
SIM4
1
21
22
SIM5
SIM1
SIM2
SIM3
SIM4
1
21
22
SIM5
SIM1
SIM2
SIM3
SIM4
1
21
22
SIM5
SIM1
SIM2
SIM3
SIM4
1
21
22
SIM5
SIM1
SIM2
SIM3
SIM4
1
21
22
SIM5
SIM1
SIM2
SIM3
SIM4
1
21
22
SIM5
SIM1
SIM2
SIM3
SIM4
1
21
22
SIM5
SIM1
SIM2
SIM3
SIM4
1
21
22
SIM5
SIM1
SIM2
SIM3
SIM4
1
21
22
SIM5
SIM1
SIM2
SIM3
SIM4
1
21
22
SIM5
SIM1
SIM2
SIM3
SIM4
1
21
22
SIM5
SIM1
SIM2
SIM3
SIM4
1
21
22
SIM5
SIM1
SIM2
SIM3
SIM4
1
21
22
SIM5
SIM1
SIM2
SIM3
SIM4
1
21
22
SIM5
SIM1
SIM2
SIM3
SIM4
1
21
22
SIM5
SIM1
SIM2
SIM3
SIM4
1
21
22
SIM5
SIM1
SIM2
SIM3
SIM4
1
21
22
SIM5
SIM1
SIM2
SIM3
SIM4
1
21
22
SIM5
SIM1
SIM2
SIM3
SIM4
1
21
22
SIM5
SIM1
SIM2
SIM3
SIM4
1
21
22
SIM5
SIM1
SIM2
SIM3
SIM4
1
21
22
SIM5
SIM1
SIM2
SIM3
SIM4
1
21
22
SIM5
SIM1
SIM2
SIM3
SIM4
1
21
22
SIM5
SIM1
SIM2
SIM3
SIM4
1
21
22
SIM5
SIM1
SIM2
SIM3
SIM4
1
21
22
SIM5
SIM1
SIM2
SIM3
SIM4
1
21
22
SIM5
SIM1
SIM2
SIM3
SIM4
1
21
22
SIM5
SIM1
SIM2
SIM3
SIM4
1
21
22
SIM5
SIM1
SIM2
SIM3
SIM4
1
21
22
SIM5
SIM1
SIM2
SIM3
SIM4
1
21
22
SIM5
SIM1
SIM2
SIM3
SIM4
1
21
22
SIM5
SIM1
SIM2
SIM3
SIM4
1
21
22
SIM5
SIM1
SIM2
SIM3
SIM4
1
21
22
SIM5
SIM1
SIM2
SIM3
SIM4
1
21
22
SIM5
SIM1
SIM2
SIM3
SIM4
1
21
22
SIM5
SIM1
SIM2
SIM3
SIM4
1
21
22
SIM5
SIM1
SIM2
SIM3
SIM4
1
21
22
SIM5
SIM1
SIM2
SIM3
SIM4
1
21
22
SIM5
SIM1
SIM2
SIM3
SIM4
1
21
22
SIM5
SIM1
SIM2
SIM3
SIM4
1
21
22
SIM5
SIM1
SIM2
SIM3
SIM4
1
21
22
SIM5
SIM1
SIM2
SIM3
SIM4
1
21
22
SIM5
SIM1
SIM2
SIM3
SIM4
1
21
22
SIM5
SIM1
SIM2
SIM3
SIM4
1
21
22
SIM5
SIM1
SIM2
SIM3
SIM4
1
21
22
SIM5
SIM1
SIM2
SIM3
SIM4
1
21
22
SIM5
SIM1
SIM2
SIM3
SIM4
1
21
22
SIM5
SIM1
SIM2
SIM3
SIM4
1
21
22
SIM5
SIM1
SIM2
SIM3
SIM4
1
21
22
SIM5
SIM1
SIM2
SIM3
SIM4
1
21
22
SIM5
SIM1
SIM2
SIM3
SIM4
1
21
22
SIM5
SIM1
SIM2
SIM3
SIM4
1
21
22
SIM5
SIM1
SIM2
SIM3
SIM4
1
21
22
SIM5
SIM1
SIM2
SIM3
SIM4
1
21
22
SIM5
SIM1
SIM2
SIM3
SIM4
1
21
22
SIM5
SIM1
SIM2
SIM3
SIM4
1
21
22
SIM5
SIM1
SIM2
SIM3
SIM4
1
21
22
SIM5
SIM1
SIM2
SIM3
SIM4
1
21
22
SIM5
SIM1
SIM2
SIM3
SIM4
1
21
22
SIM5
SIM1
SIM2
SIM3
SIM4
1
21
22
SIM5
SIM1
SIM2
SIM3
SIM4
1
21
22
SIM5
SIM1
SIM2
SIM3
SIM4
1
21
22
SIM5
SIM1
SIM2
SIM3
SIM4
1
21
22
SIM5
SIM1
SIM2
SIM3
SIM4
1
21
22
SIM5
SIM1
SIM2
SIM3
SIM4
1
21
22
SIM5
SIM1
SIM2
SIM3
SIM4
1
21
22
SIM5
SIM1
SIM2
SIM3
SIM4
1
21
22
SIM5
SIM1
SIM2
SIM3
SIM4
1
21
22
SIM5
SIM1
SIM2
SIM3
SIM4
1
21
22
SIM5
SIM1
SIM2
SIM3
SIM4
1
21
22
SIM5
SIM1
SIM2
SIM3
SIM4
1
21
22
SIM5
SIM1
SIM2
SIM3
SIM4
1
21
22
SIM5
SIM1
SIM2
SIM3
SIM4
1
21
22
SIM5
SIM1
SIM2
SIM3
SIM4
1
21
22
SIM5
SIM1
SIM2
SIM3
SIM4
1
21
22
SIM5
SIM1
SIM2
SIM3
SIM4
1
21
22
SIM5
SIM1
SIM2
SIM3
SIM4
1
21
22
SIM5
SIM1
SIM2
SIM3
SIM4
1
21
22
SIM5
SIM1
SIM2
SIM3
SIM4
1
21
22
SIM5
SIM1
SIM2
SIM3
SIM4
1
21
22
SIM5
SIM1
SIM2
SIM3
SIM4
1
21
22
SIM5
SIM1
SIM2
SIM3
SIM4
1
21
22
SIM5
SIM1
SIM2
SIM3
SIM4
1
21
22
SIM5
SIM1
SIM2
SIM3
SIM4
1
21
22
SIM5
SIM1
SIM2
SIM3
SIM4
1
21
22
SIM5
SIM1
SIM2
SIM3
SIM4
1
21
22
SIM5
SIM1
SIM2
SIM3
SIM4
1
21
22
SIM5
SIM1
SIM2
SIM3
SIM4
1
21
22
SIM5
SIM1
SIM2
SIM3
SIM4
1
21
22
SIM5
SIM1
SIM2
SIM3
SIM4
1
21
22
SIM5
SIM1
SIM2
SIM3
SIM4
1
21
22
SIM5
SIM1
SIM2
SIM3
SIM4
1
21
22
SIM5
SIM1
SIM2
SIM3
SIM4
1
21
22
SIM5
SIM1
SIM2
SIM3
SIM4
1
21
22
SIM5
SIM1
SIM2
SIM3
SIM4
1
21
22
SIM5
SIM1
SIM2
SIM3
SIM4
1
21
22
SIM5
SIM1
SIM2
SIM3
SIM4
1
21
22
SIM5
SIM1
SIM2
SIM3
SIM4
1
21
22
SIM5
SIM1
SIM2
SIM3
SIM4
1
21
22
SIM5
SIM1
SIM2
SIM3
SIM4
1
21
22
SIM5
SIM1
SIM2
SIM3
SIM4
1
21
22
SIM5
SIM1
SIM2
DEBUG 1 755
SIM1
SIM2
SIM3
SIM4
1
21
22
SIM5
SIM1
SIM2
SIM3
SIM4
1
21
22
SIM5
SIM1
SIM2
SIM3
SIM4
1
21
22
SIM5
SIM1
SIM2
SIM3
SIM4
1
21
22
SIM5
SIM1
SIM2
SIM3
SIM4
1
21
22
SIM5
SIM1
SIM2
SIM3
SIM4
1
21
22
SIM5
SIM1
SIM2
SIM3
SIM4
1
21
22
SIM5
SIM1
SIM2
SIM3
SIM4
1
21
22
SIM5
SIM1
SIM2
SIM3
SIM4
1
21
22
SIM5
SIM1
SIM2
SIM3
SIM4
1
21
22
SIM5
SIM1
SIM2
SIM3
SIM4
1
21
22
SIM5
SIM1
SIM2
SIM3
SIM4
1
21
22
SIM5
SIM1
SIM2
SIM3
SIM4
1
21
22
SIM5
SIM1
SIM2
SIM3
SIM4
1
21
22
SIM5
SIM1
SIM2
SIM3
SIM4
1
21
22
SIM5
SIM1
SIM2
SIM3
SIM4
1
21
22
SIM5
SIM1
SIM2
SIM3
SIM4
1
21
22
SIM5
SIM1
SIM2
SIM3
SIM4
1
21
22
SIM5
SIM1
SIM2
SIM3
SIM4
1
21
22
SIM5
SIM1
SIM2
SIM3
SIM4
1
21
22
SIM5
SIM1
SIM2
SIM3
SIM4
1
21
22
SIM5
SIM1
SIM2
SIM3
SIM4
1
21
22
SIM5
SIM1
SIM2
SIM3
SIM4
1
21
22
SIM5
SIM1
SIM2
SIM3
SIM4
1
21
22
SIM5
SIM1
SIM2
SIM3
SIM4
1
21
22
SIM5
SIM1
SIM2
SIM3
SIM4
1
21
22
SIM5
SIM1
SIM2
SIM3
SIM4
1
21
22
SIM5
SIM1
SIM2
SIM3
SIM4
1
21
22
SIM5
SIM1
SIM2
SIM3
SIM4
1
21
22
SIM5
SIM1
SIM2
SIM3
SIM4
1
21
22
SIM5
SIM1
SIM2
SIM3
SIM4
1
21
22
SIM5
SIM1
SIM2
SIM3
SIM4
1
21
22
SIM5
SIM1
SIM2
SIM3
SIM4
1
21
22
SIM5
SIM1
SIM2
SIM3
SIM4
1
21
22
SIM5
SIM1
SIM2
SIM3
SIM4
1
21
22
SIM5
SIM1
SIM2
SIM3
SIM4
1
21
22
SIM5
SIM1
SIM2
SIM3
SIM4
1
21
22
SIM5
SIM1
SIM2
SIM3
SIM4
1
21
22
SIM5
SIM1
SIM2
SIM3
SIM4
1
21
22
SIM5
SIM1
SIM2
SIM3
SIM4
1
21
22
SIM5
SIM1
SIM2
SIM3
SIM4
1
21
22
SIM5
SIM1
SIM2
SIM3
SIM4
1
21
22
SIM5
SIM1
SIM2
SIM3
SIM4
1
21
22
SIM5
SIM1
SIM2
SIM3
SIM4
1
21
22
SIM5
SIM1
SIM2
SIM3
SIM4
1
21
22
SIM5
SIM1
SIM2
SIM3
SIM4
1
21
22
SIM5
SIM1
SIM2
SIM3
SIM4
1
21
22
SIM5
SIM1
SIM2
SIM3
SIM4
1
21
22
SIM5
SIM1
SIM2
SIM3
SIM4
1
21
22
SIM5
SIM1
SIM2
SIM3
SIM4
1
21
22
SIM5
SIM1
SIM2
SIM3
SIM4
1
21
22
SIM5
SIM1
SIM2
SIM3
SIM4
1
21
22
SIM5
SIM1
SIM2
SIM3
SIM4
1
21
22
SIM5
SIM1
SIM2
SIM3
SIM4
1
21
22
SIM5
SIM1
SIM2
SIM3
SIM4
1
21
22
SIM5
SIM1
SIM2
SIM3
SIM4
1
21
22
SIM5
SIM1
SIM2
SIM3
SIM4
1
21
22
SIM5
SIM1
SIM2
SIM3
SIM4
1
21
22
SIM5
SIM1
SIM2
SIM3
SIM4
1
21
22
SIM5
SIM1
SIM2
SIM3
SIM4
1
21
22
SIM5
SIM1
SIM2
SIM3
SIM4
1
21
22
SIM5
SIM1
SIM2
SIM3
SIM4
1
21
22
SIM5
SIM1
SIM2
SIM3
SIM4
1
21
22
SIM5
SIM1
SIM2
SIM3
SIM4
1
21
22
SIM5
SIM1
SIM2
SIM3
SIM4
1
21
22
SIM5
SIM1
SIM2
SIM3
SIM4
1
21
22
SIM5
SIM1
SIM2
SIM3
SIM4
1
21
22
SIM5
SIM1
SIM2
SIM3
SIM4
1
21
22
SIM5
SIM1
SIM2
SIM3
SIM4
1
21
22
SIM5
SIM1
SIM2
SIM3
SIM4
1
21
22
SIM5
SIM1
SIM2
SIM3
SIM4
1
21
22
SIM5
SIM1
SIM2
SIM3
SIM4
1
21
22
SIM5
SIM1
SIM2
SIM3
SIM4
1
21
22
SIM5
SIM1
SIM2
SIM3
SIM4
1
21
22
SIM5
SIM1
SIM2
SIM3
SIM4
1
21
22
SIM5
SIM1
SIM2
SIM3
SIM4
1
21
22
SIM5
SIM1
SIM2
SIM3
SIM4
1
21
22
SIM5
SIM1
SIM2
SIM3
SIM4
1
21
22
SIM5
SIM1
SIM2
SIM3
SIM4
1
21
22
SIM5
SIM1
SIM2
SIM3
SIM4
1
21
22
SIM5
SIM1
SIM2
SIM3
SIM4
1
21
22
SIM5
SIM1
SIM2
SIM3
SIM4
1
21
22
SIM5
SIM1
SIM2
SIM3
SIM4
1
21
22
SIM5
SIM1
SIM2
SIM3
SIM4
1
21
22
SIM5
SIM1
SIM2
SIM3
SIM4
1
21
22
SIM5
SIM1
SIM2
SIM3
SIM4
1
21
22
SIM5
SIM1
SIM2
SIM3
SIM4
1
21
22
SIM5
SIM1
SIM2
SIM3
SIM4
1
21
22
SIM5
SIM1
SIM2
SIM3
SIM4
1
21
22
SIM5
SIM1
SIM2
SIM3
SIM4
1
21
22
SIM5
SIM1
SIM2
SIM3
SIM4
1
21
22
SIM5
SIM1
SIM2
SIM3
SIM4
1
21
22
SIM5
SIM1
SIM2
SIM3
SIM4
1
21
22
SIM5
SIM1
SIM2
SIM3
SIM4
1
21
22
SIM5
SIM1
SIM2
SIM3
SIM4
1
21
22
SIM5
SIM1
SIM2
SIM3
SIM4
1
21
22
SIM5
SIM1
SIM2
SIM3
SIM4
1
21
22
SIM5
SIM1
SIM2
SIM3
SIM4
1
21
22
SIM5
SIM1
SIM2
SIM3
SIM4
1
21
22
SIM5
SIM1
SIM2
SIM3
SIM4
1
21
22
SIM5
SIM1
SIM2
SIM3
SIM4
1
21
22
SIM5
SIM1
SIM2
SIM3
SIM4
1
21
22
SIM5
SIM1
SIM2
SIM3
SIM4
1
21
22
SIM5
SIM1
SIM2
SIM3
SIM4
1
21
22
SIM5
SIM1
SIM2
SIM3
SIM4
1
21
22
SIM5
SIM1
SIM2
SIM3
SIM4
1
21
22
SIM5
SIM1
SIM2
SIM3
SIM4
1
21
22
SIM5
SIM1
SIM2
SIM3
SIM4
1
21
22
SIM5
SIM1
SIM2
SIM3
SIM4
1
21
22
SIM5
SIM1
SIM2
SIM3
SIM4
1
21
22
SIM5
SIM1
SIM2
SIM3
SIM4
1
21
22
SIM5
SIM1
SIM2
SIM3
SIM4
1
21
22
SIM5
SIM1
SIM2
SIM3
SIM4
1
21
22
SIM5
SIM1
SIM2
SIM3
SIM4
1
21
22
SIM5
SIM1
SIM2
SIM3
SIM4
1
21
22
SIM5
SIM1
SIM2
SIM3
SIM4
1
21
22
SIM5
SIM1
SIM2
SIM3
SIM4
1
21
22
SIM5
SIM1
SIM2
SIM3
SIM4
1
21
22
SIM5
SIM1
SIM2
SIM3
SIM4
1
21
22
SIM5
SIM1
SIM2
SIM3
SIM4
1
21
22
SIM5
SIM1
SIM2
SIM3
SIM4
1
21
22
SIM5
SIM1
SIM2
SIM3
SIM4
1
21
22
SIM5
SIM1
SIM2
SIM3
SIM4
1
21
22
SIM5
SIM1
SIM2
SIM3
SIM4
1
21
22
SIM5
SIM1
SIM2
SIM3
SIM4
1
21
22
SIM5
SIM1
SIM2
SIM3
SIM4
1
21
22
SIM5
SIM1
SIM2
SIM3
SIM4
1
21
22
SIM5
SIM1
SIM2
SIM3
SIM4
1
21
22
SIM5
SIM1
SIM2
SIM3
SIM4
1
21
22
SIM5
SIM1
SIM2
SIM3
SIM4
1
21
22
SIM5
SIM1
SIM2
SIM3
SIM4
1
21
22
SIM5
SIM1
SIM2
SIM3
SIM4
1
21
22
SIM5
SIM1
SIM2
SIM3
SIM4
1
21
22
SIM5
SIM1
SIM2
SIM3
SIM4
1
21
22
SIM5
SIM1
SIM2
SIM3
SIM4
1
21
22
SIM5
SIM1
SIM2
SIM3
SIM4
1
21
22
SIM5
SIM1
SIM2
SIM3
SIM4
1
21
22
SIM5
SIM1
SIM2
SIM3
SIM4
1
21
22
SIM5
SIM1
SIM2
SIM3
SIM4
1
21
22
SIM5
SIM1
SIM2
SIM3
SIM4
1
21
22
SIM5
SIM1
SIM2
SIM3
SIM4
1
21
22
SIM5
SIM1
SIM2
SIM3
SIM4
1
21
22
SIM5
SIM1
SIM2
SIM3
SIM4
1
21
22
SIM5
SIM1
SIM2
SIM3
SIM4
1
21
22
SIM5
SIM1
SIM2
SIM3
SIM4
1
21
22
SIM5
SIM1
SIM2
SIM3
SIM4
1
21
22
SIM5
SIM1
SIM2
SIM3
SIM4
1
21
22
SIM5
SIM1
SIM2
SIM3
SIM4
1
21
22
SIM5
SIM1
SIM2
SIM3
SIM4
1
21
22
SIM5
SIM1
SIM2
SIM3
SIM4
1
21
22
SIM5
SIM1
SIM2
SIM3
SIM4
1
21
22
SIM5
SIM1
SIM2
SIM3
SIM4
1
21
22
SIM5
SIM1
SIM2
SIM3
SIM4
1
21
22
SIM5
SIM1
SIM2
SIM3
SIM4
1
21
22
SIM5
SIM1
SIM2
SIM3
SIM4
1
21
22
SIM5
SIM1
SIM2
SIM3
SIM4
1
21
22
SIM5
SIM1
SIM2
SIM3
SIM4
1
21
22
SIM5
SIM1
SIM2
SIM3
SIM4
1
21
22
SIM5
SIM1
SIM2
SIM3
SIM4
1
21
22
SIM5
SIM1
SIM2
SIM3
SIM4
1
21
22
SIM5
SIM1
SIM2
SIM3
SIM4
1
21
22
SIM5
SIM1
SIM2
SIM3
SIM4
1
21
22
SIM5
SIM1
SIM2
SIM3
SIM4
1
21
22
SIM5
SIM1
SIM2
SIM3
SIM4
1
21
22
SIM5
SIM1
SIM2
SIM3
SIM4
1
21
22
SIM5
SIM1
SIM2
SIM3
SIM4
1
21
22
SIM5
SIM1
SIM2
SIM3
SIM4
1
21
22
SIM5
SIM1
SIM2
DEBUG 1 756
SIM1
SIM2
SIM3
SIM4
1
21
22
SIM5
SIM1
SIM2
SIM3
SIM4
1
21
22
SIM5
SIM1
SIM2
SIM3
SIM4
1
21
22
SIM5
SIM1
SIM2
SIM3
SIM4
1
21
22
SIM5
SIM1
SIM2
SIM3
SIM4
1
21
22
SIM5
SIM1
SIM2
SIM3
SIM4
1
21
22
SIM5
SIM1
SIM2
SIM3
SIM4
1
21
22
SIM5
SIM1
SIM2
SIM3
SIM4
1
21
22
SIM5
SIM1
SIM2
SIM3
SIM4
1
21
22
SIM5
SIM1
SIM2
SIM3
SIM4
1
21
22
SIM5
SIM1
SIM2
SIM3
SIM4
1
21
22
SIM5
SIM1
SIM2
SIM3
SIM4
1
21
22
SIM5
SIM1
SIM2
SIM3
SIM4
1
21
22
SIM5
SIM1
SIM2
SIM3
SIM4
1
21
22
SIM5
SIM1
SIM2
SIM3
SIM4
1
21
22
SIM5
SIM1
SIM2
SIM3
SIM4
1
21
22
SIM5
SIM1
SIM2
SIM3
SIM4
1
21
22
SIM5
SIM1
SIM2
SIM3
SIM4
1
21
22
SIM5
SIM1
SIM2
SIM3
SIM4
1
21
22
SIM5
SIM1
SIM2
SIM3
SIM4
1
21
22
SIM5
SIM1
SIM2
SIM3
SIM4
1
21
22
SIM5
SIM1
SIM2
SIM3
SIM4
1
21
22
SIM5
SIM1
SIM2
SIM3
SIM4
1
21
22
SIM5
SIM1
SIM2
SIM3
SIM4
1
21
22
SIM5
SIM1
SIM2
SIM3
SIM4
1
21
22
SIM5
SIM1
SIM2
SIM3
SIM4
1
21
22
SIM5
SIM1
SIM2
SIM3
SIM4
1
21
22
SIM5
SIM1
SIM2
SIM3
SIM4
1
21
22
SIM5
SIM1
SIM2
SIM3
SIM4
1
21
22
SIM5
SIM1
SIM2
SIM3
SIM4
1
21
22
SIM5
SIM1
SIM2
SIM3
SIM4
1
21
22
SIM5
SIM1
SIM2
SIM3
SIM4
1
21
22
SIM5
SIM1
SIM2
SIM3
SIM4
1
21
22
SIM5
SIM1
SIM2
SIM3
SIM4
1
21
22
SIM5
SIM1
SIM2
SIM3
SIM4
1
21
22
SIM5
SIM1
SIM2
SIM3
SIM4
1
21
22
SIM5
SIM1
SIM2
SIM3
SIM4
1
21
22
SIM5
SIM1
SIM2
SIM3
SIM4
1
21
22
SIM5
SIM1
SIM2
SIM3
SIM4
1
21
22
SIM5
SIM1
SIM2
SIM3
SIM4
1
21
22
SIM5
SIM1
SIM2
SIM3
SIM4
1
21
22
SIM5
SIM1
SIM2
SIM3
SIM4
1
21
22
SIM5
SIM1
SIM2
SIM3
SIM4
1
21
22
SIM5
SIM1
SIM2
SIM3
SIM4
1
21
22
SIM5
SIM1
SIM2
SIM3
SIM4
1
21
22
SIM5
SIM1
SIM2
SIM3
SIM4
1
21
22
SIM5
SIM1
SIM2
SIM3
SIM4
1
21
22
SIM5
SIM1
SIM2
SIM3
SIM4
1
21
22
SIM5
SIM1
SIM2
SIM3
SIM4
1
21
22
SIM5
SIM1
SIM2
SIM3
SIM4
1
21
22
SIM5
SIM1
SIM2
SIM3
SIM4
1
21
22
SIM5
SIM1
SIM2
SIM3
SIM4
1
21
22
SIM5
SIM1
SIM2
SIM3
SIM4
1
21
22
SIM5
SIM1
SIM2
SIM3
SIM4
1
21
22
SIM5
SIM1
SIM2
SIM3
SIM4
1
21
22
SIM5
SIM1
SIM2
SIM3
SIM4
1
21
22
SIM5
SIM1
SIM2
SIM3
SIM4
1
21
22
SIM5
SIM1
SIM2
SIM3
SIM4
1
21
22
SIM5
SIM1
SIM2
SIM3
SIM4
1
21
22
SIM5
SIM1
SIM2
SIM3
SIM4
1
21
22
SIM5
SIM1
SIM2
SIM3
SIM4
1
21
22
SIM5
SIM1
SIM2
SIM3
SIM4
1
21
22
SIM5
SIM1
SIM2
SIM3
SIM4
1
21
22
SIM5
SIM1
SIM2
SIM3
SIM4
1
21
22
SIM5
SIM1
SIM2
SIM3
SIM4
1
21
22
SIM5
SIM1
SIM2
SIM3
SIM4
1
21
22
SIM5
SIM1
SIM2
SIM3
SIM4
1
21
22
SIM5
SIM1
SIM2
SIM3
SIM4
1
21
22
SIM5
SIM1
SIM2
SIM3
SIM4
1
21
22
SIM5
SIM1
SIM2
SIM3
SIM4
1
21
22
SIM5
SIM1
SIM2
SIM3
SIM4
1
21
22
SIM5
SIM1
SIM2
SIM3
SIM4
1
21
22
SIM5
SIM1
SIM2
SIM3
SIM4
1
21
22
SIM5
SIM1
SIM2
SIM3
SIM4
1
21
22
SIM5
SIM1
SIM2
SIM3
SIM4
1
21
22
SIM5
SIM1
SIM2
SIM3
SIM4
1
21
22
SIM5
SIM1
SIM2
SIM3
SIM4
1
21
22
SIM5
SIM1
SIM2
SIM3
SIM4
1
21
22
SIM5
SIM1
SIM2
SIM3
SIM4
1
21
22
SIM5
SIM1
SIM2
SIM3
SIM4
1
21
22
SIM5
SIM1
SIM2
SIM3
SIM4
1
21
22
SIM5
SIM1
SIM2
SIM3
SIM4
1
21
22
SIM5
SIM1
SIM2
SIM3
SIM4
1
21
22
SIM5
SIM1
SIM2
SIM3
SIM4
1
21
22
SIM5
SIM1
SIM2
SIM3
SIM4
1
21
22
SIM5
SIM1
SIM2
SIM3
SIM4
1
21
22
SIM5
SIM1
SIM2
SIM3
SIM4
1
21
22
SIM5
SIM1
SIM2
SIM3
SIM4
1
21
22
SIM5
SIM1
SIM2
SIM3
SIM4
1
21
22
SIM5
SIM1
SIM2
SIM3
SIM4
1
21
22
SIM5
SIM1
SIM2
SIM3
SIM4
1
21
22
SIM5
SIM1
SIM2
SIM3
SIM4
1
21
22
SIM5
SIM1
SIM2
SIM3
SIM4
1
21
22
SIM5
SIM1
SIM2
SIM3
SIM4
1
21
22
SIM5
SIM1
SIM2
SIM3
SIM4
1
21
22
SIM5
SIM1
SIM2
SIM3
SIM4
1
21
22
SIM5
SIM1
SIM2
SIM3
SIM4
1
21
22
SIM5
SIM1
SIM2
SIM3
SIM4
1
21
22
SIM5
SIM1
SIM2
SIM3
SIM4
1
21
22
SIM5
SIM1
SIM2
SIM3
SIM4
1
21
22
SIM5
SIM1
SIM2
SIM3
SIM4
1
21
22
SIM5
SIM1
SIM2
SIM3
SIM4
1
21
22
SIM5
SIM1
SIM2
SIM3
SIM4
1
21
22
SIM5
SIM1
SIM2
SIM3
SIM4
1
21
22
SIM5
SIM1
SIM2
SIM3
SIM4
1
21
22
SIM5
SIM1
SIM2
SIM3
SIM4
1
21
22
SIM5
SIM1
SIM2
SIM3
SIM4
1
21
22
SIM5
SIM1
SIM2
SIM3
SIM4
1
21
22
SIM5
SIM1
SIM2
SIM3
SIM4
1
21
22
SIM5
SIM1
SIM2
SIM3
SIM4
1
21
22
SIM5
SIM1
SIM2
SIM3
SIM4
1
21
22
SIM5
SIM1
SIM2
SIM3
SIM4
1
21
22
SIM5
SIM1
SIM2
SIM3
SIM4
1
21
22
SIM5
SIM1
SIM2
SIM3
SIM4
1
21
22
SIM5
SIM1
SIM2
SIM3
SIM4
1
21
22
SIM5
SIM1
SIM2
SIM3
SIM4
1
21
22
SIM5
SIM1
SIM2
SIM3
SIM4
1
21
22
SIM5
SIM1
SIM2
SIM3
SIM4
1
21
22
SIM5
SIM1
SIM2
SIM3
SIM4
1
21
22
SIM5
SIM1
SIM2
SIM3
SIM4
1
21
22
SIM5
SIM1
SIM2
SIM3
SIM4
1
21
22
SIM5
SIM1
SIM2
SIM3
SIM4
1
21
22
SIM5
SIM1
SIM2
SIM3
SIM4
1
21
22
SIM5
SIM1
SIM2
SIM3
SIM4
1
21
22
SIM5
SIM1
SIM2
SIM3
SIM4
1
21
22
SIM5
SIM1
SIM2
SIM3
SIM4
1
21
22
SIM5
SIM1
SIM2
SIM3
SIM4
1
21
22
SIM5
SIM1
SIM2
SIM3
SIM4
1
21
22
SIM5
SIM1
SIM2
SIM3
SIM4
1
21
22
SIM5
SIM1
SIM2
SIM3
SIM4
1
21
22
SIM5
SIM1
SIM2
SIM3
SIM4
1
21
22
SIM5
SIM1
SIM2
SIM3
SIM4
1
21
22
SIM5
SIM1
SIM2
SIM3
SIM4
1
21
22
SIM5
SIM1
SIM2
SIM3
SIM4
1
21
22
SIM5
SIM1
SIM2
SIM3
SIM4
1
21
22
SIM5
SIM1
SIM2
SIM3
SIM4
1
21
22
SIM5
SIM1
SIM2
SIM3
SIM4
1
21
22
SIM5
SIM1
SIM2
SIM3
SIM4
1
21
22
SIM5
SIM1
SIM2
SIM3
SIM4
1
21
22
SIM5
SIM1
SIM2
SIM3
SIM4
1
21
22
SIM5
SIM1
SIM2
SIM3
SIM4
1
21
22
SIM5
SIM1
SIM2
SIM3
SIM4
1
21
22
SIM5
SIM1
SIM2
SIM3
SIM4
1
21
22
SIM5
SIM1
SIM2
SIM3
SIM4
1
21
22
SIM5
SIM1
SIM2
SIM3
SIM4
1
21
22
SIM5
SIM1
SIM2
SIM3
SIM4
1
21
22
SIM5
SIM1
SIM2
SIM3
SIM4
1
21
22
SIM5
SIM1
SIM2
SIM3
SIM4
1
21
22
SIM5
SIM1
SIM2
SIM3
SIM4
1
21
22
SIM5
SIM1
SIM2
SIM3
SIM4
1
21
22
SIM5
SIM1
SIM2
SIM3
SIM4
1
21
22
SIM5
SIM1
SIM2
SIM3
SIM4
1
21
22
SIM5
SIM1
SIM2
SIM3
SIM4
1
21
22
SIM5
SIM1
SIM2
SIM3
SIM4
1
21
22
SIM5
SIM1
SIM2
SIM3
SIM4
1
21
22
SIM5
SIM1
SIM2
SIM3
SIM4
1
21
22
SIM5
SIM1
SIM2
SIM3
SIM4
1
21
22
SIM5
SIM1
SIM2
SIM3
SIM4
1
21
22
SIM5
SIM1
SIM2
SIM3
SIM4
1
21
22
SIM5
SIM1
SIM2
SIM3
SIM4
1
21
22
SIM5
SIM1
SIM2
SIM3
SIM4
1
21
22
SIM5
SIM1
SIM2
SIM3
SIM4
1
21
22
SIM5
SIM1
SIM2
SIM3
SIM4
1
21
22
SIM5
SIM1
SIM2
SIM3
SIM4
1
21
22
SIM5
SIM1
SIM2
SIM3
SIM4
1
21
22
SIM5
SIM1
SIM2
SIM3
SIM4
1
21
22
SIM5
SIM1
SIM2
SIM3
SIM4
1
21
22
SIM5
SIM1
SIM2
SIM3
SIM4
1
21
22
SIM5
SIM1
SIM2
SIM3
SIM4
1
21
22
SIM5
SIM1
SIM2
SIM3
SIM4
1
21
22
SIM5
SIM1
SIM2
SIM3
SIM4
1
21
22
SIM5
SIM1
SIM2
SIM3
SIM4
1
21
22
SIM5
SIM1
SIM2
SIM3
SIM4
1
21
22
SIM5
SIM1
SIM2
SIM3
SIM4
1
21
22
SIM5
SIM1
SIM2
SIM3
SIM4
1
21
22
SIM5
SIM1
SIM2
SIM3
SIM4
1
21
22
SIM5
SIM1
SIM2
SIM3
SIM4
1
21
22
SIM5
SIM1
SIM2
SIM3
SIM4
1
21
22
SIM5
SIM1
SIM2
SIM3
SIM4
1
21
22
SIM5
SIM1
SIM2
SIM3
SIM4
1
21
22
SIM5
SIM1
SIM2
SIM3
SIM4
1
21
22
SIM5
SIM1
SIM2
SIM3
SIM4
1
21
22
SIM5
SIM1
SIM2
SIM3
SIM4
1
21
22
SIM5
SIM1
SIM2
SIM3
SIM4
1
21
22
SIM5
SIM1
SIM2
SIM3
SIM4
1
21
22
SIM5
SIM1
SIM2
SIM3
SIM4
1
21
22
SIM5
SIM1
SIM2
SIM3
SIM4
1
21
22
SIM5
SIM1
SIM2
DEBUG 1 757
SIM1
SIM2
SIM3
SIM4
1
21
22
SIM5
SIM1
SIM2
SIM3
SIM4
1
21
22
SIM5
SIM1
SIM2
SIM3
SIM4
1
21
22
SIM5
SIM1
SIM2
SIM3
SIM4
1
21
22
SIM5
SIM1
SIM2
SIM3
SIM4
1
21
22
SIM5
SIM1
SIM2
SIM3
SIM4
1
21
22
SIM5
SIM1
SIM2
SIM3
SIM4
1
21
22
SIM5
SIM1
SIM2
SIM3
SIM4
1
21
22
SIM5
SIM1
SIM2
SIM3
SIM4
1
21
22
SIM5
SIM1
SIM2
SIM3
SIM4
1
21
22
SIM5
SIM1
SIM2
SIM3
SIM4
1
21
22
SIM5
SIM1
SIM2
SIM3
SIM4
1
21
22
SIM5
SIM1
SIM2
SIM3
SIM4
1
21
22
SIM5
SIM1
SIM2
SIM3
SIM4
1
21
22
SIM5
SIM1
SIM2
SIM3
SIM4
1
21
22
SIM5
SIM1
SIM2
SIM3
SIM4
1
21
22
SIM5
SIM1
SIM2
SIM3
SIM4
1
21
22
SIM5
SIM1
SIM2
SIM3
SIM4
1
21
22
SIM5
SIM1
SIM2
SIM3
SIM4
1
21
22
SIM5
SIM1
SIM2
SIM3
SIM4
1
21
22
SIM5
SIM1
SIM2
SIM3
SIM4
1
21
22
SIM5
SIM1
SIM2
SIM3
SIM4
1
21
22
SIM5
SIM1
SIM2
SIM3
SIM4
1
21
22
SIM5
SIM1
SIM2
SIM3
SIM4
1
21
22
SIM5
SIM1
SIM2
SIM3
SIM4
1
21
22
SIM5
SIM1
SIM2
SIM3
SIM4
1
21
22
SIM5
SIM1
SIM2
SIM3
SIM4
1
21
22
SIM5
SIM1
SIM2
SIM3
SIM4
1
21
22
SIM5
SIM1
SIM2
SIM3
SIM4
1
21
22
SIM5
SIM1
SIM2
SIM3
SIM4
1
21
22
SIM5
SIM1
SIM2
SIM3
SIM4
1
21
22
SIM5
SIM1
SIM2
SIM3
SIM4
1
21
22
SIM5
SIM1
SIM2
SIM3
SIM4
1
21
22
SIM5
SIM1
SIM2
SIM3
SIM4
1
21
22
SIM5
SIM1
SIM2
SIM3
SIM4
1
21
22
SIM5
SIM1
SIM2
SIM3
SIM4
1
21
22
SIM5
SIM1
SIM2
SIM3
SIM4
1
21
22
SIM5
SIM1
SIM2
SIM3
SIM4
1
21
22
SIM5
SIM1
SIM2
SIM3
SIM4
1
21
22
SIM5
SIM1
SIM2
SIM3
SIM4
1
21
22
SIM5
SIM1
SIM2
SIM3
SIM4
1
21
22
SIM5
SIM1
SIM2
SIM3
SIM4
1
21
22
SIM5
SIM1
SIM2
SIM3
SIM4
1
21
22
SIM5
SIM1
SIM2
SIM3
SIM4
1
21
22
SIM5
SIM1
SIM2
SIM3
SIM4
1
21
22
SIM5
SIM1
SIM2
SIM3
SIM4
1
21
22
SIM5
SIM1
SIM2
SIM3
SIM4
1
21
22
SIM5
SIM1
SIM2
SIM3
SIM4
1
21
22
SIM5
SIM1
SIM2
SIM3
SIM4
1
21
22
SIM5
SIM1
SIM2
SIM3
SIM4
1
21
22
SIM5
SIM1
SIM2
SIM3
SIM4
1
21
22
SIM5
SIM1
SIM2
SIM3
SIM4
1
21
22
SIM5
SIM1
SIM2
SIM3
SIM4
1
21
22
SIM5
SIM1
SIM2
SIM3
SIM4
1
21
22
SIM5
SIM1
SIM2
SIM3
SIM4
1
21
22
SIM5
SIM1
SIM2
SIM3
SIM4
1
21
22
SIM5
SIM1
SIM2
SIM3
SIM4
1
21
22
SIM5
SIM1
SIM2
SIM3
SIM4
1
21
22
SIM5
SIM1
SIM2
SIM3
SIM4
1
21
22
SIM5
SIM1
SIM2
SIM3
SIM4
1
21
22
SIM5
SIM1
SIM2
SIM3
SIM4
1
21
22
SIM5
SIM1
SIM2
SIM3
SIM4
1
21
22
SIM5
SIM1
SIM2
SIM3
SIM4
1
21
22
SIM5
SIM1
SIM2
SIM3
SIM4
1
21
22
SIM5
SIM1
SIM2
SIM3
SIM4
1
21
22
SIM5
SIM1
SIM2
SIM3
SIM4
1
21
22
SIM5
SIM1
SIM2
SIM3
SIM4
1
21
22
SIM5
SIM1
SIM2
SIM3
SIM4
1
21
22
SIM5
SIM1
SIM2
SIM3
SIM4
1
21
22
SIM5
SIM1
SIM2
SIM3
SIM4
1
21
22
SIM5
SIM1
SIM2
SIM3
SIM4
1
21
22
SIM5
SIM1
SIM2
SIM3
SIM4
1
21
22
SIM5
SIM1
SIM2
SIM3
SIM4
1
21
22
SIM5
SIM1
SIM2
SIM3
SIM4
1
21
22
SIM5
SIM1
SIM2
SIM3
SIM4
1
21
22
SIM5
SIM1
SIM2
SIM3
SIM4
1
21
22
SIM5
SIM1
SIM2
SIM3
SIM4
1
21
22
SIM5
SIM1
SIM2
SIM3
SIM4
1
21
22
SIM5
SIM1
SIM2
SIM3
SIM4
1
21
22
SIM5
SIM1
SIM2
SIM3
SIM4
1
21
22
SIM5
SIM1
SIM2
SIM3
SIM4
1
21
22
SIM5
SIM1
SIM2
SIM3
SIM4
1
21
22
SIM5
SIM1
SIM2
SIM3
SIM4
1
21
22
SIM5
SIM1
SIM2
SIM3
SIM4
1
21
22
SIM5
SIM1
SIM2
SIM3
SIM4
1
21
22
SIM5
SIM1
SIM2
SIM3
SIM4
1
21
22
SIM5
SIM1
SIM2
SIM3
SIM4
1
21
22
SIM5
SIM1
SIM2
SIM3
SIM4
1
21
22
SIM5
SIM1
SIM2
SIM3
SIM4
1
21
22
SIM5
SIM1
SIM2
SIM3
SIM4
1
21
22
SIM5
SIM1
SIM2
SIM3
SIM4
1
21
22
SIM5
SIM1
SIM2
SIM3
SIM4
1
21
22
SIM5
SIM1
SIM2
SIM3
SIM4
1
21
22
SIM5
SIM1
SIM2
SIM3
SIM4
1
21
22
SIM5
SIM1
SIM2
SIM3
SIM4
1
21
22
SIM5
SIM1
SIM2
SIM3
SIM4
1
21
22
SIM5
SIM1
SIM2
SIM3
SIM4
1
21
22
SIM5
SIM1
SIM2
SIM3
SIM4
1
21
22
SIM5
SIM1
SIM2
SIM3
SIM4
1
21
22
SIM5
SIM1
SIM2
SIM3
SIM4
1
21
22
SIM5
SIM1
SIM2
SIM3
SIM4
1
21
22
SIM5
SIM1
SIM2
SIM3
SIM4
1
21
22
SIM5
SIM1
SIM2
SIM3
SIM4
1
21
22
SIM5
SIM1
SIM2
SIM3
SIM4
1
21
22
SIM5
SIM1
SIM2
SIM3
SIM4
1
21
22
SIM5
SIM1
SIM2
SIM3
SIM4
1
21
22
SIM5
SIM1
SIM2
SIM3
SIM4
1
21
22
SIM5
SIM1
SIM2
SIM3
SIM4
1
21
22
SIM5
SIM1
SIM2
SIM3
SIM4
1
21
22
SIM5
SIM1
SIM2
SIM3
SIM4
1
21
22
SIM5
SIM1
SIM2
SIM3
SIM4
1
21
22
SIM5
SIM1
SIM2
SIM3
SIM4
1
21
22
SIM5
SIM1
SIM2
SIM3
SIM4
1
21
22
SIM5
SIM1
SIM2
SIM3
SIM4
1
21
22
SIM5
SIM1
SIM2
SIM3
SIM4
1
21
22
SIM5
SIM1
SIM2
SIM3
SIM4
1
21
22
SIM5
SIM1
SIM2
SIM3
SIM4
1
21
22
SIM5
SIM1
SIM2
SIM3
SIM4
1
21
22
SIM5
SIM1
SIM2
SIM3
SIM4
1
21
22
SIM5
SIM1
SIM2
SIM3
SIM4
1
21
22
SIM5
SIM1
SIM2
SIM3
SIM4
1
21
22
SIM5
SIM1
SIM2
SIM3
SIM4
1
21
22
SIM5
SIM1
SIM2
SIM3
SIM4
1
21
22
SIM5
SIM1
SIM2
SIM3
SIM4
1
21
22
SIM5
SIM1
SIM2
SIM3
SIM4
1
21
22
SIM5
SIM1
SIM2
SIM3
SIM4
1
21
22
SIM5
SIM1
SIM2
SIM3
SIM4
1
21
22
SIM5
SIM1
SIM2
SIM3
SIM4
1
21
22
SIM5
SIM1
SIM2
SIM3
SIM4
1
21
22
SIM5
SIM1
SIM2
SIM3
SIM4
1
21
22
SIM5
SIM1
SIM2
SIM3
SIM4
1
21
22
SIM5
SIM1
SIM2
SIM3
SIM4
1
21
22
SIM5
SIM1
SIM2
SIM3
SIM4
1
21
22
SIM5
SIM1
SIM2
SIM3
SIM4
1
21
22
SIM5
SIM1
SIM2
SIM3
SIM4
1
21
22
SIM5
SIM1
SIM2
SIM3
SIM4
1
21
22
SIM5
SIM1
SIM2
SIM3
SIM4
1
21
22
SIM5
SIM1
SIM2
SIM3
SIM4
1
21
22
SIM5
SIM1
SIM2
SIM3
SIM4
1
21
22
SIM5
SIM1
SIM2
SIM3
SIM4
1
21
22
SIM5
SIM1
SIM2
SIM3
SIM4
1
21
22
SIM5
SIM1
SIM2
SIM3
SIM4
1
21
22
SIM5
SIM1
SIM2
SIM3
SIM4
1
21
22
SIM5
SIM1
SIM2
SIM3
SIM4
1
21
22
SIM5
SIM1
SIM2
SIM3
SIM4
1
21
22
SIM5
SIM1
SIM2
SIM3
SIM4
1
21
22
SIM5
SIM1
SIM2
SIM3
SIM4
1
21
22
SIM5
SIM1
SIM2
SIM3
SIM4
1
21
22
SIM5
SIM1
SIM2
SIM3
SIM4
1
21
22
SIM5
SIM1
SIM2
SIM3
SIM4
1
21
22
SIM5
SIM1
SIM2
SIM3
SIM4
1
21
22
SIM5
SIM1
SIM2
SIM3
SIM4
1
21
22
SIM5
SIM1
SIM2
SIM3
SIM4
1
21
22
SIM5
SIM1
SIM2
SIM3
SIM4
1
21
22
SIM5
SIM1
SIM2
SIM3
SIM4
1
21
22
SIM5
SIM1
SIM2
SIM3
SIM4
1
21
22
SIM5
SIM1
SIM2
SIM3
SIM4
1
21
22
SIM5
SIM1
SIM2
SIM3
SIM4
1
21
22
SIM5
SIM1
SIM2
SIM3
SIM4
1
21
22
SIM5
SIM1
SIM2
SIM3
SIM4
1
21
22
SIM5
SIM1
SIM2
SIM3
SIM4
1
21
22
SIM5
SIM1
SIM2
SIM3
SIM4
1
21
22
SIM5
SIM1
SIM2
SIM3
SIM4
1
21
22
SIM5
SIM1
SIM2
SIM3
SIM4
1
21
22
SIM5
SIM1
SIM2
SIM3
SIM4
1
21
22
SIM5
SIM1
SIM2
SIM3
SIM4
1
21
22
SIM5
SIM1
SIM2
SIM3
SIM4
1
21
22
SIM5
SIM1
SIM2
SIM3
SIM4
1
21
22
SIM5
SIM1
SIM2
SIM3
SIM4
1
21
22
SIM5
SIM1
SIM2
SIM3
SIM4
1
21
22
SIM5
SIM1
SIM2
SIM3
SIM4
1
21
22
SIM5
SIM1
SIM2
SIM3
SIM4
1
21
22
SIM5
SIM1
SIM2
SIM3
SIM4
1
21
22
SIM5
SIM1
SIM2
SIM3
SIM4
1
21
22
SIM5
SIM1
SIM2
SIM3
SIM4
1
21
22
SIM5
SIM1
SIM2
SIM3
SIM4
1
21
22
SIM5
SIM1
SIM2
SIM3
SIM4
1
21
22
SIM5
SIM1
SIM2
SIM3
SIM4
1
21
22
SIM5
SIM1
SIM2
DEBUG 1 758
SIM1
SIM2
SIM3
SIM4
1
21
22
SIM5
SIM1
SIM2
SIM3
SIM4
1
21
22
SIM5
SIM1
SIM2
SIM3
SIM4
1
21
22
SIM5
SIM1
SIM2
SIM3
SIM4
1
21
22
SIM5
SIM1
SIM2
SIM3
SIM4
1
21
22
SIM5
SIM1
SIM2
SIM3
SIM4
1
21
22
SIM5
SIM1
SIM2
SIM3
SIM4
1
21
22
SIM5
SIM1
SIM2
SIM3
SIM4
1
21
22
SIM5
SIM1
SIM2
SIM3
SIM4
1
21
22
SIM5
SIM1
SIM2
SIM3
SIM4
1
21
22
SIM5
SIM1
SIM2
SIM3
SIM4
1
21
22
SIM5
SIM1
SIM2
SIM3
SIM4
1
21
22
SIM5
SIM1
SIM2
SIM3
SIM4
1
21
22
SIM5
SIM1
SIM2
SIM3
SIM4
1
21
22
SIM5
SIM1
SIM2
SIM3
SIM4
1
21
22
SIM5
SIM1
SIM2
SIM3
SIM4
1
21
22
SIM5
SIM1
SIM2
SIM3
SIM4
1
21
22
SIM5
SIM1
SIM2
SIM3
SIM4
1
21
22
SIM5
SIM1
SIM2
SIM3
SIM4
1
21
22
SIM5
SIM1
SIM2
SIM3
SIM4
1
21
22
SIM5
SIM1
SIM2
SIM3
SIM4
1
21
22
SIM5
SIM1
SIM2
SIM3
SIM4
1
21
22
SIM5
SIM1
SIM2
SIM3
SIM4
1
21
22
SIM5
SIM1
SIM2
SIM3
SIM4
1
21
22
SIM5
SIM1
SIM2
SIM3
SIM4
1
21
22
SIM5
SIM1
SIM2
SIM3
SIM4
1
21
22
SIM5
SIM1
SIM2
SIM3
SIM4
1
21
22
SIM5
SIM1
SIM2
SIM3
SIM4
1
21
22
SIM5
SIM1
SIM2
SIM3
SIM4
1
21
22
SIM5
SIM1
SIM2
SIM3
SIM4
1
21
22
SIM5
SIM1
SIM2
SIM3
SIM4
1
21
22
SIM5
SIM1
SIM2
SIM3
SIM4
1
21
22
SIM5
SIM1
SIM2
SIM3
SIM4
1
21
22
SIM5
SIM1
SIM2
SIM3
SIM4
1
21
22
SIM5
SIM1
SIM2
SIM3
SIM4
1
21
22
SIM5
SIM1
SIM2
SIM3
SIM4
1
21
22
SIM5
SIM1
SIM2
SIM3
SIM4
1
21
22
SIM5
SIM1
SIM2
SIM3
SIM4
1
21
22
SIM5
SIM1
SIM2
SIM3
SIM4
1
21
22
SIM5
SIM1
SIM2
SIM3
SIM4
1
21
22
SIM5
SIM1
SIM2
SIM3
SIM4
1
21
22
SIM5
SIM1
SIM2
SIM3
SIM4
1
21
22
SIM5
SIM1
SIM2
SIM3
SIM4
1
21
22
SIM5
SIM1
SIM2
SIM3
SIM4
1
21
22
SIM5
SIM1
SIM2
SIM3
SIM4
1
21
22
SIM5
SIM1
SIM2
SIM3
SIM4
1
21
22
SIM5
SIM1
SIM2
SIM3
SIM4
1
21
22
SIM5
SIM1
SIM2
SIM3
SIM4
1
21
22
SIM5
SIM1
SIM2
SIM3
SIM4
1
21
22
SIM5
SIM1
SIM2
SIM3
SIM4
1
21
22
SIM5
SIM1
SIM2
SIM3
SIM4
1
21
22
SIM5
SIM1
SIM2
SIM3
SIM4
1
21
22
SIM5
SIM1
SIM2
SIM3
SIM4
1
21
22
SIM5
SIM1
SIM2
SIM3
SIM4
1
21
22
SIM5
SIM1
SIM2
SIM3
SIM4
1
21
22
SIM5
SIM1
SIM2
SIM3
SIM4
1
21
22
SIM5
SIM1
SIM2
SIM3
SIM4
1
21
22
SIM5
SIM1
SIM2
SIM3
SIM4
1
21
22
SIM5
SIM1
SIM2
SIM3
SIM4
1
21
22
SIM5
SIM1
SIM2
SIM3
SIM4
1
21
22
SIM5
SIM1
SIM2
SIM3
SIM4
1
21
22
SIM5
SIM1
SIM2
SIM3
SIM4
1
21
22
SIM5
SIM1
SIM2
SIM3
SIM4
1
21
22
SIM5
SIM1
SIM2
SIM3
SIM4
1
21
22
SIM5
SIM1
SIM2
SIM3
SIM4
1
21
22
SIM5
SIM1
SIM2
SIM3
SIM4
1
21
22
SIM5
SIM1
SIM2
SIM3
SIM4
1
21
22
SIM5
SIM1
SIM2
SIM3
SIM4
1
21
22
SIM5
SIM1
SIM2
SIM3
SIM4
1
21
22
SIM5
SIM1
SIM2
SIM3
SIM4
1
21
22
SIM5
SIM1
SIM2
SIM3
SIM4
1
21
22
SIM5
SIM1
SIM2
SIM3
SIM4
1
21
22
SIM5
SIM1
SIM2
SIM3
SIM4
1
21
22
SIM5
SIM1
SIM2
SIM3
SIM4
1
21
22
SIM5
SIM1
SIM2
SIM3
SIM4
1
21
22
SIM5
SIM1
SIM2
SIM3
SIM4
1
21
22
SIM5
SIM1
SIM2
SIM3
SIM4
1
21
22
SIM5
SIM1
SIM2
SIM3
SIM4
1
21
22
SIM5
SIM1
SIM2
SIM3
SIM4
1
21
22
SIM5
SIM1
SIM2
SIM3
SIM4
1
21
22
SIM5
SIM1
SIM2
SIM3
SIM4
1
21
22
SIM5
SIM1
SIM2
SIM3
SIM4
1
21
22
SIM5
SIM1
SIM2
SIM3
SIM4
1
21
22
SIM5
SIM1
SIM2
SIM3
SIM4
1
21
22
SIM5
SIM1
SIM2
SIM3
SIM4
1
21
22
SIM5
SIM1
SIM2
SIM3
SIM4
1
21
22
SIM5
SIM1
SIM2
SIM3
SIM4
1
21
22
SIM5
SIM1
SIM2
SIM3
SIM4
1
21
22
SIM5
SIM1
SIM2
SIM3
SIM4
1
21
22
SIM5
SIM1
SIM2
SIM3
SIM4
1
21
22
SIM5
SIM1
SIM2
SIM3
SIM4
1
21
22
SIM5
SIM1
SIM2
SIM3
SIM4
1
21
22
SIM5
SIM1
SIM2
SIM3
SIM4
1
21
22
SIM5
SIM1
SIM2
SIM3
SIM4
1
21
22
SIM5
SIM1
SIM2
SIM3
SIM4
1
21
22
SIM5
SIM1
SIM2
SIM3
SIM4
1
21
22
SIM5
SIM1
SIM2
SIM3
SIM4
1
21
22
SIM5
SIM1
SIM2
SIM3
SIM4
1
21
22
SIM5
SIM1
SIM2
SIM3
SIM4
1
21
22
SIM5
SIM1
SIM2
SIM3
SIM4
1
21
22
SIM5
SIM1
SIM2
SIM3
SIM4
1
21
22
SIM5
SIM1
SIM2
SIM3
SIM4
1
21
22
SIM5
SIM1
SIM2
SIM3
SIM4
1
21
22
SIM5
SIM1
SIM2
SIM3
SIM4
1
21
22
SIM5
SIM1
SIM2
SIM3
SIM4
1
21
22
SIM5
SIM1
SIM2
SIM3
SIM4
1
21
22
SIM5
SIM1
SIM2
SIM3
SIM4
1
21
22
SIM5
SIM1
SIM2
SIM3
SIM4
1
21
22
SIM5
SIM1
SIM2
SIM3
SIM4
1
21
22
SIM5
SIM1
SIM2
SIM3
SIM4
1
21
22
SIM5
SIM1
SIM2
SIM3
SIM4
1
21
22
SIM5
SIM1
SIM2
SIM3
SIM4
1
21
22
SIM5
SIM1
SIM2
SIM3
SIM4
1
21
22
SIM5
SIM1
SIM2
SIM3
SIM4
1
21
22
SIM5
SIM1
SIM2
SIM3
SIM4
1
21
22
SIM5
SIM1
SIM2
SIM3
SIM4
1
21
22
SIM5
SIM1
SIM2
SIM3
SIM4
1
21
22
SIM5
SIM1
SIM2
SIM3
SIM4
1
21
22
SIM5
SIM1
SIM2
SIM3
SIM4
1
21
22
SIM5
SIM1
SIM2
SIM3
SIM4
1
21
22
SIM5
SIM1
SIM2
SIM3
SIM4
1
21
22
SIM5
SIM1
SIM2
SIM3
SIM4
1
21
22
SIM5
SIM1
SIM2
SIM3
SIM4
1
21
22
SIM5
SIM1
SIM2
SIM3
SIM4
1
21
22
SIM5
SIM1
SIM2
SIM3
SIM4
1
21
22
SIM5
SIM1
SIM2
SIM3
SIM4
1
21
22
SIM5
SIM1
SIM2
SIM3
SIM4
1
21
22
SIM5
SIM1
SIM2
SIM3
SIM4
1
21
22
SIM5
SIM1
SIM2
SIM3
SIM4
1
21
22
SIM5
SIM1
SIM2
SIM3
SIM4
1
21
22
SIM5
SIM1
SIM2
SIM3
SIM4
1
21
22
SIM5
SIM1
SIM2
SIM3
SIM4
1
21
22
SIM5
SIM1
SIM2
SIM3
SIM4
1
21
22
SIM5
SIM1
SIM2
SIM3
SIM4
1
21
22
SIM5
SIM1
SIM2
SIM3
SIM4
1
21
22
SIM5
SIM1
SIM2
SIM3
SIM4
1
21
22
SIM5
SIM1
SIM2
SIM3
SIM4
1
21
22
SIM5
SIM1
SIM2
SIM3
SIM4
1
21
22
SIM5
SIM1
SIM2
SIM3
SIM4
1
21
22
SIM5
SIM1
SIM2
SIM3
SIM4
1
21
22
SIM5
SIM1
SIM2
SIM3
SIM4
1
21
22
SIM5
SIM1
SIM2
SIM3
SIM4
1
21
22
SIM5
SIM1
SIM2
SIM3
SIM4
1
21
22
SIM5
SIM1
SIM2
SIM3
SIM4
1
21
22
SIM5
SIM1
SIM2
SIM3
SIM4
1
21
22
SIM5
SIM1
SIM2
SIM3
SIM4
1
21
22
SIM5
SIM1
SIM2
SIM3
SIM4
1
21
22
SIM5
SIM1
SIM2
SIM3
SIM4
1
21
22
SIM5
SIM1
SIM2
SIM3
SIM4
1
21
22
SIM5
SIM1
SIM2
SIM3
SIM4
1
21
22
SIM5
SIM1
SIM2
SIM3
SIM4
1
21
22
SIM5
SIM1
SIM2
SIM3
SIM4
1
21
22
SIM5
SIM1
SIM2
SIM3
SIM4
1
21
22
SIM5
SIM1
SIM2
SIM3
SIM4
1
21
22
SIM5
SIM1
SIM2
SIM3
SIM4
1
21
22
SIM5
SIM1
SIM2
SIM3
SIM4
1
21
22
SIM5
SIM1
SIM2
SIM3
SIM4
1
21
22
SIM5
SIM1
SIM2
SIM3
SIM4
1
21
22
SIM5
SIM1
SIM2
SIM3
SIM4
1
21
22
SIM5
SIM1
SIM2
SIM3
SIM4
1
21
22
SIM5
SIM1
SIM2
SIM3
SIM4
1
21
22
SIM5
SIM1
SIM2
SIM3
SIM4
1
21
22
SIM5
SIM1
SIM2
SIM3
SIM4
1
21
22
SIM5
SIM1
SIM2
SIM3
SIM4
1
21
22
SIM5
SIM1
SIM2
SIM3
SIM4
1
21
22
SIM5
SIM1
SIM2
SIM3
SIM4
1
21
22
SIM5
SIM1
SIM2
SIM3
SIM4
1
21
22
SIM5
SIM1
SIM2
SIM3
SIM4
1
21
22
SIM5
SIM1
SIM2
SIM3
SIM4
1
21
22
SIM5
SIM1
SIM2
SIM3
SIM4
1
21
22
SIM5
SIM1
SIM2
SIM3
SIM4
1
21
22
SIM5
SIM1
SIM2
SIM3
SIM4
1
21
22
SIM5
SIM1
SIM2
SIM3
SIM4
1
21
22
SIM5
SIM1
SIM2
SIM3
SIM4
1
21
22
SIM5
SIM1
SIM2
SIM3
SIM4
1
21
22
SIM5
SIM1
SIM2
SIM3
SIM4
1
21
22
SIM5
SIM1
SIM2
SIM3
SIM4
1
21
22
SIM5
SIM1
SIM2
SIM3
SIM4
1
21
22
SIM5
SIM1
SIM2
SIM3
SIM4
1
21
22
SIM5
SIM1
SIM2
SIM3
SIM4
1
21
22
SIM5
SIM1
SIM2
SIM3
SIM4
1
21
22
SIM5
SIM1
SIM2
SIM3
SIM4
1
21
22
SIM5
SIM1
SIM2
SIM3
SIM4
1
21
22
SIM5
SIM1
SIM2
SIM3
SIM4
1
21
22
SIM5
SIM1
SIM2
SIM3
SIM4
1
21
22
SIM5
SIM1
SIM2
SIM3
SIM4
1
21
22
SIM5
SIM1
SIM2
SIM3
SIM4
1
21
22
SIM5
SIM1
SIM2
SIM3
SIM4
1
21
22
SIM5
SIM1
SIM2
SIM3
SIM4
1
21
22
SIM5
SIM1
SIM2
SIM3
SIM4
1
21
22
SIM5
SIM1
SIM2
SIM3
SIM4
1
21
22
SIM5
SIM1
SIM2
SIM3
SIM4
1
21
22
SIM5
SIM1
SIM2
SIM3
SIM4
1
21
22
SIM5
SIM1
SIM2
SIM3
SIM4
1
21
22
SIM5
SIM1
SIM2
SIM3
SIM4
1
21
22
SIM5
SIM1
SIM2
SIM3
SIM4
1
21
22
SIM5
SIM1
SIM2
SIM3
SIM4
1
21
22
SIM5
SIM1
SIM2
SIM3
SIM4
1
21
22
SIM5
SIM1
SIM2
SIM3
SIM4
1
21
22
SIM5
SIM1
SIM2
SIM3
SIM4
1
21
22
SIM5
SIM1
SIM2
SIM3
SIM4
1
21
22
SIM5
SIM1
SIM2
SIM3
SIM4
1
21
22
SIM5
SIM1
SIM2
SIM3
SIM4
1
21
22
SIM5
SIM1
SIM2
SIM3
SIM4
1
21
22
SIM5
SIM1
SIM2
SIM3
SIM4
1
21
22
SIM5
SIM1
SIM2
SIM3
SIM4
1
21
22
SIM5
SIM1
SIM2
SIM3
SIM4
1
21
22
SIM5
SIM1
SIM2
SIM3
SIM4
1
21
22
SIM5
SIM1
SIM2
SIM3
SIM4
1
21
22
SIM5
SIM1
SIM2
SIM3
SIM4
1
21
22
SIM5
SIM1
SIM2
SIM3
SIM4
1
21
22
SIM5
SIM1
SIM2
SIM3
SIM4
1
21
22
SIM5
SIM1
SIM2
SIM3
SIM4
1
21
22
SIM5
SIM1
SIM2
SIM3
SIM4
1
21
22
SIM5
SIM1
SIM2
SIM3
SIM4
1
21
22
SIM5
SIM1
SIM2
SIM3
SIM4
1
21
22
SIM5
SIM1
SIM2
SIM3
SIM4
1
21
22
SIM5
SIM1
SIM2
DEBUG 1 759
SIM1
SIM2
SIM3
SIM4
1
21
22
SIM5
SIM1
SIM2
SIM3
SIM4
1
21
22
SIM5
SIM1
SIM2
SIM3
SIM4
1
21
22
SIM5
SIM1
SIM2
SIM3
SIM4
1
21
22
SIM5
SIM1
SIM2
SIM3
SIM4
1
21
22
SIM5
SIM1
SIM2
SIM3
SIM4
1
21
22
SIM5
SIM1
SIM2
SIM3
SIM4
1
21
22
SIM5
SIM1
SIM2
SIM3
SIM4
1
21
22
SIM5
SIM1
SIM2
SIM3
SIM4
1
21
22
SIM5
SIM1
SIM2
SIM3
SIM4
1
21
22
SIM5
SIM1
SIM2
SIM3
SIM4
1
21
22
SIM5
SIM1
SIM2
SIM3
SIM4
1
21
22
SIM5
SIM1
SIM2
SIM3
SIM4
1
21
22
SIM5
SIM1
SIM2
SIM3
SIM4
1
21
22
SIM5
SIM1
SIM2
SIM3
SIM4
1
21
22
SIM5
SIM1
SIM2
SIM3
SIM4
1
21
22
SIM5
SIM1
SIM2
SIM3
SIM4
1
21
22
SIM5
SIM1
SIM2
SIM3
SIM4
1
21
22
SIM5
SIM1
SIM2
SIM3
SIM4
1
21
22
SIM5
SIM1
SIM2
SIM3
SIM4
1
21
22
SIM5
SIM1
SIM2
SIM3
SIM4
1
21
22
SIM5
SIM1
SIM2
SIM3
SIM4
1
21
22
SIM5
SIM1
SIM2
SIM3
SIM4
1
21
22
SIM5
SIM1
SIM2
SIM3
SIM4
1
21
22
SIM5
SIM1
SIM2
SIM3
SIM4
1
21
22
SIM5
SIM1
SIM2
SIM3
SIM4
1
21
22
SIM5
SIM1
SIM2
SIM3
SIM4
1
21
22
SIM5
SIM1
SIM2
SIM3
SIM4
1
21
22
SIM5
SIM1
SIM2
SIM3
SIM4
1
21
22
SIM5
SIM1
SIM2
SIM3
SIM4
1
21
22
SIM5
SIM1
SIM2
SIM3
SIM4
1
21
22
SIM5
SIM1
SIM2
SIM3
SIM4
1
21
22
SIM5
SIM1
SIM2
SIM3
SIM4
1
21
22
SIM5
SIM1
SIM2
SIM3
SIM4
1
21
22
SIM5
SIM1
SIM2
SIM3
SIM4
1
21
22
SIM5
SIM1
SIM2
SIM3
SIM4
1
21
22
SIM5
SIM1
SIM2
SIM3
SIM4
1
21
22
SIM5
SIM1
SIM2
SIM3
SIM4
1
21
22
SIM5
SIM1
SIM2
SIM3
SIM4
1
21
22
SIM5
SIM1
SIM2
SIM3
SIM4
1
21
22
SIM5
SIM1
SIM2
SIM3
SIM4
1
21
22
SIM5
SIM1
SIM2
SIM3
SIM4
1
21
22
SIM5
SIM1
SIM2
SIM3
SIM4
1
21
22
SIM5
SIM1
SIM2
SIM3
SIM4
1
21
22
SIM5
SIM1
SIM2
SIM3
SIM4
1
21
22
SIM5
SIM1
SIM2
SIM3
SIM4
1
21
22
SIM5
SIM1
SIM2
SIM3
SIM4
1
21
22
SIM5
SIM1
SIM2
SIM3
SIM4
1
21
22
SIM5
SIM1
SIM2
SIM3
SIM4
1
21
22
SIM5
SIM1
SIM2
SIM3
SIM4
1
21
22
SIM5
SIM1
SIM2
SIM3
SIM4
1
21
22
SIM5
SIM1
SIM2
SIM3
SIM4
1
21
22
SIM5
SIM1
SIM2
SIM3
SIM4
1
21
22
SIM5
SIM1
SIM2
SIM3
SIM4
1
21
22
SIM5
SIM1
SIM2
SIM3
SIM4
1
21
22
SIM5
SIM1
SIM2
SIM3
SIM4
1
21
22
SIM5
SIM1
SIM2
SIM3
SIM4
1
21
22
SIM5
SIM1
SIM2
SIM3
SIM4
1
21
22
SIM5
SIM1
SIM2
SIM3
SIM4
1
21
22
SIM5
SIM1
SIM2
SIM3
SIM4
1
21
22
SIM5
SIM1
SIM2
SIM3
SIM4
1
21
22
SIM5
SIM1
SIM2
SIM3
SIM4
1
21
22
SIM5
SIM1
SIM2
SIM3
SIM4
1
21
22
SIM5
SIM1
SIM2
SIM3
SIM4
1
21
22
SIM5
SIM1
SIM2
SIM3
SIM4
1
21
22
SIM5
SIM1
SIM2
SIM3
SIM4
1
21
22
SIM5
SIM1
SIM2
SIM3
SIM4
1
21
22
SIM5
SIM1
SIM2
SIM3
SIM4
1
21
22
SIM5
SIM1
SIM2
SIM3
SIM4
1
21
22
SIM5
SIM1
SIM2
SIM3
SIM4
1
21
22
SIM5
SIM1
SIM2
SIM3
SIM4
1
21
22
SIM5
SIM1
SIM2
SIM3
SIM4
1
21
22
SIM5
SIM1
SIM2
SIM3
SIM4
1
21
22
SIM5
SIM1
SIM2
SIM3
SIM4
1
21
22
SIM5
SIM1
SIM2
SIM3
SIM4
1
21
22
SIM5
SIM1
SIM2
SIM3
SIM4
1
21
22
SIM5
SIM1
SIM2
SIM3
SIM4
1
21
22
SIM5
SIM1
SIM2
SIM3
SIM4
1
21
22
SIM5
SIM1
SIM2
SIM3
SIM4
1
21
22
SIM5
SIM1
SIM2
SIM3
SIM4
1
21
22
SIM5
SIM1
SIM2
SIM3
SIM4
1
21
22
SIM5
SIM1
SIM2
SIM3
SIM4
1
21
22
SIM5
SIM1
SIM2
SIM3
SIM4
1
21
22
SIM5
SIM1
SIM2
SIM3
SIM4
1
21
22
SIM5
SIM1
SIM2
SIM3
SIM4
1
21
22
SIM5
SIM1
SIM2
SIM3
SIM4
1
21
22
SIM5
SIM1
SIM2
SIM3
SIM4
1
21
22
SIM5
SIM1
SIM2
SIM3
SIM4
1
21
22
SIM5
SIM1
SIM2
SIM3
SIM4
1
21
22
SIM5
SIM1
SIM2
SIM3
SIM4
1
21
22
SIM5
SIM1
SIM2
SIM3
SIM4
1
21
22
SIM5
SIM1
SIM2
SIM3
SIM4
1
21
22
SIM5
SIM1
SIM2
SIM3
SIM4
1
21
22
SIM5
SIM1
SIM2
SIM3
SIM4
1
21
22
SIM5
SIM1
SIM2
SIM3
SIM4
1
21
22
SIM5
SIM1
SIM2
SIM3
SIM4
1
21
22
SIM5
SIM1
SIM2
SIM3
SIM4
1
21
22
SIM5
SIM1
SIM2
SIM3
SIM4
1
21
22
SIM5
SIM1
SIM2
SIM3
SIM4
1
21
22
SIM5
SIM1
SIM2
SIM3
SIM4
1
21
22
SIM5
SIM1
SIM2
SIM3
SIM4
1
21
22
SIM5
SIM1
SIM2
SIM3
SIM4
1
21
22
SIM5
SIM1
SIM2
SIM3
SIM4
1
21
22
SIM5
SIM1
SIM2
SIM3
SIM4
1
21
22
SIM5
SIM1
SIM2
SIM3
SIM4
1
21
22
SIM5
SIM1
SIM2
SIM3
SIM4
1
21
22
SIM5
SIM1
SIM2
SIM3
SIM4
1
21
22
SIM5
SIM1
SIM2
SIM3
SIM4
1
21
22
SIM5
SIM1
SIM2
SIM3
SIM4
1
21
22
SIM5
SIM1
SIM2
SIM3
SIM4
1
21
22
SIM5
SIM1
SIM2
SIM3
SIM4
1
21
22
SIM5
SIM1
SIM2
SIM3
SIM4
1
21
22
SIM5
SIM1
SIM2
SIM3
SIM4
1
21
22
SIM5
SIM1
SIM2
SIM3
SIM4
1
21
22
SIM5
SIM1
SIM2
SIM3
SIM4
1
21
22
SIM5
SIM1
SIM2
SIM3
SIM4
1
21
22
SIM5
SIM1
SIM2
SIM3
SIM4
1
21
22
SIM5
SIM1
SIM2
SIM3
SIM4
1
21
22
SIM5
SIM1
SIM2
SIM3
SIM4
1
21
22
SIM5
SIM1
SIM2
SIM3
SIM4
1
21
22
SIM5
SIM1
SIM2
SIM3
SIM4
1
21
22
SIM5
SIM1
SIM2
SIM3
SIM4
1
21
22
SIM5
SIM1
SIM2
SIM3
SIM4
1
21
22
SIM5
SIM1
SIM2
SIM3
SIM4
1
21
22
SIM5
SIM1
SIM2
SIM3
SIM4
1
21
22
SIM5
SIM1
SIM2
SIM3
SIM4
1
21
22
SIM5
SIM1
SIM2
SIM3
SIM4
1
21
22
SIM5
SIM1
SIM2
SIM3
SIM4
1
21
22
SIM5
SIM1
SIM2
SIM3
SIM4
1
21
22
SIM5
SIM1
SIM2
SIM3
SIM4
1
21
22
SIM5
SIM1
SIM2
SIM3
SIM4
1
21
22
SIM5
SIM1
SIM2
SIM3
SIM4
1
21
22
SIM5
SIM1
SIM2
SIM3
SIM4
1
21
22
SIM5
SIM1
SIM2
SIM3
SIM4
1
21
22
SIM5
SIM1
SIM2
SIM3
SIM4
1
21
22
SIM5
SIM1
SIM2
SIM3
SIM4
1
21
22
SIM5
SIM1
SIM2
SIM3
SIM4
1
21
22
SIM5
SIM1
SIM2
SIM3
SIM4
1
21
22
SIM5
SIM1
SIM2
SIM3
SIM4
1
21
22
SIM5
SIM1
SIM2
SIM3
SIM4
1
21
22
SIM5
SIM1
SIM2
SIM3
SIM4
1
21
22
SIM5
SIM1
SIM2
SIM3
SIM4
1
21
22
SIM5
SIM1
SIM2
SIM3
SIM4
1
21
22
SIM5
SIM1
SIM2
SIM3
SIM4
1
21
22
SIM5
SIM1
SIM2
SIM3
SIM4
1
21
22
SIM5
SIM1
SIM2
SIM3
SIM4
1
21
22
SIM5
SIM1
SIM2
SIM3
SIM4
1
21
22
SIM5
SIM1
SIM2
SIM3
SIM4
1
21
22
SIM5
SIM1
SIM2
SIM3
SIM4
1
21
22
SIM5
SIM1
SIM2
SIM3
SIM4
1
21
22
SIM5
SIM1
SIM2
SIM3
SIM4
1
21
22
SIM5
SIM1
SIM2
SIM3
SIM4
1
21
22
SIM5
SIM1
SIM2
SIM3
SIM4
1
21
22
SIM5
SIM1
SIM2
SIM3
SIM4
1
21
22
SIM5
SIM1
SIM2
SIM3
SIM4
1
21
22
SIM5
SIM1
SIM2
SIM3
SIM4
1
21
22
SIM5
SIM1
SIM2
SIM3
SIM4
1
21
22
SIM5
SIM1
SIM2
SIM3
SIM4
1
21
22
SIM5
SIM1
SIM2
SIM3
SIM4
1
21
22
SIM5
SIM1
SIM2
SIM3
SIM4
1
21
22
SIM5
SIM1
SIM2
SIM3
SIM4
1
21
22
SIM5
SIM1
SIM2
SIM3
SIM4
1
21
22
SIM5
SIM1
SIM2
SIM3
SIM4
1
21
22
SIM5
SIM1
SIM2
SIM3
SIM4
1
21
22
SIM5
SIM1
SIM2
SIM3
SIM4
1
21
22
SIM5
SIM1
SIM2
SIM3
SIM4
1
21
22
SIM5
SIM1
SIM2
SIM3
SIM4
1
21
22
SIM5
SIM1
SIM2
SIM3
SIM4
1
21
22
SIM5
SIM1
SIM2
SIM3
SIM4
1
21
22
SIM5
SIM1
SIM2
SIM3
SIM4
1
21
22
SIM5
SIM1
SIM2
SIM3
SIM4
1
21
22
SIM5
SIM1
SIM2
SIM3
SIM4
1
21
22
SIM5
SIM1
SIM2
SIM3
SIM4
1
21
22
SIM5
SIM1
SIM2
SIM3
SIM4
1
21
22
SIM5
SIM1
SIM2
SIM3
SIM4
1
21
22
SIM5
SIM1
SIM2
SIM3
SIM4
1
21
22
SIM5
SIM1
SIM2
SIM3
SIM4
1
21
22
SIM5
SIM1
SIM2
SIM3
SIM4
1
21
22
SIM5
SIM1
SIM2
SIM3
SIM4
1
21
22
SIM5
SIM1
SIM2
SIM3
SIM4
1
21
22
SIM5
SIM1
SIM2
SIM3
SIM4
1
21
22
SIM5
SIM1
SIM2
SIM3
SIM4
1
21
22
SIM5
SIM1
SIM2
SIM3
SIM4
1
21
22
SIM5
SIM1
SIM2
SIM3
SIM4
1
21
22
SIM5
SIM1
SIM2
SIM3
SIM4
1
21
22
SIM5
SIM1
SIM2
SIM3
SIM4
1
21
22
SIM5
SIM1
SIM2
SIM3
SIM4
1
21
22
SIM5
SIM1
SIM2
SIM3
SIM4
1
21
22
SIM5
SIM1
SIM2
SIM3
SIM4
1
21
22
SIM5
SIM1
SIM2
SIM3
SIM4
1
21
22
SIM5
SIM1
SIM2
SIM3
SIM4
1
21
22
SIM5
SIM1
SIM2
SIM3
SIM4
1
21
22
SIM5
SIM1
SIM2
SIM3
SIM4
1
21
22
SIM5
SIM1
SIM2
DEBUG 1 760
SIM1
SIM2
SIM3
SIM4
1
21
22
SIM5
SIM1
SIM2
SIM3
SIM4
1
21
22
SIM5
SIM1
SIM2
SIM3
SIM4
1
21
22
SIM5
SIM1
SIM2
SIM3
SIM4
1
21
22
SIM5
SIM1
SIM2
SIM3
SIM4
1
21
22
SIM5
SIM1
SIM2
SIM3
SIM4
1
21
22
SIM5
SIM1
SIM2
SIM3
SIM4
1
21
22
SIM5
SIM1
SIM2
SIM3
SIM4
1
21
22
SIM5
SIM1
SIM2
SIM3
SIM4
1
21
22
SIM5
SIM1
SIM2
SIM3
SIM4
1
21
22
SIM5
SIM1
SIM2
SIM3
SIM4
1
21
22
SIM5
SIM1
SIM2
SIM3
SIM4
1
21
22
SIM5
SIM1
SIM2
SIM3
SIM4
1
21
22
SIM5
SIM1
SIM2
SIM3
SIM4
1
21
22
SIM5
SIM1
SIM2
SIM3
SIM4
1
21
22
SIM5
SIM1
SIM2
SIM3
SIM4
1
21
22
SIM5
SIM1
SIM2
SIM3
SIM4
1
21
22
SIM5
SIM1
SIM2
SIM3
SIM4
1
21
22
SIM5
SIM1
SIM2
SIM3
SIM4
1
21
22
SIM5
SIM1
SIM2
SIM3
SIM4
1
21
22
SIM5
SIM1
SIM2
SIM3
SIM4
1
21
22
SIM5
SIM1
SIM2
SIM3
SIM4
1
21
22
SIM5
SIM1
SIM2
SIM3
SIM4
1
21
22
SIM5
SIM1
SIM2
SIM3
SIM4
1
21
22
SIM5
SIM1
SIM2
SIM3
SIM4
1
21
22
SIM5
SIM1
SIM2
SIM3
SIM4
1
21
22
SIM5
SIM1
SIM2
SIM3
SIM4
1
21
22
SIM5
SIM1
SIM2
SIM3
SIM4
1
21
22
SIM5
SIM1
SIM2
SIM3
SIM4
1
21
22
SIM5
SIM1
SIM2
SIM3
SIM4
1
21
22
SIM5
SIM1
SIM2
SIM3
SIM4
1
21
22
SIM5
SIM1
SIM2
SIM3
SIM4
1
21
22
SIM5
SIM1
SIM2
SIM3
SIM4
1
21
22
SIM5
SIM1
SIM2
SIM3
SIM4
1
21
22
SIM5
SIM1
SIM2
SIM3
SIM4
1
21
22
SIM5
SIM1
SIM2
SIM3
SIM4
1
21
22
SIM5
SIM1
SIM2
SIM3
SIM4
1
21
22
SIM5
SIM1
SIM2
SIM3
SIM4
1
21
22
SIM5
SIM1
SIM2
SIM3
SIM4
1
21
22
SIM5
SIM1
SIM2
SIM3
SIM4
1
21
22
SIM5
SIM1
SIM2
SIM3
SIM4
1
21
22
SIM5
SIM1
SIM2
SIM3
SIM4
1
21
22
SIM5
SIM1
SIM2
SIM3
SIM4
1
21
22
SIM5
SIM1
SIM2
SIM3
SIM4
1
21
22
SIM5
SIM1
SIM2
SIM3
SIM4
1
21
22
SIM5
SIM1
SIM2
SIM3
SIM4
1
21
22
SIM5
SIM1
SIM2
SIM3
SIM4
1
21
22
SIM5
SIM1
SIM2
SIM3
SIM4
1
21
22
SIM5
SIM1
SIM2
SIM3
SIM4
1
21
22
SIM5
SIM1
SIM2
SIM3
SIM4
1
21
22
SIM5
SIM1
SIM2
SIM3
SIM4
1
21
22
SIM5
SIM1
SIM2
SIM3
SIM4
1
21
22
SIM5
SIM1
SIM2
SIM3
SIM4
1
21
22
SIM5
SIM1
SIM2
SIM3
SIM4
1
21
22
SIM5
SIM1
SIM2
SIM3
SIM4
1
21
22
SIM5
SIM1
SIM2
SIM3
SIM4
1
21
22
SIM5
SIM1
SIM2
SIM3
SIM4
1
21
22
SIM5
SIM1
SIM2
SIM3
SIM4
1
21
22
SIM5
SIM1
SIM2
SIM3
SIM4
1
21
22
SIM5
SIM1
SIM2
SIM3
SIM4
1
21
22
SIM5
SIM1
SIM2
SIM3
SIM4
1
21
22
SIM5
SIM1
SIM2
SIM3
SIM4
1
21
22
SIM5
SIM1
SIM2
SIM3
SIM4
1
21
22
SIM5
SIM1
SIM2
SIM3
SIM4
1
21
22
SIM5
SIM1
SIM2
SIM3
SIM4
1
21
22
SIM5
SIM1
SIM2
SIM3
SIM4
1
21
22
SIM5
SIM1
SIM2
SIM3
SIM4
1
21
22
SIM5
SIM1
SIM2
SIM3
SIM4
1
21
22
SIM5
SIM1
SIM2
SIM3
SIM4
1
21
22
SIM5
SIM1
SIM2
SIM3
SIM4
1
21
22
SIM5
SIM1
SIM2
SIM3
SIM4
1
21
22
SIM5
SIM1
SIM2
SIM3
SIM4
1
21
22
SIM5
SIM1
SIM2
SIM3
SIM4
1
21
22
SIM5
SIM1
SIM2
SIM3
SIM4
1
21
22
SIM5
SIM1
SIM2
SIM3
SIM4
1
21
22
SIM5
SIM1
SIM2
SIM3
SIM4
1
21
22
SIM5
SIM1
SIM2
SIM3
SIM4
1
21
22
SIM5
SIM1
SIM2
SIM3
SIM4
1
21
22
SIM5
SIM1
SIM2
SIM3
SIM4
1
21
22
SIM5
SIM1
SIM2
SIM3
SIM4
1
21
22
SIM5
SIM1
SIM2
SIM3
SIM4
1
21
22
SIM5
SIM1
SIM2
SIM3
SIM4
1
21
22
SIM5
SIM1
SIM2
SIM3
SIM4
1
21
22
SIM5
SIM1
SIM2
SIM3
SIM4
1
21
22
SIM5
SIM1
SIM2
SIM3
SIM4
1
21
22
SIM5
SIM1
SIM2
SIM3
SIM4
1
21
22
SIM5
SIM1
SIM2
SIM3
SIM4
1
21
22
SIM5
SIM1
SIM2
SIM3
SIM4
1
21
22
SIM5
SIM1
SIM2
SIM3
SIM4
1
21
22
SIM5
SIM1
SIM2
SIM3
SIM4
1
21
22
SIM5
SIM1
SIM2
SIM3
SIM4
1
21
22
SIM5
SIM1
SIM2
SIM3
SIM4
1
21
22
SIM5
SIM1
SIM2
SIM3
SIM4
1
21
22
SIM5
SIM1
SIM2
SIM3
SIM4
1
21
22
SIM5
SIM1
SIM2
SIM3
SIM4
1
21
22
SIM5
SIM1
SIM2
SIM3
SIM4
1
21
22
SIM5
SIM1
SIM2
SIM3
SIM4
1
21
22
SIM5
SIM1
SIM2
SIM3
SIM4
1
21
22
SIM5
SIM1
SIM2
SIM3
SIM4
1
21
22
SIM5
SIM1
SIM2
SIM3
SIM4
1
21
22
SIM5
SIM1
SIM2
SIM3
SIM4
1
21
22
SIM5
SIM1
SIM2
SIM3
SIM4
1
21
22
SIM5
SIM1
SIM2
SIM3
SIM4
1
21
22
SIM5
SIM1
SIM2
SIM3
SIM4
1
21
22
SIM5
SIM1
SIM2
SIM3
SIM4
1
21
22
SIM5
SIM1
SIM2
SIM3
SIM4
1
21
22
SIM5
SIM1
SIM2
SIM3
SIM4
1
21
22
SIM5
SIM1
SIM2
SIM3
SIM4
1
21
22
SIM5
SIM1
SIM2
SIM3
SIM4
1
21
22
SIM5
SIM1
SIM2
SIM3
SIM4
1
21
22
SIM5
SIM1
SIM2
SIM3
SIM4
1
21
22
SIM5
SIM1
SIM2
SIM3
SIM4
1
21
22
SIM5
SIM1
SIM2
SIM3
SIM4
1
21
22
SIM5
SIM1
SIM2
SIM3
SIM4
1
21
22
SIM5
SIM1
SIM2
SIM3
SIM4
1
21
22
SIM5
SIM1
SIM2
SIM3
SIM4
1
21
22
SIM5
SIM1
SIM2
SIM3
SIM4
1
21
22
SIM5
SIM1
SIM2
SIM3
SIM4
1
21
22
SIM5
SIM1
SIM2
SIM3
SIM4
1
21
22
SIM5
SIM1
SIM2
SIM3
SIM4
1
21
22
SIM5
SIM1
SIM2
SIM3
SIM4
1
21
22
SIM5
SIM1
SIM2
SIM3
SIM4
1
21
22
SIM5
SIM1
SIM2
SIM3
SIM4
1
21
22
SIM5
SIM1
SIM2
SIM3
SIM4
1
21
22
SIM5
SIM1
SIM2
SIM3
SIM4
1
21
22
SIM5
SIM1
SIM2
SIM3
SIM4
1
21
22
SIM5
SIM1
SIM2
SIM3
SIM4
1
21
22
SIM5
SIM1
SIM2
SIM3
SIM4
1
21
22
SIM5
SIM1
SIM2
SIM3
SIM4
1
21
22
SIM5
SIM1
SIM2
SIM3
SIM4
1
21
22
SIM5
SIM1
SIM2
SIM3
SIM4
1
21
22
SIM5
SIM1
SIM2
SIM3
SIM4
1
21
22
SIM5
SIM1
SIM2
SIM3
SIM4
1
21
22
SIM5
SIM1
SIM2
SIM3
SIM4
1
21
22
SIM5
SIM1
SIM2
SIM3
SIM4
1
21
22
SIM5
SIM1
SIM2
SIM3
SIM4
1
21
22
SIM5
SIM1
SIM2
SIM3
SIM4
1
21
22
SIM5
SIM1
SIM2
SIM3
SIM4
1
21
22
SIM5
SIM1
SIM2
SIM3
SIM4
1
21
22
SIM5
SIM1
SIM2
DEBUG 1 761
SIM1
SIM2
SIM3
SIM4
1
21
22
SIM5
SIM1
SIM2
SIM3
SIM4
1
21
22
SIM5
SIM1
SIM2
SIM3
SIM4
1
21
22
SIM5
SIM1
SIM2
SIM3
SIM4
1
21
22
SIM5
SIM1
SIM2
SIM3
SIM4
1
21
22
SIM5
SIM1
SIM2
SIM3
SIM4
1
21
22
SIM5
SIM1
SIM2
SIM3
SIM4
1
21
22
SIM5
SIM1
SIM2
SIM3
SIM4
1
21
22
SIM5
SIM1
SIM2
SIM3
SIM4
1
21
22
SIM5
SIM1
SIM2
SIM3
SIM4
1
21
22
SIM5
SIM1
SIM2
SIM3
SIM4
1
21
22
SIM5
SIM1
SIM2
SIM3
SIM4
1
21
22
SIM5
SIM1
SIM2
SIM3
SIM4
1
21
22
SIM5
SIM1
SIM2
SIM3
SIM4
1
21
22
SIM5
SIM1
SIM2
SIM3
SIM4
1
21
22
SIM5
SIM1
SIM2
SIM3
SIM4
1
21
22
SIM5
SIM1
SIM2
SIM3
SIM4
1
21
22
SIM5
SIM1
SIM2
SIM3
SIM4
1
21
22
SIM5
SIM1
SIM2
SIM3
SIM4
1
21
22
SIM5
SIM1
SIM2
SIM3
SIM4
1
21
22
SIM5
SIM1
SIM2
SIM3
SIM4
1
21
22
SIM5
SIM1
SIM2
SIM3
SIM4
1
21
22
SIM5
SIM1
SIM2
SIM3
SIM4
1
21
22
SIM5
SIM1
SIM2
SIM3
SIM4
1
21
22
SIM5
SIM1
SIM2
SIM3
SIM4
1
21
22
SIM5
SIM1
SIM2
SIM3
SIM4
1
21
22
SIM5
SIM1
SIM2
SIM3
SIM4
1
21
22
SIM5
SIM1
SIM2
SIM3
SIM4
1
21
22
SIM5
SIM1
SIM2
SIM3
SIM4
1
21
22
SIM5
SIM1
SIM2
SIM3
SIM4
1
21
22
SIM5
SIM1
SIM2
SIM3
SIM4
1
21
22
SIM5
SIM1
SIM2
SIM3
SIM4
1
21
22
SIM5
SIM1
SIM2
SIM3
SIM4
1
21
22
SIM5
SIM1
SIM2
SIM3
SIM4
1
21
22
SIM5
SIM1
SIM2
SIM3
SIM4
1
21
22
SIM5
SIM1
SIM2
SIM3
SIM4
1
21
22
SIM5
SIM1
SIM2
SIM3
SIM4
1
21
22
SIM5
SIM1
SIM2
SIM3
SIM4
1
21
22
SIM5
SIM1
SIM2
SIM3
SIM4
1
21
22
SIM5
SIM1
SIM2
SIM3
SIM4
1
21
22
SIM5
SIM1
SIM2
SIM3
SIM4
1
21
22
SIM5
SIM1
SIM2
SIM3
SIM4
1
21
22
SIM5
SIM1
SIM2
SIM3
SIM4
1
21
22
SIM5
SIM1
SIM2
SIM3
SIM4
1
21
22
SIM5
SIM1
SIM2
SIM3
SIM4
1
21
22
SIM5
SIM1
SIM2
SIM3
SIM4
1
21
22
SIM5
SIM1
SIM2
SIM3
SIM4
1
21
22
SIM5
SIM1
SIM2
SIM3
SIM4
1
21
22
SIM5
SIM1
SIM2
SIM3
SIM4
1
21
22
SIM5
SIM1
SIM2
SIM3
SIM4
1
21
22
SIM5
SIM1
SIM2
SIM3
SIM4
1
21
22
SIM5
SIM1
SIM2
SIM3
SIM4
1
21
22
SIM5
SIM1
SIM2
SIM3
SIM4
1
21
22
SIM5
SIM1
SIM2
SIM3
SIM4
1
21
22
SIM5
SIM1
SIM2
SIM3
SIM4
1
21
22
SIM5
SIM1
SIM2
SIM3
SIM4
1
21
22
SIM5
SIM1
SIM2
SIM3
SIM4
1
21
22
SIM5
SIM1
SIM2
SIM3
SIM4
1
21
22
SIM5
SIM1
SIM2
SIM3
SIM4
1
21
22
SIM5
SIM1
SIM2
SIM3
SIM4
1
21
22
SIM5
SIM1
SIM2
SIM3
SIM4
1
21
22
SIM5
SIM1
SIM2
SIM3
SIM4
1
21
22
SIM5
SIM1
SIM2
SIM3
SIM4
1
21
22
SIM5
SIM1
SIM2
SIM3
SIM4
1
21
22
SIM5
SIM1
SIM2
SIM3
SIM4
1
21
22
SIM5
SIM1
SIM2
SIM3
SIM4
1
21
22
SIM5
SIM1
SIM2
SIM3
SIM4
1
21
22
SIM5
SIM1
SIM2
SIM3
SIM4
1
21
22
SIM5
SIM1
SIM2
SIM3
SIM4
1
21
22
SIM5
SIM1
SIM2
SIM3
SIM4
1
21
22
SIM5
SIM1
SIM2
SIM3
SIM4
1
21
22
SIM5
SIM1
SIM2
SIM3
SIM4
1
21
22
SIM5
SIM1
SIM2
SIM3
SIM4
1
21
22
SIM5
SIM1
SIM2
SIM3
SIM4
1
21
22
SIM5
SIM1
SIM2
SIM3
SIM4
1
21
22
SIM5
SIM1
SIM2
SIM3
SIM4
1
21
22
SIM5
SIM1
SIM2
SIM3
SIM4
1
21
22
SIM5
SIM1
SIM2
SIM3
SIM4
1
21
22
SIM5
SIM1
SIM2
SIM3
SIM4
1
21
22
SIM5
SIM1
SIM2
SIM3
SIM4
1
21
22
SIM5
SIM1
SIM2
SIM3
SIM4
1
21
22
SIM5
SIM1
SIM2
SIM3
SIM4
1
21
22
SIM5
SIM1
SIM2
SIM3
SIM4
1
21
22
SIM5
SIM1
SIM2
SIM3
SIM4
1
21
22
SIM5
SIM1
SIM2
SIM3
SIM4
1
21
22
SIM5
SIM1
SIM2
SIM3
SIM4
1
21
22
SIM5
SIM1
SIM2
SIM3
SIM4
1
21
22
SIM5
SIM1
SIM2
SIM3
SIM4
1
21
22
SIM5
SIM1
SIM2
SIM3
SIM4
1
21
22
SIM5
SIM1
SIM2
SIM3
SIM4
1
21
22
SIM5
SIM1
SIM2
SIM3
SIM4
1
21
22
SIM5
SIM1
SIM2
SIM3
SIM4
1
21
22
SIM5
SIM1
SIM2
SIM3
SIM4
1
21
22
SIM5
SIM1
SIM2
SIM3
SIM4
1
21
22
SIM5
SIM1
SIM2
SIM3
SIM4
1
21
22
SIM5
SIM1
SIM2
SIM3
SIM4
1
21
22
SIM5
SIM1
SIM2
SIM3
SIM4
1
21
22
SIM5
SIM1
SIM2
SIM3
SIM4
1
21
22
SIM5
SIM1
SIM2
SIM3
SIM4
1
21
22
SIM5
SIM1
SIM2
SIM3
SIM4
1
21
22
SIM5
SIM1
SIM2
SIM3
SIM4
1
21
22
SIM5
SIM1
SIM2
SIM3
SIM4
1
21
22
SIM5
SIM1
SIM2
SIM3
SIM4
1
21
22
SIM5
SIM1
SIM2
SIM3
SIM4
1
21
22
SIM5
SIM1
SIM2
SIM3
SIM4
1
21
22
SIM5
SIM1
SIM2
SIM3
SIM4
1
21
22
SIM5
SIM1
SIM2
SIM3
SIM4
1
21
22
SIM5
SIM1
SIM2
SIM3
SIM4
1
21
22
SIM5
SIM1
SIM2
SIM3
SIM4
1
21
22
SIM5
SIM1
SIM2
SIM3
SIM4
1
21
22
SIM5
SIM1
SIM2
SIM3
SIM4
1
21
22
SIM5
SIM1
SIM2
SIM3
SIM4
1
21
22
SIM5
SIM1
SIM2
SIM3
SIM4
1
21
22
SIM5
SIM1
SIM2
SIM3
SIM4
1
21
22
SIM5
SIM1
SIM2
SIM3
SIM4
1
21
22
SIM5
SIM1
SIM2
SIM3
SIM4
1
21
22
SIM5
SIM1
SIM2
SIM3
SIM4
1
21
22
SIM5
SIM1
SIM2
SIM3
SIM4
1
21
22
SIM5
SIM1
SIM2
SIM3
SIM4
1
21
22
SIM5
SIM1
SIM2
SIM3
SIM4
1
21
22
SIM5
SIM1
SIM2
SIM3
SIM4
1
21
22
SIM5
SIM1
SIM2
SIM3
SIM4
1
21
22
SIM5
SIM1
SIM2
SIM3
SIM4
1
21
22
SIM5
SIM1
SIM2
SIM3
SIM4
1
21
22
SIM5
SIM1
SIM2
SIM3
SIM4
1
21
22
SIM5
SIM1
SIM2
SIM3
SIM4
1
21
22
SIM5
SIM1
SIM2
SIM3
SIM4
1
21
22
SIM5
SIM1
SIM2
SIM3
SIM4
1
21
22
SIM5
SIM1
SIM2
SIM3
SIM4
1
21
22
SIM5
SIM1
SIM2
SIM3
SIM4
1
21
22
SIM5
SIM1
SIM2
SIM3
SIM4
1
21
22
SIM5
SIM1
SIM2
SIM3
SIM4
1
21
22
SIM5
SIM1
SIM2
SIM3
SIM4
1
21
22
SIM5
SIM1
SIM2
SIM3
SIM4
1
21
22
SIM5
SIM1
SIM2
SIM3
SIM4
1
21
22
SIM5
SIM1
SIM2
SIM3
SIM4
1
21
22
SIM5
SIM1
SIM2
SIM3
SIM4
1
21
22
SIM5
SIM1
SIM2
SIM3
SIM4
1
21
22
SIM5
SIM1
SIM2
SIM3
SIM4
1
21
22
SIM5
SIM1
SIM2
SIM3
SIM4
1
21
22
SIM5
SIM1
SIM2
SIM3
SIM4
1
21
22
SIM5
SIM1
SIM2
SIM3
SIM4
1
21
22
SIM5
SIM1
SIM2
SIM3
SIM4
1
21
22
SIM5
SIM1
SIM2
SIM3
SIM4
1
21
22
SIM5
SIM1
SIM2
SIM3
SIM4
1
21
22
SIM5
SIM1
SIM2
DEBUG 1 762
SIM1
SIM2
SIM3
SIM4
1
21
22
SIM5
SIM1
SIM2
SIM3
SIM4
1
21
22
SIM5
SIM1
SIM2
SIM3
SIM4
1
21
22
SIM5
SIM1
SIM2
SIM3
SIM4
1
21
22
SIM5
SIM1
SIM2
SIM3
SIM4
1
21
22
SIM5
SIM1
SIM2
SIM3
SIM4
1
21
22
SIM5
SIM1
SIM2
SIM3
SIM4
1
21
22
SIM5
SIM1
SIM2
SIM3
SIM4
1
21
22
SIM5
SIM1
SIM2
SIM3
SIM4
1
21
22
SIM5
SIM1
SIM2
SIM3
SIM4
1
21
22
SIM5
SIM1
SIM2
SIM3
SIM4
1
21
22
SIM5
SIM1
SIM2
SIM3
SIM4
1
21
22
SIM5
SIM1
SIM2
SIM3
SIM4
1
21
22
SIM5
SIM1
SIM2
SIM3
SIM4
1
21
22
SIM5
SIM1
SIM2
SIM3
SIM4
1
21
22
SIM5
SIM1
SIM2
SIM3
SIM4
1
21
22
SIM5
SIM1
SIM2
SIM3
SIM4
1
21
22
SIM5
SIM1
SIM2
SIM3
SIM4
1
21
22
SIM5
SIM1
SIM2
SIM3
SIM4
1
21
22
SIM5
SIM1
SIM2
SIM3
SIM4
1
21
22
SIM5
SIM1
SIM2
SIM3
SIM4
1
21
22
SIM5
SIM1
SIM2
SIM3
SIM4
1
21
22
SIM5
SIM1
SIM2
SIM3
SIM4
1
21
22
SIM5
SIM1
SIM2
SIM3
SIM4
1
21
22
SIM5
SIM1
SIM2
SIM3
SIM4
1
21
22
SIM5
SIM1
SIM2
SIM3
SIM4
1
21
22
SIM5
SIM1
SIM2
SIM3
SIM4
1
21
22
SIM5
SIM1
SIM2
SIM3
SIM4
1
21
22
SIM5
SIM1
SIM2
SIM3
SIM4
1
21
22
SIM5
SIM1
SIM2
SIM3
SIM4
1
21
22
SIM5
SIM1
SIM2
SIM3
SIM4
1
21
22
SIM5
SIM1
SIM2
SIM3
SIM4
1
21
22
SIM5
SIM1
SIM2
SIM3
SIM4
1
21
22
SIM5
SIM1
SIM2
SIM3
SIM4
1
21
22
SIM5
SIM1
SIM2
SIM3
SIM4
1
21
22
SIM5
SIM1
SIM2
SIM3
SIM4
1
21
22
SIM5
SIM1
SIM2
SIM3
SIM4
1
21
22
SIM5
SIM1
SIM2
SIM3
SIM4
1
21
22
SIM5
SIM1
SIM2
SIM3
SIM4
1
21
22
SIM5
SIM1
SIM2
SIM3
SIM4
1
21
22
SIM5
SIM1
SIM2
SIM3
SIM4
1
21
22
SIM5
SIM1
SIM2
SIM3
SIM4
1
21
22
SIM5
SIM1
SIM2
SIM3
SIM4
1
21
22
SIM5
SIM1
SIM2
SIM3
SIM4
1
21
22
SIM5
SIM1
SIM2
SIM3
SIM4
1
21
22
SIM5
SIM1
SIM2
SIM3
SIM4
1
21
22
SIM5
SIM1
SIM2
SIM3
SIM4
1
21
22
SIM5
SIM1
SIM2
SIM3
SIM4
1
21
22
SIM5
SIM1
SIM2
SIM3
SIM4
1
21
22
SIM5
SIM1
SIM2
SIM3
SIM4
1
21
22
SIM5
SIM1
SIM2
SIM3
SIM4
1
21
22
SIM5
SIM1
SIM2
SIM3
SIM4
1
21
22
SIM5
SIM1
SIM2
SIM3
SIM4
1
21
22
SIM5
SIM1
SIM2
SIM3
SIM4
1
21
22
SIM5
SIM1
SIM2
SIM3
SIM4
1
21
22
SIM5
SIM1
SIM2
SIM3
SIM4
1
21
22
SIM5
SIM1
SIM2
SIM3
SIM4
1
21
22
SIM5
SIM1
SIM2
SIM3
SIM4
1
21
22
SIM5
SIM1
SIM2
SIM3
SIM4
1
21
22
SIM5
SIM1
SIM2
SIM3
SIM4
1
21
22
SIM5
SIM1
SIM2
SIM3
SIM4
1
21
22
SIM5
SIM1
SIM2
SIM3
SIM4
1
21
22
SIM5
SIM1
SIM2
SIM3
SIM4
1
21
22
SIM5
SIM1
SIM2
SIM3
SIM4
1
21
22
SIM5
SIM1
SIM2
SIM3
SIM4
1
21
22
SIM5
SIM1
SIM2
SIM3
SIM4
1
21
22
SIM5
SIM1
SIM2
SIM3
SIM4
1
21
22
SIM5
SIM1
SIM2
SIM3
SIM4
1
21
22
SIM5
SIM1
SIM2
SIM3
SIM4
1
21
22
SIM5
SIM1
SIM2
SIM3
SIM4
1
21
22
SIM5
SIM1
SIM2
SIM3
SIM4
1
21
22
SIM5
SIM1
SIM2
SIM3
SIM4
1
21
22
SIM5
SIM1
SIM2
SIM3
SIM4
1
21
22
SIM5
SIM1
SIM2
SIM3
SIM4
1
21
22
SIM5
SIM1
SIM2
SIM3
SIM4
1
21
22
SIM5
SIM1
SIM2
SIM3
SIM4
1
21
22
SIM5
SIM1
SIM2
SIM3
SIM4
1
21
22
SIM5
SIM1
SIM2
SIM3
SIM4
1
21
22
SIM5
SIM1
SIM2
SIM3
SIM4
1
21
22
SIM5
SIM1
SIM2
SIM3
SIM4
1
21
22
SIM5
SIM1
SIM2
SIM3
SIM4
1
21
22
SIM5
SIM1
SIM2
SIM3
SIM4
1
21
22
SIM5
SIM1
SIM2
SIM3
SIM4
1
21
22
SIM5
SIM1
SIM2
SIM3
SIM4
1
21
22
SIM5
SIM1
SIM2
SIM3
SIM4
1
21
22
SIM5
SIM1
SIM2
SIM3
SIM4
1
21
22
SIM5
SIM1
SIM2
SIM3
SIM4
1
21
22
SIM5
SIM1
SIM2
SIM3
SIM4
1
21
22
SIM5
SIM1
SIM2
SIM3
SIM4
1
21
22
SIM5
SIM1
SIM2
SIM3
SIM4
1
21
22
SIM5
SIM1
SIM2
SIM3
SIM4
1
21
22
SIM5
SIM1
SIM2
SIM3
SIM4
1
21
22
SIM5
SIM1
SIM2
SIM3
SIM4
1
21
22
SIM5
SIM1
SIM2
SIM3
SIM4
1
21
22
SIM5
SIM1
SIM2
SIM3
SIM4
1
21
22
SIM5
SIM1
SIM2
SIM3
SIM4
1
21
22
SIM5
SIM1
SIM2
SIM3
SIM4
1
21
22
SIM5
SIM1
SIM2
SIM3
SIM4
1
21
22
SIM5
SIM1
SIM2
SIM3
SIM4
1
21
22
SIM5
SIM1
SIM2
SIM3
SIM4
1
21
22
SIM5
SIM1
SIM2
SIM3
SIM4
1
21
22
SIM5
SIM1
SIM2
SIM3
SIM4
1
21
22
SIM5
SIM1
SIM2
SIM3
SIM4
1
21
22
SIM5
SIM1
SIM2
SIM3
SIM4
1
21
22
SIM5
SIM1
SIM2
SIM3
SIM4
1
21
22
SIM5
SIM1
SIM2
SIM3
SIM4
1
21
22
SIM5
SIM1
SIM2
SIM3
SIM4
1
21
22
SIM5
SIM1
SIM2
SIM3
SIM4
1
21
22
SIM5
SIM1
SIM2
SIM3
SIM4
1
21
22
SIM5
SIM1
SIM2
SIM3
SIM4
1
21
22
SIM5
SIM1
SIM2
SIM3
SIM4
1
21
22
SIM5
SIM1
SIM2
SIM3
SIM4
1
21
22
SIM5
SIM1
SIM2
SIM3
SIM4
1
21
22
SIM5
SIM1
SIM2
SIM3
SIM4
1
21
22
SIM5
SIM1
SIM2
SIM3
SIM4
1
21
22
SIM5
SIM1
SIM2
SIM3
SIM4
1
21
22
SIM5
SIM1
SIM2
SIM3
SIM4
1
21
22
SIM5
SIM1
SIM2
SIM3
SIM4
1
21
22
SIM5
SIM1
SIM2
SIM3
SIM4
1
21
22
SIM5
SIM1
SIM2
SIM3
SIM4
1
21
22
SIM5
SIM1
SIM2
SIM3
SIM4
1
21
22
SIM5
SIM1
SIM2
SIM3
SIM4
1
21
22
SIM5
SIM1
SIM2
SIM3
SIM4
1
21
22
SIM5
SIM1
SIM2
SIM3
SIM4
1
21
22
SIM5
SIM1
SIM2
SIM3
SIM4
1
21
22
SIM5
SIM1
SIM2
SIM3
SIM4
1
21
22
SIM5
SIM1
SIM2
SIM3
SIM4
1
21
22
SIM5
SIM1
SIM2
SIM3
SIM4
1
21
22
SIM5
SIM1
SIM2
SIM3
SIM4
1
21
22
SIM5
SIM1
SIM2
SIM3
SIM4
1
21
22
SIM5
SIM1
SIM2
SIM3
SIM4
1
21
22
SIM5
SIM1
SIM2
SIM3
SIM4
1
21
22
SIM5
SIM1
SIM2
SIM3
SIM4
1
21
22
SIM5
SIM1
SIM2
SIM3
SIM4
1
21
22
SIM5
SIM1
SIM2
SIM3
SIM4
1
21
22
SIM5
SIM1
SIM2
SIM3
SIM4
1
21
22
SIM5
SIM1
SIM2
SIM3
SIM4
1
21
22
SIM5
SIM1
SIM2
SIM3
SIM4
1
21
22
SIM5
SIM1
SIM2
SIM3
SIM4
1
21
22
SIM5
SIM1
SIM2
SIM3
SIM4
1
21
22
SIM5
SIM1
SIM2
SIM3
SIM4
1
21
22
SIM5
SIM1
SIM2
SIM3
SIM4
1
21
22
SIM5
SIM1
SIM2
SIM3
SIM4
1
21
22
SIM5
SIM1
SIM2
SIM3
SIM4
1
21
22
SIM5
SIM1
SIM2
SIM3
SIM4
1
21
22
SIM5
SIM1
SIM2
SIM3
SIM4
1
21
22
SIM5
SIM1
SIM2
SIM3
SIM4
1
21
22
SIM5
SIM1
SIM2
SIM3
SIM4
1
21
22
SIM5
SIM1
SIM2
SIM3
SIM4
1
21
22
SIM5
SIM1
SIM2
SIM3
SIM4
1
21
22
SIM5
SIM1
SIM2
SIM3
SIM4
1
21
22
SIM5
SIM1
SIM2
SIM3
SIM4
1
21
22
SIM5
SIM1
SIM2
SIM3
SIM4
1
21
22
SIM5
SIM1
SIM2
SIM3
SIM4
1
21
22
SIM5
SIM1
SIM2
SIM3
SIM4
1
21
22
SIM5
SIM1
SIM2
SIM3
SIM4
1
21
22
SIM5
SIM1
SIM2
SIM3
SIM4
1
21
22
SIM5
SIM1
SIM2
SIM3
SIM4
1
21
22
SIM5
SIM1
SIM2
SIM3
SIM4
1
21
22
SIM5
SIM1
SIM2
SIM3
SIM4
1
21
22
SIM5
SIM1
SIM2
SIM3
SIM4
1
21
22
SIM5
SIM1
SIM2
SIM3
SIM4
1
21
22
SIM5
SIM1
SIM2
SIM3
SIM4
1
21
22
SIM5
SIM1
SIM2
SIM3
SIM4
1
21
22
SIM5
SIM1
SIM2
SIM3
SIM4
1
21
22
SIM5
SIM1
SIM2
SIM3
SIM4
1
21
22
SIM5
SIM1
SIM2
SIM3
SIM4
1
21
22
SIM5
SIM1
SIM2
SIM3
SIM4
1
21
22
SIM5
SIM1
SIM2
SIM3
SIM4
1
21
22
SIM5
SIM1
SIM2
SIM3
SIM4
1
21
22
SIM5
SIM1
SIM2
SIM3
SIM4
1
21
22
SIM5
SIM1
SIM2
SIM3
SIM4
1
21
22
SIM5
SIM1
SIM2
SIM3
SIM4
1
21
22
SIM5
SIM1
SIM2
SIM3
SIM4
1
21
22
SIM5
SIM1
SIM2
SIM3
SIM4
1
21
22
SIM5
SIM1
SIM2
SIM3
SIM4
1
21
22
SIM5
SIM1
SIM2
SIM3
SIM4
1
21
22
SIM5
SIM1
SIM2
SIM3
SIM4
1
21
22
SIM5
SIM1
SIM2
SIM3
SIM4
1
21
22
SIM5
SIM1
SIM2
SIM3
SIM4
1
21
22
SIM5
SIM1
SIM2
SIM3
SIM4
1
21
22
SIM5
SIM1
SIM2
SIM3
SIM4
1
21
22
SIM5
SIM1
SIM2
SIM3
SIM4
1
21
22
SIM5
SIM1
SIM2
SIM3
SIM4
1
21
22
SIM5
SIM1
SIM2
SIM3
SIM4
1
21
22
SIM5
SIM1
SIM2
SIM3
SIM4
1
21
22
SIM5
SIM1
SIM2
DEBUG 1 763
SIM1
SIM2
SIM3
SIM4
1
21
22
SIM5
SIM1
SIM2
SIM3
SIM4
1
21
22
SIM5
SIM1
SIM2
SIM3
SIM4
1
21
22
SIM5
SIM1
SIM2
SIM3
SIM4
1
21
22
SIM5
SIM1
SIM2
SIM3
SIM4
1
21
22
SIM5
SIM1
SIM2
SIM3
SIM4
1
21
22
SIM5
SIM1
SIM2
SIM3
SIM4
1
21
22
SIM5
SIM1
SIM2
SIM3
SIM4
1
21
22
SIM5
SIM1
SIM2
SIM3
SIM4
1
21
22
SIM5
SIM1
SIM2
SIM3
SIM4
1
21
22
SIM5
SIM1
SIM2
SIM3
SIM4
1
21
22
SIM5
SIM1
SIM2
SIM3
SIM4
1
21
22
SIM5
SIM1
SIM2
SIM3
SIM4
1
21
22
SIM5
SIM1
SIM2
SIM3
SIM4
1
21
22
SIM5
SIM1
SIM2
SIM3
SIM4
1
21
22
SIM5
SIM1
SIM2
SIM3
SIM4
1
21
22
SIM5
SIM1
SIM2
SIM3
SIM4
1
21
22
SIM5
SIM1
SIM2
SIM3
SIM4
1
21
22
SIM5
SIM1
SIM2
SIM3
SIM4
1
21
22
SIM5
SIM1
SIM2
SIM3
SIM4
1
21
22
SIM5
SIM1
SIM2
SIM3
SIM4
1
21
22
SIM5
SIM1
SIM2
SIM3
SIM4
1
21
22
SIM5
SIM1
SIM2
SIM3
SIM4
1
21
22
SIM5
SIM1
SIM2
SIM3
SIM4
1
21
22
SIM5
SIM1
SIM2
SIM3
SIM4
1
21
22
SIM5
SIM1
SIM2
SIM3
SIM4
1
21
22
SIM5
SIM1
SIM2
SIM3
SIM4
1
21
22
SIM5
SIM1
SIM2
SIM3
SIM4
1
21
22
SIM5
SIM1
SIM2
SIM3
SIM4
1
21
22
SIM5
SIM1
SIM2
SIM3
SIM4
1
21
22
SIM5
SIM1
SIM2
SIM3
SIM4
1
21
22
SIM5
SIM1
SIM2
SIM3
SIM4
1
21
22
SIM5
SIM1
SIM2
SIM3
SIM4
1
21
22
SIM5
SIM1
SIM2
SIM3
SIM4
1
21
22
SIM5
SIM1
SIM2
SIM3
SIM4
1
21
22
SIM5
SIM1
SIM2
SIM3
SIM4
1
21
22
SIM5
SIM1
SIM2
SIM3
SIM4
1
21
22
SIM5
SIM1
SIM2
SIM3
SIM4
1
21
22
SIM5
SIM1
SIM2
SIM3
SIM4
1
21
22
SIM5
SIM1
SIM2
SIM3
SIM4
1
21
22
SIM5
SIM1
SIM2
SIM3
SIM4
1
21
22
SIM5
SIM1
SIM2
SIM3
SIM4
1
21
22
SIM5
SIM1
SIM2
SIM3
SIM4
1
21
22
SIM5
SIM1
SIM2
SIM3
SIM4
1
21
22
SIM5
SIM1
SIM2
SIM3
SIM4
1
21
22
SIM5
SIM1
SIM2
SIM3
SIM4
1
21
22
SIM5
SIM1
SIM2
SIM3
SIM4
1
21
22
SIM5
SIM1
SIM2
SIM3
SIM4
1
21
22
SIM5
SIM1
SIM2
SIM3
SIM4
1
21
22
SIM5
SIM1
SIM2
SIM3
SIM4
1
21
22
SIM5
SIM1
SIM2
SIM3
SIM4
1
21
22
SIM5
SIM1
SIM2
SIM3
SIM4
1
21
22
SIM5
SIM1
SIM2
SIM3
SIM4
1
21
22
SIM5
SIM1
SIM2
SIM3
SIM4
1
21
22
SIM5
SIM1
SIM2
SIM3
SIM4
1
21
22
SIM5
SIM1
SIM2
SIM3
SIM4
1
21
22
SIM5
SIM1
SIM2
SIM3
SIM4
1
21
22
SIM5
SIM1
SIM2
SIM3
SIM4
1
21
22
SIM5
SIM1
SIM2
SIM3
SIM4
1
21
22
SIM5
SIM1
SIM2
SIM3
SIM4
1
21
22
SIM5
SIM1
SIM2
SIM3
SIM4
1
21
22
SIM5
SIM1
SIM2
SIM3
SIM4
1
21
22
SIM5
SIM1
SIM2
SIM3
SIM4
1
21
22
SIM5
SIM1
SIM2
SIM3
SIM4
1
21
22
SIM5
SIM1
SIM2
SIM3
SIM4
1
21
22
SIM5
SIM1
SIM2
SIM3
SIM4
1
21
22
SIM5
SIM1
SIM2
SIM3
SIM4
1
21
22
SIM5
SIM1
SIM2
SIM3
SIM4
1
21
22
SIM5
SIM1
SIM2
SIM3
SIM4
1
21
22
SIM5
SIM1
SIM2
SIM3
SIM4
1
21
22
SIM5
SIM1
SIM2
SIM3
SIM4
1
21
22
SIM5
SIM1
SIM2
SIM3
SIM4
1
21
22
SIM5
SIM1
SIM2
SIM3
SIM4
1
21
22
SIM5
SIM1
SIM2
SIM3
SIM4
1
21
22
SIM5
SIM1
SIM2
SIM3
SIM4
1
21
22
SIM5
SIM1
SIM2
SIM3
SIM4
1
21
22
SIM5
SIM1
SIM2
SIM3
SIM4
1
21
22
SIM5
SIM1
SIM2
SIM3
SIM4
1
21
22
SIM5
SIM1
SIM2
SIM3
SIM4
1
21
22
SIM5
SIM1
SIM2
SIM3
SIM4
1
21
22
SIM5
SIM1
SIM2
SIM3
SIM4
1
21
22
SIM5
SIM1
SIM2
SIM3
SIM4
1
21
22
SIM5
SIM1
SIM2
SIM3
SIM4
1
21
22
SIM5
SIM1
SIM2
SIM3
SIM4
1
21
22
SIM5
SIM1
SIM2
SIM3
SIM4
1
21
22
SIM5
SIM1
SIM2
SIM3
SIM4
1
21
22
SIM5
SIM1
SIM2
SIM3
SIM4
1
21
22
SIM5
SIM1
SIM2
SIM3
SIM4
1
21
22
SIM5
SIM1
SIM2
SIM3
SIM4
1
21
22
SIM5
SIM1
SIM2
SIM3
SIM4
1
21
22
SIM5
SIM1
SIM2
SIM3
SIM4
1
21
22
SIM5
SIM1
SIM2
SIM3
SIM4
1
21
22
SIM5
SIM1
SIM2
SIM3
SIM4
1
21
22
SIM5
SIM1
SIM2
SIM3
SIM4
1
21
22
SIM5
SIM1
SIM2
SIM3
SIM4
1
21
22
SIM5
SIM1
SIM2
SIM3
SIM4
1
21
22
SIM5
SIM1
SIM2
SIM3
SIM4
1
21
22
SIM5
SIM1
SIM2
SIM3
SIM4
1
21
22
SIM5
SIM1
SIM2
SIM3
SIM4
1
21
22
SIM5
SIM1
SIM2
SIM3
SIM4
1
21
22
SIM5
SIM1
SIM2
SIM3
SIM4
1
21
22
SIM5
SIM1
SIM2
SIM3
SIM4
1
21
22
SIM5
SIM1
SIM2
SIM3
SIM4
1
21
22
SIM5
SIM1
SIM2
SIM3
SIM4
1
21
22
SIM5
SIM1
SIM2
SIM3
SIM4
1
21
22
SIM5
SIM1
SIM2
SIM3
SIM4
1
21
22
SIM5
SIM1
SIM2
SIM3
SIM4
1
21
22
SIM5
SIM1
SIM2
SIM3
SIM4
1
21
22
SIM5
SIM1
SIM2
SIM3
SIM4
1
21
22
SIM5
SIM1
SIM2
SIM3
SIM4
1
21
22
SIM5
SIM1
SIM2
SIM3
SIM4
1
21
22
SIM5
SIM1
SIM2
SIM3
SIM4
1
21
22
SIM5
SIM1
SIM2
SIM3
SIM4
1
21
22
SIM5
SIM1
SIM2
SIM3
SIM4
1
21
22
SIM5
SIM1
SIM2
SIM3
SIM4
1
21
22
SIM5
SIM1
SIM2
SIM3
SIM4
1
21
22
SIM5
SIM1
SIM2
SIM3
SIM4
1
21
22
SIM5
SIM1
SIM2
SIM3
SIM4
1
21
22
SIM5
SIM1
SIM2
SIM3
SIM4
1
21
22
SIM5
SIM1
SIM2
SIM3
SIM4
1
21
22
SIM5
SIM1
SIM2
SIM3
SIM4
1
21
22
SIM5
SIM1
SIM2
DEBUG 1 764
SIM1
SIM2
SIM3
SIM4
1
21
22
SIM5
SIM1
SIM2
SIM3
SIM4
1
21
22
SIM5
SIM1
SIM2
SIM3
SIM4
1
21
22
SIM5
SIM1
SIM2
SIM3
SIM4
1
21
22
SIM5
SIM1
SIM2
SIM3
SIM4
1
21
22
SIM5
SIM1
SIM2
SIM3
SIM4
1
21
22
SIM5
SIM1
SIM2
SIM3
SIM4
1
21
22
SIM5
SIM1
SIM2
SIM3
SIM4
1
21
22
SIM5
SIM1
SIM2
SIM3
SIM4
1
21
22
SIM5
SIM1
SIM2
SIM3
SIM4
1
21
22
SIM5
SIM1
SIM2
SIM3
SIM4
1
21
22
SIM5
SIM1
SIM2
SIM3
SIM4
1
21
22
SIM5
SIM1
SIM2
SIM3
SIM4
1
21
22
SIM5
SIM1
SIM2
SIM3
SIM4
1
21
22
SIM5
SIM1
SIM2
SIM3
SIM4
1
21
22
SIM5
SIM1
SIM2
SIM3
SIM4
1
21
22
SIM5
SIM1
SIM2
SIM3
SIM4
1
21
22
SIM5
SIM1
SIM2
SIM3
SIM4
1
21
22
SIM5
SIM1
SIM2
SIM3
SIM4
1
21
22
SIM5
SIM1
SIM2
SIM3
SIM4
1
21
22
SIM5
SIM1
SIM2
SIM3
SIM4
1
21
22
SIM5
SIM1
SIM2
SIM3
SIM4
1
21
22
SIM5
SIM1
SIM2
SIM3
SIM4
1
21
22
SIM5
SIM1
SIM2
SIM3
SIM4
1
21
22
SIM5
SIM1
SIM2
SIM3
SIM4
1
21
22
SIM5
SIM1
SIM2
SIM3
SIM4
1
21
22
SIM5
SIM1
SIM2
SIM3
SIM4
1
21
22
SIM5
SIM1
SIM2
SIM3
SIM4
1
21
22
SIM5
SIM1
SIM2
SIM3
SIM4
1
21
22
SIM5
SIM1
SIM2
SIM3
SIM4
1
21
22
SIM5
SIM1
SIM2
SIM3
SIM4
1
21
22
SIM5
SIM1
SIM2
SIM3
SIM4
1
21
22
SIM5
SIM1
SIM2
SIM3
SIM4
1
21
22
SIM5
SIM1
SIM2
SIM3
SIM4
1
21
22
SIM5
SIM1
SIM2
SIM3
SIM4
1
21
22
SIM5
SIM1
SIM2
SIM3
SIM4
1
21
22
SIM5
SIM1
SIM2
SIM3
SIM4
1
21
22
SIM5
SIM1
SIM2
SIM3
SIM4
1
21
22
SIM5
SIM1
SIM2
SIM3
SIM4
1
21
22
SIM5
SIM1
SIM2
SIM3
SIM4
1
21
22
SIM5
SIM1
SIM2
SIM3
SIM4
1
21
22
SIM5
SIM1
SIM2
SIM3
SIM4
1
21
22
SIM5
SIM1
SIM2
SIM3
SIM4
1
21
22
SIM5
SIM1
SIM2
SIM3
SIM4
1
21
22
SIM5
SIM1
SIM2
SIM3
SIM4
1
21
22
SIM5
SIM1
SIM2
SIM3
SIM4
1
21
22
SIM5
SIM1
SIM2
SIM3
SIM4
1
21
22
SIM5
SIM1
SIM2
SIM3
SIM4
1
21
22
SIM5
SIM1
SIM2
SIM3
SIM4
1
21
22
SIM5
SIM1
SIM2
SIM3
SIM4
1
21
22
SIM5
SIM1
SIM2
SIM3
SIM4
1
21
22
SIM5
SIM1
SIM2
SIM3
SIM4
1
21
22
SIM5
SIM1
SIM2
SIM3
SIM4
1
21
22
SIM5
SIM1
SIM2
SIM3
SIM4
1
21
22
SIM5
SIM1
SIM2
SIM3
SIM4
1
21
22
SIM5
SIM1
SIM2
SIM3
SIM4
1
21
22
SIM5
SIM1
SIM2
SIM3
SIM4
1
21
22
SIM5
SIM1
SIM2
SIM3
SIM4
1
21
22
SIM5
SIM1
SIM2
SIM3
SIM4
1
21
22
SIM5
SIM1
SIM2
SIM3
SIM4
1
21
22
SIM5
SIM1
SIM2
SIM3
SIM4
1
21
22
SIM5
SIM1
SIM2
SIM3
SIM4
1
21
22
SIM5
SIM1
SIM2
SIM3
SIM4
1
21
22
SIM5
SIM1
SIM2
SIM3
SIM4
1
21
22
SIM5
SIM1
SIM2
SIM3
SIM4
1
21
22
SIM5
SIM1
SIM2
SIM3
SIM4
1
21
22
SIM5
SIM1
SIM2
SIM3
SIM4
1
21
22
SIM5
SIM1
SIM2
SIM3
SIM4
1
21
22
SIM5
SIM1
SIM2
SIM3
SIM4
1
21
22
SIM5
SIM1
SIM2
SIM3
SIM4
1
21
22
SIM5
SIM1
SIM2
SIM3
SIM4
1
21
22
SIM5
SIM1
SIM2
SIM3
SIM4
1
21
22
SIM5
SIM1
SIM2
SIM3
SIM4
1
21
22
SIM5
SIM1
SIM2
SIM3
SIM4
1
21
22
SIM5
SIM1
SIM2
SIM3
SIM4
1
21
22
SIM5
SIM1
SIM2
SIM3
SIM4
1
21
22
SIM5
SIM1
SIM2
SIM3
SIM4
1
21
22
SIM5
SIM1
SIM2
SIM3
SIM4
1
21
22
SIM5
SIM1
SIM2
SIM3
SIM4
1
21
22
SIM5
SIM1
SIM2
SIM3
SIM4
1
21
22
SIM5
SIM1
SIM2
SIM3
SIM4
1
21
22
SIM5
SIM1
SIM2
SIM3
SIM4
1
21
22
SIM5
SIM1
SIM2
SIM3
SIM4
1
21
22
SIM5
SIM1
SIM2
SIM3
SIM4
1
21
22
SIM5
SIM1
SIM2
SIM3
SIM4
1
21
22
SIM5
SIM1
SIM2
SIM3
SIM4
1
21
22
SIM5
SIM1
SIM2
SIM3
SIM4
1
21
22
SIM5
SIM1
SIM2
SIM3
SIM4
1
21
22
SIM5
SIM1
SIM2
SIM3
SIM4
1
21
22
SIM5
SIM1
SIM2
SIM3
SIM4
1
21
22
SIM5
SIM1
SIM2
SIM3
SIM4
1
21
22
SIM5
SIM1
SIM2
SIM3
SIM4
1
21
22
SIM5
SIM1
SIM2
SIM3
SIM4
1
21
22
SIM5
SIM1
SIM2
SIM3
SIM4
1
21
22
SIM5
SIM1
SIM2
SIM3
SIM4
1
21
22
SIM5
SIM1
SIM2
SIM3
SIM4
1
21
22
SIM5
SIM1
SIM2
SIM3
SIM4
1
21
22
SIM5
SIM1
SIM2
SIM3
SIM4
1
21
22
SIM5
SIM1
SIM2
SIM3
SIM4
1
21
22
SIM5
SIM1
SIM2
SIM3
SIM4
1
21
22
SIM5
SIM1
SIM2
SIM3
SIM4
1
21
22
SIM5
SIM1
SIM2
SIM3
SIM4
1
21
22
SIM5
SIM1
SIM2
SIM3
SIM4
1
21
22
SIM5
SIM1
SIM2
SIM3
SIM4
1
21
22
SIM5
SIM1
SIM2
SIM3
SIM4
1
21
22
SIM5
SIM1
SIM2
SIM3
SIM4
1
21
22
SIM5
SIM1
SIM2
SIM3
SIM4
1
21
22
SIM5
SIM1
SIM2
SIM3
SIM4
1
21
22
SIM5
SIM1
SIM2
SIM3
SIM4
1
21
22
SIM5
SIM1
SIM2
SIM3
SIM4
1
21
22
SIM5
SIM1
SIM2
SIM3
SIM4
1
21
22
SIM5
SIM1
SIM2
SIM3
SIM4
1
21
22
SIM5
SIM1
SIM2
SIM3
SIM4
1
21
22
SIM5
SIM1
SIM2
SIM3
SIM4
1
21
22
SIM5
SIM1
SIM2
SIM3
SIM4
1
21
22
SIM5
SIM1
SIM2
SIM3
SIM4
1
21
22
SIM5
SIM1
SIM2
SIM3
SIM4
1
21
22
SIM5
SIM1
SIM2
SIM3
SIM4
1
21
22
SIM5
SIM1
SIM2
SIM3
SIM4
1
21
22
SIM5
SIM1
SIM2
SIM3
SIM4
1
21
22
SIM5
SIM1
SIM2
SIM3
SIM4
1
21
22
SIM5
SIM1
SIM2
SIM3
SIM4
1
21
22
SIM5
SIM1
SIM2
SIM3
SIM4
1
21
22
SIM5
SIM1
SIM2
SIM3
SIM4
1
21
22
SIM5
SIM1
SIM2
SIM3
SIM4
1
21
22
SIM5
SIM1
SIM2
SIM3
SIM4
1
21
22
SIM5
SIM1
SIM2
SIM3
SIM4
1
21
22
SIM5
SIM1
SIM2
SIM3
SIM4
1
21
22
SIM5
SIM1
SIM2
SIM3
SIM4
1
21
22
SIM5
SIM1
SIM2
SIM3
SIM4
1
21
22
SIM5
SIM1
SIM2
SIM3
SIM4
1
21
22
SIM5
SIM1
SIM2
SIM3
SIM4
1
21
22
SIM5
SIM1
SIM2
SIM3
SIM4
1
21
22
SIM5
SIM1
SIM2
SIM3
SIM4
1
21
22
SIM5
SIM1
SIM2
SIM3
SIM4
1
21
22
SIM5
SIM1
SIM2
SIM3
SIM4
1
21
22
SIM5
SIM1
SIM2
SIM3
SIM4
1
21
22
SIM5
SIM1
SIM2
SIM3
SIM4
1
21
22
SIM5
SIM1
SIM2
SIM3
SIM4
1
21
22
SIM5
SIM1
SIM2
SIM3
SIM4
1
21
22
SIM5
SIM1
SIM2
SIM3
SIM4
1
21
22
SIM5
SIM1
SIM2
SIM3
SIM4
1
21
22
SIM5
SIM1
SIM2
SIM3
SIM4
1
21
22
SIM5
SIM1
SIM2
SIM3
SIM4
1
21
22
SIM5
SIM1
SIM2
SIM3
SIM4
1
21
22
SIM5
SIM1
SIM2
SIM3
SIM4
1
21
22
SIM5
SIM1
SIM2
SIM3
SIM4
1
21
22
SIM5
SIM1
SIM2
SIM3
SIM4
1
21
22
SIM5
SIM1
SIM2
SIM3
SIM4
1
21
22
SIM5
SIM1
SIM2
DEBUG 1 765
SIM1
SIM2
SIM3
SIM4
1
21
22
SIM5
SIM1
SIM2
SIM3
SIM4
1
21
22
SIM5
SIM1
SIM2
SIM3
SIM4
1
21
22
SIM5
SIM1
SIM2
SIM3
SIM4
1
21
22
SIM5
SIM1
SIM2
SIM3
SIM4
1
21
22
SIM5
SIM1
SIM2
SIM3
SIM4
1
21
22
SIM5
SIM1
SIM2
SIM3
SIM4
1
21
22
SIM5
SIM1
SIM2
SIM3
SIM4
1
21
22
SIM5
SIM1
SIM2
SIM3
SIM4
1
21
22
SIM5
SIM1
SIM2
SIM3
SIM4
1
21
22
SIM5
SIM1
SIM2
SIM3
SIM4
1
21
22
SIM5
SIM1
SIM2
SIM3
SIM4
1
21
22
SIM5
SIM1
SIM2
SIM3
SIM4
1
21
22
SIM5
SIM1
SIM2
SIM3
SIM4
1
21
22
SIM5
SIM1
SIM2
SIM3
SIM4
1
21
22
SIM5
SIM1
SIM2
SIM3
SIM4
1
21
22
SIM5
SIM1
SIM2
SIM3
SIM4
1
21
22
SIM5
SIM1
SIM2
SIM3
SIM4
1
21
22
SIM5
SIM1
SIM2
SIM3
SIM4
1
21
22
SIM5
SIM1
SIM2
SIM3
SIM4
1
21
22
SIM5
SIM1
SIM2
SIM3
SIM4
1
21
22
SIM5
SIM1
SIM2
SIM3
SIM4
1
21
22
SIM5
SIM1
SIM2
SIM3
SIM4
1
21
22
SIM5
SIM1
SIM2
SIM3
SIM4
1
21
22
SIM5
SIM1
SIM2
SIM3
SIM4
1
21
22
SIM5
SIM1
SIM2
SIM3
SIM4
1
21
22
SIM5
SIM1
SIM2
SIM3
SIM4
1
21
22
SIM5
SIM1
SIM2
SIM3
SIM4
1
21
22
SIM5
SIM1
SIM2
SIM3
SIM4
1
21
22
SIM5
SIM1
SIM2
SIM3
SIM4
1
21
22
SIM5
SIM1
SIM2
SIM3
SIM4
1
21
22
SIM5
SIM1
SIM2
SIM3
SIM4
1
21
22
SIM5
SIM1
SIM2
SIM3
SIM4
1
21
22
SIM5
SIM1
SIM2
SIM3
SIM4
1
21
22
SIM5
SIM1
SIM2
SIM3
SIM4
1
21
22
SIM5
SIM1
SIM2
SIM3
SIM4
1
21
22
SIM5
SIM1
SIM2
SIM3
SIM4
1
21
22
SIM5
SIM1
SIM2
SIM3
SIM4
1
21
22
SIM5
SIM1
SIM2
SIM3
SIM4
1
21
22
SIM5
SIM1
SIM2
SIM3
SIM4
1
21
22
SIM5
SIM1
SIM2
SIM3
SIM4
1
21
22
SIM5
SIM1
SIM2
SIM3
SIM4
1
21
22
SIM5
SIM1
SIM2
SIM3
SIM4
1
21
22
SIM5
SIM1
SIM2
SIM3
SIM4
1
21
22
SIM5
SIM1
SIM2
SIM3
SIM4
1
21
22
SIM5
SIM1
SIM2
SIM3
SIM4
1
21
22
SIM5
SIM1
SIM2
SIM3
SIM4
1
21
22
SIM5
SIM1
SIM2
SIM3
SIM4
1
21
22
SIM5
SIM1
SIM2
SIM3
SIM4
1
21
22
SIM5
SIM1
SIM2
SIM3
SIM4
1
21
22
SIM5
SIM1
SIM2
SIM3
SIM4
1
21
22
SIM5
SIM1
SIM2
SIM3
SIM4
1
21
22
SIM5
SIM1
SIM2
SIM3
SIM4
1
21
22
SIM5
SIM1
SIM2
SIM3
SIM4
1
21
22
SIM5
SIM1
SIM2
SIM3
SIM4
1
21
22
SIM5
SIM1
SIM2
SIM3
SIM4
1
21
22
SIM5
SIM1
SIM2
SIM3
SIM4
1
21
22
SIM5
SIM1
SIM2
SIM3
SIM4
1
21
22
SIM5
SIM1
SIM2
SIM3
SIM4
1
21
22
SIM5
SIM1
SIM2
SIM3
SIM4
1
21
22
SIM5
SIM1
SIM2
SIM3
SIM4
1
21
22
SIM5
SIM1
SIM2
SIM3
SIM4
1
21
22
SIM5
SIM1
SIM2
SIM3
SIM4
1
21
22
SIM5
SIM1
SIM2
SIM3
SIM4
1
21
22
SIM5
SIM1
SIM2
SIM3
SIM4
1
21
22
SIM5
SIM1
SIM2
SIM3
SIM4
1
21
22
SIM5
SIM1
SIM2
SIM3
SIM4
1
21
22
SIM5
SIM1
SIM2
SIM3
SIM4
1
21
22
SIM5
SIM1
SIM2
SIM3
SIM4
1
21
22
SIM5
SIM1
SIM2
SIM3
SIM4
1
21
22
SIM5
SIM1
SIM2
SIM3
SIM4
1
21
22
SIM5
SIM1
SIM2
SIM3
SIM4
1
21
22
SIM5
SIM1
SIM2
SIM3
SIM4
1
21
22
SIM5
SIM1
SIM2
SIM3
SIM4
1
21
22
SIM5
SIM1
SIM2
SIM3
SIM4
1
21
22
SIM5
SIM1
SIM2
SIM3
SIM4
1
21
22
SIM5
SIM1
SIM2
SIM3
SIM4
1
21
22
SIM5
SIM1
SIM2
SIM3
SIM4
1
21
22
SIM5
SIM1
SIM2
SIM3
SIM4
1
21
22
SIM5
SIM1
SIM2
SIM3
SIM4
1
21
22
SIM5
SIM1
SIM2
SIM3
SIM4
1
21
22
SIM5
SIM1
SIM2
SIM3
SIM4
1
21
22
SIM5
SIM1
SIM2
SIM3
SIM4
1
21
22
SIM5
SIM1
SIM2
SIM3
SIM4
1
21
22
SIM5
SIM1
SIM2
SIM3
SIM4
1
21
22
SIM5
SIM1
SIM2
SIM3
SIM4
1
21
22
SIM5
SIM1
SIM2
SIM3
SIM4
1
21
22
SIM5
SIM1
SIM2
SIM3
SIM4
1
21
22
SIM5
SIM1
SIM2
SIM3
SIM4
1
21
22
SIM5
SIM1
SIM2
SIM3
SIM4
1
21
22
SIM5
SIM1
SIM2
SIM3
SIM4
1
21
22
SIM5
SIM1
SIM2
SIM3
SIM4
1
21
22
SIM5
SIM1
SIM2
SIM3
SIM4
1
21
22
SIM5
SIM1
SIM2
SIM3
SIM4
1
21
22
SIM5
SIM1
SIM2
SIM3
SIM4
1
21
22
SIM5
SIM1
SIM2
SIM3
SIM4
1
21
22
SIM5
SIM1
SIM2
SIM3
SIM4
1
21
22
SIM5
SIM1
SIM2
SIM3
SIM4
1
21
22
SIM5
SIM1
SIM2
SIM3
SIM4
1
21
22
SIM5
SIM1
SIM2
SIM3
SIM4
1
21
22
SIM5
SIM1
SIM2
SIM3
SIM4
1
21
22
SIM5
SIM1
SIM2
SIM3
SIM4
1
21
22
SIM5
SIM1
SIM2
SIM3
SIM4
1
21
22
SIM5
SIM1
SIM2
SIM3
SIM4
1
21
22
SIM5
SIM1
SIM2
SIM3
SIM4
1
21
22
SIM5
SIM1
SIM2
SIM3
SIM4
1
21
22
SIM5
SIM1
SIM2
SIM3
SIM4
1
21
22
SIM5
SIM1
SIM2
SIM3
SIM4
1
21
22
SIM5
SIM1
SIM2
SIM3
SIM4
1
21
22
SIM5
SIM1
SIM2
SIM3
SIM4
1
21
22
SIM5
SIM1
SIM2
SIM3
SIM4
1
21
22
SIM5
SIM1
SIM2
SIM3
SIM4
1
21
22
SIM5
SIM1
SIM2
SIM3
SIM4
1
21
22
SIM5
SIM1
SIM2
SIM3
SIM4
1
21
22
SIM5
SIM1
SIM2
SIM3
SIM4
1
21
22
SIM5
SIM1
SIM2
SIM3
SIM4
1
21
22
SIM5
SIM1
SIM2
SIM3
SIM4
1
21
22
SIM5
SIM1
SIM2
SIM3
SIM4
1
21
22
SIM5
SIM1
SIM2
SIM3
SIM4
1
21
22
SIM5
SIM1
SIM2
SIM3
SIM4
1
21
22
SIM5
SIM1
SIM2
SIM3
SIM4
1
21
22
SIM5
SIM1
SIM2
SIM3
SIM4
1
21
22
SIM5
SIM1
SIM2
SIM3
SIM4
1
21
22
SIM5
SIM1
SIM2
SIM3
SIM4
1
21
22
SIM5
SIM1
SIM2
SIM3
SIM4
1
21
22
SIM5
SIM1
SIM2
SIM3
SIM4
1
21
22
SIM5
SIM1
SIM2
SIM3
SIM4
1
21
22
SIM5
SIM1
SIM2
SIM3
SIM4
1
21
22
SIM5
SIM1
SIM2
SIM3
SIM4
1
21
22
SIM5
SIM1
SIM2
SIM3
SIM4
1
21
22
SIM5
SIM1
SIM2
SIM3
SIM4
1
21
22
SIM5
SIM1
SIM2
SIM3
SIM4
1
21
22
SIM5
SIM1
SIM2
SIM3
SIM4
1
21
22
SIM5
SIM1
SIM2
SIM3
SIM4
1
21
22
SIM5
SIM1
SIM2
SIM3
SIM4
1
21
22
SIM5
SIM1
SIM2
SIM3
SIM4
1
21
22
SIM5
SIM1
SIM2
SIM3
SIM4
1
21
22
SIM5
SIM1
SIM2
SIM3
SIM4
1
21
22
SIM5
SIM1
SIM2
SIM3
SIM4
1
21
22
SIM5
SIM1
SIM2
SIM3
SIM4
1
21
22
SIM5
SIM1
SIM2
SIM3
SIM4
1
21
22
SIM5
SIM1
SIM2
DEBUG 1 766
SIM1
SIM2
SIM3
SIM4
1
21
22
SIM5
SIM1
SIM2
SIM3
SIM4
1
21
22
SIM5
SIM1
SIM2
SIM3
SIM4
1
21
22
SIM5
SIM1
SIM2
SIM3
SIM4
1
21
22
SIM5
SIM1
SIM2
SIM3
SIM4
1
21
22
SIM5
SIM1
SIM2
SIM3
SIM4
1
21
22
SIM5
SIM1
SIM2
SIM3
SIM4
1
21
22
SIM5
SIM1
SIM2
SIM3
SIM4
1
21
22
SIM5
SIM1
SIM2
SIM3
SIM4
1
21
22
SIM5
SIM1
SIM2
SIM3
SIM4
1
21
22
SIM5
SIM1
SIM2
SIM3
SIM4
1
21
22
SIM5
SIM1
SIM2
SIM3
SIM4
1
21
22
SIM5
SIM1
SIM2
SIM3
SIM4
1
21
22
SIM5
SIM1
SIM2
SIM3
SIM4
1
21
22
SIM5
SIM1
SIM2
SIM3
SIM4
1
21
22
SIM5
SIM1
SIM2
SIM3
SIM4
1
21
22
SIM5
SIM1
SIM2
SIM3
SIM4
1
21
22
SIM5
SIM1
SIM2
SIM3
SIM4
1
21
22
SIM5
SIM1
SIM2
SIM3
SIM4
1
21
22
SIM5
SIM1
SIM2
SIM3
SIM4
1
21
22
SIM5
SIM1
SIM2
SIM3
SIM4
1
21
22
SIM5
SIM1
SIM2
SIM3
SIM4
1
21
22
SIM5
SIM1
SIM2
SIM3
SIM4
1
21
22
SIM5
SIM1
SIM2
SIM3
SIM4
1
21
22
SIM5
SIM1
SIM2
SIM3
SIM4
1
21
22
SIM5
SIM1
SIM2
SIM3
SIM4
1
21
22
SIM5
SIM1
SIM2
SIM3
SIM4
1
21
22
SIM5
SIM1
SIM2
SIM3
SIM4
1
21
22
SIM5
SIM1
SIM2
SIM3
SIM4
1
21
22
SIM5
SIM1
SIM2
SIM3
SIM4
1
21
22
SIM5
SIM1
SIM2
SIM3
SIM4
1
21
22
SIM5
SIM1
SIM2
SIM3
SIM4
1
21
22
SIM5
SIM1
SIM2
SIM3
SIM4
1
21
22
SIM5
SIM1
SIM2
SIM3
SIM4
1
21
22
SIM5
SIM1
SIM2
SIM3
SIM4
1
21
22
SIM5
SIM1
SIM2
SIM3
SIM4
1
21
22
SIM5
SIM1
SIM2
SIM3
SIM4
1
21
22
SIM5
SIM1
SIM2
SIM3
SIM4
1
21
22
SIM5
SIM1
SIM2
SIM3
SIM4
1
21
22
SIM5
SIM1
SIM2
SIM3
SIM4
1
21
22
SIM5
SIM1
SIM2
SIM3
SIM4
1
21
22
SIM5
SIM1
SIM2
SIM3
SIM4
1
21
22
SIM5
SIM1
SIM2
SIM3
SIM4
1
21
22
SIM5
SIM1
SIM2
SIM3
SIM4
1
21
22
SIM5
SIM1
SIM2
SIM3
SIM4
1
21
22
SIM5
SIM1
SIM2
SIM3
SIM4
1
21
22
SIM5
SIM1
SIM2
SIM3
SIM4
1
21
22
SIM5
SIM1
SIM2
SIM3
SIM4
1
21
22
SIM5
SIM1
SIM2
SIM3
SIM4
1
21
22
SIM5
SIM1
SIM2
SIM3
SIM4
1
21
22
SIM5
SIM1
SIM2
SIM3
SIM4
1
21
22
SIM5
SIM1
SIM2
SIM3
SIM4
1
21
22
SIM5
SIM1
SIM2
SIM3
SIM4
1
21
22
SIM5
SIM1
SIM2
SIM3
SIM4
1
21
22
SIM5
SIM1
SIM2
SIM3
SIM4
1
21
22
SIM5
SIM1
SIM2
SIM3
SIM4
1
21
22
SIM5
SIM1
SIM2
SIM3
SIM4
1
21
22
SIM5
SIM1
SIM2
SIM3
SIM4
1
21
22
SIM5
SIM1
SIM2
SIM3
SIM4
1
21
22
SIM5
SIM1
SIM2
SIM3
SIM4
1
21
22
SIM5
SIM1
SIM2
SIM3
SIM4
1
21
22
SIM5
SIM1
SIM2
SIM3
SIM4
1
21
22
SIM5
SIM1
SIM2
SIM3
SIM4
1
21
22
SIM5
SIM1
SIM2
SIM3
SIM4
1
21
22
SIM5
SIM1
SIM2
SIM3
SIM4
1
21
22
SIM5
SIM1
SIM2
SIM3
SIM4
1
21
22
SIM5
SIM1
SIM2
SIM3
SIM4
1
21
22
SIM5
SIM1
SIM2
SIM3
SIM4
1
21
22
SIM5
SIM1
SIM2
SIM3
SIM4
1
21
22
SIM5
SIM1
SIM2
SIM3
SIM4
1
21
22
SIM5
SIM1
SIM2
SIM3
SIM4
1
21
22
SIM5
SIM1
SIM2
SIM3
SIM4
1
21
22
SIM5
SIM1
SIM2
SIM3
SIM4
1
21
22
SIM5
SIM1
SIM2
SIM3
SIM4
1
21
22
SIM5
SIM1
SIM2
SIM3
SIM4
1
21
22
SIM5
SIM1
SIM2
SIM3
SIM4
1
21
22
SIM5
SIM1
SIM2
SIM3
SIM4
1
21
22
SIM5
SIM1
SIM2
SIM3
SIM4
1
21
22
SIM5
SIM1
SIM2
SIM3
SIM4
1
21
22
SIM5
SIM1
SIM2
SIM3
SIM4
1
21
22
SIM5
SIM1
SIM2
SIM3
SIM4
1
21
22
SIM5
SIM1
SIM2
SIM3
SIM4
1
21
22
SIM5
SIM1
SIM2
SIM3
SIM4
1
21
22
SIM5
SIM1
SIM2
SIM3
SIM4
1
21
22
SIM5
SIM1
SIM2
SIM3
SIM4
1
21
22
SIM5
SIM1
SIM2
SIM3
SIM4
1
21
22
SIM5
SIM1
SIM2
SIM3
SIM4
1
21
22
SIM5
SIM1
SIM2
SIM3
SIM4
1
21
22
SIM5
SIM1
SIM2
SIM3
SIM4
1
21
22
SIM5
SIM1
SIM2
SIM3
SIM4
1
21
22
SIM5
SIM1
SIM2
SIM3
SIM4
1
21
22
SIM5
SIM1
SIM2
SIM3
SIM4
1
21
22
SIM5
SIM1
SIM2
SIM3
SIM4
1
21
22
SIM5
SIM1
SIM2
SIM3
SIM4
1
21
22
SIM5
SIM1
SIM2
SIM3
SIM4
1
21
22
SIM5
SIM1
SIM2
SIM3
SIM4
1
21
22
SIM5
SIM1
SIM2
SIM3
SIM4
1
21
22
SIM5
SIM1
SIM2
SIM3
SIM4
1
21
22
SIM5
SIM1
SIM2
SIM3
SIM4
1
21
22
SIM5
SIM1
SIM2
SIM3
SIM4
1
21
22
SIM5
SIM1
SIM2
SIM3
SIM4
1
21
22
SIM5
SIM1
SIM2
SIM3
SIM4
1
21
22
SIM5
SIM1
SIM2
SIM3
SIM4
1
21
22
SIM5
SIM1
SIM2
SIM3
SIM4
1
21
22
SIM5
SIM1
SIM2
SIM3
SIM4
1
21
22
SIM5
SIM1
SIM2
SIM3
SIM4
1
21
22
SIM5
SIM1
SIM2
SIM3
SIM4
1
21
22
SIM5
SIM1
SIM2
SIM3
SIM4
1
21
22
SIM5
SIM1
SIM2
SIM3
SIM4
1
21
22
SIM5
SIM1
SIM2
SIM3
SIM4
1
21
22
SIM5
SIM1
SIM2
SIM3
SIM4
1
21
22
SIM5
SIM1
SIM2
SIM3
SIM4
1
21
22
SIM5
SIM1
SIM2
SIM3
SIM4
1
21
22
SIM5
SIM1
SIM2
SIM3
SIM4
1
21
22
SIM5
SIM1
SIM2
SIM3
SIM4
1
21
22
SIM5
SIM1
SIM2
SIM3
SIM4
1
21
22
SIM5
SIM1
SIM2
SIM3
SIM4
1
21
22
SIM5
SIM1
SIM2
SIM3
SIM4
1
21
22
SIM5
SIM1
SIM2
SIM3
SIM4
1
21
22
SIM5
SIM1
SIM2
SIM3
SIM4
1
21
22
SIM5
SIM1
SIM2
SIM3
SIM4
1
21
22
SIM5
SIM1
SIM2
SIM3
SIM4
1
21
22
SIM5
SIM1
SIM2
SIM3
SIM4
1
21
22
SIM5
SIM1
SIM2
SIM3
SIM4
1
21
22
SIM5
SIM1
SIM2
SIM3
SIM4
1
21
22
SIM5
SIM1
SIM2
SIM3
SIM4
1
21
22
SIM5
SIM1
SIM2
SIM3
SIM4
1
21
22
SIM5
SIM1
SIM2
SIM3
SIM4
1
21
22
SIM5
SIM1
SIM2
SIM3
SIM4
1
21
22
SIM5
SIM1
SIM2
SIM3
SIM4
1
21
22
SIM5
SIM1
SIM2
SIM3
SIM4
1
21
22
SIM5
SIM1
SIM2
SIM3
SIM4
1
21
22
SIM5
SIM1
SIM2
SIM3
SIM4
1
21
22
SIM5
SIM1
SIM2
SIM3
SIM4
1
21
22
SIM5
SIM1
SIM2
SIM3
SIM4
1
21
22
SIM5
SIM1
SIM2
SIM3
SIM4
1
21
22
SIM5
SIM1
SIM2
SIM3
SIM4
1
21
22
SIM5
SIM1
SIM2
SIM3
SIM4
1
21
22
SIM5
SIM1
SIM2
SIM3
SIM4
1
21
22
SIM5
SIM1
SIM2
SIM3
SIM4
1
21
22
SIM5
SIM1
SIM2
SIM3
SIM4
1
21
22
SIM5
SIM1
SIM2
SIM3
SIM4
1
21
22
SIM5
SIM1
SIM2
SIM3
SIM4
1
21
22
SIM5
SIM1
SIM2
SIM3
SIM4
1
21
22
SIM5
SIM1
SIM2
SIM3
SIM4
1
21
22
SIM5
SIM1
SIM2
SIM3
SIM4
1
21
22
SIM5
SIM1
SIM2
SIM3
SIM4
1
21
22
SIM5
SIM1
SIM2
SIM3
SIM4
1
21
22
SIM5
SIM1
SIM2
SIM3
SIM4
1
21
22
SIM5
SIM1
SIM2
SIM3
SIM4
1
21
22
SIM5
SIM1
SIM2
SIM3
SIM4
1
21
22
SIM5
SIM1
SIM2
SIM3
SIM4
1
21
22
SIM5
SIM1
SIM2
SIM3
SIM4
1
21
22
SIM5
SIM1
SIM2
SIM3
SIM4
1
21
22
SIM5
SIM1
SIM2
SIM3
SIM4
1
21
22
SIM5
SIM1
SIM2
SIM3
SIM4
1
21
22
SIM5
SIM1
SIM2
SIM3
SIM4
1
21
22
SIM5
SIM1
SIM2
SIM3
SIM4
1
21
22
SIM5
SIM1
SIM2
SIM3
SIM4
1
21
22
SIM5
SIM1
SIM2
SIM3
SIM4
1
21
22
SIM5
SIM1
SIM2
SIM3
SIM4
1
21
22
SIM5
SIM1
SIM2
SIM3
SIM4
1
21
22
SIM5
SIM1
SIM2
SIM3
SIM4
1
21
22
SIM5
SIM1
SIM2
SIM3
SIM4
1
21
22
SIM5
SIM1
SIM2
SIM3
SIM4
1
21
22
SIM5
SIM1
SIM2
SIM3
SIM4
1
21
22
SIM5
SIM1
SIM2
SIM3
SIM4
1
21
22
SIM5
SIM1
SIM2
SIM3
SIM4
1
21
22
SIM5
SIM1
SIM2
SIM3
SIM4
1
21
22
SIM5
SIM1
SIM2
SIM3
SIM4
1
21
22
SIM5
SIM1
SIM2
SIM3
SIM4
1
21
22
SIM5
SIM1
SIM2
SIM3
SIM4
1
21
22
SIM5
SIM1
SIM2
SIM3
SIM4
1
21
22
SIM5
SIM1
SIM2
SIM3
SIM4
1
21
22
SIM5
SIM1
SIM2
SIM3
SIM4
1
21
22
SIM5
SIM1
SIM2
SIM3
SIM4
1
21
22
SIM5
SIM1
SIM2
SIM3
SIM4
1
21
22
SIM5
SIM1
SIM2
SIM3
SIM4
1
21
22
SIM5
SIM1
SIM2
SIM3
SIM4
1
21
22
SIM5
SIM1
SIM2
SIM3
SIM4
1
21
22
SIM5
SIM1
SIM2
SIM3
SIM4
1
21
22
SIM5
SIM1
SIM2
SIM3
SIM4
1
21
22
SIM5
SIM1
SIM2
SIM3
SIM4
1
21
22
SIM5
SIM1
SIM2
SIM3
SIM4
1
21
22
SIM5
SIM1
SIM2
SIM3
SIM4
1
21
22
SIM5
SIM1
SIM2
SIM3
SIM4
1
21
22
SIM5
SIM1
SIM2
SIM3
SIM4
1
21
22
SIM5
SIM1
SIM2
SIM3
SIM4
1
21
22
SIM5
SIM1
SIM2
SIM3
SIM4
1
21
22
SIM5
SIM1
SIM2
SIM3
SIM4
1
21
22
SIM5
SIM1
SIM2
SIM3
SIM4
1
21
22
SIM5
SIM1
SIM2
SIM3
SIM4
1
21
22
SIM5
SIM1
SIM2
SIM3
SIM4
1
21
22
SIM5
SIM1
SIM2
SIM3
SIM4
1
21
22
SIM5
SIM1
SIM2
SIM3
SIM4
1
21
22
SIM5
SIM1
SIM2
SIM3
SIM4
1
21
22
SIM5
SIM1
SIM2
SIM3
SIM4
1
21
22
SIM5
SIM1
SIM2
SIM3
SIM4
1
21
22
SIM5
SIM1
SIM2
SIM3
SIM4
1
21
22
SIM5
SIM1
SIM2
SIM3
SIM4
1
21
22
SIM5
SIM1
SIM2
SIM3
SIM4
1
21
22
SIM5
SIM1
SIM2
SIM3
SIM4
1
21
22
SIM5
SIM1
SIM2
SIM3
SIM4
1
21
22
SIM5
SIM1
SIM2
SIM3
SIM4
1
21
22
SIM5
SIM1
SIM2
SIM3
SIM4
1
21
22
SIM5
SIM1
SIM2
SIM3
SIM4
1
21
22
SIM5
SIM1
SIM2
SIM3
SIM4
1
21
22
SIM5
SIM1
SIM2
SIM3
SIM4
1
21
22
SIM5
SIM1
SIM2
SIM3
SIM4
1
21
22
SIM5
SIM1
SIM2
SIM3
SIM4
1
21
22
SIM5
SIM1
SIM2
SIM3
SIM4
1
21
22
SIM5
SIM1
SIM2
SIM3
SIM4
1
21
22
SIM5
SIM1
SIM2
SIM3
SIM4
1
21
22
SIM5
SIM1
SIM2
SIM3
SIM4
1
21
22
SIM5
SIM1
SIM2
SIM3
SIM4
1
21
22
SIM5
SIM1
SIM2
SIM3
SIM4
1
21
22
SIM5
SIM1
SIM2
SIM3
SIM4
1
21
22
SIM5
SIM1
SIM2
SIM3
SIM4
1
21
22
SIM5
SIM1
SIM2
SIM3
SIM4
1
21
22
SIM5
SIM1
SIM2
SIM3
SIM4
1
21
22
SIM5
SIM1
SIM2
SIM3
SIM4
1
21
22
SIM5
SIM1
SIM2
SIM3
SIM4
1
21
22
SIM5
SIM1
SIM2
SIM3
SIM4
1
21
22
SIM5
SIM1
SIM2
SIM3
SIM4
1
21
22
SIM5
SIM1
SIM2
SIM3
SIM4
1
21
22
SIM5
SIM1
SIM2
SIM3
SIM4
1
21
22
SIM5
SIM1
SIM2
SIM3
SIM4
1
21
22
SIM5
SIM1
SIM2
SIM3
SIM4
1
21
22
SIM5
SIM1
SIM2
SIM3
SIM4
1
21
22
SIM5
SIM1
SIM2
SIM3
SIM4
1
21
22
SIM5
SIM1
SIM2
SIM3
SIM4
1
21
22
SIM5
SIM1
SIM2
SIM3
SIM4
1
21
22
SIM5
SIM1
SIM2
SIM3
SIM4
1
21
22
SIM5
SIM1
SIM2
SIM3
SIM4
1
21
22
SIM5
SIM1
SIM2
SIM3
SIM4
1
21
22
SIM5
SIM1
SIM2
SIM3
SIM4
1
21
22
SIM5
SIM1
SIM2
SIM3
SIM4
1
21
22
SIM5
SIM1
SIM2
SIM3
SIM4
1
21
22
SIM5
SIM1
SIM2
SIM3
SIM4
1
21
22
SIM5
SIM1
SIM2
SIM3
SIM4
1
21
22
SIM5
SIM1
SIM2
SIM3
SIM4
1
21
22
SIM5
SIM1
SIM2
SIM3
SIM4
1
21
22
SIM5
SIM1
SIM2
SIM3
SIM4
1
21
22
SIM5
SIM1
SIM2
SIM3
SIM4
1
21
22
SIM5
SIM1
SIM2
SIM3
SIM4
1
21
22
SIM5
SIM1
SIM2
SIM3
SIM4
1
21
22
SIM5
SIM1
SIM2
SIM3
SIM4
1
21
22
SIM5
SIM1
SIM2
SIM3
SIM4
1
21
22
SIM5
SIM1
SIM2
SIM3
SIM4
1
21
22
SIM5
SIM1
SIM2
SIM3
SIM4
1
21
22
SIM5
SIM1
SIM2
SIM3
SIM4
1
21
22
SIM5
SIM1
SIM2
SIM3
SIM4
1
21
22
SIM5
SIM1
SIM2
SIM3
SIM4
1
21
22
SIM5
SIM1
SIM2
DEBUG 1 767
SIM1
SIM2
SIM3
SIM4
1
21
22
SIM5
SIM1
SIM2
SIM3
SIM4
1
21
22
SIM5
SIM1
SIM2
SIM3
SIM4
1
21
22
SIM5
SIM1
SIM2
SIM3
SIM4
1
21
22
SIM5
SIM1
SIM2
SIM3
SIM4
1
21
22
SIM5
SIM1
SIM2
SIM3
SIM4
1
21
22
SIM5
SIM1
SIM2
SIM3
SIM4
1
21
22
SIM5
SIM1
SIM2
SIM3
SIM4
1
21
22
SIM5
SIM1
SIM2
SIM3
SIM4
1
21
22
SIM5
SIM1
SIM2
SIM3
SIM4
1
21
22
SIM5
SIM1
SIM2
SIM3
SIM4
1
21
22
SIM5
SIM1
SIM2
SIM3
SIM4
1
21
22
SIM5
SIM1
SIM2
SIM3
SIM4
1
21
22
SIM5
SIM1
SIM2
SIM3
SIM4
1
21
22
SIM5
SIM1
SIM2
SIM3
SIM4
1
21
22
SIM5
SIM1
SIM2
SIM3
SIM4
1
21
22
SIM5
SIM1
SIM2
SIM3
SIM4
1
21
22
SIM5
SIM1
SIM2
SIM3
SIM4
1
21
22
SIM5
SIM1
SIM2
SIM3
SIM4
1
21
22
SIM5
SIM1
SIM2
SIM3
SIM4
1
21
22
SIM5
SIM1
SIM2
SIM3
SIM4
1
21
22
SIM5
SIM1
SIM2
SIM3
SIM4
1
21
22
SIM5
SIM1
SIM2
SIM3
SIM4
1
21
22
SIM5
SIM1
SIM2
SIM3
SIM4
1
21
22
SIM5
SIM1
SIM2
SIM3
SIM4
1
21
22
SIM5
SIM1
SIM2
SIM3
SIM4
1
21
22
SIM5
SIM1
SIM2
SIM3
SIM4
1
21
22
SIM5
SIM1
SIM2
SIM3
SIM4
1
21
22
SIM5
SIM1
SIM2
SIM3
SIM4
1
21
22
SIM5
SIM1
SIM2
SIM3
SIM4
1
21
22
SIM5
SIM1
SIM2
SIM3
SIM4
1
21
22
SIM5
SIM1
SIM2
SIM3
SIM4
1
21
22
SIM5
SIM1
SIM2
SIM3
SIM4
1
21
22
SIM5
SIM1
SIM2
SIM3
SIM4
1
21
22
SIM5
SIM1
SIM2
SIM3
SIM4
1
21
22
SIM5
SIM1
SIM2
SIM3
SIM4
1
21
22
SIM5
SIM1
SIM2
SIM3
SIM4
1
21
22
SIM5
SIM1
SIM2
SIM3
SIM4
1
21
22
SIM5
SIM1
SIM2
SIM3
SIM4
1
21
22
SIM5
SIM1
SIM2
SIM3
SIM4
1
21
22
SIM5
SIM1
SIM2
SIM3
SIM4
1
21
22
SIM5
SIM1
SIM2
SIM3
SIM4
1
21
22
SIM5
SIM1
SIM2
SIM3
SIM4
1
21
22
SIM5
SIM1
SIM2
SIM3
SIM4
1
21
22
SIM5
SIM1
SIM2
SIM3
SIM4
1
21
22
SIM5
SIM1
SIM2
SIM3
SIM4
1
21
22
SIM5
SIM1
SIM2
SIM3
SIM4
1
21
22
SIM5
SIM1
SIM2
SIM3
SIM4
1
21
22
SIM5
SIM1
SIM2
SIM3
SIM4
1
21
22
SIM5
SIM1
SIM2
SIM3
SIM4
1
21
22
SIM5
SIM1
SIM2
SIM3
SIM4
1
21
22
SIM5
SIM1
SIM2
SIM3
SIM4
1
21
22
SIM5
SIM1
SIM2
SIM3
SIM4
1
21
22
SIM5
SIM1
SIM2
SIM3
SIM4
1
21
22
SIM5
SIM1
SIM2
SIM3
SIM4
1
21
22
SIM5
SIM1
SIM2
SIM3
SIM4
1
21
22
SIM5
SIM1
SIM2
SIM3
SIM4
1
21
22
SIM5
SIM1
SIM2
SIM3
SIM4
1
21
22
SIM5
SIM1
SIM2
SIM3
SIM4
1
21
22
SIM5
SIM1
SIM2
SIM3
SIM4
1
21
22
SIM5
SIM1
SIM2
SIM3
SIM4
1
21
22
SIM5
SIM1
SIM2
SIM3
SIM4
1
21
22
SIM5
SIM1
SIM2
SIM3
SIM4
1
21
22
SIM5
SIM1
SIM2
SIM3
SIM4
1
21
22
SIM5
SIM1
SIM2
SIM3
SIM4
1
21
22
SIM5
SIM1
SIM2
SIM3
SIM4
1
21
22
SIM5
SIM1
SIM2
SIM3
SIM4
1
21
22
SIM5
SIM1
SIM2
SIM3
SIM4
1
21
22
SIM5
SIM1
SIM2
SIM3
SIM4
1
21
22
SIM5
SIM1
SIM2
SIM3
SIM4
1
21
22
SIM5
SIM1
SIM2
SIM3
SIM4
1
21
22
SIM5
SIM1
SIM2
SIM3
SIM4
1
21
22
SIM5
SIM1
SIM2
SIM3
SIM4
1
21
22
SIM5
SIM1
SIM2
SIM3
SIM4
1
21
22
SIM5
SIM1
SIM2
SIM3
SIM4
1
21
22
SIM5
SIM1
SIM2
SIM3
SIM4
1
21
22
SIM5
SIM1
SIM2
SIM3
SIM4
1
21
22
SIM5
SIM1
SIM2
SIM3
SIM4
1
21
22
SIM5
SIM1
SIM2
SIM3
SIM4
1
21
22
SIM5
SIM1
SIM2
SIM3
SIM4
1
21
22
SIM5
SIM1
SIM2
SIM3
SIM4
1
21
22
SIM5
SIM1
SIM2
SIM3
SIM4
1
21
22
SIM5
SIM1
SIM2
SIM3
SIM4
1
21
22
SIM5
SIM1
SIM2
SIM3
SIM4
1
21
22
SIM5
SIM1
SIM2
SIM3
SIM4
1
21
22
SIM5
SIM1
SIM2
SIM3
SIM4
1
21
22
SIM5
SIM1
SIM2
SIM3
SIM4
1
21
22
SIM5
SIM1
SIM2
SIM3
SIM4
1
21
22
SIM5
SIM1
SIM2
SIM3
SIM4
1
21
22
SIM5
SIM1
SIM2
SIM3
SIM4
1
21
22
SIM5
SIM1
SIM2
SIM3
SIM4
1
21
22
SIM5
SIM1
SIM2
SIM3
SIM4
1
21
22
SIM5
SIM1
SIM2
SIM3
SIM4
1
21
22
SIM5
SIM1
SIM2
SIM3
SIM4
1
21
22
SIM5
SIM1
SIM2
SIM3
SIM4
1
21
22
SIM5
SIM1
SIM2
SIM3
SIM4
1
21
22
SIM5
SIM1
SIM2
SIM3
SIM4
1
21
22
SIM5
SIM1
SIM2
SIM3
SIM4
1
21
22
SIM5
SIM1
SIM2
SIM3
SIM4
1
21
22
SIM5
SIM1
SIM2
SIM3
SIM4
1
21
22
SIM5
SIM1
SIM2
SIM3
SIM4
1
21
22
SIM5
SIM1
SIM2
SIM3
SIM4
1
21
22
SIM5
SIM1
SIM2
SIM3
SIM4
1
21
22
SIM5
SIM1
SIM2
SIM3
SIM4
1
21
22
SIM5
SIM1
SIM2
SIM3
SIM4
1
21
22
SIM5
SIM1
SIM2
SIM3
SIM4
1
21
22
SIM5
SIM1
SIM2
SIM3
SIM4
1
21
22
SIM5
SIM1
SIM2
SIM3
SIM4
1
21
22
SIM5
SIM1
SIM2
SIM3
SIM4
1
21
22
SIM5
SIM1
SIM2
SIM3
SIM4
1
21
22
SIM5
SIM1
SIM2
SIM3
SIM4
1
21
22
SIM5
SIM1
SIM2
SIM3
SIM4
1
21
22
SIM5
SIM1
SIM2
SIM3
SIM4
1
21
22
SIM5
SIM1
SIM2
SIM3
SIM4
1
21
22
SIM5
SIM1
SIM2
SIM3
SIM4
1
21
22
SIM5
SIM1
SIM2
SIM3
SIM4
1
21
22
SIM5
SIM1
SIM2
SIM3
SIM4
1
21
22
SIM5
SIM1
SIM2
SIM3
SIM4
1
21
22
SIM5
SIM1
SIM2
SIM3
SIM4
1
21
22
SIM5
SIM1
SIM2
SIM3
SIM4
1
21
22
SIM5
SIM1
SIM2
SIM3
SIM4
1
21
22
SIM5
SIM1
SIM2
SIM3
SIM4
1
21
22
SIM5
SIM1
SIM2
SIM3
SIM4
1
21
22
SIM5
SIM1
SIM2
SIM3
SIM4
1
21
22
SIM5
SIM1
SIM2
SIM3
SIM4
1
21
22
SIM5
SIM1
SIM2
SIM3
SIM4
1
21
22
SIM5
SIM1
SIM2
SIM3
SIM4
1
21
22
SIM5
SIM1
SIM2
SIM3
SIM4
1
21
22
SIM5
SIM1
SIM2
SIM3
SIM4
1
21
22
SIM5
SIM1
SIM2
SIM3
SIM4
1
21
22
SIM5
SIM1
SIM2
SIM3
SIM4
1
21
22
SIM5
SIM1
SIM2
SIM3
SIM4
1
21
22
SIM5
SIM1
SIM2
SIM3
SIM4
1
21
22
SIM5
SIM1
SIM2
SIM3
SIM4
1
21
22
SIM5
SIM1
SIM2
SIM3
SIM4
1
21
22
SIM5
SIM1
SIM2
SIM3
SIM4
1
21
22
SIM5
SIM1
SIM2
SIM3
SIM4
1
21
22
SIM5
SIM1
SIM2
SIM3
SIM4
1
21
22
SIM5
SIM1
SIM2
SIM3
SIM4
1
21
22
SIM5
SIM1
SIM2
SIM3
SIM4
1
21
22
SIM5
SIM1
SIM2
SIM3
SIM4
1
21
22
SIM5
SIM1
SIM2
SIM3
SIM4
1
21
22
SIM5
SIM1
SIM2
SIM3
SIM4
1
21
22
SIM5
SIM1
SIM2
SIM3
SIM4
1
21
22
SIM5
SIM1
SIM2
SIM3
SIM4
1
21
22
SIM5
SIM1
SIM2
SIM3
SIM4
1
21
22
SIM5
SIM1
SIM2
SIM3
SIM4
1
21
22
SIM5
SIM1
SIM2
SIM3
SIM4
1
21
22
SIM5
SIM1
SIM2
SIM3
SIM4
1
21
22
SIM5
SIM1
SIM2
SIM3
SIM4
1
21
22
SIM5
SIM1
SIM2
SIM3
SIM4
1
21
22
SIM5
SIM1
SIM2
SIM3
SIM4
1
21
22
SIM5
SIM1
SIM2
SIM3
SIM4
1
21
22
SIM5
SIM1
SIM2
SIM3
SIM4
1
21
22
SIM5
SIM1
SIM2
SIM3
SIM4
1
21
22
SIM5
SIM1
SIM2
SIM3
SIM4
1
21
22
SIM5
SIM1
SIM2
SIM3
SIM4
1
21
22
SIM5
SIM1
SIM2
SIM3
SIM4
1
21
22
SIM5
SIM1
SIM2
SIM3
SIM4
1
21
22
SIM5
SIM1
SIM2
SIM3
SIM4
1
21
22
SIM5
SIM1
SIM2
SIM3
SIM4
1
21
22
SIM5
SIM1
SIM2
SIM3
SIM4
1
21
22
SIM5
SIM1
SIM2
SIM3
SIM4
1
21
22
SIM5
SIM1
SIM2
SIM3
SIM4
1
21
22
SIM5
SIM1
SIM2
SIM3
SIM4
1
21
22
SIM5
SIM1
SIM2
SIM3
SIM4
1
21
22
SIM5
SIM1
SIM2
SIM3
SIM4
1
21
22
SIM5
SIM1
SIM2
SIM3
SIM4
1
21
22
SIM5
SIM1
SIM2
SIM3
SIM4
1
21
22
SIM5
SIM1
SIM2
SIM3
SIM4
1
21
22
SIM5
SIM1
SIM2
SIM3
SIM4
1
21
22
SIM5
SIM1
SIM2
SIM3
SIM4
1
21
22
SIM5
SIM1
SIM2
SIM3
SIM4
1
21
22
SIM5
SIM1
SIM2
SIM3
SIM4
1
21
22
SIM5
SIM1
SIM2
SIM3
SIM4
1
21
22
SIM5
SIM1
SIM2
SIM3
SIM4
1
21
22
SIM5
SIM1
SIM2
SIM3
SIM4
1
21
22
SIM5
SIM1
SIM2
SIM3
SIM4
1
21
22
SIM5
SIM1
SIM2
SIM3
SIM4
1
21
22
SIM5
SIM1
SIM2
SIM3
SIM4
1
21
22
SIM5
SIM1
SIM2
SIM3
SIM4
1
21
22
SIM5
SIM1
SIM2
SIM3
SIM4
1
21
22
SIM5
SIM1
SIM2
SIM3
SIM4
1
21
22
SIM5
SIM1
SIM2
SIM3
SIM4
1
21
22
SIM5
SIM1
SIM2
SIM3
SIM4
1
21
22
SIM5
SIM1
SIM2
SIM3
SIM4
1
21
22
SIM5
SIM1
SIM2
SIM3
SIM4
1
21
22
SIM5
SIM1
SIM2
SIM3
SIM4
1
21
22
SIM5
SIM1
SIM2
SIM3
SIM4
1
21
22
SIM5
SIM1
SIM2
SIM3
SIM4
1
21
22
SIM5
SIM1
SIM2
SIM3
SIM4
1
21
22
SIM5
SIM1
SIM2
SIM3
SIM4
1
21
22
SIM5
SIM1
SIM2
SIM3
SIM4
1
21
22
SIM5
SIM1
SIM2
SIM3
SIM4
1
21
22
SIM5
SIM1
SIM2
SIM3
SIM4
1
21
22
SIM5
SIM1
SIM2
SIM3
SIM4
1
21
22
SIM5
SIM1
SIM2
SIM3
SIM4
1
21
22
SIM5
SIM1
SIM2
SIM3
SIM4
1
21
22
SIM5
SIM1
SIM2
SIM3
SIM4
1
21
22
SIM5
SIM1
SIM2
SIM3
SIM4
1
21
22
SIM5
SIM1
SIM2
SIM3
SIM4
1
21
22
SIM5
SIM1
SIM2
SIM3
SIM4
1
21
22
SIM5
SIM1
SIM2
SIM3
SIM4
1
21
22
SIM5
SIM1
SIM2
SIM3
SIM4
1
21
22
SIM5
SIM1
SIM2
SIM3
SIM4
1
21
22
SIM5
SIM1
SIM2
SIM3
SIM4
1
21
22
SIM5
SIM1
SIM2
SIM3
SIM4
1
21
22
SIM5
SIM1
SIM2
SIM3
SIM4
1
21
22
SIM5
SIM1
SIM2
SIM3
SIM4
1
21
22
SIM5
SIM1
SIM2
SIM3
SIM4
1
21
22
SIM5
SIM1
SIM2
SIM3
SIM4
1
21
22
SIM5
SIM1
SIM2
SIM3
SIM4
1
21
22
SIM5
SIM1
SIM2
SIM3
SIM4
1
21
22
SIM5
SIM1
SIM2
SIM3
SIM4
1
21
22
SIM5
SIM1
SIM2
SIM3
SIM4
1
21
22
SIM5
SIM1
SIM2
SIM3
SIM4
1
21
22
SIM5
SIM1
SIM2
SIM3
SIM4
1
21
22
SIM5
SIM1
SIM2
SIM3
SIM4
1
21
22
SIM5
SIM1
SIM2
SIM3
SIM4
1
21
22
SIM5
SIM1
SIM2
SIM3
SIM4
1
21
22
SIM5
SIM1
SIM2
SIM3
SIM4
1
21
22
SIM5
SIM1
SIM2
SIM3
SIM4
1
21
22
SIM5
SIM1
SIM2
SIM3
SIM4
1
21
22
SIM5
SIM1
SIM2
SIM3
SIM4
1
21
22
SIM5
SIM1
SIM2
SIM3
SIM4
1
21
22
SIM5
SIM1
SIM2
SIM3
SIM4
1
21
22
SIM5
SIM1
SIM2
SIM3
SIM4
1
21
22
SIM5
SIM1
SIM2
SIM3
SIM4
1
21
22
SIM5
SIM1
SIM2
SIM3
SIM4
1
21
22
SIM5
SIM1
SIM2
SIM3
SIM4
1
21
22
SIM5
SIM1
SIM2
SIM3
SIM4
1
21
22
SIM5
SIM1
SIM2
SIM3
SIM4
1
21
22
SIM5
SIM1
SIM2
SIM3
SIM4
1
21
22
SIM5
SIM1
SIM2
SIM3
SIM4
1
21
22
SIM5
SIM1
SIM2
SIM3
SIM4
1
21
22
SIM5
SIM1
SIM2
SIM3
SIM4
1
21
22
SIM5
SIM1
SIM2
SIM3
SIM4
1
21
22
SIM5
SIM1
SIM2
SIM3
SIM4
1
21
22
SIM5
SIM1
SIM2
SIM3
SIM4
1
21
22
SIM5
SIM1
SIM2
SIM3
SIM4
1
21
22
SIM5
SIM1
SIM2
SIM3
SIM4
1
21
22
SIM5
SIM1
SIM2
DEBUG 1 768
SIM1
SIM2
SIM3
SIM4
1
21
22
SIM5
SIM1
SIM2
SIM3
SIM4
1
21
22
SIM5
SIM1
SIM2
SIM3
SIM4
1
21
22
SIM5
SIM1
SIM2
SIM3
SIM4
1
21
22
SIM5
SIM1
SIM2
SIM3
SIM4
1
21
22
SIM5
SIM1
SIM2
SIM3
SIM4
1
21
22
SIM5
SIM1
SIM2
SIM3
SIM4
1
21
22
SIM5
SIM1
SIM2
SIM3
SIM4
1
21
22
SIM5
SIM1
SIM2
SIM3
SIM4
1
21
22
SIM5
SIM1
SIM2
SIM3
SIM4
1
21
22
SIM5
SIM1
SIM2
SIM3
SIM4
1
21
22
SIM5
SIM1
SIM2
SIM3
SIM4
1
21
22
SIM5
SIM1
SIM2
SIM3
SIM4
1
21
22
SIM5
SIM1
SIM2
SIM3
SIM4
1
21
22
SIM5
SIM1
SIM2
SIM3
SIM4
1
21
22
SIM5
SIM1
SIM2
SIM3
SIM4
1
21
22
SIM5
SIM1
SIM2
SIM3
SIM4
1
21
22
SIM5
SIM1
SIM2
SIM3
SIM4
1
21
22
SIM5
SIM1
SIM2
SIM3
SIM4
1
21
22
SIM5
SIM1
SIM2
SIM3
SIM4
1
21
22
SIM5
SIM1
SIM2
SIM3
SIM4
1
21
22
SIM5
SIM1
SIM2
SIM3
SIM4
1
21
22
SIM5
SIM1
SIM2
SIM3
SIM4
1
21
22
SIM5
SIM1
SIM2
SIM3
SIM4
1
21
22
SIM5
SIM1
SIM2
SIM3
SIM4
1
21
22
SIM5
SIM1
SIM2
SIM3
SIM4
1
21
22
SIM5
SIM1
SIM2
SIM3
SIM4
1
21
22
SIM5
SIM1
SIM2
SIM3
SIM4
1
21
22
SIM5
SIM1
SIM2
SIM3
SIM4
1
21
22
SIM5
SIM1
SIM2
SIM3
SIM4
1
21
22
SIM5
SIM1
SIM2
SIM3
SIM4
1
21
22
SIM5
SIM1
SIM2
SIM3
SIM4
1
21
22
SIM5
SIM1
SIM2
SIM3
SIM4
1
21
22
SIM5
SIM1
SIM2
SIM3
SIM4
1
21
22
SIM5
SIM1
SIM2
SIM3
SIM4
1
21
22
SIM5
SIM1
SIM2
SIM3
SIM4
1
21
22
SIM5
SIM1
SIM2
SIM3
SIM4
1
21
22
SIM5
SIM1
SIM2
SIM3
SIM4
1
21
22
SIM5
SIM1
SIM2
SIM3
SIM4
1
21
22
SIM5
SIM1
SIM2
SIM3
SIM4
1
21
22
SIM5
SIM1
SIM2
SIM3
SIM4
1
21
22
SIM5
SIM1
SIM2
SIM3
SIM4
1
21
22
SIM5
SIM1
SIM2
SIM3
SIM4
1
21
22
SIM5
SIM1
SIM2
SIM3
SIM4
1
21
22
SIM5
SIM1
SIM2
SIM3
SIM4
1
21
22
SIM5
SIM1
SIM2
SIM3
SIM4
1
21
22
SIM5
SIM1
SIM2
SIM3
SIM4
1
21
22
SIM5
SIM1
SIM2
SIM3
SIM4
1
21
22
SIM5
SIM1
SIM2
SIM3
SIM4
1
21
22
SIM5
SIM1
SIM2
SIM3
SIM4
1
21
22
SIM5
SIM1
SIM2
SIM3
SIM4
1
21
22
SIM5
SIM1
SIM2
SIM3
SIM4
1
21
22
SIM5
SIM1
SIM2
SIM3
SIM4
1
21
22
SIM5
SIM1
SIM2
SIM3
SIM4
1
21
22
SIM5
SIM1
SIM2
SIM3
SIM4
1
21
22
SIM5
SIM1
SIM2
SIM3
SIM4
1
21
22
SIM5
SIM1
SIM2
SIM3
SIM4
1
21
22
SIM5
SIM1
SIM2
SIM3
SIM4
1
21
22
SIM5
SIM1
SIM2
SIM3
SIM4
1
21
22
SIM5
SIM1
SIM2
SIM3
SIM4
1
21
22
SIM5
SIM1
SIM2
SIM3
SIM4
1
21
22
SIM5
SIM1
SIM2
SIM3
SIM4
1
21
22
SIM5
SIM1
SIM2
SIM3
SIM4
1
21
22
SIM5
SIM1
SIM2
SIM3
SIM4
1
21
22
SIM5
SIM1
SIM2
SIM3
SIM4
1
21
22
SIM5
SIM1
SIM2
SIM3
SIM4
1
21
22
SIM5
SIM1
SIM2
SIM3
SIM4
1
21
22
SIM5
SIM1
SIM2
SIM3
SIM4
1
21
22
SIM5
SIM1
SIM2
SIM3
SIM4
1
21
22
SIM5
SIM1
SIM2
SIM3
SIM4
1
21
22
SIM5
SIM1
SIM2
SIM3
SIM4
1
21
22
SIM5
SIM1
SIM2
SIM3
SIM4
1
21
22
SIM5
SIM1
SIM2
SIM3
SIM4
1
21
22
SIM5
SIM1
SIM2
SIM3
SIM4
1
21
22
SIM5
SIM1
SIM2
SIM3
SIM4
1
21
22
SIM5
SIM1
SIM2
SIM3
SIM4
1
21
22
SIM5
SIM1
SIM2
SIM3
SIM4
1
21
22
SIM5
SIM1
SIM2
SIM3
SIM4
1
21
22
SIM5
SIM1
SIM2
SIM3
SIM4
1
21
22
SIM5
SIM1
SIM2
SIM3
SIM4
1
21
22
SIM5
SIM1
SIM2
SIM3
SIM4
1
21
22
SIM5
SIM1
SIM2
SIM3
SIM4
1
21
22
SIM5
SIM1
SIM2
SIM3
SIM4
1
21
22
SIM5
SIM1
SIM2
SIM3
SIM4
1
21
22
SIM5
SIM1
SIM2
SIM3
SIM4
1
21
22
SIM5
SIM1
SIM2
SIM3
SIM4
1
21
22
SIM5
SIM1
SIM2
SIM3
SIM4
1
21
22
SIM5
SIM1
SIM2
SIM3
SIM4
1
21
22
SIM5
SIM1
SIM2
SIM3
SIM4
1
21
22
SIM5
SIM1
SIM2
SIM3
SIM4
1
21
22
SIM5
SIM1
SIM2
SIM3
SIM4
1
21
22
SIM5
SIM1
SIM2
SIM3
SIM4
1
21
22
SIM5
SIM1
SIM2
SIM3
SIM4
1
21
22
SIM5
SIM1
SIM2
SIM3
SIM4
1
21
22
SIM5
SIM1
SIM2
SIM3
SIM4
1
21
22
SIM5
SIM1
SIM2
SIM3
SIM4
1
21
22
SIM5
SIM1
SIM2
SIM3
SIM4
1
21
22
SIM5
SIM1
SIM2
SIM3
SIM4
1
21
22
SIM5
SIM1
SIM2
SIM3
SIM4
1
21
22
SIM5
SIM1
SIM2
SIM3
SIM4
1
21
22
SIM5
SIM1
SIM2
SIM3
SIM4
1
21
22
SIM5
SIM1
SIM2
SIM3
SIM4
1
21
22
SIM5
SIM1
SIM2
SIM3
SIM4
1
21
22
SIM5
SIM1
SIM2
SIM3
SIM4
1
21
22
SIM5
SIM1
SIM2
SIM3
SIM4
1
21
22
SIM5
SIM1
SIM2
SIM3
SIM4
1
21
22
SIM5
SIM1
SIM2
SIM3
SIM4
1
21
22
SIM5
SIM1
SIM2
SIM3
SIM4
1
21
22
SIM5
SIM1
SIM2
SIM3
SIM4
1
21
22
SIM5
SIM1
SIM2
SIM3
SIM4
1
21
22
SIM5
SIM1
SIM2
SIM3
SIM4
1
21
22
SIM5
SIM1
SIM2
SIM3
SIM4
1
21
22
SIM5
SIM1
SIM2
SIM3
SIM4
1
21
22
SIM5
SIM1
SIM2
SIM3
SIM4
1
21
22
SIM5
SIM1
SIM2
SIM3
SIM4
1
21
22
SIM5
SIM1
SIM2
SIM3
SIM4
1
21
22
SIM5
SIM1
SIM2
SIM3
SIM4
1
21
22
SIM5
SIM1
SIM2
SIM3
SIM4
1
21
22
SIM5
SIM1
SIM2
SIM3
SIM4
1
21
22
SIM5
SIM1
SIM2
SIM3
SIM4
1
21
22
SIM5
SIM1
SIM2
SIM3
SIM4
1
21
22
SIM5
SIM1
SIM2
SIM3
SIM4
1
21
22
SIM5
SIM1
SIM2
SIM3
SIM4
1
21
22
SIM5
SIM1
SIM2
SIM3
SIM4
1
21
22
SIM5
SIM1
SIM2
SIM3
SIM4
1
21
22
SIM5
SIM1
SIM2
SIM3
SIM4
1
21
22
SIM5
SIM1
SIM2
SIM3
SIM4
1
21
22
SIM5
SIM1
SIM2
SIM3
SIM4
1
21
22
SIM5
SIM1
SIM2
SIM3
SIM4
1
21
22
SIM5
SIM1
SIM2
SIM3
SIM4
1
21
22
SIM5
SIM1
SIM2
SIM3
SIM4
1
21
22
SIM5
SIM1
SIM2
SIM3
SIM4
1
21
22
SIM5
SIM1
SIM2
SIM3
SIM4
1
21
22
SIM5
SIM1
SIM2
SIM3
SIM4
1
21
22
SIM5
SIM1
SIM2
SIM3
SIM4
1
21
22
SIM5
SIM1
SIM2
DEBUG 1 769
SIM1
SIM2
SIM3
SIM4
1
21
22
SIM5
SIM1
SIM2
SIM3
SIM4
1
21
22
SIM5
SIM1
SIM2
SIM3
SIM4
1
21
22
SIM5
SIM1
SIM2
SIM3
SIM4
1
21
22
SIM5
SIM1
SIM2
SIM3
SIM4
1
21
22
SIM5
SIM1
SIM2
SIM3
SIM4
1
21
22
SIM5
SIM1
SIM2
SIM3
SIM4
1
21
22
SIM5
SIM1
SIM2
SIM3
SIM4
1
21
22
SIM5
SIM1
SIM2
SIM3
SIM4
1
21
22
SIM5
SIM1
SIM2
SIM3
SIM4
1
21
22
SIM5
SIM1
SIM2
SIM3
SIM4
1
21
22
SIM5
SIM1
SIM2
SIM3
SIM4
1
21
22
SIM5
SIM1
SIM2
SIM3
SIM4
1
21
22
SIM5
SIM1
SIM2
SIM3
SIM4
1
21
22
SIM5
SIM1
SIM2
SIM3
SIM4
1
21
22
SIM5
SIM1
SIM2
SIM3
SIM4
1
21
22
SIM5
SIM1
SIM2
SIM3
SIM4
1
21
22
SIM5
SIM1
SIM2
SIM3
SIM4
1
21
22
SIM5
SIM1
SIM2
SIM3
SIM4
1
21
22
SIM5
SIM1
SIM2
SIM3
SIM4
1
21
22
SIM5
SIM1
SIM2
SIM3
SIM4
1
21
22
SIM5
SIM1
SIM2
SIM3
SIM4
1
21
22
SIM5
SIM1
SIM2
SIM3
SIM4
1
21
22
SIM5
SIM1
SIM2
SIM3
SIM4
1
21
22
SIM5
SIM1
SIM2
SIM3
SIM4
1
21
22
SIM5
SIM1
SIM2
SIM3
SIM4
1
21
22
SIM5
SIM1
SIM2
SIM3
SIM4
1
21
22
SIM5
SIM1
SIM2
SIM3
SIM4
1
21
22
SIM5
SIM1
SIM2
SIM3
SIM4
1
21
22
SIM5
SIM1
SIM2
SIM3
SIM4
1
21
22
SIM5
SIM1
SIM2
SIM3
SIM4
1
21
22
SIM5
SIM1
SIM2
SIM3
SIM4
1
21
22
SIM5
SIM1
SIM2
SIM3
SIM4
1
21
22
SIM5
SIM1
SIM2
SIM3
SIM4
1
21
22
SIM5
SIM1
SIM2
SIM3
SIM4
1
21
22
SIM5
SIM1
SIM2
SIM3
SIM4
1
21
22
SIM5
SIM1
SIM2
SIM3
SIM4
1
21
22
SIM5
SIM1
SIM2
SIM3
SIM4
1
21
22
SIM5
SIM1
SIM2
SIM3
SIM4
1
21
22
SIM5
SIM1
SIM2
SIM3
SIM4
1
21
22
SIM5
SIM1
SIM2
SIM3
SIM4
1
21
22
SIM5
SIM1
SIM2
SIM3
SIM4
1
21
22
SIM5
SIM1
SIM2
SIM3
SIM4
1
21
22
SIM5
SIM1
SIM2
SIM3
SIM4
1
21
22
SIM5
SIM1
SIM2
SIM3
SIM4
1
21
22
SIM5
SIM1
SIM2
SIM3
SIM4
1
21
22
SIM5
SIM1
SIM2
SIM3
SIM4
1
21
22
SIM5
SIM1
SIM2
SIM3
SIM4
1
21
22
SIM5
SIM1
SIM2
SIM3
SIM4
1
21
22
SIM5
SIM1
SIM2
SIM3
SIM4
1
21
22
SIM5
SIM1
SIM2
SIM3
SIM4
1
21
22
SIM5
SIM1
SIM2
SIM3
SIM4
1
21
22
SIM5
SIM1
SIM2
SIM3
SIM4
1
21
22
SIM5
SIM1
SIM2
SIM3
SIM4
1
21
22
SIM5
SIM1
SIM2
SIM3
SIM4
1
21
22
SIM5
SIM1
SIM2
SIM3
SIM4
1
21
22
SIM5
SIM1
SIM2
SIM3
SIM4
1
21
22
SIM5
SIM1
SIM2
SIM3
SIM4
1
21
22
SIM5
SIM1
SIM2
SIM3
SIM4
1
21
22
SIM5
SIM1
SIM2
SIM3
SIM4
1
21
22
SIM5
SIM1
SIM2
SIM3
SIM4
1
21
22
SIM5
SIM1
SIM2
SIM3
SIM4
1
21
22
SIM5
SIM1
SIM2
SIM3
SIM4
1
21
22
SIM5
SIM1
SIM2
SIM3
SIM4
1
21
22
SIM5
SIM1
SIM2
SIM3
SIM4
1
21
22
SIM5
SIM1
SIM2
SIM3
SIM4
1
21
22
SIM5
SIM1
SIM2
SIM3
SIM4
1
21
22
SIM5
SIM1
SIM2
SIM3
SIM4
1
21
22
SIM5
SIM1
SIM2
SIM3
SIM4
1
21
22
SIM5
SIM1
SIM2
SIM3
SIM4
1
21
22
SIM5
SIM1
SIM2
SIM3
SIM4
1
21
22
SIM5
SIM1
SIM2
SIM3
SIM4
1
21
22
SIM5
SIM1
SIM2
SIM3
SIM4
1
21
22
SIM5
SIM1
SIM2
SIM3
SIM4
1
21
22
SIM5
SIM1
SIM2
SIM3
SIM4
1
21
22
SIM5
SIM1
SIM2
SIM3
SIM4
1
21
22
SIM5
SIM1
SIM2
SIM3
SIM4
1
21
22
SIM5
SIM1
SIM2
SIM3
SIM4
1
21
22
SIM5
SIM1
SIM2
SIM3
SIM4
1
21
22
SIM5
SIM1
SIM2
SIM3
SIM4
1
21
22
SIM5
SIM1
SIM2
SIM3
SIM4
1
21
22
SIM5
SIM1
SIM2
SIM3
SIM4
1
21
22
SIM5
SIM1
SIM2
SIM3
SIM4
1
21
22
SIM5
SIM1
SIM2
SIM3
SIM4
1
21
22
SIM5
SIM1
SIM2
SIM3
SIM4
1
21
22
SIM5
SIM1
SIM2
SIM3
SIM4
1
21
22
SIM5
SIM1
SIM2
SIM3
SIM4
1
21
22
SIM5
SIM1
SIM2
SIM3
SIM4
1
21
22
SIM5
SIM1
SIM2
SIM3
SIM4
1
21
22
SIM5
SIM1
SIM2
SIM3
SIM4
1
21
22
SIM5
SIM1
SIM2
SIM3
SIM4
1
21
22
SIM5
SIM1
SIM2
SIM3
SIM4
1
21
22
SIM5
SIM1
SIM2
SIM3
SIM4
1
21
22
SIM5
SIM1
SIM2
SIM3
SIM4
1
21
22
SIM5
SIM1
SIM2
SIM3
SIM4
1
21
22
SIM5
SIM1
SIM2
SIM3
SIM4
1
21
22
SIM5
SIM1
SIM2
SIM3
SIM4
1
21
22
SIM5
SIM1
SIM2
SIM3
SIM4
1
21
22
SIM5
SIM1
SIM2
SIM3
SIM4
1
21
22
SIM5
SIM1
SIM2
SIM3
SIM4
1
21
22
SIM5
SIM1
SIM2
SIM3
SIM4
1
21
22
SIM5
SIM1
SIM2
SIM3
SIM4
1
21
22
SIM5
SIM1
SIM2
SIM3
SIM4
1
21
22
SIM5
SIM1
SIM2
SIM3
SIM4
1
21
22
SIM5
SIM1
SIM2
SIM3
SIM4
1
21
22
SIM5
SIM1
SIM2
SIM3
SIM4
1
21
22
SIM5
SIM1
SIM2
SIM3
SIM4
1
21
22
SIM5
SIM1
SIM2
SIM3
SIM4
1
21
22
SIM5
SIM1
SIM2
SIM3
SIM4
1
21
22
SIM5
SIM1
SIM2
SIM3
SIM4
1
21
22
SIM5
SIM1
SIM2
SIM3
SIM4
1
21
22
SIM5
SIM1
SIM2
SIM3
SIM4
1
21
22
SIM5
SIM1
SIM2
SIM3
SIM4
1
21
22
SIM5
SIM1
SIM2
SIM3
SIM4
1
21
22
SIM5
SIM1
SIM2
SIM3
SIM4
1
21
22
SIM5
SIM1
SIM2
SIM3
SIM4
1
21
22
SIM5
SIM1
SIM2
SIM3
SIM4
1
21
22
SIM5
SIM1
SIM2
SIM3
SIM4
1
21
22
SIM5
SIM1
SIM2
SIM3
SIM4
1
21
22
SIM5
SIM1
SIM2
SIM3
SIM4
1
21
22
SIM5
SIM1
SIM2
SIM3
SIM4
1
21
22
SIM5
SIM1
SIM2
SIM3
SIM4
1
21
22
SIM5
SIM1
SIM2
SIM3
SIM4
1
21
22
SIM5
SIM1
SIM2
SIM3
SIM4
1
21
22
SIM5
SIM1
SIM2
SIM3
SIM4
1
21
22
SIM5
SIM1
SIM2
SIM3
SIM4
1
21
22
SIM5
SIM1
SIM2
SIM3
SIM4
1
21
22
SIM5
SIM1
SIM2
SIM3
SIM4
1
21
22
SIM5
SIM1
SIM2
SIM3
SIM4
1
21
22
SIM5
SIM1
SIM2
SIM3
SIM4
1
21
22
SIM5
SIM1
SIM2
SIM3
SIM4
1
21
22
SIM5
SIM1
SIM2
SIM3
SIM4
1
21
22
SIM5
SIM1
SIM2
SIM3
SIM4
1
21
22
SIM5
SIM1
SIM2
SIM3
SIM4
1
21
22
SIM5
SIM1
SIM2
SIM3
SIM4
1
21
22
SIM5
SIM1
SIM2
SIM3
SIM4
1
21
22
SIM5
SIM1
SIM2
SIM3
SIM4
1
21
22
SIM5
SIM1
SIM2
SIM3
SIM4
1
21
22
SIM5
SIM1
SIM2
SIM3
SIM4
1
21
22
SIM5
SIM1
SIM2
DEBUG 1 770
SIM1
SIM2
SIM3
SIM4
1
21
22
SIM5
SIM1
SIM2
SIM3
SIM4
1
21
22
SIM5
SIM1
SIM2
SIM3
SIM4
1
21
22
SIM5
SIM1
SIM2
SIM3
SIM4
1
21
22
SIM5
SIM1
SIM2
SIM3
SIM4
1
21
22
SIM5
SIM1
SIM2
SIM3
SIM4
1
21
22
SIM5
SIM1
SIM2
SIM3
SIM4
1
21
22
SIM5
SIM1
SIM2
SIM3
SIM4
1
21
22
SIM5
SIM1
SIM2
SIM3
SIM4
1
21
22
SIM5
SIM1
SIM2
SIM3
SIM4
1
21
22
SIM5
SIM1
SIM2
SIM3
SIM4
1
21
22
SIM5
SIM1
SIM2
SIM3
SIM4
1
21
22
SIM5
SIM1
SIM2
SIM3
SIM4
1
21
22
SIM5
SIM1
SIM2
SIM3
SIM4
1
21
22
SIM5
SIM1
SIM2
SIM3
SIM4
1
21
22
SIM5
SIM1
SIM2
SIM3
SIM4
1
21
22
SIM5
SIM1
SIM2
SIM3
SIM4
1
21
22
SIM5
SIM1
SIM2
SIM3
SIM4
1
21
22
SIM5
SIM1
SIM2
SIM3
SIM4
1
21
22
SIM5
SIM1
SIM2
SIM3
SIM4
1
21
22
SIM5
SIM1
SIM2
SIM3
SIM4
1
21
22
SIM5
SIM1
SIM2
SIM3
SIM4
1
21
22
SIM5
SIM1
SIM2
SIM3
SIM4
1
21
22
SIM5
SIM1
SIM2
SIM3
SIM4
1
21
22
SIM5
SIM1
SIM2
SIM3
SIM4
1
21
22
SIM5
SIM1
SIM2
SIM3
SIM4
1
21
22
SIM5
SIM1
SIM2
SIM3
SIM4
1
21
22
SIM5
SIM1
SIM2
SIM3
SIM4
1
21
22
SIM5
SIM1
SIM2
SIM3
SIM4
1
21
22
SIM5
SIM1
SIM2
SIM3
SIM4
1
21
22
SIM5
SIM1
SIM2
SIM3
SIM4
1
21
22
SIM5
SIM1
SIM2
SIM3
SIM4
1
21
22
SIM5
SIM1
SIM2
SIM3
SIM4
1
21
22
SIM5
SIM1
SIM2
SIM3
SIM4
1
21
22
SIM5
SIM1
SIM2
SIM3
SIM4
1
21
22
SIM5
SIM1
SIM2
SIM3
SIM4
1
21
22
SIM5
SIM1
SIM2
SIM3
SIM4
1
21
22
SIM5
SIM1
SIM2
SIM3
SIM4
1
21
22
SIM5
SIM1
SIM2
SIM3
SIM4
1
21
22
SIM5
SIM1
SIM2
SIM3
SIM4
1
21
22
SIM5
SIM1
SIM2
SIM3
SIM4
1
21
22
SIM5
SIM1
SIM2
SIM3
SIM4
1
21
22
SIM5
SIM1
SIM2
SIM3
SIM4
1
21
22
SIM5
SIM1
SIM2
SIM3
SIM4
1
21
22
SIM5
SIM1
SIM2
SIM3
SIM4
1
21
22
SIM5
SIM1
SIM2
SIM3
SIM4
1
21
22
SIM5
SIM1
SIM2
SIM3
SIM4
1
21
22
SIM5
SIM1
SIM2
SIM3
SIM4
1
21
22
SIM5
SIM1
SIM2
SIM3
SIM4
1
21
22
SIM5
SIM1
SIM2
SIM3
SIM4
1
21
22
SIM5
SIM1
SIM2
SIM3
SIM4
1
21
22
SIM5
SIM1
SIM2
SIM3
SIM4
1
21
22
SIM5
SIM1
SIM2
SIM3
SIM4
1
21
22
SIM5
SIM1
SIM2
SIM3
SIM4
1
21
22
SIM5
SIM1
SIM2
SIM3
SIM4
1
21
22
SIM5
SIM1
SIM2
SIM3
SIM4
1
21
22
SIM5
SIM1
SIM2
SIM3
SIM4
1
21
22
SIM5
SIM1
SIM2
SIM3
SIM4
1
21
22
SIM5
SIM1
SIM2
SIM3
SIM4
1
21
22
SIM5
SIM1
SIM2
SIM3
SIM4
1
21
22
SIM5
SIM1
SIM2
SIM3
SIM4
1
21
22
SIM5
SIM1
SIM2
SIM3
SIM4
1
21
22
SIM5
SIM1
SIM2
SIM3
SIM4
1
21
22
SIM5
SIM1
SIM2
SIM3
SIM4
1
21
22
SIM5
SIM1
SIM2
SIM3
SIM4
1
21
22
SIM5
SIM1
SIM2
SIM3
SIM4
1
21
22
SIM5
SIM1
SIM2
SIM3
SIM4
1
21
22
SIM5
SIM1
SIM2
SIM3
SIM4
1
21
22
SIM5
SIM1
SIM2
SIM3
SIM4
1
21
22
SIM5
SIM1
SIM2
SIM3
SIM4
1
21
22
SIM5
SIM1
SIM2
SIM3
SIM4
1
21
22
SIM5
SIM1
SIM2
SIM3
SIM4
1
21
22
SIM5
SIM1
SIM2
SIM3
SIM4
1
21
22
SIM5
SIM1
SIM2
SIM3
SIM4
1
21
22
SIM5
SIM1
SIM2
SIM3
SIM4
1
21
22
SIM5
SIM1
SIM2
SIM3
SIM4
1
21
22
SIM5
SIM1
SIM2
SIM3
SIM4
1
21
22
SIM5
SIM1
SIM2
SIM3
SIM4
1
21
22
SIM5
SIM1
SIM2
SIM3
SIM4
1
21
22
SIM5
SIM1
SIM2
SIM3
SIM4
1
21
22
SIM5
SIM1
SIM2
SIM3
SIM4
1
21
22
SIM5
SIM1
SIM2
SIM3
SIM4
1
21
22
SIM5
SIM1
SIM2
SIM3
SIM4
1
21
22
SIM5
SIM1
SIM2
SIM3
SIM4
1
21
22
SIM5
SIM1
SIM2
SIM3
SIM4
1
21
22
SIM5
SIM1
SIM2
SIM3
SIM4
1
21
22
SIM5
SIM1
SIM2
SIM3
SIM4
1
21
22
SIM5
SIM1
SIM2
SIM3
SIM4
1
21
22
SIM5
SIM1
SIM2
SIM3
SIM4
1
21
22
SIM5
SIM1
SIM2
SIM3
SIM4
1
21
22
SIM5
SIM1
SIM2
SIM3
SIM4
1
21
22
SIM5
SIM1
SIM2
SIM3
SIM4
1
21
22
SIM5
SIM1
SIM2
SIM3
SIM4
1
21
22
SIM5
SIM1
SIM2
SIM3
SIM4
1
21
22
SIM5
SIM1
SIM2
SIM3
SIM4
1
21
22
SIM5
SIM1
SIM2
SIM3
SIM4
1
21
22
SIM5
SIM1
SIM2
SIM3
SIM4
1
21
22
SIM5
SIM1
SIM2
SIM3
SIM4
1
21
22
SIM5
SIM1
SIM2
SIM3
SIM4
1
21
22
SIM5
SIM1
SIM2
SIM3
SIM4
1
21
22
SIM5
SIM1
SIM2
SIM3
SIM4
1
21
22
SIM5
SIM1
SIM2
SIM3
SIM4
1
21
22
SIM5
SIM1
SIM2
SIM3
SIM4
1
21
22
SIM5
SIM1
SIM2
SIM3
SIM4
1
21
22
SIM5
SIM1
SIM2
SIM3
SIM4
1
21
22
SIM5
SIM1
SIM2
SIM3
SIM4
1
21
22
SIM5
SIM1
SIM2
SIM3
SIM4
1
21
22
SIM5
SIM1
SIM2
SIM3
SIM4
1
21
22
SIM5
SIM1
SIM2
SIM3
SIM4
1
21
22
SIM5
SIM1
SIM2
SIM3
SIM4
1
21
22
SIM5
SIM1
SIM2
SIM3
SIM4
1
21
22
SIM5
SIM1
SIM2
SIM3
SIM4
1
21
22
SIM5
SIM1
SIM2
SIM3
SIM4
1
21
22
SIM5
SIM1
SIM2
SIM3
SIM4
1
21
22
SIM5
SIM1
SIM2
SIM3
SIM4
1
21
22
SIM5
SIM1
SIM2
SIM3
SIM4
1
21
22
SIM5
SIM1
SIM2
SIM3
SIM4
1
21
22
SIM5
SIM1
SIM2
SIM3
SIM4
1
21
22
SIM5
SIM1
SIM2
SIM3
SIM4
1
21
22
SIM5
SIM1
SIM2
SIM3
SIM4
1
21
22
SIM5
SIM1
SIM2
SIM3
SIM4
1
21
22
SIM5
SIM1
SIM2
SIM3
SIM4
1
21
22
SIM5
SIM1
SIM2
SIM3
SIM4
1
21
22
SIM5
SIM1
SIM2
SIM3
SIM4
1
21
22
SIM5
SIM1
SIM2
SIM3
SIM4
1
21
22
SIM5
SIM1
SIM2
SIM3
SIM4
1
21
22
SIM5
SIM1
SIM2
SIM3
SIM4
1
21
22
SIM5
SIM1
SIM2
SIM3
SIM4
1
21
22
SIM5
SIM1
SIM2
SIM3
SIM4
1
21
22
SIM5
SIM1
SIM2
SIM3
SIM4
1
21
22
SIM5
SIM1
SIM2
SIM3
SIM4
1
21
22
SIM5
SIM1
SIM2
SIM3
SIM4
1
21
22
SIM5
SIM1
SIM2
SIM3
SIM4
1
21
22
SIM5
SIM1
SIM2
SIM3
SIM4
1
21
22
SIM5
SIM1
SIM2
SIM3
SIM4
1
21
22
SIM5
SIM1
SIM2
SIM3
SIM4
1
21
22
SIM5
SIM1
SIM2
SIM3
SIM4
1
21
22
SIM5
SIM1
SIM2
SIM3
SIM4
1
21
22
SIM5
SIM1
SIM2
SIM3
SIM4
1
21
22
SIM5
SIM1
SIM2
SIM3
SIM4
1
21
22
SIM5
SIM1
SIM2
SIM3
SIM4
1
21
22
SIM5
SIM1
SIM2
SIM3
SIM4
1
21
22
SIM5
SIM1
SIM2
SIM3
SIM4
1
21
22
SIM5
SIM1
SIM2
SIM3
SIM4
1
21
22
SIM5
SIM1
SIM2
SIM3
SIM4
1
21
22
SIM5
SIM1
SIM2
SIM3
SIM4
1
21
22
SIM5
SIM1
SIM2
SIM3
SIM4
1
21
22
SIM5
SIM1
SIM2
SIM3
SIM4
1
21
22
SIM5
SIM1
SIM2
SIM3
SIM4
1
21
22
SIM5
SIM1
SIM2
SIM3
SIM4
1
21
22
SIM5
SIM1
SIM2
SIM3
SIM4
1
21
22
SIM5
SIM1
SIM2
SIM3
SIM4
1
21
22
SIM5
SIM1
SIM2
SIM3
SIM4
1
21
22
SIM5
SIM1
SIM2
SIM3
SIM4
1
21
22
SIM5
SIM1
SIM2
SIM3
SIM4
1
21
22
SIM5
SIM1
SIM2
SIM3
SIM4
1
21
22
SIM5
SIM1
SIM2
SIM3
SIM4
1
21
22
SIM5
SIM1
SIM2
SIM3
SIM4
1
21
22
SIM5
SIM1
SIM2
SIM3
SIM4
1
21
22
SIM5
SIM1
SIM2
SIM3
SIM4
1
21
22
SIM5
SIM1
SIM2
SIM3
SIM4
1
21
22
SIM5
SIM1
SIM2
SIM3
SIM4
1
21
22
SIM5
SIM1
SIM2
SIM3
SIM4
1
21
22
SIM5
SIM1
SIM2
SIM3
SIM4
1
21
22
SIM5
SIM1
SIM2
SIM3
SIM4
1
21
22
SIM5
SIM1
SIM2
SIM3
SIM4
1
21
22
SIM5
SIM1
SIM2
SIM3
SIM4
1
21
22
SIM5
SIM1
SIM2
SIM3
SIM4
1
21
22
SIM5
SIM1
SIM2
SIM3
SIM4
1
21
22
SIM5
SIM1
SIM2
SIM3
SIM4
1
21
22
SIM5
SIM1
SIM2
SIM3
SIM4
1
21
22
SIM5
SIM1
SIM2
SIM3
SIM4
1
21
22
SIM5
SIM1
SIM2
SIM3
SIM4
1
21
22
SIM5
SIM1
SIM2
SIM3
SIM4
1
21
22
SIM5
SIM1
SIM2
SIM3
SIM4
1
21
22
SIM5
SIM1
SIM2
SIM3
SIM4
1
21
22
SIM5
SIM1
SIM2
SIM3
SIM4
1
21
22
SIM5
SIM1
SIM2
SIM3
SIM4
1
21
22
SIM5
SIM1
SIM2
SIM3
SIM4
1
21
22
SIM5
SIM1
SIM2
SIM3
SIM4
1
21
22
SIM5
SIM1
SIM2
SIM3
SIM4
1
21
22
SIM5
SIM1
SIM2
SIM3
SIM4
1
21
22
SIM5
SIM1
SIM2
SIM3
SIM4
1
21
22
SIM5
SIM1
SIM2
SIM3
SIM4
1
21
22
SIM5
SIM1
SIM2
SIM3
SIM4
1
21
22
SIM5
SIM1
SIM2
SIM3
SIM4
1
21
22
SIM5
SIM1
SIM2
SIM3
SIM4
1
21
22
SIM5
SIM1
SIM2
SIM3
SIM4
1
21
22
SIM5
SIM1
SIM2
SIM3
SIM4
1
21
22
SIM5
SIM1
SIM2
SIM3
SIM4
1
21
22
SIM5
SIM1
SIM2
SIM3
SIM4
1
21
22
SIM5
SIM1
SIM2
SIM3
SIM4
1
21
22
SIM5
SIM1
SIM2
SIM3
SIM4
1
21
22
SIM5
SIM1
SIM2
SIM3
SIM4
1
21
22
SIM5
SIM1
SIM2
SIM3
SIM4
1
21
22
SIM5
SIM1
SIM2
SIM3
SIM4
1
21
22
SIM5
SIM1
SIM2
SIM3
SIM4
1
21
22
SIM5
SIM1
SIM2
SIM3
SIM4
1
21
22
SIM5
SIM1
SIM2
SIM3
SIM4
1
21
22
SIM5
SIM1
SIM2
DEBUG 1 771
SIM1
SIM2
SIM3
SIM4
1
21
22
SIM5
SIM1
SIM2
SIM3
SIM4
1
21
22
SIM5
SIM1
SIM2
SIM3
SIM4
1
21
22
SIM5
SIM1
SIM2
SIM3
SIM4
1
21
22
SIM5
SIM1
SIM2
SIM3
SIM4
1
21
22
SIM5
SIM1
SIM2
SIM3
SIM4
1
21
22
SIM5
SIM1
SIM2
SIM3
SIM4
1
21
22
SIM5
SIM1
SIM2
SIM3
SIM4
1
21
22
SIM5
SIM1
SIM2
SIM3
SIM4
1
21
22
SIM5
SIM1
SIM2
SIM3
SIM4
1
21
22
SIM5
SIM1
SIM2
SIM3
SIM4
1
21
22
SIM5
SIM1
SIM2
SIM3
SIM4
1
21
22
SIM5
SIM1
SIM2
SIM3
SIM4
1
21
22
SIM5
SIM1
SIM2
SIM3
SIM4
1
21
22
SIM5
SIM1
SIM2
SIM3
SIM4
1
21
22
SIM5
SIM1
SIM2
SIM3
SIM4
1
21
22
SIM5
SIM1
SIM2
SIM3
SIM4
1
21
22
SIM5
SIM1
SIM2
SIM3
SIM4
1
21
22
SIM5
SIM1
SIM2
SIM3
SIM4
1
21
22
SIM5
SIM1
SIM2
SIM3
SIM4
1
21
22
SIM5
SIM1
SIM2
SIM3
SIM4
1
21
22
SIM5
SIM1
SIM2
SIM3
SIM4
1
21
22
SIM5
SIM1
SIM2
SIM3
SIM4
1
21
22
SIM5
SIM1
SIM2
SIM3
SIM4
1
21
22
SIM5
SIM1
SIM2
SIM3
SIM4
1
21
22
SIM5
SIM1
SIM2
SIM3
SIM4
1
21
22
SIM5
SIM1
SIM2
SIM3
SIM4
1
21
22
SIM5
SIM1
SIM2
SIM3
SIM4
1
21
22
SIM5
SIM1
SIM2
SIM3
SIM4
1
21
22
SIM5
SIM1
SIM2
SIM3
SIM4
1
21
22
SIM5
SIM1
SIM2
SIM3
SIM4
1
21
22
SIM5
SIM1
SIM2
SIM3
SIM4
1
21
22
SIM5
SIM1
SIM2
SIM3
SIM4
1
21
22
SIM5
SIM1
SIM2
SIM3
SIM4
1
21
22
SIM5
SIM1
SIM2
SIM3
SIM4
1
21
22
SIM5
SIM1
SIM2
SIM3
SIM4
1
21
22
SIM5
SIM1
SIM2
SIM3
SIM4
1
21
22
SIM5
SIM1
SIM2
SIM3
SIM4
1
21
22
SIM5
SIM1
SIM2
SIM3
SIM4
1
21
22
SIM5
SIM1
SIM2
SIM3
SIM4
1
21
22
SIM5
SIM1
SIM2
SIM3
SIM4
1
21
22
SIM5
SIM1
SIM2
SIM3
SIM4
1
21
22
SIM5
SIM1
SIM2
SIM3
SIM4
1
21
22
SIM5
SIM1
SIM2
SIM3
SIM4
1
21
22
SIM5
SIM1
SIM2
SIM3
SIM4
1
21
22
SIM5
SIM1
SIM2
SIM3
SIM4
1
21
22
SIM5
SIM1
SIM2
SIM3
SIM4
1
21
22
SIM5
SIM1
SIM2
SIM3
SIM4
1
21
22
SIM5
SIM1
SIM2
SIM3
SIM4
1
21
22
SIM5
SIM1
SIM2
SIM3
SIM4
1
21
22
SIM5
SIM1
SIM2
SIM3
SIM4
1
21
22
SIM5
SIM1
SIM2
SIM3
SIM4
1
21
22
SIM5
SIM1
SIM2
SIM3
SIM4
1
21
22
SIM5
SIM1
SIM2
SIM3
SIM4
1
21
22
SIM5
SIM1
SIM2
SIM3
SIM4
1
21
22
SIM5
SIM1
SIM2
SIM3
SIM4
1
21
22
SIM5
SIM1
SIM2
SIM3
SIM4
1
21
22
SIM5
SIM1
SIM2
SIM3
SIM4
1
21
22
SIM5
SIM1
SIM2
SIM3
SIM4
1
21
22
SIM5
SIM1
SIM2
SIM3
SIM4
1
21
22
SIM5
SIM1
SIM2
SIM3
SIM4
1
21
22
SIM5
SIM1
SIM2
SIM3
SIM4
1
21
22
SIM5
SIM1
SIM2
SIM3
SIM4
1
21
22
SIM5
SIM1
SIM2
SIM3
SIM4
1
21
22
SIM5
SIM1
SIM2
SIM3
SIM4
1
21
22
SIM5
SIM1
SIM2
SIM3
SIM4
1
21
22
SIM5
SIM1
SIM2
SIM3
SIM4
1
21
22
SIM5
SIM1
SIM2
SIM3
SIM4
1
21
22
SIM5
SIM1
SIM2
SIM3
SIM4
1
21
22
SIM5
SIM1
SIM2
SIM3
SIM4
1
21
22
SIM5
SIM1
SIM2
SIM3
SIM4
1
21
22
SIM5
SIM1
SIM2
SIM3
SIM4
1
21
22
SIM5
SIM1
SIM2
SIM3
SIM4
1
21
22
SIM5
SIM1
SIM2
SIM3
SIM4
1
21
22
SIM5
SIM1
SIM2
SIM3
SIM4
1
21
22
SIM5
SIM1
SIM2
SIM3
SIM4
1
21
22
SIM5
SIM1
SIM2
SIM3
SIM4
1
21
22
SIM5
SIM1
SIM2
SIM3
SIM4
1
21
22
SIM5
SIM1
SIM2
SIM3
SIM4
1
21
22
SIM5
SIM1
SIM2
SIM3
SIM4
1
21
22
SIM5
SIM1
SIM2
SIM3
SIM4
1
21
22
SIM5
SIM1
SIM2
SIM3
SIM4
1
21
22
SIM5
SIM1
SIM2
SIM3
SIM4
1
21
22
SIM5
SIM1
SIM2
SIM3
SIM4
1
21
22
SIM5
SIM1
SIM2
SIM3
SIM4
1
21
22
SIM5
SIM1
SIM2
SIM3
SIM4
1
21
22
SIM5
SIM1
SIM2
SIM3
SIM4
1
21
22
SIM5
SIM1
SIM2
SIM3
SIM4
1
21
22
SIM5
SIM1
SIM2
SIM3
SIM4
1
21
22
SIM5
SIM1
SIM2
SIM3
SIM4
1
21
22
SIM5
SIM1
SIM2
SIM3
SIM4
1
21
22
SIM5
SIM1
SIM2
SIM3
SIM4
1
21
22
SIM5
SIM1
SIM2
SIM3
SIM4
1
21
22
SIM5
SIM1
SIM2
SIM3
SIM4
1
21
22
SIM5
SIM1
SIM2
SIM3
SIM4
1
21
22
SIM5
SIM1
SIM2
SIM3
SIM4
1
21
22
SIM5
SIM1
SIM2
SIM3
SIM4
1
21
22
SIM5
SIM1
SIM2
SIM3
SIM4
1
21
22
SIM5
SIM1
SIM2
SIM3
SIM4
1
21
22
SIM5
SIM1
SIM2
SIM3
SIM4
1
21
22
SIM5
SIM1
SIM2
SIM3
SIM4
1
21
22
SIM5
SIM1
SIM2
SIM3
SIM4
1
21
22
SIM5
SIM1
SIM2
SIM3
SIM4
1
21
22
SIM5
SIM1
SIM2
SIM3
SIM4
1
21
22
SIM5
SIM1
SIM2
SIM3
SIM4
1
21
22
SIM5
SIM1
SIM2
SIM3
SIM4
1
21
22
SIM5
SIM1
SIM2
SIM3
SIM4
1
21
22
SIM5
SIM1
SIM2
SIM3
SIM4
1
21
22
SIM5
SIM1
SIM2
SIM3
SIM4
1
21
22
SIM5
SIM1
SIM2
SIM3
SIM4
1
21
22
SIM5
SIM1
SIM2
SIM3
SIM4
1
21
22
SIM5
SIM1
SIM2
SIM3
SIM4
1
21
22
SIM5
SIM1
SIM2
SIM3
SIM4
1
21
22
SIM5
SIM1
SIM2
SIM3
SIM4
1
21
22
SIM5
SIM1
SIM2
SIM3
SIM4
1
21
22
SIM5
SIM1
SIM2
SIM3
SIM4
1
21
22
SIM5
SIM1
SIM2
SIM3
SIM4
1
21
22
SIM5
SIM1
SIM2
SIM3
SIM4
1
21
22
SIM5
SIM1
SIM2
SIM3
SIM4
1
21
22
SIM5
SIM1
SIM2
SIM3
SIM4
1
21
22
SIM5
SIM1
SIM2
SIM3
SIM4
1
21
22
SIM5
SIM1
SIM2
SIM3
SIM4
1
21
22
SIM5
SIM1
SIM2
SIM3
SIM4
1
21
22
SIM5
SIM1
SIM2
SIM3
SIM4
1
21
22
SIM5
SIM1
SIM2
SIM3
SIM4
1
21
22
SIM5
SIM1
SIM2
SIM3
SIM4
1
21
22
SIM5
SIM1
SIM2
SIM3
SIM4
1
21
22
SIM5
SIM1
SIM2
SIM3
SIM4
1
21
22
SIM5
SIM1
SIM2
SIM3
SIM4
1
21
22
SIM5
SIM1
SIM2
SIM3
SIM4
1
21
22
SIM5
SIM1
SIM2
SIM3
SIM4
1
21
22
SIM5
SIM1
SIM2
SIM3
SIM4
1
21
22
SIM5
SIM1
SIM2
SIM3
SIM4
1
21
22
SIM5
SIM1
SIM2
SIM3
SIM4
1
21
22
SIM5
SIM1
SIM2
SIM3
SIM4
1
21
22
SIM5
SIM1
SIM2
SIM3
SIM4
1
21
22
SIM5
SIM1
SIM2
SIM3
SIM4
1
21
22
SIM5
SIM1
SIM2
SIM3
SIM4
1
21
22
SIM5
SIM1
SIM2
SIM3
SIM4
1
21
22
SIM5
SIM1
SIM2
SIM3
SIM4
1
21
22
SIM5
SIM1
SIM2
SIM3
SIM4
1
21
22
SIM5
SIM1
SIM2
SIM3
SIM4
1
21
22
SIM5
SIM1
SIM2
SIM3
SIM4
1
21
22
SIM5
SIM1
SIM2
SIM3
SIM4
1
21
22
SIM5
SIM1
SIM2
SIM3
SIM4
1
21
22
SIM5
SIM1
SIM2
SIM3
SIM4
1
21
22
SIM5
SIM1
SIM2
SIM3
SIM4
1
21
22
SIM5
SIM1
SIM2
SIM3
SIM4
1
21
22
SIM5
SIM1
SIM2
SIM3
SIM4
1
21
22
SIM5
SIM1
SIM2
SIM3
SIM4
1
21
22
SIM5
SIM1
SIM2
SIM3
SIM4
1
21
22
SIM5
SIM1
SIM2
SIM3
SIM4
1
21
22
SIM5
SIM1
SIM2
SIM3
SIM4
1
21
22
SIM5
SIM1
SIM2
SIM3
SIM4
1
21
22
SIM5
SIM1
SIM2
SIM3
SIM4
1
21
22
SIM5
SIM1
SIM2
SIM3
SIM4
1
21
22
SIM5
SIM1
SIM2
SIM3
SIM4
1
21
22
SIM5
SIM1
SIM2
SIM3
SIM4
1
21
22
SIM5
SIM1
SIM2
SIM3
SIM4
1
21
22
SIM5
SIM1
SIM2
SIM3
SIM4
1
21
22
SIM5
SIM1
SIM2
SIM3
SIM4
1
21
22
SIM5
SIM1
SIM2
SIM3
SIM4
1
21
22
SIM5
SIM1
SIM2
SIM3
SIM4
1
21
22
SIM5
SIM1
SIM2
SIM3
SIM4
1
21
22
SIM5
SIM1
SIM2
SIM3
SIM4
1
21
22
SIM5
SIM1
SIM2
SIM3
SIM4
1
21
22
SIM5
SIM1
SIM2
SIM3
SIM4
1
21
22
SIM5
SIM1
SIM2
SIM3
SIM4
1
21
22
SIM5
SIM1
SIM2
SIM3
SIM4
1
21
22
SIM5
SIM1
SIM2
SIM3
SIM4
1
21
22
SIM5
SIM1
SIM2
SIM3
SIM4
1
21
22
SIM5
SIM1
SIM2
SIM3
SIM4
1
21
22
SIM5
SIM1
SIM2
SIM3
SIM4
1
21
22
SIM5
SIM1
SIM2
SIM3
SIM4
1
21
22
SIM5
SIM1
SIM2
SIM3
SIM4
1
21
22
SIM5
SIM1
SIM2
SIM3
SIM4
1
21
22
SIM5
SIM1
SIM2
SIM3
SIM4
1
21
22
SIM5
SIM1
SIM2
SIM3
SIM4
1
21
22
SIM5
SIM1
SIM2
SIM3
SIM4
1
21
22
SIM5
SIM1
SIM2
SIM3
SIM4
1
21
22
SIM5
SIM1
SIM2
SIM3
SIM4
1
21
22
SIM5
SIM1
SIM2
SIM3
SIM4
1
21
22
SIM5
SIM1
SIM2
SIM3
SIM4
1
21
22
SIM5
SIM1
SIM2
SIM3
SIM4
1
21
22
SIM5
SIM1
SIM2
SIM3
SIM4
1
21
22
SIM5
SIM1
SIM2
SIM3
SIM4
1
21
22
SIM5
SIM1
SIM2
SIM3
SIM4
1
21
22
SIM5
SIM1
SIM2
SIM3
SIM4
1
21
22
SIM5
SIM1
SIM2
SIM3
SIM4
1
21
22
SIM5
SIM1
SIM2
SIM3
SIM4
1
21
22
SIM5
SIM1
SIM2
SIM3
SIM4
1
21
22
SIM5
SIM1
SIM2
SIM3
SIM4
1
21
22
SIM5
SIM1
SIM2
SIM3
SIM4
1
21
22
SIM5
SIM1
SIM2
SIM3
SIM4
1
21
22
SIM5
SIM1
SIM2
SIM3
SIM4
1
21
22
SIM5
SIM1
SIM2
SIM3
SIM4
1
21
22
SIM5
SIM1
SIM2
SIM3
SIM4
1
21
22
SIM5
SIM1
SIM2
SIM3
SIM4
1
21
22
SIM5
SIM1
SIM2
SIM3
SIM4
1
21
22
SIM5
SIM1
SIM2
SIM3
SIM4
1
21
22
SIM5
SIM1
SIM2
SIM3
SIM4
1
21
22
SIM5
SIM1
SIM2
SIM3
SIM4
1
21
22
SIM5
SIM1
SIM2
SIM3
SIM4
1
21
22
SIM5
SIM1
SIM2
SIM3
SIM4
1
21
22
SIM5
SIM1
SIM2
SIM3
SIM4
1
21
22
SIM5
SIM1
SIM2
SIM3
SIM4
1
21
22
SIM5
SIM1
SIM2
SIM3
SIM4
1
21
22
SIM5
SIM1
SIM2
SIM3
SIM4
1
21
22
SIM5
SIM1
SIM2
SIM3
SIM4
1
21
22
SIM5
SIM1
SIM2
SIM3
SIM4
1
21
22
SIM5
SIM1
SIM2
SIM3
SIM4
1
21
22
SIM5
SIM1
SIM2
SIM3
SIM4
1
21
22
SIM5
SIM1
SIM2
DEBUG 1 772
SIM1
SIM2
SIM3
SIM4
1
21
22
SIM5
SIM1
SIM2
SIM3
SIM4
1
21
22
SIM5
SIM1
SIM2
SIM3
SIM4
1
21
22
SIM5
SIM1
SIM2
SIM3
SIM4
1
21
22
SIM5
SIM1
SIM2
SIM3
SIM4
1
21
22
SIM5
SIM1
SIM2
SIM3
SIM4
1
21
22
SIM5
SIM1
SIM2
SIM3
SIM4
1
21
22
SIM5
SIM1
SIM2
SIM3
SIM4
1
21
22
SIM5
SIM1
SIM2
SIM3
SIM4
1
21
22
SIM5
SIM1
SIM2
SIM3
SIM4
1
21
22
SIM5
SIM1
SIM2
SIM3
SIM4
1
21
22
SIM5
SIM1
SIM2
SIM3
SIM4
1
21
22
SIM5
SIM1
SIM2
SIM3
SIM4
1
21
22
SIM5
SIM1
SIM2
SIM3
SIM4
1
21
22
SIM5
SIM1
SIM2
SIM3
SIM4
1
21
22
SIM5
SIM1
SIM2
SIM3
SIM4
1
21
22
SIM5
SIM1
SIM2
SIM3
SIM4
1
21
22
SIM5
SIM1
SIM2
SIM3
SIM4
1
21
22
SIM5
SIM1
SIM2
SIM3
SIM4
1
21
22
SIM5
SIM1
SIM2
SIM3
SIM4
1
21
22
SIM5
SIM1
SIM2
SIM3
SIM4
1
21
22
SIM5
SIM1
SIM2
SIM3
SIM4
1
21
22
SIM5
SIM1
SIM2
SIM3
SIM4
1
21
22
SIM5
SIM1
SIM2
SIM3
SIM4
1
21
22
SIM5
SIM1
SIM2
SIM3
SIM4
1
21
22
SIM5
SIM1
SIM2
SIM3
SIM4
1
21
22
SIM5
SIM1
SIM2
SIM3
SIM4
1
21
22
SIM5
SIM1
SIM2
SIM3
SIM4
1
21
22
SIM5
SIM1
SIM2
SIM3
SIM4
1
21
22
SIM5
SIM1
SIM2
SIM3
SIM4
1
21
22
SIM5
SIM1
SIM2
SIM3
SIM4
1
21
22
SIM5
SIM1
SIM2
SIM3
SIM4
1
21
22
SIM5
SIM1
SIM2
SIM3
SIM4
1
21
22
SIM5
SIM1
SIM2
SIM3
SIM4
1
21
22
SIM5
SIM1
SIM2
SIM3
SIM4
1
21
22
SIM5
SIM1
SIM2
SIM3
SIM4
1
21
22
SIM5
SIM1
SIM2
SIM3
SIM4
1
21
22
SIM5
SIM1
SIM2
SIM3
SIM4
1
21
22
SIM5
SIM1
SIM2
SIM3
SIM4
1
21
22
SIM5
SIM1
SIM2
SIM3
SIM4
1
21
22
SIM5
SIM1
SIM2
SIM3
SIM4
1
21
22
SIM5
SIM1
SIM2
SIM3
SIM4
1
21
22
SIM5
SIM1
SIM2
SIM3
SIM4
1
21
22
SIM5
SIM1
SIM2
SIM3
SIM4
1
21
22
SIM5
SIM1
SIM2
SIM3
SIM4
1
21
22
SIM5
SIM1
SIM2
SIM3
SIM4
1
21
22
SIM5
SIM1
SIM2
SIM3
SIM4
1
21
22
SIM5
SIM1
SIM2
SIM3
SIM4
1
21
22
SIM5
SIM1
SIM2
SIM3
SIM4
1
21
22
SIM5
SIM1
SIM2
SIM3
SIM4
1
21
22
SIM5
SIM1
SIM2
SIM3
SIM4
1
21
22
SIM5
SIM1
SIM2
SIM3
SIM4
1
21
22
SIM5
SIM1
SIM2
SIM3
SIM4
1
21
22
SIM5
SIM1
SIM2
SIM3
SIM4
1
21
22
SIM5
SIM1
SIM2
SIM3
SIM4
1
21
22
SIM5
SIM1
SIM2
SIM3
SIM4
1
21
22
SIM5
SIM1
SIM2
SIM3
SIM4
1
21
22
SIM5
SIM1
SIM2
SIM3
SIM4
1
21
22
SIM5
SIM1
SIM2
SIM3
SIM4
1
21
22
SIM5
SIM1
SIM2
SIM3
SIM4
1
21
22
SIM5
SIM1
SIM2
SIM3
SIM4
1
21
22
SIM5
SIM1
SIM2
SIM3
SIM4
1
21
22
SIM5
SIM1
SIM2
SIM3
SIM4
1
21
22
SIM5
SIM1
SIM2
SIM3
SIM4
1
21
22
SIM5
SIM1
SIM2
SIM3
SIM4
1
21
22
SIM5
SIM1
SIM2
SIM3
SIM4
1
21
22
SIM5
SIM1
SIM2
SIM3
SIM4
1
21
22
SIM5
SIM1
SIM2
SIM3
SIM4
1
21
22
SIM5
SIM1
SIM2
SIM3
SIM4
1
21
22
SIM5
SIM1
SIM2
SIM3
SIM4
1
21
22
SIM5
SIM1
SIM2
SIM3
SIM4
1
21
22
SIM5
SIM1
SIM2
SIM3
SIM4
1
21
22
SIM5
SIM1
SIM2
SIM3
SIM4
1
21
22
SIM5
SIM1
SIM2
SIM3
SIM4
1
21
22
SIM5
SIM1
SIM2
SIM3
SIM4
1
21
22
SIM5
SIM1
SIM2
SIM3
SIM4
1
21
22
SIM5
SIM1
SIM2
SIM3
SIM4
1
21
22
SIM5
SIM1
SIM2
SIM3
SIM4
1
21
22
SIM5
SIM1
SIM2
SIM3
SIM4
1
21
22
SIM5
SIM1
SIM2
SIM3
SIM4
1
21
22
SIM5
SIM1
SIM2
SIM3
SIM4
1
21
22
SIM5
SIM1
SIM2
SIM3
SIM4
1
21
22
SIM5
SIM1
SIM2
SIM3
SIM4
1
21
22
SIM5
SIM1
SIM2
SIM3
SIM4
1
21
22
SIM5
SIM1
SIM2
SIM3
SIM4
1
21
22
SIM5
SIM1
SIM2
SIM3
SIM4
1
21
22
SIM5
SIM1
SIM2
SIM3
SIM4
1
21
22
SIM5
SIM1
SIM2
SIM3
SIM4
1
21
22
SIM5
SIM1
SIM2
SIM3
SIM4
1
21
22
SIM5
SIM1
SIM2
SIM3
SIM4
1
21
22
SIM5
SIM1
SIM2
SIM3
SIM4
1
21
22
SIM5
SIM1
SIM2
SIM3
SIM4
1
21
22
SIM5
SIM1
SIM2
SIM3
SIM4
1
21
22
SIM5
SIM1
SIM2
SIM3
SIM4
1
21
22
SIM5
SIM1
SIM2
SIM3
SIM4
1
21
22
SIM5
SIM1
SIM2
SIM3
SIM4
1
21
22
SIM5
SIM1
SIM2
SIM3
SIM4
1
21
22
SIM5
SIM1
SIM2
SIM3
SIM4
1
21
22
SIM5
SIM1
SIM2
SIM3
SIM4
1
21
22
SIM5
SIM1
SIM2
SIM3
SIM4
1
21
22
SIM5
SIM1
SIM2
SIM3
SIM4
1
21
22
SIM5
SIM1
SIM2
SIM3
SIM4
1
21
22
SIM5
SIM1
SIM2
SIM3
SIM4
1
21
22
SIM5
SIM1
SIM2
SIM3
SIM4
1
21
22
SIM5
SIM1
SIM2
SIM3
SIM4
1
21
22
SIM5
SIM1
SIM2
SIM3
SIM4
1
21
22
SIM5
SIM1
SIM2
SIM3
SIM4
1
21
22
SIM5
SIM1
SIM2
SIM3
SIM4
1
21
22
SIM5
SIM1
SIM2
SIM3
SIM4
1
21
22
SIM5
SIM1
SIM2
SIM3
SIM4
1
21
22
SIM5
SIM1
SIM2
SIM3
SIM4
1
21
22
SIM5
SIM1
SIM2
SIM3
SIM4
1
21
22
SIM5
SIM1
SIM2
SIM3
SIM4
1
21
22
SIM5
SIM1
SIM2
SIM3
SIM4
1
21
22
SIM5
SIM1
SIM2
SIM3
SIM4
1
21
22
SIM5
SIM1
SIM2
SIM3
SIM4
1
21
22
SIM5
SIM1
SIM2
SIM3
SIM4
1
21
22
SIM5
SIM1
SIM2
SIM3
SIM4
1
21
22
SIM5
SIM1
SIM2
SIM3
SIM4
1
21
22
SIM5
SIM1
SIM2
SIM3
SIM4
1
21
22
SIM5
SIM1
SIM2
SIM3
SIM4
1
21
22
SIM5
SIM1
SIM2
SIM3
SIM4
1
21
22
SIM5
SIM1
SIM2
SIM3
SIM4
1
21
22
SIM5
SIM1
SIM2
SIM3
SIM4
1
21
22
SIM5
SIM1
SIM2
SIM3
SIM4
1
21
22
SIM5
SIM1
SIM2
SIM3
SIM4
1
21
22
SIM5
SIM1
SIM2
SIM3
SIM4
1
21
22
SIM5
SIM1
SIM2
SIM3
SIM4
1
21
22
SIM5
SIM1
SIM2
SIM3
SIM4
1
21
22
SIM5
SIM1
SIM2
SIM3
SIM4
1
21
22
SIM5
SIM1
SIM2
SIM3
SIM4
1
21
22
SIM5
SIM1
SIM2
SIM3
SIM4
1
21
22
SIM5
SIM1
SIM2
SIM3
SIM4
1
21
22
SIM5
SIM1
SIM2
SIM3
SIM4
1
21
22
SIM5
SIM1
SIM2
SIM3
SIM4
1
21
22
SIM5
SIM1
SIM2
SIM3
SIM4
1
21
22
SIM5
SIM1
SIM2
SIM3
SIM4
1
21
22
SIM5
SIM1
SIM2
SIM3
SIM4
1
21
22
SIM5
SIM1
SIM2
SIM3
SIM4
1
21
22
SIM5
SIM1
SIM2
SIM3
SIM4
1
21
22
SIM5
SIM1
SIM2
SIM3
SIM4
1
21
22
SIM5
SIM1
SIM2
SIM3
SIM4
1
21
22
SIM5
SIM1
SIM2
SIM3
SIM4
1
21
22
SIM5
SIM1
SIM2
SIM3
SIM4
1
21
22
SIM5
SIM1
SIM2
SIM3
SIM4
1
21
22
SIM5
SIM1
SIM2
SIM3
SIM4
1
21
22
SIM5
SIM1
SIM2
SIM3
SIM4
1
21
22
SIM5
SIM1
SIM2
SIM3
SIM4
1
21
22
SIM5
SIM1
SIM2
SIM3
SIM4
1
21
22
SIM5
SIM1
SIM2
SIM3
SIM4
1
21
22
SIM5
SIM1
SIM2
SIM3
SIM4
1
21
22
SIM5
SIM1
SIM2
SIM3
SIM4
1
21
22
SIM5
SIM1
SIM2
SIM3
SIM4
1
21
22
SIM5
SIM1
SIM2
SIM3
SIM4
1
21
22
SIM5
SIM1
SIM2
SIM3
SIM4
1
21
22
SIM5
SIM1
SIM2
SIM3
SIM4
1
21
22
SIM5
SIM1
SIM2
SIM3
SIM4
1
21
22
SIM5
SIM1
SIM2
SIM3
SIM4
1
21
22
SIM5
SIM1
SIM2
SIM3
SIM4
1
21
22
SIM5
SIM1
SIM2
SIM3
SIM4
1
21
22
SIM5
SIM1
SIM2
SIM3
SIM4
1
21
22
SIM5
SIM1
SIM2
SIM3
SIM4
1
21
22
SIM5
SIM1
SIM2
SIM3
SIM4
1
21
22
SIM5
SIM1
SIM2
SIM3
SIM4
1
21
22
SIM5
SIM1
SIM2
SIM3
SIM4
1
21
22
SIM5
SIM1
SIM2
SIM3
SIM4
1
21
22
SIM5
SIM1
SIM2
SIM3
SIM4
1
21
22
SIM5
SIM1
SIM2
SIM3
SIM4
1
21
22
SIM5
SIM1
SIM2
SIM3
SIM4
1
21
22
SIM5
SIM1
SIM2
SIM3
SIM4
1
21
22
SIM5
SIM1
SIM2
SIM3
SIM4
1
21
22
SIM5
SIM1
SIM2
SIM3
SIM4
1
21
22
SIM5
SIM1
SIM2
SIM3
SIM4
1
21
22
SIM5
SIM1
SIM2
SIM3
SIM4
1
21
22
SIM5
SIM1
SIM2
SIM3
SIM4
1
21
22
SIM5
SIM1
SIM2
SIM3
SIM4
1
21
22
SIM5
SIM1
SIM2
SIM3
SIM4
1
21
22
SIM5
SIM1
SIM2
SIM3
SIM4
1
21
22
SIM5
SIM1
SIM2
SIM3
SIM4
1
21
22
SIM5
SIM1
SIM2
SIM3
SIM4
1
21
22
SIM5
SIM1
SIM2
SIM3
SIM4
1
21
22
SIM5
SIM1
SIM2
SIM3
SIM4
1
21
22
SIM5
SIM1
SIM2
SIM3
SIM4
1
21
22
SIM5
SIM1
SIM2
SIM3
SIM4
1
21
22
SIM5
SIM1
SIM2
SIM3
SIM4
1
21
22
SIM5
SIM1
SIM2
SIM3
SIM4
1
21
22
SIM5
SIM1
SIM2
SIM3
SIM4
1
21
22
SIM5
SIM1
SIM2
SIM3
SIM4
1
21
22
SIM5
SIM1
SIM2
SIM3
SIM4
1
21
22
SIM5
SIM1
SIM2
SIM3
SIM4
1
21
22
SIM5
SIM1
SIM2
SIM3
SIM4
1
21
22
SIM5
SIM1
SIM2
SIM3
SIM4
1
21
22
SIM5
SIM1
SIM2
SIM3
SIM4
1
21
22
SIM5
SIM1
SIM2
SIM3
SIM4
1
21
22
SIM5
SIM1
SIM2
SIM3
SIM4
1
21
22
SIM5
SIM1
SIM2
SIM3
SIM4
1
21
22
SIM5
SIM1
SIM2
SIM3
SIM4
1
21
22
SIM5
SIM1
SIM2
SIM3
SIM4
1
21
22
SIM5
SIM1
SIM2
SIM3
SIM4
1
21
22
SIM5
SIM1
SIM2
SIM3
SIM4
1
21
22
SIM5
SIM1
SIM2
SIM3
SIM4
1
21
22
SIM5
SIM1
SIM2
SIM3
SIM4
1
21
22
SIM5
SIM1
SIM2
SIM3
SIM4
1
21
22
SIM5
SIM1
SIM2
SIM3
SIM4
1
21
22
SIM5
SIM1
SIM2
SIM3
SIM4
1
21
22
SIM5
SIM1
SIM2
SIM3
SIM4
1
21
22
SIM5
SIM1
SIM2
DEBUG 1 773
SIM1
SIM2
SIM3
SIM4
1
21
22
SIM5
SIM1
SIM2
SIM3
SIM4
1
21
22
SIM5
SIM1
SIM2
SIM3
SIM4
1
21
22
SIM5
SIM1
SIM2
SIM3
SIM4
1
21
22
SIM5
SIM1
SIM2
SIM3
SIM4
1
21
22
SIM5
SIM1
SIM2
SIM3
SIM4
1
21
22
SIM5
SIM1
SIM2
SIM3
SIM4
1
21
22
SIM5
SIM1
SIM2
SIM3
SIM4
1
21
22
SIM5
SIM1
SIM2
SIM3
SIM4
1
21
22
SIM5
SIM1
SIM2
SIM3
SIM4
1
21
22
SIM5
SIM1
SIM2
SIM3
SIM4
1
21
22
SIM5
SIM1
SIM2
SIM3
SIM4
1
21
22
SIM5
SIM1
SIM2
SIM3
SIM4
1
21
22
SIM5
SIM1
SIM2
SIM3
SIM4
1
21
22
SIM5
SIM1
SIM2
SIM3
SIM4
1
21
22
SIM5
SIM1
SIM2
SIM3
SIM4
1
21
22
SIM5
SIM1
SIM2
SIM3
SIM4
1
21
22
SIM5
SIM1
SIM2
SIM3
SIM4
1
21
22
SIM5
SIM1
SIM2
SIM3
SIM4
1
21
22
SIM5
SIM1
SIM2
SIM3
SIM4
1
21
22
SIM5
SIM1
SIM2
SIM3
SIM4
1
21
22
SIM5
SIM1
SIM2
SIM3
SIM4
1
21
22
SIM5
SIM1
SIM2
SIM3
SIM4
1
21
22
SIM5
SIM1
SIM2
SIM3
SIM4
1
21
22
SIM5
SIM1
SIM2
SIM3
SIM4
1
21
22
SIM5
SIM1
SIM2
SIM3
SIM4
1
21
22
SIM5
SIM1
SIM2
SIM3
SIM4
1
21
22
SIM5
SIM1
SIM2
SIM3
SIM4
1
21
22
SIM5
SIM1
SIM2
SIM3
SIM4
1
21
22
SIM5
SIM1
SIM2
SIM3
SIM4
1
21
22
SIM5
SIM1
SIM2
SIM3
SIM4
1
21
22
SIM5
SIM1
SIM2
SIM3
SIM4
1
21
22
SIM5
SIM1
SIM2
SIM3
SIM4
1
21
22
SIM5
SIM1
SIM2
SIM3
SIM4
1
21
22
SIM5
SIM1
SIM2
SIM3
SIM4
1
21
22
SIM5
SIM1
SIM2
SIM3
SIM4
1
21
22
SIM5
SIM1
SIM2
SIM3
SIM4
1
21
22
SIM5
SIM1
SIM2
SIM3
SIM4
1
21
22
SIM5
SIM1
SIM2
SIM3
SIM4
1
21
22
SIM5
SIM1
SIM2
SIM3
SIM4
1
21
22
SIM5
SIM1
SIM2
SIM3
SIM4
1
21
22
SIM5
SIM1
SIM2
SIM3
SIM4
1
21
22
SIM5
SIM1
SIM2
SIM3
SIM4
1
21
22
SIM5
SIM1
SIM2
SIM3
SIM4
1
21
22
SIM5
SIM1
SIM2
SIM3
SIM4
1
21
22
SIM5
SIM1
SIM2
SIM3
SIM4
1
21
22
SIM5
SIM1
SIM2
SIM3
SIM4
1
21
22
SIM5
SIM1
SIM2
SIM3
SIM4
1
21
22
SIM5
SIM1
SIM2
SIM3
SIM4
1
21
22
SIM5
SIM1
SIM2
SIM3
SIM4
1
21
22
SIM5
SIM1
SIM2
SIM3
SIM4
1
21
22
SIM5
SIM1
SIM2
SIM3
SIM4
1
21
22
SIM5
SIM1
SIM2
SIM3
SIM4
1
21
22
SIM5
SIM1
SIM2
SIM3
SIM4
1
21
22
SIM5
SIM1
SIM2
SIM3
SIM4
1
21
22
SIM5
SIM1
SIM2
SIM3
SIM4
1
21
22
SIM5
SIM1
SIM2
SIM3
SIM4
1
21
22
SIM5
SIM1
SIM2
SIM3
SIM4
1
21
22
SIM5
SIM1
SIM2
SIM3
SIM4
1
21
22
SIM5
SIM1
SIM2
SIM3
SIM4
1
21
22
SIM5
SIM1
SIM2
SIM3
SIM4
1
21
22
SIM5
SIM1
SIM2
SIM3
SIM4
1
21
22
SIM5
SIM1
SIM2
SIM3
SIM4
1
21
22
SIM5
SIM1
SIM2
SIM3
SIM4
1
21
22
SIM5
SIM1
SIM2
SIM3
SIM4
1
21
22
SIM5
SIM1
SIM2
SIM3
SIM4
1
21
22
SIM5
SIM1
SIM2
SIM3
SIM4
1
21
22
SIM5
SIM1
SIM2
SIM3
SIM4
1
21
22
SIM5
SIM1
SIM2
SIM3
SIM4
1
21
22
SIM5
SIM1
SIM2
SIM3
SIM4
1
21
22
SIM5
SIM1
SIM2
SIM3
SIM4
1
21
22
SIM5
SIM1
SIM2
SIM3
SIM4
1
21
22
SIM5
SIM1
SIM2
SIM3
SIM4
1
21
22
SIM5
SIM1
SIM2
SIM3
SIM4
1
21
22
SIM5
SIM1
SIM2
SIM3
SIM4
1
21
22
SIM5
SIM1
SIM2
SIM3
SIM4
1
21
22
SIM5
SIM1
SIM2
SIM3
SIM4
1
21
22
SIM5
SIM1
SIM2
SIM3
SIM4
1
21
22
SIM5
SIM1
SIM2
SIM3
SIM4
1
21
22
SIM5
SIM1
SIM2
SIM3
SIM4
1
21
22
SIM5
SIM1
SIM2
SIM3
SIM4
1
21
22
SIM5
SIM1
SIM2
SIM3
SIM4
1
21
22
SIM5
SIM1
SIM2
SIM3
SIM4
1
21
22
SIM5
SIM1
SIM2
SIM3
SIM4
1
21
22
SIM5
SIM1
SIM2
SIM3
SIM4
1
21
22
SIM5
SIM1
SIM2
SIM3
SIM4
1
21
22
SIM5
SIM1
SIM2
SIM3
SIM4
1
21
22
SIM5
SIM1
SIM2
SIM3
SIM4
1
21
22
SIM5
SIM1
SIM2
SIM3
SIM4
1
21
22
SIM5
SIM1
SIM2
SIM3
SIM4
1
21
22
SIM5
SIM1
SIM2
SIM3
SIM4
1
21
22
SIM5
SIM1
SIM2
SIM3
SIM4
1
21
22
SIM5
SIM1
SIM2
SIM3
SIM4
1
21
22
SIM5
SIM1
SIM2
SIM3
SIM4
1
21
22
SIM5
SIM1
SIM2
SIM3
SIM4
1
21
22
SIM5
SIM1
SIM2
SIM3
SIM4
1
21
22
SIM5
SIM1
SIM2
SIM3
SIM4
1
21
22
SIM5
SIM1
SIM2
SIM3
SIM4
1
21
22
SIM5
SIM1
SIM2
SIM3
SIM4
1
21
22
SIM5
SIM1
SIM2
SIM3
SIM4
1
21
22
SIM5
SIM1
SIM2
SIM3
SIM4
1
21
22
SIM5
SIM1
SIM2
SIM3
SIM4
1
21
22
SIM5
SIM1
SIM2
SIM3
SIM4
1
21
22
SIM5
SIM1
SIM2
SIM3
SIM4
1
21
22
SIM5
SIM1
SIM2
SIM3
SIM4
1
21
22
SIM5
SIM1
SIM2
SIM3
SIM4
1
21
22
SIM5
SIM1
SIM2
SIM3
SIM4
1
21
22
SIM5
SIM1
SIM2
SIM3
SIM4
1
21
22
SIM5
SIM1
SIM2
SIM3
SIM4
1
21
22
SIM5
SIM1
SIM2
SIM3
SIM4
1
21
22
SIM5
SIM1
SIM2
SIM3
SIM4
1
21
22
SIM5
SIM1
SIM2
SIM3
SIM4
1
21
22
SIM5
SIM1
SIM2
SIM3
SIM4
1
21
22
SIM5
SIM1
SIM2
SIM3
SIM4
1
21
22
SIM5
SIM1
SIM2
SIM3
SIM4
1
21
22
SIM5
SIM1
SIM2
SIM3
SIM4
1
21
22
SIM5
SIM1
SIM2
SIM3
SIM4
1
21
22
SIM5
SIM1
SIM2
SIM3
SIM4
1
21
22
SIM5
SIM1
SIM2
SIM3
SIM4
1
21
22
SIM5
SIM1
SIM2
SIM3
SIM4
1
21
22
SIM5
SIM1
SIM2
SIM3
SIM4
1
21
22
SIM5
SIM1
SIM2
SIM3
SIM4
1
21
22
SIM5
SIM1
SIM2
SIM3
SIM4
1
21
22
SIM5
SIM1
SIM2
SIM3
SIM4
1
21
22
SIM5
SIM1
SIM2
SIM3
SIM4
1
21
22
SIM5
SIM1
SIM2
SIM3
SIM4
1
21
22
SIM5
SIM1
SIM2
SIM3
SIM4
1
21
22
SIM5
SIM1
SIM2
SIM3
SIM4
1
21
22
SIM5
SIM1
SIM2
SIM3
SIM4
1
21
22
SIM5
SIM1
SIM2
SIM3
SIM4
1
21
22
SIM5
SIM1
SIM2
SIM3
SIM4
1
21
22
SIM5
SIM1
SIM2
SIM3
SIM4
1
21
22
SIM5
SIM1
SIM2
SIM3
SIM4
1
21
22
SIM5
SIM1
SIM2
SIM3
SIM4
1
21
22
SIM5
SIM1
SIM2
SIM3
SIM4
1
21
22
SIM5
SIM1
SIM2
SIM3
SIM4
1
21
22
SIM5
SIM1
SIM2
SIM3
SIM4
1
21
22
SIM5
SIM1
SIM2
SIM3
SIM4
1
21
22
SIM5
SIM1
SIM2
SIM3
SIM4
1
21
22
SIM5
SIM1
SIM2
SIM3
SIM4
1
21
22
SIM5
SIM1
SIM2
SIM3
SIM4
1
21
22
SIM5
SIM1
SIM2
SIM3
SIM4
1
21
22
SIM5
SIM1
SIM2
SIM3
SIM4
1
21
22
SIM5
SIM1
SIM2
SIM3
SIM4
1
21
22
SIM5
SIM1
SIM2
SIM3
SIM4
1
21
22
SIM5
SIM1
SIM2
SIM3
SIM4
1
21
22
SIM5
SIM1
SIM2
SIM3
SIM4
1
21
22
SIM5
SIM1
SIM2
SIM3
SIM4
1
21
22
SIM5
SIM1
SIM2
SIM3
SIM4
1
21
22
SIM5
SIM1
SIM2
SIM3
SIM4
1
21
22
SIM5
SIM1
SIM2
SIM3
SIM4
1
21
22
SIM5
SIM1
SIM2
SIM3
SIM4
1
21
22
SIM5
SIM1
SIM2
SIM3
SIM4
1
21
22
SIM5
SIM1
SIM2
SIM3
SIM4
1
21
22
SIM5
SIM1
SIM2
SIM3
SIM4
1
21
22
SIM5
SIM1
SIM2
SIM3
SIM4
1
21
22
SIM5
SIM1
SIM2
SIM3
SIM4
1
21
22
SIM5
SIM1
SIM2
SIM3
SIM4
1
21
22
SIM5
SIM1
SIM2
SIM3
SIM4
1
21
22
SIM5
SIM1
SIM2
SIM3
SIM4
1
21
22
SIM5
SIM1
SIM2
SIM3
SIM4
1
21
22
SIM5
SIM1
SIM2
SIM3
SIM4
1
21
22
SIM5
SIM1
SIM2
SIM3
SIM4
1
21
22
SIM5
SIM1
SIM2
SIM3
SIM4
1
21
22
SIM5
SIM1
SIM2
SIM3
SIM4
1
21
22
SIM5
SIM1
SIM2
SIM3
SIM4
1
21
22
SIM5
SIM1
SIM2
SIM3
SIM4
1
21
22
SIM5
SIM1
SIM2
SIM3
SIM4
1
21
22
SIM5
SIM1
SIM2
SIM3
SIM4
1
21
22
SIM5
SIM1
SIM2
SIM3
SIM4
1
21
22
SIM5
SIM1
SIM2
SIM3
SIM4
1
21
22
SIM5
SIM1
SIM2
SIM3
SIM4
1
21
22
SIM5
SIM1
SIM2
SIM3
SIM4
1
21
22
SIM5
SIM1
SIM2
SIM3
SIM4
1
21
22
SIM5
SIM1
SIM2
SIM3
SIM4
1
21
22
SIM5
SIM1
SIM2
SIM3
SIM4
1
21
22
SIM5
SIM1
SIM2
SIM3
SIM4
1
21
22
SIM5
SIM1
SIM2
SIM3
SIM4
1
21
22
SIM5
SIM1
SIM2
SIM3
SIM4
1
21
22
SIM5
SIM1
SIM2
SIM3
SIM4
1
21
22
SIM5
SIM1
SIM2
SIM3
SIM4
1
21
22
SIM5
SIM1
SIM2
SIM3
SIM4
1
21
22
SIM5
SIM1
SIM2
SIM3
SIM4
1
21
22
SIM5
SIM1
SIM2
SIM3
SIM4
1
21
22
SIM5
SIM1
SIM2
SIM3
SIM4
1
21
22
SIM5
SIM1
SIM2
SIM3
SIM4
1
21
22
SIM5
SIM1
SIM2
SIM3
SIM4
1
21
22
SIM5
SIM1
SIM2
SIM3
SIM4
1
21
22
SIM5
SIM1
SIM2
SIM3
SIM4
1
21
22
SIM5
SIM1
SIM2
SIM3
SIM4
1
21
22
SIM5
SIM1
SIM2
SIM3
SIM4
1
21
22
SIM5
SIM1
SIM2
SIM3
SIM4
1
21
22
SIM5
SIM1
SIM2
SIM3
SIM4
1
21
22
SIM5
SIM1
SIM2
SIM3
SIM4
1
21
22
SIM5
SIM1
SIM2
SIM3
SIM4
1
21
22
SIM5
SIM1
SIM2
SIM3
SIM4
1
21
22
SIM5
SIM1
SIM2
SIM3
SIM4
1
21
22
SIM5
SIM1
SIM2
SIM3
SIM4
1
21
22
SIM5
SIM1
SIM2
SIM3
SIM4
1
21
22
SIM5
SIM1
SIM2
SIM3
SIM4
1
21
22
SIM5
SIM1
SIM2
SIM3
SIM4
1
21
22
SIM5
SIM1
SIM2
SIM3
SIM4
1
21
22
SIM5
SIM1
SIM2
SIM3
SIM4
1
21
22
SIM5
SIM1
SIM2
SIM3
SIM4
1
21
22
SIM5
SIM1
SIM2
SIM3
SIM4
1
21
22
SIM5
SIM1
SIM2
SIM3
SIM4
1
21
22
SIM5
SIM1
SIM2
SIM3
SIM4
1
21
22
SIM5
SIM1
SIM2
SIM3
SIM4
1
21
22
SIM5
SIM1
SIM2
SIM3
SIM4
1
21
22
SIM5
SIM1
SIM2
SIM3
SIM4
1
21
22
SIM5
SIM1
SIM2
SIM3
SIM4
1
21
22
SIM5
SIM1
SIM2
DEBUG 1 774
SIM1
SIM2
SIM3
SIM4
1
21
22
SIM5
SIM1
SIM2
SIM3
SIM4
1
21
22
SIM5
SIM1
SIM2
SIM3
SIM4
1
21
22
SIM5
SIM1
SIM2
SIM3
SIM4
1
21
22
SIM5
SIM1
SIM2
SIM3
SIM4
1
21
22
SIM5
SIM1
SIM2
SIM3
SIM4
1
21
22
SIM5
SIM1
SIM2
SIM3
SIM4
1
21
22
SIM5
SIM1
SIM2
SIM3
SIM4
1
21
22
SIM5
SIM1
SIM2
SIM3
SIM4
1
21
22
SIM5
SIM1
SIM2
SIM3
SIM4
1
21
22
SIM5
SIM1
SIM2
SIM3
SIM4
1
21
22
SIM5
SIM1
SIM2
SIM3
SIM4
1
21
22
SIM5
SIM1
SIM2
SIM3
SIM4
1
21
22
SIM5
SIM1
SIM2
SIM3
SIM4
1
21
22
SIM5
SIM1
SIM2
SIM3
SIM4
1
21
22
SIM5
SIM1
SIM2
SIM3
SIM4
1
21
22
SIM5
SIM1
SIM2
SIM3
SIM4
1
21
22
SIM5
SIM1
SIM2
SIM3
SIM4
1
21
22
SIM5
SIM1
SIM2
SIM3
SIM4
1
21
22
SIM5
SIM1
SIM2
SIM3
SIM4
1
21
22
SIM5
SIM1
SIM2
SIM3
SIM4
1
21
22
SIM5
SIM1
SIM2
SIM3
SIM4
1
21
22
SIM5
SIM1
SIM2
SIM3
SIM4
1
21
22
SIM5
SIM1
SIM2
SIM3
SIM4
1
21
22
SIM5
SIM1
SIM2
SIM3
SIM4
1
21
22
SIM5
SIM1
SIM2
SIM3
SIM4
1
21
22
SIM5
SIM1
SIM2
SIM3
SIM4
1
21
22
SIM5
SIM1
SIM2
SIM3
SIM4
1
21
22
SIM5
SIM1
SIM2
SIM3
SIM4
1
21
22
SIM5
SIM1
SIM2
SIM3
SIM4
1
21
22
SIM5
SIM1
SIM2
SIM3
SIM4
1
21
22
SIM5
SIM1
SIM2
SIM3
SIM4
1
21
22
SIM5
SIM1
SIM2
SIM3
SIM4
1
21
22
SIM5
SIM1
SIM2
SIM3
SIM4
1
21
22
SIM5
SIM1
SIM2
SIM3
SIM4
1
21
22
SIM5
SIM1
SIM2
SIM3
SIM4
1
21
22
SIM5
SIM1
SIM2
SIM3
SIM4
1
21
22
SIM5
SIM1
SIM2
SIM3
SIM4
1
21
22
SIM5
SIM1
SIM2
SIM3
SIM4
1
21
22
SIM5
SIM1
SIM2
SIM3
SIM4
1
21
22
SIM5
SIM1
SIM2
SIM3
SIM4
1
21
22
SIM5
SIM1
SIM2
SIM3
SIM4
1
21
22
SIM5
SIM1
SIM2
SIM3
SIM4
1
21
22
SIM5
SIM1
SIM2
SIM3
SIM4
1
21
22
SIM5
SIM1
SIM2
SIM3
SIM4
1
21
22
SIM5
SIM1
SIM2
SIM3
SIM4
1
21
22
SIM5
SIM1
SIM2
SIM3
SIM4
1
21
22
SIM5
SIM1
SIM2
SIM3
SIM4
1
21
22
SIM5
SIM1
SIM2
SIM3
SIM4
1
21
22
SIM5
SIM1
SIM2
SIM3
SIM4
1
21
22
SIM5
SIM1
SIM2
SIM3
SIM4
1
21
22
SIM5
SIM1
SIM2
SIM3
SIM4
1
21
22
SIM5
SIM1
SIM2
SIM3
SIM4
1
21
22
SIM5
SIM1
SIM2
SIM3
SIM4
1
21
22
SIM5
SIM1
SIM2
SIM3
SIM4
1
21
22
SIM5
SIM1
SIM2
SIM3
SIM4
1
21
22
SIM5
SIM1
SIM2
SIM3
SIM4
1
21
22
SIM5
SIM1
SIM2
SIM3
SIM4
1
21
22
SIM5
SIM1
SIM2
SIM3
SIM4
1
21
22
SIM5
SIM1
SIM2
SIM3
SIM4
1
21
22
SIM5
SIM1
SIM2
SIM3
SIM4
1
21
22
SIM5
SIM1
SIM2
SIM3
SIM4
1
21
22
SIM5
SIM1
SIM2
SIM3
SIM4
1
21
22
SIM5
SIM1
SIM2
SIM3
SIM4
1
21
22
SIM5
SIM1
SIM2
SIM3
SIM4
1
21
22
SIM5
SIM1
SIM2
SIM3
SIM4
1
21
22
SIM5
SIM1
SIM2
SIM3
SIM4
1
21
22
SIM5
SIM1
SIM2
SIM3
SIM4
1
21
22
SIM5
SIM1
SIM2
SIM3
SIM4
1
21
22
SIM5
SIM1
SIM2
SIM3
SIM4
1
21
22
SIM5
SIM1
SIM2
SIM3
SIM4
1
21
22
SIM5
SIM1
SIM2
SIM3
SIM4
1
21
22
SIM5
SIM1
SIM2
SIM3
SIM4
1
21
22
SIM5
SIM1
SIM2
SIM3
SIM4
1
21
22
SIM5
SIM1
SIM2
SIM3
SIM4
1
21
22
SIM5
SIM1
SIM2
SIM3
SIM4
1
21
22
SIM5
SIM1
SIM2
SIM3
SIM4
1
21
22
SIM5
SIM1
SIM2
SIM3
SIM4
1
21
22
SIM5
SIM1
SIM2
SIM3
SIM4
1
21
22
SIM5
SIM1
SIM2
SIM3
SIM4
1
21
22
SIM5
SIM1
SIM2
SIM3
SIM4
1
21
22
SIM5
SIM1
SIM2
SIM3
SIM4
1
21
22
SIM5
SIM1
SIM2
SIM3
SIM4
1
21
22
SIM5
SIM1
SIM2
SIM3
SIM4
1
21
22
SIM5
SIM1
SIM2
SIM3
SIM4
1
21
22
SIM5
SIM1
SIM2
SIM3
SIM4
1
21
22
SIM5
SIM1
SIM2
SIM3
SIM4
1
21
22
SIM5
SIM1
SIM2
SIM3
SIM4
1
21
22
SIM5
SIM1
SIM2
SIM3
SIM4
1
21
22
SIM5
SIM1
SIM2
SIM3
SIM4
1
21
22
SIM5
SIM1
SIM2
SIM3
SIM4
1
21
22
SIM5
SIM1
SIM2
SIM3
SIM4
1
21
22
SIM5
SIM1
SIM2
SIM3
SIM4
1
21
22
SIM5
SIM1
SIM2
SIM3
SIM4
1
21
22
SIM5
SIM1
SIM2
SIM3
SIM4
1
21
22
SIM5
SIM1
SIM2
SIM3
SIM4
1
21
22
SIM5
SIM1
SIM2
SIM3
SIM4
1
21
22
SIM5
SIM1
SIM2
SIM3
SIM4
1
21
22
SIM5
SIM1
SIM2
SIM3
SIM4
1
21
22
SIM5
SIM1
SIM2
SIM3
SIM4
1
21
22
SIM5
SIM1
SIM2
SIM3
SIM4
1
21
22
SIM5
SIM1
SIM2
SIM3
SIM4
1
21
22
SIM5
SIM1
SIM2
SIM3
SIM4
1
21
22
SIM5
SIM1
SIM2
SIM3
SIM4
1
21
22
SIM5
SIM1
SIM2
SIM3
SIM4
1
21
22
SIM5
SIM1
SIM2
SIM3
SIM4
1
21
22
SIM5
SIM1
SIM2
SIM3
SIM4
1
21
22
SIM5
SIM1
SIM2
SIM3
SIM4
1
21
22
SIM5
SIM1
SIM2
SIM3
SIM4
1
21
22
SIM5
SIM1
SIM2
SIM3
SIM4
1
21
22
SIM5
SIM1
SIM2
SIM3
SIM4
1
21
22
SIM5
SIM1
SIM2
SIM3
SIM4
1
21
22
SIM5
SIM1
SIM2
SIM3
SIM4
1
21
22
SIM5
SIM1
SIM2
SIM3
SIM4
1
21
22
SIM5
SIM1
SIM2
SIM3
SIM4
1
21
22
SIM5
SIM1
SIM2
SIM3
SIM4
1
21
22
SIM5
SIM1
SIM2
SIM3
SIM4
1
21
22
SIM5
SIM1
SIM2
SIM3
SIM4
1
21
22
SIM5
SIM1
SIM2
SIM3
SIM4
1
21
22
SIM5
SIM1
SIM2
SIM3
SIM4
1
21
22
SIM5
SIM1
SIM2
SIM3
SIM4
1
21
22
SIM5
SIM1
SIM2
SIM3
SIM4
1
21
22
SIM5
SIM1
SIM2
SIM3
SIM4
1
21
22
SIM5
SIM1
SIM2
SIM3
SIM4
1
21
22
SIM5
SIM1
SIM2
SIM3
SIM4
1
21
22
SIM5
SIM1
SIM2
SIM3
SIM4
1
21
22
SIM5
SIM1
SIM2
SIM3
SIM4
1
21
22
SIM5
SIM1
SIM2
SIM3
SIM4
1
21
22
SIM5
SIM1
SIM2
SIM3
SIM4
1
21
22
SIM5
SIM1
SIM2
SIM3
SIM4
1
21
22
SIM5
SIM1
SIM2
SIM3
SIM4
1
21
22
SIM5
SIM1
SIM2
SIM3
SIM4
1
21
22
SIM5
SIM1
SIM2
SIM3
SIM4
1
21
22
SIM5
SIM1
SIM2
SIM3
SIM4
1
21
22
SIM5
SIM1
SIM2
SIM3
SIM4
1
21
22
SIM5
SIM1
SIM2
SIM3
SIM4
1
21
22
SIM5
SIM1
SIM2
SIM3
SIM4
1
21
22
SIM5
SIM1
SIM2
SIM3
SIM4
1
21
22
SIM5
SIM1
SIM2
SIM3
SIM4
1
21
22
SIM5
SIM1
SIM2
SIM3
SIM4
1
21
22
SIM5
SIM1
SIM2
SIM3
SIM4
1
21
22
SIM5
SIM1
SIM2
SIM3
SIM4
1
21
22
SIM5
SIM1
SIM2
SIM3
SIM4
1
21
22
SIM5
SIM1
SIM2
SIM3
SIM4
1
21
22
SIM5
SIM1
SIM2
SIM3
SIM4
1
21
22
SIM5
SIM1
SIM2
SIM3
SIM4
1
21
22
SIM5
SIM1
SIM2
SIM3
SIM4
1
21
22
SIM5
SIM1
SIM2
DEBUG 1 775
SIM1
SIM2
SIM3
SIM4
1
21
22
SIM5
SIM1
SIM2
SIM3
SIM4
1
21
22
SIM5
SIM1
SIM2
SIM3
SIM4
1
21
22
SIM5
SIM1
SIM2
SIM3
SIM4
1
21
22
SIM5
SIM1
SIM2
SIM3
SIM4
1
21
22
SIM5
SIM1
SIM2
SIM3
SIM4
1
21
22
SIM5
SIM1
SIM2
SIM3
SIM4
1
21
22
SIM5
SIM1
SIM2
SIM3
SIM4
1
21
22
SIM5
SIM1
SIM2
SIM3
SIM4
1
21
22
SIM5
SIM1
SIM2
SIM3
SIM4
1
21
22
SIM5
SIM1
SIM2
SIM3
SIM4
1
21
22
SIM5
SIM1
SIM2
SIM3
SIM4
1
21
22
SIM5
SIM1
SIM2
SIM3
SIM4
1
21
22
SIM5
SIM1
SIM2
SIM3
SIM4
1
21
22
SIM5
SIM1
SIM2
SIM3
SIM4
1
21
22
SIM5
SIM1
SIM2
SIM3
SIM4
1
21
22
SIM5
SIM1
SIM2
SIM3
SIM4
1
21
22
SIM5
SIM1
SIM2
SIM3
SIM4
1
21
22
SIM5
SIM1
SIM2
SIM3
SIM4
1
21
22
SIM5
SIM1
SIM2
SIM3
SIM4
1
21
22
SIM5
SIM1
SIM2
SIM3
SIM4
1
21
22
SIM5
SIM1
SIM2
SIM3
SIM4
1
21
22
SIM5
SIM1
SIM2
SIM3
SIM4
1
21
22
SIM5
SIM1
SIM2
SIM3
SIM4
1
21
22
SIM5
SIM1
SIM2
SIM3
SIM4
1
21
22
SIM5
SIM1
SIM2
SIM3
SIM4
1
21
22
SIM5
SIM1
SIM2
SIM3
SIM4
1
21
22
SIM5
SIM1
SIM2
SIM3
SIM4
1
21
22
SIM5
SIM1
SIM2
SIM3
SIM4
1
21
22
SIM5
SIM1
SIM2
SIM3
SIM4
1
21
22
SIM5
SIM1
SIM2
SIM3
SIM4
1
21
22
SIM5
SIM1
SIM2
SIM3
SIM4
1
21
22
SIM5
SIM1
SIM2
SIM3
SIM4
1
21
22
SIM5
SIM1
SIM2
SIM3
SIM4
1
21
22
SIM5
SIM1
SIM2
SIM3
SIM4
1
21
22
SIM5
SIM1
SIM2
SIM3
SIM4
1
21
22
SIM5
SIM1
SIM2
SIM3
SIM4
1
21
22
SIM5
SIM1
SIM2
SIM3
SIM4
1
21
22
SIM5
SIM1
SIM2
SIM3
SIM4
1
21
22
SIM5
SIM1
SIM2
SIM3
SIM4
1
21
22
SIM5
SIM1
SIM2
SIM3
SIM4
1
21
22
SIM5
SIM1
SIM2
SIM3
SIM4
1
21
22
SIM5
SIM1
SIM2
SIM3
SIM4
1
21
22
SIM5
SIM1
SIM2
SIM3
SIM4
1
21
22
SIM5
SIM1
SIM2
SIM3
SIM4
1
21
22
SIM5
SIM1
SIM2
SIM3
SIM4
1
21
22
SIM5
SIM1
SIM2
SIM3
SIM4
1
21
22
SIM5
SIM1
SIM2
SIM3
SIM4
1
21
22
SIM5
SIM1
SIM2
SIM3
SIM4
1
21
22
SIM5
SIM1
SIM2
SIM3
SIM4
1
21
22
SIM5
SIM1
SIM2
SIM3
SIM4
1
21
22
SIM5
SIM1
SIM2
SIM3
SIM4
1
21
22
SIM5
SIM1
SIM2
SIM3
SIM4
1
21
22
SIM5
SIM1
SIM2
SIM3
SIM4
1
21
22
SIM5
SIM1
SIM2
SIM3
SIM4
1
21
22
SIM5
SIM1
SIM2
SIM3
SIM4
1
21
22
SIM5
SIM1
SIM2
SIM3
SIM4
1
21
22
SIM5
SIM1
SIM2
SIM3
SIM4
1
21
22
SIM5
SIM1
SIM2
SIM3
SIM4
1
21
22
SIM5
SIM1
SIM2
SIM3
SIM4
1
21
22
SIM5
SIM1
SIM2
SIM3
SIM4
1
21
22
SIM5
SIM1
SIM2
SIM3
SIM4
1
21
22
SIM5
SIM1
SIM2
SIM3
SIM4
1
21
22
SIM5
SIM1
SIM2
SIM3
SIM4
1
21
22
SIM5
SIM1
SIM2
SIM3
SIM4
1
21
22
SIM5
SIM1
SIM2
SIM3
SIM4
1
21
22
SIM5
SIM1
SIM2
SIM3
SIM4
1
21
22
SIM5
SIM1
SIM2
SIM3
SIM4
1
21
22
SIM5
SIM1
SIM2
SIM3
SIM4
1
21
22
SIM5
SIM1
SIM2
SIM3
SIM4
1
21
22
SIM5
SIM1
SIM2
SIM3
SIM4
1
21
22
SIM5
SIM1
SIM2
SIM3
SIM4
1
21
22
SIM5
SIM1
SIM2
SIM3
SIM4
1
21
22
SIM5
SIM1
SIM2
SIM3
SIM4
1
21
22
SIM5
SIM1
SIM2
SIM3
SIM4
1
21
22
SIM5
SIM1
SIM2
SIM3
SIM4
1
21
22
SIM5
SIM1
SIM2
SIM3
SIM4
1
21
22
SIM5
SIM1
SIM2
SIM3
SIM4
1
21
22
SIM5
SIM1
SIM2
SIM3
SIM4
1
21
22
SIM5
SIM1
SIM2
SIM3
SIM4
1
21
22
SIM5
SIM1
SIM2
SIM3
SIM4
1
21
22
SIM5
SIM1
SIM2
SIM3
SIM4
1
21
22
SIM5
SIM1
SIM2
SIM3
SIM4
1
21
22
SIM5
SIM1
SIM2
SIM3
SIM4
1
21
22
SIM5
SIM1
SIM2
SIM3
SIM4
1
21
22
SIM5
SIM1
SIM2
SIM3
SIM4
1
21
22
SIM5
SIM1
SIM2
SIM3
SIM4
1
21
22
SIM5
SIM1
SIM2
SIM3
SIM4
1
21
22
SIM5
SIM1
SIM2
SIM3
SIM4
1
21
22
SIM5
SIM1
SIM2
SIM3
SIM4
1
21
22
SIM5
SIM1
SIM2
SIM3
SIM4
1
21
22
SIM5
SIM1
SIM2
SIM3
SIM4
1
21
22
SIM5
SIM1
SIM2
SIM3
SIM4
1
21
22
SIM5
SIM1
SIM2
SIM3
SIM4
1
21
22
SIM5
SIM1
SIM2
SIM3
SIM4
1
21
22
SIM5
SIM1
SIM2
SIM3
SIM4
1
21
22
SIM5
SIM1
SIM2
SIM3
SIM4
1
21
22
SIM5
SIM1
SIM2
SIM3
SIM4
1
21
22
SIM5
SIM1
SIM2
SIM3
SIM4
1
21
22
SIM5
SIM1
SIM2
SIM3
SIM4
1
21
22
SIM5
SIM1
SIM2
SIM3
SIM4
1
21
22
SIM5
SIM1
SIM2
SIM3
SIM4
1
21
22
SIM5
SIM1
SIM2
SIM3
SIM4
1
21
22
SIM5
SIM1
SIM2
SIM3
SIM4
1
21
22
SIM5
SIM1
SIM2
SIM3
SIM4
1
21
22
SIM5
SIM1
SIM2
SIM3
SIM4
1
21
22
SIM5
SIM1
SIM2
SIM3
SIM4
1
21
22
SIM5
SIM1
SIM2
SIM3
SIM4
1
21
22
SIM5
SIM1
SIM2
SIM3
SIM4
1
21
22
SIM5
SIM1
SIM2
SIM3
SIM4
1
21
22
SIM5
SIM1
SIM2
SIM3
SIM4
1
21
22
SIM5
SIM1
SIM2
SIM3
SIM4
1
21
22
SIM5
SIM1
SIM2
SIM3
SIM4
1
21
22
SIM5
SIM1
SIM2
SIM3
SIM4
1
21
22
SIM5
SIM1
SIM2
SIM3
SIM4
1
21
22
SIM5
SIM1
SIM2
SIM3
SIM4
1
21
22
SIM5
SIM1
SIM2
SIM3
SIM4
1
21
22
SIM5
SIM1
SIM2
SIM3
SIM4
1
21
22
SIM5
SIM1
SIM2
SIM3
SIM4
1
21
22
SIM5
SIM1
SIM2
SIM3
SIM4
1
21
22
SIM5
SIM1
SIM2
SIM3
SIM4
1
21
22
SIM5
SIM1
SIM2
SIM3
SIM4
1
21
22
SIM5
SIM1
SIM2
SIM3
SIM4
1
21
22
SIM5
SIM1
SIM2
SIM3
SIM4
1
21
22
SIM5
SIM1
SIM2
SIM3
SIM4
1
21
22
SIM5
SIM1
SIM2
SIM3
SIM4
1
21
22
SIM5
SIM1
SIM2
SIM3
SIM4
1
21
22
SIM5
SIM1
SIM2
SIM3
SIM4
1
21
22
SIM5
SIM1
SIM2
SIM3
SIM4
1
21
22
SIM5
SIM1
SIM2
SIM3
SIM4
1
21
22
SIM5
SIM1
SIM2
SIM3
SIM4
1
21
22
SIM5
SIM1
SIM2
SIM3
SIM4
1
21
22
SIM5
SIM1
SIM2
SIM3
SIM4
1
21
22
SIM5
SIM1
SIM2
SIM3
SIM4
1
21
22
SIM5
SIM1
SIM2
SIM3
SIM4
1
21
22
SIM5
SIM1
SIM2
SIM3
SIM4
1
21
22
SIM5
SIM1
SIM2
SIM3
SIM4
1
21
22
SIM5
SIM1
SIM2
SIM3
SIM4
1
21
22
SIM5
SIM1
SIM2
SIM3
SIM4
1
21
22
SIM5
SIM1
SIM2
SIM3
SIM4
1
21
22
SIM5
SIM1
SIM2
SIM3
SIM4
1
21
22
SIM5
SIM1
SIM2
SIM3
SIM4
1
21
22
SIM5
SIM1
SIM2
SIM3
SIM4
1
21
22
SIM5
SIM1
SIM2
SIM3
SIM4
1
21
22
SIM5
SIM1
SIM2
SIM3
SIM4
1
21
22
SIM5
SIM1
SIM2
SIM3
SIM4
1
21
22
SIM5
SIM1
SIM2
SIM3
SIM4
1
21
22
SIM5
SIM1
SIM2
SIM3
SIM4
1
21
22
SIM5
SIM1
SIM2
SIM3
SIM4
1
21
22
SIM5
SIM1
SIM2
SIM3
SIM4
1
21
22
SIM5
SIM1
SIM2
SIM3
SIM4
1
21
22
SIM5
SIM1
SIM2
SIM3
SIM4
1
21
22
SIM5
SIM1
SIM2
SIM3
SIM4
1
21
22
SIM5
SIM1
SIM2
SIM3
SIM4
1
21
22
SIM5
SIM1
SIM2
SIM3
SIM4
1
21
22
SIM5
SIM1
SIM2
SIM3
SIM4
1
21
22
SIM5
SIM1
SIM2
SIM3
SIM4
1
21
22
SIM5
SIM1
SIM2
SIM3
SIM4
1
21
22
SIM5
SIM1
SIM2
SIM3
SIM4
1
21
22
SIM5
SIM1
SIM2
SIM3
SIM4
1
21
22
SIM5
SIM1
SIM2
SIM3
SIM4
1
21
22
SIM5
SIM1
SIM2
SIM3
SIM4
1
21
22
SIM5
SIM1
SIM2
SIM3
SIM4
1
21
22
SIM5
SIM1
SIM2
SIM3
SIM4
1
21
22
SIM5
SIM1
SIM2
SIM3
SIM4
1
21
22
SIM5
SIM1
SIM2
SIM3
SIM4
1
21
22
SIM5
SIM1
SIM2
SIM3
SIM4
1
21
22
SIM5
SIM1
SIM2
SIM3
SIM4
1
21
22
SIM5
SIM1
SIM2
SIM3
SIM4
1
21
22
SIM5
SIM1
SIM2
SIM3
SIM4
1
21
22
SIM5
SIM1
SIM2
SIM3
SIM4
1
21
22
SIM5
SIM1
SIM2
SIM3
SIM4
1
21
22
SIM5
SIM1
SIM2
SIM3
SIM4
1
21
22
SIM5
SIM1
SIM2
SIM3
SIM4
1
21
22
SIM5
SIM1
SIM2
SIM3
SIM4
1
21
22
SIM5
SIM1
SIM2
SIM3
SIM4
1
21
22
SIM5
SIM1
SIM2
SIM3
SIM4
1
21
22
SIM5
SIM1
SIM2
SIM3
SIM4
1
21
22
SIM5
SIM1
SIM2
SIM3
SIM4
1
21
22
SIM5
SIM1
SIM2
SIM3
SIM4
1
21
22
SIM5
SIM1
SIM2
SIM3
SIM4
1
21
22
SIM5
SIM1
SIM2
SIM3
SIM4
1
21
22
SIM5
SIM1
SIM2
SIM3
SIM4
1
21
22
SIM5
SIM1
SIM2
SIM3
SIM4
1
21
22
SIM5
SIM1
SIM2
SIM3
SIM4
1
21
22
SIM5
SIM1
SIM2
SIM3
SIM4
1
21
22
SIM5
SIM1
SIM2
SIM3
SIM4
1
21
22
SIM5
SIM1
SIM2
SIM3
SIM4
1
21
22
SIM5
SIM1
SIM2
SIM3
SIM4
1
21
22
SIM5
SIM1
SIM2
SIM3
SIM4
1
21
22
SIM5
SIM1
SIM2
SIM3
SIM4
1
21
22
SIM5
SIM1
SIM2
SIM3
SIM4
1
21
22
SIM5
SIM1
SIM2
SIM3
SIM4
1
21
22
SIM5
SIM1
SIM2
SIM3
SIM4
1
21
22
SIM5
SIM1
SIM2
SIM3
SIM4
1
21
22
SIM5
SIM1
SIM2
DEBUG 1 776
SIM1
SIM2
SIM3
SIM4
1
21
22
SIM5
SIM1
SIM2
SIM3
SIM4
1
21
22
SIM5
SIM1
SIM2
SIM3
SIM4
1
21
22
SIM5
SIM1
SIM2
SIM3
SIM4
1
21
22
SIM5
SIM1
SIM2
SIM3
SIM4
1
21
22
SIM5
SIM1
SIM2
SIM3
SIM4
1
21
22
SIM5
SIM1
SIM2
SIM3
SIM4
1
21
22
SIM5
SIM1
SIM2
SIM3
SIM4
1
21
22
SIM5
SIM1
SIM2
SIM3
SIM4
1
21
22
SIM5
SIM1
SIM2
SIM3
SIM4
1
21
22
SIM5
SIM1
SIM2
SIM3
SIM4
1
21
22
SIM5
SIM1
SIM2
SIM3
SIM4
1
21
22
SIM5
SIM1
SIM2
SIM3
SIM4
1
21
22
SIM5
SIM1
SIM2
SIM3
SIM4
1
21
22
SIM5
SIM1
SIM2
SIM3
SIM4
1
21
22
SIM5
SIM1
SIM2
SIM3
SIM4
1
21
22
SIM5
SIM1
SIM2
SIM3
SIM4
1
21
22
SIM5
SIM1
SIM2
SIM3
SIM4
1
21
22
SIM5
SIM1
SIM2
SIM3
SIM4
1
21
22
SIM5
SIM1
SIM2
SIM3
SIM4
1
21
22
SIM5
SIM1
SIM2
SIM3
SIM4
1
21
22
SIM5
SIM1
SIM2
SIM3
SIM4
1
21
22
SIM5
SIM1
SIM2
SIM3
SIM4
1
21
22
SIM5
SIM1
SIM2
SIM3
SIM4
1
21
22
SIM5
SIM1
SIM2
SIM3
SIM4
1
21
22
SIM5
SIM1
SIM2
SIM3
SIM4
1
21
22
SIM5
SIM1
SIM2
SIM3
SIM4
1
21
22
SIM5
SIM1
SIM2
SIM3
SIM4
1
21
22
SIM5
SIM1
SIM2
SIM3
SIM4
1
21
22
SIM5
SIM1
SIM2
SIM3
SIM4
1
21
22
SIM5
SIM1
SIM2
SIM3
SIM4
1
21
22
SIM5
SIM1
SIM2
SIM3
SIM4
1
21
22
SIM5
SIM1
SIM2
SIM3
SIM4
1
21
22
SIM5
SIM1
SIM2
SIM3
SIM4
1
21
22
SIM5
SIM1
SIM2
SIM3
SIM4
1
21
22
SIM5
SIM1
SIM2
SIM3
SIM4
1
21
22
SIM5
SIM1
SIM2
SIM3
SIM4
1
21
22
SIM5
SIM1
SIM2
SIM3
SIM4
1
21
22
SIM5
SIM1
SIM2
SIM3
SIM4
1
21
22
SIM5
SIM1
SIM2
SIM3
SIM4
1
21
22
SIM5
SIM1
SIM2
SIM3
SIM4
1
21
22
SIM5
SIM1
SIM2
SIM3
SIM4
1
21
22
SIM5
SIM1
SIM2
SIM3
SIM4
1
21
22
SIM5
SIM1
SIM2
SIM3
SIM4
1
21
22
SIM5
SIM1
SIM2
SIM3
SIM4
1
21
22
SIM5
SIM1
SIM2
SIM3
SIM4
1
21
22
SIM5
SIM1
SIM2
SIM3
SIM4
1
21
22
SIM5
SIM1
SIM2
SIM3
SIM4
1
21
22
SIM5
SIM1
SIM2
SIM3
SIM4
1
21
22
SIM5
SIM1
SIM2
SIM3
SIM4
1
21
22
SIM5
SIM1
SIM2
SIM3
SIM4
1
21
22
SIM5
SIM1
SIM2
SIM3
SIM4
1
21
22
SIM5
SIM1
SIM2
SIM3
SIM4
1
21
22
SIM5
SIM1
SIM2
SIM3
SIM4
1
21
22
SIM5
SIM1
SIM2
SIM3
SIM4
1
21
22
SIM5
SIM1
SIM2
SIM3
SIM4
1
21
22
SIM5
SIM1
SIM2
SIM3
SIM4
1
21
22
SIM5
SIM1
SIM2
SIM3
SIM4
1
21
22
SIM5
SIM1
SIM2
SIM3
SIM4
1
21
22
SIM5
SIM1
SIM2
SIM3
SIM4
1
21
22
SIM5
SIM1
SIM2
SIM3
SIM4
1
21
22
SIM5
SIM1
SIM2
SIM3
SIM4
1
21
22
SIM5
SIM1
SIM2
SIM3
SIM4
1
21
22
SIM5
SIM1
SIM2
SIM3
SIM4
1
21
22
SIM5
SIM1
SIM2
SIM3
SIM4
1
21
22
SIM5
SIM1
SIM2
SIM3
SIM4
1
21
22
SIM5
SIM1
SIM2
SIM3
SIM4
1
21
22
SIM5
SIM1
SIM2
SIM3
SIM4
1
21
22
SIM5
SIM1
SIM2
SIM3
SIM4
1
21
22
SIM5
SIM1
SIM2
SIM3
SIM4
1
21
22
SIM5
SIM1
SIM2
SIM3
SIM4
1
21
22
SIM5
SIM1
SIM2
SIM3
SIM4
1
21
22
SIM5
SIM1
SIM2
SIM3
SIM4
1
21
22
SIM5
SIM1
SIM2
SIM3
SIM4
1
21
22
SIM5
SIM1
SIM2
SIM3
SIM4
1
21
22
SIM5
SIM1
SIM2
SIM3
SIM4
1
21
22
SIM5
SIM1
SIM2
SIM3
SIM4
1
21
22
SIM5
SIM1
SIM2
SIM3
SIM4
1
21
22
SIM5
SIM1
SIM2
SIM3
SIM4
1
21
22
SIM5
SIM1
SIM2
SIM3
SIM4
1
21
22
SIM5
SIM1
SIM2
SIM3
SIM4
1
21
22
SIM5
SIM1
SIM2
SIM3
SIM4
1
21
22
SIM5
SIM1
SIM2
SIM3
SIM4
1
21
22
SIM5
SIM1
SIM2
SIM3
SIM4
1
21
22
SIM5
SIM1
SIM2
SIM3
SIM4
1
21
22
SIM5
SIM1
SIM2
SIM3
SIM4
1
21
22
SIM5
SIM1
SIM2
SIM3
SIM4
1
21
22
SIM5
SIM1
SIM2
SIM3
SIM4
1
21
22
SIM5
SIM1
SIM2
SIM3
SIM4
1
21
22
SIM5
SIM1
SIM2
SIM3
SIM4
1
21
22
SIM5
SIM1
SIM2
SIM3
SIM4
1
21
22
SIM5
SIM1
SIM2
SIM3
SIM4
1
21
22
SIM5
SIM1
SIM2
SIM3
SIM4
1
21
22
SIM5
SIM1
SIM2
SIM3
SIM4
1
21
22
SIM5
SIM1
SIM2
SIM3
SIM4
1
21
22
SIM5
SIM1
SIM2
SIM3
SIM4
1
21
22
SIM5
SIM1
SIM2
SIM3
SIM4
1
21
22
SIM5
SIM1
SIM2
SIM3
SIM4
1
21
22
SIM5
SIM1
SIM2
SIM3
SIM4
1
21
22
SIM5
SIM1
SIM2
SIM3
SIM4
1
21
22
SIM5
SIM1
SIM2
SIM3
SIM4
1
21
22
SIM5
SIM1
SIM2
SIM3
SIM4
1
21
22
SIM5
SIM1
SIM2
SIM3
SIM4
1
21
22
SIM5
SIM1
SIM2
SIM3
SIM4
1
21
22
SIM5
SIM1
SIM2
SIM3
SIM4
1
21
22
SIM5
SIM1
SIM2
SIM3
SIM4
1
21
22
SIM5
SIM1
SIM2
SIM3
SIM4
1
21
22
SIM5
SIM1
SIM2
SIM3
SIM4
1
21
22
SIM5
SIM1
SIM2
SIM3
SIM4
1
21
22
SIM5
SIM1
SIM2
SIM3
SIM4
1
21
22
SIM5
SIM1
SIM2
SIM3
SIM4
1
21
22
SIM5
SIM1
SIM2
SIM3
SIM4
1
21
22
SIM5
SIM1
SIM2
SIM3
SIM4
1
21
22
SIM5
SIM1
SIM2
SIM3
SIM4
1
21
22
SIM5
SIM1
SIM2
SIM3
SIM4
1
21
22
SIM5
SIM1
SIM2
SIM3
SIM4
1
21
22
SIM5
SIM1
SIM2
SIM3
SIM4
1
21
22
SIM5
SIM1
SIM2
SIM3
SIM4
1
21
22
SIM5
SIM1
SIM2
SIM3
SIM4
1
21
22
SIM5
SIM1
SIM2
SIM3
SIM4
1
21
22
SIM5
SIM1
SIM2
SIM3
SIM4
1
21
22
SIM5
SIM1
SIM2
SIM3
SIM4
1
21
22
SIM5
SIM1
SIM2
SIM3
SIM4
1
21
22
SIM5
SIM1
SIM2
SIM3
SIM4
1
21
22
SIM5
SIM1
SIM2
SIM3
SIM4
1
21
22
SIM5
SIM1
SIM2
SIM3
SIM4
1
21
22
SIM5
SIM1
SIM2
SIM3
SIM4
1
21
22
SIM5
SIM1
SIM2
SIM3
SIM4
1
21
22
SIM5
SIM1
SIM2
SIM3
SIM4
1
21
22
SIM5
SIM1
SIM2
SIM3
SIM4
1
21
22
SIM5
SIM1
SIM2
SIM3
SIM4
1
21
22
SIM5
SIM1
SIM2
SIM3
SIM4
1
21
22
SIM5
SIM1
SIM2
SIM3
SIM4
1
21
22
SIM5
SIM1
SIM2
SIM3
SIM4
1
21
22
SIM5
SIM1
SIM2
DEBUG 1 777
SIM1
SIM2
SIM3
SIM4
1
21
22
SIM5
SIM1
SIM2
SIM3
SIM4
1
21
22
SIM5
SIM1
SIM2
SIM3
SIM4
1
21
22
SIM5
SIM1
SIM2
SIM3
SIM4
1
21
22
SIM5
SIM1
SIM2
SIM3
SIM4
1
21
22
SIM5
SIM1
SIM2
SIM3
SIM4
1
21
22
SIM5
SIM1
SIM2
SIM3
SIM4
1
21
22
SIM5
SIM1
SIM2
SIM3
SIM4
1
21
22
SIM5
SIM1
SIM2
SIM3
SIM4
1
21
22
SIM5
SIM1
SIM2
SIM3
SIM4
1
21
22
SIM5
SIM1
SIM2
SIM3
SIM4
1
21
22
SIM5
SIM1
SIM2
SIM3
SIM4
1
21
22
SIM5
SIM1
SIM2
SIM3
SIM4
1
21
22
SIM5
SIM1
SIM2
SIM3
SIM4
1
21
22
SIM5
SIM1
SIM2
SIM3
SIM4
1
21
22
SIM5
SIM1
SIM2
SIM3
SIM4
1
21
22
SIM5
SIM1
SIM2
SIM3
SIM4
1
21
22
SIM5
SIM1
SIM2
SIM3
SIM4
1
21
22
SIM5
SIM1
SIM2
SIM3
SIM4
1
21
22
SIM5
SIM1
SIM2
SIM3
SIM4
1
21
22
SIM5
SIM1
SIM2
SIM3
SIM4
1
21
22
SIM5
SIM1
SIM2
SIM3
SIM4
1
21
22
SIM5
SIM1
SIM2
SIM3
SIM4
1
21
22
SIM5
SIM1
SIM2
SIM3
SIM4
1
21
22
SIM5
SIM1
SIM2
SIM3
SIM4
1
21
22
SIM5
SIM1
SIM2
SIM3
SIM4
1
21
22
SIM5
SIM1
SIM2
SIM3
SIM4
1
21
22
SIM5
SIM1
SIM2
SIM3
SIM4
1
21
22
SIM5
SIM1
SIM2
SIM3
SIM4
1
21
22
SIM5
SIM1
SIM2
SIM3
SIM4
1
21
22
SIM5
SIM1
SIM2
SIM3
SIM4
1
21
22
SIM5
SIM1
SIM2
SIM3
SIM4
1
21
22
SIM5
SIM1
SIM2
SIM3
SIM4
1
21
22
SIM5
SIM1
SIM2
SIM3
SIM4
1
21
22
SIM5
SIM1
SIM2
SIM3
SIM4
1
21
22
SIM5
SIM1
SIM2
SIM3
SIM4
1
21
22
SIM5
SIM1
SIM2
SIM3
SIM4
1
21
22
SIM5
SIM1
SIM2
SIM3
SIM4
1
21
22
SIM5
SIM1
SIM2
SIM3
SIM4
1
21
22
SIM5
SIM1
SIM2
SIM3
SIM4
1
21
22
SIM5
SIM1
SIM2
SIM3
SIM4
1
21
22
SIM5
SIM1
SIM2
SIM3
SIM4
1
21
22
SIM5
SIM1
SIM2
SIM3
SIM4
1
21
22
SIM5
SIM1
SIM2
SIM3
SIM4
1
21
22
SIM5
SIM1
SIM2
SIM3
SIM4
1
21
22
SIM5
SIM1
SIM2
SIM3
SIM4
1
21
22
SIM5
SIM1
SIM2
SIM3
SIM4
1
21
22
SIM5
SIM1
SIM2
SIM3
SIM4
1
21
22
SIM5
SIM1
SIM2
SIM3
SIM4
1
21
22
SIM5
SIM1
SIM2
SIM3
SIM4
1
21
22
SIM5
SIM1
SIM2
SIM3
SIM4
1
21
22
SIM5
SIM1
SIM2
SIM3
SIM4
1
21
22
SIM5
SIM1
SIM2
SIM3
SIM4
1
21
22
SIM5
SIM1
SIM2
SIM3
SIM4
1
21
22
SIM5
SIM1
SIM2
SIM3
SIM4
1
21
22
SIM5
SIM1
SIM2
SIM3
SIM4
1
21
22
SIM5
SIM1
SIM2
SIM3
SIM4
1
21
22
SIM5
SIM1
SIM2
SIM3
SIM4
1
21
22
SIM5
SIM1
SIM2
SIM3
SIM4
1
21
22
SIM5
SIM1
SIM2
SIM3
SIM4
1
21
22
SIM5
SIM1
SIM2
SIM3
SIM4
1
21
22
SIM5
SIM1
SIM2
SIM3
SIM4
1
21
22
SIM5
SIM1
SIM2
SIM3
SIM4
1
21
22
SIM5
SIM1
SIM2
SIM3
SIM4
1
21
22
SIM5
SIM1
SIM2
SIM3
SIM4
1
21
22
SIM5
SIM1
SIM2
SIM3
SIM4
1
21
22
SIM5
SIM1
SIM2
SIM3
SIM4
1
21
22
SIM5
SIM1
SIM2
SIM3
SIM4
1
21
22
SIM5
SIM1
SIM2
SIM3
SIM4
1
21
22
SIM5
SIM1
SIM2
SIM3
SIM4
1
21
22
SIM5
SIM1
SIM2
SIM3
SIM4
1
21
22
SIM5
SIM1
SIM2
SIM3
SIM4
1
21
22
SIM5
SIM1
SIM2
SIM3
SIM4
1
21
22
SIM5
SIM1
SIM2
SIM3
SIM4
1
21
22
SIM5
SIM1
SIM2
SIM3
SIM4
1
21
22
SIM5
SIM1
SIM2
SIM3
SIM4
1
21
22
SIM5
SIM1
SIM2
SIM3
SIM4
1
21
22
SIM5
SIM1
SIM2
SIM3
SIM4
1
21
22
SIM5
SIM1
SIM2
SIM3
SIM4
1
21
22
SIM5
SIM1
SIM2
SIM3
SIM4
1
21
22
SIM5
SIM1
SIM2
SIM3
SIM4
1
21
22
SIM5
SIM1
SIM2
SIM3
SIM4
1
21
22
SIM5
SIM1
SIM2
SIM3
SIM4
1
21
22
SIM5
SIM1
SIM2
SIM3
SIM4
1
21
22
SIM5
SIM1
SIM2
SIM3
SIM4
1
21
22
SIM5
SIM1
SIM2
SIM3
SIM4
1
21
22
SIM5
SIM1
SIM2
SIM3
SIM4
1
21
22
SIM5
SIM1
SIM2
SIM3
SIM4
1
21
22
SIM5
SIM1
SIM2
SIM3
SIM4
1
21
22
SIM5
SIM1
SIM2
SIM3
SIM4
1
21
22
SIM5
SIM1
SIM2
SIM3
SIM4
1
21
22
SIM5
SIM1
SIM2
SIM3
SIM4
1
21
22
SIM5
SIM1
SIM2
SIM3
SIM4
1
21
22
SIM5
SIM1
SIM2
SIM3
SIM4
1
21
22
SIM5
SIM1
SIM2
SIM3
SIM4
1
21
22
SIM5
SIM1
SIM2
SIM3
SIM4
1
21
22
SIM5
SIM1
SIM2
SIM3
SIM4
1
21
22
SIM5
SIM1
SIM2
SIM3
SIM4
1
21
22
SIM5
SIM1
SIM2
SIM3
SIM4
1
21
22
SIM5
SIM1
SIM2
SIM3
SIM4
1
21
22
SIM5
SIM1
SIM2
SIM3
SIM4
1
21
22
SIM5
SIM1
SIM2
SIM3
SIM4
1
21
22
SIM5
SIM1
SIM2
SIM3
SIM4
1
21
22
SIM5
SIM1
SIM2
SIM3
SIM4
1
21
22
SIM5
SIM1
SIM2
SIM3
SIM4
1
21
22
SIM5
SIM1
SIM2
SIM3
SIM4
1
21
22
SIM5
SIM1
SIM2
SIM3
SIM4
1
21
22
SIM5
SIM1
SIM2
SIM3
SIM4
1
21
22
SIM5
SIM1
SIM2
SIM3
SIM4
1
21
22
SIM5
SIM1
SIM2
SIM3
SIM4
1
21
22
SIM5
SIM1
SIM2
SIM3
SIM4
1
21
22
SIM5
SIM1
SIM2
SIM3
SIM4
1
21
22
SIM5
SIM1
SIM2
SIM3
SIM4
1
21
22
SIM5
SIM1
SIM2
SIM3
SIM4
1
21
22
SIM5
SIM1
SIM2
SIM3
SIM4
1
21
22
SIM5
SIM1
SIM2
SIM3
SIM4
1
21
22
SIM5
SIM1
SIM2
SIM3
SIM4
1
21
22
SIM5
SIM1
SIM2
SIM3
SIM4
1
21
22
SIM5
SIM1
SIM2
SIM3
SIM4
1
21
22
SIM5
SIM1
SIM2
SIM3
SIM4
1
21
22
SIM5
SIM1
SIM2
SIM3
SIM4
1
21
22
SIM5
SIM1
SIM2
SIM3
SIM4
1
21
22
SIM5
SIM1
SIM2
DEBUG 1 778
SIM1
SIM2
SIM3
SIM4
1
21
22
SIM5
SIM1
SIM2
SIM3
SIM4
1
21
22
SIM5
SIM1
SIM2
SIM3
SIM4
1
21
22
SIM5
SIM1
SIM2
SIM3
SIM4
1
21
22
SIM5
SIM1
SIM2
SIM3
SIM4
1
21
22
SIM5
SIM1
SIM2
SIM3
SIM4
1
21
22
SIM5
SIM1
SIM2
SIM3
SIM4
1
21
22
SIM5
SIM1
SIM2
SIM3
SIM4
1
21
22
SIM5
SIM1
SIM2
SIM3
SIM4
1
21
22
SIM5
SIM1
SIM2
SIM3
SIM4
1
21
22
SIM5
SIM1
SIM2
SIM3
SIM4
1
21
22
SIM5
SIM1
SIM2
SIM3
SIM4
1
21
22
SIM5
SIM1
SIM2
SIM3
SIM4
1
21
22
SIM5
SIM1
SIM2
SIM3
SIM4
1
21
22
SIM5
SIM1
SIM2
SIM3
SIM4
1
21
22
SIM5
SIM1
SIM2
SIM3
SIM4
1
21
22
SIM5
SIM1
SIM2
SIM3
SIM4
1
21
22
SIM5
SIM1
SIM2
SIM3
SIM4
1
21
22
SIM5
SIM1
SIM2
SIM3
SIM4
1
21
22
SIM5
SIM1
SIM2
SIM3
SIM4
1
21
22
SIM5
SIM1
SIM2
SIM3
SIM4
1
21
22
SIM5
SIM1
SIM2
SIM3
SIM4
1
21
22
SIM5
SIM1
SIM2
SIM3
SIM4
1
21
22
SIM5
SIM1
SIM2
SIM3
SIM4
1
21
22
SIM5
SIM1
SIM2
SIM3
SIM4
1
21
22
SIM5
SIM1
SIM2
SIM3
SIM4
1
21
22
SIM5
SIM1
SIM2
SIM3
SIM4
1
21
22
SIM5
SIM1
SIM2
SIM3
SIM4
1
21
22
SIM5
SIM1
SIM2
SIM3
SIM4
1
21
22
SIM5
SIM1
SIM2
SIM3
SIM4
1
21
22
SIM5
SIM1
SIM2
SIM3
SIM4
1
21
22
SIM5
SIM1
SIM2
SIM3
SIM4
1
21
22
SIM5
SIM1
SIM2
SIM3
SIM4
1
21
22
SIM5
SIM1
SIM2
SIM3
SIM4
1
21
22
SIM5
SIM1
SIM2
SIM3
SIM4
1
21
22
SIM5
SIM1
SIM2
SIM3
SIM4
1
21
22
SIM5
SIM1
SIM2
SIM3
SIM4
1
21
22
SIM5
SIM1
SIM2
SIM3
SIM4
1
21
22
SIM5
SIM1
SIM2
SIM3
SIM4
1
21
22
SIM5
SIM1
SIM2
SIM3
SIM4
1
21
22
SIM5
SIM1
SIM2
SIM3
SIM4
1
21
22
SIM5
SIM1
SIM2
SIM3
SIM4
1
21
22
SIM5
SIM1
SIM2
SIM3
SIM4
1
21
22
SIM5
SIM1
SIM2
SIM3
SIM4
1
21
22
SIM5
SIM1
SIM2
SIM3
SIM4
1
21
22
SIM5
SIM1
SIM2
SIM3
SIM4
1
21
22
SIM5
SIM1
SIM2
SIM3
SIM4
1
21
22
SIM5
SIM1
SIM2
SIM3
SIM4
1
21
22
SIM5
SIM1
SIM2
SIM3
SIM4
1
21
22
SIM5
SIM1
SIM2
SIM3
SIM4
1
21
22
SIM5
SIM1
SIM2
SIM3
SIM4
1
21
22
SIM5
SIM1
SIM2
SIM3
SIM4
1
21
22
SIM5
SIM1
SIM2
SIM3
SIM4
1
21
22
SIM5
SIM1
SIM2
SIM3
SIM4
1
21
22
SIM5
SIM1
SIM2
SIM3
SIM4
1
21
22
SIM5
SIM1
SIM2
SIM3
SIM4
1
21
22
SIM5
SIM1
SIM2
SIM3
SIM4
1
21
22
SIM5
SIM1
SIM2
SIM3
SIM4
1
21
22
SIM5
SIM1
SIM2
SIM3
SIM4
1
21
22
SIM5
SIM1
SIM2
SIM3
SIM4
1
21
22
SIM5
SIM1
SIM2
SIM3
SIM4
1
21
22
SIM5
SIM1
SIM2
SIM3
SIM4
1
21
22
SIM5
SIM1
SIM2
SIM3
SIM4
1
21
22
SIM5
SIM1
SIM2
SIM3
SIM4
1
21
22
SIM5
SIM1
SIM2
SIM3
SIM4
1
21
22
SIM5
SIM1
SIM2
SIM3
SIM4
1
21
22
SIM5
SIM1
SIM2
SIM3
SIM4
1
21
22
SIM5
SIM1
SIM2
SIM3
SIM4
1
21
22
SIM5
SIM1
SIM2
SIM3
SIM4
1
21
22
SIM5
SIM1
SIM2
SIM3
SIM4
1
21
22
SIM5
SIM1
SIM2
SIM3
SIM4
1
21
22
SIM5
SIM1
SIM2
SIM3
SIM4
1
21
22
SIM5
SIM1
SIM2
SIM3
SIM4
1
21
22
SIM5
SIM1
SIM2
SIM3
SIM4
1
21
22
SIM5
SIM1
SIM2
SIM3
SIM4
1
21
22
SIM5
SIM1
SIM2
SIM3
SIM4
1
21
22
SIM5
SIM1
SIM2
SIM3
SIM4
1
21
22
SIM5
SIM1
SIM2
SIM3
SIM4
1
21
22
SIM5
SIM1
SIM2
SIM3
SIM4
1
21
22
SIM5
SIM1
SIM2
SIM3
SIM4
1
21
22
SIM5
SIM1
SIM2
SIM3
SIM4
1
21
22
SIM5
SIM1
SIM2
SIM3
SIM4
1
21
22
SIM5
SIM1
SIM2
SIM3
SIM4
1
21
22
SIM5
SIM1
SIM2
SIM3
SIM4
1
21
22
SIM5
SIM1
SIM2
SIM3
SIM4
1
21
22
SIM5
SIM1
SIM2
SIM3
SIM4
1
21
22
SIM5
SIM1
SIM2
SIM3
SIM4
1
21
22
SIM5
SIM1
SIM2
SIM3
SIM4
1
21
22
SIM5
SIM1
SIM2
SIM3
SIM4
1
21
22
SIM5
SIM1
SIM2
SIM3
SIM4
1
21
22
SIM5
SIM1
SIM2
SIM3
SIM4
1
21
22
SIM5
SIM1
SIM2
SIM3
SIM4
1
21
22
SIM5
SIM1
SIM2
SIM3
SIM4
1
21
22
SIM5
SIM1
SIM2
SIM3
SIM4
1
21
22
SIM5
SIM1
SIM2
SIM3
SIM4
1
21
22
SIM5
SIM1
SIM2
SIM3
SIM4
1
21
22
SIM5
SIM1
SIM2
SIM3
SIM4
1
21
22
SIM5
SIM1
SIM2
SIM3
SIM4
1
21
22
SIM5
SIM1
SIM2
SIM3
SIM4
1
21
22
SIM5
SIM1
SIM2
SIM3
SIM4
1
21
22
SIM5
SIM1
SIM2
SIM3
SIM4
1
21
22
SIM5
SIM1
SIM2
SIM3
SIM4
1
21
22
SIM5
SIM1
SIM2
SIM3
SIM4
1
21
22
SIM5
SIM1
SIM2
SIM3
SIM4
1
21
22
SIM5
SIM1
SIM2
SIM3
SIM4
1
21
22
SIM5
SIM1
SIM2
SIM3
SIM4
1
21
22
SIM5
SIM1
SIM2
SIM3
SIM4
1
21
22
SIM5
SIM1
SIM2
SIM3
SIM4
1
21
22
SIM5
SIM1
SIM2
SIM3
SIM4
1
21
22
SIM5
SIM1
SIM2
SIM3
SIM4
1
21
22
SIM5
SIM1
SIM2
SIM3
SIM4
1
21
22
SIM5
SIM1
SIM2
SIM3
SIM4
1
21
22
SIM5
SIM1
SIM2
SIM3
SIM4
1
21
22
SIM5
SIM1
SIM2
SIM3
SIM4
1
21
22
SIM5
SIM1
SIM2
SIM3
SIM4
1
21
22
SIM5
SIM1
SIM2
SIM3
SIM4
1
21
22
SIM5
SIM1
SIM2
SIM3
SIM4
1
21
22
SIM5
SIM1
SIM2
SIM3
SIM4
1
21
22
SIM5
SIM1
SIM2
SIM3
SIM4
1
21
22
SIM5
SIM1
SIM2
SIM3
SIM4
1
21
22
SIM5
SIM1
SIM2
SIM3
SIM4
1
21
22
SIM5
SIM1
SIM2
SIM3
SIM4
1
21
22
SIM5
SIM1
SIM2
SIM3
SIM4
1
21
22
SIM5
SIM1
SIM2
SIM3
SIM4
1
21
22
SIM5
SIM1
SIM2
SIM3
SIM4
1
21
22
SIM5
SIM1
SIM2
SIM3
SIM4
1
21
22
SIM5
SIM1
SIM2
SIM3
SIM4
1
21
22
SIM5
SIM1
SIM2
SIM3
SIM4
1
21
22
SIM5
SIM1
SIM2
SIM3
SIM4
1
21
22
SIM5
SIM1
SIM2
SIM3
SIM4
1
21
22
SIM5
SIM1
SIM2
SIM3
SIM4
1
21
22
SIM5
SIM1
SIM2
SIM3
SIM4
1
21
22
SIM5
SIM1
SIM2
SIM3
SIM4
1
21
22
SIM5
SIM1
SIM2
SIM3
SIM4
1
21
22
SIM5
SIM1
SIM2
SIM3
SIM4
1
21
22
SIM5
SIM1
SIM2
SIM3
SIM4
1
21
22
SIM5
SIM1
SIM2
SIM3
SIM4
1
21
22
SIM5
SIM1
SIM2
SIM3
SIM4
1
21
22
SIM5
SIM1
SIM2
SIM3
SIM4
1
21
22
SIM5
SIM1
SIM2
SIM3
SIM4
1
21
22
SIM5
SIM1
SIM2
SIM3
SIM4
1
21
22
SIM5
SIM1
SIM2
SIM3
SIM4
1
21
22
SIM5
SIM1
SIM2
SIM3
SIM4
1
21
22
SIM5
SIM1
SIM2
SIM3
SIM4
1
21
22
SIM5
SIM1
SIM2
SIM3
SIM4
1
21
22
SIM5
SIM1
SIM2
SIM3
SIM4
1
21
22
SIM5
SIM1
SIM2
SIM3
SIM4
1
21
22
SIM5
SIM1
SIM2
SIM3
SIM4
1
21
22
SIM5
SIM1
SIM2
SIM3
SIM4
1
21
22
SIM5
SIM1
SIM2
SIM3
SIM4
1
21
22
SIM5
SIM1
SIM2
SIM3
SIM4
1
21
22
SIM5
SIM1
SIM2
SIM3
SIM4
1
21
22
SIM5
SIM1
SIM2
SIM3
SIM4
1
21
22
SIM5
SIM1
SIM2
SIM3
SIM4
1
21
22
SIM5
SIM1
SIM2
SIM3
SIM4
1
21
22
SIM5
SIM1
SIM2
SIM3
SIM4
1
21
22
SIM5
SIM1
SIM2
SIM3
SIM4
1
21
22
SIM5
SIM1
SIM2
SIM3
SIM4
1
21
22
SIM5
SIM1
SIM2
SIM3
SIM4
1
21
22
SIM5
SIM1
SIM2
SIM3
SIM4
1
21
22
SIM5
SIM1
SIM2
SIM3
SIM4
1
21
22
SIM5
SIM1
SIM2
SIM3
SIM4
1
21
22
SIM5
SIM1
SIM2
SIM3
SIM4
1
21
22
SIM5
SIM1
SIM2
SIM3
SIM4
1
21
22
SIM5
SIM1
SIM2
SIM3
SIM4
1
21
22
SIM5
SIM1
SIM2
SIM3
SIM4
1
21
22
SIM5
SIM1
SIM2
SIM3
SIM4
1
21
22
SIM5
SIM1
SIM2
SIM3
SIM4
1
21
22
SIM5
SIM1
SIM2
SIM3
SIM4
1
21
22
SIM5
SIM1
SIM2
SIM3
SIM4
1
21
22
SIM5
SIM1
SIM2
SIM3
SIM4
1
21
22
SIM5
SIM1
SIM2
SIM3
SIM4
1
21
22
SIM5
SIM1
SIM2
SIM3
SIM4
1
21
22
SIM5
SIM1
SIM2
SIM3
SIM4
1
21
22
SIM5
SIM1
SIM2
SIM3
SIM4
1
21
22
SIM5
SIM1
SIM2
SIM3
SIM4
1
21
22
SIM5
SIM1
SIM2
SIM3
SIM4
1
21
22
SIM5
SIM1
SIM2
SIM3
SIM4
1
21
22
SIM5
SIM1
SIM2
SIM3
SIM4
1
21
22
SIM5
SIM1
SIM2
SIM3
SIM4
1
21
22
SIM5
SIM1
SIM2
SIM3
SIM4
1
21
22
SIM5
SIM1
SIM2
SIM3
SIM4
1
21
22
SIM5
SIM1
SIM2
SIM3
SIM4
1
21
22
SIM5
SIM1
SIM2
SIM3
SIM4
1
21
22
SIM5
SIM1
SIM2
SIM3
SIM4
1
21
22
SIM5
SIM1
SIM2
SIM3
SIM4
1
21
22
SIM5
SIM1
SIM2
SIM3
SIM4
1
21
22
SIM5
SIM1
SIM2
SIM3
SIM4
1
21
22
SIM5
SIM1
SIM2
SIM3
SIM4
1
21
22
SIM5
SIM1
SIM2
SIM3
SIM4
1
21
22
SIM5
SIM1
SIM2
SIM3
SIM4
1
21
22
SIM5
SIM1
SIM2
SIM3
SIM4
1
21
22
SIM5
SIM1
SIM2
SIM3
SIM4
1
21
22
SIM5
SIM1
SIM2
SIM3
SIM4
1
21
22
SIM5
SIM1
SIM2
SIM3
SIM4
1
21
22
SIM5
SIM1
SIM2
SIM3
SIM4
1
21
22
SIM5
SIM1
SIM2
SIM3
SIM4
1
21
22
SIM5
SIM1
SIM2
SIM3
SIM4
1
21
22
SIM5
SIM1
SIM2
SIM3
SIM4
1
21
22
SIM5
SIM1
SIM2
SIM3
SIM4
1
21
22
SIM5
SIM1
SIM2
SIM3
SIM4
1
21
22
SIM5
SIM1
SIM2
SIM3
SIM4
1
21
22
SIM5
SIM1
SIM2
SIM3
SIM4
1
21
22
SIM5
SIM1
SIM2
SIM3
SIM4
1
21
22
SIM5
SIM1
SIM2
SIM3
SIM4
1
21
22
SIM5
SIM1
SIM2
SIM3
SIM4
1
21
22
SIM5
SIM1
SIM2
SIM3
SIM4
1
21
22
SIM5
SIM1
SIM2
SIM3
SIM4
1
21
22
SIM5
SIM1
SIM2
SIM3
SIM4
1
21
22
SIM5
SIM1
SIM2
SIM3
SIM4
1
21
22
SIM5
SIM1
SIM2
SIM3
SIM4
1
21
22
SIM5
SIM1
SIM2
SIM3
SIM4
1
21
22
SIM5
SIM1
SIM2
SIM3
SIM4
1
21
22
SIM5
SIM1
SIM2
SIM3
SIM4
1
21
22
SIM5
SIM1
SIM2
SIM3
SIM4
1
21
22
SIM5
SIM1
SIM2
SIM3
SIM4
1
21
22
SIM5
SIM1
SIM2
SIM3
SIM4
1
21
22
SIM5
SIM1
SIM2
SIM3
SIM4
1
21
22
SIM5
SIM1
SIM2
SIM3
SIM4
1
21
22
SIM5
SIM1
SIM2
SIM3
SIM4
1
21
22
SIM5
SIM1
SIM2
SIM3
SIM4
1
21
22
SIM5
SIM1
SIM2
SIM3
SIM4
1
21
22
SIM5
SIM1
SIM2
SIM3
SIM4
1
21
22
SIM5
SIM1
SIM2
SIM3
SIM4
1
21
22
SIM5
SIM1
SIM2
SIM3
SIM4
1
21
22
SIM5
SIM1
SIM2
SIM3
SIM4
1
21
22
SIM5
SIM1
SIM2
SIM3
SIM4
1
21
22
SIM5
SIM1
SIM2
SIM3
SIM4
1
21
22
SIM5
SIM1
SIM2
SIM3
SIM4
1
21
22
SIM5
SIM1
SIM2
SIM3
SIM4
1
21
22
SIM5
SIM1
SIM2
SIM3
SIM4
1
21
22
SIM5
SIM1
SIM2
SIM3
SIM4
1
21
22
SIM5
SIM1
SIM2
SIM3
SIM4
1
21
22
SIM5
SIM1
SIM2
SIM3
SIM4
1
21
22
SIM5
SIM1
SIM2
SIM3
SIM4
1
21
22
SIM5
SIM1
SIM2
SIM3
SIM4
1
21
22
SIM5
SIM1
SIM2
SIM3
SIM4
1
21
22
SIM5
SIM1
SIM2
SIM3
SIM4
1
21
22
SIM5
SIM1
SIM2
SIM3
SIM4
1
21
22
SIM5
SIM1
SIM2
SIM3
SIM4
1
21
22
SIM5
SIM1
SIM2
SIM3
SIM4
1
21
22
SIM5
SIM1
SIM2
SIM3
SIM4
1
21
22
SIM5
SIM1
SIM2
SIM3
SIM4
1
21
22
SIM5
SIM1
SIM2
SIM3
SIM4
1
21
22
SIM5
SIM1
SIM2
SIM3
SIM4
1
21
22
SIM5
SIM1
SIM2
SIM3
SIM4
1
21
22
SIM5
SIM1
SIM2
SIM3
SIM4
1
21
22
SIM5
SIM1
SIM2
SIM3
SIM4
1
21
22
SIM5
SIM1
SIM2
SIM3
SIM4
1
21
22
SIM5
SIM1
SIM2
SIM3
SIM4
1
21
22
SIM5
SIM1
SIM2
SIM3
SIM4
1
21
22
SIM5
SIM1
SIM2
SIM3
SIM4
1
21
22
SIM5
SIM1
SIM2
SIM3
SIM4
1
21
22
SIM5
SIM1
SIM2
SIM3
SIM4
1
21
22
SIM5
SIM1
SIM2
SIM3
SIM4
1
21
22
SIM5
SIM1
SIM2
SIM3
SIM4
1
21
22
SIM5
SIM1
SIM2
SIM3
SIM4
1
21
22
SIM5
SIM1
SIM2
SIM3
SIM4
1
21
22
SIM5
SIM1
SIM2
SIM3
SIM4
1
21
22
SIM5
SIM1
SIM2
SIM3
SIM4
1
21
22
SIM5
SIM1
SIM2
SIM3
SIM4
1
21
22
SIM5
SIM1
SIM2
SIM3
SIM4
1
21
22
SIM5
SIM1
SIM2
SIM3
SIM4
1
21
22
SIM5
SIM1
SIM2
SIM3
SIM4
1
21
22
SIM5
SIM1
SIM2
SIM3
SIM4
1
21
22
SIM5
SIM1
SIM2
SIM3
SIM4
1
21
22
SIM5
SIM1
SIM2
SIM3
SIM4
1
21
22
SIM5
SIM1
SIM2
SIM3
SIM4
1
21
22
SIM5
SIM1
SIM2
SIM3
SIM4
1
21
22
SIM5
SIM1
SIM2
SIM3
SIM4
1
21
22
SIM5
SIM1
SIM2
SIM3
SIM4
1
21
22
SIM5
SIM1
SIM2
SIM3
SIM4
1
21
22
SIM5
SIM1
SIM2
SIM3
SIM4
1
21
22
SIM5
SIM1
SIM2
SIM3
SIM4
1
21
22
SIM5
SIM1
SIM2
SIM3
SIM4
1
21
22
SIM5
SIM1
SIM2
SIM3
SIM4
1
21
22
SIM5
SIM1
SIM2
SIM3
SIM4
1
21
22
SIM5
SIM1
SIM2
SIM3
SIM4
1
21
22
SIM5
SIM1
SIM2
SIM3
SIM4
1
21
22
SIM5
SIM1
SIM2
SIM3
SIM4
1
21
22
SIM5
SIM1
SIM2
SIM3
SIM4
1
21
22
SIM5
SIM1
SIM2
SIM3
SIM4
1
21
22
SIM5
SIM1
SIM2
SIM3
SIM4
1
21
22
SIM5
SIM1
SIM2
SIM3
SIM4
1
21
22
SIM5
SIM1
SIM2
SIM3
SIM4
1
21
22
SIM5
SIM1
SIM2
SIM3
SIM4
1
21
22
SIM5
SIM1
SIM2
SIM3
SIM4
1
21
22
SIM5
SIM1
SIM2
SIM3
SIM4
1
21
22
SIM5
SIM1
SIM2
SIM3
SIM4
1
21
22
SIM5
SIM1
SIM2
SIM3
SIM4
1
21
22
SIM5
SIM1
SIM2
SIM3
SIM4
1
21
22
SIM5
SIM1
SIM2
SIM3
SIM4
1
21
22
SIM5
SIM1
SIM2
SIM3
SIM4
1
21
22
SIM5
SIM1
SIM2
SIM3
SIM4
1
21
22
SIM5
SIM1
SIM2
SIM3
SIM4
1
21
22
SIM5
SIM1
SIM2
SIM3
SIM4
1
21
22
SIM5
SIM1
SIM2
SIM3
SIM4
1
21
22
SIM5
SIM1
SIM2
SIM3
SIM4
1
21
22
SIM5
SIM1
SIM2
SIM3
SIM4
1
21
22
SIM5
SIM1
SIM2
SIM3
SIM4
1
21
22
SIM5
SIM1
SIM2
SIM3
SIM4
1
21
22
SIM5
SIM1
SIM2
SIM3
SIM4
1
21
22
SIM5
SIM1
SIM2
SIM3
SIM4
1
21
22
SIM5
SIM1
SIM2
SIM3
SIM4
1
21
22
SIM5
SIM1
SIM2
SIM3
SIM4
1
21
22
SIM5
SIM1
SIM2
SIM3
SIM4
1
21
22
SIM5
SIM1
SIM2
SIM3
SIM4
1
21
22
SIM5
SIM1
SIM2
SIM3
SIM4
1
21
22
SIM5
SIM1
SIM2
SIM3
SIM4
1
21
22
SIM5
SIM1
SIM2
SIM3
SIM4
1
21
22
SIM5
SIM1
SIM2
SIM3
SIM4
1
21
22
SIM5
SIM1
SIM2
SIM3
SIM4
1
21
22
SIM5
SIM1
SIM2
SIM3
SIM4
1
21
22
SIM5
SIM1
SIM2
SIM3
SIM4
1
21
22
SIM5
SIM1
SIM2
SIM3
SIM4
1
21
22
SIM5
SIM1
SIM2
SIM3
SIM4
1
21
22
SIM5
SIM1
SIM2
SIM3
SIM4
1
21
22
SIM5
SIM1
SIM2
SIM3
SIM4
1
21
22
SIM5
SIM1
SIM2
SIM3
SIM4
1
21
22
SIM5
SIM1
SIM2
SIM3
SIM4
1
21
22
SIM5
SIM1
SIM2
SIM3
SIM4
1
21
22
SIM5
SIM1
SIM2
SIM3
SIM4
1
21
22
SIM5
SIM1
SIM2
SIM3
SIM4
1
21
22
SIM5
SIM1
SIM2
SIM3
SIM4
1
21
22
SIM5
SIM1
SIM2
SIM3
SIM4
1
21
22
SIM5
SIM1
SIM2
SIM3
SIM4
1
21
22
SIM5
SIM1
SIM2
SIM3
SIM4
1
21
22
SIM5
SIM1
SIM2
SIM3
SIM4
1
21
22
SIM5
SIM1
SIM2
SIM3
SIM4
1
21
22
SIM5
SIM1
SIM2
SIM3
SIM4
1
21
22
SIM5
SIM1
SIM2
SIM3
SIM4
1
21
22
SIM5
SIM1
SIM2
SIM3
SIM4
1
21
22
SIM5
SIM1
SIM2
SIM3
SIM4
1
21
22
SIM5
SIM1
SIM2
SIM3
SIM4
1
21
22
SIM5
SIM1
SIM2
SIM3
SIM4
1
21
22
SIM5
SIM1
SIM2
SIM3
SIM4
1
21
22
SIM5
SIM1
SIM2
SIM3
SIM4
1
21
22
SIM5
SIM1
SIM2
SIM3
SIM4
1
21
22
SIM5
SIM1
SIM2
SIM3
SIM4
1
21
22
SIM5
SIM1
SIM2
SIM3
SIM4
1
21
22
SIM5
SIM1
SIM2
SIM3
SIM4
1
21
22
SIM5
SIM1
SIM2
SIM3
SIM4
1
21
22
SIM5
SIM1
SIM2
SIM3
SIM4
1
21
22
SIM5
SIM1
SIM2
SIM3
SIM4
1
21
22
SIM5
SIM1
SIM2
SIM3
SIM4
1
21
22
SIM5
SIM1
SIM2
SIM3
SIM4
1
21
22
SIM5
SIM1
SIM2
SIM3
SIM4
1
21
22
SIM5
SIM1
SIM2
SIM3
SIM4
1
21
22
SIM5
SIM1
SIM2
SIM3
SIM4
1
21
22
SIM5
SIM1
SIM2
SIM3
SIM4
1
21
22
SIM5
SIM1
SIM2
SIM3
SIM4
1
21
22
SIM5
SIM1
SIM2
SIM3
SIM4
1
21
22
SIM5
SIM1
SIM2
DEBUG 1 779
SIM1
SIM2
SIM3
SIM4
1
21
22
SIM5
SIM1
SIM2
SIM3
SIM4
1
21
22
SIM5
SIM1
SIM2
SIM3
SIM4
1
21
22
SIM5
SIM1
SIM2
SIM3
SIM4
1
21
22
SIM5
SIM1
SIM2
SIM3
SIM4
1
21
22
SIM5
SIM1
SIM2
SIM3
SIM4
1
21
22
SIM5
SIM1
SIM2
SIM3
SIM4
1
21
22
SIM5
SIM1
SIM2
SIM3
SIM4
1
21
22
SIM5
SIM1
SIM2
SIM3
SIM4
1
21
22
SIM5
SIM1
SIM2
SIM3
SIM4
1
21
22
SIM5
SIM1
SIM2
SIM3
SIM4
1
21
22
SIM5
SIM1
SIM2
SIM3
SIM4
1
21
22
SIM5
SIM1
SIM2
SIM3
SIM4
1
21
22
SIM5
SIM1
SIM2
SIM3
SIM4
1
21
22
SIM5
SIM1
SIM2
SIM3
SIM4
1
21
22
SIM5
SIM1
SIM2
SIM3
SIM4
1
21
22
SIM5
SIM1
SIM2
SIM3
SIM4
1
21
22
SIM5
SIM1
SIM2
SIM3
SIM4
1
21
22
SIM5
SIM1
SIM2
SIM3
SIM4
1
21
22
SIM5
SIM1
SIM2
SIM3
SIM4
1
21
22
SIM5
SIM1
SIM2
SIM3
SIM4
1
21
22
SIM5
SIM1
SIM2
SIM3
SIM4
1
21
22
SIM5
SIM1
SIM2
SIM3
SIM4
1
21
22
SIM5
SIM1
SIM2
SIM3
SIM4
1
21
22
SIM5
SIM1
SIM2
SIM3
SIM4
1
21
22
SIM5
SIM1
SIM2
SIM3
SIM4
1
21
22
SIM5
SIM1
SIM2
SIM3
SIM4
1
21
22
SIM5
SIM1
SIM2
SIM3
SIM4
1
21
22
SIM5
SIM1
SIM2
SIM3
SIM4
1
21
22
SIM5
SIM1
SIM2
SIM3
SIM4
1
21
22
SIM5
SIM1
SIM2
SIM3
SIM4
1
21
22
SIM5
SIM1
SIM2
SIM3
SIM4
1
21
22
SIM5
SIM1
SIM2
SIM3
SIM4
1
21
22
SIM5
SIM1
SIM2
SIM3
SIM4
1
21
22
SIM5
SIM1
SIM2
SIM3
SIM4
1
21
22
SIM5
SIM1
SIM2
SIM3
SIM4
1
21
22
SIM5
SIM1
SIM2
SIM3
SIM4
1
21
22
SIM5
SIM1
SIM2
SIM3
SIM4
1
21
22
SIM5
SIM1
SIM2
SIM3
SIM4
1
21
22
SIM5
SIM1
SIM2
SIM3
SIM4
1
21
22
SIM5
SIM1
SIM2
SIM3
SIM4
1
21
22
SIM5
SIM1
SIM2
SIM3
SIM4
1
21
22
SIM5
SIM1
SIM2
SIM3
SIM4
1
21
22
SIM5
SIM1
SIM2
SIM3
SIM4
1
21
22
SIM5
SIM1
SIM2
SIM3
SIM4
1
21
22
SIM5
SIM1
SIM2
SIM3
SIM4
1
21
22
SIM5
SIM1
SIM2
SIM3
SIM4
1
21
22
SIM5
SIM1
SIM2
SIM3
SIM4
1
21
22
SIM5
SIM1
SIM2
SIM3
SIM4
1
21
22
SIM5
SIM1
SIM2
SIM3
SIM4
1
21
22
SIM5
SIM1
SIM2
SIM3
SIM4
1
21
22
SIM5
SIM1
SIM2
SIM3
SIM4
1
21
22
SIM5
SIM1
SIM2
SIM3
SIM4
1
21
22
SIM5
SIM1
SIM2
SIM3
SIM4
1
21
22
SIM5
SIM1
SIM2
SIM3
SIM4
1
21
22
SIM5
SIM1
SIM2
SIM3
SIM4
1
21
22
SIM5
SIM1
SIM2
SIM3
SIM4
1
21
22
SIM5
SIM1
SIM2
SIM3
SIM4
1
21
22
SIM5
SIM1
SIM2
SIM3
SIM4
1
21
22
SIM5
SIM1
SIM2
SIM3
SIM4
1
21
22
SIM5
SIM1
SIM2
SIM3
SIM4
1
21
22
SIM5
SIM1
SIM2
SIM3
SIM4
1
21
22
SIM5
SIM1
SIM2
SIM3
SIM4
1
21
22
SIM5
SIM1
SIM2
SIM3
SIM4
1
21
22
SIM5
SIM1
SIM2
SIM3
SIM4
1
21
22
SIM5
SIM1
SIM2
SIM3
SIM4
1
21
22
SIM5
SIM1
SIM2
SIM3
SIM4
1
21
22
SIM5
SIM1
SIM2
SIM3
SIM4
1
21
22
SIM5
SIM1
SIM2
SIM3
SIM4
1
21
22
SIM5
SIM1
SIM2
SIM3
SIM4
1
21
22
SIM5
SIM1
SIM2
SIM3
SIM4
1
21
22
SIM5
SIM1
SIM2
SIM3
SIM4
1
21
22
SIM5
SIM1
SIM2
SIM3
SIM4
1
21
22
SIM5
SIM1
SIM2
SIM3
SIM4
1
21
22
SIM5
SIM1
SIM2
SIM3
SIM4
1
21
22
SIM5
SIM1
SIM2
SIM3
SIM4
1
21
22
SIM5
SIM1
SIM2
SIM3
SIM4
1
21
22
SIM5
SIM1
SIM2
SIM3
SIM4
1
21
22
SIM5
SIM1
SIM2
SIM3
SIM4
1
21
22
SIM5
SIM1
SIM2
SIM3
SIM4
1
21
22
SIM5
SIM1
SIM2
SIM3
SIM4
1
21
22
SIM5
SIM1
SIM2
SIM3
SIM4
1
21
22
SIM5
SIM1
SIM2
SIM3
SIM4
1
21
22
SIM5
SIM1
SIM2
SIM3
SIM4
1
21
22
SIM5
SIM1
SIM2
SIM3
SIM4
1
21
22
SIM5
SIM1
SIM2
SIM3
SIM4
1
21
22
SIM5
SIM1
SIM2
SIM3
SIM4
1
21
22
SIM5
SIM1
SIM2
SIM3
SIM4
1
21
22
SIM5
SIM1
SIM2
SIM3
SIM4
1
21
22
SIM5
SIM1
SIM2
SIM3
SIM4
1
21
22
SIM5
SIM1
SIM2
SIM3
SIM4
1
21
22
SIM5
SIM1
SIM2
SIM3
SIM4
1
21
22
SIM5
SIM1
SIM2
SIM3
SIM4
1
21
22
SIM5
SIM1
SIM2
SIM3
SIM4
1
21
22
SIM5
SIM1
SIM2
SIM3
SIM4
1
21
22
SIM5
SIM1
SIM2
SIM3
SIM4
1
21
22
SIM5
SIM1
SIM2
SIM3
SIM4
1
21
22
SIM5
SIM1
SIM2
SIM3
SIM4
1
21
22
SIM5
SIM1
SIM2
SIM3
SIM4
1
21
22
SIM5
SIM1
SIM2
SIM3
SIM4
1
21
22
SIM5
SIM1
SIM2
SIM3
SIM4
1
21
22
SIM5
SIM1
SIM2
SIM3
SIM4
1
21
22
SIM5
SIM1
SIM2
SIM3
SIM4
1
21
22
SIM5
SIM1
SIM2
SIM3
SIM4
1
21
22
SIM5
SIM1
SIM2
SIM3
SIM4
1
21
22
SIM5
SIM1
SIM2
SIM3
SIM4
1
21
22
SIM5
SIM1
SIM2
SIM3
SIM4
1
21
22
SIM5
SIM1
SIM2
SIM3
SIM4
1
21
22
SIM5
SIM1
SIM2
SIM3
SIM4
1
21
22
SIM5
SIM1
SIM2
SIM3
SIM4
1
21
22
SIM5
SIM1
SIM2
SIM3
SIM4
1
21
22
SIM5
SIM1
SIM2
SIM3
SIM4
1
21
22
SIM5
SIM1
SIM2
SIM3
SIM4
1
21
22
SIM5
SIM1
SIM2
SIM3
SIM4
1
21
22
SIM5
SIM1
SIM2
SIM3
SIM4
1
21
22
SIM5
SIM1
SIM2
SIM3
SIM4
1
21
22
SIM5
SIM1
SIM2
SIM3
SIM4
1
21
22
SIM5
SIM1
SIM2
SIM3
SIM4
1
21
22
SIM5
SIM1
SIM2
SIM3
SIM4
1
21
22
SIM5
SIM1
SIM2
SIM3
SIM4
1
21
22
SIM5
SIM1
SIM2
SIM3
SIM4
1
21
22
SIM5
SIM1
SIM2
SIM3
SIM4
1
21
22
SIM5
SIM1
SIM2
SIM3
SIM4
1
21
22
SIM5
SIM1
SIM2
SIM3
SIM4
1
21
22
SIM5
SIM1
SIM2
SIM3
SIM4
1
21
22
SIM5
SIM1
SIM2
SIM3
SIM4
1
21
22
SIM5
SIM1
SIM2
SIM3
SIM4
1
21
22
SIM5
SIM1
SIM2
SIM3
SIM4
1
21
22
SIM5
SIM1
SIM2
SIM3
SIM4
1
21
22
SIM5
SIM1
SIM2
SIM3
SIM4
1
21
22
SIM5
SIM1
SIM2
SIM3
SIM4
1
21
22
SIM5
SIM1
SIM2
SIM3
SIM4
1
21
22
SIM5
SIM1
SIM2
SIM3
SIM4
1
21
22
SIM5
SIM1
SIM2
SIM3
SIM4
1
21
22
SIM5
SIM1
SIM2
SIM3
SIM4
1
21
22
SIM5
SIM1
SIM2
SIM3
SIM4
1
21
22
SIM5
SIM1
SIM2
SIM3
SIM4
1
21
22
SIM5
SIM1
SIM2
SIM3
SIM4
1
21
22
SIM5
SIM1
SIM2
SIM3
SIM4
1
21
22
SIM5
SIM1
SIM2
SIM3
SIM4
1
21
22
SIM5
SIM1
SIM2
SIM3
SIM4
1
21
22
SIM5
SIM1
SIM2
SIM3
SIM4
1
21
22
SIM5
SIM1
SIM2
SIM3
SIM4
1
21
22
SIM5
SIM1
SIM2
SIM3
SIM4
1
21
22
SIM5
SIM1
SIM2
SIM3
SIM4
1
21
22
SIM5
SIM1
SIM2
SIM3
SIM4
1
21
22
SIM5
SIM1
SIM2
SIM3
SIM4
1
21
22
SIM5
SIM1
SIM2
SIM3
SIM4
1
21
22
SIM5
SIM1
SIM2
SIM3
SIM4
1
21
22
SIM5
SIM1
SIM2
SIM3
SIM4
1
21
22
SIM5
SIM1
SIM2
SIM3
SIM4
1
21
22
SIM5
SIM1
SIM2
SIM3
SIM4
1
21
22
SIM5
SIM1
SIM2
SIM3
SIM4
1
21
22
SIM5
SIM1
SIM2
SIM3
SIM4
1
21
22
SIM5
SIM1
SIM2
SIM3
SIM4
1
21
22
SIM5
SIM1
SIM2
SIM3
SIM4
1
21
22
SIM5
SIM1
SIM2
SIM3
SIM4
1
21
22
SIM5
SIM1
SIM2
SIM3
SIM4
1
21
22
SIM5
SIM1
SIM2
SIM3
SIM4
1
21
22
SIM5
SIM1
SIM2
SIM3
SIM4
1
21
22
SIM5
SIM1
SIM2
SIM3
SIM4
1
21
22
SIM5
SIM1
SIM2
SIM3
SIM4
1
21
22
SIM5
SIM1
SIM2
SIM3
SIM4
1
21
22
SIM5
SIM1
SIM2
SIM3
SIM4
1
21
22
SIM5
SIM1
SIM2
SIM3
SIM4
1
21
22
SIM5
SIM1
SIM2
SIM3
SIM4
1
21
22
SIM5
SIM1
SIM2
SIM3
SIM4
1
21
22
SIM5
SIM1
SIM2
SIM3
SIM4
1
21
22
SIM5
SIM1
SIM2
SIM3
SIM4
1
21
22
SIM5
SIM1
SIM2
SIM3
SIM4
1
21
22
SIM5
SIM1
SIM2
SIM3
SIM4
1
21
22
SIM5
SIM1
SIM2
SIM3
SIM4
1
21
22
SIM5
SIM1
SIM2
SIM3
SIM4
1
21
22
SIM5
SIM1
SIM2
SIM3
SIM4
1
21
22
SIM5
SIM1
SIM2
SIM3
SIM4
1
21
22
SIM5
SIM1
SIM2
SIM3
SIM4
1
21
22
SIM5
SIM1
SIM2
SIM3
SIM4
1
21
22
SIM5
SIM1
SIM2
SIM3
SIM4
1
21
22
SIM5
SIM1
SIM2
SIM3
SIM4
1
21
22
SIM5
SIM1
SIM2
SIM3
SIM4
1
21
22
SIM5
SIM1
SIM2
SIM3
SIM4
1
21
22
SIM5
SIM1
SIM2
SIM3
SIM4
1
21
22
SIM5
SIM1
SIM2
SIM3
SIM4
1
21
22
SIM5
SIM1
SIM2
SIM3
SIM4
1
21
22
SIM5
SIM1
SIM2
SIM3
SIM4
1
21
22
SIM5
SIM1
SIM2
SIM3
SIM4
1
21
22
SIM5
SIM1
SIM2
SIM3
SIM4
1
21
22
SIM5
SIM1
SIM2
SIM3
SIM4
1
21
22
SIM5
SIM1
SIM2
SIM3
SIM4
1
21
22
SIM5
SIM1
SIM2
SIM3
SIM4
1
21
22
SIM5
SIM1
SIM2
SIM3
SIM4
1
21
22
SIM5
SIM1
SIM2
SIM3
SIM4
1
21
22
SIM5
SIM1
SIM2
SIM3
SIM4
1
21
22
SIM5
SIM1
SIM2
SIM3
SIM4
1
21
22
SIM5
SIM1
SIM2
SIM3
SIM4
1
21
22
SIM5
SIM1
SIM2
SIM3
SIM4
1
21
22
SIM5
SIM1
SIM2
SIM3
SIM4
1
21
22
SIM5
SIM1
SIM2
SIM3
SIM4
1
21
22
SIM5
SIM1
SIM2
SIM3
SIM4
1
21
22
SIM5
SIM1
SIM2
SIM3
SIM4
1
21
22
SIM5
SIM1
SIM2
SIM3
SIM4
1
21
22
SIM5
SIM1
SIM2
SIM3
SIM4
1
21
22
SIM5
SIM1
SIM2
SIM3
SIM4
1
21
22
SIM5
SIM1
SIM2
SIM3
SIM4
1
21
22
SIM5
SIM1
SIM2
SIM3
SIM4
1
21
22
SIM5
SIM1
SIM2
SIM3
SIM4
1
21
22
SIM5
SIM1
SIM2
SIM3
SIM4
1
21
22
SIM5
SIM1
SIM2
DEBUG 1 780
SIM1
SIM2
SIM3
SIM4
1
21
22
SIM5
SIM1
SIM2
SIM3
SIM4
1
21
22
SIM5
SIM1
SIM2
SIM3
SIM4
1
21
22
SIM5
SIM1
SIM2
SIM3
SIM4
1
21
22
SIM5
SIM1
SIM2
SIM3
SIM4
1
21
22
SIM5
SIM1
SIM2
SIM3
SIM4
1
21
22
SIM5
SIM1
SIM2
SIM3
SIM4
1
21
22
SIM5
SIM1
SIM2
SIM3
SIM4
1
21
22
SIM5
SIM1
SIM2
SIM3
SIM4
1
21
22
SIM5
SIM1
SIM2
SIM3
SIM4
1
21
22
SIM5
SIM1
SIM2
SIM3
SIM4
1
21
22
SIM5
SIM1
SIM2
SIM3
SIM4
1
21
22
SIM5
SIM1
SIM2
SIM3
SIM4
1
21
22
SIM5
SIM1
SIM2
SIM3
SIM4
1
21
22
SIM5
SIM1
SIM2
SIM3
SIM4
1
21
22
SIM5
SIM1
SIM2
SIM3
SIM4
1
21
22
SIM5
SIM1
SIM2
SIM3
SIM4
1
21
22
SIM5
SIM1
SIM2
SIM3
SIM4
1
21
22
SIM5
SIM1
SIM2
SIM3
SIM4
1
21
22
SIM5
SIM1
SIM2
SIM3
SIM4
1
21
22
SIM5
SIM1
SIM2
SIM3
SIM4
1
21
22
SIM5
SIM1
SIM2
SIM3
SIM4
1
21
22
SIM5
SIM1
SIM2
SIM3
SIM4
1
21
22
SIM5
SIM1
SIM2
SIM3
SIM4
1
21
22
SIM5
SIM1
SIM2
SIM3
SIM4
1
21
22
SIM5
SIM1
SIM2
SIM3
SIM4
1
21
22
SIM5
SIM1
SIM2
SIM3
SIM4
1
21
22
SIM5
SIM1
SIM2
SIM3
SIM4
1
21
22
SIM5
SIM1
SIM2
SIM3
SIM4
1
21
22
SIM5
SIM1
SIM2
SIM3
SIM4
1
21
22
SIM5
SIM1
SIM2
SIM3
SIM4
1
21
22
SIM5
SIM1
SIM2
SIM3
SIM4
1
21
22
SIM5
SIM1
SIM2
SIM3
SIM4
1
21
22
SIM5
SIM1
SIM2
SIM3
SIM4
1
21
22
SIM5
SIM1
SIM2
SIM3
SIM4
1
21
22
SIM5
SIM1
SIM2
SIM3
SIM4
1
21
22
SIM5
SIM1
SIM2
SIM3
SIM4
1
21
22
SIM5
SIM1
SIM2
SIM3
SIM4
1
21
22
SIM5
SIM1
SIM2
SIM3
SIM4
1
21
22
SIM5
SIM1
SIM2
SIM3
SIM4
1
21
22
SIM5
SIM1
SIM2
SIM3
SIM4
1
21
22
SIM5
SIM1
SIM2
SIM3
SIM4
1
21
22
SIM5
SIM1
SIM2
SIM3
SIM4
1
21
22
SIM5
SIM1
SIM2
SIM3
SIM4
1
21
22
SIM5
SIM1
SIM2
SIM3
SIM4
1
21
22
SIM5
SIM1
SIM2
SIM3
SIM4
1
21
22
SIM5
SIM1
SIM2
SIM3
SIM4
1
21
22
SIM5
SIM1
SIM2
SIM3
SIM4
1
21
22
SIM5
SIM1
SIM2
SIM3
SIM4
1
21
22
SIM5
SIM1
SIM2
SIM3
SIM4
1
21
22
SIM5
SIM1
SIM2
SIM3
SIM4
1
21
22
SIM5
SIM1
SIM2
SIM3
SIM4
1
21
22
SIM5
SIM1
SIM2
SIM3
SIM4
1
21
22
SIM5
SIM1
SIM2
SIM3
SIM4
1
21
22
SIM5
SIM1
SIM2
SIM3
SIM4
1
21
22
SIM5
SIM1
SIM2
SIM3
SIM4
1
21
22
SIM5
SIM1
SIM2
SIM3
SIM4
1
21
22
SIM5
SIM1
SIM2
SIM3
SIM4
1
21
22
SIM5
SIM1
SIM2
SIM3
SIM4
1
21
22
SIM5
SIM1
SIM2
SIM3
SIM4
1
21
22
SIM5
SIM1
SIM2
SIM3
SIM4
1
21
22
SIM5
SIM1
SIM2
SIM3
SIM4
1
21
22
SIM5
SIM1
SIM2
SIM3
SIM4
1
21
22
SIM5
SIM1
SIM2
SIM3
SIM4
1
21
22
SIM5
SIM1
SIM2
SIM3
SIM4
1
21
22
SIM5
SIM1
SIM2
SIM3
SIM4
1
21
22
SIM5
SIM1
SIM2
SIM3
SIM4
1
21
22
SIM5
SIM1
SIM2
SIM3
SIM4
1
21
22
SIM5
SIM1
SIM2
SIM3
SIM4
1
21
22
SIM5
SIM1
SIM2
SIM3
SIM4
1
21
22
SIM5
SIM1
SIM2
SIM3
SIM4
1
21
22
SIM5
SIM1
SIM2
SIM3
SIM4
1
21
22
SIM5
SIM1
SIM2
SIM3
SIM4
1
21
22
SIM5
SIM1
SIM2
SIM3
SIM4
1
21
22
SIM5
SIM1
SIM2
SIM3
SIM4
1
21
22
SIM5
SIM1
SIM2
SIM3
SIM4
1
21
22
SIM5
SIM1
SIM2
SIM3
SIM4
1
21
22
SIM5
SIM1
SIM2
SIM3
SIM4
1
21
22
SIM5
SIM1
SIM2
SIM3
SIM4
1
21
22
SIM5
SIM1
SIM2
SIM3
SIM4
1
21
22
SIM5
SIM1
SIM2
SIM3
SIM4
1
21
22
SIM5
SIM1
SIM2
SIM3
SIM4
1
21
22
SIM5
SIM1
SIM2
SIM3
SIM4
1
21
22
SIM5
SIM1
SIM2
SIM3
SIM4
1
21
22
SIM5
SIM1
SIM2
SIM3
SIM4
1
21
22
SIM5
SIM1
SIM2
SIM3
SIM4
1
21
22
SIM5
SIM1
SIM2
SIM3
SIM4
1
21
22
SIM5
SIM1
SIM2
SIM3
SIM4
1
21
22
SIM5
SIM1
SIM2
SIM3
SIM4
1
21
22
SIM5
SIM1
SIM2
SIM3
SIM4
1
21
22
SIM5
SIM1
SIM2
SIM3
SIM4
1
21
22
SIM5
SIM1
SIM2
SIM3
SIM4
1
21
22
SIM5
SIM1
SIM2
SIM3
SIM4
1
21
22
SIM5
SIM1
SIM2
SIM3
SIM4
1
21
22
SIM5
SIM1
SIM2
SIM3
SIM4
1
21
22
SIM5
SIM1
SIM2
SIM3
SIM4
1
21
22
SIM5
SIM1
SIM2
SIM3
SIM4
1
21
22
SIM5
SIM1
SIM2
SIM3
SIM4
1
21
22
SIM5
SIM1
SIM2
SIM3
SIM4
1
21
22
SIM5
SIM1
SIM2
SIM3
SIM4
1
21
22
SIM5
SIM1
SIM2
SIM3
SIM4
1
21
22
SIM5
SIM1
SIM2
SIM3
SIM4
1
21
22
SIM5
SIM1
SIM2
SIM3
SIM4
1
21
22
SIM5
SIM1
SIM2
SIM3
SIM4
1
21
22
SIM5
SIM1
SIM2
SIM3
SIM4
1
21
22
SIM5
SIM1
SIM2
SIM3
SIM4
1
21
22
SIM5
SIM1
SIM2
SIM3
SIM4
1
21
22
SIM5
SIM1
SIM2
SIM3
SIM4
1
21
22
SIM5
SIM1
SIM2
SIM3
SIM4
1
21
22
SIM5
SIM1
SIM2
SIM3
SIM4
1
21
22
SIM5
SIM1
SIM2
SIM3
SIM4
1
21
22
SIM5
SIM1
SIM2
SIM3
SIM4
1
21
22
SIM5
SIM1
SIM2
SIM3
SIM4
1
21
22
SIM5
SIM1
SIM2
SIM3
SIM4
1
21
22
SIM5
SIM1
SIM2
SIM3
SIM4
1
21
22
SIM5
SIM1
SIM2
SIM3
SIM4
1
21
22
SIM5
SIM1
SIM2
SIM3
SIM4
1
21
22
SIM5
SIM1
SIM2
SIM3
SIM4
1
21
22
SIM5
SIM1
SIM2
SIM3
SIM4
1
21
22
SIM5
SIM1
SIM2
SIM3
SIM4
1
21
22
SIM5
SIM1
SIM2
SIM3
SIM4
1
21
22
SIM5
SIM1
SIM2
SIM3
SIM4
1
21
22
SIM5
SIM1
SIM2
SIM3
SIM4
1
21
22
SIM5
SIM1
SIM2
SIM3
SIM4
1
21
22
SIM5
SIM1
SIM2
SIM3
SIM4
1
21
22
SIM5
SIM1
SIM2
SIM3
SIM4
1
21
22
SIM5
SIM1
SIM2
SIM3
SIM4
1
21
22
SIM5
SIM1
SIM2
SIM3
SIM4
1
21
22
SIM5
SIM1
SIM2
SIM3
SIM4
1
21
22
SIM5
SIM1
SIM2
SIM3
SIM4
1
21
22
SIM5
SIM1
SIM2
SIM3
SIM4
1
21
22
SIM5
SIM1
SIM2
SIM3
SIM4
1
21
22
SIM5
SIM1
SIM2
SIM3
SIM4
1
21
22
SIM5
SIM1
SIM2
SIM3
SIM4
1
21
22
SIM5
SIM1
SIM2
SIM3
SIM4
1
21
22
SIM5
SIM1
SIM2
SIM3
SIM4
1
21
22
SIM5
SIM1
SIM2
SIM3
SIM4
1
21
22
SIM5
SIM1
SIM2
SIM3
SIM4
1
21
22
SIM5
SIM1
SIM2
SIM3
SIM4
1
21
22
SIM5
SIM1
SIM2
SIM3
SIM4
1
21
22
SIM5
SIM1
SIM2
SIM3
SIM4
1
21
22
SIM5
SIM1
SIM2
SIM3
SIM4
1
21
22
SIM5
SIM1
SIM2
SIM3
SIM4
1
21
22
SIM5
SIM1
SIM2
SIM3
SIM4
1
21
22
SIM5
SIM1
SIM2
SIM3
SIM4
1
21
22
SIM5
SIM1
SIM2
SIM3
SIM4
1
21
22
SIM5
SIM1
SIM2
SIM3
SIM4
1
21
22
SIM5
SIM1
SIM2
SIM3
SIM4
1
21
22
SIM5
SIM1
SIM2
SIM3
SIM4
1
21
22
SIM5
SIM1
SIM2
SIM3
SIM4
1
21
22
SIM5
SIM1
SIM2
SIM3
SIM4
1
21
22
SIM5
SIM1
SIM2
SIM3
SIM4
1
21
22
SIM5
SIM1
SIM2
SIM3
SIM4
1
21
22
SIM5
SIM1
SIM2
SIM3
SIM4
1
21
22
SIM5
SIM1
SIM2
SIM3
SIM4
1
21
22
SIM5
SIM1
SIM2
SIM3
SIM4
1
21
22
SIM5
SIM1
SIM2
SIM3
SIM4
1
21
22
SIM5
SIM1
SIM2
SIM3
SIM4
1
21
22
SIM5
SIM1
SIM2
SIM3
SIM4
1
21
22
SIM5
SIM1
SIM2
SIM3
SIM4
1
21
22
SIM5
SIM1
SIM2
SIM3
SIM4
1
21
22
SIM5
SIM1
SIM2
SIM3
SIM4
1
21
22
SIM5
SIM1
SIM2
SIM3
SIM4
1
21
22
SIM5
SIM1
SIM2
SIM3
SIM4
1
21
22
SIM5
SIM1
SIM2
SIM3
SIM4
1
21
22
SIM5
SIM1
SIM2
SIM3
SIM4
1
21
22
SIM5
SIM1
SIM2
SIM3
SIM4
1
21
22
SIM5
SIM1
SIM2
SIM3
SIM4
1
21
22
SIM5
SIM1
SIM2
DEBUG 1 781
SIM1
SIM2
SIM3
SIM4
1
21
22
SIM5
SIM1
SIM2
SIM3
SIM4
1
21
22
SIM5
SIM1
SIM2
SIM3
SIM4
1
21
22
SIM5
SIM1
SIM2
SIM3
SIM4
1
21
22
SIM5
SIM1
SIM2
SIM3
SIM4
1
21
22
SIM5
SIM1
SIM2
SIM3
SIM4
1
21
22
SIM5
SIM1
SIM2
SIM3
SIM4
1
21
22
SIM5
SIM1
SIM2
SIM3
SIM4
1
21
22
SIM5
SIM1
SIM2
SIM3
SIM4
1
21
22
SIM5
SIM1
SIM2
SIM3
SIM4
1
21
22
SIM5
SIM1
SIM2
SIM3
SIM4
1
21
22
SIM5
SIM1
SIM2
SIM3
SIM4
1
21
22
SIM5
SIM1
SIM2
SIM3
SIM4
1
21
22
SIM5
SIM1
SIM2
SIM3
SIM4
1
21
22
SIM5
SIM1
SIM2
SIM3
SIM4
1
21
22
SIM5
SIM1
SIM2
SIM3
SIM4
1
21
22
SIM5
SIM1
SIM2
SIM3
SIM4
1
21
22
SIM5
SIM1
SIM2
SIM3
SIM4
1
21
22
SIM5
SIM1
SIM2
SIM3
SIM4
1
21
22
SIM5
SIM1
SIM2
SIM3
SIM4
1
21
22
SIM5
SIM1
SIM2
SIM3
SIM4
1
21
22
SIM5
SIM1
SIM2
SIM3
SIM4
1
21
22
SIM5
SIM1
SIM2
SIM3
SIM4
1
21
22
SIM5
SIM1
SIM2
SIM3
SIM4
1
21
22
SIM5
SIM1
SIM2
SIM3
SIM4
1
21
22
SIM5
SIM1
SIM2
SIM3
SIM4
1
21
22
SIM5
SIM1
SIM2
SIM3
SIM4
1
21
22
SIM5
SIM1
SIM2
SIM3
SIM4
1
21
22
SIM5
SIM1
SIM2
SIM3
SIM4
1
21
22
SIM5
SIM1
SIM2
SIM3
SIM4
1
21
22
SIM5
SIM1
SIM2
SIM3
SIM4
1
21
22
SIM5
SIM1
SIM2
SIM3
SIM4
1
21
22
SIM5
SIM1
SIM2
SIM3
SIM4
1
21
22
SIM5
SIM1
SIM2
SIM3
SIM4
1
21
22
SIM5
SIM1
SIM2
SIM3
SIM4
1
21
22
SIM5
SIM1
SIM2
SIM3
SIM4
1
21
22
SIM5
SIM1
SIM2
SIM3
SIM4
1
21
22
SIM5
SIM1
SIM2
SIM3
SIM4
1
21
22
SIM5
SIM1
SIM2
SIM3
SIM4
1
21
22
SIM5
SIM1
SIM2
SIM3
SIM4
1
21
22
SIM5
SIM1
SIM2
SIM3
SIM4
1
21
22
SIM5
SIM1
SIM2
SIM3
SIM4
1
21
22
SIM5
SIM1
SIM2
SIM3
SIM4
1
21
22
SIM5
SIM1
SIM2
SIM3
SIM4
1
21
22
SIM5
SIM1
SIM2
SIM3
SIM4
1
21
22
SIM5
SIM1
SIM2
SIM3
SIM4
1
21
22
SIM5
SIM1
SIM2
SIM3
SIM4
1
21
22
SIM5
SIM1
SIM2
SIM3
SIM4
1
21
22
SIM5
SIM1
SIM2
SIM3
SIM4
1
21
22
SIM5
SIM1
SIM2
SIM3
SIM4
1
21
22
SIM5
SIM1
SIM2
SIM3
SIM4
1
21
22
SIM5
SIM1
SIM2
SIM3
SIM4
1
21
22
SIM5
SIM1
SIM2
SIM3
SIM4
1
21
22
SIM5
SIM1
SIM2
SIM3
SIM4
1
21
22
SIM5
SIM1
SIM2
SIM3
SIM4
1
21
22
SIM5
SIM1
SIM2
SIM3
SIM4
1
21
22
SIM5
SIM1
SIM2
SIM3
SIM4
1
21
22
SIM5
SIM1
SIM2
SIM3
SIM4
1
21
22
SIM5
SIM1
SIM2
SIM3
SIM4
1
21
22
SIM5
SIM1
SIM2
SIM3
SIM4
1
21
22
SIM5
SIM1
SIM2
SIM3
SIM4
1
21
22
SIM5
SIM1
SIM2
SIM3
SIM4
1
21
22
SIM5
SIM1
SIM2
SIM3
SIM4
1
21
22
SIM5
SIM1
SIM2
SIM3
SIM4
1
21
22
SIM5
SIM1
SIM2
SIM3
SIM4
1
21
22
SIM5
SIM1
SIM2
SIM3
SIM4
1
21
22
SIM5
SIM1
SIM2
SIM3
SIM4
1
21
22
SIM5
SIM1
SIM2
SIM3
SIM4
1
21
22
SIM5
SIM1
SIM2
SIM3
SIM4
1
21
22
SIM5
SIM1
SIM2
SIM3
SIM4
1
21
22
SIM5
SIM1
SIM2
SIM3
SIM4
1
21
22
SIM5
SIM1
SIM2
SIM3
SIM4
1
21
22
SIM5
SIM1
SIM2
SIM3
SIM4
1
21
22
SIM5
SIM1
SIM2
SIM3
SIM4
1
21
22
SIM5
SIM1
SIM2
SIM3
SIM4
1
21
22
SIM5
SIM1
SIM2
SIM3
SIM4
1
21
22
SIM5
SIM1
SIM2
SIM3
SIM4
1
21
22
SIM5
SIM1
SIM2
SIM3
SIM4
1
21
22
SIM5
SIM1
SIM2
SIM3
SIM4
1
21
22
SIM5
SIM1
SIM2
SIM3
SIM4
1
21
22
SIM5
SIM1
SIM2
SIM3
SIM4
1
21
22
SIM5
SIM1
SIM2
SIM3
SIM4
1
21
22
SIM5
SIM1
SIM2
SIM3
SIM4
1
21
22
SIM5
SIM1
SIM2
SIM3
SIM4
1
21
22
SIM5
SIM1
SIM2
SIM3
SIM4
1
21
22
SIM5
SIM1
SIM2
SIM3
SIM4
1
21
22
SIM5
SIM1
SIM2
SIM3
SIM4
1
21
22
SIM5
SIM1
SIM2
SIM3
SIM4
1
21
22
SIM5
SIM1
SIM2
SIM3
SIM4
1
21
22
SIM5
SIM1
SIM2
SIM3
SIM4
1
21
22
SIM5
SIM1
SIM2
SIM3
SIM4
1
21
22
SIM5
SIM1
SIM2
SIM3
SIM4
1
21
22
SIM5
SIM1
SIM2
SIM3
SIM4
1
21
22
SIM5
SIM1
SIM2
SIM3
SIM4
1
21
22
SIM5
SIM1
SIM2
SIM3
SIM4
1
21
22
SIM5
SIM1
SIM2
SIM3
SIM4
1
21
22
SIM5
SIM1
SIM2
SIM3
SIM4
1
21
22
SIM5
SIM1
SIM2
SIM3
SIM4
1
21
22
SIM5
SIM1
SIM2
SIM3
SIM4
1
21
22
SIM5
SIM1
SIM2
SIM3
SIM4
1
21
22
SIM5
SIM1
SIM2
SIM3
SIM4
1
21
22
SIM5
SIM1
SIM2
SIM3
SIM4
1
21
22
SIM5
SIM1
SIM2
SIM3
SIM4
1
21
22
SIM5
SIM1
SIM2
SIM3
SIM4
1
21
22
SIM5
SIM1
SIM2
SIM3
SIM4
1
21
22
SIM5
SIM1
SIM2
SIM3
SIM4
1
21
22
SIM5
SIM1
SIM2
SIM3
SIM4
1
21
22
SIM5
SIM1
SIM2
SIM3
SIM4
1
21
22
SIM5
SIM1
SIM2
SIM3
SIM4
1
21
22
SIM5
SIM1
SIM2
SIM3
SIM4
1
21
22
SIM5
SIM1
SIM2
SIM3
SIM4
1
21
22
SIM5
SIM1
SIM2
SIM3
SIM4
1
21
22
SIM5
SIM1
SIM2
SIM3
SIM4
1
21
22
SIM5
SIM1
SIM2
SIM3
SIM4
1
21
22
SIM5
SIM1
SIM2
SIM3
SIM4
1
21
22
SIM5
SIM1
SIM2
SIM3
SIM4
1
21
22
SIM5
SIM1
SIM2
SIM3
SIM4
1
21
22
SIM5
SIM1
SIM2
SIM3
SIM4
1
21
22
SIM5
SIM1
SIM2
SIM3
SIM4
1
21
22
SIM5
SIM1
SIM2
SIM3
SIM4
1
21
22
SIM5
SIM1
SIM2
SIM3
SIM4
1
21
22
SIM5
SIM1
SIM2
SIM3
SIM4
1
21
22
SIM5
SIM1
SIM2
SIM3
SIM4
1
21
22
SIM5
SIM1
SIM2
SIM3
SIM4
1
21
22
SIM5
SIM1
SIM2
SIM3
SIM4
1
21
22
SIM5
SIM1
SIM2
SIM3
SIM4
1
21
22
SIM5
SIM1
SIM2
SIM3
SIM4
1
21
22
SIM5
SIM1
SIM2
SIM3
SIM4
1
21
22
SIM5
SIM1
SIM2
SIM3
SIM4
1
21
22
SIM5
SIM1
SIM2
SIM3
SIM4
1
21
22
SIM5
SIM1
SIM2
SIM3
SIM4
1
21
22
SIM5
SIM1
SIM2
SIM3
SIM4
1
21
22
SIM5
SIM1
SIM2
SIM3
SIM4
1
21
22
SIM5
SIM1
SIM2
SIM3
SIM4
1
21
22
SIM5
SIM1
SIM2
SIM3
SIM4
1
21
22
SIM5
SIM1
SIM2
SIM3
SIM4
1
21
22
SIM5
SIM1
SIM2
SIM3
SIM4
1
21
22
SIM5
SIM1
SIM2
SIM3
SIM4
1
21
22
SIM5
SIM1
SIM2
SIM3
SIM4
1
21
22
SIM5
SIM1
SIM2
SIM3
SIM4
1
21
22
SIM5
SIM1
SIM2
SIM3
SIM4
1
21
22
SIM5
SIM1
SIM2
SIM3
SIM4
1
21
22
SIM5
SIM1
SIM2
SIM3
SIM4
1
21
22
SIM5
SIM1
SIM2
SIM3
SIM4
1
21
22
SIM5
SIM1
SIM2
SIM3
SIM4
1
21
22
SIM5
SIM1
SIM2
SIM3
SIM4
1
21
22
SIM5
SIM1
SIM2
SIM3
SIM4
1
21
22
SIM5
SIM1
SIM2
SIM3
SIM4
1
21
22
SIM5
SIM1
SIM2
SIM3
SIM4
1
21
22
SIM5
SIM1
SIM2
SIM3
SIM4
1
21
22
SIM5
SIM1
SIM2
SIM3
SIM4
1
21
22
SIM5
SIM1
SIM2
SIM3
SIM4
1
21
22
SIM5
SIM1
SIM2
SIM3
SIM4
1
21
22
SIM5
SIM1
SIM2
SIM3
SIM4
1
21
22
SIM5
SIM1
SIM2
SIM3
SIM4
1
21
22
SIM5
SIM1
SIM2
SIM3
SIM4
1
21
22
SIM5
SIM1
SIM2
SIM3
SIM4
1
21
22
SIM5
SIM1
SIM2
SIM3
SIM4
1
21
22
SIM5
SIM1
SIM2
SIM3
SIM4
1
21
22
SIM5
SIM1
SIM2
SIM3
SIM4
1
21
22
SIM5
SIM1
SIM2
SIM3
SIM4
1
21
22
SIM5
SIM1
SIM2
SIM3
SIM4
1
21
22
SIM5
SIM1
SIM2
SIM3
SIM4
1
21
22
SIM5
SIM1
SIM2
SIM3
SIM4
1
21
22
SIM5
SIM1
SIM2
SIM3
SIM4
1
21
22
SIM5
SIM1
SIM2
SIM3
SIM4
1
21
22
SIM5
SIM1
SIM2
SIM3
SIM4
1
21
22
SIM5
SIM1
SIM2
SIM3
SIM4
1
21
22
SIM5
SIM1
SIM2
SIM3
SIM4
1
21
22
SIM5
SIM1
SIM2
SIM3
SIM4
1
21
22
SIM5
SIM1
SIM2
SIM3
SIM4
1
21
22
SIM5
SIM1
SIM2
SIM3
SIM4
1
21
22
SIM5
SIM1
SIM2
SIM3
SIM4
1
21
22
SIM5
SIM1
SIM2
SIM3
SIM4
1
21
22
SIM5
SIM1
SIM2
SIM3
SIM4
1
21
22
SIM5
SIM1
SIM2
SIM3
SIM4
1
21
22
SIM5
SIM1
SIM2
SIM3
SIM4
1
21
22
SIM5
SIM1
SIM2
SIM3
SIM4
1
21
22
SIM5
SIM1
SIM2
SIM3
SIM4
1
21
22
SIM5
SIM1
SIM2
SIM3
SIM4
1
21
22
SIM5
SIM1
SIM2
SIM3
SIM4
1
21
22
SIM5
SIM1
SIM2
SIM3
SIM4
1
21
22
SIM5
SIM1
SIM2
SIM3
SIM4
1
21
22
SIM5
SIM1
SIM2
SIM3
SIM4
1
21
22
SIM5
SIM1
SIM2
SIM3
SIM4
1
21
22
SIM5
SIM1
SIM2
SIM3
SIM4
1
21
22
SIM5
SIM1
SIM2
SIM3
SIM4
1
21
22
SIM5
SIM1
SIM2
SIM3
SIM4
1
21
22
SIM5
SIM1
SIM2
SIM3
SIM4
1
21
22
SIM5
SIM1
SIM2
SIM3
SIM4
1
21
22
SIM5
SIM1
SIM2
SIM3
SIM4
1
21
22
SIM5
SIM1
SIM2
SIM3
SIM4
1
21
22
SIM5
SIM1
SIM2
SIM3
SIM4
1
21
22
SIM5
SIM1
SIM2
SIM3
SIM4
1
21
22
SIM5
SIM1
SIM2
SIM3
SIM4
1
21
22
SIM5
SIM1
SIM2
SIM3
SIM4
1
21
22
SIM5
SIM1
SIM2
SIM3
SIM4
1
21
22
SIM5
SIM1
SIM2
SIM3
SIM4
1
21
22
SIM5
SIM1
SIM2
SIM3
SIM4
1
21
22
SIM5
SIM1
SIM2
SIM3
SIM4
1
21
22
SIM5
SIM1
SIM2
SIM3
SIM4
1
21
22
SIM5
SIM1
SIM2
SIM3
SIM4
1
21
22
SIM5
SIM1
SIM2
SIM3
SIM4
1
21
22
SIM5
SIM1
SIM2
SIM3
SIM4
1
21
22
SIM5
SIM1
SIM2
SIM3
SIM4
1
21
22
SIM5
SIM1
SIM2
SIM3
SIM4
1
21
22
SIM5
SIM1
SIM2
SIM3
SIM4
1
21
22
SIM5
SIM1
SIM2
SIM3
SIM4
1
21
22
SIM5
SIM1
SIM2
SIM3
SIM4
1
21
22
SIM5
SIM1
SIM2
SIM3
SIM4
1
21
22
SIM5
SIM1
SIM2
SIM3
SIM4
1
21
22
SIM5
SIM1
SIM2
SIM3
SIM4
1
21
22
SIM5
SIM1
SIM2
SIM3
SIM4
1
21
22
SIM5
SIM1
SIM2
SIM3
SIM4
1
21
22
SIM5
SIM1
SIM2
SIM3
SIM4
1
21
22
SIM5
SIM1
SIM2
SIM3
SIM4
1
21
22
SIM5
SIM1
SIM2
SIM3
SIM4
1
21
22
SIM5
SIM1
SIM2
SIM3
SIM4
1
21
22
SIM5
SIM1
SIM2
SIM3
SIM4
1
21
22
SIM5
SIM1
SIM2
DEBUG 1 782
SIM1
SIM2
SIM3
SIM4
1
21
22
SIM5
SIM1
SIM2
SIM3
SIM4
1
21
22
SIM5
SIM1
SIM2
SIM3
SIM4
1
21
22
SIM5
SIM1
SIM2
SIM3
SIM4
1
21
22
SIM5
SIM1
SIM2
SIM3
SIM4
1
21
22
SIM5
SIM1
SIM2
SIM3
SIM4
1
21
22
SIM5
SIM1
SIM2
SIM3
SIM4
1
21
22
SIM5
SIM1
SIM2
SIM3
SIM4
1
21
22
SIM5
SIM1
SIM2
SIM3
SIM4
1
21
22
SIM5
SIM1
SIM2
SIM3
SIM4
1
21
22
SIM5
SIM1
SIM2
SIM3
SIM4
1
21
22
SIM5
SIM1
SIM2
SIM3
SIM4
1
21
22
SIM5
SIM1
SIM2
SIM3
SIM4
1
21
22
SIM5
SIM1
SIM2
SIM3
SIM4
1
21
22
SIM5
SIM1
SIM2
SIM3
SIM4
1
21
22
SIM5
SIM1
SIM2
SIM3
SIM4
1
21
22
SIM5
SIM1
SIM2
SIM3
SIM4
1
21
22
SIM5
SIM1
SIM2
SIM3
SIM4
1
21
22
SIM5
SIM1
SIM2
SIM3
SIM4
1
21
22
SIM5
SIM1
SIM2
SIM3
SIM4
1
21
22
SIM5
SIM1
SIM2
SIM3
SIM4
1
21
22
SIM5
SIM1
SIM2
SIM3
SIM4
1
21
22
SIM5
SIM1
SIM2
SIM3
SIM4
1
21
22
SIM5
SIM1
SIM2
SIM3
SIM4
1
21
22
SIM5
SIM1
SIM2
SIM3
SIM4
1
21
22
SIM5
SIM1
SIM2
SIM3
SIM4
1
21
22
SIM5
SIM1
SIM2
SIM3
SIM4
1
21
22
SIM5
SIM1
SIM2
SIM3
SIM4
1
21
22
SIM5
SIM1
SIM2
SIM3
SIM4
1
21
22
SIM5
SIM1
SIM2
SIM3
SIM4
1
21
22
SIM5
SIM1
SIM2
SIM3
SIM4
1
21
22
SIM5
SIM1
SIM2
SIM3
SIM4
1
21
22
SIM5
SIM1
SIM2
SIM3
SIM4
1
21
22
SIM5
SIM1
SIM2
SIM3
SIM4
1
21
22
SIM5
SIM1
SIM2
SIM3
SIM4
1
21
22
SIM5
SIM1
SIM2
SIM3
SIM4
1
21
22
SIM5
SIM1
SIM2
SIM3
SIM4
1
21
22
SIM5
SIM1
SIM2
SIM3
SIM4
1
21
22
SIM5
SIM1
SIM2
SIM3
SIM4
1
21
22
SIM5
SIM1
SIM2
SIM3
SIM4
1
21
22
SIM5
SIM1
SIM2
SIM3
SIM4
1
21
22
SIM5
SIM1
SIM2
SIM3
SIM4
1
21
22
SIM5
SIM1
SIM2
SIM3
SIM4
1
21
22
SIM5
SIM1
SIM2
SIM3
SIM4
1
21
22
SIM5
SIM1
SIM2
SIM3
SIM4
1
21
22
SIM5
SIM1
SIM2
SIM3
SIM4
1
21
22
SIM5
SIM1
SIM2
SIM3
SIM4
1
21
22
SIM5
SIM1
SIM2
SIM3
SIM4
1
21
22
SIM5
SIM1
SIM2
SIM3
SIM4
1
21
22
SIM5
SIM1
SIM2
SIM3
SIM4
1
21
22
SIM5
SIM1
SIM2
SIM3
SIM4
1
21
22
SIM5
SIM1
SIM2
SIM3
SIM4
1
21
22
SIM5
SIM1
SIM2
SIM3
SIM4
1
21
22
SIM5
SIM1
SIM2
SIM3
SIM4
1
21
22
SIM5
SIM1
SIM2
SIM3
SIM4
1
21
22
SIM5
SIM1
SIM2
SIM3
SIM4
1
21
22
SIM5
SIM1
SIM2
SIM3
SIM4
1
21
22
SIM5
SIM1
SIM2
SIM3
SIM4
1
21
22
SIM5
SIM1
SIM2
SIM3
SIM4
1
21
22
SIM5
SIM1
SIM2
SIM3
SIM4
1
21
22
SIM5
SIM1
SIM2
SIM3
SIM4
1
21
22
SIM5
SIM1
SIM2
SIM3
SIM4
1
21
22
SIM5
SIM1
SIM2
SIM3
SIM4
1
21
22
SIM5
SIM1
SIM2
SIM3
SIM4
1
21
22
SIM5
SIM1
SIM2
SIM3
SIM4
1
21
22
SIM5
SIM1
SIM2
SIM3
SIM4
1
21
22
SIM5
SIM1
SIM2
SIM3
SIM4
1
21
22
SIM5
SIM1
SIM2
SIM3
SIM4
1
21
22
SIM5
SIM1
SIM2
SIM3
SIM4
1
21
22
SIM5
SIM1
SIM2
SIM3
SIM4
1
21
22
SIM5
SIM1
SIM2
SIM3
SIM4
1
21
22
SIM5
SIM1
SIM2
SIM3
SIM4
1
21
22
SIM5
SIM1
SIM2
SIM3
SIM4
1
21
22
SIM5
SIM1
SIM2
SIM3
SIM4
1
21
22
SIM5
SIM1
SIM2
SIM3
SIM4
1
21
22
SIM5
SIM1
SIM2
SIM3
SIM4
1
21
22
SIM5
SIM1
SIM2
SIM3
SIM4
1
21
22
SIM5
SIM1
SIM2
SIM3
SIM4
1
21
22
SIM5
SIM1
SIM2
SIM3
SIM4
1
21
22
SIM5
SIM1
SIM2
SIM3
SIM4
1
21
22
SIM5
SIM1
SIM2
SIM3
SIM4
1
21
22
SIM5
SIM1
SIM2
SIM3
SIM4
1
21
22
SIM5
SIM1
SIM2
SIM3
SIM4
1
21
22
SIM5
SIM1
SIM2
SIM3
SIM4
1
21
22
SIM5
SIM1
SIM2
SIM3
SIM4
1
21
22
SIM5
SIM1
SIM2
SIM3
SIM4
1
21
22
SIM5
SIM1
SIM2
SIM3
SIM4
1
21
22
SIM5
SIM1
SIM2
SIM3
SIM4
1
21
22
SIM5
SIM1
SIM2
SIM3
SIM4
1
21
22
SIM5
SIM1
SIM2
SIM3
SIM4
1
21
22
SIM5
SIM1
SIM2
SIM3
SIM4
1
21
22
SIM5
SIM1
SIM2
SIM3
SIM4
1
21
22
SIM5
SIM1
SIM2
SIM3
SIM4
1
21
22
SIM5
SIM1
SIM2
SIM3
SIM4
1
21
22
SIM5
SIM1
SIM2
SIM3
SIM4
1
21
22
SIM5
SIM1
SIM2
SIM3
SIM4
1
21
22
SIM5
SIM1
SIM2
SIM3
SIM4
1
21
22
SIM5
SIM1
SIM2
SIM3
SIM4
1
21
22
SIM5
SIM1
SIM2
SIM3
SIM4
1
21
22
SIM5
SIM1
SIM2
SIM3
SIM4
1
21
22
SIM5
SIM1
SIM2
SIM3
SIM4
1
21
22
SIM5
SIM1
SIM2
SIM3
SIM4
1
21
22
SIM5
SIM1
SIM2
SIM3
SIM4
1
21
22
SIM5
SIM1
SIM2
SIM3
SIM4
1
21
22
SIM5
SIM1
SIM2
SIM3
SIM4
1
21
22
SIM5
SIM1
SIM2
SIM3
SIM4
1
21
22
SIM5
SIM1
SIM2
SIM3
SIM4
1
21
22
SIM5
SIM1
SIM2
SIM3
SIM4
1
21
22
SIM5
SIM1
SIM2
SIM3
SIM4
1
21
22
SIM5
SIM1
SIM2
SIM3
SIM4
1
21
22
SIM5
SIM1
SIM2
SIM3
SIM4
1
21
22
SIM5
SIM1
SIM2
SIM3
SIM4
1
21
22
SIM5
SIM1
SIM2
SIM3
SIM4
1
21
22
SIM5
SIM1
SIM2
SIM3
SIM4
1
21
22
SIM5
SIM1
SIM2
SIM3
SIM4
1
21
22
SIM5
SIM1
SIM2
SIM3
SIM4
1
21
22
SIM5
SIM1
SIM2
SIM3
SIM4
1
21
22
SIM5
SIM1
SIM2
SIM3
SIM4
1
21
22
SIM5
SIM1
SIM2
SIM3
SIM4
1
21
22
SIM5
SIM1
SIM2
SIM3
SIM4
1
21
22
SIM5
SIM1
SIM2
SIM3
SIM4
1
21
22
SIM5
SIM1
SIM2
SIM3
SIM4
1
21
22
SIM5
SIM1
SIM2
SIM3
SIM4
1
21
22
SIM5
SIM1
SIM2
SIM3
SIM4
1
21
22
SIM5
SIM1
SIM2
SIM3
SIM4
1
21
22
SIM5
SIM1
SIM2
SIM3
SIM4
1
21
22
SIM5
SIM1
SIM2
SIM3
SIM4
1
21
22
SIM5
SIM1
SIM2
SIM3
SIM4
1
21
22
SIM5
SIM1
SIM2
SIM3
SIM4
1
21
22
SIM5
SIM1
SIM2
SIM3
SIM4
1
21
22
SIM5
SIM1
SIM2
SIM3
SIM4
1
21
22
SIM5
SIM1
SIM2
SIM3
SIM4
1
21
22
SIM5
SIM1
SIM2
SIM3
SIM4
1
21
22
SIM5
SIM1
SIM2
SIM3
SIM4
1
21
22
SIM5
SIM1
SIM2
SIM3
SIM4
1
21
22
SIM5
SIM1
SIM2
SIM3
SIM4
1
21
22
SIM5
SIM1
SIM2
SIM3
SIM4
1
21
22
SIM5
SIM1
SIM2
SIM3
SIM4
1
21
22
SIM5
SIM1
SIM2
SIM3
SIM4
1
21
22
SIM5
SIM1
SIM2
SIM3
SIM4
1
21
22
SIM5
SIM1
SIM2
SIM3
SIM4
1
21
22
SIM5
SIM1
SIM2
SIM3
SIM4
1
21
22
SIM5
SIM1
SIM2
SIM3
SIM4
1
21
22
SIM5
SIM1
SIM2
SIM3
SIM4
1
21
22
SIM5
SIM1
SIM2
SIM3
SIM4
1
21
22
SIM5
SIM1
SIM2
SIM3
SIM4
1
21
22
SIM5
SIM1
SIM2
SIM3
SIM4
1
21
22
SIM5
SIM1
SIM2
SIM3
SIM4
1
21
22
SIM5
SIM1
SIM2
SIM3
SIM4
1
21
22
SIM5
SIM1
SIM2
SIM3
SIM4
1
21
22
SIM5
SIM1
SIM2
SIM3
SIM4
1
21
22
SIM5
SIM1
SIM2
SIM3
SIM4
1
21
22
SIM5
SIM1
SIM2
SIM3
SIM4
1
21
22
SIM5
SIM1
SIM2
SIM3
SIM4
1
21
22
SIM5
SIM1
SIM2
SIM3
SIM4
1
21
22
SIM5
SIM1
SIM2
SIM3
SIM4
1
21
22
SIM5
SIM1
SIM2
SIM3
SIM4
1
21
22
SIM5
SIM1
SIM2
SIM3
SIM4
1
21
22
SIM5
SIM1
SIM2
SIM3
SIM4
1
21
22
SIM5
SIM1
SIM2
SIM3
SIM4
1
21
22
SIM5
SIM1
SIM2
SIM3
SIM4
1
21
22
SIM5
SIM1
SIM2
SIM3
SIM4
1
21
22
SIM5
SIM1
SIM2
SIM3
SIM4
1
21
22
SIM5
SIM1
SIM2
SIM3
SIM4
1
21
22
SIM5
SIM1
SIM2
SIM3
SIM4
1
21
22
SIM5
SIM1
SIM2
SIM3
SIM4
1
21
22
SIM5
SIM1
SIM2
SIM3
SIM4
1
21
22
SIM5
SIM1
SIM2
SIM3
SIM4
1
21
22
SIM5
SIM1
SIM2
SIM3
SIM4
1
21
22
SIM5
SIM1
SIM2
SIM3
SIM4
1
21
22
SIM5
SIM1
SIM2
SIM3
SIM4
1
21
22
SIM5
SIM1
SIM2
SIM3
SIM4
1
21
22
SIM5
SIM1
SIM2
SIM3
SIM4
1
21
22
SIM5
SIM1
SIM2
SIM3
SIM4
1
21
22
SIM5
SIM1
SIM2
SIM3
SIM4
1
21
22
SIM5
SIM1
SIM2
SIM3
SIM4
1
21
22
SIM5
SIM1
SIM2
SIM3
SIM4
1
21
22
SIM5
SIM1
SIM2
SIM3
SIM4
1
21
22
SIM5
SIM1
SIM2
SIM3
SIM4
1
21
22
SIM5
SIM1
SIM2
SIM3
SIM4
1
21
22
SIM5
SIM1
SIM2
SIM3
SIM4
1
21
22
SIM5
SIM1
SIM2
SIM3
SIM4
1
21
22
SIM5
SIM1
SIM2
SIM3
SIM4
1
21
22
SIM5
SIM1
SIM2
SIM3
SIM4
1
21
22
SIM5
SIM1
SIM2
SIM3
SIM4
1
21
22
SIM5
SIM1
SIM2
SIM3
SIM4
1
21
22
SIM5
SIM1
SIM2
SIM3
SIM4
1
21
22
SIM5
SIM1
SIM2
SIM3
SIM4
1
21
22
SIM5
SIM1
SIM2
SIM3
SIM4
1
21
22
SIM5
SIM1
SIM2
SIM3
SIM4
1
21
22
SIM5
SIM1
SIM2
SIM3
SIM4
1
21
22
SIM5
SIM1
SIM2
DEBUG 1 783
SIM1
SIM2
SIM3
SIM4
1
21
22
SIM5
SIM1
SIM2
SIM3
SIM4
1
21
22
SIM5
SIM1
SIM2
SIM3
SIM4
1
21
22
SIM5
SIM1
SIM2
SIM3
SIM4
1
21
22
SIM5
SIM1
SIM2
SIM3
SIM4
1
21
22
SIM5
SIM1
SIM2
SIM3
SIM4
1
21
22
SIM5
SIM1
SIM2
SIM3
SIM4
1
21
22
SIM5
SIM1
SIM2
SIM3
SIM4
1
21
22
SIM5
SIM1
SIM2
SIM3
SIM4
1
21
22
SIM5
SIM1
SIM2
SIM3
SIM4
1
21
22
SIM5
SIM1
SIM2
SIM3
SIM4
1
21
22
SIM5
SIM1
SIM2
SIM3
SIM4
1
21
22
SIM5
SIM1
SIM2
SIM3
SIM4
1
21
22
SIM5
SIM1
SIM2
SIM3
SIM4
1
21
22
SIM5
SIM1
SIM2
SIM3
SIM4
1
21
22
SIM5
SIM1
SIM2
SIM3
SIM4
1
21
22
SIM5
SIM1
SIM2
SIM3
SIM4
1
21
22
SIM5
SIM1
SIM2
SIM3
SIM4
1
21
22
SIM5
SIM1
SIM2
SIM3
SIM4
1
21
22
SIM5
SIM1
SIM2
SIM3
SIM4
1
21
22
SIM5
SIM1
SIM2
SIM3
SIM4
1
21
22
SIM5
SIM1
SIM2
SIM3
SIM4
1
21
22
SIM5
SIM1
SIM2
SIM3
SIM4
1
21
22
SIM5
SIM1
SIM2
SIM3
SIM4
1
21
22
SIM5
SIM1
SIM2
SIM3
SIM4
1
21
22
SIM5
SIM1
SIM2
SIM3
SIM4
1
21
22
SIM5
SIM1
SIM2
SIM3
SIM4
1
21
22
SIM5
SIM1
SIM2
SIM3
SIM4
1
21
22
SIM5
SIM1
SIM2
SIM3
SIM4
1
21
22
SIM5
SIM1
SIM2
SIM3
SIM4
1
21
22
SIM5
SIM1
SIM2
SIM3
SIM4
1
21
22
SIM5
SIM1
SIM2
SIM3
SIM4
1
21
22
SIM5
SIM1
SIM2
SIM3
SIM4
1
21
22
SIM5
SIM1
SIM2
SIM3
SIM4
1
21
22
SIM5
SIM1
SIM2
SIM3
SIM4
1
21
22
SIM5
SIM1
SIM2
SIM3
SIM4
1
21
22
SIM5
SIM1
SIM2
SIM3
SIM4
1
21
22
SIM5
SIM1
SIM2
SIM3
SIM4
1
21
22
SIM5
SIM1
SIM2
SIM3
SIM4
1
21
22
SIM5
SIM1
SIM2
SIM3
SIM4
1
21
22
SIM5
SIM1
SIM2
SIM3
SIM4
1
21
22
SIM5
SIM1
SIM2
SIM3
SIM4
1
21
22
SIM5
SIM1
SIM2
SIM3
SIM4
1
21
22
SIM5
SIM1
SIM2
SIM3
SIM4
1
21
22
SIM5
SIM1
SIM2
SIM3
SIM4
1
21
22
SIM5
SIM1
SIM2
SIM3
SIM4
1
21
22
SIM5
SIM1
SIM2
SIM3
SIM4
1
21
22
SIM5
SIM1
SIM2
SIM3
SIM4
1
21
22
SIM5
SIM1
SIM2
SIM3
SIM4
1
21
22
SIM5
SIM1
SIM2
SIM3
SIM4
1
21
22
SIM5
SIM1
SIM2
SIM3
SIM4
1
21
22
SIM5
SIM1
SIM2
SIM3
SIM4
1
21
22
SIM5
SIM1
SIM2
SIM3
SIM4
1
21
22
SIM5
SIM1
SIM2
SIM3
SIM4
1
21
22
SIM5
SIM1
SIM2
SIM3
SIM4
1
21
22
SIM5
SIM1
SIM2
SIM3
SIM4
1
21
22
SIM5
SIM1
SIM2
SIM3
SIM4
1
21
22
SIM5
SIM1
SIM2
SIM3
SIM4
1
21
22
SIM5
SIM1
SIM2
SIM3
SIM4
1
21
22
SIM5
SIM1
SIM2
SIM3
SIM4
1
21
22
SIM5
SIM1
SIM2
SIM3
SIM4
1
21
22
SIM5
SIM1
SIM2
SIM3
SIM4
1
21
22
SIM5
SIM1
SIM2
SIM3
SIM4
1
21
22
SIM5
SIM1
SIM2
SIM3
SIM4
1
21
22
SIM5
SIM1
SIM2
SIM3
SIM4
1
21
22
SIM5
SIM1
SIM2
SIM3
SIM4
1
21
22
SIM5
SIM1
SIM2
SIM3
SIM4
1
21
22
SIM5
SIM1
SIM2
SIM3
SIM4
1
21
22
SIM5
SIM1
SIM2
SIM3
SIM4
1
21
22
SIM5
SIM1
SIM2
SIM3
SIM4
1
21
22
SIM5
SIM1
SIM2
SIM3
SIM4
1
21
22
SIM5
SIM1
SIM2
SIM3
SIM4
1
21
22
SIM5
SIM1
SIM2
SIM3
SIM4
1
21
22
SIM5
SIM1
SIM2
SIM3
SIM4
1
21
22
SIM5
SIM1
SIM2
SIM3
SIM4
1
21
22
SIM5
SIM1
SIM2
SIM3
SIM4
1
21
22
SIM5
SIM1
SIM2
SIM3
SIM4
1
21
22
SIM5
SIM1
SIM2
SIM3
SIM4
1
21
22
SIM5
SIM1
SIM2
SIM3
SIM4
1
21
22
SIM5
SIM1
SIM2
SIM3
SIM4
1
21
22
SIM5
SIM1
SIM2
SIM3
SIM4
1
21
22
SIM5
SIM1
SIM2
SIM3
SIM4
1
21
22
SIM5
SIM1
SIM2
SIM3
SIM4
1
21
22
SIM5
SIM1
SIM2
SIM3
SIM4
1
21
22
SIM5
SIM1
SIM2
SIM3
SIM4
1
21
22
SIM5
SIM1
SIM2
SIM3
SIM4
1
21
22
SIM5
SIM1
SIM2
SIM3
SIM4
1
21
22
SIM5
SIM1
SIM2
SIM3
SIM4
1
21
22
SIM5
SIM1
SIM2
SIM3
SIM4
1
21
22
SIM5
SIM1
SIM2
SIM3
SIM4
1
21
22
SIM5
SIM1
SIM2
SIM3
SIM4
1
21
22
SIM5
SIM1
SIM2
SIM3
SIM4
1
21
22
SIM5
SIM1
SIM2
SIM3
SIM4
1
21
22
SIM5
SIM1
SIM2
SIM3
SIM4
1
21
22
SIM5
SIM1
SIM2
SIM3
SIM4
1
21
22
SIM5
SIM1
SIM2
SIM3
SIM4
1
21
22
SIM5
SIM1
SIM2
SIM3
SIM4
1
21
22
SIM5
SIM1
SIM2
SIM3
SIM4
1
21
22
SIM5
SIM1
SIM2
SIM3
SIM4
1
21
22
SIM5
SIM1
SIM2
SIM3
SIM4
1
21
22
SIM5
SIM1
SIM2
SIM3
SIM4
1
21
22
SIM5
SIM1
SIM2
SIM3
SIM4
1
21
22
SIM5
SIM1
SIM2
SIM3
SIM4
1
21
22
SIM5
SIM1
SIM2
SIM3
SIM4
1
21
22
SIM5
SIM1
SIM2
SIM3
SIM4
1
21
22
SIM5
SIM1
SIM2
SIM3
SIM4
1
21
22
SIM5
SIM1
SIM2
SIM3
SIM4
1
21
22
SIM5
SIM1
SIM2
SIM3
SIM4
1
21
22
SIM5
SIM1
SIM2
SIM3
SIM4
1
21
22
SIM5
SIM1
SIM2
SIM3
SIM4
1
21
22
SIM5
SIM1
SIM2
SIM3
SIM4
1
21
22
SIM5
SIM1
SIM2
SIM3
SIM4
1
21
22
SIM5
SIM1
SIM2
SIM3
SIM4
1
21
22
SIM5
SIM1
SIM2
SIM3
SIM4
1
21
22
SIM5
SIM1
SIM2
SIM3
SIM4
1
21
22
SIM5
SIM1
SIM2
SIM3
SIM4
1
21
22
SIM5
SIM1
SIM2
SIM3
SIM4
1
21
22
SIM5
SIM1
SIM2
SIM3
SIM4
1
21
22
SIM5
SIM1
SIM2
SIM3
SIM4
1
21
22
SIM5
SIM1
SIM2
SIM3
SIM4
1
21
22
SIM5
SIM1
SIM2
SIM3
SIM4
1
21
22
SIM5
SIM1
SIM2
SIM3
SIM4
1
21
22
SIM5
SIM1
SIM2
SIM3
SIM4
1
21
22
SIM5
SIM1
SIM2
SIM3
SIM4
1
21
22
SIM5
SIM1
SIM2
SIM3
SIM4
1
21
22
SIM5
SIM1
SIM2
SIM3
SIM4
1
21
22
SIM5
SIM1
SIM2
SIM3
SIM4
1
21
22
SIM5
SIM1
SIM2
SIM3
SIM4
1
21
22
SIM5
SIM1
SIM2
SIM3
SIM4
1
21
22
SIM5
SIM1
SIM2
SIM3
SIM4
1
21
22
SIM5
SIM1
SIM2
SIM3
SIM4
1
21
22
SIM5
SIM1
SIM2
SIM3
SIM4
1
21
22
SIM5
SIM1
SIM2
SIM3
SIM4
1
21
22
SIM5
SIM1
SIM2
SIM3
SIM4
1
21
22
SIM5
SIM1
SIM2
SIM3
SIM4
1
21
22
SIM5
SIM1
SIM2
SIM3
SIM4
1
21
22
SIM5
SIM1
SIM2
SIM3
SIM4
1
21
22
SIM5
SIM1
SIM2
SIM3
SIM4
1
21
22
SIM5
SIM1
SIM2
SIM3
SIM4
1
21
22
SIM5
SIM1
SIM2
SIM3
SIM4
1
21
22
SIM5
SIM1
SIM2
SIM3
SIM4
1
21
22
SIM5
SIM1
SIM2
SIM3
SIM4
1
21
22
SIM5
SIM1
SIM2
SIM3
SIM4
1
21
22
SIM5
SIM1
SIM2
SIM3
SIM4
1
21
22
SIM5
SIM1
SIM2
SIM3
SIM4
1
21
22
SIM5
SIM1
SIM2
SIM3
SIM4
1
21
22
SIM5
SIM1
SIM2
SIM3
SIM4
1
21
22
SIM5
SIM1
SIM2
SIM3
SIM4
1
21
22
SIM5
SIM1
SIM2
SIM3
SIM4
1
21
22
SIM5
SIM1
SIM2
SIM3
SIM4
1
21
22
SIM5
SIM1
SIM2
SIM3
SIM4
1
21
22
SIM5
SIM1
SIM2
SIM3
SIM4
1
21
22
SIM5
SIM1
SIM2
SIM3
SIM4
1
21
22
SIM5
SIM1
SIM2
SIM3
SIM4
1
21
22
SIM5
SIM1
SIM2
SIM3
SIM4
1
21
22
SIM5
SIM1
SIM2
DEBUG 1 784
SIM1
SIM2
SIM3
SIM4
1
21
22
SIM5
SIM1
SIM2
SIM3
SIM4
1
21
22
SIM5
SIM1
SIM2
SIM3
SIM4
1
21
22
SIM5
SIM1
SIM2
SIM3
SIM4
1
21
22
SIM5
SIM1
SIM2
SIM3
SIM4
1
21
22
SIM5
SIM1
SIM2
SIM3
SIM4
1
21
22
SIM5
SIM1
SIM2
SIM3
SIM4
1
21
22
SIM5
SIM1
SIM2
SIM3
SIM4
1
21
22
SIM5
SIM1
SIM2
SIM3
SIM4
1
21
22
SIM5
SIM1
SIM2
SIM3
SIM4
1
21
22
SIM5
SIM1
SIM2
SIM3
SIM4
1
21
22
SIM5
SIM1
SIM2
SIM3
SIM4
1
21
22
SIM5
SIM1
SIM2
SIM3
SIM4
1
21
22
SIM5
SIM1
SIM2
SIM3
SIM4
1
21
22
SIM5
SIM1
SIM2
SIM3
SIM4
1
21
22
SIM5
SIM1
SIM2
SIM3
SIM4
1
21
22
SIM5
SIM1
SIM2
SIM3
SIM4
1
21
22
SIM5
SIM1
SIM2
SIM3
SIM4
1
21
22
SIM5
SIM1
SIM2
SIM3
SIM4
1
21
22
SIM5
SIM1
SIM2
SIM3
SIM4
1
21
22
SIM5
SIM1
SIM2
SIM3
SIM4
1
21
22
SIM5
SIM1
SIM2
SIM3
SIM4
1
21
22
SIM5
SIM1
SIM2
SIM3
SIM4
1
21
22
SIM5
SIM1
SIM2
SIM3
SIM4
1
21
22
SIM5
SIM1
SIM2
SIM3
SIM4
1
21
22
SIM5
SIM1
SIM2
SIM3
SIM4
1
21
22
SIM5
SIM1
SIM2
SIM3
SIM4
1
21
22
SIM5
SIM1
SIM2
SIM3
SIM4
1
21
22
SIM5
SIM1
SIM2
SIM3
SIM4
1
21
22
SIM5
SIM1
SIM2
SIM3
SIM4
1
21
22
SIM5
SIM1
SIM2
SIM3
SIM4
1
21
22
SIM5
SIM1
SIM2
SIM3
SIM4
1
21
22
SIM5
SIM1
SIM2
SIM3
SIM4
1
21
22
SIM5
SIM1
SIM2
SIM3
SIM4
1
21
22
SIM5
SIM1
SIM2
SIM3
SIM4
1
21
22
SIM5
SIM1
SIM2
SIM3
SIM4
1
21
22
SIM5
SIM1
SIM2
SIM3
SIM4
1
21
22
SIM5
SIM1
SIM2
SIM3
SIM4
1
21
22
SIM5
SIM1
SIM2
SIM3
SIM4
1
21
22
SIM5
SIM1
SIM2
SIM3
SIM4
1
21
22
SIM5
SIM1
SIM2
SIM3
SIM4
1
21
22
SIM5
SIM1
SIM2
SIM3
SIM4
1
21
22
SIM5
SIM1
SIM2
SIM3
SIM4
1
21
22
SIM5
SIM1
SIM2
SIM3
SIM4
1
21
22
SIM5
SIM1
SIM2
SIM3
SIM4
1
21
22
SIM5
SIM1
SIM2
SIM3
SIM4
1
21
22
SIM5
SIM1
SIM2
SIM3
SIM4
1
21
22
SIM5
SIM1
SIM2
SIM3
SIM4
1
21
22
SIM5
SIM1
SIM2
SIM3
SIM4
1
21
22
SIM5
SIM1
SIM2
SIM3
SIM4
1
21
22
SIM5
SIM1
SIM2
SIM3
SIM4
1
21
22
SIM5
SIM1
SIM2
SIM3
SIM4
1
21
22
SIM5
SIM1
SIM2
SIM3
SIM4
1
21
22
SIM5
SIM1
SIM2
SIM3
SIM4
1
21
22
SIM5
SIM1
SIM2
SIM3
SIM4
1
21
22
SIM5
SIM1
SIM2
SIM3
SIM4
1
21
22
SIM5
SIM1
SIM2
SIM3
SIM4
1
21
22
SIM5
SIM1
SIM2
SIM3
SIM4
1
21
22
SIM5
SIM1
SIM2
SIM3
SIM4
1
21
22
SIM5
SIM1
SIM2
SIM3
SIM4
1
21
22
SIM5
SIM1
SIM2
SIM3
SIM4
1
21
22
SIM5
SIM1
SIM2
SIM3
SIM4
1
21
22
SIM5
SIM1
SIM2
SIM3
SIM4
1
21
22
SIM5
SIM1
SIM2
SIM3
SIM4
1
21
22
SIM5
SIM1
SIM2
SIM3
SIM4
1
21
22
SIM5
SIM1
SIM2
SIM3
SIM4
1
21
22
SIM5
SIM1
SIM2
SIM3
SIM4
1
21
22
SIM5
SIM1
SIM2
SIM3
SIM4
1
21
22
SIM5
SIM1
SIM2
SIM3
SIM4
1
21
22
SIM5
SIM1
SIM2
SIM3
SIM4
1
21
22
SIM5
SIM1
SIM2
SIM3
SIM4
1
21
22
SIM5
SIM1
SIM2
SIM3
SIM4
1
21
22
SIM5
SIM1
SIM2
SIM3
SIM4
1
21
22
SIM5
SIM1
SIM2
SIM3
SIM4
1
21
22
SIM5
SIM1
SIM2
SIM3
SIM4
1
21
22
SIM5
SIM1
SIM2
SIM3
SIM4
1
21
22
SIM5
SIM1
SIM2
SIM3
SIM4
1
21
22
SIM5
SIM1
SIM2
SIM3
SIM4
1
21
22
SIM5
SIM1
SIM2
SIM3
SIM4
1
21
22
SIM5
SIM1
SIM2
SIM3
SIM4
1
21
22
SIM5
SIM1
SIM2
SIM3
SIM4
1
21
22
SIM5
SIM1
SIM2
SIM3
SIM4
1
21
22
SIM5
SIM1
SIM2
SIM3
SIM4
1
21
22
SIM5
SIM1
SIM2
SIM3
SIM4
1
21
22
SIM5
SIM1
SIM2
SIM3
SIM4
1
21
22
SIM5
SIM1
SIM2
SIM3
SIM4
1
21
22
SIM5
SIM1
SIM2
SIM3
SIM4
1
21
22
SIM5
SIM1
SIM2
SIM3
SIM4
1
21
22
SIM5
SIM1
SIM2
SIM3
SIM4
1
21
22
SIM5
SIM1
SIM2
SIM3
SIM4
1
21
22
SIM5
SIM1
SIM2
SIM3
SIM4
1
21
22
SIM5
SIM1
SIM2
SIM3
SIM4
1
21
22
SIM5
SIM1
SIM2
SIM3
SIM4
1
21
22
SIM5
SIM1
SIM2
SIM3
SIM4
1
21
22
SIM5
SIM1
SIM2
SIM3
SIM4
1
21
22
SIM5
SIM1
SIM2
SIM3
SIM4
1
21
22
SIM5
SIM1
SIM2
SIM3
SIM4
1
21
22
SIM5
SIM1
SIM2
SIM3
SIM4
1
21
22
SIM5
SIM1
SIM2
SIM3
SIM4
1
21
22
SIM5
SIM1
SIM2
SIM3
SIM4
1
21
22
SIM5
SIM1
SIM2
SIM3
SIM4
1
21
22
SIM5
SIM1
SIM2
SIM3
SIM4
1
21
22
SIM5
SIM1
SIM2
SIM3
SIM4
1
21
22
SIM5
SIM1
SIM2
SIM3
SIM4
1
21
22
SIM5
SIM1
SIM2
SIM3
SIM4
1
21
22
SIM5
SIM1
SIM2
SIM3
SIM4
1
21
22
SIM5
SIM1
SIM2
SIM3
SIM4
1
21
22
SIM5
SIM1
SIM2
SIM3
SIM4
1
21
22
SIM5
SIM1
SIM2
SIM3
SIM4
1
21
22
SIM5
SIM1
SIM2
SIM3
SIM4
1
21
22
SIM5
SIM1
SIM2
SIM3
SIM4
1
21
22
SIM5
SIM1
SIM2
SIM3
SIM4
1
21
22
SIM5
SIM1
SIM2
SIM3
SIM4
1
21
22
SIM5
SIM1
SIM2
SIM3
SIM4
1
21
22
SIM5
SIM1
SIM2
SIM3
SIM4
1
21
22
SIM5
SIM1
SIM2
SIM3
SIM4
1
21
22
SIM5
SIM1
SIM2
SIM3
SIM4
1
21
22
SIM5
SIM1
SIM2
SIM3
SIM4
1
21
22
SIM5
SIM1
SIM2
SIM3
SIM4
1
21
22
SIM5
SIM1
SIM2
SIM3
SIM4
1
21
22
SIM5
SIM1
SIM2
SIM3
SIM4
1
21
22
SIM5
SIM1
SIM2
SIM3
SIM4
1
21
22
SIM5
SIM1
SIM2
SIM3
SIM4
1
21
22
SIM5
SIM1
SIM2
SIM3
SIM4
1
21
22
SIM5
SIM1
SIM2
SIM3
SIM4
1
21
22
SIM5
SIM1
SIM2
SIM3
SIM4
1
21
22
SIM5
SIM1
SIM2
SIM3
SIM4
1
21
22
SIM5
SIM1
SIM2
SIM3
SIM4
1
21
22
SIM5
SIM1
SIM2
SIM3
SIM4
1
21
22
SIM5
SIM1
SIM2
SIM3
SIM4
1
21
22
SIM5
SIM1
SIM2
SIM3
SIM4
1
21
22
SIM5
SIM1
SIM2
SIM3
SIM4
1
21
22
SIM5
SIM1
SIM2
SIM3
SIM4
1
21
22
SIM5
SIM1
SIM2
SIM3
SIM4
1
21
22
SIM5
SIM1
SIM2
SIM3
SIM4
1
21
22
SIM5
SIM1
SIM2
SIM3
SIM4
1
21
22
SIM5
SIM1
SIM2
SIM3
SIM4
1
21
22
SIM5
SIM1
SIM2
SIM3
SIM4
1
21
22
SIM5
SIM1
SIM2
SIM3
SIM4
1
21
22
SIM5
SIM1
SIM2
SIM3
SIM4
1
21
22
SIM5
SIM1
SIM2
SIM3
SIM4
1
21
22
SIM5
SIM1
SIM2
SIM3
SIM4
1
21
22
SIM5
SIM1
SIM2
SIM3
SIM4
1
21
22
SIM5
SIM1
SIM2
SIM3
SIM4
1
21
22
SIM5
SIM1
SIM2
SIM3
SIM4
1
21
22
SIM5
SIM1
SIM2
SIM3
SIM4
1
21
22
SIM5
SIM1
SIM2
SIM3
SIM4
1
21
22
SIM5
SIM1
SIM2
SIM3
SIM4
1
21
22
SIM5
SIM1
SIM2
SIM3
SIM4
1
21
22
SIM5
SIM1
SIM2
SIM3
SIM4
1
21
22
SIM5
SIM1
SIM2
SIM3
SIM4
1
21
22
SIM5
SIM1
SIM2
SIM3
SIM4
1
21
22
SIM5
SIM1
SIM2
SIM3
SIM4
1
21
22
SIM5
SIM1
SIM2
SIM3
SIM4
1
21
22
SIM5
SIM1
SIM2
SIM3
SIM4
1
21
22
SIM5
SIM1
SIM2
SIM3
SIM4
1
21
22
SIM5
SIM1
SIM2
SIM3
SIM4
1
21
22
SIM5
SIM1
SIM2
SIM3
SIM4
1
21
22
SIM5
SIM1
SIM2
SIM3
SIM4
1
21
22
SIM5
SIM1
SIM2
SIM3
SIM4
1
21
22
SIM5
SIM1
SIM2
SIM3
SIM4
1
21
22
SIM5
SIM1
SIM2
SIM3
SIM4
1
21
22
SIM5
SIM1
SIM2
SIM3
SIM4
1
21
22
SIM5
SIM1
SIM2
SIM3
SIM4
1
21
22
SIM5
SIM1
SIM2
SIM3
SIM4
1
21
22
SIM5
SIM1
SIM2
SIM3
SIM4
1
21
22
SIM5
SIM1
SIM2
SIM3
SIM4
1
21
22
SIM5
SIM1
SIM2
SIM3
SIM4
1
21
22
SIM5
SIM1
SIM2
SIM3
SIM4
1
21
22
SIM5
SIM1
SIM2
SIM3
SIM4
1
21
22
SIM5
SIM1
SIM2
SIM3
SIM4
1
21
22
SIM5
SIM1
SIM2
SIM3
SIM4
1
21
22
SIM5
SIM1
SIM2
SIM3
SIM4
1
21
22
SIM5
SIM1
SIM2
SIM3
SIM4
1
21
22
SIM5
SIM1
SIM2
SIM3
SIM4
1
21
22
SIM5
SIM1
SIM2
SIM3
SIM4
1
21
22
SIM5
SIM1
SIM2
SIM3
SIM4
1
21
22
SIM5
SIM1
SIM2
SIM3
SIM4
1
21
22
SIM5
SIM1
SIM2
SIM3
SIM4
1
21
22
SIM5
SIM1
SIM2
SIM3
SIM4
1
21
22
SIM5
SIM1
SIM2
SIM3
SIM4
1
21
22
SIM5
SIM1
SIM2
SIM3
SIM4
1
21
22
SIM5
SIM1
SIM2
SIM3
SIM4
1
21
22
SIM5
SIM1
SIM2
SIM3
SIM4
1
21
22
SIM5
SIM1
SIM2
SIM3
SIM4
1
21
22
SIM5
SIM1
SIM2
SIM3
SIM4
1
21
22
SIM5
SIM1
SIM2
SIM3
SIM4
1
21
22
SIM5
SIM1
SIM2
SIM3
SIM4
1
21
22
SIM5
SIM1
SIM2
SIM3
SIM4
1
21
22
SIM5
SIM1
SIM2
SIM3
SIM4
1
21
22
SIM5
SIM1
SIM2
SIM3
SIM4
1
21
22
SIM5
SIM1
SIM2
SIM3
SIM4
1
21
22
SIM5
SIM1
SIM2
SIM3
SIM4
1
21
22
SIM5
SIM1
SIM2
SIM3
SIM4
1
21
22
SIM5
SIM1
SIM2
SIM3
SIM4
1
21
22
SIM5
SIM1
SIM2
SIM3
SIM4
1
21
22
SIM5
SIM1
SIM2
SIM3
SIM4
1
21
22
SIM5
SIM1
SIM2
SIM3
SIM4
1
21
22
SIM5
SIM1
SIM2
SIM3
SIM4
1
21
22
SIM5
SIM1
SIM2
SIM3
SIM4
1
21
22
SIM5
SIM1
SIM2
SIM3
SIM4
1
21
22
SIM5
SIM1
SIM2
SIM3
SIM4
1
21
22
SIM5
SIM1
SIM2
SIM3
SIM4
1
21
22
SIM5
SIM1
SIM2
SIM3
SIM4
1
21
22
SIM5
SIM1
SIM2
SIM3
SIM4
1
21
22
SIM5
SIM1
SIM2
SIM3
SIM4
1
21
22
SIM5
SIM1
SIM2
SIM3
SIM4
1
21
22
SIM5
SIM1
SIM2
SIM3
SIM4
1
21
22
SIM5
SIM1
SIM2
SIM3
SIM4
1
21
22
SIM5
SIM1
SIM2
SIM3
SIM4
1
21
22
SIM5
SIM1
SIM2
SIM3
SIM4
1
21
22
SIM5
SIM1
SIM2
SIM3
SIM4
1
21
22
SIM5
SIM1
SIM2
SIM3
SIM4
1
21
22
SIM5
SIM1
SIM2
SIM3
SIM4
1
21
22
SIM5
SIM1
SIM2
SIM3
SIM4
1
21
22
SIM5
SIM1
SIM2
SIM3
SIM4
1
21
22
SIM5
SIM1
SIM2
SIM3
SIM4
1
21
22
SIM5
SIM1
SIM2
SIM3
SIM4
1
21
22
SIM5
SIM1
SIM2
SIM3
SIM4
1
21
22
SIM5
SIM1
SIM2
SIM3
SIM4
1
21
22
SIM5
SIM1
SIM2
SIM3
SIM4
1
21
22
SIM5
SIM1
SIM2
SIM3
SIM4
1
21
22
SIM5
SIM1
SIM2
SIM3
SIM4
1
21
22
SIM5
SIM1
SIM2
SIM3
SIM4
1
21
22
SIM5
SIM1
SIM2
SIM3
SIM4
1
21
22
SIM5
SIM1
SIM2
SIM3
SIM4
1
21
22
SIM5
SIM1
SIM2
SIM3
SIM4
1
21
22
SIM5
SIM1
SIM2
SIM3
SIM4
1
21
22
SIM5
SIM1
SIM2
SIM3
SIM4
1
21
22
SIM5
SIM1
SIM2
SIM3
SIM4
1
21
22
SIM5
SIM1
SIM2
SIM3
SIM4
1
21
22
SIM5
SIM1
SIM2
SIM3
SIM4
1
21
22
SIM5
SIM1
SIM2
SIM3
SIM4
1
21
22
SIM5
SIM1
SIM2
SIM3
SIM4
1
21
22
SIM5
SIM1
SIM2
SIM3
SIM4
1
21
22
SIM5
SIM1
SIM2
SIM3
SIM4
1
21
22
SIM5
SIM1
SIM2
SIM3
SIM4
1
21
22
SIM5
SIM1
SIM2
SIM3
SIM4
1
21
22
SIM5
SIM1
SIM2
SIM3
SIM4
1
21
22
SIM5
SIM1
SIM2
SIM3
SIM4
1
21
22
SIM5
SIM1
SIM2
SIM3
SIM4
1
21
22
SIM5
SIM1
SIM2
SIM3
SIM4
1
21
22
SIM5
SIM1
SIM2
SIM3
SIM4
1
21
22
SIM5
SIM1
SIM2
SIM3
SIM4
1
21
22
SIM5
SIM1
SIM2
SIM3
SIM4
1
21
22
SIM5
SIM1
SIM2
SIM3
SIM4
1
21
22
SIM5
SIM1
SIM2
SIM3
SIM4
1
21
22
SIM5
SIM1
SIM2
SIM3
SIM4
1
21
22
SIM5
SIM1
SIM2
DEBUG 1 785
SIM1
SIM2
SIM3
SIM4
1
21
22
SIM5
SIM1
SIM2
SIM3
SIM4
1
21
22
SIM5
SIM1
SIM2
SIM3
SIM4
1
21
22
SIM5
SIM1
SIM2
SIM3
SIM4
1
21
22
SIM5
SIM1
SIM2
SIM3
SIM4
1
21
22
SIM5
SIM1
SIM2
SIM3
SIM4
1
21
22
SIM5
SIM1
SIM2
SIM3
SIM4
1
21
22
SIM5
SIM1
SIM2
SIM3
SIM4
1
21
22
SIM5
SIM1
SIM2
SIM3
SIM4
1
21
22
SIM5
SIM1
SIM2
SIM3
SIM4
1
21
22
SIM5
SIM1
SIM2
SIM3
SIM4
1
21
22
SIM5
SIM1
SIM2
SIM3
SIM4
1
21
22
SIM5
SIM1
SIM2
SIM3
SIM4
1
21
22
SIM5
SIM1
SIM2
SIM3
SIM4
1
21
22
SIM5
SIM1
SIM2
SIM3
SIM4
1
21
22
SIM5
SIM1
SIM2
SIM3
SIM4
1
21
22
SIM5
SIM1
SIM2
SIM3
SIM4
1
21
22
SIM5
SIM1
SIM2
SIM3
SIM4
1
21
22
SIM5
SIM1
SIM2
SIM3
SIM4
1
21
22
SIM5
SIM1
SIM2
SIM3
SIM4
1
21
22
SIM5
SIM1
SIM2
SIM3
SIM4
1
21
22
SIM5
SIM1
SIM2
SIM3
SIM4
1
21
22
SIM5
SIM1
SIM2
SIM3
SIM4
1
21
22
SIM5
SIM1
SIM2
SIM3
SIM4
1
21
22
SIM5
SIM1
SIM2
SIM3
SIM4
1
21
22
SIM5
SIM1
SIM2
SIM3
SIM4
1
21
22
SIM5
SIM1
SIM2
SIM3
SIM4
1
21
22
SIM5
SIM1
SIM2
SIM3
SIM4
1
21
22
SIM5
SIM1
SIM2
SIM3
SIM4
1
21
22
SIM5
SIM1
SIM2
SIM3
SIM4
1
21
22
SIM5
SIM1
SIM2
SIM3
SIM4
1
21
22
SIM5
SIM1
SIM2
SIM3
SIM4
1
21
22
SIM5
SIM1
SIM2
SIM3
SIM4
1
21
22
SIM5
SIM1
SIM2
SIM3
SIM4
1
21
22
SIM5
SIM1
SIM2
SIM3
SIM4
1
21
22
SIM5
SIM1
SIM2
SIM3
SIM4
1
21
22
SIM5
SIM1
SIM2
SIM3
SIM4
1
21
22
SIM5
SIM1
SIM2
SIM3
SIM4
1
21
22
SIM5
SIM1
SIM2
SIM3
SIM4
1
21
22
SIM5
SIM1
SIM2
SIM3
SIM4
1
21
22
SIM5
SIM1
SIM2
SIM3
SIM4
1
21
22
SIM5
SIM1
SIM2
SIM3
SIM4
1
21
22
SIM5
SIM1
SIM2
SIM3
SIM4
1
21
22
SIM5
SIM1
SIM2
SIM3
SIM4
1
21
22
SIM5
SIM1
SIM2
SIM3
SIM4
1
21
22
SIM5
SIM1
SIM2
SIM3
SIM4
1
21
22
SIM5
SIM1
SIM2
SIM3
SIM4
1
21
22
SIM5
SIM1
SIM2
SIM3
SIM4
1
21
22
SIM5
SIM1
SIM2
SIM3
SIM4
1
21
22
SIM5
SIM1
SIM2
SIM3
SIM4
1
21
22
SIM5
SIM1
SIM2
SIM3
SIM4
1
21
22
SIM5
SIM1
SIM2
SIM3
SIM4
1
21
22
SIM5
SIM1
SIM2
SIM3
SIM4
1
21
22
SIM5
SIM1
SIM2
SIM3
SIM4
1
21
22
SIM5
SIM1
SIM2
SIM3
SIM4
1
21
22
SIM5
SIM1
SIM2
SIM3
SIM4
1
21
22
SIM5
SIM1
SIM2
SIM3
SIM4
1
21
22
SIM5
SIM1
SIM2
SIM3
SIM4
1
21
22
SIM5
SIM1
SIM2
SIM3
SIM4
1
21
22
SIM5
SIM1
SIM2
SIM3
SIM4
1
21
22
SIM5
SIM1
SIM2
SIM3
SIM4
1
21
22
SIM5
SIM1
SIM2
SIM3
SIM4
1
21
22
SIM5
SIM1
SIM2
SIM3
SIM4
1
21
22
SIM5
SIM1
SIM2
SIM3
SIM4
1
21
22
SIM5
SIM1
SIM2
SIM3
SIM4
1
21
22
SIM5
SIM1
SIM2
SIM3
SIM4
1
21
22
SIM5
SIM1
SIM2
SIM3
SIM4
1
21
22
SIM5
SIM1
SIM2
SIM3
SIM4
1
21
22
SIM5
SIM1
SIM2
SIM3
SIM4
1
21
22
SIM5
SIM1
SIM2
SIM3
SIM4
1
21
22
SIM5
SIM1
SIM2
SIM3
SIM4
1
21
22
SIM5
SIM1
SIM2
SIM3
SIM4
1
21
22
SIM5
SIM1
SIM2
SIM3
SIM4
1
21
22
SIM5
SIM1
SIM2
SIM3
SIM4
1
21
22
SIM5
SIM1
SIM2
SIM3
SIM4
1
21
22
SIM5
SIM1
SIM2
SIM3
SIM4
1
21
22
SIM5
SIM1
SIM2
SIM3
SIM4
1
21
22
SIM5
SIM1
SIM2
SIM3
SIM4
1
21
22
SIM5
SIM1
SIM2
SIM3
SIM4
1
21
22
SIM5
SIM1
SIM2
SIM3
SIM4
1
21
22
SIM5
SIM1
SIM2
SIM3
SIM4
1
21
22
SIM5
SIM1
SIM2
SIM3
SIM4
1
21
22
SIM5
SIM1
SIM2
SIM3
SIM4
1
21
22
SIM5
SIM1
SIM2
SIM3
SIM4
1
21
22
SIM5
SIM1
SIM2
SIM3
SIM4
1
21
22
SIM5
SIM1
SIM2
SIM3
SIM4
1
21
22
SIM5
SIM1
SIM2
SIM3
SIM4
1
21
22
SIM5
SIM1
SIM2
SIM3
SIM4
1
21
22
SIM5
SIM1
SIM2
SIM3
SIM4
1
21
22
SIM5
SIM1
SIM2
SIM3
SIM4
1
21
22
SIM5
SIM1
SIM2
SIM3
SIM4
1
21
22
SIM5
SIM1
SIM2
SIM3
SIM4
1
21
22
SIM5
SIM1
SIM2
SIM3
SIM4
1
21
22
SIM5
SIM1
SIM2
SIM3
SIM4
1
21
22
SIM5
SIM1
SIM2
SIM3
SIM4
1
21
22
SIM5
SIM1
SIM2
SIM3
SIM4
1
21
22
SIM5
SIM1
SIM2
SIM3
SIM4
1
21
22
SIM5
SIM1
SIM2
SIM3
SIM4
1
21
22
SIM5
SIM1
SIM2
SIM3
SIM4
1
21
22
SIM5
SIM1
SIM2
SIM3
SIM4
1
21
22
SIM5
SIM1
SIM2
SIM3
SIM4
1
21
22
SIM5
SIM1
SIM2
SIM3
SIM4
1
21
22
SIM5
SIM1
SIM2
SIM3
SIM4
1
21
22
SIM5
SIM1
SIM2
SIM3
SIM4
1
21
22
SIM5
SIM1
SIM2
SIM3
SIM4
1
21
22
SIM5
SIM1
SIM2
SIM3
SIM4
1
21
22
SIM5
SIM1
SIM2
SIM3
SIM4
1
21
22
SIM5
SIM1
SIM2
SIM3
SIM4
1
21
22
SIM5
SIM1
SIM2
SIM3
SIM4
1
21
22
SIM5
SIM1
SIM2
SIM3
SIM4
1
21
22
SIM5
SIM1
SIM2
SIM3
SIM4
1
21
22
SIM5
SIM1
SIM2
SIM3
SIM4
1
21
22
SIM5
SIM1
SIM2
SIM3
SIM4
1
21
22
SIM5
SIM1
SIM2
SIM3
SIM4
1
21
22
SIM5
SIM1
SIM2
SIM3
SIM4
1
21
22
SIM5
SIM1
SIM2
SIM3
SIM4
1
21
22
SIM5
SIM1
SIM2
SIM3
SIM4
1
21
22
SIM5
SIM1
SIM2
SIM3
SIM4
1
21
22
SIM5
SIM1
SIM2
SIM3
SIM4
1
21
22
SIM5
SIM1
SIM2
SIM3
SIM4
1
21
22
SIM5
SIM1
SIM2
SIM3
SIM4
1
21
22
SIM5
SIM1
SIM2
SIM3
SIM4
1
21
22
SIM5
SIM1
SIM2
SIM3
SIM4
1
21
22
SIM5
SIM1
SIM2
SIM3
SIM4
1
21
22
SIM5
SIM1
SIM2
SIM3
SIM4
1
21
22
SIM5
SIM1
SIM2
SIM3
SIM4
1
21
22
SIM5
SIM1
SIM2
SIM3
SIM4
1
21
22
SIM5
SIM1
SIM2
SIM3
SIM4
1
21
22
SIM5
SIM1
SIM2
SIM3
SIM4
1
21
22
SIM5
SIM1
SIM2
SIM3
SIM4
1
21
22
SIM5
SIM1
SIM2
SIM3
SIM4
1
21
22
SIM5
SIM1
SIM2
SIM3
SIM4
1
21
22
SIM5
SIM1
SIM2
SIM3
SIM4
1
21
22
SIM5
SIM1
SIM2
SIM3
SIM4
1
21
22
SIM5
SIM1
SIM2
SIM3
SIM4
1
21
22
SIM5
SIM1
SIM2
SIM3
SIM4
1
21
22
SIM5
SIM1
SIM2
SIM3
SIM4
1
21
22
SIM5
SIM1
SIM2
SIM3
SIM4
1
21
22
SIM5
SIM1
SIM2
SIM3
SIM4
1
21
22
SIM5
SIM1
SIM2
SIM3
SIM4
1
21
22
SIM5
SIM1
SIM2
SIM3
SIM4
1
21
22
SIM5
SIM1
SIM2
SIM3
SIM4
1
21
22
SIM5
SIM1
SIM2
SIM3
SIM4
1
21
22
SIM5
SIM1
SIM2
SIM3
SIM4
1
21
22
SIM5
SIM1
SIM2
SIM3
SIM4
1
21
22
SIM5
SIM1
SIM2
SIM3
SIM4
1
21
22
SIM5
SIM1
SIM2
SIM3
SIM4
1
21
22
SIM5
SIM1
SIM2
SIM3
SIM4
1
21
22
SIM5
SIM1
SIM2
SIM3
SIM4
1
21
22
SIM5
SIM1
SIM2
SIM3
SIM4
1
21
22
SIM5
SIM1
SIM2
SIM3
SIM4
1
21
22
SIM5
SIM1
SIM2
SIM3
SIM4
1
21
22
SIM5
SIM1
SIM2
SIM3
SIM4
1
21
22
SIM5
SIM1
SIM2
SIM3
SIM4
1
21
22
SIM5
SIM1
SIM2
SIM3
SIM4
1
21
22
SIM5
SIM1
SIM2
SIM3
SIM4
1
21
22
SIM5
SIM1
SIM2
SIM3
SIM4
1
21
22
SIM5
SIM1
SIM2
DEBUG 1 786
SIM1
SIM2
SIM3
SIM4
1
21
22
SIM5
SIM1
SIM2
SIM3
SIM4
1
21
22
SIM5
SIM1
SIM2
SIM3
SIM4
1
21
22
SIM5
SIM1
SIM2
SIM3
SIM4
1
21
22
SIM5
SIM1
SIM2
SIM3
SIM4
1
21
22
SIM5
SIM1
SIM2
SIM3
SIM4
1
21
22
SIM5
SIM1
SIM2
SIM3
SIM4
1
21
22
SIM5
SIM1
SIM2
SIM3
SIM4
1
21
22
SIM5
SIM1
SIM2
SIM3
SIM4
1
21
22
SIM5
SIM1
SIM2
SIM3
SIM4
1
21
22
SIM5
SIM1
SIM2
SIM3
SIM4
1
21
22
SIM5
SIM1
SIM2
SIM3
SIM4
1
21
22
SIM5
SIM1
SIM2
SIM3
SIM4
1
21
22
SIM5
SIM1
SIM2
SIM3
SIM4
1
21
22
SIM5
SIM1
SIM2
SIM3
SIM4
1
21
22
SIM5
SIM1
SIM2
SIM3
SIM4
1
21
22
SIM5
SIM1
SIM2
SIM3
SIM4
1
21
22
SIM5
SIM1
SIM2
SIM3
SIM4
1
21
22
SIM5
SIM1
SIM2
SIM3
SIM4
1
21
22
SIM5
SIM1
SIM2
SIM3
SIM4
1
21
22
SIM5
SIM1
SIM2
SIM3
SIM4
1
21
22
SIM5
SIM1
SIM2
SIM3
SIM4
1
21
22
SIM5
SIM1
SIM2
SIM3
SIM4
1
21
22
SIM5
SIM1
SIM2
SIM3
SIM4
1
21
22
SIM5
SIM1
SIM2
SIM3
SIM4
1
21
22
SIM5
SIM1
SIM2
SIM3
SIM4
1
21
22
SIM5
SIM1
SIM2
SIM3
SIM4
1
21
22
SIM5
SIM1
SIM2
SIM3
SIM4
1
21
22
SIM5
SIM1
SIM2
SIM3
SIM4
1
21
22
SIM5
SIM1
SIM2
SIM3
SIM4
1
21
22
SIM5
SIM1
SIM2
SIM3
SIM4
1
21
22
SIM5
SIM1
SIM2
SIM3
SIM4
1
21
22
SIM5
SIM1
SIM2
SIM3
SIM4
1
21
22
SIM5
SIM1
SIM2
SIM3
SIM4
1
21
22
SIM5
SIM1
SIM2
SIM3
SIM4
1
21
22
SIM5
SIM1
SIM2
SIM3
SIM4
1
21
22
SIM5
SIM1
SIM2
SIM3
SIM4
1
21
22
SIM5
SIM1
SIM2
SIM3
SIM4
1
21
22
SIM5
SIM1
SIM2
SIM3
SIM4
1
21
22
SIM5
SIM1
SIM2
SIM3
SIM4
1
21
22
SIM5
SIM1
SIM2
SIM3
SIM4
1
21
22
SIM5
SIM1
SIM2
SIM3
SIM4
1
21
22
SIM5
SIM1
SIM2
SIM3
SIM4
1
21
22
SIM5
SIM1
SIM2
SIM3
SIM4
1
21
22
SIM5
SIM1
SIM2
SIM3
SIM4
1
21
22
SIM5
SIM1
SIM2
SIM3
SIM4
1
21
22
SIM5
SIM1
SIM2
SIM3
SIM4
1
21
22
SIM5
SIM1
SIM2
SIM3
SIM4
1
21
22
SIM5
SIM1
SIM2
SIM3
SIM4
1
21
22
SIM5
SIM1
SIM2
SIM3
SIM4
1
21
22
SIM5
SIM1
SIM2
SIM3
SIM4
1
21
22
SIM5
SIM1
SIM2
SIM3
SIM4
1
21
22
SIM5
SIM1
SIM2
SIM3
SIM4
1
21
22
SIM5
SIM1
SIM2
SIM3
SIM4
1
21
22
SIM5
SIM1
SIM2
SIM3
SIM4
1
21
22
SIM5
SIM1
SIM2
SIM3
SIM4
1
21
22
SIM5
SIM1
SIM2
SIM3
SIM4
1
21
22
SIM5
SIM1
SIM2
SIM3
SIM4
1
21
22
SIM5
SIM1
SIM2
SIM3
SIM4
1
21
22
SIM5
SIM1
SIM2
SIM3
SIM4
1
21
22
SIM5
SIM1
SIM2
SIM3
SIM4
1
21
22
SIM5
SIM1
SIM2
SIM3
SIM4
1
21
22
SIM5
SIM1
SIM2
SIM3
SIM4
1
21
22
SIM5
SIM1
SIM2
SIM3
SIM4
1
21
22
SIM5
SIM1
SIM2
SIM3
SIM4
1
21
22
SIM5
SIM1
SIM2
SIM3
SIM4
1
21
22
SIM5
SIM1
SIM2
SIM3
SIM4
1
21
22
SIM5
SIM1
SIM2
SIM3
SIM4
1
21
22
SIM5
SIM1
SIM2
SIM3
SIM4
1
21
22
SIM5
SIM1
SIM2
SIM3
SIM4
1
21
22
SIM5
SIM1
SIM2
SIM3
SIM4
1
21
22
SIM5
SIM1
SIM2
SIM3
SIM4
1
21
22
SIM5
SIM1
SIM2
SIM3
SIM4
1
21
22
SIM5
SIM1
SIM2
SIM3
SIM4
1
21
22
SIM5
SIM1
SIM2
SIM3
SIM4
1
21
22
SIM5
SIM1
SIM2
SIM3
SIM4
1
21
22
SIM5
SIM1
SIM2
SIM3
SIM4
1
21
22
SIM5
SIM1
SIM2
SIM3
SIM4
1
21
22
SIM5
SIM1
SIM2
SIM3
SIM4
1
21
22
SIM5
SIM1
SIM2
SIM3
SIM4
1
21
22
SIM5
SIM1
SIM2
SIM3
SIM4
1
21
22
SIM5
SIM1
SIM2
SIM3
SIM4
1
21
22
SIM5
SIM1
SIM2
SIM3
SIM4
1
21
22
SIM5
SIM1
SIM2
SIM3
SIM4
1
21
22
SIM5
SIM1
SIM2
SIM3
SIM4
1
21
22
SIM5
SIM1
SIM2
SIM3
SIM4
1
21
22
SIM5
SIM1
SIM2
SIM3
SIM4
1
21
22
SIM5
SIM1
SIM2
SIM3
SIM4
1
21
22
SIM5
SIM1
SIM2
SIM3
SIM4
1
21
22
SIM5
SIM1
SIM2
SIM3
SIM4
1
21
22
SIM5
SIM1
SIM2
SIM3
SIM4
1
21
22
SIM5
SIM1
SIM2
SIM3
SIM4
1
21
22
SIM5
SIM1
SIM2
SIM3
SIM4
1
21
22
SIM5
SIM1
SIM2
SIM3
SIM4
1
21
22
SIM5
SIM1
SIM2
SIM3
SIM4
1
21
22
SIM5
SIM1
SIM2
SIM3
SIM4
1
21
22
SIM5
SIM1
SIM2
SIM3
SIM4
1
21
22
SIM5
SIM1
SIM2
SIM3
SIM4
1
21
22
SIM5
SIM1
SIM2
SIM3
SIM4
1
21
22
SIM5
SIM1
SIM2
SIM3
SIM4
1
21
22
SIM5
SIM1
SIM2
SIM3
SIM4
1
21
22
SIM5
SIM1
SIM2
SIM3
SIM4
1
21
22
SIM5
SIM1
SIM2
SIM3
SIM4
1
21
22
SIM5
SIM1
SIM2
SIM3
SIM4
1
21
22
SIM5
SIM1
SIM2
SIM3
SIM4
1
21
22
SIM5
SIM1
SIM2
SIM3
SIM4
1
21
22
SIM5
SIM1
SIM2
SIM3
SIM4
1
21
22
SIM5
SIM1
SIM2
SIM3
SIM4
1
21
22
SIM5
SIM1
SIM2
SIM3
SIM4
1
21
22
SIM5
SIM1
SIM2
SIM3
SIM4
1
21
22
SIM5
SIM1
SIM2
SIM3
SIM4
1
21
22
SIM5
SIM1
SIM2
SIM3
SIM4
1
21
22
SIM5
SIM1
SIM2
SIM3
SIM4
1
21
22
SIM5
SIM1
SIM2
SIM3
SIM4
1
21
22
SIM5
SIM1
SIM2
SIM3
SIM4
1
21
22
SIM5
SIM1
SIM2
SIM3
SIM4
1
21
22
SIM5
SIM1
SIM2
SIM3
SIM4
1
21
22
SIM5
SIM1
SIM2
SIM3
SIM4
1
21
22
SIM5
SIM1
SIM2
SIM3
SIM4
1
21
22
SIM5
SIM1
SIM2
SIM3
SIM4
1
21
22
SIM5
SIM1
SIM2
SIM3
SIM4
1
21
22
SIM5
SIM1
SIM2
SIM3
SIM4
1
21
22
SIM5
SIM1
SIM2
SIM3
SIM4
1
21
22
SIM5
SIM1
SIM2
SIM3
SIM4
1
21
22
SIM5
SIM1
SIM2
SIM3
SIM4
1
21
22
SIM5
SIM1
SIM2
SIM3
SIM4
1
21
22
SIM5
SIM1
SIM2
SIM3
SIM4
1
21
22
SIM5
SIM1
SIM2
SIM3
SIM4
1
21
22
SIM5
SIM1
SIM2
SIM3
SIM4
1
21
22
SIM5
SIM1
SIM2
SIM3
SIM4
1
21
22
SIM5
SIM1
SIM2
SIM3
SIM4
1
21
22
SIM5
SIM1
SIM2
SIM3
SIM4
1
21
22
SIM5
SIM1
SIM2
SIM3
SIM4
1
21
22
SIM5
SIM1
SIM2
SIM3
SIM4
1
21
22
SIM5
SIM1
SIM2
SIM3
SIM4
1
21
22
SIM5
SIM1
SIM2
SIM3
SIM4
1
21
22
SIM5
SIM1
SIM2
SIM3
SIM4
1
21
22
SIM5
SIM1
SIM2
SIM3
SIM4
1
21
22
SIM5
SIM1
SIM2
SIM3
SIM4
1
21
22
SIM5
SIM1
SIM2
SIM3
SIM4
1
21
22
SIM5
SIM1
SIM2
SIM3
SIM4
1
21
22
SIM5
SIM1
SIM2
SIM3
SIM4
1
21
22
SIM5
SIM1
SIM2
SIM3
SIM4
1
21
22
SIM5
SIM1
SIM2
SIM3
SIM4
1
21
22
SIM5
SIM1
SIM2
SIM3
SIM4
1
21
22
SIM5
SIM1
SIM2
SIM3
SIM4
1
21
22
SIM5
SIM1
SIM2
SIM3
SIM4
1
21
22
SIM5
SIM1
SIM2
SIM3
SIM4
1
21
22
SIM5
SIM1
SIM2
SIM3
SIM4
1
21
22
SIM5
SIM1
SIM2
SIM3
SIM4
1
21
22
SIM5
SIM1
SIM2
SIM3
SIM4
1
21
22
SIM5
SIM1
SIM2
SIM3
SIM4
1
21
22
SIM5
SIM1
SIM2
SIM3
SIM4
1
21
22
SIM5
SIM1
SIM2
SIM3
SIM4
1
21
22
SIM5
SIM1
SIM2
SIM3
SIM4
1
21
22
SIM5
SIM1
SIM2
SIM3
SIM4
1
21
22
SIM5
SIM1
SIM2
SIM3
SIM4
1
21
22
SIM5
SIM1
SIM2
SIM3
SIM4
1
21
22
SIM5
SIM1
SIM2
SIM3
SIM4
1
21
22
SIM5
SIM1
SIM2
SIM3
SIM4
1
21
22
SIM5
SIM1
SIM2
SIM3
SIM4
1
21
22
SIM5
SIM1
SIM2
SIM3
SIM4
1
21
22
SIM5
SIM1
SIM2
SIM3
SIM4
1
21
22
SIM5
SIM1
SIM2
SIM3
SIM4
1
21
22
SIM5
SIM1
SIM2
SIM3
SIM4
1
21
22
SIM5
SIM1
SIM2
SIM3
SIM4
1
21
22
SIM5
SIM1
SIM2
SIM3
SIM4
1
21
22
SIM5
SIM1
SIM2
SIM3
SIM4
1
21
22
SIM5
SIM1
SIM2
SIM3
SIM4
1
21
22
SIM5
SIM1
SIM2
SIM3
SIM4
1
21
22
SIM5
SIM1
SIM2
SIM3
SIM4
1
21
22
SIM5
SIM1
SIM2
SIM3
SIM4
1
21
22
SIM5
SIM1
SIM2
SIM3
SIM4
1
21
22
SIM5
SIM1
SIM2
SIM3
SIM4
1
21
22
SIM5
SIM1
SIM2
SIM3
SIM4
1
21
22
SIM5
SIM1
SIM2
SIM3
SIM4
1
21
22
SIM5
SIM1
SIM2
SIM3
SIM4
1
21
22
SIM5
SIM1
SIM2
SIM3
SIM4
1
21
22
SIM5
SIM1
SIM2
SIM3
SIM4
1
21
22
SIM5
SIM1
SIM2
SIM3
SIM4
1
21
22
SIM5
SIM1
SIM2
SIM3
SIM4
1
21
22
SIM5
SIM1
SIM2
SIM3
SIM4
1
21
22
SIM5
SIM1
SIM2
SIM3
SIM4
1
21
22
SIM5
SIM1
SIM2
SIM3
SIM4
1
21
22
SIM5
SIM1
SIM2
SIM3
SIM4
1
21
22
SIM5
SIM1
SIM2
SIM3
SIM4
1
21
22
SIM5
SIM1
SIM2
SIM3
SIM4
1
21
22
SIM5
SIM1
SIM2
SIM3
SIM4
1
21
22
SIM5
SIM1
SIM2
SIM3
SIM4
1
21
22
SIM5
SIM1
SIM2
SIM3
SIM4
1
21
22
SIM5
SIM1
SIM2
SIM3
SIM4
1
21
22
SIM5
SIM1
SIM2
SIM3
SIM4
1
21
22
SIM5
SIM1
SIM2
SIM3
SIM4
1
21
22
SIM5
SIM1
SIM2
SIM3
SIM4
1
21
22
SIM5
SIM1
SIM2
SIM3
SIM4
1
21
22
SIM5
SIM1
SIM2
SIM3
SIM4
1
21
22
SIM5
SIM1
SIM2
SIM3
SIM4
1
21
22
SIM5
SIM1
SIM2
SIM3
SIM4
1
21
22
SIM5
SIM1
SIM2
SIM3
SIM4
1
21
22
SIM5
SIM1
SIM2
SIM3
SIM4
1
21
22
SIM5
SIM1
SIM2
SIM3
SIM4
1
21
22
SIM5
SIM1
SIM2
SIM3
SIM4
1
21
22
SIM5
SIM1
SIM2
SIM3
SIM4
1
21
22
SIM5
SIM1
SIM2
SIM3
SIM4
1
21
22
SIM5
SIM1
SIM2
SIM3
SIM4
1
21
22
SIM5
SIM1
SIM2
SIM3
SIM4
1
21
22
SIM5
SIM1
SIM2
SIM3
SIM4
1
21
22
SIM5
SIM1
SIM2
SIM3
SIM4
1
21
22
SIM5
SIM1
SIM2
SIM3
SIM4
1
21
22
SIM5
SIM1
SIM2
SIM3
SIM4
1
21
22
SIM5
SIM1
SIM2
SIM3
SIM4
1
21
22
SIM5
SIM1
SIM2
SIM3
SIM4
1
21
22
SIM5
SIM1
SIM2
SIM3
SIM4
1
21
22
SIM5
SIM1
SIM2
SIM3
SIM4
1
21
22
SIM5
SIM1
SIM2
SIM3
SIM4
1
21
22
SIM5
SIM1
SIM2
SIM3
SIM4
1
21
22
SIM5
SIM1
SIM2
SIM3
SIM4
1
21
22
SIM5
SIM1
SIM2
SIM3
SIM4
1
21
22
SIM5
SIM1
SIM2
SIM3
SIM4
1
21
22
SIM5
SIM1
SIM2
SIM3
SIM4
1
21
22
SIM5
SIM1
SIM2
SIM3
SIM4
1
21
22
SIM5
SIM1
SIM2
SIM3
SIM4
1
21
22
SIM5
SIM1
SIM2
SIM3
SIM4
1
21
22
SIM5
SIM1
SIM2
SIM3
SIM4
1
21
22
SIM5
SIM1
SIM2
SIM3
SIM4
1
21
22
SIM5
SIM1
SIM2
SIM3
SIM4
1
21
22
SIM5
SIM1
SIM2
SIM3
SIM4
1
21
22
SIM5
SIM1
SIM2
SIM3
SIM4
1
21
22
SIM5
SIM1
SIM2
SIM3
SIM4
1
21
22
SIM5
SIM1
SIM2
SIM3
SIM4
1
21
22
SIM5
SIM1
SIM2
SIM3
SIM4
1
21
22
SIM5
SIM1
SIM2
SIM3
SIM4
1
21
22
SIM5
SIM1
SIM2
SIM3
SIM4
1
21
22
SIM5
SIM1
SIM2
SIM3
SIM4
1
21
22
SIM5
SIM1
SIM2
SIM3
SIM4
1
21
22
SIM5
SIM1
SIM2
SIM3
SIM4
1
21
22
SIM5
SIM1
SIM2
SIM3
SIM4
1
21
22
SIM5
SIM1
SIM2
SIM3
SIM4
1
21
22
SIM5
SIM1
SIM2
SIM3
SIM4
1
21
22
SIM5
SIM1
SIM2
SIM3
SIM4
1
21
22
SIM5
SIM1
SIM2
SIM3
SIM4
1
21
22
SIM5
SIM1
SIM2
SIM3
SIM4
1
21
22
SIM5
SIM1
SIM2
SIM3
SIM4
1
21
22
SIM5
SIM1
SIM2
SIM3
SIM4
1
21
22
SIM5
SIM1
SIM2
SIM3
SIM4
1
21
22
SIM5
SIM1
SIM2
SIM3
SIM4
1
21
22
SIM5
SIM1
SIM2
SIM3
SIM4
1
21
22
SIM5
SIM1
SIM2
SIM3
SIM4
1
21
22
SIM5
SIM1
SIM2
SIM3
SIM4
1
21
22
SIM5
SIM1
SIM2
SIM3
SIM4
1
21
22
SIM5
SIM1
SIM2
SIM3
SIM4
1
21
22
SIM5
SIM1
SIM2
DEBUG 1 787
SIM1
SIM2
SIM3
SIM4
1
21
22
SIM5
SIM1
SIM2
SIM3
SIM4
1
21
22
SIM5
SIM1
SIM2
SIM3
SIM4
1
21
22
SIM5
SIM1
SIM2
SIM3
SIM4
1
21
22
SIM5
SIM1
SIM2
SIM3
SIM4
1
21
22
SIM5
SIM1
SIM2
SIM3
SIM4
1
21
22
SIM5
SIM1
SIM2
SIM3
SIM4
1
21
22
SIM5
SIM1
SIM2
SIM3
SIM4
1
21
22
SIM5
SIM1
SIM2
SIM3
SIM4
1
21
22
SIM5
SIM1
SIM2
SIM3
SIM4
1
21
22
SIM5
SIM1
SIM2
SIM3
SIM4
1
21
22
SIM5
SIM1
SIM2
SIM3
SIM4
1
21
22
SIM5
SIM1
SIM2
SIM3
SIM4
1
21
22
SIM5
SIM1
SIM2
SIM3
SIM4
1
21
22
SIM5
SIM1
SIM2
SIM3
SIM4
1
21
22
SIM5
SIM1
SIM2
SIM3
SIM4
1
21
22
SIM5
SIM1
SIM2
SIM3
SIM4
1
21
22
SIM5
SIM1
SIM2
SIM3
SIM4
1
21
22
SIM5
SIM1
SIM2
SIM3
SIM4
1
21
22
SIM5
SIM1
SIM2
SIM3
SIM4
1
21
22
SIM5
SIM1
SIM2
SIM3
SIM4
1
21
22
SIM5
SIM1
SIM2
SIM3
SIM4
1
21
22
SIM5
SIM1
SIM2
SIM3
SIM4
1
21
22
SIM5
SIM1
SIM2
SIM3
SIM4
1
21
22
SIM5
SIM1
SIM2
SIM3
SIM4
1
21
22
SIM5
SIM1
SIM2
SIM3
SIM4
1
21
22
SIM5
SIM1
SIM2
SIM3
SIM4
1
21
22
SIM5
SIM1
SIM2
SIM3
SIM4
1
21
22
SIM5
SIM1
SIM2
SIM3
SIM4
1
21
22
SIM5
SIM1
SIM2
SIM3
SIM4
1
21
22
SIM5
SIM1
SIM2
SIM3
SIM4
1
21
22
SIM5
SIM1
SIM2
SIM3
SIM4
1
21
22
SIM5
SIM1
SIM2
SIM3
SIM4
1
21
22
SIM5
SIM1
SIM2
SIM3
SIM4
1
21
22
SIM5
SIM1
SIM2
SIM3
SIM4
1
21
22
SIM5
SIM1
SIM2
SIM3
SIM4
1
21
22
SIM5
SIM1
SIM2
SIM3
SIM4
1
21
22
SIM5
SIM1
SIM2
SIM3
SIM4
1
21
22
SIM5
SIM1
SIM2
SIM3
SIM4
1
21
22
SIM5
SIM1
SIM2
SIM3
SIM4
1
21
22
SIM5
SIM1
SIM2
SIM3
SIM4
1
21
22
SIM5
SIM1
SIM2
SIM3
SIM4
1
21
22
SIM5
SIM1
SIM2
SIM3
SIM4
1
21
22
SIM5
SIM1
SIM2
SIM3
SIM4
1
21
22
SIM5
SIM1
SIM2
SIM3
SIM4
1
21
22
SIM5
SIM1
SIM2
SIM3
SIM4
1
21
22
SIM5
SIM1
SIM2
SIM3
SIM4
1
21
22
SIM5
SIM1
SIM2
SIM3
SIM4
1
21
22
SIM5
SIM1
SIM2
SIM3
SIM4
1
21
22
SIM5
SIM1
SIM2
SIM3
SIM4
1
21
22
SIM5
SIM1
SIM2
SIM3
SIM4
1
21
22
SIM5
SIM1
SIM2
SIM3
SIM4
1
21
22
SIM5
SIM1
SIM2
SIM3
SIM4
1
21
22
SIM5
SIM1
SIM2
SIM3
SIM4
1
21
22
SIM5
SIM1
SIM2
SIM3
SIM4
1
21
22
SIM5
SIM1
SIM2
SIM3
SIM4
1
21
22
SIM5
SIM1
SIM2
SIM3
SIM4
1
21
22
SIM5
SIM1
SIM2
SIM3
SIM4
1
21
22
SIM5
SIM1
SIM2
SIM3
SIM4
1
21
22
SIM5
SIM1
SIM2
SIM3
SIM4
1
21
22
SIM5
SIM1
SIM2
SIM3
SIM4
1
21
22
SIM5
SIM1
SIM2
SIM3
SIM4
1
21
22
SIM5
SIM1
SIM2
SIM3
SIM4
1
21
22
SIM5
SIM1
SIM2
SIM3
SIM4
1
21
22
SIM5
SIM1
SIM2
SIM3
SIM4
1
21
22
SIM5
SIM1
SIM2
SIM3
SIM4
1
21
22
SIM5
SIM1
SIM2
SIM3
SIM4
1
21
22
SIM5
SIM1
SIM2
SIM3
SIM4
1
21
22
SIM5
SIM1
SIM2
SIM3
SIM4
1
21
22
SIM5
SIM1
SIM2
SIM3
SIM4
1
21
22
SIM5
SIM1
SIM2
SIM3
SIM4
1
21
22
SIM5
SIM1
SIM2
SIM3
SIM4
1
21
22
SIM5
SIM1
SIM2
SIM3
SIM4
1
21
22
SIM5
SIM1
SIM2
SIM3
SIM4
1
21
22
SIM5
SIM1
SIM2
SIM3
SIM4
1
21
22
SIM5
SIM1
SIM2
SIM3
SIM4
1
21
22
SIM5
SIM1
SIM2
SIM3
SIM4
1
21
22
SIM5
SIM1
SIM2
SIM3
SIM4
1
21
22
SIM5
SIM1
SIM2
SIM3
SIM4
1
21
22
SIM5
SIM1
SIM2
SIM3
SIM4
1
21
22
SIM5
SIM1
SIM2
SIM3
SIM4
1
21
22
SIM5
SIM1
SIM2
SIM3
SIM4
1
21
22
SIM5
SIM1
SIM2
SIM3
SIM4
1
21
22
SIM5
SIM1
SIM2
SIM3
SIM4
1
21
22
SIM5
SIM1
SIM2
SIM3
SIM4
1
21
22
SIM5
SIM1
SIM2
SIM3
SIM4
1
21
22
SIM5
SIM1
SIM2
SIM3
SIM4
1
21
22
SIM5
SIM1
SIM2
SIM3
SIM4
1
21
22
SIM5
SIM1
SIM2
SIM3
SIM4
1
21
22
SIM5
SIM1
SIM2
SIM3
SIM4
1
21
22
SIM5
SIM1
SIM2
SIM3
SIM4
1
21
22
SIM5
SIM1
SIM2
SIM3
SIM4
1
21
22
SIM5
SIM1
SIM2
SIM3
SIM4
1
21
22
SIM5
SIM1
SIM2
SIM3
SIM4
1
21
22
SIM5
SIM1
SIM2
SIM3
SIM4
1
21
22
SIM5
SIM1
SIM2
SIM3
SIM4
1
21
22
SIM5
SIM1
SIM2
SIM3
SIM4
1
21
22
SIM5
SIM1
SIM2
SIM3
SIM4
1
21
22
SIM5
SIM1
SIM2
SIM3
SIM4
1
21
22
SIM5
SIM1
SIM2
SIM3
SIM4
1
21
22
SIM5
SIM1
SIM2
SIM3
SIM4
1
21
22
SIM5
SIM1
SIM2
SIM3
SIM4
1
21
22
SIM5
SIM1
SIM2
SIM3
SIM4
1
21
22
SIM5
SIM1
SIM2
SIM3
SIM4
1
21
22
SIM5
SIM1
SIM2
SIM3
SIM4
1
21
22
SIM5
SIM1
SIM2
SIM3
SIM4
1
21
22
SIM5
SIM1
SIM2
SIM3
SIM4
1
21
22
SIM5
SIM1
SIM2
SIM3
SIM4
1
21
22
SIM5
SIM1
SIM2
SIM3
SIM4
1
21
22
SIM5
SIM1
SIM2
SIM3
SIM4
1
21
22
SIM5
SIM1
SIM2
SIM3
SIM4
1
21
22
SIM5
SIM1
SIM2
SIM3
SIM4
1
21
22
SIM5
SIM1
SIM2
SIM3
SIM4
1
21
22
SIM5
SIM1
SIM2
SIM3
SIM4
1
21
22
SIM5
SIM1
SIM2
SIM3
SIM4
1
21
22
SIM5
SIM1
SIM2
SIM3
SIM4
1
21
22
SIM5
SIM1
SIM2
SIM3
SIM4
1
21
22
SIM5
SIM1
SIM2
SIM3
SIM4
1
21
22
SIM5
SIM1
SIM2
SIM3
SIM4
1
21
22
SIM5
SIM1
SIM2
SIM3
SIM4
1
21
22
SIM5
SIM1
SIM2
SIM3
SIM4
1
21
22
SIM5
SIM1
SIM2
SIM3
SIM4
1
21
22
SIM5
SIM1
SIM2
SIM3
SIM4
1
21
22
SIM5
SIM1
SIM2
SIM3
SIM4
1
21
22
SIM5
SIM1
SIM2
SIM3
SIM4
1
21
22
SIM5
SIM1
SIM2
SIM3
SIM4
1
21
22
SIM5
SIM1
SIM2
SIM3
SIM4
1
21
22
SIM5
SIM1
SIM2
SIM3
SIM4
1
21
22
SIM5
SIM1
SIM2
SIM3
SIM4
1
21
22
SIM5
SIM1
SIM2
SIM3
SIM4
1
21
22
SIM5
SIM1
SIM2
SIM3
SIM4
1
21
22
SIM5
SIM1
SIM2
SIM3
SIM4
1
21
22
SIM5
SIM1
SIM2
SIM3
SIM4
1
21
22
SIM5
SIM1
SIM2
SIM3
SIM4
1
21
22
SIM5
SIM1
SIM2
SIM3
SIM4
1
21
22
SIM5
SIM1
SIM2
SIM3
SIM4
1
21
22
SIM5
SIM1
SIM2
SIM3
SIM4
1
21
22
SIM5
SIM1
SIM2
SIM3
SIM4
1
21
22
SIM5
SIM1
SIM2
SIM3
SIM4
1
21
22
SIM5
SIM1
SIM2
SIM3
SIM4
1
21
22
SIM5
SIM1
SIM2
SIM3
SIM4
1
21
22
SIM5
SIM1
SIM2
SIM3
SIM4
1
21
22
SIM5
SIM1
SIM2
SIM3
SIM4
1
21
22
SIM5
SIM1
SIM2
SIM3
SIM4
1
21
22
SIM5
SIM1
SIM2
SIM3
SIM4
1
21
22
SIM5
SIM1
SIM2
SIM3
SIM4
1
21
22
SIM5
SIM1
SIM2
SIM3
SIM4
1
21
22
SIM5
SIM1
SIM2
SIM3
SIM4
1
21
22
SIM5
SIM1
SIM2
SIM3
SIM4
1
21
22
SIM5
SIM1
SIM2
SIM3
SIM4
1
21
22
SIM5
SIM1
SIM2
SIM3
SIM4
1
21
22
SIM5
SIM1
SIM2
SIM3
SIM4
1
21
22
SIM5
SIM1
SIM2
SIM3
SIM4
1
21
22
SIM5
SIM1
SIM2
SIM3
SIM4
1
21
22
SIM5
SIM1
SIM2
SIM3
SIM4
1
21
22
SIM5
SIM1
SIM2
SIM3
SIM4
1
21
22
SIM5
SIM1
SIM2
SIM3
SIM4
1
21
22
SIM5
SIM1
SIM2
SIM3
SIM4
1
21
22
SIM5
SIM1
SIM2
SIM3
SIM4
1
21
22
SIM5
SIM1
SIM2
SIM3
SIM4
1
21
22
SIM5
SIM1
SIM2
SIM3
SIM4
1
21
22
SIM5
SIM1
SIM2
SIM3
SIM4
1
21
22
SIM5
SIM1
SIM2
SIM3
SIM4
1
21
22
SIM5
SIM1
SIM2
SIM3
SIM4
1
21
22
SIM5
SIM1
SIM2
SIM3
SIM4
1
21
22
SIM5
SIM1
SIM2
SIM3
SIM4
1
21
22
SIM5
SIM1
SIM2
SIM3
SIM4
1
21
22
SIM5
SIM1
SIM2
SIM3
SIM4
1
21
22
SIM5
SIM1
SIM2
SIM3
SIM4
1
21
22
SIM5
SIM1
SIM2
SIM3
SIM4
1
21
22
SIM5
SIM1
SIM2
SIM3
SIM4
1
21
22
SIM5
SIM1
SIM2
SIM3
SIM4
1
21
22
SIM5
SIM1
SIM2
SIM3
SIM4
1
21
22
SIM5
SIM1
SIM2
SIM3
SIM4
1
21
22
SIM5
SIM1
SIM2
SIM3
SIM4
1
21
22
SIM5
SIM1
SIM2
SIM3
SIM4
1
21
22
SIM5
SIM1
SIM2
SIM3
SIM4
1
21
22
SIM5
SIM1
SIM2
SIM3
SIM4
1
21
22
SIM5
SIM1
SIM2
SIM3
SIM4
1
21
22
SIM5
SIM1
SIM2
SIM3
SIM4
1
21
22
SIM5
SIM1
SIM2
SIM3
SIM4
1
21
22
SIM5
SIM1
SIM2
SIM3
SIM4
1
21
22
SIM5
SIM1
SIM2
SIM3
SIM4
1
21
22
SIM5
SIM1
SIM2
SIM3
SIM4
1
21
22
SIM5
SIM1
SIM2
SIM3
SIM4
1
21
22
SIM5
SIM1
SIM2
SIM3
SIM4
1
21
22
SIM5
SIM1
SIM2
SIM3
SIM4
1
21
22
SIM5
SIM1
SIM2
SIM3
SIM4
1
21
22
SIM5
SIM1
SIM2
SIM3
SIM4
1
21
22
SIM5
SIM1
SIM2
SIM3
SIM4
1
21
22
SIM5
SIM1
SIM2
SIM3
SIM4
1
21
22
SIM5
SIM1
SIM2
SIM3
SIM4
1
21
22
SIM5
SIM1
SIM2
SIM3
SIM4
1
21
22
SIM5
SIM1
SIM2
SIM3
SIM4
1
21
22
SIM5
SIM1
SIM2
SIM3
SIM4
1
21
22
SIM5
SIM1
SIM2
SIM3
SIM4
1
21
22
SIM5
SIM1
SIM2
SIM3
SIM4
1
21
22
SIM5
SIM1
SIM2
SIM3
SIM4
1
21
22
SIM5
SIM1
SIM2
SIM3
SIM4
1
21
22
SIM5
SIM1
SIM2
SIM3
SIM4
1
21
22
SIM5
SIM1
SIM2
SIM3
SIM4
1
21
22
SIM5
SIM1
SIM2
SIM3
SIM4
1
21
22
SIM5
SIM1
SIM2
SIM3
SIM4
1
21
22
SIM5
SIM1
SIM2
SIM3
SIM4
1
21
22
SIM5
SIM1
SIM2
SIM3
SIM4
1
21
22
SIM5
SIM1
SIM2
SIM3
SIM4
1
21
22
SIM5
SIM1
SIM2
SIM3
SIM4
1
21
22
SIM5
SIM1
SIM2
SIM3
SIM4
1
21
22
SIM5
SIM1
SIM2
SIM3
SIM4
1
21
22
SIM5
SIM1
SIM2
SIM3
SIM4
1
21
22
SIM5
SIM1
SIM2
SIM3
SIM4
1
21
22
SIM5
SIM1
SIM2
SIM3
SIM4
1
21
22
SIM5
SIM1
SIM2
SIM3
SIM4
1
21
22
SIM5
SIM1
SIM2
SIM3
SIM4
1
21
22
SIM5
SIM1
SIM2
SIM3
SIM4
1
21
22
SIM5
SIM1
SIM2
SIM3
SIM4
1
21
22
SIM5
SIM1
SIM2
SIM3
SIM4
1
21
22
SIM5
SIM1
SIM2
SIM3
SIM4
1
21
22
SIM5
SIM1
SIM2
SIM3
SIM4
1
21
22
SIM5
SIM1
SIM2
SIM3
SIM4
1
21
22
SIM5
SIM1
SIM2
SIM3
SIM4
1
21
22
SIM5
SIM1
SIM2
SIM3
SIM4
1
21
22
SIM5
SIM1
SIM2
SIM3
SIM4
1
21
22
SIM5
SIM1
SIM2
SIM3
SIM4
1
21
22
SIM5
SIM1
SIM2
SIM3
SIM4
1
21
22
SIM5
SIM1
SIM2
SIM3
SIM4
1
21
22
SIM5
SIM1
SIM2
SIM3
SIM4
1
21
22
SIM5
SIM1
SIM2
SIM3
SIM4
1
21
22
SIM5
SIM1
SIM2
SIM3
SIM4
1
21
22
SIM5
SIM1
SIM2
SIM3
SIM4
1
21
22
SIM5
SIM1
SIM2
SIM3
SIM4
1
21
22
SIM5
SIM1
SIM2
SIM3
SIM4
1
21
22
SIM5
SIM1
SIM2
SIM3
SIM4
1
21
22
SIM5
SIM1
SIM2
SIM3
SIM4
1
21
22
SIM5
SIM1
SIM2
SIM3
SIM4
1
21
22
SIM5
SIM1
SIM2
SIM3
SIM4
1
21
22
SIM5
SIM1
SIM2
SIM3
SIM4
1
21
22
SIM5
SIM1
SIM2
SIM3
SIM4
1
21
22
SIM5
SIM1
SIM2
SIM3
SIM4
1
21
22
SIM5
SIM1
SIM2
SIM3
SIM4
1
21
22
SIM5
SIM1
SIM2
SIM3
SIM4
1
21
22
SIM5
SIM1
SIM2
SIM3
SIM4
1
21
22
SIM5
SIM1
SIM2
SIM3
SIM4
1
21
22
SIM5
SIM1
SIM2
SIM3
SIM4
1
21
22
SIM5
SIM1
SIM2
SIM3
SIM4
1
21
22
SIM5
SIM1
SIM2
SIM3
SIM4
1
21
22
SIM5
SIM1
SIM2
SIM3
SIM4
1
21
22
SIM5
SIM1
SIM2
SIM3
SIM4
1
21
22
SIM5
SIM1
SIM2
SIM3
SIM4
1
21
22
SIM5
SIM1
SIM2
SIM3
SIM4
1
21
22
SIM5
SIM1
SIM2
SIM3
SIM4
1
21
22
SIM5
SIM1
SIM2
SIM3
SIM4
1
21
22
SIM5
SIM1
SIM2
SIM3
SIM4
1
21
22
SIM5
SIM1
SIM2
SIM3
SIM4
1
21
22
SIM5
SIM1
SIM2
SIM3
SIM4
1
21
22
SIM5
SIM1
SIM2
SIM3
SIM4
1
21
22
SIM5
SIM1
SIM2
SIM3
SIM4
1
21
22
SIM5
SIM1
SIM2
SIM3
SIM4
1
21
22
SIM5
SIM1
SIM2
SIM3
SIM4
1
21
22
SIM5
SIM1
SIM2
SIM3
SIM4
1
21
22
SIM5
SIM1
SIM2
SIM3
SIM4
1
21
22
SIM5
SIM1
SIM2
SIM3
SIM4
1
21
22
SIM5
SIM1
SIM2
SIM3
SIM4
1
21
22
SIM5
SIM1
SIM2
SIM3
SIM4
1
21
22
SIM5
SIM1
SIM2
SIM3
SIM4
1
21
22
SIM5
SIM1
SIM2
SIM3
SIM4
1
21
22
SIM5
SIM1
SIM2
SIM3
SIM4
1
21
22
SIM5
SIM1
SIM2
SIM3
SIM4
1
21
22
SIM5
SIM1
SIM2
SIM3
SIM4
1
21
22
SIM5
SIM1
SIM2
SIM3
SIM4
1
21
22
SIM5
SIM1
SIM2
DEBUG 1 788
SIM1
SIM2
SIM3
SIM4
1
21
22
SIM5
SIM1
SIM2
SIM3
SIM4
1
21
22
SIM5
SIM1
SIM2
SIM3
SIM4
1
21
22
SIM5
SIM1
SIM2
SIM3
SIM4
1
21
22
SIM5
SIM1
SIM2
SIM3
SIM4
1
21
22
SIM5
SIM1
SIM2
SIM3
SIM4
1
21
22
SIM5
SIM1
SIM2
SIM3
SIM4
1
21
22
SIM5
SIM1
SIM2
SIM3
SIM4
1
21
22
SIM5
SIM1
SIM2
SIM3
SIM4
1
21
22
SIM5
SIM1
SIM2
SIM3
SIM4
1
21
22
SIM5
SIM1
SIM2
SIM3
SIM4
1
21
22
SIM5
SIM1
SIM2
SIM3
SIM4
1
21
22
SIM5
SIM1
SIM2
SIM3
SIM4
1
21
22
SIM5
SIM1
SIM2
SIM3
SIM4
1
21
22
SIM5
SIM1
SIM2
SIM3
SIM4
1
21
22
SIM5
SIM1
SIM2
SIM3
SIM4
1
21
22
SIM5
SIM1
SIM2
SIM3
SIM4
1
21
22
SIM5
SIM1
SIM2
SIM3
SIM4
1
21
22
SIM5
SIM1
SIM2
SIM3
SIM4
1
21
22
SIM5
SIM1
SIM2
SIM3
SIM4
1
21
22
SIM5
SIM1
SIM2
SIM3
SIM4
1
21
22
SIM5
SIM1
SIM2
SIM3
SIM4
1
21
22
SIM5
SIM1
SIM2
SIM3
SIM4
1
21
22
SIM5
SIM1
SIM2
SIM3
SIM4
1
21
22
SIM5
SIM1
SIM2
SIM3
SIM4
1
21
22
SIM5
SIM1
SIM2
SIM3
SIM4
1
21
22
SIM5
SIM1
SIM2
SIM3
SIM4
1
21
22
SIM5
SIM1
SIM2
SIM3
SIM4
1
21
22
SIM5
SIM1
SIM2
SIM3
SIM4
1
21
22
SIM5
SIM1
SIM2
SIM3
SIM4
1
21
22
SIM5
SIM1
SIM2
SIM3
SIM4
1
21
22
SIM5
SIM1
SIM2
SIM3
SIM4
1
21
22
SIM5
SIM1
SIM2
SIM3
SIM4
1
21
22
SIM5
SIM1
SIM2
SIM3
SIM4
1
21
22
SIM5
SIM1
SIM2
SIM3
SIM4
1
21
22
SIM5
SIM1
SIM2
SIM3
SIM4
1
21
22
SIM5
SIM1
SIM2
SIM3
SIM4
1
21
22
SIM5
SIM1
SIM2
SIM3
SIM4
1
21
22
SIM5
SIM1
SIM2
SIM3
SIM4
1
21
22
SIM5
SIM1
SIM2
SIM3
SIM4
1
21
22
SIM5
SIM1
SIM2
SIM3
SIM4
1
21
22
SIM5
SIM1
SIM2
SIM3
SIM4
1
21
22
SIM5
SIM1
SIM2
SIM3
SIM4
1
21
22
SIM5
SIM1
SIM2
SIM3
SIM4
1
21
22
SIM5
SIM1
SIM2
SIM3
SIM4
1
21
22
SIM5
SIM1
SIM2
SIM3
SIM4
1
21
22
SIM5
SIM1
SIM2
SIM3
SIM4
1
21
22
SIM5
SIM1
SIM2
SIM3
SIM4
1
21
22
SIM5
SIM1
SIM2
SIM3
SIM4
1
21
22
SIM5
SIM1
SIM2
SIM3
SIM4
1
21
22
SIM5
SIM1
SIM2
SIM3
SIM4
1
21
22
SIM5
SIM1
SIM2
SIM3
SIM4
1
21
22
SIM5
SIM1
SIM2
SIM3
SIM4
1
21
22
SIM5
SIM1
SIM2
SIM3
SIM4
1
21
22
SIM5
SIM1
SIM2
SIM3
SIM4
1
21
22
SIM5
SIM1
SIM2
SIM3
SIM4
1
21
22
SIM5
SIM1
SIM2
SIM3
SIM4
1
21
22
SIM5
SIM1
SIM2
SIM3
SIM4
1
21
22
SIM5
SIM1
SIM2
SIM3
SIM4
1
21
22
SIM5
SIM1
SIM2
SIM3
SIM4
1
21
22
SIM5
SIM1
SIM2
SIM3
SIM4
1
21
22
SIM5
SIM1
SIM2
SIM3
SIM4
1
21
22
SIM5
SIM1
SIM2
SIM3
SIM4
1
21
22
SIM5
SIM1
SIM2
SIM3
SIM4
1
21
22
SIM5
SIM1
SIM2
SIM3
SIM4
1
21
22
SIM5
SIM1
SIM2
SIM3
SIM4
1
21
22
SIM5
SIM1
SIM2
SIM3
SIM4
1
21
22
SIM5
SIM1
SIM2
SIM3
SIM4
1
21
22
SIM5
SIM1
SIM2
SIM3
SIM4
1
21
22
SIM5
SIM1
SIM2
SIM3
SIM4
1
21
22
SIM5
SIM1
SIM2
SIM3
SIM4
1
21
22
SIM5
SIM1
SIM2
SIM3
SIM4
1
21
22
SIM5
SIM1
SIM2
SIM3
SIM4
1
21
22
SIM5
SIM1
SIM2
SIM3
SIM4
1
21
22
SIM5
SIM1
SIM2
SIM3
SIM4
1
21
22
SIM5
SIM1
SIM2
SIM3
SIM4
1
21
22
SIM5
SIM1
SIM2
SIM3
SIM4
1
21
22
SIM5
SIM1
SIM2
SIM3
SIM4
1
21
22
SIM5
SIM1
SIM2
SIM3
SIM4
1
21
22
SIM5
SIM1
SIM2
SIM3
SIM4
1
21
22
SIM5
SIM1
SIM2
SIM3
SIM4
1
21
22
SIM5
SIM1
SIM2
SIM3
SIM4
1
21
22
SIM5
SIM1
SIM2
SIM3
SIM4
1
21
22
SIM5
SIM1
SIM2
SIM3
SIM4
1
21
22
SIM5
SIM1
SIM2
SIM3
SIM4
1
21
22
SIM5
SIM1
SIM2
SIM3
SIM4
1
21
22
SIM5
SIM1
SIM2
SIM3
SIM4
1
21
22
SIM5
SIM1
SIM2
SIM3
SIM4
1
21
22
SIM5
SIM1
SIM2
SIM3
SIM4
1
21
22
SIM5
SIM1
SIM2
SIM3
SIM4
1
21
22
SIM5
SIM1
SIM2
SIM3
SIM4
1
21
22
SIM5
SIM1
SIM2
SIM3
SIM4
1
21
22
SIM5
SIM1
SIM2
SIM3
SIM4
1
21
22
SIM5
SIM1
SIM2
SIM3
SIM4
1
21
22
SIM5
SIM1
SIM2
SIM3
SIM4
1
21
22
SIM5
SIM1
SIM2
SIM3
SIM4
1
21
22
SIM5
SIM1
SIM2
SIM3
SIM4
1
21
22
SIM5
SIM1
SIM2
SIM3
SIM4
1
21
22
SIM5
SIM1
SIM2
SIM3
SIM4
1
21
22
SIM5
SIM1
SIM2
SIM3
SIM4
1
21
22
SIM5
SIM1
SIM2
SIM3
SIM4
1
21
22
SIM5
SIM1
SIM2
SIM3
SIM4
1
21
22
SIM5
SIM1
SIM2
SIM3
SIM4
1
21
22
SIM5
SIM1
SIM2
SIM3
SIM4
1
21
22
SIM5
SIM1
SIM2
SIM3
SIM4
1
21
22
SIM5
SIM1
SIM2
SIM3
SIM4
1
21
22
SIM5
SIM1
SIM2
SIM3
SIM4
1
21
22
SIM5
SIM1
SIM2
SIM3
SIM4
1
21
22
SIM5
SIM1
SIM2
SIM3
SIM4
1
21
22
SIM5
SIM1
SIM2
SIM3
SIM4
1
21
22
SIM5
SIM1
SIM2
SIM3
SIM4
1
21
22
SIM5
SIM1
SIM2
SIM3
SIM4
1
21
22
SIM5
SIM1
SIM2
SIM3
SIM4
1
21
22
SIM5
SIM1
SIM2
SIM3
SIM4
1
21
22
SIM5
SIM1
SIM2
SIM3
SIM4
1
21
22
SIM5
SIM1
SIM2
SIM3
SIM4
1
21
22
SIM5
SIM1
SIM2
SIM3
SIM4
1
21
22
SIM5
SIM1
SIM2
SIM3
SIM4
1
21
22
SIM5
SIM1
SIM2
SIM3
SIM4
1
21
22
SIM5
SIM1
SIM2
SIM3
SIM4
1
21
22
SIM5
SIM1
SIM2
SIM3
SIM4
1
21
22
SIM5
SIM1
SIM2
SIM3
SIM4
1
21
22
SIM5
SIM1
SIM2
SIM3
SIM4
1
21
22
SIM5
SIM1
SIM2
SIM3
SIM4
1
21
22
SIM5
SIM1
SIM2
SIM3
SIM4
1
21
22
SIM5
SIM1
SIM2
SIM3
SIM4
1
21
22
SIM5
SIM1
SIM2
SIM3
SIM4
1
21
22
SIM5
SIM1
SIM2
SIM3
SIM4
1
21
22
SIM5
SIM1
SIM2
SIM3
SIM4
1
21
22
SIM5
SIM1
SIM2
SIM3
SIM4
1
21
22
SIM5
SIM1
SIM2
SIM3
SIM4
1
21
22
SIM5
SIM1
SIM2
SIM3
SIM4
1
21
22
SIM5
SIM1
SIM2
SIM3
SIM4
1
21
22
SIM5
SIM1
SIM2
SIM3
SIM4
1
21
22
SIM5
SIM1
SIM2
SIM3
SIM4
1
21
22
SIM5
SIM1
SIM2
SIM3
SIM4
1
21
22
SIM5
SIM1
SIM2
SIM3
SIM4
1
21
22
SIM5
SIM1
SIM2
SIM3
SIM4
1
21
22
SIM5
SIM1
SIM2
DEBUG 1 789
SIM1
SIM2
SIM3
SIM4
1
21
22
SIM5
SIM1
SIM2
SIM3
SIM4
1
21
22
SIM5
SIM1
SIM2
SIM3
SIM4
1
21
22
SIM5
SIM1
SIM2
SIM3
SIM4
1
21
22
SIM5
SIM1
SIM2
SIM3
SIM4
1
21
22
SIM5
SIM1
SIM2
SIM3
SIM4
1
21
22
SIM5
SIM1
SIM2
SIM3
SIM4
1
21
22
SIM5
SIM1
SIM2
SIM3
SIM4
1
21
22
SIM5
SIM1
SIM2
SIM3
SIM4
1
21
22
SIM5
SIM1
SIM2
SIM3
SIM4
1
21
22
SIM5
SIM1
SIM2
SIM3
SIM4
1
21
22
SIM5
SIM1
SIM2
SIM3
SIM4
1
21
22
SIM5
SIM1
SIM2
SIM3
SIM4
1
21
22
SIM5
SIM1
SIM2
SIM3
SIM4
1
21
22
SIM5
SIM1
SIM2
SIM3
SIM4
1
21
22
SIM5
SIM1
SIM2
SIM3
SIM4
1
21
22
SIM5
SIM1
SIM2
SIM3
SIM4
1
21
22
SIM5
SIM1
SIM2
SIM3
SIM4
1
21
22
SIM5
SIM1
SIM2
SIM3
SIM4
1
21
22
SIM5
SIM1
SIM2
SIM3
SIM4
1
21
22
SIM5
SIM1
SIM2
SIM3
SIM4
1
21
22
SIM5
SIM1
SIM2
SIM3
SIM4
1
21
22
SIM5
SIM1
SIM2
SIM3
SIM4
1
21
22
SIM5
SIM1
SIM2
SIM3
SIM4
1
21
22
SIM5
SIM1
SIM2
SIM3
SIM4
1
21
22
SIM5
SIM1
SIM2
SIM3
SIM4
1
21
22
SIM5
SIM1
SIM2
SIM3
SIM4
1
21
22
SIM5
SIM1
SIM2
SIM3
SIM4
1
21
22
SIM5
SIM1
SIM2
SIM3
SIM4
1
21
22
SIM5
SIM1
SIM2
SIM3
SIM4
1
21
22
SIM5
SIM1
SIM2
SIM3
SIM4
1
21
22
SIM5
SIM1
SIM2
SIM3
SIM4
1
21
22
SIM5
SIM1
SIM2
SIM3
SIM4
1
21
22
SIM5
SIM1
SIM2
SIM3
SIM4
1
21
22
SIM5
SIM1
SIM2
SIM3
SIM4
1
21
22
SIM5
SIM1
SIM2
SIM3
SIM4
1
21
22
SIM5
SIM1
SIM2
SIM3
SIM4
1
21
22
SIM5
SIM1
SIM2
SIM3
SIM4
1
21
22
SIM5
SIM1
SIM2
SIM3
SIM4
1
21
22
SIM5
SIM1
SIM2
SIM3
SIM4
1
21
22
SIM5
SIM1
SIM2
SIM3
SIM4
1
21
22
SIM5
SIM1
SIM2
SIM3
SIM4
1
21
22
SIM5
SIM1
SIM2
SIM3
SIM4
1
21
22
SIM5
SIM1
SIM2
SIM3
SIM4
1
21
22
SIM5
SIM1
SIM2
SIM3
SIM4
1
21
22
SIM5
SIM1
SIM2
SIM3
SIM4
1
21
22
SIM5
SIM1
SIM2
SIM3
SIM4
1
21
22
SIM5
SIM1
SIM2
SIM3
SIM4
1
21
22
SIM5
SIM1
SIM2
SIM3
SIM4
1
21
22
SIM5
SIM1
SIM2
SIM3
SIM4
1
21
22
SIM5
SIM1
SIM2
SIM3
SIM4
1
21
22
SIM5
SIM1
SIM2
SIM3
SIM4
1
21
22
SIM5
SIM1
SIM2
SIM3
SIM4
1
21
22
SIM5
SIM1
SIM2
SIM3
SIM4
1
21
22
SIM5
SIM1
SIM2
SIM3
SIM4
1
21
22
SIM5
SIM1
SIM2
SIM3
SIM4
1
21
22
SIM5
SIM1
SIM2
SIM3
SIM4
1
21
22
SIM5
SIM1
SIM2
SIM3
SIM4
1
21
22
SIM5
SIM1
SIM2
SIM3
SIM4
1
21
22
SIM5
SIM1
SIM2
SIM3
SIM4
1
21
22
SIM5
SIM1
SIM2
SIM3
SIM4
1
21
22
SIM5
SIM1
SIM2
SIM3
SIM4
1
21
22
SIM5
SIM1
SIM2
SIM3
SIM4
1
21
22
SIM5
SIM1
SIM2
SIM3
SIM4
1
21
22
SIM5
SIM1
SIM2
SIM3
SIM4
1
21
22
SIM5
SIM1
SIM2
SIM3
SIM4
1
21
22
SIM5
SIM1
SIM2
SIM3
SIM4
1
21
22
SIM5
SIM1
SIM2
SIM3
SIM4
1
21
22
SIM5
SIM1
SIM2
SIM3
SIM4
1
21
22
SIM5
SIM1
SIM2
SIM3
SIM4
1
21
22
SIM5
SIM1
SIM2
SIM3
SIM4
1
21
22
SIM5
SIM1
SIM2
SIM3
SIM4
1
21
22
SIM5
SIM1
SIM2
SIM3
SIM4
1
21
22
SIM5
SIM1
SIM2
SIM3
SIM4
1
21
22
SIM5
SIM1
SIM2
SIM3
SIM4
1
21
22
SIM5
SIM1
SIM2
SIM3
SIM4
1
21
22
SIM5
SIM1
SIM2
SIM3
SIM4
1
21
22
SIM5
SIM1
SIM2
SIM3
SIM4
1
21
22
SIM5
SIM1
SIM2
SIM3
SIM4
1
21
22
SIM5
SIM1
SIM2
SIM3
SIM4
1
21
22
SIM5
SIM1
SIM2
SIM3
SIM4
1
21
22
SIM5
SIM1
SIM2
SIM3
SIM4
1
21
22
SIM5
SIM1
SIM2
SIM3
SIM4
1
21
22
SIM5
SIM1
SIM2
SIM3
SIM4
1
21
22
SIM5
SIM1
SIM2
SIM3
SIM4
1
21
22
SIM5
SIM1
SIM2
SIM3
SIM4
1
21
22
SIM5
SIM1
SIM2
SIM3
SIM4
1
21
22
SIM5
SIM1
SIM2
SIM3
SIM4
1
21
22
SIM5
SIM1
SIM2
SIM3
SIM4
1
21
22
SIM5
SIM1
SIM2
SIM3
SIM4
1
21
22
SIM5
SIM1
SIM2
SIM3
SIM4
1
21
22
SIM5
SIM1
SIM2
SIM3
SIM4
1
21
22
SIM5
SIM1
SIM2
SIM3
SIM4
1
21
22
SIM5
SIM1
SIM2
SIM3
SIM4
1
21
22
SIM5
SIM1
SIM2
SIM3
SIM4
1
21
22
SIM5
SIM1
SIM2
SIM3
SIM4
1
21
22
SIM5
SIM1
SIM2
SIM3
SIM4
1
21
22
SIM5
SIM1
SIM2
SIM3
SIM4
1
21
22
SIM5
SIM1
SIM2
SIM3
SIM4
1
21
22
SIM5
SIM1
SIM2
SIM3
SIM4
1
21
22
SIM5
SIM1
SIM2
SIM3
SIM4
1
21
22
SIM5
SIM1
SIM2
SIM3
SIM4
1
21
22
SIM5
SIM1
SIM2
SIM3
SIM4
1
21
22
SIM5
SIM1
SIM2
SIM3
SIM4
1
21
22
SIM5
SIM1
SIM2
SIM3
SIM4
1
21
22
SIM5
SIM1
SIM2
SIM3
SIM4
1
21
22
SIM5
SIM1
SIM2
SIM3
SIM4
1
21
22
SIM5
SIM1
SIM2
SIM3
SIM4
1
21
22
SIM5
SIM1
SIM2
SIM3
SIM4
1
21
22
SIM5
SIM1
SIM2
SIM3
SIM4
1
21
22
SIM5
SIM1
SIM2
SIM3
SIM4
1
21
22
SIM5
SIM1
SIM2
SIM3
SIM4
1
21
22
SIM5
SIM1
SIM2
SIM3
SIM4
1
21
22
SIM5
SIM1
SIM2
SIM3
SIM4
1
21
22
SIM5
SIM1
SIM2
SIM3
SIM4
1
21
22
SIM5
SIM1
SIM2
SIM3
SIM4
1
21
22
SIM5
SIM1
SIM2
SIM3
SIM4
1
21
22
SIM5
SIM1
SIM2
SIM3
SIM4
1
21
22
SIM5
SIM1
SIM2
SIM3
SIM4
1
21
22
SIM5
SIM1
SIM2
SIM3
SIM4
1
21
22
SIM5
SIM1
SIM2
SIM3
SIM4
1
21
22
SIM5
SIM1
SIM2
SIM3
SIM4
1
21
22
SIM5
SIM1
SIM2
SIM3
SIM4
1
21
22
SIM5
SIM1
SIM2
SIM3
SIM4
1
21
22
SIM5
SIM1
SIM2
SIM3
SIM4
1
21
22
SIM5
SIM1
SIM2
SIM3
SIM4
1
21
22
SIM5
SIM1
SIM2
SIM3
SIM4
1
21
22
SIM5
SIM1
SIM2
SIM3
SIM4
1
21
22
SIM5
SIM1
SIM2
SIM3
SIM4
1
21
22
SIM5
SIM1
SIM2
SIM3
SIM4
1
21
22
SIM5
SIM1
SIM2
SIM3
SIM4
1
21
22
SIM5
SIM1
SIM2
SIM3
SIM4
1
21
22
SIM5
SIM1
SIM2
SIM3
SIM4
1
21
22
SIM5
SIM1
SIM2
SIM3
SIM4
1
21
22
SIM5
SIM1
SIM2
SIM3
SIM4
1
21
22
SIM5
SIM1
SIM2
SIM3
SIM4
1
21
22
SIM5
SIM1
SIM2
SIM3
SIM4
1
21
22
SIM5
SIM1
SIM2
SIM3
SIM4
1
21
22
SIM5
SIM1
SIM2
SIM3
SIM4
1
21
22
SIM5
SIM1
SIM2
SIM3
SIM4
1
21
22
SIM5
SIM1
SIM2
SIM3
SIM4
1
21
22
SIM5
SIM1
SIM2
SIM3
SIM4
1
21
22
SIM5
SIM1
SIM2
SIM3
SIM4
1
21
22
SIM5
SIM1
SIM2
SIM3
SIM4
1
21
22
SIM5
SIM1
SIM2
SIM3
SIM4
1
21
22
SIM5
SIM1
SIM2
SIM3
SIM4
1
21
22
SIM5
SIM1
SIM2
SIM3
SIM4
1
21
22
SIM5
SIM1
SIM2
SIM3
SIM4
1
21
22
SIM5
SIM1
SIM2
SIM3
SIM4
1
21
22
SIM5
SIM1
SIM2
SIM3
SIM4
1
21
22
SIM5
SIM1
SIM2
SIM3
SIM4
1
21
22
SIM5
SIM1
SIM2
SIM3
SIM4
1
21
22
SIM5
SIM1
SIM2
SIM3
SIM4
1
21
22
SIM5
SIM1
SIM2
SIM3
SIM4
1
21
22
SIM5
SIM1
SIM2
SIM3
SIM4
1
21
22
SIM5
SIM1
SIM2
SIM3
SIM4
1
21
22
SIM5
SIM1
SIM2
SIM3
SIM4
1
21
22
SIM5
SIM1
SIM2
SIM3
SIM4
1
21
22
SIM5
SIM1
SIM2
SIM3
SIM4
1
21
22
SIM5
SIM1
SIM2
SIM3
SIM4
1
21
22
SIM5
SIM1
SIM2
SIM3
SIM4
1
21
22
SIM5
SIM1
SIM2
SIM3
SIM4
1
21
22
SIM5
SIM1
SIM2
SIM3
SIM4
1
21
22
SIM5
SIM1
SIM2
SIM3
SIM4
1
21
22
SIM5
SIM1
SIM2
SIM3
SIM4
1
21
22
SIM5
SIM1
SIM2
SIM3
SIM4
1
21
22
SIM5
SIM1
SIM2
SIM3
SIM4
1
21
22
SIM5
SIM1
SIM2
SIM3
SIM4
1
21
22
SIM5
SIM1
SIM2
SIM3
SIM4
1
21
22
SIM5
SIM1
SIM2
SIM3
SIM4
1
21
22
SIM5
SIM1
SIM2
SIM3
SIM4
1
21
22
SIM5
SIM1
SIM2
DEBUG 1 790
SIM1
SIM2
SIM3
SIM4
1
21
22
SIM5
SIM1
SIM2
SIM3
SIM4
1
21
22
SIM5
SIM1
SIM2
SIM3
SIM4
1
21
22
SIM5
SIM1
SIM2
SIM3
SIM4
1
21
22
SIM5
SIM1
SIM2
SIM3
SIM4
1
21
22
SIM5
SIM1
SIM2
SIM3
SIM4
1
21
22
SIM5
SIM1
SIM2
SIM3
SIM4
1
21
22
SIM5
SIM1
SIM2
SIM3
SIM4
1
21
22
SIM5
SIM1
SIM2
SIM3
SIM4
1
21
22
SIM5
SIM1
SIM2
SIM3
SIM4
1
21
22
SIM5
SIM1
SIM2
SIM3
SIM4
1
21
22
SIM5
SIM1
SIM2
SIM3
SIM4
1
21
22
SIM5
SIM1
SIM2
SIM3
SIM4
1
21
22
SIM5
SIM1
SIM2
SIM3
SIM4
1
21
22
SIM5
SIM1
SIM2
SIM3
SIM4
1
21
22
SIM5
SIM1
SIM2
SIM3
SIM4
1
21
22
SIM5
SIM1
SIM2
SIM3
SIM4
1
21
22
SIM5
SIM1
SIM2
SIM3
SIM4
1
21
22
SIM5
SIM1
SIM2
SIM3
SIM4
1
21
22
SIM5
SIM1
SIM2
SIM3
SIM4
1
21
22
SIM5
SIM1
SIM2
SIM3
SIM4
1
21
22
SIM5
SIM1
SIM2
SIM3
SIM4
1
21
22
SIM5
SIM1
SIM2
SIM3
SIM4
1
21
22
SIM5
SIM1
SIM2
SIM3
SIM4
1
21
22
SIM5
SIM1
SIM2
SIM3
SIM4
1
21
22
SIM5
SIM1
SIM2
SIM3
SIM4
1
21
22
SIM5
SIM1
SIM2
SIM3
SIM4
1
21
22
SIM5
SIM1
SIM2
SIM3
SIM4
1
21
22
SIM5
SIM1
SIM2
SIM3
SIM4
1
21
22
SIM5
SIM1
SIM2
SIM3
SIM4
1
21
22
SIM5
SIM1
SIM2
SIM3
SIM4
1
21
22
SIM5
SIM1
SIM2
SIM3
SIM4
1
21
22
SIM5
SIM1
SIM2
SIM3
SIM4
1
21
22
SIM5
SIM1
SIM2
SIM3
SIM4
1
21
22
SIM5
SIM1
SIM2
SIM3
SIM4
1
21
22
SIM5
SIM1
SIM2
SIM3
SIM4
1
21
22
SIM5
SIM1
SIM2
SIM3
SIM4
1
21
22
SIM5
SIM1
SIM2
SIM3
SIM4
1
21
22
SIM5
SIM1
SIM2
SIM3
SIM4
1
21
22
SIM5
SIM1
SIM2
SIM3
SIM4
1
21
22
SIM5
SIM1
SIM2
SIM3
SIM4
1
21
22
SIM5
SIM1
SIM2
SIM3
SIM4
1
21
22
SIM5
SIM1
SIM2
SIM3
SIM4
1
21
22
SIM5
SIM1
SIM2
SIM3
SIM4
1
21
22
SIM5
SIM1
SIM2
SIM3
SIM4
1
21
22
SIM5
SIM1
SIM2
SIM3
SIM4
1
21
22
SIM5
SIM1
SIM2
SIM3
SIM4
1
21
22
SIM5
SIM1
SIM2
SIM3
SIM4
1
21
22
SIM5
SIM1
SIM2
SIM3
SIM4
1
21
22
SIM5
SIM1
SIM2
SIM3
SIM4
1
21
22
SIM5
SIM1
SIM2
SIM3
SIM4
1
21
22
SIM5
SIM1
SIM2
SIM3
SIM4
1
21
22
SIM5
SIM1
SIM2
SIM3
SIM4
1
21
22
SIM5
SIM1
SIM2
SIM3
SIM4
1
21
22
SIM5
SIM1
SIM2
SIM3
SIM4
1
21
22
SIM5
SIM1
SIM2
SIM3
SIM4
1
21
22
SIM5
SIM1
SIM2
SIM3
SIM4
1
21
22
SIM5
SIM1
SIM2
SIM3
SIM4
1
21
22
SIM5
SIM1
SIM2
SIM3
SIM4
1
21
22
SIM5
SIM1
SIM2
SIM3
SIM4
1
21
22
SIM5
SIM1
SIM2
SIM3
SIM4
1
21
22
SIM5
SIM1
SIM2
SIM3
SIM4
1
21
22
SIM5
SIM1
SIM2
SIM3
SIM4
1
21
22
SIM5
SIM1
SIM2
SIM3
SIM4
1
21
22
SIM5
SIM1
SIM2
SIM3
SIM4
1
21
22
SIM5
SIM1
SIM2
SIM3
SIM4
1
21
22
SIM5
SIM1
SIM2
SIM3
SIM4
1
21
22
SIM5
SIM1
SIM2
SIM3
SIM4
1
21
22
SIM5
SIM1
SIM2
SIM3
SIM4
1
21
22
SIM5
SIM1
SIM2
SIM3
SIM4
1
21
22
SIM5
SIM1
SIM2
SIM3
SIM4
1
21
22
SIM5
SIM1
SIM2
SIM3
SIM4
1
21
22
SIM5
SIM1
SIM2
SIM3
SIM4
1
21
22
SIM5
SIM1
SIM2
SIM3
SIM4
1
21
22
SIM5
SIM1
SIM2
SIM3
SIM4
1
21
22
SIM5
SIM1
SIM2
SIM3
SIM4
1
21
22
SIM5
SIM1
SIM2
SIM3
SIM4
1
21
22
SIM5
SIM1
SIM2
SIM3
SIM4
1
21
22
SIM5
SIM1
SIM2
SIM3
SIM4
1
21
22
SIM5
SIM1
SIM2
SIM3
SIM4
1
21
22
SIM5
SIM1
SIM2
SIM3
SIM4
1
21
22
SIM5
SIM1
SIM2
SIM3
SIM4
1
21
22
SIM5
SIM1
SIM2
SIM3
SIM4
1
21
22
SIM5
SIM1
SIM2
SIM3
SIM4
1
21
22
SIM5
SIM1
SIM2
SIM3
SIM4
1
21
22
SIM5
SIM1
SIM2
SIM3
SIM4
1
21
22
SIM5
SIM1
SIM2
SIM3
SIM4
1
21
22
SIM5
SIM1
SIM2
SIM3
SIM4
1
21
22
SIM5
SIM1
SIM2
SIM3
SIM4
1
21
22
SIM5
SIM1
SIM2
SIM3
SIM4
1
21
22
SIM5
SIM1
SIM2
SIM3
SIM4
1
21
22
SIM5
SIM1
SIM2
SIM3
SIM4
1
21
22
SIM5
SIM1
SIM2
SIM3
SIM4
1
21
22
SIM5
SIM1
SIM2
SIM3
SIM4
1
21
22
SIM5
SIM1
SIM2
SIM3
SIM4
1
21
22
SIM5
SIM1
SIM2
SIM3
SIM4
1
21
22
SIM5
SIM1
SIM2
SIM3
SIM4
1
21
22
SIM5
SIM1
SIM2
SIM3
SIM4
1
21
22
SIM5
SIM1
SIM2
SIM3
SIM4
1
21
22
SIM5
SIM1
SIM2
SIM3
SIM4
1
21
22
SIM5
SIM1
SIM2
SIM3
SIM4
1
21
22
SIM5
SIM1
SIM2
SIM3
SIM4
1
21
22
SIM5
SIM1
SIM2
SIM3
SIM4
1
21
22
SIM5
SIM1
SIM2
SIM3
SIM4
1
21
22
SIM5
SIM1
SIM2
SIM3
SIM4
1
21
22
SIM5
SIM1
SIM2
DEBUG 1 791
SIM1
SIM2
SIM3
SIM4
1
21
22
SIM5
SIM1
SIM2
SIM3
SIM4
1
21
22
SIM5
SIM1
SIM2
SIM3
SIM4
1
21
22
SIM5
SIM1
SIM2
SIM3
SIM4
1
21
22
SIM5
SIM1
SIM2
SIM3
SIM4
1
21
22
SIM5
SIM1
SIM2
SIM3
SIM4
1
21
22
SIM5
SIM1
SIM2
SIM3
SIM4
1
21
22
SIM5
SIM1
SIM2
SIM3
SIM4
1
21
22
SIM5
SIM1
SIM2
SIM3
SIM4
1
21
22
SIM5
SIM1
SIM2
SIM3
SIM4
1
21
22
SIM5
SIM1
SIM2
SIM3
SIM4
1
21
22
SIM5
SIM1
SIM2
SIM3
SIM4
1
21
22
SIM5
SIM1
SIM2
SIM3
SIM4
1
21
22
SIM5
SIM1
SIM2
SIM3
SIM4
1
21
22
SIM5
SIM1
SIM2
SIM3
SIM4
1
21
22
SIM5
SIM1
SIM2
SIM3
SIM4
1
21
22
SIM5
SIM1
SIM2
SIM3
SIM4
1
21
22
SIM5
SIM1
SIM2
SIM3
SIM4
1
21
22
SIM5
SIM1
SIM2
SIM3
SIM4
1
21
22
SIM5
SIM1
SIM2
SIM3
SIM4
1
21
22
SIM5
SIM1
SIM2
SIM3
SIM4
1
21
22
SIM5
SIM1
SIM2
SIM3
SIM4
1
21
22
SIM5
SIM1
SIM2
SIM3
SIM4
1
21
22
SIM5
SIM1
SIM2
SIM3
SIM4
1
21
22
SIM5
SIM1
SIM2
SIM3
SIM4
1
21
22
SIM5
SIM1
SIM2
SIM3
SIM4
1
21
22
SIM5
SIM1
SIM2
SIM3
SIM4
1
21
22
SIM5
SIM1
SIM2
SIM3
SIM4
1
21
22
SIM5
SIM1
SIM2
SIM3
SIM4
1
21
22
SIM5
SIM1
SIM2
SIM3
SIM4
1
21
22
SIM5
SIM1
SIM2
SIM3
SIM4
1
21
22
SIM5
SIM1
SIM2
SIM3
SIM4
1
21
22
SIM5
SIM1
SIM2
SIM3
SIM4
1
21
22
SIM5
SIM1
SIM2
SIM3
SIM4
1
21
22
SIM5
SIM1
SIM2
SIM3
SIM4
1
21
22
SIM5
SIM1
SIM2
SIM3
SIM4
1
21
22
SIM5
SIM1
SIM2
SIM3
SIM4
1
21
22
SIM5
SIM1
SIM2
SIM3
SIM4
1
21
22
SIM5
SIM1
SIM2
SIM3
SIM4
1
21
22
SIM5
SIM1
SIM2
SIM3
SIM4
1
21
22
SIM5
SIM1
SIM2
SIM3
SIM4
1
21
22
SIM5
SIM1
SIM2
SIM3
SIM4
1
21
22
SIM5
SIM1
SIM2
SIM3
SIM4
1
21
22
SIM5
SIM1
SIM2
SIM3
SIM4
1
21
22
SIM5
SIM1
SIM2
SIM3
SIM4
1
21
22
SIM5
SIM1
SIM2
SIM3
SIM4
1
21
22
SIM5
SIM1
SIM2
SIM3
SIM4
1
21
22
SIM5
SIM1
SIM2
SIM3
SIM4
1
21
22
SIM5
SIM1
SIM2
SIM3
SIM4
1
21
22
SIM5
SIM1
SIM2
SIM3
SIM4
1
21
22
SIM5
SIM1
SIM2
SIM3
SIM4
1
21
22
SIM5
SIM1
SIM2
SIM3
SIM4
1
21
22
SIM5
SIM1
SIM2
SIM3
SIM4
1
21
22
SIM5
SIM1
SIM2
SIM3
SIM4
1
21
22
SIM5
SIM1
SIM2
SIM3
SIM4
1
21
22
SIM5
SIM1
SIM2
SIM3
SIM4
1
21
22
SIM5
SIM1
SIM2
SIM3
SIM4
1
21
22
SIM5
SIM1
SIM2
SIM3
SIM4
1
21
22
SIM5
SIM1
SIM2
SIM3
SIM4
1
21
22
SIM5
SIM1
SIM2
SIM3
SIM4
1
21
22
SIM5
SIM1
SIM2
SIM3
SIM4
1
21
22
SIM5
SIM1
SIM2
SIM3
SIM4
1
21
22
SIM5
SIM1
SIM2
SIM3
SIM4
1
21
22
SIM5
SIM1
SIM2
SIM3
SIM4
1
21
22
SIM5
SIM1
SIM2
SIM3
SIM4
1
21
22
SIM5
SIM1
SIM2
SIM3
SIM4
1
21
22
SIM5
SIM1
SIM2
SIM3
SIM4
1
21
22
SIM5
SIM1
SIM2
SIM3
SIM4
1
21
22
SIM5
SIM1
SIM2
SIM3
SIM4
1
21
22
SIM5
SIM1
SIM2
SIM3
SIM4
1
21
22
SIM5
SIM1
SIM2
SIM3
SIM4
1
21
22
SIM5
SIM1
SIM2
SIM3
SIM4
1
21
22
SIM5
SIM1
SIM2
SIM3
SIM4
1
21
22
SIM5
SIM1
SIM2
SIM3
SIM4
1
21
22
SIM5
SIM1
SIM2
SIM3
SIM4
1
21
22
SIM5
SIM1
SIM2
SIM3
SIM4
1
21
22
SIM5
SIM1
SIM2
SIM3
SIM4
1
21
22
SIM5
SIM1
SIM2
SIM3
SIM4
1
21
22
SIM5
SIM1
SIM2
SIM3
SIM4
1
21
22
SIM5
SIM1
SIM2
SIM3
SIM4
1
21
22
SIM5
SIM1
SIM2
SIM3
SIM4
1
21
22
SIM5
SIM1
SIM2
SIM3
SIM4
1
21
22
SIM5
SIM1
SIM2
SIM3
SIM4
1
21
22
SIM5
SIM1
SIM2
SIM3
SIM4
1
21
22
SIM5
SIM1
SIM2
SIM3
SIM4
1
21
22
SIM5
SIM1
SIM2
SIM3
SIM4
1
21
22
SIM5
SIM1
SIM2
SIM3
SIM4
1
21
22
SIM5
SIM1
SIM2
SIM3
SIM4
1
21
22
SIM5
SIM1
SIM2
SIM3
SIM4
1
21
22
SIM5
SIM1
SIM2
SIM3
SIM4
1
21
22
SIM5
SIM1
SIM2
SIM3
SIM4
1
21
22
SIM5
SIM1
SIM2
SIM3
SIM4
1
21
22
SIM5
SIM1
SIM2
SIM3
SIM4
1
21
22
SIM5
SIM1
SIM2
SIM3
SIM4
1
21
22
SIM5
SIM1
SIM2
SIM3
SIM4
1
21
22
SIM5
SIM1
SIM2
SIM3
SIM4
1
21
22
SIM5
SIM1
SIM2
SIM3
SIM4
1
21
22
SIM5
SIM1
SIM2
SIM3
SIM4
1
21
22
SIM5
SIM1
SIM2
SIM3
SIM4
1
21
22
SIM5
SIM1
SIM2
SIM3
SIM4
1
21
22
SIM5
SIM1
SIM2
SIM3
SIM4
1
21
22
SIM5
SIM1
SIM2
SIM3
SIM4
1
21
22
SIM5
SIM1
SIM2
SIM3
SIM4
1
21
22
SIM5
SIM1
SIM2
SIM3
SIM4
1
21
22
SIM5
SIM1
SIM2
SIM3
SIM4
1
21
22
SIM5
SIM1
SIM2
SIM3
SIM4
1
21
22
SIM5
SIM1
SIM2
SIM3
SIM4
1
21
22
SIM5
SIM1
SIM2
SIM3
SIM4
1
21
22
SIM5
SIM1
SIM2
SIM3
SIM4
1
21
22
SIM5
SIM1
SIM2
SIM3
SIM4
1
21
22
SIM5
SIM1
SIM2
SIM3
SIM4
1
21
22
SIM5
SIM1
SIM2
SIM3
SIM4
1
21
22
SIM5
SIM1
SIM2
SIM3
SIM4
1
21
22
SIM5
SIM1
SIM2
SIM3
SIM4
1
21
22
SIM5
SIM1
SIM2
SIM3
SIM4
1
21
22
SIM5
SIM1
SIM2
SIM3
SIM4
1
21
22
SIM5
SIM1
SIM2
SIM3
SIM4
1
21
22
SIM5
SIM1
SIM2
SIM3
SIM4
1
21
22
SIM5
SIM1
SIM2
SIM3
SIM4
1
21
22
SIM5
SIM1
SIM2
SIM3
SIM4
1
21
22
SIM5
SIM1
SIM2
SIM3
SIM4
1
21
22
SIM5
SIM1
SIM2
SIM3
SIM4
1
21
22
SIM5
SIM1
SIM2
SIM3
SIM4
1
21
22
SIM5
SIM1
SIM2
SIM3
SIM4
1
21
22
SIM5
SIM1
SIM2
SIM3
SIM4
1
21
22
SIM5
SIM1
SIM2
SIM3
SIM4
1
21
22
SIM5
SIM1
SIM2
SIM3
SIM4
1
21
22
SIM5
SIM1
SIM2
SIM3
SIM4
1
21
22
SIM5
SIM1
SIM2
SIM3
SIM4
1
21
22
SIM5
SIM1
SIM2
SIM3
SIM4
1
21
22
SIM5
SIM1
SIM2
SIM3
SIM4
1
21
22
SIM5
SIM1
SIM2
SIM3
SIM4
1
21
22
SIM5
SIM1
SIM2
SIM3
SIM4
1
21
22
SIM5
SIM1
SIM2
SIM3
SIM4
1
21
22
SIM5
SIM1
SIM2
DEBUG 1 792
SIM1
SIM2
SIM3
SIM4
1
21
22
SIM5
SIM1
SIM2
SIM3
SIM4
1
21
22
SIM5
SIM1
SIM2
SIM3
SIM4
1
21
22
SIM5
SIM1
SIM2
SIM3
SIM4
1
21
22
SIM5
SIM1
SIM2
SIM3
SIM4
1
21
22
SIM5
SIM1
SIM2
SIM3
SIM4
1
21
22
SIM5
SIM1
SIM2
SIM3
SIM4
1
21
22
SIM5
SIM1
SIM2
SIM3
SIM4
1
21
22
SIM5
SIM1
SIM2
SIM3
SIM4
1
21
22
SIM5
SIM1
SIM2
SIM3
SIM4
1
21
22
SIM5
SIM1
SIM2
SIM3
SIM4
1
21
22
SIM5
SIM1
SIM2
SIM3
SIM4
1
21
22
SIM5
SIM1
SIM2
SIM3
SIM4
1
21
22
SIM5
SIM1
SIM2
SIM3
SIM4
1
21
22
SIM5
SIM1
SIM2
SIM3
SIM4
1
21
22
SIM5
SIM1
SIM2
SIM3
SIM4
1
21
22
SIM5
SIM1
SIM2
SIM3
SIM4
1
21
22
SIM5
SIM1
SIM2
SIM3
SIM4
1
21
22
SIM5
SIM1
SIM2
SIM3
SIM4
1
21
22
SIM5
SIM1
SIM2
SIM3
SIM4
1
21
22
SIM5
SIM1
SIM2
SIM3
SIM4
1
21
22
SIM5
SIM1
SIM2
SIM3
SIM4
1
21
22
SIM5
SIM1
SIM2
SIM3
SIM4
1
21
22
SIM5
SIM1
SIM2
SIM3
SIM4
1
21
22
SIM5
SIM1
SIM2
SIM3
SIM4
1
21
22
SIM5
SIM1
SIM2
SIM3
SIM4
1
21
22
SIM5
SIM1
SIM2
SIM3
SIM4
1
21
22
SIM5
SIM1
SIM2
SIM3
SIM4
1
21
22
SIM5
SIM1
SIM2
SIM3
SIM4
1
21
22
SIM5
SIM1
SIM2
SIM3
SIM4
1
21
22
SIM5
SIM1
SIM2
SIM3
SIM4
1
21
22
SIM5
SIM1
SIM2
SIM3
SIM4
1
21
22
SIM5
SIM1
SIM2
SIM3
SIM4
1
21
22
SIM5
SIM1
SIM2
SIM3
SIM4
1
21
22
SIM5
SIM1
SIM2
SIM3
SIM4
1
21
22
SIM5
SIM1
SIM2
SIM3
SIM4
1
21
22
SIM5
SIM1
SIM2
SIM3
SIM4
1
21
22
SIM5
SIM1
SIM2
SIM3
SIM4
1
21
22
SIM5
SIM1
SIM2
SIM3
SIM4
1
21
22
SIM5
SIM1
SIM2
SIM3
SIM4
1
21
22
SIM5
SIM1
SIM2
SIM3
SIM4
1
21
22
SIM5
SIM1
SIM2
SIM3
SIM4
1
21
22
SIM5
SIM1
SIM2
SIM3
SIM4
1
21
22
SIM5
SIM1
SIM2
SIM3
SIM4
1
21
22
SIM5
SIM1
SIM2
SIM3
SIM4
1
21
22
SIM5
SIM1
SIM2
SIM3
SIM4
1
21
22
SIM5
SIM1
SIM2
SIM3
SIM4
1
21
22
SIM5
SIM1
SIM2
SIM3
SIM4
1
21
22
SIM5
SIM1
SIM2
SIM3
SIM4
1
21
22
SIM5
SIM1
SIM2
SIM3
SIM4
1
21
22
SIM5
SIM1
SIM2
SIM3
SIM4
1
21
22
SIM5
SIM1
SIM2
SIM3
SIM4
1
21
22
SIM5
SIM1
SIM2
SIM3
SIM4
1
21
22
SIM5
SIM1
SIM2
SIM3
SIM4
1
21
22
SIM5
SIM1
SIM2
SIM3
SIM4
1
21
22
SIM5
SIM1
SIM2
SIM3
SIM4
1
21
22
SIM5
SIM1
SIM2
SIM3
SIM4
1
21
22
SIM5
SIM1
SIM2
SIM3
SIM4
1
21
22
SIM5
SIM1
SIM2
SIM3
SIM4
1
21
22
SIM5
SIM1
SIM2
SIM3
SIM4
1
21
22
SIM5
SIM1
SIM2
SIM3
SIM4
1
21
22
SIM5
SIM1
SIM2
SIM3
SIM4
1
21
22
SIM5
SIM1
SIM2
SIM3
SIM4
1
21
22
SIM5
SIM1
SIM2
SIM3
SIM4
1
21
22
SIM5
SIM1
SIM2
SIM3
SIM4
1
21
22
SIM5
SIM1
SIM2
SIM3
SIM4
1
21
22
SIM5
SIM1
SIM2
SIM3
SIM4
1
21
22
SIM5
SIM1
SIM2
SIM3
SIM4
1
21
22
SIM5
SIM1
SIM2
SIM3
SIM4
1
21
22
SIM5
SIM1
SIM2
SIM3
SIM4
1
21
22
SIM5
SIM1
SIM2
SIM3
SIM4
1
21
22
SIM5
SIM1
SIM2
SIM3
SIM4
1
21
22
SIM5
SIM1
SIM2
SIM3
SIM4
1
21
22
SIM5
SIM1
SIM2
SIM3
SIM4
1
21
22
SIM5
SIM1
SIM2
SIM3
SIM4
1
21
22
SIM5
SIM1
SIM2
SIM3
SIM4
1
21
22
SIM5
SIM1
SIM2
SIM3
SIM4
1
21
22
SIM5
SIM1
SIM2
SIM3
SIM4
1
21
22
SIM5
SIM1
SIM2
SIM3
SIM4
1
21
22
SIM5
SIM1
SIM2
SIM3
SIM4
1
21
22
SIM5
SIM1
SIM2
SIM3
SIM4
1
21
22
SIM5
SIM1
SIM2
SIM3
SIM4
1
21
22
SIM5
SIM1
SIM2
SIM3
SIM4
1
21
22
SIM5
SIM1
SIM2
SIM3
SIM4
1
21
22
SIM5
SIM1
SIM2
SIM3
SIM4
1
21
22
SIM5
SIM1
SIM2
SIM3
SIM4
1
21
22
SIM5
SIM1
SIM2
SIM3
SIM4
1
21
22
SIM5
SIM1
SIM2
SIM3
SIM4
1
21
22
SIM5
SIM1
SIM2
SIM3
SIM4
1
21
22
SIM5
SIM1
SIM2
SIM3
SIM4
1
21
22
SIM5
SIM1
SIM2
SIM3
SIM4
1
21
22
SIM5
SIM1
SIM2
SIM3
SIM4
1
21
22
SIM5
SIM1
SIM2
SIM3
SIM4
1
21
22
SIM5
SIM1
SIM2
SIM3
SIM4
1
21
22
SIM5
SIM1
SIM2
SIM3
SIM4
1
21
22
SIM5
SIM1
SIM2
SIM3
SIM4
1
21
22
SIM5
SIM1
SIM2
SIM3
SIM4
1
21
22
SIM5
SIM1
SIM2
SIM3
SIM4
1
21
22
SIM5
SIM1
SIM2
SIM3
SIM4
1
21
22
SIM5
SIM1
SIM2
SIM3
SIM4
1
21
22
SIM5
SIM1
SIM2
SIM3
SIM4
1
21
22
SIM5
SIM1
SIM2
SIM3
SIM4
1
21
22
SIM5
SIM1
SIM2
SIM3
SIM4
1
21
22
SIM5
SIM1
SIM2
SIM3
SIM4
1
21
22
SIM5
SIM1
SIM2
SIM3
SIM4
1
21
22
SIM5
SIM1
SIM2
SIM3
SIM4
1
21
22
SIM5
SIM1
SIM2
SIM3
SIM4
1
21
22
SIM5
SIM1
SIM2
SIM3
SIM4
1
21
22
SIM5
SIM1
SIM2
SIM3
SIM4
1
21
22
SIM5
SIM1
SIM2
SIM3
SIM4
1
21
22
SIM5
SIM1
SIM2
SIM3
SIM4
1
21
22
SIM5
SIM1
SIM2
SIM3
SIM4
1
21
22
SIM5
SIM1
SIM2
SIM3
SIM4
1
21
22
SIM5
SIM1
SIM2
SIM3
SIM4
1
21
22
SIM5
SIM1
SIM2
SIM3
SIM4
1
21
22
SIM5
SIM1
SIM2
SIM3
SIM4
1
21
22
SIM5
SIM1
SIM2
SIM3
SIM4
1
21
22
SIM5
SIM1
SIM2
SIM3
SIM4
1
21
22
SIM5
SIM1
SIM2
SIM3
SIM4
1
21
22
SIM5
SIM1
SIM2
SIM3
SIM4
1
21
22
SIM5
SIM1
SIM2
SIM3
SIM4
1
21
22
SIM5
SIM1
SIM2
SIM3
SIM4
1
21
22
SIM5
SIM1
SIM2
SIM3
SIM4
1
21
22
SIM5
SIM1
SIM2
SIM3
SIM4
1
21
22
SIM5
SIM1
SIM2
SIM3
SIM4
1
21
22
SIM5
SIM1
SIM2
SIM3
SIM4
1
21
22
SIM5
SIM1
SIM2
SIM3
SIM4
1
21
22
SIM5
SIM1
SIM2
SIM3
SIM4
1
21
22
SIM5
SIM1
SIM2
SIM3
SIM4
1
21
22
SIM5
SIM1
SIM2
SIM3
SIM4
1
21
22
SIM5
SIM1
SIM2
SIM3
SIM4
1
21
22
SIM5
SIM1
SIM2
SIM3
SIM4
1
21
22
SIM5
SIM1
SIM2
SIM3
SIM4
1
21
22
SIM5
SIM1
SIM2
SIM3
SIM4
1
21
22
SIM5
SIM1
SIM2
SIM3
SIM4
1
21
22
SIM5
SIM1
SIM2
SIM3
SIM4
1
21
22
SIM5
SIM1
SIM2
SIM3
SIM4
1
21
22
SIM5
SIM1
SIM2
SIM3
SIM4
1
21
22
SIM5
SIM1
SIM2
SIM3
SIM4
1
21
22
SIM5
SIM1
SIM2
SIM3
SIM4
1
21
22
SIM5
SIM1
SIM2
SIM3
SIM4
1
21
22
SIM5
SIM1
SIM2
SIM3
SIM4
1
21
22
SIM5
SIM1
SIM2
SIM3
SIM4
1
21
22
SIM5
SIM1
SIM2
SIM3
SIM4
1
21
22
SIM5
SIM1
SIM2
SIM3
SIM4
1
21
22
SIM5
SIM1
SIM2
SIM3
SIM4
1
21
22
SIM5
SIM1
SIM2
SIM3
SIM4
1
21
22
SIM5
SIM1
SIM2
SIM3
SIM4
1
21
22
SIM5
SIM1
SIM2
SIM3
SIM4
1
21
22
SIM5
SIM1
SIM2
SIM3
SIM4
1
21
22
SIM5
SIM1
SIM2
SIM3
SIM4
1
21
22
SIM5
SIM1
SIM2
SIM3
SIM4
1
21
22
SIM5
SIM1
SIM2
SIM3
SIM4
1
21
22
SIM5
SIM1
SIM2
SIM3
SIM4
1
21
22
SIM5
SIM1
SIM2
SIM3
SIM4
1
21
22
SIM5
SIM1
SIM2
SIM3
SIM4
1
21
22
SIM5
SIM1
SIM2
SIM3
SIM4
1
21
22
SIM5
SIM1
SIM2
SIM3
SIM4
1
21
22
SIM5
SIM1
SIM2
SIM3
SIM4
1
21
22
SIM5
SIM1
SIM2
SIM3
SIM4
1
21
22
SIM5
SIM1
SIM2
SIM3
SIM4
1
21
22
SIM5
SIM1
SIM2
SIM3
SIM4
1
21
22
SIM5
SIM1
SIM2
SIM3
SIM4
1
21
22
SIM5
SIM1
SIM2
SIM3
SIM4
1
21
22
SIM5
SIM1
SIM2
SIM3
SIM4
1
21
22
SIM5
SIM1
SIM2
SIM3
SIM4
1
21
22
SIM5
SIM1
SIM2
SIM3
SIM4
1
21
22
SIM5
SIM1
SIM2
SIM3
SIM4
1
21
22
SIM5
SIM1
SIM2
SIM3
SIM4
1
21
22
SIM5
SIM1
SIM2
SIM3
SIM4
1
21
22
SIM5
SIM1
SIM2
SIM3
SIM4
1
21
22
SIM5
SIM1
SIM2
SIM3
SIM4
1
21
22
SIM5
SIM1
SIM2
SIM3
SIM4
1
21
22
SIM5
SIM1
SIM2
SIM3
SIM4
1
21
22
SIM5
SIM1
SIM2
SIM3
SIM4
1
21
22
SIM5
SIM1
SIM2
SIM3
SIM4
1
21
22
SIM5
SIM1
SIM2
SIM3
SIM4
1
21
22
SIM5
SIM1
SIM2
SIM3
SIM4
1
21
22
SIM5
SIM1
SIM2
SIM3
SIM4
1
21
22
SIM5
SIM1
SIM2
SIM3
SIM4
1
21
22
SIM5
SIM1
SIM2
SIM3
SIM4
1
21
22
SIM5
SIM1
SIM2
SIM3
SIM4
1
21
22
SIM5
SIM1
SIM2
SIM3
SIM4
1
21
22
SIM5
SIM1
SIM2
SIM3
SIM4
1
21
22
SIM5
SIM1
SIM2
SIM3
SIM4
1
21
22
SIM5
SIM1
SIM2
SIM3
SIM4
1
21
22
SIM5
SIM1
SIM2
SIM3
SIM4
1
21
22
SIM5
SIM1
SIM2
SIM3
SIM4
1
21
22
SIM5
SIM1
SIM2
SIM3
SIM4
1
21
22
SIM5
SIM1
SIM2
SIM3
SIM4
1
21
22
SIM5
SIM1
SIM2
SIM3
SIM4
1
21
22
SIM5
SIM1
SIM2
SIM3
SIM4
1
21
22
SIM5
SIM1
SIM2
SIM3
SIM4
1
21
22
SIM5
SIM1
SIM2
SIM3
SIM4
1
21
22
SIM5
SIM1
SIM2
SIM3
SIM4
1
21
22
SIM5
SIM1
SIM2
SIM3
SIM4
1
21
22
SIM5
SIM1
SIM2
SIM3
SIM4
1
21
22
SIM5
SIM1
SIM2
SIM3
SIM4
1
21
22
SIM5
SIM1
SIM2
SIM3
SIM4
1
21
22
SIM5
SIM1
SIM2
SIM3
SIM4
1
21
22
SIM5
SIM1
SIM2
SIM3
SIM4
1
21
22
SIM5
SIM1
SIM2
SIM3
SIM4
1
21
22
SIM5
SIM1
SIM2
SIM3
SIM4
1
21
22
SIM5
SIM1
SIM2
DEBUG 1 793
SIM1
SIM2
SIM3
SIM4
1
21
22
SIM5
SIM1
SIM2
SIM3
SIM4
1
21
22
SIM5
SIM1
SIM2
SIM3
SIM4
1
21
22
SIM5
SIM1
SIM2
SIM3
SIM4
1
21
22
SIM5
SIM1
SIM2
SIM3
SIM4
1
21
22
SIM5
SIM1
SIM2
SIM3
SIM4
1
21
22
SIM5
SIM1
SIM2
SIM3
SIM4
1
21
22
SIM5
SIM1
SIM2
SIM3
SIM4
1
21
22
SIM5
SIM1
SIM2
SIM3
SIM4
1
21
22
SIM5
SIM1
SIM2
SIM3
SIM4
1
21
22
SIM5
SIM1
SIM2
SIM3
SIM4
1
21
22
SIM5
SIM1
SIM2
SIM3
SIM4
1
21
22
SIM5
SIM1
SIM2
SIM3
SIM4
1
21
22
SIM5
SIM1
SIM2
SIM3
SIM4
1
21
22
SIM5
SIM1
SIM2
SIM3
SIM4
1
21
22
SIM5
SIM1
SIM2
SIM3
SIM4
1
21
22
SIM5
SIM1
SIM2
SIM3
SIM4
1
21
22
SIM5
SIM1
SIM2
SIM3
SIM4
1
21
22
SIM5
SIM1
SIM2
SIM3
SIM4
1
21
22
SIM5
SIM1
SIM2
SIM3
SIM4
1
21
22
SIM5
SIM1
SIM2
SIM3
SIM4
1
21
22
SIM5
SIM1
SIM2
SIM3
SIM4
1
21
22
SIM5
SIM1
SIM2
SIM3
SIM4
1
21
22
SIM5
SIM1
SIM2
SIM3
SIM4
1
21
22
SIM5
SIM1
SIM2
SIM3
SIM4
1
21
22
SIM5
SIM1
SIM2
SIM3
SIM4
1
21
22
SIM5
SIM1
SIM2
SIM3
SIM4
1
21
22
SIM5
SIM1
SIM2
SIM3
SIM4
1
21
22
SIM5
SIM1
SIM2
SIM3
SIM4
1
21
22
SIM5
SIM1
SIM2
SIM3
SIM4
1
21
22
SIM5
SIM1
SIM2
SIM3
SIM4
1
21
22
SIM5
SIM1
SIM2
SIM3
SIM4
1
21
22
SIM5
SIM1
SIM2
SIM3
SIM4
1
21
22
SIM5
SIM1
SIM2
SIM3
SIM4
1
21
22
SIM5
SIM1
SIM2
SIM3
SIM4
1
21
22
SIM5
SIM1
SIM2
SIM3
SIM4
1
21
22
SIM5
SIM1
SIM2
SIM3
SIM4
1
21
22
SIM5
SIM1
SIM2
SIM3
SIM4
1
21
22
SIM5
SIM1
SIM2
SIM3
SIM4
1
21
22
SIM5
SIM1
SIM2
SIM3
SIM4
1
21
22
SIM5
SIM1
SIM2
SIM3
SIM4
1
21
22
SIM5
SIM1
SIM2
SIM3
SIM4
1
21
22
SIM5
SIM1
SIM2
SIM3
SIM4
1
21
22
SIM5
SIM1
SIM2
SIM3
SIM4
1
21
22
SIM5
SIM1
SIM2
SIM3
SIM4
1
21
22
SIM5
SIM1
SIM2
SIM3
SIM4
1
21
22
SIM5
SIM1
SIM2
SIM3
SIM4
1
21
22
SIM5
SIM1
SIM2
SIM3
SIM4
1
21
22
SIM5
SIM1
SIM2
SIM3
SIM4
1
21
22
SIM5
SIM1
SIM2
SIM3
SIM4
1
21
22
SIM5
SIM1
SIM2
SIM3
SIM4
1
21
22
SIM5
SIM1
SIM2
SIM3
SIM4
1
21
22
SIM5
SIM1
SIM2
SIM3
SIM4
1
21
22
SIM5
SIM1
SIM2
SIM3
SIM4
1
21
22
SIM5
SIM1
SIM2
SIM3
SIM4
1
21
22
SIM5
SIM1
SIM2
SIM3
SIM4
1
21
22
SIM5
SIM1
SIM2
SIM3
SIM4
1
21
22
SIM5
SIM1
SIM2
SIM3
SIM4
1
21
22
SIM5
SIM1
SIM2
SIM3
SIM4
1
21
22
SIM5
SIM1
SIM2
SIM3
SIM4
1
21
22
SIM5
SIM1
SIM2
SIM3
SIM4
1
21
22
SIM5
SIM1
SIM2
SIM3
SIM4
1
21
22
SIM5
SIM1
SIM2
SIM3
SIM4
1
21
22
SIM5
SIM1
SIM2
SIM3
SIM4
1
21
22
SIM5
SIM1
SIM2
SIM3
SIM4
1
21
22
SIM5
SIM1
SIM2
SIM3
SIM4
1
21
22
SIM5
SIM1
SIM2
SIM3
SIM4
1
21
22
SIM5
SIM1
SIM2
SIM3
SIM4
1
21
22
SIM5
SIM1
SIM2
SIM3
SIM4
1
21
22
SIM5
SIM1
SIM2
SIM3
SIM4
1
21
22
SIM5
SIM1
SIM2
SIM3
SIM4
1
21
22
SIM5
SIM1
SIM2
SIM3
SIM4
1
21
22
SIM5
SIM1
SIM2
SIM3
SIM4
1
21
22
SIM5
SIM1
SIM2
SIM3
SIM4
1
21
22
SIM5
SIM1
SIM2
SIM3
SIM4
1
21
22
SIM5
SIM1
SIM2
SIM3
SIM4
1
21
22
SIM5
SIM1
SIM2
SIM3
SIM4
1
21
22
SIM5
SIM1
SIM2
SIM3
SIM4
1
21
22
SIM5
SIM1
SIM2
SIM3
SIM4
1
21
22
SIM5
SIM1
SIM2
SIM3
SIM4
1
21
22
SIM5
SIM1
SIM2
SIM3
SIM4
1
21
22
SIM5
SIM1
SIM2
SIM3
SIM4
1
21
22
SIM5
SIM1
SIM2
SIM3
SIM4
1
21
22
SIM5
SIM1
SIM2
SIM3
SIM4
1
21
22
SIM5
SIM1
SIM2
SIM3
SIM4
1
21
22
SIM5
SIM1
SIM2
SIM3
SIM4
1
21
22
SIM5
SIM1
SIM2
SIM3
SIM4
1
21
22
SIM5
SIM1
SIM2
SIM3
SIM4
1
21
22
SIM5
SIM1
SIM2
SIM3
SIM4
1
21
22
SIM5
SIM1
SIM2
SIM3
SIM4
1
21
22
SIM5
SIM1
SIM2
SIM3
SIM4
1
21
22
SIM5
SIM1
SIM2
SIM3
SIM4
1
21
22
SIM5
SIM1
SIM2
SIM3
SIM4
1
21
22
SIM5
SIM1
SIM2
SIM3
SIM4
1
21
22
SIM5
SIM1
SIM2
SIM3
SIM4
1
21
22
SIM5
SIM1
SIM2
SIM3
SIM4
1
21
22
SIM5
SIM1
SIM2
SIM3
SIM4
1
21
22
SIM5
SIM1
SIM2
SIM3
SIM4
1
21
22
SIM5
SIM1
SIM2
SIM3
SIM4
1
21
22
SIM5
SIM1
SIM2
SIM3
SIM4
1
21
22
SIM5
SIM1
SIM2
SIM3
SIM4
1
21
22
SIM5
SIM1
SIM2
SIM3
SIM4
1
21
22
SIM5
SIM1
SIM2
SIM3
SIM4
1
21
22
SIM5
SIM1
SIM2
SIM3
SIM4
1
21
22
SIM5
SIM1
SIM2
SIM3
SIM4
1
21
22
SIM5
SIM1
SIM2
SIM3
SIM4
1
21
22
SIM5
SIM1
SIM2
SIM3
SIM4
1
21
22
SIM5
SIM1
SIM2
SIM3
SIM4
1
21
22
SIM5
SIM1
SIM2
SIM3
SIM4
1
21
22
SIM5
SIM1
SIM2
SIM3
SIM4
1
21
22
SIM5
SIM1
SIM2
SIM3
SIM4
1
21
22
SIM5
SIM1
SIM2
SIM3
SIM4
1
21
22
SIM5
SIM1
SIM2
SIM3
SIM4
1
21
22
SIM5
SIM1
SIM2
SIM3
SIM4
1
21
22
SIM5
SIM1
SIM2
SIM3
SIM4
1
21
22
SIM5
SIM1
SIM2
SIM3
SIM4
1
21
22
SIM5
SIM1
SIM2
SIM3
SIM4
1
21
22
SIM5
SIM1
SIM2
SIM3
SIM4
1
21
22
SIM5
SIM1
SIM2
SIM3
SIM4
1
21
22
SIM5
SIM1
SIM2
SIM3
SIM4
1
21
22
SIM5
SIM1
SIM2
SIM3
SIM4
1
21
22
SIM5
SIM1
SIM2
SIM3
SIM4
1
21
22
SIM5
SIM1
SIM2
SIM3
SIM4
1
21
22
SIM5
SIM1
SIM2
SIM3
SIM4
1
21
22
SIM5
SIM1
SIM2
SIM3
SIM4
1
21
22
SIM5
SIM1
SIM2
SIM3
SIM4
1
21
22
SIM5
SIM1
SIM2
SIM3
SIM4
1
21
22
SIM5
SIM1
SIM2
SIM3
SIM4
1
21
22
SIM5
SIM1
SIM2
SIM3
SIM4
1
21
22
SIM5
SIM1
SIM2
SIM3
SIM4
1
21
22
SIM5
SIM1
SIM2
SIM3
SIM4
1
21
22
SIM5
SIM1
SIM2
SIM3
SIM4
1
21
22
SIM5
SIM1
SIM2
SIM3
SIM4
1
21
22
SIM5
SIM1
SIM2
SIM3
SIM4
1
21
22
SIM5
SIM1
SIM2
SIM3
SIM4
1
21
22
SIM5
SIM1
SIM2
SIM3
SIM4
1
21
22
SIM5
SIM1
SIM2
SIM3
SIM4
1
21
22
SIM5
SIM1
SIM2
SIM3
SIM4
1
21
22
SIM5
SIM1
SIM2
SIM3
SIM4
1
21
22
SIM5
SIM1
SIM2
SIM3
SIM4
1
21
22
SIM5
SIM1
SIM2
SIM3
SIM4
1
21
22
SIM5
SIM1
SIM2
SIM3
SIM4
1
21
22
SIM5
SIM1
SIM2
SIM3
SIM4
1
21
22
SIM5
SIM1
SIM2
SIM3
SIM4
1
21
22
SIM5
SIM1
SIM2
SIM3
SIM4
1
21
22
SIM5
SIM1
SIM2
SIM3
SIM4
1
21
22
SIM5
SIM1
SIM2
SIM3
SIM4
1
21
22
SIM5
SIM1
SIM2
SIM3
SIM4
1
21
22
SIM5
SIM1
SIM2
SIM3
SIM4
1
21
22
SIM5
SIM1
SIM2
SIM3
SIM4
1
21
22
SIM5
SIM1
SIM2
SIM3
SIM4
1
21
22
SIM5
SIM1
SIM2
SIM3
SIM4
1
21
22
SIM5
SIM1
SIM2
SIM3
SIM4
1
21
22
SIM5
SIM1
SIM2
SIM3
SIM4
1
21
22
SIM5
SIM1
SIM2
SIM3
SIM4
1
21
22
SIM5
SIM1
SIM2
SIM3
SIM4
1
21
22
SIM5
SIM1
SIM2
SIM3
SIM4
1
21
22
SIM5
SIM1
SIM2
SIM3
SIM4
1
21
22
SIM5
SIM1
SIM2
SIM3
SIM4
1
21
22
SIM5
SIM1
SIM2
SIM3
SIM4
1
21
22
SIM5
SIM1
SIM2
SIM3
SIM4
1
21
22
SIM5
SIM1
SIM2
SIM3
SIM4
1
21
22
SIM5
SIM1
SIM2
SIM3
SIM4
1
21
22
SIM5
SIM1
SIM2
SIM3
SIM4
1
21
22
SIM5
SIM1
SIM2
SIM3
SIM4
1
21
22
SIM5
SIM1
SIM2
SIM3
SIM4
1
21
22
SIM5
SIM1
SIM2
SIM3
SIM4
1
21
22
SIM5
SIM1
SIM2
SIM3
SIM4
1
21
22
SIM5
SIM1
SIM2
SIM3
SIM4
1
21
22
SIM5
SIM1
SIM2
SIM3
SIM4
1
21
22
SIM5
SIM1
SIM2
SIM3
SIM4
1
21
22
SIM5
SIM1
SIM2
SIM3
SIM4
1
21
22
SIM5
SIM1
SIM2
SIM3
SIM4
1
21
22
SIM5
SIM1
SIM2
SIM3
SIM4
1
21
22
SIM5
SIM1
SIM2
SIM3
SIM4
1
21
22
SIM5
SIM1
SIM2
SIM3
SIM4
1
21
22
SIM5
SIM1
SIM2
SIM3
SIM4
1
21
22
SIM5
SIM1
SIM2
SIM3
SIM4
1
21
22
SIM5
SIM1
SIM2
SIM3
SIM4
1
21
22
SIM5
SIM1
SIM2
SIM3
SIM4
1
21
22
SIM5
SIM1
SIM2
SIM3
SIM4
1
21
22
SIM5
SIM1
SIM2
SIM3
SIM4
1
21
22
SIM5
SIM1
SIM2
SIM3
SIM4
1
21
22
SIM5
SIM1
SIM2
SIM3
SIM4
1
21
22
SIM5
SIM1
SIM2
SIM3
SIM4
1
21
22
SIM5
SIM1
SIM2
SIM3
SIM4
1
21
22
SIM5
SIM1
SIM2
SIM3
SIM4
1
21
22
SIM5
SIM1
SIM2
SIM3
SIM4
1
21
22
SIM5
SIM1
SIM2
SIM3
SIM4
1
21
22
SIM5
SIM1
SIM2
SIM3
SIM4
1
21
22
SIM5
SIM1
SIM2
SIM3
SIM4
1
21
22
SIM5
SIM1
SIM2
SIM3
SIM4
1
21
22
SIM5
SIM1
SIM2
SIM3
SIM4
1
21
22
SIM5
SIM1
SIM2
SIM3
SIM4
1
21
22
SIM5
SIM1
SIM2
SIM3
SIM4
1
21
22
SIM5
SIM1
SIM2
SIM3
SIM4
1
21
22
SIM5
SIM1
SIM2
SIM3
SIM4
1
21
22
SIM5
SIM1
SIM2
SIM3
SIM4
1
21
22
SIM5
SIM1
SIM2
SIM3
SIM4
1
21
22
SIM5
SIM1
SIM2
SIM3
SIM4
1
21
22
SIM5
SIM1
SIM2
SIM3
SIM4
1
21
22
SIM5
SIM1
SIM2
SIM3
SIM4
1
21
22
SIM5
SIM1
SIM2
SIM3
SIM4
1
21
22
SIM5
SIM1
SIM2
SIM3
SIM4
1
21
22
SIM5
SIM1
SIM2
SIM3
SIM4
1
21
22
SIM5
SIM1
SIM2
SIM3
SIM4
1
21
22
SIM5
SIM1
SIM2
SIM3
SIM4
1
21
22
SIM5
SIM1
SIM2
SIM3
SIM4
1
21
22
SIM5
SIM1
SIM2
SIM3
SIM4
1
21
22
SIM5
SIM1
SIM2
SIM3
SIM4
1
21
22
SIM5
SIM1
SIM2
SIM3
SIM4
1
21
22
SIM5
SIM1
SIM2
SIM3
SIM4
1
21
22
SIM5
SIM1
SIM2
SIM3
SIM4
1
21
22
SIM5
SIM1
SIM2
SIM3
SIM4
1
21
22
SIM5
SIM1
SIM2
SIM3
SIM4
1
21
22
SIM5
SIM1
SIM2
SIM3
SIM4
1
21
22
SIM5
SIM1
SIM2
SIM3
SIM4
1
21
22
SIM5
SIM1
SIM2
SIM3
SIM4
1
21
22
SIM5
SIM1
SIM2
SIM3
SIM4
1
21
22
SIM5
SIM1
SIM2
SIM3
SIM4
1
21
22
SIM5
SIM1
SIM2
SIM3
SIM4
1
21
22
SIM5
SIM1
SIM2
SIM3
SIM4
1
21
22
SIM5
SIM1
SIM2
SIM3
SIM4
1
21
22
SIM5
SIM1
SIM2
SIM3
SIM4
1
21
22
SIM5
SIM1
SIM2
SIM3
SIM4
1
21
22
SIM5
SIM1
SIM2
DEBUG 1 794
SIM1
SIM2
SIM3
SIM4
1
21
22
SIM5
SIM1
SIM2
SIM3
SIM4
1
21
22
SIM5
SIM1
SIM2
SIM3
SIM4
1
21
22
SIM5
SIM1
SIM2
SIM3
SIM4
1
21
22
SIM5
SIM1
SIM2
SIM3
SIM4
1
21
22
SIM5
SIM1
SIM2
SIM3
SIM4
1
21
22
SIM5
SIM1
SIM2
SIM3
SIM4
1
21
22
SIM5
SIM1
SIM2
SIM3
SIM4
1
21
22
SIM5
SIM1
SIM2
SIM3
SIM4
1
21
22
SIM5
SIM1
SIM2
SIM3
SIM4
1
21
22
SIM5
SIM1
SIM2
SIM3
SIM4
1
21
22
SIM5
SIM1
SIM2
SIM3
SIM4
1
21
22
SIM5
SIM1
SIM2
SIM3
SIM4
1
21
22
SIM5
SIM1
SIM2
SIM3
SIM4
1
21
22
SIM5
SIM1
SIM2
SIM3
SIM4
1
21
22
SIM5
SIM1
SIM2
SIM3
SIM4
1
21
22
SIM5
SIM1
SIM2
SIM3
SIM4
1
21
22
SIM5
SIM1
SIM2
SIM3
SIM4
1
21
22
SIM5
SIM1
SIM2
SIM3
SIM4
1
21
22
SIM5
SIM1
SIM2
SIM3
SIM4
1
21
22
SIM5
SIM1
SIM2
SIM3
SIM4
1
21
22
SIM5
SIM1
SIM2
SIM3
SIM4
1
21
22
SIM5
SIM1
SIM2
SIM3
SIM4
1
21
22
SIM5
SIM1
SIM2
SIM3
SIM4
1
21
22
SIM5
SIM1
SIM2
SIM3
SIM4
1
21
22
SIM5
SIM1
SIM2
SIM3
SIM4
1
21
22
SIM5
SIM1
SIM2
SIM3
SIM4
1
21
22
SIM5
SIM1
SIM2
SIM3
SIM4
1
21
22
SIM5
SIM1
SIM2
SIM3
SIM4
1
21
22
SIM5
SIM1
SIM2
SIM3
SIM4
1
21
22
SIM5
SIM1
SIM2
SIM3
SIM4
1
21
22
SIM5
SIM1
SIM2
SIM3
SIM4
1
21
22
SIM5
SIM1
SIM2
SIM3
SIM4
1
21
22
SIM5
SIM1
SIM2
SIM3
SIM4
1
21
22
SIM5
SIM1
SIM2
SIM3
SIM4
1
21
22
SIM5
SIM1
SIM2
SIM3
SIM4
1
21
22
SIM5
SIM1
SIM2
SIM3
SIM4
1
21
22
SIM5
SIM1
SIM2
SIM3
SIM4
1
21
22
SIM5
SIM1
SIM2
SIM3
SIM4
1
21
22
SIM5
SIM1
SIM2
SIM3
SIM4
1
21
22
SIM5
SIM1
SIM2
SIM3
SIM4
1
21
22
SIM5
SIM1
SIM2
SIM3
SIM4
1
21
22
SIM5
SIM1
SIM2
SIM3
SIM4
1
21
22
SIM5
SIM1
SIM2
SIM3
SIM4
1
21
22
SIM5
SIM1
SIM2
SIM3
SIM4
1
21
22
SIM5
SIM1
SIM2
SIM3
SIM4
1
21
22
SIM5
SIM1
SIM2
SIM3
SIM4
1
21
22
SIM5
SIM1
SIM2
SIM3
SIM4
1
21
22
SIM5
SIM1
SIM2
SIM3
SIM4
1
21
22
SIM5
SIM1
SIM2
SIM3
SIM4
1
21
22
SIM5
SIM1
SIM2
SIM3
SIM4
1
21
22
SIM5
SIM1
SIM2
SIM3
SIM4
1
21
22
SIM5
SIM1
SIM2
SIM3
SIM4
1
21
22
SIM5
SIM1
SIM2
SIM3
SIM4
1
21
22
SIM5
SIM1
SIM2
SIM3
SIM4
1
21
22
SIM5
SIM1
SIM2
SIM3
SIM4
1
21
22
SIM5
SIM1
SIM2
SIM3
SIM4
1
21
22
SIM5
SIM1
SIM2
SIM3
SIM4
1
21
22
SIM5
SIM1
SIM2
SIM3
SIM4
1
21
22
SIM5
SIM1
SIM2
SIM3
SIM4
1
21
22
SIM5
SIM1
SIM2
SIM3
SIM4
1
21
22
SIM5
SIM1
SIM2
SIM3
SIM4
1
21
22
SIM5
SIM1
SIM2
SIM3
SIM4
1
21
22
SIM5
SIM1
SIM2
SIM3
SIM4
1
21
22
SIM5
SIM1
SIM2
SIM3
SIM4
1
21
22
SIM5
SIM1
SIM2
SIM3
SIM4
1
21
22
SIM5
SIM1
SIM2
SIM3
SIM4
1
21
22
SIM5
SIM1
SIM2
SIM3
SIM4
1
21
22
SIM5
SIM1
SIM2
SIM3
SIM4
1
21
22
SIM5
SIM1
SIM2
SIM3
SIM4
1
21
22
SIM5
SIM1
SIM2
SIM3
SIM4
1
21
22
SIM5
SIM1
SIM2
SIM3
SIM4
1
21
22
SIM5
SIM1
SIM2
SIM3
SIM4
1
21
22
SIM5
SIM1
SIM2
SIM3
SIM4
1
21
22
SIM5
SIM1
SIM2
SIM3
SIM4
1
21
22
SIM5
SIM1
SIM2
SIM3
SIM4
1
21
22
SIM5
SIM1
SIM2
SIM3
SIM4
1
21
22
SIM5
SIM1
SIM2
SIM3
SIM4
1
21
22
SIM5
SIM1
SIM2
SIM3
SIM4
1
21
22
SIM5
SIM1
SIM2
SIM3
SIM4
1
21
22
SIM5
SIM1
SIM2
SIM3
SIM4
1
21
22
SIM5
SIM1
SIM2
SIM3
SIM4
1
21
22
SIM5
SIM1
SIM2
SIM3
SIM4
1
21
22
SIM5
SIM1
SIM2
SIM3
SIM4
1
21
22
SIM5
SIM1
SIM2
SIM3
SIM4
1
21
22
SIM5
SIM1
SIM2
SIM3
SIM4
1
21
22
SIM5
SIM1
SIM2
SIM3
SIM4
1
21
22
SIM5
SIM1
SIM2
SIM3
SIM4
1
21
22
SIM5
SIM1
SIM2
SIM3
SIM4
1
21
22
SIM5
SIM1
SIM2
SIM3
SIM4
1
21
22
SIM5
SIM1
SIM2
SIM3
SIM4
1
21
22
SIM5
SIM1
SIM2
SIM3
SIM4
1
21
22
SIM5
SIM1
SIM2
SIM3
SIM4
1
21
22
SIM5
SIM1
SIM2
SIM3
SIM4
1
21
22
SIM5
SIM1
SIM2
SIM3
SIM4
1
21
22
SIM5
SIM1
SIM2
SIM3
SIM4
1
21
22
SIM5
SIM1
SIM2
SIM3
SIM4
1
21
22
SIM5
SIM1
SIM2
SIM3
SIM4
1
21
22
SIM5
SIM1
SIM2
SIM3
SIM4
1
21
22
SIM5
SIM1
SIM2
SIM3
SIM4
1
21
22
SIM5
SIM1
SIM2
SIM3
SIM4
1
21
22
SIM5
SIM1
SIM2
SIM3
SIM4
1
21
22
SIM5
SIM1
SIM2
SIM3
SIM4
1
21
22
SIM5
SIM1
SIM2
SIM3
SIM4
1
21
22
SIM5
SIM1
SIM2
SIM3
SIM4
1
21
22
SIM5
SIM1
SIM2
SIM3
SIM4
1
21
22
SIM5
SIM1
SIM2
SIM3
SIM4
1
21
22
SIM5
SIM1
SIM2
SIM3
SIM4
1
21
22
SIM5
SIM1
SIM2
SIM3
SIM4
1
21
22
SIM5
SIM1
SIM2
SIM3
SIM4
1
21
22
SIM5
SIM1
SIM2
SIM3
SIM4
1
21
22
SIM5
SIM1
SIM2
SIM3
SIM4
1
21
22
SIM5
SIM1
SIM2
SIM3
SIM4
1
21
22
SIM5
SIM1
SIM2
SIM3
SIM4
1
21
22
SIM5
SIM1
SIM2
SIM3
SIM4
1
21
22
SIM5
SIM1
SIM2
SIM3
SIM4
1
21
22
SIM5
SIM1
SIM2
SIM3
SIM4
1
21
22
SIM5
SIM1
SIM2
SIM3
SIM4
1
21
22
SIM5
SIM1
SIM2
SIM3
SIM4
1
21
22
SIM5
SIM1
SIM2
SIM3
SIM4
1
21
22
SIM5
SIM1
SIM2
SIM3
SIM4
1
21
22
SIM5
SIM1
SIM2
SIM3
SIM4
1
21
22
SIM5
SIM1
SIM2
SIM3
SIM4
1
21
22
SIM5
SIM1
SIM2
SIM3
SIM4
1
21
22
SIM5
SIM1
SIM2
SIM3
SIM4
1
21
22
SIM5
SIM1
SIM2
SIM3
SIM4
1
21
22
SIM5
SIM1
SIM2
SIM3
SIM4
1
21
22
SIM5
SIM1
SIM2
SIM3
SIM4
1
21
22
SIM5
SIM1
SIM2
SIM3
SIM4
1
21
22
SIM5
SIM1
SIM2
SIM3
SIM4
1
21
22
SIM5
SIM1
SIM2
SIM3
SIM4
1
21
22
SIM5
SIM1
SIM2
SIM3
SIM4
1
21
22
SIM5
SIM1
SIM2
SIM3
SIM4
1
21
22
SIM5
SIM1
SIM2
SIM3
SIM4
1
21
22
SIM5
SIM1
SIM2
SIM3
SIM4
1
21
22
SIM5
SIM1
SIM2
SIM3
SIM4
1
21
22
SIM5
SIM1
SIM2
SIM3
SIM4
1
21
22
SIM5
SIM1
SIM2
SIM3
SIM4
1
21
22
SIM5
SIM1
SIM2
SIM3
SIM4
1
21
22
SIM5
SIM1
SIM2
SIM3
SIM4
1
21
22
SIM5
SIM1
SIM2
SIM3
SIM4
1
21
22
SIM5
SIM1
SIM2
SIM3
SIM4
1
21
22
SIM5
SIM1
SIM2
SIM3
SIM4
1
21
22
SIM5
SIM1
SIM2
SIM3
SIM4
1
21
22
SIM5
SIM1
SIM2
SIM3
SIM4
1
21
22
SIM5
SIM1
SIM2
SIM3
SIM4
1
21
22
SIM5
SIM1
SIM2
SIM3
SIM4
1
21
22
SIM5
SIM1
SIM2
SIM3
SIM4
1
21
22
SIM5
SIM1
SIM2
SIM3
SIM4
1
21
22
SIM5
SIM1
SIM2
SIM3
SIM4
1
21
22
SIM5
SIM1
SIM2
SIM3
SIM4
1
21
22
SIM5
SIM1
SIM2
SIM3
SIM4
1
21
22
SIM5
SIM1
SIM2
SIM3
SIM4
1
21
22
SIM5
SIM1
SIM2
SIM3
SIM4
1
21
22
SIM5
SIM1
SIM2
SIM3
SIM4
1
21
22
SIM5
SIM1
SIM2
SIM3
SIM4
1
21
22
SIM5
SIM1
SIM2
SIM3
SIM4
1
21
22
SIM5
SIM1
SIM2
SIM3
SIM4
1
21
22
SIM5
SIM1
SIM2
SIM3
SIM4
1
21
22
SIM5
SIM1
SIM2
SIM3
SIM4
1
21
22
SIM5
SIM1
SIM2
SIM3
SIM4
1
21
22
SIM5
SIM1
SIM2
SIM3
SIM4
1
21
22
SIM5
SIM1
SIM2
SIM3
SIM4
1
21
22
SIM5
SIM1
SIM2
SIM3
SIM4
1
21
22
SIM5
SIM1
SIM2
SIM3
SIM4
1
21
22
SIM5
SIM1
SIM2
SIM3
SIM4
1
21
22
SIM5
SIM1
SIM2
SIM3
SIM4
1
21
22
SIM5
SIM1
SIM2
SIM3
SIM4
1
21
22
SIM5
SIM1
SIM2
SIM3
SIM4
1
21
22
SIM5
SIM1
SIM2
SIM3
SIM4
1
21
22
SIM5
SIM1
SIM2
SIM3
SIM4
1
21
22
SIM5
SIM1
SIM2
SIM3
SIM4
1
21
22
SIM5
SIM1
SIM2
SIM3
SIM4
1
21
22
SIM5
SIM1
SIM2
SIM3
SIM4
1
21
22
SIM5
SIM1
SIM2
SIM3
SIM4
1
21
22
SIM5
SIM1
SIM2
SIM3
SIM4
1
21
22
SIM5
SIM1
SIM2
SIM3
SIM4
1
21
22
SIM5
SIM1
SIM2
SIM3
SIM4
1
21
22
SIM5
SIM1
SIM2
SIM3
SIM4
1
21
22
SIM5
SIM1
SIM2
SIM3
SIM4
1
21
22
SIM5
SIM1
SIM2
SIM3
SIM4
1
21
22
SIM5
SIM1
SIM2
SIM3
SIM4
1
21
22
SIM5
SIM1
SIM2
SIM3
SIM4
1
21
22
SIM5
SIM1
SIM2
SIM3
SIM4
1
21
22
SIM5
SIM1
SIM2
SIM3
SIM4
1
21
22
SIM5
SIM1
SIM2
SIM3
SIM4
1
21
22
SIM5
SIM1
SIM2
SIM3
SIM4
1
21
22
SIM5
SIM1
SIM2
SIM3
SIM4
1
21
22
SIM5
SIM1
SIM2
SIM3
SIM4
1
21
22
SIM5
SIM1
SIM2
SIM3
SIM4
1
21
22
SIM5
SIM1
SIM2
SIM3
SIM4
1
21
22
SIM5
SIM1
SIM2
SIM3
SIM4
1
21
22
SIM5
SIM1
SIM2
SIM3
SIM4
1
21
22
SIM5
SIM1
SIM2
SIM3
SIM4
1
21
22
SIM5
SIM1
SIM2
SIM3
SIM4
1
21
22
SIM5
SIM1
SIM2
SIM3
SIM4
1
21
22
SIM5
SIM1
SIM2
SIM3
SIM4
1
21
22
SIM5
SIM1
SIM2
SIM3
SIM4
1
21
22
SIM5
SIM1
SIM2
SIM3
SIM4
1
21
22
SIM5
SIM1
SIM2
SIM3
SIM4
1
21
22
SIM5
SIM1
SIM2
SIM3
SIM4
1
21
22
SIM5
SIM1
SIM2
SIM3
SIM4
1
21
22
SIM5
SIM1
SIM2
SIM3
SIM4
1
21
22
SIM5
SIM1
SIM2
SIM3
SIM4
1
21
22
SIM5
SIM1
SIM2
SIM3
SIM4
1
21
22
SIM5
SIM1
SIM2
DEBUG 1 795
SIM1
SIM2
SIM3
SIM4
1
21
22
SIM5
SIM1
SIM2
SIM3
SIM4
1
21
22
SIM5
SIM1
SIM2
SIM3
SIM4
1
21
22
SIM5
SIM1
SIM2
SIM3
SIM4
1
21
22
SIM5
SIM1
SIM2
SIM3
SIM4
1
21
22
SIM5
SIM1
SIM2
SIM3
SIM4
1
21
22
SIM5
SIM1
SIM2
SIM3
SIM4
1
21
22
SIM5
SIM1
SIM2
SIM3
SIM4
1
21
22
SIM5
SIM1
SIM2
SIM3
SIM4
1
21
22
SIM5
SIM1
SIM2
SIM3
SIM4
1
21
22
SIM5
SIM1
SIM2
SIM3
SIM4
1
21
22
SIM5
SIM1
SIM2
SIM3
SIM4
1
21
22
SIM5
SIM1
SIM2
SIM3
SIM4
1
21
22
SIM5
SIM1
SIM2
SIM3
SIM4
1
21
22
SIM5
SIM1
SIM2
SIM3
SIM4
1
21
22
SIM5
SIM1
SIM2
SIM3
SIM4
1
21
22
SIM5
SIM1
SIM2
SIM3
SIM4
1
21
22
SIM5
SIM1
SIM2
SIM3
SIM4
1
21
22
SIM5
SIM1
SIM2
SIM3
SIM4
1
21
22
SIM5
SIM1
SIM2
SIM3
SIM4
1
21
22
SIM5
SIM1
SIM2
SIM3
SIM4
1
21
22
SIM5
SIM1
SIM2
SIM3
SIM4
1
21
22
SIM5
SIM1
SIM2
SIM3
SIM4
1
21
22
SIM5
SIM1
SIM2
SIM3
SIM4
1
21
22
SIM5
SIM1
SIM2
SIM3
SIM4
1
21
22
SIM5
SIM1
SIM2
SIM3
SIM4
1
21
22
SIM5
SIM1
SIM2
SIM3
SIM4
1
21
22
SIM5
SIM1
SIM2
SIM3
SIM4
1
21
22
SIM5
SIM1
SIM2
SIM3
SIM4
1
21
22
SIM5
SIM1
SIM2
SIM3
SIM4
1
21
22
SIM5
SIM1
SIM2
SIM3
SIM4
1
21
22
SIM5
SIM1
SIM2
SIM3
SIM4
1
21
22
SIM5
SIM1
SIM2
SIM3
SIM4
1
21
22
SIM5
SIM1
SIM2
SIM3
SIM4
1
21
22
SIM5
SIM1
SIM2
SIM3
SIM4
1
21
22
SIM5
SIM1
SIM2
SIM3
SIM4
1
21
22
SIM5
SIM1
SIM2
SIM3
SIM4
1
21
22
SIM5
SIM1
SIM2
SIM3
SIM4
1
21
22
SIM5
SIM1
SIM2
SIM3
SIM4
1
21
22
SIM5
SIM1
SIM2
SIM3
SIM4
1
21
22
SIM5
SIM1
SIM2
SIM3
SIM4
1
21
22
SIM5
SIM1
SIM2
SIM3
SIM4
1
21
22
SIM5
SIM1
SIM2
SIM3
SIM4
1
21
22
SIM5
SIM1
SIM2
SIM3
SIM4
1
21
22
SIM5
SIM1
SIM2
SIM3
SIM4
1
21
22
SIM5
SIM1
SIM2
SIM3
SIM4
1
21
22
SIM5
SIM1
SIM2
SIM3
SIM4
1
21
22
SIM5
SIM1
SIM2
SIM3
SIM4
1
21
22
SIM5
SIM1
SIM2
SIM3
SIM4
1
21
22
SIM5
SIM1
SIM2
SIM3
SIM4
1
21
22
SIM5
SIM1
SIM2
SIM3
SIM4
1
21
22
SIM5
SIM1
SIM2
SIM3
SIM4
1
21
22
SIM5
SIM1
SIM2
SIM3
SIM4
1
21
22
SIM5
SIM1
SIM2
SIM3
SIM4
1
21
22
SIM5
SIM1
SIM2
SIM3
SIM4
1
21
22
SIM5
SIM1
SIM2
SIM3
SIM4
1
21
22
SIM5
SIM1
SIM2
SIM3
SIM4
1
21
22
SIM5
SIM1
SIM2
SIM3
SIM4
1
21
22
SIM5
SIM1
SIM2
SIM3
SIM4
1
21
22
SIM5
SIM1
SIM2
SIM3
SIM4
1
21
22
SIM5
SIM1
SIM2
SIM3
SIM4
1
21
22
SIM5
SIM1
SIM2
SIM3
SIM4
1
21
22
SIM5
SIM1
SIM2
SIM3
SIM4
1
21
22
SIM5
SIM1
SIM2
SIM3
SIM4
1
21
22
SIM5
SIM1
SIM2
SIM3
SIM4
1
21
22
SIM5
SIM1
SIM2
SIM3
SIM4
1
21
22
SIM5
SIM1
SIM2
SIM3
SIM4
1
21
22
SIM5
SIM1
SIM2
SIM3
SIM4
1
21
22
SIM5
SIM1
SIM2
SIM3
SIM4
1
21
22
SIM5
SIM1
SIM2
SIM3
SIM4
1
21
22
SIM5
SIM1
SIM2
SIM3
SIM4
1
21
22
SIM5
SIM1
SIM2
SIM3
SIM4
1
21
22
SIM5
SIM1
SIM2
SIM3
SIM4
1
21
22
SIM5
SIM1
SIM2
SIM3
SIM4
1
21
22
SIM5
SIM1
SIM2
SIM3
SIM4
1
21
22
SIM5
SIM1
SIM2
SIM3
SIM4
1
21
22
SIM5
SIM1
SIM2
SIM3
SIM4
1
21
22
SIM5
SIM1
SIM2
SIM3
SIM4
1
21
22
SIM5
SIM1
SIM2
SIM3
SIM4
1
21
22
SIM5
SIM1
SIM2
SIM3
SIM4
1
21
22
SIM5
SIM1
SIM2
SIM3
SIM4
1
21
22
SIM5
SIM1
SIM2
SIM3
SIM4
1
21
22
SIM5
SIM1
SIM2
SIM3
SIM4
1
21
22
SIM5
SIM1
SIM2
SIM3
SIM4
1
21
22
SIM5
SIM1
SIM2
SIM3
SIM4
1
21
22
SIM5
SIM1
SIM2
SIM3
SIM4
1
21
22
SIM5
SIM1
SIM2
SIM3
SIM4
1
21
22
SIM5
SIM1
SIM2
SIM3
SIM4
1
21
22
SIM5
SIM1
SIM2
SIM3
SIM4
1
21
22
SIM5
SIM1
SIM2
SIM3
SIM4
1
21
22
SIM5
SIM1
SIM2
SIM3
SIM4
1
21
22
SIM5
SIM1
SIM2
SIM3
SIM4
1
21
22
SIM5
SIM1
SIM2
SIM3
SIM4
1
21
22
SIM5
SIM1
SIM2
SIM3
SIM4
1
21
22
SIM5
SIM1
SIM2
SIM3
SIM4
1
21
22
SIM5
SIM1
SIM2
SIM3
SIM4
1
21
22
SIM5
SIM1
SIM2
SIM3
SIM4
1
21
22
SIM5
SIM1
SIM2
SIM3
SIM4
1
21
22
SIM5
SIM1
SIM2
SIM3
SIM4
1
21
22
SIM5
SIM1
SIM2
SIM3
SIM4
1
21
22
SIM5
SIM1
SIM2
SIM3
SIM4
1
21
22
SIM5
SIM1
SIM2
SIM3
SIM4
1
21
22
SIM5
SIM1
SIM2
SIM3
SIM4
1
21
22
SIM5
SIM1
SIM2
SIM3
SIM4
1
21
22
SIM5
SIM1
SIM2
SIM3
SIM4
1
21
22
SIM5
SIM1
SIM2
SIM3
SIM4
1
21
22
SIM5
SIM1
SIM2
SIM3
SIM4
1
21
22
SIM5
SIM1
SIM2
SIM3
SIM4
1
21
22
SIM5
SIM1
SIM2
SIM3
SIM4
1
21
22
SIM5
SIM1
SIM2
SIM3
SIM4
1
21
22
SIM5
SIM1
SIM2
SIM3
SIM4
1
21
22
SIM5
SIM1
SIM2
SIM3
SIM4
1
21
22
SIM5
SIM1
SIM2
SIM3
SIM4
1
21
22
SIM5
SIM1
SIM2
SIM3
SIM4
1
21
22
SIM5
SIM1
SIM2
SIM3
SIM4
1
21
22
SIM5
SIM1
SIM2
SIM3
SIM4
1
21
22
SIM5
SIM1
SIM2
SIM3
SIM4
1
21
22
SIM5
SIM1
SIM2
SIM3
SIM4
1
21
22
SIM5
SIM1
SIM2
SIM3
SIM4
1
21
22
SIM5
SIM1
SIM2
SIM3
SIM4
1
21
22
SIM5
SIM1
SIM2
SIM3
SIM4
1
21
22
SIM5
SIM1
SIM2
SIM3
SIM4
1
21
22
SIM5
SIM1
SIM2
SIM3
SIM4
1
21
22
SIM5
SIM1
SIM2
SIM3
SIM4
1
21
22
SIM5
SIM1
SIM2
SIM3
SIM4
1
21
22
SIM5
SIM1
SIM2
SIM3
SIM4
1
21
22
SIM5
SIM1
SIM2
SIM3
SIM4
1
21
22
SIM5
SIM1
SIM2
SIM3
SIM4
1
21
22
SIM5
SIM1
SIM2
SIM3
SIM4
1
21
22
SIM5
SIM1
SIM2
SIM3
SIM4
1
21
22
SIM5
SIM1
SIM2
SIM3
SIM4
1
21
22
SIM5
SIM1
SIM2
SIM3
SIM4
1
21
22
SIM5
SIM1
SIM2
SIM3
SIM4
1
21
22
SIM5
SIM1
SIM2
SIM3
SIM4
1
21
22
SIM5
SIM1
SIM2
SIM3
SIM4
1
21
22
SIM5
SIM1
SIM2
SIM3
SIM4
1
21
22
SIM5
SIM1
SIM2
SIM3
SIM4
1
21
22
SIM5
SIM1
SIM2
SIM3
SIM4
1
21
22
SIM5
SIM1
SIM2
SIM3
SIM4
1
21
22
SIM5
SIM1
SIM2
SIM3
SIM4
1
21
22
SIM5
SIM1
SIM2
SIM3
SIM4
1
21
22
SIM5
SIM1
SIM2
SIM3
SIM4
1
21
22
SIM5
SIM1
SIM2
SIM3
SIM4
1
21
22
SIM5
SIM1
SIM2
SIM3
SIM4
1
21
22
SIM5
SIM1
SIM2
SIM3
SIM4
1
21
22
SIM5
SIM1
SIM2
SIM3
SIM4
1
21
22
SIM5
SIM1
SIM2
SIM3
SIM4
1
21
22
SIM5
SIM1
SIM2
SIM3
SIM4
1
21
22
SIM5
SIM1
SIM2
SIM3
SIM4
1
21
22
SIM5
SIM1
SIM2
SIM3
SIM4
1
21
22
SIM5
SIM1
SIM2
SIM3
SIM4
1
21
22
SIM5
SIM1
SIM2
SIM3
SIM4
1
21
22
SIM5
SIM1
SIM2
SIM3
SIM4
1
21
22
SIM5
SIM1
SIM2
SIM3
SIM4
1
21
22
SIM5
SIM1
SIM2
SIM3
SIM4
1
21
22
SIM5
SIM1
SIM2
SIM3
SIM4
1
21
22
SIM5
SIM1
SIM2
SIM3
SIM4
1
21
22
SIM5
SIM1
SIM2
SIM3
SIM4
1
21
22
SIM5
SIM1
SIM2
SIM3
SIM4
1
21
22
SIM5
SIM1
SIM2
SIM3
SIM4
1
21
22
SIM5
SIM1
SIM2
SIM3
SIM4
1
21
22
SIM5
SIM1
SIM2
SIM3
SIM4
1
21
22
SIM5
SIM1
SIM2
SIM3
SIM4
1
21
22
SIM5
SIM1
SIM2
SIM3
SIM4
1
21
22
SIM5
SIM1
SIM2
SIM3
SIM4
1
21
22
SIM5
SIM1
SIM2
SIM3
SIM4
1
21
22
SIM5
SIM1
SIM2
SIM3
SIM4
1
21
22
SIM5
SIM1
SIM2
SIM3
SIM4
1
21
22
SIM5
SIM1
SIM2
SIM3
SIM4
1
21
22
SIM5
SIM1
SIM2
SIM3
SIM4
1
21
22
SIM5
SIM1
SIM2
SIM3
SIM4
1
21
22
SIM5
SIM1
SIM2
SIM3
SIM4
1
21
22
SIM5
SIM1
SIM2
SIM3
SIM4
1
21
22
SIM5
SIM1
SIM2
SIM3
SIM4
1
21
22
SIM5
SIM1
SIM2
SIM3
SIM4
1
21
22
SIM5
SIM1
SIM2
SIM3
SIM4
1
21
22
SIM5
SIM1
SIM2
SIM3
SIM4
1
21
22
SIM5
SIM1
SIM2
SIM3
SIM4
1
21
22
SIM5
SIM1
SIM2
SIM3
SIM4
1
21
22
SIM5
SIM1
SIM2
SIM3
SIM4
1
21
22
SIM5
SIM1
SIM2
SIM3
SIM4
1
21
22
SIM5
SIM1
SIM2
SIM3
SIM4
1
21
22
SIM5
SIM1
SIM2
SIM3
SIM4
1
21
22
SIM5
SIM1
SIM2
SIM3
SIM4
1
21
22
SIM5
SIM1
SIM2
SIM3
SIM4
1
21
22
SIM5
SIM1
SIM2
SIM3
SIM4
1
21
22
SIM5
SIM1
SIM2
SIM3
SIM4
1
21
22
SIM5
SIM1
SIM2
SIM3
SIM4
1
21
22
SIM5
SIM1
SIM2
SIM3
SIM4
1
21
22
SIM5
SIM1
SIM2
SIM3
SIM4
1
21
22
SIM5
SIM1
SIM2
SIM3
SIM4
1
21
22
SIM5
SIM1
SIM2
SIM3
SIM4
1
21
22
SIM5
SIM1
SIM2
SIM3
SIM4
1
21
22
SIM5
SIM1
SIM2
SIM3
SIM4
1
21
22
SIM5
SIM1
SIM2
SIM3
SIM4
1
21
22
SIM5
SIM1
SIM2
SIM3
SIM4
1
21
22
SIM5
SIM1
SIM2
SIM3
SIM4
1
21
22
SIM5
SIM1
SIM2
SIM3
SIM4
1
21
22
SIM5
SIM1
SIM2
SIM3
SIM4
1
21
22
SIM5
SIM1
SIM2
SIM3
SIM4
1
21
22
SIM5
SIM1
SIM2
SIM3
SIM4
1
21
22
SIM5
SIM1
SIM2
DEBUG 1 796
SIM1
SIM2
SIM3
SIM4
1
21
22
SIM5
SIM1
SIM2
SIM3
SIM4
1
21
22
SIM5
SIM1
SIM2
SIM3
SIM4
1
21
22
SIM5
SIM1
SIM2
SIM3
SIM4
1
21
22
SIM5
SIM1
SIM2
SIM3
SIM4
1
21
22
SIM5
SIM1
SIM2
SIM3
SIM4
1
21
22
SIM5
SIM1
SIM2
SIM3
SIM4
1
21
22
SIM5
SIM1
SIM2
SIM3
SIM4
1
21
22
SIM5
SIM1
SIM2
SIM3
SIM4
1
21
22
SIM5
SIM1
SIM2
SIM3
SIM4
1
21
22
SIM5
SIM1
SIM2
SIM3
SIM4
1
21
22
SIM5
SIM1
SIM2
SIM3
SIM4
1
21
22
SIM5
SIM1
SIM2
SIM3
SIM4
1
21
22
SIM5
SIM1
SIM2
SIM3
SIM4
1
21
22
SIM5
SIM1
SIM2
SIM3
SIM4
1
21
22
SIM5
SIM1
SIM2
SIM3
SIM4
1
21
22
SIM5
SIM1
SIM2
SIM3
SIM4
1
21
22
SIM5
SIM1
SIM2
SIM3
SIM4
1
21
22
SIM5
SIM1
SIM2
SIM3
SIM4
1
21
22
SIM5
SIM1
SIM2
SIM3
SIM4
1
21
22
SIM5
SIM1
SIM2
SIM3
SIM4
1
21
22
SIM5
SIM1
SIM2
SIM3
SIM4
1
21
22
SIM5
SIM1
SIM2
SIM3
SIM4
1
21
22
SIM5
SIM1
SIM2
SIM3
SIM4
1
21
22
SIM5
SIM1
SIM2
SIM3
SIM4
1
21
22
SIM5
SIM1
SIM2
SIM3
SIM4
1
21
22
SIM5
SIM1
SIM2
SIM3
SIM4
1
21
22
SIM5
SIM1
SIM2
SIM3
SIM4
1
21
22
SIM5
SIM1
SIM2
SIM3
SIM4
1
21
22
SIM5
SIM1
SIM2
SIM3
SIM4
1
21
22
SIM5
SIM1
SIM2
SIM3
SIM4
1
21
22
SIM5
SIM1
SIM2
SIM3
SIM4
1
21
22
SIM5
SIM1
SIM2
SIM3
SIM4
1
21
22
SIM5
SIM1
SIM2
SIM3
SIM4
1
21
22
SIM5
SIM1
SIM2
SIM3
SIM4
1
21
22
SIM5
SIM1
SIM2
SIM3
SIM4
1
21
22
SIM5
SIM1
SIM2
SIM3
SIM4
1
21
22
SIM5
SIM1
SIM2
SIM3
SIM4
1
21
22
SIM5
SIM1
SIM2
SIM3
SIM4
1
21
22
SIM5
SIM1
SIM2
SIM3
SIM4
1
21
22
SIM5
SIM1
SIM2
SIM3
SIM4
1
21
22
SIM5
SIM1
SIM2
SIM3
SIM4
1
21
22
SIM5
SIM1
SIM2
SIM3
SIM4
1
21
22
SIM5
SIM1
SIM2
SIM3
SIM4
1
21
22
SIM5
SIM1
SIM2
SIM3
SIM4
1
21
22
SIM5
SIM1
SIM2
SIM3
SIM4
1
21
22
SIM5
SIM1
SIM2
SIM3
SIM4
1
21
22
SIM5
SIM1
SIM2
SIM3
SIM4
1
21
22
SIM5
SIM1
SIM2
SIM3
SIM4
1
21
22
SIM5
SIM1
SIM2
SIM3
SIM4
1
21
22
SIM5
SIM1
SIM2
SIM3
SIM4
1
21
22
SIM5
SIM1
SIM2
SIM3
SIM4
1
21
22
SIM5
SIM1
SIM2
SIM3
SIM4
1
21
22
SIM5
SIM1
SIM2
SIM3
SIM4
1
21
22
SIM5
SIM1
SIM2
SIM3
SIM4
1
21
22
SIM5
SIM1
SIM2
SIM3
SIM4
1
21
22
SIM5
SIM1
SIM2
SIM3
SIM4
1
21
22
SIM5
SIM1
SIM2
SIM3
SIM4
1
21
22
SIM5
SIM1
SIM2
SIM3
SIM4
1
21
22
SIM5
SIM1
SIM2
SIM3
SIM4
1
21
22
SIM5
SIM1
SIM2
SIM3
SIM4
1
21
22
SIM5
SIM1
SIM2
SIM3
SIM4
1
21
22
SIM5
SIM1
SIM2
SIM3
SIM4
1
21
22
SIM5
SIM1
SIM2
SIM3
SIM4
1
21
22
SIM5
SIM1
SIM2
SIM3
SIM4
1
21
22
SIM5
SIM1
SIM2
SIM3
SIM4
1
21
22
SIM5
SIM1
SIM2
SIM3
SIM4
1
21
22
SIM5
SIM1
SIM2
SIM3
SIM4
1
21
22
SIM5
SIM1
SIM2
SIM3
SIM4
1
21
22
SIM5
SIM1
SIM2
SIM3
SIM4
1
21
22
SIM5
SIM1
SIM2
SIM3
SIM4
1
21
22
SIM5
SIM1
SIM2
SIM3
SIM4
1
21
22
SIM5
SIM1
SIM2
SIM3
SIM4
1
21
22
SIM5
SIM1
SIM2
SIM3
SIM4
1
21
22
SIM5
SIM1
SIM2
SIM3
SIM4
1
21
22
SIM5
SIM1
SIM2
SIM3
SIM4
1
21
22
SIM5
SIM1
SIM2
SIM3
SIM4
1
21
22
SIM5
SIM1
SIM2
SIM3
SIM4
1
21
22
SIM5
SIM1
SIM2
SIM3
SIM4
1
21
22
SIM5
SIM1
SIM2
SIM3
SIM4
1
21
22
SIM5
SIM1
SIM2
SIM3
SIM4
1
21
22
SIM5
SIM1
SIM2
SIM3
SIM4
1
21
22
SIM5
SIM1
SIM2
SIM3
SIM4
1
21
22
SIM5
SIM1
SIM2
SIM3
SIM4
1
21
22
SIM5
SIM1
SIM2
SIM3
SIM4
1
21
22
SIM5
SIM1
SIM2
SIM3
SIM4
1
21
22
SIM5
SIM1
SIM2
SIM3
SIM4
1
21
22
SIM5
SIM1
SIM2
SIM3
SIM4
1
21
22
SIM5
SIM1
SIM2
SIM3
SIM4
1
21
22
SIM5
SIM1
SIM2
SIM3
SIM4
1
21
22
SIM5
SIM1
SIM2
SIM3
SIM4
1
21
22
SIM5
SIM1
SIM2
SIM3
SIM4
1
21
22
SIM5
SIM1
SIM2
SIM3
SIM4
1
21
22
SIM5
SIM1
SIM2
SIM3
SIM4
1
21
22
SIM5
SIM1
SIM2
SIM3
SIM4
1
21
22
SIM5
SIM1
SIM2
SIM3
SIM4
1
21
22
SIM5
SIM1
SIM2
SIM3
SIM4
1
21
22
SIM5
SIM1
SIM2
SIM3
SIM4
1
21
22
SIM5
SIM1
SIM2
SIM3
SIM4
1
21
22
SIM5
SIM1
SIM2
SIM3
SIM4
1
21
22
SIM5
SIM1
SIM2
SIM3
SIM4
1
21
22
SIM5
SIM1
SIM2
SIM3
SIM4
1
21
22
SIM5
SIM1
SIM2
SIM3
SIM4
1
21
22
SIM5
SIM1
SIM2
SIM3
SIM4
1
21
22
SIM5
SIM1
SIM2
SIM3
SIM4
1
21
22
SIM5
SIM1
SIM2
SIM3
SIM4
1
21
22
SIM5
SIM1
SIM2
SIM3
SIM4
1
21
22
SIM5
SIM1
SIM2
SIM3
SIM4
1
21
22
SIM5
SIM1
SIM2
SIM3
SIM4
1
21
22
SIM5
SIM1
SIM2
SIM3
SIM4
1
21
22
SIM5
SIM1
SIM2
SIM3
SIM4
1
21
22
SIM5
SIM1
SIM2
SIM3
SIM4
1
21
22
SIM5
SIM1
SIM2
SIM3
SIM4
1
21
22
SIM5
SIM1
SIM2
SIM3
SIM4
1
21
22
SIM5
SIM1
SIM2
SIM3
SIM4
1
21
22
SIM5
SIM1
SIM2
SIM3
SIM4
1
21
22
SIM5
SIM1
SIM2
SIM3
SIM4
1
21
22
SIM5
SIM1
SIM2
SIM3
SIM4
1
21
22
SIM5
SIM1
SIM2
SIM3
SIM4
1
21
22
SIM5
SIM1
SIM2
SIM3
SIM4
1
21
22
SIM5
SIM1
SIM2
SIM3
SIM4
1
21
22
SIM5
SIM1
SIM2
SIM3
SIM4
1
21
22
SIM5
SIM1
SIM2
SIM3
SIM4
1
21
22
SIM5
SIM1
SIM2
SIM3
SIM4
1
21
22
SIM5
SIM1
SIM2
SIM3
SIM4
1
21
22
SIM5
SIM1
SIM2
SIM3
SIM4
1
21
22
SIM5
SIM1
SIM2
SIM3
SIM4
1
21
22
SIM5
SIM1
SIM2
SIM3
SIM4
1
21
22
SIM5
SIM1
SIM2
SIM3
SIM4
1
21
22
SIM5
SIM1
SIM2
SIM3
SIM4
1
21
22
SIM5
SIM1
SIM2
SIM3
SIM4
1
21
22
SIM5
SIM1
SIM2
SIM3
SIM4
1
21
22
SIM5
SIM1
SIM2
SIM3
SIM4
1
21
22
SIM5
SIM1
SIM2
SIM3
SIM4
1
21
22
SIM5
SIM1
SIM2
SIM3
SIM4
1
21
22
SIM5
SIM1
SIM2
SIM3
SIM4
1
21
22
SIM5
SIM1
SIM2
SIM3
SIM4
1
21
22
SIM5
SIM1
SIM2
SIM3
SIM4
1
21
22
SIM5
SIM1
SIM2
SIM3
SIM4
1
21
22
SIM5
SIM1
SIM2
SIM3
SIM4
1
21
22
SIM5
SIM1
SIM2
SIM3
SIM4
1
21
22
SIM5
SIM1
SIM2
SIM3
SIM4
1
21
22
SIM5
SIM1
SIM2
SIM3
SIM4
1
21
22
SIM5
SIM1
SIM2
SIM3
SIM4
1
21
22
SIM5
SIM1
SIM2
SIM3
SIM4
1
21
22
SIM5
SIM1
SIM2
SIM3
SIM4
1
21
22
SIM5
SIM1
SIM2
SIM3
SIM4
1
21
22
SIM5
SIM1
SIM2
SIM3
SIM4
1
21
22
SIM5
SIM1
SIM2
SIM3
SIM4
1
21
22
SIM5
SIM1
SIM2
DEBUG 1 797
SIM1
SIM2
SIM3
SIM4
1
21
22
SIM5
SIM1
SIM2
SIM3
SIM4
1
21
22
SIM5
SIM1
SIM2
SIM3
SIM4
1
21
22
SIM5
SIM1
SIM2
SIM3
SIM4
1
21
22
SIM5
SIM1
SIM2
SIM3
SIM4
1
21
22
SIM5
SIM1
SIM2
SIM3
SIM4
1
21
22
SIM5
SIM1
SIM2
SIM3
SIM4
1
21
22
SIM5
SIM1
SIM2
SIM3
SIM4
1
21
22
SIM5
SIM1
SIM2
SIM3
SIM4
1
21
22
SIM5
SIM1
SIM2
SIM3
SIM4
1
21
22
SIM5
SIM1
SIM2
SIM3
SIM4
1
21
22
SIM5
SIM1
SIM2
SIM3
SIM4
1
21
22
SIM5
SIM1
SIM2
SIM3
SIM4
1
21
22
SIM5
SIM1
SIM2
SIM3
SIM4
1
21
22
SIM5
SIM1
SIM2
SIM3
SIM4
1
21
22
SIM5
SIM1
SIM2
SIM3
SIM4
1
21
22
SIM5
SIM1
SIM2
SIM3
SIM4
1
21
22
SIM5
SIM1
SIM2
SIM3
SIM4
1
21
22
SIM5
SIM1
SIM2
SIM3
SIM4
1
21
22
SIM5
SIM1
SIM2
SIM3
SIM4
1
21
22
SIM5
SIM1
SIM2
SIM3
SIM4
1
21
22
SIM5
SIM1
SIM2
SIM3
SIM4
1
21
22
SIM5
SIM1
SIM2
SIM3
SIM4
1
21
22
SIM5
SIM1
SIM2
SIM3
SIM4
1
21
22
SIM5
SIM1
SIM2
SIM3
SIM4
1
21
22
SIM5
SIM1
SIM2
SIM3
SIM4
1
21
22
SIM5
SIM1
SIM2
SIM3
SIM4
1
21
22
SIM5
SIM1
SIM2
SIM3
SIM4
1
21
22
SIM5
SIM1
SIM2
SIM3
SIM4
1
21
22
SIM5
SIM1
SIM2
SIM3
SIM4
1
21
22
SIM5
SIM1
SIM2
SIM3
SIM4
1
21
22
SIM5
SIM1
SIM2
SIM3
SIM4
1
21
22
SIM5
SIM1
SIM2
SIM3
SIM4
1
21
22
SIM5
SIM1
SIM2
SIM3
SIM4
1
21
22
SIM5
SIM1
SIM2
SIM3
SIM4
1
21
22
SIM5
SIM1
SIM2
SIM3
SIM4
1
21
22
SIM5
SIM1
SIM2
SIM3
SIM4
1
21
22
SIM5
SIM1
SIM2
SIM3
SIM4
1
21
22
SIM5
SIM1
SIM2
SIM3
SIM4
1
21
22
SIM5
SIM1
SIM2
SIM3
SIM4
1
21
22
SIM5
SIM1
SIM2
SIM3
SIM4
1
21
22
SIM5
SIM1
SIM2
SIM3
SIM4
1
21
22
SIM5
SIM1
SIM2
SIM3
SIM4
1
21
22
SIM5
SIM1
SIM2
SIM3
SIM4
1
21
22
SIM5
SIM1
SIM2
SIM3
SIM4
1
21
22
SIM5
SIM1
SIM2
SIM3
SIM4
1
21
22
SIM5
SIM1
SIM2
SIM3
SIM4
1
21
22
SIM5
SIM1
SIM2
SIM3
SIM4
1
21
22
SIM5
SIM1
SIM2
SIM3
SIM4
1
21
22
SIM5
SIM1
SIM2
SIM3
SIM4
1
21
22
SIM5
SIM1
SIM2
SIM3
SIM4
1
21
22
SIM5
SIM1
SIM2
SIM3
SIM4
1
21
22
SIM5
SIM1
SIM2
SIM3
SIM4
1
21
22
SIM5
SIM1
SIM2
SIM3
SIM4
1
21
22
SIM5
SIM1
SIM2
SIM3
SIM4
1
21
22
SIM5
SIM1
SIM2
SIM3
SIM4
1
21
22
SIM5
SIM1
SIM2
SIM3
SIM4
1
21
22
SIM5
SIM1
SIM2
SIM3
SIM4
1
21
22
SIM5
SIM1
SIM2
SIM3
SIM4
1
21
22
SIM5
SIM1
SIM2
SIM3
SIM4
1
21
22
SIM5
SIM1
SIM2
SIM3
SIM4
1
21
22
SIM5
SIM1
SIM2
SIM3
SIM4
1
21
22
SIM5
SIM1
SIM2
SIM3
SIM4
1
21
22
SIM5
SIM1
SIM2
SIM3
SIM4
1
21
22
SIM5
SIM1
SIM2
SIM3
SIM4
1
21
22
SIM5
SIM1
SIM2
SIM3
SIM4
1
21
22
SIM5
SIM1
SIM2
SIM3
SIM4
1
21
22
SIM5
SIM1
SIM2
SIM3
SIM4
1
21
22
SIM5
SIM1
SIM2
SIM3
SIM4
1
21
22
SIM5
SIM1
SIM2
SIM3
SIM4
1
21
22
SIM5
SIM1
SIM2
SIM3
SIM4
1
21
22
SIM5
SIM1
SIM2
SIM3
SIM4
1
21
22
SIM5
SIM1
SIM2
SIM3
SIM4
1
21
22
SIM5
SIM1
SIM2
SIM3
SIM4
1
21
22
SIM5
SIM1
SIM2
SIM3
SIM4
1
21
22
SIM5
SIM1
SIM2
SIM3
SIM4
1
21
22
SIM5
SIM1
SIM2
SIM3
SIM4
1
21
22
SIM5
SIM1
SIM2
SIM3
SIM4
1
21
22
SIM5
SIM1
SIM2
SIM3
SIM4
1
21
22
SIM5
SIM1
SIM2
SIM3
SIM4
1
21
22
SIM5
SIM1
SIM2
SIM3
SIM4
1
21
22
SIM5
SIM1
SIM2
SIM3
SIM4
1
21
22
SIM5
SIM1
SIM2
SIM3
SIM4
1
21
22
SIM5
SIM1
SIM2
SIM3
SIM4
1
21
22
SIM5
SIM1
SIM2
SIM3
SIM4
1
21
22
SIM5
SIM1
SIM2
SIM3
SIM4
1
21
22
SIM5
SIM1
SIM2
SIM3
SIM4
1
21
22
SIM5
SIM1
SIM2
SIM3
SIM4
1
21
22
SIM5
SIM1
SIM2
SIM3
SIM4
1
21
22
SIM5
SIM1
SIM2
SIM3
SIM4
1
21
22
SIM5
SIM1
SIM2
SIM3
SIM4
1
21
22
SIM5
SIM1
SIM2
SIM3
SIM4
1
21
22
SIM5
SIM1
SIM2
SIM3
SIM4
1
21
22
SIM5
SIM1
SIM2
SIM3
SIM4
1
21
22
SIM5
SIM1
SIM2
SIM3
SIM4
1
21
22
SIM5
SIM1
SIM2
SIM3
SIM4
1
21
22
SIM5
SIM1
SIM2
SIM3
SIM4
1
21
22
SIM5
SIM1
SIM2
SIM3
SIM4
1
21
22
SIM5
SIM1
SIM2
SIM3
SIM4
1
21
22
SIM5
SIM1
SIM2
SIM3
SIM4
1
21
22
SIM5
SIM1
SIM2
SIM3
SIM4
1
21
22
SIM5
SIM1
SIM2
SIM3
SIM4
1
21
22
SIM5
SIM1
SIM2
SIM3
SIM4
1
21
22
SIM5
SIM1
SIM2
SIM3
SIM4
1
21
22
SIM5
SIM1
SIM2
SIM3
SIM4
1
21
22
SIM5
SIM1
SIM2
SIM3
SIM4
1
21
22
SIM5
SIM1
SIM2
SIM3
SIM4
1
21
22
SIM5
SIM1
SIM2
SIM3
SIM4
1
21
22
SIM5
SIM1
SIM2
SIM3
SIM4
1
21
22
SIM5
SIM1
SIM2
SIM3
SIM4
1
21
22
SIM5
SIM1
SIM2
SIM3
SIM4
1
21
22
SIM5
SIM1
SIM2
SIM3
SIM4
1
21
22
SIM5
SIM1
SIM2
SIM3
SIM4
1
21
22
SIM5
SIM1
SIM2
SIM3
SIM4
1
21
22
SIM5
SIM1
SIM2
SIM3
SIM4
1
21
22
SIM5
SIM1
SIM2
SIM3
SIM4
1
21
22
SIM5
SIM1
SIM2
SIM3
SIM4
1
21
22
SIM5
SIM1
SIM2
SIM3
SIM4
1
21
22
SIM5
SIM1
SIM2
SIM3
SIM4
1
21
22
SIM5
SIM1
SIM2
SIM3
SIM4
1
21
22
SIM5
SIM1
SIM2
SIM3
SIM4
1
21
22
SIM5
SIM1
SIM2
SIM3
SIM4
1
21
22
SIM5
SIM1
SIM2
SIM3
SIM4
1
21
22
SIM5
SIM1
SIM2
SIM3
SIM4
1
21
22
SIM5
SIM1
SIM2
SIM3
SIM4
1
21
22
SIM5
SIM1
SIM2
SIM3
SIM4
1
21
22
SIM5
SIM1
SIM2
SIM3
SIM4
1
21
22
SIM5
SIM1
SIM2
SIM3
SIM4
1
21
22
SIM5
SIM1
SIM2
SIM3
SIM4
1
21
22
SIM5
SIM1
SIM2
SIM3
SIM4
1
21
22
SIM5
SIM1
SIM2
SIM3
SIM4
1
21
22
SIM5
SIM1
SIM2
SIM3
SIM4
1
21
22
SIM5
SIM1
SIM2
SIM3
SIM4
1
21
22
SIM5
SIM1
SIM2
SIM3
SIM4
1
21
22
SIM5
SIM1
SIM2
SIM3
SIM4
1
21
22
SIM5
SIM1
SIM2
SIM3
SIM4
1
21
22
SIM5
SIM1
SIM2
SIM3
SIM4
1
21
22
SIM5
SIM1
SIM2
SIM3
SIM4
1
21
22
SIM5
SIM1
SIM2
SIM3
SIM4
1
21
22
SIM5
SIM1
SIM2
SIM3
SIM4
1
21
22
SIM5
SIM1
SIM2
SIM3
SIM4
1
21
22
SIM5
SIM1
SIM2
SIM3
SIM4
1
21
22
SIM5
SIM1
SIM2
SIM3
SIM4
1
21
22
SIM5
SIM1
SIM2
SIM3
SIM4
1
21
22
SIM5
SIM1
SIM2
DEBUG 1 798
SIM1
SIM2
SIM3
SIM4
1
21
22
SIM5
SIM1
SIM2
SIM3
SIM4
1
21
22
SIM5
SIM1
SIM2
SIM3
SIM4
1
21
22
SIM5
SIM1
SIM2
SIM3
SIM4
1
21
22
SIM5
SIM1
SIM2
SIM3
SIM4
1
21
22
SIM5
SIM1
SIM2
SIM3
SIM4
1
21
22
SIM5
SIM1
SIM2
SIM3
SIM4
1
21
22
SIM5
SIM1
SIM2
SIM3
SIM4
1
21
22
SIM5
SIM1
SIM2
SIM3
SIM4
1
21
22
SIM5
SIM1
SIM2
SIM3
SIM4
1
21
22
SIM5
SIM1
SIM2
SIM3
SIM4
1
21
22
SIM5
SIM1
SIM2
SIM3
SIM4
1
21
22
SIM5
SIM1
SIM2
SIM3
SIM4
1
21
22
SIM5
SIM1
SIM2
SIM3
SIM4
1
21
22
SIM5
SIM1
SIM2
SIM3
SIM4
1
21
22
SIM5
SIM1
SIM2
SIM3
SIM4
1
21
22
SIM5
SIM1
SIM2
SIM3
SIM4
1
21
22
SIM5
SIM1
SIM2
SIM3
SIM4
1
21
22
SIM5
SIM1
SIM2
SIM3
SIM4
1
21
22
SIM5
SIM1
SIM2
SIM3
SIM4
1
21
22
SIM5
SIM1
SIM2
SIM3
SIM4
1
21
22
SIM5
SIM1
SIM2
SIM3
SIM4
1
21
22
SIM5
SIM1
SIM2
SIM3
SIM4
1
21
22
SIM5
SIM1
SIM2
SIM3
SIM4
1
21
22
SIM5
SIM1
SIM2
SIM3
SIM4
1
21
22
SIM5
SIM1
SIM2
SIM3
SIM4
1
21
22
SIM5
SIM1
SIM2
SIM3
SIM4
1
21
22
SIM5
SIM1
SIM2
SIM3
SIM4
1
21
22
SIM5
SIM1
SIM2
SIM3
SIM4
1
21
22
SIM5
SIM1
SIM2
SIM3
SIM4
1
21
22
SIM5
SIM1
SIM2
SIM3
SIM4
1
21
22
SIM5
SIM1
SIM2
SIM3
SIM4
1
21
22
SIM5
SIM1
SIM2
SIM3
SIM4
1
21
22
SIM5
SIM1
SIM2
SIM3
SIM4
1
21
22
SIM5
SIM1
SIM2
SIM3
SIM4
1
21
22
SIM5
SIM1
SIM2
SIM3
SIM4
1
21
22
SIM5
SIM1
SIM2
SIM3
SIM4
1
21
22
SIM5
SIM1
SIM2
SIM3
SIM4
1
21
22
SIM5
SIM1
SIM2
SIM3
SIM4
1
21
22
SIM5
SIM1
SIM2
SIM3
SIM4
1
21
22
SIM5
SIM1
SIM2
SIM3
SIM4
1
21
22
SIM5
SIM1
SIM2
SIM3
SIM4
1
21
22
SIM5
SIM1
SIM2
SIM3
SIM4
1
21
22
SIM5
SIM1
SIM2
SIM3
SIM4
1
21
22
SIM5
SIM1
SIM2
SIM3
SIM4
1
21
22
SIM5
SIM1
SIM2
SIM3
SIM4
1
21
22
SIM5
SIM1
SIM2
SIM3
SIM4
1
21
22
SIM5
SIM1
SIM2
SIM3
SIM4
1
21
22
SIM5
SIM1
SIM2
SIM3
SIM4
1
21
22
SIM5
SIM1
SIM2
SIM3
SIM4
1
21
22
SIM5
SIM1
SIM2
SIM3
SIM4
1
21
22
SIM5
SIM1
SIM2
SIM3
SIM4
1
21
22
SIM5
SIM1
SIM2
SIM3
SIM4
1
21
22
SIM5
SIM1
SIM2
SIM3
SIM4
1
21
22
SIM5
SIM1
SIM2
SIM3
SIM4
1
21
22
SIM5
SIM1
SIM2
SIM3
SIM4
1
21
22
SIM5
SIM1
SIM2
SIM3
SIM4
1
21
22
SIM5
SIM1
SIM2
SIM3
SIM4
1
21
22
SIM5
SIM1
SIM2
SIM3
SIM4
1
21
22
SIM5
SIM1
SIM2
SIM3
SIM4
1
21
22
SIM5
SIM1
SIM2
SIM3
SIM4
1
21
22
SIM5
SIM1
SIM2
SIM3
SIM4
1
21
22
SIM5
SIM1
SIM2
SIM3
SIM4
1
21
22
SIM5
SIM1
SIM2
SIM3
SIM4
1
21
22
SIM5
SIM1
SIM2
SIM3
SIM4
1
21
22
SIM5
SIM1
SIM2
SIM3
SIM4
1
21
22
SIM5
SIM1
SIM2
SIM3
SIM4
1
21
22
SIM5
SIM1
SIM2
SIM3
SIM4
1
21
22
SIM5
SIM1
SIM2
SIM3
SIM4
1
21
22
SIM5
SIM1
SIM2
SIM3
SIM4
1
21
22
SIM5
SIM1
SIM2
SIM3
SIM4
1
21
22
SIM5
SIM1
SIM2
SIM3
SIM4
1
21
22
SIM5
SIM1
SIM2
SIM3
SIM4
1
21
22
SIM5
SIM1
SIM2
SIM3
SIM4
1
21
22
SIM5
SIM1
SIM2
SIM3
SIM4
1
21
22
SIM5
SIM1
SIM2
SIM3
SIM4
1
21
22
SIM5
SIM1
SIM2
SIM3
SIM4
1
21
22
SIM5
SIM1
SIM2
SIM3
SIM4
1
21
22
SIM5
SIM1
SIM2
SIM3
SIM4
1
21
22
SIM5
SIM1
SIM2
SIM3
SIM4
1
21
22
SIM5
SIM1
SIM2
SIM3
SIM4
1
21
22
SIM5
SIM1
SIM2
SIM3
SIM4
1
21
22
SIM5
SIM1
SIM2
SIM3
SIM4
1
21
22
SIM5
SIM1
SIM2
SIM3
SIM4
1
21
22
SIM5
SIM1
SIM2
SIM3
SIM4
1
21
22
SIM5
SIM1
SIM2
SIM3
SIM4
1
21
22
SIM5
SIM1
SIM2
SIM3
SIM4
1
21
22
SIM5
SIM1
SIM2
SIM3
SIM4
1
21
22
SIM5
SIM1
SIM2
SIM3
SIM4
1
21
22
SIM5
SIM1
SIM2
SIM3
SIM4
1
21
22
SIM5
SIM1
SIM2
SIM3
SIM4
1
21
22
SIM5
SIM1
SIM2
SIM3
SIM4
1
21
22
SIM5
SIM1
SIM2
SIM3
SIM4
1
21
22
SIM5
SIM1
SIM2
SIM3
SIM4
1
21
22
SIM5
SIM1
SIM2
SIM3
SIM4
1
21
22
SIM5
SIM1
SIM2
SIM3
SIM4
1
21
22
SIM5
SIM1
SIM2
SIM3
SIM4
1
21
22
SIM5
SIM1
SIM2
SIM3
SIM4
1
21
22
SIM5
SIM1
SIM2
SIM3
SIM4
1
21
22
SIM5
SIM1
SIM2
SIM3
SIM4
1
21
22
SIM5
SIM1
SIM2
SIM3
SIM4
1
21
22
SIM5
SIM1
SIM2
SIM3
SIM4
1
21
22
SIM5
SIM1
SIM2
SIM3
SIM4
1
21
22
SIM5
SIM1
SIM2
SIM3
SIM4
1
21
22
SIM5
SIM1
SIM2
SIM3
SIM4
1
21
22
SIM5
SIM1
SIM2
SIM3
SIM4
1
21
22
SIM5
SIM1
SIM2
SIM3
SIM4
1
21
22
SIM5
SIM1
SIM2
SIM3
SIM4
1
21
22
SIM5
SIM1
SIM2
SIM3
SIM4
1
21
22
SIM5
SIM1
SIM2
SIM3
SIM4
1
21
22
SIM5
SIM1
SIM2
SIM3
SIM4
1
21
22
SIM5
SIM1
SIM2
SIM3
SIM4
1
21
22
SIM5
SIM1
SIM2
SIM3
SIM4
1
21
22
SIM5
SIM1
SIM2
SIM3
SIM4
1
21
22
SIM5
SIM1
SIM2
SIM3
SIM4
1
21
22
SIM5
SIM1
SIM2
SIM3
SIM4
1
21
22
SIM5
SIM1
SIM2
SIM3
SIM4
1
21
22
SIM5
SIM1
SIM2
SIM3
SIM4
1
21
22
SIM5
SIM1
SIM2
SIM3
SIM4
1
21
22
SIM5
SIM1
SIM2
SIM3
SIM4
1
21
22
SIM5
SIM1
SIM2
SIM3
SIM4
1
21
22
SIM5
SIM1
SIM2
SIM3
SIM4
1
21
22
SIM5
SIM1
SIM2
SIM3
SIM4
1
21
22
SIM5
SIM1
SIM2
SIM3
SIM4
1
21
22
SIM5
SIM1
SIM2
SIM3
SIM4
1
21
22
SIM5
SIM1
SIM2
SIM3
SIM4
1
21
22
SIM5
SIM1
SIM2
SIM3
SIM4
1
21
22
SIM5
SIM1
SIM2
SIM3
SIM4
1
21
22
SIM5
SIM1
SIM2
SIM3
SIM4
1
21
22
SIM5
SIM1
SIM2
SIM3
SIM4
1
21
22
SIM5
SIM1
SIM2
SIM3
SIM4
1
21
22
SIM5
SIM1
SIM2
SIM3
SIM4
1
21
22
SIM5
SIM1
SIM2
SIM3
SIM4
1
21
22
SIM5
SIM1
SIM2
SIM3
SIM4
1
21
22
SIM5
SIM1
SIM2
SIM3
SIM4
1
21
22
SIM5
SIM1
SIM2
SIM3
SIM4
1
21
22
SIM5
SIM1
SIM2
SIM3
SIM4
1
21
22
SIM5
SIM1
SIM2
SIM3
SIM4
1
21
22
SIM5
SIM1
SIM2
SIM3
SIM4
1
21
22
SIM5
SIM1
SIM2
SIM3
SIM4
1
21
22
SIM5
SIM1
SIM2
SIM3
SIM4
1
21
22
SIM5
SIM1
SIM2
SIM3
SIM4
1
21
22
SIM5
SIM1
SIM2
SIM3
SIM4
1
21
22
SIM5
SIM1
SIM2
SIM3
SIM4
1
21
22
SIM5
SIM1
SIM2
SIM3
SIM4
1
21
22
SIM5
SIM1
SIM2
SIM3
SIM4
1
21
22
SIM5
SIM1
SIM2
SIM3
SIM4
1
21
22
SIM5
SIM1
SIM2
SIM3
SIM4
1
21
22
SIM5
SIM1
SIM2
SIM3
SIM4
1
21
22
SIM5
SIM1
SIM2
DEBUG 1 799
SIM1
SIM2
SIM3
SIM4
1
21
22
SIM5
SIM1
SIM2
SIM3
SIM4
1
21
22
SIM5
SIM1
SIM2
SIM3
SIM4
1
21
22
SIM5
SIM1
SIM2
SIM3
SIM4
1
21
22
SIM5
SIM1
SIM2
SIM3
SIM4
1
21
22
SIM5
SIM1
SIM2
SIM3
SIM4
1
21
22
SIM5
SIM1
SIM2
SIM3
SIM4
1
21
22
SIM5
SIM1
SIM2
SIM3
SIM4
1
21
22
SIM5
SIM1
SIM2
SIM3
SIM4
1
21
22
SIM5
SIM1
SIM2
SIM3
SIM4
1
21
22
SIM5
SIM1
SIM2
SIM3
SIM4
1
21
22
SIM5
SIM1
SIM2
SIM3
SIM4
1
21
22
SIM5
SIM1
SIM2
SIM3
SIM4
1
21
22
SIM5
SIM1
SIM2
SIM3
SIM4
1
21
22
SIM5
SIM1
SIM2
SIM3
SIM4
1
21
22
SIM5
SIM1
SIM2
SIM3
SIM4
1
21
22
SIM5
SIM1
SIM2
SIM3
SIM4
1
21
22
SIM5
SIM1
SIM2
SIM3
SIM4
1
21
22
SIM5
SIM1
SIM2
SIM3
SIM4
1
21
22
SIM5
SIM1
SIM2
SIM3
SIM4
1
21
22
SIM5
SIM1
SIM2
SIM3
SIM4
1
21
22
SIM5
SIM1
SIM2
SIM3
SIM4
1
21
22
SIM5
SIM1
SIM2
SIM3
SIM4
1
21
22
SIM5
SIM1
SIM2
SIM3
SIM4
1
21
22
SIM5
SIM1
SIM2
SIM3
SIM4
1
21
22
SIM5
SIM1
SIM2
SIM3
SIM4
1
21
22
SIM5
SIM1
SIM2
SIM3
SIM4
1
21
22
SIM5
SIM1
SIM2
SIM3
SIM4
1
21
22
SIM5
SIM1
SIM2
SIM3
SIM4
1
21
22
SIM5
SIM1
SIM2
SIM3
SIM4
1
21
22
SIM5
SIM1
SIM2
SIM3
SIM4
1
21
22
SIM5
SIM1
SIM2
SIM3
SIM4
1
21
22
SIM5
SIM1
SIM2
SIM3
SIM4
1
21
22
SIM5
SIM1
SIM2
SIM3
SIM4
1
21
22
SIM5
SIM1
SIM2
SIM3
SIM4
1
21
22
SIM5
SIM1
SIM2
SIM3
SIM4
1
21
22
SIM5
SIM1
SIM2
SIM3
SIM4
1
21
22
SIM5
SIM1
SIM2
SIM3
SIM4
1
21
22
SIM5
SIM1
SIM2
SIM3
SIM4
1
21
22
SIM5
SIM1
SIM2
SIM3
SIM4
1
21
22
SIM5
SIM1
SIM2
SIM3
SIM4
1
21
22
SIM5
SIM1
SIM2
SIM3
SIM4
1
21
22
SIM5
SIM1
SIM2
SIM3
SIM4
1
21
22
SIM5
SIM1
SIM2
SIM3
SIM4
1
21
22
SIM5
SIM1
SIM2
SIM3
SIM4
1
21
22
SIM5
SIM1
SIM2
SIM3
SIM4
1
21
22
SIM5
SIM1
SIM2
SIM3
SIM4
1
21
22
SIM5
SIM1
SIM2
SIM3
SIM4
1
21
22
SIM5
SIM1
SIM2
SIM3
SIM4
1
21
22
SIM5
SIM1
SIM2
SIM3
SIM4
1
21
22
SIM5
SIM1
SIM2
SIM3
SIM4
1
21
22
SIM5
SIM1
SIM2
SIM3
SIM4
1
21
22
SIM5
SIM1
SIM2
SIM3
SIM4
1
21
22
SIM5
SIM1
SIM2
SIM3
SIM4
1
21
22
SIM5
SIM1
SIM2
SIM3
SIM4
1
21
22
SIM5
SIM1
SIM2
SIM3
SIM4
1
21
22
SIM5
SIM1
SIM2
SIM3
SIM4
1
21
22
SIM5
SIM1
SIM2
SIM3
SIM4
1
21
22
SIM5
SIM1
SIM2
SIM3
SIM4
1
21
22
SIM5
SIM1
SIM2
SIM3
SIM4
1
21
22
SIM5
SIM1
SIM2
SIM3
SIM4
1
21
22
SIM5
SIM1
SIM2
SIM3
SIM4
1
21
22
SIM5
SIM1
SIM2
SIM3
SIM4
1
21
22
SIM5
SIM1
SIM2
SIM3
SIM4
1
21
22
SIM5
SIM1
SIM2
SIM3
SIM4
1
21
22
SIM5
SIM1
SIM2
SIM3
SIM4
1
21
22
SIM5
SIM1
SIM2
SIM3
SIM4
1
21
22
SIM5
SIM1
SIM2
SIM3
SIM4
1
21
22
SIM5
SIM1
SIM2
SIM3
SIM4
1
21
22
SIM5
SIM1
SIM2
SIM3
SIM4
1
21
22
SIM5
SIM1
SIM2
SIM3
SIM4
1
21
22
SIM5
SIM1
SIM2
SIM3
SIM4
1
21
22
SIM5
SIM1
SIM2
SIM3
SIM4
1
21
22
SIM5
SIM1
SIM2
SIM3
SIM4
1
21
22
SIM5
SIM1
SIM2
SIM3
SIM4
1
21
22
SIM5
SIM1
SIM2
SIM3
SIM4
1
21
22
SIM5
SIM1
SIM2
SIM3
SIM4
1
21
22
SIM5
SIM1
SIM2
SIM3
SIM4
1
21
22
SIM5
SIM1
SIM2
SIM3
SIM4
1
21
22
SIM5
SIM1
SIM2
SIM3
SIM4
1
21
22
SIM5
SIM1
SIM2
SIM3
SIM4
1
21
22
SIM5
SIM1
SIM2
SIM3
SIM4
1
21
22
SIM5
SIM1
SIM2
SIM3
SIM4
1
21
22
SIM5
SIM1
SIM2
SIM3
SIM4
1
21
22
SIM5
SIM1
SIM2
SIM3
SIM4
1
21
22
SIM5
SIM1
SIM2
SIM3
SIM4
1
21
22
SIM5
SIM1
SIM2
SIM3
SIM4
1
21
22
SIM5
SIM1
SIM2
SIM3
SIM4
1
21
22
SIM5
SIM1
SIM2
SIM3
SIM4
1
21
22
SIM5
SIM1
SIM2
SIM3
SIM4
1
21
22
SIM5
SIM1
SIM2
SIM3
SIM4
1
21
22
SIM5
SIM1
SIM2
SIM3
SIM4
1
21
22
SIM5
SIM1
SIM2
SIM3
SIM4
1
21
22
SIM5
SIM1
SIM2
SIM3
SIM4
1
21
22
SIM5
SIM1
SIM2
SIM3
SIM4
1
21
22
SIM5
SIM1
SIM2
SIM3
SIM4
1
21
22
SIM5
SIM1
SIM2
SIM3
SIM4
1
21
22
SIM5
SIM1
SIM2
SIM3
SIM4
1
21
22
SIM5
SIM1
SIM2
SIM3
SIM4
1
21
22
SIM5
SIM1
SIM2
SIM3
SIM4
1
21
22
SIM5
SIM1
SIM2
SIM3
SIM4
1
21
22
SIM5
SIM1
SIM2
SIM3
SIM4
1
21
22
SIM5
SIM1
SIM2
SIM3
SIM4
1
21
22
SIM5
SIM1
SIM2
SIM3
SIM4
1
21
22
SIM5
SIM1
SIM2
SIM3
SIM4
1
21
22
SIM5
SIM1
SIM2
SIM3
SIM4
1
21
22
SIM5
SIM1
SIM2
SIM3
SIM4
1
21
22
SIM5
SIM1
SIM2
SIM3
SIM4
1
21
22
SIM5
SIM1
SIM2
SIM3
SIM4
1
21
22
SIM5
SIM1
SIM2
SIM3
SIM4
1
21
22
SIM5
SIM1
SIM2
SIM3
SIM4
1
21
22
SIM5
SIM1
SIM2
SIM3
SIM4
1
21
22
SIM5
SIM1
SIM2
SIM3
SIM4
1
21
22
SIM5
SIM1
SIM2
SIM3
SIM4
1
21
22
SIM5
SIM1
SIM2
SIM3
SIM4
1
21
22
SIM5
SIM1
SIM2
SIM3
SIM4
1
21
22
SIM5
SIM1
SIM2
SIM3
SIM4
1
21
22
SIM5
SIM1
SIM2
SIM3
SIM4
1
21
22
SIM5
SIM1
SIM2
DEBUG 1 800
SIM1
SIM2
SIM3
SIM4
1
21
22
SIM5
SIM1
SIM2
SIM3
SIM4
1
21
22
SIM5
SIM1
SIM2
SIM3
SIM4
1
21
22
SIM5
SIM1
SIM2
SIM3
SIM4
1
21
22
SIM5
SIM1
SIM2
SIM3
SIM4
1
21
22
SIM5
SIM1
SIM2
SIM3
SIM4
1
21
22
SIM5
SIM1
SIM2
SIM3
SIM4
1
21
22
SIM5
SIM1
SIM2
SIM3
SIM4
1
21
22
SIM5
SIM1
SIM2
SIM3
SIM4
1
21
22
SIM5
SIM1
SIM2
SIM3
SIM4
1
21
22
SIM5
SIM1
SIM2
SIM3
SIM4
1
21
22
SIM5
SIM1
SIM2
SIM3
SIM4
1
21
22
SIM5
SIM1
SIM2
SIM3
SIM4
1
21
22
SIM5
SIM1
SIM2
SIM3
SIM4
1
21
22
SIM5
SIM1
SIM2
SIM3
SIM4
1
21
22
SIM5
SIM1
SIM2
SIM3
SIM4
1
21
22
SIM5
SIM1
SIM2
SIM3
SIM4
1
21
22
SIM5
SIM1
SIM2
SIM3
SIM4
1
21
22
SIM5
SIM1
SIM2
SIM3
SIM4
1
21
22
SIM5
SIM1
SIM2
SIM3
SIM4
1
21
22
SIM5
SIM1
SIM2
SIM3
SIM4
1
21
22
SIM5
SIM1
SIM2
SIM3
SIM4
1
21
22
SIM5
SIM1
SIM2
SIM3
SIM4
1
21
22
SIM5
SIM1
SIM2
SIM3
SIM4
1
21
22
SIM5
SIM1
SIM2
SIM3
SIM4
1
21
22
SIM5
SIM1
SIM2
SIM3
SIM4
1
21
22
SIM5
SIM1
SIM2
SIM3
SIM4
1
21
22
SIM5
SIM1
SIM2
SIM3
SIM4
1
21
22
SIM5
SIM1
SIM2
SIM3
SIM4
1
21
22
SIM5
SIM1
SIM2
SIM3
SIM4
1
21
22
SIM5
SIM1
SIM2
SIM3
SIM4
1
21
22
SIM5
SIM1
SIM2
SIM3
SIM4
1
21
22
SIM5
SIM1
SIM2
SIM3
SIM4
1
21
22
SIM5
SIM1
SIM2
SIM3
SIM4
1
21
22
SIM5
SIM1
SIM2
SIM3
SIM4
1
21
22
SIM5
SIM1
SIM2
SIM3
SIM4
1
21
22
SIM5
SIM1
SIM2
SIM3
SIM4
1
21
22
SIM5
SIM1
SIM2
SIM3
SIM4
1
21
22
SIM5
SIM1
SIM2
SIM3
SIM4
1
21
22
SIM5
SIM1
SIM2
SIM3
SIM4
1
21
22
SIM5
SIM1
SIM2
SIM3
SIM4
1
21
22
SIM5
SIM1
SIM2
SIM3
SIM4
1
21
22
SIM5
SIM1
SIM2
SIM3
SIM4
1
21
22
SIM5
SIM1
SIM2
SIM3
SIM4
1
21
22
SIM5
SIM1
SIM2
SIM3
SIM4
1
21
22
SIM5
SIM1
SIM2
SIM3
SIM4
1
21
22
SIM5
SIM1
SIM2
SIM3
SIM4
1
21
22
SIM5
SIM1
SIM2
SIM3
SIM4
1
21
22
SIM5
SIM1
SIM2
SIM3
SIM4
1
21
22
SIM5
SIM1
SIM2
SIM3
SIM4
1
21
22
SIM5
SIM1
SIM2
SIM3
SIM4
1
21
22
SIM5
SIM1
SIM2
SIM3
SIM4
1
21
22
SIM5
SIM1
SIM2
SIM3
SIM4
1
21
22
SIM5
SIM1
SIM2
SIM3
SIM4
1
21
22
SIM5
SIM1
SIM2
SIM3
SIM4
1
21
22
SIM5
SIM1
SIM2
SIM3
SIM4
1
21
22
SIM5
SIM1
SIM2
SIM3
SIM4
1
21
22
SIM5
SIM1
SIM2
SIM3
SIM4
1
21
22
SIM5
SIM1
SIM2
SIM3
SIM4
1
21
22
SIM5
SIM1
SIM2
SIM3
SIM4
1
21
22
SIM5
SIM1
SIM2
SIM3
SIM4
1
21
22
SIM5
SIM1
SIM2
SIM3
SIM4
1
21
22
SIM5
SIM1
SIM2
SIM3
SIM4
1
21
22
SIM5
SIM1
SIM2
SIM3
SIM4
1
21
22
SIM5
SIM1
SIM2
SIM3
SIM4
1
21
22
SIM5
SIM1
SIM2
SIM3
SIM4
1
21
22
SIM5
SIM1
SIM2
SIM3
SIM4
1
21
22
SIM5
SIM1
SIM2
SIM3
SIM4
1
21
22
SIM5
SIM1
SIM2
SIM3
SIM4
1
21
22
SIM5
SIM1
SIM2
SIM3
SIM4
1
21
22
SIM5
SIM1
SIM2
SIM3
SIM4
1
21
22
SIM5
SIM1
SIM2
SIM3
SIM4
1
21
22
SIM5
SIM1
SIM2
SIM3
SIM4
1
21
22
SIM5
SIM1
SIM2
SIM3
SIM4
1
21
22
SIM5
SIM1
SIM2
SIM3
SIM4
1
21
22
SIM5
SIM1
SIM2
SIM3
SIM4
1
21
22
SIM5
SIM1
SIM2
SIM3
SIM4
1
21
22
SIM5
SIM1
SIM2
SIM3
SIM4
1
21
22
SIM5
SIM1
SIM2
SIM3
SIM4
1
21
22
SIM5
SIM1
SIM2
SIM3
SIM4
1
21
22
SIM5
SIM1
SIM2
SIM3
SIM4
1
21
22
SIM5
SIM1
SIM2
SIM3
SIM4
1
21
22
SIM5
SIM1
SIM2
SIM3
SIM4
1
21
22
SIM5
SIM1
SIM2
SIM3
SIM4
1
21
22
SIM5
SIM1
SIM2
SIM3
SIM4
1
21
22
SIM5
SIM1
SIM2
SIM3
SIM4
1
21
22
SIM5
SIM1
SIM2
SIM3
SIM4
1
21
22
SIM5
SIM1
SIM2
SIM3
SIM4
1
21
22
SIM5
SIM1
SIM2
SIM3
SIM4
1
21
22
SIM5
SIM1
SIM2
SIM3
SIM4
1
21
22
SIM5
SIM1
SIM2
SIM3
SIM4
1
21
22
SIM5
SIM1
SIM2
SIM3
SIM4
1
21
22
SIM5
SIM1
SIM2
SIM3
SIM4
1
21
22
SIM5
SIM1
SIM2
SIM3
SIM4
1
21
22
SIM5
SIM1
SIM2
SIM3
SIM4
1
21
22
SIM5
SIM1
SIM2
SIM3
SIM4
1
21
22
SIM5
SIM1
SIM2
SIM3
SIM4
1
21
22
SIM5
SIM1
SIM2
SIM3
SIM4
1
21
22
SIM5
SIM1
SIM2
SIM3
SIM4
1
21
22
SIM5
SIM1
SIM2
SIM3
SIM4
1
21
22
SIM5
SIM1
SIM2
SIM3
SIM4
1
21
22
SIM5
SIM1
SIM2
SIM3
SIM4
1
21
22
SIM5
SIM1
SIM2
SIM3
SIM4
1
21
22
SIM5
SIM1
SIM2
SIM3
SIM4
1
21
22
SIM5
SIM1
SIM2
SIM3
SIM4
1
21
22
SIM5
SIM1
SIM2
SIM3
SIM4
1
21
22
SIM5
SIM1
SIM2
SIM3
SIM4
1
21
22
SIM5
SIM1
SIM2
SIM3
SIM4
1
21
22
SIM5
SIM1
SIM2
DEBUG 1 801
SIM1
SIM2
SIM3
SIM4
1
21
22
SIM5
SIM1
SIM2
SIM3
SIM4
1
21
22
SIM5
SIM1
SIM2
SIM3
SIM4
1
21
22
SIM5
SIM1
SIM2
SIM3
SIM4
1
21
22
SIM5
SIM1
SIM2
SIM3
SIM4
1
21
22
SIM5
SIM1
SIM2
SIM3
SIM4
1
21
22
SIM5
SIM1
SIM2
SIM3
SIM4
1
21
22
SIM5
SIM1
SIM2
SIM3
SIM4
1
21
22
SIM5
SIM1
SIM2
SIM3
SIM4
1
21
22
SIM5
SIM1
SIM2
SIM3
SIM4
1
21
22
SIM5
SIM1
SIM2
SIM3
SIM4
1
21
22
SIM5
SIM1
SIM2
SIM3
SIM4
1
21
22
SIM5
SIM1
SIM2
SIM3
SIM4
1
21
22
SIM5
SIM1
SIM2
SIM3
SIM4
1
21
22
SIM5
SIM1
SIM2
SIM3
SIM4
1
21
22
SIM5
SIM1
SIM2
SIM3
SIM4
1
21
22
SIM5
SIM1
SIM2
SIM3
SIM4
1
21
22
SIM5
SIM1
SIM2
SIM3
SIM4
1
21
22
SIM5
SIM1
SIM2
SIM3
SIM4
1
21
22
SIM5
SIM1
SIM2
SIM3
SIM4
1
21
22
SIM5
SIM1
SIM2
SIM3
SIM4
1
21
22
SIM5
SIM1
SIM2
SIM3
SIM4
1
21
22
SIM5
SIM1
SIM2
SIM3
SIM4
1
21
22
SIM5
SIM1
SIM2
SIM3
SIM4
1
21
22
SIM5
SIM1
SIM2
SIM3
SIM4
1
21
22
SIM5
SIM1
SIM2
SIM3
SIM4
1
21
22
SIM5
SIM1
SIM2
SIM3
SIM4
1
21
22
SIM5
SIM1
SIM2
SIM3
SIM4
1
21
22
SIM5
SIM1
SIM2
SIM3
SIM4
1
21
22
SIM5
SIM1
SIM2
SIM3
SIM4
1
21
22
SIM5
SIM1
SIM2
SIM3
SIM4
1
21
22
SIM5
SIM1
SIM2
SIM3
SIM4
1
21
22
SIM5
SIM1
SIM2
SIM3
SIM4
1
21
22
SIM5
SIM1
SIM2
SIM3
SIM4
1
21
22
SIM5
SIM1
SIM2
SIM3
SIM4
1
21
22
SIM5
SIM1
SIM2
SIM3
SIM4
1
21
22
SIM5
SIM1
SIM2
SIM3
SIM4
1
21
22
SIM5
SIM1
SIM2
SIM3
SIM4
1
21
22
SIM5
SIM1
SIM2
SIM3
SIM4
1
21
22
SIM5
SIM1
SIM2
SIM3
SIM4
1
21
22
SIM5
SIM1
SIM2
SIM3
SIM4
1
21
22
SIM5
SIM1
SIM2
SIM3
SIM4
1
21
22
SIM5
SIM1
SIM2
SIM3
SIM4
1
21
22
SIM5
SIM1
SIM2
SIM3
SIM4
1
21
22
SIM5
SIM1
SIM2
SIM3
SIM4
1
21
22
SIM5
SIM1
SIM2
SIM3
SIM4
1
21
22
SIM5
SIM1
SIM2
SIM3
SIM4
1
21
22
SIM5
SIM1
SIM2
SIM3
SIM4
1
21
22
SIM5
SIM1
SIM2
SIM3
SIM4
1
21
22
SIM5
SIM1
SIM2
SIM3
SIM4
1
21
22
SIM5
SIM1
SIM2
SIM3
SIM4
1
21
22
SIM5
SIM1
SIM2
SIM3
SIM4
1
21
22
SIM5
SIM1
SIM2
SIM3
SIM4
1
21
22
SIM5
SIM1
SIM2
SIM3
SIM4
1
21
22
SIM5
SIM1
SIM2
SIM3
SIM4
1
21
22
SIM5
SIM1
SIM2
SIM3
SIM4
1
21
22
SIM5
SIM1
SIM2
SIM3
SIM4
1
21
22
SIM5
SIM1
SIM2
SIM3
SIM4
1
21
22
SIM5
SIM1
SIM2
SIM3
SIM4
1
21
22
SIM5
SIM1
SIM2
SIM3
SIM4
1
21
22
SIM5
SIM1
SIM2
SIM3
SIM4
1
21
22
SIM5
SIM1
SIM2
SIM3
SIM4
1
21
22
SIM5
SIM1
SIM2
SIM3
SIM4
1
21
22
SIM5
SIM1
SIM2
SIM3
SIM4
1
21
22
SIM5
SIM1
SIM2
SIM3
SIM4
1
21
22
SIM5
SIM1
SIM2
SIM3
SIM4
1
21
22
SIM5
SIM1
SIM2
SIM3
SIM4
1
21
22
SIM5
SIM1
SIM2
SIM3
SIM4
1
21
22
SIM5
SIM1
SIM2
SIM3
SIM4
1
21
22
SIM5
SIM1
SIM2
SIM3
SIM4
1
21
22
SIM5
SIM1
SIM2
SIM3
SIM4
1
21
22
SIM5
SIM1
SIM2
SIM3
SIM4
1
21
22
SIM5
SIM1
SIM2
SIM3
SIM4
1
21
22
SIM5
SIM1
SIM2
SIM3
SIM4
1
21
22
SIM5
SIM1
SIM2
SIM3
SIM4
1
21
22
SIM5
SIM1
SIM2
SIM3
SIM4
1
21
22
SIM5
SIM1
SIM2
SIM3
SIM4
1
21
22
SIM5
SIM1
SIM2
SIM3
SIM4
1
21
22
SIM5
SIM1
SIM2
SIM3
SIM4
1
21
22
SIM5
SIM1
SIM2
SIM3
SIM4
1
21
22
SIM5
SIM1
SIM2
SIM3
SIM4
1
21
22
SIM5
SIM1
SIM2
SIM3
SIM4
1
21
22
SIM5
SIM1
SIM2
SIM3
SIM4
1
21
22
SIM5
SIM1
SIM2
SIM3
SIM4
1
21
22
SIM5
SIM1
SIM2
SIM3
SIM4
1
21
22
SIM5
SIM1
SIM2
SIM3
SIM4
1
21
22
SIM5
SIM1
SIM2
SIM3
SIM4
1
21
22
SIM5
SIM1
SIM2
SIM3
SIM4
1
21
22
SIM5
SIM1
SIM2
SIM3
SIM4
1
21
22
SIM5
SIM1
SIM2
SIM3
SIM4
1
21
22
SIM5
SIM1
SIM2
SIM3
SIM4
1
21
22
SIM5
SIM1
SIM2
SIM3
SIM4
1
21
22
SIM5
SIM1
SIM2
SIM3
SIM4
1
21
22
SIM5
SIM1
SIM2
SIM3
SIM4
1
21
22
SIM5
SIM1
SIM2
SIM3
SIM4
1
21
22
SIM5
SIM1
SIM2
SIM3
SIM4
1
21
22
SIM5
SIM1
SIM2
SIM3
SIM4
1
21
22
SIM5
SIM1
SIM2
SIM3
SIM4
1
21
22
SIM5
SIM1
SIM2
SIM3
SIM4
1
21
22
SIM5
SIM1
SIM2
SIM3
SIM4
1
21
22
SIM5
SIM1
SIM2
SIM3
SIM4
1
21
22
SIM5
SIM1
SIM2
SIM3
SIM4
1
21
22
SIM5
SIM1
SIM2
SIM3
SIM4
1
21
22
SIM5
SIM1
SIM2
SIM3
SIM4
1
21
22
SIM5
SIM1
SIM2
SIM3
SIM4
1
21
22
SIM5
SIM1
SIM2
SIM3
SIM4
1
21
22
SIM5
SIM1
SIM2
SIM3
SIM4
1
21
22
SIM5
SIM1
SIM2
SIM3
SIM4
1
21
22
SIM5
SIM1
SIM2
SIM3
SIM4
1
21
22
SIM5
SIM1
SIM2
SIM3
SIM4
1
21
22
SIM5
SIM1
SIM2
SIM3
SIM4
1
21
22
SIM5
SIM1
SIM2
SIM3
SIM4
1
21
22
SIM5
SIM1
SIM2
SIM3
SIM4
1
21
22
SIM5
SIM1
SIM2
SIM3
SIM4
1
21
22
SIM5
SIM1
SIM2
SIM3
SIM4
1
21
22
SIM5
SIM1
SIM2
SIM3
SIM4
1
21
22
SIM5
SIM1
SIM2
SIM3
SIM4
1
21
22
SIM5
SIM1
SIM2
DEBUG 1 802
SIM1
SIM2
SIM3
SIM4
1
21
22
SIM5
SIM1
SIM2
SIM3
SIM4
1
21
22
SIM5
SIM1
SIM2
SIM3
SIM4
1
21
22
SIM5
SIM1
SIM2
SIM3
SIM4
1
21
22
SIM5
SIM1
SIM2
SIM3
SIM4
1
21
22
SIM5
SIM1
SIM2
SIM3
SIM4
1
21
22
SIM5
SIM1
SIM2
SIM3
SIM4
1
21
22
SIM5
SIM1
SIM2
SIM3
SIM4
1
21
22
SIM5
SIM1
SIM2
SIM3
SIM4
1
21
22
SIM5
SIM1
SIM2
SIM3
SIM4
1
21
22
SIM5
SIM1
SIM2
SIM3
SIM4
1
21
22
SIM5
SIM1
SIM2
SIM3
SIM4
1
21
22
SIM5
SIM1
SIM2
SIM3
SIM4
1
21
22
SIM5
SIM1
SIM2
SIM3
SIM4
1
21
22
SIM5
SIM1
SIM2
SIM3
SIM4
1
21
22
SIM5
SIM1
SIM2
SIM3
SIM4
1
21
22
SIM5
SIM1
SIM2
SIM3
SIM4
1
21
22
SIM5
SIM1
SIM2
SIM3
SIM4
1
21
22
SIM5
SIM1
SIM2
SIM3
SIM4
1
21
22
SIM5
SIM1
SIM2
SIM3
SIM4
1
21
22
SIM5
SIM1
SIM2
SIM3
SIM4
1
21
22
SIM5
SIM1
SIM2
SIM3
SIM4
1
21
22
SIM5
SIM1
SIM2
SIM3
SIM4
1
21
22
SIM5
SIM1
SIM2
SIM3
SIM4
1
21
22
SIM5
SIM1
SIM2
SIM3
SIM4
1
21
22
SIM5
SIM1
SIM2
SIM3
SIM4
1
21
22
SIM5
SIM1
SIM2
SIM3
SIM4
1
21
22
SIM5
SIM1
SIM2
SIM3
SIM4
1
21
22
SIM5
SIM1
SIM2
SIM3
SIM4
1
21
22
SIM5
SIM1
SIM2
SIM3
SIM4
1
21
22
SIM5
SIM1
SIM2
SIM3
SIM4
1
21
22
SIM5
SIM1
SIM2
SIM3
SIM4
1
21
22
SIM5
SIM1
SIM2
SIM3
SIM4
1
21
22
SIM5
SIM1
SIM2
SIM3
SIM4
1
21
22
SIM5
SIM1
SIM2
SIM3
SIM4
1
21
22
SIM5
SIM1
SIM2
SIM3
SIM4
1
21
22
SIM5
SIM1
SIM2
SIM3
SIM4
1
21
22
SIM5
SIM1
SIM2
SIM3
SIM4
1
21
22
SIM5
SIM1
SIM2
SIM3
SIM4
1
21
22
SIM5
SIM1
SIM2
SIM3
SIM4
1
21
22
SIM5
SIM1
SIM2
SIM3
SIM4
1
21
22
SIM5
SIM1
SIM2
SIM3
SIM4
1
21
22
SIM5
SIM1
SIM2
SIM3
SIM4
1
21
22
SIM5
SIM1
SIM2
SIM3
SIM4
1
21
22
SIM5
SIM1
SIM2
SIM3
SIM4
1
21
22
SIM5
SIM1
SIM2
SIM3
SIM4
1
21
22
SIM5
SIM1
SIM2
SIM3
SIM4
1
21
22
SIM5
SIM1
SIM2
SIM3
SIM4
1
21
22
SIM5
SIM1
SIM2
SIM3
SIM4
1
21
22
SIM5
SIM1
SIM2
SIM3
SIM4
1
21
22
SIM5
SIM1
SIM2
SIM3
SIM4
1
21
22
SIM5
SIM1
SIM2
SIM3
SIM4
1
21
22
SIM5
SIM1
SIM2
SIM3
SIM4
1
21
22
SIM5
SIM1
SIM2
SIM3
SIM4
1
21
22
SIM5
SIM1
SIM2
SIM3
SIM4
1
21
22
SIM5
SIM1
SIM2
SIM3
SIM4
1
21
22
SIM5
SIM1
SIM2
SIM3
SIM4
1
21
22
SIM5
SIM1
SIM2
SIM3
SIM4
1
21
22
SIM5
SIM1
SIM2
SIM3
SIM4
1
21
22
SIM5
SIM1
SIM2
SIM3
SIM4
1
21
22
SIM5
SIM1
SIM2
SIM3
SIM4
1
21
22
SIM5
SIM1
SIM2
SIM3
SIM4
1
21
22
SIM5
SIM1
SIM2
SIM3
SIM4
1
21
22
SIM5
SIM1
SIM2
SIM3
SIM4
1
21
22
SIM5
SIM1
SIM2
SIM3
SIM4
1
21
22
SIM5
SIM1
SIM2
SIM3
SIM4
1
21
22
SIM5
SIM1
SIM2
SIM3
SIM4
1
21
22
SIM5
SIM1
SIM2
SIM3
SIM4
1
21
22
SIM5
SIM1
SIM2
SIM3
SIM4
1
21
22
SIM5
SIM1
SIM2
SIM3
SIM4
1
21
22
SIM5
SIM1
SIM2
SIM3
SIM4
1
21
22
SIM5
SIM1
SIM2
SIM3
SIM4
1
21
22
SIM5
SIM1
SIM2
SIM3
SIM4
1
21
22
SIM5
SIM1
SIM2
SIM3
SIM4
1
21
22
SIM5
SIM1
SIM2
SIM3
SIM4
1
21
22
SIM5
SIM1
SIM2
SIM3
SIM4
1
21
22
SIM5
SIM1
SIM2
SIM3
SIM4
1
21
22
SIM5
SIM1
SIM2
SIM3
SIM4
1
21
22
SIM5
SIM1
SIM2
SIM3
SIM4
1
21
22
SIM5
SIM1
SIM2
SIM3
SIM4
1
21
22
SIM5
SIM1
SIM2
SIM3
SIM4
1
21
22
SIM5
SIM1
SIM2
SIM3
SIM4
1
21
22
SIM5
SIM1
SIM2
SIM3
SIM4
1
21
22
SIM5
SIM1
SIM2
SIM3
SIM4
1
21
22
SIM5
SIM1
SIM2
SIM3
SIM4
1
21
22
SIM5
SIM1
SIM2
SIM3
SIM4
1
21
22
SIM5
SIM1
SIM2
SIM3
SIM4
1
21
22
SIM5
SIM1
SIM2
SIM3
SIM4
1
21
22
SIM5
SIM1
SIM2
SIM3
SIM4
1
21
22
SIM5
SIM1
SIM2
SIM3
SIM4
1
21
22
SIM5
SIM1
SIM2
SIM3
SIM4
1
21
22
SIM5
SIM1
SIM2
SIM3
SIM4
1
21
22
SIM5
SIM1
SIM2
SIM3
SIM4
1
21
22
SIM5
SIM1
SIM2
SIM3
SIM4
1
21
22
SIM5
SIM1
SIM2
SIM3
SIM4
1
21
22
SIM5
SIM1
SIM2
SIM3
SIM4
1
21
22
SIM5
SIM1
SIM2
SIM3
SIM4
1
21
22
SIM5
SIM1
SIM2
SIM3
SIM4
1
21
22
SIM5
SIM1
SIM2
SIM3
SIM4
1
21
22
SIM5
SIM1
SIM2
SIM3
SIM4
1
21
22
SIM5
SIM1
SIM2
SIM3
SIM4
1
21
22
SIM5
SIM1
SIM2
SIM3
SIM4
1
21
22
SIM5
SIM1
SIM2
SIM3
SIM4
1
21
22
SIM5
SIM1
SIM2
SIM3
SIM4
1
21
22
SIM5
SIM1
SIM2
SIM3
SIM4
1
21
22
SIM5
SIM1
SIM2
SIM3
SIM4
1
21
22
SIM5
SIM1
SIM2
SIM3
SIM4
1
21
22
SIM5
SIM1
SIM2
SIM3
SIM4
1
21
22
SIM5
SIM1
SIM2
SIM3
SIM4
1
21
22
SIM5
SIM1
SIM2
SIM3
SIM4
1
21
22
SIM5
SIM1
SIM2
SIM3
SIM4
1
21
22
SIM5
SIM1
SIM2
SIM3
SIM4
1
21
22
SIM5
SIM1
SIM2
SIM3
SIM4
1
21
22
SIM5
SIM1
SIM2
SIM3
SIM4
1
21
22
SIM5
SIM1
SIM2
SIM3
SIM4
1
21
22
SIM5
SIM1
SIM2
SIM3
SIM4
1
21
22
SIM5
SIM1
SIM2
SIM3
SIM4
1
21
22
SIM5
SIM1
SIM2
SIM3
SIM4
1
21
22
SIM5
SIM1
SIM2
SIM3
SIM4
1
21
22
SIM5
SIM1
SIM2
SIM3
SIM4
1
21
22
SIM5
SIM1
SIM2
SIM3
SIM4
1
21
22
SIM5
SIM1
SIM2
SIM3
SIM4
1
21
22
SIM5
SIM1
SIM2
SIM3
SIM4
1
21
22
SIM5
SIM1
SIM2
SIM3
SIM4
1
21
22
SIM5
SIM1
SIM2
SIM3
SIM4
1
21
22
SIM5
SIM1
SIM2
SIM3
SIM4
1
21
22
SIM5
SIM1
SIM2
SIM3
SIM4
1
21
22
SIM5
SIM1
SIM2
SIM3
SIM4
1
21
22
SIM5
SIM1
SIM2
SIM3
SIM4
1
21
22
SIM5
SIM1
SIM2
SIM3
SIM4
1
21
22
SIM5
SIM1
SIM2
SIM3
SIM4
1
21
22
SIM5
SIM1
SIM2
SIM3
SIM4
1
21
22
SIM5
SIM1
SIM2
SIM3
SIM4
1
21
22
SIM5
SIM1
SIM2
SIM3
SIM4
1
21
22
SIM5
SIM1
SIM2
SIM3
SIM4
1
21
22
SIM5
SIM1
SIM2
SIM3
SIM4
1
21
22
SIM5
SIM1
SIM2
SIM3
SIM4
1
21
22
SIM5
SIM1
SIM2
SIM3
SIM4
1
21
22
SIM5
SIM1
SIM2
SIM3
SIM4
1
21
22
SIM5
SIM1
SIM2
SIM3
SIM4
1
21
22
SIM5
SIM1
SIM2
SIM3
SIM4
1
21
22
SIM5
SIM1
SIM2
SIM3
SIM4
1
21
22
SIM5
SIM1
SIM2
SIM3
SIM4
1
21
22
SIM5
SIM1
SIM2
SIM3
SIM4
1
21
22
SIM5
SIM1
SIM2
SIM3
SIM4
1
21
22
SIM5
SIM1
SIM2
SIM3
SIM4
1
21
22
SIM5
SIM1
SIM2
SIM3
SIM4
1
21
22
SIM5
SIM1
SIM2
SIM3
SIM4
1
21
22
SIM5
SIM1
SIM2
SIM3
SIM4
1
21
22
SIM5
SIM1
SIM2
SIM3
SIM4
1
21
22
SIM5
SIM1
SIM2
SIM3
SIM4
1
21
22
SIM5
SIM1
SIM2
SIM3
SIM4
1
21
22
SIM5
SIM1
SIM2
SIM3
SIM4
1
21
22
SIM5
SIM1
SIM2
SIM3
SIM4
1
21
22
SIM5
SIM1
SIM2
SIM3
SIM4
1
21
22
SIM5
SIM1
SIM2
SIM3
SIM4
1
21
22
SIM5
SIM1
SIM2
SIM3
SIM4
1
21
22
SIM5
SIM1
SIM2
SIM3
SIM4
1
21
22
SIM5
SIM1
SIM2
SIM3
SIM4
1
21
22
SIM5
SIM1
SIM2
SIM3
SIM4
1
21
22
SIM5
SIM1
SIM2
SIM3
SIM4
1
21
22
SIM5
SIM1
SIM2
SIM3
SIM4
1
21
22
SIM5
SIM1
SIM2
SIM3
SIM4
1
21
22
SIM5
SIM1
SIM2
SIM3
SIM4
1
21
22
SIM5
SIM1
SIM2
SIM3
SIM4
1
21
22
SIM5
SIM1
SIM2
SIM3
SIM4
1
21
22
SIM5
SIM1
SIM2
SIM3
SIM4
1
21
22
SIM5
SIM1
SIM2
SIM3
SIM4
1
21
22
SIM5
SIM1
SIM2
SIM3
SIM4
1
21
22
SIM5
SIM1
SIM2
SIM3
SIM4
1
21
22
SIM5
SIM1
SIM2
SIM3
SIM4
1
21
22
SIM5
SIM1
SIM2
SIM3
SIM4
1
21
22
SIM5
SIM1
SIM2
SIM3
SIM4
1
21
22
SIM5
SIM1
SIM2
SIM3
SIM4
1
21
22
SIM5
SIM1
SIM2
SIM3
SIM4
1
21
22
SIM5
SIM1
SIM2
SIM3
SIM4
1
21
22
SIM5
SIM1
SIM2
SIM3
SIM4
1
21
22
SIM5
SIM1
SIM2
SIM3
SIM4
1
21
22
SIM5
SIM1
SIM2
SIM3
SIM4
1
21
22
SIM5
SIM1
SIM2
SIM3
SIM4
1
21
22
SIM5
SIM1
SIM2
SIM3
SIM4
1
21
22
SIM5
SIM1
SIM2
SIM3
SIM4
1
21
22
SIM5
SIM1
SIM2
SIM3
SIM4
1
21
22
SIM5
SIM1
SIM2
SIM3
SIM4
1
21
22
SIM5
SIM1
SIM2
SIM3
SIM4
1
21
22
SIM5
SIM1
SIM2
SIM3
SIM4
1
21
22
SIM5
SIM1
SIM2
SIM3
SIM4
1
21
22
SIM5
SIM1
SIM2
SIM3
SIM4
1
21
22
SIM5
SIM1
SIM2
SIM3
SIM4
1
21
22
SIM5
SIM1
SIM2
SIM3
SIM4
1
21
22
SIM5
SIM1
SIM2
SIM3
SIM4
1
21
22
SIM5
SIM1
SIM2
SIM3
SIM4
1
21
22
SIM5
SIM1
SIM2
SIM3
SIM4
1
21
22
SIM5
SIM1
SIM2
SIM3
SIM4
1
21
22
SIM5
SIM1
SIM2
SIM3
SIM4
1
21
22
SIM5
SIM1
SIM2
SIM3
SIM4
1
21
22
SIM5
SIM1
SIM2
SIM3
SIM4
1
21
22
SIM5
SIM1
SIM2
SIM3
SIM4
1
21
22
SIM5
SIM1
SIM2
SIM3
SIM4
1
21
22
SIM5
SIM1
SIM2
SIM3
SIM4
1
21
22
SIM5
SIM1
SIM2
SIM3
SIM4
1
21
22
SIM5
SIM1
SIM2
SIM3
SIM4
1
21
22
SIM5
SIM1
SIM2
SIM3
SIM4
1
21
22
SIM5
SIM1
SIM2
SIM3
SIM4
1
21
22
SIM5
SIM1
SIM2
SIM3
SIM4
1
21
22
SIM5
SIM1
SIM2
SIM3
SIM4
1
21
22
SIM5
SIM1
SIM2
SIM3
SIM4
1
21
22
SIM5
SIM1
SIM2
SIM3
SIM4
1
21
22
SIM5
SIM1
SIM2
SIM3
SIM4
1
21
22
SIM5
SIM1
SIM2
SIM3
SIM4
1
21
22
SIM5
SIM1
SIM2
SIM3
SIM4
1
21
22
SIM5
SIM1
SIM2
SIM3
SIM4
1
21
22
SIM5
SIM1
SIM2
SIM3
SIM4
1
21
22
SIM5
SIM1
SIM2
SIM3
SIM4
1
21
22
SIM5
SIM1
SIM2
SIM3
SIM4
1
21
22
SIM5
SIM1
SIM2
SIM3
SIM4
1
21
22
SIM5
SIM1
SIM2
SIM3
SIM4
1
21
22
SIM5
SIM1
SIM2
SIM3
SIM4
1
21
22
SIM5
SIM1
SIM2
SIM3
SIM4
1
21
22
SIM5
SIM1
SIM2
SIM3
SIM4
1
21
22
SIM5
SIM1
SIM2
SIM3
SIM4
1
21
22
SIM5
SIM1
SIM2
SIM3
SIM4
1
21
22
SIM5
SIM1
SIM2
SIM3
SIM4
1
21
22
SIM5
SIM1
SIM2
DEBUG 1 803
SIM1
SIM2
SIM3
SIM4
1
21
22
SIM5
SIM1
SIM2
SIM3
SIM4
1
21
22
SIM5
SIM1
SIM2
SIM3
SIM4
1
21
22
SIM5
SIM1
SIM2
SIM3
SIM4
1
21
22
SIM5
SIM1
SIM2
SIM3
SIM4
1
21
22
SIM5
SIM1
SIM2
SIM3
SIM4
1
21
22
SIM5
SIM1
SIM2
SIM3
SIM4
1
21
22
SIM5
SIM1
SIM2
SIM3
SIM4
1
21
22
SIM5
SIM1
SIM2
SIM3
SIM4
1
21
22
SIM5
SIM1
SIM2
SIM3
SIM4
1
21
22
SIM5
SIM1
SIM2
SIM3
SIM4
1
21
22
SIM5
SIM1
SIM2
SIM3
SIM4
1
21
22
SIM5
SIM1
SIM2
SIM3
SIM4
1
21
22
SIM5
SIM1
SIM2
SIM3
SIM4
1
21
22
SIM5
SIM1
SIM2
SIM3
SIM4
1
21
22
SIM5
SIM1
SIM2
SIM3
SIM4
1
21
22
SIM5
SIM1
SIM2
SIM3
SIM4
1
21
22
SIM5
SIM1
SIM2
SIM3
SIM4
1
21
22
SIM5
SIM1
SIM2
SIM3
SIM4
1
21
22
SIM5
SIM1
SIM2
SIM3
SIM4
1
21
22
SIM5
SIM1
SIM2
SIM3
SIM4
1
21
22
SIM5
SIM1
SIM2
SIM3
SIM4
1
21
22
SIM5
SIM1
SIM2
SIM3
SIM4
1
21
22
SIM5
SIM1
SIM2
SIM3
SIM4
1
21
22
SIM5
SIM1
SIM2
SIM3
SIM4
1
21
22
SIM5
SIM1
SIM2
SIM3
SIM4
1
21
22
SIM5
SIM1
SIM2
SIM3
SIM4
1
21
22
SIM5
SIM1
SIM2
SIM3
SIM4
1
21
22
SIM5
SIM1
SIM2
SIM3
SIM4
1
21
22
SIM5
SIM1
SIM2
SIM3
SIM4
1
21
22
SIM5
SIM1
SIM2
SIM3
SIM4
1
21
22
SIM5
SIM1
SIM2
SIM3
SIM4
1
21
22
SIM5
SIM1
SIM2
SIM3
SIM4
1
21
22
SIM5
SIM1
SIM2
SIM3
SIM4
1
21
22
SIM5
SIM1
SIM2
SIM3
SIM4
1
21
22
SIM5
SIM1
SIM2
SIM3
SIM4
1
21
22
SIM5
SIM1
SIM2
SIM3
SIM4
1
21
22
SIM5
SIM1
SIM2
SIM3
SIM4
1
21
22
SIM5
SIM1
SIM2
SIM3
SIM4
1
21
22
SIM5
SIM1
SIM2
SIM3
SIM4
1
21
22
SIM5
SIM1
SIM2
SIM3
SIM4
1
21
22
SIM5
SIM1
SIM2
SIM3
SIM4
1
21
22
SIM5
SIM1
SIM2
SIM3
SIM4
1
21
22
SIM5
SIM1
SIM2
SIM3
SIM4
1
21
22
SIM5
SIM1
SIM2
SIM3
SIM4
1
21
22
SIM5
SIM1
SIM2
SIM3
SIM4
1
21
22
SIM5
SIM1
SIM2
SIM3
SIM4
1
21
22
SIM5
SIM1
SIM2
SIM3
SIM4
1
21
22
SIM5
SIM1
SIM2
SIM3
SIM4
1
21
22
SIM5
SIM1
SIM2
SIM3
SIM4
1
21
22
SIM5
SIM1
SIM2
SIM3
SIM4
1
21
22
SIM5
SIM1
SIM2
SIM3
SIM4
1
21
22
SIM5
SIM1
SIM2
SIM3
SIM4
1
21
22
SIM5
SIM1
SIM2
SIM3
SIM4
1
21
22
SIM5
SIM1
SIM2
SIM3
SIM4
1
21
22
SIM5
SIM1
SIM2
SIM3
SIM4
1
21
22
SIM5
SIM1
SIM2
SIM3
SIM4
1
21
22
SIM5
SIM1
SIM2
SIM3
SIM4
1
21
22
SIM5
SIM1
SIM2
SIM3
SIM4
1
21
22
SIM5
SIM1
SIM2
SIM3
SIM4
1
21
22
SIM5
SIM1
SIM2
SIM3
SIM4
1
21
22
SIM5
SIM1
SIM2
SIM3
SIM4
1
21
22
SIM5
SIM1
SIM2
SIM3
SIM4
1
21
22
SIM5
SIM1
SIM2
SIM3
SIM4
1
21
22
SIM5
SIM1
SIM2
SIM3
SIM4
1
21
22
SIM5
SIM1
SIM2
SIM3
SIM4
1
21
22
SIM5
SIM1
SIM2
SIM3
SIM4
1
21
22
SIM5
SIM1
SIM2
SIM3
SIM4
1
21
22
SIM5
SIM1
SIM2
SIM3
SIM4
1
21
22
SIM5
SIM1
SIM2
SIM3
SIM4
1
21
22
SIM5
SIM1
SIM2
SIM3
SIM4
1
21
22
SIM5
SIM1
SIM2
SIM3
SIM4
1
21
22
SIM5
SIM1
SIM2
SIM3
SIM4
1
21
22
SIM5
SIM1
SIM2
SIM3
SIM4
1
21
22
SIM5
SIM1
SIM2
SIM3
SIM4
1
21
22
SIM5
SIM1
SIM2
SIM3
SIM4
1
21
22
SIM5
SIM1
SIM2
SIM3
SIM4
1
21
22
SIM5
SIM1
SIM2
SIM3
SIM4
1
21
22
SIM5
SIM1
SIM2
SIM3
SIM4
1
21
22
SIM5
SIM1
SIM2
SIM3
SIM4
1
21
22
SIM5
SIM1
SIM2
SIM3
SIM4
1
21
22
SIM5
SIM1
SIM2
SIM3
SIM4
1
21
22
SIM5
SIM1
SIM2
SIM3
SIM4
1
21
22
SIM5
SIM1
SIM2
SIM3
SIM4
1
21
22
SIM5
SIM1
SIM2
SIM3
SIM4
1
21
22
SIM5
SIM1
SIM2
SIM3
SIM4
1
21
22
SIM5
SIM1
SIM2
SIM3
SIM4
1
21
22
SIM5
SIM1
SIM2
SIM3
SIM4
1
21
22
SIM5
SIM1
SIM2
SIM3
SIM4
1
21
22
SIM5
SIM1
SIM2
SIM3
SIM4
1
21
22
SIM5
SIM1
SIM2
SIM3
SIM4
1
21
22
SIM5
SIM1
SIM2
SIM3
SIM4
1
21
22
SIM5
SIM1
SIM2
SIM3
SIM4
1
21
22
SIM5
SIM1
SIM2
SIM3
SIM4
1
21
22
SIM5
SIM1
SIM2
SIM3
SIM4
1
21
22
SIM5
SIM1
SIM2
SIM3
SIM4
1
21
22
SIM5
SIM1
SIM2
SIM3
SIM4
1
21
22
SIM5
SIM1
SIM2
SIM3
SIM4
1
21
22
SIM5
SIM1
SIM2
SIM3
SIM4
1
21
22
SIM5
SIM1
SIM2
SIM3
SIM4
1
21
22
SIM5
SIM1
SIM2
SIM3
SIM4
1
21
22
SIM5
SIM1
SIM2
SIM3
SIM4
1
21
22
SIM5
SIM1
SIM2
SIM3
SIM4
1
21
22
SIM5
SIM1
SIM2
SIM3
SIM4
1
21
22
SIM5
SIM1
SIM2
SIM3
SIM4
1
21
22
SIM5
SIM1
SIM2
SIM3
SIM4
1
21
22
SIM5
SIM1
SIM2
SIM3
SIM4
1
21
22
SIM5
SIM1
SIM2
SIM3
SIM4
1
21
22
SIM5
SIM1
SIM2
SIM3
SIM4
1
21
22
SIM5
SIM1
SIM2
SIM3
SIM4
1
21
22
SIM5
SIM1
SIM2
SIM3
SIM4
1
21
22
SIM5
SIM1
SIM2
SIM3
SIM4
1
21
22
SIM5
SIM1
SIM2
SIM3
SIM4
1
21
22
SIM5
SIM1
SIM2
SIM3
SIM4
1
21
22
SIM5
SIM1
SIM2
SIM3
SIM4
1
21
22
SIM5
SIM1
SIM2
SIM3
SIM4
1
21
22
SIM5
SIM1
SIM2
SIM3
SIM4
1
21
22
SIM5
SIM1
SIM2
SIM3
SIM4
1
21
22
SIM5
SIM1
SIM2
SIM3
SIM4
1
21
22
SIM5
SIM1
SIM2
SIM3
SIM4
1
21
22
SIM5
SIM1
SIM2
SIM3
SIM4
1
21
22
SIM5
SIM1
SIM2
SIM3
SIM4
1
21
22
SIM5
SIM1
SIM2
SIM3
SIM4
1
21
22
SIM5
SIM1
SIM2
SIM3
SIM4
1
21
22
SIM5
SIM1
SIM2
SIM3
SIM4
1
21
22
SIM5
SIM1
SIM2
SIM3
SIM4
1
21
22
SIM5
SIM1
SIM2
SIM3
SIM4
1
21
22
SIM5
SIM1
SIM2
SIM3
SIM4
1
21
22
SIM5
SIM1
SIM2
SIM3
SIM4
1
21
22
SIM5
SIM1
SIM2
SIM3
SIM4
1
21
22
SIM5
SIM1
SIM2
SIM3
SIM4
1
21
22
SIM5
SIM1
SIM2
SIM3
SIM4
1
21
22
SIM5
SIM1
SIM2
SIM3
SIM4
1
21
22
SIM5
SIM1
SIM2
SIM3
SIM4
1
21
22
SIM5
SIM1
SIM2
SIM3
SIM4
1
21
22
SIM5
SIM1
SIM2
SIM3
SIM4
1
21
22
SIM5
SIM1
SIM2
SIM3
SIM4
1
21
22
SIM5
SIM1
SIM2
SIM3
SIM4
1
21
22
SIM5
SIM1
SIM2
SIM3
SIM4
1
21
22
SIM5
SIM1
SIM2
SIM3
SIM4
1
21
22
SIM5
SIM1
SIM2
SIM3
SIM4
1
21
22
SIM5
SIM1
SIM2
SIM3
SIM4
1
21
22
SIM5
SIM1
SIM2
SIM3
SIM4
1
21
22
SIM5
SIM1
SIM2
SIM3
SIM4
1
21
22
SIM5
SIM1
SIM2
SIM3
SIM4
1
21
22
SIM5
SIM1
SIM2
SIM3
SIM4
1
21
22
SIM5
SIM1
SIM2
SIM3
SIM4
1
21
22
SIM5
SIM1
SIM2
SIM3
SIM4
1
21
22
SIM5
SIM1
SIM2
SIM3
SIM4
1
21
22
SIM5
SIM1
SIM2
SIM3
SIM4
1
21
22
SIM5
SIM1
SIM2
SIM3
SIM4
1
21
22
SIM5
SIM1
SIM2
SIM3
SIM4
1
21
22
SIM5
SIM1
SIM2
SIM3
SIM4
1
21
22
SIM5
SIM1
SIM2
SIM3
SIM4
1
21
22
SIM5
SIM1
SIM2
SIM3
SIM4
1
21
22
SIM5
SIM1
SIM2
SIM3
SIM4
1
21
22
SIM5
SIM1
SIM2
SIM3
SIM4
1
21
22
SIM5
SIM1
SIM2
SIM3
SIM4
1
21
22
SIM5
SIM1
SIM2
SIM3
SIM4
1
21
22
SIM5
SIM1
SIM2
SIM3
SIM4
1
21
22
SIM5
SIM1
SIM2
SIM3
SIM4
1
21
22
SIM5
SIM1
SIM2
SIM3
SIM4
1
21
22
SIM5
SIM1
SIM2
SIM3
SIM4
1
21
22
SIM5
SIM1
SIM2
SIM3
SIM4
1
21
22
SIM5
SIM1
SIM2
SIM3
SIM4
1
21
22
SIM5
SIM1
SIM2
SIM3
SIM4
1
21
22
SIM5
SIM1
SIM2
SIM3
SIM4
1
21
22
SIM5
SIM1
SIM2
SIM3
SIM4
1
21
22
SIM5
SIM1
SIM2
SIM3
SIM4
1
21
22
SIM5
SIM1
SIM2
SIM3
SIM4
1
21
22
SIM5
SIM1
SIM2
SIM3
SIM4
1
21
22
SIM5
SIM1
SIM2
SIM3
SIM4
1
21
22
SIM5
SIM1
SIM2
SIM3
SIM4
1
21
22
SIM5
SIM1
SIM2
SIM3
SIM4
1
21
22
SIM5
SIM1
SIM2
SIM3
SIM4
1
21
22
SIM5
SIM1
SIM2
SIM3
SIM4
1
21
22
SIM5
SIM1
SIM2
SIM3
SIM4
1
21
22
SIM5
SIM1
SIM2
SIM3
SIM4
1
21
22
SIM5
SIM1
SIM2
SIM3
SIM4
1
21
22
SIM5
SIM1
SIM2
SIM3
SIM4
1
21
22
SIM5
SIM1
SIM2
SIM3
SIM4
1
21
22
SIM5
SIM1
SIM2
SIM3
SIM4
1
21
22
SIM5
SIM1
SIM2
SIM3
SIM4
1
21
22
SIM5
SIM1
SIM2
SIM3
SIM4
1
21
22
SIM5
SIM1
SIM2
SIM3
SIM4
1
21
22
SIM5
SIM1
SIM2
SIM3
SIM4
1
21
22
SIM5
SIM1
SIM2
SIM3
SIM4
1
21
22
SIM5
SIM1
SIM2
SIM3
SIM4
1
21
22
SIM5
SIM1
SIM2
SIM3
SIM4
1
21
22
SIM5
SIM1
SIM2
SIM3
SIM4
1
21
22
SIM5
SIM1
SIM2
SIM3
SIM4
1
21
22
SIM5
SIM1
SIM2
SIM3
SIM4
1
21
22
SIM5
SIM1
SIM2
SIM3
SIM4
1
21
22
SIM5
SIM1
SIM2
SIM3
SIM4
1
21
22
SIM5
SIM1
SIM2
DEBUG 1 804
SIM1
SIM2
SIM3
SIM4
1
21
22
SIM5
SIM1
SIM2
SIM3
SIM4
1
21
22
SIM5
SIM1
SIM2
SIM3
SIM4
1
21
22
SIM5
SIM1
SIM2
SIM3
SIM4
1
21
22
SIM5
SIM1
SIM2
SIM3
SIM4
1
21
22
SIM5
SIM1
SIM2
SIM3
SIM4
1
21
22
SIM5
SIM1
SIM2
SIM3
SIM4
1
21
22
SIM5
SIM1
SIM2
SIM3
SIM4
1
21
22
SIM5
SIM1
SIM2
SIM3
SIM4
1
21
22
SIM5
SIM1
SIM2
SIM3
SIM4
1
21
22
SIM5
SIM1
SIM2
SIM3
SIM4
1
21
22
SIM5
SIM1
SIM2
SIM3
SIM4
1
21
22
SIM5
SIM1
SIM2
SIM3
SIM4
1
21
22
SIM5
SIM1
SIM2
SIM3
SIM4
1
21
22
SIM5
SIM1
SIM2
SIM3
SIM4
1
21
22
SIM5
SIM1
SIM2
SIM3
SIM4
1
21
22
SIM5
SIM1
SIM2
SIM3
SIM4
1
21
22
SIM5
SIM1
SIM2
SIM3
SIM4
1
21
22
SIM5
SIM1
SIM2
SIM3
SIM4
1
21
22
SIM5
SIM1
SIM2
SIM3
SIM4
1
21
22
SIM5
SIM1
SIM2
SIM3
SIM4
1
21
22
SIM5
SIM1
SIM2
SIM3
SIM4
1
21
22
SIM5
SIM1
SIM2
SIM3
SIM4
1
21
22
SIM5
SIM1
SIM2
SIM3
SIM4
1
21
22
SIM5
SIM1
SIM2
SIM3
SIM4
1
21
22
SIM5
SIM1
SIM2
SIM3
SIM4
1
21
22
SIM5
SIM1
SIM2
SIM3
SIM4
1
21
22
SIM5
SIM1
SIM2
SIM3
SIM4
1
21
22
SIM5
SIM1
SIM2
SIM3
SIM4
1
21
22
SIM5
SIM1
SIM2
SIM3
SIM4
1
21
22
SIM5
SIM1
SIM2
SIM3
SIM4
1
21
22
SIM5
SIM1
SIM2
SIM3
SIM4
1
21
22
SIM5
SIM1
SIM2
SIM3
SIM4
1
21
22
SIM5
SIM1
SIM2
SIM3
SIM4
1
21
22
SIM5
SIM1
SIM2
SIM3
SIM4
1
21
22
SIM5
SIM1
SIM2
SIM3
SIM4
1
21
22
SIM5
SIM1
SIM2
SIM3
SIM4
1
21
22
SIM5
SIM1
SIM2
SIM3
SIM4
1
21
22
SIM5
SIM1
SIM2
SIM3
SIM4
1
21
22
SIM5
SIM1
SIM2
SIM3
SIM4
1
21
22
SIM5
SIM1
SIM2
SIM3
SIM4
1
21
22
SIM5
SIM1
SIM2
SIM3
SIM4
1
21
22
SIM5
SIM1
SIM2
SIM3
SIM4
1
21
22
SIM5
SIM1
SIM2
SIM3
SIM4
1
21
22
SIM5
SIM1
SIM2
SIM3
SIM4
1
21
22
SIM5
SIM1
SIM2
SIM3
SIM4
1
21
22
SIM5
SIM1
SIM2
SIM3
SIM4
1
21
22
SIM5
SIM1
SIM2
SIM3
SIM4
1
21
22
SIM5
SIM1
SIM2
SIM3
SIM4
1
21
22
SIM5
SIM1
SIM2
SIM3
SIM4
1
21
22
SIM5
SIM1
SIM2
SIM3
SIM4
1
21
22
SIM5
SIM1
SIM2
SIM3
SIM4
1
21
22
SIM5
SIM1
SIM2
SIM3
SIM4
1
21
22
SIM5
SIM1
SIM2
SIM3
SIM4
1
21
22
SIM5
SIM1
SIM2
SIM3
SIM4
1
21
22
SIM5
SIM1
SIM2
SIM3
SIM4
1
21
22
SIM5
SIM1
SIM2
SIM3
SIM4
1
21
22
SIM5
SIM1
SIM2
SIM3
SIM4
1
21
22
SIM5
SIM1
SIM2
SIM3
SIM4
1
21
22
SIM5
SIM1
SIM2
SIM3
SIM4
1
21
22
SIM5
SIM1
SIM2
SIM3
SIM4
1
21
22
SIM5
SIM1
SIM2
SIM3
SIM4
1
21
22
SIM5
SIM1
SIM2
SIM3
SIM4
1
21
22
SIM5
SIM1
SIM2
SIM3
SIM4
1
21
22
SIM5
SIM1
SIM2
SIM3
SIM4
1
21
22
SIM5
SIM1
SIM2
SIM3
SIM4
1
21
22
SIM5
SIM1
SIM2
SIM3
SIM4
1
21
22
SIM5
SIM1
SIM2
SIM3
SIM4
1
21
22
SIM5
SIM1
SIM2
SIM3
SIM4
1
21
22
SIM5
SIM1
SIM2
SIM3
SIM4
1
21
22
SIM5
SIM1
SIM2
SIM3
SIM4
1
21
22
SIM5
SIM1
SIM2
SIM3
SIM4
1
21
22
SIM5
SIM1
SIM2
SIM3
SIM4
1
21
22
SIM5
SIM1
SIM2
SIM3
SIM4
1
21
22
SIM5
SIM1
SIM2
SIM3
SIM4
1
21
22
SIM5
SIM1
SIM2
SIM3
SIM4
1
21
22
SIM5
SIM1
SIM2
SIM3
SIM4
1
21
22
SIM5
SIM1
SIM2
SIM3
SIM4
1
21
22
SIM5
SIM1
SIM2
SIM3
SIM4
1
21
22
SIM5
SIM1
SIM2
SIM3
SIM4
1
21
22
SIM5
SIM1
SIM2
SIM3
SIM4
1
21
22
SIM5
SIM1
SIM2
SIM3
SIM4
1
21
22
SIM5
SIM1
SIM2
SIM3
SIM4
1
21
22
SIM5
SIM1
SIM2
SIM3
SIM4
1
21
22
SIM5
SIM1
SIM2
SIM3
SIM4
1
21
22
SIM5
SIM1
SIM2
SIM3
SIM4
1
21
22
SIM5
SIM1
SIM2
SIM3
SIM4
1
21
22
SIM5
SIM1
SIM2
SIM3
SIM4
1
21
22
SIM5
SIM1
SIM2
SIM3
SIM4
1
21
22
SIM5
SIM1
SIM2
SIM3
SIM4
1
21
22
SIM5
SIM1
SIM2
SIM3
SIM4
1
21
22
SIM5
SIM1
SIM2
SIM3
SIM4
1
21
22
SIM5
SIM1
SIM2
SIM3
SIM4
1
21
22
SIM5
SIM1
SIM2
SIM3
SIM4
1
21
22
SIM5
SIM1
SIM2
SIM3
SIM4
1
21
22
SIM5
SIM1
SIM2
SIM3
SIM4
1
21
22
SIM5
SIM1
SIM2
SIM3
SIM4
1
21
22
SIM5
SIM1
SIM2
SIM3
SIM4
1
21
22
SIM5
SIM1
SIM2
SIM3
SIM4
1
21
22
SIM5
SIM1
SIM2
SIM3
SIM4
1
21
22
SIM5
SIM1
SIM2
SIM3
SIM4
1
21
22
SIM5
SIM1
SIM2
SIM3
SIM4
1
21
22
SIM5
SIM1
SIM2
SIM3
SIM4
1
21
22
SIM5
SIM1
SIM2
SIM3
SIM4
1
21
22
SIM5
SIM1
SIM2
SIM3
SIM4
1
21
22
SIM5
SIM1
SIM2
SIM3
SIM4
1
21
22
SIM5
SIM1
SIM2
SIM3
SIM4
1
21
22
SIM5
SIM1
SIM2
SIM3
SIM4
1
21
22
SIM5
SIM1
SIM2
SIM3
SIM4
1
21
22
SIM5
SIM1
SIM2
SIM3
SIM4
1
21
22
SIM5
SIM1
SIM2
SIM3
SIM4
1
21
22
SIM5
SIM1
SIM2
SIM3
SIM4
1
21
22
SIM5
SIM1
SIM2
SIM3
SIM4
1
21
22
SIM5
SIM1
SIM2
SIM3
SIM4
1
21
22
SIM5
SIM1
SIM2
SIM3
SIM4
1
21
22
SIM5
SIM1
SIM2
SIM3
SIM4
1
21
22
SIM5
SIM1
SIM2
SIM3
SIM4
1
21
22
SIM5
SIM1
SIM2
SIM3
SIM4
1
21
22
SIM5
SIM1
SIM2
SIM3
SIM4
1
21
22
SIM5
SIM1
SIM2
SIM3
SIM4
1
21
22
SIM5
SIM1
SIM2
SIM3
SIM4
1
21
22
SIM5
SIM1
SIM2
SIM3
SIM4
1
21
22
SIM5
SIM1
SIM2
SIM3
SIM4
1
21
22
SIM5
SIM1
SIM2
SIM3
SIM4
1
21
22
SIM5
SIM1
SIM2
SIM3
SIM4
1
21
22
SIM5
SIM1
SIM2
SIM3
SIM4
1
21
22
SIM5
SIM1
SIM2
SIM3
SIM4
1
21
22
SIM5
SIM1
SIM2
SIM3
SIM4
1
21
22
SIM5
SIM1
SIM2
SIM3
SIM4
1
21
22
SIM5
SIM1
SIM2
SIM3
SIM4
1
21
22
SIM5
SIM1
SIM2
SIM3
SIM4
1
21
22
SIM5
SIM1
SIM2
SIM3
SIM4
1
21
22
SIM5
SIM1
SIM2
SIM3
SIM4
1
21
22
SIM5
SIM1
SIM2
SIM3
SIM4
1
21
22
SIM5
SIM1
SIM2
SIM3
SIM4
1
21
22
SIM5
SIM1
SIM2
SIM3
SIM4
1
21
22
SIM5
SIM1
SIM2
SIM3
SIM4
1
21
22
SIM5
SIM1
SIM2
SIM3
SIM4
1
21
22
SIM5
SIM1
SIM2
SIM3
SIM4
1
21
22
SIM5
SIM1
SIM2
SIM3
SIM4
1
21
22
SIM5
SIM1
SIM2
SIM3
SIM4
1
21
22
SIM5
SIM1
SIM2
SIM3
SIM4
1
21
22
SIM5
SIM1
SIM2
SIM3
SIM4
1
21
22
SIM5
SIM1
SIM2
SIM3
SIM4
1
21
22
SIM5
SIM1
SIM2
SIM3
SIM4
1
21
22
SIM5
SIM1
SIM2
SIM3
SIM4
1
21
22
SIM5
SIM1
SIM2
SIM3
SIM4
1
21
22
SIM5
SIM1
SIM2
SIM3
SIM4
1
21
22
SIM5
SIM1
SIM2
SIM3
SIM4
1
21
22
SIM5
SIM1
SIM2
SIM3
SIM4
1
21
22
SIM5
SIM1
SIM2
SIM3
SIM4
1
21
22
SIM5
SIM1
SIM2
SIM3
SIM4
1
21
22
SIM5
SIM1
SIM2
SIM3
SIM4
1
21
22
SIM5
SIM1
SIM2
SIM3
SIM4
1
21
22
SIM5
SIM1
SIM2
SIM3
SIM4
1
21
22
SIM5
SIM1
SIM2
SIM3
SIM4
1
21
22
SIM5
SIM1
SIM2
SIM3
SIM4
1
21
22
SIM5
SIM1
SIM2
SIM3
SIM4
1
21
22
SIM5
SIM1
SIM2
SIM3
SIM4
1
21
22
SIM5
SIM1
SIM2
SIM3
SIM4
1
21
22
SIM5
SIM1
SIM2
SIM3
SIM4
1
21
22
SIM5
SIM1
SIM2
SIM3
SIM4
1
21
22
SIM5
SIM1
SIM2
SIM3
SIM4
1
21
22
SIM5
SIM1
SIM2
SIM3
SIM4
1
21
22
SIM5
SIM1
SIM2
SIM3
SIM4
1
21
22
SIM5
SIM1
SIM2
SIM3
SIM4
1
21
22
SIM5
SIM1
SIM2
SIM3
SIM4
1
21
22
SIM5
SIM1
SIM2
SIM3
SIM4
1
21
22
SIM5
SIM1
SIM2
SIM3
SIM4
1
21
22
SIM5
SIM1
SIM2
SIM3
SIM4
1
21
22
SIM5
SIM1
SIM2
SIM3
SIM4
1
21
22
SIM5
SIM1
SIM2
SIM3
SIM4
1
21
22
SIM5
SIM1
SIM2
SIM3
SIM4
1
21
22
SIM5
SIM1
SIM2
SIM3
SIM4
1
21
22
SIM5
SIM1
SIM2
SIM3
SIM4
1
21
22
SIM5
SIM1
SIM2
SIM3
SIM4
1
21
22
SIM5
SIM1
SIM2
SIM3
SIM4
1
21
22
SIM5
SIM1
SIM2
SIM3
SIM4
1
21
22
SIM5
SIM1
SIM2
SIM3
SIM4
1
21
22
SIM5
SIM1
SIM2
SIM3
SIM4
1
21
22
SIM5
SIM1
SIM2
SIM3
SIM4
1
21
22
SIM5
SIM1
SIM2
SIM3
SIM4
1
21
22
SIM5
SIM1
SIM2
SIM3
SIM4
1
21
22
SIM5
SIM1
SIM2
SIM3
SIM4
1
21
22
SIM5
SIM1
SIM2
SIM3
SIM4
1
21
22
SIM5
SIM1
SIM2
SIM3
SIM4
1
21
22
SIM5
SIM1
SIM2
SIM3
SIM4
1
21
22
SIM5
SIM1
SIM2
SIM3
SIM4
1
21
22
SIM5
SIM1
SIM2
SIM3
SIM4
1
21
22
SIM5
SIM1
SIM2
SIM3
SIM4
1
21
22
SIM5
SIM1
SIM2
SIM3
SIM4
1
21
22
SIM5
SIM1
SIM2
SIM3
SIM4
1
21
22
SIM5
SIM1
SIM2
SIM3
SIM4
1
21
22
SIM5
SIM1
SIM2
SIM3
SIM4
1
21
22
SIM5
SIM1
SIM2
SIM3
SIM4
1
21
22
SIM5
SIM1
SIM2
SIM3
SIM4
1
21
22
SIM5
SIM1
SIM2
SIM3
SIM4
1
21
22
SIM5
SIM1
SIM2
SIM3
SIM4
1
21
22
SIM5
SIM1
SIM2
SIM3
SIM4
1
21
22
SIM5
SIM1
SIM2
SIM3
SIM4
1
21
22
SIM5
SIM1
SIM2
SIM3
SIM4
1
21
22
SIM5
SIM1
SIM2
SIM3
SIM4
1
21
22
SIM5
SIM1
SIM2
SIM3
SIM4
1
21
22
SIM5
SIM1
SIM2
SIM3
SIM4
1
21
22
SIM5
SIM1
SIM2
SIM3
SIM4
1
21
22
SIM5
SIM1
SIM2
SIM3
SIM4
1
21
22
SIM5
SIM1
SIM2
SIM3
SIM4
1
21
22
SIM5
SIM1
SIM2
SIM3
SIM4
1
21
22
SIM5
SIM1
SIM2
SIM3
SIM4
1
21
22
SIM5
SIM1
SIM2
SIM3
SIM4
1
21
22
SIM5
SIM1
SIM2
SIM3
SIM4
1
21
22
SIM5
SIM1
SIM2
SIM3
SIM4
1
21
22
SIM5
SIM1
SIM2
SIM3
SIM4
1
21
22
SIM5
SIM1
SIM2
SIM3
SIM4
1
21
22
SIM5
SIM1
SIM2
SIM3
SIM4
1
21
22
SIM5
SIM1
SIM2
SIM3
SIM4
1
21
22
SIM5
SIM1
SIM2
SIM3
SIM4
1
21
22
SIM5
SIM1
SIM2
SIM3
SIM4
1
21
22
SIM5
SIM1
SIM2
SIM3
SIM4
1
21
22
SIM5
SIM1
SIM2
SIM3
SIM4
1
21
22
SIM5
SIM1
SIM2
SIM3
SIM4
1
21
22
SIM5
SIM1
SIM2
SIM3
SIM4
1
21
22
SIM5
SIM1
SIM2
SIM3
SIM4
1
21
22
SIM5
SIM1
SIM2
SIM3
SIM4
1
21
22
SIM5
SIM1
SIM2
SIM3
SIM4
1
21
22
SIM5
SIM1
SIM2
SIM3
SIM4
1
21
22
SIM5
SIM1
SIM2
SIM3
SIM4
1
21
22
SIM5
SIM1
SIM2
SIM3
SIM4
1
21
22
SIM5
SIM1
SIM2
SIM3
SIM4
1
21
22
SIM5
SIM1
SIM2
SIM3
SIM4
1
21
22
SIM5
SIM1
SIM2
SIM3
SIM4
1
21
22
SIM5
SIM1
SIM2
SIM3
SIM4
1
21
22
SIM5
SIM1
SIM2
SIM3
SIM4
1
21
22
SIM5
SIM1
SIM2
SIM3
SIM4
1
21
22
SIM5
SIM1
SIM2
SIM3
SIM4
1
21
22
SIM5
SIM1
SIM2
SIM3
SIM4
1
21
22
SIM5
SIM1
SIM2
SIM3
SIM4
1
21
22
SIM5
SIM1
SIM2
SIM3
SIM4
1
21
22
SIM5
SIM1
SIM2
SIM3
SIM4
1
21
22
SIM5
SIM1
SIM2
SIM3
SIM4
1
21
22
SIM5
SIM1
SIM2
SIM3
SIM4
1
21
22
SIM5
SIM1
SIM2
SIM3
SIM4
1
21
22
SIM5
SIM1
SIM2
SIM3
SIM4
1
21
22
SIM5
SIM1
SIM2
SIM3
SIM4
1
21
22
SIM5
SIM1
SIM2
SIM3
SIM4
1
21
22
SIM5
SIM1
SIM2
SIM3
SIM4
1
21
22
SIM5
SIM1
SIM2
SIM3
SIM4
1
21
22
SIM5
SIM1
SIM2
SIM3
SIM4
1
21
22
SIM5
SIM1
SIM2
SIM3
SIM4
1
21
22
SIM5
SIM1
SIM2
SIM3
SIM4
1
21
22
SIM5
SIM1
SIM2
SIM3
SIM4
1
21
22
SIM5
SIM1
SIM2
SIM3
SIM4
1
21
22
SIM5
SIM1
SIM2
SIM3
SIM4
1
21
22
SIM5
SIM1
SIM2
SIM3
SIM4
1
21
22
SIM5
SIM1
SIM2
SIM3
SIM4
1
21
22
SIM5
SIM1
SIM2
SIM3
SIM4
1
21
22
SIM5
SIM1
SIM2
SIM3
SIM4
1
21
22
SIM5
SIM1
SIM2
SIM3
SIM4
1
21
22
SIM5
SIM1
SIM2
SIM3
SIM4
1
21
22
SIM5
SIM1
SIM2
SIM3
SIM4
1
21
22
SIM5
SIM1
SIM2
SIM3
SIM4
1
21
22
SIM5
SIM1
SIM2
SIM3
SIM4
1
21
22
SIM5
SIM1
SIM2
SIM3
SIM4
1
21
22
SIM5
SIM1
SIM2
SIM3
SIM4
1
21
22
SIM5
SIM1
SIM2
SIM3
SIM4
1
21
22
SIM5
SIM1
SIM2
SIM3
SIM4
1
21
22
SIM5
SIM1
SIM2
SIM3
SIM4
1
21
22
SIM5
SIM1
SIM2
SIM3
SIM4
1
21
22
SIM5
SIM1
SIM2
SIM3
SIM4
1
21
22
SIM5
SIM1
SIM2
SIM3
SIM4
1
21
22
SIM5
SIM1
SIM2
SIM3
SIM4
1
21
22
SIM5
SIM1
SIM2
SIM3
SIM4
1
21
22
SIM5
SIM1
SIM2
SIM3
SIM4
1
21
22
SIM5
SIM1
SIM2
SIM3
SIM4
1
21
22
SIM5
SIM1
SIM2
SIM3
SIM4
1
21
22
SIM5
SIM1
SIM2
SIM3
SIM4
1
21
22
SIM5
SIM1
SIM2
SIM3
SIM4
1
21
22
SIM5
SIM1
SIM2
SIM3
SIM4
1
21
22
SIM5
SIM1
SIM2
SIM3
SIM4
1
21
22
SIM5
SIM1
SIM2
SIM3
SIM4
1
21
22
SIM5
SIM1
SIM2
SIM3
SIM4
1
21
22
SIM5
SIM1
SIM2
SIM3
SIM4
1
21
22
SIM5
SIM1
SIM2
SIM3
SIM4
1
21
22
SIM5
SIM1
SIM2
DEBUG 1 805
SIM1
SIM2
SIM3
SIM4
1
21
22
SIM5
SIM1
SIM2
SIM3
SIM4
1
21
22
SIM5
SIM1
SIM2
SIM3
SIM4
1
21
22
SIM5
SIM1
SIM2
SIM3
SIM4
1
21
22
SIM5
SIM1
SIM2
SIM3
SIM4
1
21
22
SIM5
SIM1
SIM2
SIM3
SIM4
1
21
22
SIM5
SIM1
SIM2
SIM3
SIM4
1
21
22
SIM5
SIM1
SIM2
SIM3
SIM4
1
21
22
SIM5
SIM1
SIM2
SIM3
SIM4
1
21
22
SIM5
SIM1
SIM2
SIM3
SIM4
1
21
22
SIM5
SIM1
SIM2
SIM3
SIM4
1
21
22
SIM5
SIM1
SIM2
SIM3
SIM4
1
21
22
SIM5
SIM1
SIM2
SIM3
SIM4
1
21
22
SIM5
SIM1
SIM2
SIM3
SIM4
1
21
22
SIM5
SIM1
SIM2
SIM3
SIM4
1
21
22
SIM5
SIM1
SIM2
SIM3
SIM4
1
21
22
SIM5
SIM1
SIM2
SIM3
SIM4
1
21
22
SIM5
SIM1
SIM2
SIM3
SIM4
1
21
22
SIM5
SIM1
SIM2
SIM3
SIM4
1
21
22
SIM5
SIM1
SIM2
SIM3
SIM4
1
21
22
SIM5
SIM1
SIM2
SIM3
SIM4
1
21
22
SIM5
SIM1
SIM2
SIM3
SIM4
1
21
22
SIM5
SIM1
SIM2
SIM3
SIM4
1
21
22
SIM5
SIM1
SIM2
SIM3
SIM4
1
21
22
SIM5
SIM1
SIM2
SIM3
SIM4
1
21
22
SIM5
SIM1
SIM2
SIM3
SIM4
1
21
22
SIM5
SIM1
SIM2
SIM3
SIM4
1
21
22
SIM5
SIM1
SIM2
SIM3
SIM4
1
21
22
SIM5
SIM1
SIM2
SIM3
SIM4
1
21
22
SIM5
SIM1
SIM2
SIM3
SIM4
1
21
22
SIM5
SIM1
SIM2
SIM3
SIM4
1
21
22
SIM5
SIM1
SIM2
SIM3
SIM4
1
21
22
SIM5
SIM1
SIM2
SIM3
SIM4
1
21
22
SIM5
SIM1
SIM2
SIM3
SIM4
1
21
22
SIM5
SIM1
SIM2
SIM3
SIM4
1
21
22
SIM5
SIM1
SIM2
SIM3
SIM4
1
21
22
SIM5
SIM1
SIM2
SIM3
SIM4
1
21
22
SIM5
SIM1
SIM2
SIM3
SIM4
1
21
22
SIM5
SIM1
SIM2
SIM3
SIM4
1
21
22
SIM5
SIM1
SIM2
SIM3
SIM4
1
21
22
SIM5
SIM1
SIM2
SIM3
SIM4
1
21
22
SIM5
SIM1
SIM2
SIM3
SIM4
1
21
22
SIM5
SIM1
SIM2
SIM3
SIM4
1
21
22
SIM5
SIM1
SIM2
SIM3
SIM4
1
21
22
SIM5
SIM1
SIM2
SIM3
SIM4
1
21
22
SIM5
SIM1
SIM2
SIM3
SIM4
1
21
22
SIM5
SIM1
SIM2
SIM3
SIM4
1
21
22
SIM5
SIM1
SIM2
SIM3
SIM4
1
21
22
SIM5
SIM1
SIM2
SIM3
SIM4
1
21
22
SIM5
SIM1
SIM2
SIM3
SIM4
1
21
22
SIM5
SIM1
SIM2
SIM3
SIM4
1
21
22
SIM5
SIM1
SIM2
SIM3
SIM4
1
21
22
SIM5
SIM1
SIM2
SIM3
SIM4
1
21
22
SIM5
SIM1
SIM2
SIM3
SIM4
1
21
22
SIM5
SIM1
SIM2
SIM3
SIM4
1
21
22
SIM5
SIM1
SIM2
SIM3
SIM4
1
21
22
SIM5
SIM1
SIM2
SIM3
SIM4
1
21
22
SIM5
SIM1
SIM2
SIM3
SIM4
1
21
22
SIM5
SIM1
SIM2
SIM3
SIM4
1
21
22
SIM5
SIM1
SIM2
SIM3
SIM4
1
21
22
SIM5
SIM1
SIM2
SIM3
SIM4
1
21
22
SIM5
SIM1
SIM2
SIM3
SIM4
1
21
22
SIM5
SIM1
SIM2
SIM3
SIM4
1
21
22
SIM5
SIM1
SIM2
SIM3
SIM4
1
21
22
SIM5
SIM1
SIM2
SIM3
SIM4
1
21
22
SIM5
SIM1
SIM2
SIM3
SIM4
1
21
22
SIM5
SIM1
SIM2
SIM3
SIM4
1
21
22
SIM5
SIM1
SIM2
SIM3
SIM4
1
21
22
SIM5
SIM1
SIM2
SIM3
SIM4
1
21
22
SIM5
SIM1
SIM2
SIM3
SIM4
1
21
22
SIM5
SIM1
SIM2
SIM3
SIM4
1
21
22
SIM5
SIM1
SIM2
SIM3
SIM4
1
21
22
SIM5
SIM1
SIM2
SIM3
SIM4
1
21
22
SIM5
SIM1
SIM2
SIM3
SIM4
1
21
22
SIM5
SIM1
SIM2
SIM3
SIM4
1
21
22
SIM5
SIM1
SIM2
SIM3
SIM4
1
21
22
SIM5
SIM1
SIM2
SIM3
SIM4
1
21
22
SIM5
SIM1
SIM2
SIM3
SIM4
1
21
22
SIM5
SIM1
SIM2
SIM3
SIM4
1
21
22
SIM5
SIM1
SIM2
SIM3
SIM4
1
21
22
SIM5
SIM1
SIM2
SIM3
SIM4
1
21
22
SIM5
SIM1
SIM2
SIM3
SIM4
1
21
22
SIM5
SIM1
SIM2
SIM3
SIM4
1
21
22
SIM5
SIM1
SIM2
SIM3
SIM4
1
21
22
SIM5
SIM1
SIM2
SIM3
SIM4
1
21
22
SIM5
SIM1
SIM2
SIM3
SIM4
1
21
22
SIM5
SIM1
SIM2
SIM3
SIM4
1
21
22
SIM5
SIM1
SIM2
SIM3
SIM4
1
21
22
SIM5
SIM1
SIM2
SIM3
SIM4
1
21
22
SIM5
SIM1
SIM2
SIM3
SIM4
1
21
22
SIM5
SIM1
SIM2
SIM3
SIM4
1
21
22
SIM5
SIM1
SIM2
SIM3
SIM4
1
21
22
SIM5
SIM1
SIM2
SIM3
SIM4
1
21
22
SIM5
SIM1
SIM2
SIM3
SIM4
1
21
22
SIM5
SIM1
SIM2
SIM3
SIM4
1
21
22
SIM5
SIM1
SIM2
SIM3
SIM4
1
21
22
SIM5
SIM1
SIM2
SIM3
SIM4
1
21
22
SIM5
SIM1
SIM2
SIM3
SIM4
1
21
22
SIM5
SIM1
SIM2
SIM3
SIM4
1
21
22
SIM5
SIM1
SIM2
SIM3
SIM4
1
21
22
SIM5
SIM1
SIM2
SIM3
SIM4
1
21
22
SIM5
SIM1
SIM2
SIM3
SIM4
1
21
22
SIM5
SIM1
SIM2
SIM3
SIM4
1
21
22
SIM5
SIM1
SIM2
SIM3
SIM4
1
21
22
SIM5
SIM1
SIM2
SIM3
SIM4
1
21
22
SIM5
SIM1
SIM2
SIM3
SIM4
1
21
22
SIM5
SIM1
SIM2
SIM3
SIM4
1
21
22
SIM5
SIM1
SIM2
SIM3
SIM4
1
21
22
SIM5
SIM1
SIM2
SIM3
SIM4
1
21
22
SIM5
SIM1
SIM2
SIM3
SIM4
1
21
22
SIM5
SIM1
SIM2
SIM3
SIM4
1
21
22
SIM5
SIM1
SIM2
SIM3
SIM4
1
21
22
SIM5
SIM1
SIM2
SIM3
SIM4
1
21
22
SIM5
SIM1
SIM2
SIM3
SIM4
1
21
22
SIM5
SIM1
SIM2
SIM3
SIM4
1
21
22
SIM5
SIM1
SIM2
SIM3
SIM4
1
21
22
SIM5
SIM1
SIM2
SIM3
SIM4
1
21
22
SIM5
SIM1
SIM2
SIM3
SIM4
1
21
22
SIM5
SIM1
SIM2
SIM3
SIM4
1
21
22
SIM5
SIM1
SIM2
SIM3
SIM4
1
21
22
SIM5
SIM1
SIM2
SIM3
SIM4
1
21
22
SIM5
SIM1
SIM2
SIM3
SIM4
1
21
22
SIM5
SIM1
SIM2
SIM3
SIM4
1
21
22
SIM5
SIM1
SIM2
SIM3
SIM4
1
21
22
SIM5
SIM1
SIM2
SIM3
SIM4
1
21
22
SIM5
SIM1
SIM2
SIM3
SIM4
1
21
22
SIM5
SIM1
SIM2
SIM3
SIM4
1
21
22
SIM5
SIM1
SIM2
SIM3
SIM4
1
21
22
SIM5
SIM1
SIM2
SIM3
SIM4
1
21
22
SIM5
SIM1
SIM2
SIM3
SIM4
1
21
22
SIM5
SIM1
SIM2
SIM3
SIM4
1
21
22
SIM5
SIM1
SIM2
SIM3
SIM4
1
21
22
SIM5
SIM1
SIM2
SIM3
SIM4
1
21
22
SIM5
SIM1
SIM2
SIM3
SIM4
1
21
22
SIM5
SIM1
SIM2
SIM3
SIM4
1
21
22
SIM5
SIM1
SIM2
SIM3
SIM4
1
21
22
SIM5
SIM1
SIM2
SIM3
SIM4
1
21
22
SIM5
SIM1
SIM2
SIM3
SIM4
1
21
22
SIM5
SIM1
SIM2
SIM3
SIM4
1
21
22
SIM5
SIM1
SIM2
SIM3
SIM4
1
21
22
SIM5
SIM1
SIM2
SIM3
SIM4
1
21
22
SIM5
SIM1
SIM2
SIM3
SIM4
1
21
22
SIM5
SIM1
SIM2
SIM3
SIM4
1
21
22
SIM5
SIM1
SIM2
SIM3
SIM4
1
21
22
SIM5
SIM1
SIM2
SIM3
SIM4
1
21
22
SIM5
SIM1
SIM2
SIM3
SIM4
1
21
22
SIM5
SIM1
SIM2
DEBUG 1 806
SIM1
SIM2
SIM3
SIM4
1
21
22
SIM5
SIM1
SIM2
SIM3
SIM4
1
21
22
SIM5
SIM1
SIM2
SIM3
SIM4
1
21
22
SIM5
SIM1
SIM2
SIM3
SIM4
1
21
22
SIM5
SIM1
SIM2
SIM3
SIM4
1
21
22
SIM5
SIM1
SIM2
SIM3
SIM4
1
21
22
SIM5
SIM1
SIM2
SIM3
SIM4
1
21
22
SIM5
SIM1
SIM2
SIM3
SIM4
1
21
22
SIM5
SIM1
SIM2
SIM3
SIM4
1
21
22
SIM5
SIM1
SIM2
SIM3
SIM4
1
21
22
SIM5
SIM1
SIM2
SIM3
SIM4
1
21
22
SIM5
SIM1
SIM2
SIM3
SIM4
1
21
22
SIM5
SIM1
SIM2
SIM3
SIM4
1
21
22
SIM5
SIM1
SIM2
SIM3
SIM4
1
21
22
SIM5
SIM1
SIM2
SIM3
SIM4
1
21
22
SIM5
SIM1
SIM2
SIM3
SIM4
1
21
22
SIM5
SIM1
SIM2
SIM3
SIM4
1
21
22
SIM5
SIM1
SIM2
SIM3
SIM4
1
21
22
SIM5
SIM1
SIM2
SIM3
SIM4
1
21
22
SIM5
SIM1
SIM2
SIM3
SIM4
1
21
22
SIM5
SIM1
SIM2
SIM3
SIM4
1
21
22
SIM5
SIM1
SIM2
SIM3
SIM4
1
21
22
SIM5
SIM1
SIM2
SIM3
SIM4
1
21
22
SIM5
SIM1
SIM2
SIM3
SIM4
1
21
22
SIM5
SIM1
SIM2
SIM3
SIM4
1
21
22
SIM5
SIM1
SIM2
SIM3
SIM4
1
21
22
SIM5
SIM1
SIM2
SIM3
SIM4
1
21
22
SIM5
SIM1
SIM2
SIM3
SIM4
1
21
22
SIM5
SIM1
SIM2
SIM3
SIM4
1
21
22
SIM5
SIM1
SIM2
SIM3
SIM4
1
21
22
SIM5
SIM1
SIM2
SIM3
SIM4
1
21
22
SIM5
SIM1
SIM2
SIM3
SIM4
1
21
22
SIM5
SIM1
SIM2
SIM3
SIM4
1
21
22
SIM5
SIM1
SIM2
SIM3
SIM4
1
21
22
SIM5
SIM1
SIM2
SIM3
SIM4
1
21
22
SIM5
SIM1
SIM2
SIM3
SIM4
1
21
22
SIM5
SIM1
SIM2
SIM3
SIM4
1
21
22
SIM5
SIM1
SIM2
SIM3
SIM4
1
21
22
SIM5
SIM1
SIM2
SIM3
SIM4
1
21
22
SIM5
SIM1
SIM2
SIM3
SIM4
1
21
22
SIM5
SIM1
SIM2
SIM3
SIM4
1
21
22
SIM5
SIM1
SIM2
SIM3
SIM4
1
21
22
SIM5
SIM1
SIM2
SIM3
SIM4
1
21
22
SIM5
SIM1
SIM2
SIM3
SIM4
1
21
22
SIM5
SIM1
SIM2
SIM3
SIM4
1
21
22
SIM5
SIM1
SIM2
SIM3
SIM4
1
21
22
SIM5
SIM1
SIM2
SIM3
SIM4
1
21
22
SIM5
SIM1
SIM2
SIM3
SIM4
1
21
22
SIM5
SIM1
SIM2
SIM3
SIM4
1
21
22
SIM5
SIM1
SIM2
SIM3
SIM4
1
21
22
SIM5
SIM1
SIM2
SIM3
SIM4
1
21
22
SIM5
SIM1
SIM2
SIM3
SIM4
1
21
22
SIM5
SIM1
SIM2
SIM3
SIM4
1
21
22
SIM5
SIM1
SIM2
SIM3
SIM4
1
21
22
SIM5
SIM1
SIM2
SIM3
SIM4
1
21
22
SIM5
SIM1
SIM2
SIM3
SIM4
1
21
22
SIM5
SIM1
SIM2
SIM3
SIM4
1
21
22
SIM5
SIM1
SIM2
SIM3
SIM4
1
21
22
SIM5
SIM1
SIM2
SIM3
SIM4
1
21
22
SIM5
SIM1
SIM2
SIM3
SIM4
1
21
22
SIM5
SIM1
SIM2
SIM3
SIM4
1
21
22
SIM5
SIM1
SIM2
SIM3
SIM4
1
21
22
SIM5
SIM1
SIM2
SIM3
SIM4
1
21
22
SIM5
SIM1
SIM2
SIM3
SIM4
1
21
22
SIM5
SIM1
SIM2
SIM3
SIM4
1
21
22
SIM5
SIM1
SIM2
SIM3
SIM4
1
21
22
SIM5
SIM1
SIM2
SIM3
SIM4
1
21
22
SIM5
SIM1
SIM2
SIM3
SIM4
1
21
22
SIM5
SIM1
SIM2
SIM3
SIM4
1
21
22
SIM5
SIM1
SIM2
SIM3
SIM4
1
21
22
SIM5
SIM1
SIM2
SIM3
SIM4
1
21
22
SIM5
SIM1
SIM2
SIM3
SIM4
1
21
22
SIM5
SIM1
SIM2
SIM3
SIM4
1
21
22
SIM5
SIM1
SIM2
SIM3
SIM4
1
21
22
SIM5
SIM1
SIM2
SIM3
SIM4
1
21
22
SIM5
SIM1
SIM2
SIM3
SIM4
1
21
22
SIM5
SIM1
SIM2
SIM3
SIM4
1
21
22
SIM5
SIM1
SIM2
SIM3
SIM4
1
21
22
SIM5
SIM1
SIM2
SIM3
SIM4
1
21
22
SIM5
SIM1
SIM2
SIM3
SIM4
1
21
22
SIM5
SIM1
SIM2
SIM3
SIM4
1
21
22
SIM5
SIM1
SIM2
SIM3
SIM4
1
21
22
SIM5
SIM1
SIM2
SIM3
SIM4
1
21
22
SIM5
SIM1
SIM2
SIM3
SIM4
1
21
22
SIM5
SIM1
SIM2
SIM3
SIM4
1
21
22
SIM5
SIM1
SIM2
SIM3
SIM4
1
21
22
SIM5
SIM1
SIM2
SIM3
SIM4
1
21
22
SIM5
SIM1
SIM2
SIM3
SIM4
1
21
22
SIM5
SIM1
SIM2
SIM3
SIM4
1
21
22
SIM5
SIM1
SIM2
SIM3
SIM4
1
21
22
SIM5
SIM1
SIM2
SIM3
SIM4
1
21
22
SIM5
SIM1
SIM2
SIM3
SIM4
1
21
22
SIM5
SIM1
SIM2
SIM3
SIM4
1
21
22
SIM5
SIM1
SIM2
SIM3
SIM4
1
21
22
SIM5
SIM1
SIM2
SIM3
SIM4
1
21
22
SIM5
SIM1
SIM2
SIM3
SIM4
1
21
22
SIM5
SIM1
SIM2
SIM3
SIM4
1
21
22
SIM5
SIM1
SIM2
SIM3
SIM4
1
21
22
SIM5
SIM1
SIM2
SIM3
SIM4
1
21
22
SIM5
SIM1
SIM2
SIM3
SIM4
1
21
22
SIM5
SIM1
SIM2
SIM3
SIM4
1
21
22
SIM5
SIM1
SIM2
SIM3
SIM4
1
21
22
SIM5
SIM1
SIM2
SIM3
SIM4
1
21
22
SIM5
SIM1
SIM2
SIM3
SIM4
1
21
22
SIM5
SIM1
SIM2
SIM3
SIM4
1
21
22
SIM5
SIM1
SIM2
SIM3
SIM4
1
21
22
SIM5
SIM1
SIM2
SIM3
SIM4
1
21
22
SIM5
SIM1
SIM2
SIM3
SIM4
1
21
22
SIM5
SIM1
SIM2
SIM3
SIM4
1
21
22
SIM5
SIM1
SIM2
SIM3
SIM4
1
21
22
SIM5
SIM1
SIM2
SIM3
SIM4
1
21
22
SIM5
SIM1
SIM2
SIM3
SIM4
1
21
22
SIM5
SIM1
SIM2
SIM3
SIM4
1
21
22
SIM5
SIM1
SIM2
SIM3
SIM4
1
21
22
SIM5
SIM1
SIM2
SIM3
SIM4
1
21
22
SIM5
SIM1
SIM2
SIM3
SIM4
1
21
22
SIM5
SIM1
SIM2
SIM3
SIM4
1
21
22
SIM5
SIM1
SIM2
SIM3
SIM4
1
21
22
SIM5
SIM1
SIM2
SIM3
SIM4
1
21
22
SIM5
SIM1
SIM2
SIM3
SIM4
1
21
22
SIM5
SIM1
SIM2
SIM3
SIM4
1
21
22
SIM5
SIM1
SIM2
SIM3
SIM4
1
21
22
SIM5
SIM1
SIM2
SIM3
SIM4
1
21
22
SIM5
SIM1
SIM2
SIM3
SIM4
1
21
22
SIM5
SIM1
SIM2
SIM3
SIM4
1
21
22
SIM5
SIM1
SIM2
SIM3
SIM4
1
21
22
SIM5
SIM1
SIM2
SIM3
SIM4
1
21
22
SIM5
SIM1
SIM2
SIM3
SIM4
1
21
22
SIM5
SIM1
SIM2
SIM3
SIM4
1
21
22
SIM5
SIM1
SIM2
SIM3
SIM4
1
21
22
SIM5
SIM1
SIM2
SIM3
SIM4
1
21
22
SIM5
SIM1
SIM2
SIM3
SIM4
1
21
22
SIM5
SIM1
SIM2
SIM3
SIM4
1
21
22
SIM5
SIM1
SIM2
SIM3
SIM4
1
21
22
SIM5
SIM1
SIM2
SIM3
SIM4
1
21
22
SIM5
SIM1
SIM2
SIM3
SIM4
1
21
22
SIM5
SIM1
SIM2
SIM3
SIM4
1
21
22
SIM5
SIM1
SIM2
SIM3
SIM4
1
21
22
SIM5
SIM1
SIM2
SIM3
SIM4
1
21
22
SIM5
SIM1
SIM2
SIM3
SIM4
1
21
22
SIM5
SIM1
SIM2
SIM3
SIM4
1
21
22
SIM5
SIM1
SIM2
SIM3
SIM4
1
21
22
SIM5
SIM1
SIM2
SIM3
SIM4
1
21
22
SIM5
SIM1
SIM2
SIM3
SIM4
1
21
22
SIM5
SIM1
SIM2
SIM3
SIM4
1
21
22
SIM5
SIM1
SIM2
SIM3
SIM4
1
21
22
SIM5
SIM1
SIM2
SIM3
SIM4
1
21
22
SIM5
SIM1
SIM2
SIM3
SIM4
1
21
22
SIM5
SIM1
SIM2
SIM3
SIM4
1
21
22
SIM5
SIM1
SIM2
SIM3
SIM4
1
21
22
SIM5
SIM1
SIM2
SIM3
SIM4
1
21
22
SIM5
SIM1
SIM2
SIM3
SIM4
1
21
22
SIM5
SIM1
SIM2
SIM3
SIM4
1
21
22
SIM5
SIM1
SIM2
SIM3
SIM4
1
21
22
SIM5
SIM1
SIM2
SIM3
SIM4
1
21
22
SIM5
SIM1
SIM2
SIM3
SIM4
1
21
22
SIM5
SIM1
SIM2
SIM3
SIM4
1
21
22
SIM5
SIM1
SIM2
SIM3
SIM4
1
21
22
SIM5
SIM1
SIM2
SIM3
SIM4
1
21
22
SIM5
SIM1
SIM2
SIM3
SIM4
1
21
22
SIM5
SIM1
SIM2
SIM3
SIM4
1
21
22
SIM5
SIM1
SIM2
SIM3
SIM4
1
21
22
SIM5
SIM1
SIM2
SIM3
SIM4
1
21
22
SIM5
SIM1
SIM2
SIM3
SIM4
1
21
22
SIM5
SIM1
SIM2
SIM3
SIM4
1
21
22
SIM5
SIM1
SIM2
SIM3
SIM4
1
21
22
SIM5
SIM1
SIM2
SIM3
SIM4
1
21
22
SIM5
SIM1
SIM2
SIM3
SIM4
1
21
22
SIM5
SIM1
SIM2
SIM3
SIM4
1
21
22
SIM5
SIM1
SIM2
SIM3
SIM4
1
21
22
SIM5
SIM1
SIM2
SIM3
SIM4
1
21
22
SIM5
SIM1
SIM2
SIM3
SIM4
1
21
22
SIM5
SIM1
SIM2
SIM3
SIM4
1
21
22
SIM5
SIM1
SIM2
SIM3
SIM4
1
21
22
SIM5
SIM1
SIM2
SIM3
SIM4
1
21
22
SIM5
SIM1
SIM2
SIM3
SIM4
1
21
22
SIM5
SIM1
SIM2
SIM3
SIM4
1
21
22
SIM5
SIM1
SIM2
SIM3
SIM4
1
21
22
SIM5
SIM1
SIM2
SIM3
SIM4
1
21
22
SIM5
SIM1
SIM2
SIM3
SIM4
1
21
22
SIM5
SIM1
SIM2
SIM3
SIM4
1
21
22
SIM5
SIM1
SIM2
SIM3
SIM4
1
21
22
SIM5
SIM1
SIM2
SIM3
SIM4
1
21
22
SIM5
SIM1
SIM2
SIM3
SIM4
1
21
22
SIM5
SIM1
SIM2
SIM3
SIM4
1
21
22
SIM5
SIM1
SIM2
SIM3
SIM4
1
21
22
SIM5
SIM1
SIM2
SIM3
SIM4
1
21
22
SIM5
SIM1
SIM2
SIM3
SIM4
1
21
22
SIM5
SIM1
SIM2
SIM3
SIM4
1
21
22
SIM5
SIM1
SIM2
SIM3
SIM4
1
21
22
SIM5
SIM1
SIM2
SIM3
SIM4
1
21
22
SIM5
SIM1
SIM2
SIM3
SIM4
1
21
22
SIM5
SIM1
SIM2
SIM3
SIM4
1
21
22
SIM5
SIM1
SIM2
SIM3
SIM4
1
21
22
SIM5
SIM1
SIM2
SIM3
SIM4
1
21
22
SIM5
SIM1
SIM2
SIM3
SIM4
1
21
22
SIM5
SIM1
SIM2
SIM3
SIM4
1
21
22
SIM5
SIM1
SIM2
SIM3
SIM4
1
21
22
SIM5
SIM1
SIM2
SIM3
SIM4
1
21
22
SIM5
SIM1
SIM2
SIM3
SIM4
1
21
22
SIM5
SIM1
SIM2
SIM3
SIM4
1
21
22
SIM5
SIM1
SIM2
SIM3
SIM4
1
21
22
SIM5
SIM1
SIM2
SIM3
SIM4
1
21
22
SIM5
SIM1
SIM2
SIM3
SIM4
1
21
22
SIM5
SIM1
SIM2
DEBUG 1 807
SIM1
SIM2
SIM3
SIM4
1
21
22
SIM5
SIM1
SIM2
SIM3
SIM4
1
21
22
SIM5
SIM1
SIM2
SIM3
SIM4
1
21
22
SIM5
SIM1
SIM2
SIM3
SIM4
1
21
22
SIM5
SIM1
SIM2
SIM3
SIM4
1
21
22
SIM5
SIM1
SIM2
SIM3
SIM4
1
21
22
SIM5
SIM1
SIM2
SIM3
SIM4
1
21
22
SIM5
SIM1
SIM2
SIM3
SIM4
1
21
22
SIM5
SIM1
SIM2
SIM3
SIM4
1
21
22
SIM5
SIM1
SIM2
SIM3
SIM4
1
21
22
SIM5
SIM1
SIM2
SIM3
SIM4
1
21
22
SIM5
SIM1
SIM2
SIM3
SIM4
1
21
22
SIM5
SIM1
SIM2
SIM3
SIM4
1
21
22
SIM5
SIM1
SIM2
SIM3
SIM4
1
21
22
SIM5
SIM1
SIM2
SIM3
SIM4
1
21
22
SIM5
SIM1
SIM2
SIM3
SIM4
1
21
22
SIM5
SIM1
SIM2
SIM3
SIM4
1
21
22
SIM5
SIM1
SIM2
SIM3
SIM4
1
21
22
SIM5
SIM1
SIM2
SIM3
SIM4
1
21
22
SIM5
SIM1
SIM2
SIM3
SIM4
1
21
22
SIM5
SIM1
SIM2
SIM3
SIM4
1
21
22
SIM5
SIM1
SIM2
SIM3
SIM4
1
21
22
SIM5
SIM1
SIM2
SIM3
SIM4
1
21
22
SIM5
SIM1
SIM2
SIM3
SIM4
1
21
22
SIM5
SIM1
SIM2
SIM3
SIM4
1
21
22
SIM5
SIM1
SIM2
SIM3
SIM4
1
21
22
SIM5
SIM1
SIM2
SIM3
SIM4
1
21
22
SIM5
SIM1
SIM2
SIM3
SIM4
1
21
22
SIM5
SIM1
SIM2
SIM3
SIM4
1
21
22
SIM5
SIM1
SIM2
SIM3
SIM4
1
21
22
SIM5
SIM1
SIM2
SIM3
SIM4
1
21
22
SIM5
SIM1
SIM2
SIM3
SIM4
1
21
22
SIM5
SIM1
SIM2
SIM3
SIM4
1
21
22
SIM5
SIM1
SIM2
SIM3
SIM4
1
21
22
SIM5
SIM1
SIM2
SIM3
SIM4
1
21
22
SIM5
SIM1
SIM2
SIM3
SIM4
1
21
22
SIM5
SIM1
SIM2
SIM3
SIM4
1
21
22
SIM5
SIM1
SIM2
SIM3
SIM4
1
21
22
SIM5
SIM1
SIM2
SIM3
SIM4
1
21
22
SIM5
SIM1
SIM2
SIM3
SIM4
1
21
22
SIM5
SIM1
SIM2
SIM3
SIM4
1
21
22
SIM5
SIM1
SIM2
SIM3
SIM4
1
21
22
SIM5
SIM1
SIM2
SIM3
SIM4
1
21
22
SIM5
SIM1
SIM2
SIM3
SIM4
1
21
22
SIM5
SIM1
SIM2
SIM3
SIM4
1
21
22
SIM5
SIM1
SIM2
SIM3
SIM4
1
21
22
SIM5
SIM1
SIM2
SIM3
SIM4
1
21
22
SIM5
SIM1
SIM2
SIM3
SIM4
1
21
22
SIM5
SIM1
SIM2
SIM3
SIM4
1
21
22
SIM5
SIM1
SIM2
SIM3
SIM4
1
21
22
SIM5
SIM1
SIM2
SIM3
SIM4
1
21
22
SIM5
SIM1
SIM2
SIM3
SIM4
1
21
22
SIM5
SIM1
SIM2
SIM3
SIM4
1
21
22
SIM5
SIM1
SIM2
SIM3
SIM4
1
21
22
SIM5
SIM1
SIM2
SIM3
SIM4
1
21
22
SIM5
SIM1
SIM2
SIM3
SIM4
1
21
22
SIM5
SIM1
SIM2
SIM3
SIM4
1
21
22
SIM5
SIM1
SIM2
SIM3
SIM4
1
21
22
SIM5
SIM1
SIM2
SIM3
SIM4
1
21
22
SIM5
SIM1
SIM2
SIM3
SIM4
1
21
22
SIM5
SIM1
SIM2
SIM3
SIM4
1
21
22
SIM5
SIM1
SIM2
SIM3
SIM4
1
21
22
SIM5
SIM1
SIM2
SIM3
SIM4
1
21
22
SIM5
SIM1
SIM2
SIM3
SIM4
1
21
22
SIM5
SIM1
SIM2
SIM3
SIM4
1
21
22
SIM5
SIM1
SIM2
SIM3
SIM4
1
21
22
SIM5
SIM1
SIM2
SIM3
SIM4
1
21
22
SIM5
SIM1
SIM2
SIM3
SIM4
1
21
22
SIM5
SIM1
SIM2
SIM3
SIM4
1
21
22
SIM5
SIM1
SIM2
SIM3
SIM4
1
21
22
SIM5
SIM1
SIM2
SIM3
SIM4
1
21
22
SIM5
SIM1
SIM2
SIM3
SIM4
1
21
22
SIM5
SIM1
SIM2
SIM3
SIM4
1
21
22
SIM5
SIM1
SIM2
SIM3
SIM4
1
21
22
SIM5
SIM1
SIM2
SIM3
SIM4
1
21
22
SIM5
SIM1
SIM2
SIM3
SIM4
1
21
22
SIM5
SIM1
SIM2
SIM3
SIM4
1
21
22
SIM5
SIM1
SIM2
SIM3
SIM4
1
21
22
SIM5
SIM1
SIM2
SIM3
SIM4
1
21
22
SIM5
SIM1
SIM2
SIM3
SIM4
1
21
22
SIM5
SIM1
SIM2
SIM3
SIM4
1
21
22
SIM5
SIM1
SIM2
SIM3
SIM4
1
21
22
SIM5
SIM1
SIM2
SIM3
SIM4
1
21
22
SIM5
SIM1
SIM2
SIM3
SIM4
1
21
22
SIM5
SIM1
SIM2
SIM3
SIM4
1
21
22
SIM5
SIM1
SIM2
SIM3
SIM4
1
21
22
SIM5
SIM1
SIM2
SIM3
SIM4
1
21
22
SIM5
SIM1
SIM2
SIM3
SIM4
1
21
22
SIM5
SIM1
SIM2
SIM3
SIM4
1
21
22
SIM5
SIM1
SIM2
SIM3
SIM4
1
21
22
SIM5
SIM1
SIM2
SIM3
SIM4
1
21
22
SIM5
SIM1
SIM2
SIM3
SIM4
1
21
22
SIM5
SIM1
SIM2
SIM3
SIM4
1
21
22
SIM5
SIM1
SIM2
SIM3
SIM4
1
21
22
SIM5
SIM1
SIM2
SIM3
SIM4
1
21
22
SIM5
SIM1
SIM2
SIM3
SIM4
1
21
22
SIM5
SIM1
SIM2
SIM3
SIM4
1
21
22
SIM5
SIM1
SIM2
SIM3
SIM4
1
21
22
SIM5
SIM1
SIM2
SIM3
SIM4
1
21
22
SIM5
SIM1
SIM2
SIM3
SIM4
1
21
22
SIM5
SIM1
SIM2
SIM3
SIM4
1
21
22
SIM5
SIM1
SIM2
SIM3
SIM4
1
21
22
SIM5
SIM1
SIM2
SIM3
SIM4
1
21
22
SIM5
SIM1
SIM2
SIM3
SIM4
1
21
22
SIM5
SIM1
SIM2
SIM3
SIM4
1
21
22
SIM5
SIM1
SIM2
SIM3
SIM4
1
21
22
SIM5
SIM1
SIM2
SIM3
SIM4
1
21
22
SIM5
SIM1
SIM2
SIM3
SIM4
1
21
22
SIM5
SIM1
SIM2
SIM3
SIM4
1
21
22
SIM5
SIM1
SIM2
SIM3
SIM4
1
21
22
SIM5
SIM1
SIM2
SIM3
SIM4
1
21
22
SIM5
SIM1
SIM2
SIM3
SIM4
1
21
22
SIM5
SIM1
SIM2
SIM3
SIM4
1
21
22
SIM5
SIM1
SIM2
SIM3
SIM4
1
21
22
SIM5
SIM1
SIM2
SIM3
SIM4
1
21
22
SIM5
SIM1
SIM2
SIM3
SIM4
1
21
22
SIM5
SIM1
SIM2
SIM3
SIM4
1
21
22
SIM5
SIM1
SIM2
SIM3
SIM4
1
21
22
SIM5
SIM1
SIM2
SIM3
SIM4
1
21
22
SIM5
SIM1
SIM2
SIM3
SIM4
1
21
22
SIM5
SIM1
SIM2
SIM3
SIM4
1
21
22
SIM5
SIM1
SIM2
SIM3
SIM4
1
21
22
SIM5
SIM1
SIM2
SIM3
SIM4
1
21
22
SIM5
SIM1
SIM2
SIM3
SIM4
1
21
22
SIM5
SIM1
SIM2
SIM3
SIM4
1
21
22
SIM5
SIM1
SIM2
SIM3
SIM4
1
21
22
SIM5
SIM1
SIM2
SIM3
SIM4
1
21
22
SIM5
SIM1
SIM2
SIM3
SIM4
1
21
22
SIM5
SIM1
SIM2
SIM3
SIM4
1
21
22
SIM5
SIM1
SIM2
SIM3
SIM4
1
21
22
SIM5
SIM1
SIM2
SIM3
SIM4
1
21
22
SIM5
SIM1
SIM2
SIM3
SIM4
1
21
22
SIM5
SIM1
SIM2
SIM3
SIM4
1
21
22
SIM5
SIM1
SIM2
SIM3
SIM4
1
21
22
SIM5
SIM1
SIM2
SIM3
SIM4
1
21
22
SIM5
SIM1
SIM2
SIM3
SIM4
1
21
22
SIM5
SIM1
SIM2
SIM3
SIM4
1
21
22
SIM5
SIM1
SIM2
SIM3
SIM4
1
21
22
SIM5
SIM1
SIM2
SIM3
SIM4
1
21
22
SIM5
SIM1
SIM2
SIM3
SIM4
1
21
22
SIM5
SIM1
SIM2
DEBUG 1 808
SIM1
SIM2
SIM3
SIM4
1
21
22
SIM5
SIM1
SIM2
SIM3
SIM4
1
21
22
SIM5
SIM1
SIM2
SIM3
SIM4
1
21
22
SIM5
SIM1
SIM2
SIM3
SIM4
1
21
22
SIM5
SIM1
SIM2
SIM3
SIM4
1
21
22
SIM5
SIM1
SIM2
SIM3
SIM4
1
21
22
SIM5
SIM1
SIM2
SIM3
SIM4
1
21
22
SIM5
SIM1
SIM2
SIM3
SIM4
1
21
22
SIM5
SIM1
SIM2
SIM3
SIM4
1
21
22
SIM5
SIM1
SIM2
SIM3
SIM4
1
21
22
SIM5
SIM1
SIM2
SIM3
SIM4
1
21
22
SIM5
SIM1
SIM2
SIM3
SIM4
1
21
22
SIM5
SIM1
SIM2
SIM3
SIM4
1
21
22
SIM5
SIM1
SIM2
SIM3
SIM4
1
21
22
SIM5
SIM1
SIM2
SIM3
SIM4
1
21
22
SIM5
SIM1
SIM2
SIM3
SIM4
1
21
22
SIM5
SIM1
SIM2
SIM3
SIM4
1
21
22
SIM5
SIM1
SIM2
SIM3
SIM4
1
21
22
SIM5
SIM1
SIM2
SIM3
SIM4
1
21
22
SIM5
SIM1
SIM2
SIM3
SIM4
1
21
22
SIM5
SIM1
SIM2
SIM3
SIM4
1
21
22
SIM5
SIM1
SIM2
SIM3
SIM4
1
21
22
SIM5
SIM1
SIM2
SIM3
SIM4
1
21
22
SIM5
SIM1
SIM2
SIM3
SIM4
1
21
22
SIM5
SIM1
SIM2
SIM3
SIM4
1
21
22
SIM5
SIM1
SIM2
SIM3
SIM4
1
21
22
SIM5
SIM1
SIM2
SIM3
SIM4
1
21
22
SIM5
SIM1
SIM2
SIM3
SIM4
1
21
22
SIM5
SIM1
SIM2
SIM3
SIM4
1
21
22
SIM5
SIM1
SIM2
SIM3
SIM4
1
21
22
SIM5
SIM1
SIM2
SIM3
SIM4
1
21
22
SIM5
SIM1
SIM2
SIM3
SIM4
1
21
22
SIM5
SIM1
SIM2
SIM3
SIM4
1
21
22
SIM5
SIM1
SIM2
SIM3
SIM4
1
21
22
SIM5
SIM1
SIM2
SIM3
SIM4
1
21
22
SIM5
SIM1
SIM2
SIM3
SIM4
1
21
22
SIM5
SIM1
SIM2
SIM3
SIM4
1
21
22
SIM5
SIM1
SIM2
SIM3
SIM4
1
21
22
SIM5
SIM1
SIM2
SIM3
SIM4
1
21
22
SIM5
SIM1
SIM2
SIM3
SIM4
1
21
22
SIM5
SIM1
SIM2
SIM3
SIM4
1
21
22
SIM5
SIM1
SIM2
SIM3
SIM4
1
21
22
SIM5
SIM1
SIM2
SIM3
SIM4
1
21
22
SIM5
SIM1
SIM2
SIM3
SIM4
1
21
22
SIM5
SIM1
SIM2
SIM3
SIM4
1
21
22
SIM5
SIM1
SIM2
SIM3
SIM4
1
21
22
SIM5
SIM1
SIM2
SIM3
SIM4
1
21
22
SIM5
SIM1
SIM2
SIM3
SIM4
1
21
22
SIM5
SIM1
SIM2
SIM3
SIM4
1
21
22
SIM5
SIM1
SIM2
SIM3
SIM4
1
21
22
SIM5
SIM1
SIM2
SIM3
SIM4
1
21
22
SIM5
SIM1
SIM2
SIM3
SIM4
1
21
22
SIM5
SIM1
SIM2
SIM3
SIM4
1
21
22
SIM5
SIM1
SIM2
SIM3
SIM4
1
21
22
SIM5
SIM1
SIM2
SIM3
SIM4
1
21
22
SIM5
SIM1
SIM2
SIM3
SIM4
1
21
22
SIM5
SIM1
SIM2
SIM3
SIM4
1
21
22
SIM5
SIM1
SIM2
SIM3
SIM4
1
21
22
SIM5
SIM1
SIM2
SIM3
SIM4
1
21
22
SIM5
SIM1
SIM2
SIM3
SIM4
1
21
22
SIM5
SIM1
SIM2
SIM3
SIM4
1
21
22
SIM5
SIM1
SIM2
SIM3
SIM4
1
21
22
SIM5
SIM1
SIM2
SIM3
SIM4
1
21
22
SIM5
SIM1
SIM2
SIM3
SIM4
1
21
22
SIM5
SIM1
SIM2
SIM3
SIM4
1
21
22
SIM5
SIM1
SIM2
SIM3
SIM4
1
21
22
SIM5
SIM1
SIM2
SIM3
SIM4
1
21
22
SIM5
SIM1
SIM2
SIM3
SIM4
1
21
22
SIM5
SIM1
SIM2
SIM3
SIM4
1
21
22
SIM5
SIM1
SIM2
SIM3
SIM4
1
21
22
SIM5
SIM1
SIM2
SIM3
SIM4
1
21
22
SIM5
SIM1
SIM2
SIM3
SIM4
1
21
22
SIM5
SIM1
SIM2
SIM3
SIM4
1
21
22
SIM5
SIM1
SIM2
SIM3
SIM4
1
21
22
SIM5
SIM1
SIM2
SIM3
SIM4
1
21
22
SIM5
SIM1
SIM2
SIM3
SIM4
1
21
22
SIM5
SIM1
SIM2
SIM3
SIM4
1
21
22
SIM5
SIM1
SIM2
SIM3
SIM4
1
21
22
SIM5
SIM1
SIM2
SIM3
SIM4
1
21
22
SIM5
SIM1
SIM2
SIM3
SIM4
1
21
22
SIM5
SIM1
SIM2
SIM3
SIM4
1
21
22
SIM5
SIM1
SIM2
SIM3
SIM4
1
21
22
SIM5
SIM1
SIM2
SIM3
SIM4
1
21
22
SIM5
SIM1
SIM2
SIM3
SIM4
1
21
22
SIM5
SIM1
SIM2
SIM3
SIM4
1
21
22
SIM5
SIM1
SIM2
SIM3
SIM4
1
21
22
SIM5
SIM1
SIM2
SIM3
SIM4
1
21
22
SIM5
SIM1
SIM2
SIM3
SIM4
1
21
22
SIM5
SIM1
SIM2
SIM3
SIM4
1
21
22
SIM5
SIM1
SIM2
SIM3
SIM4
1
21
22
SIM5
SIM1
SIM2
SIM3
SIM4
1
21
22
SIM5
SIM1
SIM2
SIM3
SIM4
1
21
22
SIM5
SIM1
SIM2
SIM3
SIM4
1
21
22
SIM5
SIM1
SIM2
SIM3
SIM4
1
21
22
SIM5
SIM1
SIM2
SIM3
SIM4
1
21
22
SIM5
SIM1
SIM2
SIM3
SIM4
1
21
22
SIM5
SIM1
SIM2
SIM3
SIM4
1
21
22
SIM5
SIM1
SIM2
SIM3
SIM4
1
21
22
SIM5
SIM1
SIM2
SIM3
SIM4
1
21
22
SIM5
SIM1
SIM2
SIM3
SIM4
1
21
22
SIM5
SIM1
SIM2
SIM3
SIM4
1
21
22
SIM5
SIM1
SIM2
SIM3
SIM4
1
21
22
SIM5
SIM1
SIM2
DEBUG 1 809
SIM1
SIM2
SIM3
SIM4
1
21
22
SIM5
SIM1
SIM2
SIM3
SIM4
1
21
22
SIM5
SIM1
SIM2
SIM3
SIM4
1
21
22
SIM5
SIM1
SIM2
SIM3
SIM4
1
21
22
SIM5
SIM1
SIM2
SIM3
SIM4
1
21
22
SIM5
SIM1
SIM2
SIM3
SIM4
1
21
22
SIM5
SIM1
SIM2
SIM3
SIM4
1
21
22
SIM5
SIM1
SIM2
SIM3
SIM4
1
21
22
SIM5
SIM1
SIM2
SIM3
SIM4
1
21
22
SIM5
SIM1
SIM2
SIM3
SIM4
1
21
22
SIM5
SIM1
SIM2
SIM3
SIM4
1
21
22
SIM5
SIM1
SIM2
SIM3
SIM4
1
21
22
SIM5
SIM1
SIM2
SIM3
SIM4
1
21
22
SIM5
SIM1
SIM2
SIM3
SIM4
1
21
22
SIM5
SIM1
SIM2
SIM3
SIM4
1
21
22
SIM5
SIM1
SIM2
SIM3
SIM4
1
21
22
SIM5
SIM1
SIM2
SIM3
SIM4
1
21
22
SIM5
SIM1
SIM2
SIM3
SIM4
1
21
22
SIM5
SIM1
SIM2
SIM3
SIM4
1
21
22
SIM5
SIM1
SIM2
SIM3
SIM4
1
21
22
SIM5
SIM1
SIM2
SIM3
SIM4
1
21
22
SIM5
SIM1
SIM2
SIM3
SIM4
1
21
22
SIM5
SIM1
SIM2
SIM3
SIM4
1
21
22
SIM5
SIM1
SIM2
SIM3
SIM4
1
21
22
SIM5
SIM1
SIM2
SIM3
SIM4
1
21
22
SIM5
SIM1
SIM2
SIM3
SIM4
1
21
22
SIM5
SIM1
SIM2
SIM3
SIM4
1
21
22
SIM5
SIM1
SIM2
SIM3
SIM4
1
21
22
SIM5
SIM1
SIM2
SIM3
SIM4
1
21
22
SIM5
SIM1
SIM2
SIM3
SIM4
1
21
22
SIM5
SIM1
SIM2
SIM3
SIM4
1
21
22
SIM5
SIM1
SIM2
SIM3
SIM4
1
21
22
SIM5
SIM1
SIM2
SIM3
SIM4
1
21
22
SIM5
SIM1
SIM2
SIM3
SIM4
1
21
22
SIM5
SIM1
SIM2
SIM3
SIM4
1
21
22
SIM5
SIM1
SIM2
SIM3
SIM4
1
21
22
SIM5
SIM1
SIM2
SIM3
SIM4
1
21
22
SIM5
SIM1
SIM2
SIM3
SIM4
1
21
22
SIM5
SIM1
SIM2
SIM3
SIM4
1
21
22
SIM5
SIM1
SIM2
SIM3
SIM4
1
21
22
SIM5
SIM1
SIM2
SIM3
SIM4
1
21
22
SIM5
SIM1
SIM2
SIM3
SIM4
1
21
22
SIM5
SIM1
SIM2
SIM3
SIM4
1
21
22
SIM5
SIM1
SIM2
SIM3
SIM4
1
21
22
SIM5
SIM1
SIM2
SIM3
SIM4
1
21
22
SIM5
SIM1
SIM2
SIM3
SIM4
1
21
22
SIM5
SIM1
SIM2
SIM3
SIM4
1
21
22
SIM5
SIM1
SIM2
SIM3
SIM4
1
21
22
SIM5
SIM1
SIM2
SIM3
SIM4
1
21
22
SIM5
SIM1
SIM2
SIM3
SIM4
1
21
22
SIM5
SIM1
SIM2
SIM3
SIM4
1
21
22
SIM5
SIM1
SIM2
SIM3
SIM4
1
21
22
SIM5
SIM1
SIM2
SIM3
SIM4
1
21
22
SIM5
SIM1
SIM2
SIM3
SIM4
1
21
22
SIM5
SIM1
SIM2
SIM3
SIM4
1
21
22
SIM5
SIM1
SIM2
SIM3
SIM4
1
21
22
SIM5
SIM1
SIM2
SIM3
SIM4
1
21
22
SIM5
SIM1
SIM2
SIM3
SIM4
1
21
22
SIM5
SIM1
SIM2
SIM3
SIM4
1
21
22
SIM5
SIM1
SIM2
SIM3
SIM4
1
21
22
SIM5
SIM1
SIM2
SIM3
SIM4
1
21
22
SIM5
SIM1
SIM2
SIM3
SIM4
1
21
22
SIM5
SIM1
SIM2
SIM3
SIM4
1
21
22
SIM5
SIM1
SIM2
SIM3
SIM4
1
21
22
SIM5
SIM1
SIM2
SIM3
SIM4
1
21
22
SIM5
SIM1
SIM2
SIM3
SIM4
1
21
22
SIM5
SIM1
SIM2
SIM3
SIM4
1
21
22
SIM5
SIM1
SIM2
SIM3
SIM4
1
21
22
SIM5
SIM1
SIM2
SIM3
SIM4
1
21
22
SIM5
SIM1
SIM2
SIM3
SIM4
1
21
22
SIM5
SIM1
SIM2
SIM3
SIM4
1
21
22
SIM5
SIM1
SIM2
SIM3
SIM4
1
21
22
SIM5
SIM1
SIM2
SIM3
SIM4
1
21
22
SIM5
SIM1
SIM2
SIM3
SIM4
1
21
22
SIM5
SIM1
SIM2
SIM3
SIM4
1
21
22
SIM5
SIM1
SIM2
SIM3
SIM4
1
21
22
SIM5
SIM1
SIM2
SIM3
SIM4
1
21
22
SIM5
SIM1
SIM2
SIM3
SIM4
1
21
22
SIM5
SIM1
SIM2
SIM3
SIM4
1
21
22
SIM5
SIM1
SIM2
SIM3
SIM4
1
21
22
SIM5
SIM1
SIM2
SIM3
SIM4
1
21
22
SIM5
SIM1
SIM2
SIM3
SIM4
1
21
22
SIM5
SIM1
SIM2
SIM3
SIM4
1
21
22
SIM5
SIM1
SIM2
SIM3
SIM4
1
21
22
SIM5
SIM1
SIM2
SIM3
SIM4
1
21
22
SIM5
SIM1
SIM2
SIM3
SIM4
1
21
22
SIM5
SIM1
SIM2
SIM3
SIM4
1
21
22
SIM5
SIM1
SIM2
SIM3
SIM4
1
21
22
SIM5
SIM1
SIM2
SIM3
SIM4
1
21
22
SIM5
SIM1
SIM2
SIM3
SIM4
1
21
22
SIM5
SIM1
SIM2
SIM3
SIM4
1
21
22
SIM5
SIM1
SIM2
SIM3
SIM4
1
21
22
SIM5
SIM1
SIM2
SIM3
SIM4
1
21
22
SIM5
SIM1
SIM2
SIM3
SIM4
1
21
22
SIM5
SIM1
SIM2
SIM3
SIM4
1
21
22
SIM5
SIM1
SIM2
SIM3
SIM4
1
21
22
SIM5
SIM1
SIM2
SIM3
SIM4
1
21
22
SIM5
SIM1
SIM2
SIM3
SIM4
1
21
22
SIM5
SIM1
SIM2
SIM3
SIM4
1
21
22
SIM5
SIM1
SIM2
SIM3
SIM4
1
21
22
SIM5
SIM1
SIM2
SIM3
SIM4
1
21
22
SIM5
SIM1
SIM2
SIM3
SIM4
1
21
22
SIM5
SIM1
SIM2
SIM3
SIM4
1
21
22
SIM5
SIM1
SIM2
SIM3
SIM4
1
21
22
SIM5
SIM1
SIM2
SIM3
SIM4
1
21
22
SIM5
SIM1
SIM2
SIM3
SIM4
1
21
22
SIM5
SIM1
SIM2
SIM3
SIM4
1
21
22
SIM5
SIM1
SIM2
SIM3
SIM4
1
21
22
SIM5
SIM1
SIM2
SIM3
SIM4
1
21
22
SIM5
SIM1
SIM2
SIM3
SIM4
1
21
22
SIM5
SIM1
SIM2
SIM3
SIM4
1
21
22
SIM5
SIM1
SIM2
SIM3
SIM4
1
21
22
SIM5
SIM1
SIM2
SIM3
SIM4
1
21
22
SIM5
SIM1
SIM2
SIM3
SIM4
1
21
22
SIM5
SIM1
SIM2
SIM3
SIM4
1
21
22
SIM5
SIM1
SIM2
SIM3
SIM4
1
21
22
SIM5
SIM1
SIM2
SIM3
SIM4
1
21
22
SIM5
SIM1
SIM2
SIM3
SIM4
1
21
22
SIM5
SIM1
SIM2
SIM3
SIM4
1
21
22
SIM5
SIM1
SIM2
SIM3
SIM4
1
21
22
SIM5
SIM1
SIM2
SIM3
SIM4
1
21
22
SIM5
SIM1
SIM2
SIM3
SIM4
1
21
22
SIM5
SIM1
SIM2
SIM3
SIM4
1
21
22
SIM5
SIM1
SIM2
SIM3
SIM4
1
21
22
SIM5
SIM1
SIM2
SIM3
SIM4
1
21
22
SIM5
SIM1
SIM2
SIM3
SIM4
1
21
22
SIM5
SIM1
SIM2
SIM3
SIM4
1
21
22
SIM5
SIM1
SIM2
SIM3
SIM4
1
21
22
SIM5
SIM1
SIM2
SIM3
SIM4
1
21
22
SIM5
SIM1
SIM2
SIM3
SIM4
1
21
22
SIM5
SIM1
SIM2
SIM3
SIM4
1
21
22
SIM5
SIM1
SIM2
SIM3
SIM4
1
21
22
SIM5
SIM1
SIM2
SIM3
SIM4
1
21
22
SIM5
SIM1
SIM2
SIM3
SIM4
1
21
22
SIM5
SIM1
SIM2
SIM3
SIM4
1
21
22
SIM5
SIM1
SIM2
SIM3
SIM4
1
21
22
SIM5
SIM1
SIM2
SIM3
SIM4
1
21
22
SIM5
SIM1
SIM2
DEBUG 1 810
SIM1
SIM2
SIM3
SIM4
1
21
22
SIM5
SIM1
SIM2
SIM3
SIM4
1
21
22
SIM5
SIM1
SIM2
SIM3
SIM4
1
21
22
SIM5
SIM1
SIM2
SIM3
SIM4
1
21
22
SIM5
SIM1
SIM2
SIM3
SIM4
1
21
22
SIM5
SIM1
SIM2
SIM3
SIM4
1
21
22
SIM5
SIM1
SIM2
SIM3
SIM4
1
21
22
SIM5
SIM1
SIM2
SIM3
SIM4
1
21
22
SIM5
SIM1
SIM2
SIM3
SIM4
1
21
22
SIM5
SIM1
SIM2
SIM3
SIM4
1
21
22
SIM5
SIM1
SIM2
SIM3
SIM4
1
21
22
SIM5
SIM1
SIM2
SIM3
SIM4
1
21
22
SIM5
SIM1
SIM2
SIM3
SIM4
1
21
22
SIM5
SIM1
SIM2
SIM3
SIM4
1
21
22
SIM5
SIM1
SIM2
SIM3
SIM4
1
21
22
SIM5
SIM1
SIM2
SIM3
SIM4
1
21
22
SIM5
SIM1
SIM2
SIM3
SIM4
1
21
22
SIM5
SIM1
SIM2
SIM3
SIM4
1
21
22
SIM5
SIM1
SIM2
SIM3
SIM4
1
21
22
SIM5
SIM1
SIM2
SIM3
SIM4
1
21
22
SIM5
SIM1
SIM2
SIM3
SIM4
1
21
22
SIM5
SIM1
SIM2
SIM3
SIM4
1
21
22
SIM5
SIM1
SIM2
SIM3
SIM4
1
21
22
SIM5
SIM1
SIM2
SIM3
SIM4
1
21
22
SIM5
SIM1
SIM2
SIM3
SIM4
1
21
22
SIM5
SIM1
SIM2
SIM3
SIM4
1
21
22
SIM5
SIM1
SIM2
SIM3
SIM4
1
21
22
SIM5
SIM1
SIM2
SIM3
SIM4
1
21
22
SIM5
SIM1
SIM2
SIM3
SIM4
1
21
22
SIM5
SIM1
SIM2
SIM3
SIM4
1
21
22
SIM5
SIM1
SIM2
SIM3
SIM4
1
21
22
SIM5
SIM1
SIM2
SIM3
SIM4
1
21
22
SIM5
SIM1
SIM2
SIM3
SIM4
1
21
22
SIM5
SIM1
SIM2
SIM3
SIM4
1
21
22
SIM5
SIM1
SIM2
SIM3
SIM4
1
21
22
SIM5
SIM1
SIM2
SIM3
SIM4
1
21
22
SIM5
SIM1
SIM2
SIM3
SIM4
1
21
22
SIM5
SIM1
SIM2
SIM3
SIM4
1
21
22
SIM5
SIM1
SIM2
SIM3
SIM4
1
21
22
SIM5
SIM1
SIM2
SIM3
SIM4
1
21
22
SIM5
SIM1
SIM2
SIM3
SIM4
1
21
22
SIM5
SIM1
SIM2
SIM3
SIM4
1
21
22
SIM5
SIM1
SIM2
SIM3
SIM4
1
21
22
SIM5
SIM1
SIM2
SIM3
SIM4
1
21
22
SIM5
SIM1
SIM2
SIM3
SIM4
1
21
22
SIM5
SIM1
SIM2
SIM3
SIM4
1
21
22
SIM5
SIM1
SIM2
SIM3
SIM4
1
21
22
SIM5
SIM1
SIM2
SIM3
SIM4
1
21
22
SIM5
SIM1
SIM2
SIM3
SIM4
1
21
22
SIM5
SIM1
SIM2
SIM3
SIM4
1
21
22
SIM5
SIM1
SIM2
SIM3
SIM4
1
21
22
SIM5
SIM1
SIM2
SIM3
SIM4
1
21
22
SIM5
SIM1
SIM2
SIM3
SIM4
1
21
22
SIM5
SIM1
SIM2
SIM3
SIM4
1
21
22
SIM5
SIM1
SIM2
SIM3
SIM4
1
21
22
SIM5
SIM1
SIM2
SIM3
SIM4
1
21
22
SIM5
SIM1
SIM2
SIM3
SIM4
1
21
22
SIM5
SIM1
SIM2
SIM3
SIM4
1
21
22
SIM5
SIM1
SIM2
SIM3
SIM4
1
21
22
SIM5
SIM1
SIM2
SIM3
SIM4
1
21
22
SIM5
SIM1
SIM2
SIM3
SIM4
1
21
22
SIM5
SIM1
SIM2
SIM3
SIM4
1
21
22
SIM5
SIM1
SIM2
SIM3
SIM4
1
21
22
SIM5
SIM1
SIM2
SIM3
SIM4
1
21
22
SIM5
SIM1
SIM2
SIM3
SIM4
1
21
22
SIM5
SIM1
SIM2
SIM3
SIM4
1
21
22
SIM5
SIM1
SIM2
SIM3
SIM4
1
21
22
SIM5
SIM1
SIM2
SIM3
SIM4
1
21
22
SIM5
SIM1
SIM2
SIM3
SIM4
1
21
22
SIM5
SIM1
SIM2
SIM3
SIM4
1
21
22
SIM5
SIM1
SIM2
SIM3
SIM4
1
21
22
SIM5
SIM1
SIM2
SIM3
SIM4
1
21
22
SIM5
SIM1
SIM2
SIM3
SIM4
1
21
22
SIM5
SIM1
SIM2
SIM3
SIM4
1
21
22
SIM5
SIM1
SIM2
SIM3
SIM4
1
21
22
SIM5
SIM1
SIM2
SIM3
SIM4
1
21
22
SIM5
SIM1
SIM2
SIM3
SIM4
1
21
22
SIM5
SIM1
SIM2
SIM3
SIM4
1
21
22
SIM5
SIM1
SIM2
SIM3
SIM4
1
21
22
SIM5
SIM1
SIM2
SIM3
SIM4
1
21
22
SIM5
SIM1
SIM2
SIM3
SIM4
1
21
22
SIM5
SIM1
SIM2
SIM3
SIM4
1
21
22
SIM5
SIM1
SIM2
SIM3
SIM4
1
21
22
SIM5
SIM1
SIM2
SIM3
SIM4
1
21
22
SIM5
SIM1
SIM2
SIM3
SIM4
1
21
22
SIM5
SIM1
SIM2
SIM3
SIM4
1
21
22
SIM5
SIM1
SIM2
SIM3
SIM4
1
21
22
SIM5
SIM1
SIM2
SIM3
SIM4
1
21
22
SIM5
SIM1
SIM2
SIM3
SIM4
1
21
22
SIM5
SIM1
SIM2
SIM3
SIM4
1
21
22
SIM5
SIM1
SIM2
SIM3
SIM4
1
21
22
SIM5
SIM1
SIM2
SIM3
SIM4
1
21
22
SIM5
SIM1
SIM2
SIM3
SIM4
1
21
22
SIM5
SIM1
SIM2
SIM3
SIM4
1
21
22
SIM5
SIM1
SIM2
SIM3
SIM4
1
21
22
SIM5
SIM1
SIM2
SIM3
SIM4
1
21
22
SIM5
SIM1
SIM2
SIM3
SIM4
1
21
22
SIM5
SIM1
SIM2
SIM3
SIM4
1
21
22
SIM5
SIM1
SIM2
SIM3
SIM4
1
21
22
SIM5
SIM1
SIM2
SIM3
SIM4
1
21
22
SIM5
SIM1
SIM2
SIM3
SIM4
1
21
22
SIM5
SIM1
SIM2
SIM3
SIM4
1
21
22
SIM5
SIM1
SIM2
SIM3
SIM4
1
21
22
SIM5
SIM1
SIM2
SIM3
SIM4
1
21
22
SIM5
SIM1
SIM2
SIM3
SIM4
1
21
22
SIM5
SIM1
SIM2
SIM3
SIM4
1
21
22
SIM5
SIM1
SIM2
SIM3
SIM4
1
21
22
SIM5
SIM1
SIM2
SIM3
SIM4
1
21
22
SIM5
SIM1
SIM2
SIM3
SIM4
1
21
22
SIM5
SIM1
SIM2
SIM3
SIM4
1
21
22
SIM5
SIM1
SIM2
SIM3
SIM4
1
21
22
SIM5
SIM1
SIM2
SIM3
SIM4
1
21
22
SIM5
SIM1
SIM2
SIM3
SIM4
1
21
22
SIM5
SIM1
SIM2
SIM3
SIM4
1
21
22
SIM5
SIM1
SIM2
SIM3
SIM4
1
21
22
SIM5
SIM1
SIM2
SIM3
SIM4
1
21
22
SIM5
SIM1
SIM2
SIM3
SIM4
1
21
22
SIM5
SIM1
SIM2
DEBUG 1 811
SIM1
SIM2
SIM3
SIM4
1
21
22
SIM5
SIM1
SIM2
SIM3
SIM4
1
21
22
SIM5
SIM1
SIM2
SIM3
SIM4
1
21
22
SIM5
SIM1
SIM2
SIM3
SIM4
1
21
22
SIM5
SIM1
SIM2
SIM3
SIM4
1
21
22
SIM5
SIM1
SIM2
SIM3
SIM4
1
21
22
SIM5
SIM1
SIM2
SIM3
SIM4
1
21
22
SIM5
SIM1
SIM2
SIM3
SIM4
1
21
22
SIM5
SIM1
SIM2
SIM3
SIM4
1
21
22
SIM5
SIM1
SIM2
SIM3
SIM4
1
21
22
SIM5
SIM1
SIM2
SIM3
SIM4
1
21
22
SIM5
SIM1
SIM2
SIM3
SIM4
1
21
22
SIM5
SIM1
SIM2
SIM3
SIM4
1
21
22
SIM5
SIM1
SIM2
SIM3
SIM4
1
21
22
SIM5
SIM1
SIM2
SIM3
SIM4
1
21
22
SIM5
SIM1
SIM2
SIM3
SIM4
1
21
22
SIM5
SIM1
SIM2
SIM3
SIM4
1
21
22
SIM5
SIM1
SIM2
SIM3
SIM4
1
21
22
SIM5
SIM1
SIM2
SIM3
SIM4
1
21
22
SIM5
SIM1
SIM2
SIM3
SIM4
1
21
22
SIM5
SIM1
SIM2
SIM3
SIM4
1
21
22
SIM5
SIM1
SIM2
SIM3
SIM4
1
21
22
SIM5
SIM1
SIM2
SIM3
SIM4
1
21
22
SIM5
SIM1
SIM2
SIM3
SIM4
1
21
22
SIM5
SIM1
SIM2
SIM3
SIM4
1
21
22
SIM5
SIM1
SIM2
SIM3
SIM4
1
21
22
SIM5
SIM1
SIM2
SIM3
SIM4
1
21
22
SIM5
SIM1
SIM2
SIM3
SIM4
1
21
22
SIM5
SIM1
SIM2
SIM3
SIM4
1
21
22
SIM5
SIM1
SIM2
SIM3
SIM4
1
21
22
SIM5
SIM1
SIM2
SIM3
SIM4
1
21
22
SIM5
SIM1
SIM2
SIM3
SIM4
1
21
22
SIM5
SIM1
SIM2
SIM3
SIM4
1
21
22
SIM5
SIM1
SIM2
SIM3
SIM4
1
21
22
SIM5
SIM1
SIM2
SIM3
SIM4
1
21
22
SIM5
SIM1
SIM2
SIM3
SIM4
1
21
22
SIM5
SIM1
SIM2
SIM3
SIM4
1
21
22
SIM5
SIM1
SIM2
SIM3
SIM4
1
21
22
SIM5
SIM1
SIM2
SIM3
SIM4
1
21
22
SIM5
SIM1
SIM2
SIM3
SIM4
1
21
22
SIM5
SIM1
SIM2
SIM3
SIM4
1
21
22
SIM5
SIM1
SIM2
SIM3
SIM4
1
21
22
SIM5
SIM1
SIM2
SIM3
SIM4
1
21
22
SIM5
SIM1
SIM2
SIM3
SIM4
1
21
22
SIM5
SIM1
SIM2
SIM3
SIM4
1
21
22
SIM5
SIM1
SIM2
SIM3
SIM4
1
21
22
SIM5
SIM1
SIM2
SIM3
SIM4
1
21
22
SIM5
SIM1
SIM2
SIM3
SIM4
1
21
22
SIM5
SIM1
SIM2
SIM3
SIM4
1
21
22
SIM5
SIM1
SIM2
SIM3
SIM4
1
21
22
SIM5
SIM1
SIM2
SIM3
SIM4
1
21
22
SIM5
SIM1
SIM2
SIM3
SIM4
1
21
22
SIM5
SIM1
SIM2
SIM3
SIM4
1
21
22
SIM5
SIM1
SIM2
SIM3
SIM4
1
21
22
SIM5
SIM1
SIM2
SIM3
SIM4
1
21
22
SIM5
SIM1
SIM2
SIM3
SIM4
1
21
22
SIM5
SIM1
SIM2
SIM3
SIM4
1
21
22
SIM5
SIM1
SIM2
SIM3
SIM4
1
21
22
SIM5
SIM1
SIM2
SIM3
SIM4
1
21
22
SIM5
SIM1
SIM2
SIM3
SIM4
1
21
22
SIM5
SIM1
SIM2
SIM3
SIM4
1
21
22
SIM5
SIM1
SIM2
SIM3
SIM4
1
21
22
SIM5
SIM1
SIM2
SIM3
SIM4
1
21
22
SIM5
SIM1
SIM2
SIM3
SIM4
1
21
22
SIM5
SIM1
SIM2
SIM3
SIM4
1
21
22
SIM5
SIM1
SIM2
SIM3
SIM4
1
21
22
SIM5
SIM1
SIM2
SIM3
SIM4
1
21
22
SIM5
SIM1
SIM2
SIM3
SIM4
1
21
22
SIM5
SIM1
SIM2
SIM3
SIM4
1
21
22
SIM5
SIM1
SIM2
SIM3
SIM4
1
21
22
SIM5
SIM1
SIM2
SIM3
SIM4
1
21
22
SIM5
SIM1
SIM2
SIM3
SIM4
1
21
22
SIM5
SIM1
SIM2
SIM3
SIM4
1
21
22
SIM5
SIM1
SIM2
SIM3
SIM4
1
21
22
SIM5
SIM1
SIM2
SIM3
SIM4
1
21
22
SIM5
SIM1
SIM2
SIM3
SIM4
1
21
22
SIM5
SIM1
SIM2
SIM3
SIM4
1
21
22
SIM5
SIM1
SIM2
SIM3
SIM4
1
21
22
SIM5
SIM1
SIM2
SIM3
SIM4
1
21
22
SIM5
SIM1
SIM2
SIM3
SIM4
1
21
22
SIM5
SIM1
SIM2
SIM3
SIM4
1
21
22
SIM5
SIM1
SIM2
SIM3
SIM4
1
21
22
SIM5
SIM1
SIM2
SIM3
SIM4
1
21
22
SIM5
SIM1
SIM2
SIM3
SIM4
1
21
22
SIM5
SIM1
SIM2
SIM3
SIM4
1
21
22
SIM5
SIM1
SIM2
SIM3
SIM4
1
21
22
SIM5
SIM1
SIM2
SIM3
SIM4
1
21
22
SIM5
SIM1
SIM2
SIM3
SIM4
1
21
22
SIM5
SIM1
SIM2
SIM3
SIM4
1
21
22
SIM5
SIM1
SIM2
SIM3
SIM4
1
21
22
SIM5
SIM1
SIM2
SIM3
SIM4
1
21
22
SIM5
SIM1
SIM2
SIM3
SIM4
1
21
22
SIM5
SIM1
SIM2
SIM3
SIM4
1
21
22
SIM5
SIM1
SIM2
SIM3
SIM4
1
21
22
SIM5
SIM1
SIM2
SIM3
SIM4
1
21
22
SIM5
SIM1
SIM2
SIM3
SIM4
1
21
22
SIM5
SIM1
SIM2
SIM3
SIM4
1
21
22
SIM5
SIM1
SIM2
SIM3
SIM4
1
21
22
SIM5
SIM1
SIM2
SIM3
SIM4
1
21
22
SIM5
SIM1
SIM2
SIM3
SIM4
1
21
22
SIM5
SIM1
SIM2
SIM3
SIM4
1
21
22
SIM5
SIM1
SIM2
SIM3
SIM4
1
21
22
SIM5
SIM1
SIM2
SIM3
SIM4
1
21
22
SIM5
SIM1
SIM2
SIM3
SIM4
1
21
22
SIM5
SIM1
SIM2
SIM3
SIM4
1
21
22
SIM5
SIM1
SIM2
SIM3
SIM4
1
21
22
SIM5
SIM1
SIM2
SIM3
SIM4
1
21
22
SIM5
SIM1
SIM2
SIM3
SIM4
1
21
22
SIM5
SIM1
SIM2
SIM3
SIM4
1
21
22
SIM5
SIM1
SIM2
SIM3
SIM4
1
21
22
SIM5
SIM1
SIM2
SIM3
SIM4
1
21
22
SIM5
SIM1
SIM2
SIM3
SIM4
1
21
22
SIM5
SIM1
SIM2
SIM3
SIM4
1
21
22
SIM5
SIM1
SIM2
SIM3
SIM4
1
21
22
SIM5
SIM1
SIM2
SIM3
SIM4
1
21
22
SIM5
SIM1
SIM2
SIM3
SIM4
1
21
22
SIM5
SIM1
SIM2
SIM3
SIM4
1
21
22
SIM5
SIM1
SIM2
SIM3
SIM4
1
21
22
SIM5
SIM1
SIM2
DEBUG 1 812
SIM1
SIM2
SIM3
SIM4
1
21
22
SIM5
SIM1
SIM2
SIM3
SIM4
1
21
22
SIM5
SIM1
SIM2
SIM3
SIM4
1
21
22
SIM5
SIM1
SIM2
SIM3
SIM4
1
21
22
SIM5
SIM1
SIM2
SIM3
SIM4
1
21
22
SIM5
SIM1
SIM2
SIM3
SIM4
1
21
22
SIM5
SIM1
SIM2
SIM3
SIM4
1
21
22
SIM5
SIM1
SIM2
SIM3
SIM4
1
21
22
SIM5
SIM1
SIM2
SIM3
SIM4
1
21
22
SIM5
SIM1
SIM2
SIM3
SIM4
1
21
22
SIM5
SIM1
SIM2
SIM3
SIM4
1
21
22
SIM5
SIM1
SIM2
SIM3
SIM4
1
21
22
SIM5
SIM1
SIM2
SIM3
SIM4
1
21
22
SIM5
SIM1
SIM2
SIM3
SIM4
1
21
22
SIM5
SIM1
SIM2
SIM3
SIM4
1
21
22
SIM5
SIM1
SIM2
SIM3
SIM4
1
21
22
SIM5
SIM1
SIM2
SIM3
SIM4
1
21
22
SIM5
SIM1
SIM2
SIM3
SIM4
1
21
22
SIM5
SIM1
SIM2
SIM3
SIM4
1
21
22
SIM5
SIM1
SIM2
SIM3
SIM4
1
21
22
SIM5
SIM1
SIM2
SIM3
SIM4
1
21
22
SIM5
SIM1
SIM2
SIM3
SIM4
1
21
22
SIM5
SIM1
SIM2
SIM3
SIM4
1
21
22
SIM5
SIM1
SIM2
SIM3
SIM4
1
21
22
SIM5
SIM1
SIM2
SIM3
SIM4
1
21
22
SIM5
SIM1
SIM2
SIM3
SIM4
1
21
22
SIM5
SIM1
SIM2
SIM3
SIM4
1
21
22
SIM5
SIM1
SIM2
SIM3
SIM4
1
21
22
SIM5
SIM1
SIM2
SIM3
SIM4
1
21
22
SIM5
SIM1
SIM2
SIM3
SIM4
1
21
22
SIM5
SIM1
SIM2
SIM3
SIM4
1
21
22
SIM5
SIM1
SIM2
SIM3
SIM4
1
21
22
SIM5
SIM1
SIM2
SIM3
SIM4
1
21
22
SIM5
SIM1
SIM2
SIM3
SIM4
1
21
22
SIM5
SIM1
SIM2
SIM3
SIM4
1
21
22
SIM5
SIM1
SIM2
SIM3
SIM4
1
21
22
SIM5
SIM1
SIM2
SIM3
SIM4
1
21
22
SIM5
SIM1
SIM2
SIM3
SIM4
1
21
22
SIM5
SIM1
SIM2
SIM3
SIM4
1
21
22
SIM5
SIM1
SIM2
SIM3
SIM4
1
21
22
SIM5
SIM1
SIM2
SIM3
SIM4
1
21
22
SIM5
SIM1
SIM2
SIM3
SIM4
1
21
22
SIM5
SIM1
SIM2
SIM3
SIM4
1
21
22
SIM5
SIM1
SIM2
SIM3
SIM4
1
21
22
SIM5
SIM1
SIM2
SIM3
SIM4
1
21
22
SIM5
SIM1
SIM2
SIM3
SIM4
1
21
22
SIM5
SIM1
SIM2
SIM3
SIM4
1
21
22
SIM5
SIM1
SIM2
SIM3
SIM4
1
21
22
SIM5
SIM1
SIM2
SIM3
SIM4
1
21
22
SIM5
SIM1
SIM2
SIM3
SIM4
1
21
22
SIM5
SIM1
SIM2
SIM3
SIM4
1
21
22
SIM5
SIM1
SIM2
SIM3
SIM4
1
21
22
SIM5
SIM1
SIM2
SIM3
SIM4
1
21
22
SIM5
SIM1
SIM2
SIM3
SIM4
1
21
22
SIM5
SIM1
SIM2
SIM3
SIM4
1
21
22
SIM5
SIM1
SIM2
SIM3
SIM4
1
21
22
SIM5
SIM1
SIM2
SIM3
SIM4
1
21
22
SIM5
SIM1
SIM2
SIM3
SIM4
1
21
22
SIM5
SIM1
SIM2
SIM3
SIM4
1
21
22
SIM5
SIM1
SIM2
SIM3
SIM4
1
21
22
SIM5
SIM1
SIM2
SIM3
SIM4
1
21
22
SIM5
SIM1
SIM2
SIM3
SIM4
1
21
22
SIM5
SIM1
SIM2
SIM3
SIM4
1
21
22
SIM5
SIM1
SIM2
SIM3
SIM4
1
21
22
SIM5
SIM1
SIM2
SIM3
SIM4
1
21
22
SIM5
SIM1
SIM2
SIM3
SIM4
1
21
22
SIM5
SIM1
SIM2
SIM3
SIM4
1
21
22
SIM5
SIM1
SIM2
SIM3
SIM4
1
21
22
SIM5
SIM1
SIM2
SIM3
SIM4
1
21
22
SIM5
SIM1
SIM2
SIM3
SIM4
1
21
22
SIM5
SIM1
SIM2
SIM3
SIM4
1
21
22
SIM5
SIM1
SIM2
SIM3
SIM4
1
21
22
SIM5
SIM1
SIM2
SIM3
SIM4
1
21
22
SIM5
SIM1
SIM2
SIM3
SIM4
1
21
22
SIM5
SIM1
SIM2
SIM3
SIM4
1
21
22
SIM5
SIM1
SIM2
SIM3
SIM4
1
21
22
SIM5
SIM1
SIM2
SIM3
SIM4
1
21
22
SIM5
SIM1
SIM2
SIM3
SIM4
1
21
22
SIM5
SIM1
SIM2
SIM3
SIM4
1
21
22
SIM5
SIM1
SIM2
SIM3
SIM4
1
21
22
SIM5
SIM1
SIM2
SIM3
SIM4
1
21
22
SIM5
SIM1
SIM2
SIM3
SIM4
1
21
22
SIM5
SIM1
SIM2
SIM3
SIM4
1
21
22
SIM5
SIM1
SIM2
SIM3
SIM4
1
21
22
SIM5
SIM1
SIM2
SIM3
SIM4
1
21
22
SIM5
SIM1
SIM2
SIM3
SIM4
1
21
22
SIM5
SIM1
SIM2
SIM3
SIM4
1
21
22
SIM5
SIM1
SIM2
SIM3
SIM4
1
21
22
SIM5
SIM1
SIM2
SIM3
SIM4
1
21
22
SIM5
SIM1
SIM2
SIM3
SIM4
1
21
22
SIM5
SIM1
SIM2
SIM3
SIM4
1
21
22
SIM5
SIM1
SIM2
SIM3
SIM4
1
21
22
SIM5
SIM1
SIM2
SIM3
SIM4
1
21
22
SIM5
SIM1
SIM2
SIM3
SIM4
1
21
22
SIM5
SIM1
SIM2
SIM3
SIM4
1
21
22
SIM5
SIM1
SIM2
SIM3
SIM4
1
21
22
SIM5
SIM1
SIM2
SIM3
SIM4
1
21
22
SIM5
SIM1
SIM2
SIM3
SIM4
1
21
22
SIM5
SIM1
SIM2
SIM3
SIM4
1
21
22
SIM5
SIM1
SIM2
SIM3
SIM4
1
21
22
SIM5
SIM1
SIM2
SIM3
SIM4
1
21
22
SIM5
SIM1
SIM2
SIM3
SIM4
1
21
22
SIM5
SIM1
SIM2
SIM3
SIM4
1
21
22
SIM5
SIM1
SIM2
SIM3
SIM4
1
21
22
SIM5
SIM1
SIM2
SIM3
SIM4
1
21
22
SIM5
SIM1
SIM2
SIM3
SIM4
1
21
22
SIM5
SIM1
SIM2
SIM3
SIM4
1
21
22
SIM5
SIM1
SIM2
SIM3
SIM4
1
21
22
SIM5
SIM1
SIM2
SIM3
SIM4
1
21
22
SIM5
SIM1
SIM2
SIM3
SIM4
1
21
22
SIM5
SIM1
SIM2
SIM3
SIM4
1
21
22
SIM5
SIM1
SIM2
SIM3
SIM4
1
21
22
SIM5
SIM1
SIM2
SIM3
SIM4
1
21
22
SIM5
SIM1
SIM2
SIM3
SIM4
1
21
22
SIM5
SIM1
SIM2
SIM3
SIM4
1
21
22
SIM5
SIM1
SIM2
SIM3
SIM4
1
21
22
SIM5
SIM1
SIM2
SIM3
SIM4
1
21
22
SIM5
SIM1
SIM2
SIM3
SIM4
1
21
22
SIM5
SIM1
SIM2
SIM3
SIM4
1
21
22
SIM5
SIM1
SIM2
SIM3
SIM4
1
21
22
SIM5
SIM1
SIM2
SIM3
SIM4
1
21
22
SIM5
SIM1
SIM2
SIM3
SIM4
1
21
22
SIM5
SIM1
SIM2
SIM3
SIM4
1
21
22
SIM5
SIM1
SIM2
SIM3
SIM4
1
21
22
SIM5
SIM1
SIM2
SIM3
SIM4
1
21
22
SIM5
SIM1
SIM2
SIM3
SIM4
1
21
22
SIM5
SIM1
SIM2
SIM3
SIM4
1
21
22
SIM5
SIM1
SIM2
SIM3
SIM4
1
21
22
SIM5
SIM1
SIM2
SIM3
SIM4
1
21
22
SIM5
SIM1
SIM2
SIM3
SIM4
1
21
22
SIM5
SIM1
SIM2
SIM3
SIM4
1
21
22
SIM5
SIM1
SIM2
SIM3
SIM4
1
21
22
SIM5
SIM1
SIM2
SIM3
SIM4
1
21
22
SIM5
SIM1
SIM2
SIM3
SIM4
1
21
22
SIM5
SIM1
SIM2
DEBUG 1 813
SIM1
SIM2
SIM3
SIM4
1
21
22
SIM5
SIM1
SIM2
SIM3
SIM4
1
21
22
SIM5
SIM1
SIM2
SIM3
SIM4
1
21
22
SIM5
SIM1
SIM2
SIM3
SIM4
1
21
22
SIM5
SIM1
SIM2
SIM3
SIM4
1
21
22
SIM5
SIM1
SIM2
SIM3
SIM4
1
21
22
SIM5
SIM1
SIM2
SIM3
SIM4
1
21
22
SIM5
SIM1
SIM2
SIM3
SIM4
1
21
22
SIM5
SIM1
SIM2
SIM3
SIM4
1
21
22
SIM5
SIM1
SIM2
SIM3
SIM4
1
21
22
SIM5
SIM1
SIM2
SIM3
SIM4
1
21
22
SIM5
SIM1
SIM2
SIM3
SIM4
1
21
22
SIM5
SIM1
SIM2
SIM3
SIM4
1
21
22
SIM5
SIM1
SIM2
SIM3
SIM4
1
21
22
SIM5
SIM1
SIM2
SIM3
SIM4
1
21
22
SIM5
SIM1
SIM2
SIM3
SIM4
1
21
22
SIM5
SIM1
SIM2
SIM3
SIM4
1
21
22
SIM5
SIM1
SIM2
SIM3
SIM4
1
21
22
SIM5
SIM1
SIM2
SIM3
SIM4
1
21
22
SIM5
SIM1
SIM2
SIM3
SIM4
1
21
22
SIM5
SIM1
SIM2
SIM3
SIM4
1
21
22
SIM5
SIM1
SIM2
SIM3
SIM4
1
21
22
SIM5
SIM1
SIM2
SIM3
SIM4
1
21
22
SIM5
SIM1
SIM2
SIM3
SIM4
1
21
22
SIM5
SIM1
SIM2
SIM3
SIM4
1
21
22
SIM5
SIM1
SIM2
SIM3
SIM4
1
21
22
SIM5
SIM1
SIM2
SIM3
SIM4
1
21
22
SIM5
SIM1
SIM2
SIM3
SIM4
1
21
22
SIM5
SIM1
SIM2
SIM3
SIM4
1
21
22
SIM5
SIM1
SIM2
SIM3
SIM4
1
21
22
SIM5
SIM1
SIM2
SIM3
SIM4
1
21
22
SIM5
SIM1
SIM2
SIM3
SIM4
1
21
22
SIM5
SIM1
SIM2
SIM3
SIM4
1
21
22
SIM5
SIM1
SIM2
SIM3
SIM4
1
21
22
SIM5
SIM1
SIM2
SIM3
SIM4
1
21
22
SIM5
SIM1
SIM2
SIM3
SIM4
1
21
22
SIM5
SIM1
SIM2
SIM3
SIM4
1
21
22
SIM5
SIM1
SIM2
SIM3
SIM4
1
21
22
SIM5
SIM1
SIM2
SIM3
SIM4
1
21
22
SIM5
SIM1
SIM2
SIM3
SIM4
1
21
22
SIM5
SIM1
SIM2
SIM3
SIM4
1
21
22
SIM5
SIM1
SIM2
SIM3
SIM4
1
21
22
SIM5
SIM1
SIM2
SIM3
SIM4
1
21
22
SIM5
SIM1
SIM2
SIM3
SIM4
1
21
22
SIM5
SIM1
SIM2
SIM3
SIM4
1
21
22
SIM5
SIM1
SIM2
SIM3
SIM4
1
21
22
SIM5
SIM1
SIM2
SIM3
SIM4
1
21
22
SIM5
SIM1
SIM2
SIM3
SIM4
1
21
22
SIM5
SIM1
SIM2
SIM3
SIM4
1
21
22
SIM5
SIM1
SIM2
SIM3
SIM4
1
21
22
SIM5
SIM1
SIM2
SIM3
SIM4
1
21
22
SIM5
SIM1
SIM2
SIM3
SIM4
1
21
22
SIM5
SIM1
SIM2
SIM3
SIM4
1
21
22
SIM5
SIM1
SIM2
SIM3
SIM4
1
21
22
SIM5
SIM1
SIM2
SIM3
SIM4
1
21
22
SIM5
SIM1
SIM2
SIM3
SIM4
1
21
22
SIM5
SIM1
SIM2
SIM3
SIM4
1
21
22
SIM5
SIM1
SIM2
SIM3
SIM4
1
21
22
SIM5
SIM1
SIM2
SIM3
SIM4
1
21
22
SIM5
SIM1
SIM2
SIM3
SIM4
1
21
22
SIM5
SIM1
SIM2
SIM3
SIM4
1
21
22
SIM5
SIM1
SIM2
SIM3
SIM4
1
21
22
SIM5
SIM1
SIM2
SIM3
SIM4
1
21
22
SIM5
SIM1
SIM2
SIM3
SIM4
1
21
22
SIM5
SIM1
SIM2
SIM3
SIM4
1
21
22
SIM5
SIM1
SIM2
SIM3
SIM4
1
21
22
SIM5
SIM1
SIM2
SIM3
SIM4
1
21
22
SIM5
SIM1
SIM2
SIM3
SIM4
1
21
22
SIM5
SIM1
SIM2
SIM3
SIM4
1
21
22
SIM5
SIM1
SIM2
SIM3
SIM4
1
21
22
SIM5
SIM1
SIM2
SIM3
SIM4
1
21
22
SIM5
SIM1
SIM2
SIM3
SIM4
1
21
22
SIM5
SIM1
SIM2
SIM3
SIM4
1
21
22
SIM5
SIM1
SIM2
SIM3
SIM4
1
21
22
SIM5
SIM1
SIM2
SIM3
SIM4
1
21
22
SIM5
SIM1
SIM2
SIM3
SIM4
1
21
22
SIM5
SIM1
SIM2
SIM3
SIM4
1
21
22
SIM5
SIM1
SIM2
SIM3
SIM4
1
21
22
SIM5
SIM1
SIM2
SIM3
SIM4
1
21
22
SIM5
SIM1
SIM2
SIM3
SIM4
1
21
22
SIM5
SIM1
SIM2
SIM3
SIM4
1
21
22
SIM5
SIM1
SIM2
SIM3
SIM4
1
21
22
SIM5
SIM1
SIM2
SIM3
SIM4
1
21
22
SIM5
SIM1
SIM2
SIM3
SIM4
1
21
22
SIM5
SIM1
SIM2
SIM3
SIM4
1
21
22
SIM5
SIM1
SIM2
SIM3
SIM4
1
21
22
SIM5
SIM1
SIM2
SIM3
SIM4
1
21
22
SIM5
SIM1
SIM2
SIM3
SIM4
1
21
22
SIM5
SIM1
SIM2
SIM3
SIM4
1
21
22
SIM5
SIM1
SIM2
SIM3
SIM4
1
21
22
SIM5
SIM1
SIM2
SIM3
SIM4
1
21
22
SIM5
SIM1
SIM2
SIM3
SIM4
1
21
22
SIM5
SIM1
SIM2
SIM3
SIM4
1
21
22
SIM5
SIM1
SIM2
SIM3
SIM4
1
21
22
SIM5
SIM1
SIM2
SIM3
SIM4
1
21
22
SIM5
SIM1
SIM2
SIM3
SIM4
1
21
22
SIM5
SIM1
SIM2
SIM3
SIM4
1
21
22
SIM5
SIM1
SIM2
SIM3
SIM4
1
21
22
SIM5
SIM1
SIM2
SIM3
SIM4
1
21
22
SIM5
SIM1
SIM2
SIM3
SIM4
1
21
22
SIM5
SIM1
SIM2
SIM3
SIM4
1
21
22
SIM5
SIM1
SIM2
SIM3
SIM4
1
21
22
SIM5
SIM1
SIM2
SIM3
SIM4
1
21
22
SIM5
SIM1
SIM2
SIM3
SIM4
1
21
22
SIM5
SIM1
SIM2
SIM3
SIM4
1
21
22
SIM5
SIM1
SIM2
SIM3
SIM4
1
21
22
SIM5
SIM1
SIM2
SIM3
SIM4
1
21
22
SIM5
SIM1
SIM2
SIM3
SIM4
1
21
22
SIM5
SIM1
SIM2
SIM3
SIM4
1
21
22
SIM5
SIM1
SIM2
SIM3
SIM4
1
21
22
SIM5
SIM1
SIM2
SIM3
SIM4
1
21
22
SIM5
SIM1
SIM2
SIM3
SIM4
1
21
22
SIM5
SIM1
SIM2
SIM3
SIM4
1
21
22
SIM5
SIM1
SIM2
SIM3
SIM4
1
21
22
SIM5
SIM1
SIM2
SIM3
SIM4
1
21
22
SIM5
SIM1
SIM2
SIM3
SIM4
1
21
22
SIM5
SIM1
SIM2
SIM3
SIM4
1
21
22
SIM5
SIM1
SIM2
SIM3
SIM4
1
21
22
SIM5
SIM1
SIM2
SIM3
SIM4
1
21
22
SIM5
SIM1
SIM2
SIM3
SIM4
1
21
22
SIM5
SIM1
SIM2
SIM3
SIM4
1
21
22
SIM5
SIM1
SIM2
SIM3
SIM4
1
21
22
SIM5
SIM1
SIM2
SIM3
SIM4
1
21
22
SIM5
SIM1
SIM2
SIM3
SIM4
1
21
22
SIM5
SIM1
SIM2
SIM3
SIM4
1
21
22
SIM5
SIM1
SIM2
SIM3
SIM4
1
21
22
SIM5
SIM1
SIM2
SIM3
SIM4
1
21
22
SIM5
SIM1
SIM2
SIM3
SIM4
1
21
22
SIM5
SIM1
SIM2
SIM3
SIM4
1
21
22
SIM5
SIM1
SIM2
SIM3
SIM4
1
21
22
SIM5
SIM1
SIM2
SIM3
SIM4
1
21
22
SIM5
SIM1
SIM2
SIM3
SIM4
1
21
22
SIM5
SIM1
SIM2
SIM3
SIM4
1
21
22
SIM5
SIM1
SIM2
DEBUG 1 814
SIM1
SIM2
SIM3
SIM4
1
21
22
SIM5
SIM1
SIM2
SIM3
SIM4
1
21
22
SIM5
SIM1
SIM2
SIM3
SIM4
1
21
22
SIM5
SIM1
SIM2
SIM3
SIM4
1
21
22
SIM5
SIM1
SIM2
SIM3
SIM4
1
21
22
SIM5
SIM1
SIM2
SIM3
SIM4
1
21
22
SIM5
SIM1
SIM2
SIM3
SIM4
1
21
22
SIM5
SIM1
SIM2
SIM3
SIM4
1
21
22
SIM5
SIM1
SIM2
SIM3
SIM4
1
21
22
SIM5
SIM1
SIM2
SIM3
SIM4
1
21
22
SIM5
SIM1
SIM2
SIM3
SIM4
1
21
22
SIM5
SIM1
SIM2
SIM3
SIM4
1
21
22
SIM5
SIM1
SIM2
SIM3
SIM4
1
21
22
SIM5
SIM1
SIM2
SIM3
SIM4
1
21
22
SIM5
SIM1
SIM2
SIM3
SIM4
1
21
22
SIM5
SIM1
SIM2
SIM3
SIM4
1
21
22
SIM5
SIM1
SIM2
SIM3
SIM4
1
21
22
SIM5
SIM1
SIM2
SIM3
SIM4
1
21
22
SIM5
SIM1
SIM2
SIM3
SIM4
1
21
22
SIM5
SIM1
SIM2
SIM3
SIM4
1
21
22
SIM5
SIM1
SIM2
SIM3
SIM4
1
21
22
SIM5
SIM1
SIM2
SIM3
SIM4
1
21
22
SIM5
SIM1
SIM2
SIM3
SIM4
1
21
22
SIM5
SIM1
SIM2
SIM3
SIM4
1
21
22
SIM5
SIM1
SIM2
SIM3
SIM4
1
21
22
SIM5
SIM1
SIM2
SIM3
SIM4
1
21
22
SIM5
SIM1
SIM2
SIM3
SIM4
1
21
22
SIM5
SIM1
SIM2
SIM3
SIM4
1
21
22
SIM5
SIM1
SIM2
SIM3
SIM4
1
21
22
SIM5
SIM1
SIM2
SIM3
SIM4
1
21
22
SIM5
SIM1
SIM2
SIM3
SIM4
1
21
22
SIM5
SIM1
SIM2
SIM3
SIM4
1
21
22
SIM5
SIM1
SIM2
SIM3
SIM4
1
21
22
SIM5
SIM1
SIM2
SIM3
SIM4
1
21
22
SIM5
SIM1
SIM2
SIM3
SIM4
1
21
22
SIM5
SIM1
SIM2
SIM3
SIM4
1
21
22
SIM5
SIM1
SIM2
SIM3
SIM4
1
21
22
SIM5
SIM1
SIM2
SIM3
SIM4
1
21
22
SIM5
SIM1
SIM2
SIM3
SIM4
1
21
22
SIM5
SIM1
SIM2
SIM3
SIM4
1
21
22
SIM5
SIM1
SIM2
SIM3
SIM4
1
21
22
SIM5
SIM1
SIM2
SIM3
SIM4
1
21
22
SIM5
SIM1
SIM2
SIM3
SIM4
1
21
22
SIM5
SIM1
SIM2
SIM3
SIM4
1
21
22
SIM5
SIM1
SIM2
SIM3
SIM4
1
21
22
SIM5
SIM1
SIM2
SIM3
SIM4
1
21
22
SIM5
SIM1
SIM2
SIM3
SIM4
1
21
22
SIM5
SIM1
SIM2
SIM3
SIM4
1
21
22
SIM5
SIM1
SIM2
SIM3
SIM4
1
21
22
SIM5
SIM1
SIM2
SIM3
SIM4
1
21
22
SIM5
SIM1
SIM2
SIM3
SIM4
1
21
22
SIM5
SIM1
SIM2
SIM3
SIM4
1
21
22
SIM5
SIM1
SIM2
SIM3
SIM4
1
21
22
SIM5
SIM1
SIM2
SIM3
SIM4
1
21
22
SIM5
SIM1
SIM2
SIM3
SIM4
1
21
22
SIM5
SIM1
SIM2
SIM3
SIM4
1
21
22
SIM5
SIM1
SIM2
SIM3
SIM4
1
21
22
SIM5
SIM1
SIM2
SIM3
SIM4
1
21
22
SIM5
SIM1
SIM2
SIM3
SIM4
1
21
22
SIM5
SIM1
SIM2
SIM3
SIM4
1
21
22
SIM5
SIM1
SIM2
SIM3
SIM4
1
21
22
SIM5
SIM1
SIM2
SIM3
SIM4
1
21
22
SIM5
SIM1
SIM2
SIM3
SIM4
1
21
22
SIM5
SIM1
SIM2
SIM3
SIM4
1
21
22
SIM5
SIM1
SIM2
SIM3
SIM4
1
21
22
SIM5
SIM1
SIM2
SIM3
SIM4
1
21
22
SIM5
SIM1
SIM2
SIM3
SIM4
1
21
22
SIM5
SIM1
SIM2
SIM3
SIM4
1
21
22
SIM5
SIM1
SIM2
SIM3
SIM4
1
21
22
SIM5
SIM1
SIM2
SIM3
SIM4
1
21
22
SIM5
SIM1
SIM2
SIM3
SIM4
1
21
22
SIM5
SIM1
SIM2
SIM3
SIM4
1
21
22
SIM5
SIM1
SIM2
SIM3
SIM4
1
21
22
SIM5
SIM1
SIM2
SIM3
SIM4
1
21
22
SIM5
SIM1
SIM2
SIM3
SIM4
1
21
22
SIM5
SIM1
SIM2
SIM3
SIM4
1
21
22
SIM5
SIM1
SIM2
SIM3
SIM4
1
21
22
SIM5
SIM1
SIM2
SIM3
SIM4
1
21
22
SIM5
SIM1
SIM2
SIM3
SIM4
1
21
22
SIM5
SIM1
SIM2
SIM3
SIM4
1
21
22
SIM5
SIM1
SIM2
SIM3
SIM4
1
21
22
SIM5
SIM1
SIM2
SIM3
SIM4
1
21
22
SIM5
SIM1
SIM2
SIM3
SIM4
1
21
22
SIM5
SIM1
SIM2
SIM3
SIM4
1
21
22
SIM5
SIM1
SIM2
SIM3
SIM4
1
21
22
SIM5
SIM1
SIM2
SIM3
SIM4
1
21
22
SIM5
SIM1
SIM2
SIM3
SIM4
1
21
22
SIM5
SIM1
SIM2
SIM3
SIM4
1
21
22
SIM5
SIM1
SIM2
SIM3
SIM4
1
21
22
SIM5
SIM1
SIM2
SIM3
SIM4
1
21
22
SIM5
SIM1
SIM2
SIM3
SIM4
1
21
22
SIM5
SIM1
SIM2
SIM3
SIM4
1
21
22
SIM5
SIM1
SIM2
SIM3
SIM4
1
21
22
SIM5
SIM1
SIM2
SIM3
SIM4
1
21
22
SIM5
SIM1
SIM2
SIM3
SIM4
1
21
22
SIM5
SIM1
SIM2
SIM3
SIM4
1
21
22
SIM5
SIM1
SIM2
SIM3
SIM4
1
21
22
SIM5
SIM1
SIM2
SIM3
SIM4
1
21
22
SIM5
SIM1
SIM2
SIM3
SIM4
1
21
22
SIM5
SIM1
SIM2
SIM3
SIM4
1
21
22
SIM5
SIM1
SIM2
SIM3
SIM4
1
21
22
SIM5
SIM1
SIM2
SIM3
SIM4
1
21
22
SIM5
SIM1
SIM2
SIM3
SIM4
1
21
22
SIM5
SIM1
SIM2
SIM3
SIM4
1
21
22
SIM5
SIM1
SIM2
SIM3
SIM4
1
21
22
SIM5
SIM1
SIM2
SIM3
SIM4
1
21
22
SIM5
SIM1
SIM2
SIM3
SIM4
1
21
22
SIM5
SIM1
SIM2
SIM3
SIM4
1
21
22
SIM5
SIM1
SIM2
SIM3
SIM4
1
21
22
SIM5
SIM1
SIM2
SIM3
SIM4
1
21
22
SIM5
SIM1
SIM2
SIM3
SIM4
1
21
22
SIM5
SIM1
SIM2
SIM3
SIM4
1
21
22
SIM5
SIM1
SIM2
SIM3
SIM4
1
21
22
SIM5
SIM1
SIM2
SIM3
SIM4
1
21
22
SIM5
SIM1
SIM2
SIM3
SIM4
1
21
22
SIM5
SIM1
SIM2
SIM3
SIM4
1
21
22
SIM5
SIM1
SIM2
SIM3
SIM4
1
21
22
SIM5
SIM1
SIM2
SIM3
SIM4
1
21
22
SIM5
SIM1
SIM2
SIM3
SIM4
1
21
22
SIM5
SIM1
SIM2
SIM3
SIM4
1
21
22
SIM5
SIM1
SIM2
SIM3
SIM4
1
21
22
SIM5
SIM1
SIM2
SIM3
SIM4
1
21
22
SIM5
SIM1
SIM2
SIM3
SIM4
1
21
22
SIM5
SIM1
SIM2
SIM3
SIM4
1
21
22
SIM5
SIM1
SIM2
SIM3
SIM4
1
21
22
SIM5
SIM1
SIM2
SIM3
SIM4
1
21
22
SIM5
SIM1
SIM2
SIM3
SIM4
1
21
22
SIM5
SIM1
SIM2
SIM3
SIM4
1
21
22
SIM5
SIM1
SIM2
SIM3
SIM4
1
21
22
SIM5
SIM1
SIM2
SIM3
SIM4
1
21
22
SIM5
SIM1
SIM2
SIM3
SIM4
1
21
22
SIM5
SIM1
SIM2
SIM3
SIM4
1
21
22
SIM5
SIM1
SIM2
SIM3
SIM4
1
21
22
SIM5
SIM1
SIM2
SIM3
SIM4
1
21
22
SIM5
SIM1
SIM2
SIM3
SIM4
1
21
22
SIM5
SIM1
SIM2
SIM3
SIM4
1
21
22
SIM5
SIM1
SIM2
SIM3
SIM4
1
21
22
SIM5
SIM1
SIM2
SIM3
SIM4
1
21
22
SIM5
SIM1
SIM2
SIM3
SIM4
1
21
22
SIM5
SIM1
SIM2
SIM3
SIM4
1
21
22
SIM5
SIM1
SIM2
SIM3
SIM4
1
21
22
SIM5
SIM1
SIM2
SIM3
SIM4
1
21
22
SIM5
SIM1
SIM2
SIM3
SIM4
1
21
22
SIM5
SIM1
SIM2
SIM3
SIM4
1
21
22
SIM5
SIM1
SIM2
SIM3
SIM4
1
21
22
SIM5
SIM1
SIM2
SIM3
SIM4
1
21
22
SIM5
SIM1
SIM2
SIM3
SIM4
1
21
22
SIM5
SIM1
SIM2
SIM3
SIM4
1
21
22
SIM5
SIM1
SIM2
SIM3
SIM4
1
21
22
SIM5
SIM1
SIM2
SIM3
SIM4
1
21
22
SIM5
SIM1
SIM2
SIM3
SIM4
1
21
22
SIM5
SIM1
SIM2
SIM3
SIM4
1
21
22
SIM5
SIM1
SIM2
SIM3
SIM4
1
21
22
SIM5
SIM1
SIM2
SIM3
SIM4
1
21
22
SIM5
SIM1
SIM2
SIM3
SIM4
1
21
22
SIM5
SIM1
SIM2
SIM3
SIM4
1
21
22
SIM5
SIM1
SIM2
SIM3
SIM4
1
21
22
SIM5
SIM1
SIM2
SIM3
SIM4
1
21
22
SIM5
SIM1
SIM2
SIM3
SIM4
1
21
22
SIM5
SIM1
SIM2
SIM3
SIM4
1
21
22
SIM5
SIM1
SIM2
SIM3
SIM4
1
21
22
SIM5
SIM1
SIM2
SIM3
SIM4
1
21
22
SIM5
SIM1
SIM2
SIM3
SIM4
1
21
22
SIM5
SIM1
SIM2
SIM3
SIM4
1
21
22
SIM5
SIM1
SIM2
SIM3
SIM4
1
21
22
SIM5
SIM1
SIM2
SIM3
SIM4
1
21
22
SIM5
SIM1
SIM2
SIM3
SIM4
1
21
22
SIM5
SIM1
SIM2
SIM3
SIM4
1
21
22
SIM5
SIM1
SIM2
SIM3
SIM4
1
21
22
SIM5
SIM1
SIM2
SIM3
SIM4
1
21
22
SIM5
SIM1
SIM2
SIM3
SIM4
1
21
22
SIM5
SIM1
SIM2
SIM3
SIM4
1
21
22
SIM5
SIM1
SIM2
SIM3
SIM4
1
21
22
SIM5
SIM1
SIM2
SIM3
SIM4
1
21
22
SIM5
SIM1
SIM2
SIM3
SIM4
1
21
22
SIM5
SIM1
SIM2
SIM3
SIM4
1
21
22
SIM5
SIM1
SIM2
SIM3
SIM4
1
21
22
SIM5
SIM1
SIM2
SIM3
SIM4
1
21
22
SIM5
SIM1
SIM2
SIM3
SIM4
1
21
22
SIM5
SIM1
SIM2
SIM3
SIM4
1
21
22
SIM5
SIM1
SIM2
SIM3
SIM4
1
21
22
SIM5
SIM1
SIM2
SIM3
SIM4
1
21
22
SIM5
SIM1
SIM2
SIM3
SIM4
1
21
22
SIM5
SIM1
SIM2
SIM3
SIM4
1
21
22
SIM5
SIM1
SIM2
SIM3
SIM4
1
21
22
SIM5
SIM1
SIM2
SIM3
SIM4
1
21
22
SIM5
SIM1
SIM2
SIM3
SIM4
1
21
22
SIM5
SIM1
SIM2
SIM3
SIM4
1
21
22
SIM5
SIM1
SIM2
SIM3
SIM4
1
21
22
SIM5
SIM1
SIM2
SIM3
SIM4
1
21
22
SIM5
SIM1
SIM2
SIM3
SIM4
1
21
22
SIM5
SIM1
SIM2
SIM3
SIM4
1
21
22
SIM5
SIM1
SIM2
SIM3
SIM4
1
21
22
SIM5
SIM1
SIM2
SIM3
SIM4
1
21
22
SIM5
SIM1
SIM2
SIM3
SIM4
1
21
22
SIM5
SIM1
SIM2
SIM3
SIM4
1
21
22
SIM5
SIM1
SIM2
SIM3
SIM4
1
21
22
SIM5
SIM1
SIM2
SIM3
SIM4
1
21
22
SIM5
SIM1
SIM2
SIM3
SIM4
1
21
22
SIM5
SIM1
SIM2
SIM3
SIM4
1
21
22
SIM5
SIM1
SIM2
SIM3
SIM4
1
21
22
SIM5
SIM1
SIM2
DEBUG 1 815
SIM1
SIM2
SIM3
SIM4
1
21
22
SIM5
SIM1
SIM2
SIM3
SIM4
1
21
22
SIM5
SIM1
SIM2
SIM3
SIM4
1
21
22
SIM5
SIM1
SIM2
SIM3
SIM4
1
21
22
SIM5
SIM1
SIM2
SIM3
SIM4
1
21
22
SIM5
SIM1
SIM2
SIM3
SIM4
1
21
22
SIM5
SIM1
SIM2
SIM3
SIM4
1
21
22
SIM5
SIM1
SIM2
SIM3
SIM4
1
21
22
SIM5
SIM1
SIM2
SIM3
SIM4
1
21
22
SIM5
SIM1
SIM2
SIM3
SIM4
1
21
22
SIM5
SIM1
SIM2
SIM3
SIM4
1
21
22
SIM5
SIM1
SIM2
SIM3
SIM4
1
21
22
SIM5
SIM1
SIM2
SIM3
SIM4
1
21
22
SIM5
SIM1
SIM2
SIM3
SIM4
1
21
22
SIM5
SIM1
SIM2
SIM3
SIM4
1
21
22
SIM5
SIM1
SIM2
SIM3
SIM4
1
21
22
SIM5
SIM1
SIM2
SIM3
SIM4
1
21
22
SIM5
SIM1
SIM2
SIM3
SIM4
1
21
22
SIM5
SIM1
SIM2
SIM3
SIM4
1
21
22
SIM5
SIM1
SIM2
SIM3
SIM4
1
21
22
SIM5
SIM1
SIM2
SIM3
SIM4
1
21
22
SIM5
SIM1
SIM2
SIM3
SIM4
1
21
22
SIM5
SIM1
SIM2
SIM3
SIM4
1
21
22
SIM5
SIM1
SIM2
SIM3
SIM4
1
21
22
SIM5
SIM1
SIM2
SIM3
SIM4
1
21
22
SIM5
SIM1
SIM2
SIM3
SIM4
1
21
22
SIM5
SIM1
SIM2
SIM3
SIM4
1
21
22
SIM5
SIM1
SIM2
SIM3
SIM4
1
21
22
SIM5
SIM1
SIM2
SIM3
SIM4
1
21
22
SIM5
SIM1
SIM2
SIM3
SIM4
1
21
22
SIM5
SIM1
SIM2
SIM3
SIM4
1
21
22
SIM5
SIM1
SIM2
SIM3
SIM4
1
21
22
SIM5
SIM1
SIM2
SIM3
SIM4
1
21
22
SIM5
SIM1
SIM2
SIM3
SIM4
1
21
22
SIM5
SIM1
SIM2
SIM3
SIM4
1
21
22
SIM5
SIM1
SIM2
SIM3
SIM4
1
21
22
SIM5
SIM1
SIM2
SIM3
SIM4
1
21
22
SIM5
SIM1
SIM2
SIM3
SIM4
1
21
22
SIM5
SIM1
SIM2
SIM3
SIM4
1
21
22
SIM5
SIM1
SIM2
SIM3
SIM4
1
21
22
SIM5
SIM1
SIM2
SIM3
SIM4
1
21
22
SIM5
SIM1
SIM2
SIM3
SIM4
1
21
22
SIM5
SIM1
SIM2
SIM3
SIM4
1
21
22
SIM5
SIM1
SIM2
SIM3
SIM4
1
21
22
SIM5
SIM1
SIM2
SIM3
SIM4
1
21
22
SIM5
SIM1
SIM2
SIM3
SIM4
1
21
22
SIM5
SIM1
SIM2
SIM3
SIM4
1
21
22
SIM5
SIM1
SIM2
SIM3
SIM4
1
21
22
SIM5
SIM1
SIM2
SIM3
SIM4
1
21
22
SIM5
SIM1
SIM2
SIM3
SIM4
1
21
22
SIM5
SIM1
SIM2
SIM3
SIM4
1
21
22
SIM5
SIM1
SIM2
SIM3
SIM4
1
21
22
SIM5
SIM1
SIM2
SIM3
SIM4
1
21
22
SIM5
SIM1
SIM2
SIM3
SIM4
1
21
22
SIM5
SIM1
SIM2
SIM3
SIM4
1
21
22
SIM5
SIM1
SIM2
SIM3
SIM4
1
21
22
SIM5
SIM1
SIM2
SIM3
SIM4
1
21
22
SIM5
SIM1
SIM2
SIM3
SIM4
1
21
22
SIM5
SIM1
SIM2
SIM3
SIM4
1
21
22
SIM5
SIM1
SIM2
SIM3
SIM4
1
21
22
SIM5
SIM1
SIM2
SIM3
SIM4
1
21
22
SIM5
SIM1
SIM2
SIM3
SIM4
1
21
22
SIM5
SIM1
SIM2
SIM3
SIM4
1
21
22
SIM5
SIM1
SIM2
SIM3
SIM4
1
21
22
SIM5
SIM1
SIM2
SIM3
SIM4
1
21
22
SIM5
SIM1
SIM2
SIM3
SIM4
1
21
22
SIM5
SIM1
SIM2
SIM3
SIM4
1
21
22
SIM5
SIM1
SIM2
SIM3
SIM4
1
21
22
SIM5
SIM1
SIM2
SIM3
SIM4
1
21
22
SIM5
SIM1
SIM2
SIM3
SIM4
1
21
22
SIM5
SIM1
SIM2
SIM3
SIM4
1
21
22
SIM5
SIM1
SIM2
SIM3
SIM4
1
21
22
SIM5
SIM1
SIM2
SIM3
SIM4
1
21
22
SIM5
SIM1
SIM2
SIM3
SIM4
1
21
22
SIM5
SIM1
SIM2
SIM3
SIM4
1
21
22
SIM5
SIM1
SIM2
SIM3
SIM4
1
21
22
SIM5
SIM1
SIM2
SIM3
SIM4
1
21
22
SIM5
SIM1
SIM2
SIM3
SIM4
1
21
22
SIM5
SIM1
SIM2
SIM3
SIM4
1
21
22
SIM5
SIM1
SIM2
SIM3
SIM4
1
21
22
SIM5
SIM1
SIM2
SIM3
SIM4
1
21
22
SIM5
SIM1
SIM2
SIM3
SIM4
1
21
22
SIM5
SIM1
SIM2
SIM3
SIM4
1
21
22
SIM5
SIM1
SIM2
SIM3
SIM4
1
21
22
SIM5
SIM1
SIM2
SIM3
SIM4
1
21
22
SIM5
SIM1
SIM2
SIM3
SIM4
1
21
22
SIM5
SIM1
SIM2
SIM3
SIM4
1
21
22
SIM5
SIM1
SIM2
SIM3
SIM4
1
21
22
SIM5
SIM1
SIM2
SIM3
SIM4
1
21
22
SIM5
SIM1
SIM2
SIM3
SIM4
1
21
22
SIM5
SIM1
SIM2
SIM3
SIM4
1
21
22
SIM5
SIM1
SIM2
SIM3
SIM4
1
21
22
SIM5
SIM1
SIM2
SIM3
SIM4
1
21
22
SIM5
SIM1
SIM2
SIM3
SIM4
1
21
22
SIM5
SIM1
SIM2
SIM3
SIM4
1
21
22
SIM5
SIM1
SIM2
SIM3
SIM4
1
21
22
SIM5
SIM1
SIM2
SIM3
SIM4
1
21
22
SIM5
SIM1
SIM2
SIM3
SIM4
1
21
22
SIM5
SIM1
SIM2
SIM3
SIM4
1
21
22
SIM5
SIM1
SIM2
SIM3
SIM4
1
21
22
SIM5
SIM1
SIM2
SIM3
SIM4
1
21
22
SIM5
SIM1
SIM2
SIM3
SIM4
1
21
22
SIM5
SIM1
SIM2
SIM3
SIM4
1
21
22
SIM5
SIM1
SIM2
SIM3
SIM4
1
21
22
SIM5
SIM1
SIM2
SIM3
SIM4
1
21
22
SIM5
SIM1
SIM2
SIM3
SIM4
1
21
22
SIM5
SIM1
SIM2
SIM3
SIM4
1
21
22
SIM5
SIM1
SIM2
SIM3
SIM4
1
21
22
SIM5
SIM1
SIM2
SIM3
SIM4
1
21
22
SIM5
SIM1
SIM2
SIM3
SIM4
1
21
22
SIM5
SIM1
SIM2
SIM3
SIM4
1
21
22
SIM5
SIM1
SIM2
SIM3
SIM4
1
21
22
SIM5
SIM1
SIM2
SIM3
SIM4
1
21
22
SIM5
SIM1
SIM2
SIM3
SIM4
1
21
22
SIM5
SIM1
SIM2
SIM3
SIM4
1
21
22
SIM5
SIM1
SIM2
SIM3
SIM4
1
21
22
SIM5
SIM1
SIM2
SIM3
SIM4
1
21
22
SIM5
SIM1
SIM2
SIM3
SIM4
1
21
22
SIM5
SIM1
SIM2
SIM3
SIM4
1
21
22
SIM5
SIM1
SIM2
SIM3
SIM4
1
21
22
SIM5
SIM1
SIM2
SIM3
SIM4
1
21
22
SIM5
SIM1
SIM2
SIM3
SIM4
1
21
22
SIM5
SIM1
SIM2
SIM3
SIM4
1
21
22
SIM5
SIM1
SIM2
SIM3
SIM4
1
21
22
SIM5
SIM1
SIM2
SIM3
SIM4
1
21
22
SIM5
SIM1
SIM2
SIM3
SIM4
1
21
22
SIM5
SIM1
SIM2
SIM3
SIM4
1
21
22
SIM5
SIM1
SIM2
SIM3
SIM4
1
21
22
SIM5
SIM1
SIM2
SIM3
SIM4
1
21
22
SIM5
SIM1
SIM2
SIM3
SIM4
1
21
22
SIM5
SIM1
SIM2
SIM3
SIM4
1
21
22
SIM5
SIM1
SIM2
SIM3
SIM4
1
21
22
SIM5
SIM1
SIM2
SIM3
SIM4
1
21
22
SIM5
SIM1
SIM2
SIM3
SIM4
1
21
22
SIM5
SIM1
SIM2
SIM3
SIM4
1
21
22
SIM5
SIM1
SIM2
SIM3
SIM4
1
21
22
SIM5
SIM1
SIM2
SIM3
SIM4
1
21
22
SIM5
SIM1
SIM2
SIM3
SIM4
1
21
22
SIM5
SIM1
SIM2
SIM3
SIM4
1
21
22
SIM5
SIM1
SIM2
SIM3
SIM4
1
21
22
SIM5
SIM1
SIM2
SIM3
SIM4
1
21
22
SIM5
SIM1
SIM2
SIM3
SIM4
1
21
22
SIM5
SIM1
SIM2
SIM3
SIM4
1
21
22
SIM5
SIM1
SIM2
SIM3
SIM4
1
21
22
SIM5
SIM1
SIM2
SIM3
SIM4
1
21
22
SIM5
SIM1
SIM2
SIM3
SIM4
1
21
22
SIM5
SIM1
SIM2
SIM3
SIM4
1
21
22
SIM5
SIM1
SIM2
SIM3
SIM4
1
21
22
SIM5
SIM1
SIM2
SIM3
SIM4
1
21
22
SIM5
SIM1
SIM2
SIM3
SIM4
1
21
22
SIM5
SIM1
SIM2
SIM3
SIM4
1
21
22
SIM5
SIM1
SIM2
SIM3
SIM4
1
21
22
SIM5
SIM1
SIM2
DEBUG 1 816
SIM1
SIM2
SIM3
SIM4
1
21
22
SIM5
SIM1
SIM2
SIM3
SIM4
1
21
22
SIM5
SIM1
SIM2
SIM3
SIM4
1
21
22
SIM5
SIM1
SIM2
SIM3
SIM4
1
21
22
SIM5
SIM1
SIM2
SIM3
SIM4
1
21
22
SIM5
SIM1
SIM2
SIM3
SIM4
1
21
22
SIM5
SIM1
SIM2
SIM3
SIM4
1
21
22
SIM5
SIM1
SIM2
SIM3
SIM4
1
21
22
SIM5
SIM1
SIM2
SIM3
SIM4
1
21
22
SIM5
SIM1
SIM2
SIM3
SIM4
1
21
22
SIM5
SIM1
SIM2
SIM3
SIM4
1
21
22
SIM5
SIM1
SIM2
SIM3
SIM4
1
21
22
SIM5
SIM1
SIM2
SIM3
SIM4
1
21
22
SIM5
SIM1
SIM2
SIM3
SIM4
1
21
22
SIM5
SIM1
SIM2
SIM3
SIM4
1
21
22
SIM5
SIM1
SIM2
SIM3
SIM4
1
21
22
SIM5
SIM1
SIM2
SIM3
SIM4
1
21
22
SIM5
SIM1
SIM2
SIM3
SIM4
1
21
22
SIM5
SIM1
SIM2
SIM3
SIM4
1
21
22
SIM5
SIM1
SIM2
SIM3
SIM4
1
21
22
SIM5
SIM1
SIM2
SIM3
SIM4
1
21
22
SIM5
SIM1
SIM2
SIM3
SIM4
1
21
22
SIM5
SIM1
SIM2
SIM3
SIM4
1
21
22
SIM5
SIM1
SIM2
SIM3
SIM4
1
21
22
SIM5
SIM1
SIM2
SIM3
SIM4
1
21
22
SIM5
SIM1
SIM2
SIM3
SIM4
1
21
22
SIM5
SIM1
SIM2
SIM3
SIM4
1
21
22
SIM5
SIM1
SIM2
SIM3
SIM4
1
21
22
SIM5
SIM1
SIM2
SIM3
SIM4
1
21
22
SIM5
SIM1
SIM2
SIM3
SIM4
1
21
22
SIM5
SIM1
SIM2
SIM3
SIM4
1
21
22
SIM5
SIM1
SIM2
SIM3
SIM4
1
21
22
SIM5
SIM1
SIM2
SIM3
SIM4
1
21
22
SIM5
SIM1
SIM2
SIM3
SIM4
1
21
22
SIM5
SIM1
SIM2
SIM3
SIM4
1
21
22
SIM5
SIM1
SIM2
SIM3
SIM4
1
21
22
SIM5
SIM1
SIM2
SIM3
SIM4
1
21
22
SIM5
SIM1
SIM2
SIM3
SIM4
1
21
22
SIM5
SIM1
SIM2
SIM3
SIM4
1
21
22
SIM5
SIM1
SIM2
SIM3
SIM4
1
21
22
SIM5
SIM1
SIM2
SIM3
SIM4
1
21
22
SIM5
SIM1
SIM2
SIM3
SIM4
1
21
22
SIM5
SIM1
SIM2
SIM3
SIM4
1
21
22
SIM5
SIM1
SIM2
SIM3
SIM4
1
21
22
SIM5
SIM1
SIM2
SIM3
SIM4
1
21
22
SIM5
SIM1
SIM2
SIM3
SIM4
1
21
22
SIM5
SIM1
SIM2
SIM3
SIM4
1
21
22
SIM5
SIM1
SIM2
SIM3
SIM4
1
21
22
SIM5
SIM1
SIM2
SIM3
SIM4
1
21
22
SIM5
SIM1
SIM2
SIM3
SIM4
1
21
22
SIM5
SIM1
SIM2
SIM3
SIM4
1
21
22
SIM5
SIM1
SIM2
SIM3
SIM4
1
21
22
SIM5
SIM1
SIM2
SIM3
SIM4
1
21
22
SIM5
SIM1
SIM2
SIM3
SIM4
1
21
22
SIM5
SIM1
SIM2
SIM3
SIM4
1
21
22
SIM5
SIM1
SIM2
SIM3
SIM4
1
21
22
SIM5
SIM1
SIM2
SIM3
SIM4
1
21
22
SIM5
SIM1
SIM2
SIM3
SIM4
1
21
22
SIM5
SIM1
SIM2
SIM3
SIM4
1
21
22
SIM5
SIM1
SIM2
SIM3
SIM4
1
21
22
SIM5
SIM1
SIM2
SIM3
SIM4
1
21
22
SIM5
SIM1
SIM2
SIM3
SIM4
1
21
22
SIM5
SIM1
SIM2
SIM3
SIM4
1
21
22
SIM5
SIM1
SIM2
SIM3
SIM4
1
21
22
SIM5
SIM1
SIM2
SIM3
SIM4
1
21
22
SIM5
SIM1
SIM2
SIM3
SIM4
1
21
22
SIM5
SIM1
SIM2
SIM3
SIM4
1
21
22
SIM5
SIM1
SIM2
SIM3
SIM4
1
21
22
SIM5
SIM1
SIM2
SIM3
SIM4
1
21
22
SIM5
SIM1
SIM2
SIM3
SIM4
1
21
22
SIM5
SIM1
SIM2
SIM3
SIM4
1
21
22
SIM5
SIM1
SIM2
SIM3
SIM4
1
21
22
SIM5
SIM1
SIM2
SIM3
SIM4
1
21
22
SIM5
SIM1
SIM2
SIM3
SIM4
1
21
22
SIM5
SIM1
SIM2
SIM3
SIM4
1
21
22
SIM5
SIM1
SIM2
SIM3
SIM4
1
21
22
SIM5
SIM1
SIM2
SIM3
SIM4
1
21
22
SIM5
SIM1
SIM2
SIM3
SIM4
1
21
22
SIM5
SIM1
SIM2
SIM3
SIM4
1
21
22
SIM5
SIM1
SIM2
SIM3
SIM4
1
21
22
SIM5
SIM1
SIM2
SIM3
SIM4
1
21
22
SIM5
SIM1
SIM2
SIM3
SIM4
1
21
22
SIM5
SIM1
SIM2
SIM3
SIM4
1
21
22
SIM5
SIM1
SIM2
SIM3
SIM4
1
21
22
SIM5
SIM1
SIM2
SIM3
SIM4
1
21
22
SIM5
SIM1
SIM2
SIM3
SIM4
1
21
22
SIM5
SIM1
SIM2
SIM3
SIM4
1
21
22
SIM5
SIM1
SIM2
SIM3
SIM4
1
21
22
SIM5
SIM1
SIM2
SIM3
SIM4
1
21
22
SIM5
SIM1
SIM2
SIM3
SIM4
1
21
22
SIM5
SIM1
SIM2
SIM3
SIM4
1
21
22
SIM5
SIM1
SIM2
SIM3
SIM4
1
21
22
SIM5
SIM1
SIM2
SIM3
SIM4
1
21
22
SIM5
SIM1
SIM2
SIM3
SIM4
1
21
22
SIM5
SIM1
SIM2
SIM3
SIM4
1
21
22
SIM5
SIM1
SIM2
SIM3
SIM4
1
21
22
SIM5
SIM1
SIM2
SIM3
SIM4
1
21
22
SIM5
SIM1
SIM2
SIM3
SIM4
1
21
22
SIM5
SIM1
SIM2
SIM3
SIM4
1
21
22
SIM5
SIM1
SIM2
SIM3
SIM4
1
21
22
SIM5
SIM1
SIM2
SIM3
SIM4
1
21
22
SIM5
SIM1
SIM2
SIM3
SIM4
1
21
22
SIM5
SIM1
SIM2
SIM3
SIM4
1
21
22
SIM5
SIM1
SIM2
SIM3
SIM4
1
21
22
SIM5
SIM1
SIM2
SIM3
SIM4
1
21
22
SIM5
SIM1
SIM2
SIM3
SIM4
1
21
22
SIM5
SIM1
SIM2
SIM3
SIM4
1
21
22
SIM5
SIM1
SIM2
SIM3
SIM4
1
21
22
SIM5
SIM1
SIM2
SIM3
SIM4
1
21
22
SIM5
SIM1
SIM2
SIM3
SIM4
1
21
22
SIM5
SIM1
SIM2
SIM3
SIM4
1
21
22
SIM5
SIM1
SIM2
SIM3
SIM4
1
21
22
SIM5
SIM1
SIM2
SIM3
SIM4
1
21
22
SIM5
SIM1
SIM2
SIM3
SIM4
1
21
22
SIM5
SIM1
SIM2
SIM3
SIM4
1
21
22
SIM5
SIM1
SIM2
SIM3
SIM4
1
21
22
SIM5
SIM1
SIM2
SIM3
SIM4
1
21
22
SIM5
SIM1
SIM2
SIM3
SIM4
1
21
22
SIM5
SIM1
SIM2
SIM3
SIM4
1
21
22
SIM5
SIM1
SIM2
SIM3
SIM4
1
21
22
SIM5
SIM1
SIM2
SIM3
SIM4
1
21
22
SIM5
SIM1
SIM2
SIM3
SIM4
1
21
22
SIM5
SIM1
SIM2
SIM3
SIM4
1
21
22
SIM5
SIM1
SIM2
SIM3
SIM4
1
21
22
SIM5
SIM1
SIM2
SIM3
SIM4
1
21
22
SIM5
SIM1
SIM2
SIM3
SIM4
1
21
22
SIM5
SIM1
SIM2
SIM3
SIM4
1
21
22
SIM5
SIM1
SIM2
SIM3
SIM4
1
21
22
SIM5
SIM1
SIM2
SIM3
SIM4
1
21
22
SIM5
SIM1
SIM2
SIM3
SIM4
1
21
22
SIM5
SIM1
SIM2
SIM3
SIM4
1
21
22
SIM5
SIM1
SIM2
SIM3
SIM4
1
21
22
SIM5
SIM1
SIM2
SIM3
SIM4
1
21
22
SIM5
SIM1
SIM2
SIM3
SIM4
1
21
22
SIM5
SIM1
SIM2
SIM3
SIM4
1
21
22
SIM5
SIM1
SIM2
SIM3
SIM4
1
21
22
SIM5
SIM1
SIM2
SIM3
SIM4
1
21
22
SIM5
SIM1
SIM2
SIM3
SIM4
1
21
22
SIM5
SIM1
SIM2
SIM3
SIM4
1
21
22
SIM5
SIM1
SIM2
SIM3
SIM4
1
21
22
SIM5
SIM1
SIM2
SIM3
SIM4
1
21
22
SIM5
SIM1
SIM2
SIM3
SIM4
1
21
22
SIM5
SIM1
SIM2
SIM3
SIM4
1
21
22
SIM5
SIM1
SIM2
SIM3
SIM4
1
21
22
SIM5
SIM1
SIM2
SIM3
SIM4
1
21
22
SIM5
SIM1
SIM2
SIM3
SIM4
1
21
22
SIM5
SIM1
SIM2
SIM3
SIM4
1
21
22
SIM5
SIM1
SIM2
SIM3
SIM4
1
21
22
SIM5
SIM1
SIM2
SIM3
SIM4
1
21
22
SIM5
SIM1
SIM2
SIM3
SIM4
1
21
22
SIM5
SIM1
SIM2
SIM3
SIM4
1
21
22
SIM5
SIM1
SIM2
SIM3
SIM4
1
21
22
SIM5
SIM1
SIM2
SIM3
SIM4
1
21
22
SIM5
SIM1
SIM2
SIM3
SIM4
1
21
22
SIM5
SIM1
SIM2
SIM3
SIM4
1
21
22
SIM5
SIM1
SIM2
SIM3
SIM4
1
21
22
SIM5
SIM1
SIM2
SIM3
SIM4
1
21
22
SIM5
SIM1
SIM2
SIM3
SIM4
1
21
22
SIM5
SIM1
SIM2
SIM3
SIM4
1
21
22
SIM5
SIM1
SIM2
SIM3
SIM4
1
21
22
SIM5
SIM1
SIM2
SIM3
SIM4
1
21
22
SIM5
SIM1
SIM2
SIM3
SIM4
1
21
22
SIM5
SIM1
SIM2
SIM3
SIM4
1
21
22
SIM5
SIM1
SIM2
SIM3
SIM4
1
21
22
SIM5
SIM1
SIM2
SIM3
SIM4
1
21
22
SIM5
SIM1
SIM2
SIM3
SIM4
1
21
22
SIM5
SIM1
SIM2
SIM3
SIM4
1
21
22
SIM5
SIM1
SIM2
SIM3
SIM4
1
21
22
SIM5
SIM1
SIM2
SIM3
SIM4
1
21
22
SIM5
SIM1
SIM2
SIM3
SIM4
1
21
22
SIM5
SIM1
SIM2
SIM3
SIM4
1
21
22
SIM5
SIM1
SIM2
SIM3
SIM4
1
21
22
SIM5
SIM1
SIM2
SIM3
SIM4
1
21
22
SIM5
SIM1
SIM2
SIM3
SIM4
1
21
22
SIM5
SIM1
SIM2
SIM3
SIM4
1
21
22
SIM5
SIM1
SIM2
SIM3
SIM4
1
21
22
SIM5
SIM1
SIM2
SIM3
SIM4
1
21
22
SIM5
SIM1
SIM2
SIM3
SIM4
1
21
22
SIM5
SIM1
SIM2
SIM3
SIM4
1
21
22
SIM5
SIM1
SIM2
SIM3
SIM4
1
21
22
SIM5
SIM1
SIM2
SIM3
SIM4
1
21
22
SIM5
SIM1
SIM2
SIM3
SIM4
1
21
22
SIM5
SIM1
SIM2
SIM3
SIM4
1
21
22
SIM5
SIM1
SIM2
SIM3
SIM4
1
21
22
SIM5
SIM1
SIM2
SIM3
SIM4
1
21
22
SIM5
SIM1
SIM2
SIM3
SIM4
1
21
22
SIM5
SIM1
SIM2
SIM3
SIM4
1
21
22
SIM5
SIM1
SIM2
SIM3
SIM4
1
21
22
SIM5
SIM1
SIM2
SIM3
SIM4
1
21
22
SIM5
SIM1
SIM2
SIM3
SIM4
1
21
22
SIM5
SIM1
SIM2
SIM3
SIM4
1
21
22
SIM5
SIM1
SIM2
SIM3
SIM4
1
21
22
SIM5
SIM1
SIM2
SIM3
SIM4
1
21
22
SIM5
SIM1
SIM2
SIM3
SIM4
1
21
22
SIM5
SIM1
SIM2
SIM3
SIM4
1
21
22
SIM5
SIM1
SIM2
SIM3
SIM4
1
21
22
SIM5
SIM1
SIM2
SIM3
SIM4
1
21
22
SIM5
SIM1
SIM2
SIM3
SIM4
1
21
22
SIM5
SIM1
SIM2
SIM3
SIM4
1
21
22
SIM5
SIM1
SIM2
SIM3
SIM4
1
21
22
SIM5
SIM1
SIM2
SIM3
SIM4
1
21
22
SIM5
SIM1
SIM2
SIM3
SIM4
1
21
22
SIM5
SIM1
SIM2
SIM3
SIM4
1
21
22
SIM5
SIM1
SIM2
SIM3
SIM4
1
21
22
SIM5
SIM1
SIM2
SIM3
SIM4
1
21
22
SIM5
SIM1
SIM2
SIM3
SIM4
1
21
22
SIM5
SIM1
SIM2
SIM3
SIM4
1
21
22
SIM5
SIM1
SIM2
SIM3
SIM4
1
21
22
SIM5
SIM1
SIM2
SIM3
SIM4
1
21
22
SIM5
SIM1
SIM2
DEBUG 1 817
SIM1
SIM2
SIM3
SIM4
1
21
22
SIM5
SIM1
SIM2
SIM3
SIM4
1
21
22
SIM5
SIM1
SIM2
SIM3
SIM4
1
21
22
SIM5
SIM1
SIM2
SIM3
SIM4
1
21
22
SIM5
SIM1
SIM2
SIM3
SIM4
1
21
22
SIM5
SIM1
SIM2
SIM3
SIM4
1
21
22
SIM5
SIM1
SIM2
SIM3
SIM4
1
21
22
SIM5
SIM1
SIM2
SIM3
SIM4
1
21
22
SIM5
SIM1
SIM2
SIM3
SIM4
1
21
22
SIM5
SIM1
SIM2
SIM3
SIM4
1
21
22
SIM5
SIM1
SIM2
SIM3
SIM4
1
21
22
SIM5
SIM1
SIM2
SIM3
SIM4
1
21
22
SIM5
SIM1
SIM2
SIM3
SIM4
1
21
22
SIM5
SIM1
SIM2
SIM3
SIM4
1
21
22
SIM5
SIM1
SIM2
SIM3
SIM4
1
21
22
SIM5
SIM1
SIM2
SIM3
SIM4
1
21
22
SIM5
SIM1
SIM2
SIM3
SIM4
1
21
22
SIM5
SIM1
SIM2
SIM3
SIM4
1
21
22
SIM5
SIM1
SIM2
SIM3
SIM4
1
21
22
SIM5
SIM1
SIM2
SIM3
SIM4
1
21
22
SIM5
SIM1
SIM2
SIM3
SIM4
1
21
22
SIM5
SIM1
SIM2
SIM3
SIM4
1
21
22
SIM5
SIM1
SIM2
SIM3
SIM4
1
21
22
SIM5
SIM1
SIM2
SIM3
SIM4
1
21
22
SIM5
SIM1
SIM2
SIM3
SIM4
1
21
22
SIM5
SIM1
SIM2
SIM3
SIM4
1
21
22
SIM5
SIM1
SIM2
SIM3
SIM4
1
21
22
SIM5
SIM1
SIM2
SIM3
SIM4
1
21
22
SIM5
SIM1
SIM2
SIM3
SIM4
1
21
22
SIM5
SIM1
SIM2
SIM3
SIM4
1
21
22
SIM5
SIM1
SIM2
SIM3
SIM4
1
21
22
SIM5
SIM1
SIM2
SIM3
SIM4
1
21
22
SIM5
SIM1
SIM2
SIM3
SIM4
1
21
22
SIM5
SIM1
SIM2
SIM3
SIM4
1
21
22
SIM5
SIM1
SIM2
SIM3
SIM4
1
21
22
SIM5
SIM1
SIM2
SIM3
SIM4
1
21
22
SIM5
SIM1
SIM2
SIM3
SIM4
1
21
22
SIM5
SIM1
SIM2
SIM3
SIM4
1
21
22
SIM5
SIM1
SIM2
SIM3
SIM4
1
21
22
SIM5
SIM1
SIM2
SIM3
SIM4
1
21
22
SIM5
SIM1
SIM2
SIM3
SIM4
1
21
22
SIM5
SIM1
SIM2
SIM3
SIM4
1
21
22
SIM5
SIM1
SIM2
SIM3
SIM4
1
21
22
SIM5
SIM1
SIM2
SIM3
SIM4
1
21
22
SIM5
SIM1
SIM2
SIM3
SIM4
1
21
22
SIM5
SIM1
SIM2
SIM3
SIM4
1
21
22
SIM5
SIM1
SIM2
SIM3
SIM4
1
21
22
SIM5
SIM1
SIM2
SIM3
SIM4
1
21
22
SIM5
SIM1
SIM2
SIM3
SIM4
1
21
22
SIM5
SIM1
SIM2
SIM3
SIM4
1
21
22
SIM5
SIM1
SIM2
SIM3
SIM4
1
21
22
SIM5
SIM1
SIM2
SIM3
SIM4
1
21
22
SIM5
SIM1
SIM2
SIM3
SIM4
1
21
22
SIM5
SIM1
SIM2
SIM3
SIM4
1
21
22
SIM5
SIM1
SIM2
SIM3
SIM4
1
21
22
SIM5
SIM1
SIM2
SIM3
SIM4
1
21
22
SIM5
SIM1
SIM2
SIM3
SIM4
1
21
22
SIM5
SIM1
SIM2
SIM3
SIM4
1
21
22
SIM5
SIM1
SIM2
SIM3
SIM4
1
21
22
SIM5
SIM1
SIM2
SIM3
SIM4
1
21
22
SIM5
SIM1
SIM2
SIM3
SIM4
1
21
22
SIM5
SIM1
SIM2
SIM3
SIM4
1
21
22
SIM5
SIM1
SIM2
SIM3
SIM4
1
21
22
SIM5
SIM1
SIM2
SIM3
SIM4
1
21
22
SIM5
SIM1
SIM2
SIM3
SIM4
1
21
22
SIM5
SIM1
SIM2
SIM3
SIM4
1
21
22
SIM5
SIM1
SIM2
SIM3
SIM4
1
21
22
SIM5
SIM1
SIM2
SIM3
SIM4
1
21
22
SIM5
SIM1
SIM2
SIM3
SIM4
1
21
22
SIM5
SIM1
SIM2
SIM3
SIM4
1
21
22
SIM5
SIM1
SIM2
SIM3
SIM4
1
21
22
SIM5
SIM1
SIM2
SIM3
SIM4
1
21
22
SIM5
SIM1
SIM2
SIM3
SIM4
1
21
22
SIM5
SIM1
SIM2
SIM3
SIM4
1
21
22
SIM5
SIM1
SIM2
SIM3
SIM4
1
21
22
SIM5
SIM1
SIM2
SIM3
SIM4
1
21
22
SIM5
SIM1
SIM2
SIM3
SIM4
1
21
22
SIM5
SIM1
SIM2
SIM3
SIM4
1
21
22
SIM5
SIM1
SIM2
SIM3
SIM4
1
21
22
SIM5
SIM1
SIM2
SIM3
SIM4
1
21
22
SIM5
SIM1
SIM2
SIM3
SIM4
1
21
22
SIM5
SIM1
SIM2
SIM3
SIM4
1
21
22
SIM5
SIM1
SIM2
SIM3
SIM4
1
21
22
SIM5
SIM1
SIM2
SIM3
SIM4
1
21
22
SIM5
SIM1
SIM2
SIM3
SIM4
1
21
22
SIM5
SIM1
SIM2
SIM3
SIM4
1
21
22
SIM5
SIM1
SIM2
SIM3
SIM4
1
21
22
SIM5
SIM1
SIM2
SIM3
SIM4
1
21
22
SIM5
SIM1
SIM2
SIM3
SIM4
1
21
22
SIM5
SIM1
SIM2
SIM3
SIM4
1
21
22
SIM5
SIM1
SIM2
SIM3
SIM4
1
21
22
SIM5
SIM1
SIM2
SIM3
SIM4
1
21
22
SIM5
SIM1
SIM2
SIM3
SIM4
1
21
22
SIM5
SIM1
SIM2
SIM3
SIM4
1
21
22
SIM5
SIM1
SIM2
SIM3
SIM4
1
21
22
SIM5
SIM1
SIM2
SIM3
SIM4
1
21
22
SIM5
SIM1
SIM2
SIM3
SIM4
1
21
22
SIM5
SIM1
SIM2
SIM3
SIM4
1
21
22
SIM5
SIM1
SIM2
SIM3
SIM4
1
21
22
SIM5
SIM1
SIM2
SIM3
SIM4
1
21
22
SIM5
SIM1
SIM2
SIM3
SIM4
1
21
22
SIM5
SIM1
SIM2
SIM3
SIM4
1
21
22
SIM5
SIM1
SIM2
SIM3
SIM4
1
21
22
SIM5
SIM1
SIM2
SIM3
SIM4
1
21
22
SIM5
SIM1
SIM2
SIM3
SIM4
1
21
22
SIM5
SIM1
SIM2
SIM3
SIM4
1
21
22
SIM5
SIM1
SIM2
SIM3
SIM4
1
21
22
SIM5
SIM1
SIM2
SIM3
SIM4
1
21
22
SIM5
SIM1
SIM2
SIM3
SIM4
1
21
22
SIM5
SIM1
SIM2
SIM3
SIM4
1
21
22
SIM5
SIM1
SIM2
DEBUG 1 818
SIM1
SIM2
SIM3
SIM4
1
21
22
SIM5
SIM1
SIM2
SIM3
SIM4
1
21
22
SIM5
SIM1
SIM2
SIM3
SIM4
1
21
22
SIM5
SIM1
SIM2
SIM3
SIM4
1
21
22
SIM5
SIM1
SIM2
SIM3
SIM4
1
21
22
SIM5
SIM1
SIM2
SIM3
SIM4
1
21
22
SIM5
SIM1
SIM2
SIM3
SIM4
1
21
22
SIM5
SIM1
SIM2
SIM3
SIM4
1
21
22
SIM5
SIM1
SIM2
SIM3
SIM4
1
21
22
SIM5
SIM1
SIM2
SIM3
SIM4
1
21
22
SIM5
SIM1
SIM2
SIM3
SIM4
1
21
22
SIM5
SIM1
SIM2
SIM3
SIM4
1
21
22
SIM5
SIM1
SIM2
SIM3
SIM4
1
21
22
SIM5
SIM1
SIM2
SIM3
SIM4
1
21
22
SIM5
SIM1
SIM2
SIM3
SIM4
1
21
22
SIM5
SIM1
SIM2
SIM3
SIM4
1
21
22
SIM5
SIM1
SIM2
SIM3
SIM4
1
21
22
SIM5
SIM1
SIM2
SIM3
SIM4
1
21
22
SIM5
SIM1
SIM2
SIM3
SIM4
1
21
22
SIM5
SIM1
SIM2
SIM3
SIM4
1
21
22
SIM5
SIM1
SIM2
SIM3
SIM4
1
21
22
SIM5
SIM1
SIM2
SIM3
SIM4
1
21
22
SIM5
SIM1
SIM2
SIM3
SIM4
1
21
22
SIM5
SIM1
SIM2
SIM3
SIM4
1
21
22
SIM5
SIM1
SIM2
SIM3
SIM4
1
21
22
SIM5
SIM1
SIM2
SIM3
SIM4
1
21
22
SIM5
SIM1
SIM2
SIM3
SIM4
1
21
22
SIM5
SIM1
SIM2
SIM3
SIM4
1
21
22
SIM5
SIM1
SIM2
SIM3
SIM4
1
21
22
SIM5
SIM1
SIM2
SIM3
SIM4
1
21
22
SIM5
SIM1
SIM2
SIM3
SIM4
1
21
22
SIM5
SIM1
SIM2
SIM3
SIM4
1
21
22
SIM5
SIM1
SIM2
SIM3
SIM4
1
21
22
SIM5
SIM1
SIM2
SIM3
SIM4
1
21
22
SIM5
SIM1
SIM2
SIM3
SIM4
1
21
22
SIM5
SIM1
SIM2
SIM3
SIM4
1
21
22
SIM5
SIM1
SIM2
SIM3
SIM4
1
21
22
SIM5
SIM1
SIM2
SIM3
SIM4
1
21
22
SIM5
SIM1
SIM2
SIM3
SIM4
1
21
22
SIM5
SIM1
SIM2
SIM3
SIM4
1
21
22
SIM5
SIM1
SIM2
SIM3
SIM4
1
21
22
SIM5
SIM1
SIM2
SIM3
SIM4
1
21
22
SIM5
SIM1
SIM2
SIM3
SIM4
1
21
22
SIM5
SIM1
SIM2
SIM3
SIM4
1
21
22
SIM5
SIM1
SIM2
SIM3
SIM4
1
21
22
SIM5
SIM1
SIM2
SIM3
SIM4
1
21
22
SIM5
SIM1
SIM2
SIM3
SIM4
1
21
22
SIM5
SIM1
SIM2
SIM3
SIM4
1
21
22
SIM5
SIM1
SIM2
SIM3
SIM4
1
21
22
SIM5
SIM1
SIM2
SIM3
SIM4
1
21
22
SIM5
SIM1
SIM2
SIM3
SIM4
1
21
22
SIM5
SIM1
SIM2
SIM3
SIM4
1
21
22
SIM5
SIM1
SIM2
SIM3
SIM4
1
21
22
SIM5
SIM1
SIM2
SIM3
SIM4
1
21
22
SIM5
SIM1
SIM2
SIM3
SIM4
1
21
22
SIM5
SIM1
SIM2
SIM3
SIM4
1
21
22
SIM5
SIM1
SIM2
SIM3
SIM4
1
21
22
SIM5
SIM1
SIM2
SIM3
SIM4
1
21
22
SIM5
SIM1
SIM2
SIM3
SIM4
1
21
22
SIM5
SIM1
SIM2
SIM3
SIM4
1
21
22
SIM5
SIM1
SIM2
SIM3
SIM4
1
21
22
SIM5
SIM1
SIM2
SIM3
SIM4
1
21
22
SIM5
SIM1
SIM2
SIM3
SIM4
1
21
22
SIM5
SIM1
SIM2
SIM3
SIM4
1
21
22
SIM5
SIM1
SIM2
SIM3
SIM4
1
21
22
SIM5
SIM1
SIM2
SIM3
SIM4
1
21
22
SIM5
SIM1
SIM2
SIM3
SIM4
1
21
22
SIM5
SIM1
SIM2
SIM3
SIM4
1
21
22
SIM5
SIM1
SIM2
SIM3
SIM4
1
21
22
SIM5
SIM1
SIM2
SIM3
SIM4
1
21
22
SIM5
SIM1
SIM2
SIM3
SIM4
1
21
22
SIM5
SIM1
SIM2
SIM3
SIM4
1
21
22
SIM5
SIM1
SIM2
SIM3
SIM4
1
21
22
SIM5
SIM1
SIM2
SIM3
SIM4
1
21
22
SIM5
SIM1
SIM2
SIM3
SIM4
1
21
22
SIM5
SIM1
SIM2
SIM3
SIM4
1
21
22
SIM5
SIM1
SIM2
SIM3
SIM4
1
21
22
SIM5
SIM1
SIM2
SIM3
SIM4
1
21
22
SIM5
SIM1
SIM2
SIM3
SIM4
1
21
22
SIM5
SIM1
SIM2
SIM3
SIM4
1
21
22
SIM5
SIM1
SIM2
SIM3
SIM4
1
21
22
SIM5
SIM1
SIM2
SIM3
SIM4
1
21
22
SIM5
SIM1
SIM2
SIM3
SIM4
1
21
22
SIM5
SIM1
SIM2
SIM3
SIM4
1
21
22
SIM5
SIM1
SIM2
SIM3
SIM4
1
21
22
SIM5
SIM1
SIM2
SIM3
SIM4
1
21
22
SIM5
SIM1
SIM2
SIM3
SIM4
1
21
22
SIM5
SIM1
SIM2
SIM3
SIM4
1
21
22
SIM5
SIM1
SIM2
SIM3
SIM4
1
21
22
SIM5
SIM1
SIM2
SIM3
SIM4
1
21
22
SIM5
SIM1
SIM2
SIM3
SIM4
1
21
22
SIM5
SIM1
SIM2
SIM3
SIM4
1
21
22
SIM5
SIM1
SIM2
SIM3
SIM4
1
21
22
SIM5
SIM1
SIM2
SIM3
SIM4
1
21
22
SIM5
SIM1
SIM2
SIM3
SIM4
1
21
22
SIM5
SIM1
SIM2
SIM3
SIM4
1
21
22
SIM5
SIM1
SIM2
SIM3
SIM4
1
21
22
SIM5
SIM1
SIM2
SIM3
SIM4
1
21
22
SIM5
SIM1
SIM2
SIM3
SIM4
1
21
22
SIM5
SIM1
SIM2
SIM3
SIM4
1
21
22
SIM5
SIM1
SIM2
SIM3
SIM4
1
21
22
SIM5
SIM1
SIM2
SIM3
SIM4
1
21
22
SIM5
SIM1
SIM2
SIM3
SIM4
1
21
22
SIM5
SIM1
SIM2
SIM3
SIM4
1
21
22
SIM5
SIM1
SIM2
SIM3
SIM4
1
21
22
SIM5
SIM1
SIM2
SIM3
SIM4
1
21
22
SIM5
SIM1
SIM2
SIM3
SIM4
1
21
22
SIM5
SIM1
SIM2
SIM3
SIM4
1
21
22
SIM5
SIM1
SIM2
SIM3
SIM4
1
21
22
SIM5
SIM1
SIM2
SIM3
SIM4
1
21
22
SIM5
SIM1
SIM2
SIM3
SIM4
1
21
22
SIM5
SIM1
SIM2
SIM3
SIM4
1
21
22
SIM5
SIM1
SIM2
SIM3
SIM4
1
21
22
SIM5
SIM1
SIM2
SIM3
SIM4
1
21
22
SIM5
SIM1
SIM2
SIM3
SIM4
1
21
22
SIM5
SIM1
SIM2
SIM3
SIM4
1
21
22
SIM5
SIM1
SIM2
SIM3
SIM4
1
21
22
SIM5
SIM1
SIM2
SIM3
SIM4
1
21
22
SIM5
SIM1
SIM2
SIM3
SIM4
1
21
22
SIM5
SIM1
SIM2
SIM3
SIM4
1
21
22
SIM5
SIM1
SIM2
SIM3
SIM4
1
21
22
SIM5
SIM1
SIM2
SIM3
SIM4
1
21
22
SIM5
SIM1
SIM2
SIM3
SIM4
1
21
22
SIM5
SIM1
SIM2
SIM3
SIM4
1
21
22
SIM5
SIM1
SIM2
SIM3
SIM4
1
21
22
SIM5
SIM1
SIM2
SIM3
SIM4
1
21
22
SIM5
SIM1
SIM2
SIM3
SIM4
1
21
22
SIM5
SIM1
SIM2
SIM3
SIM4
1
21
22
SIM5
SIM1
SIM2
SIM3
SIM4
1
21
22
SIM5
SIM1
SIM2
SIM3
SIM4
1
21
22
SIM5
SIM1
SIM2
SIM3
SIM4
1
21
22
SIM5
SIM1
SIM2
SIM3
SIM4
1
21
22
SIM5
SIM1
SIM2
SIM3
SIM4
1
21
22
SIM5
SIM1
SIM2
SIM3
SIM4
1
21
22
SIM5
SIM1
SIM2
SIM3
SIM4
1
21
22
SIM5
SIM1
SIM2
SIM3
SIM4
1
21
22
SIM5
SIM1
SIM2
SIM3
SIM4
1
21
22
SIM5
SIM1
SIM2
SIM3
SIM4
1
21
22
SIM5
SIM1
SIM2
SIM3
SIM4
1
21
22
SIM5
SIM1
SIM2
SIM3
SIM4
1
21
22
SIM5
SIM1
SIM2
SIM3
SIM4
1
21
22
SIM5
SIM1
SIM2
SIM3
SIM4
1
21
22
SIM5
SIM1
SIM2
SIM3
SIM4
1
21
22
SIM5
SIM1
SIM2
SIM3
SIM4
1
21
22
SIM5
SIM1
SIM2
SIM3
SIM4
1
21
22
SIM5
SIM1
SIM2
SIM3
SIM4
1
21
22
SIM5
SIM1
SIM2
SIM3
SIM4
1
21
22
SIM5
SIM1
SIM2
SIM3
SIM4
1
21
22
SIM5
SIM1
SIM2
SIM3
SIM4
1
21
22
SIM5
SIM1
SIM2
SIM3
SIM4
1
21
22
SIM5
SIM1
SIM2
SIM3
SIM4
1
21
22
SIM5
SIM1
SIM2
SIM3
SIM4
1
21
22
SIM5
SIM1
SIM2
SIM3
SIM4
1
21
22
SIM5
SIM1
SIM2
SIM3
SIM4
1
21
22
SIM5
SIM1
SIM2
SIM3
SIM4
1
21
22
SIM5
SIM1
SIM2
SIM3
SIM4
1
21
22
SIM5
SIM1
SIM2
SIM3
SIM4
1
21
22
SIM5
SIM1
SIM2
SIM3
SIM4
1
21
22
SIM5
SIM1
SIM2
SIM3
SIM4
1
21
22
SIM5
SIM1
SIM2
SIM3
SIM4
1
21
22
SIM5
SIM1
SIM2
SIM3
SIM4
1
21
22
SIM5
SIM1
SIM2
SIM3
SIM4
1
21
22
SIM5
SIM1
SIM2
SIM3
SIM4
1
21
22
SIM5
SIM1
SIM2
SIM3
SIM4
1
21
22
SIM5
SIM1
SIM2
SIM3
SIM4
1
21
22
SIM5
SIM1
SIM2
SIM3
SIM4
1
21
22
SIM5
SIM1
SIM2
SIM3
SIM4
1
21
22
SIM5
SIM1
SIM2
SIM3
SIM4
1
21
22
SIM5
SIM1
SIM2
SIM3
SIM4
1
21
22
SIM5
SIM1
SIM2
SIM3
SIM4
1
21
22
SIM5
SIM1
SIM2
SIM3
SIM4
1
21
22
SIM5
SIM1
SIM2
SIM3
SIM4
1
21
22
SIM5
SIM1
SIM2
SIM3
SIM4
1
21
22
SIM5
SIM1
SIM2
SIM3
SIM4
1
21
22
SIM5
SIM1
SIM2
SIM3
SIM4
1
21
22
SIM5
SIM1
SIM2
SIM3
SIM4
1
21
22
SIM5
SIM1
SIM2
SIM3
SIM4
1
21
22
SIM5
SIM1
SIM2
SIM3
SIM4
1
21
22
SIM5
SIM1
SIM2
SIM3
SIM4
1
21
22
SIM5
SIM1
SIM2
SIM3
SIM4
1
21
22
SIM5
SIM1
SIM2
SIM3
SIM4
1
21
22
SIM5
SIM1
SIM2
SIM3
SIM4
1
21
22
SIM5
SIM1
SIM2
DEBUG 1 819
SIM1
SIM2
SIM3
SIM4
1
21
22
SIM5
SIM1
SIM2
SIM3
SIM4
1
21
22
SIM5
SIM1
SIM2
SIM3
SIM4
1
21
22
SIM5
SIM1
SIM2
SIM3
SIM4
1
21
22
SIM5
SIM1
SIM2
SIM3
SIM4
1
21
22
SIM5
SIM1
SIM2
SIM3
SIM4
1
21
22
SIM5
SIM1
SIM2
SIM3
SIM4
1
21
22
SIM5
SIM1
SIM2
SIM3
SIM4
1
21
22
SIM5
SIM1
SIM2
SIM3
SIM4
1
21
22
SIM5
SIM1
SIM2
SIM3
SIM4
1
21
22
SIM5
SIM1
SIM2
SIM3
SIM4
1
21
22
SIM5
SIM1
SIM2
SIM3
SIM4
1
21
22
SIM5
SIM1
SIM2
SIM3
SIM4
1
21
22
SIM5
SIM1
SIM2
SIM3
SIM4
1
21
22
SIM5
SIM1
SIM2
SIM3
SIM4
1
21
22
SIM5
SIM1
SIM2
SIM3
SIM4
1
21
22
SIM5
SIM1
SIM2
SIM3
SIM4
1
21
22
SIM5
SIM1
SIM2
SIM3
SIM4
1
21
22
SIM5
SIM1
SIM2
SIM3
SIM4
1
21
22
SIM5
SIM1
SIM2
SIM3
SIM4
1
21
22
SIM5
SIM1
SIM2
SIM3
SIM4
1
21
22
SIM5
SIM1
SIM2
SIM3
SIM4
1
21
22
SIM5
SIM1
SIM2
SIM3
SIM4
1
21
22
SIM5
SIM1
SIM2
SIM3
SIM4
1
21
22
SIM5
SIM1
SIM2
SIM3
SIM4
1
21
22
SIM5
SIM1
SIM2
SIM3
SIM4
1
21
22
SIM5
SIM1
SIM2
SIM3
SIM4
1
21
22
SIM5
SIM1
SIM2
SIM3
SIM4
1
21
22
SIM5
SIM1
SIM2
SIM3
SIM4
1
21
22
SIM5
SIM1
SIM2
SIM3
SIM4
1
21
22
SIM5
SIM1
SIM2
SIM3
SIM4
1
21
22
SIM5
SIM1
SIM2
SIM3
SIM4
1
21
22
SIM5
SIM1
SIM2
SIM3
SIM4
1
21
22
SIM5
SIM1
SIM2
SIM3
SIM4
1
21
22
SIM5
SIM1
SIM2
SIM3
SIM4
1
21
22
SIM5
SIM1
SIM2
SIM3
SIM4
1
21
22
SIM5
SIM1
SIM2
SIM3
SIM4
1
21
22
SIM5
SIM1
SIM2
SIM3
SIM4
1
21
22
SIM5
SIM1
SIM2
SIM3
SIM4
1
21
22
SIM5
SIM1
SIM2
SIM3
SIM4
1
21
22
SIM5
SIM1
SIM2
SIM3
SIM4
1
21
22
SIM5
SIM1
SIM2
SIM3
SIM4
1
21
22
SIM5
SIM1
SIM2
SIM3
SIM4
1
21
22
SIM5
SIM1
SIM2
SIM3
SIM4
1
21
22
SIM5
SIM1
SIM2
SIM3
SIM4
1
21
22
SIM5
SIM1
SIM2
SIM3
SIM4
1
21
22
SIM5
SIM1
SIM2
SIM3
SIM4
1
21
22
SIM5
SIM1
SIM2
SIM3
SIM4
1
21
22
SIM5
SIM1
SIM2
SIM3
SIM4
1
21
22
SIM5
SIM1
SIM2
SIM3
SIM4
1
21
22
SIM5
SIM1
SIM2
SIM3
SIM4
1
21
22
SIM5
SIM1
SIM2
SIM3
SIM4
1
21
22
SIM5
SIM1
SIM2
SIM3
SIM4
1
21
22
SIM5
SIM1
SIM2
SIM3
SIM4
1
21
22
SIM5
SIM1
SIM2
SIM3
SIM4
1
21
22
SIM5
SIM1
SIM2
SIM3
SIM4
1
21
22
SIM5
SIM1
SIM2
SIM3
SIM4
1
21
22
SIM5
SIM1
SIM2
SIM3
SIM4
1
21
22
SIM5
SIM1
SIM2
SIM3
SIM4
1
21
22
SIM5
SIM1
SIM2
SIM3
SIM4
1
21
22
SIM5
SIM1
SIM2
SIM3
SIM4
1
21
22
SIM5
SIM1
SIM2
SIM3
SIM4
1
21
22
SIM5
SIM1
SIM2
SIM3
SIM4
1
21
22
SIM5
SIM1
SIM2
SIM3
SIM4
1
21
22
SIM5
SIM1
SIM2
SIM3
SIM4
1
21
22
SIM5
SIM1
SIM2
SIM3
SIM4
1
21
22
SIM5
SIM1
SIM2
SIM3
SIM4
1
21
22
SIM5
SIM1
SIM2
SIM3
SIM4
1
21
22
SIM5
SIM1
SIM2
SIM3
SIM4
1
21
22
SIM5
SIM1
SIM2
SIM3
SIM4
1
21
22
SIM5
SIM1
SIM2
SIM3
SIM4
1
21
22
SIM5
SIM1
SIM2
SIM3
SIM4
1
21
22
SIM5
SIM1
SIM2
SIM3
SIM4
1
21
22
SIM5
SIM1
SIM2
SIM3
SIM4
1
21
22
SIM5
SIM1
SIM2
SIM3
SIM4
1
21
22
SIM5
SIM1
SIM2
SIM3
SIM4
1
21
22
SIM5
SIM1
SIM2
SIM3
SIM4
1
21
22
SIM5
SIM1
SIM2
SIM3
SIM4
1
21
22
SIM5
SIM1
SIM2
SIM3
SIM4
1
21
22
SIM5
SIM1
SIM2
SIM3
SIM4
1
21
22
SIM5
SIM1
SIM2
SIM3
SIM4
1
21
22
SIM5
SIM1
SIM2
SIM3
SIM4
1
21
22
SIM5
SIM1
SIM2
SIM3
SIM4
1
21
22
SIM5
SIM1
SIM2
SIM3
SIM4
1
21
22
SIM5
SIM1
SIM2
SIM3
SIM4
1
21
22
SIM5
SIM1
SIM2
SIM3
SIM4
1
21
22
SIM5
SIM1
SIM2
SIM3
SIM4
1
21
22
SIM5
SIM1
SIM2
SIM3
SIM4
1
21
22
SIM5
SIM1
SIM2
SIM3
SIM4
1
21
22
SIM5
SIM1
SIM2
SIM3
SIM4
1
21
22
SIM5
SIM1
SIM2
SIM3
SIM4
1
21
22
SIM5
SIM1
SIM2
SIM3
SIM4
1
21
22
SIM5
SIM1
SIM2
SIM3
SIM4
1
21
22
SIM5
SIM1
SIM2
SIM3
SIM4
1
21
22
SIM5
SIM1
SIM2
SIM3
SIM4
1
21
22
SIM5
SIM1
SIM2
SIM3
SIM4
1
21
22
SIM5
SIM1
SIM2
SIM3
SIM4
1
21
22
SIM5
SIM1
SIM2
SIM3
SIM4
1
21
22
SIM5
SIM1
SIM2
SIM3
SIM4
1
21
22
SIM5
SIM1
SIM2
SIM3
SIM4
1
21
22
SIM5
SIM1
SIM2
SIM3
SIM4
1
21
22
SIM5
SIM1
SIM2
SIM3
SIM4
1
21
22
SIM5
SIM1
SIM2
SIM3
SIM4
1
21
22
SIM5
SIM1
SIM2
SIM3
SIM4
1
21
22
SIM5
SIM1
SIM2
SIM3
SIM4
1
21
22
SIM5
SIM1
SIM2
SIM3
SIM4
1
21
22
SIM5
SIM1
SIM2
SIM3
SIM4
1
21
22
SIM5
SIM1
SIM2
SIM3
SIM4
1
21
22
SIM5
SIM1
SIM2
SIM3
SIM4
1
21
22
SIM5
SIM1
SIM2
SIM3
SIM4
1
21
22
SIM5
SIM1
SIM2
SIM3
SIM4
1
21
22
SIM5
SIM1
SIM2
SIM3
SIM4
1
21
22
SIM5
SIM1
SIM2
SIM3
SIM4
1
21
22
SIM5
SIM1
SIM2
SIM3
SIM4
1
21
22
SIM5
SIM1
SIM2
SIM3
SIM4
1
21
22
SIM5
SIM1
SIM2
SIM3
SIM4
1
21
22
SIM5
SIM1
SIM2
SIM3
SIM4
1
21
22
SIM5
SIM1
SIM2
SIM3
SIM4
1
21
22
SIM5
SIM1
SIM2
SIM3
SIM4
1
21
22
SIM5
SIM1
SIM2
SIM3
SIM4
1
21
22
SIM5
SIM1
SIM2
SIM3
SIM4
1
21
22
SIM5
SIM1
SIM2
SIM3
SIM4
1
21
22
SIM5
SIM1
SIM2
SIM3
SIM4
1
21
22
SIM5
SIM1
SIM2
SIM3
SIM4
1
21
22
SIM5
SIM1
SIM2
SIM3
SIM4
1
21
22
SIM5
SIM1
SIM2
SIM3
SIM4
1
21
22
SIM5
SIM1
SIM2
SIM3
SIM4
1
21
22
SIM5
SIM1
SIM2
SIM3
SIM4
1
21
22
SIM5
SIM1
SIM2
SIM3
SIM4
1
21
22
SIM5
SIM1
SIM2
SIM3
SIM4
1
21
22
SIM5
SIM1
SIM2
SIM3
SIM4
1
21
22
SIM5
SIM1
SIM2
SIM3
SIM4
1
21
22
SIM5
SIM1
SIM2
SIM3
SIM4
1
21
22
SIM5
SIM1
SIM2
SIM3
SIM4
1
21
22
SIM5
SIM1
SIM2
SIM3
SIM4
1
21
22
SIM5
SIM1
SIM2
SIM3
SIM4
1
21
22
SIM5
SIM1
SIM2
SIM3
SIM4
1
21
22
SIM5
SIM1
SIM2
SIM3
SIM4
1
21
22
SIM5
SIM1
SIM2
SIM3
SIM4
1
21
22
SIM5
SIM1
SIM2
SIM3
SIM4
1
21
22
SIM5
SIM1
SIM2
SIM3
SIM4
1
21
22
SIM5
SIM1
SIM2
DEBUG 1 820
SIM1
SIM2
SIM3
SIM4
1
21
22
SIM5
SIM1
SIM2
SIM3
SIM4
1
21
22
SIM5
SIM1
SIM2
SIM3
SIM4
1
21
22
SIM5
SIM1
SIM2
SIM3
SIM4
1
21
22
SIM5
SIM1
SIM2
SIM3
SIM4
1
21
22
SIM5
SIM1
SIM2
SIM3
SIM4
1
21
22
SIM5
SIM1
SIM2
SIM3
SIM4
1
21
22
SIM5
SIM1
SIM2
SIM3
SIM4
1
21
22
SIM5
SIM1
SIM2
SIM3
SIM4
1
21
22
SIM5
SIM1
SIM2
SIM3
SIM4
1
21
22
SIM5
SIM1
SIM2
SIM3
SIM4
1
21
22
SIM5
SIM1
SIM2
SIM3
SIM4
1
21
22
SIM5
SIM1
SIM2
SIM3
SIM4
1
21
22
SIM5
SIM1
SIM2
SIM3
SIM4
1
21
22
SIM5
SIM1
SIM2
SIM3
SIM4
1
21
22
SIM5
SIM1
SIM2
SIM3
SIM4
1
21
22
SIM5
SIM1
SIM2
SIM3
SIM4
1
21
22
SIM5
SIM1
SIM2
SIM3
SIM4
1
21
22
SIM5
SIM1
SIM2
SIM3
SIM4
1
21
22
SIM5
SIM1
SIM2
SIM3
SIM4
1
21
22
SIM5
SIM1
SIM2
SIM3
SIM4
1
21
22
SIM5
SIM1
SIM2
SIM3
SIM4
1
21
22
SIM5
SIM1
SIM2
SIM3
SIM4
1
21
22
SIM5
SIM1
SIM2
SIM3
SIM4
1
21
22
SIM5
SIM1
SIM2
SIM3
SIM4
1
21
22
SIM5
SIM1
SIM2
SIM3
SIM4
1
21
22
SIM5
SIM1
SIM2
SIM3
SIM4
1
21
22
SIM5
SIM1
SIM2
SIM3
SIM4
1
21
22
SIM5
SIM1
SIM2
SIM3
SIM4
1
21
22
SIM5
SIM1
SIM2
SIM3
SIM4
1
21
22
SIM5
SIM1
SIM2
SIM3
SIM4
1
21
22
SIM5
SIM1
SIM2
SIM3
SIM4
1
21
22
SIM5
SIM1
SIM2
SIM3
SIM4
1
21
22
SIM5
SIM1
SIM2
SIM3
SIM4
1
21
22
SIM5
SIM1
SIM2
SIM3
SIM4
1
21
22
SIM5
SIM1
SIM2
SIM3
SIM4
1
21
22
SIM5
SIM1
SIM2
SIM3
SIM4
1
21
22
SIM5
SIM1
SIM2
SIM3
SIM4
1
21
22
SIM5
SIM1
SIM2
SIM3
SIM4
1
21
22
SIM5
SIM1
SIM2
SIM3
SIM4
1
21
22
SIM5
SIM1
SIM2
SIM3
SIM4
1
21
22
SIM5
SIM1
SIM2
SIM3
SIM4
1
21
22
SIM5
SIM1
SIM2
SIM3
SIM4
1
21
22
SIM5
SIM1
SIM2
SIM3
SIM4
1
21
22
SIM5
SIM1
SIM2
SIM3
SIM4
1
21
22
SIM5
SIM1
SIM2
SIM3
SIM4
1
21
22
SIM5
SIM1
SIM2
SIM3
SIM4
1
21
22
SIM5
SIM1
SIM2
SIM3
SIM4
1
21
22
SIM5
SIM1
SIM2
SIM3
SIM4
1
21
22
SIM5
SIM1
SIM2
SIM3
SIM4
1
21
22
SIM5
SIM1
SIM2
SIM3
SIM4
1
21
22
SIM5
SIM1
SIM2
SIM3
SIM4
1
21
22
SIM5
SIM1
SIM2
SIM3
SIM4
1
21
22
SIM5
SIM1
SIM2
SIM3
SIM4
1
21
22
SIM5
SIM1
SIM2
SIM3
SIM4
1
21
22
SIM5
SIM1
SIM2
SIM3
SIM4
1
21
22
SIM5
SIM1
SIM2
SIM3
SIM4
1
21
22
SIM5
SIM1
SIM2
SIM3
SIM4
1
21
22
SIM5
SIM1
SIM2
SIM3
SIM4
1
21
22
SIM5
SIM1
SIM2
SIM3
SIM4
1
21
22
SIM5
SIM1
SIM2
SIM3
SIM4
1
21
22
SIM5
SIM1
SIM2
SIM3
SIM4
1
21
22
SIM5
SIM1
SIM2
SIM3
SIM4
1
21
22
SIM5
SIM1
SIM2
SIM3
SIM4
1
21
22
SIM5
SIM1
SIM2
SIM3
SIM4
1
21
22
SIM5
SIM1
SIM2
SIM3
SIM4
1
21
22
SIM5
SIM1
SIM2
SIM3
SIM4
1
21
22
SIM5
SIM1
SIM2
SIM3
SIM4
1
21
22
SIM5
SIM1
SIM2
SIM3
SIM4
1
21
22
SIM5
SIM1
SIM2
SIM3
SIM4
1
21
22
SIM5
SIM1
SIM2
SIM3
SIM4
1
21
22
SIM5
SIM1
SIM2
SIM3
SIM4
1
21
22
SIM5
SIM1
SIM2
SIM3
SIM4
1
21
22
SIM5
SIM1
SIM2
SIM3
SIM4
1
21
22
SIM5
SIM1
SIM2
SIM3
SIM4
1
21
22
SIM5
SIM1
SIM2
SIM3
SIM4
1
21
22
SIM5
SIM1
SIM2
SIM3
SIM4
1
21
22
SIM5
SIM1
SIM2
SIM3
SIM4
1
21
22
SIM5
SIM1
SIM2
SIM3
SIM4
1
21
22
SIM5
SIM1
SIM2
SIM3
SIM4
1
21
22
SIM5
SIM1
SIM2
SIM3
SIM4
1
21
22
SIM5
SIM1
SIM2
SIM3
SIM4
1
21
22
SIM5
SIM1
SIM2
SIM3
SIM4
1
21
22
SIM5
SIM1
SIM2
SIM3
SIM4
1
21
22
SIM5
SIM1
SIM2
SIM3
SIM4
1
21
22
SIM5
SIM1
SIM2
SIM3
SIM4
1
21
22
SIM5
SIM1
SIM2
SIM3
SIM4
1
21
22
SIM5
SIM1
SIM2
SIM3
SIM4
1
21
22
SIM5
SIM1
SIM2
SIM3
SIM4
1
21
22
SIM5
SIM1
SIM2
SIM3
SIM4
1
21
22
SIM5
SIM1
SIM2
SIM3
SIM4
1
21
22
SIM5
SIM1
SIM2
SIM3
SIM4
1
21
22
SIM5
SIM1
SIM2
SIM3
SIM4
1
21
22
SIM5
SIM1
SIM2
SIM3
SIM4
1
21
22
SIM5
SIM1
SIM2
SIM3
SIM4
1
21
22
SIM5
SIM1
SIM2
SIM3
SIM4
1
21
22
SIM5
SIM1
SIM2
SIM3
SIM4
1
21
22
SIM5
SIM1
SIM2
SIM3
SIM4
1
21
22
SIM5
SIM1
SIM2
SIM3
SIM4
1
21
22
SIM5
SIM1
SIM2
SIM3
SIM4
1
21
22
SIM5
SIM1
SIM2
SIM3
SIM4
1
21
22
SIM5
SIM1
SIM2
SIM3
SIM4
1
21
22
SIM5
SIM1
SIM2
SIM3
SIM4
1
21
22
SIM5
SIM1
SIM2
SIM3
SIM4
1
21
22
SIM5
SIM1
SIM2
SIM3
SIM4
1
21
22
SIM5
SIM1
SIM2
SIM3
SIM4
1
21
22
SIM5
SIM1
SIM2
SIM3
SIM4
1
21
22
SIM5
SIM1
SIM2
SIM3
SIM4
1
21
22
SIM5
SIM1
SIM2
SIM3
SIM4
1
21
22
SIM5
SIM1
SIM2
SIM3
SIM4
1
21
22
SIM5
SIM1
SIM2
SIM3
SIM4
1
21
22
SIM5
SIM1
SIM2
SIM3
SIM4
1
21
22
SIM5
SIM1
SIM2
SIM3
SIM4
1
21
22
SIM5
SIM1
SIM2
SIM3
SIM4
1
21
22
SIM5
SIM1
SIM2
SIM3
SIM4
1
21
22
SIM5
SIM1
SIM2
SIM3
SIM4
1
21
22
SIM5
SIM1
SIM2
SIM3
SIM4
1
21
22
SIM5
SIM1
SIM2
DEBUG 1 821
SIM1
SIM2
SIM3
SIM4
1
21
22
SIM5
SIM1
SIM2
SIM3
SIM4
1
21
22
SIM5
SIM1
SIM2
SIM3
SIM4
1
21
22
SIM5
SIM1
SIM2
SIM3
SIM4
1
21
22
SIM5
SIM1
SIM2
SIM3
SIM4
1
21
22
SIM5
SIM1
SIM2
SIM3
SIM4
1
21
22
SIM5
SIM1
SIM2
SIM3
SIM4
1
21
22
SIM5
SIM1
SIM2
SIM3
SIM4
1
21
22
SIM5
SIM1
SIM2
SIM3
SIM4
1
21
22
SIM5
SIM1
SIM2
SIM3
SIM4
1
21
22
SIM5
SIM1
SIM2
SIM3
SIM4
1
21
22
SIM5
SIM1
SIM2
SIM3
SIM4
1
21
22
SIM5
SIM1
SIM2
SIM3
SIM4
1
21
22
SIM5
SIM1
SIM2
SIM3
SIM4
1
21
22
SIM5
SIM1
SIM2
SIM3
SIM4
1
21
22
SIM5
SIM1
SIM2
SIM3
SIM4
1
21
22
SIM5
SIM1
SIM2
SIM3
SIM4
1
21
22
SIM5
SIM1
SIM2
SIM3
SIM4
1
21
22
SIM5
SIM1
SIM2
SIM3
SIM4
1
21
22
SIM5
SIM1
SIM2
SIM3
SIM4
1
21
22
SIM5
SIM1
SIM2
SIM3
SIM4
1
21
22
SIM5
SIM1
SIM2
SIM3
SIM4
1
21
22
SIM5
SIM1
SIM2
SIM3
SIM4
1
21
22
SIM5
SIM1
SIM2
SIM3
SIM4
1
21
22
SIM5
SIM1
SIM2
SIM3
SIM4
1
21
22
SIM5
SIM1
SIM2
SIM3
SIM4
1
21
22
SIM5
SIM1
SIM2
SIM3
SIM4
1
21
22
SIM5
SIM1
SIM2
SIM3
SIM4
1
21
22
SIM5
SIM1
SIM2
SIM3
SIM4
1
21
22
SIM5
SIM1
SIM2
SIM3
SIM4
1
21
22
SIM5
SIM1
SIM2
SIM3
SIM4
1
21
22
SIM5
SIM1
SIM2
SIM3
SIM4
1
21
22
SIM5
SIM1
SIM2
SIM3
SIM4
1
21
22
SIM5
SIM1
SIM2
SIM3
SIM4
1
21
22
SIM5
SIM1
SIM2
SIM3
SIM4
1
21
22
SIM5
SIM1
SIM2
SIM3
SIM4
1
21
22
SIM5
SIM1
SIM2
SIM3
SIM4
1
21
22
SIM5
SIM1
SIM2
SIM3
SIM4
1
21
22
SIM5
SIM1
SIM2
SIM3
SIM4
1
21
22
SIM5
SIM1
SIM2
SIM3
SIM4
1
21
22
SIM5
SIM1
SIM2
SIM3
SIM4
1
21
22
SIM5
SIM1
SIM2
SIM3
SIM4
1
21
22
SIM5
SIM1
SIM2
SIM3
SIM4
1
21
22
SIM5
SIM1
SIM2
SIM3
SIM4
1
21
22
SIM5
SIM1
SIM2
SIM3
SIM4
1
21
22
SIM5
SIM1
SIM2
SIM3
SIM4
1
21
22
SIM5
SIM1
SIM2
SIM3
SIM4
1
21
22
SIM5
SIM1
SIM2
SIM3
SIM4
1
21
22
SIM5
SIM1
SIM2
SIM3
SIM4
1
21
22
SIM5
SIM1
SIM2
SIM3
SIM4
1
21
22
SIM5
SIM1
SIM2
SIM3
SIM4
1
21
22
SIM5
SIM1
SIM2
SIM3
SIM4
1
21
22
SIM5
SIM1
SIM2
SIM3
SIM4
1
21
22
SIM5
SIM1
SIM2
SIM3
SIM4
1
21
22
SIM5
SIM1
SIM2
SIM3
SIM4
1
21
22
SIM5
SIM1
SIM2
SIM3
SIM4
1
21
22
SIM5
SIM1
SIM2
SIM3
SIM4
1
21
22
SIM5
SIM1
SIM2
SIM3
SIM4
1
21
22
SIM5
SIM1
SIM2
SIM3
SIM4
1
21
22
SIM5
SIM1
SIM2
SIM3
SIM4
1
21
22
SIM5
SIM1
SIM2
SIM3
SIM4
1
21
22
SIM5
SIM1
SIM2
SIM3
SIM4
1
21
22
SIM5
SIM1
SIM2
SIM3
SIM4
1
21
22
SIM5
SIM1
SIM2
SIM3
SIM4
1
21
22
SIM5
SIM1
SIM2
SIM3
SIM4
1
21
22
SIM5
SIM1
SIM2
SIM3
SIM4
1
21
22
SIM5
SIM1
SIM2
SIM3
SIM4
1
21
22
SIM5
SIM1
SIM2
SIM3
SIM4
1
21
22
SIM5
SIM1
SIM2
SIM3
SIM4
1
21
22
SIM5
SIM1
SIM2
SIM3
SIM4
1
21
22
SIM5
SIM1
SIM2
SIM3
SIM4
1
21
22
SIM5
SIM1
SIM2
SIM3
SIM4
1
21
22
SIM5
SIM1
SIM2
SIM3
SIM4
1
21
22
SIM5
SIM1
SIM2
SIM3
SIM4
1
21
22
SIM5
SIM1
SIM2
SIM3
SIM4
1
21
22
SIM5
SIM1
SIM2
SIM3
SIM4
1
21
22
SIM5
SIM1
SIM2
SIM3
SIM4
1
21
22
SIM5
SIM1
SIM2
SIM3
SIM4
1
21
22
SIM5
SIM1
SIM2
SIM3
SIM4
1
21
22
SIM5
SIM1
SIM2
SIM3
SIM4
1
21
22
SIM5
SIM1
SIM2
SIM3
SIM4
1
21
22
SIM5
SIM1
SIM2
SIM3
SIM4
1
21
22
SIM5
SIM1
SIM2
SIM3
SIM4
1
21
22
SIM5
SIM1
SIM2
SIM3
SIM4
1
21
22
SIM5
SIM1
SIM2
SIM3
SIM4
1
21
22
SIM5
SIM1
SIM2
SIM3
SIM4
1
21
22
SIM5
SIM1
SIM2
SIM3
SIM4
1
21
22
SIM5
SIM1
SIM2
SIM3
SIM4
1
21
22
SIM5
SIM1
SIM2
SIM3
SIM4
1
21
22
SIM5
SIM1
SIM2
SIM3
SIM4
1
21
22
SIM5
SIM1
SIM2
SIM3
SIM4
1
21
22
SIM5
SIM1
SIM2
SIM3
SIM4
1
21
22
SIM5
SIM1
SIM2
SIM3
SIM4
1
21
22
SIM5
SIM1
SIM2
SIM3
SIM4
1
21
22
SIM5
SIM1
SIM2
SIM3
SIM4
1
21
22
SIM5
SIM1
SIM2
SIM3
SIM4
1
21
22
SIM5
SIM1
SIM2
SIM3
SIM4
1
21
22
SIM5
SIM1
SIM2
SIM3
SIM4
1
21
22
SIM5
SIM1
SIM2
SIM3
SIM4
1
21
22
SIM5
SIM1
SIM2
SIM3
SIM4
1
21
22
SIM5
SIM1
SIM2
SIM3
SIM4
1
21
22
SIM5
SIM1
SIM2
SIM3
SIM4
1
21
22
SIM5
SIM1
SIM2
SIM3
SIM4
1
21
22
SIM5
SIM1
SIM2
SIM3
SIM4
1
21
22
SIM5
SIM1
SIM2
SIM3
SIM4
1
21
22
SIM5
SIM1
SIM2
SIM3
SIM4
1
21
22
SIM5
SIM1
SIM2
SIM3
SIM4
1
21
22
SIM5
SIM1
SIM2
SIM3
SIM4
1
21
22
SIM5
SIM1
SIM2
SIM3
SIM4
1
21
22
SIM5
SIM1
SIM2
SIM3
SIM4
1
21
22
SIM5
SIM1
SIM2
SIM3
SIM4
1
21
22
SIM5
SIM1
SIM2
SIM3
SIM4
1
21
22
SIM5
SIM1
SIM2
SIM3
SIM4
1
21
22
SIM5
SIM1
SIM2
SIM3
SIM4
1
21
22
SIM5
SIM1
SIM2
SIM3
SIM4
1
21
22
SIM5
SIM1
SIM2
SIM3
SIM4
1
21
22
SIM5
SIM1
SIM2
SIM3
SIM4
1
21
22
SIM5
SIM1
SIM2
SIM3
SIM4
1
21
22
SIM5
SIM1
SIM2
SIM3
SIM4
1
21
22
SIM5
SIM1
SIM2
SIM3
SIM4
1
21
22
SIM5
SIM1
SIM2
SIM3
SIM4
1
21
22
SIM5
SIM1
SIM2
SIM3
SIM4
1
21
22
SIM5
SIM1
SIM2
SIM3
SIM4
1
21
22
SIM5
SIM1
SIM2
SIM3
SIM4
1
21
22
SIM5
SIM1
SIM2
SIM3
SIM4
1
21
22
SIM5
SIM1
SIM2
SIM3
SIM4
1
21
22
SIM5
SIM1
SIM2
SIM3
SIM4
1
21
22
SIM5
SIM1
SIM2
SIM3
SIM4
1
21
22
SIM5
SIM1
SIM2
SIM3
SIM4
1
21
22
SIM5
SIM1
SIM2
SIM3
SIM4
1
21
22
SIM5
SIM1
SIM2
SIM3
SIM4
1
21
22
SIM5
SIM1
SIM2
SIM3
SIM4
1
21
22
SIM5
SIM1
SIM2
SIM3
SIM4
1
21
22
SIM5
SIM1
SIM2
SIM3
SIM4
1
21
22
SIM5
SIM1
SIM2
SIM3
SIM4
1
21
22
SIM5
SIM1
SIM2
SIM3
SIM4
1
21
22
SIM5
SIM1
SIM2
SIM3
SIM4
1
21
22
SIM5
SIM1
SIM2
SIM3
SIM4
1
21
22
SIM5
SIM1
SIM2
SIM3
SIM4
1
21
22
SIM5
SIM1
SIM2
SIM3
SIM4
1
21
22
SIM5
SIM1
SIM2
SIM3
SIM4
1
21
22
SIM5
SIM1
SIM2
SIM3
SIM4
1
21
22
SIM5
SIM1
SIM2
SIM3
SIM4
1
21
22
SIM5
SIM1
SIM2
SIM3
SIM4
1
21
22
SIM5
SIM1
SIM2
SIM3
SIM4
1
21
22
SIM5
SIM1
SIM2
SIM3
SIM4
1
21
22
SIM5
SIM1
SIM2
SIM3
SIM4
1
21
22
SIM5
SIM1
SIM2
SIM3
SIM4
1
21
22
SIM5
SIM1
SIM2
SIM3
SIM4
1
21
22
SIM5
SIM1
SIM2
SIM3
SIM4
1
21
22
SIM5
SIM1
SIM2
SIM3
SIM4
1
21
22
SIM5
SIM1
SIM2
SIM3
SIM4
1
21
22
SIM5
SIM1
SIM2
SIM3
SIM4
1
21
22
SIM5
SIM1
SIM2
SIM3
SIM4
1
21
22
SIM5
SIM1
SIM2
SIM3
SIM4
1
21
22
SIM5
SIM1
SIM2
SIM3
SIM4
1
21
22
SIM5
SIM1
SIM2
SIM3
SIM4
1
21
22
SIM5
SIM1
SIM2
SIM3
SIM4
1
21
22
SIM5
SIM1
SIM2
SIM3
SIM4
1
21
22
SIM5
SIM1
SIM2
SIM3
SIM4
1
21
22
SIM5
SIM1
SIM2
SIM3
SIM4
1
21
22
SIM5
SIM1
SIM2
SIM3
SIM4
1
21
22
SIM5
SIM1
SIM2
SIM3
SIM4
1
21
22
SIM5
SIM1
SIM2
SIM3
SIM4
1
21
22
SIM5
SIM1
SIM2
SIM3
SIM4
1
21
22
SIM5
SIM1
SIM2
SIM3
SIM4
1
21
22
SIM5
SIM1
SIM2
SIM3
SIM4
1
21
22
SIM5
SIM1
SIM2
SIM3
SIM4
1
21
22
SIM5
SIM1
SIM2
SIM3
SIM4
1
21
22
SIM5
SIM1
SIM2
SIM3
SIM4
1
21
22
SIM5
SIM1
SIM2
SIM3
SIM4
1
21
22
SIM5
SIM1
SIM2
SIM3
SIM4
1
21
22
SIM5
SIM1
SIM2
SIM3
SIM4
1
21
22
SIM5
SIM1
SIM2
SIM3
SIM4
1
21
22
SIM5
SIM1
SIM2
SIM3
SIM4
1
21
22
SIM5
SIM1
SIM2
SIM3
SIM4
1
21
22
SIM5
SIM1
SIM2
SIM3
SIM4
1
21
22
SIM5
SIM1
SIM2
SIM3
SIM4
1
21
22
SIM5
SIM1
SIM2
SIM3
SIM4
1
21
22
SIM5
SIM1
SIM2
SIM3
SIM4
1
21
22
SIM5
SIM1
SIM2
SIM3
SIM4
1
21
22
SIM5
SIM1
SIM2
SIM3
SIM4
1
21
22
SIM5
SIM1
SIM2
SIM3
SIM4
1
21
22
SIM5
SIM1
SIM2
SIM3
SIM4
1
21
22
SIM5
SIM1
SIM2
SIM3
SIM4
1
21
22
SIM5
SIM1
SIM2
SIM3
SIM4
1
21
22
SIM5
SIM1
SIM2
SIM3
SIM4
1
21
22
SIM5
SIM1
SIM2
SIM3
SIM4
1
21
22
SIM5
SIM1
SIM2
SIM3
SIM4
1
21
22
SIM5
SIM1
SIM2
SIM3
SIM4
1
21
22
SIM5
SIM1
SIM2
SIM3
SIM4
1
21
22
SIM5
SIM1
SIM2
SIM3
SIM4
1
21
22
SIM5
SIM1
SIM2
SIM3
SIM4
1
21
22
SIM5
SIM1
SIM2
SIM3
SIM4
1
21
22
SIM5
SIM1
SIM2
SIM3
SIM4
1
21
22
SIM5
SIM1
SIM2
SIM3
SIM4
1
21
22
SIM5
SIM1
SIM2
SIM3
SIM4
1
21
22
SIM5
SIM1
SIM2
SIM3
SIM4
1
21
22
SIM5
SIM1
SIM2
SIM3
SIM4
1
21
22
SIM5
SIM1
SIM2
SIM3
SIM4
1
21
22
SIM5
SIM1
SIM2
SIM3
SIM4
1
21
22
SIM5
SIM1
SIM2
SIM3
SIM4
1
21
22
SIM5
SIM1
SIM2
SIM3
SIM4
1
21
22
SIM5
SIM1
SIM2
SIM3
SIM4
1
21
22
SIM5
SIM1
SIM2
SIM3
SIM4
1
21
22
SIM5
SIM1
SIM2
SIM3
SIM4
1
21
22
SIM5
SIM1
SIM2
SIM3
SIM4
1
21
22
SIM5
SIM1
SIM2
SIM3
SIM4
1
21
22
SIM5
SIM1
SIM2
SIM3
SIM4
1
21
22
SIM5
SIM1
SIM2
SIM3
SIM4
1
21
22
SIM5
SIM1
SIM2
SIM3
SIM4
1
21
22
SIM5
SIM1
SIM2
SIM3
SIM4
1
21
22
SIM5
SIM1
SIM2
SIM3
SIM4
1
21
22
SIM5
SIM1
SIM2
SIM3
SIM4
1
21
22
SIM5
SIM1
SIM2
SIM3
SIM4
1
21
22
SIM5
SIM1
SIM2
SIM3
SIM4
1
21
22
SIM5
SIM1
SIM2
SIM3
SIM4
1
21
22
SIM5
SIM1
SIM2
SIM3
SIM4
1
21
22
SIM5
SIM1
SIM2
SIM3
SIM4
1
21
22
SIM5
SIM1
SIM2
SIM3
SIM4
1
21
22
SIM5
SIM1
SIM2
SIM3
SIM4
1
21
22
SIM5
SIM1
SIM2
SIM3
SIM4
1
21
22
SIM5
SIM1
SIM2
SIM3
SIM4
1
21
22
SIM5
SIM1
SIM2
SIM3
SIM4
1
21
22
SIM5
SIM1
SIM2
SIM3
SIM4
1
21
22
SIM5
SIM1
SIM2
SIM3
SIM4
1
21
22
SIM5
SIM1
SIM2
SIM3
SIM4
1
21
22
SIM5
SIM1
SIM2
SIM3
SIM4
1
21
22
SIM5
SIM1
SIM2
SIM3
SIM4
1
21
22
SIM5
SIM1
SIM2
SIM3
SIM4
1
21
22
SIM5
SIM1
SIM2
SIM3
SIM4
1
21
22
SIM5
SIM1
SIM2
SIM3
SIM4
1
21
22
SIM5
SIM1
SIM2
SIM3
SIM4
1
21
22
SIM5
SIM1
SIM2
SIM3
SIM4
1
21
22
SIM5
SIM1
SIM2
SIM3
SIM4
1
21
22
SIM5
SIM1
SIM2
SIM3
SIM4
1
21
22
SIM5
SIM1
SIM2
SIM3
SIM4
1
21
22
SIM5
SIM1
SIM2
SIM3
SIM4
1
21
22
SIM5
SIM1
SIM2
SIM3
SIM4
1
21
22
SIM5
SIM1
SIM2
SIM3
SIM4
1
21
22
SIM5
SIM1
SIM2
SIM3
SIM4
1
21
22
SIM5
SIM1
SIM2
SIM3
SIM4
1
21
22
SIM5
SIM1
SIM2
SIM3
SIM4
1
21
22
SIM5
SIM1
SIM2
SIM3
SIM4
1
21
22
SIM5
SIM1
SIM2
SIM3
SIM4
1
21
22
SIM5
SIM1
SIM2
SIM3
SIM4
1
21
22
SIM5
SIM1
SIM2
SIM3
SIM4
1
21
22
SIM5
SIM1
SIM2
SIM3
SIM4
1
21
22
SIM5
SIM1
SIM2
SIM3
SIM4
1
21
22
SIM5
SIM1
SIM2
SIM3
SIM4
1
21
22
SIM5
SIM1
SIM2
SIM3
SIM4
1
21
22
SIM5
SIM1
SIM2
SIM3
SIM4
1
21
22
SIM5
SIM1
SIM2
SIM3
SIM4
1
21
22
SIM5
SIM1
SIM2
SIM3
SIM4
1
21
22
SIM5
SIM1
SIM2
SIM3
SIM4
1
21
22
SIM5
SIM1
SIM2
SIM3
SIM4
1
21
22
SIM5
SIM1
SIM2
SIM3
SIM4
1
21
22
SIM5
SIM1
SIM2
SIM3
SIM4
1
21
22
SIM5
SIM1
SIM2
SIM3
SIM4
1
21
22
SIM5
SIM1
SIM2
DEBUG 1 822
SIM1
SIM2
SIM3
SIM4
1
21
22
SIM5
SIM1
SIM2
SIM3
SIM4
1
21
22
SIM5
SIM1
SIM2
SIM3
SIM4
1
21
22
SIM5
SIM1
SIM2
SIM3
SIM4
1
21
22
SIM5
SIM1
SIM2
SIM3
SIM4
1
21
22
SIM5
SIM1
SIM2
SIM3
SIM4
1
21
22
SIM5
SIM1
SIM2
SIM3
SIM4
1
21
22
SIM5
SIM1
SIM2
SIM3
SIM4
1
21
22
SIM5
SIM1
SIM2
SIM3
SIM4
1
21
22
SIM5
SIM1
SIM2
SIM3
SIM4
1
21
22
SIM5
SIM1
SIM2
SIM3
SIM4
1
21
22
SIM5
SIM1
SIM2
SIM3
SIM4
1
21
22
SIM5
SIM1
SIM2
SIM3
SIM4
1
21
22
SIM5
SIM1
SIM2
SIM3
SIM4
1
21
22
SIM5
SIM1
SIM2
SIM3
SIM4
1
21
22
SIM5
SIM1
SIM2
SIM3
SIM4
1
21
22
SIM5
SIM1
SIM2
SIM3
SIM4
1
21
22
SIM5
SIM1
SIM2
SIM3
SIM4
1
21
22
SIM5
SIM1
SIM2
SIM3
SIM4
1
21
22
SIM5
SIM1
SIM2
SIM3
SIM4
1
21
22
SIM5
SIM1
SIM2
SIM3
SIM4
1
21
22
SIM5
SIM1
SIM2
SIM3
SIM4
1
21
22
SIM5
SIM1
SIM2
SIM3
SIM4
1
21
22
SIM5
SIM1
SIM2
SIM3
SIM4
1
21
22
SIM5
SIM1
SIM2
SIM3
SIM4
1
21
22
SIM5
SIM1
SIM2
SIM3
SIM4
1
21
22
SIM5
SIM1
SIM2
SIM3
SIM4
1
21
22
SIM5
SIM1
SIM2
SIM3
SIM4
1
21
22
SIM5
SIM1
SIM2
SIM3
SIM4
1
21
22
SIM5
SIM1
SIM2
SIM3
SIM4
1
21
22
SIM5
SIM1
SIM2
SIM3
SIM4
1
21
22
SIM5
SIM1
SIM2
SIM3
SIM4
1
21
22
SIM5
SIM1
SIM2
SIM3
SIM4
1
21
22
SIM5
SIM1
SIM2
SIM3
SIM4
1
21
22
SIM5
SIM1
SIM2
SIM3
SIM4
1
21
22
SIM5
SIM1
SIM2
SIM3
SIM4
1
21
22
SIM5
SIM1
SIM2
SIM3
SIM4
1
21
22
SIM5
SIM1
SIM2
SIM3
SIM4
1
21
22
SIM5
SIM1
SIM2
SIM3
SIM4
1
21
22
SIM5
SIM1
SIM2
SIM3
SIM4
1
21
22
SIM5
SIM1
SIM2
SIM3
SIM4
1
21
22
SIM5
SIM1
SIM2
SIM3
SIM4
1
21
22
SIM5
SIM1
SIM2
SIM3
SIM4
1
21
22
SIM5
SIM1
SIM2
SIM3
SIM4
1
21
22
SIM5
SIM1
SIM2
SIM3
SIM4
1
21
22
SIM5
SIM1
SIM2
SIM3
SIM4
1
21
22
SIM5
SIM1
SIM2
SIM3
SIM4
1
21
22
SIM5
SIM1
SIM2
SIM3
SIM4
1
21
22
SIM5
SIM1
SIM2
SIM3
SIM4
1
21
22
SIM5
SIM1
SIM2
SIM3
SIM4
1
21
22
SIM5
SIM1
SIM2
SIM3
SIM4
1
21
22
SIM5
SIM1
SIM2
SIM3
SIM4
1
21
22
SIM5
SIM1
SIM2
SIM3
SIM4
1
21
22
SIM5
SIM1
SIM2
SIM3
SIM4
1
21
22
SIM5
SIM1
SIM2
SIM3
SIM4
1
21
22
SIM5
SIM1
SIM2
SIM3
SIM4
1
21
22
SIM5
SIM1
SIM2
SIM3
SIM4
1
21
22
SIM5
SIM1
SIM2
SIM3
SIM4
1
21
22
SIM5
SIM1
SIM2
SIM3
SIM4
1
21
22
SIM5
SIM1
SIM2
SIM3
SIM4
1
21
22
SIM5
SIM1
SIM2
SIM3
SIM4
1
21
22
SIM5
SIM1
SIM2
SIM3
SIM4
1
21
22
SIM5
SIM1
SIM2
SIM3
SIM4
1
21
22
SIM5
SIM1
SIM2
SIM3
SIM4
1
21
22
SIM5
SIM1
SIM2
SIM3
SIM4
1
21
22
SIM5
SIM1
SIM2
SIM3
SIM4
1
21
22
SIM5
SIM1
SIM2
SIM3
SIM4
1
21
22
SIM5
SIM1
SIM2
SIM3
SIM4
1
21
22
SIM5
SIM1
SIM2
SIM3
SIM4
1
21
22
SIM5
SIM1
SIM2
SIM3
SIM4
1
21
22
SIM5
SIM1
SIM2
SIM3
SIM4
1
21
22
SIM5
SIM1
SIM2
SIM3
SIM4
1
21
22
SIM5
SIM1
SIM2
SIM3
SIM4
1
21
22
SIM5
SIM1
SIM2
SIM3
SIM4
1
21
22
SIM5
SIM1
SIM2
SIM3
SIM4
1
21
22
SIM5
SIM1
SIM2
SIM3
SIM4
1
21
22
SIM5
SIM1
SIM2
SIM3
SIM4
1
21
22
SIM5
SIM1
SIM2
SIM3
SIM4
1
21
22
SIM5
SIM1
SIM2
SIM3
SIM4
1
21
22
SIM5
SIM1
SIM2
SIM3
SIM4
1
21
22
SIM5
SIM1
SIM2
SIM3
SIM4
1
21
22
SIM5
SIM1
SIM2
SIM3
SIM4
1
21
22
SIM5
SIM1
SIM2
SIM3
SIM4
1
21
22
SIM5
SIM1
SIM2
SIM3
SIM4
1
21
22
SIM5
SIM1
SIM2
SIM3
SIM4
1
21
22
SIM5
SIM1
SIM2
SIM3
SIM4
1
21
22
SIM5
SIM1
SIM2
SIM3
SIM4
1
21
22
SIM5
SIM1
SIM2
SIM3
SIM4
1
21
22
SIM5
SIM1
SIM2
SIM3
SIM4
1
21
22
SIM5
SIM1
SIM2
SIM3
SIM4
1
21
22
SIM5
SIM1
SIM2
SIM3
SIM4
1
21
22
SIM5
SIM1
SIM2
SIM3
SIM4
1
21
22
SIM5
SIM1
SIM2
SIM3
SIM4
1
21
22
SIM5
SIM1
SIM2
SIM3
SIM4
1
21
22
SIM5
SIM1
SIM2
SIM3
SIM4
1
21
22
SIM5
SIM1
SIM2
SIM3
SIM4
1
21
22
SIM5
SIM1
SIM2
SIM3
SIM4
1
21
22
SIM5
SIM1
SIM2
SIM3
SIM4
1
21
22
SIM5
SIM1
SIM2
SIM3
SIM4
1
21
22
SIM5
SIM1
SIM2
SIM3
SIM4
1
21
22
SIM5
SIM1
SIM2
SIM3
SIM4
1
21
22
SIM5
SIM1
SIM2
SIM3
SIM4
1
21
22
SIM5
SIM1
SIM2
SIM3
SIM4
1
21
22
SIM5
SIM1
SIM2
SIM3
SIM4
1
21
22
SIM5
SIM1
SIM2
SIM3
SIM4
1
21
22
SIM5
SIM1
SIM2
SIM3
SIM4
1
21
22
SIM5
SIM1
SIM2
SIM3
SIM4
1
21
22
SIM5
SIM1
SIM2
SIM3
SIM4
1
21
22
SIM5
SIM1
SIM2
SIM3
SIM4
1
21
22
SIM5
SIM1
SIM2
SIM3
SIM4
1
21
22
SIM5
SIM1
SIM2
SIM3
SIM4
1
21
22
SIM5
SIM1
SIM2
SIM3
SIM4
1
21
22
SIM5
SIM1
SIM2
SIM3
SIM4
1
21
22
SIM5
SIM1
SIM2
SIM3
SIM4
1
21
22
SIM5
SIM1
SIM2
SIM3
SIM4
1
21
22
SIM5
SIM1
SIM2
SIM3
SIM4
1
21
22
SIM5
SIM1
SIM2
SIM3
SIM4
1
21
22
SIM5
SIM1
SIM2
SIM3
SIM4
1
21
22
SIM5
SIM1
SIM2
SIM3
SIM4
1
21
22
SIM5
SIM1
SIM2
SIM3
SIM4
1
21
22
SIM5
SIM1
SIM2
SIM3
SIM4
1
21
22
SIM5
SIM1
SIM2
SIM3
SIM4
1
21
22
SIM5
SIM1
SIM2
SIM3
SIM4
1
21
22
SIM5
SIM1
SIM2
SIM3
SIM4
1
21
22
SIM5
SIM1
SIM2
SIM3
SIM4
1
21
22
SIM5
SIM1
SIM2
SIM3
SIM4
1
21
22
SIM5
SIM1
SIM2
SIM3
SIM4
1
21
22
SIM5
SIM1
SIM2
SIM3
SIM4
1
21
22
SIM5
SIM1
SIM2
SIM3
SIM4
1
21
22
SIM5
SIM1
SIM2
SIM3
SIM4
1
21
22
SIM5
SIM1
SIM2
SIM3
SIM4
1
21
22
SIM5
SIM1
SIM2
SIM3
SIM4
1
21
22
SIM5
SIM1
SIM2
SIM3
SIM4
1
21
22
SIM5
SIM1
SIM2
SIM3
SIM4
1
21
22
SIM5
SIM1
SIM2
SIM3
SIM4
1
21
22
SIM5
SIM1
SIM2
SIM3
SIM4
1
21
22
SIM5
SIM1
SIM2
SIM3
SIM4
1
21
22
SIM5
SIM1
SIM2
SIM3
SIM4
1
21
22
SIM5
SIM1
SIM2
SIM3
SIM4
1
21
22
SIM5
SIM1
SIM2
SIM3
SIM4
1
21
22
SIM5
SIM1
SIM2
SIM3
SIM4
1
21
22
SIM5
SIM1
SIM2
SIM3
SIM4
1
21
22
SIM5
SIM1
SIM2
SIM3
SIM4
1
21
22
SIM5
SIM1
SIM2
SIM3
SIM4
1
21
22
SIM5
SIM1
SIM2
SIM3
SIM4
1
21
22
SIM5
SIM1
SIM2
SIM3
SIM4
1
21
22
SIM5
SIM1
SIM2
DEBUG 1 823
SIM1
SIM2
SIM3
SIM4
1
21
22
SIM5
SIM1
SIM2
SIM3
SIM4
1
21
22
SIM5
SIM1
SIM2
SIM3
SIM4
1
21
22
SIM5
SIM1
SIM2
SIM3
SIM4
1
21
22
SIM5
SIM1
SIM2
SIM3
SIM4
1
21
22
SIM5
SIM1
SIM2
SIM3
SIM4
1
21
22
SIM5
SIM1
SIM2
SIM3
SIM4
1
21
22
SIM5
SIM1
SIM2
SIM3
SIM4
1
21
22
SIM5
SIM1
SIM2
SIM3
SIM4
1
21
22
SIM5
SIM1
SIM2
SIM3
SIM4
1
21
22
SIM5
SIM1
SIM2
SIM3
SIM4
1
21
22
SIM5
SIM1
SIM2
SIM3
SIM4
1
21
22
SIM5
SIM1
SIM2
SIM3
SIM4
1
21
22
SIM5
SIM1
SIM2
SIM3
SIM4
1
21
22
SIM5
SIM1
SIM2
SIM3
SIM4
1
21
22
SIM5
SIM1
SIM2
SIM3
SIM4
1
21
22
SIM5
SIM1
SIM2
SIM3
SIM4
1
21
22
SIM5
SIM1
SIM2
SIM3
SIM4
1
21
22
SIM5
SIM1
SIM2
SIM3
SIM4
1
21
22
SIM5
SIM1
SIM2
SIM3
SIM4
1
21
22
SIM5
SIM1
SIM2
SIM3
SIM4
1
21
22
SIM5
SIM1
SIM2
SIM3
SIM4
1
21
22
SIM5
SIM1
SIM2
SIM3
SIM4
1
21
22
SIM5
SIM1
SIM2
SIM3
SIM4
1
21
22
SIM5
SIM1
SIM2
SIM3
SIM4
1
21
22
SIM5
SIM1
SIM2
SIM3
SIM4
1
21
22
SIM5
SIM1
SIM2
SIM3
SIM4
1
21
22
SIM5
SIM1
SIM2
SIM3
SIM4
1
21
22
SIM5
SIM1
SIM2
SIM3
SIM4
1
21
22
SIM5
SIM1
SIM2
SIM3
SIM4
1
21
22
SIM5
SIM1
SIM2
SIM3
SIM4
1
21
22
SIM5
SIM1
SIM2
SIM3
SIM4
1
21
22
SIM5
SIM1
SIM2
SIM3
SIM4
1
21
22
SIM5
SIM1
SIM2
SIM3
SIM4
1
21
22
SIM5
SIM1
SIM2
SIM3
SIM4
1
21
22
SIM5
SIM1
SIM2
SIM3
SIM4
1
21
22
SIM5
SIM1
SIM2
SIM3
SIM4
1
21
22
SIM5
SIM1
SIM2
SIM3
SIM4
1
21
22
SIM5
SIM1
SIM2
SIM3
SIM4
1
21
22
SIM5
SIM1
SIM2
SIM3
SIM4
1
21
22
SIM5
SIM1
SIM2
SIM3
SIM4
1
21
22
SIM5
SIM1
SIM2
SIM3
SIM4
1
21
22
SIM5
SIM1
SIM2
SIM3
SIM4
1
21
22
SIM5
SIM1
SIM2
SIM3
SIM4
1
21
22
SIM5
SIM1
SIM2
SIM3
SIM4
1
21
22
SIM5
SIM1
SIM2
SIM3
SIM4
1
21
22
SIM5
SIM1
SIM2
SIM3
SIM4
1
21
22
SIM5
SIM1
SIM2
SIM3
SIM4
1
21
22
SIM5
SIM1
SIM2
SIM3
SIM4
1
21
22
SIM5
SIM1
SIM2
SIM3
SIM4
1
21
22
SIM5
SIM1
SIM2
SIM3
SIM4
1
21
22
SIM5
SIM1
SIM2
SIM3
SIM4
1
21
22
SIM5
SIM1
SIM2
SIM3
SIM4
1
21
22
SIM5
SIM1
SIM2
SIM3
SIM4
1
21
22
SIM5
SIM1
SIM2
SIM3
SIM4
1
21
22
SIM5
SIM1
SIM2
SIM3
SIM4
1
21
22
SIM5
SIM1
SIM2
SIM3
SIM4
1
21
22
SIM5
SIM1
SIM2
SIM3
SIM4
1
21
22
SIM5
SIM1
SIM2
SIM3
SIM4
1
21
22
SIM5
SIM1
SIM2
SIM3
SIM4
1
21
22
SIM5
SIM1
SIM2
SIM3
SIM4
1
21
22
SIM5
SIM1
SIM2
SIM3
SIM4
1
21
22
SIM5
SIM1
SIM2
SIM3
SIM4
1
21
22
SIM5
SIM1
SIM2
SIM3
SIM4
1
21
22
SIM5
SIM1
SIM2
SIM3
SIM4
1
21
22
SIM5
SIM1
SIM2
SIM3
SIM4
1
21
22
SIM5
SIM1
SIM2
SIM3
SIM4
1
21
22
SIM5
SIM1
SIM2
SIM3
SIM4
1
21
22
SIM5
SIM1
SIM2
SIM3
SIM4
1
21
22
SIM5
SIM1
SIM2
SIM3
SIM4
1
21
22
SIM5
SIM1
SIM2
SIM3
SIM4
1
21
22
SIM5
SIM1
SIM2
SIM3
SIM4
1
21
22
SIM5
SIM1
SIM2
SIM3
SIM4
1
21
22
SIM5
SIM1
SIM2
SIM3
SIM4
1
21
22
SIM5
SIM1
SIM2
SIM3
SIM4
1
21
22
SIM5
SIM1
SIM2
SIM3
SIM4
1
21
22
SIM5
SIM1
SIM2
SIM3
SIM4
1
21
22
SIM5
SIM1
SIM2
SIM3
SIM4
1
21
22
SIM5
SIM1
SIM2
SIM3
SIM4
1
21
22
SIM5
SIM1
SIM2
SIM3
SIM4
1
21
22
SIM5
SIM1
SIM2
SIM3
SIM4
1
21
22
SIM5
SIM1
SIM2
SIM3
SIM4
1
21
22
SIM5
SIM1
SIM2
SIM3
SIM4
1
21
22
SIM5
SIM1
SIM2
SIM3
SIM4
1
21
22
SIM5
SIM1
SIM2
SIM3
SIM4
1
21
22
SIM5
SIM1
SIM2
SIM3
SIM4
1
21
22
SIM5
SIM1
SIM2
SIM3
SIM4
1
21
22
SIM5
SIM1
SIM2
SIM3
SIM4
1
21
22
SIM5
SIM1
SIM2
SIM3
SIM4
1
21
22
SIM5
SIM1
SIM2
SIM3
SIM4
1
21
22
SIM5
SIM1
SIM2
SIM3
SIM4
1
21
22
SIM5
SIM1
SIM2
SIM3
SIM4
1
21
22
SIM5
SIM1
SIM2
SIM3
SIM4
1
21
22
SIM5
SIM1
SIM2
SIM3
SIM4
1
21
22
SIM5
SIM1
SIM2
SIM3
SIM4
1
21
22
SIM5
SIM1
SIM2
SIM3
SIM4
1
21
22
SIM5
SIM1
SIM2
SIM3
SIM4
1
21
22
SIM5
SIM1
SIM2
SIM3
SIM4
1
21
22
SIM5
SIM1
SIM2
SIM3
SIM4
1
21
22
SIM5
SIM1
SIM2
SIM3
SIM4
1
21
22
SIM5
SIM1
SIM2
SIM3
SIM4
1
21
22
SIM5
SIM1
SIM2
SIM3
SIM4
1
21
22
SIM5
SIM1
SIM2
SIM3
SIM4
1
21
22
SIM5
SIM1
SIM2
SIM3
SIM4
1
21
22
SIM5
SIM1
SIM2
SIM3
SIM4
1
21
22
SIM5
SIM1
SIM2
SIM3
SIM4
1
21
22
SIM5
SIM1
SIM2
SIM3
SIM4
1
21
22
SIM5
SIM1
SIM2
SIM3
SIM4
1
21
22
SIM5
SIM1
SIM2
SIM3
SIM4
1
21
22
SIM5
SIM1
SIM2
SIM3
SIM4
1
21
22
SIM5
SIM1
SIM2
SIM3
SIM4
1
21
22
SIM5
SIM1
SIM2
SIM3
SIM4
1
21
22
SIM5
SIM1
SIM2
SIM3
SIM4
1
21
22
SIM5
SIM1
SIM2
SIM3
SIM4
1
21
22
SIM5
SIM1
SIM2
SIM3
SIM4
1
21
22
SIM5
SIM1
SIM2
SIM3
SIM4
1
21
22
SIM5
SIM1
SIM2
SIM3
SIM4
1
21
22
SIM5
SIM1
SIM2
SIM3
SIM4
1
21
22
SIM5
SIM1
SIM2
SIM3
SIM4
1
21
22
SIM5
SIM1
SIM2
SIM3
SIM4
1
21
22
SIM5
SIM1
SIM2
SIM3
SIM4
1
21
22
SIM5
SIM1
SIM2
SIM3
SIM4
1
21
22
SIM5
SIM1
SIM2
SIM3
SIM4
1
21
22
SIM5
SIM1
SIM2
SIM3
SIM4
1
21
22
SIM5
SIM1
SIM2
SIM3
SIM4
1
21
22
SIM5
SIM1
SIM2
SIM3
SIM4
1
21
22
SIM5
SIM1
SIM2
SIM3
SIM4
1
21
22
SIM5
SIM1
SIM2
SIM3
SIM4
1
21
22
SIM5
SIM1
SIM2
SIM3
SIM4
1
21
22
SIM5
SIM1
SIM2
SIM3
SIM4
1
21
22
SIM5
SIM1
SIM2
SIM3
SIM4
1
21
22
SIM5
SIM1
SIM2
SIM3
SIM4
1
21
22
SIM5
SIM1
SIM2
SIM3
SIM4
1
21
22
SIM5
SIM1
SIM2
SIM3
SIM4
1
21
22
SIM5
SIM1
SIM2
SIM3
SIM4
1
21
22
SIM5
SIM1
SIM2
SIM3
SIM4
1
21
22
SIM5
SIM1
SIM2
SIM3
SIM4
1
21
22
SIM5
SIM1
SIM2
SIM3
SIM4
1
21
22
SIM5
SIM1
SIM2
DEBUG 1 824
SIM1
SIM2
SIM3
SIM4
1
21
22
SIM5
SIM1
SIM2
SIM3
SIM4
1
21
22
SIM5
SIM1
SIM2
SIM3
SIM4
1
21
22
SIM5
SIM1
SIM2
SIM3
SIM4
1
21
22
SIM5
SIM1
SIM2
SIM3
SIM4
1
21
22
SIM5
SIM1
SIM2
SIM3
SIM4
1
21
22
SIM5
SIM1
SIM2
SIM3
SIM4
1
21
22
SIM5
SIM1
SIM2
SIM3
SIM4
1
21
22
SIM5
SIM1
SIM2
SIM3
SIM4
1
21
22
SIM5
SIM1
SIM2
SIM3
SIM4
1
21
22
SIM5
SIM1
SIM2
SIM3
SIM4
1
21
22
SIM5
SIM1
SIM2
SIM3
SIM4
1
21
22
SIM5
SIM1
SIM2
SIM3
SIM4
1
21
22
SIM5
SIM1
SIM2
SIM3
SIM4
1
21
22
SIM5
SIM1
SIM2
SIM3
SIM4
1
21
22
SIM5
SIM1
SIM2
SIM3
SIM4
1
21
22
SIM5
SIM1
SIM2
SIM3
SIM4
1
21
22
SIM5
SIM1
SIM2
SIM3
SIM4
1
21
22
SIM5
SIM1
SIM2
SIM3
SIM4
1
21
22
SIM5
SIM1
SIM2
SIM3
SIM4
1
21
22
SIM5
SIM1
SIM2
SIM3
SIM4
1
21
22
SIM5
SIM1
SIM2
SIM3
SIM4
1
21
22
SIM5
SIM1
SIM2
SIM3
SIM4
1
21
22
SIM5
SIM1
SIM2
SIM3
SIM4
1
21
22
SIM5
SIM1
SIM2
SIM3
SIM4
1
21
22
SIM5
SIM1
SIM2
SIM3
SIM4
1
21
22
SIM5
SIM1
SIM2
SIM3
SIM4
1
21
22
SIM5
SIM1
SIM2
SIM3
SIM4
1
21
22
SIM5
SIM1
SIM2
SIM3
SIM4
1
21
22
SIM5
SIM1
SIM2
SIM3
SIM4
1
21
22
SIM5
SIM1
SIM2
SIM3
SIM4
1
21
22
SIM5
SIM1
SIM2
SIM3
SIM4
1
21
22
SIM5
SIM1
SIM2
SIM3
SIM4
1
21
22
SIM5
SIM1
SIM2
SIM3
SIM4
1
21
22
SIM5
SIM1
SIM2
SIM3
SIM4
1
21
22
SIM5
SIM1
SIM2
SIM3
SIM4
1
21
22
SIM5
SIM1
SIM2
SIM3
SIM4
1
21
22
SIM5
SIM1
SIM2
SIM3
SIM4
1
21
22
SIM5
SIM1
SIM2
SIM3
SIM4
1
21
22
SIM5
SIM1
SIM2
SIM3
SIM4
1
21
22
SIM5
SIM1
SIM2
SIM3
SIM4
1
21
22
SIM5
SIM1
SIM2
SIM3
SIM4
1
21
22
SIM5
SIM1
SIM2
SIM3
SIM4
1
21
22
SIM5
SIM1
SIM2
SIM3
SIM4
1
21
22
SIM5
SIM1
SIM2
SIM3
SIM4
1
21
22
SIM5
SIM1
SIM2
SIM3
SIM4
1
21
22
SIM5
SIM1
SIM2
SIM3
SIM4
1
21
22
SIM5
SIM1
SIM2
SIM3
SIM4
1
21
22
SIM5
SIM1
SIM2
SIM3
SIM4
1
21
22
SIM5
SIM1
SIM2
SIM3
SIM4
1
21
22
SIM5
SIM1
SIM2
SIM3
SIM4
1
21
22
SIM5
SIM1
SIM2
SIM3
SIM4
1
21
22
SIM5
SIM1
SIM2
SIM3
SIM4
1
21
22
SIM5
SIM1
SIM2
SIM3
SIM4
1
21
22
SIM5
SIM1
SIM2
SIM3
SIM4
1
21
22
SIM5
SIM1
SIM2
SIM3
SIM4
1
21
22
SIM5
SIM1
SIM2
SIM3
SIM4
1
21
22
SIM5
SIM1
SIM2
SIM3
SIM4
1
21
22
SIM5
SIM1
SIM2
SIM3
SIM4
1
21
22
SIM5
SIM1
SIM2
SIM3
SIM4
1
21
22
SIM5
SIM1
SIM2
SIM3
SIM4
1
21
22
SIM5
SIM1
SIM2
SIM3
SIM4
1
21
22
SIM5
SIM1
SIM2
SIM3
SIM4
1
21
22
SIM5
SIM1
SIM2
SIM3
SIM4
1
21
22
SIM5
SIM1
SIM2
SIM3
SIM4
1
21
22
SIM5
SIM1
SIM2
SIM3
SIM4
1
21
22
SIM5
SIM1
SIM2
SIM3
SIM4
1
21
22
SIM5
SIM1
SIM2
SIM3
SIM4
1
21
22
SIM5
SIM1
SIM2
SIM3
SIM4
1
21
22
SIM5
SIM1
SIM2
SIM3
SIM4
1
21
22
SIM5
SIM1
SIM2
SIM3
SIM4
1
21
22
SIM5
SIM1
SIM2
SIM3
SIM4
1
21
22
SIM5
SIM1
SIM2
SIM3
SIM4
1
21
22
SIM5
SIM1
SIM2
SIM3
SIM4
1
21
22
SIM5
SIM1
SIM2
SIM3
SIM4
1
21
22
SIM5
SIM1
SIM2
SIM3
SIM4
1
21
22
SIM5
SIM1
SIM2
SIM3
SIM4
1
21
22
SIM5
SIM1
SIM2
SIM3
SIM4
1
21
22
SIM5
SIM1
SIM2
SIM3
SIM4
1
21
22
SIM5
SIM1
SIM2
SIM3
SIM4
1
21
22
SIM5
SIM1
SIM2
SIM3
SIM4
1
21
22
SIM5
SIM1
SIM2
SIM3
SIM4
1
21
22
SIM5
SIM1
SIM2
SIM3
SIM4
1
21
22
SIM5
SIM1
SIM2
SIM3
SIM4
1
21
22
SIM5
SIM1
SIM2
SIM3
SIM4
1
21
22
SIM5
SIM1
SIM2
SIM3
SIM4
1
21
22
SIM5
SIM1
SIM2
SIM3
SIM4
1
21
22
SIM5
SIM1
SIM2
SIM3
SIM4
1
21
22
SIM5
SIM1
SIM2
SIM3
SIM4
1
21
22
SIM5
SIM1
SIM2
SIM3
SIM4
1
21
22
SIM5
SIM1
SIM2
SIM3
SIM4
1
21
22
SIM5
SIM1
SIM2
SIM3
SIM4
1
21
22
SIM5
SIM1
SIM2
SIM3
SIM4
1
21
22
SIM5
SIM1
SIM2
SIM3
SIM4
1
21
22
SIM5
SIM1
SIM2
SIM3
SIM4
1
21
22
SIM5
SIM1
SIM2
SIM3
SIM4
1
21
22
SIM5
SIM1
SIM2
SIM3
SIM4
1
21
22
SIM5
SIM1
SIM2
SIM3
SIM4
1
21
22
SIM5
SIM1
SIM2
SIM3
SIM4
1
21
22
SIM5
SIM1
SIM2
SIM3
SIM4
1
21
22
SIM5
SIM1
SIM2
SIM3
SIM4
1
21
22
SIM5
SIM1
SIM2
SIM3
SIM4
1
21
22
SIM5
SIM1
SIM2
SIM3
SIM4
1
21
22
SIM5
SIM1
SIM2
SIM3
SIM4
1
21
22
SIM5
SIM1
SIM2
SIM3
SIM4
1
21
22
SIM5
SIM1
SIM2
SIM3
SIM4
1
21
22
SIM5
SIM1
SIM2
SIM3
SIM4
1
21
22
SIM5
SIM1
SIM2
SIM3
SIM4
1
21
22
SIM5
SIM1
SIM2
SIM3
SIM4
1
21
22
SIM5
SIM1
SIM2
SIM3
SIM4
1
21
22
SIM5
SIM1
SIM2
SIM3
SIM4
1
21
22
SIM5
SIM1
SIM2
SIM3
SIM4
1
21
22
SIM5
SIM1
SIM2
SIM3
SIM4
1
21
22
SIM5
SIM1
SIM2
SIM3
SIM4
1
21
22
SIM5
SIM1
SIM2
SIM3
SIM4
1
21
22
SIM5
SIM1
SIM2
SIM3
SIM4
1
21
22
SIM5
SIM1
SIM2
SIM3
SIM4
1
21
22
SIM5
SIM1
SIM2
SIM3
SIM4
1
21
22
SIM5
SIM1
SIM2
SIM3
SIM4
1
21
22
SIM5
SIM1
SIM2
SIM3
SIM4
1
21
22
SIM5
SIM1
SIM2
SIM3
SIM4
1
21
22
SIM5
SIM1
SIM2
SIM3
SIM4
1
21
22
SIM5
SIM1
SIM2
SIM3
SIM4
1
21
22
SIM5
SIM1
SIM2
SIM3
SIM4
1
21
22
SIM5
SIM1
SIM2
SIM3
SIM4
1
21
22
SIM5
SIM1
SIM2
SIM3
SIM4
1
21
22
SIM5
SIM1
SIM2
SIM3
SIM4
1
21
22
SIM5
SIM1
SIM2
SIM3
SIM4
1
21
22
SIM5
SIM1
SIM2
SIM3
SIM4
1
21
22
SIM5
SIM1
SIM2
SIM3
SIM4
1
21
22
SIM5
SIM1
SIM2
SIM3
SIM4
1
21
22
SIM5
SIM1
SIM2
SIM3
SIM4
1
21
22
SIM5
SIM1
SIM2
SIM3
SIM4
1
21
22
SIM5
SIM1
SIM2
SIM3
SIM4
1
21
22
SIM5
SIM1
SIM2
SIM3
SIM4
1
21
22
SIM5
SIM1
SIM2
SIM3
SIM4
1
21
22
SIM5
SIM1
SIM2
SIM3
SIM4
1
21
22
SIM5
SIM1
SIM2
DEBUG 1 825
SIM1
SIM2
SIM3
SIM4
1
21
22
SIM5
SIM1
SIM2
SIM3
SIM4
1
21
22
SIM5
SIM1
SIM2
SIM3
SIM4
1
21
22
SIM5
SIM1
SIM2
SIM3
SIM4
1
21
22
SIM5
SIM1
SIM2
SIM3
SIM4
1
21
22
SIM5
SIM1
SIM2
SIM3
SIM4
1
21
22
SIM5
SIM1
SIM2
SIM3
SIM4
1
21
22
SIM5
SIM1
SIM2
SIM3
SIM4
1
21
22
SIM5
SIM1
SIM2
SIM3
SIM4
1
21
22
SIM5
SIM1
SIM2
SIM3
SIM4
1
21
22
SIM5
SIM1
SIM2
SIM3
SIM4
1
21
22
SIM5
SIM1
SIM2
SIM3
SIM4
1
21
22
SIM5
SIM1
SIM2
SIM3
SIM4
1
21
22
SIM5
SIM1
SIM2
SIM3
SIM4
1
21
22
SIM5
SIM1
SIM2
SIM3
SIM4
1
21
22
SIM5
SIM1
SIM2
SIM3
SIM4
1
21
22
SIM5
SIM1
SIM2
SIM3
SIM4
1
21
22
SIM5
SIM1
SIM2
SIM3
SIM4
1
21
22
SIM5
SIM1
SIM2
SIM3
SIM4
1
21
22
SIM5
SIM1
SIM2
SIM3
SIM4
1
21
22
SIM5
SIM1
SIM2
SIM3
SIM4
1
21
22
SIM5
SIM1
SIM2
SIM3
SIM4
1
21
22
SIM5
SIM1
SIM2
SIM3
SIM4
1
21
22
SIM5
SIM1
SIM2
SIM3
SIM4
1
21
22
SIM5
SIM1
SIM2
SIM3
SIM4
1
21
22
SIM5
SIM1
SIM2
SIM3
SIM4
1
21
22
SIM5
SIM1
SIM2
SIM3
SIM4
1
21
22
SIM5
SIM1
SIM2
SIM3
SIM4
1
21
22
SIM5
SIM1
SIM2
SIM3
SIM4
1
21
22
SIM5
SIM1
SIM2
SIM3
SIM4
1
21
22
SIM5
SIM1
SIM2
SIM3
SIM4
1
21
22
SIM5
SIM1
SIM2
SIM3
SIM4
1
21
22
SIM5
SIM1
SIM2
SIM3
SIM4
1
21
22
SIM5
SIM1
SIM2
SIM3
SIM4
1
21
22
SIM5
SIM1
SIM2
SIM3
SIM4
1
21
22
SIM5
SIM1
SIM2
SIM3
SIM4
1
21
22
SIM5
SIM1
SIM2
SIM3
SIM4
1
21
22
SIM5
SIM1
SIM2
SIM3
SIM4
1
21
22
SIM5
SIM1
SIM2
SIM3
SIM4
1
21
22
SIM5
SIM1
SIM2
SIM3
SIM4
1
21
22
SIM5
SIM1
SIM2
SIM3
SIM4
1
21
22
SIM5
SIM1
SIM2
SIM3
SIM4
1
21
22
SIM5
SIM1
SIM2
SIM3
SIM4
1
21
22
SIM5
SIM1
SIM2
SIM3
SIM4
1
21
22
SIM5
SIM1
SIM2
SIM3
SIM4
1
21
22
SIM5
SIM1
SIM2
SIM3
SIM4
1
21
22
SIM5
SIM1
SIM2
SIM3
SIM4
1
21
22
SIM5
SIM1
SIM2
SIM3
SIM4
1
21
22
SIM5
SIM1
SIM2
SIM3
SIM4
1
21
22
SIM5
SIM1
SIM2
SIM3
SIM4
1
21
22
SIM5
SIM1
SIM2
SIM3
SIM4
1
21
22
SIM5
SIM1
SIM2
SIM3
SIM4
1
21
22
SIM5
SIM1
SIM2
SIM3
SIM4
1
21
22
SIM5
SIM1
SIM2
SIM3
SIM4
1
21
22
SIM5
SIM1
SIM2
SIM3
SIM4
1
21
22
SIM5
SIM1
SIM2
SIM3
SIM4
1
21
22
SIM5
SIM1
SIM2
SIM3
SIM4
1
21
22
SIM5
SIM1
SIM2
SIM3
SIM4
1
21
22
SIM5
SIM1
SIM2
SIM3
SIM4
1
21
22
SIM5
SIM1
SIM2
SIM3
SIM4
1
21
22
SIM5
SIM1
SIM2
SIM3
SIM4
1
21
22
SIM5
SIM1
SIM2
SIM3
SIM4
1
21
22
SIM5
SIM1
SIM2
SIM3
SIM4
1
21
22
SIM5
SIM1
SIM2
SIM3
SIM4
1
21
22
SIM5
SIM1
SIM2
SIM3
SIM4
1
21
22
SIM5
SIM1
SIM2
SIM3
SIM4
1
21
22
SIM5
SIM1
SIM2
SIM3
SIM4
1
21
22
SIM5
SIM1
SIM2
SIM3
SIM4
1
21
22
SIM5
SIM1
SIM2
SIM3
SIM4
1
21
22
SIM5
SIM1
SIM2
SIM3
SIM4
1
21
22
SIM5
SIM1
SIM2
SIM3
SIM4
1
21
22
SIM5
SIM1
SIM2
SIM3
SIM4
1
21
22
SIM5
SIM1
SIM2
SIM3
SIM4
1
21
22
SIM5
SIM1
SIM2
SIM3
SIM4
1
21
22
SIM5
SIM1
SIM2
SIM3
SIM4
1
21
22
SIM5
SIM1
SIM2
SIM3
SIM4
1
21
22
SIM5
SIM1
SIM2
SIM3
SIM4
1
21
22
SIM5
SIM1
SIM2
SIM3
SIM4
1
21
22
SIM5
SIM1
SIM2
SIM3
SIM4
1
21
22
SIM5
SIM1
SIM2
SIM3
SIM4
1
21
22
SIM5
SIM1
SIM2
SIM3
SIM4
1
21
22
SIM5
SIM1
SIM2
SIM3
SIM4
1
21
22
SIM5
SIM1
SIM2
SIM3
SIM4
1
21
22
SIM5
SIM1
SIM2
SIM3
SIM4
1
21
22
SIM5
SIM1
SIM2
SIM3
SIM4
1
21
22
SIM5
SIM1
SIM2
SIM3
SIM4
1
21
22
SIM5
SIM1
SIM2
SIM3
SIM4
1
21
22
SIM5
SIM1
SIM2
SIM3
SIM4
1
21
22
SIM5
SIM1
SIM2
SIM3
SIM4
1
21
22
SIM5
SIM1
SIM2
SIM3
SIM4
1
21
22
SIM5
SIM1
SIM2
SIM3
SIM4
1
21
22
SIM5
SIM1
SIM2
SIM3
SIM4
1
21
22
SIM5
SIM1
SIM2
SIM3
SIM4
1
21
22
SIM5
SIM1
SIM2
SIM3
SIM4
1
21
22
SIM5
SIM1
SIM2
SIM3
SIM4
1
21
22
SIM5
SIM1
SIM2
SIM3
SIM4
1
21
22
SIM5
SIM1
SIM2
SIM3
SIM4
1
21
22
SIM5
SIM1
SIM2
SIM3
SIM4
1
21
22
SIM5
SIM1
SIM2
SIM3
SIM4
1
21
22
SIM5
SIM1
SIM2
SIM3
SIM4
1
21
22
SIM5
SIM1
SIM2
SIM3
SIM4
1
21
22
SIM5
SIM1
SIM2
SIM3
SIM4
1
21
22
SIM5
SIM1
SIM2
SIM3
SIM4
1
21
22
SIM5
SIM1
SIM2
SIM3
SIM4
1
21
22
SIM5
SIM1
SIM2
SIM3
SIM4
1
21
22
SIM5
SIM1
SIM2
SIM3
SIM4
1
21
22
SIM5
SIM1
SIM2
SIM3
SIM4
1
21
22
SIM5
SIM1
SIM2
SIM3
SIM4
1
21
22
SIM5
SIM1
SIM2
SIM3
SIM4
1
21
22
SIM5
SIM1
SIM2
SIM3
SIM4
1
21
22
SIM5
SIM1
SIM2
SIM3
SIM4
1
21
22
SIM5
SIM1
SIM2
SIM3
SIM4
1
21
22
SIM5
SIM1
SIM2
SIM3
SIM4
1
21
22
SIM5
SIM1
SIM2
SIM3
SIM4
1
21
22
SIM5
SIM1
SIM2
SIM3
SIM4
1
21
22
SIM5
SIM1
SIM2
SIM3
SIM4
1
21
22
SIM5
SIM1
SIM2
SIM3
SIM4
1
21
22
SIM5
SIM1
SIM2
SIM3
SIM4
1
21
22
SIM5
SIM1
SIM2
SIM3
SIM4
1
21
22
SIM5
SIM1
SIM2
SIM3
SIM4
1
21
22
SIM5
SIM1
SIM2
SIM3
SIM4
1
21
22
SIM5
SIM1
SIM2
SIM3
SIM4
1
21
22
SIM5
SIM1
SIM2
SIM3
SIM4
1
21
22
SIM5
SIM1
SIM2
SIM3
SIM4
1
21
22
SIM5
SIM1
SIM2
SIM3
SIM4
1
21
22
SIM5
SIM1
SIM2
SIM3
SIM4
1
21
22
SIM5
SIM1
SIM2
SIM3
SIM4
1
21
22
SIM5
SIM1
SIM2
SIM3
SIM4
1
21
22
SIM5
SIM1
SIM2
SIM3
SIM4
1
21
22
SIM5
SIM1
SIM2
SIM3
SIM4
1
21
22
SIM5
SIM1
SIM2
SIM3
SIM4
1
21
22
SIM5
SIM1
SIM2
SIM3
SIM4
1
21
22
SIM5
SIM1
SIM2
SIM3
SIM4
1
21
22
SIM5
SIM1
SIM2
SIM3
SIM4
1
21
22
SIM5
SIM1
SIM2
SIM3
SIM4
1
21
22
SIM5
SIM1
SIM2
SIM3
SIM4
1
21
22
SIM5
SIM1
SIM2
SIM3
SIM4
1
21
22
SIM5
SIM1
SIM2
SIM3
SIM4
1
21
22
SIM5
SIM1
SIM2
SIM3
SIM4
1
21
22
SIM5
SIM1
SIM2
SIM3
SIM4
1
21
22
SIM5
SIM1
SIM2
SIM3
SIM4
1
21
22
SIM5
SIM1
SIM2
SIM3
SIM4
1
21
22
SIM5
SIM1
SIM2
SIM3
SIM4
1
21
22
SIM5
SIM1
SIM2
SIM3
SIM4
1
21
22
SIM5
SIM1
SIM2
SIM3
SIM4
1
21
22
SIM5
SIM1
SIM2
SIM3
SIM4
1
21
22
SIM5
SIM1
SIM2
SIM3
SIM4
1
21
22
SIM5
SIM1
SIM2
SIM3
SIM4
1
21
22
SIM5
SIM1
SIM2
SIM3
SIM4
1
21
22
SIM5
SIM1
SIM2
SIM3
SIM4
1
21
22
SIM5
SIM1
SIM2
SIM3
SIM4
1
21
22
SIM5
SIM1
SIM2
SIM3
SIM4
1
21
22
SIM5
SIM1
SIM2
SIM3
SIM4
1
21
22
SIM5
SIM1
SIM2
SIM3
SIM4
1
21
22
SIM5
SIM1
SIM2
SIM3
SIM4
1
21
22
SIM5
SIM1
SIM2
SIM3
SIM4
1
21
22
SIM5
SIM1
SIM2
SIM3
SIM4
1
21
22
SIM5
SIM1
SIM2
SIM3
SIM4
1
21
22
SIM5
SIM1
SIM2
SIM3
SIM4
1
21
22
SIM5
SIM1
SIM2
SIM3
SIM4
1
21
22
SIM5
SIM1
SIM2
SIM3
SIM4
1
21
22
SIM5
SIM1
SIM2
SIM3
SIM4
1
21
22
SIM5
SIM1
SIM2
SIM3
SIM4
1
21
22
SIM5
SIM1
SIM2
SIM3
SIM4
1
21
22
SIM5
SIM1
SIM2
SIM3
SIM4
1
21
22
SIM5
SIM1
SIM2
SIM3
SIM4
1
21
22
SIM5
SIM1
SIM2
SIM3
SIM4
1
21
22
SIM5
SIM1
SIM2
SIM3
SIM4
1
21
22
SIM5
SIM1
SIM2
SIM3
SIM4
1
21
22
SIM5
SIM1
SIM2
SIM3
SIM4
1
21
22
SIM5
SIM1
SIM2
SIM3
SIM4
1
21
22
SIM5
SIM1
SIM2
SIM3
SIM4
1
21
22
SIM5
SIM1
SIM2
SIM3
SIM4
1
21
22
SIM5
SIM1
SIM2
SIM3
SIM4
1
21
22
SIM5
SIM1
SIM2
SIM3
SIM4
1
21
22
SIM5
SIM1
SIM2
SIM3
SIM4
1
21
22
SIM5
SIM1
SIM2
SIM3
SIM4
1
21
22
SIM5
SIM1
SIM2
SIM3
SIM4
1
21
22
SIM5
SIM1
SIM2
SIM3
SIM4
1
21
22
SIM5
SIM1
SIM2
SIM3
SIM4
1
21
22
SIM5
SIM1
SIM2
SIM3
SIM4
1
21
22
SIM5
SIM1
SIM2
SIM3
SIM4
1
21
22
SIM5
SIM1
SIM2
SIM3
SIM4
1
21
22
SIM5
SIM1
SIM2
SIM3
SIM4
1
21
22
SIM5
SIM1
SIM2
SIM3
SIM4
1
21
22
SIM5
SIM1
SIM2
SIM3
SIM4
1
21
22
SIM5
SIM1
SIM2
SIM3
SIM4
1
21
22
SIM5
SIM1
SIM2
SIM3
SIM4
1
21
22
SIM5
SIM1
SIM2
SIM3
SIM4
1
21
22
SIM5
SIM1
SIM2
SIM3
SIM4
1
21
22
SIM5
SIM1
SIM2
SIM3
SIM4
1
21
22
SIM5
SIM1
SIM2
SIM3
SIM4
1
21
22
SIM5
SIM1
SIM2
SIM3
SIM4
1
21
22
SIM5
SIM1
SIM2
SIM3
SIM4
1
21
22
SIM5
SIM1
SIM2
SIM3
SIM4
1
21
22
SIM5
SIM1
SIM2
SIM3
SIM4
1
21
22
SIM5
SIM1
SIM2
SIM3
SIM4
1
21
22
SIM5
SIM1
SIM2
SIM3
SIM4
1
21
22
SIM5
SIM1
SIM2
SIM3
SIM4
1
21
22
SIM5
SIM1
SIM2
SIM3
SIM4
1
21
22
SIM5
SIM1
SIM2
SIM3
SIM4
1
21
22
SIM5
SIM1
SIM2
SIM3
SIM4
1
21
22
SIM5
SIM1
SIM2
SIM3
SIM4
1
21
22
SIM5
SIM1
SIM2
SIM3
SIM4
1
21
22
SIM5
SIM1
SIM2
SIM3
SIM4
1
21
22
SIM5
SIM1
SIM2
SIM3
SIM4
1
21
22
SIM5
SIM1
SIM2
SIM3
SIM4
1
21
22
SIM5
SIM1
SIM2
DEBUG 1 826
SIM1
SIM2
SIM3
SIM4
1
21
22
SIM5
SIM1
SIM2
SIM3
SIM4
1
21
22
SIM5
SIM1
SIM2
SIM3
SIM4
1
21
22
SIM5
SIM1
SIM2
SIM3
SIM4
1
21
22
SIM5
SIM1
SIM2
SIM3
SIM4
1
21
22
SIM5
SIM1
SIM2
SIM3
SIM4
1
21
22
SIM5
SIM1
SIM2
SIM3
SIM4
1
21
22
SIM5
SIM1
SIM2
SIM3
SIM4
1
21
22
SIM5
SIM1
SIM2
SIM3
SIM4
1
21
22
SIM5
SIM1
SIM2
SIM3
SIM4
1
21
22
SIM5
SIM1
SIM2
SIM3
SIM4
1
21
22
SIM5
SIM1
SIM2
SIM3
SIM4
1
21
22
SIM5
SIM1
SIM2
SIM3
SIM4
1
21
22
SIM5
SIM1
SIM2
SIM3
SIM4
1
21
22
SIM5
SIM1
SIM2
SIM3
SIM4
1
21
22
SIM5
SIM1
SIM2
SIM3
SIM4
1
21
22
SIM5
SIM1
SIM2
SIM3
SIM4
1
21
22
SIM5
SIM1
SIM2
SIM3
SIM4
1
21
22
SIM5
SIM1
SIM2
SIM3
SIM4
1
21
22
SIM5
SIM1
SIM2
SIM3
SIM4
1
21
22
SIM5
SIM1
SIM2
SIM3
SIM4
1
21
22
SIM5
SIM1
SIM2
SIM3
SIM4
1
21
22
SIM5
SIM1
SIM2
SIM3
SIM4
1
21
22
SIM5
SIM1
SIM2
SIM3
SIM4
1
21
22
SIM5
SIM1
SIM2
SIM3
SIM4
1
21
22
SIM5
SIM1
SIM2
SIM3
SIM4
1
21
22
SIM5
SIM1
SIM2
SIM3
SIM4
1
21
22
SIM5
SIM1
SIM2
SIM3
SIM4
1
21
22
SIM5
SIM1
SIM2
SIM3
SIM4
1
21
22
SIM5
SIM1
SIM2
SIM3
SIM4
1
21
22
SIM5
SIM1
SIM2
SIM3
SIM4
1
21
22
SIM5
SIM1
SIM2
SIM3
SIM4
1
21
22
SIM5
SIM1
SIM2
SIM3
SIM4
1
21
22
SIM5
SIM1
SIM2
SIM3
SIM4
1
21
22
SIM5
SIM1
SIM2
SIM3
SIM4
1
21
22
SIM5
SIM1
SIM2
SIM3
SIM4
1
21
22
SIM5
SIM1
SIM2
SIM3
SIM4
1
21
22
SIM5
SIM1
SIM2
SIM3
SIM4
1
21
22
SIM5
SIM1
SIM2
SIM3
SIM4
1
21
22
SIM5
SIM1
SIM2
SIM3
SIM4
1
21
22
SIM5
SIM1
SIM2
SIM3
SIM4
1
21
22
SIM5
SIM1
SIM2
SIM3
SIM4
1
21
22
SIM5
SIM1
SIM2
SIM3
SIM4
1
21
22
SIM5
SIM1
SIM2
SIM3
SIM4
1
21
22
SIM5
SIM1
SIM2
SIM3
SIM4
1
21
22
SIM5
SIM1
SIM2
SIM3
SIM4
1
21
22
SIM5
SIM1
SIM2
SIM3
SIM4
1
21
22
SIM5
SIM1
SIM2
SIM3
SIM4
1
21
22
SIM5
SIM1
SIM2
SIM3
SIM4
1
21
22
SIM5
SIM1
SIM2
SIM3
SIM4
1
21
22
SIM5
SIM1
SIM2
SIM3
SIM4
1
21
22
SIM5
SIM1
SIM2
SIM3
SIM4
1
21
22
SIM5
SIM1
SIM2
SIM3
SIM4
1
21
22
SIM5
SIM1
SIM2
SIM3
SIM4
1
21
22
SIM5
SIM1
SIM2
SIM3
SIM4
1
21
22
SIM5
SIM1
SIM2
SIM3
SIM4
1
21
22
SIM5
SIM1
SIM2
SIM3
SIM4
1
21
22
SIM5
SIM1
SIM2
SIM3
SIM4
1
21
22
SIM5
SIM1
SIM2
SIM3
SIM4
1
21
22
SIM5
SIM1
SIM2
SIM3
SIM4
1
21
22
SIM5
SIM1
SIM2
SIM3
SIM4
1
21
22
SIM5
SIM1
SIM2
SIM3
SIM4
1
21
22
SIM5
SIM1
SIM2
SIM3
SIM4
1
21
22
SIM5
SIM1
SIM2
SIM3
SIM4
1
21
22
SIM5
SIM1
SIM2
SIM3
SIM4
1
21
22
SIM5
SIM1
SIM2
SIM3
SIM4
1
21
22
SIM5
SIM1
SIM2
SIM3
SIM4
1
21
22
SIM5
SIM1
SIM2
SIM3
SIM4
1
21
22
SIM5
SIM1
SIM2
SIM3
SIM4
1
21
22
SIM5
SIM1
SIM2
SIM3
SIM4
1
21
22
SIM5
SIM1
SIM2
SIM3
SIM4
1
21
22
SIM5
SIM1
SIM2
SIM3
SIM4
1
21
22
SIM5
SIM1
SIM2
SIM3
SIM4
1
21
22
SIM5
SIM1
SIM2
SIM3
SIM4
1
21
22
SIM5
SIM1
SIM2
SIM3
SIM4
1
21
22
SIM5
SIM1
SIM2
SIM3
SIM4
1
21
22
SIM5
SIM1
SIM2
SIM3
SIM4
1
21
22
SIM5
SIM1
SIM2
SIM3
SIM4
1
21
22
SIM5
SIM1
SIM2
SIM3
SIM4
1
21
22
SIM5
SIM1
SIM2
SIM3
SIM4
1
21
22
SIM5
SIM1
SIM2
SIM3
SIM4
1
21
22
SIM5
SIM1
SIM2
SIM3
SIM4
1
21
22
SIM5
SIM1
SIM2
SIM3
SIM4
1
21
22
SIM5
SIM1
SIM2
SIM3
SIM4
1
21
22
SIM5
SIM1
SIM2
SIM3
SIM4
1
21
22
SIM5
SIM1
SIM2
SIM3
SIM4
1
21
22
SIM5
SIM1
SIM2
SIM3
SIM4
1
21
22
SIM5
SIM1
SIM2
SIM3
SIM4
1
21
22
SIM5
SIM1
SIM2
SIM3
SIM4
1
21
22
SIM5
SIM1
SIM2
SIM3
SIM4
1
21
22
SIM5
SIM1
SIM2
SIM3
SIM4
1
21
22
SIM5
SIM1
SIM2
SIM3
SIM4
1
21
22
SIM5
SIM1
SIM2
SIM3
SIM4
1
21
22
SIM5
SIM1
SIM2
SIM3
SIM4
1
21
22
SIM5
SIM1
SIM2
SIM3
SIM4
1
21
22
SIM5
SIM1
SIM2
SIM3
SIM4
1
21
22
SIM5
SIM1
SIM2
SIM3
SIM4
1
21
22
SIM5
SIM1
SIM2
SIM3
SIM4
1
21
22
SIM5
SIM1
SIM2
SIM3
SIM4
1
21
22
SIM5
SIM1
SIM2
SIM3
SIM4
1
21
22
SIM5
SIM1
SIM2
SIM3
SIM4
1
21
22
SIM5
SIM1
SIM2
SIM3
SIM4
1
21
22
SIM5
SIM1
SIM2
SIM3
SIM4
1
21
22
SIM5
SIM1
SIM2
SIM3
SIM4
1
21
22
SIM5
SIM1
SIM2
SIM3
SIM4
1
21
22
SIM5
SIM1
SIM2
SIM3
SIM4
1
21
22
SIM5
SIM1
SIM2
SIM3
SIM4
1
21
22
SIM5
SIM1
SIM2
SIM3
SIM4
1
21
22
SIM5
SIM1
SIM2
SIM3
SIM4
1
21
22
SIM5
SIM1
SIM2
SIM3
SIM4
1
21
22
SIM5
SIM1
SIM2
SIM3
SIM4
1
21
22
SIM5
SIM1
SIM2
SIM3
SIM4
1
21
22
SIM5
SIM1
SIM2
SIM3
SIM4
1
21
22
SIM5
SIM1
SIM2
SIM3
SIM4
1
21
22
SIM5
SIM1
SIM2
SIM3
SIM4
1
21
22
SIM5
SIM1
SIM2
SIM3
SIM4
1
21
22
SIM5
SIM1
SIM2
SIM3
SIM4
1
21
22
SIM5
SIM1
SIM2
SIM3
SIM4
1
21
22
SIM5
SIM1
SIM2
SIM3
SIM4
1
21
22
SIM5
SIM1
SIM2
SIM3
SIM4
1
21
22
SIM5
SIM1
SIM2
SIM3
SIM4
1
21
22
SIM5
SIM1
SIM2
SIM3
SIM4
1
21
22
SIM5
SIM1
SIM2
SIM3
SIM4
1
21
22
SIM5
SIM1
SIM2
SIM3
SIM4
1
21
22
SIM5
SIM1
SIM2
SIM3
SIM4
1
21
22
SIM5
SIM1
SIM2
SIM3
SIM4
1
21
22
SIM5
SIM1
SIM2
SIM3
SIM4
1
21
22
SIM5
SIM1
SIM2
SIM3
SIM4
1
21
22
SIM5
SIM1
SIM2
SIM3
SIM4
1
21
22
SIM5
SIM1
SIM2
SIM3
SIM4
1
21
22
SIM5
SIM1
SIM2
SIM3
SIM4
1
21
22
SIM5
SIM1
SIM2
SIM3
SIM4
1
21
22
SIM5
SIM1
SIM2
SIM3
SIM4
1
21
22
SIM5
SIM1
SIM2
SIM3
SIM4
1
21
22
SIM5
SIM1
SIM2
SIM3
SIM4
1
21
22
SIM5
SIM1
SIM2
SIM3
SIM4
1
21
22
SIM5
SIM1
SIM2
SIM3
SIM4
1
21
22
SIM5
SIM1
SIM2
SIM3
SIM4
1
21
22
SIM5
SIM1
SIM2
SIM3
SIM4
1
21
22
SIM5
SIM1
SIM2
SIM3
SIM4
1
21
22
SIM5
SIM1
SIM2
SIM3
SIM4
1
21
22
SIM5
SIM1
SIM2
SIM3
SIM4
1
21
22
SIM5
SIM1
SIM2
SIM3
SIM4
1
21
22
SIM5
SIM1
SIM2
SIM3
SIM4
1
21
22
SIM5
SIM1
SIM2
SIM3
SIM4
1
21
22
SIM5
SIM1
SIM2
SIM3
SIM4
1
21
22
SIM5
SIM1
SIM2
SIM3
SIM4
1
21
22
SIM5
SIM1
SIM2
SIM3
SIM4
1
21
22
SIM5
SIM1
SIM2
SIM3
SIM4
1
21
22
SIM5
SIM1
SIM2
SIM3
SIM4
1
21
22
SIM5
SIM1
SIM2
SIM3
SIM4
1
21
22
SIM5
SIM1
SIM2
SIM3
SIM4
1
21
22
SIM5
SIM1
SIM2
SIM3
SIM4
1
21
22
SIM5
SIM1
SIM2
SIM3
SIM4
1
21
22
SIM5
SIM1
SIM2
SIM3
SIM4
1
21
22
SIM5
SIM1
SIM2
SIM3
SIM4
1
21
22
SIM5
SIM1
SIM2
SIM3
SIM4
1
21
22
SIM5
SIM1
SIM2
SIM3
SIM4
1
21
22
SIM5
SIM1
SIM2
SIM3
SIM4
1
21
22
SIM5
SIM1
SIM2
SIM3
SIM4
1
21
22
SIM5
SIM1
SIM2
SIM3
SIM4
1
21
22
SIM5
SIM1
SIM2
SIM3
SIM4
1
21
22
SIM5
SIM1
SIM2
SIM3
SIM4
1
21
22
SIM5
SIM1
SIM2
SIM3
SIM4
1
21
22
SIM5
SIM1
SIM2
SIM3
SIM4
1
21
22
SIM5
SIM1
SIM2
SIM3
SIM4
1
21
22
SIM5
SIM1
SIM2
SIM3
SIM4
1
21
22
SIM5
SIM1
SIM2
SIM3
SIM4
1
21
22
SIM5
SIM1
SIM2
SIM3
SIM4
1
21
22
SIM5
SIM1
SIM2
SIM3
SIM4
1
21
22
SIM5
SIM1
SIM2
SIM3
SIM4
1
21
22
SIM5
SIM1
SIM2
SIM3
SIM4
1
21
22
SIM5
SIM1
SIM2
SIM3
SIM4
1
21
22
SIM5
SIM1
SIM2
SIM3
SIM4
1
21
22
SIM5
SIM1
SIM2
SIM3
SIM4
1
21
22
SIM5
SIM1
SIM2
SIM3
SIM4
1
21
22
SIM5
SIM1
SIM2
SIM3
SIM4
1
21
22
SIM5
SIM1
SIM2
SIM3
SIM4
1
21
22
SIM5
SIM1
SIM2
DEBUG 1 827
SIM1
SIM2
SIM3
SIM4
1
21
22
SIM5
SIM1
SIM2
SIM3
SIM4
1
21
22
SIM5
SIM1
SIM2
SIM3
SIM4
1
21
22
SIM5
SIM1
SIM2
SIM3
SIM4
1
21
22
SIM5
SIM1
SIM2
SIM3
SIM4
1
21
22
SIM5
SIM1
SIM2
SIM3
SIM4
1
21
22
SIM5
SIM1
SIM2
SIM3
SIM4
1
21
22
SIM5
SIM1
SIM2
SIM3
SIM4
1
21
22
SIM5
SIM1
SIM2
SIM3
SIM4
1
21
22
SIM5
SIM1
SIM2
SIM3
SIM4
1
21
22
SIM5
SIM1
SIM2
SIM3
SIM4
1
21
22
SIM5
SIM1
SIM2
SIM3
SIM4
1
21
22
SIM5
SIM1
SIM2
SIM3
SIM4
1
21
22
SIM5
SIM1
SIM2
SIM3
SIM4
1
21
22
SIM5
SIM1
SIM2
SIM3
SIM4
1
21
22
SIM5
SIM1
SIM2
SIM3
SIM4
1
21
22
SIM5
SIM1
SIM2
SIM3
SIM4
1
21
22
SIM5
SIM1
SIM2
SIM3
SIM4
1
21
22
SIM5
SIM1
SIM2
SIM3
SIM4
1
21
22
SIM5
SIM1
SIM2
SIM3
SIM4
1
21
22
SIM5
SIM1
SIM2
SIM3
SIM4
1
21
22
SIM5
SIM1
SIM2
SIM3
SIM4
1
21
22
SIM5
SIM1
SIM2
SIM3
SIM4
1
21
22
SIM5
SIM1
SIM2
SIM3
SIM4
1
21
22
SIM5
SIM1
SIM2
SIM3
SIM4
1
21
22
SIM5
SIM1
SIM2
SIM3
SIM4
1
21
22
SIM5
SIM1
SIM2
SIM3
SIM4
1
21
22
SIM5
SIM1
SIM2
SIM3
SIM4
1
21
22
SIM5
SIM1
SIM2
SIM3
SIM4
1
21
22
SIM5
SIM1
SIM2
SIM3
SIM4
1
21
22
SIM5
SIM1
SIM2
SIM3
SIM4
1
21
22
SIM5
SIM1
SIM2
SIM3
SIM4
1
21
22
SIM5
SIM1
SIM2
SIM3
SIM4
1
21
22
SIM5
SIM1
SIM2
SIM3
SIM4
1
21
22
SIM5
SIM1
SIM2
SIM3
SIM4
1
21
22
SIM5
SIM1
SIM2
SIM3
SIM4
1
21
22
SIM5
SIM1
SIM2
SIM3
SIM4
1
21
22
SIM5
SIM1
SIM2
SIM3
SIM4
1
21
22
SIM5
SIM1
SIM2
SIM3
SIM4
1
21
22
SIM5
SIM1
SIM2
SIM3
SIM4
1
21
22
SIM5
SIM1
SIM2
SIM3
SIM4
1
21
22
SIM5
SIM1
SIM2
SIM3
SIM4
1
21
22
SIM5
SIM1
SIM2
SIM3
SIM4
1
21
22
SIM5
SIM1
SIM2
SIM3
SIM4
1
21
22
SIM5
SIM1
SIM2
SIM3
SIM4
1
21
22
SIM5
SIM1
SIM2
SIM3
SIM4
1
21
22
SIM5
SIM1
SIM2
SIM3
SIM4
1
21
22
SIM5
SIM1
SIM2
SIM3
SIM4
1
21
22
SIM5
SIM1
SIM2
SIM3
SIM4
1
21
22
SIM5
SIM1
SIM2
SIM3
SIM4
1
21
22
SIM5
SIM1
SIM2
SIM3
SIM4
1
21
22
SIM5
SIM1
SIM2
SIM3
SIM4
1
21
22
SIM5
SIM1
SIM2
SIM3
SIM4
1
21
22
SIM5
SIM1
SIM2
SIM3
SIM4
1
21
22
SIM5
SIM1
SIM2
SIM3
SIM4
1
21
22
SIM5
SIM1
SIM2
SIM3
SIM4
1
21
22
SIM5
SIM1
SIM2
SIM3
SIM4
1
21
22
SIM5
SIM1
SIM2
SIM3
SIM4
1
21
22
SIM5
SIM1
SIM2
SIM3
SIM4
1
21
22
SIM5
SIM1
SIM2
SIM3
SIM4
1
21
22
SIM5
SIM1
SIM2
SIM3
SIM4
1
21
22
SIM5
SIM1
SIM2
SIM3
SIM4
1
21
22
SIM5
SIM1
SIM2
SIM3
SIM4
1
21
22
SIM5
SIM1
SIM2
SIM3
SIM4
1
21
22
SIM5
SIM1
SIM2
SIM3
SIM4
1
21
22
SIM5
SIM1
SIM2
SIM3
SIM4
1
21
22
SIM5
SIM1
SIM2
SIM3
SIM4
1
21
22
SIM5
SIM1
SIM2
SIM3
SIM4
1
21
22
SIM5
SIM1
SIM2
SIM3
SIM4
1
21
22
SIM5
SIM1
SIM2
SIM3
SIM4
1
21
22
SIM5
SIM1
SIM2
SIM3
SIM4
1
21
22
SIM5
SIM1
SIM2
SIM3
SIM4
1
21
22
SIM5
SIM1
SIM2
SIM3
SIM4
1
21
22
SIM5
SIM1
SIM2
SIM3
SIM4
1
21
22
SIM5
SIM1
SIM2
SIM3
SIM4
1
21
22
SIM5
SIM1
SIM2
SIM3
SIM4
1
21
22
SIM5
SIM1
SIM2
SIM3
SIM4
1
21
22
SIM5
SIM1
SIM2
SIM3
SIM4
1
21
22
SIM5
SIM1
SIM2
SIM3
SIM4
1
21
22
SIM5
SIM1
SIM2
SIM3
SIM4
1
21
22
SIM5
SIM1
SIM2
SIM3
SIM4
1
21
22
SIM5
SIM1
SIM2
SIM3
SIM4
1
21
22
SIM5
SIM1
SIM2
SIM3
SIM4
1
21
22
SIM5
SIM1
SIM2
SIM3
SIM4
1
21
22
SIM5
SIM1
SIM2
SIM3
SIM4
1
21
22
SIM5
SIM1
SIM2
SIM3
SIM4
1
21
22
SIM5
SIM1
SIM2
SIM3
SIM4
1
21
22
SIM5
SIM1
SIM2
SIM3
SIM4
1
21
22
SIM5
SIM1
SIM2
SIM3
SIM4
1
21
22
SIM5
SIM1
SIM2
SIM3
SIM4
1
21
22
SIM5
SIM1
SIM2
SIM3
SIM4
1
21
22
SIM5
SIM1
SIM2
SIM3
SIM4
1
21
22
SIM5
SIM1
SIM2
SIM3
SIM4
1
21
22
SIM5
SIM1
SIM2
SIM3
SIM4
1
21
22
SIM5
SIM1
SIM2
SIM3
SIM4
1
21
22
SIM5
SIM1
SIM2
SIM3
SIM4
1
21
22
SIM5
SIM1
SIM2
SIM3
SIM4
1
21
22
SIM5
SIM1
SIM2
SIM3
SIM4
1
21
22
SIM5
SIM1
SIM2
SIM3
SIM4
1
21
22
SIM5
SIM1
SIM2
SIM3
SIM4
1
21
22
SIM5
SIM1
SIM2
SIM3
SIM4
1
21
22
SIM5
SIM1
SIM2
SIM3
SIM4
1
21
22
SIM5
SIM1
SIM2
SIM3
SIM4
1
21
22
SIM5
SIM1
SIM2
SIM3
SIM4
1
21
22
SIM5
SIM1
SIM2
SIM3
SIM4
1
21
22
SIM5
SIM1
SIM2
SIM3
SIM4
1
21
22
SIM5
SIM1
SIM2
SIM3
SIM4
1
21
22
SIM5
SIM1
SIM2
SIM3
SIM4
1
21
22
SIM5
SIM1
SIM2
SIM3
SIM4
1
21
22
SIM5
SIM1
SIM2
SIM3
SIM4
1
21
22
SIM5
SIM1
SIM2
SIM3
SIM4
1
21
22
SIM5
SIM1
SIM2
SIM3
SIM4
1
21
22
SIM5
SIM1
SIM2
SIM3
SIM4
1
21
22
SIM5
SIM1
SIM2
SIM3
SIM4
1
21
22
SIM5
SIM1
SIM2
SIM3
SIM4
1
21
22
SIM5
SIM1
SIM2
SIM3
SIM4
1
21
22
SIM5
SIM1
SIM2
SIM3
SIM4
1
21
22
SIM5
SIM1
SIM2
SIM3
SIM4
1
21
22
SIM5
SIM1
SIM2
SIM3
SIM4
1
21
22
SIM5
SIM1
SIM2
SIM3
SIM4
1
21
22
SIM5
SIM1
SIM2
SIM3
SIM4
1
21
22
SIM5
SIM1
SIM2
SIM3
SIM4
1
21
22
SIM5
SIM1
SIM2
SIM3
SIM4
1
21
22
SIM5
SIM1
SIM2
SIM3
SIM4
1
21
22
SIM5
SIM1
SIM2
SIM3
SIM4
1
21
22
SIM5
SIM1
SIM2
SIM3
SIM4
1
21
22
SIM5
SIM1
SIM2
SIM3
SIM4
1
21
22
SIM5
SIM1
SIM2
SIM3
SIM4
1
21
22
SIM5
SIM1
SIM2
SIM3
SIM4
1
21
22
SIM5
SIM1
SIM2
SIM3
SIM4
1
21
22
SIM5
SIM1
SIM2
SIM3
SIM4
1
21
22
SIM5
SIM1
SIM2
SIM3
SIM4
1
21
22
SIM5
SIM1
SIM2
SIM3
SIM4
1
21
22
SIM5
SIM1
SIM2
SIM3
SIM4
1
21
22
SIM5
SIM1
SIM2
SIM3
SIM4
1
21
22
SIM5
SIM1
SIM2
SIM3
SIM4
1
21
22
SIM5
SIM1
SIM2
SIM3
SIM4
1
21
22
SIM5
SIM1
SIM2
SIM3
SIM4
1
21
22
SIM5
SIM1
SIM2
SIM3
SIM4
1
21
22
SIM5
SIM1
SIM2
SIM3
SIM4
1
21
22
SIM5
SIM1
SIM2
SIM3
SIM4
1
21
22
SIM5
SIM1
SIM2
SIM3
SIM4
1
21
22
SIM5
SIM1
SIM2
SIM3
SIM4
1
21
22
SIM5
SIM1
SIM2
SIM3
SIM4
1
21
22
SIM5
SIM1
SIM2
SIM3
SIM4
1
21
22
SIM5
SIM1
SIM2
SIM3
SIM4
1
21
22
SIM5
SIM1
SIM2
SIM3
SIM4
1
21
22
SIM5
SIM1
SIM2
SIM3
SIM4
1
21
22
SIM5
SIM1
SIM2
SIM3
SIM4
1
21
22
SIM5
SIM1
SIM2
SIM3
SIM4
1
21
22
SIM5
SIM1
SIM2
SIM3
SIM4
1
21
22
SIM5
SIM1
SIM2
SIM3
SIM4
1
21
22
SIM5
SIM1
SIM2
SIM3
SIM4
1
21
22
SIM5
SIM1
SIM2
SIM3
SIM4
1
21
22
SIM5
SIM1
SIM2
SIM3
SIM4
1
21
22
SIM5
SIM1
SIM2
SIM3
SIM4
1
21
22
SIM5
SIM1
SIM2
SIM3
SIM4
1
21
22
SIM5
SIM1
SIM2
SIM3
SIM4
1
21
22
SIM5
SIM1
SIM2
SIM3
SIM4
1
21
22
SIM5
SIM1
SIM2
SIM3
SIM4
1
21
22
SIM5
SIM1
SIM2
SIM3
SIM4
1
21
22
SIM5
SIM1
SIM2
SIM3
SIM4
1
21
22
SIM5
SIM1
SIM2
SIM3
SIM4
1
21
22
SIM5
SIM1
SIM2
SIM3
SIM4
1
21
22
SIM5
SIM1
SIM2
SIM3
SIM4
1
21
22
SIM5
SIM1
SIM2
SIM3
SIM4
1
21
22
SIM5
SIM1
SIM2
SIM3
SIM4
1
21
22
SIM5
SIM1
SIM2
SIM3
SIM4
1
21
22
SIM5
SIM1
SIM2
SIM3
SIM4
1
21
22
SIM5
SIM1
SIM2
SIM3
SIM4
1
21
22
SIM5
SIM1
SIM2
SIM3
SIM4
1
21
22
SIM5
SIM1
SIM2
SIM3
SIM4
1
21
22
SIM5
SIM1
SIM2
SIM3
SIM4
1
21
22
SIM5
SIM1
SIM2
SIM3
SIM4
1
21
22
SIM5
SIM1
SIM2
SIM3
SIM4
1
21
22
SIM5
SIM1
SIM2
SIM3
SIM4
1
21
22
SIM5
SIM1
SIM2
SIM3
SIM4
1
21
22
SIM5
SIM1
SIM2
SIM3
SIM4
1
21
22
SIM5
SIM1
SIM2
SIM3
SIM4
1
21
22
SIM5
SIM1
SIM2
SIM3
SIM4
1
21
22
SIM5
SIM1
SIM2
SIM3
SIM4
1
21
22
SIM5
SIM1
SIM2
SIM3
SIM4
1
21
22
SIM5
SIM1
SIM2
SIM3
SIM4
1
21
22
SIM5
SIM1
SIM2
SIM3
SIM4
1
21
22
SIM5
SIM1
SIM2
SIM3
SIM4
1
21
22
SIM5
SIM1
SIM2
SIM3
SIM4
1
21
22
SIM5
SIM1
SIM2
SIM3
SIM4
1
21
22
SIM5
SIM1
SIM2
SIM3
SIM4
1
21
22
SIM5
SIM1
SIM2
SIM3
SIM4
1
21
22
SIM5
SIM1
SIM2
SIM3
SIM4
1
21
22
SIM5
SIM1
SIM2
SIM3
SIM4
1
21
22
SIM5
SIM1
SIM2
SIM3
SIM4
1
21
22
SIM5
SIM1
SIM2
SIM3
SIM4
1
21
22
SIM5
SIM1
SIM2
SIM3
SIM4
1
21
22
SIM5
SIM1
SIM2
SIM3
SIM4
1
21
22
SIM5
SIM1
SIM2
SIM3
SIM4
1
21
22
SIM5
SIM1
SIM2
SIM3
SIM4
1
21
22
SIM5
SIM1
SIM2
SIM3
SIM4
1
21
22
SIM5
SIM1
SIM2
SIM3
SIM4
1
21
22
SIM5
SIM1
SIM2
SIM3
SIM4
1
21
22
SIM5
SIM1
SIM2
SIM3
SIM4
1
21
22
SIM5
SIM1
SIM2
SIM3
SIM4
1
21
22
SIM5
SIM1
SIM2
SIM3
SIM4
1
21
22
SIM5
SIM1
SIM2
SIM3
SIM4
1
21
22
SIM5
SIM1
SIM2
SIM3
SIM4
1
21
22
SIM5
SIM1
SIM2
SIM3
SIM4
1
21
22
SIM5
SIM1
SIM2
SIM3
SIM4
1
21
22
SIM5
SIM1
SIM2
SIM3
SIM4
1
21
22
SIM5
SIM1
SIM2
SIM3
SIM4
1
21
22
SIM5
SIM1
SIM2
SIM3
SIM4
1
21
22
SIM5
SIM1
SIM2
SIM3
SIM4
1
21
22
SIM5
SIM1
SIM2
SIM3
SIM4
1
21
22
SIM5
SIM1
SIM2
SIM3
SIM4
1
21
22
SIM5
SIM1
SIM2
SIM3
SIM4
1
21
22
SIM5
SIM1
SIM2
SIM3
SIM4
1
21
22
SIM5
SIM1
SIM2
SIM3
SIM4
1
21
22
SIM5
SIM1
SIM2
SIM3
SIM4
1
21
22
SIM5
SIM1
SIM2
SIM3
SIM4
1
21
22
SIM5
SIM1
SIM2
SIM3
SIM4
1
21
22
SIM5
SIM1
SIM2
SIM3
SIM4
1
21
22
SIM5
SIM1
SIM2
SIM3
SIM4
1
21
22
SIM5
SIM1
SIM2
SIM3
SIM4
1
21
22
SIM5
SIM1
SIM2
SIM3
SIM4
1
21
22
SIM5
SIM1
SIM2
SIM3
SIM4
1
21
22
SIM5
SIM1
SIM2
SIM3
SIM4
1
21
22
SIM5
SIM1
SIM2
SIM3
SIM4
1
21
22
SIM5
SIM1
SIM2
SIM3
SIM4
1
21
22
SIM5
SIM1
SIM2
SIM3
SIM4
1
21
22
SIM5
SIM1
SIM2
SIM3
SIM4
1
21
22
SIM5
SIM1
SIM2
SIM3
SIM4
1
21
22
SIM5
SIM1
SIM2
SIM3
SIM4
1
21
22
SIM5
SIM1
SIM2
SIM3
SIM4
1
21
22
SIM5
SIM1
SIM2
SIM3
SIM4
1
21
22
SIM5
SIM1
SIM2
SIM3
SIM4
1
21
22
SIM5
SIM1
SIM2
SIM3
SIM4
1
21
22
SIM5
SIM1
SIM2
SIM3
SIM4
1
21
22
SIM5
SIM1
SIM2
SIM3
SIM4
1
21
22
SIM5
SIM1
SIM2
SIM3
SIM4
1
21
22
SIM5
SIM1
SIM2
SIM3
SIM4
1
21
22
SIM5
SIM1
SIM2
SIM3
SIM4
1
21
22
SIM5
SIM1
SIM2
SIM3
SIM4
1
21
22
SIM5
SIM1
SIM2
SIM3
SIM4
1
21
22
SIM5
SIM1
SIM2
SIM3
SIM4
1
21
22
SIM5
SIM1
SIM2
SIM3
SIM4
1
21
22
SIM5
SIM1
SIM2
SIM3
SIM4
1
21
22
SIM5
SIM1
SIM2
SIM3
SIM4
1
21
22
SIM5
SIM1
SIM2
SIM3
SIM4
1
21
22
SIM5
SIM1
SIM2
SIM3
SIM4
1
21
22
SIM5
SIM1
SIM2
SIM3
SIM4
1
21
22
SIM5
SIM1
SIM2
SIM3
SIM4
1
21
22
SIM5
SIM1
SIM2
SIM3
SIM4
1
21
22
SIM5
SIM1
SIM2
SIM3
SIM4
1
21
22
SIM5
SIM1
SIM2
SIM3
SIM4
1
21
22
SIM5
SIM1
SIM2
SIM3
SIM4
1
21
22
SIM5
SIM1
SIM2
SIM3
SIM4
1
21
22
SIM5
SIM1
SIM2
SIM3
SIM4
1
21
22
SIM5
SIM1
SIM2
SIM3
SIM4
1
21
22
SIM5
SIM1
SIM2
SIM3
SIM4
1
21
22
SIM5
SIM1
SIM2
SIM3
SIM4
1
21
22
SIM5
SIM1
SIM2
SIM3
SIM4
1
21
22
SIM5
SIM1
SIM2
SIM3
SIM4
1
21
22
SIM5
SIM1
SIM2
SIM3
SIM4
1
21
22
SIM5
SIM1
SIM2
SIM3
SIM4
1
21
22
SIM5
SIM1
SIM2
SIM3
SIM4
1
21
22
SIM5
SIM1
SIM2
SIM3
SIM4
1
21
22
SIM5
SIM1
SIM2
SIM3
SIM4
1
21
22
SIM5
SIM1
SIM2
SIM3
SIM4
1
21
22
SIM5
SIM1
SIM2
SIM3
SIM4
1
21
22
SIM5
SIM1
SIM2
SIM3
SIM4
1
21
22
SIM5
SIM1
SIM2
SIM3
SIM4
1
21
22
SIM5
SIM1
SIM2
DEBUG 1 828
SIM1
SIM2
SIM3
SIM4
1
21
22
SIM5
SIM1
SIM2
SIM3
SIM4
1
21
22
SIM5
SIM1
SIM2
SIM3
SIM4
1
21
22
SIM5
SIM1
SIM2
SIM3
SIM4
1
21
22
SIM5
SIM1
SIM2
SIM3
SIM4
1
21
22
SIM5
SIM1
SIM2
SIM3
SIM4
1
21
22
SIM5
SIM1
SIM2
SIM3
SIM4
1
21
22
SIM5
SIM1
SIM2
SIM3
SIM4
1
21
22
SIM5
SIM1
SIM2
SIM3
SIM4
1
21
22
SIM5
SIM1
SIM2
SIM3
SIM4
1
21
22
SIM5
SIM1
SIM2
SIM3
SIM4
1
21
22
SIM5
SIM1
SIM2
SIM3
SIM4
1
21
22
SIM5
SIM1
SIM2
SIM3
SIM4
1
21
22
SIM5
SIM1
SIM2
SIM3
SIM4
1
21
22
SIM5
SIM1
SIM2
SIM3
SIM4
1
21
22
SIM5
SIM1
SIM2
SIM3
SIM4
1
21
22
SIM5
SIM1
SIM2
SIM3
SIM4
1
21
22
SIM5
SIM1
SIM2
SIM3
SIM4
1
21
22
SIM5
SIM1
SIM2
SIM3
SIM4
1
21
22
SIM5
SIM1
SIM2
SIM3
SIM4
1
21
22
SIM5
SIM1
SIM2
SIM3
SIM4
1
21
22
SIM5
SIM1
SIM2
SIM3
SIM4
1
21
22
SIM5
SIM1
SIM2
SIM3
SIM4
1
21
22
SIM5
SIM1
SIM2
SIM3
SIM4
1
21
22
SIM5
SIM1
SIM2
SIM3
SIM4
1
21
22
SIM5
SIM1
SIM2
SIM3
SIM4
1
21
22
SIM5
SIM1
SIM2
SIM3
SIM4
1
21
22
SIM5
SIM1
SIM2
SIM3
SIM4
1
21
22
SIM5
SIM1
SIM2
SIM3
SIM4
1
21
22
SIM5
SIM1
SIM2
SIM3
SIM4
1
21
22
SIM5
SIM1
SIM2
SIM3
SIM4
1
21
22
SIM5
SIM1
SIM2
SIM3
SIM4
1
21
22
SIM5
SIM1
SIM2
SIM3
SIM4
1
21
22
SIM5
SIM1
SIM2
SIM3
SIM4
1
21
22
SIM5
SIM1
SIM2
SIM3
SIM4
1
21
22
SIM5
SIM1
SIM2
SIM3
SIM4
1
21
22
SIM5
SIM1
SIM2
SIM3
SIM4
1
21
22
SIM5
SIM1
SIM2
SIM3
SIM4
1
21
22
SIM5
SIM1
SIM2
SIM3
SIM4
1
21
22
SIM5
SIM1
SIM2
SIM3
SIM4
1
21
22
SIM5
SIM1
SIM2
SIM3
SIM4
1
21
22
SIM5
SIM1
SIM2
SIM3
SIM4
1
21
22
SIM5
SIM1
SIM2
SIM3
SIM4
1
21
22
SIM5
SIM1
SIM2
SIM3
SIM4
1
21
22
SIM5
SIM1
SIM2
SIM3
SIM4
1
21
22
SIM5
SIM1
SIM2
SIM3
SIM4
1
21
22
SIM5
SIM1
SIM2
SIM3
SIM4
1
21
22
SIM5
SIM1
SIM2
SIM3
SIM4
1
21
22
SIM5
SIM1
SIM2
SIM3
SIM4
1
21
22
SIM5
SIM1
SIM2
SIM3
SIM4
1
21
22
SIM5
SIM1
SIM2
SIM3
SIM4
1
21
22
SIM5
SIM1
SIM2
SIM3
SIM4
1
21
22
SIM5
SIM1
SIM2
SIM3
SIM4
1
21
22
SIM5
SIM1
SIM2
SIM3
SIM4
1
21
22
SIM5
SIM1
SIM2
SIM3
SIM4
1
21
22
SIM5
SIM1
SIM2
SIM3
SIM4
1
21
22
SIM5
SIM1
SIM2
SIM3
SIM4
1
21
22
SIM5
SIM1
SIM2
SIM3
SIM4
1
21
22
SIM5
SIM1
SIM2
SIM3
SIM4
1
21
22
SIM5
SIM1
SIM2
SIM3
SIM4
1
21
22
SIM5
SIM1
SIM2
SIM3
SIM4
1
21
22
SIM5
SIM1
SIM2
SIM3
SIM4
1
21
22
SIM5
SIM1
SIM2
SIM3
SIM4
1
21
22
SIM5
SIM1
SIM2
SIM3
SIM4
1
21
22
SIM5
SIM1
SIM2
SIM3
SIM4
1
21
22
SIM5
SIM1
SIM2
SIM3
SIM4
1
21
22
SIM5
SIM1
SIM2
SIM3
SIM4
1
21
22
SIM5
SIM1
SIM2
SIM3
SIM4
1
21
22
SIM5
SIM1
SIM2
SIM3
SIM4
1
21
22
SIM5
SIM1
SIM2
SIM3
SIM4
1
21
22
SIM5
SIM1
SIM2
SIM3
SIM4
1
21
22
SIM5
SIM1
SIM2
SIM3
SIM4
1
21
22
SIM5
SIM1
SIM2
SIM3
SIM4
1
21
22
SIM5
SIM1
SIM2
SIM3
SIM4
1
21
22
SIM5
SIM1
SIM2
SIM3
SIM4
1
21
22
SIM5
SIM1
SIM2
SIM3
SIM4
1
21
22
SIM5
SIM1
SIM2
SIM3
SIM4
1
21
22
SIM5
SIM1
SIM2
SIM3
SIM4
1
21
22
SIM5
SIM1
SIM2
SIM3
SIM4
1
21
22
SIM5
SIM1
SIM2
SIM3
SIM4
1
21
22
SIM5
SIM1
SIM2
SIM3
SIM4
1
21
22
SIM5
SIM1
SIM2
SIM3
SIM4
1
21
22
SIM5
SIM1
SIM2
SIM3
SIM4
1
21
22
SIM5
SIM1
SIM2
SIM3
SIM4
1
21
22
SIM5
SIM1
SIM2
SIM3
SIM4
1
21
22
SIM5
SIM1
SIM2
SIM3
SIM4
1
21
22
SIM5
SIM1
SIM2
SIM3
SIM4
1
21
22
SIM5
SIM1
SIM2
SIM3
SIM4
1
21
22
SIM5
SIM1
SIM2
SIM3
SIM4
1
21
22
SIM5
SIM1
SIM2
SIM3
SIM4
1
21
22
SIM5
SIM1
SIM2
SIM3
SIM4
1
21
22
SIM5
SIM1
SIM2
SIM3
SIM4
1
21
22
SIM5
SIM1
SIM2
SIM3
SIM4
1
21
22
SIM5
SIM1
SIM2
SIM3
SIM4
1
21
22
SIM5
SIM1
SIM2
SIM3
SIM4
1
21
22
SIM5
SIM1
SIM2
SIM3
SIM4
1
21
22
SIM5
SIM1
SIM2
SIM3
SIM4
1
21
22
SIM5
SIM1
SIM2
SIM3
SIM4
1
21
22
SIM5
SIM1
SIM2
SIM3
SIM4
1
21
22
SIM5
SIM1
SIM2
SIM3
SIM4
1
21
22
SIM5
SIM1
SIM2
SIM3
SIM4
1
21
22
SIM5
SIM1
SIM2
SIM3
SIM4
1
21
22
SIM5
SIM1
SIM2
SIM3
SIM4
1
21
22
SIM5
SIM1
SIM2
SIM3
SIM4
1
21
22
SIM5
SIM1
SIM2
SIM3
SIM4
1
21
22
SIM5
SIM1
SIM2
SIM3
SIM4
1
21
22
SIM5
SIM1
SIM2
SIM3
SIM4
1
21
22
SIM5
SIM1
SIM2
SIM3
SIM4
1
21
22
SIM5
SIM1
SIM2
SIM3
SIM4
1
21
22
SIM5
SIM1
SIM2
SIM3
SIM4
1
21
22
SIM5
SIM1
SIM2
SIM3
SIM4
1
21
22
SIM5
SIM1
SIM2
SIM3
SIM4
1
21
22
SIM5
SIM1
SIM2
SIM3
SIM4
1
21
22
SIM5
SIM1
SIM2
SIM3
SIM4
1
21
22
SIM5
SIM1
SIM2
SIM3
SIM4
1
21
22
SIM5
SIM1
SIM2
SIM3
SIM4
1
21
22
SIM5
SIM1
SIM2
SIM3
SIM4
1
21
22
SIM5
SIM1
SIM2
SIM3
SIM4
1
21
22
SIM5
SIM1
SIM2
SIM3
SIM4
1
21
22
SIM5
SIM1
SIM2
SIM3
SIM4
1
21
22
SIM5
SIM1
SIM2
SIM3
SIM4
1
21
22
SIM5
SIM1
SIM2
SIM3
SIM4
1
21
22
SIM5
SIM1
SIM2
SIM3
SIM4
1
21
22
SIM5
SIM1
SIM2
SIM3
SIM4
1
21
22
SIM5
SIM1
SIM2
SIM3
SIM4
1
21
22
SIM5
SIM1
SIM2
SIM3
SIM4
1
21
22
SIM5
SIM1
SIM2
SIM3
SIM4
1
21
22
SIM5
SIM1
SIM2
SIM3
SIM4
1
21
22
SIM5
SIM1
SIM2
SIM3
SIM4
1
21
22
SIM5
SIM1
SIM2
SIM3
SIM4
1
21
22
SIM5
SIM1
SIM2
SIM3
SIM4
1
21
22
SIM5
SIM1
SIM2
SIM3
SIM4
1
21
22
SIM5
SIM1
SIM2
SIM3
SIM4
1
21
22
SIM5
SIM1
SIM2
SIM3
SIM4
1
21
22
SIM5
SIM1
SIM2
SIM3
SIM4
1
21
22
SIM5
SIM1
SIM2
SIM3
SIM4
1
21
22
SIM5
SIM1
SIM2
SIM3
SIM4
1
21
22
SIM5
SIM1
SIM2
SIM3
SIM4
1
21
22
SIM5
SIM1
SIM2
SIM3
SIM4
1
21
22
SIM5
SIM1
SIM2
SIM3
SIM4
1
21
22
SIM5
SIM1
SIM2
SIM3
SIM4
1
21
22
SIM5
SIM1
SIM2
SIM3
SIM4
1
21
22
SIM5
SIM1
SIM2
SIM3
SIM4
1
21
22
SIM5
SIM1
SIM2
SIM3
SIM4
1
21
22
SIM5
SIM1
SIM2
SIM3
SIM4
1
21
22
SIM5
SIM1
SIM2
SIM3
SIM4
1
21
22
SIM5
SIM1
SIM2
SIM3
SIM4
1
21
22
SIM5
SIM1
SIM2
SIM3
SIM4
1
21
22
SIM5
SIM1
SIM2
SIM3
SIM4
1
21
22
SIM5
SIM1
SIM2
SIM3
SIM4
1
21
22
SIM5
SIM1
SIM2
SIM3
SIM4
1
21
22
SIM5
SIM1
SIM2
SIM3
SIM4
1
21
22
SIM5
SIM1
SIM2
SIM3
SIM4
1
21
22
SIM5
SIM1
SIM2
SIM3
SIM4
1
21
22
SIM5
SIM1
SIM2
SIM3
SIM4
1
21
22
SIM5
SIM1
SIM2
SIM3
SIM4
1
21
22
SIM5
SIM1
SIM2
SIM3
SIM4
1
21
22
SIM5
SIM1
SIM2
SIM3
SIM4
1
21
22
SIM5
SIM1
SIM2
SIM3
SIM4
1
21
22
SIM5
SIM1
SIM2
SIM3
SIM4
1
21
22
SIM5
SIM1
SIM2
SIM3
SIM4
1
21
22
SIM5
SIM1
SIM2
SIM3
SIM4
1
21
22
SIM5
SIM1
SIM2
SIM3
SIM4
1
21
22
SIM5
SIM1
SIM2
SIM3
SIM4
1
21
22
SIM5
SIM1
SIM2
SIM3
SIM4
1
21
22
SIM5
SIM1
SIM2
SIM3
SIM4
1
21
22
SIM5
SIM1
SIM2
SIM3
SIM4
1
21
22
SIM5
SIM1
SIM2
SIM3
SIM4
1
21
22
SIM5
SIM1
SIM2
SIM3
SIM4
1
21
22
SIM5
SIM1
SIM2
SIM3
SIM4
1
21
22
SIM5
SIM1
SIM2
SIM3
SIM4
1
21
22
SIM5
SIM1
SIM2
SIM3
SIM4
1
21
22
SIM5
SIM1
SIM2
SIM3
SIM4
1
21
22
SIM5
SIM1
SIM2
SIM3
SIM4
1
21
22
SIM5
SIM1
SIM2
SIM3
SIM4
1
21
22
SIM5
SIM1
SIM2
SIM3
SIM4
1
21
22
SIM5
SIM1
SIM2
SIM3
SIM4
1
21
22
SIM5
SIM1
SIM2
SIM3
SIM4
1
21
22
SIM5
SIM1
SIM2
SIM3
SIM4
1
21
22
SIM5
SIM1
SIM2
SIM3
SIM4
1
21
22
SIM5
SIM1
SIM2
SIM3
SIM4
1
21
22
SIM5
SIM1
SIM2
SIM3
SIM4
1
21
22
SIM5
SIM1
SIM2
SIM3
SIM4
1
21
22
SIM5
SIM1
SIM2
SIM3
SIM4
1
21
22
SIM5
SIM1
SIM2
SIM3
SIM4
1
21
22
SIM5
SIM1
SIM2
SIM3
SIM4
1
21
22
SIM5
SIM1
SIM2
SIM3
SIM4
1
21
22
SIM5
SIM1
SIM2
SIM3
SIM4
1
21
22
SIM5
SIM1
SIM2
SIM3
SIM4
1
21
22
SIM5
SIM1
SIM2
SIM3
SIM4
1
21
22
SIM5
SIM1
SIM2
SIM3
SIM4
1
21
22
SIM5
SIM1
SIM2
SIM3
SIM4
1
21
22
SIM5
SIM1
SIM2
SIM3
SIM4
1
21
22
SIM5
SIM1
SIM2
SIM3
SIM4
1
21
22
SIM5
SIM1
SIM2
SIM3
SIM4
1
21
22
SIM5
SIM1
SIM2
SIM3
SIM4
1
21
22
SIM5
SIM1
SIM2
SIM3
SIM4
1
21
22
SIM5
SIM1
SIM2
SIM3
SIM4
1
21
22
SIM5
SIM1
SIM2
SIM3
SIM4
1
21
22
SIM5
SIM1
SIM2
SIM3
SIM4
1
21
22
SIM5
SIM1
SIM2
SIM3
SIM4
1
21
22
SIM5
SIM1
SIM2
SIM3
SIM4
1
21
22
SIM5
SIM1
SIM2
SIM3
SIM4
1
21
22
SIM5
SIM1
SIM2
SIM3
SIM4
1
21
22
SIM5
SIM1
SIM2
SIM3
SIM4
1
21
22
SIM5
SIM1
SIM2
SIM3
SIM4
1
21
22
SIM5
SIM1
SIM2
SIM3
SIM4
1
21
22
SIM5
SIM1
SIM2
SIM3
SIM4
1
21
22
SIM5
SIM1
SIM2
SIM3
SIM4
1
21
22
SIM5
SIM1
SIM2
SIM3
SIM4
1
21
22
SIM5
SIM1
SIM2
SIM3
SIM4
1
21
22
SIM5
SIM1
SIM2
SIM3
SIM4
1
21
22
SIM5
SIM1
SIM2
SIM3
SIM4
1
21
22
SIM5
SIM1
SIM2
SIM3
SIM4
1
21
22
SIM5
SIM1
SIM2
SIM3
SIM4
1
21
22
SIM5
SIM1
SIM2
SIM3
SIM4
1
21
22
SIM5
SIM1
SIM2
SIM3
SIM4
1
21
22
SIM5
SIM1
SIM2
SIM3
SIM4
1
21
22
SIM5
SIM1
SIM2
SIM3
SIM4
1
21
22
SIM5
SIM1
SIM2
SIM3
SIM4
1
21
22
SIM5
SIM1
SIM2
SIM3
SIM4
1
21
22
SIM5
SIM1
SIM2
SIM3
SIM4
1
21
22
SIM5
SIM1
SIM2
SIM3
SIM4
1
21
22
SIM5
SIM1
SIM2
SIM3
SIM4
1
21
22
SIM5
SIM1
SIM2
SIM3
SIM4
1
21
22
SIM5
SIM1
SIM2
SIM3
SIM4
1
21
22
SIM5
SIM1
SIM2
SIM3
SIM4
1
21
22
SIM5
SIM1
SIM2
SIM3
SIM4
1
21
22
SIM5
SIM1
SIM2
DEBUG 1 829
SIM1
SIM2
SIM3
SIM4
1
21
22
SIM5
SIM1
SIM2
SIM3
SIM4
1
21
22
SIM5
SIM1
SIM2
SIM3
SIM4
1
21
22
SIM5
SIM1
SIM2
SIM3
SIM4
1
21
22
SIM5
SIM1
SIM2
SIM3
SIM4
1
21
22
SIM5
SIM1
SIM2
SIM3
SIM4
1
21
22
SIM5
SIM1
SIM2
SIM3
SIM4
1
21
22
SIM5
SIM1
SIM2
SIM3
SIM4
1
21
22
SIM5
SIM1
SIM2
SIM3
SIM4
1
21
22
SIM5
SIM1
SIM2
SIM3
SIM4
1
21
22
SIM5
SIM1
SIM2
SIM3
SIM4
1
21
22
SIM5
SIM1
SIM2
SIM3
SIM4
1
21
22
SIM5
SIM1
SIM2
SIM3
SIM4
1
21
22
SIM5
SIM1
SIM2
SIM3
SIM4
1
21
22
SIM5
SIM1
SIM2
SIM3
SIM4
1
21
22
SIM5
SIM1
SIM2
SIM3
SIM4
1
21
22
SIM5
SIM1
SIM2
SIM3
SIM4
1
21
22
SIM5
SIM1
SIM2
SIM3
SIM4
1
21
22
SIM5
SIM1
SIM2
SIM3
SIM4
1
21
22
SIM5
SIM1
SIM2
SIM3
SIM4
1
21
22
SIM5
SIM1
SIM2
SIM3
SIM4
1
21
22
SIM5
SIM1
SIM2
SIM3
SIM4
1
21
22
SIM5
SIM1
SIM2
SIM3
SIM4
1
21
22
SIM5
SIM1
SIM2
SIM3
SIM4
1
21
22
SIM5
SIM1
SIM2
SIM3
SIM4
1
21
22
SIM5
SIM1
SIM2
SIM3
SIM4
1
21
22
SIM5
SIM1
SIM2
SIM3
SIM4
1
21
22
SIM5
SIM1
SIM2
SIM3
SIM4
1
21
22
SIM5
SIM1
SIM2
SIM3
SIM4
1
21
22
SIM5
SIM1
SIM2
SIM3
SIM4
1
21
22
SIM5
SIM1
SIM2
SIM3
SIM4
1
21
22
SIM5
SIM1
SIM2
SIM3
SIM4
1
21
22
SIM5
SIM1
SIM2
SIM3
SIM4
1
21
22
SIM5
SIM1
SIM2
SIM3
SIM4
1
21
22
SIM5
SIM1
SIM2
SIM3
SIM4
1
21
22
SIM5
SIM1
SIM2
SIM3
SIM4
1
21
22
SIM5
SIM1
SIM2
SIM3
SIM4
1
21
22
SIM5
SIM1
SIM2
SIM3
SIM4
1
21
22
SIM5
SIM1
SIM2
SIM3
SIM4
1
21
22
SIM5
SIM1
SIM2
SIM3
SIM4
1
21
22
SIM5
SIM1
SIM2
SIM3
SIM4
1
21
22
SIM5
SIM1
SIM2
SIM3
SIM4
1
21
22
SIM5
SIM1
SIM2
SIM3
SIM4
1
21
22
SIM5
SIM1
SIM2
SIM3
SIM4
1
21
22
SIM5
SIM1
SIM2
SIM3
SIM4
1
21
22
SIM5
SIM1
SIM2
SIM3
SIM4
1
21
22
SIM5
SIM1
SIM2
SIM3
SIM4
1
21
22
SIM5
SIM1
SIM2
SIM3
SIM4
1
21
22
SIM5
SIM1
SIM2
SIM3
SIM4
1
21
22
SIM5
SIM1
SIM2
SIM3
SIM4
1
21
22
SIM5
SIM1
SIM2
SIM3
SIM4
1
21
22
SIM5
SIM1
SIM2
SIM3
SIM4
1
21
22
SIM5
SIM1
SIM2
SIM3
SIM4
1
21
22
SIM5
SIM1
SIM2
SIM3
SIM4
1
21
22
SIM5
SIM1
SIM2
SIM3
SIM4
1
21
22
SIM5
SIM1
SIM2
SIM3
SIM4
1
21
22
SIM5
SIM1
SIM2
SIM3
SIM4
1
21
22
SIM5
SIM1
SIM2
SIM3
SIM4
1
21
22
SIM5
SIM1
SIM2
SIM3
SIM4
1
21
22
SIM5
SIM1
SIM2
SIM3
SIM4
1
21
22
SIM5
SIM1
SIM2
SIM3
SIM4
1
21
22
SIM5
SIM1
SIM2
SIM3
SIM4
1
21
22
SIM5
SIM1
SIM2
SIM3
SIM4
1
21
22
SIM5
SIM1
SIM2
SIM3
SIM4
1
21
22
SIM5
SIM1
SIM2
SIM3
SIM4
1
21
22
SIM5
SIM1
SIM2
SIM3
SIM4
1
21
22
SIM5
SIM1
SIM2
SIM3
SIM4
1
21
22
SIM5
SIM1
SIM2
SIM3
SIM4
1
21
22
SIM5
SIM1
SIM2
SIM3
SIM4
1
21
22
SIM5
SIM1
SIM2
SIM3
SIM4
1
21
22
SIM5
SIM1
SIM2
SIM3
SIM4
1
21
22
SIM5
SIM1
SIM2
SIM3
SIM4
1
21
22
SIM5
SIM1
SIM2
SIM3
SIM4
1
21
22
SIM5
SIM1
SIM2
SIM3
SIM4
1
21
22
SIM5
SIM1
SIM2
SIM3
SIM4
1
21
22
SIM5
SIM1
SIM2
SIM3
SIM4
1
21
22
SIM5
SIM1
SIM2
SIM3
SIM4
1
21
22
SIM5
SIM1
SIM2
SIM3
SIM4
1
21
22
SIM5
SIM1
SIM2
SIM3
SIM4
1
21
22
SIM5
SIM1
SIM2
SIM3
SIM4
1
21
22
SIM5
SIM1
SIM2
SIM3
SIM4
1
21
22
SIM5
SIM1
SIM2
SIM3
SIM4
1
21
22
SIM5
SIM1
SIM2
SIM3
SIM4
1
21
22
SIM5
SIM1
SIM2
SIM3
SIM4
1
21
22
SIM5
SIM1
SIM2
SIM3
SIM4
1
21
22
SIM5
SIM1
SIM2
SIM3
SIM4
1
21
22
SIM5
SIM1
SIM2
SIM3
SIM4
1
21
22
SIM5
SIM1
SIM2
SIM3
SIM4
1
21
22
SIM5
SIM1
SIM2
SIM3
SIM4
1
21
22
SIM5
SIM1
SIM2
SIM3
SIM4
1
21
22
SIM5
SIM1
SIM2
SIM3
SIM4
1
21
22
SIM5
SIM1
SIM2
SIM3
SIM4
1
21
22
SIM5
SIM1
SIM2
SIM3
SIM4
1
21
22
SIM5
SIM1
SIM2
SIM3
SIM4
1
21
22
SIM5
SIM1
SIM2
SIM3
SIM4
1
21
22
SIM5
SIM1
SIM2
SIM3
SIM4
1
21
22
SIM5
SIM1
SIM2
SIM3
SIM4
1
21
22
SIM5
SIM1
SIM2
SIM3
SIM4
1
21
22
SIM5
SIM1
SIM2
SIM3
SIM4
1
21
22
SIM5
SIM1
SIM2
SIM3
SIM4
1
21
22
SIM5
SIM1
SIM2
SIM3
SIM4
1
21
22
SIM5
SIM1
SIM2
SIM3
SIM4
1
21
22
SIM5
SIM1
SIM2
SIM3
SIM4
1
21
22
SIM5
SIM1
SIM2
SIM3
SIM4
1
21
22
SIM5
SIM1
SIM2
SIM3
SIM4
1
21
22
SIM5
SIM1
SIM2
SIM3
SIM4
1
21
22
SIM5
SIM1
SIM2
SIM3
SIM4
1
21
22
SIM5
SIM1
SIM2
SIM3
SIM4
1
21
22
SIM5
SIM1
SIM2
SIM3
SIM4
1
21
22
SIM5
SIM1
SIM2
SIM3
SIM4
1
21
22
SIM5
SIM1
SIM2
SIM3
SIM4
1
21
22
SIM5
SIM1
SIM2
SIM3
SIM4
1
21
22
SIM5
SIM1
SIM2
SIM3
SIM4
1
21
22
SIM5
SIM1
SIM2
SIM3
SIM4
1
21
22
SIM5
SIM1
SIM2
SIM3
SIM4
1
21
22
SIM5
SIM1
SIM2
SIM3
SIM4
1
21
22
SIM5
SIM1
SIM2
SIM3
SIM4
1
21
22
SIM5
SIM1
SIM2
SIM3
SIM4
1
21
22
SIM5
SIM1
SIM2
SIM3
SIM4
1
21
22
SIM5
SIM1
SIM2
SIM3
SIM4
1
21
22
SIM5
SIM1
SIM2
SIM3
SIM4
1
21
22
SIM5
SIM1
SIM2
SIM3
SIM4
1
21
22
SIM5
SIM1
SIM2
SIM3
SIM4
1
21
22
SIM5
SIM1
SIM2
SIM3
SIM4
1
21
22
SIM5
SIM1
SIM2
SIM3
SIM4
1
21
22
SIM5
SIM1
SIM2
SIM3
SIM4
1
21
22
SIM5
SIM1
SIM2
SIM3
SIM4
1
21
22
SIM5
SIM1
SIM2
SIM3
SIM4
1
21
22
SIM5
SIM1
SIM2
SIM3
SIM4
1
21
22
SIM5
SIM1
SIM2
SIM3
SIM4
1
21
22
SIM5
SIM1
SIM2
SIM3
SIM4
1
21
22
SIM5
SIM1
SIM2
SIM3
SIM4
1
21
22
SIM5
SIM1
SIM2
SIM3
SIM4
1
21
22
SIM5
SIM1
SIM2
SIM3
SIM4
1
21
22
SIM5
SIM1
SIM2
SIM3
SIM4
1
21
22
SIM5
SIM1
SIM2
SIM3
SIM4
1
21
22
SIM5
SIM1
SIM2
SIM3
SIM4
1
21
22
SIM5
SIM1
SIM2
SIM3
SIM4
1
21
22
SIM5
SIM1
SIM2
SIM3
SIM4
1
21
22
SIM5
SIM1
SIM2
SIM3
SIM4
1
21
22
SIM5
SIM1
SIM2
SIM3
SIM4
1
21
22
SIM5
SIM1
SIM2
SIM3
SIM4
1
21
22
SIM5
SIM1
SIM2
SIM3
SIM4
1
21
22
SIM5
SIM1
SIM2
SIM3
SIM4
1
21
22
SIM5
SIM1
SIM2
SIM3
SIM4
1
21
22
SIM5
SIM1
SIM2
SIM3
SIM4
1
21
22
SIM5
SIM1
SIM2
SIM3
SIM4
1
21
22
SIM5
SIM1
SIM2
SIM3
SIM4
1
21
22
SIM5
SIM1
SIM2
SIM3
SIM4
1
21
22
SIM5
SIM1
SIM2
SIM3
SIM4
1
21
22
SIM5
SIM1
SIM2
SIM3
SIM4
1
21
22
SIM5
SIM1
SIM2
SIM3
SIM4
1
21
22
SIM5
SIM1
SIM2
SIM3
SIM4
1
21
22
SIM5
SIM1
SIM2
SIM3
SIM4
1
21
22
SIM5
SIM1
SIM2
SIM3
SIM4
1
21
22
SIM5
SIM1
SIM2
SIM3
SIM4
1
21
22
SIM5
SIM1
SIM2
SIM3
SIM4
1
21
22
SIM5
SIM1
SIM2
SIM3
SIM4
1
21
22
SIM5
SIM1
SIM2
SIM3
SIM4
1
21
22
SIM5
SIM1
SIM2
SIM3
SIM4
1
21
22
SIM5
SIM1
SIM2
SIM3
SIM4
1
21
22
SIM5
SIM1
SIM2
SIM3
SIM4
1
21
22
SIM5
SIM1
SIM2
SIM3
SIM4
1
21
22
SIM5
SIM1
SIM2
SIM3
SIM4
1
21
22
SIM5
SIM1
SIM2
SIM3
SIM4
1
21
22
SIM5
SIM1
SIM2
SIM3
SIM4
1
21
22
SIM5
SIM1
SIM2
SIM3
SIM4
1
21
22
SIM5
SIM1
SIM2
SIM3
SIM4
1
21
22
SIM5
SIM1
SIM2
SIM3
SIM4
1
21
22
SIM5
SIM1
SIM2
SIM3
SIM4
1
21
22
SIM5
SIM1
SIM2
SIM3
SIM4
1
21
22
SIM5
SIM1
SIM2
SIM3
SIM4
1
21
22
SIM5
SIM1
SIM2
SIM3
SIM4
1
21
22
SIM5
SIM1
SIM2
SIM3
SIM4
1
21
22
SIM5
SIM1
SIM2
SIM3
SIM4
1
21
22
SIM5
SIM1
SIM2
SIM3
SIM4
1
21
22
SIM5
SIM1
SIM2
SIM3
SIM4
1
21
22
SIM5
SIM1
SIM2
SIM3
SIM4
1
21
22
SIM5
SIM1
SIM2
SIM3
SIM4
1
21
22
SIM5
SIM1
SIM2
SIM3
SIM4
1
21
22
SIM5
SIM1
SIM2
SIM3
SIM4
1
21
22
SIM5
SIM1
SIM2
SIM3
SIM4
1
21
22
SIM5
SIM1
SIM2
SIM3
SIM4
1
21
22
SIM5
SIM1
SIM2
SIM3
SIM4
1
21
22
SIM5
SIM1
SIM2
SIM3
SIM4
1
21
22
SIM5
SIM1
SIM2
SIM3
SIM4
1
21
22
SIM5
SIM1
SIM2
SIM3
SIM4
1
21
22
SIM5
SIM1
SIM2
SIM3
SIM4
1
21
22
SIM5
SIM1
SIM2
SIM3
SIM4
1
21
22
SIM5
SIM1
SIM2
SIM3
SIM4
1
21
22
SIM5
SIM1
SIM2
SIM3
SIM4
1
21
22
SIM5
SIM1
SIM2
SIM3
SIM4
1
21
22
SIM5
SIM1
SIM2
SIM3
SIM4
1
21
22
SIM5
SIM1
SIM2
SIM3
SIM4
1
21
22
SIM5
SIM1
SIM2
SIM3
SIM4
1
21
22
SIM5
SIM1
SIM2
SIM3
SIM4
1
21
22
SIM5
SIM1
SIM2
SIM3
SIM4
1
21
22
SIM5
SIM1
SIM2
SIM3
SIM4
1
21
22
SIM5
SIM1
SIM2
SIM3
SIM4
1
21
22
SIM5
SIM1
SIM2
SIM3
SIM4
1
21
22
SIM5
SIM1
SIM2
SIM3
SIM4
1
21
22
SIM5
SIM1
SIM2
SIM3
SIM4
1
21
22
SIM5
SIM1
SIM2
SIM3
SIM4
1
21
22
SIM5
SIM1
SIM2
SIM3
SIM4
1
21
22
SIM5
SIM1
SIM2
DEBUG 1 830
SIM1
SIM2
SIM3
SIM4
1
21
22
SIM5
SIM1
SIM2
SIM3
SIM4
1
21
22
SIM5
SIM1
SIM2
SIM3
SIM4
1
21
22
SIM5
SIM1
SIM2
SIM3
SIM4
1
21
22
SIM5
SIM1
SIM2
SIM3
SIM4
1
21
22
SIM5
SIM1
SIM2
SIM3
SIM4
1
21
22
SIM5
SIM1
SIM2
SIM3
SIM4
1
21
22
SIM5
SIM1
SIM2
SIM3
SIM4
1
21
22
SIM5
SIM1
SIM2
SIM3
SIM4
1
21
22
SIM5
SIM1
SIM2
SIM3
SIM4
1
21
22
SIM5
SIM1
SIM2
SIM3
SIM4
1
21
22
SIM5
SIM1
SIM2
SIM3
SIM4
1
21
22
SIM5
SIM1
SIM2
SIM3
SIM4
1
21
22
SIM5
SIM1
SIM2
SIM3
SIM4
1
21
22
SIM5
SIM1
SIM2
SIM3
SIM4
1
21
22
SIM5
SIM1
SIM2
SIM3
SIM4
1
21
22
SIM5
SIM1
SIM2
SIM3
SIM4
1
21
22
SIM5
SIM1
SIM2
SIM3
SIM4
1
21
22
SIM5
SIM1
SIM2
SIM3
SIM4
1
21
22
SIM5
SIM1
SIM2
SIM3
SIM4
1
21
22
SIM5
SIM1
SIM2
SIM3
SIM4
1
21
22
SIM5
SIM1
SIM2
SIM3
SIM4
1
21
22
SIM5
SIM1
SIM2
SIM3
SIM4
1
21
22
SIM5
SIM1
SIM2
SIM3
SIM4
1
21
22
SIM5
SIM1
SIM2
SIM3
SIM4
1
21
22
SIM5
SIM1
SIM2
SIM3
SIM4
1
21
22
SIM5
SIM1
SIM2
SIM3
SIM4
1
21
22
SIM5
SIM1
SIM2
SIM3
SIM4
1
21
22
SIM5
SIM1
SIM2
SIM3
SIM4
1
21
22
SIM5
SIM1
SIM2
SIM3
SIM4
1
21
22
SIM5
SIM1
SIM2
SIM3
SIM4
1
21
22
SIM5
SIM1
SIM2
SIM3
SIM4
1
21
22
SIM5
SIM1
SIM2
SIM3
SIM4
1
21
22
SIM5
SIM1
SIM2
SIM3
SIM4
1
21
22
SIM5
SIM1
SIM2
SIM3
SIM4
1
21
22
SIM5
SIM1
SIM2
SIM3
SIM4
1
21
22
SIM5
SIM1
SIM2
SIM3
SIM4
1
21
22
SIM5
SIM1
SIM2
SIM3
SIM4
1
21
22
SIM5
SIM1
SIM2
SIM3
SIM4
1
21
22
SIM5
SIM1
SIM2
SIM3
SIM4
1
21
22
SIM5
SIM1
SIM2
SIM3
SIM4
1
21
22
SIM5
SIM1
SIM2
SIM3
SIM4
1
21
22
SIM5
SIM1
SIM2
SIM3
SIM4
1
21
22
SIM5
SIM1
SIM2
SIM3
SIM4
1
21
22
SIM5
SIM1
SIM2
SIM3
SIM4
1
21
22
SIM5
SIM1
SIM2
SIM3
SIM4
1
21
22
SIM5
SIM1
SIM2
SIM3
SIM4
1
21
22
SIM5
SIM1
SIM2
SIM3
SIM4
1
21
22
SIM5
SIM1
SIM2
SIM3
SIM4
1
21
22
SIM5
SIM1
SIM2
SIM3
SIM4
1
21
22
SIM5
SIM1
SIM2
SIM3
SIM4
1
21
22
SIM5
SIM1
SIM2
SIM3
SIM4
1
21
22
SIM5
SIM1
SIM2
SIM3
SIM4
1
21
22
SIM5
SIM1
SIM2
SIM3
SIM4
1
21
22
SIM5
SIM1
SIM2
SIM3
SIM4
1
21
22
SIM5
SIM1
SIM2
SIM3
SIM4
1
21
22
SIM5
SIM1
SIM2
SIM3
SIM4
1
21
22
SIM5
SIM1
SIM2
SIM3
SIM4
1
21
22
SIM5
SIM1
SIM2
SIM3
SIM4
1
21
22
SIM5
SIM1
SIM2
SIM3
SIM4
1
21
22
SIM5
SIM1
SIM2
SIM3
SIM4
1
21
22
SIM5
SIM1
SIM2
SIM3
SIM4
1
21
22
SIM5
SIM1
SIM2
SIM3
SIM4
1
21
22
SIM5
SIM1
SIM2
SIM3
SIM4
1
21
22
SIM5
SIM1
SIM2
SIM3
SIM4
1
21
22
SIM5
SIM1
SIM2
SIM3
SIM4
1
21
22
SIM5
SIM1
SIM2
SIM3
SIM4
1
21
22
SIM5
SIM1
SIM2
SIM3
SIM4
1
21
22
SIM5
SIM1
SIM2
SIM3
SIM4
1
21
22
SIM5
SIM1
SIM2
SIM3
SIM4
1
21
22
SIM5
SIM1
SIM2
SIM3
SIM4
1
21
22
SIM5
SIM1
SIM2
SIM3
SIM4
1
21
22
SIM5
SIM1
SIM2
SIM3
SIM4
1
21
22
SIM5
SIM1
SIM2
SIM3
SIM4
1
21
22
SIM5
SIM1
SIM2
SIM3
SIM4
1
21
22
SIM5
SIM1
SIM2
SIM3
SIM4
1
21
22
SIM5
SIM1
SIM2
SIM3
SIM4
1
21
22
SIM5
SIM1
SIM2
SIM3
SIM4
1
21
22
SIM5
SIM1
SIM2
SIM3
SIM4
1
21
22
SIM5
SIM1
SIM2
SIM3
SIM4
1
21
22
SIM5
SIM1
SIM2
SIM3
SIM4
1
21
22
SIM5
SIM1
SIM2
SIM3
SIM4
1
21
22
SIM5
SIM1
SIM2
SIM3
SIM4
1
21
22
SIM5
SIM1
SIM2
SIM3
SIM4
1
21
22
SIM5
SIM1
SIM2
SIM3
SIM4
1
21
22
SIM5
SIM1
SIM2
SIM3
SIM4
1
21
22
SIM5
SIM1
SIM2
SIM3
SIM4
1
21
22
SIM5
SIM1
SIM2
SIM3
SIM4
1
21
22
SIM5
SIM1
SIM2
SIM3
SIM4
1
21
22
SIM5
SIM1
SIM2
SIM3
SIM4
1
21
22
SIM5
SIM1
SIM2
SIM3
SIM4
1
21
22
SIM5
SIM1
SIM2
SIM3
SIM4
1
21
22
SIM5
SIM1
SIM2
SIM3
SIM4
1
21
22
SIM5
SIM1
SIM2
SIM3
SIM4
1
21
22
SIM5
SIM1
SIM2
SIM3
SIM4
1
21
22
SIM5
SIM1
SIM2
SIM3
SIM4
1
21
22
SIM5
SIM1
SIM2
SIM3
SIM4
1
21
22
SIM5
SIM1
SIM2
SIM3
SIM4
1
21
22
SIM5
SIM1
SIM2
SIM3
SIM4
1
21
22
SIM5
SIM1
SIM2
SIM3
SIM4
1
21
22
SIM5
SIM1
SIM2
SIM3
SIM4
1
21
22
SIM5
SIM1
SIM2
SIM3
SIM4
1
21
22
SIM5
SIM1
SIM2
SIM3
SIM4
1
21
22
SIM5
SIM1
SIM2
SIM3
SIM4
1
21
22
SIM5
SIM1
SIM2
SIM3
SIM4
1
21
22
SIM5
SIM1
SIM2
SIM3
SIM4
1
21
22
SIM5
SIM1
SIM2
SIM3
SIM4
1
21
22
SIM5
SIM1
SIM2
SIM3
SIM4
1
21
22
SIM5
SIM1
SIM2
SIM3
SIM4
1
21
22
SIM5
SIM1
SIM2
SIM3
SIM4
1
21
22
SIM5
SIM1
SIM2
SIM3
SIM4
1
21
22
SIM5
SIM1
SIM2
SIM3
SIM4
1
21
22
SIM5
SIM1
SIM2
SIM3
SIM4
1
21
22
SIM5
SIM1
SIM2
SIM3
SIM4
1
21
22
SIM5
SIM1
SIM2
SIM3
SIM4
1
21
22
SIM5
SIM1
SIM2
SIM3
SIM4
1
21
22
SIM5
SIM1
SIM2
SIM3
SIM4
1
21
22
SIM5
SIM1
SIM2
SIM3
SIM4
1
21
22
SIM5
SIM1
SIM2
SIM3
SIM4
1
21
22
SIM5
SIM1
SIM2
SIM3
SIM4
1
21
22
SIM5
SIM1
SIM2
SIM3
SIM4
1
21
22
SIM5
SIM1
SIM2
SIM3
SIM4
1
21
22
SIM5
SIM1
SIM2
SIM3
SIM4
1
21
22
SIM5
SIM1
SIM2
SIM3
SIM4
1
21
22
SIM5
SIM1
SIM2
SIM3
SIM4
1
21
22
SIM5
SIM1
SIM2
SIM3
SIM4
1
21
22
SIM5
SIM1
SIM2
SIM3
SIM4
1
21
22
SIM5
SIM1
SIM2
SIM3
SIM4
1
21
22
SIM5
SIM1
SIM2
SIM3
SIM4
1
21
22
SIM5
SIM1
SIM2
SIM3
SIM4
1
21
22
SIM5
SIM1
SIM2
SIM3
SIM4
1
21
22
SIM5
SIM1
SIM2
SIM3
SIM4
1
21
22
SIM5
SIM1
SIM2
SIM3
SIM4
1
21
22
SIM5
SIM1
SIM2
SIM3
SIM4
1
21
22
SIM5
SIM1
SIM2
SIM3
SIM4
1
21
22
SIM5
SIM1
SIM2
SIM3
SIM4
1
21
22
SIM5
SIM1
SIM2
SIM3
SIM4
1
21
22
SIM5
SIM1
SIM2
SIM3
SIM4
1
21
22
SIM5
SIM1
SIM2
SIM3
SIM4
1
21
22
SIM5
SIM1
SIM2
SIM3
SIM4
1
21
22
SIM5
SIM1
SIM2
SIM3
SIM4
1
21
22
SIM5
SIM1
SIM2
SIM3
SIM4
1
21
22
SIM5
SIM1
SIM2
SIM3
SIM4
1
21
22
SIM5
SIM1
SIM2
SIM3
SIM4
1
21
22
SIM5
SIM1
SIM2
SIM3
SIM4
1
21
22
SIM5
SIM1
SIM2
SIM3
SIM4
1
21
22
SIM5
SIM1
SIM2
SIM3
SIM4
1
21
22
SIM5
SIM1
SIM2
SIM3
SIM4
1
21
22
SIM5
SIM1
SIM2
SIM3
SIM4
1
21
22
SIM5
SIM1
SIM2
SIM3
SIM4
1
21
22
SIM5
SIM1
SIM2
SIM3
SIM4
1
21
22
SIM5
SIM1
SIM2
SIM3
SIM4
1
21
22
SIM5
SIM1
SIM2
SIM3
SIM4
1
21
22
SIM5
SIM1
SIM2
SIM3
SIM4
1
21
22
SIM5
SIM1
SIM2
SIM3
SIM4
1
21
22
SIM5
SIM1
SIM2
SIM3
SIM4
1
21
22
SIM5
SIM1
SIM2
SIM3
SIM4
1
21
22
SIM5
SIM1
SIM2
SIM3
SIM4
1
21
22
SIM5
SIM1
SIM2
SIM3
SIM4
1
21
22
SIM5
SIM1
SIM2
SIM3
SIM4
1
21
22
SIM5
SIM1
SIM2
SIM3
SIM4
1
21
22
SIM5
SIM1
SIM2
SIM3
SIM4
1
21
22
SIM5
SIM1
SIM2
SIM3
SIM4
1
21
22
SIM5
SIM1
SIM2
SIM3
SIM4
1
21
22
SIM5
SIM1
SIM2
SIM3
SIM4
1
21
22
SIM5
SIM1
SIM2
SIM3
SIM4
1
21
22
SIM5
SIM1
SIM2
SIM3
SIM4
1
21
22
SIM5
SIM1
SIM2
SIM3
SIM4
1
21
22
SIM5
SIM1
SIM2
SIM3
SIM4
1
21
22
SIM5
SIM1
SIM2
SIM3
SIM4
1
21
22
SIM5
SIM1
SIM2
SIM3
SIM4
1
21
22
SIM5
SIM1
SIM2
SIM3
SIM4
1
21
22
SIM5
SIM1
SIM2
SIM3
SIM4
1
21
22
SIM5
SIM1
SIM2
SIM3
SIM4
1
21
22
SIM5
SIM1
SIM2
SIM3
SIM4
1
21
22
SIM5
SIM1
SIM2
SIM3
SIM4
1
21
22
SIM5
SIM1
SIM2
SIM3
SIM4
1
21
22
SIM5
SIM1
SIM2
SIM3
SIM4
1
21
22
SIM5
SIM1
SIM2
SIM3
SIM4
1
21
22
SIM5
SIM1
SIM2
SIM3
SIM4
1
21
22
SIM5
SIM1
SIM2
SIM3
SIM4
1
21
22
SIM5
SIM1
SIM2
SIM3
SIM4
1
21
22
SIM5
SIM1
SIM2
SIM3
SIM4
1
21
22
SIM5
SIM1
SIM2
SIM3
SIM4
1
21
22
SIM5
SIM1
SIM2
SIM3
SIM4
1
21
22
SIM5
SIM1
SIM2
SIM3
SIM4
1
21
22
SIM5
SIM1
SIM2
SIM3
SIM4
1
21
22
SIM5
SIM1
SIM2
SIM3
SIM4
1
21
22
SIM5
SIM1
SIM2
SIM3
SIM4
1
21
22
SIM5
SIM1
SIM2
SIM3
SIM4
1
21
22
SIM5
SIM1
SIM2
SIM3
SIM4
1
21
22
SIM5
SIM1
SIM2
SIM3
SIM4
1
21
22
SIM5
SIM1
SIM2
SIM3
SIM4
1
21
22
SIM5
SIM1
SIM2
SIM3
SIM4
1
21
22
SIM5
SIM1
SIM2
SIM3
SIM4
1
21
22
SIM5
SIM1
SIM2
SIM3
SIM4
1
21
22
SIM5
SIM1
SIM2
SIM3
SIM4
1
21
22
SIM5
SIM1
SIM2
SIM3
SIM4
1
21
22
SIM5
SIM1
SIM2
SIM3
SIM4
1
21
22
SIM5
SIM1
SIM2
SIM3
SIM4
1
21
22
SIM5
SIM1
SIM2
SIM3
SIM4
1
21
22
SIM5
SIM1
SIM2
SIM3
SIM4
1
21
22
SIM5
SIM1
SIM2
SIM3
SIM4
1
21
22
SIM5
SIM1
SIM2
SIM3
SIM4
1
21
22
SIM5
SIM1
SIM2
SIM3
SIM4
1
21
22
SIM5
SIM1
SIM2
SIM3
SIM4
1
21
22
SIM5
SIM1
SIM2
SIM3
SIM4
1
21
22
SIM5
SIM1
SIM2
SIM3
SIM4
1
21
22
SIM5
SIM1
SIM2
SIM3
SIM4
1
21
22
SIM5
SIM1
SIM2
SIM3
SIM4
1
21
22
SIM5
SIM1
SIM2
SIM3
SIM4
1
21
22
SIM5
SIM1
SIM2
SIM3
SIM4
1
21
22
SIM5
SIM1
SIM2
SIM3
SIM4
1
21
22
SIM5
SIM1
SIM2
SIM3
SIM4
1
21
22
SIM5
SIM1
SIM2
SIM3
SIM4
1
21
22
SIM5
SIM1
SIM2
SIM3
SIM4
1
21
22
SIM5
SIM1
SIM2
SIM3
SIM4
1
21
22
SIM5
SIM1
SIM2
SIM3
SIM4
1
21
22
SIM5
SIM1
SIM2
SIM3
SIM4
1
21
22
SIM5
SIM1
SIM2
SIM3
SIM4
1
21
22
SIM5
SIM1
SIM2
SIM3
SIM4
1
21
22
SIM5
SIM1
SIM2
SIM3
SIM4
1
21
22
SIM5
SIM1
SIM2
SIM3
SIM4
1
21
22
SIM5
SIM1
SIM2
SIM3
SIM4
1
21
22
SIM5
SIM1
SIM2
SIM3
SIM4
1
21
22
SIM5
SIM1
SIM2
SIM3
SIM4
1
21
22
SIM5
SIM1
SIM2
SIM3
SIM4
1
21
22
SIM5
SIM1
SIM2
SIM3
SIM4
1
21
22
SIM5
SIM1
SIM2
SIM3
SIM4
1
21
22
SIM5
SIM1
SIM2
SIM3
SIM4
1
21
22
SIM5
SIM1
SIM2
SIM3
SIM4
1
21
22
SIM5
SIM1
SIM2
SIM3
SIM4
1
21
22
SIM5
SIM1
SIM2
SIM3
SIM4
1
21
22
SIM5
SIM1
SIM2
SIM3
SIM4
1
21
22
SIM5
SIM1
SIM2
SIM3
SIM4
1
21
22
SIM5
SIM1
SIM2
SIM3
SIM4
1
21
22
SIM5
SIM1
SIM2
SIM3
SIM4
1
21
22
SIM5
SIM1
SIM2
SIM3
SIM4
1
21
22
SIM5
SIM1
SIM2
SIM3
SIM4
1
21
22
SIM5
SIM1
SIM2
SIM3
SIM4
1
21
22
SIM5
SIM1
SIM2
SIM3
SIM4
1
21
22
SIM5
SIM1
SIM2
SIM3
SIM4
1
21
22
SIM5
SIM1
SIM2
DEBUG 1 831
SIM1
SIM2
SIM3
SIM4
1
21
22
SIM5
SIM1
SIM2
SIM3
SIM4
1
21
22
SIM5
SIM1
SIM2
SIM3
SIM4
1
21
22
SIM5
SIM1
SIM2
SIM3
SIM4
1
21
22
SIM5
SIM1
SIM2
SIM3
SIM4
1
21
22
SIM5
SIM1
SIM2
SIM3
SIM4
1
21
22
SIM5
SIM1
SIM2
SIM3
SIM4
1
21
22
SIM5
SIM1
SIM2
SIM3
SIM4
1
21
22
SIM5
SIM1
SIM2
SIM3
SIM4
1
21
22
SIM5
SIM1
SIM2
SIM3
SIM4
1
21
22
SIM5
SIM1
SIM2
SIM3
SIM4
1
21
22
SIM5
SIM1
SIM2
SIM3
SIM4
1
21
22
SIM5
SIM1
SIM2
SIM3
SIM4
1
21
22
SIM5
SIM1
SIM2
SIM3
SIM4
1
21
22
SIM5
SIM1
SIM2
SIM3
SIM4
1
21
22
SIM5
SIM1
SIM2
SIM3
SIM4
1
21
22
SIM5
SIM1
SIM2
SIM3
SIM4
1
21
22
SIM5
SIM1
SIM2
SIM3
SIM4
1
21
22
SIM5
SIM1
SIM2
SIM3
SIM4
1
21
22
SIM5
SIM1
SIM2
SIM3
SIM4
1
21
22
SIM5
SIM1
SIM2
SIM3
SIM4
1
21
22
SIM5
SIM1
SIM2
SIM3
SIM4
1
21
22
SIM5
SIM1
SIM2
SIM3
SIM4
1
21
22
SIM5
SIM1
SIM2
SIM3
SIM4
1
21
22
SIM5
SIM1
SIM2
SIM3
SIM4
1
21
22
SIM5
SIM1
SIM2
SIM3
SIM4
1
21
22
SIM5
SIM1
SIM2
SIM3
SIM4
1
21
22
SIM5
SIM1
SIM2
SIM3
SIM4
1
21
22
SIM5
SIM1
SIM2
SIM3
SIM4
1
21
22
SIM5
SIM1
SIM2
SIM3
SIM4
1
21
22
SIM5
SIM1
SIM2
SIM3
SIM4
1
21
22
SIM5
SIM1
SIM2
SIM3
SIM4
1
21
22
SIM5
SIM1
SIM2
SIM3
SIM4
1
21
22
SIM5
SIM1
SIM2
SIM3
SIM4
1
21
22
SIM5
SIM1
SIM2
SIM3
SIM4
1
21
22
SIM5
SIM1
SIM2
SIM3
SIM4
1
21
22
SIM5
SIM1
SIM2
SIM3
SIM4
1
21
22
SIM5
SIM1
SIM2
SIM3
SIM4
1
21
22
SIM5
SIM1
SIM2
SIM3
SIM4
1
21
22
SIM5
SIM1
SIM2
SIM3
SIM4
1
21
22
SIM5
SIM1
SIM2
SIM3
SIM4
1
21
22
SIM5
SIM1
SIM2
SIM3
SIM4
1
21
22
SIM5
SIM1
SIM2
SIM3
SIM4
1
21
22
SIM5
SIM1
SIM2
SIM3
SIM4
1
21
22
SIM5
SIM1
SIM2
SIM3
SIM4
1
21
22
SIM5
SIM1
SIM2
SIM3
SIM4
1
21
22
SIM5
SIM1
SIM2
SIM3
SIM4
1
21
22
SIM5
SIM1
SIM2
SIM3
SIM4
1
21
22
SIM5
SIM1
SIM2
SIM3
SIM4
1
21
22
SIM5
SIM1
SIM2
SIM3
SIM4
1
21
22
SIM5
SIM1
SIM2
SIM3
SIM4
1
21
22
SIM5
SIM1
SIM2
SIM3
SIM4
1
21
22
SIM5
SIM1
SIM2
SIM3
SIM4
1
21
22
SIM5
SIM1
SIM2
SIM3
SIM4
1
21
22
SIM5
SIM1
SIM2
SIM3
SIM4
1
21
22
SIM5
SIM1
SIM2
SIM3
SIM4
1
21
22
SIM5
SIM1
SIM2
SIM3
SIM4
1
21
22
SIM5
SIM1
SIM2
SIM3
SIM4
1
21
22
SIM5
SIM1
SIM2
SIM3
SIM4
1
21
22
SIM5
SIM1
SIM2
SIM3
SIM4
1
21
22
SIM5
SIM1
SIM2
SIM3
SIM4
1
21
22
SIM5
SIM1
SIM2
SIM3
SIM4
1
21
22
SIM5
SIM1
SIM2
SIM3
SIM4
1
21
22
SIM5
SIM1
SIM2
SIM3
SIM4
1
21
22
SIM5
SIM1
SIM2
SIM3
SIM4
1
21
22
SIM5
SIM1
SIM2
SIM3
SIM4
1
21
22
SIM5
SIM1
SIM2
SIM3
SIM4
1
21
22
SIM5
SIM1
SIM2
SIM3
SIM4
1
21
22
SIM5
SIM1
SIM2
SIM3
SIM4
1
21
22
SIM5
SIM1
SIM2
SIM3
SIM4
1
21
22
SIM5
SIM1
SIM2
SIM3
SIM4
1
21
22
SIM5
SIM1
SIM2
SIM3
SIM4
1
21
22
SIM5
SIM1
SIM2
SIM3
SIM4
1
21
22
SIM5
SIM1
SIM2
SIM3
SIM4
1
21
22
SIM5
SIM1
SIM2
SIM3
SIM4
1
21
22
SIM5
SIM1
SIM2
SIM3
SIM4
1
21
22
SIM5
SIM1
SIM2
SIM3
SIM4
1
21
22
SIM5
SIM1
SIM2
SIM3
SIM4
1
21
22
SIM5
SIM1
SIM2
SIM3
SIM4
1
21
22
SIM5
SIM1
SIM2
SIM3
SIM4
1
21
22
SIM5
SIM1
SIM2
SIM3
SIM4
1
21
22
SIM5
SIM1
SIM2
SIM3
SIM4
1
21
22
SIM5
SIM1
SIM2
SIM3
SIM4
1
21
22
SIM5
SIM1
SIM2
SIM3
SIM4
1
21
22
SIM5
SIM1
SIM2
SIM3
SIM4
1
21
22
SIM5
SIM1
SIM2
SIM3
SIM4
1
21
22
SIM5
SIM1
SIM2
SIM3
SIM4
1
21
22
SIM5
SIM1
SIM2
SIM3
SIM4
1
21
22
SIM5
SIM1
SIM2
SIM3
SIM4
1
21
22
SIM5
SIM1
SIM2
SIM3
SIM4
1
21
22
SIM5
SIM1
SIM2
SIM3
SIM4
1
21
22
SIM5
SIM1
SIM2
SIM3
SIM4
1
21
22
SIM5
SIM1
SIM2
SIM3
SIM4
1
21
22
SIM5
SIM1
SIM2
SIM3
SIM4
1
21
22
SIM5
SIM1
SIM2
SIM3
SIM4
1
21
22
SIM5
SIM1
SIM2
SIM3
SIM4
1
21
22
SIM5
SIM1
SIM2
SIM3
SIM4
1
21
22
SIM5
SIM1
SIM2
SIM3
SIM4
1
21
22
SIM5
SIM1
SIM2
SIM3
SIM4
1
21
22
SIM5
SIM1
SIM2
SIM3
SIM4
1
21
22
SIM5
SIM1
SIM2
SIM3
SIM4
1
21
22
SIM5
SIM1
SIM2
SIM3
SIM4
1
21
22
SIM5
SIM1
SIM2
SIM3
SIM4
1
21
22
SIM5
SIM1
SIM2
SIM3
SIM4
1
21
22
SIM5
SIM1
SIM2
SIM3
SIM4
1
21
22
SIM5
SIM1
SIM2
SIM3
SIM4
1
21
22
SIM5
SIM1
SIM2
SIM3
SIM4
1
21
22
SIM5
SIM1
SIM2
SIM3
SIM4
1
21
22
SIM5
SIM1
SIM2
SIM3
SIM4
1
21
22
SIM5
SIM1
SIM2
SIM3
SIM4
1
21
22
SIM5
SIM1
SIM2
SIM3
SIM4
1
21
22
SIM5
SIM1
SIM2
SIM3
SIM4
1
21
22
SIM5
SIM1
SIM2
SIM3
SIM4
1
21
22
SIM5
SIM1
SIM2
SIM3
SIM4
1
21
22
SIM5
SIM1
SIM2
SIM3
SIM4
1
21
22
SIM5
SIM1
SIM2
SIM3
SIM4
1
21
22
SIM5
SIM1
SIM2
SIM3
SIM4
1
21
22
SIM5
SIM1
SIM2
SIM3
SIM4
1
21
22
SIM5
SIM1
SIM2
SIM3
SIM4
1
21
22
SIM5
SIM1
SIM2
SIM3
SIM4
1
21
22
SIM5
SIM1
SIM2
SIM3
SIM4
1
21
22
SIM5
SIM1
SIM2
SIM3
SIM4
1
21
22
SIM5
SIM1
SIM2
SIM3
SIM4
1
21
22
SIM5
SIM1
SIM2
SIM3
SIM4
1
21
22
SIM5
SIM1
SIM2
SIM3
SIM4
1
21
22
SIM5
SIM1
SIM2
SIM3
SIM4
1
21
22
SIM5
SIM1
SIM2
SIM3
SIM4
1
21
22
SIM5
SIM1
SIM2
SIM3
SIM4
1
21
22
SIM5
SIM1
SIM2
SIM3
SIM4
1
21
22
SIM5
SIM1
SIM2
SIM3
SIM4
1
21
22
SIM5
SIM1
SIM2
SIM3
SIM4
1
21
22
SIM5
SIM1
SIM2
SIM3
SIM4
1
21
22
SIM5
SIM1
SIM2
SIM3
SIM4
1
21
22
SIM5
SIM1
SIM2
SIM3
SIM4
1
21
22
SIM5
SIM1
SIM2
SIM3
SIM4
1
21
22
SIM5
SIM1
SIM2
SIM3
SIM4
1
21
22
SIM5
SIM1
SIM2
SIM3
SIM4
1
21
22
SIM5
SIM1
SIM2
SIM3
SIM4
1
21
22
SIM5
SIM1
SIM2
SIM3
SIM4
1
21
22
SIM5
SIM1
SIM2
SIM3
SIM4
1
21
22
SIM5
SIM1
SIM2
SIM3
SIM4
1
21
22
SIM5
SIM1
SIM2
SIM3
SIM4
1
21
22
SIM5
SIM1
SIM2
SIM3
SIM4
1
21
22
SIM5
SIM1
SIM2
SIM3
SIM4
1
21
22
SIM5
SIM1
SIM2
SIM3
SIM4
1
21
22
SIM5
SIM1
SIM2
SIM3
SIM4
1
21
22
SIM5
SIM1
SIM2
SIM3
SIM4
1
21
22
SIM5
SIM1
SIM2
SIM3
SIM4
1
21
22
SIM5
SIM1
SIM2
SIM3
SIM4
1
21
22
SIM5
SIM1
SIM2
SIM3
SIM4
1
21
22
SIM5
SIM1
SIM2
SIM3
SIM4
1
21
22
SIM5
SIM1
SIM2
SIM3
SIM4
1
21
22
SIM5
SIM1
SIM2
SIM3
SIM4
1
21
22
SIM5
SIM1
SIM2
SIM3
SIM4
1
21
22
SIM5
SIM1
SIM2
SIM3
SIM4
1
21
22
SIM5
SIM1
SIM2
SIM3
SIM4
1
21
22
SIM5
SIM1
SIM2
SIM3
SIM4
1
21
22
SIM5
SIM1
SIM2
SIM3
SIM4
1
21
22
SIM5
SIM1
SIM2
SIM3
SIM4
1
21
22
SIM5
SIM1
SIM2
SIM3
SIM4
1
21
22
SIM5
SIM1
SIM2
SIM3
SIM4
1
21
22
SIM5
SIM1
SIM2
SIM3
SIM4
1
21
22
SIM5
SIM1
SIM2
SIM3
SIM4
1
21
22
SIM5
SIM1
SIM2
SIM3
SIM4
1
21
22
SIM5
SIM1
SIM2
SIM3
SIM4
1
21
22
SIM5
SIM1
SIM2
SIM3
SIM4
1
21
22
SIM5
SIM1
SIM2
SIM3
SIM4
1
21
22
SIM5
SIM1
SIM2
SIM3
SIM4
1
21
22
SIM5
SIM1
SIM2
DEBUG 1 832
SIM1
SIM2
SIM3
SIM4
1
21
22
SIM5
SIM1
SIM2
SIM3
SIM4
1
21
22
SIM5
SIM1
SIM2
SIM3
SIM4
1
21
22
SIM5
SIM1
SIM2
SIM3
SIM4
1
21
22
SIM5
SIM1
SIM2
SIM3
SIM4
1
21
22
SIM5
SIM1
SIM2
SIM3
SIM4
1
21
22
SIM5
SIM1
SIM2
SIM3
SIM4
1
21
22
SIM5
SIM1
SIM2
SIM3
SIM4
1
21
22
SIM5
SIM1
SIM2
SIM3
SIM4
1
21
22
SIM5
SIM1
SIM2
SIM3
SIM4
1
21
22
SIM5
SIM1
SIM2
SIM3
SIM4
1
21
22
SIM5
SIM1
SIM2
SIM3
SIM4
1
21
22
SIM5
SIM1
SIM2
SIM3
SIM4
1
21
22
SIM5
SIM1
SIM2
SIM3
SIM4
1
21
22
SIM5
SIM1
SIM2
SIM3
SIM4
1
21
22
SIM5
SIM1
SIM2
SIM3
SIM4
1
21
22
SIM5
SIM1
SIM2
SIM3
SIM4
1
21
22
SIM5
SIM1
SIM2
SIM3
SIM4
1
21
22
SIM5
SIM1
SIM2
SIM3
SIM4
1
21
22
SIM5
SIM1
SIM2
SIM3
SIM4
1
21
22
SIM5
SIM1
SIM2
SIM3
SIM4
1
21
22
SIM5
SIM1
SIM2
SIM3
SIM4
1
21
22
SIM5
SIM1
SIM2
SIM3
SIM4
1
21
22
SIM5
SIM1
SIM2
SIM3
SIM4
1
21
22
SIM5
SIM1
SIM2
SIM3
SIM4
1
21
22
SIM5
SIM1
SIM2
SIM3
SIM4
1
21
22
SIM5
SIM1
SIM2
SIM3
SIM4
1
21
22
SIM5
SIM1
SIM2
SIM3
SIM4
1
21
22
SIM5
SIM1
SIM2
SIM3
SIM4
1
21
22
SIM5
SIM1
SIM2
SIM3
SIM4
1
21
22
SIM5
SIM1
SIM2
SIM3
SIM4
1
21
22
SIM5
SIM1
SIM2
SIM3
SIM4
1
21
22
SIM5
SIM1
SIM2
SIM3
SIM4
1
21
22
SIM5
SIM1
SIM2
SIM3
SIM4
1
21
22
SIM5
SIM1
SIM2
SIM3
SIM4
1
21
22
SIM5
SIM1
SIM2
SIM3
SIM4
1
21
22
SIM5
SIM1
SIM2
SIM3
SIM4
1
21
22
SIM5
SIM1
SIM2
SIM3
SIM4
1
21
22
SIM5
SIM1
SIM2
SIM3
SIM4
1
21
22
SIM5
SIM1
SIM2
SIM3
SIM4
1
21
22
SIM5
SIM1
SIM2
SIM3
SIM4
1
21
22
SIM5
SIM1
SIM2
SIM3
SIM4
1
21
22
SIM5
SIM1
SIM2
SIM3
SIM4
1
21
22
SIM5
SIM1
SIM2
SIM3
SIM4
1
21
22
SIM5
SIM1
SIM2
SIM3
SIM4
1
21
22
SIM5
SIM1
SIM2
SIM3
SIM4
1
21
22
SIM5
SIM1
SIM2
SIM3
SIM4
1
21
22
SIM5
SIM1
SIM2
SIM3
SIM4
1
21
22
SIM5
SIM1
SIM2
SIM3
SIM4
1
21
22
SIM5
SIM1
SIM2
SIM3
SIM4
1
21
22
SIM5
SIM1
SIM2
SIM3
SIM4
1
21
22
SIM5
SIM1
SIM2
SIM3
SIM4
1
21
22
SIM5
SIM1
SIM2
SIM3
SIM4
1
21
22
SIM5
SIM1
SIM2
SIM3
SIM4
1
21
22
SIM5
SIM1
SIM2
SIM3
SIM4
1
21
22
SIM5
SIM1
SIM2
SIM3
SIM4
1
21
22
SIM5
SIM1
SIM2
SIM3
SIM4
1
21
22
SIM5
SIM1
SIM2
SIM3
SIM4
1
21
22
SIM5
SIM1
SIM2
SIM3
SIM4
1
21
22
SIM5
SIM1
SIM2
SIM3
SIM4
1
21
22
SIM5
SIM1
SIM2
SIM3
SIM4
1
21
22
SIM5
SIM1
SIM2
SIM3
SIM4
1
21
22
SIM5
SIM1
SIM2
SIM3
SIM4
1
21
22
SIM5
SIM1
SIM2
SIM3
SIM4
1
21
22
SIM5
SIM1
SIM2
SIM3
SIM4
1
21
22
SIM5
SIM1
SIM2
SIM3
SIM4
1
21
22
SIM5
SIM1
SIM2
SIM3
SIM4
1
21
22
SIM5
SIM1
SIM2
SIM3
SIM4
1
21
22
SIM5
SIM1
SIM2
SIM3
SIM4
1
21
22
SIM5
SIM1
SIM2
SIM3
SIM4
1
21
22
SIM5
SIM1
SIM2
SIM3
SIM4
1
21
22
SIM5
SIM1
SIM2
SIM3
SIM4
1
21
22
SIM5
SIM1
SIM2
SIM3
SIM4
1
21
22
SIM5
SIM1
SIM2
SIM3
SIM4
1
21
22
SIM5
SIM1
SIM2
SIM3
SIM4
1
21
22
SIM5
SIM1
SIM2
SIM3
SIM4
1
21
22
SIM5
SIM1
SIM2
SIM3
SIM4
1
21
22
SIM5
SIM1
SIM2
SIM3
SIM4
1
21
22
SIM5
SIM1
SIM2
SIM3
SIM4
1
21
22
SIM5
SIM1
SIM2
SIM3
SIM4
1
21
22
SIM5
SIM1
SIM2
SIM3
SIM4
1
21
22
SIM5
SIM1
SIM2
SIM3
SIM4
1
21
22
SIM5
SIM1
SIM2
SIM3
SIM4
1
21
22
SIM5
SIM1
SIM2
SIM3
SIM4
1
21
22
SIM5
SIM1
SIM2
SIM3
SIM4
1
21
22
SIM5
SIM1
SIM2
SIM3
SIM4
1
21
22
SIM5
SIM1
SIM2
SIM3
SIM4
1
21
22
SIM5
SIM1
SIM2
SIM3
SIM4
1
21
22
SIM5
SIM1
SIM2
SIM3
SIM4
1
21
22
SIM5
SIM1
SIM2
SIM3
SIM4
1
21
22
SIM5
SIM1
SIM2
SIM3
SIM4
1
21
22
SIM5
SIM1
SIM2
SIM3
SIM4
1
21
22
SIM5
SIM1
SIM2
SIM3
SIM4
1
21
22
SIM5
SIM1
SIM2
SIM3
SIM4
1
21
22
SIM5
SIM1
SIM2
SIM3
SIM4
1
21
22
SIM5
SIM1
SIM2
SIM3
SIM4
1
21
22
SIM5
SIM1
SIM2
SIM3
SIM4
1
21
22
SIM5
SIM1
SIM2
SIM3
SIM4
1
21
22
SIM5
SIM1
SIM2
SIM3
SIM4
1
21
22
SIM5
SIM1
SIM2
SIM3
SIM4
1
21
22
SIM5
SIM1
SIM2
SIM3
SIM4
1
21
22
SIM5
SIM1
SIM2
SIM3
SIM4
1
21
22
SIM5
SIM1
SIM2
SIM3
SIM4
1
21
22
SIM5
SIM1
SIM2
SIM3
SIM4
1
21
22
SIM5
SIM1
SIM2
SIM3
SIM4
1
21
22
SIM5
SIM1
SIM2
SIM3
SIM4
1
21
22
SIM5
SIM1
SIM2
SIM3
SIM4
1
21
22
SIM5
SIM1
SIM2
SIM3
SIM4
1
21
22
SIM5
SIM1
SIM2
SIM3
SIM4
1
21
22
SIM5
SIM1
SIM2
SIM3
SIM4
1
21
22
SIM5
SIM1
SIM2
SIM3
SIM4
1
21
22
SIM5
SIM1
SIM2
SIM3
SIM4
1
21
22
SIM5
SIM1
SIM2
SIM3
SIM4
1
21
22
SIM5
SIM1
SIM2
SIM3
SIM4
1
21
22
SIM5
SIM1
SIM2
SIM3
SIM4
1
21
22
SIM5
SIM1
SIM2
SIM3
SIM4
1
21
22
SIM5
SIM1
SIM2
SIM3
SIM4
1
21
22
SIM5
SIM1
SIM2
SIM3
SIM4
1
21
22
SIM5
SIM1
SIM2
SIM3
SIM4
1
21
22
SIM5
SIM1
SIM2
SIM3
SIM4
1
21
22
SIM5
SIM1
SIM2
SIM3
SIM4
1
21
22
SIM5
SIM1
SIM2
SIM3
SIM4
1
21
22
SIM5
SIM1
SIM2
SIM3
SIM4
1
21
22
SIM5
SIM1
SIM2
SIM3
SIM4
1
21
22
SIM5
SIM1
SIM2
SIM3
SIM4
1
21
22
SIM5
SIM1
SIM2
SIM3
SIM4
1
21
22
SIM5
SIM1
SIM2
SIM3
SIM4
1
21
22
SIM5
SIM1
SIM2
SIM3
SIM4
1
21
22
SIM5
SIM1
SIM2
SIM3
SIM4
1
21
22
SIM5
SIM1
SIM2
SIM3
SIM4
1
21
22
SIM5
SIM1
SIM2
SIM3
SIM4
1
21
22
SIM5
SIM1
SIM2
SIM3
SIM4
1
21
22
SIM5
SIM1
SIM2
SIM3
SIM4
1
21
22
SIM5
SIM1
SIM2
SIM3
SIM4
1
21
22
SIM5
SIM1
SIM2
SIM3
SIM4
1
21
22
SIM5
SIM1
SIM2
SIM3
SIM4
1
21
22
SIM5
SIM1
SIM2
SIM3
SIM4
1
21
22
SIM5
SIM1
SIM2
SIM3
SIM4
1
21
22
SIM5
SIM1
SIM2
SIM3
SIM4
1
21
22
SIM5
SIM1
SIM2
SIM3
SIM4
1
21
22
SIM5
SIM1
SIM2
SIM3
SIM4
1
21
22
SIM5
SIM1
SIM2
SIM3
SIM4
1
21
22
SIM5
SIM1
SIM2
SIM3
SIM4
1
21
22
SIM5
SIM1
SIM2
SIM3
SIM4
1
21
22
SIM5
SIM1
SIM2
SIM3
SIM4
1
21
22
SIM5
SIM1
SIM2
SIM3
SIM4
1
21
22
SIM5
SIM1
SIM2
SIM3
SIM4
1
21
22
SIM5
SIM1
SIM2
SIM3
SIM4
1
21
22
SIM5
SIM1
SIM2
SIM3
SIM4
1
21
22
SIM5
SIM1
SIM2
SIM3
SIM4
1
21
22
SIM5
SIM1
SIM2
SIM3
SIM4
1
21
22
SIM5
SIM1
SIM2
SIM3
SIM4
1
21
22
SIM5
SIM1
SIM2
SIM3
SIM4
1
21
22
SIM5
SIM1
SIM2
SIM3
SIM4
1
21
22
SIM5
SIM1
SIM2
SIM3
SIM4
1
21
22
SIM5
SIM1
SIM2
SIM3
SIM4
1
21
22
SIM5
SIM1
SIM2
SIM3
SIM4
1
21
22
SIM5
SIM1
SIM2
SIM3
SIM4
1
21
22
SIM5
SIM1
SIM2
SIM3
SIM4
1
21
22
SIM5
SIM1
SIM2
SIM3
SIM4
1
21
22
SIM5
SIM1
SIM2
SIM3
SIM4
1
21
22
SIM5
SIM1
SIM2
SIM3
SIM4
1
21
22
SIM5
SIM1
SIM2
SIM3
SIM4
1
21
22
SIM5
SIM1
SIM2
SIM3
SIM4
1
21
22
SIM5
SIM1
SIM2
SIM3
SIM4
1
21
22
SIM5
SIM1
SIM2
SIM3
SIM4
1
21
22
SIM5
SIM1
SIM2
SIM3
SIM4
1
21
22
SIM5
SIM1
SIM2
SIM3
SIM4
1
21
22
SIM5
SIM1
SIM2
SIM3
SIM4
1
21
22
SIM5
SIM1
SIM2
SIM3
SIM4
1
21
22
SIM5
SIM1
SIM2
SIM3
SIM4
1
21
22
SIM5
SIM1
SIM2
SIM3
SIM4
1
21
22
SIM5
SIM1
SIM2
SIM3
SIM4
1
21
22
SIM5
SIM1
SIM2
SIM3
SIM4
1
21
22
SIM5
SIM1
SIM2
SIM3
SIM4
1
21
22
SIM5
SIM1
SIM2
SIM3
SIM4
1
21
22
SIM5
SIM1
SIM2
SIM3
SIM4
1
21
22
SIM5
SIM1
SIM2
SIM3
SIM4
1
21
22
SIM5
SIM1
SIM2
SIM3
SIM4
1
21
22
SIM5
SIM1
SIM2
SIM3
SIM4
1
21
22
SIM5
SIM1
SIM2
SIM3
SIM4
1
21
22
SIM5
SIM1
SIM2
SIM3
SIM4
1
21
22
SIM5
SIM1
SIM2
SIM3
SIM4
1
21
22
SIM5
SIM1
SIM2
SIM3
SIM4
1
21
22
SIM5
SIM1
SIM2
SIM3
SIM4
1
21
22
SIM5
SIM1
SIM2
SIM3
SIM4
1
21
22
SIM5
SIM1
SIM2
SIM3
SIM4
1
21
22
SIM5
SIM1
SIM2
SIM3
SIM4
1
21
22
SIM5
SIM1
SIM2
SIM3
SIM4
1
21
22
SIM5
SIM1
SIM2
SIM3
SIM4
1
21
22
SIM5
SIM1
SIM2
SIM3
SIM4
1
21
22
SIM5
SIM1
SIM2
SIM3
SIM4
1
21
22
SIM5
SIM1
SIM2
SIM3
SIM4
1
21
22
SIM5
SIM1
SIM2
SIM3
SIM4
1
21
22
SIM5
SIM1
SIM2
SIM3
SIM4
1
21
22
SIM5
SIM1
SIM2
SIM3
SIM4
1
21
22
SIM5
SIM1
SIM2
SIM3
SIM4
1
21
22
SIM5
SIM1
SIM2
SIM3
SIM4
1
21
22
SIM5
SIM1
SIM2
SIM3
SIM4
1
21
22
SIM5
SIM1
SIM2
SIM3
SIM4
1
21
22
SIM5
SIM1
SIM2
SIM3
SIM4
1
21
22
SIM5
SIM1
SIM2
SIM3
SIM4
1
21
22
SIM5
SIM1
SIM2
SIM3
SIM4
1
21
22
SIM5
SIM1
SIM2
SIM3
SIM4
1
21
22
SIM5
SIM1
SIM2
SIM3
SIM4
1
21
22
SIM5
SIM1
SIM2
SIM3
SIM4
1
21
22
SIM5
SIM1
SIM2
SIM3
SIM4
1
21
22
SIM5
SIM1
SIM2
SIM3
SIM4
1
21
22
SIM5
SIM1
SIM2
SIM3
SIM4
1
21
22
SIM5
SIM1
SIM2
DEBUG 1 833
SIM1
SIM2
SIM3
SIM4
1
21
22
SIM5
SIM1
SIM2
SIM3
SIM4
1
21
22
SIM5
SIM1
SIM2
SIM3
SIM4
1
21
22
SIM5
SIM1
SIM2
SIM3
SIM4
1
21
22
SIM5
SIM1
SIM2
SIM3
SIM4
1
21
22
SIM5
SIM1
SIM2
SIM3
SIM4
1
21
22
SIM5
SIM1
SIM2
SIM3
SIM4
1
21
22
SIM5
SIM1
SIM2
SIM3
SIM4
1
21
22
SIM5
SIM1
SIM2
SIM3
SIM4
1
21
22
SIM5
SIM1
SIM2
SIM3
SIM4
1
21
22
SIM5
SIM1
SIM2
SIM3
SIM4
1
21
22
SIM5
SIM1
SIM2
SIM3
SIM4
1
21
22
SIM5
SIM1
SIM2
SIM3
SIM4
1
21
22
SIM5
SIM1
SIM2
SIM3
SIM4
1
21
22
SIM5
SIM1
SIM2
SIM3
SIM4
1
21
22
SIM5
SIM1
SIM2
SIM3
SIM4
1
21
22
SIM5
SIM1
SIM2
SIM3
SIM4
1
21
22
SIM5
SIM1
SIM2
SIM3
SIM4
1
21
22
SIM5
SIM1
SIM2
SIM3
SIM4
1
21
22
SIM5
SIM1
SIM2
SIM3
SIM4
1
21
22
SIM5
SIM1
SIM2
SIM3
SIM4
1
21
22
SIM5
SIM1
SIM2
SIM3
SIM4
1
21
22
SIM5
SIM1
SIM2
SIM3
SIM4
1
21
22
SIM5
SIM1
SIM2
SIM3
SIM4
1
21
22
SIM5
SIM1
SIM2
SIM3
SIM4
1
21
22
SIM5
SIM1
SIM2
SIM3
SIM4
1
21
22
SIM5
SIM1
SIM2
SIM3
SIM4
1
21
22
SIM5
SIM1
SIM2
SIM3
SIM4
1
21
22
SIM5
SIM1
SIM2
SIM3
SIM4
1
21
22
SIM5
SIM1
SIM2
SIM3
SIM4
1
21
22
SIM5
SIM1
SIM2
SIM3
SIM4
1
21
22
SIM5
SIM1
SIM2
SIM3
SIM4
1
21
22
SIM5
SIM1
SIM2
SIM3
SIM4
1
21
22
SIM5
SIM1
SIM2
SIM3
SIM4
1
21
22
SIM5
SIM1
SIM2
SIM3
SIM4
1
21
22
SIM5
SIM1
SIM2
SIM3
SIM4
1
21
22
SIM5
SIM1
SIM2
SIM3
SIM4
1
21
22
SIM5
SIM1
SIM2
SIM3
SIM4
1
21
22
SIM5
SIM1
SIM2
SIM3
SIM4
1
21
22
SIM5
SIM1
SIM2
SIM3
SIM4
1
21
22
SIM5
SIM1
SIM2
SIM3
SIM4
1
21
22
SIM5
SIM1
SIM2
SIM3
SIM4
1
21
22
SIM5
SIM1
SIM2
SIM3
SIM4
1
21
22
SIM5
SIM1
SIM2
SIM3
SIM4
1
21
22
SIM5
SIM1
SIM2
SIM3
SIM4
1
21
22
SIM5
SIM1
SIM2
SIM3
SIM4
1
21
22
SIM5
SIM1
SIM2
SIM3
SIM4
1
21
22
SIM5
SIM1
SIM2
SIM3
SIM4
1
21
22
SIM5
SIM1
SIM2
SIM3
SIM4
1
21
22
SIM5
SIM1
SIM2
SIM3
SIM4
1
21
22
SIM5
SIM1
SIM2
SIM3
SIM4
1
21
22
SIM5
SIM1
SIM2
SIM3
SIM4
1
21
22
SIM5
SIM1
SIM2
SIM3
SIM4
1
21
22
SIM5
SIM1
SIM2
SIM3
SIM4
1
21
22
SIM5
SIM1
SIM2
SIM3
SIM4
1
21
22
SIM5
SIM1
SIM2
SIM3
SIM4
1
21
22
SIM5
SIM1
SIM2
SIM3
SIM4
1
21
22
SIM5
SIM1
SIM2
SIM3
SIM4
1
21
22
SIM5
SIM1
SIM2
SIM3
SIM4
1
21
22
SIM5
SIM1
SIM2
SIM3
SIM4
1
21
22
SIM5
SIM1
SIM2
SIM3
SIM4
1
21
22
SIM5
SIM1
SIM2
SIM3
SIM4
1
21
22
SIM5
SIM1
SIM2
SIM3
SIM4
1
21
22
SIM5
SIM1
SIM2
SIM3
SIM4
1
21
22
SIM5
SIM1
SIM2
SIM3
SIM4
1
21
22
SIM5
SIM1
SIM2
SIM3
SIM4
1
21
22
SIM5
SIM1
SIM2
SIM3
SIM4
1
21
22
SIM5
SIM1
SIM2
SIM3
SIM4
1
21
22
SIM5
SIM1
SIM2
SIM3
SIM4
1
21
22
SIM5
SIM1
SIM2
SIM3
SIM4
1
21
22
SIM5
SIM1
SIM2
SIM3
SIM4
1
21
22
SIM5
SIM1
SIM2
SIM3
SIM4
1
21
22
SIM5
SIM1
SIM2
SIM3
SIM4
1
21
22
SIM5
SIM1
SIM2
SIM3
SIM4
1
21
22
SIM5
SIM1
SIM2
SIM3
SIM4
1
21
22
SIM5
SIM1
SIM2
SIM3
SIM4
1
21
22
SIM5
SIM1
SIM2
SIM3
SIM4
1
21
22
SIM5
SIM1
SIM2
SIM3
SIM4
1
21
22
SIM5
SIM1
SIM2
SIM3
SIM4
1
21
22
SIM5
SIM1
SIM2
SIM3
SIM4
1
21
22
SIM5
SIM1
SIM2
SIM3
SIM4
1
21
22
SIM5
SIM1
SIM2
SIM3
SIM4
1
21
22
SIM5
SIM1
SIM2
SIM3
SIM4
1
21
22
SIM5
SIM1
SIM2
SIM3
SIM4
1
21
22
SIM5
SIM1
SIM2
SIM3
SIM4
1
21
22
SIM5
SIM1
SIM2
SIM3
SIM4
1
21
22
SIM5
SIM1
SIM2
SIM3
SIM4
1
21
22
SIM5
SIM1
SIM2
SIM3
SIM4
1
21
22
SIM5
SIM1
SIM2
SIM3
SIM4
1
21
22
SIM5
SIM1
SIM2
SIM3
SIM4
1
21
22
SIM5
SIM1
SIM2
SIM3
SIM4
1
21
22
SIM5
SIM1
SIM2
SIM3
SIM4
1
21
22
SIM5
SIM1
SIM2
SIM3
SIM4
1
21
22
SIM5
SIM1
SIM2
SIM3
SIM4
1
21
22
SIM5
SIM1
SIM2
SIM3
SIM4
1
21
22
SIM5
SIM1
SIM2
SIM3
SIM4
1
21
22
SIM5
SIM1
SIM2
SIM3
SIM4
1
21
22
SIM5
SIM1
SIM2
SIM3
SIM4
1
21
22
SIM5
SIM1
SIM2
SIM3
SIM4
1
21
22
SIM5
SIM1
SIM2
SIM3
SIM4
1
21
22
SIM5
SIM1
SIM2
SIM3
SIM4
1
21
22
SIM5
SIM1
SIM2
SIM3
SIM4
1
21
22
SIM5
SIM1
SIM2
SIM3
SIM4
1
21
22
SIM5
SIM1
SIM2
SIM3
SIM4
1
21
22
SIM5
SIM1
SIM2
SIM3
SIM4
1
21
22
SIM5
SIM1
SIM2
SIM3
SIM4
1
21
22
SIM5
SIM1
SIM2
SIM3
SIM4
1
21
22
SIM5
SIM1
SIM2
SIM3
SIM4
1
21
22
SIM5
SIM1
SIM2
SIM3
SIM4
1
21
22
SIM5
SIM1
SIM2
SIM3
SIM4
1
21
22
SIM5
SIM1
SIM2
SIM3
SIM4
1
21
22
SIM5
SIM1
SIM2
SIM3
SIM4
1
21
22
SIM5
SIM1
SIM2
SIM3
SIM4
1
21
22
SIM5
SIM1
SIM2
SIM3
SIM4
1
21
22
SIM5
SIM1
SIM2
SIM3
SIM4
1
21
22
SIM5
SIM1
SIM2
SIM3
SIM4
1
21
22
SIM5
SIM1
SIM2
SIM3
SIM4
1
21
22
SIM5
SIM1
SIM2
SIM3
SIM4
1
21
22
SIM5
SIM1
SIM2
SIM3
SIM4
1
21
22
SIM5
SIM1
SIM2
SIM3
SIM4
1
21
22
SIM5
SIM1
SIM2
SIM3
SIM4
1
21
22
SIM5
SIM1
SIM2
SIM3
SIM4
1
21
22
SIM5
SIM1
SIM2
SIM3
SIM4
1
21
22
SIM5
SIM1
SIM2
SIM3
SIM4
1
21
22
SIM5
SIM1
SIM2
SIM3
SIM4
1
21
22
SIM5
SIM1
SIM2
SIM3
SIM4
1
21
22
SIM5
SIM1
SIM2
SIM3
SIM4
1
21
22
SIM5
SIM1
SIM2
SIM3
SIM4
1
21
22
SIM5
SIM1
SIM2
SIM3
SIM4
1
21
22
SIM5
SIM1
SIM2
SIM3
SIM4
1
21
22
SIM5
SIM1
SIM2
SIM3
SIM4
1
21
22
SIM5
SIM1
SIM2
SIM3
SIM4
1
21
22
SIM5
SIM1
SIM2
SIM3
SIM4
1
21
22
SIM5
SIM1
SIM2
SIM3
SIM4
1
21
22
SIM5
SIM1
SIM2
SIM3
SIM4
1
21
22
SIM5
SIM1
SIM2
SIM3
SIM4
1
21
22
SIM5
SIM1
SIM2
SIM3
SIM4
1
21
22
SIM5
SIM1
SIM2
SIM3
SIM4
1
21
22
SIM5
SIM1
SIM2
SIM3
SIM4
1
21
22
SIM5
SIM1
SIM2
SIM3
SIM4
1
21
22
SIM5
SIM1
SIM2
SIM3
SIM4
1
21
22
SIM5
SIM1
SIM2
SIM3
SIM4
1
21
22
SIM5
SIM1
SIM2
SIM3
SIM4
1
21
22
SIM5
SIM1
SIM2
SIM3
SIM4
1
21
22
SIM5
SIM1
SIM2
SIM3
SIM4
1
21
22
SIM5
SIM1
SIM2
SIM3
SIM4
1
21
22
SIM5
SIM1
SIM2
DEBUG 1 834
SIM1
SIM2
SIM3
SIM4
1
21
22
SIM5
SIM1
SIM2
SIM3
SIM4
1
21
22
SIM5
SIM1
SIM2
SIM3
SIM4
1
21
22
SIM5
SIM1
SIM2
SIM3
SIM4
1
21
22
SIM5
SIM1
SIM2
SIM3
SIM4
1
21
22
SIM5
SIM1
SIM2
SIM3
SIM4
1
21
22
SIM5
SIM1
SIM2
SIM3
SIM4
1
21
22
SIM5
SIM1
SIM2
SIM3
SIM4
1
21
22
SIM5
SIM1
SIM2
SIM3
SIM4
1
21
22
SIM5
SIM1
SIM2
SIM3
SIM4
1
21
22
SIM5
SIM1
SIM2
SIM3
SIM4
1
21
22
SIM5
SIM1
SIM2
SIM3
SIM4
1
21
22
SIM5
SIM1
SIM2
SIM3
SIM4
1
21
22
SIM5
SIM1
SIM2
SIM3
SIM4
1
21
22
SIM5
SIM1
SIM2
SIM3
SIM4
1
21
22
SIM5
SIM1
SIM2
SIM3
SIM4
1
21
22
SIM5
SIM1
SIM2
SIM3
SIM4
1
21
22
SIM5
SIM1
SIM2
SIM3
SIM4
1
21
22
SIM5
SIM1
SIM2
SIM3
SIM4
1
21
22
SIM5
SIM1
SIM2
SIM3
SIM4
1
21
22
SIM5
SIM1
SIM2
SIM3
SIM4
1
21
22
SIM5
SIM1
SIM2
SIM3
SIM4
1
21
22
SIM5
SIM1
SIM2
SIM3
SIM4
1
21
22
SIM5
SIM1
SIM2
SIM3
SIM4
1
21
22
SIM5
SIM1
SIM2
SIM3
SIM4
1
21
22
SIM5
SIM1
SIM2
SIM3
SIM4
1
21
22
SIM5
SIM1
SIM2
SIM3
SIM4
1
21
22
SIM5
SIM1
SIM2
SIM3
SIM4
1
21
22
SIM5
SIM1
SIM2
SIM3
SIM4
1
21
22
SIM5
SIM1
SIM2
SIM3
SIM4
1
21
22
SIM5
SIM1
SIM2
SIM3
SIM4
1
21
22
SIM5
SIM1
SIM2
SIM3
SIM4
1
21
22
SIM5
SIM1
SIM2
SIM3
SIM4
1
21
22
SIM5
SIM1
SIM2
SIM3
SIM4
1
21
22
SIM5
SIM1
SIM2
SIM3
SIM4
1
21
22
SIM5
SIM1
SIM2
SIM3
SIM4
1
21
22
SIM5
SIM1
SIM2
SIM3
SIM4
1
21
22
SIM5
SIM1
SIM2
SIM3
SIM4
1
21
22
SIM5
SIM1
SIM2
SIM3
SIM4
1
21
22
SIM5
SIM1
SIM2
SIM3
SIM4
1
21
22
SIM5
SIM1
SIM2
SIM3
SIM4
1
21
22
SIM5
SIM1
SIM2
SIM3
SIM4
1
21
22
SIM5
SIM1
SIM2
SIM3
SIM4
1
21
22
SIM5
SIM1
SIM2
SIM3
SIM4
1
21
22
SIM5
SIM1
SIM2
SIM3
SIM4
1
21
22
SIM5
SIM1
SIM2
SIM3
SIM4
1
21
22
SIM5
SIM1
SIM2
SIM3
SIM4
1
21
22
SIM5
SIM1
SIM2
SIM3
SIM4
1
21
22
SIM5
SIM1
SIM2
SIM3
SIM4
1
21
22
SIM5
SIM1
SIM2
SIM3
SIM4
1
21
22
SIM5
SIM1
SIM2
SIM3
SIM4
1
21
22
SIM5
SIM1
SIM2
SIM3
SIM4
1
21
22
SIM5
SIM1
SIM2
SIM3
SIM4
1
21
22
SIM5
SIM1
SIM2
SIM3
SIM4
1
21
22
SIM5
SIM1
SIM2
SIM3
SIM4
1
21
22
SIM5
SIM1
SIM2
SIM3
SIM4
1
21
22
SIM5
SIM1
SIM2
SIM3
SIM4
1
21
22
SIM5
SIM1
SIM2
SIM3
SIM4
1
21
22
SIM5
SIM1
SIM2
SIM3
SIM4
1
21
22
SIM5
SIM1
SIM2
SIM3
SIM4
1
21
22
SIM5
SIM1
SIM2
SIM3
SIM4
1
21
22
SIM5
SIM1
SIM2
SIM3
SIM4
1
21
22
SIM5
SIM1
SIM2
SIM3
SIM4
1
21
22
SIM5
SIM1
SIM2
SIM3
SIM4
1
21
22
SIM5
SIM1
SIM2
SIM3
SIM4
1
21
22
SIM5
SIM1
SIM2
SIM3
SIM4
1
21
22
SIM5
SIM1
SIM2
SIM3
SIM4
1
21
22
SIM5
SIM1
SIM2
SIM3
SIM4
1
21
22
SIM5
SIM1
SIM2
SIM3
SIM4
1
21
22
SIM5
SIM1
SIM2
SIM3
SIM4
1
21
22
SIM5
SIM1
SIM2
SIM3
SIM4
1
21
22
SIM5
SIM1
SIM2
SIM3
SIM4
1
21
22
SIM5
SIM1
SIM2
SIM3
SIM4
1
21
22
SIM5
SIM1
SIM2
SIM3
SIM4
1
21
22
SIM5
SIM1
SIM2
SIM3
SIM4
1
21
22
SIM5
SIM1
SIM2
SIM3
SIM4
1
21
22
SIM5
SIM1
SIM2
SIM3
SIM4
1
21
22
SIM5
SIM1
SIM2
SIM3
SIM4
1
21
22
SIM5
SIM1
SIM2
SIM3
SIM4
1
21
22
SIM5
SIM1
SIM2
SIM3
SIM4
1
21
22
SIM5
SIM1
SIM2
SIM3
SIM4
1
21
22
SIM5
SIM1
SIM2
SIM3
SIM4
1
21
22
SIM5
SIM1
SIM2
SIM3
SIM4
1
21
22
SIM5
SIM1
SIM2
SIM3
SIM4
1
21
22
SIM5
SIM1
SIM2
SIM3
SIM4
1
21
22
SIM5
SIM1
SIM2
SIM3
SIM4
1
21
22
SIM5
SIM1
SIM2
SIM3
SIM4
1
21
22
SIM5
SIM1
SIM2
SIM3
SIM4
1
21
22
SIM5
SIM1
SIM2
SIM3
SIM4
1
21
22
SIM5
SIM1
SIM2
SIM3
SIM4
1
21
22
SIM5
SIM1
SIM2
SIM3
SIM4
1
21
22
SIM5
SIM1
SIM2
SIM3
SIM4
1
21
22
SIM5
SIM1
SIM2
SIM3
SIM4
1
21
22
SIM5
SIM1
SIM2
SIM3
SIM4
1
21
22
SIM5
SIM1
SIM2
SIM3
SIM4
1
21
22
SIM5
SIM1
SIM2
SIM3
SIM4
1
21
22
SIM5
SIM1
SIM2
SIM3
SIM4
1
21
22
SIM5
SIM1
SIM2
SIM3
SIM4
1
21
22
SIM5
SIM1
SIM2
SIM3
SIM4
1
21
22
SIM5
SIM1
SIM2
SIM3
SIM4
1
21
22
SIM5
SIM1
SIM2
SIM3
SIM4
1
21
22
SIM5
SIM1
SIM2
SIM3
SIM4
1
21
22
SIM5
SIM1
SIM2
SIM3
SIM4
1
21
22
SIM5
SIM1
SIM2
SIM3
SIM4
1
21
22
SIM5
SIM1
SIM2
SIM3
SIM4
1
21
22
SIM5
SIM1
SIM2
SIM3
SIM4
1
21
22
SIM5
SIM1
SIM2
SIM3
SIM4
1
21
22
SIM5
SIM1
SIM2
SIM3
SIM4
1
21
22
SIM5
SIM1
SIM2
SIM3
SIM4
1
21
22
SIM5
SIM1
SIM2
SIM3
SIM4
1
21
22
SIM5
SIM1
SIM2
SIM3
SIM4
1
21
22
SIM5
SIM1
SIM2
SIM3
SIM4
1
21
22
SIM5
SIM1
SIM2
SIM3
SIM4
1
21
22
SIM5
SIM1
SIM2
SIM3
SIM4
1
21
22
SIM5
SIM1
SIM2
SIM3
SIM4
1
21
22
SIM5
SIM1
SIM2
SIM3
SIM4
1
21
22
SIM5
SIM1
SIM2
SIM3
SIM4
1
21
22
SIM5
SIM1
SIM2
SIM3
SIM4
1
21
22
SIM5
SIM1
SIM2
SIM3
SIM4
1
21
22
SIM5
SIM1
SIM2
SIM3
SIM4
1
21
22
SIM5
SIM1
SIM2
SIM3
SIM4
1
21
22
SIM5
SIM1
SIM2
SIM3
SIM4
1
21
22
SIM5
SIM1
SIM2
SIM3
SIM4
1
21
22
SIM5
SIM1
SIM2
SIM3
SIM4
1
21
22
SIM5
SIM1
SIM2
SIM3
SIM4
1
21
22
SIM5
SIM1
SIM2
SIM3
SIM4
1
21
22
SIM5
SIM1
SIM2
SIM3
SIM4
1
21
22
SIM5
SIM1
SIM2
SIM3
SIM4
1
21
22
SIM5
SIM1
SIM2
SIM3
SIM4
1
21
22
SIM5
SIM1
SIM2
SIM3
SIM4
1
21
22
SIM5
SIM1
SIM2
SIM3
SIM4
1
21
22
SIM5
SIM1
SIM2
SIM3
SIM4
1
21
22
SIM5
SIM1
SIM2
SIM3
SIM4
1
21
22
SIM5
SIM1
SIM2
SIM3
SIM4
1
21
22
SIM5
SIM1
SIM2
SIM3
SIM4
1
21
22
SIM5
SIM1
SIM2
SIM3
SIM4
1
21
22
SIM5
SIM1
SIM2
SIM3
SIM4
1
21
22
SIM5
SIM1
SIM2
SIM3
SIM4
1
21
22
SIM5
SIM1
SIM2
SIM3
SIM4
1
21
22
SIM5
SIM1
SIM2
SIM3
SIM4
1
21
22
SIM5
SIM1
SIM2
SIM3
SIM4
1
21
22
SIM5
SIM1
SIM2
SIM3
SIM4
1
21
22
SIM5
SIM1
SIM2
SIM3
SIM4
1
21
22
SIM5
SIM1
SIM2
SIM3
SIM4
1
21
22
SIM5
SIM1
SIM2
SIM3
SIM4
1
21
22
SIM5
SIM1
SIM2
SIM3
SIM4
1
21
22
SIM5
SIM1
SIM2
SIM3
SIM4
1
21
22
SIM5
SIM1
SIM2
SIM3
SIM4
1
21
22
SIM5
SIM1
SIM2
SIM3
SIM4
1
21
22
SIM5
SIM1
SIM2
SIM3
SIM4
1
21
22
SIM5
SIM1
SIM2
SIM3
SIM4
1
21
22
SIM5
SIM1
SIM2
SIM3
SIM4
1
21
22
SIM5
SIM1
SIM2
SIM3
SIM4
1
21
22
SIM5
SIM1
SIM2
SIM3
SIM4
1
21
22
SIM5
SIM1
SIM2
SIM3
SIM4
1
21
22
SIM5
SIM1
SIM2
SIM3
SIM4
1
21
22
SIM5
SIM1
SIM2
SIM3
SIM4
1
21
22
SIM5
SIM1
SIM2
SIM3
SIM4
1
21
22
SIM5
SIM1
SIM2
SIM3
SIM4
1
21
22
SIM5
SIM1
SIM2
SIM3
SIM4
1
21
22
SIM5
SIM1
SIM2
SIM3
SIM4
1
21
22
SIM5
SIM1
SIM2
SIM3
SIM4
1
21
22
SIM5
SIM1
SIM2
SIM3
SIM4
1
21
22
SIM5
SIM1
SIM2
SIM3
SIM4
1
21
22
SIM5
SIM1
SIM2
SIM3
SIM4
1
21
22
SIM5
SIM1
SIM2
SIM3
SIM4
1
21
22
SIM5
SIM1
SIM2
SIM3
SIM4
1
21
22
SIM5
SIM1
SIM2
SIM3
SIM4
1
21
22
SIM5
SIM1
SIM2
SIM3
SIM4
1
21
22
SIM5
SIM1
SIM2
SIM3
SIM4
1
21
22
SIM5
SIM1
SIM2
SIM3
SIM4
1
21
22
SIM5
SIM1
SIM2
SIM3
SIM4
1
21
22
SIM5
SIM1
SIM2
SIM3
SIM4
1
21
22
SIM5
SIM1
SIM2
SIM3
SIM4
1
21
22
SIM5
SIM1
SIM2
SIM3
SIM4
1
21
22
SIM5
SIM1
SIM2
SIM3
SIM4
1
21
22
SIM5
SIM1
SIM2
SIM3
SIM4
1
21
22
SIM5
SIM1
SIM2
SIM3
SIM4
1
21
22
SIM5
SIM1
SIM2
SIM3
SIM4
1
21
22
SIM5
SIM1
SIM2
SIM3
SIM4
1
21
22
SIM5
SIM1
SIM2
SIM3
SIM4
1
21
22
SIM5
SIM1
SIM2
SIM3
SIM4
1
21
22
SIM5
SIM1
SIM2
SIM3
SIM4
1
21
22
SIM5
SIM1
SIM2
SIM3
SIM4
1
21
22
SIM5
SIM1
SIM2
SIM3
SIM4
1
21
22
SIM5
SIM1
SIM2
SIM3
SIM4
1
21
22
SIM5
SIM1
SIM2
SIM3
SIM4
1
21
22
SIM5
SIM1
SIM2
SIM3
SIM4
1
21
22
SIM5
SIM1
SIM2
SIM3
SIM4
1
21
22
SIM5
SIM1
SIM2
SIM3
SIM4
1
21
22
SIM5
SIM1
SIM2
SIM3
SIM4
1
21
22
SIM5
SIM1
SIM2
SIM3
SIM4
1
21
22
SIM5
SIM1
SIM2
SIM3
SIM4
1
21
22
SIM5
SIM1
SIM2
SIM3
SIM4
1
21
22
SIM5
SIM1
SIM2
SIM3
SIM4
1
21
22
SIM5
SIM1
SIM2
SIM3
SIM4
1
21
22
SIM5
SIM1
SIM2
SIM3
SIM4
1
21
22
SIM5
SIM1
SIM2
SIM3
SIM4
1
21
22
SIM5
SIM1
SIM2
SIM3
SIM4
1
21
22
SIM5
SIM1
SIM2
SIM3
SIM4
1
21
22
SIM5
SIM1
SIM2
SIM3
SIM4
1
21
22
SIM5
SIM1
SIM2
SIM3
SIM4
1
21
22
SIM5
SIM1
SIM2
SIM3
SIM4
1
21
22
SIM5
SIM1
SIM2
SIM3
SIM4
1
21
22
SIM5
SIM1
SIM2
SIM3
SIM4
1
21
22
SIM5
SIM1
SIM2
SIM3
SIM4
1
21
22
SIM5
SIM1
SIM2
SIM3
SIM4
1
21
22
SIM5
SIM1
SIM2
SIM3
SIM4
1
21
22
SIM5
SIM1
SIM2
SIM3
SIM4
1
21
22
SIM5
SIM1
SIM2
SIM3
SIM4
1
21
22
SIM5
SIM1
SIM2
SIM3
SIM4
1
21
22
SIM5
SIM1
SIM2
SIM3
SIM4
1
21
22
SIM5
SIM1
SIM2
SIM3
SIM4
1
21
22
SIM5
SIM1
SIM2
SIM3
SIM4
1
21
22
SIM5
SIM1
SIM2
DEBUG 1 835
SIM1
SIM2
SIM3
SIM4
1
21
22
SIM5
SIM1
SIM2
SIM3
SIM4
1
21
22
SIM5
SIM1
SIM2
SIM3
SIM4
1
21
22
SIM5
SIM1
SIM2
SIM3
SIM4
1
21
22
SIM5
SIM1
SIM2
SIM3
SIM4
1
21
22
SIM5
SIM1
SIM2
SIM3
SIM4
1
21
22
SIM5
SIM1
SIM2
SIM3
SIM4
1
21
22
SIM5
SIM1
SIM2
SIM3
SIM4
1
21
22
SIM5
SIM1
SIM2
SIM3
SIM4
1
21
22
SIM5
SIM1
SIM2
SIM3
SIM4
1
21
22
SIM5
SIM1
SIM2
SIM3
SIM4
1
21
22
SIM5
SIM1
SIM2
SIM3
SIM4
1
21
22
SIM5
SIM1
SIM2
SIM3
SIM4
1
21
22
SIM5
SIM1
SIM2
SIM3
SIM4
1
21
22
SIM5
SIM1
SIM2
SIM3
SIM4
1
21
22
SIM5
SIM1
SIM2
SIM3
SIM4
1
21
22
SIM5
SIM1
SIM2
SIM3
SIM4
1
21
22
SIM5
SIM1
SIM2
SIM3
SIM4
1
21
22
SIM5
SIM1
SIM2
SIM3
SIM4
1
21
22
SIM5
SIM1
SIM2
SIM3
SIM4
1
21
22
SIM5
SIM1
SIM2
SIM3
SIM4
1
21
22
SIM5
SIM1
SIM2
SIM3
SIM4
1
21
22
SIM5
SIM1
SIM2
SIM3
SIM4
1
21
22
SIM5
SIM1
SIM2
SIM3
SIM4
1
21
22
SIM5
SIM1
SIM2
SIM3
SIM4
1
21
22
SIM5
SIM1
SIM2
SIM3
SIM4
1
21
22
SIM5
SIM1
SIM2
SIM3
SIM4
1
21
22
SIM5
SIM1
SIM2
SIM3
SIM4
1
21
22
SIM5
SIM1
SIM2
SIM3
SIM4
1
21
22
SIM5
SIM1
SIM2
SIM3
SIM4
1
21
22
SIM5
SIM1
SIM2
SIM3
SIM4
1
21
22
SIM5
SIM1
SIM2
SIM3
SIM4
1
21
22
SIM5
SIM1
SIM2
SIM3
SIM4
1
21
22
SIM5
SIM1
SIM2
SIM3
SIM4
1
21
22
SIM5
SIM1
SIM2
SIM3
SIM4
1
21
22
SIM5
SIM1
SIM2
SIM3
SIM4
1
21
22
SIM5
SIM1
SIM2
SIM3
SIM4
1
21
22
SIM5
SIM1
SIM2
SIM3
SIM4
1
21
22
SIM5
SIM1
SIM2
SIM3
SIM4
1
21
22
SIM5
SIM1
SIM2
SIM3
SIM4
1
21
22
SIM5
SIM1
SIM2
SIM3
SIM4
1
21
22
SIM5
SIM1
SIM2
SIM3
SIM4
1
21
22
SIM5
SIM1
SIM2
SIM3
SIM4
1
21
22
SIM5
SIM1
SIM2
SIM3
SIM4
1
21
22
SIM5
SIM1
SIM2
SIM3
SIM4
1
21
22
SIM5
SIM1
SIM2
SIM3
SIM4
1
21
22
SIM5
SIM1
SIM2
SIM3
SIM4
1
21
22
SIM5
SIM1
SIM2
SIM3
SIM4
1
21
22
SIM5
SIM1
SIM2
SIM3
SIM4
1
21
22
SIM5
SIM1
SIM2
SIM3
SIM4
1
21
22
SIM5
SIM1
SIM2
SIM3
SIM4
1
21
22
SIM5
SIM1
SIM2
SIM3
SIM4
1
21
22
SIM5
SIM1
SIM2
SIM3
SIM4
1
21
22
SIM5
SIM1
SIM2
SIM3
SIM4
1
21
22
SIM5
SIM1
SIM2
SIM3
SIM4
1
21
22
SIM5
SIM1
SIM2
SIM3
SIM4
1
21
22
SIM5
SIM1
SIM2
SIM3
SIM4
1
21
22
SIM5
SIM1
SIM2
SIM3
SIM4
1
21
22
SIM5
SIM1
SIM2
SIM3
SIM4
1
21
22
SIM5
SIM1
SIM2
SIM3
SIM4
1
21
22
SIM5
SIM1
SIM2
SIM3
SIM4
1
21
22
SIM5
SIM1
SIM2
SIM3
SIM4
1
21
22
SIM5
SIM1
SIM2
SIM3
SIM4
1
21
22
SIM5
SIM1
SIM2
SIM3
SIM4
1
21
22
SIM5
SIM1
SIM2
SIM3
SIM4
1
21
22
SIM5
SIM1
SIM2
SIM3
SIM4
1
21
22
SIM5
SIM1
SIM2
SIM3
SIM4
1
21
22
SIM5
SIM1
SIM2
SIM3
SIM4
1
21
22
SIM5
SIM1
SIM2
SIM3
SIM4
1
21
22
SIM5
SIM1
SIM2
SIM3
SIM4
1
21
22
SIM5
SIM1
SIM2
SIM3
SIM4
1
21
22
SIM5
SIM1
SIM2
SIM3
SIM4
1
21
22
SIM5
SIM1
SIM2
SIM3
SIM4
1
21
22
SIM5
SIM1
SIM2
SIM3
SIM4
1
21
22
SIM5
SIM1
SIM2
SIM3
SIM4
1
21
22
SIM5
SIM1
SIM2
SIM3
SIM4
1
21
22
SIM5
SIM1
SIM2
SIM3
SIM4
1
21
22
SIM5
SIM1
SIM2
SIM3
SIM4
1
21
22
SIM5
SIM1
SIM2
SIM3
SIM4
1
21
22
SIM5
SIM1
SIM2
SIM3
SIM4
1
21
22
SIM5
SIM1
SIM2
SIM3
SIM4
1
21
22
SIM5
SIM1
SIM2
SIM3
SIM4
1
21
22
SIM5
SIM1
SIM2
SIM3
SIM4
1
21
22
SIM5
SIM1
SIM2
SIM3
SIM4
1
21
22
SIM5
SIM1
SIM2
SIM3
SIM4
1
21
22
SIM5
SIM1
SIM2
SIM3
SIM4
1
21
22
SIM5
SIM1
SIM2
SIM3
SIM4
1
21
22
SIM5
SIM1
SIM2
SIM3
SIM4
1
21
22
SIM5
SIM1
SIM2
SIM3
SIM4
1
21
22
SIM5
SIM1
SIM2
SIM3
SIM4
1
21
22
SIM5
SIM1
SIM2
SIM3
SIM4
1
21
22
SIM5
SIM1
SIM2
SIM3
SIM4
1
21
22
SIM5
SIM1
SIM2
SIM3
SIM4
1
21
22
SIM5
SIM1
SIM2
SIM3
SIM4
1
21
22
SIM5
SIM1
SIM2
SIM3
SIM4
1
21
22
SIM5
SIM1
SIM2
SIM3
SIM4
1
21
22
SIM5
SIM1
SIM2
SIM3
SIM4
1
21
22
SIM5
SIM1
SIM2
SIM3
SIM4
1
21
22
SIM5
SIM1
SIM2
SIM3
SIM4
1
21
22
SIM5
SIM1
SIM2
SIM3
SIM4
1
21
22
SIM5
SIM1
SIM2
SIM3
SIM4
1
21
22
SIM5
SIM1
SIM2
SIM3
SIM4
1
21
22
SIM5
SIM1
SIM2
SIM3
SIM4
1
21
22
SIM5
SIM1
SIM2
SIM3
SIM4
1
21
22
SIM5
SIM1
SIM2
SIM3
SIM4
1
21
22
SIM5
SIM1
SIM2
SIM3
SIM4
1
21
22
SIM5
SIM1
SIM2
SIM3
SIM4
1
21
22
SIM5
SIM1
SIM2
SIM3
SIM4
1
21
22
SIM5
SIM1
SIM2
SIM3
SIM4
1
21
22
SIM5
SIM1
SIM2
SIM3
SIM4
1
21
22
SIM5
SIM1
SIM2
SIM3
SIM4
1
21
22
SIM5
SIM1
SIM2
SIM3
SIM4
1
21
22
SIM5
SIM1
SIM2
SIM3
SIM4
1
21
22
SIM5
SIM1
SIM2
SIM3
SIM4
1
21
22
SIM5
SIM1
SIM2
SIM3
SIM4
1
21
22
SIM5
SIM1
SIM2
SIM3
SIM4
1
21
22
SIM5
SIM1
SIM2
SIM3
SIM4
1
21
22
SIM5
SIM1
SIM2
SIM3
SIM4
1
21
22
SIM5
SIM1
SIM2
SIM3
SIM4
1
21
22
SIM5
SIM1
SIM2
SIM3
SIM4
1
21
22
SIM5
SIM1
SIM2
SIM3
SIM4
1
21
22
SIM5
SIM1
SIM2
SIM3
SIM4
1
21
22
SIM5
SIM1
SIM2
SIM3
SIM4
1
21
22
SIM5
SIM1
SIM2
SIM3
SIM4
1
21
22
SIM5
SIM1
SIM2
SIM3
SIM4
1
21
22
SIM5
SIM1
SIM2
SIM3
SIM4
1
21
22
SIM5
SIM1
SIM2
SIM3
SIM4
1
21
22
SIM5
SIM1
SIM2
SIM3
SIM4
1
21
22
SIM5
SIM1
SIM2
SIM3
SIM4
1
21
22
SIM5
SIM1
SIM2
SIM3
SIM4
1
21
22
SIM5
SIM1
SIM2
SIM3
SIM4
1
21
22
SIM5
SIM1
SIM2
SIM3
SIM4
1
21
22
SIM5
SIM1
SIM2
SIM3
SIM4
1
21
22
SIM5
SIM1
SIM2
DEBUG 1 836
SIM1
SIM2
SIM3
SIM4
1
21
22
SIM5
SIM1
SIM2
SIM3
SIM4
1
21
22
SIM5
SIM1
SIM2
SIM3
SIM4
1
21
22
SIM5
SIM1
SIM2
SIM3
SIM4
1
21
22
SIM5
SIM1
SIM2
SIM3
SIM4
1
21
22
SIM5
SIM1
SIM2
SIM3
SIM4
1
21
22
SIM5
SIM1
SIM2
SIM3
SIM4
1
21
22
SIM5
SIM1
SIM2
SIM3
SIM4
1
21
22
SIM5
SIM1
SIM2
SIM3
SIM4
1
21
22
SIM5
SIM1
SIM2
SIM3
SIM4
1
21
22
SIM5
SIM1
SIM2
SIM3
SIM4
1
21
22
SIM5
SIM1
SIM2
SIM3
SIM4
1
21
22
SIM5
SIM1
SIM2
SIM3
SIM4
1
21
22
SIM5
SIM1
SIM2
SIM3
SIM4
1
21
22
SIM5
SIM1
SIM2
SIM3
SIM4
1
21
22
SIM5
SIM1
SIM2
SIM3
SIM4
1
21
22
SIM5
SIM1
SIM2
SIM3
SIM4
1
21
22
SIM5
SIM1
SIM2
SIM3
SIM4
1
21
22
SIM5
SIM1
SIM2
SIM3
SIM4
1
21
22
SIM5
SIM1
SIM2
SIM3
SIM4
1
21
22
SIM5
SIM1
SIM2
SIM3
SIM4
1
21
22
SIM5
SIM1
SIM2
SIM3
SIM4
1
21
22
SIM5
SIM1
SIM2
SIM3
SIM4
1
21
22
SIM5
SIM1
SIM2
SIM3
SIM4
1
21
22
SIM5
SIM1
SIM2
SIM3
SIM4
1
21
22
SIM5
SIM1
SIM2
SIM3
SIM4
1
21
22
SIM5
SIM1
SIM2
SIM3
SIM4
1
21
22
SIM5
SIM1
SIM2
SIM3
SIM4
1
21
22
SIM5
SIM1
SIM2
SIM3
SIM4
1
21
22
SIM5
SIM1
SIM2
SIM3
SIM4
1
21
22
SIM5
SIM1
SIM2
SIM3
SIM4
1
21
22
SIM5
SIM1
SIM2
SIM3
SIM4
1
21
22
SIM5
SIM1
SIM2
SIM3
SIM4
1
21
22
SIM5
SIM1
SIM2
SIM3
SIM4
1
21
22
SIM5
SIM1
SIM2
SIM3
SIM4
1
21
22
SIM5
SIM1
SIM2
SIM3
SIM4
1
21
22
SIM5
SIM1
SIM2
SIM3
SIM4
1
21
22
SIM5
SIM1
SIM2
SIM3
SIM4
1
21
22
SIM5
SIM1
SIM2
SIM3
SIM4
1
21
22
SIM5
SIM1
SIM2
SIM3
SIM4
1
21
22
SIM5
SIM1
SIM2
SIM3
SIM4
1
21
22
SIM5
SIM1
SIM2
SIM3
SIM4
1
21
22
SIM5
SIM1
SIM2
SIM3
SIM4
1
21
22
SIM5
SIM1
SIM2
SIM3
SIM4
1
21
22
SIM5
SIM1
SIM2
SIM3
SIM4
1
21
22
SIM5
SIM1
SIM2
SIM3
SIM4
1
21
22
SIM5
SIM1
SIM2
SIM3
SIM4
1
21
22
SIM5
SIM1
SIM2
SIM3
SIM4
1
21
22
SIM5
SIM1
SIM2
SIM3
SIM4
1
21
22
SIM5
SIM1
SIM2
SIM3
SIM4
1
21
22
SIM5
SIM1
SIM2
SIM3
SIM4
1
21
22
SIM5
SIM1
SIM2
SIM3
SIM4
1
21
22
SIM5
SIM1
SIM2
SIM3
SIM4
1
21
22
SIM5
SIM1
SIM2
SIM3
SIM4
1
21
22
SIM5
SIM1
SIM2
SIM3
SIM4
1
21
22
SIM5
SIM1
SIM2
SIM3
SIM4
1
21
22
SIM5
SIM1
SIM2
SIM3
SIM4
1
21
22
SIM5
SIM1
SIM2
SIM3
SIM4
1
21
22
SIM5
SIM1
SIM2
SIM3
SIM4
1
21
22
SIM5
SIM1
SIM2
SIM3
SIM4
1
21
22
SIM5
SIM1
SIM2
SIM3
SIM4
1
21
22
SIM5
SIM1
SIM2
SIM3
SIM4
1
21
22
SIM5
SIM1
SIM2
SIM3
SIM4
1
21
22
SIM5
SIM1
SIM2
SIM3
SIM4
1
21
22
SIM5
SIM1
SIM2
SIM3
SIM4
1
21
22
SIM5
SIM1
SIM2
SIM3
SIM4
1
21
22
SIM5
SIM1
SIM2
SIM3
SIM4
1
21
22
SIM5
SIM1
SIM2
SIM3
SIM4
1
21
22
SIM5
SIM1
SIM2
SIM3
SIM4
1
21
22
SIM5
SIM1
SIM2
SIM3
SIM4
1
21
22
SIM5
SIM1
SIM2
SIM3
SIM4
1
21
22
SIM5
SIM1
SIM2
SIM3
SIM4
1
21
22
SIM5
SIM1
SIM2
SIM3
SIM4
1
21
22
SIM5
SIM1
SIM2
SIM3
SIM4
1
21
22
SIM5
SIM1
SIM2
SIM3
SIM4
1
21
22
SIM5
SIM1
SIM2
SIM3
SIM4
1
21
22
SIM5
SIM1
SIM2
SIM3
SIM4
1
21
22
SIM5
SIM1
SIM2
SIM3
SIM4
1
21
22
SIM5
SIM1
SIM2
SIM3
SIM4
1
21
22
SIM5
SIM1
SIM2
SIM3
SIM4
1
21
22
SIM5
SIM1
SIM2
SIM3
SIM4
1
21
22
SIM5
SIM1
SIM2
SIM3
SIM4
1
21
22
SIM5
SIM1
SIM2
SIM3
SIM4
1
21
22
SIM5
SIM1
SIM2
SIM3
SIM4
1
21
22
SIM5
SIM1
SIM2
SIM3
SIM4
1
21
22
SIM5
SIM1
SIM2
SIM3
SIM4
1
21
22
SIM5
SIM1
SIM2
SIM3
SIM4
1
21
22
SIM5
SIM1
SIM2
SIM3
SIM4
1
21
22
SIM5
SIM1
SIM2
SIM3
SIM4
1
21
22
SIM5
SIM1
SIM2
SIM3
SIM4
1
21
22
SIM5
SIM1
SIM2
SIM3
SIM4
1
21
22
SIM5
SIM1
SIM2
SIM3
SIM4
1
21
22
SIM5
SIM1
SIM2
SIM3
SIM4
1
21
22
SIM5
SIM1
SIM2
SIM3
SIM4
1
21
22
SIM5
SIM1
SIM2
SIM3
SIM4
1
21
22
SIM5
SIM1
SIM2
SIM3
SIM4
1
21
22
SIM5
SIM1
SIM2
SIM3
SIM4
1
21
22
SIM5
SIM1
SIM2
SIM3
SIM4
1
21
22
SIM5
SIM1
SIM2
SIM3
SIM4
1
21
22
SIM5
SIM1
SIM2
SIM3
SIM4
1
21
22
SIM5
SIM1
SIM2
SIM3
SIM4
1
21
22
SIM5
SIM1
SIM2
SIM3
SIM4
1
21
22
SIM5
SIM1
SIM2
SIM3
SIM4
1
21
22
SIM5
SIM1
SIM2
SIM3
SIM4
1
21
22
SIM5
SIM1
SIM2
SIM3
SIM4
1
21
22
SIM5
SIM1
SIM2
SIM3
SIM4
1
21
22
SIM5
SIM1
SIM2
SIM3
SIM4
1
21
22
SIM5
SIM1
SIM2
SIM3
SIM4
1
21
22
SIM5
SIM1
SIM2
SIM3
SIM4
1
21
22
SIM5
SIM1
SIM2
SIM3
SIM4
1
21
22
SIM5
SIM1
SIM2
SIM3
SIM4
1
21
22
SIM5
SIM1
SIM2
SIM3
SIM4
1
21
22
SIM5
SIM1
SIM2
SIM3
SIM4
1
21
22
SIM5
SIM1
SIM2
SIM3
SIM4
1
21
22
SIM5
SIM1
SIM2
SIM3
SIM4
1
21
22
SIM5
SIM1
SIM2
SIM3
SIM4
1
21
22
SIM5
SIM1
SIM2
SIM3
SIM4
1
21
22
SIM5
SIM1
SIM2
SIM3
SIM4
1
21
22
SIM5
SIM1
SIM2
SIM3
SIM4
1
21
22
SIM5
SIM1
SIM2
SIM3
SIM4
1
21
22
SIM5
SIM1
SIM2
SIM3
SIM4
1
21
22
SIM5
SIM1
SIM2
SIM3
SIM4
1
21
22
SIM5
SIM1
SIM2
SIM3
SIM4
1
21
22
SIM5
SIM1
SIM2
SIM3
SIM4
1
21
22
SIM5
SIM1
SIM2
SIM3
SIM4
1
21
22
SIM5
SIM1
SIM2
SIM3
SIM4
1
21
22
SIM5
SIM1
SIM2
SIM3
SIM4
1
21
22
SIM5
SIM1
SIM2
SIM3
SIM4
1
21
22
SIM5
SIM1
SIM2
SIM3
SIM4
1
21
22
SIM5
SIM1
SIM2
SIM3
SIM4
1
21
22
SIM5
SIM1
SIM2
SIM3
SIM4
1
21
22
SIM5
SIM1
SIM2
SIM3
SIM4
1
21
22
SIM5
SIM1
SIM2
SIM3
SIM4
1
21
22
SIM5
SIM1
SIM2
SIM3
SIM4
1
21
22
SIM5
SIM1
SIM2
SIM3
SIM4
1
21
22
SIM5
SIM1
SIM2
SIM3
SIM4
1
21
22
SIM5
SIM1
SIM2
SIM3
SIM4
1
21
22
SIM5
SIM1
SIM2
SIM3
SIM4
1
21
22
SIM5
SIM1
SIM2
SIM3
SIM4
1
21
22
SIM5
SIM1
SIM2
SIM3
SIM4
1
21
22
SIM5
SIM1
SIM2
SIM3
SIM4
1
21
22
SIM5
SIM1
SIM2
SIM3
SIM4
1
21
22
SIM5
SIM1
SIM2
SIM3
SIM4
1
21
22
SIM5
SIM1
SIM2
SIM3
SIM4
1
21
22
SIM5
SIM1
SIM2
SIM3
SIM4
1
21
22
SIM5
SIM1
SIM2
SIM3
SIM4
1
21
22
SIM5
SIM1
SIM2
SIM3
SIM4
1
21
22
SIM5
SIM1
SIM2
SIM3
SIM4
1
21
22
SIM5
SIM1
SIM2
SIM3
SIM4
1
21
22
SIM5
SIM1
SIM2
SIM3
SIM4
1
21
22
SIM5
SIM1
SIM2
SIM3
SIM4
1
21
22
SIM5
SIM1
SIM2
SIM3
SIM4
1
21
22
SIM5
SIM1
SIM2
SIM3
SIM4
1
21
22
SIM5
SIM1
SIM2
SIM3
SIM4
1
21
22
SIM5
SIM1
SIM2
SIM3
SIM4
1
21
22
SIM5
SIM1
SIM2
SIM3
SIM4
1
21
22
SIM5
SIM1
SIM2
SIM3
SIM4
1
21
22
SIM5
SIM1
SIM2
SIM3
SIM4
1
21
22
SIM5
SIM1
SIM2
SIM3
SIM4
1
21
22
SIM5
SIM1
SIM2
SIM3
SIM4
1
21
22
SIM5
SIM1
SIM2
SIM3
SIM4
1
21
22
SIM5
SIM1
SIM2
SIM3
SIM4
1
21
22
SIM5
SIM1
SIM2
SIM3
SIM4
1
21
22
SIM5
SIM1
SIM2
SIM3
SIM4
1
21
22
SIM5
SIM1
SIM2
SIM3
SIM4
1
21
22
SIM5
SIM1
SIM2
SIM3
SIM4
1
21
22
SIM5
SIM1
SIM2
SIM3
SIM4
1
21
22
SIM5
SIM1
SIM2
SIM3
SIM4
1
21
22
SIM5
SIM1
SIM2
SIM3
SIM4
1
21
22
SIM5
SIM1
SIM2
SIM3
SIM4
1
21
22
SIM5
SIM1
SIM2
SIM3
SIM4
1
21
22
SIM5
SIM1
SIM2
SIM3
SIM4
1
21
22
SIM5
SIM1
SIM2
SIM3
SIM4
1
21
22
SIM5
SIM1
SIM2
SIM3
SIM4
1
21
22
SIM5
SIM1
SIM2
SIM3
SIM4
1
21
22
SIM5
SIM1
SIM2
SIM3
SIM4
1
21
22
SIM5
SIM1
SIM2
SIM3
SIM4
1
21
22
SIM5
SIM1
SIM2
SIM3
SIM4
1
21
22
SIM5
SIM1
SIM2
SIM3
SIM4
1
21
22
SIM5
SIM1
SIM2
SIM3
SIM4
1
21
22
SIM5
SIM1
SIM2
SIM3
SIM4
1
21
22
SIM5
SIM1
SIM2
SIM3
SIM4
1
21
22
SIM5
SIM1
SIM2
SIM3
SIM4
1
21
22
SIM5
SIM1
SIM2
SIM3
SIM4
1
21
22
SIM5
SIM1
SIM2
SIM3
SIM4
1
21
22
SIM5
SIM1
SIM2
SIM3
SIM4
1
21
22
SIM5
SIM1
SIM2
SIM3
SIM4
1
21
22
SIM5
SIM1
SIM2
SIM3
SIM4
1
21
22
SIM5
SIM1
SIM2
SIM3
SIM4
1
21
22
SIM5
SIM1
SIM2
SIM3
SIM4
1
21
22
SIM5
SIM1
SIM2
SIM3
SIM4
1
21
22
SIM5
SIM1
SIM2
DEBUG 1 837
SIM1
SIM2
SIM3
SIM4
1
21
22
SIM5
SIM1
SIM2
SIM3
SIM4
1
21
22
SIM5
SIM1
SIM2
SIM3
SIM4
1
21
22
SIM5
SIM1
SIM2
SIM3
SIM4
1
21
22
SIM5
SIM1
SIM2
SIM3
SIM4
1
21
22
SIM5
SIM1
SIM2
SIM3
SIM4
1
21
22
SIM5
SIM1
SIM2
SIM3
SIM4
1
21
22
SIM5
SIM1
SIM2
SIM3
SIM4
1
21
22
SIM5
SIM1
SIM2
SIM3
SIM4
1
21
22
SIM5
SIM1
SIM2
SIM3
SIM4
1
21
22
SIM5
SIM1
SIM2
SIM3
SIM4
1
21
22
SIM5
SIM1
SIM2
SIM3
SIM4
1
21
22
SIM5
SIM1
SIM2
SIM3
SIM4
1
21
22
SIM5
SIM1
SIM2
SIM3
SIM4
1
21
22
SIM5
SIM1
SIM2
SIM3
SIM4
1
21
22
SIM5
SIM1
SIM2
SIM3
SIM4
1
21
22
SIM5
SIM1
SIM2
SIM3
SIM4
1
21
22
SIM5
SIM1
SIM2
SIM3
SIM4
1
21
22
SIM5
SIM1
SIM2
SIM3
SIM4
1
21
22
SIM5
SIM1
SIM2
SIM3
SIM4
1
21
22
SIM5
SIM1
SIM2
SIM3
SIM4
1
21
22
SIM5
SIM1
SIM2
SIM3
SIM4
1
21
22
SIM5
SIM1
SIM2
SIM3
SIM4
1
21
22
SIM5
SIM1
SIM2
SIM3
SIM4
1
21
22
SIM5
SIM1
SIM2
SIM3
SIM4
1
21
22
SIM5
SIM1
SIM2
SIM3
SIM4
1
21
22
SIM5
SIM1
SIM2
SIM3
SIM4
1
21
22
SIM5
SIM1
SIM2
SIM3
SIM4
1
21
22
SIM5
SIM1
SIM2
SIM3
SIM4
1
21
22
SIM5
SIM1
SIM2
SIM3
SIM4
1
21
22
SIM5
SIM1
SIM2
SIM3
SIM4
1
21
22
SIM5
SIM1
SIM2
SIM3
SIM4
1
21
22
SIM5
SIM1
SIM2
SIM3
SIM4
1
21
22
SIM5
SIM1
SIM2
SIM3
SIM4
1
21
22
SIM5
SIM1
SIM2
SIM3
SIM4
1
21
22
SIM5
SIM1
SIM2
SIM3
SIM4
1
21
22
SIM5
SIM1
SIM2
SIM3
SIM4
1
21
22
SIM5
SIM1
SIM2
SIM3
SIM4
1
21
22
SIM5
SIM1
SIM2
SIM3
SIM4
1
21
22
SIM5
SIM1
SIM2
SIM3
SIM4
1
21
22
SIM5
SIM1
SIM2
SIM3
SIM4
1
21
22
SIM5
SIM1
SIM2
SIM3
SIM4
1
21
22
SIM5
SIM1
SIM2
SIM3
SIM4
1
21
22
SIM5
SIM1
SIM2
SIM3
SIM4
1
21
22
SIM5
SIM1
SIM2
SIM3
SIM4
1
21
22
SIM5
SIM1
SIM2
SIM3
SIM4
1
21
22
SIM5
SIM1
SIM2
SIM3
SIM4
1
21
22
SIM5
SIM1
SIM2
SIM3
SIM4
1
21
22
SIM5
SIM1
SIM2
SIM3
SIM4
1
21
22
SIM5
SIM1
SIM2
SIM3
SIM4
1
21
22
SIM5
SIM1
SIM2
SIM3
SIM4
1
21
22
SIM5
SIM1
SIM2
SIM3
SIM4
1
21
22
SIM5
SIM1
SIM2
SIM3
SIM4
1
21
22
SIM5
SIM1
SIM2
SIM3
SIM4
1
21
22
SIM5
SIM1
SIM2
SIM3
SIM4
1
21
22
SIM5
SIM1
SIM2
SIM3
SIM4
1
21
22
SIM5
SIM1
SIM2
SIM3
SIM4
1
21
22
SIM5
SIM1
SIM2
SIM3
SIM4
1
21
22
SIM5
SIM1
SIM2
SIM3
SIM4
1
21
22
SIM5
SIM1
SIM2
SIM3
SIM4
1
21
22
SIM5
SIM1
SIM2
SIM3
SIM4
1
21
22
SIM5
SIM1
SIM2
SIM3
SIM4
1
21
22
SIM5
SIM1
SIM2
SIM3
SIM4
1
21
22
SIM5
SIM1
SIM2
SIM3
SIM4
1
21
22
SIM5
SIM1
SIM2
SIM3
SIM4
1
21
22
SIM5
SIM1
SIM2
SIM3
SIM4
1
21
22
SIM5
SIM1
SIM2
SIM3
SIM4
1
21
22
SIM5
SIM1
SIM2
SIM3
SIM4
1
21
22
SIM5
SIM1
SIM2
SIM3
SIM4
1
21
22
SIM5
SIM1
SIM2
SIM3
SIM4
1
21
22
SIM5
SIM1
SIM2
SIM3
SIM4
1
21
22
SIM5
SIM1
SIM2
SIM3
SIM4
1
21
22
SIM5
SIM1
SIM2
SIM3
SIM4
1
21
22
SIM5
SIM1
SIM2
SIM3
SIM4
1
21
22
SIM5
SIM1
SIM2
SIM3
SIM4
1
21
22
SIM5
SIM1
SIM2
SIM3
SIM4
1
21
22
SIM5
SIM1
SIM2
SIM3
SIM4
1
21
22
SIM5
SIM1
SIM2
SIM3
SIM4
1
21
22
SIM5
SIM1
SIM2
SIM3
SIM4
1
21
22
SIM5
SIM1
SIM2
SIM3
SIM4
1
21
22
SIM5
SIM1
SIM2
SIM3
SIM4
1
21
22
SIM5
SIM1
SIM2
SIM3
SIM4
1
21
22
SIM5
SIM1
SIM2
SIM3
SIM4
1
21
22
SIM5
SIM1
SIM2
SIM3
SIM4
1
21
22
SIM5
SIM1
SIM2
SIM3
SIM4
1
21
22
SIM5
SIM1
SIM2
SIM3
SIM4
1
21
22
SIM5
SIM1
SIM2
SIM3
SIM4
1
21
22
SIM5
SIM1
SIM2
SIM3
SIM4
1
21
22
SIM5
SIM1
SIM2
SIM3
SIM4
1
21
22
SIM5
SIM1
SIM2
SIM3
SIM4
1
21
22
SIM5
SIM1
SIM2
SIM3
SIM4
1
21
22
SIM5
SIM1
SIM2
SIM3
SIM4
1
21
22
SIM5
SIM1
SIM2
SIM3
SIM4
1
21
22
SIM5
SIM1
SIM2
SIM3
SIM4
1
21
22
SIM5
SIM1
SIM2
SIM3
SIM4
1
21
22
SIM5
SIM1
SIM2
SIM3
SIM4
1
21
22
SIM5
SIM1
SIM2
SIM3
SIM4
1
21
22
SIM5
SIM1
SIM2
SIM3
SIM4
1
21
22
SIM5
SIM1
SIM2
SIM3
SIM4
1
21
22
SIM5
SIM1
SIM2
SIM3
SIM4
1
21
22
SIM5
SIM1
SIM2
DEBUG 1 838
SIM1
SIM2
SIM3
SIM4
1
21
22
SIM5
SIM1
SIM2
SIM3
SIM4
1
21
22
SIM5
SIM1
SIM2
SIM3
SIM4
1
21
22
SIM5
SIM1
SIM2
SIM3
SIM4
1
21
22
SIM5
SIM1
SIM2
SIM3
SIM4
1
21
22
SIM5
SIM1
SIM2
SIM3
SIM4
1
21
22
SIM5
SIM1
SIM2
SIM3
SIM4
1
21
22
SIM5
SIM1
SIM2
SIM3
SIM4
1
21
22
SIM5
SIM1
SIM2
SIM3
SIM4
1
21
22
SIM5
SIM1
SIM2
SIM3
SIM4
1
21
22
SIM5
SIM1
SIM2
SIM3
SIM4
1
21
22
SIM5
SIM1
SIM2
SIM3
SIM4
1
21
22
SIM5
SIM1
SIM2
SIM3
SIM4
1
21
22
SIM5
SIM1
SIM2
SIM3
SIM4
1
21
22
SIM5
SIM1
SIM2
SIM3
SIM4
1
21
22
SIM5
SIM1
SIM2
SIM3
SIM4
1
21
22
SIM5
SIM1
SIM2
SIM3
SIM4
1
21
22
SIM5
SIM1
SIM2
SIM3
SIM4
1
21
22
SIM5
SIM1
SIM2
SIM3
SIM4
1
21
22
SIM5
SIM1
SIM2
SIM3
SIM4
1
21
22
SIM5
SIM1
SIM2
SIM3
SIM4
1
21
22
SIM5
SIM1
SIM2
SIM3
SIM4
1
21
22
SIM5
SIM1
SIM2
SIM3
SIM4
1
21
22
SIM5
SIM1
SIM2
SIM3
SIM4
1
21
22
SIM5
SIM1
SIM2
SIM3
SIM4
1
21
22
SIM5
SIM1
SIM2
SIM3
SIM4
1
21
22
SIM5
SIM1
SIM2
SIM3
SIM4
1
21
22
SIM5
SIM1
SIM2
SIM3
SIM4
1
21
22
SIM5
SIM1
SIM2
SIM3
SIM4
1
21
22
SIM5
SIM1
SIM2
SIM3
SIM4
1
21
22
SIM5
SIM1
SIM2
SIM3
SIM4
1
21
22
SIM5
SIM1
SIM2
SIM3
SIM4
1
21
22
SIM5
SIM1
SIM2
SIM3
SIM4
1
21
22
SIM5
SIM1
SIM2
SIM3
SIM4
1
21
22
SIM5
SIM1
SIM2
SIM3
SIM4
1
21
22
SIM5
SIM1
SIM2
SIM3
SIM4
1
21
22
SIM5
SIM1
SIM2
SIM3
SIM4
1
21
22
SIM5
SIM1
SIM2
SIM3
SIM4
1
21
22
SIM5
SIM1
SIM2
SIM3
SIM4
1
21
22
SIM5
SIM1
SIM2
SIM3
SIM4
1
21
22
SIM5
SIM1
SIM2
SIM3
SIM4
1
21
22
SIM5
SIM1
SIM2
SIM3
SIM4
1
21
22
SIM5
SIM1
SIM2
SIM3
SIM4
1
21
22
SIM5
SIM1
SIM2
SIM3
SIM4
1
21
22
SIM5
SIM1
SIM2
SIM3
SIM4
1
21
22
SIM5
SIM1
SIM2
SIM3
SIM4
1
21
22
SIM5
SIM1
SIM2
SIM3
SIM4
1
21
22
SIM5
SIM1
SIM2
SIM3
SIM4
1
21
22
SIM5
SIM1
SIM2
SIM3
SIM4
1
21
22
SIM5
SIM1
SIM2
SIM3
SIM4
1
21
22
SIM5
SIM1
SIM2
SIM3
SIM4
1
21
22
SIM5
SIM1
SIM2
SIM3
SIM4
1
21
22
SIM5
SIM1
SIM2
SIM3
SIM4
1
21
22
SIM5
SIM1
SIM2
SIM3
SIM4
1
21
22
SIM5
SIM1
SIM2
SIM3
SIM4
1
21
22
SIM5
SIM1
SIM2
SIM3
SIM4
1
21
22
SIM5
SIM1
SIM2
SIM3
SIM4
1
21
22
SIM5
SIM1
SIM2
SIM3
SIM4
1
21
22
SIM5
SIM1
SIM2
SIM3
SIM4
1
21
22
SIM5
SIM1
SIM2
SIM3
SIM4
1
21
22
SIM5
SIM1
SIM2
SIM3
SIM4
1
21
22
SIM5
SIM1
SIM2
SIM3
SIM4
1
21
22
SIM5
SIM1
SIM2
SIM3
SIM4
1
21
22
SIM5
SIM1
SIM2
SIM3
SIM4
1
21
22
SIM5
SIM1
SIM2
SIM3
SIM4
1
21
22
SIM5
SIM1
SIM2
SIM3
SIM4
1
21
22
SIM5
SIM1
SIM2
SIM3
SIM4
1
21
22
SIM5
SIM1
SIM2
SIM3
SIM4
1
21
22
SIM5
SIM1
SIM2
SIM3
SIM4
1
21
22
SIM5
SIM1
SIM2
SIM3
SIM4
1
21
22
SIM5
SIM1
SIM2
SIM3
SIM4
1
21
22
SIM5
SIM1
SIM2
SIM3
SIM4
1
21
22
SIM5
SIM1
SIM2
SIM3
SIM4
1
21
22
SIM5
SIM1
SIM2
SIM3
SIM4
1
21
22
SIM5
SIM1
SIM2
SIM3
SIM4
1
21
22
SIM5
SIM1
SIM2
SIM3
SIM4
1
21
22
SIM5
SIM1
SIM2
SIM3
SIM4
1
21
22
SIM5
SIM1
SIM2
SIM3
SIM4
1
21
22
SIM5
SIM1
SIM2
SIM3
SIM4
1
21
22
SIM5
SIM1
SIM2
SIM3
SIM4
1
21
22
SIM5
SIM1
SIM2
SIM3
SIM4
1
21
22
SIM5
SIM1
SIM2
SIM3
SIM4
1
21
22
SIM5
SIM1
SIM2
SIM3
SIM4
1
21
22
SIM5
SIM1
SIM2
SIM3
SIM4
1
21
22
SIM5
SIM1
SIM2
SIM3
SIM4
1
21
22
SIM5
SIM1
SIM2
SIM3
SIM4
1
21
22
SIM5
SIM1
SIM2
SIM3
SIM4
1
21
22
SIM5
SIM1
SIM2
SIM3
SIM4
1
21
22
SIM5
SIM1
SIM2
SIM3
SIM4
1
21
22
SIM5
SIM1
SIM2
SIM3
SIM4
1
21
22
SIM5
SIM1
SIM2
SIM3
SIM4
1
21
22
SIM5
SIM1
SIM2
SIM3
SIM4
1
21
22
SIM5
SIM1
SIM2
SIM3
SIM4
1
21
22
SIM5
SIM1
SIM2
SIM3
SIM4
1
21
22
SIM5
SIM1
SIM2
SIM3
SIM4
1
21
22
SIM5
SIM1
SIM2
SIM3
SIM4
1
21
22
SIM5
SIM1
SIM2
SIM3
SIM4
1
21
22
SIM5
SIM1
SIM2
SIM3
SIM4
1
21
22
SIM5
SIM1
SIM2
SIM3
SIM4
1
21
22
SIM5
SIM1
SIM2
SIM3
SIM4
1
21
22
SIM5
SIM1
SIM2
SIM3
SIM4
1
21
22
SIM5
SIM1
SIM2
SIM3
SIM4
1
21
22
SIM5
SIM1
SIM2
SIM3
SIM4
1
21
22
SIM5
SIM1
SIM2
SIM3
SIM4
1
21
22
SIM5
SIM1
SIM2
SIM3
SIM4
1
21
22
SIM5
SIM1
SIM2
SIM3
SIM4
1
21
22
SIM5
SIM1
SIM2
SIM3
SIM4
1
21
22
SIM5
SIM1
SIM2
SIM3
SIM4
1
21
22
SIM5
SIM1
SIM2
SIM3
SIM4
1
21
22
SIM5
SIM1
SIM2
SIM3
SIM4
1
21
22
SIM5
SIM1
SIM2
SIM3
SIM4
1
21
22
SIM5
SIM1
SIM2
SIM3
SIM4
1
21
22
SIM5
SIM1
SIM2
SIM3
SIM4
1
21
22
SIM5
SIM1
SIM2
SIM3
SIM4
1
21
22
SIM5
SIM1
SIM2
SIM3
SIM4
1
21
22
SIM5
SIM1
SIM2
SIM3
SIM4
1
21
22
SIM5
SIM1
SIM2
SIM3
SIM4
1
21
22
SIM5
SIM1
SIM2
SIM3
SIM4
1
21
22
SIM5
SIM1
SIM2
SIM3
SIM4
1
21
22
SIM5
SIM1
SIM2
SIM3
SIM4
1
21
22
SIM5
SIM1
SIM2
SIM3
SIM4
1
21
22
SIM5
SIM1
SIM2
SIM3
SIM4
1
21
22
SIM5
SIM1
SIM2
SIM3
SIM4
1
21
22
SIM5
SIM1
SIM2
SIM3
SIM4
1
21
22
SIM5
SIM1
SIM2
SIM3
SIM4
1
21
22
SIM5
SIM1
SIM2
SIM3
SIM4
1
21
22
SIM5
SIM1
SIM2
SIM3
SIM4
1
21
22
SIM5
SIM1
SIM2
SIM3
SIM4
1
21
22
SIM5
SIM1
SIM2
SIM3
SIM4
1
21
22
SIM5
SIM1
SIM2
SIM3
SIM4
1
21
22
SIM5
SIM1
SIM2
SIM3
SIM4
1
21
22
SIM5
SIM1
SIM2
SIM3
SIM4
1
21
22
SIM5
SIM1
SIM2
SIM3
SIM4
1
21
22
SIM5
SIM1
SIM2
SIM3
SIM4
1
21
22
SIM5
SIM1
SIM2
SIM3
SIM4
1
21
22
SIM5
SIM1
SIM2
SIM3
SIM4
1
21
22
SIM5
SIM1
SIM2
SIM3
SIM4
1
21
22
SIM5
SIM1
SIM2
SIM3
SIM4
1
21
22
SIM5
SIM1
SIM2
SIM3
SIM4
1
21
22
SIM5
SIM1
SIM2
SIM3
SIM4
1
21
22
SIM5
SIM1
SIM2
DEBUG 1 839
SIM1
SIM2
SIM3
SIM4
1
21
22
SIM5
SIM1
SIM2
SIM3
SIM4
1
21
22
SIM5
SIM1
SIM2
SIM3
SIM4
1
21
22
SIM5
SIM1
SIM2
SIM3
SIM4
1
21
22
SIM5
SIM1
SIM2
SIM3
SIM4
1
21
22
SIM5
SIM1
SIM2
SIM3
SIM4
1
21
22
SIM5
SIM1
SIM2
SIM3
SIM4
1
21
22
SIM5
SIM1
SIM2
SIM3
SIM4
1
21
22
SIM5
SIM1
SIM2
SIM3
SIM4
1
21
22
SIM5
SIM1
SIM2
SIM3
SIM4
1
21
22
SIM5
SIM1
SIM2
SIM3
SIM4
1
21
22
SIM5
SIM1
SIM2
SIM3
SIM4
1
21
22
SIM5
SIM1
SIM2
SIM3
SIM4
1
21
22
SIM5
SIM1
SIM2
SIM3
SIM4
1
21
22
SIM5
SIM1
SIM2
SIM3
SIM4
1
21
22
SIM5
SIM1
SIM2
SIM3
SIM4
1
21
22
SIM5
SIM1
SIM2
SIM3
SIM4
1
21
22
SIM5
SIM1
SIM2
SIM3
SIM4
1
21
22
SIM5
SIM1
SIM2
SIM3
SIM4
1
21
22
SIM5
SIM1
SIM2
SIM3
SIM4
1
21
22
SIM5
SIM1
SIM2
SIM3
SIM4
1
21
22
SIM5
SIM1
SIM2
SIM3
SIM4
1
21
22
SIM5
SIM1
SIM2
SIM3
SIM4
1
21
22
SIM5
SIM1
SIM2
SIM3
SIM4
1
21
22
SIM5
SIM1
SIM2
SIM3
SIM4
1
21
22
SIM5
SIM1
SIM2
SIM3
SIM4
1
21
22
SIM5
SIM1
SIM2
SIM3
SIM4
1
21
22
SIM5
SIM1
SIM2
SIM3
SIM4
1
21
22
SIM5
SIM1
SIM2
SIM3
SIM4
1
21
22
SIM5
SIM1
SIM2
SIM3
SIM4
1
21
22
SIM5
SIM1
SIM2
SIM3
SIM4
1
21
22
SIM5
SIM1
SIM2
SIM3
SIM4
1
21
22
SIM5
SIM1
SIM2
SIM3
SIM4
1
21
22
SIM5
SIM1
SIM2
SIM3
SIM4
1
21
22
SIM5
SIM1
SIM2
SIM3
SIM4
1
21
22
SIM5
SIM1
SIM2
SIM3
SIM4
1
21
22
SIM5
SIM1
SIM2
SIM3
SIM4
1
21
22
SIM5
SIM1
SIM2
SIM3
SIM4
1
21
22
SIM5
SIM1
SIM2
SIM3
SIM4
1
21
22
SIM5
SIM1
SIM2
SIM3
SIM4
1
21
22
SIM5
SIM1
SIM2
SIM3
SIM4
1
21
22
SIM5
SIM1
SIM2
SIM3
SIM4
1
21
22
SIM5
SIM1
SIM2
SIM3
SIM4
1
21
22
SIM5
SIM1
SIM2
SIM3
SIM4
1
21
22
SIM5
SIM1
SIM2
SIM3
SIM4
1
21
22
SIM5
SIM1
SIM2
SIM3
SIM4
1
21
22
SIM5
SIM1
SIM2
SIM3
SIM4
1
21
22
SIM5
SIM1
SIM2
SIM3
SIM4
1
21
22
SIM5
SIM1
SIM2
SIM3
SIM4
1
21
22
SIM5
SIM1
SIM2
SIM3
SIM4
1
21
22
SIM5
SIM1
SIM2
SIM3
SIM4
1
21
22
SIM5
SIM1
SIM2
SIM3
SIM4
1
21
22
SIM5
SIM1
SIM2
SIM3
SIM4
1
21
22
SIM5
SIM1
SIM2
SIM3
SIM4
1
21
22
SIM5
SIM1
SIM2
SIM3
SIM4
1
21
22
SIM5
SIM1
SIM2
SIM3
SIM4
1
21
22
SIM5
SIM1
SIM2
SIM3
SIM4
1
21
22
SIM5
SIM1
SIM2
SIM3
SIM4
1
21
22
SIM5
SIM1
SIM2
SIM3
SIM4
1
21
22
SIM5
SIM1
SIM2
SIM3
SIM4
1
21
22
SIM5
SIM1
SIM2
SIM3
SIM4
1
21
22
SIM5
SIM1
SIM2
SIM3
SIM4
1
21
22
SIM5
SIM1
SIM2
SIM3
SIM4
1
21
22
SIM5
SIM1
SIM2
SIM3
SIM4
1
21
22
SIM5
SIM1
SIM2
SIM3
SIM4
1
21
22
SIM5
SIM1
SIM2
SIM3
SIM4
1
21
22
SIM5
SIM1
SIM2
SIM3
SIM4
1
21
22
SIM5
SIM1
SIM2
SIM3
SIM4
1
21
22
SIM5
SIM1
SIM2
SIM3
SIM4
1
21
22
SIM5
SIM1
SIM2
SIM3
SIM4
1
21
22
SIM5
SIM1
SIM2
SIM3
SIM4
1
21
22
SIM5
SIM1
SIM2
SIM3
SIM4
1
21
22
SIM5
SIM1
SIM2
SIM3
SIM4
1
21
22
SIM5
SIM1
SIM2
SIM3
SIM4
1
21
22
SIM5
SIM1
SIM2
SIM3
SIM4
1
21
22
SIM5
SIM1
SIM2
SIM3
SIM4
1
21
22
SIM5
SIM1
SIM2
SIM3
SIM4
1
21
22
SIM5
SIM1
SIM2
SIM3
SIM4
1
21
22
SIM5
SIM1
SIM2
SIM3
SIM4
1
21
22
SIM5
SIM1
SIM2
SIM3
SIM4
1
21
22
SIM5
SIM1
SIM2
SIM3
SIM4
1
21
22
SIM5
SIM1
SIM2
SIM3
SIM4
1
21
22
SIM5
SIM1
SIM2
SIM3
SIM4
1
21
22
SIM5
SIM1
SIM2
SIM3
SIM4
1
21
22
SIM5
SIM1
SIM2
SIM3
SIM4
1
21
22
SIM5
SIM1
SIM2
DEBUG 1 840
SIM1
SIM2
SIM3
SIM4
1
21
22
SIM5
SIM1
SIM2
SIM3
SIM4
1
21
22
SIM5
SIM1
SIM2
SIM3
SIM4
1
21
22
SIM5
SIM1
SIM2
SIM3
SIM4
1
21
22
SIM5
SIM1
SIM2
SIM3
SIM4
1
21
22
SIM5
SIM1
SIM2
SIM3
SIM4
1
21
22
SIM5
SIM1
SIM2
SIM3
SIM4
1
21
22
SIM5
SIM1
SIM2
SIM3
SIM4
1
21
22
SIM5
SIM1
SIM2
SIM3
SIM4
1
21
22
SIM5
SIM1
SIM2
SIM3
SIM4
1
21
22
SIM5
SIM1
SIM2
SIM3
SIM4
1
21
22
SIM5
SIM1
SIM2
SIM3
SIM4
1
21
22
SIM5
SIM1
SIM2
SIM3
SIM4
1
21
22
SIM5
SIM1
SIM2
SIM3
SIM4
1
21
22
SIM5
SIM1
SIM2
SIM3
SIM4
1
21
22
SIM5
SIM1
SIM2
SIM3
SIM4
1
21
22
SIM5
SIM1
SIM2
SIM3
SIM4
1
21
22
SIM5
SIM1
SIM2
SIM3
SIM4
1
21
22
SIM5
SIM1
SIM2
SIM3
SIM4
1
21
22
SIM5
SIM1
SIM2
SIM3
SIM4
1
21
22
SIM5
SIM1
SIM2
SIM3
SIM4
1
21
22
SIM5
SIM1
SIM2
SIM3
SIM4
1
21
22
SIM5
SIM1
SIM2
SIM3
SIM4
1
21
22
SIM5
SIM1
SIM2
SIM3
SIM4
1
21
22
SIM5
SIM1
SIM2
SIM3
SIM4
1
21
22
SIM5
SIM1
SIM2
SIM3
SIM4
1
21
22
SIM5
SIM1
SIM2
SIM3
SIM4
1
21
22
SIM5
SIM1
SIM2
SIM3
SIM4
1
21
22
SIM5
SIM1
SIM2
SIM3
SIM4
1
21
22
SIM5
SIM1
SIM2
SIM3
SIM4
1
21
22
SIM5
SIM1
SIM2
SIM3
SIM4
1
21
22
SIM5
SIM1
SIM2
SIM3
SIM4
1
21
22
SIM5
SIM1
SIM2
SIM3
SIM4
1
21
22
SIM5
SIM1
SIM2
SIM3
SIM4
1
21
22
SIM5
SIM1
SIM2
SIM3
SIM4
1
21
22
SIM5
SIM1
SIM2
SIM3
SIM4
1
21
22
SIM5
SIM1
SIM2
SIM3
SIM4
1
21
22
SIM5
SIM1
SIM2
SIM3
SIM4
1
21
22
SIM5
SIM1
SIM2
SIM3
SIM4
1
21
22
SIM5
SIM1
SIM2
SIM3
SIM4
1
21
22
SIM5
SIM1
SIM2
SIM3
SIM4
1
21
22
SIM5
SIM1
SIM2
SIM3
SIM4
1
21
22
SIM5
SIM1
SIM2
SIM3
SIM4
1
21
22
SIM5
SIM1
SIM2
SIM3
SIM4
1
21
22
SIM5
SIM1
SIM2
SIM3
SIM4
1
21
22
SIM5
SIM1
SIM2
SIM3
SIM4
1
21
22
SIM5
SIM1
SIM2
SIM3
SIM4
1
21
22
SIM5
SIM1
SIM2
SIM3
SIM4
1
21
22
SIM5
SIM1
SIM2
SIM3
SIM4
1
21
22
SIM5
SIM1
SIM2
SIM3
SIM4
1
21
22
SIM5
SIM1
SIM2
SIM3
SIM4
1
21
22
SIM5
SIM1
SIM2
SIM3
SIM4
1
21
22
SIM5
SIM1
SIM2
SIM3
SIM4
1
21
22
SIM5
SIM1
SIM2
SIM3
SIM4
1
21
22
SIM5
SIM1
SIM2
SIM3
SIM4
1
21
22
SIM5
SIM1
SIM2
SIM3
SIM4
1
21
22
SIM5
SIM1
SIM2
DEBUG 1 841
SIM1
SIM2
SIM3
SIM4
1
21
22
SIM5
SIM1
SIM2
SIM3
SIM4
1
21
22
SIM5
SIM1
SIM2
SIM3
SIM4
1
21
22
SIM5
SIM1
SIM2
SIM3
SIM4
1
21
22
SIM5
SIM1
SIM2
SIM3
SIM4
1
21
22
SIM5
SIM1
SIM2
SIM3
SIM4
1
21
22
SIM5
SIM1
SIM2
SIM3
SIM4
1
21
22
SIM5
SIM1
SIM2
SIM3
SIM4
1
21
22
SIM5
SIM1
SIM2
SIM3
SIM4
1
21
22
SIM5
SIM1
SIM2
SIM3
SIM4
1
21
22
SIM5
SIM1
SIM2
SIM3
SIM4
1
21
22
SIM5
SIM1
SIM2
SIM3
SIM4
1
21
22
SIM5
SIM1
SIM2
SIM3
SIM4
1
21
22
SIM5
SIM1
SIM2
SIM3
SIM4
1
21
22
SIM5
SIM1
SIM2
SIM3
SIM4
1
21
22
SIM5
SIM1
SIM2
SIM3
SIM4
1
21
22
SIM5
SIM1
SIM2
SIM3
SIM4
1
21
22
SIM5
SIM1
SIM2
SIM3
SIM4
1
21
22
SIM5
SIM1
SIM2
SIM3
SIM4
1
21
22
SIM5
SIM1
SIM2
SIM3
SIM4
1
21
22
SIM5
SIM1
SIM2
SIM3
SIM4
1
21
22
SIM5
SIM1
SIM2
SIM3
SIM4
1
21
22
SIM5
SIM1
SIM2
SIM3
SIM4
1
21
22
SIM5
SIM1
SIM2
SIM3
SIM4
1
21
22
SIM5
SIM1
SIM2
SIM3
SIM4
1
21
22
SIM5
SIM1
SIM2
SIM3
SIM4
1
21
22
SIM5
SIM1
SIM2
SIM3
SIM4
1
21
22
SIM5
SIM1
SIM2
SIM3
SIM4
1
21
22
SIM5
SIM1
SIM2
SIM3
SIM4
1
21
22
SIM5
SIM1
SIM2
SIM3
SIM4
1
21
22
SIM5
SIM1
SIM2
SIM3
SIM4
1
21
22
SIM5
SIM1
SIM2
SIM3
SIM4
1
21
22
SIM5
SIM1
SIM2
SIM3
SIM4
1
21
22
SIM5
SIM1
SIM2
SIM3
SIM4
1
21
22
SIM5
SIM1
SIM2
SIM3
SIM4
1
21
22
SIM5
SIM1
SIM2
SIM3
SIM4
1
21
22
SIM5
SIM1
SIM2
SIM3
SIM4
1
21
22
SIM5
SIM1
SIM2
SIM3
SIM4
1
21
22
SIM5
SIM1
SIM2
SIM3
SIM4
1
21
22
SIM5
SIM1
SIM2
SIM3
SIM4
1
21
22
SIM5
SIM1
SIM2
SIM3
SIM4
1
21
22
SIM5
SIM1
SIM2
SIM3
SIM4
1
21
22
SIM5
SIM1
SIM2
SIM3
SIM4
1
21
22
SIM5
SIM1
SIM2
SIM3
SIM4
1
21
22
SIM5
SIM1
SIM2
SIM3
SIM4
1
21
22
SIM5
SIM1
SIM2
SIM3
SIM4
1
21
22
SIM5
SIM1
SIM2
SIM3
SIM4
1
21
22
SIM5
SIM1
SIM2
SIM3
SIM4
1
21
22
SIM5
SIM1
SIM2
SIM3
SIM4
1
21
22
SIM5
SIM1
SIM2
SIM3
SIM4
1
21
22
SIM5
SIM1
SIM2
SIM3
SIM4
1
21
22
SIM5
SIM1
SIM2
SIM3
SIM4
1
21
22
SIM5
SIM1
SIM2
SIM3
SIM4
1
21
22
SIM5
SIM1
SIM2
SIM3
SIM4
1
21
22
SIM5
SIM1
SIM2
SIM3
SIM4
1
21
22
SIM5
SIM1
SIM2
SIM3
SIM4
1
21
22
SIM5
SIM1
SIM2
SIM3
SIM4
1
21
22
SIM5
SIM1
SIM2
SIM3
SIM4
1
21
22
SIM5
SIM1
SIM2
SIM3
SIM4
1
21
22
SIM5
SIM1
SIM2
SIM3
SIM4
1
21
22
SIM5
SIM1
SIM2
SIM3
SIM4
1
21
22
SIM5
SIM1
SIM2
SIM3
SIM4
1
21
22
SIM5
SIM1
SIM2
SIM3
SIM4
1
21
22
SIM5
SIM1
SIM2
SIM3
SIM4
1
21
22
SIM5
SIM1
SIM2
SIM3
SIM4
1
21
22
SIM5
SIM1
SIM2
SIM3
SIM4
1
21
22
SIM5
SIM1
SIM2
SIM3
SIM4
1
21
22
SIM5
SIM1
SIM2
SIM3
SIM4
1
21
22
SIM5
SIM1
SIM2
SIM3
SIM4
1
21
22
SIM5
SIM1
SIM2
SIM3
SIM4
1
21
22
SIM5
SIM1
SIM2
SIM3
SIM4
1
21
22
SIM5
SIM1
SIM2
SIM3
SIM4
1
21
22
SIM5
SIM1
SIM2
SIM3
SIM4
1
21
22
SIM5
SIM1
SIM2
SIM3
SIM4
1
21
22
SIM5
SIM1
SIM2
SIM3
SIM4
1
21
22
SIM5
SIM1
SIM2
SIM3
SIM4
1
21
22
SIM5
SIM1
SIM2
SIM3
SIM4
1
21
22
SIM5
SIM1
SIM2
SIM3
SIM4
1
21
22
SIM5
SIM1
SIM2
SIM3
SIM4
1
21
22
SIM5
SIM1
SIM2
SIM3
SIM4
1
21
22
SIM5
SIM1
SIM2
SIM3
SIM4
1
21
22
SIM5
SIM1
SIM2
SIM3
SIM4
1
21
22
SIM5
SIM1
SIM2
SIM3
SIM4
1
21
22
SIM5
SIM1
SIM2
SIM3
SIM4
1
21
22
SIM5
SIM1
SIM2
SIM3
SIM4
1
21
22
SIM5
SIM1
SIM2
SIM3
SIM4
1
21
22
SIM5
SIM1
SIM2
SIM3
SIM4
1
21
22
SIM5
SIM1
SIM2
SIM3
SIM4
1
21
22
SIM5
SIM1
SIM2
SIM3
SIM4
1
21
22
SIM5
SIM1
SIM2
SIM3
SIM4
1
21
22
SIM5
SIM1
SIM2
SIM3
SIM4
1
21
22
SIM5
SIM1
SIM2
SIM3
SIM4
1
21
22
SIM5
SIM1
SIM2
SIM3
SIM4
1
21
22
SIM5
SIM1
SIM2
SIM3
SIM4
1
21
22
SIM5
SIM1
SIM2
SIM3
SIM4
1
21
22
SIM5
SIM1
SIM2
SIM3
SIM4
1
21
22
SIM5
SIM1
SIM2
SIM3
SIM4
1
21
22
SIM5
SIM1
SIM2
SIM3
SIM4
1
21
22
SIM5
SIM1
SIM2
SIM3
SIM4
1
21
22
SIM5
SIM1
SIM2
SIM3
SIM4
1
21
22
SIM5
SIM1
SIM2
SIM3
SIM4
1
21
22
SIM5
SIM1
SIM2
SIM3
SIM4
1
21
22
SIM5
SIM1
SIM2
SIM3
SIM4
1
21
22
SIM5
SIM1
SIM2
SIM3
SIM4
1
21
22
SIM5
SIM1
SIM2
SIM3
SIM4
1
21
22
SIM5
SIM1
SIM2
SIM3
SIM4
1
21
22
SIM5
SIM1
SIM2
SIM3
SIM4
1
21
22
SIM5
SIM1
SIM2
SIM3
SIM4
1
21
22
SIM5
SIM1
SIM2
SIM3
SIM4
1
21
22
SIM5
SIM1
SIM2
SIM3
SIM4
1
21
22
SIM5
SIM1
SIM2
SIM3
SIM4
1
21
22
SIM5
SIM1
SIM2
SIM3
SIM4
1
21
22
SIM5
SIM1
SIM2
SIM3
SIM4
1
21
22
SIM5
SIM1
SIM2
SIM3
SIM4
1
21
22
SIM5
SIM1
SIM2
SIM3
SIM4
1
21
22
SIM5
SIM1
SIM2
SIM3
SIM4
1
21
22
SIM5
SIM1
SIM2
SIM3
SIM4
1
21
22
SIM5
SIM1
SIM2
SIM3
SIM4
1
21
22
SIM5
SIM1
SIM2
SIM3
SIM4
1
21
22
SIM5
SIM1
SIM2
SIM3
SIM4
1
21
22
SIM5
SIM1
SIM2
SIM3
SIM4
1
21
22
SIM5
SIM1
SIM2
SIM3
SIM4
1
21
22
SIM5
SIM1
SIM2
SIM3
SIM4
1
21
22
SIM5
SIM1
SIM2
SIM3
SIM4
1
21
22
SIM5
SIM1
SIM2
SIM3
SIM4
1
21
22
SIM5
SIM1
SIM2
SIM3
SIM4
1
21
22
SIM5
SIM1
SIM2
SIM3
SIM4
1
21
22
SIM5
SIM1
SIM2
SIM3
SIM4
1
21
22
SIM5
SIM1
SIM2
SIM3
SIM4
1
21
22
SIM5
SIM1
SIM2
SIM3
SIM4
1
21
22
SIM5
SIM1
SIM2
SIM3
SIM4
1
21
22
SIM5
SIM1
SIM2
SIM3
SIM4
1
21
22
SIM5
SIM1
SIM2
SIM3
SIM4
1
21
22
SIM5
SIM1
SIM2
SIM3
SIM4
1
21
22
SIM5
SIM1
SIM2
SIM3
SIM4
1
21
22
SIM5
SIM1
SIM2
SIM3
SIM4
1
21
22
SIM5
SIM1
SIM2
SIM3
SIM4
1
21
22
SIM5
SIM1
SIM2
SIM3
SIM4
1
21
22
SIM5
SIM1
SIM2
SIM3
SIM4
1
21
22
SIM5
SIM1
SIM2
SIM3
SIM4
1
21
22
SIM5
SIM1
SIM2
SIM3
SIM4
1
21
22
SIM5
SIM1
SIM2
SIM3
SIM4
1
21
22
SIM5
SIM1
SIM2
SIM3
SIM4
1
21
22
SIM5
SIM1
SIM2
SIM3
SIM4
1
21
22
SIM5
SIM1
SIM2
SIM3
SIM4
1
21
22
SIM5
SIM1
SIM2
SIM3
SIM4
1
21
22
SIM5
SIM1
SIM2
SIM3
SIM4
1
21
22
SIM5
SIM1
SIM2
SIM3
SIM4
1
21
22
SIM5
SIM1
SIM2
SIM3
SIM4
1
21
22
SIM5
SIM1
SIM2
SIM3
SIM4
1
21
22
SIM5
SIM1
SIM2
SIM3
SIM4
1
21
22
SIM5
SIM1
SIM2
SIM3
SIM4
1
21
22
SIM5
SIM1
SIM2
SIM3
SIM4
1
21
22
SIM5
SIM1
SIM2
SIM3
SIM4
1
21
22
SIM5
SIM1
SIM2
SIM3
SIM4
1
21
22
SIM5
SIM1
SIM2
SIM3
SIM4
1
21
22
SIM5
SIM1
SIM2
SIM3
SIM4
1
21
22
SIM5
SIM1
SIM2
SIM3
SIM4
1
21
22
SIM5
SIM1
SIM2
SIM3
SIM4
1
21
22
SIM5
SIM1
SIM2
SIM3
SIM4
1
21
22
SIM5
SIM1
SIM2
SIM3
SIM4
1
21
22
SIM5
SIM1
SIM2
SIM3
SIM4
1
21
22
SIM5
SIM1
SIM2
SIM3
SIM4
1
21
22
SIM5
SIM1
SIM2
SIM3
SIM4
1
21
22
SIM5
SIM1
SIM2
SIM3
SIM4
1
21
22
SIM5
SIM1
SIM2
SIM3
SIM4
1
21
22
SIM5
SIM1
SIM2
DEBUG 1 842
SIM1
SIM2
SIM3
SIM4
1
21
22
SIM5
SIM1
SIM2
SIM3
SIM4
1
21
22
SIM5
SIM1
SIM2
SIM3
SIM4
1
21
22
SIM5
SIM1
SIM2
SIM3
SIM4
1
21
22
SIM5
SIM1
SIM2
SIM3
SIM4
1
21
22
SIM5
SIM1
SIM2
SIM3
SIM4
1
21
22
SIM5
SIM1
SIM2
SIM3
SIM4
1
21
22
SIM5
SIM1
SIM2
SIM3
SIM4
1
21
22
SIM5
SIM1
SIM2
SIM3
SIM4
1
21
22
SIM5
SIM1
SIM2
SIM3
SIM4
1
21
22
SIM5
SIM1
SIM2
SIM3
SIM4
1
21
22
SIM5
SIM1
SIM2
SIM3
SIM4
1
21
22
SIM5
SIM1
SIM2
SIM3
SIM4
1
21
22
SIM5
SIM1
SIM2
SIM3
SIM4
1
21
22
SIM5
SIM1
SIM2
SIM3
SIM4
1
21
22
SIM5
SIM1
SIM2
SIM3
SIM4
1
21
22
SIM5
SIM1
SIM2
SIM3
SIM4
1
21
22
SIM5
SIM1
SIM2
SIM3
SIM4
1
21
22
SIM5
SIM1
SIM2
SIM3
SIM4
1
21
22
SIM5
SIM1
SIM2
SIM3
SIM4
1
21
22
SIM5
SIM1
SIM2
SIM3
SIM4
1
21
22
SIM5
SIM1
SIM2
SIM3
SIM4
1
21
22
SIM5
SIM1
SIM2
SIM3
SIM4
1
21
22
SIM5
SIM1
SIM2
SIM3
SIM4
1
21
22
SIM5
SIM1
SIM2
SIM3
SIM4
1
21
22
SIM5
SIM1
SIM2
SIM3
SIM4
1
21
22
SIM5
SIM1
SIM2
SIM3
SIM4
1
21
22
SIM5
SIM1
SIM2
SIM3
SIM4
1
21
22
SIM5
SIM1
SIM2
SIM3
SIM4
1
21
22
SIM5
SIM1
SIM2
SIM3
SIM4
1
21
22
SIM5
SIM1
SIM2
SIM3
SIM4
1
21
22
SIM5
SIM1
SIM2
SIM3
SIM4
1
21
22
SIM5
SIM1
SIM2
SIM3
SIM4
1
21
22
SIM5
SIM1
SIM2
SIM3
SIM4
1
21
22
SIM5
SIM1
SIM2
SIM3
SIM4
1
21
22
SIM5
SIM1
SIM2
SIM3
SIM4
1
21
22
SIM5
SIM1
SIM2
SIM3
SIM4
1
21
22
SIM5
SIM1
SIM2
SIM3
SIM4
1
21
22
SIM5
SIM1
SIM2
SIM3
SIM4
1
21
22
SIM5
SIM1
SIM2
SIM3
SIM4
1
21
22
SIM5
SIM1
SIM2
SIM3
SIM4
1
21
22
SIM5
SIM1
SIM2
SIM3
SIM4
1
21
22
SIM5
SIM1
SIM2
SIM3
SIM4
1
21
22
SIM5
SIM1
SIM2
SIM3
SIM4
1
21
22
SIM5
SIM1
SIM2
SIM3
SIM4
1
21
22
SIM5
SIM1
SIM2
SIM3
SIM4
1
21
22
SIM5
SIM1
SIM2
SIM3
SIM4
1
21
22
SIM5
SIM1
SIM2
SIM3
SIM4
1
21
22
SIM5
SIM1
SIM2
SIM3
SIM4
1
21
22
SIM5
SIM1
SIM2
SIM3
SIM4
1
21
22
SIM5
SIM1
SIM2
SIM3
SIM4
1
21
22
SIM5
SIM1
SIM2
SIM3
SIM4
1
21
22
SIM5
SIM1
SIM2
SIM3
SIM4
1
21
22
SIM5
SIM1
SIM2
SIM3
SIM4
1
21
22
SIM5
SIM1
SIM2
SIM3
SIM4
1
21
22
SIM5
SIM1
SIM2
SIM3
SIM4
1
21
22
SIM5
SIM1
SIM2
SIM3
SIM4
1
21
22
SIM5
SIM1
SIM2
SIM3
SIM4
1
21
22
SIM5
SIM1
SIM2
SIM3
SIM4
1
21
22
SIM5
SIM1
SIM2
SIM3
SIM4
1
21
22
SIM5
SIM1
SIM2
SIM3
SIM4
1
21
22
SIM5
SIM1
SIM2
SIM3
SIM4
1
21
22
SIM5
SIM1
SIM2
SIM3
SIM4
1
21
22
SIM5
SIM1
SIM2
SIM3
SIM4
1
21
22
SIM5
SIM1
SIM2
SIM3
SIM4
1
21
22
SIM5
SIM1
SIM2
SIM3
SIM4
1
21
22
SIM5
SIM1
SIM2
SIM3
SIM4
1
21
22
SIM5
SIM1
SIM2
SIM3
SIM4
1
21
22
SIM5
SIM1
SIM2
SIM3
SIM4
1
21
22
SIM5
SIM1
SIM2
SIM3
SIM4
1
21
22
SIM5
SIM1
SIM2
SIM3
SIM4
1
21
22
SIM5
SIM1
SIM2
SIM3
SIM4
1
21
22
SIM5
SIM1
SIM2
SIM3
SIM4
1
21
22
SIM5
SIM1
SIM2
SIM3
SIM4
1
21
22
SIM5
SIM1
SIM2
SIM3
SIM4
1
21
22
SIM5
SIM1
SIM2
SIM3
SIM4
1
21
22
SIM5
SIM1
SIM2
SIM3
SIM4
1
21
22
SIM5
SIM1
SIM2
SIM3
SIM4
1
21
22
SIM5
SIM1
SIM2
SIM3
SIM4
1
21
22
SIM5
SIM1
SIM2
SIM3
SIM4
1
21
22
SIM5
SIM1
SIM2
SIM3
SIM4
1
21
22
SIM5
SIM1
SIM2
SIM3
SIM4
1
21
22
SIM5
SIM1
SIM2
SIM3
SIM4
1
21
22
SIM5
SIM1
SIM2
SIM3
SIM4
1
21
22
SIM5
SIM1
SIM2
SIM3
SIM4
1
21
22
SIM5
SIM1
SIM2
SIM3
SIM4
1
21
22
SIM5
SIM1
SIM2
SIM3
SIM4
1
21
22
SIM5
SIM1
SIM2
SIM3
SIM4
1
21
22
SIM5
SIM1
SIM2
SIM3
SIM4
1
21
22
SIM5
SIM1
SIM2
SIM3
SIM4
1
21
22
SIM5
SIM1
SIM2
SIM3
SIM4
1
21
22
SIM5
SIM1
SIM2
SIM3
SIM4
1
21
22
SIM5
SIM1
SIM2
SIM3
SIM4
1
21
22
SIM5
SIM1
SIM2
SIM3
SIM4
1
21
22
SIM5
SIM1
SIM2
SIM3
SIM4
1
21
22
SIM5
SIM1
SIM2
SIM3
SIM4
1
21
22
SIM5
SIM1
SIM2
SIM3
SIM4
1
21
22
SIM5
SIM1
SIM2
SIM3
SIM4
1
21
22
SIM5
SIM1
SIM2
SIM3
SIM4
1
21
22
SIM5
SIM1
SIM2
SIM3
SIM4
1
21
22
SIM5
SIM1
SIM2
SIM3
SIM4
1
21
22
SIM5
SIM1
SIM2
SIM3
SIM4
1
21
22
SIM5
SIM1
SIM2
SIM3
SIM4
1
21
22
SIM5
SIM1
SIM2
SIM3
SIM4
1
21
22
SIM5
SIM1
SIM2
SIM3
SIM4
1
21
22
SIM5
SIM1
SIM2
SIM3
SIM4
1
21
22
SIM5
SIM1
SIM2
SIM3
SIM4
1
21
22
SIM5
SIM1
SIM2
SIM3
SIM4
1
21
22
SIM5
SIM1
SIM2
SIM3
SIM4
1
21
22
SIM5
SIM1
SIM2
SIM3
SIM4
1
21
22
SIM5
SIM1
SIM2
SIM3
SIM4
1
21
22
SIM5
SIM1
SIM2
SIM3
SIM4
1
21
22
SIM5
SIM1
SIM2
SIM3
SIM4
1
21
22
SIM5
SIM1
SIM2
SIM3
SIM4
1
21
22
SIM5
SIM1
SIM2
SIM3
SIM4
1
21
22
SIM5
SIM1
SIM2
SIM3
SIM4
1
21
22
SIM5
SIM1
SIM2
SIM3
SIM4
1
21
22
SIM5
SIM1
SIM2
SIM3
SIM4
1
21
22
SIM5
SIM1
SIM2
SIM3
SIM4
1
21
22
SIM5
SIM1
SIM2
SIM3
SIM4
1
21
22
SIM5
SIM1
SIM2
SIM3
SIM4
1
21
22
SIM5
SIM1
SIM2
SIM3
SIM4
1
21
22
SIM5
SIM1
SIM2
SIM3
SIM4
1
21
22
SIM5
SIM1
SIM2
SIM3
SIM4
1
21
22
SIM5
SIM1
SIM2
SIM3
SIM4
1
21
22
SIM5
SIM1
SIM2
SIM3
SIM4
1
21
22
SIM5
SIM1
SIM2
SIM3
SIM4
1
21
22
SIM5
SIM1
SIM2
SIM3
SIM4
1
21
22
SIM5
SIM1
SIM2
SIM3
SIM4
1
21
22
SIM5
SIM1
SIM2
SIM3
SIM4
1
21
22
SIM5
SIM1
SIM2
SIM3
SIM4
1
21
22
SIM5
SIM1
SIM2
SIM3
SIM4
1
21
22
SIM5
SIM1
SIM2
SIM3
SIM4
1
21
22
SIM5
SIM1
SIM2
SIM3
SIM4
1
21
22
SIM5
SIM1
SIM2
SIM3
SIM4
1
21
22
SIM5
SIM1
SIM2
SIM3
SIM4
1
21
22
SIM5
SIM1
SIM2
SIM3
SIM4
1
21
22
SIM5
SIM1
SIM2
SIM3
SIM4
1
21
22
SIM5
SIM1
SIM2
SIM3
SIM4
1
21
22
SIM5
SIM1
SIM2
SIM3
SIM4
1
21
22
SIM5
SIM1
SIM2
SIM3
SIM4
1
21
22
SIM5
SIM1
SIM2
SIM3
SIM4
1
21
22
SIM5
SIM1
SIM2
SIM3
SIM4
1
21
22
SIM5
SIM1
SIM2
SIM3
SIM4
1
21
22
SIM5
SIM1
SIM2
SIM3
SIM4
1
21
22
SIM5
SIM1
SIM2
SIM3
SIM4
1
21
22
SIM5
SIM1
SIM2
SIM3
SIM4
1
21
22
SIM5
SIM1
SIM2
SIM3
SIM4
1
21
22
SIM5
SIM1
SIM2
SIM3
SIM4
1
21
22
SIM5
SIM1
SIM2
SIM3
SIM4
1
21
22
SIM5
SIM1
SIM2
SIM3
SIM4
1
21
22
SIM5
SIM1
SIM2
SIM3
SIM4
1
21
22
SIM5
SIM1
SIM2
SIM3
SIM4
1
21
22
SIM5
SIM1
SIM2
SIM3
SIM4
1
21
22
SIM5
SIM1
SIM2
SIM3
SIM4
1
21
22
SIM5
SIM1
SIM2
SIM3
SIM4
1
21
22
SIM5
SIM1
SIM2
SIM3
SIM4
1
21
22
SIM5
SIM1
SIM2
SIM3
SIM4
1
21
22
SIM5
SIM1
SIM2
SIM3
SIM4
1
21
22
SIM5
SIM1
SIM2
SIM3
SIM4
1
21
22
SIM5
SIM1
SIM2
SIM3
SIM4
1
21
22
SIM5
SIM1
SIM2
SIM3
SIM4
1
21
22
SIM5
SIM1
SIM2
SIM3
SIM4
1
21
22
SIM5
SIM1
SIM2
SIM3
SIM4
1
21
22
SIM5
SIM1
SIM2
SIM3
SIM4
1
21
22
SIM5
SIM1
SIM2
SIM3
SIM4
1
21
22
SIM5
SIM1
SIM2
SIM3
SIM4
1
21
22
SIM5
SIM1
SIM2
SIM3
SIM4
1
21
22
SIM5
SIM1
SIM2
SIM3
SIM4
1
21
22
SIM5
SIM1
SIM2
SIM3
SIM4
1
21
22
SIM5
SIM1
SIM2
SIM3
SIM4
1
21
22
SIM5
SIM1
SIM2
SIM3
SIM4
1
21
22
SIM5
SIM1
SIM2
SIM3
SIM4
1
21
22
SIM5
SIM1
SIM2
SIM3
SIM4
1
21
22
SIM5
SIM1
SIM2
SIM3
SIM4
1
21
22
SIM5
SIM1
SIM2
SIM3
SIM4
1
21
22
SIM5
SIM1
SIM2
SIM3
SIM4
1
21
22
SIM5
SIM1
SIM2
SIM3
SIM4
1
21
22
SIM5
SIM1
SIM2
SIM3
SIM4
1
21
22
SIM5
SIM1
SIM2
SIM3
SIM4
1
21
22
SIM5
SIM1
SIM2
SIM3
SIM4
1
21
22
SIM5
SIM1
SIM2
SIM3
SIM4
1
21
22
SIM5
SIM1
SIM2
SIM3
SIM4
1
21
22
SIM5
SIM1
SIM2
SIM3
SIM4
1
21
22
SIM5
SIM1
SIM2
SIM3
SIM4
1
21
22
SIM5
SIM1
SIM2
SIM3
SIM4
1
21
22
SIM5
SIM1
SIM2
SIM3
SIM4
1
21
22
SIM5
SIM1
SIM2
SIM3
SIM4
1
21
22
SIM5
SIM1
SIM2
SIM3
SIM4
1
21
22
SIM5
SIM1
SIM2
SIM3
SIM4
1
21
22
SIM5
SIM1
SIM2
SIM3
SIM4
1
21
22
SIM5
SIM1
SIM2
SIM3
SIM4
1
21
22
SIM5
SIM1
SIM2
SIM3
SIM4
1
21
22
SIM5
SIM1
SIM2
SIM3
SIM4
1
21
22
SIM5
SIM1
SIM2
SIM3
SIM4
1
21
22
SIM5
SIM1
SIM2
SIM3
SIM4
1
21
22
SIM5
SIM1
SIM2
SIM3
SIM4
1
21
22
SIM5
SIM1
SIM2
SIM3
SIM4
1
21
22
SIM5
SIM1
SIM2
SIM3
SIM4
1
21
22
SIM5
SIM1
SIM2
SIM3
SIM4
1
21
22
SIM5
SIM1
SIM2
SIM3
SIM4
1
21
22
SIM5
SIM1
SIM2
SIM3
SIM4
1
21
22
SIM5
SIM1
SIM2
SIM3
SIM4
1
21
22
SIM5
SIM1
SIM2
SIM3
SIM4
1
21
22
SIM5
SIM1
SIM2
SIM3
SIM4
1
21
22
SIM5
SIM1
SIM2
SIM3
SIM4
1
21
22
SIM5
SIM1
SIM2
SIM3
SIM4
1
21
22
SIM5
SIM1
SIM2
SIM3
SIM4
1
21
22
SIM5
SIM1
SIM2
DEBUG 1 843
SIM1
SIM2
SIM3
SIM4
1
21
22
SIM5
SIM1
SIM2
SIM3
SIM4
1
21
22
SIM5
SIM1
SIM2
SIM3
SIM4
1
21
22
SIM5
SIM1
SIM2
SIM3
SIM4
1
21
22
SIM5
SIM1
SIM2
SIM3
SIM4
1
21
22
SIM5
SIM1
SIM2
SIM3
SIM4
1
21
22
SIM5
SIM1
SIM2
SIM3
SIM4
1
21
22
SIM5
SIM1
SIM2
SIM3
SIM4
1
21
22
SIM5
SIM1
SIM2
SIM3
SIM4
1
21
22
SIM5
SIM1
SIM2
SIM3
SIM4
1
21
22
SIM5
SIM1
SIM2
SIM3
SIM4
1
21
22
SIM5
SIM1
SIM2
SIM3
SIM4
1
21
22
SIM5
SIM1
SIM2
SIM3
SIM4
1
21
22
SIM5
SIM1
SIM2
SIM3
SIM4
1
21
22
SIM5
SIM1
SIM2
SIM3
SIM4
1
21
22
SIM5
SIM1
SIM2
SIM3
SIM4
1
21
22
SIM5
SIM1
SIM2
SIM3
SIM4
1
21
22
SIM5
SIM1
SIM2
SIM3
SIM4
1
21
22
SIM5
SIM1
SIM2
SIM3
SIM4
1
21
22
SIM5
SIM1
SIM2
SIM3
SIM4
1
21
22
SIM5
SIM1
SIM2
SIM3
SIM4
1
21
22
SIM5
SIM1
SIM2
SIM3
SIM4
1
21
22
SIM5
SIM1
SIM2
SIM3
SIM4
1
21
22
SIM5
SIM1
SIM2
SIM3
SIM4
1
21
22
SIM5
SIM1
SIM2
SIM3
SIM4
1
21
22
SIM5
SIM1
SIM2
SIM3
SIM4
1
21
22
SIM5
SIM1
SIM2
SIM3
SIM4
1
21
22
SIM5
SIM1
SIM2
SIM3
SIM4
1
21
22
SIM5
SIM1
SIM2
SIM3
SIM4
1
21
22
SIM5
SIM1
SIM2
SIM3
SIM4
1
21
22
SIM5
SIM1
SIM2
SIM3
SIM4
1
21
22
SIM5
SIM1
SIM2
SIM3
SIM4
1
21
22
SIM5
SIM1
SIM2
SIM3
SIM4
1
21
22
SIM5
SIM1
SIM2
SIM3
SIM4
1
21
22
SIM5
SIM1
SIM2
SIM3
SIM4
1
21
22
SIM5
SIM1
SIM2
SIM3
SIM4
1
21
22
SIM5
SIM1
SIM2
SIM3
SIM4
1
21
22
SIM5
SIM1
SIM2
SIM3
SIM4
1
21
22
SIM5
SIM1
SIM2
SIM3
SIM4
1
21
22
SIM5
SIM1
SIM2
SIM3
SIM4
1
21
22
SIM5
SIM1
SIM2
SIM3
SIM4
1
21
22
SIM5
SIM1
SIM2
SIM3
SIM4
1
21
22
SIM5
SIM1
SIM2
SIM3
SIM4
1
21
22
SIM5
SIM1
SIM2
SIM3
SIM4
1
21
22
SIM5
SIM1
SIM2
SIM3
SIM4
1
21
22
SIM5
SIM1
SIM2
SIM3
SIM4
1
21
22
SIM5
SIM1
SIM2
SIM3
SIM4
1
21
22
SIM5
SIM1
SIM2
SIM3
SIM4
1
21
22
SIM5
SIM1
SIM2
SIM3
SIM4
1
21
22
SIM5
SIM1
SIM2
SIM3
SIM4
1
21
22
SIM5
SIM1
SIM2
SIM3
SIM4
1
21
22
SIM5
SIM1
SIM2
SIM3
SIM4
1
21
22
SIM5
SIM1
SIM2
SIM3
SIM4
1
21
22
SIM5
SIM1
SIM2
SIM3
SIM4
1
21
22
SIM5
SIM1
SIM2
SIM3
SIM4
1
21
22
SIM5
SIM1
SIM2
SIM3
SIM4
1
21
22
SIM5
SIM1
SIM2
SIM3
SIM4
1
21
22
SIM5
SIM1
SIM2
SIM3
SIM4
1
21
22
SIM5
SIM1
SIM2
SIM3
SIM4
1
21
22
SIM5
SIM1
SIM2
SIM3
SIM4
1
21
22
SIM5
SIM1
SIM2
SIM3
SIM4
1
21
22
SIM5
SIM1
SIM2
SIM3
SIM4
1
21
22
SIM5
SIM1
SIM2
SIM3
SIM4
1
21
22
SIM5
SIM1
SIM2
SIM3
SIM4
1
21
22
SIM5
SIM1
SIM2
SIM3
SIM4
1
21
22
SIM5
SIM1
SIM2
SIM3
SIM4
1
21
22
SIM5
SIM1
SIM2
SIM3
SIM4
1
21
22
SIM5
SIM1
SIM2
SIM3
SIM4
1
21
22
SIM5
SIM1
SIM2
SIM3
SIM4
1
21
22
SIM5
SIM1
SIM2
SIM3
SIM4
1
21
22
SIM5
SIM1
SIM2
SIM3
SIM4
1
21
22
SIM5
SIM1
SIM2
SIM3
SIM4
1
21
22
SIM5
SIM1
SIM2
SIM3
SIM4
1
21
22
SIM5
SIM1
SIM2
SIM3
SIM4
1
21
22
SIM5
SIM1
SIM2
SIM3
SIM4
1
21
22
SIM5
SIM1
SIM2
SIM3
SIM4
1
21
22
SIM5
SIM1
SIM2
SIM3
SIM4
1
21
22
SIM5
SIM1
SIM2
SIM3
SIM4
1
21
22
SIM5
SIM1
SIM2
SIM3
SIM4
1
21
22
SIM5
SIM1
SIM2
SIM3
SIM4
1
21
22
SIM5
SIM1
SIM2
SIM3
SIM4
1
21
22
SIM5
SIM1
SIM2
SIM3
SIM4
1
21
22
SIM5
SIM1
SIM2
SIM3
SIM4
1
21
22
SIM5
SIM1
SIM2
SIM3
SIM4
1
21
22
SIM5
SIM1
SIM2
SIM3
SIM4
1
21
22
SIM5
SIM1
SIM2
SIM3
SIM4
1
21
22
SIM5
SIM1
SIM2
SIM3
SIM4
1
21
22
SIM5
SIM1
SIM2
SIM3
SIM4
1
21
22
SIM5
SIM1
SIM2
SIM3
SIM4
1
21
22
SIM5
SIM1
SIM2
SIM3
SIM4
1
21
22
SIM5
SIM1
SIM2
SIM3
SIM4
1
21
22
SIM5
SIM1
SIM2
SIM3
SIM4
1
21
22
SIM5
SIM1
SIM2
SIM3
SIM4
1
21
22
SIM5
SIM1
SIM2
SIM3
SIM4
1
21
22
SIM5
SIM1
SIM2
SIM3
SIM4
1
21
22
SIM5
SIM1
SIM2
SIM3
SIM4
1
21
22
SIM5
SIM1
SIM2
SIM3
SIM4
1
21
22
SIM5
SIM1
SIM2
SIM3
SIM4
1
21
22
SIM5
SIM1
SIM2
SIM3
SIM4
1
21
22
SIM5
SIM1
SIM2
SIM3
SIM4
1
21
22
SIM5
SIM1
SIM2
SIM3
SIM4
1
21
22
SIM5
SIM1
SIM2
SIM3
SIM4
1
21
22
SIM5
SIM1
SIM2
SIM3
SIM4
1
21
22
SIM5
SIM1
SIM2
SIM3
SIM4
1
21
22
SIM5
SIM1
SIM2
SIM3
SIM4
1
21
22
SIM5
SIM1
SIM2
SIM3
SIM4
1
21
22
SIM5
SIM1
SIM2
SIM3
SIM4
1
21
22
SIM5
SIM1
SIM2
SIM3
SIM4
1
21
22
SIM5
SIM1
SIM2
SIM3
SIM4
1
21
22
SIM5
SIM1
SIM2
SIM3
SIM4
1
21
22
SIM5
SIM1
SIM2
SIM3
SIM4
1
21
22
SIM5
SIM1
SIM2
SIM3
SIM4
1
21
22
SIM5
SIM1
SIM2
SIM3
SIM4
1
21
22
SIM5
SIM1
SIM2
SIM3
SIM4
1
21
22
SIM5
SIM1
SIM2
SIM3
SIM4
1
21
22
SIM5
SIM1
SIM2
SIM3
SIM4
1
21
22
SIM5
SIM1
SIM2
SIM3
SIM4
1
21
22
SIM5
SIM1
SIM2
SIM3
SIM4
1
21
22
SIM5
SIM1
SIM2
SIM3
SIM4
1
21
22
SIM5
SIM1
SIM2
SIM3
SIM4
1
21
22
SIM5
SIM1
SIM2
SIM3
SIM4
1
21
22
SIM5
SIM1
SIM2
SIM3
SIM4
1
21
22
SIM5
SIM1
SIM2
SIM3
SIM4
1
21
22
SIM5
SIM1
SIM2
SIM3
SIM4
1
21
22
SIM5
SIM1
SIM2
SIM3
SIM4
1
21
22
SIM5
SIM1
SIM2
SIM3
SIM4
1
21
22
SIM5
SIM1
SIM2
SIM3
SIM4
1
21
22
SIM5
SIM1
SIM2
SIM3
SIM4
1
21
22
SIM5
SIM1
SIM2
SIM3
SIM4
1
21
22
SIM5
SIM1
SIM2
SIM3
SIM4
1
21
22
SIM5
SIM1
SIM2
SIM3
SIM4
1
21
22
SIM5
SIM1
SIM2
SIM3
SIM4
1
21
22
SIM5
SIM1
SIM2
SIM3
SIM4
1
21
22
SIM5
SIM1
SIM2
SIM3
SIM4
1
21
22
SIM5
SIM1
SIM2
SIM3
SIM4
1
21
22
SIM5
SIM1
SIM2
SIM3
SIM4
1
21
22
SIM5
SIM1
SIM2
SIM3
SIM4
1
21
22
SIM5
SIM1
SIM2
SIM3
SIM4
1
21
22
SIM5
SIM1
SIM2
SIM3
SIM4
1
21
22
SIM5
SIM1
SIM2
SIM3
SIM4
1
21
22
SIM5
SIM1
SIM2
SIM3
SIM4
1
21
22
SIM5
SIM1
SIM2
SIM3
SIM4
1
21
22
SIM5
SIM1
SIM2
SIM3
SIM4
1
21
22
SIM5
SIM1
SIM2
SIM3
SIM4
1
21
22
SIM5
SIM1
SIM2
SIM3
SIM4
1
21
22
SIM5
SIM1
SIM2
SIM3
SIM4
1
21
22
SIM5
SIM1
SIM2
SIM3
SIM4
1
21
22
SIM5
SIM1
SIM2
SIM3
SIM4
1
21
22
SIM5
SIM1
SIM2
SIM3
SIM4
1
21
22
SIM5
SIM1
SIM2
SIM3
SIM4
1
21
22
SIM5
SIM1
SIM2
SIM3
SIM4
1
21
22
SIM5
SIM1
SIM2
SIM3
SIM4
1
21
22
SIM5
SIM1
SIM2
SIM3
SIM4
1
21
22
SIM5
SIM1
SIM2
SIM3
SIM4
1
21
22
SIM5
SIM1
SIM2
SIM3
SIM4
1
21
22
SIM5
SIM1
SIM2
SIM3
SIM4
1
21
22
SIM5
SIM1
SIM2
SIM3
SIM4
1
21
22
SIM5
SIM1
SIM2
SIM3
SIM4
1
21
22
SIM5
SIM1
SIM2
SIM3
SIM4
1
21
22
SIM5
SIM1
SIM2
SIM3
SIM4
1
21
22
SIM5
SIM1
SIM2
SIM3
SIM4
1
21
22
SIM5
SIM1
SIM2
SIM3
SIM4
1
21
22
SIM5
SIM1
SIM2
SIM3
SIM4
1
21
22
SIM5
SIM1
SIM2
SIM3
SIM4
1
21
22
SIM5
SIM1
SIM2
SIM3
SIM4
1
21
22
SIM5
SIM1
SIM2
SIM3
SIM4
1
21
22
SIM5
SIM1
SIM2
SIM3
SIM4
1
21
22
SIM5
SIM1
SIM2
SIM3
SIM4
1
21
22
SIM5
SIM1
SIM2
SIM3
SIM4
1
21
22
SIM5
SIM1
SIM2
SIM3
SIM4
1
21
22
SIM5
SIM1
SIM2
SIM3
SIM4
1
21
22
SIM5
SIM1
SIM2
SIM3
SIM4
1
21
22
SIM5
SIM1
SIM2
SIM3
SIM4
1
21
22
SIM5
SIM1
SIM2
SIM3
SIM4
1
21
22
SIM5
SIM1
SIM2
SIM3
SIM4
1
21
22
SIM5
SIM1
SIM2
SIM3
SIM4
1
21
22
SIM5
SIM1
SIM2
SIM3
SIM4
1
21
22
SIM5
SIM1
SIM2
SIM3
SIM4
1
21
22
SIM5
SIM1
SIM2
SIM3
SIM4
1
21
22
SIM5
SIM1
SIM2
DEBUG 1 844
SIM1
SIM2
SIM3
SIM4
1
21
22
SIM5
SIM1
SIM2
SIM3
SIM4
1
21
22
SIM5
SIM1
SIM2
SIM3
SIM4
1
21
22
SIM5
SIM1
SIM2
SIM3
SIM4
1
21
22
SIM5
SIM1
SIM2
SIM3
SIM4
1
21
22
SIM5
SIM1
SIM2
SIM3
SIM4
1
21
22
SIM5
SIM1
SIM2
SIM3
SIM4
1
21
22
SIM5
SIM1
SIM2
SIM3
SIM4
1
21
22
SIM5
SIM1
SIM2
SIM3
SIM4
1
21
22
SIM5
SIM1
SIM2
SIM3
SIM4
1
21
22
SIM5
SIM1
SIM2
SIM3
SIM4
1
21
22
SIM5
SIM1
SIM2
SIM3
SIM4
1
21
22
SIM5
SIM1
SIM2
SIM3
SIM4
1
21
22
SIM5
SIM1
SIM2
SIM3
SIM4
1
21
22
SIM5
SIM1
SIM2
SIM3
SIM4
1
21
22
SIM5
SIM1
SIM2
SIM3
SIM4
1
21
22
SIM5
SIM1
SIM2
SIM3
SIM4
1
21
22
SIM5
SIM1
SIM2
SIM3
SIM4
1
21
22
SIM5
SIM1
SIM2
SIM3
SIM4
1
21
22
SIM5
SIM1
SIM2
SIM3
SIM4
1
21
22
SIM5
SIM1
SIM2
SIM3
SIM4
1
21
22
SIM5
SIM1
SIM2
SIM3
SIM4
1
21
22
SIM5
SIM1
SIM2
SIM3
SIM4
1
21
22
SIM5
SIM1
SIM2
SIM3
SIM4
1
21
22
SIM5
SIM1
SIM2
SIM3
SIM4
1
21
22
SIM5
SIM1
SIM2
SIM3
SIM4
1
21
22
SIM5
SIM1
SIM2
SIM3
SIM4
1
21
22
SIM5
SIM1
SIM2
SIM3
SIM4
1
21
22
SIM5
SIM1
SIM2
SIM3
SIM4
1
21
22
SIM5
SIM1
SIM2
SIM3
SIM4
1
21
22
SIM5
SIM1
SIM2
SIM3
SIM4
1
21
22
SIM5
SIM1
SIM2
SIM3
SIM4
1
21
22
SIM5
SIM1
SIM2
SIM3
SIM4
1
21
22
SIM5
SIM1
SIM2
SIM3
SIM4
1
21
22
SIM5
SIM1
SIM2
SIM3
SIM4
1
21
22
SIM5
SIM1
SIM2
SIM3
SIM4
1
21
22
SIM5
SIM1
SIM2
SIM3
SIM4
1
21
22
SIM5
SIM1
SIM2
SIM3
SIM4
1
21
22
SIM5
SIM1
SIM2
SIM3
SIM4
1
21
22
SIM5
SIM1
SIM2
SIM3
SIM4
1
21
22
SIM5
SIM1
SIM2
SIM3
SIM4
1
21
22
SIM5
SIM1
SIM2
SIM3
SIM4
1
21
22
SIM5
SIM1
SIM2
SIM3
SIM4
1
21
22
SIM5
SIM1
SIM2
SIM3
SIM4
1
21
22
SIM5
SIM1
SIM2
SIM3
SIM4
1
21
22
SIM5
SIM1
SIM2
SIM3
SIM4
1
21
22
SIM5
SIM1
SIM2
SIM3
SIM4
1
21
22
SIM5
SIM1
SIM2
SIM3
SIM4
1
21
22
SIM5
SIM1
SIM2
SIM3
SIM4
1
21
22
SIM5
SIM1
SIM2
SIM3
SIM4
1
21
22
SIM5
SIM1
SIM2
SIM3
SIM4
1
21
22
SIM5
SIM1
SIM2
SIM3
SIM4
1
21
22
SIM5
SIM1
SIM2
SIM3
SIM4
1
21
22
SIM5
SIM1
SIM2
SIM3
SIM4
1
21
22
SIM5
SIM1
SIM2
SIM3
SIM4
1
21
22
SIM5
SIM1
SIM2
SIM3
SIM4
1
21
22
SIM5
SIM1
SIM2
SIM3
SIM4
1
21
22
SIM5
SIM1
SIM2
SIM3
SIM4
1
21
22
SIM5
SIM1
SIM2
SIM3
SIM4
1
21
22
SIM5
SIM1
SIM2
SIM3
SIM4
1
21
22
SIM5
SIM1
SIM2
SIM3
SIM4
1
21
22
SIM5
SIM1
SIM2
SIM3
SIM4
1
21
22
SIM5
SIM1
SIM2
SIM3
SIM4
1
21
22
SIM5
SIM1
SIM2
SIM3
SIM4
1
21
22
SIM5
SIM1
SIM2
SIM3
SIM4
1
21
22
SIM5
SIM1
SIM2
SIM3
SIM4
1
21
22
SIM5
SIM1
SIM2
SIM3
SIM4
1
21
22
SIM5
SIM1
SIM2
SIM3
SIM4
1
21
22
SIM5
SIM1
SIM2
SIM3
SIM4
1
21
22
SIM5
SIM1
SIM2
SIM3
SIM4
1
21
22
SIM5
SIM1
SIM2
SIM3
SIM4
1
21
22
SIM5
SIM1
SIM2
SIM3
SIM4
1
21
22
SIM5
SIM1
SIM2
SIM3
SIM4
1
21
22
SIM5
SIM1
SIM2
SIM3
SIM4
1
21
22
SIM5
SIM1
SIM2
SIM3
SIM4
1
21
22
SIM5
SIM1
SIM2
SIM3
SIM4
1
21
22
SIM5
SIM1
SIM2
SIM3
SIM4
1
21
22
SIM5
SIM1
SIM2
SIM3
SIM4
1
21
22
SIM5
SIM1
SIM2
SIM3
SIM4
1
21
22
SIM5
SIM1
SIM2
SIM3
SIM4
1
21
22
SIM5
SIM1
SIM2
SIM3
SIM4
1
21
22
SIM5
SIM1
SIM2
SIM3
SIM4
1
21
22
SIM5
SIM1
SIM2
SIM3
SIM4
1
21
22
SIM5
SIM1
SIM2
SIM3
SIM4
1
21
22
SIM5
SIM1
SIM2
SIM3
SIM4
1
21
22
SIM5
SIM1
SIM2
SIM3
SIM4
1
21
22
SIM5
SIM1
SIM2
SIM3
SIM4
1
21
22
SIM5
SIM1
SIM2
SIM3
SIM4
1
21
22
SIM5
SIM1
SIM2
SIM3
SIM4
1
21
22
SIM5
SIM1
SIM2
SIM3
SIM4
1
21
22
SIM5
SIM1
SIM2
SIM3
SIM4
1
21
22
SIM5
SIM1
SIM2
SIM3
SIM4
1
21
22
SIM5
SIM1
SIM2
SIM3
SIM4
1
21
22
SIM5
SIM1
SIM2
SIM3
SIM4
1
21
22
SIM5
SIM1
SIM2
SIM3
SIM4
1
21
22
SIM5
SIM1
SIM2
SIM3
SIM4
1
21
22
SIM5
SIM1
SIM2
SIM3
SIM4
1
21
22
SIM5
SIM1
SIM2
SIM3
SIM4
1
21
22
SIM5
SIM1
SIM2
SIM3
SIM4
1
21
22
SIM5
SIM1
SIM2
SIM3
SIM4
1
21
22
SIM5
SIM1
SIM2
SIM3
SIM4
1
21
22
SIM5
SIM1
SIM2
SIM3
SIM4
1
21
22
SIM5
SIM1
SIM2
SIM3
SIM4
1
21
22
SIM5
SIM1
SIM2
SIM3
SIM4
1
21
22
SIM5
SIM1
SIM2
SIM3
SIM4
1
21
22
SIM5
SIM1
SIM2
SIM3
SIM4
1
21
22
SIM5
SIM1
SIM2
SIM3
SIM4
1
21
22
SIM5
SIM1
SIM2
SIM3
SIM4
1
21
22
SIM5
SIM1
SIM2
SIM3
SIM4
1
21
22
SIM5
SIM1
SIM2
SIM3
SIM4
1
21
22
SIM5
SIM1
SIM2
SIM3
SIM4
1
21
22
SIM5
SIM1
SIM2
SIM3
SIM4
1
21
22
SIM5
SIM1
SIM2
SIM3
SIM4
1
21
22
SIM5
SIM1
SIM2
SIM3
SIM4
1
21
22
SIM5
SIM1
SIM2
SIM3
SIM4
1
21
22
SIM5
SIM1
SIM2
SIM3
SIM4
1
21
22
SIM5
SIM1
SIM2
SIM3
SIM4
1
21
22
SIM5
SIM1
SIM2
SIM3
SIM4
1
21
22
SIM5
SIM1
SIM2
SIM3
SIM4
1
21
22
SIM5
SIM1
SIM2
SIM3
SIM4
1
21
22
SIM5
SIM1
SIM2
SIM3
SIM4
1
21
22
SIM5
SIM1
SIM2
SIM3
SIM4
1
21
22
SIM5
SIM1
SIM2
SIM3
SIM4
1
21
22
SIM5
SIM1
SIM2
SIM3
SIM4
1
21
22
SIM5
SIM1
SIM2
SIM3
SIM4
1
21
22
SIM5
SIM1
SIM2
SIM3
SIM4
1
21
22
SIM5
SIM1
SIM2
SIM3
SIM4
1
21
22
SIM5
SIM1
SIM2
SIM3
SIM4
1
21
22
SIM5
SIM1
SIM2
SIM3
SIM4
1
21
22
SIM5
SIM1
SIM2
SIM3
SIM4
1
21
22
SIM5
SIM1
SIM2
SIM3
SIM4
1
21
22
SIM5
SIM1
SIM2
SIM3
SIM4
1
21
22
SIM5
SIM1
SIM2
SIM3
SIM4
1
21
22
SIM5
SIM1
SIM2
SIM3
SIM4
1
21
22
SIM5
SIM1
SIM2
SIM3
SIM4
1
21
22
SIM5
SIM1
SIM2
SIM3
SIM4
1
21
22
SIM5
SIM1
SIM2
SIM3
SIM4
1
21
22
SIM5
SIM1
SIM2
SIM3
SIM4
1
21
22
SIM5
SIM1
SIM2
SIM3
SIM4
1
21
22
SIM5
SIM1
SIM2
SIM3
SIM4
1
21
22
SIM5
SIM1
SIM2
SIM3
SIM4
1
21
22
SIM5
SIM1
SIM2
SIM3
SIM4
1
21
22
SIM5
SIM1
SIM2
SIM3
SIM4
1
21
22
SIM5
SIM1
SIM2
SIM3
SIM4
1
21
22
SIM5
SIM1
SIM2
SIM3
SIM4
1
21
22
SIM5
SIM1
SIM2
SIM3
SIM4
1
21
22
SIM5
SIM1
SIM2
SIM3
SIM4
1
21
22
SIM5
SIM1
SIM2
SIM3
SIM4
1
21
22
SIM5
SIM1
SIM2
SIM3
SIM4
1
21
22
SIM5
SIM1
SIM2
SIM3
SIM4
1
21
22
SIM5
SIM1
SIM2
SIM3
SIM4
1
21
22
SIM5
SIM1
SIM2
SIM3
SIM4
1
21
22
SIM5
SIM1
SIM2
SIM3
SIM4
1
21
22
SIM5
SIM1
SIM2
SIM3
SIM4
1
21
22
SIM5
SIM1
SIM2
SIM3
SIM4
1
21
22
SIM5
SIM1
SIM2
SIM3
SIM4
1
21
22
SIM5
SIM1
SIM2
SIM3
SIM4
1
21
22
SIM5
SIM1
SIM2
SIM3
SIM4
1
21
22
SIM5
SIM1
SIM2
SIM3
SIM4
1
21
22
SIM5
SIM1
SIM2
SIM3
SIM4
1
21
22
SIM5
SIM1
SIM2
SIM3
SIM4
1
21
22
SIM5
SIM1
SIM2
SIM3
SIM4
1
21
22
SIM5
SIM1
SIM2
SIM3
SIM4
1
21
22
SIM5
SIM1
SIM2
SIM3
SIM4
1
21
22
SIM5
SIM1
SIM2
SIM3
SIM4
1
21
22
SIM5
SIM1
SIM2
SIM3
SIM4
1
21
22
SIM5
SIM1
SIM2
SIM3
SIM4
1
21
22
SIM5
SIM1
SIM2
SIM3
SIM4
1
21
22
SIM5
SIM1
SIM2
SIM3
SIM4
1
21
22
SIM5
SIM1
SIM2
SIM3
SIM4
1
21
22
SIM5
SIM1
SIM2
SIM3
SIM4
1
21
22
SIM5
SIM1
SIM2
SIM3
SIM4
1
21
22
SIM5
SIM1
SIM2
SIM3
SIM4
1
21
22
SIM5
SIM1
SIM2
SIM3
SIM4
1
21
22
SIM5
SIM1
SIM2
SIM3
SIM4
1
21
22
SIM5
SIM1
SIM2
SIM3
SIM4
1
21
22
SIM5
SIM1
SIM2
SIM3
SIM4
1
21
22
SIM5
SIM1
SIM2
SIM3
SIM4
1
21
22
SIM5
SIM1
SIM2
SIM3
SIM4
1
21
22
SIM5
SIM1
SIM2
SIM3
SIM4
1
21
22
SIM5
SIM1
SIM2
SIM3
SIM4
1
21
22
SIM5
SIM1
SIM2
SIM3
SIM4
1
21
22
SIM5
SIM1
SIM2
SIM3
SIM4
1
21
22
SIM5
SIM1
SIM2
SIM3
SIM4
1
21
22
SIM5
SIM1
SIM2
SIM3
SIM4
1
21
22
SIM5
SIM1
SIM2
SIM3
SIM4
1
21
22
SIM5
SIM1
SIM2
SIM3
SIM4
1
21
22
SIM5
SIM1
SIM2
SIM3
SIM4
1
21
22
SIM5
SIM1
SIM2
SIM3
SIM4
1
21
22
SIM5
SIM1
SIM2
SIM3
SIM4
1
21
22
SIM5
SIM1
SIM2
SIM3
SIM4
1
21
22
SIM5
SIM1
SIM2
SIM3
SIM4
1
21
22
SIM5
SIM1
SIM2
SIM3
SIM4
1
21
22
SIM5
SIM1
SIM2
SIM3
SIM4
1
21
22
SIM5
SIM1
SIM2
SIM3
SIM4
1
21
22
SIM5
SIM1
SIM2
SIM3
SIM4
1
21
22
SIM5
SIM1
SIM2
SIM3
SIM4
1
21
22
SIM5
SIM1
SIM2
SIM3
SIM4
1
21
22
SIM5
SIM1
SIM2
SIM3
SIM4
1
21
22
SIM5
SIM1
SIM2
SIM3
SIM4
1
21
22
SIM5
SIM1
SIM2
SIM3
SIM4
1
21
22
SIM5
SIM1
SIM2
SIM3
SIM4
1
21
22
SIM5
SIM1
SIM2
SIM3
SIM4
1
21
22
SIM5
SIM1
SIM2
SIM3
SIM4
1
21
22
SIM5
SIM1
SIM2
SIM3
SIM4
1
21
22
SIM5
SIM1
SIM2
SIM3
SIM4
1
21
22
SIM5
SIM1
SIM2
SIM3
SIM4
1
21
22
SIM5
SIM1
SIM2
SIM3
SIM4
1
21
22
SIM5
SIM1
SIM2
SIM3
SIM4
1
21
22
SIM5
SIM1
SIM2
SIM3
SIM4
1
21
22
SIM5
SIM1
SIM2
SIM3
SIM4
1
21
22
SIM5
SIM1
SIM2
SIM3
SIM4
1
21
22
SIM5
SIM1
SIM2
SIM3
SIM4
1
21
22
SIM5
SIM1
SIM2
SIM3
SIM4
1
21
22
SIM5
SIM1
SIM2
SIM3
SIM4
1
21
22
SIM5
SIM1
SIM2
SIM3
SIM4
1
21
22
SIM5
SIM1
SIM2
SIM3
SIM4
1
21
22
SIM5
SIM1
SIM2
SIM3
SIM4
1
21
22
SIM5
SIM1
SIM2
SIM3
SIM4
1
21
22
SIM5
SIM1
SIM2
SIM3
SIM4
1
21
22
SIM5
SIM1
SIM2
SIM3
SIM4
1
21
22
SIM5
SIM1
SIM2
SIM3
SIM4
1
21
22
SIM5
SIM1
SIM2
SIM3
SIM4
1
21
22
SIM5
SIM1
SIM2
SIM3
SIM4
1
21
22
SIM5
SIM1
SIM2
SIM3
SIM4
1
21
22
SIM5
SIM1
SIM2
SIM3
SIM4
1
21
22
SIM5
SIM1
SIM2
SIM3
SIM4
1
21
22
SIM5
SIM1
SIM2
SIM3
SIM4
1
21
22
SIM5
SIM1
SIM2
SIM3
SIM4
1
21
22
SIM5
SIM1
SIM2
SIM3
SIM4
1
21
22
SIM5
SIM1
SIM2
SIM3
SIM4
1
21
22
SIM5
SIM1
SIM2
SIM3
SIM4
1
21
22
SIM5
SIM1
SIM2
SIM3
SIM4
1
21
22
SIM5
SIM1
SIM2
SIM3
SIM4
1
21
22
SIM5
SIM1
SIM2
SIM3
SIM4
1
21
22
SIM5
SIM1
SIM2
SIM3
SIM4
1
21
22
SIM5
SIM1
SIM2
SIM3
SIM4
1
21
22
SIM5
SIM1
SIM2
SIM3
SIM4
1
21
22
SIM5
SIM1
SIM2
SIM3
SIM4
1
21
22
SIM5
SIM1
SIM2
SIM3
SIM4
1
21
22
SIM5
SIM1
SIM2
SIM3
SIM4
1
21
22
SIM5
SIM1
SIM2
SIM3
SIM4
1
21
22
SIM5
SIM1
SIM2
SIM3
SIM4
1
21
22
SIM5
SIM1
SIM2
SIM3
SIM4
1
21
22
SIM5
SIM1
SIM2
SIM3
SIM4
1
21
22
SIM5
SIM1
SIM2
SIM3
SIM4
1
21
22
SIM5
SIM1
SIM2
SIM3
SIM4
1
21
22
SIM5
SIM1
SIM2
SIM3
SIM4
1
21
22
SIM5
SIM1
SIM2
SIM3
SIM4
1
21
22
SIM5
SIM1
SIM2
SIM3
SIM4
1
21
22
SIM5
SIM1
SIM2
SIM3
SIM4
1
21
22
SIM5
SIM1
SIM2
SIM3
SIM4
1
21
22
SIM5
SIM1
SIM2
SIM3
SIM4
1
21
22
SIM5
SIM1
SIM2
SIM3
SIM4
1
21
22
SIM5
SIM1
SIM2
SIM3
SIM4
1
21
22
SIM5
SIM1
SIM2
SIM3
SIM4
1
21
22
SIM5
SIM1
SIM2
SIM3
SIM4
1
21
22
SIM5
SIM1
SIM2
SIM3
SIM4
1
21
22
SIM5
SIM1
SIM2
SIM3
SIM4
1
21
22
SIM5
SIM1
SIM2
SIM3
SIM4
1
21
22
SIM5
SIM1
SIM2
SIM3
SIM4
1
21
22
SIM5
SIM1
SIM2
SIM3
SIM4
1
21
22
SIM5
SIM1
SIM2
SIM3
SIM4
1
21
22
SIM5
SIM1
SIM2
SIM3
SIM4
1
21
22
SIM5
SIM1
SIM2
SIM3
SIM4
1
21
22
SIM5
SIM1
SIM2
SIM3
SIM4
1
21
22
SIM5
SIM1
SIM2
SIM3
SIM4
1
21
22
SIM5
SIM1
SIM2
SIM3
SIM4
1
21
22
SIM5
SIM1
SIM2
SIM3
SIM4
1
21
22
SIM5
SIM1
SIM2
SIM3
SIM4
1
21
22
SIM5
SIM1
SIM2
SIM3
SIM4
1
21
22
SIM5
SIM1
SIM2
SIM3
SIM4
1
21
22
SIM5
SIM1
SIM2
SIM3
SIM4
1
21
22
SIM5
SIM1
SIM2
SIM3
SIM4
1
21
22
SIM5
SIM1
SIM2
SIM3
SIM4
1
21
22
SIM5
SIM1
SIM2
SIM3
SIM4
1
21
22
SIM5
SIM1
SIM2
DEBUG 1 845
SIM1
SIM2
SIM3
SIM4
1
21
22
SIM5
SIM1
SIM2
SIM3
SIM4
1
21
22
SIM5
SIM1
SIM2
SIM3
SIM4
1
21
22
SIM5
SIM1
SIM2
SIM3
SIM4
1
21
22
SIM5
SIM1
SIM2
SIM3
SIM4
1
21
22
SIM5
SIM1
SIM2
SIM3
SIM4
1
21
22
SIM5
SIM1
SIM2
SIM3
SIM4
1
21
22
SIM5
SIM1
SIM2
SIM3
SIM4
1
21
22
SIM5
SIM1
SIM2
SIM3
SIM4
1
21
22
SIM5
SIM1
SIM2
SIM3
SIM4
1
21
22
SIM5
SIM1
SIM2
SIM3
SIM4
1
21
22
SIM5
SIM1
SIM2
SIM3
SIM4
1
21
22
SIM5
SIM1
SIM2
SIM3
SIM4
1
21
22
SIM5
SIM1
SIM2
SIM3
SIM4
1
21
22
SIM5
SIM1
SIM2
SIM3
SIM4
1
21
22
SIM5
SIM1
SIM2
SIM3
SIM4
1
21
22
SIM5
SIM1
SIM2
SIM3
SIM4
1
21
22
SIM5
SIM1
SIM2
SIM3
SIM4
1
21
22
SIM5
SIM1
SIM2
SIM3
SIM4
1
21
22
SIM5
SIM1
SIM2
SIM3
SIM4
1
21
22
SIM5
SIM1
SIM2
SIM3
SIM4
1
21
22
SIM5
SIM1
SIM2
SIM3
SIM4
1
21
22
SIM5
SIM1
SIM2
SIM3
SIM4
1
21
22
SIM5
SIM1
SIM2
SIM3
SIM4
1
21
22
SIM5
SIM1
SIM2
SIM3
SIM4
1
21
22
SIM5
SIM1
SIM2
SIM3
SIM4
1
21
22
SIM5
SIM1
SIM2
SIM3
SIM4
1
21
22
SIM5
SIM1
SIM2
SIM3
SIM4
1
21
22
SIM5
SIM1
SIM2
SIM3
SIM4
1
21
22
SIM5
SIM1
SIM2
SIM3
SIM4
1
21
22
SIM5
SIM1
SIM2
SIM3
SIM4
1
21
22
SIM5
SIM1
SIM2
SIM3
SIM4
1
21
22
SIM5
SIM1
SIM2
SIM3
SIM4
1
21
22
SIM5
SIM1
SIM2
SIM3
SIM4
1
21
22
SIM5
SIM1
SIM2
SIM3
SIM4
1
21
22
SIM5
SIM1
SIM2
SIM3
SIM4
1
21
22
SIM5
SIM1
SIM2
SIM3
SIM4
1
21
22
SIM5
SIM1
SIM2
SIM3
SIM4
1
21
22
SIM5
SIM1
SIM2
SIM3
SIM4
1
21
22
SIM5
SIM1
SIM2
SIM3
SIM4
1
21
22
SIM5
SIM1
SIM2
SIM3
SIM4
1
21
22
SIM5
SIM1
SIM2
SIM3
SIM4
1
21
22
SIM5
SIM1
SIM2
SIM3
SIM4
1
21
22
SIM5
SIM1
SIM2
SIM3
SIM4
1
21
22
SIM5
SIM1
SIM2
SIM3
SIM4
1
21
22
SIM5
SIM1
SIM2
SIM3
SIM4
1
21
22
SIM5
SIM1
SIM2
SIM3
SIM4
1
21
22
SIM5
SIM1
SIM2
SIM3
SIM4
1
21
22
SIM5
SIM1
SIM2
SIM3
SIM4
1
21
22
SIM5
SIM1
SIM2
SIM3
SIM4
1
21
22
SIM5
SIM1
SIM2
SIM3
SIM4
1
21
22
SIM5
SIM1
SIM2
SIM3
SIM4
1
21
22
SIM5
SIM1
SIM2
SIM3
SIM4
1
21
22
SIM5
SIM1
SIM2
SIM3
SIM4
1
21
22
SIM5
SIM1
SIM2
SIM3
SIM4
1
21
22
SIM5
SIM1
SIM2
SIM3
SIM4
1
21
22
SIM5
SIM1
SIM2
SIM3
SIM4
1
21
22
SIM5
SIM1
SIM2
SIM3
SIM4
1
21
22
SIM5
SIM1
SIM2
SIM3
SIM4
1
21
22
SIM5
SIM1
SIM2
SIM3
SIM4
1
21
22
SIM5
SIM1
SIM2
SIM3
SIM4
1
21
22
SIM5
SIM1
SIM2
SIM3
SIM4
1
21
22
SIM5
SIM1
SIM2
SIM3
SIM4
1
21
22
SIM5
SIM1
SIM2
SIM3
SIM4
1
21
22
SIM5
SIM1
SIM2
SIM3
SIM4
1
21
22
SIM5
SIM1
SIM2
SIM3
SIM4
1
21
22
SIM5
SIM1
SIM2
SIM3
SIM4
1
21
22
SIM5
SIM1
SIM2
SIM3
SIM4
1
21
22
SIM5
SIM1
SIM2
SIM3
SIM4
1
21
22
SIM5
SIM1
SIM2
SIM3
SIM4
1
21
22
SIM5
SIM1
SIM2
SIM3
SIM4
1
21
22
SIM5
SIM1
SIM2
SIM3
SIM4
1
21
22
SIM5
SIM1
SIM2
SIM3
SIM4
1
21
22
SIM5
SIM1
SIM2
SIM3
SIM4
1
21
22
SIM5
SIM1
SIM2
SIM3
SIM4
1
21
22
SIM5
SIM1
SIM2
SIM3
SIM4
1
21
22
SIM5
SIM1
SIM2
SIM3
SIM4
1
21
22
SIM5
SIM1
SIM2
SIM3
SIM4
1
21
22
SIM5
SIM1
SIM2
SIM3
SIM4
1
21
22
SIM5
SIM1
SIM2
SIM3
SIM4
1
21
22
SIM5
SIM1
SIM2
SIM3
SIM4
1
21
22
SIM5
SIM1
SIM2
SIM3
SIM4
1
21
22
SIM5
SIM1
SIM2
SIM3
SIM4
1
21
22
SIM5
SIM1
SIM2
SIM3
SIM4
1
21
22
SIM5
SIM1
SIM2
SIM3
SIM4
1
21
22
SIM5
SIM1
SIM2
SIM3
SIM4
1
21
22
SIM5
SIM1
SIM2
SIM3
SIM4
1
21
22
SIM5
SIM1
SIM2
SIM3
SIM4
1
21
22
SIM5
SIM1
SIM2
SIM3
SIM4
1
21
22
SIM5
SIM1
SIM2
SIM3
SIM4
1
21
22
SIM5
SIM1
SIM2
SIM3
SIM4
1
21
22
SIM5
SIM1
SIM2
SIM3
SIM4
1
21
22
SIM5
SIM1
SIM2
SIM3
SIM4
1
21
22
SIM5
SIM1
SIM2
SIM3
SIM4
1
21
22
SIM5
SIM1
SIM2
SIM3
SIM4
1
21
22
SIM5
SIM1
SIM2
SIM3
SIM4
1
21
22
SIM5
SIM1
SIM2
SIM3
SIM4
1
21
22
SIM5
SIM1
SIM2
SIM3
SIM4
1
21
22
SIM5
SIM1
SIM2
SIM3
SIM4
1
21
22
SIM5
SIM1
SIM2
SIM3
SIM4
1
21
22
SIM5
SIM1
SIM2
SIM3
SIM4
1
21
22
SIM5
SIM1
SIM2
SIM3
SIM4
1
21
22
SIM5
SIM1
SIM2
SIM3
SIM4
1
21
22
SIM5
SIM1
SIM2
SIM3
SIM4
1
21
22
SIM5
SIM1
SIM2
SIM3
SIM4
1
21
22
SIM5
SIM1
SIM2
SIM3
SIM4
1
21
22
SIM5
SIM1
SIM2
SIM3
SIM4
1
21
22
SIM5
SIM1
SIM2
SIM3
SIM4
1
21
22
SIM5
SIM1
SIM2
SIM3
SIM4
1
21
22
SIM5
SIM1
SIM2
SIM3
SIM4
1
21
22
SIM5
SIM1
SIM2
SIM3
SIM4
1
21
22
SIM5
SIM1
SIM2
SIM3
SIM4
1
21
22
SIM5
SIM1
SIM2
SIM3
SIM4
1
21
22
SIM5
SIM1
SIM2
SIM3
SIM4
1
21
22
SIM5
SIM1
SIM2
SIM3
SIM4
1
21
22
SIM5
SIM1
SIM2
SIM3
SIM4
1
21
22
SIM5
SIM1
SIM2
SIM3
SIM4
1
21
22
SIM5
SIM1
SIM2
SIM3
SIM4
1
21
22
SIM5
SIM1
SIM2
SIM3
SIM4
1
21
22
SIM5
SIM1
SIM2
SIM3
SIM4
1
21
22
SIM5
SIM1
SIM2
SIM3
SIM4
1
21
22
SIM5
SIM1
SIM2
SIM3
SIM4
1
21
22
SIM5
SIM1
SIM2
SIM3
SIM4
1
21
22
SIM5
SIM1
SIM2
SIM3
SIM4
1
21
22
SIM5
SIM1
SIM2
SIM3
SIM4
1
21
22
SIM5
SIM1
SIM2
SIM3
SIM4
1
21
22
SIM5
SIM1
SIM2
SIM3
SIM4
1
21
22
SIM5
SIM1
SIM2
SIM3
SIM4
1
21
22
SIM5
SIM1
SIM2
SIM3
SIM4
1
21
22
SIM5
SIM1
SIM2
SIM3
SIM4
1
21
22
SIM5
SIM1
SIM2
SIM3
SIM4
1
21
22
SIM5
SIM1
SIM2
SIM3
SIM4
1
21
22
SIM5
SIM1
SIM2
SIM3
SIM4
1
21
22
SIM5
SIM1
SIM2
SIM3
SIM4
1
21
22
SIM5
SIM1
SIM2
SIM3
SIM4
1
21
22
SIM5
SIM1
SIM2
SIM3
SIM4
1
21
22
SIM5
SIM1
SIM2
SIM3
SIM4
1
21
22
SIM5
SIM1
SIM2
SIM3
SIM4
1
21
22
SIM5
SIM1
SIM2
SIM3
SIM4
1
21
22
SIM5
SIM1
SIM2
SIM3
SIM4
1
21
22
SIM5
SIM1
SIM2
SIM3
SIM4
1
21
22
SIM5
SIM1
SIM2
SIM3
SIM4
1
21
22
SIM5
SIM1
SIM2
SIM3
SIM4
1
21
22
SIM5
SIM1
SIM2
SIM3
SIM4
1
21
22
SIM5
SIM1
SIM2
SIM3
SIM4
1
21
22
SIM5
SIM1
SIM2
SIM3
SIM4
1
21
22
SIM5
SIM1
SIM2
SIM3
SIM4
1
21
22
SIM5
SIM1
SIM2
SIM3
SIM4
1
21
22
SIM5
SIM1
SIM2
SIM3
SIM4
1
21
22
SIM5
SIM1
SIM2
SIM3
SIM4
1
21
22
SIM5
SIM1
SIM2
SIM3
SIM4
1
21
22
SIM5
SIM1
SIM2
SIM3
SIM4
1
21
22
SIM5
SIM1
SIM2
SIM3
SIM4
1
21
22
SIM5
SIM1
SIM2
SIM3
SIM4
1
21
22
SIM5
SIM1
SIM2
SIM3
SIM4
1
21
22
SIM5
SIM1
SIM2
SIM3
SIM4
1
21
22
SIM5
SIM1
SIM2
SIM3
SIM4
1
21
22
SIM5
SIM1
SIM2
SIM3
SIM4
1
21
22
SIM5
SIM1
SIM2
SIM3
SIM4
1
21
22
SIM5
SIM1
SIM2
SIM3
SIM4
1
21
22
SIM5
SIM1
SIM2
SIM3
SIM4
1
21
22
SIM5
SIM1
SIM2
SIM3
SIM4
1
21
22
SIM5
SIM1
SIM2
SIM3
SIM4
1
21
22
SIM5
SIM1
SIM2
SIM3
SIM4
1
21
22
SIM5
SIM1
SIM2
SIM3
SIM4
1
21
22
SIM5
SIM1
SIM2
SIM3
SIM4
1
21
22
SIM5
SIM1
SIM2
SIM3
SIM4
1
21
22
SIM5
SIM1
SIM2
SIM3
SIM4
1
21
22
SIM5
SIM1
SIM2
SIM3
SIM4
1
21
22
SIM5
SIM1
SIM2
SIM3
SIM4
1
21
22
SIM5
SIM1
SIM2
SIM3
SIM4
1
21
22
SIM5
SIM1
SIM2
SIM3
SIM4
1
21
22
SIM5
SIM1
SIM2
SIM3
SIM4
1
21
22
SIM5
SIM1
SIM2
SIM3
SIM4
1
21
22
SIM5
SIM1
SIM2
SIM3
SIM4
1
21
22
SIM5
SIM1
SIM2
SIM3
SIM4
1
21
22
SIM5
SIM1
SIM2
SIM3
SIM4
1
21
22
SIM5
SIM1
SIM2
SIM3
SIM4
1
21
22
SIM5
SIM1
SIM2
SIM3
SIM4
1
21
22
SIM5
SIM1
SIM2
SIM3
SIM4
1
21
22
SIM5
SIM1
SIM2
SIM3
SIM4
1
21
22
SIM5
SIM1
SIM2
SIM3
SIM4
1
21
22
SIM5
SIM1
SIM2
SIM3
SIM4
1
21
22
SIM5
SIM1
SIM2
SIM3
SIM4
1
21
22
SIM5
SIM1
SIM2
SIM3
SIM4
1
21
22
SIM5
SIM1
SIM2
SIM3
SIM4
1
21
22
SIM5
SIM1
SIM2
SIM3
SIM4
1
21
22
SIM5
SIM1
SIM2
SIM3
SIM4
1
21
22
SIM5
SIM1
SIM2
SIM3
SIM4
1
21
22
SIM5
SIM1
SIM2
SIM3
SIM4
1
21
22
SIM5
SIM1
SIM2
SIM3
SIM4
1
21
22
SIM5
SIM1
SIM2
SIM3
SIM4
1
21
22
SIM5
SIM1
SIM2
SIM3
SIM4
1
21
22
SIM5
SIM1
SIM2
SIM3
SIM4
1
21
22
SIM5
SIM1
SIM2
SIM3
SIM4
1
21
22
SIM5
SIM1
SIM2
SIM3
SIM4
1
21
22
SIM5
SIM1
SIM2
SIM3
SIM4
1
21
22
SIM5
SIM1
SIM2
SIM3
SIM4
1
21
22
SIM5
SIM1
SIM2
SIM3
SIM4
1
21
22
SIM5
SIM1
SIM2
DEBUG 1 846
SIM1
SIM2
SIM3
SIM4
1
21
22
SIM5
SIM1
SIM2
SIM3
SIM4
1
21
22
SIM5
SIM1
SIM2
SIM3
SIM4
1
21
22
SIM5
SIM1
SIM2
SIM3
SIM4
1
21
22
SIM5
SIM1
SIM2
SIM3
SIM4
1
21
22
SIM5
SIM1
SIM2
SIM3
SIM4
1
21
22
SIM5
SIM1
SIM2
SIM3
SIM4
1
21
22
SIM5
SIM1
SIM2
SIM3
SIM4
1
21
22
SIM5
SIM1
SIM2
SIM3
SIM4
1
21
22
SIM5
SIM1
SIM2
SIM3
SIM4
1
21
22
SIM5
SIM1
SIM2
SIM3
SIM4
1
21
22
SIM5
SIM1
SIM2
SIM3
SIM4
1
21
22
SIM5
SIM1
SIM2
SIM3
SIM4
1
21
22
SIM5
SIM1
SIM2
SIM3
SIM4
1
21
22
SIM5
SIM1
SIM2
SIM3
SIM4
1
21
22
SIM5
SIM1
SIM2
SIM3
SIM4
1
21
22
SIM5
SIM1
SIM2
SIM3
SIM4
1
21
22
SIM5
SIM1
SIM2
SIM3
SIM4
1
21
22
SIM5
SIM1
SIM2
SIM3
SIM4
1
21
22
SIM5
SIM1
SIM2
SIM3
SIM4
1
21
22
SIM5
SIM1
SIM2
SIM3
SIM4
1
21
22
SIM5
SIM1
SIM2
SIM3
SIM4
1
21
22
SIM5
SIM1
SIM2
SIM3
SIM4
1
21
22
SIM5
SIM1
SIM2
SIM3
SIM4
1
21
22
SIM5
SIM1
SIM2
SIM3
SIM4
1
21
22
SIM5
SIM1
SIM2
SIM3
SIM4
1
21
22
SIM5
SIM1
SIM2
SIM3
SIM4
1
21
22
SIM5
SIM1
SIM2
SIM3
SIM4
1
21
22
SIM5
SIM1
SIM2
SIM3
SIM4
1
21
22
SIM5
SIM1
SIM2
SIM3
SIM4
1
21
22
SIM5
SIM1
SIM2
SIM3
SIM4
1
21
22
SIM5
SIM1
SIM2
SIM3
SIM4
1
21
22
SIM5
SIM1
SIM2
SIM3
SIM4
1
21
22
SIM5
SIM1
SIM2
SIM3
SIM4
1
21
22
SIM5
SIM1
SIM2
SIM3
SIM4
1
21
22
SIM5
SIM1
SIM2
SIM3
SIM4
1
21
22
SIM5
SIM1
SIM2
SIM3
SIM4
1
21
22
SIM5
SIM1
SIM2
SIM3
SIM4
1
21
22
SIM5
SIM1
SIM2
SIM3
SIM4
1
21
22
SIM5
SIM1
SIM2
SIM3
SIM4
1
21
22
SIM5
SIM1
SIM2
SIM3
SIM4
1
21
22
SIM5
SIM1
SIM2
SIM3
SIM4
1
21
22
SIM5
SIM1
SIM2
SIM3
SIM4
1
21
22
SIM5
SIM1
SIM2
SIM3
SIM4
1
21
22
SIM5
SIM1
SIM2
SIM3
SIM4
1
21
22
SIM5
SIM1
SIM2
SIM3
SIM4
1
21
22
SIM5
SIM1
SIM2
SIM3
SIM4
1
21
22
SIM5
SIM1
SIM2
SIM3
SIM4
1
21
22
SIM5
SIM1
SIM2
SIM3
SIM4
1
21
22
SIM5
SIM1
SIM2
SIM3
SIM4
1
21
22
SIM5
SIM1
SIM2
SIM3
SIM4
1
21
22
SIM5
SIM1
SIM2
SIM3
SIM4
1
21
22
SIM5
SIM1
SIM2
SIM3
SIM4
1
21
22
SIM5
SIM1
SIM2
SIM3
SIM4
1
21
22
SIM5
SIM1
SIM2
SIM3
SIM4
1
21
22
SIM5
SIM1
SIM2
SIM3
SIM4
1
21
22
SIM5
SIM1
SIM2
SIM3
SIM4
1
21
22
SIM5
SIM1
SIM2
SIM3
SIM4
1
21
22
SIM5
SIM1
SIM2
SIM3
SIM4
1
21
22
SIM5
SIM1
SIM2
SIM3
SIM4
1
21
22
SIM5
SIM1
SIM2
SIM3
SIM4
1
21
22
SIM5
SIM1
SIM2
SIM3
SIM4
1
21
22
SIM5
SIM1
SIM2
SIM3
SIM4
1
21
22
SIM5
SIM1
SIM2
SIM3
SIM4
1
21
22
SIM5
SIM1
SIM2
SIM3
SIM4
1
21
22
SIM5
SIM1
SIM2
SIM3
SIM4
1
21
22
SIM5
SIM1
SIM2
SIM3
SIM4
1
21
22
SIM5
SIM1
SIM2
SIM3
SIM4
1
21
22
SIM5
SIM1
SIM2
SIM3
SIM4
1
21
22
SIM5
SIM1
SIM2
SIM3
SIM4
1
21
22
SIM5
SIM1
SIM2
SIM3
SIM4
1
21
22
SIM5
SIM1
SIM2
SIM3
SIM4
1
21
22
SIM5
SIM1
SIM2
SIM3
SIM4
1
21
22
SIM5
SIM1
SIM2
SIM3
SIM4
1
21
22
SIM5
SIM1
SIM2
SIM3
SIM4
1
21
22
SIM5
SIM1
SIM2
SIM3
SIM4
1
21
22
SIM5
SIM1
SIM2
SIM3
SIM4
1
21
22
SIM5
SIM1
SIM2
SIM3
SIM4
1
21
22
SIM5
SIM1
SIM2
SIM3
SIM4
1
21
22
SIM5
SIM1
SIM2
SIM3
SIM4
1
21
22
SIM5
SIM1
SIM2
SIM3
SIM4
1
21
22
SIM5
SIM1
SIM2
SIM3
SIM4
1
21
22
SIM5
SIM1
SIM2
SIM3
SIM4
1
21
22
SIM5
SIM1
SIM2
SIM3
SIM4
1
21
22
SIM5
SIM1
SIM2
SIM3
SIM4
1
21
22
SIM5
SIM1
SIM2
SIM3
SIM4
1
21
22
SIM5
SIM1
SIM2
SIM3
SIM4
1
21
22
SIM5
SIM1
SIM2
SIM3
SIM4
1
21
22
SIM5
SIM1
SIM2
SIM3
SIM4
1
21
22
SIM5
SIM1
SIM2
SIM3
SIM4
1
21
22
SIM5
SIM1
SIM2
SIM3
SIM4
1
21
22
SIM5
SIM1
SIM2
SIM3
SIM4
1
21
22
SIM5
SIM1
SIM2
SIM3
SIM4
1
21
22
SIM5
SIM1
SIM2
SIM3
SIM4
1
21
22
SIM5
SIM1
SIM2
SIM3
SIM4
1
21
22
SIM5
SIM1
SIM2
SIM3
SIM4
1
21
22
SIM5
SIM1
SIM2
SIM3
SIM4
1
21
22
SIM5
SIM1
SIM2
SIM3
SIM4
1
21
22
SIM5
SIM1
SIM2
SIM3
SIM4
1
21
22
SIM5
SIM1
SIM2
SIM3
SIM4
1
21
22
SIM5
SIM1
SIM2
SIM3
SIM4
1
21
22
SIM5
SIM1
SIM2
SIM3
SIM4
1
21
22
SIM5
SIM1
SIM2
SIM3
SIM4
1
21
22
SIM5
SIM1
SIM2
SIM3
SIM4
1
21
22
SIM5
SIM1
SIM2
SIM3
SIM4
1
21
22
SIM5
SIM1
SIM2
SIM3
SIM4
1
21
22
SIM5
SIM1
SIM2
SIM3
SIM4
1
21
22
SIM5
SIM1
SIM2
SIM3
SIM4
1
21
22
SIM5
SIM1
SIM2
SIM3
SIM4
1
21
22
SIM5
SIM1
SIM2
SIM3
SIM4
1
21
22
SIM5
SIM1
SIM2
SIM3
SIM4
1
21
22
SIM5
SIM1
SIM2
SIM3
SIM4
1
21
22
SIM5
SIM1
SIM2
SIM3
SIM4
1
21
22
SIM5
SIM1
SIM2
SIM3
SIM4
1
21
22
SIM5
SIM1
SIM2
SIM3
SIM4
1
21
22
SIM5
SIM1
SIM2
SIM3
SIM4
1
21
22
SIM5
SIM1
SIM2
SIM3
SIM4
1
21
22
SIM5
SIM1
SIM2
SIM3
SIM4
1
21
22
SIM5
SIM1
SIM2
SIM3
SIM4
1
21
22
SIM5
SIM1
SIM2
SIM3
SIM4
1
21
22
SIM5
SIM1
SIM2
SIM3
SIM4
1
21
22
SIM5
SIM1
SIM2
SIM3
SIM4
1
21
22
SIM5
SIM1
SIM2
SIM3
SIM4
1
21
22
SIM5
SIM1
SIM2
SIM3
SIM4
1
21
22
SIM5
SIM1
SIM2
SIM3
SIM4
1
21
22
SIM5
SIM1
SIM2
SIM3
SIM4
1
21
22
SIM5
SIM1
SIM2
SIM3
SIM4
1
21
22
SIM5
SIM1
SIM2
SIM3
SIM4
1
21
22
SIM5
SIM1
SIM2
SIM3
SIM4
1
21
22
SIM5
SIM1
SIM2
SIM3
SIM4
1
21
22
SIM5
SIM1
SIM2
SIM3
SIM4
1
21
22
SIM5
SIM1
SIM2
SIM3
SIM4
1
21
22
SIM5
SIM1
SIM2
SIM3
SIM4
1
21
22
SIM5
SIM1
SIM2
SIM3
SIM4
1
21
22
SIM5
SIM1
SIM2
SIM3
SIM4
1
21
22
SIM5
SIM1
SIM2
SIM3
SIM4
1
21
22
SIM5
SIM1
SIM2
SIM3
SIM4
1
21
22
SIM5
SIM1
SIM2
SIM3
SIM4
1
21
22
SIM5
SIM1
SIM2
SIM3
SIM4
1
21
22
SIM5
SIM1
SIM2
SIM3
SIM4
1
21
22
SIM5
SIM1
SIM2
SIM3
SIM4
1
21
22
SIM5
SIM1
SIM2
SIM3
SIM4
1
21
22
SIM5
SIM1
SIM2
SIM3
SIM4
1
21
22
SIM5
SIM1
SIM2
SIM3
SIM4
1
21
22
SIM5
SIM1
SIM2
SIM3
SIM4
1
21
22
SIM5
SIM1
SIM2
SIM3
SIM4
1
21
22
SIM5
SIM1
SIM2
SIM3
SIM4
1
21
22
SIM5
SIM1
SIM2
SIM3
SIM4
1
21
22
SIM5
SIM1
SIM2
SIM3
SIM4
1
21
22
SIM5
SIM1
SIM2
SIM3
SIM4
1
21
22
SIM5
SIM1
SIM2
SIM3
SIM4
1
21
22
SIM5
SIM1
SIM2
SIM3
SIM4
1
21
22
SIM5
SIM1
SIM2
SIM3
SIM4
1
21
22
SIM5
SIM1
SIM2
SIM3
SIM4
1
21
22
SIM5
SIM1
SIM2
SIM3
SIM4
1
21
22
SIM5
SIM1
SIM2
SIM3
SIM4
1
21
22
SIM5
SIM1
SIM2
SIM3
SIM4
1
21
22
SIM5
SIM1
SIM2
SIM3
SIM4
1
21
22
SIM5
SIM1
SIM2
SIM3
SIM4
1
21
22
SIM5
SIM1
SIM2
SIM3
SIM4
1
21
22
SIM5
SIM1
SIM2
SIM3
SIM4
1
21
22
SIM5
SIM1
SIM2
SIM3
SIM4
1
21
22
SIM5
SIM1
SIM2
SIM3
SIM4
1
21
22
SIM5
SIM1
SIM2
SIM3
SIM4
1
21
22
SIM5
SIM1
SIM2
SIM3
SIM4
1
21
22
SIM5
SIM1
SIM2
SIM3
SIM4
1
21
22
SIM5
SIM1
SIM2
SIM3
SIM4
1
21
22
SIM5
SIM1
SIM2
SIM3
SIM4
1
21
22
SIM5
SIM1
SIM2
SIM3
SIM4
1
21
22
SIM5
SIM1
SIM2
SIM3
SIM4
1
21
22
SIM5
SIM1
SIM2
SIM3
SIM4
1
21
22
SIM5
SIM1
SIM2
SIM3
SIM4
1
21
22
SIM5
SIM1
SIM2
SIM3
SIM4
1
21
22
SIM5
SIM1
SIM2
SIM3
SIM4
1
21
22
SIM5
SIM1
SIM2
SIM3
SIM4
1
21
22
SIM5
SIM1
SIM2
SIM3
SIM4
1
21
22
SIM5
SIM1
SIM2
SIM3
SIM4
1
21
22
SIM5
SIM1
SIM2
SIM3
SIM4
1
21
22
SIM5
SIM1
SIM2
SIM3
SIM4
1
21
22
SIM5
SIM1
SIM2
SIM3
SIM4
1
21
22
SIM5
SIM1
SIM2
SIM3
SIM4
1
21
22
SIM5
SIM1
SIM2
SIM3
SIM4
1
21
22
SIM5
SIM1
SIM2
SIM3
SIM4
1
21
22
SIM5
SIM1
SIM2
SIM3
SIM4
1
21
22
SIM5
SIM1
SIM2
SIM3
SIM4
1
21
22
SIM5
SIM1
SIM2
SIM3
SIM4
1
21
22
SIM5
SIM1
SIM2
SIM3
SIM4
1
21
22
SIM5
SIM1
SIM2
SIM3
SIM4
1
21
22
SIM5
SIM1
SIM2
SIM3
SIM4
1
21
22
SIM5
SIM1
SIM2
SIM3
SIM4
1
21
22
SIM5
SIM1
SIM2
SIM3
SIM4
1
21
22
SIM5
SIM1
SIM2
SIM3
SIM4
1
21
22
SIM5
SIM1
SIM2
SIM3
SIM4
1
21
22
SIM5
SIM1
SIM2
SIM3
SIM4
1
21
22
SIM5
SIM1
SIM2
SIM3
SIM4
1
21
22
SIM5
SIM1
SIM2
SIM3
SIM4
1
21
22
SIM5
SIM1
SIM2
SIM3
SIM4
1
21
22
SIM5
SIM1
SIM2
SIM3
SIM4
1
21
22
SIM5
SIM1
SIM2
SIM3
SIM4
1
21
22
SIM5
SIM1
SIM2
SIM3
SIM4
1
21
22
SIM5
SIM1
SIM2
SIM3
SIM4
1
21
22
SIM5
SIM1
SIM2
SIM3
SIM4
1
21
22
SIM5
SIM1
SIM2
SIM3
SIM4
1
21
22
SIM5
SIM1
SIM2
SIM3
SIM4
1
21
22
SIM5
SIM1
SIM2
SIM3
SIM4
1
21
22
SIM5
SIM1
SIM2
SIM3
SIM4
1
21
22
SIM5
SIM1
SIM2
SIM3
SIM4
1
21
22
SIM5
SIM1
SIM2
SIM3
SIM4
1
21
22
SIM5
SIM1
SIM2
SIM3
SIM4
1
21
22
SIM5
SIM1
SIM2
SIM3
SIM4
1
21
22
SIM5
SIM1
SIM2
SIM3
SIM4
1
21
22
SIM5
SIM1
SIM2
SIM3
SIM4
1
21
22
SIM5
SIM1
SIM2
SIM3
SIM4
1
21
22
SIM5
SIM1
SIM2
SIM3
SIM4
1
21
22
SIM5
SIM1
SIM2
SIM3
SIM4
1
21
22
SIM5
SIM1
SIM2
SIM3
SIM4
1
21
22
SIM5
SIM1
SIM2
SIM3
SIM4
1
21
22
SIM5
SIM1
SIM2
SIM3
SIM4
1
21
22
SIM5
SIM1
SIM2
SIM3
SIM4
1
21
22
SIM5
SIM1
SIM2
SIM3
SIM4
1
21
22
SIM5
SIM1
SIM2
DEBUG 1 847
SIM1
SIM2
SIM3
SIM4
1
21
22
SIM5
SIM1
SIM2
SIM3
SIM4
1
21
22
SIM5
SIM1
SIM2
SIM3
SIM4
1
21
22
SIM5
SIM1
SIM2
SIM3
SIM4
1
21
22
SIM5
SIM1
SIM2
SIM3
SIM4
1
21
22
SIM5
SIM1
SIM2
SIM3
SIM4
1
21
22
SIM5
SIM1
SIM2
SIM3
SIM4
1
21
22
SIM5
SIM1
SIM2
SIM3
SIM4
1
21
22
SIM5
SIM1
SIM2
SIM3
SIM4
1
21
22
SIM5
SIM1
SIM2
SIM3
SIM4
1
21
22
SIM5
SIM1
SIM2
SIM3
SIM4
1
21
22
SIM5
SIM1
SIM2
SIM3
SIM4
1
21
22
SIM5
SIM1
SIM2
SIM3
SIM4
1
21
22
SIM5
SIM1
SIM2
SIM3
SIM4
1
21
22
SIM5
SIM1
SIM2
SIM3
SIM4
1
21
22
SIM5
SIM1
SIM2
SIM3
SIM4
1
21
22
SIM5
SIM1
SIM2
SIM3
SIM4
1
21
22
SIM5
SIM1
SIM2
SIM3
SIM4
1
21
22
SIM5
SIM1
SIM2
SIM3
SIM4
1
21
22
SIM5
SIM1
SIM2
SIM3
SIM4
1
21
22
SIM5
SIM1
SIM2
SIM3
SIM4
1
21
22
SIM5
SIM1
SIM2
SIM3
SIM4
1
21
22
SIM5
SIM1
SIM2
SIM3
SIM4
1
21
22
SIM5
SIM1
SIM2
SIM3
SIM4
1
21
22
SIM5
SIM1
SIM2
SIM3
SIM4
1
21
22
SIM5
SIM1
SIM2
SIM3
SIM4
1
21
22
SIM5
SIM1
SIM2
SIM3
SIM4
1
21
22
SIM5
SIM1
SIM2
SIM3
SIM4
1
21
22
SIM5
SIM1
SIM2
SIM3
SIM4
1
21
22
SIM5
SIM1
SIM2
SIM3
SIM4
1
21
22
SIM5
SIM1
SIM2
SIM3
SIM4
1
21
22
SIM5
SIM1
SIM2
SIM3
SIM4
1
21
22
SIM5
SIM1
SIM2
SIM3
SIM4
1
21
22
SIM5
SIM1
SIM2
SIM3
SIM4
1
21
22
SIM5
SIM1
SIM2
SIM3
SIM4
1
21
22
SIM5
SIM1
SIM2
SIM3
SIM4
1
21
22
SIM5
SIM1
SIM2
SIM3
SIM4
1
21
22
SIM5
SIM1
SIM2
SIM3
SIM4
1
21
22
SIM5
SIM1
SIM2
SIM3
SIM4
1
21
22
SIM5
SIM1
SIM2
SIM3
SIM4
1
21
22
SIM5
SIM1
SIM2
SIM3
SIM4
1
21
22
SIM5
SIM1
SIM2
SIM3
SIM4
1
21
22
SIM5
SIM1
SIM2
SIM3
SIM4
1
21
22
SIM5
SIM1
SIM2
SIM3
SIM4
1
21
22
SIM5
SIM1
SIM2
SIM3
SIM4
1
21
22
SIM5
SIM1
SIM2
SIM3
SIM4
1
21
22
SIM5
SIM1
SIM2
SIM3
SIM4
1
21
22
SIM5
SIM1
SIM2
SIM3
SIM4
1
21
22
SIM5
SIM1
SIM2
SIM3
SIM4
1
21
22
SIM5
SIM1
SIM2
SIM3
SIM4
1
21
22
SIM5
SIM1
SIM2
SIM3
SIM4
1
21
22
SIM5
SIM1
SIM2
SIM3
SIM4
1
21
22
SIM5
SIM1
SIM2
SIM3
SIM4
1
21
22
SIM5
SIM1
SIM2
SIM3
SIM4
1
21
22
SIM5
SIM1
SIM2
SIM3
SIM4
1
21
22
SIM5
SIM1
SIM2
SIM3
SIM4
1
21
22
SIM5
SIM1
SIM2
SIM3
SIM4
1
21
22
SIM5
SIM1
SIM2
SIM3
SIM4
1
21
22
SIM5
SIM1
SIM2
SIM3
SIM4
1
21
22
SIM5
SIM1
SIM2
SIM3
SIM4
1
21
22
SIM5
SIM1
SIM2
SIM3
SIM4
1
21
22
SIM5
SIM1
SIM2
SIM3
SIM4
1
21
22
SIM5
SIM1
SIM2
SIM3
SIM4
1
21
22
SIM5
SIM1
SIM2
SIM3
SIM4
1
21
22
SIM5
SIM1
SIM2
SIM3
SIM4
1
21
22
SIM5
SIM1
SIM2
SIM3
SIM4
1
21
22
SIM5
SIM1
SIM2
SIM3
SIM4
1
21
22
SIM5
SIM1
SIM2
SIM3
SIM4
1
21
22
SIM5
SIM1
SIM2
SIM3
SIM4
1
21
22
SIM5
SIM1
SIM2
SIM3
SIM4
1
21
22
SIM5
SIM1
SIM2
SIM3
SIM4
1
21
22
SIM5
SIM1
SIM2
SIM3
SIM4
1
21
22
SIM5
SIM1
SIM2
SIM3
SIM4
1
21
22
SIM5
SIM1
SIM2
SIM3
SIM4
1
21
22
SIM5
SIM1
SIM2
SIM3
SIM4
1
21
22
SIM5
SIM1
SIM2
SIM3
SIM4
1
21
22
SIM5
SIM1
SIM2
SIM3
SIM4
1
21
22
SIM5
SIM1
SIM2
SIM3
SIM4
1
21
22
SIM5
SIM1
SIM2
SIM3
SIM4
1
21
22
SIM5
SIM1
SIM2
SIM3
SIM4
1
21
22
SIM5
SIM1
SIM2
SIM3
SIM4
1
21
22
SIM5
SIM1
SIM2
SIM3
SIM4
1
21
22
SIM5
SIM1
SIM2
SIM3
SIM4
1
21
22
SIM5
SIM1
SIM2
SIM3
SIM4
1
21
22
SIM5
SIM1
SIM2
SIM3
SIM4
1
21
22
SIM5
SIM1
SIM2
SIM3
SIM4
1
21
22
SIM5
SIM1
SIM2
SIM3
SIM4
1
21
22
SIM5
SIM1
SIM2
SIM3
SIM4
1
21
22
SIM5
SIM1
SIM2
SIM3
SIM4
1
21
22
SIM5
SIM1
SIM2
SIM3
SIM4
1
21
22
SIM5
SIM1
SIM2
SIM3
SIM4
1
21
22
SIM5
SIM1
SIM2
SIM3
SIM4
1
21
22
SIM5
SIM1
SIM2
SIM3
SIM4
1
21
22
SIM5
SIM1
SIM2
SIM3
SIM4
1
21
22
SIM5
SIM1
SIM2
SIM3
SIM4
1
21
22
SIM5
SIM1
SIM2
SIM3
SIM4
1
21
22
SIM5
SIM1
SIM2
SIM3
SIM4
1
21
22
SIM5
SIM1
SIM2
SIM3
SIM4
1
21
22
SIM5
SIM1
SIM2
SIM3
SIM4
1
21
22
SIM5
SIM1
SIM2
SIM3
SIM4
1
21
22
SIM5
SIM1
SIM2
SIM3
SIM4
1
21
22
SIM5
SIM1
SIM2
SIM3
SIM4
1
21
22
SIM5
SIM1
SIM2
SIM3
SIM4
1
21
22
SIM5
SIM1
SIM2
SIM3
SIM4
1
21
22
SIM5
SIM1
SIM2
SIM3
SIM4
1
21
22
SIM5
SIM1
SIM2
SIM3
SIM4
1
21
22
SIM5
SIM1
SIM2
SIM3
SIM4
1
21
22
SIM5
SIM1
SIM2
SIM3
SIM4
1
21
22
SIM5
SIM1
SIM2
SIM3
SIM4
1
21
22
SIM5
SIM1
SIM2
SIM3
SIM4
1
21
22
SIM5
SIM1
SIM2
SIM3
SIM4
1
21
22
SIM5
SIM1
SIM2
SIM3
SIM4
1
21
22
SIM5
SIM1
SIM2
SIM3
SIM4
1
21
22
SIM5
SIM1
SIM2
SIM3
SIM4
1
21
22
SIM5
SIM1
SIM2
SIM3
SIM4
1
21
22
SIM5
SIM1
SIM2
SIM3
SIM4
1
21
22
SIM5
SIM1
SIM2
SIM3
SIM4
1
21
22
SIM5
SIM1
SIM2
SIM3
SIM4
1
21
22
SIM5
SIM1
SIM2
SIM3
SIM4
1
21
22
SIM5
SIM1
SIM2
SIM3
SIM4
1
21
22
SIM5
SIM1
SIM2
SIM3
SIM4
1
21
22
SIM5
SIM1
SIM2
SIM3
SIM4
1
21
22
SIM5
SIM1
SIM2
SIM3
SIM4
1
21
22
SIM5
SIM1
SIM2
SIM3
SIM4
1
21
22
SIM5
SIM1
SIM2
SIM3
SIM4
1
21
22
SIM5
SIM1
SIM2
SIM3
SIM4
1
21
22
SIM5
SIM1
SIM2
SIM3
SIM4
1
21
22
SIM5
SIM1
SIM2
SIM3
SIM4
1
21
22
SIM5
SIM1
SIM2
SIM3
SIM4
1
21
22
SIM5
SIM1
SIM2
SIM3
SIM4
1
21
22
SIM5
SIM1
SIM2
SIM3
SIM4
1
21
22
SIM5
SIM1
SIM2
SIM3
SIM4
1
21
22
SIM5
SIM1
SIM2
SIM3
SIM4
1
21
22
SIM5
SIM1
SIM2
SIM3
SIM4
1
21
22
SIM5
SIM1
SIM2
SIM3
SIM4
1
21
22
SIM5
SIM1
SIM2
SIM3
SIM4
1
21
22
SIM5
SIM1
SIM2
SIM3
SIM4
1
21
22
SIM5
SIM1
SIM2
SIM3
SIM4
1
21
22
SIM5
SIM1
SIM2
SIM3
SIM4
1
21
22
SIM5
SIM1
SIM2
SIM3
SIM4
1
21
22
SIM5
SIM1
SIM2
SIM3
SIM4
1
21
22
SIM5
SIM1
SIM2
SIM3
SIM4
1
21
22
SIM5
SIM1
SIM2
SIM3
SIM4
1
21
22
SIM5
SIM1
SIM2
SIM3
SIM4
1
21
22
SIM5
SIM1
SIM2
SIM3
SIM4
1
21
22
SIM5
SIM1
SIM2
SIM3
SIM4
1
21
22
SIM5
SIM1
SIM2
SIM3
SIM4
1
21
22
SIM5
SIM1
SIM2
SIM3
SIM4
1
21
22
SIM5
SIM1
SIM2
SIM3
SIM4
1
21
22
SIM5
SIM1
SIM2
SIM3
SIM4
1
21
22
SIM5
SIM1
SIM2
SIM3
SIM4
1
21
22
SIM5
SIM1
SIM2
SIM3
SIM4
1
21
22
SIM5
SIM1
SIM2
SIM3
SIM4
1
21
22
SIM5
SIM1
SIM2
SIM3
SIM4
1
21
22
SIM5
SIM1
SIM2
SIM3
SIM4
1
21
22
SIM5
SIM1
SIM2
SIM3
SIM4
1
21
22
SIM5
SIM1
SIM2
SIM3
SIM4
1
21
22
SIM5
SIM1
SIM2
SIM3
SIM4
1
21
22
SIM5
SIM1
SIM2
SIM3
SIM4
1
21
22
SIM5
SIM1
SIM2
SIM3
SIM4
1
21
22
SIM5
SIM1
SIM2
SIM3
SIM4
1
21
22
SIM5
SIM1
SIM2
SIM3
SIM4
1
21
22
SIM5
SIM1
SIM2
SIM3
SIM4
1
21
22
SIM5
SIM1
SIM2
SIM3
SIM4
1
21
22
SIM5
SIM1
SIM2
SIM3
SIM4
1
21
22
SIM5
SIM1
SIM2
SIM3
SIM4
1
21
22
SIM5
SIM1
SIM2
SIM3
SIM4
1
21
22
SIM5
SIM1
SIM2
SIM3
SIM4
1
21
22
SIM5
SIM1
SIM2
SIM3
SIM4
1
21
22
SIM5
SIM1
SIM2
SIM3
SIM4
1
21
22
SIM5
SIM1
SIM2
SIM3
SIM4
1
21
22
SIM5
SIM1
SIM2
SIM3
SIM4
1
21
22
SIM5
SIM1
SIM2
SIM3
SIM4
1
21
22
SIM5
SIM1
SIM2
SIM3
SIM4
1
21
22
SIM5
SIM1
SIM2
SIM3
SIM4
1
21
22
SIM5
SIM1
SIM2
SIM3
SIM4
1
21
22
SIM5
SIM1
SIM2
SIM3
SIM4
1
21
22
SIM5
SIM1
SIM2
SIM3
SIM4
1
21
22
SIM5
SIM1
SIM2
SIM3
SIM4
1
21
22
SIM5
SIM1
SIM2
SIM3
SIM4
1
21
22
SIM5
SIM1
SIM2
SIM3
SIM4
1
21
22
SIM5
SIM1
SIM2
SIM3
SIM4
1
21
22
SIM5
SIM1
SIM2
SIM3
SIM4
1
21
22
SIM5
SIM1
SIM2
SIM3
SIM4
1
21
22
SIM5
SIM1
SIM2
SIM3
SIM4
1
21
22
SIM5
SIM1
SIM2
SIM3
SIM4
1
21
22
SIM5
SIM1
SIM2
SIM3
SIM4
1
21
22
SIM5
SIM1
SIM2
SIM3
SIM4
1
21
22
SIM5
SIM1
SIM2
SIM3
SIM4
1
21
22
SIM5
SIM1
SIM2
SIM3
SIM4
1
21
22
SIM5
SIM1
SIM2
SIM3
SIM4
1
21
22
SIM5
SIM1
SIM2
SIM3
SIM4
1
21
22
SIM5
SIM1
SIM2
SIM3
SIM4
1
21
22
SIM5
SIM1
SIM2
SIM3
SIM4
1
21
22
SIM5
SIM1
SIM2
SIM3
SIM4
1
21
22
SIM5
SIM1
SIM2
SIM3
SIM4
1
21
22
SIM5
SIM1
SIM2
SIM3
SIM4
1
21
22
SIM5
SIM1
SIM2
SIM3
SIM4
1
21
22
SIM5
SIM1
SIM2
SIM3
SIM4
1
21
22
SIM5
SIM1
SIM2
SIM3
SIM4
1
21
22
SIM5
SIM1
SIM2
SIM3
SIM4
1
21
22
SIM5
SIM1
SIM2
SIM3
SIM4
1
21
22
SIM5
SIM1
SIM2
SIM3
SIM4
1
21
22
SIM5
SIM1
SIM2
SIM3
SIM4
1
21
22
SIM5
SIM1
SIM2
SIM3
SIM4
1
21
22
SIM5
SIM1
SIM2
SIM3
SIM4
1
21
22
SIM5
SIM1
SIM2
SIM3
SIM4
1
21
22
SIM5
SIM1
SIM2
SIM3
SIM4
1
21
22
SIM5
SIM1
SIM2
SIM3
SIM4
1
21
22
SIM5
SIM1
SIM2
SIM3
SIM4
1
21
22
SIM5
SIM1
SIM2
SIM3
SIM4
1
21
22
SIM5
SIM1
SIM2
SIM3
SIM4
1
21
22
SIM5
SIM1
SIM2
SIM3
SIM4
1
21
22
SIM5
SIM1
SIM2
SIM3
SIM4
1
21
22
SIM5
SIM1
SIM2
SIM3
SIM4
1
21
22
SIM5
SIM1
SIM2
SIM3
SIM4
1
21
22
SIM5
SIM1
SIM2
SIM3
SIM4
1
21
22
SIM5
SIM1
SIM2
SIM3
SIM4
1
21
22
SIM5
SIM1
SIM2
DEBUG 1 848
SIM1
SIM2
SIM3
SIM4
1
21
22
SIM5
SIM1
SIM2
SIM3
SIM4
1
21
22
SIM5
SIM1
SIM2
SIM3
SIM4
1
21
22
SIM5
SIM1
SIM2
SIM3
SIM4
1
21
22
SIM5
SIM1
SIM2
SIM3
SIM4
1
21
22
SIM5
SIM1
SIM2
SIM3
SIM4
1
21
22
SIM5
SIM1
SIM2
SIM3
SIM4
1
21
22
SIM5
SIM1
SIM2
SIM3
SIM4
1
21
22
SIM5
SIM1
SIM2
SIM3
SIM4
1
21
22
SIM5
SIM1
SIM2
SIM3
SIM4
1
21
22
SIM5
SIM1
SIM2
SIM3
SIM4
1
21
22
SIM5
SIM1
SIM2
SIM3
SIM4
1
21
22
SIM5
SIM1
SIM2
SIM3
SIM4
1
21
22
SIM5
SIM1
SIM2
SIM3
SIM4
1
21
22
SIM5
SIM1
SIM2
SIM3
SIM4
1
21
22
SIM5
SIM1
SIM2
SIM3
SIM4
1
21
22
SIM5
SIM1
SIM2
SIM3
SIM4
1
21
22
SIM5
SIM1
SIM2
SIM3
SIM4
1
21
22
SIM5
SIM1
SIM2
SIM3
SIM4
1
21
22
SIM5
SIM1
SIM2
SIM3
SIM4
1
21
22
SIM5
SIM1
SIM2
SIM3
SIM4
1
21
22
SIM5
SIM1
SIM2
SIM3
SIM4
1
21
22
SIM5
SIM1
SIM2
SIM3
SIM4
1
21
22
SIM5
SIM1
SIM2
SIM3
SIM4
1
21
22
SIM5
SIM1
SIM2
SIM3
SIM4
1
21
22
SIM5
SIM1
SIM2
SIM3
SIM4
1
21
22
SIM5
SIM1
SIM2
SIM3
SIM4
1
21
22
SIM5
SIM1
SIM2
SIM3
SIM4
1
21
22
SIM5
SIM1
SIM2
SIM3
SIM4
1
21
22
SIM5
SIM1
SIM2
SIM3
SIM4
1
21
22
SIM5
SIM1
SIM2
SIM3
SIM4
1
21
22
SIM5
SIM1
SIM2
SIM3
SIM4
1
21
22
SIM5
SIM1
SIM2
SIM3
SIM4
1
21
22
SIM5
SIM1
SIM2
SIM3
SIM4
1
21
22
SIM5
SIM1
SIM2
SIM3
SIM4
1
21
22
SIM5
SIM1
SIM2
SIM3
SIM4
1
21
22
SIM5
SIM1
SIM2
SIM3
SIM4
1
21
22
SIM5
SIM1
SIM2
SIM3
SIM4
1
21
22
SIM5
SIM1
SIM2
SIM3
SIM4
1
21
22
SIM5
SIM1
SIM2
SIM3
SIM4
1
21
22
SIM5
SIM1
SIM2
SIM3
SIM4
1
21
22
SIM5
SIM1
SIM2
SIM3
SIM4
1
21
22
SIM5
SIM1
SIM2
SIM3
SIM4
1
21
22
SIM5
SIM1
SIM2
SIM3
SIM4
1
21
22
SIM5
SIM1
SIM2
SIM3
SIM4
1
21
22
SIM5
SIM1
SIM2
SIM3
SIM4
1
21
22
SIM5
SIM1
SIM2
SIM3
SIM4
1
21
22
SIM5
SIM1
SIM2
SIM3
SIM4
1
21
22
SIM5
SIM1
SIM2
SIM3
SIM4
1
21
22
SIM5
SIM1
SIM2
SIM3
SIM4
1
21
22
SIM5
SIM1
SIM2
SIM3
SIM4
1
21
22
SIM5
SIM1
SIM2
SIM3
SIM4
1
21
22
SIM5
SIM1
SIM2
SIM3
SIM4
1
21
22
SIM5
SIM1
SIM2
SIM3
SIM4
1
21
22
SIM5
SIM1
SIM2
SIM3
SIM4
1
21
22
SIM5
SIM1
SIM2
SIM3
SIM4
1
21
22
SIM5
SIM1
SIM2
SIM3
SIM4
1
21
22
SIM5
SIM1
SIM2
SIM3
SIM4
1
21
22
SIM5
SIM1
SIM2
SIM3
SIM4
1
21
22
SIM5
SIM1
SIM2
SIM3
SIM4
1
21
22
SIM5
SIM1
SIM2
SIM3
SIM4
1
21
22
SIM5
SIM1
SIM2
SIM3
SIM4
1
21
22
SIM5
SIM1
SIM2
SIM3
SIM4
1
21
22
SIM5
SIM1
SIM2
SIM3
SIM4
1
21
22
SIM5
SIM1
SIM2
SIM3
SIM4
1
21
22
SIM5
SIM1
SIM2
SIM3
SIM4
1
21
22
SIM5
SIM1
SIM2
SIM3
SIM4
1
21
22
SIM5
SIM1
SIM2
SIM3
SIM4
1
21
22
SIM5
SIM1
SIM2
SIM3
SIM4
1
21
22
SIM5
SIM1
SIM2
SIM3
SIM4
1
21
22
SIM5
SIM1
SIM2
SIM3
SIM4
1
21
22
SIM5
SIM1
SIM2
SIM3
SIM4
1
21
22
SIM5
SIM1
SIM2
SIM3
SIM4
1
21
22
SIM5
SIM1
SIM2
SIM3
SIM4
1
21
22
SIM5
SIM1
SIM2
SIM3
SIM4
1
21
22
SIM5
SIM1
SIM2
SIM3
SIM4
1
21
22
SIM5
SIM1
SIM2
SIM3
SIM4
1
21
22
SIM5
SIM1
SIM2
SIM3
SIM4
1
21
22
SIM5
SIM1
SIM2
SIM3
SIM4
1
21
22
SIM5
SIM1
SIM2
SIM3
SIM4
1
21
22
SIM5
SIM1
SIM2
SIM3
SIM4
1
21
22
SIM5
SIM1
SIM2
SIM3
SIM4
1
21
22
SIM5
SIM1
SIM2
SIM3
SIM4
1
21
22
SIM5
SIM1
SIM2
SIM3
SIM4
1
21
22
SIM5
SIM1
SIM2
SIM3
SIM4
1
21
22
SIM5
SIM1
SIM2
SIM3
SIM4
1
21
22
SIM5
SIM1
SIM2
SIM3
SIM4
1
21
22
SIM5
SIM1
SIM2
SIM3
SIM4
1
21
22
SIM5
SIM1
SIM2
SIM3
SIM4
1
21
22
SIM5
SIM1
SIM2
SIM3
SIM4
1
21
22
SIM5
SIM1
SIM2
SIM3
SIM4
1
21
22
SIM5
SIM1
SIM2
SIM3
SIM4
1
21
22
SIM5
SIM1
SIM2
SIM3
SIM4
1
21
22
SIM5
SIM1
SIM2
SIM3
SIM4
1
21
22
SIM5
SIM1
SIM2
SIM3
SIM4
1
21
22
SIM5
SIM1
SIM2
SIM3
SIM4
1
21
22
SIM5
SIM1
SIM2
SIM3
SIM4
1
21
22
SIM5
SIM1
SIM2
SIM3
SIM4
1
21
22
SIM5
SIM1
SIM2
SIM3
SIM4
1
21
22
SIM5
SIM1
SIM2
SIM3
SIM4
1
21
22
SIM5
SIM1
SIM2
SIM3
SIM4
1
21
22
SIM5
SIM1
SIM2
SIM3
SIM4
1
21
22
SIM5
SIM1
SIM2
SIM3
SIM4
1
21
22
SIM5
SIM1
SIM2
SIM3
SIM4
1
21
22
SIM5
SIM1
SIM2
SIM3
SIM4
1
21
22
SIM5
SIM1
SIM2
SIM3
SIM4
1
21
22
SIM5
SIM1
SIM2
SIM3
SIM4
1
21
22
SIM5
SIM1
SIM2
SIM3
SIM4
1
21
22
SIM5
SIM1
SIM2
SIM3
SIM4
1
21
22
SIM5
SIM1
SIM2
SIM3
SIM4
1
21
22
SIM5
SIM1
SIM2
SIM3
SIM4
1
21
22
SIM5
SIM1
SIM2
SIM3
SIM4
1
21
22
SIM5
SIM1
SIM2
SIM3
SIM4
1
21
22
SIM5
SIM1
SIM2
SIM3
SIM4
1
21
22
SIM5
SIM1
SIM2
SIM3
SIM4
1
21
22
SIM5
SIM1
SIM2
SIM3
SIM4
1
21
22
SIM5
SIM1
SIM2
SIM3
SIM4
1
21
22
SIM5
SIM1
SIM2
SIM3
SIM4
1
21
22
SIM5
SIM1
SIM2
SIM3
SIM4
1
21
22
SIM5
SIM1
SIM2
SIM3
SIM4
1
21
22
SIM5
SIM1
SIM2
SIM3
SIM4
1
21
22
SIM5
SIM1
SIM2
SIM3
SIM4
1
21
22
SIM5
SIM1
SIM2
SIM3
SIM4
1
21
22
SIM5
SIM1
SIM2
SIM3
SIM4
1
21
22
SIM5
SIM1
SIM2
SIM3
SIM4
1
21
22
SIM5
SIM1
SIM2
SIM3
SIM4
1
21
22
SIM5
SIM1
SIM2
SIM3
SIM4
1
21
22
SIM5
SIM1
SIM2
SIM3
SIM4
1
21
22
SIM5
SIM1
SIM2
SIM3
SIM4
1
21
22
SIM5
SIM1
SIM2
SIM3
SIM4
1
21
22
SIM5
SIM1
SIM2
SIM3
SIM4
1
21
22
SIM5
SIM1
SIM2
SIM3
SIM4
1
21
22
SIM5
SIM1
SIM2
SIM3
SIM4
1
21
22
SIM5
SIM1
SIM2
SIM3
SIM4
1
21
22
SIM5
SIM1
SIM2
SIM3
SIM4
1
21
22
SIM5
SIM1
SIM2
SIM3
SIM4
1
21
22
SIM5
SIM1
SIM2
SIM3
SIM4
1
21
22
SIM5
SIM1
SIM2
SIM3
SIM4
1
21
22
SIM5
SIM1
SIM2
SIM3
SIM4
1
21
22
SIM5
SIM1
SIM2
SIM3
SIM4
1
21
22
SIM5
SIM1
SIM2
SIM3
SIM4
1
21
22
SIM5
SIM1
SIM2
SIM3
SIM4
1
21
22
SIM5
SIM1
SIM2
SIM3
SIM4
1
21
22
SIM5
SIM1
SIM2
SIM3
SIM4
1
21
22
SIM5
SIM1
SIM2
SIM3
SIM4
1
21
22
SIM5
SIM1
SIM2
SIM3
SIM4
1
21
22
SIM5
SIM1
SIM2
SIM3
SIM4
1
21
22
SIM5
SIM1
SIM2
SIM3
SIM4
1
21
22
SIM5
SIM1
SIM2
SIM3
SIM4
1
21
22
SIM5
SIM1
SIM2
SIM3
SIM4
1
21
22
SIM5
SIM1
SIM2
SIM3
SIM4
1
21
22
SIM5
SIM1
SIM2
SIM3
SIM4
1
21
22
SIM5
SIM1
SIM2
SIM3
SIM4
1
21
22
SIM5
SIM1
SIM2
SIM3
SIM4
1
21
22
SIM5
SIM1
SIM2
SIM3
SIM4
1
21
22
SIM5
SIM1
SIM2
SIM3
SIM4
1
21
22
SIM5
SIM1
SIM2
SIM3
SIM4
1
21
22
SIM5
SIM1
SIM2
SIM3
SIM4
1
21
22
SIM5
SIM1
SIM2
SIM3
SIM4
1
21
22
SIM5
SIM1
SIM2
SIM3
SIM4
1
21
22
SIM5
SIM1
SIM2
SIM3
SIM4
1
21
22
SIM5
SIM1
SIM2
SIM3
SIM4
1
21
22
SIM5
SIM1
SIM2
SIM3
SIM4
1
21
22
SIM5
SIM1
SIM2
SIM3
SIM4
1
21
22
SIM5
SIM1
SIM2
SIM3
SIM4
1
21
22
SIM5
SIM1
SIM2
SIM3
SIM4
1
21
22
SIM5
SIM1
SIM2
SIM3
SIM4
1
21
22
SIM5
SIM1
SIM2
SIM3
SIM4
1
21
22
SIM5
SIM1
SIM2
SIM3
SIM4
1
21
22
SIM5
SIM1
SIM2
SIM3
SIM4
1
21
22
SIM5
SIM1
SIM2
SIM3
SIM4
1
21
22
SIM5
SIM1
SIM2
SIM3
SIM4
1
21
22
SIM5
SIM1
SIM2
SIM3
SIM4
1
21
22
SIM5
SIM1
SIM2
SIM3
SIM4
1
21
22
SIM5
SIM1
SIM2
SIM3
SIM4
1
21
22
SIM5
SIM1
SIM2
SIM3
SIM4
1
21
22
SIM5
SIM1
SIM2
SIM3
SIM4
1
21
22
SIM5
SIM1
SIM2
SIM3
SIM4
1
21
22
SIM5
SIM1
SIM2
SIM3
SIM4
1
21
22
SIM5
SIM1
SIM2
SIM3
SIM4
1
21
22
SIM5
SIM1
SIM2
SIM3
SIM4
1
21
22
SIM5
SIM1
SIM2
SIM3
SIM4
1
21
22
SIM5
SIM1
SIM2
SIM3
SIM4
1
21
22
SIM5
SIM1
SIM2
SIM3
SIM4
1
21
22
SIM5
SIM1
SIM2
SIM3
SIM4
1
21
22
SIM5
SIM1
SIM2
SIM3
SIM4
1
21
22
SIM5
SIM1
SIM2
SIM3
SIM4
1
21
22
SIM5
SIM1
SIM2
SIM3
SIM4
1
21
22
SIM5
SIM1
SIM2
SIM3
SIM4
1
21
22
SIM5
SIM1
SIM2
SIM3
SIM4
1
21
22
SIM5
SIM1
SIM2
SIM3
SIM4
1
21
22
SIM5
SIM1
SIM2
SIM3
SIM4
1
21
22
SIM5
SIM1
SIM2
SIM3
SIM4
1
21
22
SIM5
SIM1
SIM2
SIM3
SIM4
1
21
22
SIM5
SIM1
SIM2
SIM3
SIM4
1
21
22
SIM5
SIM1
SIM2
SIM3
SIM4
1
21
22
SIM5
SIM1
SIM2
SIM3
SIM4
1
21
22
SIM5
SIM1
SIM2
SIM3
SIM4
1
21
22
SIM5
SIM1
SIM2
SIM3
SIM4
1
21
22
SIM5
SIM1
SIM2
SIM3
SIM4
1
21
22
SIM5
SIM1
SIM2
SIM3
SIM4
1
21
22
SIM5
SIM1
SIM2
SIM3
SIM4
1
21
22
SIM5
SIM1
SIM2
SIM3
SIM4
1
21
22
SIM5
SIM1
SIM2
SIM3
SIM4
1
21
22
SIM5
SIM1
SIM2
SIM3
SIM4
1
21
22
SIM5
SIM1
SIM2
DEBUG 1 849
SIM1
SIM2
SIM3
SIM4
1
21
22
SIM5
SIM1
SIM2
SIM3
SIM4
1
21
22
SIM5
SIM1
SIM2
SIM3
SIM4
1
21
22
SIM5
SIM1
SIM2
SIM3
SIM4
1
21
22
SIM5
SIM1
SIM2
SIM3
SIM4
1
21
22
SIM5
SIM1
SIM2
SIM3
SIM4
1
21
22
SIM5
SIM1
SIM2
SIM3
SIM4
1
21
22
SIM5
SIM1
SIM2
SIM3
SIM4
1
21
22
SIM5
SIM1
SIM2
SIM3
SIM4
1
21
22
SIM5
SIM1
SIM2
SIM3
SIM4
1
21
22
SIM5
SIM1
SIM2
SIM3
SIM4
1
21
22
SIM5
SIM1
SIM2
SIM3
SIM4
1
21
22
SIM5
SIM1
SIM2
SIM3
SIM4
1
21
22
SIM5
SIM1
SIM2
SIM3
SIM4
1
21
22
SIM5
SIM1
SIM2
SIM3
SIM4
1
21
22
SIM5
SIM1
SIM2
SIM3
SIM4
1
21
22
SIM5
SIM1
SIM2
SIM3
SIM4
1
21
22
SIM5
SIM1
SIM2
SIM3
SIM4
1
21
22
SIM5
SIM1
SIM2
SIM3
SIM4
1
21
22
SIM5
SIM1
SIM2
SIM3
SIM4
1
21
22
SIM5
SIM1
SIM2
SIM3
SIM4
1
21
22
SIM5
SIM1
SIM2
SIM3
SIM4
1
21
22
SIM5
SIM1
SIM2
SIM3
SIM4
1
21
22
SIM5
SIM1
SIM2
SIM3
SIM4
1
21
22
SIM5
SIM1
SIM2
SIM3
SIM4
1
21
22
SIM5
SIM1
SIM2
SIM3
SIM4
1
21
22
SIM5
SIM1
SIM2
SIM3
SIM4
1
21
22
SIM5
SIM1
SIM2
SIM3
SIM4
1
21
22
SIM5
SIM1
SIM2
SIM3
SIM4
1
21
22
SIM5
SIM1
SIM2
SIM3
SIM4
1
21
22
SIM5
SIM1
SIM2
SIM3
SIM4
1
21
22
SIM5
SIM1
SIM2
SIM3
SIM4
1
21
22
SIM5
SIM1
SIM2
SIM3
SIM4
1
21
22
SIM5
SIM1
SIM2
SIM3
SIM4
1
21
22
SIM5
SIM1
SIM2
SIM3
SIM4
1
21
22
SIM5
SIM1
SIM2
SIM3
SIM4
1
21
22
SIM5
SIM1
SIM2
SIM3
SIM4
1
21
22
SIM5
SIM1
SIM2
SIM3
SIM4
1
21
22
SIM5
SIM1
SIM2
SIM3
SIM4
1
21
22
SIM5
SIM1
SIM2
SIM3
SIM4
1
21
22
SIM5
SIM1
SIM2
SIM3
SIM4
1
21
22
SIM5
SIM1
SIM2
SIM3
SIM4
1
21
22
SIM5
SIM1
SIM2
SIM3
SIM4
1
21
22
SIM5
SIM1
SIM2
SIM3
SIM4
1
21
22
SIM5
SIM1
SIM2
SIM3
SIM4
1
21
22
SIM5
SIM1
SIM2
SIM3
SIM4
1
21
22
SIM5
SIM1
SIM2
SIM3
SIM4
1
21
22
SIM5
SIM1
SIM2
SIM3
SIM4
1
21
22
SIM5
SIM1
SIM2
SIM3
SIM4
1
21
22
SIM5
SIM1
SIM2
SIM3
SIM4
1
21
22
SIM5
SIM1
SIM2
SIM3
SIM4
1
21
22
SIM5
SIM1
SIM2
SIM3
SIM4
1
21
22
SIM5
SIM1
SIM2
SIM3
SIM4
1
21
22
SIM5
SIM1
SIM2
SIM3
SIM4
1
21
22
SIM5
SIM1
SIM2
SIM3
SIM4
1
21
22
SIM5
SIM1
SIM2
SIM3
SIM4
1
21
22
SIM5
SIM1
SIM2
SIM3
SIM4
1
21
22
SIM5
SIM1
SIM2
SIM3
SIM4
1
21
22
SIM5
SIM1
SIM2
SIM3
SIM4
1
21
22
SIM5
SIM1
SIM2
SIM3
SIM4
1
21
22
SIM5
SIM1
SIM2
SIM3
SIM4
1
21
22
SIM5
SIM1
SIM2
SIM3
SIM4
1
21
22
SIM5
SIM1
SIM2
SIM3
SIM4
1
21
22
SIM5
SIM1
SIM2
SIM3
SIM4
1
21
22
SIM5
SIM1
SIM2
SIM3
SIM4
1
21
22
SIM5
SIM1
SIM2
SIM3
SIM4
1
21
22
SIM5
SIM1
SIM2
SIM3
SIM4
1
21
22
SIM5
SIM1
SIM2
SIM3
SIM4
1
21
22
SIM5
SIM1
SIM2
SIM3
SIM4
1
21
22
SIM5
SIM1
SIM2
SIM3
SIM4
1
21
22
SIM5
SIM1
SIM2
SIM3
SIM4
1
21
22
SIM5
SIM1
SIM2
SIM3
SIM4
1
21
22
SIM5
SIM1
SIM2
SIM3
SIM4
1
21
22
SIM5
SIM1
SIM2
SIM3
SIM4
1
21
22
SIM5
SIM1
SIM2
SIM3
SIM4
1
21
22
SIM5
SIM1
SIM2
SIM3
SIM4
1
21
22
SIM5
SIM1
SIM2
SIM3
SIM4
1
21
22
SIM5
SIM1
SIM2
SIM3
SIM4
1
21
22
SIM5
SIM1
SIM2
SIM3
SIM4
1
21
22
SIM5
SIM1
SIM2
SIM3
SIM4
1
21
22
SIM5
SIM1
SIM2
SIM3
SIM4
1
21
22
SIM5
SIM1
SIM2
SIM3
SIM4
1
21
22
SIM5
SIM1
SIM2
SIM3
SIM4
1
21
22
SIM5
SIM1
SIM2
SIM3
SIM4
1
21
22
SIM5
SIM1
SIM2
SIM3
SIM4
1
21
22
SIM5
SIM1
SIM2
SIM3
SIM4
1
21
22
SIM5
SIM1
SIM2
SIM3
SIM4
1
21
22
SIM5
SIM1
SIM2
SIM3
SIM4
1
21
22
SIM5
SIM1
SIM2
SIM3
SIM4
1
21
22
SIM5
SIM1
SIM2
SIM3
SIM4
1
21
22
SIM5
SIM1
SIM2
SIM3
SIM4
1
21
22
SIM5
SIM1
SIM2
SIM3
SIM4
1
21
22
SIM5
SIM1
SIM2
SIM3
SIM4
1
21
22
SIM5
SIM1
SIM2
SIM3
SIM4
1
21
22
SIM5
SIM1
SIM2
SIM3
SIM4
1
21
22
SIM5
SIM1
SIM2
SIM3
SIM4
1
21
22
SIM5
SIM1
SIM2
SIM3
SIM4
1
21
22
SIM5
SIM1
SIM2
SIM3
SIM4
1
21
22
SIM5
SIM1
SIM2
SIM3
SIM4
1
21
22
SIM5
SIM1
SIM2
SIM3
SIM4
1
21
22
SIM5
SIM1
SIM2
SIM3
SIM4
1
21
22
SIM5
SIM1
SIM2
SIM3
SIM4
1
21
22
SIM5
SIM1
SIM2
SIM3
SIM4
1
21
22
SIM5
SIM1
SIM2
SIM3
SIM4
1
21
22
SIM5
SIM1
SIM2
SIM3
SIM4
1
21
22
SIM5
SIM1
SIM2
SIM3
SIM4
1
21
22
SIM5
SIM1
SIM2
SIM3
SIM4
1
21
22
SIM5
SIM1
SIM2
SIM3
SIM4
1
21
22
SIM5
SIM1
SIM2
SIM3
SIM4
1
21
22
SIM5
SIM1
SIM2
SIM3
SIM4
1
21
22
SIM5
SIM1
SIM2
SIM3
SIM4
1
21
22
SIM5
SIM1
SIM2
SIM3
SIM4
1
21
22
SIM5
SIM1
SIM2
SIM3
SIM4
1
21
22
SIM5
SIM1
SIM2
SIM3
SIM4
1
21
22
SIM5
SIM1
SIM2
SIM3
SIM4
1
21
22
SIM5
SIM1
SIM2
SIM3
SIM4
1
21
22
SIM5
SIM1
SIM2
SIM3
SIM4
1
21
22
SIM5
SIM1
SIM2
SIM3
SIM4
1
21
22
SIM5
SIM1
SIM2
SIM3
SIM4
1
21
22
SIM5
SIM1
SIM2
SIM3
SIM4
1
21
22
SIM5
SIM1
SIM2
SIM3
SIM4
1
21
22
SIM5
SIM1
SIM2
SIM3
SIM4
1
21
22
SIM5
SIM1
SIM2
SIM3
SIM4
1
21
22
SIM5
SIM1
SIM2
SIM3
SIM4
1
21
22
SIM5
SIM1
SIM2
SIM3
SIM4
1
21
22
SIM5
SIM1
SIM2
SIM3
SIM4
1
21
22
SIM5
SIM1
SIM2
SIM3
SIM4
1
21
22
SIM5
SIM1
SIM2
SIM3
SIM4
1
21
22
SIM5
SIM1
SIM2
SIM3
SIM4
1
21
22
SIM5
SIM1
SIM2
SIM3
SIM4
1
21
22
SIM5
SIM1
SIM2
SIM3
SIM4
1
21
22
SIM5
SIM1
SIM2
SIM3
SIM4
1
21
22
SIM5
SIM1
SIM2
SIM3
SIM4
1
21
22
SIM5
SIM1
SIM2
SIM3
SIM4
1
21
22
SIM5
SIM1
SIM2
SIM3
SIM4
1
21
22
SIM5
SIM1
SIM2
SIM3
SIM4
1
21
22
SIM5
SIM1
SIM2
SIM3
SIM4
1
21
22
SIM5
SIM1
SIM2
SIM3
SIM4
1
21
22
SIM5
SIM1
SIM2
SIM3
SIM4
1
21
22
SIM5
SIM1
SIM2
SIM3
SIM4
1
21
22
SIM5
SIM1
SIM2
SIM3
SIM4
1
21
22
SIM5
SIM1
SIM2
SIM3
SIM4
1
21
22
SIM5
SIM1
SIM2
SIM3
SIM4
1
21
22
SIM5
SIM1
SIM2
SIM3
SIM4
1
21
22
SIM5
SIM1
SIM2
SIM3
SIM4
1
21
22
SIM5
SIM1
SIM2
SIM3
SIM4
1
21
22
SIM5
SIM1
SIM2
SIM3
SIM4
1
21
22
SIM5
SIM1
SIM2
SIM3
SIM4
1
21
22
SIM5
SIM1
SIM2
SIM3
SIM4
1
21
22
SIM5
SIM1
SIM2
SIM3
SIM4
1
21
22
SIM5
SIM1
SIM2
SIM3
SIM4
1
21
22
SIM5
SIM1
SIM2
SIM3
SIM4
1
21
22
SIM5
SIM1
SIM2
SIM3
SIM4
1
21
22
SIM5
SIM1
SIM2
SIM3
SIM4
1
21
22
SIM5
SIM1
SIM2
SIM3
SIM4
1
21
22
SIM5
SIM1
SIM2
SIM3
SIM4
1
21
22
SIM5
SIM1
SIM2
SIM3
SIM4
1
21
22
SIM5
SIM1
SIM2
SIM3
SIM4
1
21
22
SIM5
SIM1
SIM2
SIM3
SIM4
1
21
22
SIM5
SIM1
SIM2
SIM3
SIM4
1
21
22
SIM5
SIM1
SIM2
SIM3
SIM4
1
21
22
SIM5
SIM1
SIM2
SIM3
SIM4
1
21
22
SIM5
SIM1
SIM2
SIM3
SIM4
1
21
22
SIM5
SIM1
SIM2
SIM3
SIM4
1
21
22
SIM5
SIM1
SIM2
SIM3
SIM4
1
21
22
SIM5
SIM1
SIM2
SIM3
SIM4
1
21
22
SIM5
SIM1
SIM2
SIM3
SIM4
1
21
22
SIM5
SIM1
SIM2
SIM3
SIM4
1
21
22
SIM5
SIM1
SIM2
SIM3
SIM4
1
21
22
SIM5
SIM1
SIM2
SIM3
SIM4
1
21
22
SIM5
SIM1
SIM2
SIM3
SIM4
1
21
22
SIM5
SIM1
SIM2
SIM3
SIM4
1
21
22
SIM5
SIM1
SIM2
SIM3
SIM4
1
21
22
SIM5
SIM1
SIM2
SIM3
SIM4
1
21
22
SIM5
SIM1
SIM2
SIM3
SIM4
1
21
22
SIM5
SIM1
SIM2
SIM3
SIM4
1
21
22
SIM5
SIM1
SIM2
SIM3
SIM4
1
21
22
SIM5
SIM1
SIM2
SIM3
SIM4
1
21
22
SIM5
SIM1
SIM2
SIM3
SIM4
1
21
22
SIM5
SIM1
SIM2
SIM3
SIM4
1
21
22
SIM5
SIM1
SIM2
SIM3
SIM4
1
21
22
SIM5
SIM1
SIM2
SIM3
SIM4
1
21
22
SIM5
SIM1
SIM2
SIM3
SIM4
1
21
22
SIM5
SIM1
SIM2
SIM3
SIM4
1
21
22
SIM5
SIM1
SIM2
SIM3
SIM4
1
21
22
SIM5
SIM1
SIM2
SIM3
SIM4
1
21
22
SIM5
SIM1
SIM2
SIM3
SIM4
1
21
22
SIM5
SIM1
SIM2
SIM3
SIM4
1
21
22
SIM5
SIM1
SIM2
SIM3
SIM4
1
21
22
SIM5
SIM1
SIM2
SIM3
SIM4
1
21
22
SIM5
SIM1
SIM2
SIM3
SIM4
1
21
22
SIM5
SIM1
SIM2
SIM3
SIM4
1
21
22
SIM5
SIM1
SIM2
SIM3
SIM4
1
21
22
SIM5
SIM1
SIM2
SIM3
SIM4
1
21
22
SIM5
SIM1
SIM2
SIM3
SIM4
1
21
22
SIM5
SIM1
SIM2
SIM3
SIM4
1
21
22
SIM5
SIM1
SIM2
SIM3
SIM4
1
21
22
SIM5
SIM1
SIM2
SIM3
SIM4
1
21
22
SIM5
SIM1
SIM2
SIM3
SIM4
1
21
22
SIM5
SIM1
SIM2
SIM3
SIM4
1
21
22
SIM5
SIM1
SIM2
SIM3
SIM4
1
21
22
SIM5
SIM1
SIM2
SIM3
SIM4
1
21
22
SIM5
SIM1
SIM2
SIM3
SIM4
1
21
22
SIM5
SIM1
SIM2
SIM3
SIM4
1
21
22
SIM5
SIM1
SIM2
SIM3
SIM4
1
21
22
SIM5
SIM1
SIM2
SIM3
SIM4
1
21
22
SIM5
SIM1
SIM2
SIM3
SIM4
1
21
22
SIM5
SIM1
SIM2
SIM3
SIM4
1
21
22
SIM5
SIM1
SIM2
SIM3
SIM4
1
21
22
SIM5
SIM1
SIM2
SIM3
SIM4
1
21
22
SIM5
SIM1
SIM2
SIM3
SIM4
1
21
22
SIM5
SIM1
SIM2
SIM3
SIM4
1
21
22
SIM5
SIM1
SIM2
SIM3
SIM4
1
21
22
SIM5
SIM1
SIM2
SIM3
SIM4
1
21
22
SIM5
SIM1
SIM2
SIM3
SIM4
1
21
22
SIM5
SIM1
SIM2
SIM3
SIM4
1
21
22
SIM5
SIM1
SIM2
SIM3
SIM4
1
21
22
SIM5
SIM1
SIM2
SIM3
SIM4
1
21
22
SIM5
SIM1
SIM2
SIM3
SIM4
1
21
22
SIM5
SIM1
SIM2
SIM3
SIM4
1
21
22
SIM5
SIM1
SIM2
SIM3
SIM4
1
21
22
SIM5
SIM1
SIM2
SIM3
SIM4
1
21
22
SIM5
SIM1
SIM2
SIM3
SIM4
1
21
22
SIM5
SIM1
SIM2
SIM3
SIM4
1
21
22
SIM5
SIM1
SIM2
SIM3
SIM4
1
21
22
SIM5
SIM1
SIM2
SIM3
SIM4
1
21
22
SIM5
SIM1
SIM2
SIM3
SIM4
1
21
22
SIM5
SIM1
SIM2
SIM3
SIM4
1
21
22
SIM5
SIM1
SIM2
SIM3
SIM4
1
21
22
SIM5
SIM1
SIM2
SIM3
SIM4
1
21
22
SIM5
SIM1
SIM2
SIM3
SIM4
1
21
22
SIM5
SIM1
SIM2
SIM3
SIM4
1
21
22
SIM5
SIM1
SIM2
SIM3
SIM4
1
21
22
SIM5
SIM1
SIM2
SIM3
SIM4
1
21
22
SIM5
SIM1
SIM2
SIM3
SIM4
1
21
22
SIM5
SIM1
SIM2
SIM3
SIM4
1
21
22
SIM5
SIM1
SIM2
SIM3
SIM4
1
21
22
SIM5
SIM1
SIM2
SIM3
SIM4
1
21
22
SIM5
SIM1
SIM2
SIM3
SIM4
1
21
22
SIM5
SIM1
SIM2
SIM3
SIM4
1
21
22
SIM5
SIM1
SIM2
SIM3
SIM4
1
21
22
SIM5
SIM1
SIM2
SIM3
SIM4
1
21
22
SIM5
SIM1
SIM2
SIM3
SIM4
1
21
22
SIM5
SIM1
SIM2
SIM3
SIM4
1
21
22
SIM5
SIM1
SIM2
SIM3
SIM4
1
21
22
SIM5
SIM1
SIM2
SIM3
SIM4
1
21
22
SIM5
SIM1
SIM2
SIM3
SIM4
1
21
22
SIM5
SIM1
SIM2
SIM3
SIM4
1
21
22
SIM5
SIM1
SIM2
SIM3
SIM4
1
21
22
SIM5
SIM1
SIM2
DEBUG 1 850
SIM1
SIM2
SIM3
SIM4
1
21
22
SIM5
SIM1
SIM2
SIM3
SIM4
1
21
22
SIM5
SIM1
SIM2
SIM3
SIM4
1
21
22
SIM5
SIM1
SIM2
SIM3
SIM4
1
21
22
SIM5
SIM1
SIM2
SIM3
SIM4
1
21
22
SIM5
SIM1
SIM2
SIM3
SIM4
1
21
22
SIM5
SIM1
SIM2
SIM3
SIM4
1
21
22
SIM5
SIM1
SIM2
SIM3
SIM4
1
21
22
SIM5
SIM1
SIM2
SIM3
SIM4
1
21
22
SIM5
SIM1
SIM2
SIM3
SIM4
1
21
22
SIM5
SIM1
SIM2
SIM3
SIM4
1
21
22
SIM5
SIM1
SIM2
SIM3
SIM4
1
21
22
SIM5
SIM1
SIM2
SIM3
SIM4
1
21
22
SIM5
SIM1
SIM2
SIM3
SIM4
1
21
22
SIM5
SIM1
SIM2
SIM3
SIM4
1
21
22
SIM5
SIM1
SIM2
SIM3
SIM4
1
21
22
SIM5
SIM1
SIM2
SIM3
SIM4
1
21
22
SIM5
SIM1
SIM2
SIM3
SIM4
1
21
22
SIM5
SIM1
SIM2
SIM3
SIM4
1
21
22
SIM5
SIM1
SIM2
SIM3
SIM4
1
21
22
SIM5
SIM1
SIM2
SIM3
SIM4
1
21
22
SIM5
SIM1
SIM2
SIM3
SIM4
1
21
22
SIM5
SIM1
SIM2
SIM3
SIM4
1
21
22
SIM5
SIM1
SIM2
SIM3
SIM4
1
21
22
SIM5
SIM1
SIM2
SIM3
SIM4
1
21
22
SIM5
SIM1
SIM2
SIM3
SIM4
1
21
22
SIM5
SIM1
SIM2
SIM3
SIM4
1
21
22
SIM5
SIM1
SIM2
SIM3
SIM4
1
21
22
SIM5
SIM1
SIM2
SIM3
SIM4
1
21
22
SIM5
SIM1
SIM2
SIM3
SIM4
1
21
22
SIM5
SIM1
SIM2
SIM3
SIM4
1
21
22
SIM5
SIM1
SIM2
SIM3
SIM4
1
21
22
SIM5
SIM1
SIM2
SIM3
SIM4
1
21
22
SIM5
SIM1
SIM2
SIM3
SIM4
1
21
22
SIM5
SIM1
SIM2
SIM3
SIM4
1
21
22
SIM5
SIM1
SIM2
SIM3
SIM4
1
21
22
SIM5
SIM1
SIM2
SIM3
SIM4
1
21
22
SIM5
SIM1
SIM2
SIM3
SIM4
1
21
22
SIM5
SIM1
SIM2
SIM3
SIM4
1
21
22
SIM5
SIM1
SIM2
SIM3
SIM4
1
21
22
SIM5
SIM1
SIM2
SIM3
SIM4
1
21
22
SIM5
SIM1
SIM2
SIM3
SIM4
1
21
22
SIM5
SIM1
SIM2
SIM3
SIM4
1
21
22
SIM5
SIM1
SIM2
SIM3
SIM4
1
21
22
SIM5
SIM1
SIM2
SIM3
SIM4
1
21
22
SIM5
SIM1
SIM2
SIM3
SIM4
1
21
22
SIM5
SIM1
SIM2
SIM3
SIM4
1
21
22
SIM5
SIM1
SIM2
SIM3
SIM4
1
21
22
SIM5
SIM1
SIM2
SIM3
SIM4
1
21
22
SIM5
SIM1
SIM2
SIM3
SIM4
1
21
22
SIM5
SIM1
SIM2
SIM3
SIM4
1
21
22
SIM5
SIM1
SIM2
SIM3
SIM4
1
21
22
SIM5
SIM1
SIM2
SIM3
SIM4
1
21
22
SIM5
SIM1
SIM2
SIM3
SIM4
1
21
22
SIM5
SIM1
SIM2
SIM3
SIM4
1
21
22
SIM5
SIM1
SIM2
SIM3
SIM4
1
21
22
SIM5
SIM1
SIM2
SIM3
SIM4
1
21
22
SIM5
SIM1
SIM2
SIM3
SIM4
1
21
22
SIM5
SIM1
SIM2
SIM3
SIM4
1
21
22
SIM5
SIM1
SIM2
SIM3
SIM4
1
21
22
SIM5
SIM1
SIM2
SIM3
SIM4
1
21
22
SIM5
SIM1
SIM2
SIM3
SIM4
1
21
22
SIM5
SIM1
SIM2
SIM3
SIM4
1
21
22
SIM5
SIM1
SIM2
SIM3
SIM4
1
21
22
SIM5
SIM1
SIM2
SIM3
SIM4
1
21
22
SIM5
SIM1
SIM2
SIM3
SIM4
1
21
22
SIM5
SIM1
SIM2
SIM3
SIM4
1
21
22
SIM5
SIM1
SIM2
SIM3
SIM4
1
21
22
SIM5
SIM1
SIM2
SIM3
SIM4
1
21
22
SIM5
SIM1
SIM2
SIM3
SIM4
1
21
22
SIM5
SIM1
SIM2
SIM3
SIM4
1
21
22
SIM5
SIM1
SIM2
SIM3
SIM4
1
21
22
SIM5
SIM1
SIM2
SIM3
SIM4
1
21
22
SIM5
SIM1
SIM2
SIM3
SIM4
1
21
22
SIM5
SIM1
SIM2
SIM3
SIM4
1
21
22
SIM5
SIM1
SIM2
SIM3
SIM4
1
21
22
SIM5
SIM1
SIM2
SIM3
SIM4
1
21
22
SIM5
SIM1
SIM2
SIM3
SIM4
1
21
22
SIM5
SIM1
SIM2
SIM3
SIM4
1
21
22
SIM5
SIM1
SIM2
SIM3
SIM4
1
21
22
SIM5
SIM1
SIM2
SIM3
SIM4
1
21
22
SIM5
SIM1
SIM2
SIM3
SIM4
1
21
22
SIM5
SIM1
SIM2
SIM3
SIM4
1
21
22
SIM5
SIM1
SIM2
SIM3
SIM4
1
21
22
SIM5
SIM1
SIM2
SIM3
SIM4
1
21
22
SIM5
SIM1
SIM2
SIM3
SIM4
1
21
22
SIM5
SIM1
SIM2
SIM3
SIM4
1
21
22
SIM5
SIM1
SIM2
SIM3
SIM4
1
21
22
SIM5
SIM1
SIM2
SIM3
SIM4
1
21
22
SIM5
SIM1
SIM2
SIM3
SIM4
1
21
22
SIM5
SIM1
SIM2
SIM3
SIM4
1
21
22
SIM5
SIM1
SIM2
SIM3
SIM4
1
21
22
SIM5
SIM1
SIM2
SIM3
SIM4
1
21
22
SIM5
SIM1
SIM2
SIM3
SIM4
1
21
22
SIM5
SIM1
SIM2
SIM3
SIM4
1
21
22
SIM5
SIM1
SIM2
SIM3
SIM4
1
21
22
SIM5
SIM1
SIM2
SIM3
SIM4
1
21
22
SIM5
SIM1
SIM2
SIM3
SIM4
1
21
22
SIM5
SIM1
SIM2
SIM3
SIM4
1
21
22
SIM5
SIM1
SIM2
SIM3
SIM4
1
21
22
SIM5
SIM1
SIM2
SIM3
SIM4
1
21
22
SIM5
SIM1
SIM2
SIM3
SIM4
1
21
22
SIM5
SIM1
SIM2
SIM3
SIM4
1
21
22
SIM5
SIM1
SIM2
SIM3
SIM4
1
21
22
SIM5
SIM1
SIM2
SIM3
SIM4
1
21
22
SIM5
SIM1
SIM2
SIM3
SIM4
1
21
22
SIM5
SIM1
SIM2
SIM3
SIM4
1
21
22
SIM5
SIM1
SIM2
SIM3
SIM4
1
21
22
SIM5
SIM1
SIM2
SIM3
SIM4
1
21
22
SIM5
SIM1
SIM2
SIM3
SIM4
1
21
22
SIM5
SIM1
SIM2
SIM3
SIM4
1
21
22
SIM5
SIM1
SIM2
SIM3
SIM4
1
21
22
SIM5
SIM1
SIM2
SIM3
SIM4
1
21
22
SIM5
SIM1
SIM2
SIM3
SIM4
1
21
22
SIM5
SIM1
SIM2
SIM3
SIM4
1
21
22
SIM5
SIM1
SIM2
DEBUG 1 851
SIM1
SIM2
SIM3
SIM4
1
21
22
SIM5
SIM1
SIM2
SIM3
SIM4
1
21
22
SIM5
SIM1
SIM2
SIM3
SIM4
1
21
22
SIM5
SIM1
SIM2
SIM3
SIM4
1
21
22
SIM5
SIM1
SIM2
SIM3
SIM4
1
21
22
SIM5
SIM1
SIM2
SIM3
SIM4
1
21
22
SIM5
SIM1
SIM2
SIM3
SIM4
1
21
22
SIM5
SIM1
SIM2
SIM3
SIM4
1
21
22
SIM5
SIM1
SIM2
SIM3
SIM4
1
21
22
SIM5
SIM1
SIM2
SIM3
SIM4
1
21
22
SIM5
SIM1
SIM2
SIM3
SIM4
1
21
22
SIM5
SIM1
SIM2
SIM3
SIM4
1
21
22
SIM5
SIM1
SIM2
SIM3
SIM4
1
21
22
SIM5
SIM1
SIM2
SIM3
SIM4
1
21
22
SIM5
SIM1
SIM2
SIM3
SIM4
1
21
22
SIM5
SIM1
SIM2
SIM3
SIM4
1
21
22
SIM5
SIM1
SIM2
SIM3
SIM4
1
21
22
SIM5
SIM1
SIM2
SIM3
SIM4
1
21
22
SIM5
SIM1
SIM2
SIM3
SIM4
1
21
22
SIM5
SIM1
SIM2
SIM3
SIM4
1
21
22
SIM5
SIM1
SIM2
SIM3
SIM4
1
21
22
SIM5
SIM1
SIM2
SIM3
SIM4
1
21
22
SIM5
SIM1
SIM2
SIM3
SIM4
1
21
22
SIM5
SIM1
SIM2
SIM3
SIM4
1
21
22
SIM5
SIM1
SIM2
SIM3
SIM4
1
21
22
SIM5
SIM1
SIM2
SIM3
SIM4
1
21
22
SIM5
SIM1
SIM2
SIM3
SIM4
1
21
22
SIM5
SIM1
SIM2
SIM3
SIM4
1
21
22
SIM5
SIM1
SIM2
SIM3
SIM4
1
21
22
SIM5
SIM1
SIM2
SIM3
SIM4
1
21
22
SIM5
SIM1
SIM2
SIM3
SIM4
1
21
22
SIM5
SIM1
SIM2
SIM3
SIM4
1
21
22
SIM5
SIM1
SIM2
SIM3
SIM4
1
21
22
SIM5
SIM1
SIM2
SIM3
SIM4
1
21
22
SIM5
SIM1
SIM2
SIM3
SIM4
1
21
22
SIM5
SIM1
SIM2
SIM3
SIM4
1
21
22
SIM5
SIM1
SIM2
SIM3
SIM4
1
21
22
SIM5
SIM1
SIM2
SIM3
SIM4
1
21
22
SIM5
SIM1
SIM2
SIM3
SIM4
1
21
22
SIM5
SIM1
SIM2
SIM3
SIM4
1
21
22
SIM5
SIM1
SIM2
SIM3
SIM4
1
21
22
SIM5
SIM1
SIM2
SIM3
SIM4
1
21
22
SIM5
SIM1
SIM2
SIM3
SIM4
1
21
22
SIM5
SIM1
SIM2
SIM3
SIM4
1
21
22
SIM5
SIM1
SIM2
SIM3
SIM4
1
21
22
SIM5
SIM1
SIM2
SIM3
SIM4
1
21
22
SIM5
SIM1
SIM2
SIM3
SIM4
1
21
22
SIM5
SIM1
SIM2
SIM3
SIM4
1
21
22
SIM5
SIM1
SIM2
SIM3
SIM4
1
21
22
SIM5
SIM1
SIM2
SIM3
SIM4
1
21
22
SIM5
SIM1
SIM2
SIM3
SIM4
1
21
22
SIM5
SIM1
SIM2
SIM3
SIM4
1
21
22
SIM5
SIM1
SIM2
SIM3
SIM4
1
21
22
SIM5
SIM1
SIM2
SIM3
SIM4
1
21
22
SIM5
SIM1
SIM2
SIM3
SIM4
1
21
22
SIM5
SIM1
SIM2
SIM3
SIM4
1
21
22
SIM5
SIM1
SIM2
SIM3
SIM4
1
21
22
SIM5
SIM1
SIM2
SIM3
SIM4
1
21
22
SIM5
SIM1
SIM2
SIM3
SIM4
1
21
22
SIM5
SIM1
SIM2
SIM3
SIM4
1
21
22
SIM5
SIM1
SIM2
SIM3
SIM4
1
21
22
SIM5
SIM1
SIM2
SIM3
SIM4
1
21
22
SIM5
SIM1
SIM2
SIM3
SIM4
1
21
22
SIM5
SIM1
SIM2
SIM3
SIM4
1
21
22
SIM5
SIM1
SIM2
SIM3
SIM4
1
21
22
SIM5
SIM1
SIM2
SIM3
SIM4
1
21
22
SIM5
SIM1
SIM2
SIM3
SIM4
1
21
22
SIM5
SIM1
SIM2
SIM3
SIM4
1
21
22
SIM5
SIM1
SIM2
SIM3
SIM4
1
21
22
SIM5
SIM1
SIM2
SIM3
SIM4
1
21
22
SIM5
SIM1
SIM2
SIM3
SIM4
1
21
22
SIM5
SIM1
SIM2
SIM3
SIM4
1
21
22
SIM5
SIM1
SIM2
SIM3
SIM4
1
21
22
SIM5
SIM1
SIM2
SIM3
SIM4
1
21
22
SIM5
SIM1
SIM2
SIM3
SIM4
1
21
22
SIM5
SIM1
SIM2
SIM3
SIM4
1
21
22
SIM5
SIM1
SIM2
SIM3
SIM4
1
21
22
SIM5
SIM1
SIM2
SIM3
SIM4
1
21
22
SIM5
SIM1
SIM2
SIM3
SIM4
1
21
22
SIM5
SIM1
SIM2
SIM3
SIM4
1
21
22
SIM5
SIM1
SIM2
SIM3
SIM4
1
21
22
SIM5
SIM1
SIM2
SIM3
SIM4
1
21
22
SIM5
SIM1
SIM2
SIM3
SIM4
1
21
22
SIM5
SIM1
SIM2
SIM3
SIM4
1
21
22
SIM5
SIM1
SIM2
SIM3
SIM4
1
21
22
SIM5
SIM1
SIM2
SIM3
SIM4
1
21
22
SIM5
SIM1
SIM2
SIM3
SIM4
1
21
22
SIM5
SIM1
SIM2
SIM3
SIM4
1
21
22
SIM5
SIM1
SIM2
SIM3
SIM4
1
21
22
SIM5
SIM1
SIM2
SIM3
SIM4
1
21
22
SIM5
SIM1
SIM2
SIM3
SIM4
1
21
22
SIM5
SIM1
SIM2
SIM3
SIM4
1
21
22
SIM5
SIM1
SIM2
SIM3
SIM4
1
21
22
SIM5
SIM1
SIM2
SIM3
SIM4
1
21
22
SIM5
SIM1
SIM2
SIM3
SIM4
1
21
22
SIM5
SIM1
SIM2
SIM3
SIM4
1
21
22
SIM5
SIM1
SIM2
SIM3
SIM4
1
21
22
SIM5
SIM1
SIM2
SIM3
SIM4
1
21
22
SIM5
SIM1
SIM2
SIM3
SIM4
1
21
22
SIM5
SIM1
SIM2
SIM3
SIM4
1
21
22
SIM5
SIM1
SIM2
SIM3
SIM4
1
21
22
SIM5
SIM1
SIM2
SIM3
SIM4
1
21
22
SIM5
SIM1
SIM2
SIM3
SIM4
1
21
22
SIM5
SIM1
SIM2
SIM3
SIM4
1
21
22
SIM5
SIM1
SIM2
SIM3
SIM4
1
21
22
SIM5
SIM1
SIM2
SIM3
SIM4
1
21
22
SIM5
SIM1
SIM2
SIM3
SIM4
1
21
22
SIM5
SIM1
SIM2
SIM3
SIM4
1
21
22
SIM5
SIM1
SIM2
SIM3
SIM4
1
21
22
SIM5
SIM1
SIM2
SIM3
SIM4
1
21
22
SIM5
SIM1
SIM2
SIM3
SIM4
1
21
22
SIM5
SIM1
SIM2
SIM3
SIM4
1
21
22
SIM5
SIM1
SIM2
SIM3
SIM4
1
21
22
SIM5
SIM1
SIM2
SIM3
SIM4
1
21
22
SIM5
SIM1
SIM2
SIM3
SIM4
1
21
22
SIM5
SIM1
SIM2
SIM3
SIM4
1
21
22
SIM5
SIM1
SIM2
SIM3
SIM4
1
21
22
SIM5
SIM1
SIM2
SIM3
SIM4
1
21
22
SIM5
SIM1
SIM2
SIM3
SIM4
1
21
22
SIM5
SIM1
SIM2
SIM3
SIM4
1
21
22
SIM5
SIM1
SIM2
SIM3
SIM4
1
21
22
SIM5
SIM1
SIM2
SIM3
SIM4
1
21
22
SIM5
SIM1
SIM2
SIM3
SIM4
1
21
22
SIM5
SIM1
SIM2
SIM3
SIM4
1
21
22
SIM5
SIM1
SIM2
SIM3
SIM4
1
21
22
SIM5
SIM1
SIM2
SIM3
SIM4
1
21
22
SIM5
SIM1
SIM2
SIM3
SIM4
1
21
22
SIM5
SIM1
SIM2
SIM3
SIM4
1
21
22
SIM5
SIM1
SIM2
SIM3
SIM4
1
21
22
SIM5
SIM1
SIM2
SIM3
SIM4
1
21
22
SIM5
SIM1
SIM2
SIM3
SIM4
1
21
22
SIM5
SIM1
SIM2
SIM3
SIM4
1
21
22
SIM5
SIM1
SIM2
SIM3
SIM4
1
21
22
SIM5
SIM1
SIM2
SIM3
SIM4
1
21
22
SIM5
SIM1
SIM2
SIM3
SIM4
1
21
22
SIM5
SIM1
SIM2
SIM3
SIM4
1
21
22
SIM5
SIM1
SIM2
SIM3
SIM4
1
21
22
SIM5
SIM1
SIM2
SIM3
SIM4
1
21
22
SIM5
SIM1
SIM2
SIM3
SIM4
1
21
22
SIM5
SIM1
SIM2
SIM3
SIM4
1
21
22
SIM5
SIM1
SIM2
SIM3
SIM4
1
21
22
SIM5
SIM1
SIM2
SIM3
SIM4
1
21
22
SIM5
SIM1
SIM2
SIM3
SIM4
1
21
22
SIM5
SIM1
SIM2
SIM3
SIM4
1
21
22
SIM5
SIM1
SIM2
SIM3
SIM4
1
21
22
SIM5
SIM1
SIM2
SIM3
SIM4
1
21
22
SIM5
SIM1
SIM2
SIM3
SIM4
1
21
22
SIM5
SIM1
SIM2
SIM3
SIM4
1
21
22
SIM5
SIM1
SIM2
SIM3
SIM4
1
21
22
SIM5
SIM1
SIM2
SIM3
SIM4
1
21
22
SIM5
SIM1
SIM2
SIM3
SIM4
1
21
22
SIM5
SIM1
SIM2
SIM3
SIM4
1
21
22
SIM5
SIM1
SIM2
SIM3
SIM4
1
21
22
SIM5
SIM1
SIM2
SIM3
SIM4
1
21
22
SIM5
SIM1
SIM2
SIM3
SIM4
1
21
22
SIM5
SIM1
SIM2
SIM3
SIM4
1
21
22
SIM5
SIM1
SIM2
SIM3
SIM4
1
21
22
SIM5
SIM1
SIM2
SIM3
SIM4
1
21
22
SIM5
SIM1
SIM2
SIM3
SIM4
1
21
22
SIM5
SIM1
SIM2
SIM3
SIM4
1
21
22
SIM5
SIM1
SIM2
SIM3
SIM4
1
21
22
SIM5
SIM1
SIM2
SIM3
SIM4
1
21
22
SIM5
SIM1
SIM2
SIM3
SIM4
1
21
22
SIM5
SIM1
SIM2
SIM3
SIM4
1
21
22
SIM5
SIM1
SIM2
SIM3
SIM4
1
21
22
SIM5
SIM1
SIM2
SIM3
SIM4
1
21
22
SIM5
SIM1
SIM2
SIM3
SIM4
1
21
22
SIM5
SIM1
SIM2
SIM3
SIM4
1
21
22
SIM5
SIM1
SIM2
SIM3
SIM4
1
21
22
SIM5
SIM1
SIM2
SIM3
SIM4
1
21
22
SIM5
SIM1
SIM2
SIM3
SIM4
1
21
22
SIM5
SIM1
SIM2
SIM3
SIM4
1
21
22
SIM5
SIM1
SIM2
SIM3
SIM4
1
21
22
SIM5
SIM1
SIM2
SIM3
SIM4
1
21
22
SIM5
SIM1
SIM2
SIM3
SIM4
1
21
22
SIM5
SIM1
SIM2
SIM3
SIM4
1
21
22
SIM5
SIM1
SIM2
SIM3
SIM4
1
21
22
SIM5
SIM1
SIM2
SIM3
SIM4
1
21
22
SIM5
SIM1
SIM2
SIM3
SIM4
1
21
22
SIM5
SIM1
SIM2
SIM3
SIM4
1
21
22
SIM5
SIM1
SIM2
SIM3
SIM4
1
21
22
SIM5
SIM1
SIM2
SIM3
SIM4
1
21
22
SIM5
SIM1
SIM2
SIM3
SIM4
1
21
22
SIM5
SIM1
SIM2
SIM3
SIM4
1
21
22
SIM5
SIM1
SIM2
SIM3
SIM4
1
21
22
SIM5
SIM1
SIM2
SIM3
SIM4
1
21
22
SIM5
SIM1
SIM2
SIM3
SIM4
1
21
22
SIM5
SIM1
SIM2
SIM3
SIM4
1
21
22
SIM5
SIM1
SIM2
SIM3
SIM4
1
21
22
SIM5
SIM1
SIM2
SIM3
SIM4
1
21
22
SIM5
SIM1
SIM2
SIM3
SIM4
1
21
22
SIM5
SIM1
SIM2
SIM3
SIM4
1
21
22
SIM5
SIM1
SIM2
SIM3
SIM4
1
21
22
SIM5
SIM1
SIM2
SIM3
SIM4
1
21
22
SIM5
SIM1
SIM2
SIM3
SIM4
1
21
22
SIM5
SIM1
SIM2
SIM3
SIM4
1
21
22
SIM5
SIM1
SIM2
SIM3
SIM4
1
21
22
SIM5
SIM1
SIM2
DEBUG 1 852
SIM1
SIM2
SIM3
SIM4
1
21
22
SIM5
SIM1
SIM2
SIM3
SIM4
1
21
22
SIM5
SIM1
SIM2
SIM3
SIM4
1
21
22
SIM5
SIM1
SIM2
SIM3
SIM4
1
21
22
SIM5
SIM1
SIM2
SIM3
SIM4
1
21
22
SIM5
SIM1
SIM2
SIM3
SIM4
1
21
22
SIM5
SIM1
SIM2
SIM3
SIM4
1
21
22
SIM5
SIM1
SIM2
SIM3
SIM4
1
21
22
SIM5
SIM1
SIM2
SIM3
SIM4
1
21
22
SIM5
SIM1
SIM2
SIM3
SIM4
1
21
22
SIM5
SIM1
SIM2
SIM3
SIM4
1
21
22
SIM5
SIM1
SIM2
SIM3
SIM4
1
21
22
SIM5
SIM1
SIM2
SIM3
SIM4
1
21
22
SIM5
SIM1
SIM2
SIM3
SIM4
1
21
22
SIM5
SIM1
SIM2
SIM3
SIM4
1
21
22
SIM5
SIM1
SIM2
SIM3
SIM4
1
21
22
SIM5
SIM1
SIM2
SIM3
SIM4
1
21
22
SIM5
SIM1
SIM2
SIM3
SIM4
1
21
22
SIM5
SIM1
SIM2
SIM3
SIM4
1
21
22
SIM5
SIM1
SIM2
SIM3
SIM4
1
21
22
SIM5
SIM1
SIM2
SIM3
SIM4
1
21
22
SIM5
SIM1
SIM2
SIM3
SIM4
1
21
22
SIM5
SIM1
SIM2
SIM3
SIM4
1
21
22
SIM5
SIM1
SIM2
SIM3
SIM4
1
21
22
SIM5
SIM1
SIM2
SIM3
SIM4
1
21
22
SIM5
SIM1
SIM2
SIM3
SIM4
1
21
22
SIM5
SIM1
SIM2
SIM3
SIM4
1
21
22
SIM5
SIM1
SIM2
SIM3
SIM4
1
21
22
SIM5
SIM1
SIM2
SIM3
SIM4
1
21
22
SIM5
SIM1
SIM2
SIM3
SIM4
1
21
22
SIM5
SIM1
SIM2
SIM3
SIM4
1
21
22
SIM5
SIM1
SIM2
SIM3
SIM4
1
21
22
SIM5
SIM1
SIM2
SIM3
SIM4
1
21
22
SIM5
SIM1
SIM2
SIM3
SIM4
1
21
22
SIM5
SIM1
SIM2
SIM3
SIM4
1
21
22
SIM5
SIM1
SIM2
SIM3
SIM4
1
21
22
SIM5
SIM1
SIM2
SIM3
SIM4
1
21
22
SIM5
SIM1
SIM2
SIM3
SIM4
1
21
22
SIM5
SIM1
SIM2
SIM3
SIM4
1
21
22
SIM5
SIM1
SIM2
SIM3
SIM4
1
21
22
SIM5
SIM1
SIM2
SIM3
SIM4
1
21
22
SIM5
SIM1
SIM2
SIM3
SIM4
1
21
22
SIM5
SIM1
SIM2
SIM3
SIM4
1
21
22
SIM5
SIM1
SIM2
SIM3
SIM4
1
21
22
SIM5
SIM1
SIM2
SIM3
SIM4
1
21
22
SIM5
SIM1
SIM2
SIM3
SIM4
1
21
22
SIM5
SIM1
SIM2
SIM3
SIM4
1
21
22
SIM5
SIM1
SIM2
SIM3
SIM4
1
21
22
SIM5
SIM1
SIM2
SIM3
SIM4
1
21
22
SIM5
SIM1
SIM2
SIM3
SIM4
1
21
22
SIM5
SIM1
SIM2
SIM3
SIM4
1
21
22
SIM5
SIM1
SIM2
SIM3
SIM4
1
21
22
SIM5
SIM1
SIM2
SIM3
SIM4
1
21
22
SIM5
SIM1
SIM2
SIM3
SIM4
1
21
22
SIM5
SIM1
SIM2
SIM3
SIM4
1
21
22
SIM5
SIM1
SIM2
SIM3
SIM4
1
21
22
SIM5
SIM1
SIM2
SIM3
SIM4
1
21
22
SIM5
SIM1
SIM2
SIM3
SIM4
1
21
22
SIM5
SIM1
SIM2
SIM3
SIM4
1
21
22
SIM5
SIM1
SIM2
SIM3
SIM4
1
21
22
SIM5
SIM1
SIM2
SIM3
SIM4
1
21
22
SIM5
SIM1
SIM2
SIM3
SIM4
1
21
22
SIM5
SIM1
SIM2
SIM3
SIM4
1
21
22
SIM5
SIM1
SIM2
SIM3
SIM4
1
21
22
SIM5
SIM1
SIM2
SIM3
SIM4
1
21
22
SIM5
SIM1
SIM2
SIM3
SIM4
1
21
22
SIM5
SIM1
SIM2
SIM3
SIM4
1
21
22
SIM5
SIM1
SIM2
SIM3
SIM4
1
21
22
SIM5
SIM1
SIM2
SIM3
SIM4
1
21
22
SIM5
SIM1
SIM2
SIM3
SIM4
1
21
22
SIM5
SIM1
SIM2
SIM3
SIM4
1
21
22
SIM5
SIM1
SIM2
SIM3
SIM4
1
21
22
SIM5
SIM1
SIM2
SIM3
SIM4
1
21
22
SIM5
SIM1
SIM2
SIM3
SIM4
1
21
22
SIM5
SIM1
SIM2
SIM3
SIM4
1
21
22
SIM5
SIM1
SIM2
SIM3
SIM4
1
21
22
SIM5
SIM1
SIM2
SIM3
SIM4
1
21
22
SIM5
SIM1
SIM2
SIM3
SIM4
1
21
22
SIM5
SIM1
SIM2
SIM3
SIM4
1
21
22
SIM5
SIM1
SIM2
SIM3
SIM4
1
21
22
SIM5
SIM1
SIM2
SIM3
SIM4
1
21
22
SIM5
SIM1
SIM2
SIM3
SIM4
1
21
22
SIM5
SIM1
SIM2
SIM3
SIM4
1
21
22
SIM5
SIM1
SIM2
SIM3
SIM4
1
21
22
SIM5
SIM1
SIM2
SIM3
SIM4
1
21
22
SIM5
SIM1
SIM2
SIM3
SIM4
1
21
22
SIM5
SIM1
SIM2
SIM3
SIM4
1
21
22
SIM5
SIM1
SIM2
SIM3
SIM4
1
21
22
SIM5
SIM1
SIM2
SIM3
SIM4
1
21
22
SIM5
SIM1
SIM2
SIM3
SIM4
1
21
22
SIM5
SIM1
SIM2
SIM3
SIM4
1
21
22
SIM5
SIM1
SIM2
SIM3
SIM4
1
21
22
SIM5
SIM1
SIM2
SIM3
SIM4
1
21
22
SIM5
SIM1
SIM2
SIM3
SIM4
1
21
22
SIM5
SIM1
SIM2
SIM3
SIM4
1
21
22
SIM5
SIM1
SIM2
SIM3
SIM4
1
21
22
SIM5
SIM1
SIM2
SIM3
SIM4
1
21
22
SIM5
SIM1
SIM2
SIM3
SIM4
1
21
22
SIM5
SIM1
SIM2
SIM3
SIM4
1
21
22
SIM5
SIM1
SIM2
SIM3
SIM4
1
21
22
SIM5
SIM1
SIM2
SIM3
SIM4
1
21
22
SIM5
SIM1
SIM2
SIM3
SIM4
1
21
22
SIM5
SIM1
SIM2
SIM3
SIM4
1
21
22
SIM5
SIM1
SIM2
SIM3
SIM4
1
21
22
SIM5
SIM1
SIM2
SIM3
SIM4
1
21
22
SIM5
SIM1
SIM2
SIM3
SIM4
1
21
22
SIM5
SIM1
SIM2
SIM3
SIM4
1
21
22
SIM5
SIM1
SIM2
SIM3
SIM4
1
21
22
SIM5
SIM1
SIM2
SIM3
SIM4
1
21
22
SIM5
SIM1
SIM2
SIM3
SIM4
1
21
22
SIM5
SIM1
SIM2
SIM3
SIM4
1
21
22
SIM5
SIM1
SIM2
SIM3
SIM4
1
21
22
SIM5
SIM1
SIM2
SIM3
SIM4
1
21
22
SIM5
SIM1
SIM2
SIM3
SIM4
1
21
22
SIM5
SIM1
SIM2
SIM3
SIM4
1
21
22
SIM5
SIM1
SIM2
SIM3
SIM4
1
21
22
SIM5
SIM1
SIM2
SIM3
SIM4
1
21
22
SIM5
SIM1
SIM2
SIM3
SIM4
1
21
22
SIM5
SIM1
SIM2
SIM3
SIM4
1
21
22
SIM5
SIM1
SIM2
SIM3
SIM4
1
21
22
SIM5
SIM1
SIM2
SIM3
SIM4
1
21
22
SIM5
SIM1
SIM2
SIM3
SIM4
1
21
22
SIM5
SIM1
SIM2
SIM3
SIM4
1
21
22
SIM5
SIM1
SIM2
SIM3
SIM4
1
21
22
SIM5
SIM1
SIM2
SIM3
SIM4
1
21
22
SIM5
SIM1
SIM2
SIM3
SIM4
1
21
22
SIM5
SIM1
SIM2
SIM3
SIM4
1
21
22
SIM5
SIM1
SIM2
SIM3
SIM4
1
21
22
SIM5
SIM1
SIM2
SIM3
SIM4
1
21
22
SIM5
SIM1
SIM2
SIM3
SIM4
1
21
22
SIM5
SIM1
SIM2
SIM3
SIM4
1
21
22
SIM5
SIM1
SIM2
SIM3
SIM4
1
21
22
SIM5
SIM1
SIM2
SIM3
SIM4
1
21
22
SIM5
SIM1
SIM2
SIM3
SIM4
1
21
22
SIM5
SIM1
SIM2
SIM3
SIM4
1
21
22
SIM5
SIM1
SIM2
SIM3
SIM4
1
21
22
SIM5
SIM1
SIM2
SIM3
SIM4
1
21
22
SIM5
SIM1
SIM2
SIM3
SIM4
1
21
22
SIM5
SIM1
SIM2
SIM3
SIM4
1
21
22
SIM5
SIM1
SIM2
SIM3
SIM4
1
21
22
SIM5
SIM1
SIM2
SIM3
SIM4
1
21
22
SIM5
SIM1
SIM2
SIM3
SIM4
1
21
22
SIM5
SIM1
SIM2
SIM3
SIM4
1
21
22
SIM5
SIM1
SIM2
SIM3
SIM4
1
21
22
SIM5
SIM1
SIM2
SIM3
SIM4
1
21
22
SIM5
SIM1
SIM2
SIM3
SIM4
1
21
22
SIM5
SIM1
SIM2
SIM3
SIM4
1
21
22
SIM5
SIM1
SIM2
SIM3
SIM4
1
21
22
SIM5
SIM1
SIM2
SIM3
SIM4
1
21
22
SIM5
SIM1
SIM2
SIM3
SIM4
1
21
22
SIM5
SIM1
SIM2
SIM3
SIM4
1
21
22
SIM5
SIM1
SIM2
SIM3
SIM4
1
21
22
SIM5
SIM1
SIM2
SIM3
SIM4
1
21
22
SIM5
SIM1
SIM2
SIM3
SIM4
1
21
22
SIM5
SIM1
SIM2
SIM3
SIM4
1
21
22
SIM5
SIM1
SIM2
SIM3
SIM4
1
21
22
SIM5
SIM1
SIM2
SIM3
SIM4
1
21
22
SIM5
SIM1
SIM2
SIM3
SIM4
1
21
22
SIM5
SIM1
SIM2
SIM3
SIM4
1
21
22
SIM5
SIM1
SIM2
SIM3
SIM4
1
21
22
SIM5
SIM1
SIM2
SIM3
SIM4
1
21
22
SIM5
SIM1
SIM2
SIM3
SIM4
1
21
22
SIM5
SIM1
SIM2
SIM3
SIM4
1
21
22
SIM5
SIM1
SIM2
SIM3
SIM4
1
21
22
SIM5
SIM1
SIM2
SIM3
SIM4
1
21
22
SIM5
SIM1
SIM2
SIM3
SIM4
1
21
22
SIM5
SIM1
SIM2
SIM3
SIM4
1
21
22
SIM5
SIM1
SIM2
SIM3
SIM4
1
21
22
SIM5
SIM1
SIM2
SIM3
SIM4
1
21
22
SIM5
SIM1
SIM2
SIM3
SIM4
1
21
22
SIM5
SIM1
SIM2
SIM3
SIM4
1
21
22
SIM5
SIM1
SIM2
SIM3
SIM4
1
21
22
SIM5
SIM1
SIM2
SIM3
SIM4
1
21
22
SIM5
SIM1
SIM2
SIM3
SIM4
1
21
22
SIM5
SIM1
SIM2
SIM3
SIM4
1
21
22
SIM5
SIM1
SIM2
SIM3
SIM4
1
21
22
SIM5
SIM1
SIM2
SIM3
SIM4
1
21
22
SIM5
SIM1
SIM2
DEBUG 1 853
SIM1
SIM2
SIM3
SIM4
1
21
22
SIM5
SIM1
SIM2
SIM3
SIM4
1
21
22
SIM5
SIM1
SIM2
SIM3
SIM4
1
21
22
SIM5
SIM1
SIM2
SIM3
SIM4
1
21
22
SIM5
SIM1
SIM2
SIM3
SIM4
1
21
22
SIM5
SIM1
SIM2
SIM3
SIM4
1
21
22
SIM5
SIM1
SIM2
SIM3
SIM4
1
21
22
SIM5
SIM1
SIM2
SIM3
SIM4
1
21
22
SIM5
SIM1
SIM2
SIM3
SIM4
1
21
22
SIM5
SIM1
SIM2
SIM3
SIM4
1
21
22
SIM5
SIM1
SIM2
SIM3
SIM4
1
21
22
SIM5
SIM1
SIM2
SIM3
SIM4
1
21
22
SIM5
SIM1
SIM2
SIM3
SIM4
1
21
22
SIM5
SIM1
SIM2
SIM3
SIM4
1
21
22
SIM5
SIM1
SIM2
SIM3
SIM4
1
21
22
SIM5
SIM1
SIM2
SIM3
SIM4
1
21
22
SIM5
SIM1
SIM2
SIM3
SIM4
1
21
22
SIM5
SIM1
SIM2
SIM3
SIM4
1
21
22
SIM5
SIM1
SIM2
SIM3
SIM4
1
21
22
SIM5
SIM1
SIM2
SIM3
SIM4
1
21
22
SIM5
SIM1
SIM2
SIM3
SIM4
1
21
22
SIM5
SIM1
SIM2
SIM3
SIM4
1
21
22
SIM5
SIM1
SIM2
SIM3
SIM4
1
21
22
SIM5
SIM1
SIM2
SIM3
SIM4
1
21
22
SIM5
SIM1
SIM2
SIM3
SIM4
1
21
22
SIM5
SIM1
SIM2
SIM3
SIM4
1
21
22
SIM5
SIM1
SIM2
SIM3
SIM4
1
21
22
SIM5
SIM1
SIM2
SIM3
SIM4
1
21
22
SIM5
SIM1
SIM2
SIM3
SIM4
1
21
22
SIM5
SIM1
SIM2
SIM3
SIM4
1
21
22
SIM5
SIM1
SIM2
SIM3
SIM4
1
21
22
SIM5
SIM1
SIM2
SIM3
SIM4
1
21
22
SIM5
SIM1
SIM2
SIM3
SIM4
1
21
22
SIM5
SIM1
SIM2
SIM3
SIM4
1
21
22
SIM5
SIM1
SIM2
SIM3
SIM4
1
21
22
SIM5
SIM1
SIM2
SIM3
SIM4
1
21
22
SIM5
SIM1
SIM2
SIM3
SIM4
1
21
22
SIM5
SIM1
SIM2
SIM3
SIM4
1
21
22
SIM5
SIM1
SIM2
SIM3
SIM4
1
21
22
SIM5
SIM1
SIM2
SIM3
SIM4
1
21
22
SIM5
SIM1
SIM2
SIM3
SIM4
1
21
22
SIM5
SIM1
SIM2
SIM3
SIM4
1
21
22
SIM5
SIM1
SIM2
SIM3
SIM4
1
21
22
SIM5
SIM1
SIM2
SIM3
SIM4
1
21
22
SIM5
SIM1
SIM2
SIM3
SIM4
1
21
22
SIM5
SIM1
SIM2
SIM3
SIM4
1
21
22
SIM5
SIM1
SIM2
SIM3
SIM4
1
21
22
SIM5
SIM1
SIM2
SIM3
SIM4
1
21
22
SIM5
SIM1
SIM2
SIM3
SIM4
1
21
22
SIM5
SIM1
SIM2
SIM3
SIM4
1
21
22
SIM5
SIM1
SIM2
SIM3
SIM4
1
21
22
SIM5
SIM1
SIM2
SIM3
SIM4
1
21
22
SIM5
SIM1
SIM2
SIM3
SIM4
1
21
22
SIM5
SIM1
SIM2
SIM3
SIM4
1
21
22
SIM5
SIM1
SIM2
SIM3
SIM4
1
21
22
SIM5
SIM1
SIM2
SIM3
SIM4
1
21
22
SIM5
SIM1
SIM2
SIM3
SIM4
1
21
22
SIM5
SIM1
SIM2
SIM3
SIM4
1
21
22
SIM5
SIM1
SIM2
SIM3
SIM4
1
21
22
SIM5
SIM1
SIM2
SIM3
SIM4
1
21
22
SIM5
SIM1
SIM2
SIM3
SIM4
1
21
22
SIM5
SIM1
SIM2
SIM3
SIM4
1
21
22
SIM5
SIM1
SIM2
SIM3
SIM4
1
21
22
SIM5
SIM1
SIM2
SIM3
SIM4
1
21
22
SIM5
SIM1
SIM2
SIM3
SIM4
1
21
22
SIM5
SIM1
SIM2
SIM3
SIM4
1
21
22
SIM5
SIM1
SIM2
SIM3
SIM4
1
21
22
SIM5
SIM1
SIM2
SIM3
SIM4
1
21
22
SIM5
SIM1
SIM2
SIM3
SIM4
1
21
22
SIM5
SIM1
SIM2
SIM3
SIM4
1
21
22
SIM5
SIM1
SIM2
SIM3
SIM4
1
21
22
SIM5
SIM1
SIM2
SIM3
SIM4
1
21
22
SIM5
SIM1
SIM2
SIM3
SIM4
1
21
22
SIM5
SIM1
SIM2
SIM3
SIM4
1
21
22
SIM5
SIM1
SIM2
SIM3
SIM4
1
21
22
SIM5
SIM1
SIM2
SIM3
SIM4
1
21
22
SIM5
SIM1
SIM2
SIM3
SIM4
1
21
22
SIM5
SIM1
SIM2
SIM3
SIM4
1
21
22
SIM5
SIM1
SIM2
SIM3
SIM4
1
21
22
SIM5
SIM1
SIM2
SIM3
SIM4
1
21
22
SIM5
SIM1
SIM2
SIM3
SIM4
1
21
22
SIM5
SIM1
SIM2
SIM3
SIM4
1
21
22
SIM5
SIM1
SIM2
SIM3
SIM4
1
21
22
SIM5
SIM1
SIM2
SIM3
SIM4
1
21
22
SIM5
SIM1
SIM2
SIM3
SIM4
1
21
22
SIM5
SIM1
SIM2
SIM3
SIM4
1
21
22
SIM5
SIM1
SIM2
SIM3
SIM4
1
21
22
SIM5
SIM1
SIM2
SIM3
SIM4
1
21
22
SIM5
SIM1
SIM2
SIM3
SIM4
1
21
22
SIM5
SIM1
SIM2
SIM3
SIM4
1
21
22
SIM5
SIM1
SIM2
SIM3
SIM4
1
21
22
SIM5
SIM1
SIM2
SIM3
SIM4
1
21
22
SIM5
SIM1
SIM2
SIM3
SIM4
1
21
22
SIM5
SIM1
SIM2
SIM3
SIM4
1
21
22
SIM5
SIM1
SIM2
SIM3
SIM4
1
21
22
SIM5
SIM1
SIM2
SIM3
SIM4
1
21
22
SIM5
SIM1
SIM2
SIM3
SIM4
1
21
22
SIM5
SIM1
SIM2
SIM3
SIM4
1
21
22
SIM5
SIM1
SIM2
SIM3
SIM4
1
21
22
SIM5
SIM1
SIM2
SIM3
SIM4
1
21
22
SIM5
SIM1
SIM2
SIM3
SIM4
1
21
22
SIM5
SIM1
SIM2
DEBUG 1 854
SIM1
SIM2
SIM3
SIM4
1
21
22
SIM5
SIM1
SIM2
SIM3
SIM4
1
21
22
SIM5
SIM1
SIM2
SIM3
SIM4
1
21
22
SIM5
SIM1
SIM2
SIM3
SIM4
1
21
22
SIM5
SIM1
SIM2
SIM3
SIM4
1
21
22
SIM5
SIM1
SIM2
SIM3
SIM4
1
21
22
SIM5
SIM1
SIM2
SIM3
SIM4
1
21
22
SIM5
SIM1
SIM2
SIM3
SIM4
1
21
22
SIM5
SIM1
SIM2
SIM3
SIM4
1
21
22
SIM5
SIM1
SIM2
SIM3
SIM4
1
21
22
SIM5
SIM1
SIM2
SIM3
SIM4
1
21
22
SIM5
SIM1
SIM2
SIM3
SIM4
1
21
22
SIM5
SIM1
SIM2
SIM3
SIM4
1
21
22
SIM5
SIM1
SIM2
SIM3
SIM4
1
21
22
SIM5
SIM1
SIM2
SIM3
SIM4
1
21
22
SIM5
SIM1
SIM2
SIM3
SIM4
1
21
22
SIM5
SIM1
SIM2
SIM3
SIM4
1
21
22
SIM5
SIM1
SIM2
SIM3
SIM4
1
21
22
SIM5
SIM1
SIM2
SIM3
SIM4
1
21
22
SIM5
SIM1
SIM2
SIM3
SIM4
1
21
22
SIM5
SIM1
SIM2
SIM3
SIM4
1
21
22
SIM5
SIM1
SIM2
SIM3
SIM4
1
21
22
SIM5
SIM1
SIM2
SIM3
SIM4
1
21
22
SIM5
SIM1
SIM2
SIM3
SIM4
1
21
22
SIM5
SIM1
SIM2
SIM3
SIM4
1
21
22
SIM5
SIM1
SIM2
SIM3
SIM4
1
21
22
SIM5
SIM1
SIM2
SIM3
SIM4
1
21
22
SIM5
SIM1
SIM2
SIM3
SIM4
1
21
22
SIM5
SIM1
SIM2
SIM3
SIM4
1
21
22
SIM5
SIM1
SIM2
SIM3
SIM4
1
21
22
SIM5
SIM1
SIM2
SIM3
SIM4
1
21
22
SIM5
SIM1
SIM2
SIM3
SIM4
1
21
22
SIM5
SIM1
SIM2
SIM3
SIM4
1
21
22
SIM5
SIM1
SIM2
SIM3
SIM4
1
21
22
SIM5
SIM1
SIM2
SIM3
SIM4
1
21
22
SIM5
SIM1
SIM2
SIM3
SIM4
1
21
22
SIM5
SIM1
SIM2
SIM3
SIM4
1
21
22
SIM5
SIM1
SIM2
SIM3
SIM4
1
21
22
SIM5
SIM1
SIM2
SIM3
SIM4
1
21
22
SIM5
SIM1
SIM2
SIM3
SIM4
1
21
22
SIM5
SIM1
SIM2
SIM3
SIM4
1
21
22
SIM5
SIM1
SIM2
SIM3
SIM4
1
21
22
SIM5
SIM1
SIM2
SIM3
SIM4
1
21
22
SIM5
SIM1
SIM2
SIM3
SIM4
1
21
22
SIM5
SIM1
SIM2
SIM3
SIM4
1
21
22
SIM5
SIM1
SIM2
SIM3
SIM4
1
21
22
SIM5
SIM1
SIM2
SIM3
SIM4
1
21
22
SIM5
SIM1
SIM2
SIM3
SIM4
1
21
22
SIM5
SIM1
SIM2
SIM3
SIM4
1
21
22
SIM5
SIM1
SIM2
SIM3
SIM4
1
21
22
SIM5
SIM1
SIM2
SIM3
SIM4
1
21
22
SIM5
SIM1
SIM2
SIM3
SIM4
1
21
22
SIM5
SIM1
SIM2
SIM3
SIM4
1
21
22
SIM5
SIM1
SIM2
SIM3
SIM4
1
21
22
SIM5
SIM1
SIM2
SIM3
SIM4
1
21
22
SIM5
SIM1
SIM2
SIM3
SIM4
1
21
22
SIM5
SIM1
SIM2
SIM3
SIM4
1
21
22
SIM5
SIM1
SIM2
SIM3
SIM4
1
21
22
SIM5
SIM1
SIM2
SIM3
SIM4
1
21
22
SIM5
SIM1
SIM2
SIM3
SIM4
1
21
22
SIM5
SIM1
SIM2
SIM3
SIM4
1
21
22
SIM5
SIM1
SIM2
SIM3
SIM4
1
21
22
SIM5
SIM1
SIM2
SIM3
SIM4
1
21
22
SIM5
SIM1
SIM2
SIM3
SIM4
1
21
22
SIM5
SIM1
SIM2
SIM3
SIM4
1
21
22
SIM5
SIM1
SIM2
SIM3
SIM4
1
21
22
SIM5
SIM1
SIM2
SIM3
SIM4
1
21
22
SIM5
SIM1
SIM2
SIM3
SIM4
1
21
22
SIM5
SIM1
SIM2
SIM3
SIM4
1
21
22
SIM5
SIM1
SIM2
SIM3
SIM4
1
21
22
SIM5
SIM1
SIM2
SIM3
SIM4
1
21
22
SIM5
SIM1
SIM2
SIM3
SIM4
1
21
22
SIM5
SIM1
SIM2
SIM3
SIM4
1
21
22
SIM5
SIM1
SIM2
SIM3
SIM4
1
21
22
SIM5
SIM1
SIM2
SIM3
SIM4
1
21
22
SIM5
SIM1
SIM2
SIM3
SIM4
1
21
22
SIM5
SIM1
SIM2
SIM3
SIM4
1
21
22
SIM5
SIM1
SIM2
SIM3
SIM4
1
21
22
SIM5
SIM1
SIM2
SIM3
SIM4
1
21
22
SIM5
SIM1
SIM2
SIM3
SIM4
1
21
22
SIM5
SIM1
SIM2
SIM3
SIM4
1
21
22
SIM5
SIM1
SIM2
SIM3
SIM4
1
21
22
SIM5
SIM1
SIM2
SIM3
SIM4
1
21
22
SIM5
SIM1
SIM2
SIM3
SIM4
1
21
22
SIM5
SIM1
SIM2
SIM3
SIM4
1
21
22
SIM5
SIM1
SIM2
SIM3
SIM4
1
21
22
SIM5
SIM1
SIM2
SIM3
SIM4
1
21
22
SIM5
SIM1
SIM2
SIM3
SIM4
1
21
22
SIM5
SIM1
SIM2
SIM3
SIM4
1
21
22
SIM5
SIM1
SIM2
SIM3
SIM4
1
21
22
SIM5
SIM1
SIM2
SIM3
SIM4
1
21
22
SIM5
SIM1
SIM2
SIM3
SIM4
1
21
22
SIM5
SIM1
SIM2
SIM3
SIM4
1
21
22
SIM5
SIM1
SIM2
SIM3
SIM4
1
21
22
SIM5
SIM1
SIM2
SIM3
SIM4
1
21
22
SIM5
SIM1
SIM2
SIM3
SIM4
1
21
22
SIM5
SIM1
SIM2
SIM3
SIM4
1
21
22
SIM5
SIM1
SIM2
SIM3
SIM4
1
21
22
SIM5
SIM1
SIM2
SIM3
SIM4
1
21
22
SIM5
SIM1
SIM2
SIM3
SIM4
1
21
22
SIM5
SIM1
SIM2
SIM3
SIM4
1
21
22
SIM5
SIM1
SIM2
SIM3
SIM4
1
21
22
SIM5
SIM1
SIM2
SIM3
SIM4
1
21
22
SIM5
SIM1
SIM2
SIM3
SIM4
1
21
22
SIM5
SIM1
SIM2
SIM3
SIM4
1
21
22
SIM5
SIM1
SIM2
SIM3
SIM4
1
21
22
SIM5
SIM1
SIM2
SIM3
SIM4
1
21
22
SIM5
SIM1
SIM2
SIM3
SIM4
1
21
22
SIM5
SIM1
SIM2
SIM3
SIM4
1
21
22
SIM5
SIM1
SIM2
SIM3
SIM4
1
21
22
SIM5
SIM1
SIM2
SIM3
SIM4
1
21
22
SIM5
SIM1
SIM2
SIM3
SIM4
1
21
22
SIM5
SIM1
SIM2
SIM3
SIM4
1
21
22
SIM5
SIM1
SIM2
SIM3
SIM4
1
21
22
SIM5
SIM1
SIM2
SIM3
SIM4
1
21
22
SIM5
SIM1
SIM2
SIM3
SIM4
1
21
22
SIM5
SIM1
SIM2
SIM3
SIM4
1
21
22
SIM5
SIM1
SIM2
SIM3
SIM4
1
21
22
SIM5
SIM1
SIM2
SIM3
SIM4
1
21
22
SIM5
SIM1
SIM2
SIM3
SIM4
1
21
22
SIM5
SIM1
SIM2
SIM3
SIM4
1
21
22
SIM5
SIM1
SIM2
SIM3
SIM4
1
21
22
SIM5
SIM1
SIM2
SIM3
SIM4
1
21
22
SIM5
SIM1
SIM2
SIM3
SIM4
1
21
22
SIM5
SIM1
SIM2
SIM3
SIM4
1
21
22
SIM5
SIM1
SIM2
SIM3
SIM4
1
21
22
SIM5
SIM1
SIM2
SIM3
SIM4
1
21
22
SIM5
SIM1
SIM2
SIM3
SIM4
1
21
22
SIM5
SIM1
SIM2
SIM3
SIM4
1
21
22
SIM5
SIM1
SIM2
SIM3
SIM4
1
21
22
SIM5
SIM1
SIM2
SIM3
SIM4
1
21
22
SIM5
SIM1
SIM2
SIM3
SIM4
1
21
22
SIM5
SIM1
SIM2
SIM3
SIM4
1
21
22
SIM5
SIM1
SIM2
SIM3
SIM4
1
21
22
SIM5
SIM1
SIM2
SIM3
SIM4
1
21
22
SIM5
SIM1
SIM2
SIM3
SIM4
1
21
22
SIM5
SIM1
SIM2
SIM3
SIM4
1
21
22
SIM5
SIM1
SIM2
SIM3
SIM4
1
21
22
SIM5
SIM1
SIM2
SIM3
SIM4
1
21
22
SIM5
SIM1
SIM2
SIM3
SIM4
1
21
22
SIM5
SIM1
SIM2
SIM3
SIM4
1
21
22
SIM5
SIM1
SIM2
SIM3
SIM4
1
21
22
SIM5
SIM1
SIM2
SIM3
SIM4
1
21
22
SIM5
SIM1
SIM2
SIM3
SIM4
1
21
22
SIM5
SIM1
SIM2
SIM3
SIM4
1
21
22
SIM5
SIM1
SIM2
SIM3
SIM4
1
21
22
SIM5
SIM1
SIM2
SIM3
SIM4
1
21
22
SIM5
SIM1
SIM2
SIM3
SIM4
1
21
22
SIM5
SIM1
SIM2
SIM3
SIM4
1
21
22
SIM5
SIM1
SIM2
SIM3
SIM4
1
21
22
SIM5
SIM1
SIM2
SIM3
SIM4
1
21
22
SIM5
SIM1
SIM2
SIM3
SIM4
1
21
22
SIM5
SIM1
SIM2
SIM3
SIM4
1
21
22
SIM5
SIM1
SIM2
SIM3
SIM4
1
21
22
SIM5
SIM1
SIM2
SIM3
SIM4
1
21
22
SIM5
SIM1
SIM2
SIM3
SIM4
1
21
22
SIM5
SIM1
SIM2
SIM3
SIM4
1
21
22
SIM5
SIM1
SIM2
SIM3
SIM4
1
21
22
SIM5
SIM1
SIM2
SIM3
SIM4
1
21
22
SIM5
SIM1
SIM2
SIM3
SIM4
1
21
22
SIM5
SIM1
SIM2
SIM3
SIM4
1
21
22
SIM5
SIM1
SIM2
SIM3
SIM4
1
21
22
SIM5
SIM1
SIM2
SIM3
SIM4
1
21
22
SIM5
SIM1
SIM2
SIM3
SIM4
1
21
22
SIM5
SIM1
SIM2
SIM3
SIM4
1
21
22
SIM5
SIM1
SIM2
SIM3
SIM4
1
21
22
SIM5
SIM1
SIM2
SIM3
SIM4
1
21
22
SIM5
SIM1
SIM2
SIM3
SIM4
1
21
22
SIM5
SIM1
SIM2
SIM3
SIM4
1
21
22
SIM5
SIM1
SIM2
SIM3
SIM4
1
21
22
SIM5
SIM1
SIM2
SIM3
SIM4
1
21
22
SIM5
SIM1
SIM2
SIM3
SIM4
1
21
22
SIM5
SIM1
SIM2
SIM3
SIM4
1
21
22
SIM5
SIM1
SIM2
SIM3
SIM4
1
21
22
SIM5
SIM1
SIM2
SIM3
SIM4
1
21
22
SIM5
SIM1
SIM2
SIM3
SIM4
1
21
22
SIM5
SIM1
SIM2
SIM3
SIM4
1
21
22
SIM5
SIM1
SIM2
SIM3
SIM4
1
21
22
SIM5
SIM1
SIM2
SIM3
SIM4
1
21
22
SIM5
SIM1
SIM2
SIM3
SIM4
1
21
22
SIM5
SIM1
SIM2
SIM3
SIM4
1
21
22
SIM5
SIM1
SIM2
SIM3
SIM4
1
21
22
SIM5
SIM1
SIM2
SIM3
SIM4
1
21
22
SIM5
SIM1
SIM2
SIM3
SIM4
1
21
22
SIM5
SIM1
SIM2
SIM3
SIM4
1
21
22
SIM5
SIM1
SIM2
SIM3
SIM4
1
21
22
SIM5
SIM1
SIM2
SIM3
SIM4
1
21
22
SIM5
SIM1
SIM2
SIM3
SIM4
1
21
22
SIM5
SIM1
SIM2
SIM3
SIM4
1
21
22
SIM5
SIM1
SIM2
DEBUG 1 855
SIM1
SIM2
SIM3
SIM4
1
21
22
SIM5
SIM1
SIM2
SIM3
SIM4
1
21
22
SIM5
SIM1
SIM2
SIM3
SIM4
1
21
22
SIM5
SIM1
SIM2
SIM3
SIM4
1
21
22
SIM5
SIM1
SIM2
SIM3
SIM4
1
21
22
SIM5
SIM1
SIM2
SIM3
SIM4
1
21
22
SIM5
SIM1
SIM2
SIM3
SIM4
1
21
22
SIM5
SIM1
SIM2
SIM3
SIM4
1
21
22
SIM5
SIM1
SIM2
SIM3
SIM4
1
21
22
SIM5
SIM1
SIM2
SIM3
SIM4
1
21
22
SIM5
SIM1
SIM2
SIM3
SIM4
1
21
22
SIM5
SIM1
SIM2
SIM3
SIM4
1
21
22
SIM5
SIM1
SIM2
SIM3
SIM4
1
21
22
SIM5
SIM1
SIM2
SIM3
SIM4
1
21
22
SIM5
SIM1
SIM2
SIM3
SIM4
1
21
22
SIM5
SIM1
SIM2
SIM3
SIM4
1
21
22
SIM5
SIM1
SIM2
SIM3
SIM4
1
21
22
SIM5
SIM1
SIM2
SIM3
SIM4
1
21
22
SIM5
SIM1
SIM2
SIM3
SIM4
1
21
22
SIM5
SIM1
SIM2
SIM3
SIM4
1
21
22
SIM5
SIM1
SIM2
SIM3
SIM4
1
21
22
SIM5
SIM1
SIM2
SIM3
SIM4
1
21
22
SIM5
SIM1
SIM2
SIM3
SIM4
1
21
22
SIM5
SIM1
SIM2
SIM3
SIM4
1
21
22
SIM5
SIM1
SIM2
SIM3
SIM4
1
21
22
SIM5
SIM1
SIM2
SIM3
SIM4
1
21
22
SIM5
SIM1
SIM2
SIM3
SIM4
1
21
22
SIM5
SIM1
SIM2
SIM3
SIM4
1
21
22
SIM5
SIM1
SIM2
SIM3
SIM4
1
21
22
SIM5
SIM1
SIM2
SIM3
SIM4
1
21
22
SIM5
SIM1
SIM2
SIM3
SIM4
1
21
22
SIM5
SIM1
SIM2
SIM3
SIM4
1
21
22
SIM5
SIM1
SIM2
SIM3
SIM4
1
21
22
SIM5
SIM1
SIM2
SIM3
SIM4
1
21
22
SIM5
SIM1
SIM2
SIM3
SIM4
1
21
22
SIM5
SIM1
SIM2
SIM3
SIM4
1
21
22
SIM5
SIM1
SIM2
SIM3
SIM4
1
21
22
SIM5
SIM1
SIM2
SIM3
SIM4
1
21
22
SIM5
SIM1
SIM2
SIM3
SIM4
1
21
22
SIM5
SIM1
SIM2
SIM3
SIM4
1
21
22
SIM5
SIM1
SIM2
SIM3
SIM4
1
21
22
SIM5
SIM1
SIM2
SIM3
SIM4
1
21
22
SIM5
SIM1
SIM2
SIM3
SIM4
1
21
22
SIM5
SIM1
SIM2
SIM3
SIM4
1
21
22
SIM5
SIM1
SIM2
SIM3
SIM4
1
21
22
SIM5
SIM1
SIM2
SIM3
SIM4
1
21
22
SIM5
SIM1
SIM2
SIM3
SIM4
1
21
22
SIM5
SIM1
SIM2
SIM3
SIM4
1
21
22
SIM5
SIM1
SIM2
SIM3
SIM4
1
21
22
SIM5
SIM1
SIM2
SIM3
SIM4
1
21
22
SIM5
SIM1
SIM2
SIM3
SIM4
1
21
22
SIM5
SIM1
SIM2
SIM3
SIM4
1
21
22
SIM5
SIM1
SIM2
SIM3
SIM4
1
21
22
SIM5
SIM1
SIM2
SIM3
SIM4
1
21
22
SIM5
SIM1
SIM2
SIM3
SIM4
1
21
22
SIM5
SIM1
SIM2
SIM3
SIM4
1
21
22
SIM5
SIM1
SIM2
SIM3
SIM4
1
21
22
SIM5
SIM1
SIM2
SIM3
SIM4
1
21
22
SIM5
SIM1
SIM2
SIM3
SIM4
1
21
22
SIM5
SIM1
SIM2
SIM3
SIM4
1
21
22
SIM5
SIM1
SIM2
SIM3
SIM4
1
21
22
SIM5
SIM1
SIM2
SIM3
SIM4
1
21
22
SIM5
SIM1
SIM2
SIM3
SIM4
1
21
22
SIM5
SIM1
SIM2
SIM3
SIM4
1
21
22
SIM5
SIM1
SIM2
SIM3
SIM4
1
21
22
SIM5
SIM1
SIM2
SIM3
SIM4
1
21
22
SIM5
SIM1
SIM2
SIM3
SIM4
1
21
22
SIM5
SIM1
SIM2
SIM3
SIM4
1
21
22
SIM5
SIM1
SIM2
SIM3
SIM4
1
21
22
SIM5
SIM1
SIM2
SIM3
SIM4
1
21
22
SIM5
SIM1
SIM2
SIM3
SIM4
1
21
22
SIM5
SIM1
SIM2
SIM3
SIM4
1
21
22
SIM5
SIM1
SIM2
SIM3
SIM4
1
21
22
SIM5
SIM1
SIM2
SIM3
SIM4
1
21
22
SIM5
SIM1
SIM2
SIM3
SIM4
1
21
22
SIM5
SIM1
SIM2
SIM3
SIM4
1
21
22
SIM5
SIM1
SIM2
SIM3
SIM4
1
21
22
SIM5
SIM1
SIM2
SIM3
SIM4
1
21
22
SIM5
SIM1
SIM2
SIM3
SIM4
1
21
22
SIM5
SIM1
SIM2
SIM3
SIM4
1
21
22
SIM5
SIM1
SIM2
SIM3
SIM4
1
21
22
SIM5
SIM1
SIM2
SIM3
SIM4
1
21
22
SIM5
SIM1
SIM2
SIM3
SIM4
1
21
22
SIM5
SIM1
SIM2
SIM3
SIM4
1
21
22
SIM5
SIM1
SIM2
SIM3
SIM4
1
21
22
SIM5
SIM1
SIM2
SIM3
SIM4
1
21
22
SIM5
SIM1
SIM2
SIM3
SIM4
1
21
22
SIM5
SIM1
SIM2
SIM3
SIM4
1
21
22
SIM5
SIM1
SIM2
SIM3
SIM4
1
21
22
SIM5
SIM1
SIM2
SIM3
SIM4
1
21
22
SIM5
SIM1
SIM2
SIM3
SIM4
1
21
22
SIM5
SIM1
SIM2
SIM3
SIM4
1
21
22
SIM5
SIM1
SIM2
SIM3
SIM4
1
21
22
SIM5
SIM1
SIM2
SIM3
SIM4
1
21
22
SIM5
SIM1
SIM2
SIM3
SIM4
1
21
22
SIM5
SIM1
SIM2
SIM3
SIM4
1
21
22
SIM5
SIM1
SIM2
SIM3
SIM4
1
21
22
SIM5
SIM1
SIM2
SIM3
SIM4
1
21
22
SIM5
SIM1
SIM2
SIM3
SIM4
1
21
22
SIM5
SIM1
SIM2
SIM3
SIM4
1
21
22
SIM5
SIM1
SIM2
SIM3
SIM4
1
21
22
SIM5
SIM1
SIM2
SIM3
SIM4
1
21
22
SIM5
SIM1
SIM2
SIM3
SIM4
1
21
22
SIM5
SIM1
SIM2
SIM3
SIM4
1
21
22
SIM5
SIM1
SIM2
SIM3
SIM4
1
21
22
SIM5
SIM1
SIM2
SIM3
SIM4
1
21
22
SIM5
SIM1
SIM2
SIM3
SIM4
1
21
22
SIM5
SIM1
SIM2
SIM3
SIM4
1
21
22
SIM5
SIM1
SIM2
SIM3
SIM4
1
21
22
SIM5
SIM1
SIM2
SIM3
SIM4
1
21
22
SIM5
SIM1
SIM2
SIM3
SIM4
1
21
22
SIM5
SIM1
SIM2
SIM3
SIM4
1
21
22
SIM5
SIM1
SIM2
SIM3
SIM4
1
21
22
SIM5
SIM1
SIM2
SIM3
SIM4
1
21
22
SIM5
SIM1
SIM2
SIM3
SIM4
1
21
22
SIM5
SIM1
SIM2
SIM3
SIM4
1
21
22
SIM5
SIM1
SIM2
SIM3
SIM4
1
21
22
SIM5
SIM1
SIM2
SIM3
SIM4
1
21
22
SIM5
SIM1
SIM2
SIM3
SIM4
1
21
22
SIM5
SIM1
SIM2
SIM3
SIM4
1
21
22
SIM5
SIM1
SIM2
DEBUG 1 856
SIM1
SIM2
SIM3
SIM4
1
21
22
SIM5
SIM1
SIM2
SIM3
SIM4
1
21
22
SIM5
SIM1
SIM2
SIM3
SIM4
1
21
22
SIM5
SIM1
SIM2
SIM3
SIM4
1
21
22
SIM5
SIM1
SIM2
SIM3
SIM4
1
21
22
SIM5
SIM1
SIM2
SIM3
SIM4
1
21
22
SIM5
SIM1
SIM2
SIM3
SIM4
1
21
22
SIM5
SIM1
SIM2
SIM3
SIM4
1
21
22
SIM5
SIM1
SIM2
SIM3
SIM4
1
21
22
SIM5
SIM1
SIM2
SIM3
SIM4
1
21
22
SIM5
SIM1
SIM2
SIM3
SIM4
1
21
22
SIM5
SIM1
SIM2
SIM3
SIM4
1
21
22
SIM5
SIM1
SIM2
SIM3
SIM4
1
21
22
SIM5
SIM1
SIM2
SIM3
SIM4
1
21
22
SIM5
SIM1
SIM2
SIM3
SIM4
1
21
22
SIM5
SIM1
SIM2
SIM3
SIM4
1
21
22
SIM5
SIM1
SIM2
SIM3
SIM4
1
21
22
SIM5
SIM1
SIM2
SIM3
SIM4
1
21
22
SIM5
SIM1
SIM2
SIM3
SIM4
1
21
22
SIM5
SIM1
SIM2
SIM3
SIM4
1
21
22
SIM5
SIM1
SIM2
SIM3
SIM4
1
21
22
SIM5
SIM1
SIM2
SIM3
SIM4
1
21
22
SIM5
SIM1
SIM2
SIM3
SIM4
1
21
22
SIM5
SIM1
SIM2
SIM3
SIM4
1
21
22
SIM5
SIM1
SIM2
SIM3
SIM4
1
21
22
SIM5
SIM1
SIM2
SIM3
SIM4
1
21
22
SIM5
SIM1
SIM2
SIM3
SIM4
1
21
22
SIM5
SIM1
SIM2
SIM3
SIM4
1
21
22
SIM5
SIM1
SIM2
SIM3
SIM4
1
21
22
SIM5
SIM1
SIM2
SIM3
SIM4
1
21
22
SIM5
SIM1
SIM2
SIM3
SIM4
1
21
22
SIM5
SIM1
SIM2
SIM3
SIM4
1
21
22
SIM5
SIM1
SIM2
SIM3
SIM4
1
21
22
SIM5
SIM1
SIM2
SIM3
SIM4
1
21
22
SIM5
SIM1
SIM2
SIM3
SIM4
1
21
22
SIM5
SIM1
SIM2
SIM3
SIM4
1
21
22
SIM5
SIM1
SIM2
SIM3
SIM4
1
21
22
SIM5
SIM1
SIM2
SIM3
SIM4
1
21
22
SIM5
SIM1
SIM2
SIM3
SIM4
1
21
22
SIM5
SIM1
SIM2
SIM3
SIM4
1
21
22
SIM5
SIM1
SIM2
SIM3
SIM4
1
21
22
SIM5
SIM1
SIM2
SIM3
SIM4
1
21
22
SIM5
SIM1
SIM2
SIM3
SIM4
1
21
22
SIM5
SIM1
SIM2
SIM3
SIM4
1
21
22
SIM5
SIM1
SIM2
SIM3
SIM4
1
21
22
SIM5
SIM1
SIM2
SIM3
SIM4
1
21
22
SIM5
SIM1
SIM2
SIM3
SIM4
1
21
22
SIM5
SIM1
SIM2
SIM3
SIM4
1
21
22
SIM5
SIM1
SIM2
SIM3
SIM4
1
21
22
SIM5
SIM1
SIM2
SIM3
SIM4
1
21
22
SIM5
SIM1
SIM2
SIM3
SIM4
1
21
22
SIM5
SIM1
SIM2
SIM3
SIM4
1
21
22
SIM5
SIM1
SIM2
SIM3
SIM4
1
21
22
SIM5
SIM1
SIM2
SIM3
SIM4
1
21
22
SIM5
SIM1
SIM2
SIM3
SIM4
1
21
22
SIM5
SIM1
SIM2
SIM3
SIM4
1
21
22
SIM5
SIM1
SIM2
SIM3
SIM4
1
21
22
SIM5
SIM1
SIM2
SIM3
SIM4
1
21
22
SIM5
SIM1
SIM2
SIM3
SIM4
1
21
22
SIM5
SIM1
SIM2
SIM3
SIM4
1
21
22
SIM5
SIM1
SIM2
SIM3
SIM4
1
21
22
SIM5
SIM1
SIM2
SIM3
SIM4
1
21
22
SIM5
SIM1
SIM2
SIM3
SIM4
1
21
22
SIM5
SIM1
SIM2
SIM3
SIM4
1
21
22
SIM5
SIM1
SIM2
SIM3
SIM4
1
21
22
SIM5
SIM1
SIM2
SIM3
SIM4
1
21
22
SIM5
SIM1
SIM2
SIM3
SIM4
1
21
22
SIM5
SIM1
SIM2
SIM3
SIM4
1
21
22
SIM5
SIM1
SIM2
SIM3
SIM4
1
21
22
SIM5
SIM1
SIM2
SIM3
SIM4
1
21
22
SIM5
SIM1
SIM2
SIM3
SIM4
1
21
22
SIM5
SIM1
SIM2
SIM3
SIM4
1
21
22
SIM5
SIM1
SIM2
SIM3
SIM4
1
21
22
SIM5
SIM1
SIM2
SIM3
SIM4
1
21
22
SIM5
SIM1
SIM2
SIM3
SIM4
1
21
22
SIM5
SIM1
SIM2
SIM3
SIM4
1
21
22
SIM5
SIM1
SIM2
SIM3
SIM4
1
21
22
SIM5
SIM1
SIM2
SIM3
SIM4
1
21
22
SIM5
SIM1
SIM2
SIM3
SIM4
1
21
22
SIM5
SIM1
SIM2
SIM3
SIM4
1
21
22
SIM5
SIM1
SIM2
SIM3
SIM4
1
21
22
SIM5
SIM1
SIM2
SIM3
SIM4
1
21
22
SIM5
SIM1
SIM2
SIM3
SIM4
1
21
22
SIM5
SIM1
SIM2
SIM3
SIM4
1
21
22
SIM5
SIM1
SIM2
SIM3
SIM4
1
21
22
SIM5
SIM1
SIM2
SIM3
SIM4
1
21
22
SIM5
SIM1
SIM2
SIM3
SIM4
1
21
22
SIM5
SIM1
SIM2
SIM3
SIM4
1
21
22
SIM5
SIM1
SIM2
SIM3
SIM4
1
21
22
SIM5
SIM1
SIM2
SIM3
SIM4
1
21
22
SIM5
SIM1
SIM2
SIM3
SIM4
1
21
22
SIM5
SIM1
SIM2
SIM3
SIM4
1
21
22
SIM5
SIM1
SIM2
SIM3
SIM4
1
21
22
SIM5
SIM1
SIM2
SIM3
SIM4
1
21
22
SIM5
SIM1
SIM2
SIM3
SIM4
1
21
22
SIM5
SIM1
SIM2
SIM3
SIM4
1
21
22
SIM5
SIM1
SIM2
SIM3
SIM4
1
21
22
SIM5
SIM1
SIM2
SIM3
SIM4
1
21
22
SIM5
SIM1
SIM2
SIM3
SIM4
1
21
22
SIM5
SIM1
SIM2
SIM3
SIM4
1
21
22
SIM5
SIM1
SIM2
SIM3
SIM4
1
21
22
SIM5
SIM1
SIM2
SIM3
SIM4
1
21
22
SIM5
SIM1
SIM2
SIM3
SIM4
1
21
22
SIM5
SIM1
SIM2
SIM3
SIM4
1
21
22
SIM5
SIM1
SIM2
SIM3
SIM4
1
21
22
SIM5
SIM1
SIM2
SIM3
SIM4
1
21
22
SIM5
SIM1
SIM2
SIM3
SIM4
1
21
22
SIM5
SIM1
SIM2
SIM3
SIM4
1
21
22
SIM5
SIM1
SIM2
SIM3
SIM4
1
21
22
SIM5
SIM1
SIM2
SIM3
SIM4
1
21
22
SIM5
SIM1
SIM2
SIM3
SIM4
1
21
22
SIM5
SIM1
SIM2
SIM3
SIM4
1
21
22
SIM5
SIM1
SIM2
SIM3
SIM4
1
21
22
SIM5
SIM1
SIM2
SIM3
SIM4
1
21
22
SIM5
SIM1
SIM2
SIM3
SIM4
1
21
22
SIM5
SIM1
SIM2
SIM3
SIM4
1
21
22
SIM5
SIM1
SIM2
SIM3
SIM4
1
21
22
SIM5
SIM1
SIM2
SIM3
SIM4
1
21
22
SIM5
SIM1
SIM2
SIM3
SIM4
1
21
22
SIM5
SIM1
SIM2
SIM3
SIM4
1
21
22
SIM5
SIM1
SIM2
SIM3
SIM4
1
21
22
SIM5
SIM1
SIM2
SIM3
SIM4
1
21
22
SIM5
SIM1
SIM2
SIM3
SIM4
1
21
22
SIM5
SIM1
SIM2
SIM3
SIM4
1
21
22
SIM5
SIM1
SIM2
SIM3
SIM4
1
21
22
SIM5
SIM1
SIM2
SIM3
SIM4
1
21
22
SIM5
SIM1
SIM2
SIM3
SIM4
1
21
22
SIM5
SIM1
SIM2
SIM3
SIM4
1
21
22
SIM5
SIM1
SIM2
SIM3
SIM4
1
21
22
SIM5
SIM1
SIM2
SIM3
SIM4
1
21
22
SIM5
SIM1
SIM2
SIM3
SIM4
1
21
22
SIM5
SIM1
SIM2
SIM3
SIM4
1
21
22
SIM5
SIM1
SIM2
SIM3
SIM4
1
21
22
SIM5
SIM1
SIM2
SIM3
SIM4
1
21
22
SIM5
SIM1
SIM2
SIM3
SIM4
1
21
22
SIM5
SIM1
SIM2
SIM3
SIM4
1
21
22
SIM5
SIM1
SIM2
SIM3
SIM4
1
21
22
SIM5
SIM1
SIM2
SIM3
SIM4
1
21
22
SIM5
SIM1
SIM2
SIM3
SIM4
1
21
22
SIM5
SIM1
SIM2
SIM3
SIM4
1
21
22
SIM5
SIM1
SIM2
SIM3
SIM4
1
21
22
SIM5
SIM1
SIM2
SIM3
SIM4
1
21
22
SIM5
SIM1
SIM2
SIM3
SIM4
1
21
22
SIM5
SIM1
SIM2
SIM3
SIM4
1
21
22
SIM5
SIM1
SIM2
SIM3
SIM4
1
21
22
SIM5
SIM1
SIM2
SIM3
SIM4
1
21
22
SIM5
SIM1
SIM2
SIM3
SIM4
1
21
22
SIM5
SIM1
SIM2
SIM3
SIM4
1
21
22
SIM5
SIM1
SIM2
SIM3
SIM4
1
21
22
SIM5
SIM1
SIM2
SIM3
SIM4
1
21
22
SIM5
SIM1
SIM2
SIM3
SIM4
1
21
22
SIM5
SIM1
SIM2
SIM3
SIM4
1
21
22
SIM5
SIM1
SIM2
SIM3
SIM4
1
21
22
SIM5
SIM1
SIM2
SIM3
SIM4
1
21
22
SIM5
SIM1
SIM2
SIM3
SIM4
1
21
22
SIM5
SIM1
SIM2
SIM3
SIM4
1
21
22
SIM5
SIM1
SIM2
SIM3
SIM4
1
21
22
SIM5
SIM1
SIM2
SIM3
SIM4
1
21
22
SIM5
SIM1
SIM2
SIM3
SIM4
1
21
22
SIM5
SIM1
SIM2
SIM3
SIM4
1
21
22
SIM5
SIM1
SIM2
SIM3
SIM4
1
21
22
SIM5
SIM1
SIM2
SIM3
SIM4
1
21
22
SIM5
SIM1
SIM2
SIM3
SIM4
1
21
22
SIM5
SIM1
SIM2
SIM3
SIM4
1
21
22
SIM5
SIM1
SIM2
SIM3
SIM4
1
21
22
SIM5
SIM1
SIM2
SIM3
SIM4
1
21
22
SIM5
SIM1
SIM2
SIM3
SIM4
1
21
22
SIM5
SIM1
SIM2
SIM3
SIM4
1
21
22
SIM5
SIM1
SIM2
SIM3
SIM4
1
21
22
SIM5
SIM1
SIM2
DEBUG 1 857
SIM1
SIM2
SIM3
SIM4
1
21
22
SIM5
SIM1
SIM2
SIM3
SIM4
1
21
22
SIM5
SIM1
SIM2
SIM3
SIM4
1
21
22
SIM5
SIM1
SIM2
SIM3
SIM4
1
21
22
SIM5
SIM1
SIM2
SIM3
SIM4
1
21
22
SIM5
SIM1
SIM2
SIM3
SIM4
1
21
22
SIM5
SIM1
SIM2
SIM3
SIM4
1
21
22
SIM5
SIM1
SIM2
SIM3
SIM4
1
21
22
SIM5
SIM1
SIM2
SIM3
SIM4
1
21
22
SIM5
SIM1
SIM2
SIM3
SIM4
1
21
22
SIM5
SIM1
SIM2
SIM3
SIM4
1
21
22
SIM5
SIM1
SIM2
SIM3
SIM4
1
21
22
SIM5
SIM1
SIM2
SIM3
SIM4
1
21
22
SIM5
SIM1
SIM2
SIM3
SIM4
1
21
22
SIM5
SIM1
SIM2
SIM3
SIM4
1
21
22
SIM5
SIM1
SIM2
SIM3
SIM4
1
21
22
SIM5
SIM1
SIM2
SIM3
SIM4
1
21
22
SIM5
SIM1
SIM2
SIM3
SIM4
1
21
22
SIM5
SIM1
SIM2
SIM3
SIM4
1
21
22
SIM5
SIM1
SIM2
SIM3
SIM4
1
21
22
SIM5
SIM1
SIM2
SIM3
SIM4
1
21
22
SIM5
SIM1
SIM2
SIM3
SIM4
1
21
22
SIM5
SIM1
SIM2
SIM3
SIM4
1
21
22
SIM5
SIM1
SIM2
SIM3
SIM4
1
21
22
SIM5
SIM1
SIM2
SIM3
SIM4
1
21
22
SIM5
SIM1
SIM2
SIM3
SIM4
1
21
22
SIM5
SIM1
SIM2
SIM3
SIM4
1
21
22
SIM5
SIM1
SIM2
SIM3
SIM4
1
21
22
SIM5
SIM1
SIM2
SIM3
SIM4
1
21
22
SIM5
SIM1
SIM2
SIM3
SIM4
1
21
22
SIM5
SIM1
SIM2
SIM3
SIM4
1
21
22
SIM5
SIM1
SIM2
SIM3
SIM4
1
21
22
SIM5
SIM1
SIM2
SIM3
SIM4
1
21
22
SIM5
SIM1
SIM2
SIM3
SIM4
1
21
22
SIM5
SIM1
SIM2
SIM3
SIM4
1
21
22
SIM5
SIM1
SIM2
SIM3
SIM4
1
21
22
SIM5
SIM1
SIM2
SIM3
SIM4
1
21
22
SIM5
SIM1
SIM2
SIM3
SIM4
1
21
22
SIM5
SIM1
SIM2
SIM3
SIM4
1
21
22
SIM5
SIM1
SIM2
SIM3
SIM4
1
21
22
SIM5
SIM1
SIM2
SIM3
SIM4
1
21
22
SIM5
SIM1
SIM2
SIM3
SIM4
1
21
22
SIM5
SIM1
SIM2
SIM3
SIM4
1
21
22
SIM5
SIM1
SIM2
SIM3
SIM4
1
21
22
SIM5
SIM1
SIM2
SIM3
SIM4
1
21
22
SIM5
SIM1
SIM2
SIM3
SIM4
1
21
22
SIM5
SIM1
SIM2
SIM3
SIM4
1
21
22
SIM5
SIM1
SIM2
SIM3
SIM4
1
21
22
SIM5
SIM1
SIM2
SIM3
SIM4
1
21
22
SIM5
SIM1
SIM2
SIM3
SIM4
1
21
22
SIM5
SIM1
SIM2
SIM3
SIM4
1
21
22
SIM5
SIM1
SIM2
SIM3
SIM4
1
21
22
SIM5
SIM1
SIM2
SIM3
SIM4
1
21
22
SIM5
SIM1
SIM2
SIM3
SIM4
1
21
22
SIM5
SIM1
SIM2
SIM3
SIM4
1
21
22
SIM5
SIM1
SIM2
SIM3
SIM4
1
21
22
SIM5
SIM1
SIM2
SIM3
SIM4
1
21
22
SIM5
SIM1
SIM2
SIM3
SIM4
1
21
22
SIM5
SIM1
SIM2
SIM3
SIM4
1
21
22
SIM5
SIM1
SIM2
SIM3
SIM4
1
21
22
SIM5
SIM1
SIM2
SIM3
SIM4
1
21
22
SIM5
SIM1
SIM2
SIM3
SIM4
1
21
22
SIM5
SIM1
SIM2
SIM3
SIM4
1
21
22
SIM5
SIM1
SIM2
SIM3
SIM4
1
21
22
SIM5
SIM1
SIM2
SIM3
SIM4
1
21
22
SIM5
SIM1
SIM2
SIM3
SIM4
1
21
22
SIM5
SIM1
SIM2
SIM3
SIM4
1
21
22
SIM5
SIM1
SIM2
SIM3
SIM4
1
21
22
SIM5
SIM1
SIM2
SIM3
SIM4
1
21
22
SIM5
SIM1
SIM2
SIM3
SIM4
1
21
22
SIM5
SIM1
SIM2
SIM3
SIM4
1
21
22
SIM5
SIM1
SIM2
SIM3
SIM4
1
21
22
SIM5
SIM1
SIM2
SIM3
SIM4
1
21
22
SIM5
SIM1
SIM2
SIM3
SIM4
1
21
22
SIM5
SIM1
SIM2
SIM3
SIM4
1
21
22
SIM5
SIM1
SIM2
SIM3
SIM4
1
21
22
SIM5
SIM1
SIM2
SIM3
SIM4
1
21
22
SIM5
SIM1
SIM2
SIM3
SIM4
1
21
22
SIM5
SIM1
SIM2
SIM3
SIM4
1
21
22
SIM5
SIM1
SIM2
SIM3
SIM4
1
21
22
SIM5
SIM1
SIM2
SIM3
SIM4
1
21
22
SIM5
SIM1
SIM2
SIM3
SIM4
1
21
22
SIM5
SIM1
SIM2
SIM3
SIM4
1
21
22
SIM5
SIM1
SIM2
SIM3
SIM4
1
21
22
SIM5
SIM1
SIM2
SIM3
SIM4
1
21
22
SIM5
SIM1
SIM2
SIM3
SIM4
1
21
22
SIM5
SIM1
SIM2
SIM3
SIM4
1
21
22
SIM5
SIM1
SIM2
SIM3
SIM4
1
21
22
SIM5
SIM1
SIM2
SIM3
SIM4
1
21
22
SIM5
SIM1
SIM2
SIM3
SIM4
1
21
22
SIM5
SIM1
SIM2
SIM3
SIM4
1
21
22
SIM5
SIM1
SIM2
SIM3
SIM4
1
21
22
SIM5
SIM1
SIM2
SIM3
SIM4
1
21
22
SIM5
SIM1
SIM2
SIM3
SIM4
1
21
22
SIM5
SIM1
SIM2
SIM3
SIM4
1
21
22
SIM5
SIM1
SIM2
SIM3
SIM4
1
21
22
SIM5
SIM1
SIM2
SIM3
SIM4
1
21
22
SIM5
SIM1
SIM2
SIM3
SIM4
1
21
22
SIM5
SIM1
SIM2
SIM3
SIM4
1
21
22
SIM5
SIM1
SIM2
SIM3
SIM4
1
21
22
SIM5
SIM1
SIM2
SIM3
SIM4
1
21
22
SIM5
SIM1
SIM2
SIM3
SIM4
1
21
22
SIM5
SIM1
SIM2
SIM3
SIM4
1
21
22
SIM5
SIM1
SIM2
SIM3
SIM4
1
21
22
SIM5
SIM1
SIM2
SIM3
SIM4
1
21
22
SIM5
SIM1
SIM2
SIM3
SIM4
1
21
22
SIM5
SIM1
SIM2
SIM3
SIM4
1
21
22
SIM5
SIM1
SIM2
SIM3
SIM4
1
21
22
SIM5
SIM1
SIM2
SIM3
SIM4
1
21
22
SIM5
SIM1
SIM2
SIM3
SIM4
1
21
22
SIM5
SIM1
SIM2
SIM3
SIM4
1
21
22
SIM5
SIM1
SIM2
SIM3
SIM4
1
21
22
SIM5
SIM1
SIM2
SIM3
SIM4
1
21
22
SIM5
SIM1
SIM2
SIM3
SIM4
1
21
22
SIM5
SIM1
SIM2
SIM3
SIM4
1
21
22
SIM5
SIM1
SIM2
SIM3
SIM4
1
21
22
SIM5
SIM1
SIM2
SIM3
SIM4
1
21
22
SIM5
SIM1
SIM2
SIM3
SIM4
1
21
22
SIM5
SIM1
SIM2
SIM3
SIM4
1
21
22
SIM5
SIM1
SIM2
SIM3
SIM4
1
21
22
SIM5
SIM1
SIM2
SIM3
SIM4
1
21
22
SIM5
SIM1
SIM2
SIM3
SIM4
1
21
22
SIM5
SIM1
SIM2
SIM3
SIM4
1
21
22
SIM5
SIM1
SIM2
SIM3
SIM4
1
21
22
SIM5
SIM1
SIM2
SIM3
SIM4
1
21
22
SIM5
SIM1
SIM2
SIM3
SIM4
1
21
22
SIM5
SIM1
SIM2
SIM3
SIM4
1
21
22
SIM5
SIM1
SIM2
SIM3
SIM4
1
21
22
SIM5
SIM1
SIM2
SIM3
SIM4
1
21
22
SIM5
SIM1
SIM2
SIM3
SIM4
1
21
22
SIM5
SIM1
SIM2
SIM3
SIM4
1
21
22
SIM5
SIM1
SIM2
SIM3
SIM4
1
21
22
SIM5
SIM1
SIM2
SIM3
SIM4
1
21
22
SIM5
SIM1
SIM2
SIM3
SIM4
1
21
22
SIM5
SIM1
SIM2
SIM3
SIM4
1
21
22
SIM5
SIM1
SIM2
SIM3
SIM4
1
21
22
SIM5
SIM1
SIM2
SIM3
SIM4
1
21
22
SIM5
SIM1
SIM2
SIM3
SIM4
1
21
22
SIM5
SIM1
SIM2
SIM3
SIM4
1
21
22
SIM5
SIM1
SIM2
SIM3
SIM4
1
21
22
SIM5
SIM1
SIM2
SIM3
SIM4
1
21
22
SIM5
SIM1
SIM2
SIM3
SIM4
1
21
22
SIM5
SIM1
SIM2
SIM3
SIM4
1
21
22
SIM5
SIM1
SIM2
SIM3
SIM4
1
21
22
SIM5
SIM1
SIM2
SIM3
SIM4
1
21
22
SIM5
SIM1
SIM2
SIM3
SIM4
1
21
22
SIM5
SIM1
SIM2
SIM3
SIM4
1
21
22
SIM5
SIM1
SIM2
SIM3
SIM4
1
21
22
SIM5
SIM1
SIM2
SIM3
SIM4
1
21
22
SIM5
SIM1
SIM2
SIM3
SIM4
1
21
22
SIM5
SIM1
SIM2
SIM3
SIM4
1
21
22
SIM5
SIM1
SIM2
SIM3
SIM4
1
21
22
SIM5
SIM1
SIM2
SIM3
SIM4
1
21
22
SIM5
SIM1
SIM2
SIM3
SIM4
1
21
22
SIM5
SIM1
SIM2
SIM3
SIM4
1
21
22
SIM5
SIM1
SIM2
SIM3
SIM4
1
21
22
SIM5
SIM1
SIM2
SIM3
SIM4
1
21
22
SIM5
SIM1
SIM2
SIM3
SIM4
1
21
22
SIM5
SIM1
SIM2
SIM3
SIM4
1
21
22
SIM5
SIM1
SIM2
SIM3
SIM4
1
21
22
SIM5
SIM1
SIM2
SIM3
SIM4
1
21
22
SIM5
SIM1
SIM2
SIM3
SIM4
1
21
22
SIM5
SIM1
SIM2
SIM3
SIM4
1
21
22
SIM5
SIM1
SIM2
SIM3
SIM4
1
21
22
SIM5
SIM1
SIM2
SIM3
SIM4
1
21
22
SIM5
SIM1
SIM2
SIM3
SIM4
1
21
22
SIM5
SIM1
SIM2
SIM3
SIM4
1
21
22
SIM5
SIM1
SIM2
SIM3
SIM4
1
21
22
SIM5
SIM1
SIM2
SIM3
SIM4
1
21
22
SIM5
SIM1
SIM2
SIM3
SIM4
1
21
22
SIM5
SIM1
SIM2
SIM3
SIM4
1
21
22
SIM5
SIM1
SIM2
SIM3
SIM4
1
21
22
SIM5
SIM1
SIM2
SIM3
SIM4
1
21
22
SIM5
SIM1
SIM2
SIM3
SIM4
1
21
22
SIM5
SIM1
SIM2
SIM3
SIM4
1
21
22
SIM5
SIM1
SIM2
SIM3
SIM4
1
21
22
SIM5
SIM1
SIM2
SIM3
SIM4
1
21
22
SIM5
SIM1
SIM2
SIM3
SIM4
1
21
22
SIM5
SIM1
SIM2
SIM3
SIM4
1
21
22
SIM5
SIM1
SIM2
SIM3
SIM4
1
21
22
SIM5
SIM1
SIM2
SIM3
SIM4
1
21
22
SIM5
SIM1
SIM2
SIM3
SIM4
1
21
22
SIM5
SIM1
SIM2
SIM3
SIM4
1
21
22
SIM5
SIM1
SIM2
SIM3
SIM4
1
21
22
SIM5
SIM1
SIM2
SIM3
SIM4
1
21
22
SIM5
SIM1
SIM2
SIM3
SIM4
1
21
22
SIM5
SIM1
SIM2
SIM3
SIM4
1
21
22
SIM5
SIM1
SIM2
SIM3
SIM4
1
21
22
SIM5
SIM1
SIM2
SIM3
SIM4
1
21
22
SIM5
SIM1
SIM2
SIM3
SIM4
1
21
22
SIM5
SIM1
SIM2
SIM3
SIM4
1
21
22
SIM5
SIM1
SIM2
SIM3
SIM4
1
21
22
SIM5
SIM1
SIM2
SIM3
SIM4
1
21
22
SIM5
SIM1
SIM2
DEBUG 1 858
SIM1
SIM2
SIM3
SIM4
1
21
22
SIM5
SIM1
SIM2
SIM3
SIM4
1
21
22
SIM5
SIM1
SIM2
SIM3
SIM4
1
21
22
SIM5
SIM1
SIM2
SIM3
SIM4
1
21
22
SIM5
SIM1
SIM2
SIM3
SIM4
1
21
22
SIM5
SIM1
SIM2
SIM3
SIM4
1
21
22
SIM5
SIM1
SIM2
SIM3
SIM4
1
21
22
SIM5
SIM1
SIM2
SIM3
SIM4
1
21
22
SIM5
SIM1
SIM2
SIM3
SIM4
1
21
22
SIM5
SIM1
SIM2
SIM3
SIM4
1
21
22
SIM5
SIM1
SIM2
SIM3
SIM4
1
21
22
SIM5
SIM1
SIM2
SIM3
SIM4
1
21
22
SIM5
SIM1
SIM2
SIM3
SIM4
1
21
22
SIM5
SIM1
SIM2
SIM3
SIM4
1
21
22
SIM5
SIM1
SIM2
SIM3
SIM4
1
21
22
SIM5
SIM1
SIM2
SIM3
SIM4
1
21
22
SIM5
SIM1
SIM2
SIM3
SIM4
1
21
22
SIM5
SIM1
SIM2
SIM3
SIM4
1
21
22
SIM5
SIM1
SIM2
SIM3
SIM4
1
21
22
SIM5
SIM1
SIM2
SIM3
SIM4
1
21
22
SIM5
SIM1
SIM2
SIM3
SIM4
1
21
22
SIM5
SIM1
SIM2
SIM3
SIM4
1
21
22
SIM5
SIM1
SIM2
SIM3
SIM4
1
21
22
SIM5
SIM1
SIM2
SIM3
SIM4
1
21
22
SIM5
SIM1
SIM2
SIM3
SIM4
1
21
22
SIM5
SIM1
SIM2
SIM3
SIM4
1
21
22
SIM5
SIM1
SIM2
SIM3
SIM4
1
21
22
SIM5
SIM1
SIM2
SIM3
SIM4
1
21
22
SIM5
SIM1
SIM2
SIM3
SIM4
1
21
22
SIM5
SIM1
SIM2
SIM3
SIM4
1
21
22
SIM5
SIM1
SIM2
SIM3
SIM4
1
21
22
SIM5
SIM1
SIM2
SIM3
SIM4
1
21
22
SIM5
SIM1
SIM2
SIM3
SIM4
1
21
22
SIM5
SIM1
SIM2
SIM3
SIM4
1
21
22
SIM5
SIM1
SIM2
SIM3
SIM4
1
21
22
SIM5
SIM1
SIM2
SIM3
SIM4
1
21
22
SIM5
SIM1
SIM2
SIM3
SIM4
1
21
22
SIM5
SIM1
SIM2
SIM3
SIM4
1
21
22
SIM5
SIM1
SIM2
SIM3
SIM4
1
21
22
SIM5
SIM1
SIM2
SIM3
SIM4
1
21
22
SIM5
SIM1
SIM2
SIM3
SIM4
1
21
22
SIM5
SIM1
SIM2
SIM3
SIM4
1
21
22
SIM5
SIM1
SIM2
SIM3
SIM4
1
21
22
SIM5
SIM1
SIM2
SIM3
SIM4
1
21
22
SIM5
SIM1
SIM2
SIM3
SIM4
1
21
22
SIM5
SIM1
SIM2
SIM3
SIM4
1
21
22
SIM5
SIM1
SIM2
SIM3
SIM4
1
21
22
SIM5
SIM1
SIM2
SIM3
SIM4
1
21
22
SIM5
SIM1
SIM2
SIM3
SIM4
1
21
22
SIM5
SIM1
SIM2
SIM3
SIM4
1
21
22
SIM5
SIM1
SIM2
SIM3
SIM4
1
21
22
SIM5
SIM1
SIM2
SIM3
SIM4
1
21
22
SIM5
SIM1
SIM2
SIM3
SIM4
1
21
22
SIM5
SIM1
SIM2
SIM3
SIM4
1
21
22
SIM5
SIM1
SIM2
SIM3
SIM4
1
21
22
SIM5
SIM1
SIM2
SIM3
SIM4
1
21
22
SIM5
SIM1
SIM2
SIM3
SIM4
1
21
22
SIM5
SIM1
SIM2
SIM3
SIM4
1
21
22
SIM5
SIM1
SIM2
SIM3
SIM4
1
21
22
SIM5
SIM1
SIM2
SIM3
SIM4
1
21
22
SIM5
SIM1
SIM2
SIM3
SIM4
1
21
22
SIM5
SIM1
SIM2
SIM3
SIM4
1
21
22
SIM5
SIM1
SIM2
SIM3
SIM4
1
21
22
SIM5
SIM1
SIM2
SIM3
SIM4
1
21
22
SIM5
SIM1
SIM2
SIM3
SIM4
1
21
22
SIM5
SIM1
SIM2
SIM3
SIM4
1
21
22
SIM5
SIM1
SIM2
SIM3
SIM4
1
21
22
SIM5
SIM1
SIM2
SIM3
SIM4
1
21
22
SIM5
SIM1
SIM2
SIM3
SIM4
1
21
22
SIM5
SIM1
SIM2
SIM3
SIM4
1
21
22
SIM5
SIM1
SIM2
SIM3
SIM4
1
21
22
SIM5
SIM1
SIM2
SIM3
SIM4
1
21
22
SIM5
SIM1
SIM2
SIM3
SIM4
1
21
22
SIM5
SIM1
SIM2
SIM3
SIM4
1
21
22
SIM5
SIM1
SIM2
SIM3
SIM4
1
21
22
SIM5
SIM1
SIM2
SIM3
SIM4
1
21
22
SIM5
SIM1
SIM2
SIM3
SIM4
1
21
22
SIM5
SIM1
SIM2
SIM3
SIM4
1
21
22
SIM5
SIM1
SIM2
SIM3
SIM4
1
21
22
SIM5
SIM1
SIM2
SIM3
SIM4
1
21
22
SIM5
SIM1
SIM2
SIM3
SIM4
1
21
22
SIM5
SIM1
SIM2
SIM3
SIM4
1
21
22
SIM5
SIM1
SIM2
SIM3
SIM4
1
21
22
SIM5
SIM1
SIM2
SIM3
SIM4
1
21
22
SIM5
SIM1
SIM2
SIM3
SIM4
1
21
22
SIM5
SIM1
SIM2
SIM3
SIM4
1
21
22
SIM5
SIM1
SIM2
SIM3
SIM4
1
21
22
SIM5
SIM1
SIM2
SIM3
SIM4
1
21
22
SIM5
SIM1
SIM2
SIM3
SIM4
1
21
22
SIM5
SIM1
SIM2
SIM3
SIM4
1
21
22
SIM5
SIM1
SIM2
SIM3
SIM4
1
21
22
SIM5
SIM1
SIM2
SIM3
SIM4
1
21
22
SIM5
SIM1
SIM2
SIM3
SIM4
1
21
22
SIM5
SIM1
SIM2
SIM3
SIM4
1
21
22
SIM5
SIM1
SIM2
SIM3
SIM4
1
21
22
SIM5
SIM1
SIM2
SIM3
SIM4
1
21
22
SIM5
SIM1
SIM2
SIM3
SIM4
1
21
22
SIM5
SIM1
SIM2
SIM3
SIM4
1
21
22
SIM5
SIM1
SIM2
SIM3
SIM4
1
21
22
SIM5
SIM1
SIM2
SIM3
SIM4
1
21
22
SIM5
SIM1
SIM2
SIM3
SIM4
1
21
22
SIM5
SIM1
SIM2
SIM3
SIM4
1
21
22
SIM5
SIM1
SIM2
SIM3
SIM4
1
21
22
SIM5
SIM1
SIM2
SIM3
SIM4
1
21
22
SIM5
SIM1
SIM2
SIM3
SIM4
1
21
22
SIM5
SIM1
SIM2
SIM3
SIM4
1
21
22
SIM5
SIM1
SIM2
SIM3
SIM4
1
21
22
SIM5
SIM1
SIM2
SIM3
SIM4
1
21
22
SIM5
SIM1
SIM2
SIM3
SIM4
1
21
22
SIM5
SIM1
SIM2
SIM3
SIM4
1
21
22
SIM5
SIM1
SIM2
SIM3
SIM4
1
21
22
SIM5
SIM1
SIM2
SIM3
SIM4
1
21
22
SIM5
SIM1
SIM2
SIM3
SIM4
1
21
22
SIM5
SIM1
SIM2
SIM3
SIM4
1
21
22
SIM5
SIM1
SIM2
SIM3
SIM4
1
21
22
SIM5
SIM1
SIM2
SIM3
SIM4
1
21
22
SIM5
SIM1
SIM2
SIM3
SIM4
1
21
22
SIM5
SIM1
SIM2
SIM3
SIM4
1
21
22
SIM5
SIM1
SIM2
SIM3
SIM4
1
21
22
SIM5
SIM1
SIM2
SIM3
SIM4
1
21
22
SIM5
SIM1
SIM2
SIM3
SIM4
1
21
22
SIM5
SIM1
SIM2
SIM3
SIM4
1
21
22
SIM5
SIM1
SIM2
SIM3
SIM4
1
21
22
SIM5
SIM1
SIM2
SIM3
SIM4
1
21
22
SIM5
SIM1
SIM2
SIM3
SIM4
1
21
22
SIM5
SIM1
SIM2
SIM3
SIM4
1
21
22
SIM5
SIM1
SIM2
SIM3
SIM4
1
21
22
SIM5
SIM1
SIM2
SIM3
SIM4
1
21
22
SIM5
SIM1
SIM2
SIM3
SIM4
1
21
22
SIM5
SIM1
SIM2
SIM3
SIM4
1
21
22
SIM5
SIM1
SIM2
SIM3
SIM4
1
21
22
SIM5
SIM1
SIM2
SIM3
SIM4
1
21
22
SIM5
SIM1
SIM2
SIM3
SIM4
1
21
22
SIM5
SIM1
SIM2
SIM3
SIM4
1
21
22
SIM5
SIM1
SIM2
SIM3
SIM4
1
21
22
SIM5
SIM1
SIM2
SIM3
SIM4
1
21
22
SIM5
SIM1
SIM2
SIM3
SIM4
1
21
22
SIM5
SIM1
SIM2
SIM3
SIM4
1
21
22
SIM5
SIM1
SIM2
SIM3
SIM4
1
21
22
SIM5
SIM1
SIM2
SIM3
SIM4
1
21
22
SIM5
SIM1
SIM2
SIM3
SIM4
1
21
22
SIM5
SIM1
SIM2
SIM3
SIM4
1
21
22
SIM5
SIM1
SIM2
SIM3
SIM4
1
21
22
SIM5
SIM1
SIM2
SIM3
SIM4
1
21
22
SIM5
SIM1
SIM2
SIM3
SIM4
1
21
22
SIM5
SIM1
SIM2
SIM3
SIM4
1
21
22
SIM5
SIM1
SIM2
SIM3
SIM4
1
21
22
SIM5
SIM1
SIM2
SIM3
SIM4
1
21
22
SIM5
SIM1
SIM2
SIM3
SIM4
1
21
22
SIM5
SIM1
SIM2
SIM3
SIM4
1
21
22
SIM5
SIM1
SIM2
SIM3
SIM4
1
21
22
SIM5
SIM1
SIM2
SIM3
SIM4
1
21
22
SIM5
SIM1
SIM2
SIM3
SIM4
1
21
22
SIM5
SIM1
SIM2
SIM3
SIM4
1
21
22
SIM5
SIM1
SIM2
SIM3
SIM4
1
21
22
SIM5
SIM1
SIM2
SIM3
SIM4
1
21
22
SIM5
SIM1
SIM2
SIM3
SIM4
1
21
22
SIM5
SIM1
SIM2
SIM3
SIM4
1
21
22
SIM5
SIM1
SIM2
SIM3
SIM4
1
21
22
SIM5
SIM1
SIM2
SIM3
SIM4
1
21
22
SIM5
SIM1
SIM2
SIM3
SIM4
1
21
22
SIM5
SIM1
SIM2
SIM3
SIM4
1
21
22
SIM5
SIM1
SIM2
SIM3
SIM4
1
21
22
SIM5
SIM1
SIM2
SIM3
SIM4
1
21
22
SIM5
SIM1
SIM2
SIM3
SIM4
1
21
22
SIM5
SIM1
SIM2
SIM3
SIM4
1
21
22
SIM5
SIM1
SIM2
SIM3
SIM4
1
21
22
SIM5
SIM1
SIM2
SIM3
SIM4
1
21
22
SIM5
SIM1
SIM2
SIM3
SIM4
1
21
22
SIM5
SIM1
SIM2
SIM3
SIM4
1
21
22
SIM5
SIM1
SIM2
SIM3
SIM4
1
21
22
SIM5
SIM1
SIM2
SIM3
SIM4
1
21
22
SIM5
SIM1
SIM2
SIM3
SIM4
1
21
22
SIM5
SIM1
SIM2
SIM3
SIM4
1
21
22
SIM5
SIM1
SIM2
SIM3
SIM4
1
21
22
SIM5
SIM1
SIM2
SIM3
SIM4
1
21
22
SIM5
SIM1
SIM2
SIM3
SIM4
1
21
22
SIM5
SIM1
SIM2
SIM3
SIM4
1
21
22
SIM5
SIM1
SIM2
SIM3
SIM4
1
21
22
SIM5
SIM1
SIM2
SIM3
SIM4
1
21
22
SIM5
SIM1
SIM2
SIM3
SIM4
1
21
22
SIM5
SIM1
SIM2
SIM3
SIM4
1
21
22
SIM5
SIM1
SIM2
SIM3
SIM4
1
21
22
SIM5
SIM1
SIM2
SIM3
SIM4
1
21
22
SIM5
SIM1
SIM2
SIM3
SIM4
1
21
22
SIM5
SIM1
SIM2
SIM3
SIM4
1
21
22
SIM5
SIM1
SIM2
SIM3
SIM4
1
21
22
SIM5
SIM1
SIM2
SIM3
SIM4
1
21
22
SIM5
SIM1
SIM2
SIM3
SIM4
1
21
22
SIM5
SIM1
SIM2
SIM3
SIM4
1
21
22
SIM5
SIM1
SIM2
SIM3
SIM4
1
21
22
SIM5
SIM1
SIM2
SIM3
SIM4
1
21
22
SIM5
SIM1
SIM2
SIM3
SIM4
1
21
22
SIM5
SIM1
SIM2
SIM3
SIM4
1
21
22
SIM5
SIM1
SIM2
SIM3
SIM4
1
21
22
SIM5
SIM1
SIM2
SIM3
SIM4
1
21
22
SIM5
SIM1
SIM2
SIM3
SIM4
1
21
22
SIM5
SIM1
SIM2
SIM3
SIM4
1
21
22
SIM5
SIM1
SIM2
SIM3
SIM4
1
21
22
SIM5
SIM1
SIM2
SIM3
SIM4
1
21
22
SIM5
SIM1
SIM2
SIM3
SIM4
1
21
22
SIM5
SIM1
SIM2
SIM3
SIM4
1
21
22
SIM5
SIM1
SIM2
SIM3
SIM4
1
21
22
SIM5
SIM1
SIM2
SIM3
SIM4
1
21
22
SIM5
SIM1
SIM2
SIM3
SIM4
1
21
22
SIM5
SIM1
SIM2
SIM3
SIM4
1
21
22
SIM5
SIM1
SIM2
SIM3
SIM4
1
21
22
SIM5
SIM1
SIM2
SIM3
SIM4
1
21
22
SIM5
SIM1
SIM2
SIM3
SIM4
1
21
22
SIM5
SIM1
SIM2
DEBUG 1 859
SIM1
SIM2
SIM3
SIM4
1
21
22
SIM5
SIM1
SIM2
SIM3
SIM4
1
21
22
SIM5
SIM1
SIM2
SIM3
SIM4
1
21
22
SIM5
SIM1
SIM2
SIM3
SIM4
1
21
22
SIM5
SIM1
SIM2
SIM3
SIM4
1
21
22
SIM5
SIM1
SIM2
SIM3
SIM4
1
21
22
SIM5
SIM1
SIM2
SIM3
SIM4
1
21
22
SIM5
SIM1
SIM2
SIM3
SIM4
1
21
22
SIM5
SIM1
SIM2
SIM3
SIM4
1
21
22
SIM5
SIM1
SIM2
SIM3
SIM4
1
21
22
SIM5
SIM1
SIM2
SIM3
SIM4
1
21
22
SIM5
SIM1
SIM2
SIM3
SIM4
1
21
22
SIM5
SIM1
SIM2
SIM3
SIM4
1
21
22
SIM5
SIM1
SIM2
SIM3
SIM4
1
21
22
SIM5
SIM1
SIM2
SIM3
SIM4
1
21
22
SIM5
SIM1
SIM2
SIM3
SIM4
1
21
22
SIM5
SIM1
SIM2
SIM3
SIM4
1
21
22
SIM5
SIM1
SIM2
SIM3
SIM4
1
21
22
SIM5
SIM1
SIM2
SIM3
SIM4
1
21
22
SIM5
SIM1
SIM2
SIM3
SIM4
1
21
22
SIM5
SIM1
SIM2
SIM3
SIM4
1
21
22
SIM5
SIM1
SIM2
SIM3
SIM4
1
21
22
SIM5
SIM1
SIM2
SIM3
SIM4
1
21
22
SIM5
SIM1
SIM2
SIM3
SIM4
1
21
22
SIM5
SIM1
SIM2
SIM3
SIM4
1
21
22
SIM5
SIM1
SIM2
SIM3
SIM4
1
21
22
SIM5
SIM1
SIM2
SIM3
SIM4
1
21
22
SIM5
SIM1
SIM2
SIM3
SIM4
1
21
22
SIM5
SIM1
SIM2
SIM3
SIM4
1
21
22
SIM5
SIM1
SIM2
SIM3
SIM4
1
21
22
SIM5
SIM1
SIM2
SIM3
SIM4
1
21
22
SIM5
SIM1
SIM2
SIM3
SIM4
1
21
22
SIM5
SIM1
SIM2
SIM3
SIM4
1
21
22
SIM5
SIM1
SIM2
SIM3
SIM4
1
21
22
SIM5
SIM1
SIM2
SIM3
SIM4
1
21
22
SIM5
SIM1
SIM2
SIM3
SIM4
1
21
22
SIM5
SIM1
SIM2
SIM3
SIM4
1
21
22
SIM5
SIM1
SIM2
SIM3
SIM4
1
21
22
SIM5
SIM1
SIM2
SIM3
SIM4
1
21
22
SIM5
SIM1
SIM2
SIM3
SIM4
1
21
22
SIM5
SIM1
SIM2
SIM3
SIM4
1
21
22
SIM5
SIM1
SIM2
SIM3
SIM4
1
21
22
SIM5
SIM1
SIM2
SIM3
SIM4
1
21
22
SIM5
SIM1
SIM2
SIM3
SIM4
1
21
22
SIM5
SIM1
SIM2
SIM3
SIM4
1
21
22
SIM5
SIM1
SIM2
SIM3
SIM4
1
21
22
SIM5
SIM1
SIM2
SIM3
SIM4
1
21
22
SIM5
SIM1
SIM2
SIM3
SIM4
1
21
22
SIM5
SIM1
SIM2
SIM3
SIM4
1
21
22
SIM5
SIM1
SIM2
SIM3
SIM4
1
21
22
SIM5
SIM1
SIM2
SIM3
SIM4
1
21
22
SIM5
SIM1
SIM2
SIM3
SIM4
1
21
22
SIM5
SIM1
SIM2
SIM3
SIM4
1
21
22
SIM5
SIM1
SIM2
SIM3
SIM4
1
21
22
SIM5
SIM1
SIM2
SIM3
SIM4
1
21
22
SIM5
SIM1
SIM2
SIM3
SIM4
1
21
22
SIM5
SIM1
SIM2
SIM3
SIM4
1
21
22
SIM5
SIM1
SIM2
SIM3
SIM4
1
21
22
SIM5
SIM1
SIM2
SIM3
SIM4
1
21
22
SIM5
SIM1
SIM2
SIM3
SIM4
1
21
22
SIM5
SIM1
SIM2
SIM3
SIM4
1
21
22
SIM5
SIM1
SIM2
SIM3
SIM4
1
21
22
SIM5
SIM1
SIM2
SIM3
SIM4
1
21
22
SIM5
SIM1
SIM2
SIM3
SIM4
1
21
22
SIM5
SIM1
SIM2
SIM3
SIM4
1
21
22
SIM5
SIM1
SIM2
SIM3
SIM4
1
21
22
SIM5
SIM1
SIM2
SIM3
SIM4
1
21
22
SIM5
SIM1
SIM2
SIM3
SIM4
1
21
22
SIM5
SIM1
SIM2
SIM3
SIM4
1
21
22
SIM5
SIM1
SIM2
SIM3
SIM4
1
21
22
SIM5
SIM1
SIM2
SIM3
SIM4
1
21
22
SIM5
SIM1
SIM2
SIM3
SIM4
1
21
22
SIM5
SIM1
SIM2
SIM3
SIM4
1
21
22
SIM5
SIM1
SIM2
SIM3
SIM4
1
21
22
SIM5
SIM1
SIM2
SIM3
SIM4
1
21
22
SIM5
SIM1
SIM2
SIM3
SIM4
1
21
22
SIM5
SIM1
SIM2
SIM3
SIM4
1
21
22
SIM5
SIM1
SIM2
SIM3
SIM4
1
21
22
SIM5
SIM1
SIM2
SIM3
SIM4
1
21
22
SIM5
SIM1
SIM2
SIM3
SIM4
1
21
22
SIM5
SIM1
SIM2
SIM3
SIM4
1
21
22
SIM5
SIM1
SIM2
SIM3
SIM4
1
21
22
SIM5
SIM1
SIM2
SIM3
SIM4
1
21
22
SIM5
SIM1
SIM2
SIM3
SIM4
1
21
22
SIM5
SIM1
SIM2
SIM3
SIM4
1
21
22
SIM5
SIM1
SIM2
SIM3
SIM4
1
21
22
SIM5
SIM1
SIM2
SIM3
SIM4
1
21
22
SIM5
SIM1
SIM2
SIM3
SIM4
1
21
22
SIM5
SIM1
SIM2
SIM3
SIM4
1
21
22
SIM5
SIM1
SIM2
SIM3
SIM4
1
21
22
SIM5
SIM1
SIM2
SIM3
SIM4
1
21
22
SIM5
SIM1
SIM2
SIM3
SIM4
1
21
22
SIM5
SIM1
SIM2
SIM3
SIM4
1
21
22
SIM5
SIM1
SIM2
SIM3
SIM4
1
21
22
SIM5
SIM1
SIM2
SIM3
SIM4
1
21
22
SIM5
SIM1
SIM2
SIM3
SIM4
1
21
22
SIM5
SIM1
SIM2
SIM3
SIM4
1
21
22
SIM5
SIM1
SIM2
SIM3
SIM4
1
21
22
SIM5
SIM1
SIM2
SIM3
SIM4
1
21
22
SIM5
SIM1
SIM2
SIM3
SIM4
1
21
22
SIM5
SIM1
SIM2
SIM3
SIM4
1
21
22
SIM5
SIM1
SIM2
SIM3
SIM4
1
21
22
SIM5
SIM1
SIM2
SIM3
SIM4
1
21
22
SIM5
SIM1
SIM2
SIM3
SIM4
1
21
22
SIM5
SIM1
SIM2
SIM3
SIM4
1
21
22
SIM5
SIM1
SIM2
SIM3
SIM4
1
21
22
SIM5
SIM1
SIM2
SIM3
SIM4
1
21
22
SIM5
SIM1
SIM2
SIM3
SIM4
1
21
22
SIM5
SIM1
SIM2
SIM3
SIM4
1
21
22
SIM5
SIM1
SIM2
SIM3
SIM4
1
21
22
SIM5
SIM1
SIM2
SIM3
SIM4
1
21
22
SIM5
SIM1
SIM2
SIM3
SIM4
1
21
22
SIM5
SIM1
SIM2
SIM3
SIM4
1
21
22
SIM5
SIM1
SIM2
SIM3
SIM4
1
21
22
SIM5
SIM1
SIM2
SIM3
SIM4
1
21
22
SIM5
SIM1
SIM2
SIM3
SIM4
1
21
22
SIM5
SIM1
SIM2
SIM3
SIM4
1
21
22
SIM5
SIM1
SIM2
SIM3
SIM4
1
21
22
SIM5
SIM1
SIM2
SIM3
SIM4
1
21
22
SIM5
SIM1
SIM2
SIM3
SIM4
1
21
22
SIM5
SIM1
SIM2
SIM3
SIM4
1
21
22
SIM5
SIM1
SIM2
SIM3
SIM4
1
21
22
SIM5
SIM1
SIM2
SIM3
SIM4
1
21
22
SIM5
SIM1
SIM2
SIM3
SIM4
1
21
22
SIM5
SIM1
SIM2
SIM3
SIM4
1
21
22
SIM5
SIM1
SIM2
SIM3
SIM4
1
21
22
SIM5
SIM1
SIM2
SIM3
SIM4
1
21
22
SIM5
SIM1
SIM2
SIM3
SIM4
1
21
22
SIM5
SIM1
SIM2
SIM3
SIM4
1
21
22
SIM5
SIM1
SIM2
SIM3
SIM4
1
21
22
SIM5
SIM1
SIM2
SIM3
SIM4
1
21
22
SIM5
SIM1
SIM2
SIM3
SIM4
1
21
22
SIM5
SIM1
SIM2
SIM3
SIM4
1
21
22
SIM5
SIM1
SIM2
SIM3
SIM4
1
21
22
SIM5
SIM1
SIM2
SIM3
SIM4
1
21
22
SIM5
SIM1
SIM2
SIM3
SIM4
1
21
22
SIM5
SIM1
SIM2
SIM3
SIM4
1
21
22
SIM5
SIM1
SIM2
SIM3
SIM4
1
21
22
SIM5
SIM1
SIM2
SIM3
SIM4
1
21
22
SIM5
SIM1
SIM2
SIM3
SIM4
1
21
22
SIM5
SIM1
SIM2
SIM3
SIM4
1
21
22
SIM5
SIM1
SIM2
SIM3
SIM4
1
21
22
SIM5
SIM1
SIM2
SIM3
SIM4
1
21
22
SIM5
SIM1
SIM2
SIM3
SIM4
1
21
22
SIM5
SIM1
SIM2
SIM3
SIM4
1
21
22
SIM5
SIM1
SIM2
SIM3
SIM4
1
21
22
SIM5
SIM1
SIM2
SIM3
SIM4
1
21
22
SIM5
SIM1
SIM2
SIM3
SIM4
1
21
22
SIM5
SIM1
SIM2
SIM3
SIM4
1
21
22
SIM5
SIM1
SIM2
SIM3
SIM4
1
21
22
SIM5
SIM1
SIM2
SIM3
SIM4
1
21
22
SIM5
SIM1
SIM2
SIM3
SIM4
1
21
22
SIM5
SIM1
SIM2
SIM3
SIM4
1
21
22
SIM5
SIM1
SIM2
SIM3
SIM4
1
21
22
SIM5
SIM1
SIM2
SIM3
SIM4
1
21
22
SIM5
SIM1
SIM2
SIM3
SIM4
1
21
22
SIM5
SIM1
SIM2
SIM3
SIM4
1
21
22
SIM5
SIM1
SIM2
SIM3
SIM4
1
21
22
SIM5
SIM1
SIM2
DEBUG 1 860
SIM1
SIM2
SIM3
SIM4
1
21
22
SIM5
SIM1
SIM2
SIM3
SIM4
1
21
22
SIM5
SIM1
SIM2
SIM3
SIM4
1
21
22
SIM5
SIM1
SIM2
SIM3
SIM4
1
21
22
SIM5
SIM1
SIM2
SIM3
SIM4
1
21
22
SIM5
SIM1
SIM2
SIM3
SIM4
1
21
22
SIM5
SIM1
SIM2
SIM3
SIM4
1
21
22
SIM5
SIM1
SIM2
SIM3
SIM4
1
21
22
SIM5
SIM1
SIM2
SIM3
SIM4
1
21
22
SIM5
SIM1
SIM2
SIM3
SIM4
1
21
22
SIM5
SIM1
SIM2
SIM3
SIM4
1
21
22
SIM5
SIM1
SIM2
SIM3
SIM4
1
21
22
SIM5
SIM1
SIM2
SIM3
SIM4
1
21
22
SIM5
SIM1
SIM2
SIM3
SIM4
1
21
22
SIM5
SIM1
SIM2
SIM3
SIM4
1
21
22
SIM5
SIM1
SIM2
SIM3
SIM4
1
21
22
SIM5
SIM1
SIM2
SIM3
SIM4
1
21
22
SIM5
SIM1
SIM2
SIM3
SIM4
1
21
22
SIM5
SIM1
SIM2
SIM3
SIM4
1
21
22
SIM5
SIM1
SIM2
SIM3
SIM4
1
21
22
SIM5
SIM1
SIM2
SIM3
SIM4
1
21
22
SIM5
SIM1
SIM2
SIM3
SIM4
1
21
22
SIM5
SIM1
SIM2
SIM3
SIM4
1
21
22
SIM5
SIM1
SIM2
SIM3
SIM4
1
21
22
SIM5
SIM1
SIM2
SIM3
SIM4
1
21
22
SIM5
SIM1
SIM2
SIM3
SIM4
1
21
22
SIM5
SIM1
SIM2
SIM3
SIM4
1
21
22
SIM5
SIM1
SIM2
SIM3
SIM4
1
21
22
SIM5
SIM1
SIM2
SIM3
SIM4
1
21
22
SIM5
SIM1
SIM2
SIM3
SIM4
1
21
22
SIM5
SIM1
SIM2
SIM3
SIM4
1
21
22
SIM5
SIM1
SIM2
SIM3
SIM4
1
21
22
SIM5
SIM1
SIM2
SIM3
SIM4
1
21
22
SIM5
SIM1
SIM2
SIM3
SIM4
1
21
22
SIM5
SIM1
SIM2
SIM3
SIM4
1
21
22
SIM5
SIM1
SIM2
SIM3
SIM4
1
21
22
SIM5
SIM1
SIM2
SIM3
SIM4
1
21
22
SIM5
SIM1
SIM2
SIM3
SIM4
1
21
22
SIM5
SIM1
SIM2
SIM3
SIM4
1
21
22
SIM5
SIM1
SIM2
SIM3
SIM4
1
21
22
SIM5
SIM1
SIM2
SIM3
SIM4
1
21
22
SIM5
SIM1
SIM2
SIM3
SIM4
1
21
22
SIM5
SIM1
SIM2
SIM3
SIM4
1
21
22
SIM5
SIM1
SIM2
SIM3
SIM4
1
21
22
SIM5
SIM1
SIM2
SIM3
SIM4
1
21
22
SIM5
SIM1
SIM2
SIM3
SIM4
1
21
22
SIM5
SIM1
SIM2
SIM3
SIM4
1
21
22
SIM5
SIM1
SIM2
SIM3
SIM4
1
21
22
SIM5
SIM1
SIM2
SIM3
SIM4
1
21
22
SIM5
SIM1
SIM2
SIM3
SIM4
1
21
22
SIM5
SIM1
SIM2
SIM3
SIM4
1
21
22
SIM5
SIM1
SIM2
SIM3
SIM4
1
21
22
SIM5
SIM1
SIM2
SIM3
SIM4
1
21
22
SIM5
SIM1
SIM2
SIM3
SIM4
1
21
22
SIM5
SIM1
SIM2
SIM3
SIM4
1
21
22
SIM5
SIM1
SIM2
SIM3
SIM4
1
21
22
SIM5
SIM1
SIM2
SIM3
SIM4
1
21
22
SIM5
SIM1
SIM2
SIM3
SIM4
1
21
22
SIM5
SIM1
SIM2
SIM3
SIM4
1
21
22
SIM5
SIM1
SIM2
SIM3
SIM4
1
21
22
SIM5
SIM1
SIM2
SIM3
SIM4
1
21
22
SIM5
SIM1
SIM2
SIM3
SIM4
1
21
22
SIM5
SIM1
SIM2
SIM3
SIM4
1
21
22
SIM5
SIM1
SIM2
SIM3
SIM4
1
21
22
SIM5
SIM1
SIM2
SIM3
SIM4
1
21
22
SIM5
SIM1
SIM2
SIM3
SIM4
1
21
22
SIM5
SIM1
SIM2
SIM3
SIM4
1
21
22
SIM5
SIM1
SIM2
SIM3
SIM4
1
21
22
SIM5
SIM1
SIM2
SIM3
SIM4
1
21
22
SIM5
SIM1
SIM2
SIM3
SIM4
1
21
22
SIM5
SIM1
SIM2
SIM3
SIM4
1
21
22
SIM5
SIM1
SIM2
SIM3
SIM4
1
21
22
SIM5
SIM1
SIM2
SIM3
SIM4
1
21
22
SIM5
SIM1
SIM2
SIM3
SIM4
1
21
22
SIM5
SIM1
SIM2
SIM3
SIM4
1
21
22
SIM5
SIM1
SIM2
SIM3
SIM4
1
21
22
SIM5
SIM1
SIM2
SIM3
SIM4
1
21
22
SIM5
SIM1
SIM2
SIM3
SIM4
1
21
22
SIM5
SIM1
SIM2
SIM3
SIM4
1
21
22
SIM5
SIM1
SIM2
SIM3
SIM4
1
21
22
SIM5
SIM1
SIM2
SIM3
SIM4
1
21
22
SIM5
SIM1
SIM2
SIM3
SIM4
1
21
22
SIM5
SIM1
SIM2
SIM3
SIM4
1
21
22
SIM5
SIM1
SIM2
SIM3
SIM4
1
21
22
SIM5
SIM1
SIM2
SIM3
SIM4
1
21
22
SIM5
SIM1
SIM2
SIM3
SIM4
1
21
22
SIM5
SIM1
SIM2
SIM3
SIM4
1
21
22
SIM5
SIM1
SIM2
SIM3
SIM4
1
21
22
SIM5
SIM1
SIM2
SIM3
SIM4
1
21
22
SIM5
SIM1
SIM2
SIM3
SIM4
1
21
22
SIM5
SIM1
SIM2
SIM3
SIM4
1
21
22
SIM5
SIM1
SIM2
SIM3
SIM4
1
21
22
SIM5
SIM1
SIM2
SIM3
SIM4
1
21
22
SIM5
SIM1
SIM2
SIM3
SIM4
1
21
22
SIM5
SIM1
SIM2
SIM3
SIM4
1
21
22
SIM5
SIM1
SIM2
SIM3
SIM4
1
21
22
SIM5
SIM1
SIM2
SIM3
SIM4
1
21
22
SIM5
SIM1
SIM2
SIM3
SIM4
1
21
22
SIM5
SIM1
SIM2
SIM3
SIM4
1
21
22
SIM5
SIM1
SIM2
SIM3
SIM4
1
21
22
SIM5
SIM1
SIM2
SIM3
SIM4
1
21
22
SIM5
SIM1
SIM2
SIM3
SIM4
1
21
22
SIM5
SIM1
SIM2
SIM3
SIM4
1
21
22
SIM5
SIM1
SIM2
SIM3
SIM4
1
21
22
SIM5
SIM1
SIM2
SIM3
SIM4
1
21
22
SIM5
SIM1
SIM2
SIM3
SIM4
1
21
22
SIM5
SIM1
SIM2
SIM3
SIM4
1
21
22
SIM5
SIM1
SIM2
SIM3
SIM4
1
21
22
SIM5
SIM1
SIM2
SIM3
SIM4
1
21
22
SIM5
SIM1
SIM2
SIM3
SIM4
1
21
22
SIM5
SIM1
SIM2
SIM3
SIM4
1
21
22
SIM5
SIM1
SIM2
SIM3
SIM4
1
21
22
SIM5
SIM1
SIM2
SIM3
SIM4
1
21
22
SIM5
SIM1
SIM2
SIM3
SIM4
1
21
22
SIM5
SIM1
SIM2
SIM3
SIM4
1
21
22
SIM5
SIM1
SIM2
SIM3
SIM4
1
21
22
SIM5
SIM1
SIM2
SIM3
SIM4
1
21
22
SIM5
SIM1
SIM2
SIM3
SIM4
1
21
22
SIM5
SIM1
SIM2
SIM3
SIM4
1
21
22
SIM5
SIM1
SIM2
SIM3
SIM4
1
21
22
SIM5
SIM1
SIM2
SIM3
SIM4
1
21
22
SIM5
SIM1
SIM2
SIM3
SIM4
1
21
22
SIM5
SIM1
SIM2
SIM3
SIM4
1
21
22
SIM5
SIM1
SIM2
SIM3
SIM4
1
21
22
SIM5
SIM1
SIM2
SIM3
SIM4
1
21
22
SIM5
SIM1
SIM2
SIM3
SIM4
1
21
22
SIM5
SIM1
SIM2
SIM3
SIM4
1
21
22
SIM5
SIM1
SIM2
SIM3
SIM4
1
21
22
SIM5
SIM1
SIM2
SIM3
SIM4
1
21
22
SIM5
SIM1
SIM2
SIM3
SIM4
1
21
22
SIM5
SIM1
SIM2
SIM3
SIM4
1
21
22
SIM5
SIM1
SIM2
SIM3
SIM4
1
21
22
SIM5
SIM1
SIM2
SIM3
SIM4
1
21
22
SIM5
SIM1
SIM2
SIM3
SIM4
1
21
22
SIM5
SIM1
SIM2
SIM3
SIM4
1
21
22
SIM5
SIM1
SIM2
SIM3
SIM4
1
21
22
SIM5
SIM1
SIM2
SIM3
SIM4
1
21
22
SIM5
SIM1
SIM2
SIM3
SIM4
1
21
22
SIM5
SIM1
SIM2
SIM3
SIM4
1
21
22
SIM5
SIM1
SIM2
SIM3
SIM4
1
21
22
SIM5
SIM1
SIM2
SIM3
SIM4
1
21
22
SIM5
SIM1
SIM2
SIM3
SIM4
1
21
22
SIM5
SIM1
SIM2
SIM3
SIM4
1
21
22
SIM5
SIM1
SIM2
SIM3
SIM4
1
21
22
SIM5
SIM1
SIM2
SIM3
SIM4
1
21
22
SIM5
SIM1
SIM2
SIM3
SIM4
1
21
22
SIM5
SIM1
SIM2
SIM3
SIM4
1
21
22
SIM5
SIM1
SIM2
SIM3
SIM4
1
21
22
SIM5
SIM1
SIM2
SIM3
SIM4
1
21
22
SIM5
SIM1
SIM2
SIM3
SIM4
1
21
22
SIM5
SIM1
SIM2
SIM3
SIM4
1
21
22
SIM5
SIM1
SIM2
SIM3
SIM4
1
21
22
SIM5
SIM1
SIM2
SIM3
SIM4
1
21
22
SIM5
SIM1
SIM2
SIM3
SIM4
1
21
22
SIM5
SIM1
SIM2
SIM3
SIM4
1
21
22
SIM5
SIM1
SIM2
SIM3
SIM4
1
21
22
SIM5
SIM1
SIM2
SIM3
SIM4
1
21
22
SIM5
SIM1
SIM2
SIM3
SIM4
1
21
22
SIM5
SIM1
SIM2
SIM3
SIM4
1
21
22
SIM5
SIM1
SIM2
SIM3
SIM4
1
21
22
SIM5
SIM1
SIM2
SIM3
SIM4
1
21
22
SIM5
SIM1
SIM2
SIM3
SIM4
1
21
22
SIM5
SIM1
SIM2
SIM3
SIM4
1
21
22
SIM5
SIM1
SIM2
SIM3
SIM4
1
21
22
SIM5
SIM1
SIM2
SIM3
SIM4
1
21
22
SIM5
SIM1
SIM2
SIM3
SIM4
1
21
22
SIM5
SIM1
SIM2
SIM3
SIM4
1
21
22
SIM5
SIM1
SIM2
SIM3
SIM4
1
21
22
SIM5
SIM1
SIM2
SIM3
SIM4
1
21
22
SIM5
SIM1
SIM2
SIM3
SIM4
1
21
22
SIM5
SIM1
SIM2
SIM3
SIM4
1
21
22
SIM5
SIM1
SIM2
SIM3
SIM4
1
21
22
SIM5
SIM1
SIM2
SIM3
SIM4
1
21
22
SIM5
SIM1
SIM2
SIM3
SIM4
1
21
22
SIM5
SIM1
SIM2
SIM3
SIM4
1
21
22
SIM5
SIM1
SIM2
SIM3
SIM4
1
21
22
SIM5
SIM1
SIM2
SIM3
SIM4
1
21
22
SIM5
SIM1
SIM2
SIM3
SIM4
1
21
22
SIM5
SIM1
SIM2
SIM3
SIM4
1
21
22
SIM5
SIM1
SIM2
SIM3
SIM4
1
21
22
SIM5
SIM1
SIM2
SIM3
SIM4
1
21
22
SIM5
SIM1
SIM2
SIM3
SIM4
1
21
22
SIM5
SIM1
SIM2
SIM3
SIM4
1
21
22
SIM5
SIM1
SIM2
SIM3
SIM4
1
21
22
SIM5
SIM1
SIM2
SIM3
SIM4
1
21
22
SIM5
SIM1
SIM2
SIM3
SIM4
1
21
22
SIM5
SIM1
SIM2
SIM3
SIM4
1
21
22
SIM5
SIM1
SIM2
SIM3
SIM4
1
21
22
SIM5
SIM1
SIM2
SIM3
SIM4
1
21
22
SIM5
SIM1
SIM2
SIM3
SIM4
1
21
22
SIM5
SIM1
SIM2
SIM3
SIM4
1
21
22
SIM5
SIM1
SIM2
SIM3
SIM4
1
21
22
SIM5
SIM1
SIM2
SIM3
SIM4
1
21
22
SIM5
SIM1
SIM2
SIM3
SIM4
1
21
22
SIM5
SIM1
SIM2
SIM3
SIM4
1
21
22
SIM5
SIM1
SIM2
SIM3
SIM4
1
21
22
SIM5
SIM1
SIM2
SIM3
SIM4
1
21
22
SIM5
SIM1
SIM2
SIM3
SIM4
1
21
22
SIM5
SIM1
SIM2
SIM3
SIM4
1
21
22
SIM5
SIM1
SIM2
SIM3
SIM4
1
21
22
SIM5
SIM1
SIM2
SIM3
SIM4
1
21
22
SIM5
SIM1
SIM2
SIM3
SIM4
1
21
22
SIM5
SIM1
SIM2
SIM3
SIM4
1
21
22
SIM5
SIM1
SIM2
SIM3
SIM4
1
21
22
SIM5
SIM1
SIM2
SIM3
SIM4
1
21
22
SIM5
SIM1
SIM2
SIM3
SIM4
1
21
22
SIM5
SIM1
SIM2
SIM3
SIM4
1
21
22
SIM5
SIM1
SIM2
SIM3
SIM4
1
21
22
SIM5
SIM1
SIM2
SIM3
SIM4
1
21
22
SIM5
SIM1
SIM2
SIM3
SIM4
1
21
22
SIM5
SIM1
SIM2
SIM3
SIM4
1
21
22
SIM5
SIM1
SIM2
DEBUG 1 861
SIM1
SIM2
SIM3
SIM4
1
21
22
SIM5
SIM1
SIM2
SIM3
SIM4
1
21
22
SIM5
SIM1
SIM2
SIM3
SIM4
1
21
22
SIM5
SIM1
SIM2
SIM3
SIM4
1
21
22
SIM5
SIM1
SIM2
SIM3
SIM4
1
21
22
SIM5
SIM1
SIM2
SIM3
SIM4
1
21
22
SIM5
SIM1
SIM2
SIM3
SIM4
1
21
22
SIM5
SIM1
SIM2
SIM3
SIM4
1
21
22
SIM5
SIM1
SIM2
SIM3
SIM4
1
21
22
SIM5
SIM1
SIM2
SIM3
SIM4
1
21
22
SIM5
SIM1
SIM2
SIM3
SIM4
1
21
22
SIM5
SIM1
SIM2
SIM3
SIM4
1
21
22
SIM5
SIM1
SIM2
SIM3
SIM4
1
21
22
SIM5
SIM1
SIM2
SIM3
SIM4
1
21
22
SIM5
SIM1
SIM2
SIM3
SIM4
1
21
22
SIM5
SIM1
SIM2
SIM3
SIM4
1
21
22
SIM5
SIM1
SIM2
SIM3
SIM4
1
21
22
SIM5
SIM1
SIM2
SIM3
SIM4
1
21
22
SIM5
SIM1
SIM2
SIM3
SIM4
1
21
22
SIM5
SIM1
SIM2
SIM3
SIM4
1
21
22
SIM5
SIM1
SIM2
SIM3
SIM4
1
21
22
SIM5
SIM1
SIM2
SIM3
SIM4
1
21
22
SIM5
SIM1
SIM2
SIM3
SIM4
1
21
22
SIM5
SIM1
SIM2
SIM3
SIM4
1
21
22
SIM5
SIM1
SIM2
SIM3
SIM4
1
21
22
SIM5
SIM1
SIM2
SIM3
SIM4
1
21
22
SIM5
SIM1
SIM2
SIM3
SIM4
1
21
22
SIM5
SIM1
SIM2
SIM3
SIM4
1
21
22
SIM5
SIM1
SIM2
SIM3
SIM4
1
21
22
SIM5
SIM1
SIM2
SIM3
SIM4
1
21
22
SIM5
SIM1
SIM2
SIM3
SIM4
1
21
22
SIM5
SIM1
SIM2
SIM3
SIM4
1
21
22
SIM5
SIM1
SIM2
SIM3
SIM4
1
21
22
SIM5
SIM1
SIM2
SIM3
SIM4
1
21
22
SIM5
SIM1
SIM2
SIM3
SIM4
1
21
22
SIM5
SIM1
SIM2
SIM3
SIM4
1
21
22
SIM5
SIM1
SIM2
SIM3
SIM4
1
21
22
SIM5
SIM1
SIM2
SIM3
SIM4
1
21
22
SIM5
SIM1
SIM2
SIM3
SIM4
1
21
22
SIM5
SIM1
SIM2
SIM3
SIM4
1
21
22
SIM5
SIM1
SIM2
SIM3
SIM4
1
21
22
SIM5
SIM1
SIM2
SIM3
SIM4
1
21
22
SIM5
SIM1
SIM2
SIM3
SIM4
1
21
22
SIM5
SIM1
SIM2
SIM3
SIM4
1
21
22
SIM5
SIM1
SIM2
SIM3
SIM4
1
21
22
SIM5
SIM1
SIM2
SIM3
SIM4
1
21
22
SIM5
SIM1
SIM2
SIM3
SIM4
1
21
22
SIM5
SIM1
SIM2
SIM3
SIM4
1
21
22
SIM5
SIM1
SIM2
SIM3
SIM4
1
21
22
SIM5
SIM1
SIM2
SIM3
SIM4
1
21
22
SIM5
SIM1
SIM2
SIM3
SIM4
1
21
22
SIM5
SIM1
SIM2
SIM3
SIM4
1
21
22
SIM5
SIM1
SIM2
SIM3
SIM4
1
21
22
SIM5
SIM1
SIM2
SIM3
SIM4
1
21
22
SIM5
SIM1
SIM2
SIM3
SIM4
1
21
22
SIM5
SIM1
SIM2
SIM3
SIM4
1
21
22
SIM5
SIM1
SIM2
SIM3
SIM4
1
21
22
SIM5
SIM1
SIM2
SIM3
SIM4
1
21
22
SIM5
SIM1
SIM2
SIM3
SIM4
1
21
22
SIM5
SIM1
SIM2
SIM3
SIM4
1
21
22
SIM5
SIM1
SIM2
SIM3
SIM4
1
21
22
SIM5
SIM1
SIM2
SIM3
SIM4
1
21
22
SIM5
SIM1
SIM2
SIM3
SIM4
1
21
22
SIM5
SIM1
SIM2
SIM3
SIM4
1
21
22
SIM5
SIM1
SIM2
SIM3
SIM4
1
21
22
SIM5
SIM1
SIM2
SIM3
SIM4
1
21
22
SIM5
SIM1
SIM2
SIM3
SIM4
1
21
22
SIM5
SIM1
SIM2
SIM3
SIM4
1
21
22
SIM5
SIM1
SIM2
SIM3
SIM4
1
21
22
SIM5
SIM1
SIM2
SIM3
SIM4
1
21
22
SIM5
SIM1
SIM2
SIM3
SIM4
1
21
22
SIM5
SIM1
SIM2
SIM3
SIM4
1
21
22
SIM5
SIM1
SIM2
SIM3
SIM4
1
21
22
SIM5
SIM1
SIM2
SIM3
SIM4
1
21
22
SIM5
SIM1
SIM2
SIM3
SIM4
1
21
22
SIM5
SIM1
SIM2
SIM3
SIM4
1
21
22
SIM5
SIM1
SIM2
SIM3
SIM4
1
21
22
SIM5
SIM1
SIM2
SIM3
SIM4
1
21
22
SIM5
SIM1
SIM2
SIM3
SIM4
1
21
22
SIM5
SIM1
SIM2
SIM3
SIM4
1
21
22
SIM5
SIM1
SIM2
SIM3
SIM4
1
21
22
SIM5
SIM1
SIM2
SIM3
SIM4
1
21
22
SIM5
SIM1
SIM2
SIM3
SIM4
1
21
22
SIM5
SIM1
SIM2
SIM3
SIM4
1
21
22
SIM5
SIM1
SIM2
SIM3
SIM4
1
21
22
SIM5
SIM1
SIM2
SIM3
SIM4
1
21
22
SIM5
SIM1
SIM2
SIM3
SIM4
1
21
22
SIM5
SIM1
SIM2
SIM3
SIM4
1
21
22
SIM5
SIM1
SIM2
SIM3
SIM4
1
21
22
SIM5
SIM1
SIM2
SIM3
SIM4
1
21
22
SIM5
SIM1
SIM2
SIM3
SIM4
1
21
22
SIM5
SIM1
SIM2
SIM3
SIM4
1
21
22
SIM5
SIM1
SIM2
SIM3
SIM4
1
21
22
SIM5
SIM1
SIM2
SIM3
SIM4
1
21
22
SIM5
SIM1
SIM2
SIM3
SIM4
1
21
22
SIM5
SIM1
SIM2
SIM3
SIM4
1
21
22
SIM5
SIM1
SIM2
SIM3
SIM4
1
21
22
SIM5
SIM1
SIM2
SIM3
SIM4
1
21
22
SIM5
SIM1
SIM2
SIM3
SIM4
1
21
22
SIM5
SIM1
SIM2
SIM3
SIM4
1
21
22
SIM5
SIM1
SIM2
SIM3
SIM4
1
21
22
SIM5
SIM1
SIM2
SIM3
SIM4
1
21
22
SIM5
SIM1
SIM2
SIM3
SIM4
1
21
22
SIM5
SIM1
SIM2
SIM3
SIM4
1
21
22
SIM5
SIM1
SIM2
SIM3
SIM4
1
21
22
SIM5
SIM1
SIM2
SIM3
SIM4
1
21
22
SIM5
SIM1
SIM2
SIM3
SIM4
1
21
22
SIM5
SIM1
SIM2
SIM3
SIM4
1
21
22
SIM5
SIM1
SIM2
SIM3
SIM4
1
21
22
SIM5
SIM1
SIM2
SIM3
SIM4
1
21
22
SIM5
SIM1
SIM2
SIM3
SIM4
1
21
22
SIM5
SIM1
SIM2
SIM3
SIM4
1
21
22
SIM5
SIM1
SIM2
SIM3
SIM4
1
21
22
SIM5
SIM1
SIM2
SIM3
SIM4
1
21
22
SIM5
SIM1
SIM2
SIM3
SIM4
1
21
22
SIM5
SIM1
SIM2
SIM3
SIM4
1
21
22
SIM5
SIM1
SIM2
SIM3
SIM4
1
21
22
SIM5
SIM1
SIM2
SIM3
SIM4
1
21
22
SIM5
SIM1
SIM2
SIM3
SIM4
1
21
22
SIM5
SIM1
SIM2
SIM3
SIM4
1
21
22
SIM5
SIM1
SIM2
SIM3
SIM4
1
21
22
SIM5
SIM1
SIM2
SIM3
SIM4
1
21
22
SIM5
SIM1
SIM2
SIM3
SIM4
1
21
22
SIM5
SIM1
SIM2
SIM3
SIM4
1
21
22
SIM5
SIM1
SIM2
SIM3
SIM4
1
21
22
SIM5
SIM1
SIM2
SIM3
SIM4
1
21
22
SIM5
SIM1
SIM2
SIM3
SIM4
1
21
22
SIM5
SIM1
SIM2
SIM3
SIM4
1
21
22
SIM5
SIM1
SIM2
SIM3
SIM4
1
21
22
SIM5
SIM1
SIM2
SIM3
SIM4
1
21
22
SIM5
SIM1
SIM2
SIM3
SIM4
1
21
22
SIM5
SIM1
SIM2
SIM3
SIM4
1
21
22
SIM5
SIM1
SIM2
SIM3
SIM4
1
21
22
SIM5
SIM1
SIM2
SIM3
SIM4
1
21
22
SIM5
SIM1
SIM2
SIM3
SIM4
1
21
22
SIM5
SIM1
SIM2
SIM3
SIM4
1
21
22
SIM5
SIM1
SIM2
SIM3
SIM4
1
21
22
SIM5
SIM1
SIM2
SIM3
SIM4
1
21
22
SIM5
SIM1
SIM2
SIM3
SIM4
1
21
22
SIM5
SIM1
SIM2
SIM3
SIM4
1
21
22
SIM5
SIM1
SIM2
SIM3
SIM4
1
21
22
SIM5
SIM1
SIM2
SIM3
SIM4
1
21
22
SIM5
SIM1
SIM2
SIM3
SIM4
1
21
22
SIM5
SIM1
SIM2
SIM3
SIM4
1
21
22
SIM5
SIM1
SIM2
SIM3
SIM4
1
21
22
SIM5
SIM1
SIM2
SIM3
SIM4
1
21
22
SIM5
SIM1
SIM2
SIM3
SIM4
1
21
22
SIM5
SIM1
SIM2
SIM3
SIM4
1
21
22
SIM5
SIM1
SIM2
SIM3
SIM4
1
21
22
SIM5
SIM1
SIM2
SIM3
SIM4
1
21
22
SIM5
SIM1
SIM2
SIM3
SIM4
1
21
22
SIM5
SIM1
SIM2
SIM3
SIM4
1
21
22
SIM5
SIM1
SIM2
SIM3
SIM4
1
21
22
SIM5
SIM1
SIM2
SIM3
SIM4
1
21
22
SIM5
SIM1
SIM2
SIM3
SIM4
1
21
22
SIM5
SIM1
SIM2
SIM3
SIM4
1
21
22
SIM5
SIM1
SIM2
SIM3
SIM4
1
21
22
SIM5
SIM1
SIM2
SIM3
SIM4
1
21
22
SIM5
SIM1
SIM2
SIM3
SIM4
1
21
22
SIM5
SIM1
SIM2
SIM3
SIM4
1
21
22
SIM5
SIM1
SIM2
SIM3
SIM4
1
21
22
SIM5
SIM1
SIM2
DEBUG 1 862
SIM1
SIM2
SIM3
SIM4
1
21
22
SIM5
SIM1
SIM2
SIM3
SIM4
1
21
22
SIM5
SIM1
SIM2
SIM3
SIM4
1
21
22
SIM5
SIM1
SIM2
SIM3
SIM4
1
21
22
SIM5
SIM1
SIM2
SIM3
SIM4
1
21
22
SIM5
SIM1
SIM2
SIM3
SIM4
1
21
22
SIM5
SIM1
SIM2
SIM3
SIM4
1
21
22
SIM5
SIM1
SIM2
SIM3
SIM4
1
21
22
SIM5
SIM1
SIM2
SIM3
SIM4
1
21
22
SIM5
SIM1
SIM2
SIM3
SIM4
1
21
22
SIM5
SIM1
SIM2
SIM3
SIM4
1
21
22
SIM5
SIM1
SIM2
SIM3
SIM4
1
21
22
SIM5
SIM1
SIM2
SIM3
SIM4
1
21
22
SIM5
SIM1
SIM2
SIM3
SIM4
1
21
22
SIM5
SIM1
SIM2
SIM3
SIM4
1
21
22
SIM5
SIM1
SIM2
SIM3
SIM4
1
21
22
SIM5
SIM1
SIM2
SIM3
SIM4
1
21
22
SIM5
SIM1
SIM2
SIM3
SIM4
1
21
22
SIM5
SIM1
SIM2
SIM3
SIM4
1
21
22
SIM5
SIM1
SIM2
SIM3
SIM4
1
21
22
SIM5
SIM1
SIM2
SIM3
SIM4
1
21
22
SIM5
SIM1
SIM2
SIM3
SIM4
1
21
22
SIM5
SIM1
SIM2
SIM3
SIM4
1
21
22
SIM5
SIM1
SIM2
SIM3
SIM4
1
21
22
SIM5
SIM1
SIM2
SIM3
SIM4
1
21
22
SIM5
SIM1
SIM2
SIM3
SIM4
1
21
22
SIM5
SIM1
SIM2
SIM3
SIM4
1
21
22
SIM5
SIM1
SIM2
SIM3
SIM4
1
21
22
SIM5
SIM1
SIM2
SIM3
SIM4
1
21
22
SIM5
SIM1
SIM2
SIM3
SIM4
1
21
22
SIM5
SIM1
SIM2
SIM3
SIM4
1
21
22
SIM5
SIM1
SIM2
SIM3
SIM4
1
21
22
SIM5
SIM1
SIM2
SIM3
SIM4
1
21
22
SIM5
SIM1
SIM2
SIM3
SIM4
1
21
22
SIM5
SIM1
SIM2
SIM3
SIM4
1
21
22
SIM5
SIM1
SIM2
SIM3
SIM4
1
21
22
SIM5
SIM1
SIM2
SIM3
SIM4
1
21
22
SIM5
SIM1
SIM2
SIM3
SIM4
1
21
22
SIM5
SIM1
SIM2
SIM3
SIM4
1
21
22
SIM5
SIM1
SIM2
SIM3
SIM4
1
21
22
SIM5
SIM1
SIM2
SIM3
SIM4
1
21
22
SIM5
SIM1
SIM2
SIM3
SIM4
1
21
22
SIM5
SIM1
SIM2
SIM3
SIM4
1
21
22
SIM5
SIM1
SIM2
SIM3
SIM4
1
21
22
SIM5
SIM1
SIM2
SIM3
SIM4
1
21
22
SIM5
SIM1
SIM2
SIM3
SIM4
1
21
22
SIM5
SIM1
SIM2
SIM3
SIM4
1
21
22
SIM5
SIM1
SIM2
SIM3
SIM4
1
21
22
SIM5
SIM1
SIM2
SIM3
SIM4
1
21
22
SIM5
SIM1
SIM2
SIM3
SIM4
1
21
22
SIM5
SIM1
SIM2
SIM3
SIM4
1
21
22
SIM5
SIM1
SIM2
SIM3
SIM4
1
21
22
SIM5
SIM1
SIM2
SIM3
SIM4
1
21
22
SIM5
SIM1
SIM2
SIM3
SIM4
1
21
22
SIM5
SIM1
SIM2
SIM3
SIM4
1
21
22
SIM5
SIM1
SIM2
SIM3
SIM4
1
21
22
SIM5
SIM1
SIM2
SIM3
SIM4
1
21
22
SIM5
SIM1
SIM2
SIM3
SIM4
1
21
22
SIM5
SIM1
SIM2
SIM3
SIM4
1
21
22
SIM5
SIM1
SIM2
SIM3
SIM4
1
21
22
SIM5
SIM1
SIM2
SIM3
SIM4
1
21
22
SIM5
SIM1
SIM2
SIM3
SIM4
1
21
22
SIM5
SIM1
SIM2
SIM3
SIM4
1
21
22
SIM5
SIM1
SIM2
SIM3
SIM4
1
21
22
SIM5
SIM1
SIM2
SIM3
SIM4
1
21
22
SIM5
SIM1
SIM2
SIM3
SIM4
1
21
22
SIM5
SIM1
SIM2
SIM3
SIM4
1
21
22
SIM5
SIM1
SIM2
SIM3
SIM4
1
21
22
SIM5
SIM1
SIM2
SIM3
SIM4
1
21
22
SIM5
SIM1
SIM2
SIM3
SIM4
1
21
22
SIM5
SIM1
SIM2
SIM3
SIM4
1
21
22
SIM5
SIM1
SIM2
SIM3
SIM4
1
21
22
SIM5
SIM1
SIM2
SIM3
SIM4
1
21
22
SIM5
SIM1
SIM2
SIM3
SIM4
1
21
22
SIM5
SIM1
SIM2
SIM3
SIM4
1
21
22
SIM5
SIM1
SIM2
SIM3
SIM4
1
21
22
SIM5
SIM1
SIM2
SIM3
SIM4
1
21
22
SIM5
SIM1
SIM2
SIM3
SIM4
1
21
22
SIM5
SIM1
SIM2
SIM3
SIM4
1
21
22
SIM5
SIM1
SIM2
SIM3
SIM4
1
21
22
SIM5
SIM1
SIM2
SIM3
SIM4
1
21
22
SIM5
SIM1
SIM2
SIM3
SIM4
1
21
22
SIM5
SIM1
SIM2
SIM3
SIM4
1
21
22
SIM5
SIM1
SIM2
SIM3
SIM4
1
21
22
SIM5
SIM1
SIM2
SIM3
SIM4
1
21
22
SIM5
SIM1
SIM2
SIM3
SIM4
1
21
22
SIM5
SIM1
SIM2
SIM3
SIM4
1
21
22
SIM5
SIM1
SIM2
SIM3
SIM4
1
21
22
SIM5
SIM1
SIM2
SIM3
SIM4
1
21
22
SIM5
SIM1
SIM2
SIM3
SIM4
1
21
22
SIM5
SIM1
SIM2
SIM3
SIM4
1
21
22
SIM5
SIM1
SIM2
SIM3
SIM4
1
21
22
SIM5
SIM1
SIM2
SIM3
SIM4
1
21
22
SIM5
SIM1
SIM2
SIM3
SIM4
1
21
22
SIM5
SIM1
SIM2
SIM3
SIM4
1
21
22
SIM5
SIM1
SIM2
SIM3
SIM4
1
21
22
SIM5
SIM1
SIM2
SIM3
SIM4
1
21
22
SIM5
SIM1
SIM2
SIM3
SIM4
1
21
22
SIM5
SIM1
SIM2
SIM3
SIM4
1
21
22
SIM5
SIM1
SIM2
SIM3
SIM4
1
21
22
SIM5
SIM1
SIM2
SIM3
SIM4
1
21
22
SIM5
SIM1
SIM2
SIM3
SIM4
1
21
22
SIM5
SIM1
SIM2
SIM3
SIM4
1
21
22
SIM5
SIM1
SIM2
SIM3
SIM4
1
21
22
SIM5
SIM1
SIM2
SIM3
SIM4
1
21
22
SIM5
SIM1
SIM2
SIM3
SIM4
1
21
22
SIM5
SIM1
SIM2
SIM3
SIM4
1
21
22
SIM5
SIM1
SIM2
SIM3
SIM4
1
21
22
SIM5
SIM1
SIM2
SIM3
SIM4
1
21
22
SIM5
SIM1
SIM2
SIM3
SIM4
1
21
22
SIM5
SIM1
SIM2
SIM3
SIM4
1
21
22
SIM5
SIM1
SIM2
SIM3
SIM4
1
21
22
SIM5
SIM1
SIM2
SIM3
SIM4
1
21
22
SIM5
SIM1
SIM2
SIM3
SIM4
1
21
22
SIM5
SIM1
SIM2
SIM3
SIM4
1
21
22
SIM5
SIM1
SIM2
SIM3
SIM4
1
21
22
SIM5
SIM1
SIM2
SIM3
SIM4
1
21
22
SIM5
SIM1
SIM2
SIM3
SIM4
1
21
22
SIM5
SIM1
SIM2
SIM3
SIM4
1
21
22
SIM5
SIM1
SIM2
SIM3
SIM4
1
21
22
SIM5
SIM1
SIM2
SIM3
SIM4
1
21
22
SIM5
SIM1
SIM2
SIM3
SIM4
1
21
22
SIM5
SIM1
SIM2
SIM3
SIM4
1
21
22
SIM5
SIM1
SIM2
SIM3
SIM4
1
21
22
SIM5
SIM1
SIM2
SIM3
SIM4
1
21
22
SIM5
SIM1
SIM2
SIM3
SIM4
1
21
22
SIM5
SIM1
SIM2
SIM3
SIM4
1
21
22
SIM5
SIM1
SIM2
SIM3
SIM4
1
21
22
SIM5
SIM1
SIM2
SIM3
SIM4
1
21
22
SIM5
SIM1
SIM2
SIM3
SIM4
1
21
22
SIM5
SIM1
SIM2
SIM3
SIM4
1
21
22
SIM5
SIM1
SIM2
SIM3
SIM4
1
21
22
SIM5
SIM1
SIM2
SIM3
SIM4
1
21
22
SIM5
SIM1
SIM2
SIM3
SIM4
1
21
22
SIM5
SIM1
SIM2
SIM3
SIM4
1
21
22
SIM5
SIM1
SIM2
SIM3
SIM4
1
21
22
SIM5
SIM1
SIM2
SIM3
SIM4
1
21
22
SIM5
SIM1
SIM2
SIM3
SIM4
1
21
22
SIM5
SIM1
SIM2
SIM3
SIM4
1
21
22
SIM5
SIM1
SIM2
SIM3
SIM4
1
21
22
SIM5
SIM1
SIM2
SIM3
SIM4
1
21
22
SIM5
SIM1
SIM2
SIM3
SIM4
1
21
22
SIM5
SIM1
SIM2
SIM3
SIM4
1
21
22
SIM5
SIM1
SIM2
SIM3
SIM4
1
21
22
SIM5
SIM1
SIM2
SIM3
SIM4
1
21
22
SIM5
SIM1
SIM2
SIM3
SIM4
1
21
22
SIM5
SIM1
SIM2
SIM3
SIM4
1
21
22
SIM5
SIM1
SIM2
SIM3
SIM4
1
21
22
SIM5
SIM1
SIM2
SIM3
SIM4
1
21
22
SIM5
SIM1
SIM2
SIM3
SIM4
1
21
22
SIM5
SIM1
SIM2
SIM3
SIM4
1
21
22
SIM5
SIM1
SIM2
SIM3
SIM4
1
21
22
SIM5
SIM1
SIM2
SIM3
SIM4
1
21
22
SIM5
SIM1
SIM2
SIM3
SIM4
1
21
22
SIM5
SIM1
SIM2
SIM3
SIM4
1
21
22
SIM5
SIM1
SIM2
SIM3
SIM4
1
21
22
SIM5
SIM1
SIM2
SIM3
SIM4
1
21
22
SIM5
SIM1
SIM2
SIM3
SIM4
1
21
22
SIM5
SIM1
SIM2
SIM3
SIM4
1
21
22
SIM5
SIM1
SIM2
SIM3
SIM4
1
21
22
SIM5
SIM1
SIM2
SIM3
SIM4
1
21
22
SIM5
SIM1
SIM2
SIM3
SIM4
1
21
22
SIM5
SIM1
SIM2
SIM3
SIM4
1
21
22
SIM5
SIM1
SIM2
SIM3
SIM4
1
21
22
SIM5
SIM1
SIM2
SIM3
SIM4
1
21
22
SIM5
SIM1
SIM2
SIM3
SIM4
1
21
22
SIM5
SIM1
SIM2
SIM3
SIM4
1
21
22
SIM5
SIM1
SIM2
SIM3
SIM4
1
21
22
SIM5
SIM1
SIM2
SIM3
SIM4
1
21
22
SIM5
SIM1
SIM2
SIM3
SIM4
1
21
22
SIM5
SIM1
SIM2
SIM3
SIM4
1
21
22
SIM5
SIM1
SIM2
SIM3
SIM4
1
21
22
SIM5
SIM1
SIM2
SIM3
SIM4
1
21
22
SIM5
SIM1
SIM2
SIM3
SIM4
1
21
22
SIM5
SIM1
SIM2
SIM3
SIM4
1
21
22
SIM5
SIM1
SIM2
SIM3
SIM4
1
21
22
SIM5
SIM1
SIM2
SIM3
SIM4
1
21
22
SIM5
SIM1
SIM2
SIM3
SIM4
1
21
22
SIM5
SIM1
SIM2
SIM3
SIM4
1
21
22
SIM5
SIM1
SIM2
SIM3
SIM4
1
21
22
SIM5
SIM1
SIM2
SIM3
SIM4
1
21
22
SIM5
SIM1
SIM2
SIM3
SIM4
1
21
22
SIM5
SIM1
SIM2
SIM3
SIM4
1
21
22
SIM5
SIM1
SIM2
SIM3
SIM4
1
21
22
SIM5
SIM1
SIM2
SIM3
SIM4
1
21
22
SIM5
SIM1
SIM2
SIM3
SIM4
1
21
22
SIM5
SIM1
SIM2
SIM3
SIM4
1
21
22
SIM5
SIM1
SIM2
SIM3
SIM4
1
21
22
SIM5
SIM1
SIM2
SIM3
SIM4
1
21
22
SIM5
SIM1
SIM2
SIM3
SIM4
1
21
22
SIM5
SIM1
SIM2
SIM3
SIM4
1
21
22
SIM5
SIM1
SIM2
SIM3
SIM4
1
21
22
SIM5
SIM1
SIM2
SIM3
SIM4
1
21
22
SIM5
SIM1
SIM2
SIM3
SIM4
1
21
22
SIM5
SIM1
SIM2
SIM3
SIM4
1
21
22
SIM5
SIM1
SIM2
SIM3
SIM4
1
21
22
SIM5
SIM1
SIM2
SIM3
SIM4
1
21
22
SIM5
SIM1
SIM2
SIM3
SIM4
1
21
22
SIM5
SIM1
SIM2
SIM3
SIM4
1
21
22
SIM5
SIM1
SIM2
SIM3
SIM4
1
21
22
SIM5
SIM1
SIM2
SIM3
SIM4
1
21
22
SIM5
SIM1
SIM2
SIM3
SIM4
1
21
22
SIM5
SIM1
SIM2
SIM3
SIM4
1
21
22
SIM5
SIM1
SIM2
SIM3
SIM4
1
21
22
SIM5
SIM1
SIM2
SIM3
SIM4
1
21
22
SIM5
SIM1
SIM2
SIM3
SIM4
1
21
22
SIM5
SIM1
SIM2
SIM3
SIM4
1
21
22
SIM5
SIM1
SIM2
SIM3
SIM4
1
21
22
SIM5
SIM1
SIM2
SIM3
SIM4
1
21
22
SIM5
SIM1
SIM2
SIM3
SIM4
1
21
22
SIM5
SIM1
SIM2
SIM3
SIM4
1
21
22
SIM5
SIM1
SIM2
SIM3
SIM4
1
21
22
SIM5
SIM1
SIM2
SIM3
SIM4
1
21
22
SIM5
SIM1
SIM2
SIM3
SIM4
1
21
22
SIM5
SIM1
SIM2
SIM3
SIM4
1
21
22
SIM5
SIM1
SIM2
SIM3
SIM4
1
21
22
SIM5
SIM1
SIM2
SIM3
SIM4
1
21
22
SIM5
SIM1
SIM2
SIM3
SIM4
1
21
22
SIM5
SIM1
SIM2
SIM3
SIM4
1
21
22
SIM5
SIM1
SIM2
SIM3
SIM4
1
21
22
SIM5
SIM1
SIM2
SIM3
SIM4
1
21
22
SIM5
SIM1
SIM2
SIM3
SIM4
1
21
22
SIM5
SIM1
SIM2
SIM3
SIM4
1
21
22
SIM5
SIM1
SIM2
SIM3
SIM4
1
21
22
SIM5
SIM1
SIM2
SIM3
SIM4
1
21
22
SIM5
SIM1
SIM2
SIM3
SIM4
1
21
22
SIM5
SIM1
SIM2
SIM3
SIM4
1
21
22
SIM5
SIM1
SIM2
SIM3
SIM4
1
21
22
SIM5
SIM1
SIM2
SIM3
SIM4
1
21
22
SIM5
SIM1
SIM2
SIM3
SIM4
1
21
22
SIM5
SIM1
SIM2
SIM3
SIM4
1
21
22
SIM5
SIM1
SIM2
SIM3
SIM4
1
21
22
SIM5
SIM1
SIM2
SIM3
SIM4
1
21
22
SIM5
SIM1
SIM2
SIM3
SIM4
1
21
22
SIM5
SIM1
SIM2
SIM3
SIM4
1
21
22
SIM5
SIM1
SIM2
SIM3
SIM4
1
21
22
SIM5
SIM1
SIM2
DEBUG 1 863
SIM1
SIM2
SIM3
SIM4
1
21
22
SIM5
SIM1
SIM2
SIM3
SIM4
1
21
22
SIM5
SIM1
SIM2
SIM3
SIM4
1
21
22
SIM5
SIM1
SIM2
SIM3
SIM4
1
21
22
SIM5
SIM1
SIM2
SIM3
SIM4
1
21
22
SIM5
SIM1
SIM2
SIM3
SIM4
1
21
22
SIM5
SIM1
SIM2
SIM3
SIM4
1
21
22
SIM5
SIM1
SIM2
SIM3
SIM4
1
21
22
SIM5
SIM1
SIM2
SIM3
SIM4
1
21
22
SIM5
SIM1
SIM2
SIM3
SIM4
1
21
22
SIM5
SIM1
SIM2
SIM3
SIM4
1
21
22
SIM5
SIM1
SIM2
SIM3
SIM4
1
21
22
SIM5
SIM1
SIM2
SIM3
SIM4
1
21
22
SIM5
SIM1
SIM2
SIM3
SIM4
1
21
22
SIM5
SIM1
SIM2
SIM3
SIM4
1
21
22
SIM5
SIM1
SIM2
SIM3
SIM4
1
21
22
SIM5
SIM1
SIM2
SIM3
SIM4
1
21
22
SIM5
SIM1
SIM2
SIM3
SIM4
1
21
22
SIM5
SIM1
SIM2
SIM3
SIM4
1
21
22
SIM5
SIM1
SIM2
SIM3
SIM4
1
21
22
SIM5
SIM1
SIM2
SIM3
SIM4
1
21
22
SIM5
SIM1
SIM2
SIM3
SIM4
1
21
22
SIM5
SIM1
SIM2
SIM3
SIM4
1
21
22
SIM5
SIM1
SIM2
SIM3
SIM4
1
21
22
SIM5
SIM1
SIM2
SIM3
SIM4
1
21
22
SIM5
SIM1
SIM2
SIM3
SIM4
1
21
22
SIM5
SIM1
SIM2
SIM3
SIM4
1
21
22
SIM5
SIM1
SIM2
SIM3
SIM4
1
21
22
SIM5
SIM1
SIM2
SIM3
SIM4
1
21
22
SIM5
SIM1
SIM2
SIM3
SIM4
1
21
22
SIM5
SIM1
SIM2
SIM3
SIM4
1
21
22
SIM5
SIM1
SIM2
SIM3
SIM4
1
21
22
SIM5
SIM1
SIM2
SIM3
SIM4
1
21
22
SIM5
SIM1
SIM2
SIM3
SIM4
1
21
22
SIM5
SIM1
SIM2
SIM3
SIM4
1
21
22
SIM5
SIM1
SIM2
SIM3
SIM4
1
21
22
SIM5
SIM1
SIM2
SIM3
SIM4
1
21
22
SIM5
SIM1
SIM2
SIM3
SIM4
1
21
22
SIM5
SIM1
SIM2
SIM3
SIM4
1
21
22
SIM5
SIM1
SIM2
SIM3
SIM4
1
21
22
SIM5
SIM1
SIM2
SIM3
SIM4
1
21
22
SIM5
SIM1
SIM2
SIM3
SIM4
1
21
22
SIM5
SIM1
SIM2
SIM3
SIM4
1
21
22
SIM5
SIM1
SIM2
SIM3
SIM4
1
21
22
SIM5
SIM1
SIM2
SIM3
SIM4
1
21
22
SIM5
SIM1
SIM2
SIM3
SIM4
1
21
22
SIM5
SIM1
SIM2
SIM3
SIM4
1
21
22
SIM5
SIM1
SIM2
SIM3
SIM4
1
21
22
SIM5
SIM1
SIM2
SIM3
SIM4
1
21
22
SIM5
SIM1
SIM2
SIM3
SIM4
1
21
22
SIM5
SIM1
SIM2
SIM3
SIM4
1
21
22
SIM5
SIM1
SIM2
SIM3
SIM4
1
21
22
SIM5
SIM1
SIM2
SIM3
SIM4
1
21
22
SIM5
SIM1
SIM2
SIM3
SIM4
1
21
22
SIM5
SIM1
SIM2
SIM3
SIM4
1
21
22
SIM5
SIM1
SIM2
SIM3
SIM4
1
21
22
SIM5
SIM1
SIM2
SIM3
SIM4
1
21
22
SIM5
SIM1
SIM2
SIM3
SIM4
1
21
22
SIM5
SIM1
SIM2
SIM3
SIM4
1
21
22
SIM5
SIM1
SIM2
SIM3
SIM4
1
21
22
SIM5
SIM1
SIM2
SIM3
SIM4
1
21
22
SIM5
SIM1
SIM2
SIM3
SIM4
1
21
22
SIM5
SIM1
SIM2
SIM3
SIM4
1
21
22
SIM5
SIM1
SIM2
SIM3
SIM4
1
21
22
SIM5
SIM1
SIM2
SIM3
SIM4
1
21
22
SIM5
SIM1
SIM2
SIM3
SIM4
1
21
22
SIM5
SIM1
SIM2
SIM3
SIM4
1
21
22
SIM5
SIM1
SIM2
SIM3
SIM4
1
21
22
SIM5
SIM1
SIM2
SIM3
SIM4
1
21
22
SIM5
SIM1
SIM2
SIM3
SIM4
1
21
22
SIM5
SIM1
SIM2
SIM3
SIM4
1
21
22
SIM5
SIM1
SIM2
SIM3
SIM4
1
21
22
SIM5
SIM1
SIM2
SIM3
SIM4
1
21
22
SIM5
SIM1
SIM2
SIM3
SIM4
1
21
22
SIM5
SIM1
SIM2
SIM3
SIM4
1
21
22
SIM5
SIM1
SIM2
SIM3
SIM4
1
21
22
SIM5
SIM1
SIM2
SIM3
SIM4
1
21
22
SIM5
SIM1
SIM2
SIM3
SIM4
1
21
22
SIM5
SIM1
SIM2
SIM3
SIM4
1
21
22
SIM5
SIM1
SIM2
SIM3
SIM4
1
21
22
SIM5
SIM1
SIM2
SIM3
SIM4
1
21
22
SIM5
SIM1
SIM2
SIM3
SIM4
1
21
22
SIM5
SIM1
SIM2
SIM3
SIM4
1
21
22
SIM5
SIM1
SIM2
SIM3
SIM4
1
21
22
SIM5
SIM1
SIM2
SIM3
SIM4
1
21
22
SIM5
SIM1
SIM2
SIM3
SIM4
1
21
22
SIM5
SIM1
SIM2
SIM3
SIM4
1
21
22
SIM5
SIM1
SIM2
SIM3
SIM4
1
21
22
SIM5
SIM1
SIM2
SIM3
SIM4
1
21
22
SIM5
SIM1
SIM2
SIM3
SIM4
1
21
22
SIM5
SIM1
SIM2
SIM3
SIM4
1
21
22
SIM5
SIM1
SIM2
SIM3
SIM4
1
21
22
SIM5
SIM1
SIM2
SIM3
SIM4
1
21
22
SIM5
SIM1
SIM2
SIM3
SIM4
1
21
22
SIM5
SIM1
SIM2
SIM3
SIM4
1
21
22
SIM5
SIM1
SIM2
SIM3
SIM4
1
21
22
SIM5
SIM1
SIM2
SIM3
SIM4
1
21
22
SIM5
SIM1
SIM2
SIM3
SIM4
1
21
22
SIM5
SIM1
SIM2
SIM3
SIM4
1
21
22
SIM5
SIM1
SIM2
SIM3
SIM4
1
21
22
SIM5
SIM1
SIM2
SIM3
SIM4
1
21
22
SIM5
SIM1
SIM2
SIM3
SIM4
1
21
22
SIM5
SIM1
SIM2
SIM3
SIM4
1
21
22
SIM5
SIM1
SIM2
SIM3
SIM4
1
21
22
SIM5
SIM1
SIM2
SIM3
SIM4
1
21
22
SIM5
SIM1
SIM2
SIM3
SIM4
1
21
22
SIM5
SIM1
SIM2
SIM3
SIM4
1
21
22
SIM5
SIM1
SIM2
SIM3
SIM4
1
21
22
SIM5
SIM1
SIM2
SIM3
SIM4
1
21
22
SIM5
SIM1
SIM2
SIM3
SIM4
1
21
22
SIM5
SIM1
SIM2
SIM3
SIM4
1
21
22
SIM5
SIM1
SIM2
SIM3
SIM4
1
21
22
SIM5
SIM1
SIM2
SIM3
SIM4
1
21
22
SIM5
SIM1
SIM2
SIM3
SIM4
1
21
22
SIM5
SIM1
SIM2
SIM3
SIM4
1
21
22
SIM5
SIM1
SIM2
SIM3
SIM4
1
21
22
SIM5
SIM1
SIM2
SIM3
SIM4
1
21
22
SIM5
SIM1
SIM2
SIM3
SIM4
1
21
22
SIM5
SIM1
SIM2
SIM3
SIM4
1
21
22
SIM5
SIM1
SIM2
SIM3
SIM4
1
21
22
SIM5
SIM1
SIM2
SIM3
SIM4
1
21
22
SIM5
SIM1
SIM2
SIM3
SIM4
1
21
22
SIM5
SIM1
SIM2
SIM3
SIM4
1
21
22
SIM5
SIM1
SIM2
SIM3
SIM4
1
21
22
SIM5
SIM1
SIM2
SIM3
SIM4
1
21
22
SIM5
SIM1
SIM2
SIM3
SIM4
1
21
22
SIM5
SIM1
SIM2
SIM3
SIM4
1
21
22
SIM5
SIM1
SIM2
SIM3
SIM4
1
21
22
SIM5
SIM1
SIM2
SIM3
SIM4
1
21
22
SIM5
SIM1
SIM2
SIM3
SIM4
1
21
22
SIM5
SIM1
SIM2
SIM3
SIM4
1
21
22
SIM5
SIM1
SIM2
SIM3
SIM4
1
21
22
SIM5
SIM1
SIM2
DEBUG 1 864
SIM1
SIM2
SIM3
SIM4
1
21
22
SIM5
SIM1
SIM2
SIM3
SIM4
1
21
22
SIM5
SIM1
SIM2
SIM3
SIM4
1
21
22
SIM5
SIM1
SIM2
SIM3
SIM4
1
21
22
SIM5
SIM1
SIM2
SIM3
SIM4
1
21
22
SIM5
SIM1
SIM2
SIM3
SIM4
1
21
22
SIM5
SIM1
SIM2
SIM3
SIM4
1
21
22
SIM5
SIM1
SIM2
SIM3
SIM4
1
21
22
SIM5
SIM1
SIM2
SIM3
SIM4
1
21
22
SIM5
SIM1
SIM2
SIM3
SIM4
1
21
22
SIM5
SIM1
SIM2
SIM3
SIM4
1
21
22
SIM5
SIM1
SIM2
SIM3
SIM4
1
21
22
SIM5
SIM1
SIM2
SIM3
SIM4
1
21
22
SIM5
SIM1
SIM2
SIM3
SIM4
1
21
22
SIM5
SIM1
SIM2
SIM3
SIM4
1
21
22
SIM5
SIM1
SIM2
SIM3
SIM4
1
21
22
SIM5
SIM1
SIM2
SIM3
SIM4
1
21
22
SIM5
SIM1
SIM2
SIM3
SIM4
1
21
22
SIM5
SIM1
SIM2
SIM3
SIM4
1
21
22
SIM5
SIM1
SIM2
SIM3
SIM4
1
21
22
SIM5
SIM1
SIM2
SIM3
SIM4
1
21
22
SIM5
SIM1
SIM2
SIM3
SIM4
1
21
22
SIM5
SIM1
SIM2
SIM3
SIM4
1
21
22
SIM5
SIM1
SIM2
SIM3
SIM4
1
21
22
SIM5
SIM1
SIM2
SIM3
SIM4
1
21
22
SIM5
SIM1
SIM2
SIM3
SIM4
1
21
22
SIM5
SIM1
SIM2
SIM3
SIM4
1
21
22
SIM5
SIM1
SIM2
SIM3
SIM4
1
21
22
SIM5
SIM1
SIM2
SIM3
SIM4
1
21
22
SIM5
SIM1
SIM2
SIM3
SIM4
1
21
22
SIM5
SIM1
SIM2
SIM3
SIM4
1
21
22
SIM5
SIM1
SIM2
SIM3
SIM4
1
21
22
SIM5
SIM1
SIM2
SIM3
SIM4
1
21
22
SIM5
SIM1
SIM2
SIM3
SIM4
1
21
22
SIM5
SIM1
SIM2
SIM3
SIM4
1
21
22
SIM5
SIM1
SIM2
SIM3
SIM4
1
21
22
SIM5
SIM1
SIM2
SIM3
SIM4
1
21
22
SIM5
SIM1
SIM2
SIM3
SIM4
1
21
22
SIM5
SIM1
SIM2
SIM3
SIM4
1
21
22
SIM5
SIM1
SIM2
SIM3
SIM4
1
21
22
SIM5
SIM1
SIM2
SIM3
SIM4
1
21
22
SIM5
SIM1
SIM2
SIM3
SIM4
1
21
22
SIM5
SIM1
SIM2
SIM3
SIM4
1
21
22
SIM5
SIM1
SIM2
SIM3
SIM4
1
21
22
SIM5
SIM1
SIM2
SIM3
SIM4
1
21
22
SIM5
SIM1
SIM2
SIM3
SIM4
1
21
22
SIM5
SIM1
SIM2
SIM3
SIM4
1
21
22
SIM5
SIM1
SIM2
SIM3
SIM4
1
21
22
SIM5
SIM1
SIM2
SIM3
SIM4
1
21
22
SIM5
SIM1
SIM2
SIM3
SIM4
1
21
22
SIM5
SIM1
SIM2
SIM3
SIM4
1
21
22
SIM5
SIM1
SIM2
SIM3
SIM4
1
21
22
SIM5
SIM1
SIM2
SIM3
SIM4
1
21
22
SIM5
SIM1
SIM2
SIM3
SIM4
1
21
22
SIM5
SIM1
SIM2
SIM3
SIM4
1
21
22
SIM5
SIM1
SIM2
SIM3
SIM4
1
21
22
SIM5
SIM1
SIM2
SIM3
SIM4
1
21
22
SIM5
SIM1
SIM2
SIM3
SIM4
1
21
22
SIM5
SIM1
SIM2
SIM3
SIM4
1
21
22
SIM5
SIM1
SIM2
SIM3
SIM4
1
21
22
SIM5
SIM1
SIM2
SIM3
SIM4
1
21
22
SIM5
SIM1
SIM2
SIM3
SIM4
1
21
22
SIM5
SIM1
SIM2
SIM3
SIM4
1
21
22
SIM5
SIM1
SIM2
SIM3
SIM4
1
21
22
SIM5
SIM1
SIM2
SIM3
SIM4
1
21
22
SIM5
SIM1
SIM2
SIM3
SIM4
1
21
22
SIM5
SIM1
SIM2
SIM3
SIM4
1
21
22
SIM5
SIM1
SIM2
SIM3
SIM4
1
21
22
SIM5
SIM1
SIM2
SIM3
SIM4
1
21
22
SIM5
SIM1
SIM2
SIM3
SIM4
1
21
22
SIM5
SIM1
SIM2
SIM3
SIM4
1
21
22
SIM5
SIM1
SIM2
SIM3
SIM4
1
21
22
SIM5
SIM1
SIM2
SIM3
SIM4
1
21
22
SIM5
SIM1
SIM2
SIM3
SIM4
1
21
22
SIM5
SIM1
SIM2
SIM3
SIM4
1
21
22
SIM5
SIM1
SIM2
SIM3
SIM4
1
21
22
SIM5
SIM1
SIM2
SIM3
SIM4
1
21
22
SIM5
SIM1
SIM2
SIM3
SIM4
1
21
22
SIM5
SIM1
SIM2
SIM3
SIM4
1
21
22
SIM5
SIM1
SIM2
SIM3
SIM4
1
21
22
SIM5
SIM1
SIM2
SIM3
SIM4
1
21
22
SIM5
SIM1
SIM2
SIM3
SIM4
1
21
22
SIM5
SIM1
SIM2
SIM3
SIM4
1
21
22
SIM5
SIM1
SIM2
SIM3
SIM4
1
21
22
SIM5
SIM1
SIM2
SIM3
SIM4
1
21
22
SIM5
SIM1
SIM2
SIM3
SIM4
1
21
22
SIM5
SIM1
SIM2
SIM3
SIM4
1
21
22
SIM5
SIM1
SIM2
SIM3
SIM4
1
21
22
SIM5
SIM1
SIM2
SIM3
SIM4
1
21
22
SIM5
SIM1
SIM2
SIM3
SIM4
1
21
22
SIM5
SIM1
SIM2
SIM3
SIM4
1
21
22
SIM5
SIM1
SIM2
SIM3
SIM4
1
21
22
SIM5
SIM1
SIM2
SIM3
SIM4
1
21
22
SIM5
SIM1
SIM2
SIM3
SIM4
1
21
22
SIM5
SIM1
SIM2
SIM3
SIM4
1
21
22
SIM5
SIM1
SIM2
SIM3
SIM4
1
21
22
SIM5
SIM1
SIM2
SIM3
SIM4
1
21
22
SIM5
SIM1
SIM2
SIM3
SIM4
1
21
22
SIM5
SIM1
SIM2
SIM3
SIM4
1
21
22
SIM5
SIM1
SIM2
SIM3
SIM4
1
21
22
SIM5
SIM1
SIM2
SIM3
SIM4
1
21
22
SIM5
SIM1
SIM2
SIM3
SIM4
1
21
22
SIM5
SIM1
SIM2
SIM3
SIM4
1
21
22
SIM5
SIM1
SIM2
SIM3
SIM4
1
21
22
SIM5
SIM1
SIM2
SIM3
SIM4
1
21
22
SIM5
SIM1
SIM2
SIM3
SIM4
1
21
22
SIM5
SIM1
SIM2
SIM3
SIM4
1
21
22
SIM5
SIM1
SIM2
SIM3
SIM4
1
21
22
SIM5
SIM1
SIM2
SIM3
SIM4
1
21
22
SIM5
SIM1
SIM2
SIM3
SIM4
1
21
22
SIM5
SIM1
SIM2
SIM3
SIM4
1
21
22
SIM5
SIM1
SIM2
SIM3
SIM4
1
21
22
SIM5
SIM1
SIM2
SIM3
SIM4
1
21
22
SIM5
SIM1
SIM2
SIM3
SIM4
1
21
22
SIM5
SIM1
SIM2
SIM3
SIM4
1
21
22
SIM5
SIM1
SIM2
SIM3
SIM4
1
21
22
SIM5
SIM1
SIM2
SIM3
SIM4
1
21
22
SIM5
SIM1
SIM2
SIM3
SIM4
1
21
22
SIM5
SIM1
SIM2
SIM3
SIM4
1
21
22
SIM5
SIM1
SIM2
SIM3
SIM4
1
21
22
SIM5
SIM1
SIM2
SIM3
SIM4
1
21
22
SIM5
SIM1
SIM2
SIM3
SIM4
1
21
22
SIM5
SIM1
SIM2
SIM3
SIM4
1
21
22
SIM5
SIM1
SIM2
SIM3
SIM4
1
21
22
SIM5
SIM1
SIM2
SIM3
SIM4
1
21
22
SIM5
SIM1
SIM2
SIM3
SIM4
1
21
22
SIM5
SIM1
SIM2
SIM3
SIM4
1
21
22
SIM5
SIM1
SIM2
SIM3
SIM4
1
21
22
SIM5
SIM1
SIM2
SIM3
SIM4
1
21
22
SIM5
SIM1
SIM2
SIM3
SIM4
1
21
22
SIM5
SIM1
SIM2
SIM3
SIM4
1
21
22
SIM5
SIM1
SIM2
SIM3
SIM4
1
21
22
SIM5
SIM1
SIM2
SIM3
SIM4
1
21
22
SIM5
SIM1
SIM2
SIM3
SIM4
1
21
22
SIM5
SIM1
SIM2
SIM3
SIM4
1
21
22
SIM5
SIM1
SIM2
SIM3
SIM4
1
21
22
SIM5
SIM1
SIM2
SIM3
SIM4
1
21
22
SIM5
SIM1
SIM2
SIM3
SIM4
1
21
22
SIM5
SIM1
SIM2
SIM3
SIM4
1
21
22
SIM5
SIM1
SIM2
SIM3
SIM4
1
21
22
SIM5
SIM1
SIM2
SIM3
SIM4
1
21
22
SIM5
SIM1
SIM2
SIM3
SIM4
1
21
22
SIM5
SIM1
SIM2
SIM3
SIM4
1
21
22
SIM5
SIM1
SIM2
SIM3
SIM4
1
21
22
SIM5
SIM1
SIM2
SIM3
SIM4
1
21
22
SIM5
SIM1
SIM2
SIM3
SIM4
1
21
22
SIM5
SIM1
SIM2
SIM3
SIM4
1
21
22
SIM5
SIM1
SIM2
SIM3
SIM4
1
21
22
SIM5
SIM1
SIM2
SIM3
SIM4
1
21
22
SIM5
SIM1
SIM2
SIM3
SIM4
1
21
22
SIM5
SIM1
SIM2
SIM3
SIM4
1
21
22
SIM5
SIM1
SIM2
SIM3
SIM4
1
21
22
SIM5
SIM1
SIM2
SIM3
SIM4
1
21
22
SIM5
SIM1
SIM2
SIM3
SIM4
1
21
22
SIM5
SIM1
SIM2
SIM3
SIM4
1
21
22
SIM5
SIM1
SIM2
SIM3
SIM4
1
21
22
SIM5
SIM1
SIM2
SIM3
SIM4
1
21
22
SIM5
SIM1
SIM2
SIM3
SIM4
1
21
22
SIM5
SIM1
SIM2
SIM3
SIM4
1
21
22
SIM5
SIM1
SIM2
SIM3
SIM4
1
21
22
SIM5
SIM1
SIM2
SIM3
SIM4
1
21
22
SIM5
SIM1
SIM2
SIM3
SIM4
1
21
22
SIM5
SIM1
SIM2
SIM3
SIM4
1
21
22
SIM5
SIM1
SIM2
SIM3
SIM4
1
21
22
SIM5
SIM1
SIM2
SIM3
SIM4
1
21
22
SIM5
SIM1
SIM2
SIM3
SIM4
1
21
22
SIM5
SIM1
SIM2
SIM3
SIM4
1
21
22
SIM5
SIM1
SIM2
SIM3
SIM4
1
21
22
SIM5
SIM1
SIM2
SIM3
SIM4
1
21
22
SIM5
SIM1
SIM2
SIM3
SIM4
1
21
22
SIM5
SIM1
SIM2
SIM3
SIM4
1
21
22
SIM5
SIM1
SIM2
SIM3
SIM4
1
21
22
SIM5
SIM1
SIM2
SIM3
SIM4
1
21
22
SIM5
SIM1
SIM2
SIM3
SIM4
1
21
22
SIM5
SIM1
SIM2
SIM3
SIM4
1
21
22
SIM5
SIM1
SIM2
SIM3
SIM4
1
21
22
SIM5
SIM1
SIM2
SIM3
SIM4
1
21
22
SIM5
SIM1
SIM2
SIM3
SIM4
1
21
22
SIM5
SIM1
SIM2
SIM3
SIM4
1
21
22
SIM5
SIM1
SIM2
SIM3
SIM4
1
21
22
SIM5
SIM1
SIM2
SIM3
SIM4
1
21
22
SIM5
SIM1
SIM2
SIM3
SIM4
1
21
22
SIM5
SIM1
SIM2
SIM3
SIM4
1
21
22
SIM5
SIM1
SIM2
SIM3
SIM4
1
21
22
SIM5
SIM1
SIM2
SIM3
SIM4
1
21
22
SIM5
SIM1
SIM2
SIM3
SIM4
1
21
22
SIM5
SIM1
SIM2
SIM3
SIM4
1
21
22
SIM5
SIM1
SIM2
SIM3
SIM4
1
21
22
SIM5
SIM1
SIM2
SIM3
SIM4
1
21
22
SIM5
SIM1
SIM2
SIM3
SIM4
1
21
22
SIM5
SIM1
SIM2
SIM3
SIM4
1
21
22
SIM5
SIM1
SIM2
SIM3
SIM4
1
21
22
SIM5
SIM1
SIM2
SIM3
SIM4
1
21
22
SIM5
SIM1
SIM2
SIM3
SIM4
1
21
22
SIM5
SIM1
SIM2
SIM3
SIM4
1
21
22
SIM5
SIM1
SIM2
SIM3
SIM4
1
21
22
SIM5
SIM1
SIM2
SIM3
SIM4
1
21
22
SIM5
SIM1
SIM2
SIM3
SIM4
1
21
22
SIM5
SIM1
SIM2
SIM3
SIM4
1
21
22
SIM5
SIM1
SIM2
SIM3
SIM4
1
21
22
SIM5
SIM1
SIM2
DEBUG 1 865
SIM1
SIM2
SIM3
SIM4
1
21
22
SIM5
SIM1
SIM2
SIM3
SIM4
1
21
22
SIM5
SIM1
SIM2
SIM3
SIM4
1
21
22
SIM5
SIM1
SIM2
SIM3
SIM4
1
21
22
SIM5
SIM1
SIM2
SIM3
SIM4
1
21
22
SIM5
SIM1
SIM2
SIM3
SIM4
1
21
22
SIM5
SIM1
SIM2
SIM3
SIM4
1
21
22
SIM5
SIM1
SIM2
SIM3
SIM4
1
21
22
SIM5
SIM1
SIM2
SIM3
SIM4
1
21
22
SIM5
SIM1
SIM2
SIM3
SIM4
1
21
22
SIM5
SIM1
SIM2
SIM3
SIM4
1
21
22
SIM5
SIM1
SIM2
SIM3
SIM4
1
21
22
SIM5
SIM1
SIM2
SIM3
SIM4
1
21
22
SIM5
SIM1
SIM2
SIM3
SIM4
1
21
22
SIM5
SIM1
SIM2
SIM3
SIM4
1
21
22
SIM5
SIM1
SIM2
SIM3
SIM4
1
21
22
SIM5
SIM1
SIM2
SIM3
SIM4
1
21
22
SIM5
SIM1
SIM2
SIM3
SIM4
1
21
22
SIM5
SIM1
SIM2
SIM3
SIM4
1
21
22
SIM5
SIM1
SIM2
SIM3
SIM4
1
21
22
SIM5
SIM1
SIM2
SIM3
SIM4
1
21
22
SIM5
SIM1
SIM2
SIM3
SIM4
1
21
22
SIM5
SIM1
SIM2
SIM3
SIM4
1
21
22
SIM5
SIM1
SIM2
SIM3
SIM4
1
21
22
SIM5
SIM1
SIM2
SIM3
SIM4
1
21
22
SIM5
SIM1
SIM2
SIM3
SIM4
1
21
22
SIM5
SIM1
SIM2
SIM3
SIM4
1
21
22
SIM5
SIM1
SIM2
SIM3
SIM4
1
21
22
SIM5
SIM1
SIM2
SIM3
SIM4
1
21
22
SIM5
SIM1
SIM2
SIM3
SIM4
1
21
22
SIM5
SIM1
SIM2
SIM3
SIM4
1
21
22
SIM5
SIM1
SIM2
SIM3
SIM4
1
21
22
SIM5
SIM1
SIM2
SIM3
SIM4
1
21
22
SIM5
SIM1
SIM2
SIM3
SIM4
1
21
22
SIM5
SIM1
SIM2
SIM3
SIM4
1
21
22
SIM5
SIM1
SIM2
SIM3
SIM4
1
21
22
SIM5
SIM1
SIM2
SIM3
SIM4
1
21
22
SIM5
SIM1
SIM2
SIM3
SIM4
1
21
22
SIM5
SIM1
SIM2
SIM3
SIM4
1
21
22
SIM5
SIM1
SIM2
SIM3
SIM4
1
21
22
SIM5
SIM1
SIM2
SIM3
SIM4
1
21
22
SIM5
SIM1
SIM2
SIM3
SIM4
1
21
22
SIM5
SIM1
SIM2
SIM3
SIM4
1
21
22
SIM5
SIM1
SIM2
SIM3
SIM4
1
21
22
SIM5
SIM1
SIM2
SIM3
SIM4
1
21
22
SIM5
SIM1
SIM2
SIM3
SIM4
1
21
22
SIM5
SIM1
SIM2
SIM3
SIM4
1
21
22
SIM5
SIM1
SIM2
SIM3
SIM4
1
21
22
SIM5
SIM1
SIM2
SIM3
SIM4
1
21
22
SIM5
SIM1
SIM2
SIM3
SIM4
1
21
22
SIM5
SIM1
SIM2
SIM3
SIM4
1
21
22
SIM5
SIM1
SIM2
SIM3
SIM4
1
21
22
SIM5
SIM1
SIM2
SIM3
SIM4
1
21
22
SIM5
SIM1
SIM2
SIM3
SIM4
1
21
22
SIM5
SIM1
SIM2
SIM3
SIM4
1
21
22
SIM5
SIM1
SIM2
SIM3
SIM4
1
21
22
SIM5
SIM1
SIM2
SIM3
SIM4
1
21
22
SIM5
SIM1
SIM2
SIM3
SIM4
1
21
22
SIM5
SIM1
SIM2
SIM3
SIM4
1
21
22
SIM5
SIM1
SIM2
SIM3
SIM4
1
21
22
SIM5
SIM1
SIM2
SIM3
SIM4
1
21
22
SIM5
SIM1
SIM2
SIM3
SIM4
1
21
22
SIM5
SIM1
SIM2
SIM3
SIM4
1
21
22
SIM5
SIM1
SIM2
SIM3
SIM4
1
21
22
SIM5
SIM1
SIM2
SIM3
SIM4
1
21
22
SIM5
SIM1
SIM2
SIM3
SIM4
1
21
22
SIM5
SIM1
SIM2
SIM3
SIM4
1
21
22
SIM5
SIM1
SIM2
SIM3
SIM4
1
21
22
SIM5
SIM1
SIM2
SIM3
SIM4
1
21
22
SIM5
SIM1
SIM2
SIM3
SIM4
1
21
22
SIM5
SIM1
SIM2
SIM3
SIM4
1
21
22
SIM5
SIM1
SIM2
SIM3
SIM4
1
21
22
SIM5
SIM1
SIM2
SIM3
SIM4
1
21
22
SIM5
SIM1
SIM2
SIM3
SIM4
1
21
22
SIM5
SIM1
SIM2
SIM3
SIM4
1
21
22
SIM5
SIM1
SIM2
SIM3
SIM4
1
21
22
SIM5
SIM1
SIM2
SIM3
SIM4
1
21
22
SIM5
SIM1
SIM2
SIM3
SIM4
1
21
22
SIM5
SIM1
SIM2
SIM3
SIM4
1
21
22
SIM5
SIM1
SIM2
SIM3
SIM4
1
21
22
SIM5
SIM1
SIM2
SIM3
SIM4
1
21
22
SIM5
SIM1
SIM2
SIM3
SIM4
1
21
22
SIM5
SIM1
SIM2
SIM3
SIM4
1
21
22
SIM5
SIM1
SIM2
SIM3
SIM4
1
21
22
SIM5
SIM1
SIM2
SIM3
SIM4
1
21
22
SIM5
SIM1
SIM2
SIM3
SIM4
1
21
22
SIM5
SIM1
SIM2
SIM3
SIM4
1
21
22
SIM5
SIM1
SIM2
SIM3
SIM4
1
21
22
SIM5
SIM1
SIM2
SIM3
SIM4
1
21
22
SIM5
SIM1
SIM2
SIM3
SIM4
1
21
22
SIM5
SIM1
SIM2
SIM3
SIM4
1
21
22
SIM5
SIM1
SIM2
SIM3
SIM4
1
21
22
SIM5
SIM1
SIM2
SIM3
SIM4
1
21
22
SIM5
SIM1
SIM2
SIM3
SIM4
1
21
22
SIM5
SIM1
SIM2
SIM3
SIM4
1
21
22
SIM5
SIM1
SIM2
SIM3
SIM4
1
21
22
SIM5
SIM1
SIM2
SIM3
SIM4
1
21
22
SIM5
SIM1
SIM2
SIM3
SIM4
1
21
22
SIM5
SIM1
SIM2
SIM3
SIM4
1
21
22
SIM5
SIM1
SIM2
SIM3
SIM4
1
21
22
SIM5
SIM1
SIM2
SIM3
SIM4
1
21
22
SIM5
SIM1
SIM2
SIM3
SIM4
1
21
22
SIM5
SIM1
SIM2
SIM3
SIM4
1
21
22
SIM5
SIM1
SIM2
SIM3
SIM4
1
21
22
SIM5
SIM1
SIM2
SIM3
SIM4
1
21
22
SIM5
SIM1
SIM2
SIM3
SIM4
1
21
22
SIM5
SIM1
SIM2
SIM3
SIM4
1
21
22
SIM5
SIM1
SIM2
SIM3
SIM4
1
21
22
SIM5
SIM1
SIM2
SIM3
SIM4
1
21
22
SIM5
SIM1
SIM2
SIM3
SIM4
1
21
22
SIM5
SIM1
SIM2
SIM3
SIM4
1
21
22
SIM5
SIM1
SIM2
SIM3
SIM4
1
21
22
SIM5
SIM1
SIM2
SIM3
SIM4
1
21
22
SIM5
SIM1
SIM2
SIM3
SIM4
1
21
22
SIM5
SIM1
SIM2
SIM3
SIM4
1
21
22
SIM5
SIM1
SIM2
SIM3
SIM4
1
21
22
SIM5
SIM1
SIM2
SIM3
SIM4
1
21
22
SIM5
SIM1
SIM2
SIM3
SIM4
1
21
22
SIM5
SIM1
SIM2
SIM3
SIM4
1
21
22
SIM5
SIM1
SIM2
SIM3
SIM4
1
21
22
SIM5
SIM1
SIM2
SIM3
SIM4
1
21
22
SIM5
SIM1
SIM2
SIM3
SIM4
1
21
22
SIM5
SIM1
SIM2
SIM3
SIM4
1
21
22
SIM5
SIM1
SIM2
SIM3
SIM4
1
21
22
SIM5
SIM1
SIM2
SIM3
SIM4
1
21
22
SIM5
SIM1
SIM2
SIM3
SIM4
1
21
22
SIM5
SIM1
SIM2
SIM3
SIM4
1
21
22
SIM5
SIM1
SIM2
SIM3
SIM4
1
21
22
SIM5
SIM1
SIM2
SIM3
SIM4
1
21
22
SIM5
SIM1
SIM2
SIM3
SIM4
1
21
22
SIM5
SIM1
SIM2
SIM3
SIM4
1
21
22
SIM5
SIM1
SIM2
SIM3
SIM4
1
21
22
SIM5
SIM1
SIM2
SIM3
SIM4
1
21
22
SIM5
SIM1
SIM2
SIM3
SIM4
1
21
22
SIM5
SIM1
SIM2
SIM3
SIM4
1
21
22
SIM5
SIM1
SIM2
SIM3
SIM4
1
21
22
SIM5
SIM1
SIM2
SIM3
SIM4
1
21
22
SIM5
SIM1
SIM2
SIM3
SIM4
1
21
22
SIM5
SIM1
SIM2
SIM3
SIM4
1
21
22
SIM5
SIM1
SIM2
SIM3
SIM4
1
21
22
SIM5
SIM1
SIM2
SIM3
SIM4
1
21
22
SIM5
SIM1
SIM2
SIM3
SIM4
1
21
22
SIM5
SIM1
SIM2
SIM3
SIM4
1
21
22
SIM5
SIM1
SIM2
SIM3
SIM4
1
21
22
SIM5
SIM1
SIM2
SIM3
SIM4
1
21
22
SIM5
SIM1
SIM2
DEBUG 1 866
SIM1
SIM2
SIM3
SIM4
1
21
22
SIM5
SIM1
SIM2
SIM3
SIM4
1
21
22
SIM5
SIM1
SIM2
SIM3
SIM4
1
21
22
SIM5
SIM1
SIM2
SIM3
SIM4
1
21
22
SIM5
SIM1
SIM2
SIM3
SIM4
1
21
22
SIM5
SIM1
SIM2
SIM3
SIM4
1
21
22
SIM5
SIM1
SIM2
SIM3
SIM4
1
21
22
SIM5
SIM1
SIM2
SIM3
SIM4
1
21
22
SIM5
SIM1
SIM2
SIM3
SIM4
1
21
22
SIM5
SIM1
SIM2
SIM3
SIM4
1
21
22
SIM5
SIM1
SIM2
SIM3
SIM4
1
21
22
SIM5
SIM1
SIM2
SIM3
SIM4
1
21
22
SIM5
SIM1
SIM2
SIM3
SIM4
1
21
22
SIM5
SIM1
SIM2
SIM3
SIM4
1
21
22
SIM5
SIM1
SIM2
SIM3
SIM4
1
21
22
SIM5
SIM1
SIM2
SIM3
SIM4
1
21
22
SIM5
SIM1
SIM2
SIM3
SIM4
1
21
22
SIM5
SIM1
SIM2
SIM3
SIM4
1
21
22
SIM5
SIM1
SIM2
SIM3
SIM4
1
21
22
SIM5
SIM1
SIM2
SIM3
SIM4
1
21
22
SIM5
SIM1
SIM2
SIM3
SIM4
1
21
22
SIM5
SIM1
SIM2
SIM3
SIM4
1
21
22
SIM5
SIM1
SIM2
SIM3
SIM4
1
21
22
SIM5
SIM1
SIM2
SIM3
SIM4
1
21
22
SIM5
SIM1
SIM2
SIM3
SIM4
1
21
22
SIM5
SIM1
SIM2
SIM3
SIM4
1
21
22
SIM5
SIM1
SIM2
SIM3
SIM4
1
21
22
SIM5
SIM1
SIM2
SIM3
SIM4
1
21
22
SIM5
SIM1
SIM2
SIM3
SIM4
1
21
22
SIM5
SIM1
SIM2
SIM3
SIM4
1
21
22
SIM5
SIM1
SIM2
SIM3
SIM4
1
21
22
SIM5
SIM1
SIM2
SIM3
SIM4
1
21
22
SIM5
SIM1
SIM2
SIM3
SIM4
1
21
22
SIM5
SIM1
SIM2
SIM3
SIM4
1
21
22
SIM5
SIM1
SIM2
SIM3
SIM4
1
21
22
SIM5
SIM1
SIM2
SIM3
SIM4
1
21
22
SIM5
SIM1
SIM2
SIM3
SIM4
1
21
22
SIM5
SIM1
SIM2
SIM3
SIM4
1
21
22
SIM5
SIM1
SIM2
SIM3
SIM4
1
21
22
SIM5
SIM1
SIM2
SIM3
SIM4
1
21
22
SIM5
SIM1
SIM2
SIM3
SIM4
1
21
22
SIM5
SIM1
SIM2
SIM3
SIM4
1
21
22
SIM5
SIM1
SIM2
SIM3
SIM4
1
21
22
SIM5
SIM1
SIM2
SIM3
SIM4
1
21
22
SIM5
SIM1
SIM2
SIM3
SIM4
1
21
22
SIM5
SIM1
SIM2
SIM3
SIM4
1
21
22
SIM5
SIM1
SIM2
SIM3
SIM4
1
21
22
SIM5
SIM1
SIM2
SIM3
SIM4
1
21
22
SIM5
SIM1
SIM2
SIM3
SIM4
1
21
22
SIM5
SIM1
SIM2
SIM3
SIM4
1
21
22
SIM5
SIM1
SIM2
SIM3
SIM4
1
21
22
SIM5
SIM1
SIM2
SIM3
SIM4
1
21
22
SIM5
SIM1
SIM2
SIM3
SIM4
1
21
22
SIM5
SIM1
SIM2
SIM3
SIM4
1
21
22
SIM5
SIM1
SIM2
SIM3
SIM4
1
21
22
SIM5
SIM1
SIM2
SIM3
SIM4
1
21
22
SIM5
SIM1
SIM2
SIM3
SIM4
1
21
22
SIM5
SIM1
SIM2
SIM3
SIM4
1
21
22
SIM5
SIM1
SIM2
SIM3
SIM4
1
21
22
SIM5
SIM1
SIM2
SIM3
SIM4
1
21
22
SIM5
SIM1
SIM2
SIM3
SIM4
1
21
22
SIM5
SIM1
SIM2
SIM3
SIM4
1
21
22
SIM5
SIM1
SIM2
SIM3
SIM4
1
21
22
SIM5
SIM1
SIM2
SIM3
SIM4
1
21
22
SIM5
SIM1
SIM2
SIM3
SIM4
1
21
22
SIM5
SIM1
SIM2
SIM3
SIM4
1
21
22
SIM5
SIM1
SIM2
SIM3
SIM4
1
21
22
SIM5
SIM1
SIM2
SIM3
SIM4
1
21
22
SIM5
SIM1
SIM2
SIM3
SIM4
1
21
22
SIM5
SIM1
SIM2
SIM3
SIM4
1
21
22
SIM5
SIM1
SIM2
SIM3
SIM4
1
21
22
SIM5
SIM1
SIM2
SIM3
SIM4
1
21
22
SIM5
SIM1
SIM2
SIM3
SIM4
1
21
22
SIM5
SIM1
SIM2
SIM3
SIM4
1
21
22
SIM5
SIM1
SIM2
SIM3
SIM4
1
21
22
SIM5
SIM1
SIM2
SIM3
SIM4
1
21
22
SIM5
SIM1
SIM2
SIM3
SIM4
1
21
22
SIM5
SIM1
SIM2
SIM3
SIM4
1
21
22
SIM5
SIM1
SIM2
SIM3
SIM4
1
21
22
SIM5
SIM1
SIM2
SIM3
SIM4
1
21
22
SIM5
SIM1
SIM2
SIM3
SIM4
1
21
22
SIM5
SIM1
SIM2
SIM3
SIM4
1
21
22
SIM5
SIM1
SIM2
SIM3
SIM4
1
21
22
SIM5
SIM1
SIM2
SIM3
SIM4
1
21
22
SIM5
SIM1
SIM2
SIM3
SIM4
1
21
22
SIM5
SIM1
SIM2
SIM3
SIM4
1
21
22
SIM5
SIM1
SIM2
SIM3
SIM4
1
21
22
SIM5
SIM1
SIM2
SIM3
SIM4
1
21
22
SIM5
SIM1
SIM2
SIM3
SIM4
1
21
22
SIM5
SIM1
SIM2
SIM3
SIM4
1
21
22
SIM5
SIM1
SIM2
SIM3
SIM4
1
21
22
SIM5
SIM1
SIM2
SIM3
SIM4
1
21
22
SIM5
SIM1
SIM2
SIM3
SIM4
1
21
22
SIM5
SIM1
SIM2
SIM3
SIM4
1
21
22
SIM5
SIM1
SIM2
SIM3
SIM4
1
21
22
SIM5
SIM1
SIM2
SIM3
SIM4
1
21
22
SIM5
SIM1
SIM2
SIM3
SIM4
1
21
22
SIM5
SIM1
SIM2
SIM3
SIM4
1
21
22
SIM5
SIM1
SIM2
SIM3
SIM4
1
21
22
SIM5
SIM1
SIM2
SIM3
SIM4
1
21
22
SIM5
SIM1
SIM2
SIM3
SIM4
1
21
22
SIM5
SIM1
SIM2
SIM3
SIM4
1
21
22
SIM5
SIM1
SIM2
SIM3
SIM4
1
21
22
SIM5
SIM1
SIM2
SIM3
SIM4
1
21
22
SIM5
SIM1
SIM2
SIM3
SIM4
1
21
22
SIM5
SIM1
SIM2
SIM3
SIM4
1
21
22
SIM5
SIM1
SIM2
SIM3
SIM4
1
21
22
SIM5
SIM1
SIM2
SIM3
SIM4
1
21
22
SIM5
SIM1
SIM2
SIM3
SIM4
1
21
22
SIM5
SIM1
SIM2
SIM3
SIM4
1
21
22
SIM5
SIM1
SIM2
SIM3
SIM4
1
21
22
SIM5
SIM1
SIM2
SIM3
SIM4
1
21
22
SIM5
SIM1
SIM2
SIM3
SIM4
1
21
22
SIM5
SIM1
SIM2
SIM3
SIM4
1
21
22
SIM5
SIM1
SIM2
SIM3
SIM4
1
21
22
SIM5
SIM1
SIM2
SIM3
SIM4
1
21
22
SIM5
SIM1
SIM2
SIM3
SIM4
1
21
22
SIM5
SIM1
SIM2
SIM3
SIM4
1
21
22
SIM5
SIM1
SIM2
SIM3
SIM4
1
21
22
SIM5
SIM1
SIM2
SIM3
SIM4
1
21
22
SIM5
SIM1
SIM2
SIM3
SIM4
1
21
22
SIM5
SIM1
SIM2
SIM3
SIM4
1
21
22
SIM5
SIM1
SIM2
SIM3
SIM4
1
21
22
SIM5
SIM1
SIM2
SIM3
SIM4
1
21
22
SIM5
SIM1
SIM2
SIM3
SIM4
1
21
22
SIM5
SIM1
SIM2
SIM3
SIM4
1
21
22
SIM5
SIM1
SIM2
SIM3
SIM4
1
21
22
SIM5
SIM1
SIM2
SIM3
SIM4
1
21
22
SIM5
SIM1
SIM2
SIM3
SIM4
1
21
22
SIM5
SIM1
SIM2
SIM3
SIM4
1
21
22
SIM5
SIM1
SIM2
SIM3
SIM4
1
21
22
SIM5
SIM1
SIM2
SIM3
SIM4
1
21
22
SIM5
SIM1
SIM2
SIM3
SIM4
1
21
22
SIM5
SIM1
SIM2
SIM3
SIM4
1
21
22
SIM5
SIM1
SIM2
SIM3
SIM4
1
21
22
SIM5
SIM1
SIM2
SIM3
SIM4
1
21
22
SIM5
SIM1
SIM2
SIM3
SIM4
1
21
22
SIM5
SIM1
SIM2
SIM3
SIM4
1
21
22
SIM5
SIM1
SIM2
SIM3
SIM4
1
21
22
SIM5
SIM1
SIM2
SIM3
SIM4
1
21
22
SIM5
SIM1
SIM2
SIM3
SIM4
1
21
22
SIM5
SIM1
SIM2
SIM3
SIM4
1
21
22
SIM5
SIM1
SIM2
SIM3
SIM4
1
21
22
SIM5
SIM1
SIM2
SIM3
SIM4
1
21
22
SIM5
SIM1
SIM2
SIM3
SIM4
1
21
22
SIM5
SIM1
SIM2
SIM3
SIM4
1
21
22
SIM5
SIM1
SIM2
SIM3
SIM4
1
21
22
SIM5
SIM1
SIM2
DEBUG 1 867
SIM1
SIM2
SIM3
SIM4
1
21
22
SIM5
SIM1
SIM2
SIM3
SIM4
1
21
22
SIM5
SIM1
SIM2
SIM3
SIM4
1
21
22
SIM5
SIM1
SIM2
SIM3
SIM4
1
21
22
SIM5
SIM1
SIM2
SIM3
SIM4
1
21
22
SIM5
SIM1
SIM2
SIM3
SIM4
1
21
22
SIM5
SIM1
SIM2
SIM3
SIM4
1
21
22
SIM5
SIM1
SIM2
SIM3
SIM4
1
21
22
SIM5
SIM1
SIM2
SIM3
SIM4
1
21
22
SIM5
SIM1
SIM2
SIM3
SIM4
1
21
22
SIM5
SIM1
SIM2
SIM3
SIM4
1
21
22
SIM5
SIM1
SIM2
SIM3
SIM4
1
21
22
SIM5
SIM1
SIM2
SIM3
SIM4
1
21
22
SIM5
SIM1
SIM2
SIM3
SIM4
1
21
22
SIM5
SIM1
SIM2
SIM3
SIM4
1
21
22
SIM5
SIM1
SIM2
SIM3
SIM4
1
21
22
SIM5
SIM1
SIM2
SIM3
SIM4
1
21
22
SIM5
SIM1
SIM2
SIM3
SIM4
1
21
22
SIM5
SIM1
SIM2
SIM3
SIM4
1
21
22
SIM5
SIM1
SIM2
SIM3
SIM4
1
21
22
SIM5
SIM1
SIM2
SIM3
SIM4
1
21
22
SIM5
SIM1
SIM2
SIM3
SIM4
1
21
22
SIM5
SIM1
SIM2
SIM3
SIM4
1
21
22
SIM5
SIM1
SIM2
SIM3
SIM4
1
21
22
SIM5
SIM1
SIM2
SIM3
SIM4
1
21
22
SIM5
SIM1
SIM2
SIM3
SIM4
1
21
22
SIM5
SIM1
SIM2
SIM3
SIM4
1
21
22
SIM5
SIM1
SIM2
SIM3
SIM4
1
21
22
SIM5
SIM1
SIM2
SIM3
SIM4
1
21
22
SIM5
SIM1
SIM2
SIM3
SIM4
1
21
22
SIM5
SIM1
SIM2
SIM3
SIM4
1
21
22
SIM5
SIM1
SIM2
SIM3
SIM4
1
21
22
SIM5
SIM1
SIM2
SIM3
SIM4
1
21
22
SIM5
SIM1
SIM2
SIM3
SIM4
1
21
22
SIM5
SIM1
SIM2
SIM3
SIM4
1
21
22
SIM5
SIM1
SIM2
SIM3
SIM4
1
21
22
SIM5
SIM1
SIM2
SIM3
SIM4
1
21
22
SIM5
SIM1
SIM2
SIM3
SIM4
1
21
22
SIM5
SIM1
SIM2
SIM3
SIM4
1
21
22
SIM5
SIM1
SIM2
SIM3
SIM4
1
21
22
SIM5
SIM1
SIM2
SIM3
SIM4
1
21
22
SIM5
SIM1
SIM2
SIM3
SIM4
1
21
22
SIM5
SIM1
SIM2
SIM3
SIM4
1
21
22
SIM5
SIM1
SIM2
SIM3
SIM4
1
21
22
SIM5
SIM1
SIM2
SIM3
SIM4
1
21
22
SIM5
SIM1
SIM2
SIM3
SIM4
1
21
22
SIM5
SIM1
SIM2
SIM3
SIM4
1
21
22
SIM5
SIM1
SIM2
SIM3
SIM4
1
21
22
SIM5
SIM1
SIM2
SIM3
SIM4
1
21
22
SIM5
SIM1
SIM2
SIM3
SIM4
1
21
22
SIM5
SIM1
SIM2
SIM3
SIM4
1
21
22
SIM5
SIM1
SIM2
SIM3
SIM4
1
21
22
SIM5
SIM1
SIM2
SIM3
SIM4
1
21
22
SIM5
SIM1
SIM2
SIM3
SIM4
1
21
22
SIM5
SIM1
SIM2
SIM3
SIM4
1
21
22
SIM5
SIM1
SIM2
SIM3
SIM4
1
21
22
SIM5
SIM1
SIM2
SIM3
SIM4
1
21
22
SIM5
SIM1
SIM2
SIM3
SIM4
1
21
22
SIM5
SIM1
SIM2
SIM3
SIM4
1
21
22
SIM5
SIM1
SIM2
SIM3
SIM4
1
21
22
SIM5
SIM1
SIM2
SIM3
SIM4
1
21
22
SIM5
SIM1
SIM2
SIM3
SIM4
1
21
22
SIM5
SIM1
SIM2
SIM3
SIM4
1
21
22
SIM5
SIM1
SIM2
SIM3
SIM4
1
21
22
SIM5
SIM1
SIM2
SIM3
SIM4
1
21
22
SIM5
SIM1
SIM2
SIM3
SIM4
1
21
22
SIM5
SIM1
SIM2
SIM3
SIM4
1
21
22
SIM5
SIM1
SIM2
SIM3
SIM4
1
21
22
SIM5
SIM1
SIM2
SIM3
SIM4
1
21
22
SIM5
SIM1
SIM2
SIM3
SIM4
1
21
22
SIM5
SIM1
SIM2
SIM3
SIM4
1
21
22
SIM5
SIM1
SIM2
SIM3
SIM4
1
21
22
SIM5
SIM1
SIM2
SIM3
SIM4
1
21
22
SIM5
SIM1
SIM2
SIM3
SIM4
1
21
22
SIM5
SIM1
SIM2
SIM3
SIM4
1
21
22
SIM5
SIM1
SIM2
SIM3
SIM4
1
21
22
SIM5
SIM1
SIM2
SIM3
SIM4
1
21
22
SIM5
SIM1
SIM2
SIM3
SIM4
1
21
22
SIM5
SIM1
SIM2
SIM3
SIM4
1
21
22
SIM5
SIM1
SIM2
SIM3
SIM4
1
21
22
SIM5
SIM1
SIM2
SIM3
SIM4
1
21
22
SIM5
SIM1
SIM2
SIM3
SIM4
1
21
22
SIM5
SIM1
SIM2
SIM3
SIM4
1
21
22
SIM5
SIM1
SIM2
SIM3
SIM4
1
21
22
SIM5
SIM1
SIM2
SIM3
SIM4
1
21
22
SIM5
SIM1
SIM2
SIM3
SIM4
1
21
22
SIM5
SIM1
SIM2
SIM3
SIM4
1
21
22
SIM5
SIM1
SIM2
SIM3
SIM4
1
21
22
SIM5
SIM1
SIM2
SIM3
SIM4
1
21
22
SIM5
SIM1
SIM2
SIM3
SIM4
1
21
22
SIM5
SIM1
SIM2
SIM3
SIM4
1
21
22
SIM5
SIM1
SIM2
SIM3
SIM4
1
21
22
SIM5
SIM1
SIM2
SIM3
SIM4
1
21
22
SIM5
SIM1
SIM2
SIM3
SIM4
1
21
22
SIM5
SIM1
SIM2
SIM3
SIM4
1
21
22
SIM5
SIM1
SIM2
SIM3
SIM4
1
21
22
SIM5
SIM1
SIM2
SIM3
SIM4
1
21
22
SIM5
SIM1
SIM2
SIM3
SIM4
1
21
22
SIM5
SIM1
SIM2
SIM3
SIM4
1
21
22
SIM5
SIM1
SIM2
SIM3
SIM4
1
21
22
SIM5
SIM1
SIM2
SIM3
SIM4
1
21
22
SIM5
SIM1
SIM2
SIM3
SIM4
1
21
22
SIM5
SIM1
SIM2
SIM3
SIM4
1
21
22
SIM5
SIM1
SIM2
SIM3
SIM4
1
21
22
SIM5
SIM1
SIM2
SIM3
SIM4
1
21
22
SIM5
SIM1
SIM2
SIM3
SIM4
1
21
22
SIM5
SIM1
SIM2
SIM3
SIM4
1
21
22
SIM5
SIM1
SIM2
SIM3
SIM4
1
21
22
SIM5
SIM1
SIM2
SIM3
SIM4
1
21
22
SIM5
SIM1
SIM2
SIM3
SIM4
1
21
22
SIM5
SIM1
SIM2
SIM3
SIM4
1
21
22
SIM5
SIM1
SIM2
SIM3
SIM4
1
21
22
SIM5
SIM1
SIM2
SIM3
SIM4
1
21
22
SIM5
SIM1
SIM2
SIM3
SIM4
1
21
22
SIM5
SIM1
SIM2
SIM3
SIM4
1
21
22
SIM5
SIM1
SIM2
SIM3
SIM4
1
21
22
SIM5
SIM1
SIM2
SIM3
SIM4
1
21
22
SIM5
SIM1
SIM2
SIM3
SIM4
1
21
22
SIM5
SIM1
SIM2
SIM3
SIM4
1
21
22
SIM5
SIM1
SIM2
SIM3
SIM4
1
21
22
SIM5
SIM1
SIM2
SIM3
SIM4
1
21
22
SIM5
SIM1
SIM2
SIM3
SIM4
1
21
22
SIM5
SIM1
SIM2
SIM3
SIM4
1
21
22
SIM5
SIM1
SIM2
SIM3
SIM4
1
21
22
SIM5
SIM1
SIM2
SIM3
SIM4
1
21
22
SIM5
SIM1
SIM2
SIM3
SIM4
1
21
22
SIM5
SIM1
SIM2
SIM3
SIM4
1
21
22
SIM5
SIM1
SIM2
SIM3
SIM4
1
21
22
SIM5
SIM1
SIM2
SIM3
SIM4
1
21
22
SIM5
SIM1
SIM2
SIM3
SIM4
1
21
22
SIM5
SIM1
SIM2
SIM3
SIM4
1
21
22
SIM5
SIM1
SIM2
SIM3
SIM4
1
21
22
SIM5
SIM1
SIM2
SIM3
SIM4
1
21
22
SIM5
SIM1
SIM2
SIM3
SIM4
1
21
22
SIM5
SIM1
SIM2
SIM3
SIM4
1
21
22
SIM5
SIM1
SIM2
SIM3
SIM4
1
21
22
SIM5
SIM1
SIM2
SIM3
SIM4
1
21
22
SIM5
SIM1
SIM2
SIM3
SIM4
1
21
22
SIM5
SIM1
SIM2
SIM3
SIM4
1
21
22
SIM5
SIM1
SIM2
SIM3
SIM4
1
21
22
SIM5
SIM1
SIM2
SIM3
SIM4
1
21
22
SIM5
SIM1
SIM2
SIM3
SIM4
1
21
22
SIM5
SIM1
SIM2
SIM3
SIM4
1
21
22
SIM5
SIM1
SIM2
SIM3
SIM4
1
21
22
SIM5
SIM1
SIM2
SIM3
SIM4
1
21
22
SIM5
SIM1
SIM2
SIM3
SIM4
1
21
22
SIM5
SIM1
SIM2
SIM3
SIM4
1
21
22
SIM5
SIM1
SIM2
SIM3
SIM4
1
21
22
SIM5
SIM1
SIM2
SIM3
SIM4
1
21
22
SIM5
SIM1
SIM2
SIM3
SIM4
1
21
22
SIM5
SIM1
SIM2
SIM3
SIM4
1
21
22
SIM5
SIM1
SIM2
SIM3
SIM4
1
21
22
SIM5
SIM1
SIM2
SIM3
SIM4
1
21
22
SIM5
SIM1
SIM2
SIM3
SIM4
1
21
22
SIM5
SIM1
SIM2
SIM3
SIM4
1
21
22
SIM5
SIM1
SIM2
SIM3
SIM4
1
21
22
SIM5
SIM1
SIM2
SIM3
SIM4
1
21
22
SIM5
SIM1
SIM2
SIM3
SIM4
1
21
22
SIM5
SIM1
SIM2
SIM3
SIM4
1
21
22
SIM5
SIM1
SIM2
SIM3
SIM4
1
21
22
SIM5
SIM1
SIM2
SIM3
SIM4
1
21
22
SIM5
SIM1
SIM2
SIM3
SIM4
1
21
22
SIM5
SIM1
SIM2
SIM3
SIM4
1
21
22
SIM5
SIM1
SIM2
SIM3
SIM4
1
21
22
SIM5
SIM1
SIM2
SIM3
SIM4
1
21
22
SIM5
SIM1
SIM2
SIM3
SIM4
1
21
22
SIM5
SIM1
SIM2
SIM3
SIM4
1
21
22
SIM5
SIM1
SIM2
SIM3
SIM4
1
21
22
SIM5
SIM1
SIM2
SIM3
SIM4
1
21
22
SIM5
SIM1
SIM2
SIM3
SIM4
1
21
22
SIM5
SIM1
SIM2
SIM3
SIM4
1
21
22
SIM5
SIM1
SIM2
SIM3
SIM4
1
21
22
SIM5
SIM1
SIM2
SIM3
SIM4
1
21
22
SIM5
SIM1
SIM2
SIM3
SIM4
1
21
22
SIM5
SIM1
SIM2
SIM3
SIM4
1
21
22
SIM5
SIM1
SIM2
SIM3
SIM4
1
21
22
SIM5
SIM1
SIM2
SIM3
SIM4
1
21
22
SIM5
SIM1
SIM2
SIM3
SIM4
1
21
22
SIM5
SIM1
SIM2
SIM3
SIM4
1
21
22
SIM5
SIM1
SIM2
SIM3
SIM4
1
21
22
SIM5
SIM1
SIM2
SIM3
SIM4
1
21
22
SIM5
SIM1
SIM2
SIM3
SIM4
1
21
22
SIM5
SIM1
SIM2
SIM3
SIM4
1
21
22
SIM5
SIM1
SIM2
SIM3
SIM4
1
21
22
SIM5
SIM1
SIM2
SIM3
SIM4
1
21
22
SIM5
SIM1
SIM2
SIM3
SIM4
1
21
22
SIM5
SIM1
SIM2
SIM3
SIM4
1
21
22
SIM5
SIM1
SIM2
SIM3
SIM4
1
21
22
SIM5
SIM1
SIM2
SIM3
SIM4
1
21
22
SIM5
SIM1
SIM2
SIM3
SIM4
1
21
22
SIM5
SIM1
SIM2
SIM3
SIM4
1
21
22
SIM5
SIM1
SIM2
SIM3
SIM4
1
21
22
SIM5
SIM1
SIM2
SIM3
SIM4
1
21
22
SIM5
SIM1
SIM2
SIM3
SIM4
1
21
22
SIM5
SIM1
SIM2
SIM3
SIM4
1
21
22
SIM5
SIM1
SIM2
SIM3
SIM4
1
21
22
SIM5
SIM1
SIM2
SIM3
SIM4
1
21
22
SIM5
SIM1
SIM2
SIM3
SIM4
1
21
22
SIM5
SIM1
SIM2
SIM3
SIM4
1
21
22
SIM5
SIM1
SIM2
SIM3
SIM4
1
21
22
SIM5
SIM1
SIM2
SIM3
SIM4
1
21
22
SIM5
SIM1
SIM2
SIM3
SIM4
1
21
22
SIM5
SIM1
SIM2
SIM3
SIM4
1
21
22
SIM5
SIM1
SIM2
SIM3
SIM4
1
21
22
SIM5
SIM1
SIM2
SIM3
SIM4
1
21
22
SIM5
SIM1
SIM2
SIM3
SIM4
1
21
22
SIM5
SIM1
SIM2
SIM3
SIM4
1
21
22
SIM5
SIM1
SIM2
SIM3
SIM4
1
21
22
SIM5
SIM1
SIM2
SIM3
SIM4
1
21
22
SIM5
SIM1
SIM2
SIM3
SIM4
1
21
22
SIM5
SIM1
SIM2
SIM3
SIM4
1
21
22
SIM5
SIM1
SIM2
SIM3
SIM4
1
21
22
SIM5
SIM1
SIM2
SIM3
SIM4
1
21
22
SIM5
SIM1
SIM2
SIM3
SIM4
1
21
22
SIM5
SIM1
SIM2
SIM3
SIM4
1
21
22
SIM5
SIM1
SIM2
SIM3
SIM4
1
21
22
SIM5
SIM1
SIM2
SIM3
SIM4
1
21
22
SIM5
SIM1
SIM2
SIM3
SIM4
1
21
22
SIM5
SIM1
SIM2
SIM3
SIM4
1
21
22
SIM5
SIM1
SIM2
SIM3
SIM4
1
21
22
SIM5
SIM1
SIM2
SIM3
SIM4
1
21
22
SIM5
SIM1
SIM2
SIM3
SIM4
1
21
22
SIM5
SIM1
SIM2
SIM3
SIM4
1
21
22
SIM5
SIM1
SIM2
SIM3
SIM4
1
21
22
SIM5
SIM1
SIM2
SIM3
SIM4
1
21
22
SIM5
SIM1
SIM2
SIM3
SIM4
1
21
22
SIM5
SIM1
SIM2
SIM3
SIM4
1
21
22
SIM5
SIM1
SIM2
SIM3
SIM4
1
21
22
SIM5
SIM1
SIM2
SIM3
SIM4
1
21
22
SIM5
SIM1
SIM2
SIM3
SIM4
1
21
22
SIM5
SIM1
SIM2
SIM3
SIM4
1
21
22
SIM5
SIM1
SIM2
SIM3
SIM4
1
21
22
SIM5
SIM1
SIM2
SIM3
SIM4
1
21
22
SIM5
SIM1
SIM2
SIM3
SIM4
1
21
22
SIM5
SIM1
SIM2
SIM3
SIM4
1
21
22
SIM5
SIM1
SIM2
SIM3
SIM4
1
21
22
SIM5
SIM1
SIM2
SIM3
SIM4
1
21
22
SIM5
SIM1
SIM2
SIM3
SIM4
1
21
22
SIM5
SIM1
SIM2
SIM3
SIM4
1
21
22
SIM5
SIM1
SIM2
SIM3
SIM4
1
21
22
SIM5
SIM1
SIM2
SIM3
SIM4
1
21
22
SIM5
SIM1
SIM2
SIM3
SIM4
1
21
22
SIM5
SIM1
SIM2
SIM3
SIM4
1
21
22
SIM5
SIM1
SIM2
SIM3
SIM4
1
21
22
SIM5
SIM1
SIM2
SIM3
SIM4
1
21
22
SIM5
SIM1
SIM2
SIM3
SIM4
1
21
22
SIM5
SIM1
SIM2
SIM3
SIM4
1
21
22
SIM5
SIM1
SIM2
SIM3
SIM4
1
21
22
SIM5
SIM1
SIM2
SIM3
SIM4
1
21
22
SIM5
SIM1
SIM2
SIM3
SIM4
1
21
22
SIM5
SIM1
SIM2
SIM3
SIM4
1
21
22
SIM5
SIM1
SIM2
SIM3
SIM4
1
21
22
SIM5
SIM1
SIM2
SIM3
SIM4
1
21
22
SIM5
SIM1
SIM2
SIM3
SIM4
1
21
22
SIM5
SIM1
SIM2
SIM3
SIM4
1
21
22
SIM5
SIM1
SIM2
SIM3
SIM4
1
21
22
SIM5
SIM1
SIM2
SIM3
SIM4
1
21
22
SIM5
SIM1
SIM2
SIM3
SIM4
1
21
22
SIM5
SIM1
SIM2
DEBUG 1 868
SIM1
SIM2
SIM3
SIM4
1
21
22
SIM5
SIM1
SIM2
SIM3
SIM4
1
21
22
SIM5
SIM1
SIM2
SIM3
SIM4
1
21
22
SIM5
SIM1
SIM2
SIM3
SIM4
1
21
22
SIM5
SIM1
SIM2
SIM3
SIM4
1
21
22
SIM5
SIM1
SIM2
SIM3
SIM4
1
21
22
SIM5
SIM1
SIM2
SIM3
SIM4
1
21
22
SIM5
SIM1
SIM2
SIM3
SIM4
1
21
22
SIM5
SIM1
SIM2
SIM3
SIM4
1
21
22
SIM5
SIM1
SIM2
SIM3
SIM4
1
21
22
SIM5
SIM1
SIM2
SIM3
SIM4
1
21
22
SIM5
SIM1
SIM2
SIM3
SIM4
1
21
22
SIM5
SIM1
SIM2
SIM3
SIM4
1
21
22
SIM5
SIM1
SIM2
SIM3
SIM4
1
21
22
SIM5
SIM1
SIM2
SIM3
SIM4
1
21
22
SIM5
SIM1
SIM2
SIM3
SIM4
1
21
22
SIM5
SIM1
SIM2
SIM3
SIM4
1
21
22
SIM5
SIM1
SIM2
SIM3
SIM4
1
21
22
SIM5
SIM1
SIM2
SIM3
SIM4
1
21
22
SIM5
SIM1
SIM2
SIM3
SIM4
1
21
22
SIM5
SIM1
SIM2
SIM3
SIM4
1
21
22
SIM5
SIM1
SIM2
SIM3
SIM4
1
21
22
SIM5
SIM1
SIM2
SIM3
SIM4
1
21
22
SIM5
SIM1
SIM2
SIM3
SIM4
1
21
22
SIM5
SIM1
SIM2
SIM3
SIM4
1
21
22
SIM5
SIM1
SIM2
SIM3
SIM4
1
21
22
SIM5
SIM1
SIM2
SIM3
SIM4
1
21
22
SIM5
SIM1
SIM2
SIM3
SIM4
1
21
22
SIM5
SIM1
SIM2
SIM3
SIM4
1
21
22
SIM5
SIM1
SIM2
SIM3
SIM4
1
21
22
SIM5
SIM1
SIM2
SIM3
SIM4
1
21
22
SIM5
SIM1
SIM2
SIM3
SIM4
1
21
22
SIM5
SIM1
SIM2
SIM3
SIM4
1
21
22
SIM5
SIM1
SIM2
SIM3
SIM4
1
21
22
SIM5
SIM1
SIM2
SIM3
SIM4
1
21
22
SIM5
SIM1
SIM2
SIM3
SIM4
1
21
22
SIM5
SIM1
SIM2
SIM3
SIM4
1
21
22
SIM5
SIM1
SIM2
SIM3
SIM4
1
21
22
SIM5
SIM1
SIM2
SIM3
SIM4
1
21
22
SIM5
SIM1
SIM2
SIM3
SIM4
1
21
22
SIM5
SIM1
SIM2
SIM3
SIM4
1
21
22
SIM5
SIM1
SIM2
SIM3
SIM4
1
21
22
SIM5
SIM1
SIM2
SIM3
SIM4
1
21
22
SIM5
SIM1
SIM2
SIM3
SIM4
1
21
22
SIM5
SIM1
SIM2
SIM3
SIM4
1
21
22
SIM5
SIM1
SIM2
SIM3
SIM4
1
21
22
SIM5
SIM1
SIM2
SIM3
SIM4
1
21
22
SIM5
SIM1
SIM2
SIM3
SIM4
1
21
22
SIM5
SIM1
SIM2
SIM3
SIM4
1
21
22
SIM5
SIM1
SIM2
SIM3
SIM4
1
21
22
SIM5
SIM1
SIM2
SIM3
SIM4
1
21
22
SIM5
SIM1
SIM2
SIM3
SIM4
1
21
22
SIM5
SIM1
SIM2
SIM3
SIM4
1
21
22
SIM5
SIM1
SIM2
SIM3
SIM4
1
21
22
SIM5
SIM1
SIM2
SIM3
SIM4
1
21
22
SIM5
SIM1
SIM2
SIM3
SIM4
1
21
22
SIM5
SIM1
SIM2
SIM3
SIM4
1
21
22
SIM5
SIM1
SIM2
SIM3
SIM4
1
21
22
SIM5
SIM1
SIM2
SIM3
SIM4
1
21
22
SIM5
SIM1
SIM2
SIM3
SIM4
1
21
22
SIM5
SIM1
SIM2
SIM3
SIM4
1
21
22
SIM5
SIM1
SIM2
SIM3
SIM4
1
21
22
SIM5
SIM1
SIM2
SIM3
SIM4
1
21
22
SIM5
SIM1
SIM2
SIM3
SIM4
1
21
22
SIM5
SIM1
SIM2
SIM3
SIM4
1
21
22
SIM5
SIM1
SIM2
SIM3
SIM4
1
21
22
SIM5
SIM1
SIM2
SIM3
SIM4
1
21
22
SIM5
SIM1
SIM2
SIM3
SIM4
1
21
22
SIM5
SIM1
SIM2
SIM3
SIM4
1
21
22
SIM5
SIM1
SIM2
SIM3
SIM4
1
21
22
SIM5
SIM1
SIM2
SIM3
SIM4
1
21
22
SIM5
SIM1
SIM2
SIM3
SIM4
1
21
22
SIM5
SIM1
SIM2
SIM3
SIM4
1
21
22
SIM5
SIM1
SIM2
SIM3
SIM4
1
21
22
SIM5
SIM1
SIM2
SIM3
SIM4
1
21
22
SIM5
SIM1
SIM2
SIM3
SIM4
1
21
22
SIM5
SIM1
SIM2
SIM3
SIM4
1
21
22
SIM5
SIM1
SIM2
SIM3
SIM4
1
21
22
SIM5
SIM1
SIM2
SIM3
SIM4
1
21
22
SIM5
SIM1
SIM2
SIM3
SIM4
1
21
22
SIM5
SIM1
SIM2
SIM3
SIM4
1
21
22
SIM5
SIM1
SIM2
SIM3
SIM4
1
21
22
SIM5
SIM1
SIM2
SIM3
SIM4
1
21
22
SIM5
SIM1
SIM2
SIM3
SIM4
1
21
22
SIM5
SIM1
SIM2
SIM3
SIM4
1
21
22
SIM5
SIM1
SIM2
SIM3
SIM4
1
21
22
SIM5
SIM1
SIM2
SIM3
SIM4
1
21
22
SIM5
SIM1
SIM2
SIM3
SIM4
1
21
22
SIM5
SIM1
SIM2
SIM3
SIM4
1
21
22
SIM5
SIM1
SIM2
SIM3
SIM4
1
21
22
SIM5
SIM1
SIM2
SIM3
SIM4
1
21
22
SIM5
SIM1
SIM2
SIM3
SIM4
1
21
22
SIM5
SIM1
SIM2
SIM3
SIM4
1
21
22
SIM5
SIM1
SIM2
SIM3
SIM4
1
21
22
SIM5
SIM1
SIM2
SIM3
SIM4
1
21
22
SIM5
SIM1
SIM2
SIM3
SIM4
1
21
22
SIM5
SIM1
SIM2
SIM3
SIM4
1
21
22
SIM5
SIM1
SIM2
SIM3
SIM4
1
21
22
SIM5
SIM1
SIM2
SIM3
SIM4
1
21
22
SIM5
SIM1
SIM2
SIM3
SIM4
1
21
22
SIM5
SIM1
SIM2
SIM3
SIM4
1
21
22
SIM5
SIM1
SIM2
SIM3
SIM4
1
21
22
SIM5
SIM1
SIM2
SIM3
SIM4
1
21
22
SIM5
SIM1
SIM2
SIM3
SIM4
1
21
22
SIM5
SIM1
SIM2
SIM3
SIM4
1
21
22
SIM5
SIM1
SIM2
SIM3
SIM4
1
21
22
SIM5
SIM1
SIM2
SIM3
SIM4
1
21
22
SIM5
SIM1
SIM2
SIM3
SIM4
1
21
22
SIM5
SIM1
SIM2
SIM3
SIM4
1
21
22
SIM5
SIM1
SIM2
SIM3
SIM4
1
21
22
SIM5
SIM1
SIM2
SIM3
SIM4
1
21
22
SIM5
SIM1
SIM2
SIM3
SIM4
1
21
22
SIM5
SIM1
SIM2
SIM3
SIM4
1
21
22
SIM5
SIM1
SIM2
SIM3
SIM4
1
21
22
SIM5
SIM1
SIM2
SIM3
SIM4
1
21
22
SIM5
SIM1
SIM2
SIM3
SIM4
1
21
22
SIM5
SIM1
SIM2
SIM3
SIM4
1
21
22
SIM5
SIM1
SIM2
SIM3
SIM4
1
21
22
SIM5
SIM1
SIM2
SIM3
SIM4
1
21
22
SIM5
SIM1
SIM2
SIM3
SIM4
1
21
22
SIM5
SIM1
SIM2
SIM3
SIM4
1
21
22
SIM5
SIM1
SIM2
SIM3
SIM4
1
21
22
SIM5
SIM1
SIM2
SIM3
SIM4
1
21
22
SIM5
SIM1
SIM2
SIM3
SIM4
1
21
22
SIM5
SIM1
SIM2
SIM3
SIM4
1
21
22
SIM5
SIM1
SIM2
SIM3
SIM4
1
21
22
SIM5
SIM1
SIM2
SIM3
SIM4
1
21
22
SIM5
SIM1
SIM2
SIM3
SIM4
1
21
22
SIM5
SIM1
SIM2
SIM3
SIM4
1
21
22
SIM5
SIM1
SIM2
SIM3
SIM4
1
21
22
SIM5
SIM1
SIM2
SIM3
SIM4
1
21
22
SIM5
SIM1
SIM2
SIM3
SIM4
1
21
22
SIM5
SIM1
SIM2
SIM3
SIM4
1
21
22
SIM5
SIM1
SIM2
SIM3
SIM4
1
21
22
SIM5
SIM1
SIM2
SIM3
SIM4
1
21
22
SIM5
SIM1
SIM2
SIM3
SIM4
1
21
22
SIM5
SIM1
SIM2
SIM3
SIM4
1
21
22
SIM5
SIM1
SIM2
SIM3
SIM4
1
21
22
SIM5
SIM1
SIM2
SIM3
SIM4
1
21
22
SIM5
SIM1
SIM2
SIM3
SIM4
1
21
22
SIM5
SIM1
SIM2
SIM3
SIM4
1
21
22
SIM5
SIM1
SIM2
SIM3
SIM4
1
21
22
SIM5
SIM1
SIM2
SIM3
SIM4
1
21
22
SIM5
SIM1
SIM2
SIM3
SIM4
1
21
22
SIM5
SIM1
SIM2
SIM3
SIM4
1
21
22
SIM5
SIM1
SIM2
SIM3
SIM4
1
21
22
SIM5
SIM1
SIM2
SIM3
SIM4
1
21
22
SIM5
SIM1
SIM2
SIM3
SIM4
1
21
22
SIM5
SIM1
SIM2
SIM3
SIM4
1
21
22
SIM5
SIM1
SIM2
SIM3
SIM4
1
21
22
SIM5
SIM1
SIM2
SIM3
SIM4
1
21
22
SIM5
SIM1
SIM2
SIM3
SIM4
1
21
22
SIM5
SIM1
SIM2
SIM3
SIM4
1
21
22
SIM5
SIM1
SIM2
SIM3
SIM4
1
21
22
SIM5
SIM1
SIM2
SIM3
SIM4
1
21
22
SIM5
SIM1
SIM2
SIM3
SIM4
1
21
22
SIM5
SIM1
SIM2
SIM3
SIM4
1
21
22
SIM5
SIM1
SIM2
SIM3
SIM4
1
21
22
SIM5
SIM1
SIM2
SIM3
SIM4
1
21
22
SIM5
SIM1
SIM2
SIM3
SIM4
1
21
22
SIM5
SIM1
SIM2
SIM3
SIM4
1
21
22
SIM5
SIM1
SIM2
SIM3
SIM4
1
21
22
SIM5
SIM1
SIM2
SIM3
SIM4
1
21
22
SIM5
SIM1
SIM2
SIM3
SIM4
1
21
22
SIM5
SIM1
SIM2
SIM3
SIM4
1
21
22
SIM5
SIM1
SIM2
SIM3
SIM4
1
21
22
SIM5
SIM1
SIM2
SIM3
SIM4
1
21
22
SIM5
SIM1
SIM2
SIM3
SIM4
1
21
22
SIM5
SIM1
SIM2
SIM3
SIM4
1
21
22
SIM5
SIM1
SIM2
SIM3
SIM4
1
21
22
SIM5
SIM1
SIM2
SIM3
SIM4
1
21
22
SIM5
SIM1
SIM2
SIM3
SIM4
1
21
22
SIM5
SIM1
SIM2
SIM3
SIM4
1
21
22
SIM5
SIM1
SIM2
SIM3
SIM4
1
21
22
SIM5
SIM1
SIM2
SIM3
SIM4
1
21
22
SIM5
SIM1
SIM2
SIM3
SIM4
1
21
22
SIM5
SIM1
SIM2
SIM3
SIM4
1
21
22
SIM5
SIM1
SIM2
SIM3
SIM4
1
21
22
SIM5
SIM1
SIM2
SIM3
SIM4
1
21
22
SIM5
SIM1
SIM2
SIM3
SIM4
1
21
22
SIM5
SIM1
SIM2
SIM3
SIM4
1
21
22
SIM5
SIM1
SIM2
SIM3
SIM4
1
21
22
SIM5
SIM1
SIM2
SIM3
SIM4
1
21
22
SIM5
SIM1
SIM2
SIM3
SIM4
1
21
22
SIM5
SIM1
SIM2
SIM3
SIM4
1
21
22
SIM5
SIM1
SIM2
SIM3
SIM4
1
21
22
SIM5
SIM1
SIM2
SIM3
SIM4
1
21
22
SIM5
SIM1
SIM2
SIM3
SIM4
1
21
22
SIM5
SIM1
SIM2
SIM3
SIM4
1
21
22
SIM5
SIM1
SIM2
SIM3
SIM4
1
21
22
SIM5
SIM1
SIM2
SIM3
SIM4
1
21
22
SIM5
SIM1
SIM2
DEBUG 1 869
SIM1
SIM2
SIM3
SIM4
1
21
22
SIM5
SIM1
SIM2
SIM3
SIM4
1
21
22
SIM5
SIM1
SIM2
SIM3
SIM4
1
21
22
SIM5
SIM1
SIM2
SIM3
SIM4
1
21
22
SIM5
SIM1
SIM2
SIM3
SIM4
1
21
22
SIM5
SIM1
SIM2
SIM3
SIM4
1
21
22
SIM5
SIM1
SIM2
SIM3
SIM4
1
21
22
SIM5
SIM1
SIM2
SIM3
SIM4
1
21
22
SIM5
SIM1
SIM2
SIM3
SIM4
1
21
22
SIM5
SIM1
SIM2
SIM3
SIM4
1
21
22
SIM5
SIM1
SIM2
SIM3
SIM4
1
21
22
SIM5
SIM1
SIM2
SIM3
SIM4
1
21
22
SIM5
SIM1
SIM2
SIM3
SIM4
1
21
22
SIM5
SIM1
SIM2
SIM3
SIM4
1
21
22
SIM5
SIM1
SIM2
SIM3
SIM4
1
21
22
SIM5
SIM1
SIM2
SIM3
SIM4
1
21
22
SIM5
SIM1
SIM2
SIM3
SIM4
1
21
22
SIM5
SIM1
SIM2
SIM3
SIM4
1
21
22
SIM5
SIM1
SIM2
SIM3
SIM4
1
21
22
SIM5
SIM1
SIM2
SIM3
SIM4
1
21
22
SIM5
SIM1
SIM2
SIM3
SIM4
1
21
22
SIM5
SIM1
SIM2
SIM3
SIM4
1
21
22
SIM5
SIM1
SIM2
SIM3
SIM4
1
21
22
SIM5
SIM1
SIM2
SIM3
SIM4
1
21
22
SIM5
SIM1
SIM2
SIM3
SIM4
1
21
22
SIM5
SIM1
SIM2
SIM3
SIM4
1
21
22
SIM5
SIM1
SIM2
SIM3
SIM4
1
21
22
SIM5
SIM1
SIM2
SIM3
SIM4
1
21
22
SIM5
SIM1
SIM2
SIM3
SIM4
1
21
22
SIM5
SIM1
SIM2
SIM3
SIM4
1
21
22
SIM5
SIM1
SIM2
SIM3
SIM4
1
21
22
SIM5
SIM1
SIM2
SIM3
SIM4
1
21
22
SIM5
SIM1
SIM2
SIM3
SIM4
1
21
22
SIM5
SIM1
SIM2
SIM3
SIM4
1
21
22
SIM5
SIM1
SIM2
SIM3
SIM4
1
21
22
SIM5
SIM1
SIM2
SIM3
SIM4
1
21
22
SIM5
SIM1
SIM2
SIM3
SIM4
1
21
22
SIM5
SIM1
SIM2
SIM3
SIM4
1
21
22
SIM5
SIM1
SIM2
SIM3
SIM4
1
21
22
SIM5
SIM1
SIM2
SIM3
SIM4
1
21
22
SIM5
SIM1
SIM2
SIM3
SIM4
1
21
22
SIM5
SIM1
SIM2
SIM3
SIM4
1
21
22
SIM5
SIM1
SIM2
SIM3
SIM4
1
21
22
SIM5
SIM1
SIM2
SIM3
SIM4
1
21
22
SIM5
SIM1
SIM2
SIM3
SIM4
1
21
22
SIM5
SIM1
SIM2
SIM3
SIM4
1
21
22
SIM5
SIM1
SIM2
SIM3
SIM4
1
21
22
SIM5
SIM1
SIM2
SIM3
SIM4
1
21
22
SIM5
SIM1
SIM2
SIM3
SIM4
1
21
22
SIM5
SIM1
SIM2
SIM3
SIM4
1
21
22
SIM5
SIM1
SIM2
SIM3
SIM4
1
21
22
SIM5
SIM1
SIM2
SIM3
SIM4
1
21
22
SIM5
SIM1
SIM2
SIM3
SIM4
1
21
22
SIM5
SIM1
SIM2
SIM3
SIM4
1
21
22
SIM5
SIM1
SIM2
SIM3
SIM4
1
21
22
SIM5
SIM1
SIM2
SIM3
SIM4
1
21
22
SIM5
SIM1
SIM2
SIM3
SIM4
1
21
22
SIM5
SIM1
SIM2
SIM3
SIM4
1
21
22
SIM5
SIM1
SIM2
SIM3
SIM4
1
21
22
SIM5
SIM1
SIM2
SIM3
SIM4
1
21
22
SIM5
SIM1
SIM2
SIM3
SIM4
1
21
22
SIM5
SIM1
SIM2
SIM3
SIM4
1
21
22
SIM5
SIM1
SIM2
SIM3
SIM4
1
21
22
SIM5
SIM1
SIM2
SIM3
SIM4
1
21
22
SIM5
SIM1
SIM2
SIM3
SIM4
1
21
22
SIM5
SIM1
SIM2
SIM3
SIM4
1
21
22
SIM5
SIM1
SIM2
SIM3
SIM4
1
21
22
SIM5
SIM1
SIM2
SIM3
SIM4
1
21
22
SIM5
SIM1
SIM2
SIM3
SIM4
1
21
22
SIM5
SIM1
SIM2
SIM3
SIM4
1
21
22
SIM5
SIM1
SIM2
SIM3
SIM4
1
21
22
SIM5
SIM1
SIM2
SIM3
SIM4
1
21
22
SIM5
SIM1
SIM2
SIM3
SIM4
1
21
22
SIM5
SIM1
SIM2
SIM3
SIM4
1
21
22
SIM5
SIM1
SIM2
SIM3
SIM4
1
21
22
SIM5
SIM1
SIM2
SIM3
SIM4
1
21
22
SIM5
SIM1
SIM2
SIM3
SIM4
1
21
22
SIM5
SIM1
SIM2
SIM3
SIM4
1
21
22
SIM5
SIM1
SIM2
SIM3
SIM4
1
21
22
SIM5
SIM1
SIM2
SIM3
SIM4
1
21
22
SIM5
SIM1
SIM2
SIM3
SIM4
1
21
22
SIM5
SIM1
SIM2
SIM3
SIM4
1
21
22
SIM5
SIM1
SIM2
SIM3
SIM4
1
21
22
SIM5
SIM1
SIM2
SIM3
SIM4
1
21
22
SIM5
SIM1
SIM2
SIM3
SIM4
1
21
22
SIM5
SIM1
SIM2
SIM3
SIM4
1
21
22
SIM5
SIM1
SIM2
SIM3
SIM4
1
21
22
SIM5
SIM1
SIM2
SIM3
SIM4
1
21
22
SIM5
SIM1
SIM2
SIM3
SIM4
1
21
22
SIM5
SIM1
SIM2
SIM3
SIM4
1
21
22
SIM5
SIM1
SIM2
SIM3
SIM4
1
21
22
SIM5
SIM1
SIM2
SIM3
SIM4
1
21
22
SIM5
SIM1
SIM2
SIM3
SIM4
1
21
22
SIM5
SIM1
SIM2
SIM3
SIM4
1
21
22
SIM5
SIM1
SIM2
SIM3
SIM4
1
21
22
SIM5
SIM1
SIM2
SIM3
SIM4
1
21
22
SIM5
SIM1
SIM2
SIM3
SIM4
1
21
22
SIM5
SIM1
SIM2
SIM3
SIM4
1
21
22
SIM5
SIM1
SIM2
SIM3
SIM4
1
21
22
SIM5
SIM1
SIM2
SIM3
SIM4
1
21
22
SIM5
SIM1
SIM2
DEBUG 1 870
SIM1
SIM2
SIM3
SIM4
1
21
22
SIM5
SIM1
SIM2
SIM3
SIM4
1
21
22
SIM5
SIM1
SIM2
SIM3
SIM4
1
21
22
SIM5
SIM1
SIM2
SIM3
SIM4
1
21
22
SIM5
SIM1
SIM2
SIM3
SIM4
1
21
22
SIM5
SIM1
SIM2
SIM3
SIM4
1
21
22
SIM5
SIM1
SIM2
SIM3
SIM4
1
21
22
SIM5
SIM1
SIM2
SIM3
SIM4
1
21
22
SIM5
SIM1
SIM2
SIM3
SIM4
1
21
22
SIM5
SIM1
SIM2
SIM3
SIM4
1
21
22
SIM5
SIM1
SIM2
SIM3
SIM4
1
21
22
SIM5
SIM1
SIM2
SIM3
SIM4
1
21
22
SIM5
SIM1
SIM2
SIM3
SIM4
1
21
22
SIM5
SIM1
SIM2
SIM3
SIM4
1
21
22
SIM5
SIM1
SIM2
SIM3
SIM4
1
21
22
SIM5
SIM1
SIM2
SIM3
SIM4
1
21
22
SIM5
SIM1
SIM2
SIM3
SIM4
1
21
22
SIM5
SIM1
SIM2
SIM3
SIM4
1
21
22
SIM5
SIM1
SIM2
SIM3
SIM4
1
21
22
SIM5
SIM1
SIM2
SIM3
SIM4
1
21
22
SIM5
SIM1
SIM2
SIM3
SIM4
1
21
22
SIM5
SIM1
SIM2
SIM3
SIM4
1
21
22
SIM5
SIM1
SIM2
SIM3
SIM4
1
21
22
SIM5
SIM1
SIM2
SIM3
SIM4
1
21
22
SIM5
SIM1
SIM2
SIM3
SIM4
1
21
22
SIM5
SIM1
SIM2
SIM3
SIM4
1
21
22
SIM5
SIM1
SIM2
SIM3
SIM4
1
21
22
SIM5
SIM1
SIM2
SIM3
SIM4
1
21
22
SIM5
SIM1
SIM2
SIM3
SIM4
1
21
22
SIM5
SIM1
SIM2
SIM3
SIM4
1
21
22
SIM5
SIM1
SIM2
SIM3
SIM4
1
21
22
SIM5
SIM1
SIM2
SIM3
SIM4
1
21
22
SIM5
SIM1
SIM2
SIM3
SIM4
1
21
22
SIM5
SIM1
SIM2
SIM3
SIM4
1
21
22
SIM5
SIM1
SIM2
SIM3
SIM4
1
21
22
SIM5
SIM1
SIM2
SIM3
SIM4
1
21
22
SIM5
SIM1
SIM2
SIM3
SIM4
1
21
22
SIM5
SIM1
SIM2
SIM3
SIM4
1
21
22
SIM5
SIM1
SIM2
SIM3
SIM4
1
21
22
SIM5
SIM1
SIM2
SIM3
SIM4
1
21
22
SIM5
SIM1
SIM2
SIM3
SIM4
1
21
22
SIM5
SIM1
SIM2
SIM3
SIM4
1
21
22
SIM5
SIM1
SIM2
SIM3
SIM4
1
21
22
SIM5
SIM1
SIM2
SIM3
SIM4
1
21
22
SIM5
SIM1
SIM2
SIM3
SIM4
1
21
22
SIM5
SIM1
SIM2
SIM3
SIM4
1
21
22
SIM5
SIM1
SIM2
SIM3
SIM4
1
21
22
SIM5
SIM1
SIM2
SIM3
SIM4
1
21
22
SIM5
SIM1
SIM2
SIM3
SIM4
1
21
22
SIM5
SIM1
SIM2
SIM3
SIM4
1
21
22
SIM5
SIM1
SIM2
SIM3
SIM4
1
21
22
SIM5
SIM1
SIM2
SIM3
SIM4
1
21
22
SIM5
SIM1
SIM2
SIM3
SIM4
1
21
22
SIM5
SIM1
SIM2
SIM3
SIM4
1
21
22
SIM5
SIM1
SIM2
SIM3
SIM4
1
21
22
SIM5
SIM1
SIM2
SIM3
SIM4
1
21
22
SIM5
SIM1
SIM2
SIM3
SIM4
1
21
22
SIM5
SIM1
SIM2
SIM3
SIM4
1
21
22
SIM5
SIM1
SIM2
SIM3
SIM4
1
21
22
SIM5
SIM1
SIM2
SIM3
SIM4
1
21
22
SIM5
SIM1
SIM2
SIM3
SIM4
1
21
22
SIM5
SIM1
SIM2
SIM3
SIM4
1
21
22
SIM5
SIM1
SIM2
SIM3
SIM4
1
21
22
SIM5
SIM1
SIM2
SIM3
SIM4
1
21
22
SIM5
SIM1
SIM2
SIM3
SIM4
1
21
22
SIM5
SIM1
SIM2
SIM3
SIM4
1
21
22
SIM5
SIM1
SIM2
SIM3
SIM4
1
21
22
SIM5
SIM1
SIM2
SIM3
SIM4
1
21
22
SIM5
SIM1
SIM2
SIM3
SIM4
1
21
22
SIM5
SIM1
SIM2
SIM3
SIM4
1
21
22
SIM5
SIM1
SIM2
SIM3
SIM4
1
21
22
SIM5
SIM1
SIM2
SIM3
SIM4
1
21
22
SIM5
SIM1
SIM2
SIM3
SIM4
1
21
22
SIM5
SIM1
SIM2
SIM3
SIM4
1
21
22
SIM5
SIM1
SIM2
SIM3
SIM4
1
21
22
SIM5
SIM1
SIM2
SIM3
SIM4
1
21
22
SIM5
SIM1
SIM2
SIM3
SIM4
1
21
22
SIM5
SIM1
SIM2
SIM3
SIM4
1
21
22
SIM5
SIM1
SIM2
SIM3
SIM4
1
21
22
SIM5
SIM1
SIM2
SIM3
SIM4
1
21
22
SIM5
SIM1
SIM2
SIM3
SIM4
1
21
22
SIM5
SIM1
SIM2
SIM3
SIM4
1
21
22
SIM5
SIM1
SIM2
SIM3
SIM4
1
21
22
SIM5
SIM1
SIM2
SIM3
SIM4
1
21
22
SIM5
SIM1
SIM2
SIM3
SIM4
1
21
22
SIM5
SIM1
SIM2
SIM3
SIM4
1
21
22
SIM5
SIM1
SIM2
SIM3
SIM4
1
21
22
SIM5
SIM1
SIM2
SIM3
SIM4
1
21
22
SIM5
SIM1
SIM2
SIM3
SIM4
1
21
22
SIM5
SIM1
SIM2
SIM3
SIM4
1
21
22
SIM5
SIM1
SIM2
SIM3
SIM4
1
21
22
SIM5
SIM1
SIM2
SIM3
SIM4
1
21
22
SIM5
SIM1
SIM2
SIM3
SIM4
1
21
22
SIM5
SIM1
SIM2
SIM3
SIM4
1
21
22
SIM5
SIM1
SIM2
SIM3
SIM4
1
21
22
SIM5
SIM1
SIM2
SIM3
SIM4
1
21
22
SIM5
SIM1
SIM2
SIM3
SIM4
1
21
22
SIM5
SIM1
SIM2
SIM3
SIM4
1
21
22
SIM5
SIM1
SIM2
SIM3
SIM4
1
21
22
SIM5
SIM1
SIM2
SIM3
SIM4
1
21
22
SIM5
SIM1
SIM2
SIM3
SIM4
1
21
22
SIM5
SIM1
SIM2
SIM3
SIM4
1
21
22
SIM5
SIM1
SIM2
SIM3
SIM4
1
21
22
SIM5
SIM1
SIM2
SIM3
SIM4
1
21
22
SIM5
SIM1
SIM2
SIM3
SIM4
1
21
22
SIM5
SIM1
SIM2
SIM3
SIM4
1
21
22
SIM5
SIM1
SIM2
SIM3
SIM4
1
21
22
SIM5
SIM1
SIM2
SIM3
SIM4
1
21
22
SIM5
SIM1
SIM2
SIM3
SIM4
1
21
22
SIM5
SIM1
SIM2
SIM3
SIM4
1
21
22
SIM5
SIM1
SIM2
SIM3
SIM4
1
21
22
SIM5
SIM1
SIM2
SIM3
SIM4
1
21
22
SIM5
SIM1
SIM2
SIM3
SIM4
1
21
22
SIM5
SIM1
SIM2
SIM3
SIM4
1
21
22
SIM5
SIM1
SIM2
SIM3
SIM4
1
21
22
SIM5
SIM1
SIM2
SIM3
SIM4
1
21
22
SIM5
SIM1
SIM2
SIM3
SIM4
1
21
22
SIM5
SIM1
SIM2
SIM3
SIM4
1
21
22
SIM5
SIM1
SIM2
SIM3
SIM4
1
21
22
SIM5
SIM1
SIM2
SIM3
SIM4
1
21
22
SIM5
SIM1
SIM2
SIM3
SIM4
1
21
22
SIM5
SIM1
SIM2
SIM3
SIM4
1
21
22
SIM5
SIM1
SIM2
SIM3
SIM4
1
21
22
SIM5
SIM1
SIM2
SIM3
SIM4
1
21
22
SIM5
SIM1
SIM2
SIM3
SIM4
1
21
22
SIM5
SIM1
SIM2
SIM3
SIM4
1
21
22
SIM5
SIM1
SIM2
SIM3
SIM4
1
21
22
SIM5
SIM1
SIM2
SIM3
SIM4
1
21
22
SIM5
SIM1
SIM2
SIM3
SIM4
1
21
22
SIM5
SIM1
SIM2
SIM3
SIM4
1
21
22
SIM5
SIM1
SIM2
SIM3
SIM4
1
21
22
SIM5
SIM1
SIM2
SIM3
SIM4
1
21
22
SIM5
SIM1
SIM2
SIM3
SIM4
1
21
22
SIM5
SIM1
SIM2
SIM3
SIM4
1
21
22
SIM5
SIM1
SIM2
SIM3
SIM4
1
21
22
SIM5
SIM1
SIM2
SIM3
SIM4
1
21
22
SIM5
SIM1
SIM2
SIM3
SIM4
1
21
22
SIM5
SIM1
SIM2
SIM3
SIM4
1
21
22
SIM5
SIM1
SIM2
SIM3
SIM4
1
21
22
SIM5
SIM1
SIM2
DEBUG 1 871
SIM1
SIM2
SIM3
SIM4
1
21
22
SIM5
SIM1
SIM2
SIM3
SIM4
1
21
22
SIM5
SIM1
SIM2
SIM3
SIM4
1
21
22
SIM5
SIM1
SIM2
SIM3
SIM4
1
21
22
SIM5
SIM1
SIM2
SIM3
SIM4
1
21
22
SIM5
SIM1
SIM2
SIM3
SIM4
1
21
22
SIM5
SIM1
SIM2
SIM3
SIM4
1
21
22
SIM5
SIM1
SIM2
SIM3
SIM4
1
21
22
SIM5
SIM1
SIM2
SIM3
SIM4
1
21
22
SIM5
SIM1
SIM2
SIM3
SIM4
1
21
22
SIM5
SIM1
SIM2
SIM3
SIM4
1
21
22
SIM5
SIM1
SIM2
SIM3
SIM4
1
21
22
SIM5
SIM1
SIM2
SIM3
SIM4
1
21
22
SIM5
SIM1
SIM2
SIM3
SIM4
1
21
22
SIM5
SIM1
SIM2
SIM3
SIM4
1
21
22
SIM5
SIM1
SIM2
SIM3
SIM4
1
21
22
SIM5
SIM1
SIM2
SIM3
SIM4
1
21
22
SIM5
SIM1
SIM2
SIM3
SIM4
1
21
22
SIM5
SIM1
SIM2
SIM3
SIM4
1
21
22
SIM5
SIM1
SIM2
SIM3
SIM4
1
21
22
SIM5
SIM1
SIM2
SIM3
SIM4
1
21
22
SIM5
SIM1
SIM2
SIM3
SIM4
1
21
22
SIM5
SIM1
SIM2
SIM3
SIM4
1
21
22
SIM5
SIM1
SIM2
SIM3
SIM4
1
21
22
SIM5
SIM1
SIM2
SIM3
SIM4
1
21
22
SIM5
SIM1
SIM2
SIM3
SIM4
1
21
22
SIM5
SIM1
SIM2
SIM3
SIM4
1
21
22
SIM5
SIM1
SIM2
SIM3
SIM4
1
21
22
SIM5
SIM1
SIM2
SIM3
SIM4
1
21
22
SIM5
SIM1
SIM2
SIM3
SIM4
1
21
22
SIM5
SIM1
SIM2
SIM3
SIM4
1
21
22
SIM5
SIM1
SIM2
SIM3
SIM4
1
21
22
SIM5
SIM1
SIM2
SIM3
SIM4
1
21
22
SIM5
SIM1
SIM2
SIM3
SIM4
1
21
22
SIM5
SIM1
SIM2
SIM3
SIM4
1
21
22
SIM5
SIM1
SIM2
SIM3
SIM4
1
21
22
SIM5
SIM1
SIM2
SIM3
SIM4
1
21
22
SIM5
SIM1
SIM2
SIM3
SIM4
1
21
22
SIM5
SIM1
SIM2
SIM3
SIM4
1
21
22
SIM5
SIM1
SIM2
SIM3
SIM4
1
21
22
SIM5
SIM1
SIM2
SIM3
SIM4
1
21
22
SIM5
SIM1
SIM2
SIM3
SIM4
1
21
22
SIM5
SIM1
SIM2
SIM3
SIM4
1
21
22
SIM5
SIM1
SIM2
SIM3
SIM4
1
21
22
SIM5
SIM1
SIM2
SIM3
SIM4
1
21
22
SIM5
SIM1
SIM2
SIM3
SIM4
1
21
22
SIM5
SIM1
SIM2
SIM3
SIM4
1
21
22
SIM5
SIM1
SIM2
SIM3
SIM4
1
21
22
SIM5
SIM1
SIM2
SIM3
SIM4
1
21
22
SIM5
SIM1
SIM2
SIM3
SIM4
1
21
22
SIM5
SIM1
SIM2
SIM3
SIM4
1
21
22
SIM5
SIM1
SIM2
SIM3
SIM4
1
21
22
SIM5
SIM1
SIM2
SIM3
SIM4
1
21
22
SIM5
SIM1
SIM2
SIM3
SIM4
1
21
22
SIM5
SIM1
SIM2
SIM3
SIM4
1
21
22
SIM5
SIM1
SIM2
SIM3
SIM4
1
21
22
SIM5
SIM1
SIM2
SIM3
SIM4
1
21
22
SIM5
SIM1
SIM2
SIM3
SIM4
1
21
22
SIM5
SIM1
SIM2
SIM3
SIM4
1
21
22
SIM5
SIM1
SIM2
SIM3
SIM4
1
21
22
SIM5
SIM1
SIM2
SIM3
SIM4
1
21
22
SIM5
SIM1
SIM2
SIM3
SIM4
1
21
22
SIM5
SIM1
SIM2
SIM3
SIM4
1
21
22
SIM5
SIM1
SIM2
SIM3
SIM4
1
21
22
SIM5
SIM1
SIM2
SIM3
SIM4
1
21
22
SIM5
SIM1
SIM2
SIM3
SIM4
1
21
22
SIM5
SIM1
SIM2
SIM3
SIM4
1
21
22
SIM5
SIM1
SIM2
SIM3
SIM4
1
21
22
SIM5
SIM1
SIM2
SIM3
SIM4
1
21
22
SIM5
SIM1
SIM2
SIM3
SIM4
1
21
22
SIM5
SIM1
SIM2
SIM3
SIM4
1
21
22
SIM5
SIM1
SIM2
SIM3
SIM4
1
21
22
SIM5
SIM1
SIM2
SIM3
SIM4
1
21
22
SIM5
SIM1
SIM2
SIM3
SIM4
1
21
22
SIM5
SIM1
SIM2
SIM3
SIM4
1
21
22
SIM5
SIM1
SIM2
SIM3
SIM4
1
21
22
SIM5
SIM1
SIM2
SIM3
SIM4
1
21
22
SIM5
SIM1
SIM2
SIM3
SIM4
1
21
22
SIM5
SIM1
SIM2
SIM3
SIM4
1
21
22
SIM5
SIM1
SIM2
SIM3
SIM4
1
21
22
SIM5
SIM1
SIM2
SIM3
SIM4
1
21
22
SIM5
SIM1
SIM2
SIM3
SIM4
1
21
22
SIM5
SIM1
SIM2
SIM3
SIM4
1
21
22
SIM5
SIM1
SIM2
SIM3
SIM4
1
21
22
SIM5
SIM1
SIM2
SIM3
SIM4
1
21
22
SIM5
SIM1
SIM2
SIM3
SIM4
1
21
22
SIM5
SIM1
SIM2
SIM3
SIM4
1
21
22
SIM5
SIM1
SIM2
SIM3
SIM4
1
21
22
SIM5
SIM1
SIM2
SIM3
SIM4
1
21
22
SIM5
SIM1
SIM2
SIM3
SIM4
1
21
22
SIM5
SIM1
SIM2
SIM3
SIM4
1
21
22
SIM5
SIM1
SIM2
SIM3
SIM4
1
21
22
SIM5
SIM1
SIM2
SIM3
SIM4
1
21
22
SIM5
SIM1
SIM2
SIM3
SIM4
1
21
22
SIM5
SIM1
SIM2
SIM3
SIM4
1
21
22
SIM5
SIM1
SIM2
SIM3
SIM4
1
21
22
SIM5
SIM1
SIM2
SIM3
SIM4
1
21
22
SIM5
SIM1
SIM2
SIM3
SIM4
1
21
22
SIM5
SIM1
SIM2
SIM3
SIM4
1
21
22
SIM5
SIM1
SIM2
SIM3
SIM4
1
21
22
SIM5
SIM1
SIM2
SIM3
SIM4
1
21
22
SIM5
SIM1
SIM2
SIM3
SIM4
1
21
22
SIM5
SIM1
SIM2
SIM3
SIM4
1
21
22
SIM5
SIM1
SIM2
SIM3
SIM4
1
21
22
SIM5
SIM1
SIM2
SIM3
SIM4
1
21
22
SIM5
SIM1
SIM2
SIM3
SIM4
1
21
22
SIM5
SIM1
SIM2
SIM3
SIM4
1
21
22
SIM5
SIM1
SIM2
SIM3
SIM4
1
21
22
SIM5
SIM1
SIM2
SIM3
SIM4
1
21
22
SIM5
SIM1
SIM2
SIM3
SIM4
1
21
22
SIM5
SIM1
SIM2
SIM3
SIM4
1
21
22
SIM5
SIM1
SIM2
SIM3
SIM4
1
21
22
SIM5
SIM1
SIM2
SIM3
SIM4
1
21
22
SIM5
SIM1
SIM2
SIM3
SIM4
1
21
22
SIM5
SIM1
SIM2
SIM3
SIM4
1
21
22
SIM5
SIM1
SIM2
SIM3
SIM4
1
21
22
SIM5
SIM1
SIM2
SIM3
SIM4
1
21
22
SIM5
SIM1
SIM2
SIM3
SIM4
1
21
22
SIM5
SIM1
SIM2
SIM3
SIM4
1
21
22
SIM5
SIM1
SIM2
SIM3
SIM4
1
21
22
SIM5
SIM1
SIM2
SIM3
SIM4
1
21
22
SIM5
SIM1
SIM2
SIM3
SIM4
1
21
22
SIM5
SIM1
SIM2
SIM3
SIM4
1
21
22
SIM5
SIM1
SIM2
SIM3
SIM4
1
21
22
SIM5
SIM1
SIM2
SIM3
SIM4
1
21
22
SIM5
SIM1
SIM2
SIM3
SIM4
1
21
22
SIM5
SIM1
SIM2
SIM3
SIM4
1
21
22
SIM5
SIM1
SIM2
SIM3
SIM4
1
21
22
SIM5
SIM1
SIM2
SIM3
SIM4
1
21
22
SIM5
SIM1
SIM2
SIM3
SIM4
1
21
22
SIM5
SIM1
SIM2
SIM3
SIM4
1
21
22
SIM5
SIM1
SIM2
SIM3
SIM4
1
21
22
SIM5
SIM1
SIM2
SIM3
SIM4
1
21
22
SIM5
SIM1
SIM2
SIM3
SIM4
1
21
22
SIM5
SIM1
SIM2
SIM3
SIM4
1
21
22
SIM5
SIM1
SIM2
SIM3
SIM4
1
21
22
SIM5
SIM1
SIM2
SIM3
SIM4
1
21
22
SIM5
SIM1
SIM2
SIM3
SIM4
1
21
22
SIM5
SIM1
SIM2
SIM3
SIM4
1
21
22
SIM5
SIM1
SIM2
SIM3
SIM4
1
21
22
SIM5
SIM1
SIM2
SIM3
SIM4
1
21
22
SIM5
SIM1
SIM2
SIM3
SIM4
1
21
22
SIM5
SIM1
SIM2
SIM3
SIM4
1
21
22
SIM5
SIM1
SIM2
SIM3
SIM4
1
21
22
SIM5
SIM1
SIM2
SIM3
SIM4
1
21
22
SIM5
SIM1
SIM2
SIM3
SIM4
1
21
22
SIM5
SIM1
SIM2
SIM3
SIM4
1
21
22
SIM5
SIM1
SIM2
SIM3
SIM4
1
21
22
SIM5
SIM1
SIM2
SIM3
SIM4
1
21
22
SIM5
SIM1
SIM2
SIM3
SIM4
1
21
22
SIM5
SIM1
SIM2
SIM3
SIM4
1
21
22
SIM5
SIM1
SIM2
SIM3
SIM4
1
21
22
SIM5
SIM1
SIM2
SIM3
SIM4
1
21
22
SIM5
SIM1
SIM2
SIM3
SIM4
1
21
22
SIM5
SIM1
SIM2
SIM3
SIM4
1
21
22
SIM5
SIM1
SIM2
SIM3
SIM4
1
21
22
SIM5
SIM1
SIM2
SIM3
SIM4
1
21
22
SIM5
SIM1
SIM2
SIM3
SIM4
1
21
22
SIM5
SIM1
SIM2
SIM3
SIM4
1
21
22
SIM5
SIM1
SIM2
SIM3
SIM4
1
21
22
SIM5
SIM1
SIM2
SIM3
SIM4
1
21
22
SIM5
SIM1
SIM2
SIM3
SIM4
1
21
22
SIM5
SIM1
SIM2
SIM3
SIM4
1
21
22
SIM5
SIM1
SIM2
SIM3
SIM4
1
21
22
SIM5
SIM1
SIM2
SIM3
SIM4
1
21
22
SIM5
SIM1
SIM2
SIM3
SIM4
1
21
22
SIM5
SIM1
SIM2
SIM3
SIM4
1
21
22
SIM5
SIM1
SIM2
SIM3
SIM4
1
21
22
SIM5
SIM1
SIM2
SIM3
SIM4
1
21
22
SIM5
SIM1
SIM2
SIM3
SIM4
1
21
22
SIM5
SIM1
SIM2
SIM3
SIM4
1
21
22
SIM5
SIM1
SIM2
SIM3
SIM4
1
21
22
SIM5
SIM1
SIM2
SIM3
SIM4
1
21
22
SIM5
SIM1
SIM2
SIM3
SIM4
1
21
22
SIM5
SIM1
SIM2
SIM3
SIM4
1
21
22
SIM5
SIM1
SIM2
SIM3
SIM4
1
21
22
SIM5
SIM1
SIM2
SIM3
SIM4
1
21
22
SIM5
SIM1
SIM2
SIM3
SIM4
1
21
22
SIM5
SIM1
SIM2
SIM3
SIM4
1
21
22
SIM5
SIM1
SIM2
SIM3
SIM4
1
21
22
SIM5
SIM1
SIM2
SIM3
SIM4
1
21
22
SIM5
SIM1
SIM2
SIM3
SIM4
1
21
22
SIM5
SIM1
SIM2
SIM3
SIM4
1
21
22
SIM5
SIM1
SIM2
SIM3
SIM4
1
21
22
SIM5
SIM1
SIM2
SIM3
SIM4
1
21
22
SIM5
SIM1
SIM2
SIM3
SIM4
1
21
22
SIM5
SIM1
SIM2
SIM3
SIM4
1
21
22
SIM5
SIM1
SIM2
SIM3
SIM4
1
21
22
SIM5
SIM1
SIM2
SIM3
SIM4
1
21
22
SIM5
SIM1
SIM2
SIM3
SIM4
1
21
22
SIM5
SIM1
SIM2
SIM3
SIM4
1
21
22
SIM5
SIM1
SIM2
SIM3
SIM4
1
21
22
SIM5
SIM1
SIM2
SIM3
SIM4
1
21
22
SIM5
SIM1
SIM2
SIM3
SIM4
1
21
22
SIM5
SIM1
SIM2
SIM3
SIM4
1
21
22
SIM5
SIM1
SIM2
SIM3
SIM4
1
21
22
SIM5
SIM1
SIM2
SIM3
SIM4
1
21
22
SIM5
SIM1
SIM2
SIM3
SIM4
1
21
22
SIM5
SIM1
SIM2
SIM3
SIM4
1
21
22
SIM5
SIM1
SIM2
SIM3
SIM4
1
21
22
SIM5
SIM1
SIM2
SIM3
SIM4
1
21
22
SIM5
SIM1
SIM2
SIM3
SIM4
1
21
22
SIM5
SIM1
SIM2
SIM3
SIM4
1
21
22
SIM5
SIM1
SIM2
SIM3
SIM4
1
21
22
SIM5
SIM1
SIM2
SIM3
SIM4
1
21
22
SIM5
SIM1
SIM2
SIM3
SIM4
1
21
22
SIM5
SIM1
SIM2
SIM3
SIM4
1
21
22
SIM5
SIM1
SIM2
SIM3
SIM4
1
21
22
SIM5
SIM1
SIM2
SIM3
SIM4
1
21
22
SIM5
SIM1
SIM2
SIM3
SIM4
1
21
22
SIM5
SIM1
SIM2
SIM3
SIM4
1
21
22
SIM5
SIM1
SIM2
SIM3
SIM4
1
21
22
SIM5
SIM1
SIM2
SIM3
SIM4
1
21
22
SIM5
SIM1
SIM2
DEBUG 1 872
SIM1
SIM2
SIM3
SIM4
1
21
22
SIM5
SIM1
SIM2
SIM3
SIM4
1
21
22
SIM5
SIM1
SIM2
SIM3
SIM4
1
21
22
SIM5
SIM1
SIM2
SIM3
SIM4
1
21
22
SIM5
SIM1
SIM2
SIM3
SIM4
1
21
22
SIM5
SIM1
SIM2
SIM3
SIM4
1
21
22
SIM5
SIM1
SIM2
SIM3
SIM4
1
21
22
SIM5
SIM1
SIM2
SIM3
SIM4
1
21
22
SIM5
SIM1
SIM2
SIM3
SIM4
1
21
22
SIM5
SIM1
SIM2
SIM3
SIM4
1
21
22
SIM5
SIM1
SIM2
SIM3
SIM4
1
21
22
SIM5
SIM1
SIM2
SIM3
SIM4
1
21
22
SIM5
SIM1
SIM2
SIM3
SIM4
1
21
22
SIM5
SIM1
SIM2
SIM3
SIM4
1
21
22
SIM5
SIM1
SIM2
SIM3
SIM4
1
21
22
SIM5
SIM1
SIM2
SIM3
SIM4
1
21
22
SIM5
SIM1
SIM2
SIM3
SIM4
1
21
22
SIM5
SIM1
SIM2
SIM3
SIM4
1
21
22
SIM5
SIM1
SIM2
SIM3
SIM4
1
21
22
SIM5
SIM1
SIM2
SIM3
SIM4
1
21
22
SIM5
SIM1
SIM2
SIM3
SIM4
1
21
22
SIM5
SIM1
SIM2
SIM3
SIM4
1
21
22
SIM5
SIM1
SIM2
SIM3
SIM4
1
21
22
SIM5
SIM1
SIM2
SIM3
SIM4
1
21
22
SIM5
SIM1
SIM2
SIM3
SIM4
1
21
22
SIM5
SIM1
SIM2
SIM3
SIM4
1
21
22
SIM5
SIM1
SIM2
SIM3
SIM4
1
21
22
SIM5
SIM1
SIM2
SIM3
SIM4
1
21
22
SIM5
SIM1
SIM2
SIM3
SIM4
1
21
22
SIM5
SIM1
SIM2
SIM3
SIM4
1
21
22
SIM5
SIM1
SIM2
SIM3
SIM4
1
21
22
SIM5
SIM1
SIM2
SIM3
SIM4
1
21
22
SIM5
SIM1
SIM2
SIM3
SIM4
1
21
22
SIM5
SIM1
SIM2
SIM3
SIM4
1
21
22
SIM5
SIM1
SIM2
SIM3
SIM4
1
21
22
SIM5
SIM1
SIM2
SIM3
SIM4
1
21
22
SIM5
SIM1
SIM2
SIM3
SIM4
1
21
22
SIM5
SIM1
SIM2
SIM3
SIM4
1
21
22
SIM5
SIM1
SIM2
SIM3
SIM4
1
21
22
SIM5
SIM1
SIM2
SIM3
SIM4
1
21
22
SIM5
SIM1
SIM2
SIM3
SIM4
1
21
22
SIM5
SIM1
SIM2
SIM3
SIM4
1
21
22
SIM5
SIM1
SIM2
SIM3
SIM4
1
21
22
SIM5
SIM1
SIM2
SIM3
SIM4
1
21
22
SIM5
SIM1
SIM2
SIM3
SIM4
1
21
22
SIM5
SIM1
SIM2
SIM3
SIM4
1
21
22
SIM5
SIM1
SIM2
SIM3
SIM4
1
21
22
SIM5
SIM1
SIM2
SIM3
SIM4
1
21
22
SIM5
SIM1
SIM2
SIM3
SIM4
1
21
22
SIM5
SIM1
SIM2
SIM3
SIM4
1
21
22
SIM5
SIM1
SIM2
SIM3
SIM4
1
21
22
SIM5
SIM1
SIM2
SIM3
SIM4
1
21
22
SIM5
SIM1
SIM2
SIM3
SIM4
1
21
22
SIM5
SIM1
SIM2
SIM3
SIM4
1
21
22
SIM5
SIM1
SIM2
SIM3
SIM4
1
21
22
SIM5
SIM1
SIM2
SIM3
SIM4
1
21
22
SIM5
SIM1
SIM2
SIM3
SIM4
1
21
22
SIM5
SIM1
SIM2
SIM3
SIM4
1
21
22
SIM5
SIM1
SIM2
SIM3
SIM4
1
21
22
SIM5
SIM1
SIM2
SIM3
SIM4
1
21
22
SIM5
SIM1
SIM2
SIM3
SIM4
1
21
22
SIM5
SIM1
SIM2
SIM3
SIM4
1
21
22
SIM5
SIM1
SIM2
SIM3
SIM4
1
21
22
SIM5
SIM1
SIM2
SIM3
SIM4
1
21
22
SIM5
SIM1
SIM2
SIM3
SIM4
1
21
22
SIM5
SIM1
SIM2
SIM3
SIM4
1
21
22
SIM5
SIM1
SIM2
SIM3
SIM4
1
21
22
SIM5
SIM1
SIM2
SIM3
SIM4
1
21
22
SIM5
SIM1
SIM2
SIM3
SIM4
1
21
22
SIM5
SIM1
SIM2
SIM3
SIM4
1
21
22
SIM5
SIM1
SIM2
SIM3
SIM4
1
21
22
SIM5
SIM1
SIM2
SIM3
SIM4
1
21
22
SIM5
SIM1
SIM2
SIM3
SIM4
1
21
22
SIM5
SIM1
SIM2
SIM3
SIM4
1
21
22
SIM5
SIM1
SIM2
SIM3
SIM4
1
21
22
SIM5
SIM1
SIM2
SIM3
SIM4
1
21
22
SIM5
SIM1
SIM2
SIM3
SIM4
1
21
22
SIM5
SIM1
SIM2
SIM3
SIM4
1
21
22
SIM5
SIM1
SIM2
SIM3
SIM4
1
21
22
SIM5
SIM1
SIM2
SIM3
SIM4
1
21
22
SIM5
SIM1
SIM2
SIM3
SIM4
1
21
22
SIM5
SIM1
SIM2
SIM3
SIM4
1
21
22
SIM5
SIM1
SIM2
SIM3
SIM4
1
21
22
SIM5
SIM1
SIM2
SIM3
SIM4
1
21
22
SIM5
SIM1
SIM2
SIM3
SIM4
1
21
22
SIM5
SIM1
SIM2
SIM3
SIM4
1
21
22
SIM5
SIM1
SIM2
SIM3
SIM4
1
21
22
SIM5
SIM1
SIM2
SIM3
SIM4
1
21
22
SIM5
SIM1
SIM2
SIM3
SIM4
1
21
22
SIM5
SIM1
SIM2
SIM3
SIM4
1
21
22
SIM5
SIM1
SIM2
SIM3
SIM4
1
21
22
SIM5
SIM1
SIM2
SIM3
SIM4
1
21
22
SIM5
SIM1
SIM2
SIM3
SIM4
1
21
22
SIM5
SIM1
SIM2
SIM3
SIM4
1
21
22
SIM5
SIM1
SIM2
SIM3
SIM4
1
21
22
SIM5
SIM1
SIM2
SIM3
SIM4
1
21
22
SIM5
SIM1
SIM2
SIM3
SIM4
1
21
22
SIM5
SIM1
SIM2
SIM3
SIM4
1
21
22
SIM5
SIM1
SIM2
SIM3
SIM4
1
21
22
SIM5
SIM1
SIM2
SIM3
SIM4
1
21
22
SIM5
SIM1
SIM2
SIM3
SIM4
1
21
22
SIM5
SIM1
SIM2
SIM3
SIM4
1
21
22
SIM5
SIM1
SIM2
SIM3
SIM4
1
21
22
SIM5
SIM1
SIM2
SIM3
SIM4
1
21
22
SIM5
SIM1
SIM2
SIM3
SIM4
1
21
22
SIM5
SIM1
SIM2
SIM3
SIM4
1
21
22
SIM5
SIM1
SIM2
SIM3
SIM4
1
21
22
SIM5
SIM1
SIM2
SIM3
SIM4
1
21
22
SIM5
SIM1
SIM2
SIM3
SIM4
1
21
22
SIM5
SIM1
SIM2
SIM3
SIM4
1
21
22
SIM5
SIM1
SIM2
SIM3
SIM4
1
21
22
SIM5
SIM1
SIM2
SIM3
SIM4
1
21
22
SIM5
SIM1
SIM2
SIM3
SIM4
1
21
22
SIM5
SIM1
SIM2
SIM3
SIM4
1
21
22
SIM5
SIM1
SIM2
SIM3
SIM4
1
21
22
SIM5
SIM1
SIM2
SIM3
SIM4
1
21
22
SIM5
SIM1
SIM2
SIM3
SIM4
1
21
22
SIM5
SIM1
SIM2
SIM3
SIM4
1
21
22
SIM5
SIM1
SIM2
SIM3
SIM4
1
21
22
SIM5
SIM1
SIM2
DEBUG 1 873
SIM1
SIM2
SIM3
SIM4
1
21
22
SIM5
SIM1
SIM2
SIM3
SIM4
1
21
22
SIM5
SIM1
SIM2
SIM3
SIM4
1
21
22
SIM5
SIM1
SIM2
SIM3
SIM4
1
21
22
SIM5
SIM1
SIM2
SIM3
SIM4
1
21
22
SIM5
SIM1
SIM2
SIM3
SIM4
1
21
22
SIM5
SIM1
SIM2
SIM3
SIM4
1
21
22
SIM5
SIM1
SIM2
SIM3
SIM4
1
21
22
SIM5
SIM1
SIM2
SIM3
SIM4
1
21
22
SIM5
SIM1
SIM2
SIM3
SIM4
1
21
22
SIM5
SIM1
SIM2
SIM3
SIM4
1
21
22
SIM5
SIM1
SIM2
SIM3
SIM4
1
21
22
SIM5
SIM1
SIM2
SIM3
SIM4
1
21
22
SIM5
SIM1
SIM2
SIM3
SIM4
1
21
22
SIM5
SIM1
SIM2
SIM3
SIM4
1
21
22
SIM5
SIM1
SIM2
SIM3
SIM4
1
21
22
SIM5
SIM1
SIM2
SIM3
SIM4
1
21
22
SIM5
SIM1
SIM2
SIM3
SIM4
1
21
22
SIM5
SIM1
SIM2
SIM3
SIM4
1
21
22
SIM5
SIM1
SIM2
SIM3
SIM4
1
21
22
SIM5
SIM1
SIM2
SIM3
SIM4
1
21
22
SIM5
SIM1
SIM2
SIM3
SIM4
1
21
22
SIM5
SIM1
SIM2
SIM3
SIM4
1
21
22
SIM5
SIM1
SIM2
SIM3
SIM4
1
21
22
SIM5
SIM1
SIM2
SIM3
SIM4
1
21
22
SIM5
SIM1
SIM2
SIM3
SIM4
1
21
22
SIM5
SIM1
SIM2
SIM3
SIM4
1
21
22
SIM5
SIM1
SIM2
SIM3
SIM4
1
21
22
SIM5
SIM1
SIM2
SIM3
SIM4
1
21
22
SIM5
SIM1
SIM2
SIM3
SIM4
1
21
22
SIM5
SIM1
SIM2
SIM3
SIM4
1
21
22
SIM5
SIM1
SIM2
SIM3
SIM4
1
21
22
SIM5
SIM1
SIM2
SIM3
SIM4
1
21
22
SIM5
SIM1
SIM2
SIM3
SIM4
1
21
22
SIM5
SIM1
SIM2
SIM3
SIM4
1
21
22
SIM5
SIM1
SIM2
SIM3
SIM4
1
21
22
SIM5
SIM1
SIM2
SIM3
SIM4
1
21
22
SIM5
SIM1
SIM2
SIM3
SIM4
1
21
22
SIM5
SIM1
SIM2
SIM3
SIM4
1
21
22
SIM5
SIM1
SIM2
SIM3
SIM4
1
21
22
SIM5
SIM1
SIM2
SIM3
SIM4
1
21
22
SIM5
SIM1
SIM2
SIM3
SIM4
1
21
22
SIM5
SIM1
SIM2
SIM3
SIM4
1
21
22
SIM5
SIM1
SIM2
SIM3
SIM4
1
21
22
SIM5
SIM1
SIM2
SIM3
SIM4
1
21
22
SIM5
SIM1
SIM2
SIM3
SIM4
1
21
22
SIM5
SIM1
SIM2
SIM3
SIM4
1
21
22
SIM5
SIM1
SIM2
SIM3
SIM4
1
21
22
SIM5
SIM1
SIM2
SIM3
SIM4
1
21
22
SIM5
SIM1
SIM2
SIM3
SIM4
1
21
22
SIM5
SIM1
SIM2
SIM3
SIM4
1
21
22
SIM5
SIM1
SIM2
SIM3
SIM4
1
21
22
SIM5
SIM1
SIM2
SIM3
SIM4
1
21
22
SIM5
SIM1
SIM2
SIM3
SIM4
1
21
22
SIM5
SIM1
SIM2
SIM3
SIM4
1
21
22
SIM5
SIM1
SIM2
SIM3
SIM4
1
21
22
SIM5
SIM1
SIM2
SIM3
SIM4
1
21
22
SIM5
SIM1
SIM2
SIM3
SIM4
1
21
22
SIM5
SIM1
SIM2
SIM3
SIM4
1
21
22
SIM5
SIM1
SIM2
SIM3
SIM4
1
21
22
SIM5
SIM1
SIM2
SIM3
SIM4
1
21
22
SIM5
SIM1
SIM2
SIM3
SIM4
1
21
22
SIM5
SIM1
SIM2
SIM3
SIM4
1
21
22
SIM5
SIM1
SIM2
SIM3
SIM4
1
21
22
SIM5
SIM1
SIM2
SIM3
SIM4
1
21
22
SIM5
SIM1
SIM2
SIM3
SIM4
1
21
22
SIM5
SIM1
SIM2
SIM3
SIM4
1
21
22
SIM5
SIM1
SIM2
SIM3
SIM4
1
21
22
SIM5
SIM1
SIM2
SIM3
SIM4
1
21
22
SIM5
SIM1
SIM2
SIM3
SIM4
1
21
22
SIM5
SIM1
SIM2
SIM3
SIM4
1
21
22
SIM5
SIM1
SIM2
SIM3
SIM4
1
21
22
SIM5
SIM1
SIM2
SIM3
SIM4
1
21
22
SIM5
SIM1
SIM2
SIM3
SIM4
1
21
22
SIM5
SIM1
SIM2
SIM3
SIM4
1
21
22
SIM5
SIM1
SIM2
SIM3
SIM4
1
21
22
SIM5
SIM1
SIM2
SIM3
SIM4
1
21
22
SIM5
SIM1
SIM2
SIM3
SIM4
1
21
22
SIM5
SIM1
SIM2
SIM3
SIM4
1
21
22
SIM5
SIM1
SIM2
SIM3
SIM4
1
21
22
SIM5
SIM1
SIM2
SIM3
SIM4
1
21
22
SIM5
SIM1
SIM2
SIM3
SIM4
1
21
22
SIM5
SIM1
SIM2
SIM3
SIM4
1
21
22
SIM5
SIM1
SIM2
SIM3
SIM4
1
21
22
SIM5
SIM1
SIM2
SIM3
SIM4
1
21
22
SIM5
SIM1
SIM2
SIM3
SIM4
1
21
22
SIM5
SIM1
SIM2
SIM3
SIM4
1
21
22
SIM5
SIM1
SIM2
SIM3
SIM4
1
21
22
SIM5
SIM1
SIM2
SIM3
SIM4
1
21
22
SIM5
SIM1
SIM2
SIM3
SIM4
1
21
22
SIM5
SIM1
SIM2
SIM3
SIM4
1
21
22
SIM5
SIM1
SIM2
SIM3
SIM4
1
21
22
SIM5
SIM1
SIM2
SIM3
SIM4
1
21
22
SIM5
SIM1
SIM2
SIM3
SIM4
1
21
22
SIM5
SIM1
SIM2
SIM3
SIM4
1
21
22
SIM5
SIM1
SIM2
SIM3
SIM4
1
21
22
SIM5
SIM1
SIM2
SIM3
SIM4
1
21
22
SIM5
SIM1
SIM2
SIM3
SIM4
1
21
22
SIM5
SIM1
SIM2
SIM3
SIM4
1
21
22
SIM5
SIM1
SIM2
SIM3
SIM4
1
21
22
SIM5
SIM1
SIM2
SIM3
SIM4
1
21
22
SIM5
SIM1
SIM2
SIM3
SIM4
1
21
22
SIM5
SIM1
SIM2
SIM3
SIM4
1
21
22
SIM5
SIM1
SIM2
SIM3
SIM4
1
21
22
SIM5
SIM1
SIM2
SIM3
SIM4
1
21
22
SIM5
SIM1
SIM2
SIM3
SIM4
1
21
22
SIM5
SIM1
SIM2
SIM3
SIM4
1
21
22
SIM5
SIM1
SIM2
SIM3
SIM4
1
21
22
SIM5
SIM1
SIM2
SIM3
SIM4
1
21
22
SIM5
SIM1
SIM2
SIM3
SIM4
1
21
22
SIM5
SIM1
SIM2
SIM3
SIM4
1
21
22
SIM5
SIM1
SIM2
SIM3
SIM4
1
21
22
SIM5
SIM1
SIM2
SIM3
SIM4
1
21
22
SIM5
SIM1
SIM2
SIM3
SIM4
1
21
22
SIM5
SIM1
SIM2
SIM3
SIM4
1
21
22
SIM5
SIM1
SIM2
SIM3
SIM4
1
21
22
SIM5
SIM1
SIM2
SIM3
SIM4
1
21
22
SIM5
SIM1
SIM2
SIM3
SIM4
1
21
22
SIM5
SIM1
SIM2
SIM3
SIM4
1
21
22
SIM5
SIM1
SIM2
SIM3
SIM4
1
21
22
SIM5
SIM1
SIM2
SIM3
SIM4
1
21
22
SIM5
SIM1
SIM2
SIM3
SIM4
1
21
22
SIM5
SIM1
SIM2
SIM3
SIM4
1
21
22
SIM5
SIM1
SIM2
SIM3
SIM4
1
21
22
SIM5
SIM1
SIM2
SIM3
SIM4
1
21
22
SIM5
SIM1
SIM2
SIM3
SIM4
1
21
22
SIM5
SIM1
SIM2
SIM3
SIM4
1
21
22
SIM5
SIM1
SIM2
SIM3
SIM4
1
21
22
SIM5
SIM1
SIM2
SIM3
SIM4
1
21
22
SIM5
SIM1
SIM2
SIM3
SIM4
1
21
22
SIM5
SIM1
SIM2
SIM3
SIM4
1
21
22
SIM5
SIM1
SIM2
SIM3
SIM4
1
21
22
SIM5
SIM1
SIM2
SIM3
SIM4
1
21
22
SIM5
SIM1
SIM2
SIM3
SIM4
1
21
22
SIM5
SIM1
SIM2
SIM3
SIM4
1
21
22
SIM5
SIM1
SIM2
SIM3
SIM4
1
21
22
SIM5
SIM1
SIM2
SIM3
SIM4
1
21
22
SIM5
SIM1
SIM2
SIM3
SIM4
1
21
22
SIM5
SIM1
SIM2
SIM3
SIM4
1
21
22
SIM5
SIM1
SIM2
SIM3
SIM4
1
21
22
SIM5
SIM1
SIM2
SIM3
SIM4
1
21
22
SIM5
SIM1
SIM2
SIM3
SIM4
1
21
22
SIM5
SIM1
SIM2
SIM3
SIM4
1
21
22
SIM5
SIM1
SIM2
SIM3
SIM4
1
21
22
SIM5
SIM1
SIM2
SIM3
SIM4
1
21
22
SIM5
SIM1
SIM2
SIM3
SIM4
1
21
22
SIM5
SIM1
SIM2
SIM3
SIM4
1
21
22
SIM5
SIM1
SIM2
SIM3
SIM4
1
21
22
SIM5
SIM1
SIM2
DEBUG 1 874
SIM1
SIM2
SIM3
SIM4
1
21
22
SIM5
SIM1
SIM2
SIM3
SIM4
1
21
22
SIM5
SIM1
SIM2
SIM3
SIM4
1
21
22
SIM5
SIM1
SIM2
SIM3
SIM4
1
21
22
SIM5
SIM1
SIM2
SIM3
SIM4
1
21
22
SIM5
SIM1
SIM2
SIM3
SIM4
1
21
22
SIM5
SIM1
SIM2
SIM3
SIM4
1
21
22
SIM5
SIM1
SIM2
SIM3
SIM4
1
21
22
SIM5
SIM1
SIM2
SIM3
SIM4
1
21
22
SIM5
SIM1
SIM2
SIM3
SIM4
1
21
22
SIM5
SIM1
SIM2
SIM3
SIM4
1
21
22
SIM5
SIM1
SIM2
SIM3
SIM4
1
21
22
SIM5
SIM1
SIM2
SIM3
SIM4
1
21
22
SIM5
SIM1
SIM2
SIM3
SIM4
1
21
22
SIM5
SIM1
SIM2
SIM3
SIM4
1
21
22
SIM5
SIM1
SIM2
SIM3
SIM4
1
21
22
SIM5
SIM1
SIM2
SIM3
SIM4
1
21
22
SIM5
SIM1
SIM2
SIM3
SIM4
1
21
22
SIM5
SIM1
SIM2
SIM3
SIM4
1
21
22
SIM5
SIM1
SIM2
SIM3
SIM4
1
21
22
SIM5
SIM1
SIM2
SIM3
SIM4
1
21
22
SIM5
SIM1
SIM2
SIM3
SIM4
1
21
22
SIM5
SIM1
SIM2
SIM3
SIM4
1
21
22
SIM5
SIM1
SIM2
SIM3
SIM4
1
21
22
SIM5
SIM1
SIM2
SIM3
SIM4
1
21
22
SIM5
SIM1
SIM2
SIM3
SIM4
1
21
22
SIM5
SIM1
SIM2
SIM3
SIM4
1
21
22
SIM5
SIM1
SIM2
SIM3
SIM4
1
21
22
SIM5
SIM1
SIM2
SIM3
SIM4
1
21
22
SIM5
SIM1
SIM2
SIM3
SIM4
1
21
22
SIM5
SIM1
SIM2
SIM3
SIM4
1
21
22
SIM5
SIM1
SIM2
SIM3
SIM4
1
21
22
SIM5
SIM1
SIM2
SIM3
SIM4
1
21
22
SIM5
SIM1
SIM2
SIM3
SIM4
1
21
22
SIM5
SIM1
SIM2
SIM3
SIM4
1
21
22
SIM5
SIM1
SIM2
SIM3
SIM4
1
21
22
SIM5
SIM1
SIM2
SIM3
SIM4
1
21
22
SIM5
SIM1
SIM2
SIM3
SIM4
1
21
22
SIM5
SIM1
SIM2
SIM3
SIM4
1
21
22
SIM5
SIM1
SIM2
SIM3
SIM4
1
21
22
SIM5
SIM1
SIM2
SIM3
SIM4
1
21
22
SIM5
SIM1
SIM2
SIM3
SIM4
1
21
22
SIM5
SIM1
SIM2
SIM3
SIM4
1
21
22
SIM5
SIM1
SIM2
SIM3
SIM4
1
21
22
SIM5
SIM1
SIM2
SIM3
SIM4
1
21
22
SIM5
SIM1
SIM2
SIM3
SIM4
1
21
22
SIM5
SIM1
SIM2
SIM3
SIM4
1
21
22
SIM5
SIM1
SIM2
SIM3
SIM4
1
21
22
SIM5
SIM1
SIM2
SIM3
SIM4
1
21
22
SIM5
SIM1
SIM2
SIM3
SIM4
1
21
22
SIM5
SIM1
SIM2
SIM3
SIM4
1
21
22
SIM5
SIM1
SIM2
SIM3
SIM4
1
21
22
SIM5
SIM1
SIM2
SIM3
SIM4
1
21
22
SIM5
SIM1
SIM2
SIM3
SIM4
1
21
22
SIM5
SIM1
SIM2
SIM3
SIM4
1
21
22
SIM5
SIM1
SIM2
SIM3
SIM4
1
21
22
SIM5
SIM1
SIM2
SIM3
SIM4
1
21
22
SIM5
SIM1
SIM2
SIM3
SIM4
1
21
22
SIM5
SIM1
SIM2
SIM3
SIM4
1
21
22
SIM5
SIM1
SIM2
SIM3
SIM4
1
21
22
SIM5
SIM1
SIM2
SIM3
SIM4
1
21
22
SIM5
SIM1
SIM2
SIM3
SIM4
1
21
22
SIM5
SIM1
SIM2
SIM3
SIM4
1
21
22
SIM5
SIM1
SIM2
SIM3
SIM4
1
21
22
SIM5
SIM1
SIM2
SIM3
SIM4
1
21
22
SIM5
SIM1
SIM2
SIM3
SIM4
1
21
22
SIM5
SIM1
SIM2
SIM3
SIM4
1
21
22
SIM5
SIM1
SIM2
SIM3
SIM4
1
21
22
SIM5
SIM1
SIM2
SIM3
SIM4
1
21
22
SIM5
SIM1
SIM2
SIM3
SIM4
1
21
22
SIM5
SIM1
SIM2
SIM3
SIM4
1
21
22
SIM5
SIM1
SIM2
SIM3
SIM4
1
21
22
SIM5
SIM1
SIM2
SIM3
SIM4
1
21
22
SIM5
SIM1
SIM2
SIM3
SIM4
1
21
22
SIM5
SIM1
SIM2
SIM3
SIM4
1
21
22
SIM5
SIM1
SIM2
SIM3
SIM4
1
21
22
SIM5
SIM1
SIM2
SIM3
SIM4
1
21
22
SIM5
SIM1
SIM2
SIM3
SIM4
1
21
22
SIM5
SIM1
SIM2
SIM3
SIM4
1
21
22
SIM5
SIM1
SIM2
SIM3
SIM4
1
21
22
SIM5
SIM1
SIM2
SIM3
SIM4
1
21
22
SIM5
SIM1
SIM2
SIM3
SIM4
1
21
22
SIM5
SIM1
SIM2
SIM3
SIM4
1
21
22
SIM5
SIM1
SIM2
SIM3
SIM4
1
21
22
SIM5
SIM1
SIM2
SIM3
SIM4
1
21
22
SIM5
SIM1
SIM2
SIM3
SIM4
1
21
22
SIM5
SIM1
SIM2
SIM3
SIM4
1
21
22
SIM5
SIM1
SIM2
SIM3
SIM4
1
21
22
SIM5
SIM1
SIM2
SIM3
SIM4
1
21
22
SIM5
SIM1
SIM2
SIM3
SIM4
1
21
22
SIM5
SIM1
SIM2
SIM3
SIM4
1
21
22
SIM5
SIM1
SIM2
SIM3
SIM4
1
21
22
SIM5
SIM1
SIM2
SIM3
SIM4
1
21
22
SIM5
SIM1
SIM2
SIM3
SIM4
1
21
22
SIM5
SIM1
SIM2
SIM3
SIM4
1
21
22
SIM5
SIM1
SIM2
SIM3
SIM4
1
21
22
SIM5
SIM1
SIM2
SIM3
SIM4
1
21
22
SIM5
SIM1
SIM2
SIM3
SIM4
1
21
22
SIM5
SIM1
SIM2
SIM3
SIM4
1
21
22
SIM5
SIM1
SIM2
SIM3
SIM4
1
21
22
SIM5
SIM1
SIM2
SIM3
SIM4
1
21
22
SIM5
SIM1
SIM2
SIM3
SIM4
1
21
22
SIM5
SIM1
SIM2
SIM3
SIM4
1
21
22
SIM5
SIM1
SIM2
SIM3
SIM4
1
21
22
SIM5
SIM1
SIM2
SIM3
SIM4
1
21
22
SIM5
SIM1
SIM2
SIM3
SIM4
1
21
22
SIM5
SIM1
SIM2
SIM3
SIM4
1
21
22
SIM5
SIM1
SIM2
SIM3
SIM4
1
21
22
SIM5
SIM1
SIM2
SIM3
SIM4
1
21
22
SIM5
SIM1
SIM2
SIM3
SIM4
1
21
22
SIM5
SIM1
SIM2
SIM3
SIM4
1
21
22
SIM5
SIM1
SIM2
SIM3
SIM4
1
21
22
SIM5
SIM1
SIM2
SIM3
SIM4
1
21
22
SIM5
SIM1
SIM2
SIM3
SIM4
1
21
22
SIM5
SIM1
SIM2
SIM3
SIM4
1
21
22
SIM5
SIM1
SIM2
SIM3
SIM4
1
21
22
SIM5
SIM1
SIM2
SIM3
SIM4
1
21
22
SIM5
SIM1
SIM2
SIM3
SIM4
1
21
22
SIM5
SIM1
SIM2
SIM3
SIM4
1
21
22
SIM5
SIM1
SIM2
SIM3
SIM4
1
21
22
SIM5
SIM1
SIM2
SIM3
SIM4
1
21
22
SIM5
SIM1
SIM2
SIM3
SIM4
1
21
22
SIM5
SIM1
SIM2
SIM3
SIM4
1
21
22
SIM5
SIM1
SIM2
SIM3
SIM4
1
21
22
SIM5
SIM1
SIM2
SIM3
SIM4
1
21
22
SIM5
SIM1
SIM2
SIM3
SIM4
1
21
22
SIM5
SIM1
SIM2
SIM3
SIM4
1
21
22
SIM5
SIM1
SIM2
SIM3
SIM4
1
21
22
SIM5
SIM1
SIM2
SIM3
SIM4
1
21
22
SIM5
SIM1
SIM2
SIM3
SIM4
1
21
22
SIM5
SIM1
SIM2
SIM3
SIM4
1
21
22
SIM5
SIM1
SIM2
SIM3
SIM4
1
21
22
SIM5
SIM1
SIM2
SIM3
SIM4
1
21
22
SIM5
SIM1
SIM2
SIM3
SIM4
1
21
22
SIM5
SIM1
SIM2
SIM3
SIM4
1
21
22
SIM5
SIM1
SIM2
SIM3
SIM4
1
21
22
SIM5
SIM1
SIM2
SIM3
SIM4
1
21
22
SIM5
SIM1
SIM2
SIM3
SIM4
1
21
22
SIM5
SIM1
SIM2
SIM3
SIM4
1
21
22
SIM5
SIM1
SIM2
SIM3
SIM4
1
21
22
SIM5
SIM1
SIM2
SIM3
SIM4
1
21
22
SIM5
SIM1
SIM2
SIM3
SIM4
1
21
22
SIM5
SIM1
SIM2
SIM3
SIM4
1
21
22
SIM5
SIM1
SIM2
SIM3
SIM4
1
21
22
SIM5
SIM1
SIM2
SIM3
SIM4
1
21
22
SIM5
SIM1
SIM2
SIM3
SIM4
1
21
22
SIM5
SIM1
SIM2
SIM3
SIM4
1
21
22
SIM5
SIM1
SIM2
SIM3
SIM4
1
21
22
SIM5
SIM1
SIM2
SIM3
SIM4
1
21
22
SIM5
SIM1
SIM2
SIM3
SIM4
1
21
22
SIM5
SIM1
SIM2
SIM3
SIM4
1
21
22
SIM5
SIM1
SIM2
SIM3
SIM4
1
21
22
SIM5
SIM1
SIM2
SIM3
SIM4
1
21
22
SIM5
SIM1
SIM2
SIM3
SIM4
1
21
22
SIM5
SIM1
SIM2
SIM3
SIM4
1
21
22
SIM5
SIM1
SIM2
SIM3
SIM4
1
21
22
SIM5
SIM1
SIM2
SIM3
SIM4
1
21
22
SIM5
SIM1
SIM2
SIM3
SIM4
1
21
22
SIM5
SIM1
SIM2
SIM3
SIM4
1
21
22
SIM5
SIM1
SIM2
SIM3
SIM4
1
21
22
SIM5
SIM1
SIM2
SIM3
SIM4
1
21
22
SIM5
SIM1
SIM2
SIM3
SIM4
1
21
22
SIM5
SIM1
SIM2
SIM3
SIM4
1
21
22
SIM5
SIM1
SIM2
SIM3
SIM4
1
21
22
SIM5
SIM1
SIM2
SIM3
SIM4
1
21
22
SIM5
SIM1
SIM2
SIM3
SIM4
1
21
22
SIM5
SIM1
SIM2
SIM3
SIM4
1
21
22
SIM5
SIM1
SIM2
SIM3
SIM4
1
21
22
SIM5
SIM1
SIM2
SIM3
SIM4
1
21
22
SIM5
SIM1
SIM2
SIM3
SIM4
1
21
22
SIM5
SIM1
SIM2
SIM3
SIM4
1
21
22
SIM5
SIM1
SIM2
SIM3
SIM4
1
21
22
SIM5
SIM1
SIM2
SIM3
SIM4
1
21
22
SIM5
SIM1
SIM2
SIM3
SIM4
1
21
22
SIM5
SIM1
SIM2
SIM3
SIM4
1
21
22
SIM5
SIM1
SIM2
SIM3
SIM4
1
21
22
SIM5
SIM1
SIM2
SIM3
SIM4
1
21
22
SIM5
SIM1
SIM2
DEBUG 1 875
SIM1
SIM2
SIM3
SIM4
1
21
22
SIM5
SIM1
SIM2
SIM3
SIM4
1
21
22
SIM5
SIM1
SIM2
SIM3
SIM4
1
21
22
SIM5
SIM1
SIM2
SIM3
SIM4
1
21
22
SIM5
SIM1
SIM2
SIM3
SIM4
1
21
22
SIM5
SIM1
SIM2
SIM3
SIM4
1
21
22
SIM5
SIM1
SIM2
SIM3
SIM4
1
21
22
SIM5
SIM1
SIM2
SIM3
SIM4
1
21
22
SIM5
SIM1
SIM2
SIM3
SIM4
1
21
22
SIM5
SIM1
SIM2
SIM3
SIM4
1
21
22
SIM5
SIM1
SIM2
SIM3
SIM4
1
21
22
SIM5
SIM1
SIM2
SIM3
SIM4
1
21
22
SIM5
SIM1
SIM2
SIM3
SIM4
1
21
22
SIM5
SIM1
SIM2
SIM3
SIM4
1
21
22
SIM5
SIM1
SIM2
SIM3
SIM4
1
21
22
SIM5
SIM1
SIM2
SIM3
SIM4
1
21
22
SIM5
SIM1
SIM2
SIM3
SIM4
1
21
22
SIM5
SIM1
SIM2
SIM3
SIM4
1
21
22
SIM5
SIM1
SIM2
SIM3
SIM4
1
21
22
SIM5
SIM1
SIM2
SIM3
SIM4
1
21
22
SIM5
SIM1
SIM2
SIM3
SIM4
1
21
22
SIM5
SIM1
SIM2
SIM3
SIM4
1
21
22
SIM5
SIM1
SIM2
SIM3
SIM4
1
21
22
SIM5
SIM1
SIM2
SIM3
SIM4
1
21
22
SIM5
SIM1
SIM2
SIM3
SIM4
1
21
22
SIM5
SIM1
SIM2
SIM3
SIM4
1
21
22
SIM5
SIM1
SIM2
SIM3
SIM4
1
21
22
SIM5
SIM1
SIM2
SIM3
SIM4
1
21
22
SIM5
SIM1
SIM2
SIM3
SIM4
1
21
22
SIM5
SIM1
SIM2
SIM3
SIM4
1
21
22
SIM5
SIM1
SIM2
SIM3
SIM4
1
21
22
SIM5
SIM1
SIM2
SIM3
SIM4
1
21
22
SIM5
SIM1
SIM2
SIM3
SIM4
1
21
22
SIM5
SIM1
SIM2
SIM3
SIM4
1
21
22
SIM5
SIM1
SIM2
SIM3
SIM4
1
21
22
SIM5
SIM1
SIM2
SIM3
SIM4
1
21
22
SIM5
SIM1
SIM2
SIM3
SIM4
1
21
22
SIM5
SIM1
SIM2
SIM3
SIM4
1
21
22
SIM5
SIM1
SIM2
SIM3
SIM4
1
21
22
SIM5
SIM1
SIM2
SIM3
SIM4
1
21
22
SIM5
SIM1
SIM2
SIM3
SIM4
1
21
22
SIM5
SIM1
SIM2
SIM3
SIM4
1
21
22
SIM5
SIM1
SIM2
SIM3
SIM4
1
21
22
SIM5
SIM1
SIM2
SIM3
SIM4
1
21
22
SIM5
SIM1
SIM2
SIM3
SIM4
1
21
22
SIM5
SIM1
SIM2
SIM3
SIM4
1
21
22
SIM5
SIM1
SIM2
SIM3
SIM4
1
21
22
SIM5
SIM1
SIM2
SIM3
SIM4
1
21
22
SIM5
SIM1
SIM2
SIM3
SIM4
1
21
22
SIM5
SIM1
SIM2
SIM3
SIM4
1
21
22
SIM5
SIM1
SIM2
SIM3
SIM4
1
21
22
SIM5
SIM1
SIM2
SIM3
SIM4
1
21
22
SIM5
SIM1
SIM2
SIM3
SIM4
1
21
22
SIM5
SIM1
SIM2
SIM3
SIM4
1
21
22
SIM5
SIM1
SIM2
SIM3
SIM4
1
21
22
SIM5
SIM1
SIM2
SIM3
SIM4
1
21
22
SIM5
SIM1
SIM2
SIM3
SIM4
1
21
22
SIM5
SIM1
SIM2
SIM3
SIM4
1
21
22
SIM5
SIM1
SIM2
SIM3
SIM4
1
21
22
SIM5
SIM1
SIM2
SIM3
SIM4
1
21
22
SIM5
SIM1
SIM2
SIM3
SIM4
1
21
22
SIM5
SIM1
SIM2
SIM3
SIM4
1
21
22
SIM5
SIM1
SIM2
SIM3
SIM4
1
21
22
SIM5
SIM1
SIM2
SIM3
SIM4
1
21
22
SIM5
SIM1
SIM2
SIM3
SIM4
1
21
22
SIM5
SIM1
SIM2
SIM3
SIM4
1
21
22
SIM5
SIM1
SIM2
SIM3
SIM4
1
21
22
SIM5
SIM1
SIM2
SIM3
SIM4
1
21
22
SIM5
SIM1
SIM2
SIM3
SIM4
1
21
22
SIM5
SIM1
SIM2
SIM3
SIM4
1
21
22
SIM5
SIM1
SIM2
SIM3
SIM4
1
21
22
SIM5
SIM1
SIM2
SIM3
SIM4
1
21
22
SIM5
SIM1
SIM2
SIM3
SIM4
1
21
22
SIM5
SIM1
SIM2
SIM3
SIM4
1
21
22
SIM5
SIM1
SIM2
SIM3
SIM4
1
21
22
SIM5
SIM1
SIM2
SIM3
SIM4
1
21
22
SIM5
SIM1
SIM2
SIM3
SIM4
1
21
22
SIM5
SIM1
SIM2
SIM3
SIM4
1
21
22
SIM5
SIM1
SIM2
SIM3
SIM4
1
21
22
SIM5
SIM1
SIM2
SIM3
SIM4
1
21
22
SIM5
SIM1
SIM2
SIM3
SIM4
1
21
22
SIM5
SIM1
SIM2
SIM3
SIM4
1
21
22
SIM5
SIM1
SIM2
SIM3
SIM4
1
21
22
SIM5
SIM1
SIM2
SIM3
SIM4
1
21
22
SIM5
SIM1
SIM2
SIM3
SIM4
1
21
22
SIM5
SIM1
SIM2
SIM3
SIM4
1
21
22
SIM5
SIM1
SIM2
SIM3
SIM4
1
21
22
SIM5
SIM1
SIM2
SIM3
SIM4
1
21
22
SIM5
SIM1
SIM2
SIM3
SIM4
1
21
22
SIM5
SIM1
SIM2
SIM3
SIM4
1
21
22
SIM5
SIM1
SIM2
SIM3
SIM4
1
21
22
SIM5
SIM1
SIM2
SIM3
SIM4
1
21
22
SIM5
SIM1
SIM2
SIM3
SIM4
1
21
22
SIM5
SIM1
SIM2
SIM3
SIM4
1
21
22
SIM5
SIM1
SIM2
SIM3
SIM4
1
21
22
SIM5
SIM1
SIM2
SIM3
SIM4
1
21
22
SIM5
SIM1
SIM2
SIM3
SIM4
1
21
22
SIM5
SIM1
SIM2
SIM3
SIM4
1
21
22
SIM5
SIM1
SIM2
SIM3
SIM4
1
21
22
SIM5
SIM1
SIM2
SIM3
SIM4
1
21
22
SIM5
SIM1
SIM2
SIM3
SIM4
1
21
22
SIM5
SIM1
SIM2
SIM3
SIM4
1
21
22
SIM5
SIM1
SIM2
SIM3
SIM4
1
21
22
SIM5
SIM1
SIM2
SIM3
SIM4
1
21
22
SIM5
SIM1
SIM2
SIM3
SIM4
1
21
22
SIM5
SIM1
SIM2
SIM3
SIM4
1
21
22
SIM5
SIM1
SIM2
SIM3
SIM4
1
21
22
SIM5
SIM1
SIM2
SIM3
SIM4
1
21
22
SIM5
SIM1
SIM2
SIM3
SIM4
1
21
22
SIM5
SIM1
SIM2
SIM3
SIM4
1
21
22
SIM5
SIM1
SIM2
SIM3
SIM4
1
21
22
SIM5
SIM1
SIM2
SIM3
SIM4
1
21
22
SIM5
SIM1
SIM2
SIM3
SIM4
1
21
22
SIM5
SIM1
SIM2
SIM3
SIM4
1
21
22
SIM5
SIM1
SIM2
SIM3
SIM4
1
21
22
SIM5
SIM1
SIM2
SIM3
SIM4
1
21
22
SIM5
SIM1
SIM2
SIM3
SIM4
1
21
22
SIM5
SIM1
SIM2
SIM3
SIM4
1
21
22
SIM5
SIM1
SIM2
SIM3
SIM4
1
21
22
SIM5
SIM1
SIM2
SIM3
SIM4
1
21
22
SIM5
SIM1
SIM2
SIM3
SIM4
1
21
22
SIM5
SIM1
SIM2
SIM3
SIM4
1
21
22
SIM5
SIM1
SIM2
SIM3
SIM4
1
21
22
SIM5
SIM1
SIM2
SIM3
SIM4
1
21
22
SIM5
SIM1
SIM2
SIM3
SIM4
1
21
22
SIM5
SIM1
SIM2
SIM3
SIM4
1
21
22
SIM5
SIM1
SIM2
SIM3
SIM4
1
21
22
SIM5
SIM1
SIM2
SIM3
SIM4
1
21
22
SIM5
SIM1
SIM2
SIM3
SIM4
1
21
22
SIM5
SIM1
SIM2
SIM3
SIM4
1
21
22
SIM5
SIM1
SIM2
SIM3
SIM4
1
21
22
SIM5
SIM1
SIM2
SIM3
SIM4
1
21
22
SIM5
SIM1
SIM2
SIM3
SIM4
1
21
22
SIM5
SIM1
SIM2
SIM3
SIM4
1
21
22
SIM5
SIM1
SIM2
SIM3
SIM4
1
21
22
SIM5
SIM1
SIM2
SIM3
SIM4
1
21
22
SIM5
SIM1
SIM2
SIM3
SIM4
1
21
22
SIM5
SIM1
SIM2
SIM3
SIM4
1
21
22
SIM5
SIM1
SIM2
SIM3
SIM4
1
21
22
SIM5
SIM1
SIM2
SIM3
SIM4
1
21
22
SIM5
SIM1
SIM2
SIM3
SIM4
1
21
22
SIM5
SIM1
SIM2
SIM3
SIM4
1
21
22
SIM5
SIM1
SIM2
SIM3
SIM4
1
21
22
SIM5
SIM1
SIM2
SIM3
SIM4
1
21
22
SIM5
SIM1
SIM2
SIM3
SIM4
1
21
22
SIM5
SIM1
SIM2
SIM3
SIM4
1
21
22
SIM5
SIM1
SIM2
SIM3
SIM4
1
21
22
SIM5
SIM1
SIM2
SIM3
SIM4
1
21
22
SIM5
SIM1
SIM2
SIM3
SIM4
1
21
22
SIM5
SIM1
SIM2
SIM3
SIM4
1
21
22
SIM5
SIM1
SIM2
SIM3
SIM4
1
21
22
SIM5
SIM1
SIM2
SIM3
SIM4
1
21
22
SIM5
SIM1
SIM2
SIM3
SIM4
1
21
22
SIM5
SIM1
SIM2
SIM3
SIM4
1
21
22
SIM5
SIM1
SIM2
SIM3
SIM4
1
21
22
SIM5
SIM1
SIM2
SIM3
SIM4
1
21
22
SIM5
SIM1
SIM2
SIM3
SIM4
1
21
22
SIM5
SIM1
SIM2
SIM3
SIM4
1
21
22
SIM5
SIM1
SIM2
SIM3
SIM4
1
21
22
SIM5
SIM1
SIM2
SIM3
SIM4
1
21
22
SIM5
SIM1
SIM2
SIM3
SIM4
1
21
22
SIM5
SIM1
SIM2
SIM3
SIM4
1
21
22
SIM5
SIM1
SIM2
SIM3
SIM4
1
21
22
SIM5
SIM1
SIM2
SIM3
SIM4
1
21
22
SIM5
SIM1
SIM2
SIM3
SIM4
1
21
22
SIM5
SIM1
SIM2
SIM3
SIM4
1
21
22
SIM5
SIM1
SIM2
SIM3
SIM4
1
21
22
SIM5
SIM1
SIM2
SIM3
SIM4
1
21
22
SIM5
SIM1
SIM2
SIM3
SIM4
1
21
22
SIM5
SIM1
SIM2
SIM3
SIM4
1
21
22
SIM5
SIM1
SIM2
SIM3
SIM4
1
21
22
SIM5
SIM1
SIM2
SIM3
SIM4
1
21
22
SIM5
SIM1
SIM2
SIM3
SIM4
1
21
22
SIM5
SIM1
SIM2
SIM3
SIM4
1
21
22
SIM5
SIM1
SIM2
SIM3
SIM4
1
21
22
SIM5
SIM1
SIM2
SIM3
SIM4
1
21
22
SIM5
SIM1
SIM2
SIM3
SIM4
1
21
22
SIM5
SIM1
SIM2
SIM3
SIM4
1
21
22
SIM5
SIM1
SIM2
SIM3
SIM4
1
21
22
SIM5
SIM1
SIM2
SIM3
SIM4
1
21
22
SIM5
SIM1
SIM2
SIM3
SIM4
1
21
22
SIM5
SIM1
SIM2
SIM3
SIM4
1
21
22
SIM5
SIM1
SIM2
SIM3
SIM4
1
21
22
SIM5
SIM1
SIM2
SIM3
SIM4
1
21
22
SIM5
SIM1
SIM2
SIM3
SIM4
1
21
22
SIM5
SIM1
SIM2
SIM3
SIM4
1
21
22
SIM5
SIM1
SIM2
SIM3
SIM4
1
21
22
SIM5
SIM1
SIM2
SIM3
SIM4
1
21
22
SIM5
SIM1
SIM2
SIM3
SIM4
1
21
22
SIM5
SIM1
SIM2
SIM3
SIM4
1
21
22
SIM5
SIM1
SIM2
SIM3
SIM4
1
21
22
SIM5
SIM1
SIM2
SIM3
SIM4
1
21
22
SIM5
SIM1
SIM2
SIM3
SIM4
1
21
22
SIM5
SIM1
SIM2
SIM3
SIM4
1
21
22
SIM5
SIM1
SIM2
SIM3
SIM4
1
21
22
SIM5
SIM1
SIM2
SIM3
SIM4
1
21
22
SIM5
SIM1
SIM2
SIM3
SIM4
1
21
22
SIM5
SIM1
SIM2
SIM3
SIM4
1
21
22
SIM5
SIM1
SIM2
SIM3
SIM4
1
21
22
SIM5
SIM1
SIM2
SIM3
SIM4
1
21
22
SIM5
SIM1
SIM2
SIM3
SIM4
1
21
22
SIM5
SIM1
SIM2
SIM3
SIM4
1
21
22
SIM5
SIM1
SIM2
SIM3
SIM4
1
21
22
SIM5
SIM1
SIM2
SIM3
SIM4
1
21
22
SIM5
SIM1
SIM2
SIM3
SIM4
1
21
22
SIM5
SIM1
SIM2
SIM3
SIM4
1
21
22
SIM5
SIM1
SIM2
SIM3
SIM4
1
21
22
SIM5
SIM1
SIM2
SIM3
SIM4
1
21
22
SIM5
SIM1
SIM2
SIM3
SIM4
1
21
22
SIM5
SIM1
SIM2
SIM3
SIM4
1
21
22
SIM5
SIM1
SIM2
SIM3
SIM4
1
21
22
SIM5
SIM1
SIM2
SIM3
SIM4
1
21
22
SIM5
SIM1
SIM2
SIM3
SIM4
1
21
22
SIM5
SIM1
SIM2
SIM3
SIM4
1
21
22
SIM5
SIM1
SIM2
SIM3
SIM4
1
21
22
SIM5
SIM1
SIM2
SIM3
SIM4
1
21
22
SIM5
SIM1
SIM2
SIM3
SIM4
1
21
22
SIM5
SIM1
SIM2
SIM3
SIM4
1
21
22
SIM5
SIM1
SIM2
SIM3
SIM4
1
21
22
SIM5
SIM1
SIM2
SIM3
SIM4
1
21
22
SIM5
SIM1
SIM2
SIM3
SIM4
1
21
22
SIM5
SIM1
SIM2
SIM3
SIM4
1
21
22
SIM5
SIM1
SIM2
SIM3
SIM4
1
21
22
SIM5
SIM1
SIM2
SIM3
SIM4
1
21
22
SIM5
SIM1
SIM2
SIM3
SIM4
1
21
22
SIM5
SIM1
SIM2
DEBUG 1 876
SIM1
SIM2
SIM3
SIM4
1
21
22
SIM5
SIM1
SIM2
SIM3
SIM4
1
21
22
SIM5
SIM1
SIM2
SIM3
SIM4
1
21
22
SIM5
SIM1
SIM2
SIM3
SIM4
1
21
22
SIM5
SIM1
SIM2
SIM3
SIM4
1
21
22
SIM5
SIM1
SIM2
SIM3
SIM4
1
21
22
SIM5
SIM1
SIM2
SIM3
SIM4
1
21
22
SIM5
SIM1
SIM2
SIM3
SIM4
1
21
22
SIM5
SIM1
SIM2
SIM3
SIM4
1
21
22
SIM5
SIM1
SIM2
SIM3
SIM4
1
21
22
SIM5
SIM1
SIM2
SIM3
SIM4
1
21
22
SIM5
SIM1
SIM2
SIM3
SIM4
1
21
22
SIM5
SIM1
SIM2
SIM3
SIM4
1
21
22
SIM5
SIM1
SIM2
SIM3
SIM4
1
21
22
SIM5
SIM1
SIM2
SIM3
SIM4
1
21
22
SIM5
SIM1
SIM2
SIM3
SIM4
1
21
22
SIM5
SIM1
SIM2
SIM3
SIM4
1
21
22
SIM5
SIM1
SIM2
SIM3
SIM4
1
21
22
SIM5
SIM1
SIM2
SIM3
SIM4
1
21
22
SIM5
SIM1
SIM2
SIM3
SIM4
1
21
22
SIM5
SIM1
SIM2
SIM3
SIM4
1
21
22
SIM5
SIM1
SIM2
SIM3
SIM4
1
21
22
SIM5
SIM1
SIM2
SIM3
SIM4
1
21
22
SIM5
SIM1
SIM2
SIM3
SIM4
1
21
22
SIM5
SIM1
SIM2
SIM3
SIM4
1
21
22
SIM5
SIM1
SIM2
SIM3
SIM4
1
21
22
SIM5
SIM1
SIM2
SIM3
SIM4
1
21
22
SIM5
SIM1
SIM2
SIM3
SIM4
1
21
22
SIM5
SIM1
SIM2
SIM3
SIM4
1
21
22
SIM5
SIM1
SIM2
SIM3
SIM4
1
21
22
SIM5
SIM1
SIM2
SIM3
SIM4
1
21
22
SIM5
SIM1
SIM2
SIM3
SIM4
1
21
22
SIM5
SIM1
SIM2
SIM3
SIM4
1
21
22
SIM5
SIM1
SIM2
SIM3
SIM4
1
21
22
SIM5
SIM1
SIM2
SIM3
SIM4
1
21
22
SIM5
SIM1
SIM2
SIM3
SIM4
1
21
22
SIM5
SIM1
SIM2
SIM3
SIM4
1
21
22
SIM5
SIM1
SIM2
SIM3
SIM4
1
21
22
SIM5
SIM1
SIM2
SIM3
SIM4
1
21
22
SIM5
SIM1
SIM2
SIM3
SIM4
1
21
22
SIM5
SIM1
SIM2
SIM3
SIM4
1
21
22
SIM5
SIM1
SIM2
SIM3
SIM4
1
21
22
SIM5
SIM1
SIM2
SIM3
SIM4
1
21
22
SIM5
SIM1
SIM2
SIM3
SIM4
1
21
22
SIM5
SIM1
SIM2
SIM3
SIM4
1
21
22
SIM5
SIM1
SIM2
SIM3
SIM4
1
21
22
SIM5
SIM1
SIM2
SIM3
SIM4
1
21
22
SIM5
SIM1
SIM2
SIM3
SIM4
1
21
22
SIM5
SIM1
SIM2
SIM3
SIM4
1
21
22
SIM5
SIM1
SIM2
SIM3
SIM4
1
21
22
SIM5
SIM1
SIM2
SIM3
SIM4
1
21
22
SIM5
SIM1
SIM2
SIM3
SIM4
1
21
22
SIM5
SIM1
SIM2
SIM3
SIM4
1
21
22
SIM5
SIM1
SIM2
SIM3
SIM4
1
21
22
SIM5
SIM1
SIM2
SIM3
SIM4
1
21
22
SIM5
SIM1
SIM2
SIM3
SIM4
1
21
22
SIM5
SIM1
SIM2
SIM3
SIM4
1
21
22
SIM5
SIM1
SIM2
SIM3
SIM4
1
21
22
SIM5
SIM1
SIM2
SIM3
SIM4
1
21
22
SIM5
SIM1
SIM2
SIM3
SIM4
1
21
22
SIM5
SIM1
SIM2
SIM3
SIM4
1
21
22
SIM5
SIM1
SIM2
SIM3
SIM4
1
21
22
SIM5
SIM1
SIM2
SIM3
SIM4
1
21
22
SIM5
SIM1
SIM2
SIM3
SIM4
1
21
22
SIM5
SIM1
SIM2
SIM3
SIM4
1
21
22
SIM5
SIM1
SIM2
SIM3
SIM4
1
21
22
SIM5
SIM1
SIM2
SIM3
SIM4
1
21
22
SIM5
SIM1
SIM2
SIM3
SIM4
1
21
22
SIM5
SIM1
SIM2
SIM3
SIM4
1
21
22
SIM5
SIM1
SIM2
SIM3
SIM4
1
21
22
SIM5
SIM1
SIM2
SIM3
SIM4
1
21
22
SIM5
SIM1
SIM2
SIM3
SIM4
1
21
22
SIM5
SIM1
SIM2
SIM3
SIM4
1
21
22
SIM5
SIM1
SIM2
SIM3
SIM4
1
21
22
SIM5
SIM1
SIM2
SIM3
SIM4
1
21
22
SIM5
SIM1
SIM2
SIM3
SIM4
1
21
22
SIM5
SIM1
SIM2
SIM3
SIM4
1
21
22
SIM5
SIM1
SIM2
SIM3
SIM4
1
21
22
SIM5
SIM1
SIM2
SIM3
SIM4
1
21
22
SIM5
SIM1
SIM2
SIM3
SIM4
1
21
22
SIM5
SIM1
SIM2
SIM3
SIM4
1
21
22
SIM5
SIM1
SIM2
SIM3
SIM4
1
21
22
SIM5
SIM1
SIM2
SIM3
SIM4
1
21
22
SIM5
SIM1
SIM2
SIM3
SIM4
1
21
22
SIM5
SIM1
SIM2
SIM3
SIM4
1
21
22
SIM5
SIM1
SIM2
SIM3
SIM4
1
21
22
SIM5
SIM1
SIM2
SIM3
SIM4
1
21
22
SIM5
SIM1
SIM2
SIM3
SIM4
1
21
22
SIM5
SIM1
SIM2
SIM3
SIM4
1
21
22
SIM5
SIM1
SIM2
SIM3
SIM4
1
21
22
SIM5
SIM1
SIM2
SIM3
SIM4
1
21
22
SIM5
SIM1
SIM2
SIM3
SIM4
1
21
22
SIM5
SIM1
SIM2
SIM3
SIM4
1
21
22
SIM5
SIM1
SIM2
SIM3
SIM4
1
21
22
SIM5
SIM1
SIM2
SIM3
SIM4
1
21
22
SIM5
SIM1
SIM2
SIM3
SIM4
1
21
22
SIM5
SIM1
SIM2
SIM3
SIM4
1
21
22
SIM5
SIM1
SIM2
SIM3
SIM4
1
21
22
SIM5
SIM1
SIM2
SIM3
SIM4
1
21
22
SIM5
SIM1
SIM2
SIM3
SIM4
1
21
22
SIM5
SIM1
SIM2
SIM3
SIM4
1
21
22
SIM5
SIM1
SIM2
SIM3
SIM4
1
21
22
SIM5
SIM1
SIM2
SIM3
SIM4
1
21
22
SIM5
SIM1
SIM2
SIM3
SIM4
1
21
22
SIM5
SIM1
SIM2
SIM3
SIM4
1
21
22
SIM5
SIM1
SIM2
SIM3
SIM4
1
21
22
SIM5
SIM1
SIM2
SIM3
SIM4
1
21
22
SIM5
SIM1
SIM2
SIM3
SIM4
1
21
22
SIM5
SIM1
SIM2
SIM3
SIM4
1
21
22
SIM5
SIM1
SIM2
SIM3
SIM4
1
21
22
SIM5
SIM1
SIM2
SIM3
SIM4
1
21
22
SIM5
SIM1
SIM2
SIM3
SIM4
1
21
22
SIM5
SIM1
SIM2
SIM3
SIM4
1
21
22
SIM5
SIM1
SIM2
SIM3
SIM4
1
21
22
SIM5
SIM1
SIM2
SIM3
SIM4
1
21
22
SIM5
SIM1
SIM2
SIM3
SIM4
1
21
22
SIM5
SIM1
SIM2
SIM3
SIM4
1
21
22
SIM5
SIM1
SIM2
SIM3
SIM4
1
21
22
SIM5
SIM1
SIM2
SIM3
SIM4
1
21
22
SIM5
SIM1
SIM2
SIM3
SIM4
1
21
22
SIM5
SIM1
SIM2
SIM3
SIM4
1
21
22
SIM5
SIM1
SIM2
SIM3
SIM4
1
21
22
SIM5
SIM1
SIM2
SIM3
SIM4
1
21
22
SIM5
SIM1
SIM2
SIM3
SIM4
1
21
22
SIM5
SIM1
SIM2
SIM3
SIM4
1
21
22
SIM5
SIM1
SIM2
SIM3
SIM4
1
21
22
SIM5
SIM1
SIM2
DEBUG 1 877
SIM1
SIM2
SIM3
SIM4
1
21
22
SIM5
SIM1
SIM2
SIM3
SIM4
1
21
22
SIM5
SIM1
SIM2
SIM3
SIM4
1
21
22
SIM5
SIM1
SIM2
SIM3
SIM4
1
21
22
SIM5
SIM1
SIM2
SIM3
SIM4
1
21
22
SIM5
SIM1
SIM2
SIM3
SIM4
1
21
22
SIM5
SIM1
SIM2
SIM3
SIM4
1
21
22
SIM5
SIM1
SIM2
SIM3
SIM4
1
21
22
SIM5
SIM1
SIM2
SIM3
SIM4
1
21
22
SIM5
SIM1
SIM2
SIM3
SIM4
1
21
22
SIM5
SIM1
SIM2
SIM3
SIM4
1
21
22
SIM5
SIM1
SIM2
SIM3
SIM4
1
21
22
SIM5
SIM1
SIM2
SIM3
SIM4
1
21
22
SIM5
SIM1
SIM2
SIM3
SIM4
1
21
22
SIM5
SIM1
SIM2
SIM3
SIM4
1
21
22
SIM5
SIM1
SIM2
SIM3
SIM4
1
21
22
SIM5
SIM1
SIM2
SIM3
SIM4
1
21
22
SIM5
SIM1
SIM2
SIM3
SIM4
1
21
22
SIM5
SIM1
SIM2
SIM3
SIM4
1
21
22
SIM5
SIM1
SIM2
SIM3
SIM4
1
21
22
SIM5
SIM1
SIM2
SIM3
SIM4
1
21
22
SIM5
SIM1
SIM2
SIM3
SIM4
1
21
22
SIM5
SIM1
SIM2
SIM3
SIM4
1
21
22
SIM5
SIM1
SIM2
SIM3
SIM4
1
21
22
SIM5
SIM1
SIM2
SIM3
SIM4
1
21
22
SIM5
SIM1
SIM2
SIM3
SIM4
1
21
22
SIM5
SIM1
SIM2
SIM3
SIM4
1
21
22
SIM5
SIM1
SIM2
SIM3
SIM4
1
21
22
SIM5
SIM1
SIM2
SIM3
SIM4
1
21
22
SIM5
SIM1
SIM2
SIM3
SIM4
1
21
22
SIM5
SIM1
SIM2
SIM3
SIM4
1
21
22
SIM5
SIM1
SIM2
SIM3
SIM4
1
21
22
SIM5
SIM1
SIM2
SIM3
SIM4
1
21
22
SIM5
SIM1
SIM2
SIM3
SIM4
1
21
22
SIM5
SIM1
SIM2
SIM3
SIM4
1
21
22
SIM5
SIM1
SIM2
SIM3
SIM4
1
21
22
SIM5
SIM1
SIM2
SIM3
SIM4
1
21
22
SIM5
SIM1
SIM2
SIM3
SIM4
1
21
22
SIM5
SIM1
SIM2
SIM3
SIM4
1
21
22
SIM5
SIM1
SIM2
SIM3
SIM4
1
21
22
SIM5
SIM1
SIM2
SIM3
SIM4
1
21
22
SIM5
SIM1
SIM2
SIM3
SIM4
1
21
22
SIM5
SIM1
SIM2
SIM3
SIM4
1
21
22
SIM5
SIM1
SIM2
SIM3
SIM4
1
21
22
SIM5
SIM1
SIM2
SIM3
SIM4
1
21
22
SIM5
SIM1
SIM2
SIM3
SIM4
1
21
22
SIM5
SIM1
SIM2
SIM3
SIM4
1
21
22
SIM5
SIM1
SIM2
SIM3
SIM4
1
21
22
SIM5
SIM1
SIM2
SIM3
SIM4
1
21
22
SIM5
SIM1
SIM2
SIM3
SIM4
1
21
22
SIM5
SIM1
SIM2
SIM3
SIM4
1
21
22
SIM5
SIM1
SIM2
SIM3
SIM4
1
21
22
SIM5
SIM1
SIM2
SIM3
SIM4
1
21
22
SIM5
SIM1
SIM2
SIM3
SIM4
1
21
22
SIM5
SIM1
SIM2
SIM3
SIM4
1
21
22
SIM5
SIM1
SIM2
SIM3
SIM4
1
21
22
SIM5
SIM1
SIM2
SIM3
SIM4
1
21
22
SIM5
SIM1
SIM2
SIM3
SIM4
1
21
22
SIM5
SIM1
SIM2
SIM3
SIM4
1
21
22
SIM5
SIM1
SIM2
SIM3
SIM4
1
21
22
SIM5
SIM1
SIM2
SIM3
SIM4
1
21
22
SIM5
SIM1
SIM2
SIM3
SIM4
1
21
22
SIM5
SIM1
SIM2
SIM3
SIM4
1
21
22
SIM5
SIM1
SIM2
SIM3
SIM4
1
21
22
SIM5
SIM1
SIM2
SIM3
SIM4
1
21
22
SIM5
SIM1
SIM2
SIM3
SIM4
1
21
22
SIM5
SIM1
SIM2
SIM3
SIM4
1
21
22
SIM5
SIM1
SIM2
SIM3
SIM4
1
21
22
SIM5
SIM1
SIM2
SIM3
SIM4
1
21
22
SIM5
SIM1
SIM2
SIM3
SIM4
1
21
22
SIM5
SIM1
SIM2
SIM3
SIM4
1
21
22
SIM5
SIM1
SIM2
SIM3
SIM4
1
21
22
SIM5
SIM1
SIM2
SIM3
SIM4
1
21
22
SIM5
SIM1
SIM2
SIM3
SIM4
1
21
22
SIM5
SIM1
SIM2
SIM3
SIM4
1
21
22
SIM5
SIM1
SIM2
SIM3
SIM4
1
21
22
SIM5
SIM1
SIM2
SIM3
SIM4
1
21
22
SIM5
SIM1
SIM2
SIM3
SIM4
1
21
22
SIM5
SIM1
SIM2
SIM3
SIM4
1
21
22
SIM5
SIM1
SIM2
SIM3
SIM4
1
21
22
SIM5
SIM1
SIM2
SIM3
SIM4
1
21
22
SIM5
SIM1
SIM2
SIM3
SIM4
1
21
22
SIM5
SIM1
SIM2
SIM3
SIM4
1
21
22
SIM5
SIM1
SIM2
SIM3
SIM4
1
21
22
SIM5
SIM1
SIM2
SIM3
SIM4
1
21
22
SIM5
SIM1
SIM2
SIM3
SIM4
1
21
22
SIM5
SIM1
SIM2
SIM3
SIM4
1
21
22
SIM5
SIM1
SIM2
SIM3
SIM4
1
21
22
SIM5
SIM1
SIM2
SIM3
SIM4
1
21
22
SIM5
SIM1
SIM2
SIM3
SIM4
1
21
22
SIM5
SIM1
SIM2
SIM3
SIM4
1
21
22
SIM5
SIM1
SIM2
SIM3
SIM4
1
21
22
SIM5
SIM1
SIM2
SIM3
SIM4
1
21
22
SIM5
SIM1
SIM2
SIM3
SIM4
1
21
22
SIM5
SIM1
SIM2
SIM3
SIM4
1
21
22
SIM5
SIM1
SIM2
SIM3
SIM4
1
21
22
SIM5
SIM1
SIM2
SIM3
SIM4
1
21
22
SIM5
SIM1
SIM2
SIM3
SIM4
1
21
22
SIM5
SIM1
SIM2
SIM3
SIM4
1
21
22
SIM5
SIM1
SIM2
SIM3
SIM4
1
21
22
SIM5
SIM1
SIM2
SIM3
SIM4
1
21
22
SIM5
SIM1
SIM2
SIM3
SIM4
1
21
22
SIM5
SIM1
SIM2
SIM3
SIM4
1
21
22
SIM5
SIM1
SIM2
SIM3
SIM4
1
21
22
SIM5
SIM1
SIM2
SIM3
SIM4
1
21
22
SIM5
SIM1
SIM2
SIM3
SIM4
1
21
22
SIM5
SIM1
SIM2
SIM3
SIM4
1
21
22
SIM5
SIM1
SIM2
SIM3
SIM4
1
21
22
SIM5
SIM1
SIM2
SIM3
SIM4
1
21
22
SIM5
SIM1
SIM2
SIM3
SIM4
1
21
22
SIM5
SIM1
SIM2
SIM3
SIM4
1
21
22
SIM5
SIM1
SIM2
SIM3
SIM4
1
21
22
SIM5
SIM1
SIM2
SIM3
SIM4
1
21
22
SIM5
SIM1
SIM2
SIM3
SIM4
1
21
22
SIM5
SIM1
SIM2
SIM3
SIM4
1
21
22
SIM5
SIM1
SIM2
SIM3
SIM4
1
21
22
SIM5
SIM1
SIM2
SIM3
SIM4
1
21
22
SIM5
SIM1
SIM2
SIM3
SIM4
1
21
22
SIM5
SIM1
SIM2
SIM3
SIM4
1
21
22
SIM5
SIM1
SIM2
SIM3
SIM4
1
21
22
SIM5
SIM1
SIM2
SIM3
SIM4
1
21
22
SIM5
SIM1
SIM2
SIM3
SIM4
1
21
22
SIM5
SIM1
SIM2
SIM3
SIM4
1
21
22
SIM5
SIM1
SIM2
SIM3
SIM4
1
21
22
SIM5
SIM1
SIM2
SIM3
SIM4
1
21
22
SIM5
SIM1
SIM2
SIM3
SIM4
1
21
22
SIM5
SIM1
SIM2
SIM3
SIM4
1
21
22
SIM5
SIM1
SIM2
SIM3
SIM4
1
21
22
SIM5
SIM1
SIM2
SIM3
SIM4
1
21
22
SIM5
SIM1
SIM2
SIM3
SIM4
1
21
22
SIM5
SIM1
SIM2
SIM3
SIM4
1
21
22
SIM5
SIM1
SIM2
SIM3
SIM4
1
21
22
SIM5
SIM1
SIM2
SIM3
SIM4
1
21
22
SIM5
SIM1
SIM2
SIM3
SIM4
1
21
22
SIM5
SIM1
SIM2
SIM3
SIM4
1
21
22
SIM5
SIM1
SIM2
SIM3
SIM4
1
21
22
SIM5
SIM1
SIM2
SIM3
SIM4
1
21
22
SIM5
SIM1
SIM2
SIM3
SIM4
1
21
22
SIM5
SIM1
SIM2
SIM3
SIM4
1
21
22
SIM5
SIM1
SIM2
SIM3
SIM4
1
21
22
SIM5
SIM1
SIM2
SIM3
SIM4
1
21
22
SIM5
SIM1
SIM2
SIM3
SIM4
1
21
22
SIM5
SIM1
SIM2
SIM3
SIM4
1
21
22
SIM5
SIM1
SIM2
SIM3
SIM4
1
21
22
SIM5
SIM1
SIM2
SIM3
SIM4
1
21
22
SIM5
SIM1
SIM2
SIM3
SIM4
1
21
22
SIM5
SIM1
SIM2
SIM3
SIM4
1
21
22
SIM5
SIM1
SIM2
SIM3
SIM4
1
21
22
SIM5
SIM1
SIM2
SIM3
SIM4
1
21
22
SIM5
SIM1
SIM2
SIM3
SIM4
1
21
22
SIM5
SIM1
SIM2
SIM3
SIM4
1
21
22
SIM5
SIM1
SIM2
SIM3
SIM4
1
21
22
SIM5
SIM1
SIM2
SIM3
SIM4
1
21
22
SIM5
SIM1
SIM2
SIM3
SIM4
1
21
22
SIM5
SIM1
SIM2
SIM3
SIM4
1
21
22
SIM5
SIM1
SIM2
SIM3
SIM4
1
21
22
SIM5
SIM1
SIM2
SIM3
SIM4
1
21
22
SIM5
SIM1
SIM2
SIM3
SIM4
1
21
22
SIM5
SIM1
SIM2
SIM3
SIM4
1
21
22
SIM5
SIM1
SIM2
SIM3
SIM4
1
21
22
SIM5
SIM1
SIM2
SIM3
SIM4
1
21
22
SIM5
SIM1
SIM2
SIM3
SIM4
1
21
22
SIM5
SIM1
SIM2
SIM3
SIM4
1
21
22
SIM5
SIM1
SIM2
SIM3
SIM4
1
21
22
SIM5
SIM1
SIM2
SIM3
SIM4
1
21
22
SIM5
SIM1
SIM2
SIM3
SIM4
1
21
22
SIM5
SIM1
SIM2
SIM3
SIM4
1
21
22
SIM5
SIM1
SIM2
SIM3
SIM4
1
21
22
SIM5
SIM1
SIM2
SIM3
SIM4
1
21
22
SIM5
SIM1
SIM2
SIM3
SIM4
1
21
22
SIM5
SIM1
SIM2
SIM3
SIM4
1
21
22
SIM5
SIM1
SIM2
DEBUG 1 878
SIM1
SIM2
SIM3
SIM4
1
21
22
SIM5
SIM1
SIM2
SIM3
SIM4
1
21
22
SIM5
SIM1
SIM2
SIM3
SIM4
1
21
22
SIM5
SIM1
SIM2
SIM3
SIM4
1
21
22
SIM5
SIM1
SIM2
SIM3
SIM4
1
21
22
SIM5
SIM1
SIM2
SIM3
SIM4
1
21
22
SIM5
SIM1
SIM2
SIM3
SIM4
1
21
22
SIM5
SIM1
SIM2
SIM3
SIM4
1
21
22
SIM5
SIM1
SIM2
SIM3
SIM4
1
21
22
SIM5
SIM1
SIM2
SIM3
SIM4
1
21
22
SIM5
SIM1
SIM2
SIM3
SIM4
1
21
22
SIM5
SIM1
SIM2
SIM3
SIM4
1
21
22
SIM5
SIM1
SIM2
SIM3
SIM4
1
21
22
SIM5
SIM1
SIM2
SIM3
SIM4
1
21
22
SIM5
SIM1
SIM2
SIM3
SIM4
1
21
22
SIM5
SIM1
SIM2
SIM3
SIM4
1
21
22
SIM5
SIM1
SIM2
SIM3
SIM4
1
21
22
SIM5
SIM1
SIM2
SIM3
SIM4
1
21
22
SIM5
SIM1
SIM2
SIM3
SIM4
1
21
22
SIM5
SIM1
SIM2
SIM3
SIM4
1
21
22
SIM5
SIM1
SIM2
SIM3
SIM4
1
21
22
SIM5
SIM1
SIM2
SIM3
SIM4
1
21
22
SIM5
SIM1
SIM2
SIM3
SIM4
1
21
22
SIM5
SIM1
SIM2
SIM3
SIM4
1
21
22
SIM5
SIM1
SIM2
SIM3
SIM4
1
21
22
SIM5
SIM1
SIM2
SIM3
SIM4
1
21
22
SIM5
SIM1
SIM2
SIM3
SIM4
1
21
22
SIM5
SIM1
SIM2
SIM3
SIM4
1
21
22
SIM5
SIM1
SIM2
SIM3
SIM4
1
21
22
SIM5
SIM1
SIM2
SIM3
SIM4
1
21
22
SIM5
SIM1
SIM2
SIM3
SIM4
1
21
22
SIM5
SIM1
SIM2
SIM3
SIM4
1
21
22
SIM5
SIM1
SIM2
SIM3
SIM4
1
21
22
SIM5
SIM1
SIM2
SIM3
SIM4
1
21
22
SIM5
SIM1
SIM2
SIM3
SIM4
1
21
22
SIM5
SIM1
SIM2
SIM3
SIM4
1
21
22
SIM5
SIM1
SIM2
SIM3
SIM4
1
21
22
SIM5
SIM1
SIM2
SIM3
SIM4
1
21
22
SIM5
SIM1
SIM2
SIM3
SIM4
1
21
22
SIM5
SIM1
SIM2
SIM3
SIM4
1
21
22
SIM5
SIM1
SIM2
SIM3
SIM4
1
21
22
SIM5
SIM1
SIM2
SIM3
SIM4
1
21
22
SIM5
SIM1
SIM2
SIM3
SIM4
1
21
22
SIM5
SIM1
SIM2
SIM3
SIM4
1
21
22
SIM5
SIM1
SIM2
SIM3
SIM4
1
21
22
SIM5
SIM1
SIM2
SIM3
SIM4
1
21
22
SIM5
SIM1
SIM2
SIM3
SIM4
1
21
22
SIM5
SIM1
SIM2
SIM3
SIM4
1
21
22
SIM5
SIM1
SIM2
SIM3
SIM4
1
21
22
SIM5
SIM1
SIM2
SIM3
SIM4
1
21
22
SIM5
SIM1
SIM2
SIM3
SIM4
1
21
22
SIM5
SIM1
SIM2
SIM3
SIM4
1
21
22
SIM5
SIM1
SIM2
SIM3
SIM4
1
21
22
SIM5
SIM1
SIM2
SIM3
SIM4
1
21
22
SIM5
SIM1
SIM2
SIM3
SIM4
1
21
22
SIM5
SIM1
SIM2
SIM3
SIM4
1
21
22
SIM5
SIM1
SIM2
SIM3
SIM4
1
21
22
SIM5
SIM1
SIM2
SIM3
SIM4
1
21
22
SIM5
SIM1
SIM2
SIM3
SIM4
1
21
22
SIM5
SIM1
SIM2
SIM3
SIM4
1
21
22
SIM5
SIM1
SIM2
SIM3
SIM4
1
21
22
SIM5
SIM1
SIM2
SIM3
SIM4
1
21
22
SIM5
SIM1
SIM2
SIM3
SIM4
1
21
22
SIM5
SIM1
SIM2
SIM3
SIM4
1
21
22
SIM5
SIM1
SIM2
SIM3
SIM4
1
21
22
SIM5
SIM1
SIM2
SIM3
SIM4
1
21
22
SIM5
SIM1
SIM2
SIM3
SIM4
1
21
22
SIM5
SIM1
SIM2
SIM3
SIM4
1
21
22
SIM5
SIM1
SIM2
SIM3
SIM4
1
21
22
SIM5
SIM1
SIM2
SIM3
SIM4
1
21
22
SIM5
SIM1
SIM2
SIM3
SIM4
1
21
22
SIM5
SIM1
SIM2
SIM3
SIM4
1
21
22
SIM5
SIM1
SIM2
SIM3
SIM4
1
21
22
SIM5
SIM1
SIM2
SIM3
SIM4
1
21
22
SIM5
SIM1
SIM2
SIM3
SIM4
1
21
22
SIM5
SIM1
SIM2
SIM3
SIM4
1
21
22
SIM5
SIM1
SIM2
SIM3
SIM4
1
21
22
SIM5
SIM1
SIM2
SIM3
SIM4
1
21
22
SIM5
SIM1
SIM2
SIM3
SIM4
1
21
22
SIM5
SIM1
SIM2
SIM3
SIM4
1
21
22
SIM5
SIM1
SIM2
SIM3
SIM4
1
21
22
SIM5
SIM1
SIM2
SIM3
SIM4
1
21
22
SIM5
SIM1
SIM2
SIM3
SIM4
1
21
22
SIM5
SIM1
SIM2
SIM3
SIM4
1
21
22
SIM5
SIM1
SIM2
SIM3
SIM4
1
21
22
SIM5
SIM1
SIM2
SIM3
SIM4
1
21
22
SIM5
SIM1
SIM2
SIM3
SIM4
1
21
22
SIM5
SIM1
SIM2
SIM3
SIM4
1
21
22
SIM5
SIM1
SIM2
SIM3
SIM4
1
21
22
SIM5
SIM1
SIM2
SIM3
SIM4
1
21
22
SIM5
SIM1
SIM2
SIM3
SIM4
1
21
22
SIM5
SIM1
SIM2
SIM3
SIM4
1
21
22
SIM5
SIM1
SIM2
SIM3
SIM4
1
21
22
SIM5
SIM1
SIM2
SIM3
SIM4
1
21
22
SIM5
SIM1
SIM2
SIM3
SIM4
1
21
22
SIM5
SIM1
SIM2
SIM3
SIM4
1
21
22
SIM5
SIM1
SIM2
SIM3
SIM4
1
21
22
SIM5
SIM1
SIM2
SIM3
SIM4
1
21
22
SIM5
SIM1
SIM2
SIM3
SIM4
1
21
22
SIM5
SIM1
SIM2
SIM3
SIM4
1
21
22
SIM5
SIM1
SIM2
SIM3
SIM4
1
21
22
SIM5
SIM1
SIM2
SIM3
SIM4
1
21
22
SIM5
SIM1
SIM2
SIM3
SIM4
1
21
22
SIM5
SIM1
SIM2
SIM3
SIM4
1
21
22
SIM5
SIM1
SIM2
SIM3
SIM4
1
21
22
SIM5
SIM1
SIM2
SIM3
SIM4
1
21
22
SIM5
SIM1
SIM2
SIM3
SIM4
1
21
22
SIM5
SIM1
SIM2
SIM3
SIM4
1
21
22
SIM5
SIM1
SIM2
SIM3
SIM4
1
21
22
SIM5
SIM1
SIM2
SIM3
SIM4
1
21
22
SIM5
SIM1
SIM2
SIM3
SIM4
1
21
22
SIM5
SIM1
SIM2
SIM3
SIM4
1
21
22
SIM5
SIM1
SIM2
SIM3
SIM4
1
21
22
SIM5
SIM1
SIM2
SIM3
SIM4
1
21
22
SIM5
SIM1
SIM2
SIM3
SIM4
1
21
22
SIM5
SIM1
SIM2
SIM3
SIM4
1
21
22
SIM5
SIM1
SIM2
SIM3
SIM4
1
21
22
SIM5
SIM1
SIM2
SIM3
SIM4
1
21
22
SIM5
SIM1
SIM2
SIM3
SIM4
1
21
22
SIM5
SIM1
SIM2
SIM3
SIM4
1
21
22
SIM5
SIM1
SIM2
SIM3
SIM4
1
21
22
SIM5
SIM1
SIM2
SIM3
SIM4
1
21
22
SIM5
SIM1
SIM2
SIM3
SIM4
1
21
22
SIM5
SIM1
SIM2
SIM3
SIM4
1
21
22
SIM5
SIM1
SIM2
SIM3
SIM4
1
21
22
SIM5
SIM1
SIM2
SIM3
SIM4
1
21
22
SIM5
SIM1
SIM2
SIM3
SIM4
1
21
22
SIM5
SIM1
SIM2
SIM3
SIM4
1
21
22
SIM5
SIM1
SIM2
SIM3
SIM4
1
21
22
SIM5
SIM1
SIM2
SIM3
SIM4
1
21
22
SIM5
SIM1
SIM2
SIM3
SIM4
1
21
22
SIM5
SIM1
SIM2
SIM3
SIM4
1
21
22
SIM5
SIM1
SIM2
SIM3
SIM4
1
21
22
SIM5
SIM1
SIM2
SIM3
SIM4
1
21
22
SIM5
SIM1
SIM2
SIM3
SIM4
1
21
22
SIM5
SIM1
SIM2
SIM3
SIM4
1
21
22
SIM5
SIM1
SIM2
SIM3
SIM4
1
21
22
SIM5
SIM1
SIM2
SIM3
SIM4
1
21
22
SIM5
SIM1
SIM2
SIM3
SIM4
1
21
22
SIM5
SIM1
SIM2
SIM3
SIM4
1
21
22
SIM5
SIM1
SIM2
SIM3
SIM4
1
21
22
SIM5
SIM1
SIM2
SIM3
SIM4
1
21
22
SIM5
SIM1
SIM2
SIM3
SIM4
1
21
22
SIM5
SIM1
SIM2
SIM3
SIM4
1
21
22
SIM5
SIM1
SIM2
SIM3
SIM4
1
21
22
SIM5
SIM1
SIM2
SIM3
SIM4
1
21
22
SIM5
SIM1
SIM2
SIM3
SIM4
1
21
22
SIM5
SIM1
SIM2
SIM3
SIM4
1
21
22
SIM5
SIM1
SIM2
SIM3
SIM4
1
21
22
SIM5
SIM1
SIM2
SIM3
SIM4
1
21
22
SIM5
SIM1
SIM2
SIM3
SIM4
1
21
22
SIM5
SIM1
SIM2
SIM3
SIM4
1
21
22
SIM5
SIM1
SIM2
SIM3
SIM4
1
21
22
SIM5
SIM1
SIM2
DEBUG 1 879
SIM1
SIM2
SIM3
SIM4
1
21
22
SIM5
SIM1
SIM2
SIM3
SIM4
1
21
22
SIM5
SIM1
SIM2
SIM3
SIM4
1
21
22
SIM5
SIM1
SIM2
SIM3
SIM4
1
21
22
SIM5
SIM1
SIM2
SIM3
SIM4
1
21
22
SIM5
SIM1
SIM2
SIM3
SIM4
1
21
22
SIM5
SIM1
SIM2
SIM3
SIM4
1
21
22
SIM5
SIM1
SIM2
SIM3
SIM4
1
21
22
SIM5
SIM1
SIM2
SIM3
SIM4
1
21
22
SIM5
SIM1
SIM2
SIM3
SIM4
1
21
22
SIM5
SIM1
SIM2
SIM3
SIM4
1
21
22
SIM5
SIM1
SIM2
SIM3
SIM4
1
21
22
SIM5
SIM1
SIM2
SIM3
SIM4
1
21
22
SIM5
SIM1
SIM2
SIM3
SIM4
1
21
22
SIM5
SIM1
SIM2
SIM3
SIM4
1
21
22
SIM5
SIM1
SIM2
SIM3
SIM4
1
21
22
SIM5
SIM1
SIM2
SIM3
SIM4
1
21
22
SIM5
SIM1
SIM2
SIM3
SIM4
1
21
22
SIM5
SIM1
SIM2
SIM3
SIM4
1
21
22
SIM5
SIM1
SIM2
SIM3
SIM4
1
21
22
SIM5
SIM1
SIM2
SIM3
SIM4
1
21
22
SIM5
SIM1
SIM2
SIM3
SIM4
1
21
22
SIM5
SIM1
SIM2
SIM3
SIM4
1
21
22
SIM5
SIM1
SIM2
SIM3
SIM4
1
21
22
SIM5
SIM1
SIM2
SIM3
SIM4
1
21
22
SIM5
SIM1
SIM2
SIM3
SIM4
1
21
22
SIM5
SIM1
SIM2
SIM3
SIM4
1
21
22
SIM5
SIM1
SIM2
SIM3
SIM4
1
21
22
SIM5
SIM1
SIM2
SIM3
SIM4
1
21
22
SIM5
SIM1
SIM2
SIM3
SIM4
1
21
22
SIM5
SIM1
SIM2
SIM3
SIM4
1
21
22
SIM5
SIM1
SIM2
SIM3
SIM4
1
21
22
SIM5
SIM1
SIM2
SIM3
SIM4
1
21
22
SIM5
SIM1
SIM2
SIM3
SIM4
1
21
22
SIM5
SIM1
SIM2
SIM3
SIM4
1
21
22
SIM5
SIM1
SIM2
SIM3
SIM4
1
21
22
SIM5
SIM1
SIM2
SIM3
SIM4
1
21
22
SIM5
SIM1
SIM2
SIM3
SIM4
1
21
22
SIM5
SIM1
SIM2
SIM3
SIM4
1
21
22
SIM5
SIM1
SIM2
SIM3
SIM4
1
21
22
SIM5
SIM1
SIM2
SIM3
SIM4
1
21
22
SIM5
SIM1
SIM2
SIM3
SIM4
1
21
22
SIM5
SIM1
SIM2
SIM3
SIM4
1
21
22
SIM5
SIM1
SIM2
SIM3
SIM4
1
21
22
SIM5
SIM1
SIM2
SIM3
SIM4
1
21
22
SIM5
SIM1
SIM2
SIM3
SIM4
1
21
22
SIM5
SIM1
SIM2
SIM3
SIM4
1
21
22
SIM5
SIM1
SIM2
SIM3
SIM4
1
21
22
SIM5
SIM1
SIM2
SIM3
SIM4
1
21
22
SIM5
SIM1
SIM2
SIM3
SIM4
1
21
22
SIM5
SIM1
SIM2
SIM3
SIM4
1
21
22
SIM5
SIM1
SIM2
SIM3
SIM4
1
21
22
SIM5
SIM1
SIM2
SIM3
SIM4
1
21
22
SIM5
SIM1
SIM2
SIM3
SIM4
1
21
22
SIM5
SIM1
SIM2
SIM3
SIM4
1
21
22
SIM5
SIM1
SIM2
SIM3
SIM4
1
21
22
SIM5
SIM1
SIM2
SIM3
SIM4
1
21
22
SIM5
SIM1
SIM2
SIM3
SIM4
1
21
22
SIM5
SIM1
SIM2
SIM3
SIM4
1
21
22
SIM5
SIM1
SIM2
SIM3
SIM4
1
21
22
SIM5
SIM1
SIM2
SIM3
SIM4
1
21
22
SIM5
SIM1
SIM2
SIM3
SIM4
1
21
22
SIM5
SIM1
SIM2
SIM3
SIM4
1
21
22
SIM5
SIM1
SIM2
SIM3
SIM4
1
21
22
SIM5
SIM1
SIM2
SIM3
SIM4
1
21
22
SIM5
SIM1
SIM2
SIM3
SIM4
1
21
22
SIM5
SIM1
SIM2
SIM3
SIM4
1
21
22
SIM5
SIM1
SIM2
SIM3
SIM4
1
21
22
SIM5
SIM1
SIM2
SIM3
SIM4
1
21
22
SIM5
SIM1
SIM2
SIM3
SIM4
1
21
22
SIM5
SIM1
SIM2
SIM3
SIM4
1
21
22
SIM5
SIM1
SIM2
SIM3
SIM4
1
21
22
SIM5
SIM1
SIM2
SIM3
SIM4
1
21
22
SIM5
SIM1
SIM2
SIM3
SIM4
1
21
22
SIM5
SIM1
SIM2
SIM3
SIM4
1
21
22
SIM5
SIM1
SIM2
SIM3
SIM4
1
21
22
SIM5
SIM1
SIM2
SIM3
SIM4
1
21
22
SIM5
SIM1
SIM2
SIM3
SIM4
1
21
22
SIM5
SIM1
SIM2
SIM3
SIM4
1
21
22
SIM5
SIM1
SIM2
SIM3
SIM4
1
21
22
SIM5
SIM1
SIM2
SIM3
SIM4
1
21
22
SIM5
SIM1
SIM2
SIM3
SIM4
1
21
22
SIM5
SIM1
SIM2
SIM3
SIM4
1
21
22
SIM5
SIM1
SIM2
SIM3
SIM4
1
21
22
SIM5
SIM1
SIM2
SIM3
SIM4
1
21
22
SIM5
SIM1
SIM2
SIM3
SIM4
1
21
22
SIM5
SIM1
SIM2
SIM3
SIM4
1
21
22
SIM5
SIM1
SIM2
SIM3
SIM4
1
21
22
SIM5
SIM1
SIM2
SIM3
SIM4
1
21
22
SIM5
SIM1
SIM2
SIM3
SIM4
1
21
22
SIM5
SIM1
SIM2
SIM3
SIM4
1
21
22
SIM5
SIM1
SIM2
SIM3
SIM4
1
21
22
SIM5
SIM1
SIM2
SIM3
SIM4
1
21
22
SIM5
SIM1
SIM2
SIM3
SIM4
1
21
22
SIM5
SIM1
SIM2
SIM3
SIM4
1
21
22
SIM5
SIM1
SIM2
SIM3
SIM4
1
21
22
SIM5
SIM1
SIM2
SIM3
SIM4
1
21
22
SIM5
SIM1
SIM2
SIM3
SIM4
1
21
22
SIM5
SIM1
SIM2
SIM3
SIM4
1
21
22
SIM5
SIM1
SIM2
SIM3
SIM4
1
21
22
SIM5
SIM1
SIM2
SIM3
SIM4
1
21
22
SIM5
SIM1
SIM2
SIM3
SIM4
1
21
22
SIM5
SIM1
SIM2
SIM3
SIM4
1
21
22
SIM5
SIM1
SIM2
SIM3
SIM4
1
21
22
SIM5
SIM1
SIM2
SIM3
SIM4
1
21
22
SIM5
SIM1
SIM2
SIM3
SIM4
1
21
22
SIM5
SIM1
SIM2
SIM3
SIM4
1
21
22
SIM5
SIM1
SIM2
SIM3
SIM4
1
21
22
SIM5
SIM1
SIM2
SIM3
SIM4
1
21
22
SIM5
SIM1
SIM2
SIM3
SIM4
1
21
22
SIM5
SIM1
SIM2
SIM3
SIM4
1
21
22
SIM5
SIM1
SIM2
SIM3
SIM4
1
21
22
SIM5
SIM1
SIM2
SIM3
SIM4
1
21
22
SIM5
SIM1
SIM2
SIM3
SIM4
1
21
22
SIM5
SIM1
SIM2
SIM3
SIM4
1
21
22
SIM5
SIM1
SIM2
SIM3
SIM4
1
21
22
SIM5
SIM1
SIM2
SIM3
SIM4
1
21
22
SIM5
SIM1
SIM2
SIM3
SIM4
1
21
22
SIM5
SIM1
SIM2
SIM3
SIM4
1
21
22
SIM5
SIM1
SIM2
SIM3
SIM4
1
21
22
SIM5
SIM1
SIM2
SIM3
SIM4
1
21
22
SIM5
SIM1
SIM2
SIM3
SIM4
1
21
22
SIM5
SIM1
SIM2
SIM3
SIM4
1
21
22
SIM5
SIM1
SIM2
SIM3
SIM4
1
21
22
SIM5
SIM1
SIM2
SIM3
SIM4
1
21
22
SIM5
SIM1
SIM2
SIM3
SIM4
1
21
22
SIM5
SIM1
SIM2
SIM3
SIM4
1
21
22
SIM5
SIM1
SIM2
SIM3
SIM4
1
21
22
SIM5
SIM1
SIM2
SIM3
SIM4
1
21
22
SIM5
SIM1
SIM2
SIM3
SIM4
1
21
22
SIM5
SIM1
SIM2
SIM3
SIM4
1
21
22
SIM5
SIM1
SIM2
SIM3
SIM4
1
21
22
SIM5
SIM1
SIM2
SIM3
SIM4
1
21
22
SIM5
SIM1
SIM2
SIM3
SIM4
1
21
22
SIM5
SIM1
SIM2
SIM3
SIM4
1
21
22
SIM5
SIM1
SIM2
SIM3
SIM4
1
21
22
SIM5
SIM1
SIM2
SIM3
SIM4
1
21
22
SIM5
SIM1
SIM2
SIM3
SIM4
1
21
22
SIM5
SIM1
SIM2
SIM3
SIM4
1
21
22
SIM5
SIM1
SIM2
SIM3
SIM4
1
21
22
SIM5
SIM1
SIM2
SIM3
SIM4
1
21
22
SIM5
SIM1
SIM2
SIM3
SIM4
1
21
22
SIM5
SIM1
SIM2
SIM3
SIM4
1
21
22
SIM5
SIM1
SIM2
SIM3
SIM4
1
21
22
SIM5
SIM1
SIM2
SIM3
SIM4
1
21
22
SIM5
SIM1
SIM2
SIM3
SIM4
1
21
22
SIM5
SIM1
SIM2
DEBUG 1 880
SIM1
SIM2
SIM3
SIM4
1
21
22
SIM5
SIM1
SIM2
SIM3
SIM4
1
21
22
SIM5
SIM1
SIM2
SIM3
SIM4
1
21
22
SIM5
SIM1
SIM2
SIM3
SIM4
1
21
22
SIM5
SIM1
SIM2
SIM3
SIM4
1
21
22
SIM5
SIM1
SIM2
SIM3
SIM4
1
21
22
SIM5
SIM1
SIM2
SIM3
SIM4
1
21
22
SIM5
SIM1
SIM2
SIM3
SIM4
1
21
22
SIM5
SIM1
SIM2
SIM3
SIM4
1
21
22
SIM5
SIM1
SIM2
SIM3
SIM4
1
21
22
SIM5
SIM1
SIM2
SIM3
SIM4
1
21
22
SIM5
SIM1
SIM2
SIM3
SIM4
1
21
22
SIM5
SIM1
SIM2
SIM3
SIM4
1
21
22
SIM5
SIM1
SIM2
SIM3
SIM4
1
21
22
SIM5
SIM1
SIM2
SIM3
SIM4
1
21
22
SIM5
SIM1
SIM2
SIM3
SIM4
1
21
22
SIM5
SIM1
SIM2
SIM3
SIM4
1
21
22
SIM5
SIM1
SIM2
SIM3
SIM4
1
21
22
SIM5
SIM1
SIM2
SIM3
SIM4
1
21
22
SIM5
SIM1
SIM2
SIM3
SIM4
1
21
22
SIM5
SIM1
SIM2
SIM3
SIM4
1
21
22
SIM5
SIM1
SIM2
SIM3
SIM4
1
21
22
SIM5
SIM1
SIM2
SIM3
SIM4
1
21
22
SIM5
SIM1
SIM2
SIM3
SIM4
1
21
22
SIM5
SIM1
SIM2
SIM3
SIM4
1
21
22
SIM5
SIM1
SIM2
SIM3
SIM4
1
21
22
SIM5
SIM1
SIM2
SIM3
SIM4
1
21
22
SIM5
SIM1
SIM2
SIM3
SIM4
1
21
22
SIM5
SIM1
SIM2
SIM3
SIM4
1
21
22
SIM5
SIM1
SIM2
SIM3
SIM4
1
21
22
SIM5
SIM1
SIM2
SIM3
SIM4
1
21
22
SIM5
SIM1
SIM2
SIM3
SIM4
1
21
22
SIM5
SIM1
SIM2
SIM3
SIM4
1
21
22
SIM5
SIM1
SIM2
SIM3
SIM4
1
21
22
SIM5
SIM1
SIM2
SIM3
SIM4
1
21
22
SIM5
SIM1
SIM2
SIM3
SIM4
1
21
22
SIM5
SIM1
SIM2
SIM3
SIM4
1
21
22
SIM5
SIM1
SIM2
SIM3
SIM4
1
21
22
SIM5
SIM1
SIM2
SIM3
SIM4
1
21
22
SIM5
SIM1
SIM2
SIM3
SIM4
1
21
22
SIM5
SIM1
SIM2
SIM3
SIM4
1
21
22
SIM5
SIM1
SIM2
SIM3
SIM4
1
21
22
SIM5
SIM1
SIM2
SIM3
SIM4
1
21
22
SIM5
SIM1
SIM2
SIM3
SIM4
1
21
22
SIM5
SIM1
SIM2
SIM3
SIM4
1
21
22
SIM5
SIM1
SIM2
SIM3
SIM4
1
21
22
SIM5
SIM1
SIM2
SIM3
SIM4
1
21
22
SIM5
SIM1
SIM2
SIM3
SIM4
1
21
22
SIM5
SIM1
SIM2
SIM3
SIM4
1
21
22
SIM5
SIM1
SIM2
SIM3
SIM4
1
21
22
SIM5
SIM1
SIM2
SIM3
SIM4
1
21
22
SIM5
SIM1
SIM2
SIM3
SIM4
1
21
22
SIM5
SIM1
SIM2
SIM3
SIM4
1
21
22
SIM5
SIM1
SIM2
SIM3
SIM4
1
21
22
SIM5
SIM1
SIM2
SIM3
SIM4
1
21
22
SIM5
SIM1
SIM2
SIM3
SIM4
1
21
22
SIM5
SIM1
SIM2
SIM3
SIM4
1
21
22
SIM5
SIM1
SIM2
SIM3
SIM4
1
21
22
SIM5
SIM1
SIM2
SIM3
SIM4
1
21
22
SIM5
SIM1
SIM2
SIM3
SIM4
1
21
22
SIM5
SIM1
SIM2
SIM3
SIM4
1
21
22
SIM5
SIM1
SIM2
SIM3
SIM4
1
21
22
SIM5
SIM1
SIM2
SIM3
SIM4
1
21
22
SIM5
SIM1
SIM2
SIM3
SIM4
1
21
22
SIM5
SIM1
SIM2
SIM3
SIM4
1
21
22
SIM5
SIM1
SIM2
SIM3
SIM4
1
21
22
SIM5
SIM1
SIM2
SIM3
SIM4
1
21
22
SIM5
SIM1
SIM2
SIM3
SIM4
1
21
22
SIM5
SIM1
SIM2
SIM3
SIM4
1
21
22
SIM5
SIM1
SIM2
SIM3
SIM4
1
21
22
SIM5
SIM1
SIM2
SIM3
SIM4
1
21
22
SIM5
SIM1
SIM2
SIM3
SIM4
1
21
22
SIM5
SIM1
SIM2
SIM3
SIM4
1
21
22
SIM5
SIM1
SIM2
SIM3
SIM4
1
21
22
SIM5
SIM1
SIM2
SIM3
SIM4
1
21
22
SIM5
SIM1
SIM2
SIM3
SIM4
1
21
22
SIM5
SIM1
SIM2
SIM3
SIM4
1
21
22
SIM5
SIM1
SIM2
SIM3
SIM4
1
21
22
SIM5
SIM1
SIM2
SIM3
SIM4
1
21
22
SIM5
SIM1
SIM2
SIM3
SIM4
1
21
22
SIM5
SIM1
SIM2
SIM3
SIM4
1
21
22
SIM5
SIM1
SIM2
SIM3
SIM4
1
21
22
SIM5
SIM1
SIM2
SIM3
SIM4
1
21
22
SIM5
SIM1
SIM2
SIM3
SIM4
1
21
22
SIM5
SIM1
SIM2
SIM3
SIM4
1
21
22
SIM5
SIM1
SIM2
SIM3
SIM4
1
21
22
SIM5
SIM1
SIM2
SIM3
SIM4
1
21
22
SIM5
SIM1
SIM2
SIM3
SIM4
1
21
22
SIM5
SIM1
SIM2
SIM3
SIM4
1
21
22
SIM5
SIM1
SIM2
SIM3
SIM4
1
21
22
SIM5
SIM1
SIM2
SIM3
SIM4
1
21
22
SIM5
SIM1
SIM2
SIM3
SIM4
1
21
22
SIM5
SIM1
SIM2
SIM3
SIM4
1
21
22
SIM5
SIM1
SIM2
SIM3
SIM4
1
21
22
SIM5
SIM1
SIM2
SIM3
SIM4
1
21
22
SIM5
SIM1
SIM2
SIM3
SIM4
1
21
22
SIM5
SIM1
SIM2
SIM3
SIM4
1
21
22
SIM5
SIM1
SIM2
SIM3
SIM4
1
21
22
SIM5
SIM1
SIM2
SIM3
SIM4
1
21
22
SIM5
SIM1
SIM2
SIM3
SIM4
1
21
22
SIM5
SIM1
SIM2
SIM3
SIM4
1
21
22
SIM5
SIM1
SIM2
SIM3
SIM4
1
21
22
SIM5
SIM1
SIM2
SIM3
SIM4
1
21
22
SIM5
SIM1
SIM2
SIM3
SIM4
1
21
22
SIM5
SIM1
SIM2
SIM3
SIM4
1
21
22
SIM5
SIM1
SIM2
SIM3
SIM4
1
21
22
SIM5
SIM1
SIM2
SIM3
SIM4
1
21
22
SIM5
SIM1
SIM2
SIM3
SIM4
1
21
22
SIM5
SIM1
SIM2
SIM3
SIM4
1
21
22
SIM5
SIM1
SIM2
SIM3
SIM4
1
21
22
SIM5
SIM1
SIM2
SIM3
SIM4
1
21
22
SIM5
SIM1
SIM2
SIM3
SIM4
1
21
22
SIM5
SIM1
SIM2
SIM3
SIM4
1
21
22
SIM5
SIM1
SIM2
SIM3
SIM4
1
21
22
SIM5
SIM1
SIM2
SIM3
SIM4
1
21
22
SIM5
SIM1
SIM2
SIM3
SIM4
1
21
22
SIM5
SIM1
SIM2
SIM3
SIM4
1
21
22
SIM5
SIM1
SIM2
SIM3
SIM4
1
21
22
SIM5
SIM1
SIM2
SIM3
SIM4
1
21
22
SIM5
SIM1
SIM2
SIM3
SIM4
1
21
22
SIM5
SIM1
SIM2
SIM3
SIM4
1
21
22
SIM5
SIM1
SIM2
SIM3
SIM4
1
21
22
SIM5
SIM1
SIM2
SIM3
SIM4
1
21
22
SIM5
SIM1
SIM2
SIM3
SIM4
1
21
22
SIM5
SIM1
SIM2
SIM3
SIM4
1
21
22
SIM5
SIM1
SIM2
SIM3
SIM4
1
21
22
SIM5
SIM1
SIM2
SIM3
SIM4
1
21
22
SIM5
SIM1
SIM2
SIM3
SIM4
1
21
22
SIM5
SIM1
SIM2
SIM3
SIM4
1
21
22
SIM5
SIM1
SIM2
SIM3
SIM4
1
21
22
SIM5
SIM1
SIM2
SIM3
SIM4
1
21
22
SIM5
SIM1
SIM2
SIM3
SIM4
1
21
22
SIM5
SIM1
SIM2
SIM3
SIM4
1
21
22
SIM5
SIM1
SIM2
SIM3
SIM4
1
21
22
SIM5
SIM1
SIM2
SIM3
SIM4
1
21
22
SIM5
SIM1
SIM2
SIM3
SIM4
1
21
22
SIM5
SIM1
SIM2
SIM3
SIM4
1
21
22
SIM5
SIM1
SIM2
SIM3
SIM4
1
21
22
SIM5
SIM1
SIM2
SIM3
SIM4
1
21
22
SIM5
SIM1
SIM2
SIM3
SIM4
1
21
22
SIM5
SIM1
SIM2
SIM3
SIM4
1
21
22
SIM5
SIM1
SIM2
SIM3
SIM4
1
21
22
SIM5
SIM1
SIM2
SIM3
SIM4
1
21
22
SIM5
SIM1
SIM2
SIM3
SIM4
1
21
22
SIM5
SIM1
SIM2
SIM3
SIM4
1
21
22
SIM5
SIM1
SIM2
SIM3
SIM4
1
21
22
SIM5
SIM1
SIM2
SIM3
SIM4
1
21
22
SIM5
SIM1
SIM2
SIM3
SIM4
1
21
22
SIM5
SIM1
SIM2
SIM3
SIM4
1
21
22
SIM5
SIM1
SIM2
SIM3
SIM4
1
21
22
SIM5
SIM1
SIM2
SIM3
SIM4
1
21
22
SIM5
SIM1
SIM2
SIM3
SIM4
1
21
22
SIM5
SIM1
SIM2
SIM3
SIM4
1
21
22
SIM5
SIM1
SIM2
SIM3
SIM4
1
21
22
SIM5
SIM1
SIM2
SIM3
SIM4
1
21
22
SIM5
SIM1
SIM2
SIM3
SIM4
1
21
22
SIM5
SIM1
SIM2
SIM3
SIM4
1
21
22
SIM5
SIM1
SIM2
SIM3
SIM4
1
21
22
SIM5
SIM1
SIM2
SIM3
SIM4
1
21
22
SIM5
SIM1
SIM2
SIM3
SIM4
1
21
22
SIM5
SIM1
SIM2
SIM3
SIM4
1
21
22
SIM5
SIM1
SIM2
SIM3
SIM4
1
21
22
SIM5
SIM1
SIM2
SIM3
SIM4
1
21
22
SIM5
SIM1
SIM2
SIM3
SIM4
1
21
22
SIM5
SIM1
SIM2
SIM3
SIM4
1
21
22
SIM5
SIM1
SIM2
SIM3
SIM4
1
21
22
SIM5
SIM1
SIM2
SIM3
SIM4
1
21
22
SIM5
SIM1
SIM2
SIM3
SIM4
1
21
22
SIM5
SIM1
SIM2
SIM3
SIM4
1
21
22
SIM5
SIM1
SIM2
SIM3
SIM4
1
21
22
SIM5
SIM1
SIM2
SIM3
SIM4
1
21
22
SIM5
SIM1
SIM2
SIM3
SIM4
1
21
22
SIM5
SIM1
SIM2
SIM3
SIM4
1
21
22
SIM5
SIM1
SIM2
SIM3
SIM4
1
21
22
SIM5
SIM1
SIM2
SIM3
SIM4
1
21
22
SIM5
SIM1
SIM2
SIM3
SIM4
1
21
22
SIM5
SIM1
SIM2
SIM3
SIM4
1
21
22
SIM5
SIM1
SIM2
SIM3
SIM4
1
21
22
SIM5
SIM1
SIM2
SIM3
SIM4
1
21
22
SIM5
SIM1
SIM2
SIM3
SIM4
1
21
22
SIM5
SIM1
SIM2
SIM3
SIM4
1
21
22
SIM5
SIM1
SIM2
SIM3
SIM4
1
21
22
SIM5
SIM1
SIM2
SIM3
SIM4
1
21
22
SIM5
SIM1
SIM2
SIM3
SIM4
1
21
22
SIM5
SIM1
SIM2
SIM3
SIM4
1
21
22
SIM5
SIM1
SIM2
SIM3
SIM4
1
21
22
SIM5
SIM1
SIM2
SIM3
SIM4
1
21
22
SIM5
SIM1
SIM2
SIM3
SIM4
1
21
22
SIM5
SIM1
SIM2
SIM3
SIM4
1
21
22
SIM5
SIM1
SIM2
SIM3
SIM4
1
21
22
SIM5
SIM1
SIM2
SIM3
SIM4
1
21
22
SIM5
SIM1
SIM2
SIM3
SIM4
1
21
22
SIM5
SIM1
SIM2
SIM3
SIM4
1
21
22
SIM5
SIM1
SIM2
SIM3
SIM4
1
21
22
SIM5
SIM1
SIM2
SIM3
SIM4
1
21
22
SIM5
SIM1
SIM2
SIM3
SIM4
1
21
22
SIM5
SIM1
SIM2
SIM3
SIM4
1
21
22
SIM5
SIM1
SIM2
SIM3
SIM4
1
21
22
SIM5
SIM1
SIM2
SIM3
SIM4
1
21
22
SIM5
SIM1
SIM2
SIM3
SIM4
1
21
22
SIM5
SIM1
SIM2
SIM3
SIM4
1
21
22
SIM5
SIM1
SIM2
SIM3
SIM4
1
21
22
SIM5
SIM1
SIM2
SIM3
SIM4
1
21
22
SIM5
SIM1
SIM2
SIM3
SIM4
1
21
22
SIM5
SIM1
SIM2
SIM3
SIM4
1
21
22
SIM5
SIM1
SIM2
SIM3
SIM4
1
21
22
SIM5
SIM1
SIM2
SIM3
SIM4
1
21
22
SIM5
SIM1
SIM2
SIM3
SIM4
1
21
22
SIM5
SIM1
SIM2
SIM3
SIM4
1
21
22
SIM5
SIM1
SIM2
SIM3
SIM4
1
21
22
SIM5
SIM1
SIM2
SIM3
SIM4
1
21
22
SIM5
SIM1
SIM2
SIM3
SIM4
1
21
22
SIM5
SIM1
SIM2
SIM3
SIM4
1
21
22
SIM5
SIM1
SIM2
SIM3
SIM4
1
21
22
SIM5
SIM1
SIM2
SIM3
SIM4
1
21
22
SIM5
SIM1
SIM2
SIM3
SIM4
1
21
22
SIM5
SIM1
SIM2
SIM3
SIM4
1
21
22
SIM5
SIM1
SIM2
SIM3
SIM4
1
21
22
SIM5
SIM1
SIM2
SIM3
SIM4
1
21
22
SIM5
SIM1
SIM2
SIM3
SIM4
1
21
22
SIM5
SIM1
SIM2
SIM3
SIM4
1
21
22
SIM5
SIM1
SIM2
SIM3
SIM4
1
21
22
SIM5
SIM1
SIM2
SIM3
SIM4
1
21
22
SIM5
SIM1
SIM2
SIM3
SIM4
1
21
22
SIM5
SIM1
SIM2
SIM3
SIM4
1
21
22
SIM5
SIM1
SIM2
SIM3
SIM4
1
21
22
SIM5
SIM1
SIM2
SIM3
SIM4
1
21
22
SIM5
SIM1
SIM2
SIM3
SIM4
1
21
22
SIM5
SIM1
SIM2
SIM3
SIM4
1
21
22
SIM5
SIM1
SIM2
SIM3
SIM4
1
21
22
SIM5
SIM1
SIM2
SIM3
SIM4
1
21
22
SIM5
SIM1
SIM2
SIM3
SIM4
1
21
22
SIM5
SIM1
SIM2
SIM3
SIM4
1
21
22
SIM5
SIM1
SIM2
SIM3
SIM4
1
21
22
SIM5
SIM1
SIM2
SIM3
SIM4
1
21
22
SIM5
SIM1
SIM2
SIM3
SIM4
1
21
22
SIM5
SIM1
SIM2
SIM3
SIM4
1
21
22
SIM5
SIM1
SIM2
SIM3
SIM4
1
21
22
SIM5
SIM1
SIM2
SIM3
SIM4
1
21
22
SIM5
SIM1
SIM2
SIM3
SIM4
1
21
22
SIM5
SIM1
SIM2
SIM3
SIM4
1
21
22
SIM5
SIM1
SIM2
SIM3
SIM4
1
21
22
SIM5
SIM1
SIM2
SIM3
SIM4
1
21
22
SIM5
SIM1
SIM2
SIM3
SIM4
1
21
22
SIM5
SIM1
SIM2
SIM3
SIM4
1
21
22
SIM5
SIM1
SIM2
SIM3
SIM4
1
21
22
SIM5
SIM1
SIM2
SIM3
SIM4
1
21
22
SIM5
SIM1
SIM2
SIM3
SIM4
1
21
22
SIM5
SIM1
SIM2
SIM3
SIM4
1
21
22
SIM5
SIM1
SIM2
SIM3
SIM4
1
21
22
SIM5
SIM1
SIM2
SIM3
SIM4
1
21
22
SIM5
SIM1
SIM2
SIM3
SIM4
1
21
22
SIM5
SIM1
SIM2
SIM3
SIM4
1
21
22
SIM5
SIM1
SIM2
SIM3
SIM4
1
21
22
SIM5
SIM1
SIM2
SIM3
SIM4
1
21
22
SIM5
SIM1
SIM2
SIM3
SIM4
1
21
22
SIM5
SIM1
SIM2
SIM3
SIM4
1
21
22
SIM5
SIM1
SIM2
SIM3
SIM4
1
21
22
SIM5
SIM1
SIM2
SIM3
SIM4
1
21
22
SIM5
SIM1
SIM2
SIM3
SIM4
1
21
22
SIM5
SIM1
SIM2
SIM3
SIM4
1
21
22
SIM5
SIM1
SIM2
SIM3
SIM4
1
21
22
SIM5
SIM1
SIM2
SIM3
SIM4
1
21
22
SIM5
SIM1
SIM2
SIM3
SIM4
1
21
22
SIM5
SIM1
SIM2
SIM3
SIM4
1
21
22
SIM5
SIM1
SIM2
SIM3
SIM4
1
21
22
SIM5
SIM1
SIM2
SIM3
SIM4
1
21
22
SIM5
SIM1
SIM2
SIM3
SIM4
1
21
22
SIM5
SIM1
SIM2
SIM3
SIM4
1
21
22
SIM5
SIM1
SIM2
SIM3
SIM4
1
21
22
SIM5
SIM1
SIM2
SIM3
SIM4
1
21
22
SIM5
SIM1
SIM2
SIM3
SIM4
1
21
22
SIM5
SIM1
SIM2
SIM3
SIM4
1
21
22
SIM5
SIM1
SIM2
SIM3
SIM4
1
21
22
SIM5
SIM1
SIM2
SIM3
SIM4
1
21
22
SIM5
SIM1
SIM2
SIM3
SIM4
1
21
22
SIM5
SIM1
SIM2
SIM3
SIM4
1
21
22
SIM5
SIM1
SIM2
SIM3
SIM4
1
21
22
SIM5
SIM1
SIM2
SIM3
SIM4
1
21
22
SIM5
SIM1
SIM2
SIM3
SIM4
1
21
22
SIM5
SIM1
SIM2
SIM3
SIM4
1
21
22
SIM5
SIM1
SIM2
SIM3
SIM4
1
21
22
SIM5
SIM1
SIM2
SIM3
SIM4
1
21
22
SIM5
SIM1
SIM2
SIM3
SIM4
1
21
22
SIM5
SIM1
SIM2
SIM3
SIM4
1
21
22
SIM5
SIM1
SIM2
SIM3
SIM4
1
21
22
SIM5
SIM1
SIM2
SIM3
SIM4
1
21
22
SIM5
SIM1
SIM2
SIM3
SIM4
1
21
22
SIM5
SIM1
SIM2
SIM3
SIM4
1
21
22
SIM5
SIM1
SIM2
SIM3
SIM4
1
21
22
SIM5
SIM1
SIM2
SIM3
SIM4
1
21
22
SIM5
SIM1
SIM2
SIM3
SIM4
1
21
22
SIM5
SIM1
SIM2
SIM3
SIM4
1
21
22
SIM5
SIM1
SIM2
SIM3
SIM4
1
21
22
SIM5
SIM1
SIM2
SIM3
SIM4
1
21
22
SIM5
SIM1
SIM2
SIM3
SIM4
1
21
22
SIM5
SIM1
SIM2
SIM3
SIM4
1
21
22
SIM5
SIM1
SIM2
SIM3
SIM4
1
21
22
SIM5
SIM1
SIM2
SIM3
SIM4
1
21
22
SIM5
SIM1
SIM2
SIM3
SIM4
1
21
22
SIM5
SIM1
SIM2
SIM3
SIM4
1
21
22
SIM5
SIM1
SIM2
SIM3
SIM4
1
21
22
SIM5
SIM1
SIM2
SIM3
SIM4
1
21
22
SIM5
SIM1
SIM2
SIM3
SIM4
1
21
22
SIM5
SIM1
SIM2
SIM3
SIM4
1
21
22
SIM5
SIM1
SIM2
SIM3
SIM4
1
21
22
SIM5
SIM1
SIM2
SIM3
SIM4
1
21
22
SIM5
SIM1
SIM2
SIM3
SIM4
1
21
22
SIM5
SIM1
SIM2
SIM3
SIM4
1
21
22
SIM5
SIM1
SIM2
SIM3
SIM4
1
21
22
SIM5
SIM1
SIM2
SIM3
SIM4
1
21
22
SIM5
SIM1
SIM2
SIM3
SIM4
1
21
22
SIM5
SIM1
SIM2
SIM3
SIM4
1
21
22
SIM5
SIM1
SIM2
SIM3
SIM4
1
21
22
SIM5
SIM1
SIM2
SIM3
SIM4
1
21
22
SIM5
SIM1
SIM2
SIM3
SIM4
1
21
22
SIM5
SIM1
SIM2
SIM3
SIM4
1
21
22
SIM5
SIM1
SIM2
SIM3
SIM4
1
21
22
SIM5
SIM1
SIM2
SIM3
SIM4
1
21
22
SIM5
SIM1
SIM2
SIM3
SIM4
1
21
22
SIM5
SIM1
SIM2
SIM3
SIM4
1
21
22
SIM5
SIM1
SIM2
SIM3
SIM4
1
21
22
SIM5
SIM1
SIM2
SIM3
SIM4
1
21
22
SIM5
SIM1
SIM2
SIM3
SIM4
1
21
22
SIM5
SIM1
SIM2
SIM3
SIM4
1
21
22
SIM5
SIM1
SIM2
SIM3
SIM4
1
21
22
SIM5
SIM1
SIM2
SIM3
SIM4
1
21
22
SIM5
SIM1
SIM2
SIM3
SIM4
1
21
22
SIM5
SIM1
SIM2
SIM3
SIM4
1
21
22
SIM5
SIM1
SIM2
SIM3
SIM4
1
21
22
SIM5
SIM1
SIM2
SIM3
SIM4
1
21
22
SIM5
SIM1
SIM2
SIM3
SIM4
1
21
22
SIM5
SIM1
SIM2
SIM3
SIM4
1
21
22
SIM5
SIM1
SIM2
SIM3
SIM4
1
21
22
SIM5
SIM1
SIM2
SIM3
SIM4
1
21
22
SIM5
SIM1
SIM2
SIM3
SIM4
1
21
22
SIM5
SIM1
SIM2
SIM3
SIM4
1
21
22
SIM5
SIM1
SIM2
DEBUG 1 881
SIM1
SIM2
SIM3
SIM4
1
21
22
SIM5
SIM1
SIM2
SIM3
SIM4
1
21
22
SIM5
SIM1
SIM2
SIM3
SIM4
1
21
22
SIM5
SIM1
SIM2
SIM3
SIM4
1
21
22
SIM5
SIM1
SIM2
SIM3
SIM4
1
21
22
SIM5
SIM1
SIM2
SIM3
SIM4
1
21
22
SIM5
SIM1
SIM2
SIM3
SIM4
1
21
22
SIM5
SIM1
SIM2
SIM3
SIM4
1
21
22
SIM5
SIM1
SIM2
SIM3
SIM4
1
21
22
SIM5
SIM1
SIM2
SIM3
SIM4
1
21
22
SIM5
SIM1
SIM2
SIM3
SIM4
1
21
22
SIM5
SIM1
SIM2
SIM3
SIM4
1
21
22
SIM5
SIM1
SIM2
SIM3
SIM4
1
21
22
SIM5
SIM1
SIM2
SIM3
SIM4
1
21
22
SIM5
SIM1
SIM2
SIM3
SIM4
1
21
22
SIM5
SIM1
SIM2
SIM3
SIM4
1
21
22
SIM5
SIM1
SIM2
SIM3
SIM4
1
21
22
SIM5
SIM1
SIM2
SIM3
SIM4
1
21
22
SIM5
SIM1
SIM2
SIM3
SIM4
1
21
22
SIM5
SIM1
SIM2
SIM3
SIM4
1
21
22
SIM5
SIM1
SIM2
SIM3
SIM4
1
21
22
SIM5
SIM1
SIM2
SIM3
SIM4
1
21
22
SIM5
SIM1
SIM2
SIM3
SIM4
1
21
22
SIM5
SIM1
SIM2
SIM3
SIM4
1
21
22
SIM5
SIM1
SIM2
SIM3
SIM4
1
21
22
SIM5
SIM1
SIM2
SIM3
SIM4
1
21
22
SIM5
SIM1
SIM2
SIM3
SIM4
1
21
22
SIM5
SIM1
SIM2
SIM3
SIM4
1
21
22
SIM5
SIM1
SIM2
SIM3
SIM4
1
21
22
SIM5
SIM1
SIM2
SIM3
SIM4
1
21
22
SIM5
SIM1
SIM2
SIM3
SIM4
1
21
22
SIM5
SIM1
SIM2
SIM3
SIM4
1
21
22
SIM5
SIM1
SIM2
SIM3
SIM4
1
21
22
SIM5
SIM1
SIM2
SIM3
SIM4
1
21
22
SIM5
SIM1
SIM2
SIM3
SIM4
1
21
22
SIM5
SIM1
SIM2
SIM3
SIM4
1
21
22
SIM5
SIM1
SIM2
SIM3
SIM4
1
21
22
SIM5
SIM1
SIM2
SIM3
SIM4
1
21
22
SIM5
SIM1
SIM2
SIM3
SIM4
1
21
22
SIM5
SIM1
SIM2
SIM3
SIM4
1
21
22
SIM5
SIM1
SIM2
SIM3
SIM4
1
21
22
SIM5
SIM1
SIM2
SIM3
SIM4
1
21
22
SIM5
SIM1
SIM2
SIM3
SIM4
1
21
22
SIM5
SIM1
SIM2
SIM3
SIM4
1
21
22
SIM5
SIM1
SIM2
SIM3
SIM4
1
21
22
SIM5
SIM1
SIM2
SIM3
SIM4
1
21
22
SIM5
SIM1
SIM2
SIM3
SIM4
1
21
22
SIM5
SIM1
SIM2
SIM3
SIM4
1
21
22
SIM5
SIM1
SIM2
SIM3
SIM4
1
21
22
SIM5
SIM1
SIM2
SIM3
SIM4
1
21
22
SIM5
SIM1
SIM2
SIM3
SIM4
1
21
22
SIM5
SIM1
SIM2
SIM3
SIM4
1
21
22
SIM5
SIM1
SIM2
SIM3
SIM4
1
21
22
SIM5
SIM1
SIM2
SIM3
SIM4
1
21
22
SIM5
SIM1
SIM2
SIM3
SIM4
1
21
22
SIM5
SIM1
SIM2
SIM3
SIM4
1
21
22
SIM5
SIM1
SIM2
SIM3
SIM4
1
21
22
SIM5
SIM1
SIM2
SIM3
SIM4
1
21
22
SIM5
SIM1
SIM2
SIM3
SIM4
1
21
22
SIM5
SIM1
SIM2
SIM3
SIM4
1
21
22
SIM5
SIM1
SIM2
SIM3
SIM4
1
21
22
SIM5
SIM1
SIM2
SIM3
SIM4
1
21
22
SIM5
SIM1
SIM2
SIM3
SIM4
1
21
22
SIM5
SIM1
SIM2
SIM3
SIM4
1
21
22
SIM5
SIM1
SIM2
SIM3
SIM4
1
21
22
SIM5
SIM1
SIM2
SIM3
SIM4
1
21
22
SIM5
SIM1
SIM2
SIM3
SIM4
1
21
22
SIM5
SIM1
SIM2
SIM3
SIM4
1
21
22
SIM5
SIM1
SIM2
SIM3
SIM4
1
21
22
SIM5
SIM1
SIM2
SIM3
SIM4
1
21
22
SIM5
SIM1
SIM2
SIM3
SIM4
1
21
22
SIM5
SIM1
SIM2
SIM3
SIM4
1
21
22
SIM5
SIM1
SIM2
SIM3
SIM4
1
21
22
SIM5
SIM1
SIM2
SIM3
SIM4
1
21
22
SIM5
SIM1
SIM2
SIM3
SIM4
1
21
22
SIM5
SIM1
SIM2
SIM3
SIM4
1
21
22
SIM5
SIM1
SIM2
SIM3
SIM4
1
21
22
SIM5
SIM1
SIM2
SIM3
SIM4
1
21
22
SIM5
SIM1
SIM2
SIM3
SIM4
1
21
22
SIM5
SIM1
SIM2
SIM3
SIM4
1
21
22
SIM5
SIM1
SIM2
SIM3
SIM4
1
21
22
SIM5
SIM1
SIM2
SIM3
SIM4
1
21
22
SIM5
SIM1
SIM2
SIM3
SIM4
1
21
22
SIM5
SIM1
SIM2
SIM3
SIM4
1
21
22
SIM5
SIM1
SIM2
SIM3
SIM4
1
21
22
SIM5
SIM1
SIM2
SIM3
SIM4
1
21
22
SIM5
SIM1
SIM2
SIM3
SIM4
1
21
22
SIM5
SIM1
SIM2
SIM3
SIM4
1
21
22
SIM5
SIM1
SIM2
SIM3
SIM4
1
21
22
SIM5
SIM1
SIM2
SIM3
SIM4
1
21
22
SIM5
SIM1
SIM2
SIM3
SIM4
1
21
22
SIM5
SIM1
SIM2
SIM3
SIM4
1
21
22
SIM5
SIM1
SIM2
SIM3
SIM4
1
21
22
SIM5
SIM1
SIM2
SIM3
SIM4
1
21
22
SIM5
SIM1
SIM2
SIM3
SIM4
1
21
22
SIM5
SIM1
SIM2
SIM3
SIM4
1
21
22
SIM5
SIM1
SIM2
SIM3
SIM4
1
21
22
SIM5
SIM1
SIM2
SIM3
SIM4
1
21
22
SIM5
SIM1
SIM2
SIM3
SIM4
1
21
22
SIM5
SIM1
SIM2
SIM3
SIM4
1
21
22
SIM5
SIM1
SIM2
SIM3
SIM4
1
21
22
SIM5
SIM1
SIM2
SIM3
SIM4
1
21
22
SIM5
SIM1
SIM2
SIM3
SIM4
1
21
22
SIM5
SIM1
SIM2
SIM3
SIM4
1
21
22
SIM5
SIM1
SIM2
SIM3
SIM4
1
21
22
SIM5
SIM1
SIM2
SIM3
SIM4
1
21
22
SIM5
SIM1
SIM2
SIM3
SIM4
1
21
22
SIM5
SIM1
SIM2
SIM3
SIM4
1
21
22
SIM5
SIM1
SIM2
SIM3
SIM4
1
21
22
SIM5
SIM1
SIM2
SIM3
SIM4
1
21
22
SIM5
SIM1
SIM2
SIM3
SIM4
1
21
22
SIM5
SIM1
SIM2
SIM3
SIM4
1
21
22
SIM5
SIM1
SIM2
SIM3
SIM4
1
21
22
SIM5
SIM1
SIM2
SIM3
SIM4
1
21
22
SIM5
SIM1
SIM2
SIM3
SIM4
1
21
22
SIM5
SIM1
SIM2
SIM3
SIM4
1
21
22
SIM5
SIM1
SIM2
SIM3
SIM4
1
21
22
SIM5
SIM1
SIM2
SIM3
SIM4
1
21
22
SIM5
SIM1
SIM2
SIM3
SIM4
1
21
22
SIM5
SIM1
SIM2
SIM3
SIM4
1
21
22
SIM5
SIM1
SIM2
SIM3
SIM4
1
21
22
SIM5
SIM1
SIM2
SIM3
SIM4
1
21
22
SIM5
SIM1
SIM2
SIM3
SIM4
1
21
22
SIM5
SIM1
SIM2
SIM3
SIM4
1
21
22
SIM5
SIM1
SIM2
SIM3
SIM4
1
21
22
SIM5
SIM1
SIM2
SIM3
SIM4
1
21
22
SIM5
SIM1
SIM2
SIM3
SIM4
1
21
22
SIM5
SIM1
SIM2
SIM3
SIM4
1
21
22
SIM5
SIM1
SIM2
SIM3
SIM4
1
21
22
SIM5
SIM1
SIM2
SIM3
SIM4
1
21
22
SIM5
SIM1
SIM2
SIM3
SIM4
1
21
22
SIM5
SIM1
SIM2
SIM3
SIM4
1
21
22
SIM5
SIM1
SIM2
SIM3
SIM4
1
21
22
SIM5
SIM1
SIM2
SIM3
SIM4
1
21
22
SIM5
SIM1
SIM2
SIM3
SIM4
1
21
22
SIM5
SIM1
SIM2
SIM3
SIM4
1
21
22
SIM5
SIM1
SIM2
SIM3
SIM4
1
21
22
SIM5
SIM1
SIM2
SIM3
SIM4
1
21
22
SIM5
SIM1
SIM2
SIM3
SIM4
1
21
22
SIM5
SIM1
SIM2
SIM3
SIM4
1
21
22
SIM5
SIM1
SIM2
SIM3
SIM4
1
21
22
SIM5
SIM1
SIM2
SIM3
SIM4
1
21
22
SIM5
SIM1
SIM2
SIM3
SIM4
1
21
22
SIM5
SIM1
SIM2
SIM3
SIM4
1
21
22
SIM5
SIM1
SIM2
SIM3
SIM4
1
21
22
SIM5
SIM1
SIM2
SIM3
SIM4
1
21
22
SIM5
SIM1
SIM2
SIM3
SIM4
1
21
22
SIM5
SIM1
SIM2
SIM3
SIM4
1
21
22
SIM5
SIM1
SIM2
SIM3
SIM4
1
21
22
SIM5
SIM1
SIM2
SIM3
SIM4
1
21
22
SIM5
SIM1
SIM2
SIM3
SIM4
1
21
22
SIM5
SIM1
SIM2
SIM3
SIM4
1
21
22
SIM5
SIM1
SIM2
SIM3
SIM4
1
21
22
SIM5
SIM1
SIM2
SIM3
SIM4
1
21
22
SIM5
SIM1
SIM2
SIM3
SIM4
1
21
22
SIM5
SIM1
SIM2
SIM3
SIM4
1
21
22
SIM5
SIM1
SIM2
SIM3
SIM4
1
21
22
SIM5
SIM1
SIM2
SIM3
SIM4
1
21
22
SIM5
SIM1
SIM2
DEBUG 1 882
SIM1
SIM2
SIM3
SIM4
1
21
22
SIM5
SIM1
SIM2
SIM3
SIM4
1
21
22
SIM5
SIM1
SIM2
SIM3
SIM4
1
21
22
SIM5
SIM1
SIM2
SIM3
SIM4
1
21
22
SIM5
SIM1
SIM2
SIM3
SIM4
1
21
22
SIM5
SIM1
SIM2
SIM3
SIM4
1
21
22
SIM5
SIM1
SIM2
SIM3
SIM4
1
21
22
SIM5
SIM1
SIM2
SIM3
SIM4
1
21
22
SIM5
SIM1
SIM2
SIM3
SIM4
1
21
22
SIM5
SIM1
SIM2
SIM3
SIM4
1
21
22
SIM5
SIM1
SIM2
SIM3
SIM4
1
21
22
SIM5
SIM1
SIM2
SIM3
SIM4
1
21
22
SIM5
SIM1
SIM2
SIM3
SIM4
1
21
22
SIM5
SIM1
SIM2
SIM3
SIM4
1
21
22
SIM5
SIM1
SIM2
SIM3
SIM4
1
21
22
SIM5
SIM1
SIM2
SIM3
SIM4
1
21
22
SIM5
SIM1
SIM2
SIM3
SIM4
1
21
22
SIM5
SIM1
SIM2
SIM3
SIM4
1
21
22
SIM5
SIM1
SIM2
SIM3
SIM4
1
21
22
SIM5
SIM1
SIM2
SIM3
SIM4
1
21
22
SIM5
SIM1
SIM2
SIM3
SIM4
1
21
22
SIM5
SIM1
SIM2
SIM3
SIM4
1
21
22
SIM5
SIM1
SIM2
SIM3
SIM4
1
21
22
SIM5
SIM1
SIM2
SIM3
SIM4
1
21
22
SIM5
SIM1
SIM2
SIM3
SIM4
1
21
22
SIM5
SIM1
SIM2
SIM3
SIM4
1
21
22
SIM5
SIM1
SIM2
SIM3
SIM4
1
21
22
SIM5
SIM1
SIM2
SIM3
SIM4
1
21
22
SIM5
SIM1
SIM2
SIM3
SIM4
1
21
22
SIM5
SIM1
SIM2
SIM3
SIM4
1
21
22
SIM5
SIM1
SIM2
SIM3
SIM4
1
21
22
SIM5
SIM1
SIM2
SIM3
SIM4
1
21
22
SIM5
SIM1
SIM2
SIM3
SIM4
1
21
22
SIM5
SIM1
SIM2
SIM3
SIM4
1
21
22
SIM5
SIM1
SIM2
SIM3
SIM4
1
21
22
SIM5
SIM1
SIM2
SIM3
SIM4
1
21
22
SIM5
SIM1
SIM2
SIM3
SIM4
1
21
22
SIM5
SIM1
SIM2
SIM3
SIM4
1
21
22
SIM5
SIM1
SIM2
SIM3
SIM4
1
21
22
SIM5
SIM1
SIM2
SIM3
SIM4
1
21
22
SIM5
SIM1
SIM2
SIM3
SIM4
1
21
22
SIM5
SIM1
SIM2
SIM3
SIM4
1
21
22
SIM5
SIM1
SIM2
SIM3
SIM4
1
21
22
SIM5
SIM1
SIM2
SIM3
SIM4
1
21
22
SIM5
SIM1
SIM2
SIM3
SIM4
1
21
22
SIM5
SIM1
SIM2
SIM3
SIM4
1
21
22
SIM5
SIM1
SIM2
SIM3
SIM4
1
21
22
SIM5
SIM1
SIM2
SIM3
SIM4
1
21
22
SIM5
SIM1
SIM2
SIM3
SIM4
1
21
22
SIM5
SIM1
SIM2
SIM3
SIM4
1
21
22
SIM5
SIM1
SIM2
SIM3
SIM4
1
21
22
SIM5
SIM1
SIM2
SIM3
SIM4
1
21
22
SIM5
SIM1
SIM2
SIM3
SIM4
1
21
22
SIM5
SIM1
SIM2
SIM3
SIM4
1
21
22
SIM5
SIM1
SIM2
SIM3
SIM4
1
21
22
SIM5
SIM1
SIM2
SIM3
SIM4
1
21
22
SIM5
SIM1
SIM2
SIM3
SIM4
1
21
22
SIM5
SIM1
SIM2
SIM3
SIM4
1
21
22
SIM5
SIM1
SIM2
SIM3
SIM4
1
21
22
SIM5
SIM1
SIM2
SIM3
SIM4
1
21
22
SIM5
SIM1
SIM2
SIM3
SIM4
1
21
22
SIM5
SIM1
SIM2
SIM3
SIM4
1
21
22
SIM5
SIM1
SIM2
SIM3
SIM4
1
21
22
SIM5
SIM1
SIM2
SIM3
SIM4
1
21
22
SIM5
SIM1
SIM2
SIM3
SIM4
1
21
22
SIM5
SIM1
SIM2
SIM3
SIM4
1
21
22
SIM5
SIM1
SIM2
SIM3
SIM4
1
21
22
SIM5
SIM1
SIM2
SIM3
SIM4
1
21
22
SIM5
SIM1
SIM2
SIM3
SIM4
1
21
22
SIM5
SIM1
SIM2
SIM3
SIM4
1
21
22
SIM5
SIM1
SIM2
SIM3
SIM4
1
21
22
SIM5
SIM1
SIM2
SIM3
SIM4
1
21
22
SIM5
SIM1
SIM2
SIM3
SIM4
1
21
22
SIM5
SIM1
SIM2
SIM3
SIM4
1
21
22
SIM5
SIM1
SIM2
SIM3
SIM4
1
21
22
SIM5
SIM1
SIM2
SIM3
SIM4
1
21
22
SIM5
SIM1
SIM2
SIM3
SIM4
1
21
22
SIM5
SIM1
SIM2
SIM3
SIM4
1
21
22
SIM5
SIM1
SIM2
SIM3
SIM4
1
21
22
SIM5
SIM1
SIM2
SIM3
SIM4
1
21
22
SIM5
SIM1
SIM2
SIM3
SIM4
1
21
22
SIM5
SIM1
SIM2
SIM3
SIM4
1
21
22
SIM5
SIM1
SIM2
SIM3
SIM4
1
21
22
SIM5
SIM1
SIM2
SIM3
SIM4
1
21
22
SIM5
SIM1
SIM2
SIM3
SIM4
1
21
22
SIM5
SIM1
SIM2
SIM3
SIM4
1
21
22
SIM5
SIM1
SIM2
SIM3
SIM4
1
21
22
SIM5
SIM1
SIM2
SIM3
SIM4
1
21
22
SIM5
SIM1
SIM2
SIM3
SIM4
1
21
22
SIM5
SIM1
SIM2
SIM3
SIM4
1
21
22
SIM5
SIM1
SIM2
SIM3
SIM4
1
21
22
SIM5
SIM1
SIM2
SIM3
SIM4
1
21
22
SIM5
SIM1
SIM2
SIM3
SIM4
1
21
22
SIM5
SIM1
SIM2
SIM3
SIM4
1
21
22
SIM5
SIM1
SIM2
SIM3
SIM4
1
21
22
SIM5
SIM1
SIM2
SIM3
SIM4
1
21
22
SIM5
SIM1
SIM2
SIM3
SIM4
1
21
22
SIM5
SIM1
SIM2
SIM3
SIM4
1
21
22
SIM5
SIM1
SIM2
SIM3
SIM4
1
21
22
SIM5
SIM1
SIM2
SIM3
SIM4
1
21
22
SIM5
SIM1
SIM2
SIM3
SIM4
1
21
22
SIM5
SIM1
SIM2
SIM3
SIM4
1
21
22
SIM5
SIM1
SIM2
SIM3
SIM4
1
21
22
SIM5
SIM1
SIM2
SIM3
SIM4
1
21
22
SIM5
SIM1
SIM2
SIM3
SIM4
1
21
22
SIM5
SIM1
SIM2
SIM3
SIM4
1
21
22
SIM5
SIM1
SIM2
SIM3
SIM4
1
21
22
SIM5
SIM1
SIM2
SIM3
SIM4
1
21
22
SIM5
SIM1
SIM2
SIM3
SIM4
1
21
22
SIM5
SIM1
SIM2
SIM3
SIM4
1
21
22
SIM5
SIM1
SIM2
SIM3
SIM4
1
21
22
SIM5
SIM1
SIM2
SIM3
SIM4
1
21
22
SIM5
SIM1
SIM2
SIM3
SIM4
1
21
22
SIM5
SIM1
SIM2
SIM3
SIM4
1
21
22
SIM5
SIM1
SIM2
SIM3
SIM4
1
21
22
SIM5
SIM1
SIM2
SIM3
SIM4
1
21
22
SIM5
SIM1
SIM2
SIM3
SIM4
1
21
22
SIM5
SIM1
SIM2
SIM3
SIM4
1
21
22
SIM5
SIM1
SIM2
SIM3
SIM4
1
21
22
SIM5
SIM1
SIM2
SIM3
SIM4
1
21
22
SIM5
SIM1
SIM2
SIM3
SIM4
1
21
22
SIM5
SIM1
SIM2
SIM3
SIM4
1
21
22
SIM5
SIM1
SIM2
SIM3
SIM4
1
21
22
SIM5
SIM1
SIM2
SIM3
SIM4
1
21
22
SIM5
SIM1
SIM2
SIM3
SIM4
1
21
22
SIM5
SIM1
SIM2
SIM3
SIM4
1
21
22
SIM5
SIM1
SIM2
SIM3
SIM4
1
21
22
SIM5
SIM1
SIM2
SIM3
SIM4
1
21
22
SIM5
SIM1
SIM2
SIM3
SIM4
1
21
22
SIM5
SIM1
SIM2
SIM3
SIM4
1
21
22
SIM5
SIM1
SIM2
SIM3
SIM4
1
21
22
SIM5
SIM1
SIM2
SIM3
SIM4
1
21
22
SIM5
SIM1
SIM2
SIM3
SIM4
1
21
22
SIM5
SIM1
SIM2
SIM3
SIM4
1
21
22
SIM5
SIM1
SIM2
SIM3
SIM4
1
21
22
SIM5
SIM1
SIM2
SIM3
SIM4
1
21
22
SIM5
SIM1
SIM2
SIM3
SIM4
1
21
22
SIM5
SIM1
SIM2
SIM3
SIM4
1
21
22
SIM5
SIM1
SIM2
SIM3
SIM4
1
21
22
SIM5
SIM1
SIM2
SIM3
SIM4
1
21
22
SIM5
SIM1
SIM2
SIM3
SIM4
1
21
22
SIM5
SIM1
SIM2
SIM3
SIM4
1
21
22
SIM5
SIM1
SIM2
SIM3
SIM4
1
21
22
SIM5
SIM1
SIM2
SIM3
SIM4
1
21
22
SIM5
SIM1
SIM2
SIM3
SIM4
1
21
22
SIM5
SIM1
SIM2
SIM3
SIM4
1
21
22
SIM5
SIM1
SIM2
SIM3
SIM4
1
21
22
SIM5
SIM1
SIM2
SIM3
SIM4
1
21
22
SIM5
SIM1
SIM2
SIM3
SIM4
1
21
22
SIM5
SIM1
SIM2
SIM3
SIM4
1
21
22
SIM5
SIM1
SIM2
SIM3
SIM4
1
21
22
SIM5
SIM1
SIM2
SIM3
SIM4
1
21
22
SIM5
SIM1
SIM2
SIM3
SIM4
1
21
22
SIM5
SIM1
SIM2
SIM3
SIM4
1
21
22
SIM5
SIM1
SIM2
SIM3
SIM4
1
21
22
SIM5
SIM1
SIM2
SIM3
SIM4
1
21
22
SIM5
SIM1
SIM2
SIM3
SIM4
1
21
22
SIM5
SIM1
SIM2
SIM3
SIM4
1
21
22
SIM5
SIM1
SIM2
SIM3
SIM4
1
21
22
SIM5
SIM1
SIM2
SIM3
SIM4
1
21
22
SIM5
SIM1
SIM2
SIM3
SIM4
1
21
22
SIM5
SIM1
SIM2
SIM3
SIM4
1
21
22
SIM5
SIM1
SIM2
SIM3
SIM4
1
21
22
SIM5
SIM1
SIM2
SIM3
SIM4
1
21
22
SIM5
SIM1
SIM2
DEBUG 1 883
SIM1
SIM2
SIM3
SIM4
1
21
22
SIM5
SIM1
SIM2
SIM3
SIM4
1
21
22
SIM5
SIM1
SIM2
SIM3
SIM4
1
21
22
SIM5
SIM1
SIM2
SIM3
SIM4
1
21
22
SIM5
SIM1
SIM2
SIM3
SIM4
1
21
22
SIM5
SIM1
SIM2
SIM3
SIM4
1
21
22
SIM5
SIM1
SIM2
SIM3
SIM4
1
21
22
SIM5
SIM1
SIM2
SIM3
SIM4
1
21
22
SIM5
SIM1
SIM2
SIM3
SIM4
1
21
22
SIM5
SIM1
SIM2
SIM3
SIM4
1
21
22
SIM5
SIM1
SIM2
SIM3
SIM4
1
21
22
SIM5
SIM1
SIM2
SIM3
SIM4
1
21
22
SIM5
SIM1
SIM2
SIM3
SIM4
1
21
22
SIM5
SIM1
SIM2
SIM3
SIM4
1
21
22
SIM5
SIM1
SIM2
SIM3
SIM4
1
21
22
SIM5
SIM1
SIM2
SIM3
SIM4
1
21
22
SIM5
SIM1
SIM2
SIM3
SIM4
1
21
22
SIM5
SIM1
SIM2
SIM3
SIM4
1
21
22
SIM5
SIM1
SIM2
SIM3
SIM4
1
21
22
SIM5
SIM1
SIM2
SIM3
SIM4
1
21
22
SIM5
SIM1
SIM2
SIM3
SIM4
1
21
22
SIM5
SIM1
SIM2
SIM3
SIM4
1
21
22
SIM5
SIM1
SIM2
SIM3
SIM4
1
21
22
SIM5
SIM1
SIM2
SIM3
SIM4
1
21
22
SIM5
SIM1
SIM2
SIM3
SIM4
1
21
22
SIM5
SIM1
SIM2
SIM3
SIM4
1
21
22
SIM5
SIM1
SIM2
SIM3
SIM4
1
21
22
SIM5
SIM1
SIM2
SIM3
SIM4
1
21
22
SIM5
SIM1
SIM2
SIM3
SIM4
1
21
22
SIM5
SIM1
SIM2
SIM3
SIM4
1
21
22
SIM5
SIM1
SIM2
SIM3
SIM4
1
21
22
SIM5
SIM1
SIM2
SIM3
SIM4
1
21
22
SIM5
SIM1
SIM2
SIM3
SIM4
1
21
22
SIM5
SIM1
SIM2
SIM3
SIM4
1
21
22
SIM5
SIM1
SIM2
SIM3
SIM4
1
21
22
SIM5
SIM1
SIM2
SIM3
SIM4
1
21
22
SIM5
SIM1
SIM2
SIM3
SIM4
1
21
22
SIM5
SIM1
SIM2
SIM3
SIM4
1
21
22
SIM5
SIM1
SIM2
SIM3
SIM4
1
21
22
SIM5
SIM1
SIM2
SIM3
SIM4
1
21
22
SIM5
SIM1
SIM2
SIM3
SIM4
1
21
22
SIM5
SIM1
SIM2
SIM3
SIM4
1
21
22
SIM5
SIM1
SIM2
SIM3
SIM4
1
21
22
SIM5
SIM1
SIM2
SIM3
SIM4
1
21
22
SIM5
SIM1
SIM2
SIM3
SIM4
1
21
22
SIM5
SIM1
SIM2
SIM3
SIM4
1
21
22
SIM5
SIM1
SIM2
SIM3
SIM4
1
21
22
SIM5
SIM1
SIM2
SIM3
SIM4
1
21
22
SIM5
SIM1
SIM2
SIM3
SIM4
1
21
22
SIM5
SIM1
SIM2
SIM3
SIM4
1
21
22
SIM5
SIM1
SIM2
SIM3
SIM4
1
21
22
SIM5
SIM1
SIM2
SIM3
SIM4
1
21
22
SIM5
SIM1
SIM2
SIM3
SIM4
1
21
22
SIM5
SIM1
SIM2
SIM3
SIM4
1
21
22
SIM5
SIM1
SIM2
SIM3
SIM4
1
21
22
SIM5
SIM1
SIM2
SIM3
SIM4
1
21
22
SIM5
SIM1
SIM2
SIM3
SIM4
1
21
22
SIM5
SIM1
SIM2
SIM3
SIM4
1
21
22
SIM5
SIM1
SIM2
SIM3
SIM4
1
21
22
SIM5
SIM1
SIM2
SIM3
SIM4
1
21
22
SIM5
SIM1
SIM2
SIM3
SIM4
1
21
22
SIM5
SIM1
SIM2
SIM3
SIM4
1
21
22
SIM5
SIM1
SIM2
SIM3
SIM4
1
21
22
SIM5
SIM1
SIM2
SIM3
SIM4
1
21
22
SIM5
SIM1
SIM2
SIM3
SIM4
1
21
22
SIM5
SIM1
SIM2
SIM3
SIM4
1
21
22
SIM5
SIM1
SIM2
SIM3
SIM4
1
21
22
SIM5
SIM1
SIM2
SIM3
SIM4
1
21
22
SIM5
SIM1
SIM2
SIM3
SIM4
1
21
22
SIM5
SIM1
SIM2
SIM3
SIM4
1
21
22
SIM5
SIM1
SIM2
SIM3
SIM4
1
21
22
SIM5
SIM1
SIM2
SIM3
SIM4
1
21
22
SIM5
SIM1
SIM2
SIM3
SIM4
1
21
22
SIM5
SIM1
SIM2
SIM3
SIM4
1
21
22
SIM5
SIM1
SIM2
SIM3
SIM4
1
21
22
SIM5
SIM1
SIM2
SIM3
SIM4
1
21
22
SIM5
SIM1
SIM2
SIM3
SIM4
1
21
22
SIM5
SIM1
SIM2
SIM3
SIM4
1
21
22
SIM5
SIM1
SIM2
SIM3
SIM4
1
21
22
SIM5
SIM1
SIM2
SIM3
SIM4
1
21
22
SIM5
SIM1
SIM2
SIM3
SIM4
1
21
22
SIM5
SIM1
SIM2
SIM3
SIM4
1
21
22
SIM5
SIM1
SIM2
SIM3
SIM4
1
21
22
SIM5
SIM1
SIM2
SIM3
SIM4
1
21
22
SIM5
SIM1
SIM2
SIM3
SIM4
1
21
22
SIM5
SIM1
SIM2
SIM3
SIM4
1
21
22
SIM5
SIM1
SIM2
SIM3
SIM4
1
21
22
SIM5
SIM1
SIM2
SIM3
SIM4
1
21
22
SIM5
SIM1
SIM2
SIM3
SIM4
1
21
22
SIM5
SIM1
SIM2
SIM3
SIM4
1
21
22
SIM5
SIM1
SIM2
SIM3
SIM4
1
21
22
SIM5
SIM1
SIM2
SIM3
SIM4
1
21
22
SIM5
SIM1
SIM2
SIM3
SIM4
1
21
22
SIM5
SIM1
SIM2
SIM3
SIM4
1
21
22
SIM5
SIM1
SIM2
SIM3
SIM4
1
21
22
SIM5
SIM1
SIM2
SIM3
SIM4
1
21
22
SIM5
SIM1
SIM2
SIM3
SIM4
1
21
22
SIM5
SIM1
SIM2
SIM3
SIM4
1
21
22
SIM5
SIM1
SIM2
SIM3
SIM4
1
21
22
SIM5
SIM1
SIM2
SIM3
SIM4
1
21
22
SIM5
SIM1
SIM2
SIM3
SIM4
1
21
22
SIM5
SIM1
SIM2
SIM3
SIM4
1
21
22
SIM5
SIM1
SIM2
SIM3
SIM4
1
21
22
SIM5
SIM1
SIM2
SIM3
SIM4
1
21
22
SIM5
SIM1
SIM2
SIM3
SIM4
1
21
22
SIM5
SIM1
SIM2
SIM3
SIM4
1
21
22
SIM5
SIM1
SIM2
SIM3
SIM4
1
21
22
SIM5
SIM1
SIM2
SIM3
SIM4
1
21
22
SIM5
SIM1
SIM2
SIM3
SIM4
1
21
22
SIM5
SIM1
SIM2
SIM3
SIM4
1
21
22
SIM5
SIM1
SIM2
SIM3
SIM4
1
21
22
SIM5
SIM1
SIM2
SIM3
SIM4
1
21
22
SIM5
SIM1
SIM2
SIM3
SIM4
1
21
22
SIM5
SIM1
SIM2
SIM3
SIM4
1
21
22
SIM5
SIM1
SIM2
SIM3
SIM4
1
21
22
SIM5
SIM1
SIM2
SIM3
SIM4
1
21
22
SIM5
SIM1
SIM2
SIM3
SIM4
1
21
22
SIM5
SIM1
SIM2
SIM3
SIM4
1
21
22
SIM5
SIM1
SIM2
SIM3
SIM4
1
21
22
SIM5
SIM1
SIM2
SIM3
SIM4
1
21
22
SIM5
SIM1
SIM2
SIM3
SIM4
1
21
22
SIM5
SIM1
SIM2
SIM3
SIM4
1
21
22
SIM5
SIM1
SIM2
SIM3
SIM4
1
21
22
SIM5
SIM1
SIM2
SIM3
SIM4
1
21
22
SIM5
SIM1
SIM2
SIM3
SIM4
1
21
22
SIM5
SIM1
SIM2
SIM3
SIM4
1
21
22
SIM5
SIM1
SIM2
SIM3
SIM4
1
21
22
SIM5
SIM1
SIM2
SIM3
SIM4
1
21
22
SIM5
SIM1
SIM2
SIM3
SIM4
1
21
22
SIM5
SIM1
SIM2
SIM3
SIM4
1
21
22
SIM5
SIM1
SIM2
SIM3
SIM4
1
21
22
SIM5
SIM1
SIM2
SIM3
SIM4
1
21
22
SIM5
SIM1
SIM2
SIM3
SIM4
1
21
22
SIM5
SIM1
SIM2
SIM3
SIM4
1
21
22
SIM5
SIM1
SIM2
SIM3
SIM4
1
21
22
SIM5
SIM1
SIM2
SIM3
SIM4
1
21
22
SIM5
SIM1
SIM2
SIM3
SIM4
1
21
22
SIM5
SIM1
SIM2
SIM3
SIM4
1
21
22
SIM5
SIM1
SIM2
SIM3
SIM4
1
21
22
SIM5
SIM1
SIM2
SIM3
SIM4
1
21
22
SIM5
SIM1
SIM2
SIM3
SIM4
1
21
22
SIM5
SIM1
SIM2
SIM3
SIM4
1
21
22
SIM5
SIM1
SIM2
SIM3
SIM4
1
21
22
SIM5
SIM1
SIM2
SIM3
SIM4
1
21
22
SIM5
SIM1
SIM2
SIM3
SIM4
1
21
22
SIM5
SIM1
SIM2
SIM3
SIM4
1
21
22
SIM5
SIM1
SIM2
DEBUG 1 884
SIM1
SIM2
SIM3
SIM4
1
21
22
SIM5
SIM1
SIM2
SIM3
SIM4
1
21
22
SIM5
SIM1
SIM2
SIM3
SIM4
1
21
22
SIM5
SIM1
SIM2
SIM3
SIM4
1
21
22
SIM5
SIM1
SIM2
SIM3
SIM4
1
21
22
SIM5
SIM1
SIM2
SIM3
SIM4
1
21
22
SIM5
SIM1
SIM2
SIM3
SIM4
1
21
22
SIM5
SIM1
SIM2
SIM3
SIM4
1
21
22
SIM5
SIM1
SIM2
SIM3
SIM4
1
21
22
SIM5
SIM1
SIM2
SIM3
SIM4
1
21
22
SIM5
SIM1
SIM2
SIM3
SIM4
1
21
22
SIM5
SIM1
SIM2
SIM3
SIM4
1
21
22
SIM5
SIM1
SIM2
SIM3
SIM4
1
21
22
SIM5
SIM1
SIM2
SIM3
SIM4
1
21
22
SIM5
SIM1
SIM2
SIM3
SIM4
1
21
22
SIM5
SIM1
SIM2
SIM3
SIM4
1
21
22
SIM5
SIM1
SIM2
SIM3
SIM4
1
21
22
SIM5
SIM1
SIM2
SIM3
SIM4
1
21
22
SIM5
SIM1
SIM2
SIM3
SIM4
1
21
22
SIM5
SIM1
SIM2
SIM3
SIM4
1
21
22
SIM5
SIM1
SIM2
SIM3
SIM4
1
21
22
SIM5
SIM1
SIM2
SIM3
SIM4
1
21
22
SIM5
SIM1
SIM2
SIM3
SIM4
1
21
22
SIM5
SIM1
SIM2
SIM3
SIM4
1
21
22
SIM5
SIM1
SIM2
SIM3
SIM4
1
21
22
SIM5
SIM1
SIM2
SIM3
SIM4
1
21
22
SIM5
SIM1
SIM2
SIM3
SIM4
1
21
22
SIM5
SIM1
SIM2
SIM3
SIM4
1
21
22
SIM5
SIM1
SIM2
SIM3
SIM4
1
21
22
SIM5
SIM1
SIM2
SIM3
SIM4
1
21
22
SIM5
SIM1
SIM2
SIM3
SIM4
1
21
22
SIM5
SIM1
SIM2
SIM3
SIM4
1
21
22
SIM5
SIM1
SIM2
SIM3
SIM4
1
21
22
SIM5
SIM1
SIM2
SIM3
SIM4
1
21
22
SIM5
SIM1
SIM2
SIM3
SIM4
1
21
22
SIM5
SIM1
SIM2
SIM3
SIM4
1
21
22
SIM5
SIM1
SIM2
SIM3
SIM4
1
21
22
SIM5
SIM1
SIM2
SIM3
SIM4
1
21
22
SIM5
SIM1
SIM2
SIM3
SIM4
1
21
22
SIM5
SIM1
SIM2
SIM3
SIM4
1
21
22
SIM5
SIM1
SIM2
SIM3
SIM4
1
21
22
SIM5
SIM1
SIM2
SIM3
SIM4
1
21
22
SIM5
SIM1
SIM2
SIM3
SIM4
1
21
22
SIM5
SIM1
SIM2
SIM3
SIM4
1
21
22
SIM5
SIM1
SIM2
SIM3
SIM4
1
21
22
SIM5
SIM1
SIM2
SIM3
SIM4
1
21
22
SIM5
SIM1
SIM2
SIM3
SIM4
1
21
22
SIM5
SIM1
SIM2
SIM3
SIM4
1
21
22
SIM5
SIM1
SIM2
SIM3
SIM4
1
21
22
SIM5
SIM1
SIM2
SIM3
SIM4
1
21
22
SIM5
SIM1
SIM2
SIM3
SIM4
1
21
22
SIM5
SIM1
SIM2
SIM3
SIM4
1
21
22
SIM5
SIM1
SIM2
SIM3
SIM4
1
21
22
SIM5
SIM1
SIM2
SIM3
SIM4
1
21
22
SIM5
SIM1
SIM2
SIM3
SIM4
1
21
22
SIM5
SIM1
SIM2
SIM3
SIM4
1
21
22
SIM5
SIM1
SIM2
SIM3
SIM4
1
21
22
SIM5
SIM1
SIM2
SIM3
SIM4
1
21
22
SIM5
SIM1
SIM2
SIM3
SIM4
1
21
22
SIM5
SIM1
SIM2
SIM3
SIM4
1
21
22
SIM5
SIM1
SIM2
SIM3
SIM4
1
21
22
SIM5
SIM1
SIM2
SIM3
SIM4
1
21
22
SIM5
SIM1
SIM2
SIM3
SIM4
1
21
22
SIM5
SIM1
SIM2
SIM3
SIM4
1
21
22
SIM5
SIM1
SIM2
SIM3
SIM4
1
21
22
SIM5
SIM1
SIM2
SIM3
SIM4
1
21
22
SIM5
SIM1
SIM2
SIM3
SIM4
1
21
22
SIM5
SIM1
SIM2
SIM3
SIM4
1
21
22
SIM5
SIM1
SIM2
SIM3
SIM4
1
21
22
SIM5
SIM1
SIM2
SIM3
SIM4
1
21
22
SIM5
SIM1
SIM2
SIM3
SIM4
1
21
22
SIM5
SIM1
SIM2
SIM3
SIM4
1
21
22
SIM5
SIM1
SIM2
SIM3
SIM4
1
21
22
SIM5
SIM1
SIM2
SIM3
SIM4
1
21
22
SIM5
SIM1
SIM2
SIM3
SIM4
1
21
22
SIM5
SIM1
SIM2
SIM3
SIM4
1
21
22
SIM5
SIM1
SIM2
SIM3
SIM4
1
21
22
SIM5
SIM1
SIM2
SIM3
SIM4
1
21
22
SIM5
SIM1
SIM2
SIM3
SIM4
1
21
22
SIM5
SIM1
SIM2
SIM3
SIM4
1
21
22
SIM5
SIM1
SIM2
SIM3
SIM4
1
21
22
SIM5
SIM1
SIM2
SIM3
SIM4
1
21
22
SIM5
SIM1
SIM2
SIM3
SIM4
1
21
22
SIM5
SIM1
SIM2
SIM3
SIM4
1
21
22
SIM5
SIM1
SIM2
SIM3
SIM4
1
21
22
SIM5
SIM1
SIM2
SIM3
SIM4
1
21
22
SIM5
SIM1
SIM2
SIM3
SIM4
1
21
22
SIM5
SIM1
SIM2
SIM3
SIM4
1
21
22
SIM5
SIM1
SIM2
SIM3
SIM4
1
21
22
SIM5
SIM1
SIM2
SIM3
SIM4
1
21
22
SIM5
SIM1
SIM2
SIM3
SIM4
1
21
22
SIM5
SIM1
SIM2
SIM3
SIM4
1
21
22
SIM5
SIM1
SIM2
SIM3
SIM4
1
21
22
SIM5
SIM1
SIM2
SIM3
SIM4
1
21
22
SIM5
SIM1
SIM2
SIM3
SIM4
1
21
22
SIM5
SIM1
SIM2
SIM3
SIM4
1
21
22
SIM5
SIM1
SIM2
SIM3
SIM4
1
21
22
SIM5
SIM1
SIM2
SIM3
SIM4
1
21
22
SIM5
SIM1
SIM2
SIM3
SIM4
1
21
22
SIM5
SIM1
SIM2
SIM3
SIM4
1
21
22
SIM5
SIM1
SIM2
SIM3
SIM4
1
21
22
SIM5
SIM1
SIM2
SIM3
SIM4
1
21
22
SIM5
SIM1
SIM2
SIM3
SIM4
1
21
22
SIM5
SIM1
SIM2
SIM3
SIM4
1
21
22
SIM5
SIM1
SIM2
SIM3
SIM4
1
21
22
SIM5
SIM1
SIM2
SIM3
SIM4
1
21
22
SIM5
SIM1
SIM2
SIM3
SIM4
1
21
22
SIM5
SIM1
SIM2
SIM3
SIM4
1
21
22
SIM5
SIM1
SIM2
SIM3
SIM4
1
21
22
SIM5
SIM1
SIM2
SIM3
SIM4
1
21
22
SIM5
SIM1
SIM2
SIM3
SIM4
1
21
22
SIM5
SIM1
SIM2
SIM3
SIM4
1
21
22
SIM5
SIM1
SIM2
SIM3
SIM4
1
21
22
SIM5
SIM1
SIM2
SIM3
SIM4
1
21
22
SIM5
SIM1
SIM2
SIM3
SIM4
1
21
22
SIM5
SIM1
SIM2
SIM3
SIM4
1
21
22
SIM5
SIM1
SIM2
SIM3
SIM4
1
21
22
SIM5
SIM1
SIM2
SIM3
SIM4
1
21
22
SIM5
SIM1
SIM2
SIM3
SIM4
1
21
22
SIM5
SIM1
SIM2
SIM3
SIM4
1
21
22
SIM5
SIM1
SIM2
SIM3
SIM4
1
21
22
SIM5
SIM1
SIM2
SIM3
SIM4
1
21
22
SIM5
SIM1
SIM2
SIM3
SIM4
1
21
22
SIM5
SIM1
SIM2
SIM3
SIM4
1
21
22
SIM5
SIM1
SIM2
SIM3
SIM4
1
21
22
SIM5
SIM1
SIM2
SIM3
SIM4
1
21
22
SIM5
SIM1
SIM2
SIM3
SIM4
1
21
22
SIM5
SIM1
SIM2
SIM3
SIM4
1
21
22
SIM5
SIM1
SIM2
SIM3
SIM4
1
21
22
SIM5
SIM1
SIM2
SIM3
SIM4
1
21
22
SIM5
SIM1
SIM2
SIM3
SIM4
1
21
22
SIM5
SIM1
SIM2
SIM3
SIM4
1
21
22
SIM5
SIM1
SIM2
SIM3
SIM4
1
21
22
SIM5
SIM1
SIM2
SIM3
SIM4
1
21
22
SIM5
SIM1
SIM2
SIM3
SIM4
1
21
22
SIM5
SIM1
SIM2
SIM3
SIM4
1
21
22
SIM5
SIM1
SIM2
SIM3
SIM4
1
21
22
SIM5
SIM1
SIM2
SIM3
SIM4
1
21
22
SIM5
SIM1
SIM2
SIM3
SIM4
1
21
22
SIM5
SIM1
SIM2
SIM3
SIM4
1
21
22
SIM5
SIM1
SIM2
SIM3
SIM4
1
21
22
SIM5
SIM1
SIM2
SIM3
SIM4
1
21
22
SIM5
SIM1
SIM2
SIM3
SIM4
1
21
22
SIM5
SIM1
SIM2
SIM3
SIM4
1
21
22
SIM5
SIM1
SIM2
SIM3
SIM4
1
21
22
SIM5
SIM1
SIM2
SIM3
SIM4
1
21
22
SIM5
SIM1
SIM2
SIM3
SIM4
1
21
22
SIM5
SIM1
SIM2
SIM3
SIM4
1
21
22
SIM5
SIM1
SIM2
SIM3
SIM4
1
21
22
SIM5
SIM1
SIM2
SIM3
SIM4
1
21
22
SIM5
SIM1
SIM2
SIM3
SIM4
1
21
22
SIM5
SIM1
SIM2
SIM3
SIM4
1
21
22
SIM5
SIM1
SIM2
SIM3
SIM4
1
21
22
SIM5
SIM1
SIM2
SIM3
SIM4
1
21
22
SIM5
SIM1
SIM2
SIM3
SIM4
1
21
22
SIM5
SIM1
SIM2
SIM3
SIM4
1
21
22
SIM5
SIM1
SIM2
SIM3
SIM4
1
21
22
SIM5
SIM1
SIM2
SIM3
SIM4
1
21
22
SIM5
SIM1
SIM2
SIM3
SIM4
1
21
22
SIM5
SIM1
SIM2
SIM3
SIM4
1
21
22
SIM5
SIM1
SIM2
SIM3
SIM4
1
21
22
SIM5
SIM1
SIM2
SIM3
SIM4
1
21
22
SIM5
SIM1
SIM2
SIM3
SIM4
1
21
22
SIM5
SIM1
SIM2
SIM3
SIM4
1
21
22
SIM5
SIM1
SIM2
SIM3
SIM4
1
21
22
SIM5
SIM1
SIM2
SIM3
SIM4
1
21
22
SIM5
SIM1
SIM2
SIM3
SIM4
1
21
22
SIM5
SIM1
SIM2
SIM3
SIM4
1
21
22
SIM5
SIM1
SIM2
SIM3
SIM4
1
21
22
SIM5
SIM1
SIM2
SIM3
SIM4
1
21
22
SIM5
SIM1
SIM2
SIM3
SIM4
1
21
22
SIM5
SIM1
SIM2
SIM3
SIM4
1
21
22
SIM5
SIM1
SIM2
SIM3
SIM4
1
21
22
SIM5
SIM1
SIM2
SIM3
SIM4
1
21
22
SIM5
SIM1
SIM2
SIM3
SIM4
1
21
22
SIM5
SIM1
SIM2
SIM3
SIM4
1
21
22
SIM5
SIM1
SIM2
SIM3
SIM4
1
21
22
SIM5
SIM1
SIM2
SIM3
SIM4
1
21
22
SIM5
SIM1
SIM2
SIM3
SIM4
1
21
22
SIM5
SIM1
SIM2
SIM3
SIM4
1
21
22
SIM5
SIM1
SIM2
SIM3
SIM4
1
21
22
SIM5
SIM1
SIM2
SIM3
SIM4
1
21
22
SIM5
SIM1
SIM2
SIM3
SIM4
1
21
22
SIM5
SIM1
SIM2
SIM3
SIM4
1
21
22
SIM5
SIM1
SIM2
SIM3
SIM4
1
21
22
SIM5
SIM1
SIM2
SIM3
SIM4
1
21
22
SIM5
SIM1
SIM2
SIM3
SIM4
1
21
22
SIM5
SIM1
SIM2
SIM3
SIM4
1
21
22
SIM5
SIM1
SIM2
DEBUG 1 885
SIM1
SIM2
SIM3
SIM4
1
21
22
SIM5
SIM1
SIM2
SIM3
SIM4
1
21
22
SIM5
SIM1
SIM2
SIM3
SIM4
1
21
22
SIM5
SIM1
SIM2
SIM3
SIM4
1
21
22
SIM5
SIM1
SIM2
SIM3
SIM4
1
21
22
SIM5
SIM1
SIM2
SIM3
SIM4
1
21
22
SIM5
SIM1
SIM2
SIM3
SIM4
1
21
22
SIM5
SIM1
SIM2
SIM3
SIM4
1
21
22
SIM5
SIM1
SIM2
SIM3
SIM4
1
21
22
SIM5
SIM1
SIM2
SIM3
SIM4
1
21
22
SIM5
SIM1
SIM2
SIM3
SIM4
1
21
22
SIM5
SIM1
SIM2
SIM3
SIM4
1
21
22
SIM5
SIM1
SIM2
SIM3
SIM4
1
21
22
SIM5
SIM1
SIM2
SIM3
SIM4
1
21
22
SIM5
SIM1
SIM2
SIM3
SIM4
1
21
22
SIM5
SIM1
SIM2
SIM3
SIM4
1
21
22
SIM5
SIM1
SIM2
SIM3
SIM4
1
21
22
SIM5
SIM1
SIM2
SIM3
SIM4
1
21
22
SIM5
SIM1
SIM2
SIM3
SIM4
1
21
22
SIM5
SIM1
SIM2
SIM3
SIM4
1
21
22
SIM5
SIM1
SIM2
SIM3
SIM4
1
21
22
SIM5
SIM1
SIM2
SIM3
SIM4
1
21
22
SIM5
SIM1
SIM2
SIM3
SIM4
1
21
22
SIM5
SIM1
SIM2
SIM3
SIM4
1
21
22
SIM5
SIM1
SIM2
SIM3
SIM4
1
21
22
SIM5
SIM1
SIM2
SIM3
SIM4
1
21
22
SIM5
SIM1
SIM2
SIM3
SIM4
1
21
22
SIM5
SIM1
SIM2
SIM3
SIM4
1
21
22
SIM5
SIM1
SIM2
SIM3
SIM4
1
21
22
SIM5
SIM1
SIM2
SIM3
SIM4
1
21
22
SIM5
SIM1
SIM2
SIM3
SIM4
1
21
22
SIM5
SIM1
SIM2
SIM3
SIM4
1
21
22
SIM5
SIM1
SIM2
SIM3
SIM4
1
21
22
SIM5
SIM1
SIM2
SIM3
SIM4
1
21
22
SIM5
SIM1
SIM2
SIM3
SIM4
1
21
22
SIM5
SIM1
SIM2
SIM3
SIM4
1
21
22
SIM5
SIM1
SIM2
SIM3
SIM4
1
21
22
SIM5
SIM1
SIM2
SIM3
SIM4
1
21
22
SIM5
SIM1
SIM2
SIM3
SIM4
1
21
22
SIM5
SIM1
SIM2
SIM3
SIM4
1
21
22
SIM5
SIM1
SIM2
SIM3
SIM4
1
21
22
SIM5
SIM1
SIM2
SIM3
SIM4
1
21
22
SIM5
SIM1
SIM2
SIM3
SIM4
1
21
22
SIM5
SIM1
SIM2
SIM3
SIM4
1
21
22
SIM5
SIM1
SIM2
SIM3
SIM4
1
21
22
SIM5
SIM1
SIM2
SIM3
SIM4
1
21
22
SIM5
SIM1
SIM2
SIM3
SIM4
1
21
22
SIM5
SIM1
SIM2
SIM3
SIM4
1
21
22
SIM5
SIM1
SIM2
SIM3
SIM4
1
21
22
SIM5
SIM1
SIM2
SIM3
SIM4
1
21
22
SIM5
SIM1
SIM2
SIM3
SIM4
1
21
22
SIM5
SIM1
SIM2
SIM3
SIM4
1
21
22
SIM5
SIM1
SIM2
SIM3
SIM4
1
21
22
SIM5
SIM1
SIM2
SIM3
SIM4
1
21
22
SIM5
SIM1
SIM2
SIM3
SIM4
1
21
22
SIM5
SIM1
SIM2
SIM3
SIM4
1
21
22
SIM5
SIM1
SIM2
SIM3
SIM4
1
21
22
SIM5
SIM1
SIM2
SIM3
SIM4
1
21
22
SIM5
SIM1
SIM2
SIM3
SIM4
1
21
22
SIM5
SIM1
SIM2
SIM3
SIM4
1
21
22
SIM5
SIM1
SIM2
SIM3
SIM4
1
21
22
SIM5
SIM1
SIM2
SIM3
SIM4
1
21
22
SIM5
SIM1
SIM2
SIM3
SIM4
1
21
22
SIM5
SIM1
SIM2
SIM3
SIM4
1
21
22
SIM5
SIM1
SIM2
SIM3
SIM4
1
21
22
SIM5
SIM1
SIM2
SIM3
SIM4
1
21
22
SIM5
SIM1
SIM2
SIM3
SIM4
1
21
22
SIM5
SIM1
SIM2
SIM3
SIM4
1
21
22
SIM5
SIM1
SIM2
SIM3
SIM4
1
21
22
SIM5
SIM1
SIM2
SIM3
SIM4
1
21
22
SIM5
SIM1
SIM2
SIM3
SIM4
1
21
22
SIM5
SIM1
SIM2
SIM3
SIM4
1
21
22
SIM5
SIM1
SIM2
SIM3
SIM4
1
21
22
SIM5
SIM1
SIM2
SIM3
SIM4
1
21
22
SIM5
SIM1
SIM2
SIM3
SIM4
1
21
22
SIM5
SIM1
SIM2
SIM3
SIM4
1
21
22
SIM5
SIM1
SIM2
SIM3
SIM4
1
21
22
SIM5
SIM1
SIM2
SIM3
SIM4
1
21
22
SIM5
SIM1
SIM2
SIM3
SIM4
1
21
22
SIM5
SIM1
SIM2
SIM3
SIM4
1
21
22
SIM5
SIM1
SIM2
SIM3
SIM4
1
21
22
SIM5
SIM1
SIM2
SIM3
SIM4
1
21
22
SIM5
SIM1
SIM2
SIM3
SIM4
1
21
22
SIM5
SIM1
SIM2
SIM3
SIM4
1
21
22
SIM5
SIM1
SIM2
SIM3
SIM4
1
21
22
SIM5
SIM1
SIM2
SIM3
SIM4
1
21
22
SIM5
SIM1
SIM2
SIM3
SIM4
1
21
22
SIM5
SIM1
SIM2
SIM3
SIM4
1
21
22
SIM5
SIM1
SIM2
SIM3
SIM4
1
21
22
SIM5
SIM1
SIM2
SIM3
SIM4
1
21
22
SIM5
SIM1
SIM2
SIM3
SIM4
1
21
22
SIM5
SIM1
SIM2
SIM3
SIM4
1
21
22
SIM5
SIM1
SIM2
SIM3
SIM4
1
21
22
SIM5
SIM1
SIM2
SIM3
SIM4
1
21
22
SIM5
SIM1
SIM2
SIM3
SIM4
1
21
22
SIM5
SIM1
SIM2
SIM3
SIM4
1
21
22
SIM5
SIM1
SIM2
SIM3
SIM4
1
21
22
SIM5
SIM1
SIM2
SIM3
SIM4
1
21
22
SIM5
SIM1
SIM2
SIM3
SIM4
1
21
22
SIM5
SIM1
SIM2
SIM3
SIM4
1
21
22
SIM5
SIM1
SIM2
SIM3
SIM4
1
21
22
SIM5
SIM1
SIM2
SIM3
SIM4
1
21
22
SIM5
SIM1
SIM2
SIM3
SIM4
1
21
22
SIM5
SIM1
SIM2
SIM3
SIM4
1
21
22
SIM5
SIM1
SIM2
SIM3
SIM4
1
21
22
SIM5
SIM1
SIM2
SIM3
SIM4
1
21
22
SIM5
SIM1
SIM2
SIM3
SIM4
1
21
22
SIM5
SIM1
SIM2
SIM3
SIM4
1
21
22
SIM5
SIM1
SIM2
SIM3
SIM4
1
21
22
SIM5
SIM1
SIM2
SIM3
SIM4
1
21
22
SIM5
SIM1
SIM2
SIM3
SIM4
1
21
22
SIM5
SIM1
SIM2
SIM3
SIM4
1
21
22
SIM5
SIM1
SIM2
SIM3
SIM4
1
21
22
SIM5
SIM1
SIM2
SIM3
SIM4
1
21
22
SIM5
SIM1
SIM2
SIM3
SIM4
1
21
22
SIM5
SIM1
SIM2
SIM3
SIM4
1
21
22
SIM5
SIM1
SIM2
SIM3
SIM4
1
21
22
SIM5
SIM1
SIM2
SIM3
SIM4
1
21
22
SIM5
SIM1
SIM2
SIM3
SIM4
1
21
22
SIM5
SIM1
SIM2
SIM3
SIM4
1
21
22
SIM5
SIM1
SIM2
SIM3
SIM4
1
21
22
SIM5
SIM1
SIM2
SIM3
SIM4
1
21
22
SIM5
SIM1
SIM2
SIM3
SIM4
1
21
22
SIM5
SIM1
SIM2
SIM3
SIM4
1
21
22
SIM5
SIM1
SIM2
SIM3
SIM4
1
21
22
SIM5
SIM1
SIM2
SIM3
SIM4
1
21
22
SIM5
SIM1
SIM2
SIM3
SIM4
1
21
22
SIM5
SIM1
SIM2
SIM3
SIM4
1
21
22
SIM5
SIM1
SIM2
SIM3
SIM4
1
21
22
SIM5
SIM1
SIM2
SIM3
SIM4
1
21
22
SIM5
SIM1
SIM2
SIM3
SIM4
1
21
22
SIM5
SIM1
SIM2
SIM3
SIM4
1
21
22
SIM5
SIM1
SIM2
SIM3
SIM4
1
21
22
SIM5
SIM1
SIM2
SIM3
SIM4
1
21
22
SIM5
SIM1
SIM2
SIM3
SIM4
1
21
22
SIM5
SIM1
SIM2
SIM3
SIM4
1
21
22
SIM5
SIM1
SIM2
SIM3
SIM4
1
21
22
SIM5
SIM1
SIM2
SIM3
SIM4
1
21
22
SIM5
SIM1
SIM2
SIM3
SIM4
1
21
22
SIM5
SIM1
SIM2
SIM3
SIM4
1
21
22
SIM5
SIM1
SIM2
SIM3
SIM4
1
21
22
SIM5
SIM1
SIM2
SIM3
SIM4
1
21
22
SIM5
SIM1
SIM2
SIM3
SIM4
1
21
22
SIM5
SIM1
SIM2
SIM3
SIM4
1
21
22
SIM5
SIM1
SIM2
SIM3
SIM4
1
21
22
SIM5
SIM1
SIM2
SIM3
SIM4
1
21
22
SIM5
SIM1
SIM2
SIM3
SIM4
1
21
22
SIM5
SIM1
SIM2
SIM3
SIM4
1
21
22
SIM5
SIM1
SIM2
SIM3
SIM4
1
21
22
SIM5
SIM1
SIM2
SIM3
SIM4
1
21
22
SIM5
SIM1
SIM2
SIM3
SIM4
1
21
22
SIM5
SIM1
SIM2
SIM3
SIM4
1
21
22
SIM5
SIM1
SIM2
SIM3
SIM4
1
21
22
SIM5
SIM1
SIM2
SIM3
SIM4
1
21
22
SIM5
SIM1
SIM2
SIM3
SIM4
1
21
22
SIM5
SIM1
SIM2
SIM3
SIM4
1
21
22
SIM5
SIM1
SIM2
SIM3
SIM4
1
21
22
SIM5
SIM1
SIM2
SIM3
SIM4
1
21
22
SIM5
SIM1
SIM2
SIM3
SIM4
1
21
22
SIM5
SIM1
SIM2
SIM3
SIM4
1
21
22
SIM5
SIM1
SIM2
SIM3
SIM4
1
21
22
SIM5
SIM1
SIM2
SIM3
SIM4
1
21
22
SIM5
SIM1
SIM2
SIM3
SIM4
1
21
22
SIM5
SIM1
SIM2
SIM3
SIM4
1
21
22
SIM5
SIM1
SIM2
SIM3
SIM4
1
21
22
SIM5
SIM1
SIM2
SIM3
SIM4
1
21
22
SIM5
SIM1
SIM2
SIM3
SIM4
1
21
22
SIM5
SIM1
SIM2
SIM3
SIM4
1
21
22
SIM5
SIM1
SIM2
SIM3
SIM4
1
21
22
SIM5
SIM1
SIM2
SIM3
SIM4
1
21
22
SIM5
SIM1
SIM2
SIM3
SIM4
1
21
22
SIM5
SIM1
SIM2
SIM3
SIM4
1
21
22
SIM5
SIM1
SIM2
SIM3
SIM4
1
21
22
SIM5
SIM1
SIM2
SIM3
SIM4
1
21
22
SIM5
SIM1
SIM2
SIM3
SIM4
1
21
22
SIM5
SIM1
SIM2
SIM3
SIM4
1
21
22
SIM5
SIM1
SIM2
SIM3
SIM4
1
21
22
SIM5
SIM1
SIM2
SIM3
SIM4
1
21
22
SIM5
SIM1
SIM2
SIM3
SIM4
1
21
22
SIM5
SIM1
SIM2
SIM3
SIM4
1
21
22
SIM5
SIM1
SIM2
SIM3
SIM4
1
21
22
SIM5
SIM1
SIM2
SIM3
SIM4
1
21
22
SIM5
SIM1
SIM2
SIM3
SIM4
1
21
22
SIM5
SIM1
SIM2
SIM3
SIM4
1
21
22
SIM5
SIM1
SIM2
SIM3
SIM4
1
21
22
SIM5
SIM1
SIM2
SIM3
SIM4
1
21
22
SIM5
SIM1
SIM2
SIM3
SIM4
1
21
22
SIM5
SIM1
SIM2
SIM3
SIM4
1
21
22
SIM5
SIM1
SIM2
DEBUG 1 886
SIM1
SIM2
SIM3
SIM4
1
21
22
SIM5
SIM1
SIM2
SIM3
SIM4
1
21
22
SIM5
SIM1
SIM2
SIM3
SIM4
1
21
22
SIM5
SIM1
SIM2
SIM3
SIM4
1
21
22
SIM5
SIM1
SIM2
SIM3
SIM4
1
21
22
SIM5
SIM1
SIM2
SIM3
SIM4
1
21
22
SIM5
SIM1
SIM2
SIM3
SIM4
1
21
22
SIM5
SIM1
SIM2
SIM3
SIM4
1
21
22
SIM5
SIM1
SIM2
SIM3
SIM4
1
21
22
SIM5
SIM1
SIM2
SIM3
SIM4
1
21
22
SIM5
SIM1
SIM2
SIM3
SIM4
1
21
22
SIM5
SIM1
SIM2
SIM3
SIM4
1
21
22
SIM5
SIM1
SIM2
SIM3
SIM4
1
21
22
SIM5
SIM1
SIM2
SIM3
SIM4
1
21
22
SIM5
SIM1
SIM2
SIM3
SIM4
1
21
22
SIM5
SIM1
SIM2
SIM3
SIM4
1
21
22
SIM5
SIM1
SIM2
SIM3
SIM4
1
21
22
SIM5
SIM1
SIM2
SIM3
SIM4
1
21
22
SIM5
SIM1
SIM2
SIM3
SIM4
1
21
22
SIM5
SIM1
SIM2
SIM3
SIM4
1
21
22
SIM5
SIM1
SIM2
SIM3
SIM4
1
21
22
SIM5
SIM1
SIM2
SIM3
SIM4
1
21
22
SIM5
SIM1
SIM2
SIM3
SIM4
1
21
22
SIM5
SIM1
SIM2
SIM3
SIM4
1
21
22
SIM5
SIM1
SIM2
SIM3
SIM4
1
21
22
SIM5
SIM1
SIM2
SIM3
SIM4
1
21
22
SIM5
SIM1
SIM2
SIM3
SIM4
1
21
22
SIM5
SIM1
SIM2
SIM3
SIM4
1
21
22
SIM5
SIM1
SIM2
SIM3
SIM4
1
21
22
SIM5
SIM1
SIM2
SIM3
SIM4
1
21
22
SIM5
SIM1
SIM2
SIM3
SIM4
1
21
22
SIM5
SIM1
SIM2
SIM3
SIM4
1
21
22
SIM5
SIM1
SIM2
SIM3
SIM4
1
21
22
SIM5
SIM1
SIM2
SIM3
SIM4
1
21
22
SIM5
SIM1
SIM2
SIM3
SIM4
1
21
22
SIM5
SIM1
SIM2
SIM3
SIM4
1
21
22
SIM5
SIM1
SIM2
SIM3
SIM4
1
21
22
SIM5
SIM1
SIM2
SIM3
SIM4
1
21
22
SIM5
SIM1
SIM2
SIM3
SIM4
1
21
22
SIM5
SIM1
SIM2
SIM3
SIM4
1
21
22
SIM5
SIM1
SIM2
SIM3
SIM4
1
21
22
SIM5
SIM1
SIM2
SIM3
SIM4
1
21
22
SIM5
SIM1
SIM2
SIM3
SIM4
1
21
22
SIM5
SIM1
SIM2
SIM3
SIM4
1
21
22
SIM5
SIM1
SIM2
SIM3
SIM4
1
21
22
SIM5
SIM1
SIM2
SIM3
SIM4
1
21
22
SIM5
SIM1
SIM2
SIM3
SIM4
1
21
22
SIM5
SIM1
SIM2
SIM3
SIM4
1
21
22
SIM5
SIM1
SIM2
SIM3
SIM4
1
21
22
SIM5
SIM1
SIM2
SIM3
SIM4
1
21
22
SIM5
SIM1
SIM2
SIM3
SIM4
1
21
22
SIM5
SIM1
SIM2
SIM3
SIM4
1
21
22
SIM5
SIM1
SIM2
SIM3
SIM4
1
21
22
SIM5
SIM1
SIM2
SIM3
SIM4
1
21
22
SIM5
SIM1
SIM2
SIM3
SIM4
1
21
22
SIM5
SIM1
SIM2
SIM3
SIM4
1
21
22
SIM5
SIM1
SIM2
SIM3
SIM4
1
21
22
SIM5
SIM1
SIM2
SIM3
SIM4
1
21
22
SIM5
SIM1
SIM2
SIM3
SIM4
1
21
22
SIM5
SIM1
SIM2
SIM3
SIM4
1
21
22
SIM5
SIM1
SIM2
SIM3
SIM4
1
21
22
SIM5
SIM1
SIM2
SIM3
SIM4
1
21
22
SIM5
SIM1
SIM2
SIM3
SIM4
1
21
22
SIM5
SIM1
SIM2
SIM3
SIM4
1
21
22
SIM5
SIM1
SIM2
SIM3
SIM4
1
21
22
SIM5
SIM1
SIM2
SIM3
SIM4
1
21
22
SIM5
SIM1
SIM2
SIM3
SIM4
1
21
22
SIM5
SIM1
SIM2
SIM3
SIM4
1
21
22
SIM5
SIM1
SIM2
SIM3
SIM4
1
21
22
SIM5
SIM1
SIM2
SIM3
SIM4
1
21
22
SIM5
SIM1
SIM2
SIM3
SIM4
1
21
22
SIM5
SIM1
SIM2
SIM3
SIM4
1
21
22
SIM5
SIM1
SIM2
SIM3
SIM4
1
21
22
SIM5
SIM1
SIM2
SIM3
SIM4
1
21
22
SIM5
SIM1
SIM2
SIM3
SIM4
1
21
22
SIM5
SIM1
SIM2
SIM3
SIM4
1
21
22
SIM5
SIM1
SIM2
SIM3
SIM4
1
21
22
SIM5
SIM1
SIM2
SIM3
SIM4
1
21
22
SIM5
SIM1
SIM2
SIM3
SIM4
1
21
22
SIM5
SIM1
SIM2
SIM3
SIM4
1
21
22
SIM5
SIM1
SIM2
SIM3
SIM4
1
21
22
SIM5
SIM1
SIM2
SIM3
SIM4
1
21
22
SIM5
SIM1
SIM2
SIM3
SIM4
1
21
22
SIM5
SIM1
SIM2
SIM3
SIM4
1
21
22
SIM5
SIM1
SIM2
SIM3
SIM4
1
21
22
SIM5
SIM1
SIM2
SIM3
SIM4
1
21
22
SIM5
SIM1
SIM2
SIM3
SIM4
1
21
22
SIM5
SIM1
SIM2
SIM3
SIM4
1
21
22
SIM5
SIM1
SIM2
SIM3
SIM4
1
21
22
SIM5
SIM1
SIM2
SIM3
SIM4
1
21
22
SIM5
SIM1
SIM2
SIM3
SIM4
1
21
22
SIM5
SIM1
SIM2
SIM3
SIM4
1
21
22
SIM5
SIM1
SIM2
SIM3
SIM4
1
21
22
SIM5
SIM1
SIM2
SIM3
SIM4
1
21
22
SIM5
SIM1
SIM2
SIM3
SIM4
1
21
22
SIM5
SIM1
SIM2
SIM3
SIM4
1
21
22
SIM5
SIM1
SIM2
SIM3
SIM4
1
21
22
SIM5
SIM1
SIM2
SIM3
SIM4
1
21
22
SIM5
SIM1
SIM2
SIM3
SIM4
1
21
22
SIM5
SIM1
SIM2
SIM3
SIM4
1
21
22
SIM5
SIM1
SIM2
SIM3
SIM4
1
21
22
SIM5
SIM1
SIM2
SIM3
SIM4
1
21
22
SIM5
SIM1
SIM2
SIM3
SIM4
1
21
22
SIM5
SIM1
SIM2
SIM3
SIM4
1
21
22
SIM5
SIM1
SIM2
SIM3
SIM4
1
21
22
SIM5
SIM1
SIM2
SIM3
SIM4
1
21
22
SIM5
SIM1
SIM2
SIM3
SIM4
1
21
22
SIM5
SIM1
SIM2
SIM3
SIM4
1
21
22
SIM5
SIM1
SIM2
SIM3
SIM4
1
21
22
SIM5
SIM1
SIM2
SIM3
SIM4
1
21
22
SIM5
SIM1
SIM2
SIM3
SIM4
1
21
22
SIM5
SIM1
SIM2
SIM3
SIM4
1
21
22
SIM5
SIM1
SIM2
SIM3
SIM4
1
21
22
SIM5
SIM1
SIM2
SIM3
SIM4
1
21
22
SIM5
SIM1
SIM2
SIM3
SIM4
1
21
22
SIM5
SIM1
SIM2
SIM3
SIM4
1
21
22
SIM5
SIM1
SIM2
SIM3
SIM4
1
21
22
SIM5
SIM1
SIM2
SIM3
SIM4
1
21
22
SIM5
SIM1
SIM2
SIM3
SIM4
1
21
22
SIM5
SIM1
SIM2
SIM3
SIM4
1
21
22
SIM5
SIM1
SIM2
SIM3
SIM4
1
21
22
SIM5
SIM1
SIM2
SIM3
SIM4
1
21
22
SIM5
SIM1
SIM2
SIM3
SIM4
1
21
22
SIM5
SIM1
SIM2
SIM3
SIM4
1
21
22
SIM5
SIM1
SIM2
SIM3
SIM4
1
21
22
SIM5
SIM1
SIM2
SIM3
SIM4
1
21
22
SIM5
SIM1
SIM2
SIM3
SIM4
1
21
22
SIM5
SIM1
SIM2
SIM3
SIM4
1
21
22
SIM5
SIM1
SIM2
SIM3
SIM4
1
21
22
SIM5
SIM1
SIM2
SIM3
SIM4
1
21
22
SIM5
SIM1
SIM2
SIM3
SIM4
1
21
22
SIM5
SIM1
SIM2
SIM3
SIM4
1
21
22
SIM5
SIM1
SIM2
SIM3
SIM4
1
21
22
SIM5
SIM1
SIM2
SIM3
SIM4
1
21
22
SIM5
SIM1
SIM2
SIM3
SIM4
1
21
22
SIM5
SIM1
SIM2
SIM3
SIM4
1
21
22
SIM5
SIM1
SIM2
SIM3
SIM4
1
21
22
SIM5
SIM1
SIM2
SIM3
SIM4
1
21
22
SIM5
SIM1
SIM2
SIM3
SIM4
1
21
22
SIM5
SIM1
SIM2
SIM3
SIM4
1
21
22
SIM5
SIM1
SIM2
SIM3
SIM4
1
21
22
SIM5
SIM1
SIM2
SIM3
SIM4
1
21
22
SIM5
SIM1
SIM2
SIM3
SIM4
1
21
22
SIM5
SIM1
SIM2
SIM3
SIM4
1
21
22
SIM5
SIM1
SIM2
SIM3
SIM4
1
21
22
SIM5
SIM1
SIM2
SIM3
SIM4
1
21
22
SIM5
SIM1
SIM2
SIM3
SIM4
1
21
22
SIM5
SIM1
SIM2
SIM3
SIM4
1
21
22
SIM5
SIM1
SIM2
SIM3
SIM4
1
21
22
SIM5
SIM1
SIM2
SIM3
SIM4
1
21
22
SIM5
SIM1
SIM2
SIM3
SIM4
1
21
22
SIM5
SIM1
SIM2
SIM3
SIM4
1
21
22
SIM5
SIM1
SIM2
SIM3
SIM4
1
21
22
SIM5
SIM1
SIM2
SIM3
SIM4
1
21
22
SIM5
SIM1
SIM2
SIM3
SIM4
1
21
22
SIM5
SIM1
SIM2
SIM3
SIM4
1
21
22
SIM5
SIM1
SIM2
SIM3
SIM4
1
21
22
SIM5
SIM1
SIM2
SIM3
SIM4
1
21
22
SIM5
SIM1
SIM2
SIM3
SIM4
1
21
22
SIM5
SIM1
SIM2
SIM3
SIM4
1
21
22
SIM5
SIM1
SIM2
SIM3
SIM4
1
21
22
SIM5
SIM1
SIM2
SIM3
SIM4
1
21
22
SIM5
SIM1
SIM2
SIM3
SIM4
1
21
22
SIM5
SIM1
SIM2
SIM3
SIM4
1
21
22
SIM5
SIM1
SIM2
SIM3
SIM4
1
21
22
SIM5
SIM1
SIM2
SIM3
SIM4
1
21
22
SIM5
SIM1
SIM2
SIM3
SIM4
1
21
22
SIM5
SIM1
SIM2
SIM3
SIM4
1
21
22
SIM5
SIM1
SIM2
SIM3
SIM4
1
21
22
SIM5
SIM1
SIM2
SIM3
SIM4
1
21
22
SIM5
SIM1
SIM2
SIM3
SIM4
1
21
22
SIM5
SIM1
SIM2
SIM3
SIM4
1
21
22
SIM5
SIM1
SIM2
SIM3
SIM4
1
21
22
SIM5
SIM1
SIM2
SIM3
SIM4
1
21
22
SIM5
SIM1
SIM2
SIM3
SIM4
1
21
22
SIM5
SIM1
SIM2
SIM3
SIM4
1
21
22
SIM5
SIM1
SIM2
SIM3
SIM4
1
21
22
SIM5
SIM1
SIM2
SIM3
SIM4
1
21
22
SIM5
SIM1
SIM2
SIM3
SIM4
1
21
22
SIM5
SIM1
SIM2
SIM3
SIM4
1
21
22
SIM5
SIM1
SIM2
SIM3
SIM4
1
21
22
SIM5
SIM1
SIM2
SIM3
SIM4
1
21
22
SIM5
SIM1
SIM2
SIM3
SIM4
1
21
22
SIM5
SIM1
SIM2
SIM3
SIM4
1
21
22
SIM5
SIM1
SIM2
SIM3
SIM4
1
21
22
SIM5
SIM1
SIM2
SIM3
SIM4
1
21
22
SIM5
SIM1
SIM2
SIM3
SIM4
1
21
22
SIM5
SIM1
SIM2
SIM3
SIM4
1
21
22
SIM5
SIM1
SIM2
SIM3
SIM4
1
21
22
SIM5
SIM1
SIM2
SIM3
SIM4
1
21
22
SIM5
SIM1
SIM2
SIM3
SIM4
1
21
22
SIM5
SIM1
SIM2
SIM3
SIM4
1
21
22
SIM5
SIM1
SIM2
SIM3
SIM4
1
21
22
SIM5
SIM1
SIM2
DEBUG 1 887
SIM1
SIM2
SIM3
SIM4
1
21
22
SIM5
SIM1
SIM2
SIM3
SIM4
1
21
22
SIM5
SIM1
SIM2
SIM3
SIM4
1
21
22
SIM5
SIM1
SIM2
SIM3
SIM4
1
21
22
SIM5
SIM1
SIM2
SIM3
SIM4
1
21
22
SIM5
SIM1
SIM2
SIM3
SIM4
1
21
22
SIM5
SIM1
SIM2
SIM3
SIM4
1
21
22
SIM5
SIM1
SIM2
SIM3
SIM4
1
21
22
SIM5
SIM1
SIM2
SIM3
SIM4
1
21
22
SIM5
SIM1
SIM2
SIM3
SIM4
1
21
22
SIM5
SIM1
SIM2
SIM3
SIM4
1
21
22
SIM5
SIM1
SIM2
SIM3
SIM4
1
21
22
SIM5
SIM1
SIM2
SIM3
SIM4
1
21
22
SIM5
SIM1
SIM2
SIM3
SIM4
1
21
22
SIM5
SIM1
SIM2
SIM3
SIM4
1
21
22
SIM5
SIM1
SIM2
SIM3
SIM4
1
21
22
SIM5
SIM1
SIM2
SIM3
SIM4
1
21
22
SIM5
SIM1
SIM2
SIM3
SIM4
1
21
22
SIM5
SIM1
SIM2
SIM3
SIM4
1
21
22
SIM5
SIM1
SIM2
SIM3
SIM4
1
21
22
SIM5
SIM1
SIM2
SIM3
SIM4
1
21
22
SIM5
SIM1
SIM2
SIM3
SIM4
1
21
22
SIM5
SIM1
SIM2
SIM3
SIM4
1
21
22
SIM5
SIM1
SIM2
SIM3
SIM4
1
21
22
SIM5
SIM1
SIM2
SIM3
SIM4
1
21
22
SIM5
SIM1
SIM2
SIM3
SIM4
1
21
22
SIM5
SIM1
SIM2
SIM3
SIM4
1
21
22
SIM5
SIM1
SIM2
SIM3
SIM4
1
21
22
SIM5
SIM1
SIM2
SIM3
SIM4
1
21
22
SIM5
SIM1
SIM2
SIM3
SIM4
1
21
22
SIM5
SIM1
SIM2
SIM3
SIM4
1
21
22
SIM5
SIM1
SIM2
SIM3
SIM4
1
21
22
SIM5
SIM1
SIM2
SIM3
SIM4
1
21
22
SIM5
SIM1
SIM2
SIM3
SIM4
1
21
22
SIM5
SIM1
SIM2
SIM3
SIM4
1
21
22
SIM5
SIM1
SIM2
SIM3
SIM4
1
21
22
SIM5
SIM1
SIM2
SIM3
SIM4
1
21
22
SIM5
SIM1
SIM2
SIM3
SIM4
1
21
22
SIM5
SIM1
SIM2
SIM3
SIM4
1
21
22
SIM5
SIM1
SIM2
SIM3
SIM4
1
21
22
SIM5
SIM1
SIM2
SIM3
SIM4
1
21
22
SIM5
SIM1
SIM2
SIM3
SIM4
1
21
22
SIM5
SIM1
SIM2
SIM3
SIM4
1
21
22
SIM5
SIM1
SIM2
SIM3
SIM4
1
21
22
SIM5
SIM1
SIM2
SIM3
SIM4
1
21
22
SIM5
SIM1
SIM2
SIM3
SIM4
1
21
22
SIM5
SIM1
SIM2
SIM3
SIM4
1
21
22
SIM5
SIM1
SIM2
SIM3
SIM4
1
21
22
SIM5
SIM1
SIM2
SIM3
SIM4
1
21
22
SIM5
SIM1
SIM2
SIM3
SIM4
1
21
22
SIM5
SIM1
SIM2
SIM3
SIM4
1
21
22
SIM5
SIM1
SIM2
SIM3
SIM4
1
21
22
SIM5
SIM1
SIM2
SIM3
SIM4
1
21
22
SIM5
SIM1
SIM2
SIM3
SIM4
1
21
22
SIM5
SIM1
SIM2
SIM3
SIM4
1
21
22
SIM5
SIM1
SIM2
SIM3
SIM4
1
21
22
SIM5
SIM1
SIM2
SIM3
SIM4
1
21
22
SIM5
SIM1
SIM2
SIM3
SIM4
1
21
22
SIM5
SIM1
SIM2
SIM3
SIM4
1
21
22
SIM5
SIM1
SIM2
SIM3
SIM4
1
21
22
SIM5
SIM1
SIM2
SIM3
SIM4
1
21
22
SIM5
SIM1
SIM2
SIM3
SIM4
1
21
22
SIM5
SIM1
SIM2
SIM3
SIM4
1
21
22
SIM5
SIM1
SIM2
SIM3
SIM4
1
21
22
SIM5
SIM1
SIM2
SIM3
SIM4
1
21
22
SIM5
SIM1
SIM2
SIM3
SIM4
1
21
22
SIM5
SIM1
SIM2
SIM3
SIM4
1
21
22
SIM5
SIM1
SIM2
SIM3
SIM4
1
21
22
SIM5
SIM1
SIM2
SIM3
SIM4
1
21
22
SIM5
SIM1
SIM2
SIM3
SIM4
1
21
22
SIM5
SIM1
SIM2
SIM3
SIM4
1
21
22
SIM5
SIM1
SIM2
SIM3
SIM4
1
21
22
SIM5
SIM1
SIM2
SIM3
SIM4
1
21
22
SIM5
SIM1
SIM2
SIM3
SIM4
1
21
22
SIM5
SIM1
SIM2
SIM3
SIM4
1
21
22
SIM5
SIM1
SIM2
SIM3
SIM4
1
21
22
SIM5
SIM1
SIM2
SIM3
SIM4
1
21
22
SIM5
SIM1
SIM2
SIM3
SIM4
1
21
22
SIM5
SIM1
SIM2
SIM3
SIM4
1
21
22
SIM5
SIM1
SIM2
SIM3
SIM4
1
21
22
SIM5
SIM1
SIM2
SIM3
SIM4
1
21
22
SIM5
SIM1
SIM2
SIM3
SIM4
1
21
22
SIM5
SIM1
SIM2
SIM3
SIM4
1
21
22
SIM5
SIM1
SIM2
SIM3
SIM4
1
21
22
SIM5
SIM1
SIM2
SIM3
SIM4
1
21
22
SIM5
SIM1
SIM2
SIM3
SIM4
1
21
22
SIM5
SIM1
SIM2
SIM3
SIM4
1
21
22
SIM5
SIM1
SIM2
SIM3
SIM4
1
21
22
SIM5
SIM1
SIM2
SIM3
SIM4
1
21
22
SIM5
SIM1
SIM2
SIM3
SIM4
1
21
22
SIM5
SIM1
SIM2
SIM3
SIM4
1
21
22
SIM5
SIM1
SIM2
SIM3
SIM4
1
21
22
SIM5
SIM1
SIM2
SIM3
SIM4
1
21
22
SIM5
SIM1
SIM2
SIM3
SIM4
1
21
22
SIM5
SIM1
SIM2
SIM3
SIM4
1
21
22
SIM5
SIM1
SIM2
SIM3
SIM4
1
21
22
SIM5
SIM1
SIM2
SIM3
SIM4
1
21
22
SIM5
SIM1
SIM2
SIM3
SIM4
1
21
22
SIM5
SIM1
SIM2
SIM3
SIM4
1
21
22
SIM5
SIM1
SIM2
SIM3
SIM4
1
21
22
SIM5
SIM1
SIM2
SIM3
SIM4
1
21
22
SIM5
SIM1
SIM2
SIM3
SIM4
1
21
22
SIM5
SIM1
SIM2
SIM3
SIM4
1
21
22
SIM5
SIM1
SIM2
SIM3
SIM4
1
21
22
SIM5
SIM1
SIM2
SIM3
SIM4
1
21
22
SIM5
SIM1
SIM2
SIM3
SIM4
1
21
22
SIM5
SIM1
SIM2
SIM3
SIM4
1
21
22
SIM5
SIM1
SIM2
SIM3
SIM4
1
21
22
SIM5
SIM1
SIM2
SIM3
SIM4
1
21
22
SIM5
SIM1
SIM2
SIM3
SIM4
1
21
22
SIM5
SIM1
SIM2
SIM3
SIM4
1
21
22
SIM5
SIM1
SIM2
SIM3
SIM4
1
21
22
SIM5
SIM1
SIM2
SIM3
SIM4
1
21
22
SIM5
SIM1
SIM2
SIM3
SIM4
1
21
22
SIM5
SIM1
SIM2
SIM3
SIM4
1
21
22
SIM5
SIM1
SIM2
SIM3
SIM4
1
21
22
SIM5
SIM1
SIM2
SIM3
SIM4
1
21
22
SIM5
SIM1
SIM2
SIM3
SIM4
1
21
22
SIM5
SIM1
SIM2
SIM3
SIM4
1
21
22
SIM5
SIM1
SIM2
SIM3
SIM4
1
21
22
SIM5
SIM1
SIM2
SIM3
SIM4
1
21
22
SIM5
SIM1
SIM2
SIM3
SIM4
1
21
22
SIM5
SIM1
SIM2
SIM3
SIM4
1
21
22
SIM5
SIM1
SIM2
SIM3
SIM4
1
21
22
SIM5
SIM1
SIM2
SIM3
SIM4
1
21
22
SIM5
SIM1
SIM2
SIM3
SIM4
1
21
22
SIM5
SIM1
SIM2
SIM3
SIM4
1
21
22
SIM5
SIM1
SIM2
SIM3
SIM4
1
21
22
SIM5
SIM1
SIM2
SIM3
SIM4
1
21
22
SIM5
SIM1
SIM2
SIM3
SIM4
1
21
22
SIM5
SIM1
SIM2
SIM3
SIM4
1
21
22
SIM5
SIM1
SIM2
SIM3
SIM4
1
21
22
SIM5
SIM1
SIM2
SIM3
SIM4
1
21
22
SIM5
SIM1
SIM2
SIM3
SIM4
1
21
22
SIM5
SIM1
SIM2
SIM3
SIM4
1
21
22
SIM5
SIM1
SIM2
SIM3
SIM4
1
21
22
SIM5
SIM1
SIM2
SIM3
SIM4
1
21
22
SIM5
SIM1
SIM2
SIM3
SIM4
1
21
22
SIM5
SIM1
SIM2
SIM3
SIM4
1
21
22
SIM5
SIM1
SIM2
SIM3
SIM4
1
21
22
SIM5
SIM1
SIM2
SIM3
SIM4
1
21
22
SIM5
SIM1
SIM2
SIM3
SIM4
1
21
22
SIM5
SIM1
SIM2
DEBUG 1 888
SIM1
SIM2
SIM3
SIM4
1
21
22
SIM5
SIM1
SIM2
SIM3
SIM4
1
21
22
SIM5
SIM1
SIM2
SIM3
SIM4
1
21
22
SIM5
SIM1
SIM2
SIM3
SIM4
1
21
22
SIM5
SIM1
SIM2
SIM3
SIM4
1
21
22
SIM5
SIM1
SIM2
SIM3
SIM4
1
21
22
SIM5
SIM1
SIM2
SIM3
SIM4
1
21
22
SIM5
SIM1
SIM2
SIM3
SIM4
1
21
22
SIM5
SIM1
SIM2
SIM3
SIM4
1
21
22
SIM5
SIM1
SIM2
SIM3
SIM4
1
21
22
SIM5
SIM1
SIM2
SIM3
SIM4
1
21
22
SIM5
SIM1
SIM2
SIM3
SIM4
1
21
22
SIM5
SIM1
SIM2
SIM3
SIM4
1
21
22
SIM5
SIM1
SIM2
SIM3
SIM4
1
21
22
SIM5
SIM1
SIM2
SIM3
SIM4
1
21
22
SIM5
SIM1
SIM2
SIM3
SIM4
1
21
22
SIM5
SIM1
SIM2
SIM3
SIM4
1
21
22
SIM5
SIM1
SIM2
SIM3
SIM4
1
21
22
SIM5
SIM1
SIM2
SIM3
SIM4
1
21
22
SIM5
SIM1
SIM2
SIM3
SIM4
1
21
22
SIM5
SIM1
SIM2
SIM3
SIM4
1
21
22
SIM5
SIM1
SIM2
SIM3
SIM4
1
21
22
SIM5
SIM1
SIM2
SIM3
SIM4
1
21
22
SIM5
SIM1
SIM2
SIM3
SIM4
1
21
22
SIM5
SIM1
SIM2
SIM3
SIM4
1
21
22
SIM5
SIM1
SIM2
SIM3
SIM4
1
21
22
SIM5
SIM1
SIM2
SIM3
SIM4
1
21
22
SIM5
SIM1
SIM2
SIM3
SIM4
1
21
22
SIM5
SIM1
SIM2
SIM3
SIM4
1
21
22
SIM5
SIM1
SIM2
SIM3
SIM4
1
21
22
SIM5
SIM1
SIM2
SIM3
SIM4
1
21
22
SIM5
SIM1
SIM2
SIM3
SIM4
1
21
22
SIM5
SIM1
SIM2
SIM3
SIM4
1
21
22
SIM5
SIM1
SIM2
SIM3
SIM4
1
21
22
SIM5
SIM1
SIM2
SIM3
SIM4
1
21
22
SIM5
SIM1
SIM2
SIM3
SIM4
1
21
22
SIM5
SIM1
SIM2
SIM3
SIM4
1
21
22
SIM5
SIM1
SIM2
SIM3
SIM4
1
21
22
SIM5
SIM1
SIM2
SIM3
SIM4
1
21
22
SIM5
SIM1
SIM2
SIM3
SIM4
1
21
22
SIM5
SIM1
SIM2
SIM3
SIM4
1
21
22
SIM5
SIM1
SIM2
SIM3
SIM4
1
21
22
SIM5
SIM1
SIM2
SIM3
SIM4
1
21
22
SIM5
SIM1
SIM2
SIM3
SIM4
1
21
22
SIM5
SIM1
SIM2
SIM3
SIM4
1
21
22
SIM5
SIM1
SIM2
SIM3
SIM4
1
21
22
SIM5
SIM1
SIM2
SIM3
SIM4
1
21
22
SIM5
SIM1
SIM2
SIM3
SIM4
1
21
22
SIM5
SIM1
SIM2
SIM3
SIM4
1
21
22
SIM5
SIM1
SIM2
SIM3
SIM4
1
21
22
SIM5
SIM1
SIM2
SIM3
SIM4
1
21
22
SIM5
SIM1
SIM2
SIM3
SIM4
1
21
22
SIM5
SIM1
SIM2
SIM3
SIM4
1
21
22
SIM5
SIM1
SIM2
SIM3
SIM4
1
21
22
SIM5
SIM1
SIM2
SIM3
SIM4
1
21
22
SIM5
SIM1
SIM2
SIM3
SIM4
1
21
22
SIM5
SIM1
SIM2
SIM3
SIM4
1
21
22
SIM5
SIM1
SIM2
SIM3
SIM4
1
21
22
SIM5
SIM1
SIM2
SIM3
SIM4
1
21
22
SIM5
SIM1
SIM2
SIM3
SIM4
1
21
22
SIM5
SIM1
SIM2
SIM3
SIM4
1
21
22
SIM5
SIM1
SIM2
SIM3
SIM4
1
21
22
SIM5
SIM1
SIM2
SIM3
SIM4
1
21
22
SIM5
SIM1
SIM2
SIM3
SIM4
1
21
22
SIM5
SIM1
SIM2
SIM3
SIM4
1
21
22
SIM5
SIM1
SIM2
SIM3
SIM4
1
21
22
SIM5
SIM1
SIM2
SIM3
SIM4
1
21
22
SIM5
SIM1
SIM2
SIM3
SIM4
1
21
22
SIM5
SIM1
SIM2
SIM3
SIM4
1
21
22
SIM5
SIM1
SIM2
SIM3
SIM4
1
21
22
SIM5
SIM1
SIM2
SIM3
SIM4
1
21
22
SIM5
SIM1
SIM2
SIM3
SIM4
1
21
22
SIM5
SIM1
SIM2
SIM3
SIM4
1
21
22
SIM5
SIM1
SIM2
SIM3
SIM4
1
21
22
SIM5
SIM1
SIM2
SIM3
SIM4
1
21
22
SIM5
SIM1
SIM2
SIM3
SIM4
1
21
22
SIM5
SIM1
SIM2
SIM3
SIM4
1
21
22
SIM5
SIM1
SIM2
SIM3
SIM4
1
21
22
SIM5
SIM1
SIM2
SIM3
SIM4
1
21
22
SIM5
SIM1
SIM2
SIM3
SIM4
1
21
22
SIM5
SIM1
SIM2
SIM3
SIM4
1
21
22
SIM5
SIM1
SIM2
SIM3
SIM4
1
21
22
SIM5
SIM1
SIM2
SIM3
SIM4
1
21
22
SIM5
SIM1
SIM2
SIM3
SIM4
1
21
22
SIM5
SIM1
SIM2
SIM3
SIM4
1
21
22
SIM5
SIM1
SIM2
SIM3
SIM4
1
21
22
SIM5
SIM1
SIM2
SIM3
SIM4
1
21
22
SIM5
SIM1
SIM2
SIM3
SIM4
1
21
22
SIM5
SIM1
SIM2
SIM3
SIM4
1
21
22
SIM5
SIM1
SIM2
SIM3
SIM4
1
21
22
SIM5
SIM1
SIM2
SIM3
SIM4
1
21
22
SIM5
SIM1
SIM2
SIM3
SIM4
1
21
22
SIM5
SIM1
SIM2
SIM3
SIM4
1
21
22
SIM5
SIM1
SIM2
SIM3
SIM4
1
21
22
SIM5
SIM1
SIM2
SIM3
SIM4
1
21
22
SIM5
SIM1
SIM2
SIM3
SIM4
1
21
22
SIM5
SIM1
SIM2
SIM3
SIM4
1
21
22
SIM5
SIM1
SIM2
SIM3
SIM4
1
21
22
SIM5
SIM1
SIM2
SIM3
SIM4
1
21
22
SIM5
SIM1
SIM2
SIM3
SIM4
1
21
22
SIM5
SIM1
SIM2
SIM3
SIM4
1
21
22
SIM5
SIM1
SIM2
SIM3
SIM4
1
21
22
SIM5
SIM1
SIM2
SIM3
SIM4
1
21
22
SIM5
SIM1
SIM2
SIM3
SIM4
1
21
22
SIM5
SIM1
SIM2
SIM3
SIM4
1
21
22
SIM5
SIM1
SIM2
SIM3
SIM4
1
21
22
SIM5
SIM1
SIM2
SIM3
SIM4
1
21
22
SIM5
SIM1
SIM2
SIM3
SIM4
1
21
22
SIM5
SIM1
SIM2
SIM3
SIM4
1
21
22
SIM5
SIM1
SIM2
SIM3
SIM4
1
21
22
SIM5
SIM1
SIM2
SIM3
SIM4
1
21
22
SIM5
SIM1
SIM2
SIM3
SIM4
1
21
22
SIM5
SIM1
SIM2
SIM3
SIM4
1
21
22
SIM5
SIM1
SIM2
SIM3
SIM4
1
21
22
SIM5
SIM1
SIM2
SIM3
SIM4
1
21
22
SIM5
SIM1
SIM2
SIM3
SIM4
1
21
22
SIM5
SIM1
SIM2
SIM3
SIM4
1
21
22
SIM5
SIM1
SIM2
SIM3
SIM4
1
21
22
SIM5
SIM1
SIM2
SIM3
SIM4
1
21
22
SIM5
SIM1
SIM2
SIM3
SIM4
1
21
22
SIM5
SIM1
SIM2
SIM3
SIM4
1
21
22
SIM5
SIM1
SIM2
SIM3
SIM4
1
21
22
SIM5
SIM1
SIM2
SIM3
SIM4
1
21
22
SIM5
SIM1
SIM2
SIM3
SIM4
1
21
22
SIM5
SIM1
SIM2
SIM3
SIM4
1
21
22
SIM5
SIM1
SIM2
SIM3
SIM4
1
21
22
SIM5
SIM1
SIM2
SIM3
SIM4
1
21
22
SIM5
SIM1
SIM2
SIM3
SIM4
1
21
22
SIM5
SIM1
SIM2
SIM3
SIM4
1
21
22
SIM5
SIM1
SIM2
SIM3
SIM4
1
21
22
SIM5
SIM1
SIM2
SIM3
SIM4
1
21
22
SIM5
SIM1
SIM2
SIM3
SIM4
1
21
22
SIM5
SIM1
SIM2
SIM3
SIM4
1
21
22
SIM5
SIM1
SIM2
SIM3
SIM4
1
21
22
SIM5
SIM1
SIM2
SIM3
SIM4
1
21
22
SIM5
SIM1
SIM2
SIM3
SIM4
1
21
22
SIM5
SIM1
SIM2
SIM3
SIM4
1
21
22
SIM5
SIM1
SIM2
SIM3
SIM4
1
21
22
SIM5
SIM1
SIM2
SIM3
SIM4
1
21
22
SIM5
SIM1
SIM2
SIM3
SIM4
1
21
22
SIM5
SIM1
SIM2
SIM3
SIM4
1
21
22
SIM5
SIM1
SIM2
SIM3
SIM4
1
21
22
SIM5
SIM1
SIM2
SIM3
SIM4
1
21
22
SIM5
SIM1
SIM2
SIM3
SIM4
1
21
22
SIM5
SIM1
SIM2
SIM3
SIM4
1
21
22
SIM5
SIM1
SIM2
SIM3
SIM4
1
21
22
SIM5
SIM1
SIM2
SIM3
SIM4
1
21
22
SIM5
SIM1
SIM2
SIM3
SIM4
1
21
22
SIM5
SIM1
SIM2
SIM3
SIM4
1
21
22
SIM5
SIM1
SIM2
SIM3
SIM4
1
21
22
SIM5
SIM1
SIM2
SIM3
SIM4
1
21
22
SIM5
SIM1
SIM2
SIM3
SIM4
1
21
22
SIM5
SIM1
SIM2
SIM3
SIM4
1
21
22
SIM5
SIM1
SIM2
SIM3
SIM4
1
21
22
SIM5
SIM1
SIM2
SIM3
SIM4
1
21
22
SIM5
SIM1
SIM2
SIM3
SIM4
1
21
22
SIM5
SIM1
SIM2
SIM3
SIM4
1
21
22
SIM5
SIM1
SIM2
SIM3
SIM4
1
21
22
SIM5
SIM1
SIM2
SIM3
SIM4
1
21
22
SIM5
SIM1
SIM2
SIM3
SIM4
1
21
22
SIM5
SIM1
SIM2
SIM3
SIM4
1
21
22
SIM5
SIM1
SIM2
SIM3
SIM4
1
21
22
SIM5
SIM1
SIM2
SIM3
SIM4
1
21
22
SIM5
SIM1
SIM2
SIM3
SIM4
1
21
22
SIM5
SIM1
SIM2
SIM3
SIM4
1
21
22
SIM5
SIM1
SIM2
SIM3
SIM4
1
21
22
SIM5
SIM1
SIM2
SIM3
SIM4
1
21
22
SIM5
SIM1
SIM2
SIM3
SIM4
1
21
22
SIM5
SIM1
SIM2
SIM3
SIM4
1
21
22
SIM5
SIM1
SIM2
SIM3
SIM4
1
21
22
SIM5
SIM1
SIM2
SIM3
SIM4
1
21
22
SIM5
SIM1
SIM2
SIM3
SIM4
1
21
22
SIM5
SIM1
SIM2
SIM3
SIM4
1
21
22
SIM5
SIM1
SIM2
SIM3
SIM4
1
21
22
SIM5
SIM1
SIM2
SIM3
SIM4
1
21
22
SIM5
SIM1
SIM2
SIM3
SIM4
1
21
22
SIM5
SIM1
SIM2
SIM3
SIM4
1
21
22
SIM5
SIM1
SIM2
SIM3
SIM4
1
21
22
SIM5
SIM1
SIM2
SIM3
SIM4
1
21
22
SIM5
SIM1
SIM2
SIM3
SIM4
1
21
22
SIM5
SIM1
SIM2
SIM3
SIM4
1
21
22
SIM5
SIM1
SIM2
SIM3
SIM4
1
21
22
SIM5
SIM1
SIM2
SIM3
SIM4
1
21
22
SIM5
SIM1
SIM2
SIM3
SIM4
1
21
22
SIM5
SIM1
SIM2
SIM3
SIM4
1
21
22
SIM5
SIM1
SIM2
SIM3
SIM4
1
21
22
SIM5
SIM1
SIM2
SIM3
SIM4
1
21
22
SIM5
SIM1
SIM2
SIM3
SIM4
1
21
22
SIM5
SIM1
SIM2
SIM3
SIM4
1
21
22
SIM5
SIM1
SIM2
SIM3
SIM4
1
21
22
SIM5
SIM1
SIM2
SIM3
SIM4
1
21
22
SIM5
SIM1
SIM2
SIM3
SIM4
1
21
22
SIM5
SIM1
SIM2
SIM3
SIM4
1
21
22
SIM5
SIM1
SIM2
SIM3
SIM4
1
21
22
SIM5
SIM1
SIM2
SIM3
SIM4
1
21
22
SIM5
SIM1
SIM2
SIM3
SIM4
1
21
22
SIM5
SIM1
SIM2
SIM3
SIM4
1
21
22
SIM5
SIM1
SIM2
SIM3
SIM4
1
21
22
SIM5
SIM1
SIM2
SIM3
SIM4
1
21
22
SIM5
SIM1
SIM2
SIM3
SIM4
1
21
22
SIM5
SIM1
SIM2
SIM3
SIM4
1
21
22
SIM5
SIM1
SIM2
SIM3
SIM4
1
21
22
SIM5
SIM1
SIM2
SIM3
SIM4
1
21
22
SIM5
SIM1
SIM2
SIM3
SIM4
1
21
22
SIM5
SIM1
SIM2
SIM3
SIM4
1
21
22
SIM5
SIM1
SIM2
SIM3
SIM4
1
21
22
SIM5
SIM1
SIM2
SIM3
SIM4
1
21
22
SIM5
SIM1
SIM2
SIM3
SIM4
1
21
22
SIM5
SIM1
SIM2
SIM3
SIM4
1
21
22
SIM5
SIM1
SIM2
SIM3
SIM4
1
21
22
SIM5
SIM1
SIM2
SIM3
SIM4
1
21
22
SIM5
SIM1
SIM2
SIM3
SIM4
1
21
22
SIM5
SIM1
SIM2
SIM3
SIM4
1
21
22
SIM5
SIM1
SIM2
SIM3
SIM4
1
21
22
SIM5
SIM1
SIM2
SIM3
SIM4
1
21
22
SIM5
SIM1
SIM2
DEBUG 1 889
SIM1
SIM2
SIM3
SIM4
1
21
22
SIM5
SIM1
SIM2
SIM3
SIM4
1
21
22
SIM5
SIM1
SIM2
SIM3
SIM4
1
21
22
SIM5
SIM1
SIM2
SIM3
SIM4
1
21
22
SIM5
SIM1
SIM2
SIM3
SIM4
1
21
22
SIM5
SIM1
SIM2
SIM3
SIM4
1
21
22
SIM5
SIM1
SIM2
SIM3
SIM4
1
21
22
SIM5
SIM1
SIM2
SIM3
SIM4
1
21
22
SIM5
SIM1
SIM2
SIM3
SIM4
1
21
22
SIM5
SIM1
SIM2
SIM3
SIM4
1
21
22
SIM5
SIM1
SIM2
SIM3
SIM4
1
21
22
SIM5
SIM1
SIM2
SIM3
SIM4
1
21
22
SIM5
SIM1
SIM2
SIM3
SIM4
1
21
22
SIM5
SIM1
SIM2
SIM3
SIM4
1
21
22
SIM5
SIM1
SIM2
SIM3
SIM4
1
21
22
SIM5
SIM1
SIM2
SIM3
SIM4
1
21
22
SIM5
SIM1
SIM2
SIM3
SIM4
1
21
22
SIM5
SIM1
SIM2
SIM3
SIM4
1
21
22
SIM5
SIM1
SIM2
SIM3
SIM4
1
21
22
SIM5
SIM1
SIM2
SIM3
SIM4
1
21
22
SIM5
SIM1
SIM2
SIM3
SIM4
1
21
22
SIM5
SIM1
SIM2
SIM3
SIM4
1
21
22
SIM5
SIM1
SIM2
SIM3
SIM4
1
21
22
SIM5
SIM1
SIM2
SIM3
SIM4
1
21
22
SIM5
SIM1
SIM2
SIM3
SIM4
1
21
22
SIM5
SIM1
SIM2
SIM3
SIM4
1
21
22
SIM5
SIM1
SIM2
SIM3
SIM4
1
21
22
SIM5
SIM1
SIM2
SIM3
SIM4
1
21
22
SIM5
SIM1
SIM2
SIM3
SIM4
1
21
22
SIM5
SIM1
SIM2
SIM3
SIM4
1
21
22
SIM5
SIM1
SIM2
SIM3
SIM4
1
21
22
SIM5
SIM1
SIM2
SIM3
SIM4
1
21
22
SIM5
SIM1
SIM2
SIM3
SIM4
1
21
22
SIM5
SIM1
SIM2
SIM3
SIM4
1
21
22
SIM5
SIM1
SIM2
SIM3
SIM4
1
21
22
SIM5
SIM1
SIM2
SIM3
SIM4
1
21
22
SIM5
SIM1
SIM2
SIM3
SIM4
1
21
22
SIM5
SIM1
SIM2
SIM3
SIM4
1
21
22
SIM5
SIM1
SIM2
SIM3
SIM4
1
21
22
SIM5
SIM1
SIM2
SIM3
SIM4
1
21
22
SIM5
SIM1
SIM2
SIM3
SIM4
1
21
22
SIM5
SIM1
SIM2
SIM3
SIM4
1
21
22
SIM5
SIM1
SIM2
SIM3
SIM4
1
21
22
SIM5
SIM1
SIM2
SIM3
SIM4
1
21
22
SIM5
SIM1
SIM2
SIM3
SIM4
1
21
22
SIM5
SIM1
SIM2
SIM3
SIM4
1
21
22
SIM5
SIM1
SIM2
SIM3
SIM4
1
21
22
SIM5
SIM1
SIM2
SIM3
SIM4
1
21
22
SIM5
SIM1
SIM2
SIM3
SIM4
1
21
22
SIM5
SIM1
SIM2
SIM3
SIM4
1
21
22
SIM5
SIM1
SIM2
SIM3
SIM4
1
21
22
SIM5
SIM1
SIM2
SIM3
SIM4
1
21
22
SIM5
SIM1
SIM2
SIM3
SIM4
1
21
22
SIM5
SIM1
SIM2
SIM3
SIM4
1
21
22
SIM5
SIM1
SIM2
SIM3
SIM4
1
21
22
SIM5
SIM1
SIM2
SIM3
SIM4
1
21
22
SIM5
SIM1
SIM2
SIM3
SIM4
1
21
22
SIM5
SIM1
SIM2
SIM3
SIM4
1
21
22
SIM5
SIM1
SIM2
SIM3
SIM4
1
21
22
SIM5
SIM1
SIM2
SIM3
SIM4
1
21
22
SIM5
SIM1
SIM2
SIM3
SIM4
1
21
22
SIM5
SIM1
SIM2
SIM3
SIM4
1
21
22
SIM5
SIM1
SIM2
SIM3
SIM4
1
21
22
SIM5
SIM1
SIM2
SIM3
SIM4
1
21
22
SIM5
SIM1
SIM2
SIM3
SIM4
1
21
22
SIM5
SIM1
SIM2
SIM3
SIM4
1
21
22
SIM5
SIM1
SIM2
SIM3
SIM4
1
21
22
SIM5
SIM1
SIM2
SIM3
SIM4
1
21
22
SIM5
SIM1
SIM2
SIM3
SIM4
1
21
22
SIM5
SIM1
SIM2
SIM3
SIM4
1
21
22
SIM5
SIM1
SIM2
SIM3
SIM4
1
21
22
SIM5
SIM1
SIM2
SIM3
SIM4
1
21
22
SIM5
SIM1
SIM2
SIM3
SIM4
1
21
22
SIM5
SIM1
SIM2
SIM3
SIM4
1
21
22
SIM5
SIM1
SIM2
SIM3
SIM4
1
21
22
SIM5
SIM1
SIM2
SIM3
SIM4
1
21
22
SIM5
SIM1
SIM2
SIM3
SIM4
1
21
22
SIM5
SIM1
SIM2
SIM3
SIM4
1
21
22
SIM5
SIM1
SIM2
SIM3
SIM4
1
21
22
SIM5
SIM1
SIM2
SIM3
SIM4
1
21
22
SIM5
SIM1
SIM2
SIM3
SIM4
1
21
22
SIM5
SIM1
SIM2
SIM3
SIM4
1
21
22
SIM5
SIM1
SIM2
SIM3
SIM4
1
21
22
SIM5
SIM1
SIM2
SIM3
SIM4
1
21
22
SIM5
SIM1
SIM2
SIM3
SIM4
1
21
22
SIM5
SIM1
SIM2
SIM3
SIM4
1
21
22
SIM5
SIM1
SIM2
SIM3
SIM4
1
21
22
SIM5
SIM1
SIM2
SIM3
SIM4
1
21
22
SIM5
SIM1
SIM2
SIM3
SIM4
1
21
22
SIM5
SIM1
SIM2
SIM3
SIM4
1
21
22
SIM5
SIM1
SIM2
SIM3
SIM4
1
21
22
SIM5
SIM1
SIM2
SIM3
SIM4
1
21
22
SIM5
SIM1
SIM2
SIM3
SIM4
1
21
22
SIM5
SIM1
SIM2
SIM3
SIM4
1
21
22
SIM5
SIM1
SIM2
SIM3
SIM4
1
21
22
SIM5
SIM1
SIM2
SIM3
SIM4
1
21
22
SIM5
SIM1
SIM2
SIM3
SIM4
1
21
22
SIM5
SIM1
SIM2
SIM3
SIM4
1
21
22
SIM5
SIM1
SIM2
SIM3
SIM4
1
21
22
SIM5
SIM1
SIM2
SIM3
SIM4
1
21
22
SIM5
SIM1
SIM2
SIM3
SIM4
1
21
22
SIM5
SIM1
SIM2
SIM3
SIM4
1
21
22
SIM5
SIM1
SIM2
SIM3
SIM4
1
21
22
SIM5
SIM1
SIM2
SIM3
SIM4
1
21
22
SIM5
SIM1
SIM2
SIM3
SIM4
1
21
22
SIM5
SIM1
SIM2
SIM3
SIM4
1
21
22
SIM5
SIM1
SIM2
SIM3
SIM4
1
21
22
SIM5
SIM1
SIM2
SIM3
SIM4
1
21
22
SIM5
SIM1
SIM2
SIM3
SIM4
1
21
22
SIM5
SIM1
SIM2
SIM3
SIM4
1
21
22
SIM5
SIM1
SIM2
SIM3
SIM4
1
21
22
SIM5
SIM1
SIM2
SIM3
SIM4
1
21
22
SIM5
SIM1
SIM2
SIM3
SIM4
1
21
22
SIM5
SIM1
SIM2
SIM3
SIM4
1
21
22
SIM5
SIM1
SIM2
SIM3
SIM4
1
21
22
SIM5
SIM1
SIM2
SIM3
SIM4
1
21
22
SIM5
SIM1
SIM2
SIM3
SIM4
1
21
22
SIM5
SIM1
SIM2
SIM3
SIM4
1
21
22
SIM5
SIM1
SIM2
SIM3
SIM4
1
21
22
SIM5
SIM1
SIM2
SIM3
SIM4
1
21
22
SIM5
SIM1
SIM2
SIM3
SIM4
1
21
22
SIM5
SIM1
SIM2
SIM3
SIM4
1
21
22
SIM5
SIM1
SIM2
SIM3
SIM4
1
21
22
SIM5
SIM1
SIM2
SIM3
SIM4
1
21
22
SIM5
SIM1
SIM2
SIM3
SIM4
1
21
22
SIM5
SIM1
SIM2
SIM3
SIM4
1
21
22
SIM5
SIM1
SIM2
SIM3
SIM4
1
21
22
SIM5
SIM1
SIM2
SIM3
SIM4
1
21
22
SIM5
SIM1
SIM2
SIM3
SIM4
1
21
22
SIM5
SIM1
SIM2
SIM3
SIM4
1
21
22
SIM5
SIM1
SIM2
SIM3
SIM4
1
21
22
SIM5
SIM1
SIM2
SIM3
SIM4
1
21
22
SIM5
SIM1
SIM2
SIM3
SIM4
1
21
22
SIM5
SIM1
SIM2
SIM3
SIM4
1
21
22
SIM5
SIM1
SIM2
SIM3
SIM4
1
21
22
SIM5
SIM1
SIM2
SIM3
SIM4
1
21
22
SIM5
SIM1
SIM2
SIM3
SIM4
1
21
22
SIM5
SIM1
SIM2
SIM3
SIM4
1
21
22
SIM5
SIM1
SIM2
SIM3
SIM4
1
21
22
SIM5
SIM1
SIM2
SIM3
SIM4
1
21
22
SIM5
SIM1
SIM2
SIM3
SIM4
1
21
22
SIM5
SIM1
SIM2
SIM3
SIM4
1
21
22
SIM5
SIM1
SIM2
SIM3
SIM4
1
21
22
SIM5
SIM1
SIM2
SIM3
SIM4
1
21
22
SIM5
SIM1
SIM2
SIM3
SIM4
1
21
22
SIM5
SIM1
SIM2
SIM3
SIM4
1
21
22
SIM5
SIM1
SIM2
SIM3
SIM4
1
21
22
SIM5
SIM1
SIM2
SIM3
SIM4
1
21
22
SIM5
SIM1
SIM2
SIM3
SIM4
1
21
22
SIM5
SIM1
SIM2
SIM3
SIM4
1
21
22
SIM5
SIM1
SIM2
SIM3
SIM4
1
21
22
SIM5
SIM1
SIM2
SIM3
SIM4
1
21
22
SIM5
SIM1
SIM2
SIM3
SIM4
1
21
22
SIM5
SIM1
SIM2
SIM3
SIM4
1
21
22
SIM5
SIM1
SIM2
DEBUG 1 890
SIM1
SIM2
SIM3
SIM4
1
21
22
SIM5
SIM1
SIM2
SIM3
SIM4
1
21
22
SIM5
SIM1
SIM2
SIM3
SIM4
1
21
22
SIM5
SIM1
SIM2
SIM3
SIM4
1
21
22
SIM5
SIM1
SIM2
SIM3
SIM4
1
21
22
SIM5
SIM1
SIM2
SIM3
SIM4
1
21
22
SIM5
SIM1
SIM2
SIM3
SIM4
1
21
22
SIM5
SIM1
SIM2
SIM3
SIM4
1
21
22
SIM5
SIM1
SIM2
SIM3
SIM4
1
21
22
SIM5
SIM1
SIM2
SIM3
SIM4
1
21
22
SIM5
SIM1
SIM2
SIM3
SIM4
1
21
22
SIM5
SIM1
SIM2
SIM3
SIM4
1
21
22
SIM5
SIM1
SIM2
SIM3
SIM4
1
21
22
SIM5
SIM1
SIM2
SIM3
SIM4
1
21
22
SIM5
SIM1
SIM2
SIM3
SIM4
1
21
22
SIM5
SIM1
SIM2
SIM3
SIM4
1
21
22
SIM5
SIM1
SIM2
SIM3
SIM4
1
21
22
SIM5
SIM1
SIM2
SIM3
SIM4
1
21
22
SIM5
SIM1
SIM2
SIM3
SIM4
1
21
22
SIM5
SIM1
SIM2
SIM3
SIM4
1
21
22
SIM5
SIM1
SIM2
SIM3
SIM4
1
21
22
SIM5
SIM1
SIM2
SIM3
SIM4
1
21
22
SIM5
SIM1
SIM2
SIM3
SIM4
1
21
22
SIM5
SIM1
SIM2
SIM3
SIM4
1
21
22
SIM5
SIM1
SIM2
SIM3
SIM4
1
21
22
SIM5
SIM1
SIM2
SIM3
SIM4
1
21
22
SIM5
SIM1
SIM2
SIM3
SIM4
1
21
22
SIM5
SIM1
SIM2
SIM3
SIM4
1
21
22
SIM5
SIM1
SIM2
SIM3
SIM4
1
21
22
SIM5
SIM1
SIM2
SIM3
SIM4
1
21
22
SIM5
SIM1
SIM2
SIM3
SIM4
1
21
22
SIM5
SIM1
SIM2
SIM3
SIM4
1
21
22
SIM5
SIM1
SIM2
SIM3
SIM4
1
21
22
SIM5
SIM1
SIM2
SIM3
SIM4
1
21
22
SIM5
SIM1
SIM2
SIM3
SIM4
1
21
22
SIM5
SIM1
SIM2
SIM3
SIM4
1
21
22
SIM5
SIM1
SIM2
SIM3
SIM4
1
21
22
SIM5
SIM1
SIM2
SIM3
SIM4
1
21
22
SIM5
SIM1
SIM2
SIM3
SIM4
1
21
22
SIM5
SIM1
SIM2
SIM3
SIM4
1
21
22
SIM5
SIM1
SIM2
SIM3
SIM4
1
21
22
SIM5
SIM1
SIM2
SIM3
SIM4
1
21
22
SIM5
SIM1
SIM2
SIM3
SIM4
1
21
22
SIM5
SIM1
SIM2
SIM3
SIM4
1
21
22
SIM5
SIM1
SIM2
SIM3
SIM4
1
21
22
SIM5
SIM1
SIM2
SIM3
SIM4
1
21
22
SIM5
SIM1
SIM2
SIM3
SIM4
1
21
22
SIM5
SIM1
SIM2
SIM3
SIM4
1
21
22
SIM5
SIM1
SIM2
SIM3
SIM4
1
21
22
SIM5
SIM1
SIM2
SIM3
SIM4
1
21
22
SIM5
SIM1
SIM2
SIM3
SIM4
1
21
22
SIM5
SIM1
SIM2
SIM3
SIM4
1
21
22
SIM5
SIM1
SIM2
SIM3
SIM4
1
21
22
SIM5
SIM1
SIM2
SIM3
SIM4
1
21
22
SIM5
SIM1
SIM2
SIM3
SIM4
1
21
22
SIM5
SIM1
SIM2
SIM3
SIM4
1
21
22
SIM5
SIM1
SIM2
SIM3
SIM4
1
21
22
SIM5
SIM1
SIM2
SIM3
SIM4
1
21
22
SIM5
SIM1
SIM2
SIM3
SIM4
1
21
22
SIM5
SIM1
SIM2
SIM3
SIM4
1
21
22
SIM5
SIM1
SIM2
SIM3
SIM4
1
21
22
SIM5
SIM1
SIM2
SIM3
SIM4
1
21
22
SIM5
SIM1
SIM2
SIM3
SIM4
1
21
22
SIM5
SIM1
SIM2
SIM3
SIM4
1
21
22
SIM5
SIM1
SIM2
SIM3
SIM4
1
21
22
SIM5
SIM1
SIM2
SIM3
SIM4
1
21
22
SIM5
SIM1
SIM2
SIM3
SIM4
1
21
22
SIM5
SIM1
SIM2
SIM3
SIM4
1
21
22
SIM5
SIM1
SIM2
SIM3
SIM4
1
21
22
SIM5
SIM1
SIM2
SIM3
SIM4
1
21
22
SIM5
SIM1
SIM2
SIM3
SIM4
1
21
22
SIM5
SIM1
SIM2
SIM3
SIM4
1
21
22
SIM5
SIM1
SIM2
SIM3
SIM4
1
21
22
SIM5
SIM1
SIM2
SIM3
SIM4
1
21
22
SIM5
SIM1
SIM2
SIM3
SIM4
1
21
22
SIM5
SIM1
SIM2
SIM3
SIM4
1
21
22
SIM5
SIM1
SIM2
SIM3
SIM4
1
21
22
SIM5
SIM1
SIM2
SIM3
SIM4
1
21
22
SIM5
SIM1
SIM2
SIM3
SIM4
1
21
22
SIM5
SIM1
SIM2
SIM3
SIM4
1
21
22
SIM5
SIM1
SIM2
SIM3
SIM4
1
21
22
SIM5
SIM1
SIM2
SIM3
SIM4
1
21
22
SIM5
SIM1
SIM2
SIM3
SIM4
1
21
22
SIM5
SIM1
SIM2
SIM3
SIM4
1
21
22
SIM5
SIM1
SIM2
SIM3
SIM4
1
21
22
SIM5
SIM1
SIM2
SIM3
SIM4
1
21
22
SIM5
SIM1
SIM2
SIM3
SIM4
1
21
22
SIM5
SIM1
SIM2
SIM3
SIM4
1
21
22
SIM5
SIM1
SIM2
SIM3
SIM4
1
21
22
SIM5
SIM1
SIM2
SIM3
SIM4
1
21
22
SIM5
SIM1
SIM2
SIM3
SIM4
1
21
22
SIM5
SIM1
SIM2
SIM3
SIM4
1
21
22
SIM5
SIM1
SIM2
SIM3
SIM4
1
21
22
SIM5
SIM1
SIM2
SIM3
SIM4
1
21
22
SIM5
SIM1
SIM2
SIM3
SIM4
1
21
22
SIM5
SIM1
SIM2
SIM3
SIM4
1
21
22
SIM5
SIM1
SIM2
SIM3
SIM4
1
21
22
SIM5
SIM1
SIM2
SIM3
SIM4
1
21
22
SIM5
SIM1
SIM2
SIM3
SIM4
1
21
22
SIM5
SIM1
SIM2
SIM3
SIM4
1
21
22
SIM5
SIM1
SIM2
SIM3
SIM4
1
21
22
SIM5
SIM1
SIM2
SIM3
SIM4
1
21
22
SIM5
SIM1
SIM2
SIM3
SIM4
1
21
22
SIM5
SIM1
SIM2
SIM3
SIM4
1
21
22
SIM5
SIM1
SIM2
SIM3
SIM4
1
21
22
SIM5
SIM1
SIM2
SIM3
SIM4
1
21
22
SIM5
SIM1
SIM2
SIM3
SIM4
1
21
22
SIM5
SIM1
SIM2
SIM3
SIM4
1
21
22
SIM5
SIM1
SIM2
SIM3
SIM4
1
21
22
SIM5
SIM1
SIM2
SIM3
SIM4
1
21
22
SIM5
SIM1
SIM2
SIM3
SIM4
1
21
22
SIM5
SIM1
SIM2
SIM3
SIM4
1
21
22
SIM5
SIM1
SIM2
SIM3
SIM4
1
21
22
SIM5
SIM1
SIM2
SIM3
SIM4
1
21
22
SIM5
SIM1
SIM2
SIM3
SIM4
1
21
22
SIM5
SIM1
SIM2
SIM3
SIM4
1
21
22
SIM5
SIM1
SIM2
SIM3
SIM4
1
21
22
SIM5
SIM1
SIM2
SIM3
SIM4
1
21
22
SIM5
SIM1
SIM2
SIM3
SIM4
1
21
22
SIM5
SIM1
SIM2
SIM3
SIM4
1
21
22
SIM5
SIM1
SIM2
SIM3
SIM4
1
21
22
SIM5
SIM1
SIM2
SIM3
SIM4
1
21
22
SIM5
SIM1
SIM2
SIM3
SIM4
1
21
22
SIM5
SIM1
SIM2
SIM3
SIM4
1
21
22
SIM5
SIM1
SIM2
SIM3
SIM4
1
21
22
SIM5
SIM1
SIM2
SIM3
SIM4
1
21
22
SIM5
SIM1
SIM2
SIM3
SIM4
1
21
22
SIM5
SIM1
SIM2
SIM3
SIM4
1
21
22
SIM5
SIM1
SIM2
SIM3
SIM4
1
21
22
SIM5
SIM1
SIM2
SIM3
SIM4
1
21
22
SIM5
SIM1
SIM2
SIM3
SIM4
1
21
22
SIM5
SIM1
SIM2
SIM3
SIM4
1
21
22
SIM5
SIM1
SIM2
SIM3
SIM4
1
21
22
SIM5
SIM1
SIM2
SIM3
SIM4
1
21
22
SIM5
SIM1
SIM2
SIM3
SIM4
1
21
22
SIM5
SIM1
SIM2
SIM3
SIM4
1
21
22
SIM5
SIM1
SIM2
SIM3
SIM4
1
21
22
SIM5
SIM1
SIM2
SIM3
SIM4
1
21
22
SIM5
SIM1
SIM2
SIM3
SIM4
1
21
22
SIM5
SIM1
SIM2
SIM3
SIM4
1
21
22
SIM5
SIM1
SIM2
SIM3
SIM4
1
21
22
SIM5
SIM1
SIM2
SIM3
SIM4
1
21
22
SIM5
SIM1
SIM2
DEBUG 1 891
SIM1
SIM2
SIM3
SIM4
1
21
22
SIM5
SIM1
SIM2
SIM3
SIM4
1
21
22
SIM5
SIM1
SIM2
SIM3
SIM4
1
21
22
SIM5
SIM1
SIM2
SIM3
SIM4
1
21
22
SIM5
SIM1
SIM2
SIM3
SIM4
1
21
22
SIM5
SIM1
SIM2
SIM3
SIM4
1
21
22
SIM5
SIM1
SIM2
SIM3
SIM4
1
21
22
SIM5
SIM1
SIM2
SIM3
SIM4
1
21
22
SIM5
SIM1
SIM2
SIM3
SIM4
1
21
22
SIM5
SIM1
SIM2
SIM3
SIM4
1
21
22
SIM5
SIM1
SIM2
SIM3
SIM4
1
21
22
SIM5
SIM1
SIM2
SIM3
SIM4
1
21
22
SIM5
SIM1
SIM2
SIM3
SIM4
1
21
22
SIM5
SIM1
SIM2
SIM3
SIM4
1
21
22
SIM5
SIM1
SIM2
SIM3
SIM4
1
21
22
SIM5
SIM1
SIM2
SIM3
SIM4
1
21
22
SIM5
SIM1
SIM2
SIM3
SIM4
1
21
22
SIM5
SIM1
SIM2
SIM3
SIM4
1
21
22
SIM5
SIM1
SIM2
SIM3
SIM4
1
21
22
SIM5
SIM1
SIM2
SIM3
SIM4
1
21
22
SIM5
SIM1
SIM2
SIM3
SIM4
1
21
22
SIM5
SIM1
SIM2
SIM3
SIM4
1
21
22
SIM5
SIM1
SIM2
SIM3
SIM4
1
21
22
SIM5
SIM1
SIM2
SIM3
SIM4
1
21
22
SIM5
SIM1
SIM2
SIM3
SIM4
1
21
22
SIM5
SIM1
SIM2
SIM3
SIM4
1
21
22
SIM5
SIM1
SIM2
SIM3
SIM4
1
21
22
SIM5
SIM1
SIM2
SIM3
SIM4
1
21
22
SIM5
SIM1
SIM2
SIM3
SIM4
1
21
22
SIM5
SIM1
SIM2
SIM3
SIM4
1
21
22
SIM5
SIM1
SIM2
SIM3
SIM4
1
21
22
SIM5
SIM1
SIM2
SIM3
SIM4
1
21
22
SIM5
SIM1
SIM2
SIM3
SIM4
1
21
22
SIM5
SIM1
SIM2
SIM3
SIM4
1
21
22
SIM5
SIM1
SIM2
SIM3
SIM4
1
21
22
SIM5
SIM1
SIM2
SIM3
SIM4
1
21
22
SIM5
SIM1
SIM2
SIM3
SIM4
1
21
22
SIM5
SIM1
SIM2
SIM3
SIM4
1
21
22
SIM5
SIM1
SIM2
SIM3
SIM4
1
21
22
SIM5
SIM1
SIM2
SIM3
SIM4
1
21
22
SIM5
SIM1
SIM2
SIM3
SIM4
1
21
22
SIM5
SIM1
SIM2
SIM3
SIM4
1
21
22
SIM5
SIM1
SIM2
SIM3
SIM4
1
21
22
SIM5
SIM1
SIM2
SIM3
SIM4
1
21
22
SIM5
SIM1
SIM2
SIM3
SIM4
1
21
22
SIM5
SIM1
SIM2
SIM3
SIM4
1
21
22
SIM5
SIM1
SIM2
SIM3
SIM4
1
21
22
SIM5
SIM1
SIM2
SIM3
SIM4
1
21
22
SIM5
SIM1
SIM2
SIM3
SIM4
1
21
22
SIM5
SIM1
SIM2
SIM3
SIM4
1
21
22
SIM5
SIM1
SIM2
SIM3
SIM4
1
21
22
SIM5
SIM1
SIM2
SIM3
SIM4
1
21
22
SIM5
SIM1
SIM2
SIM3
SIM4
1
21
22
SIM5
SIM1
SIM2
SIM3
SIM4
1
21
22
SIM5
SIM1
SIM2
SIM3
SIM4
1
21
22
SIM5
SIM1
SIM2
SIM3
SIM4
1
21
22
SIM5
SIM1
SIM2
SIM3
SIM4
1
21
22
SIM5
SIM1
SIM2
SIM3
SIM4
1
21
22
SIM5
SIM1
SIM2
SIM3
SIM4
1
21
22
SIM5
SIM1
SIM2
SIM3
SIM4
1
21
22
SIM5
SIM1
SIM2
SIM3
SIM4
1
21
22
SIM5
SIM1
SIM2
SIM3
SIM4
1
21
22
SIM5
SIM1
SIM2
SIM3
SIM4
1
21
22
SIM5
SIM1
SIM2
SIM3
SIM4
1
21
22
SIM5
SIM1
SIM2
SIM3
SIM4
1
21
22
SIM5
SIM1
SIM2
SIM3
SIM4
1
21
22
SIM5
SIM1
SIM2
SIM3
SIM4
1
21
22
SIM5
SIM1
SIM2
SIM3
SIM4
1
21
22
SIM5
SIM1
SIM2
SIM3
SIM4
1
21
22
SIM5
SIM1
SIM2
SIM3
SIM4
1
21
22
SIM5
SIM1
SIM2
SIM3
SIM4
1
21
22
SIM5
SIM1
SIM2
SIM3
SIM4
1
21
22
SIM5
SIM1
SIM2
SIM3
SIM4
1
21
22
SIM5
SIM1
SIM2
SIM3
SIM4
1
21
22
SIM5
SIM1
SIM2
SIM3
SIM4
1
21
22
SIM5
SIM1
SIM2
SIM3
SIM4
1
21
22
SIM5
SIM1
SIM2
SIM3
SIM4
1
21
22
SIM5
SIM1
SIM2
SIM3
SIM4
1
21
22
SIM5
SIM1
SIM2
SIM3
SIM4
1
21
22
SIM5
SIM1
SIM2
SIM3
SIM4
1
21
22
SIM5
SIM1
SIM2
SIM3
SIM4
1
21
22
SIM5
SIM1
SIM2
SIM3
SIM4
1
21
22
SIM5
SIM1
SIM2
SIM3
SIM4
1
21
22
SIM5
SIM1
SIM2
SIM3
SIM4
1
21
22
SIM5
SIM1
SIM2
SIM3
SIM4
1
21
22
SIM5
SIM1
SIM2
SIM3
SIM4
1
21
22
SIM5
SIM1
SIM2
SIM3
SIM4
1
21
22
SIM5
SIM1
SIM2
SIM3
SIM4
1
21
22
SIM5
SIM1
SIM2
SIM3
SIM4
1
21
22
SIM5
SIM1
SIM2
SIM3
SIM4
1
21
22
SIM5
SIM1
SIM2
SIM3
SIM4
1
21
22
SIM5
SIM1
SIM2
SIM3
SIM4
1
21
22
SIM5
SIM1
SIM2
SIM3
SIM4
1
21
22
SIM5
SIM1
SIM2
SIM3
SIM4
1
21
22
SIM5
SIM1
SIM2
SIM3
SIM4
1
21
22
SIM5
SIM1
SIM2
SIM3
SIM4
1
21
22
SIM5
SIM1
SIM2
SIM3
SIM4
1
21
22
SIM5
SIM1
SIM2
SIM3
SIM4
1
21
22
SIM5
SIM1
SIM2
SIM3
SIM4
1
21
22
SIM5
SIM1
SIM2
SIM3
SIM4
1
21
22
SIM5
SIM1
SIM2
SIM3
SIM4
1
21
22
SIM5
SIM1
SIM2
SIM3
SIM4
1
21
22
SIM5
SIM1
SIM2
SIM3
SIM4
1
21
22
SIM5
SIM1
SIM2
SIM3
SIM4
1
21
22
SIM5
SIM1
SIM2
SIM3
SIM4
1
21
22
SIM5
SIM1
SIM2
SIM3
SIM4
1
21
22
SIM5
SIM1
SIM2
SIM3
SIM4
1
21
22
SIM5
SIM1
SIM2
SIM3
SIM4
1
21
22
SIM5
SIM1
SIM2
SIM3
SIM4
1
21
22
SIM5
SIM1
SIM2
SIM3
SIM4
1
21
22
SIM5
SIM1
SIM2
SIM3
SIM4
1
21
22
SIM5
SIM1
SIM2
SIM3
SIM4
1
21
22
SIM5
SIM1
SIM2
SIM3
SIM4
1
21
22
SIM5
SIM1
SIM2
SIM3
SIM4
1
21
22
SIM5
SIM1
SIM2
SIM3
SIM4
1
21
22
SIM5
SIM1
SIM2
SIM3
SIM4
1
21
22
SIM5
SIM1
SIM2
SIM3
SIM4
1
21
22
SIM5
SIM1
SIM2
SIM3
SIM4
1
21
22
SIM5
SIM1
SIM2
SIM3
SIM4
1
21
22
SIM5
SIM1
SIM2
SIM3
SIM4
1
21
22
SIM5
SIM1
SIM2
SIM3
SIM4
1
21
22
SIM5
SIM1
SIM2
SIM3
SIM4
1
21
22
SIM5
SIM1
SIM2
SIM3
SIM4
1
21
22
SIM5
SIM1
SIM2
SIM3
SIM4
1
21
22
SIM5
SIM1
SIM2
SIM3
SIM4
1
21
22
SIM5
SIM1
SIM2
SIM3
SIM4
1
21
22
SIM5
SIM1
SIM2
SIM3
SIM4
1
21
22
SIM5
SIM1
SIM2
SIM3
SIM4
1
21
22
SIM5
SIM1
SIM2
SIM3
SIM4
1
21
22
SIM5
SIM1
SIM2
SIM3
SIM4
1
21
22
SIM5
SIM1
SIM2
SIM3
SIM4
1
21
22
SIM5
SIM1
SIM2
SIM3
SIM4
1
21
22
SIM5
SIM1
SIM2
SIM3
SIM4
1
21
22
SIM5
SIM1
SIM2
SIM3
SIM4
1
21
22
SIM5
SIM1
SIM2
SIM3
SIM4
1
21
22
SIM5
SIM1
SIM2
SIM3
SIM4
1
21
22
SIM5
SIM1
SIM2
SIM3
SIM4
1
21
22
SIM5
SIM1
SIM2
SIM3
SIM4
1
21
22
SIM5
SIM1
SIM2
SIM3
SIM4
1
21
22
SIM5
SIM1
SIM2
SIM3
SIM4
1
21
22
SIM5
SIM1
SIM2
SIM3
SIM4
1
21
22
SIM5
SIM1
SIM2
SIM3
SIM4
1
21
22
SIM5
SIM1
SIM2
SIM3
SIM4
1
21
22
SIM5
SIM1
SIM2
SIM3
SIM4
1
21
22
SIM5
SIM1
SIM2
SIM3
SIM4
1
21
22
SIM5
SIM1
SIM2
SIM3
SIM4
1
21
22
SIM5
SIM1
SIM2
SIM3
SIM4
1
21
22
SIM5
SIM1
SIM2
SIM3
SIM4
1
21
22
SIM5
SIM1
SIM2
SIM3
SIM4
1
21
22
SIM5
SIM1
SIM2
SIM3
SIM4
1
21
22
SIM5
SIM1
SIM2
SIM3
SIM4
1
21
22
SIM5
SIM1
SIM2
SIM3
SIM4
1
21
22
SIM5
SIM1
SIM2
SIM3
SIM4
1
21
22
SIM5
SIM1
SIM2
SIM3
SIM4
1
21
22
SIM5
SIM1
SIM2
SIM3
SIM4
1
21
22
SIM5
SIM1
SIM2
SIM3
SIM4
1
21
22
SIM5
SIM1
SIM2
SIM3
SIM4
1
21
22
SIM5
SIM1
SIM2
SIM3
SIM4
1
21
22
SIM5
SIM1
SIM2
SIM3
SIM4
1
21
22
SIM5
SIM1
SIM2
SIM3
SIM4
1
21
22
SIM5
SIM1
SIM2
SIM3
SIM4
1
21
22
SIM5
SIM1
SIM2
SIM3
SIM4
1
21
22
SIM5
SIM1
SIM2
SIM3
SIM4
1
21
22
SIM5
SIM1
SIM2
SIM3
SIM4
1
21
22
SIM5
SIM1
SIM2
SIM3
SIM4
1
21
22
SIM5
SIM1
SIM2
DEBUG 1 892
SIM1
SIM2
SIM3
SIM4
1
21
22
SIM5
SIM1
SIM2
SIM3
SIM4
1
21
22
SIM5
SIM1
SIM2
SIM3
SIM4
1
21
22
SIM5
SIM1
SIM2
SIM3
SIM4
1
21
22
SIM5
SIM1
SIM2
SIM3
SIM4
1
21
22
SIM5
SIM1
SIM2
SIM3
SIM4
1
21
22
SIM5
SIM1
SIM2
SIM3
SIM4
1
21
22
SIM5
SIM1
SIM2
SIM3
SIM4
1
21
22
SIM5
SIM1
SIM2
SIM3
SIM4
1
21
22
SIM5
SIM1
SIM2
SIM3
SIM4
1
21
22
SIM5
SIM1
SIM2
SIM3
SIM4
1
21
22
SIM5
SIM1
SIM2
SIM3
SIM4
1
21
22
SIM5
SIM1
SIM2
SIM3
SIM4
1
21
22
SIM5
SIM1
SIM2
SIM3
SIM4
1
21
22
SIM5
SIM1
SIM2
SIM3
SIM4
1
21
22
SIM5
SIM1
SIM2
SIM3
SIM4
1
21
22
SIM5
SIM1
SIM2
SIM3
SIM4
1
21
22
SIM5
SIM1
SIM2
SIM3
SIM4
1
21
22
SIM5
SIM1
SIM2
SIM3
SIM4
1
21
22
SIM5
SIM1
SIM2
SIM3
SIM4
1
21
22
SIM5
SIM1
SIM2
SIM3
SIM4
1
21
22
SIM5
SIM1
SIM2
SIM3
SIM4
1
21
22
SIM5
SIM1
SIM2
SIM3
SIM4
1
21
22
SIM5
SIM1
SIM2
SIM3
SIM4
1
21
22
SIM5
SIM1
SIM2
SIM3
SIM4
1
21
22
SIM5
SIM1
SIM2
SIM3
SIM4
1
21
22
SIM5
SIM1
SIM2
SIM3
SIM4
1
21
22
SIM5
SIM1
SIM2
SIM3
SIM4
1
21
22
SIM5
SIM1
SIM2
SIM3
SIM4
1
21
22
SIM5
SIM1
SIM2
SIM3
SIM4
1
21
22
SIM5
SIM1
SIM2
SIM3
SIM4
1
21
22
SIM5
SIM1
SIM2
SIM3
SIM4
1
21
22
SIM5
SIM1
SIM2
SIM3
SIM4
1
21
22
SIM5
SIM1
SIM2
SIM3
SIM4
1
21
22
SIM5
SIM1
SIM2
SIM3
SIM4
1
21
22
SIM5
SIM1
SIM2
SIM3
SIM4
1
21
22
SIM5
SIM1
SIM2
SIM3
SIM4
1
21
22
SIM5
SIM1
SIM2
SIM3
SIM4
1
21
22
SIM5
SIM1
SIM2
SIM3
SIM4
1
21
22
SIM5
SIM1
SIM2
SIM3
SIM4
1
21
22
SIM5
SIM1
SIM2
SIM3
SIM4
1
21
22
SIM5
SIM1
SIM2
SIM3
SIM4
1
21
22
SIM5
SIM1
SIM2
SIM3
SIM4
1
21
22
SIM5
SIM1
SIM2
SIM3
SIM4
1
21
22
SIM5
SIM1
SIM2
SIM3
SIM4
1
21
22
SIM5
SIM1
SIM2
SIM3
SIM4
1
21
22
SIM5
SIM1
SIM2
SIM3
SIM4
1
21
22
SIM5
SIM1
SIM2
SIM3
SIM4
1
21
22
SIM5
SIM1
SIM2
SIM3
SIM4
1
21
22
SIM5
SIM1
SIM2
SIM3
SIM4
1
21
22
SIM5
SIM1
SIM2
SIM3
SIM4
1
21
22
SIM5
SIM1
SIM2
SIM3
SIM4
1
21
22
SIM5
SIM1
SIM2
SIM3
SIM4
1
21
22
SIM5
SIM1
SIM2
SIM3
SIM4
1
21
22
SIM5
SIM1
SIM2
SIM3
SIM4
1
21
22
SIM5
SIM1
SIM2
SIM3
SIM4
1
21
22
SIM5
SIM1
SIM2
SIM3
SIM4
1
21
22
SIM5
SIM1
SIM2
SIM3
SIM4
1
21
22
SIM5
SIM1
SIM2
SIM3
SIM4
1
21
22
SIM5
SIM1
SIM2
SIM3
SIM4
1
21
22
SIM5
SIM1
SIM2
SIM3
SIM4
1
21
22
SIM5
SIM1
SIM2
SIM3
SIM4
1
21
22
SIM5
SIM1
SIM2
SIM3
SIM4
1
21
22
SIM5
SIM1
SIM2
SIM3
SIM4
1
21
22
SIM5
SIM1
SIM2
SIM3
SIM4
1
21
22
SIM5
SIM1
SIM2
SIM3
SIM4
1
21
22
SIM5
SIM1
SIM2
SIM3
SIM4
1
21
22
SIM5
SIM1
SIM2
SIM3
SIM4
1
21
22
SIM5
SIM1
SIM2
SIM3
SIM4
1
21
22
SIM5
SIM1
SIM2
SIM3
SIM4
1
21
22
SIM5
SIM1
SIM2
SIM3
SIM4
1
21
22
SIM5
SIM1
SIM2
SIM3
SIM4
1
21
22
SIM5
SIM1
SIM2
SIM3
SIM4
1
21
22
SIM5
SIM1
SIM2
SIM3
SIM4
1
21
22
SIM5
SIM1
SIM2
SIM3
SIM4
1
21
22
SIM5
SIM1
SIM2
SIM3
SIM4
1
21
22
SIM5
SIM1
SIM2
SIM3
SIM4
1
21
22
SIM5
SIM1
SIM2
SIM3
SIM4
1
21
22
SIM5
SIM1
SIM2
SIM3
SIM4
1
21
22
SIM5
SIM1
SIM2
SIM3
SIM4
1
21
22
SIM5
SIM1
SIM2
SIM3
SIM4
1
21
22
SIM5
SIM1
SIM2
SIM3
SIM4
1
21
22
SIM5
SIM1
SIM2
SIM3
SIM4
1
21
22
SIM5
SIM1
SIM2
SIM3
SIM4
1
21
22
SIM5
SIM1
SIM2
SIM3
SIM4
1
21
22
SIM5
SIM1
SIM2
SIM3
SIM4
1
21
22
SIM5
SIM1
SIM2
SIM3
SIM4
1
21
22
SIM5
SIM1
SIM2
SIM3
SIM4
1
21
22
SIM5
SIM1
SIM2
SIM3
SIM4
1
21
22
SIM5
SIM1
SIM2
SIM3
SIM4
1
21
22
SIM5
SIM1
SIM2
SIM3
SIM4
1
21
22
SIM5
SIM1
SIM2
SIM3
SIM4
1
21
22
SIM5
SIM1
SIM2
SIM3
SIM4
1
21
22
SIM5
SIM1
SIM2
SIM3
SIM4
1
21
22
SIM5
SIM1
SIM2
SIM3
SIM4
1
21
22
SIM5
SIM1
SIM2
SIM3
SIM4
1
21
22
SIM5
SIM1
SIM2
SIM3
SIM4
1
21
22
SIM5
SIM1
SIM2
SIM3
SIM4
1
21
22
SIM5
SIM1
SIM2
SIM3
SIM4
1
21
22
SIM5
SIM1
SIM2
SIM3
SIM4
1
21
22
SIM5
SIM1
SIM2
SIM3
SIM4
1
21
22
SIM5
SIM1
SIM2
SIM3
SIM4
1
21
22
SIM5
SIM1
SIM2
SIM3
SIM4
1
21
22
SIM5
SIM1
SIM2
SIM3
SIM4
1
21
22
SIM5
SIM1
SIM2
SIM3
SIM4
1
21
22
SIM5
SIM1
SIM2
SIM3
SIM4
1
21
22
SIM5
SIM1
SIM2
SIM3
SIM4
1
21
22
SIM5
SIM1
SIM2
SIM3
SIM4
1
21
22
SIM5
SIM1
SIM2
SIM3
SIM4
1
21
22
SIM5
SIM1
SIM2
SIM3
SIM4
1
21
22
SIM5
SIM1
SIM2
SIM3
SIM4
1
21
22
SIM5
SIM1
SIM2
SIM3
SIM4
1
21
22
SIM5
SIM1
SIM2
SIM3
SIM4
1
21
22
SIM5
SIM1
SIM2
SIM3
SIM4
1
21
22
SIM5
SIM1
SIM2
SIM3
SIM4
1
21
22
SIM5
SIM1
SIM2
SIM3
SIM4
1
21
22
SIM5
SIM1
SIM2
SIM3
SIM4
1
21
22
SIM5
SIM1
SIM2
SIM3
SIM4
1
21
22
SIM5
SIM1
SIM2
SIM3
SIM4
1
21
22
SIM5
SIM1
SIM2
SIM3
SIM4
1
21
22
SIM5
SIM1
SIM2
SIM3
SIM4
1
21
22
SIM5
SIM1
SIM2
SIM3
SIM4
1
21
22
SIM5
SIM1
SIM2
SIM3
SIM4
1
21
22
SIM5
SIM1
SIM2
SIM3
SIM4
1
21
22
SIM5
SIM1
SIM2
SIM3
SIM4
1
21
22
SIM5
SIM1
SIM2
SIM3
SIM4
1
21
22
SIM5
SIM1
SIM2
SIM3
SIM4
1
21
22
SIM5
SIM1
SIM2
SIM3
SIM4
1
21
22
SIM5
SIM1
SIM2
SIM3
SIM4
1
21
22
SIM5
SIM1
SIM2
SIM3
SIM4
1
21
22
SIM5
SIM1
SIM2
SIM3
SIM4
1
21
22
SIM5
SIM1
SIM2
SIM3
SIM4
1
21
22
SIM5
SIM1
SIM2
SIM3
SIM4
1
21
22
SIM5
SIM1
SIM2
SIM3
SIM4
1
21
22
SIM5
SIM1
SIM2
SIM3
SIM4
1
21
22
SIM5
SIM1
SIM2
SIM3
SIM4
1
21
22
SIM5
SIM1
SIM2
SIM3
SIM4
1
21
22
SIM5
SIM1
SIM2
SIM3
SIM4
1
21
22
SIM5
SIM1
SIM2
SIM3
SIM4
1
21
22
SIM5
SIM1
SIM2
SIM3
SIM4
1
21
22
SIM5
SIM1
SIM2
SIM3
SIM4
1
21
22
SIM5
SIM1
SIM2
SIM3
SIM4
1
21
22
SIM5
SIM1
SIM2
SIM3
SIM4
1
21
22
SIM5
SIM1
SIM2
SIM3
SIM4
1
21
22
SIM5
SIM1
SIM2
SIM3
SIM4
1
21
22
SIM5
SIM1
SIM2
SIM3
SIM4
1
21
22
SIM5
SIM1
SIM2
SIM3
SIM4
1
21
22
SIM5
SIM1
SIM2
SIM3
SIM4
1
21
22
SIM5
SIM1
SIM2
SIM3
SIM4
1
21
22
SIM5
SIM1
SIM2
SIM3
SIM4
1
21
22
SIM5
SIM1
SIM2
SIM3
SIM4
1
21
22
SIM5
SIM1
SIM2
SIM3
SIM4
1
21
22
SIM5
SIM1
SIM2
SIM3
SIM4
1
21
22
SIM5
SIM1
SIM2
SIM3
SIM4
1
21
22
SIM5
SIM1
SIM2
SIM3
SIM4
1
21
22
SIM5
SIM1
SIM2
SIM3
SIM4
1
21
22
SIM5
SIM1
SIM2
SIM3
SIM4
1
21
22
SIM5
SIM1
SIM2
SIM3
SIM4
1
21
22
SIM5
SIM1
SIM2
SIM3
SIM4
1
21
22
SIM5
SIM1
SIM2
SIM3
SIM4
1
21
22
SIM5
SIM1
SIM2
SIM3
SIM4
1
21
22
SIM5
SIM1
SIM2
SIM3
SIM4
1
21
22
SIM5
SIM1
SIM2
SIM3
SIM4
1
21
22
SIM5
SIM1
SIM2
SIM3
SIM4
1
21
22
SIM5
SIM1
SIM2
SIM3
SIM4
1
21
22
SIM5
SIM1
SIM2
SIM3
SIM4
1
21
22
SIM5
SIM1
SIM2
SIM3
SIM4
1
21
22
SIM5
SIM1
SIM2
SIM3
SIM4
1
21
22
SIM5
SIM1
SIM2
SIM3
SIM4
1
21
22
SIM5
SIM1
SIM2
SIM3
SIM4
1
21
22
SIM5
SIM1
SIM2
SIM3
SIM4
1
21
22
SIM5
SIM1
SIM2
SIM3
SIM4
1
21
22
SIM5
SIM1
SIM2
SIM3
SIM4
1
21
22
SIM5
SIM1
SIM2
SIM3
SIM4
1
21
22
SIM5
SIM1
SIM2
SIM3
SIM4
1
21
22
SIM5
SIM1
SIM2
SIM3
SIM4
1
21
22
SIM5
SIM1
SIM2
SIM3
SIM4
1
21
22
SIM5
SIM1
SIM2
SIM3
SIM4
1
21
22
SIM5
SIM1
SIM2
SIM3
SIM4
1
21
22
SIM5
SIM1
SIM2
SIM3
SIM4
1
21
22
SIM5
SIM1
SIM2
SIM3
SIM4
1
21
22
SIM5
SIM1
SIM2
SIM3
SIM4
1
21
22
SIM5
SIM1
SIM2
SIM3
SIM4
1
21
22
SIM5
SIM1
SIM2
SIM3
SIM4
1
21
22
SIM5
SIM1
SIM2
SIM3
SIM4
1
21
22
SIM5
SIM1
SIM2
SIM3
SIM4
1
21
22
SIM5
SIM1
SIM2
SIM3
SIM4
1
21
22
SIM5
SIM1
SIM2
SIM3
SIM4
1
21
22
SIM5
SIM1
SIM2
SIM3
SIM4
1
21
22
SIM5
SIM1
SIM2
SIM3
SIM4
1
21
22
SIM5
SIM1
SIM2
SIM3
SIM4
1
21
22
SIM5
SIM1
SIM2
SIM3
SIM4
1
21
22
SIM5
SIM1
SIM2
SIM3
SIM4
1
21
22
SIM5
SIM1
SIM2
SIM3
SIM4
1
21
22
SIM5
SIM1
SIM2
SIM3
SIM4
1
21
22
SIM5
SIM1
SIM2
SIM3
SIM4
1
21
22
SIM5
SIM1
SIM2
SIM3
SIM4
1
21
22
SIM5
SIM1
SIM2
SIM3
SIM4
1
21
22
SIM5
SIM1
SIM2
SIM3
SIM4
1
21
22
SIM5
SIM1
SIM2
SIM3
SIM4
1
21
22
SIM5
SIM1
SIM2
SIM3
SIM4
1
21
22
SIM5
SIM1
SIM2
SIM3
SIM4
1
21
22
SIM5
SIM1
SIM2
SIM3
SIM4
1
21
22
SIM5
SIM1
SIM2
SIM3
SIM4
1
21
22
SIM5
SIM1
SIM2
SIM3
SIM4
1
21
22
SIM5
SIM1
SIM2
SIM3
SIM4
1
21
22
SIM5
SIM1
SIM2
SIM3
SIM4
1
21
22
SIM5
SIM1
SIM2
SIM3
SIM4
1
21
22
SIM5
SIM1
SIM2
SIM3
SIM4
1
21
22
SIM5
SIM1
SIM2
SIM3
SIM4
1
21
22
SIM5
SIM1
SIM2
SIM3
SIM4
1
21
22
SIM5
SIM1
SIM2
SIM3
SIM4
1
21
22
SIM5
SIM1
SIM2
SIM3
SIM4
1
21
22
SIM5
SIM1
SIM2
SIM3
SIM4
1
21
22
SIM5
SIM1
SIM2
SIM3
SIM4
1
21
22
SIM5
SIM1
SIM2
SIM3
SIM4
1
21
22
SIM5
SIM1
SIM2
SIM3
SIM4
1
21
22
SIM5
SIM1
SIM2
SIM3
SIM4
1
21
22
SIM5
SIM1
SIM2
DEBUG 1 893
SIM1
SIM2
SIM3
SIM4
1
21
22
SIM5
SIM1
SIM2
SIM3
SIM4
1
21
22
SIM5
SIM1
SIM2
SIM3
SIM4
1
21
22
SIM5
SIM1
SIM2
SIM3
SIM4
1
21
22
SIM5
SIM1
SIM2
SIM3
SIM4
1
21
22
SIM5
SIM1
SIM2
SIM3
SIM4
1
21
22
SIM5
SIM1
SIM2
SIM3
SIM4
1
21
22
SIM5
SIM1
SIM2
SIM3
SIM4
1
21
22
SIM5
SIM1
SIM2
SIM3
SIM4
1
21
22
SIM5
SIM1
SIM2
SIM3
SIM4
1
21
22
SIM5
SIM1
SIM2
SIM3
SIM4
1
21
22
SIM5
SIM1
SIM2
SIM3
SIM4
1
21
22
SIM5
SIM1
SIM2
SIM3
SIM4
1
21
22
SIM5
SIM1
SIM2
SIM3
SIM4
1
21
22
SIM5
SIM1
SIM2
SIM3
SIM4
1
21
22
SIM5
SIM1
SIM2
SIM3
SIM4
1
21
22
SIM5
SIM1
SIM2
SIM3
SIM4
1
21
22
SIM5
SIM1
SIM2
SIM3
SIM4
1
21
22
SIM5
SIM1
SIM2
SIM3
SIM4
1
21
22
SIM5
SIM1
SIM2
SIM3
SIM4
1
21
22
SIM5
SIM1
SIM2
SIM3
SIM4
1
21
22
SIM5
SIM1
SIM2
SIM3
SIM4
1
21
22
SIM5
SIM1
SIM2
SIM3
SIM4
1
21
22
SIM5
SIM1
SIM2
SIM3
SIM4
1
21
22
SIM5
SIM1
SIM2
SIM3
SIM4
1
21
22
SIM5
SIM1
SIM2
SIM3
SIM4
1
21
22
SIM5
SIM1
SIM2
SIM3
SIM4
1
21
22
SIM5
SIM1
SIM2
SIM3
SIM4
1
21
22
SIM5
SIM1
SIM2
SIM3
SIM4
1
21
22
SIM5
SIM1
SIM2
SIM3
SIM4
1
21
22
SIM5
SIM1
SIM2
SIM3
SIM4
1
21
22
SIM5
SIM1
SIM2
SIM3
SIM4
1
21
22
SIM5
SIM1
SIM2
SIM3
SIM4
1
21
22
SIM5
SIM1
SIM2
SIM3
SIM4
1
21
22
SIM5
SIM1
SIM2
SIM3
SIM4
1
21
22
SIM5
SIM1
SIM2
SIM3
SIM4
1
21
22
SIM5
SIM1
SIM2
SIM3
SIM4
1
21
22
SIM5
SIM1
SIM2
SIM3
SIM4
1
21
22
SIM5
SIM1
SIM2
SIM3
SIM4
1
21
22
SIM5
SIM1
SIM2
SIM3
SIM4
1
21
22
SIM5
SIM1
SIM2
SIM3
SIM4
1
21
22
SIM5
SIM1
SIM2
SIM3
SIM4
1
21
22
SIM5
SIM1
SIM2
SIM3
SIM4
1
21
22
SIM5
SIM1
SIM2
SIM3
SIM4
1
21
22
SIM5
SIM1
SIM2
SIM3
SIM4
1
21
22
SIM5
SIM1
SIM2
SIM3
SIM4
1
21
22
SIM5
SIM1
SIM2
SIM3
SIM4
1
21
22
SIM5
SIM1
SIM2
SIM3
SIM4
1
21
22
SIM5
SIM1
SIM2
SIM3
SIM4
1
21
22
SIM5
SIM1
SIM2
SIM3
SIM4
1
21
22
SIM5
SIM1
SIM2
SIM3
SIM4
1
21
22
SIM5
SIM1
SIM2
SIM3
SIM4
1
21
22
SIM5
SIM1
SIM2
SIM3
SIM4
1
21
22
SIM5
SIM1
SIM2
SIM3
SIM4
1
21
22
SIM5
SIM1
SIM2
SIM3
SIM4
1
21
22
SIM5
SIM1
SIM2
SIM3
SIM4
1
21
22
SIM5
SIM1
SIM2
SIM3
SIM4
1
21
22
SIM5
SIM1
SIM2
SIM3
SIM4
1
21
22
SIM5
SIM1
SIM2
SIM3
SIM4
1
21
22
SIM5
SIM1
SIM2
SIM3
SIM4
1
21
22
SIM5
SIM1
SIM2
SIM3
SIM4
1
21
22
SIM5
SIM1
SIM2
SIM3
SIM4
1
21
22
SIM5
SIM1
SIM2
SIM3
SIM4
1
21
22
SIM5
SIM1
SIM2
SIM3
SIM4
1
21
22
SIM5
SIM1
SIM2
SIM3
SIM4
1
21
22
SIM5
SIM1
SIM2
SIM3
SIM4
1
21
22
SIM5
SIM1
SIM2
SIM3
SIM4
1
21
22
SIM5
SIM1
SIM2
SIM3
SIM4
1
21
22
SIM5
SIM1
SIM2
SIM3
SIM4
1
21
22
SIM5
SIM1
SIM2
SIM3
SIM4
1
21
22
SIM5
SIM1
SIM2
SIM3
SIM4
1
21
22
SIM5
SIM1
SIM2
SIM3
SIM4
1
21
22
SIM5
SIM1
SIM2
SIM3
SIM4
1
21
22
SIM5
SIM1
SIM2
SIM3
SIM4
1
21
22
SIM5
SIM1
SIM2
SIM3
SIM4
1
21
22
SIM5
SIM1
SIM2
SIM3
SIM4
1
21
22
SIM5
SIM1
SIM2
SIM3
SIM4
1
21
22
SIM5
SIM1
SIM2
SIM3
SIM4
1
21
22
SIM5
SIM1
SIM2
SIM3
SIM4
1
21
22
SIM5
SIM1
SIM2
SIM3
SIM4
1
21
22
SIM5
SIM1
SIM2
SIM3
SIM4
1
21
22
SIM5
SIM1
SIM2
SIM3
SIM4
1
21
22
SIM5
SIM1
SIM2
SIM3
SIM4
1
21
22
SIM5
SIM1
SIM2
SIM3
SIM4
1
21
22
SIM5
SIM1
SIM2
SIM3
SIM4
1
21
22
SIM5
SIM1
SIM2
SIM3
SIM4
1
21
22
SIM5
SIM1
SIM2
SIM3
SIM4
1
21
22
SIM5
SIM1
SIM2
SIM3
SIM4
1
21
22
SIM5
SIM1
SIM2
SIM3
SIM4
1
21
22
SIM5
SIM1
SIM2
SIM3
SIM4
1
21
22
SIM5
SIM1
SIM2
SIM3
SIM4
1
21
22
SIM5
SIM1
SIM2
SIM3
SIM4
1
21
22
SIM5
SIM1
SIM2
SIM3
SIM4
1
21
22
SIM5
SIM1
SIM2
SIM3
SIM4
1
21
22
SIM5
SIM1
SIM2
SIM3
SIM4
1
21
22
SIM5
SIM1
SIM2
SIM3
SIM4
1
21
22
SIM5
SIM1
SIM2
SIM3
SIM4
1
21
22
SIM5
SIM1
SIM2
SIM3
SIM4
1
21
22
SIM5
SIM1
SIM2
SIM3
SIM4
1
21
22
SIM5
SIM1
SIM2
SIM3
SIM4
1
21
22
SIM5
SIM1
SIM2
SIM3
SIM4
1
21
22
SIM5
SIM1
SIM2
SIM3
SIM4
1
21
22
SIM5
SIM1
SIM2
SIM3
SIM4
1
21
22
SIM5
SIM1
SIM2
SIM3
SIM4
1
21
22
SIM5
SIM1
SIM2
SIM3
SIM4
1
21
22
SIM5
SIM1
SIM2
SIM3
SIM4
1
21
22
SIM5
SIM1
SIM2
SIM3
SIM4
1
21
22
SIM5
SIM1
SIM2
SIM3
SIM4
1
21
22
SIM5
SIM1
SIM2
SIM3
SIM4
1
21
22
SIM5
SIM1
SIM2
SIM3
SIM4
1
21
22
SIM5
SIM1
SIM2
SIM3
SIM4
1
21
22
SIM5
SIM1
SIM2
SIM3
SIM4
1
21
22
SIM5
SIM1
SIM2
SIM3
SIM4
1
21
22
SIM5
SIM1
SIM2
SIM3
SIM4
1
21
22
SIM5
SIM1
SIM2
SIM3
SIM4
1
21
22
SIM5
SIM1
SIM2
SIM3
SIM4
1
21
22
SIM5
SIM1
SIM2
SIM3
SIM4
1
21
22
SIM5
SIM1
SIM2
SIM3
SIM4
1
21
22
SIM5
SIM1
SIM2
SIM3
SIM4
1
21
22
SIM5
SIM1
SIM2
SIM3
SIM4
1
21
22
SIM5
SIM1
SIM2
SIM3
SIM4
1
21
22
SIM5
SIM1
SIM2
SIM3
SIM4
1
21
22
SIM5
SIM1
SIM2
SIM3
SIM4
1
21
22
SIM5
SIM1
SIM2
SIM3
SIM4
1
21
22
SIM5
SIM1
SIM2
SIM3
SIM4
1
21
22
SIM5
SIM1
SIM2
SIM3
SIM4
1
21
22
SIM5
SIM1
SIM2
SIM3
SIM4
1
21
22
SIM5
SIM1
SIM2
SIM3
SIM4
1
21
22
SIM5
SIM1
SIM2
SIM3
SIM4
1
21
22
SIM5
SIM1
SIM2
SIM3
SIM4
1
21
22
SIM5
SIM1
SIM2
SIM3
SIM4
1
21
22
SIM5
SIM1
SIM2
SIM3
SIM4
1
21
22
SIM5
SIM1
SIM2
SIM3
SIM4
1
21
22
SIM5
SIM1
SIM2
SIM3
SIM4
1
21
22
SIM5
SIM1
SIM2
SIM3
SIM4
1
21
22
SIM5
SIM1
SIM2
SIM3
SIM4
1
21
22
SIM5
SIM1
SIM2
SIM3
SIM4
1
21
22
SIM5
SIM1
SIM2
SIM3
SIM4
1
21
22
SIM5
SIM1
SIM2
SIM3
SIM4
1
21
22
SIM5
SIM1
SIM2
SIM3
SIM4
1
21
22
SIM5
SIM1
SIM2
SIM3
SIM4
1
21
22
SIM5
SIM1
SIM2
SIM3
SIM4
1
21
22
SIM5
SIM1
SIM2
SIM3
SIM4
1
21
22
SIM5
SIM1
SIM2
SIM3
SIM4
1
21
22
SIM5
SIM1
SIM2
SIM3
SIM4
1
21
22
SIM5
SIM1
SIM2
SIM3
SIM4
1
21
22
SIM5
SIM1
SIM2
SIM3
SIM4
1
21
22
SIM5
SIM1
SIM2
SIM3
SIM4
1
21
22
SIM5
SIM1
SIM2
SIM3
SIM4
1
21
22
SIM5
SIM1
SIM2
SIM3
SIM4
1
21
22
SIM5
SIM1
SIM2
SIM3
SIM4
1
21
22
SIM5
SIM1
SIM2
SIM3
SIM4
1
21
22
SIM5
SIM1
SIM2
SIM3
SIM4
1
21
22
SIM5
SIM1
SIM2
SIM3
SIM4
1
21
22
SIM5
SIM1
SIM2
SIM3
SIM4
1
21
22
SIM5
SIM1
SIM2
SIM3
SIM4
1
21
22
SIM5
SIM1
SIM2
SIM3
SIM4
1
21
22
SIM5
SIM1
SIM2
SIM3
SIM4
1
21
22
SIM5
SIM1
SIM2
SIM3
SIM4
1
21
22
SIM5
SIM1
SIM2
SIM3
SIM4
1
21
22
SIM5
SIM1
SIM2
SIM3
SIM4
1
21
22
SIM5
SIM1
SIM2
SIM3
SIM4
1
21
22
SIM5
SIM1
SIM2
SIM3
SIM4
1
21
22
SIM5
SIM1
SIM2
SIM3
SIM4
1
21
22
SIM5
SIM1
SIM2
SIM3
SIM4
1
21
22
SIM5
SIM1
SIM2
SIM3
SIM4
1
21
22
SIM5
SIM1
SIM2
SIM3
SIM4
1
21
22
SIM5
SIM1
SIM2
SIM3
SIM4
1
21
22
SIM5
SIM1
SIM2
SIM3
SIM4
1
21
22
SIM5
SIM1
SIM2
SIM3
SIM4
1
21
22
SIM5
SIM1
SIM2
SIM3
SIM4
1
21
22
SIM5
SIM1
SIM2
SIM3
SIM4
1
21
22
SIM5
SIM1
SIM2
SIM3
SIM4
1
21
22
SIM5
SIM1
SIM2
SIM3
SIM4
1
21
22
SIM5
SIM1
SIM2
SIM3
SIM4
1
21
22
SIM5
SIM1
SIM2
SIM3
SIM4
1
21
22
SIM5
SIM1
SIM2
SIM3
SIM4
1
21
22
SIM5
SIM1
SIM2
SIM3
SIM4
1
21
22
SIM5
SIM1
SIM2
SIM3
SIM4
1
21
22
SIM5
SIM1
SIM2
SIM3
SIM4
1
21
22
SIM5
SIM1
SIM2
SIM3
SIM4
1
21
22
SIM5
SIM1
SIM2
DEBUG 1 894
SIM1
SIM2
SIM3
SIM4
1
21
22
SIM5
SIM1
SIM2
SIM3
SIM4
1
21
22
SIM5
SIM1
SIM2
SIM3
SIM4
1
21
22
SIM5
SIM1
SIM2
SIM3
SIM4
1
21
22
SIM5
SIM1
SIM2
SIM3
SIM4
1
21
22
SIM5
SIM1
SIM2
SIM3
SIM4
1
21
22
SIM5
SIM1
SIM2
SIM3
SIM4
1
21
22
SIM5
SIM1
SIM2
SIM3
SIM4
1
21
22
SIM5
SIM1
SIM2
SIM3
SIM4
1
21
22
SIM5
SIM1
SIM2
SIM3
SIM4
1
21
22
SIM5
SIM1
SIM2
SIM3
SIM4
1
21
22
SIM5
SIM1
SIM2
SIM3
SIM4
1
21
22
SIM5
SIM1
SIM2
SIM3
SIM4
1
21
22
SIM5
SIM1
SIM2
SIM3
SIM4
1
21
22
SIM5
SIM1
SIM2
SIM3
SIM4
1
21
22
SIM5
SIM1
SIM2
SIM3
SIM4
1
21
22
SIM5
SIM1
SIM2
SIM3
SIM4
1
21
22
SIM5
SIM1
SIM2
SIM3
SIM4
1
21
22
SIM5
SIM1
SIM2
SIM3
SIM4
1
21
22
SIM5
SIM1
SIM2
SIM3
SIM4
1
21
22
SIM5
SIM1
SIM2
SIM3
SIM4
1
21
22
SIM5
SIM1
SIM2
SIM3
SIM4
1
21
22
SIM5
SIM1
SIM2
SIM3
SIM4
1
21
22
SIM5
SIM1
SIM2
SIM3
SIM4
1
21
22
SIM5
SIM1
SIM2
SIM3
SIM4
1
21
22
SIM5
SIM1
SIM2
SIM3
SIM4
1
21
22
SIM5
SIM1
SIM2
SIM3
SIM4
1
21
22
SIM5
SIM1
SIM2
SIM3
SIM4
1
21
22
SIM5
SIM1
SIM2
SIM3
SIM4
1
21
22
SIM5
SIM1
SIM2
SIM3
SIM4
1
21
22
SIM5
SIM1
SIM2
SIM3
SIM4
1
21
22
SIM5
SIM1
SIM2
SIM3
SIM4
1
21
22
SIM5
SIM1
SIM2
SIM3
SIM4
1
21
22
SIM5
SIM1
SIM2
SIM3
SIM4
1
21
22
SIM5
SIM1
SIM2
SIM3
SIM4
1
21
22
SIM5
SIM1
SIM2
SIM3
SIM4
1
21
22
SIM5
SIM1
SIM2
SIM3
SIM4
1
21
22
SIM5
SIM1
SIM2
SIM3
SIM4
1
21
22
SIM5
SIM1
SIM2
SIM3
SIM4
1
21
22
SIM5
SIM1
SIM2
SIM3
SIM4
1
21
22
SIM5
SIM1
SIM2
SIM3
SIM4
1
21
22
SIM5
SIM1
SIM2
SIM3
SIM4
1
21
22
SIM5
SIM1
SIM2
SIM3
SIM4
1
21
22
SIM5
SIM1
SIM2
SIM3
SIM4
1
21
22
SIM5
SIM1
SIM2
SIM3
SIM4
1
21
22
SIM5
SIM1
SIM2
SIM3
SIM4
1
21
22
SIM5
SIM1
SIM2
SIM3
SIM4
1
21
22
SIM5
SIM1
SIM2
SIM3
SIM4
1
21
22
SIM5
SIM1
SIM2
SIM3
SIM4
1
21
22
SIM5
SIM1
SIM2
SIM3
SIM4
1
21
22
SIM5
SIM1
SIM2
SIM3
SIM4
1
21
22
SIM5
SIM1
SIM2
SIM3
SIM4
1
21
22
SIM5
SIM1
SIM2
SIM3
SIM4
1
21
22
SIM5
SIM1
SIM2
SIM3
SIM4
1
21
22
SIM5
SIM1
SIM2
SIM3
SIM4
1
21
22
SIM5
SIM1
SIM2
SIM3
SIM4
1
21
22
SIM5
SIM1
SIM2
SIM3
SIM4
1
21
22
SIM5
SIM1
SIM2
SIM3
SIM4
1
21
22
SIM5
SIM1
SIM2
SIM3
SIM4
1
21
22
SIM5
SIM1
SIM2
SIM3
SIM4
1
21
22
SIM5
SIM1
SIM2
SIM3
SIM4
1
21
22
SIM5
SIM1
SIM2
SIM3
SIM4
1
21
22
SIM5
SIM1
SIM2
SIM3
SIM4
1
21
22
SIM5
SIM1
SIM2
SIM3
SIM4
1
21
22
SIM5
SIM1
SIM2
SIM3
SIM4
1
21
22
SIM5
SIM1
SIM2
SIM3
SIM4
1
21
22
SIM5
SIM1
SIM2
SIM3
SIM4
1
21
22
SIM5
SIM1
SIM2
SIM3
SIM4
1
21
22
SIM5
SIM1
SIM2
SIM3
SIM4
1
21
22
SIM5
SIM1
SIM2
SIM3
SIM4
1
21
22
SIM5
SIM1
SIM2
SIM3
SIM4
1
21
22
SIM5
SIM1
SIM2
SIM3
SIM4
1
21
22
SIM5
SIM1
SIM2
SIM3
SIM4
1
21
22
SIM5
SIM1
SIM2
SIM3
SIM4
1
21
22
SIM5
SIM1
SIM2
SIM3
SIM4
1
21
22
SIM5
SIM1
SIM2
SIM3
SIM4
1
21
22
SIM5
SIM1
SIM2
SIM3
SIM4
1
21
22
SIM5
SIM1
SIM2
SIM3
SIM4
1
21
22
SIM5
SIM1
SIM2
SIM3
SIM4
1
21
22
SIM5
SIM1
SIM2
SIM3
SIM4
1
21
22
SIM5
SIM1
SIM2
SIM3
SIM4
1
21
22
SIM5
SIM1
SIM2
SIM3
SIM4
1
21
22
SIM5
SIM1
SIM2
SIM3
SIM4
1
21
22
SIM5
SIM1
SIM2
SIM3
SIM4
1
21
22
SIM5
SIM1
SIM2
SIM3
SIM4
1
21
22
SIM5
SIM1
SIM2
SIM3
SIM4
1
21
22
SIM5
SIM1
SIM2
SIM3
SIM4
1
21
22
SIM5
SIM1
SIM2
SIM3
SIM4
1
21
22
SIM5
SIM1
SIM2
SIM3
SIM4
1
21
22
SIM5
SIM1
SIM2
SIM3
SIM4
1
21
22
SIM5
SIM1
SIM2
SIM3
SIM4
1
21
22
SIM5
SIM1
SIM2
SIM3
SIM4
1
21
22
SIM5
SIM1
SIM2
SIM3
SIM4
1
21
22
SIM5
SIM1
SIM2
SIM3
SIM4
1
21
22
SIM5
SIM1
SIM2
SIM3
SIM4
1
21
22
SIM5
SIM1
SIM2
SIM3
SIM4
1
21
22
SIM5
SIM1
SIM2
SIM3
SIM4
1
21
22
SIM5
SIM1
SIM2
SIM3
SIM4
1
21
22
SIM5
SIM1
SIM2
SIM3
SIM4
1
21
22
SIM5
SIM1
SIM2
SIM3
SIM4
1
21
22
SIM5
SIM1
SIM2
SIM3
SIM4
1
21
22
SIM5
SIM1
SIM2
SIM3
SIM4
1
21
22
SIM5
SIM1
SIM2
SIM3
SIM4
1
21
22
SIM5
SIM1
SIM2
SIM3
SIM4
1
21
22
SIM5
SIM1
SIM2
SIM3
SIM4
1
21
22
SIM5
SIM1
SIM2
SIM3
SIM4
1
21
22
SIM5
SIM1
SIM2
SIM3
SIM4
1
21
22
SIM5
SIM1
SIM2
SIM3
SIM4
1
21
22
SIM5
SIM1
SIM2
SIM3
SIM4
1
21
22
SIM5
SIM1
SIM2
SIM3
SIM4
1
21
22
SIM5
SIM1
SIM2
SIM3
SIM4
1
21
22
SIM5
SIM1
SIM2
SIM3
SIM4
1
21
22
SIM5
SIM1
SIM2
SIM3
SIM4
1
21
22
SIM5
SIM1
SIM2
SIM3
SIM4
1
21
22
SIM5
SIM1
SIM2
SIM3
SIM4
1
21
22
SIM5
SIM1
SIM2
SIM3
SIM4
1
21
22
SIM5
SIM1
SIM2
SIM3
SIM4
1
21
22
SIM5
SIM1
SIM2
SIM3
SIM4
1
21
22
SIM5
SIM1
SIM2
SIM3
SIM4
1
21
22
SIM5
SIM1
SIM2
SIM3
SIM4
1
21
22
SIM5
SIM1
SIM2
SIM3
SIM4
1
21
22
SIM5
SIM1
SIM2
SIM3
SIM4
1
21
22
SIM5
SIM1
SIM2
SIM3
SIM4
1
21
22
SIM5
SIM1
SIM2
SIM3
SIM4
1
21
22
SIM5
SIM1
SIM2
SIM3
SIM4
1
21
22
SIM5
SIM1
SIM2
SIM3
SIM4
1
21
22
SIM5
SIM1
SIM2
SIM3
SIM4
1
21
22
SIM5
SIM1
SIM2
SIM3
SIM4
1
21
22
SIM5
SIM1
SIM2
SIM3
SIM4
1
21
22
SIM5
SIM1
SIM2
SIM3
SIM4
1
21
22
SIM5
SIM1
SIM2
SIM3
SIM4
1
21
22
SIM5
SIM1
SIM2
SIM3
SIM4
1
21
22
SIM5
SIM1
SIM2
SIM3
SIM4
1
21
22
SIM5
SIM1
SIM2
SIM3
SIM4
1
21
22
SIM5
SIM1
SIM2
SIM3
SIM4
1
21
22
SIM5
SIM1
SIM2
SIM3
SIM4
1
21
22
SIM5
SIM1
SIM2
SIM3
SIM4
1
21
22
SIM5
SIM1
SIM2
SIM3
SIM4
1
21
22
SIM5
SIM1
SIM2
SIM3
SIM4
1
21
22
SIM5
SIM1
SIM2
SIM3
SIM4
1
21
22
SIM5
SIM1
SIM2
SIM3
SIM4
1
21
22
SIM5
SIM1
SIM2
SIM3
SIM4
1
21
22
SIM5
SIM1
SIM2
SIM3
SIM4
1
21
22
SIM5
SIM1
SIM2
SIM3
SIM4
1
21
22
SIM5
SIM1
SIM2
SIM3
SIM4
1
21
22
SIM5
SIM1
SIM2
SIM3
SIM4
1
21
22
SIM5
SIM1
SIM2
SIM3
SIM4
1
21
22
SIM5
SIM1
SIM2
SIM3
SIM4
1
21
22
SIM5
SIM1
SIM2
SIM3
SIM4
1
21
22
SIM5
SIM1
SIM2
SIM3
SIM4
1
21
22
SIM5
SIM1
SIM2
SIM3
SIM4
1
21
22
SIM5
SIM1
SIM2
SIM3
SIM4
1
21
22
SIM5
SIM1
SIM2
SIM3
SIM4
1
21
22
SIM5
SIM1
SIM2
SIM3
SIM4
1
21
22
SIM5
SIM1
SIM2
SIM3
SIM4
1
21
22
SIM5
SIM1
SIM2
SIM3
SIM4
1
21
22
SIM5
SIM1
SIM2
SIM3
SIM4
1
21
22
SIM5
SIM1
SIM2
SIM3
SIM4
1
21
22
SIM5
SIM1
SIM2
SIM3
SIM4
1
21
22
SIM5
SIM1
SIM2
SIM3
SIM4
1
21
22
SIM5
SIM1
SIM2
SIM3
SIM4
1
21
22
SIM5
SIM1
SIM2
SIM3
SIM4
1
21
22
SIM5
SIM1
SIM2
SIM3
SIM4
1
21
22
SIM5
SIM1
SIM2
SIM3
SIM4
1
21
22
SIM5
SIM1
SIM2
SIM3
SIM4
1
21
22
SIM5
SIM1
SIM2
SIM3
SIM4
1
21
22
SIM5
SIM1
SIM2
SIM3
SIM4
1
21
22
SIM5
SIM1
SIM2
SIM3
SIM4
1
21
22
SIM5
SIM1
SIM2
SIM3
SIM4
1
21
22
SIM5
SIM1
SIM2
SIM3
SIM4
1
21
22
SIM5
SIM1
SIM2
SIM3
SIM4
1
21
22
SIM5
SIM1
SIM2
SIM3
SIM4
1
21
22
SIM5
SIM1
SIM2
SIM3
SIM4
1
21
22
SIM5
SIM1
SIM2
SIM3
SIM4
1
21
22
SIM5
SIM1
SIM2
SIM3
SIM4
1
21
22
SIM5
SIM1
SIM2
SIM3
SIM4
1
21
22
SIM5
SIM1
SIM2
SIM3
SIM4
1
21
22
SIM5
SIM1
SIM2
SIM3
SIM4
1
21
22
SIM5
SIM1
SIM2
SIM3
SIM4
1
21
22
SIM5
SIM1
SIM2
SIM3
SIM4
1
21
22
SIM5
SIM1
SIM2
SIM3
SIM4
1
21
22
SIM5
SIM1
SIM2
SIM3
SIM4
1
21
22
SIM5
SIM1
SIM2
SIM3
SIM4
1
21
22
SIM5
SIM1
SIM2
SIM3
SIM4
1
21
22
SIM5
SIM1
SIM2
SIM3
SIM4
1
21
22
SIM5
SIM1
SIM2
SIM3
SIM4
1
21
22
SIM5
SIM1
SIM2
SIM3
SIM4
1
21
22
SIM5
SIM1
SIM2
SIM3
SIM4
1
21
22
SIM5
SIM1
SIM2
SIM3
SIM4
1
21
22
SIM5
SIM1
SIM2
SIM3
SIM4
1
21
22
SIM5
SIM1
SIM2
SIM3
SIM4
1
21
22
SIM5
SIM1
SIM2
SIM3
SIM4
1
21
22
SIM5
SIM1
SIM2
SIM3
SIM4
1
21
22
SIM5
SIM1
SIM2
SIM3
SIM4
1
21
22
SIM5
SIM1
SIM2
SIM3
SIM4
1
21
22
SIM5
SIM1
SIM2
SIM3
SIM4
1
21
22
SIM5
SIM1
SIM2
SIM3
SIM4
1
21
22
SIM5
SIM1
SIM2
SIM3
SIM4
1
21
22
SIM5
SIM1
SIM2
SIM3
SIM4
1
21
22
SIM5
SIM1
SIM2
SIM3
SIM4
1
21
22
SIM5
SIM1
SIM2
SIM3
SIM4
1
21
22
SIM5
SIM1
SIM2
SIM3
SIM4
1
21
22
SIM5
SIM1
SIM2
SIM3
SIM4
1
21
22
SIM5
SIM1
SIM2
SIM3
SIM4
1
21
22
SIM5
SIM1
SIM2
SIM3
SIM4
1
21
22
SIM5
SIM1
SIM2
SIM3
SIM4
1
21
22
SIM5
SIM1
SIM2
SIM3
SIM4
1
21
22
SIM5
SIM1
SIM2
SIM3
SIM4
1
21
22
SIM5
SIM1
SIM2
SIM3
SIM4
1
21
22
SIM5
SIM1
SIM2
SIM3
SIM4
1
21
22
SIM5
SIM1
SIM2
SIM3
SIM4
1
21
22
SIM5
SIM1
SIM2
SIM3
SIM4
1
21
22
SIM5
SIM1
SIM2
SIM3
SIM4
1
21
22
SIM5
SIM1
SIM2
SIM3
SIM4
1
21
22
SIM5
SIM1
SIM2
SIM3
SIM4
1
21
22
SIM5
SIM1
SIM2
SIM3
SIM4
1
21
22
SIM5
SIM1
SIM2
SIM3
SIM4
1
21
22
SIM5
SIM1
SIM2
SIM3
SIM4
1
21
22
SIM5
SIM1
SIM2
SIM3
SIM4
1
21
22
SIM5
SIM1
SIM2
SIM3
SIM4
1
21
22
SIM5
SIM1
SIM2
SIM3
SIM4
1
21
22
SIM5
SIM1
SIM2
SIM3
SIM4
1
21
22
SIM5
SIM1
SIM2
SIM3
SIM4
1
21
22
SIM5
SIM1
SIM2
SIM3
SIM4
1
21
22
SIM5
SIM1
SIM2
SIM3
SIM4
1
21
22
SIM5
SIM1
SIM2
SIM3
SIM4
1
21
22
SIM5
SIM1
SIM2
DEBUG 1 895
SIM1
SIM2
SIM3
SIM4
1
21
22
SIM5
SIM1
SIM2
SIM3
SIM4
1
21
22
SIM5
SIM1
SIM2
SIM3
SIM4
1
21
22
SIM5
SIM1
SIM2
SIM3
SIM4
1
21
22
SIM5
SIM1
SIM2
SIM3
SIM4
1
21
22
SIM5
SIM1
SIM2
SIM3
SIM4
1
21
22
SIM5
SIM1
SIM2
SIM3
SIM4
1
21
22
SIM5
SIM1
SIM2
SIM3
SIM4
1
21
22
SIM5
SIM1
SIM2
SIM3
SIM4
1
21
22
SIM5
SIM1
SIM2
SIM3
SIM4
1
21
22
SIM5
SIM1
SIM2
SIM3
SIM4
1
21
22
SIM5
SIM1
SIM2
SIM3
SIM4
1
21
22
SIM5
SIM1
SIM2
SIM3
SIM4
1
21
22
SIM5
SIM1
SIM2
SIM3
SIM4
1
21
22
SIM5
SIM1
SIM2
SIM3
SIM4
1
21
22
SIM5
SIM1
SIM2
SIM3
SIM4
1
21
22
SIM5
SIM1
SIM2
SIM3
SIM4
1
21
22
SIM5
SIM1
SIM2
SIM3
SIM4
1
21
22
SIM5
SIM1
SIM2
SIM3
SIM4
1
21
22
SIM5
SIM1
SIM2
SIM3
SIM4
1
21
22
SIM5
SIM1
SIM2
SIM3
SIM4
1
21
22
SIM5
SIM1
SIM2
SIM3
SIM4
1
21
22
SIM5
SIM1
SIM2
SIM3
SIM4
1
21
22
SIM5
SIM1
SIM2
SIM3
SIM4
1
21
22
SIM5
SIM1
SIM2
SIM3
SIM4
1
21
22
SIM5
SIM1
SIM2
SIM3
SIM4
1
21
22
SIM5
SIM1
SIM2
SIM3
SIM4
1
21
22
SIM5
SIM1
SIM2
SIM3
SIM4
1
21
22
SIM5
SIM1
SIM2
SIM3
SIM4
1
21
22
SIM5
SIM1
SIM2
SIM3
SIM4
1
21
22
SIM5
SIM1
SIM2
SIM3
SIM4
1
21
22
SIM5
SIM1
SIM2
SIM3
SIM4
1
21
22
SIM5
SIM1
SIM2
SIM3
SIM4
1
21
22
SIM5
SIM1
SIM2
SIM3
SIM4
1
21
22
SIM5
SIM1
SIM2
SIM3
SIM4
1
21
22
SIM5
SIM1
SIM2
SIM3
SIM4
1
21
22
SIM5
SIM1
SIM2
SIM3
SIM4
1
21
22
SIM5
SIM1
SIM2
SIM3
SIM4
1
21
22
SIM5
SIM1
SIM2
SIM3
SIM4
1
21
22
SIM5
SIM1
SIM2
SIM3
SIM4
1
21
22
SIM5
SIM1
SIM2
SIM3
SIM4
1
21
22
SIM5
SIM1
SIM2
SIM3
SIM4
1
21
22
SIM5
SIM1
SIM2
SIM3
SIM4
1
21
22
SIM5
SIM1
SIM2
SIM3
SIM4
1
21
22
SIM5
SIM1
SIM2
SIM3
SIM4
1
21
22
SIM5
SIM1
SIM2
SIM3
SIM4
1
21
22
SIM5
SIM1
SIM2
SIM3
SIM4
1
21
22
SIM5
SIM1
SIM2
SIM3
SIM4
1
21
22
SIM5
SIM1
SIM2
SIM3
SIM4
1
21
22
SIM5
SIM1
SIM2
SIM3
SIM4
1
21
22
SIM5
SIM1
SIM2
SIM3
SIM4
1
21
22
SIM5
SIM1
SIM2
SIM3
SIM4
1
21
22
SIM5
SIM1
SIM2
SIM3
SIM4
1
21
22
SIM5
SIM1
SIM2
SIM3
SIM4
1
21
22
SIM5
SIM1
SIM2
SIM3
SIM4
1
21
22
SIM5
SIM1
SIM2
SIM3
SIM4
1
21
22
SIM5
SIM1
SIM2
SIM3
SIM4
1
21
22
SIM5
SIM1
SIM2
SIM3
SIM4
1
21
22
SIM5
SIM1
SIM2
SIM3
SIM4
1
21
22
SIM5
SIM1
SIM2
SIM3
SIM4
1
21
22
SIM5
SIM1
SIM2
SIM3
SIM4
1
21
22
SIM5
SIM1
SIM2
SIM3
SIM4
1
21
22
SIM5
SIM1
SIM2
SIM3
SIM4
1
21
22
SIM5
SIM1
SIM2
SIM3
SIM4
1
21
22
SIM5
SIM1
SIM2
SIM3
SIM4
1
21
22
SIM5
SIM1
SIM2
SIM3
SIM4
1
21
22
SIM5
SIM1
SIM2
SIM3
SIM4
1
21
22
SIM5
SIM1
SIM2
SIM3
SIM4
1
21
22
SIM5
SIM1
SIM2
SIM3
SIM4
1
21
22
SIM5
SIM1
SIM2
SIM3
SIM4
1
21
22
SIM5
SIM1
SIM2
SIM3
SIM4
1
21
22
SIM5
SIM1
SIM2
SIM3
SIM4
1
21
22
SIM5
SIM1
SIM2
SIM3
SIM4
1
21
22
SIM5
SIM1
SIM2
SIM3
SIM4
1
21
22
SIM5
SIM1
SIM2
SIM3
SIM4
1
21
22
SIM5
SIM1
SIM2
SIM3
SIM4
1
21
22
SIM5
SIM1
SIM2
SIM3
SIM4
1
21
22
SIM5
SIM1
SIM2
SIM3
SIM4
1
21
22
SIM5
SIM1
SIM2
SIM3
SIM4
1
21
22
SIM5
SIM1
SIM2
SIM3
SIM4
1
21
22
SIM5
SIM1
SIM2
SIM3
SIM4
1
21
22
SIM5
SIM1
SIM2
SIM3
SIM4
1
21
22
SIM5
SIM1
SIM2
SIM3
SIM4
1
21
22
SIM5
SIM1
SIM2
SIM3
SIM4
1
21
22
SIM5
SIM1
SIM2
SIM3
SIM4
1
21
22
SIM5
SIM1
SIM2
SIM3
SIM4
1
21
22
SIM5
SIM1
SIM2
SIM3
SIM4
1
21
22
SIM5
SIM1
SIM2
SIM3
SIM4
1
21
22
SIM5
SIM1
SIM2
SIM3
SIM4
1
21
22
SIM5
SIM1
SIM2
SIM3
SIM4
1
21
22
SIM5
SIM1
SIM2
SIM3
SIM4
1
21
22
SIM5
SIM1
SIM2
SIM3
SIM4
1
21
22
SIM5
SIM1
SIM2
SIM3
SIM4
1
21
22
SIM5
SIM1
SIM2
SIM3
SIM4
1
21
22
SIM5
SIM1
SIM2
SIM3
SIM4
1
21
22
SIM5
SIM1
SIM2
SIM3
SIM4
1
21
22
SIM5
SIM1
SIM2
SIM3
SIM4
1
21
22
SIM5
SIM1
SIM2
SIM3
SIM4
1
21
22
SIM5
SIM1
SIM2
SIM3
SIM4
1
21
22
SIM5
SIM1
SIM2
SIM3
SIM4
1
21
22
SIM5
SIM1
SIM2
SIM3
SIM4
1
21
22
SIM5
SIM1
SIM2
SIM3
SIM4
1
21
22
SIM5
SIM1
SIM2
SIM3
SIM4
1
21
22
SIM5
SIM1
SIM2
SIM3
SIM4
1
21
22
SIM5
SIM1
SIM2
SIM3
SIM4
1
21
22
SIM5
SIM1
SIM2
SIM3
SIM4
1
21
22
SIM5
SIM1
SIM2
SIM3
SIM4
1
21
22
SIM5
SIM1
SIM2
SIM3
SIM4
1
21
22
SIM5
SIM1
SIM2
SIM3
SIM4
1
21
22
SIM5
SIM1
SIM2
DEBUG 1 896
SIM1
SIM2
SIM3
SIM4
1
21
22
SIM5
SIM1
SIM2
SIM3
SIM4
1
21
22
SIM5
SIM1
SIM2
SIM3
SIM4
1
21
22
SIM5
SIM1
SIM2
SIM3
SIM4
1
21
22
SIM5
SIM1
SIM2
SIM3
SIM4
1
21
22
SIM5
SIM1
SIM2
SIM3
SIM4
1
21
22
SIM5
SIM1
SIM2
SIM3
SIM4
1
21
22
SIM5
SIM1
SIM2
SIM3
SIM4
1
21
22
SIM5
SIM1
SIM2
SIM3
SIM4
1
21
22
SIM5
SIM1
SIM2
SIM3
SIM4
1
21
22
SIM5
SIM1
SIM2
SIM3
SIM4
1
21
22
SIM5
SIM1
SIM2
SIM3
SIM4
1
21
22
SIM5
SIM1
SIM2
SIM3
SIM4
1
21
22
SIM5
SIM1
SIM2
SIM3
SIM4
1
21
22
SIM5
SIM1
SIM2
SIM3
SIM4
1
21
22
SIM5
SIM1
SIM2
SIM3
SIM4
1
21
22
SIM5
SIM1
SIM2
SIM3
SIM4
1
21
22
SIM5
SIM1
SIM2
SIM3
SIM4
1
21
22
SIM5
SIM1
SIM2
SIM3
SIM4
1
21
22
SIM5
SIM1
SIM2
SIM3
SIM4
1
21
22
SIM5
SIM1
SIM2
SIM3
SIM4
1
21
22
SIM5
SIM1
SIM2
SIM3
SIM4
1
21
22
SIM5
SIM1
SIM2
SIM3
SIM4
1
21
22
SIM5
SIM1
SIM2
SIM3
SIM4
1
21
22
SIM5
SIM1
SIM2
SIM3
SIM4
1
21
22
SIM5
SIM1
SIM2
SIM3
SIM4
1
21
22
SIM5
SIM1
SIM2
SIM3
SIM4
1
21
22
SIM5
SIM1
SIM2
SIM3
SIM4
1
21
22
SIM5
SIM1
SIM2
SIM3
SIM4
1
21
22
SIM5
SIM1
SIM2
SIM3
SIM4
1
21
22
SIM5
SIM1
SIM2
SIM3
SIM4
1
21
22
SIM5
SIM1
SIM2
SIM3
SIM4
1
21
22
SIM5
SIM1
SIM2
SIM3
SIM4
1
21
22
SIM5
SIM1
SIM2
SIM3
SIM4
1
21
22
SIM5
SIM1
SIM2
SIM3
SIM4
1
21
22
SIM5
SIM1
SIM2
SIM3
SIM4
1
21
22
SIM5
SIM1
SIM2
SIM3
SIM4
1
21
22
SIM5
SIM1
SIM2
SIM3
SIM4
1
21
22
SIM5
SIM1
SIM2
SIM3
SIM4
1
21
22
SIM5
SIM1
SIM2
SIM3
SIM4
1
21
22
SIM5
SIM1
SIM2
SIM3
SIM4
1
21
22
SIM5
SIM1
SIM2
SIM3
SIM4
1
21
22
SIM5
SIM1
SIM2
SIM3
SIM4
1
21
22
SIM5
SIM1
SIM2
SIM3
SIM4
1
21
22
SIM5
SIM1
SIM2
SIM3
SIM4
1
21
22
SIM5
SIM1
SIM2
SIM3
SIM4
1
21
22
SIM5
SIM1
SIM2
SIM3
SIM4
1
21
22
SIM5
SIM1
SIM2
SIM3
SIM4
1
21
22
SIM5
SIM1
SIM2
SIM3
SIM4
1
21
22
SIM5
SIM1
SIM2
SIM3
SIM4
1
21
22
SIM5
SIM1
SIM2
SIM3
SIM4
1
21
22
SIM5
SIM1
SIM2
SIM3
SIM4
1
21
22
SIM5
SIM1
SIM2
SIM3
SIM4
1
21
22
SIM5
SIM1
SIM2
SIM3
SIM4
1
21
22
SIM5
SIM1
SIM2
SIM3
SIM4
1
21
22
SIM5
SIM1
SIM2
SIM3
SIM4
1
21
22
SIM5
SIM1
SIM2
SIM3
SIM4
1
21
22
SIM5
SIM1
SIM2
SIM3
SIM4
1
21
22
SIM5
SIM1
SIM2
SIM3
SIM4
1
21
22
SIM5
SIM1
SIM2
SIM3
SIM4
1
21
22
SIM5
SIM1
SIM2
SIM3
SIM4
1
21
22
SIM5
SIM1
SIM2
SIM3
SIM4
1
21
22
SIM5
SIM1
SIM2
SIM3
SIM4
1
21
22
SIM5
SIM1
SIM2
SIM3
SIM4
1
21
22
SIM5
SIM1
SIM2
SIM3
SIM4
1
21
22
SIM5
SIM1
SIM2
SIM3
SIM4
1
21
22
SIM5
SIM1
SIM2
SIM3
SIM4
1
21
22
SIM5
SIM1
SIM2
SIM3
SIM4
1
21
22
SIM5
SIM1
SIM2
SIM3
SIM4
1
21
22
SIM5
SIM1
SIM2
SIM3
SIM4
1
21
22
SIM5
SIM1
SIM2
SIM3
SIM4
1
21
22
SIM5
SIM1
SIM2
SIM3
SIM4
1
21
22
SIM5
SIM1
SIM2
SIM3
SIM4
1
21
22
SIM5
SIM1
SIM2
SIM3
SIM4
1
21
22
SIM5
SIM1
SIM2
SIM3
SIM4
1
21
22
SIM5
SIM1
SIM2
SIM3
SIM4
1
21
22
SIM5
SIM1
SIM2
SIM3
SIM4
1
21
22
SIM5
SIM1
SIM2
SIM3
SIM4
1
21
22
SIM5
SIM1
SIM2
SIM3
SIM4
1
21
22
SIM5
SIM1
SIM2
SIM3
SIM4
1
21
22
SIM5
SIM1
SIM2
SIM3
SIM4
1
21
22
SIM5
SIM1
SIM2
SIM3
SIM4
1
21
22
SIM5
SIM1
SIM2
SIM3
SIM4
1
21
22
SIM5
SIM1
SIM2
SIM3
SIM4
1
21
22
SIM5
SIM1
SIM2
SIM3
SIM4
1
21
22
SIM5
SIM1
SIM2
SIM3
SIM4
1
21
22
SIM5
SIM1
SIM2
SIM3
SIM4
1
21
22
SIM5
SIM1
SIM2
SIM3
SIM4
1
21
22
SIM5
SIM1
SIM2
SIM3
SIM4
1
21
22
SIM5
SIM1
SIM2
SIM3
SIM4
1
21
22
SIM5
SIM1
SIM2
SIM3
SIM4
1
21
22
SIM5
SIM1
SIM2
SIM3
SIM4
1
21
22
SIM5
SIM1
SIM2
SIM3
SIM4
1
21
22
SIM5
SIM1
SIM2
SIM3
SIM4
1
21
22
SIM5
SIM1
SIM2
SIM3
SIM4
1
21
22
SIM5
SIM1
SIM2
SIM3
SIM4
1
21
22
SIM5
SIM1
SIM2
SIM3
SIM4
1
21
22
SIM5
SIM1
SIM2
SIM3
SIM4
1
21
22
SIM5
SIM1
SIM2
SIM3
SIM4
1
21
22
SIM5
SIM1
SIM2
SIM3
SIM4
1
21
22
SIM5
SIM1
SIM2
SIM3
SIM4
1
21
22
SIM5
SIM1
SIM2
SIM3
SIM4
1
21
22
SIM5
SIM1
SIM2
SIM3
SIM4
1
21
22
SIM5
SIM1
SIM2
SIM3
SIM4
1
21
22
SIM5
SIM1
SIM2
SIM3
SIM4
1
21
22
SIM5
SIM1
SIM2
SIM3
SIM4
1
21
22
SIM5
SIM1
SIM2
SIM3
SIM4
1
21
22
SIM5
SIM1
SIM2
SIM3
SIM4
1
21
22
SIM5
SIM1
SIM2
SIM3
SIM4
1
21
22
SIM5
SIM1
SIM2
SIM3
SIM4
1
21
22
SIM5
SIM1
SIM2
DEBUG 1 897
SIM1
SIM2
SIM3
SIM4
1
21
22
SIM5
SIM1
SIM2
SIM3
SIM4
1
21
22
SIM5
SIM1
SIM2
SIM3
SIM4
1
21
22
SIM5
SIM1
SIM2
SIM3
SIM4
1
21
22
SIM5
SIM1
SIM2
SIM3
SIM4
1
21
22
SIM5
SIM1
SIM2
SIM3
SIM4
1
21
22
SIM5
SIM1
SIM2
SIM3
SIM4
1
21
22
SIM5
SIM1
SIM2
SIM3
SIM4
1
21
22
SIM5
SIM1
SIM2
SIM3
SIM4
1
21
22
SIM5
SIM1
SIM2
SIM3
SIM4
1
21
22
SIM5
SIM1
SIM2
SIM3
SIM4
1
21
22
SIM5
SIM1
SIM2
SIM3
SIM4
1
21
22
SIM5
SIM1
SIM2
SIM3
SIM4
1
21
22
SIM5
SIM1
SIM2
SIM3
SIM4
1
21
22
SIM5
SIM1
SIM2
SIM3
SIM4
1
21
22
SIM5
SIM1
SIM2
SIM3
SIM4
1
21
22
SIM5
SIM1
SIM2
SIM3
SIM4
1
21
22
SIM5
SIM1
SIM2
SIM3
SIM4
1
21
22
SIM5
SIM1
SIM2
SIM3
SIM4
1
21
22
SIM5
SIM1
SIM2
SIM3
SIM4
1
21
22
SIM5
SIM1
SIM2
SIM3
SIM4
1
21
22
SIM5
SIM1
SIM2
SIM3
SIM4
1
21
22
SIM5
SIM1
SIM2
SIM3
SIM4
1
21
22
SIM5
SIM1
SIM2
SIM3
SIM4
1
21
22
SIM5
SIM1
SIM2
SIM3
SIM4
1
21
22
SIM5
SIM1
SIM2
SIM3
SIM4
1
21
22
SIM5
SIM1
SIM2
SIM3
SIM4
1
21
22
SIM5
SIM1
SIM2
SIM3
SIM4
1
21
22
SIM5
SIM1
SIM2
SIM3
SIM4
1
21
22
SIM5
SIM1
SIM2
SIM3
SIM4
1
21
22
SIM5
SIM1
SIM2
SIM3
SIM4
1
21
22
SIM5
SIM1
SIM2
SIM3
SIM4
1
21
22
SIM5
SIM1
SIM2
SIM3
SIM4
1
21
22
SIM5
SIM1
SIM2
SIM3
SIM4
1
21
22
SIM5
SIM1
SIM2
SIM3
SIM4
1
21
22
SIM5
SIM1
SIM2
SIM3
SIM4
1
21
22
SIM5
SIM1
SIM2
SIM3
SIM4
1
21
22
SIM5
SIM1
SIM2
SIM3
SIM4
1
21
22
SIM5
SIM1
SIM2
SIM3
SIM4
1
21
22
SIM5
SIM1
SIM2
SIM3
SIM4
1
21
22
SIM5
SIM1
SIM2
SIM3
SIM4
1
21
22
SIM5
SIM1
SIM2
SIM3
SIM4
1
21
22
SIM5
SIM1
SIM2
SIM3
SIM4
1
21
22
SIM5
SIM1
SIM2
SIM3
SIM4
1
21
22
SIM5
SIM1
SIM2
SIM3
SIM4
1
21
22
SIM5
SIM1
SIM2
SIM3
SIM4
1
21
22
SIM5
SIM1
SIM2
SIM3
SIM4
1
21
22
SIM5
SIM1
SIM2
SIM3
SIM4
1
21
22
SIM5
SIM1
SIM2
SIM3
SIM4
1
21
22
SIM5
SIM1
SIM2
SIM3
SIM4
1
21
22
SIM5
SIM1
SIM2
SIM3
SIM4
1
21
22
SIM5
SIM1
SIM2
SIM3
SIM4
1
21
22
SIM5
SIM1
SIM2
SIM3
SIM4
1
21
22
SIM5
SIM1
SIM2
SIM3
SIM4
1
21
22
SIM5
SIM1
SIM2
SIM3
SIM4
1
21
22
SIM5
SIM1
SIM2
SIM3
SIM4
1
21
22
SIM5
SIM1
SIM2
SIM3
SIM4
1
21
22
SIM5
SIM1
SIM2
SIM3
SIM4
1
21
22
SIM5
SIM1
SIM2
SIM3
SIM4
1
21
22
SIM5
SIM1
SIM2
SIM3
SIM4
1
21
22
SIM5
SIM1
SIM2
SIM3
SIM4
1
21
22
SIM5
SIM1
SIM2
SIM3
SIM4
1
21
22
SIM5
SIM1
SIM2
SIM3
SIM4
1
21
22
SIM5
SIM1
SIM2
SIM3
SIM4
1
21
22
SIM5
SIM1
SIM2
SIM3
SIM4
1
21
22
SIM5
SIM1
SIM2
SIM3
SIM4
1
21
22
SIM5
SIM1
SIM2
SIM3
SIM4
1
21
22
SIM5
SIM1
SIM2
SIM3
SIM4
1
21
22
SIM5
SIM1
SIM2
SIM3
SIM4
1
21
22
SIM5
SIM1
SIM2
SIM3
SIM4
1
21
22
SIM5
SIM1
SIM2
SIM3
SIM4
1
21
22
SIM5
SIM1
SIM2
SIM3
SIM4
1
21
22
SIM5
SIM1
SIM2
SIM3
SIM4
1
21
22
SIM5
SIM1
SIM2
SIM3
SIM4
1
21
22
SIM5
SIM1
SIM2
SIM3
SIM4
1
21
22
SIM5
SIM1
SIM2
SIM3
SIM4
1
21
22
SIM5
SIM1
SIM2
SIM3
SIM4
1
21
22
SIM5
SIM1
SIM2
SIM3
SIM4
1
21
22
SIM5
SIM1
SIM2
SIM3
SIM4
1
21
22
SIM5
SIM1
SIM2
SIM3
SIM4
1
21
22
SIM5
SIM1
SIM2
SIM3
SIM4
1
21
22
SIM5
SIM1
SIM2
SIM3
SIM4
1
21
22
SIM5
SIM1
SIM2
SIM3
SIM4
1
21
22
SIM5
SIM1
SIM2
SIM3
SIM4
1
21
22
SIM5
SIM1
SIM2
SIM3
SIM4
1
21
22
SIM5
SIM1
SIM2
SIM3
SIM4
1
21
22
SIM5
SIM1
SIM2
SIM3
SIM4
1
21
22
SIM5
SIM1
SIM2
SIM3
SIM4
1
21
22
SIM5
SIM1
SIM2
SIM3
SIM4
1
21
22
SIM5
SIM1
SIM2
SIM3
SIM4
1
21
22
SIM5
SIM1
SIM2
SIM3
SIM4
1
21
22
SIM5
SIM1
SIM2
SIM3
SIM4
1
21
22
SIM5
SIM1
SIM2
SIM3
SIM4
1
21
22
SIM5
SIM1
SIM2
SIM3
SIM4
1
21
22
SIM5
SIM1
SIM2
SIM3
SIM4
1
21
22
SIM5
SIM1
SIM2
SIM3
SIM4
1
21
22
SIM5
SIM1
SIM2
SIM3
SIM4
1
21
22
SIM5
SIM1
SIM2
SIM3
SIM4
1
21
22
SIM5
SIM1
SIM2
SIM3
SIM4
1
21
22
SIM5
SIM1
SIM2
SIM3
SIM4
1
21
22
SIM5
SIM1
SIM2
SIM3
SIM4
1
21
22
SIM5
SIM1
SIM2
SIM3
SIM4
1
21
22
SIM5
SIM1
SIM2
SIM3
SIM4
1
21
22
SIM5
SIM1
SIM2
SIM3
SIM4
1
21
22
SIM5
SIM1
SIM2
SIM3
SIM4
1
21
22
SIM5
SIM1
SIM2
SIM3
SIM4
1
21
22
SIM5
SIM1
SIM2
SIM3
SIM4
1
21
22
SIM5
SIM1
SIM2
SIM3
SIM4
1
21
22
SIM5
SIM1
SIM2
SIM3
SIM4
1
21
22
SIM5
SIM1
SIM2
SIM3
SIM4
1
21
22
SIM5
SIM1
SIM2
SIM3
SIM4
1
21
22
SIM5
SIM1
SIM2
SIM3
SIM4
1
21
22
SIM5
SIM1
SIM2
SIM3
SIM4
1
21
22
SIM5
SIM1
SIM2
SIM3
SIM4
1
21
22
SIM5
SIM1
SIM2
SIM3
SIM4
1
21
22
SIM5
SIM1
SIM2
SIM3
SIM4
1
21
22
SIM5
SIM1
SIM2
SIM3
SIM4
1
21
22
SIM5
SIM1
SIM2
SIM3
SIM4
1
21
22
SIM5
SIM1
SIM2
SIM3
SIM4
1
21
22
SIM5
SIM1
SIM2
SIM3
SIM4
1
21
22
SIM5
SIM1
SIM2
SIM3
SIM4
1
21
22
SIM5
SIM1
SIM2
SIM3
SIM4
1
21
22
SIM5
SIM1
SIM2
SIM3
SIM4
1
21
22
SIM5
SIM1
SIM2
SIM3
SIM4
1
21
22
SIM5
SIM1
SIM2
SIM3
SIM4
1
21
22
SIM5
SIM1
SIM2
SIM3
SIM4
1
21
22
SIM5
SIM1
SIM2
SIM3
SIM4
1
21
22
SIM5
SIM1
SIM2
SIM3
SIM4
1
21
22
SIM5
SIM1
SIM2
SIM3
SIM4
1
21
22
SIM5
SIM1
SIM2
SIM3
SIM4
1
21
22
SIM5
SIM1
SIM2
SIM3
SIM4
1
21
22
SIM5
SIM1
SIM2
SIM3
SIM4
1
21
22
SIM5
SIM1
SIM2
SIM3
SIM4
1
21
22
SIM5
SIM1
SIM2
SIM3
SIM4
1
21
22
SIM5
SIM1
SIM2
SIM3
SIM4
1
21
22
SIM5
SIM1
SIM2
SIM3
SIM4
1
21
22
SIM5
SIM1
SIM2
SIM3
SIM4
1
21
22
SIM5
SIM1
SIM2
SIM3
SIM4
1
21
22
SIM5
SIM1
SIM2
SIM3
SIM4
1
21
22
SIM5
SIM1
SIM2
SIM3
SIM4
1
21
22
SIM5
SIM1
SIM2
SIM3
SIM4
1
21
22
SIM5
SIM1
SIM2
SIM3
SIM4
1
21
22
SIM5
SIM1
SIM2
SIM3
SIM4
1
21
22
SIM5
SIM1
SIM2
SIM3
SIM4
1
21
22
SIM5
SIM1
SIM2
SIM3
SIM4
1
21
22
SIM5
SIM1
SIM2
SIM3
SIM4
1
21
22
SIM5
SIM1
SIM2
SIM3
SIM4
1
21
22
SIM5
SIM1
SIM2
SIM3
SIM4
1
21
22
SIM5
SIM1
SIM2
SIM3
SIM4
1
21
22
SIM5
SIM1
SIM2
SIM3
SIM4
1
21
22
SIM5
SIM1
SIM2
DEBUG 1 898
SIM1
SIM2
SIM3
SIM4
1
21
22
SIM5
SIM1
SIM2
SIM3
SIM4
1
21
22
SIM5
SIM1
SIM2
SIM3
SIM4
1
21
22
SIM5
SIM1
SIM2
SIM3
SIM4
1
21
22
SIM5
SIM1
SIM2
SIM3
SIM4
1
21
22
SIM5
SIM1
SIM2
SIM3
SIM4
1
21
22
SIM5
SIM1
SIM2
SIM3
SIM4
1
21
22
SIM5
SIM1
SIM2
SIM3
SIM4
1
21
22
SIM5
SIM1
SIM2
SIM3
SIM4
1
21
22
SIM5
SIM1
SIM2
SIM3
SIM4
1
21
22
SIM5
SIM1
SIM2
SIM3
SIM4
1
21
22
SIM5
SIM1
SIM2
SIM3
SIM4
1
21
22
SIM5
SIM1
SIM2
SIM3
SIM4
1
21
22
SIM5
SIM1
SIM2
SIM3
SIM4
1
21
22
SIM5
SIM1
SIM2
SIM3
SIM4
1
21
22
SIM5
SIM1
SIM2
SIM3
SIM4
1
21
22
SIM5
SIM1
SIM2
SIM3
SIM4
1
21
22
SIM5
SIM1
SIM2
SIM3
SIM4
1
21
22
SIM5
SIM1
SIM2
SIM3
SIM4
1
21
22
SIM5
SIM1
SIM2
SIM3
SIM4
1
21
22
SIM5
SIM1
SIM2
SIM3
SIM4
1
21
22
SIM5
SIM1
SIM2
SIM3
SIM4
1
21
22
SIM5
SIM1
SIM2
SIM3
SIM4
1
21
22
SIM5
SIM1
SIM2
SIM3
SIM4
1
21
22
SIM5
SIM1
SIM2
SIM3
SIM4
1
21
22
SIM5
SIM1
SIM2
SIM3
SIM4
1
21
22
SIM5
SIM1
SIM2
SIM3
SIM4
1
21
22
SIM5
SIM1
SIM2
SIM3
SIM4
1
21
22
SIM5
SIM1
SIM2
SIM3
SIM4
1
21
22
SIM5
SIM1
SIM2
SIM3
SIM4
1
21
22
SIM5
SIM1
SIM2
SIM3
SIM4
1
21
22
SIM5
SIM1
SIM2
SIM3
SIM4
1
21
22
SIM5
SIM1
SIM2
SIM3
SIM4
1
21
22
SIM5
SIM1
SIM2
SIM3
SIM4
1
21
22
SIM5
SIM1
SIM2
SIM3
SIM4
1
21
22
SIM5
SIM1
SIM2
SIM3
SIM4
1
21
22
SIM5
SIM1
SIM2
SIM3
SIM4
1
21
22
SIM5
SIM1
SIM2
SIM3
SIM4
1
21
22
SIM5
SIM1
SIM2
SIM3
SIM4
1
21
22
SIM5
SIM1
SIM2
SIM3
SIM4
1
21
22
SIM5
SIM1
SIM2
SIM3
SIM4
1
21
22
SIM5
SIM1
SIM2
SIM3
SIM4
1
21
22
SIM5
SIM1
SIM2
SIM3
SIM4
1
21
22
SIM5
SIM1
SIM2
SIM3
SIM4
1
21
22
SIM5
SIM1
SIM2
SIM3
SIM4
1
21
22
SIM5
SIM1
SIM2
SIM3
SIM4
1
21
22
SIM5
SIM1
SIM2
SIM3
SIM4
1
21
22
SIM5
SIM1
SIM2
SIM3
SIM4
1
21
22
SIM5
SIM1
SIM2
SIM3
SIM4
1
21
22
SIM5
SIM1
SIM2
SIM3
SIM4
1
21
22
SIM5
SIM1
SIM2
SIM3
SIM4
1
21
22
SIM5
SIM1
SIM2
SIM3
SIM4
1
21
22
SIM5
SIM1
SIM2
SIM3
SIM4
1
21
22
SIM5
SIM1
SIM2
SIM3
SIM4
1
21
22
SIM5
SIM1
SIM2
SIM3
SIM4
1
21
22
SIM5
SIM1
SIM2
SIM3
SIM4
1
21
22
SIM5
SIM1
SIM2
SIM3
SIM4
1
21
22
SIM5
SIM1
SIM2
SIM3
SIM4
1
21
22
SIM5
SIM1
SIM2
SIM3
SIM4
1
21
22
SIM5
SIM1
SIM2
SIM3
SIM4
1
21
22
SIM5
SIM1
SIM2
SIM3
SIM4
1
21
22
SIM5
SIM1
SIM2
SIM3
SIM4
1
21
22
SIM5
SIM1
SIM2
SIM3
SIM4
1
21
22
SIM5
SIM1
SIM2
SIM3
SIM4
1
21
22
SIM5
SIM1
SIM2
SIM3
SIM4
1
21
22
SIM5
SIM1
SIM2
SIM3
SIM4
1
21
22
SIM5
SIM1
SIM2
SIM3
SIM4
1
21
22
SIM5
SIM1
SIM2
SIM3
SIM4
1
21
22
SIM5
SIM1
SIM2
SIM3
SIM4
1
21
22
SIM5
SIM1
SIM2
SIM3
SIM4
1
21
22
SIM5
SIM1
SIM2
SIM3
SIM4
1
21
22
SIM5
SIM1
SIM2
SIM3
SIM4
1
21
22
SIM5
SIM1
SIM2
SIM3
SIM4
1
21
22
SIM5
SIM1
SIM2
SIM3
SIM4
1
21
22
SIM5
SIM1
SIM2
SIM3
SIM4
1
21
22
SIM5
SIM1
SIM2
SIM3
SIM4
1
21
22
SIM5
SIM1
SIM2
SIM3
SIM4
1
21
22
SIM5
SIM1
SIM2
SIM3
SIM4
1
21
22
SIM5
SIM1
SIM2
SIM3
SIM4
1
21
22
SIM5
SIM1
SIM2
SIM3
SIM4
1
21
22
SIM5
SIM1
SIM2
SIM3
SIM4
1
21
22
SIM5
SIM1
SIM2
SIM3
SIM4
1
21
22
SIM5
SIM1
SIM2
SIM3
SIM4
1
21
22
SIM5
SIM1
SIM2
SIM3
SIM4
1
21
22
SIM5
SIM1
SIM2
SIM3
SIM4
1
21
22
SIM5
SIM1
SIM2
SIM3
SIM4
1
21
22
SIM5
SIM1
SIM2
SIM3
SIM4
1
21
22
SIM5
SIM1
SIM2
SIM3
SIM4
1
21
22
SIM5
SIM1
SIM2
SIM3
SIM4
1
21
22
SIM5
SIM1
SIM2
SIM3
SIM4
1
21
22
SIM5
SIM1
SIM2
SIM3
SIM4
1
21
22
SIM5
SIM1
SIM2
SIM3
SIM4
1
21
22
SIM5
SIM1
SIM2
SIM3
SIM4
1
21
22
SIM5
SIM1
SIM2
SIM3
SIM4
1
21
22
SIM5
SIM1
SIM2
SIM3
SIM4
1
21
22
SIM5
SIM1
SIM2
SIM3
SIM4
1
21
22
SIM5
SIM1
SIM2
SIM3
SIM4
1
21
22
SIM5
SIM1
SIM2
SIM3
SIM4
1
21
22
SIM5
SIM1
SIM2
SIM3
SIM4
1
21
22
SIM5
SIM1
SIM2
SIM3
SIM4
1
21
22
SIM5
SIM1
SIM2
SIM3
SIM4
1
21
22
SIM5
SIM1
SIM2
SIM3
SIM4
1
21
22
SIM5
SIM1
SIM2
SIM3
SIM4
1
21
22
SIM5
SIM1
SIM2
SIM3
SIM4
1
21
22
SIM5
SIM1
SIM2
SIM3
SIM4
1
21
22
SIM5
SIM1
SIM2
SIM3
SIM4
1
21
22
SIM5
SIM1
SIM2
SIM3
SIM4
1
21
22
SIM5
SIM1
SIM2
SIM3
SIM4
1
21
22
SIM5
SIM1
SIM2
SIM3
SIM4
1
21
22
SIM5
SIM1
SIM2
SIM3
SIM4
1
21
22
SIM5
SIM1
SIM2
SIM3
SIM4
1
21
22
SIM5
SIM1
SIM2
SIM3
SIM4
1
21
22
SIM5
SIM1
SIM2
SIM3
SIM4
1
21
22
SIM5
SIM1
SIM2
SIM3
SIM4
1
21
22
SIM5
SIM1
SIM2
SIM3
SIM4
1
21
22
SIM5
SIM1
SIM2
SIM3
SIM4
1
21
22
SIM5
SIM1
SIM2
SIM3
SIM4
1
21
22
SIM5
SIM1
SIM2
SIM3
SIM4
1
21
22
SIM5
SIM1
SIM2
SIM3
SIM4
1
21
22
SIM5
SIM1
SIM2
SIM3
SIM4
1
21
22
SIM5
SIM1
SIM2
SIM3
SIM4
1
21
22
SIM5
SIM1
SIM2
SIM3
SIM4
1
21
22
SIM5
SIM1
SIM2
SIM3
SIM4
1
21
22
SIM5
SIM1
SIM2
SIM3
SIM4
1
21
22
SIM5
SIM1
SIM2
SIM3
SIM4
1
21
22
SIM5
SIM1
SIM2
SIM3
SIM4
1
21
22
SIM5
SIM1
SIM2
SIM3
SIM4
1
21
22
SIM5
SIM1
SIM2
SIM3
SIM4
1
21
22
SIM5
SIM1
SIM2
SIM3
SIM4
1
21
22
SIM5
SIM1
SIM2
SIM3
SIM4
1
21
22
SIM5
SIM1
SIM2
SIM3
SIM4
1
21
22
SIM5
SIM1
SIM2
SIM3
SIM4
1
21
22
SIM5
SIM1
SIM2
SIM3
SIM4
1
21
22
SIM5
SIM1
SIM2
SIM3
SIM4
1
21
22
SIM5
SIM1
SIM2
SIM3
SIM4
1
21
22
SIM5
SIM1
SIM2
SIM3
SIM4
1
21
22
SIM5
SIM1
SIM2
SIM3
SIM4
1
21
22
SIM5
SIM1
SIM2
SIM3
SIM4
1
21
22
SIM5
SIM1
SIM2
SIM3
SIM4
1
21
22
SIM5
SIM1
SIM2
SIM3
SIM4
1
21
22
SIM5
SIM1
SIM2
SIM3
SIM4
1
21
22
SIM5
SIM1
SIM2
SIM3
SIM4
1
21
22
SIM5
SIM1
SIM2
SIM3
SIM4
1
21
22
SIM5
SIM1
SIM2
SIM3
SIM4
1
21
22
SIM5
SIM1
SIM2
SIM3
SIM4
1
21
22
SIM5
SIM1
SIM2
SIM3
SIM4
1
21
22
SIM5
SIM1
SIM2
SIM3
SIM4
1
21
22
SIM5
SIM1
SIM2
SIM3
SIM4
1
21
22
SIM5
SIM1
SIM2
SIM3
SIM4
1
21
22
SIM5
SIM1
SIM2
SIM3
SIM4
1
21
22
SIM5
SIM1
SIM2
SIM3
SIM4
1
21
22
SIM5
SIM1
SIM2
SIM3
SIM4
1
21
22
SIM5
SIM1
SIM2
SIM3
SIM4
1
21
22
SIM5
SIM1
SIM2
SIM3
SIM4
1
21
22
SIM5
SIM1
SIM2
SIM3
SIM4
1
21
22
SIM5
SIM1
SIM2
SIM3
SIM4
1
21
22
SIM5
SIM1
SIM2
SIM3
SIM4
1
21
22
SIM5
SIM1
SIM2
SIM3
SIM4
1
21
22
SIM5
SIM1
SIM2
SIM3
SIM4
1
21
22
SIM5
SIM1
SIM2
SIM3
SIM4
1
21
22
SIM5
SIM1
SIM2
SIM3
SIM4
1
21
22
SIM5
SIM1
SIM2
SIM3
SIM4
1
21
22
SIM5
SIM1
SIM2
SIM3
SIM4
1
21
22
SIM5
SIM1
SIM2
SIM3
SIM4
1
21
22
SIM5
SIM1
SIM2
SIM3
SIM4
1
21
22
SIM5
SIM1
SIM2
SIM3
SIM4
1
21
22
SIM5
SIM1
SIM2
SIM3
SIM4
1
21
22
SIM5
SIM1
SIM2
SIM3
SIM4
1
21
22
SIM5
SIM1
SIM2
SIM3
SIM4
1
21
22
SIM5
SIM1
SIM2
SIM3
SIM4
1
21
22
SIM5
SIM1
SIM2
SIM3
SIM4
1
21
22
SIM5
SIM1
SIM2
SIM3
SIM4
1
21
22
SIM5
SIM1
SIM2
SIM3
SIM4
1
21
22
SIM5
SIM1
SIM2
SIM3
SIM4
1
21
22
SIM5
SIM1
SIM2
SIM3
SIM4
1
21
22
SIM5
SIM1
SIM2
SIM3
SIM4
1
21
22
SIM5
SIM1
SIM2
SIM3
SIM4
1
21
22
SIM5
SIM1
SIM2
SIM3
SIM4
1
21
22
SIM5
SIM1
SIM2
SIM3
SIM4
1
21
22
SIM5
SIM1
SIM2
SIM3
SIM4
1
21
22
SIM5
SIM1
SIM2
SIM3
SIM4
1
21
22
SIM5
SIM1
SIM2
SIM3
SIM4
1
21
22
SIM5
SIM1
SIM2
SIM3
SIM4
1
21
22
SIM5
SIM1
SIM2
SIM3
SIM4
1
21
22
SIM5
SIM1
SIM2
SIM3
SIM4
1
21
22
SIM5
SIM1
SIM2
SIM3
SIM4
1
21
22
SIM5
SIM1
SIM2
SIM3
SIM4
1
21
22
SIM5
SIM1
SIM2
SIM3
SIM4
1
21
22
SIM5
SIM1
SIM2
SIM3
SIM4
1
21
22
SIM5
SIM1
SIM2
SIM3
SIM4
1
21
22
SIM5
SIM1
SIM2
SIM3
SIM4
1
21
22
SIM5
SIM1
SIM2
SIM3
SIM4
1
21
22
SIM5
SIM1
SIM2
SIM3
SIM4
1
21
22
SIM5
SIM1
SIM2
DEBUG 1 899
SIM1
SIM2
SIM3
SIM4
1
21
22
SIM5
SIM1
SIM2
SIM3
SIM4
1
21
22
SIM5
SIM1
SIM2
SIM3
SIM4
1
21
22
SIM5
SIM1
SIM2
SIM3
SIM4
1
21
22
SIM5
SIM1
SIM2
SIM3
SIM4
1
21
22
SIM5
SIM1
SIM2
SIM3
SIM4
1
21
22
SIM5
SIM1
SIM2
SIM3
SIM4
1
21
22
SIM5
SIM1
SIM2
SIM3
SIM4
1
21
22
SIM5
SIM1
SIM2
SIM3
SIM4
1
21
22
SIM5
SIM1
SIM2
SIM3
SIM4
1
21
22
SIM5
SIM1
SIM2
SIM3
SIM4
1
21
22
SIM5
SIM1
SIM2
SIM3
SIM4
1
21
22
SIM5
SIM1
SIM2
SIM3
SIM4
1
21
22
SIM5
SIM1
SIM2
SIM3
SIM4
1
21
22
SIM5
SIM1
SIM2
SIM3
SIM4
1
21
22
SIM5
SIM1
SIM2
SIM3
SIM4
1
21
22
SIM5
SIM1
SIM2
SIM3
SIM4
1
21
22
SIM5
SIM1
SIM2
SIM3
SIM4
1
21
22
SIM5
SIM1
SIM2
SIM3
SIM4
1
21
22
SIM5
SIM1
SIM2
SIM3
SIM4
1
21
22
SIM5
SIM1
SIM2
SIM3
SIM4
1
21
22
SIM5
SIM1
SIM2
SIM3
SIM4
1
21
22
SIM5
SIM1
SIM2
SIM3
SIM4
1
21
22
SIM5
SIM1
SIM2
SIM3
SIM4
1
21
22
SIM5
SIM1
SIM2
SIM3
SIM4
1
21
22
SIM5
SIM1
SIM2
SIM3
SIM4
1
21
22
SIM5
SIM1
SIM2
SIM3
SIM4
1
21
22
SIM5
SIM1
SIM2
SIM3
SIM4
1
21
22
SIM5
SIM1
SIM2
SIM3
SIM4
1
21
22
SIM5
SIM1
SIM2
SIM3
SIM4
1
21
22
SIM5
SIM1
SIM2
SIM3
SIM4
1
21
22
SIM5
SIM1
SIM2
SIM3
SIM4
1
21
22
SIM5
SIM1
SIM2
SIM3
SIM4
1
21
22
SIM5
SIM1
SIM2
SIM3
SIM4
1
21
22
SIM5
SIM1
SIM2
SIM3
SIM4
1
21
22
SIM5
SIM1
SIM2
SIM3
SIM4
1
21
22
SIM5
SIM1
SIM2
SIM3
SIM4
1
21
22
SIM5
SIM1
SIM2
SIM3
SIM4
1
21
22
SIM5
SIM1
SIM2
SIM3
SIM4
1
21
22
SIM5
SIM1
SIM2
SIM3
SIM4
1
21
22
SIM5
SIM1
SIM2
SIM3
SIM4
1
21
22
SIM5
SIM1
SIM2
SIM3
SIM4
1
21
22
SIM5
SIM1
SIM2
SIM3
SIM4
1
21
22
SIM5
SIM1
SIM2
SIM3
SIM4
1
21
22
SIM5
SIM1
SIM2
SIM3
SIM4
1
21
22
SIM5
SIM1
SIM2
SIM3
SIM4
1
21
22
SIM5
SIM1
SIM2
SIM3
SIM4
1
21
22
SIM5
SIM1
SIM2
SIM3
SIM4
1
21
22
SIM5
SIM1
SIM2
SIM3
SIM4
1
21
22
SIM5
SIM1
SIM2
SIM3
SIM4
1
21
22
SIM5
SIM1
SIM2
SIM3
SIM4
1
21
22
SIM5
SIM1
SIM2
SIM3
SIM4
1
21
22
SIM5
SIM1
SIM2
SIM3
SIM4
1
21
22
SIM5
SIM1
SIM2
SIM3
SIM4
1
21
22
SIM5
SIM1
SIM2
SIM3
SIM4
1
21
22
SIM5
SIM1
SIM2
SIM3
SIM4
1
21
22
SIM5
SIM1
SIM2
SIM3
SIM4
1
21
22
SIM5
SIM1
SIM2
SIM3
SIM4
1
21
22
SIM5
SIM1
SIM2
SIM3
SIM4
1
21
22
SIM5
SIM1
SIM2
SIM3
SIM4
1
21
22
SIM5
SIM1
SIM2
SIM3
SIM4
1
21
22
SIM5
SIM1
SIM2
SIM3
SIM4
1
21
22
SIM5
SIM1
SIM2
SIM3
SIM4
1
21
22
SIM5
SIM1
SIM2
SIM3
SIM4
1
21
22
SIM5
SIM1
SIM2
SIM3
SIM4
1
21
22
SIM5
SIM1
SIM2
SIM3
SIM4
1
21
22
SIM5
SIM1
SIM2
SIM3
SIM4
1
21
22
SIM5
SIM1
SIM2
SIM3
SIM4
1
21
22
SIM5
SIM1
SIM2
SIM3
SIM4
1
21
22
SIM5
SIM1
SIM2
SIM3
SIM4
1
21
22
SIM5
SIM1
SIM2
SIM3
SIM4
1
21
22
SIM5
SIM1
SIM2
SIM3
SIM4
1
21
22
SIM5
SIM1
SIM2
SIM3
SIM4
1
21
22
SIM5
SIM1
SIM2
SIM3
SIM4
1
21
22
SIM5
SIM1
SIM2
SIM3
SIM4
1
21
22
SIM5
SIM1
SIM2
SIM3
SIM4
1
21
22
SIM5
SIM1
SIM2
SIM3
SIM4
1
21
22
SIM5
SIM1
SIM2
SIM3
SIM4
1
21
22
SIM5
SIM1
SIM2
SIM3
SIM4
1
21
22
SIM5
SIM1
SIM2
SIM3
SIM4
1
21
22
SIM5
SIM1
SIM2
SIM3
SIM4
1
21
22
SIM5
SIM1
SIM2
SIM3
SIM4
1
21
22
SIM5
SIM1
SIM2
SIM3
SIM4
1
21
22
SIM5
SIM1
SIM2
SIM3
SIM4
1
21
22
SIM5
SIM1
SIM2
SIM3
SIM4
1
21
22
SIM5
SIM1
SIM2
SIM3
SIM4
1
21
22
SIM5
SIM1
SIM2
SIM3
SIM4
1
21
22
SIM5
SIM1
SIM2
SIM3
SIM4
1
21
22
SIM5
SIM1
SIM2
SIM3
SIM4
1
21
22
SIM5
SIM1
SIM2
SIM3
SIM4
1
21
22
SIM5
SIM1
SIM2
SIM3
SIM4
1
21
22
SIM5
SIM1
SIM2
SIM3
SIM4
1
21
22
SIM5
SIM1
SIM2
SIM3
SIM4
1
21
22
SIM5
SIM1
SIM2
SIM3
SIM4
1
21
22
SIM5
SIM1
SIM2
SIM3
SIM4
1
21
22
SIM5
SIM1
SIM2
SIM3
SIM4
1
21
22
SIM5
SIM1
SIM2
SIM3
SIM4
1
21
22
SIM5
SIM1
SIM2
SIM3
SIM4
1
21
22
SIM5
SIM1
SIM2
SIM3
SIM4
1
21
22
SIM5
SIM1
SIM2
SIM3
SIM4
1
21
22
SIM5
SIM1
SIM2
SIM3
SIM4
1
21
22
SIM5
SIM1
SIM2
SIM3
SIM4
1
21
22
SIM5
SIM1
SIM2
SIM3
SIM4
1
21
22
SIM5
SIM1
SIM2
SIM3
SIM4
1
21
22
SIM5
SIM1
SIM2
SIM3
SIM4
1
21
22
SIM5
SIM1
SIM2
SIM3
SIM4
1
21
22
SIM5
SIM1
SIM2
SIM3
SIM4
1
21
22
SIM5
SIM1
SIM2
SIM3
SIM4
1
21
22
SIM5
SIM1
SIM2
SIM3
SIM4
1
21
22
SIM5
SIM1
SIM2
SIM3
SIM4
1
21
22
SIM5
SIM1
SIM2
SIM3
SIM4
1
21
22
SIM5
SIM1
SIM2
SIM3
SIM4
1
21
22
SIM5
SIM1
SIM2
SIM3
SIM4
1
21
22
SIM5
SIM1
SIM2
SIM3
SIM4
1
21
22
SIM5
SIM1
SIM2
SIM3
SIM4
1
21
22
SIM5
SIM1
SIM2
SIM3
SIM4
1
21
22
SIM5
SIM1
SIM2
SIM3
SIM4
1
21
22
SIM5
SIM1
SIM2
SIM3
SIM4
1
21
22
SIM5
SIM1
SIM2
SIM3
SIM4
1
21
22
SIM5
SIM1
SIM2
SIM3
SIM4
1
21
22
SIM5
SIM1
SIM2
SIM3
SIM4
1
21
22
SIM5
SIM1
SIM2
SIM3
SIM4
1
21
22
SIM5
SIM1
SIM2
SIM3
SIM4
1
21
22
SIM5
SIM1
SIM2
SIM3
SIM4
1
21
22
SIM5
SIM1
SIM2
SIM3
SIM4
1
21
22
SIM5
SIM1
SIM2
SIM3
SIM4
1
21
22
SIM5
SIM1
SIM2
SIM3
SIM4
1
21
22
SIM5
SIM1
SIM2
SIM3
SIM4
1
21
22
SIM5
SIM1
SIM2
SIM3
SIM4
1
21
22
SIM5
SIM1
SIM2
SIM3
SIM4
1
21
22
SIM5
SIM1
SIM2
SIM3
SIM4
1
21
22
SIM5
SIM1
SIM2
SIM3
SIM4
1
21
22
SIM5
SIM1
SIM2
DEBUG 1 900
SIM1
SIM2
SIM3
SIM4
1
21
22
SIM5
SIM1
SIM2
SIM3
SIM4
1
21
22
SIM5
SIM1
SIM2
SIM3
SIM4
1
21
22
SIM5
SIM1
SIM2
SIM3
SIM4
1
21
22
SIM5
SIM1
SIM2
SIM3
SIM4
1
21
22
SIM5
SIM1
SIM2
SIM3
SIM4
1
21
22
SIM5
SIM1
SIM2
SIM3
SIM4
1
21
22
SIM5
SIM1
SIM2
SIM3
SIM4
1
21
22
SIM5
SIM1
SIM2
SIM3
SIM4
1
21
22
SIM5
SIM1
SIM2
SIM3
SIM4
1
21
22
SIM5
SIM1
SIM2
SIM3
SIM4
1
21
22
SIM5
SIM1
SIM2
SIM3
SIM4
1
21
22
SIM5
SIM1
SIM2
SIM3
SIM4
1
21
22
SIM5
SIM1
SIM2
SIM3
SIM4
1
21
22
SIM5
SIM1
SIM2
SIM3
SIM4
1
21
22
SIM5
SIM1
SIM2
SIM3
SIM4
1
21
22
SIM5
SIM1
SIM2
SIM3
SIM4
1
21
22
SIM5
SIM1
SIM2
SIM3
SIM4
1
21
22
SIM5
SIM1
SIM2
SIM3
SIM4
1
21
22
SIM5
SIM1
SIM2
SIM3
SIM4
1
21
22
SIM5
SIM1
SIM2
SIM3
SIM4
1
21
22
SIM5
SIM1
SIM2
SIM3
SIM4
1
21
22
SIM5
SIM1
SIM2
SIM3
SIM4
1
21
22
SIM5
SIM1
SIM2
SIM3
SIM4
1
21
22
SIM5
SIM1
SIM2
DEBUG 1 901
SIM1
SIM2
SIM3
SIM4
1
21
22
SIM5
SIM1
SIM2
SIM3
SIM4
1
21
22
SIM5
SIM1
SIM2
SIM3
SIM4
1
21
22
SIM5
SIM1
SIM2
SIM3
SIM4
1
21
22
SIM5
SIM1
SIM2
SIM3
SIM4
1
21
22
SIM5
SIM1
SIM2
SIM3
SIM4
1
21
22
SIM5
SIM1
SIM2
SIM3
SIM4
1
21
22
SIM5
SIM1
SIM2
SIM3
SIM4
1
21
22
SIM5
SIM1
SIM2
SIM3
SIM4
1
21
22
SIM5
SIM1
SIM2
SIM3
SIM4
1
21
22
SIM5
SIM1
SIM2
SIM3
SIM4
1
21
22
SIM5
SIM1
SIM2
SIM3
SIM4
1
21
22
SIM5
SIM1
SIM2
SIM3
SIM4
1
21
22
SIM5
SIM1
SIM2
SIM3
SIM4
1
21
22
SIM5
SIM1
SIM2
SIM3
SIM4
1
21
22
SIM5
SIM1
SIM2
SIM3
SIM4
1
21
22
SIM5
SIM1
SIM2
SIM3
SIM4
1
21
22
SIM5
SIM1
SIM2
SIM3
SIM4
1
21
22
SIM5
SIM1
SIM2
SIM3
SIM4
1
21
22
SIM5
SIM1
SIM2
SIM3
SIM4
1
21
22
SIM5
SIM1
SIM2
SIM3
SIM4
1
21
22
SIM5
SIM1
SIM2
SIM3
SIM4
1
21
22
SIM5
SIM1
SIM2
SIM3
SIM4
1
21
22
SIM5
SIM1
SIM2
SIM3
SIM4
1
21
22
SIM5
SIM1
SIM2
SIM3
SIM4
1
21
22
SIM5
SIM1
SIM2
SIM3
SIM4
1
21
22
SIM5
SIM1
SIM2
SIM3
SIM4
1
21
22
SIM5
SIM1
SIM2
SIM3
SIM4
1
21
22
SIM5
SIM1
SIM2
SIM3
SIM4
1
21
22
SIM5
SIM1
SIM2
SIM3
SIM4
1
21
22
SIM5
SIM1
SIM2
SIM3
SIM4
1
21
22
SIM5
SIM1
SIM2
SIM3
SIM4
1
21
22
SIM5
SIM1
SIM2
SIM3
SIM4
1
21
22
SIM5
SIM1
SIM2
SIM3
SIM4
1
21
22
SIM5
SIM1
SIM2
SIM3
SIM4
1
21
22
SIM5
SIM1
SIM2
SIM3
SIM4
1
21
22
SIM5
SIM1
SIM2
SIM3
SIM4
1
21
22
SIM5
SIM1
SIM2
SIM3
SIM4
1
21
22
SIM5
SIM1
SIM2
SIM3
SIM4
1
21
22
SIM5
SIM1
SIM2
SIM3
SIM4
1
21
22
SIM5
SIM1
SIM2
SIM3
SIM4
1
21
22
SIM5
SIM1
SIM2
SIM3
SIM4
1
21
22
SIM5
SIM1
SIM2
SIM3
SIM4
1
21
22
SIM5
SIM1
SIM2
SIM3
SIM4
1
21
22
SIM5
SIM1
SIM2
SIM3
SIM4
1
21
22
SIM5
SIM1
SIM2
SIM3
SIM4
1
21
22
SIM5
SIM1
SIM2
SIM3
SIM4
1
21
22
SIM5
SIM1
SIM2
SIM3
SIM4
1
21
22
SIM5
SIM1
SIM2
SIM3
SIM4
1
21
22
SIM5
SIM1
SIM2
SIM3
SIM4
1
21
22
SIM5
SIM1
SIM2
SIM3
SIM4
1
21
22
SIM5
SIM1
SIM2
SIM3
SIM4
1
21
22
SIM5
SIM1
SIM2
SIM3
SIM4
1
21
22
SIM5
SIM1
SIM2
SIM3
SIM4
1
21
22
SIM5
SIM1
SIM2
SIM3
SIM4
1
21
22
SIM5
SIM1
SIM2
SIM3
SIM4
1
21
22
SIM5
SIM1
SIM2
SIM3
SIM4
1
21
22
SIM5
SIM1
SIM2
SIM3
SIM4
1
21
22
SIM5
SIM1
SIM2
SIM3
SIM4
1
21
22
SIM5
SIM1
SIM2
SIM3
SIM4
1
21
22
SIM5
SIM1
SIM2
SIM3
SIM4
1
21
22
SIM5
SIM1
SIM2
SIM3
SIM4
1
21
22
SIM5
SIM1
SIM2
SIM3
SIM4
1
21
22
SIM5
SIM1
SIM2
SIM3
SIM4
1
21
22
SIM5
SIM1
SIM2
SIM3
SIM4
1
21
22
SIM5
SIM1
SIM2
SIM3
SIM4
1
21
22
SIM5
SIM1
SIM2
SIM3
SIM4
1
21
22
SIM5
SIM1
SIM2
SIM3
SIM4
1
21
22
SIM5
SIM1
SIM2
SIM3
SIM4
1
21
22
SIM5
SIM1
SIM2
SIM3
SIM4
1
21
22
SIM5
SIM1
SIM2
SIM3
SIM4
1
21
22
SIM5
SIM1
SIM2
SIM3
SIM4
1
21
22
SIM5
SIM1
SIM2
SIM3
SIM4
1
21
22
SIM5
SIM1
SIM2
SIM3
SIM4
1
21
22
SIM5
SIM1
SIM2
SIM3
SIM4
1
21
22
SIM5
SIM1
SIM2
SIM3
SIM4
1
21
22
SIM5
SIM1
SIM2
SIM3
SIM4
1
21
22
SIM5
SIM1
SIM2
SIM3
SIM4
1
21
22
SIM5
SIM1
SIM2
SIM3
SIM4
1
21
22
SIM5
SIM1
SIM2
SIM3
SIM4
1
21
22
SIM5
SIM1
SIM2
SIM3
SIM4
1
21
22
SIM5
SIM1
SIM2
SIM3
SIM4
1
21
22
SIM5
SIM1
SIM2
SIM3
SIM4
1
21
22
SIM5
SIM1
SIM2
SIM3
SIM4
1
21
22
SIM5
SIM1
SIM2
SIM3
SIM4
1
21
22
SIM5
SIM1
SIM2
SIM3
SIM4
1
21
22
SIM5
SIM1
SIM2
SIM3
SIM4
1
21
22
SIM5
SIM1
SIM2
SIM3
SIM4
1
21
22
SIM5
SIM1
SIM2
SIM3
SIM4
1
21
22
SIM5
SIM1
SIM2
SIM3
SIM4
1
21
22
SIM5
SIM1
SIM2
SIM3
SIM4
1
21
22
SIM5
SIM1
SIM2
SIM3
SIM4
1
21
22
SIM5
SIM1
SIM2
SIM3
SIM4
1
21
22
SIM5
SIM1
SIM2
SIM3
SIM4
1
21
22
SIM5
SIM1
SIM2
SIM3
SIM4
1
21
22
SIM5
SIM1
SIM2
SIM3
SIM4
1
21
22
SIM5
SIM1
SIM2
SIM3
SIM4
1
21
22
SIM5
SIM1
SIM2
SIM3
SIM4
1
21
22
SIM5
SIM1
SIM2
SIM3
SIM4
1
21
22
SIM5
SIM1
SIM2
SIM3
SIM4
1
21
22
SIM5
SIM1
SIM2
SIM3
SIM4
1
21
22
SIM5
SIM1
SIM2
SIM3
SIM4
1
21
22
SIM5
SIM1
SIM2
SIM3
SIM4
1
21
22
SIM5
SIM1
SIM2
SIM3
SIM4
1
21
22
SIM5
SIM1
SIM2
SIM3
SIM4
1
21
22
SIM5
SIM1
SIM2
SIM3
SIM4
1
21
22
SIM5
SIM1
SIM2
SIM3
SIM4
1
21
22
SIM5
SIM1
SIM2
SIM3
SIM4
1
21
22
SIM5
SIM1
SIM2
SIM3
SIM4
1
21
22
SIM5
SIM1
SIM2
SIM3
SIM4
1
21
22
SIM5
SIM1
SIM2
SIM3
SIM4
1
21
22
SIM5
SIM1
SIM2
SIM3
SIM4
1
21
22
SIM5
SIM1
SIM2
SIM3
SIM4
1
21
22
SIM5
SIM1
SIM2
SIM3
SIM4
1
21
22
SIM5
SIM1
SIM2
SIM3
SIM4
1
21
22
SIM5
SIM1
SIM2
SIM3
SIM4
1
21
22
SIM5
SIM1
SIM2
SIM3
SIM4
1
21
22
SIM5
SIM1
SIM2
SIM3
SIM4
1
21
22
SIM5
SIM1
SIM2
SIM3
SIM4
1
21
22
SIM5
SIM1
SIM2
SIM3
SIM4
1
21
22
SIM5
SIM1
SIM2
SIM3
SIM4
1
21
22
SIM5
SIM1
SIM2
SIM3
SIM4
1
21
22
SIM5
SIM1
SIM2
SIM3
SIM4
1
21
22
SIM5
SIM1
SIM2
SIM3
SIM4
1
21
22
SIM5
SIM1
SIM2
SIM3
SIM4
1
21
22
SIM5
SIM1
SIM2
SIM3
SIM4
1
21
22
SIM5
SIM1
SIM2
SIM3
SIM4
1
21
22
SIM5
SIM1
SIM2
SIM3
SIM4
1
21
22
SIM5
SIM1
SIM2
SIM3
SIM4
1
21
22
SIM5
SIM1
SIM2
SIM3
SIM4
1
21
22
SIM5
SIM1
SIM2
SIM3
SIM4
1
21
22
SIM5
SIM1
SIM2
SIM3
SIM4
1
21
22
SIM5
SIM1
SIM2
SIM3
SIM4
1
21
22
SIM5
SIM1
SIM2
SIM3
SIM4
1
21
22
SIM5
SIM1
SIM2
SIM3
SIM4
1
21
22
SIM5
SIM1
SIM2
SIM3
SIM4
1
21
22
SIM5
SIM1
SIM2
SIM3
SIM4
1
21
22
SIM5
SIM1
SIM2
SIM3
SIM4
1
21
22
SIM5
SIM1
SIM2
SIM3
SIM4
1
21
22
SIM5
SIM1
SIM2
SIM3
SIM4
1
21
22
SIM5
SIM1
SIM2
SIM3
SIM4
1
21
22
SIM5
SIM1
SIM2
SIM3
SIM4
1
21
22
SIM5
SIM1
SIM2
SIM3
SIM4
1
21
22
SIM5
SIM1
SIM2
SIM3
SIM4
1
21
22
SIM5
SIM1
SIM2
SIM3
SIM4
1
21
22
SIM5
SIM1
SIM2
SIM3
SIM4
1
21
22
SIM5
SIM1
SIM2
SIM3
SIM4
1
21
22
SIM5
SIM1
SIM2
SIM3
SIM4
1
21
22
SIM5
SIM1
SIM2
SIM3
SIM4
1
21
22
SIM5
SIM1
SIM2
SIM3
SIM4
1
21
22
SIM5
SIM1
SIM2
SIM3
SIM4
1
21
22
SIM5
SIM1
SIM2
SIM3
SIM4
1
21
22
SIM5
SIM1
SIM2
SIM3
SIM4
1
21
22
SIM5
SIM1
SIM2
SIM3
SIM4
1
21
22
SIM5
SIM1
SIM2
SIM3
SIM4
1
21
22
SIM5
SIM1
SIM2
SIM3
SIM4
1
21
22
SIM5
SIM1
SIM2
SIM3
SIM4
1
21
22
SIM5
SIM1
SIM2
SIM3
SIM4
1
21
22
SIM5
SIM1
SIM2
SIM3
SIM4
1
21
22
SIM5
SIM1
SIM2
SIM3
SIM4
1
21
22
SIM5
SIM1
SIM2
SIM3
SIM4
1
21
22
SIM5
SIM1
SIM2
SIM3
SIM4
1
21
22
SIM5
SIM1
SIM2
SIM3
SIM4
1
21
22
SIM5
SIM1
SIM2
SIM3
SIM4
1
21
22
SIM5
SIM1
SIM2
SIM3
SIM4
1
21
22
SIM5
SIM1
SIM2
SIM3
SIM4
1
21
22
SIM5
SIM1
SIM2
SIM3
SIM4
1
21
22
SIM5
SIM1
SIM2
SIM3
SIM4
1
21
22
SIM5
SIM1
SIM2
SIM3
SIM4
1
21
22
SIM5
SIM1
SIM2
SIM3
SIM4
1
21
22
SIM5
SIM1
SIM2
SIM3
SIM4
1
21
22
SIM5
SIM1
SIM2
SIM3
SIM4
1
21
22
SIM5
SIM1
SIM2
SIM3
SIM4
1
21
22
SIM5
SIM1
SIM2
SIM3
SIM4
1
21
22
SIM5
SIM1
SIM2
SIM3
SIM4
1
21
22
SIM5
SIM1
SIM2
SIM3
SIM4
1
21
22
SIM5
SIM1
SIM2
SIM3
SIM4
1
21
22
SIM5
SIM1
SIM2
SIM3
SIM4
1
21
22
SIM5
SIM1
SIM2
SIM3
SIM4
1
21
22
SIM5
SIM1
SIM2
SIM3
SIM4
1
21
22
SIM5
SIM1
SIM2
SIM3
SIM4
1
21
22
SIM5
SIM1
SIM2
SIM3
SIM4
1
21
22
SIM5
SIM1
SIM2
SIM3
SIM4
1
21
22
SIM5
SIM1
SIM2
SIM3
SIM4
1
21
22
SIM5
SIM1
SIM2
SIM3
SIM4
1
21
22
SIM5
SIM1
SIM2
SIM3
SIM4
1
21
22
SIM5
SIM1
SIM2
SIM3
SIM4
1
21
22
SIM5
SIM1
SIM2
SIM3
SIM4
1
21
22
SIM5
SIM1
SIM2
SIM3
SIM4
1
21
22
SIM5
SIM1
SIM2
SIM3
SIM4
1
21
22
SIM5
SIM1
SIM2
SIM3
SIM4
1
21
22
SIM5
SIM1
SIM2
SIM3
SIM4
1
21
22
SIM5
SIM1
SIM2
SIM3
SIM4
1
21
22
SIM5
SIM1
SIM2
SIM3
SIM4
1
21
22
SIM5
SIM1
SIM2
SIM3
SIM4
1
21
22
SIM5
SIM1
SIM2
SIM3
SIM4
1
21
22
SIM5
SIM1
SIM2
SIM3
SIM4
1
21
22
SIM5
SIM1
SIM2
SIM3
SIM4
1
21
22
SIM5
SIM1
SIM2
SIM3
SIM4
1
21
22
SIM5
SIM1
SIM2
SIM3
SIM4
1
21
22
SIM5
SIM1
SIM2
SIM3
SIM4
1
21
22
SIM5
SIM1
SIM2
SIM3
SIM4
1
21
22
SIM5
SIM1
SIM2
SIM3
SIM4
1
21
22
SIM5
SIM1
SIM2
SIM3
SIM4
1
21
22
SIM5
SIM1
SIM2
SIM3
SIM4
1
21
22
SIM5
SIM1
SIM2
SIM3
SIM4
1
21
22
SIM5
SIM1
SIM2
SIM3
SIM4
1
21
22
SIM5
SIM1
SIM2
SIM3
SIM4
1
21
22
SIM5
SIM1
SIM2
SIM3
SIM4
1
21
22
SIM5
SIM1
SIM2
SIM3
SIM4
1
21
22
SIM5
SIM1
SIM2
SIM3
SIM4
1
21
22
SIM5
SIM1
SIM2
SIM3
SIM4
1
21
22
SIM5
SIM1
SIM2
SIM3
SIM4
1
21
22
SIM5
SIM1
SIM2
SIM3
SIM4
1
21
22
SIM5
SIM1
SIM2
SIM3
SIM4
1
21
22
SIM5
SIM1
SIM2
SIM3
SIM4
1
21
22
SIM5
SIM1
SIM2
SIM3
SIM4
1
21
22
SIM5
SIM1
SIM2
SIM3
SIM4
1
21
22
SIM5
SIM1
SIM2
SIM3
SIM4
1
21
22
SIM5
SIM1
SIM2
SIM3
SIM4
1
21
22
SIM5
SIM1
SIM2
SIM3
SIM4
1
21
22
SIM5
SIM1
SIM2
SIM3
SIM4
1
21
22
SIM5
SIM1
SIM2
SIM3
SIM4
1
21
22
SIM5
SIM1
SIM2
SIM3
SIM4
1
21
22
SIM5
SIM1
SIM2
SIM3
SIM4
1
21
22
SIM5
SIM1
SIM2
SIM3
SIM4
1
21
22
SIM5
SIM1
SIM2
SIM3
SIM4
1
21
22
SIM5
SIM1
SIM2
SIM3
SIM4
1
21
22
SIM5
SIM1
SIM2
SIM3
SIM4
1
21
22
SIM5
SIM1
SIM2
SIM3
SIM4
1
21
22
SIM5
SIM1
SIM2
SIM3
SIM4
1
21
22
SIM5
SIM1
SIM2
SIM3
SIM4
1
21
22
SIM5
SIM1
SIM2
SIM3
SIM4
1
21
22
SIM5
SIM1
SIM2
SIM3
SIM4
1
21
22
SIM5
SIM1
SIM2
SIM3
SIM4
1
21
22
SIM5
SIM1
SIM2
SIM3
SIM4
1
21
22
SIM5
SIM1
SIM2
SIM3
SIM4
1
21
22
SIM5
SIM1
SIM2
SIM3
SIM4
1
21
22
SIM5
SIM1
SIM2
SIM3
SIM4
1
21
22
SIM5
SIM1
SIM2
SIM3
SIM4
1
21
22
SIM5
SIM1
SIM2
SIM3
SIM4
1
21
22
SIM5
SIM1
SIM2
SIM3
SIM4
1
21
22
SIM5
SIM1
SIM2
SIM3
SIM4
1
21
22
SIM5
SIM1
SIM2
SIM3
SIM4
1
21
22
SIM5
SIM1
SIM2
SIM3
SIM4
1
21
22
SIM5
SIM1
SIM2
SIM3
SIM4
1
21
22
SIM5
SIM1
SIM2
SIM3
SIM4
1
21
22
SIM5
SIM1
SIM2
SIM3
SIM4
1
21
22
SIM5
SIM1
SIM2
SIM3
SIM4
1
21
22
SIM5
SIM1
SIM2
SIM3
SIM4
1
21
22
SIM5
SIM1
SIM2
SIM3
SIM4
1
21
22
SIM5
SIM1
SIM2
SIM3
SIM4
1
21
22
SIM5
SIM1
SIM2
SIM3
SIM4
1
21
22
SIM5
SIM1
SIM2
SIM3
SIM4
1
21
22
SIM5
SIM1
SIM2
SIM3
SIM4
1
21
22
SIM5
SIM1
SIM2
SIM3
SIM4
1
21
22
SIM5
SIM1
SIM2
SIM3
SIM4
1
21
22
SIM5
SIM1
SIM2
SIM3
SIM4
1
21
22
SIM5
SIM1
SIM2
SIM3
SIM4
1
21
22
SIM5
SIM1
SIM2
SIM3
SIM4
1
21
22
SIM5
SIM1
SIM2
SIM3
SIM4
1
21
22
SIM5
SIM1
SIM2
SIM3
SIM4
1
21
22
SIM5
SIM1
SIM2
SIM3
SIM4
1
21
22
SIM5
SIM1
SIM2
SIM3
SIM4
1
21
22
SIM5
SIM1
SIM2
SIM3
SIM4
1
21
22
SIM5
SIM1
SIM2
SIM3
SIM4
1
21
22
SIM5
SIM1
SIM2
SIM3
SIM4
1
21
22
SIM5
SIM1
SIM2
SIM3
SIM4
1
21
22
SIM5
SIM1
SIM2
SIM3
SIM4
1
21
22
SIM5
SIM1
SIM2
SIM3
SIM4
1
21
22
SIM5
SIM1
SIM2
SIM3
SIM4
1
21
22
SIM5
SIM1
SIM2
SIM3
SIM4
1
21
22
SIM5
SIM1
SIM2
SIM3
SIM4
1
21
22
SIM5
SIM1
SIM2
SIM3
SIM4
1
21
22
SIM5
SIM1
SIM2
SIM3
SIM4
1
21
22
SIM5
SIM1
SIM2
SIM3
SIM4
1
21
22
SIM5
SIM1
SIM2
SIM3
SIM4
1
21
22
SIM5
SIM1
SIM2
SIM3
SIM4
1
21
22
SIM5
SIM1
SIM2
SIM3
SIM4
1
21
22
SIM5
SIM1
SIM2
SIM3
SIM4
1
21
22
SIM5
SIM1
SIM2
SIM3
SIM4
1
21
22
SIM5
SIM1
SIM2
SIM3
SIM4
1
21
22
SIM5
SIM1
SIM2
SIM3
SIM4
1
21
22
SIM5
SIM1
SIM2
SIM3
SIM4
1
21
22
SIM5
SIM1
SIM2
SIM3
SIM4
1
21
22
SIM5
SIM1
SIM2
SIM3
SIM4
1
21
22
SIM5
SIM1
SIM2
SIM3
SIM4
1
21
22
SIM5
SIM1
SIM2
SIM3
SIM4
1
21
22
SIM5
SIM1
SIM2
SIM3
SIM4
1
21
22
SIM5
SIM1
SIM2
SIM3
SIM4
1
21
22
SIM5
SIM1
SIM2
SIM3
SIM4
1
21
22
SIM5
SIM1
SIM2
DEBUG 1 902
SIM1
SIM2
SIM3
SIM4
1
21
22
SIM5
SIM1
SIM2
SIM3
SIM4
1
21
22
SIM5
SIM1
SIM2
SIM3
SIM4
1
21
22
SIM5
SIM1
SIM2
SIM3
SIM4
1
21
22
SIM5
SIM1
SIM2
SIM3
SIM4
1
21
22
SIM5
SIM1
SIM2
SIM3
SIM4
1
21
22
SIM5
SIM1
SIM2
SIM3
SIM4
1
21
22
SIM5
SIM1
SIM2
SIM3
SIM4
1
21
22
SIM5
SIM1
SIM2
SIM3
SIM4
1
21
22
SIM5
SIM1
SIM2
SIM3
SIM4
1
21
22
SIM5
SIM1
SIM2
SIM3
SIM4
1
21
22
SIM5
SIM1
SIM2
SIM3
SIM4
1
21
22
SIM5
SIM1
SIM2
SIM3
SIM4
1
21
22
SIM5
SIM1
SIM2
SIM3
SIM4
1
21
22
SIM5
SIM1
SIM2
SIM3
SIM4
1
21
22
SIM5
SIM1
SIM2
SIM3
SIM4
1
21
22
SIM5
SIM1
SIM2
SIM3
SIM4
1
21
22
SIM5
SIM1
SIM2
SIM3
SIM4
1
21
22
SIM5
SIM1
SIM2
SIM3
SIM4
1
21
22
SIM5
SIM1
SIM2
SIM3
SIM4
1
21
22
SIM5
SIM1
SIM2
SIM3
SIM4
1
21
22
SIM5
SIM1
SIM2
SIM3
SIM4
1
21
22
SIM5
SIM1
SIM2
SIM3
SIM4
1
21
22
SIM5
SIM1
SIM2
SIM3
SIM4
1
21
22
SIM5
SIM1
SIM2
SIM3
SIM4
1
21
22
SIM5
SIM1
SIM2
SIM3
SIM4
1
21
22
SIM5
SIM1
SIM2
SIM3
SIM4
1
21
22
SIM5
SIM1
SIM2
SIM3
SIM4
1
21
22
SIM5
SIM1
SIM2
SIM3
SIM4
1
21
22
SIM5
SIM1
SIM2
SIM3
SIM4
1
21
22
SIM5
SIM1
SIM2
SIM3
SIM4
1
21
22
SIM5
SIM1
SIM2
SIM3
SIM4
1
21
22
SIM5
SIM1
SIM2
SIM3
SIM4
1
21
22
SIM5
SIM1
SIM2
SIM3
SIM4
1
21
22
SIM5
SIM1
SIM2
SIM3
SIM4
1
21
22
SIM5
SIM1
SIM2
SIM3
SIM4
1
21
22
SIM5
SIM1
SIM2
SIM3
SIM4
1
21
22
SIM5
SIM1
SIM2
SIM3
SIM4
1
21
22
SIM5
SIM1
SIM2
SIM3
SIM4
1
21
22
SIM5
SIM1
SIM2
SIM3
SIM4
1
21
22
SIM5
SIM1
SIM2
SIM3
SIM4
1
21
22
SIM5
SIM1
SIM2
SIM3
SIM4
1
21
22
SIM5
SIM1
SIM2
SIM3
SIM4
1
21
22
SIM5
SIM1
SIM2
SIM3
SIM4
1
21
22
SIM5
SIM1
SIM2
SIM3
SIM4
1
21
22
SIM5
SIM1
SIM2
SIM3
SIM4
1
21
22
SIM5
SIM1
SIM2
SIM3
SIM4
1
21
22
SIM5
SIM1
SIM2
SIM3
SIM4
1
21
22
SIM5
SIM1
SIM2
SIM3
SIM4
1
21
22
SIM5
SIM1
SIM2
SIM3
SIM4
1
21
22
SIM5
SIM1
SIM2
SIM3
SIM4
1
21
22
SIM5
SIM1
SIM2
SIM3
SIM4
1
21
22
SIM5
SIM1
SIM2
SIM3
SIM4
1
21
22
SIM5
SIM1
SIM2
SIM3
SIM4
1
21
22
SIM5
SIM1
SIM2
SIM3
SIM4
1
21
22
SIM5
SIM1
SIM2
SIM3
SIM4
1
21
22
SIM5
SIM1
SIM2
SIM3
SIM4
1
21
22
SIM5
SIM1
SIM2
SIM3
SIM4
1
21
22
SIM5
SIM1
SIM2
SIM3
SIM4
1
21
22
SIM5
SIM1
SIM2
SIM3
SIM4
1
21
22
SIM5
SIM1
SIM2
SIM3
SIM4
1
21
22
SIM5
SIM1
SIM2
SIM3
SIM4
1
21
22
SIM5
SIM1
SIM2
SIM3
SIM4
1
21
22
SIM5
SIM1
SIM2
SIM3
SIM4
1
21
22
SIM5
SIM1
SIM2
SIM3
SIM4
1
21
22
SIM5
SIM1
SIM2
SIM3
SIM4
1
21
22
SIM5
SIM1
SIM2
SIM3
SIM4
1
21
22
SIM5
SIM1
SIM2
SIM3
SIM4
1
21
22
SIM5
SIM1
SIM2
SIM3
SIM4
1
21
22
SIM5
SIM1
SIM2
SIM3
SIM4
1
21
22
SIM5
SIM1
SIM2
SIM3
SIM4
1
21
22
SIM5
SIM1
SIM2
SIM3
SIM4
1
21
22
SIM5
SIM1
SIM2
SIM3
SIM4
1
21
22
SIM5
SIM1
SIM2
SIM3
SIM4
1
21
22
SIM5
SIM1
SIM2
SIM3
SIM4
1
21
22
SIM5
SIM1
SIM2
SIM3
SIM4
1
21
22
SIM5
SIM1
SIM2
SIM3
SIM4
1
21
22
SIM5
SIM1
SIM2
SIM3
SIM4
1
21
22
SIM5
SIM1
SIM2
SIM3
SIM4
1
21
22
SIM5
SIM1
SIM2
SIM3
SIM4
1
21
22
SIM5
SIM1
SIM2
SIM3
SIM4
1
21
22
SIM5
SIM1
SIM2
SIM3
SIM4
1
21
22
SIM5
SIM1
SIM2
SIM3
SIM4
1
21
22
SIM5
SIM1
SIM2
SIM3
SIM4
1
21
22
SIM5
SIM1
SIM2
SIM3
SIM4
1
21
22
SIM5
SIM1
SIM2
SIM3
SIM4
1
21
22
SIM5
SIM1
SIM2
SIM3
SIM4
1
21
22
SIM5
SIM1
SIM2
SIM3
SIM4
1
21
22
SIM5
SIM1
SIM2
SIM3
SIM4
1
21
22
SIM5
SIM1
SIM2
SIM3
SIM4
1
21
22
SIM5
SIM1
SIM2
SIM3
SIM4
1
21
22
SIM5
SIM1
SIM2
SIM3
SIM4
1
21
22
SIM5
SIM1
SIM2
SIM3
SIM4
1
21
22
SIM5
SIM1
SIM2
SIM3
SIM4
1
21
22
SIM5
SIM1
SIM2
SIM3
SIM4
1
21
22
SIM5
SIM1
SIM2
SIM3
SIM4
1
21
22
SIM5
SIM1
SIM2
SIM3
SIM4
1
21
22
SIM5
SIM1
SIM2
SIM3
SIM4
1
21
22
SIM5
SIM1
SIM2
SIM3
SIM4
1
21
22
SIM5
SIM1
SIM2
SIM3
SIM4
1
21
22
SIM5
SIM1
SIM2
SIM3
SIM4
1
21
22
SIM5
SIM1
SIM2
SIM3
SIM4
1
21
22
SIM5
SIM1
SIM2
SIM3
SIM4
1
21
22
SIM5
SIM1
SIM2
SIM3
SIM4
1
21
22
SIM5
SIM1
SIM2
SIM3
SIM4
1
21
22
SIM5
SIM1
SIM2
SIM3
SIM4
1
21
22
SIM5
SIM1
SIM2
SIM3
SIM4
1
21
22
SIM5
SIM1
SIM2
SIM3
SIM4
1
21
22
SIM5
SIM1
SIM2
SIM3
SIM4
1
21
22
SIM5
SIM1
SIM2
SIM3
SIM4
1
21
22
SIM5
SIM1
SIM2
SIM3
SIM4
1
21
22
SIM5
SIM1
SIM2
SIM3
SIM4
1
21
22
SIM5
SIM1
SIM2
SIM3
SIM4
1
21
22
SIM5
SIM1
SIM2
SIM3
SIM4
1
21
22
SIM5
SIM1
SIM2
SIM3
SIM4
1
21
22
SIM5
SIM1
SIM2
SIM3
SIM4
1
21
22
SIM5
SIM1
SIM2
SIM3
SIM4
1
21
22
SIM5
SIM1
SIM2
SIM3
SIM4
1
21
22
SIM5
SIM1
SIM2
SIM3
SIM4
1
21
22
SIM5
SIM1
SIM2
SIM3
SIM4
1
21
22
SIM5
SIM1
SIM2
SIM3
SIM4
1
21
22
SIM5
SIM1
SIM2
SIM3
SIM4
1
21
22
SIM5
SIM1
SIM2
SIM3
SIM4
1
21
22
SIM5
SIM1
SIM2
SIM3
SIM4
1
21
22
SIM5
SIM1
SIM2
SIM3
SIM4
1
21
22
SIM5
SIM1
SIM2
SIM3
SIM4
1
21
22
SIM5
SIM1
SIM2
SIM3
SIM4
1
21
22
SIM5
SIM1
SIM2
SIM3
SIM4
1
21
22
SIM5
SIM1
SIM2
SIM3
SIM4
1
21
22
SIM5
SIM1
SIM2
SIM3
SIM4
1
21
22
SIM5
SIM1
SIM2
SIM3
SIM4
1
21
22
SIM5
SIM1
SIM2
SIM3
SIM4
1
21
22
SIM5
SIM1
SIM2
SIM3
SIM4
1
21
22
SIM5
SIM1
SIM2
SIM3
SIM4
1
21
22
SIM5
SIM1
SIM2
SIM3
SIM4
1
21
22
SIM5
SIM1
SIM2
SIM3
SIM4
1
21
22
SIM5
SIM1
SIM2
SIM3
SIM4
1
21
22
SIM5
SIM1
SIM2
SIM3
SIM4
1
21
22
SIM5
SIM1
SIM2
SIM3
SIM4
1
21
22
SIM5
SIM1
SIM2
SIM3
SIM4
1
21
22
SIM5
SIM1
SIM2
SIM3
SIM4
1
21
22
SIM5
SIM1
SIM2
SIM3
SIM4
1
21
22
SIM5
SIM1
SIM2
SIM3
SIM4
1
21
22
SIM5
SIM1
SIM2
SIM3
SIM4
1
21
22
SIM5
SIM1
SIM2
SIM3
SIM4
1
21
22
SIM5
SIM1
SIM2
SIM3
SIM4
1
21
22
SIM5
SIM1
SIM2
SIM3
SIM4
1
21
22
SIM5
SIM1
SIM2
SIM3
SIM4
1
21
22
SIM5
SIM1
SIM2
SIM3
SIM4
1
21
22
SIM5
SIM1
SIM2
SIM3
SIM4
1
21
22
SIM5
SIM1
SIM2
SIM3
SIM4
1
21
22
SIM5
SIM1
SIM2
SIM3
SIM4
1
21
22
SIM5
SIM1
SIM2
SIM3
SIM4
1
21
22
SIM5
SIM1
SIM2
SIM3
SIM4
1
21
22
SIM5
SIM1
SIM2
SIM3
SIM4
1
21
22
SIM5
SIM1
SIM2
SIM3
SIM4
1
21
22
SIM5
SIM1
SIM2
SIM3
SIM4
1
21
22
SIM5
SIM1
SIM2
SIM3
SIM4
1
21
22
SIM5
SIM1
SIM2
SIM3
SIM4
1
21
22
SIM5
SIM1
SIM2
SIM3
SIM4
1
21
22
SIM5
SIM1
SIM2
SIM3
SIM4
1
21
22
SIM5
SIM1
SIM2
SIM3
SIM4
1
21
22
SIM5
SIM1
SIM2
SIM3
SIM4
1
21
22
SIM5
SIM1
SIM2
SIM3
SIM4
1
21
22
SIM5
SIM1
SIM2
SIM3
SIM4
1
21
22
SIM5
SIM1
SIM2
SIM3
SIM4
1
21
22
SIM5
SIM1
SIM2
SIM3
SIM4
1
21
22
SIM5
SIM1
SIM2
SIM3
SIM4
1
21
22
SIM5
SIM1
SIM2
SIM3
SIM4
1
21
22
SIM5
SIM1
SIM2
SIM3
SIM4
1
21
22
SIM5
SIM1
SIM2
SIM3
SIM4
1
21
22
SIM5
SIM1
SIM2
SIM3
SIM4
1
21
22
SIM5
SIM1
SIM2
SIM3
SIM4
1
21
22
SIM5
SIM1
SIM2
SIM3
SIM4
1
21
22
SIM5
SIM1
SIM2
SIM3
SIM4
1
21
22
SIM5
SIM1
SIM2
SIM3
SIM4
1
21
22
SIM5
SIM1
SIM2
SIM3
SIM4
1
21
22
SIM5
SIM1
SIM2
SIM3
SIM4
1
21
22
SIM5
SIM1
SIM2
SIM3
SIM4
1
21
22
SIM5
SIM1
SIM2
SIM3
SIM4
1
21
22
SIM5
SIM1
SIM2
SIM3
SIM4
1
21
22
SIM5
SIM1
SIM2
SIM3
SIM4
1
21
22
SIM5
SIM1
SIM2
SIM3
SIM4
1
21
22
SIM5
SIM1
SIM2
SIM3
SIM4
1
21
22
SIM5
SIM1
SIM2
SIM3
SIM4
1
21
22
SIM5
SIM1
SIM2
SIM3
SIM4
1
21
22
SIM5
SIM1
SIM2
SIM3
SIM4
1
21
22
SIM5
SIM1
SIM2
SIM3
SIM4
1
21
22
SIM5
SIM1
SIM2
SIM3
SIM4
1
21
22
SIM5
SIM1
SIM2
SIM3
SIM4
1
21
22
SIM5
SIM1
SIM2
SIM3
SIM4
1
21
22
SIM5
SIM1
SIM2
SIM3
SIM4
1
21
22
SIM5
SIM1
SIM2
SIM3
SIM4
1
21
22
SIM5
SIM1
SIM2
SIM3
SIM4
1
21
22
SIM5
SIM1
SIM2
SIM3
SIM4
1
21
22
SIM5
SIM1
SIM2
SIM3
SIM4
1
21
22
SIM5
SIM1
SIM2
SIM3
SIM4
1
21
22
SIM5
SIM1
SIM2
SIM3
SIM4
1
21
22
SIM5
SIM1
SIM2
SIM3
SIM4
1
21
22
SIM5
SIM1
SIM2
SIM3
SIM4
1
21
22
SIM5
SIM1
SIM2
SIM3
SIM4
1
21
22
SIM5
SIM1
SIM2
SIM3
SIM4
1
21
22
SIM5
SIM1
SIM2
SIM3
SIM4
1
21
22
SIM5
SIM1
SIM2
SIM3
SIM4
1
21
22
SIM5
SIM1
SIM2
SIM3
SIM4
1
21
22
SIM5
SIM1
SIM2
SIM3
SIM4
1
21
22
SIM5
SIM1
SIM2
SIM3
SIM4
1
21
22
SIM5
SIM1
SIM2
SIM3
SIM4
1
21
22
SIM5
SIM1
SIM2
SIM3
SIM4
1
21
22
SIM5
SIM1
SIM2
SIM3
SIM4
1
21
22
SIM5
SIM1
SIM2
SIM3
SIM4
1
21
22
SIM5
SIM1
SIM2
SIM3
SIM4
1
21
22
SIM5
SIM1
SIM2
SIM3
SIM4
1
21
22
SIM5
SIM1
SIM2
SIM3
SIM4
1
21
22
SIM5
SIM1
SIM2
SIM3
SIM4
1
21
22
SIM5
SIM1
SIM2
SIM3
SIM4
1
21
22
SIM5
SIM1
SIM2
SIM3
SIM4
1
21
22
SIM5
SIM1
SIM2
SIM3
SIM4
1
21
22
SIM5
SIM1
SIM2
SIM3
SIM4
1
21
22
SIM5
SIM1
SIM2
SIM3
SIM4
1
21
22
SIM5
SIM1
SIM2
SIM3
SIM4
1
21
22
SIM5
SIM1
SIM2
DEBUG 1 903
SIM1
SIM2
SIM3
SIM4
1
21
22
SIM5
SIM1
SIM2
SIM3
SIM4
1
21
22
SIM5
SIM1
SIM2
SIM3
SIM4
1
21
22
SIM5
SIM1
SIM2
SIM3
SIM4
1
21
22
SIM5
SIM1
SIM2
SIM3
SIM4
1
21
22
SIM5
SIM1
SIM2
SIM3
SIM4
1
21
22
SIM5
SIM1
SIM2
SIM3
SIM4
1
21
22
SIM5
SIM1
SIM2
SIM3
SIM4
1
21
22
SIM5
SIM1
SIM2
SIM3
SIM4
1
21
22
SIM5
SIM1
SIM2
SIM3
SIM4
1
21
22
SIM5
SIM1
SIM2
SIM3
SIM4
1
21
22
SIM5
SIM1
SIM2
SIM3
SIM4
1
21
22
SIM5
SIM1
SIM2
SIM3
SIM4
1
21
22
SIM5
SIM1
SIM2
SIM3
SIM4
1
21
22
SIM5
SIM1
SIM2
SIM3
SIM4
1
21
22
SIM5
SIM1
SIM2
SIM3
SIM4
1
21
22
SIM5
SIM1
SIM2
SIM3
SIM4
1
21
22
SIM5
SIM1
SIM2
SIM3
SIM4
1
21
22
SIM5
SIM1
SIM2
SIM3
SIM4
1
21
22
SIM5
SIM1
SIM2
SIM3
SIM4
1
21
22
SIM5
SIM1
SIM2
SIM3
SIM4
1
21
22
SIM5
SIM1
SIM2
SIM3
SIM4
1
21
22
SIM5
SIM1
SIM2
SIM3
SIM4
1
21
22
SIM5
SIM1
SIM2
SIM3
SIM4
1
21
22
SIM5
SIM1
SIM2
SIM3
SIM4
1
21
22
SIM5
SIM1
SIM2
SIM3
SIM4
1
21
22
SIM5
SIM1
SIM2
SIM3
SIM4
1
21
22
SIM5
SIM1
SIM2
SIM3
SIM4
1
21
22
SIM5
SIM1
SIM2
SIM3
SIM4
1
21
22
SIM5
SIM1
SIM2
SIM3
SIM4
1
21
22
SIM5
SIM1
SIM2
SIM3
SIM4
1
21
22
SIM5
SIM1
SIM2
SIM3
SIM4
1
21
22
SIM5
SIM1
SIM2
SIM3
SIM4
1
21
22
SIM5
SIM1
SIM2
SIM3
SIM4
1
21
22
SIM5
SIM1
SIM2
SIM3
SIM4
1
21
22
SIM5
SIM1
SIM2
SIM3
SIM4
1
21
22
SIM5
SIM1
SIM2
SIM3
SIM4
1
21
22
SIM5
SIM1
SIM2
SIM3
SIM4
1
21
22
SIM5
SIM1
SIM2
SIM3
SIM4
1
21
22
SIM5
SIM1
SIM2
SIM3
SIM4
1
21
22
SIM5
SIM1
SIM2
SIM3
SIM4
1
21
22
SIM5
SIM1
SIM2
SIM3
SIM4
1
21
22
SIM5
SIM1
SIM2
SIM3
SIM4
1
21
22
SIM5
SIM1
SIM2
SIM3
SIM4
1
21
22
SIM5
SIM1
SIM2
SIM3
SIM4
1
21
22
SIM5
SIM1
SIM2
SIM3
SIM4
1
21
22
SIM5
SIM1
SIM2
SIM3
SIM4
1
21
22
SIM5
SIM1
SIM2
SIM3
SIM4
1
21
22
SIM5
SIM1
SIM2
SIM3
SIM4
1
21
22
SIM5
SIM1
SIM2
SIM3
SIM4
1
21
22
SIM5
SIM1
SIM2
SIM3
SIM4
1
21
22
SIM5
SIM1
SIM2
SIM3
SIM4
1
21
22
SIM5
SIM1
SIM2
SIM3
SIM4
1
21
22
SIM5
SIM1
SIM2
SIM3
SIM4
1
21
22
SIM5
SIM1
SIM2
SIM3
SIM4
1
21
22
SIM5
SIM1
SIM2
SIM3
SIM4
1
21
22
SIM5
SIM1
SIM2
SIM3
SIM4
1
21
22
SIM5
SIM1
SIM2
SIM3
SIM4
1
21
22
SIM5
SIM1
SIM2
SIM3
SIM4
1
21
22
SIM5
SIM1
SIM2
SIM3
SIM4
1
21
22
SIM5
SIM1
SIM2
SIM3
SIM4
1
21
22
SIM5
SIM1
SIM2
SIM3
SIM4
1
21
22
SIM5
SIM1
SIM2
SIM3
SIM4
1
21
22
SIM5
SIM1
SIM2
SIM3
SIM4
1
21
22
SIM5
SIM1
SIM2
SIM3
SIM4
1
21
22
SIM5
SIM1
SIM2
SIM3
SIM4
1
21
22
SIM5
SIM1
SIM2
SIM3
SIM4
1
21
22
SIM5
SIM1
SIM2
SIM3
SIM4
1
21
22
SIM5
SIM1
SIM2
SIM3
SIM4
1
21
22
SIM5
SIM1
SIM2
SIM3
SIM4
1
21
22
SIM5
SIM1
SIM2
SIM3
SIM4
1
21
22
SIM5
SIM1
SIM2
SIM3
SIM4
1
21
22
SIM5
SIM1
SIM2
SIM3
SIM4
1
21
22
SIM5
SIM1
SIM2
SIM3
SIM4
1
21
22
SIM5
SIM1
SIM2
SIM3
SIM4
1
21
22
SIM5
SIM1
SIM2
SIM3
SIM4
1
21
22
SIM5
SIM1
SIM2
SIM3
SIM4
1
21
22
SIM5
SIM1
SIM2
SIM3
SIM4
1
21
22
SIM5
SIM1
SIM2
SIM3
SIM4
1
21
22
SIM5
SIM1
SIM2
SIM3
SIM4
1
21
22
SIM5
SIM1
SIM2
SIM3
SIM4
1
21
22
SIM5
SIM1
SIM2
SIM3
SIM4
1
21
22
SIM5
SIM1
SIM2
SIM3
SIM4
1
21
22
SIM5
SIM1
SIM2
SIM3
SIM4
1
21
22
SIM5
SIM1
SIM2
SIM3
SIM4
1
21
22
SIM5
SIM1
SIM2
SIM3
SIM4
1
21
22
SIM5
SIM1
SIM2
SIM3
SIM4
1
21
22
SIM5
SIM1
SIM2
SIM3
SIM4
1
21
22
SIM5
SIM1
SIM2
SIM3
SIM4
1
21
22
SIM5
SIM1
SIM2
SIM3
SIM4
1
21
22
SIM5
SIM1
SIM2
SIM3
SIM4
1
21
22
SIM5
SIM1
SIM2
SIM3
SIM4
1
21
22
SIM5
SIM1
SIM2
SIM3
SIM4
1
21
22
SIM5
SIM1
SIM2
SIM3
SIM4
1
21
22
SIM5
SIM1
SIM2
SIM3
SIM4
1
21
22
SIM5
SIM1
SIM2
SIM3
SIM4
1
21
22
SIM5
SIM1
SIM2
SIM3
SIM4
1
21
22
SIM5
SIM1
SIM2
SIM3
SIM4
1
21
22
SIM5
SIM1
SIM2
SIM3
SIM4
1
21
22
SIM5
SIM1
SIM2
SIM3
SIM4
1
21
22
SIM5
SIM1
SIM2
SIM3
SIM4
1
21
22
SIM5
SIM1
SIM2
SIM3
SIM4
1
21
22
SIM5
SIM1
SIM2
SIM3
SIM4
1
21
22
SIM5
SIM1
SIM2
SIM3
SIM4
1
21
22
SIM5
SIM1
SIM2
SIM3
SIM4
1
21
22
SIM5
SIM1
SIM2
SIM3
SIM4
1
21
22
SIM5
SIM1
SIM2
SIM3
SIM4
1
21
22
SIM5
SIM1
SIM2
SIM3
SIM4
1
21
22
SIM5
SIM1
SIM2
SIM3
SIM4
1
21
22
SIM5
SIM1
SIM2
SIM3
SIM4
1
21
22
SIM5
SIM1
SIM2
SIM3
SIM4
1
21
22
SIM5
SIM1
SIM2
SIM3
SIM4
1
21
22
SIM5
SIM1
SIM2
SIM3
SIM4
1
21
22
SIM5
SIM1
SIM2
SIM3
SIM4
1
21
22
SIM5
SIM1
SIM2
SIM3
SIM4
1
21
22
SIM5
SIM1
SIM2
SIM3
SIM4
1
21
22
SIM5
SIM1
SIM2
SIM3
SIM4
1
21
22
SIM5
SIM1
SIM2
SIM3
SIM4
1
21
22
SIM5
SIM1
SIM2
SIM3
SIM4
1
21
22
SIM5
SIM1
SIM2
SIM3
SIM4
1
21
22
SIM5
SIM1
SIM2
SIM3
SIM4
1
21
22
SIM5
SIM1
SIM2
SIM3
SIM4
1
21
22
SIM5
SIM1
SIM2
SIM3
SIM4
1
21
22
SIM5
SIM1
SIM2
SIM3
SIM4
1
21
22
SIM5
SIM1
SIM2
SIM3
SIM4
1
21
22
SIM5
SIM1
SIM2
SIM3
SIM4
1
21
22
SIM5
SIM1
SIM2
SIM3
SIM4
1
21
22
SIM5
SIM1
SIM2
SIM3
SIM4
1
21
22
SIM5
SIM1
SIM2
SIM3
SIM4
1
21
22
SIM5
SIM1
SIM2
SIM3
SIM4
1
21
22
SIM5
SIM1
SIM2
SIM3
SIM4
1
21
22
SIM5
SIM1
SIM2
SIM3
SIM4
1
21
22
SIM5
SIM1
SIM2
SIM3
SIM4
1
21
22
SIM5
SIM1
SIM2
SIM3
SIM4
1
21
22
SIM5
SIM1
SIM2
SIM3
SIM4
1
21
22
SIM5
SIM1
SIM2
SIM3
SIM4
1
21
22
SIM5
SIM1
SIM2
SIM3
SIM4
1
21
22
SIM5
SIM1
SIM2
SIM3
SIM4
1
21
22
SIM5
SIM1
SIM2
SIM3
SIM4
1
21
22
SIM5
SIM1
SIM2
SIM3
SIM4
1
21
22
SIM5
SIM1
SIM2
SIM3
SIM4
1
21
22
SIM5
SIM1
SIM2
SIM3
SIM4
1
21
22
SIM5
SIM1
SIM2
SIM3
SIM4
1
21
22
SIM5
SIM1
SIM2
SIM3
SIM4
1
21
22
SIM5
SIM1
SIM2
SIM3
SIM4
1
21
22
SIM5
SIM1
SIM2
SIM3
SIM4
1
21
22
SIM5
SIM1
SIM2
SIM3
SIM4
1
21
22
SIM5
SIM1
SIM2
SIM3
SIM4
1
21
22
SIM5
SIM1
SIM2
SIM3
SIM4
1
21
22
SIM5
SIM1
SIM2
SIM3
SIM4
1
21
22
SIM5
SIM1
SIM2
SIM3
SIM4
1
21
22
SIM5
SIM1
SIM2
SIM3
SIM4
1
21
22
SIM5
SIM1
SIM2
SIM3
SIM4
1
21
22
SIM5
SIM1
SIM2
SIM3
SIM4
1
21
22
SIM5
SIM1
SIM2
SIM3
SIM4
1
21
22
SIM5
SIM1
SIM2
SIM3
SIM4
1
21
22
SIM5
SIM1
SIM2
SIM3
SIM4
1
21
22
SIM5
SIM1
SIM2
SIM3
SIM4
1
21
22
SIM5
SIM1
SIM2
SIM3
SIM4
1
21
22
SIM5
SIM1
SIM2
SIM3
SIM4
1
21
22
SIM5
SIM1
SIM2
SIM3
SIM4
1
21
22
SIM5
SIM1
SIM2
SIM3
SIM4
1
21
22
SIM5
SIM1
SIM2
SIM3
SIM4
1
21
22
SIM5
SIM1
SIM2
SIM3
SIM4
1
21
22
SIM5
SIM1
SIM2
SIM3
SIM4
1
21
22
SIM5
SIM1
SIM2
SIM3
SIM4
1
21
22
SIM5
SIM1
SIM2
SIM3
SIM4
1
21
22
SIM5
SIM1
SIM2
SIM3
SIM4
1
21
22
SIM5
SIM1
SIM2
SIM3
SIM4
1
21
22
SIM5
SIM1
SIM2
SIM3
SIM4
1
21
22
SIM5
SIM1
SIM2
SIM3
SIM4
1
21
22
SIM5
SIM1
SIM2
SIM3
SIM4
1
21
22
SIM5
SIM1
SIM2
SIM3
SIM4
1
21
22
SIM5
SIM1
SIM2
SIM3
SIM4
1
21
22
SIM5
SIM1
SIM2
SIM3
SIM4
1
21
22
SIM5
SIM1
SIM2
SIM3
SIM4
1
21
22
SIM5
SIM1
SIM2
SIM3
SIM4
1
21
22
SIM5
SIM1
SIM2
SIM3
SIM4
1
21
22
SIM5
SIM1
SIM2
SIM3
SIM4
1
21
22
SIM5
SIM1
SIM2
SIM3
SIM4
1
21
22
SIM5
SIM1
SIM2
SIM3
SIM4
1
21
22
SIM5
SIM1
SIM2
SIM3
SIM4
1
21
22
SIM5
SIM1
SIM2
SIM3
SIM4
1
21
22
SIM5
SIM1
SIM2
SIM3
SIM4
1
21
22
SIM5
SIM1
SIM2
DEBUG 1 904
SIM1
SIM2
SIM3
SIM4
1
21
22
SIM5
SIM1
SIM2
SIM3
SIM4
1
21
22
SIM5
SIM1
SIM2
SIM3
SIM4
1
21
22
SIM5
SIM1
SIM2
SIM3
SIM4
1
21
22
SIM5
SIM1
SIM2
SIM3
SIM4
1
21
22
SIM5
SIM1
SIM2
SIM3
SIM4
1
21
22
SIM5
SIM1
SIM2
SIM3
SIM4
1
21
22
SIM5
SIM1
SIM2
SIM3
SIM4
1
21
22
SIM5
SIM1
SIM2
SIM3
SIM4
1
21
22
SIM5
SIM1
SIM2
SIM3
SIM4
1
21
22
SIM5
SIM1
SIM2
SIM3
SIM4
1
21
22
SIM5
SIM1
SIM2
SIM3
SIM4
1
21
22
SIM5
SIM1
SIM2
SIM3
SIM4
1
21
22
SIM5
SIM1
SIM2
SIM3
SIM4
1
21
22
SIM5
SIM1
SIM2
SIM3
SIM4
1
21
22
SIM5
SIM1
SIM2
SIM3
SIM4
1
21
22
SIM5
SIM1
SIM2
SIM3
SIM4
1
21
22
SIM5
SIM1
SIM2
SIM3
SIM4
1
21
22
SIM5
SIM1
SIM2
SIM3
SIM4
1
21
22
SIM5
SIM1
SIM2
SIM3
SIM4
1
21
22
SIM5
SIM1
SIM2
SIM3
SIM4
1
21
22
SIM5
SIM1
SIM2
SIM3
SIM4
1
21
22
SIM5
SIM1
SIM2
SIM3
SIM4
1
21
22
SIM5
SIM1
SIM2
SIM3
SIM4
1
21
22
SIM5
SIM1
SIM2
SIM3
SIM4
1
21
22
SIM5
SIM1
SIM2
SIM3
SIM4
1
21
22
SIM5
SIM1
SIM2
SIM3
SIM4
1
21
22
SIM5
SIM1
SIM2
SIM3
SIM4
1
21
22
SIM5
SIM1
SIM2
SIM3
SIM4
1
21
22
SIM5
SIM1
SIM2
SIM3
SIM4
1
21
22
SIM5
SIM1
SIM2
SIM3
SIM4
1
21
22
SIM5
SIM1
SIM2
SIM3
SIM4
1
21
22
SIM5
SIM1
SIM2
SIM3
SIM4
1
21
22
SIM5
SIM1
SIM2
SIM3
SIM4
1
21
22
SIM5
SIM1
SIM2
SIM3
SIM4
1
21
22
SIM5
SIM1
SIM2
SIM3
SIM4
1
21
22
SIM5
SIM1
SIM2
SIM3
SIM4
1
21
22
SIM5
SIM1
SIM2
SIM3
SIM4
1
21
22
SIM5
SIM1
SIM2
SIM3
SIM4
1
21
22
SIM5
SIM1
SIM2
SIM3
SIM4
1
21
22
SIM5
SIM1
SIM2
SIM3
SIM4
1
21
22
SIM5
SIM1
SIM2
SIM3
SIM4
1
21
22
SIM5
SIM1
SIM2
SIM3
SIM4
1
21
22
SIM5
SIM1
SIM2
SIM3
SIM4
1
21
22
SIM5
SIM1
SIM2
SIM3
SIM4
1
21
22
SIM5
SIM1
SIM2
SIM3
SIM4
1
21
22
SIM5
SIM1
SIM2
SIM3
SIM4
1
21
22
SIM5
SIM1
SIM2
SIM3
SIM4
1
21
22
SIM5
SIM1
SIM2
SIM3
SIM4
1
21
22
SIM5
SIM1
SIM2
SIM3
SIM4
1
21
22
SIM5
SIM1
SIM2
SIM3
SIM4
1
21
22
SIM5
SIM1
SIM2
SIM3
SIM4
1
21
22
SIM5
SIM1
SIM2
SIM3
SIM4
1
21
22
SIM5
SIM1
SIM2
SIM3
SIM4
1
21
22
SIM5
SIM1
SIM2
SIM3
SIM4
1
21
22
SIM5
SIM1
SIM2
SIM3
SIM4
1
21
22
SIM5
SIM1
SIM2
SIM3
SIM4
1
21
22
SIM5
SIM1
SIM2
SIM3
SIM4
1
21
22
SIM5
SIM1
SIM2
SIM3
SIM4
1
21
22
SIM5
SIM1
SIM2
SIM3
SIM4
1
21
22
SIM5
SIM1
SIM2
SIM3
SIM4
1
21
22
SIM5
SIM1
SIM2
SIM3
SIM4
1
21
22
SIM5
SIM1
SIM2
SIM3
SIM4
1
21
22
SIM5
SIM1
SIM2
SIM3
SIM4
1
21
22
SIM5
SIM1
SIM2
SIM3
SIM4
1
21
22
SIM5
SIM1
SIM2
SIM3
SIM4
1
21
22
SIM5
SIM1
SIM2
SIM3
SIM4
1
21
22
SIM5
SIM1
SIM2
SIM3
SIM4
1
21
22
SIM5
SIM1
SIM2
SIM3
SIM4
1
21
22
SIM5
SIM1
SIM2
SIM3
SIM4
1
21
22
SIM5
SIM1
SIM2
SIM3
SIM4
1
21
22
SIM5
SIM1
SIM2
SIM3
SIM4
1
21
22
SIM5
SIM1
SIM2
SIM3
SIM4
1
21
22
SIM5
SIM1
SIM2
SIM3
SIM4
1
21
22
SIM5
SIM1
SIM2
SIM3
SIM4
1
21
22
SIM5
SIM1
SIM2
SIM3
SIM4
1
21
22
SIM5
SIM1
SIM2
SIM3
SIM4
1
21
22
SIM5
SIM1
SIM2
SIM3
SIM4
1
21
22
SIM5
SIM1
SIM2
SIM3
SIM4
1
21
22
SIM5
SIM1
SIM2
SIM3
SIM4
1
21
22
SIM5
SIM1
SIM2
SIM3
SIM4
1
21
22
SIM5
SIM1
SIM2
SIM3
SIM4
1
21
22
SIM5
SIM1
SIM2
SIM3
SIM4
1
21
22
SIM5
SIM1
SIM2
SIM3
SIM4
1
21
22
SIM5
SIM1
SIM2
SIM3
SIM4
1
21
22
SIM5
SIM1
SIM2
SIM3
SIM4
1
21
22
SIM5
SIM1
SIM2
SIM3
SIM4
1
21
22
SIM5
SIM1
SIM2
SIM3
SIM4
1
21
22
SIM5
SIM1
SIM2
SIM3
SIM4
1
21
22
SIM5
SIM1
SIM2
SIM3
SIM4
1
21
22
SIM5
SIM1
SIM2
SIM3
SIM4
1
21
22
SIM5
SIM1
SIM2
SIM3
SIM4
1
21
22
SIM5
SIM1
SIM2
SIM3
SIM4
1
21
22
SIM5
SIM1
SIM2
SIM3
SIM4
1
21
22
SIM5
SIM1
SIM2
SIM3
SIM4
1
21
22
SIM5
SIM1
SIM2
SIM3
SIM4
1
21
22
SIM5
SIM1
SIM2
SIM3
SIM4
1
21
22
SIM5
SIM1
SIM2
SIM3
SIM4
1
21
22
SIM5
SIM1
SIM2
SIM3
SIM4
1
21
22
SIM5
SIM1
SIM2
SIM3
SIM4
1
21
22
SIM5
SIM1
SIM2
SIM3
SIM4
1
21
22
SIM5
SIM1
SIM2
SIM3
SIM4
1
21
22
SIM5
SIM1
SIM2
SIM3
SIM4
1
21
22
SIM5
SIM1
SIM2
SIM3
SIM4
1
21
22
SIM5
SIM1
SIM2
SIM3
SIM4
1
21
22
SIM5
SIM1
SIM2
SIM3
SIM4
1
21
22
SIM5
SIM1
SIM2
SIM3
SIM4
1
21
22
SIM5
SIM1
SIM2
SIM3
SIM4
1
21
22
SIM5
SIM1
SIM2
SIM3
SIM4
1
21
22
SIM5
SIM1
SIM2
SIM3
SIM4
1
21
22
SIM5
SIM1
SIM2
SIM3
SIM4
1
21
22
SIM5
SIM1
SIM2
SIM3
SIM4
1
21
22
SIM5
SIM1
SIM2
SIM3
SIM4
1
21
22
SIM5
SIM1
SIM2
SIM3
SIM4
1
21
22
SIM5
SIM1
SIM2
SIM3
SIM4
1
21
22
SIM5
SIM1
SIM2
SIM3
SIM4
1
21
22
SIM5
SIM1
SIM2
SIM3
SIM4
1
21
22
SIM5
SIM1
SIM2
SIM3
SIM4
1
21
22
SIM5
SIM1
SIM2
SIM3
SIM4
1
21
22
SIM5
SIM1
SIM2
SIM3
SIM4
1
21
22
SIM5
SIM1
SIM2
SIM3
SIM4
1
21
22
SIM5
SIM1
SIM2
SIM3
SIM4
1
21
22
SIM5
SIM1
SIM2
SIM3
SIM4
1
21
22
SIM5
SIM1
SIM2
SIM3
SIM4
1
21
22
SIM5
SIM1
SIM2
SIM3
SIM4
1
21
22
SIM5
SIM1
SIM2
SIM3
SIM4
1
21
22
SIM5
SIM1
SIM2
DEBUG 1 905
SIM1
SIM2
SIM3
SIM4
1
21
22
SIM5
SIM1
SIM2
SIM3
SIM4
1
21
22
SIM5
SIM1
SIM2
SIM3
SIM4
1
21
22
SIM5
SIM1
SIM2
SIM3
SIM4
1
21
22
SIM5
SIM1
SIM2
SIM3
SIM4
1
21
22
SIM5
SIM1
SIM2
SIM3
SIM4
1
21
22
SIM5
SIM1
SIM2
SIM3
SIM4
1
21
22
SIM5
SIM1
SIM2
SIM3
SIM4
1
21
22
SIM5
SIM1
SIM2
SIM3
SIM4
1
21
22
SIM5
SIM1
SIM2
SIM3
SIM4
1
21
22
SIM5
SIM1
SIM2
SIM3
SIM4
1
21
22
SIM5
SIM1
SIM2
SIM3
SIM4
1
21
22
SIM5
SIM1
SIM2
SIM3
SIM4
1
21
22
SIM5
SIM1
SIM2
SIM3
SIM4
1
21
22
SIM5
SIM1
SIM2
SIM3
SIM4
1
21
22
SIM5
SIM1
SIM2
SIM3
SIM4
1
21
22
SIM5
SIM1
SIM2
SIM3
SIM4
1
21
22
SIM5
SIM1
SIM2
SIM3
SIM4
1
21
22
SIM5
SIM1
SIM2
SIM3
SIM4
1
21
22
SIM5
SIM1
SIM2
SIM3
SIM4
1
21
22
SIM5
SIM1
SIM2
SIM3
SIM4
1
21
22
SIM5
SIM1
SIM2
SIM3
SIM4
1
21
22
SIM5
SIM1
SIM2
SIM3
SIM4
1
21
22
SIM5
SIM1
SIM2
SIM3
SIM4
1
21
22
SIM5
SIM1
SIM2
SIM3
SIM4
1
21
22
SIM5
SIM1
SIM2
SIM3
SIM4
1
21
22
SIM5
SIM1
SIM2
SIM3
SIM4
1
21
22
SIM5
SIM1
SIM2
SIM3
SIM4
1
21
22
SIM5
SIM1
SIM2
SIM3
SIM4
1
21
22
SIM5
SIM1
SIM2
SIM3
SIM4
1
21
22
SIM5
SIM1
SIM2
SIM3
SIM4
1
21
22
SIM5
SIM1
SIM2
SIM3
SIM4
1
21
22
SIM5
SIM1
SIM2
SIM3
SIM4
1
21
22
SIM5
SIM1
SIM2
SIM3
SIM4
1
21
22
SIM5
SIM1
SIM2
SIM3
SIM4
1
21
22
SIM5
SIM1
SIM2
SIM3
SIM4
1
21
22
SIM5
SIM1
SIM2
SIM3
SIM4
1
21
22
SIM5
SIM1
SIM2
SIM3
SIM4
1
21
22
SIM5
SIM1
SIM2
SIM3
SIM4
1
21
22
SIM5
SIM1
SIM2
SIM3
SIM4
1
21
22
SIM5
SIM1
SIM2
SIM3
SIM4
1
21
22
SIM5
SIM1
SIM2
SIM3
SIM4
1
21
22
SIM5
SIM1
SIM2
SIM3
SIM4
1
21
22
SIM5
SIM1
SIM2
SIM3
SIM4
1
21
22
SIM5
SIM1
SIM2
SIM3
SIM4
1
21
22
SIM5
SIM1
SIM2
SIM3
SIM4
1
21
22
SIM5
SIM1
SIM2
SIM3
SIM4
1
21
22
SIM5
SIM1
SIM2
SIM3
SIM4
1
21
22
SIM5
SIM1
SIM2
SIM3
SIM4
1
21
22
SIM5
SIM1
SIM2
SIM3
SIM4
1
21
22
SIM5
SIM1
SIM2
SIM3
SIM4
1
21
22
SIM5
SIM1
SIM2
SIM3
SIM4
1
21
22
SIM5
SIM1
SIM2
SIM3
SIM4
1
21
22
SIM5
SIM1
SIM2
SIM3
SIM4
1
21
22
SIM5
SIM1
SIM2
SIM3
SIM4
1
21
22
SIM5
SIM1
SIM2
SIM3
SIM4
1
21
22
SIM5
SIM1
SIM2
SIM3
SIM4
1
21
22
SIM5
SIM1
SIM2
SIM3
SIM4
1
21
22
SIM5
SIM1
SIM2
SIM3
SIM4
1
21
22
SIM5
SIM1
SIM2
SIM3
SIM4
1
21
22
SIM5
SIM1
SIM2
SIM3
SIM4
1
21
22
SIM5
SIM1
SIM2
SIM3
SIM4
1
21
22
SIM5
SIM1
SIM2
SIM3
SIM4
1
21
22
SIM5
SIM1
SIM2
SIM3
SIM4
1
21
22
SIM5
SIM1
SIM2
SIM3
SIM4
1
21
22
SIM5
SIM1
SIM2
SIM3
SIM4
1
21
22
SIM5
SIM1
SIM2
SIM3
SIM4
1
21
22
SIM5
SIM1
SIM2
SIM3
SIM4
1
21
22
SIM5
SIM1
SIM2
SIM3
SIM4
1
21
22
SIM5
SIM1
SIM2
SIM3
SIM4
1
21
22
SIM5
SIM1
SIM2
SIM3
SIM4
1
21
22
SIM5
SIM1
SIM2
SIM3
SIM4
1
21
22
SIM5
SIM1
SIM2
SIM3
SIM4
1
21
22
SIM5
SIM1
SIM2
SIM3
SIM4
1
21
22
SIM5
SIM1
SIM2
SIM3
SIM4
1
21
22
SIM5
SIM1
SIM2
SIM3
SIM4
1
21
22
SIM5
SIM1
SIM2
SIM3
SIM4
1
21
22
SIM5
SIM1
SIM2
SIM3
SIM4
1
21
22
SIM5
SIM1
SIM2
SIM3
SIM4
1
21
22
SIM5
SIM1
SIM2
SIM3
SIM4
1
21
22
SIM5
SIM1
SIM2
SIM3
SIM4
1
21
22
SIM5
SIM1
SIM2
SIM3
SIM4
1
21
22
SIM5
SIM1
SIM2
SIM3
SIM4
1
21
22
SIM5
SIM1
SIM2
SIM3
SIM4
1
21
22
SIM5
SIM1
SIM2
SIM3
SIM4
1
21
22
SIM5
SIM1
SIM2
SIM3
SIM4
1
21
22
SIM5
SIM1
SIM2
SIM3
SIM4
1
21
22
SIM5
SIM1
SIM2
SIM3
SIM4
1
21
22
SIM5
SIM1
SIM2
SIM3
SIM4
1
21
22
SIM5
SIM1
SIM2
SIM3
SIM4
1
21
22
SIM5
SIM1
SIM2
SIM3
SIM4
1
21
22
SIM5
SIM1
SIM2
SIM3
SIM4
1
21
22
SIM5
SIM1
SIM2
SIM3
SIM4
1
21
22
SIM5
SIM1
SIM2
SIM3
SIM4
1
21
22
SIM5
SIM1
SIM2
SIM3
SIM4
1
21
22
SIM5
SIM1
SIM2
SIM3
SIM4
1
21
22
SIM5
SIM1
SIM2
SIM3
SIM4
1
21
22
SIM5
SIM1
SIM2
SIM3
SIM4
1
21
22
SIM5
SIM1
SIM2
SIM3
SIM4
1
21
22
SIM5
SIM1
SIM2
SIM3
SIM4
1
21
22
SIM5
SIM1
SIM2
SIM3
SIM4
1
21
22
SIM5
SIM1
SIM2
SIM3
SIM4
1
21
22
SIM5
SIM1
SIM2
SIM3
SIM4
1
21
22
SIM5
SIM1
SIM2
SIM3
SIM4
1
21
22
SIM5
SIM1
SIM2
SIM3
SIM4
1
21
22
SIM5
SIM1
SIM2
SIM3
SIM4
1
21
22
SIM5
SIM1
SIM2
SIM3
SIM4
1
21
22
SIM5
SIM1
SIM2
SIM3
SIM4
1
21
22
SIM5
SIM1
SIM2
SIM3
SIM4
1
21
22
SIM5
SIM1
SIM2
SIM3
SIM4
1
21
22
SIM5
SIM1
SIM2
SIM3
SIM4
1
21
22
SIM5
SIM1
SIM2
SIM3
SIM4
1
21
22
SIM5
SIM1
SIM2
SIM3
SIM4
1
21
22
SIM5
SIM1
SIM2
SIM3
SIM4
1
21
22
SIM5
SIM1
SIM2
SIM3
SIM4
1
21
22
SIM5
SIM1
SIM2
SIM3
SIM4
1
21
22
SIM5
SIM1
SIM2
SIM3
SIM4
1
21
22
SIM5
SIM1
SIM2
SIM3
SIM4
1
21
22
SIM5
SIM1
SIM2
SIM3
SIM4
1
21
22
SIM5
SIM1
SIM2
SIM3
SIM4
1
21
22
SIM5
SIM1
SIM2
SIM3
SIM4
1
21
22
SIM5
SIM1
SIM2
SIM3
SIM4
1
21
22
SIM5
SIM1
SIM2
SIM3
SIM4
1
21
22
SIM5
SIM1
SIM2
SIM3
SIM4
1
21
22
SIM5
SIM1
SIM2
SIM3
SIM4
1
21
22
SIM5
SIM1
SIM2
SIM3
SIM4
1
21
22
SIM5
SIM1
SIM2
SIM3
SIM4
1
21
22
SIM5
SIM1
SIM2
SIM3
SIM4
1
21
22
SIM5
SIM1
SIM2
SIM3
SIM4
1
21
22
SIM5
SIM1
SIM2
SIM3
SIM4
1
21
22
SIM5
SIM1
SIM2
SIM3
SIM4
1
21
22
SIM5
SIM1
SIM2
SIM3
SIM4
1
21
22
SIM5
SIM1
SIM2
SIM3
SIM4
1
21
22
SIM5
SIM1
SIM2
SIM3
SIM4
1
21
22
SIM5
SIM1
SIM2
SIM3
SIM4
1
21
22
SIM5
SIM1
SIM2
SIM3
SIM4
1
21
22
SIM5
SIM1
SIM2
SIM3
SIM4
1
21
22
SIM5
SIM1
SIM2
SIM3
SIM4
1
21
22
SIM5
SIM1
SIM2
SIM3
SIM4
1
21
22
SIM5
SIM1
SIM2
SIM3
SIM4
1
21
22
SIM5
SIM1
SIM2
SIM3
SIM4
1
21
22
SIM5
SIM1
SIM2
SIM3
SIM4
1
21
22
SIM5
SIM1
SIM2
SIM3
SIM4
1
21
22
SIM5
SIM1
SIM2
SIM3
SIM4
1
21
22
SIM5
SIM1
SIM2
SIM3
SIM4
1
21
22
SIM5
SIM1
SIM2
SIM3
SIM4
1
21
22
SIM5
SIM1
SIM2
SIM3
SIM4
1
21
22
SIM5
SIM1
SIM2
SIM3
SIM4
1
21
22
SIM5
SIM1
SIM2
SIM3
SIM4
1
21
22
SIM5
SIM1
SIM2
SIM3
SIM4
1
21
22
SIM5
SIM1
SIM2
SIM3
SIM4
1
21
22
SIM5
SIM1
SIM2
SIM3
SIM4
1
21
22
SIM5
SIM1
SIM2
SIM3
SIM4
1
21
22
SIM5
SIM1
SIM2
SIM3
SIM4
1
21
22
SIM5
SIM1
SIM2
SIM3
SIM4
1
21
22
SIM5
SIM1
SIM2
SIM3
SIM4
1
21
22
SIM5
SIM1
SIM2
SIM3
SIM4
1
21
22
SIM5
SIM1
SIM2
SIM3
SIM4
1
21
22
SIM5
SIM1
SIM2
SIM3
SIM4
1
21
22
SIM5
SIM1
SIM2
SIM3
SIM4
1
21
22
SIM5
SIM1
SIM2
SIM3
SIM4
1
21
22
SIM5
SIM1
SIM2
SIM3
SIM4
1
21
22
SIM5
SIM1
SIM2
SIM3
SIM4
1
21
22
SIM5
SIM1
SIM2
SIM3
SIM4
1
21
22
SIM5
SIM1
SIM2
SIM3
SIM4
1
21
22
SIM5
SIM1
SIM2
SIM3
SIM4
1
21
22
SIM5
SIM1
SIM2
SIM3
SIM4
1
21
22
SIM5
SIM1
SIM2
SIM3
SIM4
1
21
22
SIM5
SIM1
SIM2
SIM3
SIM4
1
21
22
SIM5
SIM1
SIM2
SIM3
SIM4
1
21
22
SIM5
SIM1
SIM2
SIM3
SIM4
1
21
22
SIM5
SIM1
SIM2
SIM3
SIM4
1
21
22
SIM5
SIM1
SIM2
SIM3
SIM4
1
21
22
SIM5
SIM1
SIM2
SIM3
SIM4
1
21
22
SIM5
SIM1
SIM2
SIM3
SIM4
1
21
22
SIM5
SIM1
SIM2
SIM3
SIM4
1
21
22
SIM5
SIM1
SIM2
SIM3
SIM4
1
21
22
SIM5
SIM1
SIM2
SIM3
SIM4
1
21
22
SIM5
SIM1
SIM2
SIM3
SIM4
1
21
22
SIM5
SIM1
SIM2
SIM3
SIM4
1
21
22
SIM5
SIM1
SIM2
SIM3
SIM4
1
21
22
SIM5
SIM1
SIM2
SIM3
SIM4
1
21
22
SIM5
SIM1
SIM2
SIM3
SIM4
1
21
22
SIM5
SIM1
SIM2
SIM3
SIM4
1
21
22
SIM5
SIM1
SIM2
SIM3
SIM4
1
21
22
SIM5
SIM1
SIM2
SIM3
SIM4
1
21
22
SIM5
SIM1
SIM2
SIM3
SIM4
1
21
22
SIM5
SIM1
SIM2
SIM3
SIM4
1
21
22
SIM5
SIM1
SIM2
SIM3
SIM4
1
21
22
SIM5
SIM1
SIM2
SIM3
SIM4
1
21
22
SIM5
SIM1
SIM2
SIM3
SIM4
1
21
22
SIM5
SIM1
SIM2
SIM3
SIM4
1
21
22
SIM5
SIM1
SIM2
SIM3
SIM4
1
21
22
SIM5
SIM1
SIM2
SIM3
SIM4
1
21
22
SIM5
SIM1
SIM2
SIM3
SIM4
1
21
22
SIM5
SIM1
SIM2
SIM3
SIM4
1
21
22
SIM5
SIM1
SIM2
SIM3
SIM4
1
21
22
SIM5
SIM1
SIM2
SIM3
SIM4
1
21
22
SIM5
SIM1
SIM2
SIM3
SIM4
1
21
22
SIM5
SIM1
SIM2
SIM3
SIM4
1
21
22
SIM5
SIM1
SIM2
SIM3
SIM4
1
21
22
SIM5
SIM1
SIM2
SIM3
SIM4
1
21
22
SIM5
SIM1
SIM2
SIM3
SIM4
1
21
22
SIM5
SIM1
SIM2
SIM3
SIM4
1
21
22
SIM5
SIM1
SIM2
SIM3
SIM4
1
21
22
SIM5
SIM1
SIM2
SIM3
SIM4
1
21
22
SIM5
SIM1
SIM2
SIM3
SIM4
1
21
22
SIM5
SIM1
SIM2
SIM3
SIM4
1
21
22
SIM5
SIM1
SIM2
SIM3
SIM4
1
21
22
SIM5
SIM1
SIM2
SIM3
SIM4
1
21
22
SIM5
SIM1
SIM2
SIM3
SIM4
1
21
22
SIM5
SIM1
SIM2
SIM3
SIM4
1
21
22
SIM5
SIM1
SIM2
SIM3
SIM4
1
21
22
SIM5
SIM1
SIM2
SIM3
SIM4
1
21
22
SIM5
SIM1
SIM2
SIM3
SIM4
1
21
22
SIM5
SIM1
SIM2
SIM3
SIM4
1
21
22
SIM5
SIM1
SIM2
SIM3
SIM4
1
21
22
SIM5
SIM1
SIM2
SIM3
SIM4
1
21
22
SIM5
SIM1
SIM2
SIM3
SIM4
1
21
22
SIM5
SIM1
SIM2
SIM3
SIM4
1
21
22
SIM5
SIM1
SIM2
SIM3
SIM4
1
21
22
SIM5
SIM1
SIM2
SIM3
SIM4
1
21
22
SIM5
SIM1
SIM2
SIM3
SIM4
1
21
22
SIM5
SIM1
SIM2
SIM3
SIM4
1
21
22
SIM5
SIM1
SIM2
SIM3
SIM4
1
21
22
SIM5
SIM1
SIM2
SIM3
SIM4
1
21
22
SIM5
SIM1
SIM2
SIM3
SIM4
1
21
22
SIM5
SIM1
SIM2
SIM3
SIM4
1
21
22
SIM5
SIM1
SIM2
SIM3
SIM4
1
21
22
SIM5
SIM1
SIM2
SIM3
SIM4
1
21
22
SIM5
SIM1
SIM2
SIM3
SIM4
1
21
22
SIM5
SIM1
SIM2
SIM3
SIM4
1
21
22
SIM5
SIM1
SIM2
SIM3
SIM4
1
21
22
SIM5
SIM1
SIM2
SIM3
SIM4
1
21
22
SIM5
SIM1
SIM2
SIM3
SIM4
1
21
22
SIM5
SIM1
SIM2
SIM3
SIM4
1
21
22
SIM5
SIM1
SIM2
SIM3
SIM4
1
21
22
SIM5
SIM1
SIM2
SIM3
SIM4
1
21
22
SIM5
SIM1
SIM2
SIM3
SIM4
1
21
22
SIM5
SIM1
SIM2
SIM3
SIM4
1
21
22
SIM5
SIM1
SIM2
SIM3
SIM4
1
21
22
SIM5
SIM1
SIM2
SIM3
SIM4
1
21
22
SIM5
SIM1
SIM2
SIM3
SIM4
1
21
22
SIM5
SIM1
SIM2
SIM3
SIM4
1
21
22
SIM5
SIM1
SIM2
SIM3
SIM4
1
21
22
SIM5
SIM1
SIM2
SIM3
SIM4
1
21
22
SIM5
SIM1
SIM2
SIM3
SIM4
1
21
22
SIM5
SIM1
SIM2
SIM3
SIM4
1
21
22
SIM5
SIM1
SIM2
SIM3
SIM4
1
21
22
SIM5
SIM1
SIM2
SIM3
SIM4
1
21
22
SIM5
SIM1
SIM2
SIM3
SIM4
1
21
22
SIM5
SIM1
SIM2
SIM3
SIM4
1
21
22
SIM5
SIM1
SIM2
SIM3
SIM4
1
21
22
SIM5
SIM1
SIM2
SIM3
SIM4
1
21
22
SIM5
SIM1
SIM2
SIM3
SIM4
1
21
22
SIM5
SIM1
SIM2
SIM3
SIM4
1
21
22
SIM5
SIM1
SIM2
SIM3
SIM4
1
21
22
SIM5
SIM1
SIM2
SIM3
SIM4
1
21
22
SIM5
SIM1
SIM2
SIM3
SIM4
1
21
22
SIM5
SIM1
SIM2
SIM3
SIM4
1
21
22
SIM5
SIM1
SIM2
SIM3
SIM4
1
21
22
SIM5
SIM1
SIM2
SIM3
SIM4
1
21
22
SIM5
SIM1
SIM2
SIM3
SIM4
1
21
22
SIM5
SIM1
SIM2
SIM3
SIM4
1
21
22
SIM5
SIM1
SIM2
SIM3
SIM4
1
21
22
SIM5
SIM1
SIM2
SIM3
SIM4
1
21
22
SIM5
SIM1
SIM2
SIM3
SIM4
1
21
22
SIM5
SIM1
SIM2
SIM3
SIM4
1
21
22
SIM5
SIM1
SIM2
SIM3
SIM4
1
21
22
SIM5
SIM1
SIM2
SIM3
SIM4
1
21
22
SIM5
SIM1
SIM2
SIM3
SIM4
1
21
22
SIM5
SIM1
SIM2
SIM3
SIM4
1
21
22
SIM5
SIM1
SIM2
SIM3
SIM4
1
21
22
SIM5
SIM1
SIM2
SIM3
SIM4
1
21
22
SIM5
SIM1
SIM2
SIM3
SIM4
1
21
22
SIM5
SIM1
SIM2
SIM3
SIM4
1
21
22
SIM5
SIM1
SIM2
SIM3
SIM4
1
21
22
SIM5
SIM1
SIM2
SIM3
SIM4
1
21
22
SIM5
SIM1
SIM2
SIM3
SIM4
1
21
22
SIM5
SIM1
SIM2
SIM3
SIM4
1
21
22
SIM5
SIM1
SIM2
SIM3
SIM4
1
21
22
SIM5
SIM1
SIM2
SIM3
SIM4
1
21
22
SIM5
SIM1
SIM2
SIM3
SIM4
1
21
22
SIM5
SIM1
SIM2
SIM3
SIM4
1
21
22
SIM5
SIM1
SIM2
SIM3
SIM4
1
21
22
SIM5
SIM1
SIM2
SIM3
SIM4
1
21
22
SIM5
SIM1
SIM2
SIM3
SIM4
1
21
22
SIM5
SIM1
SIM2
SIM3
SIM4
1
21
22
SIM5
SIM1
SIM2
SIM3
SIM4
1
21
22
SIM5
SIM1
SIM2
SIM3
SIM4
1
21
22
SIM5
SIM1
SIM2
SIM3
SIM4
1
21
22
SIM5
SIM1
SIM2
SIM3
SIM4
1
21
22
SIM5
SIM1
SIM2
SIM3
SIM4
1
21
22
SIM5
SIM1
SIM2
SIM3
SIM4
1
21
22
SIM5
SIM1
SIM2
SIM3
SIM4
1
21
22
SIM5
SIM1
SIM2
SIM3
SIM4
1
21
22
SIM5
SIM1
SIM2
SIM3
SIM4
1
21
22
SIM5
SIM1
SIM2
SIM3
SIM4
1
21
22
SIM5
SIM1
SIM2
SIM3
SIM4
1
21
22
SIM5
SIM1
SIM2
SIM3
SIM4
1
21
22
SIM5
SIM1
SIM2
SIM3
SIM4
1
21
22
SIM5
SIM1
SIM2
SIM3
SIM4
1
21
22
SIM5
SIM1
SIM2
SIM3
SIM4
1
21
22
SIM5
SIM1
SIM2
SIM3
SIM4
1
21
22
SIM5
SIM1
SIM2
SIM3
SIM4
1
21
22
SIM5
SIM1
SIM2
SIM3
SIM4
1
21
22
SIM5
SIM1
SIM2
SIM3
SIM4
1
21
22
SIM5
SIM1
SIM2
SIM3
SIM4
1
21
22
SIM5
SIM1
SIM2
DEBUG 1 906
SIM1
SIM2
SIM3
SIM4
1
21
22
SIM5
SIM1
SIM2
SIM3
SIM4
1
21
22
SIM5
SIM1
SIM2
SIM3
SIM4
1
21
22
SIM5
SIM1
SIM2
SIM3
SIM4
1
21
22
SIM5
SIM1
SIM2
SIM3
SIM4
1
21
22
SIM5
SIM1
SIM2
SIM3
SIM4
1
21
22
SIM5
SIM1
SIM2
SIM3
SIM4
1
21
22
SIM5
SIM1
SIM2
SIM3
SIM4
1
21
22
SIM5
SIM1
SIM2
SIM3
SIM4
1
21
22
SIM5
SIM1
SIM2
SIM3
SIM4
1
21
22
SIM5
SIM1
SIM2
SIM3
SIM4
1
21
22
SIM5
SIM1
SIM2
SIM3
SIM4
1
21
22
SIM5
SIM1
SIM2
SIM3
SIM4
1
21
22
SIM5
SIM1
SIM2
SIM3
SIM4
1
21
22
SIM5
SIM1
SIM2
SIM3
SIM4
1
21
22
SIM5
SIM1
SIM2
SIM3
SIM4
1
21
22
SIM5
SIM1
SIM2
SIM3
SIM4
1
21
22
SIM5
SIM1
SIM2
SIM3
SIM4
1
21
22
SIM5
SIM1
SIM2
SIM3
SIM4
1
21
22
SIM5
SIM1
SIM2
SIM3
SIM4
1
21
22
SIM5
SIM1
SIM2
SIM3
SIM4
1
21
22
SIM5
SIM1
SIM2
SIM3
SIM4
1
21
22
SIM5
SIM1
SIM2
SIM3
SIM4
1
21
22
SIM5
SIM1
SIM2
SIM3
SIM4
1
21
22
SIM5
SIM1
SIM2
SIM3
SIM4
1
21
22
SIM5
SIM1
SIM2
SIM3
SIM4
1
21
22
SIM5
SIM1
SIM2
SIM3
SIM4
1
21
22
SIM5
SIM1
SIM2
SIM3
SIM4
1
21
22
SIM5
SIM1
SIM2
SIM3
SIM4
1
21
22
SIM5
SIM1
SIM2
SIM3
SIM4
1
21
22
SIM5
SIM1
SIM2
SIM3
SIM4
1
21
22
SIM5
SIM1
SIM2
SIM3
SIM4
1
21
22
SIM5
SIM1
SIM2
SIM3
SIM4
1
21
22
SIM5
SIM1
SIM2
SIM3
SIM4
1
21
22
SIM5
SIM1
SIM2
SIM3
SIM4
1
21
22
SIM5
SIM1
SIM2
SIM3
SIM4
1
21
22
SIM5
SIM1
SIM2
SIM3
SIM4
1
21
22
SIM5
SIM1
SIM2
SIM3
SIM4
1
21
22
SIM5
SIM1
SIM2
SIM3
SIM4
1
21
22
SIM5
SIM1
SIM2
SIM3
SIM4
1
21
22
SIM5
SIM1
SIM2
SIM3
SIM4
1
21
22
SIM5
SIM1
SIM2
SIM3
SIM4
1
21
22
SIM5
SIM1
SIM2
SIM3
SIM4
1
21
22
SIM5
SIM1
SIM2
SIM3
SIM4
1
21
22
SIM5
SIM1
SIM2
SIM3
SIM4
1
21
22
SIM5
SIM1
SIM2
SIM3
SIM4
1
21
22
SIM5
SIM1
SIM2
SIM3
SIM4
1
21
22
SIM5
SIM1
SIM2
SIM3
SIM4
1
21
22
SIM5
SIM1
SIM2
SIM3
SIM4
1
21
22
SIM5
SIM1
SIM2
SIM3
SIM4
1
21
22
SIM5
SIM1
SIM2
SIM3
SIM4
1
21
22
SIM5
SIM1
SIM2
SIM3
SIM4
1
21
22
SIM5
SIM1
SIM2
SIM3
SIM4
1
21
22
SIM5
SIM1
SIM2
SIM3
SIM4
1
21
22
SIM5
SIM1
SIM2
SIM3
SIM4
1
21
22
SIM5
SIM1
SIM2
SIM3
SIM4
1
21
22
SIM5
SIM1
SIM2
SIM3
SIM4
1
21
22
SIM5
SIM1
SIM2
SIM3
SIM4
1
21
22
SIM5
SIM1
SIM2
SIM3
SIM4
1
21
22
SIM5
SIM1
SIM2
SIM3
SIM4
1
21
22
SIM5
SIM1
SIM2
SIM3
SIM4
1
21
22
SIM5
SIM1
SIM2
SIM3
SIM4
1
21
22
SIM5
SIM1
SIM2
SIM3
SIM4
1
21
22
SIM5
SIM1
SIM2
SIM3
SIM4
1
21
22
SIM5
SIM1
SIM2
SIM3
SIM4
1
21
22
SIM5
SIM1
SIM2
SIM3
SIM4
1
21
22
SIM5
SIM1
SIM2
SIM3
SIM4
1
21
22
SIM5
SIM1
SIM2
SIM3
SIM4
1
21
22
SIM5
SIM1
SIM2
SIM3
SIM4
1
21
22
SIM5
SIM1
SIM2
SIM3
SIM4
1
21
22
SIM5
SIM1
SIM2
SIM3
SIM4
1
21
22
SIM5
SIM1
SIM2
SIM3
SIM4
1
21
22
SIM5
SIM1
SIM2
SIM3
SIM4
1
21
22
SIM5
SIM1
SIM2
SIM3
SIM4
1
21
22
SIM5
SIM1
SIM2
SIM3
SIM4
1
21
22
SIM5
SIM1
SIM2
SIM3
SIM4
1
21
22
SIM5
SIM1
SIM2
SIM3
SIM4
1
21
22
SIM5
SIM1
SIM2
SIM3
SIM4
1
21
22
SIM5
SIM1
SIM2
SIM3
SIM4
1
21
22
SIM5
SIM1
SIM2
SIM3
SIM4
1
21
22
SIM5
SIM1
SIM2
SIM3
SIM4
1
21
22
SIM5
SIM1
SIM2
SIM3
SIM4
1
21
22
SIM5
SIM1
SIM2
SIM3
SIM4
1
21
22
SIM5
SIM1
SIM2
SIM3
SIM4
1
21
22
SIM5
SIM1
SIM2
SIM3
SIM4
1
21
22
SIM5
SIM1
SIM2
SIM3
SIM4
1
21
22
SIM5
SIM1
SIM2
SIM3
SIM4
1
21
22
SIM5
SIM1
SIM2
SIM3
SIM4
1
21
22
SIM5
SIM1
SIM2
SIM3
SIM4
1
21
22
SIM5
SIM1
SIM2
SIM3
SIM4
1
21
22
SIM5
SIM1
SIM2
SIM3
SIM4
1
21
22
SIM5
SIM1
SIM2
SIM3
SIM4
1
21
22
SIM5
SIM1
SIM2
SIM3
SIM4
1
21
22
SIM5
SIM1
SIM2
SIM3
SIM4
1
21
22
SIM5
SIM1
SIM2
SIM3
SIM4
1
21
22
SIM5
SIM1
SIM2
SIM3
SIM4
1
21
22
SIM5
SIM1
SIM2
SIM3
SIM4
1
21
22
SIM5
SIM1
SIM2
SIM3
SIM4
1
21
22
SIM5
SIM1
SIM2
SIM3
SIM4
1
21
22
SIM5
SIM1
SIM2
SIM3
SIM4
1
21
22
SIM5
SIM1
SIM2
SIM3
SIM4
1
21
22
SIM5
SIM1
SIM2
SIM3
SIM4
1
21
22
SIM5
SIM1
SIM2
SIM3
SIM4
1
21
22
SIM5
SIM1
SIM2
SIM3
SIM4
1
21
22
SIM5
SIM1
SIM2
SIM3
SIM4
1
21
22
SIM5
SIM1
SIM2
SIM3
SIM4
1
21
22
SIM5
SIM1
SIM2
SIM3
SIM4
1
21
22
SIM5
SIM1
SIM2
SIM3
SIM4
1
21
22
SIM5
SIM1
SIM2
SIM3
SIM4
1
21
22
SIM5
SIM1
SIM2
SIM3
SIM4
1
21
22
SIM5
SIM1
SIM2
SIM3
SIM4
1
21
22
SIM5
SIM1
SIM2
SIM3
SIM4
1
21
22
SIM5
SIM1
SIM2
SIM3
SIM4
1
21
22
SIM5
SIM1
SIM2
SIM3
SIM4
1
21
22
SIM5
SIM1
SIM2
SIM3
SIM4
1
21
22
SIM5
SIM1
SIM2
SIM3
SIM4
1
21
22
SIM5
SIM1
SIM2
SIM3
SIM4
1
21
22
SIM5
SIM1
SIM2
SIM3
SIM4
1
21
22
SIM5
SIM1
SIM2
SIM3
SIM4
1
21
22
SIM5
SIM1
SIM2
SIM3
SIM4
1
21
22
SIM5
SIM1
SIM2
SIM3
SIM4
1
21
22
SIM5
SIM1
SIM2
SIM3
SIM4
1
21
22
SIM5
SIM1
SIM2
SIM3
SIM4
1
21
22
SIM5
SIM1
SIM2
SIM3
SIM4
1
21
22
SIM5
SIM1
SIM2
SIM3
SIM4
1
21
22
SIM5
SIM1
SIM2
SIM3
SIM4
1
21
22
SIM5
SIM1
SIM2
SIM3
SIM4
1
21
22
SIM5
SIM1
SIM2
SIM3
SIM4
1
21
22
SIM5
SIM1
SIM2
SIM3
SIM4
1
21
22
SIM5
SIM1
SIM2
SIM3
SIM4
1
21
22
SIM5
SIM1
SIM2
SIM3
SIM4
1
21
22
SIM5
SIM1
SIM2
SIM3
SIM4
1
21
22
SIM5
SIM1
SIM2
SIM3
SIM4
1
21
22
SIM5
SIM1
SIM2
SIM3
SIM4
1
21
22
SIM5
SIM1
SIM2
SIM3
SIM4
1
21
22
SIM5
SIM1
SIM2
SIM3
SIM4
1
21
22
SIM5
SIM1
SIM2
SIM3
SIM4
1
21
22
SIM5
SIM1
SIM2
SIM3
SIM4
1
21
22
SIM5
SIM1
SIM2
SIM3
SIM4
1
21
22
SIM5
SIM1
SIM2
SIM3
SIM4
1
21
22
SIM5
SIM1
SIM2
SIM3
SIM4
1
21
22
SIM5
SIM1
SIM2
SIM3
SIM4
1
21
22
SIM5
SIM1
SIM2
SIM3
SIM4
1
21
22
SIM5
SIM1
SIM2
SIM3
SIM4
1
21
22
SIM5
SIM1
SIM2
SIM3
SIM4
1
21
22
SIM5
SIM1
SIM2
SIM3
SIM4
1
21
22
SIM5
SIM1
SIM2
DEBUG 1 907
SIM1
SIM2
SIM3
SIM4
1
21
22
SIM5
SIM1
SIM2
SIM3
SIM4
1
21
22
SIM5
SIM1
SIM2
SIM3
SIM4
1
21
22
SIM5
SIM1
SIM2
SIM3
SIM4
1
21
22
SIM5
SIM1
SIM2
SIM3
SIM4
1
21
22
SIM5
SIM1
SIM2
SIM3
SIM4
1
21
22
SIM5
SIM1
SIM2
SIM3
SIM4
1
21
22
SIM5
SIM1
SIM2
SIM3
SIM4
1
21
22
SIM5
SIM1
SIM2
SIM3
SIM4
1
21
22
SIM5
SIM1
SIM2
SIM3
SIM4
1
21
22
SIM5
SIM1
SIM2
SIM3
SIM4
1
21
22
SIM5
SIM1
SIM2
SIM3
SIM4
1
21
22
SIM5
SIM1
SIM2
SIM3
SIM4
1
21
22
SIM5
SIM1
SIM2
SIM3
SIM4
1
21
22
SIM5
SIM1
SIM2
SIM3
SIM4
1
21
22
SIM5
SIM1
SIM2
SIM3
SIM4
1
21
22
SIM5
SIM1
SIM2
SIM3
SIM4
1
21
22
SIM5
SIM1
SIM2
SIM3
SIM4
1
21
22
SIM5
SIM1
SIM2
SIM3
SIM4
1
21
22
SIM5
SIM1
SIM2
SIM3
SIM4
1
21
22
SIM5
SIM1
SIM2
SIM3
SIM4
1
21
22
SIM5
SIM1
SIM2
SIM3
SIM4
1
21
22
SIM5
SIM1
SIM2
SIM3
SIM4
1
21
22
SIM5
SIM1
SIM2
SIM3
SIM4
1
21
22
SIM5
SIM1
SIM2
SIM3
SIM4
1
21
22
SIM5
SIM1
SIM2
SIM3
SIM4
1
21
22
SIM5
SIM1
SIM2
SIM3
SIM4
1
21
22
SIM5
SIM1
SIM2
SIM3
SIM4
1
21
22
SIM5
SIM1
SIM2
SIM3
SIM4
1
21
22
SIM5
SIM1
SIM2
SIM3
SIM4
1
21
22
SIM5
SIM1
SIM2
SIM3
SIM4
1
21
22
SIM5
SIM1
SIM2
SIM3
SIM4
1
21
22
SIM5
SIM1
SIM2
SIM3
SIM4
1
21
22
SIM5
SIM1
SIM2
SIM3
SIM4
1
21
22
SIM5
SIM1
SIM2
SIM3
SIM4
1
21
22
SIM5
SIM1
SIM2
SIM3
SIM4
1
21
22
SIM5
SIM1
SIM2
SIM3
SIM4
1
21
22
SIM5
SIM1
SIM2
SIM3
SIM4
1
21
22
SIM5
SIM1
SIM2
SIM3
SIM4
1
21
22
SIM5
SIM1
SIM2
SIM3
SIM4
1
21
22
SIM5
SIM1
SIM2
SIM3
SIM4
1
21
22
SIM5
SIM1
SIM2
SIM3
SIM4
1
21
22
SIM5
SIM1
SIM2
SIM3
SIM4
1
21
22
SIM5
SIM1
SIM2
SIM3
SIM4
1
21
22
SIM5
SIM1
SIM2
SIM3
SIM4
1
21
22
SIM5
SIM1
SIM2
SIM3
SIM4
1
21
22
SIM5
SIM1
SIM2
SIM3
SIM4
1
21
22
SIM5
SIM1
SIM2
SIM3
SIM4
1
21
22
SIM5
SIM1
SIM2
SIM3
SIM4
1
21
22
SIM5
SIM1
SIM2
SIM3
SIM4
1
21
22
SIM5
SIM1
SIM2
SIM3
SIM4
1
21
22
SIM5
SIM1
SIM2
SIM3
SIM4
1
21
22
SIM5
SIM1
SIM2
SIM3
SIM4
1
21
22
SIM5
SIM1
SIM2
SIM3
SIM4
1
21
22
SIM5
SIM1
SIM2
SIM3
SIM4
1
21
22
SIM5
SIM1
SIM2
SIM3
SIM4
1
21
22
SIM5
SIM1
SIM2
SIM3
SIM4
1
21
22
SIM5
SIM1
SIM2
SIM3
SIM4
1
21
22
SIM5
SIM1
SIM2
SIM3
SIM4
1
21
22
SIM5
SIM1
SIM2
SIM3
SIM4
1
21
22
SIM5
SIM1
SIM2
SIM3
SIM4
1
21
22
SIM5
SIM1
SIM2
SIM3
SIM4
1
21
22
SIM5
SIM1
SIM2
SIM3
SIM4
1
21
22
SIM5
SIM1
SIM2
SIM3
SIM4
1
21
22
SIM5
SIM1
SIM2
SIM3
SIM4
1
21
22
SIM5
SIM1
SIM2
SIM3
SIM4
1
21
22
SIM5
SIM1
SIM2
SIM3
SIM4
1
21
22
SIM5
SIM1
SIM2
SIM3
SIM4
1
21
22
SIM5
SIM1
SIM2
SIM3
SIM4
1
21
22
SIM5
SIM1
SIM2
SIM3
SIM4
1
21
22
SIM5
SIM1
SIM2
SIM3
SIM4
1
21
22
SIM5
SIM1
SIM2
SIM3
SIM4
1
21
22
SIM5
SIM1
SIM2
SIM3
SIM4
1
21
22
SIM5
SIM1
SIM2
SIM3
SIM4
1
21
22
SIM5
SIM1
SIM2
SIM3
SIM4
1
21
22
SIM5
SIM1
SIM2
SIM3
SIM4
1
21
22
SIM5
SIM1
SIM2
SIM3
SIM4
1
21
22
SIM5
SIM1
SIM2
SIM3
SIM4
1
21
22
SIM5
SIM1
SIM2
SIM3
SIM4
1
21
22
SIM5
SIM1
SIM2
SIM3
SIM4
1
21
22
SIM5
SIM1
SIM2
SIM3
SIM4
1
21
22
SIM5
SIM1
SIM2
SIM3
SIM4
1
21
22
SIM5
SIM1
SIM2
SIM3
SIM4
1
21
22
SIM5
SIM1
SIM2
SIM3
SIM4
1
21
22
SIM5
SIM1
SIM2
SIM3
SIM4
1
21
22
SIM5
SIM1
SIM2
SIM3
SIM4
1
21
22
SIM5
SIM1
SIM2
SIM3
SIM4
1
21
22
SIM5
SIM1
SIM2
SIM3
SIM4
1
21
22
SIM5
SIM1
SIM2
SIM3
SIM4
1
21
22
SIM5
SIM1
SIM2
SIM3
SIM4
1
21
22
SIM5
SIM1
SIM2
SIM3
SIM4
1
21
22
SIM5
SIM1
SIM2
SIM3
SIM4
1
21
22
SIM5
SIM1
SIM2
SIM3
SIM4
1
21
22
SIM5
SIM1
SIM2
SIM3
SIM4
1
21
22
SIM5
SIM1
SIM2
SIM3
SIM4
1
21
22
SIM5
SIM1
SIM2
SIM3
SIM4
1
21
22
SIM5
SIM1
SIM2
SIM3
SIM4
1
21
22
SIM5
SIM1
SIM2
SIM3
SIM4
1
21
22
SIM5
SIM1
SIM2
SIM3
SIM4
1
21
22
SIM5
SIM1
SIM2
SIM3
SIM4
1
21
22
SIM5
SIM1
SIM2
SIM3
SIM4
1
21
22
SIM5
SIM1
SIM2
SIM3
SIM4
1
21
22
SIM5
SIM1
SIM2
SIM3
SIM4
1
21
22
SIM5
SIM1
SIM2
SIM3
SIM4
1
21
22
SIM5
SIM1
SIM2
SIM3
SIM4
1
21
22
SIM5
SIM1
SIM2
SIM3
SIM4
1
21
22
SIM5
SIM1
SIM2
SIM3
SIM4
1
21
22
SIM5
SIM1
SIM2
SIM3
SIM4
1
21
22
SIM5
SIM1
SIM2
SIM3
SIM4
1
21
22
SIM5
SIM1
SIM2
SIM3
SIM4
1
21
22
SIM5
SIM1
SIM2
SIM3
SIM4
1
21
22
SIM5
SIM1
SIM2
SIM3
SIM4
1
21
22
SIM5
SIM1
SIM2
SIM3
SIM4
1
21
22
SIM5
SIM1
SIM2
SIM3
SIM4
1
21
22
SIM5
SIM1
SIM2
SIM3
SIM4
1
21
22
SIM5
SIM1
SIM2
SIM3
SIM4
1
21
22
SIM5
SIM1
SIM2
SIM3
SIM4
1
21
22
SIM5
SIM1
SIM2
SIM3
SIM4
1
21
22
SIM5
SIM1
SIM2
SIM3
SIM4
1
21
22
SIM5
SIM1
SIM2
SIM3
SIM4
1
21
22
SIM5
SIM1
SIM2
SIM3
SIM4
1
21
22
SIM5
SIM1
SIM2
SIM3
SIM4
1
21
22
SIM5
SIM1
SIM2
SIM3
SIM4
1
21
22
SIM5
SIM1
SIM2
SIM3
SIM4
1
21
22
SIM5
SIM1
SIM2
SIM3
SIM4
1
21
22
SIM5
SIM1
SIM2
SIM3
SIM4
1
21
22
SIM5
SIM1
SIM2
SIM3
SIM4
1
21
22
SIM5
SIM1
SIM2
SIM3
SIM4
1
21
22
SIM5
SIM1
SIM2
SIM3
SIM4
1
21
22
SIM5
SIM1
SIM2
SIM3
SIM4
1
21
22
SIM5
SIM1
SIM2
SIM3
SIM4
1
21
22
SIM5
SIM1
SIM2
SIM3
SIM4
1
21
22
SIM5
SIM1
SIM2
SIM3
SIM4
1
21
22
SIM5
SIM1
SIM2
SIM3
SIM4
1
21
22
SIM5
SIM1
SIM2
SIM3
SIM4
1
21
22
SIM5
SIM1
SIM2
SIM3
SIM4
1
21
22
SIM5
SIM1
SIM2
SIM3
SIM4
1
21
22
SIM5
SIM1
SIM2
SIM3
SIM4
1
21
22
SIM5
SIM1
SIM2
SIM3
SIM4
1
21
22
SIM5
SIM1
SIM2
SIM3
SIM4
1
21
22
SIM5
SIM1
SIM2
SIM3
SIM4
1
21
22
SIM5
SIM1
SIM2
SIM3
SIM4
1
21
22
SIM5
SIM1
SIM2
SIM3
SIM4
1
21
22
SIM5
SIM1
SIM2
SIM3
SIM4
1
21
22
SIM5
SIM1
SIM2
SIM3
SIM4
1
21
22
SIM5
SIM1
SIM2
SIM3
SIM4
1
21
22
SIM5
SIM1
SIM2
SIM3
SIM4
1
21
22
SIM5
SIM1
SIM2
SIM3
SIM4
1
21
22
SIM5
SIM1
SIM2
SIM3
SIM4
1
21
22
SIM5
SIM1
SIM2
SIM3
SIM4
1
21
22
SIM5
SIM1
SIM2
SIM3
SIM4
1
21
22
SIM5
SIM1
SIM2
SIM3
SIM4
1
21
22
SIM5
SIM1
SIM2
SIM3
SIM4
1
21
22
SIM5
SIM1
SIM2
DEBUG 1 908
SIM1
SIM2
SIM3
SIM4
1
21
22
SIM5
SIM1
SIM2
SIM3
SIM4
1
21
22
SIM5
SIM1
SIM2
SIM3
SIM4
1
21
22
SIM5
SIM1
SIM2
SIM3
SIM4
1
21
22
SIM5
SIM1
SIM2
SIM3
SIM4
1
21
22
SIM5
SIM1
SIM2
SIM3
SIM4
1
21
22
SIM5
SIM1
SIM2
SIM3
SIM4
1
21
22
SIM5
SIM1
SIM2
SIM3
SIM4
1
21
22
SIM5
SIM1
SIM2
SIM3
SIM4
1
21
22
SIM5
SIM1
SIM2
SIM3
SIM4
1
21
22
SIM5
SIM1
SIM2
SIM3
SIM4
1
21
22
SIM5
SIM1
SIM2
SIM3
SIM4
1
21
22
SIM5
SIM1
SIM2
SIM3
SIM4
1
21
22
SIM5
SIM1
SIM2
SIM3
SIM4
1
21
22
SIM5
SIM1
SIM2
SIM3
SIM4
1
21
22
SIM5
SIM1
SIM2
SIM3
SIM4
1
21
22
SIM5
SIM1
SIM2
SIM3
SIM4
1
21
22
SIM5
SIM1
SIM2
SIM3
SIM4
1
21
22
SIM5
SIM1
SIM2
SIM3
SIM4
1
21
22
SIM5
SIM1
SIM2
SIM3
SIM4
1
21
22
SIM5
SIM1
SIM2
SIM3
SIM4
1
21
22
SIM5
SIM1
SIM2
SIM3
SIM4
1
21
22
SIM5
SIM1
SIM2
SIM3
SIM4
1
21
22
SIM5
SIM1
SIM2
SIM3
SIM4
1
21
22
SIM5
SIM1
SIM2
SIM3
SIM4
1
21
22
SIM5
SIM1
SIM2
SIM3
SIM4
1
21
22
SIM5
SIM1
SIM2
SIM3
SIM4
1
21
22
SIM5
SIM1
SIM2
SIM3
SIM4
1
21
22
SIM5
SIM1
SIM2
SIM3
SIM4
1
21
22
SIM5
SIM1
SIM2
SIM3
SIM4
1
21
22
SIM5
SIM1
SIM2
SIM3
SIM4
1
21
22
SIM5
SIM1
SIM2
SIM3
SIM4
1
21
22
SIM5
SIM1
SIM2
SIM3
SIM4
1
21
22
SIM5
SIM1
SIM2
SIM3
SIM4
1
21
22
SIM5
SIM1
SIM2
SIM3
SIM4
1
21
22
SIM5
SIM1
SIM2
SIM3
SIM4
1
21
22
SIM5
SIM1
SIM2
SIM3
SIM4
1
21
22
SIM5
SIM1
SIM2
SIM3
SIM4
1
21
22
SIM5
SIM1
SIM2
SIM3
SIM4
1
21
22
SIM5
SIM1
SIM2
SIM3
SIM4
1
21
22
SIM5
SIM1
SIM2
SIM3
SIM4
1
21
22
SIM5
SIM1
SIM2
SIM3
SIM4
1
21
22
SIM5
SIM1
SIM2
SIM3
SIM4
1
21
22
SIM5
SIM1
SIM2
SIM3
SIM4
1
21
22
SIM5
SIM1
SIM2
SIM3
SIM4
1
21
22
SIM5
SIM1
SIM2
SIM3
SIM4
1
21
22
SIM5
SIM1
SIM2
SIM3
SIM4
1
21
22
SIM5
SIM1
SIM2
SIM3
SIM4
1
21
22
SIM5
SIM1
SIM2
SIM3
SIM4
1
21
22
SIM5
SIM1
SIM2
SIM3
SIM4
1
21
22
SIM5
SIM1
SIM2
SIM3
SIM4
1
21
22
SIM5
SIM1
SIM2
SIM3
SIM4
1
21
22
SIM5
SIM1
SIM2
SIM3
SIM4
1
21
22
SIM5
SIM1
SIM2
SIM3
SIM4
1
21
22
SIM5
SIM1
SIM2
SIM3
SIM4
1
21
22
SIM5
SIM1
SIM2
SIM3
SIM4
1
21
22
SIM5
SIM1
SIM2
SIM3
SIM4
1
21
22
SIM5
SIM1
SIM2
SIM3
SIM4
1
21
22
SIM5
SIM1
SIM2
SIM3
SIM4
1
21
22
SIM5
SIM1
SIM2
SIM3
SIM4
1
21
22
SIM5
SIM1
SIM2
SIM3
SIM4
1
21
22
SIM5
SIM1
SIM2
SIM3
SIM4
1
21
22
SIM5
SIM1
SIM2
SIM3
SIM4
1
21
22
SIM5
SIM1
SIM2
SIM3
SIM4
1
21
22
SIM5
SIM1
SIM2
SIM3
SIM4
1
21
22
SIM5
SIM1
SIM2
SIM3
SIM4
1
21
22
SIM5
SIM1
SIM2
SIM3
SIM4
1
21
22
SIM5
SIM1
SIM2
SIM3
SIM4
1
21
22
SIM5
SIM1
SIM2
SIM3
SIM4
1
21
22
SIM5
SIM1
SIM2
SIM3
SIM4
1
21
22
SIM5
SIM1
SIM2
SIM3
SIM4
1
21
22
SIM5
SIM1
SIM2
SIM3
SIM4
1
21
22
SIM5
SIM1
SIM2
SIM3
SIM4
1
21
22
SIM5
SIM1
SIM2
SIM3
SIM4
1
21
22
SIM5
SIM1
SIM2
SIM3
SIM4
1
21
22
SIM5
SIM1
SIM2
SIM3
SIM4
1
21
22
SIM5
SIM1
SIM2
SIM3
SIM4
1
21
22
SIM5
SIM1
SIM2
SIM3
SIM4
1
21
22
SIM5
SIM1
SIM2
SIM3
SIM4
1
21
22
SIM5
SIM1
SIM2
SIM3
SIM4
1
21
22
SIM5
SIM1
SIM2
SIM3
SIM4
1
21
22
SIM5
SIM1
SIM2
SIM3
SIM4
1
21
22
SIM5
SIM1
SIM2
SIM3
SIM4
1
21
22
SIM5
SIM1
SIM2
SIM3
SIM4
1
21
22
SIM5
SIM1
SIM2
SIM3
SIM4
1
21
22
SIM5
SIM1
SIM2
SIM3
SIM4
1
21
22
SIM5
SIM1
SIM2
SIM3
SIM4
1
21
22
SIM5
SIM1
SIM2
SIM3
SIM4
1
21
22
SIM5
SIM1
SIM2
SIM3
SIM4
1
21
22
SIM5
SIM1
SIM2
SIM3
SIM4
1
21
22
SIM5
SIM1
SIM2
SIM3
SIM4
1
21
22
SIM5
SIM1
SIM2
SIM3
SIM4
1
21
22
SIM5
SIM1
SIM2
SIM3
SIM4
1
21
22
SIM5
SIM1
SIM2
SIM3
SIM4
1
21
22
SIM5
SIM1
SIM2
SIM3
SIM4
1
21
22
SIM5
SIM1
SIM2
SIM3
SIM4
1
21
22
SIM5
SIM1
SIM2
SIM3
SIM4
1
21
22
SIM5
SIM1
SIM2
SIM3
SIM4
1
21
22
SIM5
SIM1
SIM2
SIM3
SIM4
1
21
22
SIM5
SIM1
SIM2
SIM3
SIM4
1
21
22
SIM5
SIM1
SIM2
SIM3
SIM4
1
21
22
SIM5
SIM1
SIM2
SIM3
SIM4
1
21
22
SIM5
SIM1
SIM2
SIM3
SIM4
1
21
22
SIM5
SIM1
SIM2
SIM3
SIM4
1
21
22
SIM5
SIM1
SIM2
SIM3
SIM4
1
21
22
SIM5
SIM1
SIM2
SIM3
SIM4
1
21
22
SIM5
SIM1
SIM2
SIM3
SIM4
1
21
22
SIM5
SIM1
SIM2
SIM3
SIM4
1
21
22
SIM5
SIM1
SIM2
SIM3
SIM4
1
21
22
SIM5
SIM1
SIM2
SIM3
SIM4
1
21
22
SIM5
SIM1
SIM2
SIM3
SIM4
1
21
22
SIM5
SIM1
SIM2
SIM3
SIM4
1
21
22
SIM5
SIM1
SIM2
SIM3
SIM4
1
21
22
SIM5
SIM1
SIM2
SIM3
SIM4
1
21
22
SIM5
SIM1
SIM2
SIM3
SIM4
1
21
22
SIM5
SIM1
SIM2
SIM3
SIM4
1
21
22
SIM5
SIM1
SIM2
SIM3
SIM4
1
21
22
SIM5
SIM1
SIM2
SIM3
SIM4
1
21
22
SIM5
SIM1
SIM2
SIM3
SIM4
1
21
22
SIM5
SIM1
SIM2
SIM3
SIM4
1
21
22
SIM5
SIM1
SIM2
SIM3
SIM4
1
21
22
SIM5
SIM1
SIM2
SIM3
SIM4
1
21
22
SIM5
SIM1
SIM2
SIM3
SIM4
1
21
22
SIM5
SIM1
SIM2
SIM3
SIM4
1
21
22
SIM5
SIM1
SIM2
SIM3
SIM4
1
21
22
SIM5
SIM1
SIM2
SIM3
SIM4
1
21
22
SIM5
SIM1
SIM2
SIM3
SIM4
1
21
22
SIM5
SIM1
SIM2
SIM3
SIM4
1
21
22
SIM5
SIM1
SIM2
SIM3
SIM4
1
21
22
SIM5
SIM1
SIM2
SIM3
SIM4
1
21
22
SIM5
SIM1
SIM2
SIM3
SIM4
1
21
22
SIM5
SIM1
SIM2
SIM3
SIM4
1
21
22
SIM5
SIM1
SIM2
SIM3
SIM4
1
21
22
SIM5
SIM1
SIM2
SIM3
SIM4
1
21
22
SIM5
SIM1
SIM2
SIM3
SIM4
1
21
22
SIM5
SIM1
SIM2
SIM3
SIM4
1
21
22
SIM5
SIM1
SIM2
SIM3
SIM4
1
21
22
SIM5
SIM1
SIM2
SIM3
SIM4
1
21
22
SIM5
SIM1
SIM2
SIM3
SIM4
1
21
22
SIM5
SIM1
SIM2
SIM3
SIM4
1
21
22
SIM5
SIM1
SIM2
SIM3
SIM4
1
21
22
SIM5
SIM1
SIM2
SIM3
SIM4
1
21
22
SIM5
SIM1
SIM2
SIM3
SIM4
1
21
22
SIM5
SIM1
SIM2
SIM3
SIM4
1
21
22
SIM5
SIM1
SIM2
SIM3
SIM4
1
21
22
SIM5
SIM1
SIM2
SIM3
SIM4
1
21
22
SIM5
SIM1
SIM2
SIM3
SIM4
1
21
22
SIM5
SIM1
SIM2
SIM3
SIM4
1
21
22
SIM5
SIM1
SIM2
SIM3
SIM4
1
21
22
SIM5
SIM1
SIM2
SIM3
SIM4
1
21
22
SIM5
SIM1
SIM2
SIM3
SIM4
1
21
22
SIM5
SIM1
SIM2
SIM3
SIM4
1
21
22
SIM5
SIM1
SIM2
SIM3
SIM4
1
21
22
SIM5
SIM1
SIM2
SIM3
SIM4
1
21
22
SIM5
SIM1
SIM2
SIM3
SIM4
1
21
22
SIM5
SIM1
SIM2
SIM3
SIM4
1
21
22
SIM5
SIM1
SIM2
SIM3
SIM4
1
21
22
SIM5
SIM1
SIM2
SIM3
SIM4
1
21
22
SIM5
SIM1
SIM2
SIM3
SIM4
1
21
22
SIM5
SIM1
SIM2
SIM3
SIM4
1
21
22
SIM5
SIM1
SIM2
SIM3
SIM4
1
21
22
SIM5
SIM1
SIM2
SIM3
SIM4
1
21
22
SIM5
SIM1
SIM2
SIM3
SIM4
1
21
22
SIM5
SIM1
SIM2
SIM3
SIM4
1
21
22
SIM5
SIM1
SIM2
SIM3
SIM4
1
21
22
SIM5
SIM1
SIM2
SIM3
SIM4
1
21
22
SIM5
SIM1
SIM2
SIM3
SIM4
1
21
22
SIM5
SIM1
SIM2
SIM3
SIM4
1
21
22
SIM5
SIM1
SIM2
SIM3
SIM4
1
21
22
SIM5
SIM1
SIM2
SIM3
SIM4
1
21
22
SIM5
SIM1
SIM2
SIM3
SIM4
1
21
22
SIM5
SIM1
SIM2
SIM3
SIM4
1
21
22
SIM5
SIM1
SIM2
SIM3
SIM4
1
21
22
SIM5
SIM1
SIM2
SIM3
SIM4
1
21
22
SIM5
SIM1
SIM2
SIM3
SIM4
1
21
22
SIM5
SIM1
SIM2
SIM3
SIM4
1
21
22
SIM5
SIM1
SIM2
SIM3
SIM4
1
21
22
SIM5
SIM1
SIM2
SIM3
SIM4
1
21
22
SIM5
SIM1
SIM2
SIM3
SIM4
1
21
22
SIM5
SIM1
SIM2
SIM3
SIM4
1
21
22
SIM5
SIM1
SIM2
SIM3
SIM4
1
21
22
SIM5
SIM1
SIM2
SIM3
SIM4
1
21
22
SIM5
SIM1
SIM2
SIM3
SIM4
1
21
22
SIM5
SIM1
SIM2
SIM3
SIM4
1
21
22
SIM5
SIM1
SIM2
SIM3
SIM4
1
21
22
SIM5
SIM1
SIM2
SIM3
SIM4
1
21
22
SIM5
SIM1
SIM2
SIM3
SIM4
1
21
22
SIM5
SIM1
SIM2
SIM3
SIM4
1
21
22
SIM5
SIM1
SIM2
SIM3
SIM4
1
21
22
SIM5
SIM1
SIM2
SIM3
SIM4
1
21
22
SIM5
SIM1
SIM2
SIM3
SIM4
1
21
22
SIM5
SIM1
SIM2
SIM3
SIM4
1
21
22
SIM5
SIM1
SIM2
SIM3
SIM4
1
21
22
SIM5
SIM1
SIM2
SIM3
SIM4
1
21
22
SIM5
SIM1
SIM2
SIM3
SIM4
1
21
22
SIM5
SIM1
SIM2
SIM3
SIM4
1
21
22
SIM5
SIM1
SIM2
SIM3
SIM4
1
21
22
SIM5
SIM1
SIM2
SIM3
SIM4
1
21
22
SIM5
SIM1
SIM2
SIM3
SIM4
1
21
22
SIM5
SIM1
SIM2
SIM3
SIM4
1
21
22
SIM5
SIM1
SIM2
SIM3
SIM4
1
21
22
SIM5
SIM1
SIM2
SIM3
SIM4
1
21
22
SIM5
SIM1
SIM2
SIM3
SIM4
1
21
22
SIM5
SIM1
SIM2
SIM3
SIM4
1
21
22
SIM5
SIM1
SIM2
SIM3
SIM4
1
21
22
SIM5
SIM1
SIM2
SIM3
SIM4
1
21
22
SIM5
SIM1
SIM2
SIM3
SIM4
1
21
22
SIM5
SIM1
SIM2
SIM3
SIM4
1
21
22
SIM5
SIM1
SIM2
SIM3
SIM4
1
21
22
SIM5
SIM1
SIM2
SIM3
SIM4
1
21
22
SIM5
SIM1
SIM2
SIM3
SIM4
1
21
22
SIM5
SIM1
SIM2
SIM3
SIM4
1
21
22
SIM5
SIM1
SIM2
SIM3
SIM4
1
21
22
SIM5
SIM1
SIM2
SIM3
SIM4
1
21
22
SIM5
SIM1
SIM2
SIM3
SIM4
1
21
22
SIM5
SIM1
SIM2
SIM3
SIM4
1
21
22
SIM5
SIM1
SIM2
SIM3
SIM4
1
21
22
SIM5
SIM1
SIM2
SIM3
SIM4
1
21
22
SIM5
SIM1
SIM2
SIM3
SIM4
1
21
22
SIM5
SIM1
SIM2
SIM3
SIM4
1
21
22
SIM5
SIM1
SIM2
SIM3
SIM4
1
21
22
SIM5
SIM1
SIM2
SIM3
SIM4
1
21
22
SIM5
SIM1
SIM2
SIM3
SIM4
1
21
22
SIM5
SIM1
SIM2
SIM3
SIM4
1
21
22
SIM5
SIM1
SIM2
SIM3
SIM4
1
21
22
SIM5
SIM1
SIM2
SIM3
SIM4
1
21
22
SIM5
SIM1
SIM2
SIM3
SIM4
1
21
22
SIM5
SIM1
SIM2
SIM3
SIM4
1
21
22
SIM5
SIM1
SIM2
SIM3
SIM4
1
21
22
SIM5
SIM1
SIM2
SIM3
SIM4
1
21
22
SIM5
SIM1
SIM2
DEBUG 1 909
SIM1
SIM2
SIM3
SIM4
1
21
22
SIM5
SIM1
SIM2
SIM3
SIM4
1
21
22
SIM5
SIM1
SIM2
SIM3
SIM4
1
21
22
SIM5
SIM1
SIM2
SIM3
SIM4
1
21
22
SIM5
SIM1
SIM2
SIM3
SIM4
1
21
22
SIM5
SIM1
SIM2
SIM3
SIM4
1
21
22
SIM5
SIM1
SIM2
SIM3
SIM4
1
21
22
SIM5
SIM1
SIM2
SIM3
SIM4
1
21
22
SIM5
SIM1
SIM2
SIM3
SIM4
1
21
22
SIM5
SIM1
SIM2
SIM3
SIM4
1
21
22
SIM5
SIM1
SIM2
SIM3
SIM4
1
21
22
SIM5
SIM1
SIM2
SIM3
SIM4
1
21
22
SIM5
SIM1
SIM2
SIM3
SIM4
1
21
22
SIM5
SIM1
SIM2
SIM3
SIM4
1
21
22
SIM5
SIM1
SIM2
SIM3
SIM4
1
21
22
SIM5
SIM1
SIM2
SIM3
SIM4
1
21
22
SIM5
SIM1
SIM2
SIM3
SIM4
1
21
22
SIM5
SIM1
SIM2
SIM3
SIM4
1
21
22
SIM5
SIM1
SIM2
SIM3
SIM4
1
21
22
SIM5
SIM1
SIM2
SIM3
SIM4
1
21
22
SIM5
SIM1
SIM2
SIM3
SIM4
1
21
22
SIM5
SIM1
SIM2
SIM3
SIM4
1
21
22
SIM5
SIM1
SIM2
SIM3
SIM4
1
21
22
SIM5
SIM1
SIM2
SIM3
SIM4
1
21
22
SIM5
SIM1
SIM2
SIM3
SIM4
1
21
22
SIM5
SIM1
SIM2
SIM3
SIM4
1
21
22
SIM5
SIM1
SIM2
SIM3
SIM4
1
21
22
SIM5
SIM1
SIM2
SIM3
SIM4
1
21
22
SIM5
SIM1
SIM2
SIM3
SIM4
1
21
22
SIM5
SIM1
SIM2
SIM3
SIM4
1
21
22
SIM5
SIM1
SIM2
SIM3
SIM4
1
21
22
SIM5
SIM1
SIM2
SIM3
SIM4
1
21
22
SIM5
SIM1
SIM2
SIM3
SIM4
1
21
22
SIM5
SIM1
SIM2
SIM3
SIM4
1
21
22
SIM5
SIM1
SIM2
SIM3
SIM4
1
21
22
SIM5
SIM1
SIM2
SIM3
SIM4
1
21
22
SIM5
SIM1
SIM2
SIM3
SIM4
1
21
22
SIM5
SIM1
SIM2
SIM3
SIM4
1
21
22
SIM5
SIM1
SIM2
SIM3
SIM4
1
21
22
SIM5
SIM1
SIM2
SIM3
SIM4
1
21
22
SIM5
SIM1
SIM2
SIM3
SIM4
1
21
22
SIM5
SIM1
SIM2
SIM3
SIM4
1
21
22
SIM5
SIM1
SIM2
SIM3
SIM4
1
21
22
SIM5
SIM1
SIM2
SIM3
SIM4
1
21
22
SIM5
SIM1
SIM2
SIM3
SIM4
1
21
22
SIM5
SIM1
SIM2
SIM3
SIM4
1
21
22
SIM5
SIM1
SIM2
SIM3
SIM4
1
21
22
SIM5
SIM1
SIM2
SIM3
SIM4
1
21
22
SIM5
SIM1
SIM2
SIM3
SIM4
1
21
22
SIM5
SIM1
SIM2
SIM3
SIM4
1
21
22
SIM5
SIM1
SIM2
SIM3
SIM4
1
21
22
SIM5
SIM1
SIM2
SIM3
SIM4
1
21
22
SIM5
SIM1
SIM2
SIM3
SIM4
1
21
22
SIM5
SIM1
SIM2
SIM3
SIM4
1
21
22
SIM5
SIM1
SIM2
SIM3
SIM4
1
21
22
SIM5
SIM1
SIM2
SIM3
SIM4
1
21
22
SIM5
SIM1
SIM2
SIM3
SIM4
1
21
22
SIM5
SIM1
SIM2
SIM3
SIM4
1
21
22
SIM5
SIM1
SIM2
SIM3
SIM4
1
21
22
SIM5
SIM1
SIM2
SIM3
SIM4
1
21
22
SIM5
SIM1
SIM2
SIM3
SIM4
1
21
22
SIM5
SIM1
SIM2
SIM3
SIM4
1
21
22
SIM5
SIM1
SIM2
SIM3
SIM4
1
21
22
SIM5
SIM1
SIM2
SIM3
SIM4
1
21
22
SIM5
SIM1
SIM2
SIM3
SIM4
1
21
22
SIM5
SIM1
SIM2
SIM3
SIM4
1
21
22
SIM5
SIM1
SIM2
SIM3
SIM4
1
21
22
SIM5
SIM1
SIM2
SIM3
SIM4
1
21
22
SIM5
SIM1
SIM2
SIM3
SIM4
1
21
22
SIM5
SIM1
SIM2
SIM3
SIM4
1
21
22
SIM5
SIM1
SIM2
SIM3
SIM4
1
21
22
SIM5
SIM1
SIM2
SIM3
SIM4
1
21
22
SIM5
SIM1
SIM2
SIM3
SIM4
1
21
22
SIM5
SIM1
SIM2
SIM3
SIM4
1
21
22
SIM5
SIM1
SIM2
SIM3
SIM4
1
21
22
SIM5
SIM1
SIM2
SIM3
SIM4
1
21
22
SIM5
SIM1
SIM2
SIM3
SIM4
1
21
22
SIM5
SIM1
SIM2
SIM3
SIM4
1
21
22
SIM5
SIM1
SIM2
SIM3
SIM4
1
21
22
SIM5
SIM1
SIM2
SIM3
SIM4
1
21
22
SIM5
SIM1
SIM2
SIM3
SIM4
1
21
22
SIM5
SIM1
SIM2
SIM3
SIM4
1
21
22
SIM5
SIM1
SIM2
SIM3
SIM4
1
21
22
SIM5
SIM1
SIM2
SIM3
SIM4
1
21
22
SIM5
SIM1
SIM2
SIM3
SIM4
1
21
22
SIM5
SIM1
SIM2
SIM3
SIM4
1
21
22
SIM5
SIM1
SIM2
SIM3
SIM4
1
21
22
SIM5
SIM1
SIM2
SIM3
SIM4
1
21
22
SIM5
SIM1
SIM2
SIM3
SIM4
1
21
22
SIM5
SIM1
SIM2
SIM3
SIM4
1
21
22
SIM5
SIM1
SIM2
SIM3
SIM4
1
21
22
SIM5
SIM1
SIM2
SIM3
SIM4
1
21
22
SIM5
SIM1
SIM2
SIM3
SIM4
1
21
22
SIM5
SIM1
SIM2
SIM3
SIM4
1
21
22
SIM5
SIM1
SIM2
SIM3
SIM4
1
21
22
SIM5
SIM1
SIM2
SIM3
SIM4
1
21
22
SIM5
SIM1
SIM2
SIM3
SIM4
1
21
22
SIM5
SIM1
SIM2
SIM3
SIM4
1
21
22
SIM5
SIM1
SIM2
SIM3
SIM4
1
21
22
SIM5
SIM1
SIM2
SIM3
SIM4
1
21
22
SIM5
SIM1
SIM2
SIM3
SIM4
1
21
22
SIM5
SIM1
SIM2
SIM3
SIM4
1
21
22
SIM5
SIM1
SIM2
SIM3
SIM4
1
21
22
SIM5
SIM1
SIM2
SIM3
SIM4
1
21
22
SIM5
SIM1
SIM2
SIM3
SIM4
1
21
22
SIM5
SIM1
SIM2
SIM3
SIM4
1
21
22
SIM5
SIM1
SIM2
SIM3
SIM4
1
21
22
SIM5
SIM1
SIM2
SIM3
SIM4
1
21
22
SIM5
SIM1
SIM2
SIM3
SIM4
1
21
22
SIM5
SIM1
SIM2
SIM3
SIM4
1
21
22
SIM5
SIM1
SIM2
SIM3
SIM4
1
21
22
SIM5
SIM1
SIM2
SIM3
SIM4
1
21
22
SIM5
SIM1
SIM2
SIM3
SIM4
1
21
22
SIM5
SIM1
SIM2
SIM3
SIM4
1
21
22
SIM5
SIM1
SIM2
SIM3
SIM4
1
21
22
SIM5
SIM1
SIM2
SIM3
SIM4
1
21
22
SIM5
SIM1
SIM2
SIM3
SIM4
1
21
22
SIM5
SIM1
SIM2
SIM3
SIM4
1
21
22
SIM5
SIM1
SIM2
SIM3
SIM4
1
21
22
SIM5
SIM1
SIM2
SIM3
SIM4
1
21
22
SIM5
SIM1
SIM2
SIM3
SIM4
1
21
22
SIM5
SIM1
SIM2
SIM3
SIM4
1
21
22
SIM5
SIM1
SIM2
SIM3
SIM4
1
21
22
SIM5
SIM1
SIM2
SIM3
SIM4
1
21
22
SIM5
SIM1
SIM2
SIM3
SIM4
1
21
22
SIM5
SIM1
SIM2
SIM3
SIM4
1
21
22
SIM5
SIM1
SIM2
SIM3
SIM4
1
21
22
SIM5
SIM1
SIM2
SIM3
SIM4
1
21
22
SIM5
SIM1
SIM2
SIM3
SIM4
1
21
22
SIM5
SIM1
SIM2
SIM3
SIM4
1
21
22
SIM5
SIM1
SIM2
SIM3
SIM4
1
21
22
SIM5
SIM1
SIM2
SIM3
SIM4
1
21
22
SIM5
SIM1
SIM2
SIM3
SIM4
1
21
22
SIM5
SIM1
SIM2
SIM3
SIM4
1
21
22
SIM5
SIM1
SIM2
SIM3
SIM4
1
21
22
SIM5
SIM1
SIM2
SIM3
SIM4
1
21
22
SIM5
SIM1
SIM2
SIM3
SIM4
1
21
22
SIM5
SIM1
SIM2
SIM3
SIM4
1
21
22
SIM5
SIM1
SIM2
SIM3
SIM4
1
21
22
SIM5
SIM1
SIM2
SIM3
SIM4
1
21
22
SIM5
SIM1
SIM2
SIM3
SIM4
1
21
22
SIM5
SIM1
SIM2
SIM3
SIM4
1
21
22
SIM5
SIM1
SIM2
SIM3
SIM4
1
21
22
SIM5
SIM1
SIM2
SIM3
SIM4
1
21
22
SIM5
SIM1
SIM2
SIM3
SIM4
1
21
22
SIM5
SIM1
SIM2
SIM3
SIM4
1
21
22
SIM5
SIM1
SIM2
SIM3
SIM4
1
21
22
SIM5
SIM1
SIM2
SIM3
SIM4
1
21
22
SIM5
SIM1
SIM2
SIM3
SIM4
1
21
22
SIM5
SIM1
SIM2
SIM3
SIM4
1
21
22
SIM5
SIM1
SIM2
SIM3
SIM4
1
21
22
SIM5
SIM1
SIM2
SIM3
SIM4
1
21
22
SIM5
SIM1
SIM2
SIM3
SIM4
1
21
22
SIM5
SIM1
SIM2
SIM3
SIM4
1
21
22
SIM5
SIM1
SIM2
SIM3
SIM4
1
21
22
SIM5
SIM1
SIM2
SIM3
SIM4
1
21
22
SIM5
SIM1
SIM2
SIM3
SIM4
1
21
22
SIM5
SIM1
SIM2
SIM3
SIM4
1
21
22
SIM5
SIM1
SIM2
SIM3
SIM4
1
21
22
SIM5
SIM1
SIM2
SIM3
SIM4
1
21
22
SIM5
SIM1
SIM2
SIM3
SIM4
1
21
22
SIM5
SIM1
SIM2
SIM3
SIM4
1
21
22
SIM5
SIM1
SIM2
SIM3
SIM4
1
21
22
SIM5
SIM1
SIM2
SIM3
SIM4
1
21
22
SIM5
SIM1
SIM2
SIM3
SIM4
1
21
22
SIM5
SIM1
SIM2
SIM3
SIM4
1
21
22
SIM5
SIM1
SIM2
SIM3
SIM4
1
21
22
SIM5
SIM1
SIM2
SIM3
SIM4
1
21
22
SIM5
SIM1
SIM2
SIM3
SIM4
1
21
22
SIM5
SIM1
SIM2
SIM3
SIM4
1
21
22
SIM5
SIM1
SIM2
SIM3
SIM4
1
21
22
SIM5
SIM1
SIM2
SIM3
SIM4
1
21
22
SIM5
SIM1
SIM2
SIM3
SIM4
1
21
22
SIM5
SIM1
SIM2
SIM3
SIM4
1
21
22
SIM5
SIM1
SIM2
SIM3
SIM4
1
21
22
SIM5
SIM1
SIM2
SIM3
SIM4
1
21
22
SIM5
SIM1
SIM2
SIM3
SIM4
1
21
22
SIM5
SIM1
SIM2
SIM3
SIM4
1
21
22
SIM5
SIM1
SIM2
SIM3
SIM4
1
21
22
SIM5
SIM1
SIM2
SIM3
SIM4
1
21
22
SIM5
SIM1
SIM2
SIM3
SIM4
1
21
22
SIM5
SIM1
SIM2
SIM3
SIM4
1
21
22
SIM5
SIM1
SIM2
SIM3
SIM4
1
21
22
SIM5
SIM1
SIM2
SIM3
SIM4
1
21
22
SIM5
SIM1
SIM2
SIM3
SIM4
1
21
22
SIM5
SIM1
SIM2
SIM3
SIM4
1
21
22
SIM5
SIM1
SIM2
SIM3
SIM4
1
21
22
SIM5
SIM1
SIM2
SIM3
SIM4
1
21
22
SIM5
SIM1
SIM2
SIM3
SIM4
1
21
22
SIM5
SIM1
SIM2
SIM3
SIM4
1
21
22
SIM5
SIM1
SIM2
SIM3
SIM4
1
21
22
SIM5
SIM1
SIM2
SIM3
SIM4
1
21
22
SIM5
SIM1
SIM2
SIM3
SIM4
1
21
22
SIM5
SIM1
SIM2
SIM3
SIM4
1
21
22
SIM5
SIM1
SIM2
SIM3
SIM4
1
21
22
SIM5
SIM1
SIM2
SIM3
SIM4
1
21
22
SIM5
SIM1
SIM2
SIM3
SIM4
1
21
22
SIM5
SIM1
SIM2
SIM3
SIM4
1
21
22
SIM5
SIM1
SIM2
SIM3
SIM4
1
21
22
SIM5
SIM1
SIM2
SIM3
SIM4
1
21
22
SIM5
SIM1
SIM2
SIM3
SIM4
1
21
22
SIM5
SIM1
SIM2
SIM3
SIM4
1
21
22
SIM5
SIM1
SIM2
SIM3
SIM4
1
21
22
SIM5
SIM1
SIM2
SIM3
SIM4
1
21
22
SIM5
SIM1
SIM2
SIM3
SIM4
1
21
22
SIM5
SIM1
SIM2
SIM3
SIM4
1
21
22
SIM5
SIM1
SIM2
SIM3
SIM4
1
21
22
SIM5
SIM1
SIM2
SIM3
SIM4
1
21
22
SIM5
SIM1
SIM2
SIM3
SIM4
1
21
22
SIM5
SIM1
SIM2
SIM3
SIM4
1
21
22
SIM5
SIM1
SIM2
SIM3
SIM4
1
21
22
SIM5
SIM1
SIM2
SIM3
SIM4
1
21
22
SIM5
SIM1
SIM2
SIM3
SIM4
1
21
22
SIM5
SIM1
SIM2
SIM3
SIM4
1
21
22
SIM5
SIM1
SIM2
SIM3
SIM4
1
21
22
SIM5
SIM1
SIM2
SIM3
SIM4
1
21
22
SIM5
SIM1
SIM2
SIM3
SIM4
1
21
22
SIM5
SIM1
SIM2
SIM3
SIM4
1
21
22
SIM5
SIM1
SIM2
SIM3
SIM4
1
21
22
SIM5
SIM1
SIM2
SIM3
SIM4
1
21
22
SIM5
SIM1
SIM2
SIM3
SIM4
1
21
22
SIM5
SIM1
SIM2
SIM3
SIM4
1
21
22
SIM5
SIM1
SIM2
SIM3
SIM4
1
21
22
SIM5
SIM1
SIM2
SIM3
SIM4
1
21
22
SIM5
SIM1
SIM2
SIM3
SIM4
1
21
22
SIM5
SIM1
SIM2
SIM3
SIM4
1
21
22
SIM5
SIM1
SIM2
SIM3
SIM4
1
21
22
SIM5
SIM1
SIM2
SIM3
SIM4
1
21
22
SIM5
SIM1
SIM2
SIM3
SIM4
1
21
22
SIM5
SIM1
SIM2
SIM3
SIM4
1
21
22
SIM5
SIM1
SIM2
SIM3
SIM4
1
21
22
SIM5
SIM1
SIM2
SIM3
SIM4
1
21
22
SIM5
SIM1
SIM2
SIM3
SIM4
1
21
22
SIM5
SIM1
SIM2
SIM3
SIM4
1
21
22
SIM5
SIM1
SIM2
SIM3
SIM4
1
21
22
SIM5
SIM1
SIM2
SIM3
SIM4
1
21
22
SIM5
SIM1
SIM2
SIM3
SIM4
1
21
22
SIM5
SIM1
SIM2
SIM3
SIM4
1
21
22
SIM5
SIM1
SIM2
SIM3
SIM4
1
21
22
SIM5
SIM1
SIM2
SIM3
SIM4
1
21
22
SIM5
SIM1
SIM2
SIM3
SIM4
1
21
22
SIM5
SIM1
SIM2
SIM3
SIM4
1
21
22
SIM5
SIM1
SIM2
SIM3
SIM4
1
21
22
SIM5
SIM1
SIM2
SIM3
SIM4
1
21
22
SIM5
SIM1
SIM2
SIM3
SIM4
1
21
22
SIM5
SIM1
SIM2
SIM3
SIM4
1
21
22
SIM5
SIM1
SIM2
SIM3
SIM4
1
21
22
SIM5
SIM1
SIM2
SIM3
SIM4
1
21
22
SIM5
SIM1
SIM2
SIM3
SIM4
1
21
22
SIM5
SIM1
SIM2
SIM3
SIM4
1
21
22
SIM5
SIM1
SIM2
SIM3
SIM4
1
21
22
SIM5
SIM1
SIM2
SIM3
SIM4
1
21
22
SIM5
SIM1
SIM2
SIM3
SIM4
1
21
22
SIM5
SIM1
SIM2
DEBUG 1 910
SIM1
SIM2
SIM3
SIM4
1
21
22
SIM5
SIM1
SIM2
SIM3
SIM4
1
21
22
SIM5
SIM1
SIM2
SIM3
SIM4
1
21
22
SIM5
SIM1
SIM2
SIM3
SIM4
1
21
22
SIM5
SIM1
SIM2
SIM3
SIM4
1
21
22
SIM5
SIM1
SIM2
SIM3
SIM4
1
21
22
SIM5
SIM1
SIM2
SIM3
SIM4
1
21
22
SIM5
SIM1
SIM2
SIM3
SIM4
1
21
22
SIM5
SIM1
SIM2
SIM3
SIM4
1
21
22
SIM5
SIM1
SIM2
SIM3
SIM4
1
21
22
SIM5
SIM1
SIM2
SIM3
SIM4
1
21
22
SIM5
SIM1
SIM2
SIM3
SIM4
1
21
22
SIM5
SIM1
SIM2
SIM3
SIM4
1
21
22
SIM5
SIM1
SIM2
SIM3
SIM4
1
21
22
SIM5
SIM1
SIM2
SIM3
SIM4
1
21
22
SIM5
SIM1
SIM2
SIM3
SIM4
1
21
22
SIM5
SIM1
SIM2
SIM3
SIM4
1
21
22
SIM5
SIM1
SIM2
SIM3
SIM4
1
21
22
SIM5
SIM1
SIM2
SIM3
SIM4
1
21
22
SIM5
SIM1
SIM2
SIM3
SIM4
1
21
22
SIM5
SIM1
SIM2
SIM3
SIM4
1
21
22
SIM5
SIM1
SIM2
SIM3
SIM4
1
21
22
SIM5
SIM1
SIM2
SIM3
SIM4
1
21
22
SIM5
SIM1
SIM2
SIM3
SIM4
1
21
22
SIM5
SIM1
SIM2
SIM3
SIM4
1
21
22
SIM5
SIM1
SIM2
SIM3
SIM4
1
21
22
SIM5
SIM1
SIM2
SIM3
SIM4
1
21
22
SIM5
SIM1
SIM2
SIM3
SIM4
1
21
22
SIM5
SIM1
SIM2
SIM3
SIM4
1
21
22
SIM5
SIM1
SIM2
SIM3
SIM4
1
21
22
SIM5
SIM1
SIM2
SIM3
SIM4
1
21
22
SIM5
SIM1
SIM2
SIM3
SIM4
1
21
22
SIM5
SIM1
SIM2
SIM3
SIM4
1
21
22
SIM5
SIM1
SIM2
SIM3
SIM4
1
21
22
SIM5
SIM1
SIM2
SIM3
SIM4
1
21
22
SIM5
SIM1
SIM2
SIM3
SIM4
1
21
22
SIM5
SIM1
SIM2
SIM3
SIM4
1
21
22
SIM5
SIM1
SIM2
SIM3
SIM4
1
21
22
SIM5
SIM1
SIM2
SIM3
SIM4
1
21
22
SIM5
SIM1
SIM2
SIM3
SIM4
1
21
22
SIM5
SIM1
SIM2
SIM3
SIM4
1
21
22
SIM5
SIM1
SIM2
SIM3
SIM4
1
21
22
SIM5
SIM1
SIM2
SIM3
SIM4
1
21
22
SIM5
SIM1
SIM2
SIM3
SIM4
1
21
22
SIM5
SIM1
SIM2
SIM3
SIM4
1
21
22
SIM5
SIM1
SIM2
SIM3
SIM4
1
21
22
SIM5
SIM1
SIM2
SIM3
SIM4
1
21
22
SIM5
SIM1
SIM2
SIM3
SIM4
1
21
22
SIM5
SIM1
SIM2
SIM3
SIM4
1
21
22
SIM5
SIM1
SIM2
SIM3
SIM4
1
21
22
SIM5
SIM1
SIM2
SIM3
SIM4
1
21
22
SIM5
SIM1
SIM2
SIM3
SIM4
1
21
22
SIM5
SIM1
SIM2
SIM3
SIM4
1
21
22
SIM5
SIM1
SIM2
SIM3
SIM4
1
21
22
SIM5
SIM1
SIM2
SIM3
SIM4
1
21
22
SIM5
SIM1
SIM2
SIM3
SIM4
1
21
22
SIM5
SIM1
SIM2
SIM3
SIM4
1
21
22
SIM5
SIM1
SIM2
SIM3
SIM4
1
21
22
SIM5
SIM1
SIM2
SIM3
SIM4
1
21
22
SIM5
SIM1
SIM2
SIM3
SIM4
1
21
22
SIM5
SIM1
SIM2
SIM3
SIM4
1
21
22
SIM5
SIM1
SIM2
SIM3
SIM4
1
21
22
SIM5
SIM1
SIM2
SIM3
SIM4
1
21
22
SIM5
SIM1
SIM2
SIM3
SIM4
1
21
22
SIM5
SIM1
SIM2
SIM3
SIM4
1
21
22
SIM5
SIM1
SIM2
SIM3
SIM4
1
21
22
SIM5
SIM1
SIM2
SIM3
SIM4
1
21
22
SIM5
SIM1
SIM2
SIM3
SIM4
1
21
22
SIM5
SIM1
SIM2
SIM3
SIM4
1
21
22
SIM5
SIM1
SIM2
SIM3
SIM4
1
21
22
SIM5
SIM1
SIM2
SIM3
SIM4
1
21
22
SIM5
SIM1
SIM2
SIM3
SIM4
1
21
22
SIM5
SIM1
SIM2
SIM3
SIM4
1
21
22
SIM5
SIM1
SIM2
SIM3
SIM4
1
21
22
SIM5
SIM1
SIM2
SIM3
SIM4
1
21
22
SIM5
SIM1
SIM2
SIM3
SIM4
1
21
22
SIM5
SIM1
SIM2
SIM3
SIM4
1
21
22
SIM5
SIM1
SIM2
SIM3
SIM4
1
21
22
SIM5
SIM1
SIM2
SIM3
SIM4
1
21
22
SIM5
SIM1
SIM2
SIM3
SIM4
1
21
22
SIM5
SIM1
SIM2
SIM3
SIM4
1
21
22
SIM5
SIM1
SIM2
SIM3
SIM4
1
21
22
SIM5
SIM1
SIM2
SIM3
SIM4
1
21
22
SIM5
SIM1
SIM2
SIM3
SIM4
1
21
22
SIM5
SIM1
SIM2
SIM3
SIM4
1
21
22
SIM5
SIM1
SIM2
SIM3
SIM4
1
21
22
SIM5
SIM1
SIM2
SIM3
SIM4
1
21
22
SIM5
SIM1
SIM2
SIM3
SIM4
1
21
22
SIM5
SIM1
SIM2
SIM3
SIM4
1
21
22
SIM5
SIM1
SIM2
SIM3
SIM4
1
21
22
SIM5
SIM1
SIM2
SIM3
SIM4
1
21
22
SIM5
SIM1
SIM2
SIM3
SIM4
1
21
22
SIM5
SIM1
SIM2
SIM3
SIM4
1
21
22
SIM5
SIM1
SIM2
SIM3
SIM4
1
21
22
SIM5
SIM1
SIM2
SIM3
SIM4
1
21
22
SIM5
SIM1
SIM2
SIM3
SIM4
1
21
22
SIM5
SIM1
SIM2
SIM3
SIM4
1
21
22
SIM5
SIM1
SIM2
SIM3
SIM4
1
21
22
SIM5
SIM1
SIM2
SIM3
SIM4
1
21
22
SIM5
SIM1
SIM2
SIM3
SIM4
1
21
22
SIM5
SIM1
SIM2
SIM3
SIM4
1
21
22
SIM5
SIM1
SIM2
SIM3
SIM4
1
21
22
SIM5
SIM1
SIM2
SIM3
SIM4
1
21
22
SIM5
SIM1
SIM2
SIM3
SIM4
1
21
22
SIM5
SIM1
SIM2
SIM3
SIM4
1
21
22
SIM5
SIM1
SIM2
SIM3
SIM4
1
21
22
SIM5
SIM1
SIM2
SIM3
SIM4
1
21
22
SIM5
SIM1
SIM2
SIM3
SIM4
1
21
22
SIM5
SIM1
SIM2
SIM3
SIM4
1
21
22
SIM5
SIM1
SIM2
SIM3
SIM4
1
21
22
SIM5
SIM1
SIM2
SIM3
SIM4
1
21
22
SIM5
SIM1
SIM2
SIM3
SIM4
1
21
22
SIM5
SIM1
SIM2
SIM3
SIM4
1
21
22
SIM5
SIM1
SIM2
SIM3
SIM4
1
21
22
SIM5
SIM1
SIM2
SIM3
SIM4
1
21
22
SIM5
SIM1
SIM2
SIM3
SIM4
1
21
22
SIM5
SIM1
SIM2
SIM3
SIM4
1
21
22
SIM5
SIM1
SIM2
SIM3
SIM4
1
21
22
SIM5
SIM1
SIM2
SIM3
SIM4
1
21
22
SIM5
SIM1
SIM2
SIM3
SIM4
1
21
22
SIM5
SIM1
SIM2
SIM3
SIM4
1
21
22
SIM5
SIM1
SIM2
SIM3
SIM4
1
21
22
SIM5
SIM1
SIM2
SIM3
SIM4
1
21
22
SIM5
SIM1
SIM2
SIM3
SIM4
1
21
22
SIM5
SIM1
SIM2
SIM3
SIM4
1
21
22
SIM5
SIM1
SIM2
SIM3
SIM4
1
21
22
SIM5
SIM1
SIM2
SIM3
SIM4
1
21
22
SIM5
SIM1
SIM2
SIM3
SIM4
1
21
22
SIM5
SIM1
SIM2
SIM3
SIM4
1
21
22
SIM5
SIM1
SIM2
SIM3
SIM4
1
21
22
SIM5
SIM1
SIM2
SIM3
SIM4
1
21
22
SIM5
SIM1
SIM2
SIM3
SIM4
1
21
22
SIM5
SIM1
SIM2
SIM3
SIM4
1
21
22
SIM5
SIM1
SIM2
SIM3
SIM4
1
21
22
SIM5
SIM1
SIM2
SIM3
SIM4
1
21
22
SIM5
SIM1
SIM2
SIM3
SIM4
1
21
22
SIM5
SIM1
SIM2
SIM3
SIM4
1
21
22
SIM5
SIM1
SIM2
SIM3
SIM4
1
21
22
SIM5
SIM1
SIM2
SIM3
SIM4
1
21
22
SIM5
SIM1
SIM2
DEBUG 1 911
SIM1
SIM2
SIM3
SIM4
1
21
22
SIM5
SIM1
SIM2
SIM3
SIM4
1
21
22
SIM5
SIM1
SIM2
SIM3
SIM4
1
21
22
SIM5
SIM1
SIM2
SIM3
SIM4
1
21
22
SIM5
SIM1
SIM2
SIM3
SIM4
1
21
22
SIM5
SIM1
SIM2
SIM3
SIM4
1
21
22
SIM5
SIM1
SIM2
SIM3
SIM4
1
21
22
SIM5
SIM1
SIM2
SIM3
SIM4
1
21
22
SIM5
SIM1
SIM2
SIM3
SIM4
1
21
22
SIM5
SIM1
SIM2
SIM3
SIM4
1
21
22
SIM5
SIM1
SIM2
SIM3
SIM4
1
21
22
SIM5
SIM1
SIM2
SIM3
SIM4
1
21
22
SIM5
SIM1
SIM2
SIM3
SIM4
1
21
22
SIM5
SIM1
SIM2
SIM3
SIM4
1
21
22
SIM5
SIM1
SIM2
SIM3
SIM4
1
21
22
SIM5
SIM1
SIM2
SIM3
SIM4
1
21
22
SIM5
SIM1
SIM2
SIM3
SIM4
1
21
22
SIM5
SIM1
SIM2
SIM3
SIM4
1
21
22
SIM5
SIM1
SIM2
SIM3
SIM4
1
21
22
SIM5
SIM1
SIM2
SIM3
SIM4
1
21
22
SIM5
SIM1
SIM2
SIM3
SIM4
1
21
22
SIM5
SIM1
SIM2
SIM3
SIM4
1
21
22
SIM5
SIM1
SIM2
SIM3
SIM4
1
21
22
SIM5
SIM1
SIM2
SIM3
SIM4
1
21
22
SIM5
SIM1
SIM2
SIM3
SIM4
1
21
22
SIM5
SIM1
SIM2
SIM3
SIM4
1
21
22
SIM5
SIM1
SIM2
SIM3
SIM4
1
21
22
SIM5
SIM1
SIM2
SIM3
SIM4
1
21
22
SIM5
SIM1
SIM2
SIM3
SIM4
1
21
22
SIM5
SIM1
SIM2
SIM3
SIM4
1
21
22
SIM5
SIM1
SIM2
SIM3
SIM4
1
21
22
SIM5
SIM1
SIM2
SIM3
SIM4
1
21
22
SIM5
SIM1
SIM2
SIM3
SIM4
1
21
22
SIM5
SIM1
SIM2
SIM3
SIM4
1
21
22
SIM5
SIM1
SIM2
SIM3
SIM4
1
21
22
SIM5
SIM1
SIM2
SIM3
SIM4
1
21
22
SIM5
SIM1
SIM2
SIM3
SIM4
1
21
22
SIM5
SIM1
SIM2
SIM3
SIM4
1
21
22
SIM5
SIM1
SIM2
SIM3
SIM4
1
21
22
SIM5
SIM1
SIM2
SIM3
SIM4
1
21
22
SIM5
SIM1
SIM2
SIM3
SIM4
1
21
22
SIM5
SIM1
SIM2
SIM3
SIM4
1
21
22
SIM5
SIM1
SIM2
SIM3
SIM4
1
21
22
SIM5
SIM1
SIM2
SIM3
SIM4
1
21
22
SIM5
SIM1
SIM2
SIM3
SIM4
1
21
22
SIM5
SIM1
SIM2
SIM3
SIM4
1
21
22
SIM5
SIM1
SIM2
SIM3
SIM4
1
21
22
SIM5
SIM1
SIM2
SIM3
SIM4
1
21
22
SIM5
SIM1
SIM2
SIM3
SIM4
1
21
22
SIM5
SIM1
SIM2
SIM3
SIM4
1
21
22
SIM5
SIM1
SIM2
SIM3
SIM4
1
21
22
SIM5
SIM1
SIM2
SIM3
SIM4
1
21
22
SIM5
SIM1
SIM2
SIM3
SIM4
1
21
22
SIM5
SIM1
SIM2
SIM3
SIM4
1
21
22
SIM5
SIM1
SIM2
SIM3
SIM4
1
21
22
SIM5
SIM1
SIM2
SIM3
SIM4
1
21
22
SIM5
SIM1
SIM2
SIM3
SIM4
1
21
22
SIM5
SIM1
SIM2
SIM3
SIM4
1
21
22
SIM5
SIM1
SIM2
SIM3
SIM4
1
21
22
SIM5
SIM1
SIM2
SIM3
SIM4
1
21
22
SIM5
SIM1
SIM2
SIM3
SIM4
1
21
22
SIM5
SIM1
SIM2
SIM3
SIM4
1
21
22
SIM5
SIM1
SIM2
SIM3
SIM4
1
21
22
SIM5
SIM1
SIM2
SIM3
SIM4
1
21
22
SIM5
SIM1
SIM2
SIM3
SIM4
1
21
22
SIM5
SIM1
SIM2
SIM3
SIM4
1
21
22
SIM5
SIM1
SIM2
SIM3
SIM4
1
21
22
SIM5
SIM1
SIM2
SIM3
SIM4
1
21
22
SIM5
SIM1
SIM2
SIM3
SIM4
1
21
22
SIM5
SIM1
SIM2
SIM3
SIM4
1
21
22
SIM5
SIM1
SIM2
SIM3
SIM4
1
21
22
SIM5
SIM1
SIM2
SIM3
SIM4
1
21
22
SIM5
SIM1
SIM2
SIM3
SIM4
1
21
22
SIM5
SIM1
SIM2
SIM3
SIM4
1
21
22
SIM5
SIM1
SIM2
SIM3
SIM4
1
21
22
SIM5
SIM1
SIM2
SIM3
SIM4
1
21
22
SIM5
SIM1
SIM2
SIM3
SIM4
1
21
22
SIM5
SIM1
SIM2
SIM3
SIM4
1
21
22
SIM5
SIM1
SIM2
SIM3
SIM4
1
21
22
SIM5
SIM1
SIM2
SIM3
SIM4
1
21
22
SIM5
SIM1
SIM2
SIM3
SIM4
1
21
22
SIM5
SIM1
SIM2
SIM3
SIM4
1
21
22
SIM5
SIM1
SIM2
SIM3
SIM4
1
21
22
SIM5
SIM1
SIM2
SIM3
SIM4
1
21
22
SIM5
SIM1
SIM2
SIM3
SIM4
1
21
22
SIM5
SIM1
SIM2
SIM3
SIM4
1
21
22
SIM5
SIM1
SIM2
SIM3
SIM4
1
21
22
SIM5
SIM1
SIM2
SIM3
SIM4
1
21
22
SIM5
SIM1
SIM2
SIM3
SIM4
1
21
22
SIM5
SIM1
SIM2
SIM3
SIM4
1
21
22
SIM5
SIM1
SIM2
SIM3
SIM4
1
21
22
SIM5
SIM1
SIM2
SIM3
SIM4
1
21
22
SIM5
SIM1
SIM2
SIM3
SIM4
1
21
22
SIM5
SIM1
SIM2
SIM3
SIM4
1
21
22
SIM5
SIM1
SIM2
SIM3
SIM4
1
21
22
SIM5
SIM1
SIM2
SIM3
SIM4
1
21
22
SIM5
SIM1
SIM2
SIM3
SIM4
1
21
22
SIM5
SIM1
SIM2
SIM3
SIM4
1
21
22
SIM5
SIM1
SIM2
SIM3
SIM4
1
21
22
SIM5
SIM1
SIM2
SIM3
SIM4
1
21
22
SIM5
SIM1
SIM2
SIM3
SIM4
1
21
22
SIM5
SIM1
SIM2
SIM3
SIM4
1
21
22
SIM5
SIM1
SIM2
SIM3
SIM4
1
21
22
SIM5
SIM1
SIM2
SIM3
SIM4
1
21
22
SIM5
SIM1
SIM2
SIM3
SIM4
1
21
22
SIM5
SIM1
SIM2
SIM3
SIM4
1
21
22
SIM5
SIM1
SIM2
SIM3
SIM4
1
21
22
SIM5
SIM1
SIM2
SIM3
SIM4
1
21
22
SIM5
SIM1
SIM2
SIM3
SIM4
1
21
22
SIM5
SIM1
SIM2
SIM3
SIM4
1
21
22
SIM5
SIM1
SIM2
SIM3
SIM4
1
21
22
SIM5
SIM1
SIM2
SIM3
SIM4
1
21
22
SIM5
SIM1
SIM2
SIM3
SIM4
1
21
22
SIM5
SIM1
SIM2
SIM3
SIM4
1
21
22
SIM5
SIM1
SIM2
SIM3
SIM4
1
21
22
SIM5
SIM1
SIM2
SIM3
SIM4
1
21
22
SIM5
SIM1
SIM2
SIM3
SIM4
1
21
22
SIM5
SIM1
SIM2
SIM3
SIM4
1
21
22
SIM5
SIM1
SIM2
SIM3
SIM4
1
21
22
SIM5
SIM1
SIM2
SIM3
SIM4
1
21
22
SIM5
SIM1
SIM2
SIM3
SIM4
1
21
22
SIM5
SIM1
SIM2
SIM3
SIM4
1
21
22
SIM5
SIM1
SIM2
SIM3
SIM4
1
21
22
SIM5
SIM1
SIM2
SIM3
SIM4
1
21
22
SIM5
SIM1
SIM2
SIM3
SIM4
1
21
22
SIM5
SIM1
SIM2
SIM3
SIM4
1
21
22
SIM5
SIM1
SIM2
SIM3
SIM4
1
21
22
SIM5
SIM1
SIM2
SIM3
SIM4
1
21
22
SIM5
SIM1
SIM2
SIM3
SIM4
1
21
22
SIM5
SIM1
SIM2
SIM3
SIM4
1
21
22
SIM5
SIM1
SIM2
SIM3
SIM4
1
21
22
SIM5
SIM1
SIM2
SIM3
SIM4
1
21
22
SIM5
SIM1
SIM2
SIM3
SIM4
1
21
22
SIM5
SIM1
SIM2
SIM3
SIM4
1
21
22
SIM5
SIM1
SIM2
SIM3
SIM4
1
21
22
SIM5
SIM1
SIM2
SIM3
SIM4
1
21
22
SIM5
SIM1
SIM2
SIM3
SIM4
1
21
22
SIM5
SIM1
SIM2
SIM3
SIM4
1
21
22
SIM5
SIM1
SIM2
SIM3
SIM4
1
21
22
SIM5
SIM1
SIM2
SIM3
SIM4
1
21
22
SIM5
SIM1
SIM2
SIM3
SIM4
1
21
22
SIM5
SIM1
SIM2
SIM3
SIM4
1
21
22
SIM5
SIM1
SIM2
SIM3
SIM4
1
21
22
SIM5
SIM1
SIM2
SIM3
SIM4
1
21
22
SIM5
SIM1
SIM2
SIM3
SIM4
1
21
22
SIM5
SIM1
SIM2
SIM3
SIM4
1
21
22
SIM5
SIM1
SIM2
SIM3
SIM4
1
21
22
SIM5
SIM1
SIM2
SIM3
SIM4
1
21
22
SIM5
SIM1
SIM2
SIM3
SIM4
1
21
22
SIM5
SIM1
SIM2
SIM3
SIM4
1
21
22
SIM5
SIM1
SIM2
SIM3
SIM4
1
21
22
SIM5
SIM1
SIM2
SIM3
SIM4
1
21
22
SIM5
SIM1
SIM2
SIM3
SIM4
1
21
22
SIM5
SIM1
SIM2
SIM3
SIM4
1
21
22
SIM5
SIM1
SIM2
SIM3
SIM4
1
21
22
SIM5
SIM1
SIM2
SIM3
SIM4
1
21
22
SIM5
SIM1
SIM2
SIM3
SIM4
1
21
22
SIM5
SIM1
SIM2
SIM3
SIM4
1
21
22
SIM5
SIM1
SIM2
SIM3
SIM4
1
21
22
SIM5
SIM1
SIM2
SIM3
SIM4
1
21
22
SIM5
SIM1
SIM2
SIM3
SIM4
1
21
22
SIM5
SIM1
SIM2
SIM3
SIM4
1
21
22
SIM5
SIM1
SIM2
SIM3
SIM4
1
21
22
SIM5
SIM1
SIM2
SIM3
SIM4
1
21
22
SIM5
SIM1
SIM2
SIM3
SIM4
1
21
22
SIM5
SIM1
SIM2
SIM3
SIM4
1
21
22
SIM5
SIM1
SIM2
SIM3
SIM4
1
21
22
SIM5
SIM1
SIM2
SIM3
SIM4
1
21
22
SIM5
SIM1
SIM2
SIM3
SIM4
1
21
22
SIM5
SIM1
SIM2
SIM3
SIM4
1
21
22
SIM5
SIM1
SIM2
SIM3
SIM4
1
21
22
SIM5
SIM1
SIM2
SIM3
SIM4
1
21
22
SIM5
SIM1
SIM2
SIM3
SIM4
1
21
22
SIM5
SIM1
SIM2
SIM3
SIM4
1
21
22
SIM5
SIM1
SIM2
SIM3
SIM4
1
21
22
SIM5
SIM1
SIM2
SIM3
SIM4
1
21
22
SIM5
SIM1
SIM2
SIM3
SIM4
1
21
22
SIM5
SIM1
SIM2
SIM3
SIM4
1
21
22
SIM5
SIM1
SIM2
SIM3
SIM4
1
21
22
SIM5
SIM1
SIM2
SIM3
SIM4
1
21
22
SIM5
SIM1
SIM2
SIM3
SIM4
1
21
22
SIM5
SIM1
SIM2
SIM3
SIM4
1
21
22
SIM5
SIM1
SIM2
SIM3
SIM4
1
21
22
SIM5
SIM1
SIM2
SIM3
SIM4
1
21
22
SIM5
SIM1
SIM2
SIM3
SIM4
1
21
22
SIM5
SIM1
SIM2
SIM3
SIM4
1
21
22
SIM5
SIM1
SIM2
SIM3
SIM4
1
21
22
SIM5
SIM1
SIM2
SIM3
SIM4
1
21
22
SIM5
SIM1
SIM2
SIM3
SIM4
1
21
22
SIM5
SIM1
SIM2
SIM3
SIM4
1
21
22
SIM5
SIM1
SIM2
SIM3
SIM4
1
21
22
SIM5
SIM1
SIM2
SIM3
SIM4
1
21
22
SIM5
SIM1
SIM2
SIM3
SIM4
1
21
22
SIM5
SIM1
SIM2
SIM3
SIM4
1
21
22
SIM5
SIM1
SIM2
SIM3
SIM4
1
21
22
SIM5
SIM1
SIM2
SIM3
SIM4
1
21
22
SIM5
SIM1
SIM2
SIM3
SIM4
1
21
22
SIM5
SIM1
SIM2
SIM3
SIM4
1
21
22
SIM5
SIM1
SIM2
SIM3
SIM4
1
21
22
SIM5
SIM1
SIM2
SIM3
SIM4
1
21
22
SIM5
SIM1
SIM2
SIM3
SIM4
1
21
22
SIM5
SIM1
SIM2
SIM3
SIM4
1
21
22
SIM5
SIM1
SIM2
SIM3
SIM4
1
21
22
SIM5
SIM1
SIM2
SIM3
SIM4
1
21
22
SIM5
SIM1
SIM2
SIM3
SIM4
1
21
22
SIM5
SIM1
SIM2
SIM3
SIM4
1
21
22
SIM5
SIM1
SIM2
SIM3
SIM4
1
21
22
SIM5
SIM1
SIM2
SIM3
SIM4
1
21
22
SIM5
SIM1
SIM2
SIM3
SIM4
1
21
22
SIM5
SIM1
SIM2
SIM3
SIM4
1
21
22
SIM5
SIM1
SIM2
SIM3
SIM4
1
21
22
SIM5
SIM1
SIM2
SIM3
SIM4
1
21
22
SIM5
SIM1
SIM2
SIM3
SIM4
1
21
22
SIM5
SIM1
SIM2
SIM3
SIM4
1
21
22
SIM5
SIM1
SIM2
SIM3
SIM4
1
21
22
SIM5
SIM1
SIM2
SIM3
SIM4
1
21
22
SIM5
SIM1
SIM2
DEBUG 1 912
SIM1
SIM2
SIM3
SIM4
1
21
22
SIM5
SIM1
SIM2
SIM3
SIM4
1
21
22
SIM5
SIM1
SIM2
SIM3
SIM4
1
21
22
SIM5
SIM1
SIM2
SIM3
SIM4
1
21
22
SIM5
SIM1
SIM2
SIM3
SIM4
1
21
22
SIM5
SIM1
SIM2
SIM3
SIM4
1
21
22
SIM5
SIM1
SIM2
SIM3
SIM4
1
21
22
SIM5
SIM1
SIM2
SIM3
SIM4
1
21
22
SIM5
SIM1
SIM2
SIM3
SIM4
1
21
22
SIM5
SIM1
SIM2
SIM3
SIM4
1
21
22
SIM5
SIM1
SIM2
SIM3
SIM4
1
21
22
SIM5
SIM1
SIM2
SIM3
SIM4
1
21
22
SIM5
SIM1
SIM2
SIM3
SIM4
1
21
22
SIM5
SIM1
SIM2
SIM3
SIM4
1
21
22
SIM5
SIM1
SIM2
SIM3
SIM4
1
21
22
SIM5
SIM1
SIM2
SIM3
SIM4
1
21
22
SIM5
SIM1
SIM2
SIM3
SIM4
1
21
22
SIM5
SIM1
SIM2
SIM3
SIM4
1
21
22
SIM5
SIM1
SIM2
SIM3
SIM4
1
21
22
SIM5
SIM1
SIM2
SIM3
SIM4
1
21
22
SIM5
SIM1
SIM2
SIM3
SIM4
1
21
22
SIM5
SIM1
SIM2
SIM3
SIM4
1
21
22
SIM5
SIM1
SIM2
SIM3
SIM4
1
21
22
SIM5
SIM1
SIM2
SIM3
SIM4
1
21
22
SIM5
SIM1
SIM2
SIM3
SIM4
1
21
22
SIM5
SIM1
SIM2
SIM3
SIM4
1
21
22
SIM5
SIM1
SIM2
SIM3
SIM4
1
21
22
SIM5
SIM1
SIM2
SIM3
SIM4
1
21
22
SIM5
SIM1
SIM2
SIM3
SIM4
1
21
22
SIM5
SIM1
SIM2
SIM3
SIM4
1
21
22
SIM5
SIM1
SIM2
SIM3
SIM4
1
21
22
SIM5
SIM1
SIM2
SIM3
SIM4
1
21
22
SIM5
SIM1
SIM2
SIM3
SIM4
1
21
22
SIM5
SIM1
SIM2
SIM3
SIM4
1
21
22
SIM5
SIM1
SIM2
SIM3
SIM4
1
21
22
SIM5
SIM1
SIM2
SIM3
SIM4
1
21
22
SIM5
SIM1
SIM2
SIM3
SIM4
1
21
22
SIM5
SIM1
SIM2
SIM3
SIM4
1
21
22
SIM5
SIM1
SIM2
SIM3
SIM4
1
21
22
SIM5
SIM1
SIM2
SIM3
SIM4
1
21
22
SIM5
SIM1
SIM2
SIM3
SIM4
1
21
22
SIM5
SIM1
SIM2
SIM3
SIM4
1
21
22
SIM5
SIM1
SIM2
SIM3
SIM4
1
21
22
SIM5
SIM1
SIM2
SIM3
SIM4
1
21
22
SIM5
SIM1
SIM2
SIM3
SIM4
1
21
22
SIM5
SIM1
SIM2
SIM3
SIM4
1
21
22
SIM5
SIM1
SIM2
SIM3
SIM4
1
21
22
SIM5
SIM1
SIM2
SIM3
SIM4
1
21
22
SIM5
SIM1
SIM2
SIM3
SIM4
1
21
22
SIM5
SIM1
SIM2
SIM3
SIM4
1
21
22
SIM5
SIM1
SIM2
SIM3
SIM4
1
21
22
SIM5
SIM1
SIM2
SIM3
SIM4
1
21
22
SIM5
SIM1
SIM2
SIM3
SIM4
1
21
22
SIM5
SIM1
SIM2
SIM3
SIM4
1
21
22
SIM5
SIM1
SIM2
SIM3
SIM4
1
21
22
SIM5
SIM1
SIM2
SIM3
SIM4
1
21
22
SIM5
SIM1
SIM2
SIM3
SIM4
1
21
22
SIM5
SIM1
SIM2
SIM3
SIM4
1
21
22
SIM5
SIM1
SIM2
SIM3
SIM4
1
21
22
SIM5
SIM1
SIM2
SIM3
SIM4
1
21
22
SIM5
SIM1
SIM2
SIM3
SIM4
1
21
22
SIM5
SIM1
SIM2
SIM3
SIM4
1
21
22
SIM5
SIM1
SIM2
SIM3
SIM4
1
21
22
SIM5
SIM1
SIM2
SIM3
SIM4
1
21
22
SIM5
SIM1
SIM2
SIM3
SIM4
1
21
22
SIM5
SIM1
SIM2
SIM3
SIM4
1
21
22
SIM5
SIM1
SIM2
SIM3
SIM4
1
21
22
SIM5
SIM1
SIM2
SIM3
SIM4
1
21
22
SIM5
SIM1
SIM2
SIM3
SIM4
1
21
22
SIM5
SIM1
SIM2
SIM3
SIM4
1
21
22
SIM5
SIM1
SIM2
SIM3
SIM4
1
21
22
SIM5
SIM1
SIM2
SIM3
SIM4
1
21
22
SIM5
SIM1
SIM2
SIM3
SIM4
1
21
22
SIM5
SIM1
SIM2
SIM3
SIM4
1
21
22
SIM5
SIM1
SIM2
SIM3
SIM4
1
21
22
SIM5
SIM1
SIM2
SIM3
SIM4
1
21
22
SIM5
SIM1
SIM2
SIM3
SIM4
1
21
22
SIM5
SIM1
SIM2
SIM3
SIM4
1
21
22
SIM5
SIM1
SIM2
SIM3
SIM4
1
21
22
SIM5
SIM1
SIM2
SIM3
SIM4
1
21
22
SIM5
SIM1
SIM2
SIM3
SIM4
1
21
22
SIM5
SIM1
SIM2
SIM3
SIM4
1
21
22
SIM5
SIM1
SIM2
SIM3
SIM4
1
21
22
SIM5
SIM1
SIM2
SIM3
SIM4
1
21
22
SIM5
SIM1
SIM2
SIM3
SIM4
1
21
22
SIM5
SIM1
SIM2
SIM3
SIM4
1
21
22
SIM5
SIM1
SIM2
SIM3
SIM4
1
21
22
SIM5
SIM1
SIM2
SIM3
SIM4
1
21
22
SIM5
SIM1
SIM2
SIM3
SIM4
1
21
22
SIM5
SIM1
SIM2
SIM3
SIM4
1
21
22
SIM5
SIM1
SIM2
SIM3
SIM4
1
21
22
SIM5
SIM1
SIM2
SIM3
SIM4
1
21
22
SIM5
SIM1
SIM2
SIM3
SIM4
1
21
22
SIM5
SIM1
SIM2
SIM3
SIM4
1
21
22
SIM5
SIM1
SIM2
SIM3
SIM4
1
21
22
SIM5
SIM1
SIM2
SIM3
SIM4
1
21
22
SIM5
SIM1
SIM2
SIM3
SIM4
1
21
22
SIM5
SIM1
SIM2
SIM3
SIM4
1
21
22
SIM5
SIM1
SIM2
SIM3
SIM4
1
21
22
SIM5
SIM1
SIM2
SIM3
SIM4
1
21
22
SIM5
SIM1
SIM2
SIM3
SIM4
1
21
22
SIM5
SIM1
SIM2
SIM3
SIM4
1
21
22
SIM5
SIM1
SIM2
SIM3
SIM4
1
21
22
SIM5
SIM1
SIM2
SIM3
SIM4
1
21
22
SIM5
SIM1
SIM2
SIM3
SIM4
1
21
22
SIM5
SIM1
SIM2
SIM3
SIM4
1
21
22
SIM5
SIM1
SIM2
SIM3
SIM4
1
21
22
SIM5
SIM1
SIM2
SIM3
SIM4
1
21
22
SIM5
SIM1
SIM2
SIM3
SIM4
1
21
22
SIM5
SIM1
SIM2
SIM3
SIM4
1
21
22
SIM5
SIM1
SIM2
SIM3
SIM4
1
21
22
SIM5
SIM1
SIM2
SIM3
SIM4
1
21
22
SIM5
SIM1
SIM2
SIM3
SIM4
1
21
22
SIM5
SIM1
SIM2
SIM3
SIM4
1
21
22
SIM5
SIM1
SIM2
SIM3
SIM4
1
21
22
SIM5
SIM1
SIM2
SIM3
SIM4
1
21
22
SIM5
SIM1
SIM2
SIM3
SIM4
1
21
22
SIM5
SIM1
SIM2
SIM3
SIM4
1
21
22
SIM5
SIM1
SIM2
SIM3
SIM4
1
21
22
SIM5
SIM1
SIM2
SIM3
SIM4
1
21
22
SIM5
SIM1
SIM2
SIM3
SIM4
1
21
22
SIM5
SIM1
SIM2
SIM3
SIM4
1
21
22
SIM5
SIM1
SIM2
SIM3
SIM4
1
21
22
SIM5
SIM1
SIM2
SIM3
SIM4
1
21
22
SIM5
SIM1
SIM2
SIM3
SIM4
1
21
22
SIM5
SIM1
SIM2
SIM3
SIM4
1
21
22
SIM5
SIM1
SIM2
SIM3
SIM4
1
21
22
SIM5
SIM1
SIM2
SIM3
SIM4
1
21
22
SIM5
SIM1
SIM2
SIM3
SIM4
1
21
22
SIM5
SIM1
SIM2
SIM3
SIM4
1
21
22
SIM5
SIM1
SIM2
DEBUG 1 913
SIM1
SIM2
SIM3
SIM4
1
21
22
SIM5
SIM1
SIM2
SIM3
SIM4
1
21
22
SIM5
SIM1
SIM2
SIM3
SIM4
1
21
22
SIM5
SIM1
SIM2
SIM3
SIM4
1
21
22
SIM5
SIM1
SIM2
SIM3
SIM4
1
21
22
SIM5
SIM1
SIM2
SIM3
SIM4
1
21
22
SIM5
SIM1
SIM2
SIM3
SIM4
1
21
22
SIM5
SIM1
SIM2
SIM3
SIM4
1
21
22
SIM5
SIM1
SIM2
SIM3
SIM4
1
21
22
SIM5
SIM1
SIM2
SIM3
SIM4
1
21
22
SIM5
SIM1
SIM2
SIM3
SIM4
1
21
22
SIM5
SIM1
SIM2
SIM3
SIM4
1
21
22
SIM5
SIM1
SIM2
SIM3
SIM4
1
21
22
SIM5
SIM1
SIM2
SIM3
SIM4
1
21
22
SIM5
SIM1
SIM2
SIM3
SIM4
1
21
22
SIM5
SIM1
SIM2
SIM3
SIM4
1
21
22
SIM5
SIM1
SIM2
SIM3
SIM4
1
21
22
SIM5
SIM1
SIM2
SIM3
SIM4
1
21
22
SIM5
SIM1
SIM2
SIM3
SIM4
1
21
22
SIM5
SIM1
SIM2
SIM3
SIM4
1
21
22
SIM5
SIM1
SIM2
SIM3
SIM4
1
21
22
SIM5
SIM1
SIM2
SIM3
SIM4
1
21
22
SIM5
SIM1
SIM2
SIM3
SIM4
1
21
22
SIM5
SIM1
SIM2
SIM3
SIM4
1
21
22
SIM5
SIM1
SIM2
SIM3
SIM4
1
21
22
SIM5
SIM1
SIM2
SIM3
SIM4
1
21
22
SIM5
SIM1
SIM2
SIM3
SIM4
1
21
22
SIM5
SIM1
SIM2
SIM3
SIM4
1
21
22
SIM5
SIM1
SIM2
SIM3
SIM4
1
21
22
SIM5
SIM1
SIM2
SIM3
SIM4
1
21
22
SIM5
SIM1
SIM2
SIM3
SIM4
1
21
22
SIM5
SIM1
SIM2
SIM3
SIM4
1
21
22
SIM5
SIM1
SIM2
SIM3
SIM4
1
21
22
SIM5
SIM1
SIM2
SIM3
SIM4
1
21
22
SIM5
SIM1
SIM2
SIM3
SIM4
1
21
22
SIM5
SIM1
SIM2
SIM3
SIM4
1
21
22
SIM5
SIM1
SIM2
SIM3
SIM4
1
21
22
SIM5
SIM1
SIM2
SIM3
SIM4
1
21
22
SIM5
SIM1
SIM2
SIM3
SIM4
1
21
22
SIM5
SIM1
SIM2
SIM3
SIM4
1
21
22
SIM5
SIM1
SIM2
SIM3
SIM4
1
21
22
SIM5
SIM1
SIM2
SIM3
SIM4
1
21
22
SIM5
SIM1
SIM2
SIM3
SIM4
1
21
22
SIM5
SIM1
SIM2
SIM3
SIM4
1
21
22
SIM5
SIM1
SIM2
SIM3
SIM4
1
21
22
SIM5
SIM1
SIM2
SIM3
SIM4
1
21
22
SIM5
SIM1
SIM2
SIM3
SIM4
1
21
22
SIM5
SIM1
SIM2
SIM3
SIM4
1
21
22
SIM5
SIM1
SIM2
SIM3
SIM4
1
21
22
SIM5
SIM1
SIM2
SIM3
SIM4
1
21
22
SIM5
SIM1
SIM2
SIM3
SIM4
1
21
22
SIM5
SIM1
SIM2
SIM3
SIM4
1
21
22
SIM5
SIM1
SIM2
SIM3
SIM4
1
21
22
SIM5
SIM1
SIM2
SIM3
SIM4
1
21
22
SIM5
SIM1
SIM2
SIM3
SIM4
1
21
22
SIM5
SIM1
SIM2
SIM3
SIM4
1
21
22
SIM5
SIM1
SIM2
SIM3
SIM4
1
21
22
SIM5
SIM1
SIM2
SIM3
SIM4
1
21
22
SIM5
SIM1
SIM2
SIM3
SIM4
1
21
22
SIM5
SIM1
SIM2
SIM3
SIM4
1
21
22
SIM5
SIM1
SIM2
SIM3
SIM4
1
21
22
SIM5
SIM1
SIM2
SIM3
SIM4
1
21
22
SIM5
SIM1
SIM2
SIM3
SIM4
1
21
22
SIM5
SIM1
SIM2
SIM3
SIM4
1
21
22
SIM5
SIM1
SIM2
SIM3
SIM4
1
21
22
SIM5
SIM1
SIM2
SIM3
SIM4
1
21
22
SIM5
SIM1
SIM2
SIM3
SIM4
1
21
22
SIM5
SIM1
SIM2
SIM3
SIM4
1
21
22
SIM5
SIM1
SIM2
SIM3
SIM4
1
21
22
SIM5
SIM1
SIM2
SIM3
SIM4
1
21
22
SIM5
SIM1
SIM2
SIM3
SIM4
1
21
22
SIM5
SIM1
SIM2
SIM3
SIM4
1
21
22
SIM5
SIM1
SIM2
SIM3
SIM4
1
21
22
SIM5
SIM1
SIM2
SIM3
SIM4
1
21
22
SIM5
SIM1
SIM2
SIM3
SIM4
1
21
22
SIM5
SIM1
SIM2
SIM3
SIM4
1
21
22
SIM5
SIM1
SIM2
SIM3
SIM4
1
21
22
SIM5
SIM1
SIM2
SIM3
SIM4
1
21
22
SIM5
SIM1
SIM2
SIM3
SIM4
1
21
22
SIM5
SIM1
SIM2
SIM3
SIM4
1
21
22
SIM5
SIM1
SIM2
SIM3
SIM4
1
21
22
SIM5
SIM1
SIM2
SIM3
SIM4
1
21
22
SIM5
SIM1
SIM2
SIM3
SIM4
1
21
22
SIM5
SIM1
SIM2
SIM3
SIM4
1
21
22
SIM5
SIM1
SIM2
SIM3
SIM4
1
21
22
SIM5
SIM1
SIM2
SIM3
SIM4
1
21
22
SIM5
SIM1
SIM2
SIM3
SIM4
1
21
22
SIM5
SIM1
SIM2
SIM3
SIM4
1
21
22
SIM5
SIM1
SIM2
SIM3
SIM4
1
21
22
SIM5
SIM1
SIM2
SIM3
SIM4
1
21
22
SIM5
SIM1
SIM2
SIM3
SIM4
1
21
22
SIM5
SIM1
SIM2
SIM3
SIM4
1
21
22
SIM5
SIM1
SIM2
SIM3
SIM4
1
21
22
SIM5
SIM1
SIM2
SIM3
SIM4
1
21
22
SIM5
SIM1
SIM2
SIM3
SIM4
1
21
22
SIM5
SIM1
SIM2
SIM3
SIM4
1
21
22
SIM5
SIM1
SIM2
SIM3
SIM4
1
21
22
SIM5
SIM1
SIM2
SIM3
SIM4
1
21
22
SIM5
SIM1
SIM2
SIM3
SIM4
1
21
22
SIM5
SIM1
SIM2
SIM3
SIM4
1
21
22
SIM5
SIM1
SIM2
SIM3
SIM4
1
21
22
SIM5
SIM1
SIM2
SIM3
SIM4
1
21
22
SIM5
SIM1
SIM2
SIM3
SIM4
1
21
22
SIM5
SIM1
SIM2
SIM3
SIM4
1
21
22
SIM5
SIM1
SIM2
SIM3
SIM4
1
21
22
SIM5
SIM1
SIM2
SIM3
SIM4
1
21
22
SIM5
SIM1
SIM2
SIM3
SIM4
1
21
22
SIM5
SIM1
SIM2
SIM3
SIM4
1
21
22
SIM5
SIM1
SIM2
SIM3
SIM4
1
21
22
SIM5
SIM1
SIM2
SIM3
SIM4
1
21
22
SIM5
SIM1
SIM2
SIM3
SIM4
1
21
22
SIM5
SIM1
SIM2
SIM3
SIM4
1
21
22
SIM5
SIM1
SIM2
SIM3
SIM4
1
21
22
SIM5
SIM1
SIM2
SIM3
SIM4
1
21
22
SIM5
SIM1
SIM2
SIM3
SIM4
1
21
22
SIM5
SIM1
SIM2
SIM3
SIM4
1
21
22
SIM5
SIM1
SIM2
SIM3
SIM4
1
21
22
SIM5
SIM1
SIM2
SIM3
SIM4
1
21
22
SIM5
SIM1
SIM2
SIM3
SIM4
1
21
22
SIM5
SIM1
SIM2
SIM3
SIM4
1
21
22
SIM5
SIM1
SIM2
SIM3
SIM4
1
21
22
SIM5
SIM1
SIM2
SIM3
SIM4
1
21
22
SIM5
SIM1
SIM2
SIM3
SIM4
1
21
22
SIM5
SIM1
SIM2
SIM3
SIM4
1
21
22
SIM5
SIM1
SIM2
SIM3
SIM4
1
21
22
SIM5
SIM1
SIM2
SIM3
SIM4
1
21
22
SIM5
SIM1
SIM2
SIM3
SIM4
1
21
22
SIM5
SIM1
SIM2
SIM3
SIM4
1
21
22
SIM5
SIM1
SIM2
SIM3
SIM4
1
21
22
SIM5
SIM1
SIM2
SIM3
SIM4
1
21
22
SIM5
SIM1
SIM2
SIM3
SIM4
1
21
22
SIM5
SIM1
SIM2
DEBUG 1 914
SIM1
SIM2
SIM3
SIM4
1
21
22
SIM5
SIM1
SIM2
SIM3
SIM4
1
21
22
SIM5
SIM1
SIM2
SIM3
SIM4
1
21
22
SIM5
SIM1
SIM2
SIM3
SIM4
1
21
22
SIM5
SIM1
SIM2
SIM3
SIM4
1
21
22
SIM5
SIM1
SIM2
SIM3
SIM4
1
21
22
SIM5
SIM1
SIM2
SIM3
SIM4
1
21
22
SIM5
SIM1
SIM2
SIM3
SIM4
1
21
22
SIM5
SIM1
SIM2
SIM3
SIM4
1
21
22
SIM5
SIM1
SIM2
SIM3
SIM4
1
21
22
SIM5
SIM1
SIM2
SIM3
SIM4
1
21
22
SIM5
SIM1
SIM2
SIM3
SIM4
1
21
22
SIM5
SIM1
SIM2
SIM3
SIM4
1
21
22
SIM5
SIM1
SIM2
SIM3
SIM4
1
21
22
SIM5
SIM1
SIM2
SIM3
SIM4
1
21
22
SIM5
SIM1
SIM2
SIM3
SIM4
1
21
22
SIM5
SIM1
SIM2
SIM3
SIM4
1
21
22
SIM5
SIM1
SIM2
SIM3
SIM4
1
21
22
SIM5
SIM1
SIM2
SIM3
SIM4
1
21
22
SIM5
SIM1
SIM2
SIM3
SIM4
1
21
22
SIM5
SIM1
SIM2
SIM3
SIM4
1
21
22
SIM5
SIM1
SIM2
SIM3
SIM4
1
21
22
SIM5
SIM1
SIM2
SIM3
SIM4
1
21
22
SIM5
SIM1
SIM2
SIM3
SIM4
1
21
22
SIM5
SIM1
SIM2
SIM3
SIM4
1
21
22
SIM5
SIM1
SIM2
SIM3
SIM4
1
21
22
SIM5
SIM1
SIM2
SIM3
SIM4
1
21
22
SIM5
SIM1
SIM2
SIM3
SIM4
1
21
22
SIM5
SIM1
SIM2
SIM3
SIM4
1
21
22
SIM5
SIM1
SIM2
SIM3
SIM4
1
21
22
SIM5
SIM1
SIM2
SIM3
SIM4
1
21
22
SIM5
SIM1
SIM2
SIM3
SIM4
1
21
22
SIM5
SIM1
SIM2
SIM3
SIM4
1
21
22
SIM5
SIM1
SIM2
SIM3
SIM4
1
21
22
SIM5
SIM1
SIM2
SIM3
SIM4
1
21
22
SIM5
SIM1
SIM2
SIM3
SIM4
1
21
22
SIM5
SIM1
SIM2
SIM3
SIM4
1
21
22
SIM5
SIM1
SIM2
SIM3
SIM4
1
21
22
SIM5
SIM1
SIM2
SIM3
SIM4
1
21
22
SIM5
SIM1
SIM2
SIM3
SIM4
1
21
22
SIM5
SIM1
SIM2
SIM3
SIM4
1
21
22
SIM5
SIM1
SIM2
SIM3
SIM4
1
21
22
SIM5
SIM1
SIM2
SIM3
SIM4
1
21
22
SIM5
SIM1
SIM2
SIM3
SIM4
1
21
22
SIM5
SIM1
SIM2
SIM3
SIM4
1
21
22
SIM5
SIM1
SIM2
SIM3
SIM4
1
21
22
SIM5
SIM1
SIM2
SIM3
SIM4
1
21
22
SIM5
SIM1
SIM2
SIM3
SIM4
1
21
22
SIM5
SIM1
SIM2
SIM3
SIM4
1
21
22
SIM5
SIM1
SIM2
SIM3
SIM4
1
21
22
SIM5
SIM1
SIM2
SIM3
SIM4
1
21
22
SIM5
SIM1
SIM2
SIM3
SIM4
1
21
22
SIM5
SIM1
SIM2
SIM3
SIM4
1
21
22
SIM5
SIM1
SIM2
SIM3
SIM4
1
21
22
SIM5
SIM1
SIM2
SIM3
SIM4
1
21
22
SIM5
SIM1
SIM2
SIM3
SIM4
1
21
22
SIM5
SIM1
SIM2
SIM3
SIM4
1
21
22
SIM5
SIM1
SIM2
SIM3
SIM4
1
21
22
SIM5
SIM1
SIM2
SIM3
SIM4
1
21
22
SIM5
SIM1
SIM2
SIM3
SIM4
1
21
22
SIM5
SIM1
SIM2
SIM3
SIM4
1
21
22
SIM5
SIM1
SIM2
SIM3
SIM4
1
21
22
SIM5
SIM1
SIM2
SIM3
SIM4
1
21
22
SIM5
SIM1
SIM2
SIM3
SIM4
1
21
22
SIM5
SIM1
SIM2
SIM3
SIM4
1
21
22
SIM5
SIM1
SIM2
SIM3
SIM4
1
21
22
SIM5
SIM1
SIM2
SIM3
SIM4
1
21
22
SIM5
SIM1
SIM2
SIM3
SIM4
1
21
22
SIM5
SIM1
SIM2
SIM3
SIM4
1
21
22
SIM5
SIM1
SIM2
SIM3
SIM4
1
21
22
SIM5
SIM1
SIM2
SIM3
SIM4
1
21
22
SIM5
SIM1
SIM2
SIM3
SIM4
1
21
22
SIM5
SIM1
SIM2
SIM3
SIM4
1
21
22
SIM5
SIM1
SIM2
SIM3
SIM4
1
21
22
SIM5
SIM1
SIM2
SIM3
SIM4
1
21
22
SIM5
SIM1
SIM2
SIM3
SIM4
1
21
22
SIM5
SIM1
SIM2
SIM3
SIM4
1
21
22
SIM5
SIM1
SIM2
SIM3
SIM4
1
21
22
SIM5
SIM1
SIM2
SIM3
SIM4
1
21
22
SIM5
SIM1
SIM2
SIM3
SIM4
1
21
22
SIM5
SIM1
SIM2
SIM3
SIM4
1
21
22
SIM5
SIM1
SIM2
SIM3
SIM4
1
21
22
SIM5
SIM1
SIM2
SIM3
SIM4
1
21
22
SIM5
SIM1
SIM2
SIM3
SIM4
1
21
22
SIM5
SIM1
SIM2
SIM3
SIM4
1
21
22
SIM5
SIM1
SIM2
SIM3
SIM4
1
21
22
SIM5
SIM1
SIM2
SIM3
SIM4
1
21
22
SIM5
SIM1
SIM2
SIM3
SIM4
1
21
22
SIM5
SIM1
SIM2
SIM3
SIM4
1
21
22
SIM5
SIM1
SIM2
SIM3
SIM4
1
21
22
SIM5
SIM1
SIM2
SIM3
SIM4
1
21
22
SIM5
SIM1
SIM2
SIM3
SIM4
1
21
22
SIM5
SIM1
SIM2
SIM3
SIM4
1
21
22
SIM5
SIM1
SIM2
SIM3
SIM4
1
21
22
SIM5
SIM1
SIM2
SIM3
SIM4
1
21
22
SIM5
SIM1
SIM2
SIM3
SIM4
1
21
22
SIM5
SIM1
SIM2
SIM3
SIM4
1
21
22
SIM5
SIM1
SIM2
SIM3
SIM4
1
21
22
SIM5
SIM1
SIM2
SIM3
SIM4
1
21
22
SIM5
SIM1
SIM2
SIM3
SIM4
1
21
22
SIM5
SIM1
SIM2
SIM3
SIM4
1
21
22
SIM5
SIM1
SIM2
SIM3
SIM4
1
21
22
SIM5
SIM1
SIM2
SIM3
SIM4
1
21
22
SIM5
SIM1
SIM2
SIM3
SIM4
1
21
22
SIM5
SIM1
SIM2
SIM3
SIM4
1
21
22
SIM5
SIM1
SIM2
SIM3
SIM4
1
21
22
SIM5
SIM1
SIM2
SIM3
SIM4
1
21
22
SIM5
SIM1
SIM2
SIM3
SIM4
1
21
22
SIM5
SIM1
SIM2
SIM3
SIM4
1
21
22
SIM5
SIM1
SIM2
SIM3
SIM4
1
21
22
SIM5
SIM1
SIM2
SIM3
SIM4
1
21
22
SIM5
SIM1
SIM2
SIM3
SIM4
1
21
22
SIM5
SIM1
SIM2
SIM3
SIM4
1
21
22
SIM5
SIM1
SIM2
SIM3
SIM4
1
21
22
SIM5
SIM1
SIM2
SIM3
SIM4
1
21
22
SIM5
SIM1
SIM2
SIM3
SIM4
1
21
22
SIM5
SIM1
SIM2
SIM3
SIM4
1
21
22
SIM5
SIM1
SIM2
SIM3
SIM4
1
21
22
SIM5
SIM1
SIM2
SIM3
SIM4
1
21
22
SIM5
SIM1
SIM2
SIM3
SIM4
1
21
22
SIM5
SIM1
SIM2
SIM3
SIM4
1
21
22
SIM5
SIM1
SIM2
SIM3
SIM4
1
21
22
SIM5
SIM1
SIM2
SIM3
SIM4
1
21
22
SIM5
SIM1
SIM2
SIM3
SIM4
1
21
22
SIM5
SIM1
SIM2
SIM3
SIM4
1
21
22
SIM5
SIM1
SIM2
SIM3
SIM4
1
21
22
SIM5
SIM1
SIM2
SIM3
SIM4
1
21
22
SIM5
SIM1
SIM2
SIM3
SIM4
1
21
22
SIM5
SIM1
SIM2
SIM3
SIM4
1
21
22
SIM5
SIM1
SIM2
SIM3
SIM4
1
21
22
SIM5
SIM1
SIM2
SIM3
SIM4
1
21
22
SIM5
SIM1
SIM2
SIM3
SIM4
1
21
22
SIM5
SIM1
SIM2
SIM3
SIM4
1
21
22
SIM5
SIM1
SIM2
SIM3
SIM4
1
21
22
SIM5
SIM1
SIM2
SIM3
SIM4
1
21
22
SIM5
SIM1
SIM2
SIM3
SIM4
1
21
22
SIM5
SIM1
SIM2
SIM3
SIM4
1
21
22
SIM5
SIM1
SIM2
SIM3
SIM4
1
21
22
SIM5
SIM1
SIM2
SIM3
SIM4
1
21
22
SIM5
SIM1
SIM2
SIM3
SIM4
1
21
22
SIM5
SIM1
SIM2
SIM3
SIM4
1
21
22
SIM5
SIM1
SIM2
SIM3
SIM4
1
21
22
SIM5
SIM1
SIM2
SIM3
SIM4
1
21
22
SIM5
SIM1
SIM2
SIM3
SIM4
1
21
22
SIM5
SIM1
SIM2
SIM3
SIM4
1
21
22
SIM5
SIM1
SIM2
SIM3
SIM4
1
21
22
SIM5
SIM1
SIM2
SIM3
SIM4
1
21
22
SIM5
SIM1
SIM2
SIM3
SIM4
1
21
22
SIM5
SIM1
SIM2
SIM3
SIM4
1
21
22
SIM5
SIM1
SIM2
SIM3
SIM4
1
21
22
SIM5
SIM1
SIM2
SIM3
SIM4
1
21
22
SIM5
SIM1
SIM2
SIM3
SIM4
1
21
22
SIM5
SIM1
SIM2
SIM3
SIM4
1
21
22
SIM5
SIM1
SIM2
SIM3
SIM4
1
21
22
SIM5
SIM1
SIM2
SIM3
SIM4
1
21
22
SIM5
SIM1
SIM2
SIM3
SIM4
1
21
22
SIM5
SIM1
SIM2
SIM3
SIM4
1
21
22
SIM5
SIM1
SIM2
DEBUG 1 915
SIM1
SIM2
SIM3
SIM4
1
21
22
SIM5
SIM1
SIM2
SIM3
SIM4
1
21
22
SIM5
SIM1
SIM2
SIM3
SIM4
1
21
22
SIM5
SIM1
SIM2
SIM3
SIM4
1
21
22
SIM5
SIM1
SIM2
SIM3
SIM4
1
21
22
SIM5
SIM1
SIM2
SIM3
SIM4
1
21
22
SIM5
SIM1
SIM2
SIM3
SIM4
1
21
22
SIM5
SIM1
SIM2
SIM3
SIM4
1
21
22
SIM5
SIM1
SIM2
SIM3
SIM4
1
21
22
SIM5
SIM1
SIM2
SIM3
SIM4
1
21
22
SIM5
SIM1
SIM2
SIM3
SIM4
1
21
22
SIM5
SIM1
SIM2
SIM3
SIM4
1
21
22
SIM5
SIM1
SIM2
SIM3
SIM4
1
21
22
SIM5
SIM1
SIM2
SIM3
SIM4
1
21
22
SIM5
SIM1
SIM2
SIM3
SIM4
1
21
22
SIM5
SIM1
SIM2
SIM3
SIM4
1
21
22
SIM5
SIM1
SIM2
SIM3
SIM4
1
21
22
SIM5
SIM1
SIM2
SIM3
SIM4
1
21
22
SIM5
SIM1
SIM2
SIM3
SIM4
1
21
22
SIM5
SIM1
SIM2
SIM3
SIM4
1
21
22
SIM5
SIM1
SIM2
SIM3
SIM4
1
21
22
SIM5
SIM1
SIM2
SIM3
SIM4
1
21
22
SIM5
SIM1
SIM2
SIM3
SIM4
1
21
22
SIM5
SIM1
SIM2
SIM3
SIM4
1
21
22
SIM5
SIM1
SIM2
SIM3
SIM4
1
21
22
SIM5
SIM1
SIM2
SIM3
SIM4
1
21
22
SIM5
SIM1
SIM2
SIM3
SIM4
1
21
22
SIM5
SIM1
SIM2
SIM3
SIM4
1
21
22
SIM5
SIM1
SIM2
SIM3
SIM4
1
21
22
SIM5
SIM1
SIM2
SIM3
SIM4
1
21
22
SIM5
SIM1
SIM2
SIM3
SIM4
1
21
22
SIM5
SIM1
SIM2
SIM3
SIM4
1
21
22
SIM5
SIM1
SIM2
SIM3
SIM4
1
21
22
SIM5
SIM1
SIM2
SIM3
SIM4
1
21
22
SIM5
SIM1
SIM2
SIM3
SIM4
1
21
22
SIM5
SIM1
SIM2
SIM3
SIM4
1
21
22
SIM5
SIM1
SIM2
SIM3
SIM4
1
21
22
SIM5
SIM1
SIM2
SIM3
SIM4
1
21
22
SIM5
SIM1
SIM2
SIM3
SIM4
1
21
22
SIM5
SIM1
SIM2
SIM3
SIM4
1
21
22
SIM5
SIM1
SIM2
SIM3
SIM4
1
21
22
SIM5
SIM1
SIM2
SIM3
SIM4
1
21
22
SIM5
SIM1
SIM2
SIM3
SIM4
1
21
22
SIM5
SIM1
SIM2
SIM3
SIM4
1
21
22
SIM5
SIM1
SIM2
SIM3
SIM4
1
21
22
SIM5
SIM1
SIM2
SIM3
SIM4
1
21
22
SIM5
SIM1
SIM2
SIM3
SIM4
1
21
22
SIM5
SIM1
SIM2
SIM3
SIM4
1
21
22
SIM5
SIM1
SIM2
SIM3
SIM4
1
21
22
SIM5
SIM1
SIM2
SIM3
SIM4
1
21
22
SIM5
SIM1
SIM2
SIM3
SIM4
1
21
22
SIM5
SIM1
SIM2
SIM3
SIM4
1
21
22
SIM5
SIM1
SIM2
SIM3
SIM4
1
21
22
SIM5
SIM1
SIM2
SIM3
SIM4
1
21
22
SIM5
SIM1
SIM2
SIM3
SIM4
1
21
22
SIM5
SIM1
SIM2
SIM3
SIM4
1
21
22
SIM5
SIM1
SIM2
SIM3
SIM4
1
21
22
SIM5
SIM1
SIM2
SIM3
SIM4
1
21
22
SIM5
SIM1
SIM2
SIM3
SIM4
1
21
22
SIM5
SIM1
SIM2
SIM3
SIM4
1
21
22
SIM5
SIM1
SIM2
SIM3
SIM4
1
21
22
SIM5
SIM1
SIM2
SIM3
SIM4
1
21
22
SIM5
SIM1
SIM2
SIM3
SIM4
1
21
22
SIM5
SIM1
SIM2
SIM3
SIM4
1
21
22
SIM5
SIM1
SIM2
SIM3
SIM4
1
21
22
SIM5
SIM1
SIM2
SIM3
SIM4
1
21
22
SIM5
SIM1
SIM2
SIM3
SIM4
1
21
22
SIM5
SIM1
SIM2
SIM3
SIM4
1
21
22
SIM5
SIM1
SIM2
SIM3
SIM4
1
21
22
SIM5
SIM1
SIM2
SIM3
SIM4
1
21
22
SIM5
SIM1
SIM2
SIM3
SIM4
1
21
22
SIM5
SIM1
SIM2
SIM3
SIM4
1
21
22
SIM5
SIM1
SIM2
SIM3
SIM4
1
21
22
SIM5
SIM1
SIM2
SIM3
SIM4
1
21
22
SIM5
SIM1
SIM2
SIM3
SIM4
1
21
22
SIM5
SIM1
SIM2
SIM3
SIM4
1
21
22
SIM5
SIM1
SIM2
SIM3
SIM4
1
21
22
SIM5
SIM1
SIM2
SIM3
SIM4
1
21
22
SIM5
SIM1
SIM2
SIM3
SIM4
1
21
22
SIM5
SIM1
SIM2
SIM3
SIM4
1
21
22
SIM5
SIM1
SIM2
SIM3
SIM4
1
21
22
SIM5
SIM1
SIM2
SIM3
SIM4
1
21
22
SIM5
SIM1
SIM2
SIM3
SIM4
1
21
22
SIM5
SIM1
SIM2
SIM3
SIM4
1
21
22
SIM5
SIM1
SIM2
SIM3
SIM4
1
21
22
SIM5
SIM1
SIM2
SIM3
SIM4
1
21
22
SIM5
SIM1
SIM2
SIM3
SIM4
1
21
22
SIM5
SIM1
SIM2
SIM3
SIM4
1
21
22
SIM5
SIM1
SIM2
SIM3
SIM4
1
21
22
SIM5
SIM1
SIM2
SIM3
SIM4
1
21
22
SIM5
SIM1
SIM2
SIM3
SIM4
1
21
22
SIM5
SIM1
SIM2
SIM3
SIM4
1
21
22
SIM5
SIM1
SIM2
SIM3
SIM4
1
21
22
SIM5
SIM1
SIM2
SIM3
SIM4
1
21
22
SIM5
SIM1
SIM2
SIM3
SIM4
1
21
22
SIM5
SIM1
SIM2
SIM3
SIM4
1
21
22
SIM5
SIM1
SIM2
SIM3
SIM4
1
21
22
SIM5
SIM1
SIM2
SIM3
SIM4
1
21
22
SIM5
SIM1
SIM2
SIM3
SIM4
1
21
22
SIM5
SIM1
SIM2
SIM3
SIM4
1
21
22
SIM5
SIM1
SIM2
SIM3
SIM4
1
21
22
SIM5
SIM1
SIM2
SIM3
SIM4
1
21
22
SIM5
SIM1
SIM2
SIM3
SIM4
1
21
22
SIM5
SIM1
SIM2
SIM3
SIM4
1
21
22
SIM5
SIM1
SIM2
SIM3
SIM4
1
21
22
SIM5
SIM1
SIM2
SIM3
SIM4
1
21
22
SIM5
SIM1
SIM2
SIM3
SIM4
1
21
22
SIM5
SIM1
SIM2
SIM3
SIM4
1
21
22
SIM5
SIM1
SIM2
SIM3
SIM4
1
21
22
SIM5
SIM1
SIM2
SIM3
SIM4
1
21
22
SIM5
SIM1
SIM2
SIM3
SIM4
1
21
22
SIM5
SIM1
SIM2
SIM3
SIM4
1
21
22
SIM5
SIM1
SIM2
SIM3
SIM4
1
21
22
SIM5
SIM1
SIM2
SIM3
SIM4
1
21
22
SIM5
SIM1
SIM2
SIM3
SIM4
1
21
22
SIM5
SIM1
SIM2
SIM3
SIM4
1
21
22
SIM5
SIM1
SIM2
SIM3
SIM4
1
21
22
SIM5
SIM1
SIM2
SIM3
SIM4
1
21
22
SIM5
SIM1
SIM2
SIM3
SIM4
1
21
22
SIM5
SIM1
SIM2
SIM3
SIM4
1
21
22
SIM5
SIM1
SIM2
SIM3
SIM4
1
21
22
SIM5
SIM1
SIM2
SIM3
SIM4
1
21
22
SIM5
SIM1
SIM2
SIM3
SIM4
1
21
22
SIM5
SIM1
SIM2
SIM3
SIM4
1
21
22
SIM5
SIM1
SIM2
SIM3
SIM4
1
21
22
SIM5
SIM1
SIM2
SIM3
SIM4
1
21
22
SIM5
SIM1
SIM2
SIM3
SIM4
1
21
22
SIM5
SIM1
SIM2
SIM3
SIM4
1
21
22
SIM5
SIM1
SIM2
SIM3
SIM4
1
21
22
SIM5
SIM1
SIM2
SIM3
SIM4
1
21
22
SIM5
SIM1
SIM2
SIM3
SIM4
1
21
22
SIM5
SIM1
SIM2
SIM3
SIM4
1
21
22
SIM5
SIM1
SIM2
SIM3
SIM4
1
21
22
SIM5
SIM1
SIM2
SIM3
SIM4
1
21
22
SIM5
SIM1
SIM2
SIM3
SIM4
1
21
22
SIM5
SIM1
SIM2
SIM3
SIM4
1
21
22
SIM5
SIM1
SIM2
SIM3
SIM4
1
21
22
SIM5
SIM1
SIM2
SIM3
SIM4
1
21
22
SIM5
SIM1
SIM2
SIM3
SIM4
1
21
22
SIM5
SIM1
SIM2
SIM3
SIM4
1
21
22
SIM5
SIM1
SIM2
SIM3
SIM4
1
21
22
SIM5
SIM1
SIM2
SIM3
SIM4
1
21
22
SIM5
SIM1
SIM2
SIM3
SIM4
1
21
22
SIM5
SIM1
SIM2
SIM3
SIM4
1
21
22
SIM5
SIM1
SIM2
SIM3
SIM4
1
21
22
SIM5
SIM1
SIM2
SIM3
SIM4
1
21
22
SIM5
SIM1
SIM2
SIM3
SIM4
1
21
22
SIM5
SIM1
SIM2
SIM3
SIM4
1
21
22
SIM5
SIM1
SIM2
SIM3
SIM4
1
21
22
SIM5
SIM1
SIM2
SIM3
SIM4
1
21
22
SIM5
SIM1
SIM2
SIM3
SIM4
1
21
22
SIM5
SIM1
SIM2
SIM3
SIM4
1
21
22
SIM5
SIM1
SIM2
SIM3
SIM4
1
21
22
SIM5
SIM1
SIM2
SIM3
SIM4
1
21
22
SIM5
SIM1
SIM2
SIM3
SIM4
1
21
22
SIM5
SIM1
SIM2
SIM3
SIM4
1
21
22
SIM5
SIM1
SIM2
SIM3
SIM4
1
21
22
SIM5
SIM1
SIM2
SIM3
SIM4
1
21
22
SIM5
SIM1
SIM2
SIM3
SIM4
1
21
22
SIM5
SIM1
SIM2
SIM3
SIM4
1
21
22
SIM5
SIM1
SIM2
SIM3
SIM4
1
21
22
SIM5
SIM1
SIM2
SIM3
SIM4
1
21
22
SIM5
SIM1
SIM2
SIM3
SIM4
1
21
22
SIM5
SIM1
SIM2
SIM3
SIM4
1
21
22
SIM5
SIM1
SIM2
SIM3
SIM4
1
21
22
SIM5
SIM1
SIM2
SIM3
SIM4
1
21
22
SIM5
SIM1
SIM2
SIM3
SIM4
1
21
22
SIM5
SIM1
SIM2
SIM3
SIM4
1
21
22
SIM5
SIM1
SIM2
SIM3
SIM4
1
21
22
SIM5
SIM1
SIM2
SIM3
SIM4
1
21
22
SIM5
SIM1
SIM2
DEBUG 1 916
SIM1
SIM2
SIM3
SIM4
1
21
22
SIM5
SIM1
SIM2
SIM3
SIM4
1
21
22
SIM5
SIM1
SIM2
SIM3
SIM4
1
21
22
SIM5
SIM1
SIM2
SIM3
SIM4
1
21
22
SIM5
SIM1
SIM2
SIM3
SIM4
1
21
22
SIM5
SIM1
SIM2
SIM3
SIM4
1
21
22
SIM5
SIM1
SIM2
SIM3
SIM4
1
21
22
SIM5
SIM1
SIM2
SIM3
SIM4
1
21
22
SIM5
SIM1
SIM2
SIM3
SIM4
1
21
22
SIM5
SIM1
SIM2
SIM3
SIM4
1
21
22
SIM5
SIM1
SIM2
SIM3
SIM4
1
21
22
SIM5
SIM1
SIM2
SIM3
SIM4
1
21
22
SIM5
SIM1
SIM2
SIM3
SIM4
1
21
22
SIM5
SIM1
SIM2
SIM3
SIM4
1
21
22
SIM5
SIM1
SIM2
SIM3
SIM4
1
21
22
SIM5
SIM1
SIM2
SIM3
SIM4
1
21
22
SIM5
SIM1
SIM2
SIM3
SIM4
1
21
22
SIM5
SIM1
SIM2
SIM3
SIM4
1
21
22
SIM5
SIM1
SIM2
SIM3
SIM4
1
21
22
SIM5
SIM1
SIM2
SIM3
SIM4
1
21
22
SIM5
SIM1
SIM2
SIM3
SIM4
1
21
22
SIM5
SIM1
SIM2
SIM3
SIM4
1
21
22
SIM5
SIM1
SIM2
SIM3
SIM4
1
21
22
SIM5
SIM1
SIM2
SIM3
SIM4
1
21
22
SIM5
SIM1
SIM2
SIM3
SIM4
1
21
22
SIM5
SIM1
SIM2
SIM3
SIM4
1
21
22
SIM5
SIM1
SIM2
SIM3
SIM4
1
21
22
SIM5
SIM1
SIM2
SIM3
SIM4
1
21
22
SIM5
SIM1
SIM2
SIM3
SIM4
1
21
22
SIM5
SIM1
SIM2
SIM3
SIM4
1
21
22
SIM5
SIM1
SIM2
SIM3
SIM4
1
21
22
SIM5
SIM1
SIM2
SIM3
SIM4
1
21
22
SIM5
SIM1
SIM2
SIM3
SIM4
1
21
22
SIM5
SIM1
SIM2
SIM3
SIM4
1
21
22
SIM5
SIM1
SIM2
SIM3
SIM4
1
21
22
SIM5
SIM1
SIM2
SIM3
SIM4
1
21
22
SIM5
SIM1
SIM2
SIM3
SIM4
1
21
22
SIM5
SIM1
SIM2
SIM3
SIM4
1
21
22
SIM5
SIM1
SIM2
SIM3
SIM4
1
21
22
SIM5
SIM1
SIM2
SIM3
SIM4
1
21
22
SIM5
SIM1
SIM2
SIM3
SIM4
1
21
22
SIM5
SIM1
SIM2
SIM3
SIM4
1
21
22
SIM5
SIM1
SIM2
SIM3
SIM4
1
21
22
SIM5
SIM1
SIM2
SIM3
SIM4
1
21
22
SIM5
SIM1
SIM2
SIM3
SIM4
1
21
22
SIM5
SIM1
SIM2
SIM3
SIM4
1
21
22
SIM5
SIM1
SIM2
SIM3
SIM4
1
21
22
SIM5
SIM1
SIM2
SIM3
SIM4
1
21
22
SIM5
SIM1
SIM2
SIM3
SIM4
1
21
22
SIM5
SIM1
SIM2
SIM3
SIM4
1
21
22
SIM5
SIM1
SIM2
SIM3
SIM4
1
21
22
SIM5
SIM1
SIM2
SIM3
SIM4
1
21
22
SIM5
SIM1
SIM2
SIM3
SIM4
1
21
22
SIM5
SIM1
SIM2
SIM3
SIM4
1
21
22
SIM5
SIM1
SIM2
SIM3
SIM4
1
21
22
SIM5
SIM1
SIM2
SIM3
SIM4
1
21
22
SIM5
SIM1
SIM2
SIM3
SIM4
1
21
22
SIM5
SIM1
SIM2
SIM3
SIM4
1
21
22
SIM5
SIM1
SIM2
SIM3
SIM4
1
21
22
SIM5
SIM1
SIM2
SIM3
SIM4
1
21
22
SIM5
SIM1
SIM2
SIM3
SIM4
1
21
22
SIM5
SIM1
SIM2
SIM3
SIM4
1
21
22
SIM5
SIM1
SIM2
SIM3
SIM4
1
21
22
SIM5
SIM1
SIM2
SIM3
SIM4
1
21
22
SIM5
SIM1
SIM2
SIM3
SIM4
1
21
22
SIM5
SIM1
SIM2
SIM3
SIM4
1
21
22
SIM5
SIM1
SIM2
SIM3
SIM4
1
21
22
SIM5
SIM1
SIM2
SIM3
SIM4
1
21
22
SIM5
SIM1
SIM2
SIM3
SIM4
1
21
22
SIM5
SIM1
SIM2
SIM3
SIM4
1
21
22
SIM5
SIM1
SIM2
SIM3
SIM4
1
21
22
SIM5
SIM1
SIM2
SIM3
SIM4
1
21
22
SIM5
SIM1
SIM2
SIM3
SIM4
1
21
22
SIM5
SIM1
SIM2
SIM3
SIM4
1
21
22
SIM5
SIM1
SIM2
SIM3
SIM4
1
21
22
SIM5
SIM1
SIM2
SIM3
SIM4
1
21
22
SIM5
SIM1
SIM2
SIM3
SIM4
1
21
22
SIM5
SIM1
SIM2
SIM3
SIM4
1
21
22
SIM5
SIM1
SIM2
SIM3
SIM4
1
21
22
SIM5
SIM1
SIM2
SIM3
SIM4
1
21
22
SIM5
SIM1
SIM2
SIM3
SIM4
1
21
22
SIM5
SIM1
SIM2
SIM3
SIM4
1
21
22
SIM5
SIM1
SIM2
SIM3
SIM4
1
21
22
SIM5
SIM1
SIM2
SIM3
SIM4
1
21
22
SIM5
SIM1
SIM2
SIM3
SIM4
1
21
22
SIM5
SIM1
SIM2
SIM3
SIM4
1
21
22
SIM5
SIM1
SIM2
SIM3
SIM4
1
21
22
SIM5
SIM1
SIM2
SIM3
SIM4
1
21
22
SIM5
SIM1
SIM2
SIM3
SIM4
1
21
22
SIM5
SIM1
SIM2
SIM3
SIM4
1
21
22
SIM5
SIM1
SIM2
SIM3
SIM4
1
21
22
SIM5
SIM1
SIM2
SIM3
SIM4
1
21
22
SIM5
SIM1
SIM2
SIM3
SIM4
1
21
22
SIM5
SIM1
SIM2
SIM3
SIM4
1
21
22
SIM5
SIM1
SIM2
SIM3
SIM4
1
21
22
SIM5
SIM1
SIM2
SIM3
SIM4
1
21
22
SIM5
SIM1
SIM2
SIM3
SIM4
1
21
22
SIM5
SIM1
SIM2
SIM3
SIM4
1
21
22
SIM5
SIM1
SIM2
SIM3
SIM4
1
21
22
SIM5
SIM1
SIM2
SIM3
SIM4
1
21
22
SIM5
SIM1
SIM2
SIM3
SIM4
1
21
22
SIM5
SIM1
SIM2
SIM3
SIM4
1
21
22
SIM5
SIM1
SIM2
SIM3
SIM4
1
21
22
SIM5
SIM1
SIM2
SIM3
SIM4
1
21
22
SIM5
SIM1
SIM2
SIM3
SIM4
1
21
22
SIM5
SIM1
SIM2
SIM3
SIM4
1
21
22
SIM5
SIM1
SIM2
SIM3
SIM4
1
21
22
SIM5
SIM1
SIM2
SIM3
SIM4
1
21
22
SIM5
SIM1
SIM2
SIM3
SIM4
1
21
22
SIM5
SIM1
SIM2
SIM3
SIM4
1
21
22
SIM5
SIM1
SIM2
SIM3
SIM4
1
21
22
SIM5
SIM1
SIM2
SIM3
SIM4
1
21
22
SIM5
SIM1
SIM2
SIM3
SIM4
1
21
22
SIM5
SIM1
SIM2
SIM3
SIM4
1
21
22
SIM5
SIM1
SIM2
SIM3
SIM4
1
21
22
SIM5
SIM1
SIM2
SIM3
SIM4
1
21
22
SIM5
SIM1
SIM2
SIM3
SIM4
1
21
22
SIM5
SIM1
SIM2
SIM3
SIM4
1
21
22
SIM5
SIM1
SIM2
SIM3
SIM4
1
21
22
SIM5
SIM1
SIM2
SIM3
SIM4
1
21
22
SIM5
SIM1
SIM2
SIM3
SIM4
1
21
22
SIM5
SIM1
SIM2
SIM3
SIM4
1
21
22
SIM5
SIM1
SIM2
SIM3
SIM4
1
21
22
SIM5
SIM1
SIM2
SIM3
SIM4
1
21
22
SIM5
SIM1
SIM2
SIM3
SIM4
1
21
22
SIM5
SIM1
SIM2
SIM3
SIM4
1
21
22
SIM5
SIM1
SIM2
SIM3
SIM4
1
21
22
SIM5
SIM1
SIM2
SIM3
SIM4
1
21
22
SIM5
SIM1
SIM2
SIM3
SIM4
1
21
22
SIM5
SIM1
SIM2
SIM3
SIM4
1
21
22
SIM5
SIM1
SIM2
SIM3
SIM4
1
21
22
SIM5
SIM1
SIM2
SIM3
SIM4
1
21
22
SIM5
SIM1
SIM2
SIM3
SIM4
1
21
22
SIM5
SIM1
SIM2
SIM3
SIM4
1
21
22
SIM5
SIM1
SIM2
SIM3
SIM4
1
21
22
SIM5
SIM1
SIM2
SIM3
SIM4
1
21
22
SIM5
SIM1
SIM2
SIM3
SIM4
1
21
22
SIM5
SIM1
SIM2
SIM3
SIM4
1
21
22
SIM5
SIM1
SIM2
SIM3
SIM4
1
21
22
SIM5
SIM1
SIM2
SIM3
SIM4
1
21
22
SIM5
SIM1
SIM2
SIM3
SIM4
1
21
22
SIM5
SIM1
SIM2
SIM3
SIM4
1
21
22
SIM5
SIM1
SIM2
SIM3
SIM4
1
21
22
SIM5
SIM1
SIM2
SIM3
SIM4
1
21
22
SIM5
SIM1
SIM2
SIM3
SIM4
1
21
22
SIM5
SIM1
SIM2
SIM3
SIM4
1
21
22
SIM5
SIM1
SIM2
SIM3
SIM4
1
21
22
SIM5
SIM1
SIM2
SIM3
SIM4
1
21
22
SIM5
SIM1
SIM2
SIM3
SIM4
1
21
22
SIM5
SIM1
SIM2
SIM3
SIM4
1
21
22
SIM5
SIM1
SIM2
SIM3
SIM4
1
21
22
SIM5
SIM1
SIM2
SIM3
SIM4
1
21
22
SIM5
SIM1
SIM2
SIM3
SIM4
1
21
22
SIM5
SIM1
SIM2
SIM3
SIM4
1
21
22
SIM5
SIM1
SIM2
SIM3
SIM4
1
21
22
SIM5
SIM1
SIM2
SIM3
SIM4
1
21
22
SIM5
SIM1
SIM2
SIM3
SIM4
1
21
22
SIM5
SIM1
SIM2
SIM3
SIM4
1
21
22
SIM5
SIM1
SIM2
SIM3
SIM4
1
21
22
SIM5
SIM1
SIM2
SIM3
SIM4
1
21
22
SIM5
SIM1
SIM2
SIM3
SIM4
1
21
22
SIM5
SIM1
SIM2
SIM3
SIM4
1
21
22
SIM5
SIM1
SIM2
SIM3
SIM4
1
21
22
SIM5
SIM1
SIM2
SIM3
SIM4
1
21
22
SIM5
SIM1
SIM2
SIM3
SIM4
1
21
22
SIM5
SIM1
SIM2
SIM3
SIM4
1
21
22
SIM5
SIM1
SIM2
SIM3
SIM4
1
21
22
SIM5
SIM1
SIM2
SIM3
SIM4
1
21
22
SIM5
SIM1
SIM2
SIM3
SIM4
1
21
22
SIM5
SIM1
SIM2
SIM3
SIM4
1
21
22
SIM5
SIM1
SIM2
SIM3
SIM4
1
21
22
SIM5
SIM1
SIM2
SIM3
SIM4
1
21
22
SIM5
SIM1
SIM2
SIM3
SIM4
1
21
22
SIM5
SIM1
SIM2
SIM3
SIM4
1
21
22
SIM5
SIM1
SIM2
SIM3
SIM4
1
21
22
SIM5
SIM1
SIM2
SIM3
SIM4
1
21
22
SIM5
SIM1
SIM2
SIM3
SIM4
1
21
22
SIM5
SIM1
SIM2
SIM3
SIM4
1
21
22
SIM5
SIM1
SIM2
SIM3
SIM4
1
21
22
SIM5
SIM1
SIM2
SIM3
SIM4
1
21
22
SIM5
SIM1
SIM2
SIM3
SIM4
1
21
22
SIM5
SIM1
SIM2
SIM3
SIM4
1
21
22
SIM5
SIM1
SIM2
SIM3
SIM4
1
21
22
SIM5
SIM1
SIM2
SIM3
SIM4
1
21
22
SIM5
SIM1
SIM2
SIM3
SIM4
1
21
22
SIM5
SIM1
SIM2
SIM3
SIM4
1
21
22
SIM5
SIM1
SIM2
SIM3
SIM4
1
21
22
SIM5
SIM1
SIM2
SIM3
SIM4
1
21
22
SIM5
SIM1
SIM2
SIM3
SIM4
1
21
22
SIM5
SIM1
SIM2
SIM3
SIM4
1
21
22
SIM5
SIM1
SIM2
DEBUG 1 917
SIM1
SIM2
SIM3
SIM4
1
21
22
SIM5
SIM1
SIM2
SIM3
SIM4
1
21
22
SIM5
SIM1
SIM2
SIM3
SIM4
1
21
22
SIM5
SIM1
SIM2
SIM3
SIM4
1
21
22
SIM5
SIM1
SIM2
SIM3
SIM4
1
21
22
SIM5
SIM1
SIM2
SIM3
SIM4
1
21
22
SIM5
SIM1
SIM2
SIM3
SIM4
1
21
22
SIM5
SIM1
SIM2
SIM3
SIM4
1
21
22
SIM5
SIM1
SIM2
SIM3
SIM4
1
21
22
SIM5
SIM1
SIM2
SIM3
SIM4
1
21
22
SIM5
SIM1
SIM2
SIM3
SIM4
1
21
22
SIM5
SIM1
SIM2
SIM3
SIM4
1
21
22
SIM5
SIM1
SIM2
SIM3
SIM4
1
21
22
SIM5
SIM1
SIM2
SIM3
SIM4
1
21
22
SIM5
SIM1
SIM2
SIM3
SIM4
1
21
22
SIM5
SIM1
SIM2
SIM3
SIM4
1
21
22
SIM5
SIM1
SIM2
SIM3
SIM4
1
21
22
SIM5
SIM1
SIM2
SIM3
SIM4
1
21
22
SIM5
SIM1
SIM2
SIM3
SIM4
1
21
22
SIM5
SIM1
SIM2
SIM3
SIM4
1
21
22
SIM5
SIM1
SIM2
SIM3
SIM4
1
21
22
SIM5
SIM1
SIM2
SIM3
SIM4
1
21
22
SIM5
SIM1
SIM2
SIM3
SIM4
1
21
22
SIM5
SIM1
SIM2
SIM3
SIM4
1
21
22
SIM5
SIM1
SIM2
SIM3
SIM4
1
21
22
SIM5
SIM1
SIM2
SIM3
SIM4
1
21
22
SIM5
SIM1
SIM2
SIM3
SIM4
1
21
22
SIM5
SIM1
SIM2
SIM3
SIM4
1
21
22
SIM5
SIM1
SIM2
SIM3
SIM4
1
21
22
SIM5
SIM1
SIM2
SIM3
SIM4
1
21
22
SIM5
SIM1
SIM2
SIM3
SIM4
1
21
22
SIM5
SIM1
SIM2
SIM3
SIM4
1
21
22
SIM5
SIM1
SIM2
SIM3
SIM4
1
21
22
SIM5
SIM1
SIM2
SIM3
SIM4
1
21
22
SIM5
SIM1
SIM2
SIM3
SIM4
1
21
22
SIM5
SIM1
SIM2
SIM3
SIM4
1
21
22
SIM5
SIM1
SIM2
SIM3
SIM4
1
21
22
SIM5
SIM1
SIM2
SIM3
SIM4
1
21
22
SIM5
SIM1
SIM2
SIM3
SIM4
1
21
22
SIM5
SIM1
SIM2
SIM3
SIM4
1
21
22
SIM5
SIM1
SIM2
SIM3
SIM4
1
21
22
SIM5
SIM1
SIM2
SIM3
SIM4
1
21
22
SIM5
SIM1
SIM2
SIM3
SIM4
1
21
22
SIM5
SIM1
SIM2
SIM3
SIM4
1
21
22
SIM5
SIM1
SIM2
SIM3
SIM4
1
21
22
SIM5
SIM1
SIM2
SIM3
SIM4
1
21
22
SIM5
SIM1
SIM2
SIM3
SIM4
1
21
22
SIM5
SIM1
SIM2
SIM3
SIM4
1
21
22
SIM5
SIM1
SIM2
SIM3
SIM4
1
21
22
SIM5
SIM1
SIM2
SIM3
SIM4
1
21
22
SIM5
SIM1
SIM2
SIM3
SIM4
1
21
22
SIM5
SIM1
SIM2
SIM3
SIM4
1
21
22
SIM5
SIM1
SIM2
SIM3
SIM4
1
21
22
SIM5
SIM1
SIM2
SIM3
SIM4
1
21
22
SIM5
SIM1
SIM2
SIM3
SIM4
1
21
22
SIM5
SIM1
SIM2
SIM3
SIM4
1
21
22
SIM5
SIM1
SIM2
SIM3
SIM4
1
21
22
SIM5
SIM1
SIM2
SIM3
SIM4
1
21
22
SIM5
SIM1
SIM2
SIM3
SIM4
1
21
22
SIM5
SIM1
SIM2
SIM3
SIM4
1
21
22
SIM5
SIM1
SIM2
SIM3
SIM4
1
21
22
SIM5
SIM1
SIM2
SIM3
SIM4
1
21
22
SIM5
SIM1
SIM2
SIM3
SIM4
1
21
22
SIM5
SIM1
SIM2
SIM3
SIM4
1
21
22
SIM5
SIM1
SIM2
SIM3
SIM4
1
21
22
SIM5
SIM1
SIM2
SIM3
SIM4
1
21
22
SIM5
SIM1
SIM2
SIM3
SIM4
1
21
22
SIM5
SIM1
SIM2
SIM3
SIM4
1
21
22
SIM5
SIM1
SIM2
SIM3
SIM4
1
21
22
SIM5
SIM1
SIM2
SIM3
SIM4
1
21
22
SIM5
SIM1
SIM2
SIM3
SIM4
1
21
22
SIM5
SIM1
SIM2
SIM3
SIM4
1
21
22
SIM5
SIM1
SIM2
SIM3
SIM4
1
21
22
SIM5
SIM1
SIM2
SIM3
SIM4
1
21
22
SIM5
SIM1
SIM2
SIM3
SIM4
1
21
22
SIM5
SIM1
SIM2
SIM3
SIM4
1
21
22
SIM5
SIM1
SIM2
SIM3
SIM4
1
21
22
SIM5
SIM1
SIM2
SIM3
SIM4
1
21
22
SIM5
SIM1
SIM2
SIM3
SIM4
1
21
22
SIM5
SIM1
SIM2
SIM3
SIM4
1
21
22
SIM5
SIM1
SIM2
SIM3
SIM4
1
21
22
SIM5
SIM1
SIM2
SIM3
SIM4
1
21
22
SIM5
SIM1
SIM2
SIM3
SIM4
1
21
22
SIM5
SIM1
SIM2
SIM3
SIM4
1
21
22
SIM5
SIM1
SIM2
SIM3
SIM4
1
21
22
SIM5
SIM1
SIM2
SIM3
SIM4
1
21
22
SIM5
SIM1
SIM2
SIM3
SIM4
1
21
22
SIM5
SIM1
SIM2
SIM3
SIM4
1
21
22
SIM5
SIM1
SIM2
SIM3
SIM4
1
21
22
SIM5
SIM1
SIM2
SIM3
SIM4
1
21
22
SIM5
SIM1
SIM2
SIM3
SIM4
1
21
22
SIM5
SIM1
SIM2
SIM3
SIM4
1
21
22
SIM5
SIM1
SIM2
SIM3
SIM4
1
21
22
SIM5
SIM1
SIM2
SIM3
SIM4
1
21
22
SIM5
SIM1
SIM2
SIM3
SIM4
1
21
22
SIM5
SIM1
SIM2
SIM3
SIM4
1
21
22
SIM5
SIM1
SIM2
SIM3
SIM4
1
21
22
SIM5
SIM1
SIM2
SIM3
SIM4
1
21
22
SIM5
SIM1
SIM2
SIM3
SIM4
1
21
22
SIM5
SIM1
SIM2
SIM3
SIM4
1
21
22
SIM5
SIM1
SIM2
SIM3
SIM4
1
21
22
SIM5
SIM1
SIM2
SIM3
SIM4
1
21
22
SIM5
SIM1
SIM2
SIM3
SIM4
1
21
22
SIM5
SIM1
SIM2
SIM3
SIM4
1
21
22
SIM5
SIM1
SIM2
SIM3
SIM4
1
21
22
SIM5
SIM1
SIM2
SIM3
SIM4
1
21
22
SIM5
SIM1
SIM2
SIM3
SIM4
1
21
22
SIM5
SIM1
SIM2
SIM3
SIM4
1
21
22
SIM5
SIM1
SIM2
SIM3
SIM4
1
21
22
SIM5
SIM1
SIM2
SIM3
SIM4
1
21
22
SIM5
SIM1
SIM2
SIM3
SIM4
1
21
22
SIM5
SIM1
SIM2
SIM3
SIM4
1
21
22
SIM5
SIM1
SIM2
SIM3
SIM4
1
21
22
SIM5
SIM1
SIM2
SIM3
SIM4
1
21
22
SIM5
SIM1
SIM2
SIM3
SIM4
1
21
22
SIM5
SIM1
SIM2
SIM3
SIM4
1
21
22
SIM5
SIM1
SIM2
SIM3
SIM4
1
21
22
SIM5
SIM1
SIM2
SIM3
SIM4
1
21
22
SIM5
SIM1
SIM2
SIM3
SIM4
1
21
22
SIM5
SIM1
SIM2
SIM3
SIM4
1
21
22
SIM5
SIM1
SIM2
SIM3
SIM4
1
21
22
SIM5
SIM1
SIM2
SIM3
SIM4
1
21
22
SIM5
SIM1
SIM2
SIM3
SIM4
1
21
22
SIM5
SIM1
SIM2
SIM3
SIM4
1
21
22
SIM5
SIM1
SIM2
SIM3
SIM4
1
21
22
SIM5
SIM1
SIM2
SIM3
SIM4
1
21
22
SIM5
SIM1
SIM2
SIM3
SIM4
1
21
22
SIM5
SIM1
SIM2
SIM3
SIM4
1
21
22
SIM5
SIM1
SIM2
SIM3
SIM4
1
21
22
SIM5
SIM1
SIM2
SIM3
SIM4
1
21
22
SIM5
SIM1
SIM2
SIM3
SIM4
1
21
22
SIM5
SIM1
SIM2
SIM3
SIM4
1
21
22
SIM5
SIM1
SIM2
SIM3
SIM4
1
21
22
SIM5
SIM1
SIM2
SIM3
SIM4
1
21
22
SIM5
SIM1
SIM2
SIM3
SIM4
1
21
22
SIM5
SIM1
SIM2
SIM3
SIM4
1
21
22
SIM5
SIM1
SIM2
SIM3
SIM4
1
21
22
SIM5
SIM1
SIM2
SIM3
SIM4
1
21
22
SIM5
SIM1
SIM2
SIM3
SIM4
1
21
22
SIM5
SIM1
SIM2
SIM3
SIM4
1
21
22
SIM5
SIM1
SIM2
SIM3
SIM4
1
21
22
SIM5
SIM1
SIM2
SIM3
SIM4
1
21
22
SIM5
SIM1
SIM2
SIM3
SIM4
1
21
22
SIM5
SIM1
SIM2
SIM3
SIM4
1
21
22
SIM5
SIM1
SIM2
SIM3
SIM4
1
21
22
SIM5
SIM1
SIM2
SIM3
SIM4
1
21
22
SIM5
SIM1
SIM2
SIM3
SIM4
1
21
22
SIM5
SIM1
SIM2
SIM3
SIM4
1
21
22
SIM5
SIM1
SIM2
SIM3
SIM4
1
21
22
SIM5
SIM1
SIM2
SIM3
SIM4
1
21
22
SIM5
SIM1
SIM2
SIM3
SIM4
1
21
22
SIM5
SIM1
SIM2
SIM3
SIM4
1
21
22
SIM5
SIM1
SIM2
SIM3
SIM4
1
21
22
SIM5
SIM1
SIM2
SIM3
SIM4
1
21
22
SIM5
SIM1
SIM2
SIM3
SIM4
1
21
22
SIM5
SIM1
SIM2
SIM3
SIM4
1
21
22
SIM5
SIM1
SIM2
SIM3
SIM4
1
21
22
SIM5
SIM1
SIM2
SIM3
SIM4
1
21
22
SIM5
SIM1
SIM2
SIM3
SIM4
1
21
22
SIM5
SIM1
SIM2
SIM3
SIM4
1
21
22
SIM5
SIM1
SIM2
SIM3
SIM4
1
21
22
SIM5
SIM1
SIM2
SIM3
SIM4
1
21
22
SIM5
SIM1
SIM2
SIM3
SIM4
1
21
22
SIM5
SIM1
SIM2
SIM3
SIM4
1
21
22
SIM5
SIM1
SIM2
SIM3
SIM4
1
21
22
SIM5
SIM1
SIM2
SIM3
SIM4
1
21
22
SIM5
SIM1
SIM2
SIM3
SIM4
1
21
22
SIM5
SIM1
SIM2
SIM3
SIM4
1
21
22
SIM5
SIM1
SIM2
SIM3
SIM4
1
21
22
SIM5
SIM1
SIM2
SIM3
SIM4
1
21
22
SIM5
SIM1
SIM2
SIM3
SIM4
1
21
22
SIM5
SIM1
SIM2
SIM3
SIM4
1
21
22
SIM5
SIM1
SIM2
SIM3
SIM4
1
21
22
SIM5
SIM1
SIM2
SIM3
SIM4
1
21
22
SIM5
SIM1
SIM2
SIM3
SIM4
1
21
22
SIM5
SIM1
SIM2
SIM3
SIM4
1
21
22
SIM5
SIM1
SIM2
SIM3
SIM4
1
21
22
SIM5
SIM1
SIM2
SIM3
SIM4
1
21
22
SIM5
SIM1
SIM2
SIM3
SIM4
1
21
22
SIM5
SIM1
SIM2
SIM3
SIM4
1
21
22
SIM5
SIM1
SIM2
SIM3
SIM4
1
21
22
SIM5
SIM1
SIM2
SIM3
SIM4
1
21
22
SIM5
SIM1
SIM2
SIM3
SIM4
1
21
22
SIM5
SIM1
SIM2
SIM3
SIM4
1
21
22
SIM5
SIM1
SIM2
SIM3
SIM4
1
21
22
SIM5
SIM1
SIM2
SIM3
SIM4
1
21
22
SIM5
SIM1
SIM2
SIM3
SIM4
1
21
22
SIM5
SIM1
SIM2
SIM3
SIM4
1
21
22
SIM5
SIM1
SIM2
SIM3
SIM4
1
21
22
SIM5
SIM1
SIM2
SIM3
SIM4
1
21
22
SIM5
SIM1
SIM2
SIM3
SIM4
1
21
22
SIM5
SIM1
SIM2
SIM3
SIM4
1
21
22
SIM5
SIM1
SIM2
SIM3
SIM4
1
21
22
SIM5
SIM1
SIM2
SIM3
SIM4
1
21
22
SIM5
SIM1
SIM2
SIM3
SIM4
1
21
22
SIM5
SIM1
SIM2
SIM3
SIM4
1
21
22
SIM5
SIM1
SIM2
SIM3
SIM4
1
21
22
SIM5
SIM1
SIM2
SIM3
SIM4
1
21
22
SIM5
SIM1
SIM2
SIM3
SIM4
1
21
22
SIM5
SIM1
SIM2
SIM3
SIM4
1
21
22
SIM5
SIM1
SIM2
SIM3
SIM4
1
21
22
SIM5
SIM1
SIM2
SIM3
SIM4
1
21
22
SIM5
SIM1
SIM2
SIM3
SIM4
1
21
22
SIM5
SIM1
SIM2
SIM3
SIM4
1
21
22
SIM5
SIM1
SIM2
SIM3
SIM4
1
21
22
SIM5
SIM1
SIM2
SIM3
SIM4
1
21
22
SIM5
SIM1
SIM2
SIM3
SIM4
1
21
22
SIM5
SIM1
SIM2
SIM3
SIM4
1
21
22
SIM5
SIM1
SIM2
SIM3
SIM4
1
21
22
SIM5
SIM1
SIM2
SIM3
SIM4
1
21
22
SIM5
SIM1
SIM2
SIM3
SIM4
1
21
22
SIM5
SIM1
SIM2
SIM3
SIM4
1
21
22
SIM5
SIM1
SIM2
SIM3
SIM4
1
21
22
SIM5
SIM1
SIM2
SIM3
SIM4
1
21
22
SIM5
SIM1
SIM2
SIM3
SIM4
1
21
22
SIM5
SIM1
SIM2
SIM3
SIM4
1
21
22
SIM5
SIM1
SIM2
SIM3
SIM4
1
21
22
SIM5
SIM1
SIM2
SIM3
SIM4
1
21
22
SIM5
SIM1
SIM2
SIM3
SIM4
1
21
22
SIM5
SIM1
SIM2
SIM3
SIM4
1
21
22
SIM5
SIM1
SIM2
SIM3
SIM4
1
21
22
SIM5
SIM1
SIM2
SIM3
SIM4
1
21
22
SIM5
SIM1
SIM2
SIM3
SIM4
1
21
22
SIM5
SIM1
SIM2
SIM3
SIM4
1
21
22
SIM5
SIM1
SIM2
SIM3
SIM4
1
21
22
SIM5
SIM1
SIM2
SIM3
SIM4
1
21
22
SIM5
SIM1
SIM2
SIM3
SIM4
1
21
22
SIM5
SIM1
SIM2
SIM3
SIM4
1
21
22
SIM5
SIM1
SIM2
SIM3
SIM4
1
21
22
SIM5
SIM1
SIM2
SIM3
SIM4
1
21
22
SIM5
SIM1
SIM2
SIM3
SIM4
1
21
22
SIM5
SIM1
SIM2
SIM3
SIM4
1
21
22
SIM5
SIM1
SIM2
SIM3
SIM4
1
21
22
SIM5
SIM1
SIM2
SIM3
SIM4
1
21
22
SIM5
SIM1
SIM2
SIM3
SIM4
1
21
22
SIM5
SIM1
SIM2
SIM3
SIM4
1
21
22
SIM5
SIM1
SIM2
SIM3
SIM4
1
21
22
SIM5
SIM1
SIM2
SIM3
SIM4
1
21
22
SIM5
SIM1
SIM2
SIM3
SIM4
1
21
22
SIM5
SIM1
SIM2
SIM3
SIM4
1
21
22
SIM5
SIM1
SIM2
SIM3
SIM4
1
21
22
SIM5
SIM1
SIM2
SIM3
SIM4
1
21
22
SIM5
SIM1
SIM2
SIM3
SIM4
1
21
22
SIM5
SIM1
SIM2
SIM3
SIM4
1
21
22
SIM5
SIM1
SIM2
SIM3
SIM4
1
21
22
SIM5
SIM1
SIM2
SIM3
SIM4
1
21
22
SIM5
SIM1
SIM2
SIM3
SIM4
1
21
22
SIM5
SIM1
SIM2
SIM3
SIM4
1
21
22
SIM5
SIM1
SIM2
SIM3
SIM4
1
21
22
SIM5
SIM1
SIM2
DEBUG 1 918
SIM1
SIM2
SIM3
SIM4
1
21
22
SIM5
SIM1
SIM2
SIM3
SIM4
1
21
22
SIM5
SIM1
SIM2
SIM3
SIM4
1
21
22
SIM5
SIM1
SIM2
SIM3
SIM4
1
21
22
SIM5
SIM1
SIM2
SIM3
SIM4
1
21
22
SIM5
SIM1
SIM2
SIM3
SIM4
1
21
22
SIM5
SIM1
SIM2
SIM3
SIM4
1
21
22
SIM5
SIM1
SIM2
SIM3
SIM4
1
21
22
SIM5
SIM1
SIM2
SIM3
SIM4
1
21
22
SIM5
SIM1
SIM2
SIM3
SIM4
1
21
22
SIM5
SIM1
SIM2
SIM3
SIM4
1
21
22
SIM5
SIM1
SIM2
SIM3
SIM4
1
21
22
SIM5
SIM1
SIM2
SIM3
SIM4
1
21
22
SIM5
SIM1
SIM2
SIM3
SIM4
1
21
22
SIM5
SIM1
SIM2
SIM3
SIM4
1
21
22
SIM5
SIM1
SIM2
SIM3
SIM4
1
21
22
SIM5
SIM1
SIM2
SIM3
SIM4
1
21
22
SIM5
SIM1
SIM2
SIM3
SIM4
1
21
22
SIM5
SIM1
SIM2
SIM3
SIM4
1
21
22
SIM5
SIM1
SIM2
SIM3
SIM4
1
21
22
SIM5
SIM1
SIM2
SIM3
SIM4
1
21
22
SIM5
SIM1
SIM2
SIM3
SIM4
1
21
22
SIM5
SIM1
SIM2
SIM3
SIM4
1
21
22
SIM5
SIM1
SIM2
SIM3
SIM4
1
21
22
SIM5
SIM1
SIM2
SIM3
SIM4
1
21
22
SIM5
SIM1
SIM2
SIM3
SIM4
1
21
22
SIM5
SIM1
SIM2
SIM3
SIM4
1
21
22
SIM5
SIM1
SIM2
SIM3
SIM4
1
21
22
SIM5
SIM1
SIM2
SIM3
SIM4
1
21
22
SIM5
SIM1
SIM2
SIM3
SIM4
1
21
22
SIM5
SIM1
SIM2
SIM3
SIM4
1
21
22
SIM5
SIM1
SIM2
SIM3
SIM4
1
21
22
SIM5
SIM1
SIM2
SIM3
SIM4
1
21
22
SIM5
SIM1
SIM2
SIM3
SIM4
1
21
22
SIM5
SIM1
SIM2
SIM3
SIM4
1
21
22
SIM5
SIM1
SIM2
SIM3
SIM4
1
21
22
SIM5
SIM1
SIM2
SIM3
SIM4
1
21
22
SIM5
SIM1
SIM2
SIM3
SIM4
1
21
22
SIM5
SIM1
SIM2
SIM3
SIM4
1
21
22
SIM5
SIM1
SIM2
SIM3
SIM4
1
21
22
SIM5
SIM1
SIM2
SIM3
SIM4
1
21
22
SIM5
SIM1
SIM2
SIM3
SIM4
1
21
22
SIM5
SIM1
SIM2
SIM3
SIM4
1
21
22
SIM5
SIM1
SIM2
SIM3
SIM4
1
21
22
SIM5
SIM1
SIM2
SIM3
SIM4
1
21
22
SIM5
SIM1
SIM2
SIM3
SIM4
1
21
22
SIM5
SIM1
SIM2
SIM3
SIM4
1
21
22
SIM5
SIM1
SIM2
SIM3
SIM4
1
21
22
SIM5
SIM1
SIM2
SIM3
SIM4
1
21
22
SIM5
SIM1
SIM2
SIM3
SIM4
1
21
22
SIM5
SIM1
SIM2
SIM3
SIM4
1
21
22
SIM5
SIM1
SIM2
SIM3
SIM4
1
21
22
SIM5
SIM1
SIM2
SIM3
SIM4
1
21
22
SIM5
SIM1
SIM2
SIM3
SIM4
1
21
22
SIM5
SIM1
SIM2
SIM3
SIM4
1
21
22
SIM5
SIM1
SIM2
SIM3
SIM4
1
21
22
SIM5
SIM1
SIM2
SIM3
SIM4
1
21
22
SIM5
SIM1
SIM2
SIM3
SIM4
1
21
22
SIM5
SIM1
SIM2
SIM3
SIM4
1
21
22
SIM5
SIM1
SIM2
SIM3
SIM4
1
21
22
SIM5
SIM1
SIM2
SIM3
SIM4
1
21
22
SIM5
SIM1
SIM2
SIM3
SIM4
1
21
22
SIM5
SIM1
SIM2
SIM3
SIM4
1
21
22
SIM5
SIM1
SIM2
SIM3
SIM4
1
21
22
SIM5
SIM1
SIM2
SIM3
SIM4
1
21
22
SIM5
SIM1
SIM2
SIM3
SIM4
1
21
22
SIM5
SIM1
SIM2
SIM3
SIM4
1
21
22
SIM5
SIM1
SIM2
SIM3
SIM4
1
21
22
SIM5
SIM1
SIM2
SIM3
SIM4
1
21
22
SIM5
SIM1
SIM2
SIM3
SIM4
1
21
22
SIM5
SIM1
SIM2
SIM3
SIM4
1
21
22
SIM5
SIM1
SIM2
SIM3
SIM4
1
21
22
SIM5
SIM1
SIM2
SIM3
SIM4
1
21
22
SIM5
SIM1
SIM2
SIM3
SIM4
1
21
22
SIM5
SIM1
SIM2
SIM3
SIM4
1
21
22
SIM5
SIM1
SIM2
SIM3
SIM4
1
21
22
SIM5
SIM1
SIM2
SIM3
SIM4
1
21
22
SIM5
SIM1
SIM2
SIM3
SIM4
1
21
22
SIM5
SIM1
SIM2
SIM3
SIM4
1
21
22
SIM5
SIM1
SIM2
SIM3
SIM4
1
21
22
SIM5
SIM1
SIM2
SIM3
SIM4
1
21
22
SIM5
SIM1
SIM2
SIM3
SIM4
1
21
22
SIM5
SIM1
SIM2
SIM3
SIM4
1
21
22
SIM5
SIM1
SIM2
SIM3
SIM4
1
21
22
SIM5
SIM1
SIM2
SIM3
SIM4
1
21
22
SIM5
SIM1
SIM2
SIM3
SIM4
1
21
22
SIM5
SIM1
SIM2
SIM3
SIM4
1
21
22
SIM5
SIM1
SIM2
SIM3
SIM4
1
21
22
SIM5
SIM1
SIM2
SIM3
SIM4
1
21
22
SIM5
SIM1
SIM2
SIM3
SIM4
1
21
22
SIM5
SIM1
SIM2
SIM3
SIM4
1
21
22
SIM5
SIM1
SIM2
SIM3
SIM4
1
21
22
SIM5
SIM1
SIM2
SIM3
SIM4
1
21
22
SIM5
SIM1
SIM2
SIM3
SIM4
1
21
22
SIM5
SIM1
SIM2
SIM3
SIM4
1
21
22
SIM5
SIM1
SIM2
SIM3
SIM4
1
21
22
SIM5
SIM1
SIM2
SIM3
SIM4
1
21
22
SIM5
SIM1
SIM2
SIM3
SIM4
1
21
22
SIM5
SIM1
SIM2
SIM3
SIM4
1
21
22
SIM5
SIM1
SIM2
SIM3
SIM4
1
21
22
SIM5
SIM1
SIM2
SIM3
SIM4
1
21
22
SIM5
SIM1
SIM2
SIM3
SIM4
1
21
22
SIM5
SIM1
SIM2
SIM3
SIM4
1
21
22
SIM5
SIM1
SIM2
SIM3
SIM4
1
21
22
SIM5
SIM1
SIM2
SIM3
SIM4
1
21
22
SIM5
SIM1
SIM2
SIM3
SIM4
1
21
22
SIM5
SIM1
SIM2
SIM3
SIM4
1
21
22
SIM5
SIM1
SIM2
SIM3
SIM4
1
21
22
SIM5
SIM1
SIM2
SIM3
SIM4
1
21
22
SIM5
SIM1
SIM2
SIM3
SIM4
1
21
22
SIM5
SIM1
SIM2
SIM3
SIM4
1
21
22
SIM5
SIM1
SIM2
SIM3
SIM4
1
21
22
SIM5
SIM1
SIM2
SIM3
SIM4
1
21
22
SIM5
SIM1
SIM2
SIM3
SIM4
1
21
22
SIM5
SIM1
SIM2
SIM3
SIM4
1
21
22
SIM5
SIM1
SIM2
SIM3
SIM4
1
21
22
SIM5
SIM1
SIM2
SIM3
SIM4
1
21
22
SIM5
SIM1
SIM2
SIM3
SIM4
1
21
22
SIM5
SIM1
SIM2
SIM3
SIM4
1
21
22
SIM5
SIM1
SIM2
SIM3
SIM4
1
21
22
SIM5
SIM1
SIM2
SIM3
SIM4
1
21
22
SIM5
SIM1
SIM2
SIM3
SIM4
1
21
22
SIM5
SIM1
SIM2
SIM3
SIM4
1
21
22
SIM5
SIM1
SIM2
SIM3
SIM4
1
21
22
SIM5
SIM1
SIM2
SIM3
SIM4
1
21
22
SIM5
SIM1
SIM2
SIM3
SIM4
1
21
22
SIM5
SIM1
SIM2
SIM3
SIM4
1
21
22
SIM5
SIM1
SIM2
SIM3
SIM4
1
21
22
SIM5
SIM1
SIM2
SIM3
SIM4
1
21
22
SIM5
SIM1
SIM2
SIM3
SIM4
1
21
22
SIM5
SIM1
SIM2
SIM3
SIM4
1
21
22
SIM5
SIM1
SIM2
SIM3
SIM4
1
21
22
SIM5
SIM1
SIM2
SIM3
SIM4
1
21
22
SIM5
SIM1
SIM2
SIM3
SIM4
1
21
22
SIM5
SIM1
SIM2
SIM3
SIM4
1
21
22
SIM5
SIM1
SIM2
SIM3
SIM4
1
21
22
SIM5
SIM1
SIM2
SIM3
SIM4
1
21
22
SIM5
SIM1
SIM2
SIM3
SIM4
1
21
22
SIM5
SIM1
SIM2
SIM3
SIM4
1
21
22
SIM5
SIM1
SIM2
SIM3
SIM4
1
21
22
SIM5
SIM1
SIM2
SIM3
SIM4
1
21
22
SIM5
SIM1
SIM2
SIM3
SIM4
1
21
22
SIM5
SIM1
SIM2
SIM3
SIM4
1
21
22
SIM5
SIM1
SIM2
SIM3
SIM4
1
21
22
SIM5
SIM1
SIM2
SIM3
SIM4
1
21
22
SIM5
SIM1
SIM2
SIM3
SIM4
1
21
22
SIM5
SIM1
SIM2
SIM3
SIM4
1
21
22
SIM5
SIM1
SIM2
SIM3
SIM4
1
21
22
SIM5
SIM1
SIM2
SIM3
SIM4
1
21
22
SIM5
SIM1
SIM2
SIM3
SIM4
1
21
22
SIM5
SIM1
SIM2
SIM3
SIM4
1
21
22
SIM5
SIM1
SIM2
SIM3
SIM4
1
21
22
SIM5
SIM1
SIM2
SIM3
SIM4
1
21
22
SIM5
SIM1
SIM2
SIM3
SIM4
1
21
22
SIM5
SIM1
SIM2
SIM3
SIM4
1
21
22
SIM5
SIM1
SIM2
SIM3
SIM4
1
21
22
SIM5
SIM1
SIM2
SIM3
SIM4
1
21
22
SIM5
SIM1
SIM2
SIM3
SIM4
1
21
22
SIM5
SIM1
SIM2
SIM3
SIM4
1
21
22
SIM5
SIM1
SIM2
SIM3
SIM4
1
21
22
SIM5
SIM1
SIM2
SIM3
SIM4
1
21
22
SIM5
SIM1
SIM2
SIM3
SIM4
1
21
22
SIM5
SIM1
SIM2
SIM3
SIM4
1
21
22
SIM5
SIM1
SIM2
SIM3
SIM4
1
21
22
SIM5
SIM1
SIM2
SIM3
SIM4
1
21
22
SIM5
SIM1
SIM2
SIM3
SIM4
1
21
22
SIM5
SIM1
SIM2
SIM3
SIM4
1
21
22
SIM5
SIM1
SIM2
SIM3
SIM4
1
21
22
SIM5
SIM1
SIM2
SIM3
SIM4
1
21
22
SIM5
SIM1
SIM2
SIM3
SIM4
1
21
22
SIM5
SIM1
SIM2
SIM3
SIM4
1
21
22
SIM5
SIM1
SIM2
SIM3
SIM4
1
21
22
SIM5
SIM1
SIM2
SIM3
SIM4
1
21
22
SIM5
SIM1
SIM2
SIM3
SIM4
1
21
22
SIM5
SIM1
SIM2
SIM3
SIM4
1
21
22
SIM5
SIM1
SIM2
SIM3
SIM4
1
21
22
SIM5
SIM1
SIM2
SIM3
SIM4
1
21
22
SIM5
SIM1
SIM2
SIM3
SIM4
1
21
22
SIM5
SIM1
SIM2
SIM3
SIM4
1
21
22
SIM5
SIM1
SIM2
SIM3
SIM4
1
21
22
SIM5
SIM1
SIM2
SIM3
SIM4
1
21
22
SIM5
SIM1
SIM2
SIM3
SIM4
1
21
22
SIM5
SIM1
SIM2
SIM3
SIM4
1
21
22
SIM5
SIM1
SIM2
SIM3
SIM4
1
21
22
SIM5
SIM1
SIM2
SIM3
SIM4
1
21
22
SIM5
SIM1
SIM2
SIM3
SIM4
1
21
22
SIM5
SIM1
SIM2
SIM3
SIM4
1
21
22
SIM5
SIM1
SIM2
SIM3
SIM4
1
21
22
SIM5
SIM1
SIM2
SIM3
SIM4
1
21
22
SIM5
SIM1
SIM2
SIM3
SIM4
1
21
22
SIM5
SIM1
SIM2
SIM3
SIM4
1
21
22
SIM5
SIM1
SIM2
SIM3
SIM4
1
21
22
SIM5
SIM1
SIM2
SIM3
SIM4
1
21
22
SIM5
SIM1
SIM2
SIM3
SIM4
1
21
22
SIM5
SIM1
SIM2
SIM3
SIM4
1
21
22
SIM5
SIM1
SIM2
SIM3
SIM4
1
21
22
SIM5
SIM1
SIM2
SIM3
SIM4
1
21
22
SIM5
SIM1
SIM2
SIM3
SIM4
1
21
22
SIM5
SIM1
SIM2
SIM3
SIM4
1
21
22
SIM5
SIM1
SIM2
SIM3
SIM4
1
21
22
SIM5
SIM1
SIM2
SIM3
SIM4
1
21
22
SIM5
SIM1
SIM2
SIM3
SIM4
1
21
22
SIM5
SIM1
SIM2
SIM3
SIM4
1
21
22
SIM5
SIM1
SIM2
SIM3
SIM4
1
21
22
SIM5
SIM1
SIM2
SIM3
SIM4
1
21
22
SIM5
SIM1
SIM2
SIM3
SIM4
1
21
22
SIM5
SIM1
SIM2
SIM3
SIM4
1
21
22
SIM5
SIM1
SIM2
SIM3
SIM4
1
21
22
SIM5
SIM1
SIM2
SIM3
SIM4
1
21
22
SIM5
SIM1
SIM2
SIM3
SIM4
1
21
22
SIM5
SIM1
SIM2
SIM3
SIM4
1
21
22
SIM5
SIM1
SIM2
SIM3
SIM4
1
21
22
SIM5
SIM1
SIM2
SIM3
SIM4
1
21
22
SIM5
SIM1
SIM2
SIM3
SIM4
1
21
22
SIM5
SIM1
SIM2
SIM3
SIM4
1
21
22
SIM5
SIM1
SIM2
SIM3
SIM4
1
21
22
SIM5
SIM1
SIM2
SIM3
SIM4
1
21
22
SIM5
SIM1
SIM2
SIM3
SIM4
1
21
22
SIM5
SIM1
SIM2
SIM3
SIM4
1
21
22
SIM5
SIM1
SIM2
SIM3
SIM4
1
21
22
SIM5
SIM1
SIM2
SIM3
SIM4
1
21
22
SIM5
SIM1
SIM2
SIM3
SIM4
1
21
22
SIM5
SIM1
SIM2
SIM3
SIM4
1
21
22
SIM5
SIM1
SIM2
SIM3
SIM4
1
21
22
SIM5
SIM1
SIM2
SIM3
SIM4
1
21
22
SIM5
SIM1
SIM2
SIM3
SIM4
1
21
22
SIM5
SIM1
SIM2
SIM3
SIM4
1
21
22
SIM5
SIM1
SIM2
SIM3
SIM4
1
21
22
SIM5
SIM1
SIM2
SIM3
SIM4
1
21
22
SIM5
SIM1
SIM2
SIM3
SIM4
1
21
22
SIM5
SIM1
SIM2
SIM3
SIM4
1
21
22
SIM5
SIM1
SIM2
SIM3
SIM4
1
21
22
SIM5
SIM1
SIM2
SIM3
SIM4
1
21
22
SIM5
SIM1
SIM2
SIM3
SIM4
1
21
22
SIM5
SIM1
SIM2
SIM3
SIM4
1
21
22
SIM5
SIM1
SIM2
SIM3
SIM4
1
21
22
SIM5
SIM1
SIM2
SIM3
SIM4
1
21
22
SIM5
SIM1
SIM2
SIM3
SIM4
1
21
22
SIM5
SIM1
SIM2
SIM3
SIM4
1
21
22
SIM5
SIM1
SIM2
SIM3
SIM4
1
21
22
SIM5
SIM1
SIM2
SIM3
SIM4
1
21
22
SIM5
SIM1
SIM2
SIM3
SIM4
1
21
22
SIM5
SIM1
SIM2
SIM3
SIM4
1
21
22
SIM5
SIM1
SIM2
SIM3
SIM4
1
21
22
SIM5
SIM1
SIM2
SIM3
SIM4
1
21
22
SIM5
SIM1
SIM2
SIM3
SIM4
1
21
22
SIM5
SIM1
SIM2
SIM3
SIM4
1
21
22
SIM5
SIM1
SIM2
SIM3
SIM4
1
21
22
SIM5
SIM1
SIM2
SIM3
SIM4
1
21
22
SIM5
SIM1
SIM2
SIM3
SIM4
1
21
22
SIM5
SIM1
SIM2
SIM3
SIM4
1
21
22
SIM5
SIM1
SIM2
SIM3
SIM4
1
21
22
SIM5
SIM1
SIM2
SIM3
SIM4
1
21
22
SIM5
SIM1
SIM2
SIM3
SIM4
1
21
22
SIM5
SIM1
SIM2
SIM3
SIM4
1
21
22
SIM5
SIM1
SIM2
SIM3
SIM4
1
21
22
SIM5
SIM1
SIM2
SIM3
SIM4
1
21
22
SIM5
SIM1
SIM2
DEBUG 1 919
SIM1
SIM2
SIM3
SIM4
1
21
22
SIM5
SIM1
SIM2
SIM3
SIM4
1
21
22
SIM5
SIM1
SIM2
SIM3
SIM4
1
21
22
SIM5
SIM1
SIM2
SIM3
SIM4
1
21
22
SIM5
SIM1
SIM2
SIM3
SIM4
1
21
22
SIM5
SIM1
SIM2
SIM3
SIM4
1
21
22
SIM5
SIM1
SIM2
SIM3
SIM4
1
21
22
SIM5
SIM1
SIM2
SIM3
SIM4
1
21
22
SIM5
SIM1
SIM2
SIM3
SIM4
1
21
22
SIM5
SIM1
SIM2
SIM3
SIM4
1
21
22
SIM5
SIM1
SIM2
SIM3
SIM4
1
21
22
SIM5
SIM1
SIM2
SIM3
SIM4
1
21
22
SIM5
SIM1
SIM2
SIM3
SIM4
1
21
22
SIM5
SIM1
SIM2
SIM3
SIM4
1
21
22
SIM5
SIM1
SIM2
SIM3
SIM4
1
21
22
SIM5
SIM1
SIM2
SIM3
SIM4
1
21
22
SIM5
SIM1
SIM2
SIM3
SIM4
1
21
22
SIM5
SIM1
SIM2
SIM3
SIM4
1
21
22
SIM5
SIM1
SIM2
SIM3
SIM4
1
21
22
SIM5
SIM1
SIM2
SIM3
SIM4
1
21
22
SIM5
SIM1
SIM2
SIM3
SIM4
1
21
22
SIM5
SIM1
SIM2
SIM3
SIM4
1
21
22
SIM5
SIM1
SIM2
SIM3
SIM4
1
21
22
SIM5
SIM1
SIM2
SIM3
SIM4
1
21
22
SIM5
SIM1
SIM2
SIM3
SIM4
1
21
22
SIM5
SIM1
SIM2
SIM3
SIM4
1
21
22
SIM5
SIM1
SIM2
SIM3
SIM4
1
21
22
SIM5
SIM1
SIM2
SIM3
SIM4
1
21
22
SIM5
SIM1
SIM2
SIM3
SIM4
1
21
22
SIM5
SIM1
SIM2
SIM3
SIM4
1
21
22
SIM5
SIM1
SIM2
SIM3
SIM4
1
21
22
SIM5
SIM1
SIM2
SIM3
SIM4
1
21
22
SIM5
SIM1
SIM2
SIM3
SIM4
1
21
22
SIM5
SIM1
SIM2
SIM3
SIM4
1
21
22
SIM5
SIM1
SIM2
SIM3
SIM4
1
21
22
SIM5
SIM1
SIM2
SIM3
SIM4
1
21
22
SIM5
SIM1
SIM2
SIM3
SIM4
1
21
22
SIM5
SIM1
SIM2
SIM3
SIM4
1
21
22
SIM5
SIM1
SIM2
SIM3
SIM4
1
21
22
SIM5
SIM1
SIM2
SIM3
SIM4
1
21
22
SIM5
SIM1
SIM2
SIM3
SIM4
1
21
22
SIM5
SIM1
SIM2
SIM3
SIM4
1
21
22
SIM5
SIM1
SIM2
SIM3
SIM4
1
21
22
SIM5
SIM1
SIM2
SIM3
SIM4
1
21
22
SIM5
SIM1
SIM2
SIM3
SIM4
1
21
22
SIM5
SIM1
SIM2
SIM3
SIM4
1
21
22
SIM5
SIM1
SIM2
SIM3
SIM4
1
21
22
SIM5
SIM1
SIM2
SIM3
SIM4
1
21
22
SIM5
SIM1
SIM2
SIM3
SIM4
1
21
22
SIM5
SIM1
SIM2
SIM3
SIM4
1
21
22
SIM5
SIM1
SIM2
SIM3
SIM4
1
21
22
SIM5
SIM1
SIM2
SIM3
SIM4
1
21
22
SIM5
SIM1
SIM2
SIM3
SIM4
1
21
22
SIM5
SIM1
SIM2
SIM3
SIM4
1
21
22
SIM5
SIM1
SIM2
SIM3
SIM4
1
21
22
SIM5
SIM1
SIM2
SIM3
SIM4
1
21
22
SIM5
SIM1
SIM2
SIM3
SIM4
1
21
22
SIM5
SIM1
SIM2
SIM3
SIM4
1
21
22
SIM5
SIM1
SIM2
SIM3
SIM4
1
21
22
SIM5
SIM1
SIM2
SIM3
SIM4
1
21
22
SIM5
SIM1
SIM2
SIM3
SIM4
1
21
22
SIM5
SIM1
SIM2
SIM3
SIM4
1
21
22
SIM5
SIM1
SIM2
SIM3
SIM4
1
21
22
SIM5
SIM1
SIM2
SIM3
SIM4
1
21
22
SIM5
SIM1
SIM2
SIM3
SIM4
1
21
22
SIM5
SIM1
SIM2
SIM3
SIM4
1
21
22
SIM5
SIM1
SIM2
SIM3
SIM4
1
21
22
SIM5
SIM1
SIM2
SIM3
SIM4
1
21
22
SIM5
SIM1
SIM2
SIM3
SIM4
1
21
22
SIM5
SIM1
SIM2
SIM3
SIM4
1
21
22
SIM5
SIM1
SIM2
SIM3
SIM4
1
21
22
SIM5
SIM1
SIM2
SIM3
SIM4
1
21
22
SIM5
SIM1
SIM2
SIM3
SIM4
1
21
22
SIM5
SIM1
SIM2
SIM3
SIM4
1
21
22
SIM5
SIM1
SIM2
SIM3
SIM4
1
21
22
SIM5
SIM1
SIM2
SIM3
SIM4
1
21
22
SIM5
SIM1
SIM2
SIM3
SIM4
1
21
22
SIM5
SIM1
SIM2
SIM3
SIM4
1
21
22
SIM5
SIM1
SIM2
SIM3
SIM4
1
21
22
SIM5
SIM1
SIM2
SIM3
SIM4
1
21
22
SIM5
SIM1
SIM2
SIM3
SIM4
1
21
22
SIM5
SIM1
SIM2
SIM3
SIM4
1
21
22
SIM5
SIM1
SIM2
SIM3
SIM4
1
21
22
SIM5
SIM1
SIM2
SIM3
SIM4
1
21
22
SIM5
SIM1
SIM2
SIM3
SIM4
1
21
22
SIM5
SIM1
SIM2
SIM3
SIM4
1
21
22
SIM5
SIM1
SIM2
SIM3
SIM4
1
21
22
SIM5
SIM1
SIM2
SIM3
SIM4
1
21
22
SIM5
SIM1
SIM2
SIM3
SIM4
1
21
22
SIM5
SIM1
SIM2
SIM3
SIM4
1
21
22
SIM5
SIM1
SIM2
SIM3
SIM4
1
21
22
SIM5
SIM1
SIM2
SIM3
SIM4
1
21
22
SIM5
SIM1
SIM2
SIM3
SIM4
1
21
22
SIM5
SIM1
SIM2
SIM3
SIM4
1
21
22
SIM5
SIM1
SIM2
SIM3
SIM4
1
21
22
SIM5
SIM1
SIM2
SIM3
SIM4
1
21
22
SIM5
SIM1
SIM2
SIM3
SIM4
1
21
22
SIM5
SIM1
SIM2
SIM3
SIM4
1
21
22
SIM5
SIM1
SIM2
SIM3
SIM4
1
21
22
SIM5
SIM1
SIM2
SIM3
SIM4
1
21
22
SIM5
SIM1
SIM2
SIM3
SIM4
1
21
22
SIM5
SIM1
SIM2
SIM3
SIM4
1
21
22
SIM5
SIM1
SIM2
SIM3
SIM4
1
21
22
SIM5
SIM1
SIM2
SIM3
SIM4
1
21
22
SIM5
SIM1
SIM2
SIM3
SIM4
1
21
22
SIM5
SIM1
SIM2
SIM3
SIM4
1
21
22
SIM5
SIM1
SIM2
SIM3
SIM4
1
21
22
SIM5
SIM1
SIM2
SIM3
SIM4
1
21
22
SIM5
SIM1
SIM2
SIM3
SIM4
1
21
22
SIM5
SIM1
SIM2
SIM3
SIM4
1
21
22
SIM5
SIM1
SIM2
SIM3
SIM4
1
21
22
SIM5
SIM1
SIM2
SIM3
SIM4
1
21
22
SIM5
SIM1
SIM2
SIM3
SIM4
1
21
22
SIM5
SIM1
SIM2
SIM3
SIM4
1
21
22
SIM5
SIM1
SIM2
SIM3
SIM4
1
21
22
SIM5
SIM1
SIM2
SIM3
SIM4
1
21
22
SIM5
SIM1
SIM2
SIM3
SIM4
1
21
22
SIM5
SIM1
SIM2
SIM3
SIM4
1
21
22
SIM5
SIM1
SIM2
SIM3
SIM4
1
21
22
SIM5
SIM1
SIM2
SIM3
SIM4
1
21
22
SIM5
SIM1
SIM2
SIM3
SIM4
1
21
22
SIM5
SIM1
SIM2
SIM3
SIM4
1
21
22
SIM5
SIM1
SIM2
SIM3
SIM4
1
21
22
SIM5
SIM1
SIM2
SIM3
SIM4
1
21
22
SIM5
SIM1
SIM2
SIM3
SIM4
1
21
22
SIM5
SIM1
SIM2
SIM3
SIM4
1
21
22
SIM5
SIM1
SIM2
SIM3
SIM4
1
21
22
SIM5
SIM1
SIM2
SIM3
SIM4
1
21
22
SIM5
SIM1
SIM2
SIM3
SIM4
1
21
22
SIM5
SIM1
SIM2
SIM3
SIM4
1
21
22
SIM5
SIM1
SIM2
SIM3
SIM4
1
21
22
SIM5
SIM1
SIM2
SIM3
SIM4
1
21
22
SIM5
SIM1
SIM2
SIM3
SIM4
1
21
22
SIM5
SIM1
SIM2
SIM3
SIM4
1
21
22
SIM5
SIM1
SIM2
SIM3
SIM4
1
21
22
SIM5
SIM1
SIM2
SIM3
SIM4
1
21
22
SIM5
SIM1
SIM2
SIM3
SIM4
1
21
22
SIM5
SIM1
SIM2
SIM3
SIM4
1
21
22
SIM5
SIM1
SIM2
SIM3
SIM4
1
21
22
SIM5
SIM1
SIM2
SIM3
SIM4
1
21
22
SIM5
SIM1
SIM2
SIM3
SIM4
1
21
22
SIM5
SIM1
SIM2
SIM3
SIM4
1
21
22
SIM5
SIM1
SIM2
SIM3
SIM4
1
21
22
SIM5
SIM1
SIM2
SIM3
SIM4
1
21
22
SIM5
SIM1
SIM2
SIM3
SIM4
1
21
22
SIM5
SIM1
SIM2
SIM3
SIM4
1
21
22
SIM5
SIM1
SIM2
SIM3
SIM4
1
21
22
SIM5
SIM1
SIM2
SIM3
SIM4
1
21
22
SIM5
SIM1
SIM2
SIM3
SIM4
1
21
22
SIM5
SIM1
SIM2
SIM3
SIM4
1
21
22
SIM5
SIM1
SIM2
SIM3
SIM4
1
21
22
SIM5
SIM1
SIM2
SIM3
SIM4
1
21
22
SIM5
SIM1
SIM2
SIM3
SIM4
1
21
22
SIM5
SIM1
SIM2
SIM3
SIM4
1
21
22
SIM5
SIM1
SIM2
SIM3
SIM4
1
21
22
SIM5
SIM1
SIM2
SIM3
SIM4
1
21
22
SIM5
SIM1
SIM2
SIM3
SIM4
1
21
22
SIM5
SIM1
SIM2
SIM3
SIM4
1
21
22
SIM5
SIM1
SIM2
SIM3
SIM4
1
21
22
SIM5
SIM1
SIM2
SIM3
SIM4
1
21
22
SIM5
SIM1
SIM2
SIM3
SIM4
1
21
22
SIM5
SIM1
SIM2
SIM3
SIM4
1
21
22
SIM5
SIM1
SIM2
SIM3
SIM4
1
21
22
SIM5
SIM1
SIM2
SIM3
SIM4
1
21
22
SIM5
SIM1
SIM2
DEBUG 1 920
SIM1
SIM2
SIM3
SIM4
1
21
22
SIM5
SIM1
SIM2
SIM3
SIM4
1
21
22
SIM5
SIM1
SIM2
SIM3
SIM4
1
21
22
SIM5
SIM1
SIM2
SIM3
SIM4
1
21
22
SIM5
SIM1
SIM2
SIM3
SIM4
1
21
22
SIM5
SIM1
SIM2
SIM3
SIM4
1
21
22
SIM5
SIM1
SIM2
SIM3
SIM4
1
21
22
SIM5
SIM1
SIM2
SIM3
SIM4
1
21
22
SIM5
SIM1
SIM2
SIM3
SIM4
1
21
22
SIM5
SIM1
SIM2
SIM3
SIM4
1
21
22
SIM5
SIM1
SIM2
SIM3
SIM4
1
21
22
SIM5
SIM1
SIM2
SIM3
SIM4
1
21
22
SIM5
SIM1
SIM2
SIM3
SIM4
1
21
22
SIM5
SIM1
SIM2
SIM3
SIM4
1
21
22
SIM5
SIM1
SIM2
SIM3
SIM4
1
21
22
SIM5
SIM1
SIM2
SIM3
SIM4
1
21
22
SIM5
SIM1
SIM2
SIM3
SIM4
1
21
22
SIM5
SIM1
SIM2
SIM3
SIM4
1
21
22
SIM5
SIM1
SIM2
SIM3
SIM4
1
21
22
SIM5
SIM1
SIM2
SIM3
SIM4
1
21
22
SIM5
SIM1
SIM2
SIM3
SIM4
1
21
22
SIM5
SIM1
SIM2
SIM3
SIM4
1
21
22
SIM5
SIM1
SIM2
SIM3
SIM4
1
21
22
SIM5
SIM1
SIM2
SIM3
SIM4
1
21
22
SIM5
SIM1
SIM2
SIM3
SIM4
1
21
22
SIM5
SIM1
SIM2
SIM3
SIM4
1
21
22
SIM5
SIM1
SIM2
SIM3
SIM4
1
21
22
SIM5
SIM1
SIM2
SIM3
SIM4
1
21
22
SIM5
SIM1
SIM2
SIM3
SIM4
1
21
22
SIM5
SIM1
SIM2
SIM3
SIM4
1
21
22
SIM5
SIM1
SIM2
SIM3
SIM4
1
21
22
SIM5
SIM1
SIM2
SIM3
SIM4
1
21
22
SIM5
SIM1
SIM2
SIM3
SIM4
1
21
22
SIM5
SIM1
SIM2
SIM3
SIM4
1
21
22
SIM5
SIM1
SIM2
SIM3
SIM4
1
21
22
SIM5
SIM1
SIM2
SIM3
SIM4
1
21
22
SIM5
SIM1
SIM2
SIM3
SIM4
1
21
22
SIM5
SIM1
SIM2
SIM3
SIM4
1
21
22
SIM5
SIM1
SIM2
SIM3
SIM4
1
21
22
SIM5
SIM1
SIM2
SIM3
SIM4
1
21
22
SIM5
SIM1
SIM2
SIM3
SIM4
1
21
22
SIM5
SIM1
SIM2
SIM3
SIM4
1
21
22
SIM5
SIM1
SIM2
SIM3
SIM4
1
21
22
SIM5
SIM1
SIM2
SIM3
SIM4
1
21
22
SIM5
SIM1
SIM2
SIM3
SIM4
1
21
22
SIM5
SIM1
SIM2
SIM3
SIM4
1
21
22
SIM5
SIM1
SIM2
SIM3
SIM4
1
21
22
SIM5
SIM1
SIM2
SIM3
SIM4
1
21
22
SIM5
SIM1
SIM2
SIM3
SIM4
1
21
22
SIM5
SIM1
SIM2
SIM3
SIM4
1
21
22
SIM5
SIM1
SIM2
SIM3
SIM4
1
21
22
SIM5
SIM1
SIM2
SIM3
SIM4
1
21
22
SIM5
SIM1
SIM2
SIM3
SIM4
1
21
22
SIM5
SIM1
SIM2
SIM3
SIM4
1
21
22
SIM5
SIM1
SIM2
SIM3
SIM4
1
21
22
SIM5
SIM1
SIM2
SIM3
SIM4
1
21
22
SIM5
SIM1
SIM2
SIM3
SIM4
1
21
22
SIM5
SIM1
SIM2
SIM3
SIM4
1
21
22
SIM5
SIM1
SIM2
SIM3
SIM4
1
21
22
SIM5
SIM1
SIM2
SIM3
SIM4
1
21
22
SIM5
SIM1
SIM2
SIM3
SIM4
1
21
22
SIM5
SIM1
SIM2
SIM3
SIM4
1
21
22
SIM5
SIM1
SIM2
SIM3
SIM4
1
21
22
SIM5
SIM1
SIM2
SIM3
SIM4
1
21
22
SIM5
SIM1
SIM2
SIM3
SIM4
1
21
22
SIM5
SIM1
SIM2
SIM3
SIM4
1
21
22
SIM5
SIM1
SIM2
SIM3
SIM4
1
21
22
SIM5
SIM1
SIM2
SIM3
SIM4
1
21
22
SIM5
SIM1
SIM2
SIM3
SIM4
1
21
22
SIM5
SIM1
SIM2
SIM3
SIM4
1
21
22
SIM5
SIM1
SIM2
SIM3
SIM4
1
21
22
SIM5
SIM1
SIM2
SIM3
SIM4
1
21
22
SIM5
SIM1
SIM2
SIM3
SIM4
1
21
22
SIM5
SIM1
SIM2
SIM3
SIM4
1
21
22
SIM5
SIM1
SIM2
SIM3
SIM4
1
21
22
SIM5
SIM1
SIM2
SIM3
SIM4
1
21
22
SIM5
SIM1
SIM2
SIM3
SIM4
1
21
22
SIM5
SIM1
SIM2
SIM3
SIM4
1
21
22
SIM5
SIM1
SIM2
SIM3
SIM4
1
21
22
SIM5
SIM1
SIM2
SIM3
SIM4
1
21
22
SIM5
SIM1
SIM2
SIM3
SIM4
1
21
22
SIM5
SIM1
SIM2
SIM3
SIM4
1
21
22
SIM5
SIM1
SIM2
SIM3
SIM4
1
21
22
SIM5
SIM1
SIM2
SIM3
SIM4
1
21
22
SIM5
SIM1
SIM2
SIM3
SIM4
1
21
22
SIM5
SIM1
SIM2
SIM3
SIM4
1
21
22
SIM5
SIM1
SIM2
SIM3
SIM4
1
21
22
SIM5
SIM1
SIM2
SIM3
SIM4
1
21
22
SIM5
SIM1
SIM2
SIM3
SIM4
1
21
22
SIM5
SIM1
SIM2
SIM3
SIM4
1
21
22
SIM5
SIM1
SIM2
SIM3
SIM4
1
21
22
SIM5
SIM1
SIM2
SIM3
SIM4
1
21
22
SIM5
SIM1
SIM2
SIM3
SIM4
1
21
22
SIM5
SIM1
SIM2
SIM3
SIM4
1
21
22
SIM5
SIM1
SIM2
SIM3
SIM4
1
21
22
SIM5
SIM1
SIM2
SIM3
SIM4
1
21
22
SIM5
SIM1
SIM2
SIM3
SIM4
1
21
22
SIM5
SIM1
SIM2
SIM3
SIM4
1
21
22
SIM5
SIM1
SIM2
SIM3
SIM4
1
21
22
SIM5
SIM1
SIM2
SIM3
SIM4
1
21
22
SIM5
SIM1
SIM2
SIM3
SIM4
1
21
22
SIM5
SIM1
SIM2
SIM3
SIM4
1
21
22
SIM5
SIM1
SIM2
SIM3
SIM4
1
21
22
SIM5
SIM1
SIM2
SIM3
SIM4
1
21
22
SIM5
SIM1
SIM2
SIM3
SIM4
1
21
22
SIM5
SIM1
SIM2
SIM3
SIM4
1
21
22
SIM5
SIM1
SIM2
SIM3
SIM4
1
21
22
SIM5
SIM1
SIM2
SIM3
SIM4
1
21
22
SIM5
SIM1
SIM2
SIM3
SIM4
1
21
22
SIM5
SIM1
SIM2
SIM3
SIM4
1
21
22
SIM5
SIM1
SIM2
DEBUG 1 921
SIM1
SIM2
SIM3
SIM4
1
21
22
SIM5
SIM1
SIM2
SIM3
SIM4
1
21
22
SIM5
SIM1
SIM2
SIM3
SIM4
1
21
22
SIM5
SIM1
SIM2
SIM3
SIM4
1
21
22
SIM5
SIM1
SIM2
SIM3
SIM4
1
21
22
SIM5
SIM1
SIM2
SIM3
SIM4
1
21
22
SIM5
SIM1
SIM2
SIM3
SIM4
1
21
22
SIM5
SIM1
SIM2
SIM3
SIM4
1
21
22
SIM5
SIM1
SIM2
SIM3
SIM4
1
21
22
SIM5
SIM1
SIM2
SIM3
SIM4
1
21
22
SIM5
SIM1
SIM2
SIM3
SIM4
1
21
22
SIM5
SIM1
SIM2
SIM3
SIM4
1
21
22
SIM5
SIM1
SIM2
SIM3
SIM4
1
21
22
SIM5
SIM1
SIM2
SIM3
SIM4
1
21
22
SIM5
SIM1
SIM2
SIM3
SIM4
1
21
22
SIM5
SIM1
SIM2
SIM3
SIM4
1
21
22
SIM5
SIM1
SIM2
SIM3
SIM4
1
21
22
SIM5
SIM1
SIM2
SIM3
SIM4
1
21
22
SIM5
SIM1
SIM2
SIM3
SIM4
1
21
22
SIM5
SIM1
SIM2
SIM3
SIM4
1
21
22
SIM5
SIM1
SIM2
SIM3
SIM4
1
21
22
SIM5
SIM1
SIM2
SIM3
SIM4
1
21
22
SIM5
SIM1
SIM2
SIM3
SIM4
1
21
22
SIM5
SIM1
SIM2
SIM3
SIM4
1
21
22
SIM5
SIM1
SIM2
SIM3
SIM4
1
21
22
SIM5
SIM1
SIM2
SIM3
SIM4
1
21
22
SIM5
SIM1
SIM2
SIM3
SIM4
1
21
22
SIM5
SIM1
SIM2
SIM3
SIM4
1
21
22
SIM5
SIM1
SIM2
SIM3
SIM4
1
21
22
SIM5
SIM1
SIM2
SIM3
SIM4
1
21
22
SIM5
SIM1
SIM2
SIM3
SIM4
1
21
22
SIM5
SIM1
SIM2
SIM3
SIM4
1
21
22
SIM5
SIM1
SIM2
SIM3
SIM4
1
21
22
SIM5
SIM1
SIM2
SIM3
SIM4
1
21
22
SIM5
SIM1
SIM2
SIM3
SIM4
1
21
22
SIM5
SIM1
SIM2
SIM3
SIM4
1
21
22
SIM5
SIM1
SIM2
SIM3
SIM4
1
21
22
SIM5
SIM1
SIM2
SIM3
SIM4
1
21
22
SIM5
SIM1
SIM2
SIM3
SIM4
1
21
22
SIM5
SIM1
SIM2
SIM3
SIM4
1
21
22
SIM5
SIM1
SIM2
SIM3
SIM4
1
21
22
SIM5
SIM1
SIM2
SIM3
SIM4
1
21
22
SIM5
SIM1
SIM2
SIM3
SIM4
1
21
22
SIM5
SIM1
SIM2
SIM3
SIM4
1
21
22
SIM5
SIM1
SIM2
SIM3
SIM4
1
21
22
SIM5
SIM1
SIM2
SIM3
SIM4
1
21
22
SIM5
SIM1
SIM2
SIM3
SIM4
1
21
22
SIM5
SIM1
SIM2
SIM3
SIM4
1
21
22
SIM5
SIM1
SIM2
SIM3
SIM4
1
21
22
SIM5
SIM1
SIM2
SIM3
SIM4
1
21
22
SIM5
SIM1
SIM2
SIM3
SIM4
1
21
22
SIM5
SIM1
SIM2
SIM3
SIM4
1
21
22
SIM5
SIM1
SIM2
SIM3
SIM4
1
21
22
SIM5
SIM1
SIM2
SIM3
SIM4
1
21
22
SIM5
SIM1
SIM2
SIM3
SIM4
1
21
22
SIM5
SIM1
SIM2
SIM3
SIM4
1
21
22
SIM5
SIM1
SIM2
SIM3
SIM4
1
21
22
SIM5
SIM1
SIM2
SIM3
SIM4
1
21
22
SIM5
SIM1
SIM2
SIM3
SIM4
1
21
22
SIM5
SIM1
SIM2
SIM3
SIM4
1
21
22
SIM5
SIM1
SIM2
SIM3
SIM4
1
21
22
SIM5
SIM1
SIM2
SIM3
SIM4
1
21
22
SIM5
SIM1
SIM2
SIM3
SIM4
1
21
22
SIM5
SIM1
SIM2
SIM3
SIM4
1
21
22
SIM5
SIM1
SIM2
SIM3
SIM4
1
21
22
SIM5
SIM1
SIM2
SIM3
SIM4
1
21
22
SIM5
SIM1
SIM2
SIM3
SIM4
1
21
22
SIM5
SIM1
SIM2
SIM3
SIM4
1
21
22
SIM5
SIM1
SIM2
SIM3
SIM4
1
21
22
SIM5
SIM1
SIM2
SIM3
SIM4
1
21
22
SIM5
SIM1
SIM2
SIM3
SIM4
1
21
22
SIM5
SIM1
SIM2
SIM3
SIM4
1
21
22
SIM5
SIM1
SIM2
SIM3
SIM4
1
21
22
SIM5
SIM1
SIM2
SIM3
SIM4
1
21
22
SIM5
SIM1
SIM2
SIM3
SIM4
1
21
22
SIM5
SIM1
SIM2
SIM3
SIM4
1
21
22
SIM5
SIM1
SIM2
SIM3
SIM4
1
21
22
SIM5
SIM1
SIM2
SIM3
SIM4
1
21
22
SIM5
SIM1
SIM2
SIM3
SIM4
1
21
22
SIM5
SIM1
SIM2
SIM3
SIM4
1
21
22
SIM5
SIM1
SIM2
SIM3
SIM4
1
21
22
SIM5
SIM1
SIM2
SIM3
SIM4
1
21
22
SIM5
SIM1
SIM2
SIM3
SIM4
1
21
22
SIM5
SIM1
SIM2
SIM3
SIM4
1
21
22
SIM5
SIM1
SIM2
SIM3
SIM4
1
21
22
SIM5
SIM1
SIM2
SIM3
SIM4
1
21
22
SIM5
SIM1
SIM2
SIM3
SIM4
1
21
22
SIM5
SIM1
SIM2
SIM3
SIM4
1
21
22
SIM5
SIM1
SIM2
SIM3
SIM4
1
21
22
SIM5
SIM1
SIM2
SIM3
SIM4
1
21
22
SIM5
SIM1
SIM2
SIM3
SIM4
1
21
22
SIM5
SIM1
SIM2
SIM3
SIM4
1
21
22
SIM5
SIM1
SIM2
SIM3
SIM4
1
21
22
SIM5
SIM1
SIM2
SIM3
SIM4
1
21
22
SIM5
SIM1
SIM2
SIM3
SIM4
1
21
22
SIM5
SIM1
SIM2
SIM3
SIM4
1
21
22
SIM5
SIM1
SIM2
SIM3
SIM4
1
21
22
SIM5
SIM1
SIM2
SIM3
SIM4
1
21
22
SIM5
SIM1
SIM2
SIM3
SIM4
1
21
22
SIM5
SIM1
SIM2
SIM3
SIM4
1
21
22
SIM5
SIM1
SIM2
SIM3
SIM4
1
21
22
SIM5
SIM1
SIM2
SIM3
SIM4
1
21
22
SIM5
SIM1
SIM2
SIM3
SIM4
1
21
22
SIM5
SIM1
SIM2
SIM3
SIM4
1
21
22
SIM5
SIM1
SIM2
SIM3
SIM4
1
21
22
SIM5
SIM1
SIM2
SIM3
SIM4
1
21
22
SIM5
SIM1
SIM2
SIM3
SIM4
1
21
22
SIM5
SIM1
SIM2
SIM3
SIM4
1
21
22
SIM5
SIM1
SIM2
SIM3
SIM4
1
21
22
SIM5
SIM1
SIM2
SIM3
SIM4
1
21
22
SIM5
SIM1
SIM2
SIM3
SIM4
1
21
22
SIM5
SIM1
SIM2
SIM3
SIM4
1
21
22
SIM5
SIM1
SIM2
SIM3
SIM4
1
21
22
SIM5
SIM1
SIM2
SIM3
SIM4
1
21
22
SIM5
SIM1
SIM2
SIM3
SIM4
1
21
22
SIM5
SIM1
SIM2
SIM3
SIM4
1
21
22
SIM5
SIM1
SIM2
SIM3
SIM4
1
21
22
SIM5
SIM1
SIM2
SIM3
SIM4
1
21
22
SIM5
SIM1
SIM2
SIM3
SIM4
1
21
22
SIM5
SIM1
SIM2
SIM3
SIM4
1
21
22
SIM5
SIM1
SIM2
SIM3
SIM4
1
21
22
SIM5
SIM1
SIM2
SIM3
SIM4
1
21
22
SIM5
SIM1
SIM2
SIM3
SIM4
1
21
22
SIM5
SIM1
SIM2
SIM3
SIM4
1
21
22
SIM5
SIM1
SIM2
SIM3
SIM4
1
21
22
SIM5
SIM1
SIM2
SIM3
SIM4
1
21
22
SIM5
SIM1
SIM2
SIM3
SIM4
1
21
22
SIM5
SIM1
SIM2
SIM3
SIM4
1
21
22
SIM5
SIM1
SIM2
SIM3
SIM4
1
21
22
SIM5
SIM1
SIM2
SIM3
SIM4
1
21
22
SIM5
SIM1
SIM2
SIM3
SIM4
1
21
22
SIM5
SIM1
SIM2
SIM3
SIM4
1
21
22
SIM5
SIM1
SIM2
SIM3
SIM4
1
21
22
SIM5
SIM1
SIM2
SIM3
SIM4
1
21
22
SIM5
SIM1
SIM2
SIM3
SIM4
1
21
22
SIM5
SIM1
SIM2
SIM3
SIM4
1
21
22
SIM5
SIM1
SIM2
SIM3
SIM4
1
21
22
SIM5
SIM1
SIM2
SIM3
SIM4
1
21
22
SIM5
SIM1
SIM2
SIM3
SIM4
1
21
22
SIM5
SIM1
SIM2
SIM3
SIM4
1
21
22
SIM5
SIM1
SIM2
SIM3
SIM4
1
21
22
SIM5
SIM1
SIM2
SIM3
SIM4
1
21
22
SIM5
SIM1
SIM2
SIM3
SIM4
1
21
22
SIM5
SIM1
SIM2
SIM3
SIM4
1
21
22
SIM5
SIM1
SIM2
SIM3
SIM4
1
21
22
SIM5
SIM1
SIM2
SIM3
SIM4
1
21
22
SIM5
SIM1
SIM2
SIM3
SIM4
1
21
22
SIM5
SIM1
SIM2
SIM3
SIM4
1
21
22
SIM5
SIM1
SIM2
SIM3
SIM4
1
21
22
SIM5
SIM1
SIM2
SIM3
SIM4
1
21
22
SIM5
SIM1
SIM2
SIM3
SIM4
1
21
22
SIM5
SIM1
SIM2
SIM3
SIM4
1
21
22
SIM5
SIM1
SIM2
SIM3
SIM4
1
21
22
SIM5
SIM1
SIM2
SIM3
SIM4
1
21
22
SIM5
SIM1
SIM2
SIM3
SIM4
1
21
22
SIM5
SIM1
SIM2
SIM3
SIM4
1
21
22
SIM5
SIM1
SIM2
SIM3
SIM4
1
21
22
SIM5
SIM1
SIM2
SIM3
SIM4
1
21
22
SIM5
SIM1
SIM2
SIM3
SIM4
1
21
22
SIM5
SIM1
SIM2
SIM3
SIM4
1
21
22
SIM5
SIM1
SIM2
SIM3
SIM4
1
21
22
SIM5
SIM1
SIM2
SIM3
SIM4
1
21
22
SIM5
SIM1
SIM2
SIM3
SIM4
1
21
22
SIM5
SIM1
SIM2
SIM3
SIM4
1
21
22
SIM5
SIM1
SIM2
SIM3
SIM4
1
21
22
SIM5
SIM1
SIM2
SIM3
SIM4
1
21
22
SIM5
SIM1
SIM2
SIM3
SIM4
1
21
22
SIM5
SIM1
SIM2
SIM3
SIM4
1
21
22
SIM5
SIM1
SIM2
SIM3
SIM4
1
21
22
SIM5
SIM1
SIM2
SIM3
SIM4
1
21
22
SIM5
SIM1
SIM2
SIM3
SIM4
1
21
22
SIM5
SIM1
SIM2
SIM3
SIM4
1
21
22
SIM5
SIM1
SIM2
SIM3
SIM4
1
21
22
SIM5
SIM1
SIM2
SIM3
SIM4
1
21
22
SIM5
SIM1
SIM2
SIM3
SIM4
1
21
22
SIM5
SIM1
SIM2
SIM3
SIM4
1
21
22
SIM5
SIM1
SIM2
SIM3
SIM4
1
21
22
SIM5
SIM1
SIM2
SIM3
SIM4
1
21
22
SIM5
SIM1
SIM2
SIM3
SIM4
1
21
22
SIM5
SIM1
SIM2
SIM3
SIM4
1
21
22
SIM5
SIM1
SIM2
SIM3
SIM4
1
21
22
SIM5
SIM1
SIM2
SIM3
SIM4
1
21
22
SIM5
SIM1
SIM2
SIM3
SIM4
1
21
22
SIM5
SIM1
SIM2
SIM3
SIM4
1
21
22
SIM5
SIM1
SIM2
SIM3
SIM4
1
21
22
SIM5
SIM1
SIM2
SIM3
SIM4
1
21
22
SIM5
SIM1
SIM2
SIM3
SIM4
1
21
22
SIM5
SIM1
SIM2
SIM3
SIM4
1
21
22
SIM5
SIM1
SIM2
SIM3
SIM4
1
21
22
SIM5
SIM1
SIM2
SIM3
SIM4
1
21
22
SIM5
SIM1
SIM2
SIM3
SIM4
1
21
22
SIM5
SIM1
SIM2
SIM3
SIM4
1
21
22
SIM5
SIM1
SIM2
SIM3
SIM4
1
21
22
SIM5
SIM1
SIM2
SIM3
SIM4
1
21
22
SIM5
SIM1
SIM2
SIM3
SIM4
1
21
22
SIM5
SIM1
SIM2
SIM3
SIM4
1
21
22
SIM5
SIM1
SIM2
SIM3
SIM4
1
21
22
SIM5
SIM1
SIM2
SIM3
SIM4
1
21
22
SIM5
SIM1
SIM2
SIM3
SIM4
1
21
22
SIM5
SIM1
SIM2
SIM3
SIM4
1
21
22
SIM5
SIM1
SIM2
SIM3
SIM4
1
21
22
SIM5
SIM1
SIM2
SIM3
SIM4
1
21
22
SIM5
SIM1
SIM2
DEBUG 1 922
SIM1
SIM2
SIM3
SIM4
1
21
22
SIM5
SIM1
SIM2
SIM3
SIM4
1
21
22
SIM5
SIM1
SIM2
SIM3
SIM4
1
21
22
SIM5
SIM1
SIM2
SIM3
SIM4
1
21
22
SIM5
SIM1
SIM2
SIM3
SIM4
1
21
22
SIM5
SIM1
SIM2
SIM3
SIM4
1
21
22
SIM5
SIM1
SIM2
SIM3
SIM4
1
21
22
SIM5
SIM1
SIM2
SIM3
SIM4
1
21
22
SIM5
SIM1
SIM2
SIM3
SIM4
1
21
22
SIM5
SIM1
SIM2
SIM3
SIM4
1
21
22
SIM5
SIM1
SIM2
SIM3
SIM4
1
21
22
SIM5
SIM1
SIM2
SIM3
SIM4
1
21
22
SIM5
SIM1
SIM2
SIM3
SIM4
1
21
22
SIM5
SIM1
SIM2
SIM3
SIM4
1
21
22
SIM5
SIM1
SIM2
SIM3
SIM4
1
21
22
SIM5
SIM1
SIM2
SIM3
SIM4
1
21
22
SIM5
SIM1
SIM2
SIM3
SIM4
1
21
22
SIM5
SIM1
SIM2
SIM3
SIM4
1
21
22
SIM5
SIM1
SIM2
SIM3
SIM4
1
21
22
SIM5
SIM1
SIM2
SIM3
SIM4
1
21
22
SIM5
SIM1
SIM2
SIM3
SIM4
1
21
22
SIM5
SIM1
SIM2
SIM3
SIM4
1
21
22
SIM5
SIM1
SIM2
SIM3
SIM4
1
21
22
SIM5
SIM1
SIM2
SIM3
SIM4
1
21
22
SIM5
SIM1
SIM2
SIM3
SIM4
1
21
22
SIM5
SIM1
SIM2
SIM3
SIM4
1
21
22
SIM5
SIM1
SIM2
SIM3
SIM4
1
21
22
SIM5
SIM1
SIM2
SIM3
SIM4
1
21
22
SIM5
SIM1
SIM2
SIM3
SIM4
1
21
22
SIM5
SIM1
SIM2
SIM3
SIM4
1
21
22
SIM5
SIM1
SIM2
SIM3
SIM4
1
21
22
SIM5
SIM1
SIM2
SIM3
SIM4
1
21
22
SIM5
SIM1
SIM2
SIM3
SIM4
1
21
22
SIM5
SIM1
SIM2
SIM3
SIM4
1
21
22
SIM5
SIM1
SIM2
SIM3
SIM4
1
21
22
SIM5
SIM1
SIM2
SIM3
SIM4
1
21
22
SIM5
SIM1
SIM2
SIM3
SIM4
1
21
22
SIM5
SIM1
SIM2
SIM3
SIM4
1
21
22
SIM5
SIM1
SIM2
SIM3
SIM4
1
21
22
SIM5
SIM1
SIM2
SIM3
SIM4
1
21
22
SIM5
SIM1
SIM2
SIM3
SIM4
1
21
22
SIM5
SIM1
SIM2
SIM3
SIM4
1
21
22
SIM5
SIM1
SIM2
SIM3
SIM4
1
21
22
SIM5
SIM1
SIM2
SIM3
SIM4
1
21
22
SIM5
SIM1
SIM2
SIM3
SIM4
1
21
22
SIM5
SIM1
SIM2
SIM3
SIM4
1
21
22
SIM5
SIM1
SIM2
SIM3
SIM4
1
21
22
SIM5
SIM1
SIM2
SIM3
SIM4
1
21
22
SIM5
SIM1
SIM2
SIM3
SIM4
1
21
22
SIM5
SIM1
SIM2
SIM3
SIM4
1
21
22
SIM5
SIM1
SIM2
SIM3
SIM4
1
21
22
SIM5
SIM1
SIM2
SIM3
SIM4
1
21
22
SIM5
SIM1
SIM2
SIM3
SIM4
1
21
22
SIM5
SIM1
SIM2
SIM3
SIM4
1
21
22
SIM5
SIM1
SIM2
SIM3
SIM4
1
21
22
SIM5
SIM1
SIM2
SIM3
SIM4
1
21
22
SIM5
SIM1
SIM2
SIM3
SIM4
1
21
22
SIM5
SIM1
SIM2
SIM3
SIM4
1
21
22
SIM5
SIM1
SIM2
SIM3
SIM4
1
21
22
SIM5
SIM1
SIM2
SIM3
SIM4
1
21
22
SIM5
SIM1
SIM2
SIM3
SIM4
1
21
22
SIM5
SIM1
SIM2
SIM3
SIM4
1
21
22
SIM5
SIM1
SIM2
SIM3
SIM4
1
21
22
SIM5
SIM1
SIM2
SIM3
SIM4
1
21
22
SIM5
SIM1
SIM2
SIM3
SIM4
1
21
22
SIM5
SIM1
SIM2
SIM3
SIM4
1
21
22
SIM5
SIM1
SIM2
SIM3
SIM4
1
21
22
SIM5
SIM1
SIM2
SIM3
SIM4
1
21
22
SIM5
SIM1
SIM2
SIM3
SIM4
1
21
22
SIM5
SIM1
SIM2
SIM3
SIM4
1
21
22
SIM5
SIM1
SIM2
SIM3
SIM4
1
21
22
SIM5
SIM1
SIM2
SIM3
SIM4
1
21
22
SIM5
SIM1
SIM2
SIM3
SIM4
1
21
22
SIM5
SIM1
SIM2
SIM3
SIM4
1
21
22
SIM5
SIM1
SIM2
SIM3
SIM4
1
21
22
SIM5
SIM1
SIM2
SIM3
SIM4
1
21
22
SIM5
SIM1
SIM2
SIM3
SIM4
1
21
22
SIM5
SIM1
SIM2
SIM3
SIM4
1
21
22
SIM5
SIM1
SIM2
SIM3
SIM4
1
21
22
SIM5
SIM1
SIM2
SIM3
SIM4
1
21
22
SIM5
SIM1
SIM2
SIM3
SIM4
1
21
22
SIM5
SIM1
SIM2
SIM3
SIM4
1
21
22
SIM5
SIM1
SIM2
SIM3
SIM4
1
21
22
SIM5
SIM1
SIM2
SIM3
SIM4
1
21
22
SIM5
SIM1
SIM2
SIM3
SIM4
1
21
22
SIM5
SIM1
SIM2
SIM3
SIM4
1
21
22
SIM5
SIM1
SIM2
SIM3
SIM4
1
21
22
SIM5
SIM1
SIM2
SIM3
SIM4
1
21
22
SIM5
SIM1
SIM2
SIM3
SIM4
1
21
22
SIM5
SIM1
SIM2
SIM3
SIM4
1
21
22
SIM5
SIM1
SIM2
SIM3
SIM4
1
21
22
SIM5
SIM1
SIM2
SIM3
SIM4
1
21
22
SIM5
SIM1
SIM2
SIM3
SIM4
1
21
22
SIM5
SIM1
SIM2
SIM3
SIM4
1
21
22
SIM5
SIM1
SIM2
SIM3
SIM4
1
21
22
SIM5
SIM1
SIM2
SIM3
SIM4
1
21
22
SIM5
SIM1
SIM2
SIM3
SIM4
1
21
22
SIM5
SIM1
SIM2
SIM3
SIM4
1
21
22
SIM5
SIM1
SIM2
SIM3
SIM4
1
21
22
SIM5
SIM1
SIM2
SIM3
SIM4
1
21
22
SIM5
SIM1
SIM2
SIM3
SIM4
1
21
22
SIM5
SIM1
SIM2
SIM3
SIM4
1
21
22
SIM5
SIM1
SIM2
SIM3
SIM4
1
21
22
SIM5
SIM1
SIM2
SIM3
SIM4
1
21
22
SIM5
SIM1
SIM2
SIM3
SIM4
1
21
22
SIM5
SIM1
SIM2
SIM3
SIM4
1
21
22
SIM5
SIM1
SIM2
SIM3
SIM4
1
21
22
SIM5
SIM1
SIM2
SIM3
SIM4
1
21
22
SIM5
SIM1
SIM2
SIM3
SIM4
1
21
22
SIM5
SIM1
SIM2
DEBUG 1 923
SIM1
SIM2
SIM3
SIM4
1
21
22
SIM5
SIM1
SIM2
SIM3
SIM4
1
21
22
SIM5
SIM1
SIM2
SIM3
SIM4
1
21
22
SIM5
SIM1
SIM2
SIM3
SIM4
1
21
22
SIM5
SIM1
SIM2
SIM3
SIM4
1
21
22
SIM5
SIM1
SIM2
SIM3
SIM4
1
21
22
SIM5
SIM1
SIM2
SIM3
SIM4
1
21
22
SIM5
SIM1
SIM2
SIM3
SIM4
1
21
22
SIM5
SIM1
SIM2
SIM3
SIM4
1
21
22
SIM5
SIM1
SIM2
SIM3
SIM4
1
21
22
SIM5
SIM1
SIM2
SIM3
SIM4
1
21
22
SIM5
SIM1
SIM2
SIM3
SIM4
1
21
22
SIM5
SIM1
SIM2
SIM3
SIM4
1
21
22
SIM5
SIM1
SIM2
SIM3
SIM4
1
21
22
SIM5
SIM1
SIM2
SIM3
SIM4
1
21
22
SIM5
SIM1
SIM2
SIM3
SIM4
1
21
22
SIM5
SIM1
SIM2
SIM3
SIM4
1
21
22
SIM5
SIM1
SIM2
SIM3
SIM4
1
21
22
SIM5
SIM1
SIM2
SIM3
SIM4
1
21
22
SIM5
SIM1
SIM2
SIM3
SIM4
1
21
22
SIM5
SIM1
SIM2
SIM3
SIM4
1
21
22
SIM5
SIM1
SIM2
SIM3
SIM4
1
21
22
SIM5
SIM1
SIM2
SIM3
SIM4
1
21
22
SIM5
SIM1
SIM2
SIM3
SIM4
1
21
22
SIM5
SIM1
SIM2
SIM3
SIM4
1
21
22
SIM5
SIM1
SIM2
SIM3
SIM4
1
21
22
SIM5
SIM1
SIM2
SIM3
SIM4
1
21
22
SIM5
SIM1
SIM2
SIM3
SIM4
1
21
22
SIM5
SIM1
SIM2
SIM3
SIM4
1
21
22
SIM5
SIM1
SIM2
SIM3
SIM4
1
21
22
SIM5
SIM1
SIM2
SIM3
SIM4
1
21
22
SIM5
SIM1
SIM2
SIM3
SIM4
1
21
22
SIM5
SIM1
SIM2
SIM3
SIM4
1
21
22
SIM5
SIM1
SIM2
SIM3
SIM4
1
21
22
SIM5
SIM1
SIM2
SIM3
SIM4
1
21
22
SIM5
SIM1
SIM2
SIM3
SIM4
1
21
22
SIM5
SIM1
SIM2
SIM3
SIM4
1
21
22
SIM5
SIM1
SIM2
SIM3
SIM4
1
21
22
SIM5
SIM1
SIM2
SIM3
SIM4
1
21
22
SIM5
SIM1
SIM2
SIM3
SIM4
1
21
22
SIM5
SIM1
SIM2
SIM3
SIM4
1
21
22
SIM5
SIM1
SIM2
SIM3
SIM4
1
21
22
SIM5
SIM1
SIM2
SIM3
SIM4
1
21
22
SIM5
SIM1
SIM2
SIM3
SIM4
1
21
22
SIM5
SIM1
SIM2
SIM3
SIM4
1
21
22
SIM5
SIM1
SIM2
SIM3
SIM4
1
21
22
SIM5
SIM1
SIM2
SIM3
SIM4
1
21
22
SIM5
SIM1
SIM2
SIM3
SIM4
1
21
22
SIM5
SIM1
SIM2
SIM3
SIM4
1
21
22
SIM5
SIM1
SIM2
SIM3
SIM4
1
21
22
SIM5
SIM1
SIM2
SIM3
SIM4
1
21
22
SIM5
SIM1
SIM2
SIM3
SIM4
1
21
22
SIM5
SIM1
SIM2
SIM3
SIM4
1
21
22
SIM5
SIM1
SIM2
SIM3
SIM4
1
21
22
SIM5
SIM1
SIM2
SIM3
SIM4
1
21
22
SIM5
SIM1
SIM2
SIM3
SIM4
1
21
22
SIM5
SIM1
SIM2
SIM3
SIM4
1
21
22
SIM5
SIM1
SIM2
SIM3
SIM4
1
21
22
SIM5
SIM1
SIM2
SIM3
SIM4
1
21
22
SIM5
SIM1
SIM2
SIM3
SIM4
1
21
22
SIM5
SIM1
SIM2
SIM3
SIM4
1
21
22
SIM5
SIM1
SIM2
SIM3
SIM4
1
21
22
SIM5
SIM1
SIM2
SIM3
SIM4
1
21
22
SIM5
SIM1
SIM2
SIM3
SIM4
1
21
22
SIM5
SIM1
SIM2
SIM3
SIM4
1
21
22
SIM5
SIM1
SIM2
SIM3
SIM4
1
21
22
SIM5
SIM1
SIM2
SIM3
SIM4
1
21
22
SIM5
SIM1
SIM2
SIM3
SIM4
1
21
22
SIM5
SIM1
SIM2
SIM3
SIM4
1
21
22
SIM5
SIM1
SIM2
SIM3
SIM4
1
21
22
SIM5
SIM1
SIM2
SIM3
SIM4
1
21
22
SIM5
SIM1
SIM2
SIM3
SIM4
1
21
22
SIM5
SIM1
SIM2
SIM3
SIM4
1
21
22
SIM5
SIM1
SIM2
SIM3
SIM4
1
21
22
SIM5
SIM1
SIM2
SIM3
SIM4
1
21
22
SIM5
SIM1
SIM2
SIM3
SIM4
1
21
22
SIM5
SIM1
SIM2
SIM3
SIM4
1
21
22
SIM5
SIM1
SIM2
SIM3
SIM4
1
21
22
SIM5
SIM1
SIM2
SIM3
SIM4
1
21
22
SIM5
SIM1
SIM2
SIM3
SIM4
1
21
22
SIM5
SIM1
SIM2
SIM3
SIM4
1
21
22
SIM5
SIM1
SIM2
SIM3
SIM4
1
21
22
SIM5
SIM1
SIM2
SIM3
SIM4
1
21
22
SIM5
SIM1
SIM2
SIM3
SIM4
1
21
22
SIM5
SIM1
SIM2
SIM3
SIM4
1
21
22
SIM5
SIM1
SIM2
SIM3
SIM4
1
21
22
SIM5
SIM1
SIM2
SIM3
SIM4
1
21
22
SIM5
SIM1
SIM2
SIM3
SIM4
1
21
22
SIM5
SIM1
SIM2
SIM3
SIM4
1
21
22
SIM5
SIM1
SIM2
SIM3
SIM4
1
21
22
SIM5
SIM1
SIM2
SIM3
SIM4
1
21
22
SIM5
SIM1
SIM2
SIM3
SIM4
1
21
22
SIM5
SIM1
SIM2
SIM3
SIM4
1
21
22
SIM5
SIM1
SIM2
SIM3
SIM4
1
21
22
SIM5
SIM1
SIM2
SIM3
SIM4
1
21
22
SIM5
SIM1
SIM2
SIM3
SIM4
1
21
22
SIM5
SIM1
SIM2
SIM3
SIM4
1
21
22
SIM5
SIM1
SIM2
SIM3
SIM4
1
21
22
SIM5
SIM1
SIM2
SIM3
SIM4
1
21
22
SIM5
SIM1
SIM2
SIM3
SIM4
1
21
22
SIM5
SIM1
SIM2
SIM3
SIM4
1
21
22
SIM5
SIM1
SIM2
SIM3
SIM4
1
21
22
SIM5
SIM1
SIM2
SIM3
SIM4
1
21
22
SIM5
SIM1
SIM2
SIM3
SIM4
1
21
22
SIM5
SIM1
SIM2
SIM3
SIM4
1
21
22
SIM5
SIM1
SIM2
SIM3
SIM4
1
21
22
SIM5
SIM1
SIM2
SIM3
SIM4
1
21
22
SIM5
SIM1
SIM2
SIM3
SIM4
1
21
22
SIM5
SIM1
SIM2
SIM3
SIM4
1
21
22
SIM5
SIM1
SIM2
SIM3
SIM4
1
21
22
SIM5
SIM1
SIM2
SIM3
SIM4
1
21
22
SIM5
SIM1
SIM2
SIM3
SIM4
1
21
22
SIM5
SIM1
SIM2
SIM3
SIM4
1
21
22
SIM5
SIM1
SIM2
SIM3
SIM4
1
21
22
SIM5
SIM1
SIM2
SIM3
SIM4
1
21
22
SIM5
SIM1
SIM2
SIM3
SIM4
1
21
22
SIM5
SIM1
SIM2
SIM3
SIM4
1
21
22
SIM5
SIM1
SIM2
SIM3
SIM4
1
21
22
SIM5
SIM1
SIM2
SIM3
SIM4
1
21
22
SIM5
SIM1
SIM2
SIM3
SIM4
1
21
22
SIM5
SIM1
SIM2
SIM3
SIM4
1
21
22
SIM5
SIM1
SIM2
SIM3
SIM4
1
21
22
SIM5
SIM1
SIM2
SIM3
SIM4
1
21
22
SIM5
SIM1
SIM2
SIM3
SIM4
1
21
22
SIM5
SIM1
SIM2
SIM3
SIM4
1
21
22
SIM5
SIM1
SIM2
SIM3
SIM4
1
21
22
SIM5
SIM1
SIM2
SIM3
SIM4
1
21
22
SIM5
SIM1
SIM2
SIM3
SIM4
1
21
22
SIM5
SIM1
SIM2
SIM3
SIM4
1
21
22
SIM5
SIM1
SIM2
SIM3
SIM4
1
21
22
SIM5
SIM1
SIM2
SIM3
SIM4
1
21
22
SIM5
SIM1
SIM2
SIM3
SIM4
1
21
22
SIM5
SIM1
SIM2
SIM3
SIM4
1
21
22
SIM5
SIM1
SIM2
SIM3
SIM4
1
21
22
SIM5
SIM1
SIM2
SIM3
SIM4
1
21
22
SIM5
SIM1
SIM2
SIM3
SIM4
1
21
22
SIM5
SIM1
SIM2
SIM3
SIM4
1
21
22
SIM5
SIM1
SIM2
SIM3
SIM4
1
21
22
SIM5
SIM1
SIM2
SIM3
SIM4
1
21
22
SIM5
SIM1
SIM2
SIM3
SIM4
1
21
22
SIM5
SIM1
SIM2
SIM3
SIM4
1
21
22
SIM5
SIM1
SIM2
SIM3
SIM4
1
21
22
SIM5
SIM1
SIM2
SIM3
SIM4
1
21
22
SIM5
SIM1
SIM2
SIM3
SIM4
1
21
22
SIM5
SIM1
SIM2
SIM3
SIM4
1
21
22
SIM5
SIM1
SIM2
SIM3
SIM4
1
21
22
SIM5
SIM1
SIM2
SIM3
SIM4
1
21
22
SIM5
SIM1
SIM2
SIM3
SIM4
1
21
22
SIM5
SIM1
SIM2
SIM3
SIM4
1
21
22
SIM5
SIM1
SIM2
SIM3
SIM4
1
21
22
SIM5
SIM1
SIM2
DEBUG 1 924
SIM1
SIM2
SIM3
SIM4
1
21
22
SIM5
SIM1
SIM2
SIM3
SIM4
1
21
22
SIM5
SIM1
SIM2
SIM3
SIM4
1
21
22
SIM5
SIM1
SIM2
SIM3
SIM4
1
21
22
SIM5
SIM1
SIM2
SIM3
SIM4
1
21
22
SIM5
SIM1
SIM2
SIM3
SIM4
1
21
22
SIM5
SIM1
SIM2
SIM3
SIM4
1
21
22
SIM5
SIM1
SIM2
SIM3
SIM4
1
21
22
SIM5
SIM1
SIM2
SIM3
SIM4
1
21
22
SIM5
SIM1
SIM2
SIM3
SIM4
1
21
22
SIM5
SIM1
SIM2
SIM3
SIM4
1
21
22
SIM5
SIM1
SIM2
SIM3
SIM4
1
21
22
SIM5
SIM1
SIM2
SIM3
SIM4
1
21
22
SIM5
SIM1
SIM2
SIM3
SIM4
1
21
22
SIM5
SIM1
SIM2
SIM3
SIM4
1
21
22
SIM5
SIM1
SIM2
SIM3
SIM4
1
21
22
SIM5
SIM1
SIM2
SIM3
SIM4
1
21
22
SIM5
SIM1
SIM2
SIM3
SIM4
1
21
22
SIM5
SIM1
SIM2
SIM3
SIM4
1
21
22
SIM5
SIM1
SIM2
SIM3
SIM4
1
21
22
SIM5
SIM1
SIM2
SIM3
SIM4
1
21
22
SIM5
SIM1
SIM2
SIM3
SIM4
1
21
22
SIM5
SIM1
SIM2
SIM3
SIM4
1
21
22
SIM5
SIM1
SIM2
SIM3
SIM4
1
21
22
SIM5
SIM1
SIM2
SIM3
SIM4
1
21
22
SIM5
SIM1
SIM2
SIM3
SIM4
1
21
22
SIM5
SIM1
SIM2
SIM3
SIM4
1
21
22
SIM5
SIM1
SIM2
SIM3
SIM4
1
21
22
SIM5
SIM1
SIM2
SIM3
SIM4
1
21
22
SIM5
SIM1
SIM2
SIM3
SIM4
1
21
22
SIM5
SIM1
SIM2
SIM3
SIM4
1
21
22
SIM5
SIM1
SIM2
SIM3
SIM4
1
21
22
SIM5
SIM1
SIM2
SIM3
SIM4
1
21
22
SIM5
SIM1
SIM2
SIM3
SIM4
1
21
22
SIM5
SIM1
SIM2
SIM3
SIM4
1
21
22
SIM5
SIM1
SIM2
SIM3
SIM4
1
21
22
SIM5
SIM1
SIM2
SIM3
SIM4
1
21
22
SIM5
SIM1
SIM2
SIM3
SIM4
1
21
22
SIM5
SIM1
SIM2
SIM3
SIM4
1
21
22
SIM5
SIM1
SIM2
SIM3
SIM4
1
21
22
SIM5
SIM1
SIM2
SIM3
SIM4
1
21
22
SIM5
SIM1
SIM2
SIM3
SIM4
1
21
22
SIM5
SIM1
SIM2
SIM3
SIM4
1
21
22
SIM5
SIM1
SIM2
SIM3
SIM4
1
21
22
SIM5
SIM1
SIM2
SIM3
SIM4
1
21
22
SIM5
SIM1
SIM2
SIM3
SIM4
1
21
22
SIM5
SIM1
SIM2
SIM3
SIM4
1
21
22
SIM5
SIM1
SIM2
SIM3
SIM4
1
21
22
SIM5
SIM1
SIM2
SIM3
SIM4
1
21
22
SIM5
SIM1
SIM2
SIM3
SIM4
1
21
22
SIM5
SIM1
SIM2
SIM3
SIM4
1
21
22
SIM5
SIM1
SIM2
SIM3
SIM4
1
21
22
SIM5
SIM1
SIM2
SIM3
SIM4
1
21
22
SIM5
SIM1
SIM2
SIM3
SIM4
1
21
22
SIM5
SIM1
SIM2
SIM3
SIM4
1
21
22
SIM5
SIM1
SIM2
SIM3
SIM4
1
21
22
SIM5
SIM1
SIM2
SIM3
SIM4
1
21
22
SIM5
SIM1
SIM2
SIM3
SIM4
1
21
22
SIM5
SIM1
SIM2
SIM3
SIM4
1
21
22
SIM5
SIM1
SIM2
SIM3
SIM4
1
21
22
SIM5
SIM1
SIM2
SIM3
SIM4
1
21
22
SIM5
SIM1
SIM2
SIM3
SIM4
1
21
22
SIM5
SIM1
SIM2
SIM3
SIM4
1
21
22
SIM5
SIM1
SIM2
SIM3
SIM4
1
21
22
SIM5
SIM1
SIM2
SIM3
SIM4
1
21
22
SIM5
SIM1
SIM2
SIM3
SIM4
1
21
22
SIM5
SIM1
SIM2
SIM3
SIM4
1
21
22
SIM5
SIM1
SIM2
SIM3
SIM4
1
21
22
SIM5
SIM1
SIM2
SIM3
SIM4
1
21
22
SIM5
SIM1
SIM2
SIM3
SIM4
1
21
22
SIM5
SIM1
SIM2
SIM3
SIM4
1
21
22
SIM5
SIM1
SIM2
SIM3
SIM4
1
21
22
SIM5
SIM1
SIM2
SIM3
SIM4
1
21
22
SIM5
SIM1
SIM2
SIM3
SIM4
1
21
22
SIM5
SIM1
SIM2
SIM3
SIM4
1
21
22
SIM5
SIM1
SIM2
SIM3
SIM4
1
21
22
SIM5
SIM1
SIM2
SIM3
SIM4
1
21
22
SIM5
SIM1
SIM2
SIM3
SIM4
1
21
22
SIM5
SIM1
SIM2
SIM3
SIM4
1
21
22
SIM5
SIM1
SIM2
SIM3
SIM4
1
21
22
SIM5
SIM1
SIM2
SIM3
SIM4
1
21
22
SIM5
SIM1
SIM2
SIM3
SIM4
1
21
22
SIM5
SIM1
SIM2
SIM3
SIM4
1
21
22
SIM5
SIM1
SIM2
SIM3
SIM4
1
21
22
SIM5
SIM1
SIM2
SIM3
SIM4
1
21
22
SIM5
SIM1
SIM2
SIM3
SIM4
1
21
22
SIM5
SIM1
SIM2
SIM3
SIM4
1
21
22
SIM5
SIM1
SIM2
SIM3
SIM4
1
21
22
SIM5
SIM1
SIM2
SIM3
SIM4
1
21
22
SIM5
SIM1
SIM2
SIM3
SIM4
1
21
22
SIM5
SIM1
SIM2
SIM3
SIM4
1
21
22
SIM5
SIM1
SIM2
SIM3
SIM4
1
21
22
SIM5
SIM1
SIM2
SIM3
SIM4
1
21
22
SIM5
SIM1
SIM2
SIM3
SIM4
1
21
22
SIM5
SIM1
SIM2
SIM3
SIM4
1
21
22
SIM5
SIM1
SIM2
SIM3
SIM4
1
21
22
SIM5
SIM1
SIM2
SIM3
SIM4
1
21
22
SIM5
SIM1
SIM2
SIM3
SIM4
1
21
22
SIM5
SIM1
SIM2
SIM3
SIM4
1
21
22
SIM5
SIM1
SIM2
SIM3
SIM4
1
21
22
SIM5
SIM1
SIM2
SIM3
SIM4
1
21
22
SIM5
SIM1
SIM2
SIM3
SIM4
1
21
22
SIM5
SIM1
SIM2
SIM3
SIM4
1
21
22
SIM5
SIM1
SIM2
SIM3
SIM4
1
21
22
SIM5
SIM1
SIM2
SIM3
SIM4
1
21
22
SIM5
SIM1
SIM2
SIM3
SIM4
1
21
22
SIM5
SIM1
SIM2
SIM3
SIM4
1
21
22
SIM5
SIM1
SIM2
SIM3
SIM4
1
21
22
SIM5
SIM1
SIM2
SIM3
SIM4
1
21
22
SIM5
SIM1
SIM2
SIM3
SIM4
1
21
22
SIM5
SIM1
SIM2
SIM3
SIM4
1
21
22
SIM5
SIM1
SIM2
SIM3
SIM4
1
21
22
SIM5
SIM1
SIM2
SIM3
SIM4
1
21
22
SIM5
SIM1
SIM2
SIM3
SIM4
1
21
22
SIM5
SIM1
SIM2
SIM3
SIM4
1
21
22
SIM5
SIM1
SIM2
SIM3
SIM4
1
21
22
SIM5
SIM1
SIM2
SIM3
SIM4
1
21
22
SIM5
SIM1
SIM2
SIM3
SIM4
1
21
22
SIM5
SIM1
SIM2
SIM3
SIM4
1
21
22
SIM5
SIM1
SIM2
SIM3
SIM4
1
21
22
SIM5
SIM1
SIM2
SIM3
SIM4
1
21
22
SIM5
SIM1
SIM2
SIM3
SIM4
1
21
22
SIM5
SIM1
SIM2
SIM3
SIM4
1
21
22
SIM5
SIM1
SIM2
SIM3
SIM4
1
21
22
SIM5
SIM1
SIM2
SIM3
SIM4
1
21
22
SIM5
SIM1
SIM2
SIM3
SIM4
1
21
22
SIM5
SIM1
SIM2
SIM3
SIM4
1
21
22
SIM5
SIM1
SIM2
DEBUG 1 925
SIM1
SIM2
SIM3
SIM4
1
21
22
SIM5
SIM1
SIM2
SIM3
SIM4
1
21
22
SIM5
SIM1
SIM2
SIM3
SIM4
1
21
22
SIM5
SIM1
SIM2
SIM3
SIM4
1
21
22
SIM5
SIM1
SIM2
SIM3
SIM4
1
21
22
SIM5
SIM1
SIM2
SIM3
SIM4
1
21
22
SIM5
SIM1
SIM2
SIM3
SIM4
1
21
22
SIM5
SIM1
SIM2
SIM3
SIM4
1
21
22
SIM5
SIM1
SIM2
SIM3
SIM4
1
21
22
SIM5
SIM1
SIM2
SIM3
SIM4
1
21
22
SIM5
SIM1
SIM2
SIM3
SIM4
1
21
22
SIM5
SIM1
SIM2
SIM3
SIM4
1
21
22
SIM5
SIM1
SIM2
SIM3
SIM4
1
21
22
SIM5
SIM1
SIM2
SIM3
SIM4
1
21
22
SIM5
SIM1
SIM2
SIM3
SIM4
1
21
22
SIM5
SIM1
SIM2
SIM3
SIM4
1
21
22
SIM5
SIM1
SIM2
SIM3
SIM4
1
21
22
SIM5
SIM1
SIM2
SIM3
SIM4
1
21
22
SIM5
SIM1
SIM2
SIM3
SIM4
1
21
22
SIM5
SIM1
SIM2
SIM3
SIM4
1
21
22
SIM5
SIM1
SIM2
SIM3
SIM4
1
21
22
SIM5
SIM1
SIM2
SIM3
SIM4
1
21
22
SIM5
SIM1
SIM2
SIM3
SIM4
1
21
22
SIM5
SIM1
SIM2
SIM3
SIM4
1
21
22
SIM5
SIM1
SIM2
SIM3
SIM4
1
21
22
SIM5
SIM1
SIM2
SIM3
SIM4
1
21
22
SIM5
SIM1
SIM2
SIM3
SIM4
1
21
22
SIM5
SIM1
SIM2
SIM3
SIM4
1
21
22
SIM5
SIM1
SIM2
SIM3
SIM4
1
21
22
SIM5
SIM1
SIM2
SIM3
SIM4
1
21
22
SIM5
SIM1
SIM2
SIM3
SIM4
1
21
22
SIM5
SIM1
SIM2
SIM3
SIM4
1
21
22
SIM5
SIM1
SIM2
SIM3
SIM4
1
21
22
SIM5
SIM1
SIM2
SIM3
SIM4
1
21
22
SIM5
SIM1
SIM2
SIM3
SIM4
1
21
22
SIM5
SIM1
SIM2
SIM3
SIM4
1
21
22
SIM5
SIM1
SIM2
SIM3
SIM4
1
21
22
SIM5
SIM1
SIM2
SIM3
SIM4
1
21
22
SIM5
SIM1
SIM2
SIM3
SIM4
1
21
22
SIM5
SIM1
SIM2
SIM3
SIM4
1
21
22
SIM5
SIM1
SIM2
SIM3
SIM4
1
21
22
SIM5
SIM1
SIM2
SIM3
SIM4
1
21
22
SIM5
SIM1
SIM2
SIM3
SIM4
1
21
22
SIM5
SIM1
SIM2
SIM3
SIM4
1
21
22
SIM5
SIM1
SIM2
SIM3
SIM4
1
21
22
SIM5
SIM1
SIM2
SIM3
SIM4
1
21
22
SIM5
SIM1
SIM2
SIM3
SIM4
1
21
22
SIM5
SIM1
SIM2
SIM3
SIM4
1
21
22
SIM5
SIM1
SIM2
SIM3
SIM4
1
21
22
SIM5
SIM1
SIM2
SIM3
SIM4
1
21
22
SIM5
SIM1
SIM2
SIM3
SIM4
1
21
22
SIM5
SIM1
SIM2
SIM3
SIM4
1
21
22
SIM5
SIM1
SIM2
SIM3
SIM4
1
21
22
SIM5
SIM1
SIM2
SIM3
SIM4
1
21
22
SIM5
SIM1
SIM2
SIM3
SIM4
1
21
22
SIM5
SIM1
SIM2
SIM3
SIM4
1
21
22
SIM5
SIM1
SIM2
SIM3
SIM4
1
21
22
SIM5
SIM1
SIM2
SIM3
SIM4
1
21
22
SIM5
SIM1
SIM2
SIM3
SIM4
1
21
22
SIM5
SIM1
SIM2
SIM3
SIM4
1
21
22
SIM5
SIM1
SIM2
SIM3
SIM4
1
21
22
SIM5
SIM1
SIM2
SIM3
SIM4
1
21
22
SIM5
SIM1
SIM2
SIM3
SIM4
1
21
22
SIM5
SIM1
SIM2
SIM3
SIM4
1
21
22
SIM5
SIM1
SIM2
SIM3
SIM4
1
21
22
SIM5
SIM1
SIM2
SIM3
SIM4
1
21
22
SIM5
SIM1
SIM2
SIM3
SIM4
1
21
22
SIM5
SIM1
SIM2
SIM3
SIM4
1
21
22
SIM5
SIM1
SIM2
SIM3
SIM4
1
21
22
SIM5
SIM1
SIM2
SIM3
SIM4
1
21
22
SIM5
SIM1
SIM2
SIM3
SIM4
1
21
22
SIM5
SIM1
SIM2
SIM3
SIM4
1
21
22
SIM5
SIM1
SIM2
SIM3
SIM4
1
21
22
SIM5
SIM1
SIM2
SIM3
SIM4
1
21
22
SIM5
SIM1
SIM2
SIM3
SIM4
1
21
22
SIM5
SIM1
SIM2
SIM3
SIM4
1
21
22
SIM5
SIM1
SIM2
SIM3
SIM4
1
21
22
SIM5
SIM1
SIM2
SIM3
SIM4
1
21
22
SIM5
SIM1
SIM2
SIM3
SIM4
1
21
22
SIM5
SIM1
SIM2
SIM3
SIM4
1
21
22
SIM5
SIM1
SIM2
SIM3
SIM4
1
21
22
SIM5
SIM1
SIM2
SIM3
SIM4
1
21
22
SIM5
SIM1
SIM2
SIM3
SIM4
1
21
22
SIM5
SIM1
SIM2
SIM3
SIM4
1
21
22
SIM5
SIM1
SIM2
SIM3
SIM4
1
21
22
SIM5
SIM1
SIM2
SIM3
SIM4
1
21
22
SIM5
SIM1
SIM2
SIM3
SIM4
1
21
22
SIM5
SIM1
SIM2
SIM3
SIM4
1
21
22
SIM5
SIM1
SIM2
SIM3
SIM4
1
21
22
SIM5
SIM1
SIM2
SIM3
SIM4
1
21
22
SIM5
SIM1
SIM2
SIM3
SIM4
1
21
22
SIM5
SIM1
SIM2
SIM3
SIM4
1
21
22
SIM5
SIM1
SIM2
SIM3
SIM4
1
21
22
SIM5
SIM1
SIM2
SIM3
SIM4
1
21
22
SIM5
SIM1
SIM2
SIM3
SIM4
1
21
22
SIM5
SIM1
SIM2
SIM3
SIM4
1
21
22
SIM5
SIM1
SIM2
SIM3
SIM4
1
21
22
SIM5
SIM1
SIM2
SIM3
SIM4
1
21
22
SIM5
SIM1
SIM2
SIM3
SIM4
1
21
22
SIM5
SIM1
SIM2
SIM3
SIM4
1
21
22
SIM5
SIM1
SIM2
SIM3
SIM4
1
21
22
SIM5
SIM1
SIM2
SIM3
SIM4
1
21
22
SIM5
SIM1
SIM2
SIM3
SIM4
1
21
22
SIM5
SIM1
SIM2
SIM3
SIM4
1
21
22
SIM5
SIM1
SIM2
SIM3
SIM4
1
21
22
SIM5
SIM1
SIM2
SIM3
SIM4
1
21
22
SIM5
SIM1
SIM2
SIM3
SIM4
1
21
22
SIM5
SIM1
SIM2
SIM3
SIM4
1
21
22
SIM5
SIM1
SIM2
SIM3
SIM4
1
21
22
SIM5
SIM1
SIM2
SIM3
SIM4
1
21
22
SIM5
SIM1
SIM2
SIM3
SIM4
1
21
22
SIM5
SIM1
SIM2
SIM3
SIM4
1
21
22
SIM5
SIM1
SIM2
SIM3
SIM4
1
21
22
SIM5
SIM1
SIM2
SIM3
SIM4
1
21
22
SIM5
SIM1
SIM2
SIM3
SIM4
1
21
22
SIM5
SIM1
SIM2
SIM3
SIM4
1
21
22
SIM5
SIM1
SIM2
SIM3
SIM4
1
21
22
SIM5
SIM1
SIM2
SIM3
SIM4
1
21
22
SIM5
SIM1
SIM2
SIM3
SIM4
1
21
22
SIM5
SIM1
SIM2
SIM3
SIM4
1
21
22
SIM5
SIM1
SIM2
SIM3
SIM4
1
21
22
SIM5
SIM1
SIM2
SIM3
SIM4
1
21
22
SIM5
SIM1
SIM2
SIM3
SIM4
1
21
22
SIM5
SIM1
SIM2
SIM3
SIM4
1
21
22
SIM5
SIM1
SIM2
SIM3
SIM4
1
21
22
SIM5
SIM1
SIM2
SIM3
SIM4
1
21
22
SIM5
SIM1
SIM2
SIM3
SIM4
1
21
22
SIM5
SIM1
SIM2
SIM3
SIM4
1
21
22
SIM5
SIM1
SIM2
SIM3
SIM4
1
21
22
SIM5
SIM1
SIM2
SIM3
SIM4
1
21
22
SIM5
SIM1
SIM2
SIM3
SIM4
1
21
22
SIM5
SIM1
SIM2
SIM3
SIM4
1
21
22
SIM5
SIM1
SIM2
SIM3
SIM4
1
21
22
SIM5
SIM1
SIM2
SIM3
SIM4
1
21
22
SIM5
SIM1
SIM2
SIM3
SIM4
1
21
22
SIM5
SIM1
SIM2
SIM3
SIM4
1
21
22
SIM5
SIM1
SIM2
SIM3
SIM4
1
21
22
SIM5
SIM1
SIM2
SIM3
SIM4
1
21
22
SIM5
SIM1
SIM2
SIM3
SIM4
1
21
22
SIM5
SIM1
SIM2
SIM3
SIM4
1
21
22
SIM5
SIM1
SIM2
SIM3
SIM4
1
21
22
SIM5
SIM1
SIM2
SIM3
SIM4
1
21
22
SIM5
SIM1
SIM2
SIM3
SIM4
1
21
22
SIM5
SIM1
SIM2
SIM3
SIM4
1
21
22
SIM5
SIM1
SIM2
SIM3
SIM4
1
21
22
SIM5
SIM1
SIM2
SIM3
SIM4
1
21
22
SIM5
SIM1
SIM2
SIM3
SIM4
1
21
22
SIM5
SIM1
SIM2
SIM3
SIM4
1
21
22
SIM5
SIM1
SIM2
SIM3
SIM4
1
21
22
SIM5
SIM1
SIM2
SIM3
SIM4
1
21
22
SIM5
SIM1
SIM2
SIM3
SIM4
1
21
22
SIM5
SIM1
SIM2
SIM3
SIM4
1
21
22
SIM5
SIM1
SIM2
SIM3
SIM4
1
21
22
SIM5
SIM1
SIM2
SIM3
SIM4
1
21
22
SIM5
SIM1
SIM2
DEBUG 1 926
SIM1
SIM2
SIM3
SIM4
1
21
22
SIM5
SIM1
SIM2
SIM3
SIM4
1
21
22
SIM5
SIM1
SIM2
SIM3
SIM4
1
21
22
SIM5
SIM1
SIM2
SIM3
SIM4
1
21
22
SIM5
SIM1
SIM2
SIM3
SIM4
1
21
22
SIM5
SIM1
SIM2
SIM3
SIM4
1
21
22
SIM5
SIM1
SIM2
SIM3
SIM4
1
21
22
SIM5
SIM1
SIM2
SIM3
SIM4
1
21
22
SIM5
SIM1
SIM2
SIM3
SIM4
1
21
22
SIM5
SIM1
SIM2
SIM3
SIM4
1
21
22
SIM5
SIM1
SIM2
SIM3
SIM4
1
21
22
SIM5
SIM1
SIM2
SIM3
SIM4
1
21
22
SIM5
SIM1
SIM2
SIM3
SIM4
1
21
22
SIM5
SIM1
SIM2
SIM3
SIM4
1
21
22
SIM5
SIM1
SIM2
SIM3
SIM4
1
21
22
SIM5
SIM1
SIM2
SIM3
SIM4
1
21
22
SIM5
SIM1
SIM2
SIM3
SIM4
1
21
22
SIM5
SIM1
SIM2
SIM3
SIM4
1
21
22
SIM5
SIM1
SIM2
SIM3
SIM4
1
21
22
SIM5
SIM1
SIM2
SIM3
SIM4
1
21
22
SIM5
SIM1
SIM2
SIM3
SIM4
1
21
22
SIM5
SIM1
SIM2
SIM3
SIM4
1
21
22
SIM5
SIM1
SIM2
SIM3
SIM4
1
21
22
SIM5
SIM1
SIM2
SIM3
SIM4
1
21
22
SIM5
SIM1
SIM2
SIM3
SIM4
1
21
22
SIM5
SIM1
SIM2
SIM3
SIM4
1
21
22
SIM5
SIM1
SIM2
SIM3
SIM4
1
21
22
SIM5
SIM1
SIM2
SIM3
SIM4
1
21
22
SIM5
SIM1
SIM2
SIM3
SIM4
1
21
22
SIM5
SIM1
SIM2
SIM3
SIM4
1
21
22
SIM5
SIM1
SIM2
SIM3
SIM4
1
21
22
SIM5
SIM1
SIM2
SIM3
SIM4
1
21
22
SIM5
SIM1
SIM2
SIM3
SIM4
1
21
22
SIM5
SIM1
SIM2
SIM3
SIM4
1
21
22
SIM5
SIM1
SIM2
SIM3
SIM4
1
21
22
SIM5
SIM1
SIM2
SIM3
SIM4
1
21
22
SIM5
SIM1
SIM2
SIM3
SIM4
1
21
22
SIM5
SIM1
SIM2
SIM3
SIM4
1
21
22
SIM5
SIM1
SIM2
SIM3
SIM4
1
21
22
SIM5
SIM1
SIM2
SIM3
SIM4
1
21
22
SIM5
SIM1
SIM2
SIM3
SIM4
1
21
22
SIM5
SIM1
SIM2
SIM3
SIM4
1
21
22
SIM5
SIM1
SIM2
SIM3
SIM4
1
21
22
SIM5
SIM1
SIM2
SIM3
SIM4
1
21
22
SIM5
SIM1
SIM2
SIM3
SIM4
1
21
22
SIM5
SIM1
SIM2
SIM3
SIM4
1
21
22
SIM5
SIM1
SIM2
SIM3
SIM4
1
21
22
SIM5
SIM1
SIM2
SIM3
SIM4
1
21
22
SIM5
SIM1
SIM2
SIM3
SIM4
1
21
22
SIM5
SIM1
SIM2
SIM3
SIM4
1
21
22
SIM5
SIM1
SIM2
SIM3
SIM4
1
21
22
SIM5
SIM1
SIM2
SIM3
SIM4
1
21
22
SIM5
SIM1
SIM2
SIM3
SIM4
1
21
22
SIM5
SIM1
SIM2
SIM3
SIM4
1
21
22
SIM5
SIM1
SIM2
SIM3
SIM4
1
21
22
SIM5
SIM1
SIM2
SIM3
SIM4
1
21
22
SIM5
SIM1
SIM2
SIM3
SIM4
1
21
22
SIM5
SIM1
SIM2
SIM3
SIM4
1
21
22
SIM5
SIM1
SIM2
SIM3
SIM4
1
21
22
SIM5
SIM1
SIM2
SIM3
SIM4
1
21
22
SIM5
SIM1
SIM2
SIM3
SIM4
1
21
22
SIM5
SIM1
SIM2
SIM3
SIM4
1
21
22
SIM5
SIM1
SIM2
SIM3
SIM4
1
21
22
SIM5
SIM1
SIM2
SIM3
SIM4
1
21
22
SIM5
SIM1
SIM2
SIM3
SIM4
1
21
22
SIM5
SIM1
SIM2
SIM3
SIM4
1
21
22
SIM5
SIM1
SIM2
SIM3
SIM4
1
21
22
SIM5
SIM1
SIM2
SIM3
SIM4
1
21
22
SIM5
SIM1
SIM2
SIM3
SIM4
1
21
22
SIM5
SIM1
SIM2
SIM3
SIM4
1
21
22
SIM5
SIM1
SIM2
SIM3
SIM4
1
21
22
SIM5
SIM1
SIM2
SIM3
SIM4
1
21
22
SIM5
SIM1
SIM2
SIM3
SIM4
1
21
22
SIM5
SIM1
SIM2
SIM3
SIM4
1
21
22
SIM5
SIM1
SIM2
SIM3
SIM4
1
21
22
SIM5
SIM1
SIM2
SIM3
SIM4
1
21
22
SIM5
SIM1
SIM2
SIM3
SIM4
1
21
22
SIM5
SIM1
SIM2
SIM3
SIM4
1
21
22
SIM5
SIM1
SIM2
SIM3
SIM4
1
21
22
SIM5
SIM1
SIM2
SIM3
SIM4
1
21
22
SIM5
SIM1
SIM2
SIM3
SIM4
1
21
22
SIM5
SIM1
SIM2
SIM3
SIM4
1
21
22
SIM5
SIM1
SIM2
SIM3
SIM4
1
21
22
SIM5
SIM1
SIM2
SIM3
SIM4
1
21
22
SIM5
SIM1
SIM2
SIM3
SIM4
1
21
22
SIM5
SIM1
SIM2
SIM3
SIM4
1
21
22
SIM5
SIM1
SIM2
SIM3
SIM4
1
21
22
SIM5
SIM1
SIM2
SIM3
SIM4
1
21
22
SIM5
SIM1
SIM2
SIM3
SIM4
1
21
22
SIM5
SIM1
SIM2
SIM3
SIM4
1
21
22
SIM5
SIM1
SIM2
SIM3
SIM4
1
21
22
SIM5
SIM1
SIM2
SIM3
SIM4
1
21
22
SIM5
SIM1
SIM2
SIM3
SIM4
1
21
22
SIM5
SIM1
SIM2
SIM3
SIM4
1
21
22
SIM5
SIM1
SIM2
SIM3
SIM4
1
21
22
SIM5
SIM1
SIM2
SIM3
SIM4
1
21
22
SIM5
SIM1
SIM2
SIM3
SIM4
1
21
22
SIM5
SIM1
SIM2
SIM3
SIM4
1
21
22
SIM5
SIM1
SIM2
SIM3
SIM4
1
21
22
SIM5
SIM1
SIM2
SIM3
SIM4
1
21
22
SIM5
SIM1
SIM2
SIM3
SIM4
1
21
22
SIM5
SIM1
SIM2
SIM3
SIM4
1
21
22
SIM5
SIM1
SIM2
SIM3
SIM4
1
21
22
SIM5
SIM1
SIM2
SIM3
SIM4
1
21
22
SIM5
SIM1
SIM2
SIM3
SIM4
1
21
22
SIM5
SIM1
SIM2
SIM3
SIM4
1
21
22
SIM5
SIM1
SIM2
SIM3
SIM4
1
21
22
SIM5
SIM1
SIM2
SIM3
SIM4
1
21
22
SIM5
SIM1
SIM2
SIM3
SIM4
1
21
22
SIM5
SIM1
SIM2
SIM3
SIM4
1
21
22
SIM5
SIM1
SIM2
SIM3
SIM4
1
21
22
SIM5
SIM1
SIM2
SIM3
SIM4
1
21
22
SIM5
SIM1
SIM2
SIM3
SIM4
1
21
22
SIM5
SIM1
SIM2
SIM3
SIM4
1
21
22
SIM5
SIM1
SIM2
SIM3
SIM4
1
21
22
SIM5
SIM1
SIM2
SIM3
SIM4
1
21
22
SIM5
SIM1
SIM2
SIM3
SIM4
1
21
22
SIM5
SIM1
SIM2
SIM3
SIM4
1
21
22
SIM5
SIM1
SIM2
SIM3
SIM4
1
21
22
SIM5
SIM1
SIM2
SIM3
SIM4
1
21
22
SIM5
SIM1
SIM2
SIM3
SIM4
1
21
22
SIM5
SIM1
SIM2
SIM3
SIM4
1
21
22
SIM5
SIM1
SIM2
SIM3
SIM4
1
21
22
SIM5
SIM1
SIM2
SIM3
SIM4
1
21
22
SIM5
SIM1
SIM2
SIM3
SIM4
1
21
22
SIM5
SIM1
SIM2
SIM3
SIM4
1
21
22
SIM5
SIM1
SIM2
SIM3
SIM4
1
21
22
SIM5
SIM1
SIM2
SIM3
SIM4
1
21
22
SIM5
SIM1
SIM2
SIM3
SIM4
1
21
22
SIM5
SIM1
SIM2
SIM3
SIM4
1
21
22
SIM5
SIM1
SIM2
SIM3
SIM4
1
21
22
SIM5
SIM1
SIM2
SIM3
SIM4
1
21
22
SIM5
SIM1
SIM2
SIM3
SIM4
1
21
22
SIM5
SIM1
SIM2
SIM3
SIM4
1
21
22
SIM5
SIM1
SIM2
SIM3
SIM4
1
21
22
SIM5
SIM1
SIM2
SIM3
SIM4
1
21
22
SIM5
SIM1
SIM2
SIM3
SIM4
1
21
22
SIM5
SIM1
SIM2
SIM3
SIM4
1
21
22
SIM5
SIM1
SIM2
SIM3
SIM4
1
21
22
SIM5
SIM1
SIM2
SIM3
SIM4
1
21
22
SIM5
SIM1
SIM2
SIM3
SIM4
1
21
22
SIM5
SIM1
SIM2
SIM3
SIM4
1
21
22
SIM5
SIM1
SIM2
SIM3
SIM4
1
21
22
SIM5
SIM1
SIM2
SIM3
SIM4
1
21
22
SIM5
SIM1
SIM2
SIM3
SIM4
1
21
22
SIM5
SIM1
SIM2
SIM3
SIM4
1
21
22
SIM5
SIM1
SIM2
SIM3
SIM4
1
21
22
SIM5
SIM1
SIM2
SIM3
SIM4
1
21
22
SIM5
SIM1
SIM2
SIM3
SIM4
1
21
22
SIM5
SIM1
SIM2
SIM3
SIM4
1
21
22
SIM5
SIM1
SIM2
SIM3
SIM4
1
21
22
SIM5
SIM1
SIM2
SIM3
SIM4
1
21
22
SIM5
SIM1
SIM2
SIM3
SIM4
1
21
22
SIM5
SIM1
SIM2
SIM3
SIM4
1
21
22
SIM5
SIM1
SIM2
SIM3
SIM4
1
21
22
SIM5
SIM1
SIM2
SIM3
SIM4
1
21
22
SIM5
SIM1
SIM2
SIM3
SIM4
1
21
22
SIM5
SIM1
SIM2
SIM3
SIM4
1
21
22
SIM5
SIM1
SIM2
SIM3
SIM4
1
21
22
SIM5
SIM1
SIM2
SIM3
SIM4
1
21
22
SIM5
SIM1
SIM2
SIM3
SIM4
1
21
22
SIM5
SIM1
SIM2
SIM3
SIM4
1
21
22
SIM5
SIM1
SIM2
SIM3
SIM4
1
21
22
SIM5
SIM1
SIM2
SIM3
SIM4
1
21
22
SIM5
SIM1
SIM2
SIM3
SIM4
1
21
22
SIM5
SIM1
SIM2
SIM3
SIM4
1
21
22
SIM5
SIM1
SIM2
SIM3
SIM4
1
21
22
SIM5
SIM1
SIM2
SIM3
SIM4
1
21
22
SIM5
SIM1
SIM2
SIM3
SIM4
1
21
22
SIM5
SIM1
SIM2
SIM3
SIM4
1
21
22
SIM5
SIM1
SIM2
SIM3
SIM4
1
21
22
SIM5
SIM1
SIM2
SIM3
SIM4
1
21
22
SIM5
SIM1
SIM2
SIM3
SIM4
1
21
22
SIM5
SIM1
SIM2
SIM3
SIM4
1
21
22
SIM5
SIM1
SIM2
SIM3
SIM4
1
21
22
SIM5
SIM1
SIM2
SIM3
SIM4
1
21
22
SIM5
SIM1
SIM2
SIM3
SIM4
1
21
22
SIM5
SIM1
SIM2
SIM3
SIM4
1
21
22
SIM5
SIM1
SIM2
SIM3
SIM4
1
21
22
SIM5
SIM1
SIM2
SIM3
SIM4
1
21
22
SIM5
SIM1
SIM2
SIM3
SIM4
1
21
22
SIM5
SIM1
SIM2
SIM3
SIM4
1
21
22
SIM5
SIM1
SIM2
SIM3
SIM4
1
21
22
SIM5
SIM1
SIM2
SIM3
SIM4
1
21
22
SIM5
SIM1
SIM2
SIM3
SIM4
1
21
22
SIM5
SIM1
SIM2
SIM3
SIM4
1
21
22
SIM5
SIM1
SIM2
SIM3
SIM4
1
21
22
SIM5
SIM1
SIM2
SIM3
SIM4
1
21
22
SIM5
SIM1
SIM2
SIM3
SIM4
1
21
22
SIM5
SIM1
SIM2
SIM3
SIM4
1
21
22
SIM5
SIM1
SIM2
SIM3
SIM4
1
21
22
SIM5
SIM1
SIM2
SIM3
SIM4
1
21
22
SIM5
SIM1
SIM2
SIM3
SIM4
1
21
22
SIM5
SIM1
SIM2
SIM3
SIM4
1
21
22
SIM5
SIM1
SIM2
SIM3
SIM4
1
21
22
SIM5
SIM1
SIM2
SIM3
SIM4
1
21
22
SIM5
SIM1
SIM2
SIM3
SIM4
1
21
22
SIM5
SIM1
SIM2
SIM3
SIM4
1
21
22
SIM5
SIM1
SIM2
SIM3
SIM4
1
21
22
SIM5
SIM1
SIM2
SIM3
SIM4
1
21
22
SIM5
SIM1
SIM2
SIM3
SIM4
1
21
22
SIM5
SIM1
SIM2
SIM3
SIM4
1
21
22
SIM5
SIM1
SIM2
SIM3
SIM4
1
21
22
SIM5
SIM1
SIM2
SIM3
SIM4
1
21
22
SIM5
SIM1
SIM2
SIM3
SIM4
1
21
22
SIM5
SIM1
SIM2
SIM3
SIM4
1
21
22
SIM5
SIM1
SIM2
SIM3
SIM4
1
21
22
SIM5
SIM1
SIM2
SIM3
SIM4
1
21
22
SIM5
SIM1
SIM2
SIM3
SIM4
1
21
22
SIM5
SIM1
SIM2
SIM3
SIM4
1
21
22
SIM5
SIM1
SIM2
SIM3
SIM4
1
21
22
SIM5
SIM1
SIM2
SIM3
SIM4
1
21
22
SIM5
SIM1
SIM2
SIM3
SIM4
1
21
22
SIM5
SIM1
SIM2
SIM3
SIM4
1
21
22
SIM5
SIM1
SIM2
SIM3
SIM4
1
21
22
SIM5
SIM1
SIM2
SIM3
SIM4
1
21
22
SIM5
SIM1
SIM2
SIM3
SIM4
1
21
22
SIM5
SIM1
SIM2
SIM3
SIM4
1
21
22
SIM5
SIM1
SIM2
SIM3
SIM4
1
21
22
SIM5
SIM1
SIM2
SIM3
SIM4
1
21
22
SIM5
SIM1
SIM2
SIM3
SIM4
1
21
22
SIM5
SIM1
SIM2
SIM3
SIM4
1
21
22
SIM5
SIM1
SIM2
SIM3
SIM4
1
21
22
SIM5
SIM1
SIM2
SIM3
SIM4
1
21
22
SIM5
SIM1
SIM2
SIM3
SIM4
1
21
22
SIM5
SIM1
SIM2
SIM3
SIM4
1
21
22
SIM5
SIM1
SIM2
SIM3
SIM4
1
21
22
SIM5
SIM1
SIM2
SIM3
SIM4
1
21
22
SIM5
SIM1
SIM2
SIM3
SIM4
1
21
22
SIM5
SIM1
SIM2
SIM3
SIM4
1
21
22
SIM5
SIM1
SIM2
SIM3
SIM4
1
21
22
SIM5
SIM1
SIM2
SIM3
SIM4
1
21
22
SIM5
SIM1
SIM2
SIM3
SIM4
1
21
22
SIM5
SIM1
SIM2
SIM3
SIM4
1
21
22
SIM5
SIM1
SIM2
SIM3
SIM4
1
21
22
SIM5
SIM1
SIM2
SIM3
SIM4
1
21
22
SIM5
SIM1
SIM2
DEBUG 1 927
SIM1
SIM2
SIM3
SIM4
1
21
22
SIM5
SIM1
SIM2
SIM3
SIM4
1
21
22
SIM5
SIM1
SIM2
SIM3
SIM4
1
21
22
SIM5
SIM1
SIM2
SIM3
SIM4
1
21
22
SIM5
SIM1
SIM2
SIM3
SIM4
1
21
22
SIM5
SIM1
SIM2
SIM3
SIM4
1
21
22
SIM5
SIM1
SIM2
SIM3
SIM4
1
21
22
SIM5
SIM1
SIM2
SIM3
SIM4
1
21
22
SIM5
SIM1
SIM2
SIM3
SIM4
1
21
22
SIM5
SIM1
SIM2
SIM3
SIM4
1
21
22
SIM5
SIM1
SIM2
SIM3
SIM4
1
21
22
SIM5
SIM1
SIM2
SIM3
SIM4
1
21
22
SIM5
SIM1
SIM2
SIM3
SIM4
1
21
22
SIM5
SIM1
SIM2
SIM3
SIM4
1
21
22
SIM5
SIM1
SIM2
SIM3
SIM4
1
21
22
SIM5
SIM1
SIM2
SIM3
SIM4
1
21
22
SIM5
SIM1
SIM2
SIM3
SIM4
1
21
22
SIM5
SIM1
SIM2
SIM3
SIM4
1
21
22
SIM5
SIM1
SIM2
SIM3
SIM4
1
21
22
SIM5
SIM1
SIM2
SIM3
SIM4
1
21
22
SIM5
SIM1
SIM2
SIM3
SIM4
1
21
22
SIM5
SIM1
SIM2
SIM3
SIM4
1
21
22
SIM5
SIM1
SIM2
SIM3
SIM4
1
21
22
SIM5
SIM1
SIM2
SIM3
SIM4
1
21
22
SIM5
SIM1
SIM2
SIM3
SIM4
1
21
22
SIM5
SIM1
SIM2
SIM3
SIM4
1
21
22
SIM5
SIM1
SIM2
SIM3
SIM4
1
21
22
SIM5
SIM1
SIM2
SIM3
SIM4
1
21
22
SIM5
SIM1
SIM2
SIM3
SIM4
1
21
22
SIM5
SIM1
SIM2
SIM3
SIM4
1
21
22
SIM5
SIM1
SIM2
SIM3
SIM4
1
21
22
SIM5
SIM1
SIM2
SIM3
SIM4
1
21
22
SIM5
SIM1
SIM2
SIM3
SIM4
1
21
22
SIM5
SIM1
SIM2
SIM3
SIM4
1
21
22
SIM5
SIM1
SIM2
SIM3
SIM4
1
21
22
SIM5
SIM1
SIM2
SIM3
SIM4
1
21
22
SIM5
SIM1
SIM2
SIM3
SIM4
1
21
22
SIM5
SIM1
SIM2
SIM3
SIM4
1
21
22
SIM5
SIM1
SIM2
SIM3
SIM4
1
21
22
SIM5
SIM1
SIM2
SIM3
SIM4
1
21
22
SIM5
SIM1
SIM2
SIM3
SIM4
1
21
22
SIM5
SIM1
SIM2
SIM3
SIM4
1
21
22
SIM5
SIM1
SIM2
SIM3
SIM4
1
21
22
SIM5
SIM1
SIM2
SIM3
SIM4
1
21
22
SIM5
SIM1
SIM2
SIM3
SIM4
1
21
22
SIM5
SIM1
SIM2
SIM3
SIM4
1
21
22
SIM5
SIM1
SIM2
SIM3
SIM4
1
21
22
SIM5
SIM1
SIM2
SIM3
SIM4
1
21
22
SIM5
SIM1
SIM2
SIM3
SIM4
1
21
22
SIM5
SIM1
SIM2
SIM3
SIM4
1
21
22
SIM5
SIM1
SIM2
SIM3
SIM4
1
21
22
SIM5
SIM1
SIM2
SIM3
SIM4
1
21
22
SIM5
SIM1
SIM2
SIM3
SIM4
1
21
22
SIM5
SIM1
SIM2
SIM3
SIM4
1
21
22
SIM5
SIM1
SIM2
SIM3
SIM4
1
21
22
SIM5
SIM1
SIM2
SIM3
SIM4
1
21
22
SIM5
SIM1
SIM2
SIM3
SIM4
1
21
22
SIM5
SIM1
SIM2
SIM3
SIM4
1
21
22
SIM5
SIM1
SIM2
SIM3
SIM4
1
21
22
SIM5
SIM1
SIM2
SIM3
SIM4
1
21
22
SIM5
SIM1
SIM2
SIM3
SIM4
1
21
22
SIM5
SIM1
SIM2
SIM3
SIM4
1
21
22
SIM5
SIM1
SIM2
SIM3
SIM4
1
21
22
SIM5
SIM1
SIM2
SIM3
SIM4
1
21
22
SIM5
SIM1
SIM2
SIM3
SIM4
1
21
22
SIM5
SIM1
SIM2
SIM3
SIM4
1
21
22
SIM5
SIM1
SIM2
SIM3
SIM4
1
21
22
SIM5
SIM1
SIM2
SIM3
SIM4
1
21
22
SIM5
SIM1
SIM2
SIM3
SIM4
1
21
22
SIM5
SIM1
SIM2
SIM3
SIM4
1
21
22
SIM5
SIM1
SIM2
SIM3
SIM4
1
21
22
SIM5
SIM1
SIM2
SIM3
SIM4
1
21
22
SIM5
SIM1
SIM2
SIM3
SIM4
1
21
22
SIM5
SIM1
SIM2
SIM3
SIM4
1
21
22
SIM5
SIM1
SIM2
SIM3
SIM4
1
21
22
SIM5
SIM1
SIM2
SIM3
SIM4
1
21
22
SIM5
SIM1
SIM2
SIM3
SIM4
1
21
22
SIM5
SIM1
SIM2
SIM3
SIM4
1
21
22
SIM5
SIM1
SIM2
SIM3
SIM4
1
21
22
SIM5
SIM1
SIM2
SIM3
SIM4
1
21
22
SIM5
SIM1
SIM2
SIM3
SIM4
1
21
22
SIM5
SIM1
SIM2
SIM3
SIM4
1
21
22
SIM5
SIM1
SIM2
SIM3
SIM4
1
21
22
SIM5
SIM1
SIM2
SIM3
SIM4
1
21
22
SIM5
SIM1
SIM2
SIM3
SIM4
1
21
22
SIM5
SIM1
SIM2
SIM3
SIM4
1
21
22
SIM5
SIM1
SIM2
SIM3
SIM4
1
21
22
SIM5
SIM1
SIM2
SIM3
SIM4
1
21
22
SIM5
SIM1
SIM2
SIM3
SIM4
1
21
22
SIM5
SIM1
SIM2
SIM3
SIM4
1
21
22
SIM5
SIM1
SIM2
SIM3
SIM4
1
21
22
SIM5
SIM1
SIM2
SIM3
SIM4
1
21
22
SIM5
SIM1
SIM2
SIM3
SIM4
1
21
22
SIM5
SIM1
SIM2
SIM3
SIM4
1
21
22
SIM5
SIM1
SIM2
SIM3
SIM4
1
21
22
SIM5
SIM1
SIM2
SIM3
SIM4
1
21
22
SIM5
SIM1
SIM2
SIM3
SIM4
1
21
22
SIM5
SIM1
SIM2
SIM3
SIM4
1
21
22
SIM5
SIM1
SIM2
SIM3
SIM4
1
21
22
SIM5
SIM1
SIM2
SIM3
SIM4
1
21
22
SIM5
SIM1
SIM2
SIM3
SIM4
1
21
22
SIM5
SIM1
SIM2
SIM3
SIM4
1
21
22
SIM5
SIM1
SIM2
SIM3
SIM4
1
21
22
SIM5
SIM1
SIM2
SIM3
SIM4
1
21
22
SIM5
SIM1
SIM2
SIM3
SIM4
1
21
22
SIM5
SIM1
SIM2
SIM3
SIM4
1
21
22
SIM5
SIM1
SIM2
SIM3
SIM4
1
21
22
SIM5
SIM1
SIM2
SIM3
SIM4
1
21
22
SIM5
SIM1
SIM2
SIM3
SIM4
1
21
22
SIM5
SIM1
SIM2
SIM3
SIM4
1
21
22
SIM5
SIM1
SIM2
SIM3
SIM4
1
21
22
SIM5
SIM1
SIM2
SIM3
SIM4
1
21
22
SIM5
SIM1
SIM2
SIM3
SIM4
1
21
22
SIM5
SIM1
SIM2
SIM3
SIM4
1
21
22
SIM5
SIM1
SIM2
SIM3
SIM4
1
21
22
SIM5
SIM1
SIM2
SIM3
SIM4
1
21
22
SIM5
SIM1
SIM2
SIM3
SIM4
1
21
22
SIM5
SIM1
SIM2
SIM3
SIM4
1
21
22
SIM5
SIM1
SIM2
SIM3
SIM4
1
21
22
SIM5
SIM1
SIM2
SIM3
SIM4
1
21
22
SIM5
SIM1
SIM2
SIM3
SIM4
1
21
22
SIM5
SIM1
SIM2
SIM3
SIM4
1
21
22
SIM5
SIM1
SIM2
SIM3
SIM4
1
21
22
SIM5
SIM1
SIM2
SIM3
SIM4
1
21
22
SIM5
SIM1
SIM2
SIM3
SIM4
1
21
22
SIM5
SIM1
SIM2
SIM3
SIM4
1
21
22
SIM5
SIM1
SIM2
SIM3
SIM4
1
21
22
SIM5
SIM1
SIM2
SIM3
SIM4
1
21
22
SIM5
SIM1
SIM2
SIM3
SIM4
1
21
22
SIM5
SIM1
SIM2
SIM3
SIM4
1
21
22
SIM5
SIM1
SIM2
SIM3
SIM4
1
21
22
SIM5
SIM1
SIM2
SIM3
SIM4
1
21
22
SIM5
SIM1
SIM2
SIM3
SIM4
1
21
22
SIM5
SIM1
SIM2
SIM3
SIM4
1
21
22
SIM5
SIM1
SIM2
SIM3
SIM4
1
21
22
SIM5
SIM1
SIM2
SIM3
SIM4
1
21
22
SIM5
SIM1
SIM2
SIM3
SIM4
1
21
22
SIM5
SIM1
SIM2
SIM3
SIM4
1
21
22
SIM5
SIM1
SIM2
SIM3
SIM4
1
21
22
SIM5
SIM1
SIM2
SIM3
SIM4
1
21
22
SIM5
SIM1
SIM2
SIM3
SIM4
1
21
22
SIM5
SIM1
SIM2
SIM3
SIM4
1
21
22
SIM5
SIM1
SIM2
SIM3
SIM4
1
21
22
SIM5
SIM1
SIM2
SIM3
SIM4
1
21
22
SIM5
SIM1
SIM2
SIM3
SIM4
1
21
22
SIM5
SIM1
SIM2
SIM3
SIM4
1
21
22
SIM5
SIM1
SIM2
SIM3
SIM4
1
21
22
SIM5
SIM1
SIM2
SIM3
SIM4
1
21
22
SIM5
SIM1
SIM2
SIM3
SIM4
1
21
22
SIM5
SIM1
SIM2
SIM3
SIM4
1
21
22
SIM5
SIM1
SIM2
SIM3
SIM4
1
21
22
SIM5
SIM1
SIM2
SIM3
SIM4
1
21
22
SIM5
SIM1
SIM2
SIM3
SIM4
1
21
22
SIM5
SIM1
SIM2
SIM3
SIM4
1
21
22
SIM5
SIM1
SIM2
SIM3
SIM4
1
21
22
SIM5
SIM1
SIM2
SIM3
SIM4
1
21
22
SIM5
SIM1
SIM2
SIM3
SIM4
1
21
22
SIM5
SIM1
SIM2
SIM3
SIM4
1
21
22
SIM5
SIM1
SIM2
SIM3
SIM4
1
21
22
SIM5
SIM1
SIM2
SIM3
SIM4
1
21
22
SIM5
SIM1
SIM2
SIM3
SIM4
1
21
22
SIM5
SIM1
SIM2
SIM3
SIM4
1
21
22
SIM5
SIM1
SIM2
SIM3
SIM4
1
21
22
SIM5
SIM1
SIM2
SIM3
SIM4
1
21
22
SIM5
SIM1
SIM2
SIM3
SIM4
1
21
22
SIM5
SIM1
SIM2
SIM3
SIM4
1
21
22
SIM5
SIM1
SIM2
SIM3
SIM4
1
21
22
SIM5
SIM1
SIM2
SIM3
SIM4
1
21
22
SIM5
SIM1
SIM2
SIM3
SIM4
1
21
22
SIM5
SIM1
SIM2
SIM3
SIM4
1
21
22
SIM5
SIM1
SIM2
SIM3
SIM4
1
21
22
SIM5
SIM1
SIM2
SIM3
SIM4
1
21
22
SIM5
SIM1
SIM2
SIM3
SIM4
1
21
22
SIM5
SIM1
SIM2
SIM3
SIM4
1
21
22
SIM5
SIM1
SIM2
SIM3
SIM4
1
21
22
SIM5
SIM1
SIM2
SIM3
SIM4
1
21
22
SIM5
SIM1
SIM2
SIM3
SIM4
1
21
22
SIM5
SIM1
SIM2
SIM3
SIM4
1
21
22
SIM5
SIM1
SIM2
SIM3
SIM4
1
21
22
SIM5
SIM1
SIM2
SIM3
SIM4
1
21
22
SIM5
SIM1
SIM2
DEBUG 1 928
SIM1
SIM2
SIM3
SIM4
1
21
22
SIM5
SIM1
SIM2
SIM3
SIM4
1
21
22
SIM5
SIM1
SIM2
SIM3
SIM4
1
21
22
SIM5
SIM1
SIM2
SIM3
SIM4
1
21
22
SIM5
SIM1
SIM2
SIM3
SIM4
1
21
22
SIM5
SIM1
SIM2
SIM3
SIM4
1
21
22
SIM5
SIM1
SIM2
SIM3
SIM4
1
21
22
SIM5
SIM1
SIM2
SIM3
SIM4
1
21
22
SIM5
SIM1
SIM2
SIM3
SIM4
1
21
22
SIM5
SIM1
SIM2
SIM3
SIM4
1
21
22
SIM5
SIM1
SIM2
SIM3
SIM4
1
21
22
SIM5
SIM1
SIM2
SIM3
SIM4
1
21
22
SIM5
SIM1
SIM2
SIM3
SIM4
1
21
22
SIM5
SIM1
SIM2
SIM3
SIM4
1
21
22
SIM5
SIM1
SIM2
SIM3
SIM4
1
21
22
SIM5
SIM1
SIM2
SIM3
SIM4
1
21
22
SIM5
SIM1
SIM2
SIM3
SIM4
1
21
22
SIM5
SIM1
SIM2
SIM3
SIM4
1
21
22
SIM5
SIM1
SIM2
SIM3
SIM4
1
21
22
SIM5
SIM1
SIM2
SIM3
SIM4
1
21
22
SIM5
SIM1
SIM2
SIM3
SIM4
1
21
22
SIM5
SIM1
SIM2
SIM3
SIM4
1
21
22
SIM5
SIM1
SIM2
SIM3
SIM4
1
21
22
SIM5
SIM1
SIM2
SIM3
SIM4
1
21
22
SIM5
SIM1
SIM2
SIM3
SIM4
1
21
22
SIM5
SIM1
SIM2
SIM3
SIM4
1
21
22
SIM5
SIM1
SIM2
SIM3
SIM4
1
21
22
SIM5
SIM1
SIM2
SIM3
SIM4
1
21
22
SIM5
SIM1
SIM2
SIM3
SIM4
1
21
22
SIM5
SIM1
SIM2
SIM3
SIM4
1
21
22
SIM5
SIM1
SIM2
SIM3
SIM4
1
21
22
SIM5
SIM1
SIM2
SIM3
SIM4
1
21
22
SIM5
SIM1
SIM2
SIM3
SIM4
1
21
22
SIM5
SIM1
SIM2
SIM3
SIM4
1
21
22
SIM5
SIM1
SIM2
SIM3
SIM4
1
21
22
SIM5
SIM1
SIM2
SIM3
SIM4
1
21
22
SIM5
SIM1
SIM2
SIM3
SIM4
1
21
22
SIM5
SIM1
SIM2
SIM3
SIM4
1
21
22
SIM5
SIM1
SIM2
SIM3
SIM4
1
21
22
SIM5
SIM1
SIM2
SIM3
SIM4
1
21
22
SIM5
SIM1
SIM2
SIM3
SIM4
1
21
22
SIM5
SIM1
SIM2
SIM3
SIM4
1
21
22
SIM5
SIM1
SIM2
SIM3
SIM4
1
21
22
SIM5
SIM1
SIM2
SIM3
SIM4
1
21
22
SIM5
SIM1
SIM2
SIM3
SIM4
1
21
22
SIM5
SIM1
SIM2
SIM3
SIM4
1
21
22
SIM5
SIM1
SIM2
SIM3
SIM4
1
21
22
SIM5
SIM1
SIM2
SIM3
SIM4
1
21
22
SIM5
SIM1
SIM2
SIM3
SIM4
1
21
22
SIM5
SIM1
SIM2
SIM3
SIM4
1
21
22
SIM5
SIM1
SIM2
SIM3
SIM4
1
21
22
SIM5
SIM1
SIM2
SIM3
SIM4
1
21
22
SIM5
SIM1
SIM2
SIM3
SIM4
1
21
22
SIM5
SIM1
SIM2
SIM3
SIM4
1
21
22
SIM5
SIM1
SIM2
SIM3
SIM4
1
21
22
SIM5
SIM1
SIM2
SIM3
SIM4
1
21
22
SIM5
SIM1
SIM2
SIM3
SIM4
1
21
22
SIM5
SIM1
SIM2
SIM3
SIM4
1
21
22
SIM5
SIM1
SIM2
SIM3
SIM4
1
21
22
SIM5
SIM1
SIM2
SIM3
SIM4
1
21
22
SIM5
SIM1
SIM2
SIM3
SIM4
1
21
22
SIM5
SIM1
SIM2
SIM3
SIM4
1
21
22
SIM5
SIM1
SIM2
SIM3
SIM4
1
21
22
SIM5
SIM1
SIM2
SIM3
SIM4
1
21
22
SIM5
SIM1
SIM2
SIM3
SIM4
1
21
22
SIM5
SIM1
SIM2
SIM3
SIM4
1
21
22
SIM5
SIM1
SIM2
SIM3
SIM4
1
21
22
SIM5
SIM1
SIM2
SIM3
SIM4
1
21
22
SIM5
SIM1
SIM2
SIM3
SIM4
1
21
22
SIM5
SIM1
SIM2
SIM3
SIM4
1
21
22
SIM5
SIM1
SIM2
SIM3
SIM4
1
21
22
SIM5
SIM1
SIM2
SIM3
SIM4
1
21
22
SIM5
SIM1
SIM2
SIM3
SIM4
1
21
22
SIM5
SIM1
SIM2
SIM3
SIM4
1
21
22
SIM5
SIM1
SIM2
SIM3
SIM4
1
21
22
SIM5
SIM1
SIM2
SIM3
SIM4
1
21
22
SIM5
SIM1
SIM2
SIM3
SIM4
1
21
22
SIM5
SIM1
SIM2
SIM3
SIM4
1
21
22
SIM5
SIM1
SIM2
SIM3
SIM4
1
21
22
SIM5
SIM1
SIM2
SIM3
SIM4
1
21
22
SIM5
SIM1
SIM2
SIM3
SIM4
1
21
22
SIM5
SIM1
SIM2
SIM3
SIM4
1
21
22
SIM5
SIM1
SIM2
SIM3
SIM4
1
21
22
SIM5
SIM1
SIM2
SIM3
SIM4
1
21
22
SIM5
SIM1
SIM2
SIM3
SIM4
1
21
22
SIM5
SIM1
SIM2
SIM3
SIM4
1
21
22
SIM5
SIM1
SIM2
SIM3
SIM4
1
21
22
SIM5
SIM1
SIM2
SIM3
SIM4
1
21
22
SIM5
SIM1
SIM2
SIM3
SIM4
1
21
22
SIM5
SIM1
SIM2
SIM3
SIM4
1
21
22
SIM5
SIM1
SIM2
SIM3
SIM4
1
21
22
SIM5
SIM1
SIM2
SIM3
SIM4
1
21
22
SIM5
SIM1
SIM2
SIM3
SIM4
1
21
22
SIM5
SIM1
SIM2
SIM3
SIM4
1
21
22
SIM5
SIM1
SIM2
SIM3
SIM4
1
21
22
SIM5
SIM1
SIM2
SIM3
SIM4
1
21
22
SIM5
SIM1
SIM2
SIM3
SIM4
1
21
22
SIM5
SIM1
SIM2
SIM3
SIM4
1
21
22
SIM5
SIM1
SIM2
SIM3
SIM4
1
21
22
SIM5
SIM1
SIM2
SIM3
SIM4
1
21
22
SIM5
SIM1
SIM2
SIM3
SIM4
1
21
22
SIM5
SIM1
SIM2
SIM3
SIM4
1
21
22
SIM5
SIM1
SIM2
SIM3
SIM4
1
21
22
SIM5
SIM1
SIM2
SIM3
SIM4
1
21
22
SIM5
SIM1
SIM2
SIM3
SIM4
1
21
22
SIM5
SIM1
SIM2
SIM3
SIM4
1
21
22
SIM5
SIM1
SIM2
SIM3
SIM4
1
21
22
SIM5
SIM1
SIM2
SIM3
SIM4
1
21
22
SIM5
SIM1
SIM2
SIM3
SIM4
1
21
22
SIM5
SIM1
SIM2
SIM3
SIM4
1
21
22
SIM5
SIM1
SIM2
DEBUG 1 929
SIM1
SIM2
SIM3
SIM4
1
21
22
SIM5
SIM1
SIM2
SIM3
SIM4
1
21
22
SIM5
SIM1
SIM2
SIM3
SIM4
1
21
22
SIM5
SIM1
SIM2
SIM3
SIM4
1
21
22
SIM5
SIM1
SIM2
SIM3
SIM4
1
21
22
SIM5
SIM1
SIM2
SIM3
SIM4
1
21
22
SIM5
SIM1
SIM2
SIM3
SIM4
1
21
22
SIM5
SIM1
SIM2
SIM3
SIM4
1
21
22
SIM5
SIM1
SIM2
SIM3
SIM4
1
21
22
SIM5
SIM1
SIM2
SIM3
SIM4
1
21
22
SIM5
SIM1
SIM2
SIM3
SIM4
1
21
22
SIM5
SIM1
SIM2
SIM3
SIM4
1
21
22
SIM5
SIM1
SIM2
SIM3
SIM4
1
21
22
SIM5
SIM1
SIM2
SIM3
SIM4
1
21
22
SIM5
SIM1
SIM2
SIM3
SIM4
1
21
22
SIM5
SIM1
SIM2
SIM3
SIM4
1
21
22
SIM5
SIM1
SIM2
SIM3
SIM4
1
21
22
SIM5
SIM1
SIM2
SIM3
SIM4
1
21
22
SIM5
SIM1
SIM2
SIM3
SIM4
1
21
22
SIM5
SIM1
SIM2
SIM3
SIM4
1
21
22
SIM5
SIM1
SIM2
SIM3
SIM4
1
21
22
SIM5
SIM1
SIM2
SIM3
SIM4
1
21
22
SIM5
SIM1
SIM2
SIM3
SIM4
1
21
22
SIM5
SIM1
SIM2
SIM3
SIM4
1
21
22
SIM5
SIM1
SIM2
SIM3
SIM4
1
21
22
SIM5
SIM1
SIM2
SIM3
SIM4
1
21
22
SIM5
SIM1
SIM2
SIM3
SIM4
1
21
22
SIM5
SIM1
SIM2
SIM3
SIM4
1
21
22
SIM5
SIM1
SIM2
SIM3
SIM4
1
21
22
SIM5
SIM1
SIM2
SIM3
SIM4
1
21
22
SIM5
SIM1
SIM2
SIM3
SIM4
1
21
22
SIM5
SIM1
SIM2
SIM3
SIM4
1
21
22
SIM5
SIM1
SIM2
SIM3
SIM4
1
21
22
SIM5
SIM1
SIM2
SIM3
SIM4
1
21
22
SIM5
SIM1
SIM2
SIM3
SIM4
1
21
22
SIM5
SIM1
SIM2
SIM3
SIM4
1
21
22
SIM5
SIM1
SIM2
SIM3
SIM4
1
21
22
SIM5
SIM1
SIM2
SIM3
SIM4
1
21
22
SIM5
SIM1
SIM2
SIM3
SIM4
1
21
22
SIM5
SIM1
SIM2
SIM3
SIM4
1
21
22
SIM5
SIM1
SIM2
SIM3
SIM4
1
21
22
SIM5
SIM1
SIM2
SIM3
SIM4
1
21
22
SIM5
SIM1
SIM2
SIM3
SIM4
1
21
22
SIM5
SIM1
SIM2
SIM3
SIM4
1
21
22
SIM5
SIM1
SIM2
SIM3
SIM4
1
21
22
SIM5
SIM1
SIM2
SIM3
SIM4
1
21
22
SIM5
SIM1
SIM2
SIM3
SIM4
1
21
22
SIM5
SIM1
SIM2
SIM3
SIM4
1
21
22
SIM5
SIM1
SIM2
SIM3
SIM4
1
21
22
SIM5
SIM1
SIM2
SIM3
SIM4
1
21
22
SIM5
SIM1
SIM2
SIM3
SIM4
1
21
22
SIM5
SIM1
SIM2
SIM3
SIM4
1
21
22
SIM5
SIM1
SIM2
SIM3
SIM4
1
21
22
SIM5
SIM1
SIM2
SIM3
SIM4
1
21
22
SIM5
SIM1
SIM2
SIM3
SIM4
1
21
22
SIM5
SIM1
SIM2
SIM3
SIM4
1
21
22
SIM5
SIM1
SIM2
SIM3
SIM4
1
21
22
SIM5
SIM1
SIM2
SIM3
SIM4
1
21
22
SIM5
SIM1
SIM2
SIM3
SIM4
1
21
22
SIM5
SIM1
SIM2
SIM3
SIM4
1
21
22
SIM5
SIM1
SIM2
SIM3
SIM4
1
21
22
SIM5
SIM1
SIM2
SIM3
SIM4
1
21
22
SIM5
SIM1
SIM2
SIM3
SIM4
1
21
22
SIM5
SIM1
SIM2
SIM3
SIM4
1
21
22
SIM5
SIM1
SIM2
SIM3
SIM4
1
21
22
SIM5
SIM1
SIM2
SIM3
SIM4
1
21
22
SIM5
SIM1
SIM2
SIM3
SIM4
1
21
22
SIM5
SIM1
SIM2
SIM3
SIM4
1
21
22
SIM5
SIM1
SIM2
SIM3
SIM4
1
21
22
SIM5
SIM1
SIM2
SIM3
SIM4
1
21
22
SIM5
SIM1
SIM2
SIM3
SIM4
1
21
22
SIM5
SIM1
SIM2
SIM3
SIM4
1
21
22
SIM5
SIM1
SIM2
SIM3
SIM4
1
21
22
SIM5
SIM1
SIM2
SIM3
SIM4
1
21
22
SIM5
SIM1
SIM2
SIM3
SIM4
1
21
22
SIM5
SIM1
SIM2
SIM3
SIM4
1
21
22
SIM5
SIM1
SIM2
SIM3
SIM4
1
21
22
SIM5
SIM1
SIM2
SIM3
SIM4
1
21
22
SIM5
SIM1
SIM2
SIM3
SIM4
1
21
22
SIM5
SIM1
SIM2
SIM3
SIM4
1
21
22
SIM5
SIM1
SIM2
SIM3
SIM4
1
21
22
SIM5
SIM1
SIM2
SIM3
SIM4
1
21
22
SIM5
SIM1
SIM2
SIM3
SIM4
1
21
22
SIM5
SIM1
SIM2
SIM3
SIM4
1
21
22
SIM5
SIM1
SIM2
SIM3
SIM4
1
21
22
SIM5
SIM1
SIM2
SIM3
SIM4
1
21
22
SIM5
SIM1
SIM2
SIM3
SIM4
1
21
22
SIM5
SIM1
SIM2
SIM3
SIM4
1
21
22
SIM5
SIM1
SIM2
SIM3
SIM4
1
21
22
SIM5
SIM1
SIM2
SIM3
SIM4
1
21
22
SIM5
SIM1
SIM2
SIM3
SIM4
1
21
22
SIM5
SIM1
SIM2
SIM3
SIM4
1
21
22
SIM5
SIM1
SIM2
SIM3
SIM4
1
21
22
SIM5
SIM1
SIM2
SIM3
SIM4
1
21
22
SIM5
SIM1
SIM2
SIM3
SIM4
1
21
22
SIM5
SIM1
SIM2
SIM3
SIM4
1
21
22
SIM5
SIM1
SIM2
SIM3
SIM4
1
21
22
SIM5
SIM1
SIM2
SIM3
SIM4
1
21
22
SIM5
SIM1
SIM2
SIM3
SIM4
1
21
22
SIM5
SIM1
SIM2
SIM3
SIM4
1
21
22
SIM5
SIM1
SIM2
SIM3
SIM4
1
21
22
SIM5
SIM1
SIM2
SIM3
SIM4
1
21
22
SIM5
SIM1
SIM2
SIM3
SIM4
1
21
22
SIM5
SIM1
SIM2
SIM3
SIM4
1
21
22
SIM5
SIM1
SIM2
SIM3
SIM4
1
21
22
SIM5
SIM1
SIM2
SIM3
SIM4
1
21
22
SIM5
SIM1
SIM2
SIM3
SIM4
1
21
22
SIM5
SIM1
SIM2
SIM3
SIM4
1
21
22
SIM5
SIM1
SIM2
SIM3
SIM4
1
21
22
SIM5
SIM1
SIM2
SIM3
SIM4
1
21
22
SIM5
SIM1
SIM2
SIM3
SIM4
1
21
22
SIM5
SIM1
SIM2
SIM3
SIM4
1
21
22
SIM5
SIM1
SIM2
SIM3
SIM4
1
21
22
SIM5
SIM1
SIM2
SIM3
SIM4
1
21
22
SIM5
SIM1
SIM2
SIM3
SIM4
1
21
22
SIM5
SIM1
SIM2
SIM3
SIM4
1
21
22
SIM5
SIM1
SIM2
SIM3
SIM4
1
21
22
SIM5
SIM1
SIM2
SIM3
SIM4
1
21
22
SIM5
SIM1
SIM2
SIM3
SIM4
1
21
22
SIM5
SIM1
SIM2
SIM3
SIM4
1
21
22
SIM5
SIM1
SIM2
SIM3
SIM4
1
21
22
SIM5
SIM1
SIM2
SIM3
SIM4
1
21
22
SIM5
SIM1
SIM2
SIM3
SIM4
1
21
22
SIM5
SIM1
SIM2
SIM3
SIM4
1
21
22
SIM5
SIM1
SIM2
SIM3
SIM4
1
21
22
SIM5
SIM1
SIM2
SIM3
SIM4
1
21
22
SIM5
SIM1
SIM2
SIM3
SIM4
1
21
22
SIM5
SIM1
SIM2
SIM3
SIM4
1
21
22
SIM5
SIM1
SIM2
SIM3
SIM4
1
21
22
SIM5
SIM1
SIM2
SIM3
SIM4
1
21
22
SIM5
SIM1
SIM2
SIM3
SIM4
1
21
22
SIM5
SIM1
SIM2
SIM3
SIM4
1
21
22
SIM5
SIM1
SIM2
SIM3
SIM4
1
21
22
SIM5
SIM1
SIM2
SIM3
SIM4
1
21
22
SIM5
SIM1
SIM2
SIM3
SIM4
1
21
22
SIM5
SIM1
SIM2
SIM3
SIM4
1
21
22
SIM5
SIM1
SIM2
SIM3
SIM4
1
21
22
SIM5
SIM1
SIM2
SIM3
SIM4
1
21
22
SIM5
SIM1
SIM2
SIM3
SIM4
1
21
22
SIM5
SIM1
SIM2
SIM3
SIM4
1
21
22
SIM5
SIM1
SIM2
SIM3
SIM4
1
21
22
SIM5
SIM1
SIM2
SIM3
SIM4
1
21
22
SIM5
SIM1
SIM2
SIM3
SIM4
1
21
22
SIM5
SIM1
SIM2
SIM3
SIM4
1
21
22
SIM5
SIM1
SIM2
SIM3
SIM4
1
21
22
SIM5
SIM1
SIM2
SIM3
SIM4
1
21
22
SIM5
SIM1
SIM2
SIM3
SIM4
1
21
22
SIM5
SIM1
SIM2
SIM3
SIM4
1
21
22
SIM5
SIM1
SIM2
SIM3
SIM4
1
21
22
SIM5
SIM1
SIM2
SIM3
SIM4
1
21
22
SIM5
SIM1
SIM2
SIM3
SIM4
1
21
22
SIM5
SIM1
SIM2
SIM3
SIM4
1
21
22
SIM5
SIM1
SIM2
SIM3
SIM4
1
21
22
SIM5
SIM1
SIM2
SIM3
SIM4
1
21
22
SIM5
SIM1
SIM2
SIM3
SIM4
1
21
22
SIM5
SIM1
SIM2
SIM3
SIM4
1
21
22
SIM5
SIM1
SIM2
SIM3
SIM4
1
21
22
SIM5
SIM1
SIM2
SIM3
SIM4
1
21
22
SIM5
SIM1
SIM2
SIM3
SIM4
1
21
22
SIM5
SIM1
SIM2
SIM3
SIM4
1
21
22
SIM5
SIM1
SIM2
SIM3
SIM4
1
21
22
SIM5
SIM1
SIM2
SIM3
SIM4
1
21
22
SIM5
SIM1
SIM2
SIM3
SIM4
1
21
22
SIM5
SIM1
SIM2
SIM3
SIM4
1
21
22
SIM5
SIM1
SIM2
SIM3
SIM4
1
21
22
SIM5
SIM1
SIM2
SIM3
SIM4
1
21
22
SIM5
SIM1
SIM2
SIM3
SIM4
1
21
22
SIM5
SIM1
SIM2
SIM3
SIM4
1
21
22
SIM5
SIM1
SIM2
SIM3
SIM4
1
21
22
SIM5
SIM1
SIM2
SIM3
SIM4
1
21
22
SIM5
SIM1
SIM2
SIM3
SIM4
1
21
22
SIM5
SIM1
SIM2
SIM3
SIM4
1
21
22
SIM5
SIM1
SIM2
SIM3
SIM4
1
21
22
SIM5
SIM1
SIM2
SIM3
SIM4
1
21
22
SIM5
SIM1
SIM2
SIM3
SIM4
1
21
22
SIM5
SIM1
SIM2
SIM3
SIM4
1
21
22
SIM5
SIM1
SIM2
SIM3
SIM4
1
21
22
SIM5
SIM1
SIM2
SIM3
SIM4
1
21
22
SIM5
SIM1
SIM2
SIM3
SIM4
1
21
22
SIM5
SIM1
SIM2
SIM3
SIM4
1
21
22
SIM5
SIM1
SIM2
SIM3
SIM4
1
21
22
SIM5
SIM1
SIM2
SIM3
SIM4
1
21
22
SIM5
SIM1
SIM2
SIM3
SIM4
1
21
22
SIM5
SIM1
SIM2
SIM3
SIM4
1
21
22
SIM5
SIM1
SIM2
SIM3
SIM4
1
21
22
SIM5
SIM1
SIM2
SIM3
SIM4
1
21
22
SIM5
SIM1
SIM2
SIM3
SIM4
1
21
22
SIM5
SIM1
SIM2
SIM3
SIM4
1
21
22
SIM5
SIM1
SIM2
SIM3
SIM4
1
21
22
SIM5
SIM1
SIM2
SIM3
SIM4
1
21
22
SIM5
SIM1
SIM2
SIM3
SIM4
1
21
22
SIM5
SIM1
SIM2
SIM3
SIM4
1
21
22
SIM5
SIM1
SIM2
SIM3
SIM4
1
21
22
SIM5
SIM1
SIM2
SIM3
SIM4
1
21
22
SIM5
SIM1
SIM2
SIM3
SIM4
1
21
22
SIM5
SIM1
SIM2
SIM3
SIM4
1
21
22
SIM5
SIM1
SIM2
SIM3
SIM4
1
21
22
SIM5
SIM1
SIM2
SIM3
SIM4
1
21
22
SIM5
SIM1
SIM2
SIM3
SIM4
1
21
22
SIM5
SIM1
SIM2
SIM3
SIM4
1
21
22
SIM5
SIM1
SIM2
SIM3
SIM4
1
21
22
SIM5
SIM1
SIM2
SIM3
SIM4
1
21
22
SIM5
SIM1
SIM2
SIM3
SIM4
1
21
22
SIM5
SIM1
SIM2
SIM3
SIM4
1
21
22
SIM5
SIM1
SIM2
SIM3
SIM4
1
21
22
SIM5
SIM1
SIM2
SIM3
SIM4
1
21
22
SIM5
SIM1
SIM2
SIM3
SIM4
1
21
22
SIM5
SIM1
SIM2
SIM3
SIM4
1
21
22
SIM5
SIM1
SIM2
SIM3
SIM4
1
21
22
SIM5
SIM1
SIM2
SIM3
SIM4
1
21
22
SIM5
SIM1
SIM2
DEBUG 1 930
SIM1
SIM2
SIM3
SIM4
1
21
22
SIM5
SIM1
SIM2
SIM3
SIM4
1
21
22
SIM5
SIM1
SIM2
SIM3
SIM4
1
21
22
SIM5
SIM1
SIM2
SIM3
SIM4
1
21
22
SIM5
SIM1
SIM2
SIM3
SIM4
1
21
22
SIM5
SIM1
SIM2
SIM3
SIM4
1
21
22
SIM5
SIM1
SIM2
SIM3
SIM4
1
21
22
SIM5
SIM1
SIM2
SIM3
SIM4
1
21
22
SIM5
SIM1
SIM2
SIM3
SIM4
1
21
22
SIM5
SIM1
SIM2
SIM3
SIM4
1
21
22
SIM5
SIM1
SIM2
SIM3
SIM4
1
21
22
SIM5
SIM1
SIM2
SIM3
SIM4
1
21
22
SIM5
SIM1
SIM2
SIM3
SIM4
1
21
22
SIM5
SIM1
SIM2
SIM3
SIM4
1
21
22
SIM5
SIM1
SIM2
SIM3
SIM4
1
21
22
SIM5
SIM1
SIM2
SIM3
SIM4
1
21
22
SIM5
SIM1
SIM2
SIM3
SIM4
1
21
22
SIM5
SIM1
SIM2
SIM3
SIM4
1
21
22
SIM5
SIM1
SIM2
SIM3
SIM4
1
21
22
SIM5
SIM1
SIM2
SIM3
SIM4
1
21
22
SIM5
SIM1
SIM2
SIM3
SIM4
1
21
22
SIM5
SIM1
SIM2
SIM3
SIM4
1
21
22
SIM5
SIM1
SIM2
SIM3
SIM4
1
21
22
SIM5
SIM1
SIM2
SIM3
SIM4
1
21
22
SIM5
SIM1
SIM2
SIM3
SIM4
1
21
22
SIM5
SIM1
SIM2
SIM3
SIM4
1
21
22
SIM5
SIM1
SIM2
SIM3
SIM4
1
21
22
SIM5
SIM1
SIM2
SIM3
SIM4
1
21
22
SIM5
SIM1
SIM2
SIM3
SIM4
1
21
22
SIM5
SIM1
SIM2
SIM3
SIM4
1
21
22
SIM5
SIM1
SIM2
SIM3
SIM4
1
21
22
SIM5
SIM1
SIM2
SIM3
SIM4
1
21
22
SIM5
SIM1
SIM2
SIM3
SIM4
1
21
22
SIM5
SIM1
SIM2
SIM3
SIM4
1
21
22
SIM5
SIM1
SIM2
SIM3
SIM4
1
21
22
SIM5
SIM1
SIM2
SIM3
SIM4
1
21
22
SIM5
SIM1
SIM2
SIM3
SIM4
1
21
22
SIM5
SIM1
SIM2
SIM3
SIM4
1
21
22
SIM5
SIM1
SIM2
SIM3
SIM4
1
21
22
SIM5
SIM1
SIM2
SIM3
SIM4
1
21
22
SIM5
SIM1
SIM2
SIM3
SIM4
1
21
22
SIM5
SIM1
SIM2
SIM3
SIM4
1
21
22
SIM5
SIM1
SIM2
SIM3
SIM4
1
21
22
SIM5
SIM1
SIM2
SIM3
SIM4
1
21
22
SIM5
SIM1
SIM2
SIM3
SIM4
1
21
22
SIM5
SIM1
SIM2
SIM3
SIM4
1
21
22
SIM5
SIM1
SIM2
SIM3
SIM4
1
21
22
SIM5
SIM1
SIM2
SIM3
SIM4
1
21
22
SIM5
SIM1
SIM2
SIM3
SIM4
1
21
22
SIM5
SIM1
SIM2
SIM3
SIM4
1
21
22
SIM5
SIM1
SIM2
SIM3
SIM4
1
21
22
SIM5
SIM1
SIM2
SIM3
SIM4
1
21
22
SIM5
SIM1
SIM2
SIM3
SIM4
1
21
22
SIM5
SIM1
SIM2
SIM3
SIM4
1
21
22
SIM5
SIM1
SIM2
SIM3
SIM4
1
21
22
SIM5
SIM1
SIM2
SIM3
SIM4
1
21
22
SIM5
SIM1
SIM2
SIM3
SIM4
1
21
22
SIM5
SIM1
SIM2
SIM3
SIM4
1
21
22
SIM5
SIM1
SIM2
SIM3
SIM4
1
21
22
SIM5
SIM1
SIM2
SIM3
SIM4
1
21
22
SIM5
SIM1
SIM2
SIM3
SIM4
1
21
22
SIM5
SIM1
SIM2
SIM3
SIM4
1
21
22
SIM5
SIM1
SIM2
SIM3
SIM4
1
21
22
SIM5
SIM1
SIM2
SIM3
SIM4
1
21
22
SIM5
SIM1
SIM2
SIM3
SIM4
1
21
22
SIM5
SIM1
SIM2
SIM3
SIM4
1
21
22
SIM5
SIM1
SIM2
SIM3
SIM4
1
21
22
SIM5
SIM1
SIM2
SIM3
SIM4
1
21
22
SIM5
SIM1
SIM2
SIM3
SIM4
1
21
22
SIM5
SIM1
SIM2
SIM3
SIM4
1
21
22
SIM5
SIM1
SIM2
SIM3
SIM4
1
21
22
SIM5
SIM1
SIM2
SIM3
SIM4
1
21
22
SIM5
SIM1
SIM2
SIM3
SIM4
1
21
22
SIM5
SIM1
SIM2
SIM3
SIM4
1
21
22
SIM5
SIM1
SIM2
SIM3
SIM4
1
21
22
SIM5
SIM1
SIM2
SIM3
SIM4
1
21
22
SIM5
SIM1
SIM2
SIM3
SIM4
1
21
22
SIM5
SIM1
SIM2
SIM3
SIM4
1
21
22
SIM5
SIM1
SIM2
SIM3
SIM4
1
21
22
SIM5
SIM1
SIM2
SIM3
SIM4
1
21
22
SIM5
SIM1
SIM2
SIM3
SIM4
1
21
22
SIM5
SIM1
SIM2
SIM3
SIM4
1
21
22
SIM5
SIM1
SIM2
SIM3
SIM4
1
21
22
SIM5
SIM1
SIM2
SIM3
SIM4
1
21
22
SIM5
SIM1
SIM2
SIM3
SIM4
1
21
22
SIM5
SIM1
SIM2
SIM3
SIM4
1
21
22
SIM5
SIM1
SIM2
SIM3
SIM4
1
21
22
SIM5
SIM1
SIM2
SIM3
SIM4
1
21
22
SIM5
SIM1
SIM2
SIM3
SIM4
1
21
22
SIM5
SIM1
SIM2
SIM3
SIM4
1
21
22
SIM5
SIM1
SIM2
SIM3
SIM4
1
21
22
SIM5
SIM1
SIM2
SIM3
SIM4
1
21
22
SIM5
SIM1
SIM2
SIM3
SIM4
1
21
22
SIM5
SIM1
SIM2
SIM3
SIM4
1
21
22
SIM5
SIM1
SIM2
SIM3
SIM4
1
21
22
SIM5
SIM1
SIM2
SIM3
SIM4
1
21
22
SIM5
SIM1
SIM2
SIM3
SIM4
1
21
22
SIM5
SIM1
SIM2
SIM3
SIM4
1
21
22
SIM5
SIM1
SIM2
SIM3
SIM4
1
21
22
SIM5
SIM1
SIM2
SIM3
SIM4
1
21
22
SIM5
SIM1
SIM2
SIM3
SIM4
1
21
22
SIM5
SIM1
SIM2
SIM3
SIM4
1
21
22
SIM5
SIM1
SIM2
SIM3
SIM4
1
21
22
SIM5
SIM1
SIM2
SIM3
SIM4
1
21
22
SIM5
SIM1
SIM2
SIM3
SIM4
1
21
22
SIM5
SIM1
SIM2
SIM3
SIM4
1
21
22
SIM5
SIM1
SIM2
SIM3
SIM4
1
21
22
SIM5
SIM1
SIM2
SIM3
SIM4
1
21
22
SIM5
SIM1
SIM2
SIM3
SIM4
1
21
22
SIM5
SIM1
SIM2
SIM3
SIM4
1
21
22
SIM5
SIM1
SIM2
SIM3
SIM4
1
21
22
SIM5
SIM1
SIM2
SIM3
SIM4
1
21
22
SIM5
SIM1
SIM2
SIM3
SIM4
1
21
22
SIM5
SIM1
SIM2
SIM3
SIM4
1
21
22
SIM5
SIM1
SIM2
SIM3
SIM4
1
21
22
SIM5
SIM1
SIM2
SIM3
SIM4
1
21
22
SIM5
SIM1
SIM2
SIM3
SIM4
1
21
22
SIM5
SIM1
SIM2
SIM3
SIM4
1
21
22
SIM5
SIM1
SIM2
SIM3
SIM4
1
21
22
SIM5
SIM1
SIM2
SIM3
SIM4
1
21
22
SIM5
SIM1
SIM2
SIM3
SIM4
1
21
22
SIM5
SIM1
SIM2
SIM3
SIM4
1
21
22
SIM5
SIM1
SIM2
SIM3
SIM4
1
21
22
SIM5
SIM1
SIM2
SIM3
SIM4
1
21
22
SIM5
SIM1
SIM2
SIM3
SIM4
1
21
22
SIM5
SIM1
SIM2
SIM3
SIM4
1
21
22
SIM5
SIM1
SIM2
SIM3
SIM4
1
21
22
SIM5
SIM1
SIM2
SIM3
SIM4
1
21
22
SIM5
SIM1
SIM2
SIM3
SIM4
1
21
22
SIM5
SIM1
SIM2
SIM3
SIM4
1
21
22
SIM5
SIM1
SIM2
SIM3
SIM4
1
21
22
SIM5
SIM1
SIM2
SIM3
SIM4
1
21
22
SIM5
SIM1
SIM2
SIM3
SIM4
1
21
22
SIM5
SIM1
SIM2
SIM3
SIM4
1
21
22
SIM5
SIM1
SIM2
SIM3
SIM4
1
21
22
SIM5
SIM1
SIM2
SIM3
SIM4
1
21
22
SIM5
SIM1
SIM2
SIM3
SIM4
1
21
22
SIM5
SIM1
SIM2
SIM3
SIM4
1
21
22
SIM5
SIM1
SIM2
SIM3
SIM4
1
21
22
SIM5
SIM1
SIM2
SIM3
SIM4
1
21
22
SIM5
SIM1
SIM2
SIM3
SIM4
1
21
22
SIM5
SIM1
SIM2
SIM3
SIM4
1
21
22
SIM5
SIM1
SIM2
SIM3
SIM4
1
21
22
SIM5
SIM1
SIM2
SIM3
SIM4
1
21
22
SIM5
SIM1
SIM2
SIM3
SIM4
1
21
22
SIM5
SIM1
SIM2
SIM3
SIM4
1
21
22
SIM5
SIM1
SIM2
SIM3
SIM4
1
21
22
SIM5
SIM1
SIM2
SIM3
SIM4
1
21
22
SIM5
SIM1
SIM2
SIM3
SIM4
1
21
22
SIM5
SIM1
SIM2
SIM3
SIM4
1
21
22
SIM5
SIM1
SIM2
SIM3
SIM4
1
21
22
SIM5
SIM1
SIM2
SIM3
SIM4
1
21
22
SIM5
SIM1
SIM2
SIM3
SIM4
1
21
22
SIM5
SIM1
SIM2
SIM3
SIM4
1
21
22
SIM5
SIM1
SIM2
SIM3
SIM4
1
21
22
SIM5
SIM1
SIM2
SIM3
SIM4
1
21
22
SIM5
SIM1
SIM2
SIM3
SIM4
1
21
22
SIM5
SIM1
SIM2
SIM3
SIM4
1
21
22
SIM5
SIM1
SIM2
SIM3
SIM4
1
21
22
SIM5
SIM1
SIM2
SIM3
SIM4
1
21
22
SIM5
SIM1
SIM2
SIM3
SIM4
1
21
22
SIM5
SIM1
SIM2
SIM3
SIM4
1
21
22
SIM5
SIM1
SIM2
SIM3
SIM4
1
21
22
SIM5
SIM1
SIM2
SIM3
SIM4
1
21
22
SIM5
SIM1
SIM2
SIM3
SIM4
1
21
22
SIM5
SIM1
SIM2
SIM3
SIM4
1
21
22
SIM5
SIM1
SIM2
SIM3
SIM4
1
21
22
SIM5
SIM1
SIM2
SIM3
SIM4
1
21
22
SIM5
SIM1
SIM2
SIM3
SIM4
1
21
22
SIM5
SIM1
SIM2
SIM3
SIM4
1
21
22
SIM5
SIM1
SIM2
SIM3
SIM4
1
21
22
SIM5
SIM1
SIM2
SIM3
SIM4
1
21
22
SIM5
SIM1
SIM2
SIM3
SIM4
1
21
22
SIM5
SIM1
SIM2
SIM3
SIM4
1
21
22
SIM5
SIM1
SIM2
SIM3
SIM4
1
21
22
SIM5
SIM1
SIM2
SIM3
SIM4
1
21
22
SIM5
SIM1
SIM2
SIM3
SIM4
1
21
22
SIM5
SIM1
SIM2
SIM3
SIM4
1
21
22
SIM5
SIM1
SIM2
DEBUG 1 931
SIM1
SIM2
SIM3
SIM4
1
21
22
SIM5
SIM1
SIM2
SIM3
SIM4
1
21
22
SIM5
SIM1
SIM2
SIM3
SIM4
1
21
22
SIM5
SIM1
SIM2
SIM3
SIM4
1
21
22
SIM5
SIM1
SIM2
SIM3
SIM4
1
21
22
SIM5
SIM1
SIM2
SIM3
SIM4
1
21
22
SIM5
SIM1
SIM2
SIM3
SIM4
1
21
22
SIM5
SIM1
SIM2
SIM3
SIM4
1
21
22
SIM5
SIM1
SIM2
SIM3
SIM4
1
21
22
SIM5
SIM1
SIM2
SIM3
SIM4
1
21
22
SIM5
SIM1
SIM2
SIM3
SIM4
1
21
22
SIM5
SIM1
SIM2
SIM3
SIM4
1
21
22
SIM5
SIM1
SIM2
SIM3
SIM4
1
21
22
SIM5
SIM1
SIM2
SIM3
SIM4
1
21
22
SIM5
SIM1
SIM2
SIM3
SIM4
1
21
22
SIM5
SIM1
SIM2
SIM3
SIM4
1
21
22
SIM5
SIM1
SIM2
SIM3
SIM4
1
21
22
SIM5
SIM1
SIM2
SIM3
SIM4
1
21
22
SIM5
SIM1
SIM2
SIM3
SIM4
1
21
22
SIM5
SIM1
SIM2
SIM3
SIM4
1
21
22
SIM5
SIM1
SIM2
SIM3
SIM4
1
21
22
SIM5
SIM1
SIM2
SIM3
SIM4
1
21
22
SIM5
SIM1
SIM2
SIM3
SIM4
1
21
22
SIM5
SIM1
SIM2
SIM3
SIM4
1
21
22
SIM5
SIM1
SIM2
SIM3
SIM4
1
21
22
SIM5
SIM1
SIM2
SIM3
SIM4
1
21
22
SIM5
SIM1
SIM2
SIM3
SIM4
1
21
22
SIM5
SIM1
SIM2
SIM3
SIM4
1
21
22
SIM5
SIM1
SIM2
SIM3
SIM4
1
21
22
SIM5
SIM1
SIM2
SIM3
SIM4
1
21
22
SIM5
SIM1
SIM2
SIM3
SIM4
1
21
22
SIM5
SIM1
SIM2
SIM3
SIM4
1
21
22
SIM5
SIM1
SIM2
SIM3
SIM4
1
21
22
SIM5
SIM1
SIM2
SIM3
SIM4
1
21
22
SIM5
SIM1
SIM2
SIM3
SIM4
1
21
22
SIM5
SIM1
SIM2
SIM3
SIM4
1
21
22
SIM5
SIM1
SIM2
SIM3
SIM4
1
21
22
SIM5
SIM1
SIM2
SIM3
SIM4
1
21
22
SIM5
SIM1
SIM2
SIM3
SIM4
1
21
22
SIM5
SIM1
SIM2
SIM3
SIM4
1
21
22
SIM5
SIM1
SIM2
SIM3
SIM4
1
21
22
SIM5
SIM1
SIM2
SIM3
SIM4
1
21
22
SIM5
SIM1
SIM2
SIM3
SIM4
1
21
22
SIM5
SIM1
SIM2
SIM3
SIM4
1
21
22
SIM5
SIM1
SIM2
SIM3
SIM4
1
21
22
SIM5
SIM1
SIM2
SIM3
SIM4
1
21
22
SIM5
SIM1
SIM2
SIM3
SIM4
1
21
22
SIM5
SIM1
SIM2
SIM3
SIM4
1
21
22
SIM5
SIM1
SIM2
SIM3
SIM4
1
21
22
SIM5
SIM1
SIM2
SIM3
SIM4
1
21
22
SIM5
SIM1
SIM2
SIM3
SIM4
1
21
22
SIM5
SIM1
SIM2
SIM3
SIM4
1
21
22
SIM5
SIM1
SIM2
SIM3
SIM4
1
21
22
SIM5
SIM1
SIM2
SIM3
SIM4
1
21
22
SIM5
SIM1
SIM2
SIM3
SIM4
1
21
22
SIM5
SIM1
SIM2
SIM3
SIM4
1
21
22
SIM5
SIM1
SIM2
SIM3
SIM4
1
21
22
SIM5
SIM1
SIM2
SIM3
SIM4
1
21
22
SIM5
SIM1
SIM2
SIM3
SIM4
1
21
22
SIM5
SIM1
SIM2
SIM3
SIM4
1
21
22
SIM5
SIM1
SIM2
SIM3
SIM4
1
21
22
SIM5
SIM1
SIM2
SIM3
SIM4
1
21
22
SIM5
SIM1
SIM2
SIM3
SIM4
1
21
22
SIM5
SIM1
SIM2
SIM3
SIM4
1
21
22
SIM5
SIM1
SIM2
SIM3
SIM4
1
21
22
SIM5
SIM1
SIM2
SIM3
SIM4
1
21
22
SIM5
SIM1
SIM2
SIM3
SIM4
1
21
22
SIM5
SIM1
SIM2
SIM3
SIM4
1
21
22
SIM5
SIM1
SIM2
SIM3
SIM4
1
21
22
SIM5
SIM1
SIM2
SIM3
SIM4
1
21
22
SIM5
SIM1
SIM2
SIM3
SIM4
1
21
22
SIM5
SIM1
SIM2
SIM3
SIM4
1
21
22
SIM5
SIM1
SIM2
SIM3
SIM4
1
21
22
SIM5
SIM1
SIM2
SIM3
SIM4
1
21
22
SIM5
SIM1
SIM2
SIM3
SIM4
1
21
22
SIM5
SIM1
SIM2
SIM3
SIM4
1
21
22
SIM5
SIM1
SIM2
SIM3
SIM4
1
21
22
SIM5
SIM1
SIM2
SIM3
SIM4
1
21
22
SIM5
SIM1
SIM2
SIM3
SIM4
1
21
22
SIM5
SIM1
SIM2
SIM3
SIM4
1
21
22
SIM5
SIM1
SIM2
SIM3
SIM4
1
21
22
SIM5
SIM1
SIM2
SIM3
SIM4
1
21
22
SIM5
SIM1
SIM2
SIM3
SIM4
1
21
22
SIM5
SIM1
SIM2
SIM3
SIM4
1
21
22
SIM5
SIM1
SIM2
SIM3
SIM4
1
21
22
SIM5
SIM1
SIM2
SIM3
SIM4
1
21
22
SIM5
SIM1
SIM2
SIM3
SIM4
1
21
22
SIM5
SIM1
SIM2
SIM3
SIM4
1
21
22
SIM5
SIM1
SIM2
SIM3
SIM4
1
21
22
SIM5
SIM1
SIM2
SIM3
SIM4
1
21
22
SIM5
SIM1
SIM2
SIM3
SIM4
1
21
22
SIM5
SIM1
SIM2
SIM3
SIM4
1
21
22
SIM5
SIM1
SIM2
SIM3
SIM4
1
21
22
SIM5
SIM1
SIM2
SIM3
SIM4
1
21
22
SIM5
SIM1
SIM2
SIM3
SIM4
1
21
22
SIM5
SIM1
SIM2
SIM3
SIM4
1
21
22
SIM5
SIM1
SIM2
SIM3
SIM4
1
21
22
SIM5
SIM1
SIM2
SIM3
SIM4
1
21
22
SIM5
SIM1
SIM2
SIM3
SIM4
1
21
22
SIM5
SIM1
SIM2
SIM3
SIM4
1
21
22
SIM5
SIM1
SIM2
SIM3
SIM4
1
21
22
SIM5
SIM1
SIM2
SIM3
SIM4
1
21
22
SIM5
SIM1
SIM2
SIM3
SIM4
1
21
22
SIM5
SIM1
SIM2
SIM3
SIM4
1
21
22
SIM5
SIM1
SIM2
SIM3
SIM4
1
21
22
SIM5
SIM1
SIM2
SIM3
SIM4
1
21
22
SIM5
SIM1
SIM2
SIM3
SIM4
1
21
22
SIM5
SIM1
SIM2
SIM3
SIM4
1
21
22
SIM5
SIM1
SIM2
SIM3
SIM4
1
21
22
SIM5
SIM1
SIM2
SIM3
SIM4
1
21
22
SIM5
SIM1
SIM2
SIM3
SIM4
1
21
22
SIM5
SIM1
SIM2
SIM3
SIM4
1
21
22
SIM5
SIM1
SIM2
SIM3
SIM4
1
21
22
SIM5
SIM1
SIM2
SIM3
SIM4
1
21
22
SIM5
SIM1
SIM2
SIM3
SIM4
1
21
22
SIM5
SIM1
SIM2
SIM3
SIM4
1
21
22
SIM5
SIM1
SIM2
SIM3
SIM4
1
21
22
SIM5
SIM1
SIM2
SIM3
SIM4
1
21
22
SIM5
SIM1
SIM2
SIM3
SIM4
1
21
22
SIM5
SIM1
SIM2
SIM3
SIM4
1
21
22
SIM5
SIM1
SIM2
SIM3
SIM4
1
21
22
SIM5
SIM1
SIM2
SIM3
SIM4
1
21
22
SIM5
SIM1
SIM2
SIM3
SIM4
1
21
22
SIM5
SIM1
SIM2
SIM3
SIM4
1
21
22
SIM5
SIM1
SIM2
SIM3
SIM4
1
21
22
SIM5
SIM1
SIM2
SIM3
SIM4
1
21
22
SIM5
SIM1
SIM2
SIM3
SIM4
1
21
22
SIM5
SIM1
SIM2
SIM3
SIM4
1
21
22
SIM5
SIM1
SIM2
SIM3
SIM4
1
21
22
SIM5
SIM1
SIM2
SIM3
SIM4
1
21
22
SIM5
SIM1
SIM2
SIM3
SIM4
1
21
22
SIM5
SIM1
SIM2
SIM3
SIM4
1
21
22
SIM5
SIM1
SIM2
SIM3
SIM4
1
21
22
SIM5
SIM1
SIM2
SIM3
SIM4
1
21
22
SIM5
SIM1
SIM2
SIM3
SIM4
1
21
22
SIM5
SIM1
SIM2
SIM3
SIM4
1
21
22
SIM5
SIM1
SIM2
SIM3
SIM4
1
21
22
SIM5
SIM1
SIM2
SIM3
SIM4
1
21
22
SIM5
SIM1
SIM2
SIM3
SIM4
1
21
22
SIM5
SIM1
SIM2
SIM3
SIM4
1
21
22
SIM5
SIM1
SIM2
SIM3
SIM4
1
21
22
SIM5
SIM1
SIM2
SIM3
SIM4
1
21
22
SIM5
SIM1
SIM2
SIM3
SIM4
1
21
22
SIM5
SIM1
SIM2
SIM3
SIM4
1
21
22
SIM5
SIM1
SIM2
SIM3
SIM4
1
21
22
SIM5
SIM1
SIM2
SIM3
SIM4
1
21
22
SIM5
SIM1
SIM2
SIM3
SIM4
1
21
22
SIM5
SIM1
SIM2
SIM3
SIM4
1
21
22
SIM5
SIM1
SIM2
SIM3
SIM4
1
21
22
SIM5
SIM1
SIM2
SIM3
SIM4
1
21
22
SIM5
SIM1
SIM2
SIM3
SIM4
1
21
22
SIM5
SIM1
SIM2
SIM3
SIM4
1
21
22
SIM5
SIM1
SIM2
SIM3
SIM4
1
21
22
SIM5
SIM1
SIM2
SIM3
SIM4
1
21
22
SIM5
SIM1
SIM2
SIM3
SIM4
1
21
22
SIM5
SIM1
SIM2
SIM3
SIM4
1
21
22
SIM5
SIM1
SIM2
SIM3
SIM4
1
21
22
SIM5
SIM1
SIM2
SIM3
SIM4
1
21
22
SIM5
SIM1
SIM2
SIM3
SIM4
1
21
22
SIM5
SIM1
SIM2
SIM3
SIM4
1
21
22
SIM5
SIM1
SIM2
SIM3
SIM4
1
21
22
SIM5
SIM1
SIM2
SIM3
SIM4
1
21
22
SIM5
SIM1
SIM2
SIM3
SIM4
1
21
22
SIM5
SIM1
SIM2
SIM3
SIM4
1
21
22
SIM5
SIM1
SIM2
SIM3
SIM4
1
21
22
SIM5
SIM1
SIM2
SIM3
SIM4
1
21
22
SIM5
SIM1
SIM2
SIM3
SIM4
1
21
22
SIM5
SIM1
SIM2
SIM3
SIM4
1
21
22
SIM5
SIM1
SIM2
SIM3
SIM4
1
21
22
SIM5
SIM1
SIM2
SIM3
SIM4
1
21
22
SIM5
SIM1
SIM2
SIM3
SIM4
1
21
22
SIM5
SIM1
SIM2
SIM3
SIM4
1
21
22
SIM5
SIM1
SIM2
SIM3
SIM4
1
21
22
SIM5
SIM1
SIM2
DEBUG 1 932
SIM1
SIM2
SIM3
SIM4
1
21
22
SIM5
SIM1
SIM2
SIM3
SIM4
1
21
22
SIM5
SIM1
SIM2
SIM3
SIM4
1
21
22
SIM5
SIM1
SIM2
SIM3
SIM4
1
21
22
SIM5
SIM1
SIM2
SIM3
SIM4
1
21
22
SIM5
SIM1
SIM2
SIM3
SIM4
1
21
22
SIM5
SIM1
SIM2
SIM3
SIM4
1
21
22
SIM5
SIM1
SIM2
SIM3
SIM4
1
21
22
SIM5
SIM1
SIM2
SIM3
SIM4
1
21
22
SIM5
SIM1
SIM2
SIM3
SIM4
1
21
22
SIM5
SIM1
SIM2
SIM3
SIM4
1
21
22
SIM5
SIM1
SIM2
SIM3
SIM4
1
21
22
SIM5
SIM1
SIM2
SIM3
SIM4
1
21
22
SIM5
SIM1
SIM2
SIM3
SIM4
1
21
22
SIM5
SIM1
SIM2
SIM3
SIM4
1
21
22
SIM5
SIM1
SIM2
SIM3
SIM4
1
21
22
SIM5
SIM1
SIM2
SIM3
SIM4
1
21
22
SIM5
SIM1
SIM2
SIM3
SIM4
1
21
22
SIM5
SIM1
SIM2
SIM3
SIM4
1
21
22
SIM5
SIM1
SIM2
SIM3
SIM4
1
21
22
SIM5
SIM1
SIM2
SIM3
SIM4
1
21
22
SIM5
SIM1
SIM2
SIM3
SIM4
1
21
22
SIM5
SIM1
SIM2
SIM3
SIM4
1
21
22
SIM5
SIM1
SIM2
SIM3
SIM4
1
21
22
SIM5
SIM1
SIM2
SIM3
SIM4
1
21
22
SIM5
SIM1
SIM2
SIM3
SIM4
1
21
22
SIM5
SIM1
SIM2
SIM3
SIM4
1
21
22
SIM5
SIM1
SIM2
SIM3
SIM4
1
21
22
SIM5
SIM1
SIM2
SIM3
SIM4
1
21
22
SIM5
SIM1
SIM2
SIM3
SIM4
1
21
22
SIM5
SIM1
SIM2
SIM3
SIM4
1
21
22
SIM5
SIM1
SIM2
SIM3
SIM4
1
21
22
SIM5
SIM1
SIM2
SIM3
SIM4
1
21
22
SIM5
SIM1
SIM2
SIM3
SIM4
1
21
22
SIM5
SIM1
SIM2
SIM3
SIM4
1
21
22
SIM5
SIM1
SIM2
SIM3
SIM4
1
21
22
SIM5
SIM1
SIM2
SIM3
SIM4
1
21
22
SIM5
SIM1
SIM2
SIM3
SIM4
1
21
22
SIM5
SIM1
SIM2
SIM3
SIM4
1
21
22
SIM5
SIM1
SIM2
SIM3
SIM4
1
21
22
SIM5
SIM1
SIM2
SIM3
SIM4
1
21
22
SIM5
SIM1
SIM2
SIM3
SIM4
1
21
22
SIM5
SIM1
SIM2
SIM3
SIM4
1
21
22
SIM5
SIM1
SIM2
SIM3
SIM4
1
21
22
SIM5
SIM1
SIM2
SIM3
SIM4
1
21
22
SIM5
SIM1
SIM2
SIM3
SIM4
1
21
22
SIM5
SIM1
SIM2
SIM3
SIM4
1
21
22
SIM5
SIM1
SIM2
SIM3
SIM4
1
21
22
SIM5
SIM1
SIM2
SIM3
SIM4
1
21
22
SIM5
SIM1
SIM2
SIM3
SIM4
1
21
22
SIM5
SIM1
SIM2
SIM3
SIM4
1
21
22
SIM5
SIM1
SIM2
SIM3
SIM4
1
21
22
SIM5
SIM1
SIM2
SIM3
SIM4
1
21
22
SIM5
SIM1
SIM2
SIM3
SIM4
1
21
22
SIM5
SIM1
SIM2
SIM3
SIM4
1
21
22
SIM5
SIM1
SIM2
SIM3
SIM4
1
21
22
SIM5
SIM1
SIM2
SIM3
SIM4
1
21
22
SIM5
SIM1
SIM2
SIM3
SIM4
1
21
22
SIM5
SIM1
SIM2
SIM3
SIM4
1
21
22
SIM5
SIM1
SIM2
SIM3
SIM4
1
21
22
SIM5
SIM1
SIM2
SIM3
SIM4
1
21
22
SIM5
SIM1
SIM2
SIM3
SIM4
1
21
22
SIM5
SIM1
SIM2
SIM3
SIM4
1
21
22
SIM5
SIM1
SIM2
SIM3
SIM4
1
21
22
SIM5
SIM1
SIM2
SIM3
SIM4
1
21
22
SIM5
SIM1
SIM2
SIM3
SIM4
1
21
22
SIM5
SIM1
SIM2
SIM3
SIM4
1
21
22
SIM5
SIM1
SIM2
SIM3
SIM4
1
21
22
SIM5
SIM1
SIM2
SIM3
SIM4
1
21
22
SIM5
SIM1
SIM2
SIM3
SIM4
1
21
22
SIM5
SIM1
SIM2
SIM3
SIM4
1
21
22
SIM5
SIM1
SIM2
SIM3
SIM4
1
21
22
SIM5
SIM1
SIM2
SIM3
SIM4
1
21
22
SIM5
SIM1
SIM2
SIM3
SIM4
1
21
22
SIM5
SIM1
SIM2
SIM3
SIM4
1
21
22
SIM5
SIM1
SIM2
SIM3
SIM4
1
21
22
SIM5
SIM1
SIM2
SIM3
SIM4
1
21
22
SIM5
SIM1
SIM2
SIM3
SIM4
1
21
22
SIM5
SIM1
SIM2
SIM3
SIM4
1
21
22
SIM5
SIM1
SIM2
SIM3
SIM4
1
21
22
SIM5
SIM1
SIM2
SIM3
SIM4
1
21
22
SIM5
SIM1
SIM2
SIM3
SIM4
1
21
22
SIM5
SIM1
SIM2
SIM3
SIM4
1
21
22
SIM5
SIM1
SIM2
SIM3
SIM4
1
21
22
SIM5
SIM1
SIM2
SIM3
SIM4
1
21
22
SIM5
SIM1
SIM2
SIM3
SIM4
1
21
22
SIM5
SIM1
SIM2
SIM3
SIM4
1
21
22
SIM5
SIM1
SIM2
SIM3
SIM4
1
21
22
SIM5
SIM1
SIM2
SIM3
SIM4
1
21
22
SIM5
SIM1
SIM2
SIM3
SIM4
1
21
22
SIM5
SIM1
SIM2
SIM3
SIM4
1
21
22
SIM5
SIM1
SIM2
SIM3
SIM4
1
21
22
SIM5
SIM1
SIM2
SIM3
SIM4
1
21
22
SIM5
SIM1
SIM2
SIM3
SIM4
1
21
22
SIM5
SIM1
SIM2
SIM3
SIM4
1
21
22
SIM5
SIM1
SIM2
SIM3
SIM4
1
21
22
SIM5
SIM1
SIM2
SIM3
SIM4
1
21
22
SIM5
SIM1
SIM2
SIM3
SIM4
1
21
22
SIM5
SIM1
SIM2
SIM3
SIM4
1
21
22
SIM5
SIM1
SIM2
SIM3
SIM4
1
21
22
SIM5
SIM1
SIM2
SIM3
SIM4
1
21
22
SIM5
SIM1
SIM2
SIM3
SIM4
1
21
22
SIM5
SIM1
SIM2
SIM3
SIM4
1
21
22
SIM5
SIM1
SIM2
SIM3
SIM4
1
21
22
SIM5
SIM1
SIM2
SIM3
SIM4
1
21
22
SIM5
SIM1
SIM2
SIM3
SIM4
1
21
22
SIM5
SIM1
SIM2
SIM3
SIM4
1
21
22
SIM5
SIM1
SIM2
SIM3
SIM4
1
21
22
SIM5
SIM1
SIM2
SIM3
SIM4
1
21
22
SIM5
SIM1
SIM2
SIM3
SIM4
1
21
22
SIM5
SIM1
SIM2
SIM3
SIM4
1
21
22
SIM5
SIM1
SIM2
SIM3
SIM4
1
21
22
SIM5
SIM1
SIM2
SIM3
SIM4
1
21
22
SIM5
SIM1
SIM2
SIM3
SIM4
1
21
22
SIM5
SIM1
SIM2
SIM3
SIM4
1
21
22
SIM5
SIM1
SIM2
SIM3
SIM4
1
21
22
SIM5
SIM1
SIM2
SIM3
SIM4
1
21
22
SIM5
SIM1
SIM2
SIM3
SIM4
1
21
22
SIM5
SIM1
SIM2
SIM3
SIM4
1
21
22
SIM5
SIM1
SIM2
SIM3
SIM4
1
21
22
SIM5
SIM1
SIM2
SIM3
SIM4
1
21
22
SIM5
SIM1
SIM2
SIM3
SIM4
1
21
22
SIM5
SIM1
SIM2
SIM3
SIM4
1
21
22
SIM5
SIM1
SIM2
SIM3
SIM4
1
21
22
SIM5
SIM1
SIM2
SIM3
SIM4
1
21
22
SIM5
SIM1
SIM2
SIM3
SIM4
1
21
22
SIM5
SIM1
SIM2
SIM3
SIM4
1
21
22
SIM5
SIM1
SIM2
SIM3
SIM4
1
21
22
SIM5
SIM1
SIM2
SIM3
SIM4
1
21
22
SIM5
SIM1
SIM2
SIM3
SIM4
1
21
22
SIM5
SIM1
SIM2
SIM3
SIM4
1
21
22
SIM5
SIM1
SIM2
SIM3
SIM4
1
21
22
SIM5
SIM1
SIM2
SIM3
SIM4
1
21
22
SIM5
SIM1
SIM2
SIM3
SIM4
1
21
22
SIM5
SIM1
SIM2
SIM3
SIM4
1
21
22
SIM5
SIM1
SIM2
SIM3
SIM4
1
21
22
SIM5
SIM1
SIM2
SIM3
SIM4
1
21
22
SIM5
SIM1
SIM2
SIM3
SIM4
1
21
22
SIM5
SIM1
SIM2
SIM3
SIM4
1
21
22
SIM5
SIM1
SIM2
SIM3
SIM4
1
21
22
SIM5
SIM1
SIM2
SIM3
SIM4
1
21
22
SIM5
SIM1
SIM2
SIM3
SIM4
1
21
22
SIM5
SIM1
SIM2
SIM3
SIM4
1
21
22
SIM5
SIM1
SIM2
SIM3
SIM4
1
21
22
SIM5
SIM1
SIM2
SIM3
SIM4
1
21
22
SIM5
SIM1
SIM2
SIM3
SIM4
1
21
22
SIM5
SIM1
SIM2
SIM3
SIM4
1
21
22
SIM5
SIM1
SIM2
SIM3
SIM4
1
21
22
SIM5
SIM1
SIM2
SIM3
SIM4
1
21
22
SIM5
SIM1
SIM2
SIM3
SIM4
1
21
22
SIM5
SIM1
SIM2
SIM3
SIM4
1
21
22
SIM5
SIM1
SIM2
SIM3
SIM4
1
21
22
SIM5
SIM1
SIM2
SIM3
SIM4
1
21
22
SIM5
SIM1
SIM2
SIM3
SIM4
1
21
22
SIM5
SIM1
SIM2
SIM3
SIM4
1
21
22
SIM5
SIM1
SIM2
SIM3
SIM4
1
21
22
SIM5
SIM1
SIM2
SIM3
SIM4
1
21
22
SIM5
SIM1
SIM2
SIM3
SIM4
1
21
22
SIM5
SIM1
SIM2
SIM3
SIM4
1
21
22
SIM5
SIM1
SIM2
SIM3
SIM4
1
21
22
SIM5
SIM1
SIM2
SIM3
SIM4
1
21
22
SIM5
SIM1
SIM2
SIM3
SIM4
1
21
22
SIM5
SIM1
SIM2
SIM3
SIM4
1
21
22
SIM5
SIM1
SIM2
SIM3
SIM4
1
21
22
SIM5
SIM1
SIM2
SIM3
SIM4
1
21
22
SIM5
SIM1
SIM2
SIM3
SIM4
1
21
22
SIM5
SIM1
SIM2
SIM3
SIM4
1
21
22
SIM5
SIM1
SIM2
SIM3
SIM4
1
21
22
SIM5
SIM1
SIM2
SIM3
SIM4
1
21
22
SIM5
SIM1
SIM2
SIM3
SIM4
1
21
22
SIM5
SIM1
SIM2
DEBUG 1 933
SIM1
SIM2
SIM3
SIM4
1
21
22
SIM5
SIM1
SIM2
SIM3
SIM4
1
21
22
SIM5
SIM1
SIM2
SIM3
SIM4
1
21
22
SIM5
SIM1
SIM2
SIM3
SIM4
1
21
22
SIM5
SIM1
SIM2
SIM3
SIM4
1
21
22
SIM5
SIM1
SIM2
SIM3
SIM4
1
21
22
SIM5
SIM1
SIM2
SIM3
SIM4
1
21
22
SIM5
SIM1
SIM2
SIM3
SIM4
1
21
22
SIM5
SIM1
SIM2
SIM3
SIM4
1
21
22
SIM5
SIM1
SIM2
SIM3
SIM4
1
21
22
SIM5
SIM1
SIM2
SIM3
SIM4
1
21
22
SIM5
SIM1
SIM2
SIM3
SIM4
1
21
22
SIM5
SIM1
SIM2
SIM3
SIM4
1
21
22
SIM5
SIM1
SIM2
SIM3
SIM4
1
21
22
SIM5
SIM1
SIM2
SIM3
SIM4
1
21
22
SIM5
SIM1
SIM2
SIM3
SIM4
1
21
22
SIM5
SIM1
SIM2
SIM3
SIM4
1
21
22
SIM5
SIM1
SIM2
SIM3
SIM4
1
21
22
SIM5
SIM1
SIM2
SIM3
SIM4
1
21
22
SIM5
SIM1
SIM2
SIM3
SIM4
1
21
22
SIM5
SIM1
SIM2
SIM3
SIM4
1
21
22
SIM5
SIM1
SIM2
SIM3
SIM4
1
21
22
SIM5
SIM1
SIM2
SIM3
SIM4
1
21
22
SIM5
SIM1
SIM2
SIM3
SIM4
1
21
22
SIM5
SIM1
SIM2
SIM3
SIM4
1
21
22
SIM5
SIM1
SIM2
SIM3
SIM4
1
21
22
SIM5
SIM1
SIM2
SIM3
SIM4
1
21
22
SIM5
SIM1
SIM2
SIM3
SIM4
1
21
22
SIM5
SIM1
SIM2
SIM3
SIM4
1
21
22
SIM5
SIM1
SIM2
SIM3
SIM4
1
21
22
SIM5
SIM1
SIM2
SIM3
SIM4
1
21
22
SIM5
SIM1
SIM2
SIM3
SIM4
1
21
22
SIM5
SIM1
SIM2
SIM3
SIM4
1
21
22
SIM5
SIM1
SIM2
SIM3
SIM4
1
21
22
SIM5
SIM1
SIM2
SIM3
SIM4
1
21
22
SIM5
SIM1
SIM2
SIM3
SIM4
1
21
22
SIM5
SIM1
SIM2
SIM3
SIM4
1
21
22
SIM5
SIM1
SIM2
SIM3
SIM4
1
21
22
SIM5
SIM1
SIM2
SIM3
SIM4
1
21
22
SIM5
SIM1
SIM2
SIM3
SIM4
1
21
22
SIM5
SIM1
SIM2
SIM3
SIM4
1
21
22
SIM5
SIM1
SIM2
SIM3
SIM4
1
21
22
SIM5
SIM1
SIM2
SIM3
SIM4
1
21
22
SIM5
SIM1
SIM2
SIM3
SIM4
1
21
22
SIM5
SIM1
SIM2
SIM3
SIM4
1
21
22
SIM5
SIM1
SIM2
SIM3
SIM4
1
21
22
SIM5
SIM1
SIM2
SIM3
SIM4
1
21
22
SIM5
SIM1
SIM2
SIM3
SIM4
1
21
22
SIM5
SIM1
SIM2
SIM3
SIM4
1
21
22
SIM5
SIM1
SIM2
SIM3
SIM4
1
21
22
SIM5
SIM1
SIM2
SIM3
SIM4
1
21
22
SIM5
SIM1
SIM2
SIM3
SIM4
1
21
22
SIM5
SIM1
SIM2
SIM3
SIM4
1
21
22
SIM5
SIM1
SIM2
SIM3
SIM4
1
21
22
SIM5
SIM1
SIM2
SIM3
SIM4
1
21
22
SIM5
SIM1
SIM2
SIM3
SIM4
1
21
22
SIM5
SIM1
SIM2
SIM3
SIM4
1
21
22
SIM5
SIM1
SIM2
SIM3
SIM4
1
21
22
SIM5
SIM1
SIM2
SIM3
SIM4
1
21
22
SIM5
SIM1
SIM2
SIM3
SIM4
1
21
22
SIM5
SIM1
SIM2
SIM3
SIM4
1
21
22
SIM5
SIM1
SIM2
SIM3
SIM4
1
21
22
SIM5
SIM1
SIM2
SIM3
SIM4
1
21
22
SIM5
SIM1
SIM2
SIM3
SIM4
1
21
22
SIM5
SIM1
SIM2
SIM3
SIM4
1
21
22
SIM5
SIM1
SIM2
SIM3
SIM4
1
21
22
SIM5
SIM1
SIM2
SIM3
SIM4
1
21
22
SIM5
SIM1
SIM2
SIM3
SIM4
1
21
22
SIM5
SIM1
SIM2
SIM3
SIM4
1
21
22
SIM5
SIM1
SIM2
SIM3
SIM4
1
21
22
SIM5
SIM1
SIM2
SIM3
SIM4
1
21
22
SIM5
SIM1
SIM2
SIM3
SIM4
1
21
22
SIM5
SIM1
SIM2
SIM3
SIM4
1
21
22
SIM5
SIM1
SIM2
SIM3
SIM4
1
21
22
SIM5
SIM1
SIM2
SIM3
SIM4
1
21
22
SIM5
SIM1
SIM2
SIM3
SIM4
1
21
22
SIM5
SIM1
SIM2
SIM3
SIM4
1
21
22
SIM5
SIM1
SIM2
SIM3
SIM4
1
21
22
SIM5
SIM1
SIM2
SIM3
SIM4
1
21
22
SIM5
SIM1
SIM2
SIM3
SIM4
1
21
22
SIM5
SIM1
SIM2
SIM3
SIM4
1
21
22
SIM5
SIM1
SIM2
SIM3
SIM4
1
21
22
SIM5
SIM1
SIM2
SIM3
SIM4
1
21
22
SIM5
SIM1
SIM2
SIM3
SIM4
1
21
22
SIM5
SIM1
SIM2
SIM3
SIM4
1
21
22
SIM5
SIM1
SIM2
SIM3
SIM4
1
21
22
SIM5
SIM1
SIM2
SIM3
SIM4
1
21
22
SIM5
SIM1
SIM2
SIM3
SIM4
1
21
22
SIM5
SIM1
SIM2
SIM3
SIM4
1
21
22
SIM5
SIM1
SIM2
SIM3
SIM4
1
21
22
SIM5
SIM1
SIM2
SIM3
SIM4
1
21
22
SIM5
SIM1
SIM2
SIM3
SIM4
1
21
22
SIM5
SIM1
SIM2
SIM3
SIM4
1
21
22
SIM5
SIM1
SIM2
SIM3
SIM4
1
21
22
SIM5
SIM1
SIM2
SIM3
SIM4
1
21
22
SIM5
SIM1
SIM2
SIM3
SIM4
1
21
22
SIM5
SIM1
SIM2
SIM3
SIM4
1
21
22
SIM5
SIM1
SIM2
SIM3
SIM4
1
21
22
SIM5
SIM1
SIM2
SIM3
SIM4
1
21
22
SIM5
SIM1
SIM2
SIM3
SIM4
1
21
22
SIM5
SIM1
SIM2
SIM3
SIM4
1
21
22
SIM5
SIM1
SIM2
SIM3
SIM4
1
21
22
SIM5
SIM1
SIM2
SIM3
SIM4
1
21
22
SIM5
SIM1
SIM2
SIM3
SIM4
1
21
22
SIM5
SIM1
SIM2
SIM3
SIM4
1
21
22
SIM5
SIM1
SIM2
SIM3
SIM4
1
21
22
SIM5
SIM1
SIM2
SIM3
SIM4
1
21
22
SIM5
SIM1
SIM2
SIM3
SIM4
1
21
22
SIM5
SIM1
SIM2
SIM3
SIM4
1
21
22
SIM5
SIM1
SIM2
SIM3
SIM4
1
21
22
SIM5
SIM1
SIM2
SIM3
SIM4
1
21
22
SIM5
SIM1
SIM2
SIM3
SIM4
1
21
22
SIM5
SIM1
SIM2
SIM3
SIM4
1
21
22
SIM5
SIM1
SIM2
DEBUG 1 934
SIM1
SIM2
SIM3
SIM4
1
21
22
SIM5
SIM1
SIM2
SIM3
SIM4
1
21
22
SIM5
SIM1
SIM2
SIM3
SIM4
1
21
22
SIM5
SIM1
SIM2
SIM3
SIM4
1
21
22
SIM5
SIM1
SIM2
SIM3
SIM4
1
21
22
SIM5
SIM1
SIM2
SIM3
SIM4
1
21
22
SIM5
SIM1
SIM2
SIM3
SIM4
1
21
22
SIM5
SIM1
SIM2
SIM3
SIM4
1
21
22
SIM5
SIM1
SIM2
SIM3
SIM4
1
21
22
SIM5
SIM1
SIM2
SIM3
SIM4
1
21
22
SIM5
SIM1
SIM2
SIM3
SIM4
1
21
22
SIM5
SIM1
SIM2
SIM3
SIM4
1
21
22
SIM5
SIM1
SIM2
SIM3
SIM4
1
21
22
SIM5
SIM1
SIM2
SIM3
SIM4
1
21
22
SIM5
SIM1
SIM2
SIM3
SIM4
1
21
22
SIM5
SIM1
SIM2
SIM3
SIM4
1
21
22
SIM5
SIM1
SIM2
SIM3
SIM4
1
21
22
SIM5
SIM1
SIM2
SIM3
SIM4
1
21
22
SIM5
SIM1
SIM2
SIM3
SIM4
1
21
22
SIM5
SIM1
SIM2
SIM3
SIM4
1
21
22
SIM5
SIM1
SIM2
SIM3
SIM4
1
21
22
SIM5
SIM1
SIM2
SIM3
SIM4
1
21
22
SIM5
SIM1
SIM2
SIM3
SIM4
1
21
22
SIM5
SIM1
SIM2
SIM3
SIM4
1
21
22
SIM5
SIM1
SIM2
SIM3
SIM4
1
21
22
SIM5
SIM1
SIM2
SIM3
SIM4
1
21
22
SIM5
SIM1
SIM2
SIM3
SIM4
1
21
22
SIM5
SIM1
SIM2
SIM3
SIM4
1
21
22
SIM5
SIM1
SIM2
SIM3
SIM4
1
21
22
SIM5
SIM1
SIM2
SIM3
SIM4
1
21
22
SIM5
SIM1
SIM2
SIM3
SIM4
1
21
22
SIM5
SIM1
SIM2
SIM3
SIM4
1
21
22
SIM5
SIM1
SIM2
SIM3
SIM4
1
21
22
SIM5
SIM1
SIM2
SIM3
SIM4
1
21
22
SIM5
SIM1
SIM2
SIM3
SIM4
1
21
22
SIM5
SIM1
SIM2
SIM3
SIM4
1
21
22
SIM5
SIM1
SIM2
SIM3
SIM4
1
21
22
SIM5
SIM1
SIM2
SIM3
SIM4
1
21
22
SIM5
SIM1
SIM2
SIM3
SIM4
1
21
22
SIM5
SIM1
SIM2
SIM3
SIM4
1
21
22
SIM5
SIM1
SIM2
SIM3
SIM4
1
21
22
SIM5
SIM1
SIM2
SIM3
SIM4
1
21
22
SIM5
SIM1
SIM2
SIM3
SIM4
1
21
22
SIM5
SIM1
SIM2
SIM3
SIM4
1
21
22
SIM5
SIM1
SIM2
SIM3
SIM4
1
21
22
SIM5
SIM1
SIM2
SIM3
SIM4
1
21
22
SIM5
SIM1
SIM2
SIM3
SIM4
1
21
22
SIM5
SIM1
SIM2
SIM3
SIM4
1
21
22
SIM5
SIM1
SIM2
SIM3
SIM4
1
21
22
SIM5
SIM1
SIM2
SIM3
SIM4
1
21
22
SIM5
SIM1
SIM2
SIM3
SIM4
1
21
22
SIM5
SIM1
SIM2
SIM3
SIM4
1
21
22
SIM5
SIM1
SIM2
SIM3
SIM4
1
21
22
SIM5
SIM1
SIM2
SIM3
SIM4
1
21
22
SIM5
SIM1
SIM2
SIM3
SIM4
1
21
22
SIM5
SIM1
SIM2
SIM3
SIM4
1
21
22
SIM5
SIM1
SIM2
SIM3
SIM4
1
21
22
SIM5
SIM1
SIM2
SIM3
SIM4
1
21
22
SIM5
SIM1
SIM2
SIM3
SIM4
1
21
22
SIM5
SIM1
SIM2
SIM3
SIM4
1
21
22
SIM5
SIM1
SIM2
SIM3
SIM4
1
21
22
SIM5
SIM1
SIM2
SIM3
SIM4
1
21
22
SIM5
SIM1
SIM2
SIM3
SIM4
1
21
22
SIM5
SIM1
SIM2
SIM3
SIM4
1
21
22
SIM5
SIM1
SIM2
SIM3
SIM4
1
21
22
SIM5
SIM1
SIM2
SIM3
SIM4
1
21
22
SIM5
SIM1
SIM2
SIM3
SIM4
1
21
22
SIM5
SIM1
SIM2
SIM3
SIM4
1
21
22
SIM5
SIM1
SIM2
SIM3
SIM4
1
21
22
SIM5
SIM1
SIM2
SIM3
SIM4
1
21
22
SIM5
SIM1
SIM2
SIM3
SIM4
1
21
22
SIM5
SIM1
SIM2
SIM3
SIM4
1
21
22
SIM5
SIM1
SIM2
SIM3
SIM4
1
21
22
SIM5
SIM1
SIM2
SIM3
SIM4
1
21
22
SIM5
SIM1
SIM2
SIM3
SIM4
1
21
22
SIM5
SIM1
SIM2
SIM3
SIM4
1
21
22
SIM5
SIM1
SIM2
SIM3
SIM4
1
21
22
SIM5
SIM1
SIM2
SIM3
SIM4
1
21
22
SIM5
SIM1
SIM2
SIM3
SIM4
1
21
22
SIM5
SIM1
SIM2
SIM3
SIM4
1
21
22
SIM5
SIM1
SIM2
SIM3
SIM4
1
21
22
SIM5
SIM1
SIM2
SIM3
SIM4
1
21
22
SIM5
SIM1
SIM2
SIM3
SIM4
1
21
22
SIM5
SIM1
SIM2
SIM3
SIM4
1
21
22
SIM5
SIM1
SIM2
SIM3
SIM4
1
21
22
SIM5
SIM1
SIM2
SIM3
SIM4
1
21
22
SIM5
SIM1
SIM2
SIM3
SIM4
1
21
22
SIM5
SIM1
SIM2
SIM3
SIM4
1
21
22
SIM5
SIM1
SIM2
SIM3
SIM4
1
21
22
SIM5
SIM1
SIM2
SIM3
SIM4
1
21
22
SIM5
SIM1
SIM2
SIM3
SIM4
1
21
22
SIM5
SIM1
SIM2
SIM3
SIM4
1
21
22
SIM5
SIM1
SIM2
SIM3
SIM4
1
21
22
SIM5
SIM1
SIM2
SIM3
SIM4
1
21
22
SIM5
SIM1
SIM2
SIM3
SIM4
1
21
22
SIM5
SIM1
SIM2
SIM3
SIM4
1
21
22
SIM5
SIM1
SIM2
SIM3
SIM4
1
21
22
SIM5
SIM1
SIM2
SIM3
SIM4
1
21
22
SIM5
SIM1
SIM2
SIM3
SIM4
1
21
22
SIM5
SIM1
SIM2
SIM3
SIM4
1
21
22
SIM5
SIM1
SIM2
SIM3
SIM4
1
21
22
SIM5
SIM1
SIM2
SIM3
SIM4
1
21
22
SIM5
SIM1
SIM2
SIM3
SIM4
1
21
22
SIM5
SIM1
SIM2
SIM3
SIM4
1
21
22
SIM5
SIM1
SIM2
SIM3
SIM4
1
21
22
SIM5
SIM1
SIM2
SIM3
SIM4
1
21
22
SIM5
SIM1
SIM2
SIM3
SIM4
1
21
22
SIM5
SIM1
SIM2
SIM3
SIM4
1
21
22
SIM5
SIM1
SIM2
SIM3
SIM4
1
21
22
SIM5
SIM1
SIM2
SIM3
SIM4
1
21
22
SIM5
SIM1
SIM2
SIM3
SIM4
1
21
22
SIM5
SIM1
SIM2
SIM3
SIM4
1
21
22
SIM5
SIM1
SIM2
SIM3
SIM4
1
21
22
SIM5
SIM1
SIM2
SIM3
SIM4
1
21
22
SIM5
SIM1
SIM2
SIM3
SIM4
1
21
22
SIM5
SIM1
SIM2
SIM3
SIM4
1
21
22
SIM5
SIM1
SIM2
SIM3
SIM4
1
21
22
SIM5
SIM1
SIM2
SIM3
SIM4
1
21
22
SIM5
SIM1
SIM2
SIM3
SIM4
1
21
22
SIM5
SIM1
SIM2
SIM3
SIM4
1
21
22
SIM5
SIM1
SIM2
SIM3
SIM4
1
21
22
SIM5
SIM1
SIM2
SIM3
SIM4
1
21
22
SIM5
SIM1
SIM2
SIM3
SIM4
1
21
22
SIM5
SIM1
SIM2
SIM3
SIM4
1
21
22
SIM5
SIM1
SIM2
SIM3
SIM4
1
21
22
SIM5
SIM1
SIM2
SIM3
SIM4
1
21
22
SIM5
SIM1
SIM2
SIM3
SIM4
1
21
22
SIM5
SIM1
SIM2
SIM3
SIM4
1
21
22
SIM5
SIM1
SIM2
SIM3
SIM4
1
21
22
SIM5
SIM1
SIM2
SIM3
SIM4
1
21
22
SIM5
SIM1
SIM2
SIM3
SIM4
1
21
22
SIM5
SIM1
SIM2
SIM3
SIM4
1
21
22
SIM5
SIM1
SIM2
SIM3
SIM4
1
21
22
SIM5
SIM1
SIM2
SIM3
SIM4
1
21
22
SIM5
SIM1
SIM2
SIM3
SIM4
1
21
22
SIM5
SIM1
SIM2
SIM3
SIM4
1
21
22
SIM5
SIM1
SIM2
SIM3
SIM4
1
21
22
SIM5
SIM1
SIM2
SIM3
SIM4
1
21
22
SIM5
SIM1
SIM2
SIM3
SIM4
1
21
22
SIM5
SIM1
SIM2
SIM3
SIM4
1
21
22
SIM5
SIM1
SIM2
SIM3
SIM4
1
21
22
SIM5
SIM1
SIM2
SIM3
SIM4
1
21
22
SIM5
SIM1
SIM2
SIM3
SIM4
1
21
22
SIM5
SIM1
SIM2
SIM3
SIM4
1
21
22
SIM5
SIM1
SIM2
SIM3
SIM4
1
21
22
SIM5
SIM1
SIM2
SIM3
SIM4
1
21
22
SIM5
SIM1
SIM2
SIM3
SIM4
1
21
22
SIM5
SIM1
SIM2
SIM3
SIM4
1
21
22
SIM5
SIM1
SIM2
SIM3
SIM4
1
21
22
SIM5
SIM1
SIM2
SIM3
SIM4
1
21
22
SIM5
SIM1
SIM2
SIM3
SIM4
1
21
22
SIM5
SIM1
SIM2
SIM3
SIM4
1
21
22
SIM5
SIM1
SIM2
SIM3
SIM4
1
21
22
SIM5
SIM1
SIM2
SIM3
SIM4
1
21
22
SIM5
SIM1
SIM2
SIM3
SIM4
1
21
22
SIM5
SIM1
SIM2
DEBUG 1 935
SIM1
SIM2
SIM3
SIM4
1
21
22
SIM5
SIM1
SIM2
SIM3
SIM4
1
21
22
SIM5
SIM1
SIM2
SIM3
SIM4
1
21
22
SIM5
SIM1
SIM2
SIM3
SIM4
1
21
22
SIM5
SIM1
SIM2
SIM3
SIM4
1
21
22
SIM5
SIM1
SIM2
SIM3
SIM4
1
21
22
SIM5
SIM1
SIM2
SIM3
SIM4
1
21
22
SIM5
SIM1
SIM2
SIM3
SIM4
1
21
22
SIM5
SIM1
SIM2
SIM3
SIM4
1
21
22
SIM5
SIM1
SIM2
SIM3
SIM4
1
21
22
SIM5
SIM1
SIM2
SIM3
SIM4
1
21
22
SIM5
SIM1
SIM2
SIM3
SIM4
1
21
22
SIM5
SIM1
SIM2
SIM3
SIM4
1
21
22
SIM5
SIM1
SIM2
SIM3
SIM4
1
21
22
SIM5
SIM1
SIM2
SIM3
SIM4
1
21
22
SIM5
SIM1
SIM2
SIM3
SIM4
1
21
22
SIM5
SIM1
SIM2
SIM3
SIM4
1
21
22
SIM5
SIM1
SIM2
SIM3
SIM4
1
21
22
SIM5
SIM1
SIM2
SIM3
SIM4
1
21
22
SIM5
SIM1
SIM2
SIM3
SIM4
1
21
22
SIM5
SIM1
SIM2
SIM3
SIM4
1
21
22
SIM5
SIM1
SIM2
SIM3
SIM4
1
21
22
SIM5
SIM1
SIM2
SIM3
SIM4
1
21
22
SIM5
SIM1
SIM2
SIM3
SIM4
1
21
22
SIM5
SIM1
SIM2
SIM3
SIM4
1
21
22
SIM5
SIM1
SIM2
SIM3
SIM4
1
21
22
SIM5
SIM1
SIM2
SIM3
SIM4
1
21
22
SIM5
SIM1
SIM2
SIM3
SIM4
1
21
22
SIM5
SIM1
SIM2
SIM3
SIM4
1
21
22
SIM5
SIM1
SIM2
SIM3
SIM4
1
21
22
SIM5
SIM1
SIM2
SIM3
SIM4
1
21
22
SIM5
SIM1
SIM2
SIM3
SIM4
1
21
22
SIM5
SIM1
SIM2
SIM3
SIM4
1
21
22
SIM5
SIM1
SIM2
SIM3
SIM4
1
21
22
SIM5
SIM1
SIM2
SIM3
SIM4
1
21
22
SIM5
SIM1
SIM2
SIM3
SIM4
1
21
22
SIM5
SIM1
SIM2
SIM3
SIM4
1
21
22
SIM5
SIM1
SIM2
SIM3
SIM4
1
21
22
SIM5
SIM1
SIM2
SIM3
SIM4
1
21
22
SIM5
SIM1
SIM2
SIM3
SIM4
1
21
22
SIM5
SIM1
SIM2
SIM3
SIM4
1
21
22
SIM5
SIM1
SIM2
SIM3
SIM4
1
21
22
SIM5
SIM1
SIM2
SIM3
SIM4
1
21
22
SIM5
SIM1
SIM2
SIM3
SIM4
1
21
22
SIM5
SIM1
SIM2
SIM3
SIM4
1
21
22
SIM5
SIM1
SIM2
SIM3
SIM4
1
21
22
SIM5
SIM1
SIM2
SIM3
SIM4
1
21
22
SIM5
SIM1
SIM2
SIM3
SIM4
1
21
22
SIM5
SIM1
SIM2
SIM3
SIM4
1
21
22
SIM5
SIM1
SIM2
SIM3
SIM4
1
21
22
SIM5
SIM1
SIM2
SIM3
SIM4
1
21
22
SIM5
SIM1
SIM2
SIM3
SIM4
1
21
22
SIM5
SIM1
SIM2
SIM3
SIM4
1
21
22
SIM5
SIM1
SIM2
SIM3
SIM4
1
21
22
SIM5
SIM1
SIM2
SIM3
SIM4
1
21
22
SIM5
SIM1
SIM2
SIM3
SIM4
1
21
22
SIM5
SIM1
SIM2
SIM3
SIM4
1
21
22
SIM5
SIM1
SIM2
SIM3
SIM4
1
21
22
SIM5
SIM1
SIM2
SIM3
SIM4
1
21
22
SIM5
SIM1
SIM2
SIM3
SIM4
1
21
22
SIM5
SIM1
SIM2
SIM3
SIM4
1
21
22
SIM5
SIM1
SIM2
SIM3
SIM4
1
21
22
SIM5
SIM1
SIM2
SIM3
SIM4
1
21
22
SIM5
SIM1
SIM2
SIM3
SIM4
1
21
22
SIM5
SIM1
SIM2
SIM3
SIM4
1
21
22
SIM5
SIM1
SIM2
SIM3
SIM4
1
21
22
SIM5
SIM1
SIM2
SIM3
SIM4
1
21
22
SIM5
SIM1
SIM2
SIM3
SIM4
1
21
22
SIM5
SIM1
SIM2
SIM3
SIM4
1
21
22
SIM5
SIM1
SIM2
SIM3
SIM4
1
21
22
SIM5
SIM1
SIM2
SIM3
SIM4
1
21
22
SIM5
SIM1
SIM2
SIM3
SIM4
1
21
22
SIM5
SIM1
SIM2
SIM3
SIM4
1
21
22
SIM5
SIM1
SIM2
SIM3
SIM4
1
21
22
SIM5
SIM1
SIM2
SIM3
SIM4
1
21
22
SIM5
SIM1
SIM2
SIM3
SIM4
1
21
22
SIM5
SIM1
SIM2
SIM3
SIM4
1
21
22
SIM5
SIM1
SIM2
SIM3
SIM4
1
21
22
SIM5
SIM1
SIM2
SIM3
SIM4
1
21
22
SIM5
SIM1
SIM2
SIM3
SIM4
1
21
22
SIM5
SIM1
SIM2
SIM3
SIM4
1
21
22
SIM5
SIM1
SIM2
SIM3
SIM4
1
21
22
SIM5
SIM1
SIM2
SIM3
SIM4
1
21
22
SIM5
SIM1
SIM2
SIM3
SIM4
1
21
22
SIM5
SIM1
SIM2
SIM3
SIM4
1
21
22
SIM5
SIM1
SIM2
DEBUG 1 936
SIM1
SIM2
SIM3
SIM4
1
21
22
SIM5
SIM1
SIM2
SIM3
SIM4
1
21
22
SIM5
SIM1
SIM2
SIM3
SIM4
1
21
22
SIM5
SIM1
SIM2
SIM3
SIM4
1
21
22
SIM5
SIM1
SIM2
SIM3
SIM4
1
21
22
SIM5
SIM1
SIM2
SIM3
SIM4
1
21
22
SIM5
SIM1
SIM2
SIM3
SIM4
1
21
22
SIM5
SIM1
SIM2
SIM3
SIM4
1
21
22
SIM5
SIM1
SIM2
SIM3
SIM4
1
21
22
SIM5
SIM1
SIM2
SIM3
SIM4
1
21
22
SIM5
SIM1
SIM2
SIM3
SIM4
1
21
22
SIM5
SIM1
SIM2
SIM3
SIM4
1
21
22
SIM5
SIM1
SIM2
SIM3
SIM4
1
21
22
SIM5
SIM1
SIM2
SIM3
SIM4
1
21
22
SIM5
SIM1
SIM2
SIM3
SIM4
1
21
22
SIM5
SIM1
SIM2
SIM3
SIM4
1
21
22
SIM5
SIM1
SIM2
SIM3
SIM4
1
21
22
SIM5
SIM1
SIM2
SIM3
SIM4
1
21
22
SIM5
SIM1
SIM2
SIM3
SIM4
1
21
22
SIM5
SIM1
SIM2
SIM3
SIM4
1
21
22
SIM5
SIM1
SIM2
SIM3
SIM4
1
21
22
SIM5
SIM1
SIM2
SIM3
SIM4
1
21
22
SIM5
SIM1
SIM2
SIM3
SIM4
1
21
22
SIM5
SIM1
SIM2
SIM3
SIM4
1
21
22
SIM5
SIM1
SIM2
SIM3
SIM4
1
21
22
SIM5
SIM1
SIM2
SIM3
SIM4
1
21
22
SIM5
SIM1
SIM2
SIM3
SIM4
1
21
22
SIM5
SIM1
SIM2
SIM3
SIM4
1
21
22
SIM5
SIM1
SIM2
SIM3
SIM4
1
21
22
SIM5
SIM1
SIM2
SIM3
SIM4
1
21
22
SIM5
SIM1
SIM2
SIM3
SIM4
1
21
22
SIM5
SIM1
SIM2
SIM3
SIM4
1
21
22
SIM5
SIM1
SIM2
SIM3
SIM4
1
21
22
SIM5
SIM1
SIM2
SIM3
SIM4
1
21
22
SIM5
SIM1
SIM2
SIM3
SIM4
1
21
22
SIM5
SIM1
SIM2
SIM3
SIM4
1
21
22
SIM5
SIM1
SIM2
SIM3
SIM4
1
21
22
SIM5
SIM1
SIM2
SIM3
SIM4
1
21
22
SIM5
SIM1
SIM2
SIM3
SIM4
1
21
22
SIM5
SIM1
SIM2
SIM3
SIM4
1
21
22
SIM5
SIM1
SIM2
SIM3
SIM4
1
21
22
SIM5
SIM1
SIM2
SIM3
SIM4
1
21
22
SIM5
SIM1
SIM2
SIM3
SIM4
1
21
22
SIM5
SIM1
SIM2
SIM3
SIM4
1
21
22
SIM5
SIM1
SIM2
SIM3
SIM4
1
21
22
SIM5
SIM1
SIM2
SIM3
SIM4
1
21
22
SIM5
SIM1
SIM2
SIM3
SIM4
1
21
22
SIM5
SIM1
SIM2
SIM3
SIM4
1
21
22
SIM5
SIM1
SIM2
SIM3
SIM4
1
21
22
SIM5
SIM1
SIM2
SIM3
SIM4
1
21
22
SIM5
SIM1
SIM2
SIM3
SIM4
1
21
22
SIM5
SIM1
SIM2
SIM3
SIM4
1
21
22
SIM5
SIM1
SIM2
SIM3
SIM4
1
21
22
SIM5
SIM1
SIM2
SIM3
SIM4
1
21
22
SIM5
SIM1
SIM2
SIM3
SIM4
1
21
22
SIM5
SIM1
SIM2
SIM3
SIM4
1
21
22
SIM5
SIM1
SIM2
SIM3
SIM4
1
21
22
SIM5
SIM1
SIM2
SIM3
SIM4
1
21
22
SIM5
SIM1
SIM2
SIM3
SIM4
1
21
22
SIM5
SIM1
SIM2
SIM3
SIM4
1
21
22
SIM5
SIM1
SIM2
SIM3
SIM4
1
21
22
SIM5
SIM1
SIM2
SIM3
SIM4
1
21
22
SIM5
SIM1
SIM2
SIM3
SIM4
1
21
22
SIM5
SIM1
SIM2
SIM3
SIM4
1
21
22
SIM5
SIM1
SIM2
SIM3
SIM4
1
21
22
SIM5
SIM1
SIM2
SIM3
SIM4
1
21
22
SIM5
SIM1
SIM2
SIM3
SIM4
1
21
22
SIM5
SIM1
SIM2
SIM3
SIM4
1
21
22
SIM5
SIM1
SIM2
SIM3
SIM4
1
21
22
SIM5
SIM1
SIM2
SIM3
SIM4
1
21
22
SIM5
SIM1
SIM2
SIM3
SIM4
1
21
22
SIM5
SIM1
SIM2
SIM3
SIM4
1
21
22
SIM5
SIM1
SIM2
SIM3
SIM4
1
21
22
SIM5
SIM1
SIM2
SIM3
SIM4
1
21
22
SIM5
SIM1
SIM2
SIM3
SIM4
1
21
22
SIM5
SIM1
SIM2
SIM3
SIM4
1
21
22
SIM5
SIM1
SIM2
SIM3
SIM4
1
21
22
SIM5
SIM1
SIM2
SIM3
SIM4
1
21
22
SIM5
SIM1
SIM2
SIM3
SIM4
1
21
22
SIM5
SIM1
SIM2
SIM3
SIM4
1
21
22
SIM5
SIM1
SIM2
SIM3
SIM4
1
21
22
SIM5
SIM1
SIM2
SIM3
SIM4
1
21
22
SIM5
SIM1
SIM2
SIM3
SIM4
1
21
22
SIM5
SIM1
SIM2
SIM3
SIM4
1
21
22
SIM5
SIM1
SIM2
SIM3
SIM4
1
21
22
SIM5
SIM1
SIM2
SIM3
SIM4
1
21
22
SIM5
SIM1
SIM2
SIM3
SIM4
1
21
22
SIM5
SIM1
SIM2
SIM3
SIM4
1
21
22
SIM5
SIM1
SIM2
SIM3
SIM4
1
21
22
SIM5
SIM1
SIM2
SIM3
SIM4
1
21
22
SIM5
SIM1
SIM2
SIM3
SIM4
1
21
22
SIM5
SIM1
SIM2
SIM3
SIM4
1
21
22
SIM5
SIM1
SIM2
SIM3
SIM4
1
21
22
SIM5
SIM1
SIM2
SIM3
SIM4
1
21
22
SIM5
SIM1
SIM2
SIM3
SIM4
1
21
22
SIM5
SIM1
SIM2
SIM3
SIM4
1
21
22
SIM5
SIM1
SIM2
SIM3
SIM4
1
21
22
SIM5
SIM1
SIM2
SIM3
SIM4
1
21
22
SIM5
SIM1
SIM2
SIM3
SIM4
1
21
22
SIM5
SIM1
SIM2
SIM3
SIM4
1
21
22
SIM5
SIM1
SIM2
SIM3
SIM4
1
21
22
SIM5
SIM1
SIM2
SIM3
SIM4
1
21
22
SIM5
SIM1
SIM2
SIM3
SIM4
1
21
22
SIM5
SIM1
SIM2
SIM3
SIM4
1
21
22
SIM5
SIM1
SIM2
SIM3
SIM4
1
21
22
SIM5
SIM1
SIM2
SIM3
SIM4
1
21
22
SIM5
SIM1
SIM2
SIM3
SIM4
1
21
22
SIM5
SIM1
SIM2
SIM3
SIM4
1
21
22
SIM5
SIM1
SIM2
SIM3
SIM4
1
21
22
SIM5
SIM1
SIM2
SIM3
SIM4
1
21
22
SIM5
SIM1
SIM2
SIM3
SIM4
1
21
22
SIM5
SIM1
SIM2
SIM3
SIM4
1
21
22
SIM5
SIM1
SIM2
SIM3
SIM4
1
21
22
SIM5
SIM1
SIM2
SIM3
SIM4
1
21
22
SIM5
SIM1
SIM2
SIM3
SIM4
1
21
22
SIM5
SIM1
SIM2
SIM3
SIM4
1
21
22
SIM5
SIM1
SIM2
SIM3
SIM4
1
21
22
SIM5
SIM1
SIM2
SIM3
SIM4
1
21
22
SIM5
SIM1
SIM2
SIM3
SIM4
1
21
22
SIM5
SIM1
SIM2
SIM3
SIM4
1
21
22
SIM5
SIM1
SIM2
SIM3
SIM4
1
21
22
SIM5
SIM1
SIM2
SIM3
SIM4
1
21
22
SIM5
SIM1
SIM2
SIM3
SIM4
1
21
22
SIM5
SIM1
SIM2
SIM3
SIM4
1
21
22
SIM5
SIM1
SIM2
SIM3
SIM4
1
21
22
SIM5
SIM1
SIM2
SIM3
SIM4
1
21
22
SIM5
SIM1
SIM2
SIM3
SIM4
1
21
22
SIM5
SIM1
SIM2
SIM3
SIM4
1
21
22
SIM5
SIM1
SIM2
SIM3
SIM4
1
21
22
SIM5
SIM1
SIM2
SIM3
SIM4
1
21
22
SIM5
SIM1
SIM2
SIM3
SIM4
1
21
22
SIM5
SIM1
SIM2
SIM3
SIM4
1
21
22
SIM5
SIM1
SIM2
SIM3
SIM4
1
21
22
SIM5
SIM1
SIM2
SIM3
SIM4
1
21
22
SIM5
SIM1
SIM2
SIM3
SIM4
1
21
22
SIM5
SIM1
SIM2
SIM3
SIM4
1
21
22
SIM5
SIM1
SIM2
SIM3
SIM4
1
21
22
SIM5
SIM1
SIM2
SIM3
SIM4
1
21
22
SIM5
SIM1
SIM2
SIM3
SIM4
1
21
22
SIM5
SIM1
SIM2
SIM3
SIM4
1
21
22
SIM5
SIM1
SIM2
SIM3
SIM4
1
21
22
SIM5
SIM1
SIM2
SIM3
SIM4
1
21
22
SIM5
SIM1
SIM2
SIM3
SIM4
1
21
22
SIM5
SIM1
SIM2
SIM3
SIM4
1
21
22
SIM5
SIM1
SIM2
SIM3
SIM4
1
21
22
SIM5
SIM1
SIM2
SIM3
SIM4
1
21
22
SIM5
SIM1
SIM2
SIM3
SIM4
1
21
22
SIM5
SIM1
SIM2
SIM3
SIM4
1
21
22
SIM5
SIM1
SIM2
SIM3
SIM4
1
21
22
SIM5
SIM1
SIM2
SIM3
SIM4
1
21
22
SIM5
SIM1
SIM2
SIM3
SIM4
1
21
22
SIM5
SIM1
SIM2
SIM3
SIM4
1
21
22
SIM5
SIM1
SIM2
SIM3
SIM4
1
21
22
SIM5
SIM1
SIM2
SIM3
SIM4
1
21
22
SIM5
SIM1
SIM2
SIM3
SIM4
1
21
22
SIM5
SIM1
SIM2
SIM3
SIM4
1
21
22
SIM5
SIM1
SIM2
SIM3
SIM4
1
21
22
SIM5
SIM1
SIM2
SIM3
SIM4
1
21
22
SIM5
SIM1
SIM2
DEBUG 1 937
SIM1
SIM2
SIM3
SIM4
1
21
22
SIM5
SIM1
SIM2
SIM3
SIM4
1
21
22
SIM5
SIM1
SIM2
SIM3
SIM4
1
21
22
SIM5
SIM1
SIM2
SIM3
SIM4
1
21
22
SIM5
SIM1
SIM2
SIM3
SIM4
1
21
22
SIM5
SIM1
SIM2
SIM3
SIM4
1
21
22
SIM5
SIM1
SIM2
SIM3
SIM4
1
21
22
SIM5
SIM1
SIM2
SIM3
SIM4
1
21
22
SIM5
SIM1
SIM2
SIM3
SIM4
1
21
22
SIM5
SIM1
SIM2
SIM3
SIM4
1
21
22
SIM5
SIM1
SIM2
SIM3
SIM4
1
21
22
SIM5
SIM1
SIM2
SIM3
SIM4
1
21
22
SIM5
SIM1
SIM2
SIM3
SIM4
1
21
22
SIM5
SIM1
SIM2
SIM3
SIM4
1
21
22
SIM5
SIM1
SIM2
SIM3
SIM4
1
21
22
SIM5
SIM1
SIM2
SIM3
SIM4
1
21
22
SIM5
SIM1
SIM2
SIM3
SIM4
1
21
22
SIM5
SIM1
SIM2
SIM3
SIM4
1
21
22
SIM5
SIM1
SIM2
SIM3
SIM4
1
21
22
SIM5
SIM1
SIM2
SIM3
SIM4
1
21
22
SIM5
SIM1
SIM2
SIM3
SIM4
1
21
22
SIM5
SIM1
SIM2
SIM3
SIM4
1
21
22
SIM5
SIM1
SIM2
SIM3
SIM4
1
21
22
SIM5
SIM1
SIM2
SIM3
SIM4
1
21
22
SIM5
SIM1
SIM2
SIM3
SIM4
1
21
22
SIM5
SIM1
SIM2
SIM3
SIM4
1
21
22
SIM5
SIM1
SIM2
SIM3
SIM4
1
21
22
SIM5
SIM1
SIM2
SIM3
SIM4
1
21
22
SIM5
SIM1
SIM2
SIM3
SIM4
1
21
22
SIM5
SIM1
SIM2
SIM3
SIM4
1
21
22
SIM5
SIM1
SIM2
SIM3
SIM4
1
21
22
SIM5
SIM1
SIM2
SIM3
SIM4
1
21
22
SIM5
SIM1
SIM2
SIM3
SIM4
1
21
22
SIM5
SIM1
SIM2
SIM3
SIM4
1
21
22
SIM5
SIM1
SIM2
SIM3
SIM4
1
21
22
SIM5
SIM1
SIM2
SIM3
SIM4
1
21
22
SIM5
SIM1
SIM2
SIM3
SIM4
1
21
22
SIM5
SIM1
SIM2
SIM3
SIM4
1
21
22
SIM5
SIM1
SIM2
SIM3
SIM4
1
21
22
SIM5
SIM1
SIM2
SIM3
SIM4
1
21
22
SIM5
SIM1
SIM2
SIM3
SIM4
1
21
22
SIM5
SIM1
SIM2
SIM3
SIM4
1
21
22
SIM5
SIM1
SIM2
SIM3
SIM4
1
21
22
SIM5
SIM1
SIM2
SIM3
SIM4
1
21
22
SIM5
SIM1
SIM2
SIM3
SIM4
1
21
22
SIM5
SIM1
SIM2
SIM3
SIM4
1
21
22
SIM5
SIM1
SIM2
SIM3
SIM4
1
21
22
SIM5
SIM1
SIM2
SIM3
SIM4
1
21
22
SIM5
SIM1
SIM2
SIM3
SIM4
1
21
22
SIM5
SIM1
SIM2
SIM3
SIM4
1
21
22
SIM5
SIM1
SIM2
SIM3
SIM4
1
21
22
SIM5
SIM1
SIM2
SIM3
SIM4
1
21
22
SIM5
SIM1
SIM2
SIM3
SIM4
1
21
22
SIM5
SIM1
SIM2
SIM3
SIM4
1
21
22
SIM5
SIM1
SIM2
SIM3
SIM4
1
21
22
SIM5
SIM1
SIM2
SIM3
SIM4
1
21
22
SIM5
SIM1
SIM2
SIM3
SIM4
1
21
22
SIM5
SIM1
SIM2
SIM3
SIM4
1
21
22
SIM5
SIM1
SIM2
SIM3
SIM4
1
21
22
SIM5
SIM1
SIM2
SIM3
SIM4
1
21
22
SIM5
SIM1
SIM2
SIM3
SIM4
1
21
22
SIM5
SIM1
SIM2
SIM3
SIM4
1
21
22
SIM5
SIM1
SIM2
SIM3
SIM4
1
21
22
SIM5
SIM1
SIM2
SIM3
SIM4
1
21
22
SIM5
SIM1
SIM2
SIM3
SIM4
1
21
22
SIM5
SIM1
SIM2
SIM3
SIM4
1
21
22
SIM5
SIM1
SIM2
SIM3
SIM4
1
21
22
SIM5
SIM1
SIM2
SIM3
SIM4
1
21
22
SIM5
SIM1
SIM2
SIM3
SIM4
1
21
22
SIM5
SIM1
SIM2
SIM3
SIM4
1
21
22
SIM5
SIM1
SIM2
SIM3
SIM4
1
21
22
SIM5
SIM1
SIM2
SIM3
SIM4
1
21
22
SIM5
SIM1
SIM2
SIM3
SIM4
1
21
22
SIM5
SIM1
SIM2
SIM3
SIM4
1
21
22
SIM5
SIM1
SIM2
SIM3
SIM4
1
21
22
SIM5
SIM1
SIM2
SIM3
SIM4
1
21
22
SIM5
SIM1
SIM2
SIM3
SIM4
1
21
22
SIM5
SIM1
SIM2
SIM3
SIM4
1
21
22
SIM5
SIM1
SIM2
SIM3
SIM4
1
21
22
SIM5
SIM1
SIM2
SIM3
SIM4
1
21
22
SIM5
SIM1
SIM2
SIM3
SIM4
1
21
22
SIM5
SIM1
SIM2
SIM3
SIM4
1
21
22
SIM5
SIM1
SIM2
SIM3
SIM4
1
21
22
SIM5
SIM1
SIM2
SIM3
SIM4
1
21
22
SIM5
SIM1
SIM2
SIM3
SIM4
1
21
22
SIM5
SIM1
SIM2
SIM3
SIM4
1
21
22
SIM5
SIM1
SIM2
SIM3
SIM4
1
21
22
SIM5
SIM1
SIM2
SIM3
SIM4
1
21
22
SIM5
SIM1
SIM2
SIM3
SIM4
1
21
22
SIM5
SIM1
SIM2
SIM3
SIM4
1
21
22
SIM5
SIM1
SIM2
SIM3
SIM4
1
21
22
SIM5
SIM1
SIM2
SIM3
SIM4
1
21
22
SIM5
SIM1
SIM2
SIM3
SIM4
1
21
22
SIM5
SIM1
SIM2
SIM3
SIM4
1
21
22
SIM5
SIM1
SIM2
SIM3
SIM4
1
21
22
SIM5
SIM1
SIM2
SIM3
SIM4
1
21
22
SIM5
SIM1
SIM2
SIM3
SIM4
1
21
22
SIM5
SIM1
SIM2
SIM3
SIM4
1
21
22
SIM5
SIM1
SIM2
SIM3
SIM4
1
21
22
SIM5
SIM1
SIM2
SIM3
SIM4
1
21
22
SIM5
SIM1
SIM2
SIM3
SIM4
1
21
22
SIM5
SIM1
SIM2
SIM3
SIM4
1
21
22
SIM5
SIM1
SIM2
SIM3
SIM4
1
21
22
SIM5
SIM1
SIM2
SIM3
SIM4
1
21
22
SIM5
SIM1
SIM2
SIM3
SIM4
1
21
22
SIM5
SIM1
SIM2
SIM3
SIM4
1
21
22
SIM5
SIM1
SIM2
SIM3
SIM4
1
21
22
SIM5
SIM1
SIM2
SIM3
SIM4
1
21
22
SIM5
SIM1
SIM2
SIM3
SIM4
1
21
22
SIM5
SIM1
SIM2
SIM3
SIM4
1
21
22
SIM5
SIM1
SIM2
SIM3
SIM4
1
21
22
SIM5
SIM1
SIM2
SIM3
SIM4
1
21
22
SIM5
SIM1
SIM2
SIM3
SIM4
1
21
22
SIM5
SIM1
SIM2
SIM3
SIM4
1
21
22
SIM5
SIM1
SIM2
SIM3
SIM4
1
21
22
SIM5
SIM1
SIM2
SIM3
SIM4
1
21
22
SIM5
SIM1
SIM2
SIM3
SIM4
1
21
22
SIM5
SIM1
SIM2
SIM3
SIM4
1
21
22
SIM5
SIM1
SIM2
SIM3
SIM4
1
21
22
SIM5
SIM1
SIM2
SIM3
SIM4
1
21
22
SIM5
SIM1
SIM2
SIM3
SIM4
1
21
22
SIM5
SIM1
SIM2
SIM3
SIM4
1
21
22
SIM5
SIM1
SIM2
SIM3
SIM4
1
21
22
SIM5
SIM1
SIM2
SIM3
SIM4
1
21
22
SIM5
SIM1
SIM2
SIM3
SIM4
1
21
22
SIM5
SIM1
SIM2
SIM3
SIM4
1
21
22
SIM5
SIM1
SIM2
SIM3
SIM4
1
21
22
SIM5
SIM1
SIM2
SIM3
SIM4
1
21
22
SIM5
SIM1
SIM2
SIM3
SIM4
1
21
22
SIM5
SIM1
SIM2
SIM3
SIM4
1
21
22
SIM5
SIM1
SIM2
SIM3
SIM4
1
21
22
SIM5
SIM1
SIM2
SIM3
SIM4
1
21
22
SIM5
SIM1
SIM2
SIM3
SIM4
1
21
22
SIM5
SIM1
SIM2
SIM3
SIM4
1
21
22
SIM5
SIM1
SIM2
SIM3
SIM4
1
21
22
SIM5
SIM1
SIM2
SIM3
SIM4
1
21
22
SIM5
SIM1
SIM2
SIM3
SIM4
1
21
22
SIM5
SIM1
SIM2
SIM3
SIM4
1
21
22
SIM5
SIM1
SIM2
SIM3
SIM4
1
21
22
SIM5
SIM1
SIM2
SIM3
SIM4
1
21
22
SIM5
SIM1
SIM2
SIM3
SIM4
1
21
22
SIM5
SIM1
SIM2
SIM3
SIM4
1
21
22
SIM5
SIM1
SIM2
SIM3
SIM4
1
21
22
SIM5
SIM1
SIM2
SIM3
SIM4
1
21
22
SIM5
SIM1
SIM2
SIM3
SIM4
1
21
22
SIM5
SIM1
SIM2
SIM3
SIM4
1
21
22
SIM5
SIM1
SIM2
SIM3
SIM4
1
21
22
SIM5
SIM1
SIM2
SIM3
SIM4
1
21
22
SIM5
SIM1
SIM2
SIM3
SIM4
1
21
22
SIM5
SIM1
SIM2
SIM3
SIM4
1
21
22
SIM5
SIM1
SIM2
SIM3
SIM4
1
21
22
SIM5
SIM1
SIM2
SIM3
SIM4
1
21
22
SIM5
SIM1
SIM2
SIM3
SIM4
1
21
22
SIM5
SIM1
SIM2
SIM3
SIM4
1
21
22
SIM5
SIM1
SIM2
SIM3
SIM4
1
21
22
SIM5
SIM1
SIM2
SIM3
SIM4
1
21
22
SIM5
SIM1
SIM2
SIM3
SIM4
1
21
22
SIM5
SIM1
SIM2
SIM3
SIM4
1
21
22
SIM5
SIM1
SIM2
SIM3
SIM4
1
21
22
SIM5
SIM1
SIM2
SIM3
SIM4
1
21
22
SIM5
SIM1
SIM2
SIM3
SIM4
1
21
22
SIM5
SIM1
SIM2
SIM3
SIM4
1
21
22
SIM5
SIM1
SIM2
SIM3
SIM4
1
21
22
SIM5
SIM1
SIM2
SIM3
SIM4
1
21
22
SIM5
SIM1
SIM2
SIM3
SIM4
1
21
22
SIM5
SIM1
SIM2
SIM3
SIM4
1
21
22
SIM5
SIM1
SIM2
SIM3
SIM4
1
21
22
SIM5
SIM1
SIM2
SIM3
SIM4
1
21
22
SIM5
SIM1
SIM2
SIM3
SIM4
1
21
22
SIM5
SIM1
SIM2
SIM3
SIM4
1
21
22
SIM5
SIM1
SIM2
SIM3
SIM4
1
21
22
SIM5
SIM1
SIM2
SIM3
SIM4
1
21
22
SIM5
SIM1
SIM2
SIM3
SIM4
1
21
22
SIM5
SIM1
SIM2
SIM3
SIM4
1
21
22
SIM5
SIM1
SIM2
SIM3
SIM4
1
21
22
SIM5
SIM1
SIM2
SIM3
SIM4
1
21
22
SIM5
SIM1
SIM2
SIM3
SIM4
1
21
22
SIM5
SIM1
SIM2
SIM3
SIM4
1
21
22
SIM5
SIM1
SIM2
SIM3
SIM4
1
21
22
SIM5
SIM1
SIM2
SIM3
SIM4
1
21
22
SIM5
SIM1
SIM2
SIM3
SIM4
1
21
22
SIM5
SIM1
SIM2
SIM3
SIM4
1
21
22
SIM5
SIM1
SIM2
SIM3
SIM4
1
21
22
SIM5
SIM1
SIM2
SIM3
SIM4
1
21
22
SIM5
SIM1
SIM2
SIM3
SIM4
1
21
22
SIM5
SIM1
SIM2
SIM3
SIM4
1
21
22
SIM5
SIM1
SIM2
SIM3
SIM4
1
21
22
SIM5
SIM1
SIM2
SIM3
SIM4
1
21
22
SIM5
SIM1
SIM2
SIM3
SIM4
1
21
22
SIM5
SIM1
SIM2
SIM3
SIM4
1
21
22
SIM5
SIM1
SIM2
SIM3
SIM4
1
21
22
SIM5
SIM1
SIM2
SIM3
SIM4
1
21
22
SIM5
SIM1
SIM2
SIM3
SIM4
1
21
22
SIM5
SIM1
SIM2
SIM3
SIM4
1
21
22
SIM5
SIM1
SIM2
SIM3
SIM4
1
21
22
SIM5
SIM1
SIM2
SIM3
SIM4
1
21
22
SIM5
SIM1
SIM2
DEBUG 1 938
SIM1
SIM2
SIM3
SIM4
1
21
22
SIM5
SIM1
SIM2
SIM3
SIM4
1
21
22
SIM5
SIM1
SIM2
SIM3
SIM4
1
21
22
SIM5
SIM1
SIM2
SIM3
SIM4
1
21
22
SIM5
SIM1
SIM2
SIM3
SIM4
1
21
22
SIM5
SIM1
SIM2
SIM3
SIM4
1
21
22
SIM5
SIM1
SIM2
SIM3
SIM4
1
21
22
SIM5
SIM1
SIM2
SIM3
SIM4
1
21
22
SIM5
SIM1
SIM2
SIM3
SIM4
1
21
22
SIM5
SIM1
SIM2
SIM3
SIM4
1
21
22
SIM5
SIM1
SIM2
SIM3
SIM4
1
21
22
SIM5
SIM1
SIM2
SIM3
SIM4
1
21
22
SIM5
SIM1
SIM2
SIM3
SIM4
1
21
22
SIM5
SIM1
SIM2
SIM3
SIM4
1
21
22
SIM5
SIM1
SIM2
SIM3
SIM4
1
21
22
SIM5
SIM1
SIM2
SIM3
SIM4
1
21
22
SIM5
SIM1
SIM2
SIM3
SIM4
1
21
22
SIM5
SIM1
SIM2
SIM3
SIM4
1
21
22
SIM5
SIM1
SIM2
SIM3
SIM4
1
21
22
SIM5
SIM1
SIM2
SIM3
SIM4
1
21
22
SIM5
SIM1
SIM2
SIM3
SIM4
1
21
22
SIM5
SIM1
SIM2
SIM3
SIM4
1
21
22
SIM5
SIM1
SIM2
SIM3
SIM4
1
21
22
SIM5
SIM1
SIM2
SIM3
SIM4
1
21
22
SIM5
SIM1
SIM2
SIM3
SIM4
1
21
22
SIM5
SIM1
SIM2
SIM3
SIM4
1
21
22
SIM5
SIM1
SIM2
SIM3
SIM4
1
21
22
SIM5
SIM1
SIM2
SIM3
SIM4
1
21
22
SIM5
SIM1
SIM2
SIM3
SIM4
1
21
22
SIM5
SIM1
SIM2
SIM3
SIM4
1
21
22
SIM5
SIM1
SIM2
SIM3
SIM4
1
21
22
SIM5
SIM1
SIM2
SIM3
SIM4
1
21
22
SIM5
SIM1
SIM2
SIM3
SIM4
1
21
22
SIM5
SIM1
SIM2
SIM3
SIM4
1
21
22
SIM5
SIM1
SIM2
SIM3
SIM4
1
21
22
SIM5
SIM1
SIM2
SIM3
SIM4
1
21
22
SIM5
SIM1
SIM2
SIM3
SIM4
1
21
22
SIM5
SIM1
SIM2
SIM3
SIM4
1
21
22
SIM5
SIM1
SIM2
SIM3
SIM4
1
21
22
SIM5
SIM1
SIM2
SIM3
SIM4
1
21
22
SIM5
SIM1
SIM2
SIM3
SIM4
1
21
22
SIM5
SIM1
SIM2
SIM3
SIM4
1
21
22
SIM5
SIM1
SIM2
SIM3
SIM4
1
21
22
SIM5
SIM1
SIM2
SIM3
SIM4
1
21
22
SIM5
SIM1
SIM2
SIM3
SIM4
1
21
22
SIM5
SIM1
SIM2
SIM3
SIM4
1
21
22
SIM5
SIM1
SIM2
SIM3
SIM4
1
21
22
SIM5
SIM1
SIM2
SIM3
SIM4
1
21
22
SIM5
SIM1
SIM2
SIM3
SIM4
1
21
22
SIM5
SIM1
SIM2
SIM3
SIM4
1
21
22
SIM5
SIM1
SIM2
SIM3
SIM4
1
21
22
SIM5
SIM1
SIM2
SIM3
SIM4
1
21
22
SIM5
SIM1
SIM2
SIM3
SIM4
1
21
22
SIM5
SIM1
SIM2
SIM3
SIM4
1
21
22
SIM5
SIM1
SIM2
SIM3
SIM4
1
21
22
SIM5
SIM1
SIM2
SIM3
SIM4
1
21
22
SIM5
SIM1
SIM2
SIM3
SIM4
1
21
22
SIM5
SIM1
SIM2
SIM3
SIM4
1
21
22
SIM5
SIM1
SIM2
SIM3
SIM4
1
21
22
SIM5
SIM1
SIM2
SIM3
SIM4
1
21
22
SIM5
SIM1
SIM2
SIM3
SIM4
1
21
22
SIM5
SIM1
SIM2
SIM3
SIM4
1
21
22
SIM5
SIM1
SIM2
SIM3
SIM4
1
21
22
SIM5
SIM1
SIM2
SIM3
SIM4
1
21
22
SIM5
SIM1
SIM2
SIM3
SIM4
1
21
22
SIM5
SIM1
SIM2
SIM3
SIM4
1
21
22
SIM5
SIM1
SIM2
SIM3
SIM4
1
21
22
SIM5
SIM1
SIM2
SIM3
SIM4
1
21
22
SIM5
SIM1
SIM2
SIM3
SIM4
1
21
22
SIM5
SIM1
SIM2
SIM3
SIM4
1
21
22
SIM5
SIM1
SIM2
SIM3
SIM4
1
21
22
SIM5
SIM1
SIM2
SIM3
SIM4
1
21
22
SIM5
SIM1
SIM2
SIM3
SIM4
1
21
22
SIM5
SIM1
SIM2
SIM3
SIM4
1
21
22
SIM5
SIM1
SIM2
SIM3
SIM4
1
21
22
SIM5
SIM1
SIM2
SIM3
SIM4
1
21
22
SIM5
SIM1
SIM2
SIM3
SIM4
1
21
22
SIM5
SIM1
SIM2
SIM3
SIM4
1
21
22
SIM5
SIM1
SIM2
SIM3
SIM4
1
21
22
SIM5
SIM1
SIM2
SIM3
SIM4
1
21
22
SIM5
SIM1
SIM2
SIM3
SIM4
1
21
22
SIM5
SIM1
SIM2
SIM3
SIM4
1
21
22
SIM5
SIM1
SIM2
SIM3
SIM4
1
21
22
SIM5
SIM1
SIM2
SIM3
SIM4
1
21
22
SIM5
SIM1
SIM2
SIM3
SIM4
1
21
22
SIM5
SIM1
SIM2
SIM3
SIM4
1
21
22
SIM5
SIM1
SIM2
SIM3
SIM4
1
21
22
SIM5
SIM1
SIM2
SIM3
SIM4
1
21
22
SIM5
SIM1
SIM2
SIM3
SIM4
1
21
22
SIM5
SIM1
SIM2
SIM3
SIM4
1
21
22
SIM5
SIM1
SIM2
SIM3
SIM4
1
21
22
SIM5
SIM1
SIM2
SIM3
SIM4
1
21
22
SIM5
SIM1
SIM2
SIM3
SIM4
1
21
22
SIM5
SIM1
SIM2
SIM3
SIM4
1
21
22
SIM5
SIM1
SIM2
SIM3
SIM4
1
21
22
SIM5
SIM1
SIM2
SIM3
SIM4
1
21
22
SIM5
SIM1
SIM2
SIM3
SIM4
1
21
22
SIM5
SIM1
SIM2
SIM3
SIM4
1
21
22
SIM5
SIM1
SIM2
SIM3
SIM4
1
21
22
SIM5
SIM1
SIM2
SIM3
SIM4
1
21
22
SIM5
SIM1
SIM2
SIM3
SIM4
1
21
22
SIM5
SIM1
SIM2
SIM3
SIM4
1
21
22
SIM5
SIM1
SIM2
SIM3
SIM4
1
21
22
SIM5
SIM1
SIM2
SIM3
SIM4
1
21
22
SIM5
SIM1
SIM2
SIM3
SIM4
1
21
22
SIM5
SIM1
SIM2
SIM3
SIM4
1
21
22
SIM5
SIM1
SIM2
SIM3
SIM4
1
21
22
SIM5
SIM1
SIM2
SIM3
SIM4
1
21
22
SIM5
SIM1
SIM2
SIM3
SIM4
1
21
22
SIM5
SIM1
SIM2
SIM3
SIM4
1
21
22
SIM5
SIM1
SIM2
SIM3
SIM4
1
21
22
SIM5
SIM1
SIM2
SIM3
SIM4
1
21
22
SIM5
SIM1
SIM2
SIM3
SIM4
1
21
22
SIM5
SIM1
SIM2
SIM3
SIM4
1
21
22
SIM5
SIM1
SIM2
SIM3
SIM4
1
21
22
SIM5
SIM1
SIM2
SIM3
SIM4
1
21
22
SIM5
SIM1
SIM2
SIM3
SIM4
1
21
22
SIM5
SIM1
SIM2
SIM3
SIM4
1
21
22
SIM5
SIM1
SIM2
SIM3
SIM4
1
21
22
SIM5
SIM1
SIM2
SIM3
SIM4
1
21
22
SIM5
SIM1
SIM2
SIM3
SIM4
1
21
22
SIM5
SIM1
SIM2
SIM3
SIM4
1
21
22
SIM5
SIM1
SIM2
SIM3
SIM4
1
21
22
SIM5
SIM1
SIM2
SIM3
SIM4
1
21
22
SIM5
SIM1
SIM2
SIM3
SIM4
1
21
22
SIM5
SIM1
SIM2
SIM3
SIM4
1
21
22
SIM5
SIM1
SIM2
SIM3
SIM4
1
21
22
SIM5
SIM1
SIM2
SIM3
SIM4
1
21
22
SIM5
SIM1
SIM2
SIM3
SIM4
1
21
22
SIM5
SIM1
SIM2
SIM3
SIM4
1
21
22
SIM5
SIM1
SIM2
SIM3
SIM4
1
21
22
SIM5
SIM1
SIM2
SIM3
SIM4
1
21
22
SIM5
SIM1
SIM2
SIM3
SIM4
1
21
22
SIM5
SIM1
SIM2
SIM3
SIM4
1
21
22
SIM5
SIM1
SIM2
SIM3
SIM4
1
21
22
SIM5
SIM1
SIM2
SIM3
SIM4
1
21
22
SIM5
SIM1
SIM2
SIM3
SIM4
1
21
22
SIM5
SIM1
SIM2
SIM3
SIM4
1
21
22
SIM5
SIM1
SIM2
SIM3
SIM4
1
21
22
SIM5
SIM1
SIM2
SIM3
SIM4
1
21
22
SIM5
SIM1
SIM2
SIM3
SIM4
1
21
22
SIM5
SIM1
SIM2
SIM3
SIM4
1
21
22
SIM5
SIM1
SIM2
SIM3
SIM4
1
21
22
SIM5
SIM1
SIM2
SIM3
SIM4
1
21
22
SIM5
SIM1
SIM2
SIM3
SIM4
1
21
22
SIM5
SIM1
SIM2
SIM3
SIM4
1
21
22
SIM5
SIM1
SIM2
SIM3
SIM4
1
21
22
SIM5
SIM1
SIM2
SIM3
SIM4
1
21
22
SIM5
SIM1
SIM2
SIM3
SIM4
1
21
22
SIM5
SIM1
SIM2
SIM3
SIM4
1
21
22
SIM5
SIM1
SIM2
SIM3
SIM4
1
21
22
SIM5
SIM1
SIM2
SIM3
SIM4
1
21
22
SIM5
SIM1
SIM2
SIM3
SIM4
1
21
22
SIM5
SIM1
SIM2
SIM3
SIM4
1
21
22
SIM5
SIM1
SIM2
SIM3
SIM4
1
21
22
SIM5
SIM1
SIM2
SIM3
SIM4
1
21
22
SIM5
SIM1
SIM2
SIM3
SIM4
1
21
22
SIM5
SIM1
SIM2
SIM3
SIM4
1
21
22
SIM5
SIM1
SIM2
SIM3
SIM4
1
21
22
SIM5
SIM1
SIM2
SIM3
SIM4
1
21
22
SIM5
SIM1
SIM2
SIM3
SIM4
1
21
22
SIM5
SIM1
SIM2
SIM3
SIM4
1
21
22
SIM5
SIM1
SIM2
SIM3
SIM4
1
21
22
SIM5
SIM1
SIM2
SIM3
SIM4
1
21
22
SIM5
SIM1
SIM2
SIM3
SIM4
1
21
22
SIM5
SIM1
SIM2
SIM3
SIM4
1
21
22
SIM5
SIM1
SIM2
SIM3
SIM4
1
21
22
SIM5
SIM1
SIM2
SIM3
SIM4
1
21
22
SIM5
SIM1
SIM2
SIM3
SIM4
1
21
22
SIM5
SIM1
SIM2
SIM3
SIM4
1
21
22
SIM5
SIM1
SIM2
SIM3
SIM4
1
21
22
SIM5
SIM1
SIM2
SIM3
SIM4
1
21
22
SIM5
SIM1
SIM2
SIM3
SIM4
1
21
22
SIM5
SIM1
SIM2
SIM3
SIM4
1
21
22
SIM5
SIM1
SIM2
SIM3
SIM4
1
21
22
SIM5
SIM1
SIM2
SIM3
SIM4
1
21
22
SIM5
SIM1
SIM2
SIM3
SIM4
1
21
22
SIM5
SIM1
SIM2
SIM3
SIM4
1
21
22
SIM5
SIM1
SIM2
SIM3
SIM4
1
21
22
SIM5
SIM1
SIM2
SIM3
SIM4
1
21
22
SIM5
SIM1
SIM2
SIM3
SIM4
1
21
22
SIM5
SIM1
SIM2
SIM3
SIM4
1
21
22
SIM5
SIM1
SIM2
SIM3
SIM4
1
21
22
SIM5
SIM1
SIM2
SIM3
SIM4
1
21
22
SIM5
SIM1
SIM2
SIM3
SIM4
1
21
22
SIM5
SIM1
SIM2
SIM3
SIM4
1
21
22
SIM5
SIM1
SIM2
SIM3
SIM4
1
21
22
SIM5
SIM1
SIM2
SIM3
SIM4
1
21
22
SIM5
SIM1
SIM2
SIM3
SIM4
1
21
22
SIM5
SIM1
SIM2
SIM3
SIM4
1
21
22
SIM5
SIM1
SIM2
SIM3
SIM4
1
21
22
SIM5
SIM1
SIM2
SIM3
SIM4
1
21
22
SIM5
SIM1
SIM2
SIM3
SIM4
1
21
22
SIM5
SIM1
SIM2
SIM3
SIM4
1
21
22
SIM5
SIM1
SIM2
SIM3
SIM4
1
21
22
SIM5
SIM1
SIM2
SIM3
SIM4
1
21
22
SIM5
SIM1
SIM2
SIM3
SIM4
1
21
22
SIM5
SIM1
SIM2
SIM3
SIM4
1
21
22
SIM5
SIM1
SIM2
SIM3
SIM4
1
21
22
SIM5
SIM1
SIM2
SIM3
SIM4
1
21
22
SIM5
SIM1
SIM2
SIM3
SIM4
1
21
22
SIM5
SIM1
SIM2
SIM3
SIM4
1
21
22
SIM5
SIM1
SIM2
SIM3
SIM4
1
21
22
SIM5
SIM1
SIM2
SIM3
SIM4
1
21
22
SIM5
SIM1
SIM2
SIM3
SIM4
1
21
22
SIM5
SIM1
SIM2
SIM3
SIM4
1
21
22
SIM5
SIM1
SIM2
SIM3
SIM4
1
21
22
SIM5
SIM1
SIM2
SIM3
SIM4
1
21
22
SIM5
SIM1
SIM2
SIM3
SIM4
1
21
22
SIM5
SIM1
SIM2
SIM3
SIM4
1
21
22
SIM5
SIM1
SIM2
SIM3
SIM4
1
21
22
SIM5
SIM1
SIM2
SIM3
SIM4
1
21
22
SIM5
SIM1
SIM2
SIM3
SIM4
1
21
22
SIM5
SIM1
SIM2
SIM3
SIM4
1
21
22
SIM5
SIM1
SIM2
SIM3
SIM4
1
21
22
SIM5
SIM1
SIM2
SIM3
SIM4
1
21
22
SIM5
SIM1
SIM2
SIM3
SIM4
1
21
22
SIM5
SIM1
SIM2
SIM3
SIM4
1
21
22
SIM5
SIM1
SIM2
SIM3
SIM4
1
21
22
SIM5
SIM1
SIM2
SIM3
SIM4
1
21
22
SIM5
SIM1
SIM2
SIM3
SIM4
1
21
22
SIM5
SIM1
SIM2
SIM3
SIM4
1
21
22
SIM5
SIM1
SIM2
SIM3
SIM4
1
21
22
SIM5
SIM1
SIM2
SIM3
SIM4
1
21
22
SIM5
SIM1
SIM2
SIM3
SIM4
1
21
22
SIM5
SIM1
SIM2
SIM3
SIM4
1
21
22
SIM5
SIM1
SIM2
SIM3
SIM4
1
21
22
SIM5
SIM1
SIM2
SIM3
SIM4
1
21
22
SIM5
SIM1
SIM2
SIM3
SIM4
1
21
22
SIM5
SIM1
SIM2
DEBUG 1 939
SIM1
SIM2
SIM3
SIM4
1
21
22
SIM5
SIM1
SIM2
SIM3
SIM4
1
21
22
SIM5
SIM1
SIM2
SIM3
SIM4
1
21
22
SIM5
SIM1
SIM2
SIM3
SIM4
1
21
22
SIM5
SIM1
SIM2
SIM3
SIM4
1
21
22
SIM5
SIM1
SIM2
SIM3
SIM4
1
21
22
SIM5
SIM1
SIM2
SIM3
SIM4
1
21
22
SIM5
SIM1
SIM2
SIM3
SIM4
1
21
22
SIM5
SIM1
SIM2
SIM3
SIM4
1
21
22
SIM5
SIM1
SIM2
SIM3
SIM4
1
21
22
SIM5
SIM1
SIM2
SIM3
SIM4
1
21
22
SIM5
SIM1
SIM2
SIM3
SIM4
1
21
22
SIM5
SIM1
SIM2
SIM3
SIM4
1
21
22
SIM5
SIM1
SIM2
SIM3
SIM4
1
21
22
SIM5
SIM1
SIM2
SIM3
SIM4
1
21
22
SIM5
SIM1
SIM2
SIM3
SIM4
1
21
22
SIM5
SIM1
SIM2
SIM3
SIM4
1
21
22
SIM5
SIM1
SIM2
SIM3
SIM4
1
21
22
SIM5
SIM1
SIM2
SIM3
SIM4
1
21
22
SIM5
SIM1
SIM2
SIM3
SIM4
1
21
22
SIM5
SIM1
SIM2
SIM3
SIM4
1
21
22
SIM5
SIM1
SIM2
SIM3
SIM4
1
21
22
SIM5
SIM1
SIM2
SIM3
SIM4
1
21
22
SIM5
SIM1
SIM2
SIM3
SIM4
1
21
22
SIM5
SIM1
SIM2
SIM3
SIM4
1
21
22
SIM5
SIM1
SIM2
SIM3
SIM4
1
21
22
SIM5
SIM1
SIM2
SIM3
SIM4
1
21
22
SIM5
SIM1
SIM2
SIM3
SIM4
1
21
22
SIM5
SIM1
SIM2
SIM3
SIM4
1
21
22
SIM5
SIM1
SIM2
SIM3
SIM4
1
21
22
SIM5
SIM1
SIM2
SIM3
SIM4
1
21
22
SIM5
SIM1
SIM2
SIM3
SIM4
1
21
22
SIM5
SIM1
SIM2
SIM3
SIM4
1
21
22
SIM5
SIM1
SIM2
SIM3
SIM4
1
21
22
SIM5
SIM1
SIM2
SIM3
SIM4
1
21
22
SIM5
SIM1
SIM2
SIM3
SIM4
1
21
22
SIM5
SIM1
SIM2
SIM3
SIM4
1
21
22
SIM5
SIM1
SIM2
SIM3
SIM4
1
21
22
SIM5
SIM1
SIM2
SIM3
SIM4
1
21
22
SIM5
SIM1
SIM2
SIM3
SIM4
1
21
22
SIM5
SIM1
SIM2
SIM3
SIM4
1
21
22
SIM5
SIM1
SIM2
SIM3
SIM4
1
21
22
SIM5
SIM1
SIM2
SIM3
SIM4
1
21
22
SIM5
SIM1
SIM2
SIM3
SIM4
1
21
22
SIM5
SIM1
SIM2
SIM3
SIM4
1
21
22
SIM5
SIM1
SIM2
SIM3
SIM4
1
21
22
SIM5
SIM1
SIM2
SIM3
SIM4
1
21
22
SIM5
SIM1
SIM2
SIM3
SIM4
1
21
22
SIM5
SIM1
SIM2
SIM3
SIM4
1
21
22
SIM5
SIM1
SIM2
SIM3
SIM4
1
21
22
SIM5
SIM1
SIM2
SIM3
SIM4
1
21
22
SIM5
SIM1
SIM2
SIM3
SIM4
1
21
22
SIM5
SIM1
SIM2
SIM3
SIM4
1
21
22
SIM5
SIM1
SIM2
SIM3
SIM4
1
21
22
SIM5
SIM1
SIM2
SIM3
SIM4
1
21
22
SIM5
SIM1
SIM2
SIM3
SIM4
1
21
22
SIM5
SIM1
SIM2
SIM3
SIM4
1
21
22
SIM5
SIM1
SIM2
SIM3
SIM4
1
21
22
SIM5
SIM1
SIM2
SIM3
SIM4
1
21
22
SIM5
SIM1
SIM2
SIM3
SIM4
1
21
22
SIM5
SIM1
SIM2
SIM3
SIM4
1
21
22
SIM5
SIM1
SIM2
SIM3
SIM4
1
21
22
SIM5
SIM1
SIM2
SIM3
SIM4
1
21
22
SIM5
SIM1
SIM2
SIM3
SIM4
1
21
22
SIM5
SIM1
SIM2
SIM3
SIM4
1
21
22
SIM5
SIM1
SIM2
SIM3
SIM4
1
21
22
SIM5
SIM1
SIM2
SIM3
SIM4
1
21
22
SIM5
SIM1
SIM2
SIM3
SIM4
1
21
22
SIM5
SIM1
SIM2
SIM3
SIM4
1
21
22
SIM5
SIM1
SIM2
SIM3
SIM4
1
21
22
SIM5
SIM1
SIM2
SIM3
SIM4
1
21
22
SIM5
SIM1
SIM2
SIM3
SIM4
1
21
22
SIM5
SIM1
SIM2
SIM3
SIM4
1
21
22
SIM5
SIM1
SIM2
SIM3
SIM4
1
21
22
SIM5
SIM1
SIM2
SIM3
SIM4
1
21
22
SIM5
SIM1
SIM2
SIM3
SIM4
1
21
22
SIM5
SIM1
SIM2
SIM3
SIM4
1
21
22
SIM5
SIM1
SIM2
SIM3
SIM4
1
21
22
SIM5
SIM1
SIM2
SIM3
SIM4
1
21
22
SIM5
SIM1
SIM2
SIM3
SIM4
1
21
22
SIM5
SIM1
SIM2
SIM3
SIM4
1
21
22
SIM5
SIM1
SIM2
SIM3
SIM4
1
21
22
SIM5
SIM1
SIM2
SIM3
SIM4
1
21
22
SIM5
SIM1
SIM2
SIM3
SIM4
1
21
22
SIM5
SIM1
SIM2
SIM3
SIM4
1
21
22
SIM5
SIM1
SIM2
SIM3
SIM4
1
21
22
SIM5
SIM1
SIM2
SIM3
SIM4
1
21
22
SIM5
SIM1
SIM2
SIM3
SIM4
1
21
22
SIM5
SIM1
SIM2
SIM3
SIM4
1
21
22
SIM5
SIM1
SIM2
SIM3
SIM4
1
21
22
SIM5
SIM1
SIM2
SIM3
SIM4
1
21
22
SIM5
SIM1
SIM2
SIM3
SIM4
1
21
22
SIM5
SIM1
SIM2
SIM3
SIM4
1
21
22
SIM5
SIM1
SIM2
SIM3
SIM4
1
21
22
SIM5
SIM1
SIM2
SIM3
SIM4
1
21
22
SIM5
SIM1
SIM2
SIM3
SIM4
1
21
22
SIM5
SIM1
SIM2
SIM3
SIM4
1
21
22
SIM5
SIM1
SIM2
SIM3
SIM4
1
21
22
SIM5
SIM1
SIM2
SIM3
SIM4
1
21
22
SIM5
SIM1
SIM2
SIM3
SIM4
1
21
22
SIM5
SIM1
SIM2
SIM3
SIM4
1
21
22
SIM5
SIM1
SIM2
SIM3
SIM4
1
21
22
SIM5
SIM1
SIM2
SIM3
SIM4
1
21
22
SIM5
SIM1
SIM2
SIM3
SIM4
1
21
22
SIM5
SIM1
SIM2
SIM3
SIM4
1
21
22
SIM5
SIM1
SIM2
SIM3
SIM4
1
21
22
SIM5
SIM1
SIM2
SIM3
SIM4
1
21
22
SIM5
SIM1
SIM2
SIM3
SIM4
1
21
22
SIM5
SIM1
SIM2
SIM3
SIM4
1
21
22
SIM5
SIM1
SIM2
SIM3
SIM4
1
21
22
SIM5
SIM1
SIM2
SIM3
SIM4
1
21
22
SIM5
SIM1
SIM2
SIM3
SIM4
1
21
22
SIM5
SIM1
SIM2
SIM3
SIM4
1
21
22
SIM5
SIM1
SIM2
DEBUG 1 940
SIM1
SIM2
SIM3
SIM4
1
21
22
SIM5
SIM1
SIM2
SIM3
SIM4
1
21
22
SIM5
SIM1
SIM2
SIM3
SIM4
1
21
22
SIM5
SIM1
SIM2
SIM3
SIM4
1
21
22
SIM5
SIM1
SIM2
SIM3
SIM4
1
21
22
SIM5
SIM1
SIM2
SIM3
SIM4
1
21
22
SIM5
SIM1
SIM2
SIM3
SIM4
1
21
22
SIM5
SIM1
SIM2
SIM3
SIM4
1
21
22
SIM5
SIM1
SIM2
SIM3
SIM4
1
21
22
SIM5
SIM1
SIM2
SIM3
SIM4
1
21
22
SIM5
SIM1
SIM2
SIM3
SIM4
1
21
22
SIM5
SIM1
SIM2
SIM3
SIM4
1
21
22
SIM5
SIM1
SIM2
SIM3
SIM4
1
21
22
SIM5
SIM1
SIM2
SIM3
SIM4
1
21
22
SIM5
SIM1
SIM2
SIM3
SIM4
1
21
22
SIM5
SIM1
SIM2
SIM3
SIM4
1
21
22
SIM5
SIM1
SIM2
SIM3
SIM4
1
21
22
SIM5
SIM1
SIM2
SIM3
SIM4
1
21
22
SIM5
SIM1
SIM2
SIM3
SIM4
1
21
22
SIM5
SIM1
SIM2
SIM3
SIM4
1
21
22
SIM5
SIM1
SIM2
SIM3
SIM4
1
21
22
SIM5
SIM1
SIM2
SIM3
SIM4
1
21
22
SIM5
SIM1
SIM2
SIM3
SIM4
1
21
22
SIM5
SIM1
SIM2
SIM3
SIM4
1
21
22
SIM5
SIM1
SIM2
SIM3
SIM4
1
21
22
SIM5
SIM1
SIM2
SIM3
SIM4
1
21
22
SIM5
SIM1
SIM2
SIM3
SIM4
1
21
22
SIM5
SIM1
SIM2
SIM3
SIM4
1
21
22
SIM5
SIM1
SIM2
SIM3
SIM4
1
21
22
SIM5
SIM1
SIM2
SIM3
SIM4
1
21
22
SIM5
SIM1
SIM2
SIM3
SIM4
1
21
22
SIM5
SIM1
SIM2
SIM3
SIM4
1
21
22
SIM5
SIM1
SIM2
SIM3
SIM4
1
21
22
SIM5
SIM1
SIM2
SIM3
SIM4
1
21
22
SIM5
SIM1
SIM2
SIM3
SIM4
1
21
22
SIM5
SIM1
SIM2
SIM3
SIM4
1
21
22
SIM5
SIM1
SIM2
SIM3
SIM4
1
21
22
SIM5
SIM1
SIM2
SIM3
SIM4
1
21
22
SIM5
SIM1
SIM2
SIM3
SIM4
1
21
22
SIM5
SIM1
SIM2
SIM3
SIM4
1
21
22
SIM5
SIM1
SIM2
SIM3
SIM4
1
21
22
SIM5
SIM1
SIM2
SIM3
SIM4
1
21
22
SIM5
SIM1
SIM2
SIM3
SIM4
1
21
22
SIM5
SIM1
SIM2
SIM3
SIM4
1
21
22
SIM5
SIM1
SIM2
SIM3
SIM4
1
21
22
SIM5
SIM1
SIM2
SIM3
SIM4
1
21
22
SIM5
SIM1
SIM2
SIM3
SIM4
1
21
22
SIM5
SIM1
SIM2
SIM3
SIM4
1
21
22
SIM5
SIM1
SIM2
SIM3
SIM4
1
21
22
SIM5
SIM1
SIM2
SIM3
SIM4
1
21
22
SIM5
SIM1
SIM2
SIM3
SIM4
1
21
22
SIM5
SIM1
SIM2
SIM3
SIM4
1
21
22
SIM5
SIM1
SIM2
SIM3
SIM4
1
21
22
SIM5
SIM1
SIM2
SIM3
SIM4
1
21
22
SIM5
SIM1
SIM2
SIM3
SIM4
1
21
22
SIM5
SIM1
SIM2
SIM3
SIM4
1
21
22
SIM5
SIM1
SIM2
SIM3
SIM4
1
21
22
SIM5
SIM1
SIM2
SIM3
SIM4
1
21
22
SIM5
SIM1
SIM2
SIM3
SIM4
1
21
22
SIM5
SIM1
SIM2
SIM3
SIM4
1
21
22
SIM5
SIM1
SIM2
SIM3
SIM4
1
21
22
SIM5
SIM1
SIM2
SIM3
SIM4
1
21
22
SIM5
SIM1
SIM2
SIM3
SIM4
1
21
22
SIM5
SIM1
SIM2
SIM3
SIM4
1
21
22
SIM5
SIM1
SIM2
SIM3
SIM4
1
21
22
SIM5
SIM1
SIM2
SIM3
SIM4
1
21
22
SIM5
SIM1
SIM2
SIM3
SIM4
1
21
22
SIM5
SIM1
SIM2
SIM3
SIM4
1
21
22
SIM5
SIM1
SIM2
SIM3
SIM4
1
21
22
SIM5
SIM1
SIM2
SIM3
SIM4
1
21
22
SIM5
SIM1
SIM2
SIM3
SIM4
1
21
22
SIM5
SIM1
SIM2
SIM3
SIM4
1
21
22
SIM5
SIM1
SIM2
SIM3
SIM4
1
21
22
SIM5
SIM1
SIM2
SIM3
SIM4
1
21
22
SIM5
SIM1
SIM2
SIM3
SIM4
1
21
22
SIM5
SIM1
SIM2
SIM3
SIM4
1
21
22
SIM5
SIM1
SIM2
SIM3
SIM4
1
21
22
SIM5
SIM1
SIM2
SIM3
SIM4
1
21
22
SIM5
SIM1
SIM2
SIM3
SIM4
1
21
22
SIM5
SIM1
SIM2
SIM3
SIM4
1
21
22
SIM5
SIM1
SIM2
SIM3
SIM4
1
21
22
SIM5
SIM1
SIM2
SIM3
SIM4
1
21
22
SIM5
SIM1
SIM2
SIM3
SIM4
1
21
22
SIM5
SIM1
SIM2
SIM3
SIM4
1
21
22
SIM5
SIM1
SIM2
SIM3
SIM4
1
21
22
SIM5
SIM1
SIM2
SIM3
SIM4
1
21
22
SIM5
SIM1
SIM2
SIM3
SIM4
1
21
22
SIM5
SIM1
SIM2
SIM3
SIM4
1
21
22
SIM5
SIM1
SIM2
SIM3
SIM4
1
21
22
SIM5
SIM1
SIM2
SIM3
SIM4
1
21
22
SIM5
SIM1
SIM2
SIM3
SIM4
1
21
22
SIM5
SIM1
SIM2
SIM3
SIM4
1
21
22
SIM5
SIM1
SIM2
SIM3
SIM4
1
21
22
SIM5
SIM1
SIM2
SIM3
SIM4
1
21
22
SIM5
SIM1
SIM2
SIM3
SIM4
1
21
22
SIM5
SIM1
SIM2
SIM3
SIM4
1
21
22
SIM5
SIM1
SIM2
SIM3
SIM4
1
21
22
SIM5
SIM1
SIM2
SIM3
SIM4
1
21
22
SIM5
SIM1
SIM2
SIM3
SIM4
1
21
22
SIM5
SIM1
SIM2
SIM3
SIM4
1
21
22
SIM5
SIM1
SIM2
SIM3
SIM4
1
21
22
SIM5
SIM1
SIM2
SIM3
SIM4
1
21
22
SIM5
SIM1
SIM2
SIM3
SIM4
1
21
22
SIM5
SIM1
SIM2
SIM3
SIM4
1
21
22
SIM5
SIM1
SIM2
SIM3
SIM4
1
21
22
SIM5
SIM1
SIM2
SIM3
SIM4
1
21
22
SIM5
SIM1
SIM2
SIM3
SIM4
1
21
22
SIM5
SIM1
SIM2
SIM3
SIM4
1
21
22
SIM5
SIM1
SIM2
SIM3
SIM4
1
21
22
SIM5
SIM1
SIM2
SIM3
SIM4
1
21
22
SIM5
SIM1
SIM2
SIM3
SIM4
1
21
22
SIM5
SIM1
SIM2
SIM3
SIM4
1
21
22
SIM5
SIM1
SIM2
SIM3
SIM4
1
21
22
SIM5
SIM1
SIM2
SIM3
SIM4
1
21
22
SIM5
SIM1
SIM2
SIM3
SIM4
1
21
22
SIM5
SIM1
SIM2
SIM3
SIM4
1
21
22
SIM5
SIM1
SIM2
SIM3
SIM4
1
21
22
SIM5
SIM1
SIM2
SIM3
SIM4
1
21
22
SIM5
SIM1
SIM2
SIM3
SIM4
1
21
22
SIM5
SIM1
SIM2
SIM3
SIM4
1
21
22
SIM5
SIM1
SIM2
SIM3
SIM4
1
21
22
SIM5
SIM1
SIM2
SIM3
SIM4
1
21
22
SIM5
SIM1
SIM2
SIM3
SIM4
1
21
22
SIM5
SIM1
SIM2
SIM3
SIM4
1
21
22
SIM5
SIM1
SIM2
SIM3
SIM4
1
21
22
SIM5
SIM1
SIM2
SIM3
SIM4
1
21
22
SIM5
SIM1
SIM2
SIM3
SIM4
1
21
22
SIM5
SIM1
SIM2
SIM3
SIM4
1
21
22
SIM5
SIM1
SIM2
SIM3
SIM4
1
21
22
SIM5
SIM1
SIM2
SIM3
SIM4
1
21
22
SIM5
SIM1
SIM2
SIM3
SIM4
1
21
22
SIM5
SIM1
SIM2
SIM3
SIM4
1
21
22
SIM5
SIM1
SIM2
SIM3
SIM4
1
21
22
SIM5
SIM1
SIM2
SIM3
SIM4
1
21
22
SIM5
SIM1
SIM2
SIM3
SIM4
1
21
22
SIM5
SIM1
SIM2
SIM3
SIM4
1
21
22
SIM5
SIM1
SIM2
SIM3
SIM4
1
21
22
SIM5
SIM1
SIM2
SIM3
SIM4
1
21
22
SIM5
SIM1
SIM2
SIM3
SIM4
1
21
22
SIM5
SIM1
SIM2
SIM3
SIM4
1
21
22
SIM5
SIM1
SIM2
SIM3
SIM4
1
21
22
SIM5
SIM1
SIM2
SIM3
SIM4
1
21
22
SIM5
SIM1
SIM2
SIM3
SIM4
1
21
22
SIM5
SIM1
SIM2
SIM3
SIM4
1
21
22
SIM5
SIM1
SIM2
SIM3
SIM4
1
21
22
SIM5
SIM1
SIM2
SIM3
SIM4
1
21
22
SIM5
SIM1
SIM2
SIM3
SIM4
1
21
22
SIM5
SIM1
SIM2
SIM3
SIM4
1
21
22
SIM5
SIM1
SIM2
SIM3
SIM4
1
21
22
SIM5
SIM1
SIM2
SIM3
SIM4
1
21
22
SIM5
SIM1
SIM2
SIM3
SIM4
1
21
22
SIM5
SIM1
SIM2
SIM3
SIM4
1
21
22
SIM5
SIM1
SIM2
SIM3
SIM4
1
21
22
SIM5
SIM1
SIM2
SIM3
SIM4
1
21
22
SIM5
SIM1
SIM2
SIM3
SIM4
1
21
22
SIM5
SIM1
SIM2
SIM3
SIM4
1
21
22
SIM5
SIM1
SIM2
SIM3
SIM4
1
21
22
SIM5
SIM1
SIM2
SIM3
SIM4
1
21
22
SIM5
SIM1
SIM2
SIM3
SIM4
1
21
22
SIM5
SIM1
SIM2
SIM3
SIM4
1
21
22
SIM5
SIM1
SIM2
SIM3
SIM4
1
21
22
SIM5
SIM1
SIM2
SIM3
SIM4
1
21
22
SIM5
SIM1
SIM2
SIM3
SIM4
1
21
22
SIM5
SIM1
SIM2
SIM3
SIM4
1
21
22
SIM5
SIM1
SIM2
SIM3
SIM4
1
21
22
SIM5
SIM1
SIM2
SIM3
SIM4
1
21
22
SIM5
SIM1
SIM2
SIM3
SIM4
1
21
22
SIM5
SIM1
SIM2
SIM3
SIM4
1
21
22
SIM5
SIM1
SIM2
SIM3
SIM4
1
21
22
SIM5
SIM1
SIM2
SIM3
SIM4
1
21
22
SIM5
SIM1
SIM2
SIM3
SIM4
1
21
22
SIM5
SIM1
SIM2
SIM3
SIM4
1
21
22
SIM5
SIM1
SIM2
SIM3
SIM4
1
21
22
SIM5
SIM1
SIM2
SIM3
SIM4
1
21
22
SIM5
SIM1
SIM2
SIM3
SIM4
1
21
22
SIM5
SIM1
SIM2
SIM3
SIM4
1
21
22
SIM5
SIM1
SIM2
SIM3
SIM4
1
21
22
SIM5
SIM1
SIM2
SIM3
SIM4
1
21
22
SIM5
SIM1
SIM2
SIM3
SIM4
1
21
22
SIM5
SIM1
SIM2
DEBUG 1 941
SIM1
SIM2
SIM3
SIM4
1
21
22
SIM5
SIM1
SIM2
SIM3
SIM4
1
21
22
SIM5
SIM1
SIM2
SIM3
SIM4
1
21
22
SIM5
SIM1
SIM2
SIM3
SIM4
1
21
22
SIM5
SIM1
SIM2
SIM3
SIM4
1
21
22
SIM5
SIM1
SIM2
SIM3
SIM4
1
21
22
SIM5
SIM1
SIM2
SIM3
SIM4
1
21
22
SIM5
SIM1
SIM2
SIM3
SIM4
1
21
22
SIM5
SIM1
SIM2
SIM3
SIM4
1
21
22
SIM5
SIM1
SIM2
SIM3
SIM4
1
21
22
SIM5
SIM1
SIM2
SIM3
SIM4
1
21
22
SIM5
SIM1
SIM2
SIM3
SIM4
1
21
22
SIM5
SIM1
SIM2
SIM3
SIM4
1
21
22
SIM5
SIM1
SIM2
SIM3
SIM4
1
21
22
SIM5
SIM1
SIM2
SIM3
SIM4
1
21
22
SIM5
SIM1
SIM2
SIM3
SIM4
1
21
22
SIM5
SIM1
SIM2
SIM3
SIM4
1
21
22
SIM5
SIM1
SIM2
SIM3
SIM4
1
21
22
SIM5
SIM1
SIM2
SIM3
SIM4
1
21
22
SIM5
SIM1
SIM2
SIM3
SIM4
1
21
22
SIM5
SIM1
SIM2
SIM3
SIM4
1
21
22
SIM5
SIM1
SIM2
SIM3
SIM4
1
21
22
SIM5
SIM1
SIM2
SIM3
SIM4
1
21
22
SIM5
SIM1
SIM2
SIM3
SIM4
1
21
22
SIM5
SIM1
SIM2
SIM3
SIM4
1
21
22
SIM5
SIM1
SIM2
SIM3
SIM4
1
21
22
SIM5
SIM1
SIM2
SIM3
SIM4
1
21
22
SIM5
SIM1
SIM2
SIM3
SIM4
1
21
22
SIM5
SIM1
SIM2
SIM3
SIM4
1
21
22
SIM5
SIM1
SIM2
SIM3
SIM4
1
21
22
SIM5
SIM1
SIM2
SIM3
SIM4
1
21
22
SIM5
SIM1
SIM2
SIM3
SIM4
1
21
22
SIM5
SIM1
SIM2
SIM3
SIM4
1
21
22
SIM5
SIM1
SIM2
SIM3
SIM4
1
21
22
SIM5
SIM1
SIM2
SIM3
SIM4
1
21
22
SIM5
SIM1
SIM2
SIM3
SIM4
1
21
22
SIM5
SIM1
SIM2
SIM3
SIM4
1
21
22
SIM5
SIM1
SIM2
SIM3
SIM4
1
21
22
SIM5
SIM1
SIM2
SIM3
SIM4
1
21
22
SIM5
SIM1
SIM2
SIM3
SIM4
1
21
22
SIM5
SIM1
SIM2
SIM3
SIM4
1
21
22
SIM5
SIM1
SIM2
SIM3
SIM4
1
21
22
SIM5
SIM1
SIM2
SIM3
SIM4
1
21
22
SIM5
SIM1
SIM2
SIM3
SIM4
1
21
22
SIM5
SIM1
SIM2
SIM3
SIM4
1
21
22
SIM5
SIM1
SIM2
SIM3
SIM4
1
21
22
SIM5
SIM1
SIM2
SIM3
SIM4
1
21
22
SIM5
SIM1
SIM2
SIM3
SIM4
1
21
22
SIM5
SIM1
SIM2
SIM3
SIM4
1
21
22
SIM5
SIM1
SIM2
SIM3
SIM4
1
21
22
SIM5
SIM1
SIM2
SIM3
SIM4
1
21
22
SIM5
SIM1
SIM2
SIM3
SIM4
1
21
22
SIM5
SIM1
SIM2
SIM3
SIM4
1
21
22
SIM5
SIM1
SIM2
SIM3
SIM4
1
21
22
SIM5
SIM1
SIM2
SIM3
SIM4
1
21
22
SIM5
SIM1
SIM2
SIM3
SIM4
1
21
22
SIM5
SIM1
SIM2
SIM3
SIM4
1
21
22
SIM5
SIM1
SIM2
SIM3
SIM4
1
21
22
SIM5
SIM1
SIM2
SIM3
SIM4
1
21
22
SIM5
SIM1
SIM2
SIM3
SIM4
1
21
22
SIM5
SIM1
SIM2
SIM3
SIM4
1
21
22
SIM5
SIM1
SIM2
SIM3
SIM4
1
21
22
SIM5
SIM1
SIM2
SIM3
SIM4
1
21
22
SIM5
SIM1
SIM2
SIM3
SIM4
1
21
22
SIM5
SIM1
SIM2
SIM3
SIM4
1
21
22
SIM5
SIM1
SIM2
SIM3
SIM4
1
21
22
SIM5
SIM1
SIM2
SIM3
SIM4
1
21
22
SIM5
SIM1
SIM2
SIM3
SIM4
1
21
22
SIM5
SIM1
SIM2
SIM3
SIM4
1
21
22
SIM5
SIM1
SIM2
SIM3
SIM4
1
21
22
SIM5
SIM1
SIM2
SIM3
SIM4
1
21
22
SIM5
SIM1
SIM2
SIM3
SIM4
1
21
22
SIM5
SIM1
SIM2
SIM3
SIM4
1
21
22
SIM5
SIM1
SIM2
SIM3
SIM4
1
21
22
SIM5
SIM1
SIM2
SIM3
SIM4
1
21
22
SIM5
SIM1
SIM2
SIM3
SIM4
1
21
22
SIM5
SIM1
SIM2
SIM3
SIM4
1
21
22
SIM5
SIM1
SIM2
SIM3
SIM4
1
21
22
SIM5
SIM1
SIM2
SIM3
SIM4
1
21
22
SIM5
SIM1
SIM2
SIM3
SIM4
1
21
22
SIM5
SIM1
SIM2
SIM3
SIM4
1
21
22
SIM5
SIM1
SIM2
SIM3
SIM4
1
21
22
SIM5
SIM1
SIM2
SIM3
SIM4
1
21
22
SIM5
SIM1
SIM2
SIM3
SIM4
1
21
22
SIM5
SIM1
SIM2
SIM3
SIM4
1
21
22
SIM5
SIM1
SIM2
SIM3
SIM4
1
21
22
SIM5
SIM1
SIM2
SIM3
SIM4
1
21
22
SIM5
SIM1
SIM2
SIM3
SIM4
1
21
22
SIM5
SIM1
SIM2
SIM3
SIM4
1
21
22
SIM5
SIM1
SIM2
SIM3
SIM4
1
21
22
SIM5
SIM1
SIM2
SIM3
SIM4
1
21
22
SIM5
SIM1
SIM2
SIM3
SIM4
1
21
22
SIM5
SIM1
SIM2
SIM3
SIM4
1
21
22
SIM5
SIM1
SIM2
SIM3
SIM4
1
21
22
SIM5
SIM1
SIM2
SIM3
SIM4
1
21
22
SIM5
SIM1
SIM2
SIM3
SIM4
1
21
22
SIM5
SIM1
SIM2
SIM3
SIM4
1
21
22
SIM5
SIM1
SIM2
SIM3
SIM4
1
21
22
SIM5
SIM1
SIM2
SIM3
SIM4
1
21
22
SIM5
SIM1
SIM2
SIM3
SIM4
1
21
22
SIM5
SIM1
SIM2
SIM3
SIM4
1
21
22
SIM5
SIM1
SIM2
SIM3
SIM4
1
21
22
SIM5
SIM1
SIM2
SIM3
SIM4
1
21
22
SIM5
SIM1
SIM2
SIM3
SIM4
1
21
22
SIM5
SIM1
SIM2
SIM3
SIM4
1
21
22
SIM5
SIM1
SIM2
SIM3
SIM4
1
21
22
SIM5
SIM1
SIM2
SIM3
SIM4
1
21
22
SIM5
SIM1
SIM2
SIM3
SIM4
1
21
22
SIM5
SIM1
SIM2
SIM3
SIM4
1
21
22
SIM5
SIM1
SIM2
SIM3
SIM4
1
21
22
SIM5
SIM1
SIM2
SIM3
SIM4
1
21
22
SIM5
SIM1
SIM2
SIM3
SIM4
1
21
22
SIM5
SIM1
SIM2
SIM3
SIM4
1
21
22
SIM5
SIM1
SIM2
SIM3
SIM4
1
21
22
SIM5
SIM1
SIM2
SIM3
SIM4
1
21
22
SIM5
SIM1
SIM2
SIM3
SIM4
1
21
22
SIM5
SIM1
SIM2
SIM3
SIM4
1
21
22
SIM5
SIM1
SIM2
SIM3
SIM4
1
21
22
SIM5
SIM1
SIM2
SIM3
SIM4
1
21
22
SIM5
SIM1
SIM2
SIM3
SIM4
1
21
22
SIM5
SIM1
SIM2
SIM3
SIM4
1
21
22
SIM5
SIM1
SIM2
SIM3
SIM4
1
21
22
SIM5
SIM1
SIM2
SIM3
SIM4
1
21
22
SIM5
SIM1
SIM2
SIM3
SIM4
1
21
22
SIM5
SIM1
SIM2
SIM3
SIM4
1
21
22
SIM5
SIM1
SIM2
SIM3
SIM4
1
21
22
SIM5
SIM1
SIM2
SIM3
SIM4
1
21
22
SIM5
SIM1
SIM2
SIM3
SIM4
1
21
22
SIM5
SIM1
SIM2
SIM3
SIM4
1
21
22
SIM5
SIM1
SIM2
SIM3
SIM4
1
21
22
SIM5
SIM1
SIM2
SIM3
SIM4
1
21
22
SIM5
SIM1
SIM2
SIM3
SIM4
1
21
22
SIM5
SIM1
SIM2
SIM3
SIM4
1
21
22
SIM5
SIM1
SIM2
SIM3
SIM4
1
21
22
SIM5
SIM1
SIM2
SIM3
SIM4
1
21
22
SIM5
SIM1
SIM2
SIM3
SIM4
1
21
22
SIM5
SIM1
SIM2
SIM3
SIM4
1
21
22
SIM5
SIM1
SIM2
SIM3
SIM4
1
21
22
SIM5
SIM1
SIM2
SIM3
SIM4
1
21
22
SIM5
SIM1
SIM2
SIM3
SIM4
1
21
22
SIM5
SIM1
SIM2
SIM3
SIM4
1
21
22
SIM5
SIM1
SIM2
SIM3
SIM4
1
21
22
SIM5
SIM1
SIM2
SIM3
SIM4
1
21
22
SIM5
SIM1
SIM2
SIM3
SIM4
1
21
22
SIM5
SIM1
SIM2
SIM3
SIM4
1
21
22
SIM5
SIM1
SIM2
SIM3
SIM4
1
21
22
SIM5
SIM1
SIM2
SIM3
SIM4
1
21
22
SIM5
SIM1
SIM2
SIM3
SIM4
1
21
22
SIM5
SIM1
SIM2
SIM3
SIM4
1
21
22
SIM5
SIM1
SIM2
SIM3
SIM4
1
21
22
SIM5
SIM1
SIM2
SIM3
SIM4
1
21
22
SIM5
SIM1
SIM2
SIM3
SIM4
1
21
22
SIM5
SIM1
SIM2
SIM3
SIM4
1
21
22
SIM5
SIM1
SIM2
SIM3
SIM4
1
21
22
SIM5
SIM1
SIM2
SIM3
SIM4
1
21
22
SIM5
SIM1
SIM2
SIM3
SIM4
1
21
22
SIM5
SIM1
SIM2
SIM3
SIM4
1
21
22
SIM5
SIM1
SIM2
SIM3
SIM4
1
21
22
SIM5
SIM1
SIM2
SIM3
SIM4
1
21
22
SIM5
SIM1
SIM2
SIM3
SIM4
1
21
22
SIM5
SIM1
SIM2
SIM3
SIM4
1
21
22
SIM5
SIM1
SIM2
SIM3
SIM4
1
21
22
SIM5
SIM1
SIM2
SIM3
SIM4
1
21
22
SIM5
SIM1
SIM2
SIM3
SIM4
1
21
22
SIM5
SIM1
SIM2
SIM3
SIM4
1
21
22
SIM5
SIM1
SIM2
SIM3
SIM4
1
21
22
SIM5
SIM1
SIM2
SIM3
SIM4
1
21
22
SIM5
SIM1
SIM2
SIM3
SIM4
1
21
22
SIM5
SIM1
SIM2
SIM3
SIM4
1
21
22
SIM5
SIM1
SIM2
SIM3
SIM4
1
21
22
SIM5
SIM1
SIM2
SIM3
SIM4
1
21
22
SIM5
SIM1
SIM2
SIM3
SIM4
1
21
22
SIM5
SIM1
SIM2
SIM3
SIM4
1
21
22
SIM5
SIM1
SIM2
SIM3
SIM4
1
21
22
SIM5
SIM1
SIM2
SIM3
SIM4
1
21
22
SIM5
SIM1
SIM2
SIM3
SIM4
1
21
22
SIM5
SIM1
SIM2
SIM3
SIM4
1
21
22
SIM5
SIM1
SIM2
SIM3
SIM4
1
21
22
SIM5
SIM1
SIM2
SIM3
SIM4
1
21
22
SIM5
SIM1
SIM2
SIM3
SIM4
1
21
22
SIM5
SIM1
SIM2
SIM3
SIM4
1
21
22
SIM5
SIM1
SIM2
SIM3
SIM4
1
21
22
SIM5
SIM1
SIM2
SIM3
SIM4
1
21
22
SIM5
SIM1
SIM2
SIM3
SIM4
1
21
22
SIM5
SIM1
SIM2
SIM3
SIM4
1
21
22
SIM5
SIM1
SIM2
DEBUG 1 942
SIM1
SIM2
SIM3
SIM4
1
21
22
SIM5
SIM1
SIM2
SIM3
SIM4
1
21
22
SIM5
SIM1
SIM2
SIM3
SIM4
1
21
22
SIM5
SIM1
SIM2
SIM3
SIM4
1
21
22
SIM5
SIM1
SIM2
SIM3
SIM4
1
21
22
SIM5
SIM1
SIM2
SIM3
SIM4
1
21
22
SIM5
SIM1
SIM2
SIM3
SIM4
1
21
22
SIM5
SIM1
SIM2
SIM3
SIM4
1
21
22
SIM5
SIM1
SIM2
SIM3
SIM4
1
21
22
SIM5
SIM1
SIM2
SIM3
SIM4
1
21
22
SIM5
SIM1
SIM2
SIM3
SIM4
1
21
22
SIM5
SIM1
SIM2
SIM3
SIM4
1
21
22
SIM5
SIM1
SIM2
SIM3
SIM4
1
21
22
SIM5
SIM1
SIM2
SIM3
SIM4
1
21
22
SIM5
SIM1
SIM2
SIM3
SIM4
1
21
22
SIM5
SIM1
SIM2
SIM3
SIM4
1
21
22
SIM5
SIM1
SIM2
SIM3
SIM4
1
21
22
SIM5
SIM1
SIM2
SIM3
SIM4
1
21
22
SIM5
SIM1
SIM2
SIM3
SIM4
1
21
22
SIM5
SIM1
SIM2
SIM3
SIM4
1
21
22
SIM5
SIM1
SIM2
SIM3
SIM4
1
21
22
SIM5
SIM1
SIM2
SIM3
SIM4
1
21
22
SIM5
SIM1
SIM2
SIM3
SIM4
1
21
22
SIM5
SIM1
SIM2
SIM3
SIM4
1
21
22
SIM5
SIM1
SIM2
SIM3
SIM4
1
21
22
SIM5
SIM1
SIM2
SIM3
SIM4
1
21
22
SIM5
SIM1
SIM2
SIM3
SIM4
1
21
22
SIM5
SIM1
SIM2
SIM3
SIM4
1
21
22
SIM5
SIM1
SIM2
SIM3
SIM4
1
21
22
SIM5
SIM1
SIM2
SIM3
SIM4
1
21
22
SIM5
SIM1
SIM2
SIM3
SIM4
1
21
22
SIM5
SIM1
SIM2
SIM3
SIM4
1
21
22
SIM5
SIM1
SIM2
SIM3
SIM4
1
21
22
SIM5
SIM1
SIM2
SIM3
SIM4
1
21
22
SIM5
SIM1
SIM2
SIM3
SIM4
1
21
22
SIM5
SIM1
SIM2
SIM3
SIM4
1
21
22
SIM5
SIM1
SIM2
SIM3
SIM4
1
21
22
SIM5
SIM1
SIM2
SIM3
SIM4
1
21
22
SIM5
SIM1
SIM2
SIM3
SIM4
1
21
22
SIM5
SIM1
SIM2
SIM3
SIM4
1
21
22
SIM5
SIM1
SIM2
SIM3
SIM4
1
21
22
SIM5
SIM1
SIM2
SIM3
SIM4
1
21
22
SIM5
SIM1
SIM2
SIM3
SIM4
1
21
22
SIM5
SIM1
SIM2
SIM3
SIM4
1
21
22
SIM5
SIM1
SIM2
SIM3
SIM4
1
21
22
SIM5
SIM1
SIM2
SIM3
SIM4
1
21
22
SIM5
SIM1
SIM2
SIM3
SIM4
1
21
22
SIM5
SIM1
SIM2
SIM3
SIM4
1
21
22
SIM5
SIM1
SIM2
SIM3
SIM4
1
21
22
SIM5
SIM1
SIM2
SIM3
SIM4
1
21
22
SIM5
SIM1
SIM2
SIM3
SIM4
1
21
22
SIM5
SIM1
SIM2
SIM3
SIM4
1
21
22
SIM5
SIM1
SIM2
SIM3
SIM4
1
21
22
SIM5
SIM1
SIM2
SIM3
SIM4
1
21
22
SIM5
SIM1
SIM2
SIM3
SIM4
1
21
22
SIM5
SIM1
SIM2
SIM3
SIM4
1
21
22
SIM5
SIM1
SIM2
SIM3
SIM4
1
21
22
SIM5
SIM1
SIM2
SIM3
SIM4
1
21
22
SIM5
SIM1
SIM2
SIM3
SIM4
1
21
22
SIM5
SIM1
SIM2
SIM3
SIM4
1
21
22
SIM5
SIM1
SIM2
SIM3
SIM4
1
21
22
SIM5
SIM1
SIM2
SIM3
SIM4
1
21
22
SIM5
SIM1
SIM2
SIM3
SIM4
1
21
22
SIM5
SIM1
SIM2
SIM3
SIM4
1
21
22
SIM5
SIM1
SIM2
SIM3
SIM4
1
21
22
SIM5
SIM1
SIM2
SIM3
SIM4
1
21
22
SIM5
SIM1
SIM2
SIM3
SIM4
1
21
22
SIM5
SIM1
SIM2
SIM3
SIM4
1
21
22
SIM5
SIM1
SIM2
SIM3
SIM4
1
21
22
SIM5
SIM1
SIM2
SIM3
SIM4
1
21
22
SIM5
SIM1
SIM2
SIM3
SIM4
1
21
22
SIM5
SIM1
SIM2
SIM3
SIM4
1
21
22
SIM5
SIM1
SIM2
SIM3
SIM4
1
21
22
SIM5
SIM1
SIM2
SIM3
SIM4
1
21
22
SIM5
SIM1
SIM2
SIM3
SIM4
1
21
22
SIM5
SIM1
SIM2
SIM3
SIM4
1
21
22
SIM5
SIM1
SIM2
SIM3
SIM4
1
21
22
SIM5
SIM1
SIM2
SIM3
SIM4
1
21
22
SIM5
SIM1
SIM2
SIM3
SIM4
1
21
22
SIM5
SIM1
SIM2
SIM3
SIM4
1
21
22
SIM5
SIM1
SIM2
SIM3
SIM4
1
21
22
SIM5
SIM1
SIM2
SIM3
SIM4
1
21
22
SIM5
SIM1
SIM2
SIM3
SIM4
1
21
22
SIM5
SIM1
SIM2
SIM3
SIM4
1
21
22
SIM5
SIM1
SIM2
SIM3
SIM4
1
21
22
SIM5
SIM1
SIM2
SIM3
SIM4
1
21
22
SIM5
SIM1
SIM2
SIM3
SIM4
1
21
22
SIM5
SIM1
SIM2
SIM3
SIM4
1
21
22
SIM5
SIM1
SIM2
SIM3
SIM4
1
21
22
SIM5
SIM1
SIM2
SIM3
SIM4
1
21
22
SIM5
SIM1
SIM2
SIM3
SIM4
1
21
22
SIM5
SIM1
SIM2
SIM3
SIM4
1
21
22
SIM5
SIM1
SIM2
SIM3
SIM4
1
21
22
SIM5
SIM1
SIM2
SIM3
SIM4
1
21
22
SIM5
SIM1
SIM2
SIM3
SIM4
1
21
22
SIM5
SIM1
SIM2
SIM3
SIM4
1
21
22
SIM5
SIM1
SIM2
SIM3
SIM4
1
21
22
SIM5
SIM1
SIM2
SIM3
SIM4
1
21
22
SIM5
SIM1
SIM2
SIM3
SIM4
1
21
22
SIM5
SIM1
SIM2
SIM3
SIM4
1
21
22
SIM5
SIM1
SIM2
SIM3
SIM4
1
21
22
SIM5
SIM1
SIM2
SIM3
SIM4
1
21
22
SIM5
SIM1
SIM2
SIM3
SIM4
1
21
22
SIM5
SIM1
SIM2
SIM3
SIM4
1
21
22
SIM5
SIM1
SIM2
SIM3
SIM4
1
21
22
SIM5
SIM1
SIM2
SIM3
SIM4
1
21
22
SIM5
SIM1
SIM2
SIM3
SIM4
1
21
22
SIM5
SIM1
SIM2
SIM3
SIM4
1
21
22
SIM5
SIM1
SIM2
SIM3
SIM4
1
21
22
SIM5
SIM1
SIM2
SIM3
SIM4
1
21
22
SIM5
SIM1
SIM2
SIM3
SIM4
1
21
22
SIM5
SIM1
SIM2
SIM3
SIM4
1
21
22
SIM5
SIM1
SIM2
SIM3
SIM4
1
21
22
SIM5
SIM1
SIM2
SIM3
SIM4
1
21
22
SIM5
SIM1
SIM2
SIM3
SIM4
1
21
22
SIM5
SIM1
SIM2
SIM3
SIM4
1
21
22
SIM5
SIM1
SIM2
SIM3
SIM4
1
21
22
SIM5
SIM1
SIM2
SIM3
SIM4
1
21
22
SIM5
SIM1
SIM2
SIM3
SIM4
1
21
22
SIM5
SIM1
SIM2
SIM3
SIM4
1
21
22
SIM5
SIM1
SIM2
SIM3
SIM4
1
21
22
SIM5
SIM1
SIM2
SIM3
SIM4
1
21
22
SIM5
SIM1
SIM2
SIM3
SIM4
1
21
22
SIM5
SIM1
SIM2
SIM3
SIM4
1
21
22
SIM5
SIM1
SIM2
SIM3
SIM4
1
21
22
SIM5
SIM1
SIM2
SIM3
SIM4
1
21
22
SIM5
SIM1
SIM2
SIM3
SIM4
1
21
22
SIM5
SIM1
SIM2
SIM3
SIM4
1
21
22
SIM5
SIM1
SIM2
SIM3
SIM4
1
21
22
SIM5
SIM1
SIM2
SIM3
SIM4
1
21
22
SIM5
SIM1
SIM2
SIM3
SIM4
1
21
22
SIM5
SIM1
SIM2
SIM3
SIM4
1
21
22
SIM5
SIM1
SIM2
SIM3
SIM4
1
21
22
SIM5
SIM1
SIM2
SIM3
SIM4
1
21
22
SIM5
SIM1
SIM2
SIM3
SIM4
1
21
22
SIM5
SIM1
SIM2
SIM3
SIM4
1
21
22
SIM5
SIM1
SIM2
SIM3
SIM4
1
21
22
SIM5
SIM1
SIM2
SIM3
SIM4
1
21
22
SIM5
SIM1
SIM2
SIM3
SIM4
1
21
22
SIM5
SIM1
SIM2
SIM3
SIM4
1
21
22
SIM5
SIM1
SIM2
SIM3
SIM4
1
21
22
SIM5
SIM1
SIM2
SIM3
SIM4
1
21
22
SIM5
SIM1
SIM2
SIM3
SIM4
1
21
22
SIM5
SIM1
SIM2
SIM3
SIM4
1
21
22
SIM5
SIM1
SIM2
SIM3
SIM4
1
21
22
SIM5
SIM1
SIM2
SIM3
SIM4
1
21
22
SIM5
SIM1
SIM2
SIM3
SIM4
1
21
22
SIM5
SIM1
SIM2
SIM3
SIM4
1
21
22
SIM5
SIM1
SIM2
SIM3
SIM4
1
21
22
SIM5
SIM1
SIM2
SIM3
SIM4
1
21
22
SIM5
SIM1
SIM2
SIM3
SIM4
1
21
22
SIM5
SIM1
SIM2
SIM3
SIM4
1
21
22
SIM5
SIM1
SIM2
SIM3
SIM4
1
21
22
SIM5
SIM1
SIM2
SIM3
SIM4
1
21
22
SIM5
SIM1
SIM2
SIM3
SIM4
1
21
22
SIM5
SIM1
SIM2
SIM3
SIM4
1
21
22
SIM5
SIM1
SIM2
SIM3
SIM4
1
21
22
SIM5
SIM1
SIM2
SIM3
SIM4
1
21
22
SIM5
SIM1
SIM2
SIM3
SIM4
1
21
22
SIM5
SIM1
SIM2
SIM3
SIM4
1
21
22
SIM5
SIM1
SIM2
SIM3
SIM4
1
21
22
SIM5
SIM1
SIM2
SIM3
SIM4
1
21
22
SIM5
SIM1
SIM2
SIM3
SIM4
1
21
22
SIM5
SIM1
SIM2
SIM3
SIM4
1
21
22
SIM5
SIM1
SIM2
SIM3
SIM4
1
21
22
SIM5
SIM1
SIM2
SIM3
SIM4
1
21
22
SIM5
SIM1
SIM2
SIM3
SIM4
1
21
22
SIM5
SIM1
SIM2
SIM3
SIM4
1
21
22
SIM5
SIM1
SIM2
SIM3
SIM4
1
21
22
SIM5
SIM1
SIM2
SIM3
SIM4
1
21
22
SIM5
SIM1
SIM2
SIM3
SIM4
1
21
22
SIM5
SIM1
SIM2
SIM3
SIM4
1
21
22
SIM5
SIM1
SIM2
SIM3
SIM4
1
21
22
SIM5
SIM1
SIM2
SIM3
SIM4
1
21
22
SIM5
SIM1
SIM2
SIM3
SIM4
1
21
22
SIM5
SIM1
SIM2
SIM3
SIM4
1
21
22
SIM5
SIM1
SIM2
SIM3
SIM4
1
21
22
SIM5
SIM1
SIM2
SIM3
SIM4
1
21
22
SIM5
SIM1
SIM2
SIM3
SIM4
1
21
22
SIM5
SIM1
SIM2
SIM3
SIM4
1
21
22
SIM5
SIM1
SIM2
SIM3
SIM4
1
21
22
SIM5
SIM1
SIM2
SIM3
SIM4
1
21
22
SIM5
SIM1
SIM2
SIM3
SIM4
1
21
22
SIM5
SIM1
SIM2
SIM3
SIM4
1
21
22
SIM5
SIM1
SIM2
SIM3
SIM4
1
21
22
SIM5
SIM1
SIM2
SIM3
SIM4
1
21
22
SIM5
SIM1
SIM2
SIM3
SIM4
1
21
22
SIM5
SIM1
SIM2
SIM3
SIM4
1
21
22
SIM5
SIM1
SIM2
SIM3
SIM4
1
21
22
SIM5
SIM1
SIM2
SIM3
SIM4
1
21
22
SIM5
SIM1
SIM2
SIM3
SIM4
1
21
22
SIM5
SIM1
SIM2
SIM3
SIM4
1
21
22
SIM5
SIM1
SIM2
SIM3
SIM4
1
21
22
SIM5
SIM1
SIM2
SIM3
SIM4
1
21
22
SIM5
SIM1
SIM2
SIM3
SIM4
1
21
22
SIM5
SIM1
SIM2
SIM3
SIM4
1
21
22
SIM5
SIM1
SIM2
SIM3
SIM4
1
21
22
SIM5
SIM1
SIM2
SIM3
SIM4
1
21
22
SIM5
SIM1
SIM2
SIM3
SIM4
1
21
22
SIM5
SIM1
SIM2
SIM3
SIM4
1
21
22
SIM5
SIM1
SIM2
SIM3
SIM4
1
21
22
SIM5
SIM1
SIM2
SIM3
SIM4
1
21
22
SIM5
SIM1
SIM2
SIM3
SIM4
1
21
22
SIM5
SIM1
SIM2
SIM3
SIM4
1
21
22
SIM5
SIM1
SIM2
SIM3
SIM4
1
21
22
SIM5
SIM1
SIM2
SIM3
SIM4
1
21
22
SIM5
SIM1
SIM2
SIM3
SIM4
1
21
22
SIM5
SIM1
SIM2
SIM3
SIM4
1
21
22
SIM5
SIM1
SIM2
DEBUG 1 943
SIM1
SIM2
SIM3
SIM4
1
21
22
SIM5
SIM1
SIM2
SIM3
SIM4
1
21
22
SIM5
SIM1
SIM2
SIM3
SIM4
1
21
22
SIM5
SIM1
SIM2
SIM3
SIM4
1
21
22
SIM5
SIM1
SIM2
SIM3
SIM4
1
21
22
SIM5
SIM1
SIM2
SIM3
SIM4
1
21
22
SIM5
SIM1
SIM2
SIM3
SIM4
1
21
22
SIM5
SIM1
SIM2
SIM3
SIM4
1
21
22
SIM5
SIM1
SIM2
SIM3
SIM4
1
21
22
SIM5
SIM1
SIM2
SIM3
SIM4
1
21
22
SIM5
SIM1
SIM2
SIM3
SIM4
1
21
22
SIM5
SIM1
SIM2
SIM3
SIM4
1
21
22
SIM5
SIM1
SIM2
SIM3
SIM4
1
21
22
SIM5
SIM1
SIM2
SIM3
SIM4
1
21
22
SIM5
SIM1
SIM2
SIM3
SIM4
1
21
22
SIM5
SIM1
SIM2
SIM3
SIM4
1
21
22
SIM5
SIM1
SIM2
SIM3
SIM4
1
21
22
SIM5
SIM1
SIM2
SIM3
SIM4
1
21
22
SIM5
SIM1
SIM2
SIM3
SIM4
1
21
22
SIM5
SIM1
SIM2
SIM3
SIM4
1
21
22
SIM5
SIM1
SIM2
SIM3
SIM4
1
21
22
SIM5
SIM1
SIM2
SIM3
SIM4
1
21
22
SIM5
SIM1
SIM2
SIM3
SIM4
1
21
22
SIM5
SIM1
SIM2
SIM3
SIM4
1
21
22
SIM5
SIM1
SIM2
SIM3
SIM4
1
21
22
SIM5
SIM1
SIM2
SIM3
SIM4
1
21
22
SIM5
SIM1
SIM2
SIM3
SIM4
1
21
22
SIM5
SIM1
SIM2
SIM3
SIM4
1
21
22
SIM5
SIM1
SIM2
SIM3
SIM4
1
21
22
SIM5
SIM1
SIM2
SIM3
SIM4
1
21
22
SIM5
SIM1
SIM2
SIM3
SIM4
1
21
22
SIM5
SIM1
SIM2
SIM3
SIM4
1
21
22
SIM5
SIM1
SIM2
SIM3
SIM4
1
21
22
SIM5
SIM1
SIM2
SIM3
SIM4
1
21
22
SIM5
SIM1
SIM2
SIM3
SIM4
1
21
22
SIM5
SIM1
SIM2
SIM3
SIM4
1
21
22
SIM5
SIM1
SIM2
SIM3
SIM4
1
21
22
SIM5
SIM1
SIM2
SIM3
SIM4
1
21
22
SIM5
SIM1
SIM2
SIM3
SIM4
1
21
22
SIM5
SIM1
SIM2
SIM3
SIM4
1
21
22
SIM5
SIM1
SIM2
SIM3
SIM4
1
21
22
SIM5
SIM1
SIM2
SIM3
SIM4
1
21
22
SIM5
SIM1
SIM2
SIM3
SIM4
1
21
22
SIM5
SIM1
SIM2
SIM3
SIM4
1
21
22
SIM5
SIM1
SIM2
SIM3
SIM4
1
21
22
SIM5
SIM1
SIM2
SIM3
SIM4
1
21
22
SIM5
SIM1
SIM2
SIM3
SIM4
1
21
22
SIM5
SIM1
SIM2
SIM3
SIM4
1
21
22
SIM5
SIM1
SIM2
SIM3
SIM4
1
21
22
SIM5
SIM1
SIM2
SIM3
SIM4
1
21
22
SIM5
SIM1
SIM2
SIM3
SIM4
1
21
22
SIM5
SIM1
SIM2
SIM3
SIM4
1
21
22
SIM5
SIM1
SIM2
SIM3
SIM4
1
21
22
SIM5
SIM1
SIM2
SIM3
SIM4
1
21
22
SIM5
SIM1
SIM2
SIM3
SIM4
1
21
22
SIM5
SIM1
SIM2
SIM3
SIM4
1
21
22
SIM5
SIM1
SIM2
SIM3
SIM4
1
21
22
SIM5
SIM1
SIM2
SIM3
SIM4
1
21
22
SIM5
SIM1
SIM2
SIM3
SIM4
1
21
22
SIM5
SIM1
SIM2
SIM3
SIM4
1
21
22
SIM5
SIM1
SIM2
SIM3
SIM4
1
21
22
SIM5
SIM1
SIM2
SIM3
SIM4
1
21
22
SIM5
SIM1
SIM2
SIM3
SIM4
1
21
22
SIM5
SIM1
SIM2
SIM3
SIM4
1
21
22
SIM5
SIM1
SIM2
SIM3
SIM4
1
21
22
SIM5
SIM1
SIM2
SIM3
SIM4
1
21
22
SIM5
SIM1
SIM2
SIM3
SIM4
1
21
22
SIM5
SIM1
SIM2
SIM3
SIM4
1
21
22
SIM5
SIM1
SIM2
SIM3
SIM4
1
21
22
SIM5
SIM1
SIM2
SIM3
SIM4
1
21
22
SIM5
SIM1
SIM2
SIM3
SIM4
1
21
22
SIM5
SIM1
SIM2
SIM3
SIM4
1
21
22
SIM5
SIM1
SIM2
SIM3
SIM4
1
21
22
SIM5
SIM1
SIM2
SIM3
SIM4
1
21
22
SIM5
SIM1
SIM2
SIM3
SIM4
1
21
22
SIM5
SIM1
SIM2
SIM3
SIM4
1
21
22
SIM5
SIM1
SIM2
SIM3
SIM4
1
21
22
SIM5
SIM1
SIM2
SIM3
SIM4
1
21
22
SIM5
SIM1
SIM2
SIM3
SIM4
1
21
22
SIM5
SIM1
SIM2
SIM3
SIM4
1
21
22
SIM5
SIM1
SIM2
SIM3
SIM4
1
21
22
SIM5
SIM1
SIM2
SIM3
SIM4
1
21
22
SIM5
SIM1
SIM2
SIM3
SIM4
1
21
22
SIM5
SIM1
SIM2
SIM3
SIM4
1
21
22
SIM5
SIM1
SIM2
SIM3
SIM4
1
21
22
SIM5
SIM1
SIM2
SIM3
SIM4
1
21
22
SIM5
SIM1
SIM2
SIM3
SIM4
1
21
22
SIM5
SIM1
SIM2
SIM3
SIM4
1
21
22
SIM5
SIM1
SIM2
SIM3
SIM4
1
21
22
SIM5
SIM1
SIM2
SIM3
SIM4
1
21
22
SIM5
SIM1
SIM2
SIM3
SIM4
1
21
22
SIM5
SIM1
SIM2
SIM3
SIM4
1
21
22
SIM5
SIM1
SIM2
SIM3
SIM4
1
21
22
SIM5
SIM1
SIM2
SIM3
SIM4
1
21
22
SIM5
SIM1
SIM2
SIM3
SIM4
1
21
22
SIM5
SIM1
SIM2
SIM3
SIM4
1
21
22
SIM5
SIM1
SIM2
SIM3
SIM4
1
21
22
SIM5
SIM1
SIM2
SIM3
SIM4
1
21
22
SIM5
SIM1
SIM2
SIM3
SIM4
1
21
22
SIM5
SIM1
SIM2
SIM3
SIM4
1
21
22
SIM5
SIM1
SIM2
SIM3
SIM4
1
21
22
SIM5
SIM1
SIM2
SIM3
SIM4
1
21
22
SIM5
SIM1
SIM2
SIM3
SIM4
1
21
22
SIM5
SIM1
SIM2
SIM3
SIM4
1
21
22
SIM5
SIM1
SIM2
SIM3
SIM4
1
21
22
SIM5
SIM1
SIM2
SIM3
SIM4
1
21
22
SIM5
SIM1
SIM2
SIM3
SIM4
1
21
22
SIM5
SIM1
SIM2
SIM3
SIM4
1
21
22
SIM5
SIM1
SIM2
SIM3
SIM4
1
21
22
SIM5
SIM1
SIM2
SIM3
SIM4
1
21
22
SIM5
SIM1
SIM2
SIM3
SIM4
1
21
22
SIM5
SIM1
SIM2
SIM3
SIM4
1
21
22
SIM5
SIM1
SIM2
SIM3
SIM4
1
21
22
SIM5
SIM1
SIM2
SIM3
SIM4
1
21
22
SIM5
SIM1
SIM2
SIM3
SIM4
1
21
22
SIM5
SIM1
SIM2
SIM3
SIM4
1
21
22
SIM5
SIM1
SIM2
SIM3
SIM4
1
21
22
SIM5
SIM1
SIM2
SIM3
SIM4
1
21
22
SIM5
SIM1
SIM2
SIM3
SIM4
1
21
22
SIM5
SIM1
SIM2
SIM3
SIM4
1
21
22
SIM5
SIM1
SIM2
SIM3
SIM4
1
21
22
SIM5
SIM1
SIM2
SIM3
SIM4
1
21
22
SIM5
SIM1
SIM2
SIM3
SIM4
1
21
22
SIM5
SIM1
SIM2
SIM3
SIM4
1
21
22
SIM5
SIM1
SIM2
SIM3
SIM4
1
21
22
SIM5
SIM1
SIM2
SIM3
SIM4
1
21
22
SIM5
SIM1
SIM2
SIM3
SIM4
1
21
22
SIM5
SIM1
SIM2
SIM3
SIM4
1
21
22
SIM5
SIM1
SIM2
SIM3
SIM4
1
21
22
SIM5
SIM1
SIM2
SIM3
SIM4
1
21
22
SIM5
SIM1
SIM2
SIM3
SIM4
1
21
22
SIM5
SIM1
SIM2
SIM3
SIM4
1
21
22
SIM5
SIM1
SIM2
SIM3
SIM4
1
21
22
SIM5
SIM1
SIM2
SIM3
SIM4
1
21
22
SIM5
SIM1
SIM2
SIM3
SIM4
1
21
22
SIM5
SIM1
SIM2
SIM3
SIM4
1
21
22
SIM5
SIM1
SIM2
SIM3
SIM4
1
21
22
SIM5
SIM1
SIM2
SIM3
SIM4
1
21
22
SIM5
SIM1
SIM2
SIM3
SIM4
1
21
22
SIM5
SIM1
SIM2
SIM3
SIM4
1
21
22
SIM5
SIM1
SIM2
SIM3
SIM4
1
21
22
SIM5
SIM1
SIM2
SIM3
SIM4
1
21
22
SIM5
SIM1
SIM2
SIM3
SIM4
1
21
22
SIM5
SIM1
SIM2
SIM3
SIM4
1
21
22
SIM5
SIM1
SIM2
SIM3
SIM4
1
21
22
SIM5
SIM1
SIM2
SIM3
SIM4
1
21
22
SIM5
SIM1
SIM2
SIM3
SIM4
1
21
22
SIM5
SIM1
SIM2
SIM3
SIM4
1
21
22
SIM5
SIM1
SIM2
SIM3
SIM4
1
21
22
SIM5
SIM1
SIM2
SIM3
SIM4
1
21
22
SIM5
SIM1
SIM2
SIM3
SIM4
1
21
22
SIM5
SIM1
SIM2
SIM3
SIM4
1
21
22
SIM5
SIM1
SIM2
SIM3
SIM4
1
21
22
SIM5
SIM1
SIM2
SIM3
SIM4
1
21
22
SIM5
SIM1
SIM2
SIM3
SIM4
1
21
22
SIM5
SIM1
SIM2
SIM3
SIM4
1
21
22
SIM5
SIM1
SIM2
SIM3
SIM4
1
21
22
SIM5
SIM1
SIM2
SIM3
SIM4
1
21
22
SIM5
SIM1
SIM2
SIM3
SIM4
1
21
22
SIM5
SIM1
SIM2
SIM3
SIM4
1
21
22
SIM5
SIM1
SIM2
SIM3
SIM4
1
21
22
SIM5
SIM1
SIM2
SIM3
SIM4
1
21
22
SIM5
SIM1
SIM2
SIM3
SIM4
1
21
22
SIM5
SIM1
SIM2
SIM3
SIM4
1
21
22
SIM5
SIM1
SIM2
SIM3
SIM4
1
21
22
SIM5
SIM1
SIM2
SIM3
SIM4
1
21
22
SIM5
SIM1
SIM2
SIM3
SIM4
1
21
22
SIM5
SIM1
SIM2
SIM3
SIM4
1
21
22
SIM5
SIM1
SIM2
SIM3
SIM4
1
21
22
SIM5
SIM1
SIM2
SIM3
SIM4
1
21
22
SIM5
SIM1
SIM2
SIM3
SIM4
1
21
22
SIM5
SIM1
SIM2
SIM3
SIM4
1
21
22
SIM5
SIM1
SIM2
SIM3
SIM4
1
21
22
SIM5
SIM1
SIM2
DEBUG 1 944
SIM1
SIM2
SIM3
SIM4
1
21
22
SIM5
SIM1
SIM2
SIM3
SIM4
1
21
22
SIM5
SIM1
SIM2
SIM3
SIM4
1
21
22
SIM5
SIM1
SIM2
SIM3
SIM4
1
21
22
SIM5
SIM1
SIM2
SIM3
SIM4
1
21
22
SIM5
SIM1
SIM2
SIM3
SIM4
1
21
22
SIM5
SIM1
SIM2
SIM3
SIM4
1
21
22
SIM5
SIM1
SIM2
SIM3
SIM4
1
21
22
SIM5
SIM1
SIM2
SIM3
SIM4
1
21
22
SIM5
SIM1
SIM2
SIM3
SIM4
1
21
22
SIM5
SIM1
SIM2
SIM3
SIM4
1
21
22
SIM5
SIM1
SIM2
SIM3
SIM4
1
21
22
SIM5
SIM1
SIM2
SIM3
SIM4
1
21
22
SIM5
SIM1
SIM2
SIM3
SIM4
1
21
22
SIM5
SIM1
SIM2
SIM3
SIM4
1
21
22
SIM5
SIM1
SIM2
SIM3
SIM4
1
21
22
SIM5
SIM1
SIM2
SIM3
SIM4
1
21
22
SIM5
SIM1
SIM2
SIM3
SIM4
1
21
22
SIM5
SIM1
SIM2
SIM3
SIM4
1
21
22
SIM5
SIM1
SIM2
SIM3
SIM4
1
21
22
SIM5
SIM1
SIM2
SIM3
SIM4
1
21
22
SIM5
SIM1
SIM2
SIM3
SIM4
1
21
22
SIM5
SIM1
SIM2
SIM3
SIM4
1
21
22
SIM5
SIM1
SIM2
SIM3
SIM4
1
21
22
SIM5
SIM1
SIM2
SIM3
SIM4
1
21
22
SIM5
SIM1
SIM2
SIM3
SIM4
1
21
22
SIM5
SIM1
SIM2
SIM3
SIM4
1
21
22
SIM5
SIM1
SIM2
SIM3
SIM4
1
21
22
SIM5
SIM1
SIM2
SIM3
SIM4
1
21
22
SIM5
SIM1
SIM2
SIM3
SIM4
1
21
22
SIM5
SIM1
SIM2
SIM3
SIM4
1
21
22
SIM5
SIM1
SIM2
SIM3
SIM4
1
21
22
SIM5
SIM1
SIM2
SIM3
SIM4
1
21
22
SIM5
SIM1
SIM2
SIM3
SIM4
1
21
22
SIM5
SIM1
SIM2
SIM3
SIM4
1
21
22
SIM5
SIM1
SIM2
SIM3
SIM4
1
21
22
SIM5
SIM1
SIM2
SIM3
SIM4
1
21
22
SIM5
SIM1
SIM2
SIM3
SIM4
1
21
22
SIM5
SIM1
SIM2
SIM3
SIM4
1
21
22
SIM5
SIM1
SIM2
SIM3
SIM4
1
21
22
SIM5
SIM1
SIM2
SIM3
SIM4
1
21
22
SIM5
SIM1
SIM2
SIM3
SIM4
1
21
22
SIM5
SIM1
SIM2
SIM3
SIM4
1
21
22
SIM5
SIM1
SIM2
SIM3
SIM4
1
21
22
SIM5
SIM1
SIM2
SIM3
SIM4
1
21
22
SIM5
SIM1
SIM2
SIM3
SIM4
1
21
22
SIM5
SIM1
SIM2
SIM3
SIM4
1
21
22
SIM5
SIM1
SIM2
SIM3
SIM4
1
21
22
SIM5
SIM1
SIM2
SIM3
SIM4
1
21
22
SIM5
SIM1
SIM2
SIM3
SIM4
1
21
22
SIM5
SIM1
SIM2
SIM3
SIM4
1
21
22
SIM5
SIM1
SIM2
SIM3
SIM4
1
21
22
SIM5
SIM1
SIM2
SIM3
SIM4
1
21
22
SIM5
SIM1
SIM2
SIM3
SIM4
1
21
22
SIM5
SIM1
SIM2
SIM3
SIM4
1
21
22
SIM5
SIM1
SIM2
SIM3
SIM4
1
21
22
SIM5
SIM1
SIM2
SIM3
SIM4
1
21
22
SIM5
SIM1
SIM2
SIM3
SIM4
1
21
22
SIM5
SIM1
SIM2
SIM3
SIM4
1
21
22
SIM5
SIM1
SIM2
SIM3
SIM4
1
21
22
SIM5
SIM1
SIM2
SIM3
SIM4
1
21
22
SIM5
SIM1
SIM2
SIM3
SIM4
1
21
22
SIM5
SIM1
SIM2
SIM3
SIM4
1
21
22
SIM5
SIM1
SIM2
SIM3
SIM4
1
21
22
SIM5
SIM1
SIM2
SIM3
SIM4
1
21
22
SIM5
SIM1
SIM2
SIM3
SIM4
1
21
22
SIM5
SIM1
SIM2
SIM3
SIM4
1
21
22
SIM5
SIM1
SIM2
SIM3
SIM4
1
21
22
SIM5
SIM1
SIM2
SIM3
SIM4
1
21
22
SIM5
SIM1
SIM2
SIM3
SIM4
1
21
22
SIM5
SIM1
SIM2
SIM3
SIM4
1
21
22
SIM5
SIM1
SIM2
SIM3
SIM4
1
21
22
SIM5
SIM1
SIM2
SIM3
SIM4
1
21
22
SIM5
SIM1
SIM2
SIM3
SIM4
1
21
22
SIM5
SIM1
SIM2
SIM3
SIM4
1
21
22
SIM5
SIM1
SIM2
SIM3
SIM4
1
21
22
SIM5
SIM1
SIM2
SIM3
SIM4
1
21
22
SIM5
SIM1
SIM2
SIM3
SIM4
1
21
22
SIM5
SIM1
SIM2
SIM3
SIM4
1
21
22
SIM5
SIM1
SIM2
SIM3
SIM4
1
21
22
SIM5
SIM1
SIM2
SIM3
SIM4
1
21
22
SIM5
SIM1
SIM2
SIM3
SIM4
1
21
22
SIM5
SIM1
SIM2
SIM3
SIM4
1
21
22
SIM5
SIM1
SIM2
SIM3
SIM4
1
21
22
SIM5
SIM1
SIM2
SIM3
SIM4
1
21
22
SIM5
SIM1
SIM2
SIM3
SIM4
1
21
22
SIM5
SIM1
SIM2
SIM3
SIM4
1
21
22
SIM5
SIM1
SIM2
SIM3
SIM4
1
21
22
SIM5
SIM1
SIM2
SIM3
SIM4
1
21
22
SIM5
SIM1
SIM2
SIM3
SIM4
1
21
22
SIM5
SIM1
SIM2
SIM3
SIM4
1
21
22
SIM5
SIM1
SIM2
SIM3
SIM4
1
21
22
SIM5
SIM1
SIM2
SIM3
SIM4
1
21
22
SIM5
SIM1
SIM2
SIM3
SIM4
1
21
22
SIM5
SIM1
SIM2
SIM3
SIM4
1
21
22
SIM5
SIM1
SIM2
SIM3
SIM4
1
21
22
SIM5
SIM1
SIM2
SIM3
SIM4
1
21
22
SIM5
SIM1
SIM2
SIM3
SIM4
1
21
22
SIM5
SIM1
SIM2
SIM3
SIM4
1
21
22
SIM5
SIM1
SIM2
SIM3
SIM4
1
21
22
SIM5
SIM1
SIM2
SIM3
SIM4
1
21
22
SIM5
SIM1
SIM2
SIM3
SIM4
1
21
22
SIM5
SIM1
SIM2
SIM3
SIM4
1
21
22
SIM5
SIM1
SIM2
SIM3
SIM4
1
21
22
SIM5
SIM1
SIM2
SIM3
SIM4
1
21
22
SIM5
SIM1
SIM2
SIM3
SIM4
1
21
22
SIM5
SIM1
SIM2
SIM3
SIM4
1
21
22
SIM5
SIM1
SIM2
SIM3
SIM4
1
21
22
SIM5
SIM1
SIM2
SIM3
SIM4
1
21
22
SIM5
SIM1
SIM2
SIM3
SIM4
1
21
22
SIM5
SIM1
SIM2
SIM3
SIM4
1
21
22
SIM5
SIM1
SIM2
SIM3
SIM4
1
21
22
SIM5
SIM1
SIM2
SIM3
SIM4
1
21
22
SIM5
SIM1
SIM2
SIM3
SIM4
1
21
22
SIM5
SIM1
SIM2
SIM3
SIM4
1
21
22
SIM5
SIM1
SIM2
SIM3
SIM4
1
21
22
SIM5
SIM1
SIM2
SIM3
SIM4
1
21
22
SIM5
SIM1
SIM2
SIM3
SIM4
1
21
22
SIM5
SIM1
SIM2
SIM3
SIM4
1
21
22
SIM5
SIM1
SIM2
SIM3
SIM4
1
21
22
SIM5
SIM1
SIM2
SIM3
SIM4
1
21
22
SIM5
SIM1
SIM2
SIM3
SIM4
1
21
22
SIM5
SIM1
SIM2
SIM3
SIM4
1
21
22
SIM5
SIM1
SIM2
SIM3
SIM4
1
21
22
SIM5
SIM1
SIM2
SIM3
SIM4
1
21
22
SIM5
SIM1
SIM2
SIM3
SIM4
1
21
22
SIM5
SIM1
SIM2
SIM3
SIM4
1
21
22
SIM5
SIM1
SIM2
SIM3
SIM4
1
21
22
SIM5
SIM1
SIM2
SIM3
SIM4
1
21
22
SIM5
SIM1
SIM2
SIM3
SIM4
1
21
22
SIM5
SIM1
SIM2
SIM3
SIM4
1
21
22
SIM5
SIM1
SIM2
SIM3
SIM4
1
21
22
SIM5
SIM1
SIM2
SIM3
SIM4
1
21
22
SIM5
SIM1
SIM2
SIM3
SIM4
1
21
22
SIM5
SIM1
SIM2
SIM3
SIM4
1
21
22
SIM5
SIM1
SIM2
SIM3
SIM4
1
21
22
SIM5
SIM1
SIM2
SIM3
SIM4
1
21
22
SIM5
SIM1
SIM2
SIM3
SIM4
1
21
22
SIM5
SIM1
SIM2
SIM3
SIM4
1
21
22
SIM5
SIM1
SIM2
SIM3
SIM4
1
21
22
SIM5
SIM1
SIM2
SIM3
SIM4
1
21
22
SIM5
SIM1
SIM2
SIM3
SIM4
1
21
22
SIM5
SIM1
SIM2
SIM3
SIM4
1
21
22
SIM5
SIM1
SIM2
SIM3
SIM4
1
21
22
SIM5
SIM1
SIM2
SIM3
SIM4
1
21
22
SIM5
SIM1
SIM2
SIM3
SIM4
1
21
22
SIM5
SIM1
SIM2
SIM3
SIM4
1
21
22
SIM5
SIM1
SIM2
SIM3
SIM4
1
21
22
SIM5
SIM1
SIM2
SIM3
SIM4
1
21
22
SIM5
SIM1
SIM2
SIM3
SIM4
1
21
22
SIM5
SIM1
SIM2
SIM3
SIM4
1
21
22
SIM5
SIM1
SIM2
SIM3
SIM4
1
21
22
SIM5
SIM1
SIM2
SIM3
SIM4
1
21
22
SIM5
SIM1
SIM2
SIM3
SIM4
1
21
22
SIM5
SIM1
SIM2
SIM3
SIM4
1
21
22
SIM5
SIM1
SIM2
SIM3
SIM4
1
21
22
SIM5
SIM1
SIM2
SIM3
SIM4
1
21
22
SIM5
SIM1
SIM2
SIM3
SIM4
1
21
22
SIM5
SIM1
SIM2
SIM3
SIM4
1
21
22
SIM5
SIM1
SIM2
SIM3
SIM4
1
21
22
SIM5
SIM1
SIM2
SIM3
SIM4
1
21
22
SIM5
SIM1
SIM2
SIM3
SIM4
1
21
22
SIM5
SIM1
SIM2
SIM3
SIM4
1
21
22
SIM5
SIM1
SIM2
SIM3
SIM4
1
21
22
SIM5
SIM1
SIM2
SIM3
SIM4
1
21
22
SIM5
SIM1
SIM2
SIM3
SIM4
1
21
22
SIM5
SIM1
SIM2
SIM3
SIM4
1
21
22
SIM5
SIM1
SIM2
SIM3
SIM4
1
21
22
SIM5
SIM1
SIM2
SIM3
SIM4
1
21
22
SIM5
SIM1
SIM2
SIM3
SIM4
1
21
22
SIM5
SIM1
SIM2
SIM3
SIM4
1
21
22
SIM5
SIM1
SIM2
SIM3
SIM4
1
21
22
SIM5
SIM1
SIM2
DEBUG 1 945
SIM1
SIM2
SIM3
SIM4
1
21
22
SIM5
SIM1
SIM2
SIM3
SIM4
1
21
22
SIM5
SIM1
SIM2
SIM3
SIM4
1
21
22
SIM5
SIM1
SIM2
SIM3
SIM4
1
21
22
SIM5
SIM1
SIM2
SIM3
SIM4
1
21
22
SIM5
SIM1
SIM2
SIM3
SIM4
1
21
22
SIM5
SIM1
SIM2
SIM3
SIM4
1
21
22
SIM5
SIM1
SIM2
SIM3
SIM4
1
21
22
SIM5
SIM1
SIM2
SIM3
SIM4
1
21
22
SIM5
SIM1
SIM2
SIM3
SIM4
1
21
22
SIM5
SIM1
SIM2
SIM3
SIM4
1
21
22
SIM5
SIM1
SIM2
SIM3
SIM4
1
21
22
SIM5
SIM1
SIM2
SIM3
SIM4
1
21
22
SIM5
SIM1
SIM2
SIM3
SIM4
1
21
22
SIM5
SIM1
SIM2
SIM3
SIM4
1
21
22
SIM5
SIM1
SIM2
SIM3
SIM4
1
21
22
SIM5
SIM1
SIM2
SIM3
SIM4
1
21
22
SIM5
SIM1
SIM2
SIM3
SIM4
1
21
22
SIM5
SIM1
SIM2
SIM3
SIM4
1
21
22
SIM5
SIM1
SIM2
SIM3
SIM4
1
21
22
SIM5
SIM1
SIM2
SIM3
SIM4
1
21
22
SIM5
SIM1
SIM2
SIM3
SIM4
1
21
22
SIM5
SIM1
SIM2
SIM3
SIM4
1
21
22
SIM5
SIM1
SIM2
SIM3
SIM4
1
21
22
SIM5
SIM1
SIM2
SIM3
SIM4
1
21
22
SIM5
SIM1
SIM2
SIM3
SIM4
1
21
22
SIM5
SIM1
SIM2
SIM3
SIM4
1
21
22
SIM5
SIM1
SIM2
SIM3
SIM4
1
21
22
SIM5
SIM1
SIM2
SIM3
SIM4
1
21
22
SIM5
SIM1
SIM2
SIM3
SIM4
1
21
22
SIM5
SIM1
SIM2
SIM3
SIM4
1
21
22
SIM5
SIM1
SIM2
SIM3
SIM4
1
21
22
SIM5
SIM1
SIM2
SIM3
SIM4
1
21
22
SIM5
SIM1
SIM2
SIM3
SIM4
1
21
22
SIM5
SIM1
SIM2
SIM3
SIM4
1
21
22
SIM5
SIM1
SIM2
SIM3
SIM4
1
21
22
SIM5
SIM1
SIM2
SIM3
SIM4
1
21
22
SIM5
SIM1
SIM2
SIM3
SIM4
1
21
22
SIM5
SIM1
SIM2
SIM3
SIM4
1
21
22
SIM5
SIM1
SIM2
SIM3
SIM4
1
21
22
SIM5
SIM1
SIM2
SIM3
SIM4
1
21
22
SIM5
SIM1
SIM2
SIM3
SIM4
1
21
22
SIM5
SIM1
SIM2
SIM3
SIM4
1
21
22
SIM5
SIM1
SIM2
SIM3
SIM4
1
21
22
SIM5
SIM1
SIM2
SIM3
SIM4
1
21
22
SIM5
SIM1
SIM2
SIM3
SIM4
1
21
22
SIM5
SIM1
SIM2
SIM3
SIM4
1
21
22
SIM5
SIM1
SIM2
SIM3
SIM4
1
21
22
SIM5
SIM1
SIM2
SIM3
SIM4
1
21
22
SIM5
SIM1
SIM2
SIM3
SIM4
1
21
22
SIM5
SIM1
SIM2
SIM3
SIM4
1
21
22
SIM5
SIM1
SIM2
SIM3
SIM4
1
21
22
SIM5
SIM1
SIM2
SIM3
SIM4
1
21
22
SIM5
SIM1
SIM2
SIM3
SIM4
1
21
22
SIM5
SIM1
SIM2
SIM3
SIM4
1
21
22
SIM5
SIM1
SIM2
SIM3
SIM4
1
21
22
SIM5
SIM1
SIM2
SIM3
SIM4
1
21
22
SIM5
SIM1
SIM2
SIM3
SIM4
1
21
22
SIM5
SIM1
SIM2
SIM3
SIM4
1
21
22
SIM5
SIM1
SIM2
SIM3
SIM4
1
21
22
SIM5
SIM1
SIM2
SIM3
SIM4
1
21
22
SIM5
SIM1
SIM2
SIM3
SIM4
1
21
22
SIM5
SIM1
SIM2
SIM3
SIM4
1
21
22
SIM5
SIM1
SIM2
SIM3
SIM4
1
21
22
SIM5
SIM1
SIM2
SIM3
SIM4
1
21
22
SIM5
SIM1
SIM2
SIM3
SIM4
1
21
22
SIM5
SIM1
SIM2
SIM3
SIM4
1
21
22
SIM5
SIM1
SIM2
SIM3
SIM4
1
21
22
SIM5
SIM1
SIM2
SIM3
SIM4
1
21
22
SIM5
SIM1
SIM2
SIM3
SIM4
1
21
22
SIM5
SIM1
SIM2
SIM3
SIM4
1
21
22
SIM5
SIM1
SIM2
SIM3
SIM4
1
21
22
SIM5
SIM1
SIM2
SIM3
SIM4
1
21
22
SIM5
SIM1
SIM2
SIM3
SIM4
1
21
22
SIM5
SIM1
SIM2
SIM3
SIM4
1
21
22
SIM5
SIM1
SIM2
SIM3
SIM4
1
21
22
SIM5
SIM1
SIM2
SIM3
SIM4
1
21
22
SIM5
SIM1
SIM2
SIM3
SIM4
1
21
22
SIM5
SIM1
SIM2
SIM3
SIM4
1
21
22
SIM5
SIM1
SIM2
SIM3
SIM4
1
21
22
SIM5
SIM1
SIM2
SIM3
SIM4
1
21
22
SIM5
SIM1
SIM2
SIM3
SIM4
1
21
22
SIM5
SIM1
SIM2
SIM3
SIM4
1
21
22
SIM5
SIM1
SIM2
SIM3
SIM4
1
21
22
SIM5
SIM1
SIM2
SIM3
SIM4
1
21
22
SIM5
SIM1
SIM2
SIM3
SIM4
1
21
22
SIM5
SIM1
SIM2
SIM3
SIM4
1
21
22
SIM5
SIM1
SIM2
SIM3
SIM4
1
21
22
SIM5
SIM1
SIM2
SIM3
SIM4
1
21
22
SIM5
SIM1
SIM2
SIM3
SIM4
1
21
22
SIM5
SIM1
SIM2
SIM3
SIM4
1
21
22
SIM5
SIM1
SIM2
SIM3
SIM4
1
21
22
SIM5
SIM1
SIM2
SIM3
SIM4
1
21
22
SIM5
SIM1
SIM2
SIM3
SIM4
1
21
22
SIM5
SIM1
SIM2
SIM3
SIM4
1
21
22
SIM5
SIM1
SIM2
SIM3
SIM4
1
21
22
SIM5
SIM1
SIM2
SIM3
SIM4
1
21
22
SIM5
SIM1
SIM2
SIM3
SIM4
1
21
22
SIM5
SIM1
SIM2
SIM3
SIM4
1
21
22
SIM5
SIM1
SIM2
SIM3
SIM4
1
21
22
SIM5
SIM1
SIM2
SIM3
SIM4
1
21
22
SIM5
SIM1
SIM2
SIM3
SIM4
1
21
22
SIM5
SIM1
SIM2
SIM3
SIM4
1
21
22
SIM5
SIM1
SIM2
SIM3
SIM4
1
21
22
SIM5
SIM1
SIM2
SIM3
SIM4
1
21
22
SIM5
SIM1
SIM2
SIM3
SIM4
1
21
22
SIM5
SIM1
SIM2
SIM3
SIM4
1
21
22
SIM5
SIM1
SIM2
SIM3
SIM4
1
21
22
SIM5
SIM1
SIM2
SIM3
SIM4
1
21
22
SIM5
SIM1
SIM2
SIM3
SIM4
1
21
22
SIM5
SIM1
SIM2
SIM3
SIM4
1
21
22
SIM5
SIM1
SIM2
SIM3
SIM4
1
21
22
SIM5
SIM1
SIM2
SIM3
SIM4
1
21
22
SIM5
SIM1
SIM2
SIM3
SIM4
1
21
22
SIM5
SIM1
SIM2
SIM3
SIM4
1
21
22
SIM5
SIM1
SIM2
SIM3
SIM4
1
21
22
SIM5
SIM1
SIM2
SIM3
SIM4
1
21
22
SIM5
SIM1
SIM2
SIM3
SIM4
1
21
22
SIM5
SIM1
SIM2
SIM3
SIM4
1
21
22
SIM5
SIM1
SIM2
SIM3
SIM4
1
21
22
SIM5
SIM1
SIM2
SIM3
SIM4
1
21
22
SIM5
SIM1
SIM2
SIM3
SIM4
1
21
22
SIM5
SIM1
SIM2
SIM3
SIM4
1
21
22
SIM5
SIM1
SIM2
SIM3
SIM4
1
21
22
SIM5
SIM1
SIM2
SIM3
SIM4
1
21
22
SIM5
SIM1
SIM2
SIM3
SIM4
1
21
22
SIM5
SIM1
SIM2
SIM3
SIM4
1
21
22
SIM5
SIM1
SIM2
SIM3
SIM4
1
21
22
SIM5
SIM1
SIM2
SIM3
SIM4
1
21
22
SIM5
SIM1
SIM2
SIM3
SIM4
1
21
22
SIM5
SIM1
SIM2
SIM3
SIM4
1
21
22
SIM5
SIM1
SIM2
SIM3
SIM4
1
21
22
SIM5
SIM1
SIM2
SIM3
SIM4
1
21
22
SIM5
SIM1
SIM2
SIM3
SIM4
1
21
22
SIM5
SIM1
SIM2
SIM3
SIM4
1
21
22
SIM5
SIM1
SIM2
SIM3
SIM4
1
21
22
SIM5
SIM1
SIM2
SIM3
SIM4
1
21
22
SIM5
SIM1
SIM2
SIM3
SIM4
1
21
22
SIM5
SIM1
SIM2
SIM3
SIM4
1
21
22
SIM5
SIM1
SIM2
SIM3
SIM4
1
21
22
SIM5
SIM1
SIM2
SIM3
SIM4
1
21
22
SIM5
SIM1
SIM2
SIM3
SIM4
1
21
22
SIM5
SIM1
SIM2
SIM3
SIM4
1
21
22
SIM5
SIM1
SIM2
SIM3
SIM4
1
21
22
SIM5
SIM1
SIM2
SIM3
SIM4
1
21
22
SIM5
SIM1
SIM2
SIM3
SIM4
1
21
22
SIM5
SIM1
SIM2
SIM3
SIM4
1
21
22
SIM5
SIM1
SIM2
SIM3
SIM4
1
21
22
SIM5
SIM1
SIM2
SIM3
SIM4
1
21
22
SIM5
SIM1
SIM2
SIM3
SIM4
1
21
22
SIM5
SIM1
SIM2
SIM3
SIM4
1
21
22
SIM5
SIM1
SIM2
SIM3
SIM4
1
21
22
SIM5
SIM1
SIM2
SIM3
SIM4
1
21
22
SIM5
SIM1
SIM2
SIM3
SIM4
1
21
22
SIM5
SIM1
SIM2
SIM3
SIM4
1
21
22
SIM5
SIM1
SIM2
SIM3
SIM4
1
21
22
SIM5
SIM1
SIM2
SIM3
SIM4
1
21
22
SIM5
SIM1
SIM2
SIM3
SIM4
1
21
22
SIM5
SIM1
SIM2
SIM3
SIM4
1
21
22
SIM5
SIM1
SIM2
SIM3
SIM4
1
21
22
SIM5
SIM1
SIM2
SIM3
SIM4
1
21
22
SIM5
SIM1
SIM2
SIM3
SIM4
1
21
22
SIM5
SIM1
SIM2
SIM3
SIM4
1
21
22
SIM5
SIM1
SIM2
SIM3
SIM4
1
21
22
SIM5
SIM1
SIM2
SIM3
SIM4
1
21
22
SIM5
SIM1
SIM2
SIM3
SIM4
1
21
22
SIM5
SIM1
SIM2
SIM3
SIM4
1
21
22
SIM5
SIM1
SIM2
SIM3
SIM4
1
21
22
SIM5
SIM1
SIM2
SIM3
SIM4
1
21
22
SIM5
SIM1
SIM2
SIM3
SIM4
1
21
22
SIM5
SIM1
SIM2
SIM3
SIM4
1
21
22
SIM5
SIM1
SIM2
SIM3
SIM4
1
21
22
SIM5
SIM1
SIM2
SIM3
SIM4
1
21
22
SIM5
SIM1
SIM2
SIM3
SIM4
1
21
22
SIM5
SIM1
SIM2
SIM3
SIM4
1
21
22
SIM5
SIM1
SIM2
SIM3
SIM4
1
21
22
SIM5
SIM1
SIM2
SIM3
SIM4
1
21
22
SIM5
SIM1
SIM2
SIM3
SIM4
1
21
22
SIM5
SIM1
SIM2
SIM3
SIM4
1
21
22
SIM5
SIM1
SIM2
SIM3
SIM4
1
21
22
SIM5
SIM1
SIM2
SIM3
SIM4
1
21
22
SIM5
SIM1
SIM2
SIM3
SIM4
1
21
22
SIM5
SIM1
SIM2
SIM3
SIM4
1
21
22
SIM5
SIM1
SIM2
SIM3
SIM4
1
21
22
SIM5
SIM1
SIM2
SIM3
SIM4
1
21
22
SIM5
SIM1
SIM2
SIM3
SIM4
1
21
22
SIM5
SIM1
SIM2
SIM3
SIM4
1
21
22
SIM5
SIM1
SIM2
SIM3
SIM4
1
21
22
SIM5
SIM1
SIM2
SIM3
SIM4
1
21
22
SIM5
SIM1
SIM2
SIM3
SIM4
1
21
22
SIM5
SIM1
SIM2
SIM3
SIM4
1
21
22
SIM5
SIM1
SIM2
SIM3
SIM4
1
21
22
SIM5
SIM1
SIM2
SIM3
SIM4
1
21
22
SIM5
SIM1
SIM2
SIM3
SIM4
1
21
22
SIM5
SIM1
SIM2
SIM3
SIM4
1
21
22
SIM5
SIM1
SIM2
SIM3
SIM4
1
21
22
SIM5
SIM1
SIM2
SIM3
SIM4
1
21
22
SIM5
SIM1
SIM2
SIM3
SIM4
1
21
22
SIM5
SIM1
SIM2
SIM3
SIM4
1
21
22
SIM5
SIM1
SIM2
SIM3
SIM4
1
21
22
SIM5
SIM1
SIM2
SIM3
SIM4
1
21
22
SIM5
SIM1
SIM2
SIM3
SIM4
1
21
22
SIM5
SIM1
SIM2
SIM3
SIM4
1
21
22
SIM5
SIM1
SIM2
SIM3
SIM4
1
21
22
SIM5
SIM1
SIM2
SIM3
SIM4
1
21
22
SIM5
SIM1
SIM2
SIM3
SIM4
1
21
22
SIM5
SIM1
SIM2
SIM3
SIM4
1
21
22
SIM5
SIM1
SIM2
SIM3
SIM4
1
21
22
SIM5
SIM1
SIM2
SIM3
SIM4
1
21
22
SIM5
SIM1
SIM2
SIM3
SIM4
1
21
22
SIM5
SIM1
SIM2
SIM3
SIM4
1
21
22
SIM5
SIM1
SIM2
SIM3
SIM4
1
21
22
SIM5
SIM1
SIM2
SIM3
SIM4
1
21
22
SIM5
SIM1
SIM2
SIM3
SIM4
1
21
22
SIM5
SIM1
SIM2
SIM3
SIM4
1
21
22
SIM5
SIM1
SIM2
SIM3
SIM4
1
21
22
SIM5
SIM1
SIM2
SIM3
SIM4
1
21
22
SIM5
SIM1
SIM2
SIM3
SIM4
1
21
22
SIM5
SIM1
SIM2
SIM3
SIM4
1
21
22
SIM5
SIM1
SIM2
SIM3
SIM4
1
21
22
SIM5
SIM1
SIM2
SIM3
SIM4
1
21
22
SIM5
SIM1
SIM2
SIM3
SIM4
1
21
22
SIM5
SIM1
SIM2
SIM3
SIM4
1
21
22
SIM5
SIM1
SIM2
SIM3
SIM4
1
21
22
SIM5
SIM1
SIM2
SIM3
SIM4
1
21
22
SIM5
SIM1
SIM2
SIM3
SIM4
1
21
22
SIM5
SIM1
SIM2
SIM3
SIM4
1
21
22
SIM5
SIM1
SIM2
SIM3
SIM4
1
21
22
SIM5
SIM1
SIM2
SIM3
SIM4
1
21
22
SIM5
SIM1
SIM2
SIM3
SIM4
1
21
22
SIM5
SIM1
SIM2
SIM3
SIM4
1
21
22
SIM5
SIM1
SIM2
SIM3
SIM4
1
21
22
SIM5
SIM1
SIM2
SIM3
SIM4
1
21
22
SIM5
SIM1
SIM2
SIM3
SIM4
1
21
22
SIM5
SIM1
SIM2
SIM3
SIM4
1
21
22
SIM5
SIM1
SIM2
SIM3
SIM4
1
21
22
SIM5
SIM1
SIM2
SIM3
SIM4
1
21
22
SIM5
SIM1
SIM2
SIM3
SIM4
1
21
22
SIM5
SIM1
SIM2
SIM3
SIM4
1
21
22
SIM5
SIM1
SIM2
SIM3
SIM4
1
21
22
SIM5
SIM1
SIM2
SIM3
SIM4
1
21
22
SIM5
SIM1
SIM2
SIM3
SIM4
1
21
22
SIM5
SIM1
SIM2
SIM3
SIM4
1
21
22
SIM5
SIM1
SIM2
SIM3
SIM4
1
21
22
SIM5
SIM1
SIM2
SIM3
SIM4
1
21
22
SIM5
SIM1
SIM2
SIM3
SIM4
1
21
22
SIM5
SIM1
SIM2
SIM3
SIM4
1
21
22
SIM5
SIM1
SIM2
SIM3
SIM4
1
21
22
SIM5
SIM1
SIM2
SIM3
SIM4
1
21
22
SIM5
SIM1
SIM2
SIM3
SIM4
1
21
22
SIM5
SIM1
SIM2
SIM3
SIM4
1
21
22
SIM5
SIM1
SIM2
SIM3
SIM4
1
21
22
SIM5
SIM1
SIM2
SIM3
SIM4
1
21
22
SIM5
SIM1
SIM2
SIM3
SIM4
1
21
22
SIM5
SIM1
SIM2
SIM3
SIM4
1
21
22
SIM5
SIM1
SIM2
SIM3
SIM4
1
21
22
SIM5
SIM1
SIM2
SIM3
SIM4
1
21
22
SIM5
SIM1
SIM2
SIM3
SIM4
1
21
22
SIM5
SIM1
SIM2
SIM3
SIM4
1
21
22
SIM5
SIM1
SIM2
SIM3
SIM4
1
21
22
SIM5
SIM1
SIM2
SIM3
SIM4
1
21
22
SIM5
SIM1
SIM2
SIM3
SIM4
1
21
22
SIM5
SIM1
SIM2
SIM3
SIM4
1
21
22
SIM5
SIM1
SIM2
SIM3
SIM4
1
21
22
SIM5
SIM1
SIM2
SIM3
SIM4
1
21
22
SIM5
SIM1
SIM2
SIM3
SIM4
1
21
22
SIM5
SIM1
SIM2
SIM3
SIM4
1
21
22
SIM5
SIM1
SIM2
SIM3
SIM4
1
21
22
SIM5
SIM1
SIM2
SIM3
SIM4
1
21
22
SIM5
SIM1
SIM2
SIM3
SIM4
1
21
22
SIM5
SIM1
SIM2
SIM3
SIM4
1
21
22
SIM5
SIM1
SIM2
SIM3
SIM4
1
21
22
SIM5
SIM1
SIM2
SIM3
SIM4
1
21
22
SIM5
SIM1
SIM2
SIM3
SIM4
1
21
22
SIM5
SIM1
SIM2
SIM3
SIM4
1
21
22
SIM5
SIM1
SIM2
SIM3
SIM4
1
21
22
SIM5
SIM1
SIM2
SIM3
SIM4
1
21
22
SIM5
SIM1
SIM2
SIM3
SIM4
1
21
22
SIM5
SIM1
SIM2
DEBUG 1 946
SIM1
SIM2
SIM3
SIM4
1
21
22
SIM5
SIM1
SIM2
SIM3
SIM4
1
21
22
SIM5
SIM1
SIM2
SIM3
SIM4
1
21
22
SIM5
SIM1
SIM2
SIM3
SIM4
1
21
22
SIM5
SIM1
SIM2
SIM3
SIM4
1
21
22
SIM5
SIM1
SIM2
SIM3
SIM4
1
21
22
SIM5
SIM1
SIM2
SIM3
SIM4
1
21
22
SIM5
SIM1
SIM2
SIM3
SIM4
1
21
22
SIM5
SIM1
SIM2
SIM3
SIM4
1
21
22
SIM5
SIM1
SIM2
SIM3
SIM4
1
21
22
SIM5
SIM1
SIM2
SIM3
SIM4
1
21
22
SIM5
SIM1
SIM2
SIM3
SIM4
1
21
22
SIM5
SIM1
SIM2
SIM3
SIM4
1
21
22
SIM5
SIM1
SIM2
SIM3
SIM4
1
21
22
SIM5
SIM1
SIM2
SIM3
SIM4
1
21
22
SIM5
SIM1
SIM2
SIM3
SIM4
1
21
22
SIM5
SIM1
SIM2
SIM3
SIM4
1
21
22
SIM5
SIM1
SIM2
SIM3
SIM4
1
21
22
SIM5
SIM1
SIM2
SIM3
SIM4
1
21
22
SIM5
SIM1
SIM2
SIM3
SIM4
1
21
22
SIM5
SIM1
SIM2
SIM3
SIM4
1
21
22
SIM5
SIM1
SIM2
SIM3
SIM4
1
21
22
SIM5
SIM1
SIM2
SIM3
SIM4
1
21
22
SIM5
SIM1
SIM2
SIM3
SIM4
1
21
22
SIM5
SIM1
SIM2
SIM3
SIM4
1
21
22
SIM5
SIM1
SIM2
SIM3
SIM4
1
21
22
SIM5
SIM1
SIM2
SIM3
SIM4
1
21
22
SIM5
SIM1
SIM2
SIM3
SIM4
1
21
22
SIM5
SIM1
SIM2
SIM3
SIM4
1
21
22
SIM5
SIM1
SIM2
SIM3
SIM4
1
21
22
SIM5
SIM1
SIM2
SIM3
SIM4
1
21
22
SIM5
SIM1
SIM2
SIM3
SIM4
1
21
22
SIM5
SIM1
SIM2
SIM3
SIM4
1
21
22
SIM5
SIM1
SIM2
SIM3
SIM4
1
21
22
SIM5
SIM1
SIM2
SIM3
SIM4
1
21
22
SIM5
SIM1
SIM2
SIM3
SIM4
1
21
22
SIM5
SIM1
SIM2
SIM3
SIM4
1
21
22
SIM5
SIM1
SIM2
SIM3
SIM4
1
21
22
SIM5
SIM1
SIM2
SIM3
SIM4
1
21
22
SIM5
SIM1
SIM2
SIM3
SIM4
1
21
22
SIM5
SIM1
SIM2
SIM3
SIM4
1
21
22
SIM5
SIM1
SIM2
SIM3
SIM4
1
21
22
SIM5
SIM1
SIM2
SIM3
SIM4
1
21
22
SIM5
SIM1
SIM2
SIM3
SIM4
1
21
22
SIM5
SIM1
SIM2
SIM3
SIM4
1
21
22
SIM5
SIM1
SIM2
SIM3
SIM4
1
21
22
SIM5
SIM1
SIM2
SIM3
SIM4
1
21
22
SIM5
SIM1
SIM2
SIM3
SIM4
1
21
22
SIM5
SIM1
SIM2
SIM3
SIM4
1
21
22
SIM5
SIM1
SIM2
SIM3
SIM4
1
21
22
SIM5
SIM1
SIM2
SIM3
SIM4
1
21
22
SIM5
SIM1
SIM2
SIM3
SIM4
1
21
22
SIM5
SIM1
SIM2
SIM3
SIM4
1
21
22
SIM5
SIM1
SIM2
SIM3
SIM4
1
21
22
SIM5
SIM1
SIM2
SIM3
SIM4
1
21
22
SIM5
SIM1
SIM2
SIM3
SIM4
1
21
22
SIM5
SIM1
SIM2
SIM3
SIM4
1
21
22
SIM5
SIM1
SIM2
SIM3
SIM4
1
21
22
SIM5
SIM1
SIM2
SIM3
SIM4
1
21
22
SIM5
SIM1
SIM2
SIM3
SIM4
1
21
22
SIM5
SIM1
SIM2
SIM3
SIM4
1
21
22
SIM5
SIM1
SIM2
SIM3
SIM4
1
21
22
SIM5
SIM1
SIM2
SIM3
SIM4
1
21
22
SIM5
SIM1
SIM2
SIM3
SIM4
1
21
22
SIM5
SIM1
SIM2
SIM3
SIM4
1
21
22
SIM5
SIM1
SIM2
SIM3
SIM4
1
21
22
SIM5
SIM1
SIM2
SIM3
SIM4
1
21
22
SIM5
SIM1
SIM2
SIM3
SIM4
1
21
22
SIM5
SIM1
SIM2
SIM3
SIM4
1
21
22
SIM5
SIM1
SIM2
SIM3
SIM4
1
21
22
SIM5
SIM1
SIM2
SIM3
SIM4
1
21
22
SIM5
SIM1
SIM2
SIM3
SIM4
1
21
22
SIM5
SIM1
SIM2
SIM3
SIM4
1
21
22
SIM5
SIM1
SIM2
SIM3
SIM4
1
21
22
SIM5
SIM1
SIM2
SIM3
SIM4
1
21
22
SIM5
SIM1
SIM2
SIM3
SIM4
1
21
22
SIM5
SIM1
SIM2
SIM3
SIM4
1
21
22
SIM5
SIM1
SIM2
SIM3
SIM4
1
21
22
SIM5
SIM1
SIM2
SIM3
SIM4
1
21
22
SIM5
SIM1
SIM2
SIM3
SIM4
1
21
22
SIM5
SIM1
SIM2
SIM3
SIM4
1
21
22
SIM5
SIM1
SIM2
SIM3
SIM4
1
21
22
SIM5
SIM1
SIM2
SIM3
SIM4
1
21
22
SIM5
SIM1
SIM2
SIM3
SIM4
1
21
22
SIM5
SIM1
SIM2
SIM3
SIM4
1
21
22
SIM5
SIM1
SIM2
SIM3
SIM4
1
21
22
SIM5
SIM1
SIM2
SIM3
SIM4
1
21
22
SIM5
SIM1
SIM2
SIM3
SIM4
1
21
22
SIM5
SIM1
SIM2
SIM3
SIM4
1
21
22
SIM5
SIM1
SIM2
SIM3
SIM4
1
21
22
SIM5
SIM1
SIM2
SIM3
SIM4
1
21
22
SIM5
SIM1
SIM2
SIM3
SIM4
1
21
22
SIM5
SIM1
SIM2
SIM3
SIM4
1
21
22
SIM5
SIM1
SIM2
SIM3
SIM4
1
21
22
SIM5
SIM1
SIM2
SIM3
SIM4
1
21
22
SIM5
SIM1
SIM2
SIM3
SIM4
1
21
22
SIM5
SIM1
SIM2
SIM3
SIM4
1
21
22
SIM5
SIM1
SIM2
SIM3
SIM4
1
21
22
SIM5
SIM1
SIM2
SIM3
SIM4
1
21
22
SIM5
SIM1
SIM2
SIM3
SIM4
1
21
22
SIM5
SIM1
SIM2
SIM3
SIM4
1
21
22
SIM5
SIM1
SIM2
SIM3
SIM4
1
21
22
SIM5
SIM1
SIM2
SIM3
SIM4
1
21
22
SIM5
SIM1
SIM2
SIM3
SIM4
1
21
22
SIM5
SIM1
SIM2
SIM3
SIM4
1
21
22
SIM5
SIM1
SIM2
SIM3
SIM4
1
21
22
SIM5
SIM1
SIM2
SIM3
SIM4
1
21
22
SIM5
SIM1
SIM2
SIM3
SIM4
1
21
22
SIM5
SIM1
SIM2
SIM3
SIM4
1
21
22
SIM5
SIM1
SIM2
SIM3
SIM4
1
21
22
SIM5
SIM1
SIM2
SIM3
SIM4
1
21
22
SIM5
SIM1
SIM2
SIM3
SIM4
1
21
22
SIM5
SIM1
SIM2
SIM3
SIM4
1
21
22
SIM5
SIM1
SIM2
SIM3
SIM4
1
21
22
SIM5
SIM1
SIM2
SIM3
SIM4
1
21
22
SIM5
SIM1
SIM2
SIM3
SIM4
1
21
22
SIM5
SIM1
SIM2
SIM3
SIM4
1
21
22
SIM5
SIM1
SIM2
SIM3
SIM4
1
21
22
SIM5
SIM1
SIM2
SIM3
SIM4
1
21
22
SIM5
SIM1
SIM2
SIM3
SIM4
1
21
22
SIM5
SIM1
SIM2
SIM3
SIM4
1
21
22
SIM5
SIM1
SIM2
SIM3
SIM4
1
21
22
SIM5
SIM1
SIM2
SIM3
SIM4
1
21
22
SIM5
SIM1
SIM2
SIM3
SIM4
1
21
22
SIM5
SIM1
SIM2
SIM3
SIM4
1
21
22
SIM5
SIM1
SIM2
SIM3
SIM4
1
21
22
SIM5
SIM1
SIM2
SIM3
SIM4
1
21
22
SIM5
SIM1
SIM2
SIM3
SIM4
1
21
22
SIM5
SIM1
SIM2
SIM3
SIM4
1
21
22
SIM5
SIM1
SIM2
SIM3
SIM4
1
21
22
SIM5
SIM1
SIM2
SIM3
SIM4
1
21
22
SIM5
SIM1
SIM2
SIM3
SIM4
1
21
22
SIM5
SIM1
SIM2
SIM3
SIM4
1
21
22
SIM5
SIM1
SIM2
SIM3
SIM4
1
21
22
SIM5
SIM1
SIM2
SIM3
SIM4
1
21
22
SIM5
SIM1
SIM2
SIM3
SIM4
1
21
22
SIM5
SIM1
SIM2
SIM3
SIM4
1
21
22
SIM5
SIM1
SIM2
SIM3
SIM4
1
21
22
SIM5
SIM1
SIM2
SIM3
SIM4
1
21
22
SIM5
SIM1
SIM2
SIM3
SIM4
1
21
22
SIM5
SIM1
SIM2
SIM3
SIM4
1
21
22
SIM5
SIM1
SIM2
SIM3
SIM4
1
21
22
SIM5
SIM1
SIM2
SIM3
SIM4
1
21
22
SIM5
SIM1
SIM2
SIM3
SIM4
1
21
22
SIM5
SIM1
SIM2
SIM3
SIM4
1
21
22
SIM5
SIM1
SIM2
SIM3
SIM4
1
21
22
SIM5
SIM1
SIM2
SIM3
SIM4
1
21
22
SIM5
SIM1
SIM2
SIM3
SIM4
1
21
22
SIM5
SIM1
SIM2
SIM3
SIM4
1
21
22
SIM5
SIM1
SIM2
SIM3
SIM4
1
21
22
SIM5
SIM1
SIM2
SIM3
SIM4
1
21
22
SIM5
SIM1
SIM2
SIM3
SIM4
1
21
22
SIM5
SIM1
SIM2
SIM3
SIM4
1
21
22
SIM5
SIM1
SIM2
SIM3
SIM4
1
21
22
SIM5
SIM1
SIM2
SIM3
SIM4
1
21
22
SIM5
SIM1
SIM2
SIM3
SIM4
1
21
22
SIM5
SIM1
SIM2
SIM3
SIM4
1
21
22
SIM5
SIM1
SIM2
SIM3
SIM4
1
21
22
SIM5
SIM1
SIM2
SIM3
SIM4
1
21
22
SIM5
SIM1
SIM2
SIM3
SIM4
1
21
22
SIM5
SIM1
SIM2
SIM3
SIM4
1
21
22
SIM5
SIM1
SIM2
SIM3
SIM4
1
21
22
SIM5
SIM1
SIM2
SIM3
SIM4
1
21
22
SIM5
SIM1
SIM2
SIM3
SIM4
1
21
22
SIM5
SIM1
SIM2
SIM3
SIM4
1
21
22
SIM5
SIM1
SIM2
SIM3
SIM4
1
21
22
SIM5
SIM1
SIM2
SIM3
SIM4
1
21
22
SIM5
SIM1
SIM2
SIM3
SIM4
1
21
22
SIM5
SIM1
SIM2
SIM3
SIM4
1
21
22
SIM5
SIM1
SIM2
SIM3
SIM4
1
21
22
SIM5
SIM1
SIM2
SIM3
SIM4
1
21
22
SIM5
SIM1
SIM2
SIM3
SIM4
1
21
22
SIM5
SIM1
SIM2
SIM3
SIM4
1
21
22
SIM5
SIM1
SIM2
SIM3
SIM4
1
21
22
SIM5
SIM1
SIM2
SIM3
SIM4
1
21
22
SIM5
SIM1
SIM2
SIM3
SIM4
1
21
22
SIM5
SIM1
SIM2
SIM3
SIM4
1
21
22
SIM5
SIM1
SIM2
SIM3
SIM4
1
21
22
SIM5
SIM1
SIM2
SIM3
SIM4
1
21
22
SIM5
SIM1
SIM2
SIM3
SIM4
1
21
22
SIM5
SIM1
SIM2
SIM3
SIM4
1
21
22
SIM5
SIM1
SIM2
SIM3
SIM4
1
21
22
SIM5
SIM1
SIM2
SIM3
SIM4
1
21
22
SIM5
SIM1
SIM2
SIM3
SIM4
1
21
22
SIM5
SIM1
SIM2
SIM3
SIM4
1
21
22
SIM5
SIM1
SIM2
SIM3
SIM4
1
21
22
SIM5
SIM1
SIM2
SIM3
SIM4
1
21
22
SIM5
SIM1
SIM2
SIM3
SIM4
1
21
22
SIM5
SIM1
SIM2
SIM3
SIM4
1
21
22
SIM5
SIM1
SIM2
SIM3
SIM4
1
21
22
SIM5
SIM1
SIM2
SIM3
SIM4
1
21
22
SIM5
SIM1
SIM2
SIM3
SIM4
1
21
22
SIM5
SIM1
SIM2
SIM3
SIM4
1
21
22
SIM5
SIM1
SIM2
SIM3
SIM4
1
21
22
SIM5
SIM1
SIM2
SIM3
SIM4
1
21
22
SIM5
SIM1
SIM2
SIM3
SIM4
1
21
22
SIM5
SIM1
SIM2
SIM3
SIM4
1
21
22
SIM5
SIM1
SIM2
SIM3
SIM4
1
21
22
SIM5
SIM1
SIM2
SIM3
SIM4
1
21
22
SIM5
SIM1
SIM2
SIM3
SIM4
1
21
22
SIM5
SIM1
SIM2
SIM3
SIM4
1
21
22
SIM5
SIM1
SIM2
SIM3
SIM4
1
21
22
SIM5
SIM1
SIM2
SIM3
SIM4
1
21
22
SIM5
SIM1
SIM2
SIM3
SIM4
1
21
22
SIM5
SIM1
SIM2
SIM3
SIM4
1
21
22
SIM5
SIM1
SIM2
SIM3
SIM4
1
21
22
SIM5
SIM1
SIM2
SIM3
SIM4
1
21
22
SIM5
SIM1
SIM2
SIM3
SIM4
1
21
22
SIM5
SIM1
SIM2
SIM3
SIM4
1
21
22
SIM5
SIM1
SIM2
SIM3
SIM4
1
21
22
SIM5
SIM1
SIM2
SIM3
SIM4
1
21
22
SIM5
SIM1
SIM2
SIM3
SIM4
1
21
22
SIM5
SIM1
SIM2
SIM3
SIM4
1
21
22
SIM5
SIM1
SIM2
SIM3
SIM4
1
21
22
SIM5
SIM1
SIM2
SIM3
SIM4
1
21
22
SIM5
SIM1
SIM2
SIM3
SIM4
1
21
22
SIM5
SIM1
SIM2
SIM3
SIM4
1
21
22
SIM5
SIM1
SIM2
SIM3
SIM4
1
21
22
SIM5
SIM1
SIM2
SIM3
SIM4
1
21
22
SIM5
SIM1
SIM2
SIM3
SIM4
1
21
22
SIM5
SIM1
SIM2
SIM3
SIM4
1
21
22
SIM5
SIM1
SIM2
SIM3
SIM4
1
21
22
SIM5
SIM1
SIM2
SIM3
SIM4
1
21
22
SIM5
SIM1
SIM2
SIM3
SIM4
1
21
22
SIM5
SIM1
SIM2
SIM3
SIM4
1
21
22
SIM5
SIM1
SIM2
SIM3
SIM4
1
21
22
SIM5
SIM1
SIM2
SIM3
SIM4
1
21
22
SIM5
SIM1
SIM2
SIM3
SIM4
1
21
22
SIM5
SIM1
SIM2
SIM3
SIM4
1
21
22
SIM5
SIM1
SIM2
SIM3
SIM4
1
21
22
SIM5
SIM1
SIM2
SIM3
SIM4
1
21
22
SIM5
SIM1
SIM2
SIM3
SIM4
1
21
22
SIM5
SIM1
SIM2
SIM3
SIM4
1
21
22
SIM5
SIM1
SIM2
SIM3
SIM4
1
21
22
SIM5
SIM1
SIM2
SIM3
SIM4
1
21
22
SIM5
SIM1
SIM2
SIM3
SIM4
1
21
22
SIM5
SIM1
SIM2
SIM3
SIM4
1
21
22
SIM5
SIM1
SIM2
SIM3
SIM4
1
21
22
SIM5
SIM1
SIM2
SIM3
SIM4
1
21
22
SIM5
SIM1
SIM2
SIM3
SIM4
1
21
22
SIM5
SIM1
SIM2
SIM3
SIM4
1
21
22
SIM5
SIM1
SIM2
SIM3
SIM4
1
21
22
SIM5
SIM1
SIM2
SIM3
SIM4
1
21
22
SIM5
SIM1
SIM2
SIM3
SIM4
1
21
22
SIM5
SIM1
SIM2
SIM3
SIM4
1
21
22
SIM5
SIM1
SIM2
SIM3
SIM4
1
21
22
SIM5
SIM1
SIM2
SIM3
SIM4
1
21
22
SIM5
SIM1
SIM2
SIM3
SIM4
1
21
22
SIM5
SIM1
SIM2
SIM3
SIM4
1
21
22
SIM5
SIM1
SIM2
SIM3
SIM4
1
21
22
SIM5
SIM1
SIM2
SIM3
SIM4
1
21
22
SIM5
SIM1
SIM2
SIM3
SIM4
1
21
22
SIM5
SIM1
SIM2
SIM3
SIM4
1
21
22
SIM5
SIM1
SIM2
SIM3
SIM4
1
21
22
SIM5
SIM1
SIM2
SIM3
SIM4
1
21
22
SIM5
SIM1
SIM2
SIM3
SIM4
1
21
22
SIM5
SIM1
SIM2
DEBUG 1 947
SIM1
SIM2
SIM3
SIM4
1
21
22
SIM5
SIM1
SIM2
SIM3
SIM4
1
21
22
SIM5
SIM1
SIM2
SIM3
SIM4
1
21
22
SIM5
SIM1
SIM2
SIM3
SIM4
1
21
22
SIM5
SIM1
SIM2
SIM3
SIM4
1
21
22
SIM5
SIM1
SIM2
SIM3
SIM4
1
21
22
SIM5
SIM1
SIM2
SIM3
SIM4
1
21
22
SIM5
SIM1
SIM2
SIM3
SIM4
1
21
22
SIM5
SIM1
SIM2
SIM3
SIM4
1
21
22
SIM5
SIM1
SIM2
SIM3
SIM4
1
21
22
SIM5
SIM1
SIM2
SIM3
SIM4
1
21
22
SIM5
SIM1
SIM2
SIM3
SIM4
1
21
22
SIM5
SIM1
SIM2
SIM3
SIM4
1
21
22
SIM5
SIM1
SIM2
SIM3
SIM4
1
21
22
SIM5
SIM1
SIM2
SIM3
SIM4
1
21
22
SIM5
SIM1
SIM2
SIM3
SIM4
1
21
22
SIM5
SIM1
SIM2
SIM3
SIM4
1
21
22
SIM5
SIM1
SIM2
SIM3
SIM4
1
21
22
SIM5
SIM1
SIM2
SIM3
SIM4
1
21
22
SIM5
SIM1
SIM2
SIM3
SIM4
1
21
22
SIM5
SIM1
SIM2
SIM3
SIM4
1
21
22
SIM5
SIM1
SIM2
SIM3
SIM4
1
21
22
SIM5
SIM1
SIM2
SIM3
SIM4
1
21
22
SIM5
SIM1
SIM2
SIM3
SIM4
1
21
22
SIM5
SIM1
SIM2
SIM3
SIM4
1
21
22
SIM5
SIM1
SIM2
SIM3
SIM4
1
21
22
SIM5
SIM1
SIM2
SIM3
SIM4
1
21
22
SIM5
SIM1
SIM2
SIM3
SIM4
1
21
22
SIM5
SIM1
SIM2
SIM3
SIM4
1
21
22
SIM5
SIM1
SIM2
SIM3
SIM4
1
21
22
SIM5
SIM1
SIM2
SIM3
SIM4
1
21
22
SIM5
SIM1
SIM2
SIM3
SIM4
1
21
22
SIM5
SIM1
SIM2
SIM3
SIM4
1
21
22
SIM5
SIM1
SIM2
SIM3
SIM4
1
21
22
SIM5
SIM1
SIM2
SIM3
SIM4
1
21
22
SIM5
SIM1
SIM2
SIM3
SIM4
1
21
22
SIM5
SIM1
SIM2
SIM3
SIM4
1
21
22
SIM5
SIM1
SIM2
SIM3
SIM4
1
21
22
SIM5
SIM1
SIM2
SIM3
SIM4
1
21
22
SIM5
SIM1
SIM2
SIM3
SIM4
1
21
22
SIM5
SIM1
SIM2
SIM3
SIM4
1
21
22
SIM5
SIM1
SIM2
SIM3
SIM4
1
21
22
SIM5
SIM1
SIM2
SIM3
SIM4
1
21
22
SIM5
SIM1
SIM2
SIM3
SIM4
1
21
22
SIM5
SIM1
SIM2
SIM3
SIM4
1
21
22
SIM5
SIM1
SIM2
SIM3
SIM4
1
21
22
SIM5
SIM1
SIM2
SIM3
SIM4
1
21
22
SIM5
SIM1
SIM2
SIM3
SIM4
1
21
22
SIM5
SIM1
SIM2
SIM3
SIM4
1
21
22
SIM5
SIM1
SIM2
SIM3
SIM4
1
21
22
SIM5
SIM1
SIM2
SIM3
SIM4
1
21
22
SIM5
SIM1
SIM2
SIM3
SIM4
1
21
22
SIM5
SIM1
SIM2
SIM3
SIM4
1
21
22
SIM5
SIM1
SIM2
SIM3
SIM4
1
21
22
SIM5
SIM1
SIM2
SIM3
SIM4
1
21
22
SIM5
SIM1
SIM2
SIM3
SIM4
1
21
22
SIM5
SIM1
SIM2
SIM3
SIM4
1
21
22
SIM5
SIM1
SIM2
SIM3
SIM4
1
21
22
SIM5
SIM1
SIM2
SIM3
SIM4
1
21
22
SIM5
SIM1
SIM2
SIM3
SIM4
1
21
22
SIM5
SIM1
SIM2
SIM3
SIM4
1
21
22
SIM5
SIM1
SIM2
SIM3
SIM4
1
21
22
SIM5
SIM1
SIM2
SIM3
SIM4
1
21
22
SIM5
SIM1
SIM2
SIM3
SIM4
1
21
22
SIM5
SIM1
SIM2
SIM3
SIM4
1
21
22
SIM5
SIM1
SIM2
SIM3
SIM4
1
21
22
SIM5
SIM1
SIM2
SIM3
SIM4
1
21
22
SIM5
SIM1
SIM2
SIM3
SIM4
1
21
22
SIM5
SIM1
SIM2
SIM3
SIM4
1
21
22
SIM5
SIM1
SIM2
SIM3
SIM4
1
21
22
SIM5
SIM1
SIM2
SIM3
SIM4
1
21
22
SIM5
SIM1
SIM2
SIM3
SIM4
1
21
22
SIM5
SIM1
SIM2
SIM3
SIM4
1
21
22
SIM5
SIM1
SIM2
SIM3
SIM4
1
21
22
SIM5
SIM1
SIM2
SIM3
SIM4
1
21
22
SIM5
SIM1
SIM2
SIM3
SIM4
1
21
22
SIM5
SIM1
SIM2
SIM3
SIM4
1
21
22
SIM5
SIM1
SIM2
SIM3
SIM4
1
21
22
SIM5
SIM1
SIM2
SIM3
SIM4
1
21
22
SIM5
SIM1
SIM2
SIM3
SIM4
1
21
22
SIM5
SIM1
SIM2
SIM3
SIM4
1
21
22
SIM5
SIM1
SIM2
SIM3
SIM4
1
21
22
SIM5
SIM1
SIM2
SIM3
SIM4
1
21
22
SIM5
SIM1
SIM2
SIM3
SIM4
1
21
22
SIM5
SIM1
SIM2
SIM3
SIM4
1
21
22
SIM5
SIM1
SIM2
SIM3
SIM4
1
21
22
SIM5
SIM1
SIM2
SIM3
SIM4
1
21
22
SIM5
SIM1
SIM2
SIM3
SIM4
1
21
22
SIM5
SIM1
SIM2
SIM3
SIM4
1
21
22
SIM5
SIM1
SIM2
SIM3
SIM4
1
21
22
SIM5
SIM1
SIM2
SIM3
SIM4
1
21
22
SIM5
SIM1
SIM2
SIM3
SIM4
1
21
22
SIM5
SIM1
SIM2
SIM3
SIM4
1
21
22
SIM5
SIM1
SIM2
SIM3
SIM4
1
21
22
SIM5
SIM1
SIM2
SIM3
SIM4
1
21
22
SIM5
SIM1
SIM2
SIM3
SIM4
1
21
22
SIM5
SIM1
SIM2
SIM3
SIM4
1
21
22
SIM5
SIM1
SIM2
SIM3
SIM4
1
21
22
SIM5
SIM1
SIM2
SIM3
SIM4
1
21
22
SIM5
SIM1
SIM2
SIM3
SIM4
1
21
22
SIM5
SIM1
SIM2
SIM3
SIM4
1
21
22
SIM5
SIM1
SIM2
SIM3
SIM4
1
21
22
SIM5
SIM1
SIM2
SIM3
SIM4
1
21
22
SIM5
SIM1
SIM2
SIM3
SIM4
1
21
22
SIM5
SIM1
SIM2
SIM3
SIM4
1
21
22
SIM5
SIM1
SIM2
SIM3
SIM4
1
21
22
SIM5
SIM1
SIM2
SIM3
SIM4
1
21
22
SIM5
SIM1
SIM2
SIM3
SIM4
1
21
22
SIM5
SIM1
SIM2
SIM3
SIM4
1
21
22
SIM5
SIM1
SIM2
SIM3
SIM4
1
21
22
SIM5
SIM1
SIM2
SIM3
SIM4
1
21
22
SIM5
SIM1
SIM2
SIM3
SIM4
1
21
22
SIM5
SIM1
SIM2
SIM3
SIM4
1
21
22
SIM5
SIM1
SIM2
SIM3
SIM4
1
21
22
SIM5
SIM1
SIM2
SIM3
SIM4
1
21
22
SIM5
SIM1
SIM2
SIM3
SIM4
1
21
22
SIM5
SIM1
SIM2
SIM3
SIM4
1
21
22
SIM5
SIM1
SIM2
SIM3
SIM4
1
21
22
SIM5
SIM1
SIM2
SIM3
SIM4
1
21
22
SIM5
SIM1
SIM2
SIM3
SIM4
1
21
22
SIM5
SIM1
SIM2
SIM3
SIM4
1
21
22
SIM5
SIM1
SIM2
SIM3
SIM4
1
21
22
SIM5
SIM1
SIM2
SIM3
SIM4
1
21
22
SIM5
SIM1
SIM2
SIM3
SIM4
1
21
22
SIM5
SIM1
SIM2
SIM3
SIM4
1
21
22
SIM5
SIM1
SIM2
SIM3
SIM4
1
21
22
SIM5
SIM1
SIM2
SIM3
SIM4
1
21
22
SIM5
SIM1
SIM2
SIM3
SIM4
1
21
22
SIM5
SIM1
SIM2
SIM3
SIM4
1
21
22
SIM5
SIM1
SIM2
SIM3
SIM4
1
21
22
SIM5
SIM1
SIM2
SIM3
SIM4
1
21
22
SIM5
SIM1
SIM2
SIM3
SIM4
1
21
22
SIM5
SIM1
SIM2
DEBUG 1 948
SIM1
SIM2
SIM3
SIM4
1
21
22
SIM5
SIM1
SIM2
SIM3
SIM4
1
21
22
SIM5
SIM1
SIM2
SIM3
SIM4
1
21
22
SIM5
SIM1
SIM2
SIM3
SIM4
1
21
22
SIM5
SIM1
SIM2
SIM3
SIM4
1
21
22
SIM5
SIM1
SIM2
SIM3
SIM4
1
21
22
SIM5
SIM1
SIM2
SIM3
SIM4
1
21
22
SIM5
SIM1
SIM2
SIM3
SIM4
1
21
22
SIM5
SIM1
SIM2
SIM3
SIM4
1
21
22
SIM5
SIM1
SIM2
SIM3
SIM4
1
21
22
SIM5
SIM1
SIM2
SIM3
SIM4
1
21
22
SIM5
SIM1
SIM2
SIM3
SIM4
1
21
22
SIM5
SIM1
SIM2
SIM3
SIM4
1
21
22
SIM5
SIM1
SIM2
SIM3
SIM4
1
21
22
SIM5
SIM1
SIM2
SIM3
SIM4
1
21
22
SIM5
SIM1
SIM2
SIM3
SIM4
1
21
22
SIM5
SIM1
SIM2
SIM3
SIM4
1
21
22
SIM5
SIM1
SIM2
SIM3
SIM4
1
21
22
SIM5
SIM1
SIM2
SIM3
SIM4
1
21
22
SIM5
SIM1
SIM2
SIM3
SIM4
1
21
22
SIM5
SIM1
SIM2
SIM3
SIM4
1
21
22
SIM5
SIM1
SIM2
SIM3
SIM4
1
21
22
SIM5
SIM1
SIM2
SIM3
SIM4
1
21
22
SIM5
SIM1
SIM2
SIM3
SIM4
1
21
22
SIM5
SIM1
SIM2
SIM3
SIM4
1
21
22
SIM5
SIM1
SIM2
SIM3
SIM4
1
21
22
SIM5
SIM1
SIM2
SIM3
SIM4
1
21
22
SIM5
SIM1
SIM2
SIM3
SIM4
1
21
22
SIM5
SIM1
SIM2
SIM3
SIM4
1
21
22
SIM5
SIM1
SIM2
SIM3
SIM4
1
21
22
SIM5
SIM1
SIM2
SIM3
SIM4
1
21
22
SIM5
SIM1
SIM2
SIM3
SIM4
1
21
22
SIM5
SIM1
SIM2
SIM3
SIM4
1
21
22
SIM5
SIM1
SIM2
SIM3
SIM4
1
21
22
SIM5
SIM1
SIM2
SIM3
SIM4
1
21
22
SIM5
SIM1
SIM2
SIM3
SIM4
1
21
22
SIM5
SIM1
SIM2
SIM3
SIM4
1
21
22
SIM5
SIM1
SIM2
SIM3
SIM4
1
21
22
SIM5
SIM1
SIM2
SIM3
SIM4
1
21
22
SIM5
SIM1
SIM2
SIM3
SIM4
1
21
22
SIM5
SIM1
SIM2
SIM3
SIM4
1
21
22
SIM5
SIM1
SIM2
SIM3
SIM4
1
21
22
SIM5
SIM1
SIM2
SIM3
SIM4
1
21
22
SIM5
SIM1
SIM2
SIM3
SIM4
1
21
22
SIM5
SIM1
SIM2
SIM3
SIM4
1
21
22
SIM5
SIM1
SIM2
SIM3
SIM4
1
21
22
SIM5
SIM1
SIM2
SIM3
SIM4
1
21
22
SIM5
SIM1
SIM2
SIM3
SIM4
1
21
22
SIM5
SIM1
SIM2
SIM3
SIM4
1
21
22
SIM5
SIM1
SIM2
SIM3
SIM4
1
21
22
SIM5
SIM1
SIM2
SIM3
SIM4
1
21
22
SIM5
SIM1
SIM2
SIM3
SIM4
1
21
22
SIM5
SIM1
SIM2
SIM3
SIM4
1
21
22
SIM5
SIM1
SIM2
SIM3
SIM4
1
21
22
SIM5
SIM1
SIM2
SIM3
SIM4
1
21
22
SIM5
SIM1
SIM2
SIM3
SIM4
1
21
22
SIM5
SIM1
SIM2
SIM3
SIM4
1
21
22
SIM5
SIM1
SIM2
SIM3
SIM4
1
21
22
SIM5
SIM1
SIM2
SIM3
SIM4
1
21
22
SIM5
SIM1
SIM2
SIM3
SIM4
1
21
22
SIM5
SIM1
SIM2
SIM3
SIM4
1
21
22
SIM5
SIM1
SIM2
SIM3
SIM4
1
21
22
SIM5
SIM1
SIM2
SIM3
SIM4
1
21
22
SIM5
SIM1
SIM2
SIM3
SIM4
1
21
22
SIM5
SIM1
SIM2
SIM3
SIM4
1
21
22
SIM5
SIM1
SIM2
SIM3
SIM4
1
21
22
SIM5
SIM1
SIM2
SIM3
SIM4
1
21
22
SIM5
SIM1
SIM2
SIM3
SIM4
1
21
22
SIM5
SIM1
SIM2
SIM3
SIM4
1
21
22
SIM5
SIM1
SIM2
SIM3
SIM4
1
21
22
SIM5
SIM1
SIM2
SIM3
SIM4
1
21
22
SIM5
SIM1
SIM2
SIM3
SIM4
1
21
22
SIM5
SIM1
SIM2
SIM3
SIM4
1
21
22
SIM5
SIM1
SIM2
SIM3
SIM4
1
21
22
SIM5
SIM1
SIM2
SIM3
SIM4
1
21
22
SIM5
SIM1
SIM2
SIM3
SIM4
1
21
22
SIM5
SIM1
SIM2
SIM3
SIM4
1
21
22
SIM5
SIM1
SIM2
SIM3
SIM4
1
21
22
SIM5
SIM1
SIM2
SIM3
SIM4
1
21
22
SIM5
SIM1
SIM2
SIM3
SIM4
1
21
22
SIM5
SIM1
SIM2
SIM3
SIM4
1
21
22
SIM5
SIM1
SIM2
SIM3
SIM4
1
21
22
SIM5
SIM1
SIM2
SIM3
SIM4
1
21
22
SIM5
SIM1
SIM2
SIM3
SIM4
1
21
22
SIM5
SIM1
SIM2
SIM3
SIM4
1
21
22
SIM5
SIM1
SIM2
SIM3
SIM4
1
21
22
SIM5
SIM1
SIM2
SIM3
SIM4
1
21
22
SIM5
SIM1
SIM2
SIM3
SIM4
1
21
22
SIM5
SIM1
SIM2
SIM3
SIM4
1
21
22
SIM5
SIM1
SIM2
SIM3
SIM4
1
21
22
SIM5
SIM1
SIM2
SIM3
SIM4
1
21
22
SIM5
SIM1
SIM2
SIM3
SIM4
1
21
22
SIM5
SIM1
SIM2
SIM3
SIM4
1
21
22
SIM5
SIM1
SIM2
SIM3
SIM4
1
21
22
SIM5
SIM1
SIM2
SIM3
SIM4
1
21
22
SIM5
SIM1
SIM2
SIM3
SIM4
1
21
22
SIM5
SIM1
SIM2
SIM3
SIM4
1
21
22
SIM5
SIM1
SIM2
SIM3
SIM4
1
21
22
SIM5
SIM1
SIM2
SIM3
SIM4
1
21
22
SIM5
SIM1
SIM2
SIM3
SIM4
1
21
22
SIM5
SIM1
SIM2
SIM3
SIM4
1
21
22
SIM5
SIM1
SIM2
SIM3
SIM4
1
21
22
SIM5
SIM1
SIM2
SIM3
SIM4
1
21
22
SIM5
SIM1
SIM2
SIM3
SIM4
1
21
22
SIM5
SIM1
SIM2
SIM3
SIM4
1
21
22
SIM5
SIM1
SIM2
SIM3
SIM4
1
21
22
SIM5
SIM1
SIM2
SIM3
SIM4
1
21
22
SIM5
SIM1
SIM2
SIM3
SIM4
1
21
22
SIM5
SIM1
SIM2
SIM3
SIM4
1
21
22
SIM5
SIM1
SIM2
SIM3
SIM4
1
21
22
SIM5
SIM1
SIM2
SIM3
SIM4
1
21
22
SIM5
SIM1
SIM2
SIM3
SIM4
1
21
22
SIM5
SIM1
SIM2
SIM3
SIM4
1
21
22
SIM5
SIM1
SIM2
SIM3
SIM4
1
21
22
SIM5
SIM1
SIM2
SIM3
SIM4
1
21
22
SIM5
SIM1
SIM2
SIM3
SIM4
1
21
22
SIM5
SIM1
SIM2
SIM3
SIM4
1
21
22
SIM5
SIM1
SIM2
SIM3
SIM4
1
21
22
SIM5
SIM1
SIM2
SIM3
SIM4
1
21
22
SIM5
SIM1
SIM2
SIM3
SIM4
1
21
22
SIM5
SIM1
SIM2
SIM3
SIM4
1
21
22
SIM5
SIM1
SIM2
SIM3
SIM4
1
21
22
SIM5
SIM1
SIM2
SIM3
SIM4
1
21
22
SIM5
SIM1
SIM2
SIM3
SIM4
1
21
22
SIM5
SIM1
SIM2
SIM3
SIM4
1
21
22
SIM5
SIM1
SIM2
SIM3
SIM4
1
21
22
SIM5
SIM1
SIM2
SIM3
SIM4
1
21
22
SIM5
SIM1
SIM2
SIM3
SIM4
1
21
22
SIM5
SIM1
SIM2
SIM3
SIM4
1
21
22
SIM5
SIM1
SIM2
SIM3
SIM4
1
21
22
SIM5
SIM1
SIM2
SIM3
SIM4
1
21
22
SIM5
SIM1
SIM2
SIM3
SIM4
1
21
22
SIM5
SIM1
SIM2
SIM3
SIM4
1
21
22
SIM5
SIM1
SIM2
SIM3
SIM4
1
21
22
SIM5
SIM1
SIM2
SIM3
SIM4
1
21
22
SIM5
SIM1
SIM2
SIM3
SIM4
1
21
22
SIM5
SIM1
SIM2
SIM3
SIM4
1
21
22
SIM5
SIM1
SIM2
SIM3
SIM4
1
21
22
SIM5
SIM1
SIM2
SIM3
SIM4
1
21
22
SIM5
SIM1
SIM2
SIM3
SIM4
1
21
22
SIM5
SIM1
SIM2
SIM3
SIM4
1
21
22
SIM5
SIM1
SIM2
SIM3
SIM4
1
21
22
SIM5
SIM1
SIM2
SIM3
SIM4
1
21
22
SIM5
SIM1
SIM2
SIM3
SIM4
1
21
22
SIM5
SIM1
SIM2
SIM3
SIM4
1
21
22
SIM5
SIM1
SIM2
SIM3
SIM4
1
21
22
SIM5
SIM1
SIM2
SIM3
SIM4
1
21
22
SIM5
SIM1
SIM2
SIM3
SIM4
1
21
22
SIM5
SIM1
SIM2
SIM3
SIM4
1
21
22
SIM5
SIM1
SIM2
SIM3
SIM4
1
21
22
SIM5
SIM1
SIM2
SIM3
SIM4
1
21
22
SIM5
SIM1
SIM2
SIM3
SIM4
1
21
22
SIM5
SIM1
SIM2
SIM3
SIM4
1
21
22
SIM5
SIM1
SIM2
SIM3
SIM4
1
21
22
SIM5
SIM1
SIM2
SIM3
SIM4
1
21
22
SIM5
SIM1
SIM2
SIM3
SIM4
1
21
22
SIM5
SIM1
SIM2
SIM3
SIM4
1
21
22
SIM5
SIM1
SIM2
SIM3
SIM4
1
21
22
SIM5
SIM1
SIM2
SIM3
SIM4
1
21
22
SIM5
SIM1
SIM2
SIM3
SIM4
1
21
22
SIM5
SIM1
SIM2
SIM3
SIM4
1
21
22
SIM5
SIM1
SIM2
SIM3
SIM4
1
21
22
SIM5
SIM1
SIM2
SIM3
SIM4
1
21
22
SIM5
SIM1
SIM2
SIM3
SIM4
1
21
22
SIM5
SIM1
SIM2
SIM3
SIM4
1
21
22
SIM5
SIM1
SIM2
SIM3
SIM4
1
21
22
SIM5
SIM1
SIM2
SIM3
SIM4
1
21
22
SIM5
SIM1
SIM2
SIM3
SIM4
1
21
22
SIM5
SIM1
SIM2
SIM3
SIM4
1
21
22
SIM5
SIM1
SIM2
SIM3
SIM4
1
21
22
SIM5
SIM1
SIM2
SIM3
SIM4
1
21
22
SIM5
SIM1
SIM2
SIM3
SIM4
1
21
22
SIM5
SIM1
SIM2
SIM3
SIM4
1
21
22
SIM5
SIM1
SIM2
SIM3
SIM4
1
21
22
SIM5
SIM1
SIM2
SIM3
SIM4
1
21
22
SIM5
SIM1
SIM2
SIM3
SIM4
1
21
22
SIM5
SIM1
SIM2
SIM3
SIM4
1
21
22
SIM5
SIM1
SIM2
SIM3
SIM4
1
21
22
SIM5
SIM1
SIM2
SIM3
SIM4
1
21
22
SIM5
SIM1
SIM2
SIM3
SIM4
1
21
22
SIM5
SIM1
SIM2
SIM3
SIM4
1
21
22
SIM5
SIM1
SIM2
SIM3
SIM4
1
21
22
SIM5
SIM1
SIM2
SIM3
SIM4
1
21
22
SIM5
SIM1
SIM2
SIM3
SIM4
1
21
22
SIM5
SIM1
SIM2
DEBUG 1 949
SIM1
SIM2
SIM3
SIM4
1
21
22
SIM5
SIM1
SIM2
SIM3
SIM4
1
21
22
SIM5
SIM1
SIM2
SIM3
SIM4
1
21
22
SIM5
SIM1
SIM2
SIM3
SIM4
1
21
22
SIM5
SIM1
SIM2
SIM3
SIM4
1
21
22
SIM5
SIM1
SIM2
SIM3
SIM4
1
21
22
SIM5
SIM1
SIM2
SIM3
SIM4
1
21
22
SIM5
SIM1
SIM2
SIM3
SIM4
1
21
22
SIM5
SIM1
SIM2
SIM3
SIM4
1
21
22
SIM5
SIM1
SIM2
SIM3
SIM4
1
21
22
SIM5
SIM1
SIM2
SIM3
SIM4
1
21
22
SIM5
SIM1
SIM2
SIM3
SIM4
1
21
22
SIM5
SIM1
SIM2
SIM3
SIM4
1
21
22
SIM5
SIM1
SIM2
SIM3
SIM4
1
21
22
SIM5
SIM1
SIM2
SIM3
SIM4
1
21
22
SIM5
SIM1
SIM2
SIM3
SIM4
1
21
22
SIM5
SIM1
SIM2
SIM3
SIM4
1
21
22
SIM5
SIM1
SIM2
SIM3
SIM4
1
21
22
SIM5
SIM1
SIM2
SIM3
SIM4
1
21
22
SIM5
SIM1
SIM2
SIM3
SIM4
1
21
22
SIM5
SIM1
SIM2
SIM3
SIM4
1
21
22
SIM5
SIM1
SIM2
SIM3
SIM4
1
21
22
SIM5
SIM1
SIM2
SIM3
SIM4
1
21
22
SIM5
SIM1
SIM2
SIM3
SIM4
1
21
22
SIM5
SIM1
SIM2
SIM3
SIM4
1
21
22
SIM5
SIM1
SIM2
SIM3
SIM4
1
21
22
SIM5
SIM1
SIM2
SIM3
SIM4
1
21
22
SIM5
SIM1
SIM2
SIM3
SIM4
1
21
22
SIM5
SIM1
SIM2
SIM3
SIM4
1
21
22
SIM5
SIM1
SIM2
SIM3
SIM4
1
21
22
SIM5
SIM1
SIM2
SIM3
SIM4
1
21
22
SIM5
SIM1
SIM2
SIM3
SIM4
1
21
22
SIM5
SIM1
SIM2
SIM3
SIM4
1
21
22
SIM5
SIM1
SIM2
SIM3
SIM4
1
21
22
SIM5
SIM1
SIM2
SIM3
SIM4
1
21
22
SIM5
SIM1
SIM2
SIM3
SIM4
1
21
22
SIM5
SIM1
SIM2
SIM3
SIM4
1
21
22
SIM5
SIM1
SIM2
SIM3
SIM4
1
21
22
SIM5
SIM1
SIM2
SIM3
SIM4
1
21
22
SIM5
SIM1
SIM2
SIM3
SIM4
1
21
22
SIM5
SIM1
SIM2
SIM3
SIM4
1
21
22
SIM5
SIM1
SIM2
SIM3
SIM4
1
21
22
SIM5
SIM1
SIM2
SIM3
SIM4
1
21
22
SIM5
SIM1
SIM2
SIM3
SIM4
1
21
22
SIM5
SIM1
SIM2
SIM3
SIM4
1
21
22
SIM5
SIM1
SIM2
SIM3
SIM4
1
21
22
SIM5
SIM1
SIM2
SIM3
SIM4
1
21
22
SIM5
SIM1
SIM2
SIM3
SIM4
1
21
22
SIM5
SIM1
SIM2
SIM3
SIM4
1
21
22
SIM5
SIM1
SIM2
SIM3
SIM4
1
21
22
SIM5
SIM1
SIM2
SIM3
SIM4
1
21
22
SIM5
SIM1
SIM2
SIM3
SIM4
1
21
22
SIM5
SIM1
SIM2
SIM3
SIM4
1
21
22
SIM5
SIM1
SIM2
SIM3
SIM4
1
21
22
SIM5
SIM1
SIM2
SIM3
SIM4
1
21
22
SIM5
SIM1
SIM2
SIM3
SIM4
1
21
22
SIM5
SIM1
SIM2
SIM3
SIM4
1
21
22
SIM5
SIM1
SIM2
SIM3
SIM4
1
21
22
SIM5
SIM1
SIM2
SIM3
SIM4
1
21
22
SIM5
SIM1
SIM2
SIM3
SIM4
1
21
22
SIM5
SIM1
SIM2
SIM3
SIM4
1
21
22
SIM5
SIM1
SIM2
SIM3
SIM4
1
21
22
SIM5
SIM1
SIM2
SIM3
SIM4
1
21
22
SIM5
SIM1
SIM2
SIM3
SIM4
1
21
22
SIM5
SIM1
SIM2
SIM3
SIM4
1
21
22
SIM5
SIM1
SIM2
SIM3
SIM4
1
21
22
SIM5
SIM1
SIM2
SIM3
SIM4
1
21
22
SIM5
SIM1
SIM2
SIM3
SIM4
1
21
22
SIM5
SIM1
SIM2
SIM3
SIM4
1
21
22
SIM5
SIM1
SIM2
SIM3
SIM4
1
21
22
SIM5
SIM1
SIM2
SIM3
SIM4
1
21
22
SIM5
SIM1
SIM2
SIM3
SIM4
1
21
22
SIM5
SIM1
SIM2
SIM3
SIM4
1
21
22
SIM5
SIM1
SIM2
SIM3
SIM4
1
21
22
SIM5
SIM1
SIM2
SIM3
SIM4
1
21
22
SIM5
SIM1
SIM2
SIM3
SIM4
1
21
22
SIM5
SIM1
SIM2
SIM3
SIM4
1
21
22
SIM5
SIM1
SIM2
SIM3
SIM4
1
21
22
SIM5
SIM1
SIM2
SIM3
SIM4
1
21
22
SIM5
SIM1
SIM2
SIM3
SIM4
1
21
22
SIM5
SIM1
SIM2
SIM3
SIM4
1
21
22
SIM5
SIM1
SIM2
SIM3
SIM4
1
21
22
SIM5
SIM1
SIM2
SIM3
SIM4
1
21
22
SIM5
SIM1
SIM2
SIM3
SIM4
1
21
22
SIM5
SIM1
SIM2
SIM3
SIM4
1
21
22
SIM5
SIM1
SIM2
SIM3
SIM4
1
21
22
SIM5
SIM1
SIM2
SIM3
SIM4
1
21
22
SIM5
SIM1
SIM2
SIM3
SIM4
1
21
22
SIM5
SIM1
SIM2
SIM3
SIM4
1
21
22
SIM5
SIM1
SIM2
SIM3
SIM4
1
21
22
SIM5
SIM1
SIM2
SIM3
SIM4
1
21
22
SIM5
SIM1
SIM2
SIM3
SIM4
1
21
22
SIM5
SIM1
SIM2
SIM3
SIM4
1
21
22
SIM5
SIM1
SIM2
SIM3
SIM4
1
21
22
SIM5
SIM1
SIM2
SIM3
SIM4
1
21
22
SIM5
SIM1
SIM2
SIM3
SIM4
1
21
22
SIM5
SIM1
SIM2
SIM3
SIM4
1
21
22
SIM5
SIM1
SIM2
SIM3
SIM4
1
21
22
SIM5
SIM1
SIM2
SIM3
SIM4
1
21
22
SIM5
SIM1
SIM2
SIM3
SIM4
1
21
22
SIM5
SIM1
SIM2
SIM3
SIM4
1
21
22
SIM5
SIM1
SIM2
SIM3
SIM4
1
21
22
SIM5
SIM1
SIM2
SIM3
SIM4
1
21
22
SIM5
SIM1
SIM2
SIM3
SIM4
1
21
22
SIM5
SIM1
SIM2
SIM3
SIM4
1
21
22
SIM5
SIM1
SIM2
SIM3
SIM4
1
21
22
SIM5
SIM1
SIM2
SIM3
SIM4
1
21
22
SIM5
SIM1
SIM2
SIM3
SIM4
1
21
22
SIM5
SIM1
SIM2
SIM3
SIM4
1
21
22
SIM5
SIM1
SIM2
SIM3
SIM4
1
21
22
SIM5
SIM1
SIM2
SIM3
SIM4
1
21
22
SIM5
SIM1
SIM2
SIM3
SIM4
1
21
22
SIM5
SIM1
SIM2
SIM3
SIM4
1
21
22
SIM5
SIM1
SIM2
SIM3
SIM4
1
21
22
SIM5
SIM1
SIM2
SIM3
SIM4
1
21
22
SIM5
SIM1
SIM2
SIM3
SIM4
1
21
22
SIM5
SIM1
SIM2
SIM3
SIM4
1
21
22
SIM5
SIM1
SIM2
SIM3
SIM4
1
21
22
SIM5
SIM1
SIM2
SIM3
SIM4
1
21
22
SIM5
SIM1
SIM2
SIM3
SIM4
1
21
22
SIM5
SIM1
SIM2
SIM3
SIM4
1
21
22
SIM5
SIM1
SIM2
SIM3
SIM4
1
21
22
SIM5
SIM1
SIM2
SIM3
SIM4
1
21
22
SIM5
SIM1
SIM2
SIM3
SIM4
1
21
22
SIM5
SIM1
SIM2
SIM3
SIM4
1
21
22
SIM5
SIM1
SIM2
SIM3
SIM4
1
21
22
SIM5
SIM1
SIM2
SIM3
SIM4
1
21
22
SIM5
SIM1
SIM2
SIM3
SIM4
1
21
22
SIM5
SIM1
SIM2
SIM3
SIM4
1
21
22
SIM5
SIM1
SIM2
SIM3
SIM4
1
21
22
SIM5
SIM1
SIM2
SIM3
SIM4
1
21
22
SIM5
SIM1
SIM2
SIM3
SIM4
1
21
22
SIM5
SIM1
SIM2
SIM3
SIM4
1
21
22
SIM5
SIM1
SIM2
SIM3
SIM4
1
21
22
SIM5
SIM1
SIM2
SIM3
SIM4
1
21
22
SIM5
SIM1
SIM2
SIM3
SIM4
1
21
22
SIM5
SIM1
SIM2
SIM3
SIM4
1
21
22
SIM5
SIM1
SIM2
SIM3
SIM4
1
21
22
SIM5
SIM1
SIM2
SIM3
SIM4
1
21
22
SIM5
SIM1
SIM2
SIM3
SIM4
1
21
22
SIM5
SIM1
SIM2
SIM3
SIM4
1
21
22
SIM5
SIM1
SIM2
SIM3
SIM4
1
21
22
SIM5
SIM1
SIM2
SIM3
SIM4
1
21
22
SIM5
SIM1
SIM2
SIM3
SIM4
1
21
22
SIM5
SIM1
SIM2
SIM3
SIM4
1
21
22
SIM5
SIM1
SIM2
SIM3
SIM4
1
21
22
SIM5
SIM1
SIM2
SIM3
SIM4
1
21
22
SIM5
SIM1
SIM2
SIM3
SIM4
1
21
22
SIM5
SIM1
SIM2
SIM3
SIM4
1
21
22
SIM5
SIM1
SIM2
SIM3
SIM4
1
21
22
SIM5
SIM1
SIM2
SIM3
SIM4
1
21
22
SIM5
SIM1
SIM2
SIM3
SIM4
1
21
22
SIM5
SIM1
SIM2
SIM3
SIM4
1
21
22
SIM5
SIM1
SIM2
SIM3
SIM4
1
21
22
SIM5
SIM1
SIM2
SIM3
SIM4
1
21
22
SIM5
SIM1
SIM2
SIM3
SIM4
1
21
22
SIM5
SIM1
SIM2
SIM3
SIM4
1
21
22
SIM5
SIM1
SIM2
SIM3
SIM4
1
21
22
SIM5
SIM1
SIM2
SIM3
SIM4
1
21
22
SIM5
SIM1
SIM2
SIM3
SIM4
1
21
22
SIM5
SIM1
SIM2
SIM3
SIM4
1
21
22
SIM5
SIM1
SIM2
SIM3
SIM4
1
21
22
SIM5
SIM1
SIM2
SIM3
SIM4
1
21
22
SIM5
SIM1
SIM2
SIM3
SIM4
1
21
22
SIM5
SIM1
SIM2
SIM3
SIM4
1
21
22
SIM5
SIM1
SIM2
SIM3
SIM4
1
21
22
SIM5
SIM1
SIM2
SIM3
SIM4
1
21
22
SIM5
SIM1
SIM2
SIM3
SIM4
1
21
22
SIM5
SIM1
SIM2
SIM3
SIM4
1
21
22
SIM5
SIM1
SIM2
SIM3
SIM4
1
21
22
SIM5
SIM1
SIM2
SIM3
SIM4
1
21
22
SIM5
SIM1
SIM2
SIM3
SIM4
1
21
22
SIM5
SIM1
SIM2
SIM3
SIM4
1
21
22
SIM5
SIM1
SIM2
SIM3
SIM4
1
21
22
SIM5
SIM1
SIM2
SIM3
SIM4
1
21
22
SIM5
SIM1
SIM2
SIM3
SIM4
1
21
22
SIM5
SIM1
SIM2
SIM3
SIM4
1
21
22
SIM5
SIM1
SIM2
SIM3
SIM4
1
21
22
SIM5
SIM1
SIM2
SIM3
SIM4
1
21
22
SIM5
SIM1
SIM2
SIM3
SIM4
1
21
22
SIM5
SIM1
SIM2
SIM3
SIM4
1
21
22
SIM5
SIM1
SIM2
SIM3
SIM4
1
21
22
SIM5
SIM1
SIM2
SIM3
SIM4
1
21
22
SIM5
SIM1
SIM2
SIM3
SIM4
1
21
22
SIM5
SIM1
SIM2
SIM3
SIM4
1
21
22
SIM5
SIM1
SIM2
SIM3
SIM4
1
21
22
SIM5
SIM1
SIM2
SIM3
SIM4
1
21
22
SIM5
SIM1
SIM2
SIM3
SIM4
1
21
22
SIM5
SIM1
SIM2
SIM3
SIM4
1
21
22
SIM5
SIM1
SIM2
SIM3
SIM4
1
21
22
SIM5
SIM1
SIM2
SIM3
SIM4
1
21
22
SIM5
SIM1
SIM2
SIM3
SIM4
1
21
22
SIM5
SIM1
SIM2
SIM3
SIM4
1
21
22
SIM5
SIM1
SIM2
SIM3
SIM4
1
21
22
SIM5
SIM1
SIM2
SIM3
SIM4
1
21
22
SIM5
SIM1
SIM2
SIM3
SIM4
1
21
22
SIM5
SIM1
SIM2
SIM3
SIM4
1
21
22
SIM5
SIM1
SIM2
SIM3
SIM4
1
21
22
SIM5
SIM1
SIM2
SIM3
SIM4
1
21
22
SIM5
SIM1
SIM2
SIM3
SIM4
1
21
22
SIM5
SIM1
SIM2
SIM3
SIM4
1
21
22
SIM5
SIM1
SIM2
SIM3
SIM4
1
21
22
SIM5
SIM1
SIM2
SIM3
SIM4
1
21
22
SIM5
SIM1
SIM2
SIM3
SIM4
1
21
22
SIM5
SIM1
SIM2
SIM3
SIM4
1
21
22
SIM5
SIM1
SIM2
SIM3
SIM4
1
21
22
SIM5
SIM1
SIM2
SIM3
SIM4
1
21
22
SIM5
SIM1
SIM2
SIM3
SIM4
1
21
22
SIM5
SIM1
SIM2
SIM3
SIM4
1
21
22
SIM5
SIM1
SIM2
SIM3
SIM4
1
21
22
SIM5
SIM1
SIM2
SIM3
SIM4
1
21
22
SIM5
SIM1
SIM2
SIM3
SIM4
1
21
22
SIM5
SIM1
SIM2
SIM3
SIM4
1
21
22
SIM5
SIM1
SIM2
SIM3
SIM4
1
21
22
SIM5
SIM1
SIM2
SIM3
SIM4
1
21
22
SIM5
SIM1
SIM2
SIM3
SIM4
1
21
22
SIM5
SIM1
SIM2
SIM3
SIM4
1
21
22
SIM5
SIM1
SIM2
SIM3
SIM4
1
21
22
SIM5
SIM1
SIM2
SIM3
SIM4
1
21
22
SIM5
SIM1
SIM2
SIM3
SIM4
1
21
22
SIM5
SIM1
SIM2
SIM3
SIM4
1
21
22
SIM5
SIM1
SIM2
SIM3
SIM4
1
21
22
SIM5
SIM1
SIM2
SIM3
SIM4
1
21
22
SIM5
SIM1
SIM2
SIM3
SIM4
1
21
22
SIM5
SIM1
SIM2
SIM3
SIM4
1
21
22
SIM5
SIM1
SIM2
SIM3
SIM4
1
21
22
SIM5
SIM1
SIM2
SIM3
SIM4
1
21
22
SIM5
SIM1
SIM2
SIM3
SIM4
1
21
22
SIM5
SIM1
SIM2
SIM3
SIM4
1
21
22
SIM5
SIM1
SIM2
SIM3
SIM4
1
21
22
SIM5
SIM1
SIM2
SIM3
SIM4
1
21
22
SIM5
SIM1
SIM2
SIM3
SIM4
1
21
22
SIM5
SIM1
SIM2
SIM3
SIM4
1
21
22
SIM5
SIM1
SIM2
SIM3
SIM4
1
21
22
SIM5
SIM1
SIM2
SIM3
SIM4
1
21
22
SIM5
SIM1
SIM2
SIM3
SIM4
1
21
22
SIM5
SIM1
SIM2
SIM3
SIM4
1
21
22
SIM5
SIM1
SIM2
SIM3
SIM4
1
21
22
SIM5
SIM1
SIM2
SIM3
SIM4
1
21
22
SIM5
SIM1
SIM2
SIM3
SIM4
1
21
22
SIM5
SIM1
SIM2
SIM3
SIM4
1
21
22
SIM5
SIM1
SIM2
SIM3
SIM4
1
21
22
SIM5
SIM1
SIM2
SIM3
SIM4
1
21
22
SIM5
SIM1
SIM2
SIM3
SIM4
1
21
22
SIM5
SIM1
SIM2
SIM3
SIM4
1
21
22
SIM5
SIM1
SIM2
SIM3
SIM4
1
21
22
SIM5
SIM1
SIM2
SIM3
SIM4
1
21
22
SIM5
SIM1
SIM2
SIM3
SIM4
1
21
22
SIM5
SIM1
SIM2
SIM3
SIM4
1
21
22
SIM5
SIM1
SIM2
SIM3
SIM4
1
21
22
SIM5
SIM1
SIM2
DEBUG 1 950
SIM1
SIM2
SIM3
SIM4
1
21
22
SIM5
SIM1
SIM2
SIM3
SIM4
1
21
22
SIM5
SIM1
SIM2
SIM3
SIM4
1
21
22
SIM5
SIM1
SIM2
SIM3
SIM4
1
21
22
SIM5
SIM1
SIM2
SIM3
SIM4
1
21
22
SIM5
SIM1
SIM2
SIM3
SIM4
1
21
22
SIM5
SIM1
SIM2
SIM3
SIM4
1
21
22
SIM5
SIM1
SIM2
SIM3
SIM4
1
21
22
SIM5
SIM1
SIM2
SIM3
SIM4
1
21
22
SIM5
SIM1
SIM2
SIM3
SIM4
1
21
22
SIM5
SIM1
SIM2
SIM3
SIM4
1
21
22
SIM5
SIM1
SIM2
SIM3
SIM4
1
21
22
SIM5
SIM1
SIM2
SIM3
SIM4
1
21
22
SIM5
SIM1
SIM2
SIM3
SIM4
1
21
22
SIM5
SIM1
SIM2
SIM3
SIM4
1
21
22
SIM5
SIM1
SIM2
SIM3
SIM4
1
21
22
SIM5
SIM1
SIM2
SIM3
SIM4
1
21
22
SIM5
SIM1
SIM2
SIM3
SIM4
1
21
22
SIM5
SIM1
SIM2
SIM3
SIM4
1
21
22
SIM5
SIM1
SIM2
SIM3
SIM4
1
21
22
SIM5
SIM1
SIM2
SIM3
SIM4
1
21
22
SIM5
SIM1
SIM2
SIM3
SIM4
1
21
22
SIM5
SIM1
SIM2
SIM3
SIM4
1
21
22
SIM5
SIM1
SIM2
SIM3
SIM4
1
21
22
SIM5
SIM1
SIM2
SIM3
SIM4
1
21
22
SIM5
SIM1
SIM2
SIM3
SIM4
1
21
22
SIM5
SIM1
SIM2
SIM3
SIM4
1
21
22
SIM5
SIM1
SIM2
SIM3
SIM4
1
21
22
SIM5
SIM1
SIM2
SIM3
SIM4
1
21
22
SIM5
SIM1
SIM2
SIM3
SIM4
1
21
22
SIM5
SIM1
SIM2
SIM3
SIM4
1
21
22
SIM5
SIM1
SIM2
SIM3
SIM4
1
21
22
SIM5
SIM1
SIM2
SIM3
SIM4
1
21
22
SIM5
SIM1
SIM2
SIM3
SIM4
1
21
22
SIM5
SIM1
SIM2
SIM3
SIM4
1
21
22
SIM5
SIM1
SIM2
SIM3
SIM4
1
21
22
SIM5
SIM1
SIM2
SIM3
SIM4
1
21
22
SIM5
SIM1
SIM2
SIM3
SIM4
1
21
22
SIM5
SIM1
SIM2
SIM3
SIM4
1
21
22
SIM5
SIM1
SIM2
SIM3
SIM4
1
21
22
SIM5
SIM1
SIM2
SIM3
SIM4
1
21
22
SIM5
SIM1
SIM2
SIM3
SIM4
1
21
22
SIM5
SIM1
SIM2
SIM3
SIM4
1
21
22
SIM5
SIM1
SIM2
SIM3
SIM4
1
21
22
SIM5
SIM1
SIM2
SIM3
SIM4
1
21
22
SIM5
SIM1
SIM2
SIM3
SIM4
1
21
22
SIM5
SIM1
SIM2
SIM3
SIM4
1
21
22
SIM5
SIM1
SIM2
SIM3
SIM4
1
21
22
SIM5
SIM1
SIM2
SIM3
SIM4
1
21
22
SIM5
SIM1
SIM2
SIM3
SIM4
1
21
22
SIM5
SIM1
SIM2
SIM3
SIM4
1
21
22
SIM5
SIM1
SIM2
SIM3
SIM4
1
21
22
SIM5
SIM1
SIM2
SIM3
SIM4
1
21
22
SIM5
SIM1
SIM2
SIM3
SIM4
1
21
22
SIM5
SIM1
SIM2
SIM3
SIM4
1
21
22
SIM5
SIM1
SIM2
SIM3
SIM4
1
21
22
SIM5
SIM1
SIM2
SIM3
SIM4
1
21
22
SIM5
SIM1
SIM2
SIM3
SIM4
1
21
22
SIM5
SIM1
SIM2
SIM3
SIM4
1
21
22
SIM5
SIM1
SIM2
SIM3
SIM4
1
21
22
SIM5
SIM1
SIM2
SIM3
SIM4
1
21
22
SIM5
SIM1
SIM2
SIM3
SIM4
1
21
22
SIM5
SIM1
SIM2
SIM3
SIM4
1
21
22
SIM5
SIM1
SIM2
SIM3
SIM4
1
21
22
SIM5
SIM1
SIM2
SIM3
SIM4
1
21
22
SIM5
SIM1
SIM2
SIM3
SIM4
1
21
22
SIM5
SIM1
SIM2
SIM3
SIM4
1
21
22
SIM5
SIM1
SIM2
SIM3
SIM4
1
21
22
SIM5
SIM1
SIM2
SIM3
SIM4
1
21
22
SIM5
SIM1
SIM2
SIM3
SIM4
1
21
22
SIM5
SIM1
SIM2
SIM3
SIM4
1
21
22
SIM5
SIM1
SIM2
SIM3
SIM4
1
21
22
SIM5
SIM1
SIM2
SIM3
SIM4
1
21
22
SIM5
SIM1
SIM2
SIM3
SIM4
1
21
22
SIM5
SIM1
SIM2
SIM3
SIM4
1
21
22
SIM5
SIM1
SIM2
SIM3
SIM4
1
21
22
SIM5
SIM1
SIM2
SIM3
SIM4
1
21
22
SIM5
SIM1
SIM2
SIM3
SIM4
1
21
22
SIM5
SIM1
SIM2
SIM3
SIM4
1
21
22
SIM5
SIM1
SIM2
SIM3
SIM4
1
21
22
SIM5
SIM1
SIM2
SIM3
SIM4
1
21
22
SIM5
SIM1
SIM2
SIM3
SIM4
1
21
22
SIM5
SIM1
SIM2
SIM3
SIM4
1
21
22
SIM5
SIM1
SIM2
SIM3
SIM4
1
21
22
SIM5
SIM1
SIM2
SIM3
SIM4
1
21
22
SIM5
SIM1
SIM2
SIM3
SIM4
1
21
22
SIM5
SIM1
SIM2
SIM3
SIM4
1
21
22
SIM5
SIM1
SIM2
SIM3
SIM4
1
21
22
SIM5
SIM1
SIM2
SIM3
SIM4
1
21
22
SIM5
SIM1
SIM2
SIM3
SIM4
1
21
22
SIM5
SIM1
SIM2
SIM3
SIM4
1
21
22
SIM5
SIM1
SIM2
SIM3
SIM4
1
21
22
SIM5
SIM1
SIM2
SIM3
SIM4
1
21
22
SIM5
SIM1
SIM2
SIM3
SIM4
1
21
22
SIM5
SIM1
SIM2
SIM3
SIM4
1
21
22
SIM5
SIM1
SIM2
SIM3
SIM4
1
21
22
SIM5
SIM1
SIM2
SIM3
SIM4
1
21
22
SIM5
SIM1
SIM2
SIM3
SIM4
1
21
22
SIM5
SIM1
SIM2
SIM3
SIM4
1
21
22
SIM5
SIM1
SIM2
SIM3
SIM4
1
21
22
SIM5
SIM1
SIM2
SIM3
SIM4
1
21
22
SIM5
SIM1
SIM2
SIM3
SIM4
1
21
22
SIM5
SIM1
SIM2
SIM3
SIM4
1
21
22
SIM5
SIM1
SIM2
SIM3
SIM4
1
21
22
SIM5
SIM1
SIM2
SIM3
SIM4
1
21
22
SIM5
SIM1
SIM2
SIM3
SIM4
1
21
22
SIM5
SIM1
SIM2
SIM3
SIM4
1
21
22
SIM5
SIM1
SIM2
SIM3
SIM4
1
21
22
SIM5
SIM1
SIM2
SIM3
SIM4
1
21
22
SIM5
SIM1
SIM2
SIM3
SIM4
1
21
22
SIM5
SIM1
SIM2
SIM3
SIM4
1
21
22
SIM5
SIM1
SIM2
SIM3
SIM4
1
21
22
SIM5
SIM1
SIM2
SIM3
SIM4
1
21
22
SIM5
SIM1
SIM2
SIM3
SIM4
1
21
22
SIM5
SIM1
SIM2
SIM3
SIM4
1
21
22
SIM5
SIM1
SIM2
SIM3
SIM4
1
21
22
SIM5
SIM1
SIM2
SIM3
SIM4
1
21
22
SIM5
SIM1
SIM2
SIM3
SIM4
1
21
22
SIM5
SIM1
SIM2
SIM3
SIM4
1
21
22
SIM5
SIM1
SIM2
SIM3
SIM4
1
21
22
SIM5
SIM1
SIM2
SIM3
SIM4
1
21
22
SIM5
SIM1
SIM2
SIM3
SIM4
1
21
22
SIM5
SIM1
SIM2
SIM3
SIM4
1
21
22
SIM5
SIM1
SIM2
SIM3
SIM4
1
21
22
SIM5
SIM1
SIM2
SIM3
SIM4
1
21
22
SIM5
SIM1
SIM2
SIM3
SIM4
1
21
22
SIM5
SIM1
SIM2
SIM3
SIM4
1
21
22
SIM5
SIM1
SIM2
SIM3
SIM4
1
21
22
SIM5
SIM1
SIM2
SIM3
SIM4
1
21
22
SIM5
SIM1
SIM2
SIM3
SIM4
1
21
22
SIM5
SIM1
SIM2
SIM3
SIM4
1
21
22
SIM5
SIM1
SIM2
SIM3
SIM4
1
21
22
SIM5
SIM1
SIM2
SIM3
SIM4
1
21
22
SIM5
SIM1
SIM2
SIM3
SIM4
1
21
22
SIM5
SIM1
SIM2
SIM3
SIM4
1
21
22
SIM5
SIM1
SIM2
SIM3
SIM4
1
21
22
SIM5
SIM1
SIM2
SIM3
SIM4
1
21
22
SIM5
SIM1
SIM2
SIM3
SIM4
1
21
22
SIM5
SIM1
SIM2
SIM3
SIM4
1
21
22
SIM5
SIM1
SIM2
SIM3
SIM4
1
21
22
SIM5
SIM1
SIM2
SIM3
SIM4
1
21
22
SIM5
SIM1
SIM2
SIM3
SIM4
1
21
22
SIM5
SIM1
SIM2
SIM3
SIM4
1
21
22
SIM5
SIM1
SIM2
SIM3
SIM4
1
21
22
SIM5
SIM1
SIM2
SIM3
SIM4
1
21
22
SIM5
SIM1
SIM2
SIM3
SIM4
1
21
22
SIM5
SIM1
SIM2
SIM3
SIM4
1
21
22
SIM5
SIM1
SIM2
SIM3
SIM4
1
21
22
SIM5
SIM1
SIM2
SIM3
SIM4
1
21
22
SIM5
SIM1
SIM2
SIM3
SIM4
1
21
22
SIM5
SIM1
SIM2
SIM3
SIM4
1
21
22
SIM5
SIM1
SIM2
SIM3
SIM4
1
21
22
SIM5
SIM1
SIM2
SIM3
SIM4
1
21
22
SIM5
SIM1
SIM2
SIM3
SIM4
1
21
22
SIM5
SIM1
SIM2
SIM3
SIM4
1
21
22
SIM5
SIM1
SIM2
SIM3
SIM4
1
21
22
SIM5
SIM1
SIM2
SIM3
SIM4
1
21
22
SIM5
SIM1
SIM2
SIM3
SIM4
1
21
22
SIM5
SIM1
SIM2
SIM3
SIM4
1
21
22
SIM5
SIM1
SIM2
SIM3
SIM4
1
21
22
SIM5
SIM1
SIM2
SIM3
SIM4
1
21
22
SIM5
SIM1
SIM2
SIM3
SIM4
1
21
22
SIM5
SIM1
SIM2
SIM3
SIM4
1
21
22
SIM5
SIM1
SIM2
SIM3
SIM4
1
21
22
SIM5
SIM1
SIM2
SIM3
SIM4
1
21
22
SIM5
SIM1
SIM2
SIM3
SIM4
1
21
22
SIM5
SIM1
SIM2
SIM3
SIM4
1
21
22
SIM5
SIM1
SIM2
SIM3
SIM4
1
21
22
SIM5
SIM1
SIM2
DEBUG 1 951
SIM1
SIM2
SIM3
SIM4
1
21
22
SIM5
SIM1
SIM2
SIM3
SIM4
1
21
22
SIM5
SIM1
SIM2
SIM3
SIM4
1
21
22
SIM5
SIM1
SIM2
SIM3
SIM4
1
21
22
SIM5
SIM1
SIM2
SIM3
SIM4
1
21
22
SIM5
SIM1
SIM2
SIM3
SIM4
1
21
22
SIM5
SIM1
SIM2
SIM3
SIM4
1
21
22
SIM5
SIM1
SIM2
SIM3
SIM4
1
21
22
SIM5
SIM1
SIM2
SIM3
SIM4
1
21
22
SIM5
SIM1
SIM2
SIM3
SIM4
1
21
22
SIM5
SIM1
SIM2
SIM3
SIM4
1
21
22
SIM5
SIM1
SIM2
SIM3
SIM4
1
21
22
SIM5
SIM1
SIM2
SIM3
SIM4
1
21
22
SIM5
SIM1
SIM2
SIM3
SIM4
1
21
22
SIM5
SIM1
SIM2
SIM3
SIM4
1
21
22
SIM5
SIM1
SIM2
SIM3
SIM4
1
21
22
SIM5
SIM1
SIM2
SIM3
SIM4
1
21
22
SIM5
SIM1
SIM2
SIM3
SIM4
1
21
22
SIM5
SIM1
SIM2
SIM3
SIM4
1
21
22
SIM5
SIM1
SIM2
SIM3
SIM4
1
21
22
SIM5
SIM1
SIM2
SIM3
SIM4
1
21
22
SIM5
SIM1
SIM2
SIM3
SIM4
1
21
22
SIM5
SIM1
SIM2
SIM3
SIM4
1
21
22
SIM5
SIM1
SIM2
SIM3
SIM4
1
21
22
SIM5
SIM1
SIM2
SIM3
SIM4
1
21
22
SIM5
SIM1
SIM2
SIM3
SIM4
1
21
22
SIM5
SIM1
SIM2
SIM3
SIM4
1
21
22
SIM5
SIM1
SIM2
SIM3
SIM4
1
21
22
SIM5
SIM1
SIM2
SIM3
SIM4
1
21
22
SIM5
SIM1
SIM2
SIM3
SIM4
1
21
22
SIM5
SIM1
SIM2
SIM3
SIM4
1
21
22
SIM5
SIM1
SIM2
SIM3
SIM4
1
21
22
SIM5
SIM1
SIM2
SIM3
SIM4
1
21
22
SIM5
SIM1
SIM2
SIM3
SIM4
1
21
22
SIM5
SIM1
SIM2
SIM3
SIM4
1
21
22
SIM5
SIM1
SIM2
SIM3
SIM4
1
21
22
SIM5
SIM1
SIM2
SIM3
SIM4
1
21
22
SIM5
SIM1
SIM2
SIM3
SIM4
1
21
22
SIM5
SIM1
SIM2
SIM3
SIM4
1
21
22
SIM5
SIM1
SIM2
SIM3
SIM4
1
21
22
SIM5
SIM1
SIM2
SIM3
SIM4
1
21
22
SIM5
SIM1
SIM2
SIM3
SIM4
1
21
22
SIM5
SIM1
SIM2
SIM3
SIM4
1
21
22
SIM5
SIM1
SIM2
SIM3
SIM4
1
21
22
SIM5
SIM1
SIM2
SIM3
SIM4
1
21
22
SIM5
SIM1
SIM2
SIM3
SIM4
1
21
22
SIM5
SIM1
SIM2
SIM3
SIM4
1
21
22
SIM5
SIM1
SIM2
SIM3
SIM4
1
21
22
SIM5
SIM1
SIM2
SIM3
SIM4
1
21
22
SIM5
SIM1
SIM2
SIM3
SIM4
1
21
22
SIM5
SIM1
SIM2
SIM3
SIM4
1
21
22
SIM5
SIM1
SIM2
SIM3
SIM4
1
21
22
SIM5
SIM1
SIM2
SIM3
SIM4
1
21
22
SIM5
SIM1
SIM2
SIM3
SIM4
1
21
22
SIM5
SIM1
SIM2
SIM3
SIM4
1
21
22
SIM5
SIM1
SIM2
SIM3
SIM4
1
21
22
SIM5
SIM1
SIM2
SIM3
SIM4
1
21
22
SIM5
SIM1
SIM2
SIM3
SIM4
1
21
22
SIM5
SIM1
SIM2
SIM3
SIM4
1
21
22
SIM5
SIM1
SIM2
SIM3
SIM4
1
21
22
SIM5
SIM1
SIM2
SIM3
SIM4
1
21
22
SIM5
SIM1
SIM2
SIM3
SIM4
1
21
22
SIM5
SIM1
SIM2
SIM3
SIM4
1
21
22
SIM5
SIM1
SIM2
SIM3
SIM4
1
21
22
SIM5
SIM1
SIM2
SIM3
SIM4
1
21
22
SIM5
SIM1
SIM2
SIM3
SIM4
1
21
22
SIM5
SIM1
SIM2
SIM3
SIM4
1
21
22
SIM5
SIM1
SIM2
SIM3
SIM4
1
21
22
SIM5
SIM1
SIM2
SIM3
SIM4
1
21
22
SIM5
SIM1
SIM2
SIM3
SIM4
1
21
22
SIM5
SIM1
SIM2
SIM3
SIM4
1
21
22
SIM5
SIM1
SIM2
SIM3
SIM4
1
21
22
SIM5
SIM1
SIM2
SIM3
SIM4
1
21
22
SIM5
SIM1
SIM2
SIM3
SIM4
1
21
22
SIM5
SIM1
SIM2
SIM3
SIM4
1
21
22
SIM5
SIM1
SIM2
SIM3
SIM4
1
21
22
SIM5
SIM1
SIM2
SIM3
SIM4
1
21
22
SIM5
SIM1
SIM2
SIM3
SIM4
1
21
22
SIM5
SIM1
SIM2
SIM3
SIM4
1
21
22
SIM5
SIM1
SIM2
SIM3
SIM4
1
21
22
SIM5
SIM1
SIM2
SIM3
SIM4
1
21
22
SIM5
SIM1
SIM2
SIM3
SIM4
1
21
22
SIM5
SIM1
SIM2
SIM3
SIM4
1
21
22
SIM5
SIM1
SIM2
SIM3
SIM4
1
21
22
SIM5
SIM1
SIM2
SIM3
SIM4
1
21
22
SIM5
SIM1
SIM2
SIM3
SIM4
1
21
22
SIM5
SIM1
SIM2
SIM3
SIM4
1
21
22
SIM5
SIM1
SIM2
SIM3
SIM4
1
21
22
SIM5
SIM1
SIM2
SIM3
SIM4
1
21
22
SIM5
SIM1
SIM2
SIM3
SIM4
1
21
22
SIM5
SIM1
SIM2
SIM3
SIM4
1
21
22
SIM5
SIM1
SIM2
SIM3
SIM4
1
21
22
SIM5
SIM1
SIM2
SIM3
SIM4
1
21
22
SIM5
SIM1
SIM2
SIM3
SIM4
1
21
22
SIM5
SIM1
SIM2
SIM3
SIM4
1
21
22
SIM5
SIM1
SIM2
SIM3
SIM4
1
21
22
SIM5
SIM1
SIM2
SIM3
SIM4
1
21
22
SIM5
SIM1
SIM2
SIM3
SIM4
1
21
22
SIM5
SIM1
SIM2
SIM3
SIM4
1
21
22
SIM5
SIM1
SIM2
SIM3
SIM4
1
21
22
SIM5
SIM1
SIM2
SIM3
SIM4
1
21
22
SIM5
SIM1
SIM2
SIM3
SIM4
1
21
22
SIM5
SIM1
SIM2
SIM3
SIM4
1
21
22
SIM5
SIM1
SIM2
SIM3
SIM4
1
21
22
SIM5
SIM1
SIM2
SIM3
SIM4
1
21
22
SIM5
SIM1
SIM2
SIM3
SIM4
1
21
22
SIM5
SIM1
SIM2
SIM3
SIM4
1
21
22
SIM5
SIM1
SIM2
SIM3
SIM4
1
21
22
SIM5
SIM1
SIM2
SIM3
SIM4
1
21
22
SIM5
SIM1
SIM2
SIM3
SIM4
1
21
22
SIM5
SIM1
SIM2
SIM3
SIM4
1
21
22
SIM5
SIM1
SIM2
SIM3
SIM4
1
21
22
SIM5
SIM1
SIM2
SIM3
SIM4
1
21
22
SIM5
SIM1
SIM2
SIM3
SIM4
1
21
22
SIM5
SIM1
SIM2
SIM3
SIM4
1
21
22
SIM5
SIM1
SIM2
SIM3
SIM4
1
21
22
SIM5
SIM1
SIM2
SIM3
SIM4
1
21
22
SIM5
SIM1
SIM2
SIM3
SIM4
1
21
22
SIM5
SIM1
SIM2
SIM3
SIM4
1
21
22
SIM5
SIM1
SIM2
SIM3
SIM4
1
21
22
SIM5
SIM1
SIM2
SIM3
SIM4
1
21
22
SIM5
SIM1
SIM2
SIM3
SIM4
1
21
22
SIM5
SIM1
SIM2
SIM3
SIM4
1
21
22
SIM5
SIM1
SIM2
SIM3
SIM4
1
21
22
SIM5
SIM1
SIM2
SIM3
SIM4
1
21
22
SIM5
SIM1
SIM2
SIM3
SIM4
1
21
22
SIM5
SIM1
SIM2
SIM3
SIM4
1
21
22
SIM5
SIM1
SIM2
SIM3
SIM4
1
21
22
SIM5
SIM1
SIM2
SIM3
SIM4
1
21
22
SIM5
SIM1
SIM2
SIM3
SIM4
1
21
22
SIM5
SIM1
SIM2
SIM3
SIM4
1
21
22
SIM5
SIM1
SIM2
SIM3
SIM4
1
21
22
SIM5
SIM1
SIM2
SIM3
SIM4
1
21
22
SIM5
SIM1
SIM2
SIM3
SIM4
1
21
22
SIM5
SIM1
SIM2
SIM3
SIM4
1
21
22
SIM5
SIM1
SIM2
SIM3
SIM4
1
21
22
SIM5
SIM1
SIM2
SIM3
SIM4
1
21
22
SIM5
SIM1
SIM2
SIM3
SIM4
1
21
22
SIM5
SIM1
SIM2
SIM3
SIM4
1
21
22
SIM5
SIM1
SIM2
SIM3
SIM4
1
21
22
SIM5
SIM1
SIM2
SIM3
SIM4
1
21
22
SIM5
SIM1
SIM2
SIM3
SIM4
1
21
22
SIM5
SIM1
SIM2
SIM3
SIM4
1
21
22
SIM5
SIM1
SIM2
SIM3
SIM4
1
21
22
SIM5
SIM1
SIM2
SIM3
SIM4
1
21
22
SIM5
SIM1
SIM2
SIM3
SIM4
1
21
22
SIM5
SIM1
SIM2
SIM3
SIM4
1
21
22
SIM5
SIM1
SIM2
SIM3
SIM4
1
21
22
SIM5
SIM1
SIM2
SIM3
SIM4
1
21
22
SIM5
SIM1
SIM2
SIM3
SIM4
1
21
22
SIM5
SIM1
SIM2
DEBUG 1 952
SIM1
SIM2
SIM3
SIM4
1
21
22
SIM5
SIM1
SIM2
SIM3
SIM4
1
21
22
SIM5
SIM1
SIM2
SIM3
SIM4
1
21
22
SIM5
SIM1
SIM2
SIM3
SIM4
1
21
22
SIM5
SIM1
SIM2
SIM3
SIM4
1
21
22
SIM5
SIM1
SIM2
SIM3
SIM4
1
21
22
SIM5
SIM1
SIM2
SIM3
SIM4
1
21
22
SIM5
SIM1
SIM2
SIM3
SIM4
1
21
22
SIM5
SIM1
SIM2
SIM3
SIM4
1
21
22
SIM5
SIM1
SIM2
SIM3
SIM4
1
21
22
SIM5
SIM1
SIM2
SIM3
SIM4
1
21
22
SIM5
SIM1
SIM2
SIM3
SIM4
1
21
22
SIM5
SIM1
SIM2
SIM3
SIM4
1
21
22
SIM5
SIM1
SIM2
SIM3
SIM4
1
21
22
SIM5
SIM1
SIM2
SIM3
SIM4
1
21
22
SIM5
SIM1
SIM2
SIM3
SIM4
1
21
22
SIM5
SIM1
SIM2
SIM3
SIM4
1
21
22
SIM5
SIM1
SIM2
SIM3
SIM4
1
21
22
SIM5
SIM1
SIM2
SIM3
SIM4
1
21
22
SIM5
SIM1
SIM2
SIM3
SIM4
1
21
22
SIM5
SIM1
SIM2
SIM3
SIM4
1
21
22
SIM5
SIM1
SIM2
SIM3
SIM4
1
21
22
SIM5
SIM1
SIM2
SIM3
SIM4
1
21
22
SIM5
SIM1
SIM2
SIM3
SIM4
1
21
22
SIM5
SIM1
SIM2
SIM3
SIM4
1
21
22
SIM5
SIM1
SIM2
SIM3
SIM4
1
21
22
SIM5
SIM1
SIM2
SIM3
SIM4
1
21
22
SIM5
SIM1
SIM2
SIM3
SIM4
1
21
22
SIM5
SIM1
SIM2
SIM3
SIM4
1
21
22
SIM5
SIM1
SIM2
SIM3
SIM4
1
21
22
SIM5
SIM1
SIM2
SIM3
SIM4
1
21
22
SIM5
SIM1
SIM2
SIM3
SIM4
1
21
22
SIM5
SIM1
SIM2
SIM3
SIM4
1
21
22
SIM5
SIM1
SIM2
SIM3
SIM4
1
21
22
SIM5
SIM1
SIM2
SIM3
SIM4
1
21
22
SIM5
SIM1
SIM2
SIM3
SIM4
1
21
22
SIM5
SIM1
SIM2
SIM3
SIM4
1
21
22
SIM5
SIM1
SIM2
SIM3
SIM4
1
21
22
SIM5
SIM1
SIM2
SIM3
SIM4
1
21
22
SIM5
SIM1
SIM2
SIM3
SIM4
1
21
22
SIM5
SIM1
SIM2
SIM3
SIM4
1
21
22
SIM5
SIM1
SIM2
SIM3
SIM4
1
21
22
SIM5
SIM1
SIM2
SIM3
SIM4
1
21
22
SIM5
SIM1
SIM2
SIM3
SIM4
1
21
22
SIM5
SIM1
SIM2
SIM3
SIM4
1
21
22
SIM5
SIM1
SIM2
SIM3
SIM4
1
21
22
SIM5
SIM1
SIM2
SIM3
SIM4
1
21
22
SIM5
SIM1
SIM2
SIM3
SIM4
1
21
22
SIM5
SIM1
SIM2
SIM3
SIM4
1
21
22
SIM5
SIM1
SIM2
SIM3
SIM4
1
21
22
SIM5
SIM1
SIM2
SIM3
SIM4
1
21
22
SIM5
SIM1
SIM2
SIM3
SIM4
1
21
22
SIM5
SIM1
SIM2
SIM3
SIM4
1
21
22
SIM5
SIM1
SIM2
SIM3
SIM4
1
21
22
SIM5
SIM1
SIM2
SIM3
SIM4
1
21
22
SIM5
SIM1
SIM2
SIM3
SIM4
1
21
22
SIM5
SIM1
SIM2
SIM3
SIM4
1
21
22
SIM5
SIM1
SIM2
SIM3
SIM4
1
21
22
SIM5
SIM1
SIM2
SIM3
SIM4
1
21
22
SIM5
SIM1
SIM2
SIM3
SIM4
1
21
22
SIM5
SIM1
SIM2
SIM3
SIM4
1
21
22
SIM5
SIM1
SIM2
SIM3
SIM4
1
21
22
SIM5
SIM1
SIM2
SIM3
SIM4
1
21
22
SIM5
SIM1
SIM2
SIM3
SIM4
1
21
22
SIM5
SIM1
SIM2
SIM3
SIM4
1
21
22
SIM5
SIM1
SIM2
SIM3
SIM4
1
21
22
SIM5
SIM1
SIM2
SIM3
SIM4
1
21
22
SIM5
SIM1
SIM2
SIM3
SIM4
1
21
22
SIM5
SIM1
SIM2
SIM3
SIM4
1
21
22
SIM5
SIM1
SIM2
SIM3
SIM4
1
21
22
SIM5
SIM1
SIM2
SIM3
SIM4
1
21
22
SIM5
SIM1
SIM2
SIM3
SIM4
1
21
22
SIM5
SIM1
SIM2
SIM3
SIM4
1
21
22
SIM5
SIM1
SIM2
SIM3
SIM4
1
21
22
SIM5
SIM1
SIM2
SIM3
SIM4
1
21
22
SIM5
SIM1
SIM2
SIM3
SIM4
1
21
22
SIM5
SIM1
SIM2
SIM3
SIM4
1
21
22
SIM5
SIM1
SIM2
SIM3
SIM4
1
21
22
SIM5
SIM1
SIM2
SIM3
SIM4
1
21
22
SIM5
SIM1
SIM2
SIM3
SIM4
1
21
22
SIM5
SIM1
SIM2
SIM3
SIM4
1
21
22
SIM5
SIM1
SIM2
SIM3
SIM4
1
21
22
SIM5
SIM1
SIM2
SIM3
SIM4
1
21
22
SIM5
SIM1
SIM2
SIM3
SIM4
1
21
22
SIM5
SIM1
SIM2
SIM3
SIM4
1
21
22
SIM5
SIM1
SIM2
SIM3
SIM4
1
21
22
SIM5
SIM1
SIM2
SIM3
SIM4
1
21
22
SIM5
SIM1
SIM2
SIM3
SIM4
1
21
22
SIM5
SIM1
SIM2
SIM3
SIM4
1
21
22
SIM5
SIM1
SIM2
SIM3
SIM4
1
21
22
SIM5
SIM1
SIM2
SIM3
SIM4
1
21
22
SIM5
SIM1
SIM2
SIM3
SIM4
1
21
22
SIM5
SIM1
SIM2
SIM3
SIM4
1
21
22
SIM5
SIM1
SIM2
SIM3
SIM4
1
21
22
SIM5
SIM1
SIM2
SIM3
SIM4
1
21
22
SIM5
SIM1
SIM2
SIM3
SIM4
1
21
22
SIM5
SIM1
SIM2
SIM3
SIM4
1
21
22
SIM5
SIM1
SIM2
SIM3
SIM4
1
21
22
SIM5
SIM1
SIM2
SIM3
SIM4
1
21
22
SIM5
SIM1
SIM2
SIM3
SIM4
1
21
22
SIM5
SIM1
SIM2
SIM3
SIM4
1
21
22
SIM5
SIM1
SIM2
SIM3
SIM4
1
21
22
SIM5
SIM1
SIM2
SIM3
SIM4
1
21
22
SIM5
SIM1
SIM2
SIM3
SIM4
1
21
22
SIM5
SIM1
SIM2
SIM3
SIM4
1
21
22
SIM5
SIM1
SIM2
SIM3
SIM4
1
21
22
SIM5
SIM1
SIM2
SIM3
SIM4
1
21
22
SIM5
SIM1
SIM2
SIM3
SIM4
1
21
22
SIM5
SIM1
SIM2
SIM3
SIM4
1
21
22
SIM5
SIM1
SIM2
SIM3
SIM4
1
21
22
SIM5
SIM1
SIM2
SIM3
SIM4
1
21
22
SIM5
SIM1
SIM2
SIM3
SIM4
1
21
22
SIM5
SIM1
SIM2
SIM3
SIM4
1
21
22
SIM5
SIM1
SIM2
SIM3
SIM4
1
21
22
SIM5
SIM1
SIM2
SIM3
SIM4
1
21
22
SIM5
SIM1
SIM2
SIM3
SIM4
1
21
22
SIM5
SIM1
SIM2
SIM3
SIM4
1
21
22
SIM5
SIM1
SIM2
SIM3
SIM4
1
21
22
SIM5
SIM1
SIM2
SIM3
SIM4
1
21
22
SIM5
SIM1
SIM2
SIM3
SIM4
1
21
22
SIM5
SIM1
SIM2
SIM3
SIM4
1
21
22
SIM5
SIM1
SIM2
SIM3
SIM4
1
21
22
SIM5
SIM1
SIM2
SIM3
SIM4
1
21
22
SIM5
SIM1
SIM2
SIM3
SIM4
1
21
22
SIM5
SIM1
SIM2
SIM3
SIM4
1
21
22
SIM5
SIM1
SIM2
SIM3
SIM4
1
21
22
SIM5
SIM1
SIM2
SIM3
SIM4
1
21
22
SIM5
SIM1
SIM2
SIM3
SIM4
1
21
22
SIM5
SIM1
SIM2
SIM3
SIM4
1
21
22
SIM5
SIM1
SIM2
SIM3
SIM4
1
21
22
SIM5
SIM1
SIM2
SIM3
SIM4
1
21
22
SIM5
SIM1
SIM2
SIM3
SIM4
1
21
22
SIM5
SIM1
SIM2
SIM3
SIM4
1
21
22
SIM5
SIM1
SIM2
SIM3
SIM4
1
21
22
SIM5
SIM1
SIM2
SIM3
SIM4
1
21
22
SIM5
SIM1
SIM2
SIM3
SIM4
1
21
22
SIM5
SIM1
SIM2
SIM3
SIM4
1
21
22
SIM5
SIM1
SIM2
SIM3
SIM4
1
21
22
SIM5
SIM1
SIM2
SIM3
SIM4
1
21
22
SIM5
SIM1
SIM2
SIM3
SIM4
1
21
22
SIM5
SIM1
SIM2
SIM3
SIM4
1
21
22
SIM5
SIM1
SIM2
SIM3
SIM4
1
21
22
SIM5
SIM1
SIM2
SIM3
SIM4
1
21
22
SIM5
SIM1
SIM2
SIM3
SIM4
1
21
22
SIM5
SIM1
SIM2
SIM3
SIM4
1
21
22
SIM5
SIM1
SIM2
SIM3
SIM4
1
21
22
SIM5
SIM1
SIM2
SIM3
SIM4
1
21
22
SIM5
SIM1
SIM2
SIM3
SIM4
1
21
22
SIM5
SIM1
SIM2
SIM3
SIM4
1
21
22
SIM5
SIM1
SIM2
SIM3
SIM4
1
21
22
SIM5
SIM1
SIM2
SIM3
SIM4
1
21
22
SIM5
SIM1
SIM2
SIM3
SIM4
1
21
22
SIM5
SIM1
SIM2
SIM3
SIM4
1
21
22
SIM5
SIM1
SIM2
SIM3
SIM4
1
21
22
SIM5
SIM1
SIM2
SIM3
SIM4
1
21
22
SIM5
SIM1
SIM2
SIM3
SIM4
1
21
22
SIM5
SIM1
SIM2
SIM3
SIM4
1
21
22
SIM5
SIM1
SIM2
SIM3
SIM4
1
21
22
SIM5
SIM1
SIM2
SIM3
SIM4
1
21
22
SIM5
SIM1
SIM2
SIM3
SIM4
1
21
22
SIM5
SIM1
SIM2
SIM3
SIM4
1
21
22
SIM5
SIM1
SIM2
SIM3
SIM4
1
21
22
SIM5
SIM1
SIM2
SIM3
SIM4
1
21
22
SIM5
SIM1
SIM2
SIM3
SIM4
1
21
22
SIM5
SIM1
SIM2
SIM3
SIM4
1
21
22
SIM5
SIM1
SIM2
SIM3
SIM4
1
21
22
SIM5
SIM1
SIM2
SIM3
SIM4
1
21
22
SIM5
SIM1
SIM2
SIM3
SIM4
1
21
22
SIM5
SIM1
SIM2
SIM3
SIM4
1
21
22
SIM5
SIM1
SIM2
SIM3
SIM4
1
21
22
SIM5
SIM1
SIM2
SIM3
SIM4
1
21
22
SIM5
SIM1
SIM2
SIM3
SIM4
1
21
22
SIM5
SIM1
SIM2
SIM3
SIM4
1
21
22
SIM5
SIM1
SIM2
SIM3
SIM4
1
21
22
SIM5
SIM1
SIM2
SIM3
SIM4
1
21
22
SIM5
SIM1
SIM2
SIM3
SIM4
1
21
22
SIM5
SIM1
SIM2
SIM3
SIM4
1
21
22
SIM5
SIM1
SIM2
SIM3
SIM4
1
21
22
SIM5
SIM1
SIM2
SIM3
SIM4
1
21
22
SIM5
SIM1
SIM2
SIM3
SIM4
1
21
22
SIM5
SIM1
SIM2
SIM3
SIM4
1
21
22
SIM5
SIM1
SIM2
SIM3
SIM4
1
21
22
SIM5
SIM1
SIM2
SIM3
SIM4
1
21
22
SIM5
SIM1
SIM2
SIM3
SIM4
1
21
22
SIM5
SIM1
SIM2
SIM3
SIM4
1
21
22
SIM5
SIM1
SIM2
SIM3
SIM4
1
21
22
SIM5
SIM1
SIM2
DEBUG 1 953
SIM1
SIM2
SIM3
SIM4
1
21
22
SIM5
SIM1
SIM2
SIM3
SIM4
1
21
22
SIM5
SIM1
SIM2
SIM3
SIM4
1
21
22
SIM5
SIM1
SIM2
SIM3
SIM4
1
21
22
SIM5
SIM1
SIM2
SIM3
SIM4
1
21
22
SIM5
SIM1
SIM2
SIM3
SIM4
1
21
22
SIM5
SIM1
SIM2
SIM3
SIM4
1
21
22
SIM5
SIM1
SIM2
SIM3
SIM4
1
21
22
SIM5
SIM1
SIM2
SIM3
SIM4
1
21
22
SIM5
SIM1
SIM2
SIM3
SIM4
1
21
22
SIM5
SIM1
SIM2
SIM3
SIM4
1
21
22
SIM5
SIM1
SIM2
SIM3
SIM4
1
21
22
SIM5
SIM1
SIM2
SIM3
SIM4
1
21
22
SIM5
SIM1
SIM2
SIM3
SIM4
1
21
22
SIM5
SIM1
SIM2
SIM3
SIM4
1
21
22
SIM5
SIM1
SIM2
SIM3
SIM4
1
21
22
SIM5
SIM1
SIM2
SIM3
SIM4
1
21
22
SIM5
SIM1
SIM2
SIM3
SIM4
1
21
22
SIM5
SIM1
SIM2
SIM3
SIM4
1
21
22
SIM5
SIM1
SIM2
SIM3
SIM4
1
21
22
SIM5
SIM1
SIM2
SIM3
SIM4
1
21
22
SIM5
SIM1
SIM2
SIM3
SIM4
1
21
22
SIM5
SIM1
SIM2
SIM3
SIM4
1
21
22
SIM5
SIM1
SIM2
SIM3
SIM4
1
21
22
SIM5
SIM1
SIM2
SIM3
SIM4
1
21
22
SIM5
SIM1
SIM2
SIM3
SIM4
1
21
22
SIM5
SIM1
SIM2
SIM3
SIM4
1
21
22
SIM5
SIM1
SIM2
SIM3
SIM4
1
21
22
SIM5
SIM1
SIM2
SIM3
SIM4
1
21
22
SIM5
SIM1
SIM2
SIM3
SIM4
1
21
22
SIM5
SIM1
SIM2
SIM3
SIM4
1
21
22
SIM5
SIM1
SIM2
SIM3
SIM4
1
21
22
SIM5
SIM1
SIM2
SIM3
SIM4
1
21
22
SIM5
SIM1
SIM2
SIM3
SIM4
1
21
22
SIM5
SIM1
SIM2
SIM3
SIM4
1
21
22
SIM5
SIM1
SIM2
SIM3
SIM4
1
21
22
SIM5
SIM1
SIM2
SIM3
SIM4
1
21
22
SIM5
SIM1
SIM2
SIM3
SIM4
1
21
22
SIM5
SIM1
SIM2
SIM3
SIM4
1
21
22
SIM5
SIM1
SIM2
SIM3
SIM4
1
21
22
SIM5
SIM1
SIM2
SIM3
SIM4
1
21
22
SIM5
SIM1
SIM2
SIM3
SIM4
1
21
22
SIM5
SIM1
SIM2
SIM3
SIM4
1
21
22
SIM5
SIM1
SIM2
SIM3
SIM4
1
21
22
SIM5
SIM1
SIM2
SIM3
SIM4
1
21
22
SIM5
SIM1
SIM2
SIM3
SIM4
1
21
22
SIM5
SIM1
SIM2
SIM3
SIM4
1
21
22
SIM5
SIM1
SIM2
SIM3
SIM4
1
21
22
SIM5
SIM1
SIM2
SIM3
SIM4
1
21
22
SIM5
SIM1
SIM2
SIM3
SIM4
1
21
22
SIM5
SIM1
SIM2
SIM3
SIM4
1
21
22
SIM5
SIM1
SIM2
SIM3
SIM4
1
21
22
SIM5
SIM1
SIM2
SIM3
SIM4
1
21
22
SIM5
SIM1
SIM2
SIM3
SIM4
1
21
22
SIM5
SIM1
SIM2
SIM3
SIM4
1
21
22
SIM5
SIM1
SIM2
SIM3
SIM4
1
21
22
SIM5
SIM1
SIM2
SIM3
SIM4
1
21
22
SIM5
SIM1
SIM2
SIM3
SIM4
1
21
22
SIM5
SIM1
SIM2
SIM3
SIM4
1
21
22
SIM5
SIM1
SIM2
SIM3
SIM4
1
21
22
SIM5
SIM1
SIM2
SIM3
SIM4
1
21
22
SIM5
SIM1
SIM2
SIM3
SIM4
1
21
22
SIM5
SIM1
SIM2
SIM3
SIM4
1
21
22
SIM5
SIM1
SIM2
SIM3
SIM4
1
21
22
SIM5
SIM1
SIM2
SIM3
SIM4
1
21
22
SIM5
SIM1
SIM2
SIM3
SIM4
1
21
22
SIM5
SIM1
SIM2
SIM3
SIM4
1
21
22
SIM5
SIM1
SIM2
SIM3
SIM4
1
21
22
SIM5
SIM1
SIM2
SIM3
SIM4
1
21
22
SIM5
SIM1
SIM2
SIM3
SIM4
1
21
22
SIM5
SIM1
SIM2
SIM3
SIM4
1
21
22
SIM5
SIM1
SIM2
SIM3
SIM4
1
21
22
SIM5
SIM1
SIM2
SIM3
SIM4
1
21
22
SIM5
SIM1
SIM2
SIM3
SIM4
1
21
22
SIM5
SIM1
SIM2
SIM3
SIM4
1
21
22
SIM5
SIM1
SIM2
SIM3
SIM4
1
21
22
SIM5
SIM1
SIM2
SIM3
SIM4
1
21
22
SIM5
SIM1
SIM2
SIM3
SIM4
1
21
22
SIM5
SIM1
SIM2
SIM3
SIM4
1
21
22
SIM5
SIM1
SIM2
SIM3
SIM4
1
21
22
SIM5
SIM1
SIM2
SIM3
SIM4
1
21
22
SIM5
SIM1
SIM2
SIM3
SIM4
1
21
22
SIM5
SIM1
SIM2
SIM3
SIM4
1
21
22
SIM5
SIM1
SIM2
SIM3
SIM4
1
21
22
SIM5
SIM1
SIM2
SIM3
SIM4
1
21
22
SIM5
SIM1
SIM2
SIM3
SIM4
1
21
22
SIM5
SIM1
SIM2
SIM3
SIM4
1
21
22
SIM5
SIM1
SIM2
SIM3
SIM4
1
21
22
SIM5
SIM1
SIM2
SIM3
SIM4
1
21
22
SIM5
SIM1
SIM2
SIM3
SIM4
1
21
22
SIM5
SIM1
SIM2
SIM3
SIM4
1
21
22
SIM5
SIM1
SIM2
SIM3
SIM4
1
21
22
SIM5
SIM1
SIM2
SIM3
SIM4
1
21
22
SIM5
SIM1
SIM2
SIM3
SIM4
1
21
22
SIM5
SIM1
SIM2
SIM3
SIM4
1
21
22
SIM5
SIM1
SIM2
SIM3
SIM4
1
21
22
SIM5
SIM1
SIM2
SIM3
SIM4
1
21
22
SIM5
SIM1
SIM2
SIM3
SIM4
1
21
22
SIM5
SIM1
SIM2
SIM3
SIM4
1
21
22
SIM5
SIM1
SIM2
SIM3
SIM4
1
21
22
SIM5
SIM1
SIM2
SIM3
SIM4
1
21
22
SIM5
SIM1
SIM2
SIM3
SIM4
1
21
22
SIM5
SIM1
SIM2
SIM3
SIM4
1
21
22
SIM5
SIM1
SIM2
SIM3
SIM4
1
21
22
SIM5
SIM1
SIM2
SIM3
SIM4
1
21
22
SIM5
SIM1
SIM2
SIM3
SIM4
1
21
22
SIM5
SIM1
SIM2
SIM3
SIM4
1
21
22
SIM5
SIM1
SIM2
SIM3
SIM4
1
21
22
SIM5
SIM1
SIM2
SIM3
SIM4
1
21
22
SIM5
SIM1
SIM2
SIM3
SIM4
1
21
22
SIM5
SIM1
SIM2
SIM3
SIM4
1
21
22
SIM5
SIM1
SIM2
SIM3
SIM4
1
21
22
SIM5
SIM1
SIM2
SIM3
SIM4
1
21
22
SIM5
SIM1
SIM2
SIM3
SIM4
1
21
22
SIM5
SIM1
SIM2
SIM3
SIM4
1
21
22
SIM5
SIM1
SIM2
SIM3
SIM4
1
21
22
SIM5
SIM1
SIM2
SIM3
SIM4
1
21
22
SIM5
SIM1
SIM2
SIM3
SIM4
1
21
22
SIM5
SIM1
SIM2
SIM3
SIM4
1
21
22
SIM5
SIM1
SIM2
SIM3
SIM4
1
21
22
SIM5
SIM1
SIM2
SIM3
SIM4
1
21
22
SIM5
SIM1
SIM2
SIM3
SIM4
1
21
22
SIM5
SIM1
SIM2
SIM3
SIM4
1
21
22
SIM5
SIM1
SIM2
SIM3
SIM4
1
21
22
SIM5
SIM1
SIM2
SIM3
SIM4
1
21
22
SIM5
SIM1
SIM2
SIM3
SIM4
1
21
22
SIM5
SIM1
SIM2
SIM3
SIM4
1
21
22
SIM5
SIM1
SIM2
SIM3
SIM4
1
21
22
SIM5
SIM1
SIM2
SIM3
SIM4
1
21
22
SIM5
SIM1
SIM2
SIM3
SIM4
1
21
22
SIM5
SIM1
SIM2
SIM3
SIM4
1
21
22
SIM5
SIM1
SIM2
SIM3
SIM4
1
21
22
SIM5
SIM1
SIM2
SIM3
SIM4
1
21
22
SIM5
SIM1
SIM2
SIM3
SIM4
1
21
22
SIM5
SIM1
SIM2
SIM3
SIM4
1
21
22
SIM5
SIM1
SIM2
SIM3
SIM4
1
21
22
SIM5
SIM1
SIM2
SIM3
SIM4
1
21
22
SIM5
SIM1
SIM2
SIM3
SIM4
1
21
22
SIM5
SIM1
SIM2
SIM3
SIM4
1
21
22
SIM5
SIM1
SIM2
SIM3
SIM4
1
21
22
SIM5
SIM1
SIM2
SIM3
SIM4
1
21
22
SIM5
SIM1
SIM2
SIM3
SIM4
1
21
22
SIM5
SIM1
SIM2
SIM3
SIM4
1
21
22
SIM5
SIM1
SIM2
SIM3
SIM4
1
21
22
SIM5
SIM1
SIM2
SIM3
SIM4
1
21
22
SIM5
SIM1
SIM2
SIM3
SIM4
1
21
22
SIM5
SIM1
SIM2
SIM3
SIM4
1
21
22
SIM5
SIM1
SIM2
SIM3
SIM4
1
21
22
SIM5
SIM1
SIM2
SIM3
SIM4
1
21
22
SIM5
SIM1
SIM2
SIM3
SIM4
1
21
22
SIM5
SIM1
SIM2
SIM3
SIM4
1
21
22
SIM5
SIM1
SIM2
SIM3
SIM4
1
21
22
SIM5
SIM1
SIM2
SIM3
SIM4
1
21
22
SIM5
SIM1
SIM2
SIM3
SIM4
1
21
22
SIM5
SIM1
SIM2
SIM3
SIM4
1
21
22
SIM5
SIM1
SIM2
SIM3
SIM4
1
21
22
SIM5
SIM1
SIM2
SIM3
SIM4
1
21
22
SIM5
SIM1
SIM2
SIM3
SIM4
1
21
22
SIM5
SIM1
SIM2
SIM3
SIM4
1
21
22
SIM5
SIM1
SIM2
SIM3
SIM4
1
21
22
SIM5
SIM1
SIM2
SIM3
SIM4
1
21
22
SIM5
SIM1
SIM2
SIM3
SIM4
1
21
22
SIM5
SIM1
SIM2
SIM3
SIM4
1
21
22
SIM5
SIM1
SIM2
SIM3
SIM4
1
21
22
SIM5
SIM1
SIM2
SIM3
SIM4
1
21
22
SIM5
SIM1
SIM2
SIM3
SIM4
1
21
22
SIM5
SIM1
SIM2
SIM3
SIM4
1
21
22
SIM5
SIM1
SIM2
SIM3
SIM4
1
21
22
SIM5
SIM1
SIM2
SIM3
SIM4
1
21
22
SIM5
SIM1
SIM2
SIM3
SIM4
1
21
22
SIM5
SIM1
SIM2
SIM3
SIM4
1
21
22
SIM5
SIM1
SIM2
SIM3
SIM4
1
21
22
SIM5
SIM1
SIM2
SIM3
SIM4
1
21
22
SIM5
SIM1
SIM2
SIM3
SIM4
1
21
22
SIM5
SIM1
SIM2
SIM3
SIM4
1
21
22
SIM5
SIM1
SIM2
SIM3
SIM4
1
21
22
SIM5
SIM1
SIM2
SIM3
SIM4
1
21
22
SIM5
SIM1
SIM2
SIM3
SIM4
1
21
22
SIM5
SIM1
SIM2
SIM3
SIM4
1
21
22
SIM5
SIM1
SIM2
SIM3
SIM4
1
21
22
SIM5
SIM1
SIM2
SIM3
SIM4
1
21
22
SIM5
SIM1
SIM2
SIM3
SIM4
1
21
22
SIM5
SIM1
SIM2
SIM3
SIM4
1
21
22
SIM5
SIM1
SIM2
SIM3
SIM4
1
21
22
SIM5
SIM1
SIM2
SIM3
SIM4
1
21
22
SIM5
SIM1
SIM2
SIM3
SIM4
1
21
22
SIM5
SIM1
SIM2
SIM3
SIM4
1
21
22
SIM5
SIM1
SIM2
SIM3
SIM4
1
21
22
SIM5
SIM1
SIM2
SIM3
SIM4
1
21
22
SIM5
SIM1
SIM2
SIM3
SIM4
1
21
22
SIM5
SIM1
SIM2
SIM3
SIM4
1
21
22
SIM5
SIM1
SIM2
SIM3
SIM4
1
21
22
SIM5
SIM1
SIM2
SIM3
SIM4
1
21
22
SIM5
SIM1
SIM2
SIM3
SIM4
1
21
22
SIM5
SIM1
SIM2
SIM3
SIM4
1
21
22
SIM5
SIM1
SIM2
SIM3
SIM4
1
21
22
SIM5
SIM1
SIM2
SIM3
SIM4
1
21
22
SIM5
SIM1
SIM2
SIM3
SIM4
1
21
22
SIM5
SIM1
SIM2
SIM3
SIM4
1
21
22
SIM5
SIM1
SIM2
SIM3
SIM4
1
21
22
SIM5
SIM1
SIM2
SIM3
SIM4
1
21
22
SIM5
SIM1
SIM2
SIM3
SIM4
1
21
22
SIM5
SIM1
SIM2
SIM3
SIM4
1
21
22
SIM5
SIM1
SIM2
SIM3
SIM4
1
21
22
SIM5
SIM1
SIM2
SIM3
SIM4
1
21
22
SIM5
SIM1
SIM2
SIM3
SIM4
1
21
22
SIM5
SIM1
SIM2
SIM3
SIM4
1
21
22
SIM5
SIM1
SIM2
SIM3
SIM4
1
21
22
SIM5
SIM1
SIM2
SIM3
SIM4
1
21
22
SIM5
SIM1
SIM2
SIM3
SIM4
1
21
22
SIM5
SIM1
SIM2
SIM3
SIM4
1
21
22
SIM5
SIM1
SIM2
SIM3
SIM4
1
21
22
SIM5
SIM1
SIM2
SIM3
SIM4
1
21
22
SIM5
SIM1
SIM2
SIM3
SIM4
1
21
22
SIM5
SIM1
SIM2
SIM3
SIM4
1
21
22
SIM5
SIM1
SIM2
SIM3
SIM4
1
21
22
SIM5
SIM1
SIM2
SIM3
SIM4
1
21
22
SIM5
SIM1
SIM2
SIM3
SIM4
1
21
22
SIM5
SIM1
SIM2
SIM3
SIM4
1
21
22
SIM5
SIM1
SIM2
SIM3
SIM4
1
21
22
SIM5
SIM1
SIM2
SIM3
SIM4
1
21
22
SIM5
SIM1
SIM2
SIM3
SIM4
1
21
22
SIM5
SIM1
SIM2
SIM3
SIM4
1
21
22
SIM5
SIM1
SIM2
SIM3
SIM4
1
21
22
SIM5
SIM1
SIM2
SIM3
SIM4
1
21
22
SIM5
SIM1
SIM2
SIM3
SIM4
1
21
22
SIM5
SIM1
SIM2
SIM3
SIM4
1
21
22
SIM5
SIM1
SIM2
SIM3
SIM4
1
21
22
SIM5
SIM1
SIM2
SIM3
SIM4
1
21
22
SIM5
SIM1
SIM2
SIM3
SIM4
1
21
22
SIM5
SIM1
SIM2
SIM3
SIM4
1
21
22
SIM5
SIM1
SIM2
SIM3
SIM4
1
21
22
SIM5
SIM1
SIM2
SIM3
SIM4
1
21
22
SIM5
SIM1
SIM2
SIM3
SIM4
1
21
22
SIM5
SIM1
SIM2
SIM3
SIM4
1
21
22
SIM5
SIM1
SIM2
SIM3
SIM4
1
21
22
SIM5
SIM1
SIM2
SIM3
SIM4
1
21
22
SIM5
SIM1
SIM2
SIM3
SIM4
1
21
22
SIM5
SIM1
SIM2
SIM3
SIM4
1
21
22
SIM5
SIM1
SIM2
SIM3
SIM4
1
21
22
SIM5
SIM1
SIM2
SIM3
SIM4
1
21
22
SIM5
SIM1
SIM2
SIM3
SIM4
1
21
22
SIM5
SIM1
SIM2
SIM3
SIM4
1
21
22
SIM5
SIM1
SIM2
SIM3
SIM4
1
21
22
SIM5
SIM1
SIM2
SIM3
SIM4
1
21
22
SIM5
SIM1
SIM2
SIM3
SIM4
1
21
22
SIM5
SIM1
SIM2
SIM3
SIM4
1
21
22
SIM5
SIM1
SIM2
SIM3
SIM4
1
21
22
SIM5
SIM1
SIM2
SIM3
SIM4
1
21
22
SIM5
SIM1
SIM2
SIM3
SIM4
1
21
22
SIM5
SIM1
SIM2
SIM3
SIM4
1
21
22
SIM5
SIM1
SIM2
SIM3
SIM4
1
21
22
SIM5
SIM1
SIM2
SIM3
SIM4
1
21
22
SIM5
SIM1
SIM2
SIM3
SIM4
1
21
22
SIM5
SIM1
SIM2
SIM3
SIM4
1
21
22
SIM5
SIM1
SIM2
SIM3
SIM4
1
21
22
SIM5
SIM1
SIM2
SIM3
SIM4
1
21
22
SIM5
SIM1
SIM2
SIM3
SIM4
1
21
22
SIM5
SIM1
SIM2
SIM3
SIM4
1
21
22
SIM5
SIM1
SIM2
SIM3
SIM4
1
21
22
SIM5
SIM1
SIM2
SIM3
SIM4
1
21
22
SIM5
SIM1
SIM2
SIM3
SIM4
1
21
22
SIM5
SIM1
SIM2
SIM3
SIM4
1
21
22
SIM5
SIM1
SIM2
SIM3
SIM4
1
21
22
SIM5
SIM1
SIM2
SIM3
SIM4
1
21
22
SIM5
SIM1
SIM2
SIM3
SIM4
1
21
22
SIM5
SIM1
SIM2
SIM3
SIM4
1
21
22
SIM5
SIM1
SIM2
SIM3
SIM4
1
21
22
SIM5
SIM1
SIM2
SIM3
SIM4
1
21
22
SIM5
SIM1
SIM2
SIM3
SIM4
1
21
22
SIM5
SIM1
SIM2
SIM3
SIM4
1
21
22
SIM5
SIM1
SIM2
SIM3
SIM4
1
21
22
SIM5
SIM1
SIM2
SIM3
SIM4
1
21
22
SIM5
SIM1
SIM2
SIM3
SIM4
1
21
22
SIM5
SIM1
SIM2
SIM3
SIM4
1
21
22
SIM5
SIM1
SIM2
SIM3
SIM4
1
21
22
SIM5
SIM1
SIM2
SIM3
SIM4
1
21
22
SIM5
SIM1
SIM2
SIM3
SIM4
1
21
22
SIM5
SIM1
SIM2
SIM3
SIM4
1
21
22
SIM5
SIM1
SIM2
SIM3
SIM4
1
21
22
SIM5
SIM1
SIM2
SIM3
SIM4
1
21
22
SIM5
SIM1
SIM2
SIM3
SIM4
1
21
22
SIM5
SIM1
SIM2
SIM3
SIM4
1
21
22
SIM5
SIM1
SIM2
SIM3
SIM4
1
21
22
SIM5
SIM1
SIM2
DEBUG 1 954
SIM1
SIM2
SIM3
SIM4
1
21
22
SIM5
SIM1
SIM2
SIM3
SIM4
1
21
22
SIM5
SIM1
SIM2
SIM3
SIM4
1
21
22
SIM5
SIM1
SIM2
SIM3
SIM4
1
21
22
SIM5
SIM1
SIM2
SIM3
SIM4
1
21
22
SIM5
SIM1
SIM2
SIM3
SIM4
1
21
22
SIM5
SIM1
SIM2
SIM3
SIM4
1
21
22
SIM5
SIM1
SIM2
SIM3
SIM4
1
21
22
SIM5
SIM1
SIM2
SIM3
SIM4
1
21
22
SIM5
SIM1
SIM2
SIM3
SIM4
1
21
22
SIM5
SIM1
SIM2
SIM3
SIM4
1
21
22
SIM5
SIM1
SIM2
SIM3
SIM4
1
21
22
SIM5
SIM1
SIM2
SIM3
SIM4
1
21
22
SIM5
SIM1
SIM2
SIM3
SIM4
1
21
22
SIM5
SIM1
SIM2
SIM3
SIM4
1
21
22
SIM5
SIM1
SIM2
SIM3
SIM4
1
21
22
SIM5
SIM1
SIM2
SIM3
SIM4
1
21
22
SIM5
SIM1
SIM2
SIM3
SIM4
1
21
22
SIM5
SIM1
SIM2
SIM3
SIM4
1
21
22
SIM5
SIM1
SIM2
SIM3
SIM4
1
21
22
SIM5
SIM1
SIM2
SIM3
SIM4
1
21
22
SIM5
SIM1
SIM2
SIM3
SIM4
1
21
22
SIM5
SIM1
SIM2
SIM3
SIM4
1
21
22
SIM5
SIM1
SIM2
SIM3
SIM4
1
21
22
SIM5
SIM1
SIM2
SIM3
SIM4
1
21
22
SIM5
SIM1
SIM2
SIM3
SIM4
1
21
22
SIM5
SIM1
SIM2
SIM3
SIM4
1
21
22
SIM5
SIM1
SIM2
SIM3
SIM4
1
21
22
SIM5
SIM1
SIM2
SIM3
SIM4
1
21
22
SIM5
SIM1
SIM2
SIM3
SIM4
1
21
22
SIM5
SIM1
SIM2
SIM3
SIM4
1
21
22
SIM5
SIM1
SIM2
SIM3
SIM4
1
21
22
SIM5
SIM1
SIM2
SIM3
SIM4
1
21
22
SIM5
SIM1
SIM2
SIM3
SIM4
1
21
22
SIM5
SIM1
SIM2
SIM3
SIM4
1
21
22
SIM5
SIM1
SIM2
SIM3
SIM4
1
21
22
SIM5
SIM1
SIM2
SIM3
SIM4
1
21
22
SIM5
SIM1
SIM2
SIM3
SIM4
1
21
22
SIM5
SIM1
SIM2
SIM3
SIM4
1
21
22
SIM5
SIM1
SIM2
SIM3
SIM4
1
21
22
SIM5
SIM1
SIM2
SIM3
SIM4
1
21
22
SIM5
SIM1
SIM2
SIM3
SIM4
1
21
22
SIM5
SIM1
SIM2
SIM3
SIM4
1
21
22
SIM5
SIM1
SIM2
SIM3
SIM4
1
21
22
SIM5
SIM1
SIM2
SIM3
SIM4
1
21
22
SIM5
SIM1
SIM2
SIM3
SIM4
1
21
22
SIM5
SIM1
SIM2
SIM3
SIM4
1
21
22
SIM5
SIM1
SIM2
SIM3
SIM4
1
21
22
SIM5
SIM1
SIM2
SIM3
SIM4
1
21
22
SIM5
SIM1
SIM2
SIM3
SIM4
1
21
22
SIM5
SIM1
SIM2
SIM3
SIM4
1
21
22
SIM5
SIM1
SIM2
SIM3
SIM4
1
21
22
SIM5
SIM1
SIM2
SIM3
SIM4
1
21
22
SIM5
SIM1
SIM2
SIM3
SIM4
1
21
22
SIM5
SIM1
SIM2
SIM3
SIM4
1
21
22
SIM5
SIM1
SIM2
SIM3
SIM4
1
21
22
SIM5
SIM1
SIM2
SIM3
SIM4
1
21
22
SIM5
SIM1
SIM2
SIM3
SIM4
1
21
22
SIM5
SIM1
SIM2
SIM3
SIM4
1
21
22
SIM5
SIM1
SIM2
SIM3
SIM4
1
21
22
SIM5
SIM1
SIM2
SIM3
SIM4
1
21
22
SIM5
SIM1
SIM2
SIM3
SIM4
1
21
22
SIM5
SIM1
SIM2
SIM3
SIM4
1
21
22
SIM5
SIM1
SIM2
SIM3
SIM4
1
21
22
SIM5
SIM1
SIM2
SIM3
SIM4
1
21
22
SIM5
SIM1
SIM2
SIM3
SIM4
1
21
22
SIM5
SIM1
SIM2
SIM3
SIM4
1
21
22
SIM5
SIM1
SIM2
SIM3
SIM4
1
21
22
SIM5
SIM1
SIM2
SIM3
SIM4
1
21
22
SIM5
SIM1
SIM2
SIM3
SIM4
1
21
22
SIM5
SIM1
SIM2
SIM3
SIM4
1
21
22
SIM5
SIM1
SIM2
SIM3
SIM4
1
21
22
SIM5
SIM1
SIM2
SIM3
SIM4
1
21
22
SIM5
SIM1
SIM2
SIM3
SIM4
1
21
22
SIM5
SIM1
SIM2
SIM3
SIM4
1
21
22
SIM5
SIM1
SIM2
SIM3
SIM4
1
21
22
SIM5
SIM1
SIM2
SIM3
SIM4
1
21
22
SIM5
SIM1
SIM2
SIM3
SIM4
1
21
22
SIM5
SIM1
SIM2
SIM3
SIM4
1
21
22
SIM5
SIM1
SIM2
SIM3
SIM4
1
21
22
SIM5
SIM1
SIM2
SIM3
SIM4
1
21
22
SIM5
SIM1
SIM2
SIM3
SIM4
1
21
22
SIM5
SIM1
SIM2
SIM3
SIM4
1
21
22
SIM5
SIM1
SIM2
SIM3
SIM4
1
21
22
SIM5
SIM1
SIM2
SIM3
SIM4
1
21
22
SIM5
SIM1
SIM2
SIM3
SIM4
1
21
22
SIM5
SIM1
SIM2
SIM3
SIM4
1
21
22
SIM5
SIM1
SIM2
SIM3
SIM4
1
21
22
SIM5
SIM1
SIM2
SIM3
SIM4
1
21
22
SIM5
SIM1
SIM2
SIM3
SIM4
1
21
22
SIM5
SIM1
SIM2
SIM3
SIM4
1
21
22
SIM5
SIM1
SIM2
SIM3
SIM4
1
21
22
SIM5
SIM1
SIM2
SIM3
SIM4
1
21
22
SIM5
SIM1
SIM2
SIM3
SIM4
1
21
22
SIM5
SIM1
SIM2
SIM3
SIM4
1
21
22
SIM5
SIM1
SIM2
SIM3
SIM4
1
21
22
SIM5
SIM1
SIM2
SIM3
SIM4
1
21
22
SIM5
SIM1
SIM2
SIM3
SIM4
1
21
22
SIM5
SIM1
SIM2
SIM3
SIM4
1
21
22
SIM5
SIM1
SIM2
SIM3
SIM4
1
21
22
SIM5
SIM1
SIM2
SIM3
SIM4
1
21
22
SIM5
SIM1
SIM2
SIM3
SIM4
1
21
22
SIM5
SIM1
SIM2
SIM3
SIM4
1
21
22
SIM5
SIM1
SIM2
SIM3
SIM4
1
21
22
SIM5
SIM1
SIM2
SIM3
SIM4
1
21
22
SIM5
SIM1
SIM2
SIM3
SIM4
1
21
22
SIM5
SIM1
SIM2
SIM3
SIM4
1
21
22
SIM5
SIM1
SIM2
SIM3
SIM4
1
21
22
SIM5
SIM1
SIM2
SIM3
SIM4
1
21
22
SIM5
SIM1
SIM2
SIM3
SIM4
1
21
22
SIM5
SIM1
SIM2
SIM3
SIM4
1
21
22
SIM5
SIM1
SIM2
SIM3
SIM4
1
21
22
SIM5
SIM1
SIM2
SIM3
SIM4
1
21
22
SIM5
SIM1
SIM2
SIM3
SIM4
1
21
22
SIM5
SIM1
SIM2
SIM3
SIM4
1
21
22
SIM5
SIM1
SIM2
SIM3
SIM4
1
21
22
SIM5
SIM1
SIM2
SIM3
SIM4
1
21
22
SIM5
SIM1
SIM2
SIM3
SIM4
1
21
22
SIM5
SIM1
SIM2
SIM3
SIM4
1
21
22
SIM5
SIM1
SIM2
SIM3
SIM4
1
21
22
SIM5
SIM1
SIM2
SIM3
SIM4
1
21
22
SIM5
SIM1
SIM2
SIM3
SIM4
1
21
22
SIM5
SIM1
SIM2
SIM3
SIM4
1
21
22
SIM5
SIM1
SIM2
SIM3
SIM4
1
21
22
SIM5
SIM1
SIM2
SIM3
SIM4
1
21
22
SIM5
SIM1
SIM2
SIM3
SIM4
1
21
22
SIM5
SIM1
SIM2
SIM3
SIM4
1
21
22
SIM5
SIM1
SIM2
SIM3
SIM4
1
21
22
SIM5
SIM1
SIM2
SIM3
SIM4
1
21
22
SIM5
SIM1
SIM2
SIM3
SIM4
1
21
22
SIM5
SIM1
SIM2
SIM3
SIM4
1
21
22
SIM5
SIM1
SIM2
SIM3
SIM4
1
21
22
SIM5
SIM1
SIM2
SIM3
SIM4
1
21
22
SIM5
SIM1
SIM2
SIM3
SIM4
1
21
22
SIM5
SIM1
SIM2
SIM3
SIM4
1
21
22
SIM5
SIM1
SIM2
SIM3
SIM4
1
21
22
SIM5
SIM1
SIM2
SIM3
SIM4
1
21
22
SIM5
SIM1
SIM2
SIM3
SIM4
1
21
22
SIM5
SIM1
SIM2
SIM3
SIM4
1
21
22
SIM5
SIM1
SIM2
SIM3
SIM4
1
21
22
SIM5
SIM1
SIM2
SIM3
SIM4
1
21
22
SIM5
SIM1
SIM2
SIM3
SIM4
1
21
22
SIM5
SIM1
SIM2
SIM3
SIM4
1
21
22
SIM5
SIM1
SIM2
SIM3
SIM4
1
21
22
SIM5
SIM1
SIM2
SIM3
SIM4
1
21
22
SIM5
SIM1
SIM2
SIM3
SIM4
1
21
22
SIM5
SIM1
SIM2
SIM3
SIM4
1
21
22
SIM5
SIM1
SIM2
SIM3
SIM4
1
21
22
SIM5
SIM1
SIM2
SIM3
SIM4
1
21
22
SIM5
SIM1
SIM2
SIM3
SIM4
1
21
22
SIM5
SIM1
SIM2
SIM3
SIM4
1
21
22
SIM5
SIM1
SIM2
SIM3
SIM4
1
21
22
SIM5
SIM1
SIM2
SIM3
SIM4
1
21
22
SIM5
SIM1
SIM2
SIM3
SIM4
1
21
22
SIM5
SIM1
SIM2
SIM3
SIM4
1
21
22
SIM5
SIM1
SIM2
SIM3
SIM4
1
21
22
SIM5
SIM1
SIM2
SIM3
SIM4
1
21
22
SIM5
SIM1
SIM2
SIM3
SIM4
1
21
22
SIM5
SIM1
SIM2
SIM3
SIM4
1
21
22
SIM5
SIM1
SIM2
SIM3
SIM4
1
21
22
SIM5
SIM1
SIM2
SIM3
SIM4
1
21
22
SIM5
SIM1
SIM2
SIM3
SIM4
1
21
22
SIM5
SIM1
SIM2
SIM3
SIM4
1
21
22
SIM5
SIM1
SIM2
SIM3
SIM4
1
21
22
SIM5
SIM1
SIM2
SIM3
SIM4
1
21
22
SIM5
SIM1
SIM2
SIM3
SIM4
1
21
22
SIM5
SIM1
SIM2
SIM3
SIM4
1
21
22
SIM5
SIM1
SIM2
SIM3
SIM4
1
21
22
SIM5
SIM1
SIM2
SIM3
SIM4
1
21
22
SIM5
SIM1
SIM2
SIM3
SIM4
1
21
22
SIM5
SIM1
SIM2
SIM3
SIM4
1
21
22
SIM5
SIM1
SIM2
SIM3
SIM4
1
21
22
SIM5
SIM1
SIM2
SIM3
SIM4
1
21
22
SIM5
SIM1
SIM2
SIM3
SIM4
1
21
22
SIM5
SIM1
SIM2
SIM3
SIM4
1
21
22
SIM5
SIM1
SIM2
SIM3
SIM4
1
21
22
SIM5
SIM1
SIM2
SIM3
SIM4
1
21
22
SIM5
SIM1
SIM2
SIM3
SIM4
1
21
22
SIM5
SIM1
SIM2
SIM3
SIM4
1
21
22
SIM5
SIM1
SIM2
SIM3
SIM4
1
21
22
SIM5
SIM1
SIM2
SIM3
SIM4
1
21
22
SIM5
SIM1
SIM2
SIM3
SIM4
1
21
22
SIM5
SIM1
SIM2
SIM3
SIM4
1
21
22
SIM5
SIM1
SIM2
SIM3
SIM4
1
21
22
SIM5
SIM1
SIM2
SIM3
SIM4
1
21
22
SIM5
SIM1
SIM2
DEBUG 1 955
SIM1
SIM2
SIM3
SIM4
1
21
22
SIM5
SIM1
SIM2
SIM3
SIM4
1
21
22
SIM5
SIM1
SIM2
SIM3
SIM4
1
21
22
SIM5
SIM1
SIM2
SIM3
SIM4
1
21
22
SIM5
SIM1
SIM2
SIM3
SIM4
1
21
22
SIM5
SIM1
SIM2
SIM3
SIM4
1
21
22
SIM5
SIM1
SIM2
SIM3
SIM4
1
21
22
SIM5
SIM1
SIM2
SIM3
SIM4
1
21
22
SIM5
SIM1
SIM2
SIM3
SIM4
1
21
22
SIM5
SIM1
SIM2
SIM3
SIM4
1
21
22
SIM5
SIM1
SIM2
SIM3
SIM4
1
21
22
SIM5
SIM1
SIM2
SIM3
SIM4
1
21
22
SIM5
SIM1
SIM2
SIM3
SIM4
1
21
22
SIM5
SIM1
SIM2
SIM3
SIM4
1
21
22
SIM5
SIM1
SIM2
SIM3
SIM4
1
21
22
SIM5
SIM1
SIM2
SIM3
SIM4
1
21
22
SIM5
SIM1
SIM2
SIM3
SIM4
1
21
22
SIM5
SIM1
SIM2
SIM3
SIM4
1
21
22
SIM5
SIM1
SIM2
SIM3
SIM4
1
21
22
SIM5
SIM1
SIM2
SIM3
SIM4
1
21
22
SIM5
SIM1
SIM2
SIM3
SIM4
1
21
22
SIM5
SIM1
SIM2
SIM3
SIM4
1
21
22
SIM5
SIM1
SIM2
SIM3
SIM4
1
21
22
SIM5
SIM1
SIM2
SIM3
SIM4
1
21
22
SIM5
SIM1
SIM2
SIM3
SIM4
1
21
22
SIM5
SIM1
SIM2
SIM3
SIM4
1
21
22
SIM5
SIM1
SIM2
SIM3
SIM4
1
21
22
SIM5
SIM1
SIM2
SIM3
SIM4
1
21
22
SIM5
SIM1
SIM2
SIM3
SIM4
1
21
22
SIM5
SIM1
SIM2
SIM3
SIM4
1
21
22
SIM5
SIM1
SIM2
SIM3
SIM4
1
21
22
SIM5
SIM1
SIM2
SIM3
SIM4
1
21
22
SIM5
SIM1
SIM2
SIM3
SIM4
1
21
22
SIM5
SIM1
SIM2
SIM3
SIM4
1
21
22
SIM5
SIM1
SIM2
SIM3
SIM4
1
21
22
SIM5
SIM1
SIM2
SIM3
SIM4
1
21
22
SIM5
SIM1
SIM2
SIM3
SIM4
1
21
22
SIM5
SIM1
SIM2
SIM3
SIM4
1
21
22
SIM5
SIM1
SIM2
SIM3
SIM4
1
21
22
SIM5
SIM1
SIM2
SIM3
SIM4
1
21
22
SIM5
SIM1
SIM2
SIM3
SIM4
1
21
22
SIM5
SIM1
SIM2
SIM3
SIM4
1
21
22
SIM5
SIM1
SIM2
SIM3
SIM4
1
21
22
SIM5
SIM1
SIM2
SIM3
SIM4
1
21
22
SIM5
SIM1
SIM2
SIM3
SIM4
1
21
22
SIM5
SIM1
SIM2
SIM3
SIM4
1
21
22
SIM5
SIM1
SIM2
SIM3
SIM4
1
21
22
SIM5
SIM1
SIM2
SIM3
SIM4
1
21
22
SIM5
SIM1
SIM2
SIM3
SIM4
1
21
22
SIM5
SIM1
SIM2
SIM3
SIM4
1
21
22
SIM5
SIM1
SIM2
SIM3
SIM4
1
21
22
SIM5
SIM1
SIM2
SIM3
SIM4
1
21
22
SIM5
SIM1
SIM2
SIM3
SIM4
1
21
22
SIM5
SIM1
SIM2
SIM3
SIM4
1
21
22
SIM5
SIM1
SIM2
SIM3
SIM4
1
21
22
SIM5
SIM1
SIM2
SIM3
SIM4
1
21
22
SIM5
SIM1
SIM2
SIM3
SIM4
1
21
22
SIM5
SIM1
SIM2
SIM3
SIM4
1
21
22
SIM5
SIM1
SIM2
SIM3
SIM4
1
21
22
SIM5
SIM1
SIM2
SIM3
SIM4
1
21
22
SIM5
SIM1
SIM2
SIM3
SIM4
1
21
22
SIM5
SIM1
SIM2
SIM3
SIM4
1
21
22
SIM5
SIM1
SIM2
SIM3
SIM4
1
21
22
SIM5
SIM1
SIM2
SIM3
SIM4
1
21
22
SIM5
SIM1
SIM2
SIM3
SIM4
1
21
22
SIM5
SIM1
SIM2
SIM3
SIM4
1
21
22
SIM5
SIM1
SIM2
SIM3
SIM4
1
21
22
SIM5
SIM1
SIM2
SIM3
SIM4
1
21
22
SIM5
SIM1
SIM2
SIM3
SIM4
1
21
22
SIM5
SIM1
SIM2
SIM3
SIM4
1
21
22
SIM5
SIM1
SIM2
SIM3
SIM4
1
21
22
SIM5
SIM1
SIM2
SIM3
SIM4
1
21
22
SIM5
SIM1
SIM2
SIM3
SIM4
1
21
22
SIM5
SIM1
SIM2
SIM3
SIM4
1
21
22
SIM5
SIM1
SIM2
SIM3
SIM4
1
21
22
SIM5
SIM1
SIM2
SIM3
SIM4
1
21
22
SIM5
SIM1
SIM2
SIM3
SIM4
1
21
22
SIM5
SIM1
SIM2
SIM3
SIM4
1
21
22
SIM5
SIM1
SIM2
SIM3
SIM4
1
21
22
SIM5
SIM1
SIM2
SIM3
SIM4
1
21
22
SIM5
SIM1
SIM2
SIM3
SIM4
1
21
22
SIM5
SIM1
SIM2
SIM3
SIM4
1
21
22
SIM5
SIM1
SIM2
SIM3
SIM4
1
21
22
SIM5
SIM1
SIM2
SIM3
SIM4
1
21
22
SIM5
SIM1
SIM2
SIM3
SIM4
1
21
22
SIM5
SIM1
SIM2
SIM3
SIM4
1
21
22
SIM5
SIM1
SIM2
SIM3
SIM4
1
21
22
SIM5
SIM1
SIM2
SIM3
SIM4
1
21
22
SIM5
SIM1
SIM2
SIM3
SIM4
1
21
22
SIM5
SIM1
SIM2
SIM3
SIM4
1
21
22
SIM5
SIM1
SIM2
SIM3
SIM4
1
21
22
SIM5
SIM1
SIM2
SIM3
SIM4
1
21
22
SIM5
SIM1
SIM2
SIM3
SIM4
1
21
22
SIM5
SIM1
SIM2
SIM3
SIM4
1
21
22
SIM5
SIM1
SIM2
SIM3
SIM4
1
21
22
SIM5
SIM1
SIM2
SIM3
SIM4
1
21
22
SIM5
SIM1
SIM2
SIM3
SIM4
1
21
22
SIM5
SIM1
SIM2
SIM3
SIM4
1
21
22
SIM5
SIM1
SIM2
SIM3
SIM4
1
21
22
SIM5
SIM1
SIM2
SIM3
SIM4
1
21
22
SIM5
SIM1
SIM2
SIM3
SIM4
1
21
22
SIM5
SIM1
SIM2
SIM3
SIM4
1
21
22
SIM5
SIM1
SIM2
SIM3
SIM4
1
21
22
SIM5
SIM1
SIM2
SIM3
SIM4
1
21
22
SIM5
SIM1
SIM2
SIM3
SIM4
1
21
22
SIM5
SIM1
SIM2
SIM3
SIM4
1
21
22
SIM5
SIM1
SIM2
SIM3
SIM4
1
21
22
SIM5
SIM1
SIM2
SIM3
SIM4
1
21
22
SIM5
SIM1
SIM2
SIM3
SIM4
1
21
22
SIM5
SIM1
SIM2
SIM3
SIM4
1
21
22
SIM5
SIM1
SIM2
SIM3
SIM4
1
21
22
SIM5
SIM1
SIM2
SIM3
SIM4
1
21
22
SIM5
SIM1
SIM2
SIM3
SIM4
1
21
22
SIM5
SIM1
SIM2
SIM3
SIM4
1
21
22
SIM5
SIM1
SIM2
SIM3
SIM4
1
21
22
SIM5
SIM1
SIM2
SIM3
SIM4
1
21
22
SIM5
SIM1
SIM2
SIM3
SIM4
1
21
22
SIM5
SIM1
SIM2
SIM3
SIM4
1
21
22
SIM5
SIM1
SIM2
SIM3
SIM4
1
21
22
SIM5
SIM1
SIM2
SIM3
SIM4
1
21
22
SIM5
SIM1
SIM2
SIM3
SIM4
1
21
22
SIM5
SIM1
SIM2
SIM3
SIM4
1
21
22
SIM5
SIM1
SIM2
SIM3
SIM4
1
21
22
SIM5
SIM1
SIM2
SIM3
SIM4
1
21
22
SIM5
SIM1
SIM2
SIM3
SIM4
1
21
22
SIM5
SIM1
SIM2
SIM3
SIM4
1
21
22
SIM5
SIM1
SIM2
SIM3
SIM4
1
21
22
SIM5
SIM1
SIM2
SIM3
SIM4
1
21
22
SIM5
SIM1
SIM2
SIM3
SIM4
1
21
22
SIM5
SIM1
SIM2
SIM3
SIM4
1
21
22
SIM5
SIM1
SIM2
SIM3
SIM4
1
21
22
SIM5
SIM1
SIM2
SIM3
SIM4
1
21
22
SIM5
SIM1
SIM2
SIM3
SIM4
1
21
22
SIM5
SIM1
SIM2
SIM3
SIM4
1
21
22
SIM5
SIM1
SIM2
SIM3
SIM4
1
21
22
SIM5
SIM1
SIM2
SIM3
SIM4
1
21
22
SIM5
SIM1
SIM2
SIM3
SIM4
1
21
22
SIM5
SIM1
SIM2
SIM3
SIM4
1
21
22
SIM5
SIM1
SIM2
SIM3
SIM4
1
21
22
SIM5
SIM1
SIM2
SIM3
SIM4
1
21
22
SIM5
SIM1
SIM2
SIM3
SIM4
1
21
22
SIM5
SIM1
SIM2
SIM3
SIM4
1
21
22
SIM5
SIM1
SIM2
SIM3
SIM4
1
21
22
SIM5
SIM1
SIM2
DEBUG 1 956
SIM1
SIM2
SIM3
SIM4
1
21
22
SIM5
SIM1
SIM2
SIM3
SIM4
1
21
22
SIM5
SIM1
SIM2
SIM3
SIM4
1
21
22
SIM5
SIM1
SIM2
SIM3
SIM4
1
21
22
SIM5
SIM1
SIM2
SIM3
SIM4
1
21
22
SIM5
SIM1
SIM2
SIM3
SIM4
1
21
22
SIM5
SIM1
SIM2
SIM3
SIM4
1
21
22
SIM5
SIM1
SIM2
SIM3
SIM4
1
21
22
SIM5
SIM1
SIM2
SIM3
SIM4
1
21
22
SIM5
SIM1
SIM2
SIM3
SIM4
1
21
22
SIM5
SIM1
SIM2
SIM3
SIM4
1
21
22
SIM5
SIM1
SIM2
SIM3
SIM4
1
21
22
SIM5
SIM1
SIM2
SIM3
SIM4
1
21
22
SIM5
SIM1
SIM2
SIM3
SIM4
1
21
22
SIM5
SIM1
SIM2
SIM3
SIM4
1
21
22
SIM5
SIM1
SIM2
SIM3
SIM4
1
21
22
SIM5
SIM1
SIM2
SIM3
SIM4
1
21
22
SIM5
SIM1
SIM2
SIM3
SIM4
1
21
22
SIM5
SIM1
SIM2
SIM3
SIM4
1
21
22
SIM5
SIM1
SIM2
SIM3
SIM4
1
21
22
SIM5
SIM1
SIM2
SIM3
SIM4
1
21
22
SIM5
SIM1
SIM2
SIM3
SIM4
1
21
22
SIM5
SIM1
SIM2
SIM3
SIM4
1
21
22
SIM5
SIM1
SIM2
SIM3
SIM4
1
21
22
SIM5
SIM1
SIM2
SIM3
SIM4
1
21
22
SIM5
SIM1
SIM2
SIM3
SIM4
1
21
22
SIM5
SIM1
SIM2
SIM3
SIM4
1
21
22
SIM5
SIM1
SIM2
SIM3
SIM4
1
21
22
SIM5
SIM1
SIM2
SIM3
SIM4
1
21
22
SIM5
SIM1
SIM2
SIM3
SIM4
1
21
22
SIM5
SIM1
SIM2
SIM3
SIM4
1
21
22
SIM5
SIM1
SIM2
SIM3
SIM4
1
21
22
SIM5
SIM1
SIM2
SIM3
SIM4
1
21
22
SIM5
SIM1
SIM2
SIM3
SIM4
1
21
22
SIM5
SIM1
SIM2
SIM3
SIM4
1
21
22
SIM5
SIM1
SIM2
SIM3
SIM4
1
21
22
SIM5
SIM1
SIM2
SIM3
SIM4
1
21
22
SIM5
SIM1
SIM2
SIM3
SIM4
1
21
22
SIM5
SIM1
SIM2
SIM3
SIM4
1
21
22
SIM5
SIM1
SIM2
SIM3
SIM4
1
21
22
SIM5
SIM1
SIM2
SIM3
SIM4
1
21
22
SIM5
SIM1
SIM2
SIM3
SIM4
1
21
22
SIM5
SIM1
SIM2
SIM3
SIM4
1
21
22
SIM5
SIM1
SIM2
SIM3
SIM4
1
21
22
SIM5
SIM1
SIM2
SIM3
SIM4
1
21
22
SIM5
SIM1
SIM2
SIM3
SIM4
1
21
22
SIM5
SIM1
SIM2
SIM3
SIM4
1
21
22
SIM5
SIM1
SIM2
SIM3
SIM4
1
21
22
SIM5
SIM1
SIM2
SIM3
SIM4
1
21
22
SIM5
SIM1
SIM2
SIM3
SIM4
1
21
22
SIM5
SIM1
SIM2
SIM3
SIM4
1
21
22
SIM5
SIM1
SIM2
SIM3
SIM4
1
21
22
SIM5
SIM1
SIM2
SIM3
SIM4
1
21
22
SIM5
SIM1
SIM2
SIM3
SIM4
1
21
22
SIM5
SIM1
SIM2
SIM3
SIM4
1
21
22
SIM5
SIM1
SIM2
SIM3
SIM4
1
21
22
SIM5
SIM1
SIM2
SIM3
SIM4
1
21
22
SIM5
SIM1
SIM2
SIM3
SIM4
1
21
22
SIM5
SIM1
SIM2
SIM3
SIM4
1
21
22
SIM5
SIM1
SIM2
SIM3
SIM4
1
21
22
SIM5
SIM1
SIM2
SIM3
SIM4
1
21
22
SIM5
SIM1
SIM2
SIM3
SIM4
1
21
22
SIM5
SIM1
SIM2
SIM3
SIM4
1
21
22
SIM5
SIM1
SIM2
SIM3
SIM4
1
21
22
SIM5
SIM1
SIM2
SIM3
SIM4
1
21
22
SIM5
SIM1
SIM2
SIM3
SIM4
1
21
22
SIM5
SIM1
SIM2
SIM3
SIM4
1
21
22
SIM5
SIM1
SIM2
SIM3
SIM4
1
21
22
SIM5
SIM1
SIM2
SIM3
SIM4
1
21
22
SIM5
SIM1
SIM2
SIM3
SIM4
1
21
22
SIM5
SIM1
SIM2
SIM3
SIM4
1
21
22
SIM5
SIM1
SIM2
SIM3
SIM4
1
21
22
SIM5
SIM1
SIM2
SIM3
SIM4
1
21
22
SIM5
SIM1
SIM2
SIM3
SIM4
1
21
22
SIM5
SIM1
SIM2
SIM3
SIM4
1
21
22
SIM5
SIM1
SIM2
SIM3
SIM4
1
21
22
SIM5
SIM1
SIM2
SIM3
SIM4
1
21
22
SIM5
SIM1
SIM2
SIM3
SIM4
1
21
22
SIM5
SIM1
SIM2
SIM3
SIM4
1
21
22
SIM5
SIM1
SIM2
SIM3
SIM4
1
21
22
SIM5
SIM1
SIM2
SIM3
SIM4
1
21
22
SIM5
SIM1
SIM2
SIM3
SIM4
1
21
22
SIM5
SIM1
SIM2
SIM3
SIM4
1
21
22
SIM5
SIM1
SIM2
SIM3
SIM4
1
21
22
SIM5
SIM1
SIM2
SIM3
SIM4
1
21
22
SIM5
SIM1
SIM2
SIM3
SIM4
1
21
22
SIM5
SIM1
SIM2
SIM3
SIM4
1
21
22
SIM5
SIM1
SIM2
SIM3
SIM4
1
21
22
SIM5
SIM1
SIM2
SIM3
SIM4
1
21
22
SIM5
SIM1
SIM2
SIM3
SIM4
1
21
22
SIM5
SIM1
SIM2
SIM3
SIM4
1
21
22
SIM5
SIM1
SIM2
SIM3
SIM4
1
21
22
SIM5
SIM1
SIM2
SIM3
SIM4
1
21
22
SIM5
SIM1
SIM2
SIM3
SIM4
1
21
22
SIM5
SIM1
SIM2
SIM3
SIM4
1
21
22
SIM5
SIM1
SIM2
SIM3
SIM4
1
21
22
SIM5
SIM1
SIM2
SIM3
SIM4
1
21
22
SIM5
SIM1
SIM2
SIM3
SIM4
1
21
22
SIM5
SIM1
SIM2
SIM3
SIM4
1
21
22
SIM5
SIM1
SIM2
SIM3
SIM4
1
21
22
SIM5
SIM1
SIM2
SIM3
SIM4
1
21
22
SIM5
SIM1
SIM2
SIM3
SIM4
1
21
22
SIM5
SIM1
SIM2
SIM3
SIM4
1
21
22
SIM5
SIM1
SIM2
SIM3
SIM4
1
21
22
SIM5
SIM1
SIM2
SIM3
SIM4
1
21
22
SIM5
SIM1
SIM2
SIM3
SIM4
1
21
22
SIM5
SIM1
SIM2
SIM3
SIM4
1
21
22
SIM5
SIM1
SIM2
SIM3
SIM4
1
21
22
SIM5
SIM1
SIM2
SIM3
SIM4
1
21
22
SIM5
SIM1
SIM2
SIM3
SIM4
1
21
22
SIM5
SIM1
SIM2
SIM3
SIM4
1
21
22
SIM5
SIM1
SIM2
SIM3
SIM4
1
21
22
SIM5
SIM1
SIM2
SIM3
SIM4
1
21
22
SIM5
SIM1
SIM2
SIM3
SIM4
1
21
22
SIM5
SIM1
SIM2
SIM3
SIM4
1
21
22
SIM5
SIM1
SIM2
SIM3
SIM4
1
21
22
SIM5
SIM1
SIM2
SIM3
SIM4
1
21
22
SIM5
SIM1
SIM2
SIM3
SIM4
1
21
22
SIM5
SIM1
SIM2
SIM3
SIM4
1
21
22
SIM5
SIM1
SIM2
SIM3
SIM4
1
21
22
SIM5
SIM1
SIM2
SIM3
SIM4
1
21
22
SIM5
SIM1
SIM2
SIM3
SIM4
1
21
22
SIM5
SIM1
SIM2
SIM3
SIM4
1
21
22
SIM5
SIM1
SIM2
SIM3
SIM4
1
21
22
SIM5
SIM1
SIM2
SIM3
SIM4
1
21
22
SIM5
SIM1
SIM2
SIM3
SIM4
1
21
22
SIM5
SIM1
SIM2
SIM3
SIM4
1
21
22
SIM5
SIM1
SIM2
SIM3
SIM4
1
21
22
SIM5
SIM1
SIM2
SIM3
SIM4
1
21
22
SIM5
SIM1
SIM2
SIM3
SIM4
1
21
22
SIM5
SIM1
SIM2
SIM3
SIM4
1
21
22
SIM5
SIM1
SIM2
SIM3
SIM4
1
21
22
SIM5
SIM1
SIM2
SIM3
SIM4
1
21
22
SIM5
SIM1
SIM2
SIM3
SIM4
1
21
22
SIM5
SIM1
SIM2
SIM3
SIM4
1
21
22
SIM5
SIM1
SIM2
SIM3
SIM4
1
21
22
SIM5
SIM1
SIM2
SIM3
SIM4
1
21
22
SIM5
SIM1
SIM2
SIM3
SIM4
1
21
22
SIM5
SIM1
SIM2
SIM3
SIM4
1
21
22
SIM5
SIM1
SIM2
SIM3
SIM4
1
21
22
SIM5
SIM1
SIM2
SIM3
SIM4
1
21
22
SIM5
SIM1
SIM2
SIM3
SIM4
1
21
22
SIM5
SIM1
SIM2
SIM3
SIM4
1
21
22
SIM5
SIM1
SIM2
SIM3
SIM4
1
21
22
SIM5
SIM1
SIM2
SIM3
SIM4
1
21
22
SIM5
SIM1
SIM2
SIM3
SIM4
1
21
22
SIM5
SIM1
SIM2
SIM3
SIM4
1
21
22
SIM5
SIM1
SIM2
SIM3
SIM4
1
21
22
SIM5
SIM1
SIM2
SIM3
SIM4
1
21
22
SIM5
SIM1
SIM2
SIM3
SIM4
1
21
22
SIM5
SIM1
SIM2
SIM3
SIM4
1
21
22
SIM5
SIM1
SIM2
SIM3
SIM4
1
21
22
SIM5
SIM1
SIM2
SIM3
SIM4
1
21
22
SIM5
SIM1
SIM2
SIM3
SIM4
1
21
22
SIM5
SIM1
SIM2
SIM3
SIM4
1
21
22
SIM5
SIM1
SIM2
SIM3
SIM4
1
21
22
SIM5
SIM1
SIM2
SIM3
SIM4
1
21
22
SIM5
SIM1
SIM2
SIM3
SIM4
1
21
22
SIM5
SIM1
SIM2
SIM3
SIM4
1
21
22
SIM5
SIM1
SIM2
SIM3
SIM4
1
21
22
SIM5
SIM1
SIM2
SIM3
SIM4
1
21
22
SIM5
SIM1
SIM2
SIM3
SIM4
1
21
22
SIM5
SIM1
SIM2
SIM3
SIM4
1
21
22
SIM5
SIM1
SIM2
SIM3
SIM4
1
21
22
SIM5
SIM1
SIM2
SIM3
SIM4
1
21
22
SIM5
SIM1
SIM2
SIM3
SIM4
1
21
22
SIM5
SIM1
SIM2
SIM3
SIM4
1
21
22
SIM5
SIM1
SIM2
SIM3
SIM4
1
21
22
SIM5
SIM1
SIM2
SIM3
SIM4
1
21
22
SIM5
SIM1
SIM2
SIM3
SIM4
1
21
22
SIM5
SIM1
SIM2
SIM3
SIM4
1
21
22
SIM5
SIM1
SIM2
SIM3
SIM4
1
21
22
SIM5
SIM1
SIM2
SIM3
SIM4
1
21
22
SIM5
SIM1
SIM2
SIM3
SIM4
1
21
22
SIM5
SIM1
SIM2
SIM3
SIM4
1
21
22
SIM5
SIM1
SIM2
SIM3
SIM4
1
21
22
SIM5
SIM1
SIM2
SIM3
SIM4
1
21
22
SIM5
SIM1
SIM2
SIM3
SIM4
1
21
22
SIM5
SIM1
SIM2
SIM3
SIM4
1
21
22
SIM5
SIM1
SIM2
SIM3
SIM4
1
21
22
SIM5
SIM1
SIM2
SIM3
SIM4
1
21
22
SIM5
SIM1
SIM2
SIM3
SIM4
1
21
22
SIM5
SIM1
SIM2
SIM3
SIM4
1
21
22
SIM5
SIM1
SIM2
SIM3
SIM4
1
21
22
SIM5
SIM1
SIM2
SIM3
SIM4
1
21
22
SIM5
SIM1
SIM2
SIM3
SIM4
1
21
22
SIM5
SIM1
SIM2
SIM3
SIM4
1
21
22
SIM5
SIM1
SIM2
SIM3
SIM4
1
21
22
SIM5
SIM1
SIM2
SIM3
SIM4
1
21
22
SIM5
SIM1
SIM2
SIM3
SIM4
1
21
22
SIM5
SIM1
SIM2
SIM3
SIM4
1
21
22
SIM5
SIM1
SIM2
SIM3
SIM4
1
21
22
SIM5
SIM1
SIM2
SIM3
SIM4
1
21
22
SIM5
SIM1
SIM2
SIM3
SIM4
1
21
22
SIM5
SIM1
SIM2
SIM3
SIM4
1
21
22
SIM5
SIM1
SIM2
SIM3
SIM4
1
21
22
SIM5
SIM1
SIM2
SIM3
SIM4
1
21
22
SIM5
SIM1
SIM2
SIM3
SIM4
1
21
22
SIM5
SIM1
SIM2
SIM3
SIM4
1
21
22
SIM5
SIM1
SIM2
SIM3
SIM4
1
21
22
SIM5
SIM1
SIM2
SIM3
SIM4
1
21
22
SIM5
SIM1
SIM2
SIM3
SIM4
1
21
22
SIM5
SIM1
SIM2
SIM3
SIM4
1
21
22
SIM5
SIM1
SIM2
SIM3
SIM4
1
21
22
SIM5
SIM1
SIM2
SIM3
SIM4
1
21
22
SIM5
SIM1
SIM2
DEBUG 1 957
SIM1
SIM2
SIM3
SIM4
1
21
22
SIM5
SIM1
SIM2
SIM3
SIM4
1
21
22
SIM5
SIM1
SIM2
SIM3
SIM4
1
21
22
SIM5
SIM1
SIM2
SIM3
SIM4
1
21
22
SIM5
SIM1
SIM2
SIM3
SIM4
1
21
22
SIM5
SIM1
SIM2
SIM3
SIM4
1
21
22
SIM5
SIM1
SIM2
SIM3
SIM4
1
21
22
SIM5
SIM1
SIM2
SIM3
SIM4
1
21
22
SIM5
SIM1
SIM2
SIM3
SIM4
1
21
22
SIM5
SIM1
SIM2
SIM3
SIM4
1
21
22
SIM5
SIM1
SIM2
SIM3
SIM4
1
21
22
SIM5
SIM1
SIM2
SIM3
SIM4
1
21
22
SIM5
SIM1
SIM2
SIM3
SIM4
1
21
22
SIM5
SIM1
SIM2
SIM3
SIM4
1
21
22
SIM5
SIM1
SIM2
SIM3
SIM4
1
21
22
SIM5
SIM1
SIM2
SIM3
SIM4
1
21
22
SIM5
SIM1
SIM2
SIM3
SIM4
1
21
22
SIM5
SIM1
SIM2
SIM3
SIM4
1
21
22
SIM5
SIM1
SIM2
SIM3
SIM4
1
21
22
SIM5
SIM1
SIM2
SIM3
SIM4
1
21
22
SIM5
SIM1
SIM2
SIM3
SIM4
1
21
22
SIM5
SIM1
SIM2
SIM3
SIM4
1
21
22
SIM5
SIM1
SIM2
SIM3
SIM4
1
21
22
SIM5
SIM1
SIM2
SIM3
SIM4
1
21
22
SIM5
SIM1
SIM2
SIM3
SIM4
1
21
22
SIM5
SIM1
SIM2
SIM3
SIM4
1
21
22
SIM5
SIM1
SIM2
SIM3
SIM4
1
21
22
SIM5
SIM1
SIM2
SIM3
SIM4
1
21
22
SIM5
SIM1
SIM2
SIM3
SIM4
1
21
22
SIM5
SIM1
SIM2
SIM3
SIM4
1
21
22
SIM5
SIM1
SIM2
SIM3
SIM4
1
21
22
SIM5
SIM1
SIM2
SIM3
SIM4
1
21
22
SIM5
SIM1
SIM2
SIM3
SIM4
1
21
22
SIM5
SIM1
SIM2
SIM3
SIM4
1
21
22
SIM5
SIM1
SIM2
SIM3
SIM4
1
21
22
SIM5
SIM1
SIM2
SIM3
SIM4
1
21
22
SIM5
SIM1
SIM2
SIM3
SIM4
1
21
22
SIM5
SIM1
SIM2
SIM3
SIM4
1
21
22
SIM5
SIM1
SIM2
SIM3
SIM4
1
21
22
SIM5
SIM1
SIM2
SIM3
SIM4
1
21
22
SIM5
SIM1
SIM2
SIM3
SIM4
1
21
22
SIM5
SIM1
SIM2
SIM3
SIM4
1
21
22
SIM5
SIM1
SIM2
SIM3
SIM4
1
21
22
SIM5
SIM1
SIM2
SIM3
SIM4
1
21
22
SIM5
SIM1
SIM2
SIM3
SIM4
1
21
22
SIM5
SIM1
SIM2
SIM3
SIM4
1
21
22
SIM5
SIM1
SIM2
SIM3
SIM4
1
21
22
SIM5
SIM1
SIM2
SIM3
SIM4
1
21
22
SIM5
SIM1
SIM2
SIM3
SIM4
1
21
22
SIM5
SIM1
SIM2
SIM3
SIM4
1
21
22
SIM5
SIM1
SIM2
SIM3
SIM4
1
21
22
SIM5
SIM1
SIM2
SIM3
SIM4
1
21
22
SIM5
SIM1
SIM2
SIM3
SIM4
1
21
22
SIM5
SIM1
SIM2
SIM3
SIM4
1
21
22
SIM5
SIM1
SIM2
SIM3
SIM4
1
21
22
SIM5
SIM1
SIM2
SIM3
SIM4
1
21
22
SIM5
SIM1
SIM2
SIM3
SIM4
1
21
22
SIM5
SIM1
SIM2
SIM3
SIM4
1
21
22
SIM5
SIM1
SIM2
SIM3
SIM4
1
21
22
SIM5
SIM1
SIM2
SIM3
SIM4
1
21
22
SIM5
SIM1
SIM2
SIM3
SIM4
1
21
22
SIM5
SIM1
SIM2
SIM3
SIM4
1
21
22
SIM5
SIM1
SIM2
SIM3
SIM4
1
21
22
SIM5
SIM1
SIM2
SIM3
SIM4
1
21
22
SIM5
SIM1
SIM2
SIM3
SIM4
1
21
22
SIM5
SIM1
SIM2
SIM3
SIM4
1
21
22
SIM5
SIM1
SIM2
SIM3
SIM4
1
21
22
SIM5
SIM1
SIM2
SIM3
SIM4
1
21
22
SIM5
SIM1
SIM2
SIM3
SIM4
1
21
22
SIM5
SIM1
SIM2
SIM3
SIM4
1
21
22
SIM5
SIM1
SIM2
SIM3
SIM4
1
21
22
SIM5
SIM1
SIM2
SIM3
SIM4
1
21
22
SIM5
SIM1
SIM2
SIM3
SIM4
1
21
22
SIM5
SIM1
SIM2
SIM3
SIM4
1
21
22
SIM5
SIM1
SIM2
SIM3
SIM4
1
21
22
SIM5
SIM1
SIM2
SIM3
SIM4
1
21
22
SIM5
SIM1
SIM2
SIM3
SIM4
1
21
22
SIM5
SIM1
SIM2
SIM3
SIM4
1
21
22
SIM5
SIM1
SIM2
SIM3
SIM4
1
21
22
SIM5
SIM1
SIM2
SIM3
SIM4
1
21
22
SIM5
SIM1
SIM2
SIM3
SIM4
1
21
22
SIM5
SIM1
SIM2
SIM3
SIM4
1
21
22
SIM5
SIM1
SIM2
SIM3
SIM4
1
21
22
SIM5
SIM1
SIM2
SIM3
SIM4
1
21
22
SIM5
SIM1
SIM2
SIM3
SIM4
1
21
22
SIM5
SIM1
SIM2
SIM3
SIM4
1
21
22
SIM5
SIM1
SIM2
SIM3
SIM4
1
21
22
SIM5
SIM1
SIM2
SIM3
SIM4
1
21
22
SIM5
SIM1
SIM2
SIM3
SIM4
1
21
22
SIM5
SIM1
SIM2
SIM3
SIM4
1
21
22
SIM5
SIM1
SIM2
SIM3
SIM4
1
21
22
SIM5
SIM1
SIM2
SIM3
SIM4
1
21
22
SIM5
SIM1
SIM2
SIM3
SIM4
1
21
22
SIM5
SIM1
SIM2
SIM3
SIM4
1
21
22
SIM5
SIM1
SIM2
SIM3
SIM4
1
21
22
SIM5
SIM1
SIM2
SIM3
SIM4
1
21
22
SIM5
SIM1
SIM2
SIM3
SIM4
1
21
22
SIM5
SIM1
SIM2
SIM3
SIM4
1
21
22
SIM5
SIM1
SIM2
SIM3
SIM4
1
21
22
SIM5
SIM1
SIM2
SIM3
SIM4
1
21
22
SIM5
SIM1
SIM2
SIM3
SIM4
1
21
22
SIM5
SIM1
SIM2
SIM3
SIM4
1
21
22
SIM5
SIM1
SIM2
SIM3
SIM4
1
21
22
SIM5
SIM1
SIM2
SIM3
SIM4
1
21
22
SIM5
SIM1
SIM2
SIM3
SIM4
1
21
22
SIM5
SIM1
SIM2
SIM3
SIM4
1
21
22
SIM5
SIM1
SIM2
SIM3
SIM4
1
21
22
SIM5
SIM1
SIM2
SIM3
SIM4
1
21
22
SIM5
SIM1
SIM2
SIM3
SIM4
1
21
22
SIM5
SIM1
SIM2
SIM3
SIM4
1
21
22
SIM5
SIM1
SIM2
SIM3
SIM4
1
21
22
SIM5
SIM1
SIM2
SIM3
SIM4
1
21
22
SIM5
SIM1
SIM2
SIM3
SIM4
1
21
22
SIM5
SIM1
SIM2
SIM3
SIM4
1
21
22
SIM5
SIM1
SIM2
SIM3
SIM4
1
21
22
SIM5
SIM1
SIM2
SIM3
SIM4
1
21
22
SIM5
SIM1
SIM2
SIM3
SIM4
1
21
22
SIM5
SIM1
SIM2
SIM3
SIM4
1
21
22
SIM5
SIM1
SIM2
SIM3
SIM4
1
21
22
SIM5
SIM1
SIM2
SIM3
SIM4
1
21
22
SIM5
SIM1
SIM2
SIM3
SIM4
1
21
22
SIM5
SIM1
SIM2
SIM3
SIM4
1
21
22
SIM5
SIM1
SIM2
SIM3
SIM4
1
21
22
SIM5
SIM1
SIM2
SIM3
SIM4
1
21
22
SIM5
SIM1
SIM2
SIM3
SIM4
1
21
22
SIM5
SIM1
SIM2
SIM3
SIM4
1
21
22
SIM5
SIM1
SIM2
SIM3
SIM4
1
21
22
SIM5
SIM1
SIM2
SIM3
SIM4
1
21
22
SIM5
SIM1
SIM2
SIM3
SIM4
1
21
22
SIM5
SIM1
SIM2
SIM3
SIM4
1
21
22
SIM5
SIM1
SIM2
SIM3
SIM4
1
21
22
SIM5
SIM1
SIM2
SIM3
SIM4
1
21
22
SIM5
SIM1
SIM2
SIM3
SIM4
1
21
22
SIM5
SIM1
SIM2
SIM3
SIM4
1
21
22
SIM5
SIM1
SIM2
SIM3
SIM4
1
21
22
SIM5
SIM1
SIM2
SIM3
SIM4
1
21
22
SIM5
SIM1
SIM2
SIM3
SIM4
1
21
22
SIM5
SIM1
SIM2
SIM3
SIM4
1
21
22
SIM5
SIM1
SIM2
SIM3
SIM4
1
21
22
SIM5
SIM1
SIM2
SIM3
SIM4
1
21
22
SIM5
SIM1
SIM2
SIM3
SIM4
1
21
22
SIM5
SIM1
SIM2
SIM3
SIM4
1
21
22
SIM5
SIM1
SIM2
SIM3
SIM4
1
21
22
SIM5
SIM1
SIM2
SIM3
SIM4
1
21
22
SIM5
SIM1
SIM2
SIM3
SIM4
1
21
22
SIM5
SIM1
SIM2
SIM3
SIM4
1
21
22
SIM5
SIM1
SIM2
SIM3
SIM4
1
21
22
SIM5
SIM1
SIM2
SIM3
SIM4
1
21
22
SIM5
SIM1
SIM2
SIM3
SIM4
1
21
22
SIM5
SIM1
SIM2
SIM3
SIM4
1
21
22
SIM5
SIM1
SIM2
SIM3
SIM4
1
21
22
SIM5
SIM1
SIM2
SIM3
SIM4
1
21
22
SIM5
SIM1
SIM2
SIM3
SIM4
1
21
22
SIM5
SIM1
SIM2
SIM3
SIM4
1
21
22
SIM5
SIM1
SIM2
SIM3
SIM4
1
21
22
SIM5
SIM1
SIM2
SIM3
SIM4
1
21
22
SIM5
SIM1
SIM2
SIM3
SIM4
1
21
22
SIM5
SIM1
SIM2
SIM3
SIM4
1
21
22
SIM5
SIM1
SIM2
SIM3
SIM4
1
21
22
SIM5
SIM1
SIM2
SIM3
SIM4
1
21
22
SIM5
SIM1
SIM2
SIM3
SIM4
1
21
22
SIM5
SIM1
SIM2
SIM3
SIM4
1
21
22
SIM5
SIM1
SIM2
SIM3
SIM4
1
21
22
SIM5
SIM1
SIM2
SIM3
SIM4
1
21
22
SIM5
SIM1
SIM2
SIM3
SIM4
1
21
22
SIM5
SIM1
SIM2
SIM3
SIM4
1
21
22
SIM5
SIM1
SIM2
SIM3
SIM4
1
21
22
SIM5
SIM1
SIM2
SIM3
SIM4
1
21
22
SIM5
SIM1
SIM2
SIM3
SIM4
1
21
22
SIM5
SIM1
SIM2
SIM3
SIM4
1
21
22
SIM5
SIM1
SIM2
SIM3
SIM4
1
21
22
SIM5
SIM1
SIM2
SIM3
SIM4
1
21
22
SIM5
SIM1
SIM2
SIM3
SIM4
1
21
22
SIM5
SIM1
SIM2
SIM3
SIM4
1
21
22
SIM5
SIM1
SIM2
SIM3
SIM4
1
21
22
SIM5
SIM1
SIM2
SIM3
SIM4
1
21
22
SIM5
SIM1
SIM2
SIM3
SIM4
1
21
22
SIM5
SIM1
SIM2
SIM3
SIM4
1
21
22
SIM5
SIM1
SIM2
SIM3
SIM4
1
21
22
SIM5
SIM1
SIM2
SIM3
SIM4
1
21
22
SIM5
SIM1
SIM2
SIM3
SIM4
1
21
22
SIM5
SIM1
SIM2
DEBUG 1 958
SIM1
SIM2
SIM3
SIM4
1
21
22
SIM5
SIM1
SIM2
SIM3
SIM4
1
21
22
SIM5
SIM1
SIM2
SIM3
SIM4
1
21
22
SIM5
SIM1
SIM2
SIM3
SIM4
1
21
22
SIM5
SIM1
SIM2
SIM3
SIM4
1
21
22
SIM5
SIM1
SIM2
SIM3
SIM4
1
21
22
SIM5
SIM1
SIM2
SIM3
SIM4
1
21
22
SIM5
SIM1
SIM2
SIM3
SIM4
1
21
22
SIM5
SIM1
SIM2
SIM3
SIM4
1
21
22
SIM5
SIM1
SIM2
SIM3
SIM4
1
21
22
SIM5
SIM1
SIM2
SIM3
SIM4
1
21
22
SIM5
SIM1
SIM2
SIM3
SIM4
1
21
22
SIM5
SIM1
SIM2
SIM3
SIM4
1
21
22
SIM5
SIM1
SIM2
SIM3
SIM4
1
21
22
SIM5
SIM1
SIM2
SIM3
SIM4
1
21
22
SIM5
SIM1
SIM2
SIM3
SIM4
1
21
22
SIM5
SIM1
SIM2
SIM3
SIM4
1
21
22
SIM5
SIM1
SIM2
SIM3
SIM4
1
21
22
SIM5
SIM1
SIM2
SIM3
SIM4
1
21
22
SIM5
SIM1
SIM2
SIM3
SIM4
1
21
22
SIM5
SIM1
SIM2
SIM3
SIM4
1
21
22
SIM5
SIM1
SIM2
SIM3
SIM4
1
21
22
SIM5
SIM1
SIM2
SIM3
SIM4
1
21
22
SIM5
SIM1
SIM2
SIM3
SIM4
1
21
22
SIM5
SIM1
SIM2
SIM3
SIM4
1
21
22
SIM5
SIM1
SIM2
SIM3
SIM4
1
21
22
SIM5
SIM1
SIM2
SIM3
SIM4
1
21
22
SIM5
SIM1
SIM2
SIM3
SIM4
1
21
22
SIM5
SIM1
SIM2
SIM3
SIM4
1
21
22
SIM5
SIM1
SIM2
SIM3
SIM4
1
21
22
SIM5
SIM1
SIM2
SIM3
SIM4
1
21
22
SIM5
SIM1
SIM2
SIM3
SIM4
1
21
22
SIM5
SIM1
SIM2
SIM3
SIM4
1
21
22
SIM5
SIM1
SIM2
SIM3
SIM4
1
21
22
SIM5
SIM1
SIM2
SIM3
SIM4
1
21
22
SIM5
SIM1
SIM2
SIM3
SIM4
1
21
22
SIM5
SIM1
SIM2
SIM3
SIM4
1
21
22
SIM5
SIM1
SIM2
SIM3
SIM4
1
21
22
SIM5
SIM1
SIM2
SIM3
SIM4
1
21
22
SIM5
SIM1
SIM2
SIM3
SIM4
1
21
22
SIM5
SIM1
SIM2
SIM3
SIM4
1
21
22
SIM5
SIM1
SIM2
SIM3
SIM4
1
21
22
SIM5
SIM1
SIM2
SIM3
SIM4
1
21
22
SIM5
SIM1
SIM2
SIM3
SIM4
1
21
22
SIM5
SIM1
SIM2
SIM3
SIM4
1
21
22
SIM5
SIM1
SIM2
SIM3
SIM4
1
21
22
SIM5
SIM1
SIM2
SIM3
SIM4
1
21
22
SIM5
SIM1
SIM2
SIM3
SIM4
1
21
22
SIM5
SIM1
SIM2
SIM3
SIM4
1
21
22
SIM5
SIM1
SIM2
SIM3
SIM4
1
21
22
SIM5
SIM1
SIM2
SIM3
SIM4
1
21
22
SIM5
SIM1
SIM2
SIM3
SIM4
1
21
22
SIM5
SIM1
SIM2
SIM3
SIM4
1
21
22
SIM5
SIM1
SIM2
SIM3
SIM4
1
21
22
SIM5
SIM1
SIM2
SIM3
SIM4
1
21
22
SIM5
SIM1
SIM2
SIM3
SIM4
1
21
22
SIM5
SIM1
SIM2
SIM3
SIM4
1
21
22
SIM5
SIM1
SIM2
SIM3
SIM4
1
21
22
SIM5
SIM1
SIM2
SIM3
SIM4
1
21
22
SIM5
SIM1
SIM2
SIM3
SIM4
1
21
22
SIM5
SIM1
SIM2
SIM3
SIM4
1
21
22
SIM5
SIM1
SIM2
SIM3
SIM4
1
21
22
SIM5
SIM1
SIM2
SIM3
SIM4
1
21
22
SIM5
SIM1
SIM2
SIM3
SIM4
1
21
22
SIM5
SIM1
SIM2
SIM3
SIM4
1
21
22
SIM5
SIM1
SIM2
SIM3
SIM4
1
21
22
SIM5
SIM1
SIM2
SIM3
SIM4
1
21
22
SIM5
SIM1
SIM2
SIM3
SIM4
1
21
22
SIM5
SIM1
SIM2
SIM3
SIM4
1
21
22
SIM5
SIM1
SIM2
SIM3
SIM4
1
21
22
SIM5
SIM1
SIM2
SIM3
SIM4
1
21
22
SIM5
SIM1
SIM2
SIM3
SIM4
1
21
22
SIM5
SIM1
SIM2
SIM3
SIM4
1
21
22
SIM5
SIM1
SIM2
SIM3
SIM4
1
21
22
SIM5
SIM1
SIM2
SIM3
SIM4
1
21
22
SIM5
SIM1
SIM2
SIM3
SIM4
1
21
22
SIM5
SIM1
SIM2
SIM3
SIM4
1
21
22
SIM5
SIM1
SIM2
SIM3
SIM4
1
21
22
SIM5
SIM1
SIM2
SIM3
SIM4
1
21
22
SIM5
SIM1
SIM2
SIM3
SIM4
1
21
22
SIM5
SIM1
SIM2
SIM3
SIM4
1
21
22
SIM5
SIM1
SIM2
SIM3
SIM4
1
21
22
SIM5
SIM1
SIM2
SIM3
SIM4
1
21
22
SIM5
SIM1
SIM2
SIM3
SIM4
1
21
22
SIM5
SIM1
SIM2
SIM3
SIM4
1
21
22
SIM5
SIM1
SIM2
SIM3
SIM4
1
21
22
SIM5
SIM1
SIM2
SIM3
SIM4
1
21
22
SIM5
SIM1
SIM2
SIM3
SIM4
1
21
22
SIM5
SIM1
SIM2
SIM3
SIM4
1
21
22
SIM5
SIM1
SIM2
SIM3
SIM4
1
21
22
SIM5
SIM1
SIM2
SIM3
SIM4
1
21
22
SIM5
SIM1
SIM2
SIM3
SIM4
1
21
22
SIM5
SIM1
SIM2
SIM3
SIM4
1
21
22
SIM5
SIM1
SIM2
SIM3
SIM4
1
21
22
SIM5
SIM1
SIM2
SIM3
SIM4
1
21
22
SIM5
SIM1
SIM2
SIM3
SIM4
1
21
22
SIM5
SIM1
SIM2
SIM3
SIM4
1
21
22
SIM5
SIM1
SIM2
SIM3
SIM4
1
21
22
SIM5
SIM1
SIM2
SIM3
SIM4
1
21
22
SIM5
SIM1
SIM2
SIM3
SIM4
1
21
22
SIM5
SIM1
SIM2
SIM3
SIM4
1
21
22
SIM5
SIM1
SIM2
SIM3
SIM4
1
21
22
SIM5
SIM1
SIM2
SIM3
SIM4
1
21
22
SIM5
SIM1
SIM2
SIM3
SIM4
1
21
22
SIM5
SIM1
SIM2
SIM3
SIM4
1
21
22
SIM5
SIM1
SIM2
SIM3
SIM4
1
21
22
SIM5
SIM1
SIM2
SIM3
SIM4
1
21
22
SIM5
SIM1
SIM2
SIM3
SIM4
1
21
22
SIM5
SIM1
SIM2
SIM3
SIM4
1
21
22
SIM5
SIM1
SIM2
SIM3
SIM4
1
21
22
SIM5
SIM1
SIM2
SIM3
SIM4
1
21
22
SIM5
SIM1
SIM2
SIM3
SIM4
1
21
22
SIM5
SIM1
SIM2
SIM3
SIM4
1
21
22
SIM5
SIM1
SIM2
SIM3
SIM4
1
21
22
SIM5
SIM1
SIM2
SIM3
SIM4
1
21
22
SIM5
SIM1
SIM2
SIM3
SIM4
1
21
22
SIM5
SIM1
SIM2
SIM3
SIM4
1
21
22
SIM5
SIM1
SIM2
SIM3
SIM4
1
21
22
SIM5
SIM1
SIM2
SIM3
SIM4
1
21
22
SIM5
SIM1
SIM2
SIM3
SIM4
1
21
22
SIM5
SIM1
SIM2
SIM3
SIM4
1
21
22
SIM5
SIM1
SIM2
SIM3
SIM4
1
21
22
SIM5
SIM1
SIM2
SIM3
SIM4
1
21
22
SIM5
SIM1
SIM2
SIM3
SIM4
1
21
22
SIM5
SIM1
SIM2
SIM3
SIM4
1
21
22
SIM5
SIM1
SIM2
SIM3
SIM4
1
21
22
SIM5
SIM1
SIM2
SIM3
SIM4
1
21
22
SIM5
SIM1
SIM2
SIM3
SIM4
1
21
22
SIM5
SIM1
SIM2
SIM3
SIM4
1
21
22
SIM5
SIM1
SIM2
SIM3
SIM4
1
21
22
SIM5
SIM1
SIM2
SIM3
SIM4
1
21
22
SIM5
SIM1
SIM2
SIM3
SIM4
1
21
22
SIM5
SIM1
SIM2
SIM3
SIM4
1
21
22
SIM5
SIM1
SIM2
SIM3
SIM4
1
21
22
SIM5
SIM1
SIM2
SIM3
SIM4
1
21
22
SIM5
SIM1
SIM2
SIM3
SIM4
1
21
22
SIM5
SIM1
SIM2
SIM3
SIM4
1
21
22
SIM5
SIM1
SIM2
SIM3
SIM4
1
21
22
SIM5
SIM1
SIM2
SIM3
SIM4
1
21
22
SIM5
SIM1
SIM2
SIM3
SIM4
1
21
22
SIM5
SIM1
SIM2
SIM3
SIM4
1
21
22
SIM5
SIM1
SIM2
SIM3
SIM4
1
21
22
SIM5
SIM1
SIM2
SIM3
SIM4
1
21
22
SIM5
SIM1
SIM2
SIM3
SIM4
1
21
22
SIM5
SIM1
SIM2
SIM3
SIM4
1
21
22
SIM5
SIM1
SIM2
SIM3
SIM4
1
21
22
SIM5
SIM1
SIM2
SIM3
SIM4
1
21
22
SIM5
SIM1
SIM2
SIM3
SIM4
1
21
22
SIM5
SIM1
SIM2
SIM3
SIM4
1
21
22
SIM5
SIM1
SIM2
SIM3
SIM4
1
21
22
SIM5
SIM1
SIM2
SIM3
SIM4
1
21
22
SIM5
SIM1
SIM2
SIM3
SIM4
1
21
22
SIM5
SIM1
SIM2
SIM3
SIM4
1
21
22
SIM5
SIM1
SIM2
DEBUG 1 959
SIM1
SIM2
SIM3
SIM4
1
21
22
SIM5
SIM1
SIM2
SIM3
SIM4
1
21
22
SIM5
SIM1
SIM2
SIM3
SIM4
1
21
22
SIM5
SIM1
SIM2
SIM3
SIM4
1
21
22
SIM5
SIM1
SIM2
SIM3
SIM4
1
21
22
SIM5
SIM1
SIM2
SIM3
SIM4
1
21
22
SIM5
SIM1
SIM2
SIM3
SIM4
1
21
22
SIM5
SIM1
SIM2
SIM3
SIM4
1
21
22
SIM5
SIM1
SIM2
SIM3
SIM4
1
21
22
SIM5
SIM1
SIM2
SIM3
SIM4
1
21
22
SIM5
SIM1
SIM2
SIM3
SIM4
1
21
22
SIM5
SIM1
SIM2
SIM3
SIM4
1
21
22
SIM5
SIM1
SIM2
SIM3
SIM4
1
21
22
SIM5
SIM1
SIM2
SIM3
SIM4
1
21
22
SIM5
SIM1
SIM2
SIM3
SIM4
1
21
22
SIM5
SIM1
SIM2
SIM3
SIM4
1
21
22
SIM5
SIM1
SIM2
SIM3
SIM4
1
21
22
SIM5
SIM1
SIM2
SIM3
SIM4
1
21
22
SIM5
SIM1
SIM2
SIM3
SIM4
1
21
22
SIM5
SIM1
SIM2
SIM3
SIM4
1
21
22
SIM5
SIM1
SIM2
SIM3
SIM4
1
21
22
SIM5
SIM1
SIM2
SIM3
SIM4
1
21
22
SIM5
SIM1
SIM2
SIM3
SIM4
1
21
22
SIM5
SIM1
SIM2
SIM3
SIM4
1
21
22
SIM5
SIM1
SIM2
SIM3
SIM4
1
21
22
SIM5
SIM1
SIM2
SIM3
SIM4
1
21
22
SIM5
SIM1
SIM2
SIM3
SIM4
1
21
22
SIM5
SIM1
SIM2
SIM3
SIM4
1
21
22
SIM5
SIM1
SIM2
SIM3
SIM4
1
21
22
SIM5
SIM1
SIM2
SIM3
SIM4
1
21
22
SIM5
SIM1
SIM2
SIM3
SIM4
1
21
22
SIM5
SIM1
SIM2
SIM3
SIM4
1
21
22
SIM5
SIM1
SIM2
SIM3
SIM4
1
21
22
SIM5
SIM1
SIM2
SIM3
SIM4
1
21
22
SIM5
SIM1
SIM2
SIM3
SIM4
1
21
22
SIM5
SIM1
SIM2
SIM3
SIM4
1
21
22
SIM5
SIM1
SIM2
SIM3
SIM4
1
21
22
SIM5
SIM1
SIM2
SIM3
SIM4
1
21
22
SIM5
SIM1
SIM2
SIM3
SIM4
1
21
22
SIM5
SIM1
SIM2
SIM3
SIM4
1
21
22
SIM5
SIM1
SIM2
SIM3
SIM4
1
21
22
SIM5
SIM1
SIM2
SIM3
SIM4
1
21
22
SIM5
SIM1
SIM2
SIM3
SIM4
1
21
22
SIM5
SIM1
SIM2
SIM3
SIM4
1
21
22
SIM5
SIM1
SIM2
SIM3
SIM4
1
21
22
SIM5
SIM1
SIM2
SIM3
SIM4
1
21
22
SIM5
SIM1
SIM2
SIM3
SIM4
1
21
22
SIM5
SIM1
SIM2
SIM3
SIM4
1
21
22
SIM5
SIM1
SIM2
SIM3
SIM4
1
21
22
SIM5
SIM1
SIM2
SIM3
SIM4
1
21
22
SIM5
SIM1
SIM2
SIM3
SIM4
1
21
22
SIM5
SIM1
SIM2
SIM3
SIM4
1
21
22
SIM5
SIM1
SIM2
SIM3
SIM4
1
21
22
SIM5
SIM1
SIM2
SIM3
SIM4
1
21
22
SIM5
SIM1
SIM2
SIM3
SIM4
1
21
22
SIM5
SIM1
SIM2
SIM3
SIM4
1
21
22
SIM5
SIM1
SIM2
SIM3
SIM4
1
21
22
SIM5
SIM1
SIM2
SIM3
SIM4
1
21
22
SIM5
SIM1
SIM2
SIM3
SIM4
1
21
22
SIM5
SIM1
SIM2
SIM3
SIM4
1
21
22
SIM5
SIM1
SIM2
SIM3
SIM4
1
21
22
SIM5
SIM1
SIM2
SIM3
SIM4
1
21
22
SIM5
SIM1
SIM2
SIM3
SIM4
1
21
22
SIM5
SIM1
SIM2
SIM3
SIM4
1
21
22
SIM5
SIM1
SIM2
SIM3
SIM4
1
21
22
SIM5
SIM1
SIM2
SIM3
SIM4
1
21
22
SIM5
SIM1
SIM2
SIM3
SIM4
1
21
22
SIM5
SIM1
SIM2
SIM3
SIM4
1
21
22
SIM5
SIM1
SIM2
SIM3
SIM4
1
21
22
SIM5
SIM1
SIM2
SIM3
SIM4
1
21
22
SIM5
SIM1
SIM2
SIM3
SIM4
1
21
22
SIM5
SIM1
SIM2
SIM3
SIM4
1
21
22
SIM5
SIM1
SIM2
SIM3
SIM4
1
21
22
SIM5
SIM1
SIM2
SIM3
SIM4
1
21
22
SIM5
SIM1
SIM2
SIM3
SIM4
1
21
22
SIM5
SIM1
SIM2
SIM3
SIM4
1
21
22
SIM5
SIM1
SIM2
SIM3
SIM4
1
21
22
SIM5
SIM1
SIM2
SIM3
SIM4
1
21
22
SIM5
SIM1
SIM2
SIM3
SIM4
1
21
22
SIM5
SIM1
SIM2
SIM3
SIM4
1
21
22
SIM5
SIM1
SIM2
SIM3
SIM4
1
21
22
SIM5
SIM1
SIM2
SIM3
SIM4
1
21
22
SIM5
SIM1
SIM2
SIM3
SIM4
1
21
22
SIM5
SIM1
SIM2
SIM3
SIM4
1
21
22
SIM5
SIM1
SIM2
SIM3
SIM4
1
21
22
SIM5
SIM1
SIM2
SIM3
SIM4
1
21
22
SIM5
SIM1
SIM2
SIM3
SIM4
1
21
22
SIM5
SIM1
SIM2
SIM3
SIM4
1
21
22
SIM5
SIM1
SIM2
SIM3
SIM4
1
21
22
SIM5
SIM1
SIM2
SIM3
SIM4
1
21
22
SIM5
SIM1
SIM2
SIM3
SIM4
1
21
22
SIM5
SIM1
SIM2
SIM3
SIM4
1
21
22
SIM5
SIM1
SIM2
SIM3
SIM4
1
21
22
SIM5
SIM1
SIM2
SIM3
SIM4
1
21
22
SIM5
SIM1
SIM2
SIM3
SIM4
1
21
22
SIM5
SIM1
SIM2
SIM3
SIM4
1
21
22
SIM5
SIM1
SIM2
SIM3
SIM4
1
21
22
SIM5
SIM1
SIM2
SIM3
SIM4
1
21
22
SIM5
SIM1
SIM2
SIM3
SIM4
1
21
22
SIM5
SIM1
SIM2
SIM3
SIM4
1
21
22
SIM5
SIM1
SIM2
SIM3
SIM4
1
21
22
SIM5
SIM1
SIM2
SIM3
SIM4
1
21
22
SIM5
SIM1
SIM2
SIM3
SIM4
1
21
22
SIM5
SIM1
SIM2
SIM3
SIM4
1
21
22
SIM5
SIM1
SIM2
SIM3
SIM4
1
21
22
SIM5
SIM1
SIM2
SIM3
SIM4
1
21
22
SIM5
SIM1
SIM2
SIM3
SIM4
1
21
22
SIM5
SIM1
SIM2
SIM3
SIM4
1
21
22
SIM5
SIM1
SIM2
SIM3
SIM4
1
21
22
SIM5
SIM1
SIM2
SIM3
SIM4
1
21
22
SIM5
SIM1
SIM2
SIM3
SIM4
1
21
22
SIM5
SIM1
SIM2
SIM3
SIM4
1
21
22
SIM5
SIM1
SIM2
SIM3
SIM4
1
21
22
SIM5
SIM1
SIM2
SIM3
SIM4
1
21
22
SIM5
SIM1
SIM2
SIM3
SIM4
1
21
22
SIM5
SIM1
SIM2
SIM3
SIM4
1
21
22
SIM5
SIM1
SIM2
SIM3
SIM4
1
21
22
SIM5
SIM1
SIM2
SIM3
SIM4
1
21
22
SIM5
SIM1
SIM2
SIM3
SIM4
1
21
22
SIM5
SIM1
SIM2
SIM3
SIM4
1
21
22
SIM5
SIM1
SIM2
SIM3
SIM4
1
21
22
SIM5
SIM1
SIM2
SIM3
SIM4
1
21
22
SIM5
SIM1
SIM2
SIM3
SIM4
1
21
22
SIM5
SIM1
SIM2
SIM3
SIM4
1
21
22
SIM5
SIM1
SIM2
SIM3
SIM4
1
21
22
SIM5
SIM1
SIM2
SIM3
SIM4
1
21
22
SIM5
SIM1
SIM2
SIM3
SIM4
1
21
22
SIM5
SIM1
SIM2
SIM3
SIM4
1
21
22
SIM5
SIM1
SIM2
SIM3
SIM4
1
21
22
SIM5
SIM1
SIM2
SIM3
SIM4
1
21
22
SIM5
SIM1
SIM2
SIM3
SIM4
1
21
22
SIM5
SIM1
SIM2
SIM3
SIM4
1
21
22
SIM5
SIM1
SIM2
SIM3
SIM4
1
21
22
SIM5
SIM1
SIM2
SIM3
SIM4
1
21
22
SIM5
SIM1
SIM2
SIM3
SIM4
1
21
22
SIM5
SIM1
SIM2
SIM3
SIM4
1
21
22
SIM5
SIM1
SIM2
SIM3
SIM4
1
21
22
SIM5
SIM1
SIM2
SIM3
SIM4
1
21
22
SIM5
SIM1
SIM2
SIM3
SIM4
1
21
22
SIM5
SIM1
SIM2
SIM3
SIM4
1
21
22
SIM5
SIM1
SIM2
SIM3
SIM4
1
21
22
SIM5
SIM1
SIM2
SIM3
SIM4
1
21
22
SIM5
SIM1
SIM2
SIM3
SIM4
1
21
22
SIM5
SIM1
SIM2
SIM3
SIM4
1
21
22
SIM5
SIM1
SIM2
SIM3
SIM4
1
21
22
SIM5
SIM1
SIM2
SIM3
SIM4
1
21
22
SIM5
SIM1
SIM2
SIM3
SIM4
1
21
22
SIM5
SIM1
SIM2
SIM3
SIM4
1
21
22
SIM5
SIM1
SIM2
SIM3
SIM4
1
21
22
SIM5
SIM1
SIM2
SIM3
SIM4
1
21
22
SIM5
SIM1
SIM2
SIM3
SIM4
1
21
22
SIM5
SIM1
SIM2
SIM3
SIM4
1
21
22
SIM5
SIM1
SIM2
SIM3
SIM4
1
21
22
SIM5
SIM1
SIM2
SIM3
SIM4
1
21
22
SIM5
SIM1
SIM2
SIM3
SIM4
1
21
22
SIM5
SIM1
SIM2
SIM3
SIM4
1
21
22
SIM5
SIM1
SIM2
SIM3
SIM4
1
21
22
SIM5
SIM1
SIM2
SIM3
SIM4
1
21
22
SIM5
SIM1
SIM2
SIM3
SIM4
1
21
22
SIM5
SIM1
SIM2
SIM3
SIM4
1
21
22
SIM5
SIM1
SIM2
SIM3
SIM4
1
21
22
SIM5
SIM1
SIM2
SIM3
SIM4
1
21
22
SIM5
SIM1
SIM2
SIM3
SIM4
1
21
22
SIM5
SIM1
SIM2
SIM3
SIM4
1
21
22
SIM5
SIM1
SIM2
SIM3
SIM4
1
21
22
SIM5
SIM1
SIM2
SIM3
SIM4
1
21
22
SIM5
SIM1
SIM2
SIM3
SIM4
1
21
22
SIM5
SIM1
SIM2
SIM3
SIM4
1
21
22
SIM5
SIM1
SIM2
SIM3
SIM4
1
21
22
SIM5
SIM1
SIM2
SIM3
SIM4
1
21
22
SIM5
SIM1
SIM2
SIM3
SIM4
1
21
22
SIM5
SIM1
SIM2
SIM3
SIM4
1
21
22
SIM5
SIM1
SIM2
SIM3
SIM4
1
21
22
SIM5
SIM1
SIM2
SIM3
SIM4
1
21
22
SIM5
SIM1
SIM2
SIM3
SIM4
1
21
22
SIM5
SIM1
SIM2
SIM3
SIM4
1
21
22
SIM5
SIM1
SIM2
SIM3
SIM4
1
21
22
SIM5
SIM1
SIM2
SIM3
SIM4
1
21
22
SIM5
SIM1
SIM2
SIM3
SIM4
1
21
22
SIM5
SIM1
SIM2
DEBUG 1 960
SIM1
SIM2
SIM3
SIM4
1
21
22
SIM5
SIM1
SIM2
SIM3
SIM4
1
21
22
SIM5
SIM1
SIM2
SIM3
SIM4
1
21
22
SIM5
SIM1
SIM2
SIM3
SIM4
1
21
22
SIM5
SIM1
SIM2
SIM3
SIM4
1
21
22
SIM5
SIM1
SIM2
SIM3
SIM4
1
21
22
SIM5
SIM1
SIM2
SIM3
SIM4
1
21
22
SIM5
SIM1
SIM2
SIM3
SIM4
1
21
22
SIM5
SIM1
SIM2
SIM3
SIM4
1
21
22
SIM5
SIM1
SIM2
SIM3
SIM4
1
21
22
SIM5
SIM1
SIM2
SIM3
SIM4
1
21
22
SIM5
SIM1
SIM2
SIM3
SIM4
1
21
22
SIM5
SIM1
SIM2
SIM3
SIM4
1
21
22
SIM5
SIM1
SIM2
SIM3
SIM4
1
21
22
SIM5
SIM1
SIM2
SIM3
SIM4
1
21
22
SIM5
SIM1
SIM2
SIM3
SIM4
1
21
22
SIM5
SIM1
SIM2
SIM3
SIM4
1
21
22
SIM5
SIM1
SIM2
SIM3
SIM4
1
21
22
SIM5
SIM1
SIM2
SIM3
SIM4
1
21
22
SIM5
SIM1
SIM2
SIM3
SIM4
1
21
22
SIM5
SIM1
SIM2
SIM3
SIM4
1
21
22
SIM5
SIM1
SIM2
SIM3
SIM4
1
21
22
SIM5
SIM1
SIM2
SIM3
SIM4
1
21
22
SIM5
SIM1
SIM2
SIM3
SIM4
1
21
22
SIM5
SIM1
SIM2
SIM3
SIM4
1
21
22
SIM5
SIM1
SIM2
SIM3
SIM4
1
21
22
SIM5
SIM1
SIM2
SIM3
SIM4
1
21
22
SIM5
SIM1
SIM2
SIM3
SIM4
1
21
22
SIM5
SIM1
SIM2
SIM3
SIM4
1
21
22
SIM5
SIM1
SIM2
SIM3
SIM4
1
21
22
SIM5
SIM1
SIM2
SIM3
SIM4
1
21
22
SIM5
SIM1
SIM2
SIM3
SIM4
1
21
22
SIM5
SIM1
SIM2
SIM3
SIM4
1
21
22
SIM5
SIM1
SIM2
SIM3
SIM4
1
21
22
SIM5
SIM1
SIM2
SIM3
SIM4
1
21
22
SIM5
SIM1
SIM2
SIM3
SIM4
1
21
22
SIM5
SIM1
SIM2
SIM3
SIM4
1
21
22
SIM5
SIM1
SIM2
SIM3
SIM4
1
21
22
SIM5
SIM1
SIM2
SIM3
SIM4
1
21
22
SIM5
SIM1
SIM2
SIM3
SIM4
1
21
22
SIM5
SIM1
SIM2
SIM3
SIM4
1
21
22
SIM5
SIM1
SIM2
SIM3
SIM4
1
21
22
SIM5
SIM1
SIM2
SIM3
SIM4
1
21
22
SIM5
SIM1
SIM2
SIM3
SIM4
1
21
22
SIM5
SIM1
SIM2
SIM3
SIM4
1
21
22
SIM5
SIM1
SIM2
SIM3
SIM4
1
21
22
SIM5
SIM1
SIM2
SIM3
SIM4
1
21
22
SIM5
SIM1
SIM2
SIM3
SIM4
1
21
22
SIM5
SIM1
SIM2
SIM3
SIM4
1
21
22
SIM5
SIM1
SIM2
SIM3
SIM4
1
21
22
SIM5
SIM1
SIM2
SIM3
SIM4
1
21
22
SIM5
SIM1
SIM2
SIM3
SIM4
1
21
22
SIM5
SIM1
SIM2
SIM3
SIM4
1
21
22
SIM5
SIM1
SIM2
SIM3
SIM4
1
21
22
SIM5
SIM1
SIM2
SIM3
SIM4
1
21
22
SIM5
SIM1
SIM2
SIM3
SIM4
1
21
22
SIM5
SIM1
SIM2
SIM3
SIM4
1
21
22
SIM5
SIM1
SIM2
SIM3
SIM4
1
21
22
SIM5
SIM1
SIM2
SIM3
SIM4
1
21
22
SIM5
SIM1
SIM2
SIM3
SIM4
1
21
22
SIM5
SIM1
SIM2
SIM3
SIM4
1
21
22
SIM5
SIM1
SIM2
SIM3
SIM4
1
21
22
SIM5
SIM1
SIM2
SIM3
SIM4
1
21
22
SIM5
SIM1
SIM2
SIM3
SIM4
1
21
22
SIM5
SIM1
SIM2
SIM3
SIM4
1
21
22
SIM5
SIM1
SIM2
SIM3
SIM4
1
21
22
SIM5
SIM1
SIM2
SIM3
SIM4
1
21
22
SIM5
SIM1
SIM2
SIM3
SIM4
1
21
22
SIM5
SIM1
SIM2
SIM3
SIM4
1
21
22
SIM5
SIM1
SIM2
SIM3
SIM4
1
21
22
SIM5
SIM1
SIM2
SIM3
SIM4
1
21
22
SIM5
SIM1
SIM2
SIM3
SIM4
1
21
22
SIM5
SIM1
SIM2
SIM3
SIM4
1
21
22
SIM5
SIM1
SIM2
SIM3
SIM4
1
21
22
SIM5
SIM1
SIM2
SIM3
SIM4
1
21
22
SIM5
SIM1
SIM2
SIM3
SIM4
1
21
22
SIM5
SIM1
SIM2
SIM3
SIM4
1
21
22
SIM5
SIM1
SIM2
SIM3
SIM4
1
21
22
SIM5
SIM1
SIM2
SIM3
SIM4
1
21
22
SIM5
SIM1
SIM2
SIM3
SIM4
1
21
22
SIM5
SIM1
SIM2
SIM3
SIM4
1
21
22
SIM5
SIM1
SIM2
SIM3
SIM4
1
21
22
SIM5
SIM1
SIM2
SIM3
SIM4
1
21
22
SIM5
SIM1
SIM2
SIM3
SIM4
1
21
22
SIM5
SIM1
SIM2
SIM3
SIM4
1
21
22
SIM5
SIM1
SIM2
SIM3
SIM4
1
21
22
SIM5
SIM1
SIM2
SIM3
SIM4
1
21
22
SIM5
SIM1
SIM2
SIM3
SIM4
1
21
22
SIM5
SIM1
SIM2
SIM3
SIM4
1
21
22
SIM5
SIM1
SIM2
SIM3
SIM4
1
21
22
SIM5
SIM1
SIM2
SIM3
SIM4
1
21
22
SIM5
SIM1
SIM2
SIM3
SIM4
1
21
22
SIM5
SIM1
SIM2
SIM3
SIM4
1
21
22
SIM5
SIM1
SIM2
SIM3
SIM4
1
21
22
SIM5
SIM1
SIM2
SIM3
SIM4
1
21
22
SIM5
SIM1
SIM2
SIM3
SIM4
1
21
22
SIM5
SIM1
SIM2
SIM3
SIM4
1
21
22
SIM5
SIM1
SIM2
SIM3
SIM4
1
21
22
SIM5
SIM1
SIM2
SIM3
SIM4
1
21
22
SIM5
SIM1
SIM2
SIM3
SIM4
1
21
22
SIM5
SIM1
SIM2
SIM3
SIM4
1
21
22
SIM5
SIM1
SIM2
SIM3
SIM4
1
21
22
SIM5
SIM1
SIM2
SIM3
SIM4
1
21
22
SIM5
SIM1
SIM2
SIM3
SIM4
1
21
22
SIM5
SIM1
SIM2
SIM3
SIM4
1
21
22
SIM5
SIM1
SIM2
SIM3
SIM4
1
21
22
SIM5
SIM1
SIM2
SIM3
SIM4
1
21
22
SIM5
SIM1
SIM2
SIM3
SIM4
1
21
22
SIM5
SIM1
SIM2
SIM3
SIM4
1
21
22
SIM5
SIM1
SIM2
SIM3
SIM4
1
21
22
SIM5
SIM1
SIM2
SIM3
SIM4
1
21
22
SIM5
SIM1
SIM2
SIM3
SIM4
1
21
22
SIM5
SIM1
SIM2
SIM3
SIM4
1
21
22
SIM5
SIM1
SIM2
SIM3
SIM4
1
21
22
SIM5
SIM1
SIM2
SIM3
SIM4
1
21
22
SIM5
SIM1
SIM2
SIM3
SIM4
1
21
22
SIM5
SIM1
SIM2
SIM3
SIM4
1
21
22
SIM5
SIM1
SIM2
SIM3
SIM4
1
21
22
SIM5
SIM1
SIM2
SIM3
SIM4
1
21
22
SIM5
SIM1
SIM2
SIM3
SIM4
1
21
22
SIM5
SIM1
SIM2
SIM3
SIM4
1
21
22
SIM5
SIM1
SIM2
SIM3
SIM4
1
21
22
SIM5
SIM1
SIM2
SIM3
SIM4
1
21
22
SIM5
SIM1
SIM2
SIM3
SIM4
1
21
22
SIM5
SIM1
SIM2
SIM3
SIM4
1
21
22
SIM5
SIM1
SIM2
SIM3
SIM4
1
21
22
SIM5
SIM1
SIM2
SIM3
SIM4
1
21
22
SIM5
SIM1
SIM2
SIM3
SIM4
1
21
22
SIM5
SIM1
SIM2
SIM3
SIM4
1
21
22
SIM5
SIM1
SIM2
SIM3
SIM4
1
21
22
SIM5
SIM1
SIM2
SIM3
SIM4
1
21
22
SIM5
SIM1
SIM2
SIM3
SIM4
1
21
22
SIM5
SIM1
SIM2
SIM3
SIM4
1
21
22
SIM5
SIM1
SIM2
SIM3
SIM4
1
21
22
SIM5
SIM1
SIM2
SIM3
SIM4
1
21
22
SIM5
SIM1
SIM2
SIM3
SIM4
1
21
22
SIM5
SIM1
SIM2
SIM3
SIM4
1
21
22
SIM5
SIM1
SIM2
SIM3
SIM4
1
21
22
SIM5
SIM1
SIM2
SIM3
SIM4
1
21
22
SIM5
SIM1
SIM2
SIM3
SIM4
1
21
22
SIM5
SIM1
SIM2
SIM3
SIM4
1
21
22
SIM5
SIM1
SIM2
SIM3
SIM4
1
21
22
SIM5
SIM1
SIM2
SIM3
SIM4
1
21
22
SIM5
SIM1
SIM2
SIM3
SIM4
1
21
22
SIM5
SIM1
SIM2
SIM3
SIM4
1
21
22
SIM5
SIM1
SIM2
SIM3
SIM4
1
21
22
SIM5
SIM1
SIM2
SIM3
SIM4
1
21
22
SIM5
SIM1
SIM2
SIM3
SIM4
1
21
22
SIM5
SIM1
SIM2
SIM3
SIM4
1
21
22
SIM5
SIM1
SIM2
SIM3
SIM4
1
21
22
SIM5
SIM1
SIM2
SIM3
SIM4
1
21
22
SIM5
SIM1
SIM2
SIM3
SIM4
1
21
22
SIM5
SIM1
SIM2
SIM3
SIM4
1
21
22
SIM5
SIM1
SIM2
SIM3
SIM4
1
21
22
SIM5
SIM1
SIM2
SIM3
SIM4
1
21
22
SIM5
SIM1
SIM2
SIM3
SIM4
1
21
22
SIM5
SIM1
SIM2
SIM3
SIM4
1
21
22
SIM5
SIM1
SIM2
SIM3
SIM4
1
21
22
SIM5
SIM1
SIM2
SIM3
SIM4
1
21
22
SIM5
SIM1
SIM2
SIM3
SIM4
1
21
22
SIM5
SIM1
SIM2
SIM3
SIM4
1
21
22
SIM5
SIM1
SIM2
SIM3
SIM4
1
21
22
SIM5
SIM1
SIM2
SIM3
SIM4
1
21
22
SIM5
SIM1
SIM2
SIM3
SIM4
1
21
22
SIM5
SIM1
SIM2
SIM3
SIM4
1
21
22
SIM5
SIM1
SIM2
SIM3
SIM4
1
21
22
SIM5
SIM1
SIM2
SIM3
SIM4
1
21
22
SIM5
SIM1
SIM2
SIM3
SIM4
1
21
22
SIM5
SIM1
SIM2
SIM3
SIM4
1
21
22
SIM5
SIM1
SIM2
SIM3
SIM4
1
21
22
SIM5
SIM1
SIM2
SIM3
SIM4
1
21
22
SIM5
SIM1
SIM2
SIM3
SIM4
1
21
22
SIM5
SIM1
SIM2
SIM3
SIM4
1
21
22
SIM5
SIM1
SIM2
SIM3
SIM4
1
21
22
SIM5
SIM1
SIM2
SIM3
SIM4
1
21
22
SIM5
SIM1
SIM2
SIM3
SIM4
1
21
22
SIM5
SIM1
SIM2
SIM3
SIM4
1
21
22
SIM5
SIM1
SIM2
SIM3
SIM4
1
21
22
SIM5
SIM1
SIM2
SIM3
SIM4
1
21
22
SIM5
SIM1
SIM2
SIM3
SIM4
1
21
22
SIM5
SIM1
SIM2
SIM3
SIM4
1
21
22
SIM5
SIM1
SIM2
SIM3
SIM4
1
21
22
SIM5
SIM1
SIM2
SIM3
SIM4
1
21
22
SIM5
SIM1
SIM2
SIM3
SIM4
1
21
22
SIM5
SIM1
SIM2
SIM3
SIM4
1
21
22
SIM5
SIM1
SIM2
SIM3
SIM4
1
21
22
SIM5
SIM1
SIM2
SIM3
SIM4
1
21
22
SIM5
SIM1
SIM2
SIM3
SIM4
1
21
22
SIM5
SIM1
SIM2
SIM3
SIM4
1
21
22
SIM5
SIM1
SIM2
DEBUG 1 961
SIM1
SIM2
SIM3
SIM4
1
21
22
SIM5
SIM1
SIM2
SIM3
SIM4
1
21
22
SIM5
SIM1
SIM2
SIM3
SIM4
1
21
22
SIM5
SIM1
SIM2
SIM3
SIM4
1
21
22
SIM5
SIM1
SIM2
SIM3
SIM4
1
21
22
SIM5
SIM1
SIM2
SIM3
SIM4
1
21
22
SIM5
SIM1
SIM2
SIM3
SIM4
1
21
22
SIM5
SIM1
SIM2
SIM3
SIM4
1
21
22
SIM5
SIM1
SIM2
SIM3
SIM4
1
21
22
SIM5
SIM1
SIM2
SIM3
SIM4
1
21
22
SIM5
SIM1
SIM2
SIM3
SIM4
1
21
22
SIM5
SIM1
SIM2
SIM3
SIM4
1
21
22
SIM5
SIM1
SIM2
SIM3
SIM4
1
21
22
SIM5
SIM1
SIM2
SIM3
SIM4
1
21
22
SIM5
SIM1
SIM2
SIM3
SIM4
1
21
22
SIM5
SIM1
SIM2
SIM3
SIM4
1
21
22
SIM5
SIM1
SIM2
SIM3
SIM4
1
21
22
SIM5
SIM1
SIM2
SIM3
SIM4
1
21
22
SIM5
SIM1
SIM2
SIM3
SIM4
1
21
22
SIM5
SIM1
SIM2
SIM3
SIM4
1
21
22
SIM5
SIM1
SIM2
SIM3
SIM4
1
21
22
SIM5
SIM1
SIM2
SIM3
SIM4
1
21
22
SIM5
SIM1
SIM2
SIM3
SIM4
1
21
22
SIM5
SIM1
SIM2
SIM3
SIM4
1
21
22
SIM5
SIM1
SIM2
SIM3
SIM4
1
21
22
SIM5
SIM1
SIM2
SIM3
SIM4
1
21
22
SIM5
SIM1
SIM2
SIM3
SIM4
1
21
22
SIM5
SIM1
SIM2
SIM3
SIM4
1
21
22
SIM5
SIM1
SIM2
SIM3
SIM4
1
21
22
SIM5
SIM1
SIM2
SIM3
SIM4
1
21
22
SIM5
SIM1
SIM2
SIM3
SIM4
1
21
22
SIM5
SIM1
SIM2
SIM3
SIM4
1
21
22
SIM5
SIM1
SIM2
SIM3
SIM4
1
21
22
SIM5
SIM1
SIM2
SIM3
SIM4
1
21
22
SIM5
SIM1
SIM2
SIM3
SIM4
1
21
22
SIM5
SIM1
SIM2
SIM3
SIM4
1
21
22
SIM5
SIM1
SIM2
SIM3
SIM4
1
21
22
SIM5
SIM1
SIM2
SIM3
SIM4
1
21
22
SIM5
SIM1
SIM2
SIM3
SIM4
1
21
22
SIM5
SIM1
SIM2
SIM3
SIM4
1
21
22
SIM5
SIM1
SIM2
SIM3
SIM4
1
21
22
SIM5
SIM1
SIM2
SIM3
SIM4
1
21
22
SIM5
SIM1
SIM2
SIM3
SIM4
1
21
22
SIM5
SIM1
SIM2
SIM3
SIM4
1
21
22
SIM5
SIM1
SIM2
SIM3
SIM4
1
21
22
SIM5
SIM1
SIM2
SIM3
SIM4
1
21
22
SIM5
SIM1
SIM2
SIM3
SIM4
1
21
22
SIM5
SIM1
SIM2
SIM3
SIM4
1
21
22
SIM5
SIM1
SIM2
SIM3
SIM4
1
21
22
SIM5
SIM1
SIM2
SIM3
SIM4
1
21
22
SIM5
SIM1
SIM2
SIM3
SIM4
1
21
22
SIM5
SIM1
SIM2
SIM3
SIM4
1
21
22
SIM5
SIM1
SIM2
SIM3
SIM4
1
21
22
SIM5
SIM1
SIM2
SIM3
SIM4
1
21
22
SIM5
SIM1
SIM2
SIM3
SIM4
1
21
22
SIM5
SIM1
SIM2
SIM3
SIM4
1
21
22
SIM5
SIM1
SIM2
SIM3
SIM4
1
21
22
SIM5
SIM1
SIM2
SIM3
SIM4
1
21
22
SIM5
SIM1
SIM2
SIM3
SIM4
1
21
22
SIM5
SIM1
SIM2
SIM3
SIM4
1
21
22
SIM5
SIM1
SIM2
SIM3
SIM4
1
21
22
SIM5
SIM1
SIM2
SIM3
SIM4
1
21
22
SIM5
SIM1
SIM2
SIM3
SIM4
1
21
22
SIM5
SIM1
SIM2
SIM3
SIM4
1
21
22
SIM5
SIM1
SIM2
SIM3
SIM4
1
21
22
SIM5
SIM1
SIM2
SIM3
SIM4
1
21
22
SIM5
SIM1
SIM2
SIM3
SIM4
1
21
22
SIM5
SIM1
SIM2
SIM3
SIM4
1
21
22
SIM5
SIM1
SIM2
SIM3
SIM4
1
21
22
SIM5
SIM1
SIM2
SIM3
SIM4
1
21
22
SIM5
SIM1
SIM2
SIM3
SIM4
1
21
22
SIM5
SIM1
SIM2
SIM3
SIM4
1
21
22
SIM5
SIM1
SIM2
SIM3
SIM4
1
21
22
SIM5
SIM1
SIM2
SIM3
SIM4
1
21
22
SIM5
SIM1
SIM2
SIM3
SIM4
1
21
22
SIM5
SIM1
SIM2
SIM3
SIM4
1
21
22
SIM5
SIM1
SIM2
SIM3
SIM4
1
21
22
SIM5
SIM1
SIM2
SIM3
SIM4
1
21
22
SIM5
SIM1
SIM2
SIM3
SIM4
1
21
22
SIM5
SIM1
SIM2
SIM3
SIM4
1
21
22
SIM5
SIM1
SIM2
SIM3
SIM4
1
21
22
SIM5
SIM1
SIM2
SIM3
SIM4
1
21
22
SIM5
SIM1
SIM2
SIM3
SIM4
1
21
22
SIM5
SIM1
SIM2
SIM3
SIM4
1
21
22
SIM5
SIM1
SIM2
SIM3
SIM4
1
21
22
SIM5
SIM1
SIM2
SIM3
SIM4
1
21
22
SIM5
SIM1
SIM2
SIM3
SIM4
1
21
22
SIM5
SIM1
SIM2
SIM3
SIM4
1
21
22
SIM5
SIM1
SIM2
SIM3
SIM4
1
21
22
SIM5
SIM1
SIM2
SIM3
SIM4
1
21
22
SIM5
SIM1
SIM2
SIM3
SIM4
1
21
22
SIM5
SIM1
SIM2
SIM3
SIM4
1
21
22
SIM5
SIM1
SIM2
SIM3
SIM4
1
21
22
SIM5
SIM1
SIM2
SIM3
SIM4
1
21
22
SIM5
SIM1
SIM2
SIM3
SIM4
1
21
22
SIM5
SIM1
SIM2
SIM3
SIM4
1
21
22
SIM5
SIM1
SIM2
SIM3
SIM4
1
21
22
SIM5
SIM1
SIM2
SIM3
SIM4
1
21
22
SIM5
SIM1
SIM2
SIM3
SIM4
1
21
22
SIM5
SIM1
SIM2
SIM3
SIM4
1
21
22
SIM5
SIM1
SIM2
SIM3
SIM4
1
21
22
SIM5
SIM1
SIM2
SIM3
SIM4
1
21
22
SIM5
SIM1
SIM2
SIM3
SIM4
1
21
22
SIM5
SIM1
SIM2
SIM3
SIM4
1
21
22
SIM5
SIM1
SIM2
SIM3
SIM4
1
21
22
SIM5
SIM1
SIM2
SIM3
SIM4
1
21
22
SIM5
SIM1
SIM2
SIM3
SIM4
1
21
22
SIM5
SIM1
SIM2
SIM3
SIM4
1
21
22
SIM5
SIM1
SIM2
SIM3
SIM4
1
21
22
SIM5
SIM1
SIM2
SIM3
SIM4
1
21
22
SIM5
SIM1
SIM2
SIM3
SIM4
1
21
22
SIM5
SIM1
SIM2
SIM3
SIM4
1
21
22
SIM5
SIM1
SIM2
SIM3
SIM4
1
21
22
SIM5
SIM1
SIM2
SIM3
SIM4
1
21
22
SIM5
SIM1
SIM2
SIM3
SIM4
1
21
22
SIM5
SIM1
SIM2
SIM3
SIM4
1
21
22
SIM5
SIM1
SIM2
SIM3
SIM4
1
21
22
SIM5
SIM1
SIM2
SIM3
SIM4
1
21
22
SIM5
SIM1
SIM2
SIM3
SIM4
1
21
22
SIM5
SIM1
SIM2
SIM3
SIM4
1
21
22
SIM5
SIM1
SIM2
SIM3
SIM4
1
21
22
SIM5
SIM1
SIM2
SIM3
SIM4
1
21
22
SIM5
SIM1
SIM2
SIM3
SIM4
1
21
22
SIM5
SIM1
SIM2
SIM3
SIM4
1
21
22
SIM5
SIM1
SIM2
SIM3
SIM4
1
21
22
SIM5
SIM1
SIM2
SIM3
SIM4
1
21
22
SIM5
SIM1
SIM2
SIM3
SIM4
1
21
22
SIM5
SIM1
SIM2
SIM3
SIM4
1
21
22
SIM5
SIM1
SIM2
SIM3
SIM4
1
21
22
SIM5
SIM1
SIM2
SIM3
SIM4
1
21
22
SIM5
SIM1
SIM2
SIM3
SIM4
1
21
22
SIM5
SIM1
SIM2
SIM3
SIM4
1
21
22
SIM5
SIM1
SIM2
SIM3
SIM4
1
21
22
SIM5
SIM1
SIM2
SIM3
SIM4
1
21
22
SIM5
SIM1
SIM2
SIM3
SIM4
1
21
22
SIM5
SIM1
SIM2
SIM3
SIM4
1
21
22
SIM5
SIM1
SIM2
SIM3
SIM4
1
21
22
SIM5
SIM1
SIM2
SIM3
SIM4
1
21
22
SIM5
SIM1
SIM2
SIM3
SIM4
1
21
22
SIM5
SIM1
SIM2
SIM3
SIM4
1
21
22
SIM5
SIM1
SIM2
SIM3
SIM4
1
21
22
SIM5
SIM1
SIM2
SIM3
SIM4
1
21
22
SIM5
SIM1
SIM2
SIM3
SIM4
1
21
22
SIM5
SIM1
SIM2
SIM3
SIM4
1
21
22
SIM5
SIM1
SIM2
SIM3
SIM4
1
21
22
SIM5
SIM1
SIM2
SIM3
SIM4
1
21
22
SIM5
SIM1
SIM2
SIM3
SIM4
1
21
22
SIM5
SIM1
SIM2
SIM3
SIM4
1
21
22
SIM5
SIM1
SIM2
SIM3
SIM4
1
21
22
SIM5
SIM1
SIM2
SIM3
SIM4
1
21
22
SIM5
SIM1
SIM2
SIM3
SIM4
1
21
22
SIM5
SIM1
SIM2
SIM3
SIM4
1
21
22
SIM5
SIM1
SIM2
SIM3
SIM4
1
21
22
SIM5
SIM1
SIM2
DEBUG 1 962
SIM1
SIM2
SIM3
SIM4
1
21
22
SIM5
SIM1
SIM2
SIM3
SIM4
1
21
22
SIM5
SIM1
SIM2
SIM3
SIM4
1
21
22
SIM5
SIM1
SIM2
SIM3
SIM4
1
21
22
SIM5
SIM1
SIM2
SIM3
SIM4
1
21
22
SIM5
SIM1
SIM2
SIM3
SIM4
1
21
22
SIM5
SIM1
SIM2
SIM3
SIM4
1
21
22
SIM5
SIM1
SIM2
SIM3
SIM4
1
21
22
SIM5
SIM1
SIM2
SIM3
SIM4
1
21
22
SIM5
SIM1
SIM2
SIM3
SIM4
1
21
22
SIM5
SIM1
SIM2
SIM3
SIM4
1
21
22
SIM5
SIM1
SIM2
SIM3
SIM4
1
21
22
SIM5
SIM1
SIM2
SIM3
SIM4
1
21
22
SIM5
SIM1
SIM2
SIM3
SIM4
1
21
22
SIM5
SIM1
SIM2
SIM3
SIM4
1
21
22
SIM5
SIM1
SIM2
SIM3
SIM4
1
21
22
SIM5
SIM1
SIM2
SIM3
SIM4
1
21
22
SIM5
SIM1
SIM2
SIM3
SIM4
1
21
22
SIM5
SIM1
SIM2
SIM3
SIM4
1
21
22
SIM5
SIM1
SIM2
SIM3
SIM4
1
21
22
SIM5
SIM1
SIM2
SIM3
SIM4
1
21
22
SIM5
SIM1
SIM2
SIM3
SIM4
1
21
22
SIM5
SIM1
SIM2
SIM3
SIM4
1
21
22
SIM5
SIM1
SIM2
SIM3
SIM4
1
21
22
SIM5
SIM1
SIM2
SIM3
SIM4
1
21
22
SIM5
SIM1
SIM2
SIM3
SIM4
1
21
22
SIM5
SIM1
SIM2
SIM3
SIM4
1
21
22
SIM5
SIM1
SIM2
SIM3
SIM4
1
21
22
SIM5
SIM1
SIM2
SIM3
SIM4
1
21
22
SIM5
SIM1
SIM2
SIM3
SIM4
1
21
22
SIM5
SIM1
SIM2
SIM3
SIM4
1
21
22
SIM5
SIM1
SIM2
SIM3
SIM4
1
21
22
SIM5
SIM1
SIM2
SIM3
SIM4
1
21
22
SIM5
SIM1
SIM2
SIM3
SIM4
1
21
22
SIM5
SIM1
SIM2
SIM3
SIM4
1
21
22
SIM5
SIM1
SIM2
SIM3
SIM4
1
21
22
SIM5
SIM1
SIM2
SIM3
SIM4
1
21
22
SIM5
SIM1
SIM2
SIM3
SIM4
1
21
22
SIM5
SIM1
SIM2
SIM3
SIM4
1
21
22
SIM5
SIM1
SIM2
SIM3
SIM4
1
21
22
SIM5
SIM1
SIM2
SIM3
SIM4
1
21
22
SIM5
SIM1
SIM2
SIM3
SIM4
1
21
22
SIM5
SIM1
SIM2
SIM3
SIM4
1
21
22
SIM5
SIM1
SIM2
SIM3
SIM4
1
21
22
SIM5
SIM1
SIM2
SIM3
SIM4
1
21
22
SIM5
SIM1
SIM2
SIM3
SIM4
1
21
22
SIM5
SIM1
SIM2
SIM3
SIM4
1
21
22
SIM5
SIM1
SIM2
SIM3
SIM4
1
21
22
SIM5
SIM1
SIM2
SIM3
SIM4
1
21
22
SIM5
SIM1
SIM2
SIM3
SIM4
1
21
22
SIM5
SIM1
SIM2
SIM3
SIM4
1
21
22
SIM5
SIM1
SIM2
SIM3
SIM4
1
21
22
SIM5
SIM1
SIM2
SIM3
SIM4
1
21
22
SIM5
SIM1
SIM2
SIM3
SIM4
1
21
22
SIM5
SIM1
SIM2
SIM3
SIM4
1
21
22
SIM5
SIM1
SIM2
SIM3
SIM4
1
21
22
SIM5
SIM1
SIM2
SIM3
SIM4
1
21
22
SIM5
SIM1
SIM2
SIM3
SIM4
1
21
22
SIM5
SIM1
SIM2
SIM3
SIM4
1
21
22
SIM5
SIM1
SIM2
SIM3
SIM4
1
21
22
SIM5
SIM1
SIM2
SIM3
SIM4
1
21
22
SIM5
SIM1
SIM2
SIM3
SIM4
1
21
22
SIM5
SIM1
SIM2
SIM3
SIM4
1
21
22
SIM5
SIM1
SIM2
SIM3
SIM4
1
21
22
SIM5
SIM1
SIM2
SIM3
SIM4
1
21
22
SIM5
SIM1
SIM2
SIM3
SIM4
1
21
22
SIM5
SIM1
SIM2
SIM3
SIM4
1
21
22
SIM5
SIM1
SIM2
SIM3
SIM4
1
21
22
SIM5
SIM1
SIM2
SIM3
SIM4
1
21
22
SIM5
SIM1
SIM2
SIM3
SIM4
1
21
22
SIM5
SIM1
SIM2
SIM3
SIM4
1
21
22
SIM5
SIM1
SIM2
SIM3
SIM4
1
21
22
SIM5
SIM1
SIM2
SIM3
SIM4
1
21
22
SIM5
SIM1
SIM2
SIM3
SIM4
1
21
22
SIM5
SIM1
SIM2
SIM3
SIM4
1
21
22
SIM5
SIM1
SIM2
SIM3
SIM4
1
21
22
SIM5
SIM1
SIM2
SIM3
SIM4
1
21
22
SIM5
SIM1
SIM2
SIM3
SIM4
1
21
22
SIM5
SIM1
SIM2
SIM3
SIM4
1
21
22
SIM5
SIM1
SIM2
SIM3
SIM4
1
21
22
SIM5
SIM1
SIM2
SIM3
SIM4
1
21
22
SIM5
SIM1
SIM2
SIM3
SIM4
1
21
22
SIM5
SIM1
SIM2
SIM3
SIM4
1
21
22
SIM5
SIM1
SIM2
SIM3
SIM4
1
21
22
SIM5
SIM1
SIM2
SIM3
SIM4
1
21
22
SIM5
SIM1
SIM2
SIM3
SIM4
1
21
22
SIM5
SIM1
SIM2
SIM3
SIM4
1
21
22
SIM5
SIM1
SIM2
SIM3
SIM4
1
21
22
SIM5
SIM1
SIM2
SIM3
SIM4
1
21
22
SIM5
SIM1
SIM2
SIM3
SIM4
1
21
22
SIM5
SIM1
SIM2
SIM3
SIM4
1
21
22
SIM5
SIM1
SIM2
SIM3
SIM4
1
21
22
SIM5
SIM1
SIM2
SIM3
SIM4
1
21
22
SIM5
SIM1
SIM2
SIM3
SIM4
1
21
22
SIM5
SIM1
SIM2
SIM3
SIM4
1
21
22
SIM5
SIM1
SIM2
SIM3
SIM4
1
21
22
SIM5
SIM1
SIM2
SIM3
SIM4
1
21
22
SIM5
SIM1
SIM2
SIM3
SIM4
1
21
22
SIM5
SIM1
SIM2
SIM3
SIM4
1
21
22
SIM5
SIM1
SIM2
SIM3
SIM4
1
21
22
SIM5
SIM1
SIM2
SIM3
SIM4
1
21
22
SIM5
SIM1
SIM2
SIM3
SIM4
1
21
22
SIM5
SIM1
SIM2
SIM3
SIM4
1
21
22
SIM5
SIM1
SIM2
SIM3
SIM4
1
21
22
SIM5
SIM1
SIM2
SIM3
SIM4
1
21
22
SIM5
SIM1
SIM2
SIM3
SIM4
1
21
22
SIM5
SIM1
SIM2
SIM3
SIM4
1
21
22
SIM5
SIM1
SIM2
SIM3
SIM4
1
21
22
SIM5
SIM1
SIM2
DEBUG 1 963
SIM1
SIM2
SIM3
SIM4
1
21
22
SIM5
SIM1
SIM2
SIM3
SIM4
1
21
22
SIM5
SIM1
SIM2
SIM3
SIM4
1
21
22
SIM5
SIM1
SIM2
SIM3
SIM4
1
21
22
SIM5
SIM1
SIM2
SIM3
SIM4
1
21
22
SIM5
SIM1
SIM2
SIM3
SIM4
1
21
22
SIM5
SIM1
SIM2
SIM3
SIM4
1
21
22
SIM5
SIM1
SIM2
SIM3
SIM4
1
21
22
SIM5
SIM1
SIM2
SIM3
SIM4
1
21
22
SIM5
SIM1
SIM2
SIM3
SIM4
1
21
22
SIM5
SIM1
SIM2
SIM3
SIM4
1
21
22
SIM5
SIM1
SIM2
SIM3
SIM4
1
21
22
SIM5
SIM1
SIM2
SIM3
SIM4
1
21
22
SIM5
SIM1
SIM2
SIM3
SIM4
1
21
22
SIM5
SIM1
SIM2
SIM3
SIM4
1
21
22
SIM5
SIM1
SIM2
SIM3
SIM4
1
21
22
SIM5
SIM1
SIM2
SIM3
SIM4
1
21
22
SIM5
SIM1
SIM2
SIM3
SIM4
1
21
22
SIM5
SIM1
SIM2
SIM3
SIM4
1
21
22
SIM5
SIM1
SIM2
SIM3
SIM4
1
21
22
SIM5
SIM1
SIM2
SIM3
SIM4
1
21
22
SIM5
SIM1
SIM2
SIM3
SIM4
1
21
22
SIM5
SIM1
SIM2
SIM3
SIM4
1
21
22
SIM5
SIM1
SIM2
SIM3
SIM4
1
21
22
SIM5
SIM1
SIM2
SIM3
SIM4
1
21
22
SIM5
SIM1
SIM2
SIM3
SIM4
1
21
22
SIM5
SIM1
SIM2
SIM3
SIM4
1
21
22
SIM5
SIM1
SIM2
SIM3
SIM4
1
21
22
SIM5
SIM1
SIM2
SIM3
SIM4
1
21
22
SIM5
SIM1
SIM2
SIM3
SIM4
1
21
22
SIM5
SIM1
SIM2
SIM3
SIM4
1
21
22
SIM5
SIM1
SIM2
SIM3
SIM4
1
21
22
SIM5
SIM1
SIM2
SIM3
SIM4
1
21
22
SIM5
SIM1
SIM2
SIM3
SIM4
1
21
22
SIM5
SIM1
SIM2
SIM3
SIM4
1
21
22
SIM5
SIM1
SIM2
SIM3
SIM4
1
21
22
SIM5
SIM1
SIM2
SIM3
SIM4
1
21
22
SIM5
SIM1
SIM2
SIM3
SIM4
1
21
22
SIM5
SIM1
SIM2
SIM3
SIM4
1
21
22
SIM5
SIM1
SIM2
SIM3
SIM4
1
21
22
SIM5
SIM1
SIM2
SIM3
SIM4
1
21
22
SIM5
SIM1
SIM2
SIM3
SIM4
1
21
22
SIM5
SIM1
SIM2
SIM3
SIM4
1
21
22
SIM5
SIM1
SIM2
SIM3
SIM4
1
21
22
SIM5
SIM1
SIM2
SIM3
SIM4
1
21
22
SIM5
SIM1
SIM2
SIM3
SIM4
1
21
22
SIM5
SIM1
SIM2
SIM3
SIM4
1
21
22
SIM5
SIM1
SIM2
SIM3
SIM4
1
21
22
SIM5
SIM1
SIM2
SIM3
SIM4
1
21
22
SIM5
SIM1
SIM2
SIM3
SIM4
1
21
22
SIM5
SIM1
SIM2
SIM3
SIM4
1
21
22
SIM5
SIM1
SIM2
SIM3
SIM4
1
21
22
SIM5
SIM1
SIM2
SIM3
SIM4
1
21
22
SIM5
SIM1
SIM2
SIM3
SIM4
1
21
22
SIM5
SIM1
SIM2
SIM3
SIM4
1
21
22
SIM5
SIM1
SIM2
SIM3
SIM4
1
21
22
SIM5
SIM1
SIM2
SIM3
SIM4
1
21
22
SIM5
SIM1
SIM2
SIM3
SIM4
1
21
22
SIM5
SIM1
SIM2
SIM3
SIM4
1
21
22
SIM5
SIM1
SIM2
SIM3
SIM4
1
21
22
SIM5
SIM1
SIM2
SIM3
SIM4
1
21
22
SIM5
SIM1
SIM2
SIM3
SIM4
1
21
22
SIM5
SIM1
SIM2
SIM3
SIM4
1
21
22
SIM5
SIM1
SIM2
SIM3
SIM4
1
21
22
SIM5
SIM1
SIM2
SIM3
SIM4
1
21
22
SIM5
SIM1
SIM2
SIM3
SIM4
1
21
22
SIM5
SIM1
SIM2
SIM3
SIM4
1
21
22
SIM5
SIM1
SIM2
SIM3
SIM4
1
21
22
SIM5
SIM1
SIM2
SIM3
SIM4
1
21
22
SIM5
SIM1
SIM2
SIM3
SIM4
1
21
22
SIM5
SIM1
SIM2
SIM3
SIM4
1
21
22
SIM5
SIM1
SIM2
SIM3
SIM4
1
21
22
SIM5
SIM1
SIM2
SIM3
SIM4
1
21
22
SIM5
SIM1
SIM2
SIM3
SIM4
1
21
22
SIM5
SIM1
SIM2
SIM3
SIM4
1
21
22
SIM5
SIM1
SIM2
SIM3
SIM4
1
21
22
SIM5
SIM1
SIM2
SIM3
SIM4
1
21
22
SIM5
SIM1
SIM2
SIM3
SIM4
1
21
22
SIM5
SIM1
SIM2
SIM3
SIM4
1
21
22
SIM5
SIM1
SIM2
SIM3
SIM4
1
21
22
SIM5
SIM1
SIM2
SIM3
SIM4
1
21
22
SIM5
SIM1
SIM2
SIM3
SIM4
1
21
22
SIM5
SIM1
SIM2
SIM3
SIM4
1
21
22
SIM5
SIM1
SIM2
SIM3
SIM4
1
21
22
SIM5
SIM1
SIM2
SIM3
SIM4
1
21
22
SIM5
SIM1
SIM2
SIM3
SIM4
1
21
22
SIM5
SIM1
SIM2
SIM3
SIM4
1
21
22
SIM5
SIM1
SIM2
SIM3
SIM4
1
21
22
SIM5
SIM1
SIM2
SIM3
SIM4
1
21
22
SIM5
SIM1
SIM2
SIM3
SIM4
1
21
22
SIM5
SIM1
SIM2
SIM3
SIM4
1
21
22
SIM5
SIM1
SIM2
SIM3
SIM4
1
21
22
SIM5
SIM1
SIM2
SIM3
SIM4
1
21
22
SIM5
SIM1
SIM2
SIM3
SIM4
1
21
22
SIM5
SIM1
SIM2
SIM3
SIM4
1
21
22
SIM5
SIM1
SIM2
SIM3
SIM4
1
21
22
SIM5
SIM1
SIM2
SIM3
SIM4
1
21
22
SIM5
SIM1
SIM2
SIM3
SIM4
1
21
22
SIM5
SIM1
SIM2
SIM3
SIM4
1
21
22
SIM5
SIM1
SIM2
SIM3
SIM4
1
21
22
SIM5
SIM1
SIM2
SIM3
SIM4
1
21
22
SIM5
SIM1
SIM2
SIM3
SIM4
1
21
22
SIM5
SIM1
SIM2
SIM3
SIM4
1
21
22
SIM5
SIM1
SIM2
SIM3
SIM4
1
21
22
SIM5
SIM1
SIM2
SIM3
SIM4
1
21
22
SIM5
SIM1
SIM2
SIM3
SIM4
1
21
22
SIM5
SIM1
SIM2
SIM3
SIM4
1
21
22
SIM5
SIM1
SIM2
SIM3
SIM4
1
21
22
SIM5
SIM1
SIM2
SIM3
SIM4
1
21
22
SIM5
SIM1
SIM2
SIM3
SIM4
1
21
22
SIM5
SIM1
SIM2
SIM3
SIM4
1
21
22
SIM5
SIM1
SIM2
SIM3
SIM4
1
21
22
SIM5
SIM1
SIM2
SIM3
SIM4
1
21
22
SIM5
SIM1
SIM2
SIM3
SIM4
1
21
22
SIM5
SIM1
SIM2
SIM3
SIM4
1
21
22
SIM5
SIM1
SIM2
SIM3
SIM4
1
21
22
SIM5
SIM1
SIM2
SIM3
SIM4
1
21
22
SIM5
SIM1
SIM2
SIM3
SIM4
1
21
22
SIM5
SIM1
SIM2
SIM3
SIM4
1
21
22
SIM5
SIM1
SIM2
SIM3
SIM4
1
21
22
SIM5
SIM1
SIM2
SIM3
SIM4
1
21
22
SIM5
SIM1
SIM2
SIM3
SIM4
1
21
22
SIM5
SIM1
SIM2
SIM3
SIM4
1
21
22
SIM5
SIM1
SIM2
SIM3
SIM4
1
21
22
SIM5
SIM1
SIM2
SIM3
SIM4
1
21
22
SIM5
SIM1
SIM2
SIM3
SIM4
1
21
22
SIM5
SIM1
SIM2
SIM3
SIM4
1
21
22
SIM5
SIM1
SIM2
SIM3
SIM4
1
21
22
SIM5
SIM1
SIM2
SIM3
SIM4
1
21
22
SIM5
SIM1
SIM2
SIM3
SIM4
1
21
22
SIM5
SIM1
SIM2
SIM3
SIM4
1
21
22
SIM5
SIM1
SIM2
SIM3
SIM4
1
21
22
SIM5
SIM1
SIM2
SIM3
SIM4
1
21
22
SIM5
SIM1
SIM2
SIM3
SIM4
1
21
22
SIM5
SIM1
SIM2
SIM3
SIM4
1
21
22
SIM5
SIM1
SIM2
SIM3
SIM4
1
21
22
SIM5
SIM1
SIM2
SIM3
SIM4
1
21
22
SIM5
SIM1
SIM2
SIM3
SIM4
1
21
22
SIM5
SIM1
SIM2
SIM3
SIM4
1
21
22
SIM5
SIM1
SIM2
SIM3
SIM4
1
21
22
SIM5
SIM1
SIM2
SIM3
SIM4
1
21
22
SIM5
SIM1
SIM2
SIM3
SIM4
1
21
22
SIM5
SIM1
SIM2
SIM3
SIM4
1
21
22
SIM5
SIM1
SIM2
SIM3
SIM4
1
21
22
SIM5
SIM1
SIM2
SIM3
SIM4
1
21
22
SIM5
SIM1
SIM2
SIM3
SIM4
1
21
22
SIM5
SIM1
SIM2
SIM3
SIM4
1
21
22
SIM5
SIM1
SIM2
SIM3
SIM4
1
21
22
SIM5
SIM1
SIM2
SIM3
SIM4
1
21
22
SIM5
SIM1
SIM2
DEBUG 1 964
SIM1
SIM2
SIM3
SIM4
1
21
22
SIM5
SIM1
SIM2
SIM3
SIM4
1
21
22
SIM5
SIM1
SIM2
SIM3
SIM4
1
21
22
SIM5
SIM1
SIM2
SIM3
SIM4
1
21
22
SIM5
SIM1
SIM2
SIM3
SIM4
1
21
22
SIM5
SIM1
SIM2
SIM3
SIM4
1
21
22
SIM5
SIM1
SIM2
SIM3
SIM4
1
21
22
SIM5
SIM1
SIM2
SIM3
SIM4
1
21
22
SIM5
SIM1
SIM2
SIM3
SIM4
1
21
22
SIM5
SIM1
SIM2
SIM3
SIM4
1
21
22
SIM5
SIM1
SIM2
SIM3
SIM4
1
21
22
SIM5
SIM1
SIM2
SIM3
SIM4
1
21
22
SIM5
SIM1
SIM2
SIM3
SIM4
1
21
22
SIM5
SIM1
SIM2
SIM3
SIM4
1
21
22
SIM5
SIM1
SIM2
SIM3
SIM4
1
21
22
SIM5
SIM1
SIM2
SIM3
SIM4
1
21
22
SIM5
SIM1
SIM2
SIM3
SIM4
1
21
22
SIM5
SIM1
SIM2
SIM3
SIM4
1
21
22
SIM5
SIM1
SIM2
SIM3
SIM4
1
21
22
SIM5
SIM1
SIM2
SIM3
SIM4
1
21
22
SIM5
SIM1
SIM2
SIM3
SIM4
1
21
22
SIM5
SIM1
SIM2
SIM3
SIM4
1
21
22
SIM5
SIM1
SIM2
SIM3
SIM4
1
21
22
SIM5
SIM1
SIM2
SIM3
SIM4
1
21
22
SIM5
SIM1
SIM2
SIM3
SIM4
1
21
22
SIM5
SIM1
SIM2
SIM3
SIM4
1
21
22
SIM5
SIM1
SIM2
SIM3
SIM4
1
21
22
SIM5
SIM1
SIM2
SIM3
SIM4
1
21
22
SIM5
SIM1
SIM2
SIM3
SIM4
1
21
22
SIM5
SIM1
SIM2
SIM3
SIM4
1
21
22
SIM5
SIM1
SIM2
SIM3
SIM4
1
21
22
SIM5
SIM1
SIM2
SIM3
SIM4
1
21
22
SIM5
SIM1
SIM2
SIM3
SIM4
1
21
22
SIM5
SIM1
SIM2
SIM3
SIM4
1
21
22
SIM5
SIM1
SIM2
SIM3
SIM4
1
21
22
SIM5
SIM1
SIM2
SIM3
SIM4
1
21
22
SIM5
SIM1
SIM2
SIM3
SIM4
1
21
22
SIM5
SIM1
SIM2
SIM3
SIM4
1
21
22
SIM5
SIM1
SIM2
SIM3
SIM4
1
21
22
SIM5
SIM1
SIM2
SIM3
SIM4
1
21
22
SIM5
SIM1
SIM2
SIM3
SIM4
1
21
22
SIM5
SIM1
SIM2
SIM3
SIM4
1
21
22
SIM5
SIM1
SIM2
SIM3
SIM4
1
21
22
SIM5
SIM1
SIM2
SIM3
SIM4
1
21
22
SIM5
SIM1
SIM2
SIM3
SIM4
1
21
22
SIM5
SIM1
SIM2
SIM3
SIM4
1
21
22
SIM5
SIM1
SIM2
SIM3
SIM4
1
21
22
SIM5
SIM1
SIM2
SIM3
SIM4
1
21
22
SIM5
SIM1
SIM2
SIM3
SIM4
1
21
22
SIM5
SIM1
SIM2
SIM3
SIM4
1
21
22
SIM5
SIM1
SIM2
SIM3
SIM4
1
21
22
SIM5
SIM1
SIM2
SIM3
SIM4
1
21
22
SIM5
SIM1
SIM2
SIM3
SIM4
1
21
22
SIM5
SIM1
SIM2
SIM3
SIM4
1
21
22
SIM5
SIM1
SIM2
SIM3
SIM4
1
21
22
SIM5
SIM1
SIM2
SIM3
SIM4
1
21
22
SIM5
SIM1
SIM2
SIM3
SIM4
1
21
22
SIM5
SIM1
SIM2
SIM3
SIM4
1
21
22
SIM5
SIM1
SIM2
SIM3
SIM4
1
21
22
SIM5
SIM1
SIM2
SIM3
SIM4
1
21
22
SIM5
SIM1
SIM2
SIM3
SIM4
1
21
22
SIM5
SIM1
SIM2
SIM3
SIM4
1
21
22
SIM5
SIM1
SIM2
SIM3
SIM4
1
21
22
SIM5
SIM1
SIM2
SIM3
SIM4
1
21
22
SIM5
SIM1
SIM2
SIM3
SIM4
1
21
22
SIM5
SIM1
SIM2
SIM3
SIM4
1
21
22
SIM5
SIM1
SIM2
SIM3
SIM4
1
21
22
SIM5
SIM1
SIM2
SIM3
SIM4
1
21
22
SIM5
SIM1
SIM2
SIM3
SIM4
1
21
22
SIM5
SIM1
SIM2
SIM3
SIM4
1
21
22
SIM5
SIM1
SIM2
SIM3
SIM4
1
21
22
SIM5
SIM1
SIM2
SIM3
SIM4
1
21
22
SIM5
SIM1
SIM2
SIM3
SIM4
1
21
22
SIM5
SIM1
SIM2
SIM3
SIM4
1
21
22
SIM5
SIM1
SIM2
SIM3
SIM4
1
21
22
SIM5
SIM1
SIM2
SIM3
SIM4
1
21
22
SIM5
SIM1
SIM2
SIM3
SIM4
1
21
22
SIM5
SIM1
SIM2
SIM3
SIM4
1
21
22
SIM5
SIM1
SIM2
SIM3
SIM4
1
21
22
SIM5
SIM1
SIM2
SIM3
SIM4
1
21
22
SIM5
SIM1
SIM2
SIM3
SIM4
1
21
22
SIM5
SIM1
SIM2
SIM3
SIM4
1
21
22
SIM5
SIM1
SIM2
SIM3
SIM4
1
21
22
SIM5
SIM1
SIM2
SIM3
SIM4
1
21
22
SIM5
SIM1
SIM2
SIM3
SIM4
1
21
22
SIM5
SIM1
SIM2
SIM3
SIM4
1
21
22
SIM5
SIM1
SIM2
SIM3
SIM4
1
21
22
SIM5
SIM1
SIM2
SIM3
SIM4
1
21
22
SIM5
SIM1
SIM2
SIM3
SIM4
1
21
22
SIM5
SIM1
SIM2
SIM3
SIM4
1
21
22
SIM5
SIM1
SIM2
SIM3
SIM4
1
21
22
SIM5
SIM1
SIM2
SIM3
SIM4
1
21
22
SIM5
SIM1
SIM2
SIM3
SIM4
1
21
22
SIM5
SIM1
SIM2
SIM3
SIM4
1
21
22
SIM5
SIM1
SIM2
SIM3
SIM4
1
21
22
SIM5
SIM1
SIM2
SIM3
SIM4
1
21
22
SIM5
SIM1
SIM2
SIM3
SIM4
1
21
22
SIM5
SIM1
SIM2
SIM3
SIM4
1
21
22
SIM5
SIM1
SIM2
SIM3
SIM4
1
21
22
SIM5
SIM1
SIM2
SIM3
SIM4
1
21
22
SIM5
SIM1
SIM2
SIM3
SIM4
1
21
22
SIM5
SIM1
SIM2
SIM3
SIM4
1
21
22
SIM5
SIM1
SIM2
SIM3
SIM4
1
21
22
SIM5
SIM1
SIM2
SIM3
SIM4
1
21
22
SIM5
SIM1
SIM2
SIM3
SIM4
1
21
22
SIM5
SIM1
SIM2
SIM3
SIM4
1
21
22
SIM5
SIM1
SIM2
SIM3
SIM4
1
21
22
SIM5
SIM1
SIM2
SIM3
SIM4
1
21
22
SIM5
SIM1
SIM2
SIM3
SIM4
1
21
22
SIM5
SIM1
SIM2
SIM3
SIM4
1
21
22
SIM5
SIM1
SIM2
SIM3
SIM4
1
21
22
SIM5
SIM1
SIM2
SIM3
SIM4
1
21
22
SIM5
SIM1
SIM2
SIM3
SIM4
1
21
22
SIM5
SIM1
SIM2
SIM3
SIM4
1
21
22
SIM5
SIM1
SIM2
SIM3
SIM4
1
21
22
SIM5
SIM1
SIM2
SIM3
SIM4
1
21
22
SIM5
SIM1
SIM2
SIM3
SIM4
1
21
22
SIM5
SIM1
SIM2
SIM3
SIM4
1
21
22
SIM5
SIM1
SIM2
SIM3
SIM4
1
21
22
SIM5
SIM1
SIM2
SIM3
SIM4
1
21
22
SIM5
SIM1
SIM2
SIM3
SIM4
1
21
22
SIM5
SIM1
SIM2
SIM3
SIM4
1
21
22
SIM5
SIM1
SIM2
SIM3
SIM4
1
21
22
SIM5
SIM1
SIM2
SIM3
SIM4
1
21
22
SIM5
SIM1
SIM2
SIM3
SIM4
1
21
22
SIM5
SIM1
SIM2
SIM3
SIM4
1
21
22
SIM5
SIM1
SIM2
SIM3
SIM4
1
21
22
SIM5
SIM1
SIM2
SIM3
SIM4
1
21
22
SIM5
SIM1
SIM2
SIM3
SIM4
1
21
22
SIM5
SIM1
SIM2
SIM3
SIM4
1
21
22
SIM5
SIM1
SIM2
SIM3
SIM4
1
21
22
SIM5
SIM1
SIM2
SIM3
SIM4
1
21
22
SIM5
SIM1
SIM2
SIM3
SIM4
1
21
22
SIM5
SIM1
SIM2
SIM3
SIM4
1
21
22
SIM5
SIM1
SIM2
SIM3
SIM4
1
21
22
SIM5
SIM1
SIM2
SIM3
SIM4
1
21
22
SIM5
SIM1
SIM2
SIM3
SIM4
1
21
22
SIM5
SIM1
SIM2
SIM3
SIM4
1
21
22
SIM5
SIM1
SIM2
SIM3
SIM4
1
21
22
SIM5
SIM1
SIM2
SIM3
SIM4
1
21
22
SIM5
SIM1
SIM2
SIM3
SIM4
1
21
22
SIM5
SIM1
SIM2
SIM3
SIM4
1
21
22
SIM5
SIM1
SIM2
SIM3
SIM4
1
21
22
SIM5
SIM1
SIM2
SIM3
SIM4
1
21
22
SIM5
SIM1
SIM2
SIM3
SIM4
1
21
22
SIM5
SIM1
SIM2
SIM3
SIM4
1
21
22
SIM5
SIM1
SIM2
SIM3
SIM4
1
21
22
SIM5
SIM1
SIM2
SIM3
SIM4
1
21
22
SIM5
SIM1
SIM2
SIM3
SIM4
1
21
22
SIM5
SIM1
SIM2
SIM3
SIM4
1
21
22
SIM5
SIM1
SIM2
SIM3
SIM4
1
21
22
SIM5
SIM1
SIM2
SIM3
SIM4
1
21
22
SIM5
SIM1
SIM2
SIM3
SIM4
1
21
22
SIM5
SIM1
SIM2
SIM3
SIM4
1
21
22
SIM5
SIM1
SIM2
SIM3
SIM4
1
21
22
SIM5
SIM1
SIM2
SIM3
SIM4
1
21
22
SIM5
SIM1
SIM2
SIM3
SIM4
1
21
22
SIM5
SIM1
SIM2
SIM3
SIM4
1
21
22
SIM5
SIM1
SIM2
SIM3
SIM4
1
21
22
SIM5
SIM1
SIM2
SIM3
SIM4
1
21
22
SIM5
SIM1
SIM2
SIM3
SIM4
1
21
22
SIM5
SIM1
SIM2
SIM3
SIM4
1
21
22
SIM5
SIM1
SIM2
SIM3
SIM4
1
21
22
SIM5
SIM1
SIM2
SIM3
SIM4
1
21
22
SIM5
SIM1
SIM2
SIM3
SIM4
1
21
22
SIM5
SIM1
SIM2
SIM3
SIM4
1
21
22
SIM5
SIM1
SIM2
SIM3
SIM4
1
21
22
SIM5
SIM1
SIM2
SIM3
SIM4
1
21
22
SIM5
SIM1
SIM2
SIM3
SIM4
1
21
22
SIM5
SIM1
SIM2
SIM3
SIM4
1
21
22
SIM5
SIM1
SIM2
SIM3
SIM4
1
21
22
SIM5
SIM1
SIM2
SIM3
SIM4
1
21
22
SIM5
SIM1
SIM2
SIM3
SIM4
1
21
22
SIM5
SIM1
SIM2
SIM3
SIM4
1
21
22
SIM5
SIM1
SIM2
SIM3
SIM4
1
21
22
SIM5
SIM1
SIM2
SIM3
SIM4
1
21
22
SIM5
SIM1
SIM2
SIM3
SIM4
1
21
22
SIM5
SIM1
SIM2
SIM3
SIM4
1
21
22
SIM5
SIM1
SIM2
SIM3
SIM4
1
21
22
SIM5
SIM1
SIM2
SIM3
SIM4
1
21
22
SIM5
SIM1
SIM2
SIM3
SIM4
1
21
22
SIM5
SIM1
SIM2
SIM3
SIM4
1
21
22
SIM5
SIM1
SIM2
SIM3
SIM4
1
21
22
SIM5
SIM1
SIM2
SIM3
SIM4
1
21
22
SIM5
SIM1
SIM2
SIM3
SIM4
1
21
22
SIM5
SIM1
SIM2
SIM3
SIM4
1
21
22
SIM5
SIM1
SIM2
SIM3
SIM4
1
21
22
SIM5
SIM1
SIM2
SIM3
SIM4
1
21
22
SIM5
SIM1
SIM2
SIM3
SIM4
1
21
22
SIM5
SIM1
SIM2
SIM3
SIM4
1
21
22
SIM5
SIM1
SIM2
SIM3
SIM4
1
21
22
SIM5
SIM1
SIM2
SIM3
SIM4
1
21
22
SIM5
SIM1
SIM2
SIM3
SIM4
1
21
22
SIM5
SIM1
SIM2
SIM3
SIM4
1
21
22
SIM5
SIM1
SIM2
SIM3
SIM4
1
21
22
SIM5
SIM1
SIM2
SIM3
SIM4
1
21
22
SIM5
SIM1
SIM2
SIM3
SIM4
1
21
22
SIM5
SIM1
SIM2
SIM3
SIM4
1
21
22
SIM5
SIM1
SIM2
SIM3
SIM4
1
21
22
SIM5
SIM1
SIM2
SIM3
SIM4
1
21
22
SIM5
SIM1
SIM2
SIM3
SIM4
1
21
22
SIM5
SIM1
SIM2
SIM3
SIM4
1
21
22
SIM5
SIM1
SIM2
SIM3
SIM4
1
21
22
SIM5
SIM1
SIM2
SIM3
SIM4
1
21
22
SIM5
SIM1
SIM2
SIM3
SIM4
1
21
22
SIM5
SIM1
SIM2
SIM3
SIM4
1
21
22
SIM5
SIM1
SIM2
SIM3
SIM4
1
21
22
SIM5
SIM1
SIM2
SIM3
SIM4
1
21
22
SIM5
SIM1
SIM2
SIM3
SIM4
1
21
22
SIM5
SIM1
SIM2
SIM3
SIM4
1
21
22
SIM5
SIM1
SIM2
SIM3
SIM4
1
21
22
SIM5
SIM1
SIM2
SIM3
SIM4
1
21
22
SIM5
SIM1
SIM2
SIM3
SIM4
1
21
22
SIM5
SIM1
SIM2
SIM3
SIM4
1
21
22
SIM5
SIM1
SIM2
SIM3
SIM4
1
21
22
SIM5
SIM1
SIM2
SIM3
SIM4
1
21
22
SIM5
SIM1
SIM2
SIM3
SIM4
1
21
22
SIM5
SIM1
SIM2
SIM3
SIM4
1
21
22
SIM5
SIM1
SIM2
SIM3
SIM4
1
21
22
SIM5
SIM1
SIM2
SIM3
SIM4
1
21
22
SIM5
SIM1
SIM2
SIM3
SIM4
1
21
22
SIM5
SIM1
SIM2
DEBUG 1 965
SIM1
SIM2
SIM3
SIM4
1
21
22
SIM5
SIM1
SIM2
SIM3
SIM4
1
21
22
SIM5
SIM1
SIM2
SIM3
SIM4
1
21
22
SIM5
SIM1
SIM2
SIM3
SIM4
1
21
22
SIM5
SIM1
SIM2
SIM3
SIM4
1
21
22
SIM5
SIM1
SIM2
SIM3
SIM4
1
21
22
SIM5
SIM1
SIM2
SIM3
SIM4
1
21
22
SIM5
SIM1
SIM2
SIM3
SIM4
1
21
22
SIM5
SIM1
SIM2
SIM3
SIM4
1
21
22
SIM5
SIM1
SIM2
SIM3
SIM4
1
21
22
SIM5
SIM1
SIM2
SIM3
SIM4
1
21
22
SIM5
SIM1
SIM2
SIM3
SIM4
1
21
22
SIM5
SIM1
SIM2
SIM3
SIM4
1
21
22
SIM5
SIM1
SIM2
SIM3
SIM4
1
21
22
SIM5
SIM1
SIM2
SIM3
SIM4
1
21
22
SIM5
SIM1
SIM2
SIM3
SIM4
1
21
22
SIM5
SIM1
SIM2
SIM3
SIM4
1
21
22
SIM5
SIM1
SIM2
SIM3
SIM4
1
21
22
SIM5
SIM1
SIM2
SIM3
SIM4
1
21
22
SIM5
SIM1
SIM2
SIM3
SIM4
1
21
22
SIM5
SIM1
SIM2
SIM3
SIM4
1
21
22
SIM5
SIM1
SIM2
SIM3
SIM4
1
21
22
SIM5
SIM1
SIM2
SIM3
SIM4
1
21
22
SIM5
SIM1
SIM2
SIM3
SIM4
1
21
22
SIM5
SIM1
SIM2
SIM3
SIM4
1
21
22
SIM5
SIM1
SIM2
SIM3
SIM4
1
21
22
SIM5
SIM1
SIM2
SIM3
SIM4
1
21
22
SIM5
SIM1
SIM2
SIM3
SIM4
1
21
22
SIM5
SIM1
SIM2
SIM3
SIM4
1
21
22
SIM5
SIM1
SIM2
SIM3
SIM4
1
21
22
SIM5
SIM1
SIM2
SIM3
SIM4
1
21
22
SIM5
SIM1
SIM2
SIM3
SIM4
1
21
22
SIM5
SIM1
SIM2
SIM3
SIM4
1
21
22
SIM5
SIM1
SIM2
SIM3
SIM4
1
21
22
SIM5
SIM1
SIM2
SIM3
SIM4
1
21
22
SIM5
SIM1
SIM2
SIM3
SIM4
1
21
22
SIM5
SIM1
SIM2
SIM3
SIM4
1
21
22
SIM5
SIM1
SIM2
SIM3
SIM4
1
21
22
SIM5
SIM1
SIM2
SIM3
SIM4
1
21
22
SIM5
SIM1
SIM2
SIM3
SIM4
1
21
22
SIM5
SIM1
SIM2
SIM3
SIM4
1
21
22
SIM5
SIM1
SIM2
SIM3
SIM4
1
21
22
SIM5
SIM1
SIM2
SIM3
SIM4
1
21
22
SIM5
SIM1
SIM2
SIM3
SIM4
1
21
22
SIM5
SIM1
SIM2
SIM3
SIM4
1
21
22
SIM5
SIM1
SIM2
SIM3
SIM4
1
21
22
SIM5
SIM1
SIM2
SIM3
SIM4
1
21
22
SIM5
SIM1
SIM2
SIM3
SIM4
1
21
22
SIM5
SIM1
SIM2
SIM3
SIM4
1
21
22
SIM5
SIM1
SIM2
SIM3
SIM4
1
21
22
SIM5
SIM1
SIM2
SIM3
SIM4
1
21
22
SIM5
SIM1
SIM2
SIM3
SIM4
1
21
22
SIM5
SIM1
SIM2
SIM3
SIM4
1
21
22
SIM5
SIM1
SIM2
SIM3
SIM4
1
21
22
SIM5
SIM1
SIM2
SIM3
SIM4
1
21
22
SIM5
SIM1
SIM2
SIM3
SIM4
1
21
22
SIM5
SIM1
SIM2
SIM3
SIM4
1
21
22
SIM5
SIM1
SIM2
SIM3
SIM4
1
21
22
SIM5
SIM1
SIM2
SIM3
SIM4
1
21
22
SIM5
SIM1
SIM2
SIM3
SIM4
1
21
22
SIM5
SIM1
SIM2
SIM3
SIM4
1
21
22
SIM5
SIM1
SIM2
SIM3
SIM4
1
21
22
SIM5
SIM1
SIM2
SIM3
SIM4
1
21
22
SIM5
SIM1
SIM2
SIM3
SIM4
1
21
22
SIM5
SIM1
SIM2
SIM3
SIM4
1
21
22
SIM5
SIM1
SIM2
SIM3
SIM4
1
21
22
SIM5
SIM1
SIM2
SIM3
SIM4
1
21
22
SIM5
SIM1
SIM2
SIM3
SIM4
1
21
22
SIM5
SIM1
SIM2
SIM3
SIM4
1
21
22
SIM5
SIM1
SIM2
SIM3
SIM4
1
21
22
SIM5
SIM1
SIM2
SIM3
SIM4
1
21
22
SIM5
SIM1
SIM2
SIM3
SIM4
1
21
22
SIM5
SIM1
SIM2
SIM3
SIM4
1
21
22
SIM5
SIM1
SIM2
SIM3
SIM4
1
21
22
SIM5
SIM1
SIM2
SIM3
SIM4
1
21
22
SIM5
SIM1
SIM2
SIM3
SIM4
1
21
22
SIM5
SIM1
SIM2
SIM3
SIM4
1
21
22
SIM5
SIM1
SIM2
SIM3
SIM4
1
21
22
SIM5
SIM1
SIM2
SIM3
SIM4
1
21
22
SIM5
SIM1
SIM2
SIM3
SIM4
1
21
22
SIM5
SIM1
SIM2
SIM3
SIM4
1
21
22
SIM5
SIM1
SIM2
SIM3
SIM4
1
21
22
SIM5
SIM1
SIM2
SIM3
SIM4
1
21
22
SIM5
SIM1
SIM2
SIM3
SIM4
1
21
22
SIM5
SIM1
SIM2
SIM3
SIM4
1
21
22
SIM5
SIM1
SIM2
SIM3
SIM4
1
21
22
SIM5
SIM1
SIM2
SIM3
SIM4
1
21
22
SIM5
SIM1
SIM2
SIM3
SIM4
1
21
22
SIM5
SIM1
SIM2
SIM3
SIM4
1
21
22
SIM5
SIM1
SIM2
SIM3
SIM4
1
21
22
SIM5
SIM1
SIM2
SIM3
SIM4
1
21
22
SIM5
SIM1
SIM2
SIM3
SIM4
1
21
22
SIM5
SIM1
SIM2
SIM3
SIM4
1
21
22
SIM5
SIM1
SIM2
SIM3
SIM4
1
21
22
SIM5
SIM1
SIM2
SIM3
SIM4
1
21
22
SIM5
SIM1
SIM2
SIM3
SIM4
1
21
22
SIM5
SIM1
SIM2
SIM3
SIM4
1
21
22
SIM5
SIM1
SIM2
SIM3
SIM4
1
21
22
SIM5
SIM1
SIM2
SIM3
SIM4
1
21
22
SIM5
SIM1
SIM2
SIM3
SIM4
1
21
22
SIM5
SIM1
SIM2
SIM3
SIM4
1
21
22
SIM5
SIM1
SIM2
SIM3
SIM4
1
21
22
SIM5
SIM1
SIM2
SIM3
SIM4
1
21
22
SIM5
SIM1
SIM2
SIM3
SIM4
1
21
22
SIM5
SIM1
SIM2
SIM3
SIM4
1
21
22
SIM5
SIM1
SIM2
SIM3
SIM4
1
21
22
SIM5
SIM1
SIM2
SIM3
SIM4
1
21
22
SIM5
SIM1
SIM2
SIM3
SIM4
1
21
22
SIM5
SIM1
SIM2
SIM3
SIM4
1
21
22
SIM5
SIM1
SIM2
SIM3
SIM4
1
21
22
SIM5
SIM1
SIM2
SIM3
SIM4
1
21
22
SIM5
SIM1
SIM2
SIM3
SIM4
1
21
22
SIM5
SIM1
SIM2
SIM3
SIM4
1
21
22
SIM5
SIM1
SIM2
SIM3
SIM4
1
21
22
SIM5
SIM1
SIM2
SIM3
SIM4
1
21
22
SIM5
SIM1
SIM2
SIM3
SIM4
1
21
22
SIM5
SIM1
SIM2
SIM3
SIM4
1
21
22
SIM5
SIM1
SIM2
SIM3
SIM4
1
21
22
SIM5
SIM1
SIM2
SIM3
SIM4
1
21
22
SIM5
SIM1
SIM2
SIM3
SIM4
1
21
22
SIM5
SIM1
SIM2
SIM3
SIM4
1
21
22
SIM5
SIM1
SIM2
SIM3
SIM4
1
21
22
SIM5
SIM1
SIM2
DEBUG 1 966
SIM1
SIM2
SIM3
SIM4
1
21
22
SIM5
SIM1
SIM2
SIM3
SIM4
1
21
22
SIM5
SIM1
SIM2
SIM3
SIM4
1
21
22
SIM5
SIM1
SIM2
SIM3
SIM4
1
21
22
SIM5
SIM1
SIM2
SIM3
SIM4
1
21
22
SIM5
SIM1
SIM2
SIM3
SIM4
1
21
22
SIM5
SIM1
SIM2
SIM3
SIM4
1
21
22
SIM5
SIM1
SIM2
SIM3
SIM4
1
21
22
SIM5
SIM1
SIM2
SIM3
SIM4
1
21
22
SIM5
SIM1
SIM2
SIM3
SIM4
1
21
22
SIM5
SIM1
SIM2
SIM3
SIM4
1
21
22
SIM5
SIM1
SIM2
SIM3
SIM4
1
21
22
SIM5
SIM1
SIM2
SIM3
SIM4
1
21
22
SIM5
SIM1
SIM2
SIM3
SIM4
1
21
22
SIM5
SIM1
SIM2
SIM3
SIM4
1
21
22
SIM5
SIM1
SIM2
SIM3
SIM4
1
21
22
SIM5
SIM1
SIM2
SIM3
SIM4
1
21
22
SIM5
SIM1
SIM2
SIM3
SIM4
1
21
22
SIM5
SIM1
SIM2
SIM3
SIM4
1
21
22
SIM5
SIM1
SIM2
SIM3
SIM4
1
21
22
SIM5
SIM1
SIM2
SIM3
SIM4
1
21
22
SIM5
SIM1
SIM2
SIM3
SIM4
1
21
22
SIM5
SIM1
SIM2
SIM3
SIM4
1
21
22
SIM5
SIM1
SIM2
SIM3
SIM4
1
21
22
SIM5
SIM1
SIM2
SIM3
SIM4
1
21
22
SIM5
SIM1
SIM2
SIM3
SIM4
1
21
22
SIM5
SIM1
SIM2
SIM3
SIM4
1
21
22
SIM5
SIM1
SIM2
SIM3
SIM4
1
21
22
SIM5
SIM1
SIM2
SIM3
SIM4
1
21
22
SIM5
SIM1
SIM2
SIM3
SIM4
1
21
22
SIM5
SIM1
SIM2
SIM3
SIM4
1
21
22
SIM5
SIM1
SIM2
SIM3
SIM4
1
21
22
SIM5
SIM1
SIM2
SIM3
SIM4
1
21
22
SIM5
SIM1
SIM2
SIM3
SIM4
1
21
22
SIM5
SIM1
SIM2
SIM3
SIM4
1
21
22
SIM5
SIM1
SIM2
SIM3
SIM4
1
21
22
SIM5
SIM1
SIM2
SIM3
SIM4
1
21
22
SIM5
SIM1
SIM2
SIM3
SIM4
1
21
22
SIM5
SIM1
SIM2
SIM3
SIM4
1
21
22
SIM5
SIM1
SIM2
SIM3
SIM4
1
21
22
SIM5
SIM1
SIM2
SIM3
SIM4
1
21
22
SIM5
SIM1
SIM2
SIM3
SIM4
1
21
22
SIM5
SIM1
SIM2
SIM3
SIM4
1
21
22
SIM5
SIM1
SIM2
SIM3
SIM4
1
21
22
SIM5
SIM1
SIM2
SIM3
SIM4
1
21
22
SIM5
SIM1
SIM2
SIM3
SIM4
1
21
22
SIM5
SIM1
SIM2
SIM3
SIM4
1
21
22
SIM5
SIM1
SIM2
SIM3
SIM4
1
21
22
SIM5
SIM1
SIM2
SIM3
SIM4
1
21
22
SIM5
SIM1
SIM2
SIM3
SIM4
1
21
22
SIM5
SIM1
SIM2
SIM3
SIM4
1
21
22
SIM5
SIM1
SIM2
SIM3
SIM4
1
21
22
SIM5
SIM1
SIM2
SIM3
SIM4
1
21
22
SIM5
SIM1
SIM2
SIM3
SIM4
1
21
22
SIM5
SIM1
SIM2
SIM3
SIM4
1
21
22
SIM5
SIM1
SIM2
SIM3
SIM4
1
21
22
SIM5
SIM1
SIM2
SIM3
SIM4
1
21
22
SIM5
SIM1
SIM2
SIM3
SIM4
1
21
22
SIM5
SIM1
SIM2
SIM3
SIM4
1
21
22
SIM5
SIM1
SIM2
SIM3
SIM4
1
21
22
SIM5
SIM1
SIM2
SIM3
SIM4
1
21
22
SIM5
SIM1
SIM2
SIM3
SIM4
1
21
22
SIM5
SIM1
SIM2
SIM3
SIM4
1
21
22
SIM5
SIM1
SIM2
SIM3
SIM4
1
21
22
SIM5
SIM1
SIM2
SIM3
SIM4
1
21
22
SIM5
SIM1
SIM2
SIM3
SIM4
1
21
22
SIM5
SIM1
SIM2
SIM3
SIM4
1
21
22
SIM5
SIM1
SIM2
SIM3
SIM4
1
21
22
SIM5
SIM1
SIM2
SIM3
SIM4
1
21
22
SIM5
SIM1
SIM2
SIM3
SIM4
1
21
22
SIM5
SIM1
SIM2
SIM3
SIM4
1
21
22
SIM5
SIM1
SIM2
SIM3
SIM4
1
21
22
SIM5
SIM1
SIM2
SIM3
SIM4
1
21
22
SIM5
SIM1
SIM2
SIM3
SIM4
1
21
22
SIM5
SIM1
SIM2
SIM3
SIM4
1
21
22
SIM5
SIM1
SIM2
SIM3
SIM4
1
21
22
SIM5
SIM1
SIM2
SIM3
SIM4
1
21
22
SIM5
SIM1
SIM2
SIM3
SIM4
1
21
22
SIM5
SIM1
SIM2
SIM3
SIM4
1
21
22
SIM5
SIM1
SIM2
SIM3
SIM4
1
21
22
SIM5
SIM1
SIM2
SIM3
SIM4
1
21
22
SIM5
SIM1
SIM2
SIM3
SIM4
1
21
22
SIM5
SIM1
SIM2
SIM3
SIM4
1
21
22
SIM5
SIM1
SIM2
SIM3
SIM4
1
21
22
SIM5
SIM1
SIM2
SIM3
SIM4
1
21
22
SIM5
SIM1
SIM2
SIM3
SIM4
1
21
22
SIM5
SIM1
SIM2
SIM3
SIM4
1
21
22
SIM5
SIM1
SIM2
SIM3
SIM4
1
21
22
SIM5
SIM1
SIM2
SIM3
SIM4
1
21
22
SIM5
SIM1
SIM2
SIM3
SIM4
1
21
22
SIM5
SIM1
SIM2
SIM3
SIM4
1
21
22
SIM5
SIM1
SIM2
SIM3
SIM4
1
21
22
SIM5
SIM1
SIM2
SIM3
SIM4
1
21
22
SIM5
SIM1
SIM2
SIM3
SIM4
1
21
22
SIM5
SIM1
SIM2
SIM3
SIM4
1
21
22
SIM5
SIM1
SIM2
SIM3
SIM4
1
21
22
SIM5
SIM1
SIM2
SIM3
SIM4
1
21
22
SIM5
SIM1
SIM2
SIM3
SIM4
1
21
22
SIM5
SIM1
SIM2
SIM3
SIM4
1
21
22
SIM5
SIM1
SIM2
SIM3
SIM4
1
21
22
SIM5
SIM1
SIM2
SIM3
SIM4
1
21
22
SIM5
SIM1
SIM2
SIM3
SIM4
1
21
22
SIM5
SIM1
SIM2
SIM3
SIM4
1
21
22
SIM5
SIM1
SIM2
SIM3
SIM4
1
21
22
SIM5
SIM1
SIM2
SIM3
SIM4
1
21
22
SIM5
SIM1
SIM2
SIM3
SIM4
1
21
22
SIM5
SIM1
SIM2
SIM3
SIM4
1
21
22
SIM5
SIM1
SIM2
SIM3
SIM4
1
21
22
SIM5
SIM1
SIM2
SIM3
SIM4
1
21
22
SIM5
SIM1
SIM2
SIM3
SIM4
1
21
22
SIM5
SIM1
SIM2
SIM3
SIM4
1
21
22
SIM5
SIM1
SIM2
SIM3
SIM4
1
21
22
SIM5
SIM1
SIM2
SIM3
SIM4
1
21
22
SIM5
SIM1
SIM2
SIM3
SIM4
1
21
22
SIM5
SIM1
SIM2
SIM3
SIM4
1
21
22
SIM5
SIM1
SIM2
SIM3
SIM4
1
21
22
SIM5
SIM1
SIM2
SIM3
SIM4
1
21
22
SIM5
SIM1
SIM2
SIM3
SIM4
1
21
22
SIM5
SIM1
SIM2
SIM3
SIM4
1
21
22
SIM5
SIM1
SIM2
SIM3
SIM4
1
21
22
SIM5
SIM1
SIM2
SIM3
SIM4
1
21
22
SIM5
SIM1
SIM2
DEBUG 1 967
SIM1
SIM2
SIM3
SIM4
1
21
22
SIM5
SIM1
SIM2
SIM3
SIM4
1
21
22
SIM5
SIM1
SIM2
SIM3
SIM4
1
21
22
SIM5
SIM1
SIM2
SIM3
SIM4
1
21
22
SIM5
SIM1
SIM2
SIM3
SIM4
1
21
22
SIM5
SIM1
SIM2
SIM3
SIM4
1
21
22
SIM5
SIM1
SIM2
SIM3
SIM4
1
21
22
SIM5
SIM1
SIM2
SIM3
SIM4
1
21
22
SIM5
SIM1
SIM2
SIM3
SIM4
1
21
22
SIM5
SIM1
SIM2
SIM3
SIM4
1
21
22
SIM5
SIM1
SIM2
SIM3
SIM4
1
21
22
SIM5
SIM1
SIM2
SIM3
SIM4
1
21
22
SIM5
SIM1
SIM2
SIM3
SIM4
1
21
22
SIM5
SIM1
SIM2
SIM3
SIM4
1
21
22
SIM5
SIM1
SIM2
SIM3
SIM4
1
21
22
SIM5
SIM1
SIM2
SIM3
SIM4
1
21
22
SIM5
SIM1
SIM2
SIM3
SIM4
1
21
22
SIM5
SIM1
SIM2
SIM3
SIM4
1
21
22
SIM5
SIM1
SIM2
SIM3
SIM4
1
21
22
SIM5
SIM1
SIM2
SIM3
SIM4
1
21
22
SIM5
SIM1
SIM2
SIM3
SIM4
1
21
22
SIM5
SIM1
SIM2
SIM3
SIM4
1
21
22
SIM5
SIM1
SIM2
SIM3
SIM4
1
21
22
SIM5
SIM1
SIM2
SIM3
SIM4
1
21
22
SIM5
SIM1
SIM2
SIM3
SIM4
1
21
22
SIM5
SIM1
SIM2
SIM3
SIM4
1
21
22
SIM5
SIM1
SIM2
SIM3
SIM4
1
21
22
SIM5
SIM1
SIM2
SIM3
SIM4
1
21
22
SIM5
SIM1
SIM2
SIM3
SIM4
1
21
22
SIM5
SIM1
SIM2
SIM3
SIM4
1
21
22
SIM5
SIM1
SIM2
SIM3
SIM4
1
21
22
SIM5
SIM1
SIM2
SIM3
SIM4
1
21
22
SIM5
SIM1
SIM2
SIM3
SIM4
1
21
22
SIM5
SIM1
SIM2
SIM3
SIM4
1
21
22
SIM5
SIM1
SIM2
SIM3
SIM4
1
21
22
SIM5
SIM1
SIM2
SIM3
SIM4
1
21
22
SIM5
SIM1
SIM2
SIM3
SIM4
1
21
22
SIM5
SIM1
SIM2
SIM3
SIM4
1
21
22
SIM5
SIM1
SIM2
SIM3
SIM4
1
21
22
SIM5
SIM1
SIM2
SIM3
SIM4
1
21
22
SIM5
SIM1
SIM2
SIM3
SIM4
1
21
22
SIM5
SIM1
SIM2
SIM3
SIM4
1
21
22
SIM5
SIM1
SIM2
SIM3
SIM4
1
21
22
SIM5
SIM1
SIM2
SIM3
SIM4
1
21
22
SIM5
SIM1
SIM2
SIM3
SIM4
1
21
22
SIM5
SIM1
SIM2
SIM3
SIM4
1
21
22
SIM5
SIM1
SIM2
SIM3
SIM4
1
21
22
SIM5
SIM1
SIM2
SIM3
SIM4
1
21
22
SIM5
SIM1
SIM2
SIM3
SIM4
1
21
22
SIM5
SIM1
SIM2
SIM3
SIM4
1
21
22
SIM5
SIM1
SIM2
SIM3
SIM4
1
21
22
SIM5
SIM1
SIM2
SIM3
SIM4
1
21
22
SIM5
SIM1
SIM2
SIM3
SIM4
1
21
22
SIM5
SIM1
SIM2
SIM3
SIM4
1
21
22
SIM5
SIM1
SIM2
SIM3
SIM4
1
21
22
SIM5
SIM1
SIM2
SIM3
SIM4
1
21
22
SIM5
SIM1
SIM2
SIM3
SIM4
1
21
22
SIM5
SIM1
SIM2
SIM3
SIM4
1
21
22
SIM5
SIM1
SIM2
SIM3
SIM4
1
21
22
SIM5
SIM1
SIM2
SIM3
SIM4
1
21
22
SIM5
SIM1
SIM2
SIM3
SIM4
1
21
22
SIM5
SIM1
SIM2
SIM3
SIM4
1
21
22
SIM5
SIM1
SIM2
SIM3
SIM4
1
21
22
SIM5
SIM1
SIM2
SIM3
SIM4
1
21
22
SIM5
SIM1
SIM2
SIM3
SIM4
1
21
22
SIM5
SIM1
SIM2
SIM3
SIM4
1
21
22
SIM5
SIM1
SIM2
SIM3
SIM4
1
21
22
SIM5
SIM1
SIM2
SIM3
SIM4
1
21
22
SIM5
SIM1
SIM2
SIM3
SIM4
1
21
22
SIM5
SIM1
SIM2
SIM3
SIM4
1
21
22
SIM5
SIM1
SIM2
SIM3
SIM4
1
21
22
SIM5
SIM1
SIM2
SIM3
SIM4
1
21
22
SIM5
SIM1
SIM2
SIM3
SIM4
1
21
22
SIM5
SIM1
SIM2
SIM3
SIM4
1
21
22
SIM5
SIM1
SIM2
SIM3
SIM4
1
21
22
SIM5
SIM1
SIM2
SIM3
SIM4
1
21
22
SIM5
SIM1
SIM2
SIM3
SIM4
1
21
22
SIM5
SIM1
SIM2
SIM3
SIM4
1
21
22
SIM5
SIM1
SIM2
SIM3
SIM4
1
21
22
SIM5
SIM1
SIM2
SIM3
SIM4
1
21
22
SIM5
SIM1
SIM2
SIM3
SIM4
1
21
22
SIM5
SIM1
SIM2
SIM3
SIM4
1
21
22
SIM5
SIM1
SIM2
SIM3
SIM4
1
21
22
SIM5
SIM1
SIM2
SIM3
SIM4
1
21
22
SIM5
SIM1
SIM2
SIM3
SIM4
1
21
22
SIM5
SIM1
SIM2
SIM3
SIM4
1
21
22
SIM5
SIM1
SIM2
SIM3
SIM4
1
21
22
SIM5
SIM1
SIM2
SIM3
SIM4
1
21
22
SIM5
SIM1
SIM2
SIM3
SIM4
1
21
22
SIM5
SIM1
SIM2
SIM3
SIM4
1
21
22
SIM5
SIM1
SIM2
SIM3
SIM4
1
21
22
SIM5
SIM1
SIM2
SIM3
SIM4
1
21
22
SIM5
SIM1
SIM2
SIM3
SIM4
1
21
22
SIM5
SIM1
SIM2
SIM3
SIM4
1
21
22
SIM5
SIM1
SIM2
SIM3
SIM4
1
21
22
SIM5
SIM1
SIM2
SIM3
SIM4
1
21
22
SIM5
SIM1
SIM2
SIM3
SIM4
1
21
22
SIM5
SIM1
SIM2
SIM3
SIM4
1
21
22
SIM5
SIM1
SIM2
SIM3
SIM4
1
21
22
SIM5
SIM1
SIM2
SIM3
SIM4
1
21
22
SIM5
SIM1
SIM2
SIM3
SIM4
1
21
22
SIM5
SIM1
SIM2
SIM3
SIM4
1
21
22
SIM5
SIM1
SIM2
SIM3
SIM4
1
21
22
SIM5
SIM1
SIM2
SIM3
SIM4
1
21
22
SIM5
SIM1
SIM2
SIM3
SIM4
1
21
22
SIM5
SIM1
SIM2
SIM3
SIM4
1
21
22
SIM5
SIM1
SIM2
SIM3
SIM4
1
21
22
SIM5
SIM1
SIM2
SIM3
SIM4
1
21
22
SIM5
SIM1
SIM2
DEBUG 1 968
SIM1
SIM2
SIM3
SIM4
1
21
22
SIM5
SIM1
SIM2
SIM3
SIM4
1
21
22
SIM5
SIM1
SIM2
SIM3
SIM4
1
21
22
SIM5
SIM1
SIM2
SIM3
SIM4
1
21
22
SIM5
SIM1
SIM2
SIM3
SIM4
1
21
22
SIM5
SIM1
SIM2
SIM3
SIM4
1
21
22
SIM5
SIM1
SIM2
SIM3
SIM4
1
21
22
SIM5
SIM1
SIM2
SIM3
SIM4
1
21
22
SIM5
SIM1
SIM2
SIM3
SIM4
1
21
22
SIM5
SIM1
SIM2
SIM3
SIM4
1
21
22
SIM5
SIM1
SIM2
SIM3
SIM4
1
21
22
SIM5
SIM1
SIM2
SIM3
SIM4
1
21
22
SIM5
SIM1
SIM2
SIM3
SIM4
1
21
22
SIM5
SIM1
SIM2
SIM3
SIM4
1
21
22
SIM5
SIM1
SIM2
SIM3
SIM4
1
21
22
SIM5
SIM1
SIM2
SIM3
SIM4
1
21
22
SIM5
SIM1
SIM2
SIM3
SIM4
1
21
22
SIM5
SIM1
SIM2
SIM3
SIM4
1
21
22
SIM5
SIM1
SIM2
SIM3
SIM4
1
21
22
SIM5
SIM1
SIM2
SIM3
SIM4
1
21
22
SIM5
SIM1
SIM2
SIM3
SIM4
1
21
22
SIM5
SIM1
SIM2
SIM3
SIM4
1
21
22
SIM5
SIM1
SIM2
SIM3
SIM4
1
21
22
SIM5
SIM1
SIM2
SIM3
SIM4
1
21
22
SIM5
SIM1
SIM2
SIM3
SIM4
1
21
22
SIM5
SIM1
SIM2
SIM3
SIM4
1
21
22
SIM5
SIM1
SIM2
SIM3
SIM4
1
21
22
SIM5
SIM1
SIM2
SIM3
SIM4
1
21
22
SIM5
SIM1
SIM2
SIM3
SIM4
1
21
22
SIM5
SIM1
SIM2
SIM3
SIM4
1
21
22
SIM5
SIM1
SIM2
SIM3
SIM4
1
21
22
SIM5
SIM1
SIM2
SIM3
SIM4
1
21
22
SIM5
SIM1
SIM2
SIM3
SIM4
1
21
22
SIM5
SIM1
SIM2
SIM3
SIM4
1
21
22
SIM5
SIM1
SIM2
SIM3
SIM4
1
21
22
SIM5
SIM1
SIM2
SIM3
SIM4
1
21
22
SIM5
SIM1
SIM2
SIM3
SIM4
1
21
22
SIM5
SIM1
SIM2
SIM3
SIM4
1
21
22
SIM5
SIM1
SIM2
SIM3
SIM4
1
21
22
SIM5
SIM1
SIM2
SIM3
SIM4
1
21
22
SIM5
SIM1
SIM2
SIM3
SIM4
1
21
22
SIM5
SIM1
SIM2
SIM3
SIM4
1
21
22
SIM5
SIM1
SIM2
SIM3
SIM4
1
21
22
SIM5
SIM1
SIM2
SIM3
SIM4
1
21
22
SIM5
SIM1
SIM2
SIM3
SIM4
1
21
22
SIM5
SIM1
SIM2
SIM3
SIM4
1
21
22
SIM5
SIM1
SIM2
SIM3
SIM4
1
21
22
SIM5
SIM1
SIM2
SIM3
SIM4
1
21
22
SIM5
SIM1
SIM2
SIM3
SIM4
1
21
22
SIM5
SIM1
SIM2
SIM3
SIM4
1
21
22
SIM5
SIM1
SIM2
SIM3
SIM4
1
21
22
SIM5
SIM1
SIM2
SIM3
SIM4
1
21
22
SIM5
SIM1
SIM2
SIM3
SIM4
1
21
22
SIM5
SIM1
SIM2
SIM3
SIM4
1
21
22
SIM5
SIM1
SIM2
SIM3
SIM4
1
21
22
SIM5
SIM1
SIM2
SIM3
SIM4
1
21
22
SIM5
SIM1
SIM2
SIM3
SIM4
1
21
22
SIM5
SIM1
SIM2
SIM3
SIM4
1
21
22
SIM5
SIM1
SIM2
SIM3
SIM4
1
21
22
SIM5
SIM1
SIM2
SIM3
SIM4
1
21
22
SIM5
SIM1
SIM2
SIM3
SIM4
1
21
22
SIM5
SIM1
SIM2
SIM3
SIM4
1
21
22
SIM5
SIM1
SIM2
SIM3
SIM4
1
21
22
SIM5
SIM1
SIM2
SIM3
SIM4
1
21
22
SIM5
SIM1
SIM2
SIM3
SIM4
1
21
22
SIM5
SIM1
SIM2
SIM3
SIM4
1
21
22
SIM5
SIM1
SIM2
SIM3
SIM4
1
21
22
SIM5
SIM1
SIM2
SIM3
SIM4
1
21
22
SIM5
SIM1
SIM2
SIM3
SIM4
1
21
22
SIM5
SIM1
SIM2
SIM3
SIM4
1
21
22
SIM5
SIM1
SIM2
SIM3
SIM4
1
21
22
SIM5
SIM1
SIM2
SIM3
SIM4
1
21
22
SIM5
SIM1
SIM2
SIM3
SIM4
1
21
22
SIM5
SIM1
SIM2
SIM3
SIM4
1
21
22
SIM5
SIM1
SIM2
SIM3
SIM4
1
21
22
SIM5
SIM1
SIM2
SIM3
SIM4
1
21
22
SIM5
SIM1
SIM2
SIM3
SIM4
1
21
22
SIM5
SIM1
SIM2
SIM3
SIM4
1
21
22
SIM5
SIM1
SIM2
SIM3
SIM4
1
21
22
SIM5
SIM1
SIM2
SIM3
SIM4
1
21
22
SIM5
SIM1
SIM2
SIM3
SIM4
1
21
22
SIM5
SIM1
SIM2
SIM3
SIM4
1
21
22
SIM5
SIM1
SIM2
SIM3
SIM4
1
21
22
SIM5
SIM1
SIM2
SIM3
SIM4
1
21
22
SIM5
SIM1
SIM2
SIM3
SIM4
1
21
22
SIM5
SIM1
SIM2
SIM3
SIM4
1
21
22
SIM5
SIM1
SIM2
SIM3
SIM4
1
21
22
SIM5
SIM1
SIM2
SIM3
SIM4
1
21
22
SIM5
SIM1
SIM2
SIM3
SIM4
1
21
22
SIM5
SIM1
SIM2
SIM3
SIM4
1
21
22
SIM5
SIM1
SIM2
SIM3
SIM4
1
21
22
SIM5
SIM1
SIM2
SIM3
SIM4
1
21
22
SIM5
SIM1
SIM2
SIM3
SIM4
1
21
22
SIM5
SIM1
SIM2
SIM3
SIM4
1
21
22
SIM5
SIM1
SIM2
SIM3
SIM4
1
21
22
SIM5
SIM1
SIM2
SIM3
SIM4
1
21
22
SIM5
SIM1
SIM2
SIM3
SIM4
1
21
22
SIM5
SIM1
SIM2
SIM3
SIM4
1
21
22
SIM5
SIM1
SIM2
SIM3
SIM4
1
21
22
SIM5
SIM1
SIM2
SIM3
SIM4
1
21
22
SIM5
SIM1
SIM2
SIM3
SIM4
1
21
22
SIM5
SIM1
SIM2
SIM3
SIM4
1
21
22
SIM5
SIM1
SIM2
SIM3
SIM4
1
21
22
SIM5
SIM1
SIM2
SIM3
SIM4
1
21
22
SIM5
SIM1
SIM2
SIM3
SIM4
1
21
22
SIM5
SIM1
SIM2
SIM3
SIM4
1
21
22
SIM5
SIM1
SIM2
SIM3
SIM4
1
21
22
SIM5
SIM1
SIM2
SIM3
SIM4
1
21
22
SIM5
SIM1
SIM2
SIM3
SIM4
1
21
22
SIM5
SIM1
SIM2
SIM3
SIM4
1
21
22
SIM5
SIM1
SIM2
SIM3
SIM4
1
21
22
SIM5
SIM1
SIM2
SIM3
SIM4
1
21
22
SIM5
SIM1
SIM2
SIM3
SIM4
1
21
22
SIM5
SIM1
SIM2
SIM3
SIM4
1
21
22
SIM5
SIM1
SIM2
SIM3
SIM4
1
21
22
SIM5
SIM1
SIM2
SIM3
SIM4
1
21
22
SIM5
SIM1
SIM2
SIM3
SIM4
1
21
22
SIM5
SIM1
SIM2
SIM3
SIM4
1
21
22
SIM5
SIM1
SIM2
SIM3
SIM4
1
21
22
SIM5
SIM1
SIM2
SIM3
SIM4
1
21
22
SIM5
SIM1
SIM2
SIM3
SIM4
1
21
22
SIM5
SIM1
SIM2
SIM3
SIM4
1
21
22
SIM5
SIM1
SIM2
SIM3
SIM4
1
21
22
SIM5
SIM1
SIM2
SIM3
SIM4
1
21
22
SIM5
SIM1
SIM2
SIM3
SIM4
1
21
22
SIM5
SIM1
SIM2
SIM3
SIM4
1
21
22
SIM5
SIM1
SIM2
SIM3
SIM4
1
21
22
SIM5
SIM1
SIM2
SIM3
SIM4
1
21
22
SIM5
SIM1
SIM2
SIM3
SIM4
1
21
22
SIM5
SIM1
SIM2
SIM3
SIM4
1
21
22
SIM5
SIM1
SIM2
SIM3
SIM4
1
21
22
SIM5
SIM1
SIM2
SIM3
SIM4
1
21
22
SIM5
SIM1
SIM2
SIM3
SIM4
1
21
22
SIM5
SIM1
SIM2
SIM3
SIM4
1
21
22
SIM5
SIM1
SIM2
SIM3
SIM4
1
21
22
SIM5
SIM1
SIM2
SIM3
SIM4
1
21
22
SIM5
SIM1
SIM2
SIM3
SIM4
1
21
22
SIM5
SIM1
SIM2
SIM3
SIM4
1
21
22
SIM5
SIM1
SIM2
SIM3
SIM4
1
21
22
SIM5
SIM1
SIM2
SIM3
SIM4
1
21
22
SIM5
SIM1
SIM2
SIM3
SIM4
1
21
22
SIM5
SIM1
SIM2
SIM3
SIM4
1
21
22
SIM5
SIM1
SIM2
SIM3
SIM4
1
21
22
SIM5
SIM1
SIM2
SIM3
SIM4
1
21
22
SIM5
SIM1
SIM2
SIM3
SIM4
1
21
22
SIM5
SIM1
SIM2
SIM3
SIM4
1
21
22
SIM5
SIM1
SIM2
SIM3
SIM4
1
21
22
SIM5
SIM1
SIM2
SIM3
SIM4
1
21
22
SIM5
SIM1
SIM2
SIM3
SIM4
1
21
22
SIM5
SIM1
SIM2
SIM3
SIM4
1
21
22
SIM5
SIM1
SIM2
SIM3
SIM4
1
21
22
SIM5
SIM1
SIM2
SIM3
SIM4
1
21
22
SIM5
SIM1
SIM2
SIM3
SIM4
1
21
22
SIM5
SIM1
SIM2
SIM3
SIM4
1
21
22
SIM5
SIM1
SIM2
SIM3
SIM4
1
21
22
SIM5
SIM1
SIM2
SIM3
SIM4
1
21
22
SIM5
SIM1
SIM2
SIM3
SIM4
1
21
22
SIM5
SIM1
SIM2
SIM3
SIM4
1
21
22
SIM5
SIM1
SIM2
SIM3
SIM4
1
21
22
SIM5
SIM1
SIM2
SIM3
SIM4
1
21
22
SIM5
SIM1
SIM2
SIM3
SIM4
1
21
22
SIM5
SIM1
SIM2
DEBUG 1 969
SIM1
SIM2
SIM3
SIM4
1
21
22
SIM5
SIM1
SIM2
SIM3
SIM4
1
21
22
SIM5
SIM1
SIM2
SIM3
SIM4
1
21
22
SIM5
SIM1
SIM2
SIM3
SIM4
1
21
22
SIM5
SIM1
SIM2
SIM3
SIM4
1
21
22
SIM5
SIM1
SIM2
SIM3
SIM4
1
21
22
SIM5
SIM1
SIM2
SIM3
SIM4
1
21
22
SIM5
SIM1
SIM2
SIM3
SIM4
1
21
22
SIM5
SIM1
SIM2
SIM3
SIM4
1
21
22
SIM5
SIM1
SIM2
SIM3
SIM4
1
21
22
SIM5
SIM1
SIM2
SIM3
SIM4
1
21
22
SIM5
SIM1
SIM2
SIM3
SIM4
1
21
22
SIM5
SIM1
SIM2
SIM3
SIM4
1
21
22
SIM5
SIM1
SIM2
SIM3
SIM4
1
21
22
SIM5
SIM1
SIM2
SIM3
SIM4
1
21
22
SIM5
SIM1
SIM2
SIM3
SIM4
1
21
22
SIM5
SIM1
SIM2
SIM3
SIM4
1
21
22
SIM5
SIM1
SIM2
SIM3
SIM4
1
21
22
SIM5
SIM1
SIM2
SIM3
SIM4
1
21
22
SIM5
SIM1
SIM2
SIM3
SIM4
1
21
22
SIM5
SIM1
SIM2
SIM3
SIM4
1
21
22
SIM5
SIM1
SIM2
SIM3
SIM4
1
21
22
SIM5
SIM1
SIM2
SIM3
SIM4
1
21
22
SIM5
SIM1
SIM2
SIM3
SIM4
1
21
22
SIM5
SIM1
SIM2
SIM3
SIM4
1
21
22
SIM5
SIM1
SIM2
SIM3
SIM4
1
21
22
SIM5
SIM1
SIM2
SIM3
SIM4
1
21
22
SIM5
SIM1
SIM2
SIM3
SIM4
1
21
22
SIM5
SIM1
SIM2
SIM3
SIM4
1
21
22
SIM5
SIM1
SIM2
SIM3
SIM4
1
21
22
SIM5
SIM1
SIM2
SIM3
SIM4
1
21
22
SIM5
SIM1
SIM2
SIM3
SIM4
1
21
22
SIM5
SIM1
SIM2
SIM3
SIM4
1
21
22
SIM5
SIM1
SIM2
SIM3
SIM4
1
21
22
SIM5
SIM1
SIM2
SIM3
SIM4
1
21
22
SIM5
SIM1
SIM2
SIM3
SIM4
1
21
22
SIM5
SIM1
SIM2
SIM3
SIM4
1
21
22
SIM5
SIM1
SIM2
SIM3
SIM4
1
21
22
SIM5
SIM1
SIM2
SIM3
SIM4
1
21
22
SIM5
SIM1
SIM2
SIM3
SIM4
1
21
22
SIM5
SIM1
SIM2
SIM3
SIM4
1
21
22
SIM5
SIM1
SIM2
SIM3
SIM4
1
21
22
SIM5
SIM1
SIM2
SIM3
SIM4
1
21
22
SIM5
SIM1
SIM2
SIM3
SIM4
1
21
22
SIM5
SIM1
SIM2
SIM3
SIM4
1
21
22
SIM5
SIM1
SIM2
SIM3
SIM4
1
21
22
SIM5
SIM1
SIM2
SIM3
SIM4
1
21
22
SIM5
SIM1
SIM2
SIM3
SIM4
1
21
22
SIM5
SIM1
SIM2
SIM3
SIM4
1
21
22
SIM5
SIM1
SIM2
SIM3
SIM4
1
21
22
SIM5
SIM1
SIM2
SIM3
SIM4
1
21
22
SIM5
SIM1
SIM2
SIM3
SIM4
1
21
22
SIM5
SIM1
SIM2
SIM3
SIM4
1
21
22
SIM5
SIM1
SIM2
SIM3
SIM4
1
21
22
SIM5
SIM1
SIM2
SIM3
SIM4
1
21
22
SIM5
SIM1
SIM2
SIM3
SIM4
1
21
22
SIM5
SIM1
SIM2
SIM3
SIM4
1
21
22
SIM5
SIM1
SIM2
SIM3
SIM4
1
21
22
SIM5
SIM1
SIM2
SIM3
SIM4
1
21
22
SIM5
SIM1
SIM2
SIM3
SIM4
1
21
22
SIM5
SIM1
SIM2
SIM3
SIM4
1
21
22
SIM5
SIM1
SIM2
SIM3
SIM4
1
21
22
SIM5
SIM1
SIM2
SIM3
SIM4
1
21
22
SIM5
SIM1
SIM2
SIM3
SIM4
1
21
22
SIM5
SIM1
SIM2
SIM3
SIM4
1
21
22
SIM5
SIM1
SIM2
SIM3
SIM4
1
21
22
SIM5
SIM1
SIM2
SIM3
SIM4
1
21
22
SIM5
SIM1
SIM2
SIM3
SIM4
1
21
22
SIM5
SIM1
SIM2
SIM3
SIM4
1
21
22
SIM5
SIM1
SIM2
SIM3
SIM4
1
21
22
SIM5
SIM1
SIM2
SIM3
SIM4
1
21
22
SIM5
SIM1
SIM2
SIM3
SIM4
1
21
22
SIM5
SIM1
SIM2
SIM3
SIM4
1
21
22
SIM5
SIM1
SIM2
SIM3
SIM4
1
21
22
SIM5
SIM1
SIM2
SIM3
SIM4
1
21
22
SIM5
SIM1
SIM2
SIM3
SIM4
1
21
22
SIM5
SIM1
SIM2
SIM3
SIM4
1
21
22
SIM5
SIM1
SIM2
SIM3
SIM4
1
21
22
SIM5
SIM1
SIM2
SIM3
SIM4
1
21
22
SIM5
SIM1
SIM2
SIM3
SIM4
1
21
22
SIM5
SIM1
SIM2
SIM3
SIM4
1
21
22
SIM5
SIM1
SIM2
SIM3
SIM4
1
21
22
SIM5
SIM1
SIM2
SIM3
SIM4
1
21
22
SIM5
SIM1
SIM2
SIM3
SIM4
1
21
22
SIM5
SIM1
SIM2
SIM3
SIM4
1
21
22
SIM5
SIM1
SIM2
SIM3
SIM4
1
21
22
SIM5
SIM1
SIM2
SIM3
SIM4
1
21
22
SIM5
SIM1
SIM2
SIM3
SIM4
1
21
22
SIM5
SIM1
SIM2
SIM3
SIM4
1
21
22
SIM5
SIM1
SIM2
SIM3
SIM4
1
21
22
SIM5
SIM1
SIM2
SIM3
SIM4
1
21
22
SIM5
SIM1
SIM2
SIM3
SIM4
1
21
22
SIM5
SIM1
SIM2
SIM3
SIM4
1
21
22
SIM5
SIM1
SIM2
SIM3
SIM4
1
21
22
SIM5
SIM1
SIM2
SIM3
SIM4
1
21
22
SIM5
SIM1
SIM2
SIM3
SIM4
1
21
22
SIM5
SIM1
SIM2
SIM3
SIM4
1
21
22
SIM5
SIM1
SIM2
SIM3
SIM4
1
21
22
SIM5
SIM1
SIM2
SIM3
SIM4
1
21
22
SIM5
SIM1
SIM2
SIM3
SIM4
1
21
22
SIM5
SIM1
SIM2
SIM3
SIM4
1
21
22
SIM5
SIM1
SIM2
SIM3
SIM4
1
21
22
SIM5
SIM1
SIM2
SIM3
SIM4
1
21
22
SIM5
SIM1
SIM2
SIM3
SIM4
1
21
22
SIM5
SIM1
SIM2
SIM3
SIM4
1
21
22
SIM5
SIM1
SIM2
SIM3
SIM4
1
21
22
SIM5
SIM1
SIM2
SIM3
SIM4
1
21
22
SIM5
SIM1
SIM2
SIM3
SIM4
1
21
22
SIM5
SIM1
SIM2
SIM3
SIM4
1
21
22
SIM5
SIM1
SIM2
SIM3
SIM4
1
21
22
SIM5
SIM1
SIM2
SIM3
SIM4
1
21
22
SIM5
SIM1
SIM2
SIM3
SIM4
1
21
22
SIM5
SIM1
SIM2
SIM3
SIM4
1
21
22
SIM5
SIM1
SIM2
SIM3
SIM4
1
21
22
SIM5
SIM1
SIM2
SIM3
SIM4
1
21
22
SIM5
SIM1
SIM2
SIM3
SIM4
1
21
22
SIM5
SIM1
SIM2
SIM3
SIM4
1
21
22
SIM5
SIM1
SIM2
SIM3
SIM4
1
21
22
SIM5
SIM1
SIM2
SIM3
SIM4
1
21
22
SIM5
SIM1
SIM2
SIM3
SIM4
1
21
22
SIM5
SIM1
SIM2
SIM3
SIM4
1
21
22
SIM5
SIM1
SIM2
SIM3
SIM4
1
21
22
SIM5
SIM1
SIM2
SIM3
SIM4
1
21
22
SIM5
SIM1
SIM2
SIM3
SIM4
1
21
22
SIM5
SIM1
SIM2
SIM3
SIM4
1
21
22
SIM5
SIM1
SIM2
SIM3
SIM4
1
21
22
SIM5
SIM1
SIM2
SIM3
SIM4
1
21
22
SIM5
SIM1
SIM2
SIM3
SIM4
1
21
22
SIM5
SIM1
SIM2
SIM3
SIM4
1
21
22
SIM5
SIM1
SIM2
SIM3
SIM4
1
21
22
SIM5
SIM1
SIM2
SIM3
SIM4
1
21
22
SIM5
SIM1
SIM2
SIM3
SIM4
1
21
22
SIM5
SIM1
SIM2
SIM3
SIM4
1
21
22
SIM5
SIM1
SIM2
SIM3
SIM4
1
21
22
SIM5
SIM1
SIM2
SIM3
SIM4
1
21
22
SIM5
SIM1
SIM2
SIM3
SIM4
1
21
22
SIM5
SIM1
SIM2
SIM3
SIM4
1
21
22
SIM5
SIM1
SIM2
SIM3
SIM4
1
21
22
SIM5
SIM1
SIM2
SIM3
SIM4
1
21
22
SIM5
SIM1
SIM2
SIM3
SIM4
1
21
22
SIM5
SIM1
SIM2
SIM3
SIM4
1
21
22
SIM5
SIM1
SIM2
SIM3
SIM4
1
21
22
SIM5
SIM1
SIM2
SIM3
SIM4
1
21
22
SIM5
SIM1
SIM2
SIM3
SIM4
1
21
22
SIM5
SIM1
SIM2
SIM3
SIM4
1
21
22
SIM5
SIM1
SIM2
SIM3
SIM4
1
21
22
SIM5
SIM1
SIM2
SIM3
SIM4
1
21
22
SIM5
SIM1
SIM2
SIM3
SIM4
1
21
22
SIM5
SIM1
SIM2
SIM3
SIM4
1
21
22
SIM5
SIM1
SIM2
SIM3
SIM4
1
21
22
SIM5
SIM1
SIM2
SIM3
SIM4
1
21
22
SIM5
SIM1
SIM2
SIM3
SIM4
1
21
22
SIM5
SIM1
SIM2
SIM3
SIM4
1
21
22
SIM5
SIM1
SIM2
SIM3
SIM4
1
21
22
SIM5
SIM1
SIM2
SIM3
SIM4
1
21
22
SIM5
SIM1
SIM2
SIM3
SIM4
1
21
22
SIM5
SIM1
SIM2
SIM3
SIM4
1
21
22
SIM5
SIM1
SIM2
SIM3
SIM4
1
21
22
SIM5
SIM1
SIM2
SIM3
SIM4
1
21
22
SIM5
SIM1
SIM2
SIM3
SIM4
1
21
22
SIM5
SIM1
SIM2
SIM3
SIM4
1
21
22
SIM5
SIM1
SIM2
SIM3
SIM4
1
21
22
SIM5
SIM1
SIM2
SIM3
SIM4
1
21
22
SIM5
SIM1
SIM2
SIM3
SIM4
1
21
22
SIM5
SIM1
SIM2
SIM3
SIM4
1
21
22
SIM5
SIM1
SIM2
SIM3
SIM4
1
21
22
SIM5
SIM1
SIM2
SIM3
SIM4
1
21
22
SIM5
SIM1
SIM2
SIM3
SIM4
1
21
22
SIM5
SIM1
SIM2
SIM3
SIM4
1
21
22
SIM5
SIM1
SIM2
SIM3
SIM4
1
21
22
SIM5
SIM1
SIM2
SIM3
SIM4
1
21
22
SIM5
SIM1
SIM2
SIM3
SIM4
1
21
22
SIM5
SIM1
SIM2
SIM3
SIM4
1
21
22
SIM5
SIM1
SIM2
SIM3
SIM4
1
21
22
SIM5
SIM1
SIM2
SIM3
SIM4
1
21
22
SIM5
SIM1
SIM2
SIM3
SIM4
1
21
22
SIM5
SIM1
SIM2
SIM3
SIM4
1
21
22
SIM5
SIM1
SIM2
SIM3
SIM4
1
21
22
SIM5
SIM1
SIM2
SIM3
SIM4
1
21
22
SIM5
SIM1
SIM2
SIM3
SIM4
1
21
22
SIM5
SIM1
SIM2
DEBUG 1 970
SIM1
SIM2
SIM3
SIM4
1
21
22
SIM5
SIM1
SIM2
SIM3
SIM4
1
21
22
SIM5
SIM1
SIM2
SIM3
SIM4
1
21
22
SIM5
SIM1
SIM2
SIM3
SIM4
1
21
22
SIM5
SIM1
SIM2
SIM3
SIM4
1
21
22
SIM5
SIM1
SIM2
SIM3
SIM4
1
21
22
SIM5
SIM1
SIM2
SIM3
SIM4
1
21
22
SIM5
SIM1
SIM2
SIM3
SIM4
1
21
22
SIM5
SIM1
SIM2
SIM3
SIM4
1
21
22
SIM5
SIM1
SIM2
SIM3
SIM4
1
21
22
SIM5
SIM1
SIM2
SIM3
SIM4
1
21
22
SIM5
SIM1
SIM2
SIM3
SIM4
1
21
22
SIM5
SIM1
SIM2
SIM3
SIM4
1
21
22
SIM5
SIM1
SIM2
SIM3
SIM4
1
21
22
SIM5
SIM1
SIM2
SIM3
SIM4
1
21
22
SIM5
SIM1
SIM2
SIM3
SIM4
1
21
22
SIM5
SIM1
SIM2
SIM3
SIM4
1
21
22
SIM5
SIM1
SIM2
SIM3
SIM4
1
21
22
SIM5
SIM1
SIM2
SIM3
SIM4
1
21
22
SIM5
SIM1
SIM2
SIM3
SIM4
1
21
22
SIM5
SIM1
SIM2
SIM3
SIM4
1
21
22
SIM5
SIM1
SIM2
SIM3
SIM4
1
21
22
SIM5
SIM1
SIM2
SIM3
SIM4
1
21
22
SIM5
SIM1
SIM2
SIM3
SIM4
1
21
22
SIM5
SIM1
SIM2
SIM3
SIM4
1
21
22
SIM5
SIM1
SIM2
SIM3
SIM4
1
21
22
SIM5
SIM1
SIM2
SIM3
SIM4
1
21
22
SIM5
SIM1
SIM2
SIM3
SIM4
1
21
22
SIM5
SIM1
SIM2
SIM3
SIM4
1
21
22
SIM5
SIM1
SIM2
SIM3
SIM4
1
21
22
SIM5
SIM1
SIM2
SIM3
SIM4
1
21
22
SIM5
SIM1
SIM2
SIM3
SIM4
1
21
22
SIM5
SIM1
SIM2
SIM3
SIM4
1
21
22
SIM5
SIM1
SIM2
SIM3
SIM4
1
21
22
SIM5
SIM1
SIM2
SIM3
SIM4
1
21
22
SIM5
SIM1
SIM2
SIM3
SIM4
1
21
22
SIM5
SIM1
SIM2
SIM3
SIM4
1
21
22
SIM5
SIM1
SIM2
SIM3
SIM4
1
21
22
SIM5
SIM1
SIM2
SIM3
SIM4
1
21
22
SIM5
SIM1
SIM2
SIM3
SIM4
1
21
22
SIM5
SIM1
SIM2
SIM3
SIM4
1
21
22
SIM5
SIM1
SIM2
SIM3
SIM4
1
21
22
SIM5
SIM1
SIM2
SIM3
SIM4
1
21
22
SIM5
SIM1
SIM2
SIM3
SIM4
1
21
22
SIM5
SIM1
SIM2
SIM3
SIM4
1
21
22
SIM5
SIM1
SIM2
SIM3
SIM4
1
21
22
SIM5
SIM1
SIM2
SIM3
SIM4
1
21
22
SIM5
SIM1
SIM2
SIM3
SIM4
1
21
22
SIM5
SIM1
SIM2
SIM3
SIM4
1
21
22
SIM5
SIM1
SIM2
SIM3
SIM4
1
21
22
SIM5
SIM1
SIM2
SIM3
SIM4
1
21
22
SIM5
SIM1
SIM2
SIM3
SIM4
1
21
22
SIM5
SIM1
SIM2
SIM3
SIM4
1
21
22
SIM5
SIM1
SIM2
SIM3
SIM4
1
21
22
SIM5
SIM1
SIM2
SIM3
SIM4
1
21
22
SIM5
SIM1
SIM2
SIM3
SIM4
1
21
22
SIM5
SIM1
SIM2
SIM3
SIM4
1
21
22
SIM5
SIM1
SIM2
SIM3
SIM4
1
21
22
SIM5
SIM1
SIM2
SIM3
SIM4
1
21
22
SIM5
SIM1
SIM2
SIM3
SIM4
1
21
22
SIM5
SIM1
SIM2
SIM3
SIM4
1
21
22
SIM5
SIM1
SIM2
SIM3
SIM4
1
21
22
SIM5
SIM1
SIM2
SIM3
SIM4
1
21
22
SIM5
SIM1
SIM2
SIM3
SIM4
1
21
22
SIM5
SIM1
SIM2
SIM3
SIM4
1
21
22
SIM5
SIM1
SIM2
SIM3
SIM4
1
21
22
SIM5
SIM1
SIM2
SIM3
SIM4
1
21
22
SIM5
SIM1
SIM2
SIM3
SIM4
1
21
22
SIM5
SIM1
SIM2
SIM3
SIM4
1
21
22
SIM5
SIM1
SIM2
SIM3
SIM4
1
21
22
SIM5
SIM1
SIM2
SIM3
SIM4
1
21
22
SIM5
SIM1
SIM2
SIM3
SIM4
1
21
22
SIM5
SIM1
SIM2
SIM3
SIM4
1
21
22
SIM5
SIM1
SIM2
SIM3
SIM4
1
21
22
SIM5
SIM1
SIM2
SIM3
SIM4
1
21
22
SIM5
SIM1
SIM2
SIM3
SIM4
1
21
22
SIM5
SIM1
SIM2
SIM3
SIM4
1
21
22
SIM5
SIM1
SIM2
SIM3
SIM4
1
21
22
SIM5
SIM1
SIM2
SIM3
SIM4
1
21
22
SIM5
SIM1
SIM2
SIM3
SIM4
1
21
22
SIM5
SIM1
SIM2
SIM3
SIM4
1
21
22
SIM5
SIM1
SIM2
SIM3
SIM4
1
21
22
SIM5
SIM1
SIM2
SIM3
SIM4
1
21
22
SIM5
SIM1
SIM2
SIM3
SIM4
1
21
22
SIM5
SIM1
SIM2
SIM3
SIM4
1
21
22
SIM5
SIM1
SIM2
SIM3
SIM4
1
21
22
SIM5
SIM1
SIM2
SIM3
SIM4
1
21
22
SIM5
SIM1
SIM2
SIM3
SIM4
1
21
22
SIM5
SIM1
SIM2
SIM3
SIM4
1
21
22
SIM5
SIM1
SIM2
SIM3
SIM4
1
21
22
SIM5
SIM1
SIM2
SIM3
SIM4
1
21
22
SIM5
SIM1
SIM2
SIM3
SIM4
1
21
22
SIM5
SIM1
SIM2
SIM3
SIM4
1
21
22
SIM5
SIM1
SIM2
SIM3
SIM4
1
21
22
SIM5
SIM1
SIM2
SIM3
SIM4
1
21
22
SIM5
SIM1
SIM2
SIM3
SIM4
1
21
22
SIM5
SIM1
SIM2
SIM3
SIM4
1
21
22
SIM5
SIM1
SIM2
SIM3
SIM4
1
21
22
SIM5
SIM1
SIM2
SIM3
SIM4
1
21
22
SIM5
SIM1
SIM2
SIM3
SIM4
1
21
22
SIM5
SIM1
SIM2
SIM3
SIM4
1
21
22
SIM5
SIM1
SIM2
SIM3
SIM4
1
21
22
SIM5
SIM1
SIM2
SIM3
SIM4
1
21
22
SIM5
SIM1
SIM2
SIM3
SIM4
1
21
22
SIM5
SIM1
SIM2
SIM3
SIM4
1
21
22
SIM5
SIM1
SIM2
SIM3
SIM4
1
21
22
SIM5
SIM1
SIM2
SIM3
SIM4
1
21
22
SIM5
SIM1
SIM2
SIM3
SIM4
1
21
22
SIM5
SIM1
SIM2
SIM3
SIM4
1
21
22
SIM5
SIM1
SIM2
SIM3
SIM4
1
21
22
SIM5
SIM1
SIM2
SIM3
SIM4
1
21
22
SIM5
SIM1
SIM2
SIM3
SIM4
1
21
22
SIM5
SIM1
SIM2
SIM3
SIM4
1
21
22
SIM5
SIM1
SIM2
SIM3
SIM4
1
21
22
SIM5
SIM1
SIM2
SIM3
SIM4
1
21
22
SIM5
SIM1
SIM2
SIM3
SIM4
1
21
22
SIM5
SIM1
SIM2
SIM3
SIM4
1
21
22
SIM5
SIM1
SIM2
SIM3
SIM4
1
21
22
SIM5
SIM1
SIM2
SIM3
SIM4
1
21
22
SIM5
SIM1
SIM2
SIM3
SIM4
1
21
22
SIM5
SIM1
SIM2
SIM3
SIM4
1
21
22
SIM5
SIM1
SIM2
SIM3
SIM4
1
21
22
SIM5
SIM1
SIM2
SIM3
SIM4
1
21
22
SIM5
SIM1
SIM2
SIM3
SIM4
1
21
22
SIM5
SIM1
SIM2
SIM3
SIM4
1
21
22
SIM5
SIM1
SIM2
SIM3
SIM4
1
21
22
SIM5
SIM1
SIM2
SIM3
SIM4
1
21
22
SIM5
SIM1
SIM2
SIM3
SIM4
1
21
22
SIM5
SIM1
SIM2
SIM3
SIM4
1
21
22
SIM5
SIM1
SIM2
SIM3
SIM4
1
21
22
SIM5
SIM1
SIM2
SIM3
SIM4
1
21
22
SIM5
SIM1
SIM2
SIM3
SIM4
1
21
22
SIM5
SIM1
SIM2
SIM3
SIM4
1
21
22
SIM5
SIM1
SIM2
SIM3
SIM4
1
21
22
SIM5
SIM1
SIM2
SIM3
SIM4
1
21
22
SIM5
SIM1
SIM2
SIM3
SIM4
1
21
22
SIM5
SIM1
SIM2
SIM3
SIM4
1
21
22
SIM5
SIM1
SIM2
SIM3
SIM4
1
21
22
SIM5
SIM1
SIM2
SIM3
SIM4
1
21
22
SIM5
SIM1
SIM2
SIM3
SIM4
1
21
22
SIM5
SIM1
SIM2
SIM3
SIM4
1
21
22
SIM5
SIM1
SIM2
SIM3
SIM4
1
21
22
SIM5
SIM1
SIM2
SIM3
SIM4
1
21
22
SIM5
SIM1
SIM2
SIM3
SIM4
1
21
22
SIM5
SIM1
SIM2
SIM3
SIM4
1
21
22
SIM5
SIM1
SIM2
SIM3
SIM4
1
21
22
SIM5
SIM1
SIM2
SIM3
SIM4
1
21
22
SIM5
SIM1
SIM2
SIM3
SIM4
1
21
22
SIM5
SIM1
SIM2
SIM3
SIM4
1
21
22
SIM5
SIM1
SIM2
SIM3
SIM4
1
21
22
SIM5
SIM1
SIM2
SIM3
SIM4
1
21
22
SIM5
SIM1
SIM2
SIM3
SIM4
1
21
22
SIM5
SIM1
SIM2
SIM3
SIM4
1
21
22
SIM5
SIM1
SIM2
SIM3
SIM4
1
21
22
SIM5
SIM1
SIM2
SIM3
SIM4
1
21
22
SIM5
SIM1
SIM2
SIM3
SIM4
1
21
22
SIM5
SIM1
SIM2
SIM3
SIM4
1
21
22
SIM5
SIM1
SIM2
SIM3
SIM4
1
21
22
SIM5
SIM1
SIM2
SIM3
SIM4
1
21
22
SIM5
SIM1
SIM2
SIM3
SIM4
1
21
22
SIM5
SIM1
SIM2
SIM3
SIM4
1
21
22
SIM5
SIM1
SIM2
SIM3
SIM4
1
21
22
SIM5
SIM1
SIM2
SIM3
SIM4
1
21
22
SIM5
SIM1
SIM2
DEBUG 1 971
SIM1
SIM2
SIM3
SIM4
1
21
22
SIM5
SIM1
SIM2
SIM3
SIM4
1
21
22
SIM5
SIM1
SIM2
SIM3
SIM4
1
21
22
SIM5
SIM1
SIM2
SIM3
SIM4
1
21
22
SIM5
SIM1
SIM2
SIM3
SIM4
1
21
22
SIM5
SIM1
SIM2
SIM3
SIM4
1
21
22
SIM5
SIM1
SIM2
SIM3
SIM4
1
21
22
SIM5
SIM1
SIM2
SIM3
SIM4
1
21
22
SIM5
SIM1
SIM2
SIM3
SIM4
1
21
22
SIM5
SIM1
SIM2
SIM3
SIM4
1
21
22
SIM5
SIM1
SIM2
SIM3
SIM4
1
21
22
SIM5
SIM1
SIM2
SIM3
SIM4
1
21
22
SIM5
SIM1
SIM2
SIM3
SIM4
1
21
22
SIM5
SIM1
SIM2
SIM3
SIM4
1
21
22
SIM5
SIM1
SIM2
SIM3
SIM4
1
21
22
SIM5
SIM1
SIM2
SIM3
SIM4
1
21
22
SIM5
SIM1
SIM2
SIM3
SIM4
1
21
22
SIM5
SIM1
SIM2
SIM3
SIM4
1
21
22
SIM5
SIM1
SIM2
SIM3
SIM4
1
21
22
SIM5
SIM1
SIM2
SIM3
SIM4
1
21
22
SIM5
SIM1
SIM2
SIM3
SIM4
1
21
22
SIM5
SIM1
SIM2
SIM3
SIM4
1
21
22
SIM5
SIM1
SIM2
SIM3
SIM4
1
21
22
SIM5
SIM1
SIM2
SIM3
SIM4
1
21
22
SIM5
SIM1
SIM2
SIM3
SIM4
1
21
22
SIM5
SIM1
SIM2
SIM3
SIM4
1
21
22
SIM5
SIM1
SIM2
SIM3
SIM4
1
21
22
SIM5
SIM1
SIM2
SIM3
SIM4
1
21
22
SIM5
SIM1
SIM2
SIM3
SIM4
1
21
22
SIM5
SIM1
SIM2
SIM3
SIM4
1
21
22
SIM5
SIM1
SIM2
SIM3
SIM4
1
21
22
SIM5
SIM1
SIM2
SIM3
SIM4
1
21
22
SIM5
SIM1
SIM2
SIM3
SIM4
1
21
22
SIM5
SIM1
SIM2
SIM3
SIM4
1
21
22
SIM5
SIM1
SIM2
SIM3
SIM4
1
21
22
SIM5
SIM1
SIM2
SIM3
SIM4
1
21
22
SIM5
SIM1
SIM2
SIM3
SIM4
1
21
22
SIM5
SIM1
SIM2
SIM3
SIM4
1
21
22
SIM5
SIM1
SIM2
SIM3
SIM4
1
21
22
SIM5
SIM1
SIM2
SIM3
SIM4
1
21
22
SIM5
SIM1
SIM2
SIM3
SIM4
1
21
22
SIM5
SIM1
SIM2
SIM3
SIM4
1
21
22
SIM5
SIM1
SIM2
SIM3
SIM4
1
21
22
SIM5
SIM1
SIM2
SIM3
SIM4
1
21
22
SIM5
SIM1
SIM2
SIM3
SIM4
1
21
22
SIM5
SIM1
SIM2
SIM3
SIM4
1
21
22
SIM5
SIM1
SIM2
SIM3
SIM4
1
21
22
SIM5
SIM1
SIM2
SIM3
SIM4
1
21
22
SIM5
SIM1
SIM2
SIM3
SIM4
1
21
22
SIM5
SIM1
SIM2
SIM3
SIM4
1
21
22
SIM5
SIM1
SIM2
SIM3
SIM4
1
21
22
SIM5
SIM1
SIM2
SIM3
SIM4
1
21
22
SIM5
SIM1
SIM2
SIM3
SIM4
1
21
22
SIM5
SIM1
SIM2
SIM3
SIM4
1
21
22
SIM5
SIM1
SIM2
SIM3
SIM4
1
21
22
SIM5
SIM1
SIM2
SIM3
SIM4
1
21
22
SIM5
SIM1
SIM2
SIM3
SIM4
1
21
22
SIM5
SIM1
SIM2
SIM3
SIM4
1
21
22
SIM5
SIM1
SIM2
SIM3
SIM4
1
21
22
SIM5
SIM1
SIM2
SIM3
SIM4
1
21
22
SIM5
SIM1
SIM2
SIM3
SIM4
1
21
22
SIM5
SIM1
SIM2
SIM3
SIM4
1
21
22
SIM5
SIM1
SIM2
SIM3
SIM4
1
21
22
SIM5
SIM1
SIM2
SIM3
SIM4
1
21
22
SIM5
SIM1
SIM2
SIM3
SIM4
1
21
22
SIM5
SIM1
SIM2
SIM3
SIM4
1
21
22
SIM5
SIM1
SIM2
SIM3
SIM4
1
21
22
SIM5
SIM1
SIM2
SIM3
SIM4
1
21
22
SIM5
SIM1
SIM2
SIM3
SIM4
1
21
22
SIM5
SIM1
SIM2
SIM3
SIM4
1
21
22
SIM5
SIM1
SIM2
SIM3
SIM4
1
21
22
SIM5
SIM1
SIM2
SIM3
SIM4
1
21
22
SIM5
SIM1
SIM2
SIM3
SIM4
1
21
22
SIM5
SIM1
SIM2
SIM3
SIM4
1
21
22
SIM5
SIM1
SIM2
SIM3
SIM4
1
21
22
SIM5
SIM1
SIM2
SIM3
SIM4
1
21
22
SIM5
SIM1
SIM2
SIM3
SIM4
1
21
22
SIM5
SIM1
SIM2
SIM3
SIM4
1
21
22
SIM5
SIM1
SIM2
SIM3
SIM4
1
21
22
SIM5
SIM1
SIM2
SIM3
SIM4
1
21
22
SIM5
SIM1
SIM2
SIM3
SIM4
1
21
22
SIM5
SIM1
SIM2
SIM3
SIM4
1
21
22
SIM5
SIM1
SIM2
SIM3
SIM4
1
21
22
SIM5
SIM1
SIM2
SIM3
SIM4
1
21
22
SIM5
SIM1
SIM2
SIM3
SIM4
1
21
22
SIM5
SIM1
SIM2
SIM3
SIM4
1
21
22
SIM5
SIM1
SIM2
SIM3
SIM4
1
21
22
SIM5
SIM1
SIM2
SIM3
SIM4
1
21
22
SIM5
SIM1
SIM2
SIM3
SIM4
1
21
22
SIM5
SIM1
SIM2
SIM3
SIM4
1
21
22
SIM5
SIM1
SIM2
SIM3
SIM4
1
21
22
SIM5
SIM1
SIM2
SIM3
SIM4
1
21
22
SIM5
SIM1
SIM2
SIM3
SIM4
1
21
22
SIM5
SIM1
SIM2
SIM3
SIM4
1
21
22
SIM5
SIM1
SIM2
SIM3
SIM4
1
21
22
SIM5
SIM1
SIM2
SIM3
SIM4
1
21
22
SIM5
SIM1
SIM2
SIM3
SIM4
1
21
22
SIM5
SIM1
SIM2
SIM3
SIM4
1
21
22
SIM5
SIM1
SIM2
SIM3
SIM4
1
21
22
SIM5
SIM1
SIM2
SIM3
SIM4
1
21
22
SIM5
SIM1
SIM2
SIM3
SIM4
1
21
22
SIM5
SIM1
SIM2
SIM3
SIM4
1
21
22
SIM5
SIM1
SIM2
SIM3
SIM4
1
21
22
SIM5
SIM1
SIM2
SIM3
SIM4
1
21
22
SIM5
SIM1
SIM2
SIM3
SIM4
1
21
22
SIM5
SIM1
SIM2
SIM3
SIM4
1
21
22
SIM5
SIM1
SIM2
SIM3
SIM4
1
21
22
SIM5
SIM1
SIM2
SIM3
SIM4
1
21
22
SIM5
SIM1
SIM2
SIM3
SIM4
1
21
22
SIM5
SIM1
SIM2
SIM3
SIM4
1
21
22
SIM5
SIM1
SIM2
SIM3
SIM4
1
21
22
SIM5
SIM1
SIM2
SIM3
SIM4
1
21
22
SIM5
SIM1
SIM2
SIM3
SIM4
1
21
22
SIM5
SIM1
SIM2
SIM3
SIM4
1
21
22
SIM5
SIM1
SIM2
SIM3
SIM4
1
21
22
SIM5
SIM1
SIM2
SIM3
SIM4
1
21
22
SIM5
SIM1
SIM2
SIM3
SIM4
1
21
22
SIM5
SIM1
SIM2
SIM3
SIM4
1
21
22
SIM5
SIM1
SIM2
SIM3
SIM4
1
21
22
SIM5
SIM1
SIM2
SIM3
SIM4
1
21
22
SIM5
SIM1
SIM2
SIM3
SIM4
1
21
22
SIM5
SIM1
SIM2
SIM3
SIM4
1
21
22
SIM5
SIM1
SIM2
SIM3
SIM4
1
21
22
SIM5
SIM1
SIM2
SIM3
SIM4
1
21
22
SIM5
SIM1
SIM2
SIM3
SIM4
1
21
22
SIM5
SIM1
SIM2
SIM3
SIM4
1
21
22
SIM5
SIM1
SIM2
SIM3
SIM4
1
21
22
SIM5
SIM1
SIM2
SIM3
SIM4
1
21
22
SIM5
SIM1
SIM2
SIM3
SIM4
1
21
22
SIM5
SIM1
SIM2
SIM3
SIM4
1
21
22
SIM5
SIM1
SIM2
SIM3
SIM4
1
21
22
SIM5
SIM1
SIM2
SIM3
SIM4
1
21
22
SIM5
SIM1
SIM2
SIM3
SIM4
1
21
22
SIM5
SIM1
SIM2
SIM3
SIM4
1
21
22
SIM5
SIM1
SIM2
SIM3
SIM4
1
21
22
SIM5
SIM1
SIM2
SIM3
SIM4
1
21
22
SIM5
SIM1
SIM2
SIM3
SIM4
1
21
22
SIM5
SIM1
SIM2
SIM3
SIM4
1
21
22
SIM5
SIM1
SIM2
SIM3
SIM4
1
21
22
SIM5
SIM1
SIM2
SIM3
SIM4
1
21
22
SIM5
SIM1
SIM2
SIM3
SIM4
1
21
22
SIM5
SIM1
SIM2
SIM3
SIM4
1
21
22
SIM5
SIM1
SIM2
SIM3
SIM4
1
21
22
SIM5
SIM1
SIM2
SIM3
SIM4
1
21
22
SIM5
SIM1
SIM2
SIM3
SIM4
1
21
22
SIM5
SIM1
SIM2
DEBUG 1 972
SIM1
SIM2
SIM3
SIM4
1
21
22
SIM5
SIM1
SIM2
SIM3
SIM4
1
21
22
SIM5
SIM1
SIM2
SIM3
SIM4
1
21
22
SIM5
SIM1
SIM2
SIM3
SIM4
1
21
22
SIM5
SIM1
SIM2
SIM3
SIM4
1
21
22
SIM5
SIM1
SIM2
SIM3
SIM4
1
21
22
SIM5
SIM1
SIM2
SIM3
SIM4
1
21
22
SIM5
SIM1
SIM2
SIM3
SIM4
1
21
22
SIM5
SIM1
SIM2
SIM3
SIM4
1
21
22
SIM5
SIM1
SIM2
SIM3
SIM4
1
21
22
SIM5
SIM1
SIM2
SIM3
SIM4
1
21
22
SIM5
SIM1
SIM2
SIM3
SIM4
1
21
22
SIM5
SIM1
SIM2
SIM3
SIM4
1
21
22
SIM5
SIM1
SIM2
SIM3
SIM4
1
21
22
SIM5
SIM1
SIM2
SIM3
SIM4
1
21
22
SIM5
SIM1
SIM2
SIM3
SIM4
1
21
22
SIM5
SIM1
SIM2
SIM3
SIM4
1
21
22
SIM5
SIM1
SIM2
SIM3
SIM4
1
21
22
SIM5
SIM1
SIM2
SIM3
SIM4
1
21
22
SIM5
SIM1
SIM2
SIM3
SIM4
1
21
22
SIM5
SIM1
SIM2
SIM3
SIM4
1
21
22
SIM5
SIM1
SIM2
SIM3
SIM4
1
21
22
SIM5
SIM1
SIM2
SIM3
SIM4
1
21
22
SIM5
SIM1
SIM2
SIM3
SIM4
1
21
22
SIM5
SIM1
SIM2
SIM3
SIM4
1
21
22
SIM5
SIM1
SIM2
SIM3
SIM4
1
21
22
SIM5
SIM1
SIM2
SIM3
SIM4
1
21
22
SIM5
SIM1
SIM2
SIM3
SIM4
1
21
22
SIM5
SIM1
SIM2
SIM3
SIM4
1
21
22
SIM5
SIM1
SIM2
SIM3
SIM4
1
21
22
SIM5
SIM1
SIM2
SIM3
SIM4
1
21
22
SIM5
SIM1
SIM2
SIM3
SIM4
1
21
22
SIM5
SIM1
SIM2
SIM3
SIM4
1
21
22
SIM5
SIM1
SIM2
SIM3
SIM4
1
21
22
SIM5
SIM1
SIM2
SIM3
SIM4
1
21
22
SIM5
SIM1
SIM2
SIM3
SIM4
1
21
22
SIM5
SIM1
SIM2
SIM3
SIM4
1
21
22
SIM5
SIM1
SIM2
SIM3
SIM4
1
21
22
SIM5
SIM1
SIM2
SIM3
SIM4
1
21
22
SIM5
SIM1
SIM2
SIM3
SIM4
1
21
22
SIM5
SIM1
SIM2
SIM3
SIM4
1
21
22
SIM5
SIM1
SIM2
SIM3
SIM4
1
21
22
SIM5
SIM1
SIM2
SIM3
SIM4
1
21
22
SIM5
SIM1
SIM2
SIM3
SIM4
1
21
22
SIM5
SIM1
SIM2
SIM3
SIM4
1
21
22
SIM5
SIM1
SIM2
SIM3
SIM4
1
21
22
SIM5
SIM1
SIM2
SIM3
SIM4
1
21
22
SIM5
SIM1
SIM2
SIM3
SIM4
1
21
22
SIM5
SIM1
SIM2
SIM3
SIM4
1
21
22
SIM5
SIM1
SIM2
SIM3
SIM4
1
21
22
SIM5
SIM1
SIM2
SIM3
SIM4
1
21
22
SIM5
SIM1
SIM2
SIM3
SIM4
1
21
22
SIM5
SIM1
SIM2
SIM3
SIM4
1
21
22
SIM5
SIM1
SIM2
SIM3
SIM4
1
21
22
SIM5
SIM1
SIM2
SIM3
SIM4
1
21
22
SIM5
SIM1
SIM2
SIM3
SIM4
1
21
22
SIM5
SIM1
SIM2
SIM3
SIM4
1
21
22
SIM5
SIM1
SIM2
SIM3
SIM4
1
21
22
SIM5
SIM1
SIM2
SIM3
SIM4
1
21
22
SIM5
SIM1
SIM2
SIM3
SIM4
1
21
22
SIM5
SIM1
SIM2
SIM3
SIM4
1
21
22
SIM5
SIM1
SIM2
SIM3
SIM4
1
21
22
SIM5
SIM1
SIM2
SIM3
SIM4
1
21
22
SIM5
SIM1
SIM2
SIM3
SIM4
1
21
22
SIM5
SIM1
SIM2
SIM3
SIM4
1
21
22
SIM5
SIM1
SIM2
SIM3
SIM4
1
21
22
SIM5
SIM1
SIM2
SIM3
SIM4
1
21
22
SIM5
SIM1
SIM2
SIM3
SIM4
1
21
22
SIM5
SIM1
SIM2
SIM3
SIM4
1
21
22
SIM5
SIM1
SIM2
SIM3
SIM4
1
21
22
SIM5
SIM1
SIM2
SIM3
SIM4
1
21
22
SIM5
SIM1
SIM2
SIM3
SIM4
1
21
22
SIM5
SIM1
SIM2
SIM3
SIM4
1
21
22
SIM5
SIM1
SIM2
SIM3
SIM4
1
21
22
SIM5
SIM1
SIM2
SIM3
SIM4
1
21
22
SIM5
SIM1
SIM2
SIM3
SIM4
1
21
22
SIM5
SIM1
SIM2
SIM3
SIM4
1
21
22
SIM5
SIM1
SIM2
SIM3
SIM4
1
21
22
SIM5
SIM1
SIM2
SIM3
SIM4
1
21
22
SIM5
SIM1
SIM2
SIM3
SIM4
1
21
22
SIM5
SIM1
SIM2
SIM3
SIM4
1
21
22
SIM5
SIM1
SIM2
SIM3
SIM4
1
21
22
SIM5
SIM1
SIM2
SIM3
SIM4
1
21
22
SIM5
SIM1
SIM2
SIM3
SIM4
1
21
22
SIM5
SIM1
SIM2
SIM3
SIM4
1
21
22
SIM5
SIM1
SIM2
SIM3
SIM4
1
21
22
SIM5
SIM1
SIM2
SIM3
SIM4
1
21
22
SIM5
SIM1
SIM2
SIM3
SIM4
1
21
22
SIM5
SIM1
SIM2
SIM3
SIM4
1
21
22
SIM5
SIM1
SIM2
SIM3
SIM4
1
21
22
SIM5
SIM1
SIM2
SIM3
SIM4
1
21
22
SIM5
SIM1
SIM2
SIM3
SIM4
1
21
22
SIM5
SIM1
SIM2
SIM3
SIM4
1
21
22
SIM5
SIM1
SIM2
SIM3
SIM4
1
21
22
SIM5
SIM1
SIM2
SIM3
SIM4
1
21
22
SIM5
SIM1
SIM2
SIM3
SIM4
1
21
22
SIM5
SIM1
SIM2
SIM3
SIM4
1
21
22
SIM5
SIM1
SIM2
SIM3
SIM4
1
21
22
SIM5
SIM1
SIM2
SIM3
SIM4
1
21
22
SIM5
SIM1
SIM2
SIM3
SIM4
1
21
22
SIM5
SIM1
SIM2
SIM3
SIM4
1
21
22
SIM5
SIM1
SIM2
SIM3
SIM4
1
21
22
SIM5
SIM1
SIM2
SIM3
SIM4
1
21
22
SIM5
SIM1
SIM2
SIM3
SIM4
1
21
22
SIM5
SIM1
SIM2
SIM3
SIM4
1
21
22
SIM5
SIM1
SIM2
SIM3
SIM4
1
21
22
SIM5
SIM1
SIM2
SIM3
SIM4
1
21
22
SIM5
SIM1
SIM2
SIM3
SIM4
1
21
22
SIM5
SIM1
SIM2
SIM3
SIM4
1
21
22
SIM5
SIM1
SIM2
SIM3
SIM4
1
21
22
SIM5
SIM1
SIM2
SIM3
SIM4
1
21
22
SIM5
SIM1
SIM2
SIM3
SIM4
1
21
22
SIM5
SIM1
SIM2
SIM3
SIM4
1
21
22
SIM5
SIM1
SIM2
SIM3
SIM4
1
21
22
SIM5
SIM1
SIM2
SIM3
SIM4
1
21
22
SIM5
SIM1
SIM2
SIM3
SIM4
1
21
22
SIM5
SIM1
SIM2
SIM3
SIM4
1
21
22
SIM5
SIM1
SIM2
SIM3
SIM4
1
21
22
SIM5
SIM1
SIM2
SIM3
SIM4
1
21
22
SIM5
SIM1
SIM2
SIM3
SIM4
1
21
22
SIM5
SIM1
SIM2
SIM3
SIM4
1
21
22
SIM5
SIM1
SIM2
SIM3
SIM4
1
21
22
SIM5
SIM1
SIM2
SIM3
SIM4
1
21
22
SIM5
SIM1
SIM2
SIM3
SIM4
1
21
22
SIM5
SIM1
SIM2
SIM3
SIM4
1
21
22
SIM5
SIM1
SIM2
SIM3
SIM4
1
21
22
SIM5
SIM1
SIM2
SIM3
SIM4
1
21
22
SIM5
SIM1
SIM2
SIM3
SIM4
1
21
22
SIM5
SIM1
SIM2
SIM3
SIM4
1
21
22
SIM5
SIM1
SIM2
SIM3
SIM4
1
21
22
SIM5
SIM1
SIM2
SIM3
SIM4
1
21
22
SIM5
SIM1
SIM2
SIM3
SIM4
1
21
22
SIM5
SIM1
SIM2
SIM3
SIM4
1
21
22
SIM5
SIM1
SIM2
SIM3
SIM4
1
21
22
SIM5
SIM1
SIM2
SIM3
SIM4
1
21
22
SIM5
SIM1
SIM2
SIM3
SIM4
1
21
22
SIM5
SIM1
SIM2
SIM3
SIM4
1
21
22
SIM5
SIM1
SIM2
SIM3
SIM4
1
21
22
SIM5
SIM1
SIM2
SIM3
SIM4
1
21
22
SIM5
SIM1
SIM2
SIM3
SIM4
1
21
22
SIM5
SIM1
SIM2
SIM3
SIM4
1
21
22
SIM5
SIM1
SIM2
SIM3
SIM4
1
21
22
SIM5
SIM1
SIM2
SIM3
SIM4
1
21
22
SIM5
SIM1
SIM2
SIM3
SIM4
1
21
22
SIM5
SIM1
SIM2
SIM3
SIM4
1
21
22
SIM5
SIM1
SIM2
SIM3
SIM4
1
21
22
SIM5
SIM1
SIM2
SIM3
SIM4
1
21
22
SIM5
SIM1
SIM2
SIM3
SIM4
1
21
22
SIM5
SIM1
SIM2
SIM3
SIM4
1
21
22
SIM5
SIM1
SIM2
SIM3
SIM4
1
21
22
SIM5
SIM1
SIM2
SIM3
SIM4
1
21
22
SIM5
SIM1
SIM2
SIM3
SIM4
1
21
22
SIM5
SIM1
SIM2
SIM3
SIM4
1
21
22
SIM5
SIM1
SIM2
SIM3
SIM4
1
21
22
SIM5
SIM1
SIM2
SIM3
SIM4
1
21
22
SIM5
SIM1
SIM2
SIM3
SIM4
1
21
22
SIM5
SIM1
SIM2
SIM3
SIM4
1
21
22
SIM5
SIM1
SIM2
SIM3
SIM4
1
21
22
SIM5
SIM1
SIM2
SIM3
SIM4
1
21
22
SIM5
SIM1
SIM2
SIM3
SIM4
1
21
22
SIM5
SIM1
SIM2
SIM3
SIM4
1
21
22
SIM5
SIM1
SIM2
SIM3
SIM4
1
21
22
SIM5
SIM1
SIM2
SIM3
SIM4
1
21
22
SIM5
SIM1
SIM2
SIM3
SIM4
1
21
22
SIM5
SIM1
SIM2
SIM3
SIM4
1
21
22
SIM5
SIM1
SIM2
SIM3
SIM4
1
21
22
SIM5
SIM1
SIM2
SIM3
SIM4
1
21
22
SIM5
SIM1
SIM2
SIM3
SIM4
1
21
22
SIM5
SIM1
SIM2
SIM3
SIM4
1
21
22
SIM5
SIM1
SIM2
SIM3
SIM4
1
21
22
SIM5
SIM1
SIM2
SIM3
SIM4
1
21
22
SIM5
SIM1
SIM2
SIM3
SIM4
1
21
22
SIM5
SIM1
SIM2
SIM3
SIM4
1
21
22
SIM5
SIM1
SIM2
SIM3
SIM4
1
21
22
SIM5
SIM1
SIM2
SIM3
SIM4
1
21
22
SIM5
SIM1
SIM2
SIM3
SIM4
1
21
22
SIM5
SIM1
SIM2
SIM3
SIM4
1
21
22
SIM5
SIM1
SIM2
SIM3
SIM4
1
21
22
SIM5
SIM1
SIM2
SIM3
SIM4
1
21
22
SIM5
SIM1
SIM2
SIM3
SIM4
1
21
22
SIM5
SIM1
SIM2
SIM3
SIM4
1
21
22
SIM5
SIM1
SIM2
SIM3
SIM4
1
21
22
SIM5
SIM1
SIM2
SIM3
SIM4
1
21
22
SIM5
SIM1
SIM2
SIM3
SIM4
1
21
22
SIM5
SIM1
SIM2
SIM3
SIM4
1
21
22
SIM5
SIM1
SIM2
SIM3
SIM4
1
21
22
SIM5
SIM1
SIM2
SIM3
SIM4
1
21
22
SIM5
SIM1
SIM2
SIM3
SIM4
1
21
22
SIM5
SIM1
SIM2
SIM3
SIM4
1
21
22
SIM5
SIM1
SIM2
SIM3
SIM4
1
21
22
SIM5
SIM1
SIM2
SIM3
SIM4
1
21
22
SIM5
SIM1
SIM2
SIM3
SIM4
1
21
22
SIM5
SIM1
SIM2
SIM3
SIM4
1
21
22
SIM5
SIM1
SIM2
SIM3
SIM4
1
21
22
SIM5
SIM1
SIM2
SIM3
SIM4
1
21
22
SIM5
SIM1
SIM2
SIM3
SIM4
1
21
22
SIM5
SIM1
SIM2
SIM3
SIM4
1
21
22
SIM5
SIM1
SIM2
SIM3
SIM4
1
21
22
SIM5
SIM1
SIM2
SIM3
SIM4
1
21
22
SIM5
SIM1
SIM2
SIM3
SIM4
1
21
22
SIM5
SIM1
SIM2
SIM3
SIM4
1
21
22
SIM5
SIM1
SIM2
SIM3
SIM4
1
21
22
SIM5
SIM1
SIM2
SIM3
SIM4
1
21
22
SIM5
SIM1
SIM2
SIM3
SIM4
1
21
22
SIM5
SIM1
SIM2
SIM3
SIM4
1
21
22
SIM5
SIM1
SIM2
SIM3
SIM4
1
21
22
SIM5
SIM1
SIM2
SIM3
SIM4
1
21
22
SIM5
SIM1
SIM2
SIM3
SIM4
1
21
22
SIM5
SIM1
SIM2
SIM3
SIM4
1
21
22
SIM5
SIM1
SIM2
SIM3
SIM4
1
21
22
SIM5
SIM1
SIM2
SIM3
SIM4
1
21
22
SIM5
SIM1
SIM2
SIM3
SIM4
1
21
22
SIM5
SIM1
SIM2
SIM3
SIM4
1
21
22
SIM5
SIM1
SIM2
SIM3
SIM4
1
21
22
SIM5
SIM1
SIM2
SIM3
SIM4
1
21
22
SIM5
SIM1
SIM2
SIM3
SIM4
1
21
22
SIM5
SIM1
SIM2
SIM3
SIM4
1
21
22
SIM5
SIM1
SIM2
SIM3
SIM4
1
21
22
SIM5
SIM1
SIM2
SIM3
SIM4
1
21
22
SIM5
SIM1
SIM2
SIM3
SIM4
1
21
22
SIM5
SIM1
SIM2
SIM3
SIM4
1
21
22
SIM5
SIM1
SIM2
DEBUG 1 973
SIM1
SIM2
SIM3
SIM4
1
21
22
SIM5
SIM1
SIM2
SIM3
SIM4
1
21
22
SIM5
SIM1
SIM2
SIM3
SIM4
1
21
22
SIM5
SIM1
SIM2
SIM3
SIM4
1
21
22
SIM5
SIM1
SIM2
SIM3
SIM4
1
21
22
SIM5
SIM1
SIM2
SIM3
SIM4
1
21
22
SIM5
SIM1
SIM2
SIM3
SIM4
1
21
22
SIM5
SIM1
SIM2
SIM3
SIM4
1
21
22
SIM5
SIM1
SIM2
SIM3
SIM4
1
21
22
SIM5
SIM1
SIM2
SIM3
SIM4
1
21
22
SIM5
SIM1
SIM2
SIM3
SIM4
1
21
22
SIM5
SIM1
SIM2
SIM3
SIM4
1
21
22
SIM5
SIM1
SIM2
SIM3
SIM4
1
21
22
SIM5
SIM1
SIM2
SIM3
SIM4
1
21
22
SIM5
SIM1
SIM2
SIM3
SIM4
1
21
22
SIM5
SIM1
SIM2
SIM3
SIM4
1
21
22
SIM5
SIM1
SIM2
SIM3
SIM4
1
21
22
SIM5
SIM1
SIM2
SIM3
SIM4
1
21
22
SIM5
SIM1
SIM2
SIM3
SIM4
1
21
22
SIM5
SIM1
SIM2
SIM3
SIM4
1
21
22
SIM5
SIM1
SIM2
SIM3
SIM4
1
21
22
SIM5
SIM1
SIM2
SIM3
SIM4
1
21
22
SIM5
SIM1
SIM2
SIM3
SIM4
1
21
22
SIM5
SIM1
SIM2
SIM3
SIM4
1
21
22
SIM5
SIM1
SIM2
SIM3
SIM4
1
21
22
SIM5
SIM1
SIM2
SIM3
SIM4
1
21
22
SIM5
SIM1
SIM2
SIM3
SIM4
1
21
22
SIM5
SIM1
SIM2
SIM3
SIM4
1
21
22
SIM5
SIM1
SIM2
SIM3
SIM4
1
21
22
SIM5
SIM1
SIM2
SIM3
SIM4
1
21
22
SIM5
SIM1
SIM2
SIM3
SIM4
1
21
22
SIM5
SIM1
SIM2
SIM3
SIM4
1
21
22
SIM5
SIM1
SIM2
SIM3
SIM4
1
21
22
SIM5
SIM1
SIM2
SIM3
SIM4
1
21
22
SIM5
SIM1
SIM2
SIM3
SIM4
1
21
22
SIM5
SIM1
SIM2
SIM3
SIM4
1
21
22
SIM5
SIM1
SIM2
SIM3
SIM4
1
21
22
SIM5
SIM1
SIM2
SIM3
SIM4
1
21
22
SIM5
SIM1
SIM2
SIM3
SIM4
1
21
22
SIM5
SIM1
SIM2
SIM3
SIM4
1
21
22
SIM5
SIM1
SIM2
SIM3
SIM4
1
21
22
SIM5
SIM1
SIM2
SIM3
SIM4
1
21
22
SIM5
SIM1
SIM2
SIM3
SIM4
1
21
22
SIM5
SIM1
SIM2
SIM3
SIM4
1
21
22
SIM5
SIM1
SIM2
SIM3
SIM4
1
21
22
SIM5
SIM1
SIM2
SIM3
SIM4
1
21
22
SIM5
SIM1
SIM2
SIM3
SIM4
1
21
22
SIM5
SIM1
SIM2
SIM3
SIM4
1
21
22
SIM5
SIM1
SIM2
SIM3
SIM4
1
21
22
SIM5
SIM1
SIM2
SIM3
SIM4
1
21
22
SIM5
SIM1
SIM2
SIM3
SIM4
1
21
22
SIM5
SIM1
SIM2
SIM3
SIM4
1
21
22
SIM5
SIM1
SIM2
SIM3
SIM4
1
21
22
SIM5
SIM1
SIM2
SIM3
SIM4
1
21
22
SIM5
SIM1
SIM2
SIM3
SIM4
1
21
22
SIM5
SIM1
SIM2
SIM3
SIM4
1
21
22
SIM5
SIM1
SIM2
SIM3
SIM4
1
21
22
SIM5
SIM1
SIM2
SIM3
SIM4
1
21
22
SIM5
SIM1
SIM2
SIM3
SIM4
1
21
22
SIM5
SIM1
SIM2
SIM3
SIM4
1
21
22
SIM5
SIM1
SIM2
SIM3
SIM4
1
21
22
SIM5
SIM1
SIM2
SIM3
SIM4
1
21
22
SIM5
SIM1
SIM2
SIM3
SIM4
1
21
22
SIM5
SIM1
SIM2
SIM3
SIM4
1
21
22
SIM5
SIM1
SIM2
SIM3
SIM4
1
21
22
SIM5
SIM1
SIM2
SIM3
SIM4
1
21
22
SIM5
SIM1
SIM2
SIM3
SIM4
1
21
22
SIM5
SIM1
SIM2
SIM3
SIM4
1
21
22
SIM5
SIM1
SIM2
SIM3
SIM4
1
21
22
SIM5
SIM1
SIM2
SIM3
SIM4
1
21
22
SIM5
SIM1
SIM2
SIM3
SIM4
1
21
22
SIM5
SIM1
SIM2
SIM3
SIM4
1
21
22
SIM5
SIM1
SIM2
SIM3
SIM4
1
21
22
SIM5
SIM1
SIM2
SIM3
SIM4
1
21
22
SIM5
SIM1
SIM2
SIM3
SIM4
1
21
22
SIM5
SIM1
SIM2
SIM3
SIM4
1
21
22
SIM5
SIM1
SIM2
SIM3
SIM4
1
21
22
SIM5
SIM1
SIM2
SIM3
SIM4
1
21
22
SIM5
SIM1
SIM2
SIM3
SIM4
1
21
22
SIM5
SIM1
SIM2
SIM3
SIM4
1
21
22
SIM5
SIM1
SIM2
SIM3
SIM4
1
21
22
SIM5
SIM1
SIM2
SIM3
SIM4
1
21
22
SIM5
SIM1
SIM2
SIM3
SIM4
1
21
22
SIM5
SIM1
SIM2
SIM3
SIM4
1
21
22
SIM5
SIM1
SIM2
SIM3
SIM4
1
21
22
SIM5
SIM1
SIM2
SIM3
SIM4
1
21
22
SIM5
SIM1
SIM2
SIM3
SIM4
1
21
22
SIM5
SIM1
SIM2
SIM3
SIM4
1
21
22
SIM5
SIM1
SIM2
SIM3
SIM4
1
21
22
SIM5
SIM1
SIM2
SIM3
SIM4
1
21
22
SIM5
SIM1
SIM2
SIM3
SIM4
1
21
22
SIM5
SIM1
SIM2
SIM3
SIM4
1
21
22
SIM5
SIM1
SIM2
SIM3
SIM4
1
21
22
SIM5
SIM1
SIM2
SIM3
SIM4
1
21
22
SIM5
SIM1
SIM2
SIM3
SIM4
1
21
22
SIM5
SIM1
SIM2
SIM3
SIM4
1
21
22
SIM5
SIM1
SIM2
SIM3
SIM4
1
21
22
SIM5
SIM1
SIM2
SIM3
SIM4
1
21
22
SIM5
SIM1
SIM2
SIM3
SIM4
1
21
22
SIM5
SIM1
SIM2
SIM3
SIM4
1
21
22
SIM5
SIM1
SIM2
SIM3
SIM4
1
21
22
SIM5
SIM1
SIM2
SIM3
SIM4
1
21
22
SIM5
SIM1
SIM2
SIM3
SIM4
1
21
22
SIM5
SIM1
SIM2
SIM3
SIM4
1
21
22
SIM5
SIM1
SIM2
SIM3
SIM4
1
21
22
SIM5
SIM1
SIM2
SIM3
SIM4
1
21
22
SIM5
SIM1
SIM2
SIM3
SIM4
1
21
22
SIM5
SIM1
SIM2
SIM3
SIM4
1
21
22
SIM5
SIM1
SIM2
SIM3
SIM4
1
21
22
SIM5
SIM1
SIM2
SIM3
SIM4
1
21
22
SIM5
SIM1
SIM2
SIM3
SIM4
1
21
22
SIM5
SIM1
SIM2
SIM3
SIM4
1
21
22
SIM5
SIM1
SIM2
SIM3
SIM4
1
21
22
SIM5
SIM1
SIM2
SIM3
SIM4
1
21
22
SIM5
SIM1
SIM2
SIM3
SIM4
1
21
22
SIM5
SIM1
SIM2
SIM3
SIM4
1
21
22
SIM5
SIM1
SIM2
SIM3
SIM4
1
21
22
SIM5
SIM1
SIM2
SIM3
SIM4
1
21
22
SIM5
SIM1
SIM2
SIM3
SIM4
1
21
22
SIM5
SIM1
SIM2
SIM3
SIM4
1
21
22
SIM5
SIM1
SIM2
SIM3
SIM4
1
21
22
SIM5
SIM1
SIM2
SIM3
SIM4
1
21
22
SIM5
SIM1
SIM2
SIM3
SIM4
1
21
22
SIM5
SIM1
SIM2
SIM3
SIM4
1
21
22
SIM5
SIM1
SIM2
SIM3
SIM4
1
21
22
SIM5
SIM1
SIM2
SIM3
SIM4
1
21
22
SIM5
SIM1
SIM2
SIM3
SIM4
1
21
22
SIM5
SIM1
SIM2
SIM3
SIM4
1
21
22
SIM5
SIM1
SIM2
SIM3
SIM4
1
21
22
SIM5
SIM1
SIM2
SIM3
SIM4
1
21
22
SIM5
SIM1
SIM2
SIM3
SIM4
1
21
22
SIM5
SIM1
SIM2
SIM3
SIM4
1
21
22
SIM5
SIM1
SIM2
SIM3
SIM4
1
21
22
SIM5
SIM1
SIM2
SIM3
SIM4
1
21
22
SIM5
SIM1
SIM2
DEBUG 1 974
SIM1
SIM2
SIM3
SIM4
1
21
22
SIM5
SIM1
SIM2
SIM3
SIM4
1
21
22
SIM5
SIM1
SIM2
SIM3
SIM4
1
21
22
SIM5
SIM1
SIM2
SIM3
SIM4
1
21
22
SIM5
SIM1
SIM2
SIM3
SIM4
1
21
22
SIM5
SIM1
SIM2
SIM3
SIM4
1
21
22
SIM5
SIM1
SIM2
SIM3
SIM4
1
21
22
SIM5
SIM1
SIM2
SIM3
SIM4
1
21
22
SIM5
SIM1
SIM2
SIM3
SIM4
1
21
22
SIM5
SIM1
SIM2
SIM3
SIM4
1
21
22
SIM5
SIM1
SIM2
SIM3
SIM4
1
21
22
SIM5
SIM1
SIM2
SIM3
SIM4
1
21
22
SIM5
SIM1
SIM2
SIM3
SIM4
1
21
22
SIM5
SIM1
SIM2
SIM3
SIM4
1
21
22
SIM5
SIM1
SIM2
SIM3
SIM4
1
21
22
SIM5
SIM1
SIM2
SIM3
SIM4
1
21
22
SIM5
SIM1
SIM2
SIM3
SIM4
1
21
22
SIM5
SIM1
SIM2
SIM3
SIM4
1
21
22
SIM5
SIM1
SIM2
SIM3
SIM4
1
21
22
SIM5
SIM1
SIM2
SIM3
SIM4
1
21
22
SIM5
SIM1
SIM2
SIM3
SIM4
1
21
22
SIM5
SIM1
SIM2
SIM3
SIM4
1
21
22
SIM5
SIM1
SIM2
SIM3
SIM4
1
21
22
SIM5
SIM1
SIM2
SIM3
SIM4
1
21
22
SIM5
SIM1
SIM2
SIM3
SIM4
1
21
22
SIM5
SIM1
SIM2
SIM3
SIM4
1
21
22
SIM5
SIM1
SIM2
SIM3
SIM4
1
21
22
SIM5
SIM1
SIM2
SIM3
SIM4
1
21
22
SIM5
SIM1
SIM2
SIM3
SIM4
1
21
22
SIM5
SIM1
SIM2
SIM3
SIM4
1
21
22
SIM5
SIM1
SIM2
SIM3
SIM4
1
21
22
SIM5
SIM1
SIM2
SIM3
SIM4
1
21
22
SIM5
SIM1
SIM2
SIM3
SIM4
1
21
22
SIM5
SIM1
SIM2
SIM3
SIM4
1
21
22
SIM5
SIM1
SIM2
SIM3
SIM4
1
21
22
SIM5
SIM1
SIM2
SIM3
SIM4
1
21
22
SIM5
SIM1
SIM2
SIM3
SIM4
1
21
22
SIM5
SIM1
SIM2
SIM3
SIM4
1
21
22
SIM5
SIM1
SIM2
SIM3
SIM4
1
21
22
SIM5
SIM1
SIM2
SIM3
SIM4
1
21
22
SIM5
SIM1
SIM2
SIM3
SIM4
1
21
22
SIM5
SIM1
SIM2
SIM3
SIM4
1
21
22
SIM5
SIM1
SIM2
SIM3
SIM4
1
21
22
SIM5
SIM1
SIM2
SIM3
SIM4
1
21
22
SIM5
SIM1
SIM2
SIM3
SIM4
1
21
22
SIM5
SIM1
SIM2
SIM3
SIM4
1
21
22
SIM5
SIM1
SIM2
SIM3
SIM4
1
21
22
SIM5
SIM1
SIM2
SIM3
SIM4
1
21
22
SIM5
SIM1
SIM2
SIM3
SIM4
1
21
22
SIM5
SIM1
SIM2
SIM3
SIM4
1
21
22
SIM5
SIM1
SIM2
SIM3
SIM4
1
21
22
SIM5
SIM1
SIM2
SIM3
SIM4
1
21
22
SIM5
SIM1
SIM2
SIM3
SIM4
1
21
22
SIM5
SIM1
SIM2
SIM3
SIM4
1
21
22
SIM5
SIM1
SIM2
SIM3
SIM4
1
21
22
SIM5
SIM1
SIM2
SIM3
SIM4
1
21
22
SIM5
SIM1
SIM2
SIM3
SIM4
1
21
22
SIM5
SIM1
SIM2
SIM3
SIM4
1
21
22
SIM5
SIM1
SIM2
SIM3
SIM4
1
21
22
SIM5
SIM1
SIM2
SIM3
SIM4
1
21
22
SIM5
SIM1
SIM2
SIM3
SIM4
1
21
22
SIM5
SIM1
SIM2
SIM3
SIM4
1
21
22
SIM5
SIM1
SIM2
SIM3
SIM4
1
21
22
SIM5
SIM1
SIM2
SIM3
SIM4
1
21
22
SIM5
SIM1
SIM2
SIM3
SIM4
1
21
22
SIM5
SIM1
SIM2
SIM3
SIM4
1
21
22
SIM5
SIM1
SIM2
SIM3
SIM4
1
21
22
SIM5
SIM1
SIM2
SIM3
SIM4
1
21
22
SIM5
SIM1
SIM2
SIM3
SIM4
1
21
22
SIM5
SIM1
SIM2
SIM3
SIM4
1
21
22
SIM5
SIM1
SIM2
SIM3
SIM4
1
21
22
SIM5
SIM1
SIM2
SIM3
SIM4
1
21
22
SIM5
SIM1
SIM2
SIM3
SIM4
1
21
22
SIM5
SIM1
SIM2
SIM3
SIM4
1
21
22
SIM5
SIM1
SIM2
SIM3
SIM4
1
21
22
SIM5
SIM1
SIM2
SIM3
SIM4
1
21
22
SIM5
SIM1
SIM2
SIM3
SIM4
1
21
22
SIM5
SIM1
SIM2
SIM3
SIM4
1
21
22
SIM5
SIM1
SIM2
SIM3
SIM4
1
21
22
SIM5
SIM1
SIM2
SIM3
SIM4
1
21
22
SIM5
SIM1
SIM2
SIM3
SIM4
1
21
22
SIM5
SIM1
SIM2
SIM3
SIM4
1
21
22
SIM5
SIM1
SIM2
SIM3
SIM4
1
21
22
SIM5
SIM1
SIM2
SIM3
SIM4
1
21
22
SIM5
SIM1
SIM2
SIM3
SIM4
1
21
22
SIM5
SIM1
SIM2
SIM3
SIM4
1
21
22
SIM5
SIM1
SIM2
SIM3
SIM4
1
21
22
SIM5
SIM1
SIM2
SIM3
SIM4
1
21
22
SIM5
SIM1
SIM2
SIM3
SIM4
1
21
22
SIM5
SIM1
SIM2
SIM3
SIM4
1
21
22
SIM5
SIM1
SIM2
SIM3
SIM4
1
21
22
SIM5
SIM1
SIM2
SIM3
SIM4
1
21
22
SIM5
SIM1
SIM2
SIM3
SIM4
1
21
22
SIM5
SIM1
SIM2
SIM3
SIM4
1
21
22
SIM5
SIM1
SIM2
SIM3
SIM4
1
21
22
SIM5
SIM1
SIM2
SIM3
SIM4
1
21
22
SIM5
SIM1
SIM2
SIM3
SIM4
1
21
22
SIM5
SIM1
SIM2
SIM3
SIM4
1
21
22
SIM5
SIM1
SIM2
SIM3
SIM4
1
21
22
SIM5
SIM1
SIM2
SIM3
SIM4
1
21
22
SIM5
SIM1
SIM2
SIM3
SIM4
1
21
22
SIM5
SIM1
SIM2
SIM3
SIM4
1
21
22
SIM5
SIM1
SIM2
SIM3
SIM4
1
21
22
SIM5
SIM1
SIM2
SIM3
SIM4
1
21
22
SIM5
SIM1
SIM2
SIM3
SIM4
1
21
22
SIM5
SIM1
SIM2
SIM3
SIM4
1
21
22
SIM5
SIM1
SIM2
SIM3
SIM4
1
21
22
SIM5
SIM1
SIM2
SIM3
SIM4
1
21
22
SIM5
SIM1
SIM2
SIM3
SIM4
1
21
22
SIM5
SIM1
SIM2
SIM3
SIM4
1
21
22
SIM5
SIM1
SIM2
SIM3
SIM4
1
21
22
SIM5
SIM1
SIM2
SIM3
SIM4
1
21
22
SIM5
SIM1
SIM2
SIM3
SIM4
1
21
22
SIM5
SIM1
SIM2
SIM3
SIM4
1
21
22
SIM5
SIM1
SIM2
SIM3
SIM4
1
21
22
SIM5
SIM1
SIM2
SIM3
SIM4
1
21
22
SIM5
SIM1
SIM2
SIM3
SIM4
1
21
22
SIM5
SIM1
SIM2
SIM3
SIM4
1
21
22
SIM5
SIM1
SIM2
DEBUG 1 975
SIM1
SIM2
SIM3
SIM4
1
21
22
SIM5
SIM1
SIM2
SIM3
SIM4
1
21
22
SIM5
SIM1
SIM2
SIM3
SIM4
1
21
22
SIM5
SIM1
SIM2
SIM3
SIM4
1
21
22
SIM5
SIM1
SIM2
SIM3
SIM4
1
21
22
SIM5
SIM1
SIM2
SIM3
SIM4
1
21
22
SIM5
SIM1
SIM2
SIM3
SIM4
1
21
22
SIM5
SIM1
SIM2
SIM3
SIM4
1
21
22
SIM5
SIM1
SIM2
SIM3
SIM4
1
21
22
SIM5
SIM1
SIM2
SIM3
SIM4
1
21
22
SIM5
SIM1
SIM2
SIM3
SIM4
1
21
22
SIM5
SIM1
SIM2
SIM3
SIM4
1
21
22
SIM5
SIM1
SIM2
SIM3
SIM4
1
21
22
SIM5
SIM1
SIM2
SIM3
SIM4
1
21
22
SIM5
SIM1
SIM2
SIM3
SIM4
1
21
22
SIM5
SIM1
SIM2
SIM3
SIM4
1
21
22
SIM5
SIM1
SIM2
SIM3
SIM4
1
21
22
SIM5
SIM1
SIM2
SIM3
SIM4
1
21
22
SIM5
SIM1
SIM2
SIM3
SIM4
1
21
22
SIM5
SIM1
SIM2
SIM3
SIM4
1
21
22
SIM5
SIM1
SIM2
SIM3
SIM4
1
21
22
SIM5
SIM1
SIM2
SIM3
SIM4
1
21
22
SIM5
SIM1
SIM2
SIM3
SIM4
1
21
22
SIM5
SIM1
SIM2
SIM3
SIM4
1
21
22
SIM5
SIM1
SIM2
SIM3
SIM4
1
21
22
SIM5
SIM1
SIM2
SIM3
SIM4
1
21
22
SIM5
SIM1
SIM2
SIM3
SIM4
1
21
22
SIM5
SIM1
SIM2
SIM3
SIM4
1
21
22
SIM5
SIM1
SIM2
SIM3
SIM4
1
21
22
SIM5
SIM1
SIM2
SIM3
SIM4
1
21
22
SIM5
SIM1
SIM2
SIM3
SIM4
1
21
22
SIM5
SIM1
SIM2
SIM3
SIM4
1
21
22
SIM5
SIM1
SIM2
SIM3
SIM4
1
21
22
SIM5
SIM1
SIM2
SIM3
SIM4
1
21
22
SIM5
SIM1
SIM2
SIM3
SIM4
1
21
22
SIM5
SIM1
SIM2
SIM3
SIM4
1
21
22
SIM5
SIM1
SIM2
SIM3
SIM4
1
21
22
SIM5
SIM1
SIM2
SIM3
SIM4
1
21
22
SIM5
SIM1
SIM2
SIM3
SIM4
1
21
22
SIM5
SIM1
SIM2
SIM3
SIM4
1
21
22
SIM5
SIM1
SIM2
SIM3
SIM4
1
21
22
SIM5
SIM1
SIM2
SIM3
SIM4
1
21
22
SIM5
SIM1
SIM2
SIM3
SIM4
1
21
22
SIM5
SIM1
SIM2
SIM3
SIM4
1
21
22
SIM5
SIM1
SIM2
SIM3
SIM4
1
21
22
SIM5
SIM1
SIM2
SIM3
SIM4
1
21
22
SIM5
SIM1
SIM2
SIM3
SIM4
1
21
22
SIM5
SIM1
SIM2
SIM3
SIM4
1
21
22
SIM5
SIM1
SIM2
SIM3
SIM4
1
21
22
SIM5
SIM1
SIM2
SIM3
SIM4
1
21
22
SIM5
SIM1
SIM2
SIM3
SIM4
1
21
22
SIM5
SIM1
SIM2
SIM3
SIM4
1
21
22
SIM5
SIM1
SIM2
SIM3
SIM4
1
21
22
SIM5
SIM1
SIM2
SIM3
SIM4
1
21
22
SIM5
SIM1
SIM2
SIM3
SIM4
1
21
22
SIM5
SIM1
SIM2
SIM3
SIM4
1
21
22
SIM5
SIM1
SIM2
SIM3
SIM4
1
21
22
SIM5
SIM1
SIM2
SIM3
SIM4
1
21
22
SIM5
SIM1
SIM2
SIM3
SIM4
1
21
22
SIM5
SIM1
SIM2
SIM3
SIM4
1
21
22
SIM5
SIM1
SIM2
SIM3
SIM4
1
21
22
SIM5
SIM1
SIM2
SIM3
SIM4
1
21
22
SIM5
SIM1
SIM2
SIM3
SIM4
1
21
22
SIM5
SIM1
SIM2
SIM3
SIM4
1
21
22
SIM5
SIM1
SIM2
SIM3
SIM4
1
21
22
SIM5
SIM1
SIM2
SIM3
SIM4
1
21
22
SIM5
SIM1
SIM2
SIM3
SIM4
1
21
22
SIM5
SIM1
SIM2
SIM3
SIM4
1
21
22
SIM5
SIM1
SIM2
SIM3
SIM4
1
21
22
SIM5
SIM1
SIM2
SIM3
SIM4
1
21
22
SIM5
SIM1
SIM2
SIM3
SIM4
1
21
22
SIM5
SIM1
SIM2
SIM3
SIM4
1
21
22
SIM5
SIM1
SIM2
SIM3
SIM4
1
21
22
SIM5
SIM1
SIM2
SIM3
SIM4
1
21
22
SIM5
SIM1
SIM2
SIM3
SIM4
1
21
22
SIM5
SIM1
SIM2
SIM3
SIM4
1
21
22
SIM5
SIM1
SIM2
SIM3
SIM4
1
21
22
SIM5
SIM1
SIM2
SIM3
SIM4
1
21
22
SIM5
SIM1
SIM2
SIM3
SIM4
1
21
22
SIM5
SIM1
SIM2
SIM3
SIM4
1
21
22
SIM5
SIM1
SIM2
SIM3
SIM4
1
21
22
SIM5
SIM1
SIM2
SIM3
SIM4
1
21
22
SIM5
SIM1
SIM2
SIM3
SIM4
1
21
22
SIM5
SIM1
SIM2
SIM3
SIM4
1
21
22
SIM5
SIM1
SIM2
SIM3
SIM4
1
21
22
SIM5
SIM1
SIM2
SIM3
SIM4
1
21
22
SIM5
SIM1
SIM2
SIM3
SIM4
1
21
22
SIM5
SIM1
SIM2
SIM3
SIM4
1
21
22
SIM5
SIM1
SIM2
SIM3
SIM4
1
21
22
SIM5
SIM1
SIM2
SIM3
SIM4
1
21
22
SIM5
SIM1
SIM2
SIM3
SIM4
1
21
22
SIM5
SIM1
SIM2
SIM3
SIM4
1
21
22
SIM5
SIM1
SIM2
SIM3
SIM4
1
21
22
SIM5
SIM1
SIM2
SIM3
SIM4
1
21
22
SIM5
SIM1
SIM2
SIM3
SIM4
1
21
22
SIM5
SIM1
SIM2
SIM3
SIM4
1
21
22
SIM5
SIM1
SIM2
SIM3
SIM4
1
21
22
SIM5
SIM1
SIM2
SIM3
SIM4
1
21
22
SIM5
SIM1
SIM2
SIM3
SIM4
1
21
22
SIM5
SIM1
SIM2
SIM3
SIM4
1
21
22
SIM5
SIM1
SIM2
SIM3
SIM4
1
21
22
SIM5
SIM1
SIM2
SIM3
SIM4
1
21
22
SIM5
SIM1
SIM2
SIM3
SIM4
1
21
22
SIM5
SIM1
SIM2
SIM3
SIM4
1
21
22
SIM5
SIM1
SIM2
SIM3
SIM4
1
21
22
SIM5
SIM1
SIM2
SIM3
SIM4
1
21
22
SIM5
SIM1
SIM2
SIM3
SIM4
1
21
22
SIM5
SIM1
SIM2
SIM3
SIM4
1
21
22
SIM5
SIM1
SIM2
SIM3
SIM4
1
21
22
SIM5
SIM1
SIM2
SIM3
SIM4
1
21
22
SIM5
SIM1
SIM2
SIM3
SIM4
1
21
22
SIM5
SIM1
SIM2
SIM3
SIM4
1
21
22
SIM5
SIM1
SIM2
SIM3
SIM4
1
21
22
SIM5
SIM1
SIM2
SIM3
SIM4
1
21
22
SIM5
SIM1
SIM2
SIM3
SIM4
1
21
22
SIM5
SIM1
SIM2
SIM3
SIM4
1
21
22
SIM5
SIM1
SIM2
SIM3
SIM4
1
21
22
SIM5
SIM1
SIM2
SIM3
SIM4
1
21
22
SIM5
SIM1
SIM2
SIM3
SIM4
1
21
22
SIM5
SIM1
SIM2
SIM3
SIM4
1
21
22
SIM5
SIM1
SIM2
SIM3
SIM4
1
21
22
SIM5
SIM1
SIM2
SIM3
SIM4
1
21
22
SIM5
SIM1
SIM2
SIM3
SIM4
1
21
22
SIM5
SIM1
SIM2
SIM3
SIM4
1
21
22
SIM5
SIM1
SIM2
SIM3
SIM4
1
21
22
SIM5
SIM1
SIM2
SIM3
SIM4
1
21
22
SIM5
SIM1
SIM2
SIM3
SIM4
1
21
22
SIM5
SIM1
SIM2
SIM3
SIM4
1
21
22
SIM5
SIM1
SIM2
SIM3
SIM4
1
21
22
SIM5
SIM1
SIM2
SIM3
SIM4
1
21
22
SIM5
SIM1
SIM2
SIM3
SIM4
1
21
22
SIM5
SIM1
SIM2
SIM3
SIM4
1
21
22
SIM5
SIM1
SIM2
SIM3
SIM4
1
21
22
SIM5
SIM1
SIM2
SIM3
SIM4
1
21
22
SIM5
SIM1
SIM2
SIM3
SIM4
1
21
22
SIM5
SIM1
SIM2
SIM3
SIM4
1
21
22
SIM5
SIM1
SIM2
SIM3
SIM4
1
21
22
SIM5
SIM1
SIM2
SIM3
SIM4
1
21
22
SIM5
SIM1
SIM2
SIM3
SIM4
1
21
22
SIM5
SIM1
SIM2
SIM3
SIM4
1
21
22
SIM5
SIM1
SIM2
SIM3
SIM4
1
21
22
SIM5
SIM1
SIM2
SIM3
SIM4
1
21
22
SIM5
SIM1
SIM2
SIM3
SIM4
1
21
22
SIM5
SIM1
SIM2
SIM3
SIM4
1
21
22
SIM5
SIM1
SIM2
SIM3
SIM4
1
21
22
SIM5
SIM1
SIM2
SIM3
SIM4
1
21
22
SIM5
SIM1
SIM2
SIM3
SIM4
1
21
22
SIM5
SIM1
SIM2
SIM3
SIM4
1
21
22
SIM5
SIM1
SIM2
SIM3
SIM4
1
21
22
SIM5
SIM1
SIM2
SIM3
SIM4
1
21
22
SIM5
SIM1
SIM2
SIM3
SIM4
1
21
22
SIM5
SIM1
SIM2
SIM3
SIM4
1
21
22
SIM5
SIM1
SIM2
SIM3
SIM4
1
21
22
SIM5
SIM1
SIM2
SIM3
SIM4
1
21
22
SIM5
SIM1
SIM2
SIM3
SIM4
1
21
22
SIM5
SIM1
SIM2
SIM3
SIM4
1
21
22
SIM5
SIM1
SIM2
SIM3
SIM4
1
21
22
SIM5
SIM1
SIM2
SIM3
SIM4
1
21
22
SIM5
SIM1
SIM2
SIM3
SIM4
1
21
22
SIM5
SIM1
SIM2
SIM3
SIM4
1
21
22
SIM5
SIM1
SIM2
SIM3
SIM4
1
21
22
SIM5
SIM1
SIM2
SIM3
SIM4
1
21
22
SIM5
SIM1
SIM2
SIM3
SIM4
1
21
22
SIM5
SIM1
SIM2
SIM3
SIM4
1
21
22
SIM5
SIM1
SIM2
SIM3
SIM4
1
21
22
SIM5
SIM1
SIM2
SIM3
SIM4
1
21
22
SIM5
SIM1
SIM2
SIM3
SIM4
1
21
22
SIM5
SIM1
SIM2
SIM3
SIM4
1
21
22
SIM5
SIM1
SIM2
SIM3
SIM4
1
21
22
SIM5
SIM1
SIM2
SIM3
SIM4
1
21
22
SIM5
SIM1
SIM2
SIM3
SIM4
1
21
22
SIM5
SIM1
SIM2
SIM3
SIM4
1
21
22
SIM5
SIM1
SIM2
SIM3
SIM4
1
21
22
SIM5
SIM1
SIM2
SIM3
SIM4
1
21
22
SIM5
SIM1
SIM2
SIM3
SIM4
1
21
22
SIM5
SIM1
SIM2
SIM3
SIM4
1
21
22
SIM5
SIM1
SIM2
SIM3
SIM4
1
21
22
SIM5
SIM1
SIM2
SIM3
SIM4
1
21
22
SIM5
SIM1
SIM2
SIM3
SIM4
1
21
22
SIM5
SIM1
SIM2
DEBUG 1 976
SIM1
SIM2
SIM3
SIM4
1
21
22
SIM5
SIM1
SIM2
SIM3
SIM4
1
21
22
SIM5
SIM1
SIM2
SIM3
SIM4
1
21
22
SIM5
SIM1
SIM2
SIM3
SIM4
1
21
22
SIM5
SIM1
SIM2
SIM3
SIM4
1
21
22
SIM5
SIM1
SIM2
SIM3
SIM4
1
21
22
SIM5
SIM1
SIM2
SIM3
SIM4
1
21
22
SIM5
SIM1
SIM2
SIM3
SIM4
1
21
22
SIM5
SIM1
SIM2
SIM3
SIM4
1
21
22
SIM5
SIM1
SIM2
SIM3
SIM4
1
21
22
SIM5
SIM1
SIM2
SIM3
SIM4
1
21
22
SIM5
SIM1
SIM2
SIM3
SIM4
1
21
22
SIM5
SIM1
SIM2
SIM3
SIM4
1
21
22
SIM5
SIM1
SIM2
SIM3
SIM4
1
21
22
SIM5
SIM1
SIM2
SIM3
SIM4
1
21
22
SIM5
SIM1
SIM2
SIM3
SIM4
1
21
22
SIM5
SIM1
SIM2
SIM3
SIM4
1
21
22
SIM5
SIM1
SIM2
SIM3
SIM4
1
21
22
SIM5
SIM1
SIM2
SIM3
SIM4
1
21
22
SIM5
SIM1
SIM2
SIM3
SIM4
1
21
22
SIM5
SIM1
SIM2
SIM3
SIM4
1
21
22
SIM5
SIM1
SIM2
SIM3
SIM4
1
21
22
SIM5
SIM1
SIM2
SIM3
SIM4
1
21
22
SIM5
SIM1
SIM2
SIM3
SIM4
1
21
22
SIM5
SIM1
SIM2
SIM3
SIM4
1
21
22
SIM5
SIM1
SIM2
SIM3
SIM4
1
21
22
SIM5
SIM1
SIM2
SIM3
SIM4
1
21
22
SIM5
SIM1
SIM2
SIM3
SIM4
1
21
22
SIM5
SIM1
SIM2
SIM3
SIM4
1
21
22
SIM5
SIM1
SIM2
SIM3
SIM4
1
21
22
SIM5
SIM1
SIM2
SIM3
SIM4
1
21
22
SIM5
SIM1
SIM2
SIM3
SIM4
1
21
22
SIM5
SIM1
SIM2
SIM3
SIM4
1
21
22
SIM5
SIM1
SIM2
SIM3
SIM4
1
21
22
SIM5
SIM1
SIM2
SIM3
SIM4
1
21
22
SIM5
SIM1
SIM2
SIM3
SIM4
1
21
22
SIM5
SIM1
SIM2
SIM3
SIM4
1
21
22
SIM5
SIM1
SIM2
SIM3
SIM4
1
21
22
SIM5
SIM1
SIM2
SIM3
SIM4
1
21
22
SIM5
SIM1
SIM2
SIM3
SIM4
1
21
22
SIM5
SIM1
SIM2
SIM3
SIM4
1
21
22
SIM5
SIM1
SIM2
SIM3
SIM4
1
21
22
SIM5
SIM1
SIM2
SIM3
SIM4
1
21
22
SIM5
SIM1
SIM2
SIM3
SIM4
1
21
22
SIM5
SIM1
SIM2
SIM3
SIM4
1
21
22
SIM5
SIM1
SIM2
SIM3
SIM4
1
21
22
SIM5
SIM1
SIM2
SIM3
SIM4
1
21
22
SIM5
SIM1
SIM2
SIM3
SIM4
1
21
22
SIM5
SIM1
SIM2
SIM3
SIM4
1
21
22
SIM5
SIM1
SIM2
SIM3
SIM4
1
21
22
SIM5
SIM1
SIM2
SIM3
SIM4
1
21
22
SIM5
SIM1
SIM2
SIM3
SIM4
1
21
22
SIM5
SIM1
SIM2
SIM3
SIM4
1
21
22
SIM5
SIM1
SIM2
SIM3
SIM4
1
21
22
SIM5
SIM1
SIM2
SIM3
SIM4
1
21
22
SIM5
SIM1
SIM2
SIM3
SIM4
1
21
22
SIM5
SIM1
SIM2
SIM3
SIM4
1
21
22
SIM5
SIM1
SIM2
SIM3
SIM4
1
21
22
SIM5
SIM1
SIM2
SIM3
SIM4
1
21
22
SIM5
SIM1
SIM2
SIM3
SIM4
1
21
22
SIM5
SIM1
SIM2
SIM3
SIM4
1
21
22
SIM5
SIM1
SIM2
SIM3
SIM4
1
21
22
SIM5
SIM1
SIM2
SIM3
SIM4
1
21
22
SIM5
SIM1
SIM2
SIM3
SIM4
1
21
22
SIM5
SIM1
SIM2
SIM3
SIM4
1
21
22
SIM5
SIM1
SIM2
SIM3
SIM4
1
21
22
SIM5
SIM1
SIM2
SIM3
SIM4
1
21
22
SIM5
SIM1
SIM2
SIM3
SIM4
1
21
22
SIM5
SIM1
SIM2
SIM3
SIM4
1
21
22
SIM5
SIM1
SIM2
SIM3
SIM4
1
21
22
SIM5
SIM1
SIM2
SIM3
SIM4
1
21
22
SIM5
SIM1
SIM2
SIM3
SIM4
1
21
22
SIM5
SIM1
SIM2
SIM3
SIM4
1
21
22
SIM5
SIM1
SIM2
SIM3
SIM4
1
21
22
SIM5
SIM1
SIM2
SIM3
SIM4
1
21
22
SIM5
SIM1
SIM2
SIM3
SIM4
1
21
22
SIM5
SIM1
SIM2
SIM3
SIM4
1
21
22
SIM5
SIM1
SIM2
SIM3
SIM4
1
21
22
SIM5
SIM1
SIM2
SIM3
SIM4
1
21
22
SIM5
SIM1
SIM2
SIM3
SIM4
1
21
22
SIM5
SIM1
SIM2
SIM3
SIM4
1
21
22
SIM5
SIM1
SIM2
SIM3
SIM4
1
21
22
SIM5
SIM1
SIM2
SIM3
SIM4
1
21
22
SIM5
SIM1
SIM2
SIM3
SIM4
1
21
22
SIM5
SIM1
SIM2
SIM3
SIM4
1
21
22
SIM5
SIM1
SIM2
SIM3
SIM4
1
21
22
SIM5
SIM1
SIM2
SIM3
SIM4
1
21
22
SIM5
SIM1
SIM2
SIM3
SIM4
1
21
22
SIM5
SIM1
SIM2
SIM3
SIM4
1
21
22
SIM5
SIM1
SIM2
SIM3
SIM4
1
21
22
SIM5
SIM1
SIM2
SIM3
SIM4
1
21
22
SIM5
SIM1
SIM2
SIM3
SIM4
1
21
22
SIM5
SIM1
SIM2
SIM3
SIM4
1
21
22
SIM5
SIM1
SIM2
SIM3
SIM4
1
21
22
SIM5
SIM1
SIM2
SIM3
SIM4
1
21
22
SIM5
SIM1
SIM2
SIM3
SIM4
1
21
22
SIM5
SIM1
SIM2
SIM3
SIM4
1
21
22
SIM5
SIM1
SIM2
SIM3
SIM4
1
21
22
SIM5
SIM1
SIM2
SIM3
SIM4
1
21
22
SIM5
SIM1
SIM2
SIM3
SIM4
1
21
22
SIM5
SIM1
SIM2
SIM3
SIM4
1
21
22
SIM5
SIM1
SIM2
SIM3
SIM4
1
21
22
SIM5
SIM1
SIM2
SIM3
SIM4
1
21
22
SIM5
SIM1
SIM2
SIM3
SIM4
1
21
22
SIM5
SIM1
SIM2
SIM3
SIM4
1
21
22
SIM5
SIM1
SIM2
SIM3
SIM4
1
21
22
SIM5
SIM1
SIM2
SIM3
SIM4
1
21
22
SIM5
SIM1
SIM2
SIM3
SIM4
1
21
22
SIM5
SIM1
SIM2
SIM3
SIM4
1
21
22
SIM5
SIM1
SIM2
SIM3
SIM4
1
21
22
SIM5
SIM1
SIM2
SIM3
SIM4
1
21
22
SIM5
SIM1
SIM2
SIM3
SIM4
1
21
22
SIM5
SIM1
SIM2
SIM3
SIM4
1
21
22
SIM5
SIM1
SIM2
SIM3
SIM4
1
21
22
SIM5
SIM1
SIM2
SIM3
SIM4
1
21
22
SIM5
SIM1
SIM2
SIM3
SIM4
1
21
22
SIM5
SIM1
SIM2
SIM3
SIM4
1
21
22
SIM5
SIM1
SIM2
DEBUG 1 977
SIM1
SIM2
SIM3
SIM4
1
21
22
SIM5
SIM1
SIM2
SIM3
SIM4
1
21
22
SIM5
SIM1
SIM2
SIM3
SIM4
1
21
22
SIM5
SIM1
SIM2
SIM3
SIM4
1
21
22
SIM5
SIM1
SIM2
SIM3
SIM4
1
21
22
SIM5
SIM1
SIM2
SIM3
SIM4
1
21
22
SIM5
SIM1
SIM2
SIM3
SIM4
1
21
22
SIM5
SIM1
SIM2
SIM3
SIM4
1
21
22
SIM5
SIM1
SIM2
SIM3
SIM4
1
21
22
SIM5
SIM1
SIM2
SIM3
SIM4
1
21
22
SIM5
SIM1
SIM2
SIM3
SIM4
1
21
22
SIM5
SIM1
SIM2
SIM3
SIM4
1
21
22
SIM5
SIM1
SIM2
SIM3
SIM4
1
21
22
SIM5
SIM1
SIM2
SIM3
SIM4
1
21
22
SIM5
SIM1
SIM2
SIM3
SIM4
1
21
22
SIM5
SIM1
SIM2
SIM3
SIM4
1
21
22
SIM5
SIM1
SIM2
SIM3
SIM4
1
21
22
SIM5
SIM1
SIM2
SIM3
SIM4
1
21
22
SIM5
SIM1
SIM2
SIM3
SIM4
1
21
22
SIM5
SIM1
SIM2
SIM3
SIM4
1
21
22
SIM5
SIM1
SIM2
SIM3
SIM4
1
21
22
SIM5
SIM1
SIM2
SIM3
SIM4
1
21
22
SIM5
SIM1
SIM2
SIM3
SIM4
1
21
22
SIM5
SIM1
SIM2
SIM3
SIM4
1
21
22
SIM5
SIM1
SIM2
SIM3
SIM4
1
21
22
SIM5
SIM1
SIM2
SIM3
SIM4
1
21
22
SIM5
SIM1
SIM2
SIM3
SIM4
1
21
22
SIM5
SIM1
SIM2
SIM3
SIM4
1
21
22
SIM5
SIM1
SIM2
SIM3
SIM4
1
21
22
SIM5
SIM1
SIM2
SIM3
SIM4
1
21
22
SIM5
SIM1
SIM2
SIM3
SIM4
1
21
22
SIM5
SIM1
SIM2
SIM3
SIM4
1
21
22
SIM5
SIM1
SIM2
SIM3
SIM4
1
21
22
SIM5
SIM1
SIM2
SIM3
SIM4
1
21
22
SIM5
SIM1
SIM2
SIM3
SIM4
1
21
22
SIM5
SIM1
SIM2
SIM3
SIM4
1
21
22
SIM5
SIM1
SIM2
SIM3
SIM4
1
21
22
SIM5
SIM1
SIM2
SIM3
SIM4
1
21
22
SIM5
SIM1
SIM2
SIM3
SIM4
1
21
22
SIM5
SIM1
SIM2
SIM3
SIM4
1
21
22
SIM5
SIM1
SIM2
SIM3
SIM4
1
21
22
SIM5
SIM1
SIM2
SIM3
SIM4
1
21
22
SIM5
SIM1
SIM2
SIM3
SIM4
1
21
22
SIM5
SIM1
SIM2
SIM3
SIM4
1
21
22
SIM5
SIM1
SIM2
SIM3
SIM4
1
21
22
SIM5
SIM1
SIM2
SIM3
SIM4
1
21
22
SIM5
SIM1
SIM2
SIM3
SIM4
1
21
22
SIM5
SIM1
SIM2
SIM3
SIM4
1
21
22
SIM5
SIM1
SIM2
SIM3
SIM4
1
21
22
SIM5
SIM1
SIM2
SIM3
SIM4
1
21
22
SIM5
SIM1
SIM2
SIM3
SIM4
1
21
22
SIM5
SIM1
SIM2
SIM3
SIM4
1
21
22
SIM5
SIM1
SIM2
SIM3
SIM4
1
21
22
SIM5
SIM1
SIM2
SIM3
SIM4
1
21
22
SIM5
SIM1
SIM2
SIM3
SIM4
1
21
22
SIM5
SIM1
SIM2
SIM3
SIM4
1
21
22
SIM5
SIM1
SIM2
SIM3
SIM4
1
21
22
SIM5
SIM1
SIM2
SIM3
SIM4
1
21
22
SIM5
SIM1
SIM2
SIM3
SIM4
1
21
22
SIM5
SIM1
SIM2
SIM3
SIM4
1
21
22
SIM5
SIM1
SIM2
SIM3
SIM4
1
21
22
SIM5
SIM1
SIM2
SIM3
SIM4
1
21
22
SIM5
SIM1
SIM2
SIM3
SIM4
1
21
22
SIM5
SIM1
SIM2
SIM3
SIM4
1
21
22
SIM5
SIM1
SIM2
SIM3
SIM4
1
21
22
SIM5
SIM1
SIM2
SIM3
SIM4
1
21
22
SIM5
SIM1
SIM2
SIM3
SIM4
1
21
22
SIM5
SIM1
SIM2
SIM3
SIM4
1
21
22
SIM5
SIM1
SIM2
SIM3
SIM4
1
21
22
SIM5
SIM1
SIM2
SIM3
SIM4
1
21
22
SIM5
SIM1
SIM2
SIM3
SIM4
1
21
22
SIM5
SIM1
SIM2
SIM3
SIM4
1
21
22
SIM5
SIM1
SIM2
SIM3
SIM4
1
21
22
SIM5
SIM1
SIM2
SIM3
SIM4
1
21
22
SIM5
SIM1
SIM2
SIM3
SIM4
1
21
22
SIM5
SIM1
SIM2
SIM3
SIM4
1
21
22
SIM5
SIM1
SIM2
SIM3
SIM4
1
21
22
SIM5
SIM1
SIM2
SIM3
SIM4
1
21
22
SIM5
SIM1
SIM2
SIM3
SIM4
1
21
22
SIM5
SIM1
SIM2
SIM3
SIM4
1
21
22
SIM5
SIM1
SIM2
SIM3
SIM4
1
21
22
SIM5
SIM1
SIM2
SIM3
SIM4
1
21
22
SIM5
SIM1
SIM2
SIM3
SIM4
1
21
22
SIM5
SIM1
SIM2
SIM3
SIM4
1
21
22
SIM5
SIM1
SIM2
SIM3
SIM4
1
21
22
SIM5
SIM1
SIM2
SIM3
SIM4
1
21
22
SIM5
SIM1
SIM2
SIM3
SIM4
1
21
22
SIM5
SIM1
SIM2
SIM3
SIM4
1
21
22
SIM5
SIM1
SIM2
SIM3
SIM4
1
21
22
SIM5
SIM1
SIM2
SIM3
SIM4
1
21
22
SIM5
SIM1
SIM2
SIM3
SIM4
1
21
22
SIM5
SIM1
SIM2
SIM3
SIM4
1
21
22
SIM5
SIM1
SIM2
SIM3
SIM4
1
21
22
SIM5
SIM1
SIM2
SIM3
SIM4
1
21
22
SIM5
SIM1
SIM2
SIM3
SIM4
1
21
22
SIM5
SIM1
SIM2
SIM3
SIM4
1
21
22
SIM5
SIM1
SIM2
SIM3
SIM4
1
21
22
SIM5
SIM1
SIM2
SIM3
SIM4
1
21
22
SIM5
SIM1
SIM2
SIM3
SIM4
1
21
22
SIM5
SIM1
SIM2
SIM3
SIM4
1
21
22
SIM5
SIM1
SIM2
SIM3
SIM4
1
21
22
SIM5
SIM1
SIM2
SIM3
SIM4
1
21
22
SIM5
SIM1
SIM2
SIM3
SIM4
1
21
22
SIM5
SIM1
SIM2
SIM3
SIM4
1
21
22
SIM5
SIM1
SIM2
SIM3
SIM4
1
21
22
SIM5
SIM1
SIM2
SIM3
SIM4
1
21
22
SIM5
SIM1
SIM2
SIM3
SIM4
1
21
22
SIM5
SIM1
SIM2
SIM3
SIM4
1
21
22
SIM5
SIM1
SIM2
SIM3
SIM4
1
21
22
SIM5
SIM1
SIM2
SIM3
SIM4
1
21
22
SIM5
SIM1
SIM2
SIM3
SIM4
1
21
22
SIM5
SIM1
SIM2
SIM3
SIM4
1
21
22
SIM5
SIM1
SIM2
SIM3
SIM4
1
21
22
SIM5
SIM1
SIM2
SIM3
SIM4
1
21
22
SIM5
SIM1
SIM2
SIM3
SIM4
1
21
22
SIM5
SIM1
SIM2
SIM3
SIM4
1
21
22
SIM5
SIM1
SIM2
SIM3
SIM4
1
21
22
SIM5
SIM1
SIM2
SIM3
SIM4
1
21
22
SIM5
SIM1
SIM2
SIM3
SIM4
1
21
22
SIM5
SIM1
SIM2
SIM3
SIM4
1
21
22
SIM5
SIM1
SIM2
SIM3
SIM4
1
21
22
SIM5
SIM1
SIM2
SIM3
SIM4
1
21
22
SIM5
SIM1
SIM2
SIM3
SIM4
1
21
22
SIM5
SIM1
SIM2
SIM3
SIM4
1
21
22
SIM5
SIM1
SIM2
SIM3
SIM4
1
21
22
SIM5
SIM1
SIM2
SIM3
SIM4
1
21
22
SIM5
SIM1
SIM2
SIM3
SIM4
1
21
22
SIM5
SIM1
SIM2
SIM3
SIM4
1
21
22
SIM5
SIM1
SIM2
SIM3
SIM4
1
21
22
SIM5
SIM1
SIM2
SIM3
SIM4
1
21
22
SIM5
SIM1
SIM2
SIM3
SIM4
1
21
22
SIM5
SIM1
SIM2
SIM3
SIM4
1
21
22
SIM5
SIM1
SIM2
SIM3
SIM4
1
21
22
SIM5
SIM1
SIM2
SIM3
SIM4
1
21
22
SIM5
SIM1
SIM2
SIM3
SIM4
1
21
22
SIM5
SIM1
SIM2
SIM3
SIM4
1
21
22
SIM5
SIM1
SIM2
SIM3
SIM4
1
21
22
SIM5
SIM1
SIM2
SIM3
SIM4
1
21
22
SIM5
SIM1
SIM2
SIM3
SIM4
1
21
22
SIM5
SIM1
SIM2
SIM3
SIM4
1
21
22
SIM5
SIM1
SIM2
SIM3
SIM4
1
21
22
SIM5
SIM1
SIM2
SIM3
SIM4
1
21
22
SIM5
SIM1
SIM2
SIM3
SIM4
1
21
22
SIM5
SIM1
SIM2
SIM3
SIM4
1
21
22
SIM5
SIM1
SIM2
SIM3
SIM4
1
21
22
SIM5
SIM1
SIM2
SIM3
SIM4
1
21
22
SIM5
SIM1
SIM2
SIM3
SIM4
1
21
22
SIM5
SIM1
SIM2
SIM3
SIM4
1
21
22
SIM5
SIM1
SIM2
SIM3
SIM4
1
21
22
SIM5
SIM1
SIM2
SIM3
SIM4
1
21
22
SIM5
SIM1
SIM2
SIM3
SIM4
1
21
22
SIM5
SIM1
SIM2
SIM3
SIM4
1
21
22
SIM5
SIM1
SIM2
SIM3
SIM4
1
21
22
SIM5
SIM1
SIM2
SIM3
SIM4
1
21
22
SIM5
SIM1
SIM2
SIM3
SIM4
1
21
22
SIM5
SIM1
SIM2
SIM3
SIM4
1
21
22
SIM5
SIM1
SIM2
SIM3
SIM4
1
21
22
SIM5
SIM1
SIM2
SIM3
SIM4
1
21
22
SIM5
SIM1
SIM2
SIM3
SIM4
1
21
22
SIM5
SIM1
SIM2
SIM3
SIM4
1
21
22
SIM5
SIM1
SIM2
SIM3
SIM4
1
21
22
SIM5
SIM1
SIM2
SIM3
SIM4
1
21
22
SIM5
SIM1
SIM2
SIM3
SIM4
1
21
22
SIM5
SIM1
SIM2
SIM3
SIM4
1
21
22
SIM5
SIM1
SIM2
SIM3
SIM4
1
21
22
SIM5
SIM1
SIM2
SIM3
SIM4
1
21
22
SIM5
SIM1
SIM2
SIM3
SIM4
1
21
22
SIM5
SIM1
SIM2
SIM3
SIM4
1
21
22
SIM5
SIM1
SIM2
SIM3
SIM4
1
21
22
SIM5
SIM1
SIM2
SIM3
SIM4
1
21
22
SIM5
SIM1
SIM2
SIM3
SIM4
1
21
22
SIM5
SIM1
SIM2
SIM3
SIM4
1
21
22
SIM5
SIM1
SIM2
SIM3
SIM4
1
21
22
SIM5
SIM1
SIM2
SIM3
SIM4
1
21
22
SIM5
SIM1
SIM2
SIM3
SIM4
1
21
22
SIM5
SIM1
SIM2
SIM3
SIM4
1
21
22
SIM5
SIM1
SIM2
SIM3
SIM4
1
21
22
SIM5
SIM1
SIM2
SIM3
SIM4
1
21
22
SIM5
SIM1
SIM2
SIM3
SIM4
1
21
22
SIM5
SIM1
SIM2
SIM3
SIM4
1
21
22
SIM5
SIM1
SIM2
SIM3
SIM4
1
21
22
SIM5
SIM1
SIM2
SIM3
SIM4
1
21
22
SIM5
SIM1
SIM2
SIM3
SIM4
1
21
22
SIM5
SIM1
SIM2
SIM3
SIM4
1
21
22
SIM5
SIM1
SIM2
SIM3
SIM4
1
21
22
SIM5
SIM1
SIM2
SIM3
SIM4
1
21
22
SIM5
SIM1
SIM2
SIM3
SIM4
1
21
22
SIM5
SIM1
SIM2
SIM3
SIM4
1
21
22
SIM5
SIM1
SIM2
SIM3
SIM4
1
21
22
SIM5
SIM1
SIM2
SIM3
SIM4
1
21
22
SIM5
SIM1
SIM2
SIM3
SIM4
1
21
22
SIM5
SIM1
SIM2
SIM3
SIM4
1
21
22
SIM5
SIM1
SIM2
SIM3
SIM4
1
21
22
SIM5
SIM1
SIM2
SIM3
SIM4
1
21
22
SIM5
SIM1
SIM2
SIM3
SIM4
1
21
22
SIM5
SIM1
SIM2
SIM3
SIM4
1
21
22
SIM5
SIM1
SIM2
SIM3
SIM4
1
21
22
SIM5
SIM1
SIM2
SIM3
SIM4
1
21
22
SIM5
SIM1
SIM2
SIM3
SIM4
1
21
22
SIM5
SIM1
SIM2
SIM3
SIM4
1
21
22
SIM5
SIM1
SIM2
SIM3
SIM4
1
21
22
SIM5
SIM1
SIM2
SIM3
SIM4
1
21
22
SIM5
SIM1
SIM2
SIM3
SIM4
1
21
22
SIM5
SIM1
SIM2
SIM3
SIM4
1
21
22
SIM5
SIM1
SIM2
SIM3
SIM4
1
21
22
SIM5
SIM1
SIM2
DEBUG 1 978
SIM1
SIM2
SIM3
SIM4
1
21
22
SIM5
SIM1
SIM2
SIM3
SIM4
1
21
22
SIM5
SIM1
SIM2
SIM3
SIM4
1
21
22
SIM5
SIM1
SIM2
SIM3
SIM4
1
21
22
SIM5
SIM1
SIM2
SIM3
SIM4
1
21
22
SIM5
SIM1
SIM2
SIM3
SIM4
1
21
22
SIM5
SIM1
SIM2
SIM3
SIM4
1
21
22
SIM5
SIM1
SIM2
SIM3
SIM4
1
21
22
SIM5
SIM1
SIM2
SIM3
SIM4
1
21
22
SIM5
SIM1
SIM2
SIM3
SIM4
1
21
22
SIM5
SIM1
SIM2
SIM3
SIM4
1
21
22
SIM5
SIM1
SIM2
SIM3
SIM4
1
21
22
SIM5
SIM1
SIM2
SIM3
SIM4
1
21
22
SIM5
SIM1
SIM2
SIM3
SIM4
1
21
22
SIM5
SIM1
SIM2
SIM3
SIM4
1
21
22
SIM5
SIM1
SIM2
SIM3
SIM4
1
21
22
SIM5
SIM1
SIM2
SIM3
SIM4
1
21
22
SIM5
SIM1
SIM2
SIM3
SIM4
1
21
22
SIM5
SIM1
SIM2
SIM3
SIM4
1
21
22
SIM5
SIM1
SIM2
SIM3
SIM4
1
21
22
SIM5
SIM1
SIM2
SIM3
SIM4
1
21
22
SIM5
SIM1
SIM2
SIM3
SIM4
1
21
22
SIM5
SIM1
SIM2
SIM3
SIM4
1
21
22
SIM5
SIM1
SIM2
SIM3
SIM4
1
21
22
SIM5
SIM1
SIM2
SIM3
SIM4
1
21
22
SIM5
SIM1
SIM2
SIM3
SIM4
1
21
22
SIM5
SIM1
SIM2
SIM3
SIM4
1
21
22
SIM5
SIM1
SIM2
SIM3
SIM4
1
21
22
SIM5
SIM1
SIM2
SIM3
SIM4
1
21
22
SIM5
SIM1
SIM2
SIM3
SIM4
1
21
22
SIM5
SIM1
SIM2
SIM3
SIM4
1
21
22
SIM5
SIM1
SIM2
SIM3
SIM4
1
21
22
SIM5
SIM1
SIM2
SIM3
SIM4
1
21
22
SIM5
SIM1
SIM2
SIM3
SIM4
1
21
22
SIM5
SIM1
SIM2
SIM3
SIM4
1
21
22
SIM5
SIM1
SIM2
SIM3
SIM4
1
21
22
SIM5
SIM1
SIM2
SIM3
SIM4
1
21
22
SIM5
SIM1
SIM2
SIM3
SIM4
1
21
22
SIM5
SIM1
SIM2
SIM3
SIM4
1
21
22
SIM5
SIM1
SIM2
SIM3
SIM4
1
21
22
SIM5
SIM1
SIM2
SIM3
SIM4
1
21
22
SIM5
SIM1
SIM2
SIM3
SIM4
1
21
22
SIM5
SIM1
SIM2
SIM3
SIM4
1
21
22
SIM5
SIM1
SIM2
SIM3
SIM4
1
21
22
SIM5
SIM1
SIM2
SIM3
SIM4
1
21
22
SIM5
SIM1
SIM2
SIM3
SIM4
1
21
22
SIM5
SIM1
SIM2
SIM3
SIM4
1
21
22
SIM5
SIM1
SIM2
SIM3
SIM4
1
21
22
SIM5
SIM1
SIM2
SIM3
SIM4
1
21
22
SIM5
SIM1
SIM2
SIM3
SIM4
1
21
22
SIM5
SIM1
SIM2
SIM3
SIM4
1
21
22
SIM5
SIM1
SIM2
SIM3
SIM4
1
21
22
SIM5
SIM1
SIM2
SIM3
SIM4
1
21
22
SIM5
SIM1
SIM2
SIM3
SIM4
1
21
22
SIM5
SIM1
SIM2
SIM3
SIM4
1
21
22
SIM5
SIM1
SIM2
SIM3
SIM4
1
21
22
SIM5
SIM1
SIM2
SIM3
SIM4
1
21
22
SIM5
SIM1
SIM2
SIM3
SIM4
1
21
22
SIM5
SIM1
SIM2
SIM3
SIM4
1
21
22
SIM5
SIM1
SIM2
SIM3
SIM4
1
21
22
SIM5
SIM1
SIM2
SIM3
SIM4
1
21
22
SIM5
SIM1
SIM2
SIM3
SIM4
1
21
22
SIM5
SIM1
SIM2
SIM3
SIM4
1
21
22
SIM5
SIM1
SIM2
SIM3
SIM4
1
21
22
SIM5
SIM1
SIM2
SIM3
SIM4
1
21
22
SIM5
SIM1
SIM2
SIM3
SIM4
1
21
22
SIM5
SIM1
SIM2
SIM3
SIM4
1
21
22
SIM5
SIM1
SIM2
SIM3
SIM4
1
21
22
SIM5
SIM1
SIM2
SIM3
SIM4
1
21
22
SIM5
SIM1
SIM2
SIM3
SIM4
1
21
22
SIM5
SIM1
SIM2
SIM3
SIM4
1
21
22
SIM5
SIM1
SIM2
SIM3
SIM4
1
21
22
SIM5
SIM1
SIM2
SIM3
SIM4
1
21
22
SIM5
SIM1
SIM2
SIM3
SIM4
1
21
22
SIM5
SIM1
SIM2
SIM3
SIM4
1
21
22
SIM5
SIM1
SIM2
SIM3
SIM4
1
21
22
SIM5
SIM1
SIM2
SIM3
SIM4
1
21
22
SIM5
SIM1
SIM2
SIM3
SIM4
1
21
22
SIM5
SIM1
SIM2
SIM3
SIM4
1
21
22
SIM5
SIM1
SIM2
SIM3
SIM4
1
21
22
SIM5
SIM1
SIM2
SIM3
SIM4
1
21
22
SIM5
SIM1
SIM2
SIM3
SIM4
1
21
22
SIM5
SIM1
SIM2
SIM3
SIM4
1
21
22
SIM5
SIM1
SIM2
SIM3
SIM4
1
21
22
SIM5
SIM1
SIM2
SIM3
SIM4
1
21
22
SIM5
SIM1
SIM2
SIM3
SIM4
1
21
22
SIM5
SIM1
SIM2
SIM3
SIM4
1
21
22
SIM5
SIM1
SIM2
SIM3
SIM4
1
21
22
SIM5
SIM1
SIM2
SIM3
SIM4
1
21
22
SIM5
SIM1
SIM2
SIM3
SIM4
1
21
22
SIM5
SIM1
SIM2
SIM3
SIM4
1
21
22
SIM5
SIM1
SIM2
SIM3
SIM4
1
21
22
SIM5
SIM1
SIM2
SIM3
SIM4
1
21
22
SIM5
SIM1
SIM2
SIM3
SIM4
1
21
22
SIM5
SIM1
SIM2
SIM3
SIM4
1
21
22
SIM5
SIM1
SIM2
SIM3
SIM4
1
21
22
SIM5
SIM1
SIM2
SIM3
SIM4
1
21
22
SIM5
SIM1
SIM2
SIM3
SIM4
1
21
22
SIM5
SIM1
SIM2
SIM3
SIM4
1
21
22
SIM5
SIM1
SIM2
SIM3
SIM4
1
21
22
SIM5
SIM1
SIM2
SIM3
SIM4
1
21
22
SIM5
SIM1
SIM2
SIM3
SIM4
1
21
22
SIM5
SIM1
SIM2
SIM3
SIM4
1
21
22
SIM5
SIM1
SIM2
SIM3
SIM4
1
21
22
SIM5
SIM1
SIM2
SIM3
SIM4
1
21
22
SIM5
SIM1
SIM2
SIM3
SIM4
1
21
22
SIM5
SIM1
SIM2
SIM3
SIM4
1
21
22
SIM5
SIM1
SIM2
SIM3
SIM4
1
21
22
SIM5
SIM1
SIM2
SIM3
SIM4
1
21
22
SIM5
SIM1
SIM2
SIM3
SIM4
1
21
22
SIM5
SIM1
SIM2
SIM3
SIM4
1
21
22
SIM5
SIM1
SIM2
SIM3
SIM4
1
21
22
SIM5
SIM1
SIM2
SIM3
SIM4
1
21
22
SIM5
SIM1
SIM2
SIM3
SIM4
1
21
22
SIM5
SIM1
SIM2
SIM3
SIM4
1
21
22
SIM5
SIM1
SIM2
SIM3
SIM4
1
21
22
SIM5
SIM1
SIM2
SIM3
SIM4
1
21
22
SIM5
SIM1
SIM2
SIM3
SIM4
1
21
22
SIM5
SIM1
SIM2
SIM3
SIM4
1
21
22
SIM5
SIM1
SIM2
SIM3
SIM4
1
21
22
SIM5
SIM1
SIM2
SIM3
SIM4
1
21
22
SIM5
SIM1
SIM2
SIM3
SIM4
1
21
22
SIM5
SIM1
SIM2
SIM3
SIM4
1
21
22
SIM5
SIM1
SIM2
SIM3
SIM4
1
21
22
SIM5
SIM1
SIM2
SIM3
SIM4
1
21
22
SIM5
SIM1
SIM2
SIM3
SIM4
1
21
22
SIM5
SIM1
SIM2
SIM3
SIM4
1
21
22
SIM5
SIM1
SIM2
SIM3
SIM4
1
21
22
SIM5
SIM1
SIM2
SIM3
SIM4
1
21
22
SIM5
SIM1
SIM2
SIM3
SIM4
1
21
22
SIM5
SIM1
SIM2
SIM3
SIM4
1
21
22
SIM5
SIM1
SIM2
SIM3
SIM4
1
21
22
SIM5
SIM1
SIM2
SIM3
SIM4
1
21
22
SIM5
SIM1
SIM2
SIM3
SIM4
1
21
22
SIM5
SIM1
SIM2
SIM3
SIM4
1
21
22
SIM5
SIM1
SIM2
SIM3
SIM4
1
21
22
SIM5
SIM1
SIM2
SIM3
SIM4
1
21
22
SIM5
SIM1
SIM2
SIM3
SIM4
1
21
22
SIM5
SIM1
SIM2
SIM3
SIM4
1
21
22
SIM5
SIM1
SIM2
SIM3
SIM4
1
21
22
SIM5
SIM1
SIM2
SIM3
SIM4
1
21
22
SIM5
SIM1
SIM2
SIM3
SIM4
1
21
22
SIM5
SIM1
SIM2
SIM3
SIM4
1
21
22
SIM5
SIM1
SIM2
SIM3
SIM4
1
21
22
SIM5
SIM1
SIM2
SIM3
SIM4
1
21
22
SIM5
SIM1
SIM2
SIM3
SIM4
1
21
22
SIM5
SIM1
SIM2
SIM3
SIM4
1
21
22
SIM5
SIM1
SIM2
SIM3
SIM4
1
21
22
SIM5
SIM1
SIM2
SIM3
SIM4
1
21
22
SIM5
SIM1
SIM2
SIM3
SIM4
1
21
22
SIM5
SIM1
SIM2
SIM3
SIM4
1
21
22
SIM5
SIM1
SIM2
SIM3
SIM4
1
21
22
SIM5
SIM1
SIM2
SIM3
SIM4
1
21
22
SIM5
SIM1
SIM2
SIM3
SIM4
1
21
22
SIM5
SIM1
SIM2
SIM3
SIM4
1
21
22
SIM5
SIM1
SIM2
SIM3
SIM4
1
21
22
SIM5
SIM1
SIM2
SIM3
SIM4
1
21
22
SIM5
SIM1
SIM2
SIM3
SIM4
1
21
22
SIM5
SIM1
SIM2
SIM3
SIM4
1
21
22
SIM5
SIM1
SIM2
SIM3
SIM4
1
21
22
SIM5
SIM1
SIM2
SIM3
SIM4
1
21
22
SIM5
SIM1
SIM2
SIM3
SIM4
1
21
22
SIM5
SIM1
SIM2
SIM3
SIM4
1
21
22
SIM5
SIM1
SIM2
SIM3
SIM4
1
21
22
SIM5
SIM1
SIM2
SIM3
SIM4
1
21
22
SIM5
SIM1
SIM2
SIM3
SIM4
1
21
22
SIM5
SIM1
SIM2
SIM3
SIM4
1
21
22
SIM5
SIM1
SIM2
SIM3
SIM4
1
21
22
SIM5
SIM1
SIM2
SIM3
SIM4
1
21
22
SIM5
SIM1
SIM2
SIM3
SIM4
1
21
22
SIM5
SIM1
SIM2
SIM3
SIM4
1
21
22
SIM5
SIM1
SIM2
DEBUG 1 979
SIM1
SIM2
SIM3
SIM4
1
21
22
SIM5
SIM1
SIM2
SIM3
SIM4
1
21
22
SIM5
SIM1
SIM2
SIM3
SIM4
1
21
22
SIM5
SIM1
SIM2
SIM3
SIM4
1
21
22
SIM5
SIM1
SIM2
SIM3
SIM4
1
21
22
SIM5
SIM1
SIM2
SIM3
SIM4
1
21
22
SIM5
SIM1
SIM2
SIM3
SIM4
1
21
22
SIM5
SIM1
SIM2
SIM3
SIM4
1
21
22
SIM5
SIM1
SIM2
SIM3
SIM4
1
21
22
SIM5
SIM1
SIM2
SIM3
SIM4
1
21
22
SIM5
SIM1
SIM2
SIM3
SIM4
1
21
22
SIM5
SIM1
SIM2
SIM3
SIM4
1
21
22
SIM5
SIM1
SIM2
SIM3
SIM4
1
21
22
SIM5
SIM1
SIM2
SIM3
SIM4
1
21
22
SIM5
SIM1
SIM2
SIM3
SIM4
1
21
22
SIM5
SIM1
SIM2
SIM3
SIM4
1
21
22
SIM5
SIM1
SIM2
SIM3
SIM4
1
21
22
SIM5
SIM1
SIM2
SIM3
SIM4
1
21
22
SIM5
SIM1
SIM2
SIM3
SIM4
1
21
22
SIM5
SIM1
SIM2
SIM3
SIM4
1
21
22
SIM5
SIM1
SIM2
SIM3
SIM4
1
21
22
SIM5
SIM1
SIM2
SIM3
SIM4
1
21
22
SIM5
SIM1
SIM2
SIM3
SIM4
1
21
22
SIM5
SIM1
SIM2
SIM3
SIM4
1
21
22
SIM5
SIM1
SIM2
SIM3
SIM4
1
21
22
SIM5
SIM1
SIM2
SIM3
SIM4
1
21
22
SIM5
SIM1
SIM2
SIM3
SIM4
1
21
22
SIM5
SIM1
SIM2
SIM3
SIM4
1
21
22
SIM5
SIM1
SIM2
SIM3
SIM4
1
21
22
SIM5
SIM1
SIM2
SIM3
SIM4
1
21
22
SIM5
SIM1
SIM2
SIM3
SIM4
1
21
22
SIM5
SIM1
SIM2
SIM3
SIM4
1
21
22
SIM5
SIM1
SIM2
SIM3
SIM4
1
21
22
SIM5
SIM1
SIM2
SIM3
SIM4
1
21
22
SIM5
SIM1
SIM2
SIM3
SIM4
1
21
22
SIM5
SIM1
SIM2
SIM3
SIM4
1
21
22
SIM5
SIM1
SIM2
SIM3
SIM4
1
21
22
SIM5
SIM1
SIM2
SIM3
SIM4
1
21
22
SIM5
SIM1
SIM2
SIM3
SIM4
1
21
22
SIM5
SIM1
SIM2
SIM3
SIM4
1
21
22
SIM5
SIM1
SIM2
SIM3
SIM4
1
21
22
SIM5
SIM1
SIM2
SIM3
SIM4
1
21
22
SIM5
SIM1
SIM2
SIM3
SIM4
1
21
22
SIM5
SIM1
SIM2
SIM3
SIM4
1
21
22
SIM5
SIM1
SIM2
SIM3
SIM4
1
21
22
SIM5
SIM1
SIM2
SIM3
SIM4
1
21
22
SIM5
SIM1
SIM2
SIM3
SIM4
1
21
22
SIM5
SIM1
SIM2
SIM3
SIM4
1
21
22
SIM5
SIM1
SIM2
SIM3
SIM4
1
21
22
SIM5
SIM1
SIM2
SIM3
SIM4
1
21
22
SIM5
SIM1
SIM2
SIM3
SIM4
1
21
22
SIM5
SIM1
SIM2
SIM3
SIM4
1
21
22
SIM5
SIM1
SIM2
SIM3
SIM4
1
21
22
SIM5
SIM1
SIM2
SIM3
SIM4
1
21
22
SIM5
SIM1
SIM2
SIM3
SIM4
1
21
22
SIM5
SIM1
SIM2
SIM3
SIM4
1
21
22
SIM5
SIM1
SIM2
SIM3
SIM4
1
21
22
SIM5
SIM1
SIM2
SIM3
SIM4
1
21
22
SIM5
SIM1
SIM2
SIM3
SIM4
1
21
22
SIM5
SIM1
SIM2
SIM3
SIM4
1
21
22
SIM5
SIM1
SIM2
SIM3
SIM4
1
21
22
SIM5
SIM1
SIM2
SIM3
SIM4
1
21
22
SIM5
SIM1
SIM2
SIM3
SIM4
1
21
22
SIM5
SIM1
SIM2
SIM3
SIM4
1
21
22
SIM5
SIM1
SIM2
SIM3
SIM4
1
21
22
SIM5
SIM1
SIM2
SIM3
SIM4
1
21
22
SIM5
SIM1
SIM2
SIM3
SIM4
1
21
22
SIM5
SIM1
SIM2
SIM3
SIM4
1
21
22
SIM5
SIM1
SIM2
SIM3
SIM4
1
21
22
SIM5
SIM1
SIM2
SIM3
SIM4
1
21
22
SIM5
SIM1
SIM2
SIM3
SIM4
1
21
22
SIM5
SIM1
SIM2
SIM3
SIM4
1
21
22
SIM5
SIM1
SIM2
SIM3
SIM4
1
21
22
SIM5
SIM1
SIM2
SIM3
SIM4
1
21
22
SIM5
SIM1
SIM2
SIM3
SIM4
1
21
22
SIM5
SIM1
SIM2
SIM3
SIM4
1
21
22
SIM5
SIM1
SIM2
SIM3
SIM4
1
21
22
SIM5
SIM1
SIM2
SIM3
SIM4
1
21
22
SIM5
SIM1
SIM2
SIM3
SIM4
1
21
22
SIM5
SIM1
SIM2
SIM3
SIM4
1
21
22
SIM5
SIM1
SIM2
SIM3
SIM4
1
21
22
SIM5
SIM1
SIM2
SIM3
SIM4
1
21
22
SIM5
SIM1
SIM2
SIM3
SIM4
1
21
22
SIM5
SIM1
SIM2
SIM3
SIM4
1
21
22
SIM5
SIM1
SIM2
SIM3
SIM4
1
21
22
SIM5
SIM1
SIM2
SIM3
SIM4
1
21
22
SIM5
SIM1
SIM2
SIM3
SIM4
1
21
22
SIM5
SIM1
SIM2
SIM3
SIM4
1
21
22
SIM5
SIM1
SIM2
SIM3
SIM4
1
21
22
SIM5
SIM1
SIM2
SIM3
SIM4
1
21
22
SIM5
SIM1
SIM2
SIM3
SIM4
1
21
22
SIM5
SIM1
SIM2
SIM3
SIM4
1
21
22
SIM5
SIM1
SIM2
SIM3
SIM4
1
21
22
SIM5
SIM1
SIM2
SIM3
SIM4
1
21
22
SIM5
SIM1
SIM2
SIM3
SIM4
1
21
22
SIM5
SIM1
SIM2
SIM3
SIM4
1
21
22
SIM5
SIM1
SIM2
SIM3
SIM4
1
21
22
SIM5
SIM1
SIM2
SIM3
SIM4
1
21
22
SIM5
SIM1
SIM2
SIM3
SIM4
1
21
22
SIM5
SIM1
SIM2
SIM3
SIM4
1
21
22
SIM5
SIM1
SIM2
SIM3
SIM4
1
21
22
SIM5
SIM1
SIM2
SIM3
SIM4
1
21
22
SIM5
SIM1
SIM2
SIM3
SIM4
1
21
22
SIM5
SIM1
SIM2
SIM3
SIM4
1
21
22
SIM5
SIM1
SIM2
SIM3
SIM4
1
21
22
SIM5
SIM1
SIM2
SIM3
SIM4
1
21
22
SIM5
SIM1
SIM2
SIM3
SIM4
1
21
22
SIM5
SIM1
SIM2
SIM3
SIM4
1
21
22
SIM5
SIM1
SIM2
SIM3
SIM4
1
21
22
SIM5
SIM1
SIM2
SIM3
SIM4
1
21
22
SIM5
SIM1
SIM2
SIM3
SIM4
1
21
22
SIM5
SIM1
SIM2
SIM3
SIM4
1
21
22
SIM5
SIM1
SIM2
SIM3
SIM4
1
21
22
SIM5
SIM1
SIM2
SIM3
SIM4
1
21
22
SIM5
SIM1
SIM2
SIM3
SIM4
1
21
22
SIM5
SIM1
SIM2
SIM3
SIM4
1
21
22
SIM5
SIM1
SIM2
SIM3
SIM4
1
21
22
SIM5
SIM1
SIM2
SIM3
SIM4
1
21
22
SIM5
SIM1
SIM2
SIM3
SIM4
1
21
22
SIM5
SIM1
SIM2
SIM3
SIM4
1
21
22
SIM5
SIM1
SIM2
SIM3
SIM4
1
21
22
SIM5
SIM1
SIM2
SIM3
SIM4
1
21
22
SIM5
SIM1
SIM2
SIM3
SIM4
1
21
22
SIM5
SIM1
SIM2
SIM3
SIM4
1
21
22
SIM5
SIM1
SIM2
SIM3
SIM4
1
21
22
SIM5
SIM1
SIM2
SIM3
SIM4
1
21
22
SIM5
SIM1
SIM2
SIM3
SIM4
1
21
22
SIM5
SIM1
SIM2
SIM3
SIM4
1
21
22
SIM5
SIM1
SIM2
SIM3
SIM4
1
21
22
SIM5
SIM1
SIM2
SIM3
SIM4
1
21
22
SIM5
SIM1
SIM2
SIM3
SIM4
1
21
22
SIM5
SIM1
SIM2
SIM3
SIM4
1
21
22
SIM5
SIM1
SIM2
SIM3
SIM4
1
21
22
SIM5
SIM1
SIM2
SIM3
SIM4
1
21
22
SIM5
SIM1
SIM2
SIM3
SIM4
1
21
22
SIM5
SIM1
SIM2
SIM3
SIM4
1
21
22
SIM5
SIM1
SIM2
SIM3
SIM4
1
21
22
SIM5
SIM1
SIM2
SIM3
SIM4
1
21
22
SIM5
SIM1
SIM2
DEBUG 1 980
SIM1
SIM2
SIM3
SIM4
1
21
22
SIM5
SIM1
SIM2
SIM3
SIM4
1
21
22
SIM5
SIM1
SIM2
SIM3
SIM4
1
21
22
SIM5
SIM1
SIM2
SIM3
SIM4
1
21
22
SIM5
SIM1
SIM2
SIM3
SIM4
1
21
22
SIM5
SIM1
SIM2
SIM3
SIM4
1
21
22
SIM5
SIM1
SIM2
SIM3
SIM4
1
21
22
SIM5
SIM1
SIM2
SIM3
SIM4
1
21
22
SIM5
SIM1
SIM2
SIM3
SIM4
1
21
22
SIM5
SIM1
SIM2
SIM3
SIM4
1
21
22
SIM5
SIM1
SIM2
SIM3
SIM4
1
21
22
SIM5
SIM1
SIM2
SIM3
SIM4
1
21
22
SIM5
SIM1
SIM2
SIM3
SIM4
1
21
22
SIM5
SIM1
SIM2
SIM3
SIM4
1
21
22
SIM5
SIM1
SIM2
SIM3
SIM4
1
21
22
SIM5
SIM1
SIM2
SIM3
SIM4
1
21
22
SIM5
SIM1
SIM2
SIM3
SIM4
1
21
22
SIM5
SIM1
SIM2
SIM3
SIM4
1
21
22
SIM5
SIM1
SIM2
SIM3
SIM4
1
21
22
SIM5
SIM1
SIM2
SIM3
SIM4
1
21
22
SIM5
SIM1
SIM2
SIM3
SIM4
1
21
22
SIM5
SIM1
SIM2
SIM3
SIM4
1
21
22
SIM5
SIM1
SIM2
SIM3
SIM4
1
21
22
SIM5
SIM1
SIM2
SIM3
SIM4
1
21
22
SIM5
SIM1
SIM2
SIM3
SIM4
1
21
22
SIM5
SIM1
SIM2
SIM3
SIM4
1
21
22
SIM5
SIM1
SIM2
SIM3
SIM4
1
21
22
SIM5
SIM1
SIM2
SIM3
SIM4
1
21
22
SIM5
SIM1
SIM2
SIM3
SIM4
1
21
22
SIM5
SIM1
SIM2
SIM3
SIM4
1
21
22
SIM5
SIM1
SIM2
SIM3
SIM4
1
21
22
SIM5
SIM1
SIM2
SIM3
SIM4
1
21
22
SIM5
SIM1
SIM2
SIM3
SIM4
1
21
22
SIM5
SIM1
SIM2
SIM3
SIM4
1
21
22
SIM5
SIM1
SIM2
SIM3
SIM4
1
21
22
SIM5
SIM1
SIM2
SIM3
SIM4
1
21
22
SIM5
SIM1
SIM2
SIM3
SIM4
1
21
22
SIM5
SIM1
SIM2
SIM3
SIM4
1
21
22
SIM5
SIM1
SIM2
SIM3
SIM4
1
21
22
SIM5
SIM1
SIM2
SIM3
SIM4
1
21
22
SIM5
SIM1
SIM2
SIM3
SIM4
1
21
22
SIM5
SIM1
SIM2
SIM3
SIM4
1
21
22
SIM5
SIM1
SIM2
SIM3
SIM4
1
21
22
SIM5
SIM1
SIM2
SIM3
SIM4
1
21
22
SIM5
SIM1
SIM2
SIM3
SIM4
1
21
22
SIM5
SIM1
SIM2
SIM3
SIM4
1
21
22
SIM5
SIM1
SIM2
SIM3
SIM4
1
21
22
SIM5
SIM1
SIM2
SIM3
SIM4
1
21
22
SIM5
SIM1
SIM2
SIM3
SIM4
1
21
22
SIM5
SIM1
SIM2
SIM3
SIM4
1
21
22
SIM5
SIM1
SIM2
SIM3
SIM4
1
21
22
SIM5
SIM1
SIM2
SIM3
SIM4
1
21
22
SIM5
SIM1
SIM2
SIM3
SIM4
1
21
22
SIM5
SIM1
SIM2
SIM3
SIM4
1
21
22
SIM5
SIM1
SIM2
SIM3
SIM4
1
21
22
SIM5
SIM1
SIM2
SIM3
SIM4
1
21
22
SIM5
SIM1
SIM2
SIM3
SIM4
1
21
22
SIM5
SIM1
SIM2
SIM3
SIM4
1
21
22
SIM5
SIM1
SIM2
SIM3
SIM4
1
21
22
SIM5
SIM1
SIM2
SIM3
SIM4
1
21
22
SIM5
SIM1
SIM2
SIM3
SIM4
1
21
22
SIM5
SIM1
SIM2
SIM3
SIM4
1
21
22
SIM5
SIM1
SIM2
SIM3
SIM4
1
21
22
SIM5
SIM1
SIM2
SIM3
SIM4
1
21
22
SIM5
SIM1
SIM2
SIM3
SIM4
1
21
22
SIM5
SIM1
SIM2
SIM3
SIM4
1
21
22
SIM5
SIM1
SIM2
SIM3
SIM4
1
21
22
SIM5
SIM1
SIM2
SIM3
SIM4
1
21
22
SIM5
SIM1
SIM2
SIM3
SIM4
1
21
22
SIM5
SIM1
SIM2
SIM3
SIM4
1
21
22
SIM5
SIM1
SIM2
SIM3
SIM4
1
21
22
SIM5
SIM1
SIM2
SIM3
SIM4
1
21
22
SIM5
SIM1
SIM2
SIM3
SIM4
1
21
22
SIM5
SIM1
SIM2
SIM3
SIM4
1
21
22
SIM5
SIM1
SIM2
SIM3
SIM4
1
21
22
SIM5
SIM1
SIM2
SIM3
SIM4
1
21
22
SIM5
SIM1
SIM2
SIM3
SIM4
1
21
22
SIM5
SIM1
SIM2
SIM3
SIM4
1
21
22
SIM5
SIM1
SIM2
SIM3
SIM4
1
21
22
SIM5
SIM1
SIM2
SIM3
SIM4
1
21
22
SIM5
SIM1
SIM2
SIM3
SIM4
1
21
22
SIM5
SIM1
SIM2
SIM3
SIM4
1
21
22
SIM5
SIM1
SIM2
SIM3
SIM4
1
21
22
SIM5
SIM1
SIM2
SIM3
SIM4
1
21
22
SIM5
SIM1
SIM2
SIM3
SIM4
1
21
22
SIM5
SIM1
SIM2
SIM3
SIM4
1
21
22
SIM5
SIM1
SIM2
SIM3
SIM4
1
21
22
SIM5
SIM1
SIM2
SIM3
SIM4
1
21
22
SIM5
SIM1
SIM2
SIM3
SIM4
1
21
22
SIM5
SIM1
SIM2
SIM3
SIM4
1
21
22
SIM5
SIM1
SIM2
SIM3
SIM4
1
21
22
SIM5
SIM1
SIM2
SIM3
SIM4
1
21
22
SIM5
SIM1
SIM2
SIM3
SIM4
1
21
22
SIM5
SIM1
SIM2
SIM3
SIM4
1
21
22
SIM5
SIM1
SIM2
SIM3
SIM4
1
21
22
SIM5
SIM1
SIM2
SIM3
SIM4
1
21
22
SIM5
SIM1
SIM2
SIM3
SIM4
1
21
22
SIM5
SIM1
SIM2
SIM3
SIM4
1
21
22
SIM5
SIM1
SIM2
SIM3
SIM4
1
21
22
SIM5
SIM1
SIM2
SIM3
SIM4
1
21
22
SIM5
SIM1
SIM2
SIM3
SIM4
1
21
22
SIM5
SIM1
SIM2
SIM3
SIM4
1
21
22
SIM5
SIM1
SIM2
SIM3
SIM4
1
21
22
SIM5
SIM1
SIM2
SIM3
SIM4
1
21
22
SIM5
SIM1
SIM2
SIM3
SIM4
1
21
22
SIM5
SIM1
SIM2
SIM3
SIM4
1
21
22
SIM5
SIM1
SIM2
SIM3
SIM4
1
21
22
SIM5
SIM1
SIM2
SIM3
SIM4
1
21
22
SIM5
SIM1
SIM2
SIM3
SIM4
1
21
22
SIM5
SIM1
SIM2
SIM3
SIM4
1
21
22
SIM5
SIM1
SIM2
SIM3
SIM4
1
21
22
SIM5
SIM1
SIM2
SIM3
SIM4
1
21
22
SIM5
SIM1
SIM2
SIM3
SIM4
1
21
22
SIM5
SIM1
SIM2
SIM3
SIM4
1
21
22
SIM5
SIM1
SIM2
SIM3
SIM4
1
21
22
SIM5
SIM1
SIM2
SIM3
SIM4
1
21
22
SIM5
SIM1
SIM2
SIM3
SIM4
1
21
22
SIM5
SIM1
SIM2
SIM3
SIM4
1
21
22
SIM5
SIM1
SIM2
SIM3
SIM4
1
21
22
SIM5
SIM1
SIM2
SIM3
SIM4
1
21
22
SIM5
SIM1
SIM2
SIM3
SIM4
1
21
22
SIM5
SIM1
SIM2
SIM3
SIM4
1
21
22
SIM5
SIM1
SIM2
SIM3
SIM4
1
21
22
SIM5
SIM1
SIM2
SIM3
SIM4
1
21
22
SIM5
SIM1
SIM2
SIM3
SIM4
1
21
22
SIM5
SIM1
SIM2
SIM3
SIM4
1
21
22
SIM5
SIM1
SIM2
SIM3
SIM4
1
21
22
SIM5
SIM1
SIM2
SIM3
SIM4
1
21
22
SIM5
SIM1
SIM2
SIM3
SIM4
1
21
22
SIM5
SIM1
SIM2
SIM3
SIM4
1
21
22
SIM5
SIM1
SIM2
SIM3
SIM4
1
21
22
SIM5
SIM1
SIM2
SIM3
SIM4
1
21
22
SIM5
SIM1
SIM2
SIM3
SIM4
1
21
22
SIM5
SIM1
SIM2
SIM3
SIM4
1
21
22
SIM5
SIM1
SIM2
SIM3
SIM4
1
21
22
SIM5
SIM1
SIM2
SIM3
SIM4
1
21
22
SIM5
SIM1
SIM2
SIM3
SIM4
1
21
22
SIM5
SIM1
SIM2
SIM3
SIM4
1
21
22
SIM5
SIM1
SIM2
SIM3
SIM4
1
21
22
SIM5
SIM1
SIM2
SIM3
SIM4
1
21
22
SIM5
SIM1
SIM2
SIM3
SIM4
1
21
22
SIM5
SIM1
SIM2
SIM3
SIM4
1
21
22
SIM5
SIM1
SIM2
SIM3
SIM4
1
21
22
SIM5
SIM1
SIM2
SIM3
SIM4
1
21
22
SIM5
SIM1
SIM2
SIM3
SIM4
1
21
22
SIM5
SIM1
SIM2
SIM3
SIM4
1
21
22
SIM5
SIM1
SIM2
SIM3
SIM4
1
21
22
SIM5
SIM1
SIM2
SIM3
SIM4
1
21
22
SIM5
SIM1
SIM2
SIM3
SIM4
1
21
22
SIM5
SIM1
SIM2
SIM3
SIM4
1
21
22
SIM5
SIM1
SIM2
SIM3
SIM4
1
21
22
SIM5
SIM1
SIM2
SIM3
SIM4
1
21
22
SIM5
SIM1
SIM2
SIM3
SIM4
1
21
22
SIM5
SIM1
SIM2
SIM3
SIM4
1
21
22
SIM5
SIM1
SIM2
SIM3
SIM4
1
21
22
SIM5
SIM1
SIM2
SIM3
SIM4
1
21
22
SIM5
SIM1
SIM2
SIM3
SIM4
1
21
22
SIM5
SIM1
SIM2
SIM3
SIM4
1
21
22
SIM5
SIM1
SIM2
SIM3
SIM4
1
21
22
SIM5
SIM1
SIM2
SIM3
SIM4
1
21
22
SIM5
SIM1
SIM2
SIM3
SIM4
1
21
22
SIM5
SIM1
SIM2
SIM3
SIM4
1
21
22
SIM5
SIM1
SIM2
SIM3
SIM4
1
21
22
SIM5
SIM1
SIM2
SIM3
SIM4
1
21
22
SIM5
SIM1
SIM2
SIM3
SIM4
1
21
22
SIM5
SIM1
SIM2
SIM3
SIM4
1
21
22
SIM5
SIM1
SIM2
SIM3
SIM4
1
21
22
SIM5
SIM1
SIM2
SIM3
SIM4
1
21
22
SIM5
SIM1
SIM2
SIM3
SIM4
1
21
22
SIM5
SIM1
SIM2
SIM3
SIM4
1
21
22
SIM5
SIM1
SIM2
SIM3
SIM4
1
21
22
SIM5
SIM1
SIM2
SIM3
SIM4
1
21
22
SIM5
SIM1
SIM2
SIM3
SIM4
1
21
22
SIM5
SIM1
SIM2
SIM3
SIM4
1
21
22
SIM5
SIM1
SIM2
SIM3
SIM4
1
21
22
SIM5
SIM1
SIM2
SIM3
SIM4
1
21
22
SIM5
SIM1
SIM2
SIM3
SIM4
1
21
22
SIM5
SIM1
SIM2
SIM3
SIM4
1
21
22
SIM5
SIM1
SIM2
SIM3
SIM4
1
21
22
SIM5
SIM1
SIM2
SIM3
SIM4
1
21
22
SIM5
SIM1
SIM2
SIM3
SIM4
1
21
22
SIM5
SIM1
SIM2
SIM3
SIM4
1
21
22
SIM5
SIM1
SIM2
SIM3
SIM4
1
21
22
SIM5
SIM1
SIM2
SIM3
SIM4
1
21
22
SIM5
SIM1
SIM2
SIM3
SIM4
1
21
22
SIM5
SIM1
SIM2
SIM3
SIM4
1
21
22
SIM5
SIM1
SIM2
SIM3
SIM4
1
21
22
SIM5
SIM1
SIM2
SIM3
SIM4
1
21
22
SIM5
SIM1
SIM2
SIM3
SIM4
1
21
22
SIM5
SIM1
SIM2
SIM3
SIM4
1
21
22
SIM5
SIM1
SIM2
SIM3
SIM4
1
21
22
SIM5
SIM1
SIM2
SIM3
SIM4
1
21
22
SIM5
SIM1
SIM2
SIM3
SIM4
1
21
22
SIM5
SIM1
SIM2
SIM3
SIM4
1
21
22
SIM5
SIM1
SIM2
SIM3
SIM4
1
21
22
SIM5
SIM1
SIM2
SIM3
SIM4
1
21
22
SIM5
SIM1
SIM2
SIM3
SIM4
1
21
22
SIM5
SIM1
SIM2
SIM3
SIM4
1
21
22
SIM5
SIM1
SIM2
SIM3
SIM4
1
21
22
SIM5
SIM1
SIM2
SIM3
SIM4
1
21
22
SIM5
SIM1
SIM2
SIM3
SIM4
1
21
22
SIM5
SIM1
SIM2
SIM3
SIM4
1
21
22
SIM5
SIM1
SIM2
SIM3
SIM4
1
21
22
SIM5
SIM1
SIM2
DEBUG 1 981
SIM1
SIM2
SIM3
SIM4
1
21
22
SIM5
SIM1
SIM2
SIM3
SIM4
1
21
22
SIM5
SIM1
SIM2
SIM3
SIM4
1
21
22
SIM5
SIM1
SIM2
SIM3
SIM4
1
21
22
SIM5
SIM1
SIM2
SIM3
SIM4
1
21
22
SIM5
SIM1
SIM2
SIM3
SIM4
1
21
22
SIM5
SIM1
SIM2
SIM3
SIM4
1
21
22
SIM5
SIM1
SIM2
SIM3
SIM4
1
21
22
SIM5
SIM1
SIM2
SIM3
SIM4
1
21
22
SIM5
SIM1
SIM2
SIM3
SIM4
1
21
22
SIM5
SIM1
SIM2
SIM3
SIM4
1
21
22
SIM5
SIM1
SIM2
SIM3
SIM4
1
21
22
SIM5
SIM1
SIM2
SIM3
SIM4
1
21
22
SIM5
SIM1
SIM2
SIM3
SIM4
1
21
22
SIM5
SIM1
SIM2
SIM3
SIM4
1
21
22
SIM5
SIM1
SIM2
SIM3
SIM4
1
21
22
SIM5
SIM1
SIM2
SIM3
SIM4
1
21
22
SIM5
SIM1
SIM2
SIM3
SIM4
1
21
22
SIM5
SIM1
SIM2
SIM3
SIM4
1
21
22
SIM5
SIM1
SIM2
SIM3
SIM4
1
21
22
SIM5
SIM1
SIM2
SIM3
SIM4
1
21
22
SIM5
SIM1
SIM2
SIM3
SIM4
1
21
22
SIM5
SIM1
SIM2
SIM3
SIM4
1
21
22
SIM5
SIM1
SIM2
SIM3
SIM4
1
21
22
SIM5
SIM1
SIM2
SIM3
SIM4
1
21
22
SIM5
SIM1
SIM2
SIM3
SIM4
1
21
22
SIM5
SIM1
SIM2
SIM3
SIM4
1
21
22
SIM5
SIM1
SIM2
SIM3
SIM4
1
21
22
SIM5
SIM1
SIM2
SIM3
SIM4
1
21
22
SIM5
SIM1
SIM2
SIM3
SIM4
1
21
22
SIM5
SIM1
SIM2
SIM3
SIM4
1
21
22
SIM5
SIM1
SIM2
SIM3
SIM4
1
21
22
SIM5
SIM1
SIM2
SIM3
SIM4
1
21
22
SIM5
SIM1
SIM2
SIM3
SIM4
1
21
22
SIM5
SIM1
SIM2
SIM3
SIM4
1
21
22
SIM5
SIM1
SIM2
SIM3
SIM4
1
21
22
SIM5
SIM1
SIM2
SIM3
SIM4
1
21
22
SIM5
SIM1
SIM2
SIM3
SIM4
1
21
22
SIM5
SIM1
SIM2
SIM3
SIM4
1
21
22
SIM5
SIM1
SIM2
SIM3
SIM4
1
21
22
SIM5
SIM1
SIM2
SIM3
SIM4
1
21
22
SIM5
SIM1
SIM2
SIM3
SIM4
1
21
22
SIM5
SIM1
SIM2
SIM3
SIM4
1
21
22
SIM5
SIM1
SIM2
SIM3
SIM4
1
21
22
SIM5
SIM1
SIM2
SIM3
SIM4
1
21
22
SIM5
SIM1
SIM2
SIM3
SIM4
1
21
22
SIM5
SIM1
SIM2
SIM3
SIM4
1
21
22
SIM5
SIM1
SIM2
SIM3
SIM4
1
21
22
SIM5
SIM1
SIM2
SIM3
SIM4
1
21
22
SIM5
SIM1
SIM2
SIM3
SIM4
1
21
22
SIM5
SIM1
SIM2
SIM3
SIM4
1
21
22
SIM5
SIM1
SIM2
SIM3
SIM4
1
21
22
SIM5
SIM1
SIM2
SIM3
SIM4
1
21
22
SIM5
SIM1
SIM2
SIM3
SIM4
1
21
22
SIM5
SIM1
SIM2
SIM3
SIM4
1
21
22
SIM5
SIM1
SIM2
SIM3
SIM4
1
21
22
SIM5
SIM1
SIM2
SIM3
SIM4
1
21
22
SIM5
SIM1
SIM2
SIM3
SIM4
1
21
22
SIM5
SIM1
SIM2
SIM3
SIM4
1
21
22
SIM5
SIM1
SIM2
SIM3
SIM4
1
21
22
SIM5
SIM1
SIM2
SIM3
SIM4
1
21
22
SIM5
SIM1
SIM2
SIM3
SIM4
1
21
22
SIM5
SIM1
SIM2
SIM3
SIM4
1
21
22
SIM5
SIM1
SIM2
SIM3
SIM4
1
21
22
SIM5
SIM1
SIM2
SIM3
SIM4
1
21
22
SIM5
SIM1
SIM2
SIM3
SIM4
1
21
22
SIM5
SIM1
SIM2
SIM3
SIM4
1
21
22
SIM5
SIM1
SIM2
SIM3
SIM4
1
21
22
SIM5
SIM1
SIM2
SIM3
SIM4
1
21
22
SIM5
SIM1
SIM2
SIM3
SIM4
1
21
22
SIM5
SIM1
SIM2
SIM3
SIM4
1
21
22
SIM5
SIM1
SIM2
SIM3
SIM4
1
21
22
SIM5
SIM1
SIM2
SIM3
SIM4
1
21
22
SIM5
SIM1
SIM2
SIM3
SIM4
1
21
22
SIM5
SIM1
SIM2
SIM3
SIM4
1
21
22
SIM5
SIM1
SIM2
SIM3
SIM4
1
21
22
SIM5
SIM1
SIM2
SIM3
SIM4
1
21
22
SIM5
SIM1
SIM2
SIM3
SIM4
1
21
22
SIM5
SIM1
SIM2
SIM3
SIM4
1
21
22
SIM5
SIM1
SIM2
SIM3
SIM4
1
21
22
SIM5
SIM1
SIM2
SIM3
SIM4
1
21
22
SIM5
SIM1
SIM2
SIM3
SIM4
1
21
22
SIM5
SIM1
SIM2
SIM3
SIM4
1
21
22
SIM5
SIM1
SIM2
SIM3
SIM4
1
21
22
SIM5
SIM1
SIM2
SIM3
SIM4
1
21
22
SIM5
SIM1
SIM2
SIM3
SIM4
1
21
22
SIM5
SIM1
SIM2
SIM3
SIM4
1
21
22
SIM5
SIM1
SIM2
SIM3
SIM4
1
21
22
SIM5
SIM1
SIM2
SIM3
SIM4
1
21
22
SIM5
SIM1
SIM2
SIM3
SIM4
1
21
22
SIM5
SIM1
SIM2
SIM3
SIM4
1
21
22
SIM5
SIM1
SIM2
SIM3
SIM4
1
21
22
SIM5
SIM1
SIM2
SIM3
SIM4
1
21
22
SIM5
SIM1
SIM2
SIM3
SIM4
1
21
22
SIM5
SIM1
SIM2
SIM3
SIM4
1
21
22
SIM5
SIM1
SIM2
SIM3
SIM4
1
21
22
SIM5
SIM1
SIM2
SIM3
SIM4
1
21
22
SIM5
SIM1
SIM2
SIM3
SIM4
1
21
22
SIM5
SIM1
SIM2
SIM3
SIM4
1
21
22
SIM5
SIM1
SIM2
SIM3
SIM4
1
21
22
SIM5
SIM1
SIM2
SIM3
SIM4
1
21
22
SIM5
SIM1
SIM2
SIM3
SIM4
1
21
22
SIM5
SIM1
SIM2
SIM3
SIM4
1
21
22
SIM5
SIM1
SIM2
SIM3
SIM4
1
21
22
SIM5
SIM1
SIM2
SIM3
SIM4
1
21
22
SIM5
SIM1
SIM2
SIM3
SIM4
1
21
22
SIM5
SIM1
SIM2
SIM3
SIM4
1
21
22
SIM5
SIM1
SIM2
SIM3
SIM4
1
21
22
SIM5
SIM1
SIM2
SIM3
SIM4
1
21
22
SIM5
SIM1
SIM2
SIM3
SIM4
1
21
22
SIM5
SIM1
SIM2
SIM3
SIM4
1
21
22
SIM5
SIM1
SIM2
SIM3
SIM4
1
21
22
SIM5
SIM1
SIM2
SIM3
SIM4
1
21
22
SIM5
SIM1
SIM2
SIM3
SIM4
1
21
22
SIM5
SIM1
SIM2
SIM3
SIM4
1
21
22
SIM5
SIM1
SIM2
SIM3
SIM4
1
21
22
SIM5
SIM1
SIM2
SIM3
SIM4
1
21
22
SIM5
SIM1
SIM2
SIM3
SIM4
1
21
22
SIM5
SIM1
SIM2
SIM3
SIM4
1
21
22
SIM5
SIM1
SIM2
SIM3
SIM4
1
21
22
SIM5
SIM1
SIM2
SIM3
SIM4
1
21
22
SIM5
SIM1
SIM2
SIM3
SIM4
1
21
22
SIM5
SIM1
SIM2
SIM3
SIM4
1
21
22
SIM5
SIM1
SIM2
SIM3
SIM4
1
21
22
SIM5
SIM1
SIM2
SIM3
SIM4
1
21
22
SIM5
SIM1
SIM2
SIM3
SIM4
1
21
22
SIM5
SIM1
SIM2
SIM3
SIM4
1
21
22
SIM5
SIM1
SIM2
SIM3
SIM4
1
21
22
SIM5
SIM1
SIM2
SIM3
SIM4
1
21
22
SIM5
SIM1
SIM2
SIM3
SIM4
1
21
22
SIM5
SIM1
SIM2
SIM3
SIM4
1
21
22
SIM5
SIM1
SIM2
SIM3
SIM4
1
21
22
SIM5
SIM1
SIM2
SIM3
SIM4
1
21
22
SIM5
SIM1
SIM2
SIM3
SIM4
1
21
22
SIM5
SIM1
SIM2
SIM3
SIM4
1
21
22
SIM5
SIM1
SIM2
SIM3
SIM4
1
21
22
SIM5
SIM1
SIM2
SIM3
SIM4
1
21
22
SIM5
SIM1
SIM2
SIM3
SIM4
1
21
22
SIM5
SIM1
SIM2
SIM3
SIM4
1
21
22
SIM5
SIM1
SIM2
SIM3
SIM4
1
21
22
SIM5
SIM1
SIM2
SIM3
SIM4
1
21
22
SIM5
SIM1
SIM2
SIM3
SIM4
1
21
22
SIM5
SIM1
SIM2
SIM3
SIM4
1
21
22
SIM5
SIM1
SIM2
SIM3
SIM4
1
21
22
SIM5
SIM1
SIM2
SIM3
SIM4
1
21
22
SIM5
SIM1
SIM2
SIM3
SIM4
1
21
22
SIM5
SIM1
SIM2
SIM3
SIM4
1
21
22
SIM5
SIM1
SIM2
SIM3
SIM4
1
21
22
SIM5
SIM1
SIM2
SIM3
SIM4
1
21
22
SIM5
SIM1
SIM2
SIM3
SIM4
1
21
22
SIM5
SIM1
SIM2
SIM3
SIM4
1
21
22
SIM5
SIM1
SIM2
SIM3
SIM4
1
21
22
SIM5
SIM1
SIM2
SIM3
SIM4
1
21
22
SIM5
SIM1
SIM2
SIM3
SIM4
1
21
22
SIM5
SIM1
SIM2
SIM3
SIM4
1
21
22
SIM5
SIM1
SIM2
SIM3
SIM4
1
21
22
SIM5
SIM1
SIM2
SIM3
SIM4
1
21
22
SIM5
SIM1
SIM2
SIM3
SIM4
1
21
22
SIM5
SIM1
SIM2
SIM3
SIM4
1
21
22
SIM5
SIM1
SIM2
SIM3
SIM4
1
21
22
SIM5
SIM1
SIM2
SIM3
SIM4
1
21
22
SIM5
SIM1
SIM2
SIM3
SIM4
1
21
22
SIM5
SIM1
SIM2
SIM3
SIM4
1
21
22
SIM5
SIM1
SIM2
SIM3
SIM4
1
21
22
SIM5
SIM1
SIM2
SIM3
SIM4
1
21
22
SIM5
SIM1
SIM2
SIM3
SIM4
1
21
22
SIM5
SIM1
SIM2
SIM3
SIM4
1
21
22
SIM5
SIM1
SIM2
SIM3
SIM4
1
21
22
SIM5
SIM1
SIM2
SIM3
SIM4
1
21
22
SIM5
SIM1
SIM2
SIM3
SIM4
1
21
22
SIM5
SIM1
SIM2
SIM3
SIM4
1
21
22
SIM5
SIM1
SIM2
SIM3
SIM4
1
21
22
SIM5
SIM1
SIM2
SIM3
SIM4
1
21
22
SIM5
SIM1
SIM2
SIM3
SIM4
1
21
22
SIM5
SIM1
SIM2
SIM3
SIM4
1
21
22
SIM5
SIM1
SIM2
SIM3
SIM4
1
21
22
SIM5
SIM1
SIM2
SIM3
SIM4
1
21
22
SIM5
SIM1
SIM2
SIM3
SIM4
1
21
22
SIM5
SIM1
SIM2
SIM3
SIM4
1
21
22
SIM5
SIM1
SIM2
SIM3
SIM4
1
21
22
SIM5
SIM1
SIM2
SIM3
SIM4
1
21
22
SIM5
SIM1
SIM2
SIM3
SIM4
1
21
22
SIM5
SIM1
SIM2
SIM3
SIM4
1
21
22
SIM5
SIM1
SIM2
DEBUG 1 982
SIM1
SIM2
SIM3
SIM4
1
21
22
SIM5
SIM1
SIM2
SIM3
SIM4
1
21
22
SIM5
SIM1
SIM2
SIM3
SIM4
1
21
22
SIM5
SIM1
SIM2
SIM3
SIM4
1
21
22
SIM5
SIM1
SIM2
SIM3
SIM4
1
21
22
SIM5
SIM1
SIM2
SIM3
SIM4
1
21
22
SIM5
SIM1
SIM2
SIM3
SIM4
1
21
22
SIM5
SIM1
SIM2
SIM3
SIM4
1
21
22
SIM5
SIM1
SIM2
SIM3
SIM4
1
21
22
SIM5
SIM1
SIM2
SIM3
SIM4
1
21
22
SIM5
SIM1
SIM2
SIM3
SIM4
1
21
22
SIM5
SIM1
SIM2
SIM3
SIM4
1
21
22
SIM5
SIM1
SIM2
SIM3
SIM4
1
21
22
SIM5
SIM1
SIM2
SIM3
SIM4
1
21
22
SIM5
SIM1
SIM2
SIM3
SIM4
1
21
22
SIM5
SIM1
SIM2
SIM3
SIM4
1
21
22
SIM5
SIM1
SIM2
SIM3
SIM4
1
21
22
SIM5
SIM1
SIM2
SIM3
SIM4
1
21
22
SIM5
SIM1
SIM2
SIM3
SIM4
1
21
22
SIM5
SIM1
SIM2
SIM3
SIM4
1
21
22
SIM5
SIM1
SIM2
SIM3
SIM4
1
21
22
SIM5
SIM1
SIM2
SIM3
SIM4
1
21
22
SIM5
SIM1
SIM2
SIM3
SIM4
1
21
22
SIM5
SIM1
SIM2
SIM3
SIM4
1
21
22
SIM5
SIM1
SIM2
SIM3
SIM4
1
21
22
SIM5
SIM1
SIM2
SIM3
SIM4
1
21
22
SIM5
SIM1
SIM2
SIM3
SIM4
1
21
22
SIM5
SIM1
SIM2
SIM3
SIM4
1
21
22
SIM5
SIM1
SIM2
SIM3
SIM4
1
21
22
SIM5
SIM1
SIM2
SIM3
SIM4
1
21
22
SIM5
SIM1
SIM2
SIM3
SIM4
1
21
22
SIM5
SIM1
SIM2
SIM3
SIM4
1
21
22
SIM5
SIM1
SIM2
SIM3
SIM4
1
21
22
SIM5
SIM1
SIM2
SIM3
SIM4
1
21
22
SIM5
SIM1
SIM2
SIM3
SIM4
1
21
22
SIM5
SIM1
SIM2
SIM3
SIM4
1
21
22
SIM5
SIM1
SIM2
SIM3
SIM4
1
21
22
SIM5
SIM1
SIM2
SIM3
SIM4
1
21
22
SIM5
SIM1
SIM2
SIM3
SIM4
1
21
22
SIM5
SIM1
SIM2
SIM3
SIM4
1
21
22
SIM5
SIM1
SIM2
SIM3
SIM4
1
21
22
SIM5
SIM1
SIM2
SIM3
SIM4
1
21
22
SIM5
SIM1
SIM2
SIM3
SIM4
1
21
22
SIM5
SIM1
SIM2
SIM3
SIM4
1
21
22
SIM5
SIM1
SIM2
SIM3
SIM4
1
21
22
SIM5
SIM1
SIM2
SIM3
SIM4
1
21
22
SIM5
SIM1
SIM2
SIM3
SIM4
1
21
22
SIM5
SIM1
SIM2
SIM3
SIM4
1
21
22
SIM5
SIM1
SIM2
SIM3
SIM4
1
21
22
SIM5
SIM1
SIM2
SIM3
SIM4
1
21
22
SIM5
SIM1
SIM2
SIM3
SIM4
1
21
22
SIM5
SIM1
SIM2
SIM3
SIM4
1
21
22
SIM5
SIM1
SIM2
SIM3
SIM4
1
21
22
SIM5
SIM1
SIM2
SIM3
SIM4
1
21
22
SIM5
SIM1
SIM2
SIM3
SIM4
1
21
22
SIM5
SIM1
SIM2
SIM3
SIM4
1
21
22
SIM5
SIM1
SIM2
SIM3
SIM4
1
21
22
SIM5
SIM1
SIM2
SIM3
SIM4
1
21
22
SIM5
SIM1
SIM2
SIM3
SIM4
1
21
22
SIM5
SIM1
SIM2
SIM3
SIM4
1
21
22
SIM5
SIM1
SIM2
SIM3
SIM4
1
21
22
SIM5
SIM1
SIM2
SIM3
SIM4
1
21
22
SIM5
SIM1
SIM2
SIM3
SIM4
1
21
22
SIM5
SIM1
SIM2
SIM3
SIM4
1
21
22
SIM5
SIM1
SIM2
SIM3
SIM4
1
21
22
SIM5
SIM1
SIM2
SIM3
SIM4
1
21
22
SIM5
SIM1
SIM2
SIM3
SIM4
1
21
22
SIM5
SIM1
SIM2
SIM3
SIM4
1
21
22
SIM5
SIM1
SIM2
SIM3
SIM4
1
21
22
SIM5
SIM1
SIM2
SIM3
SIM4
1
21
22
SIM5
SIM1
SIM2
SIM3
SIM4
1
21
22
SIM5
SIM1
SIM2
SIM3
SIM4
1
21
22
SIM5
SIM1
SIM2
SIM3
SIM4
1
21
22
SIM5
SIM1
SIM2
SIM3
SIM4
1
21
22
SIM5
SIM1
SIM2
SIM3
SIM4
1
21
22
SIM5
SIM1
SIM2
SIM3
SIM4
1
21
22
SIM5
SIM1
SIM2
SIM3
SIM4
1
21
22
SIM5
SIM1
SIM2
SIM3
SIM4
1
21
22
SIM5
SIM1
SIM2
SIM3
SIM4
1
21
22
SIM5
SIM1
SIM2
SIM3
SIM4
1
21
22
SIM5
SIM1
SIM2
SIM3
SIM4
1
21
22
SIM5
SIM1
SIM2
SIM3
SIM4
1
21
22
SIM5
SIM1
SIM2
SIM3
SIM4
1
21
22
SIM5
SIM1
SIM2
SIM3
SIM4
1
21
22
SIM5
SIM1
SIM2
SIM3
SIM4
1
21
22
SIM5
SIM1
SIM2
SIM3
SIM4
1
21
22
SIM5
SIM1
SIM2
SIM3
SIM4
1
21
22
SIM5
SIM1
SIM2
SIM3
SIM4
1
21
22
SIM5
SIM1
SIM2
SIM3
SIM4
1
21
22
SIM5
SIM1
SIM2
SIM3
SIM4
1
21
22
SIM5
SIM1
SIM2
SIM3
SIM4
1
21
22
SIM5
SIM1
SIM2
SIM3
SIM4
1
21
22
SIM5
SIM1
SIM2
SIM3
SIM4
1
21
22
SIM5
SIM1
SIM2
SIM3
SIM4
1
21
22
SIM5
SIM1
SIM2
SIM3
SIM4
1
21
22
SIM5
SIM1
SIM2
SIM3
SIM4
1
21
22
SIM5
SIM1
SIM2
SIM3
SIM4
1
21
22
SIM5
SIM1
SIM2
SIM3
SIM4
1
21
22
SIM5
SIM1
SIM2
SIM3
SIM4
1
21
22
SIM5
SIM1
SIM2
SIM3
SIM4
1
21
22
SIM5
SIM1
SIM2
SIM3
SIM4
1
21
22
SIM5
SIM1
SIM2
SIM3
SIM4
1
21
22
SIM5
SIM1
SIM2
SIM3
SIM4
1
21
22
SIM5
SIM1
SIM2
SIM3
SIM4
1
21
22
SIM5
SIM1
SIM2
SIM3
SIM4
1
21
22
SIM5
SIM1
SIM2
SIM3
SIM4
1
21
22
SIM5
SIM1
SIM2
SIM3
SIM4
1
21
22
SIM5
SIM1
SIM2
SIM3
SIM4
1
21
22
SIM5
SIM1
SIM2
SIM3
SIM4
1
21
22
SIM5
SIM1
SIM2
SIM3
SIM4
1
21
22
SIM5
SIM1
SIM2
SIM3
SIM4
1
21
22
SIM5
SIM1
SIM2
SIM3
SIM4
1
21
22
SIM5
SIM1
SIM2
SIM3
SIM4
1
21
22
SIM5
SIM1
SIM2
SIM3
SIM4
1
21
22
SIM5
SIM1
SIM2
SIM3
SIM4
1
21
22
SIM5
SIM1
SIM2
SIM3
SIM4
1
21
22
SIM5
SIM1
SIM2
SIM3
SIM4
1
21
22
SIM5
SIM1
SIM2
SIM3
SIM4
1
21
22
SIM5
SIM1
SIM2
SIM3
SIM4
1
21
22
SIM5
SIM1
SIM2
SIM3
SIM4
1
21
22
SIM5
SIM1
SIM2
SIM3
SIM4
1
21
22
SIM5
SIM1
SIM2
SIM3
SIM4
1
21
22
SIM5
SIM1
SIM2
SIM3
SIM4
1
21
22
SIM5
SIM1
SIM2
SIM3
SIM4
1
21
22
SIM5
SIM1
SIM2
SIM3
SIM4
1
21
22
SIM5
SIM1
SIM2
SIM3
SIM4
1
21
22
SIM5
SIM1
SIM2
SIM3
SIM4
1
21
22
SIM5
SIM1
SIM2
SIM3
SIM4
1
21
22
SIM5
SIM1
SIM2
SIM3
SIM4
1
21
22
SIM5
SIM1
SIM2
SIM3
SIM4
1
21
22
SIM5
SIM1
SIM2
SIM3
SIM4
1
21
22
SIM5
SIM1
SIM2
SIM3
SIM4
1
21
22
SIM5
SIM1
SIM2
SIM3
SIM4
1
21
22
SIM5
SIM1
SIM2
SIM3
SIM4
1
21
22
SIM5
SIM1
SIM2
SIM3
SIM4
1
21
22
SIM5
SIM1
SIM2
SIM3
SIM4
1
21
22
SIM5
SIM1
SIM2
SIM3
SIM4
1
21
22
SIM5
SIM1
SIM2
SIM3
SIM4
1
21
22
SIM5
SIM1
SIM2
SIM3
SIM4
1
21
22
SIM5
SIM1
SIM2
SIM3
SIM4
1
21
22
SIM5
SIM1
SIM2
SIM3
SIM4
1
21
22
SIM5
SIM1
SIM2
SIM3
SIM4
1
21
22
SIM5
SIM1
SIM2
SIM3
SIM4
1
21
22
SIM5
SIM1
SIM2
SIM3
SIM4
1
21
22
SIM5
SIM1
SIM2
SIM3
SIM4
1
21
22
SIM5
SIM1
SIM2
SIM3
SIM4
1
21
22
SIM5
SIM1
SIM2
SIM3
SIM4
1
21
22
SIM5
SIM1
SIM2
SIM3
SIM4
1
21
22
SIM5
SIM1
SIM2
SIM3
SIM4
1
21
22
SIM5
SIM1
SIM2
SIM3
SIM4
1
21
22
SIM5
SIM1
SIM2
SIM3
SIM4
1
21
22
SIM5
SIM1
SIM2
SIM3
SIM4
1
21
22
SIM5
SIM1
SIM2
DEBUG 1 983
SIM1
SIM2
SIM3
SIM4
1
21
22
SIM5
SIM1
SIM2
SIM3
SIM4
1
21
22
SIM5
SIM1
SIM2
SIM3
SIM4
1
21
22
SIM5
SIM1
SIM2
SIM3
SIM4
1
21
22
SIM5
SIM1
SIM2
SIM3
SIM4
1
21
22
SIM5
SIM1
SIM2
SIM3
SIM4
1
21
22
SIM5
SIM1
SIM2
SIM3
SIM4
1
21
22
SIM5
SIM1
SIM2
SIM3
SIM4
1
21
22
SIM5
SIM1
SIM2
SIM3
SIM4
1
21
22
SIM5
SIM1
SIM2
SIM3
SIM4
1
21
22
SIM5
SIM1
SIM2
SIM3
SIM4
1
21
22
SIM5
SIM1
SIM2
SIM3
SIM4
1
21
22
SIM5
SIM1
SIM2
SIM3
SIM4
1
21
22
SIM5
SIM1
SIM2
SIM3
SIM4
1
21
22
SIM5
SIM1
SIM2
SIM3
SIM4
1
21
22
SIM5
SIM1
SIM2
SIM3
SIM4
1
21
22
SIM5
SIM1
SIM2
SIM3
SIM4
1
21
22
SIM5
SIM1
SIM2
SIM3
SIM4
1
21
22
SIM5
SIM1
SIM2
SIM3
SIM4
1
21
22
SIM5
SIM1
SIM2
SIM3
SIM4
1
21
22
SIM5
SIM1
SIM2
SIM3
SIM4
1
21
22
SIM5
SIM1
SIM2
SIM3
SIM4
1
21
22
SIM5
SIM1
SIM2
SIM3
SIM4
1
21
22
SIM5
SIM1
SIM2
SIM3
SIM4
1
21
22
SIM5
SIM1
SIM2
SIM3
SIM4
1
21
22
SIM5
SIM1
SIM2
SIM3
SIM4
1
21
22
SIM5
SIM1
SIM2
SIM3
SIM4
1
21
22
SIM5
SIM1
SIM2
SIM3
SIM4
1
21
22
SIM5
SIM1
SIM2
SIM3
SIM4
1
21
22
SIM5
SIM1
SIM2
SIM3
SIM4
1
21
22
SIM5
SIM1
SIM2
SIM3
SIM4
1
21
22
SIM5
SIM1
SIM2
SIM3
SIM4
1
21
22
SIM5
SIM1
SIM2
SIM3
SIM4
1
21
22
SIM5
SIM1
SIM2
SIM3
SIM4
1
21
22
SIM5
SIM1
SIM2
SIM3
SIM4
1
21
22
SIM5
SIM1
SIM2
SIM3
SIM4
1
21
22
SIM5
SIM1
SIM2
SIM3
SIM4
1
21
22
SIM5
SIM1
SIM2
SIM3
SIM4
1
21
22
SIM5
SIM1
SIM2
SIM3
SIM4
1
21
22
SIM5
SIM1
SIM2
SIM3
SIM4
1
21
22
SIM5
SIM1
SIM2
SIM3
SIM4
1
21
22
SIM5
SIM1
SIM2
SIM3
SIM4
1
21
22
SIM5
SIM1
SIM2
SIM3
SIM4
1
21
22
SIM5
SIM1
SIM2
SIM3
SIM4
1
21
22
SIM5
SIM1
SIM2
SIM3
SIM4
1
21
22
SIM5
SIM1
SIM2
SIM3
SIM4
1
21
22
SIM5
SIM1
SIM2
SIM3
SIM4
1
21
22
SIM5
SIM1
SIM2
SIM3
SIM4
1
21
22
SIM5
SIM1
SIM2
SIM3
SIM4
1
21
22
SIM5
SIM1
SIM2
SIM3
SIM4
1
21
22
SIM5
SIM1
SIM2
SIM3
SIM4
1
21
22
SIM5
SIM1
SIM2
SIM3
SIM4
1
21
22
SIM5
SIM1
SIM2
SIM3
SIM4
1
21
22
SIM5
SIM1
SIM2
SIM3
SIM4
1
21
22
SIM5
SIM1
SIM2
SIM3
SIM4
1
21
22
SIM5
SIM1
SIM2
SIM3
SIM4
1
21
22
SIM5
SIM1
SIM2
SIM3
SIM4
1
21
22
SIM5
SIM1
SIM2
SIM3
SIM4
1
21
22
SIM5
SIM1
SIM2
SIM3
SIM4
1
21
22
SIM5
SIM1
SIM2
SIM3
SIM4
1
21
22
SIM5
SIM1
SIM2
SIM3
SIM4
1
21
22
SIM5
SIM1
SIM2
SIM3
SIM4
1
21
22
SIM5
SIM1
SIM2
SIM3
SIM4
1
21
22
SIM5
SIM1
SIM2
SIM3
SIM4
1
21
22
SIM5
SIM1
SIM2
SIM3
SIM4
1
21
22
SIM5
SIM1
SIM2
SIM3
SIM4
1
21
22
SIM5
SIM1
SIM2
SIM3
SIM4
1
21
22
SIM5
SIM1
SIM2
SIM3
SIM4
1
21
22
SIM5
SIM1
SIM2
SIM3
SIM4
1
21
22
SIM5
SIM1
SIM2
SIM3
SIM4
1
21
22
SIM5
SIM1
SIM2
SIM3
SIM4
1
21
22
SIM5
SIM1
SIM2
SIM3
SIM4
1
21
22
SIM5
SIM1
SIM2
SIM3
SIM4
1
21
22
SIM5
SIM1
SIM2
SIM3
SIM4
1
21
22
SIM5
SIM1
SIM2
SIM3
SIM4
1
21
22
SIM5
SIM1
SIM2
SIM3
SIM4
1
21
22
SIM5
SIM1
SIM2
SIM3
SIM4
1
21
22
SIM5
SIM1
SIM2
SIM3
SIM4
1
21
22
SIM5
SIM1
SIM2
SIM3
SIM4
1
21
22
SIM5
SIM1
SIM2
SIM3
SIM4
1
21
22
SIM5
SIM1
SIM2
SIM3
SIM4
1
21
22
SIM5
SIM1
SIM2
SIM3
SIM4
1
21
22
SIM5
SIM1
SIM2
SIM3
SIM4
1
21
22
SIM5
SIM1
SIM2
SIM3
SIM4
1
21
22
SIM5
SIM1
SIM2
SIM3
SIM4
1
21
22
SIM5
SIM1
SIM2
SIM3
SIM4
1
21
22
SIM5
SIM1
SIM2
SIM3
SIM4
1
21
22
SIM5
SIM1
SIM2
SIM3
SIM4
1
21
22
SIM5
SIM1
SIM2
SIM3
SIM4
1
21
22
SIM5
SIM1
SIM2
SIM3
SIM4
1
21
22
SIM5
SIM1
SIM2
SIM3
SIM4
1
21
22
SIM5
SIM1
SIM2
SIM3
SIM4
1
21
22
SIM5
SIM1
SIM2
SIM3
SIM4
1
21
22
SIM5
SIM1
SIM2
SIM3
SIM4
1
21
22
SIM5
SIM1
SIM2
SIM3
SIM4
1
21
22
SIM5
SIM1
SIM2
SIM3
SIM4
1
21
22
SIM5
SIM1
SIM2
SIM3
SIM4
1
21
22
SIM5
SIM1
SIM2
SIM3
SIM4
1
21
22
SIM5
SIM1
SIM2
SIM3
SIM4
1
21
22
SIM5
SIM1
SIM2
SIM3
SIM4
1
21
22
SIM5
SIM1
SIM2
SIM3
SIM4
1
21
22
SIM5
SIM1
SIM2
SIM3
SIM4
1
21
22
SIM5
SIM1
SIM2
SIM3
SIM4
1
21
22
SIM5
SIM1
SIM2
SIM3
SIM4
1
21
22
SIM5
SIM1
SIM2
SIM3
SIM4
1
21
22
SIM5
SIM1
SIM2
SIM3
SIM4
1
21
22
SIM5
SIM1
SIM2
SIM3
SIM4
1
21
22
SIM5
SIM1
SIM2
SIM3
SIM4
1
21
22
SIM5
SIM1
SIM2
SIM3
SIM4
1
21
22
SIM5
SIM1
SIM2
SIM3
SIM4
1
21
22
SIM5
SIM1
SIM2
SIM3
SIM4
1
21
22
SIM5
SIM1
SIM2
SIM3
SIM4
1
21
22
SIM5
SIM1
SIM2
SIM3
SIM4
1
21
22
SIM5
SIM1
SIM2
SIM3
SIM4
1
21
22
SIM5
SIM1
SIM2
SIM3
SIM4
1
21
22
SIM5
SIM1
SIM2
SIM3
SIM4
1
21
22
SIM5
SIM1
SIM2
SIM3
SIM4
1
21
22
SIM5
SIM1
SIM2
SIM3
SIM4
1
21
22
SIM5
SIM1
SIM2
SIM3
SIM4
1
21
22
SIM5
SIM1
SIM2
SIM3
SIM4
1
21
22
SIM5
SIM1
SIM2
SIM3
SIM4
1
21
22
SIM5
SIM1
SIM2
SIM3
SIM4
1
21
22
SIM5
SIM1
SIM2
SIM3
SIM4
1
21
22
SIM5
SIM1
SIM2
SIM3
SIM4
1
21
22
SIM5
SIM1
SIM2
SIM3
SIM4
1
21
22
SIM5
SIM1
SIM2
SIM3
SIM4
1
21
22
SIM5
SIM1
SIM2
SIM3
SIM4
1
21
22
SIM5
SIM1
SIM2
SIM3
SIM4
1
21
22
SIM5
SIM1
SIM2
SIM3
SIM4
1
21
22
SIM5
SIM1
SIM2
DEBUG 1 984
SIM1
SIM2
SIM3
SIM4
1
21
22
SIM5
SIM1
SIM2
SIM3
SIM4
1
21
22
SIM5
SIM1
SIM2
SIM3
SIM4
1
21
22
SIM5
SIM1
SIM2
SIM3
SIM4
1
21
22
SIM5
SIM1
SIM2
SIM3
SIM4
1
21
22
SIM5
SIM1
SIM2
SIM3
SIM4
1
21
22
SIM5
SIM1
SIM2
SIM3
SIM4
1
21
22
SIM5
SIM1
SIM2
SIM3
SIM4
1
21
22
SIM5
SIM1
SIM2
SIM3
SIM4
1
21
22
SIM5
SIM1
SIM2
SIM3
SIM4
1
21
22
SIM5
SIM1
SIM2
SIM3
SIM4
1
21
22
SIM5
SIM1
SIM2
SIM3
SIM4
1
21
22
SIM5
SIM1
SIM2
SIM3
SIM4
1
21
22
SIM5
SIM1
SIM2
SIM3
SIM4
1
21
22
SIM5
SIM1
SIM2
SIM3
SIM4
1
21
22
SIM5
SIM1
SIM2
SIM3
SIM4
1
21
22
SIM5
SIM1
SIM2
SIM3
SIM4
1
21
22
SIM5
SIM1
SIM2
SIM3
SIM4
1
21
22
SIM5
SIM1
SIM2
SIM3
SIM4
1
21
22
SIM5
SIM1
SIM2
SIM3
SIM4
1
21
22
SIM5
SIM1
SIM2
SIM3
SIM4
1
21
22
SIM5
SIM1
SIM2
SIM3
SIM4
1
21
22
SIM5
SIM1
SIM2
SIM3
SIM4
1
21
22
SIM5
SIM1
SIM2
SIM3
SIM4
1
21
22
SIM5
SIM1
SIM2
SIM3
SIM4
1
21
22
SIM5
SIM1
SIM2
SIM3
SIM4
1
21
22
SIM5
SIM1
SIM2
SIM3
SIM4
1
21
22
SIM5
SIM1
SIM2
SIM3
SIM4
1
21
22
SIM5
SIM1
SIM2
SIM3
SIM4
1
21
22
SIM5
SIM1
SIM2
SIM3
SIM4
1
21
22
SIM5
SIM1
SIM2
SIM3
SIM4
1
21
22
SIM5
SIM1
SIM2
SIM3
SIM4
1
21
22
SIM5
SIM1
SIM2
SIM3
SIM4
1
21
22
SIM5
SIM1
SIM2
SIM3
SIM4
1
21
22
SIM5
SIM1
SIM2
SIM3
SIM4
1
21
22
SIM5
SIM1
SIM2
SIM3
SIM4
1
21
22
SIM5
SIM1
SIM2
SIM3
SIM4
1
21
22
SIM5
SIM1
SIM2
SIM3
SIM4
1
21
22
SIM5
SIM1
SIM2
SIM3
SIM4
1
21
22
SIM5
SIM1
SIM2
SIM3
SIM4
1
21
22
SIM5
SIM1
SIM2
SIM3
SIM4
1
21
22
SIM5
SIM1
SIM2
SIM3
SIM4
1
21
22
SIM5
SIM1
SIM2
SIM3
SIM4
1
21
22
SIM5
SIM1
SIM2
SIM3
SIM4
1
21
22
SIM5
SIM1
SIM2
SIM3
SIM4
1
21
22
SIM5
SIM1
SIM2
SIM3
SIM4
1
21
22
SIM5
SIM1
SIM2
SIM3
SIM4
1
21
22
SIM5
SIM1
SIM2
SIM3
SIM4
1
21
22
SIM5
SIM1
SIM2
SIM3
SIM4
1
21
22
SIM5
SIM1
SIM2
SIM3
SIM4
1
21
22
SIM5
SIM1
SIM2
SIM3
SIM4
1
21
22
SIM5
SIM1
SIM2
SIM3
SIM4
1
21
22
SIM5
SIM1
SIM2
SIM3
SIM4
1
21
22
SIM5
SIM1
SIM2
SIM3
SIM4
1
21
22
SIM5
SIM1
SIM2
SIM3
SIM4
1
21
22
SIM5
SIM1
SIM2
SIM3
SIM4
1
21
22
SIM5
SIM1
SIM2
SIM3
SIM4
1
21
22
SIM5
SIM1
SIM2
SIM3
SIM4
1
21
22
SIM5
SIM1
SIM2
SIM3
SIM4
1
21
22
SIM5
SIM1
SIM2
SIM3
SIM4
1
21
22
SIM5
SIM1
SIM2
SIM3
SIM4
1
21
22
SIM5
SIM1
SIM2
SIM3
SIM4
1
21
22
SIM5
SIM1
SIM2
SIM3
SIM4
1
21
22
SIM5
SIM1
SIM2
SIM3
SIM4
1
21
22
SIM5
SIM1
SIM2
SIM3
SIM4
1
21
22
SIM5
SIM1
SIM2
SIM3
SIM4
1
21
22
SIM5
SIM1
SIM2
SIM3
SIM4
1
21
22
SIM5
SIM1
SIM2
SIM3
SIM4
1
21
22
SIM5
SIM1
SIM2
SIM3
SIM4
1
21
22
SIM5
SIM1
SIM2
SIM3
SIM4
1
21
22
SIM5
SIM1
SIM2
SIM3
SIM4
1
21
22
SIM5
SIM1
SIM2
SIM3
SIM4
1
21
22
SIM5
SIM1
SIM2
SIM3
SIM4
1
21
22
SIM5
SIM1
SIM2
SIM3
SIM4
1
21
22
SIM5
SIM1
SIM2
SIM3
SIM4
1
21
22
SIM5
SIM1
SIM2
SIM3
SIM4
1
21
22
SIM5
SIM1
SIM2
SIM3
SIM4
1
21
22
SIM5
SIM1
SIM2
SIM3
SIM4
1
21
22
SIM5
SIM1
SIM2
SIM3
SIM4
1
21
22
SIM5
SIM1
SIM2
SIM3
SIM4
1
21
22
SIM5
SIM1
SIM2
SIM3
SIM4
1
21
22
SIM5
SIM1
SIM2
SIM3
SIM4
1
21
22
SIM5
SIM1
SIM2
SIM3
SIM4
1
21
22
SIM5
SIM1
SIM2
SIM3
SIM4
1
21
22
SIM5
SIM1
SIM2
SIM3
SIM4
1
21
22
SIM5
SIM1
SIM2
SIM3
SIM4
1
21
22
SIM5
SIM1
SIM2
SIM3
SIM4
1
21
22
SIM5
SIM1
SIM2
SIM3
SIM4
1
21
22
SIM5
SIM1
SIM2
SIM3
SIM4
1
21
22
SIM5
SIM1
SIM2
SIM3
SIM4
1
21
22
SIM5
SIM1
SIM2
SIM3
SIM4
1
21
22
SIM5
SIM1
SIM2
SIM3
SIM4
1
21
22
SIM5
SIM1
SIM2
SIM3
SIM4
1
21
22
SIM5
SIM1
SIM2
SIM3
SIM4
1
21
22
SIM5
SIM1
SIM2
SIM3
SIM4
1
21
22
SIM5
SIM1
SIM2
SIM3
SIM4
1
21
22
SIM5
SIM1
SIM2
SIM3
SIM4
1
21
22
SIM5
SIM1
SIM2
SIM3
SIM4
1
21
22
SIM5
SIM1
SIM2
SIM3
SIM4
1
21
22
SIM5
SIM1
SIM2
SIM3
SIM4
1
21
22
SIM5
SIM1
SIM2
SIM3
SIM4
1
21
22
SIM5
SIM1
SIM2
SIM3
SIM4
1
21
22
SIM5
SIM1
SIM2
SIM3
SIM4
1
21
22
SIM5
SIM1
SIM2
SIM3
SIM4
1
21
22
SIM5
SIM1
SIM2
SIM3
SIM4
1
21
22
SIM5
SIM1
SIM2
SIM3
SIM4
1
21
22
SIM5
SIM1
SIM2
SIM3
SIM4
1
21
22
SIM5
SIM1
SIM2
SIM3
SIM4
1
21
22
SIM5
SIM1
SIM2
SIM3
SIM4
1
21
22
SIM5
SIM1
SIM2
SIM3
SIM4
1
21
22
SIM5
SIM1
SIM2
SIM3
SIM4
1
21
22
SIM5
SIM1
SIM2
SIM3
SIM4
1
21
22
SIM5
SIM1
SIM2
SIM3
SIM4
1
21
22
SIM5
SIM1
SIM2
SIM3
SIM4
1
21
22
SIM5
SIM1
SIM2
SIM3
SIM4
1
21
22
SIM5
SIM1
SIM2
SIM3
SIM4
1
21
22
SIM5
SIM1
SIM2
SIM3
SIM4
1
21
22
SIM5
SIM1
SIM2
SIM3
SIM4
1
21
22
SIM5
SIM1
SIM2
SIM3
SIM4
1
21
22
SIM5
SIM1
SIM2
SIM3
SIM4
1
21
22
SIM5
SIM1
SIM2
SIM3
SIM4
1
21
22
SIM5
SIM1
SIM2
SIM3
SIM4
1
21
22
SIM5
SIM1
SIM2
SIM3
SIM4
1
21
22
SIM5
SIM1
SIM2
SIM3
SIM4
1
21
22
SIM5
SIM1
SIM2
SIM3
SIM4
1
21
22
SIM5
SIM1
SIM2
SIM3
SIM4
1
21
22
SIM5
SIM1
SIM2
SIM3
SIM4
1
21
22
SIM5
SIM1
SIM2
SIM3
SIM4
1
21
22
SIM5
SIM1
SIM2
SIM3
SIM4
1
21
22
SIM5
SIM1
SIM2
SIM3
SIM4
1
21
22
SIM5
SIM1
SIM2
SIM3
SIM4
1
21
22
SIM5
SIM1
SIM2
SIM3
SIM4
1
21
22
SIM5
SIM1
SIM2
SIM3
SIM4
1
21
22
SIM5
SIM1
SIM2
SIM3
SIM4
1
21
22
SIM5
SIM1
SIM2
SIM3
SIM4
1
21
22
SIM5
SIM1
SIM2
SIM3
SIM4
1
21
22
SIM5
SIM1
SIM2
SIM3
SIM4
1
21
22
SIM5
SIM1
SIM2
SIM3
SIM4
1
21
22
SIM5
SIM1
SIM2
SIM3
SIM4
1
21
22
SIM5
SIM1
SIM2
SIM3
SIM4
1
21
22
SIM5
SIM1
SIM2
SIM3
SIM4
1
21
22
SIM5
SIM1
SIM2
SIM3
SIM4
1
21
22
SIM5
SIM1
SIM2
SIM3
SIM4
1
21
22
SIM5
SIM1
SIM2
SIM3
SIM4
1
21
22
SIM5
SIM1
SIM2
SIM3
SIM4
1
21
22
SIM5
SIM1
SIM2
SIM3
SIM4
1
21
22
SIM5
SIM1
SIM2
SIM3
SIM4
1
21
22
SIM5
SIM1
SIM2
SIM3
SIM4
1
21
22
SIM5
SIM1
SIM2
SIM3
SIM4
1
21
22
SIM5
SIM1
SIM2
SIM3
SIM4
1
21
22
SIM5
SIM1
SIM2
DEBUG 1 985
SIM1
SIM2
SIM3
SIM4
1
21
22
SIM5
SIM1
SIM2
SIM3
SIM4
1
21
22
SIM5
SIM1
SIM2
SIM3
SIM4
1
21
22
SIM5
SIM1
SIM2
SIM3
SIM4
1
21
22
SIM5
SIM1
SIM2
SIM3
SIM4
1
21
22
SIM5
SIM1
SIM2
SIM3
SIM4
1
21
22
SIM5
SIM1
SIM2
SIM3
SIM4
1
21
22
SIM5
SIM1
SIM2
SIM3
SIM4
1
21
22
SIM5
SIM1
SIM2
SIM3
SIM4
1
21
22
SIM5
SIM1
SIM2
SIM3
SIM4
1
21
22
SIM5
SIM1
SIM2
SIM3
SIM4
1
21
22
SIM5
SIM1
SIM2
SIM3
SIM4
1
21
22
SIM5
SIM1
SIM2
SIM3
SIM4
1
21
22
SIM5
SIM1
SIM2
SIM3
SIM4
1
21
22
SIM5
SIM1
SIM2
SIM3
SIM4
1
21
22
SIM5
SIM1
SIM2
SIM3
SIM4
1
21
22
SIM5
SIM1
SIM2
SIM3
SIM4
1
21
22
SIM5
SIM1
SIM2
SIM3
SIM4
1
21
22
SIM5
SIM1
SIM2
SIM3
SIM4
1
21
22
SIM5
SIM1
SIM2
SIM3
SIM4
1
21
22
SIM5
SIM1
SIM2
SIM3
SIM4
1
21
22
SIM5
SIM1
SIM2
SIM3
SIM4
1
21
22
SIM5
SIM1
SIM2
SIM3
SIM4
1
21
22
SIM5
SIM1
SIM2
SIM3
SIM4
1
21
22
SIM5
SIM1
SIM2
SIM3
SIM4
1
21
22
SIM5
SIM1
SIM2
SIM3
SIM4
1
21
22
SIM5
SIM1
SIM2
SIM3
SIM4
1
21
22
SIM5
SIM1
SIM2
SIM3
SIM4
1
21
22
SIM5
SIM1
SIM2
SIM3
SIM4
1
21
22
SIM5
SIM1
SIM2
SIM3
SIM4
1
21
22
SIM5
SIM1
SIM2
SIM3
SIM4
1
21
22
SIM5
SIM1
SIM2
SIM3
SIM4
1
21
22
SIM5
SIM1
SIM2
SIM3
SIM4
1
21
22
SIM5
SIM1
SIM2
SIM3
SIM4
1
21
22
SIM5
SIM1
SIM2
SIM3
SIM4
1
21
22
SIM5
SIM1
SIM2
SIM3
SIM4
1
21
22
SIM5
SIM1
SIM2
SIM3
SIM4
1
21
22
SIM5
SIM1
SIM2
SIM3
SIM4
1
21
22
SIM5
SIM1
SIM2
SIM3
SIM4
1
21
22
SIM5
SIM1
SIM2
SIM3
SIM4
1
21
22
SIM5
SIM1
SIM2
SIM3
SIM4
1
21
22
SIM5
SIM1
SIM2
SIM3
SIM4
1
21
22
SIM5
SIM1
SIM2
SIM3
SIM4
1
21
22
SIM5
SIM1
SIM2
SIM3
SIM4
1
21
22
SIM5
SIM1
SIM2
SIM3
SIM4
1
21
22
SIM5
SIM1
SIM2
SIM3
SIM4
1
21
22
SIM5
SIM1
SIM2
SIM3
SIM4
1
21
22
SIM5
SIM1
SIM2
SIM3
SIM4
1
21
22
SIM5
SIM1
SIM2
SIM3
SIM4
1
21
22
SIM5
SIM1
SIM2
SIM3
SIM4
1
21
22
SIM5
SIM1
SIM2
SIM3
SIM4
1
21
22
SIM5
SIM1
SIM2
SIM3
SIM4
1
21
22
SIM5
SIM1
SIM2
SIM3
SIM4
1
21
22
SIM5
SIM1
SIM2
SIM3
SIM4
1
21
22
SIM5
SIM1
SIM2
SIM3
SIM4
1
21
22
SIM5
SIM1
SIM2
SIM3
SIM4
1
21
22
SIM5
SIM1
SIM2
SIM3
SIM4
1
21
22
SIM5
SIM1
SIM2
SIM3
SIM4
1
21
22
SIM5
SIM1
SIM2
SIM3
SIM4
1
21
22
SIM5
SIM1
SIM2
SIM3
SIM4
1
21
22
SIM5
SIM1
SIM2
SIM3
SIM4
1
21
22
SIM5
SIM1
SIM2
SIM3
SIM4
1
21
22
SIM5
SIM1
SIM2
SIM3
SIM4
1
21
22
SIM5
SIM1
SIM2
SIM3
SIM4
1
21
22
SIM5
SIM1
SIM2
SIM3
SIM4
1
21
22
SIM5
SIM1
SIM2
SIM3
SIM4
1
21
22
SIM5
SIM1
SIM2
SIM3
SIM4
1
21
22
SIM5
SIM1
SIM2
SIM3
SIM4
1
21
22
SIM5
SIM1
SIM2
SIM3
SIM4
1
21
22
SIM5
SIM1
SIM2
SIM3
SIM4
1
21
22
SIM5
SIM1
SIM2
SIM3
SIM4
1
21
22
SIM5
SIM1
SIM2
SIM3
SIM4
1
21
22
SIM5
SIM1
SIM2
SIM3
SIM4
1
21
22
SIM5
SIM1
SIM2
SIM3
SIM4
1
21
22
SIM5
SIM1
SIM2
SIM3
SIM4
1
21
22
SIM5
SIM1
SIM2
SIM3
SIM4
1
21
22
SIM5
SIM1
SIM2
SIM3
SIM4
1
21
22
SIM5
SIM1
SIM2
SIM3
SIM4
1
21
22
SIM5
SIM1
SIM2
SIM3
SIM4
1
21
22
SIM5
SIM1
SIM2
SIM3
SIM4
1
21
22
SIM5
SIM1
SIM2
SIM3
SIM4
1
21
22
SIM5
SIM1
SIM2
SIM3
SIM4
1
21
22
SIM5
SIM1
SIM2
SIM3
SIM4
1
21
22
SIM5
SIM1
SIM2
SIM3
SIM4
1
21
22
SIM5
SIM1
SIM2
SIM3
SIM4
1
21
22
SIM5
SIM1
SIM2
SIM3
SIM4
1
21
22
SIM5
SIM1
SIM2
SIM3
SIM4
1
21
22
SIM5
SIM1
SIM2
SIM3
SIM4
1
21
22
SIM5
SIM1
SIM2
SIM3
SIM4
1
21
22
SIM5
SIM1
SIM2
SIM3
SIM4
1
21
22
SIM5
SIM1
SIM2
SIM3
SIM4
1
21
22
SIM5
SIM1
SIM2
SIM3
SIM4
1
21
22
SIM5
SIM1
SIM2
SIM3
SIM4
1
21
22
SIM5
SIM1
SIM2
SIM3
SIM4
1
21
22
SIM5
SIM1
SIM2
SIM3
SIM4
1
21
22
SIM5
SIM1
SIM2
SIM3
SIM4
1
21
22
SIM5
SIM1
SIM2
SIM3
SIM4
1
21
22
SIM5
SIM1
SIM2
SIM3
SIM4
1
21
22
SIM5
SIM1
SIM2
SIM3
SIM4
1
21
22
SIM5
SIM1
SIM2
SIM3
SIM4
1
21
22
SIM5
SIM1
SIM2
SIM3
SIM4
1
21
22
SIM5
SIM1
SIM2
SIM3
SIM4
1
21
22
SIM5
SIM1
SIM2
SIM3
SIM4
1
21
22
SIM5
SIM1
SIM2
SIM3
SIM4
1
21
22
SIM5
SIM1
SIM2
SIM3
SIM4
1
21
22
SIM5
SIM1
SIM2
SIM3
SIM4
1
21
22
SIM5
SIM1
SIM2
SIM3
SIM4
1
21
22
SIM5
SIM1
SIM2
SIM3
SIM4
1
21
22
SIM5
SIM1
SIM2
SIM3
SIM4
1
21
22
SIM5
SIM1
SIM2
SIM3
SIM4
1
21
22
SIM5
SIM1
SIM2
SIM3
SIM4
1
21
22
SIM5
SIM1
SIM2
SIM3
SIM4
1
21
22
SIM5
SIM1
SIM2
SIM3
SIM4
1
21
22
SIM5
SIM1
SIM2
SIM3
SIM4
1
21
22
SIM5
SIM1
SIM2
SIM3
SIM4
1
21
22
SIM5
SIM1
SIM2
SIM3
SIM4
1
21
22
SIM5
SIM1
SIM2
SIM3
SIM4
1
21
22
SIM5
SIM1
SIM2
SIM3
SIM4
1
21
22
SIM5
SIM1
SIM2
SIM3
SIM4
1
21
22
SIM5
SIM1
SIM2
SIM3
SIM4
1
21
22
SIM5
SIM1
SIM2
SIM3
SIM4
1
21
22
SIM5
SIM1
SIM2
SIM3
SIM4
1
21
22
SIM5
SIM1
SIM2
SIM3
SIM4
1
21
22
SIM5
SIM1
SIM2
SIM3
SIM4
1
21
22
SIM5
SIM1
SIM2
SIM3
SIM4
1
21
22
SIM5
SIM1
SIM2
SIM3
SIM4
1
21
22
SIM5
SIM1
SIM2
SIM3
SIM4
1
21
22
SIM5
SIM1
SIM2
SIM3
SIM4
1
21
22
SIM5
SIM1
SIM2
SIM3
SIM4
1
21
22
SIM5
SIM1
SIM2
SIM3
SIM4
1
21
22
SIM5
SIM1
SIM2
SIM3
SIM4
1
21
22
SIM5
SIM1
SIM2
SIM3
SIM4
1
21
22
SIM5
SIM1
SIM2
SIM3
SIM4
1
21
22
SIM5
SIM1
SIM2
SIM3
SIM4
1
21
22
SIM5
SIM1
SIM2
SIM3
SIM4
1
21
22
SIM5
SIM1
SIM2
SIM3
SIM4
1
21
22
SIM5
SIM1
SIM2
SIM3
SIM4
1
21
22
SIM5
SIM1
SIM2
SIM3
SIM4
1
21
22
SIM5
SIM1
SIM2
SIM3
SIM4
1
21
22
SIM5
SIM1
SIM2
SIM3
SIM4
1
21
22
SIM5
SIM1
SIM2
SIM3
SIM4
1
21
22
SIM5
SIM1
SIM2
SIM3
SIM4
1
21
22
SIM5
SIM1
SIM2
SIM3
SIM4
1
21
22
SIM5
SIM1
SIM2
SIM3
SIM4
1
21
22
SIM5
SIM1
SIM2
SIM3
SIM4
1
21
22
SIM5
SIM1
SIM2
SIM3
SIM4
1
21
22
SIM5
SIM1
SIM2
SIM3
SIM4
1
21
22
SIM5
SIM1
SIM2
SIM3
SIM4
1
21
22
SIM5
SIM1
SIM2
SIM3
SIM4
1
21
22
SIM5
SIM1
SIM2
SIM3
SIM4
1
21
22
SIM5
SIM1
SIM2
SIM3
SIM4
1
21
22
SIM5
SIM1
SIM2
SIM3
SIM4
1
21
22
SIM5
SIM1
SIM2
SIM3
SIM4
1
21
22
SIM5
SIM1
SIM2
SIM3
SIM4
1
21
22
SIM5
SIM1
SIM2
SIM3
SIM4
1
21
22
SIM5
SIM1
SIM2
SIM3
SIM4
1
21
22
SIM5
SIM1
SIM2
SIM3
SIM4
1
21
22
SIM5
SIM1
SIM2
SIM3
SIM4
1
21
22
SIM5
SIM1
SIM2
SIM3
SIM4
1
21
22
SIM5
SIM1
SIM2
SIM3
SIM4
1
21
22
SIM5
SIM1
SIM2
SIM3
SIM4
1
21
22
SIM5
SIM1
SIM2
SIM3
SIM4
1
21
22
SIM5
SIM1
SIM2
SIM3
SIM4
1
21
22
SIM5
SIM1
SIM2
SIM3
SIM4
1
21
22
SIM5
SIM1
SIM2
SIM3
SIM4
1
21
22
SIM5
SIM1
SIM2
SIM3
SIM4
1
21
22
SIM5
SIM1
SIM2
SIM3
SIM4
1
21
22
SIM5
SIM1
SIM2
SIM3
SIM4
1
21
22
SIM5
SIM1
SIM2
SIM3
SIM4
1
21
22
SIM5
SIM1
SIM2
SIM3
SIM4
1
21
22
SIM5
SIM1
SIM2
SIM3
SIM4
1
21
22
SIM5
SIM1
SIM2
SIM3
SIM4
1
21
22
SIM5
SIM1
SIM2
SIM3
SIM4
1
21
22
SIM5
SIM1
SIM2
SIM3
SIM4
1
21
22
SIM5
SIM1
SIM2
SIM3
SIM4
1
21
22
SIM5
SIM1
SIM2
SIM3
SIM4
1
21
22
SIM5
SIM1
SIM2
SIM3
SIM4
1
21
22
SIM5
SIM1
SIM2
SIM3
SIM4
1
21
22
SIM5
SIM1
SIM2
SIM3
SIM4
1
21
22
SIM5
SIM1
SIM2
SIM3
SIM4
1
21
22
SIM5
SIM1
SIM2
SIM3
SIM4
1
21
22
SIM5
SIM1
SIM2
SIM3
SIM4
1
21
22
SIM5
SIM1
SIM2
SIM3
SIM4
1
21
22
SIM5
SIM1
SIM2
SIM3
SIM4
1
21
22
SIM5
SIM1
SIM2
SIM3
SIM4
1
21
22
SIM5
SIM1
SIM2
SIM3
SIM4
1
21
22
SIM5
SIM1
SIM2
DEBUG 1 986
SIM1
SIM2
SIM3
SIM4
1
21
22
SIM5
SIM1
SIM2
SIM3
SIM4
1
21
22
SIM5
SIM1
SIM2
SIM3
SIM4
1
21
22
SIM5
SIM1
SIM2
SIM3
SIM4
1
21
22
SIM5
SIM1
SIM2
SIM3
SIM4
1
21
22
SIM5
SIM1
SIM2
SIM3
SIM4
1
21
22
SIM5
SIM1
SIM2
SIM3
SIM4
1
21
22
SIM5
SIM1
SIM2
SIM3
SIM4
1
21
22
SIM5
SIM1
SIM2
SIM3
SIM4
1
21
22
SIM5
SIM1
SIM2
SIM3
SIM4
1
21
22
SIM5
SIM1
SIM2
SIM3
SIM4
1
21
22
SIM5
SIM1
SIM2
SIM3
SIM4
1
21
22
SIM5
SIM1
SIM2
SIM3
SIM4
1
21
22
SIM5
SIM1
SIM2
SIM3
SIM4
1
21
22
SIM5
SIM1
SIM2
SIM3
SIM4
1
21
22
SIM5
SIM1
SIM2
SIM3
SIM4
1
21
22
SIM5
SIM1
SIM2
SIM3
SIM4
1
21
22
SIM5
SIM1
SIM2
SIM3
SIM4
1
21
22
SIM5
SIM1
SIM2
SIM3
SIM4
1
21
22
SIM5
SIM1
SIM2
SIM3
SIM4
1
21
22
SIM5
SIM1
SIM2
SIM3
SIM4
1
21
22
SIM5
SIM1
SIM2
SIM3
SIM4
1
21
22
SIM5
SIM1
SIM2
SIM3
SIM4
1
21
22
SIM5
SIM1
SIM2
SIM3
SIM4
1
21
22
SIM5
SIM1
SIM2
SIM3
SIM4
1
21
22
SIM5
SIM1
SIM2
SIM3
SIM4
1
21
22
SIM5
SIM1
SIM2
SIM3
SIM4
1
21
22
SIM5
SIM1
SIM2
SIM3
SIM4
1
21
22
SIM5
SIM1
SIM2
SIM3
SIM4
1
21
22
SIM5
SIM1
SIM2
SIM3
SIM4
1
21
22
SIM5
SIM1
SIM2
SIM3
SIM4
1
21
22
SIM5
SIM1
SIM2
SIM3
SIM4
1
21
22
SIM5
SIM1
SIM2
SIM3
SIM4
1
21
22
SIM5
SIM1
SIM2
SIM3
SIM4
1
21
22
SIM5
SIM1
SIM2
SIM3
SIM4
1
21
22
SIM5
SIM1
SIM2
SIM3
SIM4
1
21
22
SIM5
SIM1
SIM2
SIM3
SIM4
1
21
22
SIM5
SIM1
SIM2
SIM3
SIM4
1
21
22
SIM5
SIM1
SIM2
SIM3
SIM4
1
21
22
SIM5
SIM1
SIM2
SIM3
SIM4
1
21
22
SIM5
SIM1
SIM2
SIM3
SIM4
1
21
22
SIM5
SIM1
SIM2
SIM3
SIM4
1
21
22
SIM5
SIM1
SIM2
SIM3
SIM4
1
21
22
SIM5
SIM1
SIM2
SIM3
SIM4
1
21
22
SIM5
SIM1
SIM2
SIM3
SIM4
1
21
22
SIM5
SIM1
SIM2
SIM3
SIM4
1
21
22
SIM5
SIM1
SIM2
SIM3
SIM4
1
21
22
SIM5
SIM1
SIM2
SIM3
SIM4
1
21
22
SIM5
SIM1
SIM2
SIM3
SIM4
1
21
22
SIM5
SIM1
SIM2
SIM3
SIM4
1
21
22
SIM5
SIM1
SIM2
SIM3
SIM4
1
21
22
SIM5
SIM1
SIM2
SIM3
SIM4
1
21
22
SIM5
SIM1
SIM2
SIM3
SIM4
1
21
22
SIM5
SIM1
SIM2
SIM3
SIM4
1
21
22
SIM5
SIM1
SIM2
SIM3
SIM4
1
21
22
SIM5
SIM1
SIM2
SIM3
SIM4
1
21
22
SIM5
SIM1
SIM2
SIM3
SIM4
1
21
22
SIM5
SIM1
SIM2
SIM3
SIM4
1
21
22
SIM5
SIM1
SIM2
SIM3
SIM4
1
21
22
SIM5
SIM1
SIM2
SIM3
SIM4
1
21
22
SIM5
SIM1
SIM2
SIM3
SIM4
1
21
22
SIM5
SIM1
SIM2
SIM3
SIM4
1
21
22
SIM5
SIM1
SIM2
SIM3
SIM4
1
21
22
SIM5
SIM1
SIM2
SIM3
SIM4
1
21
22
SIM5
SIM1
SIM2
SIM3
SIM4
1
21
22
SIM5
SIM1
SIM2
SIM3
SIM4
1
21
22
SIM5
SIM1
SIM2
SIM3
SIM4
1
21
22
SIM5
SIM1
SIM2
SIM3
SIM4
1
21
22
SIM5
SIM1
SIM2
SIM3
SIM4
1
21
22
SIM5
SIM1
SIM2
SIM3
SIM4
1
21
22
SIM5
SIM1
SIM2
SIM3
SIM4
1
21
22
SIM5
SIM1
SIM2
SIM3
SIM4
1
21
22
SIM5
SIM1
SIM2
SIM3
SIM4
1
21
22
SIM5
SIM1
SIM2
SIM3
SIM4
1
21
22
SIM5
SIM1
SIM2
SIM3
SIM4
1
21
22
SIM5
SIM1
SIM2
SIM3
SIM4
1
21
22
SIM5
SIM1
SIM2
SIM3
SIM4
1
21
22
SIM5
SIM1
SIM2
SIM3
SIM4
1
21
22
SIM5
SIM1
SIM2
SIM3
SIM4
1
21
22
SIM5
SIM1
SIM2
SIM3
SIM4
1
21
22
SIM5
SIM1
SIM2
SIM3
SIM4
1
21
22
SIM5
SIM1
SIM2
SIM3
SIM4
1
21
22
SIM5
SIM1
SIM2
SIM3
SIM4
1
21
22
SIM5
SIM1
SIM2
SIM3
SIM4
1
21
22
SIM5
SIM1
SIM2
SIM3
SIM4
1
21
22
SIM5
SIM1
SIM2
SIM3
SIM4
1
21
22
SIM5
SIM1
SIM2
SIM3
SIM4
1
21
22
SIM5
SIM1
SIM2
SIM3
SIM4
1
21
22
SIM5
SIM1
SIM2
SIM3
SIM4
1
21
22
SIM5
SIM1
SIM2
SIM3
SIM4
1
21
22
SIM5
SIM1
SIM2
SIM3
SIM4
1
21
22
SIM5
SIM1
SIM2
SIM3
SIM4
1
21
22
SIM5
SIM1
SIM2
SIM3
SIM4
1
21
22
SIM5
SIM1
SIM2
SIM3
SIM4
1
21
22
SIM5
SIM1
SIM2
SIM3
SIM4
1
21
22
SIM5
SIM1
SIM2
SIM3
SIM4
1
21
22
SIM5
SIM1
SIM2
SIM3
SIM4
1
21
22
SIM5
SIM1
SIM2
SIM3
SIM4
1
21
22
SIM5
SIM1
SIM2
SIM3
SIM4
1
21
22
SIM5
SIM1
SIM2
SIM3
SIM4
1
21
22
SIM5
SIM1
SIM2
SIM3
SIM4
1
21
22
SIM5
SIM1
SIM2
SIM3
SIM4
1
21
22
SIM5
SIM1
SIM2
SIM3
SIM4
1
21
22
SIM5
SIM1
SIM2
SIM3
SIM4
1
21
22
SIM5
SIM1
SIM2
SIM3
SIM4
1
21
22
SIM5
SIM1
SIM2
SIM3
SIM4
1
21
22
SIM5
SIM1
SIM2
SIM3
SIM4
1
21
22
SIM5
SIM1
SIM2
SIM3
SIM4
1
21
22
SIM5
SIM1
SIM2
SIM3
SIM4
1
21
22
SIM5
SIM1
SIM2
SIM3
SIM4
1
21
22
SIM5
SIM1
SIM2
SIM3
SIM4
1
21
22
SIM5
SIM1
SIM2
SIM3
SIM4
1
21
22
SIM5
SIM1
SIM2
SIM3
SIM4
1
21
22
SIM5
SIM1
SIM2
SIM3
SIM4
1
21
22
SIM5
SIM1
SIM2
SIM3
SIM4
1
21
22
SIM5
SIM1
SIM2
SIM3
SIM4
1
21
22
SIM5
SIM1
SIM2
SIM3
SIM4
1
21
22
SIM5
SIM1
SIM2
SIM3
SIM4
1
21
22
SIM5
SIM1
SIM2
DEBUG 1 987
SIM1
SIM2
SIM3
SIM4
1
21
22
SIM5
SIM1
SIM2
SIM3
SIM4
1
21
22
SIM5
SIM1
SIM2
SIM3
SIM4
1
21
22
SIM5
SIM1
SIM2
SIM3
SIM4
1
21
22
SIM5
SIM1
SIM2
SIM3
SIM4
1
21
22
SIM5
SIM1
SIM2
SIM3
SIM4
1
21
22
SIM5
SIM1
SIM2
SIM3
SIM4
1
21
22
SIM5
SIM1
SIM2
SIM3
SIM4
1
21
22
SIM5
SIM1
SIM2
SIM3
SIM4
1
21
22
SIM5
SIM1
SIM2
SIM3
SIM4
1
21
22
SIM5
SIM1
SIM2
SIM3
SIM4
1
21
22
SIM5
SIM1
SIM2
SIM3
SIM4
1
21
22
SIM5
SIM1
SIM2
SIM3
SIM4
1
21
22
SIM5
SIM1
SIM2
SIM3
SIM4
1
21
22
SIM5
SIM1
SIM2
SIM3
SIM4
1
21
22
SIM5
SIM1
SIM2
SIM3
SIM4
1
21
22
SIM5
SIM1
SIM2
SIM3
SIM4
1
21
22
SIM5
SIM1
SIM2
SIM3
SIM4
1
21
22
SIM5
SIM1
SIM2
SIM3
SIM4
1
21
22
SIM5
SIM1
SIM2
SIM3
SIM4
1
21
22
SIM5
SIM1
SIM2
SIM3
SIM4
1
21
22
SIM5
SIM1
SIM2
SIM3
SIM4
1
21
22
SIM5
SIM1
SIM2
SIM3
SIM4
1
21
22
SIM5
SIM1
SIM2
SIM3
SIM4
1
21
22
SIM5
SIM1
SIM2
SIM3
SIM4
1
21
22
SIM5
SIM1
SIM2
SIM3
SIM4
1
21
22
SIM5
SIM1
SIM2
SIM3
SIM4
1
21
22
SIM5
SIM1
SIM2
SIM3
SIM4
1
21
22
SIM5
SIM1
SIM2
SIM3
SIM4
1
21
22
SIM5
SIM1
SIM2
SIM3
SIM4
1
21
22
SIM5
SIM1
SIM2
SIM3
SIM4
1
21
22
SIM5
SIM1
SIM2
SIM3
SIM4
1
21
22
SIM5
SIM1
SIM2
SIM3
SIM4
1
21
22
SIM5
SIM1
SIM2
SIM3
SIM4
1
21
22
SIM5
SIM1
SIM2
SIM3
SIM4
1
21
22
SIM5
SIM1
SIM2
SIM3
SIM4
1
21
22
SIM5
SIM1
SIM2
SIM3
SIM4
1
21
22
SIM5
SIM1
SIM2
SIM3
SIM4
1
21
22
SIM5
SIM1
SIM2
SIM3
SIM4
1
21
22
SIM5
SIM1
SIM2
SIM3
SIM4
1
21
22
SIM5
SIM1
SIM2
SIM3
SIM4
1
21
22
SIM5
SIM1
SIM2
SIM3
SIM4
1
21
22
SIM5
SIM1
SIM2
SIM3
SIM4
1
21
22
SIM5
SIM1
SIM2
SIM3
SIM4
1
21
22
SIM5
SIM1
SIM2
SIM3
SIM4
1
21
22
SIM5
SIM1
SIM2
SIM3
SIM4
1
21
22
SIM5
SIM1
SIM2
SIM3
SIM4
1
21
22
SIM5
SIM1
SIM2
SIM3
SIM4
1
21
22
SIM5
SIM1
SIM2
SIM3
SIM4
1
21
22
SIM5
SIM1
SIM2
SIM3
SIM4
1
21
22
SIM5
SIM1
SIM2
SIM3
SIM4
1
21
22
SIM5
SIM1
SIM2
SIM3
SIM4
1
21
22
SIM5
SIM1
SIM2
SIM3
SIM4
1
21
22
SIM5
SIM1
SIM2
SIM3
SIM4
1
21
22
SIM5
SIM1
SIM2
SIM3
SIM4
1
21
22
SIM5
SIM1
SIM2
SIM3
SIM4
1
21
22
SIM5
SIM1
SIM2
SIM3
SIM4
1
21
22
SIM5
SIM1
SIM2
SIM3
SIM4
1
21
22
SIM5
SIM1
SIM2
SIM3
SIM4
1
21
22
SIM5
SIM1
SIM2
SIM3
SIM4
1
21
22
SIM5
SIM1
SIM2
SIM3
SIM4
1
21
22
SIM5
SIM1
SIM2
SIM3
SIM4
1
21
22
SIM5
SIM1
SIM2
SIM3
SIM4
1
21
22
SIM5
SIM1
SIM2
SIM3
SIM4
1
21
22
SIM5
SIM1
SIM2
SIM3
SIM4
1
21
22
SIM5
SIM1
SIM2
SIM3
SIM4
1
21
22
SIM5
SIM1
SIM2
SIM3
SIM4
1
21
22
SIM5
SIM1
SIM2
SIM3
SIM4
1
21
22
SIM5
SIM1
SIM2
SIM3
SIM4
1
21
22
SIM5
SIM1
SIM2
SIM3
SIM4
1
21
22
SIM5
SIM1
SIM2
SIM3
SIM4
1
21
22
SIM5
SIM1
SIM2
SIM3
SIM4
1
21
22
SIM5
SIM1
SIM2
SIM3
SIM4
1
21
22
SIM5
SIM1
SIM2
SIM3
SIM4
1
21
22
SIM5
SIM1
SIM2
SIM3
SIM4
1
21
22
SIM5
SIM1
SIM2
SIM3
SIM4
1
21
22
SIM5
SIM1
SIM2
SIM3
SIM4
1
21
22
SIM5
SIM1
SIM2
SIM3
SIM4
1
21
22
SIM5
SIM1
SIM2
SIM3
SIM4
1
21
22
SIM5
SIM1
SIM2
SIM3
SIM4
1
21
22
SIM5
SIM1
SIM2
SIM3
SIM4
1
21
22
SIM5
SIM1
SIM2
SIM3
SIM4
1
21
22
SIM5
SIM1
SIM2
SIM3
SIM4
1
21
22
SIM5
SIM1
SIM2
SIM3
SIM4
1
21
22
SIM5
SIM1
SIM2
SIM3
SIM4
1
21
22
SIM5
SIM1
SIM2
SIM3
SIM4
1
21
22
SIM5
SIM1
SIM2
SIM3
SIM4
1
21
22
SIM5
SIM1
SIM2
SIM3
SIM4
1
21
22
SIM5
SIM1
SIM2
SIM3
SIM4
1
21
22
SIM5
SIM1
SIM2
SIM3
SIM4
1
21
22
SIM5
SIM1
SIM2
SIM3
SIM4
1
21
22
SIM5
SIM1
SIM2
SIM3
SIM4
1
21
22
SIM5
SIM1
SIM2
SIM3
SIM4
1
21
22
SIM5
SIM1
SIM2
SIM3
SIM4
1
21
22
SIM5
SIM1
SIM2
SIM3
SIM4
1
21
22
SIM5
SIM1
SIM2
SIM3
SIM4
1
21
22
SIM5
SIM1
SIM2
SIM3
SIM4
1
21
22
SIM5
SIM1
SIM2
SIM3
SIM4
1
21
22
SIM5
SIM1
SIM2
SIM3
SIM4
1
21
22
SIM5
SIM1
SIM2
SIM3
SIM4
1
21
22
SIM5
SIM1
SIM2
SIM3
SIM4
1
21
22
SIM5
SIM1
SIM2
SIM3
SIM4
1
21
22
SIM5
SIM1
SIM2
SIM3
SIM4
1
21
22
SIM5
SIM1
SIM2
SIM3
SIM4
1
21
22
SIM5
SIM1
SIM2
SIM3
SIM4
1
21
22
SIM5
SIM1
SIM2
SIM3
SIM4
1
21
22
SIM5
SIM1
SIM2
SIM3
SIM4
1
21
22
SIM5
SIM1
SIM2
SIM3
SIM4
1
21
22
SIM5
SIM1
SIM2
SIM3
SIM4
1
21
22
SIM5
SIM1
SIM2
SIM3
SIM4
1
21
22
SIM5
SIM1
SIM2
SIM3
SIM4
1
21
22
SIM5
SIM1
SIM2
SIM3
SIM4
1
21
22
SIM5
SIM1
SIM2
SIM3
SIM4
1
21
22
SIM5
SIM1
SIM2
SIM3
SIM4
1
21
22
SIM5
SIM1
SIM2
SIM3
SIM4
1
21
22
SIM5
SIM1
SIM2
SIM3
SIM4
1
21
22
SIM5
SIM1
SIM2
SIM3
SIM4
1
21
22
SIM5
SIM1
SIM2
SIM3
SIM4
1
21
22
SIM5
SIM1
SIM2
SIM3
SIM4
1
21
22
SIM5
SIM1
SIM2
SIM3
SIM4
1
21
22
SIM5
SIM1
SIM2
SIM3
SIM4
1
21
22
SIM5
SIM1
SIM2
SIM3
SIM4
1
21
22
SIM5
SIM1
SIM2
SIM3
SIM4
1
21
22
SIM5
SIM1
SIM2
SIM3
SIM4
1
21
22
SIM5
SIM1
SIM2
SIM3
SIM4
1
21
22
SIM5
SIM1
SIM2
SIM3
SIM4
1
21
22
SIM5
SIM1
SIM2
SIM3
SIM4
1
21
22
SIM5
SIM1
SIM2
SIM3
SIM4
1
21
22
SIM5
SIM1
SIM2
SIM3
SIM4
1
21
22
SIM5
SIM1
SIM2
SIM3
SIM4
1
21
22
SIM5
SIM1
SIM2
SIM3
SIM4
1
21
22
SIM5
SIM1
SIM2
SIM3
SIM4
1
21
22
SIM5
SIM1
SIM2
SIM3
SIM4
1
21
22
SIM5
SIM1
SIM2
SIM3
SIM4
1
21
22
SIM5
SIM1
SIM2
SIM3
SIM4
1
21
22
SIM5
SIM1
SIM2
SIM3
SIM4
1
21
22
SIM5
SIM1
SIM2
SIM3
SIM4
1
21
22
SIM5
SIM1
SIM2
SIM3
SIM4
1
21
22
SIM5
SIM1
SIM2
SIM3
SIM4
1
21
22
SIM5
SIM1
SIM2
SIM3
SIM4
1
21
22
SIM5
SIM1
SIM2
SIM3
SIM4
1
21
22
SIM5
SIM1
SIM2
SIM3
SIM4
1
21
22
SIM5
SIM1
SIM2
SIM3
SIM4
1
21
22
SIM5
SIM1
SIM2
SIM3
SIM4
1
21
22
SIM5
SIM1
SIM2
SIM3
SIM4
1
21
22
SIM5
SIM1
SIM2
SIM3
SIM4
1
21
22
SIM5
SIM1
SIM2
SIM3
SIM4
1
21
22
SIM5
SIM1
SIM2
SIM3
SIM4
1
21
22
SIM5
SIM1
SIM2
SIM3
SIM4
1
21
22
SIM5
SIM1
SIM2
SIM3
SIM4
1
21
22
SIM5
SIM1
SIM2
SIM3
SIM4
1
21
22
SIM5
SIM1
SIM2
SIM3
SIM4
1
21
22
SIM5
SIM1
SIM2
SIM3
SIM4
1
21
22
SIM5
SIM1
SIM2
SIM3
SIM4
1
21
22
SIM5
SIM1
SIM2
SIM3
SIM4
1
21
22
SIM5
SIM1
SIM2
SIM3
SIM4
1
21
22
SIM5
SIM1
SIM2
SIM3
SIM4
1
21
22
SIM5
SIM1
SIM2
SIM3
SIM4
1
21
22
SIM5
SIM1
SIM2
SIM3
SIM4
1
21
22
SIM5
SIM1
SIM2
SIM3
SIM4
1
21
22
SIM5
SIM1
SIM2
SIM3
SIM4
1
21
22
SIM5
SIM1
SIM2
SIM3
SIM4
1
21
22
SIM5
SIM1
SIM2
SIM3
SIM4
1
21
22
SIM5
SIM1
SIM2
SIM3
SIM4
1
21
22
SIM5
SIM1
SIM2
SIM3
SIM4
1
21
22
SIM5
SIM1
SIM2
SIM3
SIM4
1
21
22
SIM5
SIM1
SIM2
SIM3
SIM4
1
21
22
SIM5
SIM1
SIM2
SIM3
SIM4
1
21
22
SIM5
SIM1
SIM2
SIM3
SIM4
1
21
22
SIM5
SIM1
SIM2
SIM3
SIM4
1
21
22
SIM5
SIM1
SIM2
SIM3
SIM4
1
21
22
SIM5
SIM1
SIM2
SIM3
SIM4
1
21
22
SIM5
SIM1
SIM2
SIM3
SIM4
1
21
22
SIM5
SIM1
SIM2
SIM3
SIM4
1
21
22
SIM5
SIM1
SIM2
SIM3
SIM4
1
21
22
SIM5
SIM1
SIM2
SIM3
SIM4
1
21
22
SIM5
SIM1
SIM2
SIM3
SIM4
1
21
22
SIM5
SIM1
SIM2
SIM3
SIM4
1
21
22
SIM5
SIM1
SIM2
SIM3
SIM4
1
21
22
SIM5
SIM1
SIM2
SIM3
SIM4
1
21
22
SIM5
SIM1
SIM2
SIM3
SIM4
1
21
22
SIM5
SIM1
SIM2
SIM3
SIM4
1
21
22
SIM5
SIM1
SIM2
SIM3
SIM4
1
21
22
SIM5
SIM1
SIM2
SIM3
SIM4
1
21
22
SIM5
SIM1
SIM2
SIM3
SIM4
1
21
22
SIM5
SIM1
SIM2
SIM3
SIM4
1
21
22
SIM5
SIM1
SIM2
DEBUG 1 988
SIM1
SIM2
SIM3
SIM4
1
21
22
SIM5
SIM1
SIM2
SIM3
SIM4
1
21
22
SIM5
SIM1
SIM2
SIM3
SIM4
1
21
22
SIM5
SIM1
SIM2
SIM3
SIM4
1
21
22
SIM5
SIM1
SIM2
SIM3
SIM4
1
21
22
SIM5
SIM1
SIM2
SIM3
SIM4
1
21
22
SIM5
SIM1
SIM2
SIM3
SIM4
1
21
22
SIM5
SIM1
SIM2
SIM3
SIM4
1
21
22
SIM5
SIM1
SIM2
SIM3
SIM4
1
21
22
SIM5
SIM1
SIM2
SIM3
SIM4
1
21
22
SIM5
SIM1
SIM2
SIM3
SIM4
1
21
22
SIM5
SIM1
SIM2
SIM3
SIM4
1
21
22
SIM5
SIM1
SIM2
SIM3
SIM4
1
21
22
SIM5
SIM1
SIM2
SIM3
SIM4
1
21
22
SIM5
SIM1
SIM2
SIM3
SIM4
1
21
22
SIM5
SIM1
SIM2
SIM3
SIM4
1
21
22
SIM5
SIM1
SIM2
SIM3
SIM4
1
21
22
SIM5
SIM1
SIM2
SIM3
SIM4
1
21
22
SIM5
SIM1
SIM2
SIM3
SIM4
1
21
22
SIM5
SIM1
SIM2
SIM3
SIM4
1
21
22
SIM5
SIM1
SIM2
SIM3
SIM4
1
21
22
SIM5
SIM1
SIM2
SIM3
SIM4
1
21
22
SIM5
SIM1
SIM2
SIM3
SIM4
1
21
22
SIM5
SIM1
SIM2
SIM3
SIM4
1
21
22
SIM5
SIM1
SIM2
SIM3
SIM4
1
21
22
SIM5
SIM1
SIM2
SIM3
SIM4
1
21
22
SIM5
SIM1
SIM2
SIM3
SIM4
1
21
22
SIM5
SIM1
SIM2
SIM3
SIM4
1
21
22
SIM5
SIM1
SIM2
SIM3
SIM4
1
21
22
SIM5
SIM1
SIM2
SIM3
SIM4
1
21
22
SIM5
SIM1
SIM2
SIM3
SIM4
1
21
22
SIM5
SIM1
SIM2
SIM3
SIM4
1
21
22
SIM5
SIM1
SIM2
SIM3
SIM4
1
21
22
SIM5
SIM1
SIM2
SIM3
SIM4
1
21
22
SIM5
SIM1
SIM2
SIM3
SIM4
1
21
22
SIM5
SIM1
SIM2
SIM3
SIM4
1
21
22
SIM5
SIM1
SIM2
SIM3
SIM4
1
21
22
SIM5
SIM1
SIM2
SIM3
SIM4
1
21
22
SIM5
SIM1
SIM2
SIM3
SIM4
1
21
22
SIM5
SIM1
SIM2
SIM3
SIM4
1
21
22
SIM5
SIM1
SIM2
SIM3
SIM4
1
21
22
SIM5
SIM1
SIM2
SIM3
SIM4
1
21
22
SIM5
SIM1
SIM2
SIM3
SIM4
1
21
22
SIM5
SIM1
SIM2
SIM3
SIM4
1
21
22
SIM5
SIM1
SIM2
SIM3
SIM4
1
21
22
SIM5
SIM1
SIM2
SIM3
SIM4
1
21
22
SIM5
SIM1
SIM2
SIM3
SIM4
1
21
22
SIM5
SIM1
SIM2
SIM3
SIM4
1
21
22
SIM5
SIM1
SIM2
SIM3
SIM4
1
21
22
SIM5
SIM1
SIM2
SIM3
SIM4
1
21
22
SIM5
SIM1
SIM2
SIM3
SIM4
1
21
22
SIM5
SIM1
SIM2
SIM3
SIM4
1
21
22
SIM5
SIM1
SIM2
SIM3
SIM4
1
21
22
SIM5
SIM1
SIM2
SIM3
SIM4
1
21
22
SIM5
SIM1
SIM2
SIM3
SIM4
1
21
22
SIM5
SIM1
SIM2
SIM3
SIM4
1
21
22
SIM5
SIM1
SIM2
SIM3
SIM4
1
21
22
SIM5
SIM1
SIM2
SIM3
SIM4
1
21
22
SIM5
SIM1
SIM2
SIM3
SIM4
1
21
22
SIM5
SIM1
SIM2
SIM3
SIM4
1
21
22
SIM5
SIM1
SIM2
SIM3
SIM4
1
21
22
SIM5
SIM1
SIM2
SIM3
SIM4
1
21
22
SIM5
SIM1
SIM2
SIM3
SIM4
1
21
22
SIM5
SIM1
SIM2
SIM3
SIM4
1
21
22
SIM5
SIM1
SIM2
SIM3
SIM4
1
21
22
SIM5
SIM1
SIM2
SIM3
SIM4
1
21
22
SIM5
SIM1
SIM2
SIM3
SIM4
1
21
22
SIM5
SIM1
SIM2
SIM3
SIM4
1
21
22
SIM5
SIM1
SIM2
SIM3
SIM4
1
21
22
SIM5
SIM1
SIM2
SIM3
SIM4
1
21
22
SIM5
SIM1
SIM2
SIM3
SIM4
1
21
22
SIM5
SIM1
SIM2
SIM3
SIM4
1
21
22
SIM5
SIM1
SIM2
SIM3
SIM4
1
21
22
SIM5
SIM1
SIM2
SIM3
SIM4
1
21
22
SIM5
SIM1
SIM2
SIM3
SIM4
1
21
22
SIM5
SIM1
SIM2
SIM3
SIM4
1
21
22
SIM5
SIM1
SIM2
SIM3
SIM4
1
21
22
SIM5
SIM1
SIM2
SIM3
SIM4
1
21
22
SIM5
SIM1
SIM2
SIM3
SIM4
1
21
22
SIM5
SIM1
SIM2
SIM3
SIM4
1
21
22
SIM5
SIM1
SIM2
SIM3
SIM4
1
21
22
SIM5
SIM1
SIM2
SIM3
SIM4
1
21
22
SIM5
SIM1
SIM2
SIM3
SIM4
1
21
22
SIM5
SIM1
SIM2
SIM3
SIM4
1
21
22
SIM5
SIM1
SIM2
SIM3
SIM4
1
21
22
SIM5
SIM1
SIM2
SIM3
SIM4
1
21
22
SIM5
SIM1
SIM2
SIM3
SIM4
1
21
22
SIM5
SIM1
SIM2
SIM3
SIM4
1
21
22
SIM5
SIM1
SIM2
SIM3
SIM4
1
21
22
SIM5
SIM1
SIM2
SIM3
SIM4
1
21
22
SIM5
SIM1
SIM2
SIM3
SIM4
1
21
22
SIM5
SIM1
SIM2
SIM3
SIM4
1
21
22
SIM5
SIM1
SIM2
SIM3
SIM4
1
21
22
SIM5
SIM1
SIM2
SIM3
SIM4
1
21
22
SIM5
SIM1
SIM2
SIM3
SIM4
1
21
22
SIM5
SIM1
SIM2
SIM3
SIM4
1
21
22
SIM5
SIM1
SIM2
SIM3
SIM4
1
21
22
SIM5
SIM1
SIM2
SIM3
SIM4
1
21
22
SIM5
SIM1
SIM2
SIM3
SIM4
1
21
22
SIM5
SIM1
SIM2
SIM3
SIM4
1
21
22
SIM5
SIM1
SIM2
SIM3
SIM4
1
21
22
SIM5
SIM1
SIM2
SIM3
SIM4
1
21
22
SIM5
SIM1
SIM2
SIM3
SIM4
1
21
22
SIM5
SIM1
SIM2
SIM3
SIM4
1
21
22
SIM5
SIM1
SIM2
SIM3
SIM4
1
21
22
SIM5
SIM1
SIM2
SIM3
SIM4
1
21
22
SIM5
SIM1
SIM2
SIM3
SIM4
1
21
22
SIM5
SIM1
SIM2
SIM3
SIM4
1
21
22
SIM5
SIM1
SIM2
SIM3
SIM4
1
21
22
SIM5
SIM1
SIM2
SIM3
SIM4
1
21
22
SIM5
SIM1
SIM2
SIM3
SIM4
1
21
22
SIM5
SIM1
SIM2
SIM3
SIM4
1
21
22
SIM5
SIM1
SIM2
SIM3
SIM4
1
21
22
SIM5
SIM1
SIM2
SIM3
SIM4
1
21
22
SIM5
SIM1
SIM2
SIM3
SIM4
1
21
22
SIM5
SIM1
SIM2
SIM3
SIM4
1
21
22
SIM5
SIM1
SIM2
SIM3
SIM4
1
21
22
SIM5
SIM1
SIM2
SIM3
SIM4
1
21
22
SIM5
SIM1
SIM2
SIM3
SIM4
1
21
22
SIM5
SIM1
SIM2
SIM3
SIM4
1
21
22
SIM5
SIM1
SIM2
SIM3
SIM4
1
21
22
SIM5
SIM1
SIM2
SIM3
SIM4
1
21
22
SIM5
SIM1
SIM2
SIM3
SIM4
1
21
22
SIM5
SIM1
SIM2
SIM3
SIM4
1
21
22
SIM5
SIM1
SIM2
SIM3
SIM4
1
21
22
SIM5
SIM1
SIM2
SIM3
SIM4
1
21
22
SIM5
SIM1
SIM2
SIM3
SIM4
1
21
22
SIM5
SIM1
SIM2
SIM3
SIM4
1
21
22
SIM5
SIM1
SIM2
SIM3
SIM4
1
21
22
SIM5
SIM1
SIM2
SIM3
SIM4
1
21
22
SIM5
SIM1
SIM2
SIM3
SIM4
1
21
22
SIM5
SIM1
SIM2
SIM3
SIM4
1
21
22
SIM5
SIM1
SIM2
SIM3
SIM4
1
21
22
SIM5
SIM1
SIM2
SIM3
SIM4
1
21
22
SIM5
SIM1
SIM2
SIM3
SIM4
1
21
22
SIM5
SIM1
SIM2
SIM3
SIM4
1
21
22
SIM5
SIM1
SIM2
SIM3
SIM4
1
21
22
SIM5
SIM1
SIM2
SIM3
SIM4
1
21
22
SIM5
SIM1
SIM2
SIM3
SIM4
1
21
22
SIM5
SIM1
SIM2
SIM3
SIM4
1
21
22
SIM5
SIM1
SIM2
SIM3
SIM4
1
21
22
SIM5
SIM1
SIM2
SIM3
SIM4
1
21
22
SIM5
SIM1
SIM2
SIM3
SIM4
1
21
22
SIM5
SIM1
SIM2
SIM3
SIM4
1
21
22
SIM5
SIM1
SIM2
SIM3
SIM4
1
21
22
SIM5
SIM1
SIM2
SIM3
SIM4
1
21
22
SIM5
SIM1
SIM2
SIM3
SIM4
1
21
22
SIM5
SIM1
SIM2
SIM3
SIM4
1
21
22
SIM5
SIM1
SIM2
SIM3
SIM4
1
21
22
SIM5
SIM1
SIM2
SIM3
SIM4
1
21
22
SIM5
SIM1
SIM2
SIM3
SIM4
1
21
22
SIM5
SIM1
SIM2
SIM3
SIM4
1
21
22
SIM5
SIM1
SIM2
SIM3
SIM4
1
21
22
SIM5
SIM1
SIM2
SIM3
SIM4
1
21
22
SIM5
SIM1
SIM2
SIM3
SIM4
1
21
22
SIM5
SIM1
SIM2
SIM3
SIM4
1
21
22
SIM5
SIM1
SIM2
SIM3
SIM4
1
21
22
SIM5
SIM1
SIM2
SIM3
SIM4
1
21
22
SIM5
SIM1
SIM2
SIM3
SIM4
1
21
22
SIM5
SIM1
SIM2
SIM3
SIM4
1
21
22
SIM5
SIM1
SIM2
SIM3
SIM4
1
21
22
SIM5
SIM1
SIM2
SIM3
SIM4
1
21
22
SIM5
SIM1
SIM2
SIM3
SIM4
1
21
22
SIM5
SIM1
SIM2
SIM3
SIM4
1
21
22
SIM5
SIM1
SIM2
SIM3
SIM4
1
21
22
SIM5
SIM1
SIM2
SIM3
SIM4
1
21
22
SIM5
SIM1
SIM2
SIM3
SIM4
1
21
22
SIM5
SIM1
SIM2
SIM3
SIM4
1
21
22
SIM5
SIM1
SIM2
SIM3
SIM4
1
21
22
SIM5
SIM1
SIM2
SIM3
SIM4
1
21
22
SIM5
SIM1
SIM2
SIM3
SIM4
1
21
22
SIM5
SIM1
SIM2
SIM3
SIM4
1
21
22
SIM5
SIM1
SIM2
SIM3
SIM4
1
21
22
SIM5
SIM1
SIM2
SIM3
SIM4
1
21
22
SIM5
SIM1
SIM2
SIM3
SIM4
1
21
22
SIM5
SIM1
SIM2
SIM3
SIM4
1
21
22
SIM5
SIM1
SIM2
SIM3
SIM4
1
21
22
SIM5
SIM1
SIM2
SIM3
SIM4
1
21
22
SIM5
SIM1
SIM2
SIM3
SIM4
1
21
22
SIM5
SIM1
SIM2
SIM3
SIM4
1
21
22
SIM5
SIM1
SIM2
SIM3
SIM4
1
21
22
SIM5
SIM1
SIM2
SIM3
SIM4
1
21
22
SIM5
SIM1
SIM2
SIM3
SIM4
1
21
22
SIM5
SIM1
SIM2
SIM3
SIM4
1
21
22
SIM5
SIM1
SIM2
SIM3
SIM4
1
21
22
SIM5
SIM1
SIM2
SIM3
SIM4
1
21
22
SIM5
SIM1
SIM2
SIM3
SIM4
1
21
22
SIM5
SIM1
SIM2
SIM3
SIM4
1
21
22
SIM5
SIM1
SIM2
SIM3
SIM4
1
21
22
SIM5
SIM1
SIM2
SIM3
SIM4
1
21
22
SIM5
SIM1
SIM2
SIM3
SIM4
1
21
22
SIM5
SIM1
SIM2
SIM3
SIM4
1
21
22
SIM5
SIM1
SIM2
SIM3
SIM4
1
21
22
SIM5
SIM1
SIM2
SIM3
SIM4
1
21
22
SIM5
SIM1
SIM2
SIM3
SIM4
1
21
22
SIM5
SIM1
SIM2
SIM3
SIM4
1
21
22
SIM5
SIM1
SIM2
SIM3
SIM4
1
21
22
SIM5
SIM1
SIM2
SIM3
SIM4
1
21
22
SIM5
SIM1
SIM2
SIM3
SIM4
1
21
22
SIM5
SIM1
SIM2
SIM3
SIM4
1
21
22
SIM5
SIM1
SIM2
SIM3
SIM4
1
21
22
SIM5
SIM1
SIM2
SIM3
SIM4
1
21
22
SIM5
SIM1
SIM2
SIM3
SIM4
1
21
22
SIM5
SIM1
SIM2
SIM3
SIM4
1
21
22
SIM5
SIM1
SIM2
SIM3
SIM4
1
21
22
SIM5
SIM1
SIM2
SIM3
SIM4
1
21
22
SIM5
SIM1
SIM2
SIM3
SIM4
1
21
22
SIM5
SIM1
SIM2
SIM3
SIM4
1
21
22
SIM5
SIM1
SIM2
SIM3
SIM4
1
21
22
SIM5
SIM1
SIM2
SIM3
SIM4
1
21
22
SIM5
SIM1
SIM2
SIM3
SIM4
1
21
22
SIM5
SIM1
SIM2
SIM3
SIM4
1
21
22
SIM5
SIM1
SIM2
SIM3
SIM4
1
21
22
SIM5
SIM1
SIM2
SIM3
SIM4
1
21
22
SIM5
SIM1
SIM2
SIM3
SIM4
1
21
22
SIM5
SIM1
SIM2
SIM3
SIM4
1
21
22
SIM5
SIM1
SIM2
SIM3
SIM4
1
21
22
SIM5
SIM1
SIM2
SIM3
SIM4
1
21
22
SIM5
SIM1
SIM2
SIM3
SIM4
1
21
22
SIM5
SIM1
SIM2
SIM3
SIM4
1
21
22
SIM5
SIM1
SIM2
SIM3
SIM4
1
21
22
SIM5
SIM1
SIM2
SIM3
SIM4
1
21
22
SIM5
SIM1
SIM2
SIM3
SIM4
1
21
22
SIM5
SIM1
SIM2
SIM3
SIM4
1
21
22
SIM5
SIM1
SIM2
SIM3
SIM4
1
21
22
SIM5
SIM1
SIM2
SIM3
SIM4
1
21
22
SIM5
SIM1
SIM2
SIM3
SIM4
1
21
22
SIM5
SIM1
SIM2
SIM3
SIM4
1
21
22
SIM5
SIM1
SIM2
SIM3
SIM4
1
21
22
SIM5
SIM1
SIM2
SIM3
SIM4
1
21
22
SIM5
SIM1
SIM2
SIM3
SIM4
1
21
22
SIM5
SIM1
SIM2
SIM3
SIM4
1
21
22
SIM5
SIM1
SIM2
SIM3
SIM4
1
21
22
SIM5
SIM1
SIM2
SIM3
SIM4
1
21
22
SIM5
SIM1
SIM2
SIM3
SIM4
1
21
22
SIM5
SIM1
SIM2
SIM3
SIM4
1
21
22
SIM5
SIM1
SIM2
SIM3
SIM4
1
21
22
SIM5
SIM1
SIM2
SIM3
SIM4
1
21
22
SIM5
SIM1
SIM2
SIM3
SIM4
1
21
22
SIM5
SIM1
SIM2
SIM3
SIM4
1
21
22
SIM5
SIM1
SIM2
SIM3
SIM4
1
21
22
SIM5
SIM1
SIM2
SIM3
SIM4
1
21
22
SIM5
SIM1
SIM2
SIM3
SIM4
1
21
22
SIM5
SIM1
SIM2
SIM3
SIM4
1
21
22
SIM5
SIM1
SIM2
SIM3
SIM4
1
21
22
SIM5
SIM1
SIM2
SIM3
SIM4
1
21
22
SIM5
SIM1
SIM2
SIM3
SIM4
1
21
22
SIM5
SIM1
SIM2
SIM3
SIM4
1
21
22
SIM5
SIM1
SIM2
SIM3
SIM4
1
21
22
SIM5
SIM1
SIM2
SIM3
SIM4
1
21
22
SIM5
SIM1
SIM2
SIM3
SIM4
1
21
22
SIM5
SIM1
SIM2
SIM3
SIM4
1
21
22
SIM5
SIM1
SIM2
SIM3
SIM4
1
21
22
SIM5
SIM1
SIM2
SIM3
SIM4
1
21
22
SIM5
SIM1
SIM2
SIM3
SIM4
1
21
22
SIM5
SIM1
SIM2
SIM3
SIM4
1
21
22
SIM5
SIM1
SIM2
SIM3
SIM4
1
21
22
SIM5
SIM1
SIM2
SIM3
SIM4
1
21
22
SIM5
SIM1
SIM2
SIM3
SIM4
1
21
22
SIM5
SIM1
SIM2
SIM3
SIM4
1
21
22
SIM5
SIM1
SIM2
SIM3
SIM4
1
21
22
SIM5
SIM1
SIM2
SIM3
SIM4
1
21
22
SIM5
SIM1
SIM2
SIM3
SIM4
1
21
22
SIM5
SIM1
SIM2
SIM3
SIM4
1
21
22
SIM5
SIM1
SIM2
SIM3
SIM4
1
21
22
SIM5
SIM1
SIM2
SIM3
SIM4
1
21
22
SIM5
SIM1
SIM2
SIM3
SIM4
1
21
22
SIM5
SIM1
SIM2
SIM3
SIM4
1
21
22
SIM5
SIM1
SIM2
SIM3
SIM4
1
21
22
SIM5
SIM1
SIM2
SIM3
SIM4
1
21
22
SIM5
SIM1
SIM2
SIM3
SIM4
1
21
22
SIM5
SIM1
SIM2
SIM3
SIM4
1
21
22
SIM5
SIM1
SIM2
SIM3
SIM4
1
21
22
SIM5
SIM1
SIM2
SIM3
SIM4
1
21
22
SIM5
SIM1
SIM2
SIM3
SIM4
1
21
22
SIM5
SIM1
SIM2
SIM3
SIM4
1
21
22
SIM5
SIM1
SIM2
SIM3
SIM4
1
21
22
SIM5
SIM1
SIM2
SIM3
SIM4
1
21
22
SIM5
SIM1
SIM2
SIM3
SIM4
1
21
22
SIM5
SIM1
SIM2
SIM3
SIM4
1
21
22
SIM5
SIM1
SIM2
SIM3
SIM4
1
21
22
SIM5
SIM1
SIM2
SIM3
SIM4
1
21
22
SIM5
SIM1
SIM2
SIM3
SIM4
1
21
22
SIM5
SIM1
SIM2
SIM3
SIM4
1
21
22
SIM5
SIM1
SIM2
SIM3
SIM4
1
21
22
SIM5
SIM1
SIM2
SIM3
SIM4
1
21
22
SIM5
SIM1
SIM2
SIM3
SIM4
1
21
22
SIM5
SIM1
SIM2
SIM3
SIM4
1
21
22
SIM5
SIM1
SIM2
SIM3
SIM4
1
21
22
SIM5
SIM1
SIM2
SIM3
SIM4
1
21
22
SIM5
SIM1
SIM2
SIM3
SIM4
1
21
22
SIM5
SIM1
SIM2
SIM3
SIM4
1
21
22
SIM5
SIM1
SIM2
SIM3
SIM4
1
21
22
SIM5
SIM1
SIM2
SIM3
SIM4
1
21
22
SIM5
SIM1
SIM2
SIM3
SIM4
1
21
22
SIM5
SIM1
SIM2
SIM3
SIM4
1
21
22
SIM5
SIM1
SIM2
SIM3
SIM4
1
21
22
SIM5
SIM1
SIM2
SIM3
SIM4
1
21
22
SIM5
SIM1
SIM2
SIM3
SIM4
1
21
22
SIM5
SIM1
SIM2
SIM3
SIM4
1
21
22
SIM5
SIM1
SIM2
SIM3
SIM4
1
21
22
SIM5
SIM1
SIM2
SIM3
SIM4
1
21
22
SIM5
SIM1
SIM2
SIM3
SIM4
1
21
22
SIM5
SIM1
SIM2
SIM3
SIM4
1
21
22
SIM5
SIM1
SIM2
SIM3
SIM4
1
21
22
SIM5
SIM1
SIM2
SIM3
SIM4
1
21
22
SIM5
SIM1
SIM2
SIM3
SIM4
1
21
22
SIM5
SIM1
SIM2
SIM3
SIM4
1
21
22
SIM5
SIM1
SIM2
SIM3
SIM4
1
21
22
SIM5
SIM1
SIM2
SIM3
SIM4
1
21
22
SIM5
SIM1
SIM2
SIM3
SIM4
1
21
22
SIM5
SIM1
SIM2
SIM3
SIM4
1
21
22
SIM5
SIM1
SIM2
SIM3
SIM4
1
21
22
SIM5
SIM1
SIM2
SIM3
SIM4
1
21
22
SIM5
SIM1
SIM2
SIM3
SIM4
1
21
22
SIM5
SIM1
SIM2
SIM3
SIM4
1
21
22
SIM5
SIM1
SIM2
SIM3
SIM4
1
21
22
SIM5
SIM1
SIM2
SIM3
SIM4
1
21
22
SIM5
SIM1
SIM2
SIM3
SIM4
1
21
22
SIM5
SIM1
SIM2
SIM3
SIM4
1
21
22
SIM5
SIM1
SIM2
SIM3
SIM4
1
21
22
SIM5
SIM1
SIM2
SIM3
SIM4
1
21
22
SIM5
SIM1
SIM2
SIM3
SIM4
1
21
22
SIM5
SIM1
SIM2
SIM3
SIM4
1
21
22
SIM5
SIM1
SIM2
SIM3
SIM4
1
21
22
SIM5
SIM1
SIM2
SIM3
SIM4
1
21
22
SIM5
SIM1
SIM2
SIM3
SIM4
1
21
22
SIM5
SIM1
SIM2
SIM3
SIM4
1
21
22
SIM5
SIM1
SIM2
SIM3
SIM4
1
21
22
SIM5
SIM1
SIM2
SIM3
SIM4
1
21
22
SIM5
SIM1
SIM2
SIM3
SIM4
1
21
22
SIM5
SIM1
SIM2
SIM3
SIM4
1
21
22
SIM5
SIM1
SIM2
SIM3
SIM4
1
21
22
SIM5
SIM1
SIM2
SIM3
SIM4
1
21
22
SIM5
SIM1
SIM2
SIM3
SIM4
1
21
22
SIM5
SIM1
SIM2
SIM3
SIM4
1
21
22
SIM5
SIM1
SIM2
SIM3
SIM4
1
21
22
SIM5
SIM1
SIM2
SIM3
SIM4
1
21
22
SIM5
SIM1
SIM2
SIM3
SIM4
1
21
22
SIM5
SIM1
SIM2
SIM3
SIM4
1
21
22
SIM5
SIM1
SIM2
DEBUG 1 989
SIM1
SIM2
SIM3
SIM4
1
21
22
SIM5
SIM1
SIM2
SIM3
SIM4
1
21
22
SIM5
SIM1
SIM2
SIM3
SIM4
1
21
22
SIM5
SIM1
SIM2
SIM3
SIM4
1
21
22
SIM5
SIM1
SIM2
SIM3
SIM4
1
21
22
SIM5
SIM1
SIM2
SIM3
SIM4
1
21
22
SIM5
SIM1
SIM2
SIM3
SIM4
1
21
22
SIM5
SIM1
SIM2
SIM3
SIM4
1
21
22
SIM5
SIM1
SIM2
SIM3
SIM4
1
21
22
SIM5
SIM1
SIM2
SIM3
SIM4
1
21
22
SIM5
SIM1
SIM2
SIM3
SIM4
1
21
22
SIM5
SIM1
SIM2
SIM3
SIM4
1
21
22
SIM5
SIM1
SIM2
SIM3
SIM4
1
21
22
SIM5
SIM1
SIM2
SIM3
SIM4
1
21
22
SIM5
SIM1
SIM2
SIM3
SIM4
1
21
22
SIM5
SIM1
SIM2
SIM3
SIM4
1
21
22
SIM5
SIM1
SIM2
SIM3
SIM4
1
21
22
SIM5
SIM1
SIM2
SIM3
SIM4
1
21
22
SIM5
SIM1
SIM2
SIM3
SIM4
1
21
22
SIM5
SIM1
SIM2
SIM3
SIM4
1
21
22
SIM5
SIM1
SIM2
SIM3
SIM4
1
21
22
SIM5
SIM1
SIM2
SIM3
SIM4
1
21
22
SIM5
SIM1
SIM2
SIM3
SIM4
1
21
22
SIM5
SIM1
SIM2
SIM3
SIM4
1
21
22
SIM5
SIM1
SIM2
SIM3
SIM4
1
21
22
SIM5
SIM1
SIM2
SIM3
SIM4
1
21
22
SIM5
SIM1
SIM2
SIM3
SIM4
1
21
22
SIM5
SIM1
SIM2
SIM3
SIM4
1
21
22
SIM5
SIM1
SIM2
SIM3
SIM4
1
21
22
SIM5
SIM1
SIM2
SIM3
SIM4
1
21
22
SIM5
SIM1
SIM2
SIM3
SIM4
1
21
22
SIM5
SIM1
SIM2
SIM3
SIM4
1
21
22
SIM5
SIM1
SIM2
SIM3
SIM4
1
21
22
SIM5
SIM1
SIM2
SIM3
SIM4
1
21
22
SIM5
SIM1
SIM2
SIM3
SIM4
1
21
22
SIM5
SIM1
SIM2
SIM3
SIM4
1
21
22
SIM5
SIM1
SIM2
SIM3
SIM4
1
21
22
SIM5
SIM1
SIM2
SIM3
SIM4
1
21
22
SIM5
SIM1
SIM2
SIM3
SIM4
1
21
22
SIM5
SIM1
SIM2
SIM3
SIM4
1
21
22
SIM5
SIM1
SIM2
SIM3
SIM4
1
21
22
SIM5
SIM1
SIM2
SIM3
SIM4
1
21
22
SIM5
SIM1
SIM2
SIM3
SIM4
1
21
22
SIM5
SIM1
SIM2
SIM3
SIM4
1
21
22
SIM5
SIM1
SIM2
SIM3
SIM4
1
21
22
SIM5
SIM1
SIM2
SIM3
SIM4
1
21
22
SIM5
SIM1
SIM2
SIM3
SIM4
1
21
22
SIM5
SIM1
SIM2
SIM3
SIM4
1
21
22
SIM5
SIM1
SIM2
SIM3
SIM4
1
21
22
SIM5
SIM1
SIM2
SIM3
SIM4
1
21
22
SIM5
SIM1
SIM2
SIM3
SIM4
1
21
22
SIM5
SIM1
SIM2
SIM3
SIM4
1
21
22
SIM5
SIM1
SIM2
SIM3
SIM4
1
21
22
SIM5
SIM1
SIM2
SIM3
SIM4
1
21
22
SIM5
SIM1
SIM2
SIM3
SIM4
1
21
22
SIM5
SIM1
SIM2
SIM3
SIM4
1
21
22
SIM5
SIM1
SIM2
SIM3
SIM4
1
21
22
SIM5
SIM1
SIM2
SIM3
SIM4
1
21
22
SIM5
SIM1
SIM2
SIM3
SIM4
1
21
22
SIM5
SIM1
SIM2
SIM3
SIM4
1
21
22
SIM5
SIM1
SIM2
SIM3
SIM4
1
21
22
SIM5
SIM1
SIM2
SIM3
SIM4
1
21
22
SIM5
SIM1
SIM2
SIM3
SIM4
1
21
22
SIM5
SIM1
SIM2
SIM3
SIM4
1
21
22
SIM5
SIM1
SIM2
SIM3
SIM4
1
21
22
SIM5
SIM1
SIM2
SIM3
SIM4
1
21
22
SIM5
SIM1
SIM2
SIM3
SIM4
1
21
22
SIM5
SIM1
SIM2
SIM3
SIM4
1
21
22
SIM5
SIM1
SIM2
SIM3
SIM4
1
21
22
SIM5
SIM1
SIM2
SIM3
SIM4
1
21
22
SIM5
SIM1
SIM2
SIM3
SIM4
1
21
22
SIM5
SIM1
SIM2
SIM3
SIM4
1
21
22
SIM5
SIM1
SIM2
SIM3
SIM4
1
21
22
SIM5
SIM1
SIM2
SIM3
SIM4
1
21
22
SIM5
SIM1
SIM2
SIM3
SIM4
1
21
22
SIM5
SIM1
SIM2
SIM3
SIM4
1
21
22
SIM5
SIM1
SIM2
SIM3
SIM4
1
21
22
SIM5
SIM1
SIM2
SIM3
SIM4
1
21
22
SIM5
SIM1
SIM2
SIM3
SIM4
1
21
22
SIM5
SIM1
SIM2
SIM3
SIM4
1
21
22
SIM5
SIM1
SIM2
SIM3
SIM4
1
21
22
SIM5
SIM1
SIM2
SIM3
SIM4
1
21
22
SIM5
SIM1
SIM2
SIM3
SIM4
1
21
22
SIM5
SIM1
SIM2
SIM3
SIM4
1
21
22
SIM5
SIM1
SIM2
SIM3
SIM4
1
21
22
SIM5
SIM1
SIM2
SIM3
SIM4
1
21
22
SIM5
SIM1
SIM2
SIM3
SIM4
1
21
22
SIM5
SIM1
SIM2
SIM3
SIM4
1
21
22
SIM5
SIM1
SIM2
SIM3
SIM4
1
21
22
SIM5
SIM1
SIM2
SIM3
SIM4
1
21
22
SIM5
SIM1
SIM2
SIM3
SIM4
1
21
22
SIM5
SIM1
SIM2
SIM3
SIM4
1
21
22
SIM5
SIM1
SIM2
SIM3
SIM4
1
21
22
SIM5
SIM1
SIM2
SIM3
SIM4
1
21
22
SIM5
SIM1
SIM2
SIM3
SIM4
1
21
22
SIM5
SIM1
SIM2
SIM3
SIM4
1
21
22
SIM5
SIM1
SIM2
SIM3
SIM4
1
21
22
SIM5
SIM1
SIM2
SIM3
SIM4
1
21
22
SIM5
SIM1
SIM2
SIM3
SIM4
1
21
22
SIM5
SIM1
SIM2
SIM3
SIM4
1
21
22
SIM5
SIM1
SIM2
SIM3
SIM4
1
21
22
SIM5
SIM1
SIM2
SIM3
SIM4
1
21
22
SIM5
SIM1
SIM2
SIM3
SIM4
1
21
22
SIM5
SIM1
SIM2
SIM3
SIM4
1
21
22
SIM5
SIM1
SIM2
SIM3
SIM4
1
21
22
SIM5
SIM1
SIM2
SIM3
SIM4
1
21
22
SIM5
SIM1
SIM2
SIM3
SIM4
1
21
22
SIM5
SIM1
SIM2
SIM3
SIM4
1
21
22
SIM5
SIM1
SIM2
SIM3
SIM4
1
21
22
SIM5
SIM1
SIM2
SIM3
SIM4
1
21
22
SIM5
SIM1
SIM2
SIM3
SIM4
1
21
22
SIM5
SIM1
SIM2
SIM3
SIM4
1
21
22
SIM5
SIM1
SIM2
SIM3
SIM4
1
21
22
SIM5
SIM1
SIM2
SIM3
SIM4
1
21
22
SIM5
SIM1
SIM2
SIM3
SIM4
1
21
22
SIM5
SIM1
SIM2
SIM3
SIM4
1
21
22
SIM5
SIM1
SIM2
SIM3
SIM4
1
21
22
SIM5
SIM1
SIM2
SIM3
SIM4
1
21
22
SIM5
SIM1
SIM2
SIM3
SIM4
1
21
22
SIM5
SIM1
SIM2
SIM3
SIM4
1
21
22
SIM5
SIM1
SIM2
SIM3
SIM4
1
21
22
SIM5
SIM1
SIM2
SIM3
SIM4
1
21
22
SIM5
SIM1
SIM2
SIM3
SIM4
1
21
22
SIM5
SIM1
SIM2
SIM3
SIM4
1
21
22
SIM5
SIM1
SIM2
SIM3
SIM4
1
21
22
SIM5
SIM1
SIM2
SIM3
SIM4
1
21
22
SIM5
SIM1
SIM2
SIM3
SIM4
1
21
22
SIM5
SIM1
SIM2
SIM3
SIM4
1
21
22
SIM5
SIM1
SIM2
SIM3
SIM4
1
21
22
SIM5
SIM1
SIM2
SIM3
SIM4
1
21
22
SIM5
SIM1
SIM2
SIM3
SIM4
1
21
22
SIM5
SIM1
SIM2
SIM3
SIM4
1
21
22
SIM5
SIM1
SIM2
SIM3
SIM4
1
21
22
SIM5
SIM1
SIM2
SIM3
SIM4
1
21
22
SIM5
SIM1
SIM2
SIM3
SIM4
1
21
22
SIM5
SIM1
SIM2
SIM3
SIM4
1
21
22
SIM5
SIM1
SIM2
SIM3
SIM4
1
21
22
SIM5
SIM1
SIM2
SIM3
SIM4
1
21
22
SIM5
SIM1
SIM2
SIM3
SIM4
1
21
22
SIM5
SIM1
SIM2
SIM3
SIM4
1
21
22
SIM5
SIM1
SIM2
SIM3
SIM4
1
21
22
SIM5
SIM1
SIM2
SIM3
SIM4
1
21
22
SIM5
SIM1
SIM2
SIM3
SIM4
1
21
22
SIM5
SIM1
SIM2
SIM3
SIM4
1
21
22
SIM5
SIM1
SIM2
SIM3
SIM4
1
21
22
SIM5
SIM1
SIM2
SIM3
SIM4
1
21
22
SIM5
SIM1
SIM2
SIM3
SIM4
1
21
22
SIM5
SIM1
SIM2
SIM3
SIM4
1
21
22
SIM5
SIM1
SIM2
SIM3
SIM4
1
21
22
SIM5
SIM1
SIM2
SIM3
SIM4
1
21
22
SIM5
SIM1
SIM2
SIM3
SIM4
1
21
22
SIM5
SIM1
SIM2
SIM3
SIM4
1
21
22
SIM5
SIM1
SIM2
SIM3
SIM4
1
21
22
SIM5
SIM1
SIM2
SIM3
SIM4
1
21
22
SIM5
SIM1
SIM2
SIM3
SIM4
1
21
22
SIM5
SIM1
SIM2
SIM3
SIM4
1
21
22
SIM5
SIM1
SIM2
SIM3
SIM4
1
21
22
SIM5
SIM1
SIM2
SIM3
SIM4
1
21
22
SIM5
SIM1
SIM2
SIM3
SIM4
1
21
22
SIM5
SIM1
SIM2
SIM3
SIM4
1
21
22
SIM5
SIM1
SIM2
SIM3
SIM4
1
21
22
SIM5
SIM1
SIM2
SIM3
SIM4
1
21
22
SIM5
SIM1
SIM2
SIM3
SIM4
1
21
22
SIM5
SIM1
SIM2
SIM3
SIM4
1
21
22
SIM5
SIM1
SIM2
SIM3
SIM4
1
21
22
SIM5
SIM1
SIM2
SIM3
SIM4
1
21
22
SIM5
SIM1
SIM2
SIM3
SIM4
1
21
22
SIM5
SIM1
SIM2
SIM3
SIM4
1
21
22
SIM5
SIM1
SIM2
SIM3
SIM4
1
21
22
SIM5
SIM1
SIM2
SIM3
SIM4
1
21
22
SIM5
SIM1
SIM2
SIM3
SIM4
1
21
22
SIM5
SIM1
SIM2
SIM3
SIM4
1
21
22
SIM5
SIM1
SIM2
SIM3
SIM4
1
21
22
SIM5
SIM1
SIM2
SIM3
SIM4
1
21
22
SIM5
SIM1
SIM2
SIM3
SIM4
1
21
22
SIM5
SIM1
SIM2
SIM3
SIM4
1
21
22
SIM5
SIM1
SIM2
SIM3
SIM4
1
21
22
SIM5
SIM1
SIM2
SIM3
SIM4
1
21
22
SIM5
SIM1
SIM2
SIM3
SIM4
1
21
22
SIM5
SIM1
SIM2
SIM3
SIM4
1
21
22
SIM5
SIM1
SIM2
SIM3
SIM4
1
21
22
SIM5
SIM1
SIM2
SIM3
SIM4
1
21
22
SIM5
SIM1
SIM2
SIM3
SIM4
1
21
22
SIM5
SIM1
SIM2
SIM3
SIM4
1
21
22
SIM5
SIM1
SIM2
SIM3
SIM4
1
21
22
SIM5
SIM1
SIM2
SIM3
SIM4
1
21
22
SIM5
SIM1
SIM2
SIM3
SIM4
1
21
22
SIM5
SIM1
SIM2
SIM3
SIM4
1
21
22
SIM5
SIM1
SIM2
SIM3
SIM4
1
21
22
SIM5
SIM1
SIM2
SIM3
SIM4
1
21
22
SIM5
SIM1
SIM2
SIM3
SIM4
1
21
22
SIM5
SIM1
SIM2
SIM3
SIM4
1
21
22
SIM5
SIM1
SIM2
SIM3
SIM4
1
21
22
SIM5
SIM1
SIM2
SIM3
SIM4
1
21
22
SIM5
SIM1
SIM2
SIM3
SIM4
1
21
22
SIM5
SIM1
SIM2
SIM3
SIM4
1
21
22
SIM5
SIM1
SIM2
SIM3
SIM4
1
21
22
SIM5
SIM1
SIM2
SIM3
SIM4
1
21
22
SIM5
SIM1
SIM2
SIM3
SIM4
1
21
22
SIM5
SIM1
SIM2
SIM3
SIM4
1
21
22
SIM5
SIM1
SIM2
SIM3
SIM4
1
21
22
SIM5
SIM1
SIM2
DEBUG 1 990
SIM1
SIM2
SIM3
SIM4
1
21
22
SIM5
SIM1
SIM2
SIM3
SIM4
1
21
22
SIM5
SIM1
SIM2
SIM3
SIM4
1
21
22
SIM5
SIM1
SIM2
SIM3
SIM4
1
21
22
SIM5
SIM1
SIM2
SIM3
SIM4
1
21
22
SIM5
SIM1
SIM2
SIM3
SIM4
1
21
22
SIM5
SIM1
SIM2
SIM3
SIM4
1
21
22
SIM5
SIM1
SIM2
SIM3
SIM4
1
21
22
SIM5
SIM1
SIM2
SIM3
SIM4
1
21
22
SIM5
SIM1
SIM2
SIM3
SIM4
1
21
22
SIM5
SIM1
SIM2
SIM3
SIM4
1
21
22
SIM5
SIM1
SIM2
SIM3
SIM4
1
21
22
SIM5
SIM1
SIM2
SIM3
SIM4
1
21
22
SIM5
SIM1
SIM2
SIM3
SIM4
1
21
22
SIM5
SIM1
SIM2
SIM3
SIM4
1
21
22
SIM5
SIM1
SIM2
SIM3
SIM4
1
21
22
SIM5
SIM1
SIM2
SIM3
SIM4
1
21
22
SIM5
SIM1
SIM2
SIM3
SIM4
1
21
22
SIM5
SIM1
SIM2
SIM3
SIM4
1
21
22
SIM5
SIM1
SIM2
SIM3
SIM4
1
21
22
SIM5
SIM1
SIM2
SIM3
SIM4
1
21
22
SIM5
SIM1
SIM2
SIM3
SIM4
1
21
22
SIM5
SIM1
SIM2
SIM3
SIM4
1
21
22
SIM5
SIM1
SIM2
SIM3
SIM4
1
21
22
SIM5
SIM1
SIM2
SIM3
SIM4
1
21
22
SIM5
SIM1
SIM2
SIM3
SIM4
1
21
22
SIM5
SIM1
SIM2
SIM3
SIM4
1
21
22
SIM5
SIM1
SIM2
SIM3
SIM4
1
21
22
SIM5
SIM1
SIM2
SIM3
SIM4
1
21
22
SIM5
SIM1
SIM2
SIM3
SIM4
1
21
22
SIM5
SIM1
SIM2
SIM3
SIM4
1
21
22
SIM5
SIM1
SIM2
SIM3
SIM4
1
21
22
SIM5
SIM1
SIM2
SIM3
SIM4
1
21
22
SIM5
SIM1
SIM2
SIM3
SIM4
1
21
22
SIM5
SIM1
SIM2
SIM3
SIM4
1
21
22
SIM5
SIM1
SIM2
SIM3
SIM4
1
21
22
SIM5
SIM1
SIM2
SIM3
SIM4
1
21
22
SIM5
SIM1
SIM2
SIM3
SIM4
1
21
22
SIM5
SIM1
SIM2
SIM3
SIM4
1
21
22
SIM5
SIM1
SIM2
SIM3
SIM4
1
21
22
SIM5
SIM1
SIM2
SIM3
SIM4
1
21
22
SIM5
SIM1
SIM2
SIM3
SIM4
1
21
22
SIM5
SIM1
SIM2
SIM3
SIM4
1
21
22
SIM5
SIM1
SIM2
SIM3
SIM4
1
21
22
SIM5
SIM1
SIM2
SIM3
SIM4
1
21
22
SIM5
SIM1
SIM2
SIM3
SIM4
1
21
22
SIM5
SIM1
SIM2
SIM3
SIM4
1
21
22
SIM5
SIM1
SIM2
SIM3
SIM4
1
21
22
SIM5
SIM1
SIM2
SIM3
SIM4
1
21
22
SIM5
SIM1
SIM2
SIM3
SIM4
1
21
22
SIM5
SIM1
SIM2
SIM3
SIM4
1
21
22
SIM5
SIM1
SIM2
SIM3
SIM4
1
21
22
SIM5
SIM1
SIM2
SIM3
SIM4
1
21
22
SIM5
SIM1
SIM2
SIM3
SIM4
1
21
22
SIM5
SIM1
SIM2
SIM3
SIM4
1
21
22
SIM5
SIM1
SIM2
SIM3
SIM4
1
21
22
SIM5
SIM1
SIM2
SIM3
SIM4
1
21
22
SIM5
SIM1
SIM2
SIM3
SIM4
1
21
22
SIM5
SIM1
SIM2
SIM3
SIM4
1
21
22
SIM5
SIM1
SIM2
SIM3
SIM4
1
21
22
SIM5
SIM1
SIM2
SIM3
SIM4
1
21
22
SIM5
SIM1
SIM2
SIM3
SIM4
1
21
22
SIM5
SIM1
SIM2
SIM3
SIM4
1
21
22
SIM5
SIM1
SIM2
SIM3
SIM4
1
21
22
SIM5
SIM1
SIM2
SIM3
SIM4
1
21
22
SIM5
SIM1
SIM2
SIM3
SIM4
1
21
22
SIM5
SIM1
SIM2
SIM3
SIM4
1
21
22
SIM5
SIM1
SIM2
SIM3
SIM4
1
21
22
SIM5
SIM1
SIM2
SIM3
SIM4
1
21
22
SIM5
SIM1
SIM2
SIM3
SIM4
1
21
22
SIM5
SIM1
SIM2
SIM3
SIM4
1
21
22
SIM5
SIM1
SIM2
SIM3
SIM4
1
21
22
SIM5
SIM1
SIM2
SIM3
SIM4
1
21
22
SIM5
SIM1
SIM2
SIM3
SIM4
1
21
22
SIM5
SIM1
SIM2
SIM3
SIM4
1
21
22
SIM5
SIM1
SIM2
SIM3
SIM4
1
21
22
SIM5
SIM1
SIM2
SIM3
SIM4
1
21
22
SIM5
SIM1
SIM2
SIM3
SIM4
1
21
22
SIM5
SIM1
SIM2
SIM3
SIM4
1
21
22
SIM5
SIM1
SIM2
SIM3
SIM4
1
21
22
SIM5
SIM1
SIM2
SIM3
SIM4
1
21
22
SIM5
SIM1
SIM2
SIM3
SIM4
1
21
22
SIM5
SIM1
SIM2
SIM3
SIM4
1
21
22
SIM5
SIM1
SIM2
SIM3
SIM4
1
21
22
SIM5
SIM1
SIM2
SIM3
SIM4
1
21
22
SIM5
SIM1
SIM2
SIM3
SIM4
1
21
22
SIM5
SIM1
SIM2
SIM3
SIM4
1
21
22
SIM5
SIM1
SIM2
SIM3
SIM4
1
21
22
SIM5
SIM1
SIM2
SIM3
SIM4
1
21
22
SIM5
SIM1
SIM2
SIM3
SIM4
1
21
22
SIM5
SIM1
SIM2
SIM3
SIM4
1
21
22
SIM5
SIM1
SIM2
SIM3
SIM4
1
21
22
SIM5
SIM1
SIM2
SIM3
SIM4
1
21
22
SIM5
SIM1
SIM2
SIM3
SIM4
1
21
22
SIM5
SIM1
SIM2
SIM3
SIM4
1
21
22
SIM5
SIM1
SIM2
SIM3
SIM4
1
21
22
SIM5
SIM1
SIM2
SIM3
SIM4
1
21
22
SIM5
SIM1
SIM2
SIM3
SIM4
1
21
22
SIM5
SIM1
SIM2
SIM3
SIM4
1
21
22
SIM5
SIM1
SIM2
SIM3
SIM4
1
21
22
SIM5
SIM1
SIM2
SIM3
SIM4
1
21
22
SIM5
SIM1
SIM2
SIM3
SIM4
1
21
22
SIM5
SIM1
SIM2
SIM3
SIM4
1
21
22
SIM5
SIM1
SIM2
SIM3
SIM4
1
21
22
SIM5
SIM1
SIM2
SIM3
SIM4
1
21
22
SIM5
SIM1
SIM2
SIM3
SIM4
1
21
22
SIM5
SIM1
SIM2
SIM3
SIM4
1
21
22
SIM5
SIM1
SIM2
SIM3
SIM4
1
21
22
SIM5
SIM1
SIM2
SIM3
SIM4
1
21
22
SIM5
SIM1
SIM2
SIM3
SIM4
1
21
22
SIM5
SIM1
SIM2
SIM3
SIM4
1
21
22
SIM5
SIM1
SIM2
SIM3
SIM4
1
21
22
SIM5
SIM1
SIM2
SIM3
SIM4
1
21
22
SIM5
SIM1
SIM2
SIM3
SIM4
1
21
22
SIM5
SIM1
SIM2
SIM3
SIM4
1
21
22
SIM5
SIM1
SIM2
SIM3
SIM4
1
21
22
SIM5
SIM1
SIM2
SIM3
SIM4
1
21
22
SIM5
SIM1
SIM2
SIM3
SIM4
1
21
22
SIM5
SIM1
SIM2
SIM3
SIM4
1
21
22
SIM5
SIM1
SIM2
SIM3
SIM4
1
21
22
SIM5
SIM1
SIM2
SIM3
SIM4
1
21
22
SIM5
SIM1
SIM2
SIM3
SIM4
1
21
22
SIM5
SIM1
SIM2
SIM3
SIM4
1
21
22
SIM5
SIM1
SIM2
SIM3
SIM4
1
21
22
SIM5
SIM1
SIM2
SIM3
SIM4
1
21
22
SIM5
SIM1
SIM2
SIM3
SIM4
1
21
22
SIM5
SIM1
SIM2
SIM3
SIM4
1
21
22
SIM5
SIM1
SIM2
SIM3
SIM4
1
21
22
SIM5
SIM1
SIM2
SIM3
SIM4
1
21
22
SIM5
SIM1
SIM2
SIM3
SIM4
1
21
22
SIM5
SIM1
SIM2
SIM3
SIM4
1
21
22
SIM5
SIM1
SIM2
SIM3
SIM4
1
21
22
SIM5
SIM1
SIM2
SIM3
SIM4
1
21
22
SIM5
SIM1
SIM2
SIM3
SIM4
1
21
22
SIM5
SIM1
SIM2
SIM3
SIM4
1
21
22
SIM5
SIM1
SIM2
SIM3
SIM4
1
21
22
SIM5
SIM1
SIM2
SIM3
SIM4
1
21
22
SIM5
SIM1
SIM2
SIM3
SIM4
1
21
22
SIM5
SIM1
SIM2
SIM3
SIM4
1
21
22
SIM5
SIM1
SIM2
SIM3
SIM4
1
21
22
SIM5
SIM1
SIM2
SIM3
SIM4
1
21
22
SIM5
SIM1
SIM2
SIM3
SIM4
1
21
22
SIM5
SIM1
SIM2
SIM3
SIM4
1
21
22
SIM5
SIM1
SIM2
SIM3
SIM4
1
21
22
SIM5
SIM1
SIM2
SIM3
SIM4
1
21
22
SIM5
SIM1
SIM2
SIM3
SIM4
1
21
22
SIM5
SIM1
SIM2
SIM3
SIM4
1
21
22
SIM5
SIM1
SIM2
SIM3
SIM4
1
21
22
SIM5
SIM1
SIM2
SIM3
SIM4
1
21
22
SIM5
SIM1
SIM2
SIM3
SIM4
1
21
22
SIM5
SIM1
SIM2
SIM3
SIM4
1
21
22
SIM5
SIM1
SIM2
SIM3
SIM4
1
21
22
SIM5
SIM1
SIM2
SIM3
SIM4
1
21
22
SIM5
SIM1
SIM2
SIM3
SIM4
1
21
22
SIM5
SIM1
SIM2
SIM3
SIM4
1
21
22
SIM5
SIM1
SIM2
SIM3
SIM4
1
21
22
SIM5
SIM1
SIM2
SIM3
SIM4
1
21
22
SIM5
SIM1
SIM2
SIM3
SIM4
1
21
22
SIM5
SIM1
SIM2
SIM3
SIM4
1
21
22
SIM5
SIM1
SIM2
SIM3
SIM4
1
21
22
SIM5
SIM1
SIM2
DEBUG 1 991
SIM1
SIM2
SIM3
SIM4
1
21
22
SIM5
SIM1
SIM2
SIM3
SIM4
1
21
22
SIM5
SIM1
SIM2
SIM3
SIM4
1
21
22
SIM5
SIM1
SIM2
SIM3
SIM4
1
21
22
SIM5
SIM1
SIM2
SIM3
SIM4
1
21
22
SIM5
SIM1
SIM2
SIM3
SIM4
1
21
22
SIM5
SIM1
SIM2
SIM3
SIM4
1
21
22
SIM5
SIM1
SIM2
SIM3
SIM4
1
21
22
SIM5
SIM1
SIM2
SIM3
SIM4
1
21
22
SIM5
SIM1
SIM2
SIM3
SIM4
1
21
22
SIM5
SIM1
SIM2
SIM3
SIM4
1
21
22
SIM5
SIM1
SIM2
SIM3
SIM4
1
21
22
SIM5
SIM1
SIM2
SIM3
SIM4
1
21
22
SIM5
SIM1
SIM2
SIM3
SIM4
1
21
22
SIM5
SIM1
SIM2
SIM3
SIM4
1
21
22
SIM5
SIM1
SIM2
SIM3
SIM4
1
21
22
SIM5
SIM1
SIM2
SIM3
SIM4
1
21
22
SIM5
SIM1
SIM2
SIM3
SIM4
1
21
22
SIM5
SIM1
SIM2
SIM3
SIM4
1
21
22
SIM5
SIM1
SIM2
SIM3
SIM4
1
21
22
SIM5
SIM1
SIM2
SIM3
SIM4
1
21
22
SIM5
SIM1
SIM2
SIM3
SIM4
1
21
22
SIM5
SIM1
SIM2
SIM3
SIM4
1
21
22
SIM5
SIM1
SIM2
SIM3
SIM4
1
21
22
SIM5
SIM1
SIM2
SIM3
SIM4
1
21
22
SIM5
SIM1
SIM2
SIM3
SIM4
1
21
22
SIM5
SIM1
SIM2
SIM3
SIM4
1
21
22
SIM5
SIM1
SIM2
SIM3
SIM4
1
21
22
SIM5
SIM1
SIM2
SIM3
SIM4
1
21
22
SIM5
SIM1
SIM2
SIM3
SIM4
1
21
22
SIM5
SIM1
SIM2
SIM3
SIM4
1
21
22
SIM5
SIM1
SIM2
SIM3
SIM4
1
21
22
SIM5
SIM1
SIM2
SIM3
SIM4
1
21
22
SIM5
SIM1
SIM2
SIM3
SIM4
1
21
22
SIM5
SIM1
SIM2
SIM3
SIM4
1
21
22
SIM5
SIM1
SIM2
SIM3
SIM4
1
21
22
SIM5
SIM1
SIM2
SIM3
SIM4
1
21
22
SIM5
SIM1
SIM2
SIM3
SIM4
1
21
22
SIM5
SIM1
SIM2
SIM3
SIM4
1
21
22
SIM5
SIM1
SIM2
SIM3
SIM4
1
21
22
SIM5
SIM1
SIM2
SIM3
SIM4
1
21
22
SIM5
SIM1
SIM2
SIM3
SIM4
1
21
22
SIM5
SIM1
SIM2
SIM3
SIM4
1
21
22
SIM5
SIM1
SIM2
SIM3
SIM4
1
21
22
SIM5
SIM1
SIM2
SIM3
SIM4
1
21
22
SIM5
SIM1
SIM2
SIM3
SIM4
1
21
22
SIM5
SIM1
SIM2
SIM3
SIM4
1
21
22
SIM5
SIM1
SIM2
SIM3
SIM4
1
21
22
SIM5
SIM1
SIM2
SIM3
SIM4
1
21
22
SIM5
SIM1
SIM2
SIM3
SIM4
1
21
22
SIM5
SIM1
SIM2
SIM3
SIM4
1
21
22
SIM5
SIM1
SIM2
SIM3
SIM4
1
21
22
SIM5
SIM1
SIM2
SIM3
SIM4
1
21
22
SIM5
SIM1
SIM2
SIM3
SIM4
1
21
22
SIM5
SIM1
SIM2
SIM3
SIM4
1
21
22
SIM5
SIM1
SIM2
SIM3
SIM4
1
21
22
SIM5
SIM1
SIM2
SIM3
SIM4
1
21
22
SIM5
SIM1
SIM2
SIM3
SIM4
1
21
22
SIM5
SIM1
SIM2
SIM3
SIM4
1
21
22
SIM5
SIM1
SIM2
SIM3
SIM4
1
21
22
SIM5
SIM1
SIM2
SIM3
SIM4
1
21
22
SIM5
SIM1
SIM2
SIM3
SIM4
1
21
22
SIM5
SIM1
SIM2
SIM3
SIM4
1
21
22
SIM5
SIM1
SIM2
SIM3
SIM4
1
21
22
SIM5
SIM1
SIM2
SIM3
SIM4
1
21
22
SIM5
SIM1
SIM2
SIM3
SIM4
1
21
22
SIM5
SIM1
SIM2
SIM3
SIM4
1
21
22
SIM5
SIM1
SIM2
SIM3
SIM4
1
21
22
SIM5
SIM1
SIM2
SIM3
SIM4
1
21
22
SIM5
SIM1
SIM2
SIM3
SIM4
1
21
22
SIM5
SIM1
SIM2
SIM3
SIM4
1
21
22
SIM5
SIM1
SIM2
SIM3
SIM4
1
21
22
SIM5
SIM1
SIM2
SIM3
SIM4
1
21
22
SIM5
SIM1
SIM2
SIM3
SIM4
1
21
22
SIM5
SIM1
SIM2
SIM3
SIM4
1
21
22
SIM5
SIM1
SIM2
SIM3
SIM4
1
21
22
SIM5
SIM1
SIM2
SIM3
SIM4
1
21
22
SIM5
SIM1
SIM2
SIM3
SIM4
1
21
22
SIM5
SIM1
SIM2
SIM3
SIM4
1
21
22
SIM5
SIM1
SIM2
SIM3
SIM4
1
21
22
SIM5
SIM1
SIM2
SIM3
SIM4
1
21
22
SIM5
SIM1
SIM2
SIM3
SIM4
1
21
22
SIM5
SIM1
SIM2
SIM3
SIM4
1
21
22
SIM5
SIM1
SIM2
SIM3
SIM4
1
21
22
SIM5
SIM1
SIM2
SIM3
SIM4
1
21
22
SIM5
SIM1
SIM2
SIM3
SIM4
1
21
22
SIM5
SIM1
SIM2
SIM3
SIM4
1
21
22
SIM5
SIM1
SIM2
SIM3
SIM4
1
21
22
SIM5
SIM1
SIM2
SIM3
SIM4
1
21
22
SIM5
SIM1
SIM2
SIM3
SIM4
1
21
22
SIM5
SIM1
SIM2
SIM3
SIM4
1
21
22
SIM5
SIM1
SIM2
SIM3
SIM4
1
21
22
SIM5
SIM1
SIM2
SIM3
SIM4
1
21
22
SIM5
SIM1
SIM2
SIM3
SIM4
1
21
22
SIM5
SIM1
SIM2
SIM3
SIM4
1
21
22
SIM5
SIM1
SIM2
SIM3
SIM4
1
21
22
SIM5
SIM1
SIM2
SIM3
SIM4
1
21
22
SIM5
SIM1
SIM2
SIM3
SIM4
1
21
22
SIM5
SIM1
SIM2
SIM3
SIM4
1
21
22
SIM5
SIM1
SIM2
SIM3
SIM4
1
21
22
SIM5
SIM1
SIM2
SIM3
SIM4
1
21
22
SIM5
SIM1
SIM2
SIM3
SIM4
1
21
22
SIM5
SIM1
SIM2
SIM3
SIM4
1
21
22
SIM5
SIM1
SIM2
SIM3
SIM4
1
21
22
SIM5
SIM1
SIM2
SIM3
SIM4
1
21
22
SIM5
SIM1
SIM2
SIM3
SIM4
1
21
22
SIM5
SIM1
SIM2
SIM3
SIM4
1
21
22
SIM5
SIM1
SIM2
SIM3
SIM4
1
21
22
SIM5
SIM1
SIM2
SIM3
SIM4
1
21
22
SIM5
SIM1
SIM2
SIM3
SIM4
1
21
22
SIM5
SIM1
SIM2
SIM3
SIM4
1
21
22
SIM5
SIM1
SIM2
SIM3
SIM4
1
21
22
SIM5
SIM1
SIM2
SIM3
SIM4
1
21
22
SIM5
SIM1
SIM2
SIM3
SIM4
1
21
22
SIM5
SIM1
SIM2
SIM3
SIM4
1
21
22
SIM5
SIM1
SIM2
SIM3
SIM4
1
21
22
SIM5
SIM1
SIM2
SIM3
SIM4
1
21
22
SIM5
SIM1
SIM2
SIM3
SIM4
1
21
22
SIM5
SIM1
SIM2
SIM3
SIM4
1
21
22
SIM5
SIM1
SIM2
SIM3
SIM4
1
21
22
SIM5
SIM1
SIM2
SIM3
SIM4
1
21
22
SIM5
SIM1
SIM2
SIM3
SIM4
1
21
22
SIM5
SIM1
SIM2
SIM3
SIM4
1
21
22
SIM5
SIM1
SIM2
SIM3
SIM4
1
21
22
SIM5
SIM1
SIM2
SIM3
SIM4
1
21
22
SIM5
SIM1
SIM2
SIM3
SIM4
1
21
22
SIM5
SIM1
SIM2
SIM3
SIM4
1
21
22
SIM5
SIM1
SIM2
SIM3
SIM4
1
21
22
SIM5
SIM1
SIM2
SIM3
SIM4
1
21
22
SIM5
SIM1
SIM2
SIM3
SIM4
1
21
22
SIM5
SIM1
SIM2
SIM3
SIM4
1
21
22
SIM5
SIM1
SIM2
SIM3
SIM4
1
21
22
SIM5
SIM1
SIM2
SIM3
SIM4
1
21
22
SIM5
SIM1
SIM2
SIM3
SIM4
1
21
22
SIM5
SIM1
SIM2
SIM3
SIM4
1
21
22
SIM5
SIM1
SIM2
SIM3
SIM4
1
21
22
SIM5
SIM1
SIM2
SIM3
SIM4
1
21
22
SIM5
SIM1
SIM2
SIM3
SIM4
1
21
22
SIM5
SIM1
SIM2
SIM3
SIM4
1
21
22
SIM5
SIM1
SIM2
SIM3
SIM4
1
21
22
SIM5
SIM1
SIM2
SIM3
SIM4
1
21
22
SIM5
SIM1
SIM2
SIM3
SIM4
1
21
22
SIM5
SIM1
SIM2
SIM3
SIM4
1
21
22
SIM5
SIM1
SIM2
SIM3
SIM4
1
21
22
SIM5
SIM1
SIM2
SIM3
SIM4
1
21
22
SIM5
SIM1
SIM2
SIM3
SIM4
1
21
22
SIM5
SIM1
SIM2
SIM3
SIM4
1
21
22
SIM5
SIM1
SIM2
SIM3
SIM4
1
21
22
SIM5
SIM1
SIM2
SIM3
SIM4
1
21
22
SIM5
SIM1
SIM2
SIM3
SIM4
1
21
22
SIM5
SIM1
SIM2
SIM3
SIM4
1
21
22
SIM5
SIM1
SIM2
SIM3
SIM4
1
21
22
SIM5
SIM1
SIM2
SIM3
SIM4
1
21
22
SIM5
SIM1
SIM2
SIM3
SIM4
1
21
22
SIM5
SIM1
SIM2
SIM3
SIM4
1
21
22
SIM5
SIM1
SIM2
SIM3
SIM4
1
21
22
SIM5
SIM1
SIM2
SIM3
SIM4
1
21
22
SIM5
SIM1
SIM2
SIM3
SIM4
1
21
22
SIM5
SIM1
SIM2
SIM3
SIM4
1
21
22
SIM5
SIM1
SIM2
SIM3
SIM4
1
21
22
SIM5
SIM1
SIM2
SIM3
SIM4
1
21
22
SIM5
SIM1
SIM2
SIM3
SIM4
1
21
22
SIM5
SIM1
SIM2
SIM3
SIM4
1
21
22
SIM5
SIM1
SIM2
SIM3
SIM4
1
21
22
SIM5
SIM1
SIM2
SIM3
SIM4
1
21
22
SIM5
SIM1
SIM2
SIM3
SIM4
1
21
22
SIM5
SIM1
SIM2
SIM3
SIM4
1
21
22
SIM5
SIM1
SIM2
SIM3
SIM4
1
21
22
SIM5
SIM1
SIM2
SIM3
SIM4
1
21
22
SIM5
SIM1
SIM2
SIM3
SIM4
1
21
22
SIM5
SIM1
SIM2
SIM3
SIM4
1
21
22
SIM5
SIM1
SIM2
SIM3
SIM4
1
21
22
SIM5
SIM1
SIM2
SIM3
SIM4
1
21
22
SIM5
SIM1
SIM2
SIM3
SIM4
1
21
22
SIM5
SIM1
SIM2
SIM3
SIM4
1
21
22
SIM5
SIM1
SIM2
SIM3
SIM4
1
21
22
SIM5
SIM1
SIM2
SIM3
SIM4
1
21
22
SIM5
SIM1
SIM2
SIM3
SIM4
1
21
22
SIM5
SIM1
SIM2
SIM3
SIM4
1
21
22
SIM5
SIM1
SIM2
SIM3
SIM4
1
21
22
SIM5
SIM1
SIM2
SIM3
SIM4
1
21
22
SIM5
SIM1
SIM2
SIM3
SIM4
1
21
22
SIM5
SIM1
SIM2
SIM3
SIM4
1
21
22
SIM5
SIM1
SIM2
SIM3
SIM4
1
21
22
SIM5
SIM1
SIM2
SIM3
SIM4
1
21
22
SIM5
SIM1
SIM2
SIM3
SIM4
1
21
22
SIM5
SIM1
SIM2
SIM3
SIM4
1
21
22
SIM5
SIM1
SIM2
SIM3
SIM4
1
21
22
SIM5
SIM1
SIM2
SIM3
SIM4
1
21
22
SIM5
SIM1
SIM2
SIM3
SIM4
1
21
22
SIM5
SIM1
SIM2
DEBUG 1 992
SIM1
SIM2
SIM3
SIM4
1
21
22
SIM5
SIM1
SIM2
SIM3
SIM4
1
21
22
SIM5
SIM1
SIM2
SIM3
SIM4
1
21
22
SIM5
SIM1
SIM2
SIM3
SIM4
1
21
22
SIM5
SIM1
SIM2
SIM3
SIM4
1
21
22
SIM5
SIM1
SIM2
SIM3
SIM4
1
21
22
SIM5
SIM1
SIM2
SIM3
SIM4
1
21
22
SIM5
SIM1
SIM2
SIM3
SIM4
1
21
22
SIM5
SIM1
SIM2
SIM3
SIM4
1
21
22
SIM5
SIM1
SIM2
SIM3
SIM4
1
21
22
SIM5
SIM1
SIM2
SIM3
SIM4
1
21
22
SIM5
SIM1
SIM2
SIM3
SIM4
1
21
22
SIM5
SIM1
SIM2
SIM3
SIM4
1
21
22
SIM5
SIM1
SIM2
SIM3
SIM4
1
21
22
SIM5
SIM1
SIM2
SIM3
SIM4
1
21
22
SIM5
SIM1
SIM2
SIM3
SIM4
1
21
22
SIM5
SIM1
SIM2
SIM3
SIM4
1
21
22
SIM5
SIM1
SIM2
SIM3
SIM4
1
21
22
SIM5
SIM1
SIM2
SIM3
SIM4
1
21
22
SIM5
SIM1
SIM2
SIM3
SIM4
1
21
22
SIM5
SIM1
SIM2
SIM3
SIM4
1
21
22
SIM5
SIM1
SIM2
SIM3
SIM4
1
21
22
SIM5
SIM1
SIM2
SIM3
SIM4
1
21
22
SIM5
SIM1
SIM2
SIM3
SIM4
1
21
22
SIM5
SIM1
SIM2
SIM3
SIM4
1
21
22
SIM5
SIM1
SIM2
SIM3
SIM4
1
21
22
SIM5
SIM1
SIM2
SIM3
SIM4
1
21
22
SIM5
SIM1
SIM2
SIM3
SIM4
1
21
22
SIM5
SIM1
SIM2
SIM3
SIM4
1
21
22
SIM5
SIM1
SIM2
SIM3
SIM4
1
21
22
SIM5
SIM1
SIM2
SIM3
SIM4
1
21
22
SIM5
SIM1
SIM2
SIM3
SIM4
1
21
22
SIM5
SIM1
SIM2
SIM3
SIM4
1
21
22
SIM5
SIM1
SIM2
SIM3
SIM4
1
21
22
SIM5
SIM1
SIM2
SIM3
SIM4
1
21
22
SIM5
SIM1
SIM2
SIM3
SIM4
1
21
22
SIM5
SIM1
SIM2
SIM3
SIM4
1
21
22
SIM5
SIM1
SIM2
SIM3
SIM4
1
21
22
SIM5
SIM1
SIM2
SIM3
SIM4
1
21
22
SIM5
SIM1
SIM2
SIM3
SIM4
1
21
22
SIM5
SIM1
SIM2
SIM3
SIM4
1
21
22
SIM5
SIM1
SIM2
SIM3
SIM4
1
21
22
SIM5
SIM1
SIM2
SIM3
SIM4
1
21
22
SIM5
SIM1
SIM2
SIM3
SIM4
1
21
22
SIM5
SIM1
SIM2
SIM3
SIM4
1
21
22
SIM5
SIM1
SIM2
SIM3
SIM4
1
21
22
SIM5
SIM1
SIM2
SIM3
SIM4
1
21
22
SIM5
SIM1
SIM2
SIM3
SIM4
1
21
22
SIM5
SIM1
SIM2
SIM3
SIM4
1
21
22
SIM5
SIM1
SIM2
SIM3
SIM4
1
21
22
SIM5
SIM1
SIM2
SIM3
SIM4
1
21
22
SIM5
SIM1
SIM2
SIM3
SIM4
1
21
22
SIM5
SIM1
SIM2
SIM3
SIM4
1
21
22
SIM5
SIM1
SIM2
SIM3
SIM4
1
21
22
SIM5
SIM1
SIM2
SIM3
SIM4
1
21
22
SIM5
SIM1
SIM2
SIM3
SIM4
1
21
22
SIM5
SIM1
SIM2
SIM3
SIM4
1
21
22
SIM5
SIM1
SIM2
SIM3
SIM4
1
21
22
SIM5
SIM1
SIM2
SIM3
SIM4
1
21
22
SIM5
SIM1
SIM2
SIM3
SIM4
1
21
22
SIM5
SIM1
SIM2
SIM3
SIM4
1
21
22
SIM5
SIM1
SIM2
SIM3
SIM4
1
21
22
SIM5
SIM1
SIM2
SIM3
SIM4
1
21
22
SIM5
SIM1
SIM2
SIM3
SIM4
1
21
22
SIM5
SIM1
SIM2
SIM3
SIM4
1
21
22
SIM5
SIM1
SIM2
SIM3
SIM4
1
21
22
SIM5
SIM1
SIM2
SIM3
SIM4
1
21
22
SIM5
SIM1
SIM2
SIM3
SIM4
1
21
22
SIM5
SIM1
SIM2
SIM3
SIM4
1
21
22
SIM5
SIM1
SIM2
SIM3
SIM4
1
21
22
SIM5
SIM1
SIM2
SIM3
SIM4
1
21
22
SIM5
SIM1
SIM2
SIM3
SIM4
1
21
22
SIM5
SIM1
SIM2
SIM3
SIM4
1
21
22
SIM5
SIM1
SIM2
SIM3
SIM4
1
21
22
SIM5
SIM1
SIM2
SIM3
SIM4
1
21
22
SIM5
SIM1
SIM2
SIM3
SIM4
1
21
22
SIM5
SIM1
SIM2
SIM3
SIM4
1
21
22
SIM5
SIM1
SIM2
SIM3
SIM4
1
21
22
SIM5
SIM1
SIM2
SIM3
SIM4
1
21
22
SIM5
SIM1
SIM2
SIM3
SIM4
1
21
22
SIM5
SIM1
SIM2
SIM3
SIM4
1
21
22
SIM5
SIM1
SIM2
SIM3
SIM4
1
21
22
SIM5
SIM1
SIM2
SIM3
SIM4
1
21
22
SIM5
SIM1
SIM2
SIM3
SIM4
1
21
22
SIM5
SIM1
SIM2
SIM3
SIM4
1
21
22
SIM5
SIM1
SIM2
SIM3
SIM4
1
21
22
SIM5
SIM1
SIM2
SIM3
SIM4
1
21
22
SIM5
SIM1
SIM2
SIM3
SIM4
1
21
22
SIM5
SIM1
SIM2
SIM3
SIM4
1
21
22
SIM5
SIM1
SIM2
SIM3
SIM4
1
21
22
SIM5
SIM1
SIM2
SIM3
SIM4
1
21
22
SIM5
SIM1
SIM2
SIM3
SIM4
1
21
22
SIM5
SIM1
SIM2
SIM3
SIM4
1
21
22
SIM5
SIM1
SIM2
SIM3
SIM4
1
21
22
SIM5
SIM1
SIM2
SIM3
SIM4
1
21
22
SIM5
SIM1
SIM2
SIM3
SIM4
1
21
22
SIM5
SIM1
SIM2
SIM3
SIM4
1
21
22
SIM5
SIM1
SIM2
SIM3
SIM4
1
21
22
SIM5
SIM1
SIM2
SIM3
SIM4
1
21
22
SIM5
SIM1
SIM2
SIM3
SIM4
1
21
22
SIM5
SIM1
SIM2
SIM3
SIM4
1
21
22
SIM5
SIM1
SIM2
SIM3
SIM4
1
21
22
SIM5
SIM1
SIM2
SIM3
SIM4
1
21
22
SIM5
SIM1
SIM2
SIM3
SIM4
1
21
22
SIM5
SIM1
SIM2
SIM3
SIM4
1
21
22
SIM5
SIM1
SIM2
SIM3
SIM4
1
21
22
SIM5
SIM1
SIM2
SIM3
SIM4
1
21
22
SIM5
SIM1
SIM2
SIM3
SIM4
1
21
22
SIM5
SIM1
SIM2
SIM3
SIM4
1
21
22
SIM5
SIM1
SIM2
SIM3
SIM4
1
21
22
SIM5
SIM1
SIM2
SIM3
SIM4
1
21
22
SIM5
SIM1
SIM2
SIM3
SIM4
1
21
22
SIM5
SIM1
SIM2
SIM3
SIM4
1
21
22
SIM5
SIM1
SIM2
SIM3
SIM4
1
21
22
SIM5
SIM1
SIM2
SIM3
SIM4
1
21
22
SIM5
SIM1
SIM2
SIM3
SIM4
1
21
22
SIM5
SIM1
SIM2
SIM3
SIM4
1
21
22
SIM5
SIM1
SIM2
SIM3
SIM4
1
21
22
SIM5
SIM1
SIM2
SIM3
SIM4
1
21
22
SIM5
SIM1
SIM2
SIM3
SIM4
1
21
22
SIM5
SIM1
SIM2
SIM3
SIM4
1
21
22
SIM5
SIM1
SIM2
SIM3
SIM4
1
21
22
SIM5
SIM1
SIM2
SIM3
SIM4
1
21
22
SIM5
SIM1
SIM2
SIM3
SIM4
1
21
22
SIM5
SIM1
SIM2
SIM3
SIM4
1
21
22
SIM5
SIM1
SIM2
SIM3
SIM4
1
21
22
SIM5
SIM1
SIM2
SIM3
SIM4
1
21
22
SIM5
SIM1
SIM2
SIM3
SIM4
1
21
22
SIM5
SIM1
SIM2
SIM3
SIM4
1
21
22
SIM5
SIM1
SIM2
SIM3
SIM4
1
21
22
SIM5
SIM1
SIM2
SIM3
SIM4
1
21
22
SIM5
SIM1
SIM2
SIM3
SIM4
1
21
22
SIM5
SIM1
SIM2
SIM3
SIM4
1
21
22
SIM5
SIM1
SIM2
SIM3
SIM4
1
21
22
SIM5
SIM1
SIM2
SIM3
SIM4
1
21
22
SIM5
SIM1
SIM2
SIM3
SIM4
1
21
22
SIM5
SIM1
SIM2
SIM3
SIM4
1
21
22
SIM5
SIM1
SIM2
SIM3
SIM4
1
21
22
SIM5
SIM1
SIM2
SIM3
SIM4
1
21
22
SIM5
SIM1
SIM2
SIM3
SIM4
1
21
22
SIM5
SIM1
SIM2
SIM3
SIM4
1
21
22
SIM5
SIM1
SIM2
SIM3
SIM4
1
21
22
SIM5
SIM1
SIM2
SIM3
SIM4
1
21
22
SIM5
SIM1
SIM2
SIM3
SIM4
1
21
22
SIM5
SIM1
SIM2
SIM3
SIM4
1
21
22
SIM5
SIM1
SIM2
SIM3
SIM4
1
21
22
SIM5
SIM1
SIM2
SIM3
SIM4
1
21
22
SIM5
SIM1
SIM2
SIM3
SIM4
1
21
22
SIM5
SIM1
SIM2
SIM3
SIM4
1
21
22
SIM5
SIM1
SIM2
SIM3
SIM4
1
21
22
SIM5
SIM1
SIM2
SIM3
SIM4
1
21
22
SIM5
SIM1
SIM2
SIM3
SIM4
1
21
22
SIM5
SIM1
SIM2
SIM3
SIM4
1
21
22
SIM5
SIM1
SIM2
SIM3
SIM4
1
21
22
SIM5
SIM1
SIM2
SIM3
SIM4
1
21
22
SIM5
SIM1
SIM2
SIM3
SIM4
1
21
22
SIM5
SIM1
SIM2
SIM3
SIM4
1
21
22
SIM5
SIM1
SIM2
SIM3
SIM4
1
21
22
SIM5
SIM1
SIM2
SIM3
SIM4
1
21
22
SIM5
SIM1
SIM2
SIM3
SIM4
1
21
22
SIM5
SIM1
SIM2
SIM3
SIM4
1
21
22
SIM5
SIM1
SIM2
SIM3
SIM4
1
21
22
SIM5
SIM1
SIM2
SIM3
SIM4
1
21
22
SIM5
SIM1
SIM2
SIM3
SIM4
1
21
22
SIM5
SIM1
SIM2
SIM3
SIM4
1
21
22
SIM5
SIM1
SIM2
SIM3
SIM4
1
21
22
SIM5
SIM1
SIM2
SIM3
SIM4
1
21
22
SIM5
SIM1
SIM2
SIM3
SIM4
1
21
22
SIM5
SIM1
SIM2
SIM3
SIM4
1
21
22
SIM5
SIM1
SIM2
SIM3
SIM4
1
21
22
SIM5
SIM1
SIM2
SIM3
SIM4
1
21
22
SIM5
SIM1
SIM2
SIM3
SIM4
1
21
22
SIM5
SIM1
SIM2
SIM3
SIM4
1
21
22
SIM5
SIM1
SIM2
SIM3
SIM4
1
21
22
SIM5
SIM1
SIM2
SIM3
SIM4
1
21
22
SIM5
SIM1
SIM2
SIM3
SIM4
1
21
22
SIM5
SIM1
SIM2
SIM3
SIM4
1
21
22
SIM5
SIM1
SIM2
SIM3
SIM4
1
21
22
SIM5
SIM1
SIM2
SIM3
SIM4
1
21
22
SIM5
SIM1
SIM2
SIM3
SIM4
1
21
22
SIM5
SIM1
SIM2
SIM3
SIM4
1
21
22
SIM5
SIM1
SIM2
SIM3
SIM4
1
21
22
SIM5
SIM1
SIM2
SIM3
SIM4
1
21
22
SIM5
SIM1
SIM2
SIM3
SIM4
1
21
22
SIM5
SIM1
SIM2
SIM3
SIM4
1
21
22
SIM5
SIM1
SIM2
SIM3
SIM4
1
21
22
SIM5
SIM1
SIM2
SIM3
SIM4
1
21
22
SIM5
SIM1
SIM2
SIM3
SIM4
1
21
22
SIM5
SIM1
SIM2
SIM3
SIM4
1
21
22
SIM5
SIM1
SIM2
SIM3
SIM4
1
21
22
SIM5
SIM1
SIM2
SIM3
SIM4
1
21
22
SIM5
SIM1
SIM2
SIM3
SIM4
1
21
22
SIM5
SIM1
SIM2
SIM3
SIM4
1
21
22
SIM5
SIM1
SIM2
SIM3
SIM4
1
21
22
SIM5
SIM1
SIM2
SIM3
SIM4
1
21
22
SIM5
SIM1
SIM2
SIM3
SIM4
1
21
22
SIM5
SIM1
SIM2
SIM3
SIM4
1
21
22
SIM5
SIM1
SIM2
SIM3
SIM4
1
21
22
SIM5
SIM1
SIM2
SIM3
SIM4
1
21
22
SIM5
SIM1
SIM2
SIM3
SIM4
1
21
22
SIM5
SIM1
SIM2
SIM3
SIM4
1
21
22
SIM5
SIM1
SIM2
SIM3
SIM4
1
21
22
SIM5
SIM1
SIM2
SIM3
SIM4
1
21
22
SIM5
SIM1
SIM2
SIM3
SIM4
1
21
22
SIM5
SIM1
SIM2
SIM3
SIM4
1
21
22
SIM5
SIM1
SIM2
DEBUG 1 993
SIM1
SIM2
SIM3
SIM4
1
21
22
SIM5
SIM1
SIM2
SIM3
SIM4
1
21
22
SIM5
SIM1
SIM2
SIM3
SIM4
1
21
22
SIM5
SIM1
SIM2
SIM3
SIM4
1
21
22
SIM5
SIM1
SIM2
SIM3
SIM4
1
21
22
SIM5
SIM1
SIM2
SIM3
SIM4
1
21
22
SIM5
SIM1
SIM2
SIM3
SIM4
1
21
22
SIM5
SIM1
SIM2
SIM3
SIM4
1
21
22
SIM5
SIM1
SIM2
SIM3
SIM4
1
21
22
SIM5
SIM1
SIM2
SIM3
SIM4
1
21
22
SIM5
SIM1
SIM2
SIM3
SIM4
1
21
22
SIM5
SIM1
SIM2
SIM3
SIM4
1
21
22
SIM5
SIM1
SIM2
SIM3
SIM4
1
21
22
SIM5
SIM1
SIM2
SIM3
SIM4
1
21
22
SIM5
SIM1
SIM2
SIM3
SIM4
1
21
22
SIM5
SIM1
SIM2
SIM3
SIM4
1
21
22
SIM5
SIM1
SIM2
SIM3
SIM4
1
21
22
SIM5
SIM1
SIM2
SIM3
SIM4
1
21
22
SIM5
SIM1
SIM2
SIM3
SIM4
1
21
22
SIM5
SIM1
SIM2
SIM3
SIM4
1
21
22
SIM5
SIM1
SIM2
SIM3
SIM4
1
21
22
SIM5
SIM1
SIM2
SIM3
SIM4
1
21
22
SIM5
SIM1
SIM2
SIM3
SIM4
1
21
22
SIM5
SIM1
SIM2
SIM3
SIM4
1
21
22
SIM5
SIM1
SIM2
SIM3
SIM4
1
21
22
SIM5
SIM1
SIM2
SIM3
SIM4
1
21
22
SIM5
SIM1
SIM2
SIM3
SIM4
1
21
22
SIM5
SIM1
SIM2
SIM3
SIM4
1
21
22
SIM5
SIM1
SIM2
SIM3
SIM4
1
21
22
SIM5
SIM1
SIM2
SIM3
SIM4
1
21
22
SIM5
SIM1
SIM2
SIM3
SIM4
1
21
22
SIM5
SIM1
SIM2
SIM3
SIM4
1
21
22
SIM5
SIM1
SIM2
SIM3
SIM4
1
21
22
SIM5
SIM1
SIM2
SIM3
SIM4
1
21
22
SIM5
SIM1
SIM2
SIM3
SIM4
1
21
22
SIM5
SIM1
SIM2
SIM3
SIM4
1
21
22
SIM5
SIM1
SIM2
SIM3
SIM4
1
21
22
SIM5
SIM1
SIM2
SIM3
SIM4
1
21
22
SIM5
SIM1
SIM2
SIM3
SIM4
1
21
22
SIM5
SIM1
SIM2
SIM3
SIM4
1
21
22
SIM5
SIM1
SIM2
SIM3
SIM4
1
21
22
SIM5
SIM1
SIM2
SIM3
SIM4
1
21
22
SIM5
SIM1
SIM2
SIM3
SIM4
1
21
22
SIM5
SIM1
SIM2
SIM3
SIM4
1
21
22
SIM5
SIM1
SIM2
SIM3
SIM4
1
21
22
SIM5
SIM1
SIM2
SIM3
SIM4
1
21
22
SIM5
SIM1
SIM2
SIM3
SIM4
1
21
22
SIM5
SIM1
SIM2
SIM3
SIM4
1
21
22
SIM5
SIM1
SIM2
SIM3
SIM4
1
21
22
SIM5
SIM1
SIM2
SIM3
SIM4
1
21
22
SIM5
SIM1
SIM2
SIM3
SIM4
1
21
22
SIM5
SIM1
SIM2
SIM3
SIM4
1
21
22
SIM5
SIM1
SIM2
SIM3
SIM4
1
21
22
SIM5
SIM1
SIM2
SIM3
SIM4
1
21
22
SIM5
SIM1
SIM2
SIM3
SIM4
1
21
22
SIM5
SIM1
SIM2
SIM3
SIM4
1
21
22
SIM5
SIM1
SIM2
SIM3
SIM4
1
21
22
SIM5
SIM1
SIM2
SIM3
SIM4
1
21
22
SIM5
SIM1
SIM2
SIM3
SIM4
1
21
22
SIM5
SIM1
SIM2
SIM3
SIM4
1
21
22
SIM5
SIM1
SIM2
SIM3
SIM4
1
21
22
SIM5
SIM1
SIM2
SIM3
SIM4
1
21
22
SIM5
SIM1
SIM2
SIM3
SIM4
1
21
22
SIM5
SIM1
SIM2
SIM3
SIM4
1
21
22
SIM5
SIM1
SIM2
SIM3
SIM4
1
21
22
SIM5
SIM1
SIM2
SIM3
SIM4
1
21
22
SIM5
SIM1
SIM2
SIM3
SIM4
1
21
22
SIM5
SIM1
SIM2
SIM3
SIM4
1
21
22
SIM5
SIM1
SIM2
SIM3
SIM4
1
21
22
SIM5
SIM1
SIM2
SIM3
SIM4
1
21
22
SIM5
SIM1
SIM2
SIM3
SIM4
1
21
22
SIM5
SIM1
SIM2
SIM3
SIM4
1
21
22
SIM5
SIM1
SIM2
SIM3
SIM4
1
21
22
SIM5
SIM1
SIM2
SIM3
SIM4
1
21
22
SIM5
SIM1
SIM2
SIM3
SIM4
1
21
22
SIM5
SIM1
SIM2
SIM3
SIM4
1
21
22
SIM5
SIM1
SIM2
SIM3
SIM4
1
21
22
SIM5
SIM1
SIM2
SIM3
SIM4
1
21
22
SIM5
SIM1
SIM2
SIM3
SIM4
1
21
22
SIM5
SIM1
SIM2
SIM3
SIM4
1
21
22
SIM5
SIM1
SIM2
SIM3
SIM4
1
21
22
SIM5
SIM1
SIM2
SIM3
SIM4
1
21
22
SIM5
SIM1
SIM2
SIM3
SIM4
1
21
22
SIM5
SIM1
SIM2
SIM3
SIM4
1
21
22
SIM5
SIM1
SIM2
SIM3
SIM4
1
21
22
SIM5
SIM1
SIM2
SIM3
SIM4
1
21
22
SIM5
SIM1
SIM2
SIM3
SIM4
1
21
22
SIM5
SIM1
SIM2
SIM3
SIM4
1
21
22
SIM5
SIM1
SIM2
SIM3
SIM4
1
21
22
SIM5
SIM1
SIM2
SIM3
SIM4
1
21
22
SIM5
SIM1
SIM2
SIM3
SIM4
1
21
22
SIM5
SIM1
SIM2
SIM3
SIM4
1
21
22
SIM5
SIM1
SIM2
SIM3
SIM4
1
21
22
SIM5
SIM1
SIM2
SIM3
SIM4
1
21
22
SIM5
SIM1
SIM2
SIM3
SIM4
1
21
22
SIM5
SIM1
SIM2
SIM3
SIM4
1
21
22
SIM5
SIM1
SIM2
SIM3
SIM4
1
21
22
SIM5
SIM1
SIM2
SIM3
SIM4
1
21
22
SIM5
SIM1
SIM2
SIM3
SIM4
1
21
22
SIM5
SIM1
SIM2
SIM3
SIM4
1
21
22
SIM5
SIM1
SIM2
SIM3
SIM4
1
21
22
SIM5
SIM1
SIM2
SIM3
SIM4
1
21
22
SIM5
SIM1
SIM2
SIM3
SIM4
1
21
22
SIM5
SIM1
SIM2
SIM3
SIM4
1
21
22
SIM5
SIM1
SIM2
SIM3
SIM4
1
21
22
SIM5
SIM1
SIM2
SIM3
SIM4
1
21
22
SIM5
SIM1
SIM2
SIM3
SIM4
1
21
22
SIM5
SIM1
SIM2
SIM3
SIM4
1
21
22
SIM5
SIM1
SIM2
SIM3
SIM4
1
21
22
SIM5
SIM1
SIM2
SIM3
SIM4
1
21
22
SIM5
SIM1
SIM2
SIM3
SIM4
1
21
22
SIM5
SIM1
SIM2
SIM3
SIM4
1
21
22
SIM5
SIM1
SIM2
SIM3
SIM4
1
21
22
SIM5
SIM1
SIM2
SIM3
SIM4
1
21
22
SIM5
SIM1
SIM2
SIM3
SIM4
1
21
22
SIM5
SIM1
SIM2
SIM3
SIM4
1
21
22
SIM5
SIM1
SIM2
SIM3
SIM4
1
21
22
SIM5
SIM1
SIM2
SIM3
SIM4
1
21
22
SIM5
SIM1
SIM2
SIM3
SIM4
1
21
22
SIM5
SIM1
SIM2
SIM3
SIM4
1
21
22
SIM5
SIM1
SIM2
SIM3
SIM4
1
21
22
SIM5
SIM1
SIM2
SIM3
SIM4
1
21
22
SIM5
SIM1
SIM2
SIM3
SIM4
1
21
22
SIM5
SIM1
SIM2
SIM3
SIM4
1
21
22
SIM5
SIM1
SIM2
SIM3
SIM4
1
21
22
SIM5
SIM1
SIM2
SIM3
SIM4
1
21
22
SIM5
SIM1
SIM2
SIM3
SIM4
1
21
22
SIM5
SIM1
SIM2
SIM3
SIM4
1
21
22
SIM5
SIM1
SIM2
SIM3
SIM4
1
21
22
SIM5
SIM1
SIM2
SIM3
SIM4
1
21
22
SIM5
SIM1
SIM2
SIM3
SIM4
1
21
22
SIM5
SIM1
SIM2
SIM3
SIM4
1
21
22
SIM5
SIM1
SIM2
SIM3
SIM4
1
21
22
SIM5
SIM1
SIM2
SIM3
SIM4
1
21
22
SIM5
SIM1
SIM2
SIM3
SIM4
1
21
22
SIM5
SIM1
SIM2
SIM3
SIM4
1
21
22
SIM5
SIM1
SIM2
SIM3
SIM4
1
21
22
SIM5
SIM1
SIM2
SIM3
SIM4
1
21
22
SIM5
SIM1
SIM2
SIM3
SIM4
1
21
22
SIM5
SIM1
SIM2
SIM3
SIM4
1
21
22
SIM5
SIM1
SIM2
SIM3
SIM4
1
21
22
SIM5
SIM1
SIM2
SIM3
SIM4
1
21
22
SIM5
SIM1
SIM2
SIM3
SIM4
1
21
22
SIM5
SIM1
SIM2
SIM3
SIM4
1
21
22
SIM5
SIM1
SIM2
SIM3
SIM4
1
21
22
SIM5
SIM1
SIM2
SIM3
SIM4
1
21
22
SIM5
SIM1
SIM2
SIM3
SIM4
1
21
22
SIM5
SIM1
SIM2
SIM3
SIM4
1
21
22
SIM5
SIM1
SIM2
SIM3
SIM4
1
21
22
SIM5
SIM1
SIM2
SIM3
SIM4
1
21
22
SIM5
SIM1
SIM2
SIM3
SIM4
1
21
22
SIM5
SIM1
SIM2
SIM3
SIM4
1
21
22
SIM5
SIM1
SIM2
SIM3
SIM4
1
21
22
SIM5
SIM1
SIM2
SIM3
SIM4
1
21
22
SIM5
SIM1
SIM2
SIM3
SIM4
1
21
22
SIM5
SIM1
SIM2
SIM3
SIM4
1
21
22
SIM5
SIM1
SIM2
SIM3
SIM4
1
21
22
SIM5
SIM1
SIM2
SIM3
SIM4
1
21
22
SIM5
SIM1
SIM2
SIM3
SIM4
1
21
22
SIM5
SIM1
SIM2
SIM3
SIM4
1
21
22
SIM5
SIM1
SIM2
SIM3
SIM4
1
21
22
SIM5
SIM1
SIM2
SIM3
SIM4
1
21
22
SIM5
SIM1
SIM2
SIM3
SIM4
1
21
22
SIM5
SIM1
SIM2
SIM3
SIM4
1
21
22
SIM5
SIM1
SIM2
SIM3
SIM4
1
21
22
SIM5
SIM1
SIM2
SIM3
SIM4
1
21
22
SIM5
SIM1
SIM2
SIM3
SIM4
1
21
22
SIM5
SIM1
SIM2
SIM3
SIM4
1
21
22
SIM5
SIM1
SIM2
SIM3
SIM4
1
21
22
SIM5
SIM1
SIM2
SIM3
SIM4
1
21
22
SIM5
SIM1
SIM2
SIM3
SIM4
1
21
22
SIM5
SIM1
SIM2
SIM3
SIM4
1
21
22
SIM5
SIM1
SIM2
SIM3
SIM4
1
21
22
SIM5
SIM1
SIM2
SIM3
SIM4
1
21
22
SIM5
SIM1
SIM2
SIM3
SIM4
1
21
22
SIM5
SIM1
SIM2
SIM3
SIM4
1
21
22
SIM5
SIM1
SIM2
SIM3
SIM4
1
21
22
SIM5
SIM1
SIM2
SIM3
SIM4
1
21
22
SIM5
SIM1
SIM2
SIM3
SIM4
1
21
22
SIM5
SIM1
SIM2
SIM3
SIM4
1
21
22
SIM5
SIM1
SIM2
SIM3
SIM4
1
21
22
SIM5
SIM1
SIM2
SIM3
SIM4
1
21
22
SIM5
SIM1
SIM2
SIM3
SIM4
1
21
22
SIM5
SIM1
SIM2
SIM3
SIM4
1
21
22
SIM5
SIM1
SIM2
SIM3
SIM4
1
21
22
SIM5
SIM1
SIM2
SIM3
SIM4
1
21
22
SIM5
SIM1
SIM2
SIM3
SIM4
1
21
22
SIM5
SIM1
SIM2
SIM3
SIM4
1
21
22
SIM5
SIM1
SIM2
SIM3
SIM4
1
21
22
SIM5
SIM1
SIM2
SIM3
SIM4
1
21
22
SIM5
SIM1
SIM2
SIM3
SIM4
1
21
22
SIM5
SIM1
SIM2
SIM3
SIM4
1
21
22
SIM5
SIM1
SIM2
SIM3
SIM4
1
21
22
SIM5
SIM1
SIM2
SIM3
SIM4
1
21
22
SIM5
SIM1
SIM2
SIM3
SIM4
1
21
22
SIM5
SIM1
SIM2
SIM3
SIM4
1
21
22
SIM5
SIM1
SIM2
SIM3
SIM4
1
21
22
SIM5
SIM1
SIM2
SIM3
SIM4
1
21
22
SIM5
SIM1
SIM2
SIM3
SIM4
1
21
22
SIM5
SIM1
SIM2
SIM3
SIM4
1
21
22
SIM5
SIM1
SIM2
SIM3
SIM4
1
21
22
SIM5
SIM1
SIM2
SIM3
SIM4
1
21
22
SIM5
SIM1
SIM2
SIM3
SIM4
1
21
22
SIM5
SIM1
SIM2
SIM3
SIM4
1
21
22
SIM5
SIM1
SIM2
SIM3
SIM4
1
21
22
SIM5
SIM1
SIM2
SIM3
SIM4
1
21
22
SIM5
SIM1
SIM2
SIM3
SIM4
1
21
22
SIM5
SIM1
SIM2
SIM3
SIM4
1
21
22
SIM5
SIM1
SIM2
SIM3
SIM4
1
21
22
SIM5
SIM1
SIM2
SIM3
SIM4
1
21
22
SIM5
SIM1
SIM2
SIM3
SIM4
1
21
22
SIM5
SIM1
SIM2
SIM3
SIM4
1
21
22
SIM5
SIM1
SIM2
SIM3
SIM4
1
21
22
SIM5
SIM1
SIM2
SIM3
SIM4
1
21
22
SIM5
SIM1
SIM2
SIM3
SIM4
1
21
22
SIM5
SIM1
SIM2
SIM3
SIM4
1
21
22
SIM5
SIM1
SIM2
SIM3
SIM4
1
21
22
SIM5
SIM1
SIM2
SIM3
SIM4
1
21
22
SIM5
SIM1
SIM2
DEBUG 1 994
SIM1
SIM2
SIM3
SIM4
1
21
22
SIM5
SIM1
SIM2
SIM3
SIM4
1
21
22
SIM5
SIM1
SIM2
SIM3
SIM4
1
21
22
SIM5
SIM1
SIM2
SIM3
SIM4
1
21
22
SIM5
SIM1
SIM2
SIM3
SIM4
1
21
22
SIM5
SIM1
SIM2
SIM3
SIM4
1
21
22
SIM5
SIM1
SIM2
SIM3
SIM4
1
21
22
SIM5
SIM1
SIM2
SIM3
SIM4
1
21
22
SIM5
SIM1
SIM2
SIM3
SIM4
1
21
22
SIM5
SIM1
SIM2
SIM3
SIM4
1
21
22
SIM5
SIM1
SIM2
SIM3
SIM4
1
21
22
SIM5
SIM1
SIM2
SIM3
SIM4
1
21
22
SIM5
SIM1
SIM2
SIM3
SIM4
1
21
22
SIM5
SIM1
SIM2
SIM3
SIM4
1
21
22
SIM5
SIM1
SIM2
SIM3
SIM4
1
21
22
SIM5
SIM1
SIM2
SIM3
SIM4
1
21
22
SIM5
SIM1
SIM2
SIM3
SIM4
1
21
22
SIM5
SIM1
SIM2
SIM3
SIM4
1
21
22
SIM5
SIM1
SIM2
SIM3
SIM4
1
21
22
SIM5
SIM1
SIM2
SIM3
SIM4
1
21
22
SIM5
SIM1
SIM2
SIM3
SIM4
1
21
22
SIM5
SIM1
SIM2
SIM3
SIM4
1
21
22
SIM5
SIM1
SIM2
SIM3
SIM4
1
21
22
SIM5
SIM1
SIM2
SIM3
SIM4
1
21
22
SIM5
SIM1
SIM2
SIM3
SIM4
1
21
22
SIM5
SIM1
SIM2
SIM3
SIM4
1
21
22
SIM5
SIM1
SIM2
SIM3
SIM4
1
21
22
SIM5
SIM1
SIM2
SIM3
SIM4
1
21
22
SIM5
SIM1
SIM2
SIM3
SIM4
1
21
22
SIM5
SIM1
SIM2
SIM3
SIM4
1
21
22
SIM5
SIM1
SIM2
SIM3
SIM4
1
21
22
SIM5
SIM1
SIM2
SIM3
SIM4
1
21
22
SIM5
SIM1
SIM2
SIM3
SIM4
1
21
22
SIM5
SIM1
SIM2
SIM3
SIM4
1
21
22
SIM5
SIM1
SIM2
SIM3
SIM4
1
21
22
SIM5
SIM1
SIM2
SIM3
SIM4
1
21
22
SIM5
SIM1
SIM2
SIM3
SIM4
1
21
22
SIM5
SIM1
SIM2
SIM3
SIM4
1
21
22
SIM5
SIM1
SIM2
SIM3
SIM4
1
21
22
SIM5
SIM1
SIM2
SIM3
SIM4
1
21
22
SIM5
SIM1
SIM2
SIM3
SIM4
1
21
22
SIM5
SIM1
SIM2
SIM3
SIM4
1
21
22
SIM5
SIM1
SIM2
SIM3
SIM4
1
21
22
SIM5
SIM1
SIM2
SIM3
SIM4
1
21
22
SIM5
SIM1
SIM2
SIM3
SIM4
1
21
22
SIM5
SIM1
SIM2
SIM3
SIM4
1
21
22
SIM5
SIM1
SIM2
SIM3
SIM4
1
21
22
SIM5
SIM1
SIM2
SIM3
SIM4
1
21
22
SIM5
SIM1
SIM2
SIM3
SIM4
1
21
22
SIM5
SIM1
SIM2
SIM3
SIM4
1
21
22
SIM5
SIM1
SIM2
SIM3
SIM4
1
21
22
SIM5
SIM1
SIM2
SIM3
SIM4
1
21
22
SIM5
SIM1
SIM2
SIM3
SIM4
1
21
22
SIM5
SIM1
SIM2
SIM3
SIM4
1
21
22
SIM5
SIM1
SIM2
SIM3
SIM4
1
21
22
SIM5
SIM1
SIM2
SIM3
SIM4
1
21
22
SIM5
SIM1
SIM2
SIM3
SIM4
1
21
22
SIM5
SIM1
SIM2
SIM3
SIM4
1
21
22
SIM5
SIM1
SIM2
SIM3
SIM4
1
21
22
SIM5
SIM1
SIM2
SIM3
SIM4
1
21
22
SIM5
SIM1
SIM2
SIM3
SIM4
1
21
22
SIM5
SIM1
SIM2
SIM3
SIM4
1
21
22
SIM5
SIM1
SIM2
SIM3
SIM4
1
21
22
SIM5
SIM1
SIM2
SIM3
SIM4
1
21
22
SIM5
SIM1
SIM2
SIM3
SIM4
1
21
22
SIM5
SIM1
SIM2
SIM3
SIM4
1
21
22
SIM5
SIM1
SIM2
SIM3
SIM4
1
21
22
SIM5
SIM1
SIM2
SIM3
SIM4
1
21
22
SIM5
SIM1
SIM2
SIM3
SIM4
1
21
22
SIM5
SIM1
SIM2
SIM3
SIM4
1
21
22
SIM5
SIM1
SIM2
SIM3
SIM4
1
21
22
SIM5
SIM1
SIM2
SIM3
SIM4
1
21
22
SIM5
SIM1
SIM2
SIM3
SIM4
1
21
22
SIM5
SIM1
SIM2
SIM3
SIM4
1
21
22
SIM5
SIM1
SIM2
SIM3
SIM4
1
21
22
SIM5
SIM1
SIM2
SIM3
SIM4
1
21
22
SIM5
SIM1
SIM2
SIM3
SIM4
1
21
22
SIM5
SIM1
SIM2
SIM3
SIM4
1
21
22
SIM5
SIM1
SIM2
SIM3
SIM4
1
21
22
SIM5
SIM1
SIM2
SIM3
SIM4
1
21
22
SIM5
SIM1
SIM2
SIM3
SIM4
1
21
22
SIM5
SIM1
SIM2
SIM3
SIM4
1
21
22
SIM5
SIM1
SIM2
SIM3
SIM4
1
21
22
SIM5
SIM1
SIM2
SIM3
SIM4
1
21
22
SIM5
SIM1
SIM2
SIM3
SIM4
1
21
22
SIM5
SIM1
SIM2
SIM3
SIM4
1
21
22
SIM5
SIM1
SIM2
SIM3
SIM4
1
21
22
SIM5
SIM1
SIM2
SIM3
SIM4
1
21
22
SIM5
SIM1
SIM2
SIM3
SIM4
1
21
22
SIM5
SIM1
SIM2
SIM3
SIM4
1
21
22
SIM5
SIM1
SIM2
SIM3
SIM4
1
21
22
SIM5
SIM1
SIM2
SIM3
SIM4
1
21
22
SIM5
SIM1
SIM2
SIM3
SIM4
1
21
22
SIM5
SIM1
SIM2
SIM3
SIM4
1
21
22
SIM5
SIM1
SIM2
SIM3
SIM4
1
21
22
SIM5
SIM1
SIM2
SIM3
SIM4
1
21
22
SIM5
SIM1
SIM2
SIM3
SIM4
1
21
22
SIM5
SIM1
SIM2
SIM3
SIM4
1
21
22
SIM5
SIM1
SIM2
SIM3
SIM4
1
21
22
SIM5
SIM1
SIM2
SIM3
SIM4
1
21
22
SIM5
SIM1
SIM2
SIM3
SIM4
1
21
22
SIM5
SIM1
SIM2
SIM3
SIM4
1
21
22
SIM5
SIM1
SIM2
SIM3
SIM4
1
21
22
SIM5
SIM1
SIM2
SIM3
SIM4
1
21
22
SIM5
SIM1
SIM2
SIM3
SIM4
1
21
22
SIM5
SIM1
SIM2
SIM3
SIM4
1
21
22
SIM5
SIM1
SIM2
SIM3
SIM4
1
21
22
SIM5
SIM1
SIM2
SIM3
SIM4
1
21
22
SIM5
SIM1
SIM2
SIM3
SIM4
1
21
22
SIM5
SIM1
SIM2
SIM3
SIM4
1
21
22
SIM5
SIM1
SIM2
SIM3
SIM4
1
21
22
SIM5
SIM1
SIM2
SIM3
SIM4
1
21
22
SIM5
SIM1
SIM2
SIM3
SIM4
1
21
22
SIM5
SIM1
SIM2
SIM3
SIM4
1
21
22
SIM5
SIM1
SIM2
SIM3
SIM4
1
21
22
SIM5
SIM1
SIM2
SIM3
SIM4
1
21
22
SIM5
SIM1
SIM2
SIM3
SIM4
1
21
22
SIM5
SIM1
SIM2
SIM3
SIM4
1
21
22
SIM5
SIM1
SIM2
SIM3
SIM4
1
21
22
SIM5
SIM1
SIM2
SIM3
SIM4
1
21
22
SIM5
SIM1
SIM2
SIM3
SIM4
1
21
22
SIM5
SIM1
SIM2
SIM3
SIM4
1
21
22
SIM5
SIM1
SIM2
SIM3
SIM4
1
21
22
SIM5
SIM1
SIM2
SIM3
SIM4
1
21
22
SIM5
SIM1
SIM2
SIM3
SIM4
1
21
22
SIM5
SIM1
SIM2
SIM3
SIM4
1
21
22
SIM5
SIM1
SIM2
SIM3
SIM4
1
21
22
SIM5
SIM1
SIM2
SIM3
SIM4
1
21
22
SIM5
SIM1
SIM2
SIM3
SIM4
1
21
22
SIM5
SIM1
SIM2
SIM3
SIM4
1
21
22
SIM5
SIM1
SIM2
SIM3
SIM4
1
21
22
SIM5
SIM1
SIM2
SIM3
SIM4
1
21
22
SIM5
SIM1
SIM2
SIM3
SIM4
1
21
22
SIM5
SIM1
SIM2
SIM3
SIM4
1
21
22
SIM5
SIM1
SIM2
SIM3
SIM4
1
21
22
SIM5
SIM1
SIM2
SIM3
SIM4
1
21
22
SIM5
SIM1
SIM2
SIM3
SIM4
1
21
22
SIM5
SIM1
SIM2
SIM3
SIM4
1
21
22
SIM5
SIM1
SIM2
SIM3
SIM4
1
21
22
SIM5
SIM1
SIM2
SIM3
SIM4
1
21
22
SIM5
SIM1
SIM2
SIM3
SIM4
1
21
22
SIM5
SIM1
SIM2
SIM3
SIM4
1
21
22
SIM5
SIM1
SIM2
SIM3
SIM4
1
21
22
SIM5
SIM1
SIM2
SIM3
SIM4
1
21
22
SIM5
SIM1
SIM2
SIM3
SIM4
1
21
22
SIM5
SIM1
SIM2
SIM3
SIM4
1
21
22
SIM5
SIM1
SIM2
SIM3
SIM4
1
21
22
SIM5
SIM1
SIM2
SIM3
SIM4
1
21
22
SIM5
SIM1
SIM2
SIM3
SIM4
1
21
22
SIM5
SIM1
SIM2
SIM3
SIM4
1
21
22
SIM5
SIM1
SIM2
SIM3
SIM4
1
21
22
SIM5
SIM1
SIM2
SIM3
SIM4
1
21
22
SIM5
SIM1
SIM2
SIM3
SIM4
1
21
22
SIM5
SIM1
SIM2
SIM3
SIM4
1
21
22
SIM5
SIM1
SIM2
SIM3
SIM4
1
21
22
SIM5
SIM1
SIM2
SIM3
SIM4
1
21
22
SIM5
SIM1
SIM2
SIM3
SIM4
1
21
22
SIM5
SIM1
SIM2
SIM3
SIM4
1
21
22
SIM5
SIM1
SIM2
SIM3
SIM4
1
21
22
SIM5
SIM1
SIM2
SIM3
SIM4
1
21
22
SIM5
SIM1
SIM2
SIM3
SIM4
1
21
22
SIM5
SIM1
SIM2
SIM3
SIM4
1
21
22
SIM5
SIM1
SIM2
SIM3
SIM4
1
21
22
SIM5
SIM1
SIM2
DEBUG 1 995
SIM1
SIM2
SIM3
SIM4
1
21
22
SIM5
SIM1
SIM2
SIM3
SIM4
1
21
22
SIM5
SIM1
SIM2
SIM3
SIM4
1
21
22
SIM5
SIM1
SIM2
SIM3
SIM4
1
21
22
SIM5
SIM1
SIM2
SIM3
SIM4
1
21
22
SIM5
SIM1
SIM2
SIM3
SIM4
1
21
22
SIM5
SIM1
SIM2
SIM3
SIM4
1
21
22
SIM5
SIM1
SIM2
SIM3
SIM4
1
21
22
SIM5
SIM1
SIM2
SIM3
SIM4
1
21
22
SIM5
SIM1
SIM2
SIM3
SIM4
1
21
22
SIM5
SIM1
SIM2
SIM3
SIM4
1
21
22
SIM5
SIM1
SIM2
SIM3
SIM4
1
21
22
SIM5
SIM1
SIM2
SIM3
SIM4
1
21
22
SIM5
SIM1
SIM2
SIM3
SIM4
1
21
22
SIM5
SIM1
SIM2
SIM3
SIM4
1
21
22
SIM5
SIM1
SIM2
SIM3
SIM4
1
21
22
SIM5
SIM1
SIM2
SIM3
SIM4
1
21
22
SIM5
SIM1
SIM2
SIM3
SIM4
1
21
22
SIM5
SIM1
SIM2
SIM3
SIM4
1
21
22
SIM5
SIM1
SIM2
SIM3
SIM4
1
21
22
SIM5
SIM1
SIM2
SIM3
SIM4
1
21
22
SIM5
SIM1
SIM2
SIM3
SIM4
1
21
22
SIM5
SIM1
SIM2
SIM3
SIM4
1
21
22
SIM5
SIM1
SIM2
SIM3
SIM4
1
21
22
SIM5
SIM1
SIM2
SIM3
SIM4
1
21
22
SIM5
SIM1
SIM2
SIM3
SIM4
1
21
22
SIM5
SIM1
SIM2
SIM3
SIM4
1
21
22
SIM5
SIM1
SIM2
SIM3
SIM4
1
21
22
SIM5
SIM1
SIM2
SIM3
SIM4
1
21
22
SIM5
SIM1
SIM2
SIM3
SIM4
1
21
22
SIM5
SIM1
SIM2
SIM3
SIM4
1
21
22
SIM5
SIM1
SIM2
SIM3
SIM4
1
21
22
SIM5
SIM1
SIM2
SIM3
SIM4
1
21
22
SIM5
SIM1
SIM2
SIM3
SIM4
1
21
22
SIM5
SIM1
SIM2
SIM3
SIM4
1
21
22
SIM5
SIM1
SIM2
SIM3
SIM4
1
21
22
SIM5
SIM1
SIM2
SIM3
SIM4
1
21
22
SIM5
SIM1
SIM2
SIM3
SIM4
1
21
22
SIM5
SIM1
SIM2
SIM3
SIM4
1
21
22
SIM5
SIM1
SIM2
SIM3
SIM4
1
21
22
SIM5
SIM1
SIM2
SIM3
SIM4
1
21
22
SIM5
SIM1
SIM2
SIM3
SIM4
1
21
22
SIM5
SIM1
SIM2
SIM3
SIM4
1
21
22
SIM5
SIM1
SIM2
SIM3
SIM4
1
21
22
SIM5
SIM1
SIM2
SIM3
SIM4
1
21
22
SIM5
SIM1
SIM2
SIM3
SIM4
1
21
22
SIM5
SIM1
SIM2
SIM3
SIM4
1
21
22
SIM5
SIM1
SIM2
SIM3
SIM4
1
21
22
SIM5
SIM1
SIM2
SIM3
SIM4
1
21
22
SIM5
SIM1
SIM2
SIM3
SIM4
1
21
22
SIM5
SIM1
SIM2
SIM3
SIM4
1
21
22
SIM5
SIM1
SIM2
SIM3
SIM4
1
21
22
SIM5
SIM1
SIM2
SIM3
SIM4
1
21
22
SIM5
SIM1
SIM2
SIM3
SIM4
1
21
22
SIM5
SIM1
SIM2
SIM3
SIM4
1
21
22
SIM5
SIM1
SIM2
SIM3
SIM4
1
21
22
SIM5
SIM1
SIM2
SIM3
SIM4
1
21
22
SIM5
SIM1
SIM2
SIM3
SIM4
1
21
22
SIM5
SIM1
SIM2
SIM3
SIM4
1
21
22
SIM5
SIM1
SIM2
SIM3
SIM4
1
21
22
SIM5
SIM1
SIM2
SIM3
SIM4
1
21
22
SIM5
SIM1
SIM2
SIM3
SIM4
1
21
22
SIM5
SIM1
SIM2
SIM3
SIM4
1
21
22
SIM5
SIM1
SIM2
SIM3
SIM4
1
21
22
SIM5
SIM1
SIM2
SIM3
SIM4
1
21
22
SIM5
SIM1
SIM2
SIM3
SIM4
1
21
22
SIM5
SIM1
SIM2
SIM3
SIM4
1
21
22
SIM5
SIM1
SIM2
SIM3
SIM4
1
21
22
SIM5
SIM1
SIM2
SIM3
SIM4
1
21
22
SIM5
SIM1
SIM2
SIM3
SIM4
1
21
22
SIM5
SIM1
SIM2
SIM3
SIM4
1
21
22
SIM5
SIM1
SIM2
SIM3
SIM4
1
21
22
SIM5
SIM1
SIM2
SIM3
SIM4
1
21
22
SIM5
SIM1
SIM2
SIM3
SIM4
1
21
22
SIM5
SIM1
SIM2
SIM3
SIM4
1
21
22
SIM5
SIM1
SIM2
SIM3
SIM4
1
21
22
SIM5
SIM1
SIM2
SIM3
SIM4
1
21
22
SIM5
SIM1
SIM2
SIM3
SIM4
1
21
22
SIM5
SIM1
SIM2
SIM3
SIM4
1
21
22
SIM5
SIM1
SIM2
SIM3
SIM4
1
21
22
SIM5
SIM1
SIM2
SIM3
SIM4
1
21
22
SIM5
SIM1
SIM2
SIM3
SIM4
1
21
22
SIM5
SIM1
SIM2
SIM3
SIM4
1
21
22
SIM5
SIM1
SIM2
SIM3
SIM4
1
21
22
SIM5
SIM1
SIM2
SIM3
SIM4
1
21
22
SIM5
SIM1
SIM2
SIM3
SIM4
1
21
22
SIM5
SIM1
SIM2
SIM3
SIM4
1
21
22
SIM5
SIM1
SIM2
SIM3
SIM4
1
21
22
SIM5
SIM1
SIM2
SIM3
SIM4
1
21
22
SIM5
SIM1
SIM2
SIM3
SIM4
1
21
22
SIM5
SIM1
SIM2
SIM3
SIM4
1
21
22
SIM5
SIM1
SIM2
SIM3
SIM4
1
21
22
SIM5
SIM1
SIM2
SIM3
SIM4
1
21
22
SIM5
SIM1
SIM2
SIM3
SIM4
1
21
22
SIM5
SIM1
SIM2
SIM3
SIM4
1
21
22
SIM5
SIM1
SIM2
SIM3
SIM4
1
21
22
SIM5
SIM1
SIM2
SIM3
SIM4
1
21
22
SIM5
SIM1
SIM2
SIM3
SIM4
1
21
22
SIM5
SIM1
SIM2
SIM3
SIM4
1
21
22
SIM5
SIM1
SIM2
SIM3
SIM4
1
21
22
SIM5
SIM1
SIM2
SIM3
SIM4
1
21
22
SIM5
SIM1
SIM2
SIM3
SIM4
1
21
22
SIM5
SIM1
SIM2
SIM3
SIM4
1
21
22
SIM5
SIM1
SIM2
SIM3
SIM4
1
21
22
SIM5
SIM1
SIM2
SIM3
SIM4
1
21
22
SIM5
SIM1
SIM2
SIM3
SIM4
1
21
22
SIM5
SIM1
SIM2
SIM3
SIM4
1
21
22
SIM5
SIM1
SIM2
SIM3
SIM4
1
21
22
SIM5
SIM1
SIM2
SIM3
SIM4
1
21
22
SIM5
SIM1
SIM2
SIM3
SIM4
1
21
22
SIM5
SIM1
SIM2
SIM3
SIM4
1
21
22
SIM5
SIM1
SIM2
SIM3
SIM4
1
21
22
SIM5
SIM1
SIM2
SIM3
SIM4
1
21
22
SIM5
SIM1
SIM2
SIM3
SIM4
1
21
22
SIM5
SIM1
SIM2
SIM3
SIM4
1
21
22
SIM5
SIM1
SIM2
SIM3
SIM4
1
21
22
SIM5
SIM1
SIM2
SIM3
SIM4
1
21
22
SIM5
SIM1
SIM2
SIM3
SIM4
1
21
22
SIM5
SIM1
SIM2
SIM3
SIM4
1
21
22
SIM5
SIM1
SIM2
SIM3
SIM4
1
21
22
SIM5
SIM1
SIM2
SIM3
SIM4
1
21
22
SIM5
SIM1
SIM2
SIM3
SIM4
1
21
22
SIM5
SIM1
SIM2
SIM3
SIM4
1
21
22
SIM5
SIM1
SIM2
SIM3
SIM4
1
21
22
SIM5
SIM1
SIM2
SIM3
SIM4
1
21
22
SIM5
SIM1
SIM2
SIM3
SIM4
1
21
22
SIM5
SIM1
SIM2
SIM3
SIM4
1
21
22
SIM5
SIM1
SIM2
SIM3
SIM4
1
21
22
SIM5
SIM1
SIM2
SIM3
SIM4
1
21
22
SIM5
SIM1
SIM2
SIM3
SIM4
1
21
22
SIM5
SIM1
SIM2
SIM3
SIM4
1
21
22
SIM5
SIM1
SIM2
SIM3
SIM4
1
21
22
SIM5
SIM1
SIM2
SIM3
SIM4
1
21
22
SIM5
SIM1
SIM2
SIM3
SIM4
1
21
22
SIM5
SIM1
SIM2
SIM3
SIM4
1
21
22
SIM5
SIM1
SIM2
SIM3
SIM4
1
21
22
SIM5
SIM1
SIM2
SIM3
SIM4
1
21
22
SIM5
SIM1
SIM2
SIM3
SIM4
1
21
22
SIM5
SIM1
SIM2
SIM3
SIM4
1
21
22
SIM5
SIM1
SIM2
SIM3
SIM4
1
21
22
SIM5
SIM1
SIM2
SIM3
SIM4
1
21
22
SIM5
SIM1
SIM2
SIM3
SIM4
1
21
22
SIM5
SIM1
SIM2
SIM3
SIM4
1
21
22
SIM5
SIM1
SIM2
SIM3
SIM4
1
21
22
SIM5
SIM1
SIM2
SIM3
SIM4
1
21
22
SIM5
SIM1
SIM2
SIM3
SIM4
1
21
22
SIM5
SIM1
SIM2
SIM3
SIM4
1
21
22
SIM5
SIM1
SIM2
SIM3
SIM4
1
21
22
SIM5
SIM1
SIM2
SIM3
SIM4
1
21
22
SIM5
SIM1
SIM2
SIM3
SIM4
1
21
22
SIM5
SIM1
SIM2
SIM3
SIM4
1
21
22
SIM5
SIM1
SIM2
SIM3
SIM4
1
21
22
SIM5
SIM1
SIM2
SIM3
SIM4
1
21
22
SIM5
SIM1
SIM2
SIM3
SIM4
1
21
22
SIM5
SIM1
SIM2
SIM3
SIM4
1
21
22
SIM5
SIM1
SIM2
SIM3
SIM4
1
21
22
SIM5
SIM1
SIM2
SIM3
SIM4
1
21
22
SIM5
SIM1
SIM2
SIM3
SIM4
1
21
22
SIM5
SIM1
SIM2
SIM3
SIM4
1
21
22
SIM5
SIM1
SIM2
SIM3
SIM4
1
21
22
SIM5
SIM1
SIM2
SIM3
SIM4
1
21
22
SIM5
SIM1
SIM2
SIM3
SIM4
1
21
22
SIM5
SIM1
SIM2
SIM3
SIM4
1
21
22
SIM5
SIM1
SIM2
SIM3
SIM4
1
21
22
SIM5
SIM1
SIM2
SIM3
SIM4
1
21
22
SIM5
SIM1
SIM2
SIM3
SIM4
1
21
22
SIM5
SIM1
SIM2
SIM3
SIM4
1
21
22
SIM5
SIM1
SIM2
SIM3
SIM4
1
21
22
SIM5
SIM1
SIM2
SIM3
SIM4
1
21
22
SIM5
SIM1
SIM2
SIM3
SIM4
1
21
22
SIM5
SIM1
SIM2
SIM3
SIM4
1
21
22
SIM5
SIM1
SIM2
SIM3
SIM4
1
21
22
SIM5
SIM1
SIM2
SIM3
SIM4
1
21
22
SIM5
SIM1
SIM2
SIM3
SIM4
1
21
22
SIM5
SIM1
SIM2
SIM3
SIM4
1
21
22
SIM5
SIM1
SIM2
SIM3
SIM4
1
21
22
SIM5
SIM1
SIM2
SIM3
SIM4
1
21
22
SIM5
SIM1
SIM2
SIM3
SIM4
1
21
22
SIM5
SIM1
SIM2
SIM3
SIM4
1
21
22
SIM5
SIM1
SIM2
SIM3
SIM4
1
21
22
SIM5
SIM1
SIM2
SIM3
SIM4
1
21
22
SIM5
SIM1
SIM2
SIM3
SIM4
1
21
22
SIM5
SIM1
SIM2
SIM3
SIM4
1
21
22
SIM5
SIM1
SIM2
SIM3
SIM4
1
21
22
SIM5
SIM1
SIM2
SIM3
SIM4
1
21
22
SIM5
SIM1
SIM2
SIM3
SIM4
1
21
22
SIM5
SIM1
SIM2
SIM3
SIM4
1
21
22
SIM5
SIM1
SIM2
SIM3
SIM4
1
21
22
SIM5
SIM1
SIM2
SIM3
SIM4
1
21
22
SIM5
SIM1
SIM2
SIM3
SIM4
1
21
22
SIM5
SIM1
SIM2
SIM3
SIM4
1
21
22
SIM5
SIM1
SIM2
SIM3
SIM4
1
21
22
SIM5
SIM1
SIM2
SIM3
SIM4
1
21
22
SIM5
SIM1
SIM2
SIM3
SIM4
1
21
22
SIM5
SIM1
SIM2
SIM3
SIM4
1
21
22
SIM5
SIM1
SIM2
SIM3
SIM4
1
21
22
SIM5
SIM1
SIM2
SIM3
SIM4
1
21
22
SIM5
SIM1
SIM2
SIM3
SIM4
1
21
22
SIM5
SIM1
SIM2
SIM3
SIM4
1
21
22
SIM5
SIM1
SIM2
SIM3
SIM4
1
21
22
SIM5
SIM1
SIM2
SIM3
SIM4
1
21
22
SIM5
SIM1
SIM2
SIM3
SIM4
1
21
22
SIM5
SIM1
SIM2
SIM3
SIM4
1
21
22
SIM5
SIM1
SIM2
SIM3
SIM4
1
21
22
SIM5
SIM1
SIM2
SIM3
SIM4
1
21
22
SIM5
SIM1
SIM2
SIM3
SIM4
1
21
22
SIM5
SIM1
SIM2
SIM3
SIM4
1
21
22
SIM5
SIM1
SIM2
SIM3
SIM4
1
21
22
SIM5
SIM1
SIM2
SIM3
SIM4
1
21
22
SIM5
SIM1
SIM2
SIM3
SIM4
1
21
22
SIM5
SIM1
SIM2
SIM3
SIM4
1
21
22
SIM5
SIM1
SIM2
SIM3
SIM4
1
21
22
SIM5
SIM1
SIM2
SIM3
SIM4
1
21
22
SIM5
SIM1
SIM2
SIM3
SIM4
1
21
22
SIM5
SIM1
SIM2
SIM3
SIM4
1
21
22
SIM5
SIM1
SIM2
SIM3
SIM4
1
21
22
SIM5
SIM1
SIM2
SIM3
SIM4
1
21
22
SIM5
SIM1
SIM2
SIM3
SIM4
1
21
22
SIM5
SIM1
SIM2
SIM3
SIM4
1
21
22
SIM5
SIM1
SIM2
DEBUG 1 996
SIM1
SIM2
SIM3
SIM4
1
21
22
SIM5
SIM1
SIM2
SIM3
SIM4
1
21
22
SIM5
SIM1
SIM2
SIM3
SIM4
1
21
22
SIM5
SIM1
SIM2
SIM3
SIM4
1
21
22
SIM5
SIM1
SIM2
SIM3
SIM4
1
21
22
SIM5
SIM1
SIM2
SIM3
SIM4
1
21
22
SIM5
SIM1
SIM2
SIM3
SIM4
1
21
22
SIM5
SIM1
SIM2
SIM3
SIM4
1
21
22
SIM5
SIM1
SIM2
SIM3
SIM4
1
21
22
SIM5
SIM1
SIM2
SIM3
SIM4
1
21
22
SIM5
SIM1
SIM2
SIM3
SIM4
1
21
22
SIM5
SIM1
SIM2
SIM3
SIM4
1
21
22
SIM5
SIM1
SIM2
SIM3
SIM4
1
21
22
SIM5
SIM1
SIM2
SIM3
SIM4
1
21
22
SIM5
SIM1
SIM2
SIM3
SIM4
1
21
22
SIM5
SIM1
SIM2
SIM3
SIM4
1
21
22
SIM5
SIM1
SIM2
SIM3
SIM4
1
21
22
SIM5
SIM1
SIM2
SIM3
SIM4
1
21
22
SIM5
SIM1
SIM2
SIM3
SIM4
1
21
22
SIM5
SIM1
SIM2
SIM3
SIM4
1
21
22
SIM5
SIM1
SIM2
SIM3
SIM4
1
21
22
SIM5
SIM1
SIM2
SIM3
SIM4
1
21
22
SIM5
SIM1
SIM2
SIM3
SIM4
1
21
22
SIM5
SIM1
SIM2
SIM3
SIM4
1
21
22
SIM5
SIM1
SIM2
SIM3
SIM4
1
21
22
SIM5
SIM1
SIM2
SIM3
SIM4
1
21
22
SIM5
SIM1
SIM2
SIM3
SIM4
1
21
22
SIM5
SIM1
SIM2
SIM3
SIM4
1
21
22
SIM5
SIM1
SIM2
SIM3
SIM4
1
21
22
SIM5
SIM1
SIM2
SIM3
SIM4
1
21
22
SIM5
SIM1
SIM2
SIM3
SIM4
1
21
22
SIM5
SIM1
SIM2
SIM3
SIM4
1
21
22
SIM5
SIM1
SIM2
SIM3
SIM4
1
21
22
SIM5
SIM1
SIM2
SIM3
SIM4
1
21
22
SIM5
SIM1
SIM2
SIM3
SIM4
1
21
22
SIM5
SIM1
SIM2
SIM3
SIM4
1
21
22
SIM5
SIM1
SIM2
SIM3
SIM4
1
21
22
SIM5
SIM1
SIM2
SIM3
SIM4
1
21
22
SIM5
SIM1
SIM2
SIM3
SIM4
1
21
22
SIM5
SIM1
SIM2
SIM3
SIM4
1
21
22
SIM5
SIM1
SIM2
SIM3
SIM4
1
21
22
SIM5
SIM1
SIM2
SIM3
SIM4
1
21
22
SIM5
SIM1
SIM2
SIM3
SIM4
1
21
22
SIM5
SIM1
SIM2
SIM3
SIM4
1
21
22
SIM5
SIM1
SIM2
SIM3
SIM4
1
21
22
SIM5
SIM1
SIM2
SIM3
SIM4
1
21
22
SIM5
SIM1
SIM2
SIM3
SIM4
1
21
22
SIM5
SIM1
SIM2
SIM3
SIM4
1
21
22
SIM5
SIM1
SIM2
SIM3
SIM4
1
21
22
SIM5
SIM1
SIM2
SIM3
SIM4
1
21
22
SIM5
SIM1
SIM2
SIM3
SIM4
1
21
22
SIM5
SIM1
SIM2
SIM3
SIM4
1
21
22
SIM5
SIM1
SIM2
SIM3
SIM4
1
21
22
SIM5
SIM1
SIM2
SIM3
SIM4
1
21
22
SIM5
SIM1
SIM2
SIM3
SIM4
1
21
22
SIM5
SIM1
SIM2
SIM3
SIM4
1
21
22
SIM5
SIM1
SIM2
SIM3
SIM4
1
21
22
SIM5
SIM1
SIM2
SIM3
SIM4
1
21
22
SIM5
SIM1
SIM2
SIM3
SIM4
1
21
22
SIM5
SIM1
SIM2
SIM3
SIM4
1
21
22
SIM5
SIM1
SIM2
SIM3
SIM4
1
21
22
SIM5
SIM1
SIM2
SIM3
SIM4
1
21
22
SIM5
SIM1
SIM2
SIM3
SIM4
1
21
22
SIM5
SIM1
SIM2
SIM3
SIM4
1
21
22
SIM5
SIM1
SIM2
SIM3
SIM4
1
21
22
SIM5
SIM1
SIM2
SIM3
SIM4
1
21
22
SIM5
SIM1
SIM2
SIM3
SIM4
1
21
22
SIM5
SIM1
SIM2
SIM3
SIM4
1
21
22
SIM5
SIM1
SIM2
SIM3
SIM4
1
21
22
SIM5
SIM1
SIM2
SIM3
SIM4
1
21
22
SIM5
SIM1
SIM2
SIM3
SIM4
1
21
22
SIM5
SIM1
SIM2
SIM3
SIM4
1
21
22
SIM5
SIM1
SIM2
SIM3
SIM4
1
21
22
SIM5
SIM1
SIM2
SIM3
SIM4
1
21
22
SIM5
SIM1
SIM2
SIM3
SIM4
1
21
22
SIM5
SIM1
SIM2
SIM3
SIM4
1
21
22
SIM5
SIM1
SIM2
SIM3
SIM4
1
21
22
SIM5
SIM1
SIM2
SIM3
SIM4
1
21
22
SIM5
SIM1
SIM2
SIM3
SIM4
1
21
22
SIM5
SIM1
SIM2
SIM3
SIM4
1
21
22
SIM5
SIM1
SIM2
SIM3
SIM4
1
21
22
SIM5
SIM1
SIM2
SIM3
SIM4
1
21
22
SIM5
SIM1
SIM2
SIM3
SIM4
1
21
22
SIM5
SIM1
SIM2
SIM3
SIM4
1
21
22
SIM5
SIM1
SIM2
SIM3
SIM4
1
21
22
SIM5
SIM1
SIM2
SIM3
SIM4
1
21
22
SIM5
SIM1
SIM2
SIM3
SIM4
1
21
22
SIM5
SIM1
SIM2
SIM3
SIM4
1
21
22
SIM5
SIM1
SIM2
SIM3
SIM4
1
21
22
SIM5
SIM1
SIM2
SIM3
SIM4
1
21
22
SIM5
SIM1
SIM2
SIM3
SIM4
1
21
22
SIM5
SIM1
SIM2
SIM3
SIM4
1
21
22
SIM5
SIM1
SIM2
SIM3
SIM4
1
21
22
SIM5
SIM1
SIM2
SIM3
SIM4
1
21
22
SIM5
SIM1
SIM2
SIM3
SIM4
1
21
22
SIM5
SIM1
SIM2
SIM3
SIM4
1
21
22
SIM5
SIM1
SIM2
SIM3
SIM4
1
21
22
SIM5
SIM1
SIM2
SIM3
SIM4
1
21
22
SIM5
SIM1
SIM2
SIM3
SIM4
1
21
22
SIM5
SIM1
SIM2
SIM3
SIM4
1
21
22
SIM5
SIM1
SIM2
SIM3
SIM4
1
21
22
SIM5
SIM1
SIM2
SIM3
SIM4
1
21
22
SIM5
SIM1
SIM2
SIM3
SIM4
1
21
22
SIM5
SIM1
SIM2
SIM3
SIM4
1
21
22
SIM5
SIM1
SIM2
SIM3
SIM4
1
21
22
SIM5
SIM1
SIM2
SIM3
SIM4
1
21
22
SIM5
SIM1
SIM2
SIM3
SIM4
1
21
22
SIM5
SIM1
SIM2
SIM3
SIM4
1
21
22
SIM5
SIM1
SIM2
SIM3
SIM4
1
21
22
SIM5
SIM1
SIM2
SIM3
SIM4
1
21
22
SIM5
SIM1
SIM2
SIM3
SIM4
1
21
22
SIM5
SIM1
SIM2
SIM3
SIM4
1
21
22
SIM5
SIM1
SIM2
SIM3
SIM4
1
21
22
SIM5
SIM1
SIM2
SIM3
SIM4
1
21
22
SIM5
SIM1
SIM2
SIM3
SIM4
1
21
22
SIM5
SIM1
SIM2
SIM3
SIM4
1
21
22
SIM5
SIM1
SIM2
SIM3
SIM4
1
21
22
SIM5
SIM1
SIM2
SIM3
SIM4
1
21
22
SIM5
SIM1
SIM2
SIM3
SIM4
1
21
22
SIM5
SIM1
SIM2
SIM3
SIM4
1
21
22
SIM5
SIM1
SIM2
SIM3
SIM4
1
21
22
SIM5
SIM1
SIM2
SIM3
SIM4
1
21
22
SIM5
SIM1
SIM2
SIM3
SIM4
1
21
22
SIM5
SIM1
SIM2
SIM3
SIM4
1
21
22
SIM5
SIM1
SIM2
SIM3
SIM4
1
21
22
SIM5
SIM1
SIM2
SIM3
SIM4
1
21
22
SIM5
SIM1
SIM2
SIM3
SIM4
1
21
22
SIM5
SIM1
SIM2
SIM3
SIM4
1
21
22
SIM5
SIM1
SIM2
SIM3
SIM4
1
21
22
SIM5
SIM1
SIM2
SIM3
SIM4
1
21
22
SIM5
SIM1
SIM2
SIM3
SIM4
1
21
22
SIM5
SIM1
SIM2
SIM3
SIM4
1
21
22
SIM5
SIM1
SIM2
SIM3
SIM4
1
21
22
SIM5
SIM1
SIM2
SIM3
SIM4
1
21
22
SIM5
SIM1
SIM2
SIM3
SIM4
1
21
22
SIM5
SIM1
SIM2
SIM3
SIM4
1
21
22
SIM5
SIM1
SIM2
SIM3
SIM4
1
21
22
SIM5
SIM1
SIM2
SIM3
SIM4
1
21
22
SIM5
SIM1
SIM2
SIM3
SIM4
1
21
22
SIM5
SIM1
SIM2
SIM3
SIM4
1
21
22
SIM5
SIM1
SIM2
SIM3
SIM4
1
21
22
SIM5
SIM1
SIM2
SIM3
SIM4
1
21
22
SIM5
SIM1
SIM2
SIM3
SIM4
1
21
22
SIM5
SIM1
SIM2
SIM3
SIM4
1
21
22
SIM5
SIM1
SIM2
SIM3
SIM4
1
21
22
SIM5
SIM1
SIM2
SIM3
SIM4
1
21
22
SIM5
SIM1
SIM2
SIM3
SIM4
1
21
22
SIM5
SIM1
SIM2
SIM3
SIM4
1
21
22
SIM5
SIM1
SIM2
SIM3
SIM4
1
21
22
SIM5
SIM1
SIM2
SIM3
SIM4
1
21
22
SIM5
SIM1
SIM2
SIM3
SIM4
1
21
22
SIM5
SIM1
SIM2
SIM3
SIM4
1
21
22
SIM5
SIM1
SIM2
SIM3
SIM4
1
21
22
SIM5
SIM1
SIM2
SIM3
SIM4
1
21
22
SIM5
SIM1
SIM2
SIM3
SIM4
1
21
22
SIM5
SIM1
SIM2
SIM3
SIM4
1
21
22
SIM5
SIM1
SIM2
SIM3
SIM4
1
21
22
SIM5
SIM1
SIM2
SIM3
SIM4
1
21
22
SIM5
SIM1
SIM2
SIM3
SIM4
1
21
22
SIM5
SIM1
SIM2
SIM3
SIM4
1
21
22
SIM5
SIM1
SIM2
SIM3
SIM4
1
21
22
SIM5
SIM1
SIM2
SIM3
SIM4
1
21
22
SIM5
SIM1
SIM2
SIM3
SIM4
1
21
22
SIM5
SIM1
SIM2
SIM3
SIM4
1
21
22
SIM5
SIM1
SIM2
SIM3
SIM4
1
21
22
SIM5
SIM1
SIM2
SIM3
SIM4
1
21
22
SIM5
SIM1
SIM2
SIM3
SIM4
1
21
22
SIM5
SIM1
SIM2
SIM3
SIM4
1
21
22
SIM5
SIM1
SIM2
SIM3
SIM4
1
21
22
SIM5
SIM1
SIM2
SIM3
SIM4
1
21
22
SIM5
SIM1
SIM2
SIM3
SIM4
1
21
22
SIM5
SIM1
SIM2
SIM3
SIM4
1
21
22
SIM5
SIM1
SIM2
SIM3
SIM4
1
21
22
SIM5
SIM1
SIM2
SIM3
SIM4
1
21
22
SIM5
SIM1
SIM2
SIM3
SIM4
1
21
22
SIM5
SIM1
SIM2
SIM3
SIM4
1
21
22
SIM5
SIM1
SIM2
SIM3
SIM4
1
21
22
SIM5
SIM1
SIM2
SIM3
SIM4
1
21
22
SIM5
SIM1
SIM2
SIM3
SIM4
1
21
22
SIM5
SIM1
SIM2
DEBUG 1 997
SIM1
SIM2
SIM3
SIM4
1
21
22
SIM5
SIM1
SIM2
SIM3
SIM4
1
21
22
SIM5
SIM1
SIM2
SIM3
SIM4
1
21
22
SIM5
SIM1
SIM2
SIM3
SIM4
1
21
22
SIM5
SIM1
SIM2
SIM3
SIM4
1
21
22
SIM5
SIM1
SIM2
SIM3
SIM4
1
21
22
SIM5
SIM1
SIM2
SIM3
SIM4
1
21
22
SIM5
SIM1
SIM2
SIM3
SIM4
1
21
22
SIM5
SIM1
SIM2
SIM3
SIM4
1
21
22
SIM5
SIM1
SIM2
SIM3
SIM4
1
21
22
SIM5
SIM1
SIM2
SIM3
SIM4
1
21
22
SIM5
SIM1
SIM2
SIM3
SIM4
1
21
22
SIM5
SIM1
SIM2
SIM3
SIM4
1
21
22
SIM5
SIM1
SIM2
SIM3
SIM4
1
21
22
SIM5
SIM1
SIM2
SIM3
SIM4
1
21
22
SIM5
SIM1
SIM2
SIM3
SIM4
1
21
22
SIM5
SIM1
SIM2
SIM3
SIM4
1
21
22
SIM5
SIM1
SIM2
SIM3
SIM4
1
21
22
SIM5
SIM1
SIM2
SIM3
SIM4
1
21
22
SIM5
SIM1
SIM2
SIM3
SIM4
1
21
22
SIM5
SIM1
SIM2
SIM3
SIM4
1
21
22
SIM5
SIM1
SIM2
SIM3
SIM4
1
21
22
SIM5
SIM1
SIM2
SIM3
SIM4
1
21
22
SIM5
SIM1
SIM2
SIM3
SIM4
1
21
22
SIM5
SIM1
SIM2
SIM3
SIM4
1
21
22
SIM5
SIM1
SIM2
SIM3
SIM4
1
21
22
SIM5
SIM1
SIM2
SIM3
SIM4
1
21
22
SIM5
SIM1
SIM2
SIM3
SIM4
1
21
22
SIM5
SIM1
SIM2
SIM3
SIM4
1
21
22
SIM5
SIM1
SIM2
SIM3
SIM4
1
21
22
SIM5
SIM1
SIM2
SIM3
SIM4
1
21
22
SIM5
SIM1
SIM2
SIM3
SIM4
1
21
22
SIM5
SIM1
SIM2
SIM3
SIM4
1
21
22
SIM5
SIM1
SIM2
SIM3
SIM4
1
21
22
SIM5
SIM1
SIM2
SIM3
SIM4
1
21
22
SIM5
SIM1
SIM2
SIM3
SIM4
1
21
22
SIM5
SIM1
SIM2
SIM3
SIM4
1
21
22
SIM5
SIM1
SIM2
SIM3
SIM4
1
21
22
SIM5
SIM1
SIM2
SIM3
SIM4
1
21
22
SIM5
SIM1
SIM2
SIM3
SIM4
1
21
22
SIM5
SIM1
SIM2
SIM3
SIM4
1
21
22
SIM5
SIM1
SIM2
SIM3
SIM4
1
21
22
SIM5
SIM1
SIM2
SIM3
SIM4
1
21
22
SIM5
SIM1
SIM2
SIM3
SIM4
1
21
22
SIM5
SIM1
SIM2
SIM3
SIM4
1
21
22
SIM5
SIM1
SIM2
SIM3
SIM4
1
21
22
SIM5
SIM1
SIM2
SIM3
SIM4
1
21
22
SIM5
SIM1
SIM2
SIM3
SIM4
1
21
22
SIM5
SIM1
SIM2
SIM3
SIM4
1
21
22
SIM5
SIM1
SIM2
SIM3
SIM4
1
21
22
SIM5
SIM1
SIM2
SIM3
SIM4
1
21
22
SIM5
SIM1
SIM2
SIM3
SIM4
1
21
22
SIM5
SIM1
SIM2
SIM3
SIM4
1
21
22
SIM5
SIM1
SIM2
SIM3
SIM4
1
21
22
SIM5
SIM1
SIM2
SIM3
SIM4
1
21
22
SIM5
SIM1
SIM2
SIM3
SIM4
1
21
22
SIM5
SIM1
SIM2
SIM3
SIM4
1
21
22
SIM5
SIM1
SIM2
SIM3
SIM4
1
21
22
SIM5
SIM1
SIM2
SIM3
SIM4
1
21
22
SIM5
SIM1
SIM2
SIM3
SIM4
1
21
22
SIM5
SIM1
SIM2
SIM3
SIM4
1
21
22
SIM5
SIM1
SIM2
SIM3
SIM4
1
21
22
SIM5
SIM1
SIM2
SIM3
SIM4
1
21
22
SIM5
SIM1
SIM2
SIM3
SIM4
1
21
22
SIM5
SIM1
SIM2
SIM3
SIM4
1
21
22
SIM5
SIM1
SIM2
SIM3
SIM4
1
21
22
SIM5
SIM1
SIM2
SIM3
SIM4
1
21
22
SIM5
SIM1
SIM2
SIM3
SIM4
1
21
22
SIM5
SIM1
SIM2
SIM3
SIM4
1
21
22
SIM5
SIM1
SIM2
SIM3
SIM4
1
21
22
SIM5
SIM1
SIM2
SIM3
SIM4
1
21
22
SIM5
SIM1
SIM2
SIM3
SIM4
1
21
22
SIM5
SIM1
SIM2
SIM3
SIM4
1
21
22
SIM5
SIM1
SIM2
SIM3
SIM4
1
21
22
SIM5
SIM1
SIM2
SIM3
SIM4
1
21
22
SIM5
SIM1
SIM2
SIM3
SIM4
1
21
22
SIM5
SIM1
SIM2
SIM3
SIM4
1
21
22
SIM5
SIM1
SIM2
SIM3
SIM4
1
21
22
SIM5
SIM1
SIM2
SIM3
SIM4
1
21
22
SIM5
SIM1
SIM2
SIM3
SIM4
1
21
22
SIM5
SIM1
SIM2
SIM3
SIM4
1
21
22
SIM5
SIM1
SIM2
SIM3
SIM4
1
21
22
SIM5
SIM1
SIM2
SIM3
SIM4
1
21
22
SIM5
SIM1
SIM2
SIM3
SIM4
1
21
22
SIM5
SIM1
SIM2
SIM3
SIM4
1
21
22
SIM5
SIM1
SIM2
SIM3
SIM4
1
21
22
SIM5
SIM1
SIM2
SIM3
SIM4
1
21
22
SIM5
SIM1
SIM2
SIM3
SIM4
1
21
22
SIM5
SIM1
SIM2
SIM3
SIM4
1
21
22
SIM5
SIM1
SIM2
SIM3
SIM4
1
21
22
SIM5
SIM1
SIM2
SIM3
SIM4
1
21
22
SIM5
SIM1
SIM2
SIM3
SIM4
1
21
22
SIM5
SIM1
SIM2
SIM3
SIM4
1
21
22
SIM5
SIM1
SIM2
SIM3
SIM4
1
21
22
SIM5
SIM1
SIM2
SIM3
SIM4
1
21
22
SIM5
SIM1
SIM2
SIM3
SIM4
1
21
22
SIM5
SIM1
SIM2
SIM3
SIM4
1
21
22
SIM5
SIM1
SIM2
SIM3
SIM4
1
21
22
SIM5
SIM1
SIM2
SIM3
SIM4
1
21
22
SIM5
SIM1
SIM2
SIM3
SIM4
1
21
22
SIM5
SIM1
SIM2
SIM3
SIM4
1
21
22
SIM5
SIM1
SIM2
SIM3
SIM4
1
21
22
SIM5
SIM1
SIM2
SIM3
SIM4
1
21
22
SIM5
SIM1
SIM2
SIM3
SIM4
1
21
22
SIM5
SIM1
SIM2
SIM3
SIM4
1
21
22
SIM5
SIM1
SIM2
SIM3
SIM4
1
21
22
SIM5
SIM1
SIM2
SIM3
SIM4
1
21
22
SIM5
SIM1
SIM2
SIM3
SIM4
1
21
22
SIM5
SIM1
SIM2
SIM3
SIM4
1
21
22
SIM5
SIM1
SIM2
SIM3
SIM4
1
21
22
SIM5
SIM1
SIM2
SIM3
SIM4
1
21
22
SIM5
SIM1
SIM2
SIM3
SIM4
1
21
22
SIM5
SIM1
SIM2
SIM3
SIM4
1
21
22
SIM5
SIM1
SIM2
SIM3
SIM4
1
21
22
SIM5
SIM1
SIM2
SIM3
SIM4
1
21
22
SIM5
SIM1
SIM2
SIM3
SIM4
1
21
22
SIM5
SIM1
SIM2
SIM3
SIM4
1
21
22
SIM5
SIM1
SIM2
SIM3
SIM4
1
21
22
SIM5
SIM1
SIM2
SIM3
SIM4
1
21
22
SIM5
SIM1
SIM2
SIM3
SIM4
1
21
22
SIM5
SIM1
SIM2
SIM3
SIM4
1
21
22
SIM5
SIM1
SIM2
SIM3
SIM4
1
21
22
SIM5
SIM1
SIM2
SIM3
SIM4
1
21
22
SIM5
SIM1
SIM2
SIM3
SIM4
1
21
22
SIM5
SIM1
SIM2
SIM3
SIM4
1
21
22
SIM5
SIM1
SIM2
SIM3
SIM4
1
21
22
SIM5
SIM1
SIM2
SIM3
SIM4
1
21
22
SIM5
SIM1
SIM2
SIM3
SIM4
1
21
22
SIM5
SIM1
SIM2
SIM3
SIM4
1
21
22
SIM5
SIM1
SIM2
SIM3
SIM4
1
21
22
SIM5
SIM1
SIM2
SIM3
SIM4
1
21
22
SIM5
SIM1
SIM2
SIM3
SIM4
1
21
22
SIM5
SIM1
SIM2
SIM3
SIM4
1
21
22
SIM5
SIM1
SIM2
SIM3
SIM4
1
21
22
SIM5
SIM1
SIM2
SIM3
SIM4
1
21
22
SIM5
SIM1
SIM2
SIM3
SIM4
1
21
22
SIM5
SIM1
SIM2
SIM3
SIM4
1
21
22
SIM5
SIM1
SIM2
SIM3
SIM4
1
21
22
SIM5
SIM1
SIM2
SIM3
SIM4
1
21
22
SIM5
SIM1
SIM2
SIM3
SIM4
1
21
22
SIM5
SIM1
SIM2
SIM3
SIM4
1
21
22
SIM5
SIM1
SIM2
SIM3
SIM4
1
21
22
SIM5
SIM1
SIM2
SIM3
SIM4
1
21
22
SIM5
SIM1
SIM2
SIM3
SIM4
1
21
22
SIM5
SIM1
SIM2
SIM3
SIM4
1
21
22
SIM5
SIM1
SIM2
SIM3
SIM4
1
21
22
SIM5
SIM1
SIM2
SIM3
SIM4
1
21
22
SIM5
SIM1
SIM2
SIM3
SIM4
1
21
22
SIM5
SIM1
SIM2
SIM3
SIM4
1
21
22
SIM5
SIM1
SIM2
SIM3
SIM4
1
21
22
SIM5
SIM1
SIM2
SIM3
SIM4
1
21
22
SIM5
SIM1
SIM2
SIM3
SIM4
1
21
22
SIM5
SIM1
SIM2
SIM3
SIM4
1
21
22
SIM5
SIM1
SIM2
SIM3
SIM4
1
21
22
SIM5
SIM1
SIM2
SIM3
SIM4
1
21
22
SIM5
SIM1
SIM2
SIM3
SIM4
1
21
22
SIM5
SIM1
SIM2
SIM3
SIM4
1
21
22
SIM5
SIM1
SIM2
SIM3
SIM4
1
21
22
SIM5
SIM1
SIM2
SIM3
SIM4
1
21
22
SIM5
SIM1
SIM2
SIM3
SIM4
1
21
22
SIM5
SIM1
SIM2
SIM3
SIM4
1
21
22
SIM5
SIM1
SIM2
SIM3
SIM4
1
21
22
SIM5
SIM1
SIM2
SIM3
SIM4
1
21
22
SIM5
SIM1
SIM2
SIM3
SIM4
1
21
22
SIM5
SIM1
SIM2
SIM3
SIM4
1
21
22
SIM5
SIM1
SIM2
SIM3
SIM4
1
21
22
SIM5
SIM1
SIM2
SIM3
SIM4
1
21
22
SIM5
SIM1
SIM2
SIM3
SIM4
1
21
22
SIM5
SIM1
SIM2
SIM3
SIM4
1
21
22
SIM5
SIM1
SIM2
SIM3
SIM4
1
21
22
SIM5
SIM1
SIM2
SIM3
SIM4
1
21
22
SIM5
SIM1
SIM2
SIM3
SIM4
1
21
22
SIM5
SIM1
SIM2
SIM3
SIM4
1
21
22
SIM5
SIM1
SIM2
SIM3
SIM4
1
21
22
SIM5
SIM1
SIM2
SIM3
SIM4
1
21
22
SIM5
SIM1
SIM2
SIM3
SIM4
1
21
22
SIM5
SIM1
SIM2
SIM3
SIM4
1
21
22
SIM5
SIM1
SIM2
SIM3
SIM4
1
21
22
SIM5
SIM1
SIM2
SIM3
SIM4
1
21
22
SIM5
SIM1
SIM2
SIM3
SIM4
1
21
22
SIM5
SIM1
SIM2
SIM3
SIM4
1
21
22
SIM5
SIM1
SIM2
SIM3
SIM4
1
21
22
SIM5
SIM1
SIM2
SIM3
SIM4
1
21
22
SIM5
SIM1
SIM2
SIM3
SIM4
1
21
22
SIM5
SIM1
SIM2
SIM3
SIM4
1
21
22
SIM5
SIM1
SIM2
SIM3
SIM4
1
21
22
SIM5
SIM1
SIM2
SIM3
SIM4
1
21
22
SIM5
SIM1
SIM2
SIM3
SIM4
1
21
22
SIM5
SIM1
SIM2
SIM3
SIM4
1
21
22
SIM5
SIM1
SIM2
SIM3
SIM4
1
21
22
SIM5
SIM1
SIM2
SIM3
SIM4
1
21
22
SIM5
SIM1
SIM2
SIM3
SIM4
1
21
22
SIM5
SIM1
SIM2
SIM3
SIM4
1
21
22
SIM5
SIM1
SIM2
SIM3
SIM4
1
21
22
SIM5
SIM1
SIM2
SIM3
SIM4
1
21
22
SIM5
SIM1
SIM2
SIM3
SIM4
1
21
22
SIM5
SIM1
SIM2
SIM3
SIM4
1
21
22
SIM5
SIM1
SIM2
SIM3
SIM4
1
21
22
SIM5
SIM1
SIM2
SIM3
SIM4
1
21
22
SIM5
SIM1
SIM2
SIM3
SIM4
1
21
22
SIM5
SIM1
SIM2
SIM3
SIM4
1
21
22
SIM5
SIM1
SIM2
SIM3
SIM4
1
21
22
SIM5
SIM1
SIM2
SIM3
SIM4
1
21
22
SIM5
SIM1
SIM2
SIM3
SIM4
1
21
22
SIM5
SIM1
SIM2
SIM3
SIM4
1
21
22
SIM5
SIM1
SIM2
SIM3
SIM4
1
21
22
SIM5
SIM1
SIM2
SIM3
SIM4
1
21
22
SIM5
SIM1
SIM2
SIM3
SIM4
1
21
22
SIM5
SIM1
SIM2
SIM3
SIM4
1
21
22
SIM5
SIM1
SIM2
SIM3
SIM4
1
21
22
SIM5
SIM1
SIM2
SIM3
SIM4
1
21
22
SIM5
SIM1
SIM2
SIM3
SIM4
1
21
22
SIM5
SIM1
SIM2
SIM3
SIM4
1
21
22
SIM5
SIM1
SIM2
SIM3
SIM4
1
21
22
SIM5
SIM1
SIM2
SIM3
SIM4
1
21
22
SIM5
SIM1
SIM2
SIM3
SIM4
1
21
22
SIM5
SIM1
SIM2
SIM3
SIM4
1
21
22
SIM5
SIM1
SIM2
SIM3
SIM4
1
21
22
SIM5
SIM1
SIM2
SIM3
SIM4
1
21
22
SIM5
SIM1
SIM2
SIM3
SIM4
1
21
22
SIM5
SIM1
SIM2
SIM3
SIM4
1
21
22
SIM5
SIM1
SIM2
SIM3
SIM4
1
21
22
SIM5
SIM1
SIM2
SIM3
SIM4
1
21
22
SIM5
SIM1
SIM2
SIM3
SIM4
1
21
22
SIM5
SIM1
SIM2
SIM3
SIM4
1
21
22
SIM5
SIM1
SIM2
SIM3
SIM4
1
21
22
SIM5
SIM1
SIM2
SIM3
SIM4
1
21
22
SIM5
SIM1
SIM2
SIM3
SIM4
1
21
22
SIM5
SIM1
SIM2
SIM3
SIM4
1
21
22
SIM5
SIM1
SIM2
SIM3
SIM4
1
21
22
SIM5
SIM1
SIM2
SIM3
SIM4
1
21
22
SIM5
SIM1
SIM2
SIM3
SIM4
1
21
22
SIM5
SIM1
SIM2
SIM3
SIM4
1
21
22
SIM5
SIM1
SIM2
SIM3
SIM4
1
21
22
SIM5
SIM1
SIM2
SIM3
SIM4
1
21
22
SIM5
SIM1
SIM2
SIM3
SIM4
1
21
22
SIM5
SIM1
SIM2
SIM3
SIM4
1
21
22
SIM5
SIM1
SIM2
SIM3
SIM4
1
21
22
SIM5
SIM1
SIM2
SIM3
SIM4
1
21
22
SIM5
SIM1
SIM2
SIM3
SIM4
1
21
22
SIM5
SIM1
SIM2
SIM3
SIM4
1
21
22
SIM5
SIM1
SIM2
SIM3
SIM4
1
21
22
SIM5
SIM1
SIM2
SIM3
SIM4
1
21
22
SIM5
SIM1
SIM2
SIM3
SIM4
1
21
22
SIM5
SIM1
SIM2
SIM3
SIM4
1
21
22
SIM5
SIM1
SIM2
SIM3
SIM4
1
21
22
SIM5
SIM1
SIM2
SIM3
SIM4
1
21
22
SIM5
SIM1
SIM2
SIM3
SIM4
1
21
22
SIM5
SIM1
SIM2
SIM3
SIM4
1
21
22
SIM5
SIM1
SIM2
SIM3
SIM4
1
21
22
SIM5
SIM1
SIM2
SIM3
SIM4
1
21
22
SIM5
SIM1
SIM2
SIM3
SIM4
1
21
22
SIM5
SIM1
SIM2
SIM3
SIM4
1
21
22
SIM5
SIM1
SIM2
SIM3
SIM4
1
21
22
SIM5
SIM1
SIM2
SIM3
SIM4
1
21
22
SIM5
SIM1
SIM2
SIM3
SIM4
1
21
22
SIM5
SIM1
SIM2
SIM3
SIM4
1
21
22
SIM5
SIM1
SIM2
SIM3
SIM4
1
21
22
SIM5
SIM1
SIM2
SIM3
SIM4
1
21
22
SIM5
SIM1
SIM2
SIM3
SIM4
1
21
22
SIM5
SIM1
SIM2
SIM3
SIM4
1
21
22
SIM5
SIM1
SIM2
SIM3
SIM4
1
21
22
SIM5
SIM1
SIM2
SIM3
SIM4
1
21
22
SIM5
SIM1
SIM2
SIM3
SIM4
1
21
22
SIM5
SIM1
SIM2
SIM3
SIM4
1
21
22
SIM5
SIM1
SIM2
SIM3
SIM4
1
21
22
SIM5
SIM1
SIM2
SIM3
SIM4
1
21
22
SIM5
SIM1
SIM2
SIM3
SIM4
1
21
22
SIM5
SIM1
SIM2
SIM3
SIM4
1
21
22
SIM5
SIM1
SIM2
SIM3
SIM4
1
21
22
SIM5
SIM1
SIM2
SIM3
SIM4
1
21
22
SIM5
SIM1
SIM2
SIM3
SIM4
1
21
22
SIM5
SIM1
SIM2
SIM3
SIM4
1
21
22
SIM5
SIM1
SIM2
SIM3
SIM4
1
21
22
SIM5
SIM1
SIM2
SIM3
SIM4
1
21
22
SIM5
SIM1
SIM2
SIM3
SIM4
1
21
22
SIM5
SIM1
SIM2
SIM3
SIM4
1
21
22
SIM5
SIM1
SIM2
DEBUG 1 998
SIM1
SIM2
SIM3
SIM4
1
21
22
SIM5
SIM1
SIM2
SIM3
SIM4
1
21
22
SIM5
SIM1
SIM2
SIM3
SIM4
1
21
22
SIM5
SIM1
SIM2
SIM3
SIM4
1
21
22
SIM5
SIM1
SIM2
SIM3
SIM4
1
21
22
SIM5
SIM1
SIM2
SIM3
SIM4
1
21
22
SIM5
SIM1
SIM2
SIM3
SIM4
1
21
22
SIM5
SIM1
SIM2
SIM3
SIM4
1
21
22
SIM5
SIM1
SIM2
SIM3
SIM4
1
21
22
SIM5
SIM1
SIM2
SIM3
SIM4
1
21
22
SIM5
SIM1
SIM2
SIM3
SIM4
1
21
22
SIM5
SIM1
SIM2
SIM3
SIM4
1
21
22
SIM5
SIM1
SIM2
SIM3
SIM4
1
21
22
SIM5
SIM1
SIM2
SIM3
SIM4
1
21
22
SIM5
SIM1
SIM2
SIM3
SIM4
1
21
22
SIM5
SIM1
SIM2
SIM3
SIM4
1
21
22
SIM5
SIM1
SIM2
SIM3
SIM4
1
21
22
SIM5
SIM1
SIM2
SIM3
SIM4
1
21
22
SIM5
SIM1
SIM2
SIM3
SIM4
1
21
22
SIM5
SIM1
SIM2
SIM3
SIM4
1
21
22
SIM5
SIM1
SIM2
SIM3
SIM4
1
21
22
SIM5
SIM1
SIM2
SIM3
SIM4
1
21
22
SIM5
SIM1
SIM2
SIM3
SIM4
1
21
22
SIM5
SIM1
SIM2
SIM3
SIM4
1
21
22
SIM5
SIM1
SIM2
SIM3
SIM4
1
21
22
SIM5
SIM1
SIM2
SIM3
SIM4
1
21
22
SIM5
SIM1
SIM2
SIM3
SIM4
1
21
22
SIM5
SIM1
SIM2
SIM3
SIM4
1
21
22
SIM5
SIM1
SIM2
SIM3
SIM4
1
21
22
SIM5
SIM1
SIM2
SIM3
SIM4
1
21
22
SIM5
SIM1
SIM2
SIM3
SIM4
1
21
22
SIM5
SIM1
SIM2
SIM3
SIM4
1
21
22
SIM5
SIM1
SIM2
SIM3
SIM4
1
21
22
SIM5
SIM1
SIM2
SIM3
SIM4
1
21
22
SIM5
SIM1
SIM2
SIM3
SIM4
1
21
22
SIM5
SIM1
SIM2
SIM3
SIM4
1
21
22
SIM5
SIM1
SIM2
SIM3
SIM4
1
21
22
SIM5
SIM1
SIM2
SIM3
SIM4
1
21
22
SIM5
SIM1
SIM2
SIM3
SIM4
1
21
22
SIM5
SIM1
SIM2
SIM3
SIM4
1
21
22
SIM5
SIM1
SIM2
SIM3
SIM4
1
21
22
SIM5
SIM1
SIM2
SIM3
SIM4
1
21
22
SIM5
SIM1
SIM2
SIM3
SIM4
1
21
22
SIM5
SIM1
SIM2
SIM3
SIM4
1
21
22
SIM5
SIM1
SIM2
SIM3
SIM4
1
21
22
SIM5
SIM1
SIM2
SIM3
SIM4
1
21
22
SIM5
SIM1
SIM2
SIM3
SIM4
1
21
22
SIM5
SIM1
SIM2
SIM3
SIM4
1
21
22
SIM5
SIM1
SIM2
SIM3
SIM4
1
21
22
SIM5
SIM1
SIM2
SIM3
SIM4
1
21
22
SIM5
SIM1
SIM2
SIM3
SIM4
1
21
22
SIM5
SIM1
SIM2
SIM3
SIM4
1
21
22
SIM5
SIM1
SIM2
SIM3
SIM4
1
21
22
SIM5
SIM1
SIM2
SIM3
SIM4
1
21
22
SIM5
SIM1
SIM2
SIM3
SIM4
1
21
22
SIM5
SIM1
SIM2
SIM3
SIM4
1
21
22
SIM5
SIM1
SIM2
SIM3
SIM4
1
21
22
SIM5
SIM1
SIM2
SIM3
SIM4
1
21
22
SIM5
SIM1
SIM2
SIM3
SIM4
1
21
22
SIM5
SIM1
SIM2
SIM3
SIM4
1
21
22
SIM5
SIM1
SIM2
SIM3
SIM4
1
21
22
SIM5
SIM1
SIM2
SIM3
SIM4
1
21
22
SIM5
SIM1
SIM2
SIM3
SIM4
1
21
22
SIM5
SIM1
SIM2
SIM3
SIM4
1
21
22
SIM5
SIM1
SIM2
SIM3
SIM4
1
21
22
SIM5
SIM1
SIM2
SIM3
SIM4
1
21
22
SIM5
SIM1
SIM2
SIM3
SIM4
1
21
22
SIM5
SIM1
SIM2
SIM3
SIM4
1
21
22
SIM5
SIM1
SIM2
SIM3
SIM4
1
21
22
SIM5
SIM1
SIM2
SIM3
SIM4
1
21
22
SIM5
SIM1
SIM2
SIM3
SIM4
1
21
22
SIM5
SIM1
SIM2
SIM3
SIM4
1
21
22
SIM5
SIM1
SIM2
SIM3
SIM4
1
21
22
SIM5
SIM1
SIM2
SIM3
SIM4
1
21
22
SIM5
SIM1
SIM2
SIM3
SIM4
1
21
22
SIM5
SIM1
SIM2
SIM3
SIM4
1
21
22
SIM5
SIM1
SIM2
SIM3
SIM4
1
21
22
SIM5
SIM1
SIM2
SIM3
SIM4
1
21
22
SIM5
SIM1
SIM2
SIM3
SIM4
1
21
22
SIM5
SIM1
SIM2
SIM3
SIM4
1
21
22
SIM5
SIM1
SIM2
SIM3
SIM4
1
21
22
SIM5
SIM1
SIM2
SIM3
SIM4
1
21
22
SIM5
SIM1
SIM2
SIM3
SIM4
1
21
22
SIM5
SIM1
SIM2
SIM3
SIM4
1
21
22
SIM5
SIM1
SIM2
SIM3
SIM4
1
21
22
SIM5
SIM1
SIM2
SIM3
SIM4
1
21
22
SIM5
SIM1
SIM2
SIM3
SIM4
1
21
22
SIM5
SIM1
SIM2
SIM3
SIM4
1
21
22
SIM5
SIM1
SIM2
SIM3
SIM4
1
21
22
SIM5
SIM1
SIM2
SIM3
SIM4
1
21
22
SIM5
SIM1
SIM2
SIM3
SIM4
1
21
22
SIM5
SIM1
SIM2
SIM3
SIM4
1
21
22
SIM5
SIM1
SIM2
SIM3
SIM4
1
21
22
SIM5
SIM1
SIM2
SIM3
SIM4
1
21
22
SIM5
SIM1
SIM2
SIM3
SIM4
1
21
22
SIM5
SIM1
SIM2
SIM3
SIM4
1
21
22
SIM5
SIM1
SIM2
SIM3
SIM4
1
21
22
SIM5
SIM1
SIM2
SIM3
SIM4
1
21
22
SIM5
SIM1
SIM2
SIM3
SIM4
1
21
22
SIM5
SIM1
SIM2
SIM3
SIM4
1
21
22
SIM5
SIM1
SIM2
SIM3
SIM4
1
21
22
SIM5
SIM1
SIM2
SIM3
SIM4
1
21
22
SIM5
SIM1
SIM2
SIM3
SIM4
1
21
22
SIM5
SIM1
SIM2
SIM3
SIM4
1
21
22
SIM5
SIM1
SIM2
SIM3
SIM4
1
21
22
SIM5
SIM1
SIM2
SIM3
SIM4
1
21
22
SIM5
SIM1
SIM2
SIM3
SIM4
1
21
22
SIM5
SIM1
SIM2
SIM3
SIM4
1
21
22
SIM5
SIM1
SIM2
SIM3
SIM4
1
21
22
SIM5
SIM1
SIM2
SIM3
SIM4
1
21
22
SIM5
SIM1
SIM2
SIM3
SIM4
1
21
22
SIM5
SIM1
SIM2
SIM3
SIM4
1
21
22
SIM5
SIM1
SIM2
SIM3
SIM4
1
21
22
SIM5
SIM1
SIM2
SIM3
SIM4
1
21
22
SIM5
SIM1
SIM2
SIM3
SIM4
1
21
22
SIM5
SIM1
SIM2
SIM3
SIM4
1
21
22
SIM5
SIM1
SIM2
SIM3
SIM4
1
21
22
SIM5
SIM1
SIM2
SIM3
SIM4
1
21
22
SIM5
SIM1
SIM2
SIM3
SIM4
1
21
22
SIM5
SIM1
SIM2
SIM3
SIM4
1
21
22
SIM5
SIM1
SIM2
SIM3
SIM4
1
21
22
SIM5
SIM1
SIM2
SIM3
SIM4
1
21
22
SIM5
SIM1
SIM2
SIM3
SIM4
1
21
22
SIM5
SIM1
SIM2
SIM3
SIM4
1
21
22
SIM5
SIM1
SIM2
SIM3
SIM4
1
21
22
SIM5
SIM1
SIM2
SIM3
SIM4
1
21
22
SIM5
SIM1
SIM2
SIM3
SIM4
1
21
22
SIM5
SIM1
SIM2
SIM3
SIM4
1
21
22
SIM5
SIM1
SIM2
SIM3
SIM4
1
21
22
SIM5
SIM1
SIM2
SIM3
SIM4
1
21
22
SIM5
SIM1
SIM2
SIM3
SIM4
1
21
22
SIM5
SIM1
SIM2
SIM3
SIM4
1
21
22
SIM5
SIM1
SIM2
SIM3
SIM4
1
21
22
SIM5
SIM1
SIM2
SIM3
SIM4
1
21
22
SIM5
SIM1
SIM2
SIM3
SIM4
1
21
22
SIM5
SIM1
SIM2
SIM3
SIM4
1
21
22
SIM5
SIM1
SIM2
SIM3
SIM4
1
21
22
SIM5
SIM1
SIM2
SIM3
SIM4
1
21
22
SIM5
SIM1
SIM2
SIM3
SIM4
1
21
22
SIM5
SIM1
SIM2
SIM3
SIM4
1
21
22
SIM5
SIM1
SIM2
SIM3
SIM4
1
21
22
SIM5
SIM1
SIM2
SIM3
SIM4
1
21
22
SIM5
SIM1
SIM2
SIM3
SIM4
1
21
22
SIM5
SIM1
SIM2
SIM3
SIM4
1
21
22
SIM5
SIM1
SIM2
SIM3
SIM4
1
21
22
SIM5
SIM1
SIM2
SIM3
SIM4
1
21
22
SIM5
SIM1
SIM2
SIM3
SIM4
1
21
22
SIM5
SIM1
SIM2
SIM3
SIM4
1
21
22
SIM5
SIM1
SIM2
SIM3
SIM4
1
21
22
SIM5
SIM1
SIM2
SIM3
SIM4
1
21
22
SIM5
SIM1
SIM2
SIM3
SIM4
1
21
22
SIM5
SIM1
SIM2
SIM3
SIM4
1
21
22
SIM5
SIM1
SIM2
SIM3
SIM4
1
21
22
SIM5
SIM1
SIM2
SIM3
SIM4
1
21
22
SIM5
SIM1
SIM2
SIM3
SIM4
1
21
22
SIM5
SIM1
SIM2
SIM3
SIM4
1
21
22
SIM5
SIM1
SIM2
SIM3
SIM4
1
21
22
SIM5
SIM1
SIM2
SIM3
SIM4
1
21
22
SIM5
SIM1
SIM2
SIM3
SIM4
1
21
22
SIM5
SIM1
SIM2
SIM3
SIM4
1
21
22
SIM5
SIM1
SIM2
SIM3
SIM4
1
21
22
SIM5
SIM1
SIM2
SIM3
SIM4
1
21
22
SIM5
SIM1
SIM2
SIM3
SIM4
1
21
22
SIM5
SIM1
SIM2
SIM3
SIM4
1
21
22
SIM5
SIM1
SIM2
SIM3
SIM4
1
21
22
SIM5
SIM1
SIM2
SIM3
SIM4
1
21
22
SIM5
SIM1
SIM2
SIM3
SIM4
1
21
22
SIM5
SIM1
SIM2
SIM3
SIM4
1
21
22
SIM5
SIM1
SIM2
SIM3
SIM4
1
21
22
SIM5
SIM1
SIM2
SIM3
SIM4
1
21
22
SIM5
SIM1
SIM2
SIM3
SIM4
1
21
22
SIM5
SIM1
SIM2
SIM3
SIM4
1
21
22
SIM5
SIM1
SIM2
SIM3
SIM4
1
21
22
SIM5
SIM1
SIM2
SIM3
SIM4
1
21
22
SIM5
SIM1
SIM2
SIM3
SIM4
1
21
22
SIM5
SIM1
SIM2
SIM3
SIM4
1
21
22
SIM5
SIM1
SIM2
SIM3
SIM4
1
21
22
SIM5
SIM1
SIM2
SIM3
SIM4
1
21
22
SIM5
SIM1
SIM2
SIM3
SIM4
1
21
22
SIM5
SIM1
SIM2
SIM3
SIM4
1
21
22
SIM5
SIM1
SIM2
SIM3
SIM4
1
21
22
SIM5
SIM1
SIM2
SIM3
SIM4
1
21
22
SIM5
SIM1
SIM2
SIM3
SIM4
1
21
22
SIM5
SIM1
SIM2
SIM3
SIM4
1
21
22
SIM5
SIM1
SIM2
SIM3
SIM4
1
21
22
SIM5
SIM1
SIM2
SIM3
SIM4
1
21
22
SIM5
SIM1
SIM2
SIM3
SIM4
1
21
22
SIM5
SIM1
SIM2
SIM3
SIM4
1
21
22
SIM5
SIM1
SIM2
SIM3
SIM4
1
21
22
SIM5
SIM1
SIM2
SIM3
SIM4
1
21
22
SIM5
SIM1
SIM2
SIM3
SIM4
1
21
22
SIM5
SIM1
SIM2
SIM3
SIM4
1
21
22
SIM5
SIM1
SIM2
SIM3
SIM4
1
21
22
SIM5
SIM1
SIM2
SIM3
SIM4
1
21
22
SIM5
SIM1
SIM2
SIM3
SIM4
1
21
22
SIM5
SIM1
SIM2
SIM3
SIM4
1
21
22
SIM5
SIM1
SIM2
SIM3
SIM4
1
21
22
SIM5
SIM1
SIM2
SIM3
SIM4
1
21
22
SIM5
SIM1
SIM2
SIM3
SIM4
1
21
22
SIM5
SIM1
SIM2
SIM3
SIM4
1
21
22
SIM5
SIM1
SIM2
SIM3
SIM4
1
21
22
SIM5
SIM1
SIM2
SIM3
SIM4
1
21
22
SIM5
SIM1
SIM2
SIM3
SIM4
1
21
22
SIM5
SIM1
SIM2
SIM3
SIM4
1
21
22
SIM5
SIM1
SIM2
SIM3
SIM4
1
21
22
SIM5
SIM1
SIM2
SIM3
SIM4
1
21
22
SIM5
SIM1
SIM2
SIM3
SIM4
1
21
22
SIM5
SIM1
SIM2
SIM3
SIM4
1
21
22
SIM5
SIM1
SIM2
SIM3
SIM4
1
21
22
SIM5
SIM1
SIM2
SIM3
SIM4
1
21
22
SIM5
SIM1
SIM2
SIM3
SIM4
1
21
22
SIM5
SIM1
SIM2
SIM3
SIM4
1
21
22
SIM5
SIM1
SIM2
SIM3
SIM4
1
21
22
SIM5
SIM1
SIM2
SIM3
SIM4
1
21
22
SIM5
SIM1
SIM2
SIM3
SIM4
1
21
22
SIM5
SIM1
SIM2
SIM3
SIM4
1
21
22
SIM5
SIM1
SIM2
SIM3
SIM4
1
21
22
SIM5
SIM1
SIM2
SIM3
SIM4
1
21
22
SIM5
SIM1
SIM2
SIM3
SIM4
1
21
22
SIM5
SIM1
SIM2
SIM3
SIM4
1
21
22
SIM5
SIM1
SIM2
SIM3
SIM4
1
21
22
SIM5
SIM1
SIM2
DEBUG 1 999
SIM1
SIM2
SIM3
SIM4
1
21
22
SIM5
SIM1
SIM2
SIM3
SIM4
1
21
22
SIM5
SIM1
SIM2
SIM3
SIM4
1
21
22
SIM5
SIM1
SIM2
SIM3
SIM4
1
21
22
SIM5
SIM1
SIM2
SIM3
SIM4
1
21
22
SIM5
SIM1
SIM2
SIM3
SIM4
1
21
22
SIM5
SIM1
SIM2
SIM3
SIM4
1
21
22
SIM5
SIM1
SIM2
SIM3
SIM4
1
21
22
SIM5
SIM1
SIM2
SIM3
SIM4
1
21
22
SIM5
SIM1
SIM2
SIM3
SIM4
1
21
22
SIM5
SIM1
SIM2
SIM3
SIM4
1
21
22
SIM5
SIM1
SIM2
SIM3
SIM4
1
21
22
SIM5
SIM1
SIM2
SIM3
SIM4
1
21
22
SIM5
SIM1
SIM2
SIM3
SIM4
1
21
22
SIM5
SIM1
SIM2
SIM3
SIM4
1
21
22
SIM5
SIM1
SIM2
SIM3
SIM4
1
21
22
SIM5
SIM1
SIM2
SIM3
SIM4
1
21
22
SIM5
SIM1
SIM2
SIM3
SIM4
1
21
22
SIM5
SIM1
SIM2
SIM3
SIM4
1
21
22
SIM5
SIM1
SIM2
SIM3
SIM4
1
21
22
SIM5
SIM1
SIM2
SIM3
SIM4
1
21
22
SIM5
SIM1
SIM2
SIM3
SIM4
1
21
22
SIM5
SIM1
SIM2
SIM3
SIM4
1
21
22
SIM5
SIM1
SIM2
SIM3
SIM4
1
21
22
SIM5
SIM1
SIM2
SIM3
SIM4
1
21
22
SIM5
SIM1
SIM2
SIM3
SIM4
1
21
22
SIM5
SIM1
SIM2
SIM3
SIM4
1
21
22
SIM5
SIM1
SIM2
SIM3
SIM4
1
21
22
SIM5
SIM1
SIM2
SIM3
SIM4
1
21
22
SIM5
SIM1
SIM2
SIM3
SIM4
1
21
22
SIM5
SIM1
SIM2
SIM3
SIM4
1
21
22
SIM5
SIM1
SIM2
SIM3
SIM4
1
21
22
SIM5
SIM1
SIM2
SIM3
SIM4
1
21
22
SIM5
SIM1
SIM2
SIM3
SIM4
1
21
22
SIM5
SIM1
SIM2
SIM3
SIM4
1
21
22
SIM5
SIM1
SIM2
SIM3
SIM4
1
21
22
SIM5
SIM1
SIM2
SIM3
SIM4
1
21
22
SIM5
SIM1
SIM2
SIM3
SIM4
1
21
22
SIM5
SIM1
SIM2
SIM3
SIM4
1
21
22
SIM5
SIM1
SIM2
SIM3
SIM4
1
21
22
SIM5
SIM1
SIM2
SIM3
SIM4
1
21
22
SIM5
SIM1
SIM2
SIM3
SIM4
1
21
22
SIM5
SIM1
SIM2
SIM3
SIM4
1
21
22
SIM5
SIM1
SIM2
SIM3
SIM4
1
21
22
SIM5
SIM1
SIM2
SIM3
SIM4
1
21
22
SIM5
SIM1
SIM2
SIM3
SIM4
1
21
22
SIM5
SIM1
SIM2
SIM3
SIM4
1
21
22
SIM5
SIM1
SIM2
SIM3
SIM4
1
21
22
SIM5
SIM1
SIM2
SIM3
SIM4
1
21
22
SIM5
SIM1
SIM2
SIM3
SIM4
1
21
22
SIM5
SIM1
SIM2
SIM3
SIM4
1
21
22
SIM5
SIM1
SIM2
SIM3
SIM4
1
21
22
SIM5
SIM1
SIM2
SIM3
SIM4
1
21
22
SIM5
SIM1
SIM2
SIM3
SIM4
1
21
22
SIM5
SIM1
SIM2
SIM3
SIM4
1
21
22
SIM5
SIM1
SIM2
SIM3
SIM4
1
21
22
SIM5
SIM1
SIM2
SIM3
SIM4
1
21
22
SIM5
SIM1
SIM2
SIM3
SIM4
1
21
22
SIM5
SIM1
SIM2
SIM3
SIM4
1
21
22
SIM5
SIM1
SIM2
SIM3
SIM4
1
21
22
SIM5
SIM1
SIM2
SIM3
SIM4
1
21
22
SIM5
SIM1
SIM2
SIM3
SIM4
1
21
22
SIM5
SIM1
SIM2
SIM3
SIM4
1
21
22
SIM5
SIM1
SIM2
SIM3
SIM4
1
21
22
SIM5
SIM1
SIM2
SIM3
SIM4
1
21
22
SIM5
SIM1
SIM2
SIM3
SIM4
1
21
22
SIM5
SIM1
SIM2
SIM3
SIM4
1
21
22
SIM5
SIM1
SIM2
SIM3
SIM4
1
21
22
SIM5
SIM1
SIM2
SIM3
SIM4
1
21
22
SIM5
SIM1
SIM2
SIM3
SIM4
1
21
22
SIM5
SIM1
SIM2
SIM3
SIM4
1
21
22
SIM5
SIM1
SIM2
SIM3
SIM4
1
21
22
SIM5
SIM1
SIM2
SIM3
SIM4
1
21
22
SIM5
SIM1
SIM2
SIM3
SIM4
1
21
22
SIM5
SIM1
SIM2
SIM3
SIM4
1
21
22
SIM5
SIM1
SIM2
SIM3
SIM4
1
21
22
SIM5
SIM1
SIM2
SIM3
SIM4
1
21
22
SIM5
SIM1
SIM2
SIM3
SIM4
1
21
22
SIM5
SIM1
SIM2
SIM3
SIM4
1
21
22
SIM5
SIM1
SIM2
SIM3
SIM4
1
21
22
SIM5
SIM1
SIM2
SIM3
SIM4
1
21
22
SIM5
SIM1
SIM2
SIM3
SIM4
1
21
22
SIM5
SIM1
SIM2
SIM3
SIM4
1
21
22
SIM5
SIM1
SIM2
SIM3
SIM4
1
21
22
SIM5
SIM1
SIM2
SIM3
SIM4
1
21
22
SIM5
SIM1
SIM2
SIM3
SIM4
1
21
22
SIM5
SIM1
SIM2
SIM3
SIM4
1
21
22
SIM5
SIM1
SIM2
SIM3
SIM4
1
21
22
SIM5
SIM1
SIM2
SIM3
SIM4
1
21
22
SIM5
SIM1
SIM2
SIM3
SIM4
1
21
22
SIM5
SIM1
SIM2
SIM3
SIM4
1
21
22
SIM5
SIM1
SIM2
SIM3
SIM4
1
21
22
SIM5
SIM1
SIM2
SIM3
SIM4
1
21
22
SIM5
SIM1
SIM2
SIM3
SIM4
1
21
22
SIM5
SIM1
SIM2
SIM3
SIM4
1
21
22
SIM5
SIM1
SIM2
SIM3
SIM4
1
21
22
SIM5
SIM1
SIM2
SIM3
SIM4
1
21
22
SIM5
SIM1
SIM2
SIM3
SIM4
1
21
22
SIM5
SIM1
SIM2
SIM3
SIM4
1
21
22
SIM5
SIM1
SIM2
SIM3
SIM4
1
21
22
SIM5
SIM1
SIM2
SIM3
SIM4
1
21
22
SIM5
SIM1
SIM2
SIM3
SIM4
1
21
22
SIM5
SIM1
SIM2
SIM3
SIM4
1
21
22
SIM5
SIM1
SIM2
SIM3
SIM4
1
21
22
SIM5
SIM1
SIM2
SIM3
SIM4
1
21
22
SIM5
SIM1
SIM2
SIM3
SIM4
1
21
22
SIM5
SIM1
SIM2
SIM3
SIM4
1
21
22
SIM5
SIM1
SIM2
SIM3
SIM4
1
21
22
SIM5
SIM1
SIM2
SIM3
SIM4
1
21
22
SIM5
SIM1
SIM2
SIM3
SIM4
1
21
22
SIM5
SIM1
SIM2
SIM3
SIM4
1
21
22
SIM5
SIM1
SIM2
SIM3
SIM4
1
21
22
SIM5
SIM1
SIM2
SIM3
SIM4
1
21
22
SIM5
SIM1
SIM2
SIM3
SIM4
1
21
22
SIM5
SIM1
SIM2
SIM3
SIM4
1
21
22
SIM5
SIM1
SIM2
SIM3
SIM4
1
21
22
SIM5
SIM1
SIM2
SIM3
SIM4
1
21
22
SIM5
SIM1
SIM2
SIM3
SIM4
1
21
22
SIM5
SIM1
SIM2
SIM3
SIM4
1
21
22
SIM5
SIM1
SIM2
SIM3
SIM4
1
21
22
SIM5
SIM1
SIM2
SIM3
SIM4
1
21
22
SIM5
SIM1
SIM2
SIM3
SIM4
1
21
22
SIM5
SIM1
SIM2
SIM3
SIM4
1
21
22
SIM5
SIM1
SIM2
SIM3
SIM4
1
21
22
SIM5
SIM1
SIM2
SIM3
SIM4
1
21
22
SIM5
SIM1
SIM2
SIM3
SIM4
1
21
22
SIM5
SIM1
SIM2
SIM3
SIM4
1
21
22
SIM5
SIM1
SIM2
SIM3
SIM4
1
21
22
SIM5
SIM1
SIM2
SIM3
SIM4
1
21
22
SIM5
SIM1
SIM2
SIM3
SIM4
1
21
22
SIM5
SIM1
SIM2
SIM3
SIM4
1
21
22
SIM5
SIM1
SIM2
SIM3
SIM4
1
21
22
SIM5
SIM1
SIM2
SIM3
SIM4
1
21
22
SIM5
SIM1
SIM2
SIM3
SIM4
1
21
22
SIM5
SIM1
SIM2
SIM3
SIM4
1
21
22
SIM5
SIM1
SIM2
SIM3
SIM4
1
21
22
SIM5
SIM1
SIM2
SIM3
SIM4
1
21
22
SIM5
SIM1
SIM2
SIM3
SIM4
1
21
22
SIM5
SIM1
SIM2
SIM3
SIM4
1
21
22
SIM5
SIM1
SIM2
SIM3
SIM4
1
21
22
SIM5
SIM1
SIM2
SIM3
SIM4
1
21
22
SIM5
SIM1
SIM2
SIM3
SIM4
1
21
22
SIM5
SIM1
SIM2
SIM3
SIM4
1
21
22
SIM5
SIM1
SIM2
SIM3
SIM4
1
21
22
SIM5
SIM1
SIM2
SIM3
SIM4
1
21
22
SIM5
SIM1
SIM2
SIM3
SIM4
1
21
22
SIM5
SIM1
SIM2
SIM3
SIM4
1
21
22
SIM5
SIM1
SIM2
SIM3
SIM4
1
21
22
SIM5
SIM1
SIM2
SIM3
SIM4
1
21
22
SIM5
SIM1
SIM2
SIM3
SIM4
1
21
22
SIM5
SIM1
SIM2
SIM3
SIM4
1
21
22
SIM5
SIM1
SIM2
SIM3
SIM4
1
21
22
SIM5
SIM1
SIM2
SIM3
SIM4
1
21
22
SIM5
SIM1
SIM2
SIM3
SIM4
1
21
22
SIM5
SIM1
SIM2
SIM3
SIM4
1
21
22
SIM5
SIM1
SIM2
SIM3
SIM4
1
21
22
SIM5
SIM1
SIM2
SIM3
SIM4
1
21
22
SIM5
SIM1
SIM2
SIM3
SIM4
1
21
22
SIM5
SIM1
SIM2
SIM3
SIM4
1
21
22
SIM5
SIM1
SIM2
SIM3
SIM4
1
21
22
SIM5
SIM1
SIM2
SIM3
SIM4
1
21
22
SIM5
SIM1
SIM2
SIM3
SIM4
1
21
22
SIM5
SIM1
SIM2
SIM3
SIM4
1
21
22
SIM5
SIM1
SIM2
SIM3
SIM4
1
21
22
SIM5
SIM1
SIM2
SIM3
SIM4
1
21
22
SIM5
SIM1
SIM2
SIM3
SIM4
1
21
22
SIM5
SIM1
SIM2
SIM3
SIM4
1
21
22
SIM5
SIM1
SIM2
SIM3
SIM4
1
21
22
SIM5
SIM1
SIM2
SIM3
SIM4
1
21
22
SIM5
SIM1
SIM2
SIM3
SIM4
1
21
22
SIM5
SIM1
SIM2
SIM3
SIM4
1
21
22
SIM5
SIM1
SIM2
SIM3
SIM4
1
21
22
SIM5
SIM1
SIM2
SIM3
SIM4
1
21
22
SIM5
SIM1
SIM2
SIM3
SIM4
1
21
22
SIM5
SIM1
SIM2
SIM3
SIM4
1
21
22
SIM5
SIM1
SIM2
SIM3
SIM4
1
21
22
SIM5
SIM1
SIM2
SIM3
SIM4
1
21
22
SIM5
SIM1
SIM2
SIM3
SIM4
1
21
22
SIM5
SIM1
SIM2
SIM3
SIM4
1
21
22
SIM5
SIM1
SIM2
SIM3
SIM4
1
21
22
SIM5
SIM1
SIM2
SIM3
SIM4
1
21
22
SIM5
SIM1
SIM2
SIM3
SIM4
1
21
22
SIM5
SIM1
SIM2
SIM3
SIM4
1
21
22
SIM5
SIM1
SIM2
SIM3
SIM4
1
21
22
SIM5
SIM1
SIM2
SIM3
SIM4
1
21
22
SIM5
SIM1
SIM2
SIM3
SIM4
1
21
22
SIM5
SIM1
SIM2
SIM3
SIM4
1
21
22
SIM5
SIM1
SIM2
SIM3
SIM4
1
21
22
SIM5
SIM1
SIM2
SIM3
SIM4
1
21
22
SIM5
SIM1
SIM2
SIM3
SIM4
1
21
22
SIM5
SIM1
SIM2
SIM3
SIM4
1
21
22
SIM5
SIM1
SIM2
SIM3
SIM4
1
21
22
SIM5
SIM1
SIM2
SIM3
SIM4
1
21
22
SIM5
SIM1
SIM2
SIM3
SIM4
1
21
22
SIM5
SIM1
SIM2
SIM3
SIM4
1
21
22
SIM5
SIM1
SIM2
SIM3
SIM4
1
21
22
SIM5
SIM1
SIM2
SIM3
SIM4
1
21
22
SIM5
SIM1
SIM2
SIM3
SIM4
1
21
22
SIM5
SIM1
SIM2
SIM3
SIM4
1
21
22
SIM5
SIM1
SIM2
DEBUG 2
number of children: 7
best move: 111111111011010000202202222222221
DEBUG 3
SUB SUB DEBUG 3
there is a highlighted square
there is a highlighted square
there is a highlighted square
there is a highlighted square
there is a highlighted square
there is a highlighted square
SUB SUB DEBUG 3
DEBUG 1 0
SIM1
SIM2
SIM3
SIM4
1
21
22
SIM5
SIM1
SIM2
SIM3
SIM4
1
21
22
SIM5
SIM1
SIM2
SIM3
SIM4
1
21
22
SIM5
SIM1
SIM2
SIM3
SIM4
1
21
22
SIM5
SIM1
SIM2
SIM3
SIM4
1
21
22
SIM5
SIM1
SIM2
SIM3
SIM4
1
21
22
SIM5
SIM1
SIM2
SIM3
SIM4
1
21
22
SIM5
SIM1
SIM2
SIM3
SIM4
1
21
22
SIM5
SIM1
SIM2
SIM3
SIM4
1
21
22
SIM5
SIM1
SIM2
SIM3
SIM4
1
21
22
SIM5
SIM1
SIM2
SIM3
SIM4
1
21
22
SIM5
SIM1
SIM2
SIM3
SIM4
1
21
22
SIM5
SIM1
SIM2
SIM3
SIM4
1
21
22
SIM5
SIM1
SIM2
SIM3
SIM4
1
21
22
SIM5
SIM1
SIM2
SIM3
SIM4
1
21
22
SIM5
SIM1
SIM2
SIM3
SIM4
1
21
22
SIM5
SIM1
SIM2
SIM3
SIM4
1
21
22
SIM5
SIM1
SIM2
SIM3
SIM4
1
21
22
SIM5
SIM1
SIM2
SIM3
SIM4
1
21
22
SIM5
SIM1
SIM2
SIM3
SIM4
1
21
22
SIM5
SIM1
SIM2
SIM3
SIM4
1
21
22
SIM5
SIM1
SIM2
SIM3
SIM4
1
21
22
SIM5
SIM1
SIM2
SIM3
SIM4
1
21
22
SIM5
SIM1
SIM2
SIM3
SIM4
1
21
22
SIM5
SIM1
SIM2
SIM3
SIM4
1
21
22
SIM5
SIM1
SIM2
SIM3
SIM4
1
21
22
SIM5
SIM1
SIM2
SIM3
SIM4
1
21
22
SIM5
SIM1
SIM2
SIM3
SIM4
1
21
22
SIM5
SIM1
SIM2
SIM3
SIM4
1
21
22
SIM5
SIM1
SIM2
SIM3
SIM4
1
21
22
SIM5
SIM1
SIM2
SIM3
SIM4
1
21
22
SIM5
SIM1
SIM2
SIM3
SIM4
1
21
22
SIM5
SIM1
SIM2
SIM3
SIM4
1
21
22
SIM5
SIM1
SIM2
SIM3
SIM4
1
21
22
SIM5
SIM1
SIM2
SIM3
SIM4
1
21
22
SIM5
SIM1
SIM2
SIM3
SIM4
1
21
22
SIM5
SIM1
SIM2
SIM3
SIM4
1
21
22
SIM5
SIM1
SIM2
SIM3
SIM4
1
21
22
SIM5
SIM1
SIM2
SIM3
SIM4
1
21
22
SIM5
SIM1
SIM2
SIM3
SIM4
1
21
22
SIM5
SIM1
SIM2
SIM3
SIM4
1
21
22
SIM5
SIM1
SIM2
SIM3
SIM4
1
21
22
SIM5
SIM1
SIM2
SIM3
SIM4
1
21
22
SIM5
SIM1
SIM2
SIM3
SIM4
1
21
22
SIM5
SIM1
SIM2
SIM3
SIM4
1
21
22
SIM5
SIM1
SIM2
SIM3
SIM4
1
21
22
SIM5
SIM1
SIM2
SIM3
SIM4
1
21
22
SIM5
SIM1
SIM2
SIM3
SIM4
1
21
22
SIM5
SIM1
SIM2
SIM3
SIM4
1
21
22
SIM5
SIM1
SIM2
SIM3
SIM4
1
21
22
SIM5
SIM1
SIM2
SIM3
SIM4
1
21
22
SIM5
SIM1
SIM2
SIM3
SIM4
1
21
22
SIM5
SIM1
SIM2
SIM3
SIM4
1
21
22
SIM5
SIM1
SIM2
SIM3
SIM4
1
21
22
SIM5
SIM1
SIM2
SIM3
SIM4
1
21
22
SIM5
SIM1
SIM2
SIM3
SIM4
1
21
22
SIM5
SIM1
SIM2
SIM3
SIM4
1
21
22
SIM5
SIM1
SIM2
SIM3
SIM4
1
21
22
SIM5
SIM1
SIM2
SIM3
SIM4
1
21
22
SIM5
SIM1
SIM2
SIM3
SIM4
1
21
22
SIM5
SIM1
SIM2
SIM3
SIM4
1
21
22
SIM5
SIM1
SIM2
SIM3
SIM4
1
21
22
SIM5
SIM1
SIM2
SIM3
SIM4
1
21
22
SIM5
SIM1
SIM2
SIM3
SIM4
1
21
22
SIM5
SIM1
SIM2
SIM3
SIM4
1
21
22
SIM5
SIM1
SIM2
SIM3
SIM4
1
21
22
SIM5
SIM1
SIM2
SIM3
SIM4
1
21
22
SIM5
SIM1
SIM2
SIM3
SIM4
1
21
22
SIM5
SIM1
SIM2
SIM3
SIM4
1
21
22
SIM5
SIM1
SIM2
SIM3
SIM4
1
21
22
SIM5
SIM1
SIM2
SIM3
SIM4
1
21
22
SIM5
SIM1
SIM2
SIM3
SIM4
1
21
22
SIM5
SIM1
SIM2
SIM3
SIM4
1
21
22
SIM5
SIM1
SIM2
SIM3
SIM4
1
21
22
SIM5
SIM1
SIM2
SIM3
SIM4
1
21
22
SIM5
SIM1
SIM2
SIM3
SIM4
1
21
22
SIM5
SIM1
SIM2
SIM3
SIM4
1
21
22
SIM5
SIM1
SIM2
SIM3
SIM4
1
21
22
SIM5
SIM1
SIM2
SIM3
SIM4
1
21
22
SIM5
SIM1
SIM2
SIM3
SIM4
1
21
22
SIM5
SIM1
SIM2
SIM3
SIM4
1
21
22
SIM5
SIM1
SIM2
SIM3
SIM4
1
21
22
SIM5
SIM1
SIM2
SIM3
SIM4
1
21
22
SIM5
SIM1
SIM2
SIM3
SIM4
1
21
22
SIM5
SIM1
SIM2
SIM3
SIM4
1
21
22
SIM5
SIM1
SIM2
SIM3
SIM4
1
21
22
SIM5
SIM1
SIM2
SIM3
SIM4
1
21
22
SIM5
SIM1
SIM2
SIM3
SIM4
1
21
22
SIM5
SIM1
SIM2
SIM3
SIM4
1
21
22
SIM5
SIM1
SIM2
SIM3
SIM4
1
21
22
SIM5
SIM1
SIM2
SIM3
SIM4
1
21
22
SIM5
SIM1
SIM2
SIM3
SIM4
1
21
22
SIM5
SIM1
SIM2
SIM3
SIM4
1
21
22
SIM5
SIM1
SIM2
SIM3
SIM4
1
21
22
SIM5
SIM1
SIM2
SIM3
SIM4
1
21
22
SIM5
SIM1
SIM2
SIM3
SIM4
1
21
22
SIM5
SIM1
SIM2
SIM3
SIM4
1
21
22
SIM5
SIM1
SIM2
SIM3
SIM4
1
21
22
SIM5
SIM1
SIM2
SIM3
SIM4
1
21
22
SIM5
SIM1
SIM2
SIM3
SIM4
1
21
22
SIM5
SIM1
SIM2
SIM3
SIM4
1
21
22
SIM5
SIM1
SIM2
SIM3
SIM4
1
21
22
SIM5
SIM1
SIM2
SIM3
SIM4
1
21
22
SIM5
SIM1
SIM2
SIM3
SIM4
1
21
22
SIM5
SIM1
SIM2
SIM3
SIM4
1
21
22
SIM5
SIM1
SIM2
SIM3
SIM4
1
21
22
SIM5
SIM1
SIM2
SIM3
SIM4
1
21
22
SIM5
SIM1
SIM2
SIM3
SIM4
1
21
22
SIM5
SIM1
SIM2
SIM3
SIM4
1
21
22
SIM5
SIM1
SIM2
SIM3
SIM4
1
21
22
SIM5
SIM1
SIM2
SIM3
SIM4
1
21
22
SIM5
SIM1
SIM2
SIM3
SIM4
1
21
22
SIM5
SIM1
SIM2
SIM3
SIM4
1
21
22
SIM5
SIM1
SIM2
SIM3
SIM4
1
21
22
SIM5
SIM1
SIM2
SIM3
SIM4
1
21
22
SIM5
SIM1
SIM2
SIM3
SIM4
1
21
22
SIM5
SIM1
SIM2
SIM3
SIM4
1
21
22
SIM5
SIM1
SIM2
SIM3
SIM4
1
21
22
SIM5
SIM1
SIM2
SIM3
SIM4
1
21
22
SIM5
SIM1
SIM2
SIM3
SIM4
1
21
22
SIM5
SIM1
SIM2
SIM3
SIM4
1
21
22
SIM5
SIM1
SIM2
SIM3
SIM4
1
21
22
SIM5
SIM1
SIM2
SIM3
SIM4
1
21
22
SIM5
SIM1
SIM2
SIM3
SIM4
1
21
22
SIM5
SIM1
SIM2
SIM3
SIM4
1
21
22
SIM5
SIM1
SIM2
SIM3
SIM4
1
21
22
SIM5
SIM1
SIM2
SIM3
SIM4
1
21
22
SIM5
SIM1
SIM2
SIM3
SIM4
1
21
22
SIM5
SIM1
SIM2
SIM3
SIM4
1
21
22
SIM5
SIM1
SIM2
SIM3
SIM4
1
21
22
SIM5
SIM1
SIM2
SIM3
SIM4
1
21
22
SIM5
SIM1
SIM2
SIM3
SIM4
1
21
22
SIM5
SIM1
SIM2
SIM3
SIM4
1
21
22
SIM5
SIM1
SIM2
SIM3
SIM4
1
21
22
SIM5
SIM1
SIM2
SIM3
SIM4
1
21
22
SIM5
SIM1
SIM2
SIM3
SIM4
1
21
22
SIM5
SIM1
SIM2
SIM3
SIM4
1
21
22
SIM5
SIM1
SIM2
SIM3
SIM4
1
21
22
SIM5
SIM1
SIM2
SIM3
SIM4
1
21
22
SIM5
SIM1
SIM2
SIM3
SIM4
1
21
22
SIM5
SIM1
SIM2
SIM3
SIM4
1
21
22
SIM5
SIM1
SIM2
SIM3
SIM4
1
21
22
SIM5
SIM1
SIM2
SIM3
SIM4
1
21
22
SIM5
SIM1
SIM2
SIM3
SIM4
1
21
22
SIM5
SIM1
SIM2
SIM3
SIM4
1
21
22
SIM5
SIM1
SIM2
SIM3
SIM4
1
21
22
SIM5
SIM1
SIM2
SIM3
SIM4
1
21
22
SIM5
SIM1
SIM2
SIM3
SIM4
1
21
22
SIM5
SIM1
SIM2
SIM3
SIM4
1
21
22
SIM5
SIM1
SIM2
SIM3
SIM4
1
21
22
SIM5
SIM1
SIM2
SIM3
SIM4
1
21
22
SIM5
SIM1
SIM2
SIM3
SIM4
1
21
22
SIM5
SIM1
SIM2
SIM3
SIM4
1
21
22
SIM5
SIM1
SIM2
SIM3
SIM4
1
21
22
SIM5
SIM1
SIM2
SIM3
SIM4
1
21
22
SIM5
SIM1
SIM2
SIM3
SIM4
1
21
22
SIM5
SIM1
SIM2
SIM3
SIM4
1
21
22
SIM5
SIM1
SIM2
SIM3
SIM4
1
21
22
SIM5
SIM1
SIM2
SIM3
SIM4
1
21
22
SIM5
SIM1
SIM2
SIM3
SIM4
1
21
22
SIM5
SIM1
SIM2
SIM3
SIM4
1
21
22
SIM5
SIM1
SIM2
SIM3
SIM4
1
21
22
SIM5
SIM1
SIM2
SIM3
SIM4
1
21
22
SIM5
SIM1
SIM2
SIM3
SIM4
1
21
22
SIM5
SIM1
SIM2
SIM3
SIM4
1
21
22
SIM5
SIM1
SIM2
SIM3
SIM4
1
21
22
SIM5
SIM1
SIM2
SIM3
SIM4
1
21
22
SIM5
SIM1
SIM2
SIM3
SIM4
1
21
22
SIM5
SIM1
SIM2
SIM3
SIM4
1
21
22
SIM5
SIM1
SIM2
SIM3
SIM4
1
21
22
SIM5
SIM1
SIM2
SIM3
SIM4
1
21
22
SIM5
SIM1
SIM2
SIM3
SIM4
1
21
22
SIM5
SIM1
SIM2
SIM3
SIM4
1
21
22
SIM5
SIM1
SIM2
SIM3
SIM4
1
21
22
SIM5
SIM1
SIM2
SIM3
SIM4
1
21
22
SIM5
SIM1
SIM2
SIM3
SIM4
1
21
22
SIM5
SIM1
SIM2
SIM3
SIM4
1
21
22
SIM5
SIM1
SIM2
SIM3
SIM4
1
21
22
SIM5
SIM1
SIM2
SIM3
SIM4
1
21
22
SIM5
SIM1
SIM2
SIM3
SIM4
1
21
22
SIM5
SIM1
SIM2
SIM3
SIM4
1
21
22
SIM5
SIM1
SIM2
SIM3
SIM4
1
21
22
SIM5
SIM1
SIM2
SIM3
SIM4
1
21
22
SIM5
SIM1
SIM2
SIM3
SIM4
1
21
22
SIM5
SIM1
SIM2
SIM3
SIM4
1
21
22
SIM5
SIM1
SIM2
SIM3
SIM4
1
21
22
SIM5
SIM1
SIM2
SIM3
SIM4
1
21
22
SIM5
SIM1
SIM2
SIM3
SIM4
1
21
22
SIM5
SIM1
SIM2
SIM3
SIM4
1
21
22
SIM5
SIM1
SIM2
SIM3
SIM4
1
21
22
SIM5
SIM1
SIM2
SIM3
SIM4
1
21
22
SIM5
SIM1
SIM2
SIM3
SIM4
1
21
22
SIM5
SIM1
SIM2
SIM3
SIM4
1
21
22
SIM5
SIM1
SIM2
SIM3
SIM4
1
21
22
SIM5
SIM1
SIM2
SIM3
SIM4
1
21
22
SIM5
SIM1
SIM2
SIM3
SIM4
1
21
22
SIM5
SIM1
SIM2
SIM3
SIM4
1
21
22
SIM5
SIM1
SIM2
SIM3
SIM4
1
21
22
SIM5
SIM1
SIM2
SIM3
SIM4
1
21
22
SIM5
SIM1
SIM2
SIM3
SIM4
1
21
22
SIM5
SIM1
SIM2
SIM3
SIM4
1
21
22
SIM5
SIM1
SIM2
DEBUG 1 1
SIM1
SIM2
SIM3
SIM4
1
21
22
SIM5
SIM1
SIM2
SIM3
SIM4
1
21
22
SIM5
SIM1
SIM2
SIM3
SIM4
1
21
22
SIM5
SIM1
SIM2
SIM3
SIM4
1
21
22
SIM5
SIM1
SIM2
SIM3
SIM4
1
21
22
SIM5
SIM1
SIM2
SIM3
SIM4
1
21
22
SIM5
SIM1
SIM2
SIM3
SIM4
1
21
22
SIM5
SIM1
SIM2
SIM3
SIM4
1
21
22
SIM5
SIM1
SIM2
SIM3
SIM4
1
21
22
SIM5
SIM1
SIM2
SIM3
SIM4
1
21
22
SIM5
SIM1
SIM2
SIM3
SIM4
1
21
22
SIM5
SIM1
SIM2
SIM3
SIM4
1
21
22
SIM5
SIM1
SIM2
SIM3
SIM4
1
21
22
SIM5
SIM1
SIM2
SIM3
SIM4
1
21
22
SIM5
SIM1
SIM2
SIM3
SIM4
1
21
22
SIM5
SIM1
SIM2
SIM3
SIM4
1
21
22
SIM5
SIM1
SIM2
SIM3
SIM4
1
21
22
SIM5
SIM1
SIM2
SIM3
SIM4
1
21
22
SIM5
SIM1
SIM2
SIM3
SIM4
1
21
22
SIM5
SIM1
SIM2
SIM3
SIM4
1
21
22
SIM5
SIM1
SIM2
SIM3
SIM4
1
21
22
SIM5
SIM1
SIM2
SIM3
SIM4
1
21
22
SIM5
SIM1
SIM2
SIM3
SIM4
1
21
22
SIM5
SIM1
SIM2
SIM3
SIM4
1
21
22
SIM5
SIM1
SIM2
SIM3
SIM4
1
21
22
SIM5
SIM1
SIM2
SIM3
SIM4
1
21
22
SIM5
SIM1
SIM2
SIM3
SIM4
1
21
22
SIM5
SIM1
SIM2
SIM3
SIM4
1
21
22
SIM5
SIM1
SIM2
SIM3
SIM4
1
21
22
SIM5
SIM1
SIM2
SIM3
SIM4
1
21
22
SIM5
SIM1
SIM2
SIM3
SIM4
1
21
22
SIM5
SIM1
SIM2
SIM3
SIM4
1
21
22
SIM5
SIM1
SIM2
SIM3
SIM4
1
21
22
SIM5
SIM1
SIM2
SIM3
SIM4
1
21
22
SIM5
SIM1
SIM2
SIM3
SIM4
1
21
22
SIM5
SIM1
SIM2
SIM3
SIM4
1
21
22
SIM5
SIM1
SIM2
SIM3
SIM4
1
21
22
SIM5
SIM1
SIM2
SIM3
SIM4
1
21
22
SIM5
SIM1
SIM2
SIM3
SIM4
1
21
22
SIM5
SIM1
SIM2
SIM3
SIM4
1
21
22
SIM5
SIM1
SIM2
SIM3
SIM4
1
21
22
SIM5
SIM1
SIM2
SIM3
SIM4
1
21
22
SIM5
SIM1
SIM2
SIM3
SIM4
1
21
22
SIM5
SIM1
SIM2
SIM3
SIM4
1
21
22
SIM5
SIM1
SIM2
SIM3
SIM4
1
21
22
SIM5
SIM1
SIM2
SIM3
SIM4
1
21
22
SIM5
SIM1
SIM2
SIM3
SIM4
1
21
22
SIM5
SIM1
SIM2
SIM3
SIM4
1
21
22
SIM5
SIM1
SIM2
SIM3
SIM4
1
21
22
SIM5
SIM1
SIM2
SIM3
SIM4
1
21
22
SIM5
SIM1
SIM2
SIM3
SIM4
1
21
22
SIM5
SIM1
SIM2
SIM3
SIM4
1
21
22
SIM5
SIM1
SIM2
SIM3
SIM4
1
21
22
SIM5
SIM1
SIM2
SIM3
SIM4
1
21
22
SIM5
SIM1
SIM2
SIM3
SIM4
1
21
22
SIM5
SIM1
SIM2
SIM3
SIM4
1
21
22
SIM5
SIM1
SIM2
SIM3
SIM4
1
21
22
SIM5
SIM1
SIM2
SIM3
SIM4
1
21
22
SIM5
SIM1
SIM2
SIM3
SIM4
1
21
22
SIM5
SIM1
SIM2
SIM3
SIM4
1
21
22
SIM5
SIM1
SIM2
SIM3
SIM4
1
21
22
SIM5
SIM1
SIM2
SIM3
SIM4
1
21
22
SIM5
SIM1
SIM2
SIM3
SIM4
1
21
22
SIM5
SIM1
SIM2
SIM3
SIM4
1
21
22
SIM5
SIM1
SIM2
SIM3
SIM4
1
21
22
SIM5
SIM1
SIM2
SIM3
SIM4
1
21
22
SIM5
SIM1
SIM2
SIM3
SIM4
1
21
22
SIM5
SIM1
SIM2
SIM3
SIM4
1
21
22
SIM5
SIM1
SIM2
SIM3
SIM4
1
21
22
SIM5
SIM1
SIM2
SIM3
SIM4
1
21
22
SIM5
SIM1
SIM2
SIM3
SIM4
1
21
22
SIM5
SIM1
SIM2
SIM3
SIM4
1
21
22
SIM5
SIM1
SIM2
SIM3
SIM4
1
21
22
SIM5
SIM1
SIM2
SIM3
SIM4
1
21
22
SIM5
SIM1
SIM2
SIM3
SIM4
1
21
22
SIM5
SIM1
SIM2
SIM3
SIM4
1
21
22
SIM5
SIM1
SIM2
SIM3
SIM4
1
21
22
SIM5
SIM1
SIM2
SIM3
SIM4
1
21
22
SIM5
SIM1
SIM2
SIM3
SIM4
1
21
22
SIM5
SIM1
SIM2
SIM3
SIM4
1
21
22
SIM5
SIM1
SIM2
SIM3
SIM4
1
21
22
SIM5
SIM1
SIM2
SIM3
SIM4
1
21
22
SIM5
SIM1
SIM2
SIM3
SIM4
1
21
22
SIM5
SIM1
SIM2
SIM3
SIM4
1
21
22
SIM5
SIM1
SIM2
SIM3
SIM4
1
21
22
SIM5
SIM1
SIM2
SIM3
SIM4
1
21
22
SIM5
SIM1
SIM2
SIM3
SIM4
1
21
22
SIM5
SIM1
SIM2
SIM3
SIM4
1
21
22
SIM5
SIM1
SIM2
SIM3
SIM4
1
21
22
SIM5
SIM1
SIM2
SIM3
SIM4
1
21
22
SIM5
SIM1
SIM2
SIM3
SIM4
1
21
22
SIM5
SIM1
SIM2
SIM3
SIM4
1
21
22
SIM5
SIM1
SIM2
SIM3
SIM4
1
21
22
SIM5
SIM1
SIM2
SIM3
SIM4
1
21
22
SIM5
SIM1
SIM2
SIM3
SIM4
1
21
22
SIM5
SIM1
SIM2
SIM3
SIM4
1
21
22
SIM5
SIM1
SIM2
SIM3
SIM4
1
21
22
SIM5
SIM1
SIM2
SIM3
SIM4
1
21
22
SIM5
SIM1
SIM2
SIM3
SIM4
1
21
22
SIM5
SIM1
SIM2
SIM3
SIM4
1
21
22
SIM5
SIM1
SIM2
SIM3
SIM4
1
21
22
SIM5
SIM1
SIM2
SIM3
SIM4
1
21
22
SIM5
SIM1
SIM2
SIM3
SIM4
1
21
22
SIM5
SIM1
SIM2
SIM3
SIM4
1
21
22
SIM5
SIM1
SIM2
SIM3
SIM4
1
21
22
SIM5
SIM1
SIM2
SIM3
SIM4
1
21
22
SIM5
SIM1
SIM2
SIM3
SIM4
1
21
22
SIM5
SIM1
SIM2
SIM3
SIM4
1
21
22
SIM5
SIM1
SIM2
SIM3
SIM4
1
21
22
SIM5
SIM1
SIM2
SIM3
SIM4
1
21
22
SIM5
SIM1
SIM2
SIM3
SIM4
1
21
22
SIM5
SIM1
SIM2
SIM3
SIM4
1
21
22
SIM5
SIM1
SIM2
SIM3
SIM4
1
21
22
SIM5
SIM1
SIM2
SIM3
SIM4
1
21
22
SIM5
SIM1
SIM2
SIM3
SIM4
1
21
22
SIM5
SIM1
SIM2
SIM3
SIM4
1
21
22
SIM5
SIM1
SIM2
SIM3
SIM4
1
21
22
SIM5
SIM1
SIM2
SIM3
SIM4
1
21
22
SIM5
SIM1
SIM2
SIM3
SIM4
1
21
22
SIM5
SIM1
SIM2
SIM3
SIM4
1
21
22
SIM5
SIM1
SIM2
SIM3
SIM4
1
21
22
SIM5
SIM1
SIM2
SIM3
SIM4
1
21
22
SIM5
SIM1
SIM2
SIM3
SIM4
1
21
22
SIM5
SIM1
SIM2
SIM3
SIM4
1
21
22
SIM5
SIM1
SIM2
SIM3
SIM4
1
21
22
SIM5
SIM1
SIM2
SIM3
SIM4
1
21
22
SIM5
SIM1
SIM2
SIM3
SIM4
1
21
22
SIM5
SIM1
SIM2
SIM3
SIM4
1
21
22
SIM5
SIM1
SIM2
SIM3
SIM4
1
21
22
SIM5
SIM1
SIM2
SIM3
SIM4
1
21
22
SIM5
SIM1
SIM2
SIM3
SIM4
1
21
22
SIM5
SIM1
SIM2
SIM3
SIM4
1
21
22
SIM5
SIM1
SIM2
SIM3
SIM4
1
21
22
SIM5
SIM1
SIM2
SIM3
SIM4
1
21
22
SIM5
SIM1
SIM2
SIM3
SIM4
1
21
22
SIM5
SIM1
SIM2
SIM3
SIM4
1
21
22
SIM5
SIM1
SIM2
SIM3
SIM4
1
21
22
SIM5
SIM1
SIM2
SIM3
SIM4
1
21
22
SIM5
SIM1
SIM2
SIM3
SIM4
1
21
22
SIM5
SIM1
SIM2
SIM3
SIM4
1
21
22
SIM5
SIM1
SIM2
SIM3
SIM4
1
21
22
SIM5
SIM1
SIM2
SIM3
SIM4
1
21
22
SIM5
SIM1
SIM2
SIM3
SIM4
1
21
22
SIM5
SIM1
SIM2
SIM3
SIM4
1
21
22
SIM5
SIM1
SIM2
SIM3
SIM4
1
21
22
SIM5
SIM1
SIM2
SIM3
SIM4
1
21
22
SIM5
SIM1
SIM2
SIM3
SIM4
1
21
22
SIM5
SIM1
SIM2
SIM3
SIM4
1
21
22
SIM5
SIM1
SIM2
SIM3
SIM4
1
21
22
SIM5
SIM1
SIM2
SIM3
SIM4
1
21
22
SIM5
SIM1
SIM2
SIM3
SIM4
1
21
22
SIM5
SIM1
SIM2
SIM3
SIM4
1
21
22
SIM5
SIM1
SIM2
SIM3
SIM4
1
21
22
SIM5
SIM1
SIM2
SIM3
SIM4
1
21
22
SIM5
SIM1
SIM2
SIM3
SIM4
1
21
22
SIM5
SIM1
SIM2
SIM3
SIM4
1
21
22
SIM5
SIM1
SIM2
SIM3
SIM4
1
21
22
SIM5
SIM1
SIM2
SIM3
SIM4
1
21
22
SIM5
SIM1
SIM2
SIM3
SIM4
1
21
22
SIM5
SIM1
SIM2
SIM3
SIM4
1
21
22
SIM5
SIM1
SIM2
SIM3
SIM4
1
21
22
SIM5
SIM1
SIM2
SIM3
SIM4
1
21
22
SIM5
SIM1
SIM2
SIM3
SIM4
1
21
22
SIM5
SIM1
SIM2
SIM3
SIM4
1
21
22
SIM5
SIM1
SIM2
SIM3
SIM4
1
21
22
SIM5
SIM1
SIM2
SIM3
SIM4
1
21
22
SIM5
SIM1
SIM2
SIM3
SIM4
1
21
22
SIM5
SIM1
SIM2
SIM3
SIM4
1
21
22
SIM5
SIM1
SIM2
SIM3
SIM4
1
21
22
SIM5
SIM1
SIM2
SIM3
SIM4
1
21
22
SIM5
SIM1
SIM2
SIM3
SIM4
1
21
22
SIM5
SIM1
SIM2
SIM3
SIM4
1
21
22
SIM5
SIM1
SIM2
SIM3
SIM4
1
21
22
SIM5
SIM1
SIM2
SIM3
SIM4
1
21
22
SIM5
SIM1
SIM2
SIM3
SIM4
1
21
22
SIM5
SIM1
SIM2
SIM3
SIM4
1
21
22
SIM5
SIM1
SIM2
SIM3
SIM4
1
21
22
SIM5
SIM1
SIM2
SIM3
SIM4
1
21
22
SIM5
SIM1
SIM2
SIM3
SIM4
1
21
22
SIM5
SIM1
SIM2
SIM3
SIM4
1
21
22
SIM5
SIM1
SIM2
SIM3
SIM4
1
21
22
SIM5
SIM1
SIM2
SIM3
SIM4
1
21
22
SIM5
SIM1
SIM2
SIM3
SIM4
1
21
22
SIM5
SIM1
SIM2
SIM3
SIM4
1
21
22
SIM5
SIM1
SIM2
SIM3
SIM4
1
21
22
SIM5
SIM1
SIM2
SIM3
SIM4
1
21
22
SIM5
SIM1
SIM2
SIM3
SIM4
1
21
22
SIM5
SIM1
SIM2
SIM3
SIM4
1
21
22
SIM5
SIM1
SIM2
SIM3
SIM4
1
21
22
SIM5
SIM1
SIM2
SIM3
SIM4
1
21
22
SIM5
SIM1
SIM2
SIM3
SIM4
1
21
22
SIM5
SIM1
SIM2
SIM3
SIM4
1
21
22
SIM5
SIM1
SIM2
SIM3
SIM4
1
21
22
SIM5
SIM1
SIM2
SIM3
SIM4
1
21
22
SIM5
SIM1
SIM2
SIM3
SIM4
1
21
22
SIM5
SIM1
SIM2
SIM3
SIM4
1
21
22
SIM5
SIM1
SIM2
SIM3
SIM4
1
21
22
SIM5
SIM1
SIM2
SIM3
SIM4
1
21
22
SIM5
SIM1
SIM2
SIM3
SIM4
1
21
22
SIM5
SIM1
SIM2
SIM3
SIM4
1
21
22
SIM5
SIM1
SIM2
SIM3
SIM4
1
21
22
SIM5
SIM1
SIM2
SIM3
SIM4
1
21
22
SIM5
SIM1
SIM2
SIM3
SIM4
1
21
22
SIM5
SIM1
SIM2
SIM3
SIM4
1
21
22
SIM5
SIM1
SIM2
SIM3
SIM4
1
21
22
SIM5
SIM1
SIM2
SIM3
SIM4
1
21
22
SIM5
SIM1
SIM2
SIM3
SIM4
1
21
22
SIM5
SIM1
SIM2
SIM3
SIM4
1
21
22
SIM5
SIM1
SIM2
SIM3
SIM4
1
21
22
SIM5
SIM1
SIM2
SIM3
SIM4
1
21
22
SIM5
SIM1
SIM2
SIM3
SIM4
1
21
22
SIM5
SIM1
SIM2
SIM3
SIM4
1
21
22
SIM5
SIM1
SIM2
SIM3
SIM4
1
21
22
SIM5
SIM1
SIM2
SIM3
SIM4
1
21
22
SIM5
SIM1
SIM2
SIM3
SIM4
1
21
22
SIM5
SIM1
SIM2
SIM3
SIM4
1
21
22
SIM5
SIM1
SIM2
SIM3
SIM4
1
21
22
SIM5
SIM1
SIM2
SIM3
SIM4
1
21
22
SIM5
SIM1
SIM2
SIM3
SIM4
1
21
22
SIM5
SIM1
SIM2
SIM3
SIM4
1
21
22
SIM5
SIM1
SIM2
SIM3
SIM4
1
21
22
SIM5
SIM1
SIM2
SIM3
SIM4
1
21
22
SIM5
SIM1
SIM2
SIM3
SIM4
1
21
22
SIM5
SIM1
SIM2
SIM3
SIM4
1
21
22
SIM5
SIM1
SIM2
SIM3
SIM4
1
21
22
SIM5
SIM1
SIM2
SIM3
SIM4
1
21
22
SIM5
SIM1
SIM2
SIM3
SIM4
1
21
22
SIM5
SIM1
SIM2
SIM3
SIM4
1
21
22
SIM5
SIM1
SIM2
SIM3
SIM4
1
21
22
SIM5
SIM1
SIM2
SIM3
SIM4
1
21
22
SIM5
SIM1
SIM2
SIM3
SIM4
1
21
22
SIM5
SIM1
SIM2
SIM3
SIM4
1
21
22
SIM5
SIM1
SIM2
DEBUG 1 2
SIM1
SIM2
SIM3
SIM4
1
21
22
SIM5
SIM1
SIM2
SIM3
SIM4
1
21
22
SIM5
SIM1
SIM2
SIM3
SIM4
1
21
22
SIM5
SIM1
SIM2
SIM3
SIM4
1
21
22
SIM5
SIM1
SIM2
SIM3
SIM4
1
21
22
SIM5
SIM1
SIM2
SIM3
SIM4
1
21
22
SIM5
SIM1
SIM2
SIM3
SIM4
1
21
22
SIM5
SIM1
SIM2
SIM3
SIM4
1
21
22
SIM5
SIM1
SIM2
SIM3
SIM4
1
21
22
SIM5
SIM1
SIM2
SIM3
SIM4
1
21
22
SIM5
SIM1
SIM2
SIM3
SIM4
1
21
22
SIM5
SIM1
SIM2
SIM3
SIM4
1
21
22
SIM5
SIM1
SIM2
SIM3
SIM4
1
21
22
SIM5
SIM1
SIM2
SIM3
SIM4
1
21
22
SIM5
SIM1
SIM2
SIM3
SIM4
1
21
22
SIM5
SIM1
SIM2
SIM3
SIM4
1
21
22
SIM5
SIM1
SIM2
SIM3
SIM4
1
21
22
SIM5
SIM1
SIM2
SIM3
SIM4
1
21
22
SIM5
SIM1
SIM2
SIM3
SIM4
1
21
22
SIM5
SIM1
SIM2
SIM3
SIM4
1
21
22
SIM5
SIM1
SIM2
SIM3
SIM4
1
21
22
SIM5
SIM1
SIM2
SIM3
SIM4
1
21
22
SIM5
SIM1
SIM2
SIM3
SIM4
1
21
22
SIM5
SIM1
SIM2
SIM3
SIM4
1
21
22
SIM5
SIM1
SIM2
SIM3
SIM4
1
21
22
SIM5
SIM1
SIM2
SIM3
SIM4
1
21
22
SIM5
SIM1
SIM2
SIM3
SIM4
1
21
22
SIM5
SIM1
SIM2
SIM3
SIM4
1
21
22
SIM5
SIM1
SIM2
SIM3
SIM4
1
21
22
SIM5
SIM1
SIM2
SIM3
SIM4
1
21
22
SIM5
SIM1
SIM2
SIM3
SIM4
1
21
22
SIM5
SIM1
SIM2
SIM3
SIM4
1
21
22
SIM5
SIM1
SIM2
SIM3
SIM4
1
21
22
SIM5
SIM1
SIM2
SIM3
SIM4
1
21
22
SIM5
SIM1
SIM2
SIM3
SIM4
1
21
22
SIM5
SIM1
SIM2
SIM3
SIM4
1
21
22
SIM5
SIM1
SIM2
SIM3
SIM4
1
21
22
SIM5
SIM1
SIM2
SIM3
SIM4
1
21
22
SIM5
SIM1
SIM2
SIM3
SIM4
1
21
22
SIM5
SIM1
SIM2
SIM3
SIM4
1
21
22
SIM5
SIM1
SIM2
SIM3
SIM4
1
21
22
SIM5
SIM1
SIM2
SIM3
SIM4
1
21
22
SIM5
SIM1
SIM2
SIM3
SIM4
1
21
22
SIM5
SIM1
SIM2
SIM3
SIM4
1
21
22
SIM5
SIM1
SIM2
SIM3
SIM4
1
21
22
SIM5
SIM1
SIM2
SIM3
SIM4
1
21
22
SIM5
SIM1
SIM2
SIM3
SIM4
1
21
22
SIM5
SIM1
SIM2
SIM3
SIM4
1
21
22
SIM5
SIM1
SIM2
SIM3
SIM4
1
21
22
SIM5
SIM1
SIM2
SIM3
SIM4
1
21
22
SIM5
SIM1
SIM2
SIM3
SIM4
1
21
22
SIM5
SIM1
SIM2
SIM3
SIM4
1
21
22
SIM5
SIM1
SIM2
SIM3
SIM4
1
21
22
SIM5
SIM1
SIM2
SIM3
SIM4
1
21
22
SIM5
SIM1
SIM2
SIM3
SIM4
1
21
22
SIM5
SIM1
SIM2
SIM3
SIM4
1
21
22
SIM5
SIM1
SIM2
SIM3
SIM4
1
21
22
SIM5
SIM1
SIM2
SIM3
SIM4
1
21
22
SIM5
SIM1
SIM2
SIM3
SIM4
1
21
22
SIM5
SIM1
SIM2
SIM3
SIM4
1
21
22
SIM5
SIM1
SIM2
SIM3
SIM4
1
21
22
SIM5
SIM1
SIM2
SIM3
SIM4
1
21
22
SIM5
SIM1
SIM2
SIM3
SIM4
1
21
22
SIM5
SIM1
SIM2
SIM3
SIM4
1
21
22
SIM5
SIM1
SIM2
SIM3
SIM4
1
21
22
SIM5
SIM1
SIM2
SIM3
SIM4
1
21
22
SIM5
SIM1
SIM2
SIM3
SIM4
1
21
22
SIM5
SIM1
SIM2
SIM3
SIM4
1
21
22
SIM5
SIM1
SIM2
SIM3
SIM4
1
21
22
SIM5
SIM1
SIM2
SIM3
SIM4
1
21
22
SIM5
SIM1
SIM2
SIM3
SIM4
1
21
22
SIM5
SIM1
SIM2
SIM3
SIM4
1
21
22
SIM5
SIM1
SIM2
SIM3
SIM4
1
21
22
SIM5
SIM1
SIM2
SIM3
SIM4
1
21
22
SIM5
SIM1
SIM2
SIM3
SIM4
1
21
22
SIM5
SIM1
SIM2
SIM3
SIM4
1
21
22
SIM5
SIM1
SIM2
SIM3
SIM4
1
21
22
SIM5
SIM1
SIM2
SIM3
SIM4
1
21
22
SIM5
SIM1
SIM2
SIM3
SIM4
1
21
22
SIM5
SIM1
SIM2
SIM3
SIM4
1
21
22
SIM5
SIM1
SIM2
SIM3
SIM4
1
21
22
SIM5
SIM1
SIM2
SIM3
SIM4
1
21
22
SIM5
SIM1
SIM2
SIM3
SIM4
1
21
22
SIM5
SIM1
SIM2
SIM3
SIM4
1
21
22
SIM5
SIM1
SIM2
SIM3
SIM4
1
21
22
SIM5
SIM1
SIM2
SIM3
SIM4
1
21
22
SIM5
SIM1
SIM2
SIM3
SIM4
1
21
22
SIM5
SIM1
SIM2
SIM3
SIM4
1
21
22
SIM5
SIM1
SIM2
SIM3
SIM4
1
21
22
SIM5
SIM1
SIM2
SIM3
SIM4
1
21
22
SIM5
SIM1
SIM2
SIM3
SIM4
1
21
22
SIM5
SIM1
SIM2
SIM3
SIM4
1
21
22
SIM5
SIM1
SIM2
SIM3
SIM4
1
21
22
SIM5
SIM1
SIM2
SIM3
SIM4
1
21
22
SIM5
SIM1
SIM2
SIM3
SIM4
1
21
22
SIM5
SIM1
SIM2
SIM3
SIM4
1
21
22
SIM5
SIM1
SIM2
SIM3
SIM4
1
21
22
SIM5
SIM1
SIM2
SIM3
SIM4
1
21
22
SIM5
SIM1
SIM2
SIM3
SIM4
1
21
22
SIM5
SIM1
SIM2
SIM3
SIM4
1
21
22
SIM5
SIM1
SIM2
SIM3
SIM4
1
21
22
SIM5
SIM1
SIM2
SIM3
SIM4
1
21
22
SIM5
SIM1
SIM2
SIM3
SIM4
1
21
22
SIM5
SIM1
SIM2
SIM3
SIM4
1
21
22
SIM5
SIM1
SIM2
SIM3
SIM4
1
21
22
SIM5
SIM1
SIM2
SIM3
SIM4
1
21
22
SIM5
SIM1
SIM2
SIM3
SIM4
1
21
22
SIM5
SIM1
SIM2
SIM3
SIM4
1
21
22
SIM5
SIM1
SIM2
SIM3
SIM4
1
21
22
SIM5
SIM1
SIM2
SIM3
SIM4
1
21
22
SIM5
SIM1
SIM2
SIM3
SIM4
1
21
22
SIM5
SIM1
SIM2
SIM3
SIM4
1
21
22
SIM5
SIM1
SIM2
SIM3
SIM4
1
21
22
SIM5
SIM1
SIM2
SIM3
SIM4
1
21
22
SIM5
SIM1
SIM2
SIM3
SIM4
1
21
22
SIM5
SIM1
SIM2
SIM3
SIM4
1
21
22
SIM5
SIM1
SIM2
SIM3
SIM4
1
21
22
SIM5
SIM1
SIM2
SIM3
SIM4
1
21
22
SIM5
SIM1
SIM2
SIM3
SIM4
1
21
22
SIM5
SIM1
SIM2
SIM3
SIM4
1
21
22
SIM5
SIM1
SIM2
DEBUG 1 3
SIM1
SIM2
SIM3
SIM4
1
21
22
SIM5
SIM1
SIM2
SIM3
SIM4
1
21
22
SIM5
SIM1
SIM2
SIM3
SIM4
1
21
22
SIM5
SIM1
SIM2
SIM3
SIM4
1
21
22
SIM5
SIM1
SIM2
SIM3
SIM4
1
21
22
SIM5
SIM1
SIM2
SIM3
SIM4
1
21
22
SIM5
SIM1
SIM2
SIM3
SIM4
1
21
22
SIM5
SIM1
SIM2
SIM3
SIM4
1
21
22
SIM5
SIM1
SIM2
SIM3
SIM4
1
21
22
SIM5
SIM1
SIM2
SIM3
SIM4
1
21
22
SIM5
SIM1
SIM2
SIM3
SIM4
1
21
22
SIM5
SIM1
SIM2
SIM3
SIM4
1
21
22
SIM5
SIM1
SIM2
SIM3
SIM4
1
21
22
SIM5
SIM1
SIM2
SIM3
SIM4
1
21
22
SIM5
SIM1
SIM2
SIM3
SIM4
1
21
22
SIM5
SIM1
SIM2
SIM3
SIM4
1
21
22
SIM5
SIM1
SIM2
SIM3
SIM4
1
21
22
SIM5
SIM1
SIM2
SIM3
SIM4
1
21
22
SIM5
SIM1
SIM2
SIM3
SIM4
1
21
22
SIM5
SIM1
SIM2
SIM3
SIM4
1
21
22
SIM5
SIM1
SIM2
SIM3
SIM4
1
21
22
SIM5
SIM1
SIM2
SIM3
SIM4
1
21
22
SIM5
SIM1
SIM2
SIM3
SIM4
1
21
22
SIM5
SIM1
SIM2
SIM3
SIM4
1
21
22
SIM5
SIM1
SIM2
SIM3
SIM4
1
21
22
SIM5
SIM1
SIM2
SIM3
SIM4
1
21
22
SIM5
SIM1
SIM2
SIM3
SIM4
1
21
22
SIM5
SIM1
SIM2
SIM3
SIM4
1
21
22
SIM5
SIM1
SIM2
SIM3
SIM4
1
21
22
SIM5
SIM1
SIM2
SIM3
SIM4
1
21
22
SIM5
SIM1
SIM2
SIM3
SIM4
1
21
22
SIM5
SIM1
SIM2
SIM3
SIM4
1
21
22
SIM5
SIM1
SIM2
SIM3
SIM4
1
21
22
SIM5
SIM1
SIM2
SIM3
SIM4
1
21
22
SIM5
SIM1
SIM2
SIM3
SIM4
1
21
22
SIM5
SIM1
SIM2
SIM3
SIM4
1
21
22
SIM5
SIM1
SIM2
SIM3
SIM4
1
21
22
SIM5
SIM1
SIM2
SIM3
SIM4
1
21
22
SIM5
SIM1
SIM2
SIM3
SIM4
1
21
22
SIM5
SIM1
SIM2
SIM3
SIM4
1
21
22
SIM5
SIM1
SIM2
SIM3
SIM4
1
21
22
SIM5
SIM1
SIM2
SIM3
SIM4
1
21
22
SIM5
SIM1
SIM2
SIM3
SIM4
1
21
22
SIM5
SIM1
SIM2
SIM3
SIM4
1
21
22
SIM5
SIM1
SIM2
SIM3
SIM4
1
21
22
SIM5
SIM1
SIM2
SIM3
SIM4
1
21
22
SIM5
SIM1
SIM2
SIM3
SIM4
1
21
22
SIM5
SIM1
SIM2
SIM3
SIM4
1
21
22
SIM5
SIM1
SIM2
SIM3
SIM4
1
21
22
SIM5
SIM1
SIM2
SIM3
SIM4
1
21
22
SIM5
SIM1
SIM2
SIM3
SIM4
1
21
22
SIM5
SIM1
SIM2
SIM3
SIM4
1
21
22
SIM5
SIM1
SIM2
SIM3
SIM4
1
21
22
SIM5
SIM1
SIM2
SIM3
SIM4
1
21
22
SIM5
SIM1
SIM2
SIM3
SIM4
1
21
22
SIM5
SIM1
SIM2
SIM3
SIM4
1
21
22
SIM5
SIM1
SIM2
SIM3
SIM4
1
21
22
SIM5
SIM1
SIM2
SIM3
SIM4
1
21
22
SIM5
SIM1
SIM2
SIM3
SIM4
1
21
22
SIM5
SIM1
SIM2
SIM3
SIM4
1
21
22
SIM5
SIM1
SIM2
SIM3
SIM4
1
21
22
SIM5
SIM1
SIM2
SIM3
SIM4
1
21
22
SIM5
SIM1
SIM2
SIM3
SIM4
1
21
22
SIM5
SIM1
SIM2
SIM3
SIM4
1
21
22
SIM5
SIM1
SIM2
SIM3
SIM4
1
21
22
SIM5
SIM1
SIM2
SIM3
SIM4
1
21
22
SIM5
SIM1
SIM2
SIM3
SIM4
1
21
22
SIM5
SIM1
SIM2
SIM3
SIM4
1
21
22
SIM5
SIM1
SIM2
SIM3
SIM4
1
21
22
SIM5
SIM1
SIM2
SIM3
SIM4
1
21
22
SIM5
SIM1
SIM2
SIM3
SIM4
1
21
22
SIM5
SIM1
SIM2
SIM3
SIM4
1
21
22
SIM5
SIM1
SIM2
SIM3
SIM4
1
21
22
SIM5
SIM1
SIM2
SIM3
SIM4
1
21
22
SIM5
SIM1
SIM2
SIM3
SIM4
1
21
22
SIM5
SIM1
SIM2
SIM3
SIM4
1
21
22
SIM5
SIM1
SIM2
SIM3
SIM4
1
21
22
SIM5
SIM1
SIM2
SIM3
SIM4
1
21
22
SIM5
SIM1
SIM2
SIM3
SIM4
1
21
22
SIM5
SIM1
SIM2
SIM3
SIM4
1
21
22
SIM5
SIM1
SIM2
SIM3
SIM4
1
21
22
SIM5
SIM1
SIM2
SIM3
SIM4
1
21
22
SIM5
SIM1
SIM2
SIM3
SIM4
1
21
22
SIM5
SIM1
SIM2
SIM3
SIM4
1
21
22
SIM5
SIM1
SIM2
SIM3
SIM4
1
21
22
SIM5
SIM1
SIM2
SIM3
SIM4
1
21
22
SIM5
SIM1
SIM2
SIM3
SIM4
1
21
22
SIM5
SIM1
SIM2
SIM3
SIM4
1
21
22
SIM5
SIM1
SIM2
SIM3
SIM4
1
21
22
SIM5
SIM1
SIM2
SIM3
SIM4
1
21
22
SIM5
SIM1
SIM2
SIM3
SIM4
1
21
22
SIM5
SIM1
SIM2
SIM3
SIM4
1
21
22
SIM5
SIM1
SIM2
SIM3
SIM4
1
21
22
SIM5
SIM1
SIM2
SIM3
SIM4
1
21
22
SIM5
SIM1
SIM2
SIM3
SIM4
1
21
22
SIM5
SIM1
SIM2
SIM3
SIM4
1
21
22
SIM5
SIM1
SIM2
SIM3
SIM4
1
21
22
SIM5
SIM1
SIM2
SIM3
SIM4
1
21
22
SIM5
SIM1
SIM2
SIM3
SIM4
1
21
22
SIM5
SIM1
SIM2
SIM3
SIM4
1
21
22
SIM5
SIM1
SIM2
SIM3
SIM4
1
21
22
SIM5
SIM1
SIM2
SIM3
SIM4
1
21
22
SIM5
SIM1
SIM2
SIM3
SIM4
1
21
22
SIM5
SIM1
SIM2
SIM3
SIM4
1
21
22
SIM5
SIM1
SIM2
SIM3
SIM4
1
21
22
SIM5
SIM1
SIM2
SIM3
SIM4
1
21
22
SIM5
SIM1
SIM2
SIM3
SIM4
1
21
22
SIM5
SIM1
SIM2
SIM3
SIM4
1
21
22
SIM5
SIM1
SIM2
SIM3
SIM4
1
21
22
SIM5
SIM1
SIM2
SIM3
SIM4
1
21
22
SIM5
SIM1
SIM2
SIM3
SIM4
1
21
22
SIM5
SIM1
SIM2
SIM3
SIM4
1
21
22
SIM5
SIM1
SIM2
SIM3
SIM4
1
21
22
SIM5
SIM1
SIM2
SIM3
SIM4
1
21
22
SIM5
SIM1
SIM2
SIM3
SIM4
1
21
22
SIM5
SIM1
SIM2
SIM3
SIM4
1
21
22
SIM5
SIM1
SIM2
SIM3
SIM4
1
21
22
SIM5
SIM1
SIM2
SIM3
SIM4
1
21
22
SIM5
SIM1
SIM2
SIM3
SIM4
1
21
22
SIM5
SIM1
SIM2
SIM3
SIM4
1
21
22
SIM5
SIM1
SIM2
SIM3
SIM4
1
21
22
SIM5
SIM1
SIM2
SIM3
SIM4
1
21
22
SIM5
SIM1
SIM2
SIM3
SIM4
1
21
22
SIM5
SIM1
SIM2
SIM3
SIM4
1
21
22
SIM5
SIM1
SIM2
SIM3
SIM4
1
21
22
SIM5
SIM1
SIM2
SIM3
SIM4
1
21
22
SIM5
SIM1
SIM2
SIM3
SIM4
1
21
22
SIM5
SIM1
SIM2
SIM3
SIM4
1
21
22
SIM5
SIM1
SIM2
SIM3
SIM4
1
21
22
SIM5
SIM1
SIM2
SIM3
SIM4
1
21
22
SIM5
SIM1
SIM2
SIM3
SIM4
1
21
22
SIM5
SIM1
SIM2
SIM3
SIM4
1
21
22
SIM5
SIM1
SIM2
SIM3
SIM4
1
21
22
SIM5
SIM1
SIM2
SIM3
SIM4
1
21
22
SIM5
SIM1
SIM2
SIM3
SIM4
1
21
22
SIM5
SIM1
SIM2
SIM3
SIM4
1
21
22
SIM5
SIM1
SIM2
SIM3
SIM4
1
21
22
SIM5
SIM1
SIM2
SIM3
SIM4
1
21
22
SIM5
SIM1
SIM2
SIM3
SIM4
1
21
22
SIM5
SIM1
SIM2
SIM3
SIM4
1
21
22
SIM5
SIM1
SIM2
SIM3
SIM4
1
21
22
SIM5
SIM1
SIM2
SIM3
SIM4
1
21
22
SIM5
SIM1
SIM2
SIM3
SIM4
1
21
22
SIM5
SIM1
SIM2
SIM3
SIM4
1
21
22
SIM5
SIM1
SIM2
SIM3
SIM4
1
21
22
SIM5
SIM1
SIM2
SIM3
SIM4
1
21
22
SIM5
SIM1
SIM2
SIM3
SIM4
1
21
22
SIM5
SIM1
SIM2
SIM3
SIM4
1
21
22
SIM5
SIM1
SIM2
SIM3
SIM4
1
21
22
SIM5
SIM1
SIM2
DEBUG 1 4
SIM1
SIM2
SIM3
SIM4
1
21
22
SIM5
SIM1
SIM2
SIM3
SIM4
1
21
22
SIM5
SIM1
SIM2
SIM3
SIM4
1
21
22
SIM5
SIM1
SIM2
SIM3
SIM4
1
21
22
SIM5
SIM1
SIM2
SIM3
SIM4
1
21
22
SIM5
SIM1
SIM2
SIM3
SIM4
1
21
22
SIM5
SIM1
SIM2
SIM3
SIM4
1
21
22
SIM5
SIM1
SIM2
SIM3
SIM4
1
21
22
SIM5
SIM1
SIM2
SIM3
SIM4
1
21
22
SIM5
SIM1
SIM2
SIM3
SIM4
1
21
22
SIM5
SIM1
SIM2
SIM3
SIM4
1
21
22
SIM5
SIM1
SIM2
SIM3
SIM4
1
21
22
SIM5
SIM1
SIM2
SIM3
SIM4
1
21
22
SIM5
SIM1
SIM2
SIM3
SIM4
1
21
22
SIM5
SIM1
SIM2
SIM3
SIM4
1
21
22
SIM5
SIM1
SIM2
SIM3
SIM4
1
21
22
SIM5
SIM1
SIM2
SIM3
SIM4
1
21
22
SIM5
SIM1
SIM2
SIM3
SIM4
1
21
22
SIM5
SIM1
SIM2
SIM3
SIM4
1
21
22
SIM5
SIM1
SIM2
SIM3
SIM4
1
21
22
SIM5
SIM1
SIM2
SIM3
SIM4
1
21
22
SIM5
SIM1
SIM2
SIM3
SIM4
1
21
22
SIM5
SIM1
SIM2
SIM3
SIM4
1
21
22
SIM5
SIM1
SIM2
SIM3
SIM4
1
21
22
SIM5
SIM1
SIM2
SIM3
SIM4
1
21
22
SIM5
SIM1
SIM2
SIM3
SIM4
1
21
22
SIM5
SIM1
SIM2
SIM3
SIM4
1
21
22
SIM5
SIM1
SIM2
SIM3
SIM4
1
21
22
SIM5
SIM1
SIM2
SIM3
SIM4
1
21
22
SIM5
SIM1
SIM2
SIM3
SIM4
1
21
22
SIM5
SIM1
SIM2
SIM3
SIM4
1
21
22
SIM5
SIM1
SIM2
SIM3
SIM4
1
21
22
SIM5
SIM1
SIM2
SIM3
SIM4
1
21
22
SIM5
SIM1
SIM2
SIM3
SIM4
1
21
22
SIM5
SIM1
SIM2
SIM3
SIM4
1
21
22
SIM5
SIM1
SIM2
SIM3
SIM4
1
21
22
SIM5
SIM1
SIM2
SIM3
SIM4
1
21
22
SIM5
SIM1
SIM2
SIM3
SIM4
1
21
22
SIM5
SIM1
SIM2
SIM3
SIM4
1
21
22
SIM5
SIM1
SIM2
SIM3
SIM4
1
21
22
SIM5
SIM1
SIM2
SIM3
SIM4
1
21
22
SIM5
SIM1
SIM2
SIM3
SIM4
1
21
22
SIM5
SIM1
SIM2
SIM3
SIM4
1
21
22
SIM5
SIM1
SIM2
SIM3
SIM4
1
21
22
SIM5
SIM1
SIM2
SIM3
SIM4
1
21
22
SIM5
SIM1
SIM2
SIM3
SIM4
1
21
22
SIM5
SIM1
SIM2
SIM3
SIM4
1
21
22
SIM5
SIM1
SIM2
SIM3
SIM4
1
21
22
SIM5
SIM1
SIM2
SIM3
SIM4
1
21
22
SIM5
SIM1
SIM2
SIM3
SIM4
1
21
22
SIM5
SIM1
SIM2
SIM3
SIM4
1
21
22
SIM5
SIM1
SIM2
SIM3
SIM4
1
21
22
SIM5
SIM1
SIM2
SIM3
SIM4
1
21
22
SIM5
SIM1
SIM2
SIM3
SIM4
1
21
22
SIM5
SIM1
SIM2
SIM3
SIM4
1
21
22
SIM5
SIM1
SIM2
SIM3
SIM4
1
21
22
SIM5
SIM1
SIM2
SIM3
SIM4
1
21
22
SIM5
SIM1
SIM2
SIM3
SIM4
1
21
22
SIM5
SIM1
SIM2
SIM3
SIM4
1
21
22
SIM5
SIM1
SIM2
SIM3
SIM4
1
21
22
SIM5
SIM1
SIM2
SIM3
SIM4
1
21
22
SIM5
SIM1
SIM2
SIM3
SIM4
1
21
22
SIM5
SIM1
SIM2
SIM3
SIM4
1
21
22
SIM5
SIM1
SIM2
SIM3
SIM4
1
21
22
SIM5
SIM1
SIM2
SIM3
SIM4
1
21
22
SIM5
SIM1
SIM2
SIM3
SIM4
1
21
22
SIM5
SIM1
SIM2
SIM3
SIM4
1
21
22
SIM5
SIM1
SIM2
SIM3
SIM4
1
21
22
SIM5
SIM1
SIM2
SIM3
SIM4
1
21
22
SIM5
SIM1
SIM2
SIM3
SIM4
1
21
22
SIM5
SIM1
SIM2
SIM3
SIM4
1
21
22
SIM5
SIM1
SIM2
SIM3
SIM4
1
21
22
SIM5
SIM1
SIM2
SIM3
SIM4
1
21
22
SIM5
SIM1
SIM2
SIM3
SIM4
1
21
22
SIM5
SIM1
SIM2
SIM3
SIM4
1
21
22
SIM5
SIM1
SIM2
SIM3
SIM4
1
21
22
SIM5
SIM1
SIM2
SIM3
SIM4
1
21
22
SIM5
SIM1
SIM2
SIM3
SIM4
1
21
22
SIM5
SIM1
SIM2
SIM3
SIM4
1
21
22
SIM5
SIM1
SIM2
SIM3
SIM4
1
21
22
SIM5
SIM1
SIM2
SIM3
SIM4
1
21
22
SIM5
SIM1
SIM2
SIM3
SIM4
1
21
22
SIM5
SIM1
SIM2
SIM3
SIM4
1
21
22
SIM5
SIM1
SIM2
SIM3
SIM4
1
21
22
SIM5
SIM1
SIM2
SIM3
SIM4
1
21
22
SIM5
SIM1
SIM2
SIM3
SIM4
1
21
22
SIM5
SIM1
SIM2
SIM3
SIM4
1
21
22
SIM5
SIM1
SIM2
SIM3
SIM4
1
21
22
SIM5
SIM1
SIM2
SIM3
SIM4
1
21
22
SIM5
SIM1
SIM2
SIM3
SIM4
1
21
22
SIM5
SIM1
SIM2
SIM3
SIM4
1
21
22
SIM5
SIM1
SIM2
SIM3
SIM4
1
21
22
SIM5
SIM1
SIM2
SIM3
SIM4
1
21
22
SIM5
SIM1
SIM2
SIM3
SIM4
1
21
22
SIM5
SIM1
SIM2
SIM3
SIM4
1
21
22
SIM5
SIM1
SIM2
SIM3
SIM4
1
21
22
SIM5
SIM1
SIM2
SIM3
SIM4
1
21
22
SIM5
SIM1
SIM2
SIM3
SIM4
1
21
22
SIM5
SIM1
SIM2
SIM3
SIM4
1
21
22
SIM5
SIM1
SIM2
SIM3
SIM4
1
21
22
SIM5
SIM1
SIM2
SIM3
SIM4
1
21
22
SIM5
SIM1
SIM2
SIM3
SIM4
1
21
22
SIM5
SIM1
SIM2
SIM3
SIM4
1
21
22
SIM5
SIM1
SIM2
SIM3
SIM4
1
21
22
SIM5
SIM1
SIM2
SIM3
SIM4
1
21
22
SIM5
SIM1
SIM2
SIM3
SIM4
1
21
22
SIM5
SIM1
SIM2
SIM3
SIM4
1
21
22
SIM5
SIM1
SIM2
DEBUG 1 5
SIM1
SIM2
SIM3
SIM4
1
21
22
SIM5
SIM1
SIM2
SIM3
SIM4
1
21
22
SIM5
SIM1
SIM2
SIM3
SIM4
1
21
22
SIM5
SIM1
SIM2
SIM3
SIM4
1
21
22
SIM5
SIM1
SIM2
SIM3
SIM4
1
21
22
SIM5
SIM1
SIM2
SIM3
SIM4
1
21
22
SIM5
SIM1
SIM2
SIM3
SIM4
1
21
22
SIM5
SIM1
SIM2
SIM3
SIM4
1
21
22
SIM5
SIM1
SIM2
SIM3
SIM4
1
21
22
SIM5
SIM1
SIM2
SIM3
SIM4
1
21
22
SIM5
SIM1
SIM2
SIM3
SIM4
1
21
22
SIM5
SIM1
SIM2
SIM3
SIM4
1
21
22
SIM5
SIM1
SIM2
SIM3
SIM4
1
21
22
SIM5
SIM1
SIM2
SIM3
SIM4
1
21
22
SIM5
SIM1
SIM2
SIM3
SIM4
1
21
22
SIM5
SIM1
SIM2
SIM3
SIM4
1
21
22
SIM5
SIM1
SIM2
SIM3
SIM4
1
21
22
SIM5
SIM1
SIM2
SIM3
SIM4
1
21
22
SIM5
SIM1
SIM2
SIM3
SIM4
1
21
22
SIM5
SIM1
SIM2
SIM3
SIM4
1
21
22
SIM5
SIM1
SIM2
SIM3
SIM4
1
21
22
SIM5
SIM1
SIM2
SIM3
SIM4
1
21
22
SIM5
SIM1
SIM2
SIM3
SIM4
1
21
22
SIM5
SIM1
SIM2
SIM3
SIM4
1
21
22
SIM5
SIM1
SIM2
SIM3
SIM4
1
21
22
SIM5
SIM1
SIM2
SIM3
SIM4
1
21
22
SIM5
SIM1
SIM2
SIM3
SIM4
1
21
22
SIM5
SIM1
SIM2
SIM3
SIM4
1
21
22
SIM5
SIM1
SIM2
SIM3
SIM4
1
21
22
SIM5
SIM1
SIM2
SIM3
SIM4
1
21
22
SIM5
SIM1
SIM2
SIM3
SIM4
1
21
22
SIM5
SIM1
SIM2
SIM3
SIM4
1
21
22
SIM5
SIM1
SIM2
SIM3
SIM4
1
21
22
SIM5
SIM1
SIM2
SIM3
SIM4
1
21
22
SIM5
SIM1
SIM2
SIM3
SIM4
1
21
22
SIM5
SIM1
SIM2
SIM3
SIM4
1
21
22
SIM5
SIM1
SIM2
SIM3
SIM4
1
21
22
SIM5
SIM1
SIM2
SIM3
SIM4
1
21
22
SIM5
SIM1
SIM2
SIM3
SIM4
1
21
22
SIM5
SIM1
SIM2
SIM3
SIM4
1
21
22
SIM5
SIM1
SIM2
SIM3
SIM4
1
21
22
SIM5
SIM1
SIM2
SIM3
SIM4
1
21
22
SIM5
SIM1
SIM2
SIM3
SIM4
1
21
22
SIM5
SIM1
SIM2
SIM3
SIM4
1
21
22
SIM5
SIM1
SIM2
SIM3
SIM4
1
21
22
SIM5
SIM1
SIM2
SIM3
SIM4
1
21
22
SIM5
SIM1
SIM2
SIM3
SIM4
1
21
22
SIM5
SIM1
SIM2
SIM3
SIM4
1
21
22
SIM5
SIM1
SIM2
SIM3
SIM4
1
21
22
SIM5
SIM1
SIM2
SIM3
SIM4
1
21
22
SIM5
SIM1
SIM2
SIM3
SIM4
1
21
22
SIM5
SIM1
SIM2
SIM3
SIM4
1
21
22
SIM5
SIM1
SIM2
SIM3
SIM4
1
21
22
SIM5
SIM1
SIM2
SIM3
SIM4
1
21
22
SIM5
SIM1
SIM2
SIM3
SIM4
1
21
22
SIM5
SIM1
SIM2
SIM3
SIM4
1
21
22
SIM5
SIM1
SIM2
SIM3
SIM4
1
21
22
SIM5
SIM1
SIM2
SIM3
SIM4
1
21
22
SIM5
SIM1
SIM2
SIM3
SIM4
1
21
22
SIM5
SIM1
SIM2
SIM3
SIM4
1
21
22
SIM5
SIM1
SIM2
SIM3
SIM4
1
21
22
SIM5
SIM1
SIM2
SIM3
SIM4
1
21
22
SIM5
SIM1
SIM2
SIM3
SIM4
1
21
22
SIM5
SIM1
SIM2
SIM3
SIM4
1
21
22
SIM5
SIM1
SIM2
SIM3
SIM4
1
21
22
SIM5
SIM1
SIM2
SIM3
SIM4
1
21
22
SIM5
SIM1
SIM2
SIM3
SIM4
1
21
22
SIM5
SIM1
SIM2
SIM3
SIM4
1
21
22
SIM5
SIM1
SIM2
SIM3
SIM4
1
21
22
SIM5
SIM1
SIM2
SIM3
SIM4
1
21
22
SIM5
SIM1
SIM2
SIM3
SIM4
1
21
22
SIM5
SIM1
SIM2
SIM3
SIM4
1
21
22
SIM5
SIM1
SIM2
SIM3
SIM4
1
21
22
SIM5
SIM1
SIM2
SIM3
SIM4
1
21
22
SIM5
SIM1
SIM2
SIM3
SIM4
1
21
22
SIM5
SIM1
SIM2
SIM3
SIM4
1
21
22
SIM5
SIM1
SIM2
SIM3
SIM4
1
21
22
SIM5
SIM1
SIM2
SIM3
SIM4
1
21
22
SIM5
SIM1
SIM2
SIM3
SIM4
1
21
22
SIM5
SIM1
SIM2
SIM3
SIM4
1
21
22
SIM5
SIM1
SIM2
SIM3
SIM4
1
21
22
SIM5
SIM1
SIM2
SIM3
SIM4
1
21
22
SIM5
SIM1
SIM2
SIM3
SIM4
1
21
22
SIM5
SIM1
SIM2
SIM3
SIM4
1
21
22
SIM5
SIM1
SIM2
SIM3
SIM4
1
21
22
SIM5
SIM1
SIM2
SIM3
SIM4
1
21
22
SIM5
SIM1
SIM2
SIM3
SIM4
1
21
22
SIM5
SIM1
SIM2
SIM3
SIM4
1
21
22
SIM5
SIM1
SIM2
SIM3
SIM4
1
21
22
SIM5
SIM1
SIM2
SIM3
SIM4
1
21
22
SIM5
SIM1
SIM2
SIM3
SIM4
1
21
22
SIM5
SIM1
SIM2
SIM3
SIM4
1
21
22
SIM5
SIM1
SIM2
SIM3
SIM4
1
21
22
SIM5
SIM1
SIM2
SIM3
SIM4
1
21
22
SIM5
SIM1
SIM2
SIM3
SIM4
1
21
22
SIM5
SIM1
SIM2
SIM3
SIM4
1
21
22
SIM5
SIM1
SIM2
SIM3
SIM4
1
21
22
SIM5
SIM1
SIM2
SIM3
SIM4
1
21
22
SIM5
SIM1
SIM2
SIM3
SIM4
1
21
22
SIM5
SIM1
SIM2
SIM3
SIM4
1
21
22
SIM5
SIM1
SIM2
SIM3
SIM4
1
21
22
SIM5
SIM1
SIM2
SIM3
SIM4
1
21
22
SIM5
SIM1
SIM2
SIM3
SIM4
1
21
22
SIM5
SIM1
SIM2
SIM3
SIM4
1
21
22
SIM5
SIM1
SIM2
SIM3
SIM4
1
21
22
SIM5
SIM1
SIM2
SIM3
SIM4
1
21
22
SIM5
SIM1
SIM2
SIM3
SIM4
1
21
22
SIM5
SIM1
SIM2
SIM3
SIM4
1
21
22
SIM5
SIM1
SIM2
SIM3
SIM4
1
21
22
SIM5
SIM1
SIM2
SIM3
SIM4
1
21
22
SIM5
SIM1
SIM2
SIM3
SIM4
1
21
22
SIM5
SIM1
SIM2
SIM3
SIM4
1
21
22
SIM5
SIM1
SIM2
SIM3
SIM4
1
21
22
SIM5
SIM1
SIM2
SIM3
SIM4
1
21
22
SIM5
SIM1
SIM2
SIM3
SIM4
1
21
22
SIM5
SIM1
SIM2
SIM3
SIM4
1
21
22
SIM5
SIM1
SIM2
SIM3
SIM4
1
21
22
SIM5
SIM1
SIM2
SIM3
SIM4
1
21
22
SIM5
SIM1
SIM2
SIM3
SIM4
1
21
22
SIM5
SIM1
SIM2
SIM3
SIM4
1
21
22
SIM5
SIM1
SIM2
SIM3
SIM4
1
21
22
SIM5
SIM1
SIM2
SIM3
SIM4
1
21
22
SIM5
SIM1
SIM2
SIM3
SIM4
1
21
22
SIM5
SIM1
SIM2
SIM3
SIM4
1
21
22
SIM5
SIM1
SIM2
SIM3
SIM4
1
21
22
SIM5
SIM1
SIM2
SIM3
SIM4
1
21
22
SIM5
SIM1
SIM2
SIM3
SIM4
1
21
22
SIM5
SIM1
SIM2
DEBUG 1 6
SIM1
SIM2
SIM3
SIM4
1
21
22
SIM5
SIM1
SIM2
SIM3
SIM4
1
21
22
SIM5
SIM1
SIM2
SIM3
SIM4
1
21
22
SIM5
SIM1
SIM2
SIM3
SIM4
1
21
22
SIM5
SIM1
SIM2
SIM3
SIM4
1
21
22
SIM5
SIM1
SIM2
SIM3
SIM4
1
21
22
SIM5
SIM1
SIM2
SIM3
SIM4
1
21
22
SIM5
SIM1
SIM2
SIM3
SIM4
1
21
22
SIM5
SIM1
SIM2
SIM3
SIM4
1
21
22
SIM5
SIM1
SIM2
SIM3
SIM4
1
21
22
SIM5
SIM1
SIM2
SIM3
SIM4
1
21
22
SIM5
SIM1
SIM2
SIM3
SIM4
1
21
22
SIM5
SIM1
SIM2
SIM3
SIM4
1
21
22
SIM5
SIM1
SIM2
SIM3
SIM4
1
21
22
SIM5
SIM1
SIM2
SIM3
SIM4
1
21
22
SIM5
SIM1
SIM2
SIM3
SIM4
1
21
22
SIM5
SIM1
SIM2
SIM3
SIM4
1
21
22
SIM5
SIM1
SIM2
SIM3
SIM4
1
21
22
SIM5
SIM1
SIM2
SIM3
SIM4
1
21
22
SIM5
SIM1
SIM2
SIM3
SIM4
1
21
22
SIM5
SIM1
SIM2
SIM3
SIM4
1
21
22
SIM5
SIM1
SIM2
SIM3
SIM4
1
21
22
SIM5
SIM1
SIM2
SIM3
SIM4
1
21
22
SIM5
SIM1
SIM2
SIM3
SIM4
1
21
22
SIM5
SIM1
SIM2
SIM3
SIM4
1
21
22
SIM5
SIM1
SIM2
SIM3
SIM4
1
21
22
SIM5
SIM1
SIM2
SIM3
SIM4
1
21
22
SIM5
SIM1
SIM2
SIM3
SIM4
1
21
22
SIM5
SIM1
SIM2
SIM3
SIM4
1
21
22
SIM5
SIM1
SIM2
SIM3
SIM4
1
21
22
SIM5
SIM1
SIM2
SIM3
SIM4
1
21
22
SIM5
SIM1
SIM2
SIM3
SIM4
1
21
22
SIM5
SIM1
SIM2
SIM3
SIM4
1
21
22
SIM5
SIM1
SIM2
SIM3
SIM4
1
21
22
SIM5
SIM1
SIM2
SIM3
SIM4
1
21
22
SIM5
SIM1
SIM2
SIM3
SIM4
1
21
22
SIM5
SIM1
SIM2
SIM3
SIM4
1
21
22
SIM5
SIM1
SIM2
SIM3
SIM4
1
21
22
SIM5
SIM1
SIM2
SIM3
SIM4
1
21
22
SIM5
SIM1
SIM2
SIM3
SIM4
1
21
22
SIM5
SIM1
SIM2
SIM3
SIM4
1
21
22
SIM5
SIM1
SIM2
SIM3
SIM4
1
21
22
SIM5
SIM1
SIM2
SIM3
SIM4
1
21
22
SIM5
SIM1
SIM2
SIM3
SIM4
1
21
22
SIM5
SIM1
SIM2
SIM3
SIM4
1
21
22
SIM5
SIM1
SIM2
SIM3
SIM4
1
21
22
SIM5
SIM1
SIM2
SIM3
SIM4
1
21
22
SIM5
SIM1
SIM2
SIM3
SIM4
1
21
22
SIM5
SIM1
SIM2
SIM3
SIM4
1
21
22
SIM5
SIM1
SIM2
SIM3
SIM4
1
21
22
SIM5
SIM1
SIM2
SIM3
SIM4
1
21
22
SIM5
SIM1
SIM2
SIM3
SIM4
1
21
22
SIM5
SIM1
SIM2
SIM3
SIM4
1
21
22
SIM5
SIM1
SIM2
SIM3
SIM4
1
21
22
SIM5
SIM1
SIM2
SIM3
SIM4
1
21
22
SIM5
SIM1
SIM2
SIM3
SIM4
1
21
22
SIM5
SIM1
SIM2
SIM3
SIM4
1
21
22
SIM5
SIM1
SIM2
SIM3
SIM4
1
21
22
SIM5
SIM1
SIM2
SIM3
SIM4
1
21
22
SIM5
SIM1
SIM2
SIM3
SIM4
1
21
22
SIM5
SIM1
SIM2
SIM3
SIM4
1
21
22
SIM5
SIM1
SIM2
SIM3
SIM4
1
21
22
SIM5
SIM1
SIM2
SIM3
SIM4
1
21
22
SIM5
SIM1
SIM2
SIM3
SIM4
1
21
22
SIM5
SIM1
SIM2
SIM3
SIM4
1
21
22
SIM5
SIM1
SIM2
SIM3
SIM4
1
21
22
SIM5
SIM1
SIM2
SIM3
SIM4
1
21
22
SIM5
SIM1
SIM2
SIM3
SIM4
1
21
22
SIM5
SIM1
SIM2
SIM3
SIM4
1
21
22
SIM5
SIM1
SIM2
SIM3
SIM4
1
21
22
SIM5
SIM1
SIM2
SIM3
SIM4
1
21
22
SIM5
SIM1
SIM2
SIM3
SIM4
1
21
22
SIM5
SIM1
SIM2
SIM3
SIM4
1
21
22
SIM5
SIM1
SIM2
SIM3
SIM4
1
21
22
SIM5
SIM1
SIM2
SIM3
SIM4
1
21
22
SIM5
SIM1
SIM2
SIM3
SIM4
1
21
22
SIM5
SIM1
SIM2
SIM3
SIM4
1
21
22
SIM5
SIM1
SIM2
SIM3
SIM4
1
21
22
SIM5
SIM1
SIM2
SIM3
SIM4
1
21
22
SIM5
SIM1
SIM2
SIM3
SIM4
1
21
22
SIM5
SIM1
SIM2
SIM3
SIM4
1
21
22
SIM5
SIM1
SIM2
SIM3
SIM4
1
21
22
SIM5
SIM1
SIM2
SIM3
SIM4
1
21
22
SIM5
SIM1
SIM2
SIM3
SIM4
1
21
22
SIM5
SIM1
SIM2
SIM3
SIM4
1
21
22
SIM5
SIM1
SIM2
SIM3
SIM4
1
21
22
SIM5
SIM1
SIM2
SIM3
SIM4
1
21
22
SIM5
SIM1
SIM2
SIM3
SIM4
1
21
22
SIM5
SIM1
SIM2
SIM3
SIM4
1
21
22
SIM5
SIM1
SIM2
SIM3
SIM4
1
21
22
SIM5
SIM1
SIM2
SIM3
SIM4
1
21
22
SIM5
SIM1
SIM2
SIM3
SIM4
1
21
22
SIM5
SIM1
SIM2
SIM3
SIM4
1
21
22
SIM5
SIM1
SIM2
SIM3
SIM4
1
21
22
SIM5
SIM1
SIM2
SIM3
SIM4
1
21
22
SIM5
SIM1
SIM2
SIM3
SIM4
1
21
22
SIM5
SIM1
SIM2
SIM3
SIM4
1
21
22
SIM5
SIM1
SIM2
SIM3
SIM4
1
21
22
SIM5
SIM1
SIM2
SIM3
SIM4
1
21
22
SIM5
SIM1
SIM2
SIM3
SIM4
1
21
22
SIM5
SIM1
SIM2
SIM3
SIM4
1
21
22
SIM5
SIM1
SIM2
SIM3
SIM4
1
21
22
SIM5
SIM1
SIM2
SIM3
SIM4
1
21
22
SIM5
SIM1
SIM2
SIM3
SIM4
1
21
22
SIM5
SIM1
SIM2
SIM3
SIM4
1
21
22
SIM5
SIM1
SIM2
SIM3
SIM4
1
21
22
SIM5
SIM1
SIM2
SIM3
SIM4
1
21
22
SIM5
SIM1
SIM2
SIM3
SIM4
1
21
22
SIM5
SIM1
SIM2
SIM3
SIM4
1
21
22
SIM5
SIM1
SIM2
SIM3
SIM4
1
21
22
SIM5
SIM1
SIM2
SIM3
SIM4
1
21
22
SIM5
SIM1
SIM2
SIM3
SIM4
1
21
22
SIM5
SIM1
SIM2
SIM3
SIM4
1
21
22
SIM5
SIM1
SIM2
SIM3
SIM4
1
21
22
SIM5
SIM1
SIM2
SIM3
SIM4
1
21
22
SIM5
SIM1
SIM2
SIM3
SIM4
1
21
22
SIM5
SIM1
SIM2
SIM3
SIM4
1
21
22
SIM5
SIM1
SIM2
SIM3
SIM4
1
21
22
SIM5
SIM1
SIM2
SIM3
SIM4
1
21
22
SIM5
SIM1
SIM2
SIM3
SIM4
1
21
22
SIM5
SIM1
SIM2
SIM3
SIM4
1
21
22
SIM5
SIM1
SIM2
SIM3
SIM4
1
21
22
SIM5
SIM1
SIM2
SIM3
SIM4
1
21
22
SIM5
SIM1
SIM2
SIM3
SIM4
1
21
22
SIM5
SIM1
SIM2
SIM3
SIM4
1
21
22
SIM5
SIM1
SIM2
SIM3
SIM4
1
21
22
SIM5
SIM1
SIM2
SIM3
SIM4
1
21
22
SIM5
SIM1
SIM2
SIM3
SIM4
1
21
22
SIM5
SIM1
SIM2
SIM3
SIM4
1
21
22
SIM5
SIM1
SIM2
SIM3
SIM4
1
21
22
SIM5
SIM1
SIM2
SIM3
SIM4
1
21
22
SIM5
SIM1
SIM2
SIM3
SIM4
1
21
22
SIM5
SIM1
SIM2
SIM3
SIM4
1
21
22
SIM5
SIM1
SIM2
SIM3
SIM4
1
21
22
SIM5
SIM1
SIM2
SIM3
SIM4
1
21
22
SIM5
SIM1
SIM2
SIM3
SIM4
1
21
22
SIM5
SIM1
SIM2
SIM3
SIM4
1
21
22
SIM5
SIM1
SIM2
SIM3
SIM4
1
21
22
SIM5
SIM1
SIM2
SIM3
SIM4
1
21
22
SIM5
SIM1
SIM2
SIM3
SIM4
1
21
22
SIM5
SIM1
SIM2
SIM3
SIM4
1
21
22
SIM5
SIM1
SIM2
SIM3
SIM4
1
21
22
SIM5
SIM1
SIM2
SIM3
SIM4
1
21
22
SIM5
SIM1
SIM2
SIM3
SIM4
1
21
22
SIM5
SIM1
SIM2
SIM3
SIM4
1
21
22
SIM5
SIM1
SIM2
SIM3
SIM4
1
21
22
SIM5
SIM1
SIM2
SIM3
SIM4
1
21
22
SIM5
SIM1
SIM2
SIM3
SIM4
1
21
22
SIM5
SIM1
SIM2
SIM3
SIM4
1
21
22
SIM5
SIM1
SIM2
SIM3
SIM4
1
21
22
SIM5
SIM1
SIM2
SIM3
SIM4
1
21
22
SIM5
SIM1
SIM2
SIM3
SIM4
1
21
22
SIM5
SIM1
SIM2
SIM3
SIM4
1
21
22
SIM5
SIM1
SIM2
SIM3
SIM4
1
21
22
SIM5
SIM1
SIM2
SIM3
SIM4
1
21
22
SIM5
SIM1
SIM2
SIM3
SIM4
1
21
22
SIM5
SIM1
SIM2
SIM3
SIM4
1
21
22
SIM5
SIM1
SIM2
SIM3
SIM4
1
21
22
SIM5
SIM1
SIM2
SIM3
SIM4
1
21
22
SIM5
SIM1
SIM2
SIM3
SIM4
1
21
22
SIM5
SIM1
SIM2
SIM3
SIM4
1
21
22
SIM5
SIM1
SIM2
SIM3
SIM4
1
21
22
SIM5
SIM1
SIM2
SIM3
SIM4
1
21
22
SIM5
SIM1
SIM2
SIM3
SIM4
1
21
22
SIM5
SIM1
SIM2
SIM3
SIM4
1
21
22
SIM5
SIM1
SIM2
SIM3
SIM4
1
21
22
SIM5
SIM1
SIM2
SIM3
SIM4
1
21
22
SIM5
SIM1
SIM2
SIM3
SIM4
1
21
22
SIM5
SIM1
SIM2
SIM3
SIM4
1
21
22
SIM5
SIM1
SIM2
SIM3
SIM4
1
21
22
SIM5
SIM1
SIM2
SIM3
SIM4
1
21
22
SIM5
SIM1
SIM2
SIM3
SIM4
1
21
22
SIM5
SIM1
SIM2
SIM3
SIM4
1
21
22
SIM5
SIM1
SIM2
SIM3
SIM4
1
21
22
SIM5
SIM1
SIM2
SIM3
SIM4
1
21
22
SIM5
SIM1
SIM2
SIM3
SIM4
1
21
22
SIM5
SIM1
SIM2
SIM3
SIM4
1
21
22
SIM5
SIM1
SIM2
SIM3
SIM4
1
21
22
SIM5
SIM1
SIM2
SIM3
SIM4
1
21
22
SIM5
SIM1
SIM2
SIM3
SIM4
1
21
22
SIM5
SIM1
SIM2
SIM3
SIM4
1
21
22
SIM5
SIM1
SIM2
SIM3
SIM4
1
21
22
SIM5
SIM1
SIM2
SIM3
SIM4
1
21
22
SIM5
SIM1
SIM2
SIM3
SIM4
1
21
22
SIM5
SIM1
SIM2
SIM3
SIM4
1
21
22
SIM5
SIM1
SIM2
SIM3
SIM4
1
21
22
SIM5
SIM1
SIM2
SIM3
SIM4
1
21
22
SIM5
SIM1
SIM2
SIM3
SIM4
1
21
22
SIM5
SIM1
SIM2
SIM3
SIM4
1
21
22
SIM5
SIM1
SIM2
SIM3
SIM4
1
21
22
SIM5
SIM1
SIM2
SIM3
SIM4
1
21
22
SIM5
SIM1
SIM2
SIM3
SIM4
1
21
22
SIM5
SIM1
SIM2
SIM3
SIM4
1
21
22
SIM5
SIM1
SIM2
SIM3
SIM4
1
21
22
SIM5
SIM1
SIM2
SIM3
SIM4
1
21
22
SIM5
SIM1
SIM2
SIM3
SIM4
1
21
22
SIM5
SIM1
SIM2
SIM3
SIM4
1
21
22
SIM5
SIM1
SIM2
SIM3
SIM4
1
21
22
SIM5
SIM1
SIM2
SIM3
SIM4
1
21
22
SIM5
SIM1
SIM2
DEBUG 1 7
SIM1
SIM2
SIM3
SIM4
1
21
22
SIM5
SIM1
SIM2
SIM3
SIM4
1
21
22
SIM5
SIM1
SIM2
SIM3
SIM4
1
21
22
SIM5
SIM1
SIM2
SIM3
SIM4
1
21
22
SIM5
SIM1
SIM2
SIM3
SIM4
1
21
22
SIM5
SIM1
SIM2
SIM3
SIM4
1
21
22
SIM5
SIM1
SIM2
SIM3
SIM4
1
21
22
SIM5
SIM1
SIM2
SIM3
SIM4
1
21
22
SIM5
SIM1
SIM2
SIM3
SIM4
1
21
22
SIM5
SIM1
SIM2
SIM3
SIM4
1
21
22
SIM5
SIM1
SIM2
SIM3
SIM4
1
21
22
SIM5
SIM1
SIM2
SIM3
SIM4
1
21
22
SIM5
SIM1
SIM2
SIM3
SIM4
1
21
22
SIM5
SIM1
SIM2
SIM3
SIM4
1
21
22
SIM5
SIM1
SIM2
SIM3
SIM4
1
21
22
SIM5
SIM1
SIM2
SIM3
SIM4
1
21
22
SIM5
SIM1
SIM2
SIM3
SIM4
1
21
22
SIM5
SIM1
SIM2
SIM3
SIM4
1
21
22
SIM5
SIM1
SIM2
SIM3
SIM4
1
21
22
SIM5
SIM1
SIM2
SIM3
SIM4
1
21
22
SIM5
SIM1
SIM2
SIM3
SIM4
1
21
22
SIM5
SIM1
SIM2
SIM3
SIM4
1
21
22
SIM5
SIM1
SIM2
SIM3
SIM4
1
21
22
SIM5
SIM1
SIM2
SIM3
SIM4
1
21
22
SIM5
SIM1
SIM2
SIM3
SIM4
1
21
22
SIM5
SIM1
SIM2
SIM3
SIM4
1
21
22
SIM5
SIM1
SIM2
SIM3
SIM4
1
21
22
SIM5
SIM1
SIM2
SIM3
SIM4
1
21
22
SIM5
SIM1
SIM2
SIM3
SIM4
1
21
22
SIM5
SIM1
SIM2
SIM3
SIM4
1
21
22
SIM5
SIM1
SIM2
SIM3
SIM4
1
21
22
SIM5
SIM1
SIM2
SIM3
SIM4
1
21
22
SIM5
SIM1
SIM2
SIM3
SIM4
1
21
22
SIM5
SIM1
SIM2
SIM3
SIM4
1
21
22
SIM5
SIM1
SIM2
SIM3
SIM4
1
21
22
SIM5
SIM1
SIM2
SIM3
SIM4
1
21
22
SIM5
SIM1
SIM2
SIM3
SIM4
1
21
22
SIM5
SIM1
SIM2
SIM3
SIM4
1
21
22
SIM5
SIM1
SIM2
SIM3
SIM4
1
21
22
SIM5
SIM1
SIM2
SIM3
SIM4
1
21
22
SIM5
SIM1
SIM2
SIM3
SIM4
1
21
22
SIM5
SIM1
SIM2
SIM3
SIM4
1
21
22
SIM5
SIM1
SIM2
SIM3
SIM4
1
21
22
SIM5
SIM1
SIM2
SIM3
SIM4
1
21
22
SIM5
SIM1
SIM2
SIM3
SIM4
1
21
22
SIM5
SIM1
SIM2
SIM3
SIM4
1
21
22
SIM5
SIM1
SIM2
SIM3
SIM4
1
21
22
SIM5
SIM1
SIM2
SIM3
SIM4
1
21
22
SIM5
SIM1
SIM2
SIM3
SIM4
1
21
22
SIM5
SIM1
SIM2
SIM3
SIM4
1
21
22
SIM5
SIM1
SIM2
SIM3
SIM4
1
21
22
SIM5
SIM1
SIM2
SIM3
SIM4
1
21
22
SIM5
SIM1
SIM2
SIM3
SIM4
1
21
22
SIM5
SIM1
SIM2
SIM3
SIM4
1
21
22
SIM5
SIM1
SIM2
SIM3
SIM4
1
21
22
SIM5
SIM1
SIM2
SIM3
SIM4
1
21
22
SIM5
SIM1
SIM2
SIM3
SIM4
1
21
22
SIM5
SIM1
SIM2
SIM3
SIM4
1
21
22
SIM5
SIM1
SIM2
SIM3
SIM4
1
21
22
SIM5
SIM1
SIM2
SIM3
SIM4
1
21
22
SIM5
SIM1
SIM2
SIM3
SIM4
1
21
22
SIM5
SIM1
SIM2
SIM3
SIM4
1
21
22
SIM5
SIM1
SIM2
SIM3
SIM4
1
21
22
SIM5
SIM1
SIM2
SIM3
SIM4
1
21
22
SIM5
SIM1
SIM2
SIM3
SIM4
1
21
22
SIM5
SIM1
SIM2
SIM3
SIM4
1
21
22
SIM5
SIM1
SIM2
SIM3
SIM4
1
21
22
SIM5
SIM1
SIM2
SIM3
SIM4
1
21
22
SIM5
SIM1
SIM2
SIM3
SIM4
1
21
22
SIM5
SIM1
SIM2
SIM3
SIM4
1
21
22
SIM5
SIM1
SIM2
SIM3
SIM4
1
21
22
SIM5
SIM1
SIM2
SIM3
SIM4
1
21
22
SIM5
SIM1
SIM2
SIM3
SIM4
1
21
22
SIM5
SIM1
SIM2
SIM3
SIM4
1
21
22
SIM5
SIM1
SIM2
SIM3
SIM4
1
21
22
SIM5
SIM1
SIM2
SIM3
SIM4
1
21
22
SIM5
SIM1
SIM2
SIM3
SIM4
1
21
22
SIM5
SIM1
SIM2
SIM3
SIM4
1
21
22
SIM5
SIM1
SIM2
SIM3
SIM4
1
21
22
SIM5
SIM1
SIM2
SIM3
SIM4
1
21
22
SIM5
SIM1
SIM2
SIM3
SIM4
1
21
22
SIM5
SIM1
SIM2
SIM3
SIM4
1
21
22
SIM5
SIM1
SIM2
SIM3
SIM4
1
21
22
SIM5
SIM1
SIM2
SIM3
SIM4
1
21
22
SIM5
SIM1
SIM2
SIM3
SIM4
1
21
22
SIM5
SIM1
SIM2
SIM3
SIM4
1
21
22
SIM5
SIM1
SIM2
SIM3
SIM4
1
21
22
SIM5
SIM1
SIM2
SIM3
SIM4
1
21
22
SIM5
SIM1
SIM2
SIM3
SIM4
1
21
22
SIM5
SIM1
SIM2
SIM3
SIM4
1
21
22
SIM5
SIM1
SIM2
SIM3
SIM4
1
21
22
SIM5
SIM1
SIM2
SIM3
SIM4
1
21
22
SIM5
SIM1
SIM2
SIM3
SIM4
1
21
22
SIM5
SIM1
SIM2
SIM3
SIM4
1
21
22
SIM5
SIM1
SIM2
SIM3
SIM4
1
21
22
SIM5
SIM1
SIM2
SIM3
SIM4
1
21
22
SIM5
SIM1
SIM2
SIM3
SIM4
1
21
22
SIM5
SIM1
SIM2
SIM3
SIM4
1
21
22
SIM5
SIM1
SIM2
SIM3
SIM4
1
21
22
SIM5
SIM1
SIM2
SIM3
SIM4
1
21
22
SIM5
SIM1
SIM2
SIM3
SIM4
1
21
22
SIM5
SIM1
SIM2
SIM3
SIM4
1
21
22
SIM5
SIM1
SIM2
SIM3
SIM4
1
21
22
SIM5
SIM1
SIM2
SIM3
SIM4
1
21
22
SIM5
SIM1
SIM2
SIM3
SIM4
1
21
22
SIM5
SIM1
SIM2
SIM3
SIM4
1
21
22
SIM5
SIM1
SIM2
SIM3
SIM4
1
21
22
SIM5
SIM1
SIM2
SIM3
SIM4
1
21
22
SIM5
SIM1
SIM2
SIM3
SIM4
1
21
22
SIM5
SIM1
SIM2
SIM3
SIM4
1
21
22
SIM5
SIM1
SIM2
SIM3
SIM4
1
21
22
SIM5
SIM1
SIM2
SIM3
SIM4
1
21
22
SIM5
SIM1
SIM2
SIM3
SIM4
1
21
22
SIM5
SIM1
SIM2
SIM3
SIM4
1
21
22
SIM5
SIM1
SIM2
SIM3
SIM4
1
21
22
SIM5
SIM1
SIM2
SIM3
SIM4
1
21
22
SIM5
SIM1
SIM2
SIM3
SIM4
1
21
22
SIM5
SIM1
SIM2
SIM3
SIM4
1
21
22
SIM5
SIM1
SIM2
SIM3
SIM4
1
21
22
SIM5
SIM1
SIM2
SIM3
SIM4
1
21
22
SIM5
SIM1
SIM2
SIM3
SIM4
1
21
22
SIM5
SIM1
SIM2
SIM3
SIM4
1
21
22
SIM5
SIM1
SIM2
SIM3
SIM4
1
21
22
SIM5
SIM1
SIM2
SIM3
SIM4
1
21
22
SIM5
SIM1
SIM2
SIM3
SIM4
1
21
22
SIM5
SIM1
SIM2
SIM3
SIM4
1
21
22
SIM5
SIM1
SIM2
SIM3
SIM4
1
21
22
SIM5
SIM1
SIM2
SIM3
SIM4
1
21
22
SIM5
SIM1
SIM2
SIM3
SIM4
1
21
22
SIM5
SIM1
SIM2
SIM3
SIM4
1
21
22
SIM5
SIM1
SIM2
SIM3
SIM4
1
21
22
SIM5
SIM1
SIM2
SIM3
SIM4
1
21
22
SIM5
SIM1
SIM2
SIM3
SIM4
1
21
22
SIM5
SIM1
SIM2
SIM3
SIM4
1
21
22
SIM5
SIM1
SIM2
SIM3
SIM4
1
21
22
SIM5
SIM1
SIM2
SIM3
SIM4
1
21
22
SIM5
SIM1
SIM2
SIM3
SIM4
1
21
22
SIM5
SIM1
SIM2
SIM3
SIM4
1
21
22
SIM5
SIM1
SIM2
SIM3
SIM4
1
21
22
SIM5
SIM1
SIM2
SIM3
SIM4
1
21
22
SIM5
SIM1
SIM2
SIM3
SIM4
1
21
22
SIM5
SIM1
SIM2
SIM3
SIM4
1
21
22
SIM5
SIM1
SIM2
SIM3
SIM4
1
21
22
SIM5
SIM1
SIM2
SIM3
SIM4
1
21
22
SIM5
SIM1
SIM2
SIM3
SIM4
1
21
22
SIM5
SIM1
SIM2
SIM3
SIM4
1
21
22
SIM5
SIM1
SIM2
SIM3
SIM4
1
21
22
SIM5
SIM1
SIM2
SIM3
SIM4
1
21
22
SIM5
SIM1
SIM2
SIM3
SIM4
1
21
22
SIM5
SIM1
SIM2
SIM3
SIM4
1
21
22
SIM5
SIM1
SIM2
SIM3
SIM4
1
21
22
SIM5
SIM1
SIM2
SIM3
SIM4
1
21
22
SIM5
SIM1
SIM2
SIM3
SIM4
1
21
22
SIM5
SIM1
SIM2
SIM3
SIM4
1
21
22
SIM5
SIM1
SIM2
SIM3
SIM4
1
21
22
SIM5
SIM1
SIM2
SIM3
SIM4
1
21
22
SIM5
SIM1
SIM2
SIM3
SIM4
1
21
22
SIM5
SIM1
SIM2
SIM3
SIM4
1
21
22
SIM5
SIM1
SIM2
SIM3
SIM4
1
21
22
SIM5
SIM1
SIM2
SIM3
SIM4
1
21
22
SIM5
SIM1
SIM2
SIM3
SIM4
1
21
22
SIM5
SIM1
SIM2
SIM3
SIM4
1
21
22
SIM5
SIM1
SIM2
SIM3
SIM4
1
21
22
SIM5
SIM1
SIM2
SIM3
SIM4
1
21
22
SIM5
SIM1
SIM2
SIM3
SIM4
1
21
22
SIM5
SIM1
SIM2
SIM3
SIM4
1
21
22
SIM5
SIM1
SIM2
SIM3
SIM4
1
21
22
SIM5
SIM1
SIM2
SIM3
SIM4
1
21
22
SIM5
SIM1
SIM2
SIM3
SIM4
1
21
22
SIM5
SIM1
SIM2
SIM3
SIM4
1
21
22
SIM5
SIM1
SIM2
SIM3
SIM4
1
21
22
SIM5
SIM1
SIM2
SIM3
SIM4
1
21
22
SIM5
SIM1
SIM2
SIM3
SIM4
1
21
22
SIM5
SIM1
SIM2
SIM3
SIM4
1
21
22
SIM5
SIM1
SIM2
SIM3
SIM4
1
21
22
SIM5
SIM1
SIM2
SIM3
SIM4
1
21
22
SIM5
SIM1
SIM2
SIM3
SIM4
1
21
22
SIM5
SIM1
SIM2
SIM3
SIM4
1
21
22
SIM5
SIM1
SIM2
SIM3
SIM4
1
21
22
SIM5
SIM1
SIM2
SIM3
SIM4
1
21
22
SIM5
SIM1
SIM2
SIM3
SIM4
1
21
22
SIM5
SIM1
SIM2
SIM3
SIM4
1
21
22
SIM5
SIM1
SIM2
SIM3
SIM4
1
21
22
SIM5
SIM1
SIM2
SIM3
SIM4
1
21
22
SIM5
SIM1
SIM2
SIM3
SIM4
1
21
22
SIM5
SIM1
SIM2
SIM3
SIM4
1
21
22
SIM5
SIM1
SIM2
SIM3
SIM4
1
21
22
SIM5
SIM1
SIM2
SIM3
SIM4
1
21
22
SIM5
SIM1
SIM2
SIM3
SIM4
1
21
22
SIM5
SIM1
SIM2
SIM3
SIM4
1
21
22
SIM5
SIM1
SIM2
DEBUG 1 8
SIM1
SIM2
SIM3
SIM4
1
21
22
SIM5
SIM1
SIM2
SIM3
SIM4
1
21
22
SIM5
SIM1
SIM2
SIM3
SIM4
1
21
22
SIM5
SIM1
SIM2
SIM3
SIM4
1
21
22
SIM5
SIM1
SIM2
SIM3
SIM4
1
21
22
SIM5
SIM1
SIM2
SIM3
SIM4
1
21
22
SIM5
SIM1
SIM2
SIM3
SIM4
1
21
22
SIM5
SIM1
SIM2
SIM3
SIM4
1
21
22
SIM5
SIM1
SIM2
SIM3
SIM4
1
21
22
SIM5
SIM1
SIM2
SIM3
SIM4
1
21
22
SIM5
SIM1
SIM2
SIM3
SIM4
1
21
22
SIM5
SIM1
SIM2
SIM3
SIM4
1
21
22
SIM5
SIM1
SIM2
SIM3
SIM4
1
21
22
SIM5
SIM1
SIM2
SIM3
SIM4
1
21
22
SIM5
SIM1
SIM2
SIM3
SIM4
1
21
22
SIM5
SIM1
SIM2
SIM3
SIM4
1
21
22
SIM5
SIM1
SIM2
SIM3
SIM4
1
21
22
SIM5
SIM1
SIM2
SIM3
SIM4
1
21
22
SIM5
SIM1
SIM2
SIM3
SIM4
1
21
22
SIM5
SIM1
SIM2
SIM3
SIM4
1
21
22
SIM5
SIM1
SIM2
SIM3
SIM4
1
21
22
SIM5
SIM1
SIM2
SIM3
SIM4
1
21
22
SIM5
SIM1
SIM2
SIM3
SIM4
1
21
22
SIM5
SIM1
SIM2
SIM3
SIM4
1
21
22
SIM5
SIM1
SIM2
SIM3
SIM4
1
21
22
SIM5
SIM1
SIM2
SIM3
SIM4
1
21
22
SIM5
SIM1
SIM2
SIM3
SIM4
1
21
22
SIM5
SIM1
SIM2
SIM3
SIM4
1
21
22
SIM5
SIM1
SIM2
SIM3
SIM4
1
21
22
SIM5
SIM1
SIM2
SIM3
SIM4
1
21
22
SIM5
SIM1
SIM2
SIM3
SIM4
1
21
22
SIM5
SIM1
SIM2
SIM3
SIM4
1
21
22
SIM5
SIM1
SIM2
SIM3
SIM4
1
21
22
SIM5
SIM1
SIM2
SIM3
SIM4
1
21
22
SIM5
SIM1
SIM2
SIM3
SIM4
1
21
22
SIM5
SIM1
SIM2
SIM3
SIM4
1
21
22
SIM5
SIM1
SIM2
SIM3
SIM4
1
21
22
SIM5
SIM1
SIM2
SIM3
SIM4
1
21
22
SIM5
SIM1
SIM2
SIM3
SIM4
1
21
22
SIM5
SIM1
SIM2
SIM3
SIM4
1
21
22
SIM5
SIM1
SIM2
SIM3
SIM4
1
21
22
SIM5
SIM1
SIM2
SIM3
SIM4
1
21
22
SIM5
SIM1
SIM2
SIM3
SIM4
1
21
22
SIM5
SIM1
SIM2
SIM3
SIM4
1
21
22
SIM5
SIM1
SIM2
SIM3
SIM4
1
21
22
SIM5
SIM1
SIM2
SIM3
SIM4
1
21
22
SIM5
SIM1
SIM2
SIM3
SIM4
1
21
22
SIM5
SIM1
SIM2
SIM3
SIM4
1
21
22
SIM5
SIM1
SIM2
SIM3
SIM4
1
21
22
SIM5
SIM1
SIM2
SIM3
SIM4
1
21
22
SIM5
SIM1
SIM2
SIM3
SIM4
1
21
22
SIM5
SIM1
SIM2
SIM3
SIM4
1
21
22
SIM5
SIM1
SIM2
SIM3
SIM4
1
21
22
SIM5
SIM1
SIM2
SIM3
SIM4
1
21
22
SIM5
SIM1
SIM2
SIM3
SIM4
1
21
22
SIM5
SIM1
SIM2
SIM3
SIM4
1
21
22
SIM5
SIM1
SIM2
SIM3
SIM4
1
21
22
SIM5
SIM1
SIM2
SIM3
SIM4
1
21
22
SIM5
SIM1
SIM2
SIM3
SIM4
1
21
22
SIM5
SIM1
SIM2
SIM3
SIM4
1
21
22
SIM5
SIM1
SIM2
SIM3
SIM4
1
21
22
SIM5
SIM1
SIM2
SIM3
SIM4
1
21
22
SIM5
SIM1
SIM2
SIM3
SIM4
1
21
22
SIM5
SIM1
SIM2
SIM3
SIM4
1
21
22
SIM5
SIM1
SIM2
SIM3
SIM4
1
21
22
SIM5
SIM1
SIM2
SIM3
SIM4
1
21
22
SIM5
SIM1
SIM2
SIM3
SIM4
1
21
22
SIM5
SIM1
SIM2
SIM3
SIM4
1
21
22
SIM5
SIM1
SIM2
SIM3
SIM4
1
21
22
SIM5
SIM1
SIM2
SIM3
SIM4
1
21
22
SIM5
SIM1
SIM2
SIM3
SIM4
1
21
22
SIM5
SIM1
SIM2
SIM3
SIM4
1
21
22
SIM5
SIM1
SIM2
SIM3
SIM4
1
21
22
SIM5
SIM1
SIM2
SIM3
SIM4
1
21
22
SIM5
SIM1
SIM2
SIM3
SIM4
1
21
22
SIM5
SIM1
SIM2
SIM3
SIM4
1
21
22
SIM5
SIM1
SIM2
SIM3
SIM4
1
21
22
SIM5
SIM1
SIM2
SIM3
SIM4
1
21
22
SIM5
SIM1
SIM2
SIM3
SIM4
1
21
22
SIM5
SIM1
SIM2
SIM3
SIM4
1
21
22
SIM5
SIM1
SIM2
SIM3
SIM4
1
21
22
SIM5
SIM1
SIM2
SIM3
SIM4
1
21
22
SIM5
SIM1
SIM2
SIM3
SIM4
1
21
22
SIM5
SIM1
SIM2
SIM3
SIM4
1
21
22
SIM5
SIM1
SIM2
SIM3
SIM4
1
21
22
SIM5
SIM1
SIM2
SIM3
SIM4
1
21
22
SIM5
SIM1
SIM2
SIM3
SIM4
1
21
22
SIM5
SIM1
SIM2
SIM3
SIM4
1
21
22
SIM5
SIM1
SIM2
SIM3
SIM4
1
21
22
SIM5
SIM1
SIM2
SIM3
SIM4
1
21
22
SIM5
SIM1
SIM2
SIM3
SIM4
1
21
22
SIM5
SIM1
SIM2
SIM3
SIM4
1
21
22
SIM5
SIM1
SIM2
SIM3
SIM4
1
21
22
SIM5
SIM1
SIM2
SIM3
SIM4
1
21
22
SIM5
SIM1
SIM2
SIM3
SIM4
1
21
22
SIM5
SIM1
SIM2
SIM3
SIM4
1
21
22
SIM5
SIM1
SIM2
SIM3
SIM4
1
21
22
SIM5
SIM1
SIM2
SIM3
SIM4
1
21
22
SIM5
SIM1
SIM2
SIM3
SIM4
1
21
22
SIM5
SIM1
SIM2
SIM3
SIM4
1
21
22
SIM5
SIM1
SIM2
SIM3
SIM4
1
21
22
SIM5
SIM1
SIM2
SIM3
SIM4
1
21
22
SIM5
SIM1
SIM2
SIM3
SIM4
1
21
22
SIM5
SIM1
SIM2
SIM3
SIM4
1
21
22
SIM5
SIM1
SIM2
SIM3
SIM4
1
21
22
SIM5
SIM1
SIM2
SIM3
SIM4
1
21
22
SIM5
SIM1
SIM2
SIM3
SIM4
1
21
22
SIM5
SIM1
SIM2
SIM3
SIM4
1
21
22
SIM5
SIM1
SIM2
SIM3
SIM4
1
21
22
SIM5
SIM1
SIM2
SIM3
SIM4
1
21
22
SIM5
SIM1
SIM2
SIM3
SIM4
1
21
22
SIM5
SIM1
SIM2
SIM3
SIM4
1
21
22
SIM5
SIM1
SIM2
SIM3
SIM4
1
21
22
SIM5
SIM1
SIM2
SIM3
SIM4
1
21
22
SIM5
SIM1
SIM2
SIM3
SIM4
1
21
22
SIM5
SIM1
SIM2
SIM3
SIM4
1
21
22
SIM5
SIM1
SIM2
SIM3
SIM4
1
21
22
SIM5
SIM1
SIM2
SIM3
SIM4
1
21
22
SIM5
SIM1
SIM2
SIM3
SIM4
1
21
22
SIM5
SIM1
SIM2
SIM3
SIM4
1
21
22
SIM5
SIM1
SIM2
SIM3
SIM4
1
21
22
SIM5
SIM1
SIM2
SIM3
SIM4
1
21
22
SIM5
SIM1
SIM2
SIM3
SIM4
1
21
22
SIM5
SIM1
SIM2
SIM3
SIM4
1
21
22
SIM5
SIM1
SIM2
SIM3
SIM4
1
21
22
SIM5
SIM1
SIM2
SIM3
SIM4
1
21
22
SIM5
SIM1
SIM2
SIM3
SIM4
1
21
22
SIM5
SIM1
SIM2
SIM3
SIM4
1
21
22
SIM5
SIM1
SIM2
SIM3
SIM4
1
21
22
SIM5
SIM1
SIM2
SIM3
SIM4
1
21
22
SIM5
SIM1
SIM2
SIM3
SIM4
1
21
22
SIM5
SIM1
SIM2
SIM3
SIM4
1
21
22
SIM5
SIM1
SIM2
SIM3
SIM4
1
21
22
SIM5
SIM1
SIM2
SIM3
SIM4
1
21
22
SIM5
SIM1
SIM2
SIM3
SIM4
1
21
22
SIM5
SIM1
SIM2
SIM3
SIM4
1
21
22
SIM5
SIM1
SIM2
SIM3
SIM4
1
21
22
SIM5
SIM1
SIM2
SIM3
SIM4
1
21
22
SIM5
SIM1
SIM2
SIM3
SIM4
1
21
22
SIM5
SIM1
SIM2
DEBUG 1 9
SIM1
SIM2
SIM3
SIM4
1
21
22
SIM5
SIM1
SIM2
SIM3
SIM4
1
21
22
SIM5
SIM1
SIM2
SIM3
SIM4
1
21
22
SIM5
SIM1
SIM2
SIM3
SIM4
1
21
22
SIM5
SIM1
SIM2
SIM3
SIM4
1
21
22
SIM5
SIM1
SIM2
SIM3
SIM4
1
21
22
SIM5
SIM1
SIM2
SIM3
SIM4
1
21
22
SIM5
SIM1
SIM2
SIM3
SIM4
1
21
22
SIM5
SIM1
SIM2
SIM3
SIM4
1
21
22
SIM5
SIM1
SIM2
SIM3
SIM4
1
21
22
SIM5
SIM1
SIM2
SIM3
SIM4
1
21
22
SIM5
SIM1
SIM2
SIM3
SIM4
1
21
22
SIM5
SIM1
SIM2
SIM3
SIM4
1
21
22
SIM5
SIM1
SIM2
SIM3
SIM4
1
21
22
SIM5
SIM1
SIM2
SIM3
SIM4
1
21
22
SIM5
SIM1
SIM2
SIM3
SIM4
1
21
22
SIM5
SIM1
SIM2
SIM3
SIM4
1
21
22
SIM5
SIM1
SIM2
SIM3
SIM4
1
21
22
SIM5
SIM1
SIM2
SIM3
SIM4
1
21
22
SIM5
SIM1
SIM2
SIM3
SIM4
1
21
22
SIM5
SIM1
SIM2
SIM3
SIM4
1
21
22
SIM5
SIM1
SIM2
SIM3
SIM4
1
21
22
SIM5
SIM1
SIM2
SIM3
SIM4
1
21
22
SIM5
SIM1
SIM2
SIM3
SIM4
1
21
22
SIM5
SIM1
SIM2
SIM3
SIM4
1
21
22
SIM5
SIM1
SIM2
SIM3
SIM4
1
21
22
SIM5
SIM1
SIM2
SIM3
SIM4
1
21
22
SIM5
SIM1
SIM2
SIM3
SIM4
1
21
22
SIM5
SIM1
SIM2
SIM3
SIM4
1
21
22
SIM5
SIM1
SIM2
SIM3
SIM4
1
21
22
SIM5
SIM1
SIM2
SIM3
SIM4
1
21
22
SIM5
SIM1
SIM2
SIM3
SIM4
1
21
22
SIM5
SIM1
SIM2
SIM3
SIM4
1
21
22
SIM5
SIM1
SIM2
SIM3
SIM4
1
21
22
SIM5
SIM1
SIM2
SIM3
SIM4
1
21
22
SIM5
SIM1
SIM2
SIM3
SIM4
1
21
22
SIM5
SIM1
SIM2
SIM3
SIM4
1
21
22
SIM5
SIM1
SIM2
SIM3
SIM4
1
21
22
SIM5
SIM1
SIM2
SIM3
SIM4
1
21
22
SIM5
SIM1
SIM2
SIM3
SIM4
1
21
22
SIM5
SIM1
SIM2
SIM3
SIM4
1
21
22
SIM5
SIM1
SIM2
SIM3
SIM4
1
21
22
SIM5
SIM1
SIM2
SIM3
SIM4
1
21
22
SIM5
SIM1
SIM2
SIM3
SIM4
1
21
22
SIM5
SIM1
SIM2
SIM3
SIM4
1
21
22
SIM5
SIM1
SIM2
SIM3
SIM4
1
21
22
SIM5
SIM1
SIM2
SIM3
SIM4
1
21
22
SIM5
SIM1
SIM2
SIM3
SIM4
1
21
22
SIM5
SIM1
SIM2
SIM3
SIM4
1
21
22
SIM5
SIM1
SIM2
SIM3
SIM4
1
21
22
SIM5
SIM1
SIM2
SIM3
SIM4
1
21
22
SIM5
SIM1
SIM2
SIM3
SIM4
1
21
22
SIM5
SIM1
SIM2
SIM3
SIM4
1
21
22
SIM5
SIM1
SIM2
SIM3
SIM4
1
21
22
SIM5
SIM1
SIM2
SIM3
SIM4
1
21
22
SIM5
SIM1
SIM2
SIM3
SIM4
1
21
22
SIM5
SIM1
SIM2
SIM3
SIM4
1
21
22
SIM5
SIM1
SIM2
SIM3
SIM4
1
21
22
SIM5
SIM1
SIM2
SIM3
SIM4
1
21
22
SIM5
SIM1
SIM2
SIM3
SIM4
1
21
22
SIM5
SIM1
SIM2
SIM3
SIM4
1
21
22
SIM5
SIM1
SIM2
SIM3
SIM4
1
21
22
SIM5
SIM1
SIM2
SIM3
SIM4
1
21
22
SIM5
SIM1
SIM2
SIM3
SIM4
1
21
22
SIM5
SIM1
SIM2
SIM3
SIM4
1
21
22
SIM5
SIM1
SIM2
SIM3
SIM4
1
21
22
SIM5
SIM1
SIM2
SIM3
SIM4
1
21
22
SIM5
SIM1
SIM2
SIM3
SIM4
1
21
22
SIM5
SIM1
SIM2
SIM3
SIM4
1
21
22
SIM5
SIM1
SIM2
SIM3
SIM4
1
21
22
SIM5
SIM1
SIM2
SIM3
SIM4
1
21
22
SIM5
SIM1
SIM2
SIM3
SIM4
1
21
22
SIM5
SIM1
SIM2
SIM3
SIM4
1
21
22
SIM5
SIM1
SIM2
SIM3
SIM4
1
21
22
SIM5
SIM1
SIM2
SIM3
SIM4
1
21
22
SIM5
SIM1
SIM2
SIM3
SIM4
1
21
22
SIM5
SIM1
SIM2
SIM3
SIM4
1
21
22
SIM5
SIM1
SIM2
SIM3
SIM4
1
21
22
SIM5
SIM1
SIM2
SIM3
SIM4
1
21
22
SIM5
SIM1
SIM2
SIM3
SIM4
1
21
22
SIM5
SIM1
SIM2
SIM3
SIM4
1
21
22
SIM5
SIM1
SIM2
SIM3
SIM4
1
21
22
SIM5
SIM1
SIM2
SIM3
SIM4
1
21
22
SIM5
SIM1
SIM2
SIM3
SIM4
1
21
22
SIM5
SIM1
SIM2
SIM3
SIM4
1
21
22
SIM5
SIM1
SIM2
SIM3
SIM4
1
21
22
SIM5
SIM1
SIM2
SIM3
SIM4
1
21
22
SIM5
SIM1
SIM2
SIM3
SIM4
1
21
22
SIM5
SIM1
SIM2
SIM3
SIM4
1
21
22
SIM5
SIM1
SIM2
SIM3
SIM4
1
21
22
SIM5
SIM1
SIM2
SIM3
SIM4
1
21
22
SIM5
SIM1
SIM2
SIM3
SIM4
1
21
22
SIM5
SIM1
SIM2
SIM3
SIM4
1
21
22
SIM5
SIM1
SIM2
SIM3
SIM4
1
21
22
SIM5
SIM1
SIM2
SIM3
SIM4
1
21
22
SIM5
SIM1
SIM2
SIM3
SIM4
1
21
22
SIM5
SIM1
SIM2
SIM3
SIM4
1
21
22
SIM5
SIM1
SIM2
SIM3
SIM4
1
21
22
SIM5
SIM1
SIM2
SIM3
SIM4
1
21
22
SIM5
SIM1
SIM2
SIM3
SIM4
1
21
22
SIM5
SIM1
SIM2
SIM3
SIM4
1
21
22
SIM5
SIM1
SIM2
SIM3
SIM4
1
21
22
SIM5
SIM1
SIM2
SIM3
SIM4
1
21
22
SIM5
SIM1
SIM2
SIM3
SIM4
1
21
22
SIM5
SIM1
SIM2
SIM3
SIM4
1
21
22
SIM5
SIM1
SIM2
SIM3
SIM4
1
21
22
SIM5
SIM1
SIM2
SIM3
SIM4
1
21
22
SIM5
SIM1
SIM2
SIM3
SIM4
1
21
22
SIM5
SIM1
SIM2
SIM3
SIM4
1
21
22
SIM5
SIM1
SIM2
SIM3
SIM4
1
21
22
SIM5
SIM1
SIM2
SIM3
SIM4
1
21
22
SIM5
SIM1
SIM2
SIM3
SIM4
1
21
22
SIM5
SIM1
SIM2
SIM3
SIM4
1
21
22
SIM5
SIM1
SIM2
SIM3
SIM4
1
21
22
SIM5
SIM1
SIM2
SIM3
SIM4
1
21
22
SIM5
SIM1
SIM2
SIM3
SIM4
1
21
22
SIM5
SIM1
SIM2
SIM3
SIM4
1
21
22
SIM5
SIM1
SIM2
SIM3
SIM4
1
21
22
SIM5
SIM1
SIM2
SIM3
SIM4
1
21
22
SIM5
SIM1
SIM2
SIM3
SIM4
1
21
22
SIM5
SIM1
SIM2
SIM3
SIM4
1
21
22
SIM5
SIM1
SIM2
SIM3
SIM4
1
21
22
SIM5
SIM1
SIM2
SIM3
SIM4
1
21
22
SIM5
SIM1
SIM2
SIM3
SIM4
1
21
22
SIM5
SIM1
SIM2
SIM3
SIM4
1
21
22
SIM5
SIM1
SIM2
SIM3
SIM4
1
21
22
SIM5
SIM1
SIM2
SIM3
SIM4
1
21
22
SIM5
SIM1
SIM2
SIM3
SIM4
1
21
22
SIM5
SIM1
SIM2
SIM3
SIM4
1
21
22
SIM5
SIM1
SIM2
SIM3
SIM4
1
21
22
SIM5
SIM1
SIM2
SIM3
SIM4
1
21
22
SIM5
SIM1
SIM2
SIM3
SIM4
1
21
22
SIM5
SIM1
SIM2
SIM3
SIM4
1
21
22
SIM5
SIM1
SIM2
SIM3
SIM4
1
21
22
SIM5
SIM1
SIM2
SIM3
SIM4
1
21
22
SIM5
SIM1
SIM2
SIM3
SIM4
1
21
22
SIM5
SIM1
SIM2
SIM3
SIM4
1
21
22
SIM5
SIM1
SIM2
SIM3
SIM4
1
21
22
SIM5
SIM1
SIM2
SIM3
SIM4
1
21
22
SIM5
SIM1
SIM2
SIM3
SIM4
1
21
22
SIM5
SIM1
SIM2
SIM3
SIM4
1
21
22
SIM5
SIM1
SIM2
DEBUG 1 10
SIM1
SIM2
SIM3
SIM4
1
21
22
SIM5
SIM1
SIM2
SIM3
SIM4
1
21
22
SIM5
SIM1
SIM2
SIM3
SIM4
1
21
22
SIM5
SIM1
SIM2
SIM3
SIM4
1
21
22
SIM5
SIM1
SIM2
SIM3
SIM4
1
21
22
SIM5
SIM1
SIM2
SIM3
SIM4
1
21
22
SIM5
SIM1
SIM2
SIM3
SIM4
1
21
22
SIM5
SIM1
SIM2
SIM3
SIM4
1
21
22
SIM5
SIM1
SIM2
SIM3
SIM4
1
21
22
SIM5
SIM1
SIM2
SIM3
SIM4
1
21
22
SIM5
SIM1
SIM2
SIM3
SIM4
1
21
22
SIM5
SIM1
SIM2
SIM3
SIM4
1
21
22
SIM5
SIM1
SIM2
SIM3
SIM4
1
21
22
SIM5
SIM1
SIM2
SIM3
SIM4
1
21
22
SIM5
SIM1
SIM2
SIM3
SIM4
1
21
22
SIM5
SIM1
SIM2
SIM3
SIM4
1
21
22
SIM5
SIM1
SIM2
SIM3
SIM4
1
21
22
SIM5
SIM1
SIM2
SIM3
SIM4
1
21
22
SIM5
SIM1
SIM2
SIM3
SIM4
1
21
22
SIM5
SIM1
SIM2
SIM3
SIM4
1
21
22
SIM5
SIM1
SIM2
SIM3
SIM4
1
21
22
SIM5
SIM1
SIM2
SIM3
SIM4
1
21
22
SIM5
SIM1
SIM2
SIM3
SIM4
1
21
22
SIM5
SIM1
SIM2
SIM3
SIM4
1
21
22
SIM5
SIM1
SIM2
SIM3
SIM4
1
21
22
SIM5
SIM1
SIM2
SIM3
SIM4
1
21
22
SIM5
SIM1
SIM2
SIM3
SIM4
1
21
22
SIM5
SIM1
SIM2
SIM3
SIM4
1
21
22
SIM5
SIM1
SIM2
SIM3
SIM4
1
21
22
SIM5
SIM1
SIM2
SIM3
SIM4
1
21
22
SIM5
SIM1
SIM2
SIM3
SIM4
1
21
22
SIM5
SIM1
SIM2
SIM3
SIM4
1
21
22
SIM5
SIM1
SIM2
SIM3
SIM4
1
21
22
SIM5
SIM1
SIM2
SIM3
SIM4
1
21
22
SIM5
SIM1
SIM2
SIM3
SIM4
1
21
22
SIM5
SIM1
SIM2
SIM3
SIM4
1
21
22
SIM5
SIM1
SIM2
SIM3
SIM4
1
21
22
SIM5
SIM1
SIM2
SIM3
SIM4
1
21
22
SIM5
SIM1
SIM2
SIM3
SIM4
1
21
22
SIM5
SIM1
SIM2
SIM3
SIM4
1
21
22
SIM5
SIM1
SIM2
SIM3
SIM4
1
21
22
SIM5
SIM1
SIM2
SIM3
SIM4
1
21
22
SIM5
SIM1
SIM2
SIM3
SIM4
1
21
22
SIM5
SIM1
SIM2
SIM3
SIM4
1
21
22
SIM5
SIM1
SIM2
SIM3
SIM4
1
21
22
SIM5
SIM1
SIM2
SIM3
SIM4
1
21
22
SIM5
SIM1
SIM2
SIM3
SIM4
1
21
22
SIM5
SIM1
SIM2
SIM3
SIM4
1
21
22
SIM5
SIM1
SIM2
SIM3
SIM4
1
21
22
SIM5
SIM1
SIM2
SIM3
SIM4
1
21
22
SIM5
SIM1
SIM2
SIM3
SIM4
1
21
22
SIM5
SIM1
SIM2
SIM3
SIM4
1
21
22
SIM5
SIM1
SIM2
SIM3
SIM4
1
21
22
SIM5
SIM1
SIM2
SIM3
SIM4
1
21
22
SIM5
SIM1
SIM2
SIM3
SIM4
1
21
22
SIM5
SIM1
SIM2
SIM3
SIM4
1
21
22
SIM5
SIM1
SIM2
SIM3
SIM4
1
21
22
SIM5
SIM1
SIM2
SIM3
SIM4
1
21
22
SIM5
SIM1
SIM2
SIM3
SIM4
1
21
22
SIM5
SIM1
SIM2
SIM3
SIM4
1
21
22
SIM5
SIM1
SIM2
SIM3
SIM4
1
21
22
SIM5
SIM1
SIM2
SIM3
SIM4
1
21
22
SIM5
SIM1
SIM2
SIM3
SIM4
1
21
22
SIM5
SIM1
SIM2
SIM3
SIM4
1
21
22
SIM5
SIM1
SIM2
SIM3
SIM4
1
21
22
SIM5
SIM1
SIM2
SIM3
SIM4
1
21
22
SIM5
SIM1
SIM2
SIM3
SIM4
1
21
22
SIM5
SIM1
SIM2
SIM3
SIM4
1
21
22
SIM5
SIM1
SIM2
SIM3
SIM4
1
21
22
SIM5
SIM1
SIM2
SIM3
SIM4
1
21
22
SIM5
SIM1
SIM2
SIM3
SIM4
1
21
22
SIM5
SIM1
SIM2
SIM3
SIM4
1
21
22
SIM5
SIM1
SIM2
SIM3
SIM4
1
21
22
SIM5
SIM1
SIM2
SIM3
SIM4
1
21
22
SIM5
SIM1
SIM2
SIM3
SIM4
1
21
22
SIM5
SIM1
SIM2
SIM3
SIM4
1
21
22
SIM5
SIM1
SIM2
SIM3
SIM4
1
21
22
SIM5
SIM1
SIM2
SIM3
SIM4
1
21
22
SIM5
SIM1
SIM2
SIM3
SIM4
1
21
22
SIM5
SIM1
SIM2
SIM3
SIM4
1
21
22
SIM5
SIM1
SIM2
SIM3
SIM4
1
21
22
SIM5
SIM1
SIM2
SIM3
SIM4
1
21
22
SIM5
SIM1
SIM2
SIM3
SIM4
1
21
22
SIM5
SIM1
SIM2
SIM3
SIM4
1
21
22
SIM5
SIM1
SIM2
SIM3
SIM4
1
21
22
SIM5
SIM1
SIM2
SIM3
SIM4
1
21
22
SIM5
SIM1
SIM2
SIM3
SIM4
1
21
22
SIM5
SIM1
SIM2
SIM3
SIM4
1
21
22
SIM5
SIM1
SIM2
SIM3
SIM4
1
21
22
SIM5
SIM1
SIM2
SIM3
SIM4
1
21
22
SIM5
SIM1
SIM2
SIM3
SIM4
1
21
22
SIM5
SIM1
SIM2
SIM3
SIM4
1
21
22
SIM5
SIM1
SIM2
SIM3
SIM4
1
21
22
SIM5
SIM1
SIM2
SIM3
SIM4
1
21
22
SIM5
SIM1
SIM2
SIM3
SIM4
1
21
22
SIM5
SIM1
SIM2
SIM3
SIM4
1
21
22
SIM5
SIM1
SIM2
SIM3
SIM4
1
21
22
SIM5
SIM1
SIM2
SIM3
SIM4
1
21
22
SIM5
SIM1
SIM2
SIM3
SIM4
1
21
22
SIM5
SIM1
SIM2
SIM3
SIM4
1
21
22
SIM5
SIM1
SIM2
SIM3
SIM4
1
21
22
SIM5
SIM1
SIM2
SIM3
SIM4
1
21
22
SIM5
SIM1
SIM2
SIM3
SIM4
1
21
22
SIM5
SIM1
SIM2
SIM3
SIM4
1
21
22
SIM5
SIM1
SIM2
SIM3
SIM4
1
21
22
SIM5
SIM1
SIM2
SIM3
SIM4
1
21
22
SIM5
SIM1
SIM2
SIM3
SIM4
1
21
22
SIM5
SIM1
SIM2
SIM3
SIM4
1
21
22
SIM5
SIM1
SIM2
SIM3
SIM4
1
21
22
SIM5
SIM1
SIM2
SIM3
SIM4
1
21
22
SIM5
SIM1
SIM2
SIM3
SIM4
1
21
22
SIM5
SIM1
SIM2
SIM3
SIM4
1
21
22
SIM5
SIM1
SIM2
SIM3
SIM4
1
21
22
SIM5
SIM1
SIM2
SIM3
SIM4
1
21
22
SIM5
SIM1
SIM2
SIM3
SIM4
1
21
22
SIM5
SIM1
SIM2
SIM3
SIM4
1
21
22
SIM5
SIM1
SIM2
SIM3
SIM4
1
21
22
SIM5
SIM1
SIM2
SIM3
SIM4
1
21
22
SIM5
SIM1
SIM2
SIM3
SIM4
1
21
22
SIM5
SIM1
SIM2
SIM3
SIM4
1
21
22
SIM5
SIM1
SIM2
SIM3
SIM4
1
21
22
SIM5
SIM1
SIM2
SIM3
SIM4
1
21
22
SIM5
SIM1
SIM2
SIM3
SIM4
1
21
22
SIM5
SIM1
SIM2
SIM3
SIM4
1
21
22
SIM5
SIM1
SIM2
SIM3
SIM4
1
21
22
SIM5
SIM1
SIM2
SIM3
SIM4
1
21
22
SIM5
SIM1
SIM2
SIM3
SIM4
1
21
22
SIM5
SIM1
SIM2
SIM3
SIM4
1
21
22
SIM5
SIM1
SIM2
SIM3
SIM4
1
21
22
SIM5
SIM1
SIM2
SIM3
SIM4
1
21
22
SIM5
SIM1
SIM2
SIM3
SIM4
1
21
22
SIM5
SIM1
SIM2
SIM3
SIM4
1
21
22
SIM5
SIM1
SIM2
SIM3
SIM4
1
21
22
SIM5
SIM1
SIM2
SIM3
SIM4
1
21
22
SIM5
SIM1
SIM2
SIM3
SIM4
1
21
22
SIM5
SIM1
SIM2
SIM3
SIM4
1
21
22
SIM5
SIM1
SIM2
SIM3
SIM4
1
21
22
SIM5
SIM1
SIM2
SIM3
SIM4
1
21
22
SIM5
SIM1
SIM2
SIM3
SIM4
1
21
22
SIM5
SIM1
SIM2
SIM3
SIM4
1
21
22
SIM5
SIM1
SIM2
SIM3
SIM4
1
21
22
SIM5
SIM1
SIM2
SIM3
SIM4
1
21
22
SIM5
SIM1
SIM2
SIM3
SIM4
1
21
22
SIM5
SIM1
SIM2
SIM3
SIM4
1
21
22
SIM5
SIM1
SIM2
SIM3
SIM4
1
21
22
SIM5
SIM1
SIM2
SIM3
SIM4
1
21
22
SIM5
SIM1
SIM2
SIM3
SIM4
1
21
22
SIM5
SIM1
SIM2
SIM3
SIM4
1
21
22
SIM5
SIM1
SIM2
SIM3
SIM4
1
21
22
SIM5
SIM1
SIM2
SIM3
SIM4
1
21
22
SIM5
SIM1
SIM2
SIM3
SIM4
1
21
22
SIM5
SIM1
SIM2
SIM3
SIM4
1
21
22
SIM5
SIM1
SIM2
SIM3
SIM4
1
21
22
SIM5
SIM1
SIM2
SIM3
SIM4
1
21
22
SIM5
SIM1
SIM2
SIM3
SIM4
1
21
22
SIM5
SIM1
SIM2
SIM3
SIM4
1
21
22
SIM5
SIM1
SIM2
SIM3
SIM4
1
21
22
SIM5
SIM1
SIM2
SIM3
SIM4
1
21
22
SIM5
SIM1
SIM2
SIM3
SIM4
1
21
22
SIM5
SIM1
SIM2
SIM3
SIM4
1
21
22
SIM5
SIM1
SIM2
SIM3
SIM4
1
21
22
SIM5
SIM1
SIM2
SIM3
SIM4
1
21
22
SIM5
SIM1
SIM2
SIM3
SIM4
1
21
22
SIM5
SIM1
SIM2
SIM3
SIM4
1
21
22
SIM5
SIM1
SIM2
SIM3
SIM4
1
21
22
SIM5
SIM1
SIM2
SIM3
SIM4
1
21
22
SIM5
SIM1
SIM2
SIM3
SIM4
1
21
22
SIM5
SIM1
SIM2
SIM3
SIM4
1
21
22
SIM5
SIM1
SIM2
SIM3
SIM4
1
21
22
SIM5
SIM1
SIM2
SIM3
SIM4
1
21
22
SIM5
SIM1
SIM2
DEBUG 1 11
SIM1
SIM2
SIM3
SIM4
1
21
22
SIM5
SIM1
SIM2
SIM3
SIM4
1
21
22
SIM5
SIM1
SIM2
SIM3
SIM4
1
21
22
SIM5
SIM1
SIM2
SIM3
SIM4
1
21
22
SIM5
SIM1
SIM2
SIM3
SIM4
1
21
22
SIM5
SIM1
SIM2
SIM3
SIM4
1
21
22
SIM5
SIM1
SIM2
SIM3
SIM4
1
21
22
SIM5
SIM1
SIM2
SIM3
SIM4
1
21
22
SIM5
SIM1
SIM2
SIM3
SIM4
1
21
22
SIM5
SIM1
SIM2
SIM3
SIM4
1
21
22
SIM5
SIM1
SIM2
SIM3
SIM4
1
21
22
SIM5
SIM1
SIM2
SIM3
SIM4
1
21
22
SIM5
SIM1
SIM2
SIM3
SIM4
1
21
22
SIM5
SIM1
SIM2
SIM3
SIM4
1
21
22
SIM5
SIM1
SIM2
SIM3
SIM4
1
21
22
SIM5
SIM1
SIM2
SIM3
SIM4
1
21
22
SIM5
SIM1
SIM2
SIM3
SIM4
1
21
22
SIM5
SIM1
SIM2
SIM3
SIM4
1
21
22
SIM5
SIM1
SIM2
SIM3
SIM4
1
21
22
SIM5
SIM1
SIM2
SIM3
SIM4
1
21
22
SIM5
SIM1
SIM2
SIM3
SIM4
1
21
22
SIM5
SIM1
SIM2
SIM3
SIM4
1
21
22
SIM5
SIM1
SIM2
SIM3
SIM4
1
21
22
SIM5
SIM1
SIM2
SIM3
SIM4
1
21
22
SIM5
SIM1
SIM2
SIM3
SIM4
1
21
22
SIM5
SIM1
SIM2
SIM3
SIM4
1
21
22
SIM5
SIM1
SIM2
SIM3
SIM4
1
21
22
SIM5
SIM1
SIM2
SIM3
SIM4
1
21
22
SIM5
SIM1
SIM2
SIM3
SIM4
1
21
22
SIM5
SIM1
SIM2
SIM3
SIM4
1
21
22
SIM5
SIM1
SIM2
SIM3
SIM4
1
21
22
SIM5
SIM1
SIM2
SIM3
SIM4
1
21
22
SIM5
SIM1
SIM2
SIM3
SIM4
1
21
22
SIM5
SIM1
SIM2
SIM3
SIM4
1
21
22
SIM5
SIM1
SIM2
SIM3
SIM4
1
21
22
SIM5
SIM1
SIM2
SIM3
SIM4
1
21
22
SIM5
SIM1
SIM2
SIM3
SIM4
1
21
22
SIM5
SIM1
SIM2
SIM3
SIM4
1
21
22
SIM5
SIM1
SIM2
SIM3
SIM4
1
21
22
SIM5
SIM1
SIM2
SIM3
SIM4
1
21
22
SIM5
SIM1
SIM2
SIM3
SIM4
1
21
22
SIM5
SIM1
SIM2
SIM3
SIM4
1
21
22
SIM5
SIM1
SIM2
SIM3
SIM4
1
21
22
SIM5
SIM1
SIM2
SIM3
SIM4
1
21
22
SIM5
SIM1
SIM2
SIM3
SIM4
1
21
22
SIM5
SIM1
SIM2
SIM3
SIM4
1
21
22
SIM5
SIM1
SIM2
SIM3
SIM4
1
21
22
SIM5
SIM1
SIM2
SIM3
SIM4
1
21
22
SIM5
SIM1
SIM2
SIM3
SIM4
1
21
22
SIM5
SIM1
SIM2
SIM3
SIM4
1
21
22
SIM5
SIM1
SIM2
SIM3
SIM4
1
21
22
SIM5
SIM1
SIM2
SIM3
SIM4
1
21
22
SIM5
SIM1
SIM2
SIM3
SIM4
1
21
22
SIM5
SIM1
SIM2
SIM3
SIM4
1
21
22
SIM5
SIM1
SIM2
SIM3
SIM4
1
21
22
SIM5
SIM1
SIM2
SIM3
SIM4
1
21
22
SIM5
SIM1
SIM2
SIM3
SIM4
1
21
22
SIM5
SIM1
SIM2
SIM3
SIM4
1
21
22
SIM5
SIM1
SIM2
SIM3
SIM4
1
21
22
SIM5
SIM1
SIM2
SIM3
SIM4
1
21
22
SIM5
SIM1
SIM2
SIM3
SIM4
1
21
22
SIM5
SIM1
SIM2
SIM3
SIM4
1
21
22
SIM5
SIM1
SIM2
SIM3
SIM4
1
21
22
SIM5
SIM1
SIM2
SIM3
SIM4
1
21
22
SIM5
SIM1
SIM2
SIM3
SIM4
1
21
22
SIM5
SIM1
SIM2
SIM3
SIM4
1
21
22
SIM5
SIM1
SIM2
SIM3
SIM4
1
21
22
SIM5
SIM1
SIM2
SIM3
SIM4
1
21
22
SIM5
SIM1
SIM2
SIM3
SIM4
1
21
22
SIM5
SIM1
SIM2
SIM3
SIM4
1
21
22
SIM5
SIM1
SIM2
SIM3
SIM4
1
21
22
SIM5
SIM1
SIM2
SIM3
SIM4
1
21
22
SIM5
SIM1
SIM2
SIM3
SIM4
1
21
22
SIM5
SIM1
SIM2
SIM3
SIM4
1
21
22
SIM5
SIM1
SIM2
SIM3
SIM4
1
21
22
SIM5
SIM1
SIM2
SIM3
SIM4
1
21
22
SIM5
SIM1
SIM2
SIM3
SIM4
1
21
22
SIM5
SIM1
SIM2
SIM3
SIM4
1
21
22
SIM5
SIM1
SIM2
SIM3
SIM4
1
21
22
SIM5
SIM1
SIM2
SIM3
SIM4
1
21
22
SIM5
SIM1
SIM2
SIM3
SIM4
1
21
22
SIM5
SIM1
SIM2
SIM3
SIM4
1
21
22
SIM5
SIM1
SIM2
SIM3
SIM4
1
21
22
SIM5
SIM1
SIM2
SIM3
SIM4
1
21
22
SIM5
SIM1
SIM2
SIM3
SIM4
1
21
22
SIM5
SIM1
SIM2
SIM3
SIM4
1
21
22
SIM5
SIM1
SIM2
SIM3
SIM4
1
21
22
SIM5
SIM1
SIM2
SIM3
SIM4
1
21
22
SIM5
SIM1
SIM2
SIM3
SIM4
1
21
22
SIM5
SIM1
SIM2
SIM3
SIM4
1
21
22
SIM5
SIM1
SIM2
SIM3
SIM4
1
21
22
SIM5
SIM1
SIM2
SIM3
SIM4
1
21
22
SIM5
SIM1
SIM2
SIM3
SIM4
1
21
22
SIM5
SIM1
SIM2
SIM3
SIM4
1
21
22
SIM5
SIM1
SIM2
SIM3
SIM4
1
21
22
SIM5
SIM1
SIM2
SIM3
SIM4
1
21
22
SIM5
SIM1
SIM2
SIM3
SIM4
1
21
22
SIM5
SIM1
SIM2
SIM3
SIM4
1
21
22
SIM5
SIM1
SIM2
SIM3
SIM4
1
21
22
SIM5
SIM1
SIM2
SIM3
SIM4
1
21
22
SIM5
SIM1
SIM2
SIM3
SIM4
1
21
22
SIM5
SIM1
SIM2
SIM3
SIM4
1
21
22
SIM5
SIM1
SIM2
SIM3
SIM4
1
21
22
SIM5
SIM1
SIM2
SIM3
SIM4
1
21
22
SIM5
SIM1
SIM2
SIM3
SIM4
1
21
22
SIM5
SIM1
SIM2
SIM3
SIM4
1
21
22
SIM5
SIM1
SIM2
SIM3
SIM4
1
21
22
SIM5
SIM1
SIM2
SIM3
SIM4
1
21
22
SIM5
SIM1
SIM2
SIM3
SIM4
1
21
22
SIM5
SIM1
SIM2
SIM3
SIM4
1
21
22
SIM5
SIM1
SIM2
SIM3
SIM4
1
21
22
SIM5
SIM1
SIM2
SIM3
SIM4
1
21
22
SIM5
SIM1
SIM2
SIM3
SIM4
1
21
22
SIM5
SIM1
SIM2
SIM3
SIM4
1
21
22
SIM5
SIM1
SIM2
SIM3
SIM4
1
21
22
SIM5
SIM1
SIM2
SIM3
SIM4
1
21
22
SIM5
SIM1
SIM2
SIM3
SIM4
1
21
22
SIM5
SIM1
SIM2
SIM3
SIM4
1
21
22
SIM5
SIM1
SIM2
SIM3
SIM4
1
21
22
SIM5
SIM1
SIM2
SIM3
SIM4
1
21
22
SIM5
SIM1
SIM2
SIM3
SIM4
1
21
22
SIM5
SIM1
SIM2
SIM3
SIM4
1
21
22
SIM5
SIM1
SIM2
SIM3
SIM4
1
21
22
SIM5
SIM1
SIM2
SIM3
SIM4
1
21
22
SIM5
SIM1
SIM2
SIM3
SIM4
1
21
22
SIM5
SIM1
SIM2
SIM3
SIM4
1
21
22
SIM5
SIM1
SIM2
SIM3
SIM4
1
21
22
SIM5
SIM1
SIM2
SIM3
SIM4
1
21
22
SIM5
SIM1
SIM2
SIM3
SIM4
1
21
22
SIM5
SIM1
SIM2
SIM3
SIM4
1
21
22
SIM5
SIM1
SIM2
SIM3
SIM4
1
21
22
SIM5
SIM1
SIM2
SIM3
SIM4
1
21
22
SIM5
SIM1
SIM2
SIM3
SIM4
1
21
22
SIM5
SIM1
SIM2
SIM3
SIM4
1
21
22
SIM5
SIM1
SIM2
DEBUG 1 12
SIM1
SIM2
SIM3
SIM4
1
21
22
SIM5
SIM1
SIM2
SIM3
SIM4
1
21
22
SIM5
SIM1
SIM2
SIM3
SIM4
1
21
22
SIM5
SIM1
SIM2
SIM3
SIM4
1
21
22
SIM5
SIM1
SIM2
SIM3
SIM4
1
21
22
SIM5
SIM1
SIM2
SIM3
SIM4
1
21
22
SIM5
SIM1
SIM2
SIM3
SIM4
1
21
22
SIM5
SIM1
SIM2
SIM3
SIM4
1
21
22
SIM5
SIM1
SIM2
SIM3
SIM4
1
21
22
SIM5
SIM1
SIM2
SIM3
SIM4
1
21
22
SIM5
SIM1
SIM2
SIM3
SIM4
1
21
22
SIM5
SIM1
SIM2
SIM3
SIM4
1
21
22
SIM5
SIM1
SIM2
SIM3
SIM4
1
21
22
SIM5
SIM1
SIM2
SIM3
SIM4
1
21
22
SIM5
SIM1
SIM2
SIM3
SIM4
1
21
22
SIM5
SIM1
SIM2
SIM3
SIM4
1
21
22
SIM5
SIM1
SIM2
SIM3
SIM4
1
21
22
SIM5
SIM1
SIM2
SIM3
SIM4
1
21
22
SIM5
SIM1
SIM2
SIM3
SIM4
1
21
22
SIM5
SIM1
SIM2
SIM3
SIM4
1
21
22
SIM5
SIM1
SIM2
SIM3
SIM4
1
21
22
SIM5
SIM1
SIM2
SIM3
SIM4
1
21
22
SIM5
SIM1
SIM2
SIM3
SIM4
1
21
22
SIM5
SIM1
SIM2
SIM3
SIM4
1
21
22
SIM5
SIM1
SIM2
SIM3
SIM4
1
21
22
SIM5
SIM1
SIM2
SIM3
SIM4
1
21
22
SIM5
SIM1
SIM2
SIM3
SIM4
1
21
22
SIM5
SIM1
SIM2
SIM3
SIM4
1
21
22
SIM5
SIM1
SIM2
SIM3
SIM4
1
21
22
SIM5
SIM1
SIM2
SIM3
SIM4
1
21
22
SIM5
SIM1
SIM2
SIM3
SIM4
1
21
22
SIM5
SIM1
SIM2
SIM3
SIM4
1
21
22
SIM5
SIM1
SIM2
SIM3
SIM4
1
21
22
SIM5
SIM1
SIM2
SIM3
SIM4
1
21
22
SIM5
SIM1
SIM2
SIM3
SIM4
1
21
22
SIM5
SIM1
SIM2
SIM3
SIM4
1
21
22
SIM5
SIM1
SIM2
SIM3
SIM4
1
21
22
SIM5
SIM1
SIM2
SIM3
SIM4
1
21
22
SIM5
SIM1
SIM2
SIM3
SIM4
1
21
22
SIM5
SIM1
SIM2
SIM3
SIM4
1
21
22
SIM5
SIM1
SIM2
SIM3
SIM4
1
21
22
SIM5
SIM1
SIM2
SIM3
SIM4
1
21
22
SIM5
SIM1
SIM2
SIM3
SIM4
1
21
22
SIM5
SIM1
SIM2
SIM3
SIM4
1
21
22
SIM5
SIM1
SIM2
SIM3
SIM4
1
21
22
SIM5
SIM1
SIM2
SIM3
SIM4
1
21
22
SIM5
SIM1
SIM2
SIM3
SIM4
1
21
22
SIM5
SIM1
SIM2
SIM3
SIM4
1
21
22
SIM5
SIM1
SIM2
SIM3
SIM4
1
21
22
SIM5
SIM1
SIM2
SIM3
SIM4
1
21
22
SIM5
SIM1
SIM2
SIM3
SIM4
1
21
22
SIM5
SIM1
SIM2
SIM3
SIM4
1
21
22
SIM5
SIM1
SIM2
SIM3
SIM4
1
21
22
SIM5
SIM1
SIM2
SIM3
SIM4
1
21
22
SIM5
SIM1
SIM2
SIM3
SIM4
1
21
22
SIM5
SIM1
SIM2
SIM3
SIM4
1
21
22
SIM5
SIM1
SIM2
SIM3
SIM4
1
21
22
SIM5
SIM1
SIM2
SIM3
SIM4
1
21
22
SIM5
SIM1
SIM2
SIM3
SIM4
1
21
22
SIM5
SIM1
SIM2
SIM3
SIM4
1
21
22
SIM5
SIM1
SIM2
SIM3
SIM4
1
21
22
SIM5
SIM1
SIM2
SIM3
SIM4
1
21
22
SIM5
SIM1
SIM2
SIM3
SIM4
1
21
22
SIM5
SIM1
SIM2
SIM3
SIM4
1
21
22
SIM5
SIM1
SIM2
SIM3
SIM4
1
21
22
SIM5
SIM1
SIM2
SIM3
SIM4
1
21
22
SIM5
SIM1
SIM2
SIM3
SIM4
1
21
22
SIM5
SIM1
SIM2
SIM3
SIM4
1
21
22
SIM5
SIM1
SIM2
SIM3
SIM4
1
21
22
SIM5
SIM1
SIM2
SIM3
SIM4
1
21
22
SIM5
SIM1
SIM2
SIM3
SIM4
1
21
22
SIM5
SIM1
SIM2
SIM3
SIM4
1
21
22
SIM5
SIM1
SIM2
SIM3
SIM4
1
21
22
SIM5
SIM1
SIM2
SIM3
SIM4
1
21
22
SIM5
SIM1
SIM2
SIM3
SIM4
1
21
22
SIM5
SIM1
SIM2
SIM3
SIM4
1
21
22
SIM5
SIM1
SIM2
SIM3
SIM4
1
21
22
SIM5
SIM1
SIM2
SIM3
SIM4
1
21
22
SIM5
SIM1
SIM2
SIM3
SIM4
1
21
22
SIM5
SIM1
SIM2
SIM3
SIM4
1
21
22
SIM5
SIM1
SIM2
SIM3
SIM4
1
21
22
SIM5
SIM1
SIM2
SIM3
SIM4
1
21
22
SIM5
SIM1
SIM2
SIM3
SIM4
1
21
22
SIM5
SIM1
SIM2
SIM3
SIM4
1
21
22
SIM5
SIM1
SIM2
SIM3
SIM4
1
21
22
SIM5
SIM1
SIM2
SIM3
SIM4
1
21
22
SIM5
SIM1
SIM2
SIM3
SIM4
1
21
22
SIM5
SIM1
SIM2
SIM3
SIM4
1
21
22
SIM5
SIM1
SIM2
SIM3
SIM4
1
21
22
SIM5
SIM1
SIM2
SIM3
SIM4
1
21
22
SIM5
SIM1
SIM2
SIM3
SIM4
1
21
22
SIM5
SIM1
SIM2
SIM3
SIM4
1
21
22
SIM5
SIM1
SIM2
SIM3
SIM4
1
21
22
SIM5
SIM1
SIM2
SIM3
SIM4
1
21
22
SIM5
SIM1
SIM2
SIM3
SIM4
1
21
22
SIM5
SIM1
SIM2
SIM3
SIM4
1
21
22
SIM5
SIM1
SIM2
SIM3
SIM4
1
21
22
SIM5
SIM1
SIM2
SIM3
SIM4
1
21
22
SIM5
SIM1
SIM2
SIM3
SIM4
1
21
22
SIM5
SIM1
SIM2
SIM3
SIM4
1
21
22
SIM5
SIM1
SIM2
SIM3
SIM4
1
21
22
SIM5
SIM1
SIM2
SIM3
SIM4
1
21
22
SIM5
SIM1
SIM2
SIM3
SIM4
1
21
22
SIM5
SIM1
SIM2
SIM3
SIM4
1
21
22
SIM5
SIM1
SIM2
SIM3
SIM4
1
21
22
SIM5
SIM1
SIM2
SIM3
SIM4
1
21
22
SIM5
SIM1
SIM2
SIM3
SIM4
1
21
22
SIM5
SIM1
SIM2
SIM3
SIM4
1
21
22
SIM5
SIM1
SIM2
SIM3
SIM4
1
21
22
SIM5
SIM1
SIM2
SIM3
SIM4
1
21
22
SIM5
SIM1
SIM2
SIM3
SIM4
1
21
22
SIM5
SIM1
SIM2
SIM3
SIM4
1
21
22
SIM5
SIM1
SIM2
SIM3
SIM4
1
21
22
SIM5
SIM1
SIM2
SIM3
SIM4
1
21
22
SIM5
SIM1
SIM2
SIM3
SIM4
1
21
22
SIM5
SIM1
SIM2
DEBUG 1 13
SIM1
SIM2
SIM3
SIM4
1
21
22
SIM5
SIM1
SIM2
SIM3
SIM4
1
21
22
SIM5
SIM1
SIM2
SIM3
SIM4
1
21
22
SIM5
SIM1
SIM2
SIM3
SIM4
1
21
22
SIM5
SIM1
SIM2
SIM3
SIM4
1
21
22
SIM5
SIM1
SIM2
SIM3
SIM4
1
21
22
SIM5
SIM1
SIM2
SIM3
SIM4
1
21
22
SIM5
SIM1
SIM2
SIM3
SIM4
1
21
22
SIM5
SIM1
SIM2
SIM3
SIM4
1
21
22
SIM5
SIM1
SIM2
SIM3
SIM4
1
21
22
SIM5
SIM1
SIM2
SIM3
SIM4
1
21
22
SIM5
SIM1
SIM2
SIM3
SIM4
1
21
22
SIM5
SIM1
SIM2
SIM3
SIM4
1
21
22
SIM5
SIM1
SIM2
SIM3
SIM4
1
21
22
SIM5
SIM1
SIM2
SIM3
SIM4
1
21
22
SIM5
SIM1
SIM2
SIM3
SIM4
1
21
22
SIM5
SIM1
SIM2
SIM3
SIM4
1
21
22
SIM5
SIM1
SIM2
SIM3
SIM4
1
21
22
SIM5
SIM1
SIM2
SIM3
SIM4
1
21
22
SIM5
SIM1
SIM2
SIM3
SIM4
1
21
22
SIM5
SIM1
SIM2
SIM3
SIM4
1
21
22
SIM5
SIM1
SIM2
SIM3
SIM4
1
21
22
SIM5
SIM1
SIM2
SIM3
SIM4
1
21
22
SIM5
SIM1
SIM2
SIM3
SIM4
1
21
22
SIM5
SIM1
SIM2
SIM3
SIM4
1
21
22
SIM5
SIM1
SIM2
SIM3
SIM4
1
21
22
SIM5
SIM1
SIM2
SIM3
SIM4
1
21
22
SIM5
SIM1
SIM2
SIM3
SIM4
1
21
22
SIM5
SIM1
SIM2
SIM3
SIM4
1
21
22
SIM5
SIM1
SIM2
SIM3
SIM4
1
21
22
SIM5
SIM1
SIM2
SIM3
SIM4
1
21
22
SIM5
SIM1
SIM2
SIM3
SIM4
1
21
22
SIM5
SIM1
SIM2
SIM3
SIM4
1
21
22
SIM5
SIM1
SIM2
SIM3
SIM4
1
21
22
SIM5
SIM1
SIM2
SIM3
SIM4
1
21
22
SIM5
SIM1
SIM2
SIM3
SIM4
1
21
22
SIM5
SIM1
SIM2
SIM3
SIM4
1
21
22
SIM5
SIM1
SIM2
SIM3
SIM4
1
21
22
SIM5
SIM1
SIM2
SIM3
SIM4
1
21
22
SIM5
SIM1
SIM2
SIM3
SIM4
1
21
22
SIM5
SIM1
SIM2
SIM3
SIM4
1
21
22
SIM5
SIM1
SIM2
SIM3
SIM4
1
21
22
SIM5
SIM1
SIM2
SIM3
SIM4
1
21
22
SIM5
SIM1
SIM2
SIM3
SIM4
1
21
22
SIM5
SIM1
SIM2
SIM3
SIM4
1
21
22
SIM5
SIM1
SIM2
SIM3
SIM4
1
21
22
SIM5
SIM1
SIM2
SIM3
SIM4
1
21
22
SIM5
SIM1
SIM2
SIM3
SIM4
1
21
22
SIM5
SIM1
SIM2
SIM3
SIM4
1
21
22
SIM5
SIM1
SIM2
SIM3
SIM4
1
21
22
SIM5
SIM1
SIM2
SIM3
SIM4
1
21
22
SIM5
SIM1
SIM2
SIM3
SIM4
1
21
22
SIM5
SIM1
SIM2
SIM3
SIM4
1
21
22
SIM5
SIM1
SIM2
SIM3
SIM4
1
21
22
SIM5
SIM1
SIM2
SIM3
SIM4
1
21
22
SIM5
SIM1
SIM2
SIM3
SIM4
1
21
22
SIM5
SIM1
SIM2
SIM3
SIM4
1
21
22
SIM5
SIM1
SIM2
SIM3
SIM4
1
21
22
SIM5
SIM1
SIM2
SIM3
SIM4
1
21
22
SIM5
SIM1
SIM2
SIM3
SIM4
1
21
22
SIM5
SIM1
SIM2
SIM3
SIM4
1
21
22
SIM5
SIM1
SIM2
SIM3
SIM4
1
21
22
SIM5
SIM1
SIM2
SIM3
SIM4
1
21
22
SIM5
SIM1
SIM2
SIM3
SIM4
1
21
22
SIM5
SIM1
SIM2
SIM3
SIM4
1
21
22
SIM5
SIM1
SIM2
SIM3
SIM4
1
21
22
SIM5
SIM1
SIM2
SIM3
SIM4
1
21
22
SIM5
SIM1
SIM2
SIM3
SIM4
1
21
22
SIM5
SIM1
SIM2
SIM3
SIM4
1
21
22
SIM5
SIM1
SIM2
SIM3
SIM4
1
21
22
SIM5
SIM1
SIM2
SIM3
SIM4
1
21
22
SIM5
SIM1
SIM2
SIM3
SIM4
1
21
22
SIM5
SIM1
SIM2
SIM3
SIM4
1
21
22
SIM5
SIM1
SIM2
SIM3
SIM4
1
21
22
SIM5
SIM1
SIM2
SIM3
SIM4
1
21
22
SIM5
SIM1
SIM2
SIM3
SIM4
1
21
22
SIM5
SIM1
SIM2
SIM3
SIM4
1
21
22
SIM5
SIM1
SIM2
SIM3
SIM4
1
21
22
SIM5
SIM1
SIM2
SIM3
SIM4
1
21
22
SIM5
SIM1
SIM2
SIM3
SIM4
1
21
22
SIM5
SIM1
SIM2
SIM3
SIM4
1
21
22
SIM5
SIM1
SIM2
SIM3
SIM4
1
21
22
SIM5
SIM1
SIM2
SIM3
SIM4
1
21
22
SIM5
SIM1
SIM2
SIM3
SIM4
1
21
22
SIM5
SIM1
SIM2
SIM3
SIM4
1
21
22
SIM5
SIM1
SIM2
SIM3
SIM4
1
21
22
SIM5
SIM1
SIM2
SIM3
SIM4
1
21
22
SIM5
SIM1
SIM2
SIM3
SIM4
1
21
22
SIM5
SIM1
SIM2
SIM3
SIM4
1
21
22
SIM5
SIM1
SIM2
SIM3
SIM4
1
21
22
SIM5
SIM1
SIM2
SIM3
SIM4
1
21
22
SIM5
SIM1
SIM2
SIM3
SIM4
1
21
22
SIM5
SIM1
SIM2
SIM3
SIM4
1
21
22
SIM5
SIM1
SIM2
SIM3
SIM4
1
21
22
SIM5
SIM1
SIM2
SIM3
SIM4
1
21
22
SIM5
SIM1
SIM2
SIM3
SIM4
1
21
22
SIM5
SIM1
SIM2
SIM3
SIM4
1
21
22
SIM5
SIM1
SIM2
SIM3
SIM4
1
21
22
SIM5
SIM1
SIM2
SIM3
SIM4
1
21
22
SIM5
SIM1
SIM2
SIM3
SIM4
1
21
22
SIM5
SIM1
SIM2
SIM3
SIM4
1
21
22
SIM5
SIM1
SIM2
SIM3
SIM4
1
21
22
SIM5
SIM1
SIM2
SIM3
SIM4
1
21
22
SIM5
SIM1
SIM2
SIM3
SIM4
1
21
22
SIM5
SIM1
SIM2
SIM3
SIM4
1
21
22
SIM5
SIM1
SIM2
SIM3
SIM4
1
21
22
SIM5
SIM1
SIM2
SIM3
SIM4
1
21
22
SIM5
SIM1
SIM2
SIM3
SIM4
1
21
22
SIM5
SIM1
SIM2
SIM3
SIM4
1
21
22
SIM5
SIM1
SIM2
SIM3
SIM4
1
21
22
SIM5
SIM1
SIM2
SIM3
SIM4
1
21
22
SIM5
SIM1
SIM2
SIM3
SIM4
1
21
22
SIM5
SIM1
SIM2
SIM3
SIM4
1
21
22
SIM5
SIM1
SIM2
SIM3
SIM4
1
21
22
SIM5
SIM1
SIM2
SIM3
SIM4
1
21
22
SIM5
SIM1
SIM2
SIM3
SIM4
1
21
22
SIM5
SIM1
SIM2
SIM3
SIM4
1
21
22
SIM5
SIM1
SIM2
SIM3
SIM4
1
21
22
SIM5
SIM1
SIM2
SIM3
SIM4
1
21
22
SIM5
SIM1
SIM2
SIM3
SIM4
1
21
22
SIM5
SIM1
SIM2
SIM3
SIM4
1
21
22
SIM5
SIM1
SIM2
SIM3
SIM4
1
21
22
SIM5
SIM1
SIM2
SIM3
SIM4
1
21
22
SIM5
SIM1
SIM2
SIM3
SIM4
1
21
22
SIM5
SIM1
SIM2
SIM3
SIM4
1
21
22
SIM5
SIM1
SIM2
SIM3
SIM4
1
21
22
SIM5
SIM1
SIM2
SIM3
SIM4
1
21
22
SIM5
SIM1
SIM2
SIM3
SIM4
1
21
22
SIM5
SIM1
SIM2
SIM3
SIM4
1
21
22
SIM5
SIM1
SIM2
SIM3
SIM4
1
21
22
SIM5
SIM1
SIM2
SIM3
SIM4
1
21
22
SIM5
SIM1
SIM2
SIM3
SIM4
1
21
22
SIM5
SIM1
SIM2
SIM3
SIM4
1
21
22
SIM5
SIM1
SIM2
SIM3
SIM4
1
21
22
SIM5
SIM1
SIM2
SIM3
SIM4
1
21
22
SIM5
SIM1
SIM2
SIM3
SIM4
1
21
22
SIM5
SIM1
SIM2
SIM3
SIM4
1
21
22
SIM5
SIM1
SIM2
SIM3
SIM4
1
21
22
SIM5
SIM1
SIM2
SIM3
SIM4
1
21
22
SIM5
SIM1
SIM2
SIM3
SIM4
1
21
22
SIM5
SIM1
SIM2
SIM3
SIM4
1
21
22
SIM5
SIM1
SIM2
SIM3
SIM4
1
21
22
SIM5
SIM1
SIM2
SIM3
SIM4
1
21
22
SIM5
SIM1
SIM2
SIM3
SIM4
1
21
22
SIM5
SIM1
SIM2
SIM3
SIM4
1
21
22
SIM5
SIM1
SIM2
SIM3
SIM4
1
21
22
SIM5
SIM1
SIM2
SIM3
SIM4
1
21
22
SIM5
SIM1
SIM2
SIM3
SIM4
1
21
22
SIM5
SIM1
SIM2
SIM3
SIM4
1
21
22
SIM5
SIM1
SIM2
SIM3
SIM4
1
21
22
SIM5
SIM1
SIM2
SIM3
SIM4
1
21
22
SIM5
SIM1
SIM2
SIM3
SIM4
1
21
22
SIM5
SIM1
SIM2
SIM3
SIM4
1
21
22
SIM5
SIM1
SIM2
SIM3
SIM4
1
21
22
SIM5
SIM1
SIM2
SIM3
SIM4
1
21
22
SIM5
SIM1
SIM2
SIM3
SIM4
1
21
22
SIM5
SIM1
SIM2
SIM3
SIM4
1
21
22
SIM5
SIM1
SIM2
SIM3
SIM4
1
21
22
SIM5
SIM1
SIM2
SIM3
SIM4
1
21
22
SIM5
SIM1
SIM2
SIM3
SIM4
1
21
22
SIM5
SIM1
SIM2
SIM3
SIM4
1
21
22
SIM5
SIM1
SIM2
SIM3
SIM4
1
21
22
SIM5
SIM1
SIM2
SIM3
SIM4
1
21
22
SIM5
SIM1
SIM2
SIM3
SIM4
1
21
22
SIM5
SIM1
SIM2
SIM3
SIM4
1
21
22
SIM5
SIM1
SIM2
SIM3
SIM4
1
21
22
SIM5
SIM1
SIM2
SIM3
SIM4
1
21
22
SIM5
SIM1
SIM2
SIM3
SIM4
1
21
22
SIM5
SIM1
SIM2
SIM3
SIM4
1
21
22
SIM5
SIM1
SIM2
SIM3
SIM4
1
21
22
SIM5
SIM1
SIM2
SIM3
SIM4
1
21
22
SIM5
SIM1
SIM2
SIM3
SIM4
1
21
22
SIM5
SIM1
SIM2
SIM3
SIM4
1
21
22
SIM5
SIM1
SIM2
SIM3
SIM4
1
21
22
SIM5
SIM1
SIM2
SIM3
SIM4
1
21
22
SIM5
SIM1
SIM2
SIM3
SIM4
1
21
22
SIM5
SIM1
SIM2
SIM3
SIM4
1
21
22
SIM5
SIM1
SIM2
SIM3
SIM4
1
21
22
SIM5
SIM1
SIM2
SIM3
SIM4
1
21
22
SIM5
SIM1
SIM2
SIM3
SIM4
1
21
22
SIM5
SIM1
SIM2
SIM3
SIM4
1
21
22
SIM5
SIM1
SIM2
SIM3
SIM4
1
21
22
SIM5
SIM1
SIM2
SIM3
SIM4
1
21
22
SIM5
SIM1
SIM2
SIM3
SIM4
1
21
22
SIM5
SIM1
SIM2
SIM3
SIM4
1
21
22
SIM5
SIM1
SIM2
SIM3
SIM4
1
21
22
SIM5
SIM1
SIM2
SIM3
SIM4
1
21
22
SIM5
SIM1
SIM2
SIM3
SIM4
1
21
22
SIM5
SIM1
SIM2
SIM3
SIM4
1
21
22
SIM5
SIM1
SIM2
SIM3
SIM4
1
21
22
SIM5
SIM1
SIM2
SIM3
SIM4
1
21
22
SIM5
SIM1
SIM2
SIM3
SIM4
1
21
22
SIM5
SIM1
SIM2
SIM3
SIM4
1
21
22
SIM5
SIM1
SIM2
SIM3
SIM4
1
21
22
SIM5
SIM1
SIM2
SIM3
SIM4
1
21
22
SIM5
SIM1
SIM2
SIM3
SIM4
1
21
22
SIM5
SIM1
SIM2
SIM3
SIM4
1
21
22
SIM5
SIM1
SIM2
SIM3
SIM4
1
21
22
SIM5
SIM1
SIM2
SIM3
SIM4
1
21
22
SIM5
SIM1
SIM2
SIM3
SIM4
1
21
22
SIM5
SIM1
SIM2
DEBUG 1 14
SIM1
SIM2
SIM3
SIM4
1
21
22
SIM5
SIM1
SIM2
SIM3
SIM4
1
21
22
SIM5
SIM1
SIM2
SIM3
SIM4
1
21
22
SIM5
SIM1
SIM2
SIM3
SIM4
1
21
22
SIM5
SIM1
SIM2
SIM3
SIM4
1
21
22
SIM5
SIM1
SIM2
SIM3
SIM4
1
21
22
SIM5
SIM1
SIM2
SIM3
SIM4
1
21
22
SIM5
SIM1
SIM2
SIM3
SIM4
1
21
22
SIM5
SIM1
SIM2
SIM3
SIM4
1
21
22
SIM5
SIM1
SIM2
SIM3
SIM4
1
21
22
SIM5
SIM1
SIM2
SIM3
SIM4
1
21
22
SIM5
SIM1
SIM2
SIM3
SIM4
1
21
22
SIM5
SIM1
SIM2
SIM3
SIM4
1
21
22
SIM5
SIM1
SIM2
SIM3
SIM4
1
21
22
SIM5
SIM1
SIM2
SIM3
SIM4
1
21
22
SIM5
SIM1
SIM2
SIM3
SIM4
1
21
22
SIM5
SIM1
SIM2
SIM3
SIM4
1
21
22
SIM5
SIM1
SIM2
SIM3
SIM4
1
21
22
SIM5
SIM1
SIM2
SIM3
SIM4
1
21
22
SIM5
SIM1
SIM2
SIM3
SIM4
1
21
22
SIM5
SIM1
SIM2
SIM3
SIM4
1
21
22
SIM5
SIM1
SIM2
SIM3
SIM4
1
21
22
SIM5
SIM1
SIM2
SIM3
SIM4
1
21
22
SIM5
SIM1
SIM2
SIM3
SIM4
1
21
22
SIM5
SIM1
SIM2
SIM3
SIM4
1
21
22
SIM5
SIM1
SIM2
SIM3
SIM4
1
21
22
SIM5
SIM1
SIM2
SIM3
SIM4
1
21
22
SIM5
SIM1
SIM2
SIM3
SIM4
1
21
22
SIM5
SIM1
SIM2
SIM3
SIM4
1
21
22
SIM5
SIM1
SIM2
SIM3
SIM4
1
21
22
SIM5
SIM1
SIM2
SIM3
SIM4
1
21
22
SIM5
SIM1
SIM2
SIM3
SIM4
1
21
22
SIM5
SIM1
SIM2
SIM3
SIM4
1
21
22
SIM5
SIM1
SIM2
SIM3
SIM4
1
21
22
SIM5
SIM1
SIM2
SIM3
SIM4
1
21
22
SIM5
SIM1
SIM2
SIM3
SIM4
1
21
22
SIM5
SIM1
SIM2
SIM3
SIM4
1
21
22
SIM5
SIM1
SIM2
SIM3
SIM4
1
21
22
SIM5
SIM1
SIM2
SIM3
SIM4
1
21
22
SIM5
SIM1
SIM2
SIM3
SIM4
1
21
22
SIM5
SIM1
SIM2
SIM3
SIM4
1
21
22
SIM5
SIM1
SIM2
SIM3
SIM4
1
21
22
SIM5
SIM1
SIM2
SIM3
SIM4
1
21
22
SIM5
SIM1
SIM2
SIM3
SIM4
1
21
22
SIM5
SIM1
SIM2
SIM3
SIM4
1
21
22
SIM5
SIM1
SIM2
SIM3
SIM4
1
21
22
SIM5
SIM1
SIM2
SIM3
SIM4
1
21
22
SIM5
SIM1
SIM2
SIM3
SIM4
1
21
22
SIM5
SIM1
SIM2
SIM3
SIM4
1
21
22
SIM5
SIM1
SIM2
SIM3
SIM4
1
21
22
SIM5
SIM1
SIM2
SIM3
SIM4
1
21
22
SIM5
SIM1
SIM2
SIM3
SIM4
1
21
22
SIM5
SIM1
SIM2
SIM3
SIM4
1
21
22
SIM5
SIM1
SIM2
SIM3
SIM4
1
21
22
SIM5
SIM1
SIM2
SIM3
SIM4
1
21
22
SIM5
SIM1
SIM2
SIM3
SIM4
1
21
22
SIM5
SIM1
SIM2
SIM3
SIM4
1
21
22
SIM5
SIM1
SIM2
SIM3
SIM4
1
21
22
SIM5
SIM1
SIM2
SIM3
SIM4
1
21
22
SIM5
SIM1
SIM2
SIM3
SIM4
1
21
22
SIM5
SIM1
SIM2
SIM3
SIM4
1
21
22
SIM5
SIM1
SIM2
SIM3
SIM4
1
21
22
SIM5
SIM1
SIM2
SIM3
SIM4
1
21
22
SIM5
SIM1
SIM2
SIM3
SIM4
1
21
22
SIM5
SIM1
SIM2
SIM3
SIM4
1
21
22
SIM5
SIM1
SIM2
SIM3
SIM4
1
21
22
SIM5
SIM1
SIM2
SIM3
SIM4
1
21
22
SIM5
SIM1
SIM2
SIM3
SIM4
1
21
22
SIM5
SIM1
SIM2
SIM3
SIM4
1
21
22
SIM5
SIM1
SIM2
SIM3
SIM4
1
21
22
SIM5
SIM1
SIM2
SIM3
SIM4
1
21
22
SIM5
SIM1
SIM2
SIM3
SIM4
1
21
22
SIM5
SIM1
SIM2
SIM3
SIM4
1
21
22
SIM5
SIM1
SIM2
SIM3
SIM4
1
21
22
SIM5
SIM1
SIM2
SIM3
SIM4
1
21
22
SIM5
SIM1
SIM2
SIM3
SIM4
1
21
22
SIM5
SIM1
SIM2
SIM3
SIM4
1
21
22
SIM5
SIM1
SIM2
SIM3
SIM4
1
21
22
SIM5
SIM1
SIM2
SIM3
SIM4
1
21
22
SIM5
SIM1
SIM2
SIM3
SIM4
1
21
22
SIM5
SIM1
SIM2
SIM3
SIM4
1
21
22
SIM5
SIM1
SIM2
SIM3
SIM4
1
21
22
SIM5
SIM1
SIM2
SIM3
SIM4
1
21
22
SIM5
SIM1
SIM2
SIM3
SIM4
1
21
22
SIM5
SIM1
SIM2
SIM3
SIM4
1
21
22
SIM5
SIM1
SIM2
SIM3
SIM4
1
21
22
SIM5
SIM1
SIM2
SIM3
SIM4
1
21
22
SIM5
SIM1
SIM2
SIM3
SIM4
1
21
22
SIM5
SIM1
SIM2
SIM3
SIM4
1
21
22
SIM5
SIM1
SIM2
SIM3
SIM4
1
21
22
SIM5
SIM1
SIM2
SIM3
SIM4
1
21
22
SIM5
SIM1
SIM2
SIM3
SIM4
1
21
22
SIM5
SIM1
SIM2
SIM3
SIM4
1
21
22
SIM5
SIM1
SIM2
SIM3
SIM4
1
21
22
SIM5
SIM1
SIM2
SIM3
SIM4
1
21
22
SIM5
SIM1
SIM2
SIM3
SIM4
1
21
22
SIM5
SIM1
SIM2
SIM3
SIM4
1
21
22
SIM5
SIM1
SIM2
SIM3
SIM4
1
21
22
SIM5
SIM1
SIM2
SIM3
SIM4
1
21
22
SIM5
SIM1
SIM2
SIM3
SIM4
1
21
22
SIM5
SIM1
SIM2
SIM3
SIM4
1
21
22
SIM5
SIM1
SIM2
SIM3
SIM4
1
21
22
SIM5
SIM1
SIM2
SIM3
SIM4
1
21
22
SIM5
SIM1
SIM2
SIM3
SIM4
1
21
22
SIM5
SIM1
SIM2
SIM3
SIM4
1
21
22
SIM5
SIM1
SIM2
SIM3
SIM4
1
21
22
SIM5
SIM1
SIM2
SIM3
SIM4
1
21
22
SIM5
SIM1
SIM2
SIM3
SIM4
1
21
22
SIM5
SIM1
SIM2
SIM3
SIM4
1
21
22
SIM5
SIM1
SIM2
SIM3
SIM4
1
21
22
SIM5
SIM1
SIM2
SIM3
SIM4
1
21
22
SIM5
SIM1
SIM2
SIM3
SIM4
1
21
22
SIM5
SIM1
SIM2
SIM3
SIM4
1
21
22
SIM5
SIM1
SIM2
SIM3
SIM4
1
21
22
SIM5
SIM1
SIM2
SIM3
SIM4
1
21
22
SIM5
SIM1
SIM2
SIM3
SIM4
1
21
22
SIM5
SIM1
SIM2
SIM3
SIM4
1
21
22
SIM5
SIM1
SIM2
SIM3
SIM4
1
21
22
SIM5
SIM1
SIM2
SIM3
SIM4
1
21
22
SIM5
SIM1
SIM2
SIM3
SIM4
1
21
22
SIM5
SIM1
SIM2
SIM3
SIM4
1
21
22
SIM5
SIM1
SIM2
SIM3
SIM4
1
21
22
SIM5
SIM1
SIM2
SIM3
SIM4
1
21
22
SIM5
SIM1
SIM2
SIM3
SIM4
1
21
22
SIM5
SIM1
SIM2
SIM3
SIM4
1
21
22
SIM5
SIM1
SIM2
SIM3
SIM4
1
21
22
SIM5
SIM1
SIM2
SIM3
SIM4
1
21
22
SIM5
SIM1
SIM2
SIM3
SIM4
1
21
22
SIM5
SIM1
SIM2
SIM3
SIM4
1
21
22
SIM5
SIM1
SIM2
SIM3
SIM4
1
21
22
SIM5
SIM1
SIM2
SIM3
SIM4
1
21
22
SIM5
SIM1
SIM2
SIM3
SIM4
1
21
22
SIM5
SIM1
SIM2
SIM3
SIM4
1
21
22
SIM5
SIM1
SIM2
SIM3
SIM4
1
21
22
SIM5
SIM1
SIM2
SIM3
SIM4
1
21
22
SIM5
SIM1
SIM2
SIM3
SIM4
1
21
22
SIM5
SIM1
SIM2
SIM3
SIM4
1
21
22
SIM5
SIM1
SIM2
SIM3
SIM4
1
21
22
SIM5
SIM1
SIM2
SIM3
SIM4
1
21
22
SIM5
SIM1
SIM2
SIM3
SIM4
1
21
22
SIM5
SIM1
SIM2
SIM3
SIM4
1
21
22
SIM5
SIM1
SIM2
SIM3
SIM4
1
21
22
SIM5
SIM1
SIM2
SIM3
SIM4
1
21
22
SIM5
SIM1
SIM2
SIM3
SIM4
1
21
22
SIM5
SIM1
SIM2
SIM3
SIM4
1
21
22
SIM5
SIM1
SIM2
SIM3
SIM4
1
21
22
SIM5
SIM1
SIM2
SIM3
SIM4
1
21
22
SIM5
SIM1
SIM2
SIM3
SIM4
1
21
22
SIM5
SIM1
SIM2
SIM3
SIM4
1
21
22
SIM5
SIM1
SIM2
SIM3
SIM4
1
21
22
SIM5
SIM1
SIM2
SIM3
SIM4
1
21
22
SIM5
SIM1
SIM2
SIM3
SIM4
1
21
22
SIM5
SIM1
SIM2
SIM3
SIM4
1
21
22
SIM5
SIM1
SIM2
SIM3
SIM4
1
21
22
SIM5
SIM1
SIM2
SIM3
SIM4
1
21
22
SIM5
SIM1
SIM2
SIM3
SIM4
1
21
22
SIM5
SIM1
SIM2
SIM3
SIM4
1
21
22
SIM5
SIM1
SIM2
SIM3
SIM4
1
21
22
SIM5
SIM1
SIM2
SIM3
SIM4
1
21
22
SIM5
SIM1
SIM2
SIM3
SIM4
1
21
22
SIM5
SIM1
SIM2
SIM3
SIM4
1
21
22
SIM5
SIM1
SIM2
SIM3
SIM4
1
21
22
SIM5
SIM1
SIM2
SIM3
SIM4
1
21
22
SIM5
SIM1
SIM2
SIM3
SIM4
1
21
22
SIM5
SIM1
SIM2
SIM3
SIM4
1
21
22
SIM5
SIM1
SIM2
SIM3
SIM4
1
21
22
SIM5
SIM1
SIM2
SIM3
SIM4
1
21
22
SIM5
SIM1
SIM2
SIM3
SIM4
1
21
22
SIM5
SIM1
SIM2
SIM3
SIM4
1
21
22
SIM5
SIM1
SIM2
SIM3
SIM4
1
21
22
SIM5
SIM1
SIM2
SIM3
SIM4
1
21
22
SIM5
SIM1
SIM2
SIM3
SIM4
1
21
22
SIM5
SIM1
SIM2
SIM3
SIM4
1
21
22
SIM5
SIM1
SIM2
SIM3
SIM4
1
21
22
SIM5
SIM1
SIM2
SIM3
SIM4
1
21
22
SIM5
SIM1
SIM2
SIM3
SIM4
1
21
22
SIM5
SIM1
SIM2
SIM3
SIM4
1
21
22
SIM5
SIM1
SIM2
SIM3
SIM4
1
21
22
SIM5
SIM1
SIM2
SIM3
SIM4
1
21
22
SIM5
SIM1
SIM2
SIM3
SIM4
1
21
22
SIM5
SIM1
SIM2
SIM3
SIM4
1
21
22
SIM5
SIM1
SIM2
SIM3
SIM4
1
21
22
SIM5
SIM1
SIM2
SIM3
SIM4
1
21
22
SIM5
SIM1
SIM2
SIM3
SIM4
1
21
22
SIM5
SIM1
SIM2
SIM3
SIM4
1
21
22
SIM5
SIM1
SIM2
SIM3
SIM4
1
21
22
SIM5
SIM1
SIM2
SIM3
SIM4
1
21
22
SIM5
SIM1
SIM2
SIM3
SIM4
1
21
22
SIM5
SIM1
SIM2
SIM3
SIM4
1
21
22
SIM5
SIM1
SIM2
SIM3
SIM4
1
21
22
SIM5
SIM1
SIM2
SIM3
SIM4
1
21
22
SIM5
SIM1
SIM2
SIM3
SIM4
1
21
22
SIM5
SIM1
SIM2
SIM3
SIM4
1
21
22
SIM5
SIM1
SIM2
SIM3
SIM4
1
21
22
SIM5
SIM1
SIM2
SIM3
SIM4
1
21
22
SIM5
SIM1
SIM2
SIM3
SIM4
1
21
22
SIM5
SIM1
SIM2
SIM3
SIM4
1
21
22
SIM5
SIM1
SIM2
SIM3
SIM4
1
21
22
SIM5
SIM1
SIM2
SIM3
SIM4
1
21
22
SIM5
SIM1
SIM2
SIM3
SIM4
1
21
22
SIM5
SIM1
SIM2
SIM3
SIM4
1
21
22
SIM5
SIM1
SIM2
SIM3
SIM4
1
21
22
SIM5
SIM1
SIM2
SIM3
SIM4
1
21
22
SIM5
SIM1
SIM2
SIM3
SIM4
1
21
22
SIM5
SIM1
SIM2
SIM3
SIM4
1
21
22
SIM5
SIM1
SIM2
SIM3
SIM4
1
21
22
SIM5
SIM1
SIM2
SIM3
SIM4
1
21
22
SIM5
SIM1
SIM2
SIM3
SIM4
1
21
22
SIM5
SIM1
SIM2
SIM3
SIM4
1
21
22
SIM5
SIM1
SIM2
SIM3
SIM4
1
21
22
SIM5
SIM1
SIM2
SIM3
SIM4
1
21
22
SIM5
SIM1
SIM2
SIM3
SIM4
1
21
22
SIM5
SIM1
SIM2
SIM3
SIM4
1
21
22
SIM5
SIM1
SIM2
SIM3
SIM4
1
21
22
SIM5
SIM1
SIM2
SIM3
SIM4
1
21
22
SIM5
SIM1
SIM2
SIM3
SIM4
1
21
22
SIM5
SIM1
SIM2
SIM3
SIM4
1
21
22
SIM5
SIM1
SIM2
SIM3
SIM4
1
21
22
SIM5
SIM1
SIM2
SIM3
SIM4
1
21
22
SIM5
SIM1
SIM2
SIM3
SIM4
1
21
22
SIM5
SIM1
SIM2
SIM3
SIM4
1
21
22
SIM5
SIM1
SIM2
SIM3
SIM4
1
21
22
SIM5
SIM1
SIM2
SIM3
SIM4
1
21
22
SIM5
SIM1
SIM2
SIM3
SIM4
1
21
22
SIM5
SIM1
SIM2
SIM3
SIM4
1
21
22
SIM5
SIM1
SIM2
SIM3
SIM4
1
21
22
SIM5
SIM1
SIM2
SIM3
SIM4
1
21
22
SIM5
SIM1
SIM2
SIM3
SIM4
1
21
22
SIM5
SIM1
SIM2
SIM3
SIM4
1
21
22
SIM5
SIM1
SIM2
SIM3
SIM4
1
21
22
SIM5
SIM1
SIM2
SIM3
SIM4
1
21
22
SIM5
SIM1
SIM2
SIM3
SIM4
1
21
22
SIM5
SIM1
SIM2
SIM3
SIM4
1
21
22
SIM5
SIM1
SIM2
SIM3
SIM4
1
21
22
SIM5
SIM1
SIM2
SIM3
SIM4
1
21
22
SIM5
SIM1
SIM2
SIM3
SIM4
1
21
22
SIM5
SIM1
SIM2
SIM3
SIM4
1
21
22
SIM5
SIM1
SIM2
SIM3
SIM4
1
21
22
SIM5
SIM1
SIM2
SIM3
SIM4
1
21
22
SIM5
SIM1
SIM2
SIM3
SIM4
1
21
22
SIM5
SIM1
SIM2
SIM3
SIM4
1
21
22
SIM5
SIM1
SIM2
SIM3
SIM4
1
21
22
SIM5
SIM1
SIM2
SIM3
SIM4
1
21
22
SIM5
SIM1
SIM2
SIM3
SIM4
1
21
22
SIM5
SIM1
SIM2
SIM3
SIM4
1
21
22
SIM5
SIM1
SIM2
SIM3
SIM4
1
21
22
SIM5
SIM1
SIM2
SIM3
SIM4
1
21
22
SIM5
SIM1
SIM2
DEBUG 1 15
SIM1
SIM2
SIM3
SIM4
1
21
22
SIM5
SIM1
SIM2
SIM3
SIM4
1
21
22
SIM5
SIM1
SIM2
SIM3
SIM4
1
21
22
SIM5
SIM1
SIM2
SIM3
SIM4
1
21
22
SIM5
SIM1
SIM2
SIM3
SIM4
1
21
22
SIM5
SIM1
SIM2
SIM3
SIM4
1
21
22
SIM5
SIM1
SIM2
SIM3
SIM4
1
21
22
SIM5
SIM1
SIM2
SIM3
SIM4
1
21
22
SIM5
SIM1
SIM2
SIM3
SIM4
1
21
22
SIM5
SIM1
SIM2
SIM3
SIM4
1
21
22
SIM5
SIM1
SIM2
SIM3
SIM4
1
21
22
SIM5
SIM1
SIM2
SIM3
SIM4
1
21
22
SIM5
SIM1
SIM2
SIM3
SIM4
1
21
22
SIM5
SIM1
SIM2
SIM3
SIM4
1
21
22
SIM5
SIM1
SIM2
SIM3
SIM4
1
21
22
SIM5
SIM1
SIM2
SIM3
SIM4
1
21
22
SIM5
SIM1
SIM2
SIM3
SIM4
1
21
22
SIM5
SIM1
SIM2
SIM3
SIM4
1
21
22
SIM5
SIM1
SIM2
SIM3
SIM4
1
21
22
SIM5
SIM1
SIM2
SIM3
SIM4
1
21
22
SIM5
SIM1
SIM2
SIM3
SIM4
1
21
22
SIM5
SIM1
SIM2
SIM3
SIM4
1
21
22
SIM5
SIM1
SIM2
SIM3
SIM4
1
21
22
SIM5
SIM1
SIM2
SIM3
SIM4
1
21
22
SIM5
SIM1
SIM2
SIM3
SIM4
1
21
22
SIM5
SIM1
SIM2
SIM3
SIM4
1
21
22
SIM5
SIM1
SIM2
SIM3
SIM4
1
21
22
SIM5
SIM1
SIM2
SIM3
SIM4
1
21
22
SIM5
SIM1
SIM2
SIM3
SIM4
1
21
22
SIM5
SIM1
SIM2
SIM3
SIM4
1
21
22
SIM5
SIM1
SIM2
SIM3
SIM4
1
21
22
SIM5
SIM1
SIM2
SIM3
SIM4
1
21
22
SIM5
SIM1
SIM2
SIM3
SIM4
1
21
22
SIM5
SIM1
SIM2
SIM3
SIM4
1
21
22
SIM5
SIM1
SIM2
SIM3
SIM4
1
21
22
SIM5
SIM1
SIM2
SIM3
SIM4
1
21
22
SIM5
SIM1
SIM2
SIM3
SIM4
1
21
22
SIM5
SIM1
SIM2
SIM3
SIM4
1
21
22
SIM5
SIM1
SIM2
SIM3
SIM4
1
21
22
SIM5
SIM1
SIM2
SIM3
SIM4
1
21
22
SIM5
SIM1
SIM2
SIM3
SIM4
1
21
22
SIM5
SIM1
SIM2
SIM3
SIM4
1
21
22
SIM5
SIM1
SIM2
SIM3
SIM4
1
21
22
SIM5
SIM1
SIM2
SIM3
SIM4
1
21
22
SIM5
SIM1
SIM2
SIM3
SIM4
1
21
22
SIM5
SIM1
SIM2
SIM3
SIM4
1
21
22
SIM5
SIM1
SIM2
SIM3
SIM4
1
21
22
SIM5
SIM1
SIM2
SIM3
SIM4
1
21
22
SIM5
SIM1
SIM2
SIM3
SIM4
1
21
22
SIM5
SIM1
SIM2
SIM3
SIM4
1
21
22
SIM5
SIM1
SIM2
SIM3
SIM4
1
21
22
SIM5
SIM1
SIM2
SIM3
SIM4
1
21
22
SIM5
SIM1
SIM2
SIM3
SIM4
1
21
22
SIM5
SIM1
SIM2
SIM3
SIM4
1
21
22
SIM5
SIM1
SIM2
SIM3
SIM4
1
21
22
SIM5
SIM1
SIM2
SIM3
SIM4
1
21
22
SIM5
SIM1
SIM2
SIM3
SIM4
1
21
22
SIM5
SIM1
SIM2
SIM3
SIM4
1
21
22
SIM5
SIM1
SIM2
SIM3
SIM4
1
21
22
SIM5
SIM1
SIM2
SIM3
SIM4
1
21
22
SIM5
SIM1
SIM2
SIM3
SIM4
1
21
22
SIM5
SIM1
SIM2
SIM3
SIM4
1
21
22
SIM5
SIM1
SIM2
SIM3
SIM4
1
21
22
SIM5
SIM1
SIM2
SIM3
SIM4
1
21
22
SIM5
SIM1
SIM2
SIM3
SIM4
1
21
22
SIM5
SIM1
SIM2
SIM3
SIM4
1
21
22
SIM5
SIM1
SIM2
SIM3
SIM4
1
21
22
SIM5
SIM1
SIM2
SIM3
SIM4
1
21
22
SIM5
SIM1
SIM2
SIM3
SIM4
1
21
22
SIM5
SIM1
SIM2
SIM3
SIM4
1
21
22
SIM5
SIM1
SIM2
SIM3
SIM4
1
21
22
SIM5
SIM1
SIM2
SIM3
SIM4
1
21
22
SIM5
SIM1
SIM2
SIM3
SIM4
1
21
22
SIM5
SIM1
SIM2
SIM3
SIM4
1
21
22
SIM5
SIM1
SIM2
SIM3
SIM4
1
21
22
SIM5
SIM1
SIM2
SIM3
SIM4
1
21
22
SIM5
SIM1
SIM2
SIM3
SIM4
1
21
22
SIM5
SIM1
SIM2
SIM3
SIM4
1
21
22
SIM5
SIM1
SIM2
SIM3
SIM4
1
21
22
SIM5
SIM1
SIM2
SIM3
SIM4
1
21
22
SIM5
SIM1
SIM2
SIM3
SIM4
1
21
22
SIM5
SIM1
SIM2
SIM3
SIM4
1
21
22
SIM5
SIM1
SIM2
SIM3
SIM4
1
21
22
SIM5
SIM1
SIM2
SIM3
SIM4
1
21
22
SIM5
SIM1
SIM2
SIM3
SIM4
1
21
22
SIM5
SIM1
SIM2
SIM3
SIM4
1
21
22
SIM5
SIM1
SIM2
SIM3
SIM4
1
21
22
SIM5
SIM1
SIM2
SIM3
SIM4
1
21
22
SIM5
SIM1
SIM2
SIM3
SIM4
1
21
22
SIM5
SIM1
SIM2
SIM3
SIM4
1
21
22
SIM5
SIM1
SIM2
SIM3
SIM4
1
21
22
SIM5
SIM1
SIM2
SIM3
SIM4
1
21
22
SIM5
SIM1
SIM2
SIM3
SIM4
1
21
22
SIM5
SIM1
SIM2
SIM3
SIM4
1
21
22
SIM5
SIM1
SIM2
SIM3
SIM4
1
21
22
SIM5
SIM1
SIM2
SIM3
SIM4
1
21
22
SIM5
SIM1
SIM2
DEBUG 1 16
SIM1
SIM2
SIM3
SIM4
1
21
22
SIM5
SIM1
SIM2
SIM3
SIM4
1
21
22
SIM5
SIM1
SIM2
SIM3
SIM4
1
21
22
SIM5
SIM1
SIM2
SIM3
SIM4
1
21
22
SIM5
SIM1
SIM2
SIM3
SIM4
1
21
22
SIM5
SIM1
SIM2
SIM3
SIM4
1
21
22
SIM5
SIM1
SIM2
SIM3
SIM4
1
21
22
SIM5
SIM1
SIM2
SIM3
SIM4
1
21
22
SIM5
SIM1
SIM2
SIM3
SIM4
1
21
22
SIM5
SIM1
SIM2
SIM3
SIM4
1
21
22
SIM5
SIM1
SIM2
SIM3
SIM4
1
21
22
SIM5
SIM1
SIM2
SIM3
SIM4
1
21
22
SIM5
SIM1
SIM2
SIM3
SIM4
1
21
22
SIM5
SIM1
SIM2
SIM3
SIM4
1
21
22
SIM5
SIM1
SIM2
SIM3
SIM4
1
21
22
SIM5
SIM1
SIM2
SIM3
SIM4
1
21
22
SIM5
SIM1
SIM2
SIM3
SIM4
1
21
22
SIM5
SIM1
SIM2
SIM3
SIM4
1
21
22
SIM5
SIM1
SIM2
SIM3
SIM4
1
21
22
SIM5
SIM1
SIM2
SIM3
SIM4
1
21
22
SIM5
SIM1
SIM2
SIM3
SIM4
1
21
22
SIM5
SIM1
SIM2
SIM3
SIM4
1
21
22
SIM5
SIM1
SIM2
SIM3
SIM4
1
21
22
SIM5
SIM1
SIM2
SIM3
SIM4
1
21
22
SIM5
SIM1
SIM2
SIM3
SIM4
1
21
22
SIM5
SIM1
SIM2
SIM3
SIM4
1
21
22
SIM5
SIM1
SIM2
SIM3
SIM4
1
21
22
SIM5
SIM1
SIM2
SIM3
SIM4
1
21
22
SIM5
SIM1
SIM2
SIM3
SIM4
1
21
22
SIM5
SIM1
SIM2
SIM3
SIM4
1
21
22
SIM5
SIM1
SIM2
SIM3
SIM4
1
21
22
SIM5
SIM1
SIM2
SIM3
SIM4
1
21
22
SIM5
SIM1
SIM2
SIM3
SIM4
1
21
22
SIM5
SIM1
SIM2
SIM3
SIM4
1
21
22
SIM5
SIM1
SIM2
SIM3
SIM4
1
21
22
SIM5
SIM1
SIM2
SIM3
SIM4
1
21
22
SIM5
SIM1
SIM2
SIM3
SIM4
1
21
22
SIM5
SIM1
SIM2
SIM3
SIM4
1
21
22
SIM5
SIM1
SIM2
SIM3
SIM4
1
21
22
SIM5
SIM1
SIM2
SIM3
SIM4
1
21
22
SIM5
SIM1
SIM2
SIM3
SIM4
1
21
22
SIM5
SIM1
SIM2
SIM3
SIM4
1
21
22
SIM5
SIM1
SIM2
SIM3
SIM4
1
21
22
SIM5
SIM1
SIM2
SIM3
SIM4
1
21
22
SIM5
SIM1
SIM2
SIM3
SIM4
1
21
22
SIM5
SIM1
SIM2
SIM3
SIM4
1
21
22
SIM5
SIM1
SIM2
SIM3
SIM4
1
21
22
SIM5
SIM1
SIM2
SIM3
SIM4
1
21
22
SIM5
SIM1
SIM2
SIM3
SIM4
1
21
22
SIM5
SIM1
SIM2
SIM3
SIM4
1
21
22
SIM5
SIM1
SIM2
SIM3
SIM4
1
21
22
SIM5
SIM1
SIM2
SIM3
SIM4
1
21
22
SIM5
SIM1
SIM2
SIM3
SIM4
1
21
22
SIM5
SIM1
SIM2
SIM3
SIM4
1
21
22
SIM5
SIM1
SIM2
SIM3
SIM4
1
21
22
SIM5
SIM1
SIM2
SIM3
SIM4
1
21
22
SIM5
SIM1
SIM2
SIM3
SIM4
1
21
22
SIM5
SIM1
SIM2
SIM3
SIM4
1
21
22
SIM5
SIM1
SIM2
SIM3
SIM4
1
21
22
SIM5
SIM1
SIM2
SIM3
SIM4
1
21
22
SIM5
SIM1
SIM2
SIM3
SIM4
1
21
22
SIM5
SIM1
SIM2
SIM3
SIM4
1
21
22
SIM5
SIM1
SIM2
SIM3
SIM4
1
21
22
SIM5
SIM1
SIM2
SIM3
SIM4
1
21
22
SIM5
SIM1
SIM2
SIM3
SIM4
1
21
22
SIM5
SIM1
SIM2
SIM3
SIM4
1
21
22
SIM5
SIM1
SIM2
SIM3
SIM4
1
21
22
SIM5
SIM1
SIM2
SIM3
SIM4
1
21
22
SIM5
SIM1
SIM2
SIM3
SIM4
1
21
22
SIM5
SIM1
SIM2
SIM3
SIM4
1
21
22
SIM5
SIM1
SIM2
SIM3
SIM4
1
21
22
SIM5
SIM1
SIM2
SIM3
SIM4
1
21
22
SIM5
SIM1
SIM2
SIM3
SIM4
1
21
22
SIM5
SIM1
SIM2
SIM3
SIM4
1
21
22
SIM5
SIM1
SIM2
SIM3
SIM4
1
21
22
SIM5
SIM1
SIM2
SIM3
SIM4
1
21
22
SIM5
SIM1
SIM2
SIM3
SIM4
1
21
22
SIM5
SIM1
SIM2
SIM3
SIM4
1
21
22
SIM5
SIM1
SIM2
SIM3
SIM4
1
21
22
SIM5
SIM1
SIM2
SIM3
SIM4
1
21
22
SIM5
SIM1
SIM2
SIM3
SIM4
1
21
22
SIM5
SIM1
SIM2
SIM3
SIM4
1
21
22
SIM5
SIM1
SIM2
SIM3
SIM4
1
21
22
SIM5
SIM1
SIM2
SIM3
SIM4
1
21
22
SIM5
SIM1
SIM2
SIM3
SIM4
1
21
22
SIM5
SIM1
SIM2
SIM3
SIM4
1
21
22
SIM5
SIM1
SIM2
SIM3
SIM4
1
21
22
SIM5
SIM1
SIM2
SIM3
SIM4
1
21
22
SIM5
SIM1
SIM2
SIM3
SIM4
1
21
22
SIM5
SIM1
SIM2
SIM3
SIM4
1
21
22
SIM5
SIM1
SIM2
SIM3
SIM4
1
21
22
SIM5
SIM1
SIM2
SIM3
SIM4
1
21
22
SIM5
SIM1
SIM2
SIM3
SIM4
1
21
22
SIM5
SIM1
SIM2
SIM3
SIM4
1
21
22
SIM5
SIM1
SIM2
SIM3
SIM4
1
21
22
SIM5
SIM1
SIM2
SIM3
SIM4
1
21
22
SIM5
SIM1
SIM2
SIM3
SIM4
1
21
22
SIM5
SIM1
SIM2
SIM3
SIM4
1
21
22
SIM5
SIM1
SIM2
SIM3
SIM4
1
21
22
SIM5
SIM1
SIM2
SIM3
SIM4
1
21
22
SIM5
SIM1
SIM2
SIM3
SIM4
1
21
22
SIM5
SIM1
SIM2
SIM3
SIM4
1
21
22
SIM5
SIM1
SIM2
SIM3
SIM4
1
21
22
SIM5
SIM1
SIM2
SIM3
SIM4
1
21
22
SIM5
SIM1
SIM2
SIM3
SIM4
1
21
22
SIM5
SIM1
SIM2
SIM3
SIM4
1
21
22
SIM5
SIM1
SIM2
SIM3
SIM4
1
21
22
SIM5
SIM1
SIM2
SIM3
SIM4
1
21
22
SIM5
SIM1
SIM2
SIM3
SIM4
1
21
22
SIM5
SIM1
SIM2
SIM3
SIM4
1
21
22
SIM5
SIM1
SIM2
SIM3
SIM4
1
21
22
SIM5
SIM1
SIM2
SIM3
SIM4
1
21
22
SIM5
SIM1
SIM2
SIM3
SIM4
1
21
22
SIM5
SIM1
SIM2
SIM3
SIM4
1
21
22
SIM5
SIM1
SIM2
SIM3
SIM4
1
21
22
SIM5
SIM1
SIM2
SIM3
SIM4
1
21
22
SIM5
SIM1
SIM2
SIM3
SIM4
1
21
22
SIM5
SIM1
SIM2
SIM3
SIM4
1
21
22
SIM5
SIM1
SIM2
SIM3
SIM4
1
21
22
SIM5
SIM1
SIM2
SIM3
SIM4
1
21
22
SIM5
SIM1
SIM2
SIM3
SIM4
1
21
22
SIM5
SIM1
SIM2
SIM3
SIM4
1
21
22
SIM5
SIM1
SIM2
SIM3
SIM4
1
21
22
SIM5
SIM1
SIM2
SIM3
SIM4
1
21
22
SIM5
SIM1
SIM2
SIM3
SIM4
1
21
22
SIM5
SIM1
SIM2
SIM3
SIM4
1
21
22
SIM5
SIM1
SIM2
SIM3
SIM4
1
21
22
SIM5
SIM1
SIM2
SIM3
SIM4
1
21
22
SIM5
SIM1
SIM2
SIM3
SIM4
1
21
22
SIM5
SIM1
SIM2
SIM3
SIM4
1
21
22
SIM5
SIM1
SIM2
SIM3
SIM4
1
21
22
SIM5
SIM1
SIM2
SIM3
SIM4
1
21
22
SIM5
SIM1
SIM2
SIM3
SIM4
1
21
22
SIM5
SIM1
SIM2
SIM3
SIM4
1
21
22
SIM5
SIM1
SIM2
SIM3
SIM4
1
21
22
SIM5
SIM1
SIM2
SIM3
SIM4
1
21
22
SIM5
SIM1
SIM2
SIM3
SIM4
1
21
22
SIM5
SIM1
SIM2
SIM3
SIM4
1
21
22
SIM5
SIM1
SIM2
SIM3
SIM4
1
21
22
SIM5
SIM1
SIM2
SIM3
SIM4
1
21
22
SIM5
SIM1
SIM2
SIM3
SIM4
1
21
22
SIM5
SIM1
SIM2
SIM3
SIM4
1
21
22
SIM5
SIM1
SIM2
SIM3
SIM4
1
21
22
SIM5
SIM1
SIM2
SIM3
SIM4
1
21
22
SIM5
SIM1
SIM2
SIM3
SIM4
1
21
22
SIM5
SIM1
SIM2
SIM3
SIM4
1
21
22
SIM5
SIM1
SIM2
SIM3
SIM4
1
21
22
SIM5
SIM1
SIM2
SIM3
SIM4
1
21
22
SIM5
SIM1
SIM2
SIM3
SIM4
1
21
22
SIM5
SIM1
SIM2
SIM3
SIM4
1
21
22
SIM5
SIM1
SIM2
SIM3
SIM4
1
21
22
SIM5
SIM1
SIM2
SIM3
SIM4
1
21
22
SIM5
SIM1
SIM2
SIM3
SIM4
1
21
22
SIM5
SIM1
SIM2
SIM3
SIM4
1
21
22
SIM5
SIM1
SIM2
SIM3
SIM4
1
21
22
SIM5
SIM1
SIM2
SIM3
SIM4
1
21
22
SIM5
SIM1
SIM2
SIM3
SIM4
1
21
22
SIM5
SIM1
SIM2
SIM3
SIM4
1
21
22
SIM5
SIM1
SIM2
SIM3
SIM4
1
21
22
SIM5
SIM1
SIM2
SIM3
SIM4
1
21
22
SIM5
SIM1
SIM2
SIM3
SIM4
1
21
22
SIM5
SIM1
SIM2
SIM3
SIM4
1
21
22
SIM5
SIM1
SIM2
SIM3
SIM4
1
21
22
SIM5
SIM1
SIM2
SIM3
SIM4
1
21
22
SIM5
SIM1
SIM2
SIM3
SIM4
1
21
22
SIM5
SIM1
SIM2
SIM3
SIM4
1
21
22
SIM5
SIM1
SIM2
SIM3
SIM4
1
21
22
SIM5
SIM1
SIM2
SIM3
SIM4
1
21
22
SIM5
SIM1
SIM2
SIM3
SIM4
1
21
22
SIM5
SIM1
SIM2
SIM3
SIM4
1
21
22
SIM5
SIM1
SIM2
DEBUG 1 17
SIM1
SIM2
SIM3
SIM4
1
21
22
SIM5
SIM1
SIM2
SIM3
SIM4
1
21
22
SIM5
SIM1
SIM2
SIM3
SIM4
1
21
22
SIM5
SIM1
SIM2
SIM3
SIM4
1
21
22
SIM5
SIM1
SIM2
SIM3
SIM4
1
21
22
SIM5
SIM1
SIM2
SIM3
SIM4
1
21
22
SIM5
SIM1
SIM2
SIM3
SIM4
1
21
22
SIM5
SIM1
SIM2
SIM3
SIM4
1
21
22
SIM5
SIM1
SIM2
SIM3
SIM4
1
21
22
SIM5
SIM1
SIM2
SIM3
SIM4
1
21
22
SIM5
SIM1
SIM2
SIM3
SIM4
1
21
22
SIM5
SIM1
SIM2
SIM3
SIM4
1
21
22
SIM5
SIM1
SIM2
SIM3
SIM4
1
21
22
SIM5
SIM1
SIM2
SIM3
SIM4
1
21
22
SIM5
SIM1
SIM2
SIM3
SIM4
1
21
22
SIM5
SIM1
SIM2
SIM3
SIM4
1
21
22
SIM5
SIM1
SIM2
SIM3
SIM4
1
21
22
SIM5
SIM1
SIM2
SIM3
SIM4
1
21
22
SIM5
SIM1
SIM2
SIM3
SIM4
1
21
22
SIM5
SIM1
SIM2
SIM3
SIM4
1
21
22
SIM5
SIM1
SIM2
SIM3
SIM4
1
21
22
SIM5
SIM1
SIM2
SIM3
SIM4
1
21
22
SIM5
SIM1
SIM2
SIM3
SIM4
1
21
22
SIM5
SIM1
SIM2
SIM3
SIM4
1
21
22
SIM5
SIM1
SIM2
SIM3
SIM4
1
21
22
SIM5
SIM1
SIM2
SIM3
SIM4
1
21
22
SIM5
SIM1
SIM2
SIM3
SIM4
1
21
22
SIM5
SIM1
SIM2
SIM3
SIM4
1
21
22
SIM5
SIM1
SIM2
SIM3
SIM4
1
21
22
SIM5
SIM1
SIM2
SIM3
SIM4
1
21
22
SIM5
SIM1
SIM2
SIM3
SIM4
1
21
22
SIM5
SIM1
SIM2
SIM3
SIM4
1
21
22
SIM5
SIM1
SIM2
SIM3
SIM4
1
21
22
SIM5
SIM1
SIM2
SIM3
SIM4
1
21
22
SIM5
SIM1
SIM2
SIM3
SIM4
1
21
22
SIM5
SIM1
SIM2
SIM3
SIM4
1
21
22
SIM5
SIM1
SIM2
SIM3
SIM4
1
21
22
SIM5
SIM1
SIM2
SIM3
SIM4
1
21
22
SIM5
SIM1
SIM2
SIM3
SIM4
1
21
22
SIM5
SIM1
SIM2
SIM3
SIM4
1
21
22
SIM5
SIM1
SIM2
SIM3
SIM4
1
21
22
SIM5
SIM1
SIM2
SIM3
SIM4
1
21
22
SIM5
SIM1
SIM2
SIM3
SIM4
1
21
22
SIM5
SIM1
SIM2
SIM3
SIM4
1
21
22
SIM5
SIM1
SIM2
SIM3
SIM4
1
21
22
SIM5
SIM1
SIM2
SIM3
SIM4
1
21
22
SIM5
SIM1
SIM2
SIM3
SIM4
1
21
22
SIM5
SIM1
SIM2
SIM3
SIM4
1
21
22
SIM5
SIM1
SIM2
SIM3
SIM4
1
21
22
SIM5
SIM1
SIM2
SIM3
SIM4
1
21
22
SIM5
SIM1
SIM2
SIM3
SIM4
1
21
22
SIM5
SIM1
SIM2
SIM3
SIM4
1
21
22
SIM5
SIM1
SIM2
SIM3
SIM4
1
21
22
SIM5
SIM1
SIM2
SIM3
SIM4
1
21
22
SIM5
SIM1
SIM2
SIM3
SIM4
1
21
22
SIM5
SIM1
SIM2
SIM3
SIM4
1
21
22
SIM5
SIM1
SIM2
SIM3
SIM4
1
21
22
SIM5
SIM1
SIM2
SIM3
SIM4
1
21
22
SIM5
SIM1
SIM2
SIM3
SIM4
1
21
22
SIM5
SIM1
SIM2
SIM3
SIM4
1
21
22
SIM5
SIM1
SIM2
SIM3
SIM4
1
21
22
SIM5
SIM1
SIM2
SIM3
SIM4
1
21
22
SIM5
SIM1
SIM2
SIM3
SIM4
1
21
22
SIM5
SIM1
SIM2
SIM3
SIM4
1
21
22
SIM5
SIM1
SIM2
SIM3
SIM4
1
21
22
SIM5
SIM1
SIM2
SIM3
SIM4
1
21
22
SIM5
SIM1
SIM2
SIM3
SIM4
1
21
22
SIM5
SIM1
SIM2
SIM3
SIM4
1
21
22
SIM5
SIM1
SIM2
SIM3
SIM4
1
21
22
SIM5
SIM1
SIM2
SIM3
SIM4
1
21
22
SIM5
SIM1
SIM2
SIM3
SIM4
1
21
22
SIM5
SIM1
SIM2
SIM3
SIM4
1
21
22
SIM5
SIM1
SIM2
SIM3
SIM4
1
21
22
SIM5
SIM1
SIM2
SIM3
SIM4
1
21
22
SIM5
SIM1
SIM2
SIM3
SIM4
1
21
22
SIM5
SIM1
SIM2
SIM3
SIM4
1
21
22
SIM5
SIM1
SIM2
SIM3
SIM4
1
21
22
SIM5
SIM1
SIM2
SIM3
SIM4
1
21
22
SIM5
SIM1
SIM2
SIM3
SIM4
1
21
22
SIM5
SIM1
SIM2
SIM3
SIM4
1
21
22
SIM5
SIM1
SIM2
SIM3
SIM4
1
21
22
SIM5
SIM1
SIM2
SIM3
SIM4
1
21
22
SIM5
SIM1
SIM2
SIM3
SIM4
1
21
22
SIM5
SIM1
SIM2
SIM3
SIM4
1
21
22
SIM5
SIM1
SIM2
SIM3
SIM4
1
21
22
SIM5
SIM1
SIM2
SIM3
SIM4
1
21
22
SIM5
SIM1
SIM2
SIM3
SIM4
1
21
22
SIM5
SIM1
SIM2
SIM3
SIM4
1
21
22
SIM5
SIM1
SIM2
SIM3
SIM4
1
21
22
SIM5
SIM1
SIM2
SIM3
SIM4
1
21
22
SIM5
SIM1
SIM2
SIM3
SIM4
1
21
22
SIM5
SIM1
SIM2
SIM3
SIM4
1
21
22
SIM5
SIM1
SIM2
SIM3
SIM4
1
21
22
SIM5
SIM1
SIM2
SIM3
SIM4
1
21
22
SIM5
SIM1
SIM2
SIM3
SIM4
1
21
22
SIM5
SIM1
SIM2
SIM3
SIM4
1
21
22
SIM5
SIM1
SIM2
SIM3
SIM4
1
21
22
SIM5
SIM1
SIM2
SIM3
SIM4
1
21
22
SIM5
SIM1
SIM2
SIM3
SIM4
1
21
22
SIM5
SIM1
SIM2
SIM3
SIM4
1
21
22
SIM5
SIM1
SIM2
SIM3
SIM4
1
21
22
SIM5
SIM1
SIM2
SIM3
SIM4
1
21
22
SIM5
SIM1
SIM2
SIM3
SIM4
1
21
22
SIM5
SIM1
SIM2
SIM3
SIM4
1
21
22
SIM5
SIM1
SIM2
SIM3
SIM4
1
21
22
SIM5
SIM1
SIM2
SIM3
SIM4
1
21
22
SIM5
SIM1
SIM2
SIM3
SIM4
1
21
22
SIM5
SIM1
SIM2
SIM3
SIM4
1
21
22
SIM5
SIM1
SIM2
SIM3
SIM4
1
21
22
SIM5
SIM1
SIM2
SIM3
SIM4
1
21
22
SIM5
SIM1
SIM2
SIM3
SIM4
1
21
22
SIM5
SIM1
SIM2
SIM3
SIM4
1
21
22
SIM5
SIM1
SIM2
SIM3
SIM4
1
21
22
SIM5
SIM1
SIM2
SIM3
SIM4
1
21
22
SIM5
SIM1
SIM2
SIM3
SIM4
1
21
22
SIM5
SIM1
SIM2
SIM3
SIM4
1
21
22
SIM5
SIM1
SIM2
SIM3
SIM4
1
21
22
SIM5
SIM1
SIM2
SIM3
SIM4
1
21
22
SIM5
SIM1
SIM2
SIM3
SIM4
1
21
22
SIM5
SIM1
SIM2
SIM3
SIM4
1
21
22
SIM5
SIM1
SIM2
SIM3
SIM4
1
21
22
SIM5
SIM1
SIM2
SIM3
SIM4
1
21
22
SIM5
SIM1
SIM2
SIM3
SIM4
1
21
22
SIM5
SIM1
SIM2
SIM3
SIM4
1
21
22
SIM5
SIM1
SIM2
SIM3
SIM4
1
21
22
SIM5
SIM1
SIM2
SIM3
SIM4
1
21
22
SIM5
SIM1
SIM2
SIM3
SIM4
1
21
22
SIM5
SIM1
SIM2
SIM3
SIM4
1
21
22
SIM5
SIM1
SIM2
SIM3
SIM4
1
21
22
SIM5
SIM1
SIM2
SIM3
SIM4
1
21
22
SIM5
SIM1
SIM2
SIM3
SIM4
1
21
22
SIM5
SIM1
SIM2
SIM3
SIM4
1
21
22
SIM5
SIM1
SIM2
SIM3
SIM4
1
21
22
SIM5
SIM1
SIM2
SIM3
SIM4
1
21
22
SIM5
SIM1
SIM2
SIM3
SIM4
1
21
22
SIM5
SIM1
SIM2
SIM3
SIM4
1
21
22
SIM5
SIM1
SIM2
SIM3
SIM4
1
21
22
SIM5
SIM1
SIM2
SIM3
SIM4
1
21
22
SIM5
SIM1
SIM2
SIM3
SIM4
1
21
22
SIM5
SIM1
SIM2
SIM3
SIM4
1
21
22
SIM5
SIM1
SIM2
SIM3
SIM4
1
21
22
SIM5
SIM1
SIM2
SIM3
SIM4
1
21
22
SIM5
SIM1
SIM2
SIM3
SIM4
1
21
22
SIM5
SIM1
SIM2
SIM3
SIM4
1
21
22
SIM5
SIM1
SIM2
SIM3
SIM4
1
21
22
SIM5
SIM1
SIM2
SIM3
SIM4
1
21
22
SIM5
SIM1
SIM2
SIM3
SIM4
1
21
22
SIM5
SIM1
SIM2
SIM3
SIM4
1
21
22
SIM5
SIM1
SIM2
SIM3
SIM4
1
21
22
SIM5
SIM1
SIM2
SIM3
SIM4
1
21
22
SIM5
SIM1
SIM2
SIM3
SIM4
1
21
22
SIM5
SIM1
SIM2
DEBUG 1 18
SIM1
SIM2
SIM3
SIM4
1
21
22
SIM5
SIM1
SIM2
SIM3
SIM4
1
21
22
SIM5
SIM1
SIM2
SIM3
SIM4
1
21
22
SIM5
SIM1
SIM2
SIM3
SIM4
1
21
22
SIM5
SIM1
SIM2
SIM3
SIM4
1
21
22
SIM5
SIM1
SIM2
SIM3
SIM4
1
21
22
SIM5
SIM1
SIM2
SIM3
SIM4
1
21
22
SIM5
SIM1
SIM2
SIM3
SIM4
1
21
22
SIM5
SIM1
SIM2
SIM3
SIM4
1
21
22
SIM5
SIM1
SIM2
SIM3
SIM4
1
21
22
SIM5
SIM1
SIM2
SIM3
SIM4
1
21
22
SIM5
SIM1
SIM2
SIM3
SIM4
1
21
22
SIM5
SIM1
SIM2
SIM3
SIM4
1
21
22
SIM5
SIM1
SIM2
SIM3
SIM4
1
21
22
SIM5
SIM1
SIM2
SIM3
SIM4
1
21
22
SIM5
SIM1
SIM2
SIM3
SIM4
1
21
22
SIM5
SIM1
SIM2
SIM3
SIM4
1
21
22
SIM5
SIM1
SIM2
SIM3
SIM4
1
21
22
SIM5
SIM1
SIM2
SIM3
SIM4
1
21
22
SIM5
SIM1
SIM2
SIM3
SIM4
1
21
22
SIM5
SIM1
SIM2
SIM3
SIM4
1
21
22
SIM5
SIM1
SIM2
SIM3
SIM4
1
21
22
SIM5
SIM1
SIM2
SIM3
SIM4
1
21
22
SIM5
SIM1
SIM2
SIM3
SIM4
1
21
22
SIM5
SIM1
SIM2
SIM3
SIM4
1
21
22
SIM5
SIM1
SIM2
SIM3
SIM4
1
21
22
SIM5
SIM1
SIM2
SIM3
SIM4
1
21
22
SIM5
SIM1
SIM2
SIM3
SIM4
1
21
22
SIM5
SIM1
SIM2
SIM3
SIM4
1
21
22
SIM5
SIM1
SIM2
SIM3
SIM4
1
21
22
SIM5
SIM1
SIM2
SIM3
SIM4
1
21
22
SIM5
SIM1
SIM2
SIM3
SIM4
1
21
22
SIM5
SIM1
SIM2
SIM3
SIM4
1
21
22
SIM5
SIM1
SIM2
SIM3
SIM4
1
21
22
SIM5
SIM1
SIM2
SIM3
SIM4
1
21
22
SIM5
SIM1
SIM2
SIM3
SIM4
1
21
22
SIM5
SIM1
SIM2
SIM3
SIM4
1
21
22
SIM5
SIM1
SIM2
SIM3
SIM4
1
21
22
SIM5
SIM1
SIM2
SIM3
SIM4
1
21
22
SIM5
SIM1
SIM2
SIM3
SIM4
1
21
22
SIM5
SIM1
SIM2
SIM3
SIM4
1
21
22
SIM5
SIM1
SIM2
SIM3
SIM4
1
21
22
SIM5
SIM1
SIM2
SIM3
SIM4
1
21
22
SIM5
SIM1
SIM2
SIM3
SIM4
1
21
22
SIM5
SIM1
SIM2
SIM3
SIM4
1
21
22
SIM5
SIM1
SIM2
SIM3
SIM4
1
21
22
SIM5
SIM1
SIM2
SIM3
SIM4
1
21
22
SIM5
SIM1
SIM2
SIM3
SIM4
1
21
22
SIM5
SIM1
SIM2
SIM3
SIM4
1
21
22
SIM5
SIM1
SIM2
SIM3
SIM4
1
21
22
SIM5
SIM1
SIM2
SIM3
SIM4
1
21
22
SIM5
SIM1
SIM2
SIM3
SIM4
1
21
22
SIM5
SIM1
SIM2
SIM3
SIM4
1
21
22
SIM5
SIM1
SIM2
SIM3
SIM4
1
21
22
SIM5
SIM1
SIM2
SIM3
SIM4
1
21
22
SIM5
SIM1
SIM2
SIM3
SIM4
1
21
22
SIM5
SIM1
SIM2
SIM3
SIM4
1
21
22
SIM5
SIM1
SIM2
SIM3
SIM4
1
21
22
SIM5
SIM1
SIM2
SIM3
SIM4
1
21
22
SIM5
SIM1
SIM2
SIM3
SIM4
1
21
22
SIM5
SIM1
SIM2
SIM3
SIM4
1
21
22
SIM5
SIM1
SIM2
SIM3
SIM4
1
21
22
SIM5
SIM1
SIM2
SIM3
SIM4
1
21
22
SIM5
SIM1
SIM2
SIM3
SIM4
1
21
22
SIM5
SIM1
SIM2
SIM3
SIM4
1
21
22
SIM5
SIM1
SIM2
SIM3
SIM4
1
21
22
SIM5
SIM1
SIM2
SIM3
SIM4
1
21
22
SIM5
SIM1
SIM2
SIM3
SIM4
1
21
22
SIM5
SIM1
SIM2
SIM3
SIM4
1
21
22
SIM5
SIM1
SIM2
SIM3
SIM4
1
21
22
SIM5
SIM1
SIM2
SIM3
SIM4
1
21
22
SIM5
SIM1
SIM2
SIM3
SIM4
1
21
22
SIM5
SIM1
SIM2
SIM3
SIM4
1
21
22
SIM5
SIM1
SIM2
SIM3
SIM4
1
21
22
SIM5
SIM1
SIM2
SIM3
SIM4
1
21
22
SIM5
SIM1
SIM2
SIM3
SIM4
1
21
22
SIM5
SIM1
SIM2
SIM3
SIM4
1
21
22
SIM5
SIM1
SIM2
SIM3
SIM4
1
21
22
SIM5
SIM1
SIM2
SIM3
SIM4
1
21
22
SIM5
SIM1
SIM2
SIM3
SIM4
1
21
22
SIM5
SIM1
SIM2
SIM3
SIM4
1
21
22
SIM5
SIM1
SIM2
SIM3
SIM4
1
21
22
SIM5
SIM1
SIM2
SIM3
SIM4
1
21
22
SIM5
SIM1
SIM2
SIM3
SIM4
1
21
22
SIM5
SIM1
SIM2
SIM3
SIM4
1
21
22
SIM5
SIM1
SIM2
SIM3
SIM4
1
21
22
SIM5
SIM1
SIM2
SIM3
SIM4
1
21
22
SIM5
SIM1
SIM2
SIM3
SIM4
1
21
22
SIM5
SIM1
SIM2
SIM3
SIM4
1
21
22
SIM5
SIM1
SIM2
SIM3
SIM4
1
21
22
SIM5
SIM1
SIM2
SIM3
SIM4
1
21
22
SIM5
SIM1
SIM2
SIM3
SIM4
1
21
22
SIM5
SIM1
SIM2
SIM3
SIM4
1
21
22
SIM5
SIM1
SIM2
SIM3
SIM4
1
21
22
SIM5
SIM1
SIM2
SIM3
SIM4
1
21
22
SIM5
SIM1
SIM2
SIM3
SIM4
1
21
22
SIM5
SIM1
SIM2
SIM3
SIM4
1
21
22
SIM5
SIM1
SIM2
SIM3
SIM4
1
21
22
SIM5
SIM1
SIM2
SIM3
SIM4
1
21
22
SIM5
SIM1
SIM2
SIM3
SIM4
1
21
22
SIM5
SIM1
SIM2
SIM3
SIM4
1
21
22
SIM5
SIM1
SIM2
SIM3
SIM4
1
21
22
SIM5
SIM1
SIM2
SIM3
SIM4
1
21
22
SIM5
SIM1
SIM2
SIM3
SIM4
1
21
22
SIM5
SIM1
SIM2
SIM3
SIM4
1
21
22
SIM5
SIM1
SIM2
SIM3
SIM4
1
21
22
SIM5
SIM1
SIM2
SIM3
SIM4
1
21
22
SIM5
SIM1
SIM2
SIM3
SIM4
1
21
22
SIM5
SIM1
SIM2
SIM3
SIM4
1
21
22
SIM5
SIM1
SIM2
SIM3
SIM4
1
21
22
SIM5
SIM1
SIM2
SIM3
SIM4
1
21
22
SIM5
SIM1
SIM2
SIM3
SIM4
1
21
22
SIM5
SIM1
SIM2
SIM3
SIM4
1
21
22
SIM5
SIM1
SIM2
SIM3
SIM4
1
21
22
SIM5
SIM1
SIM2
SIM3
SIM4
1
21
22
SIM5
SIM1
SIM2
SIM3
SIM4
1
21
22
SIM5
SIM1
SIM2
SIM3
SIM4
1
21
22
SIM5
SIM1
SIM2
SIM3
SIM4
1
21
22
SIM5
SIM1
SIM2
SIM3
SIM4
1
21
22
SIM5
SIM1
SIM2
SIM3
SIM4
1
21
22
SIM5
SIM1
SIM2
SIM3
SIM4
1
21
22
SIM5
SIM1
SIM2
SIM3
SIM4
1
21
22
SIM5
SIM1
SIM2
SIM3
SIM4
1
21
22
SIM5
SIM1
SIM2
SIM3
SIM4
1
21
22
SIM5
SIM1
SIM2
SIM3
SIM4
1
21
22
SIM5
SIM1
SIM2
SIM3
SIM4
1
21
22
SIM5
SIM1
SIM2
SIM3
SIM4
1
21
22
SIM5
SIM1
SIM2
SIM3
SIM4
1
21
22
SIM5
SIM1
SIM2
SIM3
SIM4
1
21
22
SIM5
SIM1
SIM2
SIM3
SIM4
1
21
22
SIM5
SIM1
SIM2
SIM3
SIM4
1
21
22
SIM5
SIM1
SIM2
SIM3
SIM4
1
21
22
SIM5
SIM1
SIM2
SIM3
SIM4
1
21
22
SIM5
SIM1
SIM2
SIM3
SIM4
1
21
22
SIM5
SIM1
SIM2
SIM3
SIM4
1
21
22
SIM5
SIM1
SIM2
SIM3
SIM4
1
21
22
SIM5
SIM1
SIM2
SIM3
SIM4
1
21
22
SIM5
SIM1
SIM2
SIM3
SIM4
1
21
22
SIM5
SIM1
SIM2
SIM3
SIM4
1
21
22
SIM5
SIM1
SIM2
SIM3
SIM4
1
21
22
SIM5
SIM1
SIM2
SIM3
SIM4
1
21
22
SIM5
SIM1
SIM2
SIM3
SIM4
1
21
22
SIM5
SIM1
SIM2
SIM3
SIM4
1
21
22
SIM5
SIM1
SIM2
SIM3
SIM4
1
21
22
SIM5
SIM1
SIM2
SIM3
SIM4
1
21
22
SIM5
SIM1
SIM2
SIM3
SIM4
1
21
22
SIM5
SIM1
SIM2
SIM3
SIM4
1
21
22
SIM5
SIM1
SIM2
SIM3
SIM4
1
21
22
SIM5
SIM1
SIM2
SIM3
SIM4
1
21
22
SIM5
SIM1
SIM2
SIM3
SIM4
1
21
22
SIM5
SIM1
SIM2
SIM3
SIM4
1
21
22
SIM5
SIM1
SIM2
SIM3
SIM4
1
21
22
SIM5
SIM1
SIM2
SIM3
SIM4
1
21
22
SIM5
SIM1
SIM2
SIM3
SIM4
1
21
22
SIM5
SIM1
SIM2
SIM3
SIM4
1
21
22
SIM5
SIM1
SIM2
SIM3
SIM4
1
21
22
SIM5
SIM1
SIM2
SIM3
SIM4
1
21
22
SIM5
SIM1
SIM2
SIM3
SIM4
1
21
22
SIM5
SIM1
SIM2
SIM3
SIM4
1
21
22
SIM5
SIM1
SIM2
SIM3
SIM4
1
21
22
SIM5
SIM1
SIM2
SIM3
SIM4
1
21
22
SIM5
SIM1
SIM2
SIM3
SIM4
1
21
22
SIM5
SIM1
SIM2
SIM3
SIM4
1
21
22
SIM5
SIM1
SIM2
DEBUG 1 19
SIM1
SIM2
SIM3
SIM4
1
21
22
SIM5
SIM1
SIM2
SIM3
SIM4
1
21
22
SIM5
SIM1
SIM2
SIM3
SIM4
1
21
22
SIM5
SIM1
SIM2
SIM3
SIM4
1
21
22
SIM5
SIM1
SIM2
SIM3
SIM4
1
21
22
SIM5
SIM1
SIM2
SIM3
SIM4
1
21
22
SIM5
SIM1
SIM2
SIM3
SIM4
1
21
22
SIM5
SIM1
SIM2
SIM3
SIM4
1
21
22
SIM5
SIM1
SIM2
SIM3
SIM4
1
21
22
SIM5
SIM1
SIM2
SIM3
SIM4
1
21
22
SIM5
SIM1
SIM2
SIM3
SIM4
1
21
22
SIM5
SIM1
SIM2
SIM3
SIM4
1
21
22
SIM5
SIM1
SIM2
SIM3
SIM4
1
21
22
SIM5
SIM1
SIM2
SIM3
SIM4
1
21
22
SIM5
SIM1
SIM2
SIM3
SIM4
1
21
22
SIM5
SIM1
SIM2
SIM3
SIM4
1
21
22
SIM5
SIM1
SIM2
SIM3
SIM4
1
21
22
SIM5
SIM1
SIM2
SIM3
SIM4
1
21
22
SIM5
SIM1
SIM2
SIM3
SIM4
1
21
22
SIM5
SIM1
SIM2
SIM3
SIM4
1
21
22
SIM5
SIM1
SIM2
SIM3
SIM4
1
21
22
SIM5
SIM1
SIM2
SIM3
SIM4
1
21
22
SIM5
SIM1
SIM2
SIM3
SIM4
1
21
22
SIM5
SIM1
SIM2
SIM3
SIM4
1
21
22
SIM5
SIM1
SIM2
SIM3
SIM4
1
21
22
SIM5
SIM1
SIM2
SIM3
SIM4
1
21
22
SIM5
SIM1
SIM2
SIM3
SIM4
1
21
22
SIM5
SIM1
SIM2
SIM3
SIM4
1
21
22
SIM5
SIM1
SIM2
SIM3
SIM4
1
21
22
SIM5
SIM1
SIM2
SIM3
SIM4
1
21
22
SIM5
SIM1
SIM2
SIM3
SIM4
1
21
22
SIM5
SIM1
SIM2
SIM3
SIM4
1
21
22
SIM5
SIM1
SIM2
SIM3
SIM4
1
21
22
SIM5
SIM1
SIM2
SIM3
SIM4
1
21
22
SIM5
SIM1
SIM2
SIM3
SIM4
1
21
22
SIM5
SIM1
SIM2
SIM3
SIM4
1
21
22
SIM5
SIM1
SIM2
SIM3
SIM4
1
21
22
SIM5
SIM1
SIM2
SIM3
SIM4
1
21
22
SIM5
SIM1
SIM2
SIM3
SIM4
1
21
22
SIM5
SIM1
SIM2
SIM3
SIM4
1
21
22
SIM5
SIM1
SIM2
SIM3
SIM4
1
21
22
SIM5
SIM1
SIM2
SIM3
SIM4
1
21
22
SIM5
SIM1
SIM2
SIM3
SIM4
1
21
22
SIM5
SIM1
SIM2
SIM3
SIM4
1
21
22
SIM5
SIM1
SIM2
SIM3
SIM4
1
21
22
SIM5
SIM1
SIM2
SIM3
SIM4
1
21
22
SIM5
SIM1
SIM2
SIM3
SIM4
1
21
22
SIM5
SIM1
SIM2
SIM3
SIM4
1
21
22
SIM5
SIM1
SIM2
SIM3
SIM4
1
21
22
SIM5
SIM1
SIM2
SIM3
SIM4
1
21
22
SIM5
SIM1
SIM2
SIM3
SIM4
1
21
22
SIM5
SIM1
SIM2
SIM3
SIM4
1
21
22
SIM5
SIM1
SIM2
SIM3
SIM4
1
21
22
SIM5
SIM1
SIM2
SIM3
SIM4
1
21
22
SIM5
SIM1
SIM2
SIM3
SIM4
1
21
22
SIM5
SIM1
SIM2
SIM3
SIM4
1
21
22
SIM5
SIM1
SIM2
SIM3
SIM4
1
21
22
SIM5
SIM1
SIM2
SIM3
SIM4
1
21
22
SIM5
SIM1
SIM2
SIM3
SIM4
1
21
22
SIM5
SIM1
SIM2
SIM3
SIM4
1
21
22
SIM5
SIM1
SIM2
SIM3
SIM4
1
21
22
SIM5
SIM1
SIM2
SIM3
SIM4
1
21
22
SIM5
SIM1
SIM2
SIM3
SIM4
1
21
22
SIM5
SIM1
SIM2
SIM3
SIM4
1
21
22
SIM5
SIM1
SIM2
SIM3
SIM4
1
21
22
SIM5
SIM1
SIM2
SIM3
SIM4
1
21
22
SIM5
SIM1
SIM2
SIM3
SIM4
1
21
22
SIM5
SIM1
SIM2
SIM3
SIM4
1
21
22
SIM5
SIM1
SIM2
SIM3
SIM4
1
21
22
SIM5
SIM1
SIM2
SIM3
SIM4
1
21
22
SIM5
SIM1
SIM2
SIM3
SIM4
1
21
22
SIM5
SIM1
SIM2
SIM3
SIM4
1
21
22
SIM5
SIM1
SIM2
SIM3
SIM4
1
21
22
SIM5
SIM1
SIM2
SIM3
SIM4
1
21
22
SIM5
SIM1
SIM2
SIM3
SIM4
1
21
22
SIM5
SIM1
SIM2
SIM3
SIM4
1
21
22
SIM5
SIM1
SIM2
SIM3
SIM4
1
21
22
SIM5
SIM1
SIM2
SIM3
SIM4
1
21
22
SIM5
SIM1
SIM2
SIM3
SIM4
1
21
22
SIM5
SIM1
SIM2
SIM3
SIM4
1
21
22
SIM5
SIM1
SIM2
SIM3
SIM4
1
21
22
SIM5
SIM1
SIM2
SIM3
SIM4
1
21
22
SIM5
SIM1
SIM2
SIM3
SIM4
1
21
22
SIM5
SIM1
SIM2
SIM3
SIM4
1
21
22
SIM5
SIM1
SIM2
SIM3
SIM4
1
21
22
SIM5
SIM1
SIM2
SIM3
SIM4
1
21
22
SIM5
SIM1
SIM2
SIM3
SIM4
1
21
22
SIM5
SIM1
SIM2
SIM3
SIM4
1
21
22
SIM5
SIM1
SIM2
SIM3
SIM4
1
21
22
SIM5
SIM1
SIM2
SIM3
SIM4
1
21
22
SIM5
SIM1
SIM2
SIM3
SIM4
1
21
22
SIM5
SIM1
SIM2
SIM3
SIM4
1
21
22
SIM5
SIM1
SIM2
SIM3
SIM4
1
21
22
SIM5
SIM1
SIM2
SIM3
SIM4
1
21
22
SIM5
SIM1
SIM2
SIM3
SIM4
1
21
22
SIM5
SIM1
SIM2
SIM3
SIM4
1
21
22
SIM5
SIM1
SIM2
SIM3
SIM4
1
21
22
SIM5
SIM1
SIM2
SIM3
SIM4
1
21
22
SIM5
SIM1
SIM2
SIM3
SIM4
1
21
22
SIM5
SIM1
SIM2
SIM3
SIM4
1
21
22
SIM5
SIM1
SIM2
SIM3
SIM4
1
21
22
SIM5
SIM1
SIM2
SIM3
SIM4
1
21
22
SIM5
SIM1
SIM2
SIM3
SIM4
1
21
22
SIM5
SIM1
SIM2
SIM3
SIM4
1
21
22
SIM5
SIM1
SIM2
SIM3
SIM4
1
21
22
SIM5
SIM1
SIM2
SIM3
SIM4
1
21
22
SIM5
SIM1
SIM2
SIM3
SIM4
1
21
22
SIM5
SIM1
SIM2
SIM3
SIM4
1
21
22
SIM5
SIM1
SIM2
SIM3
SIM4
1
21
22
SIM5
SIM1
SIM2
SIM3
SIM4
1
21
22
SIM5
SIM1
SIM2
SIM3
SIM4
1
21
22
SIM5
SIM1
SIM2
SIM3
SIM4
1
21
22
SIM5
SIM1
SIM2
SIM3
SIM4
1
21
22
SIM5
SIM1
SIM2
SIM3
SIM4
1
21
22
SIM5
SIM1
SIM2
SIM3
SIM4
1
21
22
SIM5
SIM1
SIM2
SIM3
SIM4
1
21
22
SIM5
SIM1
SIM2
SIM3
SIM4
1
21
22
SIM5
SIM1
SIM2
SIM3
SIM4
1
21
22
SIM5
SIM1
SIM2
SIM3
SIM4
1
21
22
SIM5
SIM1
SIM2
SIM3
SIM4
1
21
22
SIM5
SIM1
SIM2
SIM3
SIM4
1
21
22
SIM5
SIM1
SIM2
SIM3
SIM4
1
21
22
SIM5
SIM1
SIM2
SIM3
SIM4
1
21
22
SIM5
SIM1
SIM2
SIM3
SIM4
1
21
22
SIM5
SIM1
SIM2
SIM3
SIM4
1
21
22
SIM5
SIM1
SIM2
SIM3
SIM4
1
21
22
SIM5
SIM1
SIM2
SIM3
SIM4
1
21
22
SIM5
SIM1
SIM2
SIM3
SIM4
1
21
22
SIM5
SIM1
SIM2
SIM3
SIM4
1
21
22
SIM5
SIM1
SIM2
SIM3
SIM4
1
21
22
SIM5
SIM1
SIM2
SIM3
SIM4
1
21
22
SIM5
SIM1
SIM2
SIM3
SIM4
1
21
22
SIM5
SIM1
SIM2
SIM3
SIM4
1
21
22
SIM5
SIM1
SIM2
SIM3
SIM4
1
21
22
SIM5
SIM1
SIM2
SIM3
SIM4
1
21
22
SIM5
SIM1
SIM2
SIM3
SIM4
1
21
22
SIM5
SIM1
SIM2
SIM3
SIM4
1
21
22
SIM5
SIM1
SIM2
SIM3
SIM4
1
21
22
SIM5
SIM1
SIM2
SIM3
SIM4
1
21
22
SIM5
SIM1
SIM2
SIM3
SIM4
1
21
22
SIM5
SIM1
SIM2
SIM3
SIM4
1
21
22
SIM5
SIM1
SIM2
SIM3
SIM4
1
21
22
SIM5
SIM1
SIM2
SIM3
SIM4
1
21
22
SIM5
SIM1
SIM2
SIM3
SIM4
1
21
22
SIM5
SIM1
SIM2
SIM3
SIM4
1
21
22
SIM5
SIM1
SIM2
SIM3
SIM4
1
21
22
SIM5
SIM1
SIM2
SIM3
SIM4
1
21
22
SIM5
SIM1
SIM2
SIM3
SIM4
1
21
22
SIM5
SIM1
SIM2
SIM3
SIM4
1
21
22
SIM5
SIM1
SIM2
SIM3
SIM4
1
21
22
SIM5
SIM1
SIM2
SIM3
SIM4
1
21
22
SIM5
SIM1
SIM2
SIM3
SIM4
1
21
22
SIM5
SIM1
SIM2
SIM3
SIM4
1
21
22
SIM5
SIM1
SIM2
SIM3
SIM4
1
21
22
SIM5
SIM1
SIM2
SIM3
SIM4
1
21
22
SIM5
SIM1
SIM2
SIM3
SIM4
1
21
22
SIM5
SIM1
SIM2
SIM3
SIM4
1
21
22
SIM5
SIM1
SIM2
SIM3
SIM4
1
21
22
SIM5
SIM1
SIM2
SIM3
SIM4
1
21
22
SIM5
SIM1
SIM2
SIM3
SIM4
1
21
22
SIM5
SIM1
SIM2
SIM3
SIM4
1
21
22
SIM5
SIM1
SIM2
SIM3
SIM4
1
21
22
SIM5
SIM1
SIM2
SIM3
SIM4
1
21
22
SIM5
SIM1
SIM2
SIM3
SIM4
1
21
22
SIM5
SIM1
SIM2
SIM3
SIM4
1
21
22
SIM5
SIM1
SIM2
SIM3
SIM4
1
21
22
SIM5
SIM1
SIM2
SIM3
SIM4
1
21
22
SIM5
SIM1
SIM2
SIM3
SIM4
1
21
22
SIM5
SIM1
SIM2
SIM3
SIM4
1
21
22
SIM5
SIM1
SIM2
SIM3
SIM4
1
21
22
SIM5
SIM1
SIM2
SIM3
SIM4
1
21
22
SIM5
SIM1
SIM2
SIM3
SIM4
1
21
22
SIM5
SIM1
SIM2
SIM3
SIM4
1
21
22
SIM5
SIM1
SIM2
SIM3
SIM4
1
21
22
SIM5
SIM1
SIM2
SIM3
SIM4
1
21
22
SIM5
SIM1
SIM2
SIM3
SIM4
1
21
22
SIM5
SIM1
SIM2
SIM3
SIM4
1
21
22
SIM5
SIM1
SIM2
SIM3
SIM4
1
21
22
SIM5
SIM1
SIM2
SIM3
SIM4
1
21
22
SIM5
SIM1
SIM2
SIM3
SIM4
1
21
22
SIM5
SIM1
SIM2
SIM3
SIM4
1
21
22
SIM5
SIM1
SIM2
SIM3
SIM4
1
21
22
SIM5
SIM1
SIM2
SIM3
SIM4
1
21
22
SIM5
SIM1
SIM2
SIM3
SIM4
1
21
22
SIM5
SIM1
SIM2
SIM3
SIM4
1
21
22
SIM5
SIM1
SIM2
SIM3
SIM4
1
21
22
SIM5
SIM1
SIM2
SIM3
SIM4
1
21
22
SIM5
SIM1
SIM2
SIM3
SIM4
1
21
22
SIM5
SIM1
SIM2
SIM3
SIM4
1
21
22
SIM5
SIM1
SIM2
SIM3
SIM4
1
21
22
SIM5
SIM1
SIM2
SIM3
SIM4
1
21
22
SIM5
SIM1
SIM2
SIM3
SIM4
1
21
22
SIM5
SIM1
SIM2
SIM3
SIM4
1
21
22
SIM5
SIM1
SIM2
SIM3
SIM4
1
21
22
SIM5
SIM1
SIM2
SIM3
SIM4
1
21
22
SIM5
SIM1
SIM2
SIM3
SIM4
1
21
22
SIM5
SIM1
SIM2
SIM3
SIM4
1
21
22
SIM5
SIM1
SIM2
SIM3
SIM4
1
21
22
SIM5
SIM1
SIM2
SIM3
SIM4
1
21
22
SIM5
SIM1
SIM2
SIM3
SIM4
1
21
22
SIM5
SIM1
SIM2
SIM3
SIM4
1
21
22
SIM5
SIM1
SIM2
SIM3
SIM4
1
21
22
SIM5
SIM1
SIM2
SIM3
SIM4
1
21
22
SIM5
SIM1
SIM2
SIM3
SIM4
1
21
22
SIM5
SIM1
SIM2
SIM3
SIM4
1
21
22
SIM5
SIM1
SIM2
SIM3
SIM4
1
21
22
SIM5
SIM1
SIM2
SIM3
SIM4
1
21
22
SIM5
SIM1
SIM2
SIM3
SIM4
1
21
22
SIM5
SIM1
SIM2
SIM3
SIM4
1
21
22
SIM5
SIM1
SIM2
SIM3
SIM4
1
21
22
SIM5
SIM1
SIM2
SIM3
SIM4
1
21
22
SIM5
SIM1
SIM2
SIM3
SIM4
1
21
22
SIM5
SIM1
SIM2
SIM3
SIM4
1
21
22
SIM5
SIM1
SIM2
SIM3
SIM4
1
21
22
SIM5
SIM1
SIM2
SIM3
SIM4
1
21
22
SIM5
SIM1
SIM2
SIM3
SIM4
1
21
22
SIM5
SIM1
SIM2
SIM3
SIM4
1
21
22
SIM5
SIM1
SIM2
SIM3
SIM4
1
21
22
SIM5
SIM1
SIM2
SIM3
SIM4
1
21
22
SIM5
SIM1
SIM2
SIM3
SIM4
1
21
22
SIM5
SIM1
SIM2
SIM3
SIM4
1
21
22
SIM5
SIM1
SIM2
SIM3
SIM4
1
21
22
SIM5
SIM1
SIM2
SIM3
SIM4
1
21
22
SIM5
SIM1
SIM2
SIM3
SIM4
1
21
22
SIM5
SIM1
SIM2
SIM3
SIM4
1
21
22
SIM5
SIM1
SIM2
SIM3
SIM4
1
21
22
SIM5
SIM1
SIM2
SIM3
SIM4
1
21
22
SIM5
SIM1
SIM2
SIM3
SIM4
1
21
22
SIM5
SIM1
SIM2
SIM3
SIM4
1
21
22
SIM5
SIM1
SIM2
SIM3
SIM4
1
21
22
SIM5
SIM1
SIM2
SIM3
SIM4
1
21
22
SIM5
SIM1
SIM2
DEBUG 1 20
SIM1
SIM2
SIM3
SIM4
1
21
22
SIM5
SIM1
SIM2
SIM3
SIM4
1
21
22
SIM5
SIM1
SIM2
SIM3
SIM4
1
21
22
SIM5
SIM1
SIM2
SIM3
SIM4
1
21
22
SIM5
SIM1
SIM2
SIM3
SIM4
1
21
22
SIM5
SIM1
SIM2
SIM3
SIM4
1
21
22
SIM5
SIM1
SIM2
SIM3
SIM4
1
21
22
SIM5
SIM1
SIM2
SIM3
SIM4
1
21
22
SIM5
SIM1
SIM2
SIM3
SIM4
1
21
22
SIM5
SIM1
SIM2
SIM3
SIM4
1
21
22
SIM5
SIM1
SIM2
SIM3
SIM4
1
21
22
SIM5
SIM1
SIM2
SIM3
SIM4
1
21
22
SIM5
SIM1
SIM2
SIM3
SIM4
1
21
22
SIM5
SIM1
SIM2
SIM3
SIM4
1
21
22
SIM5
SIM1
SIM2
SIM3
SIM4
1
21
22
SIM5
SIM1
SIM2
SIM3
SIM4
1
21
22
SIM5
SIM1
SIM2
SIM3
SIM4
1
21
22
SIM5
SIM1
SIM2
SIM3
SIM4
1
21
22
SIM5
SIM1
SIM2
SIM3
SIM4
1
21
22
SIM5
SIM1
SIM2
SIM3
SIM4
1
21
22
SIM5
SIM1
SIM2
SIM3
SIM4
1
21
22
SIM5
SIM1
SIM2
SIM3
SIM4
1
21
22
SIM5
SIM1
SIM2
SIM3
SIM4
1
21
22
SIM5
SIM1
SIM2
SIM3
SIM4
1
21
22
SIM5
SIM1
SIM2
SIM3
SIM4
1
21
22
SIM5
SIM1
SIM2
SIM3
SIM4
1
21
22
SIM5
SIM1
SIM2
SIM3
SIM4
1
21
22
SIM5
SIM1
SIM2
SIM3
SIM4
1
21
22
SIM5
SIM1
SIM2
SIM3
SIM4
1
21
22
SIM5
SIM1
SIM2
SIM3
SIM4
1
21
22
SIM5
SIM1
SIM2
SIM3
SIM4
1
21
22
SIM5
SIM1
SIM2
SIM3
SIM4
1
21
22
SIM5
SIM1
SIM2
SIM3
SIM4
1
21
22
SIM5
SIM1
SIM2
SIM3
SIM4
1
21
22
SIM5
SIM1
SIM2
SIM3
SIM4
1
21
22
SIM5
SIM1
SIM2
SIM3
SIM4
1
21
22
SIM5
SIM1
SIM2
SIM3
SIM4
1
21
22
SIM5
SIM1
SIM2
SIM3
SIM4
1
21
22
SIM5
SIM1
SIM2
SIM3
SIM4
1
21
22
SIM5
SIM1
SIM2
SIM3
SIM4
1
21
22
SIM5
SIM1
SIM2
SIM3
SIM4
1
21
22
SIM5
SIM1
SIM2
SIM3
SIM4
1
21
22
SIM5
SIM1
SIM2
SIM3
SIM4
1
21
22
SIM5
SIM1
SIM2
SIM3
SIM4
1
21
22
SIM5
SIM1
SIM2
SIM3
SIM4
1
21
22
SIM5
SIM1
SIM2
SIM3
SIM4
1
21
22
SIM5
SIM1
SIM2
SIM3
SIM4
1
21
22
SIM5
SIM1
SIM2
SIM3
SIM4
1
21
22
SIM5
SIM1
SIM2
SIM3
SIM4
1
21
22
SIM5
SIM1
SIM2
SIM3
SIM4
1
21
22
SIM5
SIM1
SIM2
SIM3
SIM4
1
21
22
SIM5
SIM1
SIM2
SIM3
SIM4
1
21
22
SIM5
SIM1
SIM2
SIM3
SIM4
1
21
22
SIM5
SIM1
SIM2
SIM3
SIM4
1
21
22
SIM5
SIM1
SIM2
SIM3
SIM4
1
21
22
SIM5
SIM1
SIM2
SIM3
SIM4
1
21
22
SIM5
SIM1
SIM2
SIM3
SIM4
1
21
22
SIM5
SIM1
SIM2
SIM3
SIM4
1
21
22
SIM5
SIM1
SIM2
SIM3
SIM4
1
21
22
SIM5
SIM1
SIM2
SIM3
SIM4
1
21
22
SIM5
SIM1
SIM2
SIM3
SIM4
1
21
22
SIM5
SIM1
SIM2
SIM3
SIM4
1
21
22
SIM5
SIM1
SIM2
SIM3
SIM4
1
21
22
SIM5
SIM1
SIM2
SIM3
SIM4
1
21
22
SIM5
SIM1
SIM2
SIM3
SIM4
1
21
22
SIM5
SIM1
SIM2
SIM3
SIM4
1
21
22
SIM5
SIM1
SIM2
SIM3
SIM4
1
21
22
SIM5
SIM1
SIM2
SIM3
SIM4
1
21
22
SIM5
SIM1
SIM2
SIM3
SIM4
1
21
22
SIM5
SIM1
SIM2
SIM3
SIM4
1
21
22
SIM5
SIM1
SIM2
SIM3
SIM4
1
21
22
SIM5
SIM1
SIM2
SIM3
SIM4
1
21
22
SIM5
SIM1
SIM2
SIM3
SIM4
1
21
22
SIM5
SIM1
SIM2
SIM3
SIM4
1
21
22
SIM5
SIM1
SIM2
SIM3
SIM4
1
21
22
SIM5
SIM1
SIM2
SIM3
SIM4
1
21
22
SIM5
SIM1
SIM2
SIM3
SIM4
1
21
22
SIM5
SIM1
SIM2
SIM3
SIM4
1
21
22
SIM5
SIM1
SIM2
SIM3
SIM4
1
21
22
SIM5
SIM1
SIM2
SIM3
SIM4
1
21
22
SIM5
SIM1
SIM2
SIM3
SIM4
1
21
22
SIM5
SIM1
SIM2
SIM3
SIM4
1
21
22
SIM5
SIM1
SIM2
SIM3
SIM4
1
21
22
SIM5
SIM1
SIM2
SIM3
SIM4
1
21
22
SIM5
SIM1
SIM2
SIM3
SIM4
1
21
22
SIM5
SIM1
SIM2
SIM3
SIM4
1
21
22
SIM5
SIM1
SIM2
SIM3
SIM4
1
21
22
SIM5
SIM1
SIM2
SIM3
SIM4
1
21
22
SIM5
SIM1
SIM2
SIM3
SIM4
1
21
22
SIM5
SIM1
SIM2
SIM3
SIM4
1
21
22
SIM5
SIM1
SIM2
SIM3
SIM4
1
21
22
SIM5
SIM1
SIM2
SIM3
SIM4
1
21
22
SIM5
SIM1
SIM2
SIM3
SIM4
1
21
22
SIM5
SIM1
SIM2
SIM3
SIM4
1
21
22
SIM5
SIM1
SIM2
SIM3
SIM4
1
21
22
SIM5
SIM1
SIM2
SIM3
SIM4
1
21
22
SIM5
SIM1
SIM2
SIM3
SIM4
1
21
22
SIM5
SIM1
SIM2
SIM3
SIM4
1
21
22
SIM5
SIM1
SIM2
SIM3
SIM4
1
21
22
SIM5
SIM1
SIM2
SIM3
SIM4
1
21
22
SIM5
SIM1
SIM2
SIM3
SIM4
1
21
22
SIM5
SIM1
SIM2
SIM3
SIM4
1
21
22
SIM5
SIM1
SIM2
SIM3
SIM4
1
21
22
SIM5
SIM1
SIM2
SIM3
SIM4
1
21
22
SIM5
SIM1
SIM2
SIM3
SIM4
1
21
22
SIM5
SIM1
SIM2
SIM3
SIM4
1
21
22
SIM5
SIM1
SIM2
SIM3
SIM4
1
21
22
SIM5
SIM1
SIM2
SIM3
SIM4
1
21
22
SIM5
SIM1
SIM2
SIM3
SIM4
1
21
22
SIM5
SIM1
SIM2
SIM3
SIM4
1
21
22
SIM5
SIM1
SIM2
SIM3
SIM4
1
21
22
SIM5
SIM1
SIM2
SIM3
SIM4
1
21
22
SIM5
SIM1
SIM2
SIM3
SIM4
1
21
22
SIM5
SIM1
SIM2
SIM3
SIM4
1
21
22
SIM5
SIM1
SIM2
SIM3
SIM4
1
21
22
SIM5
SIM1
SIM2
SIM3
SIM4
1
21
22
SIM5
SIM1
SIM2
SIM3
SIM4
1
21
22
SIM5
SIM1
SIM2
SIM3
SIM4
1
21
22
SIM5
SIM1
SIM2
SIM3
SIM4
1
21
22
SIM5
SIM1
SIM2
SIM3
SIM4
1
21
22
SIM5
SIM1
SIM2
SIM3
SIM4
1
21
22
SIM5
SIM1
SIM2
SIM3
SIM4
1
21
22
SIM5
SIM1
SIM2
SIM3
SIM4
1
21
22
SIM5
SIM1
SIM2
SIM3
SIM4
1
21
22
SIM5
SIM1
SIM2
SIM3
SIM4
1
21
22
SIM5
SIM1
SIM2
SIM3
SIM4
1
21
22
SIM5
SIM1
SIM2
SIM3
SIM4
1
21
22
SIM5
SIM1
SIM2
SIM3
SIM4
1
21
22
SIM5
SIM1
SIM2
SIM3
SIM4
1
21
22
SIM5
SIM1
SIM2
SIM3
SIM4
1
21
22
SIM5
SIM1
SIM2
SIM3
SIM4
1
21
22
SIM5
SIM1
SIM2
SIM3
SIM4
1
21
22
SIM5
SIM1
SIM2
SIM3
SIM4
1
21
22
SIM5
SIM1
SIM2
SIM3
SIM4
1
21
22
SIM5
SIM1
SIM2
SIM3
SIM4
1
21
22
SIM5
SIM1
SIM2
SIM3
SIM4
1
21
22
SIM5
SIM1
SIM2
SIM3
SIM4
1
21
22
SIM5
SIM1
SIM2
SIM3
SIM4
1
21
22
SIM5
SIM1
SIM2
SIM3
SIM4
1
21
22
SIM5
SIM1
SIM2
SIM3
SIM4
1
21
22
SIM5
SIM1
SIM2
SIM3
SIM4
1
21
22
SIM5
SIM1
SIM2
SIM3
SIM4
1
21
22
SIM5
SIM1
SIM2
SIM3
SIM4
1
21
22
SIM5
SIM1
SIM2
SIM3
SIM4
1
21
22
SIM5
SIM1
SIM2
SIM3
SIM4
1
21
22
SIM5
SIM1
SIM2
SIM3
SIM4
1
21
22
SIM5
SIM1
SIM2
SIM3
SIM4
1
21
22
SIM5
SIM1
SIM2
SIM3
SIM4
1
21
22
SIM5
SIM1
SIM2
SIM3
SIM4
1
21
22
SIM5
SIM1
SIM2
SIM3
SIM4
1
21
22
SIM5
SIM1
SIM2
SIM3
SIM4
1
21
22
SIM5
SIM1
SIM2
SIM3
SIM4
1
21
22
SIM5
SIM1
SIM2
SIM3
SIM4
1
21
22
SIM5
SIM1
SIM2
SIM3
SIM4
1
21
22
SIM5
SIM1
SIM2
SIM3
SIM4
1
21
22
SIM5
SIM1
SIM2
SIM3
SIM4
1
21
22
SIM5
SIM1
SIM2
DEBUG 1 21
SIM1
SIM2
SIM3
SIM4
1
21
22
SIM5
SIM1
SIM2
SIM3
SIM4
1
21
22
SIM5
SIM1
SIM2
SIM3
SIM4
1
21
22
SIM5
SIM1
SIM2
SIM3
SIM4
1
21
22
SIM5
SIM1
SIM2
SIM3
SIM4
1
21
22
SIM5
SIM1
SIM2
SIM3
SIM4
1
21
22
SIM5
SIM1
SIM2
SIM3
SIM4
1
21
22
SIM5
SIM1
SIM2
SIM3
SIM4
1
21
22
SIM5
SIM1
SIM2
SIM3
SIM4
1
21
22
SIM5
SIM1
SIM2
SIM3
SIM4
1
21
22
SIM5
SIM1
SIM2
SIM3
SIM4
1
21
22
SIM5
SIM1
SIM2
SIM3
SIM4
1
21
22
SIM5
SIM1
SIM2
SIM3
SIM4
1
21
22
SIM5
SIM1
SIM2
SIM3
SIM4
1
21
22
SIM5
SIM1
SIM2
SIM3
SIM4
1
21
22
SIM5
SIM1
SIM2
SIM3
SIM4
1
21
22
SIM5
SIM1
SIM2
SIM3
SIM4
1
21
22
SIM5
SIM1
SIM2
SIM3
SIM4
1
21
22
SIM5
SIM1
SIM2
SIM3
SIM4
1
21
22
SIM5
SIM1
SIM2
SIM3
SIM4
1
21
22
SIM5
SIM1
SIM2
SIM3
SIM4
1
21
22
SIM5
SIM1
SIM2
SIM3
SIM4
1
21
22
SIM5
SIM1
SIM2
SIM3
SIM4
1
21
22
SIM5
SIM1
SIM2
SIM3
SIM4
1
21
22
SIM5
SIM1
SIM2
SIM3
SIM4
1
21
22
SIM5
SIM1
SIM2
SIM3
SIM4
1
21
22
SIM5
SIM1
SIM2
SIM3
SIM4
1
21
22
SIM5
SIM1
SIM2
SIM3
SIM4
1
21
22
SIM5
SIM1
SIM2
SIM3
SIM4
1
21
22
SIM5
SIM1
SIM2
SIM3
SIM4
1
21
22
SIM5
SIM1
SIM2
SIM3
SIM4
1
21
22
SIM5
SIM1
SIM2
SIM3
SIM4
1
21
22
SIM5
SIM1
SIM2
SIM3
SIM4
1
21
22
SIM5
SIM1
SIM2
SIM3
SIM4
1
21
22
SIM5
SIM1
SIM2
SIM3
SIM4
1
21
22
SIM5
SIM1
SIM2
SIM3
SIM4
1
21
22
SIM5
SIM1
SIM2
SIM3
SIM4
1
21
22
SIM5
SIM1
SIM2
SIM3
SIM4
1
21
22
SIM5
SIM1
SIM2
SIM3
SIM4
1
21
22
SIM5
SIM1
SIM2
SIM3
SIM4
1
21
22
SIM5
SIM1
SIM2
SIM3
SIM4
1
21
22
SIM5
SIM1
SIM2
SIM3
SIM4
1
21
22
SIM5
SIM1
SIM2
SIM3
SIM4
1
21
22
SIM5
SIM1
SIM2
SIM3
SIM4
1
21
22
SIM5
SIM1
SIM2
SIM3
SIM4
1
21
22
SIM5
SIM1
SIM2
SIM3
SIM4
1
21
22
SIM5
SIM1
SIM2
SIM3
SIM4
1
21
22
SIM5
SIM1
SIM2
SIM3
SIM4
1
21
22
SIM5
SIM1
SIM2
SIM3
SIM4
1
21
22
SIM5
SIM1
SIM2
SIM3
SIM4
1
21
22
SIM5
SIM1
SIM2
SIM3
SIM4
1
21
22
SIM5
SIM1
SIM2
SIM3
SIM4
1
21
22
SIM5
SIM1
SIM2
SIM3
SIM4
1
21
22
SIM5
SIM1
SIM2
SIM3
SIM4
1
21
22
SIM5
SIM1
SIM2
SIM3
SIM4
1
21
22
SIM5
SIM1
SIM2
SIM3
SIM4
1
21
22
SIM5
SIM1
SIM2
SIM3
SIM4
1
21
22
SIM5
SIM1
SIM2
SIM3
SIM4
1
21
22
SIM5
SIM1
SIM2
SIM3
SIM4
1
21
22
SIM5
SIM1
SIM2
SIM3
SIM4
1
21
22
SIM5
SIM1
SIM2
SIM3
SIM4
1
21
22
SIM5
SIM1
SIM2
SIM3
SIM4
1
21
22
SIM5
SIM1
SIM2
SIM3
SIM4
1
21
22
SIM5
SIM1
SIM2
SIM3
SIM4
1
21
22
SIM5
SIM1
SIM2
SIM3
SIM4
1
21
22
SIM5
SIM1
SIM2
SIM3
SIM4
1
21
22
SIM5
SIM1
SIM2
SIM3
SIM4
1
21
22
SIM5
SIM1
SIM2
SIM3
SIM4
1
21
22
SIM5
SIM1
SIM2
SIM3
SIM4
1
21
22
SIM5
SIM1
SIM2
SIM3
SIM4
1
21
22
SIM5
SIM1
SIM2
SIM3
SIM4
1
21
22
SIM5
SIM1
SIM2
SIM3
SIM4
1
21
22
SIM5
SIM1
SIM2
SIM3
SIM4
1
21
22
SIM5
SIM1
SIM2
SIM3
SIM4
1
21
22
SIM5
SIM1
SIM2
SIM3
SIM4
1
21
22
SIM5
SIM1
SIM2
SIM3
SIM4
1
21
22
SIM5
SIM1
SIM2
SIM3
SIM4
1
21
22
SIM5
SIM1
SIM2
SIM3
SIM4
1
21
22
SIM5
SIM1
SIM2
SIM3
SIM4
1
21
22
SIM5
SIM1
SIM2
SIM3
SIM4
1
21
22
SIM5
SIM1
SIM2
SIM3
SIM4
1
21
22
SIM5
SIM1
SIM2
SIM3
SIM4
1
21
22
SIM5
SIM1
SIM2
SIM3
SIM4
1
21
22
SIM5
SIM1
SIM2
SIM3
SIM4
1
21
22
SIM5
SIM1
SIM2
SIM3
SIM4
1
21
22
SIM5
SIM1
SIM2
SIM3
SIM4
1
21
22
SIM5
SIM1
SIM2
SIM3
SIM4
1
21
22
SIM5
SIM1
SIM2
SIM3
SIM4
1
21
22
SIM5
SIM1
SIM2
SIM3
SIM4
1
21
22
SIM5
SIM1
SIM2
SIM3
SIM4
1
21
22
SIM5
SIM1
SIM2
SIM3
SIM4
1
21
22
SIM5
SIM1
SIM2
SIM3
SIM4
1
21
22
SIM5
SIM1
SIM2
SIM3
SIM4
1
21
22
SIM5
SIM1
SIM2
SIM3
SIM4
1
21
22
SIM5
SIM1
SIM2
SIM3
SIM4
1
21
22
SIM5
SIM1
SIM2
SIM3
SIM4
1
21
22
SIM5
SIM1
SIM2
SIM3
SIM4
1
21
22
SIM5
SIM1
SIM2
SIM3
SIM4
1
21
22
SIM5
SIM1
SIM2
SIM3
SIM4
1
21
22
SIM5
SIM1
SIM2
SIM3
SIM4
1
21
22
SIM5
SIM1
SIM2
SIM3
SIM4
1
21
22
SIM5
SIM1
SIM2
SIM3
SIM4
1
21
22
SIM5
SIM1
SIM2
SIM3
SIM4
1
21
22
SIM5
SIM1
SIM2
SIM3
SIM4
1
21
22
SIM5
SIM1
SIM2
SIM3
SIM4
1
21
22
SIM5
SIM1
SIM2
SIM3
SIM4
1
21
22
SIM5
SIM1
SIM2
SIM3
SIM4
1
21
22
SIM5
SIM1
SIM2
SIM3
SIM4
1
21
22
SIM5
SIM1
SIM2
SIM3
SIM4
1
21
22
SIM5
SIM1
SIM2
SIM3
SIM4
1
21
22
SIM5
SIM1
SIM2
SIM3
SIM4
1
21
22
SIM5
SIM1
SIM2
SIM3
SIM4
1
21
22
SIM5
SIM1
SIM2
SIM3
SIM4
1
21
22
SIM5
SIM1
SIM2
SIM3
SIM4
1
21
22
SIM5
SIM1
SIM2
SIM3
SIM4
1
21
22
SIM5
SIM1
SIM2
SIM3
SIM4
1
21
22
SIM5
SIM1
SIM2
SIM3
SIM4
1
21
22
SIM5
SIM1
SIM2
SIM3
SIM4
1
21
22
SIM5
SIM1
SIM2
SIM3
SIM4
1
21
22
SIM5
SIM1
SIM2
SIM3
SIM4
1
21
22
SIM5
SIM1
SIM2
SIM3
SIM4
1
21
22
SIM5
SIM1
SIM2
SIM3
SIM4
1
21
22
SIM5
SIM1
SIM2
SIM3
SIM4
1
21
22
SIM5
SIM1
SIM2
SIM3
SIM4
1
21
22
SIM5
SIM1
SIM2
SIM3
SIM4
1
21
22
SIM5
SIM1
SIM2
SIM3
SIM4
1
21
22
SIM5
SIM1
SIM2
SIM3
SIM4
1
21
22
SIM5
SIM1
SIM2
DEBUG 1 22
SIM1
SIM2
SIM3
SIM4
1
21
22
SIM5
SIM1
SIM2
SIM3
SIM4
1
21
22
SIM5
SIM1
SIM2
SIM3
SIM4
1
21
22
SIM5
SIM1
SIM2
SIM3
SIM4
1
21
22
SIM5
SIM1
SIM2
SIM3
SIM4
1
21
22
SIM5
SIM1
SIM2
SIM3
SIM4
1
21
22
SIM5
SIM1
SIM2
SIM3
SIM4
1
21
22
SIM5
SIM1
SIM2
SIM3
SIM4
1
21
22
SIM5
SIM1
SIM2
SIM3
SIM4
1
21
22
SIM5
SIM1
SIM2
SIM3
SIM4
1
21
22
SIM5
SIM1
SIM2
SIM3
SIM4
1
21
22
SIM5
SIM1
SIM2
SIM3
SIM4
1
21
22
SIM5
SIM1
SIM2
SIM3
SIM4
1
21
22
SIM5
SIM1
SIM2
SIM3
SIM4
1
21
22
SIM5
SIM1
SIM2
SIM3
SIM4
1
21
22
SIM5
SIM1
SIM2
SIM3
SIM4
1
21
22
SIM5
SIM1
SIM2
SIM3
SIM4
1
21
22
SIM5
SIM1
SIM2
SIM3
SIM4
1
21
22
SIM5
SIM1
SIM2
SIM3
SIM4
1
21
22
SIM5
SIM1
SIM2
SIM3
SIM4
1
21
22
SIM5
SIM1
SIM2
SIM3
SIM4
1
21
22
SIM5
SIM1
SIM2
SIM3
SIM4
1
21
22
SIM5
SIM1
SIM2
SIM3
SIM4
1
21
22
SIM5
SIM1
SIM2
SIM3
SIM4
1
21
22
SIM5
SIM1
SIM2
SIM3
SIM4
1
21
22
SIM5
SIM1
SIM2
SIM3
SIM4
1
21
22
SIM5
SIM1
SIM2
SIM3
SIM4
1
21
22
SIM5
SIM1
SIM2
SIM3
SIM4
1
21
22
SIM5
SIM1
SIM2
SIM3
SIM4
1
21
22
SIM5
SIM1
SIM2
SIM3
SIM4
1
21
22
SIM5
SIM1
SIM2
SIM3
SIM4
1
21
22
SIM5
SIM1
SIM2
SIM3
SIM4
1
21
22
SIM5
SIM1
SIM2
SIM3
SIM4
1
21
22
SIM5
SIM1
SIM2
SIM3
SIM4
1
21
22
SIM5
SIM1
SIM2
SIM3
SIM4
1
21
22
SIM5
SIM1
SIM2
SIM3
SIM4
1
21
22
SIM5
SIM1
SIM2
SIM3
SIM4
1
21
22
SIM5
SIM1
SIM2
SIM3
SIM4
1
21
22
SIM5
SIM1
SIM2
SIM3
SIM4
1
21
22
SIM5
SIM1
SIM2
SIM3
SIM4
1
21
22
SIM5
SIM1
SIM2
SIM3
SIM4
1
21
22
SIM5
SIM1
SIM2
SIM3
SIM4
1
21
22
SIM5
SIM1
SIM2
SIM3
SIM4
1
21
22
SIM5
SIM1
SIM2
SIM3
SIM4
1
21
22
SIM5
SIM1
SIM2
SIM3
SIM4
1
21
22
SIM5
SIM1
SIM2
SIM3
SIM4
1
21
22
SIM5
SIM1
SIM2
SIM3
SIM4
1
21
22
SIM5
SIM1
SIM2
SIM3
SIM4
1
21
22
SIM5
SIM1
SIM2
SIM3
SIM4
1
21
22
SIM5
SIM1
SIM2
SIM3
SIM4
1
21
22
SIM5
SIM1
SIM2
SIM3
SIM4
1
21
22
SIM5
SIM1
SIM2
SIM3
SIM4
1
21
22
SIM5
SIM1
SIM2
SIM3
SIM4
1
21
22
SIM5
SIM1
SIM2
SIM3
SIM4
1
21
22
SIM5
SIM1
SIM2
SIM3
SIM4
1
21
22
SIM5
SIM1
SIM2
SIM3
SIM4
1
21
22
SIM5
SIM1
SIM2
SIM3
SIM4
1
21
22
SIM5
SIM1
SIM2
SIM3
SIM4
1
21
22
SIM5
SIM1
SIM2
SIM3
SIM4
1
21
22
SIM5
SIM1
SIM2
SIM3
SIM4
1
21
22
SIM5
SIM1
SIM2
SIM3
SIM4
1
21
22
SIM5
SIM1
SIM2
SIM3
SIM4
1
21
22
SIM5
SIM1
SIM2
SIM3
SIM4
1
21
22
SIM5
SIM1
SIM2
SIM3
SIM4
1
21
22
SIM5
SIM1
SIM2
SIM3
SIM4
1
21
22
SIM5
SIM1
SIM2
SIM3
SIM4
1
21
22
SIM5
SIM1
SIM2
SIM3
SIM4
1
21
22
SIM5
SIM1
SIM2
SIM3
SIM4
1
21
22
SIM5
SIM1
SIM2
SIM3
SIM4
1
21
22
SIM5
SIM1
SIM2
SIM3
SIM4
1
21
22
SIM5
SIM1
SIM2
SIM3
SIM4
1
21
22
SIM5
SIM1
SIM2
SIM3
SIM4
1
21
22
SIM5
SIM1
SIM2
SIM3
SIM4
1
21
22
SIM5
SIM1
SIM2
SIM3
SIM4
1
21
22
SIM5
SIM1
SIM2
SIM3
SIM4
1
21
22
SIM5
SIM1
SIM2
SIM3
SIM4
1
21
22
SIM5
SIM1
SIM2
SIM3
SIM4
1
21
22
SIM5
SIM1
SIM2
SIM3
SIM4
1
21
22
SIM5
SIM1
SIM2
SIM3
SIM4
1
21
22
SIM5
SIM1
SIM2
SIM3
SIM4
1
21
22
SIM5
SIM1
SIM2
SIM3
SIM4
1
21
22
SIM5
SIM1
SIM2
SIM3
SIM4
1
21
22
SIM5
SIM1
SIM2
SIM3
SIM4
1
21
22
SIM5
SIM1
SIM2
SIM3
SIM4
1
21
22
SIM5
SIM1
SIM2
SIM3
SIM4
1
21
22
SIM5
SIM1
SIM2
SIM3
SIM4
1
21
22
SIM5
SIM1
SIM2
SIM3
SIM4
1
21
22
SIM5
SIM1
SIM2
SIM3
SIM4
1
21
22
SIM5
SIM1
SIM2
SIM3
SIM4
1
21
22
SIM5
SIM1
SIM2
SIM3
SIM4
1
21
22
SIM5
SIM1
SIM2
SIM3
SIM4
1
21
22
SIM5
SIM1
SIM2
SIM3
SIM4
1
21
22
SIM5
SIM1
SIM2
SIM3
SIM4
1
21
22
SIM5
SIM1
SIM2
SIM3
SIM4
1
21
22
SIM5
SIM1
SIM2
SIM3
SIM4
1
21
22
SIM5
SIM1
SIM2
SIM3
SIM4
1
21
22
SIM5
SIM1
SIM2
SIM3
SIM4
1
21
22
SIM5
SIM1
SIM2
SIM3
SIM4
1
21
22
SIM5
SIM1
SIM2
SIM3
SIM4
1
21
22
SIM5
SIM1
SIM2
SIM3
SIM4
1
21
22
SIM5
SIM1
SIM2
SIM3
SIM4
1
21
22
SIM5
SIM1
SIM2
SIM3
SIM4
1
21
22
SIM5
SIM1
SIM2
SIM3
SIM4
1
21
22
SIM5
SIM1
SIM2
SIM3
SIM4
1
21
22
SIM5
SIM1
SIM2
SIM3
SIM4
1
21
22
SIM5
SIM1
SIM2
SIM3
SIM4
1
21
22
SIM5
SIM1
SIM2
SIM3
SIM4
1
21
22
SIM5
SIM1
SIM2
SIM3
SIM4
1
21
22
SIM5
SIM1
SIM2
SIM3
SIM4
1
21
22
SIM5
SIM1
SIM2
SIM3
SIM4
1
21
22
SIM5
SIM1
SIM2
SIM3
SIM4
1
21
22
SIM5
SIM1
SIM2
SIM3
SIM4
1
21
22
SIM5
SIM1
SIM2
SIM3
SIM4
1
21
22
SIM5
SIM1
SIM2
SIM3
SIM4
1
21
22
SIM5
SIM1
SIM2
SIM3
SIM4
1
21
22
SIM5
SIM1
SIM2
SIM3
SIM4
1
21
22
SIM5
SIM1
SIM2
SIM3
SIM4
1
21
22
SIM5
SIM1
SIM2
SIM3
SIM4
1
21
22
SIM5
SIM1
SIM2
SIM3
SIM4
1
21
22
SIM5
SIM1
SIM2
SIM3
SIM4
1
21
22
SIM5
SIM1
SIM2
SIM3
SIM4
1
21
22
SIM5
SIM1
SIM2
SIM3
SIM4
1
21
22
SIM5
SIM1
SIM2
SIM3
SIM4
1
21
22
SIM5
SIM1
SIM2
SIM3
SIM4
1
21
22
SIM5
SIM1
SIM2
SIM3
SIM4
1
21
22
SIM5
SIM1
SIM2
SIM3
SIM4
1
21
22
SIM5
SIM1
SIM2
SIM3
SIM4
1
21
22
SIM5
SIM1
SIM2
SIM3
SIM4
1
21
22
SIM5
SIM1
SIM2
SIM3
SIM4
1
21
22
SIM5
SIM1
SIM2
SIM3
SIM4
1
21
22
SIM5
SIM1
SIM2
SIM3
SIM4
1
21
22
SIM5
SIM1
SIM2
SIM3
SIM4
1
21
22
SIM5
SIM1
SIM2
SIM3
SIM4
1
21
22
SIM5
SIM1
SIM2
SIM3
SIM4
1
21
22
SIM5
SIM1
SIM2
SIM3
SIM4
1
21
22
SIM5
SIM1
SIM2
DEBUG 1 23
SIM1
SIM2
SIM3
SIM4
1
21
22
SIM5
SIM1
SIM2
SIM3
SIM4
1
21
22
SIM5
SIM1
SIM2
SIM3
SIM4
1
21
22
SIM5
SIM1
SIM2
SIM3
SIM4
1
21
22
SIM5
SIM1
SIM2
SIM3
SIM4
1
21
22
SIM5
SIM1
SIM2
SIM3
SIM4
1
21
22
SIM5
SIM1
SIM2
SIM3
SIM4
1
21
22
SIM5
SIM1
SIM2
SIM3
SIM4
1
21
22
SIM5
SIM1
SIM2
SIM3
SIM4
1
21
22
SIM5
SIM1
SIM2
SIM3
SIM4
1
21
22
SIM5
SIM1
SIM2
SIM3
SIM4
1
21
22
SIM5
SIM1
SIM2
SIM3
SIM4
1
21
22
SIM5
SIM1
SIM2
SIM3
SIM4
1
21
22
SIM5
SIM1
SIM2
SIM3
SIM4
1
21
22
SIM5
SIM1
SIM2
SIM3
SIM4
1
21
22
SIM5
SIM1
SIM2
SIM3
SIM4
1
21
22
SIM5
SIM1
SIM2
SIM3
SIM4
1
21
22
SIM5
SIM1
SIM2
SIM3
SIM4
1
21
22
SIM5
SIM1
SIM2
SIM3
SIM4
1
21
22
SIM5
SIM1
SIM2
SIM3
SIM4
1
21
22
SIM5
SIM1
SIM2
SIM3
SIM4
1
21
22
SIM5
SIM1
SIM2
SIM3
SIM4
1
21
22
SIM5
SIM1
SIM2
SIM3
SIM4
1
21
22
SIM5
SIM1
SIM2
SIM3
SIM4
1
21
22
SIM5
SIM1
SIM2
SIM3
SIM4
1
21
22
SIM5
SIM1
SIM2
SIM3
SIM4
1
21
22
SIM5
SIM1
SIM2
SIM3
SIM4
1
21
22
SIM5
SIM1
SIM2
SIM3
SIM4
1
21
22
SIM5
SIM1
SIM2
SIM3
SIM4
1
21
22
SIM5
SIM1
SIM2
SIM3
SIM4
1
21
22
SIM5
SIM1
SIM2
SIM3
SIM4
1
21
22
SIM5
SIM1
SIM2
SIM3
SIM4
1
21
22
SIM5
SIM1
SIM2
SIM3
SIM4
1
21
22
SIM5
SIM1
SIM2
SIM3
SIM4
1
21
22
SIM5
SIM1
SIM2
SIM3
SIM4
1
21
22
SIM5
SIM1
SIM2
SIM3
SIM4
1
21
22
SIM5
SIM1
SIM2
SIM3
SIM4
1
21
22
SIM5
SIM1
SIM2
SIM3
SIM4
1
21
22
SIM5
SIM1
SIM2
SIM3
SIM4
1
21
22
SIM5
SIM1
SIM2
SIM3
SIM4
1
21
22
SIM5
SIM1
SIM2
SIM3
SIM4
1
21
22
SIM5
SIM1
SIM2
SIM3
SIM4
1
21
22
SIM5
SIM1
SIM2
SIM3
SIM4
1
21
22
SIM5
SIM1
SIM2
SIM3
SIM4
1
21
22
SIM5
SIM1
SIM2
SIM3
SIM4
1
21
22
SIM5
SIM1
SIM2
SIM3
SIM4
1
21
22
SIM5
SIM1
SIM2
SIM3
SIM4
1
21
22
SIM5
SIM1
SIM2
SIM3
SIM4
1
21
22
SIM5
SIM1
SIM2
SIM3
SIM4
1
21
22
SIM5
SIM1
SIM2
SIM3
SIM4
1
21
22
SIM5
SIM1
SIM2
SIM3
SIM4
1
21
22
SIM5
SIM1
SIM2
SIM3
SIM4
1
21
22
SIM5
SIM1
SIM2
SIM3
SIM4
1
21
22
SIM5
SIM1
SIM2
SIM3
SIM4
1
21
22
SIM5
SIM1
SIM2
SIM3
SIM4
1
21
22
SIM5
SIM1
SIM2
SIM3
SIM4
1
21
22
SIM5
SIM1
SIM2
SIM3
SIM4
1
21
22
SIM5
SIM1
SIM2
SIM3
SIM4
1
21
22
SIM5
SIM1
SIM2
SIM3
SIM4
1
21
22
SIM5
SIM1
SIM2
SIM3
SIM4
1
21
22
SIM5
SIM1
SIM2
SIM3
SIM4
1
21
22
SIM5
SIM1
SIM2
SIM3
SIM4
1
21
22
SIM5
SIM1
SIM2
SIM3
SIM4
1
21
22
SIM5
SIM1
SIM2
SIM3
SIM4
1
21
22
SIM5
SIM1
SIM2
SIM3
SIM4
1
21
22
SIM5
SIM1
SIM2
SIM3
SIM4
1
21
22
SIM5
SIM1
SIM2
SIM3
SIM4
1
21
22
SIM5
SIM1
SIM2
SIM3
SIM4
1
21
22
SIM5
SIM1
SIM2
SIM3
SIM4
1
21
22
SIM5
SIM1
SIM2
SIM3
SIM4
1
21
22
SIM5
SIM1
SIM2
SIM3
SIM4
1
21
22
SIM5
SIM1
SIM2
SIM3
SIM4
1
21
22
SIM5
SIM1
SIM2
SIM3
SIM4
1
21
22
SIM5
SIM1
SIM2
SIM3
SIM4
1
21
22
SIM5
SIM1
SIM2
SIM3
SIM4
1
21
22
SIM5
SIM1
SIM2
SIM3
SIM4
1
21
22
SIM5
SIM1
SIM2
SIM3
SIM4
1
21
22
SIM5
SIM1
SIM2
SIM3
SIM4
1
21
22
SIM5
SIM1
SIM2
SIM3
SIM4
1
21
22
SIM5
SIM1
SIM2
SIM3
SIM4
1
21
22
SIM5
SIM1
SIM2
SIM3
SIM4
1
21
22
SIM5
SIM1
SIM2
SIM3
SIM4
1
21
22
SIM5
SIM1
SIM2
SIM3
SIM4
1
21
22
SIM5
SIM1
SIM2
SIM3
SIM4
1
21
22
SIM5
SIM1
SIM2
SIM3
SIM4
1
21
22
SIM5
SIM1
SIM2
SIM3
SIM4
1
21
22
SIM5
SIM1
SIM2
SIM3
SIM4
1
21
22
SIM5
SIM1
SIM2
SIM3
SIM4
1
21
22
SIM5
SIM1
SIM2
SIM3
SIM4
1
21
22
SIM5
SIM1
SIM2
SIM3
SIM4
1
21
22
SIM5
SIM1
SIM2
SIM3
SIM4
1
21
22
SIM5
SIM1
SIM2
SIM3
SIM4
1
21
22
SIM5
SIM1
SIM2
SIM3
SIM4
1
21
22
SIM5
SIM1
SIM2
SIM3
SIM4
1
21
22
SIM5
SIM1
SIM2
SIM3
SIM4
1
21
22
SIM5
SIM1
SIM2
SIM3
SIM4
1
21
22
SIM5
SIM1
SIM2
SIM3
SIM4
1
21
22
SIM5
SIM1
SIM2
SIM3
SIM4
1
21
22
SIM5
SIM1
SIM2
SIM3
SIM4
1
21
22
SIM5
SIM1
SIM2
SIM3
SIM4
1
21
22
SIM5
SIM1
SIM2
SIM3
SIM4
1
21
22
SIM5
SIM1
SIM2
SIM3
SIM4
1
21
22
SIM5
SIM1
SIM2
SIM3
SIM4
1
21
22
SIM5
SIM1
SIM2
SIM3
SIM4
1
21
22
SIM5
SIM1
SIM2
SIM3
SIM4
1
21
22
SIM5
SIM1
SIM2
SIM3
SIM4
1
21
22
SIM5
SIM1
SIM2
SIM3
SIM4
1
21
22
SIM5
SIM1
SIM2
SIM3
SIM4
1
21
22
SIM5
SIM1
SIM2
SIM3
SIM4
1
21
22
SIM5
SIM1
SIM2
SIM3
SIM4
1
21
22
SIM5
SIM1
SIM2
SIM3
SIM4
1
21
22
SIM5
SIM1
SIM2
SIM3
SIM4
1
21
22
SIM5
SIM1
SIM2
SIM3
SIM4
1
21
22
SIM5
SIM1
SIM2
SIM3
SIM4
1
21
22
SIM5
SIM1
SIM2
SIM3
SIM4
1
21
22
SIM5
SIM1
SIM2
SIM3
SIM4
1
21
22
SIM5
SIM1
SIM2
SIM3
SIM4
1
21
22
SIM5
SIM1
SIM2
SIM3
SIM4
1
21
22
SIM5
SIM1
SIM2
SIM3
SIM4
1
21
22
SIM5
SIM1
SIM2
SIM3
SIM4
1
21
22
SIM5
SIM1
SIM2
SIM3
SIM4
1
21
22
SIM5
SIM1
SIM2
SIM3
SIM4
1
21
22
SIM5
SIM1
SIM2
SIM3
SIM4
1
21
22
SIM5
SIM1
SIM2
SIM3
SIM4
1
21
22
SIM5
SIM1
SIM2
SIM3
SIM4
1
21
22
SIM5
SIM1
SIM2
SIM3
SIM4
1
21
22
SIM5
SIM1
SIM2
SIM3
SIM4
1
21
22
SIM5
SIM1
SIM2
SIM3
SIM4
1
21
22
SIM5
SIM1
SIM2
SIM3
SIM4
1
21
22
SIM5
SIM1
SIM2
SIM3
SIM4
1
21
22
SIM5
SIM1
SIM2
SIM3
SIM4
1
21
22
SIM5
SIM1
SIM2
SIM3
SIM4
1
21
22
SIM5
SIM1
SIM2
SIM3
SIM4
1
21
22
SIM5
SIM1
SIM2
SIM3
SIM4
1
21
22
SIM5
SIM1
SIM2
SIM3
SIM4
1
21
22
SIM5
SIM1
SIM2
SIM3
SIM4
1
21
22
SIM5
SIM1
SIM2
SIM3
SIM4
1
21
22
SIM5
SIM1
SIM2
SIM3
SIM4
1
21
22
SIM5
SIM1
SIM2
SIM3
SIM4
1
21
22
SIM5
SIM1
SIM2
SIM3
SIM4
1
21
22
SIM5
SIM1
SIM2
SIM3
SIM4
1
21
22
SIM5
SIM1
SIM2
SIM3
SIM4
1
21
22
SIM5
SIM1
SIM2
SIM3
SIM4
1
21
22
SIM5
SIM1
SIM2
SIM3
SIM4
1
21
22
SIM5
SIM1
SIM2
SIM3
SIM4
1
21
22
SIM5
SIM1
SIM2
SIM3
SIM4
1
21
22
SIM5
SIM1
SIM2
SIM3
SIM4
1
21
22
SIM5
SIM1
SIM2
SIM3
SIM4
1
21
22
SIM5
SIM1
SIM2
SIM3
SIM4
1
21
22
SIM5
SIM1
SIM2
SIM3
SIM4
1
21
22
SIM5
SIM1
SIM2
SIM3
SIM4
1
21
22
SIM5
SIM1
SIM2
SIM3
SIM4
1
21
22
SIM5
SIM1
SIM2
SIM3
SIM4
1
21
22
SIM5
SIM1
SIM2
SIM3
SIM4
1
21
22
SIM5
SIM1
SIM2
SIM3
SIM4
1
21
22
SIM5
SIM1
SIM2
SIM3
SIM4
1
21
22
SIM5
SIM1
SIM2
SIM3
SIM4
1
21
22
SIM5
SIM1
SIM2
SIM3
SIM4
1
21
22
SIM5
SIM1
SIM2
SIM3
SIM4
1
21
22
SIM5
SIM1
SIM2
SIM3
SIM4
1
21
22
SIM5
SIM1
SIM2
SIM3
SIM4
1
21
22
SIM5
SIM1
SIM2
SIM3
SIM4
1
21
22
SIM5
SIM1
SIM2
SIM3
SIM4
1
21
22
SIM5
SIM1
SIM2
SIM3
SIM4
1
21
22
SIM5
SIM1
SIM2
SIM3
SIM4
1
21
22
SIM5
SIM1
SIM2
SIM3
SIM4
1
21
22
SIM5
SIM1
SIM2
SIM3
SIM4
1
21
22
SIM5
SIM1
SIM2
SIM3
SIM4
1
21
22
SIM5
SIM1
SIM2
SIM3
SIM4
1
21
22
SIM5
SIM1
SIM2
SIM3
SIM4
1
21
22
SIM5
SIM1
SIM2
SIM3
SIM4
1
21
22
SIM5
SIM1
SIM2
SIM3
SIM4
1
21
22
SIM5
SIM1
SIM2
SIM3
SIM4
1
21
22
SIM5
SIM1
SIM2
SIM3
SIM4
1
21
22
SIM5
SIM1
SIM2
SIM3
SIM4
1
21
22
SIM5
SIM1
SIM2
SIM3
SIM4
1
21
22
SIM5
SIM1
SIM2
SIM3
SIM4
1
21
22
SIM5
SIM1
SIM2
SIM3
SIM4
1
21
22
SIM5
SIM1
SIM2
SIM3
SIM4
1
21
22
SIM5
SIM1
SIM2
SIM3
SIM4
1
21
22
SIM5
SIM1
SIM2
SIM3
SIM4
1
21
22
SIM5
SIM1
SIM2
SIM3
SIM4
1
21
22
SIM5
SIM1
SIM2
SIM3
SIM4
1
21
22
SIM5
SIM1
SIM2
SIM3
SIM4
1
21
22
SIM5
SIM1
SIM2
SIM3
SIM4
1
21
22
SIM5
SIM1
SIM2
SIM3
SIM4
1
21
22
SIM5
SIM1
SIM2
SIM3
SIM4
1
21
22
SIM5
SIM1
SIM2
SIM3
SIM4
1
21
22
SIM5
SIM1
SIM2
DEBUG 1 24
SIM1
SIM2
SIM3
SIM4
1
21
22
SIM5
SIM1
SIM2
SIM3
SIM4
1
21
22
SIM5
SIM1
SIM2
SIM3
SIM4
1
21
22
SIM5
SIM1
SIM2
SIM3
SIM4
1
21
22
SIM5
SIM1
SIM2
SIM3
SIM4
1
21
22
SIM5
SIM1
SIM2
SIM3
SIM4
1
21
22
SIM5
SIM1
SIM2
SIM3
SIM4
1
21
22
SIM5
SIM1
SIM2
SIM3
SIM4
1
21
22
SIM5
SIM1
SIM2
SIM3
SIM4
1
21
22
SIM5
SIM1
SIM2
SIM3
SIM4
1
21
22
SIM5
SIM1
SIM2
SIM3
SIM4
1
21
22
SIM5
SIM1
SIM2
SIM3
SIM4
1
21
22
SIM5
SIM1
SIM2
SIM3
SIM4
1
21
22
SIM5
SIM1
SIM2
SIM3
SIM4
1
21
22
SIM5
SIM1
SIM2
SIM3
SIM4
1
21
22
SIM5
SIM1
SIM2
SIM3
SIM4
1
21
22
SIM5
SIM1
SIM2
SIM3
SIM4
1
21
22
SIM5
SIM1
SIM2
SIM3
SIM4
1
21
22
SIM5
SIM1
SIM2
SIM3
SIM4
1
21
22
SIM5
SIM1
SIM2
SIM3
SIM4
1
21
22
SIM5
SIM1
SIM2
SIM3
SIM4
1
21
22
SIM5
SIM1
SIM2
SIM3
SIM4
1
21
22
SIM5
SIM1
SIM2
SIM3
SIM4
1
21
22
SIM5
SIM1
SIM2
SIM3
SIM4
1
21
22
SIM5
SIM1
SIM2
SIM3
SIM4
1
21
22
SIM5
SIM1
SIM2
SIM3
SIM4
1
21
22
SIM5
SIM1
SIM2
SIM3
SIM4
1
21
22
SIM5
SIM1
SIM2
SIM3
SIM4
1
21
22
SIM5
SIM1
SIM2
SIM3
SIM4
1
21
22
SIM5
SIM1
SIM2
SIM3
SIM4
1
21
22
SIM5
SIM1
SIM2
SIM3
SIM4
1
21
22
SIM5
SIM1
SIM2
SIM3
SIM4
1
21
22
SIM5
SIM1
SIM2
SIM3
SIM4
1
21
22
SIM5
SIM1
SIM2
SIM3
SIM4
1
21
22
SIM5
SIM1
SIM2
SIM3
SIM4
1
21
22
SIM5
SIM1
SIM2
SIM3
SIM4
1
21
22
SIM5
SIM1
SIM2
SIM3
SIM4
1
21
22
SIM5
SIM1
SIM2
SIM3
SIM4
1
21
22
SIM5
SIM1
SIM2
SIM3
SIM4
1
21
22
SIM5
SIM1
SIM2
SIM3
SIM4
1
21
22
SIM5
SIM1
SIM2
SIM3
SIM4
1
21
22
SIM5
SIM1
SIM2
SIM3
SIM4
1
21
22
SIM5
SIM1
SIM2
SIM3
SIM4
1
21
22
SIM5
SIM1
SIM2
SIM3
SIM4
1
21
22
SIM5
SIM1
SIM2
SIM3
SIM4
1
21
22
SIM5
SIM1
SIM2
SIM3
SIM4
1
21
22
SIM5
SIM1
SIM2
SIM3
SIM4
1
21
22
SIM5
SIM1
SIM2
SIM3
SIM4
1
21
22
SIM5
SIM1
SIM2
SIM3
SIM4
1
21
22
SIM5
SIM1
SIM2
SIM3
SIM4
1
21
22
SIM5
SIM1
SIM2
SIM3
SIM4
1
21
22
SIM5
SIM1
SIM2
SIM3
SIM4
1
21
22
SIM5
SIM1
SIM2
SIM3
SIM4
1
21
22
SIM5
SIM1
SIM2
SIM3
SIM4
1
21
22
SIM5
SIM1
SIM2
SIM3
SIM4
1
21
22
SIM5
SIM1
SIM2
SIM3
SIM4
1
21
22
SIM5
SIM1
SIM2
SIM3
SIM4
1
21
22
SIM5
SIM1
SIM2
SIM3
SIM4
1
21
22
SIM5
SIM1
SIM2
SIM3
SIM4
1
21
22
SIM5
SIM1
SIM2
SIM3
SIM4
1
21
22
SIM5
SIM1
SIM2
SIM3
SIM4
1
21
22
SIM5
SIM1
SIM2
SIM3
SIM4
1
21
22
SIM5
SIM1
SIM2
SIM3
SIM4
1
21
22
SIM5
SIM1
SIM2
SIM3
SIM4
1
21
22
SIM5
SIM1
SIM2
SIM3
SIM4
1
21
22
SIM5
SIM1
SIM2
SIM3
SIM4
1
21
22
SIM5
SIM1
SIM2
SIM3
SIM4
1
21
22
SIM5
SIM1
SIM2
SIM3
SIM4
1
21
22
SIM5
SIM1
SIM2
SIM3
SIM4
1
21
22
SIM5
SIM1
SIM2
SIM3
SIM4
1
21
22
SIM5
SIM1
SIM2
SIM3
SIM4
1
21
22
SIM5
SIM1
SIM2
SIM3
SIM4
1
21
22
SIM5
SIM1
SIM2
SIM3
SIM4
1
21
22
SIM5
SIM1
SIM2
SIM3
SIM4
1
21
22
SIM5
SIM1
SIM2
SIM3
SIM4
1
21
22
SIM5
SIM1
SIM2
SIM3
SIM4
1
21
22
SIM5
SIM1
SIM2
SIM3
SIM4
1
21
22
SIM5
SIM1
SIM2
SIM3
SIM4
1
21
22
SIM5
SIM1
SIM2
SIM3
SIM4
1
21
22
SIM5
SIM1
SIM2
SIM3
SIM4
1
21
22
SIM5
SIM1
SIM2
SIM3
SIM4
1
21
22
SIM5
SIM1
SIM2
SIM3
SIM4
1
21
22
SIM5
SIM1
SIM2
SIM3
SIM4
1
21
22
SIM5
SIM1
SIM2
SIM3
SIM4
1
21
22
SIM5
SIM1
SIM2
SIM3
SIM4
1
21
22
SIM5
SIM1
SIM2
SIM3
SIM4
1
21
22
SIM5
SIM1
SIM2
SIM3
SIM4
1
21
22
SIM5
SIM1
SIM2
SIM3
SIM4
1
21
22
SIM5
SIM1
SIM2
SIM3
SIM4
1
21
22
SIM5
SIM1
SIM2
SIM3
SIM4
1
21
22
SIM5
SIM1
SIM2
SIM3
SIM4
1
21
22
SIM5
SIM1
SIM2
SIM3
SIM4
1
21
22
SIM5
SIM1
SIM2
SIM3
SIM4
1
21
22
SIM5
SIM1
SIM2
SIM3
SIM4
1
21
22
SIM5
SIM1
SIM2
SIM3
SIM4
1
21
22
SIM5
SIM1
SIM2
SIM3
SIM4
1
21
22
SIM5
SIM1
SIM2
SIM3
SIM4
1
21
22
SIM5
SIM1
SIM2
SIM3
SIM4
1
21
22
SIM5
SIM1
SIM2
SIM3
SIM4
1
21
22
SIM5
SIM1
SIM2
SIM3
SIM4
1
21
22
SIM5
SIM1
SIM2
SIM3
SIM4
1
21
22
SIM5
SIM1
SIM2
SIM3
SIM4
1
21
22
SIM5
SIM1
SIM2
SIM3
SIM4
1
21
22
SIM5
SIM1
SIM2
SIM3
SIM4
1
21
22
SIM5
SIM1
SIM2
SIM3
SIM4
1
21
22
SIM5
SIM1
SIM2
SIM3
SIM4
1
21
22
SIM5
SIM1
SIM2
DEBUG 1 25
SIM1
SIM2
SIM3
SIM4
1
21
22
SIM5
SIM1
SIM2
SIM3
SIM4
1
21
22
SIM5
SIM1
SIM2
SIM3
SIM4
1
21
22
SIM5
SIM1
SIM2
SIM3
SIM4
1
21
22
SIM5
SIM1
SIM2
SIM3
SIM4
1
21
22
SIM5
SIM1
SIM2
SIM3
SIM4
1
21
22
SIM5
SIM1
SIM2
SIM3
SIM4
1
21
22
SIM5
SIM1
SIM2
SIM3
SIM4
1
21
22
SIM5
SIM1
SIM2
SIM3
SIM4
1
21
22
SIM5
SIM1
SIM2
SIM3
SIM4
1
21
22
SIM5
SIM1
SIM2
SIM3
SIM4
1
21
22
SIM5
SIM1
SIM2
SIM3
SIM4
1
21
22
SIM5
SIM1
SIM2
SIM3
SIM4
1
21
22
SIM5
SIM1
SIM2
SIM3
SIM4
1
21
22
SIM5
SIM1
SIM2
SIM3
SIM4
1
21
22
SIM5
SIM1
SIM2
SIM3
SIM4
1
21
22
SIM5
SIM1
SIM2
SIM3
SIM4
1
21
22
SIM5
SIM1
SIM2
SIM3
SIM4
1
21
22
SIM5
SIM1
SIM2
SIM3
SIM4
1
21
22
SIM5
SIM1
SIM2
SIM3
SIM4
1
21
22
SIM5
SIM1
SIM2
SIM3
SIM4
1
21
22
SIM5
SIM1
SIM2
SIM3
SIM4
1
21
22
SIM5
SIM1
SIM2
SIM3
SIM4
1
21
22
SIM5
SIM1
SIM2
SIM3
SIM4
1
21
22
SIM5
SIM1
SIM2
SIM3
SIM4
1
21
22
SIM5
SIM1
SIM2
SIM3
SIM4
1
21
22
SIM5
SIM1
SIM2
SIM3
SIM4
1
21
22
SIM5
SIM1
SIM2
SIM3
SIM4
1
21
22
SIM5
SIM1
SIM2
SIM3
SIM4
1
21
22
SIM5
SIM1
SIM2
SIM3
SIM4
1
21
22
SIM5
SIM1
SIM2
SIM3
SIM4
1
21
22
SIM5
SIM1
SIM2
SIM3
SIM4
1
21
22
SIM5
SIM1
SIM2
SIM3
SIM4
1
21
22
SIM5
SIM1
SIM2
SIM3
SIM4
1
21
22
SIM5
SIM1
SIM2
SIM3
SIM4
1
21
22
SIM5
SIM1
SIM2
SIM3
SIM4
1
21
22
SIM5
SIM1
SIM2
SIM3
SIM4
1
21
22
SIM5
SIM1
SIM2
SIM3
SIM4
1
21
22
SIM5
SIM1
SIM2
SIM3
SIM4
1
21
22
SIM5
SIM1
SIM2
SIM3
SIM4
1
21
22
SIM5
SIM1
SIM2
SIM3
SIM4
1
21
22
SIM5
SIM1
SIM2
SIM3
SIM4
1
21
22
SIM5
SIM1
SIM2
SIM3
SIM4
1
21
22
SIM5
SIM1
SIM2
SIM3
SIM4
1
21
22
SIM5
SIM1
SIM2
SIM3
SIM4
1
21
22
SIM5
SIM1
SIM2
SIM3
SIM4
1
21
22
SIM5
SIM1
SIM2
SIM3
SIM4
1
21
22
SIM5
SIM1
SIM2
SIM3
SIM4
1
21
22
SIM5
SIM1
SIM2
SIM3
SIM4
1
21
22
SIM5
SIM1
SIM2
SIM3
SIM4
1
21
22
SIM5
SIM1
SIM2
SIM3
SIM4
1
21
22
SIM5
SIM1
SIM2
SIM3
SIM4
1
21
22
SIM5
SIM1
SIM2
SIM3
SIM4
1
21
22
SIM5
SIM1
SIM2
SIM3
SIM4
1
21
22
SIM5
SIM1
SIM2
SIM3
SIM4
1
21
22
SIM5
SIM1
SIM2
SIM3
SIM4
1
21
22
SIM5
SIM1
SIM2
SIM3
SIM4
1
21
22
SIM5
SIM1
SIM2
SIM3
SIM4
1
21
22
SIM5
SIM1
SIM2
SIM3
SIM4
1
21
22
SIM5
SIM1
SIM2
SIM3
SIM4
1
21
22
SIM5
SIM1
SIM2
SIM3
SIM4
1
21
22
SIM5
SIM1
SIM2
SIM3
SIM4
1
21
22
SIM5
SIM1
SIM2
SIM3
SIM4
1
21
22
SIM5
SIM1
SIM2
SIM3
SIM4
1
21
22
SIM5
SIM1
SIM2
SIM3
SIM4
1
21
22
SIM5
SIM1
SIM2
SIM3
SIM4
1
21
22
SIM5
SIM1
SIM2
SIM3
SIM4
1
21
22
SIM5
SIM1
SIM2
SIM3
SIM4
1
21
22
SIM5
SIM1
SIM2
SIM3
SIM4
1
21
22
SIM5
SIM1
SIM2
SIM3
SIM4
1
21
22
SIM5
SIM1
SIM2
SIM3
SIM4
1
21
22
SIM5
SIM1
SIM2
SIM3
SIM4
1
21
22
SIM5
SIM1
SIM2
SIM3
SIM4
1
21
22
SIM5
SIM1
SIM2
SIM3
SIM4
1
21
22
SIM5
SIM1
SIM2
SIM3
SIM4
1
21
22
SIM5
SIM1
SIM2
SIM3
SIM4
1
21
22
SIM5
SIM1
SIM2
SIM3
SIM4
1
21
22
SIM5
SIM1
SIM2
SIM3
SIM4
1
21
22
SIM5
SIM1
SIM2
SIM3
SIM4
1
21
22
SIM5
SIM1
SIM2
SIM3
SIM4
1
21
22
SIM5
SIM1
SIM2
SIM3
SIM4
1
21
22
SIM5
SIM1
SIM2
SIM3
SIM4
1
21
22
SIM5
SIM1
SIM2
SIM3
SIM4
1
21
22
SIM5
SIM1
SIM2
SIM3
SIM4
1
21
22
SIM5
SIM1
SIM2
SIM3
SIM4
1
21
22
SIM5
SIM1
SIM2
SIM3
SIM4
1
21
22
SIM5
SIM1
SIM2
SIM3
SIM4
1
21
22
SIM5
SIM1
SIM2
SIM3
SIM4
1
21
22
SIM5
SIM1
SIM2
SIM3
SIM4
1
21
22
SIM5
SIM1
SIM2
SIM3
SIM4
1
21
22
SIM5
SIM1
SIM2
SIM3
SIM4
1
21
22
SIM5
SIM1
SIM2
SIM3
SIM4
1
21
22
SIM5
SIM1
SIM2
SIM3
SIM4
1
21
22
SIM5
SIM1
SIM2
SIM3
SIM4
1
21
22
SIM5
SIM1
SIM2
SIM3
SIM4
1
21
22
SIM5
SIM1
SIM2
SIM3
SIM4
1
21
22
SIM5
SIM1
SIM2
SIM3
SIM4
1
21
22
SIM5
SIM1
SIM2
SIM3
SIM4
1
21
22
SIM5
SIM1
SIM2
SIM3
SIM4
1
21
22
SIM5
SIM1
SIM2
SIM3
SIM4
1
21
22
SIM5
SIM1
SIM2
SIM3
SIM4
1
21
22
SIM5
SIM1
SIM2
SIM3
SIM4
1
21
22
SIM5
SIM1
SIM2
SIM3
SIM4
1
21
22
SIM5
SIM1
SIM2
SIM3
SIM4
1
21
22
SIM5
SIM1
SIM2
SIM3
SIM4
1
21
22
SIM5
SIM1
SIM2
SIM3
SIM4
1
21
22
SIM5
SIM1
SIM2
SIM3
SIM4
1
21
22
SIM5
SIM1
SIM2
SIM3
SIM4
1
21
22
SIM5
SIM1
SIM2
SIM3
SIM4
1
21
22
SIM5
SIM1
SIM2
SIM3
SIM4
1
21
22
SIM5
SIM1
SIM2
SIM3
SIM4
1
21
22
SIM5
SIM1
SIM2
SIM3
SIM4
1
21
22
SIM5
SIM1
SIM2
SIM3
SIM4
1
21
22
SIM5
SIM1
SIM2
SIM3
SIM4
1
21
22
SIM5
SIM1
SIM2
SIM3
SIM4
1
21
22
SIM5
SIM1
SIM2
SIM3
SIM4
1
21
22
SIM5
SIM1
SIM2
SIM3
SIM4
1
21
22
SIM5
SIM1
SIM2
SIM3
SIM4
1
21
22
SIM5
SIM1
SIM2
SIM3
SIM4
1
21
22
SIM5
SIM1
SIM2
SIM3
SIM4
1
21
22
SIM5
SIM1
SIM2
SIM3
SIM4
1
21
22
SIM5
SIM1
SIM2
SIM3
SIM4
1
21
22
SIM5
SIM1
SIM2
SIM3
SIM4
1
21
22
SIM5
SIM1
SIM2
SIM3
SIM4
1
21
22
SIM5
SIM1
SIM2
SIM3
SIM4
1
21
22
SIM5
SIM1
SIM2
SIM3
SIM4
1
21
22
SIM5
SIM1
SIM2
SIM3
SIM4
1
21
22
SIM5
SIM1
SIM2
SIM3
SIM4
1
21
22
SIM5
SIM1
SIM2
SIM3
SIM4
1
21
22
SIM5
SIM1
SIM2
SIM3
SIM4
1
21
22
SIM5
SIM1
SIM2
SIM3
SIM4
1
21
22
SIM5
SIM1
SIM2
SIM3
SIM4
1
21
22
SIM5
SIM1
SIM2
SIM3
SIM4
1
21
22
SIM5
SIM1
SIM2
SIM3
SIM4
1
21
22
SIM5
SIM1
SIM2
SIM3
SIM4
1
21
22
SIM5
SIM1
SIM2
SIM3
SIM4
1
21
22
SIM5
SIM1
SIM2
SIM3
SIM4
1
21
22
SIM5
SIM1
SIM2
SIM3
SIM4
1
21
22
SIM5
SIM1
SIM2
SIM3
SIM4
1
21
22
SIM5
SIM1
SIM2
SIM3
SIM4
1
21
22
SIM5
SIM1
SIM2
SIM3
SIM4
1
21
22
SIM5
SIM1
SIM2
SIM3
SIM4
1
21
22
SIM5
SIM1
SIM2
SIM3
SIM4
1
21
22
SIM5
SIM1
SIM2
SIM3
SIM4
1
21
22
SIM5
SIM1
SIM2
SIM3
SIM4
1
21
22
SIM5
SIM1
SIM2
SIM3
SIM4
1
21
22
SIM5
SIM1
SIM2
SIM3
SIM4
1
21
22
SIM5
SIM1
SIM2
SIM3
SIM4
1
21
22
SIM5
SIM1
SIM2
SIM3
SIM4
1
21
22
SIM5
SIM1
SIM2
SIM3
SIM4
1
21
22
SIM5
SIM1
SIM2
SIM3
SIM4
1
21
22
SIM5
SIM1
SIM2
SIM3
SIM4
1
21
22
SIM5
SIM1
SIM2
SIM3
SIM4
1
21
22
SIM5
SIM1
SIM2
SIM3
SIM4
1
21
22
SIM5
SIM1
SIM2
SIM3
SIM4
1
21
22
SIM5
SIM1
SIM2
SIM3
SIM4
1
21
22
SIM5
SIM1
SIM2
SIM3
SIM4
1
21
22
SIM5
SIM1
SIM2
SIM3
SIM4
1
21
22
SIM5
SIM1
SIM2
SIM3
SIM4
1
21
22
SIM5
SIM1
SIM2
SIM3
SIM4
1
21
22
SIM5
SIM1
SIM2
SIM3
SIM4
1
21
22
SIM5
SIM1
SIM2
SIM3
SIM4
1
21
22
SIM5
SIM1
SIM2
SIM3
SIM4
1
21
22
SIM5
SIM1
SIM2
SIM3
SIM4
1
21
22
SIM5
SIM1
SIM2
SIM3
SIM4
1
21
22
SIM5
SIM1
SIM2
SIM3
SIM4
1
21
22
SIM5
SIM1
SIM2
SIM3
SIM4
1
21
22
SIM5
SIM1
SIM2
SIM3
SIM4
1
21
22
SIM5
SIM1
SIM2
SIM3
SIM4
1
21
22
SIM5
SIM1
SIM2
SIM3
SIM4
1
21
22
SIM5
SIM1
SIM2
SIM3
SIM4
1
21
22
SIM5
SIM1
SIM2
SIM3
SIM4
1
21
22
SIM5
SIM1
SIM2
SIM3
SIM4
1
21
22
SIM5
SIM1
SIM2
SIM3
SIM4
1
21
22
SIM5
SIM1
SIM2
SIM3
SIM4
1
21
22
SIM5
SIM1
SIM2
DEBUG 1 26
SIM1
SIM2
SIM3
SIM4
1
21
22
SIM5
SIM1
SIM2
SIM3
SIM4
1
21
22
SIM5
SIM1
SIM2
SIM3
SIM4
1
21
22
SIM5
SIM1
SIM2
SIM3
SIM4
1
21
22
SIM5
SIM1
SIM2
SIM3
SIM4
1
21
22
SIM5
SIM1
SIM2
SIM3
SIM4
1
21
22
SIM5
SIM1
SIM2
SIM3
SIM4
1
21
22
SIM5
SIM1
SIM2
SIM3
SIM4
1
21
22
SIM5
SIM1
SIM2
SIM3
SIM4
1
21
22
SIM5
SIM1
SIM2
SIM3
SIM4
1
21
22
SIM5
SIM1
SIM2
SIM3
SIM4
1
21
22
SIM5
SIM1
SIM2
SIM3
SIM4
1
21
22
SIM5
SIM1
SIM2
SIM3
SIM4
1
21
22
SIM5
SIM1
SIM2
SIM3
SIM4
1
21
22
SIM5
SIM1
SIM2
SIM3
SIM4
1
21
22
SIM5
SIM1
SIM2
SIM3
SIM4
1
21
22
SIM5
SIM1
SIM2
SIM3
SIM4
1
21
22
SIM5
SIM1
SIM2
SIM3
SIM4
1
21
22
SIM5
SIM1
SIM2
SIM3
SIM4
1
21
22
SIM5
SIM1
SIM2
SIM3
SIM4
1
21
22
SIM5
SIM1
SIM2
SIM3
SIM4
1
21
22
SIM5
SIM1
SIM2
SIM3
SIM4
1
21
22
SIM5
SIM1
SIM2
SIM3
SIM4
1
21
22
SIM5
SIM1
SIM2
SIM3
SIM4
1
21
22
SIM5
SIM1
SIM2
SIM3
SIM4
1
21
22
SIM5
SIM1
SIM2
SIM3
SIM4
1
21
22
SIM5
SIM1
SIM2
SIM3
SIM4
1
21
22
SIM5
SIM1
SIM2
SIM3
SIM4
1
21
22
SIM5
SIM1
SIM2
SIM3
SIM4
1
21
22
SIM5
SIM1
SIM2
SIM3
SIM4
1
21
22
SIM5
SIM1
SIM2
SIM3
SIM4
1
21
22
SIM5
SIM1
SIM2
SIM3
SIM4
1
21
22
SIM5
SIM1
SIM2
SIM3
SIM4
1
21
22
SIM5
SIM1
SIM2
SIM3
SIM4
1
21
22
SIM5
SIM1
SIM2
SIM3
SIM4
1
21
22
SIM5
SIM1
SIM2
SIM3
SIM4
1
21
22
SIM5
SIM1
SIM2
SIM3
SIM4
1
21
22
SIM5
SIM1
SIM2
SIM3
SIM4
1
21
22
SIM5
SIM1
SIM2
SIM3
SIM4
1
21
22
SIM5
SIM1
SIM2
SIM3
SIM4
1
21
22
SIM5
SIM1
SIM2
SIM3
SIM4
1
21
22
SIM5
SIM1
SIM2
SIM3
SIM4
1
21
22
SIM5
SIM1
SIM2
SIM3
SIM4
1
21
22
SIM5
SIM1
SIM2
SIM3
SIM4
1
21
22
SIM5
SIM1
SIM2
SIM3
SIM4
1
21
22
SIM5
SIM1
SIM2
SIM3
SIM4
1
21
22
SIM5
SIM1
SIM2
SIM3
SIM4
1
21
22
SIM5
SIM1
SIM2
SIM3
SIM4
1
21
22
SIM5
SIM1
SIM2
SIM3
SIM4
1
21
22
SIM5
SIM1
SIM2
SIM3
SIM4
1
21
22
SIM5
SIM1
SIM2
SIM3
SIM4
1
21
22
SIM5
SIM1
SIM2
SIM3
SIM4
1
21
22
SIM5
SIM1
SIM2
SIM3
SIM4
1
21
22
SIM5
SIM1
SIM2
SIM3
SIM4
1
21
22
SIM5
SIM1
SIM2
SIM3
SIM4
1
21
22
SIM5
SIM1
SIM2
SIM3
SIM4
1
21
22
SIM5
SIM1
SIM2
SIM3
SIM4
1
21
22
SIM5
SIM1
SIM2
SIM3
SIM4
1
21
22
SIM5
SIM1
SIM2
SIM3
SIM4
1
21
22
SIM5
SIM1
SIM2
SIM3
SIM4
1
21
22
SIM5
SIM1
SIM2
SIM3
SIM4
1
21
22
SIM5
SIM1
SIM2
SIM3
SIM4
1
21
22
SIM5
SIM1
SIM2
SIM3
SIM4
1
21
22
SIM5
SIM1
SIM2
SIM3
SIM4
1
21
22
SIM5
SIM1
SIM2
SIM3
SIM4
1
21
22
SIM5
SIM1
SIM2
SIM3
SIM4
1
21
22
SIM5
SIM1
SIM2
SIM3
SIM4
1
21
22
SIM5
SIM1
SIM2
SIM3
SIM4
1
21
22
SIM5
SIM1
SIM2
SIM3
SIM4
1
21
22
SIM5
SIM1
SIM2
SIM3
SIM4
1
21
22
SIM5
SIM1
SIM2
SIM3
SIM4
1
21
22
SIM5
SIM1
SIM2
SIM3
SIM4
1
21
22
SIM5
SIM1
SIM2
SIM3
SIM4
1
21
22
SIM5
SIM1
SIM2
SIM3
SIM4
1
21
22
SIM5
SIM1
SIM2
SIM3
SIM4
1
21
22
SIM5
SIM1
SIM2
SIM3
SIM4
1
21
22
SIM5
SIM1
SIM2
SIM3
SIM4
1
21
22
SIM5
SIM1
SIM2
SIM3
SIM4
1
21
22
SIM5
SIM1
SIM2
SIM3
SIM4
1
21
22
SIM5
SIM1
SIM2
SIM3
SIM4
1
21
22
SIM5
SIM1
SIM2
SIM3
SIM4
1
21
22
SIM5
SIM1
SIM2
SIM3
SIM4
1
21
22
SIM5
SIM1
SIM2
SIM3
SIM4
1
21
22
SIM5
SIM1
SIM2
SIM3
SIM4
1
21
22
SIM5
SIM1
SIM2
SIM3
SIM4
1
21
22
SIM5
SIM1
SIM2
SIM3
SIM4
1
21
22
SIM5
SIM1
SIM2
SIM3
SIM4
1
21
22
SIM5
SIM1
SIM2
SIM3
SIM4
1
21
22
SIM5
SIM1
SIM2
SIM3
SIM4
1
21
22
SIM5
SIM1
SIM2
SIM3
SIM4
1
21
22
SIM5
SIM1
SIM2
SIM3
SIM4
1
21
22
SIM5
SIM1
SIM2
SIM3
SIM4
1
21
22
SIM5
SIM1
SIM2
SIM3
SIM4
1
21
22
SIM5
SIM1
SIM2
SIM3
SIM4
1
21
22
SIM5
SIM1
SIM2
SIM3
SIM4
1
21
22
SIM5
SIM1
SIM2
SIM3
SIM4
1
21
22
SIM5
SIM1
SIM2
SIM3
SIM4
1
21
22
SIM5
SIM1
SIM2
SIM3
SIM4
1
21
22
SIM5
SIM1
SIM2
SIM3
SIM4
1
21
22
SIM5
SIM1
SIM2
SIM3
SIM4
1
21
22
SIM5
SIM1
SIM2
SIM3
SIM4
1
21
22
SIM5
SIM1
SIM2
SIM3
SIM4
1
21
22
SIM5
SIM1
SIM2
SIM3
SIM4
1
21
22
SIM5
SIM1
SIM2
SIM3
SIM4
1
21
22
SIM5
SIM1
SIM2
SIM3
SIM4
1
21
22
SIM5
SIM1
SIM2
SIM3
SIM4
1
21
22
SIM5
SIM1
SIM2
SIM3
SIM4
1
21
22
SIM5
SIM1
SIM2
SIM3
SIM4
1
21
22
SIM5
SIM1
SIM2
SIM3
SIM4
1
21
22
SIM5
SIM1
SIM2
SIM3
SIM4
1
21
22
SIM5
SIM1
SIM2
SIM3
SIM4
1
21
22
SIM5
SIM1
SIM2
SIM3
SIM4
1
21
22
SIM5
SIM1
SIM2
SIM3
SIM4
1
21
22
SIM5
SIM1
SIM2
SIM3
SIM4
1
21
22
SIM5
SIM1
SIM2
SIM3
SIM4
1
21
22
SIM5
SIM1
SIM2
SIM3
SIM4
1
21
22
SIM5
SIM1
SIM2
SIM3
SIM4
1
21
22
SIM5
SIM1
SIM2
SIM3
SIM4
1
21
22
SIM5
SIM1
SIM2
SIM3
SIM4
1
21
22
SIM5
SIM1
SIM2
SIM3
SIM4
1
21
22
SIM5
SIM1
SIM2
SIM3
SIM4
1
21
22
SIM5
SIM1
SIM2
SIM3
SIM4
1
21
22
SIM5
SIM1
SIM2
SIM3
SIM4
1
21
22
SIM5
SIM1
SIM2
SIM3
SIM4
1
21
22
SIM5
SIM1
SIM2
DEBUG 1 27
SIM1
SIM2
SIM3
SIM4
1
21
22
SIM5
SIM1
SIM2
SIM3
SIM4
1
21
22
SIM5
SIM1
SIM2
SIM3
SIM4
1
21
22
SIM5
SIM1
SIM2
SIM3
SIM4
1
21
22
SIM5
SIM1
SIM2
SIM3
SIM4
1
21
22
SIM5
SIM1
SIM2
SIM3
SIM4
1
21
22
SIM5
SIM1
SIM2
SIM3
SIM4
1
21
22
SIM5
SIM1
SIM2
SIM3
SIM4
1
21
22
SIM5
SIM1
SIM2
SIM3
SIM4
1
21
22
SIM5
SIM1
SIM2
SIM3
SIM4
1
21
22
SIM5
SIM1
SIM2
SIM3
SIM4
1
21
22
SIM5
SIM1
SIM2
SIM3
SIM4
1
21
22
SIM5
SIM1
SIM2
SIM3
SIM4
1
21
22
SIM5
SIM1
SIM2
SIM3
SIM4
1
21
22
SIM5
SIM1
SIM2
SIM3
SIM4
1
21
22
SIM5
SIM1
SIM2
SIM3
SIM4
1
21
22
SIM5
SIM1
SIM2
SIM3
SIM4
1
21
22
SIM5
SIM1
SIM2
SIM3
SIM4
1
21
22
SIM5
SIM1
SIM2
SIM3
SIM4
1
21
22
SIM5
SIM1
SIM2
SIM3
SIM4
1
21
22
SIM5
SIM1
SIM2
SIM3
SIM4
1
21
22
SIM5
SIM1
SIM2
SIM3
SIM4
1
21
22
SIM5
SIM1
SIM2
SIM3
SIM4
1
21
22
SIM5
SIM1
SIM2
SIM3
SIM4
1
21
22
SIM5
SIM1
SIM2
SIM3
SIM4
1
21
22
SIM5
SIM1
SIM2
SIM3
SIM4
1
21
22
SIM5
SIM1
SIM2
SIM3
SIM4
1
21
22
SIM5
SIM1
SIM2
SIM3
SIM4
1
21
22
SIM5
SIM1
SIM2
SIM3
SIM4
1
21
22
SIM5
SIM1
SIM2
SIM3
SIM4
1
21
22
SIM5
SIM1
SIM2
SIM3
SIM4
1
21
22
SIM5
SIM1
SIM2
SIM3
SIM4
1
21
22
SIM5
SIM1
SIM2
SIM3
SIM4
1
21
22
SIM5
SIM1
SIM2
SIM3
SIM4
1
21
22
SIM5
SIM1
SIM2
SIM3
SIM4
1
21
22
SIM5
SIM1
SIM2
SIM3
SIM4
1
21
22
SIM5
SIM1
SIM2
SIM3
SIM4
1
21
22
SIM5
SIM1
SIM2
SIM3
SIM4
1
21
22
SIM5
SIM1
SIM2
SIM3
SIM4
1
21
22
SIM5
SIM1
SIM2
SIM3
SIM4
1
21
22
SIM5
SIM1
SIM2
SIM3
SIM4
1
21
22
SIM5
SIM1
SIM2
SIM3
SIM4
1
21
22
SIM5
SIM1
SIM2
SIM3
SIM4
1
21
22
SIM5
SIM1
SIM2
SIM3
SIM4
1
21
22
SIM5
SIM1
SIM2
SIM3
SIM4
1
21
22
SIM5
SIM1
SIM2
SIM3
SIM4
1
21
22
SIM5
SIM1
SIM2
SIM3
SIM4
1
21
22
SIM5
SIM1
SIM2
SIM3
SIM4
1
21
22
SIM5
SIM1
SIM2
SIM3
SIM4
1
21
22
SIM5
SIM1
SIM2
SIM3
SIM4
1
21
22
SIM5
SIM1
SIM2
SIM3
SIM4
1
21
22
SIM5
SIM1
SIM2
SIM3
SIM4
1
21
22
SIM5
SIM1
SIM2
SIM3
SIM4
1
21
22
SIM5
SIM1
SIM2
SIM3
SIM4
1
21
22
SIM5
SIM1
SIM2
SIM3
SIM4
1
21
22
SIM5
SIM1
SIM2
SIM3
SIM4
1
21
22
SIM5
SIM1
SIM2
SIM3
SIM4
1
21
22
SIM5
SIM1
SIM2
SIM3
SIM4
1
21
22
SIM5
SIM1
SIM2
SIM3
SIM4
1
21
22
SIM5
SIM1
SIM2
SIM3
SIM4
1
21
22
SIM5
SIM1
SIM2
SIM3
SIM4
1
21
22
SIM5
SIM1
SIM2
SIM3
SIM4
1
21
22
SIM5
SIM1
SIM2
SIM3
SIM4
1
21
22
SIM5
SIM1
SIM2
SIM3
SIM4
1
21
22
SIM5
SIM1
SIM2
SIM3
SIM4
1
21
22
SIM5
SIM1
SIM2
SIM3
SIM4
1
21
22
SIM5
SIM1
SIM2
SIM3
SIM4
1
21
22
SIM5
SIM1
SIM2
SIM3
SIM4
1
21
22
SIM5
SIM1
SIM2
SIM3
SIM4
1
21
22
SIM5
SIM1
SIM2
SIM3
SIM4
1
21
22
SIM5
SIM1
SIM2
SIM3
SIM4
1
21
22
SIM5
SIM1
SIM2
SIM3
SIM4
1
21
22
SIM5
SIM1
SIM2
SIM3
SIM4
1
21
22
SIM5
SIM1
SIM2
SIM3
SIM4
1
21
22
SIM5
SIM1
SIM2
SIM3
SIM4
1
21
22
SIM5
SIM1
SIM2
SIM3
SIM4
1
21
22
SIM5
SIM1
SIM2
SIM3
SIM4
1
21
22
SIM5
SIM1
SIM2
SIM3
SIM4
1
21
22
SIM5
SIM1
SIM2
SIM3
SIM4
1
21
22
SIM5
SIM1
SIM2
SIM3
SIM4
1
21
22
SIM5
SIM1
SIM2
SIM3
SIM4
1
21
22
SIM5
SIM1
SIM2
SIM3
SIM4
1
21
22
SIM5
SIM1
SIM2
SIM3
SIM4
1
21
22
SIM5
SIM1
SIM2
SIM3
SIM4
1
21
22
SIM5
SIM1
SIM2
SIM3
SIM4
1
21
22
SIM5
SIM1
SIM2
SIM3
SIM4
1
21
22
SIM5
SIM1
SIM2
SIM3
SIM4
1
21
22
SIM5
SIM1
SIM2
SIM3
SIM4
1
21
22
SIM5
SIM1
SIM2
SIM3
SIM4
1
21
22
SIM5
SIM1
SIM2
SIM3
SIM4
1
21
22
SIM5
SIM1
SIM2
SIM3
SIM4
1
21
22
SIM5
SIM1
SIM2
SIM3
SIM4
1
21
22
SIM5
SIM1
SIM2
SIM3
SIM4
1
21
22
SIM5
SIM1
SIM2
SIM3
SIM4
1
21
22
SIM5
SIM1
SIM2
SIM3
SIM4
1
21
22
SIM5
SIM1
SIM2
SIM3
SIM4
1
21
22
SIM5
SIM1
SIM2
SIM3
SIM4
1
21
22
SIM5
SIM1
SIM2
SIM3
SIM4
1
21
22
SIM5
SIM1
SIM2
SIM3
SIM4
1
21
22
SIM5
SIM1
SIM2
SIM3
SIM4
1
21
22
SIM5
SIM1
SIM2
SIM3
SIM4
1
21
22
SIM5
SIM1
SIM2
SIM3
SIM4
1
21
22
SIM5
SIM1
SIM2
SIM3
SIM4
1
21
22
SIM5
SIM1
SIM2
SIM3
SIM4
1
21
22
SIM5
SIM1
SIM2
SIM3
SIM4
1
21
22
SIM5
SIM1
SIM2
SIM3
SIM4
1
21
22
SIM5
SIM1
SIM2
SIM3
SIM4
1
21
22
SIM5
SIM1
SIM2
SIM3
SIM4
1
21
22
SIM5
SIM1
SIM2
SIM3
SIM4
1
21
22
SIM5
SIM1
SIM2
SIM3
SIM4
1
21
22
SIM5
SIM1
SIM2
SIM3
SIM4
1
21
22
SIM5
SIM1
SIM2
SIM3
SIM4
1
21
22
SIM5
SIM1
SIM2
SIM3
SIM4
1
21
22
SIM5
SIM1
SIM2
SIM3
SIM4
1
21
22
SIM5
SIM1
SIM2
SIM3
SIM4
1
21
22
SIM5
SIM1
SIM2
SIM3
SIM4
1
21
22
SIM5
SIM1
SIM2
SIM3
SIM4
1
21
22
SIM5
SIM1
SIM2
SIM3
SIM4
1
21
22
SIM5
SIM1
SIM2
SIM3
SIM4
1
21
22
SIM5
SIM1
SIM2
SIM3
SIM4
1
21
22
SIM5
SIM1
SIM2
SIM3
SIM4
1
21
22
SIM5
SIM1
SIM2
SIM3
SIM4
1
21
22
SIM5
SIM1
SIM2
SIM3
SIM4
1
21
22
SIM5
SIM1
SIM2
SIM3
SIM4
1
21
22
SIM5
SIM1
SIM2
SIM3
SIM4
1
21
22
SIM5
SIM1
SIM2
SIM3
SIM4
1
21
22
SIM5
SIM1
SIM2
SIM3
SIM4
1
21
22
SIM5
SIM1
SIM2
SIM3
SIM4
1
21
22
SIM5
SIM1
SIM2
SIM3
SIM4
1
21
22
SIM5
SIM1
SIM2
SIM3
SIM4
1
21
22
SIM5
SIM1
SIM2
SIM3
SIM4
1
21
22
SIM5
SIM1
SIM2
SIM3
SIM4
1
21
22
SIM5
SIM1
SIM2
SIM3
SIM4
1
21
22
SIM5
SIM1
SIM2
SIM3
SIM4
1
21
22
SIM5
SIM1
SIM2
SIM3
SIM4
1
21
22
SIM5
SIM1
SIM2
SIM3
SIM4
1
21
22
SIM5
SIM1
SIM2
SIM3
SIM4
1
21
22
SIM5
SIM1
SIM2
SIM3
SIM4
1
21
22
SIM5
SIM1
SIM2
SIM3
SIM4
1
21
22
SIM5
SIM1
SIM2
SIM3
SIM4
1
21
22
SIM5
SIM1
SIM2
SIM3
SIM4
1
21
22
SIM5
SIM1
SIM2
SIM3
SIM4
1
21
22
SIM5
SIM1
SIM2
SIM3
SIM4
1
21
22
SIM5
SIM1
SIM2
SIM3
SIM4
1
21
22
SIM5
SIM1
SIM2
SIM3
SIM4
1
21
22
SIM5
SIM1
SIM2
SIM3
SIM4
1
21
22
SIM5
SIM1
SIM2
SIM3
SIM4
1
21
22
SIM5
SIM1
SIM2
SIM3
SIM4
1
21
22
SIM5
SIM1
SIM2
SIM3
SIM4
1
21
22
SIM5
SIM1
SIM2
SIM3
SIM4
1
21
22
SIM5
SIM1
SIM2
SIM3
SIM4
1
21
22
SIM5
SIM1
SIM2
SIM3
SIM4
1
21
22
SIM5
SIM1
SIM2
SIM3
SIM4
1
21
22
SIM5
SIM1
SIM2
SIM3
SIM4
1
21
22
SIM5
SIM1
SIM2
SIM3
SIM4
1
21
22
SIM5
SIM1
SIM2
SIM3
SIM4
1
21
22
SIM5
SIM1
SIM2
SIM3
SIM4
1
21
22
SIM5
SIM1
SIM2
SIM3
SIM4
1
21
22
SIM5
SIM1
SIM2
SIM3
SIM4
1
21
22
SIM5
SIM1
SIM2
SIM3
SIM4
1
21
22
SIM5
SIM1
SIM2
SIM3
SIM4
1
21
22
SIM5
SIM1
SIM2
SIM3
SIM4
1
21
22
SIM5
SIM1
SIM2
SIM3
SIM4
1
21
22
SIM5
SIM1
SIM2
SIM3
SIM4
1
21
22
SIM5
SIM1
SIM2
SIM3
SIM4
1
21
22
SIM5
SIM1
SIM2
SIM3
SIM4
1
21
22
SIM5
SIM1
SIM2
SIM3
SIM4
1
21
22
SIM5
SIM1
SIM2
SIM3
SIM4
1
21
22
SIM5
SIM1
SIM2
SIM3
SIM4
1
21
22
SIM5
SIM1
SIM2
SIM3
SIM4
1
21
22
SIM5
SIM1
SIM2
SIM3
SIM4
1
21
22
SIM5
SIM1
SIM2
SIM3
SIM4
1
21
22
SIM5
SIM1
SIM2
SIM3
SIM4
1
21
22
SIM5
SIM1
SIM2
SIM3
SIM4
1
21
22
SIM5
SIM1
SIM2
SIM3
SIM4
1
21
22
SIM5
SIM1
SIM2
SIM3
SIM4
1
21
22
SIM5
SIM1
SIM2
SIM3
SIM4
1
21
22
SIM5
SIM1
SIM2
SIM3
SIM4
1
21
22
SIM5
SIM1
SIM2
SIM3
SIM4
1
21
22
SIM5
SIM1
SIM2
SIM3
SIM4
1
21
22
SIM5
SIM1
SIM2
SIM3
SIM4
1
21
22
SIM5
SIM1
SIM2
SIM3
SIM4
1
21
22
SIM5
SIM1
SIM2
SIM3
SIM4
1
21
22
SIM5
SIM1
SIM2
SIM3
SIM4
1
21
22
SIM5
SIM1
SIM2
SIM3
SIM4
1
21
22
SIM5
SIM1
SIM2
SIM3
SIM4
1
21
22
SIM5
SIM1
SIM2
SIM3
SIM4
1
21
22
SIM5
SIM1
SIM2
SIM3
SIM4
1
21
22
SIM5
SIM1
SIM2
SIM3
SIM4
1
21
22
SIM5
SIM1
SIM2
SIM3
SIM4
1
21
22
SIM5
SIM1
SIM2
SIM3
SIM4
1
21
22
SIM5
SIM1
SIM2
SIM3
SIM4
1
21
22
SIM5
SIM1
SIM2
SIM3
SIM4
1
21
22
SIM5
SIM1
SIM2
SIM3
SIM4
1
21
22
SIM5
SIM1
SIM2
SIM3
SIM4
1
21
22
SIM5
SIM1
SIM2
SIM3
SIM4
1
21
22
SIM5
SIM1
SIM2
SIM3
SIM4
1
21
22
SIM5
SIM1
SIM2
SIM3
SIM4
1
21
22
SIM5
SIM1
SIM2
SIM3
SIM4
1
21
22
SIM5
SIM1
SIM2
SIM3
SIM4
1
21
22
SIM5
SIM1
SIM2
SIM3
SIM4
1
21
22
SIM5
SIM1
SIM2
SIM3
SIM4
1
21
22
SIM5
SIM1
SIM2
SIM3
SIM4
1
21
22
SIM5
SIM1
SIM2
SIM3
SIM4
1
21
22
SIM5
SIM1
SIM2
SIM3
SIM4
1
21
22
SIM5
SIM1
SIM2
SIM3
SIM4
1
21
22
SIM5
SIM1
SIM2
SIM3
SIM4
1
21
22
SIM5
SIM1
SIM2
SIM3
SIM4
1
21
22
SIM5
SIM1
SIM2
SIM3
SIM4
1
21
22
SIM5
SIM1
SIM2
SIM3
SIM4
1
21
22
SIM5
SIM1
SIM2
SIM3
SIM4
1
21
22
SIM5
SIM1
SIM2
SIM3
SIM4
1
21
22
SIM5
SIM1
SIM2
SIM3
SIM4
1
21
22
SIM5
SIM1
SIM2
SIM3
SIM4
1
21
22
SIM5
SIM1
SIM2
SIM3
SIM4
1
21
22
SIM5
SIM1
SIM2
DEBUG 1 28
SIM1
SIM2
SIM3
SIM4
1
21
22
SIM5
SIM1
SIM2
SIM3
SIM4
1
21
22
SIM5
SIM1
SIM2
SIM3
SIM4
1
21
22
SIM5
SIM1
SIM2
SIM3
SIM4
1
21
22
SIM5
SIM1
SIM2
SIM3
SIM4
1
21
22
SIM5
SIM1
SIM2
SIM3
SIM4
1
21
22
SIM5
SIM1
SIM2
SIM3
SIM4
1
21
22
SIM5
SIM1
SIM2
SIM3
SIM4
1
21
22
SIM5
SIM1
SIM2
SIM3
SIM4
1
21
22
SIM5
SIM1
SIM2
SIM3
SIM4
1
21
22
SIM5
SIM1
SIM2
SIM3
SIM4
1
21
22
SIM5
SIM1
SIM2
SIM3
SIM4
1
21
22
SIM5
SIM1
SIM2
SIM3
SIM4
1
21
22
SIM5
SIM1
SIM2
SIM3
SIM4
1
21
22
SIM5
SIM1
SIM2
SIM3
SIM4
1
21
22
SIM5
SIM1
SIM2
SIM3
SIM4
1
21
22
SIM5
SIM1
SIM2
SIM3
SIM4
1
21
22
SIM5
SIM1
SIM2
SIM3
SIM4
1
21
22
SIM5
SIM1
SIM2
SIM3
SIM4
1
21
22
SIM5
SIM1
SIM2
SIM3
SIM4
1
21
22
SIM5
SIM1
SIM2
SIM3
SIM4
1
21
22
SIM5
SIM1
SIM2
SIM3
SIM4
1
21
22
SIM5
SIM1
SIM2
SIM3
SIM4
1
21
22
SIM5
SIM1
SIM2
SIM3
SIM4
1
21
22
SIM5
SIM1
SIM2
SIM3
SIM4
1
21
22
SIM5
SIM1
SIM2
SIM3
SIM4
1
21
22
SIM5
SIM1
SIM2
SIM3
SIM4
1
21
22
SIM5
SIM1
SIM2
SIM3
SIM4
1
21
22
SIM5
SIM1
SIM2
SIM3
SIM4
1
21
22
SIM5
SIM1
SIM2
SIM3
SIM4
1
21
22
SIM5
SIM1
SIM2
SIM3
SIM4
1
21
22
SIM5
SIM1
SIM2
SIM3
SIM4
1
21
22
SIM5
SIM1
SIM2
SIM3
SIM4
1
21
22
SIM5
SIM1
SIM2
SIM3
SIM4
1
21
22
SIM5
SIM1
SIM2
SIM3
SIM4
1
21
22
SIM5
SIM1
SIM2
SIM3
SIM4
1
21
22
SIM5
SIM1
SIM2
SIM3
SIM4
1
21
22
SIM5
SIM1
SIM2
SIM3
SIM4
1
21
22
SIM5
SIM1
SIM2
SIM3
SIM4
1
21
22
SIM5
SIM1
SIM2
SIM3
SIM4
1
21
22
SIM5
SIM1
SIM2
SIM3
SIM4
1
21
22
SIM5
SIM1
SIM2
SIM3
SIM4
1
21
22
SIM5
SIM1
SIM2
SIM3
SIM4
1
21
22
SIM5
SIM1
SIM2
SIM3
SIM4
1
21
22
SIM5
SIM1
SIM2
SIM3
SIM4
1
21
22
SIM5
SIM1
SIM2
SIM3
SIM4
1
21
22
SIM5
SIM1
SIM2
SIM3
SIM4
1
21
22
SIM5
SIM1
SIM2
SIM3
SIM4
1
21
22
SIM5
SIM1
SIM2
SIM3
SIM4
1
21
22
SIM5
SIM1
SIM2
SIM3
SIM4
1
21
22
SIM5
SIM1
SIM2
SIM3
SIM4
1
21
22
SIM5
SIM1
SIM2
SIM3
SIM4
1
21
22
SIM5
SIM1
SIM2
SIM3
SIM4
1
21
22
SIM5
SIM1
SIM2
SIM3
SIM4
1
21
22
SIM5
SIM1
SIM2
SIM3
SIM4
1
21
22
SIM5
SIM1
SIM2
SIM3
SIM4
1
21
22
SIM5
SIM1
SIM2
SIM3
SIM4
1
21
22
SIM5
SIM1
SIM2
SIM3
SIM4
1
21
22
SIM5
SIM1
SIM2
SIM3
SIM4
1
21
22
SIM5
SIM1
SIM2
SIM3
SIM4
1
21
22
SIM5
SIM1
SIM2
SIM3
SIM4
1
21
22
SIM5
SIM1
SIM2
SIM3
SIM4
1
21
22
SIM5
SIM1
SIM2
SIM3
SIM4
1
21
22
SIM5
SIM1
SIM2
SIM3
SIM4
1
21
22
SIM5
SIM1
SIM2
SIM3
SIM4
1
21
22
SIM5
SIM1
SIM2
SIM3
SIM4
1
21
22
SIM5
SIM1
SIM2
SIM3
SIM4
1
21
22
SIM5
SIM1
SIM2
SIM3
SIM4
1
21
22
SIM5
SIM1
SIM2
SIM3
SIM4
1
21
22
SIM5
SIM1
SIM2
SIM3
SIM4
1
21
22
SIM5
SIM1
SIM2
SIM3
SIM4
1
21
22
SIM5
SIM1
SIM2
SIM3
SIM4
1
21
22
SIM5
SIM1
SIM2
SIM3
SIM4
1
21
22
SIM5
SIM1
SIM2
SIM3
SIM4
1
21
22
SIM5
SIM1
SIM2
SIM3
SIM4
1
21
22
SIM5
SIM1
SIM2
SIM3
SIM4
1
21
22
SIM5
SIM1
SIM2
SIM3
SIM4
1
21
22
SIM5
SIM1
SIM2
SIM3
SIM4
1
21
22
SIM5
SIM1
SIM2
SIM3
SIM4
1
21
22
SIM5
SIM1
SIM2
SIM3
SIM4
1
21
22
SIM5
SIM1
SIM2
SIM3
SIM4
1
21
22
SIM5
SIM1
SIM2
SIM3
SIM4
1
21
22
SIM5
SIM1
SIM2
SIM3
SIM4
1
21
22
SIM5
SIM1
SIM2
SIM3
SIM4
1
21
22
SIM5
SIM1
SIM2
SIM3
SIM4
1
21
22
SIM5
SIM1
SIM2
SIM3
SIM4
1
21
22
SIM5
SIM1
SIM2
SIM3
SIM4
1
21
22
SIM5
SIM1
SIM2
SIM3
SIM4
1
21
22
SIM5
SIM1
SIM2
SIM3
SIM4
1
21
22
SIM5
SIM1
SIM2
SIM3
SIM4
1
21
22
SIM5
SIM1
SIM2
SIM3
SIM4
1
21
22
SIM5
SIM1
SIM2
SIM3
SIM4
1
21
22
SIM5
SIM1
SIM2
SIM3
SIM4
1
21
22
SIM5
SIM1
SIM2
SIM3
SIM4
1
21
22
SIM5
SIM1
SIM2
SIM3
SIM4
1
21
22
SIM5
SIM1
SIM2
SIM3
SIM4
1
21
22
SIM5
SIM1
SIM2
SIM3
SIM4
1
21
22
SIM5
SIM1
SIM2
SIM3
SIM4
1
21
22
SIM5
SIM1
SIM2
SIM3
SIM4
1
21
22
SIM5
SIM1
SIM2
SIM3
SIM4
1
21
22
SIM5
SIM1
SIM2
SIM3
SIM4
1
21
22
SIM5
SIM1
SIM2
SIM3
SIM4
1
21
22
SIM5
SIM1
SIM2
SIM3
SIM4
1
21
22
SIM5
SIM1
SIM2
SIM3
SIM4
1
21
22
SIM5
SIM1
SIM2
SIM3
SIM4
1
21
22
SIM5
SIM1
SIM2
SIM3
SIM4
1
21
22
SIM5
SIM1
SIM2
SIM3
SIM4
1
21
22
SIM5
SIM1
SIM2
SIM3
SIM4
1
21
22
SIM5
SIM1
SIM2
SIM3
SIM4
1
21
22
SIM5
SIM1
SIM2
SIM3
SIM4
1
21
22
SIM5
SIM1
SIM2
SIM3
SIM4
1
21
22
SIM5
SIM1
SIM2
SIM3
SIM4
1
21
22
SIM5
SIM1
SIM2
SIM3
SIM4
1
21
22
SIM5
SIM1
SIM2
SIM3
SIM4
1
21
22
SIM5
SIM1
SIM2
SIM3
SIM4
1
21
22
SIM5
SIM1
SIM2
SIM3
SIM4
1
21
22
SIM5
SIM1
SIM2
SIM3
SIM4
1
21
22
SIM5
SIM1
SIM2
SIM3
SIM4
1
21
22
SIM5
SIM1
SIM2
SIM3
SIM4
1
21
22
SIM5
SIM1
SIM2
SIM3
SIM4
1
21
22
SIM5
SIM1
SIM2
SIM3
SIM4
1
21
22
SIM5
SIM1
SIM2
SIM3
SIM4
1
21
22
SIM5
SIM1
SIM2
SIM3
SIM4
1
21
22
SIM5
SIM1
SIM2
SIM3
SIM4
1
21
22
SIM5
SIM1
SIM2
SIM3
SIM4
1
21
22
SIM5
SIM1
SIM2
SIM3
SIM4
1
21
22
SIM5
SIM1
SIM2
SIM3
SIM4
1
21
22
SIM5
SIM1
SIM2
SIM3
SIM4
1
21
22
SIM5
SIM1
SIM2
SIM3
SIM4
1
21
22
SIM5
SIM1
SIM2
SIM3
SIM4
1
21
22
SIM5
SIM1
SIM2
SIM3
SIM4
1
21
22
SIM5
SIM1
SIM2
SIM3
SIM4
1
21
22
SIM5
SIM1
SIM2
SIM3
SIM4
1
21
22
SIM5
SIM1
SIM2
SIM3
SIM4
1
21
22
SIM5
SIM1
SIM2
SIM3
SIM4
1
21
22
SIM5
SIM1
SIM2
SIM3
SIM4
1
21
22
SIM5
SIM1
SIM2
SIM3
SIM4
1
21
22
SIM5
SIM1
SIM2
SIM3
SIM4
1
21
22
SIM5
SIM1
SIM2
SIM3
SIM4
1
21
22
SIM5
SIM1
SIM2
SIM3
SIM4
1
21
22
SIM5
SIM1
SIM2
SIM3
SIM4
1
21
22
SIM5
SIM1
SIM2
SIM3
SIM4
1
21
22
SIM5
SIM1
SIM2
SIM3
SIM4
1
21
22
SIM5
SIM1
SIM2
SIM3
SIM4
1
21
22
SIM5
SIM1
SIM2
SIM3
SIM4
1
21
22
SIM5
SIM1
SIM2
SIM3
SIM4
1
21
22
SIM5
SIM1
SIM2
SIM3
SIM4
1
21
22
SIM5
SIM1
SIM2
SIM3
SIM4
1
21
22
SIM5
SIM1
SIM2
SIM3
SIM4
1
21
22
SIM5
SIM1
SIM2
SIM3
SIM4
1
21
22
SIM5
SIM1
SIM2
SIM3
SIM4
1
21
22
SIM5
SIM1
SIM2
SIM3
SIM4
1
21
22
SIM5
SIM1
SIM2
SIM3
SIM4
1
21
22
SIM5
SIM1
SIM2
SIM3
SIM4
1
21
22
SIM5
SIM1
SIM2
SIM3
SIM4
1
21
22
SIM5
SIM1
SIM2
SIM3
SIM4
1
21
22
SIM5
SIM1
SIM2
SIM3
SIM4
1
21
22
SIM5
SIM1
SIM2
SIM3
SIM4
1
21
22
SIM5
SIM1
SIM2
SIM3
SIM4
1
21
22
SIM5
SIM1
SIM2
SIM3
SIM4
1
21
22
SIM5
SIM1
SIM2
SIM3
SIM4
1
21
22
SIM5
SIM1
SIM2
SIM3
SIM4
1
21
22
SIM5
SIM1
SIM2
SIM3
SIM4
1
21
22
SIM5
SIM1
SIM2
SIM3
SIM4
1
21
22
SIM5
SIM1
SIM2
SIM3
SIM4
1
21
22
SIM5
SIM1
SIM2
SIM3
SIM4
1
21
22
SIM5
SIM1
SIM2
SIM3
SIM4
1
21
22
SIM5
SIM1
SIM2
SIM3
SIM4
1
21
22
SIM5
SIM1
SIM2
SIM3
SIM4
1
21
22
SIM5
SIM1
SIM2
SIM3
SIM4
1
21
22
SIM5
SIM1
SIM2
SIM3
SIM4
1
21
22
SIM5
SIM1
SIM2
SIM3
SIM4
1
21
22
SIM5
SIM1
SIM2
SIM3
SIM4
1
21
22
SIM5
SIM1
SIM2
SIM3
SIM4
1
21
22
SIM5
SIM1
SIM2
SIM3
SIM4
1
21
22
SIM5
SIM1
SIM2
SIM3
SIM4
1
21
22
SIM5
SIM1
SIM2
SIM3
SIM4
1
21
22
SIM5
SIM1
SIM2
SIM3
SIM4
1
21
22
SIM5
SIM1
SIM2
SIM3
SIM4
1
21
22
SIM5
SIM1
SIM2
SIM3
SIM4
1
21
22
SIM5
SIM1
SIM2
SIM3
SIM4
1
21
22
SIM5
SIM1
SIM2
SIM3
SIM4
1
21
22
SIM5
SIM1
SIM2
SIM3
SIM4
1
21
22
SIM5
SIM1
SIM2
SIM3
SIM4
1
21
22
SIM5
SIM1
SIM2
SIM3
SIM4
1
21
22
SIM5
SIM1
SIM2
SIM3
SIM4
1
21
22
SIM5
SIM1
SIM2
SIM3
SIM4
1
21
22
SIM5
SIM1
SIM2
SIM3
SIM4
1
21
22
SIM5
SIM1
SIM2
SIM3
SIM4
1
21
22
SIM5
SIM1
SIM2
SIM3
SIM4
1
21
22
SIM5
SIM1
SIM2
SIM3
SIM4
1
21
22
SIM5
SIM1
SIM2
SIM3
SIM4
1
21
22
SIM5
SIM1
SIM2
SIM3
SIM4
1
21
22
SIM5
SIM1
SIM2
SIM3
SIM4
1
21
22
SIM5
SIM1
SIM2
SIM3
SIM4
1
21
22
SIM5
SIM1
SIM2
SIM3
SIM4
1
21
22
SIM5
SIM1
SIM2
SIM3
SIM4
1
21
22
SIM5
SIM1
SIM2
SIM3
SIM4
1
21
22
SIM5
SIM1
SIM2
SIM3
SIM4
1
21
22
SIM5
SIM1
SIM2
SIM3
SIM4
1
21
22
SIM5
SIM1
SIM2
SIM3
SIM4
1
21
22
SIM5
SIM1
SIM2
SIM3
SIM4
1
21
22
SIM5
SIM1
SIM2
SIM3
SIM4
1
21
22
SIM5
SIM1
SIM2
SIM3
SIM4
1
21
22
SIM5
SIM1
SIM2
SIM3
SIM4
1
21
22
SIM5
SIM1
SIM2
SIM3
SIM4
1
21
22
SIM5
SIM1
SIM2
SIM3
SIM4
1
21
22
SIM5
SIM1
SIM2
SIM3
SIM4
1
21
22
SIM5
SIM1
SIM2
SIM3
SIM4
1
21
22
SIM5
SIM1
SIM2
SIM3
SIM4
1
21
22
SIM5
SIM1
SIM2
SIM3
SIM4
1
21
22
SIM5
SIM1
SIM2
SIM3
SIM4
1
21
22
SIM5
SIM1
SIM2
SIM3
SIM4
1
21
22
SIM5
SIM1
SIM2
SIM3
SIM4
1
21
22
SIM5
SIM1
SIM2
SIM3
SIM4
1
21
22
SIM5
SIM1
SIM2
SIM3
SIM4
1
21
22
SIM5
SIM1
SIM2
SIM3
SIM4
1
21
22
SIM5
SIM1
SIM2
SIM3
SIM4
1
21
22
SIM5
SIM1
SIM2
SIM3
SIM4
1
21
22
SIM5
SIM1
SIM2
SIM3
SIM4
1
21
22
SIM5
SIM1
SIM2
SIM3
SIM4
1
21
22
SIM5
SIM1
SIM2
SIM3
SIM4
1
21
22
SIM5
SIM1
SIM2
SIM3
SIM4
1
21
22
SIM5
SIM1
SIM2
SIM3
SIM4
1
21
22
SIM5
SIM1
SIM2
SIM3
SIM4
1
21
22
SIM5
SIM1
SIM2
SIM3
SIM4
1
21
22
SIM5
SIM1
SIM2
SIM3
SIM4
1
21
22
SIM5
SIM1
SIM2
SIM3
SIM4
1
21
22
SIM5
SIM1
SIM2
SIM3
SIM4
1
21
22
SIM5
SIM1
SIM2
SIM3
SIM4
1
21
22
SIM5
SIM1
SIM2
SIM3
SIM4
1
21
22
SIM5
SIM1
SIM2
SIM3
SIM4
1
21
22
SIM5
SIM1
SIM2
DEBUG 1 29
SIM1
SIM2
SIM3
SIM4
1
21
22
SIM5
SIM1
SIM2
SIM3
SIM4
1
21
22
SIM5
SIM1
SIM2
SIM3
SIM4
1
21
22
SIM5
SIM1
SIM2
SIM3
SIM4
1
21
22
SIM5
SIM1
SIM2
SIM3
SIM4
1
21
22
SIM5
SIM1
SIM2
SIM3
SIM4
1
21
22
SIM5
SIM1
SIM2
SIM3
SIM4
1
21
22
SIM5
SIM1
SIM2
SIM3
SIM4
1
21
22
SIM5
SIM1
SIM2
SIM3
SIM4
1
21
22
SIM5
SIM1
SIM2
SIM3
SIM4
1
21
22
SIM5
SIM1
SIM2
SIM3
SIM4
1
21
22
SIM5
SIM1
SIM2
SIM3
SIM4
1
21
22
SIM5
SIM1
SIM2
SIM3
SIM4
1
21
22
SIM5
SIM1
SIM2
SIM3
SIM4
1
21
22
SIM5
SIM1
SIM2
SIM3
SIM4
1
21
22
SIM5
SIM1
SIM2
SIM3
SIM4
1
21
22
SIM5
SIM1
SIM2
SIM3
SIM4
1
21
22
SIM5
SIM1
SIM2
SIM3
SIM4
1
21
22
SIM5
SIM1
SIM2
SIM3
SIM4
1
21
22
SIM5
SIM1
SIM2
SIM3
SIM4
1
21
22
SIM5
SIM1
SIM2
SIM3
SIM4
1
21
22
SIM5
SIM1
SIM2
SIM3
SIM4
1
21
22
SIM5
SIM1
SIM2
SIM3
SIM4
1
21
22
SIM5
SIM1
SIM2
SIM3
SIM4
1
21
22
SIM5
SIM1
SIM2
SIM3
SIM4
1
21
22
SIM5
SIM1
SIM2
SIM3
SIM4
1
21
22
SIM5
SIM1
SIM2
SIM3
SIM4
1
21
22
SIM5
SIM1
SIM2
SIM3
SIM4
1
21
22
SIM5
SIM1
SIM2
SIM3
SIM4
1
21
22
SIM5
SIM1
SIM2
SIM3
SIM4
1
21
22
SIM5
SIM1
SIM2
SIM3
SIM4
1
21
22
SIM5
SIM1
SIM2
SIM3
SIM4
1
21
22
SIM5
SIM1
SIM2
SIM3
SIM4
1
21
22
SIM5
SIM1
SIM2
SIM3
SIM4
1
21
22
SIM5
SIM1
SIM2
SIM3
SIM4
1
21
22
SIM5
SIM1
SIM2
SIM3
SIM4
1
21
22
SIM5
SIM1
SIM2
SIM3
SIM4
1
21
22
SIM5
SIM1
SIM2
SIM3
SIM4
1
21
22
SIM5
SIM1
SIM2
SIM3
SIM4
1
21
22
SIM5
SIM1
SIM2
SIM3
SIM4
1
21
22
SIM5
SIM1
SIM2
SIM3
SIM4
1
21
22
SIM5
SIM1
SIM2
SIM3
SIM4
1
21
22
SIM5
SIM1
SIM2
SIM3
SIM4
1
21
22
SIM5
SIM1
SIM2
SIM3
SIM4
1
21
22
SIM5
SIM1
SIM2
SIM3
SIM4
1
21
22
SIM5
SIM1
SIM2
SIM3
SIM4
1
21
22
SIM5
SIM1
SIM2
SIM3
SIM4
1
21
22
SIM5
SIM1
SIM2
SIM3
SIM4
1
21
22
SIM5
SIM1
SIM2
SIM3
SIM4
1
21
22
SIM5
SIM1
SIM2
SIM3
SIM4
1
21
22
SIM5
SIM1
SIM2
SIM3
SIM4
1
21
22
SIM5
SIM1
SIM2
SIM3
SIM4
1
21
22
SIM5
SIM1
SIM2
SIM3
SIM4
1
21
22
SIM5
SIM1
SIM2
SIM3
SIM4
1
21
22
SIM5
SIM1
SIM2
SIM3
SIM4
1
21
22
SIM5
SIM1
SIM2
SIM3
SIM4
1
21
22
SIM5
SIM1
SIM2
SIM3
SIM4
1
21
22
SIM5
SIM1
SIM2
SIM3
SIM4
1
21
22
SIM5
SIM1
SIM2
SIM3
SIM4
1
21
22
SIM5
SIM1
SIM2
SIM3
SIM4
1
21
22
SIM5
SIM1
SIM2
SIM3
SIM4
1
21
22
SIM5
SIM1
SIM2
SIM3
SIM4
1
21
22
SIM5
SIM1
SIM2
SIM3
SIM4
1
21
22
SIM5
SIM1
SIM2
SIM3
SIM4
1
21
22
SIM5
SIM1
SIM2
SIM3
SIM4
1
21
22
SIM5
SIM1
SIM2
SIM3
SIM4
1
21
22
SIM5
SIM1
SIM2
SIM3
SIM4
1
21
22
SIM5
SIM1
SIM2
SIM3
SIM4
1
21
22
SIM5
SIM1
SIM2
SIM3
SIM4
1
21
22
SIM5
SIM1
SIM2
SIM3
SIM4
1
21
22
SIM5
SIM1
SIM2
SIM3
SIM4
1
21
22
SIM5
SIM1
SIM2
SIM3
SIM4
1
21
22
SIM5
SIM1
SIM2
SIM3
SIM4
1
21
22
SIM5
SIM1
SIM2
SIM3
SIM4
1
21
22
SIM5
SIM1
SIM2
SIM3
SIM4
1
21
22
SIM5
SIM1
SIM2
SIM3
SIM4
1
21
22
SIM5
SIM1
SIM2
SIM3
SIM4
1
21
22
SIM5
SIM1
SIM2
SIM3
SIM4
1
21
22
SIM5
SIM1
SIM2
SIM3
SIM4
1
21
22
SIM5
SIM1
SIM2
SIM3
SIM4
1
21
22
SIM5
SIM1
SIM2
SIM3
SIM4
1
21
22
SIM5
SIM1
SIM2
SIM3
SIM4
1
21
22
SIM5
SIM1
SIM2
SIM3
SIM4
1
21
22
SIM5
SIM1
SIM2
SIM3
SIM4
1
21
22
SIM5
SIM1
SIM2
SIM3
SIM4
1
21
22
SIM5
SIM1
SIM2
SIM3
SIM4
1
21
22
SIM5
SIM1
SIM2
SIM3
SIM4
1
21
22
SIM5
SIM1
SIM2
SIM3
SIM4
1
21
22
SIM5
SIM1
SIM2
SIM3
SIM4
1
21
22
SIM5
SIM1
SIM2
SIM3
SIM4
1
21
22
SIM5
SIM1
SIM2
SIM3
SIM4
1
21
22
SIM5
SIM1
SIM2
SIM3
SIM4
1
21
22
SIM5
SIM1
SIM2
SIM3
SIM4
1
21
22
SIM5
SIM1
SIM2
SIM3
SIM4
1
21
22
SIM5
SIM1
SIM2
SIM3
SIM4
1
21
22
SIM5
SIM1
SIM2
SIM3
SIM4
1
21
22
SIM5
SIM1
SIM2
SIM3
SIM4
1
21
22
SIM5
SIM1
SIM2
SIM3
SIM4
1
21
22
SIM5
SIM1
SIM2
SIM3
SIM4
1
21
22
SIM5
SIM1
SIM2
SIM3
SIM4
1
21
22
SIM5
SIM1
SIM2
SIM3
SIM4
1
21
22
SIM5
SIM1
SIM2
SIM3
SIM4
1
21
22
SIM5
SIM1
SIM2
SIM3
SIM4
1
21
22
SIM5
SIM1
SIM2
SIM3
SIM4
1
21
22
SIM5
SIM1
SIM2
SIM3
SIM4
1
21
22
SIM5
SIM1
SIM2
SIM3
SIM4
1
21
22
SIM5
SIM1
SIM2
SIM3
SIM4
1
21
22
SIM5
SIM1
SIM2
SIM3
SIM4
1
21
22
SIM5
SIM1
SIM2
SIM3
SIM4
1
21
22
SIM5
SIM1
SIM2
SIM3
SIM4
1
21
22
SIM5
SIM1
SIM2
SIM3
SIM4
1
21
22
SIM5
SIM1
SIM2
SIM3
SIM4
1
21
22
SIM5
SIM1
SIM2
SIM3
SIM4
1
21
22
SIM5
SIM1
SIM2
DEBUG 1 30
SIM1
SIM2
SIM3
SIM4
1
21
22
SIM5
SIM1
SIM2
SIM3
SIM4
1
21
22
SIM5
SIM1
SIM2
SIM3
SIM4
1
21
22
SIM5
SIM1
SIM2
SIM3
SIM4
1
21
22
SIM5
SIM1
SIM2
SIM3
SIM4
1
21
22
SIM5
SIM1
SIM2
SIM3
SIM4
1
21
22
SIM5
SIM1
SIM2
SIM3
SIM4
1
21
22
SIM5
SIM1
SIM2
SIM3
SIM4
1
21
22
SIM5
SIM1
SIM2
SIM3
SIM4
1
21
22
SIM5
SIM1
SIM2
SIM3
SIM4
1
21
22
SIM5
SIM1
SIM2
SIM3
SIM4
1
21
22
SIM5
SIM1
SIM2
SIM3
SIM4
1
21
22
SIM5
SIM1
SIM2
SIM3
SIM4
1
21
22
SIM5
SIM1
SIM2
SIM3
SIM4
1
21
22
SIM5
SIM1
SIM2
SIM3
SIM4
1
21
22
SIM5
SIM1
SIM2
SIM3
SIM4
1
21
22
SIM5
SIM1
SIM2
SIM3
SIM4
1
21
22
SIM5
SIM1
SIM2
SIM3
SIM4
1
21
22
SIM5
SIM1
SIM2
SIM3
SIM4
1
21
22
SIM5
SIM1
SIM2
SIM3
SIM4
1
21
22
SIM5
SIM1
SIM2
SIM3
SIM4
1
21
22
SIM5
SIM1
SIM2
SIM3
SIM4
1
21
22
SIM5
SIM1
SIM2
SIM3
SIM4
1
21
22
SIM5
SIM1
SIM2
SIM3
SIM4
1
21
22
SIM5
SIM1
SIM2
SIM3
SIM4
1
21
22
SIM5
SIM1
SIM2
SIM3
SIM4
1
21
22
SIM5
SIM1
SIM2
SIM3
SIM4
1
21
22
SIM5
SIM1
SIM2
SIM3
SIM4
1
21
22
SIM5
SIM1
SIM2
SIM3
SIM4
1
21
22
SIM5
SIM1
SIM2
SIM3
SIM4
1
21
22
SIM5
SIM1
SIM2
SIM3
SIM4
1
21
22
SIM5
SIM1
SIM2
SIM3
SIM4
1
21
22
SIM5
SIM1
SIM2
SIM3
SIM4
1
21
22
SIM5
SIM1
SIM2
SIM3
SIM4
1
21
22
SIM5
SIM1
SIM2
SIM3
SIM4
1
21
22
SIM5
SIM1
SIM2
SIM3
SIM4
1
21
22
SIM5
SIM1
SIM2
SIM3
SIM4
1
21
22
SIM5
SIM1
SIM2
SIM3
SIM4
1
21
22
SIM5
SIM1
SIM2
SIM3
SIM4
1
21
22
SIM5
SIM1
SIM2
SIM3
SIM4
1
21
22
SIM5
SIM1
SIM2
SIM3
SIM4
1
21
22
SIM5
SIM1
SIM2
SIM3
SIM4
1
21
22
SIM5
SIM1
SIM2
SIM3
SIM4
1
21
22
SIM5
SIM1
SIM2
SIM3
SIM4
1
21
22
SIM5
SIM1
SIM2
SIM3
SIM4
1
21
22
SIM5
SIM1
SIM2
SIM3
SIM4
1
21
22
SIM5
SIM1
SIM2
SIM3
SIM4
1
21
22
SIM5
SIM1
SIM2
SIM3
SIM4
1
21
22
SIM5
SIM1
SIM2
SIM3
SIM4
1
21
22
SIM5
SIM1
SIM2
SIM3
SIM4
1
21
22
SIM5
SIM1
SIM2
SIM3
SIM4
1
21
22
SIM5
SIM1
SIM2
SIM3
SIM4
1
21
22
SIM5
SIM1
SIM2
SIM3
SIM4
1
21
22
SIM5
SIM1
SIM2
SIM3
SIM4
1
21
22
SIM5
SIM1
SIM2
SIM3
SIM4
1
21
22
SIM5
SIM1
SIM2
SIM3
SIM4
1
21
22
SIM5
SIM1
SIM2
SIM3
SIM4
1
21
22
SIM5
SIM1
SIM2
SIM3
SIM4
1
21
22
SIM5
SIM1
SIM2
SIM3
SIM4
1
21
22
SIM5
SIM1
SIM2
SIM3
SIM4
1
21
22
SIM5
SIM1
SIM2
SIM3
SIM4
1
21
22
SIM5
SIM1
SIM2
SIM3
SIM4
1
21
22
SIM5
SIM1
SIM2
SIM3
SIM4
1
21
22
SIM5
SIM1
SIM2
SIM3
SIM4
1
21
22
SIM5
SIM1
SIM2
SIM3
SIM4
1
21
22
SIM5
SIM1
SIM2
SIM3
SIM4
1
21
22
SIM5
SIM1
SIM2
SIM3
SIM4
1
21
22
SIM5
SIM1
SIM2
SIM3
SIM4
1
21
22
SIM5
SIM1
SIM2
SIM3
SIM4
1
21
22
SIM5
SIM1
SIM2
SIM3
SIM4
1
21
22
SIM5
SIM1
SIM2
SIM3
SIM4
1
21
22
SIM5
SIM1
SIM2
SIM3
SIM4
1
21
22
SIM5
SIM1
SIM2
SIM3
SIM4
1
21
22
SIM5
SIM1
SIM2
SIM3
SIM4
1
21
22
SIM5
SIM1
SIM2
SIM3
SIM4
1
21
22
SIM5
SIM1
SIM2
SIM3
SIM4
1
21
22
SIM5
SIM1
SIM2
SIM3
SIM4
1
21
22
SIM5
SIM1
SIM2
SIM3
SIM4
1
21
22
SIM5
SIM1
SIM2
SIM3
SIM4
1
21
22
SIM5
SIM1
SIM2
SIM3
SIM4
1
21
22
SIM5
SIM1
SIM2
SIM3
SIM4
1
21
22
SIM5
SIM1
SIM2
SIM3
SIM4
1
21
22
SIM5
SIM1
SIM2
SIM3
SIM4
1
21
22
SIM5
SIM1
SIM2
SIM3
SIM4
1
21
22
SIM5
SIM1
SIM2
SIM3
SIM4
1
21
22
SIM5
SIM1
SIM2
SIM3
SIM4
1
21
22
SIM5
SIM1
SIM2
SIM3
SIM4
1
21
22
SIM5
SIM1
SIM2
SIM3
SIM4
1
21
22
SIM5
SIM1
SIM2
SIM3
SIM4
1
21
22
SIM5
SIM1
SIM2
SIM3
SIM4
1
21
22
SIM5
SIM1
SIM2
SIM3
SIM4
1
21
22
SIM5
SIM1
SIM2
SIM3
SIM4
1
21
22
SIM5
SIM1
SIM2
SIM3
SIM4
1
21
22
SIM5
SIM1
SIM2
SIM3
SIM4
1
21
22
SIM5
SIM1
SIM2
SIM3
SIM4
1
21
22
SIM5
SIM1
SIM2
SIM3
SIM4
1
21
22
SIM5
SIM1
SIM2
SIM3
SIM4
1
21
22
SIM5
SIM1
SIM2
SIM3
SIM4
1
21
22
SIM5
SIM1
SIM2
SIM3
SIM4
1
21
22
SIM5
SIM1
SIM2
SIM3
SIM4
1
21
22
SIM5
SIM1
SIM2
SIM3
SIM4
1
21
22
SIM5
SIM1
SIM2
SIM3
SIM4
1
21
22
SIM5
SIM1
SIM2
SIM3
SIM4
1
21
22
SIM5
SIM1
SIM2
SIM3
SIM4
1
21
22
SIM5
SIM1
SIM2
SIM3
SIM4
1
21
22
SIM5
SIM1
SIM2
SIM3
SIM4
1
21
22
SIM5
SIM1
SIM2
SIM3
SIM4
1
21
22
SIM5
SIM1
SIM2
SIM3
SIM4
1
21
22
SIM5
SIM1
SIM2
SIM3
SIM4
1
21
22
SIM5
SIM1
SIM2
SIM3
SIM4
1
21
22
SIM5
SIM1
SIM2
SIM3
SIM4
1
21
22
SIM5
SIM1
SIM2
SIM3
SIM4
1
21
22
SIM5
SIM1
SIM2
SIM3
SIM4
1
21
22
SIM5
SIM1
SIM2
SIM3
SIM4
1
21
22
SIM5
SIM1
SIM2
SIM3
SIM4
1
21
22
SIM5
SIM1
SIM2
SIM3
SIM4
1
21
22
SIM5
SIM1
SIM2
SIM3
SIM4
1
21
22
SIM5
SIM1
SIM2
SIM3
SIM4
1
21
22
SIM5
SIM1
SIM2
SIM3
SIM4
1
21
22
SIM5
SIM1
SIM2
SIM3
SIM4
1
21
22
SIM5
SIM1
SIM2
SIM3
SIM4
1
21
22
SIM5
SIM1
SIM2
SIM3
SIM4
1
21
22
SIM5
SIM1
SIM2
SIM3
SIM4
1
21
22
SIM5
SIM1
SIM2
SIM3
SIM4
1
21
22
SIM5
SIM1
SIM2
SIM3
SIM4
1
21
22
SIM5
SIM1
SIM2
SIM3
SIM4
1
21
22
SIM5
SIM1
SIM2
SIM3
SIM4
1
21
22
SIM5
SIM1
SIM2
SIM3
SIM4
1
21
22
SIM5
SIM1
SIM2
SIM3
SIM4
1
21
22
SIM5
SIM1
SIM2
SIM3
SIM4
1
21
22
SIM5
SIM1
SIM2
SIM3
SIM4
1
21
22
SIM5
SIM1
SIM2
SIM3
SIM4
1
21
22
SIM5
SIM1
SIM2
SIM3
SIM4
1
21
22
SIM5
SIM1
SIM2
SIM3
SIM4
1
21
22
SIM5
SIM1
SIM2
SIM3
SIM4
1
21
22
SIM5
SIM1
SIM2
SIM3
SIM4
1
21
22
SIM5
SIM1
SIM2
SIM3
SIM4
1
21
22
SIM5
SIM1
SIM2
SIM3
SIM4
1
21
22
SIM5
SIM1
SIM2
SIM3
SIM4
1
21
22
SIM5
SIM1
SIM2
SIM3
SIM4
1
21
22
SIM5
SIM1
SIM2
SIM3
SIM4
1
21
22
SIM5
SIM1
SIM2
SIM3
SIM4
1
21
22
SIM5
SIM1
SIM2
SIM3
SIM4
1
21
22
SIM5
SIM1
SIM2
SIM3
SIM4
1
21
22
SIM5
SIM1
SIM2
SIM3
SIM4
1
21
22
SIM5
SIM1
SIM2
SIM3
SIM4
1
21
22
SIM5
SIM1
SIM2
SIM3
SIM4
1
21
22
SIM5
SIM1
SIM2
SIM3
SIM4
1
21
22
SIM5
SIM1
SIM2
SIM3
SIM4
1
21
22
SIM5
SIM1
SIM2
SIM3
SIM4
1
21
22
SIM5
SIM1
SIM2
SIM3
SIM4
1
21
22
SIM5
SIM1
SIM2
SIM3
SIM4
1
21
22
SIM5
SIM1
SIM2
SIM3
SIM4
1
21
22
SIM5
SIM1
SIM2
SIM3
SIM4
1
21
22
SIM5
SIM1
SIM2
SIM3
SIM4
1
21
22
SIM5
SIM1
SIM2
SIM3
SIM4
1
21
22
SIM5
SIM1
SIM2
SIM3
SIM4
1
21
22
SIM5
SIM1
SIM2
SIM3
SIM4
1
21
22
SIM5
SIM1
SIM2
SIM3
SIM4
1
21
22
SIM5
SIM1
SIM2
SIM3
SIM4
1
21
22
SIM5
SIM1
SIM2
SIM3
SIM4
1
21
22
SIM5
SIM1
SIM2
SIM3
SIM4
1
21
22
SIM5
SIM1
SIM2
SIM3
SIM4
1
21
22
SIM5
SIM1
SIM2
SIM3
SIM4
1
21
22
SIM5
SIM1
SIM2
SIM3
SIM4
1
21
22
SIM5
SIM1
SIM2
SIM3
SIM4
1
21
22
SIM5
SIM1
SIM2
SIM3
SIM4
1
21
22
SIM5
SIM1
SIM2
SIM3
SIM4
1
21
22
SIM5
SIM1
SIM2
SIM3
SIM4
1
21
22
SIM5
SIM1
SIM2
SIM3
SIM4
1
21
22
SIM5
SIM1
SIM2
SIM3
SIM4
1
21
22
SIM5
SIM1
SIM2
SIM3
SIM4
1
21
22
SIM5
SIM1
SIM2
SIM3
SIM4
1
21
22
SIM5
SIM1
SIM2
SIM3
SIM4
1
21
22
SIM5
SIM1
SIM2
SIM3
SIM4
1
21
22
SIM5
SIM1
SIM2
SIM3
SIM4
1
21
22
SIM5
SIM1
SIM2
DEBUG 1 31
SIM1
SIM2
SIM3
SIM4
1
21
22
SIM5
SIM1
SIM2
SIM3
SIM4
1
21
22
SIM5
SIM1
SIM2
SIM3
SIM4
1
21
22
SIM5
SIM1
SIM2
SIM3
SIM4
1
21
22
SIM5
SIM1
SIM2
SIM3
SIM4
1
21
22
SIM5
SIM1
SIM2
SIM3
SIM4
1
21
22
SIM5
SIM1
SIM2
SIM3
SIM4
1
21
22
SIM5
SIM1
SIM2
SIM3
SIM4
1
21
22
SIM5
SIM1
SIM2
SIM3
SIM4
1
21
22
SIM5
SIM1
SIM2
SIM3
SIM4
1
21
22
SIM5
SIM1
SIM2
SIM3
SIM4
1
21
22
SIM5
SIM1
SIM2
SIM3
SIM4
1
21
22
SIM5
SIM1
SIM2
SIM3
SIM4
1
21
22
SIM5
SIM1
SIM2
SIM3
SIM4
1
21
22
SIM5
SIM1
SIM2
SIM3
SIM4
1
21
22
SIM5
SIM1
SIM2
SIM3
SIM4
1
21
22
SIM5
SIM1
SIM2
SIM3
SIM4
1
21
22
SIM5
SIM1
SIM2
SIM3
SIM4
1
21
22
SIM5
SIM1
SIM2
SIM3
SIM4
1
21
22
SIM5
SIM1
SIM2
SIM3
SIM4
1
21
22
SIM5
SIM1
SIM2
SIM3
SIM4
1
21
22
SIM5
SIM1
SIM2
SIM3
SIM4
1
21
22
SIM5
SIM1
SIM2
SIM3
SIM4
1
21
22
SIM5
SIM1
SIM2
SIM3
SIM4
1
21
22
SIM5
SIM1
SIM2
SIM3
SIM4
1
21
22
SIM5
SIM1
SIM2
SIM3
SIM4
1
21
22
SIM5
SIM1
SIM2
SIM3
SIM4
1
21
22
SIM5
SIM1
SIM2
SIM3
SIM4
1
21
22
SIM5
SIM1
SIM2
SIM3
SIM4
1
21
22
SIM5
SIM1
SIM2
SIM3
SIM4
1
21
22
SIM5
SIM1
SIM2
SIM3
SIM4
1
21
22
SIM5
SIM1
SIM2
SIM3
SIM4
1
21
22
SIM5
SIM1
SIM2
SIM3
SIM4
1
21
22
SIM5
SIM1
SIM2
SIM3
SIM4
1
21
22
SIM5
SIM1
SIM2
SIM3
SIM4
1
21
22
SIM5
SIM1
SIM2
SIM3
SIM4
1
21
22
SIM5
SIM1
SIM2
SIM3
SIM4
1
21
22
SIM5
SIM1
SIM2
SIM3
SIM4
1
21
22
SIM5
SIM1
SIM2
SIM3
SIM4
1
21
22
SIM5
SIM1
SIM2
SIM3
SIM4
1
21
22
SIM5
SIM1
SIM2
SIM3
SIM4
1
21
22
SIM5
SIM1
SIM2
SIM3
SIM4
1
21
22
SIM5
SIM1
SIM2
SIM3
SIM4
1
21
22
SIM5
SIM1
SIM2
SIM3
SIM4
1
21
22
SIM5
SIM1
SIM2
SIM3
SIM4
1
21
22
SIM5
SIM1
SIM2
SIM3
SIM4
1
21
22
SIM5
SIM1
SIM2
SIM3
SIM4
1
21
22
SIM5
SIM1
SIM2
SIM3
SIM4
1
21
22
SIM5
SIM1
SIM2
SIM3
SIM4
1
21
22
SIM5
SIM1
SIM2
SIM3
SIM4
1
21
22
SIM5
SIM1
SIM2
SIM3
SIM4
1
21
22
SIM5
SIM1
SIM2
SIM3
SIM4
1
21
22
SIM5
SIM1
SIM2
SIM3
SIM4
1
21
22
SIM5
SIM1
SIM2
SIM3
SIM4
1
21
22
SIM5
SIM1
SIM2
SIM3
SIM4
1
21
22
SIM5
SIM1
SIM2
SIM3
SIM4
1
21
22
SIM5
SIM1
SIM2
SIM3
SIM4
1
21
22
SIM5
SIM1
SIM2
SIM3
SIM4
1
21
22
SIM5
SIM1
SIM2
SIM3
SIM4
1
21
22
SIM5
SIM1
SIM2
SIM3
SIM4
1
21
22
SIM5
SIM1
SIM2
SIM3
SIM4
1
21
22
SIM5
SIM1
SIM2
SIM3
SIM4
1
21
22
SIM5
SIM1
SIM2
SIM3
SIM4
1
21
22
SIM5
SIM1
SIM2
SIM3
SIM4
1
21
22
SIM5
SIM1
SIM2
SIM3
SIM4
1
21
22
SIM5
SIM1
SIM2
SIM3
SIM4
1
21
22
SIM5
SIM1
SIM2
SIM3
SIM4
1
21
22
SIM5
SIM1
SIM2
SIM3
SIM4
1
21
22
SIM5
SIM1
SIM2
SIM3
SIM4
1
21
22
SIM5
SIM1
SIM2
SIM3
SIM4
1
21
22
SIM5
SIM1
SIM2
SIM3
SIM4
1
21
22
SIM5
SIM1
SIM2
SIM3
SIM4
1
21
22
SIM5
SIM1
SIM2
SIM3
SIM4
1
21
22
SIM5
SIM1
SIM2
SIM3
SIM4
1
21
22
SIM5
SIM1
SIM2
SIM3
SIM4
1
21
22
SIM5
SIM1
SIM2
SIM3
SIM4
1
21
22
SIM5
SIM1
SIM2
SIM3
SIM4
1
21
22
SIM5
SIM1
SIM2
SIM3
SIM4
1
21
22
SIM5
SIM1
SIM2
SIM3
SIM4
1
21
22
SIM5
SIM1
SIM2
SIM3
SIM4
1
21
22
SIM5
SIM1
SIM2
SIM3
SIM4
1
21
22
SIM5
SIM1
SIM2
SIM3
SIM4
1
21
22
SIM5
SIM1
SIM2
SIM3
SIM4
1
21
22
SIM5
SIM1
SIM2
SIM3
SIM4
1
21
22
SIM5
SIM1
SIM2
SIM3
SIM4
1
21
22
SIM5
SIM1
SIM2
SIM3
SIM4
1
21
22
SIM5
SIM1
SIM2
SIM3
SIM4
1
21
22
SIM5
SIM1
SIM2
SIM3
SIM4
1
21
22
SIM5
SIM1
SIM2
SIM3
SIM4
1
21
22
SIM5
SIM1
SIM2
SIM3
SIM4
1
21
22
SIM5
SIM1
SIM2
SIM3
SIM4
1
21
22
SIM5
SIM1
SIM2
SIM3
SIM4
1
21
22
SIM5
SIM1
SIM2
SIM3
SIM4
1
21
22
SIM5
SIM1
SIM2
SIM3
SIM4
1
21
22
SIM5
SIM1
SIM2
SIM3
SIM4
1
21
22
SIM5
SIM1
SIM2
SIM3
SIM4
1
21
22
SIM5
SIM1
SIM2
SIM3
SIM4
1
21
22
SIM5
SIM1
SIM2
SIM3
SIM4
1
21
22
SIM5
SIM1
SIM2
SIM3
SIM4
1
21
22
SIM5
SIM1
SIM2
SIM3
SIM4
1
21
22
SIM5
SIM1
SIM2
SIM3
SIM4
1
21
22
SIM5
SIM1
SIM2
SIM3
SIM4
1
21
22
SIM5
SIM1
SIM2
SIM3
SIM4
1
21
22
SIM5
SIM1
SIM2
SIM3
SIM4
1
21
22
SIM5
SIM1
SIM2
SIM3
SIM4
1
21
22
SIM5
SIM1
SIM2
SIM3
SIM4
1
21
22
SIM5
SIM1
SIM2
SIM3
SIM4
1
21
22
SIM5
SIM1
SIM2
SIM3
SIM4
1
21
22
SIM5
SIM1
SIM2
SIM3
SIM4
1
21
22
SIM5
SIM1
SIM2
SIM3
SIM4
1
21
22
SIM5
SIM1
SIM2
SIM3
SIM4
1
21
22
SIM5
SIM1
SIM2
SIM3
SIM4
1
21
22
SIM5
SIM1
SIM2
SIM3
SIM4
1
21
22
SIM5
SIM1
SIM2
SIM3
SIM4
1
21
22
SIM5
SIM1
SIM2
SIM3
SIM4
1
21
22
SIM5
SIM1
SIM2
SIM3
SIM4
1
21
22
SIM5
SIM1
SIM2
SIM3
SIM4
1
21
22
SIM5
SIM1
SIM2
SIM3
SIM4
1
21
22
SIM5
SIM1
SIM2
SIM3
SIM4
1
21
22
SIM5
SIM1
SIM2
SIM3
SIM4
1
21
22
SIM5
SIM1
SIM2
SIM3
SIM4
1
21
22
SIM5
SIM1
SIM2
SIM3
SIM4
1
21
22
SIM5
SIM1
SIM2
SIM3
SIM4
1
21
22
SIM5
SIM1
SIM2
SIM3
SIM4
1
21
22
SIM5
SIM1
SIM2
SIM3
SIM4
1
21
22
SIM5
SIM1
SIM2
SIM3
SIM4
1
21
22
SIM5
SIM1
SIM2
SIM3
SIM4
1
21
22
SIM5
SIM1
SIM2
SIM3
SIM4
1
21
22
SIM5
SIM1
SIM2
SIM3
SIM4
1
21
22
SIM5
SIM1
SIM2
SIM3
SIM4
1
21
22
SIM5
SIM1
SIM2
SIM3
SIM4
1
21
22
SIM5
SIM1
SIM2
SIM3
SIM4
1
21
22
SIM5
SIM1
SIM2
SIM3
SIM4
1
21
22
SIM5
SIM1
SIM2
SIM3
SIM4
1
21
22
SIM5
SIM1
SIM2
SIM3
SIM4
1
21
22
SIM5
SIM1
SIM2
SIM3
SIM4
1
21
22
SIM5
SIM1
SIM2
SIM3
SIM4
1
21
22
SIM5
SIM1
SIM2
SIM3
SIM4
1
21
22
SIM5
SIM1
SIM2
SIM3
SIM4
1
21
22
SIM5
SIM1
SIM2
SIM3
SIM4
1
21
22
SIM5
SIM1
SIM2
SIM3
SIM4
1
21
22
SIM5
SIM1
SIM2
SIM3
SIM4
1
21
22
SIM5
SIM1
SIM2
SIM3
SIM4
1
21
22
SIM5
SIM1
SIM2
SIM3
SIM4
1
21
22
SIM5
SIM1
SIM2
SIM3
SIM4
1
21
22
SIM5
SIM1
SIM2
SIM3
SIM4
1
21
22
SIM5
SIM1
SIM2
SIM3
SIM4
1
21
22
SIM5
SIM1
SIM2
SIM3
SIM4
1
21
22
SIM5
SIM1
SIM2
SIM3
SIM4
1
21
22
SIM5
SIM1
SIM2
SIM3
SIM4
1
21
22
SIM5
SIM1
SIM2
SIM3
SIM4
1
21
22
SIM5
SIM1
SIM2
SIM3
SIM4
1
21
22
SIM5
SIM1
SIM2
SIM3
SIM4
1
21
22
SIM5
SIM1
SIM2
SIM3
SIM4
1
21
22
SIM5
SIM1
SIM2
SIM3
SIM4
1
21
22
SIM5
SIM1
SIM2
SIM3
SIM4
1
21
22
SIM5
SIM1
SIM2
SIM3
SIM4
1
21
22
SIM5
SIM1
SIM2
SIM3
SIM4
1
21
22
SIM5
SIM1
SIM2
SIM3
SIM4
1
21
22
SIM5
SIM1
SIM2
DEBUG 1 32
SIM1
SIM2
SIM3
SIM4
1
21
22
SIM5
SIM1
SIM2
SIM3
SIM4
1
21
22
SIM5
SIM1
SIM2
SIM3
SIM4
1
21
22
SIM5
SIM1
SIM2
SIM3
SIM4
1
21
22
SIM5
SIM1
SIM2
SIM3
SIM4
1
21
22
SIM5
SIM1
SIM2
SIM3
SIM4
1
21
22
SIM5
SIM1
SIM2
SIM3
SIM4
1
21
22
SIM5
SIM1
SIM2
SIM3
SIM4
1
21
22
SIM5
SIM1
SIM2
SIM3
SIM4
1
21
22
SIM5
SIM1
SIM2
SIM3
SIM4
1
21
22
SIM5
SIM1
SIM2
SIM3
SIM4
1
21
22
SIM5
SIM1
SIM2
SIM3
SIM4
1
21
22
SIM5
SIM1
SIM2
SIM3
SIM4
1
21
22
SIM5
SIM1
SIM2
SIM3
SIM4
1
21
22
SIM5
SIM1
SIM2
SIM3
SIM4
1
21
22
SIM5
SIM1
SIM2
SIM3
SIM4
1
21
22
SIM5
SIM1
SIM2
SIM3
SIM4
1
21
22
SIM5
SIM1
SIM2
SIM3
SIM4
1
21
22
SIM5
SIM1
SIM2
SIM3
SIM4
1
21
22
SIM5
SIM1
SIM2
SIM3
SIM4
1
21
22
SIM5
SIM1
SIM2
SIM3
SIM4
1
21
22
SIM5
SIM1
SIM2
SIM3
SIM4
1
21
22
SIM5
SIM1
SIM2
SIM3
SIM4
1
21
22
SIM5
SIM1
SIM2
SIM3
SIM4
1
21
22
SIM5
SIM1
SIM2
SIM3
SIM4
1
21
22
SIM5
SIM1
SIM2
SIM3
SIM4
1
21
22
SIM5
SIM1
SIM2
SIM3
SIM4
1
21
22
SIM5
SIM1
SIM2
SIM3
SIM4
1
21
22
SIM5
SIM1
SIM2
SIM3
SIM4
1
21
22
SIM5
SIM1
SIM2
SIM3
SIM4
1
21
22
SIM5
SIM1
SIM2
SIM3
SIM4
1
21
22
SIM5
SIM1
SIM2
SIM3
SIM4
1
21
22
SIM5
SIM1
SIM2
SIM3
SIM4
1
21
22
SIM5
SIM1
SIM2
SIM3
SIM4
1
21
22
SIM5
SIM1
SIM2
SIM3
SIM4
1
21
22
SIM5
SIM1
SIM2
SIM3
SIM4
1
21
22
SIM5
SIM1
SIM2
SIM3
SIM4
1
21
22
SIM5
SIM1
SIM2
SIM3
SIM4
1
21
22
SIM5
SIM1
SIM2
SIM3
SIM4
1
21
22
SIM5
SIM1
SIM2
SIM3
SIM4
1
21
22
SIM5
SIM1
SIM2
SIM3
SIM4
1
21
22
SIM5
SIM1
SIM2
SIM3
SIM4
1
21
22
SIM5
SIM1
SIM2
SIM3
SIM4
1
21
22
SIM5
SIM1
SIM2
SIM3
SIM4
1
21
22
SIM5
SIM1
SIM2
SIM3
SIM4
1
21
22
SIM5
SIM1
SIM2
SIM3
SIM4
1
21
22
SIM5
SIM1
SIM2
SIM3
SIM4
1
21
22
SIM5
SIM1
SIM2
SIM3
SIM4
1
21
22
SIM5
SIM1
SIM2
SIM3
SIM4
1
21
22
SIM5
SIM1
SIM2
SIM3
SIM4
1
21
22
SIM5
SIM1
SIM2
SIM3
SIM4
1
21
22
SIM5
SIM1
SIM2
SIM3
SIM4
1
21
22
SIM5
SIM1
SIM2
SIM3
SIM4
1
21
22
SIM5
SIM1
SIM2
SIM3
SIM4
1
21
22
SIM5
SIM1
SIM2
SIM3
SIM4
1
21
22
SIM5
SIM1
SIM2
SIM3
SIM4
1
21
22
SIM5
SIM1
SIM2
SIM3
SIM4
1
21
22
SIM5
SIM1
SIM2
SIM3
SIM4
1
21
22
SIM5
SIM1
SIM2
SIM3
SIM4
1
21
22
SIM5
SIM1
SIM2
SIM3
SIM4
1
21
22
SIM5
SIM1
SIM2
SIM3
SIM4
1
21
22
SIM5
SIM1
SIM2
SIM3
SIM4
1
21
22
SIM5
SIM1
SIM2
SIM3
SIM4
1
21
22
SIM5
SIM1
SIM2
SIM3
SIM4
1
21
22
SIM5
SIM1
SIM2
SIM3
SIM4
1
21
22
SIM5
SIM1
SIM2
SIM3
SIM4
1
21
22
SIM5
SIM1
SIM2
SIM3
SIM4
1
21
22
SIM5
SIM1
SIM2
SIM3
SIM4
1
21
22
SIM5
SIM1
SIM2
SIM3
SIM4
1
21
22
SIM5
SIM1
SIM2
SIM3
SIM4
1
21
22
SIM5
SIM1
SIM2
SIM3
SIM4
1
21
22
SIM5
SIM1
SIM2
SIM3
SIM4
1
21
22
SIM5
SIM1
SIM2
SIM3
SIM4
1
21
22
SIM5
SIM1
SIM2
SIM3
SIM4
1
21
22
SIM5
SIM1
SIM2
SIM3
SIM4
1
21
22
SIM5
SIM1
SIM2
SIM3
SIM4
1
21
22
SIM5
SIM1
SIM2
SIM3
SIM4
1
21
22
SIM5
SIM1
SIM2
SIM3
SIM4
1
21
22
SIM5
SIM1
SIM2
SIM3
SIM4
1
21
22
SIM5
SIM1
SIM2
SIM3
SIM4
1
21
22
SIM5
SIM1
SIM2
SIM3
SIM4
1
21
22
SIM5
SIM1
SIM2
SIM3
SIM4
1
21
22
SIM5
SIM1
SIM2
SIM3
SIM4
1
21
22
SIM5
SIM1
SIM2
SIM3
SIM4
1
21
22
SIM5
SIM1
SIM2
SIM3
SIM4
1
21
22
SIM5
SIM1
SIM2
SIM3
SIM4
1
21
22
SIM5
SIM1
SIM2
SIM3
SIM4
1
21
22
SIM5
SIM1
SIM2
SIM3
SIM4
1
21
22
SIM5
SIM1
SIM2
SIM3
SIM4
1
21
22
SIM5
SIM1
SIM2
SIM3
SIM4
1
21
22
SIM5
SIM1
SIM2
SIM3
SIM4
1
21
22
SIM5
SIM1
SIM2
SIM3
SIM4
1
21
22
SIM5
SIM1
SIM2
SIM3
SIM4
1
21
22
SIM5
SIM1
SIM2
SIM3
SIM4
1
21
22
SIM5
SIM1
SIM2
SIM3
SIM4
1
21
22
SIM5
SIM1
SIM2
SIM3
SIM4
1
21
22
SIM5
SIM1
SIM2
SIM3
SIM4
1
21
22
SIM5
SIM1
SIM2
SIM3
SIM4
1
21
22
SIM5
SIM1
SIM2
SIM3
SIM4
1
21
22
SIM5
SIM1
SIM2
SIM3
SIM4
1
21
22
SIM5
SIM1
SIM2
SIM3
SIM4
1
21
22
SIM5
SIM1
SIM2
SIM3
SIM4
1
21
22
SIM5
SIM1
SIM2
SIM3
SIM4
1
21
22
SIM5
SIM1
SIM2
SIM3
SIM4
1
21
22
SIM5
SIM1
SIM2
SIM3
SIM4
1
21
22
SIM5
SIM1
SIM2
SIM3
SIM4
1
21
22
SIM5
SIM1
SIM2
SIM3
SIM4
1
21
22
SIM5
SIM1
SIM2
SIM3
SIM4
1
21
22
SIM5
SIM1
SIM2
SIM3
SIM4
1
21
22
SIM5
SIM1
SIM2
SIM3
SIM4
1
21
22
SIM5
SIM1
SIM2
SIM3
SIM4
1
21
22
SIM5
SIM1
SIM2
SIM3
SIM4
1
21
22
SIM5
SIM1
SIM2
SIM3
SIM4
1
21
22
SIM5
SIM1
SIM2
SIM3
SIM4
1
21
22
SIM5
SIM1
SIM2
SIM3
SIM4
1
21
22
SIM5
SIM1
SIM2
SIM3
SIM4
1
21
22
SIM5
SIM1
SIM2
SIM3
SIM4
1
21
22
SIM5
SIM1
SIM2
SIM3
SIM4
1
21
22
SIM5
SIM1
SIM2
SIM3
SIM4
1
21
22
SIM5
SIM1
SIM2
DEBUG 1 33
SIM1
SIM2
SIM3
SIM4
1
21
22
SIM5
SIM1
SIM2
SIM3
SIM4
1
21
22
SIM5
SIM1
SIM2
SIM3
SIM4
1
21
22
SIM5
SIM1
SIM2
SIM3
SIM4
1
21
22
SIM5
SIM1
SIM2
SIM3
SIM4
1
21
22
SIM5
SIM1
SIM2
SIM3
SIM4
1
21
22
SIM5
SIM1
SIM2
SIM3
SIM4
1
21
22
SIM5
SIM1
SIM2
SIM3
SIM4
1
21
22
SIM5
SIM1
SIM2
SIM3
SIM4
1
21
22
SIM5
SIM1
SIM2
SIM3
SIM4
1
21
22
SIM5
SIM1
SIM2
SIM3
SIM4
1
21
22
SIM5
SIM1
SIM2
SIM3
SIM4
1
21
22
SIM5
SIM1
SIM2
SIM3
SIM4
1
21
22
SIM5
SIM1
SIM2
SIM3
SIM4
1
21
22
SIM5
SIM1
SIM2
SIM3
SIM4
1
21
22
SIM5
SIM1
SIM2
SIM3
SIM4
1
21
22
SIM5
SIM1
SIM2
SIM3
SIM4
1
21
22
SIM5
SIM1
SIM2
SIM3
SIM4
1
21
22
SIM5
SIM1
SIM2
SIM3
SIM4
1
21
22
SIM5
SIM1
SIM2
SIM3
SIM4
1
21
22
SIM5
SIM1
SIM2
SIM3
SIM4
1
21
22
SIM5
SIM1
SIM2
SIM3
SIM4
1
21
22
SIM5
SIM1
SIM2
SIM3
SIM4
1
21
22
SIM5
SIM1
SIM2
SIM3
SIM4
1
21
22
SIM5
SIM1
SIM2
SIM3
SIM4
1
21
22
SIM5
SIM1
SIM2
SIM3
SIM4
1
21
22
SIM5
SIM1
SIM2
SIM3
SIM4
1
21
22
SIM5
SIM1
SIM2
SIM3
SIM4
1
21
22
SIM5
SIM1
SIM2
SIM3
SIM4
1
21
22
SIM5
SIM1
SIM2
SIM3
SIM4
1
21
22
SIM5
SIM1
SIM2
SIM3
SIM4
1
21
22
SIM5
SIM1
SIM2
SIM3
SIM4
1
21
22
SIM5
SIM1
SIM2
SIM3
SIM4
1
21
22
SIM5
SIM1
SIM2
SIM3
SIM4
1
21
22
SIM5
SIM1
SIM2
SIM3
SIM4
1
21
22
SIM5
SIM1
SIM2
SIM3
SIM4
1
21
22
SIM5
SIM1
SIM2
SIM3
SIM4
1
21
22
SIM5
SIM1
SIM2
SIM3
SIM4
1
21
22
SIM5
SIM1
SIM2
SIM3
SIM4
1
21
22
SIM5
SIM1
SIM2
SIM3
SIM4
1
21
22
SIM5
SIM1
SIM2
SIM3
SIM4
1
21
22
SIM5
SIM1
SIM2
SIM3
SIM4
1
21
22
SIM5
SIM1
SIM2
SIM3
SIM4
1
21
22
SIM5
SIM1
SIM2
SIM3
SIM4
1
21
22
SIM5
SIM1
SIM2
SIM3
SIM4
1
21
22
SIM5
SIM1
SIM2
SIM3
SIM4
1
21
22
SIM5
SIM1
SIM2
SIM3
SIM4
1
21
22
SIM5
SIM1
SIM2
SIM3
SIM4
1
21
22
SIM5
SIM1
SIM2
SIM3
SIM4
1
21
22
SIM5
SIM1
SIM2
SIM3
SIM4
1
21
22
SIM5
SIM1
SIM2
SIM3
SIM4
1
21
22
SIM5
SIM1
SIM2
SIM3
SIM4
1
21
22
SIM5
SIM1
SIM2
SIM3
SIM4
1
21
22
SIM5
SIM1
SIM2
SIM3
SIM4
1
21
22
SIM5
SIM1
SIM2
SIM3
SIM4
1
21
22
SIM5
SIM1
SIM2
SIM3
SIM4
1
21
22
SIM5
SIM1
SIM2
SIM3
SIM4
1
21
22
SIM5
SIM1
SIM2
SIM3
SIM4
1
21
22
SIM5
SIM1
SIM2
SIM3
SIM4
1
21
22
SIM5
SIM1
SIM2
SIM3
SIM4
1
21
22
SIM5
SIM1
SIM2
SIM3
SIM4
1
21
22
SIM5
SIM1
SIM2
SIM3
SIM4
1
21
22
SIM5
SIM1
SIM2
SIM3
SIM4
1
21
22
SIM5
SIM1
SIM2
SIM3
SIM4
1
21
22
SIM5
SIM1
SIM2
SIM3
SIM4
1
21
22
SIM5
SIM1
SIM2
SIM3
SIM4
1
21
22
SIM5
SIM1
SIM2
SIM3
SIM4
1
21
22
SIM5
SIM1
SIM2
SIM3
SIM4
1
21
22
SIM5
SIM1
SIM2
SIM3
SIM4
1
21
22
SIM5
SIM1
SIM2
SIM3
SIM4
1
21
22
SIM5
SIM1
SIM2
SIM3
SIM4
1
21
22
SIM5
SIM1
SIM2
SIM3
SIM4
1
21
22
SIM5
SIM1
SIM2
SIM3
SIM4
1
21
22
SIM5
SIM1
SIM2
SIM3
SIM4
1
21
22
SIM5
SIM1
SIM2
SIM3
SIM4
1
21
22
SIM5
SIM1
SIM2
SIM3
SIM4
1
21
22
SIM5
SIM1
SIM2
SIM3
SIM4
1
21
22
SIM5
SIM1
SIM2
SIM3
SIM4
1
21
22
SIM5
SIM1
SIM2
SIM3
SIM4
1
21
22
SIM5
SIM1
SIM2
SIM3
SIM4
1
21
22
SIM5
SIM1
SIM2
SIM3
SIM4
1
21
22
SIM5
SIM1
SIM2
SIM3
SIM4
1
21
22
SIM5
SIM1
SIM2
SIM3
SIM4
1
21
22
SIM5
SIM1
SIM2
SIM3
SIM4
1
21
22
SIM5
SIM1
SIM2
SIM3
SIM4
1
21
22
SIM5
SIM1
SIM2
SIM3
SIM4
1
21
22
SIM5
SIM1
SIM2
SIM3
SIM4
1
21
22
SIM5
SIM1
SIM2
SIM3
SIM4
1
21
22
SIM5
SIM1
SIM2
SIM3
SIM4
1
21
22
SIM5
SIM1
SIM2
SIM3
SIM4
1
21
22
SIM5
SIM1
SIM2
SIM3
SIM4
1
21
22
SIM5
SIM1
SIM2
SIM3
SIM4
1
21
22
SIM5
SIM1
SIM2
SIM3
SIM4
1
21
22
SIM5
SIM1
SIM2
SIM3
SIM4
1
21
22
SIM5
SIM1
SIM2
SIM3
SIM4
1
21
22
SIM5
SIM1
SIM2
SIM3
SIM4
1
21
22
SIM5
SIM1
SIM2
SIM3
SIM4
1
21
22
SIM5
SIM1
SIM2
SIM3
SIM4
1
21
22
SIM5
SIM1
SIM2
SIM3
SIM4
1
21
22
SIM5
SIM1
SIM2
SIM3
SIM4
1
21
22
SIM5
SIM1
SIM2
SIM3
SIM4
1
21
22
SIM5
SIM1
SIM2
SIM3
SIM4
1
21
22
SIM5
SIM1
SIM2
SIM3
SIM4
1
21
22
SIM5
SIM1
SIM2
SIM3
SIM4
1
21
22
SIM5
SIM1
SIM2
SIM3
SIM4
1
21
22
SIM5
SIM1
SIM2
SIM3
SIM4
1
21
22
SIM5
SIM1
SIM2
SIM3
SIM4
1
21
22
SIM5
SIM1
SIM2
SIM3
SIM4
1
21
22
SIM5
SIM1
SIM2
SIM3
SIM4
1
21
22
SIM5
SIM1
SIM2
SIM3
SIM4
1
21
22
SIM5
SIM1
SIM2
SIM3
SIM4
1
21
22
SIM5
SIM1
SIM2
SIM3
SIM4
1
21
22
SIM5
SIM1
SIM2
SIM3
SIM4
1
21
22
SIM5
SIM1
SIM2
SIM3
SIM4
1
21
22
SIM5
SIM1
SIM2
SIM3
SIM4
1
21
22
SIM5
SIM1
SIM2
SIM3
SIM4
1
21
22
SIM5
SIM1
SIM2
SIM3
SIM4
1
21
22
SIM5
SIM1
SIM2
SIM3
SIM4
1
21
22
SIM5
SIM1
SIM2
SIM3
SIM4
1
21
22
SIM5
SIM1
SIM2
SIM3
SIM4
1
21
22
SIM5
SIM1
SIM2
SIM3
SIM4
1
21
22
SIM5
SIM1
SIM2
SIM3
SIM4
1
21
22
SIM5
SIM1
SIM2
SIM3
SIM4
1
21
22
SIM5
SIM1
SIM2
SIM3
SIM4
1
21
22
SIM5
SIM1
SIM2
SIM3
SIM4
1
21
22
SIM5
SIM1
SIM2
SIM3
SIM4
1
21
22
SIM5
SIM1
SIM2
SIM3
SIM4
1
21
22
SIM5
SIM1
SIM2
SIM3
SIM4
1
21
22
SIM5
SIM1
SIM2
SIM3
SIM4
1
21
22
SIM5
SIM1
SIM2
SIM3
SIM4
1
21
22
SIM5
SIM1
SIM2
SIM3
SIM4
1
21
22
SIM5
SIM1
SIM2
SIM3
SIM4
1
21
22
SIM5
SIM1
SIM2
SIM3
SIM4
1
21
22
SIM5
SIM1
SIM2
SIM3
SIM4
1
21
22
SIM5
SIM1
SIM2
SIM3
SIM4
1
21
22
SIM5
SIM1
SIM2
SIM3
SIM4
1
21
22
SIM5
SIM1
SIM2
SIM3
SIM4
1
21
22
SIM5
SIM1
SIM2
SIM3
SIM4
1
21
22
SIM5
SIM1
SIM2
SIM3
SIM4
1
21
22
SIM5
SIM1
SIM2
SIM3
SIM4
1
21
22
SIM5
SIM1
SIM2
SIM3
SIM4
1
21
22
SIM5
SIM1
SIM2
SIM3
SIM4
1
21
22
SIM5
SIM1
SIM2
SIM3
SIM4
1
21
22
SIM5
SIM1
SIM2
DEBUG 1 34
SIM1
SIM2
SIM3
SIM4
1
21
22
SIM5
SIM1
SIM2
SIM3
SIM4
1
21
22
SIM5
SIM1
SIM2
SIM3
SIM4
1
21
22
SIM5
SIM1
SIM2
SIM3
SIM4
1
21
22
SIM5
SIM1
SIM2
SIM3
SIM4
1
21
22
SIM5
SIM1
SIM2
SIM3
SIM4
1
21
22
SIM5
SIM1
SIM2
SIM3
SIM4
1
21
22
SIM5
SIM1
SIM2
SIM3
SIM4
1
21
22
SIM5
SIM1
SIM2
SIM3
SIM4
1
21
22
SIM5
SIM1
SIM2
SIM3
SIM4
1
21
22
SIM5
SIM1
SIM2
SIM3
SIM4
1
21
22
SIM5
SIM1
SIM2
SIM3
SIM4
1
21
22
SIM5
SIM1
SIM2
SIM3
SIM4
1
21
22
SIM5
SIM1
SIM2
SIM3
SIM4
1
21
22
SIM5
SIM1
SIM2
SIM3
SIM4
1
21
22
SIM5
SIM1
SIM2
SIM3
SIM4
1
21
22
SIM5
SIM1
SIM2
SIM3
SIM4
1
21
22
SIM5
SIM1
SIM2
SIM3
SIM4
1
21
22
SIM5
SIM1
SIM2
SIM3
SIM4
1
21
22
SIM5
SIM1
SIM2
SIM3
SIM4
1
21
22
SIM5
SIM1
SIM2
SIM3
SIM4
1
21
22
SIM5
SIM1
SIM2
SIM3
SIM4
1
21
22
SIM5
SIM1
SIM2
SIM3
SIM4
1
21
22
SIM5
SIM1
SIM2
SIM3
SIM4
1
21
22
SIM5
SIM1
SIM2
SIM3
SIM4
1
21
22
SIM5
SIM1
SIM2
SIM3
SIM4
1
21
22
SIM5
SIM1
SIM2
SIM3
SIM4
1
21
22
SIM5
SIM1
SIM2
SIM3
SIM4
1
21
22
SIM5
SIM1
SIM2
SIM3
SIM4
1
21
22
SIM5
SIM1
SIM2
SIM3
SIM4
1
21
22
SIM5
SIM1
SIM2
SIM3
SIM4
1
21
22
SIM5
SIM1
SIM2
SIM3
SIM4
1
21
22
SIM5
SIM1
SIM2
SIM3
SIM4
1
21
22
SIM5
SIM1
SIM2
SIM3
SIM4
1
21
22
SIM5
SIM1
SIM2
SIM3
SIM4
1
21
22
SIM5
SIM1
SIM2
SIM3
SIM4
1
21
22
SIM5
SIM1
SIM2
SIM3
SIM4
1
21
22
SIM5
SIM1
SIM2
SIM3
SIM4
1
21
22
SIM5
SIM1
SIM2
SIM3
SIM4
1
21
22
SIM5
SIM1
SIM2
SIM3
SIM4
1
21
22
SIM5
SIM1
SIM2
SIM3
SIM4
1
21
22
SIM5
SIM1
SIM2
SIM3
SIM4
1
21
22
SIM5
SIM1
SIM2
SIM3
SIM4
1
21
22
SIM5
SIM1
SIM2
SIM3
SIM4
1
21
22
SIM5
SIM1
SIM2
SIM3
SIM4
1
21
22
SIM5
SIM1
SIM2
SIM3
SIM4
1
21
22
SIM5
SIM1
SIM2
SIM3
SIM4
1
21
22
SIM5
SIM1
SIM2
SIM3
SIM4
1
21
22
SIM5
SIM1
SIM2
SIM3
SIM4
1
21
22
SIM5
SIM1
SIM2
SIM3
SIM4
1
21
22
SIM5
SIM1
SIM2
SIM3
SIM4
1
21
22
SIM5
SIM1
SIM2
SIM3
SIM4
1
21
22
SIM5
SIM1
SIM2
SIM3
SIM4
1
21
22
SIM5
SIM1
SIM2
SIM3
SIM4
1
21
22
SIM5
SIM1
SIM2
SIM3
SIM4
1
21
22
SIM5
SIM1
SIM2
SIM3
SIM4
1
21
22
SIM5
SIM1
SIM2
SIM3
SIM4
1
21
22
SIM5
SIM1
SIM2
SIM3
SIM4
1
21
22
SIM5
SIM1
SIM2
SIM3
SIM4
1
21
22
SIM5
SIM1
SIM2
SIM3
SIM4
1
21
22
SIM5
SIM1
SIM2
SIM3
SIM4
1
21
22
SIM5
SIM1
SIM2
SIM3
SIM4
1
21
22
SIM5
SIM1
SIM2
SIM3
SIM4
1
21
22
SIM5
SIM1
SIM2
SIM3
SIM4
1
21
22
SIM5
SIM1
SIM2
SIM3
SIM4
1
21
22
SIM5
SIM1
SIM2
SIM3
SIM4
1
21
22
SIM5
SIM1
SIM2
SIM3
SIM4
1
21
22
SIM5
SIM1
SIM2
SIM3
SIM4
1
21
22
SIM5
SIM1
SIM2
SIM3
SIM4
1
21
22
SIM5
SIM1
SIM2
SIM3
SIM4
1
21
22
SIM5
SIM1
SIM2
SIM3
SIM4
1
21
22
SIM5
SIM1
SIM2
SIM3
SIM4
1
21
22
SIM5
SIM1
SIM2
SIM3
SIM4
1
21
22
SIM5
SIM1
SIM2
SIM3
SIM4
1
21
22
SIM5
SIM1
SIM2
SIM3
SIM4
1
21
22
SIM5
SIM1
SIM2
SIM3
SIM4
1
21
22
SIM5
SIM1
SIM2
SIM3
SIM4
1
21
22
SIM5
SIM1
SIM2
SIM3
SIM4
1
21
22
SIM5
SIM1
SIM2
SIM3
SIM4
1
21
22
SIM5
SIM1
SIM2
SIM3
SIM4
1
21
22
SIM5
SIM1
SIM2
SIM3
SIM4
1
21
22
SIM5
SIM1
SIM2
SIM3
SIM4
1
21
22
SIM5
SIM1
SIM2
SIM3
SIM4
1
21
22
SIM5
SIM1
SIM2
SIM3
SIM4
1
21
22
SIM5
SIM1
SIM2
SIM3
SIM4
1
21
22
SIM5
SIM1
SIM2
SIM3
SIM4
1
21
22
SIM5
SIM1
SIM2
SIM3
SIM4
1
21
22
SIM5
SIM1
SIM2
SIM3
SIM4
1
21
22
SIM5
SIM1
SIM2
SIM3
SIM4
1
21
22
SIM5
SIM1
SIM2
SIM3
SIM4
1
21
22
SIM5
SIM1
SIM2
SIM3
SIM4
1
21
22
SIM5
SIM1
SIM2
SIM3
SIM4
1
21
22
SIM5
SIM1
SIM2
SIM3
SIM4
1
21
22
SIM5
SIM1
SIM2
SIM3
SIM4
1
21
22
SIM5
SIM1
SIM2
SIM3
SIM4
1
21
22
SIM5
SIM1
SIM2
SIM3
SIM4
1
21
22
SIM5
SIM1
SIM2
SIM3
SIM4
1
21
22
SIM5
SIM1
SIM2
SIM3
SIM4
1
21
22
SIM5
SIM1
SIM2
SIM3
SIM4
1
21
22
SIM5
SIM1
SIM2
SIM3
SIM4
1
21
22
SIM5
SIM1
SIM2
SIM3
SIM4
1
21
22
SIM5
SIM1
SIM2
SIM3
SIM4
1
21
22
SIM5
SIM1
SIM2
SIM3
SIM4
1
21
22
SIM5
SIM1
SIM2
SIM3
SIM4
1
21
22
SIM5
SIM1
SIM2
SIM3
SIM4
1
21
22
SIM5
SIM1
SIM2
SIM3
SIM4
1
21
22
SIM5
SIM1
SIM2
SIM3
SIM4
1
21
22
SIM5
SIM1
SIM2
SIM3
SIM4
1
21
22
SIM5
SIM1
SIM2
SIM3
SIM4
1
21
22
SIM5
SIM1
SIM2
SIM3
SIM4
1
21
22
SIM5
SIM1
SIM2
SIM3
SIM4
1
21
22
SIM5
SIM1
SIM2
SIM3
SIM4
1
21
22
SIM5
SIM1
SIM2
SIM3
SIM4
1
21
22
SIM5
SIM1
SIM2
SIM3
SIM4
1
21
22
SIM5
SIM1
SIM2
SIM3
SIM4
1
21
22
SIM5
SIM1
SIM2
SIM3
SIM4
1
21
22
SIM5
SIM1
SIM2
SIM3
SIM4
1
21
22
SIM5
SIM1
SIM2
SIM3
SIM4
1
21
22
SIM5
SIM1
SIM2
SIM3
SIM4
1
21
22
SIM5
SIM1
SIM2
SIM3
SIM4
1
21
22
SIM5
SIM1
SIM2
SIM3
SIM4
1
21
22
SIM5
SIM1
SIM2
SIM3
SIM4
1
21
22
SIM5
SIM1
SIM2
SIM3
SIM4
1
21
22
SIM5
SIM1
SIM2
SIM3
SIM4
1
21
22
SIM5
SIM1
SIM2
SIM3
SIM4
1
21
22
SIM5
SIM1
SIM2
SIM3
SIM4
1
21
22
SIM5
SIM1
SIM2
SIM3
SIM4
1
21
22
SIM5
SIM1
SIM2
SIM3
SIM4
1
21
22
SIM5
SIM1
SIM2
SIM3
SIM4
1
21
22
SIM5
SIM1
SIM2
SIM3
SIM4
1
21
22
SIM5
SIM1
SIM2
SIM3
SIM4
1
21
22
SIM5
SIM1
SIM2
SIM3
SIM4
1
21
22
SIM5
SIM1
SIM2
SIM3
SIM4
1
21
22
SIM5
SIM1
SIM2
SIM3
SIM4
1
21
22
SIM5
SIM1
SIM2
SIM3
SIM4
1
21
22
SIM5
SIM1
SIM2
SIM3
SIM4
1
21
22
SIM5
SIM1
SIM2
SIM3
SIM4
1
21
22
SIM5
SIM1
SIM2
SIM3
SIM4
1
21
22
SIM5
SIM1
SIM2
DEBUG 1 35
SIM1
SIM2
SIM3
SIM4
1
21
22
SIM5
SIM1
SIM2
SIM3
SIM4
1
21
22
SIM5
SIM1
SIM2
SIM3
SIM4
1
21
22
SIM5
SIM1
SIM2
SIM3
SIM4
1
21
22
SIM5
SIM1
SIM2
SIM3
SIM4
1
21
22
SIM5
SIM1
SIM2
SIM3
SIM4
1
21
22
SIM5
SIM1
SIM2
SIM3
SIM4
1
21
22
SIM5
SIM1
SIM2
SIM3
SIM4
1
21
22
SIM5
SIM1
SIM2
SIM3
SIM4
1
21
22
SIM5
SIM1
SIM2
SIM3
SIM4
1
21
22
SIM5
SIM1
SIM2
SIM3
SIM4
1
21
22
SIM5
SIM1
SIM2
SIM3
SIM4
1
21
22
SIM5
SIM1
SIM2
SIM3
SIM4
1
21
22
SIM5
SIM1
SIM2
SIM3
SIM4
1
21
22
SIM5
SIM1
SIM2
SIM3
SIM4
1
21
22
SIM5
SIM1
SIM2
SIM3
SIM4
1
21
22
SIM5
SIM1
SIM2
SIM3
SIM4
1
21
22
SIM5
SIM1
SIM2
SIM3
SIM4
1
21
22
SIM5
SIM1
SIM2
SIM3
SIM4
1
21
22
SIM5
SIM1
SIM2
SIM3
SIM4
1
21
22
SIM5
SIM1
SIM2
SIM3
SIM4
1
21
22
SIM5
SIM1
SIM2
SIM3
SIM4
1
21
22
SIM5
SIM1
SIM2
SIM3
SIM4
1
21
22
SIM5
SIM1
SIM2
SIM3
SIM4
1
21
22
SIM5
SIM1
SIM2
SIM3
SIM4
1
21
22
SIM5
SIM1
SIM2
SIM3
SIM4
1
21
22
SIM5
SIM1
SIM2
SIM3
SIM4
1
21
22
SIM5
SIM1
SIM2
SIM3
SIM4
1
21
22
SIM5
SIM1
SIM2
SIM3
SIM4
1
21
22
SIM5
SIM1
SIM2
SIM3
SIM4
1
21
22
SIM5
SIM1
SIM2
SIM3
SIM4
1
21
22
SIM5
SIM1
SIM2
SIM3
SIM4
1
21
22
SIM5
SIM1
SIM2
SIM3
SIM4
1
21
22
SIM5
SIM1
SIM2
SIM3
SIM4
1
21
22
SIM5
SIM1
SIM2
SIM3
SIM4
1
21
22
SIM5
SIM1
SIM2
SIM3
SIM4
1
21
22
SIM5
SIM1
SIM2
SIM3
SIM4
1
21
22
SIM5
SIM1
SIM2
SIM3
SIM4
1
21
22
SIM5
SIM1
SIM2
SIM3
SIM4
1
21
22
SIM5
SIM1
SIM2
SIM3
SIM4
1
21
22
SIM5
SIM1
SIM2
SIM3
SIM4
1
21
22
SIM5
SIM1
SIM2
SIM3
SIM4
1
21
22
SIM5
SIM1
SIM2
SIM3
SIM4
1
21
22
SIM5
SIM1
SIM2
SIM3
SIM4
1
21
22
SIM5
SIM1
SIM2
SIM3
SIM4
1
21
22
SIM5
SIM1
SIM2
SIM3
SIM4
1
21
22
SIM5
SIM1
SIM2
SIM3
SIM4
1
21
22
SIM5
SIM1
SIM2
SIM3
SIM4
1
21
22
SIM5
SIM1
SIM2
SIM3
SIM4
1
21
22
SIM5
SIM1
SIM2
SIM3
SIM4
1
21
22
SIM5
SIM1
SIM2
SIM3
SIM4
1
21
22
SIM5
SIM1
SIM2
SIM3
SIM4
1
21
22
SIM5
SIM1
SIM2
SIM3
SIM4
1
21
22
SIM5
SIM1
SIM2
SIM3
SIM4
1
21
22
SIM5
SIM1
SIM2
SIM3
SIM4
1
21
22
SIM5
SIM1
SIM2
SIM3
SIM4
1
21
22
SIM5
SIM1
SIM2
SIM3
SIM4
1
21
22
SIM5
SIM1
SIM2
SIM3
SIM4
1
21
22
SIM5
SIM1
SIM2
SIM3
SIM4
1
21
22
SIM5
SIM1
SIM2
SIM3
SIM4
1
21
22
SIM5
SIM1
SIM2
SIM3
SIM4
1
21
22
SIM5
SIM1
SIM2
SIM3
SIM4
1
21
22
SIM5
SIM1
SIM2
SIM3
SIM4
1
21
22
SIM5
SIM1
SIM2
SIM3
SIM4
1
21
22
SIM5
SIM1
SIM2
SIM3
SIM4
1
21
22
SIM5
SIM1
SIM2
SIM3
SIM4
1
21
22
SIM5
SIM1
SIM2
SIM3
SIM4
1
21
22
SIM5
SIM1
SIM2
SIM3
SIM4
1
21
22
SIM5
SIM1
SIM2
SIM3
SIM4
1
21
22
SIM5
SIM1
SIM2
SIM3
SIM4
1
21
22
SIM5
SIM1
SIM2
SIM3
SIM4
1
21
22
SIM5
SIM1
SIM2
SIM3
SIM4
1
21
22
SIM5
SIM1
SIM2
SIM3
SIM4
1
21
22
SIM5
SIM1
SIM2
SIM3
SIM4
1
21
22
SIM5
SIM1
SIM2
SIM3
SIM4
1
21
22
SIM5
SIM1
SIM2
SIM3
SIM4
1
21
22
SIM5
SIM1
SIM2
SIM3
SIM4
1
21
22
SIM5
SIM1
SIM2
SIM3
SIM4
1
21
22
SIM5
SIM1
SIM2
SIM3
SIM4
1
21
22
SIM5
SIM1
SIM2
SIM3
SIM4
1
21
22
SIM5
SIM1
SIM2
SIM3
SIM4
1
21
22
SIM5
SIM1
SIM2
SIM3
SIM4
1
21
22
SIM5
SIM1
SIM2
SIM3
SIM4
1
21
22
SIM5
SIM1
SIM2
SIM3
SIM4
1
21
22
SIM5
SIM1
SIM2
SIM3
SIM4
1
21
22
SIM5
SIM1
SIM2
SIM3
SIM4
1
21
22
SIM5
SIM1
SIM2
SIM3
SIM4
1
21
22
SIM5
SIM1
SIM2
SIM3
SIM4
1
21
22
SIM5
SIM1
SIM2
SIM3
SIM4
1
21
22
SIM5
SIM1
SIM2
SIM3
SIM4
1
21
22
SIM5
SIM1
SIM2
SIM3
SIM4
1
21
22
SIM5
SIM1
SIM2
SIM3
SIM4
1
21
22
SIM5
SIM1
SIM2
SIM3
SIM4
1
21
22
SIM5
SIM1
SIM2
SIM3
SIM4
1
21
22
SIM5
SIM1
SIM2
SIM3
SIM4
1
21
22
SIM5
SIM1
SIM2
SIM3
SIM4
1
21
22
SIM5
SIM1
SIM2
SIM3
SIM4
1
21
22
SIM5
SIM1
SIM2
SIM3
SIM4
1
21
22
SIM5
SIM1
SIM2
SIM3
SIM4
1
21
22
SIM5
SIM1
SIM2
SIM3
SIM4
1
21
22
SIM5
SIM1
SIM2
SIM3
SIM4
1
21
22
SIM5
SIM1
SIM2
SIM3
SIM4
1
21
22
SIM5
SIM1
SIM2
SIM3
SIM4
1
21
22
SIM5
SIM1
SIM2
SIM3
SIM4
1
21
22
SIM5
SIM1
SIM2
SIM3
SIM4
1
21
22
SIM5
SIM1
SIM2
SIM3
SIM4
1
21
22
SIM5
SIM1
SIM2
SIM3
SIM4
1
21
22
SIM5
SIM1
SIM2
SIM3
SIM4
1
21
22
SIM5
SIM1
SIM2
SIM3
SIM4
1
21
22
SIM5
SIM1
SIM2
SIM3
SIM4
1
21
22
SIM5
SIM1
SIM2
SIM3
SIM4
1
21
22
SIM5
SIM1
SIM2
SIM3
SIM4
1
21
22
SIM5
SIM1
SIM2
SIM3
SIM4
1
21
22
SIM5
SIM1
SIM2
SIM3
SIM4
1
21
22
SIM5
SIM1
SIM2
SIM3
SIM4
1
21
22
SIM5
SIM1
SIM2
SIM3
SIM4
1
21
22
SIM5
SIM1
SIM2
SIM3
SIM4
1
21
22
SIM5
SIM1
SIM2
SIM3
SIM4
1
21
22
SIM5
SIM1
SIM2
SIM3
SIM4
1
21
22
SIM5
SIM1
SIM2
SIM3
SIM4
1
21
22
SIM5
SIM1
SIM2
SIM3
SIM4
1
21
22
SIM5
SIM1
SIM2
SIM3
SIM4
1
21
22
SIM5
SIM1
SIM2
SIM3
SIM4
1
21
22
SIM5
SIM1
SIM2
SIM3
SIM4
1
21
22
SIM5
SIM1
SIM2
SIM3
SIM4
1
21
22
SIM5
SIM1
SIM2
SIM3
SIM4
1
21
22
SIM5
SIM1
SIM2
SIM3
SIM4
1
21
22
SIM5
SIM1
SIM2
SIM3
SIM4
1
21
22
SIM5
SIM1
SIM2
SIM3
SIM4
1
21
22
SIM5
SIM1
SIM2
SIM3
SIM4
1
21
22
SIM5
SIM1
SIM2
SIM3
SIM4
1
21
22
SIM5
SIM1
SIM2
SIM3
SIM4
1
21
22
SIM5
SIM1
SIM2
SIM3
SIM4
1
21
22
SIM5
SIM1
SIM2
SIM3
SIM4
1
21
22
SIM5
SIM1
SIM2
DEBUG 1 36
SIM1
SIM2
SIM3
SIM4
1
21
22
SIM5
SIM1
SIM2
SIM3
SIM4
1
21
22
SIM5
SIM1
SIM2
SIM3
SIM4
1
21
22
SIM5
SIM1
SIM2
SIM3
SIM4
1
21
22
SIM5
SIM1
SIM2
SIM3
SIM4
1
21
22
SIM5
SIM1
SIM2
SIM3
SIM4
1
21
22
SIM5
SIM1
SIM2
SIM3
SIM4
1
21
22
SIM5
SIM1
SIM2
SIM3
SIM4
1
21
22
SIM5
SIM1
SIM2
SIM3
SIM4
1
21
22
SIM5
SIM1
SIM2
SIM3
SIM4
1
21
22
SIM5
SIM1
SIM2
SIM3
SIM4
1
21
22
SIM5
SIM1
SIM2
SIM3
SIM4
1
21
22
SIM5
SIM1
SIM2
SIM3
SIM4
1
21
22
SIM5
SIM1
SIM2
SIM3
SIM4
1
21
22
SIM5
SIM1
SIM2
SIM3
SIM4
1
21
22
SIM5
SIM1
SIM2
SIM3
SIM4
1
21
22
SIM5
SIM1
SIM2
SIM3
SIM4
1
21
22
SIM5
SIM1
SIM2
SIM3
SIM4
1
21
22
SIM5
SIM1
SIM2
SIM3
SIM4
1
21
22
SIM5
SIM1
SIM2
SIM3
SIM4
1
21
22
SIM5
SIM1
SIM2
SIM3
SIM4
1
21
22
SIM5
SIM1
SIM2
SIM3
SIM4
1
21
22
SIM5
SIM1
SIM2
SIM3
SIM4
1
21
22
SIM5
SIM1
SIM2
SIM3
SIM4
1
21
22
SIM5
SIM1
SIM2
SIM3
SIM4
1
21
22
SIM5
SIM1
SIM2
SIM3
SIM4
1
21
22
SIM5
SIM1
SIM2
SIM3
SIM4
1
21
22
SIM5
SIM1
SIM2
SIM3
SIM4
1
21
22
SIM5
SIM1
SIM2
SIM3
SIM4
1
21
22
SIM5
SIM1
SIM2
SIM3
SIM4
1
21
22
SIM5
SIM1
SIM2
SIM3
SIM4
1
21
22
SIM5
SIM1
SIM2
SIM3
SIM4
1
21
22
SIM5
SIM1
SIM2
SIM3
SIM4
1
21
22
SIM5
SIM1
SIM2
SIM3
SIM4
1
21
22
SIM5
SIM1
SIM2
SIM3
SIM4
1
21
22
SIM5
SIM1
SIM2
SIM3
SIM4
1
21
22
SIM5
SIM1
SIM2
SIM3
SIM4
1
21
22
SIM5
SIM1
SIM2
SIM3
SIM4
1
21
22
SIM5
SIM1
SIM2
SIM3
SIM4
1
21
22
SIM5
SIM1
SIM2
SIM3
SIM4
1
21
22
SIM5
SIM1
SIM2
SIM3
SIM4
1
21
22
SIM5
SIM1
SIM2
SIM3
SIM4
1
21
22
SIM5
SIM1
SIM2
SIM3
SIM4
1
21
22
SIM5
SIM1
SIM2
SIM3
SIM4
1
21
22
SIM5
SIM1
SIM2
SIM3
SIM4
1
21
22
SIM5
SIM1
SIM2
SIM3
SIM4
1
21
22
SIM5
SIM1
SIM2
SIM3
SIM4
1
21
22
SIM5
SIM1
SIM2
SIM3
SIM4
1
21
22
SIM5
SIM1
SIM2
SIM3
SIM4
1
21
22
SIM5
SIM1
SIM2
SIM3
SIM4
1
21
22
SIM5
SIM1
SIM2
SIM3
SIM4
1
21
22
SIM5
SIM1
SIM2
SIM3
SIM4
1
21
22
SIM5
SIM1
SIM2
SIM3
SIM4
1
21
22
SIM5
SIM1
SIM2
SIM3
SIM4
1
21
22
SIM5
SIM1
SIM2
SIM3
SIM4
1
21
22
SIM5
SIM1
SIM2
SIM3
SIM4
1
21
22
SIM5
SIM1
SIM2
SIM3
SIM4
1
21
22
SIM5
SIM1
SIM2
SIM3
SIM4
1
21
22
SIM5
SIM1
SIM2
SIM3
SIM4
1
21
22
SIM5
SIM1
SIM2
SIM3
SIM4
1
21
22
SIM5
SIM1
SIM2
SIM3
SIM4
1
21
22
SIM5
SIM1
SIM2
SIM3
SIM4
1
21
22
SIM5
SIM1
SIM2
SIM3
SIM4
1
21
22
SIM5
SIM1
SIM2
SIM3
SIM4
1
21
22
SIM5
SIM1
SIM2
SIM3
SIM4
1
21
22
SIM5
SIM1
SIM2
SIM3
SIM4
1
21
22
SIM5
SIM1
SIM2
SIM3
SIM4
1
21
22
SIM5
SIM1
SIM2
SIM3
SIM4
1
21
22
SIM5
SIM1
SIM2
SIM3
SIM4
1
21
22
SIM5
SIM1
SIM2
SIM3
SIM4
1
21
22
SIM5
SIM1
SIM2
SIM3
SIM4
1
21
22
SIM5
SIM1
SIM2
SIM3
SIM4
1
21
22
SIM5
SIM1
SIM2
SIM3
SIM4
1
21
22
SIM5
SIM1
SIM2
SIM3
SIM4
1
21
22
SIM5
SIM1
SIM2
SIM3
SIM4
1
21
22
SIM5
SIM1
SIM2
SIM3
SIM4
1
21
22
SIM5
SIM1
SIM2
SIM3
SIM4
1
21
22
SIM5
SIM1
SIM2
SIM3
SIM4
1
21
22
SIM5
SIM1
SIM2
SIM3
SIM4
1
21
22
SIM5
SIM1
SIM2
SIM3
SIM4
1
21
22
SIM5
SIM1
SIM2
SIM3
SIM4
1
21
22
SIM5
SIM1
SIM2
SIM3
SIM4
1
21
22
SIM5
SIM1
SIM2
SIM3
SIM4
1
21
22
SIM5
SIM1
SIM2
SIM3
SIM4
1
21
22
SIM5
SIM1
SIM2
SIM3
SIM4
1
21
22
SIM5
SIM1
SIM2
SIM3
SIM4
1
21
22
SIM5
SIM1
SIM2
SIM3
SIM4
1
21
22
SIM5
SIM1
SIM2
SIM3
SIM4
1
21
22
SIM5
SIM1
SIM2
SIM3
SIM4
1
21
22
SIM5
SIM1
SIM2
SIM3
SIM4
1
21
22
SIM5
SIM1
SIM2
SIM3
SIM4
1
21
22
SIM5
SIM1
SIM2
SIM3
SIM4
1
21
22
SIM5
SIM1
SIM2
SIM3
SIM4
1
21
22
SIM5
SIM1
SIM2
SIM3
SIM4
1
21
22
SIM5
SIM1
SIM2
SIM3
SIM4
1
21
22
SIM5
SIM1
SIM2
SIM3
SIM4
1
21
22
SIM5
SIM1
SIM2
SIM3
SIM4
1
21
22
SIM5
SIM1
SIM2
SIM3
SIM4
1
21
22
SIM5
SIM1
SIM2
SIM3
SIM4
1
21
22
SIM5
SIM1
SIM2
SIM3
SIM4
1
21
22
SIM5
SIM1
SIM2
SIM3
SIM4
1
21
22
SIM5
SIM1
SIM2
SIM3
SIM4
1
21
22
SIM5
SIM1
SIM2
SIM3
SIM4
1
21
22
SIM5
SIM1
SIM2
SIM3
SIM4
1
21
22
SIM5
SIM1
SIM2
SIM3
SIM4
1
21
22
SIM5
SIM1
SIM2
SIM3
SIM4
1
21
22
SIM5
SIM1
SIM2
SIM3
SIM4
1
21
22
SIM5
SIM1
SIM2
SIM3
SIM4
1
21
22
SIM5
SIM1
SIM2
SIM3
SIM4
1
21
22
SIM5
SIM1
SIM2
SIM3
SIM4
1
21
22
SIM5
SIM1
SIM2
SIM3
SIM4
1
21
22
SIM5
SIM1
SIM2
SIM3
SIM4
1
21
22
SIM5
SIM1
SIM2
SIM3
SIM4
1
21
22
SIM5
SIM1
SIM2
SIM3
SIM4
1
21
22
SIM5
SIM1
SIM2
SIM3
SIM4
1
21
22
SIM5
SIM1
SIM2
SIM3
SIM4
1
21
22
SIM5
SIM1
SIM2
SIM3
SIM4
1
21
22
SIM5
SIM1
SIM2
SIM3
SIM4
1
21
22
SIM5
SIM1
SIM2
SIM3
SIM4
1
21
22
SIM5
SIM1
SIM2
SIM3
SIM4
1
21
22
SIM5
SIM1
SIM2
SIM3
SIM4
1
21
22
SIM5
SIM1
SIM2
SIM3
SIM4
1
21
22
SIM5
SIM1
SIM2
SIM3
SIM4
1
21
22
SIM5
SIM1
SIM2
SIM3
SIM4
1
21
22
SIM5
SIM1
SIM2
SIM3
SIM4
1
21
22
SIM5
SIM1
SIM2
SIM3
SIM4
1
21
22
SIM5
SIM1
SIM2
SIM3
SIM4
1
21
22
SIM5
SIM1
SIM2
SIM3
SIM4
1
21
22
SIM5
SIM1
SIM2
SIM3
SIM4
1
21
22
SIM5
SIM1
SIM2
SIM3
SIM4
1
21
22
SIM5
SIM1
SIM2
SIM3
SIM4
1
21
22
SIM5
SIM1
SIM2
SIM3
SIM4
1
21
22
SIM5
SIM1
SIM2
SIM3
SIM4
1
21
22
SIM5
SIM1
SIM2
SIM3
SIM4
1
21
22
SIM5
SIM1
SIM2
SIM3
SIM4
1
21
22
SIM5
SIM1
SIM2
SIM3
SIM4
1
21
22
SIM5
SIM1
SIM2
SIM3
SIM4
1
21
22
SIM5
SIM1
SIM2
SIM3
SIM4
1
21
22
SIM5
SIM1
SIM2
SIM3
SIM4
1
21
22
SIM5
SIM1
SIM2
SIM3
SIM4
1
21
22
SIM5
SIM1
SIM2
SIM3
SIM4
1
21
22
SIM5
SIM1
SIM2
SIM3
SIM4
1
21
22
SIM5
SIM1
SIM2
SIM3
SIM4
1
21
22
SIM5
SIM1
SIM2
SIM3
SIM4
1
21
22
SIM5
SIM1
SIM2
SIM3
SIM4
1
21
22
SIM5
SIM1
SIM2
SIM3
SIM4
1
21
22
SIM5
SIM1
SIM2
SIM3
SIM4
1
21
22
SIM5
SIM1
SIM2
SIM3
SIM4
1
21
22
SIM5
SIM1
SIM2
SIM3
SIM4
1
21
22
SIM5
SIM1
SIM2
SIM3
SIM4
1
21
22
SIM5
SIM1
SIM2
SIM3
SIM4
1
21
22
SIM5
SIM1
SIM2
SIM3
SIM4
1
21
22
SIM5
SIM1
SIM2
SIM3
SIM4
1
21
22
SIM5
SIM1
SIM2
SIM3
SIM4
1
21
22
SIM5
SIM1
SIM2
SIM3
SIM4
1
21
22
SIM5
SIM1
SIM2
SIM3
SIM4
1
21
22
SIM5
SIM1
SIM2
SIM3
SIM4
1
21
22
SIM5
SIM1
SIM2
SIM3
SIM4
1
21
22
SIM5
SIM1
SIM2
SIM3
SIM4
1
21
22
SIM5
SIM1
SIM2
SIM3
SIM4
1
21
22
SIM5
SIM1
SIM2
SIM3
SIM4
1
21
22
SIM5
SIM1
SIM2
SIM3
SIM4
1
21
22
SIM5
SIM1
SIM2
SIM3
SIM4
1
21
22
SIM5
SIM1
SIM2
SIM3
SIM4
1
21
22
SIM5
SIM1
SIM2
SIM3
SIM4
1
21
22
SIM5
SIM1
SIM2
SIM3
SIM4
1
21
22
SIM5
SIM1
SIM2
SIM3
SIM4
1
21
22
SIM5
SIM1
SIM2
SIM3
SIM4
1
21
22
SIM5
SIM1
SIM2
SIM3
SIM4
1
21
22
SIM5
SIM1
SIM2
SIM3
SIM4
1
21
22
SIM5
SIM1
SIM2
SIM3
SIM4
1
21
22
SIM5
SIM1
SIM2
SIM3
SIM4
1
21
22
SIM5
SIM1
SIM2
SIM3
SIM4
1
21
22
SIM5
SIM1
SIM2
SIM3
SIM4
1
21
22
SIM5
SIM1
SIM2
DEBUG 1 37
SIM1
SIM2
SIM3
SIM4
1
21
22
SIM5
SIM1
SIM2
SIM3
SIM4
1
21
22
SIM5
SIM1
SIM2
SIM3
SIM4
1
21
22
SIM5
SIM1
SIM2
SIM3
SIM4
1
21
22
SIM5
SIM1
SIM2
SIM3
SIM4
1
21
22
SIM5
SIM1
SIM2
SIM3
SIM4
1
21
22
SIM5
SIM1
SIM2
SIM3
SIM4
1
21
22
SIM5
SIM1
SIM2
SIM3
SIM4
1
21
22
SIM5
SIM1
SIM2
SIM3
SIM4
1
21
22
SIM5
SIM1
SIM2
SIM3
SIM4
1
21
22
SIM5
SIM1
SIM2
SIM3
SIM4
1
21
22
SIM5
SIM1
SIM2
SIM3
SIM4
1
21
22
SIM5
SIM1
SIM2
SIM3
SIM4
1
21
22
SIM5
SIM1
SIM2
SIM3
SIM4
1
21
22
SIM5
SIM1
SIM2
SIM3
SIM4
1
21
22
SIM5
SIM1
SIM2
SIM3
SIM4
1
21
22
SIM5
SIM1
SIM2
SIM3
SIM4
1
21
22
SIM5
SIM1
SIM2
SIM3
SIM4
1
21
22
SIM5
SIM1
SIM2
SIM3
SIM4
1
21
22
SIM5
SIM1
SIM2
SIM3
SIM4
1
21
22
SIM5
SIM1
SIM2
SIM3
SIM4
1
21
22
SIM5
SIM1
SIM2
SIM3
SIM4
1
21
22
SIM5
SIM1
SIM2
SIM3
SIM4
1
21
22
SIM5
SIM1
SIM2
SIM3
SIM4
1
21
22
SIM5
SIM1
SIM2
SIM3
SIM4
1
21
22
SIM5
SIM1
SIM2
SIM3
SIM4
1
21
22
SIM5
SIM1
SIM2
SIM3
SIM4
1
21
22
SIM5
SIM1
SIM2
SIM3
SIM4
1
21
22
SIM5
SIM1
SIM2
SIM3
SIM4
1
21
22
SIM5
SIM1
SIM2
SIM3
SIM4
1
21
22
SIM5
SIM1
SIM2
SIM3
SIM4
1
21
22
SIM5
SIM1
SIM2
SIM3
SIM4
1
21
22
SIM5
SIM1
SIM2
SIM3
SIM4
1
21
22
SIM5
SIM1
SIM2
SIM3
SIM4
1
21
22
SIM5
SIM1
SIM2
SIM3
SIM4
1
21
22
SIM5
SIM1
SIM2
SIM3
SIM4
1
21
22
SIM5
SIM1
SIM2
SIM3
SIM4
1
21
22
SIM5
SIM1
SIM2
SIM3
SIM4
1
21
22
SIM5
SIM1
SIM2
SIM3
SIM4
1
21
22
SIM5
SIM1
SIM2
SIM3
SIM4
1
21
22
SIM5
SIM1
SIM2
SIM3
SIM4
1
21
22
SIM5
SIM1
SIM2
SIM3
SIM4
1
21
22
SIM5
SIM1
SIM2
SIM3
SIM4
1
21
22
SIM5
SIM1
SIM2
SIM3
SIM4
1
21
22
SIM5
SIM1
SIM2
SIM3
SIM4
1
21
22
SIM5
SIM1
SIM2
SIM3
SIM4
1
21
22
SIM5
SIM1
SIM2
SIM3
SIM4
1
21
22
SIM5
SIM1
SIM2
SIM3
SIM4
1
21
22
SIM5
SIM1
SIM2
SIM3
SIM4
1
21
22
SIM5
SIM1
SIM2
SIM3
SIM4
1
21
22
SIM5
SIM1
SIM2
SIM3
SIM4
1
21
22
SIM5
SIM1
SIM2
SIM3
SIM4
1
21
22
SIM5
SIM1
SIM2
SIM3
SIM4
1
21
22
SIM5
SIM1
SIM2
SIM3
SIM4
1
21
22
SIM5
SIM1
SIM2
SIM3
SIM4
1
21
22
SIM5
SIM1
SIM2
SIM3
SIM4
1
21
22
SIM5
SIM1
SIM2
SIM3
SIM4
1
21
22
SIM5
SIM1
SIM2
SIM3
SIM4
1
21
22
SIM5
SIM1
SIM2
SIM3
SIM4
1
21
22
SIM5
SIM1
SIM2
SIM3
SIM4
1
21
22
SIM5
SIM1
SIM2
SIM3
SIM4
1
21
22
SIM5
SIM1
SIM2
SIM3
SIM4
1
21
22
SIM5
SIM1
SIM2
SIM3
SIM4
1
21
22
SIM5
SIM1
SIM2
SIM3
SIM4
1
21
22
SIM5
SIM1
SIM2
SIM3
SIM4
1
21
22
SIM5
SIM1
SIM2
SIM3
SIM4
1
21
22
SIM5
SIM1
SIM2
SIM3
SIM4
1
21
22
SIM5
SIM1
SIM2
SIM3
SIM4
1
21
22
SIM5
SIM1
SIM2
SIM3
SIM4
1
21
22
SIM5
SIM1
SIM2
SIM3
SIM4
1
21
22
SIM5
SIM1
SIM2
SIM3
SIM4
1
21
22
SIM5
SIM1
SIM2
SIM3
SIM4
1
21
22
SIM5
SIM1
SIM2
SIM3
SIM4
1
21
22
SIM5
SIM1
SIM2
SIM3
SIM4
1
21
22
SIM5
SIM1
SIM2
SIM3
SIM4
1
21
22
SIM5
SIM1
SIM2
SIM3
SIM4
1
21
22
SIM5
SIM1
SIM2
SIM3
SIM4
1
21
22
SIM5
SIM1
SIM2
SIM3
SIM4
1
21
22
SIM5
SIM1
SIM2
SIM3
SIM4
1
21
22
SIM5
SIM1
SIM2
SIM3
SIM4
1
21
22
SIM5
SIM1
SIM2
SIM3
SIM4
1
21
22
SIM5
SIM1
SIM2
SIM3
SIM4
1
21
22
SIM5
SIM1
SIM2
SIM3
SIM4
1
21
22
SIM5
SIM1
SIM2
SIM3
SIM4
1
21
22
SIM5
SIM1
SIM2
SIM3
SIM4
1
21
22
SIM5
SIM1
SIM2
SIM3
SIM4
1
21
22
SIM5
SIM1
SIM2
SIM3
SIM4
1
21
22
SIM5
SIM1
SIM2
SIM3
SIM4
1
21
22
SIM5
SIM1
SIM2
SIM3
SIM4
1
21
22
SIM5
SIM1
SIM2
SIM3
SIM4
1
21
22
SIM5
SIM1
SIM2
SIM3
SIM4
1
21
22
SIM5
SIM1
SIM2
SIM3
SIM4
1
21
22
SIM5
SIM1
SIM2
SIM3
SIM4
1
21
22
SIM5
SIM1
SIM2
SIM3
SIM4
1
21
22
SIM5
SIM1
SIM2
SIM3
SIM4
1
21
22
SIM5
SIM1
SIM2
SIM3
SIM4
1
21
22
SIM5
SIM1
SIM2
SIM3
SIM4
1
21
22
SIM5
SIM1
SIM2
SIM3
SIM4
1
21
22
SIM5
SIM1
SIM2
SIM3
SIM4
1
21
22
SIM5
SIM1
SIM2
SIM3
SIM4
1
21
22
SIM5
SIM1
SIM2
SIM3
SIM4
1
21
22
SIM5
SIM1
SIM2
SIM3
SIM4
1
21
22
SIM5
SIM1
SIM2
SIM3
SIM4
1
21
22
SIM5
SIM1
SIM2
SIM3
SIM4
1
21
22
SIM5
SIM1
SIM2
SIM3
SIM4
1
21
22
SIM5
SIM1
SIM2
SIM3
SIM4
1
21
22
SIM5
SIM1
SIM2
SIM3
SIM4
1
21
22
SIM5
SIM1
SIM2
SIM3
SIM4
1
21
22
SIM5
SIM1
SIM2
SIM3
SIM4
1
21
22
SIM5
SIM1
SIM2
SIM3
SIM4
1
21
22
SIM5
SIM1
SIM2
SIM3
SIM4
1
21
22
SIM5
SIM1
SIM2
SIM3
SIM4
1
21
22
SIM5
SIM1
SIM2
SIM3
SIM4
1
21
22
SIM5
SIM1
SIM2
SIM3
SIM4
1
21
22
SIM5
SIM1
SIM2
SIM3
SIM4
1
21
22
SIM5
SIM1
SIM2
SIM3
SIM4
1
21
22
SIM5
SIM1
SIM2
SIM3
SIM4
1
21
22
SIM5
SIM1
SIM2
SIM3
SIM4
1
21
22
SIM5
SIM1
SIM2
SIM3
SIM4
1
21
22
SIM5
SIM1
SIM2
SIM3
SIM4
1
21
22
SIM5
SIM1
SIM2
SIM3
SIM4
1
21
22
SIM5
SIM1
SIM2
SIM3
SIM4
1
21
22
SIM5
SIM1
SIM2
SIM3
SIM4
1
21
22
SIM5
SIM1
SIM2
SIM3
SIM4
1
21
22
SIM5
SIM1
SIM2
SIM3
SIM4
1
21
22
SIM5
SIM1
SIM2
SIM3
SIM4
1
21
22
SIM5
SIM1
SIM2
SIM3
SIM4
1
21
22
SIM5
SIM1
SIM2
SIM3
SIM4
1
21
22
SIM5
SIM1
SIM2
SIM3
SIM4
1
21
22
SIM5
SIM1
SIM2
SIM3
SIM4
1
21
22
SIM5
SIM1
SIM2
SIM3
SIM4
1
21
22
SIM5
SIM1
SIM2
SIM3
SIM4
1
21
22
SIM5
SIM1
SIM2
SIM3
SIM4
1
21
22
SIM5
SIM1
SIM2
SIM3
SIM4
1
21
22
SIM5
SIM1
SIM2
DEBUG 1 38
SIM1
SIM2
SIM3
SIM4
1
21
22
SIM5
SIM1
SIM2
SIM3
SIM4
1
21
22
SIM5
SIM1
SIM2
SIM3
SIM4
1
21
22
SIM5
SIM1
SIM2
SIM3
SIM4
1
21
22
SIM5
SIM1
SIM2
SIM3
SIM4
1
21
22
SIM5
SIM1
SIM2
SIM3
SIM4
1
21
22
SIM5
SIM1
SIM2
SIM3
SIM4
1
21
22
SIM5
SIM1
SIM2
SIM3
SIM4
1
21
22
SIM5
SIM1
SIM2
SIM3
SIM4
1
21
22
SIM5
SIM1
SIM2
SIM3
SIM4
1
21
22
SIM5
SIM1
SIM2
SIM3
SIM4
1
21
22
SIM5
SIM1
SIM2
SIM3
SIM4
1
21
22
SIM5
SIM1
SIM2
SIM3
SIM4
1
21
22
SIM5
SIM1
SIM2
SIM3
SIM4
1
21
22
SIM5
SIM1
SIM2
SIM3
SIM4
1
21
22
SIM5
SIM1
SIM2
SIM3
SIM4
1
21
22
SIM5
SIM1
SIM2
SIM3
SIM4
1
21
22
SIM5
SIM1
SIM2
SIM3
SIM4
1
21
22
SIM5
SIM1
SIM2
SIM3
SIM4
1
21
22
SIM5
SIM1
SIM2
SIM3
SIM4
1
21
22
SIM5
SIM1
SIM2
SIM3
SIM4
1
21
22
SIM5
SIM1
SIM2
SIM3
SIM4
1
21
22
SIM5
SIM1
SIM2
SIM3
SIM4
1
21
22
SIM5
SIM1
SIM2
SIM3
SIM4
1
21
22
SIM5
SIM1
SIM2
SIM3
SIM4
1
21
22
SIM5
SIM1
SIM2
SIM3
SIM4
1
21
22
SIM5
SIM1
SIM2
SIM3
SIM4
1
21
22
SIM5
SIM1
SIM2
SIM3
SIM4
1
21
22
SIM5
SIM1
SIM2
SIM3
SIM4
1
21
22
SIM5
SIM1
SIM2
SIM3
SIM4
1
21
22
SIM5
SIM1
SIM2
SIM3
SIM4
1
21
22
SIM5
SIM1
SIM2
SIM3
SIM4
1
21
22
SIM5
SIM1
SIM2
SIM3
SIM4
1
21
22
SIM5
SIM1
SIM2
SIM3
SIM4
1
21
22
SIM5
SIM1
SIM2
SIM3
SIM4
1
21
22
SIM5
SIM1
SIM2
SIM3
SIM4
1
21
22
SIM5
SIM1
SIM2
SIM3
SIM4
1
21
22
SIM5
SIM1
SIM2
SIM3
SIM4
1
21
22
SIM5
SIM1
SIM2
SIM3
SIM4
1
21
22
SIM5
SIM1
SIM2
SIM3
SIM4
1
21
22
SIM5
SIM1
SIM2
SIM3
SIM4
1
21
22
SIM5
SIM1
SIM2
SIM3
SIM4
1
21
22
SIM5
SIM1
SIM2
SIM3
SIM4
1
21
22
SIM5
SIM1
SIM2
SIM3
SIM4
1
21
22
SIM5
SIM1
SIM2
SIM3
SIM4
1
21
22
SIM5
SIM1
SIM2
SIM3
SIM4
1
21
22
SIM5
SIM1
SIM2
SIM3
SIM4
1
21
22
SIM5
SIM1
SIM2
SIM3
SIM4
1
21
22
SIM5
SIM1
SIM2
SIM3
SIM4
1
21
22
SIM5
SIM1
SIM2
SIM3
SIM4
1
21
22
SIM5
SIM1
SIM2
SIM3
SIM4
1
21
22
SIM5
SIM1
SIM2
SIM3
SIM4
1
21
22
SIM5
SIM1
SIM2
SIM3
SIM4
1
21
22
SIM5
SIM1
SIM2
SIM3
SIM4
1
21
22
SIM5
SIM1
SIM2
SIM3
SIM4
1
21
22
SIM5
SIM1
SIM2
SIM3
SIM4
1
21
22
SIM5
SIM1
SIM2
SIM3
SIM4
1
21
22
SIM5
SIM1
SIM2
SIM3
SIM4
1
21
22
SIM5
SIM1
SIM2
SIM3
SIM4
1
21
22
SIM5
SIM1
SIM2
SIM3
SIM4
1
21
22
SIM5
SIM1
SIM2
SIM3
SIM4
1
21
22
SIM5
SIM1
SIM2
SIM3
SIM4
1
21
22
SIM5
SIM1
SIM2
SIM3
SIM4
1
21
22
SIM5
SIM1
SIM2
SIM3
SIM4
1
21
22
SIM5
SIM1
SIM2
SIM3
SIM4
1
21
22
SIM5
SIM1
SIM2
SIM3
SIM4
1
21
22
SIM5
SIM1
SIM2
SIM3
SIM4
1
21
22
SIM5
SIM1
SIM2
SIM3
SIM4
1
21
22
SIM5
SIM1
SIM2
SIM3
SIM4
1
21
22
SIM5
SIM1
SIM2
SIM3
SIM4
1
21
22
SIM5
SIM1
SIM2
SIM3
SIM4
1
21
22
SIM5
SIM1
SIM2
SIM3
SIM4
1
21
22
SIM5
SIM1
SIM2
SIM3
SIM4
1
21
22
SIM5
SIM1
SIM2
SIM3
SIM4
1
21
22
SIM5
SIM1
SIM2
SIM3
SIM4
1
21
22
SIM5
SIM1
SIM2
SIM3
SIM4
1
21
22
SIM5
SIM1
SIM2
SIM3
SIM4
1
21
22
SIM5
SIM1
SIM2
SIM3
SIM4
1
21
22
SIM5
SIM1
SIM2
SIM3
SIM4
1
21
22
SIM5
SIM1
SIM2
SIM3
SIM4
1
21
22
SIM5
SIM1
SIM2
SIM3
SIM4
1
21
22
SIM5
SIM1
SIM2
SIM3
SIM4
1
21
22
SIM5
SIM1
SIM2
SIM3
SIM4
1
21
22
SIM5
SIM1
SIM2
SIM3
SIM4
1
21
22
SIM5
SIM1
SIM2
SIM3
SIM4
1
21
22
SIM5
SIM1
SIM2
SIM3
SIM4
1
21
22
SIM5
SIM1
SIM2
SIM3
SIM4
1
21
22
SIM5
SIM1
SIM2
SIM3
SIM4
1
21
22
SIM5
SIM1
SIM2
SIM3
SIM4
1
21
22
SIM5
SIM1
SIM2
SIM3
SIM4
1
21
22
SIM5
SIM1
SIM2
SIM3
SIM4
1
21
22
SIM5
SIM1
SIM2
SIM3
SIM4
1
21
22
SIM5
SIM1
SIM2
SIM3
SIM4
1
21
22
SIM5
SIM1
SIM2
SIM3
SIM4
1
21
22
SIM5
SIM1
SIM2
SIM3
SIM4
1
21
22
SIM5
SIM1
SIM2
SIM3
SIM4
1
21
22
SIM5
SIM1
SIM2
SIM3
SIM4
1
21
22
SIM5
SIM1
SIM2
SIM3
SIM4
1
21
22
SIM5
SIM1
SIM2
SIM3
SIM4
1
21
22
SIM5
SIM1
SIM2
SIM3
SIM4
1
21
22
SIM5
SIM1
SIM2
SIM3
SIM4
1
21
22
SIM5
SIM1
SIM2
SIM3
SIM4
1
21
22
SIM5
SIM1
SIM2
SIM3
SIM4
1
21
22
SIM5
SIM1
SIM2
SIM3
SIM4
1
21
22
SIM5
SIM1
SIM2
SIM3
SIM4
1
21
22
SIM5
SIM1
SIM2
SIM3
SIM4
1
21
22
SIM5
SIM1
SIM2
SIM3
SIM4
1
21
22
SIM5
SIM1
SIM2
SIM3
SIM4
1
21
22
SIM5
SIM1
SIM2
SIM3
SIM4
1
21
22
SIM5
SIM1
SIM2
SIM3
SIM4
1
21
22
SIM5
SIM1
SIM2
SIM3
SIM4
1
21
22
SIM5
SIM1
SIM2
SIM3
SIM4
1
21
22
SIM5
SIM1
SIM2
SIM3
SIM4
1
21
22
SIM5
SIM1
SIM2
SIM3
SIM4
1
21
22
SIM5
SIM1
SIM2
SIM3
SIM4
1
21
22
SIM5
SIM1
SIM2
SIM3
SIM4
1
21
22
SIM5
SIM1
SIM2
SIM3
SIM4
1
21
22
SIM5
SIM1
SIM2
SIM3
SIM4
1
21
22
SIM5
SIM1
SIM2
SIM3
SIM4
1
21
22
SIM5
SIM1
SIM2
SIM3
SIM4
1
21
22
SIM5
SIM1
SIM2
SIM3
SIM4
1
21
22
SIM5
SIM1
SIM2
SIM3
SIM4
1
21
22
SIM5
SIM1
SIM2
SIM3
SIM4
1
21
22
SIM5
SIM1
SIM2
SIM3
SIM4
1
21
22
SIM5
SIM1
SIM2
SIM3
SIM4
1
21
22
SIM5
SIM1
SIM2
SIM3
SIM4
1
21
22
SIM5
SIM1
SIM2
SIM3
SIM4
1
21
22
SIM5
SIM1
SIM2
SIM3
SIM4
1
21
22
SIM5
SIM1
SIM2
SIM3
SIM4
1
21
22
SIM5
SIM1
SIM2
SIM3
SIM4
1
21
22
SIM5
SIM1
SIM2
SIM3
SIM4
1
21
22
SIM5
SIM1
SIM2
SIM3
SIM4
1
21
22
SIM5
SIM1
SIM2
SIM3
SIM4
1
21
22
SIM5
SIM1
SIM2
SIM3
SIM4
1
21
22
SIM5
SIM1
SIM2
SIM3
SIM4
1
21
22
SIM5
SIM1
SIM2
SIM3
SIM4
1
21
22
SIM5
SIM1
SIM2
SIM3
SIM4
1
21
22
SIM5
SIM1
SIM2
SIM3
SIM4
1
21
22
SIM5
SIM1
SIM2
SIM3
SIM4
1
21
22
SIM5
SIM1
SIM2
SIM3
SIM4
1
21
22
SIM5
SIM1
SIM2
SIM3
SIM4
1
21
22
SIM5
SIM1
SIM2
SIM3
SIM4
1
21
22
SIM5
SIM1
SIM2
SIM3
SIM4
1
21
22
SIM5
SIM1
SIM2
SIM3
SIM4
1
21
22
SIM5
SIM1
SIM2
SIM3
SIM4
1
21
22
SIM5
SIM1
SIM2
SIM3
SIM4
1
21
22
SIM5
SIM1
SIM2
SIM3
SIM4
1
21
22
SIM5
SIM1
SIM2
SIM3
SIM4
1
21
22
SIM5
SIM1
SIM2
SIM3
SIM4
1
21
22
SIM5
SIM1
SIM2
SIM3
SIM4
1
21
22
SIM5
SIM1
SIM2
SIM3
SIM4
1
21
22
SIM5
SIM1
SIM2
SIM3
SIM4
1
21
22
SIM5
SIM1
SIM2
SIM3
SIM4
1
21
22
SIM5
SIM1
SIM2
SIM3
SIM4
1
21
22
SIM5
SIM1
SIM2
SIM3
SIM4
1
21
22
SIM5
SIM1
SIM2
SIM3
SIM4
1
21
22
SIM5
SIM1
SIM2
SIM3
SIM4
1
21
22
SIM5
SIM1
SIM2
SIM3
SIM4
1
21
22
SIM5
SIM1
SIM2
SIM3
SIM4
1
21
22
SIM5
SIM1
SIM2
SIM3
SIM4
1
21
22
SIM5
SIM1
SIM2
SIM3
SIM4
1
21
22
SIM5
SIM1
SIM2
SIM3
SIM4
1
21
22
SIM5
SIM1
SIM2
SIM3
SIM4
1
21
22
SIM5
SIM1
SIM2
SIM3
SIM4
1
21
22
SIM5
SIM1
SIM2
SIM3
SIM4
1
21
22
SIM5
SIM1
SIM2
SIM3
SIM4
1
21
22
SIM5
SIM1
SIM2
SIM3
SIM4
1
21
22
SIM5
SIM1
SIM2
SIM3
SIM4
1
21
22
SIM5
SIM1
SIM2
SIM3
SIM4
1
21
22
SIM5
SIM1
SIM2
SIM3
SIM4
1
21
22
SIM5
SIM1
SIM2
SIM3
SIM4
1
21
22
SIM5
SIM1
SIM2
SIM3
SIM4
1
21
22
SIM5
SIM1
SIM2
SIM3
SIM4
1
21
22
SIM5
SIM1
SIM2
SIM3
SIM4
1
21
22
SIM5
SIM1
SIM2
SIM3
SIM4
1
21
22
SIM5
SIM1
SIM2
SIM3
SIM4
1
21
22
SIM5
SIM1
SIM2
SIM3
SIM4
1
21
22
SIM5
SIM1
SIM2
SIM3
SIM4
1
21
22
SIM5
SIM1
SIM2
SIM3
SIM4
1
21
22
SIM5
SIM1
SIM2
SIM3
SIM4
1
21
22
SIM5
SIM1
SIM2
SIM3
SIM4
1
21
22
SIM5
SIM1
SIM2
SIM3
SIM4
1
21
22
SIM5
SIM1
SIM2
SIM3
SIM4
1
21
22
SIM5
SIM1
SIM2
SIM3
SIM4
1
21
22
SIM5
SIM1
SIM2
SIM3
SIM4
1
21
22
SIM5
SIM1
SIM2
SIM3
SIM4
1
21
22
SIM5
SIM1
SIM2
SIM3
SIM4
1
21
22
SIM5
SIM1
SIM2
SIM3
SIM4
1
21
22
SIM5
SIM1
SIM2
SIM3
SIM4
1
21
22
SIM5
SIM1
SIM2
SIM3
SIM4
1
21
22
SIM5
SIM1
SIM2
SIM3
SIM4
1
21
22
SIM5
SIM1
SIM2
SIM3
SIM4
1
21
22
SIM5
SIM1
SIM2
SIM3
SIM4
1
21
22
SIM5
SIM1
SIM2
SIM3
SIM4
1
21
22
SIM5
SIM1
SIM2
SIM3
SIM4
1
21
22
SIM5
SIM1
SIM2
SIM3
SIM4
1
21
22
SIM5
SIM1
SIM2
SIM3
SIM4
1
21
22
SIM5
SIM1
SIM2
SIM3
SIM4
1
21
22
SIM5
SIM1
SIM2
SIM3
SIM4
1
21
22
SIM5
SIM1
SIM2
SIM3
SIM4
1
21
22
SIM5
SIM1
SIM2
SIM3
SIM4
1
21
22
SIM5
SIM1
SIM2
SIM3
SIM4
1
21
22
SIM5
SIM1
SIM2
SIM3
SIM4
1
21
22
SIM5
SIM1
SIM2
SIM3
SIM4
1
21
22
SIM5
SIM1
SIM2
SIM3
SIM4
1
21
22
SIM5
SIM1
SIM2
SIM3
SIM4
1
21
22
SIM5
SIM1
SIM2
DEBUG 1 39
SIM1
SIM2
SIM3
SIM4
1
21
22
SIM5
SIM1
SIM2
SIM3
SIM4
1
21
22
SIM5
SIM1
SIM2
SIM3
SIM4
1
21
22
SIM5
SIM1
SIM2
SIM3
SIM4
1
21
22
SIM5
SIM1
SIM2
SIM3
SIM4
1
21
22
SIM5
SIM1
SIM2
SIM3
SIM4
1
21
22
SIM5
SIM1
SIM2
SIM3
SIM4
1
21
22
SIM5
SIM1
SIM2
SIM3
SIM4
1
21
22
SIM5
SIM1
SIM2
SIM3
SIM4
1
21
22
SIM5
SIM1
SIM2
SIM3
SIM4
1
21
22
SIM5
SIM1
SIM2
SIM3
SIM4
1
21
22
SIM5
SIM1
SIM2
SIM3
SIM4
1
21
22
SIM5
SIM1
SIM2
SIM3
SIM4
1
21
22
SIM5
SIM1
SIM2
SIM3
SIM4
1
21
22
SIM5
SIM1
SIM2
SIM3
SIM4
1
21
22
SIM5
SIM1
SIM2
SIM3
SIM4
1
21
22
SIM5
SIM1
SIM2
SIM3
SIM4
1
21
22
SIM5
SIM1
SIM2
SIM3
SIM4
1
21
22
SIM5
SIM1
SIM2
SIM3
SIM4
1
21
22
SIM5
SIM1
SIM2
SIM3
SIM4
1
21
22
SIM5
SIM1
SIM2
SIM3
SIM4
1
21
22
SIM5
SIM1
SIM2
SIM3
SIM4
1
21
22
SIM5
SIM1
SIM2
SIM3
SIM4
1
21
22
SIM5
SIM1
SIM2
SIM3
SIM4
1
21
22
SIM5
SIM1
SIM2
SIM3
SIM4
1
21
22
SIM5
SIM1
SIM2
SIM3
SIM4
1
21
22
SIM5
SIM1
SIM2
SIM3
SIM4
1
21
22
SIM5
SIM1
SIM2
SIM3
SIM4
1
21
22
SIM5
SIM1
SIM2
SIM3
SIM4
1
21
22
SIM5
SIM1
SIM2
SIM3
SIM4
1
21
22
SIM5
SIM1
SIM2
SIM3
SIM4
1
21
22
SIM5
SIM1
SIM2
SIM3
SIM4
1
21
22
SIM5
SIM1
SIM2
SIM3
SIM4
1
21
22
SIM5
SIM1
SIM2
SIM3
SIM4
1
21
22
SIM5
SIM1
SIM2
SIM3
SIM4
1
21
22
SIM5
SIM1
SIM2
SIM3
SIM4
1
21
22
SIM5
SIM1
SIM2
SIM3
SIM4
1
21
22
SIM5
SIM1
SIM2
SIM3
SIM4
1
21
22
SIM5
SIM1
SIM2
SIM3
SIM4
1
21
22
SIM5
SIM1
SIM2
SIM3
SIM4
1
21
22
SIM5
SIM1
SIM2
SIM3
SIM4
1
21
22
SIM5
SIM1
SIM2
SIM3
SIM4
1
21
22
SIM5
SIM1
SIM2
SIM3
SIM4
1
21
22
SIM5
SIM1
SIM2
SIM3
SIM4
1
21
22
SIM5
SIM1
SIM2
SIM3
SIM4
1
21
22
SIM5
SIM1
SIM2
SIM3
SIM4
1
21
22
SIM5
SIM1
SIM2
SIM3
SIM4
1
21
22
SIM5
SIM1
SIM2
SIM3
SIM4
1
21
22
SIM5
SIM1
SIM2
SIM3
SIM4
1
21
22
SIM5
SIM1
SIM2
SIM3
SIM4
1
21
22
SIM5
SIM1
SIM2
SIM3
SIM4
1
21
22
SIM5
SIM1
SIM2
SIM3
SIM4
1
21
22
SIM5
SIM1
SIM2
SIM3
SIM4
1
21
22
SIM5
SIM1
SIM2
SIM3
SIM4
1
21
22
SIM5
SIM1
SIM2
SIM3
SIM4
1
21
22
SIM5
SIM1
SIM2
SIM3
SIM4
1
21
22
SIM5
SIM1
SIM2
SIM3
SIM4
1
21
22
SIM5
SIM1
SIM2
SIM3
SIM4
1
21
22
SIM5
SIM1
SIM2
SIM3
SIM4
1
21
22
SIM5
SIM1
SIM2
SIM3
SIM4
1
21
22
SIM5
SIM1
SIM2
SIM3
SIM4
1
21
22
SIM5
SIM1
SIM2
SIM3
SIM4
1
21
22
SIM5
SIM1
SIM2
SIM3
SIM4
1
21
22
SIM5
SIM1
SIM2
SIM3
SIM4
1
21
22
SIM5
SIM1
SIM2
SIM3
SIM4
1
21
22
SIM5
SIM1
SIM2
SIM3
SIM4
1
21
22
SIM5
SIM1
SIM2
SIM3
SIM4
1
21
22
SIM5
SIM1
SIM2
SIM3
SIM4
1
21
22
SIM5
SIM1
SIM2
SIM3
SIM4
1
21
22
SIM5
SIM1
SIM2
SIM3
SIM4
1
21
22
SIM5
SIM1
SIM2
SIM3
SIM4
1
21
22
SIM5
SIM1
SIM2
SIM3
SIM4
1
21
22
SIM5
SIM1
SIM2
SIM3
SIM4
1
21
22
SIM5
SIM1
SIM2
SIM3
SIM4
1
21
22
SIM5
SIM1
SIM2
SIM3
SIM4
1
21
22
SIM5
SIM1
SIM2
SIM3
SIM4
1
21
22
SIM5
SIM1
SIM2
SIM3
SIM4
1
21
22
SIM5
SIM1
SIM2
SIM3
SIM4
1
21
22
SIM5
SIM1
SIM2
SIM3
SIM4
1
21
22
SIM5
SIM1
SIM2
SIM3
SIM4
1
21
22
SIM5
SIM1
SIM2
SIM3
SIM4
1
21
22
SIM5
SIM1
SIM2
SIM3
SIM4
1
21
22
SIM5
SIM1
SIM2
SIM3
SIM4
1
21
22
SIM5
SIM1
SIM2
SIM3
SIM4
1
21
22
SIM5
SIM1
SIM2
SIM3
SIM4
1
21
22
SIM5
SIM1
SIM2
SIM3
SIM4
1
21
22
SIM5
SIM1
SIM2
SIM3
SIM4
1
21
22
SIM5
SIM1
SIM2
SIM3
SIM4
1
21
22
SIM5
SIM1
SIM2
SIM3
SIM4
1
21
22
SIM5
SIM1
SIM2
SIM3
SIM4
1
21
22
SIM5
SIM1
SIM2
SIM3
SIM4
1
21
22
SIM5
SIM1
SIM2
SIM3
SIM4
1
21
22
SIM5
SIM1
SIM2
SIM3
SIM4
1
21
22
SIM5
SIM1
SIM2
SIM3
SIM4
1
21
22
SIM5
SIM1
SIM2
SIM3
SIM4
1
21
22
SIM5
SIM1
SIM2
SIM3
SIM4
1
21
22
SIM5
SIM1
SIM2
SIM3
SIM4
1
21
22
SIM5
SIM1
SIM2
SIM3
SIM4
1
21
22
SIM5
SIM1
SIM2
SIM3
SIM4
1
21
22
SIM5
SIM1
SIM2
SIM3
SIM4
1
21
22
SIM5
SIM1
SIM2
SIM3
SIM4
1
21
22
SIM5
SIM1
SIM2
SIM3
SIM4
1
21
22
SIM5
SIM1
SIM2
SIM3
SIM4
1
21
22
SIM5
SIM1
SIM2
SIM3
SIM4
1
21
22
SIM5
SIM1
SIM2
SIM3
SIM4
1
21
22
SIM5
SIM1
SIM2
SIM3
SIM4
1
21
22
SIM5
SIM1
SIM2
SIM3
SIM4
1
21
22
SIM5
SIM1
SIM2
SIM3
SIM4
1
21
22
SIM5
SIM1
SIM2
SIM3
SIM4
1
21
22
SIM5
SIM1
SIM2
SIM3
SIM4
1
21
22
SIM5
SIM1
SIM2
SIM3
SIM4
1
21
22
SIM5
SIM1
SIM2
SIM3
SIM4
1
21
22
SIM5
SIM1
SIM2
SIM3
SIM4
1
21
22
SIM5
SIM1
SIM2
SIM3
SIM4
1
21
22
SIM5
SIM1
SIM2
DEBUG 1 40
SIM1
SIM2
SIM3
SIM4
1
21
22
SIM5
SIM1
SIM2
SIM3
SIM4
1
21
22
SIM5
SIM1
SIM2
SIM3
SIM4
1
21
22
SIM5
SIM1
SIM2
SIM3
SIM4
1
21
22
SIM5
SIM1
SIM2
SIM3
SIM4
1
21
22
SIM5
SIM1
SIM2
SIM3
SIM4
1
21
22
SIM5
SIM1
SIM2
SIM3
SIM4
1
21
22
SIM5
SIM1
SIM2
SIM3
SIM4
1
21
22
SIM5
SIM1
SIM2
SIM3
SIM4
1
21
22
SIM5
SIM1
SIM2
SIM3
SIM4
1
21
22
SIM5
SIM1
SIM2
SIM3
SIM4
1
21
22
SIM5
SIM1
SIM2
SIM3
SIM4
1
21
22
SIM5
SIM1
SIM2
SIM3
SIM4
1
21
22
SIM5
SIM1
SIM2
SIM3
SIM4
1
21
22
SIM5
SIM1
SIM2
SIM3
SIM4
1
21
22
SIM5
SIM1
SIM2
SIM3
SIM4
1
21
22
SIM5
SIM1
SIM2
SIM3
SIM4
1
21
22
SIM5
SIM1
SIM2
SIM3
SIM4
1
21
22
SIM5
SIM1
SIM2
SIM3
SIM4
1
21
22
SIM5
SIM1
SIM2
SIM3
SIM4
1
21
22
SIM5
SIM1
SIM2
SIM3
SIM4
1
21
22
SIM5
SIM1
SIM2
SIM3
SIM4
1
21
22
SIM5
SIM1
SIM2
SIM3
SIM4
1
21
22
SIM5
SIM1
SIM2
SIM3
SIM4
1
21
22
SIM5
SIM1
SIM2
SIM3
SIM4
1
21
22
SIM5
SIM1
SIM2
SIM3
SIM4
1
21
22
SIM5
SIM1
SIM2
SIM3
SIM4
1
21
22
SIM5
SIM1
SIM2
SIM3
SIM4
1
21
22
SIM5
SIM1
SIM2
SIM3
SIM4
1
21
22
SIM5
SIM1
SIM2
SIM3
SIM4
1
21
22
SIM5
SIM1
SIM2
SIM3
SIM4
1
21
22
SIM5
SIM1
SIM2
SIM3
SIM4
1
21
22
SIM5
SIM1
SIM2
SIM3
SIM4
1
21
22
SIM5
SIM1
SIM2
SIM3
SIM4
1
21
22
SIM5
SIM1
SIM2
SIM3
SIM4
1
21
22
SIM5
SIM1
SIM2
SIM3
SIM4
1
21
22
SIM5
SIM1
SIM2
SIM3
SIM4
1
21
22
SIM5
SIM1
SIM2
SIM3
SIM4
1
21
22
SIM5
SIM1
SIM2
SIM3
SIM4
1
21
22
SIM5
SIM1
SIM2
SIM3
SIM4
1
21
22
SIM5
SIM1
SIM2
SIM3
SIM4
1
21
22
SIM5
SIM1
SIM2
SIM3
SIM4
1
21
22
SIM5
SIM1
SIM2
SIM3
SIM4
1
21
22
SIM5
SIM1
SIM2
SIM3
SIM4
1
21
22
SIM5
SIM1
SIM2
SIM3
SIM4
1
21
22
SIM5
SIM1
SIM2
SIM3
SIM4
1
21
22
SIM5
SIM1
SIM2
SIM3
SIM4
1
21
22
SIM5
SIM1
SIM2
SIM3
SIM4
1
21
22
SIM5
SIM1
SIM2
SIM3
SIM4
1
21
22
SIM5
SIM1
SIM2
SIM3
SIM4
1
21
22
SIM5
SIM1
SIM2
SIM3
SIM4
1
21
22
SIM5
SIM1
SIM2
SIM3
SIM4
1
21
22
SIM5
SIM1
SIM2
SIM3
SIM4
1
21
22
SIM5
SIM1
SIM2
SIM3
SIM4
1
21
22
SIM5
SIM1
SIM2
SIM3
SIM4
1
21
22
SIM5
SIM1
SIM2
SIM3
SIM4
1
21
22
SIM5
SIM1
SIM2
SIM3
SIM4
1
21
22
SIM5
SIM1
SIM2
SIM3
SIM4
1
21
22
SIM5
SIM1
SIM2
SIM3
SIM4
1
21
22
SIM5
SIM1
SIM2
SIM3
SIM4
1
21
22
SIM5
SIM1
SIM2
SIM3
SIM4
1
21
22
SIM5
SIM1
SIM2
SIM3
SIM4
1
21
22
SIM5
SIM1
SIM2
SIM3
SIM4
1
21
22
SIM5
SIM1
SIM2
SIM3
SIM4
1
21
22
SIM5
SIM1
SIM2
SIM3
SIM4
1
21
22
SIM5
SIM1
SIM2
SIM3
SIM4
1
21
22
SIM5
SIM1
SIM2
SIM3
SIM4
1
21
22
SIM5
SIM1
SIM2
SIM3
SIM4
1
21
22
SIM5
SIM1
SIM2
SIM3
SIM4
1
21
22
SIM5
SIM1
SIM2
SIM3
SIM4
1
21
22
SIM5
SIM1
SIM2
SIM3
SIM4
1
21
22
SIM5
SIM1
SIM2
SIM3
SIM4
1
21
22
SIM5
SIM1
SIM2
SIM3
SIM4
1
21
22
SIM5
SIM1
SIM2
SIM3
SIM4
1
21
22
SIM5
SIM1
SIM2
SIM3
SIM4
1
21
22
SIM5
SIM1
SIM2
SIM3
SIM4
1
21
22
SIM5
SIM1
SIM2
SIM3
SIM4
1
21
22
SIM5
SIM1
SIM2
SIM3
SIM4
1
21
22
SIM5
SIM1
SIM2
SIM3
SIM4
1
21
22
SIM5
SIM1
SIM2
SIM3
SIM4
1
21
22
SIM5
SIM1
SIM2
SIM3
SIM4
1
21
22
SIM5
SIM1
SIM2
SIM3
SIM4
1
21
22
SIM5
SIM1
SIM2
SIM3
SIM4
1
21
22
SIM5
SIM1
SIM2
SIM3
SIM4
1
21
22
SIM5
SIM1
SIM2
SIM3
SIM4
1
21
22
SIM5
SIM1
SIM2
SIM3
SIM4
1
21
22
SIM5
SIM1
SIM2
SIM3
SIM4
1
21
22
SIM5
SIM1
SIM2
SIM3
SIM4
1
21
22
SIM5
SIM1
SIM2
SIM3
SIM4
1
21
22
SIM5
SIM1
SIM2
SIM3
SIM4
1
21
22
SIM5
SIM1
SIM2
SIM3
SIM4
1
21
22
SIM5
SIM1
SIM2
SIM3
SIM4
1
21
22
SIM5
SIM1
SIM2
SIM3
SIM4
1
21
22
SIM5
SIM1
SIM2
SIM3
SIM4
1
21
22
SIM5
SIM1
SIM2
SIM3
SIM4
1
21
22
SIM5
SIM1
SIM2
SIM3
SIM4
1
21
22
SIM5
SIM1
SIM2
SIM3
SIM4
1
21
22
SIM5
SIM1
SIM2
SIM3
SIM4
1
21
22
SIM5
SIM1
SIM2
SIM3
SIM4
1
21
22
SIM5
SIM1
SIM2
SIM3
SIM4
1
21
22
SIM5
SIM1
SIM2
SIM3
SIM4
1
21
22
SIM5
SIM1
SIM2
SIM3
SIM4
1
21
22
SIM5
SIM1
SIM2
SIM3
SIM4
1
21
22
SIM5
SIM1
SIM2
SIM3
SIM4
1
21
22
SIM5
SIM1
SIM2
SIM3
SIM4
1
21
22
SIM5
SIM1
SIM2
SIM3
SIM4
1
21
22
SIM5
SIM1
SIM2
SIM3
SIM4
1
21
22
SIM5
SIM1
SIM2
SIM3
SIM4
1
21
22
SIM5
SIM1
SIM2
SIM3
SIM4
1
21
22
SIM5
SIM1
SIM2
SIM3
SIM4
1
21
22
SIM5
SIM1
SIM2
SIM3
SIM4
1
21
22
SIM5
SIM1
SIM2
SIM3
SIM4
1
21
22
SIM5
SIM1
SIM2
SIM3
SIM4
1
21
22
SIM5
SIM1
SIM2
SIM3
SIM4
1
21
22
SIM5
SIM1
SIM2
SIM3
SIM4
1
21
22
SIM5
SIM1
SIM2
SIM3
SIM4
1
21
22
SIM5
SIM1
SIM2
SIM3
SIM4
1
21
22
SIM5
SIM1
SIM2
SIM3
SIM4
1
21
22
SIM5
SIM1
SIM2
SIM3
SIM4
1
21
22
SIM5
SIM1
SIM2
SIM3
SIM4
1
21
22
SIM5
SIM1
SIM2
SIM3
SIM4
1
21
22
SIM5
SIM1
SIM2
SIM3
SIM4
1
21
22
SIM5
SIM1
SIM2
SIM3
SIM4
1
21
22
SIM5
SIM1
SIM2
SIM3
SIM4
1
21
22
SIM5
SIM1
SIM2
SIM3
SIM4
1
21
22
SIM5
SIM1
SIM2
SIM3
SIM4
1
21
22
SIM5
SIM1
SIM2
SIM3
SIM4
1
21
22
SIM5
SIM1
SIM2
SIM3
SIM4
1
21
22
SIM5
SIM1
SIM2
SIM3
SIM4
1
21
22
SIM5
SIM1
SIM2
SIM3
SIM4
1
21
22
SIM5
SIM1
SIM2
SIM3
SIM4
1
21
22
SIM5
SIM1
SIM2
SIM3
SIM4
1
21
22
SIM5
SIM1
SIM2
SIM3
SIM4
1
21
22
SIM5
SIM1
SIM2
SIM3
SIM4
1
21
22
SIM5
SIM1
SIM2
SIM3
SIM4
1
21
22
SIM5
SIM1
SIM2
SIM3
SIM4
1
21
22
SIM5
SIM1
SIM2
SIM3
SIM4
1
21
22
SIM5
SIM1
SIM2
SIM3
SIM4
1
21
22
SIM5
SIM1
SIM2
SIM3
SIM4
1
21
22
SIM5
SIM1
SIM2
SIM3
SIM4
1
21
22
SIM5
SIM1
SIM2
SIM3
SIM4
1
21
22
SIM5
SIM1
SIM2
SIM3
SIM4
1
21
22
SIM5
SIM1
SIM2
SIM3
SIM4
1
21
22
SIM5
SIM1
SIM2
SIM3
SIM4
1
21
22
SIM5
SIM1
SIM2
SIM3
SIM4
1
21
22
SIM5
SIM1
SIM2
SIM3
SIM4
1
21
22
SIM5
SIM1
SIM2
SIM3
SIM4
1
21
22
SIM5
SIM1
SIM2
SIM3
SIM4
1
21
22
SIM5
SIM1
SIM2
SIM3
SIM4
1
21
22
SIM5
SIM1
SIM2
SIM3
SIM4
1
21
22
SIM5
SIM1
SIM2
SIM3
SIM4
1
21
22
SIM5
SIM1
SIM2
SIM3
SIM4
1
21
22
SIM5
SIM1
SIM2
SIM3
SIM4
1
21
22
SIM5
SIM1
SIM2
SIM3
SIM4
1
21
22
SIM5
SIM1
SIM2
SIM3
SIM4
1
21
22
SIM5
SIM1
SIM2
SIM3
SIM4
1
21
22
SIM5
SIM1
SIM2
SIM3
SIM4
1
21
22
SIM5
SIM1
SIM2
SIM3
SIM4
1
21
22
SIM5
SIM1
SIM2
SIM3
SIM4
1
21
22
SIM5
SIM1
SIM2
SIM3
SIM4
1
21
22
SIM5
SIM1
SIM2
SIM3
SIM4
1
21
22
SIM5
SIM1
SIM2
SIM3
SIM4
1
21
22
SIM5
SIM1
SIM2
SIM3
SIM4
1
21
22
SIM5
SIM1
SIM2
SIM3
SIM4
1
21
22
SIM5
SIM1
SIM2
SIM3
SIM4
1
21
22
SIM5
SIM1
SIM2
SIM3
SIM4
1
21
22
SIM5
SIM1
SIM2
SIM3
SIM4
1
21
22
SIM5
SIM1
SIM2
SIM3
SIM4
1
21
22
SIM5
SIM1
SIM2
SIM3
SIM4
1
21
22
SIM5
SIM1
SIM2
SIM3
SIM4
1
21
22
SIM5
SIM1
SIM2
SIM3
SIM4
1
21
22
SIM5
SIM1
SIM2
SIM3
SIM4
1
21
22
SIM5
SIM1
SIM2
SIM3
SIM4
1
21
22
SIM5
SIM1
SIM2
SIM3
SIM4
1
21
22
SIM5
SIM1
SIM2
SIM3
SIM4
1
21
22
SIM5
SIM1
SIM2
SIM3
SIM4
1
21
22
SIM5
SIM1
SIM2
SIM3
SIM4
1
21
22
SIM5
SIM1
SIM2
SIM3
SIM4
1
21
22
SIM5
SIM1
SIM2
SIM3
SIM4
1
21
22
SIM5
SIM1
SIM2
SIM3
SIM4
1
21
22
SIM5
SIM1
SIM2
SIM3
SIM4
1
21
22
SIM5
SIM1
SIM2
SIM3
SIM4
1
21
22
SIM5
SIM1
SIM2
SIM3
SIM4
1
21
22
SIM5
SIM1
SIM2
SIM3
SIM4
1
21
22
SIM5
SIM1
SIM2
SIM3
SIM4
1
21
22
SIM5
SIM1
SIM2
DEBUG 1 41
SIM1
SIM2
SIM3
SIM4
1
21
22
SIM5
SIM1
SIM2
SIM3
SIM4
1
21
22
SIM5
SIM1
SIM2
SIM3
SIM4
1
21
22
SIM5
SIM1
SIM2
SIM3
SIM4
1
21
22
SIM5
SIM1
SIM2
SIM3
SIM4
1
21
22
SIM5
SIM1
SIM2
SIM3
SIM4
1
21
22
SIM5
SIM1
SIM2
SIM3
SIM4
1
21
22
SIM5
SIM1
SIM2
SIM3
SIM4
1
21
22
SIM5
SIM1
SIM2
SIM3
SIM4
1
21
22
SIM5
SIM1
SIM2
SIM3
SIM4
1
21
22
SIM5
SIM1
SIM2
SIM3
SIM4
1
21
22
SIM5
SIM1
SIM2
SIM3
SIM4
1
21
22
SIM5
SIM1
SIM2
SIM3
SIM4
1
21
22
SIM5
SIM1
SIM2
SIM3
SIM4
1
21
22
SIM5
SIM1
SIM2
SIM3
SIM4
1
21
22
SIM5
SIM1
SIM2
SIM3
SIM4
1
21
22
SIM5
SIM1
SIM2
SIM3
SIM4
1
21
22
SIM5
SIM1
SIM2
SIM3
SIM4
1
21
22
SIM5
SIM1
SIM2
SIM3
SIM4
1
21
22
SIM5
SIM1
SIM2
SIM3
SIM4
1
21
22
SIM5
SIM1
SIM2
SIM3
SIM4
1
21
22
SIM5
SIM1
SIM2
SIM3
SIM4
1
21
22
SIM5
SIM1
SIM2
SIM3
SIM4
1
21
22
SIM5
SIM1
SIM2
SIM3
SIM4
1
21
22
SIM5
SIM1
SIM2
SIM3
SIM4
1
21
22
SIM5
SIM1
SIM2
SIM3
SIM4
1
21
22
SIM5
SIM1
SIM2
SIM3
SIM4
1
21
22
SIM5
SIM1
SIM2
SIM3
SIM4
1
21
22
SIM5
SIM1
SIM2
SIM3
SIM4
1
21
22
SIM5
SIM1
SIM2
SIM3
SIM4
1
21
22
SIM5
SIM1
SIM2
SIM3
SIM4
1
21
22
SIM5
SIM1
SIM2
SIM3
SIM4
1
21
22
SIM5
SIM1
SIM2
SIM3
SIM4
1
21
22
SIM5
SIM1
SIM2
SIM3
SIM4
1
21
22
SIM5
SIM1
SIM2
SIM3
SIM4
1
21
22
SIM5
SIM1
SIM2
SIM3
SIM4
1
21
22
SIM5
SIM1
SIM2
SIM3
SIM4
1
21
22
SIM5
SIM1
SIM2
SIM3
SIM4
1
21
22
SIM5
SIM1
SIM2
SIM3
SIM4
1
21
22
SIM5
SIM1
SIM2
SIM3
SIM4
1
21
22
SIM5
SIM1
SIM2
SIM3
SIM4
1
21
22
SIM5
SIM1
SIM2
SIM3
SIM4
1
21
22
SIM5
SIM1
SIM2
SIM3
SIM4
1
21
22
SIM5
SIM1
SIM2
SIM3
SIM4
1
21
22
SIM5
SIM1
SIM2
SIM3
SIM4
1
21
22
SIM5
SIM1
SIM2
SIM3
SIM4
1
21
22
SIM5
SIM1
SIM2
SIM3
SIM4
1
21
22
SIM5
SIM1
SIM2
SIM3
SIM4
1
21
22
SIM5
SIM1
SIM2
SIM3
SIM4
1
21
22
SIM5
SIM1
SIM2
SIM3
SIM4
1
21
22
SIM5
SIM1
SIM2
SIM3
SIM4
1
21
22
SIM5
SIM1
SIM2
SIM3
SIM4
1
21
22
SIM5
SIM1
SIM2
SIM3
SIM4
1
21
22
SIM5
SIM1
SIM2
SIM3
SIM4
1
21
22
SIM5
SIM1
SIM2
SIM3
SIM4
1
21
22
SIM5
SIM1
SIM2
SIM3
SIM4
1
21
22
SIM5
SIM1
SIM2
SIM3
SIM4
1
21
22
SIM5
SIM1
SIM2
SIM3
SIM4
1
21
22
SIM5
SIM1
SIM2
SIM3
SIM4
1
21
22
SIM5
SIM1
SIM2
SIM3
SIM4
1
21
22
SIM5
SIM1
SIM2
SIM3
SIM4
1
21
22
SIM5
SIM1
SIM2
SIM3
SIM4
1
21
22
SIM5
SIM1
SIM2
SIM3
SIM4
1
21
22
SIM5
SIM1
SIM2
SIM3
SIM4
1
21
22
SIM5
SIM1
SIM2
SIM3
SIM4
1
21
22
SIM5
SIM1
SIM2
SIM3
SIM4
1
21
22
SIM5
SIM1
SIM2
SIM3
SIM4
1
21
22
SIM5
SIM1
SIM2
SIM3
SIM4
1
21
22
SIM5
SIM1
SIM2
SIM3
SIM4
1
21
22
SIM5
SIM1
SIM2
SIM3
SIM4
1
21
22
SIM5
SIM1
SIM2
SIM3
SIM4
1
21
22
SIM5
SIM1
SIM2
SIM3
SIM4
1
21
22
SIM5
SIM1
SIM2
SIM3
SIM4
1
21
22
SIM5
SIM1
SIM2
SIM3
SIM4
1
21
22
SIM5
SIM1
SIM2
SIM3
SIM4
1
21
22
SIM5
SIM1
SIM2
SIM3
SIM4
1
21
22
SIM5
SIM1
SIM2
SIM3
SIM4
1
21
22
SIM5
SIM1
SIM2
SIM3
SIM4
1
21
22
SIM5
SIM1
SIM2
SIM3
SIM4
1
21
22
SIM5
SIM1
SIM2
SIM3
SIM4
1
21
22
SIM5
SIM1
SIM2
SIM3
SIM4
1
21
22
SIM5
SIM1
SIM2
SIM3
SIM4
1
21
22
SIM5
SIM1
SIM2
SIM3
SIM4
1
21
22
SIM5
SIM1
SIM2
SIM3
SIM4
1
21
22
SIM5
SIM1
SIM2
SIM3
SIM4
1
21
22
SIM5
SIM1
SIM2
SIM3
SIM4
1
21
22
SIM5
SIM1
SIM2
SIM3
SIM4
1
21
22
SIM5
SIM1
SIM2
SIM3
SIM4
1
21
22
SIM5
SIM1
SIM2
SIM3
SIM4
1
21
22
SIM5
SIM1
SIM2
SIM3
SIM4
1
21
22
SIM5
SIM1
SIM2
SIM3
SIM4
1
21
22
SIM5
SIM1
SIM2
SIM3
SIM4
1
21
22
SIM5
SIM1
SIM2
SIM3
SIM4
1
21
22
SIM5
SIM1
SIM2
SIM3
SIM4
1
21
22
SIM5
SIM1
SIM2
SIM3
SIM4
1
21
22
SIM5
SIM1
SIM2
SIM3
SIM4
1
21
22
SIM5
SIM1
SIM2
SIM3
SIM4
1
21
22
SIM5
SIM1
SIM2
SIM3
SIM4
1
21
22
SIM5
SIM1
SIM2
SIM3
SIM4
1
21
22
SIM5
SIM1
SIM2
SIM3
SIM4
1
21
22
SIM5
SIM1
SIM2
SIM3
SIM4
1
21
22
SIM5
SIM1
SIM2
SIM3
SIM4
1
21
22
SIM5
SIM1
SIM2
SIM3
SIM4
1
21
22
SIM5
SIM1
SIM2
SIM3
SIM4
1
21
22
SIM5
SIM1
SIM2
SIM3
SIM4
1
21
22
SIM5
SIM1
SIM2
SIM3
SIM4
1
21
22
SIM5
SIM1
SIM2
SIM3
SIM4
1
21
22
SIM5
SIM1
SIM2
SIM3
SIM4
1
21
22
SIM5
SIM1
SIM2
SIM3
SIM4
1
21
22
SIM5
SIM1
SIM2
SIM3
SIM4
1
21
22
SIM5
SIM1
SIM2
SIM3
SIM4
1
21
22
SIM5
SIM1
SIM2
SIM3
SIM4
1
21
22
SIM5
SIM1
SIM2
SIM3
SIM4
1
21
22
SIM5
SIM1
SIM2
SIM3
SIM4
1
21
22
SIM5
SIM1
SIM2
SIM3
SIM4
1
21
22
SIM5
SIM1
SIM2
SIM3
SIM4
1
21
22
SIM5
SIM1
SIM2
SIM3
SIM4
1
21
22
SIM5
SIM1
SIM2
SIM3
SIM4
1
21
22
SIM5
SIM1
SIM2
SIM3
SIM4
1
21
22
SIM5
SIM1
SIM2
SIM3
SIM4
1
21
22
SIM5
SIM1
SIM2
SIM3
SIM4
1
21
22
SIM5
SIM1
SIM2
SIM3
SIM4
1
21
22
SIM5
SIM1
SIM2
SIM3
SIM4
1
21
22
SIM5
SIM1
SIM2
SIM3
SIM4
1
21
22
SIM5
SIM1
SIM2
SIM3
SIM4
1
21
22
SIM5
SIM1
SIM2
SIM3
SIM4
1
21
22
SIM5
SIM1
SIM2
SIM3
SIM4
1
21
22
SIM5
SIM1
SIM2
SIM3
SIM4
1
21
22
SIM5
SIM1
SIM2
SIM3
SIM4
1
21
22
SIM5
SIM1
SIM2
SIM3
SIM4
1
21
22
SIM5
SIM1
SIM2
SIM3
SIM4
1
21
22
SIM5
SIM1
SIM2
SIM3
SIM4
1
21
22
SIM5
SIM1
SIM2
SIM3
SIM4
1
21
22
SIM5
SIM1
SIM2
SIM3
SIM4
1
21
22
SIM5
SIM1
SIM2
SIM3
SIM4
1
21
22
SIM5
SIM1
SIM2
DEBUG 1 42
SIM1
SIM2
SIM3
SIM4
1
21
22
SIM5
SIM1
SIM2
SIM3
SIM4
1
21
22
SIM5
SIM1
SIM2
SIM3
SIM4
1
21
22
SIM5
SIM1
SIM2
SIM3
SIM4
1
21
22
SIM5
SIM1
SIM2
SIM3
SIM4
1
21
22
SIM5
SIM1
SIM2
SIM3
SIM4
1
21
22
SIM5
SIM1
SIM2
SIM3
SIM4
1
21
22
SIM5
SIM1
SIM2
SIM3
SIM4
1
21
22
SIM5
SIM1
SIM2
SIM3
SIM4
1
21
22
SIM5
SIM1
SIM2
SIM3
SIM4
1
21
22
SIM5
SIM1
SIM2
SIM3
SIM4
1
21
22
SIM5
SIM1
SIM2
SIM3
SIM4
1
21
22
SIM5
SIM1
SIM2
SIM3
SIM4
1
21
22
SIM5
SIM1
SIM2
SIM3
SIM4
1
21
22
SIM5
SIM1
SIM2
SIM3
SIM4
1
21
22
SIM5
SIM1
SIM2
SIM3
SIM4
1
21
22
SIM5
SIM1
SIM2
SIM3
SIM4
1
21
22
SIM5
SIM1
SIM2
SIM3
SIM4
1
21
22
SIM5
SIM1
SIM2
SIM3
SIM4
1
21
22
SIM5
SIM1
SIM2
SIM3
SIM4
1
21
22
SIM5
SIM1
SIM2
SIM3
SIM4
1
21
22
SIM5
SIM1
SIM2
SIM3
SIM4
1
21
22
SIM5
SIM1
SIM2
SIM3
SIM4
1
21
22
SIM5
SIM1
SIM2
SIM3
SIM4
1
21
22
SIM5
SIM1
SIM2
SIM3
SIM4
1
21
22
SIM5
SIM1
SIM2
SIM3
SIM4
1
21
22
SIM5
SIM1
SIM2
SIM3
SIM4
1
21
22
SIM5
SIM1
SIM2
SIM3
SIM4
1
21
22
SIM5
SIM1
SIM2
SIM3
SIM4
1
21
22
SIM5
SIM1
SIM2
SIM3
SIM4
1
21
22
SIM5
SIM1
SIM2
SIM3
SIM4
1
21
22
SIM5
SIM1
SIM2
SIM3
SIM4
1
21
22
SIM5
SIM1
SIM2
SIM3
SIM4
1
21
22
SIM5
SIM1
SIM2
SIM3
SIM4
1
21
22
SIM5
SIM1
SIM2
SIM3
SIM4
1
21
22
SIM5
SIM1
SIM2
SIM3
SIM4
1
21
22
SIM5
SIM1
SIM2
SIM3
SIM4
1
21
22
SIM5
SIM1
SIM2
SIM3
SIM4
1
21
22
SIM5
SIM1
SIM2
SIM3
SIM4
1
21
22
SIM5
SIM1
SIM2
SIM3
SIM4
1
21
22
SIM5
SIM1
SIM2
SIM3
SIM4
1
21
22
SIM5
SIM1
SIM2
SIM3
SIM4
1
21
22
SIM5
SIM1
SIM2
SIM3
SIM4
1
21
22
SIM5
SIM1
SIM2
SIM3
SIM4
1
21
22
SIM5
SIM1
SIM2
SIM3
SIM4
1
21
22
SIM5
SIM1
SIM2
SIM3
SIM4
1
21
22
SIM5
SIM1
SIM2
SIM3
SIM4
1
21
22
SIM5
SIM1
SIM2
SIM3
SIM4
1
21
22
SIM5
SIM1
SIM2
SIM3
SIM4
1
21
22
SIM5
SIM1
SIM2
SIM3
SIM4
1
21
22
SIM5
SIM1
SIM2
SIM3
SIM4
1
21
22
SIM5
SIM1
SIM2
SIM3
SIM4
1
21
22
SIM5
SIM1
SIM2
SIM3
SIM4
1
21
22
SIM5
SIM1
SIM2
SIM3
SIM4
1
21
22
SIM5
SIM1
SIM2
SIM3
SIM4
1
21
22
SIM5
SIM1
SIM2
SIM3
SIM4
1
21
22
SIM5
SIM1
SIM2
SIM3
SIM4
1
21
22
SIM5
SIM1
SIM2
SIM3
SIM4
1
21
22
SIM5
SIM1
SIM2
SIM3
SIM4
1
21
22
SIM5
SIM1
SIM2
SIM3
SIM4
1
21
22
SIM5
SIM1
SIM2
SIM3
SIM4
1
21
22
SIM5
SIM1
SIM2
SIM3
SIM4
1
21
22
SIM5
SIM1
SIM2
SIM3
SIM4
1
21
22
SIM5
SIM1
SIM2
SIM3
SIM4
1
21
22
SIM5
SIM1
SIM2
SIM3
SIM4
1
21
22
SIM5
SIM1
SIM2
SIM3
SIM4
1
21
22
SIM5
SIM1
SIM2
SIM3
SIM4
1
21
22
SIM5
SIM1
SIM2
SIM3
SIM4
1
21
22
SIM5
SIM1
SIM2
SIM3
SIM4
1
21
22
SIM5
SIM1
SIM2
SIM3
SIM4
1
21
22
SIM5
SIM1
SIM2
SIM3
SIM4
1
21
22
SIM5
SIM1
SIM2
SIM3
SIM4
1
21
22
SIM5
SIM1
SIM2
SIM3
SIM4
1
21
22
SIM5
SIM1
SIM2
SIM3
SIM4
1
21
22
SIM5
SIM1
SIM2
SIM3
SIM4
1
21
22
SIM5
SIM1
SIM2
SIM3
SIM4
1
21
22
SIM5
SIM1
SIM2
SIM3
SIM4
1
21
22
SIM5
SIM1
SIM2
SIM3
SIM4
1
21
22
SIM5
SIM1
SIM2
SIM3
SIM4
1
21
22
SIM5
SIM1
SIM2
SIM3
SIM4
1
21
22
SIM5
SIM1
SIM2
SIM3
SIM4
1
21
22
SIM5
SIM1
SIM2
SIM3
SIM4
1
21
22
SIM5
SIM1
SIM2
SIM3
SIM4
1
21
22
SIM5
SIM1
SIM2
SIM3
SIM4
1
21
22
SIM5
SIM1
SIM2
SIM3
SIM4
1
21
22
SIM5
SIM1
SIM2
SIM3
SIM4
1
21
22
SIM5
SIM1
SIM2
SIM3
SIM4
1
21
22
SIM5
SIM1
SIM2
SIM3
SIM4
1
21
22
SIM5
SIM1
SIM2
SIM3
SIM4
1
21
22
SIM5
SIM1
SIM2
SIM3
SIM4
1
21
22
SIM5
SIM1
SIM2
SIM3
SIM4
1
21
22
SIM5
SIM1
SIM2
SIM3
SIM4
1
21
22
SIM5
SIM1
SIM2
SIM3
SIM4
1
21
22
SIM5
SIM1
SIM2
SIM3
SIM4
1
21
22
SIM5
SIM1
SIM2
SIM3
SIM4
1
21
22
SIM5
SIM1
SIM2
SIM3
SIM4
1
21
22
SIM5
SIM1
SIM2
SIM3
SIM4
1
21
22
SIM5
SIM1
SIM2
SIM3
SIM4
1
21
22
SIM5
SIM1
SIM2
SIM3
SIM4
1
21
22
SIM5
SIM1
SIM2
SIM3
SIM4
1
21
22
SIM5
SIM1
SIM2
SIM3
SIM4
1
21
22
SIM5
SIM1
SIM2
SIM3
SIM4
1
21
22
SIM5
SIM1
SIM2
DEBUG 1 43
SIM1
SIM2
SIM3
SIM4
1
21
22
SIM5
SIM1
SIM2
SIM3
SIM4
1
21
22
SIM5
SIM1
SIM2
SIM3
SIM4
1
21
22
SIM5
SIM1
SIM2
SIM3
SIM4
1
21
22
SIM5
SIM1
SIM2
SIM3
SIM4
1
21
22
SIM5
SIM1
SIM2
SIM3
SIM4
1
21
22
SIM5
SIM1
SIM2
SIM3
SIM4
1
21
22
SIM5
SIM1
SIM2
SIM3
SIM4
1
21
22
SIM5
SIM1
SIM2
SIM3
SIM4
1
21
22
SIM5
SIM1
SIM2
SIM3
SIM4
1
21
22
SIM5
SIM1
SIM2
SIM3
SIM4
1
21
22
SIM5
SIM1
SIM2
SIM3
SIM4
1
21
22
SIM5
SIM1
SIM2
SIM3
SIM4
1
21
22
SIM5
SIM1
SIM2
SIM3
SIM4
1
21
22
SIM5
SIM1
SIM2
SIM3
SIM4
1
21
22
SIM5
SIM1
SIM2
SIM3
SIM4
1
21
22
SIM5
SIM1
SIM2
SIM3
SIM4
1
21
22
SIM5
SIM1
SIM2
SIM3
SIM4
1
21
22
SIM5
SIM1
SIM2
SIM3
SIM4
1
21
22
SIM5
SIM1
SIM2
SIM3
SIM4
1
21
22
SIM5
SIM1
SIM2
SIM3
SIM4
1
21
22
SIM5
SIM1
SIM2
SIM3
SIM4
1
21
22
SIM5
SIM1
SIM2
SIM3
SIM4
1
21
22
SIM5
SIM1
SIM2
SIM3
SIM4
1
21
22
SIM5
SIM1
SIM2
SIM3
SIM4
1
21
22
SIM5
SIM1
SIM2
SIM3
SIM4
1
21
22
SIM5
SIM1
SIM2
SIM3
SIM4
1
21
22
SIM5
SIM1
SIM2
SIM3
SIM4
1
21
22
SIM5
SIM1
SIM2
SIM3
SIM4
1
21
22
SIM5
SIM1
SIM2
SIM3
SIM4
1
21
22
SIM5
SIM1
SIM2
SIM3
SIM4
1
21
22
SIM5
SIM1
SIM2
SIM3
SIM4
1
21
22
SIM5
SIM1
SIM2
SIM3
SIM4
1
21
22
SIM5
SIM1
SIM2
SIM3
SIM4
1
21
22
SIM5
SIM1
SIM2
SIM3
SIM4
1
21
22
SIM5
SIM1
SIM2
SIM3
SIM4
1
21
22
SIM5
SIM1
SIM2
SIM3
SIM4
1
21
22
SIM5
SIM1
SIM2
SIM3
SIM4
1
21
22
SIM5
SIM1
SIM2
SIM3
SIM4
1
21
22
SIM5
SIM1
SIM2
SIM3
SIM4
1
21
22
SIM5
SIM1
SIM2
SIM3
SIM4
1
21
22
SIM5
SIM1
SIM2
SIM3
SIM4
1
21
22
SIM5
SIM1
SIM2
SIM3
SIM4
1
21
22
SIM5
SIM1
SIM2
SIM3
SIM4
1
21
22
SIM5
SIM1
SIM2
SIM3
SIM4
1
21
22
SIM5
SIM1
SIM2
SIM3
SIM4
1
21
22
SIM5
SIM1
SIM2
SIM3
SIM4
1
21
22
SIM5
SIM1
SIM2
SIM3
SIM4
1
21
22
SIM5
SIM1
SIM2
SIM3
SIM4
1
21
22
SIM5
SIM1
SIM2
SIM3
SIM4
1
21
22
SIM5
SIM1
SIM2
SIM3
SIM4
1
21
22
SIM5
SIM1
SIM2
SIM3
SIM4
1
21
22
SIM5
SIM1
SIM2
SIM3
SIM4
1
21
22
SIM5
SIM1
SIM2
SIM3
SIM4
1
21
22
SIM5
SIM1
SIM2
SIM3
SIM4
1
21
22
SIM5
SIM1
SIM2
SIM3
SIM4
1
21
22
SIM5
SIM1
SIM2
SIM3
SIM4
1
21
22
SIM5
SIM1
SIM2
SIM3
SIM4
1
21
22
SIM5
SIM1
SIM2
SIM3
SIM4
1
21
22
SIM5
SIM1
SIM2
SIM3
SIM4
1
21
22
SIM5
SIM1
SIM2
SIM3
SIM4
1
21
22
SIM5
SIM1
SIM2
SIM3
SIM4
1
21
22
SIM5
SIM1
SIM2
SIM3
SIM4
1
21
22
SIM5
SIM1
SIM2
SIM3
SIM4
1
21
22
SIM5
SIM1
SIM2
SIM3
SIM4
1
21
22
SIM5
SIM1
SIM2
SIM3
SIM4
1
21
22
SIM5
SIM1
SIM2
SIM3
SIM4
1
21
22
SIM5
SIM1
SIM2
SIM3
SIM4
1
21
22
SIM5
SIM1
SIM2
SIM3
SIM4
1
21
22
SIM5
SIM1
SIM2
SIM3
SIM4
1
21
22
SIM5
SIM1
SIM2
SIM3
SIM4
1
21
22
SIM5
SIM1
SIM2
SIM3
SIM4
1
21
22
SIM5
SIM1
SIM2
SIM3
SIM4
1
21
22
SIM5
SIM1
SIM2
SIM3
SIM4
1
21
22
SIM5
SIM1
SIM2
SIM3
SIM4
1
21
22
SIM5
SIM1
SIM2
SIM3
SIM4
1
21
22
SIM5
SIM1
SIM2
SIM3
SIM4
1
21
22
SIM5
SIM1
SIM2
SIM3
SIM4
1
21
22
SIM5
SIM1
SIM2
SIM3
SIM4
1
21
22
SIM5
SIM1
SIM2
SIM3
SIM4
1
21
22
SIM5
SIM1
SIM2
SIM3
SIM4
1
21
22
SIM5
SIM1
SIM2
SIM3
SIM4
1
21
22
SIM5
SIM1
SIM2
SIM3
SIM4
1
21
22
SIM5
SIM1
SIM2
SIM3
SIM4
1
21
22
SIM5
SIM1
SIM2
SIM3
SIM4
1
21
22
SIM5
SIM1
SIM2
SIM3
SIM4
1
21
22
SIM5
SIM1
SIM2
SIM3
SIM4
1
21
22
SIM5
SIM1
SIM2
SIM3
SIM4
1
21
22
SIM5
SIM1
SIM2
SIM3
SIM4
1
21
22
SIM5
SIM1
SIM2
SIM3
SIM4
1
21
22
SIM5
SIM1
SIM2
SIM3
SIM4
1
21
22
SIM5
SIM1
SIM2
SIM3
SIM4
1
21
22
SIM5
SIM1
SIM2
SIM3
SIM4
1
21
22
SIM5
SIM1
SIM2
SIM3
SIM4
1
21
22
SIM5
SIM1
SIM2
SIM3
SIM4
1
21
22
SIM5
SIM1
SIM2
SIM3
SIM4
1
21
22
SIM5
SIM1
SIM2
SIM3
SIM4
1
21
22
SIM5
SIM1
SIM2
SIM3
SIM4
1
21
22
SIM5
SIM1
SIM2
SIM3
SIM4
1
21
22
SIM5
SIM1
SIM2
SIM3
SIM4
1
21
22
SIM5
SIM1
SIM2
SIM3
SIM4
1
21
22
SIM5
SIM1
SIM2
SIM3
SIM4
1
21
22
SIM5
SIM1
SIM2
SIM3
SIM4
1
21
22
SIM5
SIM1
SIM2
SIM3
SIM4
1
21
22
SIM5
SIM1
SIM2
SIM3
SIM4
1
21
22
SIM5
SIM1
SIM2
SIM3
SIM4
1
21
22
SIM5
SIM1
SIM2
SIM3
SIM4
1
21
22
SIM5
SIM1
SIM2
SIM3
SIM4
1
21
22
SIM5
SIM1
SIM2
SIM3
SIM4
1
21
22
SIM5
SIM1
SIM2
SIM3
SIM4
1
21
22
SIM5
SIM1
SIM2
SIM3
SIM4
1
21
22
SIM5
SIM1
SIM2
SIM3
SIM4
1
21
22
SIM5
SIM1
SIM2
SIM3
SIM4
1
21
22
SIM5
SIM1
SIM2
SIM3
SIM4
1
21
22
SIM5
SIM1
SIM2
SIM3
SIM4
1
21
22
SIM5
SIM1
SIM2
SIM3
SIM4
1
21
22
SIM5
SIM1
SIM2
SIM3
SIM4
1
21
22
SIM5
SIM1
SIM2
SIM3
SIM4
1
21
22
SIM5
SIM1
SIM2
SIM3
SIM4
1
21
22
SIM5
SIM1
SIM2
SIM3
SIM4
1
21
22
SIM5
SIM1
SIM2
SIM3
SIM4
1
21
22
SIM5
SIM1
SIM2
SIM3
SIM4
1
21
22
SIM5
SIM1
SIM2
SIM3
SIM4
1
21
22
SIM5
SIM1
SIM2
SIM3
SIM4
1
21
22
SIM5
SIM1
SIM2
SIM3
SIM4
1
21
22
SIM5
SIM1
SIM2
SIM3
SIM4
1
21
22
SIM5
SIM1
SIM2
SIM3
SIM4
1
21
22
SIM5
SIM1
SIM2
SIM3
SIM4
1
21
22
SIM5
SIM1
SIM2
SIM3
SIM4
1
21
22
SIM5
SIM1
SIM2
SIM3
SIM4
1
21
22
SIM5
SIM1
SIM2
SIM3
SIM4
1
21
22
SIM5
SIM1
SIM2
SIM3
SIM4
1
21
22
SIM5
SIM1
SIM2
SIM3
SIM4
1
21
22
SIM5
SIM1
SIM2
SIM3
SIM4
1
21
22
SIM5
SIM1
SIM2
SIM3
SIM4
1
21
22
SIM5
SIM1
SIM2
SIM3
SIM4
1
21
22
SIM5
SIM1
SIM2
SIM3
SIM4
1
21
22
SIM5
SIM1
SIM2
SIM3
SIM4
1
21
22
SIM5
SIM1
SIM2
SIM3
SIM4
1
21
22
SIM5
SIM1
SIM2
SIM3
SIM4
1
21
22
SIM5
SIM1
SIM2
SIM3
SIM4
1
21
22
SIM5
SIM1
SIM2
SIM3
SIM4
1
21
22
SIM5
SIM1
SIM2
SIM3
SIM4
1
21
22
SIM5
SIM1
SIM2
SIM3
SIM4
1
21
22
SIM5
SIM1
SIM2
SIM3
SIM4
1
21
22
SIM5
SIM1
SIM2
SIM3
SIM4
1
21
22
SIM5
SIM1
SIM2
SIM3
SIM4
1
21
22
SIM5
SIM1
SIM2
SIM3
SIM4
1
21
22
SIM5
SIM1
SIM2
SIM3
SIM4
1
21
22
SIM5
SIM1
SIM2
SIM3
SIM4
1
21
22
SIM5
SIM1
SIM2
SIM3
SIM4
1
21
22
SIM5
SIM1
SIM2
SIM3
SIM4
1
21
22
SIM5
SIM1
SIM2
SIM3
SIM4
1
21
22
SIM5
SIM1
SIM2
SIM3
SIM4
1
21
22
SIM5
SIM1
SIM2
SIM3
SIM4
1
21
22
SIM5
SIM1
SIM2
SIM3
SIM4
1
21
22
SIM5
SIM1
SIM2
SIM3
SIM4
1
21
22
SIM5
SIM1
SIM2
SIM3
SIM4
1
21
22
SIM5
SIM1
SIM2
SIM3
SIM4
1
21
22
SIM5
SIM1
SIM2
SIM3
SIM4
1
21
22
SIM5
SIM1
SIM2
SIM3
SIM4
1
21
22
SIM5
SIM1
SIM2
SIM3
SIM4
1
21
22
SIM5
SIM1
SIM2
SIM3
SIM4
1
21
22
SIM5
SIM1
SIM2
SIM3
SIM4
1
21
22
SIM5
SIM1
SIM2
SIM3
SIM4
1
21
22
SIM5
SIM1
SIM2
SIM3
SIM4
1
21
22
SIM5
SIM1
SIM2
SIM3
SIM4
1
21
22
SIM5
SIM1
SIM2
SIM3
SIM4
1
21
22
SIM5
SIM1
SIM2
SIM3
SIM4
1
21
22
SIM5
SIM1
SIM2
SIM3
SIM4
1
21
22
SIM5
SIM1
SIM2
SIM3
SIM4
1
21
22
SIM5
SIM1
SIM2
SIM3
SIM4
1
21
22
SIM5
SIM1
SIM2
SIM3
SIM4
1
21
22
SIM5
SIM1
SIM2
SIM3
SIM4
1
21
22
SIM5
SIM1
SIM2
SIM3
SIM4
1
21
22
SIM5
SIM1
SIM2
SIM3
SIM4
1
21
22
SIM5
SIM1
SIM2
SIM3
SIM4
1
21
22
SIM5
SIM1
SIM2
SIM3
SIM4
1
21
22
SIM5
SIM1
SIM2
SIM3
SIM4
1
21
22
SIM5
SIM1
SIM2
SIM3
SIM4
1
21
22
SIM5
SIM1
SIM2
DEBUG 1 44
SIM1
SIM2
SIM3
SIM4
1
21
22
SIM5
SIM1
SIM2
SIM3
SIM4
1
21
22
SIM5
SIM1
SIM2
SIM3
SIM4
1
21
22
SIM5
SIM1
SIM2
SIM3
SIM4
1
21
22
SIM5
SIM1
SIM2
SIM3
SIM4
1
21
22
SIM5
SIM1
SIM2
SIM3
SIM4
1
21
22
SIM5
SIM1
SIM2
SIM3
SIM4
1
21
22
SIM5
SIM1
SIM2
SIM3
SIM4
1
21
22
SIM5
SIM1
SIM2
SIM3
SIM4
1
21
22
SIM5
SIM1
SIM2
SIM3
SIM4
1
21
22
SIM5
SIM1
SIM2
SIM3
SIM4
1
21
22
SIM5
SIM1
SIM2
SIM3
SIM4
1
21
22
SIM5
SIM1
SIM2
SIM3
SIM4
1
21
22
SIM5
SIM1
SIM2
SIM3
SIM4
1
21
22
SIM5
SIM1
SIM2
SIM3
SIM4
1
21
22
SIM5
SIM1
SIM2
SIM3
SIM4
1
21
22
SIM5
SIM1
SIM2
SIM3
SIM4
1
21
22
SIM5
SIM1
SIM2
SIM3
SIM4
1
21
22
SIM5
SIM1
SIM2
SIM3
SIM4
1
21
22
SIM5
SIM1
SIM2
SIM3
SIM4
1
21
22
SIM5
SIM1
SIM2
SIM3
SIM4
1
21
22
SIM5
SIM1
SIM2
SIM3
SIM4
1
21
22
SIM5
SIM1
SIM2
SIM3
SIM4
1
21
22
SIM5
SIM1
SIM2
SIM3
SIM4
1
21
22
SIM5
SIM1
SIM2
SIM3
SIM4
1
21
22
SIM5
SIM1
SIM2
SIM3
SIM4
1
21
22
SIM5
SIM1
SIM2
SIM3
SIM4
1
21
22
SIM5
SIM1
SIM2
SIM3
SIM4
1
21
22
SIM5
SIM1
SIM2
SIM3
SIM4
1
21
22
SIM5
SIM1
SIM2
SIM3
SIM4
1
21
22
SIM5
SIM1
SIM2
SIM3
SIM4
1
21
22
SIM5
SIM1
SIM2
SIM3
SIM4
1
21
22
SIM5
SIM1
SIM2
SIM3
SIM4
1
21
22
SIM5
SIM1
SIM2
SIM3
SIM4
1
21
22
SIM5
SIM1
SIM2
SIM3
SIM4
1
21
22
SIM5
SIM1
SIM2
SIM3
SIM4
1
21
22
SIM5
SIM1
SIM2
SIM3
SIM4
1
21
22
SIM5
SIM1
SIM2
SIM3
SIM4
1
21
22
SIM5
SIM1
SIM2
SIM3
SIM4
1
21
22
SIM5
SIM1
SIM2
SIM3
SIM4
1
21
22
SIM5
SIM1
SIM2
SIM3
SIM4
1
21
22
SIM5
SIM1
SIM2
SIM3
SIM4
1
21
22
SIM5
SIM1
SIM2
SIM3
SIM4
1
21
22
SIM5
SIM1
SIM2
SIM3
SIM4
1
21
22
SIM5
SIM1
SIM2
SIM3
SIM4
1
21
22
SIM5
SIM1
SIM2
SIM3
SIM4
1
21
22
SIM5
SIM1
SIM2
SIM3
SIM4
1
21
22
SIM5
SIM1
SIM2
SIM3
SIM4
1
21
22
SIM5
SIM1
SIM2
SIM3
SIM4
1
21
22
SIM5
SIM1
SIM2
SIM3
SIM4
1
21
22
SIM5
SIM1
SIM2
SIM3
SIM4
1
21
22
SIM5
SIM1
SIM2
SIM3
SIM4
1
21
22
SIM5
SIM1
SIM2
SIM3
SIM4
1
21
22
SIM5
SIM1
SIM2
SIM3
SIM4
1
21
22
SIM5
SIM1
SIM2
SIM3
SIM4
1
21
22
SIM5
SIM1
SIM2
SIM3
SIM4
1
21
22
SIM5
SIM1
SIM2
SIM3
SIM4
1
21
22
SIM5
SIM1
SIM2
SIM3
SIM4
1
21
22
SIM5
SIM1
SIM2
SIM3
SIM4
1
21
22
SIM5
SIM1
SIM2
SIM3
SIM4
1
21
22
SIM5
SIM1
SIM2
SIM3
SIM4
1
21
22
SIM5
SIM1
SIM2
SIM3
SIM4
1
21
22
SIM5
SIM1
SIM2
SIM3
SIM4
1
21
22
SIM5
SIM1
SIM2
SIM3
SIM4
1
21
22
SIM5
SIM1
SIM2
SIM3
SIM4
1
21
22
SIM5
SIM1
SIM2
SIM3
SIM4
1
21
22
SIM5
SIM1
SIM2
SIM3
SIM4
1
21
22
SIM5
SIM1
SIM2
SIM3
SIM4
1
21
22
SIM5
SIM1
SIM2
SIM3
SIM4
1
21
22
SIM5
SIM1
SIM2
SIM3
SIM4
1
21
22
SIM5
SIM1
SIM2
SIM3
SIM4
1
21
22
SIM5
SIM1
SIM2
SIM3
SIM4
1
21
22
SIM5
SIM1
SIM2
SIM3
SIM4
1
21
22
SIM5
SIM1
SIM2
SIM3
SIM4
1
21
22
SIM5
SIM1
SIM2
SIM3
SIM4
1
21
22
SIM5
SIM1
SIM2
SIM3
SIM4
1
21
22
SIM5
SIM1
SIM2
SIM3
SIM4
1
21
22
SIM5
SIM1
SIM2
SIM3
SIM4
1
21
22
SIM5
SIM1
SIM2
SIM3
SIM4
1
21
22
SIM5
SIM1
SIM2
SIM3
SIM4
1
21
22
SIM5
SIM1
SIM2
SIM3
SIM4
1
21
22
SIM5
SIM1
SIM2
SIM3
SIM4
1
21
22
SIM5
SIM1
SIM2
SIM3
SIM4
1
21
22
SIM5
SIM1
SIM2
SIM3
SIM4
1
21
22
SIM5
SIM1
SIM2
SIM3
SIM4
1
21
22
SIM5
SIM1
SIM2
SIM3
SIM4
1
21
22
SIM5
SIM1
SIM2
SIM3
SIM4
1
21
22
SIM5
SIM1
SIM2
SIM3
SIM4
1
21
22
SIM5
SIM1
SIM2
SIM3
SIM4
1
21
22
SIM5
SIM1
SIM2
SIM3
SIM4
1
21
22
SIM5
SIM1
SIM2
SIM3
SIM4
1
21
22
SIM5
SIM1
SIM2
SIM3
SIM4
1
21
22
SIM5
SIM1
SIM2
SIM3
SIM4
1
21
22
SIM5
SIM1
SIM2
SIM3
SIM4
1
21
22
SIM5
SIM1
SIM2
SIM3
SIM4
1
21
22
SIM5
SIM1
SIM2
SIM3
SIM4
1
21
22
SIM5
SIM1
SIM2
SIM3
SIM4
1
21
22
SIM5
SIM1
SIM2
SIM3
SIM4
1
21
22
SIM5
SIM1
SIM2
SIM3
SIM4
1
21
22
SIM5
SIM1
SIM2
SIM3
SIM4
1
21
22
SIM5
SIM1
SIM2
SIM3
SIM4
1
21
22
SIM5
SIM1
SIM2
SIM3
SIM4
1
21
22
SIM5
SIM1
SIM2
SIM3
SIM4
1
21
22
SIM5
SIM1
SIM2
SIM3
SIM4
1
21
22
SIM5
SIM1
SIM2
SIM3
SIM4
1
21
22
SIM5
SIM1
SIM2
SIM3
SIM4
1
21
22
SIM5
SIM1
SIM2
SIM3
SIM4
1
21
22
SIM5
SIM1
SIM2
SIM3
SIM4
1
21
22
SIM5
SIM1
SIM2
DEBUG 1 45
SIM1
SIM2
SIM3
SIM4
1
21
22
SIM5
SIM1
SIM2
SIM3
SIM4
1
21
22
SIM5
SIM1
SIM2
SIM3
SIM4
1
21
22
SIM5
SIM1
SIM2
SIM3
SIM4
1
21
22
SIM5
SIM1
SIM2
SIM3
SIM4
1
21
22
SIM5
SIM1
SIM2
SIM3
SIM4
1
21
22
SIM5
SIM1
SIM2
SIM3
SIM4
1
21
22
SIM5
SIM1
SIM2
SIM3
SIM4
1
21
22
SIM5
SIM1
SIM2
SIM3
SIM4
1
21
22
SIM5
SIM1
SIM2
SIM3
SIM4
1
21
22
SIM5
SIM1
SIM2
SIM3
SIM4
1
21
22
SIM5
SIM1
SIM2
SIM3
SIM4
1
21
22
SIM5
SIM1
SIM2
SIM3
SIM4
1
21
22
SIM5
SIM1
SIM2
SIM3
SIM4
1
21
22
SIM5
SIM1
SIM2
SIM3
SIM4
1
21
22
SIM5
SIM1
SIM2
SIM3
SIM4
1
21
22
SIM5
SIM1
SIM2
SIM3
SIM4
1
21
22
SIM5
SIM1
SIM2
SIM3
SIM4
1
21
22
SIM5
SIM1
SIM2
SIM3
SIM4
1
21
22
SIM5
SIM1
SIM2
SIM3
SIM4
1
21
22
SIM5
SIM1
SIM2
SIM3
SIM4
1
21
22
SIM5
SIM1
SIM2
SIM3
SIM4
1
21
22
SIM5
SIM1
SIM2
SIM3
SIM4
1
21
22
SIM5
SIM1
SIM2
SIM3
SIM4
1
21
22
SIM5
SIM1
SIM2
SIM3
SIM4
1
21
22
SIM5
SIM1
SIM2
SIM3
SIM4
1
21
22
SIM5
SIM1
SIM2
SIM3
SIM4
1
21
22
SIM5
SIM1
SIM2
SIM3
SIM4
1
21
22
SIM5
SIM1
SIM2
SIM3
SIM4
1
21
22
SIM5
SIM1
SIM2
SIM3
SIM4
1
21
22
SIM5
SIM1
SIM2
SIM3
SIM4
1
21
22
SIM5
SIM1
SIM2
SIM3
SIM4
1
21
22
SIM5
SIM1
SIM2
SIM3
SIM4
1
21
22
SIM5
SIM1
SIM2
SIM3
SIM4
1
21
22
SIM5
SIM1
SIM2
SIM3
SIM4
1
21
22
SIM5
SIM1
SIM2
SIM3
SIM4
1
21
22
SIM5
SIM1
SIM2
SIM3
SIM4
1
21
22
SIM5
SIM1
SIM2
SIM3
SIM4
1
21
22
SIM5
SIM1
SIM2
SIM3
SIM4
1
21
22
SIM5
SIM1
SIM2
SIM3
SIM4
1
21
22
SIM5
SIM1
SIM2
SIM3
SIM4
1
21
22
SIM5
SIM1
SIM2
SIM3
SIM4
1
21
22
SIM5
SIM1
SIM2
SIM3
SIM4
1
21
22
SIM5
SIM1
SIM2
SIM3
SIM4
1
21
22
SIM5
SIM1
SIM2
SIM3
SIM4
1
21
22
SIM5
SIM1
SIM2
SIM3
SIM4
1
21
22
SIM5
SIM1
SIM2
SIM3
SIM4
1
21
22
SIM5
SIM1
SIM2
SIM3
SIM4
1
21
22
SIM5
SIM1
SIM2
SIM3
SIM4
1
21
22
SIM5
SIM1
SIM2
SIM3
SIM4
1
21
22
SIM5
SIM1
SIM2
SIM3
SIM4
1
21
22
SIM5
SIM1
SIM2
SIM3
SIM4
1
21
22
SIM5
SIM1
SIM2
SIM3
SIM4
1
21
22
SIM5
SIM1
SIM2
SIM3
SIM4
1
21
22
SIM5
SIM1
SIM2
SIM3
SIM4
1
21
22
SIM5
SIM1
SIM2
SIM3
SIM4
1
21
22
SIM5
SIM1
SIM2
SIM3
SIM4
1
21
22
SIM5
SIM1
SIM2
SIM3
SIM4
1
21
22
SIM5
SIM1
SIM2
SIM3
SIM4
1
21
22
SIM5
SIM1
SIM2
SIM3
SIM4
1
21
22
SIM5
SIM1
SIM2
SIM3
SIM4
1
21
22
SIM5
SIM1
SIM2
SIM3
SIM4
1
21
22
SIM5
SIM1
SIM2
SIM3
SIM4
1
21
22
SIM5
SIM1
SIM2
SIM3
SIM4
1
21
22
SIM5
SIM1
SIM2
SIM3
SIM4
1
21
22
SIM5
SIM1
SIM2
SIM3
SIM4
1
21
22
SIM5
SIM1
SIM2
SIM3
SIM4
1
21
22
SIM5
SIM1
SIM2
SIM3
SIM4
1
21
22
SIM5
SIM1
SIM2
SIM3
SIM4
1
21
22
SIM5
SIM1
SIM2
SIM3
SIM4
1
21
22
SIM5
SIM1
SIM2
SIM3
SIM4
1
21
22
SIM5
SIM1
SIM2
SIM3
SIM4
1
21
22
SIM5
SIM1
SIM2
SIM3
SIM4
1
21
22
SIM5
SIM1
SIM2
SIM3
SIM4
1
21
22
SIM5
SIM1
SIM2
SIM3
SIM4
1
21
22
SIM5
SIM1
SIM2
SIM3
SIM4
1
21
22
SIM5
SIM1
SIM2
SIM3
SIM4
1
21
22
SIM5
SIM1
SIM2
SIM3
SIM4
1
21
22
SIM5
SIM1
SIM2
SIM3
SIM4
1
21
22
SIM5
SIM1
SIM2
SIM3
SIM4
1
21
22
SIM5
SIM1
SIM2
SIM3
SIM4
1
21
22
SIM5
SIM1
SIM2
SIM3
SIM4
1
21
22
SIM5
SIM1
SIM2
SIM3
SIM4
1
21
22
SIM5
SIM1
SIM2
SIM3
SIM4
1
21
22
SIM5
SIM1
SIM2
SIM3
SIM4
1
21
22
SIM5
SIM1
SIM2
SIM3
SIM4
1
21
22
SIM5
SIM1
SIM2
SIM3
SIM4
1
21
22
SIM5
SIM1
SIM2
SIM3
SIM4
1
21
22
SIM5
SIM1
SIM2
SIM3
SIM4
1
21
22
SIM5
SIM1
SIM2
SIM3
SIM4
1
21
22
SIM5
SIM1
SIM2
SIM3
SIM4
1
21
22
SIM5
SIM1
SIM2
SIM3
SIM4
1
21
22
SIM5
SIM1
SIM2
SIM3
SIM4
1
21
22
SIM5
SIM1
SIM2
SIM3
SIM4
1
21
22
SIM5
SIM1
SIM2
SIM3
SIM4
1
21
22
SIM5
SIM1
SIM2
SIM3
SIM4
1
21
22
SIM5
SIM1
SIM2
SIM3
SIM4
1
21
22
SIM5
SIM1
SIM2
SIM3
SIM4
1
21
22
SIM5
SIM1
SIM2
SIM3
SIM4
1
21
22
SIM5
SIM1
SIM2
SIM3
SIM4
1
21
22
SIM5
SIM1
SIM2
SIM3
SIM4
1
21
22
SIM5
SIM1
SIM2
SIM3
SIM4
1
21
22
SIM5
SIM1
SIM2
SIM3
SIM4
1
21
22
SIM5
SIM1
SIM2
SIM3
SIM4
1
21
22
SIM5
SIM1
SIM2
SIM3
SIM4
1
21
22
SIM5
SIM1
SIM2
SIM3
SIM4
1
21
22
SIM5
SIM1
SIM2
SIM3
SIM4
1
21
22
SIM5
SIM1
SIM2
SIM3
SIM4
1
21
22
SIM5
SIM1
SIM2
SIM3
SIM4
1
21
22
SIM5
SIM1
SIM2
SIM3
SIM4
1
21
22
SIM5
SIM1
SIM2
SIM3
SIM4
1
21
22
SIM5
SIM1
SIM2
SIM3
SIM4
1
21
22
SIM5
SIM1
SIM2
SIM3
SIM4
1
21
22
SIM5
SIM1
SIM2
SIM3
SIM4
1
21
22
SIM5
SIM1
SIM2
SIM3
SIM4
1
21
22
SIM5
SIM1
SIM2
SIM3
SIM4
1
21
22
SIM5
SIM1
SIM2
SIM3
SIM4
1
21
22
SIM5
SIM1
SIM2
SIM3
SIM4
1
21
22
SIM5
SIM1
SIM2
SIM3
SIM4
1
21
22
SIM5
SIM1
SIM2
SIM3
SIM4
1
21
22
SIM5
SIM1
SIM2
SIM3
SIM4
1
21
22
SIM5
SIM1
SIM2
SIM3
SIM4
1
21
22
SIM5
SIM1
SIM2
SIM3
SIM4
1
21
22
SIM5
SIM1
SIM2
SIM3
SIM4
1
21
22
SIM5
SIM1
SIM2
SIM3
SIM4
1
21
22
SIM5
SIM1
SIM2
SIM3
SIM4
1
21
22
SIM5
SIM1
SIM2
SIM3
SIM4
1
21
22
SIM5
SIM1
SIM2
SIM3
SIM4
1
21
22
SIM5
SIM1
SIM2
SIM3
SIM4
1
21
22
SIM5
SIM1
SIM2
SIM3
SIM4
1
21
22
SIM5
SIM1
SIM2
SIM3
SIM4
1
21
22
SIM5
SIM1
SIM2
SIM3
SIM4
1
21
22
SIM5
SIM1
SIM2
SIM3
SIM4
1
21
22
SIM5
SIM1
SIM2
SIM3
SIM4
1
21
22
SIM5
SIM1
SIM2
SIM3
SIM4
1
21
22
SIM5
SIM1
SIM2
SIM3
SIM4
1
21
22
SIM5
SIM1
SIM2
SIM3
SIM4
1
21
22
SIM5
SIM1
SIM2
SIM3
SIM4
1
21
22
SIM5
SIM1
SIM2
SIM3
SIM4
1
21
22
SIM5
SIM1
SIM2
SIM3
SIM4
1
21
22
SIM5
SIM1
SIM2
SIM3
SIM4
1
21
22
SIM5
SIM1
SIM2
SIM3
SIM4
1
21
22
SIM5
SIM1
SIM2
SIM3
SIM4
1
21
22
SIM5
SIM1
SIM2
SIM3
SIM4
1
21
22
SIM5
SIM1
SIM2
SIM3
SIM4
1
21
22
SIM5
SIM1
SIM2
SIM3
SIM4
1
21
22
SIM5
SIM1
SIM2
SIM3
SIM4
1
21
22
SIM5
SIM1
SIM2
SIM3
SIM4
1
21
22
SIM5
SIM1
SIM2
SIM3
SIM4
1
21
22
SIM5
SIM1
SIM2
SIM3
SIM4
1
21
22
SIM5
SIM1
SIM2
SIM3
SIM4
1
21
22
SIM5
SIM1
SIM2
SIM3
SIM4
1
21
22
SIM5
SIM1
SIM2
SIM3
SIM4
1
21
22
SIM5
SIM1
SIM2
SIM3
SIM4
1
21
22
SIM5
SIM1
SIM2
SIM3
SIM4
1
21
22
SIM5
SIM1
SIM2
SIM3
SIM4
1
21
22
SIM5
SIM1
SIM2
SIM3
SIM4
1
21
22
SIM5
SIM1
SIM2
SIM3
SIM4
1
21
22
SIM5
SIM1
SIM2
SIM3
SIM4
1
21
22
SIM5
SIM1
SIM2
SIM3
SIM4
1
21
22
SIM5
SIM1
SIM2
SIM3
SIM4
1
21
22
SIM5
SIM1
SIM2
SIM3
SIM4
1
21
22
SIM5
SIM1
SIM2
SIM3
SIM4
1
21
22
SIM5
SIM1
SIM2
SIM3
SIM4
1
21
22
SIM5
SIM1
SIM2
SIM3
SIM4
1
21
22
SIM5
SIM1
SIM2
SIM3
SIM4
1
21
22
SIM5
SIM1
SIM2
SIM3
SIM4
1
21
22
SIM5
SIM1
SIM2
SIM3
SIM4
1
21
22
SIM5
SIM1
SIM2
SIM3
SIM4
1
21
22
SIM5
SIM1
SIM2
SIM3
SIM4
1
21
22
SIM5
SIM1
SIM2
SIM3
SIM4
1
21
22
SIM5
SIM1
SIM2
SIM3
SIM4
1
21
22
SIM5
SIM1
SIM2
SIM3
SIM4
1
21
22
SIM5
SIM1
SIM2
SIM3
SIM4
1
21
22
SIM5
SIM1
SIM2
SIM3
SIM4
1
21
22
SIM5
SIM1
SIM2
SIM3
SIM4
1
21
22
SIM5
SIM1
SIM2
SIM3
SIM4
1
21
22
SIM5
SIM1
SIM2
SIM3
SIM4
1
21
22
SIM5
SIM1
SIM2
SIM3
SIM4
1
21
22
SIM5
SIM1
SIM2
SIM3
SIM4
1
21
22
SIM5
SIM1
SIM2
SIM3
SIM4
1
21
22
SIM5
SIM1
SIM2
SIM3
SIM4
1
21
22
SIM5
SIM1
SIM2
SIM3
SIM4
1
21
22
SIM5
SIM1
SIM2
SIM3
SIM4
1
21
22
SIM5
SIM1
SIM2
SIM3
SIM4
1
21
22
SIM5
SIM1
SIM2
SIM3
SIM4
1
21
22
SIM5
SIM1
SIM2
SIM3
SIM4
1
21
22
SIM5
SIM1
SIM2
SIM3
SIM4
1
21
22
SIM5
SIM1
SIM2
SIM3
SIM4
1
21
22
SIM5
SIM1
SIM2
SIM3
SIM4
1
21
22
SIM5
SIM1
SIM2
SIM3
SIM4
1
21
22
SIM5
SIM1
SIM2
SIM3
SIM4
1
21
22
SIM5
SIM1
SIM2
SIM3
SIM4
1
21
22
SIM5
SIM1
SIM2
SIM3
SIM4
1
21
22
SIM5
SIM1
SIM2
SIM3
SIM4
1
21
22
SIM5
SIM1
SIM2
SIM3
SIM4
1
21
22
SIM5
SIM1
SIM2
SIM3
SIM4
1
21
22
SIM5
SIM1
SIM2
SIM3
SIM4
1
21
22
SIM5
SIM1
SIM2
SIM3
SIM4
1
21
22
SIM5
SIM1
SIM2
SIM3
SIM4
1
21
22
SIM5
SIM1
SIM2
SIM3
SIM4
1
21
22
SIM5
SIM1
SIM2
SIM3
SIM4
1
21
22
SIM5
SIM1
SIM2
SIM3
SIM4
1
21
22
SIM5
SIM1
SIM2
SIM3
SIM4
1
21
22
SIM5
SIM1
SIM2
SIM3
SIM4
1
21
22
SIM5
SIM1
SIM2
SIM3
SIM4
1
21
22
SIM5
SIM1
SIM2
SIM3
SIM4
1
21
22
SIM5
SIM1
SIM2
SIM3
SIM4
1
21
22
SIM5
SIM1
SIM2
SIM3
SIM4
1
21
22
SIM5
SIM1
SIM2
SIM3
SIM4
1
21
22
SIM5
SIM1
SIM2
SIM3
SIM4
1
21
22
SIM5
SIM1
SIM2
DEBUG 1 46
SIM1
SIM2
SIM3
SIM4
1
21
22
SIM5
SIM1
SIM2
SIM3
SIM4
1
21
22
SIM5
SIM1
SIM2
SIM3
SIM4
1
21
22
SIM5
SIM1
SIM2
SIM3
SIM4
1
21
22
SIM5
SIM1
SIM2
SIM3
SIM4
1
21
22
SIM5
SIM1
SIM2
SIM3
SIM4
1
21
22
SIM5
SIM1
SIM2
SIM3
SIM4
1
21
22
SIM5
SIM1
SIM2
SIM3
SIM4
1
21
22
SIM5
SIM1
SIM2
SIM3
SIM4
1
21
22
SIM5
SIM1
SIM2
SIM3
SIM4
1
21
22
SIM5
SIM1
SIM2
SIM3
SIM4
1
21
22
SIM5
SIM1
SIM2
SIM3
SIM4
1
21
22
SIM5
SIM1
SIM2
SIM3
SIM4
1
21
22
SIM5
SIM1
SIM2
SIM3
SIM4
1
21
22
SIM5
SIM1
SIM2
SIM3
SIM4
1
21
22
SIM5
SIM1
SIM2
SIM3
SIM4
1
21
22
SIM5
SIM1
SIM2
SIM3
SIM4
1
21
22
SIM5
SIM1
SIM2
SIM3
SIM4
1
21
22
SIM5
SIM1
SIM2
SIM3
SIM4
1
21
22
SIM5
SIM1
SIM2
SIM3
SIM4
1
21
22
SIM5
SIM1
SIM2
SIM3
SIM4
1
21
22
SIM5
SIM1
SIM2
SIM3
SIM4
1
21
22
SIM5
SIM1
SIM2
SIM3
SIM4
1
21
22
SIM5
SIM1
SIM2
SIM3
SIM4
1
21
22
SIM5
SIM1
SIM2
SIM3
SIM4
1
21
22
SIM5
SIM1
SIM2
SIM3
SIM4
1
21
22
SIM5
SIM1
SIM2
SIM3
SIM4
1
21
22
SIM5
SIM1
SIM2
SIM3
SIM4
1
21
22
SIM5
SIM1
SIM2
SIM3
SIM4
1
21
22
SIM5
SIM1
SIM2
SIM3
SIM4
1
21
22
SIM5
SIM1
SIM2
SIM3
SIM4
1
21
22
SIM5
SIM1
SIM2
SIM3
SIM4
1
21
22
SIM5
SIM1
SIM2
SIM3
SIM4
1
21
22
SIM5
SIM1
SIM2
SIM3
SIM4
1
21
22
SIM5
SIM1
SIM2
SIM3
SIM4
1
21
22
SIM5
SIM1
SIM2
SIM3
SIM4
1
21
22
SIM5
SIM1
SIM2
SIM3
SIM4
1
21
22
SIM5
SIM1
SIM2
SIM3
SIM4
1
21
22
SIM5
SIM1
SIM2
SIM3
SIM4
1
21
22
SIM5
SIM1
SIM2
SIM3
SIM4
1
21
22
SIM5
SIM1
SIM2
SIM3
SIM4
1
21
22
SIM5
SIM1
SIM2
SIM3
SIM4
1
21
22
SIM5
SIM1
SIM2
SIM3
SIM4
1
21
22
SIM5
SIM1
SIM2
SIM3
SIM4
1
21
22
SIM5
SIM1
SIM2
SIM3
SIM4
1
21
22
SIM5
SIM1
SIM2
SIM3
SIM4
1
21
22
SIM5
SIM1
SIM2
SIM3
SIM4
1
21
22
SIM5
SIM1
SIM2
SIM3
SIM4
1
21
22
SIM5
SIM1
SIM2
SIM3
SIM4
1
21
22
SIM5
SIM1
SIM2
SIM3
SIM4
1
21
22
SIM5
SIM1
SIM2
SIM3
SIM4
1
21
22
SIM5
SIM1
SIM2
SIM3
SIM4
1
21
22
SIM5
SIM1
SIM2
SIM3
SIM4
1
21
22
SIM5
SIM1
SIM2
SIM3
SIM4
1
21
22
SIM5
SIM1
SIM2
SIM3
SIM4
1
21
22
SIM5
SIM1
SIM2
SIM3
SIM4
1
21
22
SIM5
SIM1
SIM2
SIM3
SIM4
1
21
22
SIM5
SIM1
SIM2
SIM3
SIM4
1
21
22
SIM5
SIM1
SIM2
SIM3
SIM4
1
21
22
SIM5
SIM1
SIM2
SIM3
SIM4
1
21
22
SIM5
SIM1
SIM2
SIM3
SIM4
1
21
22
SIM5
SIM1
SIM2
SIM3
SIM4
1
21
22
SIM5
SIM1
SIM2
SIM3
SIM4
1
21
22
SIM5
SIM1
SIM2
SIM3
SIM4
1
21
22
SIM5
SIM1
SIM2
SIM3
SIM4
1
21
22
SIM5
SIM1
SIM2
SIM3
SIM4
1
21
22
SIM5
SIM1
SIM2
SIM3
SIM4
1
21
22
SIM5
SIM1
SIM2
SIM3
SIM4
1
21
22
SIM5
SIM1
SIM2
SIM3
SIM4
1
21
22
SIM5
SIM1
SIM2
SIM3
SIM4
1
21
22
SIM5
SIM1
SIM2
SIM3
SIM4
1
21
22
SIM5
SIM1
SIM2
SIM3
SIM4
1
21
22
SIM5
SIM1
SIM2
SIM3
SIM4
1
21
22
SIM5
SIM1
SIM2
SIM3
SIM4
1
21
22
SIM5
SIM1
SIM2
SIM3
SIM4
1
21
22
SIM5
SIM1
SIM2
SIM3
SIM4
1
21
22
SIM5
SIM1
SIM2
SIM3
SIM4
1
21
22
SIM5
SIM1
SIM2
SIM3
SIM4
1
21
22
SIM5
SIM1
SIM2
SIM3
SIM4
1
21
22
SIM5
SIM1
SIM2
SIM3
SIM4
1
21
22
SIM5
SIM1
SIM2
SIM3
SIM4
1
21
22
SIM5
SIM1
SIM2
SIM3
SIM4
1
21
22
SIM5
SIM1
SIM2
SIM3
SIM4
1
21
22
SIM5
SIM1
SIM2
SIM3
SIM4
1
21
22
SIM5
SIM1
SIM2
SIM3
SIM4
1
21
22
SIM5
SIM1
SIM2
SIM3
SIM4
1
21
22
SIM5
SIM1
SIM2
SIM3
SIM4
1
21
22
SIM5
SIM1
SIM2
SIM3
SIM4
1
21
22
SIM5
SIM1
SIM2
SIM3
SIM4
1
21
22
SIM5
SIM1
SIM2
SIM3
SIM4
1
21
22
SIM5
SIM1
SIM2
SIM3
SIM4
1
21
22
SIM5
SIM1
SIM2
SIM3
SIM4
1
21
22
SIM5
SIM1
SIM2
SIM3
SIM4
1
21
22
SIM5
SIM1
SIM2
SIM3
SIM4
1
21
22
SIM5
SIM1
SIM2
SIM3
SIM4
1
21
22
SIM5
SIM1
SIM2
SIM3
SIM4
1
21
22
SIM5
SIM1
SIM2
SIM3
SIM4
1
21
22
SIM5
SIM1
SIM2
SIM3
SIM4
1
21
22
SIM5
SIM1
SIM2
SIM3
SIM4
1
21
22
SIM5
SIM1
SIM2
DEBUG 1 47
SIM1
SIM2
SIM3
SIM4
1
21
22
SIM5
SIM1
SIM2
SIM3
SIM4
1
21
22
SIM5
SIM1
SIM2
SIM3
SIM4
1
21
22
SIM5
SIM1
SIM2
SIM3
SIM4
1
21
22
SIM5
SIM1
SIM2
SIM3
SIM4
1
21
22
SIM5
SIM1
SIM2
SIM3
SIM4
1
21
22
SIM5
SIM1
SIM2
SIM3
SIM4
1
21
22
SIM5
SIM1
SIM2
SIM3
SIM4
1
21
22
SIM5
SIM1
SIM2
SIM3
SIM4
1
21
22
SIM5
SIM1
SIM2
SIM3
SIM4
1
21
22
SIM5
SIM1
SIM2
SIM3
SIM4
1
21
22
SIM5
SIM1
SIM2
SIM3
SIM4
1
21
22
SIM5
SIM1
SIM2
SIM3
SIM4
1
21
22
SIM5
SIM1
SIM2
SIM3
SIM4
1
21
22
SIM5
SIM1
SIM2
SIM3
SIM4
1
21
22
SIM5
SIM1
SIM2
SIM3
SIM4
1
21
22
SIM5
SIM1
SIM2
SIM3
SIM4
1
21
22
SIM5
SIM1
SIM2
SIM3
SIM4
1
21
22
SIM5
SIM1
SIM2
SIM3
SIM4
1
21
22
SIM5
SIM1
SIM2
SIM3
SIM4
1
21
22
SIM5
SIM1
SIM2
SIM3
SIM4
1
21
22
SIM5
SIM1
SIM2
SIM3
SIM4
1
21
22
SIM5
SIM1
SIM2
SIM3
SIM4
1
21
22
SIM5
SIM1
SIM2
SIM3
SIM4
1
21
22
SIM5
SIM1
SIM2
SIM3
SIM4
1
21
22
SIM5
SIM1
SIM2
SIM3
SIM4
1
21
22
SIM5
SIM1
SIM2
SIM3
SIM4
1
21
22
SIM5
SIM1
SIM2
SIM3
SIM4
1
21
22
SIM5
SIM1
SIM2
SIM3
SIM4
1
21
22
SIM5
SIM1
SIM2
SIM3
SIM4
1
21
22
SIM5
SIM1
SIM2
SIM3
SIM4
1
21
22
SIM5
SIM1
SIM2
SIM3
SIM4
1
21
22
SIM5
SIM1
SIM2
SIM3
SIM4
1
21
22
SIM5
SIM1
SIM2
SIM3
SIM4
1
21
22
SIM5
SIM1
SIM2
SIM3
SIM4
1
21
22
SIM5
SIM1
SIM2
SIM3
SIM4
1
21
22
SIM5
SIM1
SIM2
SIM3
SIM4
1
21
22
SIM5
SIM1
SIM2
SIM3
SIM4
1
21
22
SIM5
SIM1
SIM2
SIM3
SIM4
1
21
22
SIM5
SIM1
SIM2
SIM3
SIM4
1
21
22
SIM5
SIM1
SIM2
SIM3
SIM4
1
21
22
SIM5
SIM1
SIM2
SIM3
SIM4
1
21
22
SIM5
SIM1
SIM2
SIM3
SIM4
1
21
22
SIM5
SIM1
SIM2
SIM3
SIM4
1
21
22
SIM5
SIM1
SIM2
SIM3
SIM4
1
21
22
SIM5
SIM1
SIM2
SIM3
SIM4
1
21
22
SIM5
SIM1
SIM2
SIM3
SIM4
1
21
22
SIM5
SIM1
SIM2
SIM3
SIM4
1
21
22
SIM5
SIM1
SIM2
SIM3
SIM4
1
21
22
SIM5
SIM1
SIM2
SIM3
SIM4
1
21
22
SIM5
SIM1
SIM2
SIM3
SIM4
1
21
22
SIM5
SIM1
SIM2
SIM3
SIM4
1
21
22
SIM5
SIM1
SIM2
SIM3
SIM4
1
21
22
SIM5
SIM1
SIM2
SIM3
SIM4
1
21
22
SIM5
SIM1
SIM2
SIM3
SIM4
1
21
22
SIM5
SIM1
SIM2
SIM3
SIM4
1
21
22
SIM5
SIM1
SIM2
SIM3
SIM4
1
21
22
SIM5
SIM1
SIM2
SIM3
SIM4
1
21
22
SIM5
SIM1
SIM2
SIM3
SIM4
1
21
22
SIM5
SIM1
SIM2
SIM3
SIM4
1
21
22
SIM5
SIM1
SIM2
SIM3
SIM4
1
21
22
SIM5
SIM1
SIM2
SIM3
SIM4
1
21
22
SIM5
SIM1
SIM2
SIM3
SIM4
1
21
22
SIM5
SIM1
SIM2
SIM3
SIM4
1
21
22
SIM5
SIM1
SIM2
SIM3
SIM4
1
21
22
SIM5
SIM1
SIM2
SIM3
SIM4
1
21
22
SIM5
SIM1
SIM2
SIM3
SIM4
1
21
22
SIM5
SIM1
SIM2
SIM3
SIM4
1
21
22
SIM5
SIM1
SIM2
SIM3
SIM4
1
21
22
SIM5
SIM1
SIM2
SIM3
SIM4
1
21
22
SIM5
SIM1
SIM2
SIM3
SIM4
1
21
22
SIM5
SIM1
SIM2
SIM3
SIM4
1
21
22
SIM5
SIM1
SIM2
SIM3
SIM4
1
21
22
SIM5
SIM1
SIM2
SIM3
SIM4
1
21
22
SIM5
SIM1
SIM2
SIM3
SIM4
1
21
22
SIM5
SIM1
SIM2
SIM3
SIM4
1
21
22
SIM5
SIM1
SIM2
SIM3
SIM4
1
21
22
SIM5
SIM1
SIM2
SIM3
SIM4
1
21
22
SIM5
SIM1
SIM2
SIM3
SIM4
1
21
22
SIM5
SIM1
SIM2
SIM3
SIM4
1
21
22
SIM5
SIM1
SIM2
SIM3
SIM4
1
21
22
SIM5
SIM1
SIM2
SIM3
SIM4
1
21
22
SIM5
SIM1
SIM2
SIM3
SIM4
1
21
22
SIM5
SIM1
SIM2
SIM3
SIM4
1
21
22
SIM5
SIM1
SIM2
SIM3
SIM4
1
21
22
SIM5
SIM1
SIM2
SIM3
SIM4
1
21
22
SIM5
SIM1
SIM2
SIM3
SIM4
1
21
22
SIM5
SIM1
SIM2
SIM3
SIM4
1
21
22
SIM5
SIM1
SIM2
SIM3
SIM4
1
21
22
SIM5
SIM1
SIM2
SIM3
SIM4
1
21
22
SIM5
SIM1
SIM2
SIM3
SIM4
1
21
22
SIM5
SIM1
SIM2
SIM3
SIM4
1
21
22
SIM5
SIM1
SIM2
SIM3
SIM4
1
21
22
SIM5
SIM1
SIM2
SIM3
SIM4
1
21
22
SIM5
SIM1
SIM2
SIM3
SIM4
1
21
22
SIM5
SIM1
SIM2
SIM3
SIM4
1
21
22
SIM5
SIM1
SIM2
SIM3
SIM4
1
21
22
SIM5
SIM1
SIM2
SIM3
SIM4
1
21
22
SIM5
SIM1
SIM2
SIM3
SIM4
1
21
22
SIM5
SIM1
SIM2
SIM3
SIM4
1
21
22
SIM5
SIM1
SIM2
SIM3
SIM4
1
21
22
SIM5
SIM1
SIM2
SIM3
SIM4
1
21
22
SIM5
SIM1
SIM2
SIM3
SIM4
1
21
22
SIM5
SIM1
SIM2
SIM3
SIM4
1
21
22
SIM5
SIM1
SIM2
SIM3
SIM4
1
21
22
SIM5
SIM1
SIM2
SIM3
SIM4
1
21
22
SIM5
SIM1
SIM2
SIM3
SIM4
1
21
22
SIM5
SIM1
SIM2
SIM3
SIM4
1
21
22
SIM5
SIM1
SIM2
SIM3
SIM4
1
21
22
SIM5
SIM1
SIM2
SIM3
SIM4
1
21
22
SIM5
SIM1
SIM2
SIM3
SIM4
1
21
22
SIM5
SIM1
SIM2
SIM3
SIM4
1
21
22
SIM5
SIM1
SIM2
SIM3
SIM4
1
21
22
SIM5
SIM1
SIM2
SIM3
SIM4
1
21
22
SIM5
SIM1
SIM2
SIM3
SIM4
1
21
22
SIM5
SIM1
SIM2
SIM3
SIM4
1
21
22
SIM5
SIM1
SIM2
SIM3
SIM4
1
21
22
SIM5
SIM1
SIM2
SIM3
SIM4
1
21
22
SIM5
SIM1
SIM2
SIM3
SIM4
1
21
22
SIM5
SIM1
SIM2
SIM3
SIM4
1
21
22
SIM5
SIM1
SIM2
SIM3
SIM4
1
21
22
SIM5
SIM1
SIM2
SIM3
SIM4
1
21
22
SIM5
SIM1
SIM2
SIM3
SIM4
1
21
22
SIM5
SIM1
SIM2
DEBUG 1 48
SIM1
SIM2
SIM3
SIM4
1
21
22
SIM5
SIM1
SIM2
SIM3
SIM4
1
21
22
SIM5
SIM1
SIM2
SIM3
SIM4
1
21
22
SIM5
SIM1
SIM2
SIM3
SIM4
1
21
22
SIM5
SIM1
SIM2
SIM3
SIM4
1
21
22
SIM5
SIM1
SIM2
SIM3
SIM4
1
21
22
SIM5
SIM1
SIM2
SIM3
SIM4
1
21
22
SIM5
SIM1
SIM2
SIM3
SIM4
1
21
22
SIM5
SIM1
SIM2
SIM3
SIM4
1
21
22
SIM5
SIM1
SIM2
SIM3
SIM4
1
21
22
SIM5
SIM1
SIM2
SIM3
SIM4
1
21
22
SIM5
SIM1
SIM2
SIM3
SIM4
1
21
22
SIM5
SIM1
SIM2
SIM3
SIM4
1
21
22
SIM5
SIM1
SIM2
SIM3
SIM4
1
21
22
SIM5
SIM1
SIM2
SIM3
SIM4
1
21
22
SIM5
SIM1
SIM2
SIM3
SIM4
1
21
22
SIM5
SIM1
SIM2
SIM3
SIM4
1
21
22
SIM5
SIM1
SIM2
SIM3
SIM4
1
21
22
SIM5
SIM1
SIM2
SIM3
SIM4
1
21
22
SIM5
SIM1
SIM2
SIM3
SIM4
1
21
22
SIM5
SIM1
SIM2
SIM3
SIM4
1
21
22
SIM5
SIM1
SIM2
SIM3
SIM4
1
21
22
SIM5
SIM1
SIM2
SIM3
SIM4
1
21
22
SIM5
SIM1
SIM2
SIM3
SIM4
1
21
22
SIM5
SIM1
SIM2
SIM3
SIM4
1
21
22
SIM5
SIM1
SIM2
SIM3
SIM4
1
21
22
SIM5
SIM1
SIM2
SIM3
SIM4
1
21
22
SIM5
SIM1
SIM2
SIM3
SIM4
1
21
22
SIM5
SIM1
SIM2
SIM3
SIM4
1
21
22
SIM5
SIM1
SIM2
SIM3
SIM4
1
21
22
SIM5
SIM1
SIM2
SIM3
SIM4
1
21
22
SIM5
SIM1
SIM2
SIM3
SIM4
1
21
22
SIM5
SIM1
SIM2
SIM3
SIM4
1
21
22
SIM5
SIM1
SIM2
SIM3
SIM4
1
21
22
SIM5
SIM1
SIM2
SIM3
SIM4
1
21
22
SIM5
SIM1
SIM2
SIM3
SIM4
1
21
22
SIM5
SIM1
SIM2
SIM3
SIM4
1
21
22
SIM5
SIM1
SIM2
SIM3
SIM4
1
21
22
SIM5
SIM1
SIM2
SIM3
SIM4
1
21
22
SIM5
SIM1
SIM2
SIM3
SIM4
1
21
22
SIM5
SIM1
SIM2
SIM3
SIM4
1
21
22
SIM5
SIM1
SIM2
SIM3
SIM4
1
21
22
SIM5
SIM1
SIM2
SIM3
SIM4
1
21
22
SIM5
SIM1
SIM2
SIM3
SIM4
1
21
22
SIM5
SIM1
SIM2
SIM3
SIM4
1
21
22
SIM5
SIM1
SIM2
SIM3
SIM4
1
21
22
SIM5
SIM1
SIM2
SIM3
SIM4
1
21
22
SIM5
SIM1
SIM2
SIM3
SIM4
1
21
22
SIM5
SIM1
SIM2
SIM3
SIM4
1
21
22
SIM5
SIM1
SIM2
SIM3
SIM4
1
21
22
SIM5
SIM1
SIM2
SIM3
SIM4
1
21
22
SIM5
SIM1
SIM2
SIM3
SIM4
1
21
22
SIM5
SIM1
SIM2
SIM3
SIM4
1
21
22
SIM5
SIM1
SIM2
SIM3
SIM4
1
21
22
SIM5
SIM1
SIM2
SIM3
SIM4
1
21
22
SIM5
SIM1
SIM2
SIM3
SIM4
1
21
22
SIM5
SIM1
SIM2
SIM3
SIM4
1
21
22
SIM5
SIM1
SIM2
SIM3
SIM4
1
21
22
SIM5
SIM1
SIM2
SIM3
SIM4
1
21
22
SIM5
SIM1
SIM2
SIM3
SIM4
1
21
22
SIM5
SIM1
SIM2
SIM3
SIM4
1
21
22
SIM5
SIM1
SIM2
SIM3
SIM4
1
21
22
SIM5
SIM1
SIM2
SIM3
SIM4
1
21
22
SIM5
SIM1
SIM2
SIM3
SIM4
1
21
22
SIM5
SIM1
SIM2
SIM3
SIM4
1
21
22
SIM5
SIM1
SIM2
SIM3
SIM4
1
21
22
SIM5
SIM1
SIM2
SIM3
SIM4
1
21
22
SIM5
SIM1
SIM2
SIM3
SIM4
1
21
22
SIM5
SIM1
SIM2
SIM3
SIM4
1
21
22
SIM5
SIM1
SIM2
SIM3
SIM4
1
21
22
SIM5
SIM1
SIM2
SIM3
SIM4
1
21
22
SIM5
SIM1
SIM2
SIM3
SIM4
1
21
22
SIM5
SIM1
SIM2
SIM3
SIM4
1
21
22
SIM5
SIM1
SIM2
SIM3
SIM4
1
21
22
SIM5
SIM1
SIM2
SIM3
SIM4
1
21
22
SIM5
SIM1
SIM2
SIM3
SIM4
1
21
22
SIM5
SIM1
SIM2
SIM3
SIM4
1
21
22
SIM5
SIM1
SIM2
SIM3
SIM4
1
21
22
SIM5
SIM1
SIM2
SIM3
SIM4
1
21
22
SIM5
SIM1
SIM2
SIM3
SIM4
1
21
22
SIM5
SIM1
SIM2
SIM3
SIM4
1
21
22
SIM5
SIM1
SIM2
SIM3
SIM4
1
21
22
SIM5
SIM1
SIM2
SIM3
SIM4
1
21
22
SIM5
SIM1
SIM2
SIM3
SIM4
1
21
22
SIM5
SIM1
SIM2
SIM3
SIM4
1
21
22
SIM5
SIM1
SIM2
SIM3
SIM4
1
21
22
SIM5
SIM1
SIM2
SIM3
SIM4
1
21
22
SIM5
SIM1
SIM2
SIM3
SIM4
1
21
22
SIM5
SIM1
SIM2
SIM3
SIM4
1
21
22
SIM5
SIM1
SIM2
SIM3
SIM4
1
21
22
SIM5
SIM1
SIM2
SIM3
SIM4
1
21
22
SIM5
SIM1
SIM2
SIM3
SIM4
1
21
22
SIM5
SIM1
SIM2
SIM3
SIM4
1
21
22
SIM5
SIM1
SIM2
SIM3
SIM4
1
21
22
SIM5
SIM1
SIM2
SIM3
SIM4
1
21
22
SIM5
SIM1
SIM2
SIM3
SIM4
1
21
22
SIM5
SIM1
SIM2
SIM3
SIM4
1
21
22
SIM5
SIM1
SIM2
SIM3
SIM4
1
21
22
SIM5
SIM1
SIM2
SIM3
SIM4
1
21
22
SIM5
SIM1
SIM2
SIM3
SIM4
1
21
22
SIM5
SIM1
SIM2
SIM3
SIM4
1
21
22
SIM5
SIM1
SIM2
SIM3
SIM4
1
21
22
SIM5
SIM1
SIM2
SIM3
SIM4
1
21
22
SIM5
SIM1
SIM2
SIM3
SIM4
1
21
22
SIM5
SIM1
SIM2
SIM3
SIM4
1
21
22
SIM5
SIM1
SIM2
SIM3
SIM4
1
21
22
SIM5
SIM1
SIM2
SIM3
SIM4
1
21
22
SIM5
SIM1
SIM2
SIM3
SIM4
1
21
22
SIM5
SIM1
SIM2
SIM3
SIM4
1
21
22
SIM5
SIM1
SIM2
SIM3
SIM4
1
21
22
SIM5
SIM1
SIM2
SIM3
SIM4
1
21
22
SIM5
SIM1
SIM2
SIM3
SIM4
1
21
22
SIM5
SIM1
SIM2
SIM3
SIM4
1
21
22
SIM5
SIM1
SIM2
SIM3
SIM4
1
21
22
SIM5
SIM1
SIM2
SIM3
SIM4
1
21
22
SIM5
SIM1
SIM2
SIM3
SIM4
1
21
22
SIM5
SIM1
SIM2
SIM3
SIM4
1
21
22
SIM5
SIM1
SIM2
SIM3
SIM4
1
21
22
SIM5
SIM1
SIM2
SIM3
SIM4
1
21
22
SIM5
SIM1
SIM2
SIM3
SIM4
1
21
22
SIM5
SIM1
SIM2
SIM3
SIM4
1
21
22
SIM5
SIM1
SIM2
SIM3
SIM4
1
21
22
SIM5
SIM1
SIM2
SIM3
SIM4
1
21
22
SIM5
SIM1
SIM2
SIM3
SIM4
1
21
22
SIM5
SIM1
SIM2
SIM3
SIM4
1
21
22
SIM5
SIM1
SIM2
SIM3
SIM4
1
21
22
SIM5
SIM1
SIM2
SIM3
SIM4
1
21
22
SIM5
SIM1
SIM2
SIM3
SIM4
1
21
22
SIM5
SIM1
SIM2
SIM3
SIM4
1
21
22
SIM5
SIM1
SIM2
SIM3
SIM4
1
21
22
SIM5
SIM1
SIM2
SIM3
SIM4
1
21
22
SIM5
SIM1
SIM2
SIM3
SIM4
1
21
22
SIM5
SIM1
SIM2
SIM3
SIM4
1
21
22
SIM5
SIM1
SIM2
SIM3
SIM4
1
21
22
SIM5
SIM1
SIM2
SIM3
SIM4
1
21
22
SIM5
SIM1
SIM2
SIM3
SIM4
1
21
22
SIM5
SIM1
SIM2
SIM3
SIM4
1
21
22
SIM5
SIM1
SIM2
SIM3
SIM4
1
21
22
SIM5
SIM1
SIM2
SIM3
SIM4
1
21
22
SIM5
SIM1
SIM2
SIM3
SIM4
1
21
22
SIM5
SIM1
SIM2
SIM3
SIM4
1
21
22
SIM5
SIM1
SIM2
SIM3
SIM4
1
21
22
SIM5
SIM1
SIM2
SIM3
SIM4
1
21
22
SIM5
SIM1
SIM2
SIM3
SIM4
1
21
22
SIM5
SIM1
SIM2
SIM3
SIM4
1
21
22
SIM5
SIM1
SIM2
SIM3
SIM4
1
21
22
SIM5
SIM1
SIM2
SIM3
SIM4
1
21
22
SIM5
SIM1
SIM2
SIM3
SIM4
1
21
22
SIM5
SIM1
SIM2
SIM3
SIM4
1
21
22
SIM5
SIM1
SIM2
SIM3
SIM4
1
21
22
SIM5
SIM1
SIM2
SIM3
SIM4
1
21
22
SIM5
SIM1
SIM2
SIM3
SIM4
1
21
22
SIM5
SIM1
SIM2
SIM3
SIM4
1
21
22
SIM5
SIM1
SIM2
SIM3
SIM4
1
21
22
SIM5
SIM1
SIM2
SIM3
SIM4
1
21
22
SIM5
SIM1
SIM2
SIM3
SIM4
1
21
22
SIM5
SIM1
SIM2
SIM3
SIM4
1
21
22
SIM5
SIM1
SIM2
SIM3
SIM4
1
21
22
SIM5
SIM1
SIM2
SIM3
SIM4
1
21
22
SIM5
SIM1
SIM2
SIM3
SIM4
1
21
22
SIM5
SIM1
SIM2
SIM3
SIM4
1
21
22
SIM5
SIM1
SIM2
SIM3
SIM4
1
21
22
SIM5
SIM1
SIM2
SIM3
SIM4
1
21
22
SIM5
SIM1
SIM2
SIM3
SIM4
1
21
22
SIM5
SIM1
SIM2
SIM3
SIM4
1
21
22
SIM5
SIM1
SIM2
DEBUG 1 49
SIM1
SIM2
SIM3
SIM4
1
21
22
SIM5
SIM1
SIM2
SIM3
SIM4
1
21
22
SIM5
SIM1
SIM2
SIM3
SIM4
1
21
22
SIM5
SIM1
SIM2
SIM3
SIM4
1
21
22
SIM5
SIM1
SIM2
SIM3
SIM4
1
21
22
SIM5
SIM1
SIM2
SIM3
SIM4
1
21
22
SIM5
SIM1
SIM2
SIM3
SIM4
1
21
22
SIM5
SIM1
SIM2
SIM3
SIM4
1
21
22
SIM5
SIM1
SIM2
SIM3
SIM4
1
21
22
SIM5
SIM1
SIM2
SIM3
SIM4
1
21
22
SIM5
SIM1
SIM2
SIM3
SIM4
1
21
22
SIM5
SIM1
SIM2
SIM3
SIM4
1
21
22
SIM5
SIM1
SIM2
SIM3
SIM4
1
21
22
SIM5
SIM1
SIM2
SIM3
SIM4
1
21
22
SIM5
SIM1
SIM2
SIM3
SIM4
1
21
22
SIM5
SIM1
SIM2
SIM3
SIM4
1
21
22
SIM5
SIM1
SIM2
SIM3
SIM4
1
21
22
SIM5
SIM1
SIM2
SIM3
SIM4
1
21
22
SIM5
SIM1
SIM2
SIM3
SIM4
1
21
22
SIM5
SIM1
SIM2
SIM3
SIM4
1
21
22
SIM5
SIM1
SIM2
SIM3
SIM4
1
21
22
SIM5
SIM1
SIM2
SIM3
SIM4
1
21
22
SIM5
SIM1
SIM2
SIM3
SIM4
1
21
22
SIM5
SIM1
SIM2
SIM3
SIM4
1
21
22
SIM5
SIM1
SIM2
SIM3
SIM4
1
21
22
SIM5
SIM1
SIM2
SIM3
SIM4
1
21
22
SIM5
SIM1
SIM2
SIM3
SIM4
1
21
22
SIM5
SIM1
SIM2
SIM3
SIM4
1
21
22
SIM5
SIM1
SIM2
SIM3
SIM4
1
21
22
SIM5
SIM1
SIM2
SIM3
SIM4
1
21
22
SIM5
SIM1
SIM2
SIM3
SIM4
1
21
22
SIM5
SIM1
SIM2
SIM3
SIM4
1
21
22
SIM5
SIM1
SIM2
SIM3
SIM4
1
21
22
SIM5
SIM1
SIM2
SIM3
SIM4
1
21
22
SIM5
SIM1
SIM2
SIM3
SIM4
1
21
22
SIM5
SIM1
SIM2
SIM3
SIM4
1
21
22
SIM5
SIM1
SIM2
SIM3
SIM4
1
21
22
SIM5
SIM1
SIM2
SIM3
SIM4
1
21
22
SIM5
SIM1
SIM2
SIM3
SIM4
1
21
22
SIM5
SIM1
SIM2
SIM3
SIM4
1
21
22
SIM5
SIM1
SIM2
SIM3
SIM4
1
21
22
SIM5
SIM1
SIM2
SIM3
SIM4
1
21
22
SIM5
SIM1
SIM2
SIM3
SIM4
1
21
22
SIM5
SIM1
SIM2
SIM3
SIM4
1
21
22
SIM5
SIM1
SIM2
SIM3
SIM4
1
21
22
SIM5
SIM1
SIM2
SIM3
SIM4
1
21
22
SIM5
SIM1
SIM2
SIM3
SIM4
1
21
22
SIM5
SIM1
SIM2
SIM3
SIM4
1
21
22
SIM5
SIM1
SIM2
SIM3
SIM4
1
21
22
SIM5
SIM1
SIM2
SIM3
SIM4
1
21
22
SIM5
SIM1
SIM2
SIM3
SIM4
1
21
22
SIM5
SIM1
SIM2
SIM3
SIM4
1
21
22
SIM5
SIM1
SIM2
SIM3
SIM4
1
21
22
SIM5
SIM1
SIM2
SIM3
SIM4
1
21
22
SIM5
SIM1
SIM2
SIM3
SIM4
1
21
22
SIM5
SIM1
SIM2
SIM3
SIM4
1
21
22
SIM5
SIM1
SIM2
SIM3
SIM4
1
21
22
SIM5
SIM1
SIM2
SIM3
SIM4
1
21
22
SIM5
SIM1
SIM2
SIM3
SIM4
1
21
22
SIM5
SIM1
SIM2
SIM3
SIM4
1
21
22
SIM5
SIM1
SIM2
SIM3
SIM4
1
21
22
SIM5
SIM1
SIM2
SIM3
SIM4
1
21
22
SIM5
SIM1
SIM2
SIM3
SIM4
1
21
22
SIM5
SIM1
SIM2
SIM3
SIM4
1
21
22
SIM5
SIM1
SIM2
SIM3
SIM4
1
21
22
SIM5
SIM1
SIM2
SIM3
SIM4
1
21
22
SIM5
SIM1
SIM2
SIM3
SIM4
1
21
22
SIM5
SIM1
SIM2
SIM3
SIM4
1
21
22
SIM5
SIM1
SIM2
SIM3
SIM4
1
21
22
SIM5
SIM1
SIM2
SIM3
SIM4
1
21
22
SIM5
SIM1
SIM2
SIM3
SIM4
1
21
22
SIM5
SIM1
SIM2
SIM3
SIM4
1
21
22
SIM5
SIM1
SIM2
SIM3
SIM4
1
21
22
SIM5
SIM1
SIM2
SIM3
SIM4
1
21
22
SIM5
SIM1
SIM2
SIM3
SIM4
1
21
22
SIM5
SIM1
SIM2
SIM3
SIM4
1
21
22
SIM5
SIM1
SIM2
SIM3
SIM4
1
21
22
SIM5
SIM1
SIM2
SIM3
SIM4
1
21
22
SIM5
SIM1
SIM2
SIM3
SIM4
1
21
22
SIM5
SIM1
SIM2
SIM3
SIM4
1
21
22
SIM5
SIM1
SIM2
SIM3
SIM4
1
21
22
SIM5
SIM1
SIM2
SIM3
SIM4
1
21
22
SIM5
SIM1
SIM2
SIM3
SIM4
1
21
22
SIM5
SIM1
SIM2
SIM3
SIM4
1
21
22
SIM5
SIM1
SIM2
SIM3
SIM4
1
21
22
SIM5
SIM1
SIM2
SIM3
SIM4
1
21
22
SIM5
SIM1
SIM2
SIM3
SIM4
1
21
22
SIM5
SIM1
SIM2
SIM3
SIM4
1
21
22
SIM5
SIM1
SIM2
SIM3
SIM4
1
21
22
SIM5
SIM1
SIM2
SIM3
SIM4
1
21
22
SIM5
SIM1
SIM2
SIM3
SIM4
1
21
22
SIM5
SIM1
SIM2
SIM3
SIM4
1
21
22
SIM5
SIM1
SIM2
SIM3
SIM4
1
21
22
SIM5
SIM1
SIM2
SIM3
SIM4
1
21
22
SIM5
SIM1
SIM2
SIM3
SIM4
1
21
22
SIM5
SIM1
SIM2
SIM3
SIM4
1
21
22
SIM5
SIM1
SIM2
SIM3
SIM4
1
21
22
SIM5
SIM1
SIM2
SIM3
SIM4
1
21
22
SIM5
SIM1
SIM2
SIM3
SIM4
1
21
22
SIM5
SIM1
SIM2
SIM3
SIM4
1
21
22
SIM5
SIM1
SIM2
SIM3
SIM4
1
21
22
SIM5
SIM1
SIM2
SIM3
SIM4
1
21
22
SIM5
SIM1
SIM2
SIM3
SIM4
1
21
22
SIM5
SIM1
SIM2
SIM3
SIM4
1
21
22
SIM5
SIM1
SIM2
SIM3
SIM4
1
21
22
SIM5
SIM1
SIM2
SIM3
SIM4
1
21
22
SIM5
SIM1
SIM2
SIM3
SIM4
1
21
22
SIM5
SIM1
SIM2
SIM3
SIM4
1
21
22
SIM5
SIM1
SIM2
SIM3
SIM4
1
21
22
SIM5
SIM1
SIM2
SIM3
SIM4
1
21
22
SIM5
SIM1
SIM2
SIM3
SIM4
1
21
22
SIM5
SIM1
SIM2
SIM3
SIM4
1
21
22
SIM5
SIM1
SIM2
SIM3
SIM4
1
21
22
SIM5
SIM1
SIM2
SIM3
SIM4
1
21
22
SIM5
SIM1
SIM2
SIM3
SIM4
1
21
22
SIM5
SIM1
SIM2
SIM3
SIM4
1
21
22
SIM5
SIM1
SIM2
SIM3
SIM4
1
21
22
SIM5
SIM1
SIM2
SIM3
SIM4
1
21
22
SIM5
SIM1
SIM2
SIM3
SIM4
1
21
22
SIM5
SIM1
SIM2
SIM3
SIM4
1
21
22
SIM5
SIM1
SIM2
SIM3
SIM4
1
21
22
SIM5
SIM1
SIM2
SIM3
SIM4
1
21
22
SIM5
SIM1
SIM2
SIM3
SIM4
1
21
22
SIM5
SIM1
SIM2
SIM3
SIM4
1
21
22
SIM5
SIM1
SIM2
SIM3
SIM4
1
21
22
SIM5
SIM1
SIM2
SIM3
SIM4
1
21
22
SIM5
SIM1
SIM2
SIM3
SIM4
1
21
22
SIM5
SIM1
SIM2
SIM3
SIM4
1
21
22
SIM5
SIM1
SIM2
SIM3
SIM4
1
21
22
SIM5
SIM1
SIM2
SIM3
SIM4
1
21
22
SIM5
SIM1
SIM2
SIM3
SIM4
1
21
22
SIM5
SIM1
SIM2
SIM3
SIM4
1
21
22
SIM5
SIM1
SIM2
SIM3
SIM4
1
21
22
SIM5
SIM1
SIM2
SIM3
SIM4
1
21
22
SIM5
SIM1
SIM2
SIM3
SIM4
1
21
22
SIM5
SIM1
SIM2
SIM3
SIM4
1
21
22
SIM5
SIM1
SIM2
SIM3
SIM4
1
21
22
SIM5
SIM1
SIM2
SIM3
SIM4
1
21
22
SIM5
SIM1
SIM2
SIM3
SIM4
1
21
22
SIM5
SIM1
SIM2
SIM3
SIM4
1
21
22
SIM5
SIM1
SIM2
SIM3
SIM4
1
21
22
SIM5
SIM1
SIM2
SIM3
SIM4
1
21
22
SIM5
SIM1
SIM2
SIM3
SIM4
1
21
22
SIM5
SIM1
SIM2
SIM3
SIM4
1
21
22
SIM5
SIM1
SIM2
SIM3
SIM4
1
21
22
SIM5
SIM1
SIM2
SIM3
SIM4
1
21
22
SIM5
SIM1
SIM2
SIM3
SIM4
1
21
22
SIM5
SIM1
SIM2
SIM3
SIM4
1
21
22
SIM5
SIM1
SIM2
SIM3
SIM4
1
21
22
SIM5
SIM1
SIM2
SIM3
SIM4
1
21
22
SIM5
SIM1
SIM2
SIM3
SIM4
1
21
22
SIM5
SIM1
SIM2
SIM3
SIM4
1
21
22
SIM5
SIM1
SIM2
SIM3
SIM4
1
21
22
SIM5
SIM1
SIM2
SIM3
SIM4
1
21
22
SIM5
SIM1
SIM2
SIM3
SIM4
1
21
22
SIM5
SIM1
SIM2
SIM3
SIM4
1
21
22
SIM5
SIM1
SIM2
SIM3
SIM4
1
21
22
SIM5
SIM1
SIM2
SIM3
SIM4
1
21
22
SIM5
SIM1
SIM2
SIM3
SIM4
1
21
22
SIM5
SIM1
SIM2
SIM3
SIM4
1
21
22
SIM5
SIM1
SIM2
SIM3
SIM4
1
21
22
SIM5
SIM1
SIM2
SIM3
SIM4
1
21
22
SIM5
SIM1
SIM2
SIM3
SIM4
1
21
22
SIM5
SIM1
SIM2
SIM3
SIM4
1
21
22
SIM5
SIM1
SIM2
SIM3
SIM4
1
21
22
SIM5
SIM1
SIM2
SIM3
SIM4
1
21
22
SIM5
SIM1
SIM2
SIM3
SIM4
1
21
22
SIM5
SIM1
SIM2
SIM3
SIM4
1
21
22
SIM5
SIM1
SIM2
SIM3
SIM4
1
21
22
SIM5
SIM1
SIM2
SIM3
SIM4
1
21
22
SIM5
SIM1
SIM2
SIM3
SIM4
1
21
22
SIM5
SIM1
SIM2
SIM3
SIM4
1
21
22
SIM5
SIM1
SIM2
SIM3
SIM4
1
21
22
SIM5
SIM1
SIM2
SIM3
SIM4
1
21
22
SIM5
SIM1
SIM2
SIM3
SIM4
1
21
22
SIM5
SIM1
SIM2
SIM3
SIM4
1
21
22
SIM5
SIM1
SIM2
SIM3
SIM4
1
21
22
SIM5
SIM1
SIM2
SIM3
SIM4
1
21
22
SIM5
SIM1
SIM2
SIM3
SIM4
1
21
22
SIM5
SIM1
SIM2
SIM3
SIM4
1
21
22
SIM5
SIM1
SIM2
SIM3
SIM4
1
21
22
SIM5
SIM1
SIM2
SIM3
SIM4
1
21
22
SIM5
SIM1
SIM2
SIM3
SIM4
1
21
22
SIM5
SIM1
SIM2
SIM3
SIM4
1
21
22
SIM5
SIM1
SIM2
SIM3
SIM4
1
21
22
SIM5
SIM1
SIM2
SIM3
SIM4
1
21
22
SIM5
SIM1
SIM2
SIM3
SIM4
1
21
22
SIM5
SIM1
SIM2
SIM3
SIM4
1
21
22
SIM5
SIM1
SIM2
SIM3
SIM4
1
21
22
SIM5
SIM1
SIM2
SIM3
SIM4
1
21
22
SIM5
SIM1
SIM2
SIM3
SIM4
1
21
22
SIM5
SIM1
SIM2
SIM3
SIM4
1
21
22
SIM5
SIM1
SIM2
SIM3
SIM4
1
21
22
SIM5
SIM1
SIM2
SIM3
SIM4
1
21
22
SIM5
SIM1
SIM2
SIM3
SIM4
1
21
22
SIM5
SIM1
SIM2
SIM3
SIM4
1
21
22
SIM5
SIM1
SIM2
SIM3
SIM4
1
21
22
SIM5
SIM1
SIM2
SIM3
SIM4
1
21
22
SIM5
SIM1
SIM2
SIM3
SIM4
1
21
22
SIM5
SIM1
SIM2
SIM3
SIM4
1
21
22
SIM5
SIM1
SIM2
SIM3
SIM4
1
21
22
SIM5
SIM1
SIM2
SIM3
SIM4
1
21
22
SIM5
SIM1
SIM2
SIM3
SIM4
1
21
22
SIM5
SIM1
SIM2
SIM3
SIM4
1
21
22
SIM5
SIM1
SIM2
SIM3
SIM4
1
21
22
SIM5
SIM1
SIM2
SIM3
SIM4
1
21
22
SIM5
SIM1
SIM2
SIM3
SIM4
1
21
22
SIM5
SIM1
SIM2
SIM3
SIM4
1
21
22
SIM5
SIM1
SIM2
SIM3
SIM4
1
21
22
SIM5
SIM1
SIM2
SIM3
SIM4
1
21
22
SIM5
SIM1
SIM2
SIM3
SIM4
1
21
22
SIM5
SIM1
SIM2
SIM3
SIM4
1
21
22
SIM5
SIM1
SIM2
SIM3
SIM4
1
21
22
SIM5
SIM1
SIM2
SIM3
SIM4
1
21
22
SIM5
SIM1
SIM2
SIM3
SIM4
1
21
22
SIM5
SIM1
SIM2
SIM3
SIM4
1
21
22
SIM5
SIM1
SIM2
SIM3
SIM4
1
21
22
SIM5
SIM1
SIM2
SIM3
SIM4
1
21
22
SIM5
SIM1
SIM2
SIM3
SIM4
1
21
22
SIM5
SIM1
SIM2
SIM3
SIM4
1
21
22
SIM5
SIM1
SIM2
SIM3
SIM4
1
21
22
SIM5
SIM1
SIM2
SIM3
SIM4
1
21
22
SIM5
SIM1
SIM2
SIM3
SIM4
1
21
22
SIM5
SIM1
SIM2
SIM3
SIM4
1
21
22
SIM5
SIM1
SIM2
SIM3
SIM4
1
21
22
SIM5
SIM1
SIM2
SIM3
SIM4
1
21
22
SIM5
SIM1
SIM2
SIM3
SIM4
1
21
22
SIM5
SIM1
SIM2
SIM3
SIM4
1
21
22
SIM5
SIM1
SIM2
SIM3
SIM4
1
21
22
SIM5
SIM1
SIM2
SIM3
SIM4
1
21
22
SIM5
SIM1
SIM2
SIM3
SIM4
1
21
22
SIM5
SIM1
SIM2
SIM3
SIM4
1
21
22
SIM5
SIM1
SIM2
SIM3
SIM4
1
21
22
SIM5
SIM1
SIM2
SIM3
SIM4
1
21
22
SIM5
SIM1
SIM2
SIM3
SIM4
1
21
22
SIM5
SIM1
SIM2
SIM3
SIM4
1
21
22
SIM5
SIM1
SIM2
SIM3
SIM4
1
21
22
SIM5
SIM1
SIM2
SIM3
SIM4
1
21
22
SIM5
SIM1
SIM2
SIM3
SIM4
1
21
22
SIM5
SIM1
SIM2
SIM3
SIM4
1
21
22
SIM5
SIM1
SIM2
SIM3
SIM4
1
21
22
SIM5
SIM1
SIM2
SIM3
SIM4
1
21
22
SIM5
SIM1
SIM2
SIM3
SIM4
1
21
22
SIM5
SIM1
SIM2
SIM3
SIM4
1
21
22
SIM5
SIM1
SIM2
SIM3
SIM4
1
21
22
SIM5
SIM1
SIM2
SIM3
SIM4
1
21
22
SIM5
SIM1
SIM2
SIM3
SIM4
1
21
22
SIM5
SIM1
SIM2
SIM3
SIM4
1
21
22
SIM5
SIM1
SIM2
SIM3
SIM4
1
21
22
SIM5
SIM1
SIM2
SIM3
SIM4
1
21
22
SIM5
SIM1
SIM2
SIM3
SIM4
1
21
22
SIM5
SIM1
SIM2
SIM3
SIM4
1
21
22
SIM5
SIM1
SIM2
SIM3
SIM4
1
21
22
SIM5
SIM1
SIM2
SIM3
SIM4
1
21
22
SIM5
SIM1
SIM2
SIM3
SIM4
1
21
22
SIM5
SIM1
SIM2
SIM3
SIM4
1
21
22
SIM5
SIM1
SIM2
SIM3
SIM4
1
21
22
SIM5
SIM1
SIM2
SIM3
SIM4
1
21
22
SIM5
SIM1
SIM2
SIM3
SIM4
1
21
22
SIM5
SIM1
SIM2
SIM3
SIM4
1
21
22
SIM5
SIM1
SIM2
DEBUG 1 50
SIM1
SIM2
SIM3
SIM4
1
21
22
SIM5
SIM1
SIM2
SIM3
SIM4
1
21
22
SIM5
SIM1
SIM2
SIM3
SIM4
1
21
22
SIM5
SIM1
SIM2
SIM3
SIM4
1
21
22
SIM5
SIM1
SIM2
SIM3
SIM4
1
21
22
SIM5
SIM1
SIM2
SIM3
SIM4
1
21
22
SIM5
SIM1
SIM2
SIM3
SIM4
1
21
22
SIM5
SIM1
SIM2
SIM3
SIM4
1
21
22
SIM5
SIM1
SIM2
SIM3
SIM4
1
21
22
SIM5
SIM1
SIM2
SIM3
SIM4
1
21
22
SIM5
SIM1
SIM2
SIM3
SIM4
1
21
22
SIM5
SIM1
SIM2
SIM3
SIM4
1
21
22
SIM5
SIM1
SIM2
SIM3
SIM4
1
21
22
SIM5
SIM1
SIM2
SIM3
SIM4
1
21
22
SIM5
SIM1
SIM2
SIM3
SIM4
1
21
22
SIM5
SIM1
SIM2
SIM3
SIM4
1
21
22
SIM5
SIM1
SIM2
SIM3
SIM4
1
21
22
SIM5
SIM1
SIM2
SIM3
SIM4
1
21
22
SIM5
SIM1
SIM2
SIM3
SIM4
1
21
22
SIM5
SIM1
SIM2
SIM3
SIM4
1
21
22
SIM5
SIM1
SIM2
SIM3
SIM4
1
21
22
SIM5
SIM1
SIM2
SIM3
SIM4
1
21
22
SIM5
SIM1
SIM2
SIM3
SIM4
1
21
22
SIM5
SIM1
SIM2
SIM3
SIM4
1
21
22
SIM5
SIM1
SIM2
SIM3
SIM4
1
21
22
SIM5
SIM1
SIM2
SIM3
SIM4
1
21
22
SIM5
SIM1
SIM2
SIM3
SIM4
1
21
22
SIM5
SIM1
SIM2
SIM3
SIM4
1
21
22
SIM5
SIM1
SIM2
SIM3
SIM4
1
21
22
SIM5
SIM1
SIM2
SIM3
SIM4
1
21
22
SIM5
SIM1
SIM2
SIM3
SIM4
1
21
22
SIM5
SIM1
SIM2
SIM3
SIM4
1
21
22
SIM5
SIM1
SIM2
SIM3
SIM4
1
21
22
SIM5
SIM1
SIM2
SIM3
SIM4
1
21
22
SIM5
SIM1
SIM2
SIM3
SIM4
1
21
22
SIM5
SIM1
SIM2
SIM3
SIM4
1
21
22
SIM5
SIM1
SIM2
SIM3
SIM4
1
21
22
SIM5
SIM1
SIM2
SIM3
SIM4
1
21
22
SIM5
SIM1
SIM2
SIM3
SIM4
1
21
22
SIM5
SIM1
SIM2
SIM3
SIM4
1
21
22
SIM5
SIM1
SIM2
SIM3
SIM4
1
21
22
SIM5
SIM1
SIM2
SIM3
SIM4
1
21
22
SIM5
SIM1
SIM2
SIM3
SIM4
1
21
22
SIM5
SIM1
SIM2
SIM3
SIM4
1
21
22
SIM5
SIM1
SIM2
SIM3
SIM4
1
21
22
SIM5
SIM1
SIM2
SIM3
SIM4
1
21
22
SIM5
SIM1
SIM2
SIM3
SIM4
1
21
22
SIM5
SIM1
SIM2
SIM3
SIM4
1
21
22
SIM5
SIM1
SIM2
SIM3
SIM4
1
21
22
SIM5
SIM1
SIM2
SIM3
SIM4
1
21
22
SIM5
SIM1
SIM2
SIM3
SIM4
1
21
22
SIM5
SIM1
SIM2
SIM3
SIM4
1
21
22
SIM5
SIM1
SIM2
SIM3
SIM4
1
21
22
SIM5
SIM1
SIM2
SIM3
SIM4
1
21
22
SIM5
SIM1
SIM2
SIM3
SIM4
1
21
22
SIM5
SIM1
SIM2
SIM3
SIM4
1
21
22
SIM5
SIM1
SIM2
SIM3
SIM4
1
21
22
SIM5
SIM1
SIM2
SIM3
SIM4
1
21
22
SIM5
SIM1
SIM2
SIM3
SIM4
1
21
22
SIM5
SIM1
SIM2
SIM3
SIM4
1
21
22
SIM5
SIM1
SIM2
SIM3
SIM4
1
21
22
SIM5
SIM1
SIM2
SIM3
SIM4
1
21
22
SIM5
SIM1
SIM2
SIM3
SIM4
1
21
22
SIM5
SIM1
SIM2
SIM3
SIM4
1
21
22
SIM5
SIM1
SIM2
SIM3
SIM4
1
21
22
SIM5
SIM1
SIM2
SIM3
SIM4
1
21
22
SIM5
SIM1
SIM2
SIM3
SIM4
1
21
22
SIM5
SIM1
SIM2
SIM3
SIM4
1
21
22
SIM5
SIM1
SIM2
SIM3
SIM4
1
21
22
SIM5
SIM1
SIM2
SIM3
SIM4
1
21
22
SIM5
SIM1
SIM2
SIM3
SIM4
1
21
22
SIM5
SIM1
SIM2
SIM3
SIM4
1
21
22
SIM5
SIM1
SIM2
SIM3
SIM4
1
21
22
SIM5
SIM1
SIM2
SIM3
SIM4
1
21
22
SIM5
SIM1
SIM2
SIM3
SIM4
1
21
22
SIM5
SIM1
SIM2
SIM3
SIM4
1
21
22
SIM5
SIM1
SIM2
SIM3
SIM4
1
21
22
SIM5
SIM1
SIM2
SIM3
SIM4
1
21
22
SIM5
SIM1
SIM2
SIM3
SIM4
1
21
22
SIM5
SIM1
SIM2
SIM3
SIM4
1
21
22
SIM5
SIM1
SIM2
SIM3
SIM4
1
21
22
SIM5
SIM1
SIM2
SIM3
SIM4
1
21
22
SIM5
SIM1
SIM2
SIM3
SIM4
1
21
22
SIM5
SIM1
SIM2
SIM3
SIM4
1
21
22
SIM5
SIM1
SIM2
SIM3
SIM4
1
21
22
SIM5
SIM1
SIM2
SIM3
SIM4
1
21
22
SIM5
SIM1
SIM2
SIM3
SIM4
1
21
22
SIM5
SIM1
SIM2
SIM3
SIM4
1
21
22
SIM5
SIM1
SIM2
SIM3
SIM4
1
21
22
SIM5
SIM1
SIM2
SIM3
SIM4
1
21
22
SIM5
SIM1
SIM2
SIM3
SIM4
1
21
22
SIM5
SIM1
SIM2
SIM3
SIM4
1
21
22
SIM5
SIM1
SIM2
SIM3
SIM4
1
21
22
SIM5
SIM1
SIM2
SIM3
SIM4
1
21
22
SIM5
SIM1
SIM2
SIM3
SIM4
1
21
22
SIM5
SIM1
SIM2
SIM3
SIM4
1
21
22
SIM5
SIM1
SIM2
SIM3
SIM4
1
21
22
SIM5
SIM1
SIM2
SIM3
SIM4
1
21
22
SIM5
SIM1
SIM2
SIM3
SIM4
1
21
22
SIM5
SIM1
SIM2
SIM3
SIM4
1
21
22
SIM5
SIM1
SIM2
SIM3
SIM4
1
21
22
SIM5
SIM1
SIM2
SIM3
SIM4
1
21
22
SIM5
SIM1
SIM2
SIM3
SIM4
1
21
22
SIM5
SIM1
SIM2
SIM3
SIM4
1
21
22
SIM5
SIM1
SIM2
SIM3
SIM4
1
21
22
SIM5
SIM1
SIM2
SIM3
SIM4
1
21
22
SIM5
SIM1
SIM2
SIM3
SIM4
1
21
22
SIM5
SIM1
SIM2
SIM3
SIM4
1
21
22
SIM5
SIM1
SIM2
SIM3
SIM4
1
21
22
SIM5
SIM1
SIM2
SIM3
SIM4
1
21
22
SIM5
SIM1
SIM2
SIM3
SIM4
1
21
22
SIM5
SIM1
SIM2
SIM3
SIM4
1
21
22
SIM5
SIM1
SIM2
SIM3
SIM4
1
21
22
SIM5
SIM1
SIM2
SIM3
SIM4
1
21
22
SIM5
SIM1
SIM2
SIM3
SIM4
1
21
22
SIM5
SIM1
SIM2
SIM3
SIM4
1
21
22
SIM5
SIM1
SIM2
SIM3
SIM4
1
21
22
SIM5
SIM1
SIM2
SIM3
SIM4
1
21
22
SIM5
SIM1
SIM2
SIM3
SIM4
1
21
22
SIM5
SIM1
SIM2
SIM3
SIM4
1
21
22
SIM5
SIM1
SIM2
SIM3
SIM4
1
21
22
SIM5
SIM1
SIM2
SIM3
SIM4
1
21
22
SIM5
SIM1
SIM2
SIM3
SIM4
1
21
22
SIM5
SIM1
SIM2
SIM3
SIM4
1
21
22
SIM5
SIM1
SIM2
SIM3
SIM4
1
21
22
SIM5
SIM1
SIM2
SIM3
SIM4
1
21
22
SIM5
SIM1
SIM2
SIM3
SIM4
1
21
22
SIM5
SIM1
SIM2
SIM3
SIM4
1
21
22
SIM5
SIM1
SIM2
SIM3
SIM4
1
21
22
SIM5
SIM1
SIM2
SIM3
SIM4
1
21
22
SIM5
SIM1
SIM2
SIM3
SIM4
1
21
22
SIM5
SIM1
SIM2
SIM3
SIM4
1
21
22
SIM5
SIM1
SIM2
SIM3
SIM4
1
21
22
SIM5
SIM1
SIM2
SIM3
SIM4
1
21
22
SIM5
SIM1
SIM2
SIM3
SIM4
1
21
22
SIM5
SIM1
SIM2
SIM3
SIM4
1
21
22
SIM5
SIM1
SIM2
SIM3
SIM4
1
21
22
SIM5
SIM1
SIM2
SIM3
SIM4
1
21
22
SIM5
SIM1
SIM2
SIM3
SIM4
1
21
22
SIM5
SIM1
SIM2
SIM3
SIM4
1
21
22
SIM5
SIM1
SIM2
SIM3
SIM4
1
21
22
SIM5
SIM1
SIM2
SIM3
SIM4
1
21
22
SIM5
SIM1
SIM2
SIM3
SIM4
1
21
22
SIM5
SIM1
SIM2
SIM3
SIM4
1
21
22
SIM5
SIM1
SIM2
SIM3
SIM4
1
21
22
SIM5
SIM1
SIM2
SIM3
SIM4
1
21
22
SIM5
SIM1
SIM2
SIM3
SIM4
1
21
22
SIM5
SIM1
SIM2
SIM3
SIM4
1
21
22
SIM5
SIM1
SIM2
SIM3
SIM4
1
21
22
SIM5
SIM1
SIM2
SIM3
SIM4
1
21
22
SIM5
SIM1
SIM2
SIM3
SIM4
1
21
22
SIM5
SIM1
SIM2
SIM3
SIM4
1
21
22
SIM5
SIM1
SIM2
SIM3
SIM4
1
21
22
SIM5
SIM1
SIM2
DEBUG 1 51
SIM1
SIM2
SIM3
SIM4
1
21
22
SIM5
SIM1
SIM2
SIM3
SIM4
1
21
22
SIM5
SIM1
SIM2
SIM3
SIM4
1
21
22
SIM5
SIM1
SIM2
SIM3
SIM4
1
21
22
SIM5
SIM1
SIM2
SIM3
SIM4
1
21
22
SIM5
SIM1
SIM2
SIM3
SIM4
1
21
22
SIM5
SIM1
SIM2
SIM3
SIM4
1
21
22
SIM5
SIM1
SIM2
SIM3
SIM4
1
21
22
SIM5
SIM1
SIM2
SIM3
SIM4
1
21
22
SIM5
SIM1
SIM2
SIM3
SIM4
1
21
22
SIM5
SIM1
SIM2
SIM3
SIM4
1
21
22
SIM5
SIM1
SIM2
SIM3
SIM4
1
21
22
SIM5
SIM1
SIM2
SIM3
SIM4
1
21
22
SIM5
SIM1
SIM2
SIM3
SIM4
1
21
22
SIM5
SIM1
SIM2
SIM3
SIM4
1
21
22
SIM5
SIM1
SIM2
SIM3
SIM4
1
21
22
SIM5
SIM1
SIM2
SIM3
SIM4
1
21
22
SIM5
SIM1
SIM2
SIM3
SIM4
1
21
22
SIM5
SIM1
SIM2
SIM3
SIM4
1
21
22
SIM5
SIM1
SIM2
SIM3
SIM4
1
21
22
SIM5
SIM1
SIM2
SIM3
SIM4
1
21
22
SIM5
SIM1
SIM2
SIM3
SIM4
1
21
22
SIM5
SIM1
SIM2
SIM3
SIM4
1
21
22
SIM5
SIM1
SIM2
SIM3
SIM4
1
21
22
SIM5
SIM1
SIM2
SIM3
SIM4
1
21
22
SIM5
SIM1
SIM2
SIM3
SIM4
1
21
22
SIM5
SIM1
SIM2
SIM3
SIM4
1
21
22
SIM5
SIM1
SIM2
SIM3
SIM4
1
21
22
SIM5
SIM1
SIM2
SIM3
SIM4
1
21
22
SIM5
SIM1
SIM2
SIM3
SIM4
1
21
22
SIM5
SIM1
SIM2
SIM3
SIM4
1
21
22
SIM5
SIM1
SIM2
SIM3
SIM4
1
21
22
SIM5
SIM1
SIM2
SIM3
SIM4
1
21
22
SIM5
SIM1
SIM2
SIM3
SIM4
1
21
22
SIM5
SIM1
SIM2
SIM3
SIM4
1
21
22
SIM5
SIM1
SIM2
SIM3
SIM4
1
21
22
SIM5
SIM1
SIM2
SIM3
SIM4
1
21
22
SIM5
SIM1
SIM2
SIM3
SIM4
1
21
22
SIM5
SIM1
SIM2
SIM3
SIM4
1
21
22
SIM5
SIM1
SIM2
SIM3
SIM4
1
21
22
SIM5
SIM1
SIM2
SIM3
SIM4
1
21
22
SIM5
SIM1
SIM2
SIM3
SIM4
1
21
22
SIM5
SIM1
SIM2
SIM3
SIM4
1
21
22
SIM5
SIM1
SIM2
SIM3
SIM4
1
21
22
SIM5
SIM1
SIM2
SIM3
SIM4
1
21
22
SIM5
SIM1
SIM2
SIM3
SIM4
1
21
22
SIM5
SIM1
SIM2
SIM3
SIM4
1
21
22
SIM5
SIM1
SIM2
SIM3
SIM4
1
21
22
SIM5
SIM1
SIM2
SIM3
SIM4
1
21
22
SIM5
SIM1
SIM2
SIM3
SIM4
1
21
22
SIM5
SIM1
SIM2
SIM3
SIM4
1
21
22
SIM5
SIM1
SIM2
SIM3
SIM4
1
21
22
SIM5
SIM1
SIM2
SIM3
SIM4
1
21
22
SIM5
SIM1
SIM2
SIM3
SIM4
1
21
22
SIM5
SIM1
SIM2
SIM3
SIM4
1
21
22
SIM5
SIM1
SIM2
SIM3
SIM4
1
21
22
SIM5
SIM1
SIM2
SIM3
SIM4
1
21
22
SIM5
SIM1
SIM2
SIM3
SIM4
1
21
22
SIM5
SIM1
SIM2
SIM3
SIM4
1
21
22
SIM5
SIM1
SIM2
SIM3
SIM4
1
21
22
SIM5
SIM1
SIM2
SIM3
SIM4
1
21
22
SIM5
SIM1
SIM2
SIM3
SIM4
1
21
22
SIM5
SIM1
SIM2
SIM3
SIM4
1
21
22
SIM5
SIM1
SIM2
SIM3
SIM4
1
21
22
SIM5
SIM1
SIM2
SIM3
SIM4
1
21
22
SIM5
SIM1
SIM2
SIM3
SIM4
1
21
22
SIM5
SIM1
SIM2
SIM3
SIM4
1
21
22
SIM5
SIM1
SIM2
SIM3
SIM4
1
21
22
SIM5
SIM1
SIM2
SIM3
SIM4
1
21
22
SIM5
SIM1
SIM2
SIM3
SIM4
1
21
22
SIM5
SIM1
SIM2
SIM3
SIM4
1
21
22
SIM5
SIM1
SIM2
SIM3
SIM4
1
21
22
SIM5
SIM1
SIM2
SIM3
SIM4
1
21
22
SIM5
SIM1
SIM2
SIM3
SIM4
1
21
22
SIM5
SIM1
SIM2
SIM3
SIM4
1
21
22
SIM5
SIM1
SIM2
SIM3
SIM4
1
21
22
SIM5
SIM1
SIM2
SIM3
SIM4
1
21
22
SIM5
SIM1
SIM2
SIM3
SIM4
1
21
22
SIM5
SIM1
SIM2
SIM3
SIM4
1
21
22
SIM5
SIM1
SIM2
SIM3
SIM4
1
21
22
SIM5
SIM1
SIM2
SIM3
SIM4
1
21
22
SIM5
SIM1
SIM2
SIM3
SIM4
1
21
22
SIM5
SIM1
SIM2
SIM3
SIM4
1
21
22
SIM5
SIM1
SIM2
SIM3
SIM4
1
21
22
SIM5
SIM1
SIM2
SIM3
SIM4
1
21
22
SIM5
SIM1
SIM2
SIM3
SIM4
1
21
22
SIM5
SIM1
SIM2
SIM3
SIM4
1
21
22
SIM5
SIM1
SIM2
SIM3
SIM4
1
21
22
SIM5
SIM1
SIM2
SIM3
SIM4
1
21
22
SIM5
SIM1
SIM2
SIM3
SIM4
1
21
22
SIM5
SIM1
SIM2
SIM3
SIM4
1
21
22
SIM5
SIM1
SIM2
SIM3
SIM4
1
21
22
SIM5
SIM1
SIM2
SIM3
SIM4
1
21
22
SIM5
SIM1
SIM2
SIM3
SIM4
1
21
22
SIM5
SIM1
SIM2
SIM3
SIM4
1
21
22
SIM5
SIM1
SIM2
SIM3
SIM4
1
21
22
SIM5
SIM1
SIM2
SIM3
SIM4
1
21
22
SIM5
SIM1
SIM2
SIM3
SIM4
1
21
22
SIM5
SIM1
SIM2
SIM3
SIM4
1
21
22
SIM5
SIM1
SIM2
SIM3
SIM4
1
21
22
SIM5
SIM1
SIM2
SIM3
SIM4
1
21
22
SIM5
SIM1
SIM2
SIM3
SIM4
1
21
22
SIM5
SIM1
SIM2
SIM3
SIM4
1
21
22
SIM5
SIM1
SIM2
SIM3
SIM4
1
21
22
SIM5
SIM1
SIM2
SIM3
SIM4
1
21
22
SIM5
SIM1
SIM2
SIM3
SIM4
1
21
22
SIM5
SIM1
SIM2
SIM3
SIM4
1
21
22
SIM5
SIM1
SIM2
SIM3
SIM4
1
21
22
SIM5
SIM1
SIM2
SIM3
SIM4
1
21
22
SIM5
SIM1
SIM2
SIM3
SIM4
1
21
22
SIM5
SIM1
SIM2
SIM3
SIM4
1
21
22
SIM5
SIM1
SIM2
SIM3
SIM4
1
21
22
SIM5
SIM1
SIM2
SIM3
SIM4
1
21
22
SIM5
SIM1
SIM2
SIM3
SIM4
1
21
22
SIM5
SIM1
SIM2
SIM3
SIM4
1
21
22
SIM5
SIM1
SIM2
SIM3
SIM4
1
21
22
SIM5
SIM1
SIM2
SIM3
SIM4
1
21
22
SIM5
SIM1
SIM2
SIM3
SIM4
1
21
22
SIM5
SIM1
SIM2
SIM3
SIM4
1
21
22
SIM5
SIM1
SIM2
SIM3
SIM4
1
21
22
SIM5
SIM1
SIM2
SIM3
SIM4
1
21
22
SIM5
SIM1
SIM2
SIM3
SIM4
1
21
22
SIM5
SIM1
SIM2
SIM3
SIM4
1
21
22
SIM5
SIM1
SIM2
SIM3
SIM4
1
21
22
SIM5
SIM1
SIM2
SIM3
SIM4
1
21
22
SIM5
SIM1
SIM2
SIM3
SIM4
1
21
22
SIM5
SIM1
SIM2
SIM3
SIM4
1
21
22
SIM5
SIM1
SIM2
SIM3
SIM4
1
21
22
SIM5
SIM1
SIM2
SIM3
SIM4
1
21
22
SIM5
SIM1
SIM2
SIM3
SIM4
1
21
22
SIM5
SIM1
SIM2
SIM3
SIM4
1
21
22
SIM5
SIM1
SIM2
SIM3
SIM4
1
21
22
SIM5
SIM1
SIM2
SIM3
SIM4
1
21
22
SIM5
SIM1
SIM2
SIM3
SIM4
1
21
22
SIM5
SIM1
SIM2
SIM3
SIM4
1
21
22
SIM5
SIM1
SIM2
SIM3
SIM4
1
21
22
SIM5
SIM1
SIM2
SIM3
SIM4
1
21
22
SIM5
SIM1
SIM2
SIM3
SIM4
1
21
22
SIM5
SIM1
SIM2
SIM3
SIM4
1
21
22
SIM5
SIM1
SIM2
SIM3
SIM4
1
21
22
SIM5
SIM1
SIM2
SIM3
SIM4
1
21
22
SIM5
SIM1
SIM2
SIM3
SIM4
1
21
22
SIM5
SIM1
SIM2
SIM3
SIM4
1
21
22
SIM5
SIM1
SIM2
SIM3
SIM4
1
21
22
SIM5
SIM1
SIM2
SIM3
SIM4
1
21
22
SIM5
SIM1
SIM2
SIM3
SIM4
1
21
22
SIM5
SIM1
SIM2
SIM3
SIM4
1
21
22
SIM5
SIM1
SIM2
SIM3
SIM4
1
21
22
SIM5
SIM1
SIM2
SIM3
SIM4
1
21
22
SIM5
SIM1
SIM2
SIM3
SIM4
1
21
22
SIM5
SIM1
SIM2
SIM3
SIM4
1
21
22
SIM5
SIM1
SIM2
SIM3
SIM4
1
21
22
SIM5
SIM1
SIM2
SIM3
SIM4
1
21
22
SIM5
SIM1
SIM2
SIM3
SIM4
1
21
22
SIM5
SIM1
SIM2
SIM3
SIM4
1
21
22
SIM5
SIM1
SIM2
SIM3
SIM4
1
21
22
SIM5
SIM1
SIM2
SIM3
SIM4
1
21
22
SIM5
SIM1
SIM2
SIM3
SIM4
1
21
22
SIM5
SIM1
SIM2
SIM3
SIM4
1
21
22
SIM5
SIM1
SIM2
SIM3
SIM4
1
21
22
SIM5
SIM1
SIM2
SIM3
SIM4
1
21
22
SIM5
SIM1
SIM2
SIM3
SIM4
1
21
22
SIM5
SIM1
SIM2
SIM3
SIM4
1
21
22
SIM5
SIM1
SIM2
SIM3
SIM4
1
21
22
SIM5
SIM1
SIM2
SIM3
SIM4
1
21
22
SIM5
SIM1
SIM2
SIM3
SIM4
1
21
22
SIM5
SIM1
SIM2
SIM3
SIM4
1
21
22
SIM5
SIM1
SIM2
SIM3
SIM4
1
21
22
SIM5
SIM1
SIM2
SIM3
SIM4
1
21
22
SIM5
SIM1
SIM2
SIM3
SIM4
1
21
22
SIM5
SIM1
SIM2
SIM3
SIM4
1
21
22
SIM5
SIM1
SIM2
SIM3
SIM4
1
21
22
SIM5
SIM1
SIM2
SIM3
SIM4
1
21
22
SIM5
SIM1
SIM2
SIM3
SIM4
1
21
22
SIM5
SIM1
SIM2
SIM3
SIM4
1
21
22
SIM5
SIM1
SIM2
SIM3
SIM4
1
21
22
SIM5
SIM1
SIM2
SIM3
SIM4
1
21
22
SIM5
SIM1
SIM2
SIM3
SIM4
1
21
22
SIM5
SIM1
SIM2
DEBUG 1 52
SIM1
SIM2
SIM3
SIM4
1
21
22
SIM5
SIM1
SIM2
SIM3
SIM4
1
21
22
SIM5
SIM1
SIM2
SIM3
SIM4
1
21
22
SIM5
SIM1
SIM2
SIM3
SIM4
1
21
22
SIM5
SIM1
SIM2
SIM3
SIM4
1
21
22
SIM5
SIM1
SIM2
SIM3
SIM4
1
21
22
SIM5
SIM1
SIM2
SIM3
SIM4
1
21
22
SIM5
SIM1
SIM2
SIM3
SIM4
1
21
22
SIM5
SIM1
SIM2
SIM3
SIM4
1
21
22
SIM5
SIM1
SIM2
SIM3
SIM4
1
21
22
SIM5
SIM1
SIM2
SIM3
SIM4
1
21
22
SIM5
SIM1
SIM2
SIM3
SIM4
1
21
22
SIM5
SIM1
SIM2
SIM3
SIM4
1
21
22
SIM5
SIM1
SIM2
SIM3
SIM4
1
21
22
SIM5
SIM1
SIM2
SIM3
SIM4
1
21
22
SIM5
SIM1
SIM2
SIM3
SIM4
1
21
22
SIM5
SIM1
SIM2
SIM3
SIM4
1
21
22
SIM5
SIM1
SIM2
SIM3
SIM4
1
21
22
SIM5
SIM1
SIM2
SIM3
SIM4
1
21
22
SIM5
SIM1
SIM2
SIM3
SIM4
1
21
22
SIM5
SIM1
SIM2
SIM3
SIM4
1
21
22
SIM5
SIM1
SIM2
SIM3
SIM4
1
21
22
SIM5
SIM1
SIM2
SIM3
SIM4
1
21
22
SIM5
SIM1
SIM2
SIM3
SIM4
1
21
22
SIM5
SIM1
SIM2
SIM3
SIM4
1
21
22
SIM5
SIM1
SIM2
SIM3
SIM4
1
21
22
SIM5
SIM1
SIM2
SIM3
SIM4
1
21
22
SIM5
SIM1
SIM2
SIM3
SIM4
1
21
22
SIM5
SIM1
SIM2
SIM3
SIM4
1
21
22
SIM5
SIM1
SIM2
SIM3
SIM4
1
21
22
SIM5
SIM1
SIM2
SIM3
SIM4
1
21
22
SIM5
SIM1
SIM2
SIM3
SIM4
1
21
22
SIM5
SIM1
SIM2
SIM3
SIM4
1
21
22
SIM5
SIM1
SIM2
SIM3
SIM4
1
21
22
SIM5
SIM1
SIM2
SIM3
SIM4
1
21
22
SIM5
SIM1
SIM2
SIM3
SIM4
1
21
22
SIM5
SIM1
SIM2
SIM3
SIM4
1
21
22
SIM5
SIM1
SIM2
SIM3
SIM4
1
21
22
SIM5
SIM1
SIM2
SIM3
SIM4
1
21
22
SIM5
SIM1
SIM2
SIM3
SIM4
1
21
22
SIM5
SIM1
SIM2
SIM3
SIM4
1
21
22
SIM5
SIM1
SIM2
SIM3
SIM4
1
21
22
SIM5
SIM1
SIM2
SIM3
SIM4
1
21
22
SIM5
SIM1
SIM2
SIM3
SIM4
1
21
22
SIM5
SIM1
SIM2
SIM3
SIM4
1
21
22
SIM5
SIM1
SIM2
SIM3
SIM4
1
21
22
SIM5
SIM1
SIM2
SIM3
SIM4
1
21
22
SIM5
SIM1
SIM2
SIM3
SIM4
1
21
22
SIM5
SIM1
SIM2
SIM3
SIM4
1
21
22
SIM5
SIM1
SIM2
SIM3
SIM4
1
21
22
SIM5
SIM1
SIM2
SIM3
SIM4
1
21
22
SIM5
SIM1
SIM2
SIM3
SIM4
1
21
22
SIM5
SIM1
SIM2
SIM3
SIM4
1
21
22
SIM5
SIM1
SIM2
SIM3
SIM4
1
21
22
SIM5
SIM1
SIM2
SIM3
SIM4
1
21
22
SIM5
SIM1
SIM2
SIM3
SIM4
1
21
22
SIM5
SIM1
SIM2
SIM3
SIM4
1
21
22
SIM5
SIM1
SIM2
SIM3
SIM4
1
21
22
SIM5
SIM1
SIM2
SIM3
SIM4
1
21
22
SIM5
SIM1
SIM2
SIM3
SIM4
1
21
22
SIM5
SIM1
SIM2
SIM3
SIM4
1
21
22
SIM5
SIM1
SIM2
SIM3
SIM4
1
21
22
SIM5
SIM1
SIM2
SIM3
SIM4
1
21
22
SIM5
SIM1
SIM2
SIM3
SIM4
1
21
22
SIM5
SIM1
SIM2
SIM3
SIM4
1
21
22
SIM5
SIM1
SIM2
SIM3
SIM4
1
21
22
SIM5
SIM1
SIM2
SIM3
SIM4
1
21
22
SIM5
SIM1
SIM2
SIM3
SIM4
1
21
22
SIM5
SIM1
SIM2
SIM3
SIM4
1
21
22
SIM5
SIM1
SIM2
SIM3
SIM4
1
21
22
SIM5
SIM1
SIM2
SIM3
SIM4
1
21
22
SIM5
SIM1
SIM2
SIM3
SIM4
1
21
22
SIM5
SIM1
SIM2
SIM3
SIM4
1
21
22
SIM5
SIM1
SIM2
SIM3
SIM4
1
21
22
SIM5
SIM1
SIM2
SIM3
SIM4
1
21
22
SIM5
SIM1
SIM2
SIM3
SIM4
1
21
22
SIM5
SIM1
SIM2
SIM3
SIM4
1
21
22
SIM5
SIM1
SIM2
SIM3
SIM4
1
21
22
SIM5
SIM1
SIM2
SIM3
SIM4
1
21
22
SIM5
SIM1
SIM2
SIM3
SIM4
1
21
22
SIM5
SIM1
SIM2
SIM3
SIM4
1
21
22
SIM5
SIM1
SIM2
SIM3
SIM4
1
21
22
SIM5
SIM1
SIM2
SIM3
SIM4
1
21
22
SIM5
SIM1
SIM2
SIM3
SIM4
1
21
22
SIM5
SIM1
SIM2
SIM3
SIM4
1
21
22
SIM5
SIM1
SIM2
SIM3
SIM4
1
21
22
SIM5
SIM1
SIM2
SIM3
SIM4
1
21
22
SIM5
SIM1
SIM2
SIM3
SIM4
1
21
22
SIM5
SIM1
SIM2
SIM3
SIM4
1
21
22
SIM5
SIM1
SIM2
SIM3
SIM4
1
21
22
SIM5
SIM1
SIM2
SIM3
SIM4
1
21
22
SIM5
SIM1
SIM2
SIM3
SIM4
1
21
22
SIM5
SIM1
SIM2
SIM3
SIM4
1
21
22
SIM5
SIM1
SIM2
SIM3
SIM4
1
21
22
SIM5
SIM1
SIM2
SIM3
SIM4
1
21
22
SIM5
SIM1
SIM2
SIM3
SIM4
1
21
22
SIM5
SIM1
SIM2
SIM3
SIM4
1
21
22
SIM5
SIM1
SIM2
SIM3
SIM4
1
21
22
SIM5
SIM1
SIM2
SIM3
SIM4
1
21
22
SIM5
SIM1
SIM2
SIM3
SIM4
1
21
22
SIM5
SIM1
SIM2
SIM3
SIM4
1
21
22
SIM5
SIM1
SIM2
SIM3
SIM4
1
21
22
SIM5
SIM1
SIM2
SIM3
SIM4
1
21
22
SIM5
SIM1
SIM2
SIM3
SIM4
1
21
22
SIM5
SIM1
SIM2
SIM3
SIM4
1
21
22
SIM5
SIM1
SIM2
SIM3
SIM4
1
21
22
SIM5
SIM1
SIM2
SIM3
SIM4
1
21
22
SIM5
SIM1
SIM2
SIM3
SIM4
1
21
22
SIM5
SIM1
SIM2
SIM3
SIM4
1
21
22
SIM5
SIM1
SIM2
SIM3
SIM4
1
21
22
SIM5
SIM1
SIM2
SIM3
SIM4
1
21
22
SIM5
SIM1
SIM2
SIM3
SIM4
1
21
22
SIM5
SIM1
SIM2
SIM3
SIM4
1
21
22
SIM5
SIM1
SIM2
SIM3
SIM4
1
21
22
SIM5
SIM1
SIM2
SIM3
SIM4
1
21
22
SIM5
SIM1
SIM2
SIM3
SIM4
1
21
22
SIM5
SIM1
SIM2
SIM3
SIM4
1
21
22
SIM5
SIM1
SIM2
SIM3
SIM4
1
21
22
SIM5
SIM1
SIM2
SIM3
SIM4
1
21
22
SIM5
SIM1
SIM2
SIM3
SIM4
1
21
22
SIM5
SIM1
SIM2
SIM3
SIM4
1
21
22
SIM5
SIM1
SIM2
SIM3
SIM4
1
21
22
SIM5
SIM1
SIM2
SIM3
SIM4
1
21
22
SIM5
SIM1
SIM2
SIM3
SIM4
1
21
22
SIM5
SIM1
SIM2
SIM3
SIM4
1
21
22
SIM5
SIM1
SIM2
SIM3
SIM4
1
21
22
SIM5
SIM1
SIM2
SIM3
SIM4
1
21
22
SIM5
SIM1
SIM2
SIM3
SIM4
1
21
22
SIM5
SIM1
SIM2
SIM3
SIM4
1
21
22
SIM5
SIM1
SIM2
SIM3
SIM4
1
21
22
SIM5
SIM1
SIM2
SIM3
SIM4
1
21
22
SIM5
SIM1
SIM2
SIM3
SIM4
1
21
22
SIM5
SIM1
SIM2
SIM3
SIM4
1
21
22
SIM5
SIM1
SIM2
SIM3
SIM4
1
21
22
SIM5
SIM1
SIM2
SIM3
SIM4
1
21
22
SIM5
SIM1
SIM2
SIM3
SIM4
1
21
22
SIM5
SIM1
SIM2
SIM3
SIM4
1
21
22
SIM5
SIM1
SIM2
SIM3
SIM4
1
21
22
SIM5
SIM1
SIM2
SIM3
SIM4
1
21
22
SIM5
SIM1
SIM2
SIM3
SIM4
1
21
22
SIM5
SIM1
SIM2
SIM3
SIM4
1
21
22
SIM5
SIM1
SIM2
SIM3
SIM4
1
21
22
SIM5
SIM1
SIM2
SIM3
SIM4
1
21
22
SIM5
SIM1
SIM2
SIM3
SIM4
1
21
22
SIM5
SIM1
SIM2
SIM3
SIM4
1
21
22
SIM5
SIM1
SIM2
SIM3
SIM4
1
21
22
SIM5
SIM1
SIM2
SIM3
SIM4
1
21
22
SIM5
SIM1
SIM2
SIM3
SIM4
1
21
22
SIM5
SIM1
SIM2
SIM3
SIM4
1
21
22
SIM5
SIM1
SIM2
SIM3
SIM4
1
21
22
SIM5
SIM1
SIM2
SIM3
SIM4
1
21
22
SIM5
SIM1
SIM2
SIM3
SIM4
1
21
22
SIM5
SIM1
SIM2
SIM3
SIM4
1
21
22
SIM5
SIM1
SIM2
SIM3
SIM4
1
21
22
SIM5
SIM1
SIM2
SIM3
SIM4
1
21
22
SIM5
SIM1
SIM2
SIM3
SIM4
1
21
22
SIM5
SIM1
SIM2
SIM3
SIM4
1
21
22
SIM5
SIM1
SIM2
SIM3
SIM4
1
21
22
SIM5
SIM1
SIM2
SIM3
SIM4
1
21
22
SIM5
SIM1
SIM2
SIM3
SIM4
1
21
22
SIM5
SIM1
SIM2
SIM3
SIM4
1
21
22
SIM5
SIM1
SIM2
SIM3
SIM4
1
21
22
SIM5
SIM1
SIM2
SIM3
SIM4
1
21
22
SIM5
SIM1
SIM2
SIM3
SIM4
1
21
22
SIM5
SIM1
SIM2
SIM3
SIM4
1
21
22
SIM5
SIM1
SIM2
SIM3
SIM4
1
21
22
SIM5
SIM1
SIM2
SIM3
SIM4
1
21
22
SIM5
SIM1
SIM2
SIM3
SIM4
1
21
22
SIM5
SIM1
SIM2
SIM3
SIM4
1
21
22
SIM5
SIM1
SIM2
SIM3
SIM4
1
21
22
SIM5
SIM1
SIM2
SIM3
SIM4
1
21
22
SIM5
SIM1
SIM2
SIM3
SIM4
1
21
22
SIM5
SIM1
SIM2
SIM3
SIM4
1
21
22
SIM5
SIM1
SIM2
SIM3
SIM4
1
21
22
SIM5
SIM1
SIM2
SIM3
SIM4
1
21
22
SIM5
SIM1
SIM2
SIM3
SIM4
1
21
22
SIM5
SIM1
SIM2
DEBUG 1 53
SIM1
SIM2
SIM3
SIM4
1
21
22
SIM5
SIM1
SIM2
SIM3
SIM4
1
21
22
SIM5
SIM1
SIM2
SIM3
SIM4
1
21
22
SIM5
SIM1
SIM2
SIM3
SIM4
1
21
22
SIM5
SIM1
SIM2
SIM3
SIM4
1
21
22
SIM5
SIM1
SIM2
SIM3
SIM4
1
21
22
SIM5
SIM1
SIM2
SIM3
SIM4
1
21
22
SIM5
SIM1
SIM2
SIM3
SIM4
1
21
22
SIM5
SIM1
SIM2
SIM3
SIM4
1
21
22
SIM5
SIM1
SIM2
SIM3
SIM4
1
21
22
SIM5
SIM1
SIM2
SIM3
SIM4
1
21
22
SIM5
SIM1
SIM2
SIM3
SIM4
1
21
22
SIM5
SIM1
SIM2
SIM3
SIM4
1
21
22
SIM5
SIM1
SIM2
SIM3
SIM4
1
21
22
SIM5
SIM1
SIM2
SIM3
SIM4
1
21
22
SIM5
SIM1
SIM2
SIM3
SIM4
1
21
22
SIM5
SIM1
SIM2
SIM3
SIM4
1
21
22
SIM5
SIM1
SIM2
SIM3
SIM4
1
21
22
SIM5
SIM1
SIM2
SIM3
SIM4
1
21
22
SIM5
SIM1
SIM2
SIM3
SIM4
1
21
22
SIM5
SIM1
SIM2
SIM3
SIM4
1
21
22
SIM5
SIM1
SIM2
SIM3
SIM4
1
21
22
SIM5
SIM1
SIM2
SIM3
SIM4
1
21
22
SIM5
SIM1
SIM2
SIM3
SIM4
1
21
22
SIM5
SIM1
SIM2
SIM3
SIM4
1
21
22
SIM5
SIM1
SIM2
SIM3
SIM4
1
21
22
SIM5
SIM1
SIM2
SIM3
SIM4
1
21
22
SIM5
SIM1
SIM2
SIM3
SIM4
1
21
22
SIM5
SIM1
SIM2
SIM3
SIM4
1
21
22
SIM5
SIM1
SIM2
SIM3
SIM4
1
21
22
SIM5
SIM1
SIM2
SIM3
SIM4
1
21
22
SIM5
SIM1
SIM2
SIM3
SIM4
1
21
22
SIM5
SIM1
SIM2
SIM3
SIM4
1
21
22
SIM5
SIM1
SIM2
SIM3
SIM4
1
21
22
SIM5
SIM1
SIM2
SIM3
SIM4
1
21
22
SIM5
SIM1
SIM2
SIM3
SIM4
1
21
22
SIM5
SIM1
SIM2
SIM3
SIM4
1
21
22
SIM5
SIM1
SIM2
SIM3
SIM4
1
21
22
SIM5
SIM1
SIM2
SIM3
SIM4
1
21
22
SIM5
SIM1
SIM2
SIM3
SIM4
1
21
22
SIM5
SIM1
SIM2
SIM3
SIM4
1
21
22
SIM5
SIM1
SIM2
SIM3
SIM4
1
21
22
SIM5
SIM1
SIM2
SIM3
SIM4
1
21
22
SIM5
SIM1
SIM2
SIM3
SIM4
1
21
22
SIM5
SIM1
SIM2
SIM3
SIM4
1
21
22
SIM5
SIM1
SIM2
SIM3
SIM4
1
21
22
SIM5
SIM1
SIM2
SIM3
SIM4
1
21
22
SIM5
SIM1
SIM2
SIM3
SIM4
1
21
22
SIM5
SIM1
SIM2
SIM3
SIM4
1
21
22
SIM5
SIM1
SIM2
SIM3
SIM4
1
21
22
SIM5
SIM1
SIM2
SIM3
SIM4
1
21
22
SIM5
SIM1
SIM2
SIM3
SIM4
1
21
22
SIM5
SIM1
SIM2
SIM3
SIM4
1
21
22
SIM5
SIM1
SIM2
SIM3
SIM4
1
21
22
SIM5
SIM1
SIM2
SIM3
SIM4
1
21
22
SIM5
SIM1
SIM2
SIM3
SIM4
1
21
22
SIM5
SIM1
SIM2
SIM3
SIM4
1
21
22
SIM5
SIM1
SIM2
SIM3
SIM4
1
21
22
SIM5
SIM1
SIM2
SIM3
SIM4
1
21
22
SIM5
SIM1
SIM2
SIM3
SIM4
1
21
22
SIM5
SIM1
SIM2
SIM3
SIM4
1
21
22
SIM5
SIM1
SIM2
SIM3
SIM4
1
21
22
SIM5
SIM1
SIM2
SIM3
SIM4
1
21
22
SIM5
SIM1
SIM2
SIM3
SIM4
1
21
22
SIM5
SIM1
SIM2
SIM3
SIM4
1
21
22
SIM5
SIM1
SIM2
SIM3
SIM4
1
21
22
SIM5
SIM1
SIM2
SIM3
SIM4
1
21
22
SIM5
SIM1
SIM2
SIM3
SIM4
1
21
22
SIM5
SIM1
SIM2
SIM3
SIM4
1
21
22
SIM5
SIM1
SIM2
SIM3
SIM4
1
21
22
SIM5
SIM1
SIM2
SIM3
SIM4
1
21
22
SIM5
SIM1
SIM2
SIM3
SIM4
1
21
22
SIM5
SIM1
SIM2
SIM3
SIM4
1
21
22
SIM5
SIM1
SIM2
SIM3
SIM4
1
21
22
SIM5
SIM1
SIM2
SIM3
SIM4
1
21
22
SIM5
SIM1
SIM2
SIM3
SIM4
1
21
22
SIM5
SIM1
SIM2
SIM3
SIM4
1
21
22
SIM5
SIM1
SIM2
SIM3
SIM4
1
21
22
SIM5
SIM1
SIM2
SIM3
SIM4
1
21
22
SIM5
SIM1
SIM2
SIM3
SIM4
1
21
22
SIM5
SIM1
SIM2
SIM3
SIM4
1
21
22
SIM5
SIM1
SIM2
SIM3
SIM4
1
21
22
SIM5
SIM1
SIM2
SIM3
SIM4
1
21
22
SIM5
SIM1
SIM2
SIM3
SIM4
1
21
22
SIM5
SIM1
SIM2
SIM3
SIM4
1
21
22
SIM5
SIM1
SIM2
SIM3
SIM4
1
21
22
SIM5
SIM1
SIM2
SIM3
SIM4
1
21
22
SIM5
SIM1
SIM2
SIM3
SIM4
1
21
22
SIM5
SIM1
SIM2
SIM3
SIM4
1
21
22
SIM5
SIM1
SIM2
SIM3
SIM4
1
21
22
SIM5
SIM1
SIM2
SIM3
SIM4
1
21
22
SIM5
SIM1
SIM2
SIM3
SIM4
1
21
22
SIM5
SIM1
SIM2
SIM3
SIM4
1
21
22
SIM5
SIM1
SIM2
SIM3
SIM4
1
21
22
SIM5
SIM1
SIM2
SIM3
SIM4
1
21
22
SIM5
SIM1
SIM2
SIM3
SIM4
1
21
22
SIM5
SIM1
SIM2
SIM3
SIM4
1
21
22
SIM5
SIM1
SIM2
SIM3
SIM4
1
21
22
SIM5
SIM1
SIM2
SIM3
SIM4
1
21
22
SIM5
SIM1
SIM2
SIM3
SIM4
1
21
22
SIM5
SIM1
SIM2
SIM3
SIM4
1
21
22
SIM5
SIM1
SIM2
SIM3
SIM4
1
21
22
SIM5
SIM1
SIM2
SIM3
SIM4
1
21
22
SIM5
SIM1
SIM2
SIM3
SIM4
1
21
22
SIM5
SIM1
SIM2
SIM3
SIM4
1
21
22
SIM5
SIM1
SIM2
SIM3
SIM4
1
21
22
SIM5
SIM1
SIM2
SIM3
SIM4
1
21
22
SIM5
SIM1
SIM2
SIM3
SIM4
1
21
22
SIM5
SIM1
SIM2
SIM3
SIM4
1
21
22
SIM5
SIM1
SIM2
SIM3
SIM4
1
21
22
SIM5
SIM1
SIM2
SIM3
SIM4
1
21
22
SIM5
SIM1
SIM2
SIM3
SIM4
1
21
22
SIM5
SIM1
SIM2
SIM3
SIM4
1
21
22
SIM5
SIM1
SIM2
DEBUG 1 54
SIM1
SIM2
SIM3
SIM4
1
21
22
SIM5
SIM1
SIM2
SIM3
SIM4
1
21
22
SIM5
SIM1
SIM2
SIM3
SIM4
1
21
22
SIM5
SIM1
SIM2
SIM3
SIM4
1
21
22
SIM5
SIM1
SIM2
SIM3
SIM4
1
21
22
SIM5
SIM1
SIM2
SIM3
SIM4
1
21
22
SIM5
SIM1
SIM2
SIM3
SIM4
1
21
22
SIM5
SIM1
SIM2
SIM3
SIM4
1
21
22
SIM5
SIM1
SIM2
SIM3
SIM4
1
21
22
SIM5
SIM1
SIM2
SIM3
SIM4
1
21
22
SIM5
SIM1
SIM2
SIM3
SIM4
1
21
22
SIM5
SIM1
SIM2
SIM3
SIM4
1
21
22
SIM5
SIM1
SIM2
SIM3
SIM4
1
21
22
SIM5
SIM1
SIM2
SIM3
SIM4
1
21
22
SIM5
SIM1
SIM2
SIM3
SIM4
1
21
22
SIM5
SIM1
SIM2
SIM3
SIM4
1
21
22
SIM5
SIM1
SIM2
SIM3
SIM4
1
21
22
SIM5
SIM1
SIM2
SIM3
SIM4
1
21
22
SIM5
SIM1
SIM2
SIM3
SIM4
1
21
22
SIM5
SIM1
SIM2
SIM3
SIM4
1
21
22
SIM5
SIM1
SIM2
SIM3
SIM4
1
21
22
SIM5
SIM1
SIM2
SIM3
SIM4
1
21
22
SIM5
SIM1
SIM2
SIM3
SIM4
1
21
22
SIM5
SIM1
SIM2
SIM3
SIM4
1
21
22
SIM5
SIM1
SIM2
SIM3
SIM4
1
21
22
SIM5
SIM1
SIM2
SIM3
SIM4
1
21
22
SIM5
SIM1
SIM2
SIM3
SIM4
1
21
22
SIM5
SIM1
SIM2
SIM3
SIM4
1
21
22
SIM5
SIM1
SIM2
SIM3
SIM4
1
21
22
SIM5
SIM1
SIM2
SIM3
SIM4
1
21
22
SIM5
SIM1
SIM2
SIM3
SIM4
1
21
22
SIM5
SIM1
SIM2
SIM3
SIM4
1
21
22
SIM5
SIM1
SIM2
SIM3
SIM4
1
21
22
SIM5
SIM1
SIM2
SIM3
SIM4
1
21
22
SIM5
SIM1
SIM2
SIM3
SIM4
1
21
22
SIM5
SIM1
SIM2
SIM3
SIM4
1
21
22
SIM5
SIM1
SIM2
SIM3
SIM4
1
21
22
SIM5
SIM1
SIM2
SIM3
SIM4
1
21
22
SIM5
SIM1
SIM2
SIM3
SIM4
1
21
22
SIM5
SIM1
SIM2
SIM3
SIM4
1
21
22
SIM5
SIM1
SIM2
SIM3
SIM4
1
21
22
SIM5
SIM1
SIM2
SIM3
SIM4
1
21
22
SIM5
SIM1
SIM2
SIM3
SIM4
1
21
22
SIM5
SIM1
SIM2
SIM3
SIM4
1
21
22
SIM5
SIM1
SIM2
SIM3
SIM4
1
21
22
SIM5
SIM1
SIM2
SIM3
SIM4
1
21
22
SIM5
SIM1
SIM2
SIM3
SIM4
1
21
22
SIM5
SIM1
SIM2
SIM3
SIM4
1
21
22
SIM5
SIM1
SIM2
SIM3
SIM4
1
21
22
SIM5
SIM1
SIM2
SIM3
SIM4
1
21
22
SIM5
SIM1
SIM2
SIM3
SIM4
1
21
22
SIM5
SIM1
SIM2
SIM3
SIM4
1
21
22
SIM5
SIM1
SIM2
SIM3
SIM4
1
21
22
SIM5
SIM1
SIM2
SIM3
SIM4
1
21
22
SIM5
SIM1
SIM2
SIM3
SIM4
1
21
22
SIM5
SIM1
SIM2
SIM3
SIM4
1
21
22
SIM5
SIM1
SIM2
SIM3
SIM4
1
21
22
SIM5
SIM1
SIM2
SIM3
SIM4
1
21
22
SIM5
SIM1
SIM2
SIM3
SIM4
1
21
22
SIM5
SIM1
SIM2
SIM3
SIM4
1
21
22
SIM5
SIM1
SIM2
SIM3
SIM4
1
21
22
SIM5
SIM1
SIM2
SIM3
SIM4
1
21
22
SIM5
SIM1
SIM2
SIM3
SIM4
1
21
22
SIM5
SIM1
SIM2
SIM3
SIM4
1
21
22
SIM5
SIM1
SIM2
SIM3
SIM4
1
21
22
SIM5
SIM1
SIM2
SIM3
SIM4
1
21
22
SIM5
SIM1
SIM2
SIM3
SIM4
1
21
22
SIM5
SIM1
SIM2
SIM3
SIM4
1
21
22
SIM5
SIM1
SIM2
SIM3
SIM4
1
21
22
SIM5
SIM1
SIM2
SIM3
SIM4
1
21
22
SIM5
SIM1
SIM2
SIM3
SIM4
1
21
22
SIM5
SIM1
SIM2
SIM3
SIM4
1
21
22
SIM5
SIM1
SIM2
SIM3
SIM4
1
21
22
SIM5
SIM1
SIM2
SIM3
SIM4
1
21
22
SIM5
SIM1
SIM2
SIM3
SIM4
1
21
22
SIM5
SIM1
SIM2
SIM3
SIM4
1
21
22
SIM5
SIM1
SIM2
SIM3
SIM4
1
21
22
SIM5
SIM1
SIM2
SIM3
SIM4
1
21
22
SIM5
SIM1
SIM2
SIM3
SIM4
1
21
22
SIM5
SIM1
SIM2
SIM3
SIM4
1
21
22
SIM5
SIM1
SIM2
SIM3
SIM4
1
21
22
SIM5
SIM1
SIM2
SIM3
SIM4
1
21
22
SIM5
SIM1
SIM2
SIM3
SIM4
1
21
22
SIM5
SIM1
SIM2
SIM3
SIM4
1
21
22
SIM5
SIM1
SIM2
SIM3
SIM4
1
21
22
SIM5
SIM1
SIM2
SIM3
SIM4
1
21
22
SIM5
SIM1
SIM2
SIM3
SIM4
1
21
22
SIM5
SIM1
SIM2
SIM3
SIM4
1
21
22
SIM5
SIM1
SIM2
SIM3
SIM4
1
21
22
SIM5
SIM1
SIM2
SIM3
SIM4
1
21
22
SIM5
SIM1
SIM2
SIM3
SIM4
1
21
22
SIM5
SIM1
SIM2
SIM3
SIM4
1
21
22
SIM5
SIM1
SIM2
SIM3
SIM4
1
21
22
SIM5
SIM1
SIM2
SIM3
SIM4
1
21
22
SIM5
SIM1
SIM2
SIM3
SIM4
1
21
22
SIM5
SIM1
SIM2
SIM3
SIM4
1
21
22
SIM5
SIM1
SIM2
SIM3
SIM4
1
21
22
SIM5
SIM1
SIM2
SIM3
SIM4
1
21
22
SIM5
SIM1
SIM2
SIM3
SIM4
1
21
22
SIM5
SIM1
SIM2
SIM3
SIM4
1
21
22
SIM5
SIM1
SIM2
SIM3
SIM4
1
21
22
SIM5
SIM1
SIM2
SIM3
SIM4
1
21
22
SIM5
SIM1
SIM2
SIM3
SIM4
1
21
22
SIM5
SIM1
SIM2
SIM3
SIM4
1
21
22
SIM5
SIM1
SIM2
SIM3
SIM4
1
21
22
SIM5
SIM1
SIM2
SIM3
SIM4
1
21
22
SIM5
SIM1
SIM2
SIM3
SIM4
1
21
22
SIM5
SIM1
SIM2
SIM3
SIM4
1
21
22
SIM5
SIM1
SIM2
SIM3
SIM4
1
21
22
SIM5
SIM1
SIM2
SIM3
SIM4
1
21
22
SIM5
SIM1
SIM2
SIM3
SIM4
1
21
22
SIM5
SIM1
SIM2
SIM3
SIM4
1
21
22
SIM5
SIM1
SIM2
SIM3
SIM4
1
21
22
SIM5
SIM1
SIM2
SIM3
SIM4
1
21
22
SIM5
SIM1
SIM2
SIM3
SIM4
1
21
22
SIM5
SIM1
SIM2
SIM3
SIM4
1
21
22
SIM5
SIM1
SIM2
SIM3
SIM4
1
21
22
SIM5
SIM1
SIM2
SIM3
SIM4
1
21
22
SIM5
SIM1
SIM2
SIM3
SIM4
1
21
22
SIM5
SIM1
SIM2
SIM3
SIM4
1
21
22
SIM5
SIM1
SIM2
SIM3
SIM4
1
21
22
SIM5
SIM1
SIM2
SIM3
SIM4
1
21
22
SIM5
SIM1
SIM2
SIM3
SIM4
1
21
22
SIM5
SIM1
SIM2
SIM3
SIM4
1
21
22
SIM5
SIM1
SIM2
SIM3
SIM4
1
21
22
SIM5
SIM1
SIM2
SIM3
SIM4
1
21
22
SIM5
SIM1
SIM2
SIM3
SIM4
1
21
22
SIM5
SIM1
SIM2
SIM3
SIM4
1
21
22
SIM5
SIM1
SIM2
SIM3
SIM4
1
21
22
SIM5
SIM1
SIM2
DEBUG 1 55
SIM1
SIM2
SIM3
SIM4
1
21
22
SIM5
SIM1
SIM2
SIM3
SIM4
1
21
22
SIM5
SIM1
SIM2
SIM3
SIM4
1
21
22
SIM5
SIM1
SIM2
SIM3
SIM4
1
21
22
SIM5
SIM1
SIM2
SIM3
SIM4
1
21
22
SIM5
SIM1
SIM2
SIM3
SIM4
1
21
22
SIM5
SIM1
SIM2
SIM3
SIM4
1
21
22
SIM5
SIM1
SIM2
SIM3
SIM4
1
21
22
SIM5
SIM1
SIM2
SIM3
SIM4
1
21
22
SIM5
SIM1
SIM2
SIM3
SIM4
1
21
22
SIM5
SIM1
SIM2
SIM3
SIM4
1
21
22
SIM5
SIM1
SIM2
SIM3
SIM4
1
21
22
SIM5
SIM1
SIM2
SIM3
SIM4
1
21
22
SIM5
SIM1
SIM2
SIM3
SIM4
1
21
22
SIM5
SIM1
SIM2
SIM3
SIM4
1
21
22
SIM5
SIM1
SIM2
SIM3
SIM4
1
21
22
SIM5
SIM1
SIM2
SIM3
SIM4
1
21
22
SIM5
SIM1
SIM2
SIM3
SIM4
1
21
22
SIM5
SIM1
SIM2
SIM3
SIM4
1
21
22
SIM5
SIM1
SIM2
SIM3
SIM4
1
21
22
SIM5
SIM1
SIM2
SIM3
SIM4
1
21
22
SIM5
SIM1
SIM2
SIM3
SIM4
1
21
22
SIM5
SIM1
SIM2
SIM3
SIM4
1
21
22
SIM5
SIM1
SIM2
SIM3
SIM4
1
21
22
SIM5
SIM1
SIM2
SIM3
SIM4
1
21
22
SIM5
SIM1
SIM2
SIM3
SIM4
1
21
22
SIM5
SIM1
SIM2
SIM3
SIM4
1
21
22
SIM5
SIM1
SIM2
SIM3
SIM4
1
21
22
SIM5
SIM1
SIM2
SIM3
SIM4
1
21
22
SIM5
SIM1
SIM2
SIM3
SIM4
1
21
22
SIM5
SIM1
SIM2
SIM3
SIM4
1
21
22
SIM5
SIM1
SIM2
SIM3
SIM4
1
21
22
SIM5
SIM1
SIM2
SIM3
SIM4
1
21
22
SIM5
SIM1
SIM2
SIM3
SIM4
1
21
22
SIM5
SIM1
SIM2
SIM3
SIM4
1
21
22
SIM5
SIM1
SIM2
SIM3
SIM4
1
21
22
SIM5
SIM1
SIM2
SIM3
SIM4
1
21
22
SIM5
SIM1
SIM2
SIM3
SIM4
1
21
22
SIM5
SIM1
SIM2
SIM3
SIM4
1
21
22
SIM5
SIM1
SIM2
SIM3
SIM4
1
21
22
SIM5
SIM1
SIM2
SIM3
SIM4
1
21
22
SIM5
SIM1
SIM2
SIM3
SIM4
1
21
22
SIM5
SIM1
SIM2
SIM3
SIM4
1
21
22
SIM5
SIM1
SIM2
SIM3
SIM4
1
21
22
SIM5
SIM1
SIM2
SIM3
SIM4
1
21
22
SIM5
SIM1
SIM2
SIM3
SIM4
1
21
22
SIM5
SIM1
SIM2
SIM3
SIM4
1
21
22
SIM5
SIM1
SIM2
SIM3
SIM4
1
21
22
SIM5
SIM1
SIM2
SIM3
SIM4
1
21
22
SIM5
SIM1
SIM2
SIM3
SIM4
1
21
22
SIM5
SIM1
SIM2
SIM3
SIM4
1
21
22
SIM5
SIM1
SIM2
SIM3
SIM4
1
21
22
SIM5
SIM1
SIM2
SIM3
SIM4
1
21
22
SIM5
SIM1
SIM2
SIM3
SIM4
1
21
22
SIM5
SIM1
SIM2
SIM3
SIM4
1
21
22
SIM5
SIM1
SIM2
SIM3
SIM4
1
21
22
SIM5
SIM1
SIM2
SIM3
SIM4
1
21
22
SIM5
SIM1
SIM2
SIM3
SIM4
1
21
22
SIM5
SIM1
SIM2
SIM3
SIM4
1
21
22
SIM5
SIM1
SIM2
SIM3
SIM4
1
21
22
SIM5
SIM1
SIM2
SIM3
SIM4
1
21
22
SIM5
SIM1
SIM2
SIM3
SIM4
1
21
22
SIM5
SIM1
SIM2
SIM3
SIM4
1
21
22
SIM5
SIM1
SIM2
SIM3
SIM4
1
21
22
SIM5
SIM1
SIM2
SIM3
SIM4
1
21
22
SIM5
SIM1
SIM2
SIM3
SIM4
1
21
22
SIM5
SIM1
SIM2
SIM3
SIM4
1
21
22
SIM5
SIM1
SIM2
SIM3
SIM4
1
21
22
SIM5
SIM1
SIM2
SIM3
SIM4
1
21
22
SIM5
SIM1
SIM2
SIM3
SIM4
1
21
22
SIM5
SIM1
SIM2
SIM3
SIM4
1
21
22
SIM5
SIM1
SIM2
SIM3
SIM4
1
21
22
SIM5
SIM1
SIM2
SIM3
SIM4
1
21
22
SIM5
SIM1
SIM2
SIM3
SIM4
1
21
22
SIM5
SIM1
SIM2
SIM3
SIM4
1
21
22
SIM5
SIM1
SIM2
SIM3
SIM4
1
21
22
SIM5
SIM1
SIM2
SIM3
SIM4
1
21
22
SIM5
SIM1
SIM2
SIM3
SIM4
1
21
22
SIM5
SIM1
SIM2
SIM3
SIM4
1
21
22
SIM5
SIM1
SIM2
SIM3
SIM4
1
21
22
SIM5
SIM1
SIM2
SIM3
SIM4
1
21
22
SIM5
SIM1
SIM2
SIM3
SIM4
1
21
22
SIM5
SIM1
SIM2
SIM3
SIM4
1
21
22
SIM5
SIM1
SIM2
SIM3
SIM4
1
21
22
SIM5
SIM1
SIM2
SIM3
SIM4
1
21
22
SIM5
SIM1
SIM2
SIM3
SIM4
1
21
22
SIM5
SIM1
SIM2
SIM3
SIM4
1
21
22
SIM5
SIM1
SIM2
SIM3
SIM4
1
21
22
SIM5
SIM1
SIM2
SIM3
SIM4
1
21
22
SIM5
SIM1
SIM2
SIM3
SIM4
1
21
22
SIM5
SIM1
SIM2
SIM3
SIM4
1
21
22
SIM5
SIM1
SIM2
SIM3
SIM4
1
21
22
SIM5
SIM1
SIM2
SIM3
SIM4
1
21
22
SIM5
SIM1
SIM2
SIM3
SIM4
1
21
22
SIM5
SIM1
SIM2
SIM3
SIM4
1
21
22
SIM5
SIM1
SIM2
SIM3
SIM4
1
21
22
SIM5
SIM1
SIM2
SIM3
SIM4
1
21
22
SIM5
SIM1
SIM2
DEBUG 1 56
SIM1
SIM2
SIM3
SIM4
1
21
22
SIM5
SIM1
SIM2
SIM3
SIM4
1
21
22
SIM5
SIM1
SIM2
SIM3
SIM4
1
21
22
SIM5
SIM1
SIM2
SIM3
SIM4
1
21
22
SIM5
SIM1
SIM2
SIM3
SIM4
1
21
22
SIM5
SIM1
SIM2
SIM3
SIM4
1
21
22
SIM5
SIM1
SIM2
SIM3
SIM4
1
21
22
SIM5
SIM1
SIM2
SIM3
SIM4
1
21
22
SIM5
SIM1
SIM2
SIM3
SIM4
1
21
22
SIM5
SIM1
SIM2
SIM3
SIM4
1
21
22
SIM5
SIM1
SIM2
SIM3
SIM4
1
21
22
SIM5
SIM1
SIM2
SIM3
SIM4
1
21
22
SIM5
SIM1
SIM2
SIM3
SIM4
1
21
22
SIM5
SIM1
SIM2
SIM3
SIM4
1
21
22
SIM5
SIM1
SIM2
SIM3
SIM4
1
21
22
SIM5
SIM1
SIM2
SIM3
SIM4
1
21
22
SIM5
SIM1
SIM2
SIM3
SIM4
1
21
22
SIM5
SIM1
SIM2
SIM3
SIM4
1
21
22
SIM5
SIM1
SIM2
SIM3
SIM4
1
21
22
SIM5
SIM1
SIM2
SIM3
SIM4
1
21
22
SIM5
SIM1
SIM2
SIM3
SIM4
1
21
22
SIM5
SIM1
SIM2
SIM3
SIM4
1
21
22
SIM5
SIM1
SIM2
SIM3
SIM4
1
21
22
SIM5
SIM1
SIM2
SIM3
SIM4
1
21
22
SIM5
SIM1
SIM2
SIM3
SIM4
1
21
22
SIM5
SIM1
SIM2
SIM3
SIM4
1
21
22
SIM5
SIM1
SIM2
SIM3
SIM4
1
21
22
SIM5
SIM1
SIM2
SIM3
SIM4
1
21
22
SIM5
SIM1
SIM2
SIM3
SIM4
1
21
22
SIM5
SIM1
SIM2
SIM3
SIM4
1
21
22
SIM5
SIM1
SIM2
SIM3
SIM4
1
21
22
SIM5
SIM1
SIM2
SIM3
SIM4
1
21
22
SIM5
SIM1
SIM2
SIM3
SIM4
1
21
22
SIM5
SIM1
SIM2
SIM3
SIM4
1
21
22
SIM5
SIM1
SIM2
SIM3
SIM4
1
21
22
SIM5
SIM1
SIM2
SIM3
SIM4
1
21
22
SIM5
SIM1
SIM2
SIM3
SIM4
1
21
22
SIM5
SIM1
SIM2
SIM3
SIM4
1
21
22
SIM5
SIM1
SIM2
SIM3
SIM4
1
21
22
SIM5
SIM1
SIM2
SIM3
SIM4
1
21
22
SIM5
SIM1
SIM2
SIM3
SIM4
1
21
22
SIM5
SIM1
SIM2
SIM3
SIM4
1
21
22
SIM5
SIM1
SIM2
SIM3
SIM4
1
21
22
SIM5
SIM1
SIM2
SIM3
SIM4
1
21
22
SIM5
SIM1
SIM2
SIM3
SIM4
1
21
22
SIM5
SIM1
SIM2
SIM3
SIM4
1
21
22
SIM5
SIM1
SIM2
SIM3
SIM4
1
21
22
SIM5
SIM1
SIM2
SIM3
SIM4
1
21
22
SIM5
SIM1
SIM2
SIM3
SIM4
1
21
22
SIM5
SIM1
SIM2
SIM3
SIM4
1
21
22
SIM5
SIM1
SIM2
SIM3
SIM4
1
21
22
SIM5
SIM1
SIM2
SIM3
SIM4
1
21
22
SIM5
SIM1
SIM2
SIM3
SIM4
1
21
22
SIM5
SIM1
SIM2
SIM3
SIM4
1
21
22
SIM5
SIM1
SIM2
SIM3
SIM4
1
21
22
SIM5
SIM1
SIM2
SIM3
SIM4
1
21
22
SIM5
SIM1
SIM2
SIM3
SIM4
1
21
22
SIM5
SIM1
SIM2
SIM3
SIM4
1
21
22
SIM5
SIM1
SIM2
SIM3
SIM4
1
21
22
SIM5
SIM1
SIM2
SIM3
SIM4
1
21
22
SIM5
SIM1
SIM2
SIM3
SIM4
1
21
22
SIM5
SIM1
SIM2
SIM3
SIM4
1
21
22
SIM5
SIM1
SIM2
SIM3
SIM4
1
21
22
SIM5
SIM1
SIM2
SIM3
SIM4
1
21
22
SIM5
SIM1
SIM2
SIM3
SIM4
1
21
22
SIM5
SIM1
SIM2
SIM3
SIM4
1
21
22
SIM5
SIM1
SIM2
SIM3
SIM4
1
21
22
SIM5
SIM1
SIM2
SIM3
SIM4
1
21
22
SIM5
SIM1
SIM2
SIM3
SIM4
1
21
22
SIM5
SIM1
SIM2
SIM3
SIM4
1
21
22
SIM5
SIM1
SIM2
SIM3
SIM4
1
21
22
SIM5
SIM1
SIM2
SIM3
SIM4
1
21
22
SIM5
SIM1
SIM2
SIM3
SIM4
1
21
22
SIM5
SIM1
SIM2
SIM3
SIM4
1
21
22
SIM5
SIM1
SIM2
SIM3
SIM4
1
21
22
SIM5
SIM1
SIM2
SIM3
SIM4
1
21
22
SIM5
SIM1
SIM2
SIM3
SIM4
1
21
22
SIM5
SIM1
SIM2
SIM3
SIM4
1
21
22
SIM5
SIM1
SIM2
SIM3
SIM4
1
21
22
SIM5
SIM1
SIM2
SIM3
SIM4
1
21
22
SIM5
SIM1
SIM2
SIM3
SIM4
1
21
22
SIM5
SIM1
SIM2
SIM3
SIM4
1
21
22
SIM5
SIM1
SIM2
SIM3
SIM4
1
21
22
SIM5
SIM1
SIM2
SIM3
SIM4
1
21
22
SIM5
SIM1
SIM2
SIM3
SIM4
1
21
22
SIM5
SIM1
SIM2
SIM3
SIM4
1
21
22
SIM5
SIM1
SIM2
SIM3
SIM4
1
21
22
SIM5
SIM1
SIM2
SIM3
SIM4
1
21
22
SIM5
SIM1
SIM2
SIM3
SIM4
1
21
22
SIM5
SIM1
SIM2
SIM3
SIM4
1
21
22
SIM5
SIM1
SIM2
SIM3
SIM4
1
21
22
SIM5
SIM1
SIM2
SIM3
SIM4
1
21
22
SIM5
SIM1
SIM2
SIM3
SIM4
1
21
22
SIM5
SIM1
SIM2
SIM3
SIM4
1
21
22
SIM5
SIM1
SIM2
SIM3
SIM4
1
21
22
SIM5
SIM1
SIM2
SIM3
SIM4
1
21
22
SIM5
SIM1
SIM2
SIM3
SIM4
1
21
22
SIM5
SIM1
SIM2
SIM3
SIM4
1
21
22
SIM5
SIM1
SIM2
SIM3
SIM4
1
21
22
SIM5
SIM1
SIM2
SIM3
SIM4
1
21
22
SIM5
SIM1
SIM2
SIM3
SIM4
1
21
22
SIM5
SIM1
SIM2
SIM3
SIM4
1
21
22
SIM5
SIM1
SIM2
SIM3
SIM4
1
21
22
SIM5
SIM1
SIM2
SIM3
SIM4
1
21
22
SIM5
SIM1
SIM2
SIM3
SIM4
1
21
22
SIM5
SIM1
SIM2
SIM3
SIM4
1
21
22
SIM5
SIM1
SIM2
SIM3
SIM4
1
21
22
SIM5
SIM1
SIM2
SIM3
SIM4
1
21
22
SIM5
SIM1
SIM2
SIM3
SIM4
1
21
22
SIM5
SIM1
SIM2
SIM3
SIM4
1
21
22
SIM5
SIM1
SIM2
SIM3
SIM4
1
21
22
SIM5
SIM1
SIM2
SIM3
SIM4
1
21
22
SIM5
SIM1
SIM2
SIM3
SIM4
1
21
22
SIM5
SIM1
SIM2
SIM3
SIM4
1
21
22
SIM5
SIM1
SIM2
SIM3
SIM4
1
21
22
SIM5
SIM1
SIM2
SIM3
SIM4
1
21
22
SIM5
SIM1
SIM2
SIM3
SIM4
1
21
22
SIM5
SIM1
SIM2
SIM3
SIM4
1
21
22
SIM5
SIM1
SIM2
SIM3
SIM4
1
21
22
SIM5
SIM1
SIM2
SIM3
SIM4
1
21
22
SIM5
SIM1
SIM2
SIM3
SIM4
1
21
22
SIM5
SIM1
SIM2
SIM3
SIM4
1
21
22
SIM5
SIM1
SIM2
SIM3
SIM4
1
21
22
SIM5
SIM1
SIM2
SIM3
SIM4
1
21
22
SIM5
SIM1
SIM2
SIM3
SIM4
1
21
22
SIM5
SIM1
SIM2
SIM3
SIM4
1
21
22
SIM5
SIM1
SIM2
SIM3
SIM4
1
21
22
SIM5
SIM1
SIM2
SIM3
SIM4
1
21
22
SIM5
SIM1
SIM2
SIM3
SIM4
1
21
22
SIM5
SIM1
SIM2
SIM3
SIM4
1
21
22
SIM5
SIM1
SIM2
SIM3
SIM4
1
21
22
SIM5
SIM1
SIM2
SIM3
SIM4
1
21
22
SIM5
SIM1
SIM2
SIM3
SIM4
1
21
22
SIM5
SIM1
SIM2
SIM3
SIM4
1
21
22
SIM5
SIM1
SIM2
SIM3
SIM4
1
21
22
SIM5
SIM1
SIM2
SIM3
SIM4
1
21
22
SIM5
SIM1
SIM2
SIM3
SIM4
1
21
22
SIM5
SIM1
SIM2
SIM3
SIM4
1
21
22
SIM5
SIM1
SIM2
SIM3
SIM4
1
21
22
SIM5
SIM1
SIM2
SIM3
SIM4
1
21
22
SIM5
SIM1
SIM2
SIM3
SIM4
1
21
22
SIM5
SIM1
SIM2
SIM3
SIM4
1
21
22
SIM5
SIM1
SIM2
SIM3
SIM4
1
21
22
SIM5
SIM1
SIM2
SIM3
SIM4
1
21
22
SIM5
SIM1
SIM2
SIM3
SIM4
1
21
22
SIM5
SIM1
SIM2
SIM3
SIM4
1
21
22
SIM5
SIM1
SIM2
SIM3
SIM4
1
21
22
SIM5
SIM1
SIM2
SIM3
SIM4
1
21
22
SIM5
SIM1
SIM2
SIM3
SIM4
1
21
22
SIM5
SIM1
SIM2
SIM3
SIM4
1
21
22
SIM5
SIM1
SIM2
SIM3
SIM4
1
21
22
SIM5
SIM1
SIM2
SIM3
SIM4
1
21
22
SIM5
SIM1
SIM2
SIM3
SIM4
1
21
22
SIM5
SIM1
SIM2
SIM3
SIM4
1
21
22
SIM5
SIM1
SIM2
SIM3
SIM4
1
21
22
SIM5
SIM1
SIM2
SIM3
SIM4
1
21
22
SIM5
SIM1
SIM2
SIM3
SIM4
1
21
22
SIM5
SIM1
SIM2
SIM3
SIM4
1
21
22
SIM5
SIM1
SIM2
SIM3
SIM4
1
21
22
SIM5
SIM1
SIM2
SIM3
SIM4
1
21
22
SIM5
SIM1
SIM2
SIM3
SIM4
1
21
22
SIM5
SIM1
SIM2
SIM3
SIM4
1
21
22
SIM5
SIM1
SIM2
SIM3
SIM4
1
21
22
SIM5
SIM1
SIM2
SIM3
SIM4
1
21
22
SIM5
SIM1
SIM2
SIM3
SIM4
1
21
22
SIM5
SIM1
SIM2
SIM3
SIM4
1
21
22
SIM5
SIM1
SIM2
SIM3
SIM4
1
21
22
SIM5
SIM1
SIM2
SIM3
SIM4
1
21
22
SIM5
SIM1
SIM2
SIM3
SIM4
1
21
22
SIM5
SIM1
SIM2
SIM3
SIM4
1
21
22
SIM5
SIM1
SIM2
SIM3
SIM4
1
21
22
SIM5
SIM1
SIM2
SIM3
SIM4
1
21
22
SIM5
SIM1
SIM2
SIM3
SIM4
1
21
22
SIM5
SIM1
SIM2
SIM3
SIM4
1
21
22
SIM5
SIM1
SIM2
SIM3
SIM4
1
21
22
SIM5
SIM1
SIM2
SIM3
SIM4
1
21
22
SIM5
SIM1
SIM2
SIM3
SIM4
1
21
22
SIM5
SIM1
SIM2
SIM3
SIM4
1
21
22
SIM5
SIM1
SIM2
SIM3
SIM4
1
21
22
SIM5
SIM1
SIM2
SIM3
SIM4
1
21
22
SIM5
SIM1
SIM2
SIM3
SIM4
1
21
22
SIM5
SIM1
SIM2
SIM3
SIM4
1
21
22
SIM5
SIM1
SIM2
SIM3
SIM4
1
21
22
SIM5
SIM1
SIM2
SIM3
SIM4
1
21
22
SIM5
SIM1
SIM2
SIM3
SIM4
1
21
22
SIM5
SIM1
SIM2
SIM3
SIM4
1
21
22
SIM5
SIM1
SIM2
SIM3
SIM4
1
21
22
SIM5
SIM1
SIM2
SIM3
SIM4
1
21
22
SIM5
SIM1
SIM2
SIM3
SIM4
1
21
22
SIM5
SIM1
SIM2
SIM3
SIM4
1
21
22
SIM5
SIM1
SIM2
SIM3
SIM4
1
21
22
SIM5
SIM1
SIM2
SIM3
SIM4
1
21
22
SIM5
SIM1
SIM2
SIM3
SIM4
1
21
22
SIM5
SIM1
SIM2
SIM3
SIM4
1
21
22
SIM5
SIM1
SIM2
SIM3
SIM4
1
21
22
SIM5
SIM1
SIM2
SIM3
SIM4
1
21
22
SIM5
SIM1
SIM2
SIM3
SIM4
1
21
22
SIM5
SIM1
SIM2
SIM3
SIM4
1
21
22
SIM5
SIM1
SIM2
SIM3
SIM4
1
21
22
SIM5
SIM1
SIM2
SIM3
SIM4
1
21
22
SIM5
SIM1
SIM2
SIM3
SIM4
1
21
22
SIM5
SIM1
SIM2
SIM3
SIM4
1
21
22
SIM5
SIM1
SIM2
SIM3
SIM4
1
21
22
SIM5
SIM1
SIM2
SIM3
SIM4
1
21
22
SIM5
SIM1
SIM2
SIM3
SIM4
1
21
22
SIM5
SIM1
SIM2
SIM3
SIM4
1
21
22
SIM5
SIM1
SIM2
SIM3
SIM4
1
21
22
SIM5
SIM1
SIM2
SIM3
SIM4
1
21
22
SIM5
SIM1
SIM2
SIM3
SIM4
1
21
22
SIM5
SIM1
SIM2
SIM3
SIM4
1
21
22
SIM5
SIM1
SIM2
SIM3
SIM4
1
21
22
SIM5
SIM1
SIM2
SIM3
SIM4
1
21
22
SIM5
SIM1
SIM2
SIM3
SIM4
1
21
22
SIM5
SIM1
SIM2
SIM3
SIM4
1
21
22
SIM5
SIM1
SIM2
SIM3
SIM4
1
21
22
SIM5
SIM1
SIM2
SIM3
SIM4
1
21
22
SIM5
SIM1
SIM2
SIM3
SIM4
1
21
22
SIM5
SIM1
SIM2
SIM3
SIM4
1
21
22
SIM5
SIM1
SIM2
SIM3
SIM4
1
21
22
SIM5
SIM1
SIM2
SIM3
SIM4
1
21
22
SIM5
SIM1
SIM2
SIM3
SIM4
1
21
22
SIM5
SIM1
SIM2
SIM3
SIM4
1
21
22
SIM5
SIM1
SIM2
SIM3
SIM4
1
21
22
SIM5
SIM1
SIM2
SIM3
SIM4
1
21
22
SIM5
SIM1
SIM2
SIM3
SIM4
1
21
22
SIM5
SIM1
SIM2
SIM3
SIM4
1
21
22
SIM5
SIM1
SIM2
SIM3
SIM4
1
21
22
SIM5
SIM1
SIM2
SIM3
SIM4
1
21
22
SIM5
SIM1
SIM2
SIM3
SIM4
1
21
22
SIM5
SIM1
SIM2
SIM3
SIM4
1
21
22
SIM5
SIM1
SIM2
SIM3
SIM4
1
21
22
SIM5
SIM1
SIM2
SIM3
SIM4
1
21
22
SIM5
SIM1
SIM2
SIM3
SIM4
1
21
22
SIM5
SIM1
SIM2
SIM3
SIM4
1
21
22
SIM5
SIM1
SIM2
SIM3
SIM4
1
21
22
SIM5
SIM1
SIM2
SIM3
SIM4
1
21
22
SIM5
SIM1
SIM2
SIM3
SIM4
1
21
22
SIM5
SIM1
SIM2
SIM3
SIM4
1
21
22
SIM5
SIM1
SIM2
SIM3
SIM4
1
21
22
SIM5
SIM1
SIM2
SIM3
SIM4
1
21
22
SIM5
SIM1
SIM2
SIM3
SIM4
1
21
22
SIM5
SIM1
SIM2
SIM3
SIM4
1
21
22
SIM5
SIM1
SIM2
SIM3
SIM4
1
21
22
SIM5
SIM1
SIM2
SIM3
SIM4
1
21
22
SIM5
SIM1
SIM2
SIM3
SIM4
1
21
22
SIM5
SIM1
SIM2
SIM3
SIM4
1
21
22
SIM5
SIM1
SIM2
SIM3
SIM4
1
21
22
SIM5
SIM1
SIM2
SIM3
SIM4
1
21
22
SIM5
SIM1
SIM2
SIM3
SIM4
1
21
22
SIM5
SIM1
SIM2
SIM3
SIM4
1
21
22
SIM5
SIM1
SIM2
SIM3
SIM4
1
21
22
SIM5
SIM1
SIM2
SIM3
SIM4
1
21
22
SIM5
SIM1
SIM2
SIM3
SIM4
1
21
22
SIM5
SIM1
SIM2
SIM3
SIM4
1
21
22
SIM5
SIM1
SIM2
SIM3
SIM4
1
21
22
SIM5
SIM1
SIM2
SIM3
SIM4
1
21
22
SIM5
SIM1
SIM2
SIM3
SIM4
1
21
22
SIM5
SIM1
SIM2
SIM3
SIM4
1
21
22
SIM5
SIM1
SIM2
SIM3
SIM4
1
21
22
SIM5
SIM1
SIM2
SIM3
SIM4
1
21
22
SIM5
SIM1
SIM2
SIM3
SIM4
1
21
22
SIM5
SIM1
SIM2
SIM3
SIM4
1
21
22
SIM5
SIM1
SIM2
SIM3
SIM4
1
21
22
SIM5
SIM1
SIM2
SIM3
SIM4
1
21
22
SIM5
SIM1
SIM2
SIM3
SIM4
1
21
22
SIM5
SIM1
SIM2
SIM3
SIM4
1
21
22
SIM5
SIM1
SIM2
SIM3
SIM4
1
21
22
SIM5
SIM1
SIM2
SIM3
SIM4
1
21
22
SIM5
SIM1
SIM2
SIM3
SIM4
1
21
22
SIM5
SIM1
SIM2
SIM3
SIM4
1
21
22
SIM5
SIM1
SIM2
SIM3
SIM4
1
21
22
SIM5
SIM1
SIM2
SIM3
SIM4
1
21
22
SIM5
SIM1
SIM2
SIM3
SIM4
1
21
22
SIM5
SIM1
SIM2
SIM3
SIM4
1
21
22
SIM5
SIM1
SIM2
SIM3
SIM4
1
21
22
SIM5
SIM1
SIM2
SIM3
SIM4
1
21
22
SIM5
SIM1
SIM2
SIM3
SIM4
1
21
22
SIM5
SIM1
SIM2
SIM3
SIM4
1
21
22
SIM5
SIM1
SIM2
SIM3
SIM4
1
21
22
SIM5
SIM1
SIM2
SIM3
SIM4
1
21
22
SIM5
SIM1
SIM2
SIM3
SIM4
1
21
22
SIM5
SIM1
SIM2
SIM3
SIM4
1
21
22
SIM5
SIM1
SIM2
SIM3
SIM4
1
21
22
SIM5
SIM1
SIM2
SIM3
SIM4
1
21
22
SIM5
SIM1
SIM2
SIM3
SIM4
1
21
22
SIM5
SIM1
SIM2
SIM3
SIM4
1
21
22
SIM5
SIM1
SIM2
SIM3
SIM4
1
21
22
SIM5
SIM1
SIM2
SIM3
SIM4
1
21
22
SIM5
SIM1
SIM2
SIM3
SIM4
1
21
22
SIM5
SIM1
SIM2
SIM3
SIM4
1
21
22
SIM5
SIM1
SIM2
SIM3
SIM4
1
21
22
SIM5
SIM1
SIM2
SIM3
SIM4
1
21
22
SIM5
SIM1
SIM2
SIM3
SIM4
1
21
22
SIM5
SIM1
SIM2
SIM3
SIM4
1
21
22
SIM5
SIM1
SIM2
SIM3
SIM4
1
21
22
SIM5
SIM1
SIM2
SIM3
SIM4
1
21
22
SIM5
SIM1
SIM2
SIM3
SIM4
1
21
22
SIM5
SIM1
SIM2
SIM3
SIM4
1
21
22
SIM5
SIM1
SIM2
SIM3
SIM4
1
21
22
SIM5
SIM1
SIM2
SIM3
SIM4
1
21
22
SIM5
SIM1
SIM2
SIM3
SIM4
1
21
22
SIM5
SIM1
SIM2
SIM3
SIM4
1
21
22
SIM5
SIM1
SIM2
SIM3
SIM4
1
21
22
SIM5
SIM1
SIM2
SIM3
SIM4
1
21
22
SIM5
SIM1
SIM2
SIM3
SIM4
1
21
22
SIM5
SIM1
SIM2
SIM3
SIM4
1
21
22
SIM5
SIM1
SIM2
SIM3
SIM4
1
21
22
SIM5
SIM1
SIM2
SIM3
SIM4
1
21
22
SIM5
SIM1
SIM2
SIM3
SIM4
1
21
22
SIM5
SIM1
SIM2
SIM3
SIM4
1
21
22
SIM5
SIM1
SIM2
SIM3
SIM4
1
21
22
SIM5
SIM1
SIM2
SIM3
SIM4
1
21
22
SIM5
SIM1
SIM2
SIM3
SIM4
1
21
22
SIM5
SIM1
SIM2
SIM3
SIM4
1
21
22
SIM5
SIM1
SIM2
SIM3
SIM4
1
21
22
SIM5
SIM1
SIM2
SIM3
SIM4
1
21
22
SIM5
SIM1
SIM2
SIM3
SIM4
1
21
22
SIM5
SIM1
SIM2
SIM3
SIM4
1
21
22
SIM5
SIM1
SIM2
SIM3
SIM4
1
21
22
SIM5
SIM1
SIM2
SIM3
SIM4
1
21
22
SIM5
SIM1
SIM2
SIM3
SIM4
1
21
22
SIM5
SIM1
SIM2
SIM3
SIM4
1
21
22
SIM5
SIM1
SIM2
SIM3
SIM4
1
21
22
SIM5
SIM1
SIM2
SIM3
SIM4
1
21
22
SIM5
SIM1
SIM2
SIM3
SIM4
1
21
22
SIM5
SIM1
SIM2
SIM3
SIM4
1
21
22
SIM5
SIM1
SIM2
SIM3
SIM4
1
21
22
SIM5
SIM1
SIM2
SIM3
SIM4
1
21
22
SIM5
SIM1
SIM2
SIM3
SIM4
1
21
22
SIM5
SIM1
SIM2
SIM3
SIM4
1
21
22
SIM5
SIM1
SIM2
DEBUG 1 57
SIM1
SIM2
SIM3
SIM4
1
21
22
SIM5
SIM1
SIM2
SIM3
SIM4
1
21
22
SIM5
SIM1
SIM2
SIM3
SIM4
1
21
22
SIM5
SIM1
SIM2
SIM3
SIM4
1
21
22
SIM5
SIM1
SIM2
SIM3
SIM4
1
21
22
SIM5
SIM1
SIM2
SIM3
SIM4
1
21
22
SIM5
SIM1
SIM2
SIM3
SIM4
1
21
22
SIM5
SIM1
SIM2
SIM3
SIM4
1
21
22
SIM5
SIM1
SIM2
SIM3
SIM4
1
21
22
SIM5
SIM1
SIM2
SIM3
SIM4
1
21
22
SIM5
SIM1
SIM2
SIM3
SIM4
1
21
22
SIM5
SIM1
SIM2
SIM3
SIM4
1
21
22
SIM5
SIM1
SIM2
SIM3
SIM4
1
21
22
SIM5
SIM1
SIM2
SIM3
SIM4
1
21
22
SIM5
SIM1
SIM2
SIM3
SIM4
1
21
22
SIM5
SIM1
SIM2
SIM3
SIM4
1
21
22
SIM5
SIM1
SIM2
SIM3
SIM4
1
21
22
SIM5
SIM1
SIM2
SIM3
SIM4
1
21
22
SIM5
SIM1
SIM2
SIM3
SIM4
1
21
22
SIM5
SIM1
SIM2
SIM3
SIM4
1
21
22
SIM5
SIM1
SIM2
SIM3
SIM4
1
21
22
SIM5
SIM1
SIM2
SIM3
SIM4
1
21
22
SIM5
SIM1
SIM2
SIM3
SIM4
1
21
22
SIM5
SIM1
SIM2
SIM3
SIM4
1
21
22
SIM5
SIM1
SIM2
SIM3
SIM4
1
21
22
SIM5
SIM1
SIM2
SIM3
SIM4
1
21
22
SIM5
SIM1
SIM2
SIM3
SIM4
1
21
22
SIM5
SIM1
SIM2
SIM3
SIM4
1
21
22
SIM5
SIM1
SIM2
SIM3
SIM4
1
21
22
SIM5
SIM1
SIM2
SIM3
SIM4
1
21
22
SIM5
SIM1
SIM2
SIM3
SIM4
1
21
22
SIM5
SIM1
SIM2
SIM3
SIM4
1
21
22
SIM5
SIM1
SIM2
SIM3
SIM4
1
21
22
SIM5
SIM1
SIM2
SIM3
SIM4
1
21
22
SIM5
SIM1
SIM2
SIM3
SIM4
1
21
22
SIM5
SIM1
SIM2
SIM3
SIM4
1
21
22
SIM5
SIM1
SIM2
SIM3
SIM4
1
21
22
SIM5
SIM1
SIM2
SIM3
SIM4
1
21
22
SIM5
SIM1
SIM2
SIM3
SIM4
1
21
22
SIM5
SIM1
SIM2
SIM3
SIM4
1
21
22
SIM5
SIM1
SIM2
SIM3
SIM4
1
21
22
SIM5
SIM1
SIM2
SIM3
SIM4
1
21
22
SIM5
SIM1
SIM2
SIM3
SIM4
1
21
22
SIM5
SIM1
SIM2
SIM3
SIM4
1
21
22
SIM5
SIM1
SIM2
SIM3
SIM4
1
21
22
SIM5
SIM1
SIM2
SIM3
SIM4
1
21
22
SIM5
SIM1
SIM2
SIM3
SIM4
1
21
22
SIM5
SIM1
SIM2
SIM3
SIM4
1
21
22
SIM5
SIM1
SIM2
SIM3
SIM4
1
21
22
SIM5
SIM1
SIM2
SIM3
SIM4
1
21
22
SIM5
SIM1
SIM2
SIM3
SIM4
1
21
22
SIM5
SIM1
SIM2
SIM3
SIM4
1
21
22
SIM5
SIM1
SIM2
SIM3
SIM4
1
21
22
SIM5
SIM1
SIM2
SIM3
SIM4
1
21
22
SIM5
SIM1
SIM2
SIM3
SIM4
1
21
22
SIM5
SIM1
SIM2
SIM3
SIM4
1
21
22
SIM5
SIM1
SIM2
SIM3
SIM4
1
21
22
SIM5
SIM1
SIM2
SIM3
SIM4
1
21
22
SIM5
SIM1
SIM2
SIM3
SIM4
1
21
22
SIM5
SIM1
SIM2
SIM3
SIM4
1
21
22
SIM5
SIM1
SIM2
SIM3
SIM4
1
21
22
SIM5
SIM1
SIM2
SIM3
SIM4
1
21
22
SIM5
SIM1
SIM2
SIM3
SIM4
1
21
22
SIM5
SIM1
SIM2
SIM3
SIM4
1
21
22
SIM5
SIM1
SIM2
SIM3
SIM4
1
21
22
SIM5
SIM1
SIM2
SIM3
SIM4
1
21
22
SIM5
SIM1
SIM2
SIM3
SIM4
1
21
22
SIM5
SIM1
SIM2
SIM3
SIM4
1
21
22
SIM5
SIM1
SIM2
SIM3
SIM4
1
21
22
SIM5
SIM1
SIM2
SIM3
SIM4
1
21
22
SIM5
SIM1
SIM2
SIM3
SIM4
1
21
22
SIM5
SIM1
SIM2
SIM3
SIM4
1
21
22
SIM5
SIM1
SIM2
SIM3
SIM4
1
21
22
SIM5
SIM1
SIM2
SIM3
SIM4
1
21
22
SIM5
SIM1
SIM2
SIM3
SIM4
1
21
22
SIM5
SIM1
SIM2
SIM3
SIM4
1
21
22
SIM5
SIM1
SIM2
SIM3
SIM4
1
21
22
SIM5
SIM1
SIM2
SIM3
SIM4
1
21
22
SIM5
SIM1
SIM2
SIM3
SIM4
1
21
22
SIM5
SIM1
SIM2
SIM3
SIM4
1
21
22
SIM5
SIM1
SIM2
SIM3
SIM4
1
21
22
SIM5
SIM1
SIM2
SIM3
SIM4
1
21
22
SIM5
SIM1
SIM2
SIM3
SIM4
1
21
22
SIM5
SIM1
SIM2
SIM3
SIM4
1
21
22
SIM5
SIM1
SIM2
SIM3
SIM4
1
21
22
SIM5
SIM1
SIM2
SIM3
SIM4
1
21
22
SIM5
SIM1
SIM2
SIM3
SIM4
1
21
22
SIM5
SIM1
SIM2
SIM3
SIM4
1
21
22
SIM5
SIM1
SIM2
SIM3
SIM4
1
21
22
SIM5
SIM1
SIM2
SIM3
SIM4
1
21
22
SIM5
SIM1
SIM2
SIM3
SIM4
1
21
22
SIM5
SIM1
SIM2
SIM3
SIM4
1
21
22
SIM5
SIM1
SIM2
SIM3
SIM4
1
21
22
SIM5
SIM1
SIM2
SIM3
SIM4
1
21
22
SIM5
SIM1
SIM2
SIM3
SIM4
1
21
22
SIM5
SIM1
SIM2
SIM3
SIM4
1
21
22
SIM5
SIM1
SIM2
SIM3
SIM4
1
21
22
SIM5
SIM1
SIM2
SIM3
SIM4
1
21
22
SIM5
SIM1
SIM2
SIM3
SIM4
1
21
22
SIM5
SIM1
SIM2
SIM3
SIM4
1
21
22
SIM5
SIM1
SIM2
SIM3
SIM4
1
21
22
SIM5
SIM1
SIM2
SIM3
SIM4
1
21
22
SIM5
SIM1
SIM2
SIM3
SIM4
1
21
22
SIM5
SIM1
SIM2
SIM3
SIM4
1
21
22
SIM5
SIM1
SIM2
SIM3
SIM4
1
21
22
SIM5
SIM1
SIM2
SIM3
SIM4
1
21
22
SIM5
SIM1
SIM2
SIM3
SIM4
1
21
22
SIM5
SIM1
SIM2
SIM3
SIM4
1
21
22
SIM5
SIM1
SIM2
SIM3
SIM4
1
21
22
SIM5
SIM1
SIM2
SIM3
SIM4
1
21
22
SIM5
SIM1
SIM2
SIM3
SIM4
1
21
22
SIM5
SIM1
SIM2
SIM3
SIM4
1
21
22
SIM5
SIM1
SIM2
SIM3
SIM4
1
21
22
SIM5
SIM1
SIM2
SIM3
SIM4
1
21
22
SIM5
SIM1
SIM2
SIM3
SIM4
1
21
22
SIM5
SIM1
SIM2
SIM3
SIM4
1
21
22
SIM5
SIM1
SIM2
SIM3
SIM4
1
21
22
SIM5
SIM1
SIM2
SIM3
SIM4
1
21
22
SIM5
SIM1
SIM2
SIM3
SIM4
1
21
22
SIM5
SIM1
SIM2
SIM3
SIM4
1
21
22
SIM5
SIM1
SIM2
SIM3
SIM4
1
21
22
SIM5
SIM1
SIM2
SIM3
SIM4
1
21
22
SIM5
SIM1
SIM2
SIM3
SIM4
1
21
22
SIM5
SIM1
SIM2
SIM3
SIM4
1
21
22
SIM5
SIM1
SIM2
SIM3
SIM4
1
21
22
SIM5
SIM1
SIM2
SIM3
SIM4
1
21
22
SIM5
SIM1
SIM2
SIM3
SIM4
1
21
22
SIM5
SIM1
SIM2
SIM3
SIM4
1
21
22
SIM5
SIM1
SIM2
SIM3
SIM4
1
21
22
SIM5
SIM1
SIM2
SIM3
SIM4
1
21
22
SIM5
SIM1
SIM2
SIM3
SIM4
1
21
22
SIM5
SIM1
SIM2
SIM3
SIM4
1
21
22
SIM5
SIM1
SIM2
SIM3
SIM4
1
21
22
SIM5
SIM1
SIM2
SIM3
SIM4
1
21
22
SIM5
SIM1
SIM2
SIM3
SIM4
1
21
22
SIM5
SIM1
SIM2
SIM3
SIM4
1
21
22
SIM5
SIM1
SIM2
SIM3
SIM4
1
21
22
SIM5
SIM1
SIM2
SIM3
SIM4
1
21
22
SIM5
SIM1
SIM2
SIM3
SIM4
1
21
22
SIM5
SIM1
SIM2
SIM3
SIM4
1
21
22
SIM5
SIM1
SIM2
SIM3
SIM4
1
21
22
SIM5
SIM1
SIM2
SIM3
SIM4
1
21
22
SIM5
SIM1
SIM2
SIM3
SIM4
1
21
22
SIM5
SIM1
SIM2
SIM3
SIM4
1
21
22
SIM5
SIM1
SIM2
SIM3
SIM4
1
21
22
SIM5
SIM1
SIM2
SIM3
SIM4
1
21
22
SIM5
SIM1
SIM2
SIM3
SIM4
1
21
22
SIM5
SIM1
SIM2
SIM3
SIM4
1
21
22
SIM5
SIM1
SIM2
SIM3
SIM4
1
21
22
SIM5
SIM1
SIM2
SIM3
SIM4
1
21
22
SIM5
SIM1
SIM2
SIM3
SIM4
1
21
22
SIM5
SIM1
SIM2
SIM3
SIM4
1
21
22
SIM5
SIM1
SIM2
SIM3
SIM4
1
21
22
SIM5
SIM1
SIM2
SIM3
SIM4
1
21
22
SIM5
SIM1
SIM2
SIM3
SIM4
1
21
22
SIM5
SIM1
SIM2
SIM3
SIM4
1
21
22
SIM5
SIM1
SIM2
SIM3
SIM4
1
21
22
SIM5
SIM1
SIM2
SIM3
SIM4
1
21
22
SIM5
SIM1
SIM2
DEBUG 1 58
SIM1
SIM2
SIM3
SIM4
1
21
22
SIM5
SIM1
SIM2
SIM3
SIM4
1
21
22
SIM5
SIM1
SIM2
SIM3
SIM4
1
21
22
SIM5
SIM1
SIM2
SIM3
SIM4
1
21
22
SIM5
SIM1
SIM2
SIM3
SIM4
1
21
22
SIM5
SIM1
SIM2
SIM3
SIM4
1
21
22
SIM5
SIM1
SIM2
SIM3
SIM4
1
21
22
SIM5
SIM1
SIM2
SIM3
SIM4
1
21
22
SIM5
SIM1
SIM2
SIM3
SIM4
1
21
22
SIM5
SIM1
SIM2
SIM3
SIM4
1
21
22
SIM5
SIM1
SIM2
SIM3
SIM4
1
21
22
SIM5
SIM1
SIM2
SIM3
SIM4
1
21
22
SIM5
SIM1
SIM2
SIM3
SIM4
1
21
22
SIM5
SIM1
SIM2
SIM3
SIM4
1
21
22
SIM5
SIM1
SIM2
SIM3
SIM4
1
21
22
SIM5
SIM1
SIM2
SIM3
SIM4
1
21
22
SIM5
SIM1
SIM2
SIM3
SIM4
1
21
22
SIM5
SIM1
SIM2
SIM3
SIM4
1
21
22
SIM5
SIM1
SIM2
SIM3
SIM4
1
21
22
SIM5
SIM1
SIM2
SIM3
SIM4
1
21
22
SIM5
SIM1
SIM2
SIM3
SIM4
1
21
22
SIM5
SIM1
SIM2
SIM3
SIM4
1
21
22
SIM5
SIM1
SIM2
SIM3
SIM4
1
21
22
SIM5
SIM1
SIM2
SIM3
SIM4
1
21
22
SIM5
SIM1
SIM2
SIM3
SIM4
1
21
22
SIM5
SIM1
SIM2
SIM3
SIM4
1
21
22
SIM5
SIM1
SIM2
SIM3
SIM4
1
21
22
SIM5
SIM1
SIM2
SIM3
SIM4
1
21
22
SIM5
SIM1
SIM2
SIM3
SIM4
1
21
22
SIM5
SIM1
SIM2
SIM3
SIM4
1
21
22
SIM5
SIM1
SIM2
SIM3
SIM4
1
21
22
SIM5
SIM1
SIM2
SIM3
SIM4
1
21
22
SIM5
SIM1
SIM2
SIM3
SIM4
1
21
22
SIM5
SIM1
SIM2
SIM3
SIM4
1
21
22
SIM5
SIM1
SIM2
SIM3
SIM4
1
21
22
SIM5
SIM1
SIM2
SIM3
SIM4
1
21
22
SIM5
SIM1
SIM2
SIM3
SIM4
1
21
22
SIM5
SIM1
SIM2
SIM3
SIM4
1
21
22
SIM5
SIM1
SIM2
SIM3
SIM4
1
21
22
SIM5
SIM1
SIM2
SIM3
SIM4
1
21
22
SIM5
SIM1
SIM2
SIM3
SIM4
1
21
22
SIM5
SIM1
SIM2
SIM3
SIM4
1
21
22
SIM5
SIM1
SIM2
SIM3
SIM4
1
21
22
SIM5
SIM1
SIM2
SIM3
SIM4
1
21
22
SIM5
SIM1
SIM2
SIM3
SIM4
1
21
22
SIM5
SIM1
SIM2
SIM3
SIM4
1
21
22
SIM5
SIM1
SIM2
SIM3
SIM4
1
21
22
SIM5
SIM1
SIM2
SIM3
SIM4
1
21
22
SIM5
SIM1
SIM2
SIM3
SIM4
1
21
22
SIM5
SIM1
SIM2
SIM3
SIM4
1
21
22
SIM5
SIM1
SIM2
SIM3
SIM4
1
21
22
SIM5
SIM1
SIM2
SIM3
SIM4
1
21
22
SIM5
SIM1
SIM2
SIM3
SIM4
1
21
22
SIM5
SIM1
SIM2
SIM3
SIM4
1
21
22
SIM5
SIM1
SIM2
SIM3
SIM4
1
21
22
SIM5
SIM1
SIM2
SIM3
SIM4
1
21
22
SIM5
SIM1
SIM2
SIM3
SIM4
1
21
22
SIM5
SIM1
SIM2
SIM3
SIM4
1
21
22
SIM5
SIM1
SIM2
SIM3
SIM4
1
21
22
SIM5
SIM1
SIM2
SIM3
SIM4
1
21
22
SIM5
SIM1
SIM2
SIM3
SIM4
1
21
22
SIM5
SIM1
SIM2
SIM3
SIM4
1
21
22
SIM5
SIM1
SIM2
SIM3
SIM4
1
21
22
SIM5
SIM1
SIM2
SIM3
SIM4
1
21
22
SIM5
SIM1
SIM2
SIM3
SIM4
1
21
22
SIM5
SIM1
SIM2
SIM3
SIM4
1
21
22
SIM5
SIM1
SIM2
SIM3
SIM4
1
21
22
SIM5
SIM1
SIM2
SIM3
SIM4
1
21
22
SIM5
SIM1
SIM2
SIM3
SIM4
1
21
22
SIM5
SIM1
SIM2
SIM3
SIM4
1
21
22
SIM5
SIM1
SIM2
SIM3
SIM4
1
21
22
SIM5
SIM1
SIM2
SIM3
SIM4
1
21
22
SIM5
SIM1
SIM2
SIM3
SIM4
1
21
22
SIM5
SIM1
SIM2
SIM3
SIM4
1
21
22
SIM5
SIM1
SIM2
SIM3
SIM4
1
21
22
SIM5
SIM1
SIM2
SIM3
SIM4
1
21
22
SIM5
SIM1
SIM2
SIM3
SIM4
1
21
22
SIM5
SIM1
SIM2
SIM3
SIM4
1
21
22
SIM5
SIM1
SIM2
SIM3
SIM4
1
21
22
SIM5
SIM1
SIM2
SIM3
SIM4
1
21
22
SIM5
SIM1
SIM2
SIM3
SIM4
1
21
22
SIM5
SIM1
SIM2
SIM3
SIM4
1
21
22
SIM5
SIM1
SIM2
SIM3
SIM4
1
21
22
SIM5
SIM1
SIM2
SIM3
SIM4
1
21
22
SIM5
SIM1
SIM2
SIM3
SIM4
1
21
22
SIM5
SIM1
SIM2
SIM3
SIM4
1
21
22
SIM5
SIM1
SIM2
SIM3
SIM4
1
21
22
SIM5
SIM1
SIM2
SIM3
SIM4
1
21
22
SIM5
SIM1
SIM2
SIM3
SIM4
1
21
22
SIM5
SIM1
SIM2
SIM3
SIM4
1
21
22
SIM5
SIM1
SIM2
SIM3
SIM4
1
21
22
SIM5
SIM1
SIM2
SIM3
SIM4
1
21
22
SIM5
SIM1
SIM2
SIM3
SIM4
1
21
22
SIM5
SIM1
SIM2
SIM3
SIM4
1
21
22
SIM5
SIM1
SIM2
SIM3
SIM4
1
21
22
SIM5
SIM1
SIM2
SIM3
SIM4
1
21
22
SIM5
SIM1
SIM2
SIM3
SIM4
1
21
22
SIM5
SIM1
SIM2
SIM3
SIM4
1
21
22
SIM5
SIM1
SIM2
SIM3
SIM4
1
21
22
SIM5
SIM1
SIM2
SIM3
SIM4
1
21
22
SIM5
SIM1
SIM2
SIM3
SIM4
1
21
22
SIM5
SIM1
SIM2
SIM3
SIM4
1
21
22
SIM5
SIM1
SIM2
SIM3
SIM4
1
21
22
SIM5
SIM1
SIM2
SIM3
SIM4
1
21
22
SIM5
SIM1
SIM2
SIM3
SIM4
1
21
22
SIM5
SIM1
SIM2
SIM3
SIM4
1
21
22
SIM5
SIM1
SIM2
SIM3
SIM4
1
21
22
SIM5
SIM1
SIM2
SIM3
SIM4
1
21
22
SIM5
SIM1
SIM2
SIM3
SIM4
1
21
22
SIM5
SIM1
SIM2
SIM3
SIM4
1
21
22
SIM5
SIM1
SIM2
SIM3
SIM4
1
21
22
SIM5
SIM1
SIM2
SIM3
SIM4
1
21
22
SIM5
SIM1
SIM2
SIM3
SIM4
1
21
22
SIM5
SIM1
SIM2
SIM3
SIM4
1
21
22
SIM5
SIM1
SIM2
SIM3
SIM4
1
21
22
SIM5
SIM1
SIM2
SIM3
SIM4
1
21
22
SIM5
SIM1
SIM2
SIM3
SIM4
1
21
22
SIM5
SIM1
SIM2
SIM3
SIM4
1
21
22
SIM5
SIM1
SIM2
SIM3
SIM4
1
21
22
SIM5
SIM1
SIM2
SIM3
SIM4
1
21
22
SIM5
SIM1
SIM2
SIM3
SIM4
1
21
22
SIM5
SIM1
SIM2
SIM3
SIM4
1
21
22
SIM5
SIM1
SIM2
SIM3
SIM4
1
21
22
SIM5
SIM1
SIM2
SIM3
SIM4
1
21
22
SIM5
SIM1
SIM2
SIM3
SIM4
1
21
22
SIM5
SIM1
SIM2
SIM3
SIM4
1
21
22
SIM5
SIM1
SIM2
SIM3
SIM4
1
21
22
SIM5
SIM1
SIM2
SIM3
SIM4
1
21
22
SIM5
SIM1
SIM2
SIM3
SIM4
1
21
22
SIM5
SIM1
SIM2
SIM3
SIM4
1
21
22
SIM5
SIM1
SIM2
SIM3
SIM4
1
21
22
SIM5
SIM1
SIM2
SIM3
SIM4
1
21
22
SIM5
SIM1
SIM2
SIM3
SIM4
1
21
22
SIM5
SIM1
SIM2
SIM3
SIM4
1
21
22
SIM5
SIM1
SIM2
SIM3
SIM4
1
21
22
SIM5
SIM1
SIM2
SIM3
SIM4
1
21
22
SIM5
SIM1
SIM2
SIM3
SIM4
1
21
22
SIM5
SIM1
SIM2
SIM3
SIM4
1
21
22
SIM5
SIM1
SIM2
SIM3
SIM4
1
21
22
SIM5
SIM1
SIM2
SIM3
SIM4
1
21
22
SIM5
SIM1
SIM2
SIM3
SIM4
1
21
22
SIM5
SIM1
SIM2
SIM3
SIM4
1
21
22
SIM5
SIM1
SIM2
SIM3
SIM4
1
21
22
SIM5
SIM1
SIM2
SIM3
SIM4
1
21
22
SIM5
SIM1
SIM2
SIM3
SIM4
1
21
22
SIM5
SIM1
SIM2
SIM3
SIM4
1
21
22
SIM5
SIM1
SIM2
SIM3
SIM4
1
21
22
SIM5
SIM1
SIM2
SIM3
SIM4
1
21
22
SIM5
SIM1
SIM2
SIM3
SIM4
1
21
22
SIM5
SIM1
SIM2
SIM3
SIM4
1
21
22
SIM5
SIM1
SIM2
SIM3
SIM4
1
21
22
SIM5
SIM1
SIM2
SIM3
SIM4
1
21
22
SIM5
SIM1
SIM2
SIM3
SIM4
1
21
22
SIM5
SIM1
SIM2
SIM3
SIM4
1
21
22
SIM5
SIM1
SIM2
SIM3
SIM4
1
21
22
SIM5
SIM1
SIM2
SIM3
SIM4
1
21
22
SIM5
SIM1
SIM2
SIM3
SIM4
1
21
22
SIM5
SIM1
SIM2
SIM3
SIM4
1
21
22
SIM5
SIM1
SIM2
SIM3
SIM4
1
21
22
SIM5
SIM1
SIM2
SIM3
SIM4
1
21
22
SIM5
SIM1
SIM2
SIM3
SIM4
1
21
22
SIM5
SIM1
SIM2
SIM3
SIM4
1
21
22
SIM5
SIM1
SIM2
DEBUG 1 59
SIM1
SIM2
SIM3
SIM4
1
21
22
SIM5
SIM1
SIM2
SIM3
SIM4
1
21
22
SIM5
SIM1
SIM2
SIM3
SIM4
1
21
22
SIM5
SIM1
SIM2
SIM3
SIM4
1
21
22
SIM5
SIM1
SIM2
SIM3
SIM4
1
21
22
SIM5
SIM1
SIM2
SIM3
SIM4
1
21
22
SIM5
SIM1
SIM2
SIM3
SIM4
1
21
22
SIM5
SIM1
SIM2
SIM3
SIM4
1
21
22
SIM5
SIM1
SIM2
SIM3
SIM4
1
21
22
SIM5
SIM1
SIM2
SIM3
SIM4
1
21
22
SIM5
SIM1
SIM2
SIM3
SIM4
1
21
22
SIM5
SIM1
SIM2
SIM3
SIM4
1
21
22
SIM5
SIM1
SIM2
SIM3
SIM4
1
21
22
SIM5
SIM1
SIM2
SIM3
SIM4
1
21
22
SIM5
SIM1
SIM2
SIM3
SIM4
1
21
22
SIM5
SIM1
SIM2
SIM3
SIM4
1
21
22
SIM5
SIM1
SIM2
SIM3
SIM4
1
21
22
SIM5
SIM1
SIM2
SIM3
SIM4
1
21
22
SIM5
SIM1
SIM2
SIM3
SIM4
1
21
22
SIM5
SIM1
SIM2
SIM3
SIM4
1
21
22
SIM5
SIM1
SIM2
SIM3
SIM4
1
21
22
SIM5
SIM1
SIM2
DEBUG 1 60
SIM1
SIM2
SIM3
SIM4
1
21
22
SIM5
SIM1
SIM2
SIM3
SIM4
1
21
22
SIM5
SIM1
SIM2
SIM3
SIM4
1
21
22
SIM5
SIM1
SIM2
SIM3
SIM4
1
21
22
SIM5
SIM1
SIM2
SIM3
SIM4
1
21
22
SIM5
SIM1
SIM2
SIM3
SIM4
1
21
22
SIM5
SIM1
SIM2
SIM3
SIM4
1
21
22
SIM5
SIM1
SIM2
SIM3
SIM4
1
21
22
SIM5
SIM1
SIM2
SIM3
SIM4
1
21
22
SIM5
SIM1
SIM2
SIM3
SIM4
1
21
22
SIM5
SIM1
SIM2
SIM3
SIM4
1
21
22
SIM5
SIM1
SIM2
SIM3
SIM4
1
21
22
SIM5
SIM1
SIM2
SIM3
SIM4
1
21
22
SIM5
SIM1
SIM2
SIM3
SIM4
1
21
22
SIM5
SIM1
SIM2
SIM3
SIM4
1
21
22
SIM5
SIM1
SIM2
SIM3
SIM4
1
21
22
SIM5
SIM1
SIM2
SIM3
SIM4
1
21
22
SIM5
SIM1
SIM2
SIM3
SIM4
1
21
22
SIM5
SIM1
SIM2
SIM3
SIM4
1
21
22
SIM5
SIM1
SIM2
SIM3
SIM4
1
21
22
SIM5
SIM1
SIM2
SIM3
SIM4
1
21
22
SIM5
SIM1
SIM2
SIM3
SIM4
1
21
22
SIM5
SIM1
SIM2
SIM3
SIM4
1
21
22
SIM5
SIM1
SIM2
SIM3
SIM4
1
21
22
SIM5
SIM1
SIM2
SIM3
SIM4
1
21
22
SIM5
SIM1
SIM2
SIM3
SIM4
1
21
22
SIM5
SIM1
SIM2
SIM3
SIM4
1
21
22
SIM5
SIM1
SIM2
SIM3
SIM4
1
21
22
SIM5
SIM1
SIM2
SIM3
SIM4
1
21
22
SIM5
SIM1
SIM2
SIM3
SIM4
1
21
22
SIM5
SIM1
SIM2
SIM3
SIM4
1
21
22
SIM5
SIM1
SIM2
SIM3
SIM4
1
21
22
SIM5
SIM1
SIM2
SIM3
SIM4
1
21
22
SIM5
SIM1
SIM2
SIM3
SIM4
1
21
22
SIM5
SIM1
SIM2
SIM3
SIM4
1
21
22
SIM5
SIM1
SIM2
SIM3
SIM4
1
21
22
SIM5
SIM1
SIM2
SIM3
SIM4
1
21
22
SIM5
SIM1
SIM2
SIM3
SIM4
1
21
22
SIM5
SIM1
SIM2
SIM3
SIM4
1
21
22
SIM5
SIM1
SIM2
SIM3
SIM4
1
21
22
SIM5
SIM1
SIM2
SIM3
SIM4
1
21
22
SIM5
SIM1
SIM2
SIM3
SIM4
1
21
22
SIM5
SIM1
SIM2
SIM3
SIM4
1
21
22
SIM5
SIM1
SIM2
SIM3
SIM4
1
21
22
SIM5
SIM1
SIM2
SIM3
SIM4
1
21
22
SIM5
SIM1
SIM2
SIM3
SIM4
1
21
22
SIM5
SIM1
SIM2
SIM3
SIM4
1
21
22
SIM5
SIM1
SIM2
SIM3
SIM4
1
21
22
SIM5
SIM1
SIM2
SIM3
SIM4
1
21
22
SIM5
SIM1
SIM2
SIM3
SIM4
1
21
22
SIM5
SIM1
SIM2
SIM3
SIM4
1
21
22
SIM5
SIM1
SIM2
SIM3
SIM4
1
21
22
SIM5
SIM1
SIM2
SIM3
SIM4
1
21
22
SIM5
SIM1
SIM2
SIM3
SIM4
1
21
22
SIM5
SIM1
SIM2
SIM3
SIM4
1
21
22
SIM5
SIM1
SIM2
SIM3
SIM4
1
21
22
SIM5
SIM1
SIM2
SIM3
SIM4
1
21
22
SIM5
SIM1
SIM2
SIM3
SIM4
1
21
22
SIM5
SIM1
SIM2
SIM3
SIM4
1
21
22
SIM5
SIM1
SIM2
SIM3
SIM4
1
21
22
SIM5
SIM1
SIM2
SIM3
SIM4
1
21
22
SIM5
SIM1
SIM2
SIM3
SIM4
1
21
22
SIM5
SIM1
SIM2
SIM3
SIM4
1
21
22
SIM5
SIM1
SIM2
SIM3
SIM4
1
21
22
SIM5
SIM1
SIM2
SIM3
SIM4
1
21
22
SIM5
SIM1
SIM2
SIM3
SIM4
1
21
22
SIM5
SIM1
SIM2
SIM3
SIM4
1
21
22
SIM5
SIM1
SIM2
SIM3
SIM4
1
21
22
SIM5
SIM1
SIM2
SIM3
SIM4
1
21
22
SIM5
SIM1
SIM2
SIM3
SIM4
1
21
22
SIM5
SIM1
SIM2
SIM3
SIM4
1
21
22
SIM5
SIM1
SIM2
SIM3
SIM4
1
21
22
SIM5
SIM1
SIM2
SIM3
SIM4
1
21
22
SIM5
SIM1
SIM2
SIM3
SIM4
1
21
22
SIM5
SIM1
SIM2
SIM3
SIM4
1
21
22
SIM5
SIM1
SIM2
SIM3
SIM4
1
21
22
SIM5
SIM1
SIM2
SIM3
SIM4
1
21
22
SIM5
SIM1
SIM2
SIM3
SIM4
1
21
22
SIM5
SIM1
SIM2
SIM3
SIM4
1
21
22
SIM5
SIM1
SIM2
SIM3
SIM4
1
21
22
SIM5
SIM1
SIM2
SIM3
SIM4
1
21
22
SIM5
SIM1
SIM2
SIM3
SIM4
1
21
22
SIM5
SIM1
SIM2
SIM3
SIM4
1
21
22
SIM5
SIM1
SIM2
SIM3
SIM4
1
21
22
SIM5
SIM1
SIM2
SIM3
SIM4
1
21
22
SIM5
SIM1
SIM2
SIM3
SIM4
1
21
22
SIM5
SIM1
SIM2
SIM3
SIM4
1
21
22
SIM5
SIM1
SIM2
SIM3
SIM4
1
21
22
SIM5
SIM1
SIM2
SIM3
SIM4
1
21
22
SIM5
SIM1
SIM2
SIM3
SIM4
1
21
22
SIM5
SIM1
SIM2
SIM3
SIM4
1
21
22
SIM5
SIM1
SIM2
SIM3
SIM4
1
21
22
SIM5
SIM1
SIM2
SIM3
SIM4
1
21
22
SIM5
SIM1
SIM2
SIM3
SIM4
1
21
22
SIM5
SIM1
SIM2
SIM3
SIM4
1
21
22
SIM5
SIM1
SIM2
SIM3
SIM4
1
21
22
SIM5
SIM1
SIM2
SIM3
SIM4
1
21
22
SIM5
SIM1
SIM2
SIM3
SIM4
1
21
22
SIM5
SIM1
SIM2
SIM3
SIM4
1
21
22
SIM5
SIM1
SIM2
SIM3
SIM4
1
21
22
SIM5
SIM1
SIM2
SIM3
SIM4
1
21
22
SIM5
SIM1
SIM2
SIM3
SIM4
1
21
22
SIM5
SIM1
SIM2
SIM3
SIM4
1
21
22
SIM5
SIM1
SIM2
SIM3
SIM4
1
21
22
SIM5
SIM1
SIM2
SIM3
SIM4
1
21
22
SIM5
SIM1
SIM2
SIM3
SIM4
1
21
22
SIM5
SIM1
SIM2
SIM3
SIM4
1
21
22
SIM5
SIM1
SIM2
SIM3
SIM4
1
21
22
SIM5
SIM1
SIM2
SIM3
SIM4
1
21
22
SIM5
SIM1
SIM2
SIM3
SIM4
1
21
22
SIM5
SIM1
SIM2
SIM3
SIM4
1
21
22
SIM5
SIM1
SIM2
SIM3
SIM4
1
21
22
SIM5
SIM1
SIM2
SIM3
SIM4
1
21
22
SIM5
SIM1
SIM2
SIM3
SIM4
1
21
22
SIM5
SIM1
SIM2
SIM3
SIM4
1
21
22
SIM5
SIM1
SIM2
SIM3
SIM4
1
21
22
SIM5
SIM1
SIM2
SIM3
SIM4
1
21
22
SIM5
SIM1
SIM2
SIM3
SIM4
1
21
22
SIM5
SIM1
SIM2
SIM3
SIM4
1
21
22
SIM5
SIM1
SIM2
SIM3
SIM4
1
21
22
SIM5
SIM1
SIM2
SIM3
SIM4
1
21
22
SIM5
SIM1
SIM2
SIM3
SIM4
1
21
22
SIM5
SIM1
SIM2
SIM3
SIM4
1
21
22
SIM5
SIM1
SIM2
SIM3
SIM4
1
21
22
SIM5
SIM1
SIM2
SIM3
SIM4
1
21
22
SIM5
SIM1
SIM2
SIM3
SIM4
1
21
22
SIM5
SIM1
SIM2
SIM3
SIM4
1
21
22
SIM5
SIM1
SIM2
SIM3
SIM4
1
21
22
SIM5
SIM1
SIM2
SIM3
SIM4
1
21
22
SIM5
SIM1
SIM2
SIM3
SIM4
1
21
22
SIM5
SIM1
SIM2
SIM3
SIM4
1
21
22
SIM5
SIM1
SIM2
SIM3
SIM4
1
21
22
SIM5
SIM1
SIM2
SIM3
SIM4
1
21
22
SIM5
SIM1
SIM2
SIM3
SIM4
1
21
22
SIM5
SIM1
SIM2
SIM3
SIM4
1
21
22
SIM5
SIM1
SIM2
SIM3
SIM4
1
21
22
SIM5
SIM1
SIM2
SIM3
SIM4
1
21
22
SIM5
SIM1
SIM2
SIM3
SIM4
1
21
22
SIM5
SIM1
SIM2
SIM3
SIM4
1
21
22
SIM5
SIM1
SIM2
SIM3
SIM4
1
21
22
SIM5
SIM1
SIM2
SIM3
SIM4
1
21
22
SIM5
SIM1
SIM2
SIM3
SIM4
1
21
22
SIM5
SIM1
SIM2
SIM3
SIM4
1
21
22
SIM5
SIM1
SIM2
SIM3
SIM4
1
21
22
SIM5
SIM1
SIM2
SIM3
SIM4
1
21
22
SIM5
SIM1
SIM2
SIM3
SIM4
1
21
22
SIM5
SIM1
SIM2
SIM3
SIM4
1
21
22
SIM5
SIM1
SIM2
SIM3
SIM4
1
21
22
SIM5
SIM1
SIM2
SIM3
SIM4
1
21
22
SIM5
SIM1
SIM2
SIM3
SIM4
1
21
22
SIM5
SIM1
SIM2
SIM3
SIM4
1
21
22
SIM5
SIM1
SIM2
SIM3
SIM4
1
21
22
SIM5
SIM1
SIM2
SIM3
SIM4
1
21
22
SIM5
SIM1
SIM2
SIM3
SIM4
1
21
22
SIM5
SIM1
SIM2
SIM3
SIM4
1
21
22
SIM5
SIM1
SIM2
SIM3
SIM4
1
21
22
SIM5
SIM1
SIM2
SIM3
SIM4
1
21
22
SIM5
SIM1
SIM2
SIM3
SIM4
1
21
22
SIM5
SIM1
SIM2
SIM3
SIM4
1
21
22
SIM5
SIM1
SIM2
SIM3
SIM4
1
21
22
SIM5
SIM1
SIM2
SIM3
SIM4
1
21
22
SIM5
SIM1
SIM2
SIM3
SIM4
1
21
22
SIM5
SIM1
SIM2
SIM3
SIM4
1
21
22
SIM5
SIM1
SIM2
SIM3
SIM4
1
21
22
SIM5
SIM1
SIM2
SIM3
SIM4
1
21
22
SIM5
SIM1
SIM2
SIM3
SIM4
1
21
22
SIM5
SIM1
SIM2
SIM3
SIM4
1
21
22
SIM5
SIM1
SIM2
SIM3
SIM4
1
21
22
SIM5
SIM1
SIM2
SIM3
SIM4
1
21
22
SIM5
SIM1
SIM2
SIM3
SIM4
1
21
22
SIM5
SIM1
SIM2
SIM3
SIM4
1
21
22
SIM5
SIM1
SIM2
SIM3
SIM4
1
21
22
SIM5
SIM1
SIM2
SIM3
SIM4
1
21
22
SIM5
SIM1
SIM2
SIM3
SIM4
1
21
22
SIM5
SIM1
SIM2
SIM3
SIM4
1
21
22
SIM5
SIM1
SIM2
SIM3
SIM4
1
21
22
SIM5
SIM1
SIM2
SIM3
SIM4
1
21
22
SIM5
SIM1
SIM2
SIM3
SIM4
1
21
22
SIM5
SIM1
SIM2
SIM3
SIM4
1
21
22
SIM5
SIM1
SIM2
SIM3
SIM4
1
21
22
SIM5
SIM1
SIM2
SIM3
SIM4
1
21
22
SIM5
SIM1
SIM2
SIM3
SIM4
1
21
22
SIM5
SIM1
SIM2
SIM3
SIM4
1
21
22
SIM5
SIM1
SIM2
SIM3
SIM4
1
21
22
SIM5
SIM1
SIM2
SIM3
SIM4
1
21
22
SIM5
SIM1
SIM2
SIM3
SIM4
1
21
22
SIM5
SIM1
SIM2
SIM3
SIM4
1
21
22
SIM5
SIM1
SIM2
SIM3
SIM4
1
21
22
SIM5
SIM1
SIM2
SIM3
SIM4
1
21
22
SIM5
SIM1
SIM2
SIM3
SIM4
1
21
22
SIM5
SIM1
SIM2
SIM3
SIM4
1
21
22
SIM5
SIM1
SIM2
SIM3
SIM4
1
21
22
SIM5
SIM1
SIM2
SIM3
SIM4
1
21
22
SIM5
SIM1
SIM2
SIM3
SIM4
1
21
22
SIM5
SIM1
SIM2
SIM3
SIM4
1
21
22
SIM5
SIM1
SIM2
SIM3
SIM4
1
21
22
SIM5
SIM1
SIM2
SIM3
SIM4
1
21
22
SIM5
SIM1
SIM2
SIM3
SIM4
1
21
22
SIM5
SIM1
SIM2
SIM3
SIM4
1
21
22
SIM5
SIM1
SIM2
SIM3
SIM4
1
21
22
SIM5
SIM1
SIM2
SIM3
SIM4
1
21
22
SIM5
SIM1
SIM2
SIM3
SIM4
1
21
22
SIM5
SIM1
SIM2
DEBUG 1 61
SIM1
SIM2
SIM3
SIM4
1
21
22
SIM5
SIM1
SIM2
SIM3
SIM4
1
21
22
SIM5
SIM1
SIM2
SIM3
SIM4
1
21
22
SIM5
SIM1
SIM2
SIM3
SIM4
1
21
22
SIM5
SIM1
SIM2
SIM3
SIM4
1
21
22
SIM5
SIM1
SIM2
SIM3
SIM4
1
21
22
SIM5
SIM1
SIM2
SIM3
SIM4
1
21
22
SIM5
SIM1
SIM2
SIM3
SIM4
1
21
22
SIM5
SIM1
SIM2
SIM3
SIM4
1
21
22
SIM5
SIM1
SIM2
SIM3
SIM4
1
21
22
SIM5
SIM1
SIM2
SIM3
SIM4
1
21
22
SIM5
SIM1
SIM2
SIM3
SIM4
1
21
22
SIM5
SIM1
SIM2
SIM3
SIM4
1
21
22
SIM5
SIM1
SIM2
SIM3
SIM4
1
21
22
SIM5
SIM1
SIM2
SIM3
SIM4
1
21
22
SIM5
SIM1
SIM2
SIM3
SIM4
1
21
22
SIM5
SIM1
SIM2
SIM3
SIM4
1
21
22
SIM5
SIM1
SIM2
SIM3
SIM4
1
21
22
SIM5
SIM1
SIM2
SIM3
SIM4
1
21
22
SIM5
SIM1
SIM2
SIM3
SIM4
1
21
22
SIM5
SIM1
SIM2
SIM3
SIM4
1
21
22
SIM5
SIM1
SIM2
SIM3
SIM4
1
21
22
SIM5
SIM1
SIM2
SIM3
SIM4
1
21
22
SIM5
SIM1
SIM2
SIM3
SIM4
1
21
22
SIM5
SIM1
SIM2
SIM3
SIM4
1
21
22
SIM5
SIM1
SIM2
SIM3
SIM4
1
21
22
SIM5
SIM1
SIM2
SIM3
SIM4
1
21
22
SIM5
SIM1
SIM2
SIM3
SIM4
1
21
22
SIM5
SIM1
SIM2
SIM3
SIM4
1
21
22
SIM5
SIM1
SIM2
SIM3
SIM4
1
21
22
SIM5
SIM1
SIM2
SIM3
SIM4
1
21
22
SIM5
SIM1
SIM2
SIM3
SIM4
1
21
22
SIM5
SIM1
SIM2
SIM3
SIM4
1
21
22
SIM5
SIM1
SIM2
SIM3
SIM4
1
21
22
SIM5
SIM1
SIM2
SIM3
SIM4
1
21
22
SIM5
SIM1
SIM2
SIM3
SIM4
1
21
22
SIM5
SIM1
SIM2
SIM3
SIM4
1
21
22
SIM5
SIM1
SIM2
SIM3
SIM4
1
21
22
SIM5
SIM1
SIM2
SIM3
SIM4
1
21
22
SIM5
SIM1
SIM2
SIM3
SIM4
1
21
22
SIM5
SIM1
SIM2
SIM3
SIM4
1
21
22
SIM5
SIM1
SIM2
SIM3
SIM4
1
21
22
SIM5
SIM1
SIM2
SIM3
SIM4
1
21
22
SIM5
SIM1
SIM2
SIM3
SIM4
1
21
22
SIM5
SIM1
SIM2
SIM3
SIM4
1
21
22
SIM5
SIM1
SIM2
SIM3
SIM4
1
21
22
SIM5
SIM1
SIM2
SIM3
SIM4
1
21
22
SIM5
SIM1
SIM2
SIM3
SIM4
1
21
22
SIM5
SIM1
SIM2
SIM3
SIM4
1
21
22
SIM5
SIM1
SIM2
SIM3
SIM4
1
21
22
SIM5
SIM1
SIM2
SIM3
SIM4
1
21
22
SIM5
SIM1
SIM2
SIM3
SIM4
1
21
22
SIM5
SIM1
SIM2
SIM3
SIM4
1
21
22
SIM5
SIM1
SIM2
SIM3
SIM4
1
21
22
SIM5
SIM1
SIM2
SIM3
SIM4
1
21
22
SIM5
SIM1
SIM2
SIM3
SIM4
1
21
22
SIM5
SIM1
SIM2
SIM3
SIM4
1
21
22
SIM5
SIM1
SIM2
SIM3
SIM4
1
21
22
SIM5
SIM1
SIM2
SIM3
SIM4
1
21
22
SIM5
SIM1
SIM2
SIM3
SIM4
1
21
22
SIM5
SIM1
SIM2
SIM3
SIM4
1
21
22
SIM5
SIM1
SIM2
SIM3
SIM4
1
21
22
SIM5
SIM1
SIM2
SIM3
SIM4
1
21
22
SIM5
SIM1
SIM2
SIM3
SIM4
1
21
22
SIM5
SIM1
SIM2
SIM3
SIM4
1
21
22
SIM5
SIM1
SIM2
SIM3
SIM4
1
21
22
SIM5
SIM1
SIM2
SIM3
SIM4
1
21
22
SIM5
SIM1
SIM2
SIM3
SIM4
1
21
22
SIM5
SIM1
SIM2
SIM3
SIM4
1
21
22
SIM5
SIM1
SIM2
SIM3
SIM4
1
21
22
SIM5
SIM1
SIM2
SIM3
SIM4
1
21
22
SIM5
SIM1
SIM2
SIM3
SIM4
1
21
22
SIM5
SIM1
SIM2
SIM3
SIM4
1
21
22
SIM5
SIM1
SIM2
SIM3
SIM4
1
21
22
SIM5
SIM1
SIM2
SIM3
SIM4
1
21
22
SIM5
SIM1
SIM2
SIM3
SIM4
1
21
22
SIM5
SIM1
SIM2
SIM3
SIM4
1
21
22
SIM5
SIM1
SIM2
SIM3
SIM4
1
21
22
SIM5
SIM1
SIM2
SIM3
SIM4
1
21
22
SIM5
SIM1
SIM2
SIM3
SIM4
1
21
22
SIM5
SIM1
SIM2
SIM3
SIM4
1
21
22
SIM5
SIM1
SIM2
SIM3
SIM4
1
21
22
SIM5
SIM1
SIM2
SIM3
SIM4
1
21
22
SIM5
SIM1
SIM2
SIM3
SIM4
1
21
22
SIM5
SIM1
SIM2
SIM3
SIM4
1
21
22
SIM5
SIM1
SIM2
SIM3
SIM4
1
21
22
SIM5
SIM1
SIM2
SIM3
SIM4
1
21
22
SIM5
SIM1
SIM2
SIM3
SIM4
1
21
22
SIM5
SIM1
SIM2
SIM3
SIM4
1
21
22
SIM5
SIM1
SIM2
SIM3
SIM4
1
21
22
SIM5
SIM1
SIM2
SIM3
SIM4
1
21
22
SIM5
SIM1
SIM2
SIM3
SIM4
1
21
22
SIM5
SIM1
SIM2
SIM3
SIM4
1
21
22
SIM5
SIM1
SIM2
SIM3
SIM4
1
21
22
SIM5
SIM1
SIM2
SIM3
SIM4
1
21
22
SIM5
SIM1
SIM2
SIM3
SIM4
1
21
22
SIM5
SIM1
SIM2
SIM3
SIM4
1
21
22
SIM5
SIM1
SIM2
SIM3
SIM4
1
21
22
SIM5
SIM1
SIM2
SIM3
SIM4
1
21
22
SIM5
SIM1
SIM2
SIM3
SIM4
1
21
22
SIM5
SIM1
SIM2
SIM3
SIM4
1
21
22
SIM5
SIM1
SIM2
SIM3
SIM4
1
21
22
SIM5
SIM1
SIM2
SIM3
SIM4
1
21
22
SIM5
SIM1
SIM2
SIM3
SIM4
1
21
22
SIM5
SIM1
SIM2
SIM3
SIM4
1
21
22
SIM5
SIM1
SIM2
SIM3
SIM4
1
21
22
SIM5
SIM1
SIM2
SIM3
SIM4
1
21
22
SIM5
SIM1
SIM2
SIM3
SIM4
1
21
22
SIM5
SIM1
SIM2
SIM3
SIM4
1
21
22
SIM5
SIM1
SIM2
DEBUG 1 62
SIM1
SIM2
SIM3
SIM4
1
21
22
SIM5
SIM1
SIM2
SIM3
SIM4
1
21
22
SIM5
SIM1
SIM2
SIM3
SIM4
1
21
22
SIM5
SIM1
SIM2
SIM3
SIM4
1
21
22
SIM5
SIM1
SIM2
SIM3
SIM4
1
21
22
SIM5
SIM1
SIM2
SIM3
SIM4
1
21
22
SIM5
SIM1
SIM2
SIM3
SIM4
1
21
22
SIM5
SIM1
SIM2
SIM3
SIM4
1
21
22
SIM5
SIM1
SIM2
SIM3
SIM4
1
21
22
SIM5
SIM1
SIM2
SIM3
SIM4
1
21
22
SIM5
SIM1
SIM2
SIM3
SIM4
1
21
22
SIM5
SIM1
SIM2
SIM3
SIM4
1
21
22
SIM5
SIM1
SIM2
SIM3
SIM4
1
21
22
SIM5
SIM1
SIM2
SIM3
SIM4
1
21
22
SIM5
SIM1
SIM2
SIM3
SIM4
1
21
22
SIM5
SIM1
SIM2
SIM3
SIM4
1
21
22
SIM5
SIM1
SIM2
SIM3
SIM4
1
21
22
SIM5
SIM1
SIM2
SIM3
SIM4
1
21
22
SIM5
SIM1
SIM2
SIM3
SIM4
1
21
22
SIM5
SIM1
SIM2
SIM3
SIM4
1
21
22
SIM5
SIM1
SIM2
SIM3
SIM4
1
21
22
SIM5
SIM1
SIM2
SIM3
SIM4
1
21
22
SIM5
SIM1
SIM2
SIM3
SIM4
1
21
22
SIM5
SIM1
SIM2
SIM3
SIM4
1
21
22
SIM5
SIM1
SIM2
SIM3
SIM4
1
21
22
SIM5
SIM1
SIM2
SIM3
SIM4
1
21
22
SIM5
SIM1
SIM2
SIM3
SIM4
1
21
22
SIM5
SIM1
SIM2
SIM3
SIM4
1
21
22
SIM5
SIM1
SIM2
SIM3
SIM4
1
21
22
SIM5
SIM1
SIM2
SIM3
SIM4
1
21
22
SIM5
SIM1
SIM2
SIM3
SIM4
1
21
22
SIM5
SIM1
SIM2
SIM3
SIM4
1
21
22
SIM5
SIM1
SIM2
SIM3
SIM4
1
21
22
SIM5
SIM1
SIM2
SIM3
SIM4
1
21
22
SIM5
SIM1
SIM2
SIM3
SIM4
1
21
22
SIM5
SIM1
SIM2
SIM3
SIM4
1
21
22
SIM5
SIM1
SIM2
SIM3
SIM4
1
21
22
SIM5
SIM1
SIM2
SIM3
SIM4
1
21
22
SIM5
SIM1
SIM2
SIM3
SIM4
1
21
22
SIM5
SIM1
SIM2
SIM3
SIM4
1
21
22
SIM5
SIM1
SIM2
SIM3
SIM4
1
21
22
SIM5
SIM1
SIM2
SIM3
SIM4
1
21
22
SIM5
SIM1
SIM2
SIM3
SIM4
1
21
22
SIM5
SIM1
SIM2
SIM3
SIM4
1
21
22
SIM5
SIM1
SIM2
SIM3
SIM4
1
21
22
SIM5
SIM1
SIM2
SIM3
SIM4
1
21
22
SIM5
SIM1
SIM2
SIM3
SIM4
1
21
22
SIM5
SIM1
SIM2
SIM3
SIM4
1
21
22
SIM5
SIM1
SIM2
SIM3
SIM4
1
21
22
SIM5
SIM1
SIM2
SIM3
SIM4
1
21
22
SIM5
SIM1
SIM2
SIM3
SIM4
1
21
22
SIM5
SIM1
SIM2
SIM3
SIM4
1
21
22
SIM5
SIM1
SIM2
SIM3
SIM4
1
21
22
SIM5
SIM1
SIM2
SIM3
SIM4
1
21
22
SIM5
SIM1
SIM2
SIM3
SIM4
1
21
22
SIM5
SIM1
SIM2
SIM3
SIM4
1
21
22
SIM5
SIM1
SIM2
SIM3
SIM4
1
21
22
SIM5
SIM1
SIM2
SIM3
SIM4
1
21
22
SIM5
SIM1
SIM2
SIM3
SIM4
1
21
22
SIM5
SIM1
SIM2
SIM3
SIM4
1
21
22
SIM5
SIM1
SIM2
SIM3
SIM4
1
21
22
SIM5
SIM1
SIM2
SIM3
SIM4
1
21
22
SIM5
SIM1
SIM2
SIM3
SIM4
1
21
22
SIM5
SIM1
SIM2
SIM3
SIM4
1
21
22
SIM5
SIM1
SIM2
SIM3
SIM4
1
21
22
SIM5
SIM1
SIM2
SIM3
SIM4
1
21
22
SIM5
SIM1
SIM2
SIM3
SIM4
1
21
22
SIM5
SIM1
SIM2
SIM3
SIM4
1
21
22
SIM5
SIM1
SIM2
SIM3
SIM4
1
21
22
SIM5
SIM1
SIM2
SIM3
SIM4
1
21
22
SIM5
SIM1
SIM2
SIM3
SIM4
1
21
22
SIM5
SIM1
SIM2
SIM3
SIM4
1
21
22
SIM5
SIM1
SIM2
SIM3
SIM4
1
21
22
SIM5
SIM1
SIM2
SIM3
SIM4
1
21
22
SIM5
SIM1
SIM2
SIM3
SIM4
1
21
22
SIM5
SIM1
SIM2
SIM3
SIM4
1
21
22
SIM5
SIM1
SIM2
SIM3
SIM4
1
21
22
SIM5
SIM1
SIM2
SIM3
SIM4
1
21
22
SIM5
SIM1
SIM2
SIM3
SIM4
1
21
22
SIM5
SIM1
SIM2
SIM3
SIM4
1
21
22
SIM5
SIM1
SIM2
SIM3
SIM4
1
21
22
SIM5
SIM1
SIM2
SIM3
SIM4
1
21
22
SIM5
SIM1
SIM2
SIM3
SIM4
1
21
22
SIM5
SIM1
SIM2
SIM3
SIM4
1
21
22
SIM5
SIM1
SIM2
SIM3
SIM4
1
21
22
SIM5
SIM1
SIM2
SIM3
SIM4
1
21
22
SIM5
SIM1
SIM2
SIM3
SIM4
1
21
22
SIM5
SIM1
SIM2
SIM3
SIM4
1
21
22
SIM5
SIM1
SIM2
SIM3
SIM4
1
21
22
SIM5
SIM1
SIM2
SIM3
SIM4
1
21
22
SIM5
SIM1
SIM2
SIM3
SIM4
1
21
22
SIM5
SIM1
SIM2
SIM3
SIM4
1
21
22
SIM5
SIM1
SIM2
SIM3
SIM4
1
21
22
SIM5
SIM1
SIM2
SIM3
SIM4
1
21
22
SIM5
SIM1
SIM2
SIM3
SIM4
1
21
22
SIM5
SIM1
SIM2
SIM3
SIM4
1
21
22
SIM5
SIM1
SIM2
SIM3
SIM4
1
21
22
SIM5
SIM1
SIM2
SIM3
SIM4
1
21
22
SIM5
SIM1
SIM2
SIM3
SIM4
1
21
22
SIM5
SIM1
SIM2
SIM3
SIM4
1
21
22
SIM5
SIM1
SIM2
SIM3
SIM4
1
21
22
SIM5
SIM1
SIM2
SIM3
SIM4
1
21
22
SIM5
SIM1
SIM2
SIM3
SIM4
1
21
22
SIM5
SIM1
SIM2
SIM3
SIM4
1
21
22
SIM5
SIM1
SIM2
SIM3
SIM4
1
21
22
SIM5
SIM1
SIM2
SIM3
SIM4
1
21
22
SIM5
SIM1
SIM2
SIM3
SIM4
1
21
22
SIM5
SIM1
SIM2
SIM3
SIM4
1
21
22
SIM5
SIM1
SIM2
SIM3
SIM4
1
21
22
SIM5
SIM1
SIM2
SIM3
SIM4
1
21
22
SIM5
SIM1
SIM2
SIM3
SIM4
1
21
22
SIM5
SIM1
SIM2
SIM3
SIM4
1
21
22
SIM5
SIM1
SIM2
SIM3
SIM4
1
21
22
SIM5
SIM1
SIM2
SIM3
SIM4
1
21
22
SIM5
SIM1
SIM2
SIM3
SIM4
1
21
22
SIM5
SIM1
SIM2
SIM3
SIM4
1
21
22
SIM5
SIM1
SIM2
SIM3
SIM4
1
21
22
SIM5
SIM1
SIM2
SIM3
SIM4
1
21
22
SIM5
SIM1
SIM2
SIM3
SIM4
1
21
22
SIM5
SIM1
SIM2
SIM3
SIM4
1
21
22
SIM5
SIM1
SIM2
SIM3
SIM4
1
21
22
SIM5
SIM1
SIM2
SIM3
SIM4
1
21
22
SIM5
SIM1
SIM2
SIM3
SIM4
1
21
22
SIM5
SIM1
SIM2
SIM3
SIM4
1
21
22
SIM5
SIM1
SIM2
SIM3
SIM4
1
21
22
SIM5
SIM1
SIM2
SIM3
SIM4
1
21
22
SIM5
SIM1
SIM2
SIM3
SIM4
1
21
22
SIM5
SIM1
SIM2
SIM3
SIM4
1
21
22
SIM5
SIM1
SIM2
SIM3
SIM4
1
21
22
SIM5
SIM1
SIM2
SIM3
SIM4
1
21
22
SIM5
SIM1
SIM2
SIM3
SIM4
1
21
22
SIM5
SIM1
SIM2
SIM3
SIM4
1
21
22
SIM5
SIM1
SIM2
SIM3
SIM4
1
21
22
SIM5
SIM1
SIM2
SIM3
SIM4
1
21
22
SIM5
SIM1
SIM2
SIM3
SIM4
1
21
22
SIM5
SIM1
SIM2
SIM3
SIM4
1
21
22
SIM5
SIM1
SIM2
SIM3
SIM4
1
21
22
SIM5
SIM1
SIM2
SIM3
SIM4
1
21
22
SIM5
SIM1
SIM2
SIM3
SIM4
1
21
22
SIM5
SIM1
SIM2
SIM3
SIM4
1
21
22
SIM5
SIM1
SIM2
SIM3
SIM4
1
21
22
SIM5
SIM1
SIM2
SIM3
SIM4
1
21
22
SIM5
SIM1
SIM2
SIM3
SIM4
1
21
22
SIM5
SIM1
SIM2
SIM3
SIM4
1
21
22
SIM5
SIM1
SIM2
SIM3
SIM4
1
21
22
SIM5
SIM1
SIM2
DEBUG 1 63
SIM1
SIM2
SIM3
SIM4
1
21
22
SIM5
SIM1
SIM2
SIM3
SIM4
1
21
22
SIM5
SIM1
SIM2
SIM3
SIM4
1
21
22
SIM5
SIM1
SIM2
SIM3
SIM4
1
21
22
SIM5
SIM1
SIM2
SIM3
SIM4
1
21
22
SIM5
SIM1
SIM2
SIM3
SIM4
1
21
22
SIM5
SIM1
SIM2
SIM3
SIM4
1
21
22
SIM5
SIM1
SIM2
SIM3
SIM4
1
21
22
SIM5
SIM1
SIM2
SIM3
SIM4
1
21
22
SIM5
SIM1
SIM2
SIM3
SIM4
1
21
22
SIM5
SIM1
SIM2
SIM3
SIM4
1
21
22
SIM5
SIM1
SIM2
SIM3
SIM4
1
21
22
SIM5
SIM1
SIM2
SIM3
SIM4
1
21
22
SIM5
SIM1
SIM2
SIM3
SIM4
1
21
22
SIM5
SIM1
SIM2
SIM3
SIM4
1
21
22
SIM5
SIM1
SIM2
SIM3
SIM4
1
21
22
SIM5
SIM1
SIM2
SIM3
SIM4
1
21
22
SIM5
SIM1
SIM2
SIM3
SIM4
1
21
22
SIM5
SIM1
SIM2
SIM3
SIM4
1
21
22
SIM5
SIM1
SIM2
SIM3
SIM4
1
21
22
SIM5
SIM1
SIM2
SIM3
SIM4
1
21
22
SIM5
SIM1
SIM2
SIM3
SIM4
1
21
22
SIM5
SIM1
SIM2
SIM3
SIM4
1
21
22
SIM5
SIM1
SIM2
SIM3
SIM4
1
21
22
SIM5
SIM1
SIM2
SIM3
SIM4
1
21
22
SIM5
SIM1
SIM2
SIM3
SIM4
1
21
22
SIM5
SIM1
SIM2
SIM3
SIM4
1
21
22
SIM5
SIM1
SIM2
SIM3
SIM4
1
21
22
SIM5
SIM1
SIM2
SIM3
SIM4
1
21
22
SIM5
SIM1
SIM2
SIM3
SIM4
1
21
22
SIM5
SIM1
SIM2
SIM3
SIM4
1
21
22
SIM5
SIM1
SIM2
SIM3
SIM4
1
21
22
SIM5
SIM1
SIM2
SIM3
SIM4
1
21
22
SIM5
SIM1
SIM2
SIM3
SIM4
1
21
22
SIM5
SIM1
SIM2
SIM3
SIM4
1
21
22
SIM5
SIM1
SIM2
SIM3
SIM4
1
21
22
SIM5
SIM1
SIM2
SIM3
SIM4
1
21
22
SIM5
SIM1
SIM2
SIM3
SIM4
1
21
22
SIM5
SIM1
SIM2
SIM3
SIM4
1
21
22
SIM5
SIM1
SIM2
SIM3
SIM4
1
21
22
SIM5
SIM1
SIM2
SIM3
SIM4
1
21
22
SIM5
SIM1
SIM2
SIM3
SIM4
1
21
22
SIM5
SIM1
SIM2
SIM3
SIM4
1
21
22
SIM5
SIM1
SIM2
SIM3
SIM4
1
21
22
SIM5
SIM1
SIM2
SIM3
SIM4
1
21
22
SIM5
SIM1
SIM2
SIM3
SIM4
1
21
22
SIM5
SIM1
SIM2
SIM3
SIM4
1
21
22
SIM5
SIM1
SIM2
SIM3
SIM4
1
21
22
SIM5
SIM1
SIM2
SIM3
SIM4
1
21
22
SIM5
SIM1
SIM2
SIM3
SIM4
1
21
22
SIM5
SIM1
SIM2
SIM3
SIM4
1
21
22
SIM5
SIM1
SIM2
SIM3
SIM4
1
21
22
SIM5
SIM1
SIM2
SIM3
SIM4
1
21
22
SIM5
SIM1
SIM2
SIM3
SIM4
1
21
22
SIM5
SIM1
SIM2
SIM3
SIM4
1
21
22
SIM5
SIM1
SIM2
SIM3
SIM4
1
21
22
SIM5
SIM1
SIM2
SIM3
SIM4
1
21
22
SIM5
SIM1
SIM2
SIM3
SIM4
1
21
22
SIM5
SIM1
SIM2
SIM3
SIM4
1
21
22
SIM5
SIM1
SIM2
SIM3
SIM4
1
21
22
SIM5
SIM1
SIM2
SIM3
SIM4
1
21
22
SIM5
SIM1
SIM2
SIM3
SIM4
1
21
22
SIM5
SIM1
SIM2
SIM3
SIM4
1
21
22
SIM5
SIM1
SIM2
SIM3
SIM4
1
21
22
SIM5
SIM1
SIM2
SIM3
SIM4
1
21
22
SIM5
SIM1
SIM2
SIM3
SIM4
1
21
22
SIM5
SIM1
SIM2
SIM3
SIM4
1
21
22
SIM5
SIM1
SIM2
SIM3
SIM4
1
21
22
SIM5
SIM1
SIM2
SIM3
SIM4
1
21
22
SIM5
SIM1
SIM2
SIM3
SIM4
1
21
22
SIM5
SIM1
SIM2
SIM3
SIM4
1
21
22
SIM5
SIM1
SIM2
SIM3
SIM4
1
21
22
SIM5
SIM1
SIM2
SIM3
SIM4
1
21
22
SIM5
SIM1
SIM2
SIM3
SIM4
1
21
22
SIM5
SIM1
SIM2
SIM3
SIM4
1
21
22
SIM5
SIM1
SIM2
SIM3
SIM4
1
21
22
SIM5
SIM1
SIM2
SIM3
SIM4
1
21
22
SIM5
SIM1
SIM2
SIM3
SIM4
1
21
22
SIM5
SIM1
SIM2
SIM3
SIM4
1
21
22
SIM5
SIM1
SIM2
SIM3
SIM4
1
21
22
SIM5
SIM1
SIM2
SIM3
SIM4
1
21
22
SIM5
SIM1
SIM2
SIM3
SIM4
1
21
22
SIM5
SIM1
SIM2
SIM3
SIM4
1
21
22
SIM5
SIM1
SIM2
SIM3
SIM4
1
21
22
SIM5
SIM1
SIM2
SIM3
SIM4
1
21
22
SIM5
SIM1
SIM2
SIM3
SIM4
1
21
22
SIM5
SIM1
SIM2
SIM3
SIM4
1
21
22
SIM5
SIM1
SIM2
SIM3
SIM4
1
21
22
SIM5
SIM1
SIM2
SIM3
SIM4
1
21
22
SIM5
SIM1
SIM2
SIM3
SIM4
1
21
22
SIM5
SIM1
SIM2
SIM3
SIM4
1
21
22
SIM5
SIM1
SIM2
SIM3
SIM4
1
21
22
SIM5
SIM1
SIM2
SIM3
SIM4
1
21
22
SIM5
SIM1
SIM2
SIM3
SIM4
1
21
22
SIM5
SIM1
SIM2
SIM3
SIM4
1
21
22
SIM5
SIM1
SIM2
SIM3
SIM4
1
21
22
SIM5
SIM1
SIM2
SIM3
SIM4
1
21
22
SIM5
SIM1
SIM2
SIM3
SIM4
1
21
22
SIM5
SIM1
SIM2
SIM3
SIM4
1
21
22
SIM5
SIM1
SIM2
SIM3
SIM4
1
21
22
SIM5
SIM1
SIM2
SIM3
SIM4
1
21
22
SIM5
SIM1
SIM2
SIM3
SIM4
1
21
22
SIM5
SIM1
SIM2
SIM3
SIM4
1
21
22
SIM5
SIM1
SIM2
SIM3
SIM4
1
21
22
SIM5
SIM1
SIM2
SIM3
SIM4
1
21
22
SIM5
SIM1
SIM2
SIM3
SIM4
1
21
22
SIM5
SIM1
SIM2
SIM3
SIM4
1
21
22
SIM5
SIM1
SIM2
SIM3
SIM4
1
21
22
SIM5
SIM1
SIM2
SIM3
SIM4
1
21
22
SIM5
SIM1
SIM2
SIM3
SIM4
1
21
22
SIM5
SIM1
SIM2
SIM3
SIM4
1
21
22
SIM5
SIM1
SIM2
SIM3
SIM4
1
21
22
SIM5
SIM1
SIM2
SIM3
SIM4
1
21
22
SIM5
SIM1
SIM2
SIM3
SIM4
1
21
22
SIM5
SIM1
SIM2
SIM3
SIM4
1
21
22
SIM5
SIM1
SIM2
SIM3
SIM4
1
21
22
SIM5
SIM1
SIM2
SIM3
SIM4
1
21
22
SIM5
SIM1
SIM2
SIM3
SIM4
1
21
22
SIM5
SIM1
SIM2
SIM3
SIM4
1
21
22
SIM5
SIM1
SIM2
SIM3
SIM4
1
21
22
SIM5
SIM1
SIM2
SIM3
SIM4
1
21
22
SIM5
SIM1
SIM2
SIM3
SIM4
1
21
22
SIM5
SIM1
SIM2
SIM3
SIM4
1
21
22
SIM5
SIM1
SIM2
SIM3
SIM4
1
21
22
SIM5
SIM1
SIM2
SIM3
SIM4
1
21
22
SIM5
SIM1
SIM2
SIM3
SIM4
1
21
22
SIM5
SIM1
SIM2
SIM3
SIM4
1
21
22
SIM5
SIM1
SIM2
SIM3
SIM4
1
21
22
SIM5
SIM1
SIM2
SIM3
SIM4
1
21
22
SIM5
SIM1
SIM2
SIM3
SIM4
1
21
22
SIM5
SIM1
SIM2
SIM3
SIM4
1
21
22
SIM5
SIM1
SIM2
SIM3
SIM4
1
21
22
SIM5
SIM1
SIM2
SIM3
SIM4
1
21
22
SIM5
SIM1
SIM2
SIM3
SIM4
1
21
22
SIM5
SIM1
SIM2
SIM3
SIM4
1
21
22
SIM5
SIM1
SIM2
SIM3
SIM4
1
21
22
SIM5
SIM1
SIM2
SIM3
SIM4
1
21
22
SIM5
SIM1
SIM2
SIM3
SIM4
1
21
22
SIM5
SIM1
SIM2
SIM3
SIM4
1
21
22
SIM5
SIM1
SIM2
SIM3
SIM4
1
21
22
SIM5
SIM1
SIM2
SIM3
SIM4
1
21
22
SIM5
SIM1
SIM2
SIM3
SIM4
1
21
22
SIM5
SIM1
SIM2
SIM3
SIM4
1
21
22
SIM5
SIM1
SIM2
SIM3
SIM4
1
21
22
SIM5
SIM1
SIM2
SIM3
SIM4
1
21
22
SIM5
SIM1
SIM2
SIM3
SIM4
1
21
22
SIM5
SIM1
SIM2
SIM3
SIM4
1
21
22
SIM5
SIM1
SIM2
SIM3
SIM4
1
21
22
SIM5
SIM1
SIM2
SIM3
SIM4
1
21
22
SIM5
SIM1
SIM2
SIM3
SIM4
1
21
22
SIM5
SIM1
SIM2
SIM3
SIM4
1
21
22
SIM5
SIM1
SIM2
SIM3
SIM4
1
21
22
SIM5
SIM1
SIM2
SIM3
SIM4
1
21
22
SIM5
SIM1
SIM2
SIM3
SIM4
1
21
22
SIM5
SIM1
SIM2
SIM3
SIM4
1
21
22
SIM5
SIM1
SIM2
SIM3
SIM4
1
21
22
SIM5
SIM1
SIM2
SIM3
SIM4
1
21
22
SIM5
SIM1
SIM2
SIM3
SIM4
1
21
22
SIM5
SIM1
SIM2
SIM3
SIM4
1
21
22
SIM5
SIM1
SIM2
SIM3
SIM4
1
21
22
SIM5
SIM1
SIM2
SIM3
SIM4
1
21
22
SIM5
SIM1
SIM2
SIM3
SIM4
1
21
22
SIM5
SIM1
SIM2
SIM3
SIM4
1
21
22
SIM5
SIM1
SIM2
SIM3
SIM4
1
21
22
SIM5
SIM1
SIM2
SIM3
SIM4
1
21
22
SIM5
SIM1
SIM2
SIM3
SIM4
1
21
22
SIM5
SIM1
SIM2
SIM3
SIM4
1
21
22
SIM5
SIM1
SIM2
SIM3
SIM4
1
21
22
SIM5
SIM1
SIM2
SIM3
SIM4
1
21
22
SIM5
SIM1
SIM2
SIM3
SIM4
1
21
22
SIM5
SIM1
SIM2
SIM3
SIM4
1
21
22
SIM5
SIM1
SIM2
SIM3
SIM4
1
21
22
SIM5
SIM1
SIM2
SIM3
SIM4
1
21
22
SIM5
SIM1
SIM2
SIM3
SIM4
1
21
22
SIM5
SIM1
SIM2
SIM3
SIM4
1
21
22
SIM5
SIM1
SIM2
SIM3
SIM4
1
21
22
SIM5
SIM1
SIM2
SIM3
SIM4
1
21
22
SIM5
SIM1
SIM2
SIM3
SIM4
1
21
22
SIM5
SIM1
SIM2
SIM3
SIM4
1
21
22
SIM5
SIM1
SIM2
SIM3
SIM4
1
21
22
SIM5
SIM1
SIM2
SIM3
SIM4
1
21
22
SIM5
SIM1
SIM2
SIM3
SIM4
1
21
22
SIM5
SIM1
SIM2
SIM3
SIM4
1
21
22
SIM5
SIM1
SIM2
SIM3
SIM4
1
21
22
SIM5
SIM1
SIM2
SIM3
SIM4
1
21
22
SIM5
SIM1
SIM2
SIM3
SIM4
1
21
22
SIM5
SIM1
SIM2
SIM3
SIM4
1
21
22
SIM5
SIM1
SIM2
SIM3
SIM4
1
21
22
SIM5
SIM1
SIM2
SIM3
SIM4
1
21
22
SIM5
SIM1
SIM2
SIM3
SIM4
1
21
22
SIM5
SIM1
SIM2
SIM3
SIM4
1
21
22
SIM5
SIM1
SIM2
DEBUG 1 64
SIM1
SIM2
SIM3
SIM4
1
21
22
SIM5
SIM1
SIM2
SIM3
SIM4
1
21
22
SIM5
SIM1
SIM2
SIM3
SIM4
1
21
22
SIM5
SIM1
SIM2
SIM3
SIM4
1
21
22
SIM5
SIM1
SIM2
SIM3
SIM4
1
21
22
SIM5
SIM1
SIM2
SIM3
SIM4
1
21
22
SIM5
SIM1
SIM2
SIM3
SIM4
1
21
22
SIM5
SIM1
SIM2
SIM3
SIM4
1
21
22
SIM5
SIM1
SIM2
SIM3
SIM4
1
21
22
SIM5
SIM1
SIM2
SIM3
SIM4
1
21
22
SIM5
SIM1
SIM2
SIM3
SIM4
1
21
22
SIM5
SIM1
SIM2
SIM3
SIM4
1
21
22
SIM5
SIM1
SIM2
SIM3
SIM4
1
21
22
SIM5
SIM1
SIM2
SIM3
SIM4
1
21
22
SIM5
SIM1
SIM2
SIM3
SIM4
1
21
22
SIM5
SIM1
SIM2
SIM3
SIM4
1
21
22
SIM5
SIM1
SIM2
SIM3
SIM4
1
21
22
SIM5
SIM1
SIM2
SIM3
SIM4
1
21
22
SIM5
SIM1
SIM2
SIM3
SIM4
1
21
22
SIM5
SIM1
SIM2
SIM3
SIM4
1
21
22
SIM5
SIM1
SIM2
SIM3
SIM4
1
21
22
SIM5
SIM1
SIM2
SIM3
SIM4
1
21
22
SIM5
SIM1
SIM2
SIM3
SIM4
1
21
22
SIM5
SIM1
SIM2
SIM3
SIM4
1
21
22
SIM5
SIM1
SIM2
SIM3
SIM4
1
21
22
SIM5
SIM1
SIM2
SIM3
SIM4
1
21
22
SIM5
SIM1
SIM2
SIM3
SIM4
1
21
22
SIM5
SIM1
SIM2
SIM3
SIM4
1
21
22
SIM5
SIM1
SIM2
SIM3
SIM4
1
21
22
SIM5
SIM1
SIM2
SIM3
SIM4
1
21
22
SIM5
SIM1
SIM2
SIM3
SIM4
1
21
22
SIM5
SIM1
SIM2
SIM3
SIM4
1
21
22
SIM5
SIM1
SIM2
SIM3
SIM4
1
21
22
SIM5
SIM1
SIM2
SIM3
SIM4
1
21
22
SIM5
SIM1
SIM2
SIM3
SIM4
1
21
22
SIM5
SIM1
SIM2
SIM3
SIM4
1
21
22
SIM5
SIM1
SIM2
SIM3
SIM4
1
21
22
SIM5
SIM1
SIM2
SIM3
SIM4
1
21
22
SIM5
SIM1
SIM2
SIM3
SIM4
1
21
22
SIM5
SIM1
SIM2
SIM3
SIM4
1
21
22
SIM5
SIM1
SIM2
SIM3
SIM4
1
21
22
SIM5
SIM1
SIM2
SIM3
SIM4
1
21
22
SIM5
SIM1
SIM2
SIM3
SIM4
1
21
22
SIM5
SIM1
SIM2
SIM3
SIM4
1
21
22
SIM5
SIM1
SIM2
SIM3
SIM4
1
21
22
SIM5
SIM1
SIM2
SIM3
SIM4
1
21
22
SIM5
SIM1
SIM2
SIM3
SIM4
1
21
22
SIM5
SIM1
SIM2
SIM3
SIM4
1
21
22
SIM5
SIM1
SIM2
SIM3
SIM4
1
21
22
SIM5
SIM1
SIM2
SIM3
SIM4
1
21
22
SIM5
SIM1
SIM2
SIM3
SIM4
1
21
22
SIM5
SIM1
SIM2
SIM3
SIM4
1
21
22
SIM5
SIM1
SIM2
SIM3
SIM4
1
21
22
SIM5
SIM1
SIM2
SIM3
SIM4
1
21
22
SIM5
SIM1
SIM2
SIM3
SIM4
1
21
22
SIM5
SIM1
SIM2
SIM3
SIM4
1
21
22
SIM5
SIM1
SIM2
SIM3
SIM4
1
21
22
SIM5
SIM1
SIM2
SIM3
SIM4
1
21
22
SIM5
SIM1
SIM2
SIM3
SIM4
1
21
22
SIM5
SIM1
SIM2
SIM3
SIM4
1
21
22
SIM5
SIM1
SIM2
SIM3
SIM4
1
21
22
SIM5
SIM1
SIM2
SIM3
SIM4
1
21
22
SIM5
SIM1
SIM2
SIM3
SIM4
1
21
22
SIM5
SIM1
SIM2
SIM3
SIM4
1
21
22
SIM5
SIM1
SIM2
SIM3
SIM4
1
21
22
SIM5
SIM1
SIM2
SIM3
SIM4
1
21
22
SIM5
SIM1
SIM2
SIM3
SIM4
1
21
22
SIM5
SIM1
SIM2
SIM3
SIM4
1
21
22
SIM5
SIM1
SIM2
SIM3
SIM4
1
21
22
SIM5
SIM1
SIM2
SIM3
SIM4
1
21
22
SIM5
SIM1
SIM2
SIM3
SIM4
1
21
22
SIM5
SIM1
SIM2
SIM3
SIM4
1
21
22
SIM5
SIM1
SIM2
SIM3
SIM4
1
21
22
SIM5
SIM1
SIM2
SIM3
SIM4
1
21
22
SIM5
SIM1
SIM2
SIM3
SIM4
1
21
22
SIM5
SIM1
SIM2
SIM3
SIM4
1
21
22
SIM5
SIM1
SIM2
SIM3
SIM4
1
21
22
SIM5
SIM1
SIM2
SIM3
SIM4
1
21
22
SIM5
SIM1
SIM2
SIM3
SIM4
1
21
22
SIM5
SIM1
SIM2
SIM3
SIM4
1
21
22
SIM5
SIM1
SIM2
SIM3
SIM4
1
21
22
SIM5
SIM1
SIM2
SIM3
SIM4
1
21
22
SIM5
SIM1
SIM2
SIM3
SIM4
1
21
22
SIM5
SIM1
SIM2
SIM3
SIM4
1
21
22
SIM5
SIM1
SIM2
SIM3
SIM4
1
21
22
SIM5
SIM1
SIM2
SIM3
SIM4
1
21
22
SIM5
SIM1
SIM2
SIM3
SIM4
1
21
22
SIM5
SIM1
SIM2
SIM3
SIM4
1
21
22
SIM5
SIM1
SIM2
SIM3
SIM4
1
21
22
SIM5
SIM1
SIM2
SIM3
SIM4
1
21
22
SIM5
SIM1
SIM2
SIM3
SIM4
1
21
22
SIM5
SIM1
SIM2
SIM3
SIM4
1
21
22
SIM5
SIM1
SIM2
SIM3
SIM4
1
21
22
SIM5
SIM1
SIM2
SIM3
SIM4
1
21
22
SIM5
SIM1
SIM2
SIM3
SIM4
1
21
22
SIM5
SIM1
SIM2
SIM3
SIM4
1
21
22
SIM5
SIM1
SIM2
SIM3
SIM4
1
21
22
SIM5
SIM1
SIM2
SIM3
SIM4
1
21
22
SIM5
SIM1
SIM2
SIM3
SIM4
1
21
22
SIM5
SIM1
SIM2
SIM3
SIM4
1
21
22
SIM5
SIM1
SIM2
SIM3
SIM4
1
21
22
SIM5
SIM1
SIM2
SIM3
SIM4
1
21
22
SIM5
SIM1
SIM2
SIM3
SIM4
1
21
22
SIM5
SIM1
SIM2
SIM3
SIM4
1
21
22
SIM5
SIM1
SIM2
SIM3
SIM4
1
21
22
SIM5
SIM1
SIM2
SIM3
SIM4
1
21
22
SIM5
SIM1
SIM2
SIM3
SIM4
1
21
22
SIM5
SIM1
SIM2
SIM3
SIM4
1
21
22
SIM5
SIM1
SIM2
SIM3
SIM4
1
21
22
SIM5
SIM1
SIM2
SIM3
SIM4
1
21
22
SIM5
SIM1
SIM2
SIM3
SIM4
1
21
22
SIM5
SIM1
SIM2
SIM3
SIM4
1
21
22
SIM5
SIM1
SIM2
SIM3
SIM4
1
21
22
SIM5
SIM1
SIM2
SIM3
SIM4
1
21
22
SIM5
SIM1
SIM2
SIM3
SIM4
1
21
22
SIM5
SIM1
SIM2
SIM3
SIM4
1
21
22
SIM5
SIM1
SIM2
SIM3
SIM4
1
21
22
SIM5
SIM1
SIM2
SIM3
SIM4
1
21
22
SIM5
SIM1
SIM2
SIM3
SIM4
1
21
22
SIM5
SIM1
SIM2
SIM3
SIM4
1
21
22
SIM5
SIM1
SIM2
SIM3
SIM4
1
21
22
SIM5
SIM1
SIM2
SIM3
SIM4
1
21
22
SIM5
SIM1
SIM2
SIM3
SIM4
1
21
22
SIM5
SIM1
SIM2
SIM3
SIM4
1
21
22
SIM5
SIM1
SIM2
SIM3
SIM4
1
21
22
SIM5
SIM1
SIM2
SIM3
SIM4
1
21
22
SIM5
SIM1
SIM2
SIM3
SIM4
1
21
22
SIM5
SIM1
SIM2
SIM3
SIM4
1
21
22
SIM5
SIM1
SIM2
SIM3
SIM4
1
21
22
SIM5
SIM1
SIM2
SIM3
SIM4
1
21
22
SIM5
SIM1
SIM2
SIM3
SIM4
1
21
22
SIM5
SIM1
SIM2
SIM3
SIM4
1
21
22
SIM5
SIM1
SIM2
SIM3
SIM4
1
21
22
SIM5
SIM1
SIM2
SIM3
SIM4
1
21
22
SIM5
SIM1
SIM2
SIM3
SIM4
1
21
22
SIM5
SIM1
SIM2
SIM3
SIM4
1
21
22
SIM5
SIM1
SIM2
SIM3
SIM4
1
21
22
SIM5
SIM1
SIM2
SIM3
SIM4
1
21
22
SIM5
SIM1
SIM2
SIM3
SIM4
1
21
22
SIM5
SIM1
SIM2
SIM3
SIM4
1
21
22
SIM5
SIM1
SIM2
SIM3
SIM4
1
21
22
SIM5
SIM1
SIM2
SIM3
SIM4
1
21
22
SIM5
SIM1
SIM2
SIM3
SIM4
1
21
22
SIM5
SIM1
SIM2
SIM3
SIM4
1
21
22
SIM5
SIM1
SIM2
SIM3
SIM4
1
21
22
SIM5
SIM1
SIM2
SIM3
SIM4
1
21
22
SIM5
SIM1
SIM2
SIM3
SIM4
1
21
22
SIM5
SIM1
SIM2
SIM3
SIM4
1
21
22
SIM5
SIM1
SIM2
SIM3
SIM4
1
21
22
SIM5
SIM1
SIM2
SIM3
SIM4
1
21
22
SIM5
SIM1
SIM2
SIM3
SIM4
1
21
22
SIM5
SIM1
SIM2
SIM3
SIM4
1
21
22
SIM5
SIM1
SIM2
SIM3
SIM4
1
21
22
SIM5
SIM1
SIM2
SIM3
SIM4
1
21
22
SIM5
SIM1
SIM2
SIM3
SIM4
1
21
22
SIM5
SIM1
SIM2
SIM3
SIM4
1
21
22
SIM5
SIM1
SIM2
SIM3
SIM4
1
21
22
SIM5
SIM1
SIM2
SIM3
SIM4
1
21
22
SIM5
SIM1
SIM2
SIM3
SIM4
1
21
22
SIM5
SIM1
SIM2
SIM3
SIM4
1
21
22
SIM5
SIM1
SIM2
SIM3
SIM4
1
21
22
SIM5
SIM1
SIM2
SIM3
SIM4
1
21
22
SIM5
SIM1
SIM2
SIM3
SIM4
1
21
22
SIM5
SIM1
SIM2
SIM3
SIM4
1
21
22
SIM5
SIM1
SIM2
SIM3
SIM4
1
21
22
SIM5
SIM1
SIM2
SIM3
SIM4
1
21
22
SIM5
SIM1
SIM2
SIM3
SIM4
1
21
22
SIM5
SIM1
SIM2
SIM3
SIM4
1
21
22
SIM5
SIM1
SIM2
SIM3
SIM4
1
21
22
SIM5
SIM1
SIM2
SIM3
SIM4
1
21
22
SIM5
SIM1
SIM2
SIM3
SIM4
1
21
22
SIM5
SIM1
SIM2
SIM3
SIM4
1
21
22
SIM5
SIM1
SIM2
SIM3
SIM4
1
21
22
SIM5
SIM1
SIM2
SIM3
SIM4
1
21
22
SIM5
SIM1
SIM2
SIM3
SIM4
1
21
22
SIM5
SIM1
SIM2
SIM3
SIM4
1
21
22
SIM5
SIM1
SIM2
SIM3
SIM4
1
21
22
SIM5
SIM1
SIM2
SIM3
SIM4
1
21
22
SIM5
SIM1
SIM2
SIM3
SIM4
1
21
22
SIM5
SIM1
SIM2
SIM3
SIM4
1
21
22
SIM5
SIM1
SIM2
SIM3
SIM4
1
21
22
SIM5
SIM1
SIM2
SIM3
SIM4
1
21
22
SIM5
SIM1
SIM2
SIM3
SIM4
1
21
22
SIM5
SIM1
SIM2
SIM3
SIM4
1
21
22
SIM5
SIM1
SIM2
SIM3
SIM4
1
21
22
SIM5
SIM1
SIM2
SIM3
SIM4
1
21
22
SIM5
SIM1
SIM2
SIM3
SIM4
1
21
22
SIM5
SIM1
SIM2
SIM3
SIM4
1
21
22
SIM5
SIM1
SIM2
SIM3
SIM4
1
21
22
SIM5
SIM1
SIM2
SIM3
SIM4
1
21
22
SIM5
SIM1
SIM2
SIM3
SIM4
1
21
22
SIM5
SIM1
SIM2
SIM3
SIM4
1
21
22
SIM5
SIM1
SIM2
SIM3
SIM4
1
21
22
SIM5
SIM1
SIM2
SIM3
SIM4
1
21
22
SIM5
SIM1
SIM2
SIM3
SIM4
1
21
22
SIM5
SIM1
SIM2
SIM3
SIM4
1
21
22
SIM5
SIM1
SIM2
SIM3
SIM4
1
21
22
SIM5
SIM1
SIM2
SIM3
SIM4
1
21
22
SIM5
SIM1
SIM2
SIM3
SIM4
1
21
22
SIM5
SIM1
SIM2
SIM3
SIM4
1
21
22
SIM5
SIM1
SIM2
SIM3
SIM4
1
21
22
SIM5
SIM1
SIM2
SIM3
SIM4
1
21
22
SIM5
SIM1
SIM2
SIM3
SIM4
1
21
22
SIM5
SIM1
SIM2
SIM3
SIM4
1
21
22
SIM5
SIM1
SIM2
SIM3
SIM4
1
21
22
SIM5
SIM1
SIM2
SIM3
SIM4
1
21
22
SIM5
SIM1
SIM2
SIM3
SIM4
1
21
22
SIM5
SIM1
SIM2
SIM3
SIM4
1
21
22
SIM5
SIM1
SIM2
SIM3
SIM4
1
21
22
SIM5
SIM1
SIM2
SIM3
SIM4
1
21
22
SIM5
SIM1
SIM2
SIM3
SIM4
1
21
22
SIM5
SIM1
SIM2
SIM3
SIM4
1
21
22
SIM5
SIM1
SIM2
SIM3
SIM4
1
21
22
SIM5
SIM1
SIM2
SIM3
SIM4
1
21
22
SIM5
SIM1
SIM2
SIM3
SIM4
1
21
22
SIM5
SIM1
SIM2
SIM3
SIM4
1
21
22
SIM5
SIM1
SIM2
SIM3
SIM4
1
21
22
SIM5
SIM1
SIM2
SIM3
SIM4
1
21
22
SIM5
SIM1
SIM2
SIM3
SIM4
1
21
22
SIM5
SIM1
SIM2
SIM3
SIM4
1
21
22
SIM5
SIM1
SIM2
DEBUG 1 65
SIM1
SIM2
SIM3
SIM4
1
21
22
SIM5
SIM1
SIM2
SIM3
SIM4
1
21
22
SIM5
SIM1
SIM2
SIM3
SIM4
1
21
22
SIM5
SIM1
SIM2
SIM3
SIM4
1
21
22
SIM5
SIM1
SIM2
SIM3
SIM4
1
21
22
SIM5
SIM1
SIM2
SIM3
SIM4
1
21
22
SIM5
SIM1
SIM2
SIM3
SIM4
1
21
22
SIM5
SIM1
SIM2
SIM3
SIM4
1
21
22
SIM5
SIM1
SIM2
SIM3
SIM4
1
21
22
SIM5
SIM1
SIM2
SIM3
SIM4
1
21
22
SIM5
SIM1
SIM2
SIM3
SIM4
1
21
22
SIM5
SIM1
SIM2
SIM3
SIM4
1
21
22
SIM5
SIM1
SIM2
SIM3
SIM4
1
21
22
SIM5
SIM1
SIM2
SIM3
SIM4
1
21
22
SIM5
SIM1
SIM2
SIM3
SIM4
1
21
22
SIM5
SIM1
SIM2
SIM3
SIM4
1
21
22
SIM5
SIM1
SIM2
SIM3
SIM4
1
21
22
SIM5
SIM1
SIM2
SIM3
SIM4
1
21
22
SIM5
SIM1
SIM2
SIM3
SIM4
1
21
22
SIM5
SIM1
SIM2
SIM3
SIM4
1
21
22
SIM5
SIM1
SIM2
SIM3
SIM4
1
21
22
SIM5
SIM1
SIM2
SIM3
SIM4
1
21
22
SIM5
SIM1
SIM2
SIM3
SIM4
1
21
22
SIM5
SIM1
SIM2
SIM3
SIM4
1
21
22
SIM5
SIM1
SIM2
SIM3
SIM4
1
21
22
SIM5
SIM1
SIM2
SIM3
SIM4
1
21
22
SIM5
SIM1
SIM2
SIM3
SIM4
1
21
22
SIM5
SIM1
SIM2
SIM3
SIM4
1
21
22
SIM5
SIM1
SIM2
SIM3
SIM4
1
21
22
SIM5
SIM1
SIM2
SIM3
SIM4
1
21
22
SIM5
SIM1
SIM2
SIM3
SIM4
1
21
22
SIM5
SIM1
SIM2
SIM3
SIM4
1
21
22
SIM5
SIM1
SIM2
SIM3
SIM4
1
21
22
SIM5
SIM1
SIM2
SIM3
SIM4
1
21
22
SIM5
SIM1
SIM2
SIM3
SIM4
1
21
22
SIM5
SIM1
SIM2
SIM3
SIM4
1
21
22
SIM5
SIM1
SIM2
SIM3
SIM4
1
21
22
SIM5
SIM1
SIM2
SIM3
SIM4
1
21
22
SIM5
SIM1
SIM2
SIM3
SIM4
1
21
22
SIM5
SIM1
SIM2
SIM3
SIM4
1
21
22
SIM5
SIM1
SIM2
SIM3
SIM4
1
21
22
SIM5
SIM1
SIM2
SIM3
SIM4
1
21
22
SIM5
SIM1
SIM2
SIM3
SIM4
1
21
22
SIM5
SIM1
SIM2
SIM3
SIM4
1
21
22
SIM5
SIM1
SIM2
SIM3
SIM4
1
21
22
SIM5
SIM1
SIM2
SIM3
SIM4
1
21
22
SIM5
SIM1
SIM2
SIM3
SIM4
1
21
22
SIM5
SIM1
SIM2
SIM3
SIM4
1
21
22
SIM5
SIM1
SIM2
SIM3
SIM4
1
21
22
SIM5
SIM1
SIM2
SIM3
SIM4
1
21
22
SIM5
SIM1
SIM2
SIM3
SIM4
1
21
22
SIM5
SIM1
SIM2
SIM3
SIM4
1
21
22
SIM5
SIM1
SIM2
SIM3
SIM4
1
21
22
SIM5
SIM1
SIM2
SIM3
SIM4
1
21
22
SIM5
SIM1
SIM2
SIM3
SIM4
1
21
22
SIM5
SIM1
SIM2
SIM3
SIM4
1
21
22
SIM5
SIM1
SIM2
SIM3
SIM4
1
21
22
SIM5
SIM1
SIM2
SIM3
SIM4
1
21
22
SIM5
SIM1
SIM2
SIM3
SIM4
1
21
22
SIM5
SIM1
SIM2
SIM3
SIM4
1
21
22
SIM5
SIM1
SIM2
SIM3
SIM4
1
21
22
SIM5
SIM1
SIM2
SIM3
SIM4
1
21
22
SIM5
SIM1
SIM2
SIM3
SIM4
1
21
22
SIM5
SIM1
SIM2
SIM3
SIM4
1
21
22
SIM5
SIM1
SIM2
SIM3
SIM4
1
21
22
SIM5
SIM1
SIM2
SIM3
SIM4
1
21
22
SIM5
SIM1
SIM2
SIM3
SIM4
1
21
22
SIM5
SIM1
SIM2
SIM3
SIM4
1
21
22
SIM5
SIM1
SIM2
SIM3
SIM4
1
21
22
SIM5
SIM1
SIM2
SIM3
SIM4
1
21
22
SIM5
SIM1
SIM2
SIM3
SIM4
1
21
22
SIM5
SIM1
SIM2
SIM3
SIM4
1
21
22
SIM5
SIM1
SIM2
SIM3
SIM4
1
21
22
SIM5
SIM1
SIM2
SIM3
SIM4
1
21
22
SIM5
SIM1
SIM2
SIM3
SIM4
1
21
22
SIM5
SIM1
SIM2
SIM3
SIM4
1
21
22
SIM5
SIM1
SIM2
SIM3
SIM4
1
21
22
SIM5
SIM1
SIM2
SIM3
SIM4
1
21
22
SIM5
SIM1
SIM2
SIM3
SIM4
1
21
22
SIM5
SIM1
SIM2
SIM3
SIM4
1
21
22
SIM5
SIM1
SIM2
SIM3
SIM4
1
21
22
SIM5
SIM1
SIM2
SIM3
SIM4
1
21
22
SIM5
SIM1
SIM2
SIM3
SIM4
1
21
22
SIM5
SIM1
SIM2
SIM3
SIM4
1
21
22
SIM5
SIM1
SIM2
SIM3
SIM4
1
21
22
SIM5
SIM1
SIM2
SIM3
SIM4
1
21
22
SIM5
SIM1
SIM2
SIM3
SIM4
1
21
22
SIM5
SIM1
SIM2
SIM3
SIM4
1
21
22
SIM5
SIM1
SIM2
SIM3
SIM4
1
21
22
SIM5
SIM1
SIM2
SIM3
SIM4
1
21
22
SIM5
SIM1
SIM2
SIM3
SIM4
1
21
22
SIM5
SIM1
SIM2
SIM3
SIM4
1
21
22
SIM5
SIM1
SIM2
SIM3
SIM4
1
21
22
SIM5
SIM1
SIM2
SIM3
SIM4
1
21
22
SIM5
SIM1
SIM2
SIM3
SIM4
1
21
22
SIM5
SIM1
SIM2
SIM3
SIM4
1
21
22
SIM5
SIM1
SIM2
SIM3
SIM4
1
21
22
SIM5
SIM1
SIM2
SIM3
SIM4
1
21
22
SIM5
SIM1
SIM2
SIM3
SIM4
1
21
22
SIM5
SIM1
SIM2
SIM3
SIM4
1
21
22
SIM5
SIM1
SIM2
SIM3
SIM4
1
21
22
SIM5
SIM1
SIM2
SIM3
SIM4
1
21
22
SIM5
SIM1
SIM2
SIM3
SIM4
1
21
22
SIM5
SIM1
SIM2
SIM3
SIM4
1
21
22
SIM5
SIM1
SIM2
SIM3
SIM4
1
21
22
SIM5
SIM1
SIM2
SIM3
SIM4
1
21
22
SIM5
SIM1
SIM2
SIM3
SIM4
1
21
22
SIM5
SIM1
SIM2
SIM3
SIM4
1
21
22
SIM5
SIM1
SIM2
SIM3
SIM4
1
21
22
SIM5
SIM1
SIM2
SIM3
SIM4
1
21
22
SIM5
SIM1
SIM2
SIM3
SIM4
1
21
22
SIM5
SIM1
SIM2
SIM3
SIM4
1
21
22
SIM5
SIM1
SIM2
SIM3
SIM4
1
21
22
SIM5
SIM1
SIM2
SIM3
SIM4
1
21
22
SIM5
SIM1
SIM2
SIM3
SIM4
1
21
22
SIM5
SIM1
SIM2
SIM3
SIM4
1
21
22
SIM5
SIM1
SIM2
SIM3
SIM4
1
21
22
SIM5
SIM1
SIM2
SIM3
SIM4
1
21
22
SIM5
SIM1
SIM2
SIM3
SIM4
1
21
22
SIM5
SIM1
SIM2
SIM3
SIM4
1
21
22
SIM5
SIM1
SIM2
SIM3
SIM4
1
21
22
SIM5
SIM1
SIM2
SIM3
SIM4
1
21
22
SIM5
SIM1
SIM2
SIM3
SIM4
1
21
22
SIM5
SIM1
SIM2
SIM3
SIM4
1
21
22
SIM5
SIM1
SIM2
SIM3
SIM4
1
21
22
SIM5
SIM1
SIM2
SIM3
SIM4
1
21
22
SIM5
SIM1
SIM2
SIM3
SIM4
1
21
22
SIM5
SIM1
SIM2
SIM3
SIM4
1
21
22
SIM5
SIM1
SIM2
SIM3
SIM4
1
21
22
SIM5
SIM1
SIM2
SIM3
SIM4
1
21
22
SIM5
SIM1
SIM2
SIM3
SIM4
1
21
22
SIM5
SIM1
SIM2
SIM3
SIM4
1
21
22
SIM5
SIM1
SIM2
SIM3
SIM4
1
21
22
SIM5
SIM1
SIM2
SIM3
SIM4
1
21
22
SIM5
SIM1
SIM2
SIM3
SIM4
1
21
22
SIM5
SIM1
SIM2
SIM3
SIM4
1
21
22
SIM5
SIM1
SIM2
SIM3
SIM4
1
21
22
SIM5
SIM1
SIM2
SIM3
SIM4
1
21
22
SIM5
SIM1
SIM2
SIM3
SIM4
1
21
22
SIM5
SIM1
SIM2
SIM3
SIM4
1
21
22
SIM5
SIM1
SIM2
SIM3
SIM4
1
21
22
SIM5
SIM1
SIM2
SIM3
SIM4
1
21
22
SIM5
SIM1
SIM2
SIM3
SIM4
1
21
22
SIM5
SIM1
SIM2
SIM3
SIM4
1
21
22
SIM5
SIM1
SIM2
SIM3
SIM4
1
21
22
SIM5
SIM1
SIM2
SIM3
SIM4
1
21
22
SIM5
SIM1
SIM2
SIM3
SIM4
1
21
22
SIM5
SIM1
SIM2
SIM3
SIM4
1
21
22
SIM5
SIM1
SIM2
SIM3
SIM4
1
21
22
SIM5
SIM1
SIM2
SIM3
SIM4
1
21
22
SIM5
SIM1
SIM2
SIM3
SIM4
1
21
22
SIM5
SIM1
SIM2
SIM3
SIM4
1
21
22
SIM5
SIM1
SIM2
SIM3
SIM4
1
21
22
SIM5
SIM1
SIM2
SIM3
SIM4
1
21
22
SIM5
SIM1
SIM2
SIM3
SIM4
1
21
22
SIM5
SIM1
SIM2
SIM3
SIM4
1
21
22
SIM5
SIM1
SIM2
SIM3
SIM4
1
21
22
SIM5
SIM1
SIM2
SIM3
SIM4
1
21
22
SIM5
SIM1
SIM2
SIM3
SIM4
1
21
22
SIM5
SIM1
SIM2
SIM3
SIM4
1
21
22
SIM5
SIM1
SIM2
SIM3
SIM4
1
21
22
SIM5
SIM1
SIM2
SIM3
SIM4
1
21
22
SIM5
SIM1
SIM2
SIM3
SIM4
1
21
22
SIM5
SIM1
SIM2
SIM3
SIM4
1
21
22
SIM5
SIM1
SIM2
SIM3
SIM4
1
21
22
SIM5
SIM1
SIM2
SIM3
SIM4
1
21
22
SIM5
SIM1
SIM2
SIM3
SIM4
1
21
22
SIM5
SIM1
SIM2
SIM3
SIM4
1
21
22
SIM5
SIM1
SIM2
SIM3
SIM4
1
21
22
SIM5
SIM1
SIM2
SIM3
SIM4
1
21
22
SIM5
SIM1
SIM2
SIM3
SIM4
1
21
22
SIM5
SIM1
SIM2
SIM3
SIM4
1
21
22
SIM5
SIM1
SIM2
SIM3
SIM4
1
21
22
SIM5
SIM1
SIM2
SIM3
SIM4
1
21
22
SIM5
SIM1
SIM2
SIM3
SIM4
1
21
22
SIM5
SIM1
SIM2
SIM3
SIM4
1
21
22
SIM5
SIM1
SIM2
SIM3
SIM4
1
21
22
SIM5
SIM1
SIM2
SIM3
SIM4
1
21
22
SIM5
SIM1
SIM2
SIM3
SIM4
1
21
22
SIM5
SIM1
SIM2
SIM3
SIM4
1
21
22
SIM5
SIM1
SIM2
SIM3
SIM4
1
21
22
SIM5
SIM1
SIM2
SIM3
SIM4
1
21
22
SIM5
SIM1
SIM2
SIM3
SIM4
1
21
22
SIM5
SIM1
SIM2
SIM3
SIM4
1
21
22
SIM5
SIM1
SIM2
SIM3
SIM4
1
21
22
SIM5
SIM1
SIM2
SIM3
SIM4
1
21
22
SIM5
SIM1
SIM2
DEBUG 1 66
SIM1
SIM2
SIM3
SIM4
1
21
22
SIM5
SIM1
SIM2
SIM3
SIM4
1
21
22
SIM5
SIM1
SIM2
SIM3
SIM4
1
21
22
SIM5
SIM1
SIM2
SIM3
SIM4
1
21
22
SIM5
SIM1
SIM2
SIM3
SIM4
1
21
22
SIM5
SIM1
SIM2
SIM3
SIM4
1
21
22
SIM5
SIM1
SIM2
SIM3
SIM4
1
21
22
SIM5
SIM1
SIM2
SIM3
SIM4
1
21
22
SIM5
SIM1
SIM2
SIM3
SIM4
1
21
22
SIM5
SIM1
SIM2
SIM3
SIM4
1
21
22
SIM5
SIM1
SIM2
SIM3
SIM4
1
21
22
SIM5
SIM1
SIM2
SIM3
SIM4
1
21
22
SIM5
SIM1
SIM2
SIM3
SIM4
1
21
22
SIM5
SIM1
SIM2
SIM3
SIM4
1
21
22
SIM5
SIM1
SIM2
SIM3
SIM4
1
21
22
SIM5
SIM1
SIM2
SIM3
SIM4
1
21
22
SIM5
SIM1
SIM2
SIM3
SIM4
1
21
22
SIM5
SIM1
SIM2
SIM3
SIM4
1
21
22
SIM5
SIM1
SIM2
SIM3
SIM4
1
21
22
SIM5
SIM1
SIM2
SIM3
SIM4
1
21
22
SIM5
SIM1
SIM2
DEBUG 1 67
SIM1
SIM2
SIM3
SIM4
1
21
22
SIM5
SIM1
SIM2
SIM3
SIM4
1
21
22
SIM5
SIM1
SIM2
SIM3
SIM4
1
21
22
SIM5
SIM1
SIM2
SIM3
SIM4
1
21
22
SIM5
SIM1
SIM2
SIM3
SIM4
1
21
22
SIM5
SIM1
SIM2
SIM3
SIM4
1
21
22
SIM5
SIM1
SIM2
SIM3
SIM4
1
21
22
SIM5
SIM1
SIM2
SIM3
SIM4
1
21
22
SIM5
SIM1
SIM2
SIM3
SIM4
1
21
22
SIM5
SIM1
SIM2
SIM3
SIM4
1
21
22
SIM5
SIM1
SIM2
SIM3
SIM4
1
21
22
SIM5
SIM1
SIM2
SIM3
SIM4
1
21
22
SIM5
SIM1
SIM2
SIM3
SIM4
1
21
22
SIM5
SIM1
SIM2
SIM3
SIM4
1
21
22
SIM5
SIM1
SIM2
SIM3
SIM4
1
21
22
SIM5
SIM1
SIM2
SIM3
SIM4
1
21
22
SIM5
SIM1
SIM2
SIM3
SIM4
1
21
22
SIM5
SIM1
SIM2
SIM3
SIM4
1
21
22
SIM5
SIM1
SIM2
SIM3
SIM4
1
21
22
SIM5
SIM1
SIM2
SIM3
SIM4
1
21
22
SIM5
SIM1
SIM2
SIM3
SIM4
1
21
22
SIM5
SIM1
SIM2
SIM3
SIM4
1
21
22
SIM5
SIM1
SIM2
SIM3
SIM4
1
21
22
SIM5
SIM1
SIM2
SIM3
SIM4
1
21
22
SIM5
SIM1
SIM2
SIM3
SIM4
1
21
22
SIM5
SIM1
SIM2
SIM3
SIM4
1
21
22
SIM5
SIM1
SIM2
SIM3
SIM4
1
21
22
SIM5
SIM1
SIM2
SIM3
SIM4
1
21
22
SIM5
SIM1
SIM2
SIM3
SIM4
1
21
22
SIM5
SIM1
SIM2
SIM3
SIM4
1
21
22
SIM5
SIM1
SIM2
SIM3
SIM4
1
21
22
SIM5
SIM1
SIM2
SIM3
SIM4
1
21
22
SIM5
SIM1
SIM2
SIM3
SIM4
1
21
22
SIM5
SIM1
SIM2
SIM3
SIM4
1
21
22
SIM5
SIM1
SIM2
SIM3
SIM4
1
21
22
SIM5
SIM1
SIM2
SIM3
SIM4
1
21
22
SIM5
SIM1
SIM2
SIM3
SIM4
1
21
22
SIM5
SIM1
SIM2
SIM3
SIM4
1
21
22
SIM5
SIM1
SIM2
SIM3
SIM4
1
21
22
SIM5
SIM1
SIM2
SIM3
SIM4
1
21
22
SIM5
SIM1
SIM2
SIM3
SIM4
1
21
22
SIM5
SIM1
SIM2
SIM3
SIM4
1
21
22
SIM5
SIM1
SIM2
SIM3
SIM4
1
21
22
SIM5
SIM1
SIM2
SIM3
SIM4
1
21
22
SIM5
SIM1
SIM2
SIM3
SIM4
1
21
22
SIM5
SIM1
SIM2
SIM3
SIM4
1
21
22
SIM5
SIM1
SIM2
SIM3
SIM4
1
21
22
SIM5
SIM1
SIM2
SIM3
SIM4
1
21
22
SIM5
SIM1
SIM2
SIM3
SIM4
1
21
22
SIM5
SIM1
SIM2
SIM3
SIM4
1
21
22
SIM5
SIM1
SIM2
SIM3
SIM4
1
21
22
SIM5
SIM1
SIM2
SIM3
SIM4
1
21
22
SIM5
SIM1
SIM2
SIM3
SIM4
1
21
22
SIM5
SIM1
SIM2
SIM3
SIM4
1
21
22
SIM5
SIM1
SIM2
SIM3
SIM4
1
21
22
SIM5
SIM1
SIM2
SIM3
SIM4
1
21
22
SIM5
SIM1
SIM2
SIM3
SIM4
1
21
22
SIM5
SIM1
SIM2
SIM3
SIM4
1
21
22
SIM5
SIM1
SIM2
SIM3
SIM4
1
21
22
SIM5
SIM1
SIM2
SIM3
SIM4
1
21
22
SIM5
SIM1
SIM2
SIM3
SIM4
1
21
22
SIM5
SIM1
SIM2
SIM3
SIM4
1
21
22
SIM5
SIM1
SIM2
SIM3
SIM4
1
21
22
SIM5
SIM1
SIM2
SIM3
SIM4
1
21
22
SIM5
SIM1
SIM2
SIM3
SIM4
1
21
22
SIM5
SIM1
SIM2
SIM3
SIM4
1
21
22
SIM5
SIM1
SIM2
SIM3
SIM4
1
21
22
SIM5
SIM1
SIM2
SIM3
SIM4
1
21
22
SIM5
SIM1
SIM2
SIM3
SIM4
1
21
22
SIM5
SIM1
SIM2
SIM3
SIM4
1
21
22
SIM5
SIM1
SIM2
SIM3
SIM4
1
21
22
SIM5
SIM1
SIM2
SIM3
SIM4
1
21
22
SIM5
SIM1
SIM2
SIM3
SIM4
1
21
22
SIM5
SIM1
SIM2
SIM3
SIM4
1
21
22
SIM5
SIM1
SIM2
SIM3
SIM4
1
21
22
SIM5
SIM1
SIM2
SIM3
SIM4
1
21
22
SIM5
SIM1
SIM2
SIM3
SIM4
1
21
22
SIM5
SIM1
SIM2
SIM3
SIM4
1
21
22
SIM5
SIM1
SIM2
SIM3
SIM4
1
21
22
SIM5
SIM1
SIM2
SIM3
SIM4
1
21
22
SIM5
SIM1
SIM2
SIM3
SIM4
1
21
22
SIM5
SIM1
SIM2
SIM3
SIM4
1
21
22
SIM5
SIM1
SIM2
SIM3
SIM4
1
21
22
SIM5
SIM1
SIM2
SIM3
SIM4
1
21
22
SIM5
SIM1
SIM2
SIM3
SIM4
1
21
22
SIM5
SIM1
SIM2
SIM3
SIM4
1
21
22
SIM5
SIM1
SIM2
SIM3
SIM4
1
21
22
SIM5
SIM1
SIM2
SIM3
SIM4
1
21
22
SIM5
SIM1
SIM2
SIM3
SIM4
1
21
22
SIM5
SIM1
SIM2
SIM3
SIM4
1
21
22
SIM5
SIM1
SIM2
SIM3
SIM4
1
21
22
SIM5
SIM1
SIM2
SIM3
SIM4
1
21
22
SIM5
SIM1
SIM2
SIM3
SIM4
1
21
22
SIM5
SIM1
SIM2
SIM3
SIM4
1
21
22
SIM5
SIM1
SIM2
SIM3
SIM4
1
21
22
SIM5
SIM1
SIM2
SIM3
SIM4
1
21
22
SIM5
SIM1
SIM2
SIM3
SIM4
1
21
22
SIM5
SIM1
SIM2
SIM3
SIM4
1
21
22
SIM5
SIM1
SIM2
SIM3
SIM4
1
21
22
SIM5
SIM1
SIM2
SIM3
SIM4
1
21
22
SIM5
SIM1
SIM2
SIM3
SIM4
1
21
22
SIM5
SIM1
SIM2
SIM3
SIM4
1
21
22
SIM5
SIM1
SIM2
SIM3
SIM4
1
21
22
SIM5
SIM1
SIM2
SIM3
SIM4
1
21
22
SIM5
SIM1
SIM2
SIM3
SIM4
1
21
22
SIM5
SIM1
SIM2
SIM3
SIM4
1
21
22
SIM5
SIM1
SIM2
SIM3
SIM4
1
21
22
SIM5
SIM1
SIM2
SIM3
SIM4
1
21
22
SIM5
SIM1
SIM2
SIM3
SIM4
1
21
22
SIM5
SIM1
SIM2
SIM3
SIM4
1
21
22
SIM5
SIM1
SIM2
SIM3
SIM4
1
21
22
SIM5
SIM1
SIM2
SIM3
SIM4
1
21
22
SIM5
SIM1
SIM2
SIM3
SIM4
1
21
22
SIM5
SIM1
SIM2
SIM3
SIM4
1
21
22
SIM5
SIM1
SIM2
SIM3
SIM4
1
21
22
SIM5
SIM1
SIM2
SIM3
SIM4
1
21
22
SIM5
SIM1
SIM2
SIM3
SIM4
1
21
22
SIM5
SIM1
SIM2
SIM3
SIM4
1
21
22
SIM5
SIM1
SIM2
SIM3
SIM4
1
21
22
SIM5
SIM1
SIM2
SIM3
SIM4
1
21
22
SIM5
SIM1
SIM2
SIM3
SIM4
1
21
22
SIM5
SIM1
SIM2
SIM3
SIM4
1
21
22
SIM5
SIM1
SIM2
SIM3
SIM4
1
21
22
SIM5
SIM1
SIM2
SIM3
SIM4
1
21
22
SIM5
SIM1
SIM2
SIM3
SIM4
1
21
22
SIM5
SIM1
SIM2
SIM3
SIM4
1
21
22
SIM5
SIM1
SIM2
SIM3
SIM4
1
21
22
SIM5
SIM1
SIM2
SIM3
SIM4
1
21
22
SIM5
SIM1
SIM2
SIM3
SIM4
1
21
22
SIM5
SIM1
SIM2
SIM3
SIM4
1
21
22
SIM5
SIM1
SIM2
SIM3
SIM4
1
21
22
SIM5
SIM1
SIM2
SIM3
SIM4
1
21
22
SIM5
SIM1
SIM2
SIM3
SIM4
1
21
22
SIM5
SIM1
SIM2
SIM3
SIM4
1
21
22
SIM5
SIM1
SIM2
SIM3
SIM4
1
21
22
SIM5
SIM1
SIM2
SIM3
SIM4
1
21
22
SIM5
SIM1
SIM2
SIM3
SIM4
1
21
22
SIM5
SIM1
SIM2
SIM3
SIM4
1
21
22
SIM5
SIM1
SIM2
SIM3
SIM4
1
21
22
SIM5
SIM1
SIM2
SIM3
SIM4
1
21
22
SIM5
SIM1
SIM2
SIM3
SIM4
1
21
22
SIM5
SIM1
SIM2
SIM3
SIM4
1
21
22
SIM5
SIM1
SIM2
SIM3
SIM4
1
21
22
SIM5
SIM1
SIM2
SIM3
SIM4
1
21
22
SIM5
SIM1
SIM2
SIM3
SIM4
1
21
22
SIM5
SIM1
SIM2
SIM3
SIM4
1
21
22
SIM5
SIM1
SIM2
SIM3
SIM4
1
21
22
SIM5
SIM1
SIM2
SIM3
SIM4
1
21
22
SIM5
SIM1
SIM2
DEBUG 1 68
SIM1
SIM2
SIM3
SIM4
1
21
22
SIM5
SIM1
SIM2
SIM3
SIM4
1
21
22
SIM5
SIM1
SIM2
SIM3
SIM4
1
21
22
SIM5
SIM1
SIM2
SIM3
SIM4
1
21
22
SIM5
SIM1
SIM2
SIM3
SIM4
1
21
22
SIM5
SIM1
SIM2
SIM3
SIM4
1
21
22
SIM5
SIM1
SIM2
SIM3
SIM4
1
21
22
SIM5
SIM1
SIM2
SIM3
SIM4
1
21
22
SIM5
SIM1
SIM2
SIM3
SIM4
1
21
22
SIM5
SIM1
SIM2
SIM3
SIM4
1
21
22
SIM5
SIM1
SIM2
SIM3
SIM4
1
21
22
SIM5
SIM1
SIM2
SIM3
SIM4
1
21
22
SIM5
SIM1
SIM2
SIM3
SIM4
1
21
22
SIM5
SIM1
SIM2
SIM3
SIM4
1
21
22
SIM5
SIM1
SIM2
SIM3
SIM4
1
21
22
SIM5
SIM1
SIM2
SIM3
SIM4
1
21
22
SIM5
SIM1
SIM2
SIM3
SIM4
1
21
22
SIM5
SIM1
SIM2
SIM3
SIM4
1
21
22
SIM5
SIM1
SIM2
SIM3
SIM4
1
21
22
SIM5
SIM1
SIM2
SIM3
SIM4
1
21
22
SIM5
SIM1
SIM2
SIM3
SIM4
1
21
22
SIM5
SIM1
SIM2
SIM3
SIM4
1
21
22
SIM5
SIM1
SIM2
SIM3
SIM4
1
21
22
SIM5
SIM1
SIM2
SIM3
SIM4
1
21
22
SIM5
SIM1
SIM2
SIM3
SIM4
1
21
22
SIM5
SIM1
SIM2
SIM3
SIM4
1
21
22
SIM5
SIM1
SIM2
SIM3
SIM4
1
21
22
SIM5
SIM1
SIM2
SIM3
SIM4
1
21
22
SIM5
SIM1
SIM2
SIM3
SIM4
1
21
22
SIM5
SIM1
SIM2
SIM3
SIM4
1
21
22
SIM5
SIM1
SIM2
SIM3
SIM4
1
21
22
SIM5
SIM1
SIM2
SIM3
SIM4
1
21
22
SIM5
SIM1
SIM2
SIM3
SIM4
1
21
22
SIM5
SIM1
SIM2
SIM3
SIM4
1
21
22
SIM5
SIM1
SIM2
SIM3
SIM4
1
21
22
SIM5
SIM1
SIM2
SIM3
SIM4
1
21
22
SIM5
SIM1
SIM2
SIM3
SIM4
1
21
22
SIM5
SIM1
SIM2
SIM3
SIM4
1
21
22
SIM5
SIM1
SIM2
SIM3
SIM4
1
21
22
SIM5
SIM1
SIM2
SIM3
SIM4
1
21
22
SIM5
SIM1
SIM2
SIM3
SIM4
1
21
22
SIM5
SIM1
SIM2
SIM3
SIM4
1
21
22
SIM5
SIM1
SIM2
SIM3
SIM4
1
21
22
SIM5
SIM1
SIM2
SIM3
SIM4
1
21
22
SIM5
SIM1
SIM2
SIM3
SIM4
1
21
22
SIM5
SIM1
SIM2
SIM3
SIM4
1
21
22
SIM5
SIM1
SIM2
SIM3
SIM4
1
21
22
SIM5
SIM1
SIM2
SIM3
SIM4
1
21
22
SIM5
SIM1
SIM2
SIM3
SIM4
1
21
22
SIM5
SIM1
SIM2
SIM3
SIM4
1
21
22
SIM5
SIM1
SIM2
SIM3
SIM4
1
21
22
SIM5
SIM1
SIM2
SIM3
SIM4
1
21
22
SIM5
SIM1
SIM2
SIM3
SIM4
1
21
22
SIM5
SIM1
SIM2
SIM3
SIM4
1
21
22
SIM5
SIM1
SIM2
SIM3
SIM4
1
21
22
SIM5
SIM1
SIM2
SIM3
SIM4
1
21
22
SIM5
SIM1
SIM2
SIM3
SIM4
1
21
22
SIM5
SIM1
SIM2
SIM3
SIM4
1
21
22
SIM5
SIM1
SIM2
SIM3
SIM4
1
21
22
SIM5
SIM1
SIM2
SIM3
SIM4
1
21
22
SIM5
SIM1
SIM2
SIM3
SIM4
1
21
22
SIM5
SIM1
SIM2
SIM3
SIM4
1
21
22
SIM5
SIM1
SIM2
SIM3
SIM4
1
21
22
SIM5
SIM1
SIM2
SIM3
SIM4
1
21
22
SIM5
SIM1
SIM2
SIM3
SIM4
1
21
22
SIM5
SIM1
SIM2
SIM3
SIM4
1
21
22
SIM5
SIM1
SIM2
SIM3
SIM4
1
21
22
SIM5
SIM1
SIM2
SIM3
SIM4
1
21
22
SIM5
SIM1
SIM2
SIM3
SIM4
1
21
22
SIM5
SIM1
SIM2
SIM3
SIM4
1
21
22
SIM5
SIM1
SIM2
SIM3
SIM4
1
21
22
SIM5
SIM1
SIM2
SIM3
SIM4
1
21
22
SIM5
SIM1
SIM2
SIM3
SIM4
1
21
22
SIM5
SIM1
SIM2
SIM3
SIM4
1
21
22
SIM5
SIM1
SIM2
SIM3
SIM4
1
21
22
SIM5
SIM1
SIM2
SIM3
SIM4
1
21
22
SIM5
SIM1
SIM2
SIM3
SIM4
1
21
22
SIM5
SIM1
SIM2
SIM3
SIM4
1
21
22
SIM5
SIM1
SIM2
SIM3
SIM4
1
21
22
SIM5
SIM1
SIM2
SIM3
SIM4
1
21
22
SIM5
SIM1
SIM2
SIM3
SIM4
1
21
22
SIM5
SIM1
SIM2
SIM3
SIM4
1
21
22
SIM5
SIM1
SIM2
SIM3
SIM4
1
21
22
SIM5
SIM1
SIM2
SIM3
SIM4
1
21
22
SIM5
SIM1
SIM2
SIM3
SIM4
1
21
22
SIM5
SIM1
SIM2
SIM3
SIM4
1
21
22
SIM5
SIM1
SIM2
SIM3
SIM4
1
21
22
SIM5
SIM1
SIM2
SIM3
SIM4
1
21
22
SIM5
SIM1
SIM2
SIM3
SIM4
1
21
22
SIM5
SIM1
SIM2
SIM3
SIM4
1
21
22
SIM5
SIM1
SIM2
SIM3
SIM4
1
21
22
SIM5
SIM1
SIM2
SIM3
SIM4
1
21
22
SIM5
SIM1
SIM2
SIM3
SIM4
1
21
22
SIM5
SIM1
SIM2
SIM3
SIM4
1
21
22
SIM5
SIM1
SIM2
SIM3
SIM4
1
21
22
SIM5
SIM1
SIM2
SIM3
SIM4
1
21
22
SIM5
SIM1
SIM2
SIM3
SIM4
1
21
22
SIM5
SIM1
SIM2
SIM3
SIM4
1
21
22
SIM5
SIM1
SIM2
SIM3
SIM4
1
21
22
SIM5
SIM1
SIM2
SIM3
SIM4
1
21
22
SIM5
SIM1
SIM2
SIM3
SIM4
1
21
22
SIM5
SIM1
SIM2
SIM3
SIM4
1
21
22
SIM5
SIM1
SIM2
SIM3
SIM4
1
21
22
SIM5
SIM1
SIM2
SIM3
SIM4
1
21
22
SIM5
SIM1
SIM2
SIM3
SIM4
1
21
22
SIM5
SIM1
SIM2
SIM3
SIM4
1
21
22
SIM5
SIM1
SIM2
SIM3
SIM4
1
21
22
SIM5
SIM1
SIM2
SIM3
SIM4
1
21
22
SIM5
SIM1
SIM2
SIM3
SIM4
1
21
22
SIM5
SIM1
SIM2
SIM3
SIM4
1
21
22
SIM5
SIM1
SIM2
SIM3
SIM4
1
21
22
SIM5
SIM1
SIM2
SIM3
SIM4
1
21
22
SIM5
SIM1
SIM2
SIM3
SIM4
1
21
22
SIM5
SIM1
SIM2
SIM3
SIM4
1
21
22
SIM5
SIM1
SIM2
SIM3
SIM4
1
21
22
SIM5
SIM1
SIM2
SIM3
SIM4
1
21
22
SIM5
SIM1
SIM2
SIM3
SIM4
1
21
22
SIM5
SIM1
SIM2
SIM3
SIM4
1
21
22
SIM5
SIM1
SIM2
SIM3
SIM4
1
21
22
SIM5
SIM1
SIM2
SIM3
SIM4
1
21
22
SIM5
SIM1
SIM2
SIM3
SIM4
1
21
22
SIM5
SIM1
SIM2
SIM3
SIM4
1
21
22
SIM5
SIM1
SIM2
SIM3
SIM4
1
21
22
SIM5
SIM1
SIM2
SIM3
SIM4
1
21
22
SIM5
SIM1
SIM2
SIM3
SIM4
1
21
22
SIM5
SIM1
SIM2
SIM3
SIM4
1
21
22
SIM5
SIM1
SIM2
SIM3
SIM4
1
21
22
SIM5
SIM1
SIM2
SIM3
SIM4
1
21
22
SIM5
SIM1
SIM2
SIM3
SIM4
1
21
22
SIM5
SIM1
SIM2
SIM3
SIM4
1
21
22
SIM5
SIM1
SIM2
SIM3
SIM4
1
21
22
SIM5
SIM1
SIM2
SIM3
SIM4
1
21
22
SIM5
SIM1
SIM2
SIM3
SIM4
1
21
22
SIM5
SIM1
SIM2
SIM3
SIM4
1
21
22
SIM5
SIM1
SIM2
SIM3
SIM4
1
21
22
SIM5
SIM1
SIM2
SIM3
SIM4
1
21
22
SIM5
SIM1
SIM2
SIM3
SIM4
1
21
22
SIM5
SIM1
SIM2
SIM3
SIM4
1
21
22
SIM5
SIM1
SIM2
SIM3
SIM4
1
21
22
SIM5
SIM1
SIM2
SIM3
SIM4
1
21
22
SIM5
SIM1
SIM2
SIM3
SIM4
1
21
22
SIM5
SIM1
SIM2
SIM3
SIM4
1
21
22
SIM5
SIM1
SIM2
SIM3
SIM4
1
21
22
SIM5
SIM1
SIM2
SIM3
SIM4
1
21
22
SIM5
SIM1
SIM2
SIM3
SIM4
1
21
22
SIM5
SIM1
SIM2
SIM3
SIM4
1
21
22
SIM5
SIM1
SIM2
SIM3
SIM4
1
21
22
SIM5
SIM1
SIM2
SIM3
SIM4
1
21
22
SIM5
SIM1
SIM2
SIM3
SIM4
1
21
22
SIM5
SIM1
SIM2
SIM3
SIM4
1
21
22
SIM5
SIM1
SIM2
SIM3
SIM4
1
21
22
SIM5
SIM1
SIM2
SIM3
SIM4
1
21
22
SIM5
SIM1
SIM2
SIM3
SIM4
1
21
22
SIM5
SIM1
SIM2
SIM3
SIM4
1
21
22
SIM5
SIM1
SIM2
SIM3
SIM4
1
21
22
SIM5
SIM1
SIM2
SIM3
SIM4
1
21
22
SIM5
SIM1
SIM2
SIM3
SIM4
1
21
22
SIM5
SIM1
SIM2
SIM3
SIM4
1
21
22
SIM5
SIM1
SIM2
SIM3
SIM4
1
21
22
SIM5
SIM1
SIM2
SIM3
SIM4
1
21
22
SIM5
SIM1
SIM2
SIM3
SIM4
1
21
22
SIM5
SIM1
SIM2
SIM3
SIM4
1
21
22
SIM5
SIM1
SIM2
SIM3
SIM4
1
21
22
SIM5
SIM1
SIM2
SIM3
SIM4
1
21
22
SIM5
SIM1
SIM2
SIM3
SIM4
1
21
22
SIM5
SIM1
SIM2
SIM3
SIM4
1
21
22
SIM5
SIM1
SIM2
SIM3
SIM4
1
21
22
SIM5
SIM1
SIM2
SIM3
SIM4
1
21
22
SIM5
SIM1
SIM2
SIM3
SIM4
1
21
22
SIM5
SIM1
SIM2
SIM3
SIM4
1
21
22
SIM5
SIM1
SIM2
SIM3
SIM4
1
21
22
SIM5
SIM1
SIM2
SIM3
SIM4
1
21
22
SIM5
SIM1
SIM2
SIM3
SIM4
1
21
22
SIM5
SIM1
SIM2
SIM3
SIM4
1
21
22
SIM5
SIM1
SIM2
SIM3
SIM4
1
21
22
SIM5
SIM1
SIM2
SIM3
SIM4
1
21
22
SIM5
SIM1
SIM2
SIM3
SIM4
1
21
22
SIM5
SIM1
SIM2
SIM3
SIM4
1
21
22
SIM5
SIM1
SIM2
SIM3
SIM4
1
21
22
SIM5
SIM1
SIM2
SIM3
SIM4
1
21
22
SIM5
SIM1
SIM2
SIM3
SIM4
1
21
22
SIM5
SIM1
SIM2
SIM3
SIM4
1
21
22
SIM5
SIM1
SIM2
SIM3
SIM4
1
21
22
SIM5
SIM1
SIM2
SIM3
SIM4
1
21
22
SIM5
SIM1
SIM2
SIM3
SIM4
1
21
22
SIM5
SIM1
SIM2
SIM3
SIM4
1
21
22
SIM5
SIM1
SIM2
SIM3
SIM4
1
21
22
SIM5
SIM1
SIM2
SIM3
SIM4
1
21
22
SIM5
SIM1
SIM2
SIM3
SIM4
1
21
22
SIM5
SIM1
SIM2
SIM3
SIM4
1
21
22
SIM5
SIM1
SIM2
SIM3
SIM4
1
21
22
SIM5
SIM1
SIM2
SIM3
SIM4
1
21
22
SIM5
SIM1
SIM2
SIM3
SIM4
1
21
22
SIM5
SIM1
SIM2
SIM3
SIM4
1
21
22
SIM5
SIM1
SIM2
SIM3
SIM4
1
21
22
SIM5
SIM1
SIM2
SIM3
SIM4
1
21
22
SIM5
SIM1
SIM2
SIM3
SIM4
1
21
22
SIM5
SIM1
SIM2
SIM3
SIM4
1
21
22
SIM5
SIM1
SIM2
SIM3
SIM4
1
21
22
SIM5
SIM1
SIM2
SIM3
SIM4
1
21
22
SIM5
SIM1
SIM2
SIM3
SIM4
1
21
22
SIM5
SIM1
SIM2
DEBUG 1 69
SIM1
SIM2
SIM3
SIM4
1
21
22
SIM5
SIM1
SIM2
SIM3
SIM4
1
21
22
SIM5
SIM1
SIM2
SIM3
SIM4
1
21
22
SIM5
SIM1
SIM2
SIM3
SIM4
1
21
22
SIM5
SIM1
SIM2
SIM3
SIM4
1
21
22
SIM5
SIM1
SIM2
SIM3
SIM4
1
21
22
SIM5
SIM1
SIM2
SIM3
SIM4
1
21
22
SIM5
SIM1
SIM2
SIM3
SIM4
1
21
22
SIM5
SIM1
SIM2
SIM3
SIM4
1
21
22
SIM5
SIM1
SIM2
SIM3
SIM4
1
21
22
SIM5
SIM1
SIM2
SIM3
SIM4
1
21
22
SIM5
SIM1
SIM2
SIM3
SIM4
1
21
22
SIM5
SIM1
SIM2
SIM3
SIM4
1
21
22
SIM5
SIM1
SIM2
SIM3
SIM4
1
21
22
SIM5
SIM1
SIM2
SIM3
SIM4
1
21
22
SIM5
SIM1
SIM2
SIM3
SIM4
1
21
22
SIM5
SIM1
SIM2
SIM3
SIM4
1
21
22
SIM5
SIM1
SIM2
SIM3
SIM4
1
21
22
SIM5
SIM1
SIM2
SIM3
SIM4
1
21
22
SIM5
SIM1
SIM2
SIM3
SIM4
1
21
22
SIM5
SIM1
SIM2
SIM3
SIM4
1
21
22
SIM5
SIM1
SIM2
SIM3
SIM4
1
21
22
SIM5
SIM1
SIM2
SIM3
SIM4
1
21
22
SIM5
SIM1
SIM2
SIM3
SIM4
1
21
22
SIM5
SIM1
SIM2
SIM3
SIM4
1
21
22
SIM5
SIM1
SIM2
SIM3
SIM4
1
21
22
SIM5
SIM1
SIM2
SIM3
SIM4
1
21
22
SIM5
SIM1
SIM2
SIM3
SIM4
1
21
22
SIM5
SIM1
SIM2
SIM3
SIM4
1
21
22
SIM5
SIM1
SIM2
SIM3
SIM4
1
21
22
SIM5
SIM1
SIM2
SIM3
SIM4
1
21
22
SIM5
SIM1
SIM2
SIM3
SIM4
1
21
22
SIM5
SIM1
SIM2
SIM3
SIM4
1
21
22
SIM5
SIM1
SIM2
SIM3
SIM4
1
21
22
SIM5
SIM1
SIM2
SIM3
SIM4
1
21
22
SIM5
SIM1
SIM2
SIM3
SIM4
1
21
22
SIM5
SIM1
SIM2
SIM3
SIM4
1
21
22
SIM5
SIM1
SIM2
SIM3
SIM4
1
21
22
SIM5
SIM1
SIM2
SIM3
SIM4
1
21
22
SIM5
SIM1
SIM2
SIM3
SIM4
1
21
22
SIM5
SIM1
SIM2
SIM3
SIM4
1
21
22
SIM5
SIM1
SIM2
SIM3
SIM4
1
21
22
SIM5
SIM1
SIM2
SIM3
SIM4
1
21
22
SIM5
SIM1
SIM2
SIM3
SIM4
1
21
22
SIM5
SIM1
SIM2
SIM3
SIM4
1
21
22
SIM5
SIM1
SIM2
SIM3
SIM4
1
21
22
SIM5
SIM1
SIM2
SIM3
SIM4
1
21
22
SIM5
SIM1
SIM2
SIM3
SIM4
1
21
22
SIM5
SIM1
SIM2
SIM3
SIM4
1
21
22
SIM5
SIM1
SIM2
SIM3
SIM4
1
21
22
SIM5
SIM1
SIM2
SIM3
SIM4
1
21
22
SIM5
SIM1
SIM2
SIM3
SIM4
1
21
22
SIM5
SIM1
SIM2
SIM3
SIM4
1
21
22
SIM5
SIM1
SIM2
SIM3
SIM4
1
21
22
SIM5
SIM1
SIM2
SIM3
SIM4
1
21
22
SIM5
SIM1
SIM2
SIM3
SIM4
1
21
22
SIM5
SIM1
SIM2
SIM3
SIM4
1
21
22
SIM5
SIM1
SIM2
SIM3
SIM4
1
21
22
SIM5
SIM1
SIM2
SIM3
SIM4
1
21
22
SIM5
SIM1
SIM2
SIM3
SIM4
1
21
22
SIM5
SIM1
SIM2
SIM3
SIM4
1
21
22
SIM5
SIM1
SIM2
SIM3
SIM4
1
21
22
SIM5
SIM1
SIM2
SIM3
SIM4
1
21
22
SIM5
SIM1
SIM2
SIM3
SIM4
1
21
22
SIM5
SIM1
SIM2
SIM3
SIM4
1
21
22
SIM5
SIM1
SIM2
SIM3
SIM4
1
21
22
SIM5
SIM1
SIM2
SIM3
SIM4
1
21
22
SIM5
SIM1
SIM2
SIM3
SIM4
1
21
22
SIM5
SIM1
SIM2
SIM3
SIM4
1
21
22
SIM5
SIM1
SIM2
SIM3
SIM4
1
21
22
SIM5
SIM1
SIM2
SIM3
SIM4
1
21
22
SIM5
SIM1
SIM2
SIM3
SIM4
1
21
22
SIM5
SIM1
SIM2
SIM3
SIM4
1
21
22
SIM5
SIM1
SIM2
SIM3
SIM4
1
21
22
SIM5
SIM1
SIM2
SIM3
SIM4
1
21
22
SIM5
SIM1
SIM2
SIM3
SIM4
1
21
22
SIM5
SIM1
SIM2
SIM3
SIM4
1
21
22
SIM5
SIM1
SIM2
SIM3
SIM4
1
21
22
SIM5
SIM1
SIM2
SIM3
SIM4
1
21
22
SIM5
SIM1
SIM2
SIM3
SIM4
1
21
22
SIM5
SIM1
SIM2
SIM3
SIM4
1
21
22
SIM5
SIM1
SIM2
SIM3
SIM4
1
21
22
SIM5
SIM1
SIM2
SIM3
SIM4
1
21
22
SIM5
SIM1
SIM2
SIM3
SIM4
1
21
22
SIM5
SIM1
SIM2
SIM3
SIM4
1
21
22
SIM5
SIM1
SIM2
SIM3
SIM4
1
21
22
SIM5
SIM1
SIM2
SIM3
SIM4
1
21
22
SIM5
SIM1
SIM2
SIM3
SIM4
1
21
22
SIM5
SIM1
SIM2
SIM3
SIM4
1
21
22
SIM5
SIM1
SIM2
SIM3
SIM4
1
21
22
SIM5
SIM1
SIM2
SIM3
SIM4
1
21
22
SIM5
SIM1
SIM2
SIM3
SIM4
1
21
22
SIM5
SIM1
SIM2
SIM3
SIM4
1
21
22
SIM5
SIM1
SIM2
SIM3
SIM4
1
21
22
SIM5
SIM1
SIM2
SIM3
SIM4
1
21
22
SIM5
SIM1
SIM2
SIM3
SIM4
1
21
22
SIM5
SIM1
SIM2
SIM3
SIM4
1
21
22
SIM5
SIM1
SIM2
SIM3
SIM4
1
21
22
SIM5
SIM1
SIM2
SIM3
SIM4
1
21
22
SIM5
SIM1
SIM2
SIM3
SIM4
1
21
22
SIM5
SIM1
SIM2
SIM3
SIM4
1
21
22
SIM5
SIM1
SIM2
SIM3
SIM4
1
21
22
SIM5
SIM1
SIM2
SIM3
SIM4
1
21
22
SIM5
SIM1
SIM2
SIM3
SIM4
1
21
22
SIM5
SIM1
SIM2
SIM3
SIM4
1
21
22
SIM5
SIM1
SIM2
SIM3
SIM4
1
21
22
SIM5
SIM1
SIM2
SIM3
SIM4
1
21
22
SIM5
SIM1
SIM2
SIM3
SIM4
1
21
22
SIM5
SIM1
SIM2
SIM3
SIM4
1
21
22
SIM5
SIM1
SIM2
SIM3
SIM4
1
21
22
SIM5
SIM1
SIM2
SIM3
SIM4
1
21
22
SIM5
SIM1
SIM2
SIM3
SIM4
1
21
22
SIM5
SIM1
SIM2
SIM3
SIM4
1
21
22
SIM5
SIM1
SIM2
SIM3
SIM4
1
21
22
SIM5
SIM1
SIM2
SIM3
SIM4
1
21
22
SIM5
SIM1
SIM2
SIM3
SIM4
1
21
22
SIM5
SIM1
SIM2
SIM3
SIM4
1
21
22
SIM5
SIM1
SIM2
SIM3
SIM4
1
21
22
SIM5
SIM1
SIM2
SIM3
SIM4
1
21
22
SIM5
SIM1
SIM2
SIM3
SIM4
1
21
22
SIM5
SIM1
SIM2
SIM3
SIM4
1
21
22
SIM5
SIM1
SIM2
SIM3
SIM4
1
21
22
SIM5
SIM1
SIM2
SIM3
SIM4
1
21
22
SIM5
SIM1
SIM2
SIM3
SIM4
1
21
22
SIM5
SIM1
SIM2
SIM3
SIM4
1
21
22
SIM5
SIM1
SIM2
SIM3
SIM4
1
21
22
SIM5
SIM1
SIM2
SIM3
SIM4
1
21
22
SIM5
SIM1
SIM2
SIM3
SIM4
1
21
22
SIM5
SIM1
SIM2
SIM3
SIM4
1
21
22
SIM5
SIM1
SIM2
SIM3
SIM4
1
21
22
SIM5
SIM1
SIM2
SIM3
SIM4
1
21
22
SIM5
SIM1
SIM2
SIM3
SIM4
1
21
22
SIM5
SIM1
SIM2
SIM3
SIM4
1
21
22
SIM5
SIM1
SIM2
SIM3
SIM4
1
21
22
SIM5
SIM1
SIM2
SIM3
SIM4
1
21
22
SIM5
SIM1
SIM2
SIM3
SIM4
1
21
22
SIM5
SIM1
SIM2
SIM3
SIM4
1
21
22
SIM5
SIM1
SIM2
SIM3
SIM4
1
21
22
SIM5
SIM1
SIM2
SIM3
SIM4
1
21
22
SIM5
SIM1
SIM2
SIM3
SIM4
1
21
22
SIM5
SIM1
SIM2
SIM3
SIM4
1
21
22
SIM5
SIM1
SIM2
SIM3
SIM4
1
21
22
SIM5
SIM1
SIM2
SIM3
SIM4
1
21
22
SIM5
SIM1
SIM2
SIM3
SIM4
1
21
22
SIM5
SIM1
SIM2
SIM3
SIM4
1
21
22
SIM5
SIM1
SIM2
SIM3
SIM4
1
21
22
SIM5
SIM1
SIM2
SIM3
SIM4
1
21
22
SIM5
SIM1
SIM2
SIM3
SIM4
1
21
22
SIM5
SIM1
SIM2
SIM3
SIM4
1
21
22
SIM5
SIM1
SIM2
SIM3
SIM4
1
21
22
SIM5
SIM1
SIM2
SIM3
SIM4
1
21
22
SIM5
SIM1
SIM2
SIM3
SIM4
1
21
22
SIM5
SIM1
SIM2
SIM3
SIM4
1
21
22
SIM5
SIM1
SIM2
SIM3
SIM4
1
21
22
SIM5
SIM1
SIM2
SIM3
SIM4
1
21
22
SIM5
SIM1
SIM2
SIM3
SIM4
1
21
22
SIM5
SIM1
SIM2
SIM3
SIM4
1
21
22
SIM5
SIM1
SIM2
SIM3
SIM4
1
21
22
SIM5
SIM1
SIM2
SIM3
SIM4
1
21
22
SIM5
SIM1
SIM2
SIM3
SIM4
1
21
22
SIM5
SIM1
SIM2
SIM3
SIM4
1
21
22
SIM5
SIM1
SIM2
SIM3
SIM4
1
21
22
SIM5
SIM1
SIM2
SIM3
SIM4
1
21
22
SIM5
SIM1
SIM2
SIM3
SIM4
1
21
22
SIM5
SIM1
SIM2
SIM3
SIM4
1
21
22
SIM5
SIM1
SIM2
SIM3
SIM4
1
21
22
SIM5
SIM1
SIM2
DEBUG 1 70
SIM1
SIM2
SIM3
SIM4
1
21
22
SIM5
SIM1
SIM2
SIM3
SIM4
1
21
22
SIM5
SIM1
SIM2
SIM3
SIM4
1
21
22
SIM5
SIM1
SIM2
SIM3
SIM4
1
21
22
SIM5
SIM1
SIM2
SIM3
SIM4
1
21
22
SIM5
SIM1
SIM2
SIM3
SIM4
1
21
22
SIM5
SIM1
SIM2
SIM3
SIM4
1
21
22
SIM5
SIM1
SIM2
SIM3
SIM4
1
21
22
SIM5
SIM1
SIM2
SIM3
SIM4
1
21
22
SIM5
SIM1
SIM2
SIM3
SIM4
1
21
22
SIM5
SIM1
SIM2
SIM3
SIM4
1
21
22
SIM5
SIM1
SIM2
SIM3
SIM4
1
21
22
SIM5
SIM1
SIM2
SIM3
SIM4
1
21
22
SIM5
SIM1
SIM2
SIM3
SIM4
1
21
22
SIM5
SIM1
SIM2
SIM3
SIM4
1
21
22
SIM5
SIM1
SIM2
SIM3
SIM4
1
21
22
SIM5
SIM1
SIM2
SIM3
SIM4
1
21
22
SIM5
SIM1
SIM2
SIM3
SIM4
1
21
22
SIM5
SIM1
SIM2
SIM3
SIM4
1
21
22
SIM5
SIM1
SIM2
SIM3
SIM4
1
21
22
SIM5
SIM1
SIM2
SIM3
SIM4
1
21
22
SIM5
SIM1
SIM2
SIM3
SIM4
1
21
22
SIM5
SIM1
SIM2
SIM3
SIM4
1
21
22
SIM5
SIM1
SIM2
SIM3
SIM4
1
21
22
SIM5
SIM1
SIM2
SIM3
SIM4
1
21
22
SIM5
SIM1
SIM2
SIM3
SIM4
1
21
22
SIM5
SIM1
SIM2
SIM3
SIM4
1
21
22
SIM5
SIM1
SIM2
SIM3
SIM4
1
21
22
SIM5
SIM1
SIM2
SIM3
SIM4
1
21
22
SIM5
SIM1
SIM2
SIM3
SIM4
1
21
22
SIM5
SIM1
SIM2
SIM3
SIM4
1
21
22
SIM5
SIM1
SIM2
SIM3
SIM4
1
21
22
SIM5
SIM1
SIM2
SIM3
SIM4
1
21
22
SIM5
SIM1
SIM2
SIM3
SIM4
1
21
22
SIM5
SIM1
SIM2
SIM3
SIM4
1
21
22
SIM5
SIM1
SIM2
SIM3
SIM4
1
21
22
SIM5
SIM1
SIM2
SIM3
SIM4
1
21
22
SIM5
SIM1
SIM2
SIM3
SIM4
1
21
22
SIM5
SIM1
SIM2
SIM3
SIM4
1
21
22
SIM5
SIM1
SIM2
SIM3
SIM4
1
21
22
SIM5
SIM1
SIM2
SIM3
SIM4
1
21
22
SIM5
SIM1
SIM2
SIM3
SIM4
1
21
22
SIM5
SIM1
SIM2
SIM3
SIM4
1
21
22
SIM5
SIM1
SIM2
SIM3
SIM4
1
21
22
SIM5
SIM1
SIM2
SIM3
SIM4
1
21
22
SIM5
SIM1
SIM2
SIM3
SIM4
1
21
22
SIM5
SIM1
SIM2
SIM3
SIM4
1
21
22
SIM5
SIM1
SIM2
SIM3
SIM4
1
21
22
SIM5
SIM1
SIM2
SIM3
SIM4
1
21
22
SIM5
SIM1
SIM2
SIM3
SIM4
1
21
22
SIM5
SIM1
SIM2
SIM3
SIM4
1
21
22
SIM5
SIM1
SIM2
SIM3
SIM4
1
21
22
SIM5
SIM1
SIM2
SIM3
SIM4
1
21
22
SIM5
SIM1
SIM2
SIM3
SIM4
1
21
22
SIM5
SIM1
SIM2
SIM3
SIM4
1
21
22
SIM5
SIM1
SIM2
SIM3
SIM4
1
21
22
SIM5
SIM1
SIM2
SIM3
SIM4
1
21
22
SIM5
SIM1
SIM2
SIM3
SIM4
1
21
22
SIM5
SIM1
SIM2
SIM3
SIM4
1
21
22
SIM5
SIM1
SIM2
SIM3
SIM4
1
21
22
SIM5
SIM1
SIM2
SIM3
SIM4
1
21
22
SIM5
SIM1
SIM2
SIM3
SIM4
1
21
22
SIM5
SIM1
SIM2
SIM3
SIM4
1
21
22
SIM5
SIM1
SIM2
SIM3
SIM4
1
21
22
SIM5
SIM1
SIM2
SIM3
SIM4
1
21
22
SIM5
SIM1
SIM2
SIM3
SIM4
1
21
22
SIM5
SIM1
SIM2
SIM3
SIM4
1
21
22
SIM5
SIM1
SIM2
SIM3
SIM4
1
21
22
SIM5
SIM1
SIM2
SIM3
SIM4
1
21
22
SIM5
SIM1
SIM2
SIM3
SIM4
1
21
22
SIM5
SIM1
SIM2
SIM3
SIM4
1
21
22
SIM5
SIM1
SIM2
SIM3
SIM4
1
21
22
SIM5
SIM1
SIM2
SIM3
SIM4
1
21
22
SIM5
SIM1
SIM2
SIM3
SIM4
1
21
22
SIM5
SIM1
SIM2
SIM3
SIM4
1
21
22
SIM5
SIM1
SIM2
SIM3
SIM4
1
21
22
SIM5
SIM1
SIM2
SIM3
SIM4
1
21
22
SIM5
SIM1
SIM2
SIM3
SIM4
1
21
22
SIM5
SIM1
SIM2
SIM3
SIM4
1
21
22
SIM5
SIM1
SIM2
SIM3
SIM4
1
21
22
SIM5
SIM1
SIM2
SIM3
SIM4
1
21
22
SIM5
SIM1
SIM2
SIM3
SIM4
1
21
22
SIM5
SIM1
SIM2
SIM3
SIM4
1
21
22
SIM5
SIM1
SIM2
SIM3
SIM4
1
21
22
SIM5
SIM1
SIM2
SIM3
SIM4
1
21
22
SIM5
SIM1
SIM2
SIM3
SIM4
1
21
22
SIM5
SIM1
SIM2
SIM3
SIM4
1
21
22
SIM5
SIM1
SIM2
SIM3
SIM4
1
21
22
SIM5
SIM1
SIM2
SIM3
SIM4
1
21
22
SIM5
SIM1
SIM2
SIM3
SIM4
1
21
22
SIM5
SIM1
SIM2
SIM3
SIM4
1
21
22
SIM5
SIM1
SIM2
SIM3
SIM4
1
21
22
SIM5
SIM1
SIM2
SIM3
SIM4
1
21
22
SIM5
SIM1
SIM2
SIM3
SIM4
1
21
22
SIM5
SIM1
SIM2
SIM3
SIM4
1
21
22
SIM5
SIM1
SIM2
SIM3
SIM4
1
21
22
SIM5
SIM1
SIM2
SIM3
SIM4
1
21
22
SIM5
SIM1
SIM2
SIM3
SIM4
1
21
22
SIM5
SIM1
SIM2
SIM3
SIM4
1
21
22
SIM5
SIM1
SIM2
SIM3
SIM4
1
21
22
SIM5
SIM1
SIM2
SIM3
SIM4
1
21
22
SIM5
SIM1
SIM2
SIM3
SIM4
1
21
22
SIM5
SIM1
SIM2
SIM3
SIM4
1
21
22
SIM5
SIM1
SIM2
SIM3
SIM4
1
21
22
SIM5
SIM1
SIM2
SIM3
SIM4
1
21
22
SIM5
SIM1
SIM2
SIM3
SIM4
1
21
22
SIM5
SIM1
SIM2
SIM3
SIM4
1
21
22
SIM5
SIM1
SIM2
SIM3
SIM4
1
21
22
SIM5
SIM1
SIM2
SIM3
SIM4
1
21
22
SIM5
SIM1
SIM2
SIM3
SIM4
1
21
22
SIM5
SIM1
SIM2
SIM3
SIM4
1
21
22
SIM5
SIM1
SIM2
SIM3
SIM4
1
21
22
SIM5
SIM1
SIM2
SIM3
SIM4
1
21
22
SIM5
SIM1
SIM2
SIM3
SIM4
1
21
22
SIM5
SIM1
SIM2
SIM3
SIM4
1
21
22
SIM5
SIM1
SIM2
SIM3
SIM4
1
21
22
SIM5
SIM1
SIM2
SIM3
SIM4
1
21
22
SIM5
SIM1
SIM2
SIM3
SIM4
1
21
22
SIM5
SIM1
SIM2
SIM3
SIM4
1
21
22
SIM5
SIM1
SIM2
SIM3
SIM4
1
21
22
SIM5
SIM1
SIM2
SIM3
SIM4
1
21
22
SIM5
SIM1
SIM2
SIM3
SIM4
1
21
22
SIM5
SIM1
SIM2
SIM3
SIM4
1
21
22
SIM5
SIM1
SIM2
SIM3
SIM4
1
21
22
SIM5
SIM1
SIM2
SIM3
SIM4
1
21
22
SIM5
SIM1
SIM2
SIM3
SIM4
1
21
22
SIM5
SIM1
SIM2
SIM3
SIM4
1
21
22
SIM5
SIM1
SIM2
SIM3
SIM4
1
21
22
SIM5
SIM1
SIM2
SIM3
SIM4
1
21
22
SIM5
SIM1
SIM2
SIM3
SIM4
1
21
22
SIM5
SIM1
SIM2
SIM3
SIM4
1
21
22
SIM5
SIM1
SIM2
SIM3
SIM4
1
21
22
SIM5
SIM1
SIM2
SIM3
SIM4
1
21
22
SIM5
SIM1
SIM2
DEBUG 1 71
SIM1
SIM2
SIM3
SIM4
1
21
22
SIM5
SIM1
SIM2
SIM3
SIM4
1
21
22
SIM5
SIM1
SIM2
SIM3
SIM4
1
21
22
SIM5
SIM1
SIM2
SIM3
SIM4
1
21
22
SIM5
SIM1
SIM2
SIM3
SIM4
1
21
22
SIM5
SIM1
SIM2
SIM3
SIM4
1
21
22
SIM5
SIM1
SIM2
SIM3
SIM4
1
21
22
SIM5
SIM1
SIM2
SIM3
SIM4
1
21
22
SIM5
SIM1
SIM2
SIM3
SIM4
1
21
22
SIM5
SIM1
SIM2
SIM3
SIM4
1
21
22
SIM5
SIM1
SIM2
SIM3
SIM4
1
21
22
SIM5
SIM1
SIM2
SIM3
SIM4
1
21
22
SIM5
SIM1
SIM2
SIM3
SIM4
1
21
22
SIM5
SIM1
SIM2
SIM3
SIM4
1
21
22
SIM5
SIM1
SIM2
SIM3
SIM4
1
21
22
SIM5
SIM1
SIM2
SIM3
SIM4
1
21
22
SIM5
SIM1
SIM2
SIM3
SIM4
1
21
22
SIM5
SIM1
SIM2
SIM3
SIM4
1
21
22
SIM5
SIM1
SIM2
SIM3
SIM4
1
21
22
SIM5
SIM1
SIM2
SIM3
SIM4
1
21
22
SIM5
SIM1
SIM2
SIM3
SIM4
1
21
22
SIM5
SIM1
SIM2
SIM3
SIM4
1
21
22
SIM5
SIM1
SIM2
SIM3
SIM4
1
21
22
SIM5
SIM1
SIM2
SIM3
SIM4
1
21
22
SIM5
SIM1
SIM2
SIM3
SIM4
1
21
22
SIM5
SIM1
SIM2
SIM3
SIM4
1
21
22
SIM5
SIM1
SIM2
SIM3
SIM4
1
21
22
SIM5
SIM1
SIM2
SIM3
SIM4
1
21
22
SIM5
SIM1
SIM2
SIM3
SIM4
1
21
22
SIM5
SIM1
SIM2
SIM3
SIM4
1
21
22
SIM5
SIM1
SIM2
SIM3
SIM4
1
21
22
SIM5
SIM1
SIM2
SIM3
SIM4
1
21
22
SIM5
SIM1
SIM2
SIM3
SIM4
1
21
22
SIM5
SIM1
SIM2
SIM3
SIM4
1
21
22
SIM5
SIM1
SIM2
SIM3
SIM4
1
21
22
SIM5
SIM1
SIM2
SIM3
SIM4
1
21
22
SIM5
SIM1
SIM2
SIM3
SIM4
1
21
22
SIM5
SIM1
SIM2
SIM3
SIM4
1
21
22
SIM5
SIM1
SIM2
SIM3
SIM4
1
21
22
SIM5
SIM1
SIM2
SIM3
SIM4
1
21
22
SIM5
SIM1
SIM2
SIM3
SIM4
1
21
22
SIM5
SIM1
SIM2
SIM3
SIM4
1
21
22
SIM5
SIM1
SIM2
SIM3
SIM4
1
21
22
SIM5
SIM1
SIM2
SIM3
SIM4
1
21
22
SIM5
SIM1
SIM2
SIM3
SIM4
1
21
22
SIM5
SIM1
SIM2
SIM3
SIM4
1
21
22
SIM5
SIM1
SIM2
SIM3
SIM4
1
21
22
SIM5
SIM1
SIM2
SIM3
SIM4
1
21
22
SIM5
SIM1
SIM2
SIM3
SIM4
1
21
22
SIM5
SIM1
SIM2
SIM3
SIM4
1
21
22
SIM5
SIM1
SIM2
SIM3
SIM4
1
21
22
SIM5
SIM1
SIM2
SIM3
SIM4
1
21
22
SIM5
SIM1
SIM2
SIM3
SIM4
1
21
22
SIM5
SIM1
SIM2
SIM3
SIM4
1
21
22
SIM5
SIM1
SIM2
SIM3
SIM4
1
21
22
SIM5
SIM1
SIM2
SIM3
SIM4
1
21
22
SIM5
SIM1
SIM2
SIM3
SIM4
1
21
22
SIM5
SIM1
SIM2
SIM3
SIM4
1
21
22
SIM5
SIM1
SIM2
SIM3
SIM4
1
21
22
SIM5
SIM1
SIM2
SIM3
SIM4
1
21
22
SIM5
SIM1
SIM2
SIM3
SIM4
1
21
22
SIM5
SIM1
SIM2
SIM3
SIM4
1
21
22
SIM5
SIM1
SIM2
SIM3
SIM4
1
21
22
SIM5
SIM1
SIM2
SIM3
SIM4
1
21
22
SIM5
SIM1
SIM2
SIM3
SIM4
1
21
22
SIM5
SIM1
SIM2
SIM3
SIM4
1
21
22
SIM5
SIM1
SIM2
SIM3
SIM4
1
21
22
SIM5
SIM1
SIM2
SIM3
SIM4
1
21
22
SIM5
SIM1
SIM2
SIM3
SIM4
1
21
22
SIM5
SIM1
SIM2
SIM3
SIM4
1
21
22
SIM5
SIM1
SIM2
SIM3
SIM4
1
21
22
SIM5
SIM1
SIM2
SIM3
SIM4
1
21
22
SIM5
SIM1
SIM2
SIM3
SIM4
1
21
22
SIM5
SIM1
SIM2
SIM3
SIM4
1
21
22
SIM5
SIM1
SIM2
SIM3
SIM4
1
21
22
SIM5
SIM1
SIM2
SIM3
SIM4
1
21
22
SIM5
SIM1
SIM2
SIM3
SIM4
1
21
22
SIM5
SIM1
SIM2
SIM3
SIM4
1
21
22
SIM5
SIM1
SIM2
SIM3
SIM4
1
21
22
SIM5
SIM1
SIM2
SIM3
SIM4
1
21
22
SIM5
SIM1
SIM2
SIM3
SIM4
1
21
22
SIM5
SIM1
SIM2
SIM3
SIM4
1
21
22
SIM5
SIM1
SIM2
SIM3
SIM4
1
21
22
SIM5
SIM1
SIM2
SIM3
SIM4
1
21
22
SIM5
SIM1
SIM2
SIM3
SIM4
1
21
22
SIM5
SIM1
SIM2
SIM3
SIM4
1
21
22
SIM5
SIM1
SIM2
SIM3
SIM4
1
21
22
SIM5
SIM1
SIM2
SIM3
SIM4
1
21
22
SIM5
SIM1
SIM2
SIM3
SIM4
1
21
22
SIM5
SIM1
SIM2
SIM3
SIM4
1
21
22
SIM5
SIM1
SIM2
SIM3
SIM4
1
21
22
SIM5
SIM1
SIM2
SIM3
SIM4
1
21
22
SIM5
SIM1
SIM2
SIM3
SIM4
1
21
22
SIM5
SIM1
SIM2
SIM3
SIM4
1
21
22
SIM5
SIM1
SIM2
SIM3
SIM4
1
21
22
SIM5
SIM1
SIM2
SIM3
SIM4
1
21
22
SIM5
SIM1
SIM2
SIM3
SIM4
1
21
22
SIM5
SIM1
SIM2
SIM3
SIM4
1
21
22
SIM5
SIM1
SIM2
SIM3
SIM4
1
21
22
SIM5
SIM1
SIM2
SIM3
SIM4
1
21
22
SIM5
SIM1
SIM2
SIM3
SIM4
1
21
22
SIM5
SIM1
SIM2
SIM3
SIM4
1
21
22
SIM5
SIM1
SIM2
SIM3
SIM4
1
21
22
SIM5
SIM1
SIM2
SIM3
SIM4
1
21
22
SIM5
SIM1
SIM2
SIM3
SIM4
1
21
22
SIM5
SIM1
SIM2
SIM3
SIM4
1
21
22
SIM5
SIM1
SIM2
SIM3
SIM4
1
21
22
SIM5
SIM1
SIM2
SIM3
SIM4
1
21
22
SIM5
SIM1
SIM2
SIM3
SIM4
1
21
22
SIM5
SIM1
SIM2
SIM3
SIM4
1
21
22
SIM5
SIM1
SIM2
SIM3
SIM4
1
21
22
SIM5
SIM1
SIM2
SIM3
SIM4
1
21
22
SIM5
SIM1
SIM2
SIM3
SIM4
1
21
22
SIM5
SIM1
SIM2
SIM3
SIM4
1
21
22
SIM5
SIM1
SIM2
SIM3
SIM4
1
21
22
SIM5
SIM1
SIM2
SIM3
SIM4
1
21
22
SIM5
SIM1
SIM2
SIM3
SIM4
1
21
22
SIM5
SIM1
SIM2
SIM3
SIM4
1
21
22
SIM5
SIM1
SIM2
SIM3
SIM4
1
21
22
SIM5
SIM1
SIM2
SIM3
SIM4
1
21
22
SIM5
SIM1
SIM2
SIM3
SIM4
1
21
22
SIM5
SIM1
SIM2
SIM3
SIM4
1
21
22
SIM5
SIM1
SIM2
SIM3
SIM4
1
21
22
SIM5
SIM1
SIM2
SIM3
SIM4
1
21
22
SIM5
SIM1
SIM2
SIM3
SIM4
1
21
22
SIM5
SIM1
SIM2
SIM3
SIM4
1
21
22
SIM5
SIM1
SIM2
SIM3
SIM4
1
21
22
SIM5
SIM1
SIM2
SIM3
SIM4
1
21
22
SIM5
SIM1
SIM2
SIM3
SIM4
1
21
22
SIM5
SIM1
SIM2
SIM3
SIM4
1
21
22
SIM5
SIM1
SIM2
SIM3
SIM4
1
21
22
SIM5
SIM1
SIM2
SIM3
SIM4
1
21
22
SIM5
SIM1
SIM2
SIM3
SIM4
1
21
22
SIM5
SIM1
SIM2
SIM3
SIM4
1
21
22
SIM5
SIM1
SIM2
SIM3
SIM4
1
21
22
SIM5
SIM1
SIM2
SIM3
SIM4
1
21
22
SIM5
SIM1
SIM2
SIM3
SIM4
1
21
22
SIM5
SIM1
SIM2
SIM3
SIM4
1
21
22
SIM5
SIM1
SIM2
SIM3
SIM4
1
21
22
SIM5
SIM1
SIM2
SIM3
SIM4
1
21
22
SIM5
SIM1
SIM2
SIM3
SIM4
1
21
22
SIM5
SIM1
SIM2
SIM3
SIM4
1
21
22
SIM5
SIM1
SIM2
SIM3
SIM4
1
21
22
SIM5
SIM1
SIM2
SIM3
SIM4
1
21
22
SIM5
SIM1
SIM2
SIM3
SIM4
1
21
22
SIM5
SIM1
SIM2
SIM3
SIM4
1
21
22
SIM5
SIM1
SIM2
SIM3
SIM4
1
21
22
SIM5
SIM1
SIM2
SIM3
SIM4
1
21
22
SIM5
SIM1
SIM2
SIM3
SIM4
1
21
22
SIM5
SIM1
SIM2
SIM3
SIM4
1
21
22
SIM5
SIM1
SIM2
SIM3
SIM4
1
21
22
SIM5
SIM1
SIM2
SIM3
SIM4
1
21
22
SIM5
SIM1
SIM2
SIM3
SIM4
1
21
22
SIM5
SIM1
SIM2
SIM3
SIM4
1
21
22
SIM5
SIM1
SIM2
SIM3
SIM4
1
21
22
SIM5
SIM1
SIM2
SIM3
SIM4
1
21
22
SIM5
SIM1
SIM2
SIM3
SIM4
1
21
22
SIM5
SIM1
SIM2
SIM3
SIM4
1
21
22
SIM5
SIM1
SIM2
SIM3
SIM4
1
21
22
SIM5
SIM1
SIM2
SIM3
SIM4
1
21
22
SIM5
SIM1
SIM2
SIM3
SIM4
1
21
22
SIM5
SIM1
SIM2
SIM3
SIM4
1
21
22
SIM5
SIM1
SIM2
SIM3
SIM4
1
21
22
SIM5
SIM1
SIM2
SIM3
SIM4
1
21
22
SIM5
SIM1
SIM2
SIM3
SIM4
1
21
22
SIM5
SIM1
SIM2
SIM3
SIM4
1
21
22
SIM5
SIM1
SIM2
SIM3
SIM4
1
21
22
SIM5
SIM1
SIM2
SIM3
SIM4
1
21
22
SIM5
SIM1
SIM2
SIM3
SIM4
1
21
22
SIM5
SIM1
SIM2
SIM3
SIM4
1
21
22
SIM5
SIM1
SIM2
SIM3
SIM4
1
21
22
SIM5
SIM1
SIM2
SIM3
SIM4
1
21
22
SIM5
SIM1
SIM2
SIM3
SIM4
1
21
22
SIM5
SIM1
SIM2
SIM3
SIM4
1
21
22
SIM5
SIM1
SIM2
SIM3
SIM4
1
21
22
SIM5
SIM1
SIM2
SIM3
SIM4
1
21
22
SIM5
SIM1
SIM2
SIM3
SIM4
1
21
22
SIM5
SIM1
SIM2
SIM3
SIM4
1
21
22
SIM5
SIM1
SIM2
SIM3
SIM4
1
21
22
SIM5
SIM1
SIM2
SIM3
SIM4
1
21
22
SIM5
SIM1
SIM2
SIM3
SIM4
1
21
22
SIM5
SIM1
SIM2
SIM3
SIM4
1
21
22
SIM5
SIM1
SIM2
SIM3
SIM4
1
21
22
SIM5
SIM1
SIM2
SIM3
SIM4
1
21
22
SIM5
SIM1
SIM2
SIM3
SIM4
1
21
22
SIM5
SIM1
SIM2
SIM3
SIM4
1
21
22
SIM5
SIM1
SIM2
SIM3
SIM4
1
21
22
SIM5
SIM1
SIM2
SIM3
SIM4
1
21
22
SIM5
SIM1
SIM2
SIM3
SIM4
1
21
22
SIM5
SIM1
SIM2
SIM3
SIM4
1
21
22
SIM5
SIM1
SIM2
SIM3
SIM4
1
21
22
SIM5
SIM1
SIM2
SIM3
SIM4
1
21
22
SIM5
SIM1
SIM2
SIM3
SIM4
1
21
22
SIM5
SIM1
SIM2
SIM3
SIM4
1
21
22
SIM5
SIM1
SIM2
SIM3
SIM4
1
21
22
SIM5
SIM1
SIM2
SIM3
SIM4
1
21
22
SIM5
SIM1
SIM2
SIM3
SIM4
1
21
22
SIM5
SIM1
SIM2
SIM3
SIM4
1
21
22
SIM5
SIM1
SIM2
SIM3
SIM4
1
21
22
SIM5
SIM1
SIM2
SIM3
SIM4
1
21
22
SIM5
SIM1
SIM2
SIM3
SIM4
1
21
22
SIM5
SIM1
SIM2
SIM3
SIM4
1
21
22
SIM5
SIM1
SIM2
SIM3
SIM4
1
21
22
SIM5
SIM1
SIM2
SIM3
SIM4
1
21
22
SIM5
SIM1
SIM2
SIM3
SIM4
1
21
22
SIM5
SIM1
SIM2
SIM3
SIM4
1
21
22
SIM5
SIM1
SIM2
SIM3
SIM4
1
21
22
SIM5
SIM1
SIM2
SIM3
SIM4
1
21
22
SIM5
SIM1
SIM2
SIM3
SIM4
1
21
22
SIM5
SIM1
SIM2
SIM3
SIM4
1
21
22
SIM5
SIM1
SIM2
SIM3
SIM4
1
21
22
SIM5
SIM1
SIM2
SIM3
SIM4
1
21
22
SIM5
SIM1
SIM2
DEBUG 1 72
SIM1
SIM2
SIM3
SIM4
1
21
22
SIM5
SIM1
SIM2
SIM3
SIM4
1
21
22
SIM5
SIM1
SIM2
SIM3
SIM4
1
21
22
SIM5
SIM1
SIM2
SIM3
SIM4
1
21
22
SIM5
SIM1
SIM2
SIM3
SIM4
1
21
22
SIM5
SIM1
SIM2
SIM3
SIM4
1
21
22
SIM5
SIM1
SIM2
SIM3
SIM4
1
21
22
SIM5
SIM1
SIM2
SIM3
SIM4
1
21
22
SIM5
SIM1
SIM2
SIM3
SIM4
1
21
22
SIM5
SIM1
SIM2
SIM3
SIM4
1
21
22
SIM5
SIM1
SIM2
SIM3
SIM4
1
21
22
SIM5
SIM1
SIM2
SIM3
SIM4
1
21
22
SIM5
SIM1
SIM2
SIM3
SIM4
1
21
22
SIM5
SIM1
SIM2
SIM3
SIM4
1
21
22
SIM5
SIM1
SIM2
SIM3
SIM4
1
21
22
SIM5
SIM1
SIM2
SIM3
SIM4
1
21
22
SIM5
SIM1
SIM2
SIM3
SIM4
1
21
22
SIM5
SIM1
SIM2
SIM3
SIM4
1
21
22
SIM5
SIM1
SIM2
SIM3
SIM4
1
21
22
SIM5
SIM1
SIM2
SIM3
SIM4
1
21
22
SIM5
SIM1
SIM2
SIM3
SIM4
1
21
22
SIM5
SIM1
SIM2
SIM3
SIM4
1
21
22
SIM5
SIM1
SIM2
SIM3
SIM4
1
21
22
SIM5
SIM1
SIM2
SIM3
SIM4
1
21
22
SIM5
SIM1
SIM2
SIM3
SIM4
1
21
22
SIM5
SIM1
SIM2
SIM3
SIM4
1
21
22
SIM5
SIM1
SIM2
SIM3
SIM4
1
21
22
SIM5
SIM1
SIM2
SIM3
SIM4
1
21
22
SIM5
SIM1
SIM2
SIM3
SIM4
1
21
22
SIM5
SIM1
SIM2
SIM3
SIM4
1
21
22
SIM5
SIM1
SIM2
SIM3
SIM4
1
21
22
SIM5
SIM1
SIM2
SIM3
SIM4
1
21
22
SIM5
SIM1
SIM2
SIM3
SIM4
1
21
22
SIM5
SIM1
SIM2
SIM3
SIM4
1
21
22
SIM5
SIM1
SIM2
SIM3
SIM4
1
21
22
SIM5
SIM1
SIM2
SIM3
SIM4
1
21
22
SIM5
SIM1
SIM2
SIM3
SIM4
1
21
22
SIM5
SIM1
SIM2
SIM3
SIM4
1
21
22
SIM5
SIM1
SIM2
SIM3
SIM4
1
21
22
SIM5
SIM1
SIM2
SIM3
SIM4
1
21
22
SIM5
SIM1
SIM2
SIM3
SIM4
1
21
22
SIM5
SIM1
SIM2
SIM3
SIM4
1
21
22
SIM5
SIM1
SIM2
SIM3
SIM4
1
21
22
SIM5
SIM1
SIM2
SIM3
SIM4
1
21
22
SIM5
SIM1
SIM2
SIM3
SIM4
1
21
22
SIM5
SIM1
SIM2
SIM3
SIM4
1
21
22
SIM5
SIM1
SIM2
SIM3
SIM4
1
21
22
SIM5
SIM1
SIM2
SIM3
SIM4
1
21
22
SIM5
SIM1
SIM2
SIM3
SIM4
1
21
22
SIM5
SIM1
SIM2
SIM3
SIM4
1
21
22
SIM5
SIM1
SIM2
SIM3
SIM4
1
21
22
SIM5
SIM1
SIM2
SIM3
SIM4
1
21
22
SIM5
SIM1
SIM2
SIM3
SIM4
1
21
22
SIM5
SIM1
SIM2
SIM3
SIM4
1
21
22
SIM5
SIM1
SIM2
SIM3
SIM4
1
21
22
SIM5
SIM1
SIM2
SIM3
SIM4
1
21
22
SIM5
SIM1
SIM2
SIM3
SIM4
1
21
22
SIM5
SIM1
SIM2
SIM3
SIM4
1
21
22
SIM5
SIM1
SIM2
SIM3
SIM4
1
21
22
SIM5
SIM1
SIM2
SIM3
SIM4
1
21
22
SIM5
SIM1
SIM2
SIM3
SIM4
1
21
22
SIM5
SIM1
SIM2
SIM3
SIM4
1
21
22
SIM5
SIM1
SIM2
SIM3
SIM4
1
21
22
SIM5
SIM1
SIM2
SIM3
SIM4
1
21
22
SIM5
SIM1
SIM2
SIM3
SIM4
1
21
22
SIM5
SIM1
SIM2
SIM3
SIM4
1
21
22
SIM5
SIM1
SIM2
SIM3
SIM4
1
21
22
SIM5
SIM1
SIM2
SIM3
SIM4
1
21
22
SIM5
SIM1
SIM2
SIM3
SIM4
1
21
22
SIM5
SIM1
SIM2
SIM3
SIM4
1
21
22
SIM5
SIM1
SIM2
SIM3
SIM4
1
21
22
SIM5
SIM1
SIM2
SIM3
SIM4
1
21
22
SIM5
SIM1
SIM2
SIM3
SIM4
1
21
22
SIM5
SIM1
SIM2
SIM3
SIM4
1
21
22
SIM5
SIM1
SIM2
SIM3
SIM4
1
21
22
SIM5
SIM1
SIM2
SIM3
SIM4
1
21
22
SIM5
SIM1
SIM2
SIM3
SIM4
1
21
22
SIM5
SIM1
SIM2
SIM3
SIM4
1
21
22
SIM5
SIM1
SIM2
SIM3
SIM4
1
21
22
SIM5
SIM1
SIM2
SIM3
SIM4
1
21
22
SIM5
SIM1
SIM2
SIM3
SIM4
1
21
22
SIM5
SIM1
SIM2
SIM3
SIM4
1
21
22
SIM5
SIM1
SIM2
SIM3
SIM4
1
21
22
SIM5
SIM1
SIM2
SIM3
SIM4
1
21
22
SIM5
SIM1
SIM2
SIM3
SIM4
1
21
22
SIM5
SIM1
SIM2
SIM3
SIM4
1
21
22
SIM5
SIM1
SIM2
SIM3
SIM4
1
21
22
SIM5
SIM1
SIM2
SIM3
SIM4
1
21
22
SIM5
SIM1
SIM2
SIM3
SIM4
1
21
22
SIM5
SIM1
SIM2
SIM3
SIM4
1
21
22
SIM5
SIM1
SIM2
SIM3
SIM4
1
21
22
SIM5
SIM1
SIM2
SIM3
SIM4
1
21
22
SIM5
SIM1
SIM2
SIM3
SIM4
1
21
22
SIM5
SIM1
SIM2
SIM3
SIM4
1
21
22
SIM5
SIM1
SIM2
SIM3
SIM4
1
21
22
SIM5
SIM1
SIM2
SIM3
SIM4
1
21
22
SIM5
SIM1
SIM2
SIM3
SIM4
1
21
22
SIM5
SIM1
SIM2
SIM3
SIM4
1
21
22
SIM5
SIM1
SIM2
SIM3
SIM4
1
21
22
SIM5
SIM1
SIM2
SIM3
SIM4
1
21
22
SIM5
SIM1
SIM2
SIM3
SIM4
1
21
22
SIM5
SIM1
SIM2
SIM3
SIM4
1
21
22
SIM5
SIM1
SIM2
SIM3
SIM4
1
21
22
SIM5
SIM1
SIM2
SIM3
SIM4
1
21
22
SIM5
SIM1
SIM2
SIM3
SIM4
1
21
22
SIM5
SIM1
SIM2
SIM3
SIM4
1
21
22
SIM5
SIM1
SIM2
SIM3
SIM4
1
21
22
SIM5
SIM1
SIM2
SIM3
SIM4
1
21
22
SIM5
SIM1
SIM2
SIM3
SIM4
1
21
22
SIM5
SIM1
SIM2
SIM3
SIM4
1
21
22
SIM5
SIM1
SIM2
SIM3
SIM4
1
21
22
SIM5
SIM1
SIM2
SIM3
SIM4
1
21
22
SIM5
SIM1
SIM2
SIM3
SIM4
1
21
22
SIM5
SIM1
SIM2
SIM3
SIM4
1
21
22
SIM5
SIM1
SIM2
SIM3
SIM4
1
21
22
SIM5
SIM1
SIM2
SIM3
SIM4
1
21
22
SIM5
SIM1
SIM2
SIM3
SIM4
1
21
22
SIM5
SIM1
SIM2
SIM3
SIM4
1
21
22
SIM5
SIM1
SIM2
SIM3
SIM4
1
21
22
SIM5
SIM1
SIM2
SIM3
SIM4
1
21
22
SIM5
SIM1
SIM2
SIM3
SIM4
1
21
22
SIM5
SIM1
SIM2
SIM3
SIM4
1
21
22
SIM5
SIM1
SIM2
SIM3
SIM4
1
21
22
SIM5
SIM1
SIM2
SIM3
SIM4
1
21
22
SIM5
SIM1
SIM2
SIM3
SIM4
1
21
22
SIM5
SIM1
SIM2
SIM3
SIM4
1
21
22
SIM5
SIM1
SIM2
SIM3
SIM4
1
21
22
SIM5
SIM1
SIM2
SIM3
SIM4
1
21
22
SIM5
SIM1
SIM2
SIM3
SIM4
1
21
22
SIM5
SIM1
SIM2
SIM3
SIM4
1
21
22
SIM5
SIM1
SIM2
SIM3
SIM4
1
21
22
SIM5
SIM1
SIM2
SIM3
SIM4
1
21
22
SIM5
SIM1
SIM2
SIM3
SIM4
1
21
22
SIM5
SIM1
SIM2
SIM3
SIM4
1
21
22
SIM5
SIM1
SIM2
SIM3
SIM4
1
21
22
SIM5
SIM1
SIM2
SIM3
SIM4
1
21
22
SIM5
SIM1
SIM2
SIM3
SIM4
1
21
22
SIM5
SIM1
SIM2
SIM3
SIM4
1
21
22
SIM5
SIM1
SIM2
SIM3
SIM4
1
21
22
SIM5
SIM1
SIM2
SIM3
SIM4
1
21
22
SIM5
SIM1
SIM2
SIM3
SIM4
1
21
22
SIM5
SIM1
SIM2
SIM3
SIM4
1
21
22
SIM5
SIM1
SIM2
SIM3
SIM4
1
21
22
SIM5
SIM1
SIM2
SIM3
SIM4
1
21
22
SIM5
SIM1
SIM2
SIM3
SIM4
1
21
22
SIM5
SIM1
SIM2
SIM3
SIM4
1
21
22
SIM5
SIM1
SIM2
SIM3
SIM4
1
21
22
SIM5
SIM1
SIM2
SIM3
SIM4
1
21
22
SIM5
SIM1
SIM2
SIM3
SIM4
1
21
22
SIM5
SIM1
SIM2
SIM3
SIM4
1
21
22
SIM5
SIM1
SIM2
SIM3
SIM4
1
21
22
SIM5
SIM1
SIM2
SIM3
SIM4
1
21
22
SIM5
SIM1
SIM2
SIM3
SIM4
1
21
22
SIM5
SIM1
SIM2
SIM3
SIM4
1
21
22
SIM5
SIM1
SIM2
SIM3
SIM4
1
21
22
SIM5
SIM1
SIM2
SIM3
SIM4
1
21
22
SIM5
SIM1
SIM2
SIM3
SIM4
1
21
22
SIM5
SIM1
SIM2
SIM3
SIM4
1
21
22
SIM5
SIM1
SIM2
SIM3
SIM4
1
21
22
SIM5
SIM1
SIM2
SIM3
SIM4
1
21
22
SIM5
SIM1
SIM2
SIM3
SIM4
1
21
22
SIM5
SIM1
SIM2
SIM3
SIM4
1
21
22
SIM5
SIM1
SIM2
SIM3
SIM4
1
21
22
SIM5
SIM1
SIM2
SIM3
SIM4
1
21
22
SIM5
SIM1
SIM2
SIM3
SIM4
1
21
22
SIM5
SIM1
SIM2
SIM3
SIM4
1
21
22
SIM5
SIM1
SIM2
SIM3
SIM4
1
21
22
SIM5
SIM1
SIM2
SIM3
SIM4
1
21
22
SIM5
SIM1
SIM2
SIM3
SIM4
1
21
22
SIM5
SIM1
SIM2
SIM3
SIM4
1
21
22
SIM5
SIM1
SIM2
SIM3
SIM4
1
21
22
SIM5
SIM1
SIM2
SIM3
SIM4
1
21
22
SIM5
SIM1
SIM2
SIM3
SIM4
1
21
22
SIM5
SIM1
SIM2
SIM3
SIM4
1
21
22
SIM5
SIM1
SIM2
SIM3
SIM4
1
21
22
SIM5
SIM1
SIM2
SIM3
SIM4
1
21
22
SIM5
SIM1
SIM2
SIM3
SIM4
1
21
22
SIM5
SIM1
SIM2
SIM3
SIM4
1
21
22
SIM5
SIM1
SIM2
SIM3
SIM4
1
21
22
SIM5
SIM1
SIM2
SIM3
SIM4
1
21
22
SIM5
SIM1
SIM2
SIM3
SIM4
1
21
22
SIM5
SIM1
SIM2
SIM3
SIM4
1
21
22
SIM5
SIM1
SIM2
SIM3
SIM4
1
21
22
SIM5
SIM1
SIM2
SIM3
SIM4
1
21
22
SIM5
SIM1
SIM2
SIM3
SIM4
1
21
22
SIM5
SIM1
SIM2
SIM3
SIM4
1
21
22
SIM5
SIM1
SIM2
SIM3
SIM4
1
21
22
SIM5
SIM1
SIM2
SIM3
SIM4
1
21
22
SIM5
SIM1
SIM2
SIM3
SIM4
1
21
22
SIM5
SIM1
SIM2
SIM3
SIM4
1
21
22
SIM5
SIM1
SIM2
SIM3
SIM4
1
21
22
SIM5
SIM1
SIM2
SIM3
SIM4
1
21
22
SIM5
SIM1
SIM2
SIM3
SIM4
1
21
22
SIM5
SIM1
SIM2
SIM3
SIM4
1
21
22
SIM5
SIM1
SIM2
SIM3
SIM4
1
21
22
SIM5
SIM1
SIM2
SIM3
SIM4
1
21
22
SIM5
SIM1
SIM2
SIM3
SIM4
1
21
22
SIM5
SIM1
SIM2
SIM3
SIM4
1
21
22
SIM5
SIM1
SIM2
SIM3
SIM4
1
21
22
SIM5
SIM1
SIM2
SIM3
SIM4
1
21
22
SIM5
SIM1
SIM2
SIM3
SIM4
1
21
22
SIM5
SIM1
SIM2
SIM3
SIM4
1
21
22
SIM5
SIM1
SIM2
SIM3
SIM4
1
21
22
SIM5
SIM1
SIM2
SIM3
SIM4
1
21
22
SIM5
SIM1
SIM2
SIM3
SIM4
1
21
22
SIM5
SIM1
SIM2
SIM3
SIM4
1
21
22
SIM5
SIM1
SIM2
SIM3
SIM4
1
21
22
SIM5
SIM1
SIM2
SIM3
SIM4
1
21
22
SIM5
SIM1
SIM2
DEBUG 1 73
SIM1
SIM2
SIM3
SIM4
1
21
22
SIM5
SIM1
SIM2
SIM3
SIM4
1
21
22
SIM5
SIM1
SIM2
SIM3
SIM4
1
21
22
SIM5
SIM1
SIM2
SIM3
SIM4
1
21
22
SIM5
SIM1
SIM2
SIM3
SIM4
1
21
22
SIM5
SIM1
SIM2
SIM3
SIM4
1
21
22
SIM5
SIM1
SIM2
SIM3
SIM4
1
21
22
SIM5
SIM1
SIM2
SIM3
SIM4
1
21
22
SIM5
SIM1
SIM2
SIM3
SIM4
1
21
22
SIM5
SIM1
SIM2
SIM3
SIM4
1
21
22
SIM5
SIM1
SIM2
SIM3
SIM4
1
21
22
SIM5
SIM1
SIM2
SIM3
SIM4
1
21
22
SIM5
SIM1
SIM2
SIM3
SIM4
1
21
22
SIM5
SIM1
SIM2
SIM3
SIM4
1
21
22
SIM5
SIM1
SIM2
SIM3
SIM4
1
21
22
SIM5
SIM1
SIM2
SIM3
SIM4
1
21
22
SIM5
SIM1
SIM2
SIM3
SIM4
1
21
22
SIM5
SIM1
SIM2
SIM3
SIM4
1
21
22
SIM5
SIM1
SIM2
SIM3
SIM4
1
21
22
SIM5
SIM1
SIM2
SIM3
SIM4
1
21
22
SIM5
SIM1
SIM2
SIM3
SIM4
1
21
22
SIM5
SIM1
SIM2
SIM3
SIM4
1
21
22
SIM5
SIM1
SIM2
SIM3
SIM4
1
21
22
SIM5
SIM1
SIM2
SIM3
SIM4
1
21
22
SIM5
SIM1
SIM2
SIM3
SIM4
1
21
22
SIM5
SIM1
SIM2
SIM3
SIM4
1
21
22
SIM5
SIM1
SIM2
SIM3
SIM4
1
21
22
SIM5
SIM1
SIM2
SIM3
SIM4
1
21
22
SIM5
SIM1
SIM2
SIM3
SIM4
1
21
22
SIM5
SIM1
SIM2
SIM3
SIM4
1
21
22
SIM5
SIM1
SIM2
SIM3
SIM4
1
21
22
SIM5
SIM1
SIM2
SIM3
SIM4
1
21
22
SIM5
SIM1
SIM2
SIM3
SIM4
1
21
22
SIM5
SIM1
SIM2
SIM3
SIM4
1
21
22
SIM5
SIM1
SIM2
SIM3
SIM4
1
21
22
SIM5
SIM1
SIM2
SIM3
SIM4
1
21
22
SIM5
SIM1
SIM2
SIM3
SIM4
1
21
22
SIM5
SIM1
SIM2
SIM3
SIM4
1
21
22
SIM5
SIM1
SIM2
SIM3
SIM4
1
21
22
SIM5
SIM1
SIM2
SIM3
SIM4
1
21
22
SIM5
SIM1
SIM2
SIM3
SIM4
1
21
22
SIM5
SIM1
SIM2
SIM3
SIM4
1
21
22
SIM5
SIM1
SIM2
SIM3
SIM4
1
21
22
SIM5
SIM1
SIM2
SIM3
SIM4
1
21
22
SIM5
SIM1
SIM2
SIM3
SIM4
1
21
22
SIM5
SIM1
SIM2
SIM3
SIM4
1
21
22
SIM5
SIM1
SIM2
SIM3
SIM4
1
21
22
SIM5
SIM1
SIM2
SIM3
SIM4
1
21
22
SIM5
SIM1
SIM2
SIM3
SIM4
1
21
22
SIM5
SIM1
SIM2
SIM3
SIM4
1
21
22
SIM5
SIM1
SIM2
SIM3
SIM4
1
21
22
SIM5
SIM1
SIM2
SIM3
SIM4
1
21
22
SIM5
SIM1
SIM2
SIM3
SIM4
1
21
22
SIM5
SIM1
SIM2
SIM3
SIM4
1
21
22
SIM5
SIM1
SIM2
SIM3
SIM4
1
21
22
SIM5
SIM1
SIM2
SIM3
SIM4
1
21
22
SIM5
SIM1
SIM2
SIM3
SIM4
1
21
22
SIM5
SIM1
SIM2
SIM3
SIM4
1
21
22
SIM5
SIM1
SIM2
SIM3
SIM4
1
21
22
SIM5
SIM1
SIM2
SIM3
SIM4
1
21
22
SIM5
SIM1
SIM2
SIM3
SIM4
1
21
22
SIM5
SIM1
SIM2
SIM3
SIM4
1
21
22
SIM5
SIM1
SIM2
SIM3
SIM4
1
21
22
SIM5
SIM1
SIM2
SIM3
SIM4
1
21
22
SIM5
SIM1
SIM2
SIM3
SIM4
1
21
22
SIM5
SIM1
SIM2
SIM3
SIM4
1
21
22
SIM5
SIM1
SIM2
SIM3
SIM4
1
21
22
SIM5
SIM1
SIM2
SIM3
SIM4
1
21
22
SIM5
SIM1
SIM2
SIM3
SIM4
1
21
22
SIM5
SIM1
SIM2
SIM3
SIM4
1
21
22
SIM5
SIM1
SIM2
SIM3
SIM4
1
21
22
SIM5
SIM1
SIM2
SIM3
SIM4
1
21
22
SIM5
SIM1
SIM2
SIM3
SIM4
1
21
22
SIM5
SIM1
SIM2
SIM3
SIM4
1
21
22
SIM5
SIM1
SIM2
SIM3
SIM4
1
21
22
SIM5
SIM1
SIM2
SIM3
SIM4
1
21
22
SIM5
SIM1
SIM2
SIM3
SIM4
1
21
22
SIM5
SIM1
SIM2
SIM3
SIM4
1
21
22
SIM5
SIM1
SIM2
SIM3
SIM4
1
21
22
SIM5
SIM1
SIM2
SIM3
SIM4
1
21
22
SIM5
SIM1
SIM2
SIM3
SIM4
1
21
22
SIM5
SIM1
SIM2
SIM3
SIM4
1
21
22
SIM5
SIM1
SIM2
SIM3
SIM4
1
21
22
SIM5
SIM1
SIM2
SIM3
SIM4
1
21
22
SIM5
SIM1
SIM2
SIM3
SIM4
1
21
22
SIM5
SIM1
SIM2
SIM3
SIM4
1
21
22
SIM5
SIM1
SIM2
SIM3
SIM4
1
21
22
SIM5
SIM1
SIM2
SIM3
SIM4
1
21
22
SIM5
SIM1
SIM2
SIM3
SIM4
1
21
22
SIM5
SIM1
SIM2
SIM3
SIM4
1
21
22
SIM5
SIM1
SIM2
SIM3
SIM4
1
21
22
SIM5
SIM1
SIM2
SIM3
SIM4
1
21
22
SIM5
SIM1
SIM2
SIM3
SIM4
1
21
22
SIM5
SIM1
SIM2
SIM3
SIM4
1
21
22
SIM5
SIM1
SIM2
SIM3
SIM4
1
21
22
SIM5
SIM1
SIM2
SIM3
SIM4
1
21
22
SIM5
SIM1
SIM2
SIM3
SIM4
1
21
22
SIM5
SIM1
SIM2
SIM3
SIM4
1
21
22
SIM5
SIM1
SIM2
SIM3
SIM4
1
21
22
SIM5
SIM1
SIM2
SIM3
SIM4
1
21
22
SIM5
SIM1
SIM2
SIM3
SIM4
1
21
22
SIM5
SIM1
SIM2
SIM3
SIM4
1
21
22
SIM5
SIM1
SIM2
SIM3
SIM4
1
21
22
SIM5
SIM1
SIM2
SIM3
SIM4
1
21
22
SIM5
SIM1
SIM2
SIM3
SIM4
1
21
22
SIM5
SIM1
SIM2
SIM3
SIM4
1
21
22
SIM5
SIM1
SIM2
SIM3
SIM4
1
21
22
SIM5
SIM1
SIM2
SIM3
SIM4
1
21
22
SIM5
SIM1
SIM2
SIM3
SIM4
1
21
22
SIM5
SIM1
SIM2
SIM3
SIM4
1
21
22
SIM5
SIM1
SIM2
SIM3
SIM4
1
21
22
SIM5
SIM1
SIM2
SIM3
SIM4
1
21
22
SIM5
SIM1
SIM2
SIM3
SIM4
1
21
22
SIM5
SIM1
SIM2
SIM3
SIM4
1
21
22
SIM5
SIM1
SIM2
SIM3
SIM4
1
21
22
SIM5
SIM1
SIM2
SIM3
SIM4
1
21
22
SIM5
SIM1
SIM2
SIM3
SIM4
1
21
22
SIM5
SIM1
SIM2
SIM3
SIM4
1
21
22
SIM5
SIM1
SIM2
SIM3
SIM4
1
21
22
SIM5
SIM1
SIM2
SIM3
SIM4
1
21
22
SIM5
SIM1
SIM2
SIM3
SIM4
1
21
22
SIM5
SIM1
SIM2
SIM3
SIM4
1
21
22
SIM5
SIM1
SIM2
SIM3
SIM4
1
21
22
SIM5
SIM1
SIM2
SIM3
SIM4
1
21
22
SIM5
SIM1
SIM2
SIM3
SIM4
1
21
22
SIM5
SIM1
SIM2
SIM3
SIM4
1
21
22
SIM5
SIM1
SIM2
SIM3
SIM4
1
21
22
SIM5
SIM1
SIM2
SIM3
SIM4
1
21
22
SIM5
SIM1
SIM2
SIM3
SIM4
1
21
22
SIM5
SIM1
SIM2
SIM3
SIM4
1
21
22
SIM5
SIM1
SIM2
SIM3
SIM4
1
21
22
SIM5
SIM1
SIM2
SIM3
SIM4
1
21
22
SIM5
SIM1
SIM2
SIM3
SIM4
1
21
22
SIM5
SIM1
SIM2
SIM3
SIM4
1
21
22
SIM5
SIM1
SIM2
SIM3
SIM4
1
21
22
SIM5
SIM1
SIM2
SIM3
SIM4
1
21
22
SIM5
SIM1
SIM2
SIM3
SIM4
1
21
22
SIM5
SIM1
SIM2
SIM3
SIM4
1
21
22
SIM5
SIM1
SIM2
SIM3
SIM4
1
21
22
SIM5
SIM1
SIM2
SIM3
SIM4
1
21
22
SIM5
SIM1
SIM2
SIM3
SIM4
1
21
22
SIM5
SIM1
SIM2
SIM3
SIM4
1
21
22
SIM5
SIM1
SIM2
SIM3
SIM4
1
21
22
SIM5
SIM1
SIM2
SIM3
SIM4
1
21
22
SIM5
SIM1
SIM2
SIM3
SIM4
1
21
22
SIM5
SIM1
SIM2
SIM3
SIM4
1
21
22
SIM5
SIM1
SIM2
SIM3
SIM4
1
21
22
SIM5
SIM1
SIM2
SIM3
SIM4
1
21
22
SIM5
SIM1
SIM2
SIM3
SIM4
1
21
22
SIM5
SIM1
SIM2
SIM3
SIM4
1
21
22
SIM5
SIM1
SIM2
SIM3
SIM4
1
21
22
SIM5
SIM1
SIM2
SIM3
SIM4
1
21
22
SIM5
SIM1
SIM2
SIM3
SIM4
1
21
22
SIM5
SIM1
SIM2
SIM3
SIM4
1
21
22
SIM5
SIM1
SIM2
SIM3
SIM4
1
21
22
SIM5
SIM1
SIM2
SIM3
SIM4
1
21
22
SIM5
SIM1
SIM2
SIM3
SIM4
1
21
22
SIM5
SIM1
SIM2
SIM3
SIM4
1
21
22
SIM5
SIM1
SIM2
SIM3
SIM4
1
21
22
SIM5
SIM1
SIM2
SIM3
SIM4
1
21
22
SIM5
SIM1
SIM2
SIM3
SIM4
1
21
22
SIM5
SIM1
SIM2
SIM3
SIM4
1
21
22
SIM5
SIM1
SIM2
SIM3
SIM4
1
21
22
SIM5
SIM1
SIM2
SIM3
SIM4
1
21
22
SIM5
SIM1
SIM2
SIM3
SIM4
1
21
22
SIM5
SIM1
SIM2
SIM3
SIM4
1
21
22
SIM5
SIM1
SIM2
SIM3
SIM4
1
21
22
SIM5
SIM1
SIM2
SIM3
SIM4
1
21
22
SIM5
SIM1
SIM2
SIM3
SIM4
1
21
22
SIM5
SIM1
SIM2
SIM3
SIM4
1
21
22
SIM5
SIM1
SIM2
SIM3
SIM4
1
21
22
SIM5
SIM1
SIM2
SIM3
SIM4
1
21
22
SIM5
SIM1
SIM2
SIM3
SIM4
1
21
22
SIM5
SIM1
SIM2
SIM3
SIM4
1
21
22
SIM5
SIM1
SIM2
SIM3
SIM4
1
21
22
SIM5
SIM1
SIM2
SIM3
SIM4
1
21
22
SIM5
SIM1
SIM2
SIM3
SIM4
1
21
22
SIM5
SIM1
SIM2
SIM3
SIM4
1
21
22
SIM5
SIM1
SIM2
SIM3
SIM4
1
21
22
SIM5
SIM1
SIM2
SIM3
SIM4
1
21
22
SIM5
SIM1
SIM2
SIM3
SIM4
1
21
22
SIM5
SIM1
SIM2
SIM3
SIM4
1
21
22
SIM5
SIM1
SIM2
SIM3
SIM4
1
21
22
SIM5
SIM1
SIM2
SIM3
SIM4
1
21
22
SIM5
SIM1
SIM2
SIM3
SIM4
1
21
22
SIM5
SIM1
SIM2
SIM3
SIM4
1
21
22
SIM5
SIM1
SIM2
SIM3
SIM4
1
21
22
SIM5
SIM1
SIM2
SIM3
SIM4
1
21
22
SIM5
SIM1
SIM2
SIM3
SIM4
1
21
22
SIM5
SIM1
SIM2
SIM3
SIM4
1
21
22
SIM5
SIM1
SIM2
SIM3
SIM4
1
21
22
SIM5
SIM1
SIM2
SIM3
SIM4
1
21
22
SIM5
SIM1
SIM2
SIM3
SIM4
1
21
22
SIM5
SIM1
SIM2
SIM3
SIM4
1
21
22
SIM5
SIM1
SIM2
SIM3
SIM4
1
21
22
SIM5
SIM1
SIM2
SIM3
SIM4
1
21
22
SIM5
SIM1
SIM2
SIM3
SIM4
1
21
22
SIM5
SIM1
SIM2
SIM3
SIM4
1
21
22
SIM5
SIM1
SIM2
SIM3
SIM4
1
21
22
SIM5
SIM1
SIM2
SIM3
SIM4
1
21
22
SIM5
SIM1
SIM2
SIM3
SIM4
1
21
22
SIM5
SIM1
SIM2
SIM3
SIM4
1
21
22
SIM5
SIM1
SIM2
SIM3
SIM4
1
21
22
SIM5
SIM1
SIM2
SIM3
SIM4
1
21
22
SIM5
SIM1
SIM2
SIM3
SIM4
1
21
22
SIM5
SIM1
SIM2
SIM3
SIM4
1
21
22
SIM5
SIM1
SIM2
SIM3
SIM4
1
21
22
SIM5
SIM1
SIM2
SIM3
SIM4
1
21
22
SIM5
SIM1
SIM2
SIM3
SIM4
1
21
22
SIM5
SIM1
SIM2
SIM3
SIM4
1
21
22
SIM5
SIM1
SIM2
SIM3
SIM4
1
21
22
SIM5
SIM1
SIM2
SIM3
SIM4
1
21
22
SIM5
SIM1
SIM2
SIM3
SIM4
1
21
22
SIM5
SIM1
SIM2
SIM3
SIM4
1
21
22
SIM5
SIM1
SIM2
SIM3
SIM4
1
21
22
SIM5
SIM1
SIM2
SIM3
SIM4
1
21
22
SIM5
SIM1
SIM2
SIM3
SIM4
1
21
22
SIM5
SIM1
SIM2
SIM3
SIM4
1
21
22
SIM5
SIM1
SIM2
SIM3
SIM4
1
21
22
SIM5
SIM1
SIM2
SIM3
SIM4
1
21
22
SIM5
SIM1
SIM2
SIM3
SIM4
1
21
22
SIM5
SIM1
SIM2
SIM3
SIM4
1
21
22
SIM5
SIM1
SIM2
SIM3
SIM4
1
21
22
SIM5
SIM1
SIM2
SIM3
SIM4
1
21
22
SIM5
SIM1
SIM2
SIM3
SIM4
1
21
22
SIM5
SIM1
SIM2
SIM3
SIM4
1
21
22
SIM5
SIM1
SIM2
SIM3
SIM4
1
21
22
SIM5
SIM1
SIM2
SIM3
SIM4
1
21
22
SIM5
SIM1
SIM2
SIM3
SIM4
1
21
22
SIM5
SIM1
SIM2
SIM3
SIM4
1
21
22
SIM5
SIM1
SIM2
SIM3
SIM4
1
21
22
SIM5
SIM1
SIM2
SIM3
SIM4
1
21
22
SIM5
SIM1
SIM2
SIM3
SIM4
1
21
22
SIM5
SIM1
SIM2
SIM3
SIM4
1
21
22
SIM5
SIM1
SIM2
SIM3
SIM4
1
21
22
SIM5
SIM1
SIM2
SIM3
SIM4
1
21
22
SIM5
SIM1
SIM2
SIM3
SIM4
1
21
22
SIM5
SIM1
SIM2
SIM3
SIM4
1
21
22
SIM5
SIM1
SIM2
SIM3
SIM4
1
21
22
SIM5
SIM1
SIM2
SIM3
SIM4
1
21
22
SIM5
SIM1
SIM2
SIM3
SIM4
1
21
22
SIM5
SIM1
SIM2
SIM3
SIM4
1
21
22
SIM5
SIM1
SIM2
SIM3
SIM4
1
21
22
SIM5
SIM1
SIM2
SIM3
SIM4
1
21
22
SIM5
SIM1
SIM2
SIM3
SIM4
1
21
22
SIM5
SIM1
SIM2
SIM3
SIM4
1
21
22
SIM5
SIM1
SIM2
SIM3
SIM4
1
21
22
SIM5
SIM1
SIM2
SIM3
SIM4
1
21
22
SIM5
SIM1
SIM2
SIM3
SIM4
1
21
22
SIM5
SIM1
SIM2
SIM3
SIM4
1
21
22
SIM5
SIM1
SIM2
SIM3
SIM4
1
21
22
SIM5
SIM1
SIM2
SIM3
SIM4
1
21
22
SIM5
SIM1
SIM2
SIM3
SIM4
1
21
22
SIM5
SIM1
SIM2
SIM3
SIM4
1
21
22
SIM5
SIM1
SIM2
SIM3
SIM4
1
21
22
SIM5
SIM1
SIM2
SIM3
SIM4
1
21
22
SIM5
SIM1
SIM2
SIM3
SIM4
1
21
22
SIM5
SIM1
SIM2
SIM3
SIM4
1
21
22
SIM5
SIM1
SIM2
SIM3
SIM4
1
21
22
SIM5
SIM1
SIM2
SIM3
SIM4
1
21
22
SIM5
SIM1
SIM2
SIM3
SIM4
1
21
22
SIM5
SIM1
SIM2
SIM3
SIM4
1
21
22
SIM5
SIM1
SIM2
SIM3
SIM4
1
21
22
SIM5
SIM1
SIM2
SIM3
SIM4
1
21
22
SIM5
SIM1
SIM2
SIM3
SIM4
1
21
22
SIM5
SIM1
SIM2
SIM3
SIM4
1
21
22
SIM5
SIM1
SIM2
SIM3
SIM4
1
21
22
SIM5
SIM1
SIM2
SIM3
SIM4
1
21
22
SIM5
SIM1
SIM2
SIM3
SIM4
1
21
22
SIM5
SIM1
SIM2
SIM3
SIM4
1
21
22
SIM5
SIM1
SIM2
SIM3
SIM4
1
21
22
SIM5
SIM1
SIM2
SIM3
SIM4
1
21
22
SIM5
SIM1
SIM2
SIM3
SIM4
1
21
22
SIM5
SIM1
SIM2
SIM3
SIM4
1
21
22
SIM5
SIM1
SIM2
SIM3
SIM4
1
21
22
SIM5
SIM1
SIM2
DEBUG 1 74
SIM1
SIM2
SIM3
SIM4
1
21
22
SIM5
SIM1
SIM2
SIM3
SIM4
1
21
22
SIM5
SIM1
SIM2
SIM3
SIM4
1
21
22
SIM5
SIM1
SIM2
SIM3
SIM4
1
21
22
SIM5
SIM1
SIM2
SIM3
SIM4
1
21
22
SIM5
SIM1
SIM2
SIM3
SIM4
1
21
22
SIM5
SIM1
SIM2
SIM3
SIM4
1
21
22
SIM5
SIM1
SIM2
SIM3
SIM4
1
21
22
SIM5
SIM1
SIM2
SIM3
SIM4
1
21
22
SIM5
SIM1
SIM2
SIM3
SIM4
1
21
22
SIM5
SIM1
SIM2
SIM3
SIM4
1
21
22
SIM5
SIM1
SIM2
SIM3
SIM4
1
21
22
SIM5
SIM1
SIM2
SIM3
SIM4
1
21
22
SIM5
SIM1
SIM2
SIM3
SIM4
1
21
22
SIM5
SIM1
SIM2
SIM3
SIM4
1
21
22
SIM5
SIM1
SIM2
SIM3
SIM4
1
21
22
SIM5
SIM1
SIM2
SIM3
SIM4
1
21
22
SIM5
SIM1
SIM2
SIM3
SIM4
1
21
22
SIM5
SIM1
SIM2
SIM3
SIM4
1
21
22
SIM5
SIM1
SIM2
SIM3
SIM4
1
21
22
SIM5
SIM1
SIM2
SIM3
SIM4
1
21
22
SIM5
SIM1
SIM2
SIM3
SIM4
1
21
22
SIM5
SIM1
SIM2
SIM3
SIM4
1
21
22
SIM5
SIM1
SIM2
SIM3
SIM4
1
21
22
SIM5
SIM1
SIM2
SIM3
SIM4
1
21
22
SIM5
SIM1
SIM2
SIM3
SIM4
1
21
22
SIM5
SIM1
SIM2
SIM3
SIM4
1
21
22
SIM5
SIM1
SIM2
SIM3
SIM4
1
21
22
SIM5
SIM1
SIM2
SIM3
SIM4
1
21
22
SIM5
SIM1
SIM2
SIM3
SIM4
1
21
22
SIM5
SIM1
SIM2
SIM3
SIM4
1
21
22
SIM5
SIM1
SIM2
SIM3
SIM4
1
21
22
SIM5
SIM1
SIM2
SIM3
SIM4
1
21
22
SIM5
SIM1
SIM2
SIM3
SIM4
1
21
22
SIM5
SIM1
SIM2
SIM3
SIM4
1
21
22
SIM5
SIM1
SIM2
SIM3
SIM4
1
21
22
SIM5
SIM1
SIM2
SIM3
SIM4
1
21
22
SIM5
SIM1
SIM2
SIM3
SIM4
1
21
22
SIM5
SIM1
SIM2
SIM3
SIM4
1
21
22
SIM5
SIM1
SIM2
SIM3
SIM4
1
21
22
SIM5
SIM1
SIM2
SIM3
SIM4
1
21
22
SIM5
SIM1
SIM2
SIM3
SIM4
1
21
22
SIM5
SIM1
SIM2
SIM3
SIM4
1
21
22
SIM5
SIM1
SIM2
SIM3
SIM4
1
21
22
SIM5
SIM1
SIM2
SIM3
SIM4
1
21
22
SIM5
SIM1
SIM2
SIM3
SIM4
1
21
22
SIM5
SIM1
SIM2
SIM3
SIM4
1
21
22
SIM5
SIM1
SIM2
SIM3
SIM4
1
21
22
SIM5
SIM1
SIM2
SIM3
SIM4
1
21
22
SIM5
SIM1
SIM2
SIM3
SIM4
1
21
22
SIM5
SIM1
SIM2
SIM3
SIM4
1
21
22
SIM5
SIM1
SIM2
SIM3
SIM4
1
21
22
SIM5
SIM1
SIM2
SIM3
SIM4
1
21
22
SIM5
SIM1
SIM2
SIM3
SIM4
1
21
22
SIM5
SIM1
SIM2
SIM3
SIM4
1
21
22
SIM5
SIM1
SIM2
SIM3
SIM4
1
21
22
SIM5
SIM1
SIM2
SIM3
SIM4
1
21
22
SIM5
SIM1
SIM2
SIM3
SIM4
1
21
22
SIM5
SIM1
SIM2
SIM3
SIM4
1
21
22
SIM5
SIM1
SIM2
SIM3
SIM4
1
21
22
SIM5
SIM1
SIM2
SIM3
SIM4
1
21
22
SIM5
SIM1
SIM2
SIM3
SIM4
1
21
22
SIM5
SIM1
SIM2
SIM3
SIM4
1
21
22
SIM5
SIM1
SIM2
SIM3
SIM4
1
21
22
SIM5
SIM1
SIM2
SIM3
SIM4
1
21
22
SIM5
SIM1
SIM2
SIM3
SIM4
1
21
22
SIM5
SIM1
SIM2
SIM3
SIM4
1
21
22
SIM5
SIM1
SIM2
SIM3
SIM4
1
21
22
SIM5
SIM1
SIM2
SIM3
SIM4
1
21
22
SIM5
SIM1
SIM2
SIM3
SIM4
1
21
22
SIM5
SIM1
SIM2
SIM3
SIM4
1
21
22
SIM5
SIM1
SIM2
SIM3
SIM4
1
21
22
SIM5
SIM1
SIM2
SIM3
SIM4
1
21
22
SIM5
SIM1
SIM2
SIM3
SIM4
1
21
22
SIM5
SIM1
SIM2
SIM3
SIM4
1
21
22
SIM5
SIM1
SIM2
SIM3
SIM4
1
21
22
SIM5
SIM1
SIM2
SIM3
SIM4
1
21
22
SIM5
SIM1
SIM2
SIM3
SIM4
1
21
22
SIM5
SIM1
SIM2
SIM3
SIM4
1
21
22
SIM5
SIM1
SIM2
SIM3
SIM4
1
21
22
SIM5
SIM1
SIM2
SIM3
SIM4
1
21
22
SIM5
SIM1
SIM2
SIM3
SIM4
1
21
22
SIM5
SIM1
SIM2
SIM3
SIM4
1
21
22
SIM5
SIM1
SIM2
SIM3
SIM4
1
21
22
SIM5
SIM1
SIM2
SIM3
SIM4
1
21
22
SIM5
SIM1
SIM2
SIM3
SIM4
1
21
22
SIM5
SIM1
SIM2
SIM3
SIM4
1
21
22
SIM5
SIM1
SIM2
SIM3
SIM4
1
21
22
SIM5
SIM1
SIM2
SIM3
SIM4
1
21
22
SIM5
SIM1
SIM2
SIM3
SIM4
1
21
22
SIM5
SIM1
SIM2
SIM3
SIM4
1
21
22
SIM5
SIM1
SIM2
SIM3
SIM4
1
21
22
SIM5
SIM1
SIM2
SIM3
SIM4
1
21
22
SIM5
SIM1
SIM2
SIM3
SIM4
1
21
22
SIM5
SIM1
SIM2
SIM3
SIM4
1
21
22
SIM5
SIM1
SIM2
SIM3
SIM4
1
21
22
SIM5
SIM1
SIM2
SIM3
SIM4
1
21
22
SIM5
SIM1
SIM2
SIM3
SIM4
1
21
22
SIM5
SIM1
SIM2
SIM3
SIM4
1
21
22
SIM5
SIM1
SIM2
SIM3
SIM4
1
21
22
SIM5
SIM1
SIM2
SIM3
SIM4
1
21
22
SIM5
SIM1
SIM2
SIM3
SIM4
1
21
22
SIM5
SIM1
SIM2
SIM3
SIM4
1
21
22
SIM5
SIM1
SIM2
SIM3
SIM4
1
21
22
SIM5
SIM1
SIM2
SIM3
SIM4
1
21
22
SIM5
SIM1
SIM2
SIM3
SIM4
1
21
22
SIM5
SIM1
SIM2
SIM3
SIM4
1
21
22
SIM5
SIM1
SIM2
SIM3
SIM4
1
21
22
SIM5
SIM1
SIM2
SIM3
SIM4
1
21
22
SIM5
SIM1
SIM2
SIM3
SIM4
1
21
22
SIM5
SIM1
SIM2
SIM3
SIM4
1
21
22
SIM5
SIM1
SIM2
SIM3
SIM4
1
21
22
SIM5
SIM1
SIM2
SIM3
SIM4
1
21
22
SIM5
SIM1
SIM2
SIM3
SIM4
1
21
22
SIM5
SIM1
SIM2
SIM3
SIM4
1
21
22
SIM5
SIM1
SIM2
SIM3
SIM4
1
21
22
SIM5
SIM1
SIM2
SIM3
SIM4
1
21
22
SIM5
SIM1
SIM2
SIM3
SIM4
1
21
22
SIM5
SIM1
SIM2
SIM3
SIM4
1
21
22
SIM5
SIM1
SIM2
SIM3
SIM4
1
21
22
SIM5
SIM1
SIM2
SIM3
SIM4
1
21
22
SIM5
SIM1
SIM2
SIM3
SIM4
1
21
22
SIM5
SIM1
SIM2
SIM3
SIM4
1
21
22
SIM5
SIM1
SIM2
SIM3
SIM4
1
21
22
SIM5
SIM1
SIM2
SIM3
SIM4
1
21
22
SIM5
SIM1
SIM2
SIM3
SIM4
1
21
22
SIM5
SIM1
SIM2
SIM3
SIM4
1
21
22
SIM5
SIM1
SIM2
SIM3
SIM4
1
21
22
SIM5
SIM1
SIM2
SIM3
SIM4
1
21
22
SIM5
SIM1
SIM2
SIM3
SIM4
1
21
22
SIM5
SIM1
SIM2
SIM3
SIM4
1
21
22
SIM5
SIM1
SIM2
SIM3
SIM4
1
21
22
SIM5
SIM1
SIM2
SIM3
SIM4
1
21
22
SIM5
SIM1
SIM2
SIM3
SIM4
1
21
22
SIM5
SIM1
SIM2
SIM3
SIM4
1
21
22
SIM5
SIM1
SIM2
SIM3
SIM4
1
21
22
SIM5
SIM1
SIM2
SIM3
SIM4
1
21
22
SIM5
SIM1
SIM2
SIM3
SIM4
1
21
22
SIM5
SIM1
SIM2
SIM3
SIM4
1
21
22
SIM5
SIM1
SIM2
SIM3
SIM4
1
21
22
SIM5
SIM1
SIM2
SIM3
SIM4
1
21
22
SIM5
SIM1
SIM2
SIM3
SIM4
1
21
22
SIM5
SIM1
SIM2
DEBUG 1 75
SIM1
SIM2
SIM3
SIM4
1
21
22
SIM5
SIM1
SIM2
SIM3
SIM4
1
21
22
SIM5
SIM1
SIM2
SIM3
SIM4
1
21
22
SIM5
SIM1
SIM2
SIM3
SIM4
1
21
22
SIM5
SIM1
SIM2
SIM3
SIM4
1
21
22
SIM5
SIM1
SIM2
SIM3
SIM4
1
21
22
SIM5
SIM1
SIM2
SIM3
SIM4
1
21
22
SIM5
SIM1
SIM2
SIM3
SIM4
1
21
22
SIM5
SIM1
SIM2
SIM3
SIM4
1
21
22
SIM5
SIM1
SIM2
SIM3
SIM4
1
21
22
SIM5
SIM1
SIM2
SIM3
SIM4
1
21
22
SIM5
SIM1
SIM2
SIM3
SIM4
1
21
22
SIM5
SIM1
SIM2
SIM3
SIM4
1
21
22
SIM5
SIM1
SIM2
SIM3
SIM4
1
21
22
SIM5
SIM1
SIM2
SIM3
SIM4
1
21
22
SIM5
SIM1
SIM2
SIM3
SIM4
1
21
22
SIM5
SIM1
SIM2
SIM3
SIM4
1
21
22
SIM5
SIM1
SIM2
SIM3
SIM4
1
21
22
SIM5
SIM1
SIM2
SIM3
SIM4
1
21
22
SIM5
SIM1
SIM2
SIM3
SIM4
1
21
22
SIM5
SIM1
SIM2
SIM3
SIM4
1
21
22
SIM5
SIM1
SIM2
SIM3
SIM4
1
21
22
SIM5
SIM1
SIM2
SIM3
SIM4
1
21
22
SIM5
SIM1
SIM2
SIM3
SIM4
1
21
22
SIM5
SIM1
SIM2
SIM3
SIM4
1
21
22
SIM5
SIM1
SIM2
SIM3
SIM4
1
21
22
SIM5
SIM1
SIM2
SIM3
SIM4
1
21
22
SIM5
SIM1
SIM2
SIM3
SIM4
1
21
22
SIM5
SIM1
SIM2
SIM3
SIM4
1
21
22
SIM5
SIM1
SIM2
SIM3
SIM4
1
21
22
SIM5
SIM1
SIM2
SIM3
SIM4
1
21
22
SIM5
SIM1
SIM2
SIM3
SIM4
1
21
22
SIM5
SIM1
SIM2
SIM3
SIM4
1
21
22
SIM5
SIM1
SIM2
SIM3
SIM4
1
21
22
SIM5
SIM1
SIM2
SIM3
SIM4
1
21
22
SIM5
SIM1
SIM2
SIM3
SIM4
1
21
22
SIM5
SIM1
SIM2
SIM3
SIM4
1
21
22
SIM5
SIM1
SIM2
SIM3
SIM4
1
21
22
SIM5
SIM1
SIM2
SIM3
SIM4
1
21
22
SIM5
SIM1
SIM2
SIM3
SIM4
1
21
22
SIM5
SIM1
SIM2
SIM3
SIM4
1
21
22
SIM5
SIM1
SIM2
SIM3
SIM4
1
21
22
SIM5
SIM1
SIM2
SIM3
SIM4
1
21
22
SIM5
SIM1
SIM2
SIM3
SIM4
1
21
22
SIM5
SIM1
SIM2
SIM3
SIM4
1
21
22
SIM5
SIM1
SIM2
SIM3
SIM4
1
21
22
SIM5
SIM1
SIM2
SIM3
SIM4
1
21
22
SIM5
SIM1
SIM2
SIM3
SIM4
1
21
22
SIM5
SIM1
SIM2
SIM3
SIM4
1
21
22
SIM5
SIM1
SIM2
SIM3
SIM4
1
21
22
SIM5
SIM1
SIM2
SIM3
SIM4
1
21
22
SIM5
SIM1
SIM2
SIM3
SIM4
1
21
22
SIM5
SIM1
SIM2
SIM3
SIM4
1
21
22
SIM5
SIM1
SIM2
SIM3
SIM4
1
21
22
SIM5
SIM1
SIM2
SIM3
SIM4
1
21
22
SIM5
SIM1
SIM2
SIM3
SIM4
1
21
22
SIM5
SIM1
SIM2
SIM3
SIM4
1
21
22
SIM5
SIM1
SIM2
SIM3
SIM4
1
21
22
SIM5
SIM1
SIM2
SIM3
SIM4
1
21
22
SIM5
SIM1
SIM2
SIM3
SIM4
1
21
22
SIM5
SIM1
SIM2
SIM3
SIM4
1
21
22
SIM5
SIM1
SIM2
SIM3
SIM4
1
21
22
SIM5
SIM1
SIM2
SIM3
SIM4
1
21
22
SIM5
SIM1
SIM2
SIM3
SIM4
1
21
22
SIM5
SIM1
SIM2
SIM3
SIM4
1
21
22
SIM5
SIM1
SIM2
SIM3
SIM4
1
21
22
SIM5
SIM1
SIM2
SIM3
SIM4
1
21
22
SIM5
SIM1
SIM2
SIM3
SIM4
1
21
22
SIM5
SIM1
SIM2
SIM3
SIM4
1
21
22
SIM5
SIM1
SIM2
SIM3
SIM4
1
21
22
SIM5
SIM1
SIM2
SIM3
SIM4
1
21
22
SIM5
SIM1
SIM2
SIM3
SIM4
1
21
22
SIM5
SIM1
SIM2
SIM3
SIM4
1
21
22
SIM5
SIM1
SIM2
SIM3
SIM4
1
21
22
SIM5
SIM1
SIM2
SIM3
SIM4
1
21
22
SIM5
SIM1
SIM2
SIM3
SIM4
1
21
22
SIM5
SIM1
SIM2
SIM3
SIM4
1
21
22
SIM5
SIM1
SIM2
SIM3
SIM4
1
21
22
SIM5
SIM1
SIM2
SIM3
SIM4
1
21
22
SIM5
SIM1
SIM2
SIM3
SIM4
1
21
22
SIM5
SIM1
SIM2
SIM3
SIM4
1
21
22
SIM5
SIM1
SIM2
SIM3
SIM4
1
21
22
SIM5
SIM1
SIM2
SIM3
SIM4
1
21
22
SIM5
SIM1
SIM2
SIM3
SIM4
1
21
22
SIM5
SIM1
SIM2
SIM3
SIM4
1
21
22
SIM5
SIM1
SIM2
SIM3
SIM4
1
21
22
SIM5
SIM1
SIM2
SIM3
SIM4
1
21
22
SIM5
SIM1
SIM2
SIM3
SIM4
1
21
22
SIM5
SIM1
SIM2
SIM3
SIM4
1
21
22
SIM5
SIM1
SIM2
SIM3
SIM4
1
21
22
SIM5
SIM1
SIM2
SIM3
SIM4
1
21
22
SIM5
SIM1
SIM2
SIM3
SIM4
1
21
22
SIM5
SIM1
SIM2
SIM3
SIM4
1
21
22
SIM5
SIM1
SIM2
SIM3
SIM4
1
21
22
SIM5
SIM1
SIM2
SIM3
SIM4
1
21
22
SIM5
SIM1
SIM2
SIM3
SIM4
1
21
22
SIM5
SIM1
SIM2
SIM3
SIM4
1
21
22
SIM5
SIM1
SIM2
SIM3
SIM4
1
21
22
SIM5
SIM1
SIM2
SIM3
SIM4
1
21
22
SIM5
SIM1
SIM2
SIM3
SIM4
1
21
22
SIM5
SIM1
SIM2
SIM3
SIM4
1
21
22
SIM5
SIM1
SIM2
SIM3
SIM4
1
21
22
SIM5
SIM1
SIM2
SIM3
SIM4
1
21
22
SIM5
SIM1
SIM2
SIM3
SIM4
1
21
22
SIM5
SIM1
SIM2
SIM3
SIM4
1
21
22
SIM5
SIM1
SIM2
SIM3
SIM4
1
21
22
SIM5
SIM1
SIM2
SIM3
SIM4
1
21
22
SIM5
SIM1
SIM2
SIM3
SIM4
1
21
22
SIM5
SIM1
SIM2
SIM3
SIM4
1
21
22
SIM5
SIM1
SIM2
SIM3
SIM4
1
21
22
SIM5
SIM1
SIM2
SIM3
SIM4
1
21
22
SIM5
SIM1
SIM2
SIM3
SIM4
1
21
22
SIM5
SIM1
SIM2
SIM3
SIM4
1
21
22
SIM5
SIM1
SIM2
SIM3
SIM4
1
21
22
SIM5
SIM1
SIM2
SIM3
SIM4
1
21
22
SIM5
SIM1
SIM2
SIM3
SIM4
1
21
22
SIM5
SIM1
SIM2
SIM3
SIM4
1
21
22
SIM5
SIM1
SIM2
SIM3
SIM4
1
21
22
SIM5
SIM1
SIM2
SIM3
SIM4
1
21
22
SIM5
SIM1
SIM2
SIM3
SIM4
1
21
22
SIM5
SIM1
SIM2
SIM3
SIM4
1
21
22
SIM5
SIM1
SIM2
SIM3
SIM4
1
21
22
SIM5
SIM1
SIM2
SIM3
SIM4
1
21
22
SIM5
SIM1
SIM2
SIM3
SIM4
1
21
22
SIM5
SIM1
SIM2
SIM3
SIM4
1
21
22
SIM5
SIM1
SIM2
SIM3
SIM4
1
21
22
SIM5
SIM1
SIM2
SIM3
SIM4
1
21
22
SIM5
SIM1
SIM2
SIM3
SIM4
1
21
22
SIM5
SIM1
SIM2
SIM3
SIM4
1
21
22
SIM5
SIM1
SIM2
SIM3
SIM4
1
21
22
SIM5
SIM1
SIM2
SIM3
SIM4
1
21
22
SIM5
SIM1
SIM2
SIM3
SIM4
1
21
22
SIM5
SIM1
SIM2
SIM3
SIM4
1
21
22
SIM5
SIM1
SIM2
SIM3
SIM4
1
21
22
SIM5
SIM1
SIM2
SIM3
SIM4
1
21
22
SIM5
SIM1
SIM2
SIM3
SIM4
1
21
22
SIM5
SIM1
SIM2
SIM3
SIM4
1
21
22
SIM5
SIM1
SIM2
SIM3
SIM4
1
21
22
SIM5
SIM1
SIM2
SIM3
SIM4
1
21
22
SIM5
SIM1
SIM2
SIM3
SIM4
1
21
22
SIM5
SIM1
SIM2
SIM3
SIM4
1
21
22
SIM5
SIM1
SIM2
SIM3
SIM4
1
21
22
SIM5
SIM1
SIM2
SIM3
SIM4
1
21
22
SIM5
SIM1
SIM2
SIM3
SIM4
1
21
22
SIM5
SIM1
SIM2
SIM3
SIM4
1
21
22
SIM5
SIM1
SIM2
SIM3
SIM4
1
21
22
SIM5
SIM1
SIM2
SIM3
SIM4
1
21
22
SIM5
SIM1
SIM2
SIM3
SIM4
1
21
22
SIM5
SIM1
SIM2
SIM3
SIM4
1
21
22
SIM5
SIM1
SIM2
DEBUG 1 76
SIM1
SIM2
SIM3
SIM4
1
21
22
SIM5
SIM1
SIM2
SIM3
SIM4
1
21
22
SIM5
SIM1
SIM2
SIM3
SIM4
1
21
22
SIM5
SIM1
SIM2
SIM3
SIM4
1
21
22
SIM5
SIM1
SIM2
SIM3
SIM4
1
21
22
SIM5
SIM1
SIM2
SIM3
SIM4
1
21
22
SIM5
SIM1
SIM2
SIM3
SIM4
1
21
22
SIM5
SIM1
SIM2
SIM3
SIM4
1
21
22
SIM5
SIM1
SIM2
SIM3
SIM4
1
21
22
SIM5
SIM1
SIM2
SIM3
SIM4
1
21
22
SIM5
SIM1
SIM2
SIM3
SIM4
1
21
22
SIM5
SIM1
SIM2
SIM3
SIM4
1
21
22
SIM5
SIM1
SIM2
SIM3
SIM4
1
21
22
SIM5
SIM1
SIM2
SIM3
SIM4
1
21
22
SIM5
SIM1
SIM2
SIM3
SIM4
1
21
22
SIM5
SIM1
SIM2
SIM3
SIM4
1
21
22
SIM5
SIM1
SIM2
SIM3
SIM4
1
21
22
SIM5
SIM1
SIM2
SIM3
SIM4
1
21
22
SIM5
SIM1
SIM2
SIM3
SIM4
1
21
22
SIM5
SIM1
SIM2
SIM3
SIM4
1
21
22
SIM5
SIM1
SIM2
SIM3
SIM4
1
21
22
SIM5
SIM1
SIM2
SIM3
SIM4
1
21
22
SIM5
SIM1
SIM2
SIM3
SIM4
1
21
22
SIM5
SIM1
SIM2
SIM3
SIM4
1
21
22
SIM5
SIM1
SIM2
SIM3
SIM4
1
21
22
SIM5
SIM1
SIM2
SIM3
SIM4
1
21
22
SIM5
SIM1
SIM2
SIM3
SIM4
1
21
22
SIM5
SIM1
SIM2
SIM3
SIM4
1
21
22
SIM5
SIM1
SIM2
SIM3
SIM4
1
21
22
SIM5
SIM1
SIM2
SIM3
SIM4
1
21
22
SIM5
SIM1
SIM2
SIM3
SIM4
1
21
22
SIM5
SIM1
SIM2
SIM3
SIM4
1
21
22
SIM5
SIM1
SIM2
SIM3
SIM4
1
21
22
SIM5
SIM1
SIM2
SIM3
SIM4
1
21
22
SIM5
SIM1
SIM2
SIM3
SIM4
1
21
22
SIM5
SIM1
SIM2
SIM3
SIM4
1
21
22
SIM5
SIM1
SIM2
SIM3
SIM4
1
21
22
SIM5
SIM1
SIM2
SIM3
SIM4
1
21
22
SIM5
SIM1
SIM2
SIM3
SIM4
1
21
22
SIM5
SIM1
SIM2
SIM3
SIM4
1
21
22
SIM5
SIM1
SIM2
SIM3
SIM4
1
21
22
SIM5
SIM1
SIM2
SIM3
SIM4
1
21
22
SIM5
SIM1
SIM2
SIM3
SIM4
1
21
22
SIM5
SIM1
SIM2
SIM3
SIM4
1
21
22
SIM5
SIM1
SIM2
SIM3
SIM4
1
21
22
SIM5
SIM1
SIM2
SIM3
SIM4
1
21
22
SIM5
SIM1
SIM2
SIM3
SIM4
1
21
22
SIM5
SIM1
SIM2
SIM3
SIM4
1
21
22
SIM5
SIM1
SIM2
SIM3
SIM4
1
21
22
SIM5
SIM1
SIM2
SIM3
SIM4
1
21
22
SIM5
SIM1
SIM2
SIM3
SIM4
1
21
22
SIM5
SIM1
SIM2
SIM3
SIM4
1
21
22
SIM5
SIM1
SIM2
SIM3
SIM4
1
21
22
SIM5
SIM1
SIM2
SIM3
SIM4
1
21
22
SIM5
SIM1
SIM2
SIM3
SIM4
1
21
22
SIM5
SIM1
SIM2
SIM3
SIM4
1
21
22
SIM5
SIM1
SIM2
SIM3
SIM4
1
21
22
SIM5
SIM1
SIM2
SIM3
SIM4
1
21
22
SIM5
SIM1
SIM2
SIM3
SIM4
1
21
22
SIM5
SIM1
SIM2
SIM3
SIM4
1
21
22
SIM5
SIM1
SIM2
SIM3
SIM4
1
21
22
SIM5
SIM1
SIM2
SIM3
SIM4
1
21
22
SIM5
SIM1
SIM2
SIM3
SIM4
1
21
22
SIM5
SIM1
SIM2
SIM3
SIM4
1
21
22
SIM5
SIM1
SIM2
SIM3
SIM4
1
21
22
SIM5
SIM1
SIM2
SIM3
SIM4
1
21
22
SIM5
SIM1
SIM2
SIM3
SIM4
1
21
22
SIM5
SIM1
SIM2
SIM3
SIM4
1
21
22
SIM5
SIM1
SIM2
SIM3
SIM4
1
21
22
SIM5
SIM1
SIM2
SIM3
SIM4
1
21
22
SIM5
SIM1
SIM2
SIM3
SIM4
1
21
22
SIM5
SIM1
SIM2
SIM3
SIM4
1
21
22
SIM5
SIM1
SIM2
SIM3
SIM4
1
21
22
SIM5
SIM1
SIM2
SIM3
SIM4
1
21
22
SIM5
SIM1
SIM2
SIM3
SIM4
1
21
22
SIM5
SIM1
SIM2
SIM3
SIM4
1
21
22
SIM5
SIM1
SIM2
SIM3
SIM4
1
21
22
SIM5
SIM1
SIM2
SIM3
SIM4
1
21
22
SIM5
SIM1
SIM2
SIM3
SIM4
1
21
22
SIM5
SIM1
SIM2
SIM3
SIM4
1
21
22
SIM5
SIM1
SIM2
SIM3
SIM4
1
21
22
SIM5
SIM1
SIM2
SIM3
SIM4
1
21
22
SIM5
SIM1
SIM2
SIM3
SIM4
1
21
22
SIM5
SIM1
SIM2
SIM3
SIM4
1
21
22
SIM5
SIM1
SIM2
SIM3
SIM4
1
21
22
SIM5
SIM1
SIM2
SIM3
SIM4
1
21
22
SIM5
SIM1
SIM2
SIM3
SIM4
1
21
22
SIM5
SIM1
SIM2
SIM3
SIM4
1
21
22
SIM5
SIM1
SIM2
SIM3
SIM4
1
21
22
SIM5
SIM1
SIM2
SIM3
SIM4
1
21
22
SIM5
SIM1
SIM2
SIM3
SIM4
1
21
22
SIM5
SIM1
SIM2
SIM3
SIM4
1
21
22
SIM5
SIM1
SIM2
SIM3
SIM4
1
21
22
SIM5
SIM1
SIM2
SIM3
SIM4
1
21
22
SIM5
SIM1
SIM2
SIM3
SIM4
1
21
22
SIM5
SIM1
SIM2
SIM3
SIM4
1
21
22
SIM5
SIM1
SIM2
SIM3
SIM4
1
21
22
SIM5
SIM1
SIM2
SIM3
SIM4
1
21
22
SIM5
SIM1
SIM2
SIM3
SIM4
1
21
22
SIM5
SIM1
SIM2
SIM3
SIM4
1
21
22
SIM5
SIM1
SIM2
SIM3
SIM4
1
21
22
SIM5
SIM1
SIM2
SIM3
SIM4
1
21
22
SIM5
SIM1
SIM2
SIM3
SIM4
1
21
22
SIM5
SIM1
SIM2
SIM3
SIM4
1
21
22
SIM5
SIM1
SIM2
SIM3
SIM4
1
21
22
SIM5
SIM1
SIM2
SIM3
SIM4
1
21
22
SIM5
SIM1
SIM2
SIM3
SIM4
1
21
22
SIM5
SIM1
SIM2
SIM3
SIM4
1
21
22
SIM5
SIM1
SIM2
SIM3
SIM4
1
21
22
SIM5
SIM1
SIM2
SIM3
SIM4
1
21
22
SIM5
SIM1
SIM2
SIM3
SIM4
1
21
22
SIM5
SIM1
SIM2
SIM3
SIM4
1
21
22
SIM5
SIM1
SIM2
SIM3
SIM4
1
21
22
SIM5
SIM1
SIM2
SIM3
SIM4
1
21
22
SIM5
SIM1
SIM2
SIM3
SIM4
1
21
22
SIM5
SIM1
SIM2
SIM3
SIM4
1
21
22
SIM5
SIM1
SIM2
SIM3
SIM4
1
21
22
SIM5
SIM1
SIM2
SIM3
SIM4
1
21
22
SIM5
SIM1
SIM2
SIM3
SIM4
1
21
22
SIM5
SIM1
SIM2
SIM3
SIM4
1
21
22
SIM5
SIM1
SIM2
SIM3
SIM4
1
21
22
SIM5
SIM1
SIM2
SIM3
SIM4
1
21
22
SIM5
SIM1
SIM2
SIM3
SIM4
1
21
22
SIM5
SIM1
SIM2
SIM3
SIM4
1
21
22
SIM5
SIM1
SIM2
SIM3
SIM4
1
21
22
SIM5
SIM1
SIM2
SIM3
SIM4
1
21
22
SIM5
SIM1
SIM2
SIM3
SIM4
1
21
22
SIM5
SIM1
SIM2
SIM3
SIM4
1
21
22
SIM5
SIM1
SIM2
SIM3
SIM4
1
21
22
SIM5
SIM1
SIM2
SIM3
SIM4
1
21
22
SIM5
SIM1
SIM2
SIM3
SIM4
1
21
22
SIM5
SIM1
SIM2
SIM3
SIM4
1
21
22
SIM5
SIM1
SIM2
SIM3
SIM4
1
21
22
SIM5
SIM1
SIM2
SIM3
SIM4
1
21
22
SIM5
SIM1
SIM2
SIM3
SIM4
1
21
22
SIM5
SIM1
SIM2
SIM3
SIM4
1
21
22
SIM5
SIM1
SIM2
SIM3
SIM4
1
21
22
SIM5
SIM1
SIM2
SIM3
SIM4
1
21
22
SIM5
SIM1
SIM2
SIM3
SIM4
1
21
22
SIM5
SIM1
SIM2
SIM3
SIM4
1
21
22
SIM5
SIM1
SIM2
SIM3
SIM4
1
21
22
SIM5
SIM1
SIM2
SIM3
SIM4
1
21
22
SIM5
SIM1
SIM2
SIM3
SIM4
1
21
22
SIM5
SIM1
SIM2
SIM3
SIM4
1
21
22
SIM5
SIM1
SIM2
SIM3
SIM4
1
21
22
SIM5
SIM1
SIM2
SIM3
SIM4
1
21
22
SIM5
SIM1
SIM2
SIM3
SIM4
1
21
22
SIM5
SIM1
SIM2
SIM3
SIM4
1
21
22
SIM5
SIM1
SIM2
SIM3
SIM4
1
21
22
SIM5
SIM1
SIM2
SIM3
SIM4
1
21
22
SIM5
SIM1
SIM2
SIM3
SIM4
1
21
22
SIM5
SIM1
SIM2
SIM3
SIM4
1
21
22
SIM5
SIM1
SIM2
SIM3
SIM4
1
21
22
SIM5
SIM1
SIM2
SIM3
SIM4
1
21
22
SIM5
SIM1
SIM2
SIM3
SIM4
1
21
22
SIM5
SIM1
SIM2
SIM3
SIM4
1
21
22
SIM5
SIM1
SIM2
SIM3
SIM4
1
21
22
SIM5
SIM1
SIM2
SIM3
SIM4
1
21
22
SIM5
SIM1
SIM2
SIM3
SIM4
1
21
22
SIM5
SIM1
SIM2
SIM3
SIM4
1
21
22
SIM5
SIM1
SIM2
SIM3
SIM4
1
21
22
SIM5
SIM1
SIM2
SIM3
SIM4
1
21
22
SIM5
SIM1
SIM2
SIM3
SIM4
1
21
22
SIM5
SIM1
SIM2
SIM3
SIM4
1
21
22
SIM5
SIM1
SIM2
SIM3
SIM4
1
21
22
SIM5
SIM1
SIM2
SIM3
SIM4
1
21
22
SIM5
SIM1
SIM2
SIM3
SIM4
1
21
22
SIM5
SIM1
SIM2
SIM3
SIM4
1
21
22
SIM5
SIM1
SIM2
SIM3
SIM4
1
21
22
SIM5
SIM1
SIM2
SIM3
SIM4
1
21
22
SIM5
SIM1
SIM2
SIM3
SIM4
1
21
22
SIM5
SIM1
SIM2
SIM3
SIM4
1
21
22
SIM5
SIM1
SIM2
SIM3
SIM4
1
21
22
SIM5
SIM1
SIM2
SIM3
SIM4
1
21
22
SIM5
SIM1
SIM2
SIM3
SIM4
1
21
22
SIM5
SIM1
SIM2
SIM3
SIM4
1
21
22
SIM5
SIM1
SIM2
SIM3
SIM4
1
21
22
SIM5
SIM1
SIM2
SIM3
SIM4
1
21
22
SIM5
SIM1
SIM2
SIM3
SIM4
1
21
22
SIM5
SIM1
SIM2
SIM3
SIM4
1
21
22
SIM5
SIM1
SIM2
SIM3
SIM4
1
21
22
SIM5
SIM1
SIM2
SIM3
SIM4
1
21
22
SIM5
SIM1
SIM2
SIM3
SIM4
1
21
22
SIM5
SIM1
SIM2
SIM3
SIM4
1
21
22
SIM5
SIM1
SIM2
SIM3
SIM4
1
21
22
SIM5
SIM1
SIM2
SIM3
SIM4
1
21
22
SIM5
SIM1
SIM2
SIM3
SIM4
1
21
22
SIM5
SIM1
SIM2
SIM3
SIM4
1
21
22
SIM5
SIM1
SIM2
SIM3
SIM4
1
21
22
SIM5
SIM1
SIM2
SIM3
SIM4
1
21
22
SIM5
SIM1
SIM2
SIM3
SIM4
1
21
22
SIM5
SIM1
SIM2
SIM3
SIM4
1
21
22
SIM5
SIM1
SIM2
SIM3
SIM4
1
21
22
SIM5
SIM1
SIM2
SIM3
SIM4
1
21
22
SIM5
SIM1
SIM2
SIM3
SIM4
1
21
22
SIM5
SIM1
SIM2
SIM3
SIM4
1
21
22
SIM5
SIM1
SIM2
SIM3
SIM4
1
21
22
SIM5
SIM1
SIM2
SIM3
SIM4
1
21
22
SIM5
SIM1
SIM2
SIM3
SIM4
1
21
22
SIM5
SIM1
SIM2
SIM3
SIM4
1
21
22
SIM5
SIM1
SIM2
SIM3
SIM4
1
21
22
SIM5
SIM1
SIM2
SIM3
SIM4
1
21
22
SIM5
SIM1
SIM2
SIM3
SIM4
1
21
22
SIM5
SIM1
SIM2
SIM3
SIM4
1
21
22
SIM5
SIM1
SIM2
SIM3
SIM4
1
21
22
SIM5
SIM1
SIM2
SIM3
SIM4
1
21
22
SIM5
SIM1
SIM2
SIM3
SIM4
1
21
22
SIM5
SIM1
SIM2
SIM3
SIM4
1
21
22
SIM5
SIM1
SIM2
SIM3
SIM4
1
21
22
SIM5
SIM1
SIM2
SIM3
SIM4
1
21
22
SIM5
SIM1
SIM2
SIM3
SIM4
1
21
22
SIM5
SIM1
SIM2
SIM3
SIM4
1
21
22
SIM5
SIM1
SIM2
SIM3
SIM4
1
21
22
SIM5
SIM1
SIM2
SIM3
SIM4
1
21
22
SIM5
SIM1
SIM2
SIM3
SIM4
1
21
22
SIM5
SIM1
SIM2
SIM3
SIM4
1
21
22
SIM5
SIM1
SIM2
SIM3
SIM4
1
21
22
SIM5
SIM1
SIM2
SIM3
SIM4
1
21
22
SIM5
SIM1
SIM2
SIM3
SIM4
1
21
22
SIM5
SIM1
SIM2
SIM3
SIM4
1
21
22
SIM5
SIM1
SIM2
SIM3
SIM4
1
21
22
SIM5
SIM1
SIM2
SIM3
SIM4
1
21
22
SIM5
SIM1
SIM2
SIM3
SIM4
1
21
22
SIM5
SIM1
SIM2
SIM3
SIM4
1
21
22
SIM5
SIM1
SIM2
SIM3
SIM4
1
21
22
SIM5
SIM1
SIM2
SIM3
SIM4
1
21
22
SIM5
SIM1
SIM2
SIM3
SIM4
1
21
22
SIM5
SIM1
SIM2
SIM3
SIM4
1
21
22
SIM5
SIM1
SIM2
DEBUG 1 77
SIM1
SIM2
SIM3
SIM4
1
21
22
SIM5
SIM1
SIM2
SIM3
SIM4
1
21
22
SIM5
SIM1
SIM2
SIM3
SIM4
1
21
22
SIM5
SIM1
SIM2
SIM3
SIM4
1
21
22
SIM5
SIM1
SIM2
SIM3
SIM4
1
21
22
SIM5
SIM1
SIM2
SIM3
SIM4
1
21
22
SIM5
SIM1
SIM2
SIM3
SIM4
1
21
22
SIM5
SIM1
SIM2
SIM3
SIM4
1
21
22
SIM5
SIM1
SIM2
SIM3
SIM4
1
21
22
SIM5
SIM1
SIM2
SIM3
SIM4
1
21
22
SIM5
SIM1
SIM2
SIM3
SIM4
1
21
22
SIM5
SIM1
SIM2
SIM3
SIM4
1
21
22
SIM5
SIM1
SIM2
SIM3
SIM4
1
21
22
SIM5
SIM1
SIM2
SIM3
SIM4
1
21
22
SIM5
SIM1
SIM2
SIM3
SIM4
1
21
22
SIM5
SIM1
SIM2
SIM3
SIM4
1
21
22
SIM5
SIM1
SIM2
SIM3
SIM4
1
21
22
SIM5
SIM1
SIM2
SIM3
SIM4
1
21
22
SIM5
SIM1
SIM2
SIM3
SIM4
1
21
22
SIM5
SIM1
SIM2
SIM3
SIM4
1
21
22
SIM5
SIM1
SIM2
SIM3
SIM4
1
21
22
SIM5
SIM1
SIM2
SIM3
SIM4
1
21
22
SIM5
SIM1
SIM2
SIM3
SIM4
1
21
22
SIM5
SIM1
SIM2
SIM3
SIM4
1
21
22
SIM5
SIM1
SIM2
SIM3
SIM4
1
21
22
SIM5
SIM1
SIM2
SIM3
SIM4
1
21
22
SIM5
SIM1
SIM2
SIM3
SIM4
1
21
22
SIM5
SIM1
SIM2
SIM3
SIM4
1
21
22
SIM5
SIM1
SIM2
SIM3
SIM4
1
21
22
SIM5
SIM1
SIM2
SIM3
SIM4
1
21
22
SIM5
SIM1
SIM2
SIM3
SIM4
1
21
22
SIM5
SIM1
SIM2
SIM3
SIM4
1
21
22
SIM5
SIM1
SIM2
SIM3
SIM4
1
21
22
SIM5
SIM1
SIM2
SIM3
SIM4
1
21
22
SIM5
SIM1
SIM2
SIM3
SIM4
1
21
22
SIM5
SIM1
SIM2
SIM3
SIM4
1
21
22
SIM5
SIM1
SIM2
SIM3
SIM4
1
21
22
SIM5
SIM1
SIM2
SIM3
SIM4
1
21
22
SIM5
SIM1
SIM2
SIM3
SIM4
1
21
22
SIM5
SIM1
SIM2
SIM3
SIM4
1
21
22
SIM5
SIM1
SIM2
SIM3
SIM4
1
21
22
SIM5
SIM1
SIM2
SIM3
SIM4
1
21
22
SIM5
SIM1
SIM2
SIM3
SIM4
1
21
22
SIM5
SIM1
SIM2
SIM3
SIM4
1
21
22
SIM5
SIM1
SIM2
SIM3
SIM4
1
21
22
SIM5
SIM1
SIM2
SIM3
SIM4
1
21
22
SIM5
SIM1
SIM2
SIM3
SIM4
1
21
22
SIM5
SIM1
SIM2
SIM3
SIM4
1
21
22
SIM5
SIM1
SIM2
SIM3
SIM4
1
21
22
SIM5
SIM1
SIM2
SIM3
SIM4
1
21
22
SIM5
SIM1
SIM2
SIM3
SIM4
1
21
22
SIM5
SIM1
SIM2
SIM3
SIM4
1
21
22
SIM5
SIM1
SIM2
SIM3
SIM4
1
21
22
SIM5
SIM1
SIM2
SIM3
SIM4
1
21
22
SIM5
SIM1
SIM2
SIM3
SIM4
1
21
22
SIM5
SIM1
SIM2
SIM3
SIM4
1
21
22
SIM5
SIM1
SIM2
SIM3
SIM4
1
21
22
SIM5
SIM1
SIM2
SIM3
SIM4
1
21
22
SIM5
SIM1
SIM2
SIM3
SIM4
1
21
22
SIM5
SIM1
SIM2
SIM3
SIM4
1
21
22
SIM5
SIM1
SIM2
SIM3
SIM4
1
21
22
SIM5
SIM1
SIM2
SIM3
SIM4
1
21
22
SIM5
SIM1
SIM2
SIM3
SIM4
1
21
22
SIM5
SIM1
SIM2
SIM3
SIM4
1
21
22
SIM5
SIM1
SIM2
SIM3
SIM4
1
21
22
SIM5
SIM1
SIM2
SIM3
SIM4
1
21
22
SIM5
SIM1
SIM2
SIM3
SIM4
1
21
22
SIM5
SIM1
SIM2
SIM3
SIM4
1
21
22
SIM5
SIM1
SIM2
SIM3
SIM4
1
21
22
SIM5
SIM1
SIM2
SIM3
SIM4
1
21
22
SIM5
SIM1
SIM2
SIM3
SIM4
1
21
22
SIM5
SIM1
SIM2
SIM3
SIM4
1
21
22
SIM5
SIM1
SIM2
SIM3
SIM4
1
21
22
SIM5
SIM1
SIM2
SIM3
SIM4
1
21
22
SIM5
SIM1
SIM2
SIM3
SIM4
1
21
22
SIM5
SIM1
SIM2
SIM3
SIM4
1
21
22
SIM5
SIM1
SIM2
SIM3
SIM4
1
21
22
SIM5
SIM1
SIM2
SIM3
SIM4
1
21
22
SIM5
SIM1
SIM2
SIM3
SIM4
1
21
22
SIM5
SIM1
SIM2
SIM3
SIM4
1
21
22
SIM5
SIM1
SIM2
SIM3
SIM4
1
21
22
SIM5
SIM1
SIM2
SIM3
SIM4
1
21
22
SIM5
SIM1
SIM2
SIM3
SIM4
1
21
22
SIM5
SIM1
SIM2
SIM3
SIM4
1
21
22
SIM5
SIM1
SIM2
SIM3
SIM4
1
21
22
SIM5
SIM1
SIM2
SIM3
SIM4
1
21
22
SIM5
SIM1
SIM2
SIM3
SIM4
1
21
22
SIM5
SIM1
SIM2
SIM3
SIM4
1
21
22
SIM5
SIM1
SIM2
SIM3
SIM4
1
21
22
SIM5
SIM1
SIM2
SIM3
SIM4
1
21
22
SIM5
SIM1
SIM2
SIM3
SIM4
1
21
22
SIM5
SIM1
SIM2
SIM3
SIM4
1
21
22
SIM5
SIM1
SIM2
SIM3
SIM4
1
21
22
SIM5
SIM1
SIM2
SIM3
SIM4
1
21
22
SIM5
SIM1
SIM2
SIM3
SIM4
1
21
22
SIM5
SIM1
SIM2
SIM3
SIM4
1
21
22
SIM5
SIM1
SIM2
SIM3
SIM4
1
21
22
SIM5
SIM1
SIM2
SIM3
SIM4
1
21
22
SIM5
SIM1
SIM2
SIM3
SIM4
1
21
22
SIM5
SIM1
SIM2
SIM3
SIM4
1
21
22
SIM5
SIM1
SIM2
SIM3
SIM4
1
21
22
SIM5
SIM1
SIM2
SIM3
SIM4
1
21
22
SIM5
SIM1
SIM2
SIM3
SIM4
1
21
22
SIM5
SIM1
SIM2
SIM3
SIM4
1
21
22
SIM5
SIM1
SIM2
SIM3
SIM4
1
21
22
SIM5
SIM1
SIM2
SIM3
SIM4
1
21
22
SIM5
SIM1
SIM2
SIM3
SIM4
1
21
22
SIM5
SIM1
SIM2
SIM3
SIM4
1
21
22
SIM5
SIM1
SIM2
SIM3
SIM4
1
21
22
SIM5
SIM1
SIM2
SIM3
SIM4
1
21
22
SIM5
SIM1
SIM2
SIM3
SIM4
1
21
22
SIM5
SIM1
SIM2
SIM3
SIM4
1
21
22
SIM5
SIM1
SIM2
DEBUG 1 78
SIM1
SIM2
SIM3
SIM4
1
21
22
SIM5
SIM1
SIM2
SIM3
SIM4
1
21
22
SIM5
SIM1
SIM2
SIM3
SIM4
1
21
22
SIM5
SIM1
SIM2
SIM3
SIM4
1
21
22
SIM5
SIM1
SIM2
SIM3
SIM4
1
21
22
SIM5
SIM1
SIM2
SIM3
SIM4
1
21
22
SIM5
SIM1
SIM2
SIM3
SIM4
1
21
22
SIM5
SIM1
SIM2
SIM3
SIM4
1
21
22
SIM5
SIM1
SIM2
SIM3
SIM4
1
21
22
SIM5
SIM1
SIM2
SIM3
SIM4
1
21
22
SIM5
SIM1
SIM2
SIM3
SIM4
1
21
22
SIM5
SIM1
SIM2
SIM3
SIM4
1
21
22
SIM5
SIM1
SIM2
SIM3
SIM4
1
21
22
SIM5
SIM1
SIM2
SIM3
SIM4
1
21
22
SIM5
SIM1
SIM2
SIM3
SIM4
1
21
22
SIM5
SIM1
SIM2
SIM3
SIM4
1
21
22
SIM5
SIM1
SIM2
SIM3
SIM4
1
21
22
SIM5
SIM1
SIM2
SIM3
SIM4
1
21
22
SIM5
SIM1
SIM2
SIM3
SIM4
1
21
22
SIM5
SIM1
SIM2
SIM3
SIM4
1
21
22
SIM5
SIM1
SIM2
SIM3
SIM4
1
21
22
SIM5
SIM1
SIM2
SIM3
SIM4
1
21
22
SIM5
SIM1
SIM2
SIM3
SIM4
1
21
22
SIM5
SIM1
SIM2
SIM3
SIM4
1
21
22
SIM5
SIM1
SIM2
SIM3
SIM4
1
21
22
SIM5
SIM1
SIM2
SIM3
SIM4
1
21
22
SIM5
SIM1
SIM2
SIM3
SIM4
1
21
22
SIM5
SIM1
SIM2
SIM3
SIM4
1
21
22
SIM5
SIM1
SIM2
SIM3
SIM4
1
21
22
SIM5
SIM1
SIM2
SIM3
SIM4
1
21
22
SIM5
SIM1
SIM2
SIM3
SIM4
1
21
22
SIM5
SIM1
SIM2
SIM3
SIM4
1
21
22
SIM5
SIM1
SIM2
SIM3
SIM4
1
21
22
SIM5
SIM1
SIM2
SIM3
SIM4
1
21
22
SIM5
SIM1
SIM2
SIM3
SIM4
1
21
22
SIM5
SIM1
SIM2
SIM3
SIM4
1
21
22
SIM5
SIM1
SIM2
SIM3
SIM4
1
21
22
SIM5
SIM1
SIM2
SIM3
SIM4
1
21
22
SIM5
SIM1
SIM2
SIM3
SIM4
1
21
22
SIM5
SIM1
SIM2
SIM3
SIM4
1
21
22
SIM5
SIM1
SIM2
SIM3
SIM4
1
21
22
SIM5
SIM1
SIM2
SIM3
SIM4
1
21
22
SIM5
SIM1
SIM2
SIM3
SIM4
1
21
22
SIM5
SIM1
SIM2
SIM3
SIM4
1
21
22
SIM5
SIM1
SIM2
SIM3
SIM4
1
21
22
SIM5
SIM1
SIM2
SIM3
SIM4
1
21
22
SIM5
SIM1
SIM2
SIM3
SIM4
1
21
22
SIM5
SIM1
SIM2
SIM3
SIM4
1
21
22
SIM5
SIM1
SIM2
SIM3
SIM4
1
21
22
SIM5
SIM1
SIM2
SIM3
SIM4
1
21
22
SIM5
SIM1
SIM2
SIM3
SIM4
1
21
22
SIM5
SIM1
SIM2
SIM3
SIM4
1
21
22
SIM5
SIM1
SIM2
SIM3
SIM4
1
21
22
SIM5
SIM1
SIM2
SIM3
SIM4
1
21
22
SIM5
SIM1
SIM2
SIM3
SIM4
1
21
22
SIM5
SIM1
SIM2
SIM3
SIM4
1
21
22
SIM5
SIM1
SIM2
SIM3
SIM4
1
21
22
SIM5
SIM1
SIM2
SIM3
SIM4
1
21
22
SIM5
SIM1
SIM2
SIM3
SIM4
1
21
22
SIM5
SIM1
SIM2
SIM3
SIM4
1
21
22
SIM5
SIM1
SIM2
SIM3
SIM4
1
21
22
SIM5
SIM1
SIM2
SIM3
SIM4
1
21
22
SIM5
SIM1
SIM2
SIM3
SIM4
1
21
22
SIM5
SIM1
SIM2
SIM3
SIM4
1
21
22
SIM5
SIM1
SIM2
SIM3
SIM4
1
21
22
SIM5
SIM1
SIM2
SIM3
SIM4
1
21
22
SIM5
SIM1
SIM2
SIM3
SIM4
1
21
22
SIM5
SIM1
SIM2
SIM3
SIM4
1
21
22
SIM5
SIM1
SIM2
SIM3
SIM4
1
21
22
SIM5
SIM1
SIM2
SIM3
SIM4
1
21
22
SIM5
SIM1
SIM2
SIM3
SIM4
1
21
22
SIM5
SIM1
SIM2
SIM3
SIM4
1
21
22
SIM5
SIM1
SIM2
SIM3
SIM4
1
21
22
SIM5
SIM1
SIM2
SIM3
SIM4
1
21
22
SIM5
SIM1
SIM2
SIM3
SIM4
1
21
22
SIM5
SIM1
SIM2
SIM3
SIM4
1
21
22
SIM5
SIM1
SIM2
SIM3
SIM4
1
21
22
SIM5
SIM1
SIM2
SIM3
SIM4
1
21
22
SIM5
SIM1
SIM2
SIM3
SIM4
1
21
22
SIM5
SIM1
SIM2
SIM3
SIM4
1
21
22
SIM5
SIM1
SIM2
SIM3
SIM4
1
21
22
SIM5
SIM1
SIM2
SIM3
SIM4
1
21
22
SIM5
SIM1
SIM2
SIM3
SIM4
1
21
22
SIM5
SIM1
SIM2
SIM3
SIM4
1
21
22
SIM5
SIM1
SIM2
SIM3
SIM4
1
21
22
SIM5
SIM1
SIM2
SIM3
SIM4
1
21
22
SIM5
SIM1
SIM2
SIM3
SIM4
1
21
22
SIM5
SIM1
SIM2
SIM3
SIM4
1
21
22
SIM5
SIM1
SIM2
SIM3
SIM4
1
21
22
SIM5
SIM1
SIM2
SIM3
SIM4
1
21
22
SIM5
SIM1
SIM2
SIM3
SIM4
1
21
22
SIM5
SIM1
SIM2
SIM3
SIM4
1
21
22
SIM5
SIM1
SIM2
SIM3
SIM4
1
21
22
SIM5
SIM1
SIM2
SIM3
SIM4
1
21
22
SIM5
SIM1
SIM2
SIM3
SIM4
1
21
22
SIM5
SIM1
SIM2
SIM3
SIM4
1
21
22
SIM5
SIM1
SIM2
SIM3
SIM4
1
21
22
SIM5
SIM1
SIM2
SIM3
SIM4
1
21
22
SIM5
SIM1
SIM2
SIM3
SIM4
1
21
22
SIM5
SIM1
SIM2
SIM3
SIM4
1
21
22
SIM5
SIM1
SIM2
SIM3
SIM4
1
21
22
SIM5
SIM1
SIM2
SIM3
SIM4
1
21
22
SIM5
SIM1
SIM2
SIM3
SIM4
1
21
22
SIM5
SIM1
SIM2
SIM3
SIM4
1
21
22
SIM5
SIM1
SIM2
SIM3
SIM4
1
21
22
SIM5
SIM1
SIM2
SIM3
SIM4
1
21
22
SIM5
SIM1
SIM2
SIM3
SIM4
1
21
22
SIM5
SIM1
SIM2
SIM3
SIM4
1
21
22
SIM5
SIM1
SIM2
SIM3
SIM4
1
21
22
SIM5
SIM1
SIM2
SIM3
SIM4
1
21
22
SIM5
SIM1
SIM2
SIM3
SIM4
1
21
22
SIM5
SIM1
SIM2
SIM3
SIM4
1
21
22
SIM5
SIM1
SIM2
SIM3
SIM4
1
21
22
SIM5
SIM1
SIM2
SIM3
SIM4
1
21
22
SIM5
SIM1
SIM2
SIM3
SIM4
1
21
22
SIM5
SIM1
SIM2
SIM3
SIM4
1
21
22
SIM5
SIM1
SIM2
SIM3
SIM4
1
21
22
SIM5
SIM1
SIM2
SIM3
SIM4
1
21
22
SIM5
SIM1
SIM2
SIM3
SIM4
1
21
22
SIM5
SIM1
SIM2
SIM3
SIM4
1
21
22
SIM5
SIM1
SIM2
SIM3
SIM4
1
21
22
SIM5
SIM1
SIM2
SIM3
SIM4
1
21
22
SIM5
SIM1
SIM2
SIM3
SIM4
1
21
22
SIM5
SIM1
SIM2
SIM3
SIM4
1
21
22
SIM5
SIM1
SIM2
SIM3
SIM4
1
21
22
SIM5
SIM1
SIM2
SIM3
SIM4
1
21
22
SIM5
SIM1
SIM2
SIM3
SIM4
1
21
22
SIM5
SIM1
SIM2
SIM3
SIM4
1
21
22
SIM5
SIM1
SIM2
SIM3
SIM4
1
21
22
SIM5
SIM1
SIM2
SIM3
SIM4
1
21
22
SIM5
SIM1
SIM2
SIM3
SIM4
1
21
22
SIM5
SIM1
SIM2
SIM3
SIM4
1
21
22
SIM5
SIM1
SIM2
SIM3
SIM4
1
21
22
SIM5
SIM1
SIM2
SIM3
SIM4
1
21
22
SIM5
SIM1
SIM2
SIM3
SIM4
1
21
22
SIM5
SIM1
SIM2
SIM3
SIM4
1
21
22
SIM5
SIM1
SIM2
SIM3
SIM4
1
21
22
SIM5
SIM1
SIM2
SIM3
SIM4
1
21
22
SIM5
SIM1
SIM2
SIM3
SIM4
1
21
22
SIM5
SIM1
SIM2
SIM3
SIM4
1
21
22
SIM5
SIM1
SIM2
SIM3
SIM4
1
21
22
SIM5
SIM1
SIM2
SIM3
SIM4
1
21
22
SIM5
SIM1
SIM2
SIM3
SIM4
1
21
22
SIM5
SIM1
SIM2
SIM3
SIM4
1
21
22
SIM5
SIM1
SIM2
SIM3
SIM4
1
21
22
SIM5
SIM1
SIM2
SIM3
SIM4
1
21
22
SIM5
SIM1
SIM2
SIM3
SIM4
1
21
22
SIM5
SIM1
SIM2
SIM3
SIM4
1
21
22
SIM5
SIM1
SIM2
SIM3
SIM4
1
21
22
SIM5
SIM1
SIM2
SIM3
SIM4
1
21
22
SIM5
SIM1
SIM2
SIM3
SIM4
1
21
22
SIM5
SIM1
SIM2
SIM3
SIM4
1
21
22
SIM5
SIM1
SIM2
SIM3
SIM4
1
21
22
SIM5
SIM1
SIM2
SIM3
SIM4
1
21
22
SIM5
SIM1
SIM2
SIM3
SIM4
1
21
22
SIM5
SIM1
SIM2
SIM3
SIM4
1
21
22
SIM5
SIM1
SIM2
SIM3
SIM4
1
21
22
SIM5
SIM1
SIM2
SIM3
SIM4
1
21
22
SIM5
SIM1
SIM2
SIM3
SIM4
1
21
22
SIM5
SIM1
SIM2
SIM3
SIM4
1
21
22
SIM5
SIM1
SIM2
SIM3
SIM4
1
21
22
SIM5
SIM1
SIM2
SIM3
SIM4
1
21
22
SIM5
SIM1
SIM2
SIM3
SIM4
1
21
22
SIM5
SIM1
SIM2
SIM3
SIM4
1
21
22
SIM5
SIM1
SIM2
SIM3
SIM4
1
21
22
SIM5
SIM1
SIM2
SIM3
SIM4
1
21
22
SIM5
SIM1
SIM2
SIM3
SIM4
1
21
22
SIM5
SIM1
SIM2
SIM3
SIM4
1
21
22
SIM5
SIM1
SIM2
SIM3
SIM4
1
21
22
SIM5
SIM1
SIM2
SIM3
SIM4
1
21
22
SIM5
SIM1
SIM2
DEBUG 1 79
SIM1
SIM2
SIM3
SIM4
1
21
22
SIM5
SIM1
SIM2
SIM3
SIM4
1
21
22
SIM5
SIM1
SIM2
SIM3
SIM4
1
21
22
SIM5
SIM1
SIM2
SIM3
SIM4
1
21
22
SIM5
SIM1
SIM2
SIM3
SIM4
1
21
22
SIM5
SIM1
SIM2
SIM3
SIM4
1
21
22
SIM5
SIM1
SIM2
SIM3
SIM4
1
21
22
SIM5
SIM1
SIM2
SIM3
SIM4
1
21
22
SIM5
SIM1
SIM2
SIM3
SIM4
1
21
22
SIM5
SIM1
SIM2
SIM3
SIM4
1
21
22
SIM5
SIM1
SIM2
SIM3
SIM4
1
21
22
SIM5
SIM1
SIM2
SIM3
SIM4
1
21
22
SIM5
SIM1
SIM2
SIM3
SIM4
1
21
22
SIM5
SIM1
SIM2
SIM3
SIM4
1
21
22
SIM5
SIM1
SIM2
SIM3
SIM4
1
21
22
SIM5
SIM1
SIM2
SIM3
SIM4
1
21
22
SIM5
SIM1
SIM2
SIM3
SIM4
1
21
22
SIM5
SIM1
SIM2
SIM3
SIM4
1
21
22
SIM5
SIM1
SIM2
SIM3
SIM4
1
21
22
SIM5
SIM1
SIM2
SIM3
SIM4
1
21
22
SIM5
SIM1
SIM2
SIM3
SIM4
1
21
22
SIM5
SIM1
SIM2
SIM3
SIM4
1
21
22
SIM5
SIM1
SIM2
SIM3
SIM4
1
21
22
SIM5
SIM1
SIM2
SIM3
SIM4
1
21
22
SIM5
SIM1
SIM2
SIM3
SIM4
1
21
22
SIM5
SIM1
SIM2
SIM3
SIM4
1
21
22
SIM5
SIM1
SIM2
SIM3
SIM4
1
21
22
SIM5
SIM1
SIM2
SIM3
SIM4
1
21
22
SIM5
SIM1
SIM2
SIM3
SIM4
1
21
22
SIM5
SIM1
SIM2
SIM3
SIM4
1
21
22
SIM5
SIM1
SIM2
SIM3
SIM4
1
21
22
SIM5
SIM1
SIM2
SIM3
SIM4
1
21
22
SIM5
SIM1
SIM2
SIM3
SIM4
1
21
22
SIM5
SIM1
SIM2
SIM3
SIM4
1
21
22
SIM5
SIM1
SIM2
SIM3
SIM4
1
21
22
SIM5
SIM1
SIM2
SIM3
SIM4
1
21
22
SIM5
SIM1
SIM2
SIM3
SIM4
1
21
22
SIM5
SIM1
SIM2
SIM3
SIM4
1
21
22
SIM5
SIM1
SIM2
SIM3
SIM4
1
21
22
SIM5
SIM1
SIM2
SIM3
SIM4
1
21
22
SIM5
SIM1
SIM2
SIM3
SIM4
1
21
22
SIM5
SIM1
SIM2
SIM3
SIM4
1
21
22
SIM5
SIM1
SIM2
SIM3
SIM4
1
21
22
SIM5
SIM1
SIM2
SIM3
SIM4
1
21
22
SIM5
SIM1
SIM2
SIM3
SIM4
1
21
22
SIM5
SIM1
SIM2
SIM3
SIM4
1
21
22
SIM5
SIM1
SIM2
SIM3
SIM4
1
21
22
SIM5
SIM1
SIM2
SIM3
SIM4
1
21
22
SIM5
SIM1
SIM2
SIM3
SIM4
1
21
22
SIM5
SIM1
SIM2
SIM3
SIM4
1
21
22
SIM5
SIM1
SIM2
SIM3
SIM4
1
21
22
SIM5
SIM1
SIM2
SIM3
SIM4
1
21
22
SIM5
SIM1
SIM2
SIM3
SIM4
1
21
22
SIM5
SIM1
SIM2
SIM3
SIM4
1
21
22
SIM5
SIM1
SIM2
SIM3
SIM4
1
21
22
SIM5
SIM1
SIM2
SIM3
SIM4
1
21
22
SIM5
SIM1
SIM2
SIM3
SIM4
1
21
22
SIM5
SIM1
SIM2
SIM3
SIM4
1
21
22
SIM5
SIM1
SIM2
SIM3
SIM4
1
21
22
SIM5
SIM1
SIM2
SIM3
SIM4
1
21
22
SIM5
SIM1
SIM2
SIM3
SIM4
1
21
22
SIM5
SIM1
SIM2
SIM3
SIM4
1
21
22
SIM5
SIM1
SIM2
SIM3
SIM4
1
21
22
SIM5
SIM1
SIM2
SIM3
SIM4
1
21
22
SIM5
SIM1
SIM2
SIM3
SIM4
1
21
22
SIM5
SIM1
SIM2
SIM3
SIM4
1
21
22
SIM5
SIM1
SIM2
SIM3
SIM4
1
21
22
SIM5
SIM1
SIM2
SIM3
SIM4
1
21
22
SIM5
SIM1
SIM2
SIM3
SIM4
1
21
22
SIM5
SIM1
SIM2
SIM3
SIM4
1
21
22
SIM5
SIM1
SIM2
SIM3
SIM4
1
21
22
SIM5
SIM1
SIM2
SIM3
SIM4
1
21
22
SIM5
SIM1
SIM2
SIM3
SIM4
1
21
22
SIM5
SIM1
SIM2
SIM3
SIM4
1
21
22
SIM5
SIM1
SIM2
SIM3
SIM4
1
21
22
SIM5
SIM1
SIM2
SIM3
SIM4
1
21
22
SIM5
SIM1
SIM2
SIM3
SIM4
1
21
22
SIM5
SIM1
SIM2
SIM3
SIM4
1
21
22
SIM5
SIM1
SIM2
SIM3
SIM4
1
21
22
SIM5
SIM1
SIM2
SIM3
SIM4
1
21
22
SIM5
SIM1
SIM2
SIM3
SIM4
1
21
22
SIM5
SIM1
SIM2
SIM3
SIM4
1
21
22
SIM5
SIM1
SIM2
SIM3
SIM4
1
21
22
SIM5
SIM1
SIM2
SIM3
SIM4
1
21
22
SIM5
SIM1
SIM2
SIM3
SIM4
1
21
22
SIM5
SIM1
SIM2
SIM3
SIM4
1
21
22
SIM5
SIM1
SIM2
SIM3
SIM4
1
21
22
SIM5
SIM1
SIM2
SIM3
SIM4
1
21
22
SIM5
SIM1
SIM2
SIM3
SIM4
1
21
22
SIM5
SIM1
SIM2
SIM3
SIM4
1
21
22
SIM5
SIM1
SIM2
SIM3
SIM4
1
21
22
SIM5
SIM1
SIM2
SIM3
SIM4
1
21
22
SIM5
SIM1
SIM2
SIM3
SIM4
1
21
22
SIM5
SIM1
SIM2
SIM3
SIM4
1
21
22
SIM5
SIM1
SIM2
SIM3
SIM4
1
21
22
SIM5
SIM1
SIM2
SIM3
SIM4
1
21
22
SIM5
SIM1
SIM2
SIM3
SIM4
1
21
22
SIM5
SIM1
SIM2
SIM3
SIM4
1
21
22
SIM5
SIM1
SIM2
SIM3
SIM4
1
21
22
SIM5
SIM1
SIM2
SIM3
SIM4
1
21
22
SIM5
SIM1
SIM2
SIM3
SIM4
1
21
22
SIM5
SIM1
SIM2
SIM3
SIM4
1
21
22
SIM5
SIM1
SIM2
SIM3
SIM4
1
21
22
SIM5
SIM1
SIM2
SIM3
SIM4
1
21
22
SIM5
SIM1
SIM2
SIM3
SIM4
1
21
22
SIM5
SIM1
SIM2
SIM3
SIM4
1
21
22
SIM5
SIM1
SIM2
SIM3
SIM4
1
21
22
SIM5
SIM1
SIM2
SIM3
SIM4
1
21
22
SIM5
SIM1
SIM2
SIM3
SIM4
1
21
22
SIM5
SIM1
SIM2
SIM3
SIM4
1
21
22
SIM5
SIM1
SIM2
SIM3
SIM4
1
21
22
SIM5
SIM1
SIM2
SIM3
SIM4
1
21
22
SIM5
SIM1
SIM2
SIM3
SIM4
1
21
22
SIM5
SIM1
SIM2
SIM3
SIM4
1
21
22
SIM5
SIM1
SIM2
SIM3
SIM4
1
21
22
SIM5
SIM1
SIM2
SIM3
SIM4
1
21
22
SIM5
SIM1
SIM2
SIM3
SIM4
1
21
22
SIM5
SIM1
SIM2
SIM3
SIM4
1
21
22
SIM5
SIM1
SIM2
SIM3
SIM4
1
21
22
SIM5
SIM1
SIM2
SIM3
SIM4
1
21
22
SIM5
SIM1
SIM2
SIM3
SIM4
1
21
22
SIM5
SIM1
SIM2
SIM3
SIM4
1
21
22
SIM5
SIM1
SIM2
SIM3
SIM4
1
21
22
SIM5
SIM1
SIM2
SIM3
SIM4
1
21
22
SIM5
SIM1
SIM2
SIM3
SIM4
1
21
22
SIM5
SIM1
SIM2
SIM3
SIM4
1
21
22
SIM5
SIM1
SIM2
SIM3
SIM4
1
21
22
SIM5
SIM1
SIM2
SIM3
SIM4
1
21
22
SIM5
SIM1
SIM2
SIM3
SIM4
1
21
22
SIM5
SIM1
SIM2
SIM3
SIM4
1
21
22
SIM5
SIM1
SIM2
SIM3
SIM4
1
21
22
SIM5
SIM1
SIM2
SIM3
SIM4
1
21
22
SIM5
SIM1
SIM2
SIM3
SIM4
1
21
22
SIM5
SIM1
SIM2
SIM3
SIM4
1
21
22
SIM5
SIM1
SIM2
SIM3
SIM4
1
21
22
SIM5
SIM1
SIM2
SIM3
SIM4
1
21
22
SIM5
SIM1
SIM2
SIM3
SIM4
1
21
22
SIM5
SIM1
SIM2
SIM3
SIM4
1
21
22
SIM5
SIM1
SIM2
SIM3
SIM4
1
21
22
SIM5
SIM1
SIM2
SIM3
SIM4
1
21
22
SIM5
SIM1
SIM2
SIM3
SIM4
1
21
22
SIM5
SIM1
SIM2
SIM3
SIM4
1
21
22
SIM5
SIM1
SIM2
SIM3
SIM4
1
21
22
SIM5
SIM1
SIM2
SIM3
SIM4
1
21
22
SIM5
SIM1
SIM2
SIM3
SIM4
1
21
22
SIM5
SIM1
SIM2
SIM3
SIM4
1
21
22
SIM5
SIM1
SIM2
SIM3
SIM4
1
21
22
SIM5
SIM1
SIM2
SIM3
SIM4
1
21
22
SIM5
SIM1
SIM2
SIM3
SIM4
1
21
22
SIM5
SIM1
SIM2
SIM3
SIM4
1
21
22
SIM5
SIM1
SIM2
SIM3
SIM4
1
21
22
SIM5
SIM1
SIM2
SIM3
SIM4
1
21
22
SIM5
SIM1
SIM2
SIM3
SIM4
1
21
22
SIM5
SIM1
SIM2
SIM3
SIM4
1
21
22
SIM5
SIM1
SIM2
SIM3
SIM4
1
21
22
SIM5
SIM1
SIM2
SIM3
SIM4
1
21
22
SIM5
SIM1
SIM2
SIM3
SIM4
1
21
22
SIM5
SIM1
SIM2
SIM3
SIM4
1
21
22
SIM5
SIM1
SIM2
SIM3
SIM4
1
21
22
SIM5
SIM1
SIM2
SIM3
SIM4
1
21
22
SIM5
SIM1
SIM2
SIM3
SIM4
1
21
22
SIM5
SIM1
SIM2
SIM3
SIM4
1
21
22
SIM5
SIM1
SIM2
SIM3
SIM4
1
21
22
SIM5
SIM1
SIM2
SIM3
SIM4
1
21
22
SIM5
SIM1
SIM2
SIM3
SIM4
1
21
22
SIM5
SIM1
SIM2
SIM3
SIM4
1
21
22
SIM5
SIM1
SIM2
SIM3
SIM4
1
21
22
SIM5
SIM1
SIM2
SIM3
SIM4
1
21
22
SIM5
SIM1
SIM2
SIM3
SIM4
1
21
22
SIM5
SIM1
SIM2
SIM3
SIM4
1
21
22
SIM5
SIM1
SIM2
SIM3
SIM4
1
21
22
SIM5
SIM1
SIM2
SIM3
SIM4
1
21
22
SIM5
SIM1
SIM2
SIM3
SIM4
1
21
22
SIM5
SIM1
SIM2
SIM3
SIM4
1
21
22
SIM5
SIM1
SIM2
SIM3
SIM4
1
21
22
SIM5
SIM1
SIM2
SIM3
SIM4
1
21
22
SIM5
SIM1
SIM2
SIM3
SIM4
1
21
22
SIM5
SIM1
SIM2
SIM3
SIM4
1
21
22
SIM5
SIM1
SIM2
SIM3
SIM4
1
21
22
SIM5
SIM1
SIM2
SIM3
SIM4
1
21
22
SIM5
SIM1
SIM2
SIM3
SIM4
1
21
22
SIM5
SIM1
SIM2
SIM3
SIM4
1
21
22
SIM5
SIM1
SIM2
SIM3
SIM4
1
21
22
SIM5
SIM1
SIM2
SIM3
SIM4
1
21
22
SIM5
SIM1
SIM2
SIM3
SIM4
1
21
22
SIM5
SIM1
SIM2
SIM3
SIM4
1
21
22
SIM5
SIM1
SIM2
SIM3
SIM4
1
21
22
SIM5
SIM1
SIM2
SIM3
SIM4
1
21
22
SIM5
SIM1
SIM2
SIM3
SIM4
1
21
22
SIM5
SIM1
SIM2
SIM3
SIM4
1
21
22
SIM5
SIM1
SIM2
SIM3
SIM4
1
21
22
SIM5
SIM1
SIM2
SIM3
SIM4
1
21
22
SIM5
SIM1
SIM2
SIM3
SIM4
1
21
22
SIM5
SIM1
SIM2
DEBUG 1 80
SIM1
SIM2
SIM3
SIM4
1
21
22
SIM5
SIM1
SIM2
SIM3
SIM4
1
21
22
SIM5
SIM1
SIM2
SIM3
SIM4
1
21
22
SIM5
SIM1
SIM2
SIM3
SIM4
1
21
22
SIM5
SIM1
SIM2
SIM3
SIM4
1
21
22
SIM5
SIM1
SIM2
SIM3
SIM4
1
21
22
SIM5
SIM1
SIM2
SIM3
SIM4
1
21
22
SIM5
SIM1
SIM2
SIM3
SIM4
1
21
22
SIM5
SIM1
SIM2
SIM3
SIM4
1
21
22
SIM5
SIM1
SIM2
SIM3
SIM4
1
21
22
SIM5
SIM1
SIM2
SIM3
SIM4
1
21
22
SIM5
SIM1
SIM2
SIM3
SIM4
1
21
22
SIM5
SIM1
SIM2
SIM3
SIM4
1
21
22
SIM5
SIM1
SIM2
SIM3
SIM4
1
21
22
SIM5
SIM1
SIM2
SIM3
SIM4
1
21
22
SIM5
SIM1
SIM2
SIM3
SIM4
1
21
22
SIM5
SIM1
SIM2
SIM3
SIM4
1
21
22
SIM5
SIM1
SIM2
SIM3
SIM4
1
21
22
SIM5
SIM1
SIM2
SIM3
SIM4
1
21
22
SIM5
SIM1
SIM2
SIM3
SIM4
1
21
22
SIM5
SIM1
SIM2
SIM3
SIM4
1
21
22
SIM5
SIM1
SIM2
SIM3
SIM4
1
21
22
SIM5
SIM1
SIM2
SIM3
SIM4
1
21
22
SIM5
SIM1
SIM2
SIM3
SIM4
1
21
22
SIM5
SIM1
SIM2
SIM3
SIM4
1
21
22
SIM5
SIM1
SIM2
SIM3
SIM4
1
21
22
SIM5
SIM1
SIM2
SIM3
SIM4
1
21
22
SIM5
SIM1
SIM2
SIM3
SIM4
1
21
22
SIM5
SIM1
SIM2
SIM3
SIM4
1
21
22
SIM5
SIM1
SIM2
SIM3
SIM4
1
21
22
SIM5
SIM1
SIM2
SIM3
SIM4
1
21
22
SIM5
SIM1
SIM2
SIM3
SIM4
1
21
22
SIM5
SIM1
SIM2
SIM3
SIM4
1
21
22
SIM5
SIM1
SIM2
SIM3
SIM4
1
21
22
SIM5
SIM1
SIM2
SIM3
SIM4
1
21
22
SIM5
SIM1
SIM2
SIM3
SIM4
1
21
22
SIM5
SIM1
SIM2
SIM3
SIM4
1
21
22
SIM5
SIM1
SIM2
SIM3
SIM4
1
21
22
SIM5
SIM1
SIM2
SIM3
SIM4
1
21
22
SIM5
SIM1
SIM2
SIM3
SIM4
1
21
22
SIM5
SIM1
SIM2
SIM3
SIM4
1
21
22
SIM5
SIM1
SIM2
SIM3
SIM4
1
21
22
SIM5
SIM1
SIM2
SIM3
SIM4
1
21
22
SIM5
SIM1
SIM2
SIM3
SIM4
1
21
22
SIM5
SIM1
SIM2
SIM3
SIM4
1
21
22
SIM5
SIM1
SIM2
SIM3
SIM4
1
21
22
SIM5
SIM1
SIM2
SIM3
SIM4
1
21
22
SIM5
SIM1
SIM2
SIM3
SIM4
1
21
22
SIM5
SIM1
SIM2
SIM3
SIM4
1
21
22
SIM5
SIM1
SIM2
SIM3
SIM4
1
21
22
SIM5
SIM1
SIM2
SIM3
SIM4
1
21
22
SIM5
SIM1
SIM2
SIM3
SIM4
1
21
22
SIM5
SIM1
SIM2
SIM3
SIM4
1
21
22
SIM5
SIM1
SIM2
SIM3
SIM4
1
21
22
SIM5
SIM1
SIM2
SIM3
SIM4
1
21
22
SIM5
SIM1
SIM2
SIM3
SIM4
1
21
22
SIM5
SIM1
SIM2
SIM3
SIM4
1
21
22
SIM5
SIM1
SIM2
SIM3
SIM4
1
21
22
SIM5
SIM1
SIM2
SIM3
SIM4
1
21
22
SIM5
SIM1
SIM2
SIM3
SIM4
1
21
22
SIM5
SIM1
SIM2
SIM3
SIM4
1
21
22
SIM5
SIM1
SIM2
SIM3
SIM4
1
21
22
SIM5
SIM1
SIM2
SIM3
SIM4
1
21
22
SIM5
SIM1
SIM2
SIM3
SIM4
1
21
22
SIM5
SIM1
SIM2
SIM3
SIM4
1
21
22
SIM5
SIM1
SIM2
SIM3
SIM4
1
21
22
SIM5
SIM1
SIM2
SIM3
SIM4
1
21
22
SIM5
SIM1
SIM2
SIM3
SIM4
1
21
22
SIM5
SIM1
SIM2
SIM3
SIM4
1
21
22
SIM5
SIM1
SIM2
SIM3
SIM4
1
21
22
SIM5
SIM1
SIM2
SIM3
SIM4
1
21
22
SIM5
SIM1
SIM2
SIM3
SIM4
1
21
22
SIM5
SIM1
SIM2
SIM3
SIM4
1
21
22
SIM5
SIM1
SIM2
SIM3
SIM4
1
21
22
SIM5
SIM1
SIM2
SIM3
SIM4
1
21
22
SIM5
SIM1
SIM2
SIM3
SIM4
1
21
22
SIM5
SIM1
SIM2
SIM3
SIM4
1
21
22
SIM5
SIM1
SIM2
SIM3
SIM4
1
21
22
SIM5
SIM1
SIM2
SIM3
SIM4
1
21
22
SIM5
SIM1
SIM2
SIM3
SIM4
1
21
22
SIM5
SIM1
SIM2
SIM3
SIM4
1
21
22
SIM5
SIM1
SIM2
SIM3
SIM4
1
21
22
SIM5
SIM1
SIM2
SIM3
SIM4
1
21
22
SIM5
SIM1
SIM2
SIM3
SIM4
1
21
22
SIM5
SIM1
SIM2
SIM3
SIM4
1
21
22
SIM5
SIM1
SIM2
SIM3
SIM4
1
21
22
SIM5
SIM1
SIM2
SIM3
SIM4
1
21
22
SIM5
SIM1
SIM2
SIM3
SIM4
1
21
22
SIM5
SIM1
SIM2
SIM3
SIM4
1
21
22
SIM5
SIM1
SIM2
SIM3
SIM4
1
21
22
SIM5
SIM1
SIM2
SIM3
SIM4
1
21
22
SIM5
SIM1
SIM2
SIM3
SIM4
1
21
22
SIM5
SIM1
SIM2
SIM3
SIM4
1
21
22
SIM5
SIM1
SIM2
SIM3
SIM4
1
21
22
SIM5
SIM1
SIM2
SIM3
SIM4
1
21
22
SIM5
SIM1
SIM2
SIM3
SIM4
1
21
22
SIM5
SIM1
SIM2
SIM3
SIM4
1
21
22
SIM5
SIM1
SIM2
SIM3
SIM4
1
21
22
SIM5
SIM1
SIM2
SIM3
SIM4
1
21
22
SIM5
SIM1
SIM2
SIM3
SIM4
1
21
22
SIM5
SIM1
SIM2
SIM3
SIM4
1
21
22
SIM5
SIM1
SIM2
SIM3
SIM4
1
21
22
SIM5
SIM1
SIM2
SIM3
SIM4
1
21
22
SIM5
SIM1
SIM2
SIM3
SIM4
1
21
22
SIM5
SIM1
SIM2
SIM3
SIM4
1
21
22
SIM5
SIM1
SIM2
SIM3
SIM4
1
21
22
SIM5
SIM1
SIM2
SIM3
SIM4
1
21
22
SIM5
SIM1
SIM2
SIM3
SIM4
1
21
22
SIM5
SIM1
SIM2
SIM3
SIM4
1
21
22
SIM5
SIM1
SIM2
SIM3
SIM4
1
21
22
SIM5
SIM1
SIM2
SIM3
SIM4
1
21
22
SIM5
SIM1
SIM2
SIM3
SIM4
1
21
22
SIM5
SIM1
SIM2
DEBUG 1 81
SIM1
SIM2
SIM3
SIM4
1
21
22
SIM5
SIM1
SIM2
SIM3
SIM4
1
21
22
SIM5
SIM1
SIM2
SIM3
SIM4
1
21
22
SIM5
SIM1
SIM2
SIM3
SIM4
1
21
22
SIM5
SIM1
SIM2
SIM3
SIM4
1
21
22
SIM5
SIM1
SIM2
SIM3
SIM4
1
21
22
SIM5
SIM1
SIM2
SIM3
SIM4
1
21
22
SIM5
SIM1
SIM2
SIM3
SIM4
1
21
22
SIM5
SIM1
SIM2
SIM3
SIM4
1
21
22
SIM5
SIM1
SIM2
SIM3
SIM4
1
21
22
SIM5
SIM1
SIM2
SIM3
SIM4
1
21
22
SIM5
SIM1
SIM2
SIM3
SIM4
1
21
22
SIM5
SIM1
SIM2
SIM3
SIM4
1
21
22
SIM5
SIM1
SIM2
SIM3
SIM4
1
21
22
SIM5
SIM1
SIM2
SIM3
SIM4
1
21
22
SIM5
SIM1
SIM2
SIM3
SIM4
1
21
22
SIM5
SIM1
SIM2
SIM3
SIM4
1
21
22
SIM5
SIM1
SIM2
SIM3
SIM4
1
21
22
SIM5
SIM1
SIM2
SIM3
SIM4
1
21
22
SIM5
SIM1
SIM2
SIM3
SIM4
1
21
22
SIM5
SIM1
SIM2
SIM3
SIM4
1
21
22
SIM5
SIM1
SIM2
SIM3
SIM4
1
21
22
SIM5
SIM1
SIM2
SIM3
SIM4
1
21
22
SIM5
SIM1
SIM2
SIM3
SIM4
1
21
22
SIM5
SIM1
SIM2
SIM3
SIM4
1
21
22
SIM5
SIM1
SIM2
SIM3
SIM4
1
21
22
SIM5
SIM1
SIM2
SIM3
SIM4
1
21
22
SIM5
SIM1
SIM2
SIM3
SIM4
1
21
22
SIM5
SIM1
SIM2
SIM3
SIM4
1
21
22
SIM5
SIM1
SIM2
SIM3
SIM4
1
21
22
SIM5
SIM1
SIM2
SIM3
SIM4
1
21
22
SIM5
SIM1
SIM2
SIM3
SIM4
1
21
22
SIM5
SIM1
SIM2
SIM3
SIM4
1
21
22
SIM5
SIM1
SIM2
SIM3
SIM4
1
21
22
SIM5
SIM1
SIM2
SIM3
SIM4
1
21
22
SIM5
SIM1
SIM2
SIM3
SIM4
1
21
22
SIM5
SIM1
SIM2
SIM3
SIM4
1
21
22
SIM5
SIM1
SIM2
SIM3
SIM4
1
21
22
SIM5
SIM1
SIM2
SIM3
SIM4
1
21
22
SIM5
SIM1
SIM2
SIM3
SIM4
1
21
22
SIM5
SIM1
SIM2
SIM3
SIM4
1
21
22
SIM5
SIM1
SIM2
SIM3
SIM4
1
21
22
SIM5
SIM1
SIM2
SIM3
SIM4
1
21
22
SIM5
SIM1
SIM2
SIM3
SIM4
1
21
22
SIM5
SIM1
SIM2
SIM3
SIM4
1
21
22
SIM5
SIM1
SIM2
SIM3
SIM4
1
21
22
SIM5
SIM1
SIM2
SIM3
SIM4
1
21
22
SIM5
SIM1
SIM2
SIM3
SIM4
1
21
22
SIM5
SIM1
SIM2
SIM3
SIM4
1
21
22
SIM5
SIM1
SIM2
SIM3
SIM4
1
21
22
SIM5
SIM1
SIM2
SIM3
SIM4
1
21
22
SIM5
SIM1
SIM2
SIM3
SIM4
1
21
22
SIM5
SIM1
SIM2
SIM3
SIM4
1
21
22
SIM5
SIM1
SIM2
SIM3
SIM4
1
21
22
SIM5
SIM1
SIM2
SIM3
SIM4
1
21
22
SIM5
SIM1
SIM2
SIM3
SIM4
1
21
22
SIM5
SIM1
SIM2
SIM3
SIM4
1
21
22
SIM5
SIM1
SIM2
SIM3
SIM4
1
21
22
SIM5
SIM1
SIM2
SIM3
SIM4
1
21
22
SIM5
SIM1
SIM2
SIM3
SIM4
1
21
22
SIM5
SIM1
SIM2
SIM3
SIM4
1
21
22
SIM5
SIM1
SIM2
SIM3
SIM4
1
21
22
SIM5
SIM1
SIM2
SIM3
SIM4
1
21
22
SIM5
SIM1
SIM2
SIM3
SIM4
1
21
22
SIM5
SIM1
SIM2
SIM3
SIM4
1
21
22
SIM5
SIM1
SIM2
SIM3
SIM4
1
21
22
SIM5
SIM1
SIM2
SIM3
SIM4
1
21
22
SIM5
SIM1
SIM2
SIM3
SIM4
1
21
22
SIM5
SIM1
SIM2
SIM3
SIM4
1
21
22
SIM5
SIM1
SIM2
SIM3
SIM4
1
21
22
SIM5
SIM1
SIM2
SIM3
SIM4
1
21
22
SIM5
SIM1
SIM2
SIM3
SIM4
1
21
22
SIM5
SIM1
SIM2
SIM3
SIM4
1
21
22
SIM5
SIM1
SIM2
SIM3
SIM4
1
21
22
SIM5
SIM1
SIM2
SIM3
SIM4
1
21
22
SIM5
SIM1
SIM2
SIM3
SIM4
1
21
22
SIM5
SIM1
SIM2
SIM3
SIM4
1
21
22
SIM5
SIM1
SIM2
SIM3
SIM4
1
21
22
SIM5
SIM1
SIM2
SIM3
SIM4
1
21
22
SIM5
SIM1
SIM2
SIM3
SIM4
1
21
22
SIM5
SIM1
SIM2
SIM3
SIM4
1
21
22
SIM5
SIM1
SIM2
SIM3
SIM4
1
21
22
SIM5
SIM1
SIM2
SIM3
SIM4
1
21
22
SIM5
SIM1
SIM2
SIM3
SIM4
1
21
22
SIM5
SIM1
SIM2
SIM3
SIM4
1
21
22
SIM5
SIM1
SIM2
SIM3
SIM4
1
21
22
SIM5
SIM1
SIM2
SIM3
SIM4
1
21
22
SIM5
SIM1
SIM2
SIM3
SIM4
1
21
22
SIM5
SIM1
SIM2
SIM3
SIM4
1
21
22
SIM5
SIM1
SIM2
SIM3
SIM4
1
21
22
SIM5
SIM1
SIM2
SIM3
SIM4
1
21
22
SIM5
SIM1
SIM2
SIM3
SIM4
1
21
22
SIM5
SIM1
SIM2
SIM3
SIM4
1
21
22
SIM5
SIM1
SIM2
SIM3
SIM4
1
21
22
SIM5
SIM1
SIM2
SIM3
SIM4
1
21
22
SIM5
SIM1
SIM2
SIM3
SIM4
1
21
22
SIM5
SIM1
SIM2
SIM3
SIM4
1
21
22
SIM5
SIM1
SIM2
SIM3
SIM4
1
21
22
SIM5
SIM1
SIM2
SIM3
SIM4
1
21
22
SIM5
SIM1
SIM2
SIM3
SIM4
1
21
22
SIM5
SIM1
SIM2
SIM3
SIM4
1
21
22
SIM5
SIM1
SIM2
SIM3
SIM4
1
21
22
SIM5
SIM1
SIM2
SIM3
SIM4
1
21
22
SIM5
SIM1
SIM2
SIM3
SIM4
1
21
22
SIM5
SIM1
SIM2
SIM3
SIM4
1
21
22
SIM5
SIM1
SIM2
SIM3
SIM4
1
21
22
SIM5
SIM1
SIM2
SIM3
SIM4
1
21
22
SIM5
SIM1
SIM2
SIM3
SIM4
1
21
22
SIM5
SIM1
SIM2
SIM3
SIM4
1
21
22
SIM5
SIM1
SIM2
SIM3
SIM4
1
21
22
SIM5
SIM1
SIM2
SIM3
SIM4
1
21
22
SIM5
SIM1
SIM2
SIM3
SIM4
1
21
22
SIM5
SIM1
SIM2
SIM3
SIM4
1
21
22
SIM5
SIM1
SIM2
SIM3
SIM4
1
21
22
SIM5
SIM1
SIM2
SIM3
SIM4
1
21
22
SIM5
SIM1
SIM2
SIM3
SIM4
1
21
22
SIM5
SIM1
SIM2
SIM3
SIM4
1
21
22
SIM5
SIM1
SIM2
SIM3
SIM4
1
21
22
SIM5
SIM1
SIM2
SIM3
SIM4
1
21
22
SIM5
SIM1
SIM2
SIM3
SIM4
1
21
22
SIM5
SIM1
SIM2
SIM3
SIM4
1
21
22
SIM5
SIM1
SIM2
SIM3
SIM4
1
21
22
SIM5
SIM1
SIM2
SIM3
SIM4
1
21
22
SIM5
SIM1
SIM2
SIM3
SIM4
1
21
22
SIM5
SIM1
SIM2
SIM3
SIM4
1
21
22
SIM5
SIM1
SIM2
SIM3
SIM4
1
21
22
SIM5
SIM1
SIM2
SIM3
SIM4
1
21
22
SIM5
SIM1
SIM2
SIM3
SIM4
1
21
22
SIM5
SIM1
SIM2
SIM3
SIM4
1
21
22
SIM5
SIM1
SIM2
SIM3
SIM4
1
21
22
SIM5
SIM1
SIM2
SIM3
SIM4
1
21
22
SIM5
SIM1
SIM2
SIM3
SIM4
1
21
22
SIM5
SIM1
SIM2
SIM3
SIM4
1
21
22
SIM5
SIM1
SIM2
SIM3
SIM4
1
21
22
SIM5
SIM1
SIM2
SIM3
SIM4
1
21
22
SIM5
SIM1
SIM2
SIM3
SIM4
1
21
22
SIM5
SIM1
SIM2
SIM3
SIM4
1
21
22
SIM5
SIM1
SIM2
SIM3
SIM4
1
21
22
SIM5
SIM1
SIM2
SIM3
SIM4
1
21
22
SIM5
SIM1
SIM2
SIM3
SIM4
1
21
22
SIM5
SIM1
SIM2
SIM3
SIM4
1
21
22
SIM5
SIM1
SIM2
SIM3
SIM4
1
21
22
SIM5
SIM1
SIM2
SIM3
SIM4
1
21
22
SIM5
SIM1
SIM2
SIM3
SIM4
1
21
22
SIM5
SIM1
SIM2
SIM3
SIM4
1
21
22
SIM5
SIM1
SIM2
SIM3
SIM4
1
21
22
SIM5
SIM1
SIM2
SIM3
SIM4
1
21
22
SIM5
SIM1
SIM2
SIM3
SIM4
1
21
22
SIM5
SIM1
SIM2
SIM3
SIM4
1
21
22
SIM5
SIM1
SIM2
SIM3
SIM4
1
21
22
SIM5
SIM1
SIM2
SIM3
SIM4
1
21
22
SIM5
SIM1
SIM2
SIM3
SIM4
1
21
22
SIM5
SIM1
SIM2
SIM3
SIM4
1
21
22
SIM5
SIM1
SIM2
SIM3
SIM4
1
21
22
SIM5
SIM1
SIM2
SIM3
SIM4
1
21
22
SIM5
SIM1
SIM2
SIM3
SIM4
1
21
22
SIM5
SIM1
SIM2
SIM3
SIM4
1
21
22
SIM5
SIM1
SIM2
SIM3
SIM4
1
21
22
SIM5
SIM1
SIM2
SIM3
SIM4
1
21
22
SIM5
SIM1
SIM2
SIM3
SIM4
1
21
22
SIM5
SIM1
SIM2
SIM3
SIM4
1
21
22
SIM5
SIM1
SIM2
SIM3
SIM4
1
21
22
SIM5
SIM1
SIM2
SIM3
SIM4
1
21
22
SIM5
SIM1
SIM2
SIM3
SIM4
1
21
22
SIM5
SIM1
SIM2
SIM3
SIM4
1
21
22
SIM5
SIM1
SIM2
SIM3
SIM4
1
21
22
SIM5
SIM1
SIM2
SIM3
SIM4
1
21
22
SIM5
SIM1
SIM2
SIM3
SIM4
1
21
22
SIM5
SIM1
SIM2
SIM3
SIM4
1
21
22
SIM5
SIM1
SIM2
SIM3
SIM4
1
21
22
SIM5
SIM1
SIM2
SIM3
SIM4
1
21
22
SIM5
SIM1
SIM2
SIM3
SIM4
1
21
22
SIM5
SIM1
SIM2
SIM3
SIM4
1
21
22
SIM5
SIM1
SIM2
SIM3
SIM4
1
21
22
SIM5
SIM1
SIM2
SIM3
SIM4
1
21
22
SIM5
SIM1
SIM2
SIM3
SIM4
1
21
22
SIM5
SIM1
SIM2
SIM3
SIM4
1
21
22
SIM5
SIM1
SIM2
SIM3
SIM4
1
21
22
SIM5
SIM1
SIM2
SIM3
SIM4
1
21
22
SIM5
SIM1
SIM2
SIM3
SIM4
1
21
22
SIM5
SIM1
SIM2
SIM3
SIM4
1
21
22
SIM5
SIM1
SIM2
SIM3
SIM4
1
21
22
SIM5
SIM1
SIM2
SIM3
SIM4
1
21
22
SIM5
SIM1
SIM2
SIM3
SIM4
1
21
22
SIM5
SIM1
SIM2
SIM3
SIM4
1
21
22
SIM5
SIM1
SIM2
SIM3
SIM4
1
21
22
SIM5
SIM1
SIM2
SIM3
SIM4
1
21
22
SIM5
SIM1
SIM2
SIM3
SIM4
1
21
22
SIM5
SIM1
SIM2
SIM3
SIM4
1
21
22
SIM5
SIM1
SIM2
SIM3
SIM4
1
21
22
SIM5
SIM1
SIM2
SIM3
SIM4
1
21
22
SIM5
SIM1
SIM2
SIM3
SIM4
1
21
22
SIM5
SIM1
SIM2
SIM3
SIM4
1
21
22
SIM5
SIM1
SIM2
SIM3
SIM4
1
21
22
SIM5
SIM1
SIM2
SIM3
SIM4
1
21
22
SIM5
SIM1
SIM2
SIM3
SIM4
1
21
22
SIM5
SIM1
SIM2
SIM3
SIM4
1
21
22
SIM5
SIM1
SIM2
SIM3
SIM4
1
21
22
SIM5
SIM1
SIM2
SIM3
SIM4
1
21
22
SIM5
SIM1
SIM2
SIM3
SIM4
1
21
22
SIM5
SIM1
SIM2
SIM3
SIM4
1
21
22
SIM5
SIM1
SIM2
SIM3
SIM4
1
21
22
SIM5
SIM1
SIM2
SIM3
SIM4
1
21
22
SIM5
SIM1
SIM2
SIM3
SIM4
1
21
22
SIM5
SIM1
SIM2
SIM3
SIM4
1
21
22
SIM5
SIM1
SIM2
SIM3
SIM4
1
21
22
SIM5
SIM1
SIM2
SIM3
SIM4
1
21
22
SIM5
SIM1
SIM2
SIM3
SIM4
1
21
22
SIM5
SIM1
SIM2
DEBUG 1 82
SIM1
SIM2
SIM3
SIM4
1
21
22
SIM5
SIM1
SIM2
SIM3
SIM4
1
21
22
SIM5
SIM1
SIM2
SIM3
SIM4
1
21
22
SIM5
SIM1
SIM2
SIM3
SIM4
1
21
22
SIM5
SIM1
SIM2
SIM3
SIM4
1
21
22
SIM5
SIM1
SIM2
SIM3
SIM4
1
21
22
SIM5
SIM1
SIM2
SIM3
SIM4
1
21
22
SIM5
SIM1
SIM2
SIM3
SIM4
1
21
22
SIM5
SIM1
SIM2
SIM3
SIM4
1
21
22
SIM5
SIM1
SIM2
SIM3
SIM4
1
21
22
SIM5
SIM1
SIM2
SIM3
SIM4
1
21
22
SIM5
SIM1
SIM2
SIM3
SIM4
1
21
22
SIM5
SIM1
SIM2
SIM3
SIM4
1
21
22
SIM5
SIM1
SIM2
SIM3
SIM4
1
21
22
SIM5
SIM1
SIM2
SIM3
SIM4
1
21
22
SIM5
SIM1
SIM2
SIM3
SIM4
1
21
22
SIM5
SIM1
SIM2
SIM3
SIM4
1
21
22
SIM5
SIM1
SIM2
SIM3
SIM4
1
21
22
SIM5
SIM1
SIM2
SIM3
SIM4
1
21
22
SIM5
SIM1
SIM2
SIM3
SIM4
1
21
22
SIM5
SIM1
SIM2
SIM3
SIM4
1
21
22
SIM5
SIM1
SIM2
SIM3
SIM4
1
21
22
SIM5
SIM1
SIM2
SIM3
SIM4
1
21
22
SIM5
SIM1
SIM2
SIM3
SIM4
1
21
22
SIM5
SIM1
SIM2
SIM3
SIM4
1
21
22
SIM5
SIM1
SIM2
SIM3
SIM4
1
21
22
SIM5
SIM1
SIM2
SIM3
SIM4
1
21
22
SIM5
SIM1
SIM2
SIM3
SIM4
1
21
22
SIM5
SIM1
SIM2
SIM3
SIM4
1
21
22
SIM5
SIM1
SIM2
SIM3
SIM4
1
21
22
SIM5
SIM1
SIM2
SIM3
SIM4
1
21
22
SIM5
SIM1
SIM2
SIM3
SIM4
1
21
22
SIM5
SIM1
SIM2
SIM3
SIM4
1
21
22
SIM5
SIM1
SIM2
SIM3
SIM4
1
21
22
SIM5
SIM1
SIM2
SIM3
SIM4
1
21
22
SIM5
SIM1
SIM2
SIM3
SIM4
1
21
22
SIM5
SIM1
SIM2
SIM3
SIM4
1
21
22
SIM5
SIM1
SIM2
SIM3
SIM4
1
21
22
SIM5
SIM1
SIM2
SIM3
SIM4
1
21
22
SIM5
SIM1
SIM2
SIM3
SIM4
1
21
22
SIM5
SIM1
SIM2
SIM3
SIM4
1
21
22
SIM5
SIM1
SIM2
SIM3
SIM4
1
21
22
SIM5
SIM1
SIM2
SIM3
SIM4
1
21
22
SIM5
SIM1
SIM2
SIM3
SIM4
1
21
22
SIM5
SIM1
SIM2
SIM3
SIM4
1
21
22
SIM5
SIM1
SIM2
SIM3
SIM4
1
21
22
SIM5
SIM1
SIM2
SIM3
SIM4
1
21
22
SIM5
SIM1
SIM2
SIM3
SIM4
1
21
22
SIM5
SIM1
SIM2
SIM3
SIM4
1
21
22
SIM5
SIM1
SIM2
SIM3
SIM4
1
21
22
SIM5
SIM1
SIM2
SIM3
SIM4
1
21
22
SIM5
SIM1
SIM2
SIM3
SIM4
1
21
22
SIM5
SIM1
SIM2
SIM3
SIM4
1
21
22
SIM5
SIM1
SIM2
SIM3
SIM4
1
21
22
SIM5
SIM1
SIM2
SIM3
SIM4
1
21
22
SIM5
SIM1
SIM2
SIM3
SIM4
1
21
22
SIM5
SIM1
SIM2
SIM3
SIM4
1
21
22
SIM5
SIM1
SIM2
SIM3
SIM4
1
21
22
SIM5
SIM1
SIM2
SIM3
SIM4
1
21
22
SIM5
SIM1
SIM2
SIM3
SIM4
1
21
22
SIM5
SIM1
SIM2
SIM3
SIM4
1
21
22
SIM5
SIM1
SIM2
SIM3
SIM4
1
21
22
SIM5
SIM1
SIM2
SIM3
SIM4
1
21
22
SIM5
SIM1
SIM2
SIM3
SIM4
1
21
22
SIM5
SIM1
SIM2
SIM3
SIM4
1
21
22
SIM5
SIM1
SIM2
SIM3
SIM4
1
21
22
SIM5
SIM1
SIM2
SIM3
SIM4
1
21
22
SIM5
SIM1
SIM2
SIM3
SIM4
1
21
22
SIM5
SIM1
SIM2
SIM3
SIM4
1
21
22
SIM5
SIM1
SIM2
SIM3
SIM4
1
21
22
SIM5
SIM1
SIM2
SIM3
SIM4
1
21
22
SIM5
SIM1
SIM2
SIM3
SIM4
1
21
22
SIM5
SIM1
SIM2
SIM3
SIM4
1
21
22
SIM5
SIM1
SIM2
SIM3
SIM4
1
21
22
SIM5
SIM1
SIM2
SIM3
SIM4
1
21
22
SIM5
SIM1
SIM2
SIM3
SIM4
1
21
22
SIM5
SIM1
SIM2
SIM3
SIM4
1
21
22
SIM5
SIM1
SIM2
SIM3
SIM4
1
21
22
SIM5
SIM1
SIM2
SIM3
SIM4
1
21
22
SIM5
SIM1
SIM2
SIM3
SIM4
1
21
22
SIM5
SIM1
SIM2
SIM3
SIM4
1
21
22
SIM5
SIM1
SIM2
SIM3
SIM4
1
21
22
SIM5
SIM1
SIM2
SIM3
SIM4
1
21
22
SIM5
SIM1
SIM2
SIM3
SIM4
1
21
22
SIM5
SIM1
SIM2
SIM3
SIM4
1
21
22
SIM5
SIM1
SIM2
SIM3
SIM4
1
21
22
SIM5
SIM1
SIM2
SIM3
SIM4
1
21
22
SIM5
SIM1
SIM2
SIM3
SIM4
1
21
22
SIM5
SIM1
SIM2
SIM3
SIM4
1
21
22
SIM5
SIM1
SIM2
SIM3
SIM4
1
21
22
SIM5
SIM1
SIM2
SIM3
SIM4
1
21
22
SIM5
SIM1
SIM2
SIM3
SIM4
1
21
22
SIM5
SIM1
SIM2
SIM3
SIM4
1
21
22
SIM5
SIM1
SIM2
SIM3
SIM4
1
21
22
SIM5
SIM1
SIM2
SIM3
SIM4
1
21
22
SIM5
SIM1
SIM2
SIM3
SIM4
1
21
22
SIM5
SIM1
SIM2
DEBUG 1 83
SIM1
SIM2
SIM3
SIM4
1
21
22
SIM5
SIM1
SIM2
SIM3
SIM4
1
21
22
SIM5
SIM1
SIM2
SIM3
SIM4
1
21
22
SIM5
SIM1
SIM2
SIM3
SIM4
1
21
22
SIM5
SIM1
SIM2
SIM3
SIM4
1
21
22
SIM5
SIM1
SIM2
SIM3
SIM4
1
21
22
SIM5
SIM1
SIM2
SIM3
SIM4
1
21
22
SIM5
SIM1
SIM2
SIM3
SIM4
1
21
22
SIM5
SIM1
SIM2
SIM3
SIM4
1
21
22
SIM5
SIM1
SIM2
SIM3
SIM4
1
21
22
SIM5
SIM1
SIM2
SIM3
SIM4
1
21
22
SIM5
SIM1
SIM2
SIM3
SIM4
1
21
22
SIM5
SIM1
SIM2
SIM3
SIM4
1
21
22
SIM5
SIM1
SIM2
SIM3
SIM4
1
21
22
SIM5
SIM1
SIM2
SIM3
SIM4
1
21
22
SIM5
SIM1
SIM2
SIM3
SIM4
1
21
22
SIM5
SIM1
SIM2
SIM3
SIM4
1
21
22
SIM5
SIM1
SIM2
SIM3
SIM4
1
21
22
SIM5
SIM1
SIM2
SIM3
SIM4
1
21
22
SIM5
SIM1
SIM2
SIM3
SIM4
1
21
22
SIM5
SIM1
SIM2
SIM3
SIM4
1
21
22
SIM5
SIM1
SIM2
SIM3
SIM4
1
21
22
SIM5
SIM1
SIM2
SIM3
SIM4
1
21
22
SIM5
SIM1
SIM2
SIM3
SIM4
1
21
22
SIM5
SIM1
SIM2
SIM3
SIM4
1
21
22
SIM5
SIM1
SIM2
SIM3
SIM4
1
21
22
SIM5
SIM1
SIM2
SIM3
SIM4
1
21
22
SIM5
SIM1
SIM2
SIM3
SIM4
1
21
22
SIM5
SIM1
SIM2
SIM3
SIM4
1
21
22
SIM5
SIM1
SIM2
SIM3
SIM4
1
21
22
SIM5
SIM1
SIM2
SIM3
SIM4
1
21
22
SIM5
SIM1
SIM2
SIM3
SIM4
1
21
22
SIM5
SIM1
SIM2
SIM3
SIM4
1
21
22
SIM5
SIM1
SIM2
SIM3
SIM4
1
21
22
SIM5
SIM1
SIM2
SIM3
SIM4
1
21
22
SIM5
SIM1
SIM2
SIM3
SIM4
1
21
22
SIM5
SIM1
SIM2
SIM3
SIM4
1
21
22
SIM5
SIM1
SIM2
SIM3
SIM4
1
21
22
SIM5
SIM1
SIM2
SIM3
SIM4
1
21
22
SIM5
SIM1
SIM2
SIM3
SIM4
1
21
22
SIM5
SIM1
SIM2
SIM3
SIM4
1
21
22
SIM5
SIM1
SIM2
SIM3
SIM4
1
21
22
SIM5
SIM1
SIM2
SIM3
SIM4
1
21
22
SIM5
SIM1
SIM2
SIM3
SIM4
1
21
22
SIM5
SIM1
SIM2
SIM3
SIM4
1
21
22
SIM5
SIM1
SIM2
SIM3
SIM4
1
21
22
SIM5
SIM1
SIM2
SIM3
SIM4
1
21
22
SIM5
SIM1
SIM2
SIM3
SIM4
1
21
22
SIM5
SIM1
SIM2
SIM3
SIM4
1
21
22
SIM5
SIM1
SIM2
SIM3
SIM4
1
21
22
SIM5
SIM1
SIM2
SIM3
SIM4
1
21
22
SIM5
SIM1
SIM2
SIM3
SIM4
1
21
22
SIM5
SIM1
SIM2
SIM3
SIM4
1
21
22
SIM5
SIM1
SIM2
SIM3
SIM4
1
21
22
SIM5
SIM1
SIM2
SIM3
SIM4
1
21
22
SIM5
SIM1
SIM2
SIM3
SIM4
1
21
22
SIM5
SIM1
SIM2
SIM3
SIM4
1
21
22
SIM5
SIM1
SIM2
SIM3
SIM4
1
21
22
SIM5
SIM1
SIM2
SIM3
SIM4
1
21
22
SIM5
SIM1
SIM2
SIM3
SIM4
1
21
22
SIM5
SIM1
SIM2
SIM3
SIM4
1
21
22
SIM5
SIM1
SIM2
SIM3
SIM4
1
21
22
SIM5
SIM1
SIM2
SIM3
SIM4
1
21
22
SIM5
SIM1
SIM2
SIM3
SIM4
1
21
22
SIM5
SIM1
SIM2
SIM3
SIM4
1
21
22
SIM5
SIM1
SIM2
SIM3
SIM4
1
21
22
SIM5
SIM1
SIM2
SIM3
SIM4
1
21
22
SIM5
SIM1
SIM2
SIM3
SIM4
1
21
22
SIM5
SIM1
SIM2
SIM3
SIM4
1
21
22
SIM5
SIM1
SIM2
SIM3
SIM4
1
21
22
SIM5
SIM1
SIM2
SIM3
SIM4
1
21
22
SIM5
SIM1
SIM2
SIM3
SIM4
1
21
22
SIM5
SIM1
SIM2
SIM3
SIM4
1
21
22
SIM5
SIM1
SIM2
SIM3
SIM4
1
21
22
SIM5
SIM1
SIM2
SIM3
SIM4
1
21
22
SIM5
SIM1
SIM2
SIM3
SIM4
1
21
22
SIM5
SIM1
SIM2
SIM3
SIM4
1
21
22
SIM5
SIM1
SIM2
SIM3
SIM4
1
21
22
SIM5
SIM1
SIM2
SIM3
SIM4
1
21
22
SIM5
SIM1
SIM2
SIM3
SIM4
1
21
22
SIM5
SIM1
SIM2
SIM3
SIM4
1
21
22
SIM5
SIM1
SIM2
SIM3
SIM4
1
21
22
SIM5
SIM1
SIM2
SIM3
SIM4
1
21
22
SIM5
SIM1
SIM2
SIM3
SIM4
1
21
22
SIM5
SIM1
SIM2
SIM3
SIM4
1
21
22
SIM5
SIM1
SIM2
SIM3
SIM4
1
21
22
SIM5
SIM1
SIM2
SIM3
SIM4
1
21
22
SIM5
SIM1
SIM2
SIM3
SIM4
1
21
22
SIM5
SIM1
SIM2
SIM3
SIM4
1
21
22
SIM5
SIM1
SIM2
SIM3
SIM4
1
21
22
SIM5
SIM1
SIM2
SIM3
SIM4
1
21
22
SIM5
SIM1
SIM2
SIM3
SIM4
1
21
22
SIM5
SIM1
SIM2
SIM3
SIM4
1
21
22
SIM5
SIM1
SIM2
SIM3
SIM4
1
21
22
SIM5
SIM1
SIM2
SIM3
SIM4
1
21
22
SIM5
SIM1
SIM2
SIM3
SIM4
1
21
22
SIM5
SIM1
SIM2
SIM3
SIM4
1
21
22
SIM5
SIM1
SIM2
SIM3
SIM4
1
21
22
SIM5
SIM1
SIM2
SIM3
SIM4
1
21
22
SIM5
SIM1
SIM2
SIM3
SIM4
1
21
22
SIM5
SIM1
SIM2
SIM3
SIM4
1
21
22
SIM5
SIM1
SIM2
SIM3
SIM4
1
21
22
SIM5
SIM1
SIM2
SIM3
SIM4
1
21
22
SIM5
SIM1
SIM2
SIM3
SIM4
1
21
22
SIM5
SIM1
SIM2
SIM3
SIM4
1
21
22
SIM5
SIM1
SIM2
SIM3
SIM4
1
21
22
SIM5
SIM1
SIM2
SIM3
SIM4
1
21
22
SIM5
SIM1
SIM2
SIM3
SIM4
1
21
22
SIM5
SIM1
SIM2
SIM3
SIM4
1
21
22
SIM5
SIM1
SIM2
SIM3
SIM4
1
21
22
SIM5
SIM1
SIM2
SIM3
SIM4
1
21
22
SIM5
SIM1
SIM2
SIM3
SIM4
1
21
22
SIM5
SIM1
SIM2
SIM3
SIM4
1
21
22
SIM5
SIM1
SIM2
SIM3
SIM4
1
21
22
SIM5
SIM1
SIM2
SIM3
SIM4
1
21
22
SIM5
SIM1
SIM2
SIM3
SIM4
1
21
22
SIM5
SIM1
SIM2
SIM3
SIM4
1
21
22
SIM5
SIM1
SIM2
SIM3
SIM4
1
21
22
SIM5
SIM1
SIM2
SIM3
SIM4
1
21
22
SIM5
SIM1
SIM2
SIM3
SIM4
1
21
22
SIM5
SIM1
SIM2
SIM3
SIM4
1
21
22
SIM5
SIM1
SIM2
SIM3
SIM4
1
21
22
SIM5
SIM1
SIM2
SIM3
SIM4
1
21
22
SIM5
SIM1
SIM2
SIM3
SIM4
1
21
22
SIM5
SIM1
SIM2
SIM3
SIM4
1
21
22
SIM5
SIM1
SIM2
SIM3
SIM4
1
21
22
SIM5
SIM1
SIM2
SIM3
SIM4
1
21
22
SIM5
SIM1
SIM2
SIM3
SIM4
1
21
22
SIM5
SIM1
SIM2
SIM3
SIM4
1
21
22
SIM5
SIM1
SIM2
SIM3
SIM4
1
21
22
SIM5
SIM1
SIM2
SIM3
SIM4
1
21
22
SIM5
SIM1
SIM2
SIM3
SIM4
1
21
22
SIM5
SIM1
SIM2
SIM3
SIM4
1
21
22
SIM5
SIM1
SIM2
SIM3
SIM4
1
21
22
SIM5
SIM1
SIM2
SIM3
SIM4
1
21
22
SIM5
SIM1
SIM2
SIM3
SIM4
1
21
22
SIM5
SIM1
SIM2
DEBUG 1 84
SIM1
SIM2
SIM3
SIM4
1
21
22
SIM5
SIM1
SIM2
SIM3
SIM4
1
21
22
SIM5
SIM1
SIM2
SIM3
SIM4
1
21
22
SIM5
SIM1
SIM2
SIM3
SIM4
1
21
22
SIM5
SIM1
SIM2
SIM3
SIM4
1
21
22
SIM5
SIM1
SIM2
SIM3
SIM4
1
21
22
SIM5
SIM1
SIM2
SIM3
SIM4
1
21
22
SIM5
SIM1
SIM2
SIM3
SIM4
1
21
22
SIM5
SIM1
SIM2
SIM3
SIM4
1
21
22
SIM5
SIM1
SIM2
SIM3
SIM4
1
21
22
SIM5
SIM1
SIM2
SIM3
SIM4
1
21
22
SIM5
SIM1
SIM2
SIM3
SIM4
1
21
22
SIM5
SIM1
SIM2
SIM3
SIM4
1
21
22
SIM5
SIM1
SIM2
SIM3
SIM4
1
21
22
SIM5
SIM1
SIM2
SIM3
SIM4
1
21
22
SIM5
SIM1
SIM2
SIM3
SIM4
1
21
22
SIM5
SIM1
SIM2
SIM3
SIM4
1
21
22
SIM5
SIM1
SIM2
SIM3
SIM4
1
21
22
SIM5
SIM1
SIM2
SIM3
SIM4
1
21
22
SIM5
SIM1
SIM2
SIM3
SIM4
1
21
22
SIM5
SIM1
SIM2
SIM3
SIM4
1
21
22
SIM5
SIM1
SIM2
SIM3
SIM4
1
21
22
SIM5
SIM1
SIM2
SIM3
SIM4
1
21
22
SIM5
SIM1
SIM2
SIM3
SIM4
1
21
22
SIM5
SIM1
SIM2
SIM3
SIM4
1
21
22
SIM5
SIM1
SIM2
SIM3
SIM4
1
21
22
SIM5
SIM1
SIM2
SIM3
SIM4
1
21
22
SIM5
SIM1
SIM2
SIM3
SIM4
1
21
22
SIM5
SIM1
SIM2
SIM3
SIM4
1
21
22
SIM5
SIM1
SIM2
SIM3
SIM4
1
21
22
SIM5
SIM1
SIM2
SIM3
SIM4
1
21
22
SIM5
SIM1
SIM2
SIM3
SIM4
1
21
22
SIM5
SIM1
SIM2
SIM3
SIM4
1
21
22
SIM5
SIM1
SIM2
SIM3
SIM4
1
21
22
SIM5
SIM1
SIM2
SIM3
SIM4
1
21
22
SIM5
SIM1
SIM2
SIM3
SIM4
1
21
22
SIM5
SIM1
SIM2
SIM3
SIM4
1
21
22
SIM5
SIM1
SIM2
SIM3
SIM4
1
21
22
SIM5
SIM1
SIM2
SIM3
SIM4
1
21
22
SIM5
SIM1
SIM2
SIM3
SIM4
1
21
22
SIM5
SIM1
SIM2
SIM3
SIM4
1
21
22
SIM5
SIM1
SIM2
SIM3
SIM4
1
21
22
SIM5
SIM1
SIM2
SIM3
SIM4
1
21
22
SIM5
SIM1
SIM2
SIM3
SIM4
1
21
22
SIM5
SIM1
SIM2
SIM3
SIM4
1
21
22
SIM5
SIM1
SIM2
SIM3
SIM4
1
21
22
SIM5
SIM1
SIM2
SIM3
SIM4
1
21
22
SIM5
SIM1
SIM2
SIM3
SIM4
1
21
22
SIM5
SIM1
SIM2
SIM3
SIM4
1
21
22
SIM5
SIM1
SIM2
SIM3
SIM4
1
21
22
SIM5
SIM1
SIM2
SIM3
SIM4
1
21
22
SIM5
SIM1
SIM2
SIM3
SIM4
1
21
22
SIM5
SIM1
SIM2
SIM3
SIM4
1
21
22
SIM5
SIM1
SIM2
SIM3
SIM4
1
21
22
SIM5
SIM1
SIM2
SIM3
SIM4
1
21
22
SIM5
SIM1
SIM2
SIM3
SIM4
1
21
22
SIM5
SIM1
SIM2
SIM3
SIM4
1
21
22
SIM5
SIM1
SIM2
SIM3
SIM4
1
21
22
SIM5
SIM1
SIM2
SIM3
SIM4
1
21
22
SIM5
SIM1
SIM2
SIM3
SIM4
1
21
22
SIM5
SIM1
SIM2
SIM3
SIM4
1
21
22
SIM5
SIM1
SIM2
SIM3
SIM4
1
21
22
SIM5
SIM1
SIM2
SIM3
SIM4
1
21
22
SIM5
SIM1
SIM2
SIM3
SIM4
1
21
22
SIM5
SIM1
SIM2
SIM3
SIM4
1
21
22
SIM5
SIM1
SIM2
SIM3
SIM4
1
21
22
SIM5
SIM1
SIM2
SIM3
SIM4
1
21
22
SIM5
SIM1
SIM2
SIM3
SIM4
1
21
22
SIM5
SIM1
SIM2
SIM3
SIM4
1
21
22
SIM5
SIM1
SIM2
SIM3
SIM4
1
21
22
SIM5
SIM1
SIM2
SIM3
SIM4
1
21
22
SIM5
SIM1
SIM2
SIM3
SIM4
1
21
22
SIM5
SIM1
SIM2
SIM3
SIM4
1
21
22
SIM5
SIM1
SIM2
SIM3
SIM4
1
21
22
SIM5
SIM1
SIM2
SIM3
SIM4
1
21
22
SIM5
SIM1
SIM2
SIM3
SIM4
1
21
22
SIM5
SIM1
SIM2
SIM3
SIM4
1
21
22
SIM5
SIM1
SIM2
SIM3
SIM4
1
21
22
SIM5
SIM1
SIM2
SIM3
SIM4
1
21
22
SIM5
SIM1
SIM2
SIM3
SIM4
1
21
22
SIM5
SIM1
SIM2
SIM3
SIM4
1
21
22
SIM5
SIM1
SIM2
SIM3
SIM4
1
21
22
SIM5
SIM1
SIM2
SIM3
SIM4
1
21
22
SIM5
SIM1
SIM2
SIM3
SIM4
1
21
22
SIM5
SIM1
SIM2
SIM3
SIM4
1
21
22
SIM5
SIM1
SIM2
SIM3
SIM4
1
21
22
SIM5
SIM1
SIM2
SIM3
SIM4
1
21
22
SIM5
SIM1
SIM2
SIM3
SIM4
1
21
22
SIM5
SIM1
SIM2
SIM3
SIM4
1
21
22
SIM5
SIM1
SIM2
SIM3
SIM4
1
21
22
SIM5
SIM1
SIM2
SIM3
SIM4
1
21
22
SIM5
SIM1
SIM2
SIM3
SIM4
1
21
22
SIM5
SIM1
SIM2
SIM3
SIM4
1
21
22
SIM5
SIM1
SIM2
SIM3
SIM4
1
21
22
SIM5
SIM1
SIM2
SIM3
SIM4
1
21
22
SIM5
SIM1
SIM2
SIM3
SIM4
1
21
22
SIM5
SIM1
SIM2
SIM3
SIM4
1
21
22
SIM5
SIM1
SIM2
SIM3
SIM4
1
21
22
SIM5
SIM1
SIM2
SIM3
SIM4
1
21
22
SIM5
SIM1
SIM2
SIM3
SIM4
1
21
22
SIM5
SIM1
SIM2
SIM3
SIM4
1
21
22
SIM5
SIM1
SIM2
SIM3
SIM4
1
21
22
SIM5
SIM1
SIM2
SIM3
SIM4
1
21
22
SIM5
SIM1
SIM2
SIM3
SIM4
1
21
22
SIM5
SIM1
SIM2
SIM3
SIM4
1
21
22
SIM5
SIM1
SIM2
SIM3
SIM4
1
21
22
SIM5
SIM1
SIM2
SIM3
SIM4
1
21
22
SIM5
SIM1
SIM2
DEBUG 1 85
SIM1
SIM2
SIM3
SIM4
1
21
22
SIM5
SIM1
SIM2
SIM3
SIM4
1
21
22
SIM5
SIM1
SIM2
SIM3
SIM4
1
21
22
SIM5
SIM1
SIM2
SIM3
SIM4
1
21
22
SIM5
SIM1
SIM2
SIM3
SIM4
1
21
22
SIM5
SIM1
SIM2
SIM3
SIM4
1
21
22
SIM5
SIM1
SIM2
SIM3
SIM4
1
21
22
SIM5
SIM1
SIM2
SIM3
SIM4
1
21
22
SIM5
SIM1
SIM2
SIM3
SIM4
1
21
22
SIM5
SIM1
SIM2
SIM3
SIM4
1
21
22
SIM5
SIM1
SIM2
SIM3
SIM4
1
21
22
SIM5
SIM1
SIM2
SIM3
SIM4
1
21
22
SIM5
SIM1
SIM2
SIM3
SIM4
1
21
22
SIM5
SIM1
SIM2
SIM3
SIM4
1
21
22
SIM5
SIM1
SIM2
SIM3
SIM4
1
21
22
SIM5
SIM1
SIM2
SIM3
SIM4
1
21
22
SIM5
SIM1
SIM2
SIM3
SIM4
1
21
22
SIM5
SIM1
SIM2
SIM3
SIM4
1
21
22
SIM5
SIM1
SIM2
SIM3
SIM4
1
21
22
SIM5
SIM1
SIM2
SIM3
SIM4
1
21
22
SIM5
SIM1
SIM2
SIM3
SIM4
1
21
22
SIM5
SIM1
SIM2
SIM3
SIM4
1
21
22
SIM5
SIM1
SIM2
SIM3
SIM4
1
21
22
SIM5
SIM1
SIM2
SIM3
SIM4
1
21
22
SIM5
SIM1
SIM2
SIM3
SIM4
1
21
22
SIM5
SIM1
SIM2
SIM3
SIM4
1
21
22
SIM5
SIM1
SIM2
SIM3
SIM4
1
21
22
SIM5
SIM1
SIM2
SIM3
SIM4
1
21
22
SIM5
SIM1
SIM2
SIM3
SIM4
1
21
22
SIM5
SIM1
SIM2
SIM3
SIM4
1
21
22
SIM5
SIM1
SIM2
SIM3
SIM4
1
21
22
SIM5
SIM1
SIM2
SIM3
SIM4
1
21
22
SIM5
SIM1
SIM2
SIM3
SIM4
1
21
22
SIM5
SIM1
SIM2
SIM3
SIM4
1
21
22
SIM5
SIM1
SIM2
SIM3
SIM4
1
21
22
SIM5
SIM1
SIM2
SIM3
SIM4
1
21
22
SIM5
SIM1
SIM2
SIM3
SIM4
1
21
22
SIM5
SIM1
SIM2
SIM3
SIM4
1
21
22
SIM5
SIM1
SIM2
SIM3
SIM4
1
21
22
SIM5
SIM1
SIM2
SIM3
SIM4
1
21
22
SIM5
SIM1
SIM2
SIM3
SIM4
1
21
22
SIM5
SIM1
SIM2
SIM3
SIM4
1
21
22
SIM5
SIM1
SIM2
SIM3
SIM4
1
21
22
SIM5
SIM1
SIM2
SIM3
SIM4
1
21
22
SIM5
SIM1
SIM2
SIM3
SIM4
1
21
22
SIM5
SIM1
SIM2
SIM3
SIM4
1
21
22
SIM5
SIM1
SIM2
SIM3
SIM4
1
21
22
SIM5
SIM1
SIM2
SIM3
SIM4
1
21
22
SIM5
SIM1
SIM2
SIM3
SIM4
1
21
22
SIM5
SIM1
SIM2
SIM3
SIM4
1
21
22
SIM5
SIM1
SIM2
SIM3
SIM4
1
21
22
SIM5
SIM1
SIM2
SIM3
SIM4
1
21
22
SIM5
SIM1
SIM2
SIM3
SIM4
1
21
22
SIM5
SIM1
SIM2
SIM3
SIM4
1
21
22
SIM5
SIM1
SIM2
SIM3
SIM4
1
21
22
SIM5
SIM1
SIM2
SIM3
SIM4
1
21
22
SIM5
SIM1
SIM2
SIM3
SIM4
1
21
22
SIM5
SIM1
SIM2
SIM3
SIM4
1
21
22
SIM5
SIM1
SIM2
SIM3
SIM4
1
21
22
SIM5
SIM1
SIM2
SIM3
SIM4
1
21
22
SIM5
SIM1
SIM2
SIM3
SIM4
1
21
22
SIM5
SIM1
SIM2
SIM3
SIM4
1
21
22
SIM5
SIM1
SIM2
SIM3
SIM4
1
21
22
SIM5
SIM1
SIM2
SIM3
SIM4
1
21
22
SIM5
SIM1
SIM2
SIM3
SIM4
1
21
22
SIM5
SIM1
SIM2
SIM3
SIM4
1
21
22
SIM5
SIM1
SIM2
SIM3
SIM4
1
21
22
SIM5
SIM1
SIM2
SIM3
SIM4
1
21
22
SIM5
SIM1
SIM2
SIM3
SIM4
1
21
22
SIM5
SIM1
SIM2
SIM3
SIM4
1
21
22
SIM5
SIM1
SIM2
SIM3
SIM4
1
21
22
SIM5
SIM1
SIM2
SIM3
SIM4
1
21
22
SIM5
SIM1
SIM2
SIM3
SIM4
1
21
22
SIM5
SIM1
SIM2
SIM3
SIM4
1
21
22
SIM5
SIM1
SIM2
SIM3
SIM4
1
21
22
SIM5
SIM1
SIM2
SIM3
SIM4
1
21
22
SIM5
SIM1
SIM2
SIM3
SIM4
1
21
22
SIM5
SIM1
SIM2
SIM3
SIM4
1
21
22
SIM5
SIM1
SIM2
SIM3
SIM4
1
21
22
SIM5
SIM1
SIM2
SIM3
SIM4
1
21
22
SIM5
SIM1
SIM2
SIM3
SIM4
1
21
22
SIM5
SIM1
SIM2
SIM3
SIM4
1
21
22
SIM5
SIM1
SIM2
SIM3
SIM4
1
21
22
SIM5
SIM1
SIM2
SIM3
SIM4
1
21
22
SIM5
SIM1
SIM2
SIM3
SIM4
1
21
22
SIM5
SIM1
SIM2
SIM3
SIM4
1
21
22
SIM5
SIM1
SIM2
SIM3
SIM4
1
21
22
SIM5
SIM1
SIM2
SIM3
SIM4
1
21
22
SIM5
SIM1
SIM2
SIM3
SIM4
1
21
22
SIM5
SIM1
SIM2
SIM3
SIM4
1
21
22
SIM5
SIM1
SIM2
SIM3
SIM4
1
21
22
SIM5
SIM1
SIM2
SIM3
SIM4
1
21
22
SIM5
SIM1
SIM2
SIM3
SIM4
1
21
22
SIM5
SIM1
SIM2
SIM3
SIM4
1
21
22
SIM5
SIM1
SIM2
SIM3
SIM4
1
21
22
SIM5
SIM1
SIM2
SIM3
SIM4
1
21
22
SIM5
SIM1
SIM2
SIM3
SIM4
1
21
22
SIM5
SIM1
SIM2
SIM3
SIM4
1
21
22
SIM5
SIM1
SIM2
SIM3
SIM4
1
21
22
SIM5
SIM1
SIM2
SIM3
SIM4
1
21
22
SIM5
SIM1
SIM2
SIM3
SIM4
1
21
22
SIM5
SIM1
SIM2
SIM3
SIM4
1
21
22
SIM5
SIM1
SIM2
SIM3
SIM4
1
21
22
SIM5
SIM1
SIM2
SIM3
SIM4
1
21
22
SIM5
SIM1
SIM2
SIM3
SIM4
1
21
22
SIM5
SIM1
SIM2
SIM3
SIM4
1
21
22
SIM5
SIM1
SIM2
SIM3
SIM4
1
21
22
SIM5
SIM1
SIM2
SIM3
SIM4
1
21
22
SIM5
SIM1
SIM2
SIM3
SIM4
1
21
22
SIM5
SIM1
SIM2
SIM3
SIM4
1
21
22
SIM5
SIM1
SIM2
SIM3
SIM4
1
21
22
SIM5
SIM1
SIM2
SIM3
SIM4
1
21
22
SIM5
SIM1
SIM2
SIM3
SIM4
1
21
22
SIM5
SIM1
SIM2
SIM3
SIM4
1
21
22
SIM5
SIM1
SIM2
SIM3
SIM4
1
21
22
SIM5
SIM1
SIM2
SIM3
SIM4
1
21
22
SIM5
SIM1
SIM2
SIM3
SIM4
1
21
22
SIM5
SIM1
SIM2
SIM3
SIM4
1
21
22
SIM5
SIM1
SIM2
SIM3
SIM4
1
21
22
SIM5
SIM1
SIM2
SIM3
SIM4
1
21
22
SIM5
SIM1
SIM2
SIM3
SIM4
1
21
22
SIM5
SIM1
SIM2
SIM3
SIM4
1
21
22
SIM5
SIM1
SIM2
SIM3
SIM4
1
21
22
SIM5
SIM1
SIM2
SIM3
SIM4
1
21
22
SIM5
SIM1
SIM2
SIM3
SIM4
1
21
22
SIM5
SIM1
SIM2
SIM3
SIM4
1
21
22
SIM5
SIM1
SIM2
SIM3
SIM4
1
21
22
SIM5
SIM1
SIM2
SIM3
SIM4
1
21
22
SIM5
SIM1
SIM2
SIM3
SIM4
1
21
22
SIM5
SIM1
SIM2
SIM3
SIM4
1
21
22
SIM5
SIM1
SIM2
SIM3
SIM4
1
21
22
SIM5
SIM1
SIM2
SIM3
SIM4
1
21
22
SIM5
SIM1
SIM2
SIM3
SIM4
1
21
22
SIM5
SIM1
SIM2
SIM3
SIM4
1
21
22
SIM5
SIM1
SIM2
SIM3
SIM4
1
21
22
SIM5
SIM1
SIM2
SIM3
SIM4
1
21
22
SIM5
SIM1
SIM2
SIM3
SIM4
1
21
22
SIM5
SIM1
SIM2
SIM3
SIM4
1
21
22
SIM5
SIM1
SIM2
SIM3
SIM4
1
21
22
SIM5
SIM1
SIM2
SIM3
SIM4
1
21
22
SIM5
SIM1
SIM2
SIM3
SIM4
1
21
22
SIM5
SIM1
SIM2
SIM3
SIM4
1
21
22
SIM5
SIM1
SIM2
SIM3
SIM4
1
21
22
SIM5
SIM1
SIM2
SIM3
SIM4
1
21
22
SIM5
SIM1
SIM2
SIM3
SIM4
1
21
22
SIM5
SIM1
SIM2
SIM3
SIM4
1
21
22
SIM5
SIM1
SIM2
SIM3
SIM4
1
21
22
SIM5
SIM1
SIM2
SIM3
SIM4
1
21
22
SIM5
SIM1
SIM2
SIM3
SIM4
1
21
22
SIM5
SIM1
SIM2
SIM3
SIM4
1
21
22
SIM5
SIM1
SIM2
SIM3
SIM4
1
21
22
SIM5
SIM1
SIM2
SIM3
SIM4
1
21
22
SIM5
SIM1
SIM2
SIM3
SIM4
1
21
22
SIM5
SIM1
SIM2
SIM3
SIM4
1
21
22
SIM5
SIM1
SIM2
SIM3
SIM4
1
21
22
SIM5
SIM1
SIM2
SIM3
SIM4
1
21
22
SIM5
SIM1
SIM2
SIM3
SIM4
1
21
22
SIM5
SIM1
SIM2
SIM3
SIM4
1
21
22
SIM5
SIM1
SIM2
SIM3
SIM4
1
21
22
SIM5
SIM1
SIM2
SIM3
SIM4
1
21
22
SIM5
SIM1
SIM2
SIM3
SIM4
1
21
22
SIM5
SIM1
SIM2
SIM3
SIM4
1
21
22
SIM5
SIM1
SIM2
SIM3
SIM4
1
21
22
SIM5
SIM1
SIM2
SIM3
SIM4
1
21
22
SIM5
SIM1
SIM2
SIM3
SIM4
1
21
22
SIM5
SIM1
SIM2
SIM3
SIM4
1
21
22
SIM5
SIM1
SIM2
DEBUG 1 86
SIM1
SIM2
SIM3
SIM4
1
21
22
SIM5
SIM1
SIM2
SIM3
SIM4
1
21
22
SIM5
SIM1
SIM2
SIM3
SIM4
1
21
22
SIM5
SIM1
SIM2
SIM3
SIM4
1
21
22
SIM5
SIM1
SIM2
SIM3
SIM4
1
21
22
SIM5
SIM1
SIM2
SIM3
SIM4
1
21
22
SIM5
SIM1
SIM2
SIM3
SIM4
1
21
22
SIM5
SIM1
SIM2
SIM3
SIM4
1
21
22
SIM5
SIM1
SIM2
SIM3
SIM4
1
21
22
SIM5
SIM1
SIM2
SIM3
SIM4
1
21
22
SIM5
SIM1
SIM2
SIM3
SIM4
1
21
22
SIM5
SIM1
SIM2
SIM3
SIM4
1
21
22
SIM5
SIM1
SIM2
SIM3
SIM4
1
21
22
SIM5
SIM1
SIM2
SIM3
SIM4
1
21
22
SIM5
SIM1
SIM2
SIM3
SIM4
1
21
22
SIM5
SIM1
SIM2
SIM3
SIM4
1
21
22
SIM5
SIM1
SIM2
SIM3
SIM4
1
21
22
SIM5
SIM1
SIM2
SIM3
SIM4
1
21
22
SIM5
SIM1
SIM2
SIM3
SIM4
1
21
22
SIM5
SIM1
SIM2
SIM3
SIM4
1
21
22
SIM5
SIM1
SIM2
SIM3
SIM4
1
21
22
SIM5
SIM1
SIM2
SIM3
SIM4
1
21
22
SIM5
SIM1
SIM2
SIM3
SIM4
1
21
22
SIM5
SIM1
SIM2
SIM3
SIM4
1
21
22
SIM5
SIM1
SIM2
SIM3
SIM4
1
21
22
SIM5
SIM1
SIM2
SIM3
SIM4
1
21
22
SIM5
SIM1
SIM2
SIM3
SIM4
1
21
22
SIM5
SIM1
SIM2
SIM3
SIM4
1
21
22
SIM5
SIM1
SIM2
SIM3
SIM4
1
21
22
SIM5
SIM1
SIM2
SIM3
SIM4
1
21
22
SIM5
SIM1
SIM2
SIM3
SIM4
1
21
22
SIM5
SIM1
SIM2
SIM3
SIM4
1
21
22
SIM5
SIM1
SIM2
SIM3
SIM4
1
21
22
SIM5
SIM1
SIM2
SIM3
SIM4
1
21
22
SIM5
SIM1
SIM2
SIM3
SIM4
1
21
22
SIM5
SIM1
SIM2
SIM3
SIM4
1
21
22
SIM5
SIM1
SIM2
SIM3
SIM4
1
21
22
SIM5
SIM1
SIM2
SIM3
SIM4
1
21
22
SIM5
SIM1
SIM2
SIM3
SIM4
1
21
22
SIM5
SIM1
SIM2
SIM3
SIM4
1
21
22
SIM5
SIM1
SIM2
SIM3
SIM4
1
21
22
SIM5
SIM1
SIM2
SIM3
SIM4
1
21
22
SIM5
SIM1
SIM2
SIM3
SIM4
1
21
22
SIM5
SIM1
SIM2
SIM3
SIM4
1
21
22
SIM5
SIM1
SIM2
SIM3
SIM4
1
21
22
SIM5
SIM1
SIM2
SIM3
SIM4
1
21
22
SIM5
SIM1
SIM2
SIM3
SIM4
1
21
22
SIM5
SIM1
SIM2
SIM3
SIM4
1
21
22
SIM5
SIM1
SIM2
SIM3
SIM4
1
21
22
SIM5
SIM1
SIM2
SIM3
SIM4
1
21
22
SIM5
SIM1
SIM2
SIM3
SIM4
1
21
22
SIM5
SIM1
SIM2
SIM3
SIM4
1
21
22
SIM5
SIM1
SIM2
SIM3
SIM4
1
21
22
SIM5
SIM1
SIM2
SIM3
SIM4
1
21
22
SIM5
SIM1
SIM2
SIM3
SIM4
1
21
22
SIM5
SIM1
SIM2
SIM3
SIM4
1
21
22
SIM5
SIM1
SIM2
SIM3
SIM4
1
21
22
SIM5
SIM1
SIM2
SIM3
SIM4
1
21
22
SIM5
SIM1
SIM2
SIM3
SIM4
1
21
22
SIM5
SIM1
SIM2
SIM3
SIM4
1
21
22
SIM5
SIM1
SIM2
SIM3
SIM4
1
21
22
SIM5
SIM1
SIM2
SIM3
SIM4
1
21
22
SIM5
SIM1
SIM2
SIM3
SIM4
1
21
22
SIM5
SIM1
SIM2
SIM3
SIM4
1
21
22
SIM5
SIM1
SIM2
SIM3
SIM4
1
21
22
SIM5
SIM1
SIM2
SIM3
SIM4
1
21
22
SIM5
SIM1
SIM2
SIM3
SIM4
1
21
22
SIM5
SIM1
SIM2
SIM3
SIM4
1
21
22
SIM5
SIM1
SIM2
SIM3
SIM4
1
21
22
SIM5
SIM1
SIM2
SIM3
SIM4
1
21
22
SIM5
SIM1
SIM2
SIM3
SIM4
1
21
22
SIM5
SIM1
SIM2
SIM3
SIM4
1
21
22
SIM5
SIM1
SIM2
SIM3
SIM4
1
21
22
SIM5
SIM1
SIM2
SIM3
SIM4
1
21
22
SIM5
SIM1
SIM2
SIM3
SIM4
1
21
22
SIM5
SIM1
SIM2
SIM3
SIM4
1
21
22
SIM5
SIM1
SIM2
SIM3
SIM4
1
21
22
SIM5
SIM1
SIM2
SIM3
SIM4
1
21
22
SIM5
SIM1
SIM2
SIM3
SIM4
1
21
22
SIM5
SIM1
SIM2
SIM3
SIM4
1
21
22
SIM5
SIM1
SIM2
SIM3
SIM4
1
21
22
SIM5
SIM1
SIM2
SIM3
SIM4
1
21
22
SIM5
SIM1
SIM2
SIM3
SIM4
1
21
22
SIM5
SIM1
SIM2
SIM3
SIM4
1
21
22
SIM5
SIM1
SIM2
SIM3
SIM4
1
21
22
SIM5
SIM1
SIM2
SIM3
SIM4
1
21
22
SIM5
SIM1
SIM2
SIM3
SIM4
1
21
22
SIM5
SIM1
SIM2
SIM3
SIM4
1
21
22
SIM5
SIM1
SIM2
SIM3
SIM4
1
21
22
SIM5
SIM1
SIM2
SIM3
SIM4
1
21
22
SIM5
SIM1
SIM2
SIM3
SIM4
1
21
22
SIM5
SIM1
SIM2
SIM3
SIM4
1
21
22
SIM5
SIM1
SIM2
SIM3
SIM4
1
21
22
SIM5
SIM1
SIM2
SIM3
SIM4
1
21
22
SIM5
SIM1
SIM2
SIM3
SIM4
1
21
22
SIM5
SIM1
SIM2
SIM3
SIM4
1
21
22
SIM5
SIM1
SIM2
SIM3
SIM4
1
21
22
SIM5
SIM1
SIM2
SIM3
SIM4
1
21
22
SIM5
SIM1
SIM2
SIM3
SIM4
1
21
22
SIM5
SIM1
SIM2
SIM3
SIM4
1
21
22
SIM5
SIM1
SIM2
SIM3
SIM4
1
21
22
SIM5
SIM1
SIM2
SIM3
SIM4
1
21
22
SIM5
SIM1
SIM2
SIM3
SIM4
1
21
22
SIM5
SIM1
SIM2
SIM3
SIM4
1
21
22
SIM5
SIM1
SIM2
SIM3
SIM4
1
21
22
SIM5
SIM1
SIM2
SIM3
SIM4
1
21
22
SIM5
SIM1
SIM2
SIM3
SIM4
1
21
22
SIM5
SIM1
SIM2
SIM3
SIM4
1
21
22
SIM5
SIM1
SIM2
SIM3
SIM4
1
21
22
SIM5
SIM1
SIM2
SIM3
SIM4
1
21
22
SIM5
SIM1
SIM2
SIM3
SIM4
1
21
22
SIM5
SIM1
SIM2
SIM3
SIM4
1
21
22
SIM5
SIM1
SIM2
SIM3
SIM4
1
21
22
SIM5
SIM1
SIM2
SIM3
SIM4
1
21
22
SIM5
SIM1
SIM2
SIM3
SIM4
1
21
22
SIM5
SIM1
SIM2
SIM3
SIM4
1
21
22
SIM5
SIM1
SIM2
SIM3
SIM4
1
21
22
SIM5
SIM1
SIM2
SIM3
SIM4
1
21
22
SIM5
SIM1
SIM2
SIM3
SIM4
1
21
22
SIM5
SIM1
SIM2
SIM3
SIM4
1
21
22
SIM5
SIM1
SIM2
SIM3
SIM4
1
21
22
SIM5
SIM1
SIM2
SIM3
SIM4
1
21
22
SIM5
SIM1
SIM2
SIM3
SIM4
1
21
22
SIM5
SIM1
SIM2
SIM3
SIM4
1
21
22
SIM5
SIM1
SIM2
SIM3
SIM4
1
21
22
SIM5
SIM1
SIM2
SIM3
SIM4
1
21
22
SIM5
SIM1
SIM2
SIM3
SIM4
1
21
22
SIM5
SIM1
SIM2
SIM3
SIM4
1
21
22
SIM5
SIM1
SIM2
SIM3
SIM4
1
21
22
SIM5
SIM1
SIM2
SIM3
SIM4
1
21
22
SIM5
SIM1
SIM2
SIM3
SIM4
1
21
22
SIM5
SIM1
SIM2
SIM3
SIM4
1
21
22
SIM5
SIM1
SIM2
SIM3
SIM4
1
21
22
SIM5
SIM1
SIM2
SIM3
SIM4
1
21
22
SIM5
SIM1
SIM2
SIM3
SIM4
1
21
22
SIM5
SIM1
SIM2
SIM3
SIM4
1
21
22
SIM5
SIM1
SIM2
SIM3
SIM4
1
21
22
SIM5
SIM1
SIM2
SIM3
SIM4
1
21
22
SIM5
SIM1
SIM2
SIM3
SIM4
1
21
22
SIM5
SIM1
SIM2
SIM3
SIM4
1
21
22
SIM5
SIM1
SIM2
SIM3
SIM4
1
21
22
SIM5
SIM1
SIM2
SIM3
SIM4
1
21
22
SIM5
SIM1
SIM2
SIM3
SIM4
1
21
22
SIM5
SIM1
SIM2
SIM3
SIM4
1
21
22
SIM5
SIM1
SIM2
SIM3
SIM4
1
21
22
SIM5
SIM1
SIM2
SIM3
SIM4
1
21
22
SIM5
SIM1
SIM2
SIM3
SIM4
1
21
22
SIM5
SIM1
SIM2
SIM3
SIM4
1
21
22
SIM5
SIM1
SIM2
SIM3
SIM4
1
21
22
SIM5
SIM1
SIM2
SIM3
SIM4
1
21
22
SIM5
SIM1
SIM2
SIM3
SIM4
1
21
22
SIM5
SIM1
SIM2
SIM3
SIM4
1
21
22
SIM5
SIM1
SIM2
SIM3
SIM4
1
21
22
SIM5
SIM1
SIM2
SIM3
SIM4
1
21
22
SIM5
SIM1
SIM2
SIM3
SIM4
1
21
22
SIM5
SIM1
SIM2
SIM3
SIM4
1
21
22
SIM5
SIM1
SIM2
SIM3
SIM4
1
21
22
SIM5
SIM1
SIM2
SIM3
SIM4
1
21
22
SIM5
SIM1
SIM2
SIM3
SIM4
1
21
22
SIM5
SIM1
SIM2
SIM3
SIM4
1
21
22
SIM5
SIM1
SIM2
SIM3
SIM4
1
21
22
SIM5
SIM1
SIM2
SIM3
SIM4
1
21
22
SIM5
SIM1
SIM2
SIM3
SIM4
1
21
22
SIM5
SIM1
SIM2
SIM3
SIM4
1
21
22
SIM5
SIM1
SIM2
SIM3
SIM4
1
21
22
SIM5
SIM1
SIM2
SIM3
SIM4
1
21
22
SIM5
SIM1
SIM2
SIM3
SIM4
1
21
22
SIM5
SIM1
SIM2
SIM3
SIM4
1
21
22
SIM5
SIM1
SIM2
SIM3
SIM4
1
21
22
SIM5
SIM1
SIM2
SIM3
SIM4
1
21
22
SIM5
SIM1
SIM2
SIM3
SIM4
1
21
22
SIM5
SIM1
SIM2
SIM3
SIM4
1
21
22
SIM5
SIM1
SIM2
SIM3
SIM4
1
21
22
SIM5
SIM1
SIM2
SIM3
SIM4
1
21
22
SIM5
SIM1
SIM2
SIM3
SIM4
1
21
22
SIM5
SIM1
SIM2
SIM3
SIM4
1
21
22
SIM5
SIM1
SIM2
DEBUG 1 87
SIM1
SIM2
SIM3
SIM4
1
21
22
SIM5
SIM1
SIM2
SIM3
SIM4
1
21
22
SIM5
SIM1
SIM2
SIM3
SIM4
1
21
22
SIM5
SIM1
SIM2
SIM3
SIM4
1
21
22
SIM5
SIM1
SIM2
SIM3
SIM4
1
21
22
SIM5
SIM1
SIM2
SIM3
SIM4
1
21
22
SIM5
SIM1
SIM2
SIM3
SIM4
1
21
22
SIM5
SIM1
SIM2
SIM3
SIM4
1
21
22
SIM5
SIM1
SIM2
SIM3
SIM4
1
21
22
SIM5
SIM1
SIM2
SIM3
SIM4
1
21
22
SIM5
SIM1
SIM2
SIM3
SIM4
1
21
22
SIM5
SIM1
SIM2
SIM3
SIM4
1
21
22
SIM5
SIM1
SIM2
SIM3
SIM4
1
21
22
SIM5
SIM1
SIM2
SIM3
SIM4
1
21
22
SIM5
SIM1
SIM2
SIM3
SIM4
1
21
22
SIM5
SIM1
SIM2
SIM3
SIM4
1
21
22
SIM5
SIM1
SIM2
SIM3
SIM4
1
21
22
SIM5
SIM1
SIM2
SIM3
SIM4
1
21
22
SIM5
SIM1
SIM2
SIM3
SIM4
1
21
22
SIM5
SIM1
SIM2
SIM3
SIM4
1
21
22
SIM5
SIM1
SIM2
SIM3
SIM4
1
21
22
SIM5
SIM1
SIM2
DEBUG 1 88
SIM1
SIM2
SIM3
SIM4
1
21
22
SIM5
SIM1
SIM2
SIM3
SIM4
1
21
22
SIM5
SIM1
SIM2
SIM3
SIM4
1
21
22
SIM5
SIM1
SIM2
SIM3
SIM4
1
21
22
SIM5
SIM1
SIM2
SIM3
SIM4
1
21
22
SIM5
SIM1
SIM2
SIM3
SIM4
1
21
22
SIM5
SIM1
SIM2
SIM3
SIM4
1
21
22
SIM5
SIM1
SIM2
SIM3
SIM4
1
21
22
SIM5
SIM1
SIM2
SIM3
SIM4
1
21
22
SIM5
SIM1
SIM2
SIM3
SIM4
1
21
22
SIM5
SIM1
SIM2
SIM3
SIM4
1
21
22
SIM5
SIM1
SIM2
SIM3
SIM4
1
21
22
SIM5
SIM1
SIM2
SIM3
SIM4
1
21
22
SIM5
SIM1
SIM2
SIM3
SIM4
1
21
22
SIM5
SIM1
SIM2
SIM3
SIM4
1
21
22
SIM5
SIM1
SIM2
SIM3
SIM4
1
21
22
SIM5
SIM1
SIM2
SIM3
SIM4
1
21
22
SIM5
SIM1
SIM2
SIM3
SIM4
1
21
22
SIM5
SIM1
SIM2
SIM3
SIM4
1
21
22
SIM5
SIM1
SIM2
SIM3
SIM4
1
21
22
SIM5
SIM1
SIM2
SIM3
SIM4
1
21
22
SIM5
SIM1
SIM2
SIM3
SIM4
1
21
22
SIM5
SIM1
SIM2
SIM3
SIM4
1
21
22
SIM5
SIM1
SIM2
SIM3
SIM4
1
21
22
SIM5
SIM1
SIM2
SIM3
SIM4
1
21
22
SIM5
SIM1
SIM2
SIM3
SIM4
1
21
22
SIM5
SIM1
SIM2
SIM3
SIM4
1
21
22
SIM5
SIM1
SIM2
SIM3
SIM4
1
21
22
SIM5
SIM1
SIM2
SIM3
SIM4
1
21
22
SIM5
SIM1
SIM2
SIM3
SIM4
1
21
22
SIM5
SIM1
SIM2
SIM3
SIM4
1
21
22
SIM5
SIM1
SIM2
SIM3
SIM4
1
21
22
SIM5
SIM1
SIM2
SIM3
SIM4
1
21
22
SIM5
SIM1
SIM2
SIM3
SIM4
1
21
22
SIM5
SIM1
SIM2
SIM3
SIM4
1
21
22
SIM5
SIM1
SIM2
SIM3
SIM4
1
21
22
SIM5
SIM1
SIM2
SIM3
SIM4
1
21
22
SIM5
SIM1
SIM2
SIM3
SIM4
1
21
22
SIM5
SIM1
SIM2
SIM3
SIM4
1
21
22
SIM5
SIM1
SIM2
SIM3
SIM4
1
21
22
SIM5
SIM1
SIM2
SIM3
SIM4
1
21
22
SIM5
SIM1
SIM2
SIM3
SIM4
1
21
22
SIM5
SIM1
SIM2
SIM3
SIM4
1
21
22
SIM5
SIM1
SIM2
SIM3
SIM4
1
21
22
SIM5
SIM1
SIM2
SIM3
SIM4
1
21
22
SIM5
SIM1
SIM2
SIM3
SIM4
1
21
22
SIM5
SIM1
SIM2
SIM3
SIM4
1
21
22
SIM5
SIM1
SIM2
SIM3
SIM4
1
21
22
SIM5
SIM1
SIM2
SIM3
SIM4
1
21
22
SIM5
SIM1
SIM2
SIM3
SIM4
1
21
22
SIM5
SIM1
SIM2
SIM3
SIM4
1
21
22
SIM5
SIM1
SIM2
SIM3
SIM4
1
21
22
SIM5
SIM1
SIM2
SIM3
SIM4
1
21
22
SIM5
SIM1
SIM2
SIM3
SIM4
1
21
22
SIM5
SIM1
SIM2
SIM3
SIM4
1
21
22
SIM5
SIM1
SIM2
SIM3
SIM4
1
21
22
SIM5
SIM1
SIM2
SIM3
SIM4
1
21
22
SIM5
SIM1
SIM2
SIM3
SIM4
1
21
22
SIM5
SIM1
SIM2
SIM3
SIM4
1
21
22
SIM5
SIM1
SIM2
SIM3
SIM4
1
21
22
SIM5
SIM1
SIM2
SIM3
SIM4
1
21
22
SIM5
SIM1
SIM2
SIM3
SIM4
1
21
22
SIM5
SIM1
SIM2
SIM3
SIM4
1
21
22
SIM5
SIM1
SIM2
SIM3
SIM4
1
21
22
SIM5
SIM1
SIM2
SIM3
SIM4
1
21
22
SIM5
SIM1
SIM2
SIM3
SIM4
1
21
22
SIM5
SIM1
SIM2
SIM3
SIM4
1
21
22
SIM5
SIM1
SIM2
SIM3
SIM4
1
21
22
SIM5
SIM1
SIM2
SIM3
SIM4
1
21
22
SIM5
SIM1
SIM2
SIM3
SIM4
1
21
22
SIM5
SIM1
SIM2
SIM3
SIM4
1
21
22
SIM5
SIM1
SIM2
SIM3
SIM4
1
21
22
SIM5
SIM1
SIM2
SIM3
SIM4
1
21
22
SIM5
SIM1
SIM2
SIM3
SIM4
1
21
22
SIM5
SIM1
SIM2
SIM3
SIM4
1
21
22
SIM5
SIM1
SIM2
SIM3
SIM4
1
21
22
SIM5
SIM1
SIM2
SIM3
SIM4
1
21
22
SIM5
SIM1
SIM2
SIM3
SIM4
1
21
22
SIM5
SIM1
SIM2
SIM3
SIM4
1
21
22
SIM5
SIM1
SIM2
DEBUG 1 89
SIM1
SIM2
SIM3
SIM4
1
21
22
SIM5
SIM1
SIM2
SIM3
SIM4
1
21
22
SIM5
SIM1
SIM2
SIM3
SIM4
1
21
22
SIM5
SIM1
SIM2
SIM3
SIM4
1
21
22
SIM5
SIM1
SIM2
SIM3
SIM4
1
21
22
SIM5
SIM1
SIM2
SIM3
SIM4
1
21
22
SIM5
SIM1
SIM2
SIM3
SIM4
1
21
22
SIM5
SIM1
SIM2
SIM3
SIM4
1
21
22
SIM5
SIM1
SIM2
SIM3
SIM4
1
21
22
SIM5
SIM1
SIM2
SIM3
SIM4
1
21
22
SIM5
SIM1
SIM2
SIM3
SIM4
1
21
22
SIM5
SIM1
SIM2
SIM3
SIM4
1
21
22
SIM5
SIM1
SIM2
SIM3
SIM4
1
21
22
SIM5
SIM1
SIM2
SIM3
SIM4
1
21
22
SIM5
SIM1
SIM2
SIM3
SIM4
1
21
22
SIM5
SIM1
SIM2
SIM3
SIM4
1
21
22
SIM5
SIM1
SIM2
SIM3
SIM4
1
21
22
SIM5
SIM1
SIM2
SIM3
SIM4
1
21
22
SIM5
SIM1
SIM2
SIM3
SIM4
1
21
22
SIM5
SIM1
SIM2
SIM3
SIM4
1
21
22
SIM5
SIM1
SIM2
SIM3
SIM4
1
21
22
SIM5
SIM1
SIM2
SIM3
SIM4
1
21
22
SIM5
SIM1
SIM2
SIM3
SIM4
1
21
22
SIM5
SIM1
SIM2
SIM3
SIM4
1
21
22
SIM5
SIM1
SIM2
SIM3
SIM4
1
21
22
SIM5
SIM1
SIM2
SIM3
SIM4
1
21
22
SIM5
SIM1
SIM2
SIM3
SIM4
1
21
22
SIM5
SIM1
SIM2
SIM3
SIM4
1
21
22
SIM5
SIM1
SIM2
SIM3
SIM4
1
21
22
SIM5
SIM1
SIM2
SIM3
SIM4
1
21
22
SIM5
SIM1
SIM2
SIM3
SIM4
1
21
22
SIM5
SIM1
SIM2
SIM3
SIM4
1
21
22
SIM5
SIM1
SIM2
SIM3
SIM4
1
21
22
SIM5
SIM1
SIM2
SIM3
SIM4
1
21
22
SIM5
SIM1
SIM2
SIM3
SIM4
1
21
22
SIM5
SIM1
SIM2
SIM3
SIM4
1
21
22
SIM5
SIM1
SIM2
SIM3
SIM4
1
21
22
SIM5
SIM1
SIM2
SIM3
SIM4
1
21
22
SIM5
SIM1
SIM2
SIM3
SIM4
1
21
22
SIM5
SIM1
SIM2
SIM3
SIM4
1
21
22
SIM5
SIM1
SIM2
SIM3
SIM4
1
21
22
SIM5
SIM1
SIM2
SIM3
SIM4
1
21
22
SIM5
SIM1
SIM2
SIM3
SIM4
1
21
22
SIM5
SIM1
SIM2
SIM3
SIM4
1
21
22
SIM5
SIM1
SIM2
SIM3
SIM4
1
21
22
SIM5
SIM1
SIM2
SIM3
SIM4
1
21
22
SIM5
SIM1
SIM2
SIM3
SIM4
1
21
22
SIM5
SIM1
SIM2
SIM3
SIM4
1
21
22
SIM5
SIM1
SIM2
SIM3
SIM4
1
21
22
SIM5
SIM1
SIM2
SIM3
SIM4
1
21
22
SIM5
SIM1
SIM2
SIM3
SIM4
1
21
22
SIM5
SIM1
SIM2
SIM3
SIM4
1
21
22
SIM5
SIM1
SIM2
SIM3
SIM4
1
21
22
SIM5
SIM1
SIM2
SIM3
SIM4
1
21
22
SIM5
SIM1
SIM2
SIM3
SIM4
1
21
22
SIM5
SIM1
SIM2
SIM3
SIM4
1
21
22
SIM5
SIM1
SIM2
SIM3
SIM4
1
21
22
SIM5
SIM1
SIM2
SIM3
SIM4
1
21
22
SIM5
SIM1
SIM2
SIM3
SIM4
1
21
22
SIM5
SIM1
SIM2
SIM3
SIM4
1
21
22
SIM5
SIM1
SIM2
SIM3
SIM4
1
21
22
SIM5
SIM1
SIM2
SIM3
SIM4
1
21
22
SIM5
SIM1
SIM2
SIM3
SIM4
1
21
22
SIM5
SIM1
SIM2
SIM3
SIM4
1
21
22
SIM5
SIM1
SIM2
SIM3
SIM4
1
21
22
SIM5
SIM1
SIM2
SIM3
SIM4
1
21
22
SIM5
SIM1
SIM2
SIM3
SIM4
1
21
22
SIM5
SIM1
SIM2
SIM3
SIM4
1
21
22
SIM5
SIM1
SIM2
SIM3
SIM4
1
21
22
SIM5
SIM1
SIM2
SIM3
SIM4
1
21
22
SIM5
SIM1
SIM2
SIM3
SIM4
1
21
22
SIM5
SIM1
SIM2
SIM3
SIM4
1
21
22
SIM5
SIM1
SIM2
SIM3
SIM4
1
21
22
SIM5
SIM1
SIM2
SIM3
SIM4
1
21
22
SIM5
SIM1
SIM2
SIM3
SIM4
1
21
22
SIM5
SIM1
SIM2
SIM3
SIM4
1
21
22
SIM5
SIM1
SIM2
SIM3
SIM4
1
21
22
SIM5
SIM1
SIM2
SIM3
SIM4
1
21
22
SIM5
SIM1
SIM2
SIM3
SIM4
1
21
22
SIM5
SIM1
SIM2
SIM3
SIM4
1
21
22
SIM5
SIM1
SIM2
SIM3
SIM4
1
21
22
SIM5
SIM1
SIM2
SIM3
SIM4
1
21
22
SIM5
SIM1
SIM2
SIM3
SIM4
1
21
22
SIM5
SIM1
SIM2
SIM3
SIM4
1
21
22
SIM5
SIM1
SIM2
SIM3
SIM4
1
21
22
SIM5
SIM1
SIM2
SIM3
SIM4
1
21
22
SIM5
SIM1
SIM2
SIM3
SIM4
1
21
22
SIM5
SIM1
SIM2
SIM3
SIM4
1
21
22
SIM5
SIM1
SIM2
SIM3
SIM4
1
21
22
SIM5
SIM1
SIM2
SIM3
SIM4
1
21
22
SIM5
SIM1
SIM2
SIM3
SIM4
1
21
22
SIM5
SIM1
SIM2
SIM3
SIM4
1
21
22
SIM5
SIM1
SIM2
SIM3
SIM4
1
21
22
SIM5
SIM1
SIM2
SIM3
SIM4
1
21
22
SIM5
SIM1
SIM2
SIM3
SIM4
1
21
22
SIM5
SIM1
SIM2
SIM3
SIM4
1
21
22
SIM5
SIM1
SIM2
SIM3
SIM4
1
21
22
SIM5
SIM1
SIM2
SIM3
SIM4
1
21
22
SIM5
SIM1
SIM2
SIM3
SIM4
1
21
22
SIM5
SIM1
SIM2
SIM3
SIM4
1
21
22
SIM5
SIM1
SIM2
SIM3
SIM4
1
21
22
SIM5
SIM1
SIM2
SIM3
SIM4
1
21
22
SIM5
SIM1
SIM2
SIM3
SIM4
1
21
22
SIM5
SIM1
SIM2
SIM3
SIM4
1
21
22
SIM5
SIM1
SIM2
SIM3
SIM4
1
21
22
SIM5
SIM1
SIM2
SIM3
SIM4
1
21
22
SIM5
SIM1
SIM2
SIM3
SIM4
1
21
22
SIM5
SIM1
SIM2
SIM3
SIM4
1
21
22
SIM5
SIM1
SIM2
SIM3
SIM4
1
21
22
SIM5
SIM1
SIM2
SIM3
SIM4
1
21
22
SIM5
SIM1
SIM2
SIM3
SIM4
1
21
22
SIM5
SIM1
SIM2
DEBUG 1 90
SIM1
SIM2
SIM3
SIM4
1
21
22
SIM5
SIM1
SIM2
SIM3
SIM4
1
21
22
SIM5
SIM1
SIM2
SIM3
SIM4
1
21
22
SIM5
SIM1
SIM2
SIM3
SIM4
1
21
22
SIM5
SIM1
SIM2
SIM3
SIM4
1
21
22
SIM5
SIM1
SIM2
SIM3
SIM4
1
21
22
SIM5
SIM1
SIM2
SIM3
SIM4
1
21
22
SIM5
SIM1
SIM2
SIM3
SIM4
1
21
22
SIM5
SIM1
SIM2
SIM3
SIM4
1
21
22
SIM5
SIM1
SIM2
SIM3
SIM4
1
21
22
SIM5
SIM1
SIM2
SIM3
SIM4
1
21
22
SIM5
SIM1
SIM2
SIM3
SIM4
1
21
22
SIM5
SIM1
SIM2
SIM3
SIM4
1
21
22
SIM5
SIM1
SIM2
SIM3
SIM4
1
21
22
SIM5
SIM1
SIM2
SIM3
SIM4
1
21
22
SIM5
SIM1
SIM2
SIM3
SIM4
1
21
22
SIM5
SIM1
SIM2
SIM3
SIM4
1
21
22
SIM5
SIM1
SIM2
SIM3
SIM4
1
21
22
SIM5
SIM1
SIM2
SIM3
SIM4
1
21
22
SIM5
SIM1
SIM2
SIM3
SIM4
1
21
22
SIM5
SIM1
SIM2
SIM3
SIM4
1
21
22
SIM5
SIM1
SIM2
SIM3
SIM4
1
21
22
SIM5
SIM1
SIM2
SIM3
SIM4
1
21
22
SIM5
SIM1
SIM2
SIM3
SIM4
1
21
22
SIM5
SIM1
SIM2
SIM3
SIM4
1
21
22
SIM5
SIM1
SIM2
SIM3
SIM4
1
21
22
SIM5
SIM1
SIM2
SIM3
SIM4
1
21
22
SIM5
SIM1
SIM2
SIM3
SIM4
1
21
22
SIM5
SIM1
SIM2
SIM3
SIM4
1
21
22
SIM5
SIM1
SIM2
SIM3
SIM4
1
21
22
SIM5
SIM1
SIM2
SIM3
SIM4
1
21
22
SIM5
SIM1
SIM2
SIM3
SIM4
1
21
22
SIM5
SIM1
SIM2
SIM3
SIM4
1
21
22
SIM5
SIM1
SIM2
SIM3
SIM4
1
21
22
SIM5
SIM1
SIM2
SIM3
SIM4
1
21
22
SIM5
SIM1
SIM2
SIM3
SIM4
1
21
22
SIM5
SIM1
SIM2
SIM3
SIM4
1
21
22
SIM5
SIM1
SIM2
SIM3
SIM4
1
21
22
SIM5
SIM1
SIM2
SIM3
SIM4
1
21
22
SIM5
SIM1
SIM2
SIM3
SIM4
1
21
22
SIM5
SIM1
SIM2
SIM3
SIM4
1
21
22
SIM5
SIM1
SIM2
SIM3
SIM4
1
21
22
SIM5
SIM1
SIM2
SIM3
SIM4
1
21
22
SIM5
SIM1
SIM2
SIM3
SIM4
1
21
22
SIM5
SIM1
SIM2
SIM3
SIM4
1
21
22
SIM5
SIM1
SIM2
SIM3
SIM4
1
21
22
SIM5
SIM1
SIM2
SIM3
SIM4
1
21
22
SIM5
SIM1
SIM2
SIM3
SIM4
1
21
22
SIM5
SIM1
SIM2
SIM3
SIM4
1
21
22
SIM5
SIM1
SIM2
SIM3
SIM4
1
21
22
SIM5
SIM1
SIM2
SIM3
SIM4
1
21
22
SIM5
SIM1
SIM2
SIM3
SIM4
1
21
22
SIM5
SIM1
SIM2
SIM3
SIM4
1
21
22
SIM5
SIM1
SIM2
SIM3
SIM4
1
21
22
SIM5
SIM1
SIM2
SIM3
SIM4
1
21
22
SIM5
SIM1
SIM2
SIM3
SIM4
1
21
22
SIM5
SIM1
SIM2
SIM3
SIM4
1
21
22
SIM5
SIM1
SIM2
SIM3
SIM4
1
21
22
SIM5
SIM1
SIM2
SIM3
SIM4
1
21
22
SIM5
SIM1
SIM2
SIM3
SIM4
1
21
22
SIM5
SIM1
SIM2
SIM3
SIM4
1
21
22
SIM5
SIM1
SIM2
SIM3
SIM4
1
21
22
SIM5
SIM1
SIM2
SIM3
SIM4
1
21
22
SIM5
SIM1
SIM2
SIM3
SIM4
1
21
22
SIM5
SIM1
SIM2
SIM3
SIM4
1
21
22
SIM5
SIM1
SIM2
SIM3
SIM4
1
21
22
SIM5
SIM1
SIM2
SIM3
SIM4
1
21
22
SIM5
SIM1
SIM2
SIM3
SIM4
1
21
22
SIM5
SIM1
SIM2
SIM3
SIM4
1
21
22
SIM5
SIM1
SIM2
SIM3
SIM4
1
21
22
SIM5
SIM1
SIM2
SIM3
SIM4
1
21
22
SIM5
SIM1
SIM2
SIM3
SIM4
1
21
22
SIM5
SIM1
SIM2
SIM3
SIM4
1
21
22
SIM5
SIM1
SIM2
SIM3
SIM4
1
21
22
SIM5
SIM1
SIM2
SIM3
SIM4
1
21
22
SIM5
SIM1
SIM2
SIM3
SIM4
1
21
22
SIM5
SIM1
SIM2
SIM3
SIM4
1
21
22
SIM5
SIM1
SIM2
SIM3
SIM4
1
21
22
SIM5
SIM1
SIM2
SIM3
SIM4
1
21
22
SIM5
SIM1
SIM2
SIM3
SIM4
1
21
22
SIM5
SIM1
SIM2
SIM3
SIM4
1
21
22
SIM5
SIM1
SIM2
SIM3
SIM4
1
21
22
SIM5
SIM1
SIM2
SIM3
SIM4
1
21
22
SIM5
SIM1
SIM2
SIM3
SIM4
1
21
22
SIM5
SIM1
SIM2
SIM3
SIM4
1
21
22
SIM5
SIM1
SIM2
SIM3
SIM4
1
21
22
SIM5
SIM1
SIM2
SIM3
SIM4
1
21
22
SIM5
SIM1
SIM2
SIM3
SIM4
1
21
22
SIM5
SIM1
SIM2
SIM3
SIM4
1
21
22
SIM5
SIM1
SIM2
SIM3
SIM4
1
21
22
SIM5
SIM1
SIM2
SIM3
SIM4
1
21
22
SIM5
SIM1
SIM2
SIM3
SIM4
1
21
22
SIM5
SIM1
SIM2
SIM3
SIM4
1
21
22
SIM5
SIM1
SIM2
SIM3
SIM4
1
21
22
SIM5
SIM1
SIM2
SIM3
SIM4
1
21
22
SIM5
SIM1
SIM2
SIM3
SIM4
1
21
22
SIM5
SIM1
SIM2
SIM3
SIM4
1
21
22
SIM5
SIM1
SIM2
SIM3
SIM4
1
21
22
SIM5
SIM1
SIM2
SIM3
SIM4
1
21
22
SIM5
SIM1
SIM2
SIM3
SIM4
1
21
22
SIM5
SIM1
SIM2
SIM3
SIM4
1
21
22
SIM5
SIM1
SIM2
SIM3
SIM4
1
21
22
SIM5
SIM1
SIM2
SIM3
SIM4
1
21
22
SIM5
SIM1
SIM2
SIM3
SIM4
1
21
22
SIM5
SIM1
SIM2
SIM3
SIM4
1
21
22
SIM5
SIM1
SIM2
SIM3
SIM4
1
21
22
SIM5
SIM1
SIM2
SIM3
SIM4
1
21
22
SIM5
SIM1
SIM2
SIM3
SIM4
1
21
22
SIM5
SIM1
SIM2
SIM3
SIM4
1
21
22
SIM5
SIM1
SIM2
SIM3
SIM4
1
21
22
SIM5
SIM1
SIM2
SIM3
SIM4
1
21
22
SIM5
SIM1
SIM2
SIM3
SIM4
1
21
22
SIM5
SIM1
SIM2
SIM3
SIM4
1
21
22
SIM5
SIM1
SIM2
SIM3
SIM4
1
21
22
SIM5
SIM1
SIM2
SIM3
SIM4
1
21
22
SIM5
SIM1
SIM2
SIM3
SIM4
1
21
22
SIM5
SIM1
SIM2
SIM3
SIM4
1
21
22
SIM5
SIM1
SIM2
SIM3
SIM4
1
21
22
SIM5
SIM1
SIM2
SIM3
SIM4
1
21
22
SIM5
SIM1
SIM2
SIM3
SIM4
1
21
22
SIM5
SIM1
SIM2
SIM3
SIM4
1
21
22
SIM5
SIM1
SIM2
SIM3
SIM4
1
21
22
SIM5
SIM1
SIM2
SIM3
SIM4
1
21
22
SIM5
SIM1
SIM2
SIM3
SIM4
1
21
22
SIM5
SIM1
SIM2
SIM3
SIM4
1
21
22
SIM5
SIM1
SIM2
SIM3
SIM4
1
21
22
SIM5
SIM1
SIM2
SIM3
SIM4
1
21
22
SIM5
SIM1
SIM2
SIM3
SIM4
1
21
22
SIM5
SIM1
SIM2
SIM3
SIM4
1
21
22
SIM5
SIM1
SIM2
SIM3
SIM4
1
21
22
SIM5
SIM1
SIM2
SIM3
SIM4
1
21
22
SIM5
SIM1
SIM2
SIM3
SIM4
1
21
22
SIM5
SIM1
SIM2
SIM3
SIM4
1
21
22
SIM5
SIM1
SIM2
SIM3
SIM4
1
21
22
SIM5
SIM1
SIM2
SIM3
SIM4
1
21
22
SIM5
SIM1
SIM2
SIM3
SIM4
1
21
22
SIM5
SIM1
SIM2
SIM3
SIM4
1
21
22
SIM5
SIM1
SIM2
SIM3
SIM4
1
21
22
SIM5
SIM1
SIM2
SIM3
SIM4
1
21
22
SIM5
SIM1
SIM2
SIM3
SIM4
1
21
22
SIM5
SIM1
SIM2
SIM3
SIM4
1
21
22
SIM5
SIM1
SIM2
SIM3
SIM4
1
21
22
SIM5
SIM1
SIM2
SIM3
SIM4
1
21
22
SIM5
SIM1
SIM2
SIM3
SIM4
1
21
22
SIM5
SIM1
SIM2
SIM3
SIM4
1
21
22
SIM5
SIM1
SIM2
SIM3
SIM4
1
21
22
SIM5
SIM1
SIM2
SIM3
SIM4
1
21
22
SIM5
SIM1
SIM2
SIM3
SIM4
1
21
22
SIM5
SIM1
SIM2
SIM3
SIM4
1
21
22
SIM5
SIM1
SIM2
SIM3
SIM4
1
21
22
SIM5
SIM1
SIM2
SIM3
SIM4
1
21
22
SIM5
SIM1
SIM2
SIM3
SIM4
1
21
22
SIM5
SIM1
SIM2
SIM3
SIM4
1
21
22
SIM5
SIM1
SIM2
SIM3
SIM4
1
21
22
SIM5
SIM1
SIM2
SIM3
SIM4
1
21
22
SIM5
SIM1
SIM2
SIM3
SIM4
1
21
22
SIM5
SIM1
SIM2
SIM3
SIM4
1
21
22
SIM5
SIM1
SIM2
SIM3
SIM4
1
21
22
SIM5
SIM1
SIM2
SIM3
SIM4
1
21
22
SIM5
SIM1
SIM2
SIM3
SIM4
1
21
22
SIM5
SIM1
SIM2
SIM3
SIM4
1
21
22
SIM5
SIM1
SIM2
SIM3
SIM4
1
21
22
SIM5
SIM1
SIM2
SIM3
SIM4
1
21
22
SIM5
SIM1
SIM2
SIM3
SIM4
1
21
22
SIM5
SIM1
SIM2
SIM3
SIM4
1
21
22
SIM5
SIM1
SIM2
SIM3
SIM4
1
21
22
SIM5
SIM1
SIM2
SIM3
SIM4
1
21
22
SIM5
SIM1
SIM2
SIM3
SIM4
1
21
22
SIM5
SIM1
SIM2
SIM3
SIM4
1
21
22
SIM5
SIM1
SIM2
SIM3
SIM4
1
21
22
SIM5
SIM1
SIM2
SIM3
SIM4
1
21
22
SIM5
SIM1
SIM2
SIM3
SIM4
1
21
22
SIM5
SIM1
SIM2
SIM3
SIM4
1
21
22
SIM5
SIM1
SIM2
SIM3
SIM4
1
21
22
SIM5
SIM1
SIM2
SIM3
SIM4
1
21
22
SIM5
SIM1
SIM2
SIM3
SIM4
1
21
22
SIM5
SIM1
SIM2
SIM3
SIM4
1
21
22
SIM5
SIM1
SIM2
SIM3
SIM4
1
21
22
SIM5
SIM1
SIM2
SIM3
SIM4
1
21
22
SIM5
SIM1
SIM2
SIM3
SIM4
1
21
22
SIM5
SIM1
SIM2
SIM3
SIM4
1
21
22
SIM5
SIM1
SIM2
SIM3
SIM4
1
21
22
SIM5
SIM1
SIM2
SIM3
SIM4
1
21
22
SIM5
SIM1
SIM2
SIM3
SIM4
1
21
22
SIM5
SIM1
SIM2
SIM3
SIM4
1
21
22
SIM5
SIM1
SIM2
SIM3
SIM4
1
21
22
SIM5
SIM1
SIM2
SIM3
SIM4
1
21
22
SIM5
SIM1
SIM2
SIM3
SIM4
1
21
22
SIM5
SIM1
SIM2
DEBUG 1 91
SIM1
SIM2
SIM3
SIM4
1
21
22
SIM5
SIM1
SIM2
SIM3
SIM4
1
21
22
SIM5
SIM1
SIM2
SIM3
SIM4
1
21
22
SIM5
SIM1
SIM2
SIM3
SIM4
1
21
22
SIM5
SIM1
SIM2
SIM3
SIM4
1
21
22
SIM5
SIM1
SIM2
SIM3
SIM4
1
21
22
SIM5
SIM1
SIM2
SIM3
SIM4
1
21
22
SIM5
SIM1
SIM2
SIM3
SIM4
1
21
22
SIM5
SIM1
SIM2
SIM3
SIM4
1
21
22
SIM5
SIM1
SIM2
SIM3
SIM4
1
21
22
SIM5
SIM1
SIM2
SIM3
SIM4
1
21
22
SIM5
SIM1
SIM2
SIM3
SIM4
1
21
22
SIM5
SIM1
SIM2
SIM3
SIM4
1
21
22
SIM5
SIM1
SIM2
SIM3
SIM4
1
21
22
SIM5
SIM1
SIM2
SIM3
SIM4
1
21
22
SIM5
SIM1
SIM2
SIM3
SIM4
1
21
22
SIM5
SIM1
SIM2
SIM3
SIM4
1
21
22
SIM5
SIM1
SIM2
SIM3
SIM4
1
21
22
SIM5
SIM1
SIM2
SIM3
SIM4
1
21
22
SIM5
SIM1
SIM2
SIM3
SIM4
1
21
22
SIM5
SIM1
SIM2
SIM3
SIM4
1
21
22
SIM5
SIM1
SIM2
SIM3
SIM4
1
21
22
SIM5
SIM1
SIM2
SIM3
SIM4
1
21
22
SIM5
SIM1
SIM2
SIM3
SIM4
1
21
22
SIM5
SIM1
SIM2
SIM3
SIM4
1
21
22
SIM5
SIM1
SIM2
SIM3
SIM4
1
21
22
SIM5
SIM1
SIM2
SIM3
SIM4
1
21
22
SIM5
SIM1
SIM2
SIM3
SIM4
1
21
22
SIM5
SIM1
SIM2
SIM3
SIM4
1
21
22
SIM5
SIM1
SIM2
SIM3
SIM4
1
21
22
SIM5
SIM1
SIM2
SIM3
SIM4
1
21
22
SIM5
SIM1
SIM2
SIM3
SIM4
1
21
22
SIM5
SIM1
SIM2
SIM3
SIM4
1
21
22
SIM5
SIM1
SIM2
SIM3
SIM4
1
21
22
SIM5
SIM1
SIM2
SIM3
SIM4
1
21
22
SIM5
SIM1
SIM2
SIM3
SIM4
1
21
22
SIM5
SIM1
SIM2
SIM3
SIM4
1
21
22
SIM5
SIM1
SIM2
SIM3
SIM4
1
21
22
SIM5
SIM1
SIM2
SIM3
SIM4
1
21
22
SIM5
SIM1
SIM2
SIM3
SIM4
1
21
22
SIM5
SIM1
SIM2
SIM3
SIM4
1
21
22
SIM5
SIM1
SIM2
SIM3
SIM4
1
21
22
SIM5
SIM1
SIM2
SIM3
SIM4
1
21
22
SIM5
SIM1
SIM2
SIM3
SIM4
1
21
22
SIM5
SIM1
SIM2
SIM3
SIM4
1
21
22
SIM5
SIM1
SIM2
SIM3
SIM4
1
21
22
SIM5
SIM1
SIM2
SIM3
SIM4
1
21
22
SIM5
SIM1
SIM2
SIM3
SIM4
1
21
22
SIM5
SIM1
SIM2
SIM3
SIM4
1
21
22
SIM5
SIM1
SIM2
SIM3
SIM4
1
21
22
SIM5
SIM1
SIM2
SIM3
SIM4
1
21
22
SIM5
SIM1
SIM2
SIM3
SIM4
1
21
22
SIM5
SIM1
SIM2
SIM3
SIM4
1
21
22
SIM5
SIM1
SIM2
SIM3
SIM4
1
21
22
SIM5
SIM1
SIM2
SIM3
SIM4
1
21
22
SIM5
SIM1
SIM2
SIM3
SIM4
1
21
22
SIM5
SIM1
SIM2
SIM3
SIM4
1
21
22
SIM5
SIM1
SIM2
SIM3
SIM4
1
21
22
SIM5
SIM1
SIM2
SIM3
SIM4
1
21
22
SIM5
SIM1
SIM2
SIM3
SIM4
1
21
22
SIM5
SIM1
SIM2
SIM3
SIM4
1
21
22
SIM5
SIM1
SIM2
SIM3
SIM4
1
21
22
SIM5
SIM1
SIM2
SIM3
SIM4
1
21
22
SIM5
SIM1
SIM2
SIM3
SIM4
1
21
22
SIM5
SIM1
SIM2
SIM3
SIM4
1
21
22
SIM5
SIM1
SIM2
SIM3
SIM4
1
21
22
SIM5
SIM1
SIM2
SIM3
SIM4
1
21
22
SIM5
SIM1
SIM2
SIM3
SIM4
1
21
22
SIM5
SIM1
SIM2
SIM3
SIM4
1
21
22
SIM5
SIM1
SIM2
SIM3
SIM4
1
21
22
SIM5
SIM1
SIM2
SIM3
SIM4
1
21
22
SIM5
SIM1
SIM2
SIM3
SIM4
1
21
22
SIM5
SIM1
SIM2
SIM3
SIM4
1
21
22
SIM5
SIM1
SIM2
SIM3
SIM4
1
21
22
SIM5
SIM1
SIM2
SIM3
SIM4
1
21
22
SIM5
SIM1
SIM2
SIM3
SIM4
1
21
22
SIM5
SIM1
SIM2
SIM3
SIM4
1
21
22
SIM5
SIM1
SIM2
SIM3
SIM4
1
21
22
SIM5
SIM1
SIM2
SIM3
SIM4
1
21
22
SIM5
SIM1
SIM2
SIM3
SIM4
1
21
22
SIM5
SIM1
SIM2
SIM3
SIM4
1
21
22
SIM5
SIM1
SIM2
SIM3
SIM4
1
21
22
SIM5
SIM1
SIM2
SIM3
SIM4
1
21
22
SIM5
SIM1
SIM2
SIM3
SIM4
1
21
22
SIM5
SIM1
SIM2
SIM3
SIM4
1
21
22
SIM5
SIM1
SIM2
SIM3
SIM4
1
21
22
SIM5
SIM1
SIM2
SIM3
SIM4
1
21
22
SIM5
SIM1
SIM2
SIM3
SIM4
1
21
22
SIM5
SIM1
SIM2
SIM3
SIM4
1
21
22
SIM5
SIM1
SIM2
SIM3
SIM4
1
21
22
SIM5
SIM1
SIM2
SIM3
SIM4
1
21
22
SIM5
SIM1
SIM2
SIM3
SIM4
1
21
22
SIM5
SIM1
SIM2
SIM3
SIM4
1
21
22
SIM5
SIM1
SIM2
SIM3
SIM4
1
21
22
SIM5
SIM1
SIM2
SIM3
SIM4
1
21
22
SIM5
SIM1
SIM2
SIM3
SIM4
1
21
22
SIM5
SIM1
SIM2
SIM3
SIM4
1
21
22
SIM5
SIM1
SIM2
SIM3
SIM4
1
21
22
SIM5
SIM1
SIM2
SIM3
SIM4
1
21
22
SIM5
SIM1
SIM2
SIM3
SIM4
1
21
22
SIM5
SIM1
SIM2
SIM3
SIM4
1
21
22
SIM5
SIM1
SIM2
SIM3
SIM4
1
21
22
SIM5
SIM1
SIM2
SIM3
SIM4
1
21
22
SIM5
SIM1
SIM2
SIM3
SIM4
1
21
22
SIM5
SIM1
SIM2
SIM3
SIM4
1
21
22
SIM5
SIM1
SIM2
SIM3
SIM4
1
21
22
SIM5
SIM1
SIM2
SIM3
SIM4
1
21
22
SIM5
SIM1
SIM2
SIM3
SIM4
1
21
22
SIM5
SIM1
SIM2
SIM3
SIM4
1
21
22
SIM5
SIM1
SIM2
SIM3
SIM4
1
21
22
SIM5
SIM1
SIM2
SIM3
SIM4
1
21
22
SIM5
SIM1
SIM2
SIM3
SIM4
1
21
22
SIM5
SIM1
SIM2
SIM3
SIM4
1
21
22
SIM5
SIM1
SIM2
SIM3
SIM4
1
21
22
SIM5
SIM1
SIM2
SIM3
SIM4
1
21
22
SIM5
SIM1
SIM2
SIM3
SIM4
1
21
22
SIM5
SIM1
SIM2
SIM3
SIM4
1
21
22
SIM5
SIM1
SIM2
SIM3
SIM4
1
21
22
SIM5
SIM1
SIM2
SIM3
SIM4
1
21
22
SIM5
SIM1
SIM2
SIM3
SIM4
1
21
22
SIM5
SIM1
SIM2
SIM3
SIM4
1
21
22
SIM5
SIM1
SIM2
SIM3
SIM4
1
21
22
SIM5
SIM1
SIM2
SIM3
SIM4
1
21
22
SIM5
SIM1
SIM2
SIM3
SIM4
1
21
22
SIM5
SIM1
SIM2
SIM3
SIM4
1
21
22
SIM5
SIM1
SIM2
SIM3
SIM4
1
21
22
SIM5
SIM1
SIM2
SIM3
SIM4
1
21
22
SIM5
SIM1
SIM2
SIM3
SIM4
1
21
22
SIM5
SIM1
SIM2
SIM3
SIM4
1
21
22
SIM5
SIM1
SIM2
SIM3
SIM4
1
21
22
SIM5
SIM1
SIM2
SIM3
SIM4
1
21
22
SIM5
SIM1
SIM2
SIM3
SIM4
1
21
22
SIM5
SIM1
SIM2
SIM3
SIM4
1
21
22
SIM5
SIM1
SIM2
SIM3
SIM4
1
21
22
SIM5
SIM1
SIM2
SIM3
SIM4
1
21
22
SIM5
SIM1
SIM2
SIM3
SIM4
1
21
22
SIM5
SIM1
SIM2
SIM3
SIM4
1
21
22
SIM5
SIM1
SIM2
SIM3
SIM4
1
21
22
SIM5
SIM1
SIM2
SIM3
SIM4
1
21
22
SIM5
SIM1
SIM2
SIM3
SIM4
1
21
22
SIM5
SIM1
SIM2
DEBUG 1 92
SIM1
SIM2
SIM3
SIM4
1
21
22
SIM5
SIM1
SIM2
SIM3
SIM4
1
21
22
SIM5
SIM1
SIM2
SIM3
SIM4
1
21
22
SIM5
SIM1
SIM2
SIM3
SIM4
1
21
22
SIM5
SIM1
SIM2
SIM3
SIM4
1
21
22
SIM5
SIM1
SIM2
SIM3
SIM4
1
21
22
SIM5
SIM1
SIM2
SIM3
SIM4
1
21
22
SIM5
SIM1
SIM2
SIM3
SIM4
1
21
22
SIM5
SIM1
SIM2
SIM3
SIM4
1
21
22
SIM5
SIM1
SIM2
SIM3
SIM4
1
21
22
SIM5
SIM1
SIM2
SIM3
SIM4
1
21
22
SIM5
SIM1
SIM2
SIM3
SIM4
1
21
22
SIM5
SIM1
SIM2
SIM3
SIM4
1
21
22
SIM5
SIM1
SIM2
SIM3
SIM4
1
21
22
SIM5
SIM1
SIM2
SIM3
SIM4
1
21
22
SIM5
SIM1
SIM2
SIM3
SIM4
1
21
22
SIM5
SIM1
SIM2
SIM3
SIM4
1
21
22
SIM5
SIM1
SIM2
SIM3
SIM4
1
21
22
SIM5
SIM1
SIM2
SIM3
SIM4
1
21
22
SIM5
SIM1
SIM2
SIM3
SIM4
1
21
22
SIM5
SIM1
SIM2
SIM3
SIM4
1
21
22
SIM5
SIM1
SIM2
SIM3
SIM4
1
21
22
SIM5
SIM1
SIM2
SIM3
SIM4
1
21
22
SIM5
SIM1
SIM2
SIM3
SIM4
1
21
22
SIM5
SIM1
SIM2
SIM3
SIM4
1
21
22
SIM5
SIM1
SIM2
SIM3
SIM4
1
21
22
SIM5
SIM1
SIM2
SIM3
SIM4
1
21
22
SIM5
SIM1
SIM2
SIM3
SIM4
1
21
22
SIM5
SIM1
SIM2
SIM3
SIM4
1
21
22
SIM5
SIM1
SIM2
SIM3
SIM4
1
21
22
SIM5
SIM1
SIM2
SIM3
SIM4
1
21
22
SIM5
SIM1
SIM2
SIM3
SIM4
1
21
22
SIM5
SIM1
SIM2
SIM3
SIM4
1
21
22
SIM5
SIM1
SIM2
SIM3
SIM4
1
21
22
SIM5
SIM1
SIM2
SIM3
SIM4
1
21
22
SIM5
SIM1
SIM2
SIM3
SIM4
1
21
22
SIM5
SIM1
SIM2
SIM3
SIM4
1
21
22
SIM5
SIM1
SIM2
SIM3
SIM4
1
21
22
SIM5
SIM1
SIM2
SIM3
SIM4
1
21
22
SIM5
SIM1
SIM2
SIM3
SIM4
1
21
22
SIM5
SIM1
SIM2
SIM3
SIM4
1
21
22
SIM5
SIM1
SIM2
SIM3
SIM4
1
21
22
SIM5
SIM1
SIM2
SIM3
SIM4
1
21
22
SIM5
SIM1
SIM2
SIM3
SIM4
1
21
22
SIM5
SIM1
SIM2
SIM3
SIM4
1
21
22
SIM5
SIM1
SIM2
SIM3
SIM4
1
21
22
SIM5
SIM1
SIM2
SIM3
SIM4
1
21
22
SIM5
SIM1
SIM2
SIM3
SIM4
1
21
22
SIM5
SIM1
SIM2
SIM3
SIM4
1
21
22
SIM5
SIM1
SIM2
SIM3
SIM4
1
21
22
SIM5
SIM1
SIM2
SIM3
SIM4
1
21
22
SIM5
SIM1
SIM2
SIM3
SIM4
1
21
22
SIM5
SIM1
SIM2
SIM3
SIM4
1
21
22
SIM5
SIM1
SIM2
SIM3
SIM4
1
21
22
SIM5
SIM1
SIM2
SIM3
SIM4
1
21
22
SIM5
SIM1
SIM2
SIM3
SIM4
1
21
22
SIM5
SIM1
SIM2
SIM3
SIM4
1
21
22
SIM5
SIM1
SIM2
SIM3
SIM4
1
21
22
SIM5
SIM1
SIM2
SIM3
SIM4
1
21
22
SIM5
SIM1
SIM2
SIM3
SIM4
1
21
22
SIM5
SIM1
SIM2
SIM3
SIM4
1
21
22
SIM5
SIM1
SIM2
SIM3
SIM4
1
21
22
SIM5
SIM1
SIM2
SIM3
SIM4
1
21
22
SIM5
SIM1
SIM2
SIM3
SIM4
1
21
22
SIM5
SIM1
SIM2
SIM3
SIM4
1
21
22
SIM5
SIM1
SIM2
SIM3
SIM4
1
21
22
SIM5
SIM1
SIM2
SIM3
SIM4
1
21
22
SIM5
SIM1
SIM2
SIM3
SIM4
1
21
22
SIM5
SIM1
SIM2
SIM3
SIM4
1
21
22
SIM5
SIM1
SIM2
SIM3
SIM4
1
21
22
SIM5
SIM1
SIM2
SIM3
SIM4
1
21
22
SIM5
SIM1
SIM2
SIM3
SIM4
1
21
22
SIM5
SIM1
SIM2
SIM3
SIM4
1
21
22
SIM5
SIM1
SIM2
SIM3
SIM4
1
21
22
SIM5
SIM1
SIM2
SIM3
SIM4
1
21
22
SIM5
SIM1
SIM2
SIM3
SIM4
1
21
22
SIM5
SIM1
SIM2
SIM3
SIM4
1
21
22
SIM5
SIM1
SIM2
SIM3
SIM4
1
21
22
SIM5
SIM1
SIM2
SIM3
SIM4
1
21
22
SIM5
SIM1
SIM2
SIM3
SIM4
1
21
22
SIM5
SIM1
SIM2
SIM3
SIM4
1
21
22
SIM5
SIM1
SIM2
SIM3
SIM4
1
21
22
SIM5
SIM1
SIM2
SIM3
SIM4
1
21
22
SIM5
SIM1
SIM2
SIM3
SIM4
1
21
22
SIM5
SIM1
SIM2
SIM3
SIM4
1
21
22
SIM5
SIM1
SIM2
SIM3
SIM4
1
21
22
SIM5
SIM1
SIM2
SIM3
SIM4
1
21
22
SIM5
SIM1
SIM2
SIM3
SIM4
1
21
22
SIM5
SIM1
SIM2
SIM3
SIM4
1
21
22
SIM5
SIM1
SIM2
SIM3
SIM4
1
21
22
SIM5
SIM1
SIM2
SIM3
SIM4
1
21
22
SIM5
SIM1
SIM2
SIM3
SIM4
1
21
22
SIM5
SIM1
SIM2
SIM3
SIM4
1
21
22
SIM5
SIM1
SIM2
SIM3
SIM4
1
21
22
SIM5
SIM1
SIM2
SIM3
SIM4
1
21
22
SIM5
SIM1
SIM2
SIM3
SIM4
1
21
22
SIM5
SIM1
SIM2
SIM3
SIM4
1
21
22
SIM5
SIM1
SIM2
SIM3
SIM4
1
21
22
SIM5
SIM1
SIM2
SIM3
SIM4
1
21
22
SIM5
SIM1
SIM2
SIM3
SIM4
1
21
22
SIM5
SIM1
SIM2
SIM3
SIM4
1
21
22
SIM5
SIM1
SIM2
SIM3
SIM4
1
21
22
SIM5
SIM1
SIM2
SIM3
SIM4
1
21
22
SIM5
SIM1
SIM2
DEBUG 1 93
SIM1
SIM2
SIM3
SIM4
1
21
22
SIM5
SIM1
SIM2
SIM3
SIM4
1
21
22
SIM5
SIM1
SIM2
SIM3
SIM4
1
21
22
SIM5
SIM1
SIM2
SIM3
SIM4
1
21
22
SIM5
SIM1
SIM2
SIM3
SIM4
1
21
22
SIM5
SIM1
SIM2
SIM3
SIM4
1
21
22
SIM5
SIM1
SIM2
SIM3
SIM4
1
21
22
SIM5
SIM1
SIM2
SIM3
SIM4
1
21
22
SIM5
SIM1
SIM2
SIM3
SIM4
1
21
22
SIM5
SIM1
SIM2
SIM3
SIM4
1
21
22
SIM5
SIM1
SIM2
SIM3
SIM4
1
21
22
SIM5
SIM1
SIM2
SIM3
SIM4
1
21
22
SIM5
SIM1
SIM2
SIM3
SIM4
1
21
22
SIM5
SIM1
SIM2
SIM3
SIM4
1
21
22
SIM5
SIM1
SIM2
SIM3
SIM4
1
21
22
SIM5
SIM1
SIM2
SIM3
SIM4
1
21
22
SIM5
SIM1
SIM2
SIM3
SIM4
1
21
22
SIM5
SIM1
SIM2
SIM3
SIM4
1
21
22
SIM5
SIM1
SIM2
SIM3
SIM4
1
21
22
SIM5
SIM1
SIM2
SIM3
SIM4
1
21
22
SIM5
SIM1
SIM2
SIM3
SIM4
1
21
22
SIM5
SIM1
SIM2
SIM3
SIM4
1
21
22
SIM5
SIM1
SIM2
SIM3
SIM4
1
21
22
SIM5
SIM1
SIM2
SIM3
SIM4
1
21
22
SIM5
SIM1
SIM2
SIM3
SIM4
1
21
22
SIM5
SIM1
SIM2
SIM3
SIM4
1
21
22
SIM5
SIM1
SIM2
SIM3
SIM4
1
21
22
SIM5
SIM1
SIM2
SIM3
SIM4
1
21
22
SIM5
SIM1
SIM2
SIM3
SIM4
1
21
22
SIM5
SIM1
SIM2
SIM3
SIM4
1
21
22
SIM5
SIM1
SIM2
SIM3
SIM4
1
21
22
SIM5
SIM1
SIM2
SIM3
SIM4
1
21
22
SIM5
SIM1
SIM2
SIM3
SIM4
1
21
22
SIM5
SIM1
SIM2
SIM3
SIM4
1
21
22
SIM5
SIM1
SIM2
SIM3
SIM4
1
21
22
SIM5
SIM1
SIM2
SIM3
SIM4
1
21
22
SIM5
SIM1
SIM2
SIM3
SIM4
1
21
22
SIM5
SIM1
SIM2
SIM3
SIM4
1
21
22
SIM5
SIM1
SIM2
SIM3
SIM4
1
21
22
SIM5
SIM1
SIM2
SIM3
SIM4
1
21
22
SIM5
SIM1
SIM2
SIM3
SIM4
1
21
22
SIM5
SIM1
SIM2
SIM3
SIM4
1
21
22
SIM5
SIM1
SIM2
SIM3
SIM4
1
21
22
SIM5
SIM1
SIM2
SIM3
SIM4
1
21
22
SIM5
SIM1
SIM2
SIM3
SIM4
1
21
22
SIM5
SIM1
SIM2
SIM3
SIM4
1
21
22
SIM5
SIM1
SIM2
SIM3
SIM4
1
21
22
SIM5
SIM1
SIM2
SIM3
SIM4
1
21
22
SIM5
SIM1
SIM2
SIM3
SIM4
1
21
22
SIM5
SIM1
SIM2
SIM3
SIM4
1
21
22
SIM5
SIM1
SIM2
SIM3
SIM4
1
21
22
SIM5
SIM1
SIM2
SIM3
SIM4
1
21
22
SIM5
SIM1
SIM2
SIM3
SIM4
1
21
22
SIM5
SIM1
SIM2
SIM3
SIM4
1
21
22
SIM5
SIM1
SIM2
SIM3
SIM4
1
21
22
SIM5
SIM1
SIM2
SIM3
SIM4
1
21
22
SIM5
SIM1
SIM2
SIM3
SIM4
1
21
22
SIM5
SIM1
SIM2
SIM3
SIM4
1
21
22
SIM5
SIM1
SIM2
SIM3
SIM4
1
21
22
SIM5
SIM1
SIM2
SIM3
SIM4
1
21
22
SIM5
SIM1
SIM2
SIM3
SIM4
1
21
22
SIM5
SIM1
SIM2
SIM3
SIM4
1
21
22
SIM5
SIM1
SIM2
SIM3
SIM4
1
21
22
SIM5
SIM1
SIM2
SIM3
SIM4
1
21
22
SIM5
SIM1
SIM2
SIM3
SIM4
1
21
22
SIM5
SIM1
SIM2
SIM3
SIM4
1
21
22
SIM5
SIM1
SIM2
SIM3
SIM4
1
21
22
SIM5
SIM1
SIM2
SIM3
SIM4
1
21
22
SIM5
SIM1
SIM2
SIM3
SIM4
1
21
22
SIM5
SIM1
SIM2
SIM3
SIM4
1
21
22
SIM5
SIM1
SIM2
SIM3
SIM4
1
21
22
SIM5
SIM1
SIM2
SIM3
SIM4
1
21
22
SIM5
SIM1
SIM2
SIM3
SIM4
1
21
22
SIM5
SIM1
SIM2
SIM3
SIM4
1
21
22
SIM5
SIM1
SIM2
SIM3
SIM4
1
21
22
SIM5
SIM1
SIM2
SIM3
SIM4
1
21
22
SIM5
SIM1
SIM2
SIM3
SIM4
1
21
22
SIM5
SIM1
SIM2
SIM3
SIM4
1
21
22
SIM5
SIM1
SIM2
SIM3
SIM4
1
21
22
SIM5
SIM1
SIM2
SIM3
SIM4
1
21
22
SIM5
SIM1
SIM2
SIM3
SIM4
1
21
22
SIM5
SIM1
SIM2
SIM3
SIM4
1
21
22
SIM5
SIM1
SIM2
SIM3
SIM4
1
21
22
SIM5
SIM1
SIM2
SIM3
SIM4
1
21
22
SIM5
SIM1
SIM2
SIM3
SIM4
1
21
22
SIM5
SIM1
SIM2
SIM3
SIM4
1
21
22
SIM5
SIM1
SIM2
SIM3
SIM4
1
21
22
SIM5
SIM1
SIM2
SIM3
SIM4
1
21
22
SIM5
SIM1
SIM2
SIM3
SIM4
1
21
22
SIM5
SIM1
SIM2
SIM3
SIM4
1
21
22
SIM5
SIM1
SIM2
SIM3
SIM4
1
21
22
SIM5
SIM1
SIM2
SIM3
SIM4
1
21
22
SIM5
SIM1
SIM2
SIM3
SIM4
1
21
22
SIM5
SIM1
SIM2
SIM3
SIM4
1
21
22
SIM5
SIM1
SIM2
SIM3
SIM4
1
21
22
SIM5
SIM1
SIM2
SIM3
SIM4
1
21
22
SIM5
SIM1
SIM2
SIM3
SIM4
1
21
22
SIM5
SIM1
SIM2
SIM3
SIM4
1
21
22
SIM5
SIM1
SIM2
SIM3
SIM4
1
21
22
SIM5
SIM1
SIM2
SIM3
SIM4
1
21
22
SIM5
SIM1
SIM2
SIM3
SIM4
1
21
22
SIM5
SIM1
SIM2
SIM3
SIM4
1
21
22
SIM5
SIM1
SIM2
SIM3
SIM4
1
21
22
SIM5
SIM1
SIM2
SIM3
SIM4
1
21
22
SIM5
SIM1
SIM2
SIM3
SIM4
1
21
22
SIM5
SIM1
SIM2
SIM3
SIM4
1
21
22
SIM5
SIM1
SIM2
SIM3
SIM4
1
21
22
SIM5
SIM1
SIM2
SIM3
SIM4
1
21
22
SIM5
SIM1
SIM2
SIM3
SIM4
1
21
22
SIM5
SIM1
SIM2
SIM3
SIM4
1
21
22
SIM5
SIM1
SIM2
SIM3
SIM4
1
21
22
SIM5
SIM1
SIM2
SIM3
SIM4
1
21
22
SIM5
SIM1
SIM2
SIM3
SIM4
1
21
22
SIM5
SIM1
SIM2
SIM3
SIM4
1
21
22
SIM5
SIM1
SIM2
SIM3
SIM4
1
21
22
SIM5
SIM1
SIM2
SIM3
SIM4
1
21
22
SIM5
SIM1
SIM2
SIM3
SIM4
1
21
22
SIM5
SIM1
SIM2
SIM3
SIM4
1
21
22
SIM5
SIM1
SIM2
SIM3
SIM4
1
21
22
SIM5
SIM1
SIM2
SIM3
SIM4
1
21
22
SIM5
SIM1
SIM2
SIM3
SIM4
1
21
22
SIM5
SIM1
SIM2
SIM3
SIM4
1
21
22
SIM5
SIM1
SIM2
SIM3
SIM4
1
21
22
SIM5
SIM1
SIM2
SIM3
SIM4
1
21
22
SIM5
SIM1
SIM2
SIM3
SIM4
1
21
22
SIM5
SIM1
SIM2
SIM3
SIM4
1
21
22
SIM5
SIM1
SIM2
SIM3
SIM4
1
21
22
SIM5
SIM1
SIM2
SIM3
SIM4
1
21
22
SIM5
SIM1
SIM2
SIM3
SIM4
1
21
22
SIM5
SIM1
SIM2
SIM3
SIM4
1
21
22
SIM5
SIM1
SIM2
SIM3
SIM4
1
21
22
SIM5
SIM1
SIM2
SIM3
SIM4
1
21
22
SIM5
SIM1
SIM2
SIM3
SIM4
1
21
22
SIM5
SIM1
SIM2
SIM3
SIM4
1
21
22
SIM5
SIM1
SIM2
SIM3
SIM4
1
21
22
SIM5
SIM1
SIM2
SIM3
SIM4
1
21
22
SIM5
SIM1
SIM2
SIM3
SIM4
1
21
22
SIM5
SIM1
SIM2
SIM3
SIM4
1
21
22
SIM5
SIM1
SIM2
SIM3
SIM4
1
21
22
SIM5
SIM1
SIM2
SIM3
SIM4
1
21
22
SIM5
SIM1
SIM2
SIM3
SIM4
1
21
22
SIM5
SIM1
SIM2
SIM3
SIM4
1
21
22
SIM5
SIM1
SIM2
SIM3
SIM4
1
21
22
SIM5
SIM1
SIM2
SIM3
SIM4
1
21
22
SIM5
SIM1
SIM2
SIM3
SIM4
1
21
22
SIM5
SIM1
SIM2
SIM3
SIM4
1
21
22
SIM5
SIM1
SIM2
SIM3
SIM4
1
21
22
SIM5
SIM1
SIM2
SIM3
SIM4
1
21
22
SIM5
SIM1
SIM2
SIM3
SIM4
1
21
22
SIM5
SIM1
SIM2
SIM3
SIM4
1
21
22
SIM5
SIM1
SIM2
SIM3
SIM4
1
21
22
SIM5
SIM1
SIM2
SIM3
SIM4
1
21
22
SIM5
SIM1
SIM2
SIM3
SIM4
1
21
22
SIM5
SIM1
SIM2
SIM3
SIM4
1
21
22
SIM5
SIM1
SIM2
SIM3
SIM4
1
21
22
SIM5
SIM1
SIM2
SIM3
SIM4
1
21
22
SIM5
SIM1
SIM2
SIM3
SIM4
1
21
22
SIM5
SIM1
SIM2
SIM3
SIM4
1
21
22
SIM5
SIM1
SIM2
SIM3
SIM4
1
21
22
SIM5
SIM1
SIM2
SIM3
SIM4
1
21
22
SIM5
SIM1
SIM2
SIM3
SIM4
1
21
22
SIM5
SIM1
SIM2
SIM3
SIM4
1
21
22
SIM5
SIM1
SIM2
SIM3
SIM4
1
21
22
SIM5
SIM1
SIM2
SIM3
SIM4
1
21
22
SIM5
SIM1
SIM2
SIM3
SIM4
1
21
22
SIM5
SIM1
SIM2
SIM3
SIM4
1
21
22
SIM5
SIM1
SIM2
SIM3
SIM4
1
21
22
SIM5
SIM1
SIM2
SIM3
SIM4
1
21
22
SIM5
SIM1
SIM2
SIM3
SIM4
1
21
22
SIM5
SIM1
SIM2
SIM3
SIM4
1
21
22
SIM5
SIM1
SIM2
SIM3
SIM4
1
21
22
SIM5
SIM1
SIM2
SIM3
SIM4
1
21
22
SIM5
SIM1
SIM2
SIM3
SIM4
1
21
22
SIM5
SIM1
SIM2
SIM3
SIM4
1
21
22
SIM5
SIM1
SIM2
SIM3
SIM4
1
21
22
SIM5
SIM1
SIM2
SIM3
SIM4
1
21
22
SIM5
SIM1
SIM2
SIM3
SIM4
1
21
22
SIM5
SIM1
SIM2
SIM3
SIM4
1
21
22
SIM5
SIM1
SIM2
SIM3
SIM4
1
21
22
SIM5
SIM1
SIM2
SIM3
SIM4
1
21
22
SIM5
SIM1
SIM2
SIM3
SIM4
1
21
22
SIM5
SIM1
SIM2
SIM3
SIM4
1
21
22
SIM5
SIM1
SIM2
SIM3
SIM4
1
21
22
SIM5
SIM1
SIM2
SIM3
SIM4
1
21
22
SIM5
SIM1
SIM2
SIM3
SIM4
1
21
22
SIM5
SIM1
SIM2
SIM3
SIM4
1
21
22
SIM5
SIM1
SIM2
SIM3
SIM4
1
21
22
SIM5
SIM1
SIM2
SIM3
SIM4
1
21
22
SIM5
SIM1
SIM2
SIM3
SIM4
1
21
22
SIM5
SIM1
SIM2
SIM3
SIM4
1
21
22
SIM5
SIM1
SIM2
SIM3
SIM4
1
21
22
SIM5
SIM1
SIM2
SIM3
SIM4
1
21
22
SIM5
SIM1
SIM2
SIM3
SIM4
1
21
22
SIM5
SIM1
SIM2
SIM3
SIM4
1
21
22
SIM5
SIM1
SIM2
SIM3
SIM4
1
21
22
SIM5
SIM1
SIM2
SIM3
SIM4
1
21
22
SIM5
SIM1
SIM2
SIM3
SIM4
1
21
22
SIM5
SIM1
SIM2
SIM3
SIM4
1
21
22
SIM5
SIM1
SIM2
SIM3
SIM4
1
21
22
SIM5
SIM1
SIM2
SIM3
SIM4
1
21
22
SIM5
SIM1
SIM2
SIM3
SIM4
1
21
22
SIM5
SIM1
SIM2
SIM3
SIM4
1
21
22
SIM5
SIM1
SIM2
SIM3
SIM4
1
21
22
SIM5
SIM1
SIM2
SIM3
SIM4
1
21
22
SIM5
SIM1
SIM2
SIM3
SIM4
1
21
22
SIM5
SIM1
SIM2
SIM3
SIM4
1
21
22
SIM5
SIM1
SIM2
SIM3
SIM4
1
21
22
SIM5
SIM1
SIM2
SIM3
SIM4
1
21
22
SIM5
SIM1
SIM2
SIM3
SIM4
1
21
22
SIM5
SIM1
SIM2
SIM3
SIM4
1
21
22
SIM5
SIM1
SIM2
SIM3
SIM4
1
21
22
SIM5
SIM1
SIM2
SIM3
SIM4
1
21
22
SIM5
SIM1
SIM2
SIM3
SIM4
1
21
22
SIM5
SIM1
SIM2
SIM3
SIM4
1
21
22
SIM5
SIM1
SIM2
SIM3
SIM4
1
21
22
SIM5
SIM1
SIM2
SIM3
SIM4
1
21
22
SIM5
SIM1
SIM2
SIM3
SIM4
1
21
22
SIM5
SIM1
SIM2
SIM3
SIM4
1
21
22
SIM5
SIM1
SIM2
SIM3
SIM4
1
21
22
SIM5
SIM1
SIM2
SIM3
SIM4
1
21
22
SIM5
SIM1
SIM2
SIM3
SIM4
1
21
22
SIM5
SIM1
SIM2
SIM3
SIM4
1
21
22
SIM5
SIM1
SIM2
SIM3
SIM4
1
21
22
SIM5
SIM1
SIM2
SIM3
SIM4
1
21
22
SIM5
SIM1
SIM2
SIM3
SIM4
1
21
22
SIM5
SIM1
SIM2
SIM3
SIM4
1
21
22
SIM5
SIM1
SIM2
SIM3
SIM4
1
21
22
SIM5
SIM1
SIM2
SIM3
SIM4
1
21
22
SIM5
SIM1
SIM2
SIM3
SIM4
1
21
22
SIM5
SIM1
SIM2
SIM3
SIM4
1
21
22
SIM5
SIM1
SIM2
SIM3
SIM4
1
21
22
SIM5
SIM1
SIM2
SIM3
SIM4
1
21
22
SIM5
SIM1
SIM2
SIM3
SIM4
1
21
22
SIM5
SIM1
SIM2
SIM3
SIM4
1
21
22
SIM5
SIM1
SIM2
SIM3
SIM4
1
21
22
SIM5
SIM1
SIM2
SIM3
SIM4
1
21
22
SIM5
SIM1
SIM2
SIM3
SIM4
1
21
22
SIM5
SIM1
SIM2
SIM3
SIM4
1
21
22
SIM5
SIM1
SIM2
SIM3
SIM4
1
21
22
SIM5
SIM1
SIM2
SIM3
SIM4
1
21
22
SIM5
SIM1
SIM2
SIM3
SIM4
1
21
22
SIM5
SIM1
SIM2
SIM3
SIM4
1
21
22
SIM5
SIM1
SIM2
SIM3
SIM4
1
21
22
SIM5
SIM1
SIM2
SIM3
SIM4
1
21
22
SIM5
SIM1
SIM2
SIM3
SIM4
1
21
22
SIM5
SIM1
SIM2
SIM3
SIM4
1
21
22
SIM5
SIM1
SIM2
SIM3
SIM4
1
21
22
SIM5
SIM1
SIM2
SIM3
SIM4
1
21
22
SIM5
SIM1
SIM2
SIM3
SIM4
1
21
22
SIM5
SIM1
SIM2
SIM3
SIM4
1
21
22
SIM5
SIM1
SIM2
SIM3
SIM4
1
21
22
SIM5
SIM1
SIM2
SIM3
SIM4
1
21
22
SIM5
SIM1
SIM2
SIM3
SIM4
1
21
22
SIM5
SIM1
SIM2
SIM3
SIM4
1
21
22
SIM5
SIM1
SIM2
SIM3
SIM4
1
21
22
SIM5
SIM1
SIM2
SIM3
SIM4
1
21
22
SIM5
SIM1
SIM2
SIM3
SIM4
1
21
22
SIM5
SIM1
SIM2
SIM3
SIM4
1
21
22
SIM5
SIM1
SIM2
SIM3
SIM4
1
21
22
SIM5
SIM1
SIM2
SIM3
SIM4
1
21
22
SIM5
SIM1
SIM2
SIM3
SIM4
1
21
22
SIM5
SIM1
SIM2
SIM3
SIM4
1
21
22
SIM5
SIM1
SIM2
SIM3
SIM4
1
21
22
SIM5
SIM1
SIM2
SIM3
SIM4
1
21
22
SIM5
SIM1
SIM2
SIM3
SIM4
1
21
22
SIM5
SIM1
SIM2
SIM3
SIM4
1
21
22
SIM5
SIM1
SIM2
SIM3
SIM4
1
21
22
SIM5
SIM1
SIM2
SIM3
SIM4
1
21
22
SIM5
SIM1
SIM2
SIM3
SIM4
1
21
22
SIM5
SIM1
SIM2
SIM3
SIM4
1
21
22
SIM5
SIM1
SIM2
SIM3
SIM4
1
21
22
SIM5
SIM1
SIM2
SIM3
SIM4
1
21
22
SIM5
SIM1
SIM2
SIM3
SIM4
1
21
22
SIM5
SIM1
SIM2
SIM3
SIM4
1
21
22
SIM5
SIM1
SIM2
SIM3
SIM4
1
21
22
SIM5
SIM1
SIM2
DEBUG 1 94
SIM1
SIM2
SIM3
SIM4
1
21
22
SIM5
SIM1
SIM2
SIM3
SIM4
1
21
22
SIM5
SIM1
SIM2
SIM3
SIM4
1
21
22
SIM5
SIM1
SIM2
SIM3
SIM4
1
21
22
SIM5
SIM1
SIM2
SIM3
SIM4
1
21
22
SIM5
SIM1
SIM2
SIM3
SIM4
1
21
22
SIM5
SIM1
SIM2
SIM3
SIM4
1
21
22
SIM5
SIM1
SIM2
SIM3
SIM4
1
21
22
SIM5
SIM1
SIM2
SIM3
SIM4
1
21
22
SIM5
SIM1
SIM2
SIM3
SIM4
1
21
22
SIM5
SIM1
SIM2
SIM3
SIM4
1
21
22
SIM5
SIM1
SIM2
SIM3
SIM4
1
21
22
SIM5
SIM1
SIM2
SIM3
SIM4
1
21
22
SIM5
SIM1
SIM2
SIM3
SIM4
1
21
22
SIM5
SIM1
SIM2
SIM3
SIM4
1
21
22
SIM5
SIM1
SIM2
SIM3
SIM4
1
21
22
SIM5
SIM1
SIM2
SIM3
SIM4
1
21
22
SIM5
SIM1
SIM2
SIM3
SIM4
1
21
22
SIM5
SIM1
SIM2
SIM3
SIM4
1
21
22
SIM5
SIM1
SIM2
SIM3
SIM4
1
21
22
SIM5
SIM1
SIM2
SIM3
SIM4
1
21
22
SIM5
SIM1
SIM2
SIM3
SIM4
1
21
22
SIM5
SIM1
SIM2
SIM3
SIM4
1
21
22
SIM5
SIM1
SIM2
SIM3
SIM4
1
21
22
SIM5
SIM1
SIM2
SIM3
SIM4
1
21
22
SIM5
SIM1
SIM2
SIM3
SIM4
1
21
22
SIM5
SIM1
SIM2
SIM3
SIM4
1
21
22
SIM5
SIM1
SIM2
SIM3
SIM4
1
21
22
SIM5
SIM1
SIM2
SIM3
SIM4
1
21
22
SIM5
SIM1
SIM2
SIM3
SIM4
1
21
22
SIM5
SIM1
SIM2
SIM3
SIM4
1
21
22
SIM5
SIM1
SIM2
SIM3
SIM4
1
21
22
SIM5
SIM1
SIM2
SIM3
SIM4
1
21
22
SIM5
SIM1
SIM2
SIM3
SIM4
1
21
22
SIM5
SIM1
SIM2
SIM3
SIM4
1
21
22
SIM5
SIM1
SIM2
SIM3
SIM4
1
21
22
SIM5
SIM1
SIM2
SIM3
SIM4
1
21
22
SIM5
SIM1
SIM2
SIM3
SIM4
1
21
22
SIM5
SIM1
SIM2
SIM3
SIM4
1
21
22
SIM5
SIM1
SIM2
SIM3
SIM4
1
21
22
SIM5
SIM1
SIM2
SIM3
SIM4
1
21
22
SIM5
SIM1
SIM2
SIM3
SIM4
1
21
22
SIM5
SIM1
SIM2
SIM3
SIM4
1
21
22
SIM5
SIM1
SIM2
SIM3
SIM4
1
21
22
SIM5
SIM1
SIM2
SIM3
SIM4
1
21
22
SIM5
SIM1
SIM2
SIM3
SIM4
1
21
22
SIM5
SIM1
SIM2
SIM3
SIM4
1
21
22
SIM5
SIM1
SIM2
SIM3
SIM4
1
21
22
SIM5
SIM1
SIM2
SIM3
SIM4
1
21
22
SIM5
SIM1
SIM2
SIM3
SIM4
1
21
22
SIM5
SIM1
SIM2
SIM3
SIM4
1
21
22
SIM5
SIM1
SIM2
SIM3
SIM4
1
21
22
SIM5
SIM1
SIM2
SIM3
SIM4
1
21
22
SIM5
SIM1
SIM2
SIM3
SIM4
1
21
22
SIM5
SIM1
SIM2
SIM3
SIM4
1
21
22
SIM5
SIM1
SIM2
SIM3
SIM4
1
21
22
SIM5
SIM1
SIM2
SIM3
SIM4
1
21
22
SIM5
SIM1
SIM2
SIM3
SIM4
1
21
22
SIM5
SIM1
SIM2
SIM3
SIM4
1
21
22
SIM5
SIM1
SIM2
SIM3
SIM4
1
21
22
SIM5
SIM1
SIM2
SIM3
SIM4
1
21
22
SIM5
SIM1
SIM2
SIM3
SIM4
1
21
22
SIM5
SIM1
SIM2
SIM3
SIM4
1
21
22
SIM5
SIM1
SIM2
SIM3
SIM4
1
21
22
SIM5
SIM1
SIM2
SIM3
SIM4
1
21
22
SIM5
SIM1
SIM2
SIM3
SIM4
1
21
22
SIM5
SIM1
SIM2
SIM3
SIM4
1
21
22
SIM5
SIM1
SIM2
SIM3
SIM4
1
21
22
SIM5
SIM1
SIM2
SIM3
SIM4
1
21
22
SIM5
SIM1
SIM2
SIM3
SIM4
1
21
22
SIM5
SIM1
SIM2
SIM3
SIM4
1
21
22
SIM5
SIM1
SIM2
SIM3
SIM4
1
21
22
SIM5
SIM1
SIM2
SIM3
SIM4
1
21
22
SIM5
SIM1
SIM2
SIM3
SIM4
1
21
22
SIM5
SIM1
SIM2
SIM3
SIM4
1
21
22
SIM5
SIM1
SIM2
SIM3
SIM4
1
21
22
SIM5
SIM1
SIM2
SIM3
SIM4
1
21
22
SIM5
SIM1
SIM2
SIM3
SIM4
1
21
22
SIM5
SIM1
SIM2
SIM3
SIM4
1
21
22
SIM5
SIM1
SIM2
SIM3
SIM4
1
21
22
SIM5
SIM1
SIM2
SIM3
SIM4
1
21
22
SIM5
SIM1
SIM2
SIM3
SIM4
1
21
22
SIM5
SIM1
SIM2
SIM3
SIM4
1
21
22
SIM5
SIM1
SIM2
SIM3
SIM4
1
21
22
SIM5
SIM1
SIM2
SIM3
SIM4
1
21
22
SIM5
SIM1
SIM2
SIM3
SIM4
1
21
22
SIM5
SIM1
SIM2
SIM3
SIM4
1
21
22
SIM5
SIM1
SIM2
SIM3
SIM4
1
21
22
SIM5
SIM1
SIM2
SIM3
SIM4
1
21
22
SIM5
SIM1
SIM2
SIM3
SIM4
1
21
22
SIM5
SIM1
SIM2
SIM3
SIM4
1
21
22
SIM5
SIM1
SIM2
SIM3
SIM4
1
21
22
SIM5
SIM1
SIM2
SIM3
SIM4
1
21
22
SIM5
SIM1
SIM2
SIM3
SIM4
1
21
22
SIM5
SIM1
SIM2
SIM3
SIM4
1
21
22
SIM5
SIM1
SIM2
SIM3
SIM4
1
21
22
SIM5
SIM1
SIM2
SIM3
SIM4
1
21
22
SIM5
SIM1
SIM2
SIM3
SIM4
1
21
22
SIM5
SIM1
SIM2
SIM3
SIM4
1
21
22
SIM5
SIM1
SIM2
SIM3
SIM4
1
21
22
SIM5
SIM1
SIM2
SIM3
SIM4
1
21
22
SIM5
SIM1
SIM2
SIM3
SIM4
1
21
22
SIM5
SIM1
SIM2
SIM3
SIM4
1
21
22
SIM5
SIM1
SIM2
SIM3
SIM4
1
21
22
SIM5
SIM1
SIM2
SIM3
SIM4
1
21
22
SIM5
SIM1
SIM2
SIM3
SIM4
1
21
22
SIM5
SIM1
SIM2
SIM3
SIM4
1
21
22
SIM5
SIM1
SIM2
SIM3
SIM4
1
21
22
SIM5
SIM1
SIM2
SIM3
SIM4
1
21
22
SIM5
SIM1
SIM2
SIM3
SIM4
1
21
22
SIM5
SIM1
SIM2
SIM3
SIM4
1
21
22
SIM5
SIM1
SIM2
SIM3
SIM4
1
21
22
SIM5
SIM1
SIM2
SIM3
SIM4
1
21
22
SIM5
SIM1
SIM2
SIM3
SIM4
1
21
22
SIM5
SIM1
SIM2
SIM3
SIM4
1
21
22
SIM5
SIM1
SIM2
SIM3
SIM4
1
21
22
SIM5
SIM1
SIM2
SIM3
SIM4
1
21
22
SIM5
SIM1
SIM2
SIM3
SIM4
1
21
22
SIM5
SIM1
SIM2
SIM3
SIM4
1
21
22
SIM5
SIM1
SIM2
SIM3
SIM4
1
21
22
SIM5
SIM1
SIM2
SIM3
SIM4
1
21
22
SIM5
SIM1
SIM2
SIM3
SIM4
1
21
22
SIM5
SIM1
SIM2
SIM3
SIM4
1
21
22
SIM5
SIM1
SIM2
SIM3
SIM4
1
21
22
SIM5
SIM1
SIM2
SIM3
SIM4
1
21
22
SIM5
SIM1
SIM2
SIM3
SIM4
1
21
22
SIM5
SIM1
SIM2
SIM3
SIM4
1
21
22
SIM5
SIM1
SIM2
SIM3
SIM4
1
21
22
SIM5
SIM1
SIM2
DEBUG 1 95
SIM1
SIM2
SIM3
SIM4
1
21
22
SIM5
SIM1
SIM2
SIM3
SIM4
1
21
22
SIM5
SIM1
SIM2
SIM3
SIM4
1
21
22
SIM5
SIM1
SIM2
SIM3
SIM4
1
21
22
SIM5
SIM1
SIM2
SIM3
SIM4
1
21
22
SIM5
SIM1
SIM2
SIM3
SIM4
1
21
22
SIM5
SIM1
SIM2
SIM3
SIM4
1
21
22
SIM5
SIM1
SIM2
SIM3
SIM4
1
21
22
SIM5
SIM1
SIM2
SIM3
SIM4
1
21
22
SIM5
SIM1
SIM2
SIM3
SIM4
1
21
22
SIM5
SIM1
SIM2
SIM3
SIM4
1
21
22
SIM5
SIM1
SIM2
SIM3
SIM4
1
21
22
SIM5
SIM1
SIM2
SIM3
SIM4
1
21
22
SIM5
SIM1
SIM2
SIM3
SIM4
1
21
22
SIM5
SIM1
SIM2
SIM3
SIM4
1
21
22
SIM5
SIM1
SIM2
SIM3
SIM4
1
21
22
SIM5
SIM1
SIM2
SIM3
SIM4
1
21
22
SIM5
SIM1
SIM2
SIM3
SIM4
1
21
22
SIM5
SIM1
SIM2
SIM3
SIM4
1
21
22
SIM5
SIM1
SIM2
SIM3
SIM4
1
21
22
SIM5
SIM1
SIM2
SIM3
SIM4
1
21
22
SIM5
SIM1
SIM2
SIM3
SIM4
1
21
22
SIM5
SIM1
SIM2
SIM3
SIM4
1
21
22
SIM5
SIM1
SIM2
SIM3
SIM4
1
21
22
SIM5
SIM1
SIM2
SIM3
SIM4
1
21
22
SIM5
SIM1
SIM2
SIM3
SIM4
1
21
22
SIM5
SIM1
SIM2
SIM3
SIM4
1
21
22
SIM5
SIM1
SIM2
SIM3
SIM4
1
21
22
SIM5
SIM1
SIM2
SIM3
SIM4
1
21
22
SIM5
SIM1
SIM2
SIM3
SIM4
1
21
22
SIM5
SIM1
SIM2
SIM3
SIM4
1
21
22
SIM5
SIM1
SIM2
SIM3
SIM4
1
21
22
SIM5
SIM1
SIM2
SIM3
SIM4
1
21
22
SIM5
SIM1
SIM2
SIM3
SIM4
1
21
22
SIM5
SIM1
SIM2
SIM3
SIM4
1
21
22
SIM5
SIM1
SIM2
SIM3
SIM4
1
21
22
SIM5
SIM1
SIM2
SIM3
SIM4
1
21
22
SIM5
SIM1
SIM2
SIM3
SIM4
1
21
22
SIM5
SIM1
SIM2
SIM3
SIM4
1
21
22
SIM5
SIM1
SIM2
SIM3
SIM4
1
21
22
SIM5
SIM1
SIM2
SIM3
SIM4
1
21
22
SIM5
SIM1
SIM2
SIM3
SIM4
1
21
22
SIM5
SIM1
SIM2
SIM3
SIM4
1
21
22
SIM5
SIM1
SIM2
SIM3
SIM4
1
21
22
SIM5
SIM1
SIM2
SIM3
SIM4
1
21
22
SIM5
SIM1
SIM2
SIM3
SIM4
1
21
22
SIM5
SIM1
SIM2
SIM3
SIM4
1
21
22
SIM5
SIM1
SIM2
SIM3
SIM4
1
21
22
SIM5
SIM1
SIM2
SIM3
SIM4
1
21
22
SIM5
SIM1
SIM2
SIM3
SIM4
1
21
22
SIM5
SIM1
SIM2
SIM3
SIM4
1
21
22
SIM5
SIM1
SIM2
SIM3
SIM4
1
21
22
SIM5
SIM1
SIM2
SIM3
SIM4
1
21
22
SIM5
SIM1
SIM2
SIM3
SIM4
1
21
22
SIM5
SIM1
SIM2
SIM3
SIM4
1
21
22
SIM5
SIM1
SIM2
SIM3
SIM4
1
21
22
SIM5
SIM1
SIM2
SIM3
SIM4
1
21
22
SIM5
SIM1
SIM2
SIM3
SIM4
1
21
22
SIM5
SIM1
SIM2
SIM3
SIM4
1
21
22
SIM5
SIM1
SIM2
SIM3
SIM4
1
21
22
SIM5
SIM1
SIM2
SIM3
SIM4
1
21
22
SIM5
SIM1
SIM2
SIM3
SIM4
1
21
22
SIM5
SIM1
SIM2
SIM3
SIM4
1
21
22
SIM5
SIM1
SIM2
SIM3
SIM4
1
21
22
SIM5
SIM1
SIM2
SIM3
SIM4
1
21
22
SIM5
SIM1
SIM2
SIM3
SIM4
1
21
22
SIM5
SIM1
SIM2
SIM3
SIM4
1
21
22
SIM5
SIM1
SIM2
SIM3
SIM4
1
21
22
SIM5
SIM1
SIM2
SIM3
SIM4
1
21
22
SIM5
SIM1
SIM2
SIM3
SIM4
1
21
22
SIM5
SIM1
SIM2
SIM3
SIM4
1
21
22
SIM5
SIM1
SIM2
SIM3
SIM4
1
21
22
SIM5
SIM1
SIM2
SIM3
SIM4
1
21
22
SIM5
SIM1
SIM2
SIM3
SIM4
1
21
22
SIM5
SIM1
SIM2
SIM3
SIM4
1
21
22
SIM5
SIM1
SIM2
SIM3
SIM4
1
21
22
SIM5
SIM1
SIM2
SIM3
SIM4
1
21
22
SIM5
SIM1
SIM2
SIM3
SIM4
1
21
22
SIM5
SIM1
SIM2
SIM3
SIM4
1
21
22
SIM5
SIM1
SIM2
SIM3
SIM4
1
21
22
SIM5
SIM1
SIM2
SIM3
SIM4
1
21
22
SIM5
SIM1
SIM2
SIM3
SIM4
1
21
22
SIM5
SIM1
SIM2
SIM3
SIM4
1
21
22
SIM5
SIM1
SIM2
SIM3
SIM4
1
21
22
SIM5
SIM1
SIM2
SIM3
SIM4
1
21
22
SIM5
SIM1
SIM2
SIM3
SIM4
1
21
22
SIM5
SIM1
SIM2
SIM3
SIM4
1
21
22
SIM5
SIM1
SIM2
SIM3
SIM4
1
21
22
SIM5
SIM1
SIM2
SIM3
SIM4
1
21
22
SIM5
SIM1
SIM2
SIM3
SIM4
1
21
22
SIM5
SIM1
SIM2
SIM3
SIM4
1
21
22
SIM5
SIM1
SIM2
SIM3
SIM4
1
21
22
SIM5
SIM1
SIM2
SIM3
SIM4
1
21
22
SIM5
SIM1
SIM2
SIM3
SIM4
1
21
22
SIM5
SIM1
SIM2
SIM3
SIM4
1
21
22
SIM5
SIM1
SIM2
SIM3
SIM4
1
21
22
SIM5
SIM1
SIM2
SIM3
SIM4
1
21
22
SIM5
SIM1
SIM2
SIM3
SIM4
1
21
22
SIM5
SIM1
SIM2
SIM3
SIM4
1
21
22
SIM5
SIM1
SIM2
SIM3
SIM4
1
21
22
SIM5
SIM1
SIM2
SIM3
SIM4
1
21
22
SIM5
SIM1
SIM2
SIM3
SIM4
1
21
22
SIM5
SIM1
SIM2
SIM3
SIM4
1
21
22
SIM5
SIM1
SIM2
SIM3
SIM4
1
21
22
SIM5
SIM1
SIM2
SIM3
SIM4
1
21
22
SIM5
SIM1
SIM2
SIM3
SIM4
1
21
22
SIM5
SIM1
SIM2
SIM3
SIM4
1
21
22
SIM5
SIM1
SIM2
SIM3
SIM4
1
21
22
SIM5
SIM1
SIM2
SIM3
SIM4
1
21
22
SIM5
SIM1
SIM2
SIM3
SIM4
1
21
22
SIM5
SIM1
SIM2
SIM3
SIM4
1
21
22
SIM5
SIM1
SIM2
SIM3
SIM4
1
21
22
SIM5
SIM1
SIM2
SIM3
SIM4
1
21
22
SIM5
SIM1
SIM2
SIM3
SIM4
1
21
22
SIM5
SIM1
SIM2
SIM3
SIM4
1
21
22
SIM5
SIM1
SIM2
SIM3
SIM4
1
21
22
SIM5
SIM1
SIM2
SIM3
SIM4
1
21
22
SIM5
SIM1
SIM2
SIM3
SIM4
1
21
22
SIM5
SIM1
SIM2
SIM3
SIM4
1
21
22
SIM5
SIM1
SIM2
SIM3
SIM4
1
21
22
SIM5
SIM1
SIM2
SIM3
SIM4
1
21
22
SIM5
SIM1
SIM2
SIM3
SIM4
1
21
22
SIM5
SIM1
SIM2
SIM3
SIM4
1
21
22
SIM5
SIM1
SIM2
SIM3
SIM4
1
21
22
SIM5
SIM1
SIM2
SIM3
SIM4
1
21
22
SIM5
SIM1
SIM2
SIM3
SIM4
1
21
22
SIM5
SIM1
SIM2
SIM3
SIM4
1
21
22
SIM5
SIM1
SIM2
SIM3
SIM4
1
21
22
SIM5
SIM1
SIM2
SIM3
SIM4
1
21
22
SIM5
SIM1
SIM2
SIM3
SIM4
1
21
22
SIM5
SIM1
SIM2
SIM3
SIM4
1
21
22
SIM5
SIM1
SIM2
SIM3
SIM4
1
21
22
SIM5
SIM1
SIM2
SIM3
SIM4
1
21
22
SIM5
SIM1
SIM2
SIM3
SIM4
1
21
22
SIM5
SIM1
SIM2
SIM3
SIM4
1
21
22
SIM5
SIM1
SIM2
SIM3
SIM4
1
21
22
SIM5
SIM1
SIM2
SIM3
SIM4
1
21
22
SIM5
SIM1
SIM2
SIM3
SIM4
1
21
22
SIM5
SIM1
SIM2
SIM3
SIM4
1
21
22
SIM5
SIM1
SIM2
SIM3
SIM4
1
21
22
SIM5
SIM1
SIM2
SIM3
SIM4
1
21
22
SIM5
SIM1
SIM2
SIM3
SIM4
1
21
22
SIM5
SIM1
SIM2
SIM3
SIM4
1
21
22
SIM5
SIM1
SIM2
SIM3
SIM4
1
21
22
SIM5
SIM1
SIM2
SIM3
SIM4
1
21
22
SIM5
SIM1
SIM2
SIM3
SIM4
1
21
22
SIM5
SIM1
SIM2
SIM3
SIM4
1
21
22
SIM5
SIM1
SIM2
SIM3
SIM4
1
21
22
SIM5
SIM1
SIM2
SIM3
SIM4
1
21
22
SIM5
SIM1
SIM2
SIM3
SIM4
1
21
22
SIM5
SIM1
SIM2
DEBUG 1 96
SIM1
SIM2
SIM3
SIM4
1
21
22
SIM5
SIM1
SIM2
SIM3
SIM4
1
21
22
SIM5
SIM1
SIM2
SIM3
SIM4
1
21
22
SIM5
SIM1
SIM2
SIM3
SIM4
1
21
22
SIM5
SIM1
SIM2
SIM3
SIM4
1
21
22
SIM5
SIM1
SIM2
SIM3
SIM4
1
21
22
SIM5
SIM1
SIM2
SIM3
SIM4
1
21
22
SIM5
SIM1
SIM2
SIM3
SIM4
1
21
22
SIM5
SIM1
SIM2
SIM3
SIM4
1
21
22
SIM5
SIM1
SIM2
SIM3
SIM4
1
21
22
SIM5
SIM1
SIM2
SIM3
SIM4
1
21
22
SIM5
SIM1
SIM2
SIM3
SIM4
1
21
22
SIM5
SIM1
SIM2
SIM3
SIM4
1
21
22
SIM5
SIM1
SIM2
SIM3
SIM4
1
21
22
SIM5
SIM1
SIM2
SIM3
SIM4
1
21
22
SIM5
SIM1
SIM2
SIM3
SIM4
1
21
22
SIM5
SIM1
SIM2
SIM3
SIM4
1
21
22
SIM5
SIM1
SIM2
SIM3
SIM4
1
21
22
SIM5
SIM1
SIM2
SIM3
SIM4
1
21
22
SIM5
SIM1
SIM2
SIM3
SIM4
1
21
22
SIM5
SIM1
SIM2
SIM3
SIM4
1
21
22
SIM5
SIM1
SIM2
SIM3
SIM4
1
21
22
SIM5
SIM1
SIM2
SIM3
SIM4
1
21
22
SIM5
SIM1
SIM2
SIM3
SIM4
1
21
22
SIM5
SIM1
SIM2
SIM3
SIM4
1
21
22
SIM5
SIM1
SIM2
SIM3
SIM4
1
21
22
SIM5
SIM1
SIM2
SIM3
SIM4
1
21
22
SIM5
SIM1
SIM2
SIM3
SIM4
1
21
22
SIM5
SIM1
SIM2
SIM3
SIM4
1
21
22
SIM5
SIM1
SIM2
SIM3
SIM4
1
21
22
SIM5
SIM1
SIM2
SIM3
SIM4
1
21
22
SIM5
SIM1
SIM2
SIM3
SIM4
1
21
22
SIM5
SIM1
SIM2
SIM3
SIM4
1
21
22
SIM5
SIM1
SIM2
SIM3
SIM4
1
21
22
SIM5
SIM1
SIM2
SIM3
SIM4
1
21
22
SIM5
SIM1
SIM2
SIM3
SIM4
1
21
22
SIM5
SIM1
SIM2
SIM3
SIM4
1
21
22
SIM5
SIM1
SIM2
SIM3
SIM4
1
21
22
SIM5
SIM1
SIM2
SIM3
SIM4
1
21
22
SIM5
SIM1
SIM2
SIM3
SIM4
1
21
22
SIM5
SIM1
SIM2
SIM3
SIM4
1
21
22
SIM5
SIM1
SIM2
SIM3
SIM4
1
21
22
SIM5
SIM1
SIM2
SIM3
SIM4
1
21
22
SIM5
SIM1
SIM2
SIM3
SIM4
1
21
22
SIM5
SIM1
SIM2
SIM3
SIM4
1
21
22
SIM5
SIM1
SIM2
SIM3
SIM4
1
21
22
SIM5
SIM1
SIM2
SIM3
SIM4
1
21
22
SIM5
SIM1
SIM2
SIM3
SIM4
1
21
22
SIM5
SIM1
SIM2
SIM3
SIM4
1
21
22
SIM5
SIM1
SIM2
SIM3
SIM4
1
21
22
SIM5
SIM1
SIM2
SIM3
SIM4
1
21
22
SIM5
SIM1
SIM2
SIM3
SIM4
1
21
22
SIM5
SIM1
SIM2
SIM3
SIM4
1
21
22
SIM5
SIM1
SIM2
SIM3
SIM4
1
21
22
SIM5
SIM1
SIM2
SIM3
SIM4
1
21
22
SIM5
SIM1
SIM2
SIM3
SIM4
1
21
22
SIM5
SIM1
SIM2
SIM3
SIM4
1
21
22
SIM5
SIM1
SIM2
SIM3
SIM4
1
21
22
SIM5
SIM1
SIM2
SIM3
SIM4
1
21
22
SIM5
SIM1
SIM2
SIM3
SIM4
1
21
22
SIM5
SIM1
SIM2
SIM3
SIM4
1
21
22
SIM5
SIM1
SIM2
SIM3
SIM4
1
21
22
SIM5
SIM1
SIM2
SIM3
SIM4
1
21
22
SIM5
SIM1
SIM2
SIM3
SIM4
1
21
22
SIM5
SIM1
SIM2
SIM3
SIM4
1
21
22
SIM5
SIM1
SIM2
SIM3
SIM4
1
21
22
SIM5
SIM1
SIM2
SIM3
SIM4
1
21
22
SIM5
SIM1
SIM2
SIM3
SIM4
1
21
22
SIM5
SIM1
SIM2
SIM3
SIM4
1
21
22
SIM5
SIM1
SIM2
SIM3
SIM4
1
21
22
SIM5
SIM1
SIM2
SIM3
SIM4
1
21
22
SIM5
SIM1
SIM2
SIM3
SIM4
1
21
22
SIM5
SIM1
SIM2
SIM3
SIM4
1
21
22
SIM5
SIM1
SIM2
SIM3
SIM4
1
21
22
SIM5
SIM1
SIM2
SIM3
SIM4
1
21
22
SIM5
SIM1
SIM2
SIM3
SIM4
1
21
22
SIM5
SIM1
SIM2
SIM3
SIM4
1
21
22
SIM5
SIM1
SIM2
SIM3
SIM4
1
21
22
SIM5
SIM1
SIM2
SIM3
SIM4
1
21
22
SIM5
SIM1
SIM2
SIM3
SIM4
1
21
22
SIM5
SIM1
SIM2
SIM3
SIM4
1
21
22
SIM5
SIM1
SIM2
SIM3
SIM4
1
21
22
SIM5
SIM1
SIM2
SIM3
SIM4
1
21
22
SIM5
SIM1
SIM2
SIM3
SIM4
1
21
22
SIM5
SIM1
SIM2
SIM3
SIM4
1
21
22
SIM5
SIM1
SIM2
SIM3
SIM4
1
21
22
SIM5
SIM1
SIM2
SIM3
SIM4
1
21
22
SIM5
SIM1
SIM2
SIM3
SIM4
1
21
22
SIM5
SIM1
SIM2
SIM3
SIM4
1
21
22
SIM5
SIM1
SIM2
SIM3
SIM4
1
21
22
SIM5
SIM1
SIM2
SIM3
SIM4
1
21
22
SIM5
SIM1
SIM2
SIM3
SIM4
1
21
22
SIM5
SIM1
SIM2
SIM3
SIM4
1
21
22
SIM5
SIM1
SIM2
SIM3
SIM4
1
21
22
SIM5
SIM1
SIM2
SIM3
SIM4
1
21
22
SIM5
SIM1
SIM2
SIM3
SIM4
1
21
22
SIM5
SIM1
SIM2
SIM3
SIM4
1
21
22
SIM5
SIM1
SIM2
SIM3
SIM4
1
21
22
SIM5
SIM1
SIM2
SIM3
SIM4
1
21
22
SIM5
SIM1
SIM2
SIM3
SIM4
1
21
22
SIM5
SIM1
SIM2
SIM3
SIM4
1
21
22
SIM5
SIM1
SIM2
SIM3
SIM4
1
21
22
SIM5
SIM1
SIM2
SIM3
SIM4
1
21
22
SIM5
SIM1
SIM2
SIM3
SIM4
1
21
22
SIM5
SIM1
SIM2
SIM3
SIM4
1
21
22
SIM5
SIM1
SIM2
SIM3
SIM4
1
21
22
SIM5
SIM1
SIM2
SIM3
SIM4
1
21
22
SIM5
SIM1
SIM2
SIM3
SIM4
1
21
22
SIM5
SIM1
SIM2
SIM3
SIM4
1
21
22
SIM5
SIM1
SIM2
SIM3
SIM4
1
21
22
SIM5
SIM1
SIM2
SIM3
SIM4
1
21
22
SIM5
SIM1
SIM2
SIM3
SIM4
1
21
22
SIM5
SIM1
SIM2
SIM3
SIM4
1
21
22
SIM5
SIM1
SIM2
SIM3
SIM4
1
21
22
SIM5
SIM1
SIM2
SIM3
SIM4
1
21
22
SIM5
SIM1
SIM2
SIM3
SIM4
1
21
22
SIM5
SIM1
SIM2
SIM3
SIM4
1
21
22
SIM5
SIM1
SIM2
SIM3
SIM4
1
21
22
SIM5
SIM1
SIM2
SIM3
SIM4
1
21
22
SIM5
SIM1
SIM2
SIM3
SIM4
1
21
22
SIM5
SIM1
SIM2
SIM3
SIM4
1
21
22
SIM5
SIM1
SIM2
SIM3
SIM4
1
21
22
SIM5
SIM1
SIM2
SIM3
SIM4
1
21
22
SIM5
SIM1
SIM2
SIM3
SIM4
1
21
22
SIM5
SIM1
SIM2
SIM3
SIM4
1
21
22
SIM5
SIM1
SIM2
SIM3
SIM4
1
21
22
SIM5
SIM1
SIM2
SIM3
SIM4
1
21
22
SIM5
SIM1
SIM2
SIM3
SIM4
1
21
22
SIM5
SIM1
SIM2
SIM3
SIM4
1
21
22
SIM5
SIM1
SIM2
SIM3
SIM4
1
21
22
SIM5
SIM1
SIM2
SIM3
SIM4
1
21
22
SIM5
SIM1
SIM2
SIM3
SIM4
1
21
22
SIM5
SIM1
SIM2
SIM3
SIM4
1
21
22
SIM5
SIM1
SIM2
SIM3
SIM4
1
21
22
SIM5
SIM1
SIM2
SIM3
SIM4
1
21
22
SIM5
SIM1
SIM2
SIM3
SIM4
1
21
22
SIM5
SIM1
SIM2
SIM3
SIM4
1
21
22
SIM5
SIM1
SIM2
SIM3
SIM4
1
21
22
SIM5
SIM1
SIM2
SIM3
SIM4
1
21
22
SIM5
SIM1
SIM2
SIM3
SIM4
1
21
22
SIM5
SIM1
SIM2
SIM3
SIM4
1
21
22
SIM5
SIM1
SIM2
SIM3
SIM4
1
21
22
SIM5
SIM1
SIM2
SIM3
SIM4
1
21
22
SIM5
SIM1
SIM2
SIM3
SIM4
1
21
22
SIM5
SIM1
SIM2
SIM3
SIM4
1
21
22
SIM5
SIM1
SIM2
SIM3
SIM4
1
21
22
SIM5
SIM1
SIM2
SIM3
SIM4
1
21
22
SIM5
SIM1
SIM2
SIM3
SIM4
1
21
22
SIM5
SIM1
SIM2
SIM3
SIM4
1
21
22
SIM5
SIM1
SIM2
SIM3
SIM4
1
21
22
SIM5
SIM1
SIM2
SIM3
SIM4
1
21
22
SIM5
SIM1
SIM2
SIM3
SIM4
1
21
22
SIM5
SIM1
SIM2
SIM3
SIM4
1
21
22
SIM5
SIM1
SIM2
SIM3
SIM4
1
21
22
SIM5
SIM1
SIM2
SIM3
SIM4
1
21
22
SIM5
SIM1
SIM2
SIM3
SIM4
1
21
22
SIM5
SIM1
SIM2
SIM3
SIM4
1
21
22
SIM5
SIM1
SIM2
SIM3
SIM4
1
21
22
SIM5
SIM1
SIM2
SIM3
SIM4
1
21
22
SIM5
SIM1
SIM2
SIM3
SIM4
1
21
22
SIM5
SIM1
SIM2
SIM3
SIM4
1
21
22
SIM5
SIM1
SIM2
SIM3
SIM4
1
21
22
SIM5
SIM1
SIM2
SIM3
SIM4
1
21
22
SIM5
SIM1
SIM2
SIM3
SIM4
1
21
22
SIM5
SIM1
SIM2
SIM3
SIM4
1
21
22
SIM5
SIM1
SIM2
SIM3
SIM4
1
21
22
SIM5
SIM1
SIM2
SIM3
SIM4
1
21
22
SIM5
SIM1
SIM2
SIM3
SIM4
1
21
22
SIM5
SIM1
SIM2
SIM3
SIM4
1
21
22
SIM5
SIM1
SIM2
SIM3
SIM4
1
21
22
SIM5
SIM1
SIM2
SIM3
SIM4
1
21
22
SIM5
SIM1
SIM2
SIM3
SIM4
1
21
22
SIM5
SIM1
SIM2
SIM3
SIM4
1
21
22
SIM5
SIM1
SIM2
SIM3
SIM4
1
21
22
SIM5
SIM1
SIM2
SIM3
SIM4
1
21
22
SIM5
SIM1
SIM2
SIM3
SIM4
1
21
22
SIM5
SIM1
SIM2
SIM3
SIM4
1
21
22
SIM5
SIM1
SIM2
SIM3
SIM4
1
21
22
SIM5
SIM1
SIM2
SIM3
SIM4
1
21
22
SIM5
SIM1
SIM2
SIM3
SIM4
1
21
22
SIM5
SIM1
SIM2
SIM3
SIM4
1
21
22
SIM5
SIM1
SIM2
SIM3
SIM4
1
21
22
SIM5
SIM1
SIM2
SIM3
SIM4
1
21
22
SIM5
SIM1
SIM2
SIM3
SIM4
1
21
22
SIM5
SIM1
SIM2
SIM3
SIM4
1
21
22
SIM5
SIM1
SIM2
SIM3
SIM4
1
21
22
SIM5
SIM1
SIM2
SIM3
SIM4
1
21
22
SIM5
SIM1
SIM2
SIM3
SIM4
1
21
22
SIM5
SIM1
SIM2
SIM3
SIM4
1
21
22
SIM5
SIM1
SIM2
SIM3
SIM4
1
21
22
SIM5
SIM1
SIM2
SIM3
SIM4
1
21
22
SIM5
SIM1
SIM2
DEBUG 1 97
SIM1
SIM2
SIM3
SIM4
1
21
22
SIM5
SIM1
SIM2
SIM3
SIM4
1
21
22
SIM5
SIM1
SIM2
SIM3
SIM4
1
21
22
SIM5
SIM1
SIM2
SIM3
SIM4
1
21
22
SIM5
SIM1
SIM2
SIM3
SIM4
1
21
22
SIM5
SIM1
SIM2
SIM3
SIM4
1
21
22
SIM5
SIM1
SIM2
SIM3
SIM4
1
21
22
SIM5
SIM1
SIM2
SIM3
SIM4
1
21
22
SIM5
SIM1
SIM2
SIM3
SIM4
1
21
22
SIM5
SIM1
SIM2
SIM3
SIM4
1
21
22
SIM5
SIM1
SIM2
SIM3
SIM4
1
21
22
SIM5
SIM1
SIM2
SIM3
SIM4
1
21
22
SIM5
SIM1
SIM2
SIM3
SIM4
1
21
22
SIM5
SIM1
SIM2
SIM3
SIM4
1
21
22
SIM5
SIM1
SIM2
SIM3
SIM4
1
21
22
SIM5
SIM1
SIM2
SIM3
SIM4
1
21
22
SIM5
SIM1
SIM2
SIM3
SIM4
1
21
22
SIM5
SIM1
SIM2
SIM3
SIM4
1
21
22
SIM5
SIM1
SIM2
SIM3
SIM4
1
21
22
SIM5
SIM1
SIM2
SIM3
SIM4
1
21
22
SIM5
SIM1
SIM2
SIM3
SIM4
1
21
22
SIM5
SIM1
SIM2
SIM3
SIM4
1
21
22
SIM5
SIM1
SIM2
SIM3
SIM4
1
21
22
SIM5
SIM1
SIM2
SIM3
SIM4
1
21
22
SIM5
SIM1
SIM2
SIM3
SIM4
1
21
22
SIM5
SIM1
SIM2
SIM3
SIM4
1
21
22
SIM5
SIM1
SIM2
SIM3
SIM4
1
21
22
SIM5
SIM1
SIM2
SIM3
SIM4
1
21
22
SIM5
SIM1
SIM2
SIM3
SIM4
1
21
22
SIM5
SIM1
SIM2
SIM3
SIM4
1
21
22
SIM5
SIM1
SIM2
SIM3
SIM4
1
21
22
SIM5
SIM1
SIM2
SIM3
SIM4
1
21
22
SIM5
SIM1
SIM2
SIM3
SIM4
1
21
22
SIM5
SIM1
SIM2
SIM3
SIM4
1
21
22
SIM5
SIM1
SIM2
SIM3
SIM4
1
21
22
SIM5
SIM1
SIM2
SIM3
SIM4
1
21
22
SIM5
SIM1
SIM2
SIM3
SIM4
1
21
22
SIM5
SIM1
SIM2
SIM3
SIM4
1
21
22
SIM5
SIM1
SIM2
SIM3
SIM4
1
21
22
SIM5
SIM1
SIM2
SIM3
SIM4
1
21
22
SIM5
SIM1
SIM2
SIM3
SIM4
1
21
22
SIM5
SIM1
SIM2
SIM3
SIM4
1
21
22
SIM5
SIM1
SIM2
SIM3
SIM4
1
21
22
SIM5
SIM1
SIM2
SIM3
SIM4
1
21
22
SIM5
SIM1
SIM2
SIM3
SIM4
1
21
22
SIM5
SIM1
SIM2
SIM3
SIM4
1
21
22
SIM5
SIM1
SIM2
SIM3
SIM4
1
21
22
SIM5
SIM1
SIM2
SIM3
SIM4
1
21
22
SIM5
SIM1
SIM2
SIM3
SIM4
1
21
22
SIM5
SIM1
SIM2
SIM3
SIM4
1
21
22
SIM5
SIM1
SIM2
SIM3
SIM4
1
21
22
SIM5
SIM1
SIM2
SIM3
SIM4
1
21
22
SIM5
SIM1
SIM2
SIM3
SIM4
1
21
22
SIM5
SIM1
SIM2
SIM3
SIM4
1
21
22
SIM5
SIM1
SIM2
SIM3
SIM4
1
21
22
SIM5
SIM1
SIM2
SIM3
SIM4
1
21
22
SIM5
SIM1
SIM2
SIM3
SIM4
1
21
22
SIM5
SIM1
SIM2
SIM3
SIM4
1
21
22
SIM5
SIM1
SIM2
SIM3
SIM4
1
21
22
SIM5
SIM1
SIM2
SIM3
SIM4
1
21
22
SIM5
SIM1
SIM2
SIM3
SIM4
1
21
22
SIM5
SIM1
SIM2
SIM3
SIM4
1
21
22
SIM5
SIM1
SIM2
SIM3
SIM4
1
21
22
SIM5
SIM1
SIM2
SIM3
SIM4
1
21
22
SIM5
SIM1
SIM2
SIM3
SIM4
1
21
22
SIM5
SIM1
SIM2
SIM3
SIM4
1
21
22
SIM5
SIM1
SIM2
SIM3
SIM4
1
21
22
SIM5
SIM1
SIM2
SIM3
SIM4
1
21
22
SIM5
SIM1
SIM2
SIM3
SIM4
1
21
22
SIM5
SIM1
SIM2
SIM3
SIM4
1
21
22
SIM5
SIM1
SIM2
SIM3
SIM4
1
21
22
SIM5
SIM1
SIM2
SIM3
SIM4
1
21
22
SIM5
SIM1
SIM2
SIM3
SIM4
1
21
22
SIM5
SIM1
SIM2
SIM3
SIM4
1
21
22
SIM5
SIM1
SIM2
SIM3
SIM4
1
21
22
SIM5
SIM1
SIM2
SIM3
SIM4
1
21
22
SIM5
SIM1
SIM2
SIM3
SIM4
1
21
22
SIM5
SIM1
SIM2
SIM3
SIM4
1
21
22
SIM5
SIM1
SIM2
SIM3
SIM4
1
21
22
SIM5
SIM1
SIM2
SIM3
SIM4
1
21
22
SIM5
SIM1
SIM2
SIM3
SIM4
1
21
22
SIM5
SIM1
SIM2
SIM3
SIM4
1
21
22
SIM5
SIM1
SIM2
SIM3
SIM4
1
21
22
SIM5
SIM1
SIM2
SIM3
SIM4
1
21
22
SIM5
SIM1
SIM2
SIM3
SIM4
1
21
22
SIM5
SIM1
SIM2
SIM3
SIM4
1
21
22
SIM5
SIM1
SIM2
SIM3
SIM4
1
21
22
SIM5
SIM1
SIM2
SIM3
SIM4
1
21
22
SIM5
SIM1
SIM2
SIM3
SIM4
1
21
22
SIM5
SIM1
SIM2
SIM3
SIM4
1
21
22
SIM5
SIM1
SIM2
SIM3
SIM4
1
21
22
SIM5
SIM1
SIM2
SIM3
SIM4
1
21
22
SIM5
SIM1
SIM2
SIM3
SIM4
1
21
22
SIM5
SIM1
SIM2
SIM3
SIM4
1
21
22
SIM5
SIM1
SIM2
SIM3
SIM4
1
21
22
SIM5
SIM1
SIM2
SIM3
SIM4
1
21
22
SIM5
SIM1
SIM2
SIM3
SIM4
1
21
22
SIM5
SIM1
SIM2
SIM3
SIM4
1
21
22
SIM5
SIM1
SIM2
SIM3
SIM4
1
21
22
SIM5
SIM1
SIM2
SIM3
SIM4
1
21
22
SIM5
SIM1
SIM2
SIM3
SIM4
1
21
22
SIM5
SIM1
SIM2
SIM3
SIM4
1
21
22
SIM5
SIM1
SIM2
SIM3
SIM4
1
21
22
SIM5
SIM1
SIM2
SIM3
SIM4
1
21
22
SIM5
SIM1
SIM2
SIM3
SIM4
1
21
22
SIM5
SIM1
SIM2
SIM3
SIM4
1
21
22
SIM5
SIM1
SIM2
SIM3
SIM4
1
21
22
SIM5
SIM1
SIM2
SIM3
SIM4
1
21
22
SIM5
SIM1
SIM2
SIM3
SIM4
1
21
22
SIM5
SIM1
SIM2
SIM3
SIM4
1
21
22
SIM5
SIM1
SIM2
SIM3
SIM4
1
21
22
SIM5
SIM1
SIM2
SIM3
SIM4
1
21
22
SIM5
SIM1
SIM2
SIM3
SIM4
1
21
22
SIM5
SIM1
SIM2
SIM3
SIM4
1
21
22
SIM5
SIM1
SIM2
SIM3
SIM4
1
21
22
SIM5
SIM1
SIM2
SIM3
SIM4
1
21
22
SIM5
SIM1
SIM2
SIM3
SIM4
1
21
22
SIM5
SIM1
SIM2
SIM3
SIM4
1
21
22
SIM5
SIM1
SIM2
SIM3
SIM4
1
21
22
SIM5
SIM1
SIM2
SIM3
SIM4
1
21
22
SIM5
SIM1
SIM2
SIM3
SIM4
1
21
22
SIM5
SIM1
SIM2
SIM3
SIM4
1
21
22
SIM5
SIM1
SIM2
SIM3
SIM4
1
21
22
SIM5
SIM1
SIM2
SIM3
SIM4
1
21
22
SIM5
SIM1
SIM2
SIM3
SIM4
1
21
22
SIM5
SIM1
SIM2
SIM3
SIM4
1
21
22
SIM5
SIM1
SIM2
SIM3
SIM4
1
21
22
SIM5
SIM1
SIM2
SIM3
SIM4
1
21
22
SIM5
SIM1
SIM2
SIM3
SIM4
1
21
22
SIM5
SIM1
SIM2
SIM3
SIM4
1
21
22
SIM5
SIM1
SIM2
SIM3
SIM4
1
21
22
SIM5
SIM1
SIM2
SIM3
SIM4
1
21
22
SIM5
SIM1
SIM2
SIM3
SIM4
1
21
22
SIM5
SIM1
SIM2
SIM3
SIM4
1
21
22
SIM5
SIM1
SIM2
SIM3
SIM4
1
21
22
SIM5
SIM1
SIM2
SIM3
SIM4
1
21
22
SIM5
SIM1
SIM2
DEBUG 1 98
SIM1
SIM2
SIM3
SIM4
1
21
22
SIM5
SIM1
SIM2
SIM3
SIM4
1
21
22
SIM5
SIM1
SIM2
SIM3
SIM4
1
21
22
SIM5
SIM1
SIM2
SIM3
SIM4
1
21
22
SIM5
SIM1
SIM2
SIM3
SIM4
1
21
22
SIM5
SIM1
SIM2
SIM3
SIM4
1
21
22
SIM5
SIM1
SIM2
SIM3
SIM4
1
21
22
SIM5
SIM1
SIM2
SIM3
SIM4
1
21
22
SIM5
SIM1
SIM2
SIM3
SIM4
1
21
22
SIM5
SIM1
SIM2
SIM3
SIM4
1
21
22
SIM5
SIM1
SIM2
SIM3
SIM4
1
21
22
SIM5
SIM1
SIM2
SIM3
SIM4
1
21
22
SIM5
SIM1
SIM2
SIM3
SIM4
1
21
22
SIM5
SIM1
SIM2
SIM3
SIM4
1
21
22
SIM5
SIM1
SIM2
SIM3
SIM4
1
21
22
SIM5
SIM1
SIM2
SIM3
SIM4
1
21
22
SIM5
SIM1
SIM2
SIM3
SIM4
1
21
22
SIM5
SIM1
SIM2
SIM3
SIM4
1
21
22
SIM5
SIM1
SIM2
SIM3
SIM4
1
21
22
SIM5
SIM1
SIM2
SIM3
SIM4
1
21
22
SIM5
SIM1
SIM2
SIM3
SIM4
1
21
22
SIM5
SIM1
SIM2
SIM3
SIM4
1
21
22
SIM5
SIM1
SIM2
SIM3
SIM4
1
21
22
SIM5
SIM1
SIM2
SIM3
SIM4
1
21
22
SIM5
SIM1
SIM2
SIM3
SIM4
1
21
22
SIM5
SIM1
SIM2
SIM3
SIM4
1
21
22
SIM5
SIM1
SIM2
SIM3
SIM4
1
21
22
SIM5
SIM1
SIM2
SIM3
SIM4
1
21
22
SIM5
SIM1
SIM2
SIM3
SIM4
1
21
22
SIM5
SIM1
SIM2
SIM3
SIM4
1
21
22
SIM5
SIM1
SIM2
SIM3
SIM4
1
21
22
SIM5
SIM1
SIM2
SIM3
SIM4
1
21
22
SIM5
SIM1
SIM2
SIM3
SIM4
1
21
22
SIM5
SIM1
SIM2
SIM3
SIM4
1
21
22
SIM5
SIM1
SIM2
SIM3
SIM4
1
21
22
SIM5
SIM1
SIM2
SIM3
SIM4
1
21
22
SIM5
SIM1
SIM2
SIM3
SIM4
1
21
22
SIM5
SIM1
SIM2
SIM3
SIM4
1
21
22
SIM5
SIM1
SIM2
SIM3
SIM4
1
21
22
SIM5
SIM1
SIM2
SIM3
SIM4
1
21
22
SIM5
SIM1
SIM2
SIM3
SIM4
1
21
22
SIM5
SIM1
SIM2
SIM3
SIM4
1
21
22
SIM5
SIM1
SIM2
SIM3
SIM4
1
21
22
SIM5
SIM1
SIM2
SIM3
SIM4
1
21
22
SIM5
SIM1
SIM2
SIM3
SIM4
1
21
22
SIM5
SIM1
SIM2
SIM3
SIM4
1
21
22
SIM5
SIM1
SIM2
SIM3
SIM4
1
21
22
SIM5
SIM1
SIM2
SIM3
SIM4
1
21
22
SIM5
SIM1
SIM2
SIM3
SIM4
1
21
22
SIM5
SIM1
SIM2
SIM3
SIM4
1
21
22
SIM5
SIM1
SIM2
SIM3
SIM4
1
21
22
SIM5
SIM1
SIM2
SIM3
SIM4
1
21
22
SIM5
SIM1
SIM2
SIM3
SIM4
1
21
22
SIM5
SIM1
SIM2
SIM3
SIM4
1
21
22
SIM5
SIM1
SIM2
SIM3
SIM4
1
21
22
SIM5
SIM1
SIM2
SIM3
SIM4
1
21
22
SIM5
SIM1
SIM2
SIM3
SIM4
1
21
22
SIM5
SIM1
SIM2
SIM3
SIM4
1
21
22
SIM5
SIM1
SIM2
SIM3
SIM4
1
21
22
SIM5
SIM1
SIM2
SIM3
SIM4
1
21
22
SIM5
SIM1
SIM2
SIM3
SIM4
1
21
22
SIM5
SIM1
SIM2
SIM3
SIM4
1
21
22
SIM5
SIM1
SIM2
SIM3
SIM4
1
21
22
SIM5
SIM1
SIM2
SIM3
SIM4
1
21
22
SIM5
SIM1
SIM2
SIM3
SIM4
1
21
22
SIM5
SIM1
SIM2
SIM3
SIM4
1
21
22
SIM5
SIM1
SIM2
SIM3
SIM4
1
21
22
SIM5
SIM1
SIM2
SIM3
SIM4
1
21
22
SIM5
SIM1
SIM2
SIM3
SIM4
1
21
22
SIM5
SIM1
SIM2
SIM3
SIM4
1
21
22
SIM5
SIM1
SIM2
SIM3
SIM4
1
21
22
SIM5
SIM1
SIM2
SIM3
SIM4
1
21
22
SIM5
SIM1
SIM2
SIM3
SIM4
1
21
22
SIM5
SIM1
SIM2
SIM3
SIM4
1
21
22
SIM5
SIM1
SIM2
SIM3
SIM4
1
21
22
SIM5
SIM1
SIM2
SIM3
SIM4
1
21
22
SIM5
SIM1
SIM2
SIM3
SIM4
1
21
22
SIM5
SIM1
SIM2
SIM3
SIM4
1
21
22
SIM5
SIM1
SIM2
SIM3
SIM4
1
21
22
SIM5
SIM1
SIM2
SIM3
SIM4
1
21
22
SIM5
SIM1
SIM2
SIM3
SIM4
1
21
22
SIM5
SIM1
SIM2
SIM3
SIM4
1
21
22
SIM5
SIM1
SIM2
SIM3
SIM4
1
21
22
SIM5
SIM1
SIM2
SIM3
SIM4
1
21
22
SIM5
SIM1
SIM2
SIM3
SIM4
1
21
22
SIM5
SIM1
SIM2
SIM3
SIM4
1
21
22
SIM5
SIM1
SIM2
SIM3
SIM4
1
21
22
SIM5
SIM1
SIM2
SIM3
SIM4
1
21
22
SIM5
SIM1
SIM2
SIM3
SIM4
1
21
22
SIM5
SIM1
SIM2
SIM3
SIM4
1
21
22
SIM5
SIM1
SIM2
SIM3
SIM4
1
21
22
SIM5
SIM1
SIM2
SIM3
SIM4
1
21
22
SIM5
SIM1
SIM2
SIM3
SIM4
1
21
22
SIM5
SIM1
SIM2
SIM3
SIM4
1
21
22
SIM5
SIM1
SIM2
SIM3
SIM4
1
21
22
SIM5
SIM1
SIM2
SIM3
SIM4
1
21
22
SIM5
SIM1
SIM2
SIM3
SIM4
1
21
22
SIM5
SIM1
SIM2
SIM3
SIM4
1
21
22
SIM5
SIM1
SIM2
SIM3
SIM4
1
21
22
SIM5
SIM1
SIM2
SIM3
SIM4
1
21
22
SIM5
SIM1
SIM2
SIM3
SIM4
1
21
22
SIM5
SIM1
SIM2
SIM3
SIM4
1
21
22
SIM5
SIM1
SIM2
SIM3
SIM4
1
21
22
SIM5
SIM1
SIM2
SIM3
SIM4
1
21
22
SIM5
SIM1
SIM2
SIM3
SIM4
1
21
22
SIM5
SIM1
SIM2
SIM3
SIM4
1
21
22
SIM5
SIM1
SIM2
SIM3
SIM4
1
21
22
SIM5
SIM1
SIM2
SIM3
SIM4
1
21
22
SIM5
SIM1
SIM2
SIM3
SIM4
1
21
22
SIM5
SIM1
SIM2
SIM3
SIM4
1
21
22
SIM5
SIM1
SIM2
SIM3
SIM4
1
21
22
SIM5
SIM1
SIM2
SIM3
SIM4
1
21
22
SIM5
SIM1
SIM2
SIM3
SIM4
1
21
22
SIM5
SIM1
SIM2
SIM3
SIM4
1
21
22
SIM5
SIM1
SIM2
SIM3
SIM4
1
21
22
SIM5
SIM1
SIM2
SIM3
SIM4
1
21
22
SIM5
SIM1
SIM2
SIM3
SIM4
1
21
22
SIM5
SIM1
SIM2
SIM3
SIM4
1
21
22
SIM5
SIM1
SIM2
SIM3
SIM4
1
21
22
SIM5
SIM1
SIM2
SIM3
SIM4
1
21
22
SIM5
SIM1
SIM2
SIM3
SIM4
1
21
22
SIM5
SIM1
SIM2
SIM3
SIM4
1
21
22
SIM5
SIM1
SIM2
SIM3
SIM4
1
21
22
SIM5
SIM1
SIM2
SIM3
SIM4
1
21
22
SIM5
SIM1
SIM2
SIM3
SIM4
1
21
22
SIM5
SIM1
SIM2
SIM3
SIM4
1
21
22
SIM5
SIM1
SIM2
SIM3
SIM4
1
21
22
SIM5
SIM1
SIM2
SIM3
SIM4
1
21
22
SIM5
SIM1
SIM2
SIM3
SIM4
1
21
22
SIM5
SIM1
SIM2
SIM3
SIM4
1
21
22
SIM5
SIM1
SIM2
SIM3
SIM4
1
21
22
SIM5
SIM1
SIM2
SIM3
SIM4
1
21
22
SIM5
SIM1
SIM2
SIM3
SIM4
1
21
22
SIM5
SIM1
SIM2
SIM3
SIM4
1
21
22
SIM5
SIM1
SIM2
SIM3
SIM4
1
21
22
SIM5
SIM1
SIM2
SIM3
SIM4
1
21
22
SIM5
SIM1
SIM2
SIM3
SIM4
1
21
22
SIM5
SIM1
SIM2
SIM3
SIM4
1
21
22
SIM5
SIM1
SIM2
SIM3
SIM4
1
21
22
SIM5
SIM1
SIM2
SIM3
SIM4
1
21
22
SIM5
SIM1
SIM2
SIM3
SIM4
1
21
22
SIM5
SIM1
SIM2
SIM3
SIM4
1
21
22
SIM5
SIM1
SIM2
SIM3
SIM4
1
21
22
SIM5
SIM1
SIM2
SIM3
SIM4
1
21
22
SIM5
SIM1
SIM2
SIM3
SIM4
1
21
22
SIM5
SIM1
SIM2
SIM3
SIM4
1
21
22
SIM5
SIM1
SIM2
SIM3
SIM4
1
21
22
SIM5
SIM1
SIM2
SIM3
SIM4
1
21
22
SIM5
SIM1
SIM2
SIM3
SIM4
1
21
22
SIM5
SIM1
SIM2
SIM3
SIM4
1
21
22
SIM5
SIM1
SIM2
SIM3
SIM4
1
21
22
SIM5
SIM1
SIM2
SIM3
SIM4
1
21
22
SIM5
SIM1
SIM2
SIM3
SIM4
1
21
22
SIM5
SIM1
SIM2
SIM3
SIM4
1
21
22
SIM5
SIM1
SIM2
SIM3
SIM4
1
21
22
SIM5
SIM1
SIM2
SIM3
SIM4
1
21
22
SIM5
SIM1
SIM2
SIM3
SIM4
1
21
22
SIM5
SIM1
SIM2
SIM3
SIM4
1
21
22
SIM5
SIM1
SIM2
SIM3
SIM4
1
21
22
SIM5
SIM1
SIM2
SIM3
SIM4
1
21
22
SIM5
SIM1
SIM2
SIM3
SIM4
1
21
22
SIM5
SIM1
SIM2
SIM3
SIM4
1
21
22
SIM5
SIM1
SIM2
SIM3
SIM4
1
21
22
SIM5
SIM1
SIM2
SIM3
SIM4
1
21
22
SIM5
SIM1
SIM2
SIM3
SIM4
1
21
22
SIM5
SIM1
SIM2
SIM3
SIM4
1
21
22
SIM5
SIM1
SIM2
SIM3
SIM4
1
21
22
SIM5
SIM1
SIM2
SIM3
SIM4
1
21
22
SIM5
SIM1
SIM2
SIM3
SIM4
1
21
22
SIM5
SIM1
SIM2
SIM3
SIM4
1
21
22
SIM5
SIM1
SIM2
SIM3
SIM4
1
21
22
SIM5
SIM1
SIM2
SIM3
SIM4
1
21
22
SIM5
SIM1
SIM2
SIM3
SIM4
1
21
22
SIM5
SIM1
SIM2
SIM3
SIM4
1
21
22
SIM5
SIM1
SIM2
SIM3
SIM4
1
21
22
SIM5
SIM1
SIM2
SIM3
SIM4
1
21
22
SIM5
SIM1
SIM2
SIM3
SIM4
1
21
22
SIM5
SIM1
SIM2
SIM3
SIM4
1
21
22
SIM5
SIM1
SIM2
SIM3
SIM4
1
21
22
SIM5
SIM1
SIM2
SIM3
SIM4
1
21
22
SIM5
SIM1
SIM2
SIM3
SIM4
1
21
22
SIM5
SIM1
SIM2
SIM3
SIM4
1
21
22
SIM5
SIM1
SIM2
SIM3
SIM4
1
21
22
SIM5
SIM1
SIM2
SIM3
SIM4
1
21
22
SIM5
SIM1
SIM2
SIM3
SIM4
1
21
22
SIM5
SIM1
SIM2
SIM3
SIM4
1
21
22
SIM5
SIM1
SIM2
SIM3
SIM4
1
21
22
SIM5
SIM1
SIM2
SIM3
SIM4
1
21
22
SIM5
SIM1
SIM2
SIM3
SIM4
1
21
22
SIM5
SIM1
SIM2
SIM3
SIM4
1
21
22
SIM5
SIM1
SIM2
SIM3
SIM4
1
21
22
SIM5
SIM1
SIM2
SIM3
SIM4
1
21
22
SIM5
SIM1
SIM2
SIM3
SIM4
1
21
22
SIM5
SIM1
SIM2
SIM3
SIM4
1
21
22
SIM5
SIM1
SIM2
SIM3
SIM4
1
21
22
SIM5
SIM1
SIM2
SIM3
SIM4
1
21
22
SIM5
SIM1
SIM2
SIM3
SIM4
1
21
22
SIM5
SIM1
SIM2
SIM3
SIM4
1
21
22
SIM5
SIM1
SIM2
SIM3
SIM4
1
21
22
SIM5
SIM1
SIM2
SIM3
SIM4
1
21
22
SIM5
SIM1
SIM2
SIM3
SIM4
1
21
22
SIM5
SIM1
SIM2
SIM3
SIM4
1
21
22
SIM5
SIM1
SIM2
SIM3
SIM4
1
21
22
SIM5
SIM1
SIM2
SIM3
SIM4
1
21
22
SIM5
SIM1
SIM2
SIM3
SIM4
1
21
22
SIM5
SIM1
SIM2
SIM3
SIM4
1
21
22
SIM5
SIM1
SIM2
SIM3
SIM4
1
21
22
SIM5
SIM1
SIM2
SIM3
SIM4
1
21
22
SIM5
SIM1
SIM2
SIM3
SIM4
1
21
22
SIM5
SIM1
SIM2
SIM3
SIM4
1
21
22
SIM5
SIM1
SIM2
SIM3
SIM4
1
21
22
SIM5
SIM1
SIM2
SIM3
SIM4
1
21
22
SIM5
SIM1
SIM2
SIM3
SIM4
1
21
22
SIM5
SIM1
SIM2
SIM3
SIM4
1
21
22
SIM5
SIM1
SIM2
SIM3
SIM4
1
21
22
SIM5
SIM1
SIM2
SIM3
SIM4
1
21
22
SIM5
SIM1
SIM2
SIM3
SIM4
1
21
22
SIM5
SIM1
SIM2
SIM3
SIM4
1
21
22
SIM5
SIM1
SIM2
SIM3
SIM4
1
21
22
SIM5
SIM1
SIM2
DEBUG 1 99
SIM1
SIM2
SIM3
SIM4
1
21
22
SIM5
SIM1
SIM2
SIM3
SIM4
1
21
22
SIM5
SIM1
SIM2
SIM3
SIM4
1
21
22
SIM5
SIM1
SIM2
SIM3
SIM4
1
21
22
SIM5
SIM1
SIM2
SIM3
SIM4
1
21
22
SIM5
SIM1
SIM2
SIM3
SIM4
1
21
22
SIM5
SIM1
SIM2
SIM3
SIM4
1
21
22
SIM5
SIM1
SIM2
SIM3
SIM4
1
21
22
SIM5
SIM1
SIM2
SIM3
SIM4
1
21
22
SIM5
SIM1
SIM2
SIM3
SIM4
1
21
22
SIM5
SIM1
SIM2
SIM3
SIM4
1
21
22
SIM5
SIM1
SIM2
SIM3
SIM4
1
21
22
SIM5
SIM1
SIM2
SIM3
SIM4
1
21
22
SIM5
SIM1
SIM2
SIM3
SIM4
1
21
22
SIM5
SIM1
SIM2
SIM3
SIM4
1
21
22
SIM5
SIM1
SIM2
SIM3
SIM4
1
21
22
SIM5
SIM1
SIM2
SIM3
SIM4
1
21
22
SIM5
SIM1
SIM2
SIM3
SIM4
1
21
22
SIM5
SIM1
SIM2
SIM3
SIM4
1
21
22
SIM5
SIM1
SIM2
SIM3
SIM4
1
21
22
SIM5
SIM1
SIM2
SIM3
SIM4
1
21
22
SIM5
SIM1
SIM2
SIM3
SIM4
1
21
22
SIM5
SIM1
SIM2
SIM3
SIM4
1
21
22
SIM5
SIM1
SIM2
SIM3
SIM4
1
21
22
SIM5
SIM1
SIM2
SIM3
SIM4
1
21
22
SIM5
SIM1
SIM2
SIM3
SIM4
1
21
22
SIM5
SIM1
SIM2
SIM3
SIM4
1
21
22
SIM5
SIM1
SIM2
SIM3
SIM4
1
21
22
SIM5
SIM1
SIM2
SIM3
SIM4
1
21
22
SIM5
SIM1
SIM2
SIM3
SIM4
1
21
22
SIM5
SIM1
SIM2
SIM3
SIM4
1
21
22
SIM5
SIM1
SIM2
SIM3
SIM4
1
21
22
SIM5
SIM1
SIM2
SIM3
SIM4
1
21
22
SIM5
SIM1
SIM2
SIM3
SIM4
1
21
22
SIM5
SIM1
SIM2
SIM3
SIM4
1
21
22
SIM5
SIM1
SIM2
SIM3
SIM4
1
21
22
SIM5
SIM1
SIM2
SIM3
SIM4
1
21
22
SIM5
SIM1
SIM2
SIM3
SIM4
1
21
22
SIM5
SIM1
SIM2
SIM3
SIM4
1
21
22
SIM5
SIM1
SIM2
SIM3
SIM4
1
21
22
SIM5
SIM1
SIM2
SIM3
SIM4
1
21
22
SIM5
SIM1
SIM2
SIM3
SIM4
1
21
22
SIM5
SIM1
SIM2
SIM3
SIM4
1
21
22
SIM5
SIM1
SIM2
SIM3
SIM4
1
21
22
SIM5
SIM1
SIM2
SIM3
SIM4
1
21
22
SIM5
SIM1
SIM2
SIM3
SIM4
1
21
22
SIM5
SIM1
SIM2
SIM3
SIM4
1
21
22
SIM5
SIM1
SIM2
SIM3
SIM4
1
21
22
SIM5
SIM1
SIM2
SIM3
SIM4
1
21
22
SIM5
SIM1
SIM2
SIM3
SIM4
1
21
22
SIM5
SIM1
SIM2
SIM3
SIM4
1
21
22
SIM5
SIM1
SIM2
SIM3
SIM4
1
21
22
SIM5
SIM1
SIM2
SIM3
SIM4
1
21
22
SIM5
SIM1
SIM2
SIM3
SIM4
1
21
22
SIM5
SIM1
SIM2
SIM3
SIM4
1
21
22
SIM5
SIM1
SIM2
SIM3
SIM4
1
21
22
SIM5
SIM1
SIM2
SIM3
SIM4
1
21
22
SIM5
SIM1
SIM2
SIM3
SIM4
1
21
22
SIM5
SIM1
SIM2
SIM3
SIM4
1
21
22
SIM5
SIM1
SIM2
SIM3
SIM4
1
21
22
SIM5
SIM1
SIM2
SIM3
SIM4
1
21
22
SIM5
SIM1
SIM2
SIM3
SIM4
1
21
22
SIM5
SIM1
SIM2
SIM3
SIM4
1
21
22
SIM5
SIM1
SIM2
SIM3
SIM4
1
21
22
SIM5
SIM1
SIM2
SIM3
SIM4
1
21
22
SIM5
SIM1
SIM2
SIM3
SIM4
1
21
22
SIM5
SIM1
SIM2
SIM3
SIM4
1
21
22
SIM5
SIM1
SIM2
SIM3
SIM4
1
21
22
SIM5
SIM1
SIM2
SIM3
SIM4
1
21
22
SIM5
SIM1
SIM2
SIM3
SIM4
1
21
22
SIM5
SIM1
SIM2
SIM3
SIM4
1
21
22
SIM5
SIM1
SIM2
SIM3
SIM4
1
21
22
SIM5
SIM1
SIM2
SIM3
SIM4
1
21
22
SIM5
SIM1
SIM2
SIM3
SIM4
1
21
22
SIM5
SIM1
SIM2
SIM3
SIM4
1
21
22
SIM5
SIM1
SIM2
SIM3
SIM4
1
21
22
SIM5
SIM1
SIM2
SIM3
SIM4
1
21
22
SIM5
SIM1
SIM2
SIM3
SIM4
1
21
22
SIM5
SIM1
SIM2
SIM3
SIM4
1
21
22
SIM5
SIM1
SIM2
SIM3
SIM4
1
21
22
SIM5
SIM1
SIM2
SIM3
SIM4
1
21
22
SIM5
SIM1
SIM2
SIM3
SIM4
1
21
22
SIM5
SIM1
SIM2
SIM3
SIM4
1
21
22
SIM5
SIM1
SIM2
SIM3
SIM4
1
21
22
SIM5
SIM1
SIM2
SIM3
SIM4
1
21
22
SIM5
SIM1
SIM2
SIM3
SIM4
1
21
22
SIM5
SIM1
SIM2
SIM3
SIM4
1
21
22
SIM5
SIM1
SIM2
SIM3
SIM4
1
21
22
SIM5
SIM1
SIM2
SIM3
SIM4
1
21
22
SIM5
SIM1
SIM2
SIM3
SIM4
1
21
22
SIM5
SIM1
SIM2
SIM3
SIM4
1
21
22
SIM5
SIM1
SIM2
SIM3
SIM4
1
21
22
SIM5
SIM1
SIM2
SIM3
SIM4
1
21
22
SIM5
SIM1
SIM2
SIM3
SIM4
1
21
22
SIM5
SIM1
SIM2
SIM3
SIM4
1
21
22
SIM5
SIM1
SIM2
SIM3
SIM4
1
21
22
SIM5
SIM1
SIM2
SIM3
SIM4
1
21
22
SIM5
SIM1
SIM2
SIM3
SIM4
1
21
22
SIM5
SIM1
SIM2
SIM3
SIM4
1
21
22
SIM5
SIM1
SIM2
SIM3
SIM4
1
21
22
SIM5
SIM1
SIM2
SIM3
SIM4
1
21
22
SIM5
SIM1
SIM2
SIM3
SIM4
1
21
22
SIM5
SIM1
SIM2
SIM3
SIM4
1
21
22
SIM5
SIM1
SIM2
SIM3
SIM4
1
21
22
SIM5
SIM1
SIM2
SIM3
SIM4
1
21
22
SIM5
SIM1
SIM2
SIM3
SIM4
1
21
22
SIM5
SIM1
SIM2
SIM3
SIM4
1
21
22
SIM5
SIM1
SIM2
SIM3
SIM4
1
21
22
SIM5
SIM1
SIM2
SIM3
SIM4
1
21
22
SIM5
SIM1
SIM2
SIM3
SIM4
1
21
22
SIM5
SIM1
SIM2
SIM3
SIM4
1
21
22
SIM5
SIM1
SIM2
SIM3
SIM4
1
21
22
SIM5
SIM1
SIM2
SIM3
SIM4
1
21
22
SIM5
SIM1
SIM2
SIM3
SIM4
1
21
22
SIM5
SIM1
SIM2
SIM3
SIM4
1
21
22
SIM5
SIM1
SIM2
SIM3
SIM4
1
21
22
SIM5
SIM1
SIM2
SIM3
SIM4
1
21
22
SIM5
SIM1
SIM2
SIM3
SIM4
1
21
22
SIM5
SIM1
SIM2
SIM3
SIM4
1
21
22
SIM5
SIM1
SIM2
SIM3
SIM4
1
21
22
SIM5
SIM1
SIM2
SIM3
SIM4
1
21
22
SIM5
SIM1
SIM2
SIM3
SIM4
1
21
22
SIM5
SIM1
SIM2
DEBUG 1 100
SIM1
SIM2
SIM3
SIM4
1
21
22
SIM5
SIM1
SIM2
SIM3
SIM4
1
21
22
SIM5
SIM1
SIM2
SIM3
SIM4
1
21
22
SIM5
SIM1
SIM2
SIM3
SIM4
1
21
22
SIM5
SIM1
SIM2
SIM3
SIM4
1
21
22
SIM5
SIM1
SIM2
SIM3
SIM4
1
21
22
SIM5
SIM1
SIM2
SIM3
SIM4
1
21
22
SIM5
SIM1
SIM2
SIM3
SIM4
1
21
22
SIM5
SIM1
SIM2
SIM3
SIM4
1
21
22
SIM5
SIM1
SIM2
SIM3
SIM4
1
21
22
SIM5
SIM1
SIM2
SIM3
SIM4
1
21
22
SIM5
SIM1
SIM2
SIM3
SIM4
1
21
22
SIM5
SIM1
SIM2
SIM3
SIM4
1
21
22
SIM5
SIM1
SIM2
SIM3
SIM4
1
21
22
SIM5
SIM1
SIM2
SIM3
SIM4
1
21
22
SIM5
SIM1
SIM2
SIM3
SIM4
1
21
22
SIM5
SIM1
SIM2
SIM3
SIM4
1
21
22
SIM5
SIM1
SIM2
SIM3
SIM4
1
21
22
SIM5
SIM1
SIM2
SIM3
SIM4
1
21
22
SIM5
SIM1
SIM2
SIM3
SIM4
1
21
22
SIM5
SIM1
SIM2
SIM3
SIM4
1
21
22
SIM5
SIM1
SIM2
SIM3
SIM4
1
21
22
SIM5
SIM1
SIM2
SIM3
SIM4
1
21
22
SIM5
SIM1
SIM2
SIM3
SIM4
1
21
22
SIM5
SIM1
SIM2
SIM3
SIM4
1
21
22
SIM5
SIM1
SIM2
SIM3
SIM4
1
21
22
SIM5
SIM1
SIM2
SIM3
SIM4
1
21
22
SIM5
SIM1
SIM2
SIM3
SIM4
1
21
22
SIM5
SIM1
SIM2
SIM3
SIM4
1
21
22
SIM5
SIM1
SIM2
SIM3
SIM4
1
21
22
SIM5
SIM1
SIM2
SIM3
SIM4
1
21
22
SIM5
SIM1
SIM2
SIM3
SIM4
1
21
22
SIM5
SIM1
SIM2
SIM3
SIM4
1
21
22
SIM5
SIM1
SIM2
SIM3
SIM4
1
21
22
SIM5
SIM1
SIM2
SIM3
SIM4
1
21
22
SIM5
SIM1
SIM2
SIM3
SIM4
1
21
22
SIM5
SIM1
SIM2
SIM3
SIM4
1
21
22
SIM5
SIM1
SIM2
SIM3
SIM4
1
21
22
SIM5
SIM1
SIM2
SIM3
SIM4
1
21
22
SIM5
SIM1
SIM2
SIM3
SIM4
1
21
22
SIM5
SIM1
SIM2
SIM3
SIM4
1
21
22
SIM5
SIM1
SIM2
SIM3
SIM4
1
21
22
SIM5
SIM1
SIM2
SIM3
SIM4
1
21
22
SIM5
SIM1
SIM2
SIM3
SIM4
1
21
22
SIM5
SIM1
SIM2
SIM3
SIM4
1
21
22
SIM5
SIM1
SIM2
SIM3
SIM4
1
21
22
SIM5
SIM1
SIM2
SIM3
SIM4
1
21
22
SIM5
SIM1
SIM2
SIM3
SIM4
1
21
22
SIM5
SIM1
SIM2
SIM3
SIM4
1
21
22
SIM5
SIM1
SIM2
SIM3
SIM4
1
21
22
SIM5
SIM1
SIM2
SIM3
SIM4
1
21
22
SIM5
SIM1
SIM2
SIM3
SIM4
1
21
22
SIM5
SIM1
SIM2
SIM3
SIM4
1
21
22
SIM5
SIM1
SIM2
SIM3
SIM4
1
21
22
SIM5
SIM1
SIM2
SIM3
SIM4
1
21
22
SIM5
SIM1
SIM2
SIM3
SIM4
1
21
22
SIM5
SIM1
SIM2
SIM3
SIM4
1
21
22
SIM5
SIM1
SIM2
SIM3
SIM4
1
21
22
SIM5
SIM1
SIM2
SIM3
SIM4
1
21
22
SIM5
SIM1
SIM2
SIM3
SIM4
1
21
22
SIM5
SIM1
SIM2
SIM3
SIM4
1
21
22
SIM5
SIM1
SIM2
SIM3
SIM4
1
21
22
SIM5
SIM1
SIM2
SIM3
SIM4
1
21
22
SIM5
SIM1
SIM2
SIM3
SIM4
1
21
22
SIM5
SIM1
SIM2
SIM3
SIM4
1
21
22
SIM5
SIM1
SIM2
SIM3
SIM4
1
21
22
SIM5
SIM1
SIM2
SIM3
SIM4
1
21
22
SIM5
SIM1
SIM2
SIM3
SIM4
1
21
22
SIM5
SIM1
SIM2
SIM3
SIM4
1
21
22
SIM5
SIM1
SIM2
SIM3
SIM4
1
21
22
SIM5
SIM1
SIM2
SIM3
SIM4
1
21
22
SIM5
SIM1
SIM2
SIM3
SIM4
1
21
22
SIM5
SIM1
SIM2
SIM3
SIM4
1
21
22
SIM5
SIM1
SIM2
SIM3
SIM4
1
21
22
SIM5
SIM1
SIM2
SIM3
SIM4
1
21
22
SIM5
SIM1
SIM2
SIM3
SIM4
1
21
22
SIM5
SIM1
SIM2
SIM3
SIM4
1
21
22
SIM5
SIM1
SIM2
SIM3
SIM4
1
21
22
SIM5
SIM1
SIM2
SIM3
SIM4
1
21
22
SIM5
SIM1
SIM2
SIM3
SIM4
1
21
22
SIM5
SIM1
SIM2
SIM3
SIM4
1
21
22
SIM5
SIM1
SIM2
SIM3
SIM4
1
21
22
SIM5
SIM1
SIM2
SIM3
SIM4
1
21
22
SIM5
SIM1
SIM2
SIM3
SIM4
1
21
22
SIM5
SIM1
SIM2
SIM3
SIM4
1
21
22
SIM5
SIM1
SIM2
SIM3
SIM4
1
21
22
SIM5
SIM1
SIM2
SIM3
SIM4
1
21
22
SIM5
SIM1
SIM2
SIM3
SIM4
1
21
22
SIM5
SIM1
SIM2
SIM3
SIM4
1
21
22
SIM5
SIM1
SIM2
SIM3
SIM4
1
21
22
SIM5
SIM1
SIM2
SIM3
SIM4
1
21
22
SIM5
SIM1
SIM2
SIM3
SIM4
1
21
22
SIM5
SIM1
SIM2
SIM3
SIM4
1
21
22
SIM5
SIM1
SIM2
SIM3
SIM4
1
21
22
SIM5
SIM1
SIM2
SIM3
SIM4
1
21
22
SIM5
SIM1
SIM2
SIM3
SIM4
1
21
22
SIM5
SIM1
SIM2
SIM3
SIM4
1
21
22
SIM5
SIM1
SIM2
SIM3
SIM4
1
21
22
SIM5
SIM1
SIM2
SIM3
SIM4
1
21
22
SIM5
SIM1
SIM2
SIM3
SIM4
1
21
22
SIM5
SIM1
SIM2
SIM3
SIM4
1
21
22
SIM5
SIM1
SIM2
SIM3
SIM4
1
21
22
SIM5
SIM1
SIM2
SIM3
SIM4
1
21
22
SIM5
SIM1
SIM2
SIM3
SIM4
1
21
22
SIM5
SIM1
SIM2
SIM3
SIM4
1
21
22
SIM5
SIM1
SIM2
SIM3
SIM4
1
21
22
SIM5
SIM1
SIM2
SIM3
SIM4
1
21
22
SIM5
SIM1
SIM2
SIM3
SIM4
1
21
22
SIM5
SIM1
SIM2
SIM3
SIM4
1
21
22
SIM5
SIM1
SIM2
SIM3
SIM4
1
21
22
SIM5
SIM1
SIM2
SIM3
SIM4
1
21
22
SIM5
SIM1
SIM2
SIM3
SIM4
1
21
22
SIM5
SIM1
SIM2
SIM3
SIM4
1
21
22
SIM5
SIM1
SIM2
SIM3
SIM4
1
21
22
SIM5
SIM1
SIM2
SIM3
SIM4
1
21
22
SIM5
SIM1
SIM2
SIM3
SIM4
1
21
22
SIM5
SIM1
SIM2
SIM3
SIM4
1
21
22
SIM5
SIM1
SIM2
SIM3
SIM4
1
21
22
SIM5
SIM1
SIM2
SIM3
SIM4
1
21
22
SIM5
SIM1
SIM2
SIM3
SIM4
1
21
22
SIM5
SIM1
SIM2
SIM3
SIM4
1
21
22
SIM5
SIM1
SIM2
SIM3
SIM4
1
21
22
SIM5
SIM1
SIM2
SIM3
SIM4
1
21
22
SIM5
SIM1
SIM2
SIM3
SIM4
1
21
22
SIM5
SIM1
SIM2
SIM3
SIM4
1
21
22
SIM5
SIM1
SIM2
SIM3
SIM4
1
21
22
SIM5
SIM1
SIM2
SIM3
SIM4
1
21
22
SIM5
SIM1
SIM2
SIM3
SIM4
1
21
22
SIM5
SIM1
SIM2
SIM3
SIM4
1
21
22
SIM5
SIM1
SIM2
SIM3
SIM4
1
21
22
SIM5
SIM1
SIM2
SIM3
SIM4
1
21
22
SIM5
SIM1
SIM2
SIM3
SIM4
1
21
22
SIM5
SIM1
SIM2
SIM3
SIM4
1
21
22
SIM5
SIM1
SIM2
SIM3
SIM4
1
21
22
SIM5
SIM1
SIM2
SIM3
SIM4
1
21
22
SIM5
SIM1
SIM2
SIM3
SIM4
1
21
22
SIM5
SIM1
SIM2
SIM3
SIM4
1
21
22
SIM5
SIM1
SIM2
SIM3
SIM4
1
21
22
SIM5
SIM1
SIM2
SIM3
SIM4
1
21
22
SIM5
SIM1
SIM2
SIM3
SIM4
1
21
22
SIM5
SIM1
SIM2
SIM3
SIM4
1
21
22
SIM5
SIM1
SIM2
SIM3
SIM4
1
21
22
SIM5
SIM1
SIM2
SIM3
SIM4
1
21
22
SIM5
SIM1
SIM2
SIM3
SIM4
1
21
22
SIM5
SIM1
SIM2
SIM3
SIM4
1
21
22
SIM5
SIM1
SIM2
SIM3
SIM4
1
21
22
SIM5
SIM1
SIM2
SIM3
SIM4
1
21
22
SIM5
SIM1
SIM2
SIM3
SIM4
1
21
22
SIM5
SIM1
SIM2
SIM3
SIM4
1
21
22
SIM5
SIM1
SIM2
SIM3
SIM4
1
21
22
SIM5
SIM1
SIM2
SIM3
SIM4
1
21
22
SIM5
SIM1
SIM2
SIM3
SIM4
1
21
22
SIM5
SIM1
SIM2
SIM3
SIM4
1
21
22
SIM5
SIM1
SIM2
SIM3
SIM4
1
21
22
SIM5
SIM1
SIM2
SIM3
SIM4
1
21
22
SIM5
SIM1
SIM2
SIM3
SIM4
1
21
22
SIM5
SIM1
SIM2
SIM3
SIM4
1
21
22
SIM5
SIM1
SIM2
SIM3
SIM4
1
21
22
SIM5
SIM1
SIM2
SIM3
SIM4
1
21
22
SIM5
SIM1
SIM2
SIM3
SIM4
1
21
22
SIM5
SIM1
SIM2
SIM3
SIM4
1
21
22
SIM5
SIM1
SIM2
SIM3
SIM4
1
21
22
SIM5
SIM1
SIM2
SIM3
SIM4
1
21
22
SIM5
SIM1
SIM2
SIM3
SIM4
1
21
22
SIM5
SIM1
SIM2
SIM3
SIM4
1
21
22
SIM5
SIM1
SIM2
SIM3
SIM4
1
21
22
SIM5
SIM1
SIM2
SIM3
SIM4
1
21
22
SIM5
SIM1
SIM2
SIM3
SIM4
1
21
22
SIM5
SIM1
SIM2
SIM3
SIM4
1
21
22
SIM5
SIM1
SIM2
SIM3
SIM4
1
21
22
SIM5
SIM1
SIM2
SIM3
SIM4
1
21
22
SIM5
SIM1
SIM2
SIM3
SIM4
1
21
22
SIM5
SIM1
SIM2
SIM3
SIM4
1
21
22
SIM5
SIM1
SIM2
SIM3
SIM4
1
21
22
SIM5
SIM1
SIM2
SIM3
SIM4
1
21
22
SIM5
SIM1
SIM2
SIM3
SIM4
1
21
22
SIM5
SIM1
SIM2
SIM3
SIM4
1
21
22
SIM5
SIM1
SIM2
DEBUG 1 101
SIM1
SIM2
SIM3
SIM4
1
21
22
SIM5
SIM1
SIM2
SIM3
SIM4
1
21
22
SIM5
SIM1
SIM2
SIM3
SIM4
1
21
22
SIM5
SIM1
SIM2
SIM3
SIM4
1
21
22
SIM5
SIM1
SIM2
SIM3
SIM4
1
21
22
SIM5
SIM1
SIM2
SIM3
SIM4
1
21
22
SIM5
SIM1
SIM2
SIM3
SIM4
1
21
22
SIM5
SIM1
SIM2
SIM3
SIM4
1
21
22
SIM5
SIM1
SIM2
SIM3
SIM4
1
21
22
SIM5
SIM1
SIM2
SIM3
SIM4
1
21
22
SIM5
SIM1
SIM2
SIM3
SIM4
1
21
22
SIM5
SIM1
SIM2
SIM3
SIM4
1
21
22
SIM5
SIM1
SIM2
SIM3
SIM4
1
21
22
SIM5
SIM1
SIM2
SIM3
SIM4
1
21
22
SIM5
SIM1
SIM2
SIM3
SIM4
1
21
22
SIM5
SIM1
SIM2
SIM3
SIM4
1
21
22
SIM5
SIM1
SIM2
SIM3
SIM4
1
21
22
SIM5
SIM1
SIM2
SIM3
SIM4
1
21
22
SIM5
SIM1
SIM2
SIM3
SIM4
1
21
22
SIM5
SIM1
SIM2
SIM3
SIM4
1
21
22
SIM5
SIM1
SIM2
SIM3
SIM4
1
21
22
SIM5
SIM1
SIM2
SIM3
SIM4
1
21
22
SIM5
SIM1
SIM2
SIM3
SIM4
1
21
22
SIM5
SIM1
SIM2
SIM3
SIM4
1
21
22
SIM5
SIM1
SIM2
SIM3
SIM4
1
21
22
SIM5
SIM1
SIM2
SIM3
SIM4
1
21
22
SIM5
SIM1
SIM2
SIM3
SIM4
1
21
22
SIM5
SIM1
SIM2
SIM3
SIM4
1
21
22
SIM5
SIM1
SIM2
SIM3
SIM4
1
21
22
SIM5
SIM1
SIM2
SIM3
SIM4
1
21
22
SIM5
SIM1
SIM2
SIM3
SIM4
1
21
22
SIM5
SIM1
SIM2
SIM3
SIM4
1
21
22
SIM5
SIM1
SIM2
SIM3
SIM4
1
21
22
SIM5
SIM1
SIM2
SIM3
SIM4
1
21
22
SIM5
SIM1
SIM2
SIM3
SIM4
1
21
22
SIM5
SIM1
SIM2
SIM3
SIM4
1
21
22
SIM5
SIM1
SIM2
SIM3
SIM4
1
21
22
SIM5
SIM1
SIM2
SIM3
SIM4
1
21
22
SIM5
SIM1
SIM2
SIM3
SIM4
1
21
22
SIM5
SIM1
SIM2
SIM3
SIM4
1
21
22
SIM5
SIM1
SIM2
SIM3
SIM4
1
21
22
SIM5
SIM1
SIM2
SIM3
SIM4
1
21
22
SIM5
SIM1
SIM2
SIM3
SIM4
1
21
22
SIM5
SIM1
SIM2
SIM3
SIM4
1
21
22
SIM5
SIM1
SIM2
SIM3
SIM4
1
21
22
SIM5
SIM1
SIM2
SIM3
SIM4
1
21
22
SIM5
SIM1
SIM2
SIM3
SIM4
1
21
22
SIM5
SIM1
SIM2
SIM3
SIM4
1
21
22
SIM5
SIM1
SIM2
SIM3
SIM4
1
21
22
SIM5
SIM1
SIM2
SIM3
SIM4
1
21
22
SIM5
SIM1
SIM2
SIM3
SIM4
1
21
22
SIM5
SIM1
SIM2
SIM3
SIM4
1
21
22
SIM5
SIM1
SIM2
SIM3
SIM4
1
21
22
SIM5
SIM1
SIM2
SIM3
SIM4
1
21
22
SIM5
SIM1
SIM2
SIM3
SIM4
1
21
22
SIM5
SIM1
SIM2
SIM3
SIM4
1
21
22
SIM5
SIM1
SIM2
SIM3
SIM4
1
21
22
SIM5
SIM1
SIM2
SIM3
SIM4
1
21
22
SIM5
SIM1
SIM2
SIM3
SIM4
1
21
22
SIM5
SIM1
SIM2
SIM3
SIM4
1
21
22
SIM5
SIM1
SIM2
SIM3
SIM4
1
21
22
SIM5
SIM1
SIM2
SIM3
SIM4
1
21
22
SIM5
SIM1
SIM2
SIM3
SIM4
1
21
22
SIM5
SIM1
SIM2
SIM3
SIM4
1
21
22
SIM5
SIM1
SIM2
SIM3
SIM4
1
21
22
SIM5
SIM1
SIM2
SIM3
SIM4
1
21
22
SIM5
SIM1
SIM2
SIM3
SIM4
1
21
22
SIM5
SIM1
SIM2
SIM3
SIM4
1
21
22
SIM5
SIM1
SIM2
SIM3
SIM4
1
21
22
SIM5
SIM1
SIM2
SIM3
SIM4
1
21
22
SIM5
SIM1
SIM2
SIM3
SIM4
1
21
22
SIM5
SIM1
SIM2
SIM3
SIM4
1
21
22
SIM5
SIM1
SIM2
SIM3
SIM4
1
21
22
SIM5
SIM1
SIM2
SIM3
SIM4
1
21
22
SIM5
SIM1
SIM2
SIM3
SIM4
1
21
22
SIM5
SIM1
SIM2
SIM3
SIM4
1
21
22
SIM5
SIM1
SIM2
SIM3
SIM4
1
21
22
SIM5
SIM1
SIM2
SIM3
SIM4
1
21
22
SIM5
SIM1
SIM2
SIM3
SIM4
1
21
22
SIM5
SIM1
SIM2
SIM3
SIM4
1
21
22
SIM5
SIM1
SIM2
SIM3
SIM4
1
21
22
SIM5
SIM1
SIM2
SIM3
SIM4
1
21
22
SIM5
SIM1
SIM2
SIM3
SIM4
1
21
22
SIM5
SIM1
SIM2
SIM3
SIM4
1
21
22
SIM5
SIM1
SIM2
SIM3
SIM4
1
21
22
SIM5
SIM1
SIM2
SIM3
SIM4
1
21
22
SIM5
SIM1
SIM2
SIM3
SIM4
1
21
22
SIM5
SIM1
SIM2
SIM3
SIM4
1
21
22
SIM5
SIM1
SIM2
SIM3
SIM4
1
21
22
SIM5
SIM1
SIM2
SIM3
SIM4
1
21
22
SIM5
SIM1
SIM2
SIM3
SIM4
1
21
22
SIM5
SIM1
SIM2
SIM3
SIM4
1
21
22
SIM5
SIM1
SIM2
SIM3
SIM4
1
21
22
SIM5
SIM1
SIM2
SIM3
SIM4
1
21
22
SIM5
SIM1
SIM2
SIM3
SIM4
1
21
22
SIM5
SIM1
SIM2
SIM3
SIM4
1
21
22
SIM5
SIM1
SIM2
SIM3
SIM4
1
21
22
SIM5
SIM1
SIM2
SIM3
SIM4
1
21
22
SIM5
SIM1
SIM2
SIM3
SIM4
1
21
22
SIM5
SIM1
SIM2
SIM3
SIM4
1
21
22
SIM5
SIM1
SIM2
SIM3
SIM4
1
21
22
SIM5
SIM1
SIM2
SIM3
SIM4
1
21
22
SIM5
SIM1
SIM2
SIM3
SIM4
1
21
22
SIM5
SIM1
SIM2
SIM3
SIM4
1
21
22
SIM5
SIM1
SIM2
SIM3
SIM4
1
21
22
SIM5
SIM1
SIM2
SIM3
SIM4
1
21
22
SIM5
SIM1
SIM2
SIM3
SIM4
1
21
22
SIM5
SIM1
SIM2
SIM3
SIM4
1
21
22
SIM5
SIM1
SIM2
SIM3
SIM4
1
21
22
SIM5
SIM1
SIM2
SIM3
SIM4
1
21
22
SIM5
SIM1
SIM2
SIM3
SIM4
1
21
22
SIM5
SIM1
SIM2
SIM3
SIM4
1
21
22
SIM5
SIM1
SIM2
SIM3
SIM4
1
21
22
SIM5
SIM1
SIM2
SIM3
SIM4
1
21
22
SIM5
SIM1
SIM2
SIM3
SIM4
1
21
22
SIM5
SIM1
SIM2
SIM3
SIM4
1
21
22
SIM5
SIM1
SIM2
SIM3
SIM4
1
21
22
SIM5
SIM1
SIM2
SIM3
SIM4
1
21
22
SIM5
SIM1
SIM2
SIM3
SIM4
1
21
22
SIM5
SIM1
SIM2
SIM3
SIM4
1
21
22
SIM5
SIM1
SIM2
SIM3
SIM4
1
21
22
SIM5
SIM1
SIM2
SIM3
SIM4
1
21
22
SIM5
SIM1
SIM2
SIM3
SIM4
1
21
22
SIM5
SIM1
SIM2
SIM3
SIM4
1
21
22
SIM5
SIM1
SIM2
SIM3
SIM4
1
21
22
SIM5
SIM1
SIM2
SIM3
SIM4
1
21
22
SIM5
SIM1
SIM2
SIM3
SIM4
1
21
22
SIM5
SIM1
SIM2
SIM3
SIM4
1
21
22
SIM5
SIM1
SIM2
SIM3
SIM4
1
21
22
SIM5
SIM1
SIM2
SIM3
SIM4
1
21
22
SIM5
SIM1
SIM2
SIM3
SIM4
1
21
22
SIM5
SIM1
SIM2
SIM3
SIM4
1
21
22
SIM5
SIM1
SIM2
SIM3
SIM4
1
21
22
SIM5
SIM1
SIM2
SIM3
SIM4
1
21
22
SIM5
SIM1
SIM2
DEBUG 1 102
SIM1
SIM2
SIM3
SIM4
1
21
22
SIM5
SIM1
SIM2
SIM3
SIM4
1
21
22
SIM5
SIM1
SIM2
SIM3
SIM4
1
21
22
SIM5
SIM1
SIM2
SIM3
SIM4
1
21
22
SIM5
SIM1
SIM2
SIM3
SIM4
1
21
22
SIM5
SIM1
SIM2
SIM3
SIM4
1
21
22
SIM5
SIM1
SIM2
SIM3
SIM4
1
21
22
SIM5
SIM1
SIM2
SIM3
SIM4
1
21
22
SIM5
SIM1
SIM2
SIM3
SIM4
1
21
22
SIM5
SIM1
SIM2
SIM3
SIM4
1
21
22
SIM5
SIM1
SIM2
SIM3
SIM4
1
21
22
SIM5
SIM1
SIM2
SIM3
SIM4
1
21
22
SIM5
SIM1
SIM2
SIM3
SIM4
1
21
22
SIM5
SIM1
SIM2
SIM3
SIM4
1
21
22
SIM5
SIM1
SIM2
SIM3
SIM4
1
21
22
SIM5
SIM1
SIM2
SIM3
SIM4
1
21
22
SIM5
SIM1
SIM2
SIM3
SIM4
1
21
22
SIM5
SIM1
SIM2
SIM3
SIM4
1
21
22
SIM5
SIM1
SIM2
SIM3
SIM4
1
21
22
SIM5
SIM1
SIM2
SIM3
SIM4
1
21
22
SIM5
SIM1
SIM2
SIM3
SIM4
1
21
22
SIM5
SIM1
SIM2
SIM3
SIM4
1
21
22
SIM5
SIM1
SIM2
SIM3
SIM4
1
21
22
SIM5
SIM1
SIM2
SIM3
SIM4
1
21
22
SIM5
SIM1
SIM2
SIM3
SIM4
1
21
22
SIM5
SIM1
SIM2
SIM3
SIM4
1
21
22
SIM5
SIM1
SIM2
SIM3
SIM4
1
21
22
SIM5
SIM1
SIM2
SIM3
SIM4
1
21
22
SIM5
SIM1
SIM2
SIM3
SIM4
1
21
22
SIM5
SIM1
SIM2
SIM3
SIM4
1
21
22
SIM5
SIM1
SIM2
SIM3
SIM4
1
21
22
SIM5
SIM1
SIM2
SIM3
SIM4
1
21
22
SIM5
SIM1
SIM2
SIM3
SIM4
1
21
22
SIM5
SIM1
SIM2
SIM3
SIM4
1
21
22
SIM5
SIM1
SIM2
SIM3
SIM4
1
21
22
SIM5
SIM1
SIM2
SIM3
SIM4
1
21
22
SIM5
SIM1
SIM2
SIM3
SIM4
1
21
22
SIM5
SIM1
SIM2
SIM3
SIM4
1
21
22
SIM5
SIM1
SIM2
SIM3
SIM4
1
21
22
SIM5
SIM1
SIM2
SIM3
SIM4
1
21
22
SIM5
SIM1
SIM2
SIM3
SIM4
1
21
22
SIM5
SIM1
SIM2
SIM3
SIM4
1
21
22
SIM5
SIM1
SIM2
SIM3
SIM4
1
21
22
SIM5
SIM1
SIM2
SIM3
SIM4
1
21
22
SIM5
SIM1
SIM2
SIM3
SIM4
1
21
22
SIM5
SIM1
SIM2
SIM3
SIM4
1
21
22
SIM5
SIM1
SIM2
SIM3
SIM4
1
21
22
SIM5
SIM1
SIM2
SIM3
SIM4
1
21
22
SIM5
SIM1
SIM2
SIM3
SIM4
1
21
22
SIM5
SIM1
SIM2
SIM3
SIM4
1
21
22
SIM5
SIM1
SIM2
SIM3
SIM4
1
21
22
SIM5
SIM1
SIM2
SIM3
SIM4
1
21
22
SIM5
SIM1
SIM2
SIM3
SIM4
1
21
22
SIM5
SIM1
SIM2
SIM3
SIM4
1
21
22
SIM5
SIM1
SIM2
SIM3
SIM4
1
21
22
SIM5
SIM1
SIM2
SIM3
SIM4
1
21
22
SIM5
SIM1
SIM2
SIM3
SIM4
1
21
22
SIM5
SIM1
SIM2
SIM3
SIM4
1
21
22
SIM5
SIM1
SIM2
SIM3
SIM4
1
21
22
SIM5
SIM1
SIM2
SIM3
SIM4
1
21
22
SIM5
SIM1
SIM2
SIM3
SIM4
1
21
22
SIM5
SIM1
SIM2
SIM3
SIM4
1
21
22
SIM5
SIM1
SIM2
SIM3
SIM4
1
21
22
SIM5
SIM1
SIM2
SIM3
SIM4
1
21
22
SIM5
SIM1
SIM2
SIM3
SIM4
1
21
22
SIM5
SIM1
SIM2
SIM3
SIM4
1
21
22
SIM5
SIM1
SIM2
SIM3
SIM4
1
21
22
SIM5
SIM1
SIM2
SIM3
SIM4
1
21
22
SIM5
SIM1
SIM2
SIM3
SIM4
1
21
22
SIM5
SIM1
SIM2
SIM3
SIM4
1
21
22
SIM5
SIM1
SIM2
SIM3
SIM4
1
21
22
SIM5
SIM1
SIM2
SIM3
SIM4
1
21
22
SIM5
SIM1
SIM2
SIM3
SIM4
1
21
22
SIM5
SIM1
SIM2
SIM3
SIM4
1
21
22
SIM5
SIM1
SIM2
SIM3
SIM4
1
21
22
SIM5
SIM1
SIM2
SIM3
SIM4
1
21
22
SIM5
SIM1
SIM2
SIM3
SIM4
1
21
22
SIM5
SIM1
SIM2
SIM3
SIM4
1
21
22
SIM5
SIM1
SIM2
SIM3
SIM4
1
21
22
SIM5
SIM1
SIM2
SIM3
SIM4
1
21
22
SIM5
SIM1
SIM2
SIM3
SIM4
1
21
22
SIM5
SIM1
SIM2
SIM3
SIM4
1
21
22
SIM5
SIM1
SIM2
SIM3
SIM4
1
21
22
SIM5
SIM1
SIM2
SIM3
SIM4
1
21
22
SIM5
SIM1
SIM2
SIM3
SIM4
1
21
22
SIM5
SIM1
SIM2
SIM3
SIM4
1
21
22
SIM5
SIM1
SIM2
SIM3
SIM4
1
21
22
SIM5
SIM1
SIM2
SIM3
SIM4
1
21
22
SIM5
SIM1
SIM2
SIM3
SIM4
1
21
22
SIM5
SIM1
SIM2
SIM3
SIM4
1
21
22
SIM5
SIM1
SIM2
SIM3
SIM4
1
21
22
SIM5
SIM1
SIM2
SIM3
SIM4
1
21
22
SIM5
SIM1
SIM2
SIM3
SIM4
1
21
22
SIM5
SIM1
SIM2
SIM3
SIM4
1
21
22
SIM5
SIM1
SIM2
SIM3
SIM4
1
21
22
SIM5
SIM1
SIM2
SIM3
SIM4
1
21
22
SIM5
SIM1
SIM2
SIM3
SIM4
1
21
22
SIM5
SIM1
SIM2
SIM3
SIM4
1
21
22
SIM5
SIM1
SIM2
SIM3
SIM4
1
21
22
SIM5
SIM1
SIM2
SIM3
SIM4
1
21
22
SIM5
SIM1
SIM2
SIM3
SIM4
1
21
22
SIM5
SIM1
SIM2
SIM3
SIM4
1
21
22
SIM5
SIM1
SIM2
SIM3
SIM4
1
21
22
SIM5
SIM1
SIM2
SIM3
SIM4
1
21
22
SIM5
SIM1
SIM2
SIM3
SIM4
1
21
22
SIM5
SIM1
SIM2
SIM3
SIM4
1
21
22
SIM5
SIM1
SIM2
SIM3
SIM4
1
21
22
SIM5
SIM1
SIM2
SIM3
SIM4
1
21
22
SIM5
SIM1
SIM2
SIM3
SIM4
1
21
22
SIM5
SIM1
SIM2
SIM3
SIM4
1
21
22
SIM5
SIM1
SIM2
SIM3
SIM4
1
21
22
SIM5
SIM1
SIM2
SIM3
SIM4
1
21
22
SIM5
SIM1
SIM2
SIM3
SIM4
1
21
22
SIM5
SIM1
SIM2
SIM3
SIM4
1
21
22
SIM5
SIM1
SIM2
SIM3
SIM4
1
21
22
SIM5
SIM1
SIM2
SIM3
SIM4
1
21
22
SIM5
SIM1
SIM2
SIM3
SIM4
1
21
22
SIM5
SIM1
SIM2
SIM3
SIM4
1
21
22
SIM5
SIM1
SIM2
SIM3
SIM4
1
21
22
SIM5
SIM1
SIM2
SIM3
SIM4
1
21
22
SIM5
SIM1
SIM2
SIM3
SIM4
1
21
22
SIM5
SIM1
SIM2
SIM3
SIM4
1
21
22
SIM5
SIM1
SIM2
SIM3
SIM4
1
21
22
SIM5
SIM1
SIM2
SIM3
SIM4
1
21
22
SIM5
SIM1
SIM2
SIM3
SIM4
1
21
22
SIM5
SIM1
SIM2
SIM3
SIM4
1
21
22
SIM5
SIM1
SIM2
SIM3
SIM4
1
21
22
SIM5
SIM1
SIM2
SIM3
SIM4
1
21
22
SIM5
SIM1
SIM2
SIM3
SIM4
1
21
22
SIM5
SIM1
SIM2
SIM3
SIM4
1
21
22
SIM5
SIM1
SIM2
SIM3
SIM4
1
21
22
SIM5
SIM1
SIM2
SIM3
SIM4
1
21
22
SIM5
SIM1
SIM2
SIM3
SIM4
1
21
22
SIM5
SIM1
SIM2
SIM3
SIM4
1
21
22
SIM5
SIM1
SIM2
SIM3
SIM4
1
21
22
SIM5
SIM1
SIM2
SIM3
SIM4
1
21
22
SIM5
SIM1
SIM2
SIM3
SIM4
1
21
22
SIM5
SIM1
SIM2
SIM3
SIM4
1
21
22
SIM5
SIM1
SIM2
SIM3
SIM4
1
21
22
SIM5
SIM1
SIM2
SIM3
SIM4
1
21
22
SIM5
SIM1
SIM2
SIM3
SIM4
1
21
22
SIM5
SIM1
SIM2
SIM3
SIM4
1
21
22
SIM5
SIM1
SIM2
SIM3
SIM4
1
21
22
SIM5
SIM1
SIM2
SIM3
SIM4
1
21
22
SIM5
SIM1
SIM2
SIM3
SIM4
1
21
22
SIM5
SIM1
SIM2
SIM3
SIM4
1
21
22
SIM5
SIM1
SIM2
SIM3
SIM4
1
21
22
SIM5
SIM1
SIM2
SIM3
SIM4
1
21
22
SIM5
SIM1
SIM2
SIM3
SIM4
1
21
22
SIM5
SIM1
SIM2
SIM3
SIM4
1
21
22
SIM5
SIM1
SIM2
SIM3
SIM4
1
21
22
SIM5
SIM1
SIM2
SIM3
SIM4
1
21
22
SIM5
SIM1
SIM2
SIM3
SIM4
1
21
22
SIM5
SIM1
SIM2
SIM3
SIM4
1
21
22
SIM5
SIM1
SIM2
SIM3
SIM4
1
21
22
SIM5
SIM1
SIM2
SIM3
SIM4
1
21
22
SIM5
SIM1
SIM2
SIM3
SIM4
1
21
22
SIM5
SIM1
SIM2
SIM3
SIM4
1
21
22
SIM5
SIM1
SIM2
SIM3
SIM4
1
21
22
SIM5
SIM1
SIM2
SIM3
SIM4
1
21
22
SIM5
SIM1
SIM2
SIM3
SIM4
1
21
22
SIM5
SIM1
SIM2
SIM3
SIM4
1
21
22
SIM5
SIM1
SIM2
SIM3
SIM4
1
21
22
SIM5
SIM1
SIM2
SIM3
SIM4
1
21
22
SIM5
SIM1
SIM2
SIM3
SIM4
1
21
22
SIM5
SIM1
SIM2
SIM3
SIM4
1
21
22
SIM5
SIM1
SIM2
SIM3
SIM4
1
21
22
SIM5
SIM1
SIM2
SIM3
SIM4
1
21
22
SIM5
SIM1
SIM2
SIM3
SIM4
1
21
22
SIM5
SIM1
SIM2
SIM3
SIM4
1
21
22
SIM5
SIM1
SIM2
SIM3
SIM4
1
21
22
SIM5
SIM1
SIM2
SIM3
SIM4
1
21
22
SIM5
SIM1
SIM2
SIM3
SIM4
1
21
22
SIM5
SIM1
SIM2
SIM3
SIM4
1
21
22
SIM5
SIM1
SIM2
SIM3
SIM4
1
21
22
SIM5
SIM1
SIM2
SIM3
SIM4
1
21
22
SIM5
SIM1
SIM2
SIM3
SIM4
1
21
22
SIM5
SIM1
SIM2
SIM3
SIM4
1
21
22
SIM5
SIM1
SIM2
SIM3
SIM4
1
21
22
SIM5
SIM1
SIM2
SIM3
SIM4
1
21
22
SIM5
SIM1
SIM2
SIM3
SIM4
1
21
22
SIM5
SIM1
SIM2
SIM3
SIM4
1
21
22
SIM5
SIM1
SIM2
SIM3
SIM4
1
21
22
SIM5
SIM1
SIM2
SIM3
SIM4
1
21
22
SIM5
SIM1
SIM2
SIM3
SIM4
1
21
22
SIM5
SIM1
SIM2
SIM3
SIM4
1
21
22
SIM5
SIM1
SIM2
SIM3
SIM4
1
21
22
SIM5
SIM1
SIM2
SIM3
SIM4
1
21
22
SIM5
SIM1
SIM2
SIM3
SIM4
1
21
22
SIM5
SIM1
SIM2
SIM3
SIM4
1
21
22
SIM5
SIM1
SIM2
SIM3
SIM4
1
21
22
SIM5
SIM1
SIM2
SIM3
SIM4
1
21
22
SIM5
SIM1
SIM2
SIM3
SIM4
1
21
22
SIM5
SIM1
SIM2
SIM3
SIM4
1
21
22
SIM5
SIM1
SIM2
SIM3
SIM4
1
21
22
SIM5
SIM1
SIM2
SIM3
SIM4
1
21
22
SIM5
SIM1
SIM2
SIM3
SIM4
1
21
22
SIM5
SIM1
SIM2
SIM3
SIM4
1
21
22
SIM5
SIM1
SIM2
SIM3
SIM4
1
21
22
SIM5
SIM1
SIM2
SIM3
SIM4
1
21
22
SIM5
SIM1
SIM2
SIM3
SIM4
1
21
22
SIM5
SIM1
SIM2
SIM3
SIM4
1
21
22
SIM5
SIM1
SIM2
SIM3
SIM4
1
21
22
SIM5
SIM1
SIM2
SIM3
SIM4
1
21
22
SIM5
SIM1
SIM2
SIM3
SIM4
1
21
22
SIM5
SIM1
SIM2
SIM3
SIM4
1
21
22
SIM5
SIM1
SIM2
SIM3
SIM4
1
21
22
SIM5
SIM1
SIM2
SIM3
SIM4
1
21
22
SIM5
SIM1
SIM2
SIM3
SIM4
1
21
22
SIM5
SIM1
SIM2
SIM3
SIM4
1
21
22
SIM5
SIM1
SIM2
SIM3
SIM4
1
21
22
SIM5
SIM1
SIM2
SIM3
SIM4
1
21
22
SIM5
SIM1
SIM2
SIM3
SIM4
1
21
22
SIM5
SIM1
SIM2
SIM3
SIM4
1
21
22
SIM5
SIM1
SIM2
SIM3
SIM4
1
21
22
SIM5
SIM1
SIM2
SIM3
SIM4
1
21
22
SIM5
SIM1
SIM2
SIM3
SIM4
1
21
22
SIM5
SIM1
SIM2
SIM3
SIM4
1
21
22
SIM5
SIM1
SIM2
SIM3
SIM4
1
21
22
SIM5
SIM1
SIM2
SIM3
SIM4
1
21
22
SIM5
SIM1
SIM2
SIM3
SIM4
1
21
22
SIM5
SIM1
SIM2
SIM3
SIM4
1
21
22
SIM5
SIM1
SIM2
SIM3
SIM4
1
21
22
SIM5
SIM1
SIM2
SIM3
SIM4
1
21
22
SIM5
SIM1
SIM2
SIM3
SIM4
1
21
22
SIM5
SIM1
SIM2
SIM3
SIM4
1
21
22
SIM5
SIM1
SIM2
SIM3
SIM4
1
21
22
SIM5
SIM1
SIM2
SIM3
SIM4
1
21
22
SIM5
SIM1
SIM2
SIM3
SIM4
1
21
22
SIM5
SIM1
SIM2
SIM3
SIM4
1
21
22
SIM5
SIM1
SIM2
SIM3
SIM4
1
21
22
SIM5
SIM1
SIM2
SIM3
SIM4
1
21
22
SIM5
SIM1
SIM2
SIM3
SIM4
1
21
22
SIM5
SIM1
SIM2
SIM3
SIM4
1
21
22
SIM5
SIM1
SIM2
SIM3
SIM4
1
21
22
SIM5
SIM1
SIM2
SIM3
SIM4
1
21
22
SIM5
SIM1
SIM2
SIM3
SIM4
1
21
22
SIM5
SIM1
SIM2
SIM3
SIM4
1
21
22
SIM5
SIM1
SIM2
SIM3
SIM4
1
21
22
SIM5
SIM1
SIM2
SIM3
SIM4
1
21
22
SIM5
SIM1
SIM2
SIM3
SIM4
1
21
22
SIM5
SIM1
SIM2
SIM3
SIM4
1
21
22
SIM5
SIM1
SIM2
SIM3
SIM4
1
21
22
SIM5
SIM1
SIM2
DEBUG 1 103
SIM1
SIM2
SIM3
SIM4
1
21
22
SIM5
SIM1
SIM2
SIM3
SIM4
1
21
22
SIM5
SIM1
SIM2
SIM3
SIM4
1
21
22
SIM5
SIM1
SIM2
SIM3
SIM4
1
21
22
SIM5
SIM1
SIM2
SIM3
SIM4
1
21
22
SIM5
SIM1
SIM2
SIM3
SIM4
1
21
22
SIM5
SIM1
SIM2
SIM3
SIM4
1
21
22
SIM5
SIM1
SIM2
SIM3
SIM4
1
21
22
SIM5
SIM1
SIM2
SIM3
SIM4
1
21
22
SIM5
SIM1
SIM2
SIM3
SIM4
1
21
22
SIM5
SIM1
SIM2
SIM3
SIM4
1
21
22
SIM5
SIM1
SIM2
SIM3
SIM4
1
21
22
SIM5
SIM1
SIM2
SIM3
SIM4
1
21
22
SIM5
SIM1
SIM2
SIM3
SIM4
1
21
22
SIM5
SIM1
SIM2
SIM3
SIM4
1
21
22
SIM5
SIM1
SIM2
SIM3
SIM4
1
21
22
SIM5
SIM1
SIM2
SIM3
SIM4
1
21
22
SIM5
SIM1
SIM2
SIM3
SIM4
1
21
22
SIM5
SIM1
SIM2
SIM3
SIM4
1
21
22
SIM5
SIM1
SIM2
SIM3
SIM4
1
21
22
SIM5
SIM1
SIM2
SIM3
SIM4
1
21
22
SIM5
SIM1
SIM2
SIM3
SIM4
1
21
22
SIM5
SIM1
SIM2
SIM3
SIM4
1
21
22
SIM5
SIM1
SIM2
SIM3
SIM4
1
21
22
SIM5
SIM1
SIM2
SIM3
SIM4
1
21
22
SIM5
SIM1
SIM2
SIM3
SIM4
1
21
22
SIM5
SIM1
SIM2
SIM3
SIM4
1
21
22
SIM5
SIM1
SIM2
SIM3
SIM4
1
21
22
SIM5
SIM1
SIM2
SIM3
SIM4
1
21
22
SIM5
SIM1
SIM2
SIM3
SIM4
1
21
22
SIM5
SIM1
SIM2
SIM3
SIM4
1
21
22
SIM5
SIM1
SIM2
SIM3
SIM4
1
21
22
SIM5
SIM1
SIM2
SIM3
SIM4
1
21
22
SIM5
SIM1
SIM2
SIM3
SIM4
1
21
22
SIM5
SIM1
SIM2
SIM3
SIM4
1
21
22
SIM5
SIM1
SIM2
SIM3
SIM4
1
21
22
SIM5
SIM1
SIM2
SIM3
SIM4
1
21
22
SIM5
SIM1
SIM2
SIM3
SIM4
1
21
22
SIM5
SIM1
SIM2
SIM3
SIM4
1
21
22
SIM5
SIM1
SIM2
SIM3
SIM4
1
21
22
SIM5
SIM1
SIM2
SIM3
SIM4
1
21
22
SIM5
SIM1
SIM2
SIM3
SIM4
1
21
22
SIM5
SIM1
SIM2
SIM3
SIM4
1
21
22
SIM5
SIM1
SIM2
SIM3
SIM4
1
21
22
SIM5
SIM1
SIM2
SIM3
SIM4
1
21
22
SIM5
SIM1
SIM2
SIM3
SIM4
1
21
22
SIM5
SIM1
SIM2
SIM3
SIM4
1
21
22
SIM5
SIM1
SIM2
SIM3
SIM4
1
21
22
SIM5
SIM1
SIM2
SIM3
SIM4
1
21
22
SIM5
SIM1
SIM2
SIM3
SIM4
1
21
22
SIM5
SIM1
SIM2
SIM3
SIM4
1
21
22
SIM5
SIM1
SIM2
SIM3
SIM4
1
21
22
SIM5
SIM1
SIM2
SIM3
SIM4
1
21
22
SIM5
SIM1
SIM2
SIM3
SIM4
1
21
22
SIM5
SIM1
SIM2
SIM3
SIM4
1
21
22
SIM5
SIM1
SIM2
SIM3
SIM4
1
21
22
SIM5
SIM1
SIM2
SIM3
SIM4
1
21
22
SIM5
SIM1
SIM2
SIM3
SIM4
1
21
22
SIM5
SIM1
SIM2
SIM3
SIM4
1
21
22
SIM5
SIM1
SIM2
SIM3
SIM4
1
21
22
SIM5
SIM1
SIM2
SIM3
SIM4
1
21
22
SIM5
SIM1
SIM2
SIM3
SIM4
1
21
22
SIM5
SIM1
SIM2
SIM3
SIM4
1
21
22
SIM5
SIM1
SIM2
SIM3
SIM4
1
21
22
SIM5
SIM1
SIM2
SIM3
SIM4
1
21
22
SIM5
SIM1
SIM2
SIM3
SIM4
1
21
22
SIM5
SIM1
SIM2
SIM3
SIM4
1
21
22
SIM5
SIM1
SIM2
SIM3
SIM4
1
21
22
SIM5
SIM1
SIM2
SIM3
SIM4
1
21
22
SIM5
SIM1
SIM2
SIM3
SIM4
1
21
22
SIM5
SIM1
SIM2
SIM3
SIM4
1
21
22
SIM5
SIM1
SIM2
SIM3
SIM4
1
21
22
SIM5
SIM1
SIM2
SIM3
SIM4
1
21
22
SIM5
SIM1
SIM2
SIM3
SIM4
1
21
22
SIM5
SIM1
SIM2
SIM3
SIM4
1
21
22
SIM5
SIM1
SIM2
SIM3
SIM4
1
21
22
SIM5
SIM1
SIM2
SIM3
SIM4
1
21
22
SIM5
SIM1
SIM2
SIM3
SIM4
1
21
22
SIM5
SIM1
SIM2
SIM3
SIM4
1
21
22
SIM5
SIM1
SIM2
SIM3
SIM4
1
21
22
SIM5
SIM1
SIM2
SIM3
SIM4
1
21
22
SIM5
SIM1
SIM2
SIM3
SIM4
1
21
22
SIM5
SIM1
SIM2
SIM3
SIM4
1
21
22
SIM5
SIM1
SIM2
SIM3
SIM4
1
21
22
SIM5
SIM1
SIM2
SIM3
SIM4
1
21
22
SIM5
SIM1
SIM2
SIM3
SIM4
1
21
22
SIM5
SIM1
SIM2
SIM3
SIM4
1
21
22
SIM5
SIM1
SIM2
SIM3
SIM4
1
21
22
SIM5
SIM1
SIM2
SIM3
SIM4
1
21
22
SIM5
SIM1
SIM2
SIM3
SIM4
1
21
22
SIM5
SIM1
SIM2
SIM3
SIM4
1
21
22
SIM5
SIM1
SIM2
SIM3
SIM4
1
21
22
SIM5
SIM1
SIM2
SIM3
SIM4
1
21
22
SIM5
SIM1
SIM2
SIM3
SIM4
1
21
22
SIM5
SIM1
SIM2
SIM3
SIM4
1
21
22
SIM5
SIM1
SIM2
SIM3
SIM4
1
21
22
SIM5
SIM1
SIM2
SIM3
SIM4
1
21
22
SIM5
SIM1
SIM2
SIM3
SIM4
1
21
22
SIM5
SIM1
SIM2
SIM3
SIM4
1
21
22
SIM5
SIM1
SIM2
SIM3
SIM4
1
21
22
SIM5
SIM1
SIM2
SIM3
SIM4
1
21
22
SIM5
SIM1
SIM2
SIM3
SIM4
1
21
22
SIM5
SIM1
SIM2
SIM3
SIM4
1
21
22
SIM5
SIM1
SIM2
SIM3
SIM4
1
21
22
SIM5
SIM1
SIM2
SIM3
SIM4
1
21
22
SIM5
SIM1
SIM2
SIM3
SIM4
1
21
22
SIM5
SIM1
SIM2
SIM3
SIM4
1
21
22
SIM5
SIM1
SIM2
SIM3
SIM4
1
21
22
SIM5
SIM1
SIM2
SIM3
SIM4
1
21
22
SIM5
SIM1
SIM2
SIM3
SIM4
1
21
22
SIM5
SIM1
SIM2
SIM3
SIM4
1
21
22
SIM5
SIM1
SIM2
SIM3
SIM4
1
21
22
SIM5
SIM1
SIM2
SIM3
SIM4
1
21
22
SIM5
SIM1
SIM2
SIM3
SIM4
1
21
22
SIM5
SIM1
SIM2
SIM3
SIM4
1
21
22
SIM5
SIM1
SIM2
SIM3
SIM4
1
21
22
SIM5
SIM1
SIM2
SIM3
SIM4
1
21
22
SIM5
SIM1
SIM2
SIM3
SIM4
1
21
22
SIM5
SIM1
SIM2
SIM3
SIM4
1
21
22
SIM5
SIM1
SIM2
SIM3
SIM4
1
21
22
SIM5
SIM1
SIM2
SIM3
SIM4
1
21
22
SIM5
SIM1
SIM2
SIM3
SIM4
1
21
22
SIM5
SIM1
SIM2
SIM3
SIM4
1
21
22
SIM5
SIM1
SIM2
SIM3
SIM4
1
21
22
SIM5
SIM1
SIM2
SIM3
SIM4
1
21
22
SIM5
SIM1
SIM2
SIM3
SIM4
1
21
22
SIM5
SIM1
SIM2
SIM3
SIM4
1
21
22
SIM5
SIM1
SIM2
SIM3
SIM4
1
21
22
SIM5
SIM1
SIM2
SIM3
SIM4
1
21
22
SIM5
SIM1
SIM2
SIM3
SIM4
1
21
22
SIM5
SIM1
SIM2
SIM3
SIM4
1
21
22
SIM5
SIM1
SIM2
SIM3
SIM4
1
21
22
SIM5
SIM1
SIM2
SIM3
SIM4
1
21
22
SIM5
SIM1
SIM2
SIM3
SIM4
1
21
22
SIM5
SIM1
SIM2
SIM3
SIM4
1
21
22
SIM5
SIM1
SIM2
SIM3
SIM4
1
21
22
SIM5
SIM1
SIM2
SIM3
SIM4
1
21
22
SIM5
SIM1
SIM2
SIM3
SIM4
1
21
22
SIM5
SIM1
SIM2
SIM3
SIM4
1
21
22
SIM5
SIM1
SIM2
SIM3
SIM4
1
21
22
SIM5
SIM1
SIM2
DEBUG 1 104
SIM1
SIM2
SIM3
SIM4
1
21
22
SIM5
SIM1
SIM2
SIM3
SIM4
1
21
22
SIM5
SIM1
SIM2
SIM3
SIM4
1
21
22
SIM5
SIM1
SIM2
SIM3
SIM4
1
21
22
SIM5
SIM1
SIM2
SIM3
SIM4
1
21
22
SIM5
SIM1
SIM2
SIM3
SIM4
1
21
22
SIM5
SIM1
SIM2
SIM3
SIM4
1
21
22
SIM5
SIM1
SIM2
SIM3
SIM4
1
21
22
SIM5
SIM1
SIM2
SIM3
SIM4
1
21
22
SIM5
SIM1
SIM2
SIM3
SIM4
1
21
22
SIM5
SIM1
SIM2
SIM3
SIM4
1
21
22
SIM5
SIM1
SIM2
SIM3
SIM4
1
21
22
SIM5
SIM1
SIM2
SIM3
SIM4
1
21
22
SIM5
SIM1
SIM2
SIM3
SIM4
1
21
22
SIM5
SIM1
SIM2
SIM3
SIM4
1
21
22
SIM5
SIM1
SIM2
SIM3
SIM4
1
21
22
SIM5
SIM1
SIM2
SIM3
SIM4
1
21
22
SIM5
SIM1
SIM2
SIM3
SIM4
1
21
22
SIM5
SIM1
SIM2
SIM3
SIM4
1
21
22
SIM5
SIM1
SIM2
SIM3
SIM4
1
21
22
SIM5
SIM1
SIM2
SIM3
SIM4
1
21
22
SIM5
SIM1
SIM2
SIM3
SIM4
1
21
22
SIM5
SIM1
SIM2
SIM3
SIM4
1
21
22
SIM5
SIM1
SIM2
SIM3
SIM4
1
21
22
SIM5
SIM1
SIM2
SIM3
SIM4
1
21
22
SIM5
SIM1
SIM2
SIM3
SIM4
1
21
22
SIM5
SIM1
SIM2
SIM3
SIM4
1
21
22
SIM5
SIM1
SIM2
SIM3
SIM4
1
21
22
SIM5
SIM1
SIM2
SIM3
SIM4
1
21
22
SIM5
SIM1
SIM2
SIM3
SIM4
1
21
22
SIM5
SIM1
SIM2
SIM3
SIM4
1
21
22
SIM5
SIM1
SIM2
SIM3
SIM4
1
21
22
SIM5
SIM1
SIM2
SIM3
SIM4
1
21
22
SIM5
SIM1
SIM2
SIM3
SIM4
1
21
22
SIM5
SIM1
SIM2
SIM3
SIM4
1
21
22
SIM5
SIM1
SIM2
SIM3
SIM4
1
21
22
SIM5
SIM1
SIM2
SIM3
SIM4
1
21
22
SIM5
SIM1
SIM2
SIM3
SIM4
1
21
22
SIM5
SIM1
SIM2
SIM3
SIM4
1
21
22
SIM5
SIM1
SIM2
SIM3
SIM4
1
21
22
SIM5
SIM1
SIM2
SIM3
SIM4
1
21
22
SIM5
SIM1
SIM2
SIM3
SIM4
1
21
22
SIM5
SIM1
SIM2
SIM3
SIM4
1
21
22
SIM5
SIM1
SIM2
SIM3
SIM4
1
21
22
SIM5
SIM1
SIM2
SIM3
SIM4
1
21
22
SIM5
SIM1
SIM2
SIM3
SIM4
1
21
22
SIM5
SIM1
SIM2
SIM3
SIM4
1
21
22
SIM5
SIM1
SIM2
SIM3
SIM4
1
21
22
SIM5
SIM1
SIM2
SIM3
SIM4
1
21
22
SIM5
SIM1
SIM2
SIM3
SIM4
1
21
22
SIM5
SIM1
SIM2
SIM3
SIM4
1
21
22
SIM5
SIM1
SIM2
SIM3
SIM4
1
21
22
SIM5
SIM1
SIM2
SIM3
SIM4
1
21
22
SIM5
SIM1
SIM2
SIM3
SIM4
1
21
22
SIM5
SIM1
SIM2
SIM3
SIM4
1
21
22
SIM5
SIM1
SIM2
SIM3
SIM4
1
21
22
SIM5
SIM1
SIM2
SIM3
SIM4
1
21
22
SIM5
SIM1
SIM2
SIM3
SIM4
1
21
22
SIM5
SIM1
SIM2
SIM3
SIM4
1
21
22
SIM5
SIM1
SIM2
SIM3
SIM4
1
21
22
SIM5
SIM1
SIM2
SIM3
SIM4
1
21
22
SIM5
SIM1
SIM2
SIM3
SIM4
1
21
22
SIM5
SIM1
SIM2
SIM3
SIM4
1
21
22
SIM5
SIM1
SIM2
SIM3
SIM4
1
21
22
SIM5
SIM1
SIM2
SIM3
SIM4
1
21
22
SIM5
SIM1
SIM2
SIM3
SIM4
1
21
22
SIM5
SIM1
SIM2
SIM3
SIM4
1
21
22
SIM5
SIM1
SIM2
SIM3
SIM4
1
21
22
SIM5
SIM1
SIM2
SIM3
SIM4
1
21
22
SIM5
SIM1
SIM2
SIM3
SIM4
1
21
22
SIM5
SIM1
SIM2
SIM3
SIM4
1
21
22
SIM5
SIM1
SIM2
SIM3
SIM4
1
21
22
SIM5
SIM1
SIM2
SIM3
SIM4
1
21
22
SIM5
SIM1
SIM2
SIM3
SIM4
1
21
22
SIM5
SIM1
SIM2
SIM3
SIM4
1
21
22
SIM5
SIM1
SIM2
SIM3
SIM4
1
21
22
SIM5
SIM1
SIM2
SIM3
SIM4
1
21
22
SIM5
SIM1
SIM2
SIM3
SIM4
1
21
22
SIM5
SIM1
SIM2
SIM3
SIM4
1
21
22
SIM5
SIM1
SIM2
SIM3
SIM4
1
21
22
SIM5
SIM1
SIM2
SIM3
SIM4
1
21
22
SIM5
SIM1
SIM2
SIM3
SIM4
1
21
22
SIM5
SIM1
SIM2
SIM3
SIM4
1
21
22
SIM5
SIM1
SIM2
SIM3
SIM4
1
21
22
SIM5
SIM1
SIM2
SIM3
SIM4
1
21
22
SIM5
SIM1
SIM2
SIM3
SIM4
1
21
22
SIM5
SIM1
SIM2
SIM3
SIM4
1
21
22
SIM5
SIM1
SIM2
SIM3
SIM4
1
21
22
SIM5
SIM1
SIM2
SIM3
SIM4
1
21
22
SIM5
SIM1
SIM2
SIM3
SIM4
1
21
22
SIM5
SIM1
SIM2
SIM3
SIM4
1
21
22
SIM5
SIM1
SIM2
SIM3
SIM4
1
21
22
SIM5
SIM1
SIM2
SIM3
SIM4
1
21
22
SIM5
SIM1
SIM2
SIM3
SIM4
1
21
22
SIM5
SIM1
SIM2
SIM3
SIM4
1
21
22
SIM5
SIM1
SIM2
SIM3
SIM4
1
21
22
SIM5
SIM1
SIM2
SIM3
SIM4
1
21
22
SIM5
SIM1
SIM2
SIM3
SIM4
1
21
22
SIM5
SIM1
SIM2
SIM3
SIM4
1
21
22
SIM5
SIM1
SIM2
SIM3
SIM4
1
21
22
SIM5
SIM1
SIM2
SIM3
SIM4
1
21
22
SIM5
SIM1
SIM2
SIM3
SIM4
1
21
22
SIM5
SIM1
SIM2
SIM3
SIM4
1
21
22
SIM5
SIM1
SIM2
SIM3
SIM4
1
21
22
SIM5
SIM1
SIM2
SIM3
SIM4
1
21
22
SIM5
SIM1
SIM2
SIM3
SIM4
1
21
22
SIM5
SIM1
SIM2
SIM3
SIM4
1
21
22
SIM5
SIM1
SIM2
SIM3
SIM4
1
21
22
SIM5
SIM1
SIM2
SIM3
SIM4
1
21
22
SIM5
SIM1
SIM2
SIM3
SIM4
1
21
22
SIM5
SIM1
SIM2
SIM3
SIM4
1
21
22
SIM5
SIM1
SIM2
SIM3
SIM4
1
21
22
SIM5
SIM1
SIM2
SIM3
SIM4
1
21
22
SIM5
SIM1
SIM2
SIM3
SIM4
1
21
22
SIM5
SIM1
SIM2
SIM3
SIM4
1
21
22
SIM5
SIM1
SIM2
SIM3
SIM4
1
21
22
SIM5
SIM1
SIM2
SIM3
SIM4
1
21
22
SIM5
SIM1
SIM2
SIM3
SIM4
1
21
22
SIM5
SIM1
SIM2
SIM3
SIM4
1
21
22
SIM5
SIM1
SIM2
SIM3
SIM4
1
21
22
SIM5
SIM1
SIM2
SIM3
SIM4
1
21
22
SIM5
SIM1
SIM2
SIM3
SIM4
1
21
22
SIM5
SIM1
SIM2
SIM3
SIM4
1
21
22
SIM5
SIM1
SIM2
SIM3
SIM4
1
21
22
SIM5
SIM1
SIM2
SIM3
SIM4
1
21
22
SIM5
SIM1
SIM2
SIM3
SIM4
1
21
22
SIM5
SIM1
SIM2
SIM3
SIM4
1
21
22
SIM5
SIM1
SIM2
SIM3
SIM4
1
21
22
SIM5
SIM1
SIM2
SIM3
SIM4
1
21
22
SIM5
SIM1
SIM2
SIM3
SIM4
1
21
22
SIM5
SIM1
SIM2
SIM3
SIM4
1
21
22
SIM5
SIM1
SIM2
SIM3
SIM4
1
21
22
SIM5
SIM1
SIM2
SIM3
SIM4
1
21
22
SIM5
SIM1
SIM2
SIM3
SIM4
1
21
22
SIM5
SIM1
SIM2
SIM3
SIM4
1
21
22
SIM5
SIM1
SIM2
SIM3
SIM4
1
21
22
SIM5
SIM1
SIM2
SIM3
SIM4
1
21
22
SIM5
SIM1
SIM2
SIM3
SIM4
1
21
22
SIM5
SIM1
SIM2
SIM3
SIM4
1
21
22
SIM5
SIM1
SIM2
SIM3
SIM4
1
21
22
SIM5
SIM1
SIM2
SIM3
SIM4
1
21
22
SIM5
SIM1
SIM2
SIM3
SIM4
1
21
22
SIM5
SIM1
SIM2
SIM3
SIM4
1
21
22
SIM5
SIM1
SIM2
SIM3
SIM4
1
21
22
SIM5
SIM1
SIM2
SIM3
SIM4
1
21
22
SIM5
SIM1
SIM2
SIM3
SIM4
1
21
22
SIM5
SIM1
SIM2
SIM3
SIM4
1
21
22
SIM5
SIM1
SIM2
SIM3
SIM4
1
21
22
SIM5
SIM1
SIM2
SIM3
SIM4
1
21
22
SIM5
SIM1
SIM2
SIM3
SIM4
1
21
22
SIM5
SIM1
SIM2
SIM3
SIM4
1
21
22
SIM5
SIM1
SIM2
SIM3
SIM4
1
21
22
SIM5
SIM1
SIM2
SIM3
SIM4
1
21
22
SIM5
SIM1
SIM2
SIM3
SIM4
1
21
22
SIM5
SIM1
SIM2
SIM3
SIM4
1
21
22
SIM5
SIM1
SIM2
SIM3
SIM4
1
21
22
SIM5
SIM1
SIM2
SIM3
SIM4
1
21
22
SIM5
SIM1
SIM2
SIM3
SIM4
1
21
22
SIM5
SIM1
SIM2
SIM3
SIM4
1
21
22
SIM5
SIM1
SIM2
SIM3
SIM4
1
21
22
SIM5
SIM1
SIM2
SIM3
SIM4
1
21
22
SIM5
SIM1
SIM2
SIM3
SIM4
1
21
22
SIM5
SIM1
SIM2
SIM3
SIM4
1
21
22
SIM5
SIM1
SIM2
SIM3
SIM4
1
21
22
SIM5
SIM1
SIM2
SIM3
SIM4
1
21
22
SIM5
SIM1
SIM2
SIM3
SIM4
1
21
22
SIM5
SIM1
SIM2
SIM3
SIM4
1
21
22
SIM5
SIM1
SIM2
SIM3
SIM4
1
21
22
SIM5
SIM1
SIM2
SIM3
SIM4
1
21
22
SIM5
SIM1
SIM2
SIM3
SIM4
1
21
22
SIM5
SIM1
SIM2
SIM3
SIM4
1
21
22
SIM5
SIM1
SIM2
SIM3
SIM4
1
21
22
SIM5
SIM1
SIM2
SIM3
SIM4
1
21
22
SIM5
SIM1
SIM2
SIM3
SIM4
1
21
22
SIM5
SIM1
SIM2
SIM3
SIM4
1
21
22
SIM5
SIM1
SIM2
SIM3
SIM4
1
21
22
SIM5
SIM1
SIM2
SIM3
SIM4
1
21
22
SIM5
SIM1
SIM2
SIM3
SIM4
1
21
22
SIM5
SIM1
SIM2
SIM3
SIM4
1
21
22
SIM5
SIM1
SIM2
SIM3
SIM4
1
21
22
SIM5
SIM1
SIM2
SIM3
SIM4
1
21
22
SIM5
SIM1
SIM2
SIM3
SIM4
1
21
22
SIM5
SIM1
SIM2
SIM3
SIM4
1
21
22
SIM5
SIM1
SIM2
SIM3
SIM4
1
21
22
SIM5
SIM1
SIM2
SIM3
SIM4
1
21
22
SIM5
SIM1
SIM2
DEBUG 1 105
SIM1
SIM2
SIM3
SIM4
1
21
22
SIM5
SIM1
SIM2
SIM3
SIM4
1
21
22
SIM5
SIM1
SIM2
SIM3
SIM4
1
21
22
SIM5
SIM1
SIM2
SIM3
SIM4
1
21
22
SIM5
SIM1
SIM2
SIM3
SIM4
1
21
22
SIM5
SIM1
SIM2
SIM3
SIM4
1
21
22
SIM5
SIM1
SIM2
SIM3
SIM4
1
21
22
SIM5
SIM1
SIM2
SIM3
SIM4
1
21
22
SIM5
SIM1
SIM2
SIM3
SIM4
1
21
22
SIM5
SIM1
SIM2
SIM3
SIM4
1
21
22
SIM5
SIM1
SIM2
SIM3
SIM4
1
21
22
SIM5
SIM1
SIM2
SIM3
SIM4
1
21
22
SIM5
SIM1
SIM2
SIM3
SIM4
1
21
22
SIM5
SIM1
SIM2
SIM3
SIM4
1
21
22
SIM5
SIM1
SIM2
SIM3
SIM4
1
21
22
SIM5
SIM1
SIM2
SIM3
SIM4
1
21
22
SIM5
SIM1
SIM2
SIM3
SIM4
1
21
22
SIM5
SIM1
SIM2
SIM3
SIM4
1
21
22
SIM5
SIM1
SIM2
SIM3
SIM4
1
21
22
SIM5
SIM1
SIM2
SIM3
SIM4
1
21
22
SIM5
SIM1
SIM2
SIM3
SIM4
1
21
22
SIM5
SIM1
SIM2
SIM3
SIM4
1
21
22
SIM5
SIM1
SIM2
SIM3
SIM4
1
21
22
SIM5
SIM1
SIM2
SIM3
SIM4
1
21
22
SIM5
SIM1
SIM2
SIM3
SIM4
1
21
22
SIM5
SIM1
SIM2
SIM3
SIM4
1
21
22
SIM5
SIM1
SIM2
SIM3
SIM4
1
21
22
SIM5
SIM1
SIM2
SIM3
SIM4
1
21
22
SIM5
SIM1
SIM2
SIM3
SIM4
1
21
22
SIM5
SIM1
SIM2
SIM3
SIM4
1
21
22
SIM5
SIM1
SIM2
SIM3
SIM4
1
21
22
SIM5
SIM1
SIM2
SIM3
SIM4
1
21
22
SIM5
SIM1
SIM2
SIM3
SIM4
1
21
22
SIM5
SIM1
SIM2
SIM3
SIM4
1
21
22
SIM5
SIM1
SIM2
SIM3
SIM4
1
21
22
SIM5
SIM1
SIM2
SIM3
SIM4
1
21
22
SIM5
SIM1
SIM2
SIM3
SIM4
1
21
22
SIM5
SIM1
SIM2
SIM3
SIM4
1
21
22
SIM5
SIM1
SIM2
SIM3
SIM4
1
21
22
SIM5
SIM1
SIM2
SIM3
SIM4
1
21
22
SIM5
SIM1
SIM2
SIM3
SIM4
1
21
22
SIM5
SIM1
SIM2
SIM3
SIM4
1
21
22
SIM5
SIM1
SIM2
SIM3
SIM4
1
21
22
SIM5
SIM1
SIM2
SIM3
SIM4
1
21
22
SIM5
SIM1
SIM2
SIM3
SIM4
1
21
22
SIM5
SIM1
SIM2
SIM3
SIM4
1
21
22
SIM5
SIM1
SIM2
SIM3
SIM4
1
21
22
SIM5
SIM1
SIM2
SIM3
SIM4
1
21
22
SIM5
SIM1
SIM2
SIM3
SIM4
1
21
22
SIM5
SIM1
SIM2
SIM3
SIM4
1
21
22
SIM5
SIM1
SIM2
SIM3
SIM4
1
21
22
SIM5
SIM1
SIM2
SIM3
SIM4
1
21
22
SIM5
SIM1
SIM2
SIM3
SIM4
1
21
22
SIM5
SIM1
SIM2
SIM3
SIM4
1
21
22
SIM5
SIM1
SIM2
SIM3
SIM4
1
21
22
SIM5
SIM1
SIM2
SIM3
SIM4
1
21
22
SIM5
SIM1
SIM2
SIM3
SIM4
1
21
22
SIM5
SIM1
SIM2
SIM3
SIM4
1
21
22
SIM5
SIM1
SIM2
SIM3
SIM4
1
21
22
SIM5
SIM1
SIM2
SIM3
SIM4
1
21
22
SIM5
SIM1
SIM2
SIM3
SIM4
1
21
22
SIM5
SIM1
SIM2
SIM3
SIM4
1
21
22
SIM5
SIM1
SIM2
SIM3
SIM4
1
21
22
SIM5
SIM1
SIM2
SIM3
SIM4
1
21
22
SIM5
SIM1
SIM2
SIM3
SIM4
1
21
22
SIM5
SIM1
SIM2
SIM3
SIM4
1
21
22
SIM5
SIM1
SIM2
SIM3
SIM4
1
21
22
SIM5
SIM1
SIM2
SIM3
SIM4
1
21
22
SIM5
SIM1
SIM2
SIM3
SIM4
1
21
22
SIM5
SIM1
SIM2
SIM3
SIM4
1
21
22
SIM5
SIM1
SIM2
SIM3
SIM4
1
21
22
SIM5
SIM1
SIM2
SIM3
SIM4
1
21
22
SIM5
SIM1
SIM2
SIM3
SIM4
1
21
22
SIM5
SIM1
SIM2
SIM3
SIM4
1
21
22
SIM5
SIM1
SIM2
SIM3
SIM4
1
21
22
SIM5
SIM1
SIM2
SIM3
SIM4
1
21
22
SIM5
SIM1
SIM2
SIM3
SIM4
1
21
22
SIM5
SIM1
SIM2
SIM3
SIM4
1
21
22
SIM5
SIM1
SIM2
SIM3
SIM4
1
21
22
SIM5
SIM1
SIM2
SIM3
SIM4
1
21
22
SIM5
SIM1
SIM2
SIM3
SIM4
1
21
22
SIM5
SIM1
SIM2
SIM3
SIM4
1
21
22
SIM5
SIM1
SIM2
SIM3
SIM4
1
21
22
SIM5
SIM1
SIM2
SIM3
SIM4
1
21
22
SIM5
SIM1
SIM2
SIM3
SIM4
1
21
22
SIM5
SIM1
SIM2
SIM3
SIM4
1
21
22
SIM5
SIM1
SIM2
SIM3
SIM4
1
21
22
SIM5
SIM1
SIM2
SIM3
SIM4
1
21
22
SIM5
SIM1
SIM2
SIM3
SIM4
1
21
22
SIM5
SIM1
SIM2
SIM3
SIM4
1
21
22
SIM5
SIM1
SIM2
SIM3
SIM4
1
21
22
SIM5
SIM1
SIM2
SIM3
SIM4
1
21
22
SIM5
SIM1
SIM2
SIM3
SIM4
1
21
22
SIM5
SIM1
SIM2
SIM3
SIM4
1
21
22
SIM5
SIM1
SIM2
SIM3
SIM4
1
21
22
SIM5
SIM1
SIM2
SIM3
SIM4
1
21
22
SIM5
SIM1
SIM2
SIM3
SIM4
1
21
22
SIM5
SIM1
SIM2
SIM3
SIM4
1
21
22
SIM5
SIM1
SIM2
SIM3
SIM4
1
21
22
SIM5
SIM1
SIM2
SIM3
SIM4
1
21
22
SIM5
SIM1
SIM2
SIM3
SIM4
1
21
22
SIM5
SIM1
SIM2
SIM3
SIM4
1
21
22
SIM5
SIM1
SIM2
SIM3
SIM4
1
21
22
SIM5
SIM1
SIM2
SIM3
SIM4
1
21
22
SIM5
SIM1
SIM2
SIM3
SIM4
1
21
22
SIM5
SIM1
SIM2
SIM3
SIM4
1
21
22
SIM5
SIM1
SIM2
SIM3
SIM4
1
21
22
SIM5
SIM1
SIM2
SIM3
SIM4
1
21
22
SIM5
SIM1
SIM2
SIM3
SIM4
1
21
22
SIM5
SIM1
SIM2
SIM3
SIM4
1
21
22
SIM5
SIM1
SIM2
SIM3
SIM4
1
21
22
SIM5
SIM1
SIM2
SIM3
SIM4
1
21
22
SIM5
SIM1
SIM2
SIM3
SIM4
1
21
22
SIM5
SIM1
SIM2
SIM3
SIM4
1
21
22
SIM5
SIM1
SIM2
SIM3
SIM4
1
21
22
SIM5
SIM1
SIM2
SIM3
SIM4
1
21
22
SIM5
SIM1
SIM2
SIM3
SIM4
1
21
22
SIM5
SIM1
SIM2
SIM3
SIM4
1
21
22
SIM5
SIM1
SIM2
SIM3
SIM4
1
21
22
SIM5
SIM1
SIM2
SIM3
SIM4
1
21
22
SIM5
SIM1
SIM2
SIM3
SIM4
1
21
22
SIM5
SIM1
SIM2
SIM3
SIM4
1
21
22
SIM5
SIM1
SIM2
SIM3
SIM4
1
21
22
SIM5
SIM1
SIM2
SIM3
SIM4
1
21
22
SIM5
SIM1
SIM2
SIM3
SIM4
1
21
22
SIM5
SIM1
SIM2
SIM3
SIM4
1
21
22
SIM5
SIM1
SIM2
SIM3
SIM4
1
21
22
SIM5
SIM1
SIM2
SIM3
SIM4
1
21
22
SIM5
SIM1
SIM2
SIM3
SIM4
1
21
22
SIM5
SIM1
SIM2
SIM3
SIM4
1
21
22
SIM5
SIM1
SIM2
SIM3
SIM4
1
21
22
SIM5
SIM1
SIM2
SIM3
SIM4
1
21
22
SIM5
SIM1
SIM2
SIM3
SIM4
1
21
22
SIM5
SIM1
SIM2
SIM3
SIM4
1
21
22
SIM5
SIM1
SIM2
SIM3
SIM4
1
21
22
SIM5
SIM1
SIM2
SIM3
SIM4
1
21
22
SIM5
SIM1
SIM2
SIM3
SIM4
1
21
22
SIM5
SIM1
SIM2
SIM3
SIM4
1
21
22
SIM5
SIM1
SIM2
SIM3
SIM4
1
21
22
SIM5
SIM1
SIM2
SIM3
SIM4
1
21
22
SIM5
SIM1
SIM2
SIM3
SIM4
1
21
22
SIM5
SIM1
SIM2
SIM3
SIM4
1
21
22
SIM5
SIM1
SIM2
SIM3
SIM4
1
21
22
SIM5
SIM1
SIM2
SIM3
SIM4
1
21
22
SIM5
SIM1
SIM2
SIM3
SIM4
1
21
22
SIM5
SIM1
SIM2
SIM3
SIM4
1
21
22
SIM5
SIM1
SIM2
SIM3
SIM4
1
21
22
SIM5
SIM1
SIM2
SIM3
SIM4
1
21
22
SIM5
SIM1
SIM2
SIM3
SIM4
1
21
22
SIM5
SIM1
SIM2
SIM3
SIM4
1
21
22
SIM5
SIM1
SIM2
SIM3
SIM4
1
21
22
SIM5
SIM1
SIM2
SIM3
SIM4
1
21
22
SIM5
SIM1
SIM2
SIM3
SIM4
1
21
22
SIM5
SIM1
SIM2
SIM3
SIM4
1
21
22
SIM5
SIM1
SIM2
SIM3
SIM4
1
21
22
SIM5
SIM1
SIM2
SIM3
SIM4
1
21
22
SIM5
SIM1
SIM2
SIM3
SIM4
1
21
22
SIM5
SIM1
SIM2
SIM3
SIM4
1
21
22
SIM5
SIM1
SIM2
SIM3
SIM4
1
21
22
SIM5
SIM1
SIM2
SIM3
SIM4
1
21
22
SIM5
SIM1
SIM2
SIM3
SIM4
1
21
22
SIM5
SIM1
SIM2
SIM3
SIM4
1
21
22
SIM5
SIM1
SIM2
SIM3
SIM4
1
21
22
SIM5
SIM1
SIM2
SIM3
SIM4
1
21
22
SIM5
SIM1
SIM2
SIM3
SIM4
1
21
22
SIM5
SIM1
SIM2
SIM3
SIM4
1
21
22
SIM5
SIM1
SIM2
SIM3
SIM4
1
21
22
SIM5
SIM1
SIM2
SIM3
SIM4
1
21
22
SIM5
SIM1
SIM2
SIM3
SIM4
1
21
22
SIM5
SIM1
SIM2
SIM3
SIM4
1
21
22
SIM5
SIM1
SIM2
SIM3
SIM4
1
21
22
SIM5
SIM1
SIM2
DEBUG 1 106
SIM1
SIM2
SIM3
SIM4
1
21
22
SIM5
SIM1
SIM2
SIM3
SIM4
1
21
22
SIM5
SIM1
SIM2
SIM3
SIM4
1
21
22
SIM5
SIM1
SIM2
SIM3
SIM4
1
21
22
SIM5
SIM1
SIM2
SIM3
SIM4
1
21
22
SIM5
SIM1
SIM2
SIM3
SIM4
1
21
22
SIM5
SIM1
SIM2
SIM3
SIM4
1
21
22
SIM5
SIM1
SIM2
SIM3
SIM4
1
21
22
SIM5
SIM1
SIM2
SIM3
SIM4
1
21
22
SIM5
SIM1
SIM2
SIM3
SIM4
1
21
22
SIM5
SIM1
SIM2
SIM3
SIM4
1
21
22
SIM5
SIM1
SIM2
SIM3
SIM4
1
21
22
SIM5
SIM1
SIM2
SIM3
SIM4
1
21
22
SIM5
SIM1
SIM2
SIM3
SIM4
1
21
22
SIM5
SIM1
SIM2
SIM3
SIM4
1
21
22
SIM5
SIM1
SIM2
SIM3
SIM4
1
21
22
SIM5
SIM1
SIM2
SIM3
SIM4
1
21
22
SIM5
SIM1
SIM2
SIM3
SIM4
1
21
22
SIM5
SIM1
SIM2
SIM3
SIM4
1
21
22
SIM5
SIM1
SIM2
SIM3
SIM4
1
21
22
SIM5
SIM1
SIM2
SIM3
SIM4
1
21
22
SIM5
SIM1
SIM2
SIM3
SIM4
1
21
22
SIM5
SIM1
SIM2
SIM3
SIM4
1
21
22
SIM5
SIM1
SIM2
SIM3
SIM4
1
21
22
SIM5
SIM1
SIM2
SIM3
SIM4
1
21
22
SIM5
SIM1
SIM2
SIM3
SIM4
1
21
22
SIM5
SIM1
SIM2
SIM3
SIM4
1
21
22
SIM5
SIM1
SIM2
SIM3
SIM4
1
21
22
SIM5
SIM1
SIM2
SIM3
SIM4
1
21
22
SIM5
SIM1
SIM2
SIM3
SIM4
1
21
22
SIM5
SIM1
SIM2
SIM3
SIM4
1
21
22
SIM5
SIM1
SIM2
SIM3
SIM4
1
21
22
SIM5
SIM1
SIM2
SIM3
SIM4
1
21
22
SIM5
SIM1
SIM2
SIM3
SIM4
1
21
22
SIM5
SIM1
SIM2
SIM3
SIM4
1
21
22
SIM5
SIM1
SIM2
SIM3
SIM4
1
21
22
SIM5
SIM1
SIM2
SIM3
SIM4
1
21
22
SIM5
SIM1
SIM2
SIM3
SIM4
1
21
22
SIM5
SIM1
SIM2
SIM3
SIM4
1
21
22
SIM5
SIM1
SIM2
SIM3
SIM4
1
21
22
SIM5
SIM1
SIM2
SIM3
SIM4
1
21
22
SIM5
SIM1
SIM2
SIM3
SIM4
1
21
22
SIM5
SIM1
SIM2
SIM3
SIM4
1
21
22
SIM5
SIM1
SIM2
SIM3
SIM4
1
21
22
SIM5
SIM1
SIM2
SIM3
SIM4
1
21
22
SIM5
SIM1
SIM2
SIM3
SIM4
1
21
22
SIM5
SIM1
SIM2
SIM3
SIM4
1
21
22
SIM5
SIM1
SIM2
SIM3
SIM4
1
21
22
SIM5
SIM1
SIM2
SIM3
SIM4
1
21
22
SIM5
SIM1
SIM2
SIM3
SIM4
1
21
22
SIM5
SIM1
SIM2
SIM3
SIM4
1
21
22
SIM5
SIM1
SIM2
SIM3
SIM4
1
21
22
SIM5
SIM1
SIM2
SIM3
SIM4
1
21
22
SIM5
SIM1
SIM2
SIM3
SIM4
1
21
22
SIM5
SIM1
SIM2
SIM3
SIM4
1
21
22
SIM5
SIM1
SIM2
SIM3
SIM4
1
21
22
SIM5
SIM1
SIM2
SIM3
SIM4
1
21
22
SIM5
SIM1
SIM2
SIM3
SIM4
1
21
22
SIM5
SIM1
SIM2
SIM3
SIM4
1
21
22
SIM5
SIM1
SIM2
SIM3
SIM4
1
21
22
SIM5
SIM1
SIM2
SIM3
SIM4
1
21
22
SIM5
SIM1
SIM2
SIM3
SIM4
1
21
22
SIM5
SIM1
SIM2
SIM3
SIM4
1
21
22
SIM5
SIM1
SIM2
SIM3
SIM4
1
21
22
SIM5
SIM1
SIM2
SIM3
SIM4
1
21
22
SIM5
SIM1
SIM2
SIM3
SIM4
1
21
22
SIM5
SIM1
SIM2
SIM3
SIM4
1
21
22
SIM5
SIM1
SIM2
SIM3
SIM4
1
21
22
SIM5
SIM1
SIM2
SIM3
SIM4
1
21
22
SIM5
SIM1
SIM2
SIM3
SIM4
1
21
22
SIM5
SIM1
SIM2
SIM3
SIM4
1
21
22
SIM5
SIM1
SIM2
SIM3
SIM4
1
21
22
SIM5
SIM1
SIM2
SIM3
SIM4
1
21
22
SIM5
SIM1
SIM2
SIM3
SIM4
1
21
22
SIM5
SIM1
SIM2
SIM3
SIM4
1
21
22
SIM5
SIM1
SIM2
SIM3
SIM4
1
21
22
SIM5
SIM1
SIM2
SIM3
SIM4
1
21
22
SIM5
SIM1
SIM2
SIM3
SIM4
1
21
22
SIM5
SIM1
SIM2
SIM3
SIM4
1
21
22
SIM5
SIM1
SIM2
SIM3
SIM4
1
21
22
SIM5
SIM1
SIM2
SIM3
SIM4
1
21
22
SIM5
SIM1
SIM2
SIM3
SIM4
1
21
22
SIM5
SIM1
SIM2
SIM3
SIM4
1
21
22
SIM5
SIM1
SIM2
SIM3
SIM4
1
21
22
SIM5
SIM1
SIM2
SIM3
SIM4
1
21
22
SIM5
SIM1
SIM2
SIM3
SIM4
1
21
22
SIM5
SIM1
SIM2
SIM3
SIM4
1
21
22
SIM5
SIM1
SIM2
SIM3
SIM4
1
21
22
SIM5
SIM1
SIM2
SIM3
SIM4
1
21
22
SIM5
SIM1
SIM2
SIM3
SIM4
1
21
22
SIM5
SIM1
SIM2
SIM3
SIM4
1
21
22
SIM5
SIM1
SIM2
SIM3
SIM4
1
21
22
SIM5
SIM1
SIM2
SIM3
SIM4
1
21
22
SIM5
SIM1
SIM2
SIM3
SIM4
1
21
22
SIM5
SIM1
SIM2
SIM3
SIM4
1
21
22
SIM5
SIM1
SIM2
SIM3
SIM4
1
21
22
SIM5
SIM1
SIM2
SIM3
SIM4
1
21
22
SIM5
SIM1
SIM2
SIM3
SIM4
1
21
22
SIM5
SIM1
SIM2
SIM3
SIM4
1
21
22
SIM5
SIM1
SIM2
SIM3
SIM4
1
21
22
SIM5
SIM1
SIM2
SIM3
SIM4
1
21
22
SIM5
SIM1
SIM2
SIM3
SIM4
1
21
22
SIM5
SIM1
SIM2
SIM3
SIM4
1
21
22
SIM5
SIM1
SIM2
SIM3
SIM4
1
21
22
SIM5
SIM1
SIM2
SIM3
SIM4
1
21
22
SIM5
SIM1
SIM2
SIM3
SIM4
1
21
22
SIM5
SIM1
SIM2
SIM3
SIM4
1
21
22
SIM5
SIM1
SIM2
SIM3
SIM4
1
21
22
SIM5
SIM1
SIM2
SIM3
SIM4
1
21
22
SIM5
SIM1
SIM2
SIM3
SIM4
1
21
22
SIM5
SIM1
SIM2
SIM3
SIM4
1
21
22
SIM5
SIM1
SIM2
SIM3
SIM4
1
21
22
SIM5
SIM1
SIM2
SIM3
SIM4
1
21
22
SIM5
SIM1
SIM2
SIM3
SIM4
1
21
22
SIM5
SIM1
SIM2
SIM3
SIM4
1
21
22
SIM5
SIM1
SIM2
SIM3
SIM4
1
21
22
SIM5
SIM1
SIM2
SIM3
SIM4
1
21
22
SIM5
SIM1
SIM2
SIM3
SIM4
1
21
22
SIM5
SIM1
SIM2
DEBUG 1 107
SIM1
SIM2
SIM3
SIM4
1
21
22
SIM5
SIM1
SIM2
SIM3
SIM4
1
21
22
SIM5
SIM1
SIM2
SIM3
SIM4
1
21
22
SIM5
SIM1
SIM2
SIM3
SIM4
1
21
22
SIM5
SIM1
SIM2
SIM3
SIM4
1
21
22
SIM5
SIM1
SIM2
SIM3
SIM4
1
21
22
SIM5
SIM1
SIM2
SIM3
SIM4
1
21
22
SIM5
SIM1
SIM2
SIM3
SIM4
1
21
22
SIM5
SIM1
SIM2
SIM3
SIM4
1
21
22
SIM5
SIM1
SIM2
SIM3
SIM4
1
21
22
SIM5
SIM1
SIM2
SIM3
SIM4
1
21
22
SIM5
SIM1
SIM2
SIM3
SIM4
1
21
22
SIM5
SIM1
SIM2
SIM3
SIM4
1
21
22
SIM5
SIM1
SIM2
SIM3
SIM4
1
21
22
SIM5
SIM1
SIM2
SIM3
SIM4
1
21
22
SIM5
SIM1
SIM2
SIM3
SIM4
1
21
22
SIM5
SIM1
SIM2
SIM3
SIM4
1
21
22
SIM5
SIM1
SIM2
SIM3
SIM4
1
21
22
SIM5
SIM1
SIM2
SIM3
SIM4
1
21
22
SIM5
SIM1
SIM2
SIM3
SIM4
1
21
22
SIM5
SIM1
SIM2
SIM3
SIM4
1
21
22
SIM5
SIM1
SIM2
SIM3
SIM4
1
21
22
SIM5
SIM1
SIM2
SIM3
SIM4
1
21
22
SIM5
SIM1
SIM2
SIM3
SIM4
1
21
22
SIM5
SIM1
SIM2
SIM3
SIM4
1
21
22
SIM5
SIM1
SIM2
SIM3
SIM4
1
21
22
SIM5
SIM1
SIM2
SIM3
SIM4
1
21
22
SIM5
SIM1
SIM2
SIM3
SIM4
1
21
22
SIM5
SIM1
SIM2
SIM3
SIM4
1
21
22
SIM5
SIM1
SIM2
SIM3
SIM4
1
21
22
SIM5
SIM1
SIM2
SIM3
SIM4
1
21
22
SIM5
SIM1
SIM2
SIM3
SIM4
1
21
22
SIM5
SIM1
SIM2
SIM3
SIM4
1
21
22
SIM5
SIM1
SIM2
SIM3
SIM4
1
21
22
SIM5
SIM1
SIM2
SIM3
SIM4
1
21
22
SIM5
SIM1
SIM2
SIM3
SIM4
1
21
22
SIM5
SIM1
SIM2
SIM3
SIM4
1
21
22
SIM5
SIM1
SIM2
SIM3
SIM4
1
21
22
SIM5
SIM1
SIM2
SIM3
SIM4
1
21
22
SIM5
SIM1
SIM2
SIM3
SIM4
1
21
22
SIM5
SIM1
SIM2
SIM3
SIM4
1
21
22
SIM5
SIM1
SIM2
SIM3
SIM4
1
21
22
SIM5
SIM1
SIM2
SIM3
SIM4
1
21
22
SIM5
SIM1
SIM2
SIM3
SIM4
1
21
22
SIM5
SIM1
SIM2
SIM3
SIM4
1
21
22
SIM5
SIM1
SIM2
SIM3
SIM4
1
21
22
SIM5
SIM1
SIM2
SIM3
SIM4
1
21
22
SIM5
SIM1
SIM2
SIM3
SIM4
1
21
22
SIM5
SIM1
SIM2
SIM3
SIM4
1
21
22
SIM5
SIM1
SIM2
SIM3
SIM4
1
21
22
SIM5
SIM1
SIM2
SIM3
SIM4
1
21
22
SIM5
SIM1
SIM2
SIM3
SIM4
1
21
22
SIM5
SIM1
SIM2
SIM3
SIM4
1
21
22
SIM5
SIM1
SIM2
SIM3
SIM4
1
21
22
SIM5
SIM1
SIM2
SIM3
SIM4
1
21
22
SIM5
SIM1
SIM2
SIM3
SIM4
1
21
22
SIM5
SIM1
SIM2
SIM3
SIM4
1
21
22
SIM5
SIM1
SIM2
SIM3
SIM4
1
21
22
SIM5
SIM1
SIM2
SIM3
SIM4
1
21
22
SIM5
SIM1
SIM2
SIM3
SIM4
1
21
22
SIM5
SIM1
SIM2
SIM3
SIM4
1
21
22
SIM5
SIM1
SIM2
SIM3
SIM4
1
21
22
SIM5
SIM1
SIM2
SIM3
SIM4
1
21
22
SIM5
SIM1
SIM2
SIM3
SIM4
1
21
22
SIM5
SIM1
SIM2
SIM3
SIM4
1
21
22
SIM5
SIM1
SIM2
SIM3
SIM4
1
21
22
SIM5
SIM1
SIM2
SIM3
SIM4
1
21
22
SIM5
SIM1
SIM2
SIM3
SIM4
1
21
22
SIM5
SIM1
SIM2
SIM3
SIM4
1
21
22
SIM5
SIM1
SIM2
SIM3
SIM4
1
21
22
SIM5
SIM1
SIM2
SIM3
SIM4
1
21
22
SIM5
SIM1
SIM2
SIM3
SIM4
1
21
22
SIM5
SIM1
SIM2
SIM3
SIM4
1
21
22
SIM5
SIM1
SIM2
SIM3
SIM4
1
21
22
SIM5
SIM1
SIM2
SIM3
SIM4
1
21
22
SIM5
SIM1
SIM2
SIM3
SIM4
1
21
22
SIM5
SIM1
SIM2
SIM3
SIM4
1
21
22
SIM5
SIM1
SIM2
SIM3
SIM4
1
21
22
SIM5
SIM1
SIM2
SIM3
SIM4
1
21
22
SIM5
SIM1
SIM2
SIM3
SIM4
1
21
22
SIM5
SIM1
SIM2
SIM3
SIM4
1
21
22
SIM5
SIM1
SIM2
SIM3
SIM4
1
21
22
SIM5
SIM1
SIM2
SIM3
SIM4
1
21
22
SIM5
SIM1
SIM2
SIM3
SIM4
1
21
22
SIM5
SIM1
SIM2
SIM3
SIM4
1
21
22
SIM5
SIM1
SIM2
SIM3
SIM4
1
21
22
SIM5
SIM1
SIM2
SIM3
SIM4
1
21
22
SIM5
SIM1
SIM2
SIM3
SIM4
1
21
22
SIM5
SIM1
SIM2
SIM3
SIM4
1
21
22
SIM5
SIM1
SIM2
SIM3
SIM4
1
21
22
SIM5
SIM1
SIM2
SIM3
SIM4
1
21
22
SIM5
SIM1
SIM2
SIM3
SIM4
1
21
22
SIM5
SIM1
SIM2
SIM3
SIM4
1
21
22
SIM5
SIM1
SIM2
SIM3
SIM4
1
21
22
SIM5
SIM1
SIM2
SIM3
SIM4
1
21
22
SIM5
SIM1
SIM2
SIM3
SIM4
1
21
22
SIM5
SIM1
SIM2
SIM3
SIM4
1
21
22
SIM5
SIM1
SIM2
SIM3
SIM4
1
21
22
SIM5
SIM1
SIM2
SIM3
SIM4
1
21
22
SIM5
SIM1
SIM2
SIM3
SIM4
1
21
22
SIM5
SIM1
SIM2
SIM3
SIM4
1
21
22
SIM5
SIM1
SIM2
SIM3
SIM4
1
21
22
SIM5
SIM1
SIM2
SIM3
SIM4
1
21
22
SIM5
SIM1
SIM2
SIM3
SIM4
1
21
22
SIM5
SIM1
SIM2
SIM3
SIM4
1
21
22
SIM5
SIM1
SIM2
SIM3
SIM4
1
21
22
SIM5
SIM1
SIM2
SIM3
SIM4
1
21
22
SIM5
SIM1
SIM2
SIM3
SIM4
1
21
22
SIM5
SIM1
SIM2
SIM3
SIM4
1
21
22
SIM5
SIM1
SIM2
SIM3
SIM4
1
21
22
SIM5
SIM1
SIM2
SIM3
SIM4
1
21
22
SIM5
SIM1
SIM2
SIM3
SIM4
1
21
22
SIM5
SIM1
SIM2
SIM3
SIM4
1
21
22
SIM5
SIM1
SIM2
SIM3
SIM4
1
21
22
SIM5
SIM1
SIM2
SIM3
SIM4
1
21
22
SIM5
SIM1
SIM2
SIM3
SIM4
1
21
22
SIM5
SIM1
SIM2
SIM3
SIM4
1
21
22
SIM5
SIM1
SIM2
SIM3
SIM4
1
21
22
SIM5
SIM1
SIM2
SIM3
SIM4
1
21
22
SIM5
SIM1
SIM2
SIM3
SIM4
1
21
22
SIM5
SIM1
SIM2
SIM3
SIM4
1
21
22
SIM5
SIM1
SIM2
SIM3
SIM4
1
21
22
SIM5
SIM1
SIM2
SIM3
SIM4
1
21
22
SIM5
SIM1
SIM2
SIM3
SIM4
1
21
22
SIM5
SIM1
SIM2
SIM3
SIM4
1
21
22
SIM5
SIM1
SIM2
SIM3
SIM4
1
21
22
SIM5
SIM1
SIM2
SIM3
SIM4
1
21
22
SIM5
SIM1
SIM2
SIM3
SIM4
1
21
22
SIM5
SIM1
SIM2
SIM3
SIM4
1
21
22
SIM5
SIM1
SIM2
SIM3
SIM4
1
21
22
SIM5
SIM1
SIM2
SIM3
SIM4
1
21
22
SIM5
SIM1
SIM2
SIM3
SIM4
1
21
22
SIM5
SIM1
SIM2
SIM3
SIM4
1
21
22
SIM5
SIM1
SIM2
SIM3
SIM4
1
21
22
SIM5
SIM1
SIM2
SIM3
SIM4
1
21
22
SIM5
SIM1
SIM2
SIM3
SIM4
1
21
22
SIM5
SIM1
SIM2
SIM3
SIM4
1
21
22
SIM5
SIM1
SIM2
SIM3
SIM4
1
21
22
SIM5
SIM1
SIM2
SIM3
SIM4
1
21
22
SIM5
SIM1
SIM2
SIM3
SIM4
1
21
22
SIM5
SIM1
SIM2
SIM3
SIM4
1
21
22
SIM5
SIM1
SIM2
SIM3
SIM4
1
21
22
SIM5
SIM1
SIM2
SIM3
SIM4
1
21
22
SIM5
SIM1
SIM2
SIM3
SIM4
1
21
22
SIM5
SIM1
SIM2
SIM3
SIM4
1
21
22
SIM5
SIM1
SIM2
SIM3
SIM4
1
21
22
SIM5
SIM1
SIM2
SIM3
SIM4
1
21
22
SIM5
SIM1
SIM2
SIM3
SIM4
1
21
22
SIM5
SIM1
SIM2
SIM3
SIM4
1
21
22
SIM5
SIM1
SIM2
SIM3
SIM4
1
21
22
SIM5
SIM1
SIM2
SIM3
SIM4
1
21
22
SIM5
SIM1
SIM2
SIM3
SIM4
1
21
22
SIM5
SIM1
SIM2
SIM3
SIM4
1
21
22
SIM5
SIM1
SIM2
SIM3
SIM4
1
21
22
SIM5
SIM1
SIM2
SIM3
SIM4
1
21
22
SIM5
SIM1
SIM2
SIM3
SIM4
1
21
22
SIM5
SIM1
SIM2
SIM3
SIM4
1
21
22
SIM5
SIM1
SIM2
SIM3
SIM4
1
21
22
SIM5
SIM1
SIM2
SIM3
SIM4
1
21
22
SIM5
SIM1
SIM2
SIM3
SIM4
1
21
22
SIM5
SIM1
SIM2
SIM3
SIM4
1
21
22
SIM5
SIM1
SIM2
SIM3
SIM4
1
21
22
SIM5
SIM1
SIM2
SIM3
SIM4
1
21
22
SIM5
SIM1
SIM2
SIM3
SIM4
1
21
22
SIM5
SIM1
SIM2
SIM3
SIM4
1
21
22
SIM5
SIM1
SIM2
SIM3
SIM4
1
21
22
SIM5
SIM1
SIM2
SIM3
SIM4
1
21
22
SIM5
SIM1
SIM2
SIM3
SIM4
1
21
22
SIM5
SIM1
SIM2
SIM3
SIM4
1
21
22
SIM5
SIM1
SIM2
SIM3
SIM4
1
21
22
SIM5
SIM1
SIM2
SIM3
SIM4
1
21
22
SIM5
SIM1
SIM2
SIM3
SIM4
1
21
22
SIM5
SIM1
SIM2
SIM3
SIM4
1
21
22
SIM5
SIM1
SIM2
SIM3
SIM4
1
21
22
SIM5
SIM1
SIM2
SIM3
SIM4
1
21
22
SIM5
SIM1
SIM2
SIM3
SIM4
1
21
22
SIM5
SIM1
SIM2
SIM3
SIM4
1
21
22
SIM5
SIM1
SIM2
SIM3
SIM4
1
21
22
SIM5
SIM1
SIM2
SIM3
SIM4
1
21
22
SIM5
SIM1
SIM2
SIM3
SIM4
1
21
22
SIM5
SIM1
SIM2
SIM3
SIM4
1
21
22
SIM5
SIM1
SIM2
SIM3
SIM4
1
21
22
SIM5
SIM1
SIM2
SIM3
SIM4
1
21
22
SIM5
SIM1
SIM2
SIM3
SIM4
1
21
22
SIM5
SIM1
SIM2
SIM3
SIM4
1
21
22
SIM5
SIM1
SIM2
SIM3
SIM4
1
21
22
SIM5
SIM1
SIM2
SIM3
SIM4
1
21
22
SIM5
SIM1
SIM2
SIM3
SIM4
1
21
22
SIM5
SIM1
SIM2
SIM3
SIM4
1
21
22
SIM5
SIM1
SIM2
SIM3
SIM4
1
21
22
SIM5
SIM1
SIM2
SIM3
SIM4
1
21
22
SIM5
SIM1
SIM2
SIM3
SIM4
1
21
22
SIM5
SIM1
SIM2
SIM3
SIM4
1
21
22
SIM5
SIM1
SIM2
SIM3
SIM4
1
21
22
SIM5
SIM1
SIM2
SIM3
SIM4
1
21
22
SIM5
SIM1
SIM2
SIM3
SIM4
1
21
22
SIM5
SIM1
SIM2
SIM3
SIM4
1
21
22
SIM5
SIM1
SIM2
SIM3
SIM4
1
21
22
SIM5
SIM1
SIM2
SIM3
SIM4
1
21
22
SIM5
SIM1
SIM2
SIM3
SIM4
1
21
22
SIM5
SIM1
SIM2
SIM3
SIM4
1
21
22
SIM5
SIM1
SIM2
SIM3
SIM4
1
21
22
SIM5
SIM1
SIM2
SIM3
SIM4
1
21
22
SIM5
SIM1
SIM2
SIM3
SIM4
1
21
22
SIM5
SIM1
SIM2
SIM3
SIM4
1
21
22
SIM5
SIM1
SIM2
DEBUG 1 108
SIM1
SIM2
SIM3
SIM4
1
21
22
SIM5
SIM1
SIM2
SIM3
SIM4
1
21
22
SIM5
SIM1
SIM2
SIM3
SIM4
1
21
22
SIM5
SIM1
SIM2
SIM3
SIM4
1
21
22
SIM5
SIM1
SIM2
SIM3
SIM4
1
21
22
SIM5
SIM1
SIM2
SIM3
SIM4
1
21
22
SIM5
SIM1
SIM2
SIM3
SIM4
1
21
22
SIM5
SIM1
SIM2
SIM3
SIM4
1
21
22
SIM5
SIM1
SIM2
SIM3
SIM4
1
21
22
SIM5
SIM1
SIM2
SIM3
SIM4
1
21
22
SIM5
SIM1
SIM2
SIM3
SIM4
1
21
22
SIM5
SIM1
SIM2
SIM3
SIM4
1
21
22
SIM5
SIM1
SIM2
SIM3
SIM4
1
21
22
SIM5
SIM1
SIM2
SIM3
SIM4
1
21
22
SIM5
SIM1
SIM2
SIM3
SIM4
1
21
22
SIM5
SIM1
SIM2
SIM3
SIM4
1
21
22
SIM5
SIM1
SIM2
SIM3
SIM4
1
21
22
SIM5
SIM1
SIM2
SIM3
SIM4
1
21
22
SIM5
SIM1
SIM2
SIM3
SIM4
1
21
22
SIM5
SIM1
SIM2
SIM3
SIM4
1
21
22
SIM5
SIM1
SIM2
SIM3
SIM4
1
21
22
SIM5
SIM1
SIM2
SIM3
SIM4
1
21
22
SIM5
SIM1
SIM2
SIM3
SIM4
1
21
22
SIM5
SIM1
SIM2
SIM3
SIM4
1
21
22
SIM5
SIM1
SIM2
SIM3
SIM4
1
21
22
SIM5
SIM1
SIM2
SIM3
SIM4
1
21
22
SIM5
SIM1
SIM2
SIM3
SIM4
1
21
22
SIM5
SIM1
SIM2
SIM3
SIM4
1
21
22
SIM5
SIM1
SIM2
SIM3
SIM4
1
21
22
SIM5
SIM1
SIM2
SIM3
SIM4
1
21
22
SIM5
SIM1
SIM2
SIM3
SIM4
1
21
22
SIM5
SIM1
SIM2
SIM3
SIM4
1
21
22
SIM5
SIM1
SIM2
SIM3
SIM4
1
21
22
SIM5
SIM1
SIM2
SIM3
SIM4
1
21
22
SIM5
SIM1
SIM2
SIM3
SIM4
1
21
22
SIM5
SIM1
SIM2
SIM3
SIM4
1
21
22
SIM5
SIM1
SIM2
SIM3
SIM4
1
21
22
SIM5
SIM1
SIM2
SIM3
SIM4
1
21
22
SIM5
SIM1
SIM2
SIM3
SIM4
1
21
22
SIM5
SIM1
SIM2
SIM3
SIM4
1
21
22
SIM5
SIM1
SIM2
SIM3
SIM4
1
21
22
SIM5
SIM1
SIM2
SIM3
SIM4
1
21
22
SIM5
SIM1
SIM2
SIM3
SIM4
1
21
22
SIM5
SIM1
SIM2
SIM3
SIM4
1
21
22
SIM5
SIM1
SIM2
SIM3
SIM4
1
21
22
SIM5
SIM1
SIM2
SIM3
SIM4
1
21
22
SIM5
SIM1
SIM2
SIM3
SIM4
1
21
22
SIM5
SIM1
SIM2
SIM3
SIM4
1
21
22
SIM5
SIM1
SIM2
SIM3
SIM4
1
21
22
SIM5
SIM1
SIM2
SIM3
SIM4
1
21
22
SIM5
SIM1
SIM2
SIM3
SIM4
1
21
22
SIM5
SIM1
SIM2
SIM3
SIM4
1
21
22
SIM5
SIM1
SIM2
SIM3
SIM4
1
21
22
SIM5
SIM1
SIM2
SIM3
SIM4
1
21
22
SIM5
SIM1
SIM2
SIM3
SIM4
1
21
22
SIM5
SIM1
SIM2
SIM3
SIM4
1
21
22
SIM5
SIM1
SIM2
SIM3
SIM4
1
21
22
SIM5
SIM1
SIM2
SIM3
SIM4
1
21
22
SIM5
SIM1
SIM2
SIM3
SIM4
1
21
22
SIM5
SIM1
SIM2
SIM3
SIM4
1
21
22
SIM5
SIM1
SIM2
SIM3
SIM4
1
21
22
SIM5
SIM1
SIM2
SIM3
SIM4
1
21
22
SIM5
SIM1
SIM2
SIM3
SIM4
1
21
22
SIM5
SIM1
SIM2
SIM3
SIM4
1
21
22
SIM5
SIM1
SIM2
SIM3
SIM4
1
21
22
SIM5
SIM1
SIM2
SIM3
SIM4
1
21
22
SIM5
SIM1
SIM2
SIM3
SIM4
1
21
22
SIM5
SIM1
SIM2
SIM3
SIM4
1
21
22
SIM5
SIM1
SIM2
SIM3
SIM4
1
21
22
SIM5
SIM1
SIM2
SIM3
SIM4
1
21
22
SIM5
SIM1
SIM2
SIM3
SIM4
1
21
22
SIM5
SIM1
SIM2
SIM3
SIM4
1
21
22
SIM5
SIM1
SIM2
SIM3
SIM4
1
21
22
SIM5
SIM1
SIM2
SIM3
SIM4
1
21
22
SIM5
SIM1
SIM2
SIM3
SIM4
1
21
22
SIM5
SIM1
SIM2
SIM3
SIM4
1
21
22
SIM5
SIM1
SIM2
SIM3
SIM4
1
21
22
SIM5
SIM1
SIM2
SIM3
SIM4
1
21
22
SIM5
SIM1
SIM2
SIM3
SIM4
1
21
22
SIM5
SIM1
SIM2
SIM3
SIM4
1
21
22
SIM5
SIM1
SIM2
SIM3
SIM4
1
21
22
SIM5
SIM1
SIM2
SIM3
SIM4
1
21
22
SIM5
SIM1
SIM2
SIM3
SIM4
1
21
22
SIM5
SIM1
SIM2
SIM3
SIM4
1
21
22
SIM5
SIM1
SIM2
SIM3
SIM4
1
21
22
SIM5
SIM1
SIM2
SIM3
SIM4
1
21
22
SIM5
SIM1
SIM2
SIM3
SIM4
1
21
22
SIM5
SIM1
SIM2
SIM3
SIM4
1
21
22
SIM5
SIM1
SIM2
SIM3
SIM4
1
21
22
SIM5
SIM1
SIM2
SIM3
SIM4
1
21
22
SIM5
SIM1
SIM2
SIM3
SIM4
1
21
22
SIM5
SIM1
SIM2
SIM3
SIM4
1
21
22
SIM5
SIM1
SIM2
SIM3
SIM4
1
21
22
SIM5
SIM1
SIM2
SIM3
SIM4
1
21
22
SIM5
SIM1
SIM2
SIM3
SIM4
1
21
22
SIM5
SIM1
SIM2
SIM3
SIM4
1
21
22
SIM5
SIM1
SIM2
SIM3
SIM4
1
21
22
SIM5
SIM1
SIM2
SIM3
SIM4
1
21
22
SIM5
SIM1
SIM2
SIM3
SIM4
1
21
22
SIM5
SIM1
SIM2
SIM3
SIM4
1
21
22
SIM5
SIM1
SIM2
SIM3
SIM4
1
21
22
SIM5
SIM1
SIM2
SIM3
SIM4
1
21
22
SIM5
SIM1
SIM2
SIM3
SIM4
1
21
22
SIM5
SIM1
SIM2
SIM3
SIM4
1
21
22
SIM5
SIM1
SIM2
SIM3
SIM4
1
21
22
SIM5
SIM1
SIM2
SIM3
SIM4
1
21
22
SIM5
SIM1
SIM2
SIM3
SIM4
1
21
22
SIM5
SIM1
SIM2
SIM3
SIM4
1
21
22
SIM5
SIM1
SIM2
SIM3
SIM4
1
21
22
SIM5
SIM1
SIM2
SIM3
SIM4
1
21
22
SIM5
SIM1
SIM2
SIM3
SIM4
1
21
22
SIM5
SIM1
SIM2
SIM3
SIM4
1
21
22
SIM5
SIM1
SIM2
SIM3
SIM4
1
21
22
SIM5
SIM1
SIM2
SIM3
SIM4
1
21
22
SIM5
SIM1
SIM2
SIM3
SIM4
1
21
22
SIM5
SIM1
SIM2
SIM3
SIM4
1
21
22
SIM5
SIM1
SIM2
SIM3
SIM4
1
21
22
SIM5
SIM1
SIM2
SIM3
SIM4
1
21
22
SIM5
SIM1
SIM2
SIM3
SIM4
1
21
22
SIM5
SIM1
SIM2
SIM3
SIM4
1
21
22
SIM5
SIM1
SIM2
SIM3
SIM4
1
21
22
SIM5
SIM1
SIM2
SIM3
SIM4
1
21
22
SIM5
SIM1
SIM2
SIM3
SIM4
1
21
22
SIM5
SIM1
SIM2
SIM3
SIM4
1
21
22
SIM5
SIM1
SIM2
SIM3
SIM4
1
21
22
SIM5
SIM1
SIM2
SIM3
SIM4
1
21
22
SIM5
SIM1
SIM2
SIM3
SIM4
1
21
22
SIM5
SIM1
SIM2
SIM3
SIM4
1
21
22
SIM5
SIM1
SIM2
SIM3
SIM4
1
21
22
SIM5
SIM1
SIM2
SIM3
SIM4
1
21
22
SIM5
SIM1
SIM2
SIM3
SIM4
1
21
22
SIM5
SIM1
SIM2
SIM3
SIM4
1
21
22
SIM5
SIM1
SIM2
SIM3
SIM4
1
21
22
SIM5
SIM1
SIM2
SIM3
SIM4
1
21
22
SIM5
SIM1
SIM2
SIM3
SIM4
1
21
22
SIM5
SIM1
SIM2
SIM3
SIM4
1
21
22
SIM5
SIM1
SIM2
SIM3
SIM4
1
21
22
SIM5
SIM1
SIM2
SIM3
SIM4
1
21
22
SIM5
SIM1
SIM2
SIM3
SIM4
1
21
22
SIM5
SIM1
SIM2
SIM3
SIM4
1
21
22
SIM5
SIM1
SIM2
SIM3
SIM4
1
21
22
SIM5
SIM1
SIM2
SIM3
SIM4
1
21
22
SIM5
SIM1
SIM2
SIM3
SIM4
1
21
22
SIM5
SIM1
SIM2
SIM3
SIM4
1
21
22
SIM5
SIM1
SIM2
SIM3
SIM4
1
21
22
SIM5
SIM1
SIM2
SIM3
SIM4
1
21
22
SIM5
SIM1
SIM2
SIM3
SIM4
1
21
22
SIM5
SIM1
SIM2
SIM3
SIM4
1
21
22
SIM5
SIM1
SIM2
SIM3
SIM4
1
21
22
SIM5
SIM1
SIM2
SIM3
SIM4
1
21
22
SIM5
SIM1
SIM2
SIM3
SIM4
1
21
22
SIM5
SIM1
SIM2
SIM3
SIM4
1
21
22
SIM5
SIM1
SIM2
SIM3
SIM4
1
21
22
SIM5
SIM1
SIM2
SIM3
SIM4
1
21
22
SIM5
SIM1
SIM2
SIM3
SIM4
1
21
22
SIM5
SIM1
SIM2
SIM3
SIM4
1
21
22
SIM5
SIM1
SIM2
SIM3
SIM4
1
21
22
SIM5
SIM1
SIM2
SIM3
SIM4
1
21
22
SIM5
SIM1
SIM2
SIM3
SIM4
1
21
22
SIM5
SIM1
SIM2
SIM3
SIM4
1
21
22
SIM5
SIM1
SIM2
SIM3
SIM4
1
21
22
SIM5
SIM1
SIM2
SIM3
SIM4
1
21
22
SIM5
SIM1
SIM2
SIM3
SIM4
1
21
22
SIM5
SIM1
SIM2
SIM3
SIM4
1
21
22
SIM5
SIM1
SIM2
SIM3
SIM4
1
21
22
SIM5
SIM1
SIM2
SIM3
SIM4
1
21
22
SIM5
SIM1
SIM2
SIM3
SIM4
1
21
22
SIM5
SIM1
SIM2
SIM3
SIM4
1
21
22
SIM5
SIM1
SIM2
SIM3
SIM4
1
21
22
SIM5
SIM1
SIM2
SIM3
SIM4
1
21
22
SIM5
SIM1
SIM2
SIM3
SIM4
1
21
22
SIM5
SIM1
SIM2
SIM3
SIM4
1
21
22
SIM5
SIM1
SIM2
SIM3
SIM4
1
21
22
SIM5
SIM1
SIM2
SIM3
SIM4
1
21
22
SIM5
SIM1
SIM2
SIM3
SIM4
1
21
22
SIM5
SIM1
SIM2
SIM3
SIM4
1
21
22
SIM5
SIM1
SIM2
SIM3
SIM4
1
21
22
SIM5
SIM1
SIM2
SIM3
SIM4
1
21
22
SIM5
SIM1
SIM2
SIM3
SIM4
1
21
22
SIM5
SIM1
SIM2
SIM3
SIM4
1
21
22
SIM5
SIM1
SIM2
SIM3
SIM4
1
21
22
SIM5
SIM1
SIM2
SIM3
SIM4
1
21
22
SIM5
SIM1
SIM2
SIM3
SIM4
1
21
22
SIM5
SIM1
SIM2
SIM3
SIM4
1
21
22
SIM5
SIM1
SIM2
SIM3
SIM4
1
21
22
SIM5
SIM1
SIM2
SIM3
SIM4
1
21
22
SIM5
SIM1
SIM2
SIM3
SIM4
1
21
22
SIM5
SIM1
SIM2
SIM3
SIM4
1
21
22
SIM5
SIM1
SIM2
SIM3
SIM4
1
21
22
SIM5
SIM1
SIM2
SIM3
SIM4
1
21
22
SIM5
SIM1
SIM2
SIM3
SIM4
1
21
22
SIM5
SIM1
SIM2
SIM3
SIM4
1
21
22
SIM5
SIM1
SIM2
SIM3
SIM4
1
21
22
SIM5
SIM1
SIM2
SIM3
SIM4
1
21
22
SIM5
SIM1
SIM2
SIM3
SIM4
1
21
22
SIM5
SIM1
SIM2
SIM3
SIM4
1
21
22
SIM5
SIM1
SIM2
SIM3
SIM4
1
21
22
SIM5
SIM1
SIM2
SIM3
SIM4
1
21
22
SIM5
SIM1
SIM2
SIM3
SIM4
1
21
22
SIM5
SIM1
SIM2
SIM3
SIM4
1
21
22
SIM5
SIM1
SIM2
SIM3
SIM4
1
21
22
SIM5
SIM1
SIM2
SIM3
SIM4
1
21
22
SIM5
SIM1
SIM2
SIM3
SIM4
1
21
22
SIM5
SIM1
SIM2
SIM3
SIM4
1
21
22
SIM5
SIM1
SIM2
SIM3
SIM4
1
21
22
SIM5
SIM1
SIM2
SIM3
SIM4
1
21
22
SIM5
SIM1
SIM2
SIM3
SIM4
1
21
22
SIM5
SIM1
SIM2
SIM3
SIM4
1
21
22
SIM5
SIM1
SIM2
SIM3
SIM4
1
21
22
SIM5
SIM1
SIM2
SIM3
SIM4
1
21
22
SIM5
SIM1
SIM2
SIM3
SIM4
1
21
22
SIM5
SIM1
SIM2
SIM3
SIM4
1
21
22
SIM5
SIM1
SIM2
SIM3
SIM4
1
21
22
SIM5
SIM1
SIM2
SIM3
SIM4
1
21
22
SIM5
SIM1
SIM2
SIM3
SIM4
1
21
22
SIM5
SIM1
SIM2
SIM3
SIM4
1
21
22
SIM5
SIM1
SIM2
SIM3
SIM4
1
21
22
SIM5
SIM1
SIM2
SIM3
SIM4
1
21
22
SIM5
SIM1
SIM2
SIM3
SIM4
1
21
22
SIM5
SIM1
SIM2
SIM3
SIM4
1
21
22
SIM5
SIM1
SIM2
SIM3
SIM4
1
21
22
SIM5
SIM1
SIM2
SIM3
SIM4
1
21
22
SIM5
SIM1
SIM2
SIM3
SIM4
1
21
22
SIM5
SIM1
SIM2
SIM3
SIM4
1
21
22
SIM5
SIM1
SIM2
SIM3
SIM4
1
21
22
SIM5
SIM1
SIM2
SIM3
SIM4
1
21
22
SIM5
SIM1
SIM2
SIM3
SIM4
1
21
22
SIM5
SIM1
SIM2
SIM3
SIM4
1
21
22
SIM5
SIM1
SIM2
SIM3
SIM4
1
21
22
SIM5
SIM1
SIM2
SIM3
SIM4
1
21
22
SIM5
SIM1
SIM2
SIM3
SIM4
1
21
22
SIM5
SIM1
SIM2
SIM3
SIM4
1
21
22
SIM5
SIM1
SIM2
SIM3
SIM4
1
21
22
SIM5
SIM1
SIM2
SIM3
SIM4
1
21
22
SIM5
SIM1
SIM2
SIM3
SIM4
1
21
22
SIM5
SIM1
SIM2
SIM3
SIM4
1
21
22
SIM5
SIM1
SIM2
SIM3
SIM4
1
21
22
SIM5
SIM1
SIM2
SIM3
SIM4
1
21
22
SIM5
SIM1
SIM2
SIM3
SIM4
1
21
22
SIM5
SIM1
SIM2
SIM3
SIM4
1
21
22
SIM5
SIM1
SIM2
SIM3
SIM4
1
21
22
SIM5
SIM1
SIM2
SIM3
SIM4
1
21
22
SIM5
SIM1
SIM2
SIM3
SIM4
1
21
22
SIM5
SIM1
SIM2
SIM3
SIM4
1
21
22
SIM5
SIM1
SIM2
SIM3
SIM4
1
21
22
SIM5
SIM1
SIM2
SIM3
SIM4
1
21
22
SIM5
SIM1
SIM2
SIM3
SIM4
1
21
22
SIM5
SIM1
SIM2
SIM3
SIM4
1
21
22
SIM5
SIM1
SIM2
SIM3
SIM4
1
21
22
SIM5
SIM1
SIM2
SIM3
SIM4
1
21
22
SIM5
SIM1
SIM2
SIM3
SIM4
1
21
22
SIM5
SIM1
SIM2
SIM3
SIM4
1
21
22
SIM5
SIM1
SIM2
SIM3
SIM4
1
21
22
SIM5
SIM1
SIM2
SIM3
SIM4
1
21
22
SIM5
SIM1
SIM2
SIM3
SIM4
1
21
22
SIM5
SIM1
SIM2
SIM3
SIM4
1
21
22
SIM5
SIM1
SIM2
SIM3
SIM4
1
21
22
SIM5
SIM1
SIM2
SIM3
SIM4
1
21
22
SIM5
SIM1
SIM2
SIM3
SIM4
1
21
22
SIM5
SIM1
SIM2
SIM3
SIM4
1
21
22
SIM5
SIM1
SIM2
SIM3
SIM4
1
21
22
SIM5
SIM1
SIM2
SIM3
SIM4
1
21
22
SIM5
SIM1
SIM2
SIM3
SIM4
1
21
22
SIM5
SIM1
SIM2
SIM3
SIM4
1
21
22
SIM5
SIM1
SIM2
SIM3
SIM4
1
21
22
SIM5
SIM1
SIM2
SIM3
SIM4
1
21
22
SIM5
SIM1
SIM2
SIM3
SIM4
1
21
22
SIM5
SIM1
SIM2
SIM3
SIM4
1
21
22
SIM5
SIM1
SIM2
SIM3
SIM4
1
21
22
SIM5
SIM1
SIM2
SIM3
SIM4
1
21
22
SIM5
SIM1
SIM2
SIM3
SIM4
1
21
22
SIM5
SIM1
SIM2
SIM3
SIM4
1
21
22
SIM5
SIM1
SIM2
SIM3
SIM4
1
21
22
SIM5
SIM1
SIM2
SIM3
SIM4
1
21
22
SIM5
SIM1
SIM2
SIM3
SIM4
1
21
22
SIM5
SIM1
SIM2
SIM3
SIM4
1
21
22
SIM5
SIM1
SIM2
SIM3
SIM4
1
21
22
SIM5
SIM1
SIM2
SIM3
SIM4
1
21
22
SIM5
SIM1
SIM2
SIM3
SIM4
1
21
22
SIM5
SIM1
SIM2
SIM3
SIM4
1
21
22
SIM5
SIM1
SIM2
SIM3
SIM4
1
21
22
SIM5
SIM1
SIM2
SIM3
SIM4
1
21
22
SIM5
SIM1
SIM2
SIM3
SIM4
1
21
22
SIM5
SIM1
SIM2
SIM3
SIM4
1
21
22
SIM5
SIM1
SIM2
SIM3
SIM4
1
21
22
SIM5
SIM1
SIM2
SIM3
SIM4
1
21
22
SIM5
SIM1
SIM2
SIM3
SIM4
1
21
22
SIM5
SIM1
SIM2
SIM3
SIM4
1
21
22
SIM5
SIM1
SIM2
SIM3
SIM4
1
21
22
SIM5
SIM1
SIM2
SIM3
SIM4
1
21
22
SIM5
SIM1
SIM2
SIM3
SIM4
1
21
22
SIM5
SIM1
SIM2
SIM3
SIM4
1
21
22
SIM5
SIM1
SIM2
SIM3
SIM4
1
21
22
SIM5
SIM1
SIM2
SIM3
SIM4
1
21
22
SIM5
SIM1
SIM2
SIM3
SIM4
1
21
22
SIM5
SIM1
SIM2
SIM3
SIM4
1
21
22
SIM5
SIM1
SIM2
SIM3
SIM4
1
21
22
SIM5
SIM1
SIM2
SIM3
SIM4
1
21
22
SIM5
SIM1
SIM2
SIM3
SIM4
1
21
22
SIM5
SIM1
SIM2
SIM3
SIM4
1
21
22
SIM5
SIM1
SIM2
DEBUG 1 109
SIM1
SIM2
SIM3
SIM4
1
21
22
SIM5
SIM1
SIM2
SIM3
SIM4
1
21
22
SIM5
SIM1
SIM2
SIM3
SIM4
1
21
22
SIM5
SIM1
SIM2
SIM3
SIM4
1
21
22
SIM5
SIM1
SIM2
SIM3
SIM4
1
21
22
SIM5
SIM1
SIM2
SIM3
SIM4
1
21
22
SIM5
SIM1
SIM2
SIM3
SIM4
1
21
22
SIM5
SIM1
SIM2
SIM3
SIM4
1
21
22
SIM5
SIM1
SIM2
SIM3
SIM4
1
21
22
SIM5
SIM1
SIM2
SIM3
SIM4
1
21
22
SIM5
SIM1
SIM2
SIM3
SIM4
1
21
22
SIM5
SIM1
SIM2
SIM3
SIM4
1
21
22
SIM5
SIM1
SIM2
SIM3
SIM4
1
21
22
SIM5
SIM1
SIM2
SIM3
SIM4
1
21
22
SIM5
SIM1
SIM2
SIM3
SIM4
1
21
22
SIM5
SIM1
SIM2
SIM3
SIM4
1
21
22
SIM5
SIM1
SIM2
SIM3
SIM4
1
21
22
SIM5
SIM1
SIM2
SIM3
SIM4
1
21
22
SIM5
SIM1
SIM2
SIM3
SIM4
1
21
22
SIM5
SIM1
SIM2
SIM3
SIM4
1
21
22
SIM5
SIM1
SIM2
SIM3
SIM4
1
21
22
SIM5
SIM1
SIM2
SIM3
SIM4
1
21
22
SIM5
SIM1
SIM2
SIM3
SIM4
1
21
22
SIM5
SIM1
SIM2
SIM3
SIM4
1
21
22
SIM5
SIM1
SIM2
SIM3
SIM4
1
21
22
SIM5
SIM1
SIM2
SIM3
SIM4
1
21
22
SIM5
SIM1
SIM2
SIM3
SIM4
1
21
22
SIM5
SIM1
SIM2
SIM3
SIM4
1
21
22
SIM5
SIM1
SIM2
SIM3
SIM4
1
21
22
SIM5
SIM1
SIM2
SIM3
SIM4
1
21
22
SIM5
SIM1
SIM2
SIM3
SIM4
1
21
22
SIM5
SIM1
SIM2
SIM3
SIM4
1
21
22
SIM5
SIM1
SIM2
SIM3
SIM4
1
21
22
SIM5
SIM1
SIM2
SIM3
SIM4
1
21
22
SIM5
SIM1
SIM2
SIM3
SIM4
1
21
22
SIM5
SIM1
SIM2
SIM3
SIM4
1
21
22
SIM5
SIM1
SIM2
SIM3
SIM4
1
21
22
SIM5
SIM1
SIM2
SIM3
SIM4
1
21
22
SIM5
SIM1
SIM2
SIM3
SIM4
1
21
22
SIM5
SIM1
SIM2
SIM3
SIM4
1
21
22
SIM5
SIM1
SIM2
SIM3
SIM4
1
21
22
SIM5
SIM1
SIM2
SIM3
SIM4
1
21
22
SIM5
SIM1
SIM2
SIM3
SIM4
1
21
22
SIM5
SIM1
SIM2
SIM3
SIM4
1
21
22
SIM5
SIM1
SIM2
SIM3
SIM4
1
21
22
SIM5
SIM1
SIM2
SIM3
SIM4
1
21
22
SIM5
SIM1
SIM2
SIM3
SIM4
1
21
22
SIM5
SIM1
SIM2
SIM3
SIM4
1
21
22
SIM5
SIM1
SIM2
SIM3
SIM4
1
21
22
SIM5
SIM1
SIM2
SIM3
SIM4
1
21
22
SIM5
SIM1
SIM2
SIM3
SIM4
1
21
22
SIM5
SIM1
SIM2
SIM3
SIM4
1
21
22
SIM5
SIM1
SIM2
SIM3
SIM4
1
21
22
SIM5
SIM1
SIM2
SIM3
SIM4
1
21
22
SIM5
SIM1
SIM2
SIM3
SIM4
1
21
22
SIM5
SIM1
SIM2
SIM3
SIM4
1
21
22
SIM5
SIM1
SIM2
SIM3
SIM4
1
21
22
SIM5
SIM1
SIM2
SIM3
SIM4
1
21
22
SIM5
SIM1
SIM2
SIM3
SIM4
1
21
22
SIM5
SIM1
SIM2
SIM3
SIM4
1
21
22
SIM5
SIM1
SIM2
SIM3
SIM4
1
21
22
SIM5
SIM1
SIM2
SIM3
SIM4
1
21
22
SIM5
SIM1
SIM2
SIM3
SIM4
1
21
22
SIM5
SIM1
SIM2
SIM3
SIM4
1
21
22
SIM5
SIM1
SIM2
SIM3
SIM4
1
21
22
SIM5
SIM1
SIM2
SIM3
SIM4
1
21
22
SIM5
SIM1
SIM2
SIM3
SIM4
1
21
22
SIM5
SIM1
SIM2
SIM3
SIM4
1
21
22
SIM5
SIM1
SIM2
SIM3
SIM4
1
21
22
SIM5
SIM1
SIM2
SIM3
SIM4
1
21
22
SIM5
SIM1
SIM2
SIM3
SIM4
1
21
22
SIM5
SIM1
SIM2
SIM3
SIM4
1
21
22
SIM5
SIM1
SIM2
SIM3
SIM4
1
21
22
SIM5
SIM1
SIM2
SIM3
SIM4
1
21
22
SIM5
SIM1
SIM2
SIM3
SIM4
1
21
22
SIM5
SIM1
SIM2
SIM3
SIM4
1
21
22
SIM5
SIM1
SIM2
SIM3
SIM4
1
21
22
SIM5
SIM1
SIM2
SIM3
SIM4
1
21
22
SIM5
SIM1
SIM2
SIM3
SIM4
1
21
22
SIM5
SIM1
SIM2
SIM3
SIM4
1
21
22
SIM5
SIM1
SIM2
SIM3
SIM4
1
21
22
SIM5
SIM1
SIM2
SIM3
SIM4
1
21
22
SIM5
SIM1
SIM2
SIM3
SIM4
1
21
22
SIM5
SIM1
SIM2
SIM3
SIM4
1
21
22
SIM5
SIM1
SIM2
SIM3
SIM4
1
21
22
SIM5
SIM1
SIM2
SIM3
SIM4
1
21
22
SIM5
SIM1
SIM2
SIM3
SIM4
1
21
22
SIM5
SIM1
SIM2
SIM3
SIM4
1
21
22
SIM5
SIM1
SIM2
SIM3
SIM4
1
21
22
SIM5
SIM1
SIM2
SIM3
SIM4
1
21
22
SIM5
SIM1
SIM2
SIM3
SIM4
1
21
22
SIM5
SIM1
SIM2
SIM3
SIM4
1
21
22
SIM5
SIM1
SIM2
SIM3
SIM4
1
21
22
SIM5
SIM1
SIM2
SIM3
SIM4
1
21
22
SIM5
SIM1
SIM2
SIM3
SIM4
1
21
22
SIM5
SIM1
SIM2
SIM3
SIM4
1
21
22
SIM5
SIM1
SIM2
SIM3
SIM4
1
21
22
SIM5
SIM1
SIM2
SIM3
SIM4
1
21
22
SIM5
SIM1
SIM2
SIM3
SIM4
1
21
22
SIM5
SIM1
SIM2
SIM3
SIM4
1
21
22
SIM5
SIM1
SIM2
SIM3
SIM4
1
21
22
SIM5
SIM1
SIM2
SIM3
SIM4
1
21
22
SIM5
SIM1
SIM2
SIM3
SIM4
1
21
22
SIM5
SIM1
SIM2
SIM3
SIM4
1
21
22
SIM5
SIM1
SIM2
SIM3
SIM4
1
21
22
SIM5
SIM1
SIM2
SIM3
SIM4
1
21
22
SIM5
SIM1
SIM2
SIM3
SIM4
1
21
22
SIM5
SIM1
SIM2
SIM3
SIM4
1
21
22
SIM5
SIM1
SIM2
SIM3
SIM4
1
21
22
SIM5
SIM1
SIM2
SIM3
SIM4
1
21
22
SIM5
SIM1
SIM2
SIM3
SIM4
1
21
22
SIM5
SIM1
SIM2
SIM3
SIM4
1
21
22
SIM5
SIM1
SIM2
SIM3
SIM4
1
21
22
SIM5
SIM1
SIM2
SIM3
SIM4
1
21
22
SIM5
SIM1
SIM2
SIM3
SIM4
1
21
22
SIM5
SIM1
SIM2
SIM3
SIM4
1
21
22
SIM5
SIM1
SIM2
SIM3
SIM4
1
21
22
SIM5
SIM1
SIM2
SIM3
SIM4
1
21
22
SIM5
SIM1
SIM2
SIM3
SIM4
1
21
22
SIM5
SIM1
SIM2
SIM3
SIM4
1
21
22
SIM5
SIM1
SIM2
SIM3
SIM4
1
21
22
SIM5
SIM1
SIM2
SIM3
SIM4
1
21
22
SIM5
SIM1
SIM2
SIM3
SIM4
1
21
22
SIM5
SIM1
SIM2
SIM3
SIM4
1
21
22
SIM5
SIM1
SIM2
SIM3
SIM4
1
21
22
SIM5
SIM1
SIM2
SIM3
SIM4
1
21
22
SIM5
SIM1
SIM2
SIM3
SIM4
1
21
22
SIM5
SIM1
SIM2
SIM3
SIM4
1
21
22
SIM5
SIM1
SIM2
SIM3
SIM4
1
21
22
SIM5
SIM1
SIM2
SIM3
SIM4
1
21
22
SIM5
SIM1
SIM2
SIM3
SIM4
1
21
22
SIM5
SIM1
SIM2
SIM3
SIM4
1
21
22
SIM5
SIM1
SIM2
SIM3
SIM4
1
21
22
SIM5
SIM1
SIM2
SIM3
SIM4
1
21
22
SIM5
SIM1
SIM2
SIM3
SIM4
1
21
22
SIM5
SIM1
SIM2
SIM3
SIM4
1
21
22
SIM5
SIM1
SIM2
SIM3
SIM4
1
21
22
SIM5
SIM1
SIM2
SIM3
SIM4
1
21
22
SIM5
SIM1
SIM2
SIM3
SIM4
1
21
22
SIM5
SIM1
SIM2
SIM3
SIM4
1
21
22
SIM5
SIM1
SIM2
SIM3
SIM4
1
21
22
SIM5
SIM1
SIM2
SIM3
SIM4
1
21
22
SIM5
SIM1
SIM2
SIM3
SIM4
1
21
22
SIM5
SIM1
SIM2
SIM3
SIM4
1
21
22
SIM5
SIM1
SIM2
SIM3
SIM4
1
21
22
SIM5
SIM1
SIM2
SIM3
SIM4
1
21
22
SIM5
SIM1
SIM2
SIM3
SIM4
1
21
22
SIM5
SIM1
SIM2
SIM3
SIM4
1
21
22
SIM5
SIM1
SIM2
SIM3
SIM4
1
21
22
SIM5
SIM1
SIM2
SIM3
SIM4
1
21
22
SIM5
SIM1
SIM2
SIM3
SIM4
1
21
22
SIM5
SIM1
SIM2
SIM3
SIM4
1
21
22
SIM5
SIM1
SIM2
DEBUG 1 110
SIM1
SIM2
SIM3
SIM4
1
21
22
SIM5
SIM1
SIM2
SIM3
SIM4
1
21
22
SIM5
SIM1
SIM2
SIM3
SIM4
1
21
22
SIM5
SIM1
SIM2
SIM3
SIM4
1
21
22
SIM5
SIM1
SIM2
SIM3
SIM4
1
21
22
SIM5
SIM1
SIM2
SIM3
SIM4
1
21
22
SIM5
SIM1
SIM2
SIM3
SIM4
1
21
22
SIM5
SIM1
SIM2
SIM3
SIM4
1
21
22
SIM5
SIM1
SIM2
SIM3
SIM4
1
21
22
SIM5
SIM1
SIM2
SIM3
SIM4
1
21
22
SIM5
SIM1
SIM2
SIM3
SIM4
1
21
22
SIM5
SIM1
SIM2
SIM3
SIM4
1
21
22
SIM5
SIM1
SIM2
SIM3
SIM4
1
21
22
SIM5
SIM1
SIM2
SIM3
SIM4
1
21
22
SIM5
SIM1
SIM2
SIM3
SIM4
1
21
22
SIM5
SIM1
SIM2
SIM3
SIM4
1
21
22
SIM5
SIM1
SIM2
SIM3
SIM4
1
21
22
SIM5
SIM1
SIM2
SIM3
SIM4
1
21
22
SIM5
SIM1
SIM2
SIM3
SIM4
1
21
22
SIM5
SIM1
SIM2
SIM3
SIM4
1
21
22
SIM5
SIM1
SIM2
SIM3
SIM4
1
21
22
SIM5
SIM1
SIM2
SIM3
SIM4
1
21
22
SIM5
SIM1
SIM2
SIM3
SIM4
1
21
22
SIM5
SIM1
SIM2
SIM3
SIM4
1
21
22
SIM5
SIM1
SIM2
SIM3
SIM4
1
21
22
SIM5
SIM1
SIM2
SIM3
SIM4
1
21
22
SIM5
SIM1
SIM2
SIM3
SIM4
1
21
22
SIM5
SIM1
SIM2
SIM3
SIM4
1
21
22
SIM5
SIM1
SIM2
SIM3
SIM4
1
21
22
SIM5
SIM1
SIM2
SIM3
SIM4
1
21
22
SIM5
SIM1
SIM2
SIM3
SIM4
1
21
22
SIM5
SIM1
SIM2
SIM3
SIM4
1
21
22
SIM5
SIM1
SIM2
SIM3
SIM4
1
21
22
SIM5
SIM1
SIM2
SIM3
SIM4
1
21
22
SIM5
SIM1
SIM2
SIM3
SIM4
1
21
22
SIM5
SIM1
SIM2
SIM3
SIM4
1
21
22
SIM5
SIM1
SIM2
SIM3
SIM4
1
21
22
SIM5
SIM1
SIM2
SIM3
SIM4
1
21
22
SIM5
SIM1
SIM2
SIM3
SIM4
1
21
22
SIM5
SIM1
SIM2
SIM3
SIM4
1
21
22
SIM5
SIM1
SIM2
SIM3
SIM4
1
21
22
SIM5
SIM1
SIM2
SIM3
SIM4
1
21
22
SIM5
SIM1
SIM2
SIM3
SIM4
1
21
22
SIM5
SIM1
SIM2
SIM3
SIM4
1
21
22
SIM5
SIM1
SIM2
SIM3
SIM4
1
21
22
SIM5
SIM1
SIM2
SIM3
SIM4
1
21
22
SIM5
SIM1
SIM2
SIM3
SIM4
1
21
22
SIM5
SIM1
SIM2
SIM3
SIM4
1
21
22
SIM5
SIM1
SIM2
SIM3
SIM4
1
21
22
SIM5
SIM1
SIM2
SIM3
SIM4
1
21
22
SIM5
SIM1
SIM2
SIM3
SIM4
1
21
22
SIM5
SIM1
SIM2
SIM3
SIM4
1
21
22
SIM5
SIM1
SIM2
SIM3
SIM4
1
21
22
SIM5
SIM1
SIM2
SIM3
SIM4
1
21
22
SIM5
SIM1
SIM2
SIM3
SIM4
1
21
22
SIM5
SIM1
SIM2
SIM3
SIM4
1
21
22
SIM5
SIM1
SIM2
SIM3
SIM4
1
21
22
SIM5
SIM1
SIM2
SIM3
SIM4
1
21
22
SIM5
SIM1
SIM2
SIM3
SIM4
1
21
22
SIM5
SIM1
SIM2
SIM3
SIM4
1
21
22
SIM5
SIM1
SIM2
SIM3
SIM4
1
21
22
SIM5
SIM1
SIM2
SIM3
SIM4
1
21
22
SIM5
SIM1
SIM2
SIM3
SIM4
1
21
22
SIM5
SIM1
SIM2
SIM3
SIM4
1
21
22
SIM5
SIM1
SIM2
SIM3
SIM4
1
21
22
SIM5
SIM1
SIM2
SIM3
SIM4
1
21
22
SIM5
SIM1
SIM2
SIM3
SIM4
1
21
22
SIM5
SIM1
SIM2
SIM3
SIM4
1
21
22
SIM5
SIM1
SIM2
SIM3
SIM4
1
21
22
SIM5
SIM1
SIM2
SIM3
SIM4
1
21
22
SIM5
SIM1
SIM2
SIM3
SIM4
1
21
22
SIM5
SIM1
SIM2
SIM3
SIM4
1
21
22
SIM5
SIM1
SIM2
SIM3
SIM4
1
21
22
SIM5
SIM1
SIM2
SIM3
SIM4
1
21
22
SIM5
SIM1
SIM2
SIM3
SIM4
1
21
22
SIM5
SIM1
SIM2
SIM3
SIM4
1
21
22
SIM5
SIM1
SIM2
SIM3
SIM4
1
21
22
SIM5
SIM1
SIM2
SIM3
SIM4
1
21
22
SIM5
SIM1
SIM2
SIM3
SIM4
1
21
22
SIM5
SIM1
SIM2
SIM3
SIM4
1
21
22
SIM5
SIM1
SIM2
SIM3
SIM4
1
21
22
SIM5
SIM1
SIM2
SIM3
SIM4
1
21
22
SIM5
SIM1
SIM2
SIM3
SIM4
1
21
22
SIM5
SIM1
SIM2
SIM3
SIM4
1
21
22
SIM5
SIM1
SIM2
SIM3
SIM4
1
21
22
SIM5
SIM1
SIM2
SIM3
SIM4
1
21
22
SIM5
SIM1
SIM2
SIM3
SIM4
1
21
22
SIM5
SIM1
SIM2
SIM3
SIM4
1
21
22
SIM5
SIM1
SIM2
SIM3
SIM4
1
21
22
SIM5
SIM1
SIM2
SIM3
SIM4
1
21
22
SIM5
SIM1
SIM2
SIM3
SIM4
1
21
22
SIM5
SIM1
SIM2
SIM3
SIM4
1
21
22
SIM5
SIM1
SIM2
SIM3
SIM4
1
21
22
SIM5
SIM1
SIM2
SIM3
SIM4
1
21
22
SIM5
SIM1
SIM2
SIM3
SIM4
1
21
22
SIM5
SIM1
SIM2
SIM3
SIM4
1
21
22
SIM5
SIM1
SIM2
SIM3
SIM4
1
21
22
SIM5
SIM1
SIM2
SIM3
SIM4
1
21
22
SIM5
SIM1
SIM2
SIM3
SIM4
1
21
22
SIM5
SIM1
SIM2
SIM3
SIM4
1
21
22
SIM5
SIM1
SIM2
SIM3
SIM4
1
21
22
SIM5
SIM1
SIM2
SIM3
SIM4
1
21
22
SIM5
SIM1
SIM2
SIM3
SIM4
1
21
22
SIM5
SIM1
SIM2
SIM3
SIM4
1
21
22
SIM5
SIM1
SIM2
SIM3
SIM4
1
21
22
SIM5
SIM1
SIM2
SIM3
SIM4
1
21
22
SIM5
SIM1
SIM2
SIM3
SIM4
1
21
22
SIM5
SIM1
SIM2
SIM3
SIM4
1
21
22
SIM5
SIM1
SIM2
SIM3
SIM4
1
21
22
SIM5
SIM1
SIM2
SIM3
SIM4
1
21
22
SIM5
SIM1
SIM2
SIM3
SIM4
1
21
22
SIM5
SIM1
SIM2
SIM3
SIM4
1
21
22
SIM5
SIM1
SIM2
SIM3
SIM4
1
21
22
SIM5
SIM1
SIM2
SIM3
SIM4
1
21
22
SIM5
SIM1
SIM2
SIM3
SIM4
1
21
22
SIM5
SIM1
SIM2
SIM3
SIM4
1
21
22
SIM5
SIM1
SIM2
SIM3
SIM4
1
21
22
SIM5
SIM1
SIM2
SIM3
SIM4
1
21
22
SIM5
SIM1
SIM2
SIM3
SIM4
1
21
22
SIM5
SIM1
SIM2
SIM3
SIM4
1
21
22
SIM5
SIM1
SIM2
SIM3
SIM4
1
21
22
SIM5
SIM1
SIM2
SIM3
SIM4
1
21
22
SIM5
SIM1
SIM2
SIM3
SIM4
1
21
22
SIM5
SIM1
SIM2
SIM3
SIM4
1
21
22
SIM5
SIM1
SIM2
SIM3
SIM4
1
21
22
SIM5
SIM1
SIM2
SIM3
SIM4
1
21
22
SIM5
SIM1
SIM2
SIM3
SIM4
1
21
22
SIM5
SIM1
SIM2
SIM3
SIM4
1
21
22
SIM5
SIM1
SIM2
SIM3
SIM4
1
21
22
SIM5
SIM1
SIM2
SIM3
SIM4
1
21
22
SIM5
SIM1
SIM2
SIM3
SIM4
1
21
22
SIM5
SIM1
SIM2
SIM3
SIM4
1
21
22
SIM5
SIM1
SIM2
SIM3
SIM4
1
21
22
SIM5
SIM1
SIM2
SIM3
SIM4
1
21
22
SIM5
SIM1
SIM2
SIM3
SIM4
1
21
22
SIM5
SIM1
SIM2
SIM3
SIM4
1
21
22
SIM5
SIM1
SIM2
SIM3
SIM4
1
21
22
SIM5
SIM1
SIM2
SIM3
SIM4
1
21
22
SIM5
SIM1
SIM2
SIM3
SIM4
1
21
22
SIM5
SIM1
SIM2
SIM3
SIM4
1
21
22
SIM5
SIM1
SIM2
SIM3
SIM4
1
21
22
SIM5
SIM1
SIM2
SIM3
SIM4
1
21
22
SIM5
SIM1
SIM2
SIM3
SIM4
1
21
22
SIM5
SIM1
SIM2
SIM3
SIM4
1
21
22
SIM5
SIM1
SIM2
SIM3
SIM4
1
21
22
SIM5
SIM1
SIM2
SIM3
SIM4
1
21
22
SIM5
SIM1
SIM2
SIM3
SIM4
1
21
22
SIM5
SIM1
SIM2
SIM3
SIM4
1
21
22
SIM5
SIM1
SIM2
SIM3
SIM4
1
21
22
SIM5
SIM1
SIM2
SIM3
SIM4
1
21
22
SIM5
SIM1
SIM2
SIM3
SIM4
1
21
22
SIM5
SIM1
SIM2
SIM3
SIM4
1
21
22
SIM5
SIM1
SIM2
SIM3
SIM4
1
21
22
SIM5
SIM1
SIM2
SIM3
SIM4
1
21
22
SIM5
SIM1
SIM2
SIM3
SIM4
1
21
22
SIM5
SIM1
SIM2
SIM3
SIM4
1
21
22
SIM5
SIM1
SIM2
SIM3
SIM4
1
21
22
SIM5
SIM1
SIM2
SIM3
SIM4
1
21
22
SIM5
SIM1
SIM2
SIM3
SIM4
1
21
22
SIM5
SIM1
SIM2
SIM3
SIM4
1
21
22
SIM5
SIM1
SIM2
SIM3
SIM4
1
21
22
SIM5
SIM1
SIM2
SIM3
SIM4
1
21
22
SIM5
SIM1
SIM2
SIM3
SIM4
1
21
22
SIM5
SIM1
SIM2
SIM3
SIM4
1
21
22
SIM5
SIM1
SIM2
SIM3
SIM4
1
21
22
SIM5
SIM1
SIM2
SIM3
SIM4
1
21
22
SIM5
SIM1
SIM2
SIM3
SIM4
1
21
22
SIM5
SIM1
SIM2
SIM3
SIM4
1
21
22
SIM5
SIM1
SIM2
SIM3
SIM4
1
21
22
SIM5
SIM1
SIM2
SIM3
SIM4
1
21
22
SIM5
SIM1
SIM2
SIM3
SIM4
1
21
22
SIM5
SIM1
SIM2
SIM3
SIM4
1
21
22
SIM5
SIM1
SIM2
SIM3
SIM4
1
21
22
SIM5
SIM1
SIM2
SIM3
SIM4
1
21
22
SIM5
SIM1
SIM2
SIM3
SIM4
1
21
22
SIM5
SIM1
SIM2
SIM3
SIM4
1
21
22
SIM5
SIM1
SIM2
SIM3
SIM4
1
21
22
SIM5
SIM1
SIM2
SIM3
SIM4
1
21
22
SIM5
SIM1
SIM2
SIM3
SIM4
1
21
22
SIM5
SIM1
SIM2
SIM3
SIM4
1
21
22
SIM5
SIM1
SIM2
SIM3
SIM4
1
21
22
SIM5
SIM1
SIM2
SIM3
SIM4
1
21
22
SIM5
SIM1
SIM2
SIM3
SIM4
1
21
22
SIM5
SIM1
SIM2
SIM3
SIM4
1
21
22
SIM5
SIM1
SIM2
SIM3
SIM4
1
21
22
SIM5
SIM1
SIM2
SIM3
SIM4
1
21
22
SIM5
SIM1
SIM2
SIM3
SIM4
1
21
22
SIM5
SIM1
SIM2
SIM3
SIM4
1
21
22
SIM5
SIM1
SIM2
SIM3
SIM4
1
21
22
SIM5
SIM1
SIM2
SIM3
SIM4
1
21
22
SIM5
SIM1
SIM2
SIM3
SIM4
1
21
22
SIM5
SIM1
SIM2
SIM3
SIM4
1
21
22
SIM5
SIM1
SIM2
SIM3
SIM4
1
21
22
SIM5
SIM1
SIM2
SIM3
SIM4
1
21
22
SIM5
SIM1
SIM2
SIM3
SIM4
1
21
22
SIM5
SIM1
SIM2
SIM3
SIM4
1
21
22
SIM5
SIM1
SIM2
SIM3
SIM4
1
21
22
SIM5
SIM1
SIM2
SIM3
SIM4
1
21
22
SIM5
SIM1
SIM2
SIM3
SIM4
1
21
22
SIM5
SIM1
SIM2
SIM3
SIM4
1
21
22
SIM5
SIM1
SIM2
SIM3
SIM4
1
21
22
SIM5
SIM1
SIM2
SIM3
SIM4
1
21
22
SIM5
SIM1
SIM2
SIM3
SIM4
1
21
22
SIM5
SIM1
SIM2
SIM3
SIM4
1
21
22
SIM5
SIM1
SIM2
SIM3
SIM4
1
21
22
SIM5
SIM1
SIM2
SIM3
SIM4
1
21
22
SIM5
SIM1
SIM2
SIM3
SIM4
1
21
22
SIM5
SIM1
SIM2
SIM3
SIM4
1
21
22
SIM5
SIM1
SIM2
SIM3
SIM4
1
21
22
SIM5
SIM1
SIM2
SIM3
SIM4
1
21
22
SIM5
SIM1
SIM2
SIM3
SIM4
1
21
22
SIM5
SIM1
SIM2
SIM3
SIM4
1
21
22
SIM5
SIM1
SIM2
SIM3
SIM4
1
21
22
SIM5
SIM1
SIM2
SIM3
SIM4
1
21
22
SIM5
SIM1
SIM2
SIM3
SIM4
1
21
22
SIM5
SIM1
SIM2
SIM3
SIM4
1
21
22
SIM5
SIM1
SIM2
SIM3
SIM4
1
21
22
SIM5
SIM1
SIM2
SIM3
SIM4
1
21
22
SIM5
SIM1
SIM2
SIM3
SIM4
1
21
22
SIM5
SIM1
SIM2
SIM3
SIM4
1
21
22
SIM5
SIM1
SIM2
SIM3
SIM4
1
21
22
SIM5
SIM1
SIM2
SIM3
SIM4
1
21
22
SIM5
SIM1
SIM2
SIM3
SIM4
1
21
22
SIM5
SIM1
SIM2
SIM3
SIM4
1
21
22
SIM5
SIM1
SIM2
SIM3
SIM4
1
21
22
SIM5
SIM1
SIM2
SIM3
SIM4
1
21
22
SIM5
SIM1
SIM2
SIM3
SIM4
1
21
22
SIM5
SIM1
SIM2
SIM3
SIM4
1
21
22
SIM5
SIM1
SIM2
SIM3
SIM4
1
21
22
SIM5
SIM1
SIM2
SIM3
SIM4
1
21
22
SIM5
SIM1
SIM2
SIM3
SIM4
1
21
22
SIM5
SIM1
SIM2
SIM3
SIM4
1
21
22
SIM5
SIM1
SIM2
DEBUG 1 111
SIM1
SIM2
SIM3
SIM4
1
21
22
SIM5
SIM1
SIM2
SIM3
SIM4
1
21
22
SIM5
SIM1
SIM2
SIM3
SIM4
1
21
22
SIM5
SIM1
SIM2
SIM3
SIM4
1
21
22
SIM5
SIM1
SIM2
SIM3
SIM4
1
21
22
SIM5
SIM1
SIM2
SIM3
SIM4
1
21
22
SIM5
SIM1
SIM2
SIM3
SIM4
1
21
22
SIM5
SIM1
SIM2
SIM3
SIM4
1
21
22
SIM5
SIM1
SIM2
SIM3
SIM4
1
21
22
SIM5
SIM1
SIM2
SIM3
SIM4
1
21
22
SIM5
SIM1
SIM2
SIM3
SIM4
1
21
22
SIM5
SIM1
SIM2
SIM3
SIM4
1
21
22
SIM5
SIM1
SIM2
SIM3
SIM4
1
21
22
SIM5
SIM1
SIM2
SIM3
SIM4
1
21
22
SIM5
SIM1
SIM2
SIM3
SIM4
1
21
22
SIM5
SIM1
SIM2
SIM3
SIM4
1
21
22
SIM5
SIM1
SIM2
SIM3
SIM4
1
21
22
SIM5
SIM1
SIM2
SIM3
SIM4
1
21
22
SIM5
SIM1
SIM2
SIM3
SIM4
1
21
22
SIM5
SIM1
SIM2
SIM3
SIM4
1
21
22
SIM5
SIM1
SIM2
SIM3
SIM4
1
21
22
SIM5
SIM1
SIM2
SIM3
SIM4
1
21
22
SIM5
SIM1
SIM2
SIM3
SIM4
1
21
22
SIM5
SIM1
SIM2
SIM3
SIM4
1
21
22
SIM5
SIM1
SIM2
SIM3
SIM4
1
21
22
SIM5
SIM1
SIM2
SIM3
SIM4
1
21
22
SIM5
SIM1
SIM2
SIM3
SIM4
1
21
22
SIM5
SIM1
SIM2
SIM3
SIM4
1
21
22
SIM5
SIM1
SIM2
SIM3
SIM4
1
21
22
SIM5
SIM1
SIM2
SIM3
SIM4
1
21
22
SIM5
SIM1
SIM2
SIM3
SIM4
1
21
22
SIM5
SIM1
SIM2
SIM3
SIM4
1
21
22
SIM5
SIM1
SIM2
SIM3
SIM4
1
21
22
SIM5
SIM1
SIM2
SIM3
SIM4
1
21
22
SIM5
SIM1
SIM2
SIM3
SIM4
1
21
22
SIM5
SIM1
SIM2
SIM3
SIM4
1
21
22
SIM5
SIM1
SIM2
SIM3
SIM4
1
21
22
SIM5
SIM1
SIM2
SIM3
SIM4
1
21
22
SIM5
SIM1
SIM2
SIM3
SIM4
1
21
22
SIM5
SIM1
SIM2
SIM3
SIM4
1
21
22
SIM5
SIM1
SIM2
SIM3
SIM4
1
21
22
SIM5
SIM1
SIM2
SIM3
SIM4
1
21
22
SIM5
SIM1
SIM2
SIM3
SIM4
1
21
22
SIM5
SIM1
SIM2
SIM3
SIM4
1
21
22
SIM5
SIM1
SIM2
SIM3
SIM4
1
21
22
SIM5
SIM1
SIM2
SIM3
SIM4
1
21
22
SIM5
SIM1
SIM2
SIM3
SIM4
1
21
22
SIM5
SIM1
SIM2
SIM3
SIM4
1
21
22
SIM5
SIM1
SIM2
SIM3
SIM4
1
21
22
SIM5
SIM1
SIM2
SIM3
SIM4
1
21
22
SIM5
SIM1
SIM2
SIM3
SIM4
1
21
22
SIM5
SIM1
SIM2
SIM3
SIM4
1
21
22
SIM5
SIM1
SIM2
SIM3
SIM4
1
21
22
SIM5
SIM1
SIM2
SIM3
SIM4
1
21
22
SIM5
SIM1
SIM2
SIM3
SIM4
1
21
22
SIM5
SIM1
SIM2
SIM3
SIM4
1
21
22
SIM5
SIM1
SIM2
SIM3
SIM4
1
21
22
SIM5
SIM1
SIM2
SIM3
SIM4
1
21
22
SIM5
SIM1
SIM2
SIM3
SIM4
1
21
22
SIM5
SIM1
SIM2
SIM3
SIM4
1
21
22
SIM5
SIM1
SIM2
SIM3
SIM4
1
21
22
SIM5
SIM1
SIM2
SIM3
SIM4
1
21
22
SIM5
SIM1
SIM2
SIM3
SIM4
1
21
22
SIM5
SIM1
SIM2
SIM3
SIM4
1
21
22
SIM5
SIM1
SIM2
SIM3
SIM4
1
21
22
SIM5
SIM1
SIM2
SIM3
SIM4
1
21
22
SIM5
SIM1
SIM2
SIM3
SIM4
1
21
22
SIM5
SIM1
SIM2
SIM3
SIM4
1
21
22
SIM5
SIM1
SIM2
SIM3
SIM4
1
21
22
SIM5
SIM1
SIM2
SIM3
SIM4
1
21
22
SIM5
SIM1
SIM2
SIM3
SIM4
1
21
22
SIM5
SIM1
SIM2
SIM3
SIM4
1
21
22
SIM5
SIM1
SIM2
SIM3
SIM4
1
21
22
SIM5
SIM1
SIM2
SIM3
SIM4
1
21
22
SIM5
SIM1
SIM2
SIM3
SIM4
1
21
22
SIM5
SIM1
SIM2
SIM3
SIM4
1
21
22
SIM5
SIM1
SIM2
SIM3
SIM4
1
21
22
SIM5
SIM1
SIM2
SIM3
SIM4
1
21
22
SIM5
SIM1
SIM2
SIM3
SIM4
1
21
22
SIM5
SIM1
SIM2
SIM3
SIM4
1
21
22
SIM5
SIM1
SIM2
SIM3
SIM4
1
21
22
SIM5
SIM1
SIM2
SIM3
SIM4
1
21
22
SIM5
SIM1
SIM2
SIM3
SIM4
1
21
22
SIM5
SIM1
SIM2
SIM3
SIM4
1
21
22
SIM5
SIM1
SIM2
SIM3
SIM4
1
21
22
SIM5
SIM1
SIM2
SIM3
SIM4
1
21
22
SIM5
SIM1
SIM2
SIM3
SIM4
1
21
22
SIM5
SIM1
SIM2
SIM3
SIM4
1
21
22
SIM5
SIM1
SIM2
SIM3
SIM4
1
21
22
SIM5
SIM1
SIM2
SIM3
SIM4
1
21
22
SIM5
SIM1
SIM2
SIM3
SIM4
1
21
22
SIM5
SIM1
SIM2
SIM3
SIM4
1
21
22
SIM5
SIM1
SIM2
SIM3
SIM4
1
21
22
SIM5
SIM1
SIM2
SIM3
SIM4
1
21
22
SIM5
SIM1
SIM2
SIM3
SIM4
1
21
22
SIM5
SIM1
SIM2
SIM3
SIM4
1
21
22
SIM5
SIM1
SIM2
SIM3
SIM4
1
21
22
SIM5
SIM1
SIM2
SIM3
SIM4
1
21
22
SIM5
SIM1
SIM2
SIM3
SIM4
1
21
22
SIM5
SIM1
SIM2
SIM3
SIM4
1
21
22
SIM5
SIM1
SIM2
SIM3
SIM4
1
21
22
SIM5
SIM1
SIM2
SIM3
SIM4
1
21
22
SIM5
SIM1
SIM2
SIM3
SIM4
1
21
22
SIM5
SIM1
SIM2
SIM3
SIM4
1
21
22
SIM5
SIM1
SIM2
SIM3
SIM4
1
21
22
SIM5
SIM1
SIM2
SIM3
SIM4
1
21
22
SIM5
SIM1
SIM2
SIM3
SIM4
1
21
22
SIM5
SIM1
SIM2
SIM3
SIM4
1
21
22
SIM5
SIM1
SIM2
SIM3
SIM4
1
21
22
SIM5
SIM1
SIM2
SIM3
SIM4
1
21
22
SIM5
SIM1
SIM2
SIM3
SIM4
1
21
22
SIM5
SIM1
SIM2
SIM3
SIM4
1
21
22
SIM5
SIM1
SIM2
SIM3
SIM4
1
21
22
SIM5
SIM1
SIM2
SIM3
SIM4
1
21
22
SIM5
SIM1
SIM2
SIM3
SIM4
1
21
22
SIM5
SIM1
SIM2
SIM3
SIM4
1
21
22
SIM5
SIM1
SIM2
SIM3
SIM4
1
21
22
SIM5
SIM1
SIM2
SIM3
SIM4
1
21
22
SIM5
SIM1
SIM2
SIM3
SIM4
1
21
22
SIM5
SIM1
SIM2
SIM3
SIM4
1
21
22
SIM5
SIM1
SIM2
SIM3
SIM4
1
21
22
SIM5
SIM1
SIM2
SIM3
SIM4
1
21
22
SIM5
SIM1
SIM2
SIM3
SIM4
1
21
22
SIM5
SIM1
SIM2
SIM3
SIM4
1
21
22
SIM5
SIM1
SIM2
SIM3
SIM4
1
21
22
SIM5
SIM1
SIM2
SIM3
SIM4
1
21
22
SIM5
SIM1
SIM2
SIM3
SIM4
1
21
22
SIM5
SIM1
SIM2
SIM3
SIM4
1
21
22
SIM5
SIM1
SIM2
SIM3
SIM4
1
21
22
SIM5
SIM1
SIM2
SIM3
SIM4
1
21
22
SIM5
SIM1
SIM2
SIM3
SIM4
1
21
22
SIM5
SIM1
SIM2
SIM3
SIM4
1
21
22
SIM5
SIM1
SIM2
SIM3
SIM4
1
21
22
SIM5
SIM1
SIM2
SIM3
SIM4
1
21
22
SIM5
SIM1
SIM2
SIM3
SIM4
1
21
22
SIM5
SIM1
SIM2
SIM3
SIM4
1
21
22
SIM5
SIM1
SIM2
SIM3
SIM4
1
21
22
SIM5
SIM1
SIM2
SIM3
SIM4
1
21
22
SIM5
SIM1
SIM2
SIM3
SIM4
1
21
22
SIM5
SIM1
SIM2
SIM3
SIM4
1
21
22
SIM5
SIM1
SIM2
SIM3
SIM4
1
21
22
SIM5
SIM1
SIM2
SIM3
SIM4
1
21
22
SIM5
SIM1
SIM2
SIM3
SIM4
1
21
22
SIM5
SIM1
SIM2
SIM3
SIM4
1
21
22
SIM5
SIM1
SIM2
SIM3
SIM4
1
21
22
SIM5
SIM1
SIM2
SIM3
SIM4
1
21
22
SIM5
SIM1
SIM2
SIM3
SIM4
1
21
22
SIM5
SIM1
SIM2
SIM3
SIM4
1
21
22
SIM5
SIM1
SIM2
SIM3
SIM4
1
21
22
SIM5
SIM1
SIM2
SIM3
SIM4
1
21
22
SIM5
SIM1
SIM2
SIM3
SIM4
1
21
22
SIM5
SIM1
SIM2
SIM3
SIM4
1
21
22
SIM5
SIM1
SIM2
SIM3
SIM4
1
21
22
SIM5
SIM1
SIM2
SIM3
SIM4
1
21
22
SIM5
SIM1
SIM2
SIM3
SIM4
1
21
22
SIM5
SIM1
SIM2
SIM3
SIM4
1
21
22
SIM5
SIM1
SIM2
SIM3
SIM4
1
21
22
SIM5
SIM1
SIM2
SIM3
SIM4
1
21
22
SIM5
SIM1
SIM2
SIM3
SIM4
1
21
22
SIM5
SIM1
SIM2
SIM3
SIM4
1
21
22
SIM5
SIM1
SIM2
SIM3
SIM4
1
21
22
SIM5
SIM1
SIM2
SIM3
SIM4
1
21
22
SIM5
SIM1
SIM2
SIM3
SIM4
1
21
22
SIM5
SIM1
SIM2
SIM3
SIM4
1
21
22
SIM5
SIM1
SIM2
SIM3
SIM4
1
21
22
SIM5
SIM1
SIM2
SIM3
SIM4
1
21
22
SIM5
SIM1
SIM2
SIM3
SIM4
1
21
22
SIM5
SIM1
SIM2
SIM3
SIM4
1
21
22
SIM5
SIM1
SIM2
SIM3
SIM4
1
21
22
SIM5
SIM1
SIM2
SIM3
SIM4
1
21
22
SIM5
SIM1
SIM2
SIM3
SIM4
1
21
22
SIM5
SIM1
SIM2
SIM3
SIM4
1
21
22
SIM5
SIM1
SIM2
SIM3
SIM4
1
21
22
SIM5
SIM1
SIM2
SIM3
SIM4
1
21
22
SIM5
SIM1
SIM2
SIM3
SIM4
1
21
22
SIM5
SIM1
SIM2
SIM3
SIM4
1
21
22
SIM5
SIM1
SIM2
SIM3
SIM4
1
21
22
SIM5
SIM1
SIM2
SIM3
SIM4
1
21
22
SIM5
SIM1
SIM2
SIM3
SIM4
1
21
22
SIM5
SIM1
SIM2
SIM3
SIM4
1
21
22
SIM5
SIM1
SIM2
SIM3
SIM4
1
21
22
SIM5
SIM1
SIM2
SIM3
SIM4
1
21
22
SIM5
SIM1
SIM2
SIM3
SIM4
1
21
22
SIM5
SIM1
SIM2
SIM3
SIM4
1
21
22
SIM5
SIM1
SIM2
SIM3
SIM4
1
21
22
SIM5
SIM1
SIM2
DEBUG 1 112
SIM1
SIM2
SIM3
SIM4
1
21
22
SIM5
SIM1
SIM2
SIM3
SIM4
1
21
22
SIM5
SIM1
SIM2
SIM3
SIM4
1
21
22
SIM5
SIM1
SIM2
SIM3
SIM4
1
21
22
SIM5
SIM1
SIM2
SIM3
SIM4
1
21
22
SIM5
SIM1
SIM2
SIM3
SIM4
1
21
22
SIM5
SIM1
SIM2
SIM3
SIM4
1
21
22
SIM5
SIM1
SIM2
SIM3
SIM4
1
21
22
SIM5
SIM1
SIM2
SIM3
SIM4
1
21
22
SIM5
SIM1
SIM2
SIM3
SIM4
1
21
22
SIM5
SIM1
SIM2
SIM3
SIM4
1
21
22
SIM5
SIM1
SIM2
SIM3
SIM4
1
21
22
SIM5
SIM1
SIM2
SIM3
SIM4
1
21
22
SIM5
SIM1
SIM2
SIM3
SIM4
1
21
22
SIM5
SIM1
SIM2
SIM3
SIM4
1
21
22
SIM5
SIM1
SIM2
SIM3
SIM4
1
21
22
SIM5
SIM1
SIM2
SIM3
SIM4
1
21
22
SIM5
SIM1
SIM2
SIM3
SIM4
1
21
22
SIM5
SIM1
SIM2
SIM3
SIM4
1
21
22
SIM5
SIM1
SIM2
SIM3
SIM4
1
21
22
SIM5
SIM1
SIM2
SIM3
SIM4
1
21
22
SIM5
SIM1
SIM2
SIM3
SIM4
1
21
22
SIM5
SIM1
SIM2
SIM3
SIM4
1
21
22
SIM5
SIM1
SIM2
SIM3
SIM4
1
21
22
SIM5
SIM1
SIM2
SIM3
SIM4
1
21
22
SIM5
SIM1
SIM2
SIM3
SIM4
1
21
22
SIM5
SIM1
SIM2
SIM3
SIM4
1
21
22
SIM5
SIM1
SIM2
SIM3
SIM4
1
21
22
SIM5
SIM1
SIM2
SIM3
SIM4
1
21
22
SIM5
SIM1
SIM2
SIM3
SIM4
1
21
22
SIM5
SIM1
SIM2
SIM3
SIM4
1
21
22
SIM5
SIM1
SIM2
SIM3
SIM4
1
21
22
SIM5
SIM1
SIM2
SIM3
SIM4
1
21
22
SIM5
SIM1
SIM2
SIM3
SIM4
1
21
22
SIM5
SIM1
SIM2
SIM3
SIM4
1
21
22
SIM5
SIM1
SIM2
SIM3
SIM4
1
21
22
SIM5
SIM1
SIM2
SIM3
SIM4
1
21
22
SIM5
SIM1
SIM2
SIM3
SIM4
1
21
22
SIM5
SIM1
SIM2
SIM3
SIM4
1
21
22
SIM5
SIM1
SIM2
SIM3
SIM4
1
21
22
SIM5
SIM1
SIM2
SIM3
SIM4
1
21
22
SIM5
SIM1
SIM2
SIM3
SIM4
1
21
22
SIM5
SIM1
SIM2
SIM3
SIM4
1
21
22
SIM5
SIM1
SIM2
SIM3
SIM4
1
21
22
SIM5
SIM1
SIM2
SIM3
SIM4
1
21
22
SIM5
SIM1
SIM2
SIM3
SIM4
1
21
22
SIM5
SIM1
SIM2
SIM3
SIM4
1
21
22
SIM5
SIM1
SIM2
SIM3
SIM4
1
21
22
SIM5
SIM1
SIM2
SIM3
SIM4
1
21
22
SIM5
SIM1
SIM2
SIM3
SIM4
1
21
22
SIM5
SIM1
SIM2
SIM3
SIM4
1
21
22
SIM5
SIM1
SIM2
SIM3
SIM4
1
21
22
SIM5
SIM1
SIM2
SIM3
SIM4
1
21
22
SIM5
SIM1
SIM2
SIM3
SIM4
1
21
22
SIM5
SIM1
SIM2
SIM3
SIM4
1
21
22
SIM5
SIM1
SIM2
SIM3
SIM4
1
21
22
SIM5
SIM1
SIM2
SIM3
SIM4
1
21
22
SIM5
SIM1
SIM2
SIM3
SIM4
1
21
22
SIM5
SIM1
SIM2
SIM3
SIM4
1
21
22
SIM5
SIM1
SIM2
SIM3
SIM4
1
21
22
SIM5
SIM1
SIM2
SIM3
SIM4
1
21
22
SIM5
SIM1
SIM2
SIM3
SIM4
1
21
22
SIM5
SIM1
SIM2
SIM3
SIM4
1
21
22
SIM5
SIM1
SIM2
SIM3
SIM4
1
21
22
SIM5
SIM1
SIM2
SIM3
SIM4
1
21
22
SIM5
SIM1
SIM2
SIM3
SIM4
1
21
22
SIM5
SIM1
SIM2
SIM3
SIM4
1
21
22
SIM5
SIM1
SIM2
SIM3
SIM4
1
21
22
SIM5
SIM1
SIM2
SIM3
SIM4
1
21
22
SIM5
SIM1
SIM2
SIM3
SIM4
1
21
22
SIM5
SIM1
SIM2
SIM3
SIM4
1
21
22
SIM5
SIM1
SIM2
SIM3
SIM4
1
21
22
SIM5
SIM1
SIM2
SIM3
SIM4
1
21
22
SIM5
SIM1
SIM2
SIM3
SIM4
1
21
22
SIM5
SIM1
SIM2
SIM3
SIM4
1
21
22
SIM5
SIM1
SIM2
SIM3
SIM4
1
21
22
SIM5
SIM1
SIM2
SIM3
SIM4
1
21
22
SIM5
SIM1
SIM2
SIM3
SIM4
1
21
22
SIM5
SIM1
SIM2
SIM3
SIM4
1
21
22
SIM5
SIM1
SIM2
SIM3
SIM4
1
21
22
SIM5
SIM1
SIM2
SIM3
SIM4
1
21
22
SIM5
SIM1
SIM2
SIM3
SIM4
1
21
22
SIM5
SIM1
SIM2
SIM3
SIM4
1
21
22
SIM5
SIM1
SIM2
SIM3
SIM4
1
21
22
SIM5
SIM1
SIM2
SIM3
SIM4
1
21
22
SIM5
SIM1
SIM2
SIM3
SIM4
1
21
22
SIM5
SIM1
SIM2
SIM3
SIM4
1
21
22
SIM5
SIM1
SIM2
SIM3
SIM4
1
21
22
SIM5
SIM1
SIM2
SIM3
SIM4
1
21
22
SIM5
SIM1
SIM2
SIM3
SIM4
1
21
22
SIM5
SIM1
SIM2
SIM3
SIM4
1
21
22
SIM5
SIM1
SIM2
SIM3
SIM4
1
21
22
SIM5
SIM1
SIM2
SIM3
SIM4
1
21
22
SIM5
SIM1
SIM2
SIM3
SIM4
1
21
22
SIM5
SIM1
SIM2
SIM3
SIM4
1
21
22
SIM5
SIM1
SIM2
SIM3
SIM4
1
21
22
SIM5
SIM1
SIM2
SIM3
SIM4
1
21
22
SIM5
SIM1
SIM2
SIM3
SIM4
1
21
22
SIM5
SIM1
SIM2
SIM3
SIM4
1
21
22
SIM5
SIM1
SIM2
SIM3
SIM4
1
21
22
SIM5
SIM1
SIM2
SIM3
SIM4
1
21
22
SIM5
SIM1
SIM2
SIM3
SIM4
1
21
22
SIM5
SIM1
SIM2
SIM3
SIM4
1
21
22
SIM5
SIM1
SIM2
SIM3
SIM4
1
21
22
SIM5
SIM1
SIM2
SIM3
SIM4
1
21
22
SIM5
SIM1
SIM2
SIM3
SIM4
1
21
22
SIM5
SIM1
SIM2
SIM3
SIM4
1
21
22
SIM5
SIM1
SIM2
SIM3
SIM4
1
21
22
SIM5
SIM1
SIM2
SIM3
SIM4
1
21
22
SIM5
SIM1
SIM2
SIM3
SIM4
1
21
22
SIM5
SIM1
SIM2
SIM3
SIM4
1
21
22
SIM5
SIM1
SIM2
SIM3
SIM4
1
21
22
SIM5
SIM1
SIM2
SIM3
SIM4
1
21
22
SIM5
SIM1
SIM2
SIM3
SIM4
1
21
22
SIM5
SIM1
SIM2
SIM3
SIM4
1
21
22
SIM5
SIM1
SIM2
SIM3
SIM4
1
21
22
SIM5
SIM1
SIM2
SIM3
SIM4
1
21
22
SIM5
SIM1
SIM2
SIM3
SIM4
1
21
22
SIM5
SIM1
SIM2
SIM3
SIM4
1
21
22
SIM5
SIM1
SIM2
SIM3
SIM4
1
21
22
SIM5
SIM1
SIM2
SIM3
SIM4
1
21
22
SIM5
SIM1
SIM2
SIM3
SIM4
1
21
22
SIM5
SIM1
SIM2
SIM3
SIM4
1
21
22
SIM5
SIM1
SIM2
SIM3
SIM4
1
21
22
SIM5
SIM1
SIM2
SIM3
SIM4
1
21
22
SIM5
SIM1
SIM2
SIM3
SIM4
1
21
22
SIM5
SIM1
SIM2
SIM3
SIM4
1
21
22
SIM5
SIM1
SIM2
SIM3
SIM4
1
21
22
SIM5
SIM1
SIM2
SIM3
SIM4
1
21
22
SIM5
SIM1
SIM2
SIM3
SIM4
1
21
22
SIM5
SIM1
SIM2
SIM3
SIM4
1
21
22
SIM5
SIM1
SIM2
SIM3
SIM4
1
21
22
SIM5
SIM1
SIM2
SIM3
SIM4
1
21
22
SIM5
SIM1
SIM2
SIM3
SIM4
1
21
22
SIM5
SIM1
SIM2
SIM3
SIM4
1
21
22
SIM5
SIM1
SIM2
SIM3
SIM4
1
21
22
SIM5
SIM1
SIM2
SIM3
SIM4
1
21
22
SIM5
SIM1
SIM2
SIM3
SIM4
1
21
22
SIM5
SIM1
SIM2
SIM3
SIM4
1
21
22
SIM5
SIM1
SIM2
SIM3
SIM4
1
21
22
SIM5
SIM1
SIM2
SIM3
SIM4
1
21
22
SIM5
SIM1
SIM2
SIM3
SIM4
1
21
22
SIM5
SIM1
SIM2
SIM3
SIM4
1
21
22
SIM5
SIM1
SIM2
SIM3
SIM4
1
21
22
SIM5
SIM1
SIM2
SIM3
SIM4
1
21
22
SIM5
SIM1
SIM2
SIM3
SIM4
1
21
22
SIM5
SIM1
SIM2
SIM3
SIM4
1
21
22
SIM5
SIM1
SIM2
SIM3
SIM4
1
21
22
SIM5
SIM1
SIM2
SIM3
SIM4
1
21
22
SIM5
SIM1
SIM2
SIM3
SIM4
1
21
22
SIM5
SIM1
SIM2
SIM3
SIM4
1
21
22
SIM5
SIM1
SIM2
SIM3
SIM4
1
21
22
SIM5
SIM1
SIM2
SIM3
SIM4
1
21
22
SIM5
SIM1
SIM2
SIM3
SIM4
1
21
22
SIM5
SIM1
SIM2
SIM3
SIM4
1
21
22
SIM5
SIM1
SIM2
SIM3
SIM4
1
21
22
SIM5
SIM1
SIM2
SIM3
SIM4
1
21
22
SIM5
SIM1
SIM2
SIM3
SIM4
1
21
22
SIM5
SIM1
SIM2
SIM3
SIM4
1
21
22
SIM5
SIM1
SIM2
SIM3
SIM4
1
21
22
SIM5
SIM1
SIM2
SIM3
SIM4
1
21
22
SIM5
SIM1
SIM2
SIM3
SIM4
1
21
22
SIM5
SIM1
SIM2
SIM3
SIM4
1
21
22
SIM5
SIM1
SIM2
SIM3
SIM4
1
21
22
SIM5
SIM1
SIM2
SIM3
SIM4
1
21
22
SIM5
SIM1
SIM2
SIM3
SIM4
1
21
22
SIM5
SIM1
SIM2
SIM3
SIM4
1
21
22
SIM5
SIM1
SIM2
SIM3
SIM4
1
21
22
SIM5
SIM1
SIM2
SIM3
SIM4
1
21
22
SIM5
SIM1
SIM2
SIM3
SIM4
1
21
22
SIM5
SIM1
SIM2
SIM3
SIM4
1
21
22
SIM5
SIM1
SIM2
SIM3
SIM4
1
21
22
SIM5
SIM1
SIM2
SIM3
SIM4
1
21
22
SIM5
SIM1
SIM2
SIM3
SIM4
1
21
22
SIM5
SIM1
SIM2
SIM3
SIM4
1
21
22
SIM5
SIM1
SIM2
SIM3
SIM4
1
21
22
SIM5
SIM1
SIM2
SIM3
SIM4
1
21
22
SIM5
SIM1
SIM2
SIM3
SIM4
1
21
22
SIM5
SIM1
SIM2
SIM3
SIM4
1
21
22
SIM5
SIM1
SIM2
SIM3
SIM4
1
21
22
SIM5
SIM1
SIM2
SIM3
SIM4
1
21
22
SIM5
SIM1
SIM2
SIM3
SIM4
1
21
22
SIM5
SIM1
SIM2
SIM3
SIM4
1
21
22
SIM5
SIM1
SIM2
SIM3
SIM4
1
21
22
SIM5
SIM1
SIM2
SIM3
SIM4
1
21
22
SIM5
SIM1
SIM2
DEBUG 1 113
SIM1
SIM2
SIM3
SIM4
1
21
22
SIM5
SIM1
SIM2
SIM3
SIM4
1
21
22
SIM5
SIM1
SIM2
SIM3
SIM4
1
21
22
SIM5
SIM1
SIM2
SIM3
SIM4
1
21
22
SIM5
SIM1
SIM2
SIM3
SIM4
1
21
22
SIM5
SIM1
SIM2
SIM3
SIM4
1
21
22
SIM5
SIM1
SIM2
SIM3
SIM4
1
21
22
SIM5
SIM1
SIM2
SIM3
SIM4
1
21
22
SIM5
SIM1
SIM2
SIM3
SIM4
1
21
22
SIM5
SIM1
SIM2
SIM3
SIM4
1
21
22
SIM5
SIM1
SIM2
SIM3
SIM4
1
21
22
SIM5
SIM1
SIM2
SIM3
SIM4
1
21
22
SIM5
SIM1
SIM2
SIM3
SIM4
1
21
22
SIM5
SIM1
SIM2
SIM3
SIM4
1
21
22
SIM5
SIM1
SIM2
SIM3
SIM4
1
21
22
SIM5
SIM1
SIM2
SIM3
SIM4
1
21
22
SIM5
SIM1
SIM2
SIM3
SIM4
1
21
22
SIM5
SIM1
SIM2
SIM3
SIM4
1
21
22
SIM5
SIM1
SIM2
SIM3
SIM4
1
21
22
SIM5
SIM1
SIM2
SIM3
SIM4
1
21
22
SIM5
SIM1
SIM2
SIM3
SIM4
1
21
22
SIM5
SIM1
SIM2
SIM3
SIM4
1
21
22
SIM5
SIM1
SIM2
SIM3
SIM4
1
21
22
SIM5
SIM1
SIM2
SIM3
SIM4
1
21
22
SIM5
SIM1
SIM2
SIM3
SIM4
1
21
22
SIM5
SIM1
SIM2
SIM3
SIM4
1
21
22
SIM5
SIM1
SIM2
SIM3
SIM4
1
21
22
SIM5
SIM1
SIM2
SIM3
SIM4
1
21
22
SIM5
SIM1
SIM2
SIM3
SIM4
1
21
22
SIM5
SIM1
SIM2
SIM3
SIM4
1
21
22
SIM5
SIM1
SIM2
SIM3
SIM4
1
21
22
SIM5
SIM1
SIM2
SIM3
SIM4
1
21
22
SIM5
SIM1
SIM2
SIM3
SIM4
1
21
22
SIM5
SIM1
SIM2
SIM3
SIM4
1
21
22
SIM5
SIM1
SIM2
SIM3
SIM4
1
21
22
SIM5
SIM1
SIM2
SIM3
SIM4
1
21
22
SIM5
SIM1
SIM2
SIM3
SIM4
1
21
22
SIM5
SIM1
SIM2
SIM3
SIM4
1
21
22
SIM5
SIM1
SIM2
SIM3
SIM4
1
21
22
SIM5
SIM1
SIM2
SIM3
SIM4
1
21
22
SIM5
SIM1
SIM2
SIM3
SIM4
1
21
22
SIM5
SIM1
SIM2
SIM3
SIM4
1
21
22
SIM5
SIM1
SIM2
SIM3
SIM4
1
21
22
SIM5
SIM1
SIM2
SIM3
SIM4
1
21
22
SIM5
SIM1
SIM2
SIM3
SIM4
1
21
22
SIM5
SIM1
SIM2
SIM3
SIM4
1
21
22
SIM5
SIM1
SIM2
SIM3
SIM4
1
21
22
SIM5
SIM1
SIM2
SIM3
SIM4
1
21
22
SIM5
SIM1
SIM2
SIM3
SIM4
1
21
22
SIM5
SIM1
SIM2
SIM3
SIM4
1
21
22
SIM5
SIM1
SIM2
SIM3
SIM4
1
21
22
SIM5
SIM1
SIM2
SIM3
SIM4
1
21
22
SIM5
SIM1
SIM2
SIM3
SIM4
1
21
22
SIM5
SIM1
SIM2
SIM3
SIM4
1
21
22
SIM5
SIM1
SIM2
SIM3
SIM4
1
21
22
SIM5
SIM1
SIM2
SIM3
SIM4
1
21
22
SIM5
SIM1
SIM2
SIM3
SIM4
1
21
22
SIM5
SIM1
SIM2
SIM3
SIM4
1
21
22
SIM5
SIM1
SIM2
SIM3
SIM4
1
21
22
SIM5
SIM1
SIM2
SIM3
SIM4
1
21
22
SIM5
SIM1
SIM2
SIM3
SIM4
1
21
22
SIM5
SIM1
SIM2
SIM3
SIM4
1
21
22
SIM5
SIM1
SIM2
SIM3
SIM4
1
21
22
SIM5
SIM1
SIM2
SIM3
SIM4
1
21
22
SIM5
SIM1
SIM2
SIM3
SIM4
1
21
22
SIM5
SIM1
SIM2
SIM3
SIM4
1
21
22
SIM5
SIM1
SIM2
SIM3
SIM4
1
21
22
SIM5
SIM1
SIM2
SIM3
SIM4
1
21
22
SIM5
SIM1
SIM2
SIM3
SIM4
1
21
22
SIM5
SIM1
SIM2
SIM3
SIM4
1
21
22
SIM5
SIM1
SIM2
SIM3
SIM4
1
21
22
SIM5
SIM1
SIM2
SIM3
SIM4
1
21
22
SIM5
SIM1
SIM2
SIM3
SIM4
1
21
22
SIM5
SIM1
SIM2
SIM3
SIM4
1
21
22
SIM5
SIM1
SIM2
SIM3
SIM4
1
21
22
SIM5
SIM1
SIM2
SIM3
SIM4
1
21
22
SIM5
SIM1
SIM2
SIM3
SIM4
1
21
22
SIM5
SIM1
SIM2
SIM3
SIM4
1
21
22
SIM5
SIM1
SIM2
SIM3
SIM4
1
21
22
SIM5
SIM1
SIM2
SIM3
SIM4
1
21
22
SIM5
SIM1
SIM2
SIM3
SIM4
1
21
22
SIM5
SIM1
SIM2
SIM3
SIM4
1
21
22
SIM5
SIM1
SIM2
SIM3
SIM4
1
21
22
SIM5
SIM1
SIM2
SIM3
SIM4
1
21
22
SIM5
SIM1
SIM2
SIM3
SIM4
1
21
22
SIM5
SIM1
SIM2
SIM3
SIM4
1
21
22
SIM5
SIM1
SIM2
SIM3
SIM4
1
21
22
SIM5
SIM1
SIM2
SIM3
SIM4
1
21
22
SIM5
SIM1
SIM2
SIM3
SIM4
1
21
22
SIM5
SIM1
SIM2
SIM3
SIM4
1
21
22
SIM5
SIM1
SIM2
SIM3
SIM4
1
21
22
SIM5
SIM1
SIM2
SIM3
SIM4
1
21
22
SIM5
SIM1
SIM2
SIM3
SIM4
1
21
22
SIM5
SIM1
SIM2
SIM3
SIM4
1
21
22
SIM5
SIM1
SIM2
SIM3
SIM4
1
21
22
SIM5
SIM1
SIM2
SIM3
SIM4
1
21
22
SIM5
SIM1
SIM2
SIM3
SIM4
1
21
22
SIM5
SIM1
SIM2
SIM3
SIM4
1
21
22
SIM5
SIM1
SIM2
SIM3
SIM4
1
21
22
SIM5
SIM1
SIM2
SIM3
SIM4
1
21
22
SIM5
SIM1
SIM2
SIM3
SIM4
1
21
22
SIM5
SIM1
SIM2
SIM3
SIM4
1
21
22
SIM5
SIM1
SIM2
SIM3
SIM4
1
21
22
SIM5
SIM1
SIM2
SIM3
SIM4
1
21
22
SIM5
SIM1
SIM2
SIM3
SIM4
1
21
22
SIM5
SIM1
SIM2
SIM3
SIM4
1
21
22
SIM5
SIM1
SIM2
SIM3
SIM4
1
21
22
SIM5
SIM1
SIM2
SIM3
SIM4
1
21
22
SIM5
SIM1
SIM2
SIM3
SIM4
1
21
22
SIM5
SIM1
SIM2
SIM3
SIM4
1
21
22
SIM5
SIM1
SIM2
SIM3
SIM4
1
21
22
SIM5
SIM1
SIM2
SIM3
SIM4
1
21
22
SIM5
SIM1
SIM2
SIM3
SIM4
1
21
22
SIM5
SIM1
SIM2
SIM3
SIM4
1
21
22
SIM5
SIM1
SIM2
SIM3
SIM4
1
21
22
SIM5
SIM1
SIM2
SIM3
SIM4
1
21
22
SIM5
SIM1
SIM2
SIM3
SIM4
1
21
22
SIM5
SIM1
SIM2
SIM3
SIM4
1
21
22
SIM5
SIM1
SIM2
SIM3
SIM4
1
21
22
SIM5
SIM1
SIM2
SIM3
SIM4
1
21
22
SIM5
SIM1
SIM2
SIM3
SIM4
1
21
22
SIM5
SIM1
SIM2
SIM3
SIM4
1
21
22
SIM5
SIM1
SIM2
SIM3
SIM4
1
21
22
SIM5
SIM1
SIM2
SIM3
SIM4
1
21
22
SIM5
SIM1
SIM2
SIM3
SIM4
1
21
22
SIM5
SIM1
SIM2
SIM3
SIM4
1
21
22
SIM5
SIM1
SIM2
SIM3
SIM4
1
21
22
SIM5
SIM1
SIM2
SIM3
SIM4
1
21
22
SIM5
SIM1
SIM2
SIM3
SIM4
1
21
22
SIM5
SIM1
SIM2
SIM3
SIM4
1
21
22
SIM5
SIM1
SIM2
SIM3
SIM4
1
21
22
SIM5
SIM1
SIM2
SIM3
SIM4
1
21
22
SIM5
SIM1
SIM2
SIM3
SIM4
1
21
22
SIM5
SIM1
SIM2
SIM3
SIM4
1
21
22
SIM5
SIM1
SIM2
SIM3
SIM4
1
21
22
SIM5
SIM1
SIM2
SIM3
SIM4
1
21
22
SIM5
SIM1
SIM2
SIM3
SIM4
1
21
22
SIM5
SIM1
SIM2
SIM3
SIM4
1
21
22
SIM5
SIM1
SIM2
SIM3
SIM4
1
21
22
SIM5
SIM1
SIM2
SIM3
SIM4
1
21
22
SIM5
SIM1
SIM2
SIM3
SIM4
1
21
22
SIM5
SIM1
SIM2
SIM3
SIM4
1
21
22
SIM5
SIM1
SIM2
SIM3
SIM4
1
21
22
SIM5
SIM1
SIM2
DEBUG 1 114
SIM1
SIM2
SIM3
SIM4
1
21
22
SIM5
SIM1
SIM2
SIM3
SIM4
1
21
22
SIM5
SIM1
SIM2
SIM3
SIM4
1
21
22
SIM5
SIM1
SIM2
SIM3
SIM4
1
21
22
SIM5
SIM1
SIM2
SIM3
SIM4
1
21
22
SIM5
SIM1
SIM2
SIM3
SIM4
1
21
22
SIM5
SIM1
SIM2
SIM3
SIM4
1
21
22
SIM5
SIM1
SIM2
SIM3
SIM4
1
21
22
SIM5
SIM1
SIM2
SIM3
SIM4
1
21
22
SIM5
SIM1
SIM2
SIM3
SIM4
1
21
22
SIM5
SIM1
SIM2
SIM3
SIM4
1
21
22
SIM5
SIM1
SIM2
SIM3
SIM4
1
21
22
SIM5
SIM1
SIM2
SIM3
SIM4
1
21
22
SIM5
SIM1
SIM2
SIM3
SIM4
1
21
22
SIM5
SIM1
SIM2
SIM3
SIM4
1
21
22
SIM5
SIM1
SIM2
SIM3
SIM4
1
21
22
SIM5
SIM1
SIM2
SIM3
SIM4
1
21
22
SIM5
SIM1
SIM2
SIM3
SIM4
1
21
22
SIM5
SIM1
SIM2
SIM3
SIM4
1
21
22
SIM5
SIM1
SIM2
SIM3
SIM4
1
21
22
SIM5
SIM1
SIM2
SIM3
SIM4
1
21
22
SIM5
SIM1
SIM2
SIM3
SIM4
1
21
22
SIM5
SIM1
SIM2
SIM3
SIM4
1
21
22
SIM5
SIM1
SIM2
SIM3
SIM4
1
21
22
SIM5
SIM1
SIM2
SIM3
SIM4
1
21
22
SIM5
SIM1
SIM2
SIM3
SIM4
1
21
22
SIM5
SIM1
SIM2
SIM3
SIM4
1
21
22
SIM5
SIM1
SIM2
SIM3
SIM4
1
21
22
SIM5
SIM1
SIM2
SIM3
SIM4
1
21
22
SIM5
SIM1
SIM2
SIM3
SIM4
1
21
22
SIM5
SIM1
SIM2
SIM3
SIM4
1
21
22
SIM5
SIM1
SIM2
SIM3
SIM4
1
21
22
SIM5
SIM1
SIM2
SIM3
SIM4
1
21
22
SIM5
SIM1
SIM2
SIM3
SIM4
1
21
22
SIM5
SIM1
SIM2
SIM3
SIM4
1
21
22
SIM5
SIM1
SIM2
SIM3
SIM4
1
21
22
SIM5
SIM1
SIM2
SIM3
SIM4
1
21
22
SIM5
SIM1
SIM2
SIM3
SIM4
1
21
22
SIM5
SIM1
SIM2
SIM3
SIM4
1
21
22
SIM5
SIM1
SIM2
SIM3
SIM4
1
21
22
SIM5
SIM1
SIM2
SIM3
SIM4
1
21
22
SIM5
SIM1
SIM2
SIM3
SIM4
1
21
22
SIM5
SIM1
SIM2
SIM3
SIM4
1
21
22
SIM5
SIM1
SIM2
SIM3
SIM4
1
21
22
SIM5
SIM1
SIM2
SIM3
SIM4
1
21
22
SIM5
SIM1
SIM2
SIM3
SIM4
1
21
22
SIM5
SIM1
SIM2
SIM3
SIM4
1
21
22
SIM5
SIM1
SIM2
SIM3
SIM4
1
21
22
SIM5
SIM1
SIM2
SIM3
SIM4
1
21
22
SIM5
SIM1
SIM2
SIM3
SIM4
1
21
22
SIM5
SIM1
SIM2
SIM3
SIM4
1
21
22
SIM5
SIM1
SIM2
SIM3
SIM4
1
21
22
SIM5
SIM1
SIM2
SIM3
SIM4
1
21
22
SIM5
SIM1
SIM2
SIM3
SIM4
1
21
22
SIM5
SIM1
SIM2
SIM3
SIM4
1
21
22
SIM5
SIM1
SIM2
SIM3
SIM4
1
21
22
SIM5
SIM1
SIM2
SIM3
SIM4
1
21
22
SIM5
SIM1
SIM2
SIM3
SIM4
1
21
22
SIM5
SIM1
SIM2
SIM3
SIM4
1
21
22
SIM5
SIM1
SIM2
SIM3
SIM4
1
21
22
SIM5
SIM1
SIM2
SIM3
SIM4
1
21
22
SIM5
SIM1
SIM2
SIM3
SIM4
1
21
22
SIM5
SIM1
SIM2
SIM3
SIM4
1
21
22
SIM5
SIM1
SIM2
SIM3
SIM4
1
21
22
SIM5
SIM1
SIM2
SIM3
SIM4
1
21
22
SIM5
SIM1
SIM2
SIM3
SIM4
1
21
22
SIM5
SIM1
SIM2
SIM3
SIM4
1
21
22
SIM5
SIM1
SIM2
SIM3
SIM4
1
21
22
SIM5
SIM1
SIM2
SIM3
SIM4
1
21
22
SIM5
SIM1
SIM2
SIM3
SIM4
1
21
22
SIM5
SIM1
SIM2
SIM3
SIM4
1
21
22
SIM5
SIM1
SIM2
SIM3
SIM4
1
21
22
SIM5
SIM1
SIM2
SIM3
SIM4
1
21
22
SIM5
SIM1
SIM2
SIM3
SIM4
1
21
22
SIM5
SIM1
SIM2
SIM3
SIM4
1
21
22
SIM5
SIM1
SIM2
SIM3
SIM4
1
21
22
SIM5
SIM1
SIM2
SIM3
SIM4
1
21
22
SIM5
SIM1
SIM2
SIM3
SIM4
1
21
22
SIM5
SIM1
SIM2
SIM3
SIM4
1
21
22
SIM5
SIM1
SIM2
SIM3
SIM4
1
21
22
SIM5
SIM1
SIM2
SIM3
SIM4
1
21
22
SIM5
SIM1
SIM2
SIM3
SIM4
1
21
22
SIM5
SIM1
SIM2
SIM3
SIM4
1
21
22
SIM5
SIM1
SIM2
SIM3
SIM4
1
21
22
SIM5
SIM1
SIM2
SIM3
SIM4
1
21
22
SIM5
SIM1
SIM2
SIM3
SIM4
1
21
22
SIM5
SIM1
SIM2
SIM3
SIM4
1
21
22
SIM5
SIM1
SIM2
SIM3
SIM4
1
21
22
SIM5
SIM1
SIM2
SIM3
SIM4
1
21
22
SIM5
SIM1
SIM2
SIM3
SIM4
1
21
22
SIM5
SIM1
SIM2
SIM3
SIM4
1
21
22
SIM5
SIM1
SIM2
SIM3
SIM4
1
21
22
SIM5
SIM1
SIM2
SIM3
SIM4
1
21
22
SIM5
SIM1
SIM2
SIM3
SIM4
1
21
22
SIM5
SIM1
SIM2
SIM3
SIM4
1
21
22
SIM5
SIM1
SIM2
SIM3
SIM4
1
21
22
SIM5
SIM1
SIM2
SIM3
SIM4
1
21
22
SIM5
SIM1
SIM2
SIM3
SIM4
1
21
22
SIM5
SIM1
SIM2
SIM3
SIM4
1
21
22
SIM5
SIM1
SIM2
SIM3
SIM4
1
21
22
SIM5
SIM1
SIM2
SIM3
SIM4
1
21
22
SIM5
SIM1
SIM2
SIM3
SIM4
1
21
22
SIM5
SIM1
SIM2
SIM3
SIM4
1
21
22
SIM5
SIM1
SIM2
SIM3
SIM4
1
21
22
SIM5
SIM1
SIM2
SIM3
SIM4
1
21
22
SIM5
SIM1
SIM2
SIM3
SIM4
1
21
22
SIM5
SIM1
SIM2
SIM3
SIM4
1
21
22
SIM5
SIM1
SIM2
SIM3
SIM4
1
21
22
SIM5
SIM1
SIM2
SIM3
SIM4
1
21
22
SIM5
SIM1
SIM2
SIM3
SIM4
1
21
22
SIM5
SIM1
SIM2
DEBUG 1 115
SIM1
SIM2
SIM3
SIM4
1
21
22
SIM5
SIM1
SIM2
SIM3
SIM4
1
21
22
SIM5
SIM1
SIM2
SIM3
SIM4
1
21
22
SIM5
SIM1
SIM2
SIM3
SIM4
1
21
22
SIM5
SIM1
SIM2
SIM3
SIM4
1
21
22
SIM5
SIM1
SIM2
SIM3
SIM4
1
21
22
SIM5
SIM1
SIM2
SIM3
SIM4
1
21
22
SIM5
SIM1
SIM2
SIM3
SIM4
1
21
22
SIM5
SIM1
SIM2
SIM3
SIM4
1
21
22
SIM5
SIM1
SIM2
SIM3
SIM4
1
21
22
SIM5
SIM1
SIM2
SIM3
SIM4
1
21
22
SIM5
SIM1
SIM2
SIM3
SIM4
1
21
22
SIM5
SIM1
SIM2
SIM3
SIM4
1
21
22
SIM5
SIM1
SIM2
SIM3
SIM4
1
21
22
SIM5
SIM1
SIM2
SIM3
SIM4
1
21
22
SIM5
SIM1
SIM2
SIM3
SIM4
1
21
22
SIM5
SIM1
SIM2
SIM3
SIM4
1
21
22
SIM5
SIM1
SIM2
SIM3
SIM4
1
21
22
SIM5
SIM1
SIM2
SIM3
SIM4
1
21
22
SIM5
SIM1
SIM2
SIM3
SIM4
1
21
22
SIM5
SIM1
SIM2
SIM3
SIM4
1
21
22
SIM5
SIM1
SIM2
SIM3
SIM4
1
21
22
SIM5
SIM1
SIM2
SIM3
SIM4
1
21
22
SIM5
SIM1
SIM2
SIM3
SIM4
1
21
22
SIM5
SIM1
SIM2
SIM3
SIM4
1
21
22
SIM5
SIM1
SIM2
SIM3
SIM4
1
21
22
SIM5
SIM1
SIM2
SIM3
SIM4
1
21
22
SIM5
SIM1
SIM2
SIM3
SIM4
1
21
22
SIM5
SIM1
SIM2
SIM3
SIM4
1
21
22
SIM5
SIM1
SIM2
SIM3
SIM4
1
21
22
SIM5
SIM1
SIM2
SIM3
SIM4
1
21
22
SIM5
SIM1
SIM2
SIM3
SIM4
1
21
22
SIM5
SIM1
SIM2
SIM3
SIM4
1
21
22
SIM5
SIM1
SIM2
SIM3
SIM4
1
21
22
SIM5
SIM1
SIM2
SIM3
SIM4
1
21
22
SIM5
SIM1
SIM2
SIM3
SIM4
1
21
22
SIM5
SIM1
SIM2
SIM3
SIM4
1
21
22
SIM5
SIM1
SIM2
SIM3
SIM4
1
21
22
SIM5
SIM1
SIM2
SIM3
SIM4
1
21
22
SIM5
SIM1
SIM2
SIM3
SIM4
1
21
22
SIM5
SIM1
SIM2
SIM3
SIM4
1
21
22
SIM5
SIM1
SIM2
SIM3
SIM4
1
21
22
SIM5
SIM1
SIM2
SIM3
SIM4
1
21
22
SIM5
SIM1
SIM2
SIM3
SIM4
1
21
22
SIM5
SIM1
SIM2
SIM3
SIM4
1
21
22
SIM5
SIM1
SIM2
SIM3
SIM4
1
21
22
SIM5
SIM1
SIM2
SIM3
SIM4
1
21
22
SIM5
SIM1
SIM2
SIM3
SIM4
1
21
22
SIM5
SIM1
SIM2
SIM3
SIM4
1
21
22
SIM5
SIM1
SIM2
SIM3
SIM4
1
21
22
SIM5
SIM1
SIM2
SIM3
SIM4
1
21
22
SIM5
SIM1
SIM2
SIM3
SIM4
1
21
22
SIM5
SIM1
SIM2
SIM3
SIM4
1
21
22
SIM5
SIM1
SIM2
SIM3
SIM4
1
21
22
SIM5
SIM1
SIM2
SIM3
SIM4
1
21
22
SIM5
SIM1
SIM2
SIM3
SIM4
1
21
22
SIM5
SIM1
SIM2
SIM3
SIM4
1
21
22
SIM5
SIM1
SIM2
SIM3
SIM4
1
21
22
SIM5
SIM1
SIM2
SIM3
SIM4
1
21
22
SIM5
SIM1
SIM2
SIM3
SIM4
1
21
22
SIM5
SIM1
SIM2
SIM3
SIM4
1
21
22
SIM5
SIM1
SIM2
SIM3
SIM4
1
21
22
SIM5
SIM1
SIM2
SIM3
SIM4
1
21
22
SIM5
SIM1
SIM2
SIM3
SIM4
1
21
22
SIM5
SIM1
SIM2
SIM3
SIM4
1
21
22
SIM5
SIM1
SIM2
SIM3
SIM4
1
21
22
SIM5
SIM1
SIM2
SIM3
SIM4
1
21
22
SIM5
SIM1
SIM2
SIM3
SIM4
1
21
22
SIM5
SIM1
SIM2
SIM3
SIM4
1
21
22
SIM5
SIM1
SIM2
SIM3
SIM4
1
21
22
SIM5
SIM1
SIM2
SIM3
SIM4
1
21
22
SIM5
SIM1
SIM2
SIM3
SIM4
1
21
22
SIM5
SIM1
SIM2
SIM3
SIM4
1
21
22
SIM5
SIM1
SIM2
SIM3
SIM4
1
21
22
SIM5
SIM1
SIM2
SIM3
SIM4
1
21
22
SIM5
SIM1
SIM2
SIM3
SIM4
1
21
22
SIM5
SIM1
SIM2
SIM3
SIM4
1
21
22
SIM5
SIM1
SIM2
SIM3
SIM4
1
21
22
SIM5
SIM1
SIM2
SIM3
SIM4
1
21
22
SIM5
SIM1
SIM2
SIM3
SIM4
1
21
22
SIM5
SIM1
SIM2
SIM3
SIM4
1
21
22
SIM5
SIM1
SIM2
SIM3
SIM4
1
21
22
SIM5
SIM1
SIM2
SIM3
SIM4
1
21
22
SIM5
SIM1
SIM2
SIM3
SIM4
1
21
22
SIM5
SIM1
SIM2
SIM3
SIM4
1
21
22
SIM5
SIM1
SIM2
SIM3
SIM4
1
21
22
SIM5
SIM1
SIM2
SIM3
SIM4
1
21
22
SIM5
SIM1
SIM2
SIM3
SIM4
1
21
22
SIM5
SIM1
SIM2
SIM3
SIM4
1
21
22
SIM5
SIM1
SIM2
SIM3
SIM4
1
21
22
SIM5
SIM1
SIM2
SIM3
SIM4
1
21
22
SIM5
SIM1
SIM2
SIM3
SIM4
1
21
22
SIM5
SIM1
SIM2
SIM3
SIM4
1
21
22
SIM5
SIM1
SIM2
SIM3
SIM4
1
21
22
SIM5
SIM1
SIM2
SIM3
SIM4
1
21
22
SIM5
SIM1
SIM2
SIM3
SIM4
1
21
22
SIM5
SIM1
SIM2
SIM3
SIM4
1
21
22
SIM5
SIM1
SIM2
SIM3
SIM4
1
21
22
SIM5
SIM1
SIM2
SIM3
SIM4
1
21
22
SIM5
SIM1
SIM2
SIM3
SIM4
1
21
22
SIM5
SIM1
SIM2
SIM3
SIM4
1
21
22
SIM5
SIM1
SIM2
SIM3
SIM4
1
21
22
SIM5
SIM1
SIM2
SIM3
SIM4
1
21
22
SIM5
SIM1
SIM2
SIM3
SIM4
1
21
22
SIM5
SIM1
SIM2
SIM3
SIM4
1
21
22
SIM5
SIM1
SIM2
SIM3
SIM4
1
21
22
SIM5
SIM1
SIM2
SIM3
SIM4
1
21
22
SIM5
SIM1
SIM2
SIM3
SIM4
1
21
22
SIM5
SIM1
SIM2
SIM3
SIM4
1
21
22
SIM5
SIM1
SIM2
SIM3
SIM4
1
21
22
SIM5
SIM1
SIM2
SIM3
SIM4
1
21
22
SIM5
SIM1
SIM2
SIM3
SIM4
1
21
22
SIM5
SIM1
SIM2
SIM3
SIM4
1
21
22
SIM5
SIM1
SIM2
SIM3
SIM4
1
21
22
SIM5
SIM1
SIM2
SIM3
SIM4
1
21
22
SIM5
SIM1
SIM2
SIM3
SIM4
1
21
22
SIM5
SIM1
SIM2
SIM3
SIM4
1
21
22
SIM5
SIM1
SIM2
SIM3
SIM4
1
21
22
SIM5
SIM1
SIM2
SIM3
SIM4
1
21
22
SIM5
SIM1
SIM2
SIM3
SIM4
1
21
22
SIM5
SIM1
SIM2
SIM3
SIM4
1
21
22
SIM5
SIM1
SIM2
SIM3
SIM4
1
21
22
SIM5
SIM1
SIM2
SIM3
SIM4
1
21
22
SIM5
SIM1
SIM2
SIM3
SIM4
1
21
22
SIM5
SIM1
SIM2
SIM3
SIM4
1
21
22
SIM5
SIM1
SIM2
SIM3
SIM4
1
21
22
SIM5
SIM1
SIM2
SIM3
SIM4
1
21
22
SIM5
SIM1
SIM2
SIM3
SIM4
1
21
22
SIM5
SIM1
SIM2
SIM3
SIM4
1
21
22
SIM5
SIM1
SIM2
SIM3
SIM4
1
21
22
SIM5
SIM1
SIM2
SIM3
SIM4
1
21
22
SIM5
SIM1
SIM2
SIM3
SIM4
1
21
22
SIM5
SIM1
SIM2
SIM3
SIM4
1
21
22
SIM5
SIM1
SIM2
SIM3
SIM4
1
21
22
SIM5
SIM1
SIM2
SIM3
SIM4
1
21
22
SIM5
SIM1
SIM2
SIM3
SIM4
1
21
22
SIM5
SIM1
SIM2
SIM3
SIM4
1
21
22
SIM5
SIM1
SIM2
SIM3
SIM4
1
21
22
SIM5
SIM1
SIM2
SIM3
SIM4
1
21
22
SIM5
SIM1
SIM2
SIM3
SIM4
1
21
22
SIM5
SIM1
SIM2
SIM3
SIM4
1
21
22
SIM5
SIM1
SIM2
SIM3
SIM4
1
21
22
SIM5
SIM1
SIM2
SIM3
SIM4
1
21
22
SIM5
SIM1
SIM2
SIM3
SIM4
1
21
22
SIM5
SIM1
SIM2
SIM3
SIM4
1
21
22
SIM5
SIM1
SIM2
SIM3
SIM4
1
21
22
SIM5
SIM1
SIM2
SIM3
SIM4
1
21
22
SIM5
SIM1
SIM2
SIM3
SIM4
1
21
22
SIM5
SIM1
SIM2
SIM3
SIM4
1
21
22
SIM5
SIM1
SIM2
SIM3
SIM4
1
21
22
SIM5
SIM1
SIM2
SIM3
SIM4
1
21
22
SIM5
SIM1
SIM2
SIM3
SIM4
1
21
22
SIM5
SIM1
SIM2
SIM3
SIM4
1
21
22
SIM5
SIM1
SIM2
SIM3
SIM4
1
21
22
SIM5
SIM1
SIM2
SIM3
SIM4
1
21
22
SIM5
SIM1
SIM2
SIM3
SIM4
1
21
22
SIM5
SIM1
SIM2
SIM3
SIM4
1
21
22
SIM5
SIM1
SIM2
SIM3
SIM4
1
21
22
SIM5
SIM1
SIM2
SIM3
SIM4
1
21
22
SIM5
SIM1
SIM2
SIM3
SIM4
1
21
22
SIM5
SIM1
SIM2
SIM3
SIM4
1
21
22
SIM5
SIM1
SIM2
SIM3
SIM4
1
21
22
SIM5
SIM1
SIM2
SIM3
SIM4
1
21
22
SIM5
SIM1
SIM2
SIM3
SIM4
1
21
22
SIM5
SIM1
SIM2
SIM3
SIM4
1
21
22
SIM5
SIM1
SIM2
SIM3
SIM4
1
21
22
SIM5
SIM1
SIM2
SIM3
SIM4
1
21
22
SIM5
SIM1
SIM2
SIM3
SIM4
1
21
22
SIM5
SIM1
SIM2
SIM3
SIM4
1
21
22
SIM5
SIM1
SIM2
SIM3
SIM4
1
21
22
SIM5
SIM1
SIM2
SIM3
SIM4
1
21
22
SIM5
SIM1
SIM2
SIM3
SIM4
1
21
22
SIM5
SIM1
SIM2
SIM3
SIM4
1
21
22
SIM5
SIM1
SIM2
SIM3
SIM4
1
21
22
SIM5
SIM1
SIM2
SIM3
SIM4
1
21
22
SIM5
SIM1
SIM2
SIM3
SIM4
1
21
22
SIM5
SIM1
SIM2
SIM3
SIM4
1
21
22
SIM5
SIM1
SIM2
SIM3
SIM4
1
21
22
SIM5
SIM1
SIM2
SIM3
SIM4
1
21
22
SIM5
SIM1
SIM2
SIM3
SIM4
1
21
22
SIM5
SIM1
SIM2
SIM3
SIM4
1
21
22
SIM5
SIM1
SIM2
SIM3
SIM4
1
21
22
SIM5
SIM1
SIM2
SIM3
SIM4
1
21
22
SIM5
SIM1
SIM2
SIM3
SIM4
1
21
22
SIM5
SIM1
SIM2
SIM3
SIM4
1
21
22
SIM5
SIM1
SIM2
SIM3
SIM4
1
21
22
SIM5
SIM1
SIM2
SIM3
SIM4
1
21
22
SIM5
SIM1
SIM2
SIM3
SIM4
1
21
22
SIM5
SIM1
SIM2
SIM3
SIM4
1
21
22
SIM5
SIM1
SIM2
SIM3
SIM4
1
21
22
SIM5
SIM1
SIM2
SIM3
SIM4
1
21
22
SIM5
SIM1
SIM2
SIM3
SIM4
1
21
22
SIM5
SIM1
SIM2
SIM3
SIM4
1
21
22
SIM5
SIM1
SIM2
SIM3
SIM4
1
21
22
SIM5
SIM1
SIM2
SIM3
SIM4
1
21
22
SIM5
SIM1
SIM2
SIM3
SIM4
1
21
22
SIM5
SIM1
SIM2
SIM3
SIM4
1
21
22
SIM5
SIM1
SIM2
SIM3
SIM4
1
21
22
SIM5
SIM1
SIM2
SIM3
SIM4
1
21
22
SIM5
SIM1
SIM2
SIM3
SIM4
1
21
22
SIM5
SIM1
SIM2
SIM3
SIM4
1
21
22
SIM5
SIM1
SIM2
SIM3
SIM4
1
21
22
SIM5
SIM1
SIM2
SIM3
SIM4
1
21
22
SIM5
SIM1
SIM2
SIM3
SIM4
1
21
22
SIM5
SIM1
SIM2
SIM3
SIM4
1
21
22
SIM5
SIM1
SIM2
SIM3
SIM4
1
21
22
SIM5
SIM1
SIM2
SIM3
SIM4
1
21
22
SIM5
SIM1
SIM2
SIM3
SIM4
1
21
22
SIM5
SIM1
SIM2
SIM3
SIM4
1
21
22
SIM5
SIM1
SIM2
SIM3
SIM4
1
21
22
SIM5
SIM1
SIM2
SIM3
SIM4
1
21
22
SIM5
SIM1
SIM2
SIM3
SIM4
1
21
22
SIM5
SIM1
SIM2
SIM3
SIM4
1
21
22
SIM5
SIM1
SIM2
SIM3
SIM4
1
21
22
SIM5
SIM1
SIM2
SIM3
SIM4
1
21
22
SIM5
SIM1
SIM2
SIM3
SIM4
1
21
22
SIM5
SIM1
SIM2
SIM3
SIM4
1
21
22
SIM5
SIM1
SIM2
SIM3
SIM4
1
21
22
SIM5
SIM1
SIM2
SIM3
SIM4
1
21
22
SIM5
SIM1
SIM2
SIM3
SIM4
1
21
22
SIM5
SIM1
SIM2
SIM3
SIM4
1
21
22
SIM5
SIM1
SIM2
SIM3
SIM4
1
21
22
SIM5
SIM1
SIM2
SIM3
SIM4
1
21
22
SIM5
SIM1
SIM2
SIM3
SIM4
1
21
22
SIM5
SIM1
SIM2
SIM3
SIM4
1
21
22
SIM5
SIM1
SIM2
SIM3
SIM4
1
21
22
SIM5
SIM1
SIM2
SIM3
SIM4
1
21
22
SIM5
SIM1
SIM2
SIM3
SIM4
1
21
22
SIM5
SIM1
SIM2
SIM3
SIM4
1
21
22
SIM5
SIM1
SIM2
DEBUG 1 116
SIM1
SIM2
SIM3
SIM4
1
21
22
SIM5
SIM1
SIM2
SIM3
SIM4
1
21
22
SIM5
SIM1
SIM2
SIM3
SIM4
1
21
22
SIM5
SIM1
SIM2
SIM3
SIM4
1
21
22
SIM5
SIM1
SIM2
SIM3
SIM4
1
21
22
SIM5
SIM1
SIM2
SIM3
SIM4
1
21
22
SIM5
SIM1
SIM2
SIM3
SIM4
1
21
22
SIM5
SIM1
SIM2
SIM3
SIM4
1
21
22
SIM5
SIM1
SIM2
SIM3
SIM4
1
21
22
SIM5
SIM1
SIM2
SIM3
SIM4
1
21
22
SIM5
SIM1
SIM2
SIM3
SIM4
1
21
22
SIM5
SIM1
SIM2
SIM3
SIM4
1
21
22
SIM5
SIM1
SIM2
SIM3
SIM4
1
21
22
SIM5
SIM1
SIM2
SIM3
SIM4
1
21
22
SIM5
SIM1
SIM2
SIM3
SIM4
1
21
22
SIM5
SIM1
SIM2
SIM3
SIM4
1
21
22
SIM5
SIM1
SIM2
SIM3
SIM4
1
21
22
SIM5
SIM1
SIM2
SIM3
SIM4
1
21
22
SIM5
SIM1
SIM2
SIM3
SIM4
1
21
22
SIM5
SIM1
SIM2
SIM3
SIM4
1
21
22
SIM5
SIM1
SIM2
SIM3
SIM4
1
21
22
SIM5
SIM1
SIM2
SIM3
SIM4
1
21
22
SIM5
SIM1
SIM2
SIM3
SIM4
1
21
22
SIM5
SIM1
SIM2
SIM3
SIM4
1
21
22
SIM5
SIM1
SIM2
SIM3
SIM4
1
21
22
SIM5
SIM1
SIM2
SIM3
SIM4
1
21
22
SIM5
SIM1
SIM2
SIM3
SIM4
1
21
22
SIM5
SIM1
SIM2
SIM3
SIM4
1
21
22
SIM5
SIM1
SIM2
SIM3
SIM4
1
21
22
SIM5
SIM1
SIM2
SIM3
SIM4
1
21
22
SIM5
SIM1
SIM2
SIM3
SIM4
1
21
22
SIM5
SIM1
SIM2
SIM3
SIM4
1
21
22
SIM5
SIM1
SIM2
SIM3
SIM4
1
21
22
SIM5
SIM1
SIM2
SIM3
SIM4
1
21
22
SIM5
SIM1
SIM2
SIM3
SIM4
1
21
22
SIM5
SIM1
SIM2
SIM3
SIM4
1
21
22
SIM5
SIM1
SIM2
SIM3
SIM4
1
21
22
SIM5
SIM1
SIM2
SIM3
SIM4
1
21
22
SIM5
SIM1
SIM2
SIM3
SIM4
1
21
22
SIM5
SIM1
SIM2
SIM3
SIM4
1
21
22
SIM5
SIM1
SIM2
SIM3
SIM4
1
21
22
SIM5
SIM1
SIM2
SIM3
SIM4
1
21
22
SIM5
SIM1
SIM2
SIM3
SIM4
1
21
22
SIM5
SIM1
SIM2
SIM3
SIM4
1
21
22
SIM5
SIM1
SIM2
SIM3
SIM4
1
21
22
SIM5
SIM1
SIM2
SIM3
SIM4
1
21
22
SIM5
SIM1
SIM2
SIM3
SIM4
1
21
22
SIM5
SIM1
SIM2
SIM3
SIM4
1
21
22
SIM5
SIM1
SIM2
SIM3
SIM4
1
21
22
SIM5
SIM1
SIM2
SIM3
SIM4
1
21
22
SIM5
SIM1
SIM2
SIM3
SIM4
1
21
22
SIM5
SIM1
SIM2
SIM3
SIM4
1
21
22
SIM5
SIM1
SIM2
SIM3
SIM4
1
21
22
SIM5
SIM1
SIM2
SIM3
SIM4
1
21
22
SIM5
SIM1
SIM2
SIM3
SIM4
1
21
22
SIM5
SIM1
SIM2
SIM3
SIM4
1
21
22
SIM5
SIM1
SIM2
SIM3
SIM4
1
21
22
SIM5
SIM1
SIM2
SIM3
SIM4
1
21
22
SIM5
SIM1
SIM2
SIM3
SIM4
1
21
22
SIM5
SIM1
SIM2
SIM3
SIM4
1
21
22
SIM5
SIM1
SIM2
SIM3
SIM4
1
21
22
SIM5
SIM1
SIM2
SIM3
SIM4
1
21
22
SIM5
SIM1
SIM2
SIM3
SIM4
1
21
22
SIM5
SIM1
SIM2
SIM3
SIM4
1
21
22
SIM5
SIM1
SIM2
SIM3
SIM4
1
21
22
SIM5
SIM1
SIM2
SIM3
SIM4
1
21
22
SIM5
SIM1
SIM2
SIM3
SIM4
1
21
22
SIM5
SIM1
SIM2
SIM3
SIM4
1
21
22
SIM5
SIM1
SIM2
SIM3
SIM4
1
21
22
SIM5
SIM1
SIM2
SIM3
SIM4
1
21
22
SIM5
SIM1
SIM2
SIM3
SIM4
1
21
22
SIM5
SIM1
SIM2
SIM3
SIM4
1
21
22
SIM5
SIM1
SIM2
SIM3
SIM4
1
21
22
SIM5
SIM1
SIM2
SIM3
SIM4
1
21
22
SIM5
SIM1
SIM2
SIM3
SIM4
1
21
22
SIM5
SIM1
SIM2
SIM3
SIM4
1
21
22
SIM5
SIM1
SIM2
SIM3
SIM4
1
21
22
SIM5
SIM1
SIM2
SIM3
SIM4
1
21
22
SIM5
SIM1
SIM2
SIM3
SIM4
1
21
22
SIM5
SIM1
SIM2
SIM3
SIM4
1
21
22
SIM5
SIM1
SIM2
SIM3
SIM4
1
21
22
SIM5
SIM1
SIM2
SIM3
SIM4
1
21
22
SIM5
SIM1
SIM2
SIM3
SIM4
1
21
22
SIM5
SIM1
SIM2
SIM3
SIM4
1
21
22
SIM5
SIM1
SIM2
SIM3
SIM4
1
21
22
SIM5
SIM1
SIM2
SIM3
SIM4
1
21
22
SIM5
SIM1
SIM2
SIM3
SIM4
1
21
22
SIM5
SIM1
SIM2
SIM3
SIM4
1
21
22
SIM5
SIM1
SIM2
SIM3
SIM4
1
21
22
SIM5
SIM1
SIM2
SIM3
SIM4
1
21
22
SIM5
SIM1
SIM2
SIM3
SIM4
1
21
22
SIM5
SIM1
SIM2
SIM3
SIM4
1
21
22
SIM5
SIM1
SIM2
SIM3
SIM4
1
21
22
SIM5
SIM1
SIM2
SIM3
SIM4
1
21
22
SIM5
SIM1
SIM2
SIM3
SIM4
1
21
22
SIM5
SIM1
SIM2
SIM3
SIM4
1
21
22
SIM5
SIM1
SIM2
SIM3
SIM4
1
21
22
SIM5
SIM1
SIM2
SIM3
SIM4
1
21
22
SIM5
SIM1
SIM2
SIM3
SIM4
1
21
22
SIM5
SIM1
SIM2
SIM3
SIM4
1
21
22
SIM5
SIM1
SIM2
SIM3
SIM4
1
21
22
SIM5
SIM1
SIM2
SIM3
SIM4
1
21
22
SIM5
SIM1
SIM2
SIM3
SIM4
1
21
22
SIM5
SIM1
SIM2
SIM3
SIM4
1
21
22
SIM5
SIM1
SIM2
SIM3
SIM4
1
21
22
SIM5
SIM1
SIM2
SIM3
SIM4
1
21
22
SIM5
SIM1
SIM2
SIM3
SIM4
1
21
22
SIM5
SIM1
SIM2
SIM3
SIM4
1
21
22
SIM5
SIM1
SIM2
SIM3
SIM4
1
21
22
SIM5
SIM1
SIM2
SIM3
SIM4
1
21
22
SIM5
SIM1
SIM2
SIM3
SIM4
1
21
22
SIM5
SIM1
SIM2
SIM3
SIM4
1
21
22
SIM5
SIM1
SIM2
SIM3
SIM4
1
21
22
SIM5
SIM1
SIM2
SIM3
SIM4
1
21
22
SIM5
SIM1
SIM2
SIM3
SIM4
1
21
22
SIM5
SIM1
SIM2
SIM3
SIM4
1
21
22
SIM5
SIM1
SIM2
SIM3
SIM4
1
21
22
SIM5
SIM1
SIM2
SIM3
SIM4
1
21
22
SIM5
SIM1
SIM2
SIM3
SIM4
1
21
22
SIM5
SIM1
SIM2
SIM3
SIM4
1
21
22
SIM5
SIM1
SIM2
SIM3
SIM4
1
21
22
SIM5
SIM1
SIM2
SIM3
SIM4
1
21
22
SIM5
SIM1
SIM2
SIM3
SIM4
1
21
22
SIM5
SIM1
SIM2
SIM3
SIM4
1
21
22
SIM5
SIM1
SIM2
SIM3
SIM4
1
21
22
SIM5
SIM1
SIM2
SIM3
SIM4
1
21
22
SIM5
SIM1
SIM2
SIM3
SIM4
1
21
22
SIM5
SIM1
SIM2
SIM3
SIM4
1
21
22
SIM5
SIM1
SIM2
SIM3
SIM4
1
21
22
SIM5
SIM1
SIM2
SIM3
SIM4
1
21
22
SIM5
SIM1
SIM2
SIM3
SIM4
1
21
22
SIM5
SIM1
SIM2
SIM3
SIM4
1
21
22
SIM5
SIM1
SIM2
SIM3
SIM4
1
21
22
SIM5
SIM1
SIM2
SIM3
SIM4
1
21
22
SIM5
SIM1
SIM2
SIM3
SIM4
1
21
22
SIM5
SIM1
SIM2
SIM3
SIM4
1
21
22
SIM5
SIM1
SIM2
SIM3
SIM4
1
21
22
SIM5
SIM1
SIM2
SIM3
SIM4
1
21
22
SIM5
SIM1
SIM2
SIM3
SIM4
1
21
22
SIM5
SIM1
SIM2
SIM3
SIM4
1
21
22
SIM5
SIM1
SIM2
SIM3
SIM4
1
21
22
SIM5
SIM1
SIM2
SIM3
SIM4
1
21
22
SIM5
SIM1
SIM2
SIM3
SIM4
1
21
22
SIM5
SIM1
SIM2
SIM3
SIM4
1
21
22
SIM5
SIM1
SIM2
SIM3
SIM4
1
21
22
SIM5
SIM1
SIM2
SIM3
SIM4
1
21
22
SIM5
SIM1
SIM2
SIM3
SIM4
1
21
22
SIM5
SIM1
SIM2
SIM3
SIM4
1
21
22
SIM5
SIM1
SIM2
SIM3
SIM4
1
21
22
SIM5
SIM1
SIM2
SIM3
SIM4
1
21
22
SIM5
SIM1
SIM2
SIM3
SIM4
1
21
22
SIM5
SIM1
SIM2
SIM3
SIM4
1
21
22
SIM5
SIM1
SIM2
SIM3
SIM4
1
21
22
SIM5
SIM1
SIM2
SIM3
SIM4
1
21
22
SIM5
SIM1
SIM2
SIM3
SIM4
1
21
22
SIM5
SIM1
SIM2
SIM3
SIM4
1
21
22
SIM5
SIM1
SIM2
DEBUG 1 117
SIM1
SIM2
SIM3
SIM4
1
21
22
SIM5
SIM1
SIM2
SIM3
SIM4
1
21
22
SIM5
SIM1
SIM2
SIM3
SIM4
1
21
22
SIM5
SIM1
SIM2
SIM3
SIM4
1
21
22
SIM5
SIM1
SIM2
SIM3
SIM4
1
21
22
SIM5
SIM1
SIM2
SIM3
SIM4
1
21
22
SIM5
SIM1
SIM2
SIM3
SIM4
1
21
22
SIM5
SIM1
SIM2
SIM3
SIM4
1
21
22
SIM5
SIM1
SIM2
SIM3
SIM4
1
21
22
SIM5
SIM1
SIM2
SIM3
SIM4
1
21
22
SIM5
SIM1
SIM2
SIM3
SIM4
1
21
22
SIM5
SIM1
SIM2
SIM3
SIM4
1
21
22
SIM5
SIM1
SIM2
SIM3
SIM4
1
21
22
SIM5
SIM1
SIM2
SIM3
SIM4
1
21
22
SIM5
SIM1
SIM2
SIM3
SIM4
1
21
22
SIM5
SIM1
SIM2
SIM3
SIM4
1
21
22
SIM5
SIM1
SIM2
SIM3
SIM4
1
21
22
SIM5
SIM1
SIM2
SIM3
SIM4
1
21
22
SIM5
SIM1
SIM2
SIM3
SIM4
1
21
22
SIM5
SIM1
SIM2
SIM3
SIM4
1
21
22
SIM5
SIM1
SIM2
SIM3
SIM4
1
21
22
SIM5
SIM1
SIM2
SIM3
SIM4
1
21
22
SIM5
SIM1
SIM2
SIM3
SIM4
1
21
22
SIM5
SIM1
SIM2
SIM3
SIM4
1
21
22
SIM5
SIM1
SIM2
SIM3
SIM4
1
21
22
SIM5
SIM1
SIM2
SIM3
SIM4
1
21
22
SIM5
SIM1
SIM2
SIM3
SIM4
1
21
22
SIM5
SIM1
SIM2
SIM3
SIM4
1
21
22
SIM5
SIM1
SIM2
SIM3
SIM4
1
21
22
SIM5
SIM1
SIM2
SIM3
SIM4
1
21
22
SIM5
SIM1
SIM2
SIM3
SIM4
1
21
22
SIM5
SIM1
SIM2
SIM3
SIM4
1
21
22
SIM5
SIM1
SIM2
SIM3
SIM4
1
21
22
SIM5
SIM1
SIM2
SIM3
SIM4
1
21
22
SIM5
SIM1
SIM2
SIM3
SIM4
1
21
22
SIM5
SIM1
SIM2
SIM3
SIM4
1
21
22
SIM5
SIM1
SIM2
SIM3
SIM4
1
21
22
SIM5
SIM1
SIM2
SIM3
SIM4
1
21
22
SIM5
SIM1
SIM2
SIM3
SIM4
1
21
22
SIM5
SIM1
SIM2
SIM3
SIM4
1
21
22
SIM5
SIM1
SIM2
SIM3
SIM4
1
21
22
SIM5
SIM1
SIM2
SIM3
SIM4
1
21
22
SIM5
SIM1
SIM2
SIM3
SIM4
1
21
22
SIM5
SIM1
SIM2
SIM3
SIM4
1
21
22
SIM5
SIM1
SIM2
SIM3
SIM4
1
21
22
SIM5
SIM1
SIM2
SIM3
SIM4
1
21
22
SIM5
SIM1
SIM2
SIM3
SIM4
1
21
22
SIM5
SIM1
SIM2
SIM3
SIM4
1
21
22
SIM5
SIM1
SIM2
SIM3
SIM4
1
21
22
SIM5
SIM1
SIM2
SIM3
SIM4
1
21
22
SIM5
SIM1
SIM2
SIM3
SIM4
1
21
22
SIM5
SIM1
SIM2
SIM3
SIM4
1
21
22
SIM5
SIM1
SIM2
SIM3
SIM4
1
21
22
SIM5
SIM1
SIM2
SIM3
SIM4
1
21
22
SIM5
SIM1
SIM2
SIM3
SIM4
1
21
22
SIM5
SIM1
SIM2
SIM3
SIM4
1
21
22
SIM5
SIM1
SIM2
SIM3
SIM4
1
21
22
SIM5
SIM1
SIM2
SIM3
SIM4
1
21
22
SIM5
SIM1
SIM2
SIM3
SIM4
1
21
22
SIM5
SIM1
SIM2
SIM3
SIM4
1
21
22
SIM5
SIM1
SIM2
SIM3
SIM4
1
21
22
SIM5
SIM1
SIM2
SIM3
SIM4
1
21
22
SIM5
SIM1
SIM2
SIM3
SIM4
1
21
22
SIM5
SIM1
SIM2
SIM3
SIM4
1
21
22
SIM5
SIM1
SIM2
SIM3
SIM4
1
21
22
SIM5
SIM1
SIM2
SIM3
SIM4
1
21
22
SIM5
SIM1
SIM2
SIM3
SIM4
1
21
22
SIM5
SIM1
SIM2
SIM3
SIM4
1
21
22
SIM5
SIM1
SIM2
SIM3
SIM4
1
21
22
SIM5
SIM1
SIM2
SIM3
SIM4
1
21
22
SIM5
SIM1
SIM2
SIM3
SIM4
1
21
22
SIM5
SIM1
SIM2
SIM3
SIM4
1
21
22
SIM5
SIM1
SIM2
SIM3
SIM4
1
21
22
SIM5
SIM1
SIM2
SIM3
SIM4
1
21
22
SIM5
SIM1
SIM2
SIM3
SIM4
1
21
22
SIM5
SIM1
SIM2
SIM3
SIM4
1
21
22
SIM5
SIM1
SIM2
SIM3
SIM4
1
21
22
SIM5
SIM1
SIM2
SIM3
SIM4
1
21
22
SIM5
SIM1
SIM2
SIM3
SIM4
1
21
22
SIM5
SIM1
SIM2
SIM3
SIM4
1
21
22
SIM5
SIM1
SIM2
SIM3
SIM4
1
21
22
SIM5
SIM1
SIM2
SIM3
SIM4
1
21
22
SIM5
SIM1
SIM2
SIM3
SIM4
1
21
22
SIM5
SIM1
SIM2
SIM3
SIM4
1
21
22
SIM5
SIM1
SIM2
SIM3
SIM4
1
21
22
SIM5
SIM1
SIM2
SIM3
SIM4
1
21
22
SIM5
SIM1
SIM2
SIM3
SIM4
1
21
22
SIM5
SIM1
SIM2
SIM3
SIM4
1
21
22
SIM5
SIM1
SIM2
SIM3
SIM4
1
21
22
SIM5
SIM1
SIM2
SIM3
SIM4
1
21
22
SIM5
SIM1
SIM2
SIM3
SIM4
1
21
22
SIM5
SIM1
SIM2
SIM3
SIM4
1
21
22
SIM5
SIM1
SIM2
SIM3
SIM4
1
21
22
SIM5
SIM1
SIM2
SIM3
SIM4
1
21
22
SIM5
SIM1
SIM2
SIM3
SIM4
1
21
22
SIM5
SIM1
SIM2
SIM3
SIM4
1
21
22
SIM5
SIM1
SIM2
SIM3
SIM4
1
21
22
SIM5
SIM1
SIM2
SIM3
SIM4
1
21
22
SIM5
SIM1
SIM2
SIM3
SIM4
1
21
22
SIM5
SIM1
SIM2
SIM3
SIM4
1
21
22
SIM5
SIM1
SIM2
SIM3
SIM4
1
21
22
SIM5
SIM1
SIM2
SIM3
SIM4
1
21
22
SIM5
SIM1
SIM2
SIM3
SIM4
1
21
22
SIM5
SIM1
SIM2
SIM3
SIM4
1
21
22
SIM5
SIM1
SIM2
SIM3
SIM4
1
21
22
SIM5
SIM1
SIM2
SIM3
SIM4
1
21
22
SIM5
SIM1
SIM2
SIM3
SIM4
1
21
22
SIM5
SIM1
SIM2
SIM3
SIM4
1
21
22
SIM5
SIM1
SIM2
SIM3
SIM4
1
21
22
SIM5
SIM1
SIM2
SIM3
SIM4
1
21
22
SIM5
SIM1
SIM2
SIM3
SIM4
1
21
22
SIM5
SIM1
SIM2
SIM3
SIM4
1
21
22
SIM5
SIM1
SIM2
SIM3
SIM4
1
21
22
SIM5
SIM1
SIM2
SIM3
SIM4
1
21
22
SIM5
SIM1
SIM2
SIM3
SIM4
1
21
22
SIM5
SIM1
SIM2
SIM3
SIM4
1
21
22
SIM5
SIM1
SIM2
SIM3
SIM4
1
21
22
SIM5
SIM1
SIM2
SIM3
SIM4
1
21
22
SIM5
SIM1
SIM2
SIM3
SIM4
1
21
22
SIM5
SIM1
SIM2
SIM3
SIM4
1
21
22
SIM5
SIM1
SIM2
SIM3
SIM4
1
21
22
SIM5
SIM1
SIM2
SIM3
SIM4
1
21
22
SIM5
SIM1
SIM2
SIM3
SIM4
1
21
22
SIM5
SIM1
SIM2
SIM3
SIM4
1
21
22
SIM5
SIM1
SIM2
SIM3
SIM4
1
21
22
SIM5
SIM1
SIM2
SIM3
SIM4
1
21
22
SIM5
SIM1
SIM2
SIM3
SIM4
1
21
22
SIM5
SIM1
SIM2
SIM3
SIM4
1
21
22
SIM5
SIM1
SIM2
SIM3
SIM4
1
21
22
SIM5
SIM1
SIM2
SIM3
SIM4
1
21
22
SIM5
SIM1
SIM2
SIM3
SIM4
1
21
22
SIM5
SIM1
SIM2
SIM3
SIM4
1
21
22
SIM5
SIM1
SIM2
SIM3
SIM4
1
21
22
SIM5
SIM1
SIM2
SIM3
SIM4
1
21
22
SIM5
SIM1
SIM2
SIM3
SIM4
1
21
22
SIM5
SIM1
SIM2
SIM3
SIM4
1
21
22
SIM5
SIM1
SIM2
SIM3
SIM4
1
21
22
SIM5
SIM1
SIM2
SIM3
SIM4
1
21
22
SIM5
SIM1
SIM2
SIM3
SIM4
1
21
22
SIM5
SIM1
SIM2
SIM3
SIM4
1
21
22
SIM5
SIM1
SIM2
SIM3
SIM4
1
21
22
SIM5
SIM1
SIM2
SIM3
SIM4
1
21
22
SIM5
SIM1
SIM2
SIM3
SIM4
1
21
22
SIM5
SIM1
SIM2
SIM3
SIM4
1
21
22
SIM5
SIM1
SIM2
SIM3
SIM4
1
21
22
SIM5
SIM1
SIM2
SIM3
SIM4
1
21
22
SIM5
SIM1
SIM2
SIM3
SIM4
1
21
22
SIM5
SIM1
SIM2
SIM3
SIM4
1
21
22
SIM5
SIM1
SIM2
SIM3
SIM4
1
21
22
SIM5
SIM1
SIM2
SIM3
SIM4
1
21
22
SIM5
SIM1
SIM2
SIM3
SIM4
1
21
22
SIM5
SIM1
SIM2
SIM3
SIM4
1
21
22
SIM5
SIM1
SIM2
SIM3
SIM4
1
21
22
SIM5
SIM1
SIM2
SIM3
SIM4
1
21
22
SIM5
SIM1
SIM2
SIM3
SIM4
1
21
22
SIM5
SIM1
SIM2
SIM3
SIM4
1
21
22
SIM5
SIM1
SIM2
SIM3
SIM4
1
21
22
SIM5
SIM1
SIM2
SIM3
SIM4
1
21
22
SIM5
SIM1
SIM2
SIM3
SIM4
1
21
22
SIM5
SIM1
SIM2
SIM3
SIM4
1
21
22
SIM5
SIM1
SIM2
SIM3
SIM4
1
21
22
SIM5
SIM1
SIM2
SIM3
SIM4
1
21
22
SIM5
SIM1
SIM2
SIM3
SIM4
1
21
22
SIM5
SIM1
SIM2
SIM3
SIM4
1
21
22
SIM5
SIM1
SIM2
SIM3
SIM4
1
21
22
SIM5
SIM1
SIM2
SIM3
SIM4
1
21
22
SIM5
SIM1
SIM2
SIM3
SIM4
1
21
22
SIM5
SIM1
SIM2
SIM3
SIM4
1
21
22
SIM5
SIM1
SIM2
SIM3
SIM4
1
21
22
SIM5
SIM1
SIM2
DEBUG 1 118
SIM1
SIM2
SIM3
SIM4
1
21
22
SIM5
SIM1
SIM2
SIM3
SIM4
1
21
22
SIM5
SIM1
SIM2
SIM3
SIM4
1
21
22
SIM5
SIM1
SIM2
SIM3
SIM4
1
21
22
SIM5
SIM1
SIM2
SIM3
SIM4
1
21
22
SIM5
SIM1
SIM2
SIM3
SIM4
1
21
22
SIM5
SIM1
SIM2
SIM3
SIM4
1
21
22
SIM5
SIM1
SIM2
SIM3
SIM4
1
21
22
SIM5
SIM1
SIM2
SIM3
SIM4
1
21
22
SIM5
SIM1
SIM2
SIM3
SIM4
1
21
22
SIM5
SIM1
SIM2
SIM3
SIM4
1
21
22
SIM5
SIM1
SIM2
SIM3
SIM4
1
21
22
SIM5
SIM1
SIM2
SIM3
SIM4
1
21
22
SIM5
SIM1
SIM2
SIM3
SIM4
1
21
22
SIM5
SIM1
SIM2
SIM3
SIM4
1
21
22
SIM5
SIM1
SIM2
SIM3
SIM4
1
21
22
SIM5
SIM1
SIM2
SIM3
SIM4
1
21
22
SIM5
SIM1
SIM2
SIM3
SIM4
1
21
22
SIM5
SIM1
SIM2
SIM3
SIM4
1
21
22
SIM5
SIM1
SIM2
SIM3
SIM4
1
21
22
SIM5
SIM1
SIM2
SIM3
SIM4
1
21
22
SIM5
SIM1
SIM2
SIM3
SIM4
1
21
22
SIM5
SIM1
SIM2
SIM3
SIM4
1
21
22
SIM5
SIM1
SIM2
SIM3
SIM4
1
21
22
SIM5
SIM1
SIM2
SIM3
SIM4
1
21
22
SIM5
SIM1
SIM2
SIM3
SIM4
1
21
22
SIM5
SIM1
SIM2
SIM3
SIM4
1
21
22
SIM5
SIM1
SIM2
SIM3
SIM4
1
21
22
SIM5
SIM1
SIM2
SIM3
SIM4
1
21
22
SIM5
SIM1
SIM2
SIM3
SIM4
1
21
22
SIM5
SIM1
SIM2
SIM3
SIM4
1
21
22
SIM5
SIM1
SIM2
SIM3
SIM4
1
21
22
SIM5
SIM1
SIM2
SIM3
SIM4
1
21
22
SIM5
SIM1
SIM2
SIM3
SIM4
1
21
22
SIM5
SIM1
SIM2
SIM3
SIM4
1
21
22
SIM5
SIM1
SIM2
SIM3
SIM4
1
21
22
SIM5
SIM1
SIM2
SIM3
SIM4
1
21
22
SIM5
SIM1
SIM2
SIM3
SIM4
1
21
22
SIM5
SIM1
SIM2
SIM3
SIM4
1
21
22
SIM5
SIM1
SIM2
SIM3
SIM4
1
21
22
SIM5
SIM1
SIM2
SIM3
SIM4
1
21
22
SIM5
SIM1
SIM2
SIM3
SIM4
1
21
22
SIM5
SIM1
SIM2
SIM3
SIM4
1
21
22
SIM5
SIM1
SIM2
SIM3
SIM4
1
21
22
SIM5
SIM1
SIM2
SIM3
SIM4
1
21
22
SIM5
SIM1
SIM2
SIM3
SIM4
1
21
22
SIM5
SIM1
SIM2
SIM3
SIM4
1
21
22
SIM5
SIM1
SIM2
SIM3
SIM4
1
21
22
SIM5
SIM1
SIM2
SIM3
SIM4
1
21
22
SIM5
SIM1
SIM2
SIM3
SIM4
1
21
22
SIM5
SIM1
SIM2
SIM3
SIM4
1
21
22
SIM5
SIM1
SIM2
SIM3
SIM4
1
21
22
SIM5
SIM1
SIM2
SIM3
SIM4
1
21
22
SIM5
SIM1
SIM2
SIM3
SIM4
1
21
22
SIM5
SIM1
SIM2
SIM3
SIM4
1
21
22
SIM5
SIM1
SIM2
SIM3
SIM4
1
21
22
SIM5
SIM1
SIM2
SIM3
SIM4
1
21
22
SIM5
SIM1
SIM2
SIM3
SIM4
1
21
22
SIM5
SIM1
SIM2
SIM3
SIM4
1
21
22
SIM5
SIM1
SIM2
SIM3
SIM4
1
21
22
SIM5
SIM1
SIM2
SIM3
SIM4
1
21
22
SIM5
SIM1
SIM2
SIM3
SIM4
1
21
22
SIM5
SIM1
SIM2
SIM3
SIM4
1
21
22
SIM5
SIM1
SIM2
SIM3
SIM4
1
21
22
SIM5
SIM1
SIM2
SIM3
SIM4
1
21
22
SIM5
SIM1
SIM2
SIM3
SIM4
1
21
22
SIM5
SIM1
SIM2
SIM3
SIM4
1
21
22
SIM5
SIM1
SIM2
SIM3
SIM4
1
21
22
SIM5
SIM1
SIM2
SIM3
SIM4
1
21
22
SIM5
SIM1
SIM2
SIM3
SIM4
1
21
22
SIM5
SIM1
SIM2
SIM3
SIM4
1
21
22
SIM5
SIM1
SIM2
SIM3
SIM4
1
21
22
SIM5
SIM1
SIM2
SIM3
SIM4
1
21
22
SIM5
SIM1
SIM2
SIM3
SIM4
1
21
22
SIM5
SIM1
SIM2
SIM3
SIM4
1
21
22
SIM5
SIM1
SIM2
SIM3
SIM4
1
21
22
SIM5
SIM1
SIM2
SIM3
SIM4
1
21
22
SIM5
SIM1
SIM2
SIM3
SIM4
1
21
22
SIM5
SIM1
SIM2
SIM3
SIM4
1
21
22
SIM5
SIM1
SIM2
SIM3
SIM4
1
21
22
SIM5
SIM1
SIM2
SIM3
SIM4
1
21
22
SIM5
SIM1
SIM2
SIM3
SIM4
1
21
22
SIM5
SIM1
SIM2
SIM3
SIM4
1
21
22
SIM5
SIM1
SIM2
SIM3
SIM4
1
21
22
SIM5
SIM1
SIM2
SIM3
SIM4
1
21
22
SIM5
SIM1
SIM2
SIM3
SIM4
1
21
22
SIM5
SIM1
SIM2
SIM3
SIM4
1
21
22
SIM5
SIM1
SIM2
SIM3
SIM4
1
21
22
SIM5
SIM1
SIM2
SIM3
SIM4
1
21
22
SIM5
SIM1
SIM2
SIM3
SIM4
1
21
22
SIM5
SIM1
SIM2
SIM3
SIM4
1
21
22
SIM5
SIM1
SIM2
SIM3
SIM4
1
21
22
SIM5
SIM1
SIM2
SIM3
SIM4
1
21
22
SIM5
SIM1
SIM2
SIM3
SIM4
1
21
22
SIM5
SIM1
SIM2
SIM3
SIM4
1
21
22
SIM5
SIM1
SIM2
SIM3
SIM4
1
21
22
SIM5
SIM1
SIM2
SIM3
SIM4
1
21
22
SIM5
SIM1
SIM2
SIM3
SIM4
1
21
22
SIM5
SIM1
SIM2
SIM3
SIM4
1
21
22
SIM5
SIM1
SIM2
SIM3
SIM4
1
21
22
SIM5
SIM1
SIM2
SIM3
SIM4
1
21
22
SIM5
SIM1
SIM2
SIM3
SIM4
1
21
22
SIM5
SIM1
SIM2
SIM3
SIM4
1
21
22
SIM5
SIM1
SIM2
SIM3
SIM4
1
21
22
SIM5
SIM1
SIM2
SIM3
SIM4
1
21
22
SIM5
SIM1
SIM2
SIM3
SIM4
1
21
22
SIM5
SIM1
SIM2
SIM3
SIM4
1
21
22
SIM5
SIM1
SIM2
SIM3
SIM4
1
21
22
SIM5
SIM1
SIM2
SIM3
SIM4
1
21
22
SIM5
SIM1
SIM2
SIM3
SIM4
1
21
22
SIM5
SIM1
SIM2
SIM3
SIM4
1
21
22
SIM5
SIM1
SIM2
SIM3
SIM4
1
21
22
SIM5
SIM1
SIM2
SIM3
SIM4
1
21
22
SIM5
SIM1
SIM2
SIM3
SIM4
1
21
22
SIM5
SIM1
SIM2
SIM3
SIM4
1
21
22
SIM5
SIM1
SIM2
SIM3
SIM4
1
21
22
SIM5
SIM1
SIM2
SIM3
SIM4
1
21
22
SIM5
SIM1
SIM2
SIM3
SIM4
1
21
22
SIM5
SIM1
SIM2
SIM3
SIM4
1
21
22
SIM5
SIM1
SIM2
SIM3
SIM4
1
21
22
SIM5
SIM1
SIM2
SIM3
SIM4
1
21
22
SIM5
SIM1
SIM2
SIM3
SIM4
1
21
22
SIM5
SIM1
SIM2
SIM3
SIM4
1
21
22
SIM5
SIM1
SIM2
SIM3
SIM4
1
21
22
SIM5
SIM1
SIM2
SIM3
SIM4
1
21
22
SIM5
SIM1
SIM2
SIM3
SIM4
1
21
22
SIM5
SIM1
SIM2
SIM3
SIM4
1
21
22
SIM5
SIM1
SIM2
SIM3
SIM4
1
21
22
SIM5
SIM1
SIM2
SIM3
SIM4
1
21
22
SIM5
SIM1
SIM2
SIM3
SIM4
1
21
22
SIM5
SIM1
SIM2
SIM3
SIM4
1
21
22
SIM5
SIM1
SIM2
SIM3
SIM4
1
21
22
SIM5
SIM1
SIM2
SIM3
SIM4
1
21
22
SIM5
SIM1
SIM2
SIM3
SIM4
1
21
22
SIM5
SIM1
SIM2
SIM3
SIM4
1
21
22
SIM5
SIM1
SIM2
SIM3
SIM4
1
21
22
SIM5
SIM1
SIM2
SIM3
SIM4
1
21
22
SIM5
SIM1
SIM2
SIM3
SIM4
1
21
22
SIM5
SIM1
SIM2
SIM3
SIM4
1
21
22
SIM5
SIM1
SIM2
SIM3
SIM4
1
21
22
SIM5
SIM1
SIM2
DEBUG 1 119
SIM1
SIM2
SIM3
SIM4
1
21
22
SIM5
SIM1
SIM2
SIM3
SIM4
1
21
22
SIM5
SIM1
SIM2
SIM3
SIM4
1
21
22
SIM5
SIM1
SIM2
SIM3
SIM4
1
21
22
SIM5
SIM1
SIM2
SIM3
SIM4
1
21
22
SIM5
SIM1
SIM2
SIM3
SIM4
1
21
22
SIM5
SIM1
SIM2
SIM3
SIM4
1
21
22
SIM5
SIM1
SIM2
SIM3
SIM4
1
21
22
SIM5
SIM1
SIM2
SIM3
SIM4
1
21
22
SIM5
SIM1
SIM2
SIM3
SIM4
1
21
22
SIM5
SIM1
SIM2
SIM3
SIM4
1
21
22
SIM5
SIM1
SIM2
SIM3
SIM4
1
21
22
SIM5
SIM1
SIM2
SIM3
SIM4
1
21
22
SIM5
SIM1
SIM2
SIM3
SIM4
1
21
22
SIM5
SIM1
SIM2
SIM3
SIM4
1
21
22
SIM5
SIM1
SIM2
SIM3
SIM4
1
21
22
SIM5
SIM1
SIM2
SIM3
SIM4
1
21
22
SIM5
SIM1
SIM2
SIM3
SIM4
1
21
22
SIM5
SIM1
SIM2
SIM3
SIM4
1
21
22
SIM5
SIM1
SIM2
SIM3
SIM4
1
21
22
SIM5
SIM1
SIM2
SIM3
SIM4
1
21
22
SIM5
SIM1
SIM2
SIM3
SIM4
1
21
22
SIM5
SIM1
SIM2
SIM3
SIM4
1
21
22
SIM5
SIM1
SIM2
SIM3
SIM4
1
21
22
SIM5
SIM1
SIM2
SIM3
SIM4
1
21
22
SIM5
SIM1
SIM2
SIM3
SIM4
1
21
22
SIM5
SIM1
SIM2
SIM3
SIM4
1
21
22
SIM5
SIM1
SIM2
SIM3
SIM4
1
21
22
SIM5
SIM1
SIM2
SIM3
SIM4
1
21
22
SIM5
SIM1
SIM2
SIM3
SIM4
1
21
22
SIM5
SIM1
SIM2
SIM3
SIM4
1
21
22
SIM5
SIM1
SIM2
SIM3
SIM4
1
21
22
SIM5
SIM1
SIM2
SIM3
SIM4
1
21
22
SIM5
SIM1
SIM2
SIM3
SIM4
1
21
22
SIM5
SIM1
SIM2
SIM3
SIM4
1
21
22
SIM5
SIM1
SIM2
SIM3
SIM4
1
21
22
SIM5
SIM1
SIM2
SIM3
SIM4
1
21
22
SIM5
SIM1
SIM2
SIM3
SIM4
1
21
22
SIM5
SIM1
SIM2
SIM3
SIM4
1
21
22
SIM5
SIM1
SIM2
SIM3
SIM4
1
21
22
SIM5
SIM1
SIM2
SIM3
SIM4
1
21
22
SIM5
SIM1
SIM2
SIM3
SIM4
1
21
22
SIM5
SIM1
SIM2
SIM3
SIM4
1
21
22
SIM5
SIM1
SIM2
SIM3
SIM4
1
21
22
SIM5
SIM1
SIM2
SIM3
SIM4
1
21
22
SIM5
SIM1
SIM2
SIM3
SIM4
1
21
22
SIM5
SIM1
SIM2
SIM3
SIM4
1
21
22
SIM5
SIM1
SIM2
SIM3
SIM4
1
21
22
SIM5
SIM1
SIM2
SIM3
SIM4
1
21
22
SIM5
SIM1
SIM2
SIM3
SIM4
1
21
22
SIM5
SIM1
SIM2
SIM3
SIM4
1
21
22
SIM5
SIM1
SIM2
SIM3
SIM4
1
21
22
SIM5
SIM1
SIM2
SIM3
SIM4
1
21
22
SIM5
SIM1
SIM2
SIM3
SIM4
1
21
22
SIM5
SIM1
SIM2
SIM3
SIM4
1
21
22
SIM5
SIM1
SIM2
SIM3
SIM4
1
21
22
SIM5
SIM1
SIM2
SIM3
SIM4
1
21
22
SIM5
SIM1
SIM2
SIM3
SIM4
1
21
22
SIM5
SIM1
SIM2
SIM3
SIM4
1
21
22
SIM5
SIM1
SIM2
SIM3
SIM4
1
21
22
SIM5
SIM1
SIM2
SIM3
SIM4
1
21
22
SIM5
SIM1
SIM2
SIM3
SIM4
1
21
22
SIM5
SIM1
SIM2
SIM3
SIM4
1
21
22
SIM5
SIM1
SIM2
SIM3
SIM4
1
21
22
SIM5
SIM1
SIM2
SIM3
SIM4
1
21
22
SIM5
SIM1
SIM2
SIM3
SIM4
1
21
22
SIM5
SIM1
SIM2
SIM3
SIM4
1
21
22
SIM5
SIM1
SIM2
SIM3
SIM4
1
21
22
SIM5
SIM1
SIM2
SIM3
SIM4
1
21
22
SIM5
SIM1
SIM2
SIM3
SIM4
1
21
22
SIM5
SIM1
SIM2
SIM3
SIM4
1
21
22
SIM5
SIM1
SIM2
SIM3
SIM4
1
21
22
SIM5
SIM1
SIM2
SIM3
SIM4
1
21
22
SIM5
SIM1
SIM2
SIM3
SIM4
1
21
22
SIM5
SIM1
SIM2
SIM3
SIM4
1
21
22
SIM5
SIM1
SIM2
SIM3
SIM4
1
21
22
SIM5
SIM1
SIM2
SIM3
SIM4
1
21
22
SIM5
SIM1
SIM2
SIM3
SIM4
1
21
22
SIM5
SIM1
SIM2
SIM3
SIM4
1
21
22
SIM5
SIM1
SIM2
SIM3
SIM4
1
21
22
SIM5
SIM1
SIM2
SIM3
SIM4
1
21
22
SIM5
SIM1
SIM2
SIM3
SIM4
1
21
22
SIM5
SIM1
SIM2
SIM3
SIM4
1
21
22
SIM5
SIM1
SIM2
SIM3
SIM4
1
21
22
SIM5
SIM1
SIM2
SIM3
SIM4
1
21
22
SIM5
SIM1
SIM2
SIM3
SIM4
1
21
22
SIM5
SIM1
SIM2
SIM3
SIM4
1
21
22
SIM5
SIM1
SIM2
SIM3
SIM4
1
21
22
SIM5
SIM1
SIM2
SIM3
SIM4
1
21
22
SIM5
SIM1
SIM2
SIM3
SIM4
1
21
22
SIM5
SIM1
SIM2
SIM3
SIM4
1
21
22
SIM5
SIM1
SIM2
SIM3
SIM4
1
21
22
SIM5
SIM1
SIM2
SIM3
SIM4
1
21
22
SIM5
SIM1
SIM2
SIM3
SIM4
1
21
22
SIM5
SIM1
SIM2
SIM3
SIM4
1
21
22
SIM5
SIM1
SIM2
SIM3
SIM4
1
21
22
SIM5
SIM1
SIM2
SIM3
SIM4
1
21
22
SIM5
SIM1
SIM2
SIM3
SIM4
1
21
22
SIM5
SIM1
SIM2
SIM3
SIM4
1
21
22
SIM5
SIM1
SIM2
SIM3
SIM4
1
21
22
SIM5
SIM1
SIM2
SIM3
SIM4
1
21
22
SIM5
SIM1
SIM2
SIM3
SIM4
1
21
22
SIM5
SIM1
SIM2
SIM3
SIM4
1
21
22
SIM5
SIM1
SIM2
SIM3
SIM4
1
21
22
SIM5
SIM1
SIM2
SIM3
SIM4
1
21
22
SIM5
SIM1
SIM2
SIM3
SIM4
1
21
22
SIM5
SIM1
SIM2
SIM3
SIM4
1
21
22
SIM5
SIM1
SIM2
SIM3
SIM4
1
21
22
SIM5
SIM1
SIM2
SIM3
SIM4
1
21
22
SIM5
SIM1
SIM2
SIM3
SIM4
1
21
22
SIM5
SIM1
SIM2
SIM3
SIM4
1
21
22
SIM5
SIM1
SIM2
SIM3
SIM4
1
21
22
SIM5
SIM1
SIM2
SIM3
SIM4
1
21
22
SIM5
SIM1
SIM2
SIM3
SIM4
1
21
22
SIM5
SIM1
SIM2
SIM3
SIM4
1
21
22
SIM5
SIM1
SIM2
SIM3
SIM4
1
21
22
SIM5
SIM1
SIM2
SIM3
SIM4
1
21
22
SIM5
SIM1
SIM2
SIM3
SIM4
1
21
22
SIM5
SIM1
SIM2
SIM3
SIM4
1
21
22
SIM5
SIM1
SIM2
SIM3
SIM4
1
21
22
SIM5
SIM1
SIM2
SIM3
SIM4
1
21
22
SIM5
SIM1
SIM2
SIM3
SIM4
1
21
22
SIM5
SIM1
SIM2
SIM3
SIM4
1
21
22
SIM5
SIM1
SIM2
SIM3
SIM4
1
21
22
SIM5
SIM1
SIM2
SIM3
SIM4
1
21
22
SIM5
SIM1
SIM2
SIM3
SIM4
1
21
22
SIM5
SIM1
SIM2
SIM3
SIM4
1
21
22
SIM5
SIM1
SIM2
SIM3
SIM4
1
21
22
SIM5
SIM1
SIM2
SIM3
SIM4
1
21
22
SIM5
SIM1
SIM2
SIM3
SIM4
1
21
22
SIM5
SIM1
SIM2
SIM3
SIM4
1
21
22
SIM5
SIM1
SIM2
SIM3
SIM4
1
21
22
SIM5
SIM1
SIM2
DEBUG 1 120
SIM1
SIM2
SIM3
SIM4
1
21
22
SIM5
SIM1
SIM2
SIM3
SIM4
1
21
22
SIM5
SIM1
SIM2
SIM3
SIM4
1
21
22
SIM5
SIM1
SIM2
SIM3
SIM4
1
21
22
SIM5
SIM1
SIM2
SIM3
SIM4
1
21
22
SIM5
SIM1
SIM2
SIM3
SIM4
1
21
22
SIM5
SIM1
SIM2
SIM3
SIM4
1
21
22
SIM5
SIM1
SIM2
SIM3
SIM4
1
21
22
SIM5
SIM1
SIM2
SIM3
SIM4
1
21
22
SIM5
SIM1
SIM2
SIM3
SIM4
1
21
22
SIM5
SIM1
SIM2
SIM3
SIM4
1
21
22
SIM5
SIM1
SIM2
SIM3
SIM4
1
21
22
SIM5
SIM1
SIM2
SIM3
SIM4
1
21
22
SIM5
SIM1
SIM2
SIM3
SIM4
1
21
22
SIM5
SIM1
SIM2
SIM3
SIM4
1
21
22
SIM5
SIM1
SIM2
SIM3
SIM4
1
21
22
SIM5
SIM1
SIM2
SIM3
SIM4
1
21
22
SIM5
SIM1
SIM2
SIM3
SIM4
1
21
22
SIM5
SIM1
SIM2
SIM3
SIM4
1
21
22
SIM5
SIM1
SIM2
SIM3
SIM4
1
21
22
SIM5
SIM1
SIM2
SIM3
SIM4
1
21
22
SIM5
SIM1
SIM2
SIM3
SIM4
1
21
22
SIM5
SIM1
SIM2
SIM3
SIM4
1
21
22
SIM5
SIM1
SIM2
SIM3
SIM4
1
21
22
SIM5
SIM1
SIM2
SIM3
SIM4
1
21
22
SIM5
SIM1
SIM2
SIM3
SIM4
1
21
22
SIM5
SIM1
SIM2
SIM3
SIM4
1
21
22
SIM5
SIM1
SIM2
SIM3
SIM4
1
21
22
SIM5
SIM1
SIM2
SIM3
SIM4
1
21
22
SIM5
SIM1
SIM2
SIM3
SIM4
1
21
22
SIM5
SIM1
SIM2
SIM3
SIM4
1
21
22
SIM5
SIM1
SIM2
SIM3
SIM4
1
21
22
SIM5
SIM1
SIM2
SIM3
SIM4
1
21
22
SIM5
SIM1
SIM2
SIM3
SIM4
1
21
22
SIM5
SIM1
SIM2
SIM3
SIM4
1
21
22
SIM5
SIM1
SIM2
SIM3
SIM4
1
21
22
SIM5
SIM1
SIM2
SIM3
SIM4
1
21
22
SIM5
SIM1
SIM2
SIM3
SIM4
1
21
22
SIM5
SIM1
SIM2
SIM3
SIM4
1
21
22
SIM5
SIM1
SIM2
SIM3
SIM4
1
21
22
SIM5
SIM1
SIM2
SIM3
SIM4
1
21
22
SIM5
SIM1
SIM2
SIM3
SIM4
1
21
22
SIM5
SIM1
SIM2
SIM3
SIM4
1
21
22
SIM5
SIM1
SIM2
SIM3
SIM4
1
21
22
SIM5
SIM1
SIM2
SIM3
SIM4
1
21
22
SIM5
SIM1
SIM2
SIM3
SIM4
1
21
22
SIM5
SIM1
SIM2
SIM3
SIM4
1
21
22
SIM5
SIM1
SIM2
SIM3
SIM4
1
21
22
SIM5
SIM1
SIM2
SIM3
SIM4
1
21
22
SIM5
SIM1
SIM2
SIM3
SIM4
1
21
22
SIM5
SIM1
SIM2
SIM3
SIM4
1
21
22
SIM5
SIM1
SIM2
SIM3
SIM4
1
21
22
SIM5
SIM1
SIM2
SIM3
SIM4
1
21
22
SIM5
SIM1
SIM2
SIM3
SIM4
1
21
22
SIM5
SIM1
SIM2
SIM3
SIM4
1
21
22
SIM5
SIM1
SIM2
SIM3
SIM4
1
21
22
SIM5
SIM1
SIM2
SIM3
SIM4
1
21
22
SIM5
SIM1
SIM2
SIM3
SIM4
1
21
22
SIM5
SIM1
SIM2
SIM3
SIM4
1
21
22
SIM5
SIM1
SIM2
SIM3
SIM4
1
21
22
SIM5
SIM1
SIM2
SIM3
SIM4
1
21
22
SIM5
SIM1
SIM2
SIM3
SIM4
1
21
22
SIM5
SIM1
SIM2
SIM3
SIM4
1
21
22
SIM5
SIM1
SIM2
SIM3
SIM4
1
21
22
SIM5
SIM1
SIM2
SIM3
SIM4
1
21
22
SIM5
SIM1
SIM2
SIM3
SIM4
1
21
22
SIM5
SIM1
SIM2
SIM3
SIM4
1
21
22
SIM5
SIM1
SIM2
SIM3
SIM4
1
21
22
SIM5
SIM1
SIM2
SIM3
SIM4
1
21
22
SIM5
SIM1
SIM2
SIM3
SIM4
1
21
22
SIM5
SIM1
SIM2
SIM3
SIM4
1
21
22
SIM5
SIM1
SIM2
SIM3
SIM4
1
21
22
SIM5
SIM1
SIM2
SIM3
SIM4
1
21
22
SIM5
SIM1
SIM2
SIM3
SIM4
1
21
22
SIM5
SIM1
SIM2
SIM3
SIM4
1
21
22
SIM5
SIM1
SIM2
SIM3
SIM4
1
21
22
SIM5
SIM1
SIM2
SIM3
SIM4
1
21
22
SIM5
SIM1
SIM2
SIM3
SIM4
1
21
22
SIM5
SIM1
SIM2
SIM3
SIM4
1
21
22
SIM5
SIM1
SIM2
SIM3
SIM4
1
21
22
SIM5
SIM1
SIM2
SIM3
SIM4
1
21
22
SIM5
SIM1
SIM2
SIM3
SIM4
1
21
22
SIM5
SIM1
SIM2
SIM3
SIM4
1
21
22
SIM5
SIM1
SIM2
SIM3
SIM4
1
21
22
SIM5
SIM1
SIM2
SIM3
SIM4
1
21
22
SIM5
SIM1
SIM2
SIM3
SIM4
1
21
22
SIM5
SIM1
SIM2
SIM3
SIM4
1
21
22
SIM5
SIM1
SIM2
SIM3
SIM4
1
21
22
SIM5
SIM1
SIM2
SIM3
SIM4
1
21
22
SIM5
SIM1
SIM2
SIM3
SIM4
1
21
22
SIM5
SIM1
SIM2
SIM3
SIM4
1
21
22
SIM5
SIM1
SIM2
SIM3
SIM4
1
21
22
SIM5
SIM1
SIM2
SIM3
SIM4
1
21
22
SIM5
SIM1
SIM2
SIM3
SIM4
1
21
22
SIM5
SIM1
SIM2
SIM3
SIM4
1
21
22
SIM5
SIM1
SIM2
SIM3
SIM4
1
21
22
SIM5
SIM1
SIM2
SIM3
SIM4
1
21
22
SIM5
SIM1
SIM2
SIM3
SIM4
1
21
22
SIM5
SIM1
SIM2
SIM3
SIM4
1
21
22
SIM5
SIM1
SIM2
SIM3
SIM4
1
21
22
SIM5
SIM1
SIM2
SIM3
SIM4
1
21
22
SIM5
SIM1
SIM2
SIM3
SIM4
1
21
22
SIM5
SIM1
SIM2
SIM3
SIM4
1
21
22
SIM5
SIM1
SIM2
SIM3
SIM4
1
21
22
SIM5
SIM1
SIM2
SIM3
SIM4
1
21
22
SIM5
SIM1
SIM2
SIM3
SIM4
1
21
22
SIM5
SIM1
SIM2
SIM3
SIM4
1
21
22
SIM5
SIM1
SIM2
SIM3
SIM4
1
21
22
SIM5
SIM1
SIM2
SIM3
SIM4
1
21
22
SIM5
SIM1
SIM2
SIM3
SIM4
1
21
22
SIM5
SIM1
SIM2
SIM3
SIM4
1
21
22
SIM5
SIM1
SIM2
SIM3
SIM4
1
21
22
SIM5
SIM1
SIM2
SIM3
SIM4
1
21
22
SIM5
SIM1
SIM2
SIM3
SIM4
1
21
22
SIM5
SIM1
SIM2
SIM3
SIM4
1
21
22
SIM5
SIM1
SIM2
SIM3
SIM4
1
21
22
SIM5
SIM1
SIM2
SIM3
SIM4
1
21
22
SIM5
SIM1
SIM2
SIM3
SIM4
1
21
22
SIM5
SIM1
SIM2
SIM3
SIM4
1
21
22
SIM5
SIM1
SIM2
SIM3
SIM4
1
21
22
SIM5
SIM1
SIM2
SIM3
SIM4
1
21
22
SIM5
SIM1
SIM2
SIM3
SIM4
1
21
22
SIM5
SIM1
SIM2
SIM3
SIM4
1
21
22
SIM5
SIM1
SIM2
SIM3
SIM4
1
21
22
SIM5
SIM1
SIM2
SIM3
SIM4
1
21
22
SIM5
SIM1
SIM2
SIM3
SIM4
1
21
22
SIM5
SIM1
SIM2
SIM3
SIM4
1
21
22
SIM5
SIM1
SIM2
SIM3
SIM4
1
21
22
SIM5
SIM1
SIM2
SIM3
SIM4
1
21
22
SIM5
SIM1
SIM2
SIM3
SIM4
1
21
22
SIM5
SIM1
SIM2
SIM3
SIM4
1
21
22
SIM5
SIM1
SIM2
SIM3
SIM4
1
21
22
SIM5
SIM1
SIM2
SIM3
SIM4
1
21
22
SIM5
SIM1
SIM2
SIM3
SIM4
1
21
22
SIM5
SIM1
SIM2
SIM3
SIM4
1
21
22
SIM5
SIM1
SIM2
SIM3
SIM4
1
21
22
SIM5
SIM1
SIM2
SIM3
SIM4
1
21
22
SIM5
SIM1
SIM2
SIM3
SIM4
1
21
22
SIM5
SIM1
SIM2
SIM3
SIM4
1
21
22
SIM5
SIM1
SIM2
SIM3
SIM4
1
21
22
SIM5
SIM1
SIM2
SIM3
SIM4
1
21
22
SIM5
SIM1
SIM2
SIM3
SIM4
1
21
22
SIM5
SIM1
SIM2
SIM3
SIM4
1
21
22
SIM5
SIM1
SIM2
SIM3
SIM4
1
21
22
SIM5
SIM1
SIM2
SIM3
SIM4
1
21
22
SIM5
SIM1
SIM2
SIM3
SIM4
1
21
22
SIM5
SIM1
SIM2
SIM3
SIM4
1
21
22
SIM5
SIM1
SIM2
SIM3
SIM4
1
21
22
SIM5
SIM1
SIM2
SIM3
SIM4
1
21
22
SIM5
SIM1
SIM2
SIM3
SIM4
1
21
22
SIM5
SIM1
SIM2
SIM3
SIM4
1
21
22
SIM5
SIM1
SIM2
SIM3
SIM4
1
21
22
SIM5
SIM1
SIM2
SIM3
SIM4
1
21
22
SIM5
SIM1
SIM2
SIM3
SIM4
1
21
22
SIM5
SIM1
SIM2
SIM3
SIM4
1
21
22
SIM5
SIM1
SIM2
SIM3
SIM4
1
21
22
SIM5
SIM1
SIM2
SIM3
SIM4
1
21
22
SIM5
SIM1
SIM2
SIM3
SIM4
1
21
22
SIM5
SIM1
SIM2
SIM3
SIM4
1
21
22
SIM5
SIM1
SIM2
SIM3
SIM4
1
21
22
SIM5
SIM1
SIM2
SIM3
SIM4
1
21
22
SIM5
SIM1
SIM2
SIM3
SIM4
1
21
22
SIM5
SIM1
SIM2
SIM3
SIM4
1
21
22
SIM5
SIM1
SIM2
SIM3
SIM4
1
21
22
SIM5
SIM1
SIM2
SIM3
SIM4
1
21
22
SIM5
SIM1
SIM2
SIM3
SIM4
1
21
22
SIM5
SIM1
SIM2
SIM3
SIM4
1
21
22
SIM5
SIM1
SIM2
SIM3
SIM4
1
21
22
SIM5
SIM1
SIM2
SIM3
SIM4
1
21
22
SIM5
SIM1
SIM2
SIM3
SIM4
1
21
22
SIM5
SIM1
SIM2
SIM3
SIM4
1
21
22
SIM5
SIM1
SIM2
SIM3
SIM4
1
21
22
SIM5
SIM1
SIM2
SIM3
SIM4
1
21
22
SIM5
SIM1
SIM2
SIM3
SIM4
1
21
22
SIM5
SIM1
SIM2
SIM3
SIM4
1
21
22
SIM5
SIM1
SIM2
SIM3
SIM4
1
21
22
SIM5
SIM1
SIM2
SIM3
SIM4
1
21
22
SIM5
SIM1
SIM2
SIM3
SIM4
1
21
22
SIM5
SIM1
SIM2
SIM3
SIM4
1
21
22
SIM5
SIM1
SIM2
SIM3
SIM4
1
21
22
SIM5
SIM1
SIM2
SIM3
SIM4
1
21
22
SIM5
SIM1
SIM2
DEBUG 1 121
SIM1
SIM2
SIM3
SIM4
1
21
22
SIM5
SIM1
SIM2
SIM3
SIM4
1
21
22
SIM5
SIM1
SIM2
SIM3
SIM4
1
21
22
SIM5
SIM1
SIM2
SIM3
SIM4
1
21
22
SIM5
SIM1
SIM2
SIM3
SIM4
1
21
22
SIM5
SIM1
SIM2
SIM3
SIM4
1
21
22
SIM5
SIM1
SIM2
SIM3
SIM4
1
21
22
SIM5
SIM1
SIM2
SIM3
SIM4
1
21
22
SIM5
SIM1
SIM2
SIM3
SIM4
1
21
22
SIM5
SIM1
SIM2
SIM3
SIM4
1
21
22
SIM5
SIM1
SIM2
SIM3
SIM4
1
21
22
SIM5
SIM1
SIM2
SIM3
SIM4
1
21
22
SIM5
SIM1
SIM2
SIM3
SIM4
1
21
22
SIM5
SIM1
SIM2
SIM3
SIM4
1
21
22
SIM5
SIM1
SIM2
SIM3
SIM4
1
21
22
SIM5
SIM1
SIM2
SIM3
SIM4
1
21
22
SIM5
SIM1
SIM2
SIM3
SIM4
1
21
22
SIM5
SIM1
SIM2
SIM3
SIM4
1
21
22
SIM5
SIM1
SIM2
SIM3
SIM4
1
21
22
SIM5
SIM1
SIM2
SIM3
SIM4
1
21
22
SIM5
SIM1
SIM2
SIM3
SIM4
1
21
22
SIM5
SIM1
SIM2
SIM3
SIM4
1
21
22
SIM5
SIM1
SIM2
SIM3
SIM4
1
21
22
SIM5
SIM1
SIM2
SIM3
SIM4
1
21
22
SIM5
SIM1
SIM2
SIM3
SIM4
1
21
22
SIM5
SIM1
SIM2
SIM3
SIM4
1
21
22
SIM5
SIM1
SIM2
SIM3
SIM4
1
21
22
SIM5
SIM1
SIM2
SIM3
SIM4
1
21
22
SIM5
SIM1
SIM2
SIM3
SIM4
1
21
22
SIM5
SIM1
SIM2
SIM3
SIM4
1
21
22
SIM5
SIM1
SIM2
SIM3
SIM4
1
21
22
SIM5
SIM1
SIM2
SIM3
SIM4
1
21
22
SIM5
SIM1
SIM2
SIM3
SIM4
1
21
22
SIM5
SIM1
SIM2
SIM3
SIM4
1
21
22
SIM5
SIM1
SIM2
SIM3
SIM4
1
21
22
SIM5
SIM1
SIM2
SIM3
SIM4
1
21
22
SIM5
SIM1
SIM2
SIM3
SIM4
1
21
22
SIM5
SIM1
SIM2
SIM3
SIM4
1
21
22
SIM5
SIM1
SIM2
SIM3
SIM4
1
21
22
SIM5
SIM1
SIM2
SIM3
SIM4
1
21
22
SIM5
SIM1
SIM2
SIM3
SIM4
1
21
22
SIM5
SIM1
SIM2
SIM3
SIM4
1
21
22
SIM5
SIM1
SIM2
SIM3
SIM4
1
21
22
SIM5
SIM1
SIM2
SIM3
SIM4
1
21
22
SIM5
SIM1
SIM2
SIM3
SIM4
1
21
22
SIM5
SIM1
SIM2
SIM3
SIM4
1
21
22
SIM5
SIM1
SIM2
SIM3
SIM4
1
21
22
SIM5
SIM1
SIM2
SIM3
SIM4
1
21
22
SIM5
SIM1
SIM2
SIM3
SIM4
1
21
22
SIM5
SIM1
SIM2
SIM3
SIM4
1
21
22
SIM5
SIM1
SIM2
SIM3
SIM4
1
21
22
SIM5
SIM1
SIM2
SIM3
SIM4
1
21
22
SIM5
SIM1
SIM2
SIM3
SIM4
1
21
22
SIM5
SIM1
SIM2
SIM3
SIM4
1
21
22
SIM5
SIM1
SIM2
SIM3
SIM4
1
21
22
SIM5
SIM1
SIM2
SIM3
SIM4
1
21
22
SIM5
SIM1
SIM2
SIM3
SIM4
1
21
22
SIM5
SIM1
SIM2
SIM3
SIM4
1
21
22
SIM5
SIM1
SIM2
SIM3
SIM4
1
21
22
SIM5
SIM1
SIM2
SIM3
SIM4
1
21
22
SIM5
SIM1
SIM2
SIM3
SIM4
1
21
22
SIM5
SIM1
SIM2
SIM3
SIM4
1
21
22
SIM5
SIM1
SIM2
SIM3
SIM4
1
21
22
SIM5
SIM1
SIM2
SIM3
SIM4
1
21
22
SIM5
SIM1
SIM2
SIM3
SIM4
1
21
22
SIM5
SIM1
SIM2
SIM3
SIM4
1
21
22
SIM5
SIM1
SIM2
SIM3
SIM4
1
21
22
SIM5
SIM1
SIM2
SIM3
SIM4
1
21
22
SIM5
SIM1
SIM2
SIM3
SIM4
1
21
22
SIM5
SIM1
SIM2
SIM3
SIM4
1
21
22
SIM5
SIM1
SIM2
SIM3
SIM4
1
21
22
SIM5
SIM1
SIM2
SIM3
SIM4
1
21
22
SIM5
SIM1
SIM2
SIM3
SIM4
1
21
22
SIM5
SIM1
SIM2
SIM3
SIM4
1
21
22
SIM5
SIM1
SIM2
SIM3
SIM4
1
21
22
SIM5
SIM1
SIM2
SIM3
SIM4
1
21
22
SIM5
SIM1
SIM2
SIM3
SIM4
1
21
22
SIM5
SIM1
SIM2
SIM3
SIM4
1
21
22
SIM5
SIM1
SIM2
SIM3
SIM4
1
21
22
SIM5
SIM1
SIM2
SIM3
SIM4
1
21
22
SIM5
SIM1
SIM2
SIM3
SIM4
1
21
22
SIM5
SIM1
SIM2
SIM3
SIM4
1
21
22
SIM5
SIM1
SIM2
SIM3
SIM4
1
21
22
SIM5
SIM1
SIM2
SIM3
SIM4
1
21
22
SIM5
SIM1
SIM2
SIM3
SIM4
1
21
22
SIM5
SIM1
SIM2
SIM3
SIM4
1
21
22
SIM5
SIM1
SIM2
SIM3
SIM4
1
21
22
SIM5
SIM1
SIM2
SIM3
SIM4
1
21
22
SIM5
SIM1
SIM2
SIM3
SIM4
1
21
22
SIM5
SIM1
SIM2
SIM3
SIM4
1
21
22
SIM5
SIM1
SIM2
SIM3
SIM4
1
21
22
SIM5
SIM1
SIM2
SIM3
SIM4
1
21
22
SIM5
SIM1
SIM2
SIM3
SIM4
1
21
22
SIM5
SIM1
SIM2
SIM3
SIM4
1
21
22
SIM5
SIM1
SIM2
SIM3
SIM4
1
21
22
SIM5
SIM1
SIM2
SIM3
SIM4
1
21
22
SIM5
SIM1
SIM2
SIM3
SIM4
1
21
22
SIM5
SIM1
SIM2
SIM3
SIM4
1
21
22
SIM5
SIM1
SIM2
SIM3
SIM4
1
21
22
SIM5
SIM1
SIM2
SIM3
SIM4
1
21
22
SIM5
SIM1
SIM2
SIM3
SIM4
1
21
22
SIM5
SIM1
SIM2
SIM3
SIM4
1
21
22
SIM5
SIM1
SIM2
SIM3
SIM4
1
21
22
SIM5
SIM1
SIM2
SIM3
SIM4
1
21
22
SIM5
SIM1
SIM2
SIM3
SIM4
1
21
22
SIM5
SIM1
SIM2
SIM3
SIM4
1
21
22
SIM5
SIM1
SIM2
SIM3
SIM4
1
21
22
SIM5
SIM1
SIM2
SIM3
SIM4
1
21
22
SIM5
SIM1
SIM2
SIM3
SIM4
1
21
22
SIM5
SIM1
SIM2
SIM3
SIM4
1
21
22
SIM5
SIM1
SIM2
SIM3
SIM4
1
21
22
SIM5
SIM1
SIM2
SIM3
SIM4
1
21
22
SIM5
SIM1
SIM2
SIM3
SIM4
1
21
22
SIM5
SIM1
SIM2
SIM3
SIM4
1
21
22
SIM5
SIM1
SIM2
SIM3
SIM4
1
21
22
SIM5
SIM1
SIM2
SIM3
SIM4
1
21
22
SIM5
SIM1
SIM2
SIM3
SIM4
1
21
22
SIM5
SIM1
SIM2
SIM3
SIM4
1
21
22
SIM5
SIM1
SIM2
SIM3
SIM4
1
21
22
SIM5
SIM1
SIM2
SIM3
SIM4
1
21
22
SIM5
SIM1
SIM2
SIM3
SIM4
1
21
22
SIM5
SIM1
SIM2
SIM3
SIM4
1
21
22
SIM5
SIM1
SIM2
SIM3
SIM4
1
21
22
SIM5
SIM1
SIM2
SIM3
SIM4
1
21
22
SIM5
SIM1
SIM2
SIM3
SIM4
1
21
22
SIM5
SIM1
SIM2
SIM3
SIM4
1
21
22
SIM5
SIM1
SIM2
SIM3
SIM4
1
21
22
SIM5
SIM1
SIM2
SIM3
SIM4
1
21
22
SIM5
SIM1
SIM2
SIM3
SIM4
1
21
22
SIM5
SIM1
SIM2
SIM3
SIM4
1
21
22
SIM5
SIM1
SIM2
SIM3
SIM4
1
21
22
SIM5
SIM1
SIM2
SIM3
SIM4
1
21
22
SIM5
SIM1
SIM2
SIM3
SIM4
1
21
22
SIM5
SIM1
SIM2
SIM3
SIM4
1
21
22
SIM5
SIM1
SIM2
SIM3
SIM4
1
21
22
SIM5
SIM1
SIM2
SIM3
SIM4
1
21
22
SIM5
SIM1
SIM2
SIM3
SIM4
1
21
22
SIM5
SIM1
SIM2
SIM3
SIM4
1
21
22
SIM5
SIM1
SIM2
SIM3
SIM4
1
21
22
SIM5
SIM1
SIM2
SIM3
SIM4
1
21
22
SIM5
SIM1
SIM2
SIM3
SIM4
1
21
22
SIM5
SIM1
SIM2
SIM3
SIM4
1
21
22
SIM5
SIM1
SIM2
SIM3
SIM4
1
21
22
SIM5
SIM1
SIM2
SIM3
SIM4
1
21
22
SIM5
SIM1
SIM2
SIM3
SIM4
1
21
22
SIM5
SIM1
SIM2
SIM3
SIM4
1
21
22
SIM5
SIM1
SIM2
SIM3
SIM4
1
21
22
SIM5
SIM1
SIM2
SIM3
SIM4
1
21
22
SIM5
SIM1
SIM2
SIM3
SIM4
1
21
22
SIM5
SIM1
SIM2
DEBUG 1 122
SIM1
SIM2
SIM3
SIM4
1
21
22
SIM5
SIM1
SIM2
SIM3
SIM4
1
21
22
SIM5
SIM1
SIM2
SIM3
SIM4
1
21
22
SIM5
SIM1
SIM2
SIM3
SIM4
1
21
22
SIM5
SIM1
SIM2
SIM3
SIM4
1
21
22
SIM5
SIM1
SIM2
SIM3
SIM4
1
21
22
SIM5
SIM1
SIM2
SIM3
SIM4
1
21
22
SIM5
SIM1
SIM2
SIM3
SIM4
1
21
22
SIM5
SIM1
SIM2
SIM3
SIM4
1
21
22
SIM5
SIM1
SIM2
SIM3
SIM4
1
21
22
SIM5
SIM1
SIM2
SIM3
SIM4
1
21
22
SIM5
SIM1
SIM2
SIM3
SIM4
1
21
22
SIM5
SIM1
SIM2
SIM3
SIM4
1
21
22
SIM5
SIM1
SIM2
SIM3
SIM4
1
21
22
SIM5
SIM1
SIM2
SIM3
SIM4
1
21
22
SIM5
SIM1
SIM2
SIM3
SIM4
1
21
22
SIM5
SIM1
SIM2
SIM3
SIM4
1
21
22
SIM5
SIM1
SIM2
SIM3
SIM4
1
21
22
SIM5
SIM1
SIM2
SIM3
SIM4
1
21
22
SIM5
SIM1
SIM2
SIM3
SIM4
1
21
22
SIM5
SIM1
SIM2
SIM3
SIM4
1
21
22
SIM5
SIM1
SIM2
SIM3
SIM4
1
21
22
SIM5
SIM1
SIM2
SIM3
SIM4
1
21
22
SIM5
SIM1
SIM2
SIM3
SIM4
1
21
22
SIM5
SIM1
SIM2
SIM3
SIM4
1
21
22
SIM5
SIM1
SIM2
SIM3
SIM4
1
21
22
SIM5
SIM1
SIM2
SIM3
SIM4
1
21
22
SIM5
SIM1
SIM2
SIM3
SIM4
1
21
22
SIM5
SIM1
SIM2
SIM3
SIM4
1
21
22
SIM5
SIM1
SIM2
SIM3
SIM4
1
21
22
SIM5
SIM1
SIM2
SIM3
SIM4
1
21
22
SIM5
SIM1
SIM2
SIM3
SIM4
1
21
22
SIM5
SIM1
SIM2
SIM3
SIM4
1
21
22
SIM5
SIM1
SIM2
SIM3
SIM4
1
21
22
SIM5
SIM1
SIM2
SIM3
SIM4
1
21
22
SIM5
SIM1
SIM2
SIM3
SIM4
1
21
22
SIM5
SIM1
SIM2
SIM3
SIM4
1
21
22
SIM5
SIM1
SIM2
SIM3
SIM4
1
21
22
SIM5
SIM1
SIM2
SIM3
SIM4
1
21
22
SIM5
SIM1
SIM2
SIM3
SIM4
1
21
22
SIM5
SIM1
SIM2
SIM3
SIM4
1
21
22
SIM5
SIM1
SIM2
SIM3
SIM4
1
21
22
SIM5
SIM1
SIM2
SIM3
SIM4
1
21
22
SIM5
SIM1
SIM2
SIM3
SIM4
1
21
22
SIM5
SIM1
SIM2
SIM3
SIM4
1
21
22
SIM5
SIM1
SIM2
SIM3
SIM4
1
21
22
SIM5
SIM1
SIM2
SIM3
SIM4
1
21
22
SIM5
SIM1
SIM2
SIM3
SIM4
1
21
22
SIM5
SIM1
SIM2
SIM3
SIM4
1
21
22
SIM5
SIM1
SIM2
SIM3
SIM4
1
21
22
SIM5
SIM1
SIM2
SIM3
SIM4
1
21
22
SIM5
SIM1
SIM2
SIM3
SIM4
1
21
22
SIM5
SIM1
SIM2
SIM3
SIM4
1
21
22
SIM5
SIM1
SIM2
SIM3
SIM4
1
21
22
SIM5
SIM1
SIM2
SIM3
SIM4
1
21
22
SIM5
SIM1
SIM2
SIM3
SIM4
1
21
22
SIM5
SIM1
SIM2
SIM3
SIM4
1
21
22
SIM5
SIM1
SIM2
SIM3
SIM4
1
21
22
SIM5
SIM1
SIM2
SIM3
SIM4
1
21
22
SIM5
SIM1
SIM2
SIM3
SIM4
1
21
22
SIM5
SIM1
SIM2
SIM3
SIM4
1
21
22
SIM5
SIM1
SIM2
SIM3
SIM4
1
21
22
SIM5
SIM1
SIM2
SIM3
SIM4
1
21
22
SIM5
SIM1
SIM2
SIM3
SIM4
1
21
22
SIM5
SIM1
SIM2
SIM3
SIM4
1
21
22
SIM5
SIM1
SIM2
SIM3
SIM4
1
21
22
SIM5
SIM1
SIM2
SIM3
SIM4
1
21
22
SIM5
SIM1
SIM2
SIM3
SIM4
1
21
22
SIM5
SIM1
SIM2
SIM3
SIM4
1
21
22
SIM5
SIM1
SIM2
SIM3
SIM4
1
21
22
SIM5
SIM1
SIM2
SIM3
SIM4
1
21
22
SIM5
SIM1
SIM2
SIM3
SIM4
1
21
22
SIM5
SIM1
SIM2
SIM3
SIM4
1
21
22
SIM5
SIM1
SIM2
SIM3
SIM4
1
21
22
SIM5
SIM1
SIM2
SIM3
SIM4
1
21
22
SIM5
SIM1
SIM2
SIM3
SIM4
1
21
22
SIM5
SIM1
SIM2
SIM3
SIM4
1
21
22
SIM5
SIM1
SIM2
SIM3
SIM4
1
21
22
SIM5
SIM1
SIM2
SIM3
SIM4
1
21
22
SIM5
SIM1
SIM2
SIM3
SIM4
1
21
22
SIM5
SIM1
SIM2
SIM3
SIM4
1
21
22
SIM5
SIM1
SIM2
SIM3
SIM4
1
21
22
SIM5
SIM1
SIM2
SIM3
SIM4
1
21
22
SIM5
SIM1
SIM2
SIM3
SIM4
1
21
22
SIM5
SIM1
SIM2
SIM3
SIM4
1
21
22
SIM5
SIM1
SIM2
SIM3
SIM4
1
21
22
SIM5
SIM1
SIM2
SIM3
SIM4
1
21
22
SIM5
SIM1
SIM2
SIM3
SIM4
1
21
22
SIM5
SIM1
SIM2
SIM3
SIM4
1
21
22
SIM5
SIM1
SIM2
SIM3
SIM4
1
21
22
SIM5
SIM1
SIM2
SIM3
SIM4
1
21
22
SIM5
SIM1
SIM2
SIM3
SIM4
1
21
22
SIM5
SIM1
SIM2
SIM3
SIM4
1
21
22
SIM5
SIM1
SIM2
SIM3
SIM4
1
21
22
SIM5
SIM1
SIM2
SIM3
SIM4
1
21
22
SIM5
SIM1
SIM2
SIM3
SIM4
1
21
22
SIM5
SIM1
SIM2
SIM3
SIM4
1
21
22
SIM5
SIM1
SIM2
SIM3
SIM4
1
21
22
SIM5
SIM1
SIM2
SIM3
SIM4
1
21
22
SIM5
SIM1
SIM2
SIM3
SIM4
1
21
22
SIM5
SIM1
SIM2
SIM3
SIM4
1
21
22
SIM5
SIM1
SIM2
SIM3
SIM4
1
21
22
SIM5
SIM1
SIM2
SIM3
SIM4
1
21
22
SIM5
SIM1
SIM2
SIM3
SIM4
1
21
22
SIM5
SIM1
SIM2
SIM3
SIM4
1
21
22
SIM5
SIM1
SIM2
SIM3
SIM4
1
21
22
SIM5
SIM1
SIM2
SIM3
SIM4
1
21
22
SIM5
SIM1
SIM2
SIM3
SIM4
1
21
22
SIM5
SIM1
SIM2
SIM3
SIM4
1
21
22
SIM5
SIM1
SIM2
SIM3
SIM4
1
21
22
SIM5
SIM1
SIM2
SIM3
SIM4
1
21
22
SIM5
SIM1
SIM2
SIM3
SIM4
1
21
22
SIM5
SIM1
SIM2
SIM3
SIM4
1
21
22
SIM5
SIM1
SIM2
SIM3
SIM4
1
21
22
SIM5
SIM1
SIM2
SIM3
SIM4
1
21
22
SIM5
SIM1
SIM2
SIM3
SIM4
1
21
22
SIM5
SIM1
SIM2
SIM3
SIM4
1
21
22
SIM5
SIM1
SIM2
SIM3
SIM4
1
21
22
SIM5
SIM1
SIM2
SIM3
SIM4
1
21
22
SIM5
SIM1
SIM2
SIM3
SIM4
1
21
22
SIM5
SIM1
SIM2
SIM3
SIM4
1
21
22
SIM5
SIM1
SIM2
SIM3
SIM4
1
21
22
SIM5
SIM1
SIM2
SIM3
SIM4
1
21
22
SIM5
SIM1
SIM2
SIM3
SIM4
1
21
22
SIM5
SIM1
SIM2
SIM3
SIM4
1
21
22
SIM5
SIM1
SIM2
SIM3
SIM4
1
21
22
SIM5
SIM1
SIM2
SIM3
SIM4
1
21
22
SIM5
SIM1
SIM2
SIM3
SIM4
1
21
22
SIM5
SIM1
SIM2
SIM3
SIM4
1
21
22
SIM5
SIM1
SIM2
SIM3
SIM4
1
21
22
SIM5
SIM1
SIM2
SIM3
SIM4
1
21
22
SIM5
SIM1
SIM2
SIM3
SIM4
1
21
22
SIM5
SIM1
SIM2
SIM3
SIM4
1
21
22
SIM5
SIM1
SIM2
SIM3
SIM4
1
21
22
SIM5
SIM1
SIM2
SIM3
SIM4
1
21
22
SIM5
SIM1
SIM2
SIM3
SIM4
1
21
22
SIM5
SIM1
SIM2
SIM3
SIM4
1
21
22
SIM5
SIM1
SIM2
SIM3
SIM4
1
21
22
SIM5
SIM1
SIM2
SIM3
SIM4
1
21
22
SIM5
SIM1
SIM2
SIM3
SIM4
1
21
22
SIM5
SIM1
SIM2
SIM3
SIM4
1
21
22
SIM5
SIM1
SIM2
SIM3
SIM4
1
21
22
SIM5
SIM1
SIM2
SIM3
SIM4
1
21
22
SIM5
SIM1
SIM2
SIM3
SIM4
1
21
22
SIM5
SIM1
SIM2
SIM3
SIM4
1
21
22
SIM5
SIM1
SIM2
SIM3
SIM4
1
21
22
SIM5
SIM1
SIM2
SIM3
SIM4
1
21
22
SIM5
SIM1
SIM2
SIM3
SIM4
1
21
22
SIM5
SIM1
SIM2
SIM3
SIM4
1
21
22
SIM5
SIM1
SIM2
SIM3
SIM4
1
21
22
SIM5
SIM1
SIM2
SIM3
SIM4
1
21
22
SIM5
SIM1
SIM2
SIM3
SIM4
1
21
22
SIM5
SIM1
SIM2
SIM3
SIM4
1
21
22
SIM5
SIM1
SIM2
SIM3
SIM4
1
21
22
SIM5
SIM1
SIM2
SIM3
SIM4
1
21
22
SIM5
SIM1
SIM2
SIM3
SIM4
1
21
22
SIM5
SIM1
SIM2
SIM3
SIM4
1
21
22
SIM5
SIM1
SIM2
SIM3
SIM4
1
21
22
SIM5
SIM1
SIM2
SIM3
SIM4
1
21
22
SIM5
SIM1
SIM2
SIM3
SIM4
1
21
22
SIM5
SIM1
SIM2
SIM3
SIM4
1
21
22
SIM5
SIM1
SIM2
SIM3
SIM4
1
21
22
SIM5
SIM1
SIM2
SIM3
SIM4
1
21
22
SIM5
SIM1
SIM2
SIM3
SIM4
1
21
22
SIM5
SIM1
SIM2
SIM3
SIM4
1
21
22
SIM5
SIM1
SIM2
SIM3
SIM4
1
21
22
SIM5
SIM1
SIM2
SIM3
SIM4
1
21
22
SIM5
SIM1
SIM2
SIM3
SIM4
1
21
22
SIM5
SIM1
SIM2
SIM3
SIM4
1
21
22
SIM5
SIM1
SIM2
SIM3
SIM4
1
21
22
SIM5
SIM1
SIM2
SIM3
SIM4
1
21
22
SIM5
SIM1
SIM2
SIM3
SIM4
1
21
22
SIM5
SIM1
SIM2
SIM3
SIM4
1
21
22
SIM5
SIM1
SIM2
SIM3
SIM4
1
21
22
SIM5
SIM1
SIM2
SIM3
SIM4
1
21
22
SIM5
SIM1
SIM2
SIM3
SIM4
1
21
22
SIM5
SIM1
SIM2
SIM3
SIM4
1
21
22
SIM5
SIM1
SIM2
DEBUG 1 123
SIM1
SIM2
SIM3
SIM4
1
21
22
SIM5
SIM1
SIM2
SIM3
SIM4
1
21
22
SIM5
SIM1
SIM2
SIM3
SIM4
1
21
22
SIM5
SIM1
SIM2
SIM3
SIM4
1
21
22
SIM5
SIM1
SIM2
SIM3
SIM4
1
21
22
SIM5
SIM1
SIM2
SIM3
SIM4
1
21
22
SIM5
SIM1
SIM2
SIM3
SIM4
1
21
22
SIM5
SIM1
SIM2
SIM3
SIM4
1
21
22
SIM5
SIM1
SIM2
SIM3
SIM4
1
21
22
SIM5
SIM1
SIM2
SIM3
SIM4
1
21
22
SIM5
SIM1
SIM2
SIM3
SIM4
1
21
22
SIM5
SIM1
SIM2
SIM3
SIM4
1
21
22
SIM5
SIM1
SIM2
SIM3
SIM4
1
21
22
SIM5
SIM1
SIM2
SIM3
SIM4
1
21
22
SIM5
SIM1
SIM2
SIM3
SIM4
1
21
22
SIM5
SIM1
SIM2
SIM3
SIM4
1
21
22
SIM5
SIM1
SIM2
SIM3
SIM4
1
21
22
SIM5
SIM1
SIM2
SIM3
SIM4
1
21
22
SIM5
SIM1
SIM2
SIM3
SIM4
1
21
22
SIM5
SIM1
SIM2
SIM3
SIM4
1
21
22
SIM5
SIM1
SIM2
SIM3
SIM4
1
21
22
SIM5
SIM1
SIM2
SIM3
SIM4
1
21
22
SIM5
SIM1
SIM2
SIM3
SIM4
1
21
22
SIM5
SIM1
SIM2
SIM3
SIM4
1
21
22
SIM5
SIM1
SIM2
SIM3
SIM4
1
21
22
SIM5
SIM1
SIM2
SIM3
SIM4
1
21
22
SIM5
SIM1
SIM2
SIM3
SIM4
1
21
22
SIM5
SIM1
SIM2
SIM3
SIM4
1
21
22
SIM5
SIM1
SIM2
SIM3
SIM4
1
21
22
SIM5
SIM1
SIM2
SIM3
SIM4
1
21
22
SIM5
SIM1
SIM2
SIM3
SIM4
1
21
22
SIM5
SIM1
SIM2
SIM3
SIM4
1
21
22
SIM5
SIM1
SIM2
SIM3
SIM4
1
21
22
SIM5
SIM1
SIM2
SIM3
SIM4
1
21
22
SIM5
SIM1
SIM2
SIM3
SIM4
1
21
22
SIM5
SIM1
SIM2
SIM3
SIM4
1
21
22
SIM5
SIM1
SIM2
SIM3
SIM4
1
21
22
SIM5
SIM1
SIM2
SIM3
SIM4
1
21
22
SIM5
SIM1
SIM2
SIM3
SIM4
1
21
22
SIM5
SIM1
SIM2
SIM3
SIM4
1
21
22
SIM5
SIM1
SIM2
SIM3
SIM4
1
21
22
SIM5
SIM1
SIM2
SIM3
SIM4
1
21
22
SIM5
SIM1
SIM2
SIM3
SIM4
1
21
22
SIM5
SIM1
SIM2
SIM3
SIM4
1
21
22
SIM5
SIM1
SIM2
SIM3
SIM4
1
21
22
SIM5
SIM1
SIM2
SIM3
SIM4
1
21
22
SIM5
SIM1
SIM2
SIM3
SIM4
1
21
22
SIM5
SIM1
SIM2
SIM3
SIM4
1
21
22
SIM5
SIM1
SIM2
SIM3
SIM4
1
21
22
SIM5
SIM1
SIM2
SIM3
SIM4
1
21
22
SIM5
SIM1
SIM2
SIM3
SIM4
1
21
22
SIM5
SIM1
SIM2
SIM3
SIM4
1
21
22
SIM5
SIM1
SIM2
SIM3
SIM4
1
21
22
SIM5
SIM1
SIM2
SIM3
SIM4
1
21
22
SIM5
SIM1
SIM2
SIM3
SIM4
1
21
22
SIM5
SIM1
SIM2
SIM3
SIM4
1
21
22
SIM5
SIM1
SIM2
SIM3
SIM4
1
21
22
SIM5
SIM1
SIM2
SIM3
SIM4
1
21
22
SIM5
SIM1
SIM2
SIM3
SIM4
1
21
22
SIM5
SIM1
SIM2
SIM3
SIM4
1
21
22
SIM5
SIM1
SIM2
SIM3
SIM4
1
21
22
SIM5
SIM1
SIM2
SIM3
SIM4
1
21
22
SIM5
SIM1
SIM2
SIM3
SIM4
1
21
22
SIM5
SIM1
SIM2
SIM3
SIM4
1
21
22
SIM5
SIM1
SIM2
SIM3
SIM4
1
21
22
SIM5
SIM1
SIM2
SIM3
SIM4
1
21
22
SIM5
SIM1
SIM2
SIM3
SIM4
1
21
22
SIM5
SIM1
SIM2
SIM3
SIM4
1
21
22
SIM5
SIM1
SIM2
SIM3
SIM4
1
21
22
SIM5
SIM1
SIM2
SIM3
SIM4
1
21
22
SIM5
SIM1
SIM2
SIM3
SIM4
1
21
22
SIM5
SIM1
SIM2
SIM3
SIM4
1
21
22
SIM5
SIM1
SIM2
SIM3
SIM4
1
21
22
SIM5
SIM1
SIM2
SIM3
SIM4
1
21
22
SIM5
SIM1
SIM2
SIM3
SIM4
1
21
22
SIM5
SIM1
SIM2
SIM3
SIM4
1
21
22
SIM5
SIM1
SIM2
SIM3
SIM4
1
21
22
SIM5
SIM1
SIM2
SIM3
SIM4
1
21
22
SIM5
SIM1
SIM2
SIM3
SIM4
1
21
22
SIM5
SIM1
SIM2
SIM3
SIM4
1
21
22
SIM5
SIM1
SIM2
SIM3
SIM4
1
21
22
SIM5
SIM1
SIM2
SIM3
SIM4
1
21
22
SIM5
SIM1
SIM2
SIM3
SIM4
1
21
22
SIM5
SIM1
SIM2
SIM3
SIM4
1
21
22
SIM5
SIM1
SIM2
SIM3
SIM4
1
21
22
SIM5
SIM1
SIM2
SIM3
SIM4
1
21
22
SIM5
SIM1
SIM2
SIM3
SIM4
1
21
22
SIM5
SIM1
SIM2
SIM3
SIM4
1
21
22
SIM5
SIM1
SIM2
SIM3
SIM4
1
21
22
SIM5
SIM1
SIM2
SIM3
SIM4
1
21
22
SIM5
SIM1
SIM2
SIM3
SIM4
1
21
22
SIM5
SIM1
SIM2
SIM3
SIM4
1
21
22
SIM5
SIM1
SIM2
SIM3
SIM4
1
21
22
SIM5
SIM1
SIM2
SIM3
SIM4
1
21
22
SIM5
SIM1
SIM2
SIM3
SIM4
1
21
22
SIM5
SIM1
SIM2
SIM3
SIM4
1
21
22
SIM5
SIM1
SIM2
SIM3
SIM4
1
21
22
SIM5
SIM1
SIM2
SIM3
SIM4
1
21
22
SIM5
SIM1
SIM2
SIM3
SIM4
1
21
22
SIM5
SIM1
SIM2
SIM3
SIM4
1
21
22
SIM5
SIM1
SIM2
SIM3
SIM4
1
21
22
SIM5
SIM1
SIM2
SIM3
SIM4
1
21
22
SIM5
SIM1
SIM2
DEBUG 1 124
SIM1
SIM2
SIM3
SIM4
1
21
22
SIM5
SIM1
SIM2
SIM3
SIM4
1
21
22
SIM5
SIM1
SIM2
SIM3
SIM4
1
21
22
SIM5
SIM1
SIM2
SIM3
SIM4
1
21
22
SIM5
SIM1
SIM2
SIM3
SIM4
1
21
22
SIM5
SIM1
SIM2
SIM3
SIM4
1
21
22
SIM5
SIM1
SIM2
SIM3
SIM4
1
21
22
SIM5
SIM1
SIM2
SIM3
SIM4
1
21
22
SIM5
SIM1
SIM2
SIM3
SIM4
1
21
22
SIM5
SIM1
SIM2
SIM3
SIM4
1
21
22
SIM5
SIM1
SIM2
SIM3
SIM4
1
21
22
SIM5
SIM1
SIM2
SIM3
SIM4
1
21
22
SIM5
SIM1
SIM2
SIM3
SIM4
1
21
22
SIM5
SIM1
SIM2
SIM3
SIM4
1
21
22
SIM5
SIM1
SIM2
SIM3
SIM4
1
21
22
SIM5
SIM1
SIM2
SIM3
SIM4
1
21
22
SIM5
SIM1
SIM2
SIM3
SIM4
1
21
22
SIM5
SIM1
SIM2
SIM3
SIM4
1
21
22
SIM5
SIM1
SIM2
SIM3
SIM4
1
21
22
SIM5
SIM1
SIM2
SIM3
SIM4
1
21
22
SIM5
SIM1
SIM2
SIM3
SIM4
1
21
22
SIM5
SIM1
SIM2
SIM3
SIM4
1
21
22
SIM5
SIM1
SIM2
SIM3
SIM4
1
21
22
SIM5
SIM1
SIM2
SIM3
SIM4
1
21
22
SIM5
SIM1
SIM2
SIM3
SIM4
1
21
22
SIM5
SIM1
SIM2
SIM3
SIM4
1
21
22
SIM5
SIM1
SIM2
SIM3
SIM4
1
21
22
SIM5
SIM1
SIM2
SIM3
SIM4
1
21
22
SIM5
SIM1
SIM2
SIM3
SIM4
1
21
22
SIM5
SIM1
SIM2
SIM3
SIM4
1
21
22
SIM5
SIM1
SIM2
SIM3
SIM4
1
21
22
SIM5
SIM1
SIM2
SIM3
SIM4
1
21
22
SIM5
SIM1
SIM2
SIM3
SIM4
1
21
22
SIM5
SIM1
SIM2
SIM3
SIM4
1
21
22
SIM5
SIM1
SIM2
SIM3
SIM4
1
21
22
SIM5
SIM1
SIM2
SIM3
SIM4
1
21
22
SIM5
SIM1
SIM2
SIM3
SIM4
1
21
22
SIM5
SIM1
SIM2
SIM3
SIM4
1
21
22
SIM5
SIM1
SIM2
SIM3
SIM4
1
21
22
SIM5
SIM1
SIM2
SIM3
SIM4
1
21
22
SIM5
SIM1
SIM2
SIM3
SIM4
1
21
22
SIM5
SIM1
SIM2
SIM3
SIM4
1
21
22
SIM5
SIM1
SIM2
SIM3
SIM4
1
21
22
SIM5
SIM1
SIM2
SIM3
SIM4
1
21
22
SIM5
SIM1
SIM2
SIM3
SIM4
1
21
22
SIM5
SIM1
SIM2
SIM3
SIM4
1
21
22
SIM5
SIM1
SIM2
SIM3
SIM4
1
21
22
SIM5
SIM1
SIM2
SIM3
SIM4
1
21
22
SIM5
SIM1
SIM2
SIM3
SIM4
1
21
22
SIM5
SIM1
SIM2
SIM3
SIM4
1
21
22
SIM5
SIM1
SIM2
SIM3
SIM4
1
21
22
SIM5
SIM1
SIM2
SIM3
SIM4
1
21
22
SIM5
SIM1
SIM2
SIM3
SIM4
1
21
22
SIM5
SIM1
SIM2
SIM3
SIM4
1
21
22
SIM5
SIM1
SIM2
SIM3
SIM4
1
21
22
SIM5
SIM1
SIM2
SIM3
SIM4
1
21
22
SIM5
SIM1
SIM2
SIM3
SIM4
1
21
22
SIM5
SIM1
SIM2
SIM3
SIM4
1
21
22
SIM5
SIM1
SIM2
SIM3
SIM4
1
21
22
SIM5
SIM1
SIM2
SIM3
SIM4
1
21
22
SIM5
SIM1
SIM2
SIM3
SIM4
1
21
22
SIM5
SIM1
SIM2
SIM3
SIM4
1
21
22
SIM5
SIM1
SIM2
SIM3
SIM4
1
21
22
SIM5
SIM1
SIM2
SIM3
SIM4
1
21
22
SIM5
SIM1
SIM2
SIM3
SIM4
1
21
22
SIM5
SIM1
SIM2
SIM3
SIM4
1
21
22
SIM5
SIM1
SIM2
SIM3
SIM4
1
21
22
SIM5
SIM1
SIM2
SIM3
SIM4
1
21
22
SIM5
SIM1
SIM2
SIM3
SIM4
1
21
22
SIM5
SIM1
SIM2
SIM3
SIM4
1
21
22
SIM5
SIM1
SIM2
SIM3
SIM4
1
21
22
SIM5
SIM1
SIM2
SIM3
SIM4
1
21
22
SIM5
SIM1
SIM2
SIM3
SIM4
1
21
22
SIM5
SIM1
SIM2
SIM3
SIM4
1
21
22
SIM5
SIM1
SIM2
SIM3
SIM4
1
21
22
SIM5
SIM1
SIM2
SIM3
SIM4
1
21
22
SIM5
SIM1
SIM2
SIM3
SIM4
1
21
22
SIM5
SIM1
SIM2
SIM3
SIM4
1
21
22
SIM5
SIM1
SIM2
SIM3
SIM4
1
21
22
SIM5
SIM1
SIM2
SIM3
SIM4
1
21
22
SIM5
SIM1
SIM2
SIM3
SIM4
1
21
22
SIM5
SIM1
SIM2
SIM3
SIM4
1
21
22
SIM5
SIM1
SIM2
SIM3
SIM4
1
21
22
SIM5
SIM1
SIM2
SIM3
SIM4
1
21
22
SIM5
SIM1
SIM2
SIM3
SIM4
1
21
22
SIM5
SIM1
SIM2
SIM3
SIM4
1
21
22
SIM5
SIM1
SIM2
SIM3
SIM4
1
21
22
SIM5
SIM1
SIM2
SIM3
SIM4
1
21
22
SIM5
SIM1
SIM2
SIM3
SIM4
1
21
22
SIM5
SIM1
SIM2
SIM3
SIM4
1
21
22
SIM5
SIM1
SIM2
SIM3
SIM4
1
21
22
SIM5
SIM1
SIM2
SIM3
SIM4
1
21
22
SIM5
SIM1
SIM2
SIM3
SIM4
1
21
22
SIM5
SIM1
SIM2
SIM3
SIM4
1
21
22
SIM5
SIM1
SIM2
SIM3
SIM4
1
21
22
SIM5
SIM1
SIM2
SIM3
SIM4
1
21
22
SIM5
SIM1
SIM2
SIM3
SIM4
1
21
22
SIM5
SIM1
SIM2
SIM3
SIM4
1
21
22
SIM5
SIM1
SIM2
SIM3
SIM4
1
21
22
SIM5
SIM1
SIM2
SIM3
SIM4
1
21
22
SIM5
SIM1
SIM2
SIM3
SIM4
1
21
22
SIM5
SIM1
SIM2
SIM3
SIM4
1
21
22
SIM5
SIM1
SIM2
SIM3
SIM4
1
21
22
SIM5
SIM1
SIM2
SIM3
SIM4
1
21
22
SIM5
SIM1
SIM2
SIM3
SIM4
1
21
22
SIM5
SIM1
SIM2
SIM3
SIM4
1
21
22
SIM5
SIM1
SIM2
SIM3
SIM4
1
21
22
SIM5
SIM1
SIM2
SIM3
SIM4
1
21
22
SIM5
SIM1
SIM2
SIM3
SIM4
1
21
22
SIM5
SIM1
SIM2
SIM3
SIM4
1
21
22
SIM5
SIM1
SIM2
SIM3
SIM4
1
21
22
SIM5
SIM1
SIM2
SIM3
SIM4
1
21
22
SIM5
SIM1
SIM2
SIM3
SIM4
1
21
22
SIM5
SIM1
SIM2
SIM3
SIM4
1
21
22
SIM5
SIM1
SIM2
SIM3
SIM4
1
21
22
SIM5
SIM1
SIM2
SIM3
SIM4
1
21
22
SIM5
SIM1
SIM2
SIM3
SIM4
1
21
22
SIM5
SIM1
SIM2
SIM3
SIM4
1
21
22
SIM5
SIM1
SIM2
SIM3
SIM4
1
21
22
SIM5
SIM1
SIM2
SIM3
SIM4
1
21
22
SIM5
SIM1
SIM2
SIM3
SIM4
1
21
22
SIM5
SIM1
SIM2
SIM3
SIM4
1
21
22
SIM5
SIM1
SIM2
SIM3
SIM4
1
21
22
SIM5
SIM1
SIM2
SIM3
SIM4
1
21
22
SIM5
SIM1
SIM2
SIM3
SIM4
1
21
22
SIM5
SIM1
SIM2
SIM3
SIM4
1
21
22
SIM5
SIM1
SIM2
SIM3
SIM4
1
21
22
SIM5
SIM1
SIM2
SIM3
SIM4
1
21
22
SIM5
SIM1
SIM2
SIM3
SIM4
1
21
22
SIM5
SIM1
SIM2
SIM3
SIM4
1
21
22
SIM5
SIM1
SIM2
SIM3
SIM4
1
21
22
SIM5
SIM1
SIM2
SIM3
SIM4
1
21
22
SIM5
SIM1
SIM2
SIM3
SIM4
1
21
22
SIM5
SIM1
SIM2
SIM3
SIM4
1
21
22
SIM5
SIM1
SIM2
SIM3
SIM4
1
21
22
SIM5
SIM1
SIM2
SIM3
SIM4
1
21
22
SIM5
SIM1
SIM2
SIM3
SIM4
1
21
22
SIM5
SIM1
SIM2
SIM3
SIM4
1
21
22
SIM5
SIM1
SIM2
SIM3
SIM4
1
21
22
SIM5
SIM1
SIM2
SIM3
SIM4
1
21
22
SIM5
SIM1
SIM2
SIM3
SIM4
1
21
22
SIM5
SIM1
SIM2
SIM3
SIM4
1
21
22
SIM5
SIM1
SIM2
SIM3
SIM4
1
21
22
SIM5
SIM1
SIM2
SIM3
SIM4
1
21
22
SIM5
SIM1
SIM2
SIM3
SIM4
1
21
22
SIM5
SIM1
SIM2
SIM3
SIM4
1
21
22
SIM5
SIM1
SIM2
SIM3
SIM4
1
21
22
SIM5
SIM1
SIM2
SIM3
SIM4
1
21
22
SIM5
SIM1
SIM2
SIM3
SIM4
1
21
22
SIM5
SIM1
SIM2
SIM3
SIM4
1
21
22
SIM5
SIM1
SIM2
SIM3
SIM4
1
21
22
SIM5
SIM1
SIM2
SIM3
SIM4
1
21
22
SIM5
SIM1
SIM2
SIM3
SIM4
1
21
22
SIM5
SIM1
SIM2
SIM3
SIM4
1
21
22
SIM5
SIM1
SIM2
SIM3
SIM4
1
21
22
SIM5
SIM1
SIM2
SIM3
SIM4
1
21
22
SIM5
SIM1
SIM2
SIM3
SIM4
1
21
22
SIM5
SIM1
SIM2
SIM3
SIM4
1
21
22
SIM5
SIM1
SIM2
SIM3
SIM4
1
21
22
SIM5
SIM1
SIM2
SIM3
SIM4
1
21
22
SIM5
SIM1
SIM2
SIM3
SIM4
1
21
22
SIM5
SIM1
SIM2
SIM3
SIM4
1
21
22
SIM5
SIM1
SIM2
SIM3
SIM4
1
21
22
SIM5
SIM1
SIM2
SIM3
SIM4
1
21
22
SIM5
SIM1
SIM2
SIM3
SIM4
1
21
22
SIM5
SIM1
SIM2
SIM3
SIM4
1
21
22
SIM5
SIM1
SIM2
SIM3
SIM4
1
21
22
SIM5
SIM1
SIM2
SIM3
SIM4
1
21
22
SIM5
SIM1
SIM2
SIM3
SIM4
1
21
22
SIM5
SIM1
SIM2
SIM3
SIM4
1
21
22
SIM5
SIM1
SIM2
SIM3
SIM4
1
21
22
SIM5
SIM1
SIM2
SIM3
SIM4
1
21
22
SIM5
SIM1
SIM2
SIM3
SIM4
1
21
22
SIM5
SIM1
SIM2
SIM3
SIM4
1
21
22
SIM5
SIM1
SIM2
SIM3
SIM4
1
21
22
SIM5
SIM1
SIM2
SIM3
SIM4
1
21
22
SIM5
SIM1
SIM2
SIM3
SIM4
1
21
22
SIM5
SIM1
SIM2
SIM3
SIM4
1
21
22
SIM5
SIM1
SIM2
SIM3
SIM4
1
21
22
SIM5
SIM1
SIM2
SIM3
SIM4
1
21
22
SIM5
SIM1
SIM2
SIM3
SIM4
1
21
22
SIM5
SIM1
SIM2
SIM3
SIM4
1
21
22
SIM5
SIM1
SIM2
SIM3
SIM4
1
21
22
SIM5
SIM1
SIM2
SIM3
SIM4
1
21
22
SIM5
SIM1
SIM2
SIM3
SIM4
1
21
22
SIM5
SIM1
SIM2
SIM3
SIM4
1
21
22
SIM5
SIM1
SIM2
SIM3
SIM4
1
21
22
SIM5
SIM1
SIM2
SIM3
SIM4
1
21
22
SIM5
SIM1
SIM2
SIM3
SIM4
1
21
22
SIM5
SIM1
SIM2
SIM3
SIM4
1
21
22
SIM5
SIM1
SIM2
DEBUG 1 125
SIM1
SIM2
SIM3
SIM4
1
21
22
SIM5
SIM1
SIM2
SIM3
SIM4
1
21
22
SIM5
SIM1
SIM2
SIM3
SIM4
1
21
22
SIM5
SIM1
SIM2
SIM3
SIM4
1
21
22
SIM5
SIM1
SIM2
SIM3
SIM4
1
21
22
SIM5
SIM1
SIM2
SIM3
SIM4
1
21
22
SIM5
SIM1
SIM2
SIM3
SIM4
1
21
22
SIM5
SIM1
SIM2
SIM3
SIM4
1
21
22
SIM5
SIM1
SIM2
SIM3
SIM4
1
21
22
SIM5
SIM1
SIM2
SIM3
SIM4
1
21
22
SIM5
SIM1
SIM2
SIM3
SIM4
1
21
22
SIM5
SIM1
SIM2
SIM3
SIM4
1
21
22
SIM5
SIM1
SIM2
SIM3
SIM4
1
21
22
SIM5
SIM1
SIM2
SIM3
SIM4
1
21
22
SIM5
SIM1
SIM2
SIM3
SIM4
1
21
22
SIM5
SIM1
SIM2
SIM3
SIM4
1
21
22
SIM5
SIM1
SIM2
SIM3
SIM4
1
21
22
SIM5
SIM1
SIM2
SIM3
SIM4
1
21
22
SIM5
SIM1
SIM2
SIM3
SIM4
1
21
22
SIM5
SIM1
SIM2
SIM3
SIM4
1
21
22
SIM5
SIM1
SIM2
SIM3
SIM4
1
21
22
SIM5
SIM1
SIM2
SIM3
SIM4
1
21
22
SIM5
SIM1
SIM2
SIM3
SIM4
1
21
22
SIM5
SIM1
SIM2
SIM3
SIM4
1
21
22
SIM5
SIM1
SIM2
SIM3
SIM4
1
21
22
SIM5
SIM1
SIM2
SIM3
SIM4
1
21
22
SIM5
SIM1
SIM2
SIM3
SIM4
1
21
22
SIM5
SIM1
SIM2
SIM3
SIM4
1
21
22
SIM5
SIM1
SIM2
SIM3
SIM4
1
21
22
SIM5
SIM1
SIM2
SIM3
SIM4
1
21
22
SIM5
SIM1
SIM2
SIM3
SIM4
1
21
22
SIM5
SIM1
SIM2
SIM3
SIM4
1
21
22
SIM5
SIM1
SIM2
SIM3
SIM4
1
21
22
SIM5
SIM1
SIM2
SIM3
SIM4
1
21
22
SIM5
SIM1
SIM2
SIM3
SIM4
1
21
22
SIM5
SIM1
SIM2
SIM3
SIM4
1
21
22
SIM5
SIM1
SIM2
SIM3
SIM4
1
21
22
SIM5
SIM1
SIM2
SIM3
SIM4
1
21
22
SIM5
SIM1
SIM2
SIM3
SIM4
1
21
22
SIM5
SIM1
SIM2
SIM3
SIM4
1
21
22
SIM5
SIM1
SIM2
SIM3
SIM4
1
21
22
SIM5
SIM1
SIM2
SIM3
SIM4
1
21
22
SIM5
SIM1
SIM2
SIM3
SIM4
1
21
22
SIM5
SIM1
SIM2
SIM3
SIM4
1
21
22
SIM5
SIM1
SIM2
SIM3
SIM4
1
21
22
SIM5
SIM1
SIM2
SIM3
SIM4
1
21
22
SIM5
SIM1
SIM2
SIM3
SIM4
1
21
22
SIM5
SIM1
SIM2
SIM3
SIM4
1
21
22
SIM5
SIM1
SIM2
SIM3
SIM4
1
21
22
SIM5
SIM1
SIM2
SIM3
SIM4
1
21
22
SIM5
SIM1
SIM2
SIM3
SIM4
1
21
22
SIM5
SIM1
SIM2
SIM3
SIM4
1
21
22
SIM5
SIM1
SIM2
SIM3
SIM4
1
21
22
SIM5
SIM1
SIM2
SIM3
SIM4
1
21
22
SIM5
SIM1
SIM2
SIM3
SIM4
1
21
22
SIM5
SIM1
SIM2
SIM3
SIM4
1
21
22
SIM5
SIM1
SIM2
SIM3
SIM4
1
21
22
SIM5
SIM1
SIM2
SIM3
SIM4
1
21
22
SIM5
SIM1
SIM2
SIM3
SIM4
1
21
22
SIM5
SIM1
SIM2
SIM3
SIM4
1
21
22
SIM5
SIM1
SIM2
SIM3
SIM4
1
21
22
SIM5
SIM1
SIM2
SIM3
SIM4
1
21
22
SIM5
SIM1
SIM2
SIM3
SIM4
1
21
22
SIM5
SIM1
SIM2
SIM3
SIM4
1
21
22
SIM5
SIM1
SIM2
SIM3
SIM4
1
21
22
SIM5
SIM1
SIM2
SIM3
SIM4
1
21
22
SIM5
SIM1
SIM2
SIM3
SIM4
1
21
22
SIM5
SIM1
SIM2
SIM3
SIM4
1
21
22
SIM5
SIM1
SIM2
SIM3
SIM4
1
21
22
SIM5
SIM1
SIM2
SIM3
SIM4
1
21
22
SIM5
SIM1
SIM2
SIM3
SIM4
1
21
22
SIM5
SIM1
SIM2
SIM3
SIM4
1
21
22
SIM5
SIM1
SIM2
SIM3
SIM4
1
21
22
SIM5
SIM1
SIM2
SIM3
SIM4
1
21
22
SIM5
SIM1
SIM2
SIM3
SIM4
1
21
22
SIM5
SIM1
SIM2
SIM3
SIM4
1
21
22
SIM5
SIM1
SIM2
SIM3
SIM4
1
21
22
SIM5
SIM1
SIM2
SIM3
SIM4
1
21
22
SIM5
SIM1
SIM2
SIM3
SIM4
1
21
22
SIM5
SIM1
SIM2
SIM3
SIM4
1
21
22
SIM5
SIM1
SIM2
SIM3
SIM4
1
21
22
SIM5
SIM1
SIM2
SIM3
SIM4
1
21
22
SIM5
SIM1
SIM2
SIM3
SIM4
1
21
22
SIM5
SIM1
SIM2
SIM3
SIM4
1
21
22
SIM5
SIM1
SIM2
SIM3
SIM4
1
21
22
SIM5
SIM1
SIM2
SIM3
SIM4
1
21
22
SIM5
SIM1
SIM2
SIM3
SIM4
1
21
22
SIM5
SIM1
SIM2
SIM3
SIM4
1
21
22
SIM5
SIM1
SIM2
SIM3
SIM4
1
21
22
SIM5
SIM1
SIM2
SIM3
SIM4
1
21
22
SIM5
SIM1
SIM2
SIM3
SIM4
1
21
22
SIM5
SIM1
SIM2
SIM3
SIM4
1
21
22
SIM5
SIM1
SIM2
SIM3
SIM4
1
21
22
SIM5
SIM1
SIM2
SIM3
SIM4
1
21
22
SIM5
SIM1
SIM2
SIM3
SIM4
1
21
22
SIM5
SIM1
SIM2
SIM3
SIM4
1
21
22
SIM5
SIM1
SIM2
SIM3
SIM4
1
21
22
SIM5
SIM1
SIM2
SIM3
SIM4
1
21
22
SIM5
SIM1
SIM2
SIM3
SIM4
1
21
22
SIM5
SIM1
SIM2
SIM3
SIM4
1
21
22
SIM5
SIM1
SIM2
SIM3
SIM4
1
21
22
SIM5
SIM1
SIM2
SIM3
SIM4
1
21
22
SIM5
SIM1
SIM2
SIM3
SIM4
1
21
22
SIM5
SIM1
SIM2
SIM3
SIM4
1
21
22
SIM5
SIM1
SIM2
SIM3
SIM4
1
21
22
SIM5
SIM1
SIM2
SIM3
SIM4
1
21
22
SIM5
SIM1
SIM2
SIM3
SIM4
1
21
22
SIM5
SIM1
SIM2
SIM3
SIM4
1
21
22
SIM5
SIM1
SIM2
SIM3
SIM4
1
21
22
SIM5
SIM1
SIM2
SIM3
SIM4
1
21
22
SIM5
SIM1
SIM2
SIM3
SIM4
1
21
22
SIM5
SIM1
SIM2
SIM3
SIM4
1
21
22
SIM5
SIM1
SIM2
SIM3
SIM4
1
21
22
SIM5
SIM1
SIM2
SIM3
SIM4
1
21
22
SIM5
SIM1
SIM2
SIM3
SIM4
1
21
22
SIM5
SIM1
SIM2
SIM3
SIM4
1
21
22
SIM5
SIM1
SIM2
SIM3
SIM4
1
21
22
SIM5
SIM1
SIM2
SIM3
SIM4
1
21
22
SIM5
SIM1
SIM2
SIM3
SIM4
1
21
22
SIM5
SIM1
SIM2
SIM3
SIM4
1
21
22
SIM5
SIM1
SIM2
SIM3
SIM4
1
21
22
SIM5
SIM1
SIM2
SIM3
SIM4
1
21
22
SIM5
SIM1
SIM2
SIM3
SIM4
1
21
22
SIM5
SIM1
SIM2
SIM3
SIM4
1
21
22
SIM5
SIM1
SIM2
SIM3
SIM4
1
21
22
SIM5
SIM1
SIM2
SIM3
SIM4
1
21
22
SIM5
SIM1
SIM2
SIM3
SIM4
1
21
22
SIM5
SIM1
SIM2
SIM3
SIM4
1
21
22
SIM5
SIM1
SIM2
SIM3
SIM4
1
21
22
SIM5
SIM1
SIM2
SIM3
SIM4
1
21
22
SIM5
SIM1
SIM2
SIM3
SIM4
1
21
22
SIM5
SIM1
SIM2
SIM3
SIM4
1
21
22
SIM5
SIM1
SIM2
SIM3
SIM4
1
21
22
SIM5
SIM1
SIM2
SIM3
SIM4
1
21
22
SIM5
SIM1
SIM2
SIM3
SIM4
1
21
22
SIM5
SIM1
SIM2
SIM3
SIM4
1
21
22
SIM5
SIM1
SIM2
SIM3
SIM4
1
21
22
SIM5
SIM1
SIM2
SIM3
SIM4
1
21
22
SIM5
SIM1
SIM2
SIM3
SIM4
1
21
22
SIM5
SIM1
SIM2
SIM3
SIM4
1
21
22
SIM5
SIM1
SIM2
SIM3
SIM4
1
21
22
SIM5
SIM1
SIM2
SIM3
SIM4
1
21
22
SIM5
SIM1
SIM2
SIM3
SIM4
1
21
22
SIM5
SIM1
SIM2
SIM3
SIM4
1
21
22
SIM5
SIM1
SIM2
SIM3
SIM4
1
21
22
SIM5
SIM1
SIM2
SIM3
SIM4
1
21
22
SIM5
SIM1
SIM2
SIM3
SIM4
1
21
22
SIM5
SIM1
SIM2
SIM3
SIM4
1
21
22
SIM5
SIM1
SIM2
SIM3
SIM4
1
21
22
SIM5
SIM1
SIM2
SIM3
SIM4
1
21
22
SIM5
SIM1
SIM2
SIM3
SIM4
1
21
22
SIM5
SIM1
SIM2
SIM3
SIM4
1
21
22
SIM5
SIM1
SIM2
SIM3
SIM4
1
21
22
SIM5
SIM1
SIM2
SIM3
SIM4
1
21
22
SIM5
SIM1
SIM2
SIM3
SIM4
1
21
22
SIM5
SIM1
SIM2
SIM3
SIM4
1
21
22
SIM5
SIM1
SIM2
SIM3
SIM4
1
21
22
SIM5
SIM1
SIM2
SIM3
SIM4
1
21
22
SIM5
SIM1
SIM2
SIM3
SIM4
1
21
22
SIM5
SIM1
SIM2
SIM3
SIM4
1
21
22
SIM5
SIM1
SIM2
SIM3
SIM4
1
21
22
SIM5
SIM1
SIM2
SIM3
SIM4
1
21
22
SIM5
SIM1
SIM2
SIM3
SIM4
1
21
22
SIM5
SIM1
SIM2
SIM3
SIM4
1
21
22
SIM5
SIM1
SIM2
SIM3
SIM4
1
21
22
SIM5
SIM1
SIM2
SIM3
SIM4
1
21
22
SIM5
SIM1
SIM2
SIM3
SIM4
1
21
22
SIM5
SIM1
SIM2
SIM3
SIM4
1
21
22
SIM5
SIM1
SIM2
SIM3
SIM4
1
21
22
SIM5
SIM1
SIM2
SIM3
SIM4
1
21
22
SIM5
SIM1
SIM2
SIM3
SIM4
1
21
22
SIM5
SIM1
SIM2
SIM3
SIM4
1
21
22
SIM5
SIM1
SIM2
SIM3
SIM4
1
21
22
SIM5
SIM1
SIM2
SIM3
SIM4
1
21
22
SIM5
SIM1
SIM2
SIM3
SIM4
1
21
22
SIM5
SIM1
SIM2
SIM3
SIM4
1
21
22
SIM5
SIM1
SIM2
SIM3
SIM4
1
21
22
SIM5
SIM1
SIM2
SIM3
SIM4
1
21
22
SIM5
SIM1
SIM2
SIM3
SIM4
1
21
22
SIM5
SIM1
SIM2
SIM3
SIM4
1
21
22
SIM5
SIM1
SIM2
SIM3
SIM4
1
21
22
SIM5
SIM1
SIM2
SIM3
SIM4
1
21
22
SIM5
SIM1
SIM2
SIM3
SIM4
1
21
22
SIM5
SIM1
SIM2
SIM3
SIM4
1
21
22
SIM5
SIM1
SIM2
SIM3
SIM4
1
21
22
SIM5
SIM1
SIM2
SIM3
SIM4
1
21
22
SIM5
SIM1
SIM2
SIM3
SIM4
1
21
22
SIM5
SIM1
SIM2
SIM3
SIM4
1
21
22
SIM5
SIM1
SIM2
SIM3
SIM4
1
21
22
SIM5
SIM1
SIM2
SIM3
SIM4
1
21
22
SIM5
SIM1
SIM2
SIM3
SIM4
1
21
22
SIM5
SIM1
SIM2
DEBUG 1 126
SIM1
SIM2
SIM3
SIM4
1
21
22
SIM5
SIM1
SIM2
SIM3
SIM4
1
21
22
SIM5
SIM1
SIM2
SIM3
SIM4
1
21
22
SIM5
SIM1
SIM2
SIM3
SIM4
1
21
22
SIM5
SIM1
SIM2
SIM3
SIM4
1
21
22
SIM5
SIM1
SIM2
SIM3
SIM4
1
21
22
SIM5
SIM1
SIM2
SIM3
SIM4
1
21
22
SIM5
SIM1
SIM2
SIM3
SIM4
1
21
22
SIM5
SIM1
SIM2
SIM3
SIM4
1
21
22
SIM5
SIM1
SIM2
SIM3
SIM4
1
21
22
SIM5
SIM1
SIM2
SIM3
SIM4
1
21
22
SIM5
SIM1
SIM2
SIM3
SIM4
1
21
22
SIM5
SIM1
SIM2
SIM3
SIM4
1
21
22
SIM5
SIM1
SIM2
SIM3
SIM4
1
21
22
SIM5
SIM1
SIM2
SIM3
SIM4
1
21
22
SIM5
SIM1
SIM2
SIM3
SIM4
1
21
22
SIM5
SIM1
SIM2
SIM3
SIM4
1
21
22
SIM5
SIM1
SIM2
SIM3
SIM4
1
21
22
SIM5
SIM1
SIM2
SIM3
SIM4
1
21
22
SIM5
SIM1
SIM2
SIM3
SIM4
1
21
22
SIM5
SIM1
SIM2
SIM3
SIM4
1
21
22
SIM5
SIM1
SIM2
SIM3
SIM4
1
21
22
SIM5
SIM1
SIM2
SIM3
SIM4
1
21
22
SIM5
SIM1
SIM2
SIM3
SIM4
1
21
22
SIM5
SIM1
SIM2
SIM3
SIM4
1
21
22
SIM5
SIM1
SIM2
SIM3
SIM4
1
21
22
SIM5
SIM1
SIM2
SIM3
SIM4
1
21
22
SIM5
SIM1
SIM2
SIM3
SIM4
1
21
22
SIM5
SIM1
SIM2
SIM3
SIM4
1
21
22
SIM5
SIM1
SIM2
SIM3
SIM4
1
21
22
SIM5
SIM1
SIM2
SIM3
SIM4
1
21
22
SIM5
SIM1
SIM2
SIM3
SIM4
1
21
22
SIM5
SIM1
SIM2
SIM3
SIM4
1
21
22
SIM5
SIM1
SIM2
SIM3
SIM4
1
21
22
SIM5
SIM1
SIM2
SIM3
SIM4
1
21
22
SIM5
SIM1
SIM2
SIM3
SIM4
1
21
22
SIM5
SIM1
SIM2
SIM3
SIM4
1
21
22
SIM5
SIM1
SIM2
SIM3
SIM4
1
21
22
SIM5
SIM1
SIM2
SIM3
SIM4
1
21
22
SIM5
SIM1
SIM2
SIM3
SIM4
1
21
22
SIM5
SIM1
SIM2
SIM3
SIM4
1
21
22
SIM5
SIM1
SIM2
SIM3
SIM4
1
21
22
SIM5
SIM1
SIM2
SIM3
SIM4
1
21
22
SIM5
SIM1
SIM2
SIM3
SIM4
1
21
22
SIM5
SIM1
SIM2
SIM3
SIM4
1
21
22
SIM5
SIM1
SIM2
SIM3
SIM4
1
21
22
SIM5
SIM1
SIM2
SIM3
SIM4
1
21
22
SIM5
SIM1
SIM2
SIM3
SIM4
1
21
22
SIM5
SIM1
SIM2
SIM3
SIM4
1
21
22
SIM5
SIM1
SIM2
SIM3
SIM4
1
21
22
SIM5
SIM1
SIM2
SIM3
SIM4
1
21
22
SIM5
SIM1
SIM2
SIM3
SIM4
1
21
22
SIM5
SIM1
SIM2
SIM3
SIM4
1
21
22
SIM5
SIM1
SIM2
SIM3
SIM4
1
21
22
SIM5
SIM1
SIM2
SIM3
SIM4
1
21
22
SIM5
SIM1
SIM2
SIM3
SIM4
1
21
22
SIM5
SIM1
SIM2
SIM3
SIM4
1
21
22
SIM5
SIM1
SIM2
SIM3
SIM4
1
21
22
SIM5
SIM1
SIM2
SIM3
SIM4
1
21
22
SIM5
SIM1
SIM2
SIM3
SIM4
1
21
22
SIM5
SIM1
SIM2
SIM3
SIM4
1
21
22
SIM5
SIM1
SIM2
SIM3
SIM4
1
21
22
SIM5
SIM1
SIM2
SIM3
SIM4
1
21
22
SIM5
SIM1
SIM2
SIM3
SIM4
1
21
22
SIM5
SIM1
SIM2
SIM3
SIM4
1
21
22
SIM5
SIM1
SIM2
SIM3
SIM4
1
21
22
SIM5
SIM1
SIM2
SIM3
SIM4
1
21
22
SIM5
SIM1
SIM2
SIM3
SIM4
1
21
22
SIM5
SIM1
SIM2
SIM3
SIM4
1
21
22
SIM5
SIM1
SIM2
SIM3
SIM4
1
21
22
SIM5
SIM1
SIM2
SIM3
SIM4
1
21
22
SIM5
SIM1
SIM2
SIM3
SIM4
1
21
22
SIM5
SIM1
SIM2
SIM3
SIM4
1
21
22
SIM5
SIM1
SIM2
SIM3
SIM4
1
21
22
SIM5
SIM1
SIM2
SIM3
SIM4
1
21
22
SIM5
SIM1
SIM2
SIM3
SIM4
1
21
22
SIM5
SIM1
SIM2
SIM3
SIM4
1
21
22
SIM5
SIM1
SIM2
SIM3
SIM4
1
21
22
SIM5
SIM1
SIM2
SIM3
SIM4
1
21
22
SIM5
SIM1
SIM2
SIM3
SIM4
1
21
22
SIM5
SIM1
SIM2
SIM3
SIM4
1
21
22
SIM5
SIM1
SIM2
SIM3
SIM4
1
21
22
SIM5
SIM1
SIM2
SIM3
SIM4
1
21
22
SIM5
SIM1
SIM2
SIM3
SIM4
1
21
22
SIM5
SIM1
SIM2
SIM3
SIM4
1
21
22
SIM5
SIM1
SIM2
SIM3
SIM4
1
21
22
SIM5
SIM1
SIM2
SIM3
SIM4
1
21
22
SIM5
SIM1
SIM2
SIM3
SIM4
1
21
22
SIM5
SIM1
SIM2
SIM3
SIM4
1
21
22
SIM5
SIM1
SIM2
SIM3
SIM4
1
21
22
SIM5
SIM1
SIM2
SIM3
SIM4
1
21
22
SIM5
SIM1
SIM2
SIM3
SIM4
1
21
22
SIM5
SIM1
SIM2
SIM3
SIM4
1
21
22
SIM5
SIM1
SIM2
SIM3
SIM4
1
21
22
SIM5
SIM1
SIM2
SIM3
SIM4
1
21
22
SIM5
SIM1
SIM2
SIM3
SIM4
1
21
22
SIM5
SIM1
SIM2
DEBUG 1 127
SIM1
SIM2
SIM3
SIM4
1
21
22
SIM5
SIM1
SIM2
SIM3
SIM4
1
21
22
SIM5
SIM1
SIM2
SIM3
SIM4
1
21
22
SIM5
SIM1
SIM2
SIM3
SIM4
1
21
22
SIM5
SIM1
SIM2
SIM3
SIM4
1
21
22
SIM5
SIM1
SIM2
SIM3
SIM4
1
21
22
SIM5
SIM1
SIM2
SIM3
SIM4
1
21
22
SIM5
SIM1
SIM2
SIM3
SIM4
1
21
22
SIM5
SIM1
SIM2
SIM3
SIM4
1
21
22
SIM5
SIM1
SIM2
SIM3
SIM4
1
21
22
SIM5
SIM1
SIM2
SIM3
SIM4
1
21
22
SIM5
SIM1
SIM2
SIM3
SIM4
1
21
22
SIM5
SIM1
SIM2
SIM3
SIM4
1
21
22
SIM5
SIM1
SIM2
SIM3
SIM4
1
21
22
SIM5
SIM1
SIM2
SIM3
SIM4
1
21
22
SIM5
SIM1
SIM2
SIM3
SIM4
1
21
22
SIM5
SIM1
SIM2
SIM3
SIM4
1
21
22
SIM5
SIM1
SIM2
SIM3
SIM4
1
21
22
SIM5
SIM1
SIM2
SIM3
SIM4
1
21
22
SIM5
SIM1
SIM2
SIM3
SIM4
1
21
22
SIM5
SIM1
SIM2
SIM3
SIM4
1
21
22
SIM5
SIM1
SIM2
SIM3
SIM4
1
21
22
SIM5
SIM1
SIM2
SIM3
SIM4
1
21
22
SIM5
SIM1
SIM2
SIM3
SIM4
1
21
22
SIM5
SIM1
SIM2
SIM3
SIM4
1
21
22
SIM5
SIM1
SIM2
SIM3
SIM4
1
21
22
SIM5
SIM1
SIM2
SIM3
SIM4
1
21
22
SIM5
SIM1
SIM2
SIM3
SIM4
1
21
22
SIM5
SIM1
SIM2
SIM3
SIM4
1
21
22
SIM5
SIM1
SIM2
SIM3
SIM4
1
21
22
SIM5
SIM1
SIM2
SIM3
SIM4
1
21
22
SIM5
SIM1
SIM2
SIM3
SIM4
1
21
22
SIM5
SIM1
SIM2
SIM3
SIM4
1
21
22
SIM5
SIM1
SIM2
SIM3
SIM4
1
21
22
SIM5
SIM1
SIM2
SIM3
SIM4
1
21
22
SIM5
SIM1
SIM2
SIM3
SIM4
1
21
22
SIM5
SIM1
SIM2
SIM3
SIM4
1
21
22
SIM5
SIM1
SIM2
SIM3
SIM4
1
21
22
SIM5
SIM1
SIM2
SIM3
SIM4
1
21
22
SIM5
SIM1
SIM2
SIM3
SIM4
1
21
22
SIM5
SIM1
SIM2
SIM3
SIM4
1
21
22
SIM5
SIM1
SIM2
SIM3
SIM4
1
21
22
SIM5
SIM1
SIM2
SIM3
SIM4
1
21
22
SIM5
SIM1
SIM2
SIM3
SIM4
1
21
22
SIM5
SIM1
SIM2
SIM3
SIM4
1
21
22
SIM5
SIM1
SIM2
SIM3
SIM4
1
21
22
SIM5
SIM1
SIM2
SIM3
SIM4
1
21
22
SIM5
SIM1
SIM2
SIM3
SIM4
1
21
22
SIM5
SIM1
SIM2
SIM3
SIM4
1
21
22
SIM5
SIM1
SIM2
SIM3
SIM4
1
21
22
SIM5
SIM1
SIM2
SIM3
SIM4
1
21
22
SIM5
SIM1
SIM2
SIM3
SIM4
1
21
22
SIM5
SIM1
SIM2
SIM3
SIM4
1
21
22
SIM5
SIM1
SIM2
SIM3
SIM4
1
21
22
SIM5
SIM1
SIM2
SIM3
SIM4
1
21
22
SIM5
SIM1
SIM2
SIM3
SIM4
1
21
22
SIM5
SIM1
SIM2
SIM3
SIM4
1
21
22
SIM5
SIM1
SIM2
SIM3
SIM4
1
21
22
SIM5
SIM1
SIM2
SIM3
SIM4
1
21
22
SIM5
SIM1
SIM2
SIM3
SIM4
1
21
22
SIM5
SIM1
SIM2
SIM3
SIM4
1
21
22
SIM5
SIM1
SIM2
SIM3
SIM4
1
21
22
SIM5
SIM1
SIM2
SIM3
SIM4
1
21
22
SIM5
SIM1
SIM2
SIM3
SIM4
1
21
22
SIM5
SIM1
SIM2
SIM3
SIM4
1
21
22
SIM5
SIM1
SIM2
SIM3
SIM4
1
21
22
SIM5
SIM1
SIM2
SIM3
SIM4
1
21
22
SIM5
SIM1
SIM2
SIM3
SIM4
1
21
22
SIM5
SIM1
SIM2
SIM3
SIM4
1
21
22
SIM5
SIM1
SIM2
SIM3
SIM4
1
21
22
SIM5
SIM1
SIM2
SIM3
SIM4
1
21
22
SIM5
SIM1
SIM2
SIM3
SIM4
1
21
22
SIM5
SIM1
SIM2
SIM3
SIM4
1
21
22
SIM5
SIM1
SIM2
SIM3
SIM4
1
21
22
SIM5
SIM1
SIM2
SIM3
SIM4
1
21
22
SIM5
SIM1
SIM2
SIM3
SIM4
1
21
22
SIM5
SIM1
SIM2
SIM3
SIM4
1
21
22
SIM5
SIM1
SIM2
SIM3
SIM4
1
21
22
SIM5
SIM1
SIM2
SIM3
SIM4
1
21
22
SIM5
SIM1
SIM2
SIM3
SIM4
1
21
22
SIM5
SIM1
SIM2
SIM3
SIM4
1
21
22
SIM5
SIM1
SIM2
SIM3
SIM4
1
21
22
SIM5
SIM1
SIM2
SIM3
SIM4
1
21
22
SIM5
SIM1
SIM2
SIM3
SIM4
1
21
22
SIM5
SIM1
SIM2
SIM3
SIM4
1
21
22
SIM5
SIM1
SIM2
SIM3
SIM4
1
21
22
SIM5
SIM1
SIM2
SIM3
SIM4
1
21
22
SIM5
SIM1
SIM2
SIM3
SIM4
1
21
22
SIM5
SIM1
SIM2
SIM3
SIM4
1
21
22
SIM5
SIM1
SIM2
SIM3
SIM4
1
21
22
SIM5
SIM1
SIM2
SIM3
SIM4
1
21
22
SIM5
SIM1
SIM2
SIM3
SIM4
1
21
22
SIM5
SIM1
SIM2
SIM3
SIM4
1
21
22
SIM5
SIM1
SIM2
SIM3
SIM4
1
21
22
SIM5
SIM1
SIM2
SIM3
SIM4
1
21
22
SIM5
SIM1
SIM2
SIM3
SIM4
1
21
22
SIM5
SIM1
SIM2
SIM3
SIM4
1
21
22
SIM5
SIM1
SIM2
SIM3
SIM4
1
21
22
SIM5
SIM1
SIM2
SIM3
SIM4
1
21
22
SIM5
SIM1
SIM2
SIM3
SIM4
1
21
22
SIM5
SIM1
SIM2
SIM3
SIM4
1
21
22
SIM5
SIM1
SIM2
SIM3
SIM4
1
21
22
SIM5
SIM1
SIM2
SIM3
SIM4
1
21
22
SIM5
SIM1
SIM2
SIM3
SIM4
1
21
22
SIM5
SIM1
SIM2
SIM3
SIM4
1
21
22
SIM5
SIM1
SIM2
SIM3
SIM4
1
21
22
SIM5
SIM1
SIM2
SIM3
SIM4
1
21
22
SIM5
SIM1
SIM2
SIM3
SIM4
1
21
22
SIM5
SIM1
SIM2
SIM3
SIM4
1
21
22
SIM5
SIM1
SIM2
SIM3
SIM4
1
21
22
SIM5
SIM1
SIM2
SIM3
SIM4
1
21
22
SIM5
SIM1
SIM2
SIM3
SIM4
1
21
22
SIM5
SIM1
SIM2
SIM3
SIM4
1
21
22
SIM5
SIM1
SIM2
SIM3
SIM4
1
21
22
SIM5
SIM1
SIM2
SIM3
SIM4
1
21
22
SIM5
SIM1
SIM2
SIM3
SIM4
1
21
22
SIM5
SIM1
SIM2
SIM3
SIM4
1
21
22
SIM5
SIM1
SIM2
SIM3
SIM4
1
21
22
SIM5
SIM1
SIM2
SIM3
SIM4
1
21
22
SIM5
SIM1
SIM2
SIM3
SIM4
1
21
22
SIM5
SIM1
SIM2
SIM3
SIM4
1
21
22
SIM5
SIM1
SIM2
SIM3
SIM4
1
21
22
SIM5
SIM1
SIM2
SIM3
SIM4
1
21
22
SIM5
SIM1
SIM2
SIM3
SIM4
1
21
22
SIM5
SIM1
SIM2
SIM3
SIM4
1
21
22
SIM5
SIM1
SIM2
SIM3
SIM4
1
21
22
SIM5
SIM1
SIM2
SIM3
SIM4
1
21
22
SIM5
SIM1
SIM2
SIM3
SIM4
1
21
22
SIM5
SIM1
SIM2
SIM3
SIM4
1
21
22
SIM5
SIM1
SIM2
SIM3
SIM4
1
21
22
SIM5
SIM1
SIM2
SIM3
SIM4
1
21
22
SIM5
SIM1
SIM2
SIM3
SIM4
1
21
22
SIM5
SIM1
SIM2
SIM3
SIM4
1
21
22
SIM5
SIM1
SIM2
SIM3
SIM4
1
21
22
SIM5
SIM1
SIM2
SIM3
SIM4
1
21
22
SIM5
SIM1
SIM2
SIM3
SIM4
1
21
22
SIM5
SIM1
SIM2
SIM3
SIM4
1
21
22
SIM5
SIM1
SIM2
SIM3
SIM4
1
21
22
SIM5
SIM1
SIM2
SIM3
SIM4
1
21
22
SIM5
SIM1
SIM2
SIM3
SIM4
1
21
22
SIM5
SIM1
SIM2
SIM3
SIM4
1
21
22
SIM5
SIM1
SIM2
SIM3
SIM4
1
21
22
SIM5
SIM1
SIM2
SIM3
SIM4
1
21
22
SIM5
SIM1
SIM2
SIM3
SIM4
1
21
22
SIM5
SIM1
SIM2
SIM3
SIM4
1
21
22
SIM5
SIM1
SIM2
SIM3
SIM4
1
21
22
SIM5
SIM1
SIM2
SIM3
SIM4
1
21
22
SIM5
SIM1
SIM2
SIM3
SIM4
1
21
22
SIM5
SIM1
SIM2
SIM3
SIM4
1
21
22
SIM5
SIM1
SIM2
SIM3
SIM4
1
21
22
SIM5
SIM1
SIM2
SIM3
SIM4
1
21
22
SIM5
SIM1
SIM2
SIM3
SIM4
1
21
22
SIM5
SIM1
SIM2
SIM3
SIM4
1
21
22
SIM5
SIM1
SIM2
SIM3
SIM4
1
21
22
SIM5
SIM1
SIM2
SIM3
SIM4
1
21
22
SIM5
SIM1
SIM2
SIM3
SIM4
1
21
22
SIM5
SIM1
SIM2
SIM3
SIM4
1
21
22
SIM5
SIM1
SIM2
SIM3
SIM4
1
21
22
SIM5
SIM1
SIM2
SIM3
SIM4
1
21
22
SIM5
SIM1
SIM2
SIM3
SIM4
1
21
22
SIM5
SIM1
SIM2
SIM3
SIM4
1
21
22
SIM5
SIM1
SIM2
SIM3
SIM4
1
21
22
SIM5
SIM1
SIM2
SIM3
SIM4
1
21
22
SIM5
SIM1
SIM2
SIM3
SIM4
1
21
22
SIM5
SIM1
SIM2
SIM3
SIM4
1
21
22
SIM5
SIM1
SIM2
SIM3
SIM4
1
21
22
SIM5
SIM1
SIM2
SIM3
SIM4
1
21
22
SIM5
SIM1
SIM2
SIM3
SIM4
1
21
22
SIM5
SIM1
SIM2
SIM3
SIM4
1
21
22
SIM5
SIM1
SIM2
SIM3
SIM4
1
21
22
SIM5
SIM1
SIM2
SIM3
SIM4
1
21
22
SIM5
SIM1
SIM2
SIM3
SIM4
1
21
22
SIM5
SIM1
SIM2
SIM3
SIM4
1
21
22
SIM5
SIM1
SIM2
SIM3
SIM4
1
21
22
SIM5
SIM1
SIM2
SIM3
SIM4
1
21
22
SIM5
SIM1
SIM2
SIM3
SIM4
1
21
22
SIM5
SIM1
SIM2
SIM3
SIM4
1
21
22
SIM5
SIM1
SIM2
SIM3
SIM4
1
21
22
SIM5
SIM1
SIM2
SIM3
SIM4
1
21
22
SIM5
SIM1
SIM2
SIM3
SIM4
1
21
22
SIM5
SIM1
SIM2
SIM3
SIM4
1
21
22
SIM5
SIM1
SIM2
SIM3
SIM4
1
21
22
SIM5
SIM1
SIM2
SIM3
SIM4
1
21
22
SIM5
SIM1
SIM2
SIM3
SIM4
1
21
22
SIM5
SIM1
SIM2
SIM3
SIM4
1
21
22
SIM5
SIM1
SIM2
SIM3
SIM4
1
21
22
SIM5
SIM1
SIM2
SIM3
SIM4
1
21
22
SIM5
SIM1
SIM2
SIM3
SIM4
1
21
22
SIM5
SIM1
SIM2
SIM3
SIM4
1
21
22
SIM5
SIM1
SIM2
SIM3
SIM4
1
21
22
SIM5
SIM1
SIM2
SIM3
SIM4
1
21
22
SIM5
SIM1
SIM2
SIM3
SIM4
1
21
22
SIM5
SIM1
SIM2
SIM3
SIM4
1
21
22
SIM5
SIM1
SIM2
SIM3
SIM4
1
21
22
SIM5
SIM1
SIM2
SIM3
SIM4
1
21
22
SIM5
SIM1
SIM2
SIM3
SIM4
1
21
22
SIM5
SIM1
SIM2
SIM3
SIM4
1
21
22
SIM5
SIM1
SIM2
SIM3
SIM4
1
21
22
SIM5
SIM1
SIM2
SIM3
SIM4
1
21
22
SIM5
SIM1
SIM2
SIM3
SIM4
1
21
22
SIM5
SIM1
SIM2
SIM3
SIM4
1
21
22
SIM5
SIM1
SIM2
SIM3
SIM4
1
21
22
SIM5
SIM1
SIM2
SIM3
SIM4
1
21
22
SIM5
SIM1
SIM2
SIM3
SIM4
1
21
22
SIM5
SIM1
SIM2
SIM3
SIM4
1
21
22
SIM5
SIM1
SIM2
SIM3
SIM4
1
21
22
SIM5
SIM1
SIM2
SIM3
SIM4
1
21
22
SIM5
SIM1
SIM2
SIM3
SIM4
1
21
22
SIM5
SIM1
SIM2
SIM3
SIM4
1
21
22
SIM5
SIM1
SIM2
SIM3
SIM4
1
21
22
SIM5
SIM1
SIM2
SIM3
SIM4
1
21
22
SIM5
SIM1
SIM2
SIM3
SIM4
1
21
22
SIM5
SIM1
SIM2
SIM3
SIM4
1
21
22
SIM5
SIM1
SIM2
SIM3
SIM4
1
21
22
SIM5
SIM1
SIM2
SIM3
SIM4
1
21
22
SIM5
SIM1
SIM2
SIM3
SIM4
1
21
22
SIM5
SIM1
SIM2
SIM3
SIM4
1
21
22
SIM5
SIM1
SIM2
SIM3
SIM4
1
21
22
SIM5
SIM1
SIM2
SIM3
SIM4
1
21
22
SIM5
SIM1
SIM2
SIM3
SIM4
1
21
22
SIM5
SIM1
SIM2
SIM3
SIM4
1
21
22
SIM5
SIM1
SIM2
SIM3
SIM4
1
21
22
SIM5
SIM1
SIM2
SIM3
SIM4
1
21
22
SIM5
SIM1
SIM2
SIM3
SIM4
1
21
22
SIM5
SIM1
SIM2
SIM3
SIM4
1
21
22
SIM5
SIM1
SIM2
SIM3
SIM4
1
21
22
SIM5
SIM1
SIM2
SIM3
SIM4
1
21
22
SIM5
SIM1
SIM2
SIM3
SIM4
1
21
22
SIM5
SIM1
SIM2
SIM3
SIM4
1
21
22
SIM5
SIM1
SIM2
SIM3
SIM4
1
21
22
SIM5
SIM1
SIM2
SIM3
SIM4
1
21
22
SIM5
SIM1
SIM2
SIM3
SIM4
1
21
22
SIM5
SIM1
SIM2
SIM3
SIM4
1
21
22
SIM5
SIM1
SIM2
SIM3
SIM4
1
21
22
SIM5
SIM1
SIM2
SIM3
SIM4
1
21
22
SIM5
SIM1
SIM2
SIM3
SIM4
1
21
22
SIM5
SIM1
SIM2
SIM3
SIM4
1
21
22
SIM5
SIM1
SIM2
SIM3
SIM4
1
21
22
SIM5
SIM1
SIM2
SIM3
SIM4
1
21
22
SIM5
SIM1
SIM2
SIM3
SIM4
1
21
22
SIM5
SIM1
SIM2
SIM3
SIM4
1
21
22
SIM5
SIM1
SIM2
SIM3
SIM4
1
21
22
SIM5
SIM1
SIM2
SIM3
SIM4
1
21
22
SIM5
SIM1
SIM2
SIM3
SIM4
1
21
22
SIM5
SIM1
SIM2
SIM3
SIM4
1
21
22
SIM5
SIM1
SIM2
SIM3
SIM4
1
21
22
SIM5
SIM1
SIM2
SIM3
SIM4
1
21
22
SIM5
SIM1
SIM2
SIM3
SIM4
1
21
22
SIM5
SIM1
SIM2
SIM3
SIM4
1
21
22
SIM5
SIM1
SIM2
SIM3
SIM4
1
21
22
SIM5
SIM1
SIM2
SIM3
SIM4
1
21
22
SIM5
SIM1
SIM2
SIM3
SIM4
1
21
22
SIM5
SIM1
SIM2
SIM3
SIM4
1
21
22
SIM5
SIM1
SIM2
SIM3
SIM4
1
21
22
SIM5
SIM1
SIM2
SIM3
SIM4
1
21
22
SIM5
SIM1
SIM2
SIM3
SIM4
1
21
22
SIM5
SIM1
SIM2
SIM3
SIM4
1
21
22
SIM5
SIM1
SIM2
SIM3
SIM4
1
21
22
SIM5
SIM1
SIM2
SIM3
SIM4
1
21
22
SIM5
SIM1
SIM2
SIM3
SIM4
1
21
22
SIM5
SIM1
SIM2
SIM3
SIM4
1
21
22
SIM5
SIM1
SIM2
DEBUG 1 128
SIM1
SIM2
SIM3
SIM4
1
21
22
SIM5
SIM1
SIM2
SIM3
SIM4
1
21
22
SIM5
SIM1
SIM2
SIM3
SIM4
1
21
22
SIM5
SIM1
SIM2
SIM3
SIM4
1
21
22
SIM5
SIM1
SIM2
SIM3
SIM4
1
21
22
SIM5
SIM1
SIM2
SIM3
SIM4
1
21
22
SIM5
SIM1
SIM2
SIM3
SIM4
1
21
22
SIM5
SIM1
SIM2
SIM3
SIM4
1
21
22
SIM5
SIM1
SIM2
SIM3
SIM4
1
21
22
SIM5
SIM1
SIM2
SIM3
SIM4
1
21
22
SIM5
SIM1
SIM2
SIM3
SIM4
1
21
22
SIM5
SIM1
SIM2
SIM3
SIM4
1
21
22
SIM5
SIM1
SIM2
SIM3
SIM4
1
21
22
SIM5
SIM1
SIM2
SIM3
SIM4
1
21
22
SIM5
SIM1
SIM2
SIM3
SIM4
1
21
22
SIM5
SIM1
SIM2
SIM3
SIM4
1
21
22
SIM5
SIM1
SIM2
SIM3
SIM4
1
21
22
SIM5
SIM1
SIM2
SIM3
SIM4
1
21
22
SIM5
SIM1
SIM2
SIM3
SIM4
1
21
22
SIM5
SIM1
SIM2
SIM3
SIM4
1
21
22
SIM5
SIM1
SIM2
SIM3
SIM4
1
21
22
SIM5
SIM1
SIM2
SIM3
SIM4
1
21
22
SIM5
SIM1
SIM2
SIM3
SIM4
1
21
22
SIM5
SIM1
SIM2
SIM3
SIM4
1
21
22
SIM5
SIM1
SIM2
SIM3
SIM4
1
21
22
SIM5
SIM1
SIM2
SIM3
SIM4
1
21
22
SIM5
SIM1
SIM2
SIM3
SIM4
1
21
22
SIM5
SIM1
SIM2
SIM3
SIM4
1
21
22
SIM5
SIM1
SIM2
SIM3
SIM4
1
21
22
SIM5
SIM1
SIM2
SIM3
SIM4
1
21
22
SIM5
SIM1
SIM2
SIM3
SIM4
1
21
22
SIM5
SIM1
SIM2
SIM3
SIM4
1
21
22
SIM5
SIM1
SIM2
SIM3
SIM4
1
21
22
SIM5
SIM1
SIM2
SIM3
SIM4
1
21
22
SIM5
SIM1
SIM2
SIM3
SIM4
1
21
22
SIM5
SIM1
SIM2
SIM3
SIM4
1
21
22
SIM5
SIM1
SIM2
SIM3
SIM4
1
21
22
SIM5
SIM1
SIM2
SIM3
SIM4
1
21
22
SIM5
SIM1
SIM2
SIM3
SIM4
1
21
22
SIM5
SIM1
SIM2
SIM3
SIM4
1
21
22
SIM5
SIM1
SIM2
SIM3
SIM4
1
21
22
SIM5
SIM1
SIM2
SIM3
SIM4
1
21
22
SIM5
SIM1
SIM2
SIM3
SIM4
1
21
22
SIM5
SIM1
SIM2
SIM3
SIM4
1
21
22
SIM5
SIM1
SIM2
SIM3
SIM4
1
21
22
SIM5
SIM1
SIM2
SIM3
SIM4
1
21
22
SIM5
SIM1
SIM2
SIM3
SIM4
1
21
22
SIM5
SIM1
SIM2
SIM3
SIM4
1
21
22
SIM5
SIM1
SIM2
SIM3
SIM4
1
21
22
SIM5
SIM1
SIM2
SIM3
SIM4
1
21
22
SIM5
SIM1
SIM2
SIM3
SIM4
1
21
22
SIM5
SIM1
SIM2
SIM3
SIM4
1
21
22
SIM5
SIM1
SIM2
SIM3
SIM4
1
21
22
SIM5
SIM1
SIM2
SIM3
SIM4
1
21
22
SIM5
SIM1
SIM2
SIM3
SIM4
1
21
22
SIM5
SIM1
SIM2
SIM3
SIM4
1
21
22
SIM5
SIM1
SIM2
SIM3
SIM4
1
21
22
SIM5
SIM1
SIM2
SIM3
SIM4
1
21
22
SIM5
SIM1
SIM2
SIM3
SIM4
1
21
22
SIM5
SIM1
SIM2
SIM3
SIM4
1
21
22
SIM5
SIM1
SIM2
SIM3
SIM4
1
21
22
SIM5
SIM1
SIM2
SIM3
SIM4
1
21
22
SIM5
SIM1
SIM2
SIM3
SIM4
1
21
22
SIM5
SIM1
SIM2
SIM3
SIM4
1
21
22
SIM5
SIM1
SIM2
SIM3
SIM4
1
21
22
SIM5
SIM1
SIM2
SIM3
SIM4
1
21
22
SIM5
SIM1
SIM2
SIM3
SIM4
1
21
22
SIM5
SIM1
SIM2
SIM3
SIM4
1
21
22
SIM5
SIM1
SIM2
SIM3
SIM4
1
21
22
SIM5
SIM1
SIM2
SIM3
SIM4
1
21
22
SIM5
SIM1
SIM2
SIM3
SIM4
1
21
22
SIM5
SIM1
SIM2
SIM3
SIM4
1
21
22
SIM5
SIM1
SIM2
SIM3
SIM4
1
21
22
SIM5
SIM1
SIM2
SIM3
SIM4
1
21
22
SIM5
SIM1
SIM2
SIM3
SIM4
1
21
22
SIM5
SIM1
SIM2
SIM3
SIM4
1
21
22
SIM5
SIM1
SIM2
SIM3
SIM4
1
21
22
SIM5
SIM1
SIM2
SIM3
SIM4
1
21
22
SIM5
SIM1
SIM2
SIM3
SIM4
1
21
22
SIM5
SIM1
SIM2
SIM3
SIM4
1
21
22
SIM5
SIM1
SIM2
SIM3
SIM4
1
21
22
SIM5
SIM1
SIM2
SIM3
SIM4
1
21
22
SIM5
SIM1
SIM2
SIM3
SIM4
1
21
22
SIM5
SIM1
SIM2
SIM3
SIM4
1
21
22
SIM5
SIM1
SIM2
SIM3
SIM4
1
21
22
SIM5
SIM1
SIM2
SIM3
SIM4
1
21
22
SIM5
SIM1
SIM2
SIM3
SIM4
1
21
22
SIM5
SIM1
SIM2
SIM3
SIM4
1
21
22
SIM5
SIM1
SIM2
SIM3
SIM4
1
21
22
SIM5
SIM1
SIM2
SIM3
SIM4
1
21
22
SIM5
SIM1
SIM2
SIM3
SIM4
1
21
22
SIM5
SIM1
SIM2
SIM3
SIM4
1
21
22
SIM5
SIM1
SIM2
SIM3
SIM4
1
21
22
SIM5
SIM1
SIM2
SIM3
SIM4
1
21
22
SIM5
SIM1
SIM2
SIM3
SIM4
1
21
22
SIM5
SIM1
SIM2
SIM3
SIM4
1
21
22
SIM5
SIM1
SIM2
SIM3
SIM4
1
21
22
SIM5
SIM1
SIM2
SIM3
SIM4
1
21
22
SIM5
SIM1
SIM2
SIM3
SIM4
1
21
22
SIM5
SIM1
SIM2
SIM3
SIM4
1
21
22
SIM5
SIM1
SIM2
SIM3
SIM4
1
21
22
SIM5
SIM1
SIM2
SIM3
SIM4
1
21
22
SIM5
SIM1
SIM2
SIM3
SIM4
1
21
22
SIM5
SIM1
SIM2
SIM3
SIM4
1
21
22
SIM5
SIM1
SIM2
SIM3
SIM4
1
21
22
SIM5
SIM1
SIM2
SIM3
SIM4
1
21
22
SIM5
SIM1
SIM2
SIM3
SIM4
1
21
22
SIM5
SIM1
SIM2
SIM3
SIM4
1
21
22
SIM5
SIM1
SIM2
SIM3
SIM4
1
21
22
SIM5
SIM1
SIM2
SIM3
SIM4
1
21
22
SIM5
SIM1
SIM2
SIM3
SIM4
1
21
22
SIM5
SIM1
SIM2
SIM3
SIM4
1
21
22
SIM5
SIM1
SIM2
SIM3
SIM4
1
21
22
SIM5
SIM1
SIM2
SIM3
SIM4
1
21
22
SIM5
SIM1
SIM2
SIM3
SIM4
1
21
22
SIM5
SIM1
SIM2
SIM3
SIM4
1
21
22
SIM5
SIM1
SIM2
SIM3
SIM4
1
21
22
SIM5
SIM1
SIM2
SIM3
SIM4
1
21
22
SIM5
SIM1
SIM2
SIM3
SIM4
1
21
22
SIM5
SIM1
SIM2
SIM3
SIM4
1
21
22
SIM5
SIM1
SIM2
SIM3
SIM4
1
21
22
SIM5
SIM1
SIM2
SIM3
SIM4
1
21
22
SIM5
SIM1
SIM2
SIM3
SIM4
1
21
22
SIM5
SIM1
SIM2
SIM3
SIM4
1
21
22
SIM5
SIM1
SIM2
SIM3
SIM4
1
21
22
SIM5
SIM1
SIM2
SIM3
SIM4
1
21
22
SIM5
SIM1
SIM2
SIM3
SIM4
1
21
22
SIM5
SIM1
SIM2
SIM3
SIM4
1
21
22
SIM5
SIM1
SIM2
SIM3
SIM4
1
21
22
SIM5
SIM1
SIM2
SIM3
SIM4
1
21
22
SIM5
SIM1
SIM2
SIM3
SIM4
1
21
22
SIM5
SIM1
SIM2
DEBUG 1 129
SIM1
SIM2
SIM3
SIM4
1
21
22
SIM5
SIM1
SIM2
SIM3
SIM4
1
21
22
SIM5
SIM1
SIM2
SIM3
SIM4
1
21
22
SIM5
SIM1
SIM2
SIM3
SIM4
1
21
22
SIM5
SIM1
SIM2
SIM3
SIM4
1
21
22
SIM5
SIM1
SIM2
SIM3
SIM4
1
21
22
SIM5
SIM1
SIM2
SIM3
SIM4
1
21
22
SIM5
SIM1
SIM2
SIM3
SIM4
1
21
22
SIM5
SIM1
SIM2
SIM3
SIM4
1
21
22
SIM5
SIM1
SIM2
SIM3
SIM4
1
21
22
SIM5
SIM1
SIM2
SIM3
SIM4
1
21
22
SIM5
SIM1
SIM2
SIM3
SIM4
1
21
22
SIM5
SIM1
SIM2
SIM3
SIM4
1
21
22
SIM5
SIM1
SIM2
SIM3
SIM4
1
21
22
SIM5
SIM1
SIM2
SIM3
SIM4
1
21
22
SIM5
SIM1
SIM2
SIM3
SIM4
1
21
22
SIM5
SIM1
SIM2
SIM3
SIM4
1
21
22
SIM5
SIM1
SIM2
SIM3
SIM4
1
21
22
SIM5
SIM1
SIM2
SIM3
SIM4
1
21
22
SIM5
SIM1
SIM2
SIM3
SIM4
1
21
22
SIM5
SIM1
SIM2
SIM3
SIM4
1
21
22
SIM5
SIM1
SIM2
SIM3
SIM4
1
21
22
SIM5
SIM1
SIM2
SIM3
SIM4
1
21
22
SIM5
SIM1
SIM2
SIM3
SIM4
1
21
22
SIM5
SIM1
SIM2
SIM3
SIM4
1
21
22
SIM5
SIM1
SIM2
SIM3
SIM4
1
21
22
SIM5
SIM1
SIM2
SIM3
SIM4
1
21
22
SIM5
SIM1
SIM2
SIM3
SIM4
1
21
22
SIM5
SIM1
SIM2
SIM3
SIM4
1
21
22
SIM5
SIM1
SIM2
SIM3
SIM4
1
21
22
SIM5
SIM1
SIM2
SIM3
SIM4
1
21
22
SIM5
SIM1
SIM2
SIM3
SIM4
1
21
22
SIM5
SIM1
SIM2
SIM3
SIM4
1
21
22
SIM5
SIM1
SIM2
SIM3
SIM4
1
21
22
SIM5
SIM1
SIM2
SIM3
SIM4
1
21
22
SIM5
SIM1
SIM2
SIM3
SIM4
1
21
22
SIM5
SIM1
SIM2
SIM3
SIM4
1
21
22
SIM5
SIM1
SIM2
SIM3
SIM4
1
21
22
SIM5
SIM1
SIM2
SIM3
SIM4
1
21
22
SIM5
SIM1
SIM2
SIM3
SIM4
1
21
22
SIM5
SIM1
SIM2
SIM3
SIM4
1
21
22
SIM5
SIM1
SIM2
SIM3
SIM4
1
21
22
SIM5
SIM1
SIM2
SIM3
SIM4
1
21
22
SIM5
SIM1
SIM2
SIM3
SIM4
1
21
22
SIM5
SIM1
SIM2
SIM3
SIM4
1
21
22
SIM5
SIM1
SIM2
SIM3
SIM4
1
21
22
SIM5
SIM1
SIM2
SIM3
SIM4
1
21
22
SIM5
SIM1
SIM2
SIM3
SIM4
1
21
22
SIM5
SIM1
SIM2
SIM3
SIM4
1
21
22
SIM5
SIM1
SIM2
SIM3
SIM4
1
21
22
SIM5
SIM1
SIM2
SIM3
SIM4
1
21
22
SIM5
SIM1
SIM2
SIM3
SIM4
1
21
22
SIM5
SIM1
SIM2
SIM3
SIM4
1
21
22
SIM5
SIM1
SIM2
SIM3
SIM4
1
21
22
SIM5
SIM1
SIM2
SIM3
SIM4
1
21
22
SIM5
SIM1
SIM2
SIM3
SIM4
1
21
22
SIM5
SIM1
SIM2
SIM3
SIM4
1
21
22
SIM5
SIM1
SIM2
SIM3
SIM4
1
21
22
SIM5
SIM1
SIM2
SIM3
SIM4
1
21
22
SIM5
SIM1
SIM2
SIM3
SIM4
1
21
22
SIM5
SIM1
SIM2
SIM3
SIM4
1
21
22
SIM5
SIM1
SIM2
SIM3
SIM4
1
21
22
SIM5
SIM1
SIM2
SIM3
SIM4
1
21
22
SIM5
SIM1
SIM2
SIM3
SIM4
1
21
22
SIM5
SIM1
SIM2
SIM3
SIM4
1
21
22
SIM5
SIM1
SIM2
SIM3
SIM4
1
21
22
SIM5
SIM1
SIM2
SIM3
SIM4
1
21
22
SIM5
SIM1
SIM2
SIM3
SIM4
1
21
22
SIM5
SIM1
SIM2
SIM3
SIM4
1
21
22
SIM5
SIM1
SIM2
SIM3
SIM4
1
21
22
SIM5
SIM1
SIM2
SIM3
SIM4
1
21
22
SIM5
SIM1
SIM2
SIM3
SIM4
1
21
22
SIM5
SIM1
SIM2
SIM3
SIM4
1
21
22
SIM5
SIM1
SIM2
SIM3
SIM4
1
21
22
SIM5
SIM1
SIM2
SIM3
SIM4
1
21
22
SIM5
SIM1
SIM2
SIM3
SIM4
1
21
22
SIM5
SIM1
SIM2
SIM3
SIM4
1
21
22
SIM5
SIM1
SIM2
SIM3
SIM4
1
21
22
SIM5
SIM1
SIM2
SIM3
SIM4
1
21
22
SIM5
SIM1
SIM2
SIM3
SIM4
1
21
22
SIM5
SIM1
SIM2
SIM3
SIM4
1
21
22
SIM5
SIM1
SIM2
SIM3
SIM4
1
21
22
SIM5
SIM1
SIM2
SIM3
SIM4
1
21
22
SIM5
SIM1
SIM2
SIM3
SIM4
1
21
22
SIM5
SIM1
SIM2
SIM3
SIM4
1
21
22
SIM5
SIM1
SIM2
SIM3
SIM4
1
21
22
SIM5
SIM1
SIM2
SIM3
SIM4
1
21
22
SIM5
SIM1
SIM2
SIM3
SIM4
1
21
22
SIM5
SIM1
SIM2
SIM3
SIM4
1
21
22
SIM5
SIM1
SIM2
SIM3
SIM4
1
21
22
SIM5
SIM1
SIM2
SIM3
SIM4
1
21
22
SIM5
SIM1
SIM2
SIM3
SIM4
1
21
22
SIM5
SIM1
SIM2
SIM3
SIM4
1
21
22
SIM5
SIM1
SIM2
SIM3
SIM4
1
21
22
SIM5
SIM1
SIM2
SIM3
SIM4
1
21
22
SIM5
SIM1
SIM2
SIM3
SIM4
1
21
22
SIM5
SIM1
SIM2
SIM3
SIM4
1
21
22
SIM5
SIM1
SIM2
SIM3
SIM4
1
21
22
SIM5
SIM1
SIM2
SIM3
SIM4
1
21
22
SIM5
SIM1
SIM2
SIM3
SIM4
1
21
22
SIM5
SIM1
SIM2
SIM3
SIM4
1
21
22
SIM5
SIM1
SIM2
SIM3
SIM4
1
21
22
SIM5
SIM1
SIM2
SIM3
SIM4
1
21
22
SIM5
SIM1
SIM2
SIM3
SIM4
1
21
22
SIM5
SIM1
SIM2
SIM3
SIM4
1
21
22
SIM5
SIM1
SIM2
SIM3
SIM4
1
21
22
SIM5
SIM1
SIM2
SIM3
SIM4
1
21
22
SIM5
SIM1
SIM2
SIM3
SIM4
1
21
22
SIM5
SIM1
SIM2
SIM3
SIM4
1
21
22
SIM5
SIM1
SIM2
SIM3
SIM4
1
21
22
SIM5
SIM1
SIM2
SIM3
SIM4
1
21
22
SIM5
SIM1
SIM2
SIM3
SIM4
1
21
22
SIM5
SIM1
SIM2
SIM3
SIM4
1
21
22
SIM5
SIM1
SIM2
SIM3
SIM4
1
21
22
SIM5
SIM1
SIM2
SIM3
SIM4
1
21
22
SIM5
SIM1
SIM2
SIM3
SIM4
1
21
22
SIM5
SIM1
SIM2
SIM3
SIM4
1
21
22
SIM5
SIM1
SIM2
SIM3
SIM4
1
21
22
SIM5
SIM1
SIM2
SIM3
SIM4
1
21
22
SIM5
SIM1
SIM2
SIM3
SIM4
1
21
22
SIM5
SIM1
SIM2
SIM3
SIM4
1
21
22
SIM5
SIM1
SIM2
SIM3
SIM4
1
21
22
SIM5
SIM1
SIM2
SIM3
SIM4
1
21
22
SIM5
SIM1
SIM2
DEBUG 1 130
SIM1
SIM2
SIM3
SIM4
1
21
22
SIM5
SIM1
SIM2
SIM3
SIM4
1
21
22
SIM5
SIM1
SIM2
SIM3
SIM4
1
21
22
SIM5
SIM1
SIM2
SIM3
SIM4
1
21
22
SIM5
SIM1
SIM2
SIM3
SIM4
1
21
22
SIM5
SIM1
SIM2
SIM3
SIM4
1
21
22
SIM5
SIM1
SIM2
SIM3
SIM4
1
21
22
SIM5
SIM1
SIM2
SIM3
SIM4
1
21
22
SIM5
SIM1
SIM2
SIM3
SIM4
1
21
22
SIM5
SIM1
SIM2
SIM3
SIM4
1
21
22
SIM5
SIM1
SIM2
SIM3
SIM4
1
21
22
SIM5
SIM1
SIM2
SIM3
SIM4
1
21
22
SIM5
SIM1
SIM2
SIM3
SIM4
1
21
22
SIM5
SIM1
SIM2
SIM3
SIM4
1
21
22
SIM5
SIM1
SIM2
SIM3
SIM4
1
21
22
SIM5
SIM1
SIM2
SIM3
SIM4
1
21
22
SIM5
SIM1
SIM2
SIM3
SIM4
1
21
22
SIM5
SIM1
SIM2
SIM3
SIM4
1
21
22
SIM5
SIM1
SIM2
SIM3
SIM4
1
21
22
SIM5
SIM1
SIM2
SIM3
SIM4
1
21
22
SIM5
SIM1
SIM2
SIM3
SIM4
1
21
22
SIM5
SIM1
SIM2
SIM3
SIM4
1
21
22
SIM5
SIM1
SIM2
SIM3
SIM4
1
21
22
SIM5
SIM1
SIM2
SIM3
SIM4
1
21
22
SIM5
SIM1
SIM2
SIM3
SIM4
1
21
22
SIM5
SIM1
SIM2
SIM3
SIM4
1
21
22
SIM5
SIM1
SIM2
SIM3
SIM4
1
21
22
SIM5
SIM1
SIM2
SIM3
SIM4
1
21
22
SIM5
SIM1
SIM2
SIM3
SIM4
1
21
22
SIM5
SIM1
SIM2
SIM3
SIM4
1
21
22
SIM5
SIM1
SIM2
SIM3
SIM4
1
21
22
SIM5
SIM1
SIM2
SIM3
SIM4
1
21
22
SIM5
SIM1
SIM2
SIM3
SIM4
1
21
22
SIM5
SIM1
SIM2
SIM3
SIM4
1
21
22
SIM5
SIM1
SIM2
SIM3
SIM4
1
21
22
SIM5
SIM1
SIM2
SIM3
SIM4
1
21
22
SIM5
SIM1
SIM2
SIM3
SIM4
1
21
22
SIM5
SIM1
SIM2
SIM3
SIM4
1
21
22
SIM5
SIM1
SIM2
SIM3
SIM4
1
21
22
SIM5
SIM1
SIM2
SIM3
SIM4
1
21
22
SIM5
SIM1
SIM2
SIM3
SIM4
1
21
22
SIM5
SIM1
SIM2
SIM3
SIM4
1
21
22
SIM5
SIM1
SIM2
SIM3
SIM4
1
21
22
SIM5
SIM1
SIM2
SIM3
SIM4
1
21
22
SIM5
SIM1
SIM2
SIM3
SIM4
1
21
22
SIM5
SIM1
SIM2
SIM3
SIM4
1
21
22
SIM5
SIM1
SIM2
SIM3
SIM4
1
21
22
SIM5
SIM1
SIM2
SIM3
SIM4
1
21
22
SIM5
SIM1
SIM2
SIM3
SIM4
1
21
22
SIM5
SIM1
SIM2
SIM3
SIM4
1
21
22
SIM5
SIM1
SIM2
SIM3
SIM4
1
21
22
SIM5
SIM1
SIM2
SIM3
SIM4
1
21
22
SIM5
SIM1
SIM2
SIM3
SIM4
1
21
22
SIM5
SIM1
SIM2
SIM3
SIM4
1
21
22
SIM5
SIM1
SIM2
SIM3
SIM4
1
21
22
SIM5
SIM1
SIM2
SIM3
SIM4
1
21
22
SIM5
SIM1
SIM2
SIM3
SIM4
1
21
22
SIM5
SIM1
SIM2
SIM3
SIM4
1
21
22
SIM5
SIM1
SIM2
SIM3
SIM4
1
21
22
SIM5
SIM1
SIM2
SIM3
SIM4
1
21
22
SIM5
SIM1
SIM2
SIM3
SIM4
1
21
22
SIM5
SIM1
SIM2
SIM3
SIM4
1
21
22
SIM5
SIM1
SIM2
SIM3
SIM4
1
21
22
SIM5
SIM1
SIM2
SIM3
SIM4
1
21
22
SIM5
SIM1
SIM2
SIM3
SIM4
1
21
22
SIM5
SIM1
SIM2
SIM3
SIM4
1
21
22
SIM5
SIM1
SIM2
SIM3
SIM4
1
21
22
SIM5
SIM1
SIM2
SIM3
SIM4
1
21
22
SIM5
SIM1
SIM2
SIM3
SIM4
1
21
22
SIM5
SIM1
SIM2
SIM3
SIM4
1
21
22
SIM5
SIM1
SIM2
SIM3
SIM4
1
21
22
SIM5
SIM1
SIM2
SIM3
SIM4
1
21
22
SIM5
SIM1
SIM2
SIM3
SIM4
1
21
22
SIM5
SIM1
SIM2
SIM3
SIM4
1
21
22
SIM5
SIM1
SIM2
SIM3
SIM4
1
21
22
SIM5
SIM1
SIM2
SIM3
SIM4
1
21
22
SIM5
SIM1
SIM2
SIM3
SIM4
1
21
22
SIM5
SIM1
SIM2
SIM3
SIM4
1
21
22
SIM5
SIM1
SIM2
SIM3
SIM4
1
21
22
SIM5
SIM1
SIM2
SIM3
SIM4
1
21
22
SIM5
SIM1
SIM2
SIM3
SIM4
1
21
22
SIM5
SIM1
SIM2
SIM3
SIM4
1
21
22
SIM5
SIM1
SIM2
SIM3
SIM4
1
21
22
SIM5
SIM1
SIM2
SIM3
SIM4
1
21
22
SIM5
SIM1
SIM2
SIM3
SIM4
1
21
22
SIM5
SIM1
SIM2
SIM3
SIM4
1
21
22
SIM5
SIM1
SIM2
SIM3
SIM4
1
21
22
SIM5
SIM1
SIM2
SIM3
SIM4
1
21
22
SIM5
SIM1
SIM2
SIM3
SIM4
1
21
22
SIM5
SIM1
SIM2
SIM3
SIM4
1
21
22
SIM5
SIM1
SIM2
SIM3
SIM4
1
21
22
SIM5
SIM1
SIM2
SIM3
SIM4
1
21
22
SIM5
SIM1
SIM2
SIM3
SIM4
1
21
22
SIM5
SIM1
SIM2
SIM3
SIM4
1
21
22
SIM5
SIM1
SIM2
SIM3
SIM4
1
21
22
SIM5
SIM1
SIM2
SIM3
SIM4
1
21
22
SIM5
SIM1
SIM2
SIM3
SIM4
1
21
22
SIM5
SIM1
SIM2
SIM3
SIM4
1
21
22
SIM5
SIM1
SIM2
SIM3
SIM4
1
21
22
SIM5
SIM1
SIM2
SIM3
SIM4
1
21
22
SIM5
SIM1
SIM2
SIM3
SIM4
1
21
22
SIM5
SIM1
SIM2
SIM3
SIM4
1
21
22
SIM5
SIM1
SIM2
SIM3
SIM4
1
21
22
SIM5
SIM1
SIM2
SIM3
SIM4
1
21
22
SIM5
SIM1
SIM2
SIM3
SIM4
1
21
22
SIM5
SIM1
SIM2
SIM3
SIM4
1
21
22
SIM5
SIM1
SIM2
SIM3
SIM4
1
21
22
SIM5
SIM1
SIM2
SIM3
SIM4
1
21
22
SIM5
SIM1
SIM2
SIM3
SIM4
1
21
22
SIM5
SIM1
SIM2
SIM3
SIM4
1
21
22
SIM5
SIM1
SIM2
SIM3
SIM4
1
21
22
SIM5
SIM1
SIM2
SIM3
SIM4
1
21
22
SIM5
SIM1
SIM2
SIM3
SIM4
1
21
22
SIM5
SIM1
SIM2
SIM3
SIM4
1
21
22
SIM5
SIM1
SIM2
SIM3
SIM4
1
21
22
SIM5
SIM1
SIM2
SIM3
SIM4
1
21
22
SIM5
SIM1
SIM2
SIM3
SIM4
1
21
22
SIM5
SIM1
SIM2
DEBUG 1 131
SIM1
SIM2
SIM3
SIM4
1
21
22
SIM5
SIM1
SIM2
SIM3
SIM4
1
21
22
SIM5
SIM1
SIM2
SIM3
SIM4
1
21
22
SIM5
SIM1
SIM2
SIM3
SIM4
1
21
22
SIM5
SIM1
SIM2
SIM3
SIM4
1
21
22
SIM5
SIM1
SIM2
SIM3
SIM4
1
21
22
SIM5
SIM1
SIM2
SIM3
SIM4
1
21
22
SIM5
SIM1
SIM2
SIM3
SIM4
1
21
22
SIM5
SIM1
SIM2
SIM3
SIM4
1
21
22
SIM5
SIM1
SIM2
SIM3
SIM4
1
21
22
SIM5
SIM1
SIM2
SIM3
SIM4
1
21
22
SIM5
SIM1
SIM2
SIM3
SIM4
1
21
22
SIM5
SIM1
SIM2
SIM3
SIM4
1
21
22
SIM5
SIM1
SIM2
SIM3
SIM4
1
21
22
SIM5
SIM1
SIM2
SIM3
SIM4
1
21
22
SIM5
SIM1
SIM2
SIM3
SIM4
1
21
22
SIM5
SIM1
SIM2
SIM3
SIM4
1
21
22
SIM5
SIM1
SIM2
SIM3
SIM4
1
21
22
SIM5
SIM1
SIM2
SIM3
SIM4
1
21
22
SIM5
SIM1
SIM2
SIM3
SIM4
1
21
22
SIM5
SIM1
SIM2
SIM3
SIM4
1
21
22
SIM5
SIM1
SIM2
SIM3
SIM4
1
21
22
SIM5
SIM1
SIM2
SIM3
SIM4
1
21
22
SIM5
SIM1
SIM2
SIM3
SIM4
1
21
22
SIM5
SIM1
SIM2
SIM3
SIM4
1
21
22
SIM5
SIM1
SIM2
SIM3
SIM4
1
21
22
SIM5
SIM1
SIM2
SIM3
SIM4
1
21
22
SIM5
SIM1
SIM2
SIM3
SIM4
1
21
22
SIM5
SIM1
SIM2
SIM3
SIM4
1
21
22
SIM5
SIM1
SIM2
SIM3
SIM4
1
21
22
SIM5
SIM1
SIM2
SIM3
SIM4
1
21
22
SIM5
SIM1
SIM2
SIM3
SIM4
1
21
22
SIM5
SIM1
SIM2
SIM3
SIM4
1
21
22
SIM5
SIM1
SIM2
SIM3
SIM4
1
21
22
SIM5
SIM1
SIM2
SIM3
SIM4
1
21
22
SIM5
SIM1
SIM2
SIM3
SIM4
1
21
22
SIM5
SIM1
SIM2
SIM3
SIM4
1
21
22
SIM5
SIM1
SIM2
SIM3
SIM4
1
21
22
SIM5
SIM1
SIM2
SIM3
SIM4
1
21
22
SIM5
SIM1
SIM2
SIM3
SIM4
1
21
22
SIM5
SIM1
SIM2
SIM3
SIM4
1
21
22
SIM5
SIM1
SIM2
SIM3
SIM4
1
21
22
SIM5
SIM1
SIM2
SIM3
SIM4
1
21
22
SIM5
SIM1
SIM2
SIM3
SIM4
1
21
22
SIM5
SIM1
SIM2
SIM3
SIM4
1
21
22
SIM5
SIM1
SIM2
SIM3
SIM4
1
21
22
SIM5
SIM1
SIM2
SIM3
SIM4
1
21
22
SIM5
SIM1
SIM2
SIM3
SIM4
1
21
22
SIM5
SIM1
SIM2
SIM3
SIM4
1
21
22
SIM5
SIM1
SIM2
SIM3
SIM4
1
21
22
SIM5
SIM1
SIM2
SIM3
SIM4
1
21
22
SIM5
SIM1
SIM2
SIM3
SIM4
1
21
22
SIM5
SIM1
SIM2
SIM3
SIM4
1
21
22
SIM5
SIM1
SIM2
SIM3
SIM4
1
21
22
SIM5
SIM1
SIM2
SIM3
SIM4
1
21
22
SIM5
SIM1
SIM2
SIM3
SIM4
1
21
22
SIM5
SIM1
SIM2
SIM3
SIM4
1
21
22
SIM5
SIM1
SIM2
SIM3
SIM4
1
21
22
SIM5
SIM1
SIM2
SIM3
SIM4
1
21
22
SIM5
SIM1
SIM2
SIM3
SIM4
1
21
22
SIM5
SIM1
SIM2
SIM3
SIM4
1
21
22
SIM5
SIM1
SIM2
SIM3
SIM4
1
21
22
SIM5
SIM1
SIM2
SIM3
SIM4
1
21
22
SIM5
SIM1
SIM2
SIM3
SIM4
1
21
22
SIM5
SIM1
SIM2
SIM3
SIM4
1
21
22
SIM5
SIM1
SIM2
SIM3
SIM4
1
21
22
SIM5
SIM1
SIM2
SIM3
SIM4
1
21
22
SIM5
SIM1
SIM2
SIM3
SIM4
1
21
22
SIM5
SIM1
SIM2
SIM3
SIM4
1
21
22
SIM5
SIM1
SIM2
SIM3
SIM4
1
21
22
SIM5
SIM1
SIM2
SIM3
SIM4
1
21
22
SIM5
SIM1
SIM2
SIM3
SIM4
1
21
22
SIM5
SIM1
SIM2
SIM3
SIM4
1
21
22
SIM5
SIM1
SIM2
SIM3
SIM4
1
21
22
SIM5
SIM1
SIM2
SIM3
SIM4
1
21
22
SIM5
SIM1
SIM2
SIM3
SIM4
1
21
22
SIM5
SIM1
SIM2
SIM3
SIM4
1
21
22
SIM5
SIM1
SIM2
SIM3
SIM4
1
21
22
SIM5
SIM1
SIM2
SIM3
SIM4
1
21
22
SIM5
SIM1
SIM2
SIM3
SIM4
1
21
22
SIM5
SIM1
SIM2
SIM3
SIM4
1
21
22
SIM5
SIM1
SIM2
SIM3
SIM4
1
21
22
SIM5
SIM1
SIM2
SIM3
SIM4
1
21
22
SIM5
SIM1
SIM2
SIM3
SIM4
1
21
22
SIM5
SIM1
SIM2
SIM3
SIM4
1
21
22
SIM5
SIM1
SIM2
SIM3
SIM4
1
21
22
SIM5
SIM1
SIM2
SIM3
SIM4
1
21
22
SIM5
SIM1
SIM2
SIM3
SIM4
1
21
22
SIM5
SIM1
SIM2
SIM3
SIM4
1
21
22
SIM5
SIM1
SIM2
SIM3
SIM4
1
21
22
SIM5
SIM1
SIM2
SIM3
SIM4
1
21
22
SIM5
SIM1
SIM2
SIM3
SIM4
1
21
22
SIM5
SIM1
SIM2
SIM3
SIM4
1
21
22
SIM5
SIM1
SIM2
SIM3
SIM4
1
21
22
SIM5
SIM1
SIM2
SIM3
SIM4
1
21
22
SIM5
SIM1
SIM2
SIM3
SIM4
1
21
22
SIM5
SIM1
SIM2
SIM3
SIM4
1
21
22
SIM5
SIM1
SIM2
SIM3
SIM4
1
21
22
SIM5
SIM1
SIM2
SIM3
SIM4
1
21
22
SIM5
SIM1
SIM2
SIM3
SIM4
1
21
22
SIM5
SIM1
SIM2
SIM3
SIM4
1
21
22
SIM5
SIM1
SIM2
SIM3
SIM4
1
21
22
SIM5
SIM1
SIM2
SIM3
SIM4
1
21
22
SIM5
SIM1
SIM2
SIM3
SIM4
1
21
22
SIM5
SIM1
SIM2
SIM3
SIM4
1
21
22
SIM5
SIM1
SIM2
SIM3
SIM4
1
21
22
SIM5
SIM1
SIM2
SIM3
SIM4
1
21
22
SIM5
SIM1
SIM2
SIM3
SIM4
1
21
22
SIM5
SIM1
SIM2
SIM3
SIM4
1
21
22
SIM5
SIM1
SIM2
SIM3
SIM4
1
21
22
SIM5
SIM1
SIM2
SIM3
SIM4
1
21
22
SIM5
SIM1
SIM2
SIM3
SIM4
1
21
22
SIM5
SIM1
SIM2
SIM3
SIM4
1
21
22
SIM5
SIM1
SIM2
SIM3
SIM4
1
21
22
SIM5
SIM1
SIM2
SIM3
SIM4
1
21
22
SIM5
SIM1
SIM2
SIM3
SIM4
1
21
22
SIM5
SIM1
SIM2
SIM3
SIM4
1
21
22
SIM5
SIM1
SIM2
SIM3
SIM4
1
21
22
SIM5
SIM1
SIM2
SIM3
SIM4
1
21
22
SIM5
SIM1
SIM2
SIM3
SIM4
1
21
22
SIM5
SIM1
SIM2
SIM3
SIM4
1
21
22
SIM5
SIM1
SIM2
SIM3
SIM4
1
21
22
SIM5
SIM1
SIM2
SIM3
SIM4
1
21
22
SIM5
SIM1
SIM2
SIM3
SIM4
1
21
22
SIM5
SIM1
SIM2
SIM3
SIM4
1
21
22
SIM5
SIM1
SIM2
SIM3
SIM4
1
21
22
SIM5
SIM1
SIM2
SIM3
SIM4
1
21
22
SIM5
SIM1
SIM2
SIM3
SIM4
1
21
22
SIM5
SIM1
SIM2
SIM3
SIM4
1
21
22
SIM5
SIM1
SIM2
SIM3
SIM4
1
21
22
SIM5
SIM1
SIM2
SIM3
SIM4
1
21
22
SIM5
SIM1
SIM2
SIM3
SIM4
1
21
22
SIM5
SIM1
SIM2
SIM3
SIM4
1
21
22
SIM5
SIM1
SIM2
SIM3
SIM4
1
21
22
SIM5
SIM1
SIM2
SIM3
SIM4
1
21
22
SIM5
SIM1
SIM2
SIM3
SIM4
1
21
22
SIM5
SIM1
SIM2
SIM3
SIM4
1
21
22
SIM5
SIM1
SIM2
SIM3
SIM4
1
21
22
SIM5
SIM1
SIM2
SIM3
SIM4
1
21
22
SIM5
SIM1
SIM2
SIM3
SIM4
1
21
22
SIM5
SIM1
SIM2
SIM3
SIM4
1
21
22
SIM5
SIM1
SIM2
SIM3
SIM4
1
21
22
SIM5
SIM1
SIM2
SIM3
SIM4
1
21
22
SIM5
SIM1
SIM2
SIM3
SIM4
1
21
22
SIM5
SIM1
SIM2
SIM3
SIM4
1
21
22
SIM5
SIM1
SIM2
SIM3
SIM4
1
21
22
SIM5
SIM1
SIM2
SIM3
SIM4
1
21
22
SIM5
SIM1
SIM2
SIM3
SIM4
1
21
22
SIM5
SIM1
SIM2
SIM3
SIM4
1
21
22
SIM5
SIM1
SIM2
SIM3
SIM4
1
21
22
SIM5
SIM1
SIM2
SIM3
SIM4
1
21
22
SIM5
SIM1
SIM2
SIM3
SIM4
1
21
22
SIM5
SIM1
SIM2
SIM3
SIM4
1
21
22
SIM5
SIM1
SIM2
SIM3
SIM4
1
21
22
SIM5
SIM1
SIM2
SIM3
SIM4
1
21
22
SIM5
SIM1
SIM2
SIM3
SIM4
1
21
22
SIM5
SIM1
SIM2
SIM3
SIM4
1
21
22
SIM5
SIM1
SIM2
SIM3
SIM4
1
21
22
SIM5
SIM1
SIM2
SIM3
SIM4
1
21
22
SIM5
SIM1
SIM2
SIM3
SIM4
1
21
22
SIM5
SIM1
SIM2
SIM3
SIM4
1
21
22
SIM5
SIM1
SIM2
SIM3
SIM4
1
21
22
SIM5
SIM1
SIM2
SIM3
SIM4
1
21
22
SIM5
SIM1
SIM2
SIM3
SIM4
1
21
22
SIM5
SIM1
SIM2
SIM3
SIM4
1
21
22
SIM5
SIM1
SIM2
SIM3
SIM4
1
21
22
SIM5
SIM1
SIM2
SIM3
SIM4
1
21
22
SIM5
SIM1
SIM2
SIM3
SIM4
1
21
22
SIM5
SIM1
SIM2
SIM3
SIM4
1
21
22
SIM5
SIM1
SIM2
SIM3
SIM4
1
21
22
SIM5
SIM1
SIM2
SIM3
SIM4
1
21
22
SIM5
SIM1
SIM2
SIM3
SIM4
1
21
22
SIM5
SIM1
SIM2
SIM3
SIM4
1
21
22
SIM5
SIM1
SIM2
SIM3
SIM4
1
21
22
SIM5
SIM1
SIM2
SIM3
SIM4
1
21
22
SIM5
SIM1
SIM2
SIM3
SIM4
1
21
22
SIM5
SIM1
SIM2
SIM3
SIM4
1
21
22
SIM5
SIM1
SIM2
SIM3
SIM4
1
21
22
SIM5
SIM1
SIM2
SIM3
SIM4
1
21
22
SIM5
SIM1
SIM2
SIM3
SIM4
1
21
22
SIM5
SIM1
SIM2
SIM3
SIM4
1
21
22
SIM5
SIM1
SIM2
SIM3
SIM4
1
21
22
SIM5
SIM1
SIM2
SIM3
SIM4
1
21
22
SIM5
SIM1
SIM2
SIM3
SIM4
1
21
22
SIM5
SIM1
SIM2
SIM3
SIM4
1
21
22
SIM5
SIM1
SIM2
SIM3
SIM4
1
21
22
SIM5
SIM1
SIM2
SIM3
SIM4
1
21
22
SIM5
SIM1
SIM2
SIM3
SIM4
1
21
22
SIM5
SIM1
SIM2
SIM3
SIM4
1
21
22
SIM5
SIM1
SIM2
SIM3
SIM4
1
21
22
SIM5
SIM1
SIM2
SIM3
SIM4
1
21
22
SIM5
SIM1
SIM2
SIM3
SIM4
1
21
22
SIM5
SIM1
SIM2
SIM3
SIM4
1
21
22
SIM5
SIM1
SIM2
SIM3
SIM4
1
21
22
SIM5
SIM1
SIM2
SIM3
SIM4
1
21
22
SIM5
SIM1
SIM2
SIM3
SIM4
1
21
22
SIM5
SIM1
SIM2
SIM3
SIM4
1
21
22
SIM5
SIM1
SIM2
SIM3
SIM4
1
21
22
SIM5
SIM1
SIM2
SIM3
SIM4
1
21
22
SIM5
SIM1
SIM2
SIM3
SIM4
1
21
22
SIM5
SIM1
SIM2
SIM3
SIM4
1
21
22
SIM5
SIM1
SIM2
SIM3
SIM4
1
21
22
SIM5
SIM1
SIM2
SIM3
SIM4
1
21
22
SIM5
SIM1
SIM2
SIM3
SIM4
1
21
22
SIM5
SIM1
SIM2
SIM3
SIM4
1
21
22
SIM5
SIM1
SIM2
SIM3
SIM4
1
21
22
SIM5
SIM1
SIM2
SIM3
SIM4
1
21
22
SIM5
SIM1
SIM2
SIM3
SIM4
1
21
22
SIM5
SIM1
SIM2
SIM3
SIM4
1
21
22
SIM5
SIM1
SIM2
SIM3
SIM4
1
21
22
SIM5
SIM1
SIM2
SIM3
SIM4
1
21
22
SIM5
SIM1
SIM2
SIM3
SIM4
1
21
22
SIM5
SIM1
SIM2
SIM3
SIM4
1
21
22
SIM5
SIM1
SIM2
SIM3
SIM4
1
21
22
SIM5
SIM1
SIM2
SIM3
SIM4
1
21
22
SIM5
SIM1
SIM2
SIM3
SIM4
1
21
22
SIM5
SIM1
SIM2
SIM3
SIM4
1
21
22
SIM5
SIM1
SIM2
SIM3
SIM4
1
21
22
SIM5
SIM1
SIM2
SIM3
SIM4
1
21
22
SIM5
SIM1
SIM2
SIM3
SIM4
1
21
22
SIM5
SIM1
SIM2
SIM3
SIM4
1
21
22
SIM5
SIM1
SIM2
SIM3
SIM4
1
21
22
SIM5
SIM1
SIM2
SIM3
SIM4
1
21
22
SIM5
SIM1
SIM2
SIM3
SIM4
1
21
22
SIM5
SIM1
SIM2
SIM3
SIM4
1
21
22
SIM5
SIM1
SIM2
SIM3
SIM4
1
21
22
SIM5
SIM1
SIM2
SIM3
SIM4
1
21
22
SIM5
SIM1
SIM2
SIM3
SIM4
1
21
22
SIM5
SIM1
SIM2
SIM3
SIM4
1
21
22
SIM5
SIM1
SIM2
SIM3
SIM4
1
21
22
SIM5
SIM1
SIM2
SIM3
SIM4
1
21
22
SIM5
SIM1
SIM2
SIM3
SIM4
1
21
22
SIM5
SIM1
SIM2
SIM3
SIM4
1
21
22
SIM5
SIM1
SIM2
SIM3
SIM4
1
21
22
SIM5
SIM1
SIM2
SIM3
SIM4
1
21
22
SIM5
SIM1
SIM2
SIM3
SIM4
1
21
22
SIM5
SIM1
SIM2
SIM3
SIM4
1
21
22
SIM5
SIM1
SIM2
SIM3
SIM4
1
21
22
SIM5
SIM1
SIM2
SIM3
SIM4
1
21
22
SIM5
SIM1
SIM2
SIM3
SIM4
1
21
22
SIM5
SIM1
SIM2
SIM3
SIM4
1
21
22
SIM5
SIM1
SIM2
SIM3
SIM4
1
21
22
SIM5
SIM1
SIM2
SIM3
SIM4
1
21
22
SIM5
SIM1
SIM2
SIM3
SIM4
1
21
22
SIM5
SIM1
SIM2
SIM3
SIM4
1
21
22
SIM5
SIM1
SIM2
SIM3
SIM4
1
21
22
SIM5
SIM1
SIM2
SIM3
SIM4
1
21
22
SIM5
SIM1
SIM2
SIM3
SIM4
1
21
22
SIM5
SIM1
SIM2
SIM3
SIM4
1
21
22
SIM5
SIM1
SIM2
SIM3
SIM4
1
21
22
SIM5
SIM1
SIM2
SIM3
SIM4
1
21
22
SIM5
SIM1
SIM2
SIM3
SIM4
1
21
22
SIM5
SIM1
SIM2
SIM3
SIM4
1
21
22
SIM5
SIM1
SIM2
SIM3
SIM4
1
21
22
SIM5
SIM1
SIM2
SIM3
SIM4
1
21
22
SIM5
SIM1
SIM2
SIM3
SIM4
1
21
22
SIM5
SIM1
SIM2
SIM3
SIM4
1
21
22
SIM5
SIM1
SIM2
SIM3
SIM4
1
21
22
SIM5
SIM1
SIM2
SIM3
SIM4
1
21
22
SIM5
SIM1
SIM2
SIM3
SIM4
1
21
22
SIM5
SIM1
SIM2
SIM3
SIM4
1
21
22
SIM5
SIM1
SIM2
SIM3
SIM4
1
21
22
SIM5
SIM1
SIM2
SIM3
SIM4
1
21
22
SIM5
SIM1
SIM2
SIM3
SIM4
1
21
22
SIM5
SIM1
SIM2
SIM3
SIM4
1
21
22
SIM5
SIM1
SIM2
SIM3
SIM4
1
21
22
SIM5
SIM1
SIM2
SIM3
SIM4
1
21
22
SIM5
SIM1
SIM2
SIM3
SIM4
1
21
22
SIM5
SIM1
SIM2
SIM3
SIM4
1
21
22
SIM5
SIM1
SIM2
SIM3
SIM4
1
21
22
SIM5
SIM1
SIM2
SIM3
SIM4
1
21
22
SIM5
SIM1
SIM2
SIM3
SIM4
1
21
22
SIM5
SIM1
SIM2
SIM3
SIM4
1
21
22
SIM5
SIM1
SIM2
SIM3
SIM4
1
21
22
SIM5
SIM1
SIM2
SIM3
SIM4
1
21
22
SIM5
SIM1
SIM2
SIM3
SIM4
1
21
22
SIM5
SIM1
SIM2
SIM3
SIM4
1
21
22
SIM5
SIM1
SIM2
SIM3
SIM4
1
21
22
SIM5
SIM1
SIM2
SIM3
SIM4
1
21
22
SIM5
SIM1
SIM2
SIM3
SIM4
1
21
22
SIM5
SIM1
SIM2
SIM3
SIM4
1
21
22
SIM5
SIM1
SIM2
SIM3
SIM4
1
21
22
SIM5
SIM1
SIM2
SIM3
SIM4
1
21
22
SIM5
SIM1
SIM2
SIM3
SIM4
1
21
22
SIM5
SIM1
SIM2
SIM3
SIM4
1
21
22
SIM5
SIM1
SIM2
SIM3
SIM4
1
21
22
SIM5
SIM1
SIM2
SIM3
SIM4
1
21
22
SIM5
SIM1
SIM2
SIM3
SIM4
1
21
22
SIM5
SIM1
SIM2
SIM3
SIM4
1
21
22
SIM5
SIM1
SIM2
SIM3
SIM4
1
21
22
SIM5
SIM1
SIM2
SIM3
SIM4
1
21
22
SIM5
SIM1
SIM2
SIM3
SIM4
1
21
22
SIM5
SIM1
SIM2
SIM3
SIM4
1
21
22
SIM5
SIM1
SIM2
SIM3
SIM4
1
21
22
SIM5
SIM1
SIM2
SIM3
SIM4
1
21
22
SIM5
SIM1
SIM2
SIM3
SIM4
1
21
22
SIM5
SIM1
SIM2
SIM3
SIM4
1
21
22
SIM5
SIM1
SIM2
SIM3
SIM4
1
21
22
SIM5
SIM1
SIM2
SIM3
SIM4
1
21
22
SIM5
SIM1
SIM2
SIM3
SIM4
1
21
22
SIM5
SIM1
SIM2
SIM3
SIM4
1
21
22
SIM5
SIM1
SIM2
SIM3
SIM4
1
21
22
SIM5
SIM1
SIM2
SIM3
SIM4
1
21
22
SIM5
SIM1
SIM2
SIM3
SIM4
1
21
22
SIM5
SIM1
SIM2
SIM3
SIM4
1
21
22
SIM5
SIM1
SIM2
SIM3
SIM4
1
21
22
SIM5
SIM1
SIM2
SIM3
SIM4
1
21
22
SIM5
SIM1
SIM2
SIM3
SIM4
1
21
22
SIM5
SIM1
SIM2
SIM3
SIM4
1
21
22
SIM5
SIM1
SIM2
SIM3
SIM4
1
21
22
SIM5
SIM1
SIM2
SIM3
SIM4
1
21
22
SIM5
SIM1
SIM2
SIM3
SIM4
1
21
22
SIM5
SIM1
SIM2
SIM3
SIM4
1
21
22
SIM5
SIM1
SIM2
SIM3
SIM4
1
21
22
SIM5
SIM1
SIM2
SIM3
SIM4
1
21
22
SIM5
SIM1
SIM2
SIM3
SIM4
1
21
22
SIM5
SIM1
SIM2
SIM3
SIM4
1
21
22
SIM5
SIM1
SIM2
SIM3
SIM4
1
21
22
SIM5
SIM1
SIM2
SIM3
SIM4
1
21
22
SIM5
SIM1
SIM2
SIM3
SIM4
1
21
22
SIM5
SIM1
SIM2
SIM3
SIM4
1
21
22
SIM5
SIM1
SIM2
DEBUG 1 132
SIM1
SIM2
SIM3
SIM4
1
21
22
SIM5
SIM1
SIM2
SIM3
SIM4
1
21
22
SIM5
SIM1
SIM2
SIM3
SIM4
1
21
22
SIM5
SIM1
SIM2
SIM3
SIM4
1
21
22
SIM5
SIM1
SIM2
SIM3
SIM4
1
21
22
SIM5
SIM1
SIM2
SIM3
SIM4
1
21
22
SIM5
SIM1
SIM2
SIM3
SIM4
1
21
22
SIM5
SIM1
SIM2
SIM3
SIM4
1
21
22
SIM5
SIM1
SIM2
SIM3
SIM4
1
21
22
SIM5
SIM1
SIM2
SIM3
SIM4
1
21
22
SIM5
SIM1
SIM2
SIM3
SIM4
1
21
22
SIM5
SIM1
SIM2
SIM3
SIM4
1
21
22
SIM5
SIM1
SIM2
SIM3
SIM4
1
21
22
SIM5
SIM1
SIM2
SIM3
SIM4
1
21
22
SIM5
SIM1
SIM2
SIM3
SIM4
1
21
22
SIM5
SIM1
SIM2
SIM3
SIM4
1
21
22
SIM5
SIM1
SIM2
SIM3
SIM4
1
21
22
SIM5
SIM1
SIM2
SIM3
SIM4
1
21
22
SIM5
SIM1
SIM2
SIM3
SIM4
1
21
22
SIM5
SIM1
SIM2
SIM3
SIM4
1
21
22
SIM5
SIM1
SIM2
SIM3
SIM4
1
21
22
SIM5
SIM1
SIM2
SIM3
SIM4
1
21
22
SIM5
SIM1
SIM2
SIM3
SIM4
1
21
22
SIM5
SIM1
SIM2
SIM3
SIM4
1
21
22
SIM5
SIM1
SIM2
SIM3
SIM4
1
21
22
SIM5
SIM1
SIM2
SIM3
SIM4
1
21
22
SIM5
SIM1
SIM2
SIM3
SIM4
1
21
22
SIM5
SIM1
SIM2
SIM3
SIM4
1
21
22
SIM5
SIM1
SIM2
SIM3
SIM4
1
21
22
SIM5
SIM1
SIM2
SIM3
SIM4
1
21
22
SIM5
SIM1
SIM2
SIM3
SIM4
1
21
22
SIM5
SIM1
SIM2
SIM3
SIM4
1
21
22
SIM5
SIM1
SIM2
SIM3
SIM4
1
21
22
SIM5
SIM1
SIM2
SIM3
SIM4
1
21
22
SIM5
SIM1
SIM2
SIM3
SIM4
1
21
22
SIM5
SIM1
SIM2
SIM3
SIM4
1
21
22
SIM5
SIM1
SIM2
SIM3
SIM4
1
21
22
SIM5
SIM1
SIM2
SIM3
SIM4
1
21
22
SIM5
SIM1
SIM2
SIM3
SIM4
1
21
22
SIM5
SIM1
SIM2
SIM3
SIM4
1
21
22
SIM5
SIM1
SIM2
SIM3
SIM4
1
21
22
SIM5
SIM1
SIM2
SIM3
SIM4
1
21
22
SIM5
SIM1
SIM2
SIM3
SIM4
1
21
22
SIM5
SIM1
SIM2
SIM3
SIM4
1
21
22
SIM5
SIM1
SIM2
SIM3
SIM4
1
21
22
SIM5
SIM1
SIM2
SIM3
SIM4
1
21
22
SIM5
SIM1
SIM2
SIM3
SIM4
1
21
22
SIM5
SIM1
SIM2
SIM3
SIM4
1
21
22
SIM5
SIM1
SIM2
SIM3
SIM4
1
21
22
SIM5
SIM1
SIM2
SIM3
SIM4
1
21
22
SIM5
SIM1
SIM2
SIM3
SIM4
1
21
22
SIM5
SIM1
SIM2
SIM3
SIM4
1
21
22
SIM5
SIM1
SIM2
SIM3
SIM4
1
21
22
SIM5
SIM1
SIM2
SIM3
SIM4
1
21
22
SIM5
SIM1
SIM2
SIM3
SIM4
1
21
22
SIM5
SIM1
SIM2
SIM3
SIM4
1
21
22
SIM5
SIM1
SIM2
SIM3
SIM4
1
21
22
SIM5
SIM1
SIM2
SIM3
SIM4
1
21
22
SIM5
SIM1
SIM2
SIM3
SIM4
1
21
22
SIM5
SIM1
SIM2
SIM3
SIM4
1
21
22
SIM5
SIM1
SIM2
SIM3
SIM4
1
21
22
SIM5
SIM1
SIM2
SIM3
SIM4
1
21
22
SIM5
SIM1
SIM2
SIM3
SIM4
1
21
22
SIM5
SIM1
SIM2
SIM3
SIM4
1
21
22
SIM5
SIM1
SIM2
SIM3
SIM4
1
21
22
SIM5
SIM1
SIM2
SIM3
SIM4
1
21
22
SIM5
SIM1
SIM2
SIM3
SIM4
1
21
22
SIM5
SIM1
SIM2
SIM3
SIM4
1
21
22
SIM5
SIM1
SIM2
SIM3
SIM4
1
21
22
SIM5
SIM1
SIM2
SIM3
SIM4
1
21
22
SIM5
SIM1
SIM2
SIM3
SIM4
1
21
22
SIM5
SIM1
SIM2
SIM3
SIM4
1
21
22
SIM5
SIM1
SIM2
SIM3
SIM4
1
21
22
SIM5
SIM1
SIM2
SIM3
SIM4
1
21
22
SIM5
SIM1
SIM2
SIM3
SIM4
1
21
22
SIM5
SIM1
SIM2
SIM3
SIM4
1
21
22
SIM5
SIM1
SIM2
SIM3
SIM4
1
21
22
SIM5
SIM1
SIM2
SIM3
SIM4
1
21
22
SIM5
SIM1
SIM2
SIM3
SIM4
1
21
22
SIM5
SIM1
SIM2
SIM3
SIM4
1
21
22
SIM5
SIM1
SIM2
SIM3
SIM4
1
21
22
SIM5
SIM1
SIM2
SIM3
SIM4
1
21
22
SIM5
SIM1
SIM2
SIM3
SIM4
1
21
22
SIM5
SIM1
SIM2
SIM3
SIM4
1
21
22
SIM5
SIM1
SIM2
SIM3
SIM4
1
21
22
SIM5
SIM1
SIM2
SIM3
SIM4
1
21
22
SIM5
SIM1
SIM2
SIM3
SIM4
1
21
22
SIM5
SIM1
SIM2
SIM3
SIM4
1
21
22
SIM5
SIM1
SIM2
SIM3
SIM4
1
21
22
SIM5
SIM1
SIM2
SIM3
SIM4
1
21
22
SIM5
SIM1
SIM2
SIM3
SIM4
1
21
22
SIM5
SIM1
SIM2
SIM3
SIM4
1
21
22
SIM5
SIM1
SIM2
SIM3
SIM4
1
21
22
SIM5
SIM1
SIM2
SIM3
SIM4
1
21
22
SIM5
SIM1
SIM2
SIM3
SIM4
1
21
22
SIM5
SIM1
SIM2
SIM3
SIM4
1
21
22
SIM5
SIM1
SIM2
SIM3
SIM4
1
21
22
SIM5
SIM1
SIM2
SIM3
SIM4
1
21
22
SIM5
SIM1
SIM2
SIM3
SIM4
1
21
22
SIM5
SIM1
SIM2
SIM3
SIM4
1
21
22
SIM5
SIM1
SIM2
SIM3
SIM4
1
21
22
SIM5
SIM1
SIM2
SIM3
SIM4
1
21
22
SIM5
SIM1
SIM2
SIM3
SIM4
1
21
22
SIM5
SIM1
SIM2
SIM3
SIM4
1
21
22
SIM5
SIM1
SIM2
SIM3
SIM4
1
21
22
SIM5
SIM1
SIM2
SIM3
SIM4
1
21
22
SIM5
SIM1
SIM2
SIM3
SIM4
1
21
22
SIM5
SIM1
SIM2
SIM3
SIM4
1
21
22
SIM5
SIM1
SIM2
SIM3
SIM4
1
21
22
SIM5
SIM1
SIM2
SIM3
SIM4
1
21
22
SIM5
SIM1
SIM2
SIM3
SIM4
1
21
22
SIM5
SIM1
SIM2
SIM3
SIM4
1
21
22
SIM5
SIM1
SIM2
SIM3
SIM4
1
21
22
SIM5
SIM1
SIM2
SIM3
SIM4
1
21
22
SIM5
SIM1
SIM2
SIM3
SIM4
1
21
22
SIM5
SIM1
SIM2
SIM3
SIM4
1
21
22
SIM5
SIM1
SIM2
SIM3
SIM4
1
21
22
SIM5
SIM1
SIM2
SIM3
SIM4
1
21
22
SIM5
SIM1
SIM2
SIM3
SIM4
1
21
22
SIM5
SIM1
SIM2
SIM3
SIM4
1
21
22
SIM5
SIM1
SIM2
SIM3
SIM4
1
21
22
SIM5
SIM1
SIM2
SIM3
SIM4
1
21
22
SIM5
SIM1
SIM2
DEBUG 1 133
SIM1
SIM2
SIM3
SIM4
1
21
22
SIM5
SIM1
SIM2
SIM3
SIM4
1
21
22
SIM5
SIM1
SIM2
SIM3
SIM4
1
21
22
SIM5
SIM1
SIM2
SIM3
SIM4
1
21
22
SIM5
SIM1
SIM2
SIM3
SIM4
1
21
22
SIM5
SIM1
SIM2
SIM3
SIM4
1
21
22
SIM5
SIM1
SIM2
SIM3
SIM4
1
21
22
SIM5
SIM1
SIM2
SIM3
SIM4
1
21
22
SIM5
SIM1
SIM2
SIM3
SIM4
1
21
22
SIM5
SIM1
SIM2
SIM3
SIM4
1
21
22
SIM5
SIM1
SIM2
SIM3
SIM4
1
21
22
SIM5
SIM1
SIM2
SIM3
SIM4
1
21
22
SIM5
SIM1
SIM2
SIM3
SIM4
1
21
22
SIM5
SIM1
SIM2
SIM3
SIM4
1
21
22
SIM5
SIM1
SIM2
SIM3
SIM4
1
21
22
SIM5
SIM1
SIM2
SIM3
SIM4
1
21
22
SIM5
SIM1
SIM2
SIM3
SIM4
1
21
22
SIM5
SIM1
SIM2
SIM3
SIM4
1
21
22
SIM5
SIM1
SIM2
SIM3
SIM4
1
21
22
SIM5
SIM1
SIM2
SIM3
SIM4
1
21
22
SIM5
SIM1
SIM2
SIM3
SIM4
1
21
22
SIM5
SIM1
SIM2
SIM3
SIM4
1
21
22
SIM5
SIM1
SIM2
SIM3
SIM4
1
21
22
SIM5
SIM1
SIM2
SIM3
SIM4
1
21
22
SIM5
SIM1
SIM2
SIM3
SIM4
1
21
22
SIM5
SIM1
SIM2
SIM3
SIM4
1
21
22
SIM5
SIM1
SIM2
SIM3
SIM4
1
21
22
SIM5
SIM1
SIM2
SIM3
SIM4
1
21
22
SIM5
SIM1
SIM2
SIM3
SIM4
1
21
22
SIM5
SIM1
SIM2
SIM3
SIM4
1
21
22
SIM5
SIM1
SIM2
SIM3
SIM4
1
21
22
SIM5
SIM1
SIM2
SIM3
SIM4
1
21
22
SIM5
SIM1
SIM2
SIM3
SIM4
1
21
22
SIM5
SIM1
SIM2
SIM3
SIM4
1
21
22
SIM5
SIM1
SIM2
SIM3
SIM4
1
21
22
SIM5
SIM1
SIM2
SIM3
SIM4
1
21
22
SIM5
SIM1
SIM2
SIM3
SIM4
1
21
22
SIM5
SIM1
SIM2
SIM3
SIM4
1
21
22
SIM5
SIM1
SIM2
SIM3
SIM4
1
21
22
SIM5
SIM1
SIM2
SIM3
SIM4
1
21
22
SIM5
SIM1
SIM2
SIM3
SIM4
1
21
22
SIM5
SIM1
SIM2
SIM3
SIM4
1
21
22
SIM5
SIM1
SIM2
SIM3
SIM4
1
21
22
SIM5
SIM1
SIM2
SIM3
SIM4
1
21
22
SIM5
SIM1
SIM2
SIM3
SIM4
1
21
22
SIM5
SIM1
SIM2
SIM3
SIM4
1
21
22
SIM5
SIM1
SIM2
SIM3
SIM4
1
21
22
SIM5
SIM1
SIM2
SIM3
SIM4
1
21
22
SIM5
SIM1
SIM2
SIM3
SIM4
1
21
22
SIM5
SIM1
SIM2
SIM3
SIM4
1
21
22
SIM5
SIM1
SIM2
SIM3
SIM4
1
21
22
SIM5
SIM1
SIM2
SIM3
SIM4
1
21
22
SIM5
SIM1
SIM2
SIM3
SIM4
1
21
22
SIM5
SIM1
SIM2
SIM3
SIM4
1
21
22
SIM5
SIM1
SIM2
SIM3
SIM4
1
21
22
SIM5
SIM1
SIM2
SIM3
SIM4
1
21
22
SIM5
SIM1
SIM2
SIM3
SIM4
1
21
22
SIM5
SIM1
SIM2
SIM3
SIM4
1
21
22
SIM5
SIM1
SIM2
SIM3
SIM4
1
21
22
SIM5
SIM1
SIM2
SIM3
SIM4
1
21
22
SIM5
SIM1
SIM2
SIM3
SIM4
1
21
22
SIM5
SIM1
SIM2
SIM3
SIM4
1
21
22
SIM5
SIM1
SIM2
SIM3
SIM4
1
21
22
SIM5
SIM1
SIM2
SIM3
SIM4
1
21
22
SIM5
SIM1
SIM2
SIM3
SIM4
1
21
22
SIM5
SIM1
SIM2
SIM3
SIM4
1
21
22
SIM5
SIM1
SIM2
SIM3
SIM4
1
21
22
SIM5
SIM1
SIM2
SIM3
SIM4
1
21
22
SIM5
SIM1
SIM2
SIM3
SIM4
1
21
22
SIM5
SIM1
SIM2
SIM3
SIM4
1
21
22
SIM5
SIM1
SIM2
SIM3
SIM4
1
21
22
SIM5
SIM1
SIM2
SIM3
SIM4
1
21
22
SIM5
SIM1
SIM2
SIM3
SIM4
1
21
22
SIM5
SIM1
SIM2
SIM3
SIM4
1
21
22
SIM5
SIM1
SIM2
SIM3
SIM4
1
21
22
SIM5
SIM1
SIM2
SIM3
SIM4
1
21
22
SIM5
SIM1
SIM2
SIM3
SIM4
1
21
22
SIM5
SIM1
SIM2
SIM3
SIM4
1
21
22
SIM5
SIM1
SIM2
SIM3
SIM4
1
21
22
SIM5
SIM1
SIM2
SIM3
SIM4
1
21
22
SIM5
SIM1
SIM2
SIM3
SIM4
1
21
22
SIM5
SIM1
SIM2
SIM3
SIM4
1
21
22
SIM5
SIM1
SIM2
SIM3
SIM4
1
21
22
SIM5
SIM1
SIM2
SIM3
SIM4
1
21
22
SIM5
SIM1
SIM2
SIM3
SIM4
1
21
22
SIM5
SIM1
SIM2
SIM3
SIM4
1
21
22
SIM5
SIM1
SIM2
SIM3
SIM4
1
21
22
SIM5
SIM1
SIM2
SIM3
SIM4
1
21
22
SIM5
SIM1
SIM2
SIM3
SIM4
1
21
22
SIM5
SIM1
SIM2
SIM3
SIM4
1
21
22
SIM5
SIM1
SIM2
SIM3
SIM4
1
21
22
SIM5
SIM1
SIM2
SIM3
SIM4
1
21
22
SIM5
SIM1
SIM2
SIM3
SIM4
1
21
22
SIM5
SIM1
SIM2
SIM3
SIM4
1
21
22
SIM5
SIM1
SIM2
SIM3
SIM4
1
21
22
SIM5
SIM1
SIM2
SIM3
SIM4
1
21
22
SIM5
SIM1
SIM2
SIM3
SIM4
1
21
22
SIM5
SIM1
SIM2
SIM3
SIM4
1
21
22
SIM5
SIM1
SIM2
SIM3
SIM4
1
21
22
SIM5
SIM1
SIM2
SIM3
SIM4
1
21
22
SIM5
SIM1
SIM2
SIM3
SIM4
1
21
22
SIM5
SIM1
SIM2
SIM3
SIM4
1
21
22
SIM5
SIM1
SIM2
SIM3
SIM4
1
21
22
SIM5
SIM1
SIM2
SIM3
SIM4
1
21
22
SIM5
SIM1
SIM2
SIM3
SIM4
1
21
22
SIM5
SIM1
SIM2
SIM3
SIM4
1
21
22
SIM5
SIM1
SIM2
SIM3
SIM4
1
21
22
SIM5
SIM1
SIM2
SIM3
SIM4
1
21
22
SIM5
SIM1
SIM2
SIM3
SIM4
1
21
22
SIM5
SIM1
SIM2
SIM3
SIM4
1
21
22
SIM5
SIM1
SIM2
SIM3
SIM4
1
21
22
SIM5
SIM1
SIM2
SIM3
SIM4
1
21
22
SIM5
SIM1
SIM2
SIM3
SIM4
1
21
22
SIM5
SIM1
SIM2
SIM3
SIM4
1
21
22
SIM5
SIM1
SIM2
SIM3
SIM4
1
21
22
SIM5
SIM1
SIM2
SIM3
SIM4
1
21
22
SIM5
SIM1
SIM2
SIM3
SIM4
1
21
22
SIM5
SIM1
SIM2
SIM3
SIM4
1
21
22
SIM5
SIM1
SIM2
SIM3
SIM4
1
21
22
SIM5
SIM1
SIM2
SIM3
SIM4
1
21
22
SIM5
SIM1
SIM2
SIM3
SIM4
1
21
22
SIM5
SIM1
SIM2
SIM3
SIM4
1
21
22
SIM5
SIM1
SIM2
SIM3
SIM4
1
21
22
SIM5
SIM1
SIM2
DEBUG 1 134
SIM1
SIM2
SIM3
SIM4
1
21
22
SIM5
SIM1
SIM2
SIM3
SIM4
1
21
22
SIM5
SIM1
SIM2
SIM3
SIM4
1
21
22
SIM5
SIM1
SIM2
SIM3
SIM4
1
21
22
SIM5
SIM1
SIM2
SIM3
SIM4
1
21
22
SIM5
SIM1
SIM2
SIM3
SIM4
1
21
22
SIM5
SIM1
SIM2
SIM3
SIM4
1
21
22
SIM5
SIM1
SIM2
SIM3
SIM4
1
21
22
SIM5
SIM1
SIM2
SIM3
SIM4
1
21
22
SIM5
SIM1
SIM2
SIM3
SIM4
1
21
22
SIM5
SIM1
SIM2
SIM3
SIM4
1
21
22
SIM5
SIM1
SIM2
SIM3
SIM4
1
21
22
SIM5
SIM1
SIM2
SIM3
SIM4
1
21
22
SIM5
SIM1
SIM2
SIM3
SIM4
1
21
22
SIM5
SIM1
SIM2
SIM3
SIM4
1
21
22
SIM5
SIM1
SIM2
SIM3
SIM4
1
21
22
SIM5
SIM1
SIM2
SIM3
SIM4
1
21
22
SIM5
SIM1
SIM2
SIM3
SIM4
1
21
22
SIM5
SIM1
SIM2
SIM3
SIM4
1
21
22
SIM5
SIM1
SIM2
SIM3
SIM4
1
21
22
SIM5
SIM1
SIM2
SIM3
SIM4
1
21
22
SIM5
SIM1
SIM2
SIM3
SIM4
1
21
22
SIM5
SIM1
SIM2
SIM3
SIM4
1
21
22
SIM5
SIM1
SIM2
SIM3
SIM4
1
21
22
SIM5
SIM1
SIM2
SIM3
SIM4
1
21
22
SIM5
SIM1
SIM2
SIM3
SIM4
1
21
22
SIM5
SIM1
SIM2
SIM3
SIM4
1
21
22
SIM5
SIM1
SIM2
SIM3
SIM4
1
21
22
SIM5
SIM1
SIM2
SIM3
SIM4
1
21
22
SIM5
SIM1
SIM2
SIM3
SIM4
1
21
22
SIM5
SIM1
SIM2
SIM3
SIM4
1
21
22
SIM5
SIM1
SIM2
SIM3
SIM4
1
21
22
SIM5
SIM1
SIM2
SIM3
SIM4
1
21
22
SIM5
SIM1
SIM2
SIM3
SIM4
1
21
22
SIM5
SIM1
SIM2
SIM3
SIM4
1
21
22
SIM5
SIM1
SIM2
SIM3
SIM4
1
21
22
SIM5
SIM1
SIM2
SIM3
SIM4
1
21
22
SIM5
SIM1
SIM2
SIM3
SIM4
1
21
22
SIM5
SIM1
SIM2
SIM3
SIM4
1
21
22
SIM5
SIM1
SIM2
SIM3
SIM4
1
21
22
SIM5
SIM1
SIM2
SIM3
SIM4
1
21
22
SIM5
SIM1
SIM2
SIM3
SIM4
1
21
22
SIM5
SIM1
SIM2
SIM3
SIM4
1
21
22
SIM5
SIM1
SIM2
SIM3
SIM4
1
21
22
SIM5
SIM1
SIM2
SIM3
SIM4
1
21
22
SIM5
SIM1
SIM2
SIM3
SIM4
1
21
22
SIM5
SIM1
SIM2
SIM3
SIM4
1
21
22
SIM5
SIM1
SIM2
SIM3
SIM4
1
21
22
SIM5
SIM1
SIM2
SIM3
SIM4
1
21
22
SIM5
SIM1
SIM2
SIM3
SIM4
1
21
22
SIM5
SIM1
SIM2
SIM3
SIM4
1
21
22
SIM5
SIM1
SIM2
SIM3
SIM4
1
21
22
SIM5
SIM1
SIM2
SIM3
SIM4
1
21
22
SIM5
SIM1
SIM2
SIM3
SIM4
1
21
22
SIM5
SIM1
SIM2
SIM3
SIM4
1
21
22
SIM5
SIM1
SIM2
SIM3
SIM4
1
21
22
SIM5
SIM1
SIM2
SIM3
SIM4
1
21
22
SIM5
SIM1
SIM2
SIM3
SIM4
1
21
22
SIM5
SIM1
SIM2
SIM3
SIM4
1
21
22
SIM5
SIM1
SIM2
SIM3
SIM4
1
21
22
SIM5
SIM1
SIM2
SIM3
SIM4
1
21
22
SIM5
SIM1
SIM2
SIM3
SIM4
1
21
22
SIM5
SIM1
SIM2
SIM3
SIM4
1
21
22
SIM5
SIM1
SIM2
SIM3
SIM4
1
21
22
SIM5
SIM1
SIM2
SIM3
SIM4
1
21
22
SIM5
SIM1
SIM2
SIM3
SIM4
1
21
22
SIM5
SIM1
SIM2
SIM3
SIM4
1
21
22
SIM5
SIM1
SIM2
SIM3
SIM4
1
21
22
SIM5
SIM1
SIM2
SIM3
SIM4
1
21
22
SIM5
SIM1
SIM2
SIM3
SIM4
1
21
22
SIM5
SIM1
SIM2
SIM3
SIM4
1
21
22
SIM5
SIM1
SIM2
SIM3
SIM4
1
21
22
SIM5
SIM1
SIM2
SIM3
SIM4
1
21
22
SIM5
SIM1
SIM2
SIM3
SIM4
1
21
22
SIM5
SIM1
SIM2
SIM3
SIM4
1
21
22
SIM5
SIM1
SIM2
SIM3
SIM4
1
21
22
SIM5
SIM1
SIM2
SIM3
SIM4
1
21
22
SIM5
SIM1
SIM2
SIM3
SIM4
1
21
22
SIM5
SIM1
SIM2
SIM3
SIM4
1
21
22
SIM5
SIM1
SIM2
SIM3
SIM4
1
21
22
SIM5
SIM1
SIM2
SIM3
SIM4
1
21
22
SIM5
SIM1
SIM2
SIM3
SIM4
1
21
22
SIM5
SIM1
SIM2
SIM3
SIM4
1
21
22
SIM5
SIM1
SIM2
SIM3
SIM4
1
21
22
SIM5
SIM1
SIM2
SIM3
SIM4
1
21
22
SIM5
SIM1
SIM2
SIM3
SIM4
1
21
22
SIM5
SIM1
SIM2
SIM3
SIM4
1
21
22
SIM5
SIM1
SIM2
SIM3
SIM4
1
21
22
SIM5
SIM1
SIM2
SIM3
SIM4
1
21
22
SIM5
SIM1
SIM2
SIM3
SIM4
1
21
22
SIM5
SIM1
SIM2
SIM3
SIM4
1
21
22
SIM5
SIM1
SIM2
SIM3
SIM4
1
21
22
SIM5
SIM1
SIM2
SIM3
SIM4
1
21
22
SIM5
SIM1
SIM2
SIM3
SIM4
1
21
22
SIM5
SIM1
SIM2
SIM3
SIM4
1
21
22
SIM5
SIM1
SIM2
SIM3
SIM4
1
21
22
SIM5
SIM1
SIM2
SIM3
SIM4
1
21
22
SIM5
SIM1
SIM2
SIM3
SIM4
1
21
22
SIM5
SIM1
SIM2
SIM3
SIM4
1
21
22
SIM5
SIM1
SIM2
SIM3
SIM4
1
21
22
SIM5
SIM1
SIM2
SIM3
SIM4
1
21
22
SIM5
SIM1
SIM2
SIM3
SIM4
1
21
22
SIM5
SIM1
SIM2
SIM3
SIM4
1
21
22
SIM5
SIM1
SIM2
SIM3
SIM4
1
21
22
SIM5
SIM1
SIM2
SIM3
SIM4
1
21
22
SIM5
SIM1
SIM2
SIM3
SIM4
1
21
22
SIM5
SIM1
SIM2
SIM3
SIM4
1
21
22
SIM5
SIM1
SIM2
SIM3
SIM4
1
21
22
SIM5
SIM1
SIM2
SIM3
SIM4
1
21
22
SIM5
SIM1
SIM2
SIM3
SIM4
1
21
22
SIM5
SIM1
SIM2
SIM3
SIM4
1
21
22
SIM5
SIM1
SIM2
SIM3
SIM4
1
21
22
SIM5
SIM1
SIM2
SIM3
SIM4
1
21
22
SIM5
SIM1
SIM2
SIM3
SIM4
1
21
22
SIM5
SIM1
SIM2
SIM3
SIM4
1
21
22
SIM5
SIM1
SIM2
SIM3
SIM4
1
21
22
SIM5
SIM1
SIM2
SIM3
SIM4
1
21
22
SIM5
SIM1
SIM2
SIM3
SIM4
1
21
22
SIM5
SIM1
SIM2
SIM3
SIM4
1
21
22
SIM5
SIM1
SIM2
SIM3
SIM4
1
21
22
SIM5
SIM1
SIM2
SIM3
SIM4
1
21
22
SIM5
SIM1
SIM2
SIM3
SIM4
1
21
22
SIM5
SIM1
SIM2
SIM3
SIM4
1
21
22
SIM5
SIM1
SIM2
SIM3
SIM4
1
21
22
SIM5
SIM1
SIM2
SIM3
SIM4
1
21
22
SIM5
SIM1
SIM2
SIM3
SIM4
1
21
22
SIM5
SIM1
SIM2
SIM3
SIM4
1
21
22
SIM5
SIM1
SIM2
SIM3
SIM4
1
21
22
SIM5
SIM1
SIM2
SIM3
SIM4
1
21
22
SIM5
SIM1
SIM2
SIM3
SIM4
1
21
22
SIM5
SIM1
SIM2
SIM3
SIM4
1
21
22
SIM5
SIM1
SIM2
SIM3
SIM4
1
21
22
SIM5
SIM1
SIM2
SIM3
SIM4
1
21
22
SIM5
SIM1
SIM2
SIM3
SIM4
1
21
22
SIM5
SIM1
SIM2
SIM3
SIM4
1
21
22
SIM5
SIM1
SIM2
SIM3
SIM4
1
21
22
SIM5
SIM1
SIM2
SIM3
SIM4
1
21
22
SIM5
SIM1
SIM2
SIM3
SIM4
1
21
22
SIM5
SIM1
SIM2
SIM3
SIM4
1
21
22
SIM5
SIM1
SIM2
SIM3
SIM4
1
21
22
SIM5
SIM1
SIM2
SIM3
SIM4
1
21
22
SIM5
SIM1
SIM2
SIM3
SIM4
1
21
22
SIM5
SIM1
SIM2
SIM3
SIM4
1
21
22
SIM5
SIM1
SIM2
SIM3
SIM4
1
21
22
SIM5
SIM1
SIM2
SIM3
SIM4
1
21
22
SIM5
SIM1
SIM2
SIM3
SIM4
1
21
22
SIM5
SIM1
SIM2
SIM3
SIM4
1
21
22
SIM5
SIM1
SIM2
SIM3
SIM4
1
21
22
SIM5
SIM1
SIM2
SIM3
SIM4
1
21
22
SIM5
SIM1
SIM2
SIM3
SIM4
1
21
22
SIM5
SIM1
SIM2
SIM3
SIM4
1
21
22
SIM5
SIM1
SIM2
SIM3
SIM4
1
21
22
SIM5
SIM1
SIM2
SIM3
SIM4
1
21
22
SIM5
SIM1
SIM2
SIM3
SIM4
1
21
22
SIM5
SIM1
SIM2
SIM3
SIM4
1
21
22
SIM5
SIM1
SIM2
SIM3
SIM4
1
21
22
SIM5
SIM1
SIM2
SIM3
SIM4
1
21
22
SIM5
SIM1
SIM2
SIM3
SIM4
1
21
22
SIM5
SIM1
SIM2
SIM3
SIM4
1
21
22
SIM5
SIM1
SIM2
SIM3
SIM4
1
21
22
SIM5
SIM1
SIM2
SIM3
SIM4
1
21
22
SIM5
SIM1
SIM2
SIM3
SIM4
1
21
22
SIM5
SIM1
SIM2
SIM3
SIM4
1
21
22
SIM5
SIM1
SIM2
SIM3
SIM4
1
21
22
SIM5
SIM1
SIM2
SIM3
SIM4
1
21
22
SIM5
SIM1
SIM2
SIM3
SIM4
1
21
22
SIM5
SIM1
SIM2
SIM3
SIM4
1
21
22
SIM5
SIM1
SIM2
SIM3
SIM4
1
21
22
SIM5
SIM1
SIM2
SIM3
SIM4
1
21
22
SIM5
SIM1
SIM2
DEBUG 1 135
SIM1
SIM2
SIM3
SIM4
1
21
22
SIM5
SIM1
SIM2
SIM3
SIM4
1
21
22
SIM5
SIM1
SIM2
SIM3
SIM4
1
21
22
SIM5
SIM1
SIM2
SIM3
SIM4
1
21
22
SIM5
SIM1
SIM2
SIM3
SIM4
1
21
22
SIM5
SIM1
SIM2
SIM3
SIM4
1
21
22
SIM5
SIM1
SIM2
SIM3
SIM4
1
21
22
SIM5
SIM1
SIM2
SIM3
SIM4
1
21
22
SIM5
SIM1
SIM2
SIM3
SIM4
1
21
22
SIM5
SIM1
SIM2
SIM3
SIM4
1
21
22
SIM5
SIM1
SIM2
SIM3
SIM4
1
21
22
SIM5
SIM1
SIM2
SIM3
SIM4
1
21
22
SIM5
SIM1
SIM2
SIM3
SIM4
1
21
22
SIM5
SIM1
SIM2
SIM3
SIM4
1
21
22
SIM5
SIM1
SIM2
SIM3
SIM4
1
21
22
SIM5
SIM1
SIM2
SIM3
SIM4
1
21
22
SIM5
SIM1
SIM2
SIM3
SIM4
1
21
22
SIM5
SIM1
SIM2
SIM3
SIM4
1
21
22
SIM5
SIM1
SIM2
SIM3
SIM4
1
21
22
SIM5
SIM1
SIM2
SIM3
SIM4
1
21
22
SIM5
SIM1
SIM2
SIM3
SIM4
1
21
22
SIM5
SIM1
SIM2
SIM3
SIM4
1
21
22
SIM5
SIM1
SIM2
SIM3
SIM4
1
21
22
SIM5
SIM1
SIM2
SIM3
SIM4
1
21
22
SIM5
SIM1
SIM2
SIM3
SIM4
1
21
22
SIM5
SIM1
SIM2
SIM3
SIM4
1
21
22
SIM5
SIM1
SIM2
SIM3
SIM4
1
21
22
SIM5
SIM1
SIM2
SIM3
SIM4
1
21
22
SIM5
SIM1
SIM2
SIM3
SIM4
1
21
22
SIM5
SIM1
SIM2
SIM3
SIM4
1
21
22
SIM5
SIM1
SIM2
SIM3
SIM4
1
21
22
SIM5
SIM1
SIM2
SIM3
SIM4
1
21
22
SIM5
SIM1
SIM2
SIM3
SIM4
1
21
22
SIM5
SIM1
SIM2
SIM3
SIM4
1
21
22
SIM5
SIM1
SIM2
SIM3
SIM4
1
21
22
SIM5
SIM1
SIM2
SIM3
SIM4
1
21
22
SIM5
SIM1
SIM2
SIM3
SIM4
1
21
22
SIM5
SIM1
SIM2
SIM3
SIM4
1
21
22
SIM5
SIM1
SIM2
SIM3
SIM4
1
21
22
SIM5
SIM1
SIM2
SIM3
SIM4
1
21
22
SIM5
SIM1
SIM2
SIM3
SIM4
1
21
22
SIM5
SIM1
SIM2
SIM3
SIM4
1
21
22
SIM5
SIM1
SIM2
SIM3
SIM4
1
21
22
SIM5
SIM1
SIM2
SIM3
SIM4
1
21
22
SIM5
SIM1
SIM2
SIM3
SIM4
1
21
22
SIM5
SIM1
SIM2
SIM3
SIM4
1
21
22
SIM5
SIM1
SIM2
SIM3
SIM4
1
21
22
SIM5
SIM1
SIM2
SIM3
SIM4
1
21
22
SIM5
SIM1
SIM2
SIM3
SIM4
1
21
22
SIM5
SIM1
SIM2
SIM3
SIM4
1
21
22
SIM5
SIM1
SIM2
SIM3
SIM4
1
21
22
SIM5
SIM1
SIM2
SIM3
SIM4
1
21
22
SIM5
SIM1
SIM2
SIM3
SIM4
1
21
22
SIM5
SIM1
SIM2
SIM3
SIM4
1
21
22
SIM5
SIM1
SIM2
SIM3
SIM4
1
21
22
SIM5
SIM1
SIM2
SIM3
SIM4
1
21
22
SIM5
SIM1
SIM2
SIM3
SIM4
1
21
22
SIM5
SIM1
SIM2
SIM3
SIM4
1
21
22
SIM5
SIM1
SIM2
SIM3
SIM4
1
21
22
SIM5
SIM1
SIM2
SIM3
SIM4
1
21
22
SIM5
SIM1
SIM2
SIM3
SIM4
1
21
22
SIM5
SIM1
SIM2
SIM3
SIM4
1
21
22
SIM5
SIM1
SIM2
SIM3
SIM4
1
21
22
SIM5
SIM1
SIM2
SIM3
SIM4
1
21
22
SIM5
SIM1
SIM2
SIM3
SIM4
1
21
22
SIM5
SIM1
SIM2
SIM3
SIM4
1
21
22
SIM5
SIM1
SIM2
SIM3
SIM4
1
21
22
SIM5
SIM1
SIM2
SIM3
SIM4
1
21
22
SIM5
SIM1
SIM2
SIM3
SIM4
1
21
22
SIM5
SIM1
SIM2
DEBUG 1 136
SIM1
SIM2
SIM3
SIM4
1
21
22
SIM5
SIM1
SIM2
SIM3
SIM4
1
21
22
SIM5
SIM1
SIM2
SIM3
SIM4
1
21
22
SIM5
SIM1
SIM2
SIM3
SIM4
1
21
22
SIM5
SIM1
SIM2
SIM3
SIM4
1
21
22
SIM5
SIM1
SIM2
SIM3
SIM4
1
21
22
SIM5
SIM1
SIM2
SIM3
SIM4
1
21
22
SIM5
SIM1
SIM2
SIM3
SIM4
1
21
22
SIM5
SIM1
SIM2
SIM3
SIM4
1
21
22
SIM5
SIM1
SIM2
SIM3
SIM4
1
21
22
SIM5
SIM1
SIM2
SIM3
SIM4
1
21
22
SIM5
SIM1
SIM2
SIM3
SIM4
1
21
22
SIM5
SIM1
SIM2
SIM3
SIM4
1
21
22
SIM5
SIM1
SIM2
SIM3
SIM4
1
21
22
SIM5
SIM1
SIM2
SIM3
SIM4
1
21
22
SIM5
SIM1
SIM2
SIM3
SIM4
1
21
22
SIM5
SIM1
SIM2
SIM3
SIM4
1
21
22
SIM5
SIM1
SIM2
SIM3
SIM4
1
21
22
SIM5
SIM1
SIM2
SIM3
SIM4
1
21
22
SIM5
SIM1
SIM2
SIM3
SIM4
1
21
22
SIM5
SIM1
SIM2
SIM3
SIM4
1
21
22
SIM5
SIM1
SIM2
SIM3
SIM4
1
21
22
SIM5
SIM1
SIM2
SIM3
SIM4
1
21
22
SIM5
SIM1
SIM2
SIM3
SIM4
1
21
22
SIM5
SIM1
SIM2
SIM3
SIM4
1
21
22
SIM5
SIM1
SIM2
SIM3
SIM4
1
21
22
SIM5
SIM1
SIM2
SIM3
SIM4
1
21
22
SIM5
SIM1
SIM2
SIM3
SIM4
1
21
22
SIM5
SIM1
SIM2
SIM3
SIM4
1
21
22
SIM5
SIM1
SIM2
SIM3
SIM4
1
21
22
SIM5
SIM1
SIM2
SIM3
SIM4
1
21
22
SIM5
SIM1
SIM2
SIM3
SIM4
1
21
22
SIM5
SIM1
SIM2
SIM3
SIM4
1
21
22
SIM5
SIM1
SIM2
SIM3
SIM4
1
21
22
SIM5
SIM1
SIM2
SIM3
SIM4
1
21
22
SIM5
SIM1
SIM2
SIM3
SIM4
1
21
22
SIM5
SIM1
SIM2
SIM3
SIM4
1
21
22
SIM5
SIM1
SIM2
SIM3
SIM4
1
21
22
SIM5
SIM1
SIM2
SIM3
SIM4
1
21
22
SIM5
SIM1
SIM2
SIM3
SIM4
1
21
22
SIM5
SIM1
SIM2
SIM3
SIM4
1
21
22
SIM5
SIM1
SIM2
SIM3
SIM4
1
21
22
SIM5
SIM1
SIM2
SIM3
SIM4
1
21
22
SIM5
SIM1
SIM2
SIM3
SIM4
1
21
22
SIM5
SIM1
SIM2
SIM3
SIM4
1
21
22
SIM5
SIM1
SIM2
SIM3
SIM4
1
21
22
SIM5
SIM1
SIM2
SIM3
SIM4
1
21
22
SIM5
SIM1
SIM2
SIM3
SIM4
1
21
22
SIM5
SIM1
SIM2
SIM3
SIM4
1
21
22
SIM5
SIM1
SIM2
SIM3
SIM4
1
21
22
SIM5
SIM1
SIM2
SIM3
SIM4
1
21
22
SIM5
SIM1
SIM2
SIM3
SIM4
1
21
22
SIM5
SIM1
SIM2
SIM3
SIM4
1
21
22
SIM5
SIM1
SIM2
SIM3
SIM4
1
21
22
SIM5
SIM1
SIM2
SIM3
SIM4
1
21
22
SIM5
SIM1
SIM2
SIM3
SIM4
1
21
22
SIM5
SIM1
SIM2
SIM3
SIM4
1
21
22
SIM5
SIM1
SIM2
SIM3
SIM4
1
21
22
SIM5
SIM1
SIM2
SIM3
SIM4
1
21
22
SIM5
SIM1
SIM2
SIM3
SIM4
1
21
22
SIM5
SIM1
SIM2
SIM3
SIM4
1
21
22
SIM5
SIM1
SIM2
SIM3
SIM4
1
21
22
SIM5
SIM1
SIM2
SIM3
SIM4
1
21
22
SIM5
SIM1
SIM2
SIM3
SIM4
1
21
22
SIM5
SIM1
SIM2
SIM3
SIM4
1
21
22
SIM5
SIM1
SIM2
SIM3
SIM4
1
21
22
SIM5
SIM1
SIM2
SIM3
SIM4
1
21
22
SIM5
SIM1
SIM2
SIM3
SIM4
1
21
22
SIM5
SIM1
SIM2
SIM3
SIM4
1
21
22
SIM5
SIM1
SIM2
SIM3
SIM4
1
21
22
SIM5
SIM1
SIM2
SIM3
SIM4
1
21
22
SIM5
SIM1
SIM2
SIM3
SIM4
1
21
22
SIM5
SIM1
SIM2
SIM3
SIM4
1
21
22
SIM5
SIM1
SIM2
SIM3
SIM4
1
21
22
SIM5
SIM1
SIM2
SIM3
SIM4
1
21
22
SIM5
SIM1
SIM2
SIM3
SIM4
1
21
22
SIM5
SIM1
SIM2
SIM3
SIM4
1
21
22
SIM5
SIM1
SIM2
SIM3
SIM4
1
21
22
SIM5
SIM1
SIM2
SIM3
SIM4
1
21
22
SIM5
SIM1
SIM2
SIM3
SIM4
1
21
22
SIM5
SIM1
SIM2
SIM3
SIM4
1
21
22
SIM5
SIM1
SIM2
SIM3
SIM4
1
21
22
SIM5
SIM1
SIM2
SIM3
SIM4
1
21
22
SIM5
SIM1
SIM2
SIM3
SIM4
1
21
22
SIM5
SIM1
SIM2
SIM3
SIM4
1
21
22
SIM5
SIM1
SIM2
SIM3
SIM4
1
21
22
SIM5
SIM1
SIM2
SIM3
SIM4
1
21
22
SIM5
SIM1
SIM2
SIM3
SIM4
1
21
22
SIM5
SIM1
SIM2
SIM3
SIM4
1
21
22
SIM5
SIM1
SIM2
SIM3
SIM4
1
21
22
SIM5
SIM1
SIM2
SIM3
SIM4
1
21
22
SIM5
SIM1
SIM2
SIM3
SIM4
1
21
22
SIM5
SIM1
SIM2
SIM3
SIM4
1
21
22
SIM5
SIM1
SIM2
SIM3
SIM4
1
21
22
SIM5
SIM1
SIM2
SIM3
SIM4
1
21
22
SIM5
SIM1
SIM2
SIM3
SIM4
1
21
22
SIM5
SIM1
SIM2
SIM3
SIM4
1
21
22
SIM5
SIM1
SIM2
SIM3
SIM4
1
21
22
SIM5
SIM1
SIM2
SIM3
SIM4
1
21
22
SIM5
SIM1
SIM2
SIM3
SIM4
1
21
22
SIM5
SIM1
SIM2
SIM3
SIM4
1
21
22
SIM5
SIM1
SIM2
SIM3
SIM4
1
21
22
SIM5
SIM1
SIM2
SIM3
SIM4
1
21
22
SIM5
SIM1
SIM2
SIM3
SIM4
1
21
22
SIM5
SIM1
SIM2
SIM3
SIM4
1
21
22
SIM5
SIM1
SIM2
SIM3
SIM4
1
21
22
SIM5
SIM1
SIM2
SIM3
SIM4
1
21
22
SIM5
SIM1
SIM2
SIM3
SIM4
1
21
22
SIM5
SIM1
SIM2
SIM3
SIM4
1
21
22
SIM5
SIM1
SIM2
SIM3
SIM4
1
21
22
SIM5
SIM1
SIM2
SIM3
SIM4
1
21
22
SIM5
SIM1
SIM2
SIM3
SIM4
1
21
22
SIM5
SIM1
SIM2
SIM3
SIM4
1
21
22
SIM5
SIM1
SIM2
SIM3
SIM4
1
21
22
SIM5
SIM1
SIM2
SIM3
SIM4
1
21
22
SIM5
SIM1
SIM2
SIM3
SIM4
1
21
22
SIM5
SIM1
SIM2
SIM3
SIM4
1
21
22
SIM5
SIM1
SIM2
SIM3
SIM4
1
21
22
SIM5
SIM1
SIM2
SIM3
SIM4
1
21
22
SIM5
SIM1
SIM2
SIM3
SIM4
1
21
22
SIM5
SIM1
SIM2
SIM3
SIM4
1
21
22
SIM5
SIM1
SIM2
SIM3
SIM4
1
21
22
SIM5
SIM1
SIM2
SIM3
SIM4
1
21
22
SIM5
SIM1
SIM2
SIM3
SIM4
1
21
22
SIM5
SIM1
SIM2
SIM3
SIM4
1
21
22
SIM5
SIM1
SIM2
SIM3
SIM4
1
21
22
SIM5
SIM1
SIM2
SIM3
SIM4
1
21
22
SIM5
SIM1
SIM2
SIM3
SIM4
1
21
22
SIM5
SIM1
SIM2
SIM3
SIM4
1
21
22
SIM5
SIM1
SIM2
SIM3
SIM4
1
21
22
SIM5
SIM1
SIM2
SIM3
SIM4
1
21
22
SIM5
SIM1
SIM2
SIM3
SIM4
1
21
22
SIM5
SIM1
SIM2
SIM3
SIM4
1
21
22
SIM5
SIM1
SIM2
SIM3
SIM4
1
21
22
SIM5
SIM1
SIM2
SIM3
SIM4
1
21
22
SIM5
SIM1
SIM2
SIM3
SIM4
1
21
22
SIM5
SIM1
SIM2
SIM3
SIM4
1
21
22
SIM5
SIM1
SIM2
SIM3
SIM4
1
21
22
SIM5
SIM1
SIM2
SIM3
SIM4
1
21
22
SIM5
SIM1
SIM2
SIM3
SIM4
1
21
22
SIM5
SIM1
SIM2
SIM3
SIM4
1
21
22
SIM5
SIM1
SIM2
SIM3
SIM4
1
21
22
SIM5
SIM1
SIM2
SIM3
SIM4
1
21
22
SIM5
SIM1
SIM2
SIM3
SIM4
1
21
22
SIM5
SIM1
SIM2
SIM3
SIM4
1
21
22
SIM5
SIM1
SIM2
SIM3
SIM4
1
21
22
SIM5
SIM1
SIM2
SIM3
SIM4
1
21
22
SIM5
SIM1
SIM2
SIM3
SIM4
1
21
22
SIM5
SIM1
SIM2
SIM3
SIM4
1
21
22
SIM5
SIM1
SIM2
SIM3
SIM4
1
21
22
SIM5
SIM1
SIM2
SIM3
SIM4
1
21
22
SIM5
SIM1
SIM2
DEBUG 1 137
SIM1
SIM2
SIM3
SIM4
1
21
22
SIM5
SIM1
SIM2
SIM3
SIM4
1
21
22
SIM5
SIM1
SIM2
SIM3
SIM4
1
21
22
SIM5
SIM1
SIM2
SIM3
SIM4
1
21
22
SIM5
SIM1
SIM2
SIM3
SIM4
1
21
22
SIM5
SIM1
SIM2
SIM3
SIM4
1
21
22
SIM5
SIM1
SIM2
SIM3
SIM4
1
21
22
SIM5
SIM1
SIM2
SIM3
SIM4
1
21
22
SIM5
SIM1
SIM2
SIM3
SIM4
1
21
22
SIM5
SIM1
SIM2
SIM3
SIM4
1
21
22
SIM5
SIM1
SIM2
SIM3
SIM4
1
21
22
SIM5
SIM1
SIM2
SIM3
SIM4
1
21
22
SIM5
SIM1
SIM2
SIM3
SIM4
1
21
22
SIM5
SIM1
SIM2
SIM3
SIM4
1
21
22
SIM5
SIM1
SIM2
SIM3
SIM4
1
21
22
SIM5
SIM1
SIM2
SIM3
SIM4
1
21
22
SIM5
SIM1
SIM2
SIM3
SIM4
1
21
22
SIM5
SIM1
SIM2
SIM3
SIM4
1
21
22
SIM5
SIM1
SIM2
SIM3
SIM4
1
21
22
SIM5
SIM1
SIM2
SIM3
SIM4
1
21
22
SIM5
SIM1
SIM2
SIM3
SIM4
1
21
22
SIM5
SIM1
SIM2
SIM3
SIM4
1
21
22
SIM5
SIM1
SIM2
SIM3
SIM4
1
21
22
SIM5
SIM1
SIM2
SIM3
SIM4
1
21
22
SIM5
SIM1
SIM2
SIM3
SIM4
1
21
22
SIM5
SIM1
SIM2
SIM3
SIM4
1
21
22
SIM5
SIM1
SIM2
SIM3
SIM4
1
21
22
SIM5
SIM1
SIM2
SIM3
SIM4
1
21
22
SIM5
SIM1
SIM2
SIM3
SIM4
1
21
22
SIM5
SIM1
SIM2
SIM3
SIM4
1
21
22
SIM5
SIM1
SIM2
SIM3
SIM4
1
21
22
SIM5
SIM1
SIM2
SIM3
SIM4
1
21
22
SIM5
SIM1
SIM2
SIM3
SIM4
1
21
22
SIM5
SIM1
SIM2
SIM3
SIM4
1
21
22
SIM5
SIM1
SIM2
SIM3
SIM4
1
21
22
SIM5
SIM1
SIM2
SIM3
SIM4
1
21
22
SIM5
SIM1
SIM2
SIM3
SIM4
1
21
22
SIM5
SIM1
SIM2
SIM3
SIM4
1
21
22
SIM5
SIM1
SIM2
SIM3
SIM4
1
21
22
SIM5
SIM1
SIM2
SIM3
SIM4
1
21
22
SIM5
SIM1
SIM2
SIM3
SIM4
1
21
22
SIM5
SIM1
SIM2
SIM3
SIM4
1
21
22
SIM5
SIM1
SIM2
SIM3
SIM4
1
21
22
SIM5
SIM1
SIM2
SIM3
SIM4
1
21
22
SIM5
SIM1
SIM2
SIM3
SIM4
1
21
22
SIM5
SIM1
SIM2
SIM3
SIM4
1
21
22
SIM5
SIM1
SIM2
SIM3
SIM4
1
21
22
SIM5
SIM1
SIM2
SIM3
SIM4
1
21
22
SIM5
SIM1
SIM2
SIM3
SIM4
1
21
22
SIM5
SIM1
SIM2
SIM3
SIM4
1
21
22
SIM5
SIM1
SIM2
SIM3
SIM4
1
21
22
SIM5
SIM1
SIM2
SIM3
SIM4
1
21
22
SIM5
SIM1
SIM2
SIM3
SIM4
1
21
22
SIM5
SIM1
SIM2
SIM3
SIM4
1
21
22
SIM5
SIM1
SIM2
SIM3
SIM4
1
21
22
SIM5
SIM1
SIM2
SIM3
SIM4
1
21
22
SIM5
SIM1
SIM2
SIM3
SIM4
1
21
22
SIM5
SIM1
SIM2
SIM3
SIM4
1
21
22
SIM5
SIM1
SIM2
SIM3
SIM4
1
21
22
SIM5
SIM1
SIM2
SIM3
SIM4
1
21
22
SIM5
SIM1
SIM2
SIM3
SIM4
1
21
22
SIM5
SIM1
SIM2
SIM3
SIM4
1
21
22
SIM5
SIM1
SIM2
SIM3
SIM4
1
21
22
SIM5
SIM1
SIM2
SIM3
SIM4
1
21
22
SIM5
SIM1
SIM2
SIM3
SIM4
1
21
22
SIM5
SIM1
SIM2
SIM3
SIM4
1
21
22
SIM5
SIM1
SIM2
SIM3
SIM4
1
21
22
SIM5
SIM1
SIM2
SIM3
SIM4
1
21
22
SIM5
SIM1
SIM2
SIM3
SIM4
1
21
22
SIM5
SIM1
SIM2
SIM3
SIM4
1
21
22
SIM5
SIM1
SIM2
SIM3
SIM4
1
21
22
SIM5
SIM1
SIM2
SIM3
SIM4
1
21
22
SIM5
SIM1
SIM2
SIM3
SIM4
1
21
22
SIM5
SIM1
SIM2
SIM3
SIM4
1
21
22
SIM5
SIM1
SIM2
SIM3
SIM4
1
21
22
SIM5
SIM1
SIM2
SIM3
SIM4
1
21
22
SIM5
SIM1
SIM2
SIM3
SIM4
1
21
22
SIM5
SIM1
SIM2
SIM3
SIM4
1
21
22
SIM5
SIM1
SIM2
SIM3
SIM4
1
21
22
SIM5
SIM1
SIM2
SIM3
SIM4
1
21
22
SIM5
SIM1
SIM2
SIM3
SIM4
1
21
22
SIM5
SIM1
SIM2
SIM3
SIM4
1
21
22
SIM5
SIM1
SIM2
SIM3
SIM4
1
21
22
SIM5
SIM1
SIM2
SIM3
SIM4
1
21
22
SIM5
SIM1
SIM2
SIM3
SIM4
1
21
22
SIM5
SIM1
SIM2
SIM3
SIM4
1
21
22
SIM5
SIM1
SIM2
SIM3
SIM4
1
21
22
SIM5
SIM1
SIM2
SIM3
SIM4
1
21
22
SIM5
SIM1
SIM2
SIM3
SIM4
1
21
22
SIM5
SIM1
SIM2
SIM3
SIM4
1
21
22
SIM5
SIM1
SIM2
SIM3
SIM4
1
21
22
SIM5
SIM1
SIM2
SIM3
SIM4
1
21
22
SIM5
SIM1
SIM2
SIM3
SIM4
1
21
22
SIM5
SIM1
SIM2
SIM3
SIM4
1
21
22
SIM5
SIM1
SIM2
SIM3
SIM4
1
21
22
SIM5
SIM1
SIM2
SIM3
SIM4
1
21
22
SIM5
SIM1
SIM2
SIM3
SIM4
1
21
22
SIM5
SIM1
SIM2
SIM3
SIM4
1
21
22
SIM5
SIM1
SIM2
SIM3
SIM4
1
21
22
SIM5
SIM1
SIM2
SIM3
SIM4
1
21
22
SIM5
SIM1
SIM2
SIM3
SIM4
1
21
22
SIM5
SIM1
SIM2
SIM3
SIM4
1
21
22
SIM5
SIM1
SIM2
SIM3
SIM4
1
21
22
SIM5
SIM1
SIM2
SIM3
SIM4
1
21
22
SIM5
SIM1
SIM2
SIM3
SIM4
1
21
22
SIM5
SIM1
SIM2
SIM3
SIM4
1
21
22
SIM5
SIM1
SIM2
SIM3
SIM4
1
21
22
SIM5
SIM1
SIM2
SIM3
SIM4
1
21
22
SIM5
SIM1
SIM2
SIM3
SIM4
1
21
22
SIM5
SIM1
SIM2
SIM3
SIM4
1
21
22
SIM5
SIM1
SIM2
SIM3
SIM4
1
21
22
SIM5
SIM1
SIM2
SIM3
SIM4
1
21
22
SIM5
SIM1
SIM2
SIM3
SIM4
1
21
22
SIM5
SIM1
SIM2
SIM3
SIM4
1
21
22
SIM5
SIM1
SIM2
SIM3
SIM4
1
21
22
SIM5
SIM1
SIM2
SIM3
SIM4
1
21
22
SIM5
SIM1
SIM2
SIM3
SIM4
1
21
22
SIM5
SIM1
SIM2
SIM3
SIM4
1
21
22
SIM5
SIM1
SIM2
SIM3
SIM4
1
21
22
SIM5
SIM1
SIM2
SIM3
SIM4
1
21
22
SIM5
SIM1
SIM2
SIM3
SIM4
1
21
22
SIM5
SIM1
SIM2
SIM3
SIM4
1
21
22
SIM5
SIM1
SIM2
SIM3
SIM4
1
21
22
SIM5
SIM1
SIM2
SIM3
SIM4
1
21
22
SIM5
SIM1
SIM2
SIM3
SIM4
1
21
22
SIM5
SIM1
SIM2
SIM3
SIM4
1
21
22
SIM5
SIM1
SIM2
SIM3
SIM4
1
21
22
SIM5
SIM1
SIM2
SIM3
SIM4
1
21
22
SIM5
SIM1
SIM2
SIM3
SIM4
1
21
22
SIM5
SIM1
SIM2
SIM3
SIM4
1
21
22
SIM5
SIM1
SIM2
SIM3
SIM4
1
21
22
SIM5
SIM1
SIM2
SIM3
SIM4
1
21
22
SIM5
SIM1
SIM2
SIM3
SIM4
1
21
22
SIM5
SIM1
SIM2
SIM3
SIM4
1
21
22
SIM5
SIM1
SIM2
SIM3
SIM4
1
21
22
SIM5
SIM1
SIM2
SIM3
SIM4
1
21
22
SIM5
SIM1
SIM2
SIM3
SIM4
1
21
22
SIM5
SIM1
SIM2
SIM3
SIM4
1
21
22
SIM5
SIM1
SIM2
SIM3
SIM4
1
21
22
SIM5
SIM1
SIM2
SIM3
SIM4
1
21
22
SIM5
SIM1
SIM2
SIM3
SIM4
1
21
22
SIM5
SIM1
SIM2
SIM3
SIM4
1
21
22
SIM5
SIM1
SIM2
SIM3
SIM4
1
21
22
SIM5
SIM1
SIM2
SIM3
SIM4
1
21
22
SIM5
SIM1
SIM2
SIM3
SIM4
1
21
22
SIM5
SIM1
SIM2
SIM3
SIM4
1
21
22
SIM5
SIM1
SIM2
SIM3
SIM4
1
21
22
SIM5
SIM1
SIM2
SIM3
SIM4
1
21
22
SIM5
SIM1
SIM2
SIM3
SIM4
1
21
22
SIM5
SIM1
SIM2
SIM3
SIM4
1
21
22
SIM5
SIM1
SIM2
SIM3
SIM4
1
21
22
SIM5
SIM1
SIM2
SIM3
SIM4
1
21
22
SIM5
SIM1
SIM2
SIM3
SIM4
1
21
22
SIM5
SIM1
SIM2
SIM3
SIM4
1
21
22
SIM5
SIM1
SIM2
SIM3
SIM4
1
21
22
SIM5
SIM1
SIM2
SIM3
SIM4
1
21
22
SIM5
SIM1
SIM2
SIM3
SIM4
1
21
22
SIM5
SIM1
SIM2
SIM3
SIM4
1
21
22
SIM5
SIM1
SIM2
SIM3
SIM4
1
21
22
SIM5
SIM1
SIM2
SIM3
SIM4
1
21
22
SIM5
SIM1
SIM2
SIM3
SIM4
1
21
22
SIM5
SIM1
SIM2
SIM3
SIM4
1
21
22
SIM5
SIM1
SIM2
SIM3
SIM4
1
21
22
SIM5
SIM1
SIM2
SIM3
SIM4
1
21
22
SIM5
SIM1
SIM2
SIM3
SIM4
1
21
22
SIM5
SIM1
SIM2
SIM3
SIM4
1
21
22
SIM5
SIM1
SIM2
SIM3
SIM4
1
21
22
SIM5
SIM1
SIM2
SIM3
SIM4
1
21
22
SIM5
SIM1
SIM2
SIM3
SIM4
1
21
22
SIM5
SIM1
SIM2
SIM3
SIM4
1
21
22
SIM5
SIM1
SIM2
SIM3
SIM4
1
21
22
SIM5
SIM1
SIM2
SIM3
SIM4
1
21
22
SIM5
SIM1
SIM2
SIM3
SIM4
1
21
22
SIM5
SIM1
SIM2
SIM3
SIM4
1
21
22
SIM5
SIM1
SIM2
SIM3
SIM4
1
21
22
SIM5
SIM1
SIM2
SIM3
SIM4
1
21
22
SIM5
SIM1
SIM2
SIM3
SIM4
1
21
22
SIM5
SIM1
SIM2
SIM3
SIM4
1
21
22
SIM5
SIM1
SIM2
SIM3
SIM4
1
21
22
SIM5
SIM1
SIM2
SIM3
SIM4
1
21
22
SIM5
SIM1
SIM2
SIM3
SIM4
1
21
22
SIM5
SIM1
SIM2
SIM3
SIM4
1
21
22
SIM5
SIM1
SIM2
SIM3
SIM4
1
21
22
SIM5
SIM1
SIM2
SIM3
SIM4
1
21
22
SIM5
SIM1
SIM2
SIM3
SIM4
1
21
22
SIM5
SIM1
SIM2
SIM3
SIM4
1
21
22
SIM5
SIM1
SIM2
SIM3
SIM4
1
21
22
SIM5
SIM1
SIM2
SIM3
SIM4
1
21
22
SIM5
SIM1
SIM2
DEBUG 1 138
SIM1
SIM2
SIM3
SIM4
1
21
22
SIM5
SIM1
SIM2
SIM3
SIM4
1
21
22
SIM5
SIM1
SIM2
SIM3
SIM4
1
21
22
SIM5
SIM1
SIM2
SIM3
SIM4
1
21
22
SIM5
SIM1
SIM2
SIM3
SIM4
1
21
22
SIM5
SIM1
SIM2
SIM3
SIM4
1
21
22
SIM5
SIM1
SIM2
SIM3
SIM4
1
21
22
SIM5
SIM1
SIM2
SIM3
SIM4
1
21
22
SIM5
SIM1
SIM2
SIM3
SIM4
1
21
22
SIM5
SIM1
SIM2
SIM3
SIM4
1
21
22
SIM5
SIM1
SIM2
SIM3
SIM4
1
21
22
SIM5
SIM1
SIM2
SIM3
SIM4
1
21
22
SIM5
SIM1
SIM2
SIM3
SIM4
1
21
22
SIM5
SIM1
SIM2
SIM3
SIM4
1
21
22
SIM5
SIM1
SIM2
SIM3
SIM4
1
21
22
SIM5
SIM1
SIM2
SIM3
SIM4
1
21
22
SIM5
SIM1
SIM2
SIM3
SIM4
1
21
22
SIM5
SIM1
SIM2
SIM3
SIM4
1
21
22
SIM5
SIM1
SIM2
SIM3
SIM4
1
21
22
SIM5
SIM1
SIM2
SIM3
SIM4
1
21
22
SIM5
SIM1
SIM2
SIM3
SIM4
1
21
22
SIM5
SIM1
SIM2
SIM3
SIM4
1
21
22
SIM5
SIM1
SIM2
SIM3
SIM4
1
21
22
SIM5
SIM1
SIM2
SIM3
SIM4
1
21
22
SIM5
SIM1
SIM2
SIM3
SIM4
1
21
22
SIM5
SIM1
SIM2
SIM3
SIM4
1
21
22
SIM5
SIM1
SIM2
SIM3
SIM4
1
21
22
SIM5
SIM1
SIM2
SIM3
SIM4
1
21
22
SIM5
SIM1
SIM2
SIM3
SIM4
1
21
22
SIM5
SIM1
SIM2
SIM3
SIM4
1
21
22
SIM5
SIM1
SIM2
SIM3
SIM4
1
21
22
SIM5
SIM1
SIM2
SIM3
SIM4
1
21
22
SIM5
SIM1
SIM2
SIM3
SIM4
1
21
22
SIM5
SIM1
SIM2
SIM3
SIM4
1
21
22
SIM5
SIM1
SIM2
SIM3
SIM4
1
21
22
SIM5
SIM1
SIM2
SIM3
SIM4
1
21
22
SIM5
SIM1
SIM2
SIM3
SIM4
1
21
22
SIM5
SIM1
SIM2
SIM3
SIM4
1
21
22
SIM5
SIM1
SIM2
SIM3
SIM4
1
21
22
SIM5
SIM1
SIM2
SIM3
SIM4
1
21
22
SIM5
SIM1
SIM2
SIM3
SIM4
1
21
22
SIM5
SIM1
SIM2
SIM3
SIM4
1
21
22
SIM5
SIM1
SIM2
SIM3
SIM4
1
21
22
SIM5
SIM1
SIM2
SIM3
SIM4
1
21
22
SIM5
SIM1
SIM2
SIM3
SIM4
1
21
22
SIM5
SIM1
SIM2
SIM3
SIM4
1
21
22
SIM5
SIM1
SIM2
SIM3
SIM4
1
21
22
SIM5
SIM1
SIM2
SIM3
SIM4
1
21
22
SIM5
SIM1
SIM2
SIM3
SIM4
1
21
22
SIM5
SIM1
SIM2
SIM3
SIM4
1
21
22
SIM5
SIM1
SIM2
SIM3
SIM4
1
21
22
SIM5
SIM1
SIM2
SIM3
SIM4
1
21
22
SIM5
SIM1
SIM2
SIM3
SIM4
1
21
22
SIM5
SIM1
SIM2
SIM3
SIM4
1
21
22
SIM5
SIM1
SIM2
SIM3
SIM4
1
21
22
SIM5
SIM1
SIM2
SIM3
SIM4
1
21
22
SIM5
SIM1
SIM2
SIM3
SIM4
1
21
22
SIM5
SIM1
SIM2
SIM3
SIM4
1
21
22
SIM5
SIM1
SIM2
SIM3
SIM4
1
21
22
SIM5
SIM1
SIM2
SIM3
SIM4
1
21
22
SIM5
SIM1
SIM2
SIM3
SIM4
1
21
22
SIM5
SIM1
SIM2
SIM3
SIM4
1
21
22
SIM5
SIM1
SIM2
SIM3
SIM4
1
21
22
SIM5
SIM1
SIM2
SIM3
SIM4
1
21
22
SIM5
SIM1
SIM2
SIM3
SIM4
1
21
22
SIM5
SIM1
SIM2
SIM3
SIM4
1
21
22
SIM5
SIM1
SIM2
SIM3
SIM4
1
21
22
SIM5
SIM1
SIM2
SIM3
SIM4
1
21
22
SIM5
SIM1
SIM2
SIM3
SIM4
1
21
22
SIM5
SIM1
SIM2
SIM3
SIM4
1
21
22
SIM5
SIM1
SIM2
SIM3
SIM4
1
21
22
SIM5
SIM1
SIM2
SIM3
SIM4
1
21
22
SIM5
SIM1
SIM2
SIM3
SIM4
1
21
22
SIM5
SIM1
SIM2
SIM3
SIM4
1
21
22
SIM5
SIM1
SIM2
SIM3
SIM4
1
21
22
SIM5
SIM1
SIM2
SIM3
SIM4
1
21
22
SIM5
SIM1
SIM2
SIM3
SIM4
1
21
22
SIM5
SIM1
SIM2
SIM3
SIM4
1
21
22
SIM5
SIM1
SIM2
SIM3
SIM4
1
21
22
SIM5
SIM1
SIM2
SIM3
SIM4
1
21
22
SIM5
SIM1
SIM2
SIM3
SIM4
1
21
22
SIM5
SIM1
SIM2
SIM3
SIM4
1
21
22
SIM5
SIM1
SIM2
SIM3
SIM4
1
21
22
SIM5
SIM1
SIM2
SIM3
SIM4
1
21
22
SIM5
SIM1
SIM2
SIM3
SIM4
1
21
22
SIM5
SIM1
SIM2
SIM3
SIM4
1
21
22
SIM5
SIM1
SIM2
SIM3
SIM4
1
21
22
SIM5
SIM1
SIM2
SIM3
SIM4
1
21
22
SIM5
SIM1
SIM2
SIM3
SIM4
1
21
22
SIM5
SIM1
SIM2
SIM3
SIM4
1
21
22
SIM5
SIM1
SIM2
SIM3
SIM4
1
21
22
SIM5
SIM1
SIM2
SIM3
SIM4
1
21
22
SIM5
SIM1
SIM2
SIM3
SIM4
1
21
22
SIM5
SIM1
SIM2
SIM3
SIM4
1
21
22
SIM5
SIM1
SIM2
SIM3
SIM4
1
21
22
SIM5
SIM1
SIM2
SIM3
SIM4
1
21
22
SIM5
SIM1
SIM2
SIM3
SIM4
1
21
22
SIM5
SIM1
SIM2
SIM3
SIM4
1
21
22
SIM5
SIM1
SIM2
SIM3
SIM4
1
21
22
SIM5
SIM1
SIM2
SIM3
SIM4
1
21
22
SIM5
SIM1
SIM2
SIM3
SIM4
1
21
22
SIM5
SIM1
SIM2
SIM3
SIM4
1
21
22
SIM5
SIM1
SIM2
SIM3
SIM4
1
21
22
SIM5
SIM1
SIM2
SIM3
SIM4
1
21
22
SIM5
SIM1
SIM2
SIM3
SIM4
1
21
22
SIM5
SIM1
SIM2
SIM3
SIM4
1
21
22
SIM5
SIM1
SIM2
SIM3
SIM4
1
21
22
SIM5
SIM1
SIM2
SIM3
SIM4
1
21
22
SIM5
SIM1
SIM2
SIM3
SIM4
1
21
22
SIM5
SIM1
SIM2
SIM3
SIM4
1
21
22
SIM5
SIM1
SIM2
SIM3
SIM4
1
21
22
SIM5
SIM1
SIM2
SIM3
SIM4
1
21
22
SIM5
SIM1
SIM2
SIM3
SIM4
1
21
22
SIM5
SIM1
SIM2
SIM3
SIM4
1
21
22
SIM5
SIM1
SIM2
SIM3
SIM4
1
21
22
SIM5
SIM1
SIM2
SIM3
SIM4
1
21
22
SIM5
SIM1
SIM2
SIM3
SIM4
1
21
22
SIM5
SIM1
SIM2
SIM3
SIM4
1
21
22
SIM5
SIM1
SIM2
SIM3
SIM4
1
21
22
SIM5
SIM1
SIM2
SIM3
SIM4
1
21
22
SIM5
SIM1
SIM2
SIM3
SIM4
1
21
22
SIM5
SIM1
SIM2
SIM3
SIM4
1
21
22
SIM5
SIM1
SIM2
SIM3
SIM4
1
21
22
SIM5
SIM1
SIM2
SIM3
SIM4
1
21
22
SIM5
SIM1
SIM2
SIM3
SIM4
1
21
22
SIM5
SIM1
SIM2
SIM3
SIM4
1
21
22
SIM5
SIM1
SIM2
SIM3
SIM4
1
21
22
SIM5
SIM1
SIM2
SIM3
SIM4
1
21
22
SIM5
SIM1
SIM2
SIM3
SIM4
1
21
22
SIM5
SIM1
SIM2
SIM3
SIM4
1
21
22
SIM5
SIM1
SIM2
SIM3
SIM4
1
21
22
SIM5
SIM1
SIM2
SIM3
SIM4
1
21
22
SIM5
SIM1
SIM2
SIM3
SIM4
1
21
22
SIM5
SIM1
SIM2
SIM3
SIM4
1
21
22
SIM5
SIM1
SIM2
SIM3
SIM4
1
21
22
SIM5
SIM1
SIM2
DEBUG 1 139
SIM1
SIM2
SIM3
SIM4
1
21
22
SIM5
SIM1
SIM2
SIM3
SIM4
1
21
22
SIM5
SIM1
SIM2
SIM3
SIM4
1
21
22
SIM5
SIM1
SIM2
SIM3
SIM4
1
21
22
SIM5
SIM1
SIM2
SIM3
SIM4
1
21
22
SIM5
SIM1
SIM2
SIM3
SIM4
1
21
22
SIM5
SIM1
SIM2
SIM3
SIM4
1
21
22
SIM5
SIM1
SIM2
SIM3
SIM4
1
21
22
SIM5
SIM1
SIM2
SIM3
SIM4
1
21
22
SIM5
SIM1
SIM2
SIM3
SIM4
1
21
22
SIM5
SIM1
SIM2
SIM3
SIM4
1
21
22
SIM5
SIM1
SIM2
SIM3
SIM4
1
21
22
SIM5
SIM1
SIM2
SIM3
SIM4
1
21
22
SIM5
SIM1
SIM2
SIM3
SIM4
1
21
22
SIM5
SIM1
SIM2
SIM3
SIM4
1
21
22
SIM5
SIM1
SIM2
SIM3
SIM4
1
21
22
SIM5
SIM1
SIM2
SIM3
SIM4
1
21
22
SIM5
SIM1
SIM2
SIM3
SIM4
1
21
22
SIM5
SIM1
SIM2
SIM3
SIM4
1
21
22
SIM5
SIM1
SIM2
SIM3
SIM4
1
21
22
SIM5
SIM1
SIM2
SIM3
SIM4
1
21
22
SIM5
SIM1
SIM2
SIM3
SIM4
1
21
22
SIM5
SIM1
SIM2
SIM3
SIM4
1
21
22
SIM5
SIM1
SIM2
SIM3
SIM4
1
21
22
SIM5
SIM1
SIM2
SIM3
SIM4
1
21
22
SIM5
SIM1
SIM2
SIM3
SIM4
1
21
22
SIM5
SIM1
SIM2
SIM3
SIM4
1
21
22
SIM5
SIM1
SIM2
SIM3
SIM4
1
21
22
SIM5
SIM1
SIM2
SIM3
SIM4
1
21
22
SIM5
SIM1
SIM2
SIM3
SIM4
1
21
22
SIM5
SIM1
SIM2
SIM3
SIM4
1
21
22
SIM5
SIM1
SIM2
SIM3
SIM4
1
21
22
SIM5
SIM1
SIM2
SIM3
SIM4
1
21
22
SIM5
SIM1
SIM2
SIM3
SIM4
1
21
22
SIM5
SIM1
SIM2
SIM3
SIM4
1
21
22
SIM5
SIM1
SIM2
SIM3
SIM4
1
21
22
SIM5
SIM1
SIM2
SIM3
SIM4
1
21
22
SIM5
SIM1
SIM2
SIM3
SIM4
1
21
22
SIM5
SIM1
SIM2
SIM3
SIM4
1
21
22
SIM5
SIM1
SIM2
SIM3
SIM4
1
21
22
SIM5
SIM1
SIM2
SIM3
SIM4
1
21
22
SIM5
SIM1
SIM2
SIM3
SIM4
1
21
22
SIM5
SIM1
SIM2
SIM3
SIM4
1
21
22
SIM5
SIM1
SIM2
SIM3
SIM4
1
21
22
SIM5
SIM1
SIM2
SIM3
SIM4
1
21
22
SIM5
SIM1
SIM2
SIM3
SIM4
1
21
22
SIM5
SIM1
SIM2
SIM3
SIM4
1
21
22
SIM5
SIM1
SIM2
SIM3
SIM4
1
21
22
SIM5
SIM1
SIM2
SIM3
SIM4
1
21
22
SIM5
SIM1
SIM2
SIM3
SIM4
1
21
22
SIM5
SIM1
SIM2
SIM3
SIM4
1
21
22
SIM5
SIM1
SIM2
SIM3
SIM4
1
21
22
SIM5
SIM1
SIM2
SIM3
SIM4
1
21
22
SIM5
SIM1
SIM2
SIM3
SIM4
1
21
22
SIM5
SIM1
SIM2
SIM3
SIM4
1
21
22
SIM5
SIM1
SIM2
SIM3
SIM4
1
21
22
SIM5
SIM1
SIM2
SIM3
SIM4
1
21
22
SIM5
SIM1
SIM2
SIM3
SIM4
1
21
22
SIM5
SIM1
SIM2
SIM3
SIM4
1
21
22
SIM5
SIM1
SIM2
SIM3
SIM4
1
21
22
SIM5
SIM1
SIM2
SIM3
SIM4
1
21
22
SIM5
SIM1
SIM2
SIM3
SIM4
1
21
22
SIM5
SIM1
SIM2
SIM3
SIM4
1
21
22
SIM5
SIM1
SIM2
SIM3
SIM4
1
21
22
SIM5
SIM1
SIM2
SIM3
SIM4
1
21
22
SIM5
SIM1
SIM2
SIM3
SIM4
1
21
22
SIM5
SIM1
SIM2
SIM3
SIM4
1
21
22
SIM5
SIM1
SIM2
SIM3
SIM4
1
21
22
SIM5
SIM1
SIM2
SIM3
SIM4
1
21
22
SIM5
SIM1
SIM2
SIM3
SIM4
1
21
22
SIM5
SIM1
SIM2
SIM3
SIM4
1
21
22
SIM5
SIM1
SIM2
SIM3
SIM4
1
21
22
SIM5
SIM1
SIM2
SIM3
SIM4
1
21
22
SIM5
SIM1
SIM2
SIM3
SIM4
1
21
22
SIM5
SIM1
SIM2
SIM3
SIM4
1
21
22
SIM5
SIM1
SIM2
SIM3
SIM4
1
21
22
SIM5
SIM1
SIM2
SIM3
SIM4
1
21
22
SIM5
SIM1
SIM2
SIM3
SIM4
1
21
22
SIM5
SIM1
SIM2
SIM3
SIM4
1
21
22
SIM5
SIM1
SIM2
SIM3
SIM4
1
21
22
SIM5
SIM1
SIM2
SIM3
SIM4
1
21
22
SIM5
SIM1
SIM2
SIM3
SIM4
1
21
22
SIM5
SIM1
SIM2
SIM3
SIM4
1
21
22
SIM5
SIM1
SIM2
SIM3
SIM4
1
21
22
SIM5
SIM1
SIM2
SIM3
SIM4
1
21
22
SIM5
SIM1
SIM2
SIM3
SIM4
1
21
22
SIM5
SIM1
SIM2
SIM3
SIM4
1
21
22
SIM5
SIM1
SIM2
SIM3
SIM4
1
21
22
SIM5
SIM1
SIM2
SIM3
SIM4
1
21
22
SIM5
SIM1
SIM2
SIM3
SIM4
1
21
22
SIM5
SIM1
SIM2
SIM3
SIM4
1
21
22
SIM5
SIM1
SIM2
SIM3
SIM4
1
21
22
SIM5
SIM1
SIM2
SIM3
SIM4
1
21
22
SIM5
SIM1
SIM2
SIM3
SIM4
1
21
22
SIM5
SIM1
SIM2
SIM3
SIM4
1
21
22
SIM5
SIM1
SIM2
SIM3
SIM4
1
21
22
SIM5
SIM1
SIM2
SIM3
SIM4
1
21
22
SIM5
SIM1
SIM2
SIM3
SIM4
1
21
22
SIM5
SIM1
SIM2
SIM3
SIM4
1
21
22
SIM5
SIM1
SIM2
SIM3
SIM4
1
21
22
SIM5
SIM1
SIM2
SIM3
SIM4
1
21
22
SIM5
SIM1
SIM2
SIM3
SIM4
1
21
22
SIM5
SIM1
SIM2
SIM3
SIM4
1
21
22
SIM5
SIM1
SIM2
SIM3
SIM4
1
21
22
SIM5
SIM1
SIM2
SIM3
SIM4
1
21
22
SIM5
SIM1
SIM2
SIM3
SIM4
1
21
22
SIM5
SIM1
SIM2
SIM3
SIM4
1
21
22
SIM5
SIM1
SIM2
SIM3
SIM4
1
21
22
SIM5
SIM1
SIM2
SIM3
SIM4
1
21
22
SIM5
SIM1
SIM2
SIM3
SIM4
1
21
22
SIM5
SIM1
SIM2
SIM3
SIM4
1
21
22
SIM5
SIM1
SIM2
SIM3
SIM4
1
21
22
SIM5
SIM1
SIM2
SIM3
SIM4
1
21
22
SIM5
SIM1
SIM2
SIM3
SIM4
1
21
22
SIM5
SIM1
SIM2
SIM3
SIM4
1
21
22
SIM5
SIM1
SIM2
SIM3
SIM4
1
21
22
SIM5
SIM1
SIM2
SIM3
SIM4
1
21
22
SIM5
SIM1
SIM2
SIM3
SIM4
1
21
22
SIM5
SIM1
SIM2
SIM3
SIM4
1
21
22
SIM5
SIM1
SIM2
SIM3
SIM4
1
21
22
SIM5
SIM1
SIM2
SIM3
SIM4
1
21
22
SIM5
SIM1
SIM2
SIM3
SIM4
1
21
22
SIM5
SIM1
SIM2
SIM3
SIM4
1
21
22
SIM5
SIM1
SIM2
SIM3
SIM4
1
21
22
SIM5
SIM1
SIM2
SIM3
SIM4
1
21
22
SIM5
SIM1
SIM2
SIM3
SIM4
1
21
22
SIM5
SIM1
SIM2
SIM3
SIM4
1
21
22
SIM5
SIM1
SIM2
SIM3
SIM4
1
21
22
SIM5
SIM1
SIM2
SIM3
SIM4
1
21
22
SIM5
SIM1
SIM2
SIM3
SIM4
1
21
22
SIM5
SIM1
SIM2
SIM3
SIM4
1
21
22
SIM5
SIM1
SIM2
SIM3
SIM4
1
21
22
SIM5
SIM1
SIM2
SIM3
SIM4
1
21
22
SIM5
SIM1
SIM2
SIM3
SIM4
1
21
22
SIM5
SIM1
SIM2
SIM3
SIM4
1
21
22
SIM5
SIM1
SIM2
SIM3
SIM4
1
21
22
SIM5
SIM1
SIM2
SIM3
SIM4
1
21
22
SIM5
SIM1
SIM2
SIM3
SIM4
1
21
22
SIM5
SIM1
SIM2
SIM3
SIM4
1
21
22
SIM5
SIM1
SIM2
SIM3
SIM4
1
21
22
SIM5
SIM1
SIM2
SIM3
SIM4
1
21
22
SIM5
SIM1
SIM2
SIM3
SIM4
1
21
22
SIM5
SIM1
SIM2
SIM3
SIM4
1
21
22
SIM5
SIM1
SIM2
SIM3
SIM4
1
21
22
SIM5
SIM1
SIM2
SIM3
SIM4
1
21
22
SIM5
SIM1
SIM2
SIM3
SIM4
1
21
22
SIM5
SIM1
SIM2
SIM3
SIM4
1
21
22
SIM5
SIM1
SIM2
SIM3
SIM4
1
21
22
SIM5
SIM1
SIM2
SIM3
SIM4
1
21
22
SIM5
SIM1
SIM2
SIM3
SIM4
1
21
22
SIM5
SIM1
SIM2
SIM3
SIM4
1
21
22
SIM5
SIM1
SIM2
SIM3
SIM4
1
21
22
SIM5
SIM1
SIM2
SIM3
SIM4
1
21
22
SIM5
SIM1
SIM2
SIM3
SIM4
1
21
22
SIM5
SIM1
SIM2
SIM3
SIM4
1
21
22
SIM5
SIM1
SIM2
SIM3
SIM4
1
21
22
SIM5
SIM1
SIM2
SIM3
SIM4
1
21
22
SIM5
SIM1
SIM2
SIM3
SIM4
1
21
22
SIM5
SIM1
SIM2
SIM3
SIM4
1
21
22
SIM5
SIM1
SIM2
SIM3
SIM4
1
21
22
SIM5
SIM1
SIM2
SIM3
SIM4
1
21
22
SIM5
SIM1
SIM2
SIM3
SIM4
1
21
22
SIM5
SIM1
SIM2
SIM3
SIM4
1
21
22
SIM5
SIM1
SIM2
SIM3
SIM4
1
21
22
SIM5
SIM1
SIM2
SIM3
SIM4
1
21
22
SIM5
SIM1
SIM2
SIM3
SIM4
1
21
22
SIM5
SIM1
SIM2
SIM3
SIM4
1
21
22
SIM5
SIM1
SIM2
SIM3
SIM4
1
21
22
SIM5
SIM1
SIM2
SIM3
SIM4
1
21
22
SIM5
SIM1
SIM2
SIM3
SIM4
1
21
22
SIM5
SIM1
SIM2
SIM3
SIM4
1
21
22
SIM5
SIM1
SIM2
SIM3
SIM4
1
21
22
SIM5
SIM1
SIM2
DEBUG 1 140
SIM1
SIM2
SIM3
SIM4
1
21
22
SIM5
SIM1
SIM2
SIM3
SIM4
1
21
22
SIM5
SIM1
SIM2
SIM3
SIM4
1
21
22
SIM5
SIM1
SIM2
SIM3
SIM4
1
21
22
SIM5
SIM1
SIM2
SIM3
SIM4
1
21
22
SIM5
SIM1
SIM2
SIM3
SIM4
1
21
22
SIM5
SIM1
SIM2
SIM3
SIM4
1
21
22
SIM5
SIM1
SIM2
SIM3
SIM4
1
21
22
SIM5
SIM1
SIM2
SIM3
SIM4
1
21
22
SIM5
SIM1
SIM2
SIM3
SIM4
1
21
22
SIM5
SIM1
SIM2
SIM3
SIM4
1
21
22
SIM5
SIM1
SIM2
SIM3
SIM4
1
21
22
SIM5
SIM1
SIM2
SIM3
SIM4
1
21
22
SIM5
SIM1
SIM2
SIM3
SIM4
1
21
22
SIM5
SIM1
SIM2
SIM3
SIM4
1
21
22
SIM5
SIM1
SIM2
SIM3
SIM4
1
21
22
SIM5
SIM1
SIM2
SIM3
SIM4
1
21
22
SIM5
SIM1
SIM2
SIM3
SIM4
1
21
22
SIM5
SIM1
SIM2
SIM3
SIM4
1
21
22
SIM5
SIM1
SIM2
SIM3
SIM4
1
21
22
SIM5
SIM1
SIM2
SIM3
SIM4
1
21
22
SIM5
SIM1
SIM2
SIM3
SIM4
1
21
22
SIM5
SIM1
SIM2
SIM3
SIM4
1
21
22
SIM5
SIM1
SIM2
SIM3
SIM4
1
21
22
SIM5
SIM1
SIM2
SIM3
SIM4
1
21
22
SIM5
SIM1
SIM2
SIM3
SIM4
1
21
22
SIM5
SIM1
SIM2
SIM3
SIM4
1
21
22
SIM5
SIM1
SIM2
SIM3
SIM4
1
21
22
SIM5
SIM1
SIM2
SIM3
SIM4
1
21
22
SIM5
SIM1
SIM2
SIM3
SIM4
1
21
22
SIM5
SIM1
SIM2
SIM3
SIM4
1
21
22
SIM5
SIM1
SIM2
SIM3
SIM4
1
21
22
SIM5
SIM1
SIM2
SIM3
SIM4
1
21
22
SIM5
SIM1
SIM2
SIM3
SIM4
1
21
22
SIM5
SIM1
SIM2
SIM3
SIM4
1
21
22
SIM5
SIM1
SIM2
SIM3
SIM4
1
21
22
SIM5
SIM1
SIM2
SIM3
SIM4
1
21
22
SIM5
SIM1
SIM2
SIM3
SIM4
1
21
22
SIM5
SIM1
SIM2
SIM3
SIM4
1
21
22
SIM5
SIM1
SIM2
SIM3
SIM4
1
21
22
SIM5
SIM1
SIM2
SIM3
SIM4
1
21
22
SIM5
SIM1
SIM2
SIM3
SIM4
1
21
22
SIM5
SIM1
SIM2
SIM3
SIM4
1
21
22
SIM5
SIM1
SIM2
SIM3
SIM4
1
21
22
SIM5
SIM1
SIM2
SIM3
SIM4
1
21
22
SIM5
SIM1
SIM2
SIM3
SIM4
1
21
22
SIM5
SIM1
SIM2
SIM3
SIM4
1
21
22
SIM5
SIM1
SIM2
SIM3
SIM4
1
21
22
SIM5
SIM1
SIM2
SIM3
SIM4
1
21
22
SIM5
SIM1
SIM2
SIM3
SIM4
1
21
22
SIM5
SIM1
SIM2
SIM3
SIM4
1
21
22
SIM5
SIM1
SIM2
SIM3
SIM4
1
21
22
SIM5
SIM1
SIM2
SIM3
SIM4
1
21
22
SIM5
SIM1
SIM2
SIM3
SIM4
1
21
22
SIM5
SIM1
SIM2
SIM3
SIM4
1
21
22
SIM5
SIM1
SIM2
SIM3
SIM4
1
21
22
SIM5
SIM1
SIM2
SIM3
SIM4
1
21
22
SIM5
SIM1
SIM2
SIM3
SIM4
1
21
22
SIM5
SIM1
SIM2
SIM3
SIM4
1
21
22
SIM5
SIM1
SIM2
SIM3
SIM4
1
21
22
SIM5
SIM1
SIM2
SIM3
SIM4
1
21
22
SIM5
SIM1
SIM2
SIM3
SIM4
1
21
22
SIM5
SIM1
SIM2
SIM3
SIM4
1
21
22
SIM5
SIM1
SIM2
SIM3
SIM4
1
21
22
SIM5
SIM1
SIM2
SIM3
SIM4
1
21
22
SIM5
SIM1
SIM2
SIM3
SIM4
1
21
22
SIM5
SIM1
SIM2
SIM3
SIM4
1
21
22
SIM5
SIM1
SIM2
SIM3
SIM4
1
21
22
SIM5
SIM1
SIM2
SIM3
SIM4
1
21
22
SIM5
SIM1
SIM2
SIM3
SIM4
1
21
22
SIM5
SIM1
SIM2
SIM3
SIM4
1
21
22
SIM5
SIM1
SIM2
SIM3
SIM4
1
21
22
SIM5
SIM1
SIM2
SIM3
SIM4
1
21
22
SIM5
SIM1
SIM2
SIM3
SIM4
1
21
22
SIM5
SIM1
SIM2
SIM3
SIM4
1
21
22
SIM5
SIM1
SIM2
SIM3
SIM4
1
21
22
SIM5
SIM1
SIM2
SIM3
SIM4
1
21
22
SIM5
SIM1
SIM2
SIM3
SIM4
1
21
22
SIM5
SIM1
SIM2
SIM3
SIM4
1
21
22
SIM5
SIM1
SIM2
SIM3
SIM4
1
21
22
SIM5
SIM1
SIM2
SIM3
SIM4
1
21
22
SIM5
SIM1
SIM2
DEBUG 1 141
SIM1
SIM2
SIM3
SIM4
1
21
22
SIM5
SIM1
SIM2
SIM3
SIM4
1
21
22
SIM5
SIM1
SIM2
SIM3
SIM4
1
21
22
SIM5
SIM1
SIM2
SIM3
SIM4
1
21
22
SIM5
SIM1
SIM2
SIM3
SIM4
1
21
22
SIM5
SIM1
SIM2
SIM3
SIM4
1
21
22
SIM5
SIM1
SIM2
SIM3
SIM4
1
21
22
SIM5
SIM1
SIM2
SIM3
SIM4
1
21
22
SIM5
SIM1
SIM2
SIM3
SIM4
1
21
22
SIM5
SIM1
SIM2
SIM3
SIM4
1
21
22
SIM5
SIM1
SIM2
SIM3
SIM4
1
21
22
SIM5
SIM1
SIM2
SIM3
SIM4
1
21
22
SIM5
SIM1
SIM2
SIM3
SIM4
1
21
22
SIM5
SIM1
SIM2
SIM3
SIM4
1
21
22
SIM5
SIM1
SIM2
SIM3
SIM4
1
21
22
SIM5
SIM1
SIM2
SIM3
SIM4
1
21
22
SIM5
SIM1
SIM2
SIM3
SIM4
1
21
22
SIM5
SIM1
SIM2
SIM3
SIM4
1
21
22
SIM5
SIM1
SIM2
SIM3
SIM4
1
21
22
SIM5
SIM1
SIM2
SIM3
SIM4
1
21
22
SIM5
SIM1
SIM2
SIM3
SIM4
1
21
22
SIM5
SIM1
SIM2
SIM3
SIM4
1
21
22
SIM5
SIM1
SIM2
SIM3
SIM4
1
21
22
SIM5
SIM1
SIM2
SIM3
SIM4
1
21
22
SIM5
SIM1
SIM2
SIM3
SIM4
1
21
22
SIM5
SIM1
SIM2
SIM3
SIM4
1
21
22
SIM5
SIM1
SIM2
SIM3
SIM4
1
21
22
SIM5
SIM1
SIM2
SIM3
SIM4
1
21
22
SIM5
SIM1
SIM2
SIM3
SIM4
1
21
22
SIM5
SIM1
SIM2
SIM3
SIM4
1
21
22
SIM5
SIM1
SIM2
SIM3
SIM4
1
21
22
SIM5
SIM1
SIM2
SIM3
SIM4
1
21
22
SIM5
SIM1
SIM2
SIM3
SIM4
1
21
22
SIM5
SIM1
SIM2
SIM3
SIM4
1
21
22
SIM5
SIM1
SIM2
SIM3
SIM4
1
21
22
SIM5
SIM1
SIM2
SIM3
SIM4
1
21
22
SIM5
SIM1
SIM2
SIM3
SIM4
1
21
22
SIM5
SIM1
SIM2
SIM3
SIM4
1
21
22
SIM5
SIM1
SIM2
SIM3
SIM4
1
21
22
SIM5
SIM1
SIM2
SIM3
SIM4
1
21
22
SIM5
SIM1
SIM2
SIM3
SIM4
1
21
22
SIM5
SIM1
SIM2
SIM3
SIM4
1
21
22
SIM5
SIM1
SIM2
SIM3
SIM4
1
21
22
SIM5
SIM1
SIM2
SIM3
SIM4
1
21
22
SIM5
SIM1
SIM2
SIM3
SIM4
1
21
22
SIM5
SIM1
SIM2
SIM3
SIM4
1
21
22
SIM5
SIM1
SIM2
SIM3
SIM4
1
21
22
SIM5
SIM1
SIM2
SIM3
SIM4
1
21
22
SIM5
SIM1
SIM2
SIM3
SIM4
1
21
22
SIM5
SIM1
SIM2
SIM3
SIM4
1
21
22
SIM5
SIM1
SIM2
SIM3
SIM4
1
21
22
SIM5
SIM1
SIM2
SIM3
SIM4
1
21
22
SIM5
SIM1
SIM2
SIM3
SIM4
1
21
22
SIM5
SIM1
SIM2
SIM3
SIM4
1
21
22
SIM5
SIM1
SIM2
SIM3
SIM4
1
21
22
SIM5
SIM1
SIM2
SIM3
SIM4
1
21
22
SIM5
SIM1
SIM2
DEBUG 1 142
SIM1
SIM2
SIM3
SIM4
1
21
22
SIM5
SIM1
SIM2
SIM3
SIM4
1
21
22
SIM5
SIM1
SIM2
SIM3
SIM4
1
21
22
SIM5
SIM1
SIM2
SIM3
SIM4
1
21
22
SIM5
SIM1
SIM2
SIM3
SIM4
1
21
22
SIM5
SIM1
SIM2
SIM3
SIM4
1
21
22
SIM5
SIM1
SIM2
SIM3
SIM4
1
21
22
SIM5
SIM1
SIM2
SIM3
SIM4
1
21
22
SIM5
SIM1
SIM2
SIM3
SIM4
1
21
22
SIM5
SIM1
SIM2
SIM3
SIM4
1
21
22
SIM5
SIM1
SIM2
SIM3
SIM4
1
21
22
SIM5
SIM1
SIM2
SIM3
SIM4
1
21
22
SIM5
SIM1
SIM2
SIM3
SIM4
1
21
22
SIM5
SIM1
SIM2
SIM3
SIM4
1
21
22
SIM5
SIM1
SIM2
SIM3
SIM4
1
21
22
SIM5
SIM1
SIM2
SIM3
SIM4
1
21
22
SIM5
SIM1
SIM2
SIM3
SIM4
1
21
22
SIM5
SIM1
SIM2
SIM3
SIM4
1
21
22
SIM5
SIM1
SIM2
SIM3
SIM4
1
21
22
SIM5
SIM1
SIM2
SIM3
SIM4
1
21
22
SIM5
SIM1
SIM2
SIM3
SIM4
1
21
22
SIM5
SIM1
SIM2
SIM3
SIM4
1
21
22
SIM5
SIM1
SIM2
SIM3
SIM4
1
21
22
SIM5
SIM1
SIM2
SIM3
SIM4
1
21
22
SIM5
SIM1
SIM2
SIM3
SIM4
1
21
22
SIM5
SIM1
SIM2
SIM3
SIM4
1
21
22
SIM5
SIM1
SIM2
SIM3
SIM4
1
21
22
SIM5
SIM1
SIM2
SIM3
SIM4
1
21
22
SIM5
SIM1
SIM2
SIM3
SIM4
1
21
22
SIM5
SIM1
SIM2
SIM3
SIM4
1
21
22
SIM5
SIM1
SIM2
SIM3
SIM4
1
21
22
SIM5
SIM1
SIM2
SIM3
SIM4
1
21
22
SIM5
SIM1
SIM2
SIM3
SIM4
1
21
22
SIM5
SIM1
SIM2
SIM3
SIM4
1
21
22
SIM5
SIM1
SIM2
SIM3
SIM4
1
21
22
SIM5
SIM1
SIM2
SIM3
SIM4
1
21
22
SIM5
SIM1
SIM2
SIM3
SIM4
1
21
22
SIM5
SIM1
SIM2
SIM3
SIM4
1
21
22
SIM5
SIM1
SIM2
SIM3
SIM4
1
21
22
SIM5
SIM1
SIM2
SIM3
SIM4
1
21
22
SIM5
SIM1
SIM2
SIM3
SIM4
1
21
22
SIM5
SIM1
SIM2
SIM3
SIM4
1
21
22
SIM5
SIM1
SIM2
SIM3
SIM4
1
21
22
SIM5
SIM1
SIM2
SIM3
SIM4
1
21
22
SIM5
SIM1
SIM2
SIM3
SIM4
1
21
22
SIM5
SIM1
SIM2
SIM3
SIM4
1
21
22
SIM5
SIM1
SIM2
SIM3
SIM4
1
21
22
SIM5
SIM1
SIM2
SIM3
SIM4
1
21
22
SIM5
SIM1
SIM2
SIM3
SIM4
1
21
22
SIM5
SIM1
SIM2
SIM3
SIM4
1
21
22
SIM5
SIM1
SIM2
SIM3
SIM4
1
21
22
SIM5
SIM1
SIM2
SIM3
SIM4
1
21
22
SIM5
SIM1
SIM2
SIM3
SIM4
1
21
22
SIM5
SIM1
SIM2
SIM3
SIM4
1
21
22
SIM5
SIM1
SIM2
SIM3
SIM4
1
21
22
SIM5
SIM1
SIM2
SIM3
SIM4
1
21
22
SIM5
SIM1
SIM2
SIM3
SIM4
1
21
22
SIM5
SIM1
SIM2
SIM3
SIM4
1
21
22
SIM5
SIM1
SIM2
SIM3
SIM4
1
21
22
SIM5
SIM1
SIM2
SIM3
SIM4
1
21
22
SIM5
SIM1
SIM2
SIM3
SIM4
1
21
22
SIM5
SIM1
SIM2
SIM3
SIM4
1
21
22
SIM5
SIM1
SIM2
SIM3
SIM4
1
21
22
SIM5
SIM1
SIM2
SIM3
SIM4
1
21
22
SIM5
SIM1
SIM2
SIM3
SIM4
1
21
22
SIM5
SIM1
SIM2
SIM3
SIM4
1
21
22
SIM5
SIM1
SIM2
SIM3
SIM4
1
21
22
SIM5
SIM1
SIM2
SIM3
SIM4
1
21
22
SIM5
SIM1
SIM2
SIM3
SIM4
1
21
22
SIM5
SIM1
SIM2
SIM3
SIM4
1
21
22
SIM5
SIM1
SIM2
SIM3
SIM4
1
21
22
SIM5
SIM1
SIM2
SIM3
SIM4
1
21
22
SIM5
SIM1
SIM2
SIM3
SIM4
1
21
22
SIM5
SIM1
SIM2
SIM3
SIM4
1
21
22
SIM5
SIM1
SIM2
SIM3
SIM4
1
21
22
SIM5
SIM1
SIM2
SIM3
SIM4
1
21
22
SIM5
SIM1
SIM2
SIM3
SIM4
1
21
22
SIM5
SIM1
SIM2
SIM3
SIM4
1
21
22
SIM5
SIM1
SIM2
SIM3
SIM4
1
21
22
SIM5
SIM1
SIM2
SIM3
SIM4
1
21
22
SIM5
SIM1
SIM2
SIM3
SIM4
1
21
22
SIM5
SIM1
SIM2
SIM3
SIM4
1
21
22
SIM5
SIM1
SIM2
SIM3
SIM4
1
21
22
SIM5
SIM1
SIM2
SIM3
SIM4
1
21
22
SIM5
SIM1
SIM2
SIM3
SIM4
1
21
22
SIM5
SIM1
SIM2
SIM3
SIM4
1
21
22
SIM5
SIM1
SIM2
SIM3
SIM4
1
21
22
SIM5
SIM1
SIM2
SIM3
SIM4
1
21
22
SIM5
SIM1
SIM2
SIM3
SIM4
1
21
22
SIM5
SIM1
SIM2
SIM3
SIM4
1
21
22
SIM5
SIM1
SIM2
SIM3
SIM4
1
21
22
SIM5
SIM1
SIM2
SIM3
SIM4
1
21
22
SIM5
SIM1
SIM2
SIM3
SIM4
1
21
22
SIM5
SIM1
SIM2
SIM3
SIM4
1
21
22
SIM5
SIM1
SIM2
SIM3
SIM4
1
21
22
SIM5
SIM1
SIM2
SIM3
SIM4
1
21
22
SIM5
SIM1
SIM2
SIM3
SIM4
1
21
22
SIM5
SIM1
SIM2
SIM3
SIM4
1
21
22
SIM5
SIM1
SIM2
SIM3
SIM4
1
21
22
SIM5
SIM1
SIM2
SIM3
SIM4
1
21
22
SIM5
SIM1
SIM2
SIM3
SIM4
1
21
22
SIM5
SIM1
SIM2
SIM3
SIM4
1
21
22
SIM5
SIM1
SIM2
SIM3
SIM4
1
21
22
SIM5
SIM1
SIM2
SIM3
SIM4
1
21
22
SIM5
SIM1
SIM2
SIM3
SIM4
1
21
22
SIM5
SIM1
SIM2
SIM3
SIM4
1
21
22
SIM5
SIM1
SIM2
SIM3
SIM4
1
21
22
SIM5
SIM1
SIM2
SIM3
SIM4
1
21
22
SIM5
SIM1
SIM2
SIM3
SIM4
1
21
22
SIM5
SIM1
SIM2
SIM3
SIM4
1
21
22
SIM5
SIM1
SIM2
SIM3
SIM4
1
21
22
SIM5
SIM1
SIM2
SIM3
SIM4
1
21
22
SIM5
SIM1
SIM2
SIM3
SIM4
1
21
22
SIM5
SIM1
SIM2
SIM3
SIM4
1
21
22
SIM5
SIM1
SIM2
SIM3
SIM4
1
21
22
SIM5
SIM1
SIM2
SIM3
SIM4
1
21
22
SIM5
SIM1
SIM2
SIM3
SIM4
1
21
22
SIM5
SIM1
SIM2
SIM3
SIM4
1
21
22
SIM5
SIM1
SIM2
SIM3
SIM4
1
21
22
SIM5
SIM1
SIM2
SIM3
SIM4
1
21
22
SIM5
SIM1
SIM2
SIM3
SIM4
1
21
22
SIM5
SIM1
SIM2
SIM3
SIM4
1
21
22
SIM5
SIM1
SIM2
SIM3
SIM4
1
21
22
SIM5
SIM1
SIM2
SIM3
SIM4
1
21
22
SIM5
SIM1
SIM2
SIM3
SIM4
1
21
22
SIM5
SIM1
SIM2
SIM3
SIM4
1
21
22
SIM5
SIM1
SIM2
SIM3
SIM4
1
21
22
SIM5
SIM1
SIM2
SIM3
SIM4
1
21
22
SIM5
SIM1
SIM2
SIM3
SIM4
1
21
22
SIM5
SIM1
SIM2
SIM3
SIM4
1
21
22
SIM5
SIM1
SIM2
SIM3
SIM4
1
21
22
SIM5
SIM1
SIM2
SIM3
SIM4
1
21
22
SIM5
SIM1
SIM2
SIM3
SIM4
1
21
22
SIM5
SIM1
SIM2
SIM3
SIM4
1
21
22
SIM5
SIM1
SIM2
SIM3
SIM4
1
21
22
SIM5
SIM1
SIM2
SIM3
SIM4
1
21
22
SIM5
SIM1
SIM2
SIM3
SIM4
1
21
22
SIM5
SIM1
SIM2
SIM3
SIM4
1
21
22
SIM5
SIM1
SIM2
SIM3
SIM4
1
21
22
SIM5
SIM1
SIM2
SIM3
SIM4
1
21
22
SIM5
SIM1
SIM2
SIM3
SIM4
1
21
22
SIM5
SIM1
SIM2
SIM3
SIM4
1
21
22
SIM5
SIM1
SIM2
DEBUG 1 143
SIM1
SIM2
SIM3
SIM4
1
21
22
SIM5
SIM1
SIM2
SIM3
SIM4
1
21
22
SIM5
SIM1
SIM2
SIM3
SIM4
1
21
22
SIM5
SIM1
SIM2
SIM3
SIM4
1
21
22
SIM5
SIM1
SIM2
SIM3
SIM4
1
21
22
SIM5
SIM1
SIM2
SIM3
SIM4
1
21
22
SIM5
SIM1
SIM2
SIM3
SIM4
1
21
22
SIM5
SIM1
SIM2
SIM3
SIM4
1
21
22
SIM5
SIM1
SIM2
SIM3
SIM4
1
21
22
SIM5
SIM1
SIM2
SIM3
SIM4
1
21
22
SIM5
SIM1
SIM2
SIM3
SIM4
1
21
22
SIM5
SIM1
SIM2
SIM3
SIM4
1
21
22
SIM5
SIM1
SIM2
SIM3
SIM4
1
21
22
SIM5
SIM1
SIM2
SIM3
SIM4
1
21
22
SIM5
SIM1
SIM2
SIM3
SIM4
1
21
22
SIM5
SIM1
SIM2
SIM3
SIM4
1
21
22
SIM5
SIM1
SIM2
SIM3
SIM4
1
21
22
SIM5
SIM1
SIM2
SIM3
SIM4
1
21
22
SIM5
SIM1
SIM2
SIM3
SIM4
1
21
22
SIM5
SIM1
SIM2
SIM3
SIM4
1
21
22
SIM5
SIM1
SIM2
SIM3
SIM4
1
21
22
SIM5
SIM1
SIM2
SIM3
SIM4
1
21
22
SIM5
SIM1
SIM2
SIM3
SIM4
1
21
22
SIM5
SIM1
SIM2
SIM3
SIM4
1
21
22
SIM5
SIM1
SIM2
SIM3
SIM4
1
21
22
SIM5
SIM1
SIM2
SIM3
SIM4
1
21
22
SIM5
SIM1
SIM2
SIM3
SIM4
1
21
22
SIM5
SIM1
SIM2
SIM3
SIM4
1
21
22
SIM5
SIM1
SIM2
SIM3
SIM4
1
21
22
SIM5
SIM1
SIM2
SIM3
SIM4
1
21
22
SIM5
SIM1
SIM2
SIM3
SIM4
1
21
22
SIM5
SIM1
SIM2
SIM3
SIM4
1
21
22
SIM5
SIM1
SIM2
SIM3
SIM4
1
21
22
SIM5
SIM1
SIM2
SIM3
SIM4
1
21
22
SIM5
SIM1
SIM2
SIM3
SIM4
1
21
22
SIM5
SIM1
SIM2
SIM3
SIM4
1
21
22
SIM5
SIM1
SIM2
SIM3
SIM4
1
21
22
SIM5
SIM1
SIM2
SIM3
SIM4
1
21
22
SIM5
SIM1
SIM2
SIM3
SIM4
1
21
22
SIM5
SIM1
SIM2
SIM3
SIM4
1
21
22
SIM5
SIM1
SIM2
SIM3
SIM4
1
21
22
SIM5
SIM1
SIM2
SIM3
SIM4
1
21
22
SIM5
SIM1
SIM2
SIM3
SIM4
1
21
22
SIM5
SIM1
SIM2
SIM3
SIM4
1
21
22
SIM5
SIM1
SIM2
SIM3
SIM4
1
21
22
SIM5
SIM1
SIM2
SIM3
SIM4
1
21
22
SIM5
SIM1
SIM2
SIM3
SIM4
1
21
22
SIM5
SIM1
SIM2
SIM3
SIM4
1
21
22
SIM5
SIM1
SIM2
SIM3
SIM4
1
21
22
SIM5
SIM1
SIM2
SIM3
SIM4
1
21
22
SIM5
SIM1
SIM2
SIM3
SIM4
1
21
22
SIM5
SIM1
SIM2
SIM3
SIM4
1
21
22
SIM5
SIM1
SIM2
SIM3
SIM4
1
21
22
SIM5
SIM1
SIM2
SIM3
SIM4
1
21
22
SIM5
SIM1
SIM2
SIM3
SIM4
1
21
22
SIM5
SIM1
SIM2
SIM3
SIM4
1
21
22
SIM5
SIM1
SIM2
SIM3
SIM4
1
21
22
SIM5
SIM1
SIM2
SIM3
SIM4
1
21
22
SIM5
SIM1
SIM2
SIM3
SIM4
1
21
22
SIM5
SIM1
SIM2
SIM3
SIM4
1
21
22
SIM5
SIM1
SIM2
SIM3
SIM4
1
21
22
SIM5
SIM1
SIM2
SIM3
SIM4
1
21
22
SIM5
SIM1
SIM2
SIM3
SIM4
1
21
22
SIM5
SIM1
SIM2
SIM3
SIM4
1
21
22
SIM5
SIM1
SIM2
SIM3
SIM4
1
21
22
SIM5
SIM1
SIM2
SIM3
SIM4
1
21
22
SIM5
SIM1
SIM2
SIM3
SIM4
1
21
22
SIM5
SIM1
SIM2
SIM3
SIM4
1
21
22
SIM5
SIM1
SIM2
SIM3
SIM4
1
21
22
SIM5
SIM1
SIM2
SIM3
SIM4
1
21
22
SIM5
SIM1
SIM2
SIM3
SIM4
1
21
22
SIM5
SIM1
SIM2
SIM3
SIM4
1
21
22
SIM5
SIM1
SIM2
SIM3
SIM4
1
21
22
SIM5
SIM1
SIM2
SIM3
SIM4
1
21
22
SIM5
SIM1
SIM2
SIM3
SIM4
1
21
22
SIM5
SIM1
SIM2
SIM3
SIM4
1
21
22
SIM5
SIM1
SIM2
SIM3
SIM4
1
21
22
SIM5
SIM1
SIM2
SIM3
SIM4
1
21
22
SIM5
SIM1
SIM2
SIM3
SIM4
1
21
22
SIM5
SIM1
SIM2
SIM3
SIM4
1
21
22
SIM5
SIM1
SIM2
SIM3
SIM4
1
21
22
SIM5
SIM1
SIM2
SIM3
SIM4
1
21
22
SIM5
SIM1
SIM2
SIM3
SIM4
1
21
22
SIM5
SIM1
SIM2
SIM3
SIM4
1
21
22
SIM5
SIM1
SIM2
SIM3
SIM4
1
21
22
SIM5
SIM1
SIM2
SIM3
SIM4
1
21
22
SIM5
SIM1
SIM2
SIM3
SIM4
1
21
22
SIM5
SIM1
SIM2
SIM3
SIM4
1
21
22
SIM5
SIM1
SIM2
SIM3
SIM4
1
21
22
SIM5
SIM1
SIM2
SIM3
SIM4
1
21
22
SIM5
SIM1
SIM2
SIM3
SIM4
1
21
22
SIM5
SIM1
SIM2
SIM3
SIM4
1
21
22
SIM5
SIM1
SIM2
SIM3
SIM4
1
21
22
SIM5
SIM1
SIM2
SIM3
SIM4
1
21
22
SIM5
SIM1
SIM2
SIM3
SIM4
1
21
22
SIM5
SIM1
SIM2
SIM3
SIM4
1
21
22
SIM5
SIM1
SIM2
SIM3
SIM4
1
21
22
SIM5
SIM1
SIM2
SIM3
SIM4
1
21
22
SIM5
SIM1
SIM2
SIM3
SIM4
1
21
22
SIM5
SIM1
SIM2
SIM3
SIM4
1
21
22
SIM5
SIM1
SIM2
SIM3
SIM4
1
21
22
SIM5
SIM1
SIM2
DEBUG 1 144
SIM1
SIM2
SIM3
SIM4
1
21
22
SIM5
SIM1
SIM2
SIM3
SIM4
1
21
22
SIM5
SIM1
SIM2
SIM3
SIM4
1
21
22
SIM5
SIM1
SIM2
SIM3
SIM4
1
21
22
SIM5
SIM1
SIM2
SIM3
SIM4
1
21
22
SIM5
SIM1
SIM2
SIM3
SIM4
1
21
22
SIM5
SIM1
SIM2
SIM3
SIM4
1
21
22
SIM5
SIM1
SIM2
SIM3
SIM4
1
21
22
SIM5
SIM1
SIM2
SIM3
SIM4
1
21
22
SIM5
SIM1
SIM2
SIM3
SIM4
1
21
22
SIM5
SIM1
SIM2
SIM3
SIM4
1
21
22
SIM5
SIM1
SIM2
SIM3
SIM4
1
21
22
SIM5
SIM1
SIM2
SIM3
SIM4
1
21
22
SIM5
SIM1
SIM2
SIM3
SIM4
1
21
22
SIM5
SIM1
SIM2
SIM3
SIM4
1
21
22
SIM5
SIM1
SIM2
SIM3
SIM4
1
21
22
SIM5
SIM1
SIM2
SIM3
SIM4
1
21
22
SIM5
SIM1
SIM2
SIM3
SIM4
1
21
22
SIM5
SIM1
SIM2
SIM3
SIM4
1
21
22
SIM5
SIM1
SIM2
SIM3
SIM4
1
21
22
SIM5
SIM1
SIM2
SIM3
SIM4
1
21
22
SIM5
SIM1
SIM2
SIM3
SIM4
1
21
22
SIM5
SIM1
SIM2
SIM3
SIM4
1
21
22
SIM5
SIM1
SIM2
SIM3
SIM4
1
21
22
SIM5
SIM1
SIM2
SIM3
SIM4
1
21
22
SIM5
SIM1
SIM2
SIM3
SIM4
1
21
22
SIM5
SIM1
SIM2
SIM3
SIM4
1
21
22
SIM5
SIM1
SIM2
SIM3
SIM4
1
21
22
SIM5
SIM1
SIM2
SIM3
SIM4
1
21
22
SIM5
SIM1
SIM2
SIM3
SIM4
1
21
22
SIM5
SIM1
SIM2
SIM3
SIM4
1
21
22
SIM5
SIM1
SIM2
SIM3
SIM4
1
21
22
SIM5
SIM1
SIM2
SIM3
SIM4
1
21
22
SIM5
SIM1
SIM2
SIM3
SIM4
1
21
22
SIM5
SIM1
SIM2
SIM3
SIM4
1
21
22
SIM5
SIM1
SIM2
SIM3
SIM4
1
21
22
SIM5
SIM1
SIM2
SIM3
SIM4
1
21
22
SIM5
SIM1
SIM2
SIM3
SIM4
1
21
22
SIM5
SIM1
SIM2
SIM3
SIM4
1
21
22
SIM5
SIM1
SIM2
SIM3
SIM4
1
21
22
SIM5
SIM1
SIM2
SIM3
SIM4
1
21
22
SIM5
SIM1
SIM2
SIM3
SIM4
1
21
22
SIM5
SIM1
SIM2
SIM3
SIM4
1
21
22
SIM5
SIM1
SIM2
SIM3
SIM4
1
21
22
SIM5
SIM1
SIM2
SIM3
SIM4
1
21
22
SIM5
SIM1
SIM2
SIM3
SIM4
1
21
22
SIM5
SIM1
SIM2
SIM3
SIM4
1
21
22
SIM5
SIM1
SIM2
SIM3
SIM4
1
21
22
SIM5
SIM1
SIM2
SIM3
SIM4
1
21
22
SIM5
SIM1
SIM2
SIM3
SIM4
1
21
22
SIM5
SIM1
SIM2
SIM3
SIM4
1
21
22
SIM5
SIM1
SIM2
SIM3
SIM4
1
21
22
SIM5
SIM1
SIM2
SIM3
SIM4
1
21
22
SIM5
SIM1
SIM2
SIM3
SIM4
1
21
22
SIM5
SIM1
SIM2
SIM3
SIM4
1
21
22
SIM5
SIM1
SIM2
SIM3
SIM4
1
21
22
SIM5
SIM1
SIM2
SIM3
SIM4
1
21
22
SIM5
SIM1
SIM2
SIM3
SIM4
1
21
22
SIM5
SIM1
SIM2
SIM3
SIM4
1
21
22
SIM5
SIM1
SIM2
SIM3
SIM4
1
21
22
SIM5
SIM1
SIM2
SIM3
SIM4
1
21
22
SIM5
SIM1
SIM2
SIM3
SIM4
1
21
22
SIM5
SIM1
SIM2
SIM3
SIM4
1
21
22
SIM5
SIM1
SIM2
SIM3
SIM4
1
21
22
SIM5
SIM1
SIM2
SIM3
SIM4
1
21
22
SIM5
SIM1
SIM2
SIM3
SIM4
1
21
22
SIM5
SIM1
SIM2
SIM3
SIM4
1
21
22
SIM5
SIM1
SIM2
SIM3
SIM4
1
21
22
SIM5
SIM1
SIM2
SIM3
SIM4
1
21
22
SIM5
SIM1
SIM2
SIM3
SIM4
1
21
22
SIM5
SIM1
SIM2
SIM3
SIM4
1
21
22
SIM5
SIM1
SIM2
SIM3
SIM4
1
21
22
SIM5
SIM1
SIM2
SIM3
SIM4
1
21
22
SIM5
SIM1
SIM2
SIM3
SIM4
1
21
22
SIM5
SIM1
SIM2
SIM3
SIM4
1
21
22
SIM5
SIM1
SIM2
SIM3
SIM4
1
21
22
SIM5
SIM1
SIM2
SIM3
SIM4
1
21
22
SIM5
SIM1
SIM2
SIM3
SIM4
1
21
22
SIM5
SIM1
SIM2
SIM3
SIM4
1
21
22
SIM5
SIM1
SIM2
SIM3
SIM4
1
21
22
SIM5
SIM1
SIM2
SIM3
SIM4
1
21
22
SIM5
SIM1
SIM2
SIM3
SIM4
1
21
22
SIM5
SIM1
SIM2
SIM3
SIM4
1
21
22
SIM5
SIM1
SIM2
SIM3
SIM4
1
21
22
SIM5
SIM1
SIM2
SIM3
SIM4
1
21
22
SIM5
SIM1
SIM2
SIM3
SIM4
1
21
22
SIM5
SIM1
SIM2
SIM3
SIM4
1
21
22
SIM5
SIM1
SIM2
SIM3
SIM4
1
21
22
SIM5
SIM1
SIM2
SIM3
SIM4
1
21
22
SIM5
SIM1
SIM2
SIM3
SIM4
1
21
22
SIM5
SIM1
SIM2
SIM3
SIM4
1
21
22
SIM5
SIM1
SIM2
SIM3
SIM4
1
21
22
SIM5
SIM1
SIM2
SIM3
SIM4
1
21
22
SIM5
SIM1
SIM2
SIM3
SIM4
1
21
22
SIM5
SIM1
SIM2
SIM3
SIM4
1
21
22
SIM5
SIM1
SIM2
SIM3
SIM4
1
21
22
SIM5
SIM1
SIM2
SIM3
SIM4
1
21
22
SIM5
SIM1
SIM2
SIM3
SIM4
1
21
22
SIM5
SIM1
SIM2
SIM3
SIM4
1
21
22
SIM5
SIM1
SIM2
SIM3
SIM4
1
21
22
SIM5
SIM1
SIM2
SIM3
SIM4
1
21
22
SIM5
SIM1
SIM2
SIM3
SIM4
1
21
22
SIM5
SIM1
SIM2
SIM3
SIM4
1
21
22
SIM5
SIM1
SIM2
SIM3
SIM4
1
21
22
SIM5
SIM1
SIM2
SIM3
SIM4
1
21
22
SIM5
SIM1
SIM2
SIM3
SIM4
1
21
22
SIM5
SIM1
SIM2
SIM3
SIM4
1
21
22
SIM5
SIM1
SIM2
SIM3
SIM4
1
21
22
SIM5
SIM1
SIM2
SIM3
SIM4
1
21
22
SIM5
SIM1
SIM2
SIM3
SIM4
1
21
22
SIM5
SIM1
SIM2
SIM3
SIM4
1
21
22
SIM5
SIM1
SIM2
SIM3
SIM4
1
21
22
SIM5
SIM1
SIM2
SIM3
SIM4
1
21
22
SIM5
SIM1
SIM2
SIM3
SIM4
1
21
22
SIM5
SIM1
SIM2
SIM3
SIM4
1
21
22
SIM5
SIM1
SIM2
SIM3
SIM4
1
21
22
SIM5
SIM1
SIM2
SIM3
SIM4
1
21
22
SIM5
SIM1
SIM2
SIM3
SIM4
1
21
22
SIM5
SIM1
SIM2
SIM3
SIM4
1
21
22
SIM5
SIM1
SIM2
SIM3
SIM4
1
21
22
SIM5
SIM1
SIM2
SIM3
SIM4
1
21
22
SIM5
SIM1
SIM2
SIM3
SIM4
1
21
22
SIM5
SIM1
SIM2
SIM3
SIM4
1
21
22
SIM5
SIM1
SIM2
SIM3
SIM4
1
21
22
SIM5
SIM1
SIM2
SIM3
SIM4
1
21
22
SIM5
SIM1
SIM2
SIM3
SIM4
1
21
22
SIM5
SIM1
SIM2
SIM3
SIM4
1
21
22
SIM5
SIM1
SIM2
SIM3
SIM4
1
21
22
SIM5
SIM1
SIM2
SIM3
SIM4
1
21
22
SIM5
SIM1
SIM2
SIM3
SIM4
1
21
22
SIM5
SIM1
SIM2
SIM3
SIM4
1
21
22
SIM5
SIM1
SIM2
SIM3
SIM4
1
21
22
SIM5
SIM1
SIM2
SIM3
SIM4
1
21
22
SIM5
SIM1
SIM2
SIM3
SIM4
1
21
22
SIM5
SIM1
SIM2
SIM3
SIM4
1
21
22
SIM5
SIM1
SIM2
SIM3
SIM4
1
21
22
SIM5
SIM1
SIM2
SIM3
SIM4
1
21
22
SIM5
SIM1
SIM2
SIM3
SIM4
1
21
22
SIM5
SIM1
SIM2
SIM3
SIM4
1
21
22
SIM5
SIM1
SIM2
SIM3
SIM4
1
21
22
SIM5
SIM1
SIM2
SIM3
SIM4
1
21
22
SIM5
SIM1
SIM2
SIM3
SIM4
1
21
22
SIM5
SIM1
SIM2
SIM3
SIM4
1
21
22
SIM5
SIM1
SIM2
SIM3
SIM4
1
21
22
SIM5
SIM1
SIM2
SIM3
SIM4
1
21
22
SIM5
SIM1
SIM2
SIM3
SIM4
1
21
22
SIM5
SIM1
SIM2
SIM3
SIM4
1
21
22
SIM5
SIM1
SIM2
SIM3
SIM4
1
21
22
SIM5
SIM1
SIM2
SIM3
SIM4
1
21
22
SIM5
SIM1
SIM2
SIM3
SIM4
1
21
22
SIM5
SIM1
SIM2
SIM3
SIM4
1
21
22
SIM5
SIM1
SIM2
SIM3
SIM4
1
21
22
SIM5
SIM1
SIM2
SIM3
SIM4
1
21
22
SIM5
SIM1
SIM2
SIM3
SIM4
1
21
22
SIM5
SIM1
SIM2
SIM3
SIM4
1
21
22
SIM5
SIM1
SIM2
SIM3
SIM4
1
21
22
SIM5
SIM1
SIM2
SIM3
SIM4
1
21
22
SIM5
SIM1
SIM2
SIM3
SIM4
1
21
22
SIM5
SIM1
SIM2
SIM3
SIM4
1
21
22
SIM5
SIM1
SIM2
SIM3
SIM4
1
21
22
SIM5
SIM1
SIM2
SIM3
SIM4
1
21
22
SIM5
SIM1
SIM2
SIM3
SIM4
1
21
22
SIM5
SIM1
SIM2
SIM3
SIM4
1
21
22
SIM5
SIM1
SIM2
SIM3
SIM4
1
21
22
SIM5
SIM1
SIM2
SIM3
SIM4
1
21
22
SIM5
SIM1
SIM2
SIM3
SIM4
1
21
22
SIM5
SIM1
SIM2
SIM3
SIM4
1
21
22
SIM5
SIM1
SIM2
SIM3
SIM4
1
21
22
SIM5
SIM1
SIM2
SIM3
SIM4
1
21
22
SIM5
SIM1
SIM2
SIM3
SIM4
1
21
22
SIM5
SIM1
SIM2
SIM3
SIM4
1
21
22
SIM5
SIM1
SIM2
SIM3
SIM4
1
21
22
SIM5
SIM1
SIM2
SIM3
SIM4
1
21
22
SIM5
SIM1
SIM2
SIM3
SIM4
1
21
22
SIM5
SIM1
SIM2
SIM3
SIM4
1
21
22
SIM5
SIM1
SIM2
SIM3
SIM4
1
21
22
SIM5
SIM1
SIM2
SIM3
SIM4
1
21
22
SIM5
SIM1
SIM2
SIM3
SIM4
1
21
22
SIM5
SIM1
SIM2
SIM3
SIM4
1
21
22
SIM5
SIM1
SIM2
SIM3
SIM4
1
21
22
SIM5
SIM1
SIM2
SIM3
SIM4
1
21
22
SIM5
SIM1
SIM2
SIM3
SIM4
1
21
22
SIM5
SIM1
SIM2
SIM3
SIM4
1
21
22
SIM5
SIM1
SIM2
SIM3
SIM4
1
21
22
SIM5
SIM1
SIM2
SIM3
SIM4
1
21
22
SIM5
SIM1
SIM2
SIM3
SIM4
1
21
22
SIM5
SIM1
SIM2
SIM3
SIM4
1
21
22
SIM5
SIM1
SIM2
SIM3
SIM4
1
21
22
SIM5
SIM1
SIM2
SIM3
SIM4
1
21
22
SIM5
SIM1
SIM2
SIM3
SIM4
1
21
22
SIM5
SIM1
SIM2
SIM3
SIM4
1
21
22
SIM5
SIM1
SIM2
SIM3
SIM4
1
21
22
SIM5
SIM1
SIM2
SIM3
SIM4
1
21
22
SIM5
SIM1
SIM2
SIM3
SIM4
1
21
22
SIM5
SIM1
SIM2
SIM3
SIM4
1
21
22
SIM5
SIM1
SIM2
SIM3
SIM4
1
21
22
SIM5
SIM1
SIM2
SIM3
SIM4
1
21
22
SIM5
SIM1
SIM2
SIM3
SIM4
1
21
22
SIM5
SIM1
SIM2
SIM3
SIM4
1
21
22
SIM5
SIM1
SIM2
SIM3
SIM4
1
21
22
SIM5
SIM1
SIM2
DEBUG 1 145
SIM1
SIM2
SIM3
SIM4
1
21
22
SIM5
SIM1
SIM2
SIM3
SIM4
1
21
22
SIM5
SIM1
SIM2
SIM3
SIM4
1
21
22
SIM5
SIM1
SIM2
SIM3
SIM4
1
21
22
SIM5
SIM1
SIM2
SIM3
SIM4
1
21
22
SIM5
SIM1
SIM2
SIM3
SIM4
1
21
22
SIM5
SIM1
SIM2
SIM3
SIM4
1
21
22
SIM5
SIM1
SIM2
SIM3
SIM4
1
21
22
SIM5
SIM1
SIM2
SIM3
SIM4
1
21
22
SIM5
SIM1
SIM2
SIM3
SIM4
1
21
22
SIM5
SIM1
SIM2
SIM3
SIM4
1
21
22
SIM5
SIM1
SIM2
SIM3
SIM4
1
21
22
SIM5
SIM1
SIM2
SIM3
SIM4
1
21
22
SIM5
SIM1
SIM2
SIM3
SIM4
1
21
22
SIM5
SIM1
SIM2
SIM3
SIM4
1
21
22
SIM5
SIM1
SIM2
SIM3
SIM4
1
21
22
SIM5
SIM1
SIM2
SIM3
SIM4
1
21
22
SIM5
SIM1
SIM2
SIM3
SIM4
1
21
22
SIM5
SIM1
SIM2
SIM3
SIM4
1
21
22
SIM5
SIM1
SIM2
SIM3
SIM4
1
21
22
SIM5
SIM1
SIM2
SIM3
SIM4
1
21
22
SIM5
SIM1
SIM2
SIM3
SIM4
1
21
22
SIM5
SIM1
SIM2
SIM3
SIM4
1
21
22
SIM5
SIM1
SIM2
SIM3
SIM4
1
21
22
SIM5
SIM1
SIM2
SIM3
SIM4
1
21
22
SIM5
SIM1
SIM2
SIM3
SIM4
1
21
22
SIM5
SIM1
SIM2
SIM3
SIM4
1
21
22
SIM5
SIM1
SIM2
SIM3
SIM4
1
21
22
SIM5
SIM1
SIM2
SIM3
SIM4
1
21
22
SIM5
SIM1
SIM2
SIM3
SIM4
1
21
22
SIM5
SIM1
SIM2
SIM3
SIM4
1
21
22
SIM5
SIM1
SIM2
SIM3
SIM4
1
21
22
SIM5
SIM1
SIM2
SIM3
SIM4
1
21
22
SIM5
SIM1
SIM2
SIM3
SIM4
1
21
22
SIM5
SIM1
SIM2
SIM3
SIM4
1
21
22
SIM5
SIM1
SIM2
SIM3
SIM4
1
21
22
SIM5
SIM1
SIM2
SIM3
SIM4
1
21
22
SIM5
SIM1
SIM2
SIM3
SIM4
1
21
22
SIM5
SIM1
SIM2
SIM3
SIM4
1
21
22
SIM5
SIM1
SIM2
SIM3
SIM4
1
21
22
SIM5
SIM1
SIM2
SIM3
SIM4
1
21
22
SIM5
SIM1
SIM2
SIM3
SIM4
1
21
22
SIM5
SIM1
SIM2
SIM3
SIM4
1
21
22
SIM5
SIM1
SIM2
SIM3
SIM4
1
21
22
SIM5
SIM1
SIM2
SIM3
SIM4
1
21
22
SIM5
SIM1
SIM2
SIM3
SIM4
1
21
22
SIM5
SIM1
SIM2
SIM3
SIM4
1
21
22
SIM5
SIM1
SIM2
SIM3
SIM4
1
21
22
SIM5
SIM1
SIM2
SIM3
SIM4
1
21
22
SIM5
SIM1
SIM2
SIM3
SIM4
1
21
22
SIM5
SIM1
SIM2
SIM3
SIM4
1
21
22
SIM5
SIM1
SIM2
SIM3
SIM4
1
21
22
SIM5
SIM1
SIM2
SIM3
SIM4
1
21
22
SIM5
SIM1
SIM2
SIM3
SIM4
1
21
22
SIM5
SIM1
SIM2
SIM3
SIM4
1
21
22
SIM5
SIM1
SIM2
SIM3
SIM4
1
21
22
SIM5
SIM1
SIM2
SIM3
SIM4
1
21
22
SIM5
SIM1
SIM2
SIM3
SIM4
1
21
22
SIM5
SIM1
SIM2
SIM3
SIM4
1
21
22
SIM5
SIM1
SIM2
SIM3
SIM4
1
21
22
SIM5
SIM1
SIM2
SIM3
SIM4
1
21
22
SIM5
SIM1
SIM2
SIM3
SIM4
1
21
22
SIM5
SIM1
SIM2
SIM3
SIM4
1
21
22
SIM5
SIM1
SIM2
SIM3
SIM4
1
21
22
SIM5
SIM1
SIM2
SIM3
SIM4
1
21
22
SIM5
SIM1
SIM2
SIM3
SIM4
1
21
22
SIM5
SIM1
SIM2
SIM3
SIM4
1
21
22
SIM5
SIM1
SIM2
SIM3
SIM4
1
21
22
SIM5
SIM1
SIM2
SIM3
SIM4
1
21
22
SIM5
SIM1
SIM2
SIM3
SIM4
1
21
22
SIM5
SIM1
SIM2
SIM3
SIM4
1
21
22
SIM5
SIM1
SIM2
SIM3
SIM4
1
21
22
SIM5
SIM1
SIM2
SIM3
SIM4
1
21
22
SIM5
SIM1
SIM2
SIM3
SIM4
1
21
22
SIM5
SIM1
SIM2
SIM3
SIM4
1
21
22
SIM5
SIM1
SIM2
SIM3
SIM4
1
21
22
SIM5
SIM1
SIM2
SIM3
SIM4
1
21
22
SIM5
SIM1
SIM2
SIM3
SIM4
1
21
22
SIM5
SIM1
SIM2
SIM3
SIM4
1
21
22
SIM5
SIM1
SIM2
SIM3
SIM4
1
21
22
SIM5
SIM1
SIM2
SIM3
SIM4
1
21
22
SIM5
SIM1
SIM2
SIM3
SIM4
1
21
22
SIM5
SIM1
SIM2
SIM3
SIM4
1
21
22
SIM5
SIM1
SIM2
SIM3
SIM4
1
21
22
SIM5
SIM1
SIM2
SIM3
SIM4
1
21
22
SIM5
SIM1
SIM2
SIM3
SIM4
1
21
22
SIM5
SIM1
SIM2
SIM3
SIM4
1
21
22
SIM5
SIM1
SIM2
SIM3
SIM4
1
21
22
SIM5
SIM1
SIM2
SIM3
SIM4
1
21
22
SIM5
SIM1
SIM2
SIM3
SIM4
1
21
22
SIM5
SIM1
SIM2
SIM3
SIM4
1
21
22
SIM5
SIM1
SIM2
SIM3
SIM4
1
21
22
SIM5
SIM1
SIM2
SIM3
SIM4
1
21
22
SIM5
SIM1
SIM2
SIM3
SIM4
1
21
22
SIM5
SIM1
SIM2
SIM3
SIM4
1
21
22
SIM5
SIM1
SIM2
SIM3
SIM4
1
21
22
SIM5
SIM1
SIM2
SIM3
SIM4
1
21
22
SIM5
SIM1
SIM2
SIM3
SIM4
1
21
22
SIM5
SIM1
SIM2
SIM3
SIM4
1
21
22
SIM5
SIM1
SIM2
SIM3
SIM4
1
21
22
SIM5
SIM1
SIM2
SIM3
SIM4
1
21
22
SIM5
SIM1
SIM2
SIM3
SIM4
1
21
22
SIM5
SIM1
SIM2
SIM3
SIM4
1
21
22
SIM5
SIM1
SIM2
SIM3
SIM4
1
21
22
SIM5
SIM1
SIM2
SIM3
SIM4
1
21
22
SIM5
SIM1
SIM2
SIM3
SIM4
1
21
22
SIM5
SIM1
SIM2
SIM3
SIM4
1
21
22
SIM5
SIM1
SIM2
SIM3
SIM4
1
21
22
SIM5
SIM1
SIM2
SIM3
SIM4
1
21
22
SIM5
SIM1
SIM2
SIM3
SIM4
1
21
22
SIM5
SIM1
SIM2
SIM3
SIM4
1
21
22
SIM5
SIM1
SIM2
SIM3
SIM4
1
21
22
SIM5
SIM1
SIM2
SIM3
SIM4
1
21
22
SIM5
SIM1
SIM2
SIM3
SIM4
1
21
22
SIM5
SIM1
SIM2
SIM3
SIM4
1
21
22
SIM5
SIM1
SIM2
SIM3
SIM4
1
21
22
SIM5
SIM1
SIM2
SIM3
SIM4
1
21
22
SIM5
SIM1
SIM2
SIM3
SIM4
1
21
22
SIM5
SIM1
SIM2
SIM3
SIM4
1
21
22
SIM5
SIM1
SIM2
SIM3
SIM4
1
21
22
SIM5
SIM1
SIM2
SIM3
SIM4
1
21
22
SIM5
SIM1
SIM2
SIM3
SIM4
1
21
22
SIM5
SIM1
SIM2
SIM3
SIM4
1
21
22
SIM5
SIM1
SIM2
SIM3
SIM4
1
21
22
SIM5
SIM1
SIM2
SIM3
SIM4
1
21
22
SIM5
SIM1
SIM2
SIM3
SIM4
1
21
22
SIM5
SIM1
SIM2
SIM3
SIM4
1
21
22
SIM5
SIM1
SIM2
SIM3
SIM4
1
21
22
SIM5
SIM1
SIM2
SIM3
SIM4
1
21
22
SIM5
SIM1
SIM2
SIM3
SIM4
1
21
22
SIM5
SIM1
SIM2
SIM3
SIM4
1
21
22
SIM5
SIM1
SIM2
SIM3
SIM4
1
21
22
SIM5
SIM1
SIM2
SIM3
SIM4
1
21
22
SIM5
SIM1
SIM2
SIM3
SIM4
1
21
22
SIM5
SIM1
SIM2
SIM3
SIM4
1
21
22
SIM5
SIM1
SIM2
SIM3
SIM4
1
21
22
SIM5
SIM1
SIM2
SIM3
SIM4
1
21
22
SIM5
SIM1
SIM2
SIM3
SIM4
1
21
22
SIM5
SIM1
SIM2
SIM3
SIM4
1
21
22
SIM5
SIM1
SIM2
SIM3
SIM4
1
21
22
SIM5
SIM1
SIM2
SIM3
SIM4
1
21
22
SIM5
SIM1
SIM2
SIM3
SIM4
1
21
22
SIM5
SIM1
SIM2
SIM3
SIM4
1
21
22
SIM5
SIM1
SIM2
SIM3
SIM4
1
21
22
SIM5
SIM1
SIM2
SIM3
SIM4
1
21
22
SIM5
SIM1
SIM2
SIM3
SIM4
1
21
22
SIM5
SIM1
SIM2
SIM3
SIM4
1
21
22
SIM5
SIM1
SIM2
SIM3
SIM4
1
21
22
SIM5
SIM1
SIM2
SIM3
SIM4
1
21
22
SIM5
SIM1
SIM2
SIM3
SIM4
1
21
22
SIM5
SIM1
SIM2
SIM3
SIM4
1
21
22
SIM5
SIM1
SIM2
SIM3
SIM4
1
21
22
SIM5
SIM1
SIM2
SIM3
SIM4
1
21
22
SIM5
SIM1
SIM2
SIM3
SIM4
1
21
22
SIM5
SIM1
SIM2
SIM3
SIM4
1
21
22
SIM5
SIM1
SIM2
SIM3
SIM4
1
21
22
SIM5
SIM1
SIM2
SIM3
SIM4
1
21
22
SIM5
SIM1
SIM2
SIM3
SIM4
1
21
22
SIM5
SIM1
SIM2
SIM3
SIM4
1
21
22
SIM5
SIM1
SIM2
SIM3
SIM4
1
21
22
SIM5
SIM1
SIM2
SIM3
SIM4
1
21
22
SIM5
SIM1
SIM2
SIM3
SIM4
1
21
22
SIM5
SIM1
SIM2
SIM3
SIM4
1
21
22
SIM5
SIM1
SIM2
SIM3
SIM4
1
21
22
SIM5
SIM1
SIM2
SIM3
SIM4
1
21
22
SIM5
SIM1
SIM2
SIM3
SIM4
1
21
22
SIM5
SIM1
SIM2
SIM3
SIM4
1
21
22
SIM5
SIM1
SIM2
SIM3
SIM4
1
21
22
SIM5
SIM1
SIM2
SIM3
SIM4
1
21
22
SIM5
SIM1
SIM2
SIM3
SIM4
1
21
22
SIM5
SIM1
SIM2
SIM3
SIM4
1
21
22
SIM5
SIM1
SIM2
SIM3
SIM4
1
21
22
SIM5
SIM1
SIM2
SIM3
SIM4
1
21
22
SIM5
SIM1
SIM2
SIM3
SIM4
1
21
22
SIM5
SIM1
SIM2
SIM3
SIM4
1
21
22
SIM5
SIM1
SIM2
SIM3
SIM4
1
21
22
SIM5
SIM1
SIM2
SIM3
SIM4
1
21
22
SIM5
SIM1
SIM2
SIM3
SIM4
1
21
22
SIM5
SIM1
SIM2
SIM3
SIM4
1
21
22
SIM5
SIM1
SIM2
SIM3
SIM4
1
21
22
SIM5
SIM1
SIM2
SIM3
SIM4
1
21
22
SIM5
SIM1
SIM2
SIM3
SIM4
1
21
22
SIM5
SIM1
SIM2
SIM3
SIM4
1
21
22
SIM5
SIM1
SIM2
SIM3
SIM4
1
21
22
SIM5
SIM1
SIM2
SIM3
SIM4
1
21
22
SIM5
SIM1
SIM2
SIM3
SIM4
1
21
22
SIM5
SIM1
SIM2
SIM3
SIM4
1
21
22
SIM5
SIM1
SIM2
SIM3
SIM4
1
21
22
SIM5
SIM1
SIM2
SIM3
SIM4
1
21
22
SIM5
SIM1
SIM2
SIM3
SIM4
1
21
22
SIM5
SIM1
SIM2
SIM3
SIM4
1
21
22
SIM5
SIM1
SIM2
SIM3
SIM4
1
21
22
SIM5
SIM1
SIM2
SIM3
SIM4
1
21
22
SIM5
SIM1
SIM2
SIM3
SIM4
1
21
22
SIM5
SIM1
SIM2
SIM3
SIM4
1
21
22
SIM5
SIM1
SIM2
SIM3
SIM4
1
21
22
SIM5
SIM1
SIM2
SIM3
SIM4
1
21
22
SIM5
SIM1
SIM2
SIM3
SIM4
1
21
22
SIM5
SIM1
SIM2
SIM3
SIM4
1
21
22
SIM5
SIM1
SIM2
SIM3
SIM4
1
21
22
SIM5
SIM1
SIM2
SIM3
SIM4
1
21
22
SIM5
SIM1
SIM2
SIM3
SIM4
1
21
22
SIM5
SIM1
SIM2
SIM3
SIM4
1
21
22
SIM5
SIM1
SIM2
SIM3
SIM4
1
21
22
SIM5
SIM1
SIM2
SIM3
SIM4
1
21
22
SIM5
SIM1
SIM2
SIM3
SIM4
1
21
22
SIM5
SIM1
SIM2
SIM3
SIM4
1
21
22
SIM5
SIM1
SIM2
SIM3
SIM4
1
21
22
SIM5
SIM1
SIM2
SIM3
SIM4
1
21
22
SIM5
SIM1
SIM2
SIM3
SIM4
1
21
22
SIM5
SIM1
SIM2
DEBUG 1 146
SIM1
SIM2
SIM3
SIM4
1
21
22
SIM5
SIM1
SIM2
SIM3
SIM4
1
21
22
SIM5
SIM1
SIM2
SIM3
SIM4
1
21
22
SIM5
SIM1
SIM2
SIM3
SIM4
1
21
22
SIM5
SIM1
SIM2
SIM3
SIM4
1
21
22
SIM5
SIM1
SIM2
SIM3
SIM4
1
21
22
SIM5
SIM1
SIM2
SIM3
SIM4
1
21
22
SIM5
SIM1
SIM2
SIM3
SIM4
1
21
22
SIM5
SIM1
SIM2
SIM3
SIM4
1
21
22
SIM5
SIM1
SIM2
SIM3
SIM4
1
21
22
SIM5
SIM1
SIM2
SIM3
SIM4
1
21
22
SIM5
SIM1
SIM2
SIM3
SIM4
1
21
22
SIM5
SIM1
SIM2
SIM3
SIM4
1
21
22
SIM5
SIM1
SIM2
SIM3
SIM4
1
21
22
SIM5
SIM1
SIM2
SIM3
SIM4
1
21
22
SIM5
SIM1
SIM2
SIM3
SIM4
1
21
22
SIM5
SIM1
SIM2
SIM3
SIM4
1
21
22
SIM5
SIM1
SIM2
SIM3
SIM4
1
21
22
SIM5
SIM1
SIM2
SIM3
SIM4
1
21
22
SIM5
SIM1
SIM2
SIM3
SIM4
1
21
22
SIM5
SIM1
SIM2
SIM3
SIM4
1
21
22
SIM5
SIM1
SIM2
SIM3
SIM4
1
21
22
SIM5
SIM1
SIM2
SIM3
SIM4
1
21
22
SIM5
SIM1
SIM2
SIM3
SIM4
1
21
22
SIM5
SIM1
SIM2
SIM3
SIM4
1
21
22
SIM5
SIM1
SIM2
SIM3
SIM4
1
21
22
SIM5
SIM1
SIM2
SIM3
SIM4
1
21
22
SIM5
SIM1
SIM2
SIM3
SIM4
1
21
22
SIM5
SIM1
SIM2
SIM3
SIM4
1
21
22
SIM5
SIM1
SIM2
SIM3
SIM4
1
21
22
SIM5
SIM1
SIM2
SIM3
SIM4
1
21
22
SIM5
SIM1
SIM2
SIM3
SIM4
1
21
22
SIM5
SIM1
SIM2
SIM3
SIM4
1
21
22
SIM5
SIM1
SIM2
SIM3
SIM4
1
21
22
SIM5
SIM1
SIM2
SIM3
SIM4
1
21
22
SIM5
SIM1
SIM2
SIM3
SIM4
1
21
22
SIM5
SIM1
SIM2
SIM3
SIM4
1
21
22
SIM5
SIM1
SIM2
SIM3
SIM4
1
21
22
SIM5
SIM1
SIM2
SIM3
SIM4
1
21
22
SIM5
SIM1
SIM2
SIM3
SIM4
1
21
22
SIM5
SIM1
SIM2
SIM3
SIM4
1
21
22
SIM5
SIM1
SIM2
SIM3
SIM4
1
21
22
SIM5
SIM1
SIM2
SIM3
SIM4
1
21
22
SIM5
SIM1
SIM2
SIM3
SIM4
1
21
22
SIM5
SIM1
SIM2
SIM3
SIM4
1
21
22
SIM5
SIM1
SIM2
SIM3
SIM4
1
21
22
SIM5
SIM1
SIM2
SIM3
SIM4
1
21
22
SIM5
SIM1
SIM2
SIM3
SIM4
1
21
22
SIM5
SIM1
SIM2
SIM3
SIM4
1
21
22
SIM5
SIM1
SIM2
SIM3
SIM4
1
21
22
SIM5
SIM1
SIM2
SIM3
SIM4
1
21
22
SIM5
SIM1
SIM2
SIM3
SIM4
1
21
22
SIM5
SIM1
SIM2
SIM3
SIM4
1
21
22
SIM5
SIM1
SIM2
SIM3
SIM4
1
21
22
SIM5
SIM1
SIM2
SIM3
SIM4
1
21
22
SIM5
SIM1
SIM2
SIM3
SIM4
1
21
22
SIM5
SIM1
SIM2
SIM3
SIM4
1
21
22
SIM5
SIM1
SIM2
SIM3
SIM4
1
21
22
SIM5
SIM1
SIM2
SIM3
SIM4
1
21
22
SIM5
SIM1
SIM2
SIM3
SIM4
1
21
22
SIM5
SIM1
SIM2
SIM3
SIM4
1
21
22
SIM5
SIM1
SIM2
SIM3
SIM4
1
21
22
SIM5
SIM1
SIM2
SIM3
SIM4
1
21
22
SIM5
SIM1
SIM2
SIM3
SIM4
1
21
22
SIM5
SIM1
SIM2
SIM3
SIM4
1
21
22
SIM5
SIM1
SIM2
SIM3
SIM4
1
21
22
SIM5
SIM1
SIM2
SIM3
SIM4
1
21
22
SIM5
SIM1
SIM2
SIM3
SIM4
1
21
22
SIM5
SIM1
SIM2
SIM3
SIM4
1
21
22
SIM5
SIM1
SIM2
SIM3
SIM4
1
21
22
SIM5
SIM1
SIM2
SIM3
SIM4
1
21
22
SIM5
SIM1
SIM2
SIM3
SIM4
1
21
22
SIM5
SIM1
SIM2
SIM3
SIM4
1
21
22
SIM5
SIM1
SIM2
SIM3
SIM4
1
21
22
SIM5
SIM1
SIM2
SIM3
SIM4
1
21
22
SIM5
SIM1
SIM2
SIM3
SIM4
1
21
22
SIM5
SIM1
SIM2
SIM3
SIM4
1
21
22
SIM5
SIM1
SIM2
SIM3
SIM4
1
21
22
SIM5
SIM1
SIM2
SIM3
SIM4
1
21
22
SIM5
SIM1
SIM2
SIM3
SIM4
1
21
22
SIM5
SIM1
SIM2
DEBUG 1 147
SIM1
SIM2
SIM3
SIM4
1
21
22
SIM5
SIM1
SIM2
SIM3
SIM4
1
21
22
SIM5
SIM1
SIM2
SIM3
SIM4
1
21
22
SIM5
SIM1
SIM2
SIM3
SIM4
1
21
22
SIM5
SIM1
SIM2
SIM3
SIM4
1
21
22
SIM5
SIM1
SIM2
SIM3
SIM4
1
21
22
SIM5
SIM1
SIM2
SIM3
SIM4
1
21
22
SIM5
SIM1
SIM2
SIM3
SIM4
1
21
22
SIM5
SIM1
SIM2
SIM3
SIM4
1
21
22
SIM5
SIM1
SIM2
SIM3
SIM4
1
21
22
SIM5
SIM1
SIM2
SIM3
SIM4
1
21
22
SIM5
SIM1
SIM2
SIM3
SIM4
1
21
22
SIM5
SIM1
SIM2
SIM3
SIM4
1
21
22
SIM5
SIM1
SIM2
SIM3
SIM4
1
21
22
SIM5
SIM1
SIM2
SIM3
SIM4
1
21
22
SIM5
SIM1
SIM2
SIM3
SIM4
1
21
22
SIM5
SIM1
SIM2
SIM3
SIM4
1
21
22
SIM5
SIM1
SIM2
SIM3
SIM4
1
21
22
SIM5
SIM1
SIM2
SIM3
SIM4
1
21
22
SIM5
SIM1
SIM2
SIM3
SIM4
1
21
22
SIM5
SIM1
SIM2
SIM3
SIM4
1
21
22
SIM5
SIM1
SIM2
SIM3
SIM4
1
21
22
SIM5
SIM1
SIM2
SIM3
SIM4
1
21
22
SIM5
SIM1
SIM2
SIM3
SIM4
1
21
22
SIM5
SIM1
SIM2
SIM3
SIM4
1
21
22
SIM5
SIM1
SIM2
SIM3
SIM4
1
21
22
SIM5
SIM1
SIM2
SIM3
SIM4
1
21
22
SIM5
SIM1
SIM2
SIM3
SIM4
1
21
22
SIM5
SIM1
SIM2
SIM3
SIM4
1
21
22
SIM5
SIM1
SIM2
SIM3
SIM4
1
21
22
SIM5
SIM1
SIM2
SIM3
SIM4
1
21
22
SIM5
SIM1
SIM2
SIM3
SIM4
1
21
22
SIM5
SIM1
SIM2
SIM3
SIM4
1
21
22
SIM5
SIM1
SIM2
SIM3
SIM4
1
21
22
SIM5
SIM1
SIM2
SIM3
SIM4
1
21
22
SIM5
SIM1
SIM2
SIM3
SIM4
1
21
22
SIM5
SIM1
SIM2
SIM3
SIM4
1
21
22
SIM5
SIM1
SIM2
SIM3
SIM4
1
21
22
SIM5
SIM1
SIM2
SIM3
SIM4
1
21
22
SIM5
SIM1
SIM2
SIM3
SIM4
1
21
22
SIM5
SIM1
SIM2
SIM3
SIM4
1
21
22
SIM5
SIM1
SIM2
SIM3
SIM4
1
21
22
SIM5
SIM1
SIM2
SIM3
SIM4
1
21
22
SIM5
SIM1
SIM2
SIM3
SIM4
1
21
22
SIM5
SIM1
SIM2
SIM3
SIM4
1
21
22
SIM5
SIM1
SIM2
SIM3
SIM4
1
21
22
SIM5
SIM1
SIM2
SIM3
SIM4
1
21
22
SIM5
SIM1
SIM2
SIM3
SIM4
1
21
22
SIM5
SIM1
SIM2
SIM3
SIM4
1
21
22
SIM5
SIM1
SIM2
SIM3
SIM4
1
21
22
SIM5
SIM1
SIM2
SIM3
SIM4
1
21
22
SIM5
SIM1
SIM2
SIM3
SIM4
1
21
22
SIM5
SIM1
SIM2
SIM3
SIM4
1
21
22
SIM5
SIM1
SIM2
SIM3
SIM4
1
21
22
SIM5
SIM1
SIM2
SIM3
SIM4
1
21
22
SIM5
SIM1
SIM2
SIM3
SIM4
1
21
22
SIM5
SIM1
SIM2
SIM3
SIM4
1
21
22
SIM5
SIM1
SIM2
SIM3
SIM4
1
21
22
SIM5
SIM1
SIM2
SIM3
SIM4
1
21
22
SIM5
SIM1
SIM2
SIM3
SIM4
1
21
22
SIM5
SIM1
SIM2
SIM3
SIM4
1
21
22
SIM5
SIM1
SIM2
SIM3
SIM4
1
21
22
SIM5
SIM1
SIM2
SIM3
SIM4
1
21
22
SIM5
SIM1
SIM2
SIM3
SIM4
1
21
22
SIM5
SIM1
SIM2
SIM3
SIM4
1
21
22
SIM5
SIM1
SIM2
SIM3
SIM4
1
21
22
SIM5
SIM1
SIM2
SIM3
SIM4
1
21
22
SIM5
SIM1
SIM2
SIM3
SIM4
1
21
22
SIM5
SIM1
SIM2
SIM3
SIM4
1
21
22
SIM5
SIM1
SIM2
SIM3
SIM4
1
21
22
SIM5
SIM1
SIM2
SIM3
SIM4
1
21
22
SIM5
SIM1
SIM2
SIM3
SIM4
1
21
22
SIM5
SIM1
SIM2
SIM3
SIM4
1
21
22
SIM5
SIM1
SIM2
SIM3
SIM4
1
21
22
SIM5
SIM1
SIM2
SIM3
SIM4
1
21
22
SIM5
SIM1
SIM2
SIM3
SIM4
1
21
22
SIM5
SIM1
SIM2
SIM3
SIM4
1
21
22
SIM5
SIM1
SIM2
SIM3
SIM4
1
21
22
SIM5
SIM1
SIM2
SIM3
SIM4
1
21
22
SIM5
SIM1
SIM2
SIM3
SIM4
1
21
22
SIM5
SIM1
SIM2
SIM3
SIM4
1
21
22
SIM5
SIM1
SIM2
SIM3
SIM4
1
21
22
SIM5
SIM1
SIM2
SIM3
SIM4
1
21
22
SIM5
SIM1
SIM2
SIM3
SIM4
1
21
22
SIM5
SIM1
SIM2
SIM3
SIM4
1
21
22
SIM5
SIM1
SIM2
SIM3
SIM4
1
21
22
SIM5
SIM1
SIM2
SIM3
SIM4
1
21
22
SIM5
SIM1
SIM2
SIM3
SIM4
1
21
22
SIM5
SIM1
SIM2
SIM3
SIM4
1
21
22
SIM5
SIM1
SIM2
SIM3
SIM4
1
21
22
SIM5
SIM1
SIM2
SIM3
SIM4
1
21
22
SIM5
SIM1
SIM2
SIM3
SIM4
1
21
22
SIM5
SIM1
SIM2
SIM3
SIM4
1
21
22
SIM5
SIM1
SIM2
SIM3
SIM4
1
21
22
SIM5
SIM1
SIM2
SIM3
SIM4
1
21
22
SIM5
SIM1
SIM2
SIM3
SIM4
1
21
22
SIM5
SIM1
SIM2
SIM3
SIM4
1
21
22
SIM5
SIM1
SIM2
SIM3
SIM4
1
21
22
SIM5
SIM1
SIM2
SIM3
SIM4
1
21
22
SIM5
SIM1
SIM2
SIM3
SIM4
1
21
22
SIM5
SIM1
SIM2
SIM3
SIM4
1
21
22
SIM5
SIM1
SIM2
SIM3
SIM4
1
21
22
SIM5
SIM1
SIM2
SIM3
SIM4
1
21
22
SIM5
SIM1
SIM2
SIM3
SIM4
1
21
22
SIM5
SIM1
SIM2
SIM3
SIM4
1
21
22
SIM5
SIM1
SIM2
SIM3
SIM4
1
21
22
SIM5
SIM1
SIM2
SIM3
SIM4
1
21
22
SIM5
SIM1
SIM2
SIM3
SIM4
1
21
22
SIM5
SIM1
SIM2
SIM3
SIM4
1
21
22
SIM5
SIM1
SIM2
SIM3
SIM4
1
21
22
SIM5
SIM1
SIM2
SIM3
SIM4
1
21
22
SIM5
SIM1
SIM2
SIM3
SIM4
1
21
22
SIM5
SIM1
SIM2
SIM3
SIM4
1
21
22
SIM5
SIM1
SIM2
SIM3
SIM4
1
21
22
SIM5
SIM1
SIM2
SIM3
SIM4
1
21
22
SIM5
SIM1
SIM2
SIM3
SIM4
1
21
22
SIM5
SIM1
SIM2
SIM3
SIM4
1
21
22
SIM5
SIM1
SIM2
SIM3
SIM4
1
21
22
SIM5
SIM1
SIM2
SIM3
SIM4
1
21
22
SIM5
SIM1
SIM2
SIM3
SIM4
1
21
22
SIM5
SIM1
SIM2
SIM3
SIM4
1
21
22
SIM5
SIM1
SIM2
SIM3
SIM4
1
21
22
SIM5
SIM1
SIM2
SIM3
SIM4
1
21
22
SIM5
SIM1
SIM2
SIM3
SIM4
1
21
22
SIM5
SIM1
SIM2
SIM3
SIM4
1
21
22
SIM5
SIM1
SIM2
SIM3
SIM4
1
21
22
SIM5
SIM1
SIM2
SIM3
SIM4
1
21
22
SIM5
SIM1
SIM2
SIM3
SIM4
1
21
22
SIM5
SIM1
SIM2
SIM3
SIM4
1
21
22
SIM5
SIM1
SIM2
SIM3
SIM4
1
21
22
SIM5
SIM1
SIM2
SIM3
SIM4
1
21
22
SIM5
SIM1
SIM2
SIM3
SIM4
1
21
22
SIM5
SIM1
SIM2
SIM3
SIM4
1
21
22
SIM5
SIM1
SIM2
SIM3
SIM4
1
21
22
SIM5
SIM1
SIM2
SIM3
SIM4
1
21
22
SIM5
SIM1
SIM2
SIM3
SIM4
1
21
22
SIM5
SIM1
SIM2
SIM3
SIM4
1
21
22
SIM5
SIM1
SIM2
SIM3
SIM4
1
21
22
SIM5
SIM1
SIM2
SIM3
SIM4
1
21
22
SIM5
SIM1
SIM2
SIM3
SIM4
1
21
22
SIM5
SIM1
SIM2
SIM3
SIM4
1
21
22
SIM5
SIM1
SIM2
SIM3
SIM4
1
21
22
SIM5
SIM1
SIM2
SIM3
SIM4
1
21
22
SIM5
SIM1
SIM2
SIM3
SIM4
1
21
22
SIM5
SIM1
SIM2
SIM3
SIM4
1
21
22
SIM5
SIM1
SIM2
SIM3
SIM4
1
21
22
SIM5
SIM1
SIM2
SIM3
SIM4
1
21
22
SIM5
SIM1
SIM2
SIM3
SIM4
1
21
22
SIM5
SIM1
SIM2
SIM3
SIM4
1
21
22
SIM5
SIM1
SIM2
SIM3
SIM4
1
21
22
SIM5
SIM1
SIM2
SIM3
SIM4
1
21
22
SIM5
SIM1
SIM2
SIM3
SIM4
1
21
22
SIM5
SIM1
SIM2
SIM3
SIM4
1
21
22
SIM5
SIM1
SIM2
SIM3
SIM4
1
21
22
SIM5
SIM1
SIM2
SIM3
SIM4
1
21
22
SIM5
SIM1
SIM2
SIM3
SIM4
1
21
22
SIM5
SIM1
SIM2
SIM3
SIM4
1
21
22
SIM5
SIM1
SIM2
SIM3
SIM4
1
21
22
SIM5
SIM1
SIM2
SIM3
SIM4
1
21
22
SIM5
SIM1
SIM2
SIM3
SIM4
1
21
22
SIM5
SIM1
SIM2
SIM3
SIM4
1
21
22
SIM5
SIM1
SIM2
SIM3
SIM4
1
21
22
SIM5
SIM1
SIM2
SIM3
SIM4
1
21
22
SIM5
SIM1
SIM2
SIM3
SIM4
1
21
22
SIM5
SIM1
SIM2
SIM3
SIM4
1
21
22
SIM5
SIM1
SIM2
SIM3
SIM4
1
21
22
SIM5
SIM1
SIM2
SIM3
SIM4
1
21
22
SIM5
SIM1
SIM2
SIM3
SIM4
1
21
22
SIM5
SIM1
SIM2
SIM3
SIM4
1
21
22
SIM5
SIM1
SIM2
SIM3
SIM4
1
21
22
SIM5
SIM1
SIM2
SIM3
SIM4
1
21
22
SIM5
SIM1
SIM2
SIM3
SIM4
1
21
22
SIM5
SIM1
SIM2
SIM3
SIM4
1
21
22
SIM5
SIM1
SIM2
SIM3
SIM4
1
21
22
SIM5
SIM1
SIM2
SIM3
SIM4
1
21
22
SIM5
SIM1
SIM2
SIM3
SIM4
1
21
22
SIM5
SIM1
SIM2
SIM3
SIM4
1
21
22
SIM5
SIM1
SIM2
SIM3
SIM4
1
21
22
SIM5
SIM1
SIM2
SIM3
SIM4
1
21
22
SIM5
SIM1
SIM2
SIM3
SIM4
1
21
22
SIM5
SIM1
SIM2
SIM3
SIM4
1
21
22
SIM5
SIM1
SIM2
SIM3
SIM4
1
21
22
SIM5
SIM1
SIM2
SIM3
SIM4
1
21
22
SIM5
SIM1
SIM2
SIM3
SIM4
1
21
22
SIM5
SIM1
SIM2
SIM3
SIM4
1
21
22
SIM5
SIM1
SIM2
SIM3
SIM4
1
21
22
SIM5
SIM1
SIM2
SIM3
SIM4
1
21
22
SIM5
SIM1
SIM2
SIM3
SIM4
1
21
22
SIM5
SIM1
SIM2
SIM3
SIM4
1
21
22
SIM5
SIM1
SIM2
SIM3
SIM4
1
21
22
SIM5
SIM1
SIM2
SIM3
SIM4
1
21
22
SIM5
SIM1
SIM2
SIM3
SIM4
1
21
22
SIM5
SIM1
SIM2
SIM3
SIM4
1
21
22
SIM5
SIM1
SIM2
SIM3
SIM4
1
21
22
SIM5
SIM1
SIM2
SIM3
SIM4
1
21
22
SIM5
SIM1
SIM2
SIM3
SIM4
1
21
22
SIM5
SIM1
SIM2
SIM3
SIM4
1
21
22
SIM5
SIM1
SIM2
SIM3
SIM4
1
21
22
SIM5
SIM1
SIM2
SIM3
SIM4
1
21
22
SIM5
SIM1
SIM2
SIM3
SIM4
1
21
22
SIM5
SIM1
SIM2
SIM3
SIM4
1
21
22
SIM5
SIM1
SIM2
SIM3
SIM4
1
21
22
SIM5
SIM1
SIM2
SIM3
SIM4
1
21
22
SIM5
SIM1
SIM2
SIM3
SIM4
1
21
22
SIM5
SIM1
SIM2
SIM3
SIM4
1
21
22
SIM5
SIM1
SIM2
SIM3
SIM4
1
21
22
SIM5
SIM1
SIM2
SIM3
SIM4
1
21
22
SIM5
SIM1
SIM2
SIM3
SIM4
1
21
22
SIM5
SIM1
SIM2
SIM3
SIM4
1
21
22
SIM5
SIM1
SIM2
SIM3
SIM4
1
21
22
SIM5
SIM1
SIM2
SIM3
SIM4
1
21
22
SIM5
SIM1
SIM2
SIM3
SIM4
1
21
22
SIM5
SIM1
SIM2
SIM3
SIM4
1
21
22
SIM5
SIM1
SIM2
SIM3
SIM4
1
21
22
SIM5
SIM1
SIM2
SIM3
SIM4
1
21
22
SIM5
SIM1
SIM2
SIM3
SIM4
1
21
22
SIM5
SIM1
SIM2
SIM3
SIM4
1
21
22
SIM5
SIM1
SIM2
SIM3
SIM4
1
21
22
SIM5
SIM1
SIM2
SIM3
SIM4
1
21
22
SIM5
SIM1
SIM2
SIM3
SIM4
1
21
22
SIM5
SIM1
SIM2
SIM3
SIM4
1
21
22
SIM5
SIM1
SIM2
SIM3
SIM4
1
21
22
SIM5
SIM1
SIM2
SIM3
SIM4
1
21
22
SIM5
SIM1
SIM2
SIM3
SIM4
1
21
22
SIM5
SIM1
SIM2
SIM3
SIM4
1
21
22
SIM5
SIM1
SIM2
SIM3
SIM4
1
21
22
SIM5
SIM1
SIM2
SIM3
SIM4
1
21
22
SIM5
SIM1
SIM2
SIM3
SIM4
1
21
22
SIM5
SIM1
SIM2
SIM3
SIM4
1
21
22
SIM5
SIM1
SIM2
SIM3
SIM4
1
21
22
SIM5
SIM1
SIM2
SIM3
SIM4
1
21
22
SIM5
SIM1
SIM2
SIM3
SIM4
1
21
22
SIM5
SIM1
SIM2
SIM3
SIM4
1
21
22
SIM5
SIM1
SIM2
SIM3
SIM4
1
21
22
SIM5
SIM1
SIM2
SIM3
SIM4
1
21
22
SIM5
SIM1
SIM2
SIM3
SIM4
1
21
22
SIM5
SIM1
SIM2
DEBUG 1 148
SIM1
SIM2
SIM3
SIM4
1
21
22
SIM5
SIM1
SIM2
SIM3
SIM4
1
21
22
SIM5
SIM1
SIM2
SIM3
SIM4
1
21
22
SIM5
SIM1
SIM2
SIM3
SIM4
1
21
22
SIM5
SIM1
SIM2
SIM3
SIM4
1
21
22
SIM5
SIM1
SIM2
SIM3
SIM4
1
21
22
SIM5
SIM1
SIM2
SIM3
SIM4
1
21
22
SIM5
SIM1
SIM2
SIM3
SIM4
1
21
22
SIM5
SIM1
SIM2
SIM3
SIM4
1
21
22
SIM5
SIM1
SIM2
SIM3
SIM4
1
21
22
SIM5
SIM1
SIM2
SIM3
SIM4
1
21
22
SIM5
SIM1
SIM2
SIM3
SIM4
1
21
22
SIM5
SIM1
SIM2
SIM3
SIM4
1
21
22
SIM5
SIM1
SIM2
SIM3
SIM4
1
21
22
SIM5
SIM1
SIM2
SIM3
SIM4
1
21
22
SIM5
SIM1
SIM2
SIM3
SIM4
1
21
22
SIM5
SIM1
SIM2
SIM3
SIM4
1
21
22
SIM5
SIM1
SIM2
SIM3
SIM4
1
21
22
SIM5
SIM1
SIM2
SIM3
SIM4
1
21
22
SIM5
SIM1
SIM2
SIM3
SIM4
1
21
22
SIM5
SIM1
SIM2
SIM3
SIM4
1
21
22
SIM5
SIM1
SIM2
SIM3
SIM4
1
21
22
SIM5
SIM1
SIM2
SIM3
SIM4
1
21
22
SIM5
SIM1
SIM2
SIM3
SIM4
1
21
22
SIM5
SIM1
SIM2
SIM3
SIM4
1
21
22
SIM5
SIM1
SIM2
SIM3
SIM4
1
21
22
SIM5
SIM1
SIM2
SIM3
SIM4
1
21
22
SIM5
SIM1
SIM2
SIM3
SIM4
1
21
22
SIM5
SIM1
SIM2
SIM3
SIM4
1
21
22
SIM5
SIM1
SIM2
SIM3
SIM4
1
21
22
SIM5
SIM1
SIM2
SIM3
SIM4
1
21
22
SIM5
SIM1
SIM2
SIM3
SIM4
1
21
22
SIM5
SIM1
SIM2
SIM3
SIM4
1
21
22
SIM5
SIM1
SIM2
SIM3
SIM4
1
21
22
SIM5
SIM1
SIM2
SIM3
SIM4
1
21
22
SIM5
SIM1
SIM2
SIM3
SIM4
1
21
22
SIM5
SIM1
SIM2
SIM3
SIM4
1
21
22
SIM5
SIM1
SIM2
SIM3
SIM4
1
21
22
SIM5
SIM1
SIM2
SIM3
SIM4
1
21
22
SIM5
SIM1
SIM2
SIM3
SIM4
1
21
22
SIM5
SIM1
SIM2
SIM3
SIM4
1
21
22
SIM5
SIM1
SIM2
SIM3
SIM4
1
21
22
SIM5
SIM1
SIM2
SIM3
SIM4
1
21
22
SIM5
SIM1
SIM2
SIM3
SIM4
1
21
22
SIM5
SIM1
SIM2
SIM3
SIM4
1
21
22
SIM5
SIM1
SIM2
SIM3
SIM4
1
21
22
SIM5
SIM1
SIM2
SIM3
SIM4
1
21
22
SIM5
SIM1
SIM2
SIM3
SIM4
1
21
22
SIM5
SIM1
SIM2
SIM3
SIM4
1
21
22
SIM5
SIM1
SIM2
SIM3
SIM4
1
21
22
SIM5
SIM1
SIM2
SIM3
SIM4
1
21
22
SIM5
SIM1
SIM2
SIM3
SIM4
1
21
22
SIM5
SIM1
SIM2
SIM3
SIM4
1
21
22
SIM5
SIM1
SIM2
SIM3
SIM4
1
21
22
SIM5
SIM1
SIM2
SIM3
SIM4
1
21
22
SIM5
SIM1
SIM2
SIM3
SIM4
1
21
22
SIM5
SIM1
SIM2
SIM3
SIM4
1
21
22
SIM5
SIM1
SIM2
SIM3
SIM4
1
21
22
SIM5
SIM1
SIM2
SIM3
SIM4
1
21
22
SIM5
SIM1
SIM2
SIM3
SIM4
1
21
22
SIM5
SIM1
SIM2
SIM3
SIM4
1
21
22
SIM5
SIM1
SIM2
SIM3
SIM4
1
21
22
SIM5
SIM1
SIM2
SIM3
SIM4
1
21
22
SIM5
SIM1
SIM2
SIM3
SIM4
1
21
22
SIM5
SIM1
SIM2
SIM3
SIM4
1
21
22
SIM5
SIM1
SIM2
SIM3
SIM4
1
21
22
SIM5
SIM1
SIM2
SIM3
SIM4
1
21
22
SIM5
SIM1
SIM2
SIM3
SIM4
1
21
22
SIM5
SIM1
SIM2
SIM3
SIM4
1
21
22
SIM5
SIM1
SIM2
SIM3
SIM4
1
21
22
SIM5
SIM1
SIM2
SIM3
SIM4
1
21
22
SIM5
SIM1
SIM2
SIM3
SIM4
1
21
22
SIM5
SIM1
SIM2
SIM3
SIM4
1
21
22
SIM5
SIM1
SIM2
SIM3
SIM4
1
21
22
SIM5
SIM1
SIM2
SIM3
SIM4
1
21
22
SIM5
SIM1
SIM2
SIM3
SIM4
1
21
22
SIM5
SIM1
SIM2
SIM3
SIM4
1
21
22
SIM5
SIM1
SIM2
SIM3
SIM4
1
21
22
SIM5
SIM1
SIM2
SIM3
SIM4
1
21
22
SIM5
SIM1
SIM2
SIM3
SIM4
1
21
22
SIM5
SIM1
SIM2
SIM3
SIM4
1
21
22
SIM5
SIM1
SIM2
SIM3
SIM4
1
21
22
SIM5
SIM1
SIM2
SIM3
SIM4
1
21
22
SIM5
SIM1
SIM2
SIM3
SIM4
1
21
22
SIM5
SIM1
SIM2
SIM3
SIM4
1
21
22
SIM5
SIM1
SIM2
SIM3
SIM4
1
21
22
SIM5
SIM1
SIM2
SIM3
SIM4
1
21
22
SIM5
SIM1
SIM2
SIM3
SIM4
1
21
22
SIM5
SIM1
SIM2
SIM3
SIM4
1
21
22
SIM5
SIM1
SIM2
SIM3
SIM4
1
21
22
SIM5
SIM1
SIM2
SIM3
SIM4
1
21
22
SIM5
SIM1
SIM2
SIM3
SIM4
1
21
22
SIM5
SIM1
SIM2
SIM3
SIM4
1
21
22
SIM5
SIM1
SIM2
SIM3
SIM4
1
21
22
SIM5
SIM1
SIM2
SIM3
SIM4
1
21
22
SIM5
SIM1
SIM2
SIM3
SIM4
1
21
22
SIM5
SIM1
SIM2
SIM3
SIM4
1
21
22
SIM5
SIM1
SIM2
SIM3
SIM4
1
21
22
SIM5
SIM1
SIM2
SIM3
SIM4
1
21
22
SIM5
SIM1
SIM2
SIM3
SIM4
1
21
22
SIM5
SIM1
SIM2
SIM3
SIM4
1
21
22
SIM5
SIM1
SIM2
SIM3
SIM4
1
21
22
SIM5
SIM1
SIM2
SIM3
SIM4
1
21
22
SIM5
SIM1
SIM2
SIM3
SIM4
1
21
22
SIM5
SIM1
SIM2
SIM3
SIM4
1
21
22
SIM5
SIM1
SIM2
SIM3
SIM4
1
21
22
SIM5
SIM1
SIM2
SIM3
SIM4
1
21
22
SIM5
SIM1
SIM2
SIM3
SIM4
1
21
22
SIM5
SIM1
SIM2
SIM3
SIM4
1
21
22
SIM5
SIM1
SIM2
SIM3
SIM4
1
21
22
SIM5
SIM1
SIM2
SIM3
SIM4
1
21
22
SIM5
SIM1
SIM2
SIM3
SIM4
1
21
22
SIM5
SIM1
SIM2
SIM3
SIM4
1
21
22
SIM5
SIM1
SIM2
SIM3
SIM4
1
21
22
SIM5
SIM1
SIM2
SIM3
SIM4
1
21
22
SIM5
SIM1
SIM2
SIM3
SIM4
1
21
22
SIM5
SIM1
SIM2
SIM3
SIM4
1
21
22
SIM5
SIM1
SIM2
SIM3
SIM4
1
21
22
SIM5
SIM1
SIM2
SIM3
SIM4
1
21
22
SIM5
SIM1
SIM2
SIM3
SIM4
1
21
22
SIM5
SIM1
SIM2
SIM3
SIM4
1
21
22
SIM5
SIM1
SIM2
SIM3
SIM4
1
21
22
SIM5
SIM1
SIM2
SIM3
SIM4
1
21
22
SIM5
SIM1
SIM2
SIM3
SIM4
1
21
22
SIM5
SIM1
SIM2
SIM3
SIM4
1
21
22
SIM5
SIM1
SIM2
SIM3
SIM4
1
21
22
SIM5
SIM1
SIM2
SIM3
SIM4
1
21
22
SIM5
SIM1
SIM2
SIM3
SIM4
1
21
22
SIM5
SIM1
SIM2
SIM3
SIM4
1
21
22
SIM5
SIM1
SIM2
SIM3
SIM4
1
21
22
SIM5
SIM1
SIM2
SIM3
SIM4
1
21
22
SIM5
SIM1
SIM2
SIM3
SIM4
1
21
22
SIM5
SIM1
SIM2
SIM3
SIM4
1
21
22
SIM5
SIM1
SIM2
SIM3
SIM4
1
21
22
SIM5
SIM1
SIM2
SIM3
SIM4
1
21
22
SIM5
SIM1
SIM2
SIM3
SIM4
1
21
22
SIM5
SIM1
SIM2
SIM3
SIM4
1
21
22
SIM5
SIM1
SIM2
SIM3
SIM4
1
21
22
SIM5
SIM1
SIM2
SIM3
SIM4
1
21
22
SIM5
SIM1
SIM2
SIM3
SIM4
1
21
22
SIM5
SIM1
SIM2
SIM3
SIM4
1
21
22
SIM5
SIM1
SIM2
DEBUG 1 149
SIM1
SIM2
SIM3
SIM4
1
21
22
SIM5
SIM1
SIM2
SIM3
SIM4
1
21
22
SIM5
SIM1
SIM2
SIM3
SIM4
1
21
22
SIM5
SIM1
SIM2
SIM3
SIM4
1
21
22
SIM5
SIM1
SIM2
SIM3
SIM4
1
21
22
SIM5
SIM1
SIM2
SIM3
SIM4
1
21
22
SIM5
SIM1
SIM2
SIM3
SIM4
1
21
22
SIM5
SIM1
SIM2
SIM3
SIM4
1
21
22
SIM5
SIM1
SIM2
SIM3
SIM4
1
21
22
SIM5
SIM1
SIM2
SIM3
SIM4
1
21
22
SIM5
SIM1
SIM2
SIM3
SIM4
1
21
22
SIM5
SIM1
SIM2
SIM3
SIM4
1
21
22
SIM5
SIM1
SIM2
SIM3
SIM4
1
21
22
SIM5
SIM1
SIM2
SIM3
SIM4
1
21
22
SIM5
SIM1
SIM2
SIM3
SIM4
1
21
22
SIM5
SIM1
SIM2
SIM3
SIM4
1
21
22
SIM5
SIM1
SIM2
SIM3
SIM4
1
21
22
SIM5
SIM1
SIM2
SIM3
SIM4
1
21
22
SIM5
SIM1
SIM2
SIM3
SIM4
1
21
22
SIM5
SIM1
SIM2
SIM3
SIM4
1
21
22
SIM5
SIM1
SIM2
SIM3
SIM4
1
21
22
SIM5
SIM1
SIM2
SIM3
SIM4
1
21
22
SIM5
SIM1
SIM2
SIM3
SIM4
1
21
22
SIM5
SIM1
SIM2
SIM3
SIM4
1
21
22
SIM5
SIM1
SIM2
SIM3
SIM4
1
21
22
SIM5
SIM1
SIM2
SIM3
SIM4
1
21
22
SIM5
SIM1
SIM2
SIM3
SIM4
1
21
22
SIM5
SIM1
SIM2
SIM3
SIM4
1
21
22
SIM5
SIM1
SIM2
SIM3
SIM4
1
21
22
SIM5
SIM1
SIM2
SIM3
SIM4
1
21
22
SIM5
SIM1
SIM2
SIM3
SIM4
1
21
22
SIM5
SIM1
SIM2
SIM3
SIM4
1
21
22
SIM5
SIM1
SIM2
SIM3
SIM4
1
21
22
SIM5
SIM1
SIM2
SIM3
SIM4
1
21
22
SIM5
SIM1
SIM2
SIM3
SIM4
1
21
22
SIM5
SIM1
SIM2
SIM3
SIM4
1
21
22
SIM5
SIM1
SIM2
SIM3
SIM4
1
21
22
SIM5
SIM1
SIM2
SIM3
SIM4
1
21
22
SIM5
SIM1
SIM2
SIM3
SIM4
1
21
22
SIM5
SIM1
SIM2
SIM3
SIM4
1
21
22
SIM5
SIM1
SIM2
SIM3
SIM4
1
21
22
SIM5
SIM1
SIM2
SIM3
SIM4
1
21
22
SIM5
SIM1
SIM2
SIM3
SIM4
1
21
22
SIM5
SIM1
SIM2
SIM3
SIM4
1
21
22
SIM5
SIM1
SIM2
SIM3
SIM4
1
21
22
SIM5
SIM1
SIM2
SIM3
SIM4
1
21
22
SIM5
SIM1
SIM2
SIM3
SIM4
1
21
22
SIM5
SIM1
SIM2
SIM3
SIM4
1
21
22
SIM5
SIM1
SIM2
SIM3
SIM4
1
21
22
SIM5
SIM1
SIM2
SIM3
SIM4
1
21
22
SIM5
SIM1
SIM2
SIM3
SIM4
1
21
22
SIM5
SIM1
SIM2
SIM3
SIM4
1
21
22
SIM5
SIM1
SIM2
SIM3
SIM4
1
21
22
SIM5
SIM1
SIM2
SIM3
SIM4
1
21
22
SIM5
SIM1
SIM2
SIM3
SIM4
1
21
22
SIM5
SIM1
SIM2
SIM3
SIM4
1
21
22
SIM5
SIM1
SIM2
SIM3
SIM4
1
21
22
SIM5
SIM1
SIM2
SIM3
SIM4
1
21
22
SIM5
SIM1
SIM2
SIM3
SIM4
1
21
22
SIM5
SIM1
SIM2
SIM3
SIM4
1
21
22
SIM5
SIM1
SIM2
SIM3
SIM4
1
21
22
SIM5
SIM1
SIM2
SIM3
SIM4
1
21
22
SIM5
SIM1
SIM2
SIM3
SIM4
1
21
22
SIM5
SIM1
SIM2
SIM3
SIM4
1
21
22
SIM5
SIM1
SIM2
SIM3
SIM4
1
21
22
SIM5
SIM1
SIM2
SIM3
SIM4
1
21
22
SIM5
SIM1
SIM2
SIM3
SIM4
1
21
22
SIM5
SIM1
SIM2
SIM3
SIM4
1
21
22
SIM5
SIM1
SIM2
SIM3
SIM4
1
21
22
SIM5
SIM1
SIM2
SIM3
SIM4
1
21
22
SIM5
SIM1
SIM2
SIM3
SIM4
1
21
22
SIM5
SIM1
SIM2
SIM3
SIM4
1
21
22
SIM5
SIM1
SIM2
SIM3
SIM4
1
21
22
SIM5
SIM1
SIM2
SIM3
SIM4
1
21
22
SIM5
SIM1
SIM2
SIM3
SIM4
1
21
22
SIM5
SIM1
SIM2
SIM3
SIM4
1
21
22
SIM5
SIM1
SIM2
SIM3
SIM4
1
21
22
SIM5
SIM1
SIM2
SIM3
SIM4
1
21
22
SIM5
SIM1
SIM2
SIM3
SIM4
1
21
22
SIM5
SIM1
SIM2
SIM3
SIM4
1
21
22
SIM5
SIM1
SIM2
SIM3
SIM4
1
21
22
SIM5
SIM1
SIM2
SIM3
SIM4
1
21
22
SIM5
SIM1
SIM2
SIM3
SIM4
1
21
22
SIM5
SIM1
SIM2
SIM3
SIM4
1
21
22
SIM5
SIM1
SIM2
SIM3
SIM4
1
21
22
SIM5
SIM1
SIM2
SIM3
SIM4
1
21
22
SIM5
SIM1
SIM2
SIM3
SIM4
1
21
22
SIM5
SIM1
SIM2
SIM3
SIM4
1
21
22
SIM5
SIM1
SIM2
SIM3
SIM4
1
21
22
SIM5
SIM1
SIM2
SIM3
SIM4
1
21
22
SIM5
SIM1
SIM2
SIM3
SIM4
1
21
22
SIM5
SIM1
SIM2
SIM3
SIM4
1
21
22
SIM5
SIM1
SIM2
SIM3
SIM4
1
21
22
SIM5
SIM1
SIM2
SIM3
SIM4
1
21
22
SIM5
SIM1
SIM2
SIM3
SIM4
1
21
22
SIM5
SIM1
SIM2
SIM3
SIM4
1
21
22
SIM5
SIM1
SIM2
SIM3
SIM4
1
21
22
SIM5
SIM1
SIM2
SIM3
SIM4
1
21
22
SIM5
SIM1
SIM2
SIM3
SIM4
1
21
22
SIM5
SIM1
SIM2
SIM3
SIM4
1
21
22
SIM5
SIM1
SIM2
SIM3
SIM4
1
21
22
SIM5
SIM1
SIM2
SIM3
SIM4
1
21
22
SIM5
SIM1
SIM2
SIM3
SIM4
1
21
22
SIM5
SIM1
SIM2
DEBUG 1 150
SIM1
SIM2
SIM3
SIM4
1
21
22
SIM5
SIM1
SIM2
SIM3
SIM4
1
21
22
SIM5
SIM1
SIM2
SIM3
SIM4
1
21
22
SIM5
SIM1
SIM2
SIM3
SIM4
1
21
22
SIM5
SIM1
SIM2
SIM3
SIM4
1
21
22
SIM5
SIM1
SIM2
SIM3
SIM4
1
21
22
SIM5
SIM1
SIM2
SIM3
SIM4
1
21
22
SIM5
SIM1
SIM2
SIM3
SIM4
1
21
22
SIM5
SIM1
SIM2
SIM3
SIM4
1
21
22
SIM5
SIM1
SIM2
SIM3
SIM4
1
21
22
SIM5
SIM1
SIM2
SIM3
SIM4
1
21
22
SIM5
SIM1
SIM2
SIM3
SIM4
1
21
22
SIM5
SIM1
SIM2
SIM3
SIM4
1
21
22
SIM5
SIM1
SIM2
SIM3
SIM4
1
21
22
SIM5
SIM1
SIM2
SIM3
SIM4
1
21
22
SIM5
SIM1
SIM2
SIM3
SIM4
1
21
22
SIM5
SIM1
SIM2
SIM3
SIM4
1
21
22
SIM5
SIM1
SIM2
SIM3
SIM4
1
21
22
SIM5
SIM1
SIM2
SIM3
SIM4
1
21
22
SIM5
SIM1
SIM2
SIM3
SIM4
1
21
22
SIM5
SIM1
SIM2
SIM3
SIM4
1
21
22
SIM5
SIM1
SIM2
SIM3
SIM4
1
21
22
SIM5
SIM1
SIM2
SIM3
SIM4
1
21
22
SIM5
SIM1
SIM2
SIM3
SIM4
1
21
22
SIM5
SIM1
SIM2
SIM3
SIM4
1
21
22
SIM5
SIM1
SIM2
SIM3
SIM4
1
21
22
SIM5
SIM1
SIM2
SIM3
SIM4
1
21
22
SIM5
SIM1
SIM2
SIM3
SIM4
1
21
22
SIM5
SIM1
SIM2
SIM3
SIM4
1
21
22
SIM5
SIM1
SIM2
SIM3
SIM4
1
21
22
SIM5
SIM1
SIM2
SIM3
SIM4
1
21
22
SIM5
SIM1
SIM2
SIM3
SIM4
1
21
22
SIM5
SIM1
SIM2
SIM3
SIM4
1
21
22
SIM5
SIM1
SIM2
SIM3
SIM4
1
21
22
SIM5
SIM1
SIM2
SIM3
SIM4
1
21
22
SIM5
SIM1
SIM2
SIM3
SIM4
1
21
22
SIM5
SIM1
SIM2
SIM3
SIM4
1
21
22
SIM5
SIM1
SIM2
SIM3
SIM4
1
21
22
SIM5
SIM1
SIM2
SIM3
SIM4
1
21
22
SIM5
SIM1
SIM2
SIM3
SIM4
1
21
22
SIM5
SIM1
SIM2
SIM3
SIM4
1
21
22
SIM5
SIM1
SIM2
SIM3
SIM4
1
21
22
SIM5
SIM1
SIM2
SIM3
SIM4
1
21
22
SIM5
SIM1
SIM2
SIM3
SIM4
1
21
22
SIM5
SIM1
SIM2
SIM3
SIM4
1
21
22
SIM5
SIM1
SIM2
SIM3
SIM4
1
21
22
SIM5
SIM1
SIM2
SIM3
SIM4
1
21
22
SIM5
SIM1
SIM2
SIM3
SIM4
1
21
22
SIM5
SIM1
SIM2
SIM3
SIM4
1
21
22
SIM5
SIM1
SIM2
SIM3
SIM4
1
21
22
SIM5
SIM1
SIM2
SIM3
SIM4
1
21
22
SIM5
SIM1
SIM2
SIM3
SIM4
1
21
22
SIM5
SIM1
SIM2
SIM3
SIM4
1
21
22
SIM5
SIM1
SIM2
SIM3
SIM4
1
21
22
SIM5
SIM1
SIM2
SIM3
SIM4
1
21
22
SIM5
SIM1
SIM2
SIM3
SIM4
1
21
22
SIM5
SIM1
SIM2
SIM3
SIM4
1
21
22
SIM5
SIM1
SIM2
SIM3
SIM4
1
21
22
SIM5
SIM1
SIM2
SIM3
SIM4
1
21
22
SIM5
SIM1
SIM2
SIM3
SIM4
1
21
22
SIM5
SIM1
SIM2
SIM3
SIM4
1
21
22
SIM5
SIM1
SIM2
SIM3
SIM4
1
21
22
SIM5
SIM1
SIM2
SIM3
SIM4
1
21
22
SIM5
SIM1
SIM2
SIM3
SIM4
1
21
22
SIM5
SIM1
SIM2
SIM3
SIM4
1
21
22
SIM5
SIM1
SIM2
SIM3
SIM4
1
21
22
SIM5
SIM1
SIM2
SIM3
SIM4
1
21
22
SIM5
SIM1
SIM2
SIM3
SIM4
1
21
22
SIM5
SIM1
SIM2
SIM3
SIM4
1
21
22
SIM5
SIM1
SIM2
SIM3
SIM4
1
21
22
SIM5
SIM1
SIM2
SIM3
SIM4
1
21
22
SIM5
SIM1
SIM2
SIM3
SIM4
1
21
22
SIM5
SIM1
SIM2
SIM3
SIM4
1
21
22
SIM5
SIM1
SIM2
SIM3
SIM4
1
21
22
SIM5
SIM1
SIM2
SIM3
SIM4
1
21
22
SIM5
SIM1
SIM2
SIM3
SIM4
1
21
22
SIM5
SIM1
SIM2
SIM3
SIM4
1
21
22
SIM5
SIM1
SIM2
SIM3
SIM4
1
21
22
SIM5
SIM1
SIM2
SIM3
SIM4
1
21
22
SIM5
SIM1
SIM2
SIM3
SIM4
1
21
22
SIM5
SIM1
SIM2
SIM3
SIM4
1
21
22
SIM5
SIM1
SIM2
SIM3
SIM4
1
21
22
SIM5
SIM1
SIM2
SIM3
SIM4
1
21
22
SIM5
SIM1
SIM2
SIM3
SIM4
1
21
22
SIM5
SIM1
SIM2
SIM3
SIM4
1
21
22
SIM5
SIM1
SIM2
SIM3
SIM4
1
21
22
SIM5
SIM1
SIM2
SIM3
SIM4
1
21
22
SIM5
SIM1
SIM2
SIM3
SIM4
1
21
22
SIM5
SIM1
SIM2
SIM3
SIM4
1
21
22
SIM5
SIM1
SIM2
SIM3
SIM4
1
21
22
SIM5
SIM1
SIM2
SIM3
SIM4
1
21
22
SIM5
SIM1
SIM2
SIM3
SIM4
1
21
22
SIM5
SIM1
SIM2
SIM3
SIM4
1
21
22
SIM5
SIM1
SIM2
SIM3
SIM4
1
21
22
SIM5
SIM1
SIM2
SIM3
SIM4
1
21
22
SIM5
SIM1
SIM2
SIM3
SIM4
1
21
22
SIM5
SIM1
SIM2
SIM3
SIM4
1
21
22
SIM5
SIM1
SIM2
SIM3
SIM4
1
21
22
SIM5
SIM1
SIM2
SIM3
SIM4
1
21
22
SIM5
SIM1
SIM2
SIM3
SIM4
1
21
22
SIM5
SIM1
SIM2
SIM3
SIM4
1
21
22
SIM5
SIM1
SIM2
SIM3
SIM4
1
21
22
SIM5
SIM1
SIM2
SIM3
SIM4
1
21
22
SIM5
SIM1
SIM2
SIM3
SIM4
1
21
22
SIM5
SIM1
SIM2
SIM3
SIM4
1
21
22
SIM5
SIM1
SIM2
SIM3
SIM4
1
21
22
SIM5
SIM1
SIM2
SIM3
SIM4
1
21
22
SIM5
SIM1
SIM2
SIM3
SIM4
1
21
22
SIM5
SIM1
SIM2
SIM3
SIM4
1
21
22
SIM5
SIM1
SIM2
SIM3
SIM4
1
21
22
SIM5
SIM1
SIM2
SIM3
SIM4
1
21
22
SIM5
SIM1
SIM2
SIM3
SIM4
1
21
22
SIM5
SIM1
SIM2
SIM3
SIM4
1
21
22
SIM5
SIM1
SIM2
SIM3
SIM4
1
21
22
SIM5
SIM1
SIM2
SIM3
SIM4
1
21
22
SIM5
SIM1
SIM2
SIM3
SIM4
1
21
22
SIM5
SIM1
SIM2
SIM3
SIM4
1
21
22
SIM5
SIM1
SIM2
SIM3
SIM4
1
21
22
SIM5
SIM1
SIM2
SIM3
SIM4
1
21
22
SIM5
SIM1
SIM2
SIM3
SIM4
1
21
22
SIM5
SIM1
SIM2
SIM3
SIM4
1
21
22
SIM5
SIM1
SIM2
SIM3
SIM4
1
21
22
SIM5
SIM1
SIM2
SIM3
SIM4
1
21
22
SIM5
SIM1
SIM2
SIM3
SIM4
1
21
22
SIM5
SIM1
SIM2
SIM3
SIM4
1
21
22
SIM5
SIM1
SIM2
SIM3
SIM4
1
21
22
SIM5
SIM1
SIM2
SIM3
SIM4
1
21
22
SIM5
SIM1
SIM2
SIM3
SIM4
1
21
22
SIM5
SIM1
SIM2
SIM3
SIM4
1
21
22
SIM5
SIM1
SIM2
SIM3
SIM4
1
21
22
SIM5
SIM1
SIM2
SIM3
SIM4
1
21
22
SIM5
SIM1
SIM2
SIM3
SIM4
1
21
22
SIM5
SIM1
SIM2
SIM3
SIM4
1
21
22
SIM5
SIM1
SIM2
SIM3
SIM4
1
21
22
SIM5
SIM1
SIM2
SIM3
SIM4
1
21
22
SIM5
SIM1
SIM2
SIM3
SIM4
1
21
22
SIM5
SIM1
SIM2
SIM3
SIM4
1
21
22
SIM5
SIM1
SIM2
SIM3
SIM4
1
21
22
SIM5
SIM1
SIM2
SIM3
SIM4
1
21
22
SIM5
SIM1
SIM2
SIM3
SIM4
1
21
22
SIM5
SIM1
SIM2
SIM3
SIM4
1
21
22
SIM5
SIM1
SIM2
SIM3
SIM4
1
21
22
SIM5
SIM1
SIM2
SIM3
SIM4
1
21
22
SIM5
SIM1
SIM2
SIM3
SIM4
1
21
22
SIM5
SIM1
SIM2
SIM3
SIM4
1
21
22
SIM5
SIM1
SIM2
SIM3
SIM4
1
21
22
SIM5
SIM1
SIM2
SIM3
SIM4
1
21
22
SIM5
SIM1
SIM2
SIM3
SIM4
1
21
22
SIM5
SIM1
SIM2
SIM3
SIM4
1
21
22
SIM5
SIM1
SIM2
SIM3
SIM4
1
21
22
SIM5
SIM1
SIM2
SIM3
SIM4
1
21
22
SIM5
SIM1
SIM2
SIM3
SIM4
1
21
22
SIM5
SIM1
SIM2
SIM3
SIM4
1
21
22
SIM5
SIM1
SIM2
SIM3
SIM4
1
21
22
SIM5
SIM1
SIM2
SIM3
SIM4
1
21
22
SIM5
SIM1
SIM2
SIM3
SIM4
1
21
22
SIM5
SIM1
SIM2
SIM3
SIM4
1
21
22
SIM5
SIM1
SIM2
SIM3
SIM4
1
21
22
SIM5
SIM1
SIM2
SIM3
SIM4
1
21
22
SIM5
SIM1
SIM2
SIM3
SIM4
1
21
22
SIM5
SIM1
SIM2
SIM3
SIM4
1
21
22
SIM5
SIM1
SIM2
SIM3
SIM4
1
21
22
SIM5
SIM1
SIM2
SIM3
SIM4
1
21
22
SIM5
SIM1
SIM2
SIM3
SIM4
1
21
22
SIM5
SIM1
SIM2
SIM3
SIM4
1
21
22
SIM5
SIM1
SIM2
SIM3
SIM4
1
21
22
SIM5
SIM1
SIM2
SIM3
SIM4
1
21
22
SIM5
SIM1
SIM2
SIM3
SIM4
1
21
22
SIM5
SIM1
SIM2
SIM3
SIM4
1
21
22
SIM5
SIM1
SIM2
SIM3
SIM4
1
21
22
SIM5
SIM1
SIM2
SIM3
SIM4
1
21
22
SIM5
SIM1
SIM2
SIM3
SIM4
1
21
22
SIM5
SIM1
SIM2
SIM3
SIM4
1
21
22
SIM5
SIM1
SIM2
SIM3
SIM4
1
21
22
SIM5
SIM1
SIM2
SIM3
SIM4
1
21
22
SIM5
SIM1
SIM2
SIM3
SIM4
1
21
22
SIM5
SIM1
SIM2
SIM3
SIM4
1
21
22
SIM5
SIM1
SIM2
SIM3
SIM4
1
21
22
SIM5
SIM1
SIM2
SIM3
SIM4
1
21
22
SIM5
SIM1
SIM2
SIM3
SIM4
1
21
22
SIM5
SIM1
SIM2
SIM3
SIM4
1
21
22
SIM5
SIM1
SIM2
SIM3
SIM4
1
21
22
SIM5
SIM1
SIM2
SIM3
SIM4
1
21
22
SIM5
SIM1
SIM2
SIM3
SIM4
1
21
22
SIM5
SIM1
SIM2
SIM3
SIM4
1
21
22
SIM5
SIM1
SIM2
SIM3
SIM4
1
21
22
SIM5
SIM1
SIM2
SIM3
SIM4
1
21
22
SIM5
SIM1
SIM2
SIM3
SIM4
1
21
22
SIM5
SIM1
SIM2
SIM3
SIM4
1
21
22
SIM5
SIM1
SIM2
SIM3
SIM4
1
21
22
SIM5
SIM1
SIM2
SIM3
SIM4
1
21
22
SIM5
SIM1
SIM2
SIM3
SIM4
1
21
22
SIM5
SIM1
SIM2
SIM3
SIM4
1
21
22
SIM5
SIM1
SIM2
SIM3
SIM4
1
21
22
SIM5
SIM1
SIM2
SIM3
SIM4
1
21
22
SIM5
SIM1
SIM2
SIM3
SIM4
1
21
22
SIM5
SIM1
SIM2
SIM3
SIM4
1
21
22
SIM5
SIM1
SIM2
SIM3
SIM4
1
21
22
SIM5
SIM1
SIM2
SIM3
SIM4
1
21
22
SIM5
SIM1
SIM2
SIM3
SIM4
1
21
22
SIM5
SIM1
SIM2
SIM3
SIM4
1
21
22
SIM5
SIM1
SIM2
SIM3
SIM4
1
21
22
SIM5
SIM1
SIM2
SIM3
SIM4
1
21
22
SIM5
SIM1
SIM2
SIM3
SIM4
1
21
22
SIM5
SIM1
SIM2
SIM3
SIM4
1
21
22
SIM5
SIM1
SIM2
SIM3
SIM4
1
21
22
SIM5
SIM1
SIM2
SIM3
SIM4
1
21
22
SIM5
SIM1
SIM2
SIM3
SIM4
1
21
22
SIM5
SIM1
SIM2
SIM3
SIM4
1
21
22
SIM5
SIM1
SIM2
SIM3
SIM4
1
21
22
SIM5
SIM1
SIM2
SIM3
SIM4
1
21
22
SIM5
SIM1
SIM2
SIM3
SIM4
1
21
22
SIM5
SIM1
SIM2
SIM3
SIM4
1
21
22
SIM5
SIM1
SIM2
SIM3
SIM4
1
21
22
SIM5
SIM1
SIM2
SIM3
SIM4
1
21
22
SIM5
SIM1
SIM2
SIM3
SIM4
1
21
22
SIM5
SIM1
SIM2
SIM3
SIM4
1
21
22
SIM5
SIM1
SIM2
SIM3
SIM4
1
21
22
SIM5
SIM1
SIM2
SIM3
SIM4
1
21
22
SIM5
SIM1
SIM2
SIM3
SIM4
1
21
22
SIM5
SIM1
SIM2
SIM3
SIM4
1
21
22
SIM5
SIM1
SIM2
SIM3
SIM4
1
21
22
SIM5
SIM1
SIM2
SIM3
SIM4
1
21
22
SIM5
SIM1
SIM2
SIM3
SIM4
1
21
22
SIM5
SIM1
SIM2
SIM3
SIM4
1
21
22
SIM5
SIM1
SIM2
SIM3
SIM4
1
21
22
SIM5
SIM1
SIM2
SIM3
SIM4
1
21
22
SIM5
SIM1
SIM2
SIM3
SIM4
1
21
22
SIM5
SIM1
SIM2
SIM3
SIM4
1
21
22
SIM5
SIM1
SIM2
SIM3
SIM4
1
21
22
SIM5
SIM1
SIM2
SIM3
SIM4
1
21
22
SIM5
SIM1
SIM2
SIM3
SIM4
1
21
22
SIM5
SIM1
SIM2
SIM3
SIM4
1
21
22
SIM5
SIM1
SIM2
SIM3
SIM4
1
21
22
SIM5
SIM1
SIM2
SIM3
SIM4
1
21
22
SIM5
SIM1
SIM2
SIM3
SIM4
1
21
22
SIM5
SIM1
SIM2
SIM3
SIM4
1
21
22
SIM5
SIM1
SIM2
SIM3
SIM4
1
21
22
SIM5
SIM1
SIM2
SIM3
SIM4
1
21
22
SIM5
SIM1
SIM2
SIM3
SIM4
1
21
22
SIM5
SIM1
SIM2
SIM3
SIM4
1
21
22
SIM5
SIM1
SIM2
SIM3
SIM4
1
21
22
SIM5
SIM1
SIM2
SIM3
SIM4
1
21
22
SIM5
SIM1
SIM2
SIM3
SIM4
1
21
22
SIM5
SIM1
SIM2
SIM3
SIM4
1
21
22
SIM5
SIM1
SIM2
SIM3
SIM4
1
21
22
SIM5
SIM1
SIM2
SIM3
SIM4
1
21
22
SIM5
SIM1
SIM2
SIM3
SIM4
1
21
22
SIM5
SIM1
SIM2
SIM3
SIM4
1
21
22
SIM5
SIM1
SIM2
SIM3
SIM4
1
21
22
SIM5
SIM1
SIM2
SIM3
SIM4
1
21
22
SIM5
SIM1
SIM2
SIM3
SIM4
1
21
22
SIM5
SIM1
SIM2
SIM3
SIM4
1
21
22
SIM5
SIM1
SIM2
SIM3
SIM4
1
21
22
SIM5
SIM1
SIM2
SIM3
SIM4
1
21
22
SIM5
SIM1
SIM2
SIM3
SIM4
1
21
22
SIM5
SIM1
SIM2
SIM3
SIM4
1
21
22
SIM5
SIM1
SIM2
SIM3
SIM4
1
21
22
SIM5
SIM1
SIM2
SIM3
SIM4
1
21
22
SIM5
SIM1
SIM2
SIM3
SIM4
1
21
22
SIM5
SIM1
SIM2
SIM3
SIM4
1
21
22
SIM5
SIM1
SIM2
SIM3
SIM4
1
21
22
SIM5
SIM1
SIM2
SIM3
SIM4
1
21
22
SIM5
SIM1
SIM2
SIM3
SIM4
1
21
22
SIM5
SIM1
SIM2
SIM3
SIM4
1
21
22
SIM5
SIM1
SIM2
SIM3
SIM4
1
21
22
SIM5
SIM1
SIM2
SIM3
SIM4
1
21
22
SIM5
SIM1
SIM2
SIM3
SIM4
1
21
22
SIM5
SIM1
SIM2
SIM3
SIM4
1
21
22
SIM5
SIM1
SIM2
SIM3
SIM4
1
21
22
SIM5
SIM1
SIM2
SIM3
SIM4
1
21
22
SIM5
SIM1
SIM2
SIM3
SIM4
1
21
22
SIM5
SIM1
SIM2
SIM3
SIM4
1
21
22
SIM5
SIM1
SIM2
SIM3
SIM4
1
21
22
SIM5
SIM1
SIM2
SIM3
SIM4
1
21
22
SIM5
SIM1
SIM2
SIM3
SIM4
1
21
22
SIM5
SIM1
SIM2
SIM3
SIM4
1
21
22
SIM5
SIM1
SIM2
SIM3
SIM4
1
21
22
SIM5
SIM1
SIM2
SIM3
SIM4
1
21
22
SIM5
SIM1
SIM2
SIM3
SIM4
1
21
22
SIM5
SIM1
SIM2
SIM3
SIM4
1
21
22
SIM5
SIM1
SIM2
SIM3
SIM4
1
21
22
SIM5
SIM1
SIM2
SIM3
SIM4
1
21
22
SIM5
SIM1
SIM2
SIM3
SIM4
1
21
22
SIM5
SIM1
SIM2
SIM3
SIM4
1
21
22
SIM5
SIM1
SIM2
SIM3
SIM4
1
21
22
SIM5
SIM1
SIM2
SIM3
SIM4
1
21
22
SIM5
SIM1
SIM2
SIM3
SIM4
1
21
22
SIM5
SIM1
SIM2
SIM3
SIM4
1
21
22
SIM5
SIM1
SIM2
SIM3
SIM4
1
21
22
SIM5
SIM1
SIM2
SIM3
SIM4
1
21
22
SIM5
SIM1
SIM2
SIM3
SIM4
1
21
22
SIM5
SIM1
SIM2
SIM3
SIM4
1
21
22
SIM5
SIM1
SIM2
SIM3
SIM4
1
21
22
SIM5
SIM1
SIM2
SIM3
SIM4
1
21
22
SIM5
SIM1
SIM2
SIM3
SIM4
1
21
22
SIM5
SIM1
SIM2
SIM3
SIM4
1
21
22
SIM5
SIM1
SIM2
SIM3
SIM4
1
21
22
SIM5
SIM1
SIM2
SIM3
SIM4
1
21
22
SIM5
SIM1
SIM2
SIM3
SIM4
1
21
22
SIM5
SIM1
SIM2
SIM3
SIM4
1
21
22
SIM5
SIM1
SIM2
SIM3
SIM4
1
21
22
SIM5
SIM1
SIM2
SIM3
SIM4
1
21
22
SIM5
SIM1
SIM2
SIM3
SIM4
1
21
22
SIM5
SIM1
SIM2
SIM3
SIM4
1
21
22
SIM5
SIM1
SIM2
SIM3
SIM4
1
21
22
SIM5
SIM1
SIM2
SIM3
SIM4
1
21
22
SIM5
SIM1
SIM2
SIM3
SIM4
1
21
22
SIM5
SIM1
SIM2
SIM3
SIM4
1
21
22
SIM5
SIM1
SIM2
SIM3
SIM4
1
21
22
SIM5
SIM1
SIM2
SIM3
SIM4
1
21
22
SIM5
SIM1
SIM2
SIM3
SIM4
1
21
22
SIM5
SIM1
SIM2
SIM3
SIM4
1
21
22
SIM5
SIM1
SIM2
SIM3
SIM4
1
21
22
SIM5
SIM1
SIM2
SIM3
SIM4
1
21
22
SIM5
SIM1
SIM2
SIM3
SIM4
1
21
22
SIM5
SIM1
SIM2
DEBUG 1 151
SIM1
SIM2
SIM3
SIM4
1
21
22
SIM5
SIM1
SIM2
SIM3
SIM4
1
21
22
SIM5
SIM1
SIM2
SIM3
SIM4
1
21
22
SIM5
SIM1
SIM2
SIM3
SIM4
1
21
22
SIM5
SIM1
SIM2
SIM3
SIM4
1
21
22
SIM5
SIM1
SIM2
SIM3
SIM4
1
21
22
SIM5
SIM1
SIM2
SIM3
SIM4
1
21
22
SIM5
SIM1
SIM2
SIM3
SIM4
1
21
22
SIM5
SIM1
SIM2
SIM3
SIM4
1
21
22
SIM5
SIM1
SIM2
SIM3
SIM4
1
21
22
SIM5
SIM1
SIM2
SIM3
SIM4
1
21
22
SIM5
SIM1
SIM2
SIM3
SIM4
1
21
22
SIM5
SIM1
SIM2
SIM3
SIM4
1
21
22
SIM5
SIM1
SIM2
SIM3
SIM4
1
21
22
SIM5
SIM1
SIM2
SIM3
SIM4
1
21
22
SIM5
SIM1
SIM2
SIM3
SIM4
1
21
22
SIM5
SIM1
SIM2
SIM3
SIM4
1
21
22
SIM5
SIM1
SIM2
SIM3
SIM4
1
21
22
SIM5
SIM1
SIM2
SIM3
SIM4
1
21
22
SIM5
SIM1
SIM2
SIM3
SIM4
1
21
22
SIM5
SIM1
SIM2
SIM3
SIM4
1
21
22
SIM5
SIM1
SIM2
SIM3
SIM4
1
21
22
SIM5
SIM1
SIM2
SIM3
SIM4
1
21
22
SIM5
SIM1
SIM2
SIM3
SIM4
1
21
22
SIM5
SIM1
SIM2
SIM3
SIM4
1
21
22
SIM5
SIM1
SIM2
SIM3
SIM4
1
21
22
SIM5
SIM1
SIM2
SIM3
SIM4
1
21
22
SIM5
SIM1
SIM2
SIM3
SIM4
1
21
22
SIM5
SIM1
SIM2
SIM3
SIM4
1
21
22
SIM5
SIM1
SIM2
SIM3
SIM4
1
21
22
SIM5
SIM1
SIM2
SIM3
SIM4
1
21
22
SIM5
SIM1
SIM2
SIM3
SIM4
1
21
22
SIM5
SIM1
SIM2
SIM3
SIM4
1
21
22
SIM5
SIM1
SIM2
SIM3
SIM4
1
21
22
SIM5
SIM1
SIM2
SIM3
SIM4
1
21
22
SIM5
SIM1
SIM2
SIM3
SIM4
1
21
22
SIM5
SIM1
SIM2
SIM3
SIM4
1
21
22
SIM5
SIM1
SIM2
SIM3
SIM4
1
21
22
SIM5
SIM1
SIM2
SIM3
SIM4
1
21
22
SIM5
SIM1
SIM2
SIM3
SIM4
1
21
22
SIM5
SIM1
SIM2
SIM3
SIM4
1
21
22
SIM5
SIM1
SIM2
SIM3
SIM4
1
21
22
SIM5
SIM1
SIM2
SIM3
SIM4
1
21
22
SIM5
SIM1
SIM2
SIM3
SIM4
1
21
22
SIM5
SIM1
SIM2
SIM3
SIM4
1
21
22
SIM5
SIM1
SIM2
SIM3
SIM4
1
21
22
SIM5
SIM1
SIM2
SIM3
SIM4
1
21
22
SIM5
SIM1
SIM2
SIM3
SIM4
1
21
22
SIM5
SIM1
SIM2
SIM3
SIM4
1
21
22
SIM5
SIM1
SIM2
SIM3
SIM4
1
21
22
SIM5
SIM1
SIM2
SIM3
SIM4
1
21
22
SIM5
SIM1
SIM2
SIM3
SIM4
1
21
22
SIM5
SIM1
SIM2
SIM3
SIM4
1
21
22
SIM5
SIM1
SIM2
SIM3
SIM4
1
21
22
SIM5
SIM1
SIM2
SIM3
SIM4
1
21
22
SIM5
SIM1
SIM2
SIM3
SIM4
1
21
22
SIM5
SIM1
SIM2
SIM3
SIM4
1
21
22
SIM5
SIM1
SIM2
SIM3
SIM4
1
21
22
SIM5
SIM1
SIM2
SIM3
SIM4
1
21
22
SIM5
SIM1
SIM2
SIM3
SIM4
1
21
22
SIM5
SIM1
SIM2
SIM3
SIM4
1
21
22
SIM5
SIM1
SIM2
SIM3
SIM4
1
21
22
SIM5
SIM1
SIM2
SIM3
SIM4
1
21
22
SIM5
SIM1
SIM2
SIM3
SIM4
1
21
22
SIM5
SIM1
SIM2
SIM3
SIM4
1
21
22
SIM5
SIM1
SIM2
SIM3
SIM4
1
21
22
SIM5
SIM1
SIM2
SIM3
SIM4
1
21
22
SIM5
SIM1
SIM2
SIM3
SIM4
1
21
22
SIM5
SIM1
SIM2
SIM3
SIM4
1
21
22
SIM5
SIM1
SIM2
SIM3
SIM4
1
21
22
SIM5
SIM1
SIM2
SIM3
SIM4
1
21
22
SIM5
SIM1
SIM2
SIM3
SIM4
1
21
22
SIM5
SIM1
SIM2
SIM3
SIM4
1
21
22
SIM5
SIM1
SIM2
SIM3
SIM4
1
21
22
SIM5
SIM1
SIM2
SIM3
SIM4
1
21
22
SIM5
SIM1
SIM2
SIM3
SIM4
1
21
22
SIM5
SIM1
SIM2
SIM3
SIM4
1
21
22
SIM5
SIM1
SIM2
SIM3
SIM4
1
21
22
SIM5
SIM1
SIM2
SIM3
SIM4
1
21
22
SIM5
SIM1
SIM2
SIM3
SIM4
1
21
22
SIM5
SIM1
SIM2
SIM3
SIM4
1
21
22
SIM5
SIM1
SIM2
SIM3
SIM4
1
21
22
SIM5
SIM1
SIM2
SIM3
SIM4
1
21
22
SIM5
SIM1
SIM2
SIM3
SIM4
1
21
22
SIM5
SIM1
SIM2
SIM3
SIM4
1
21
22
SIM5
SIM1
SIM2
SIM3
SIM4
1
21
22
SIM5
SIM1
SIM2
SIM3
SIM4
1
21
22
SIM5
SIM1
SIM2
SIM3
SIM4
1
21
22
SIM5
SIM1
SIM2
SIM3
SIM4
1
21
22
SIM5
SIM1
SIM2
SIM3
SIM4
1
21
22
SIM5
SIM1
SIM2
SIM3
SIM4
1
21
22
SIM5
SIM1
SIM2
SIM3
SIM4
1
21
22
SIM5
SIM1
SIM2
SIM3
SIM4
1
21
22
SIM5
SIM1
SIM2
SIM3
SIM4
1
21
22
SIM5
SIM1
SIM2
SIM3
SIM4
1
21
22
SIM5
SIM1
SIM2
SIM3
SIM4
1
21
22
SIM5
SIM1
SIM2
SIM3
SIM4
1
21
22
SIM5
SIM1
SIM2
SIM3
SIM4
1
21
22
SIM5
SIM1
SIM2
SIM3
SIM4
1
21
22
SIM5
SIM1
SIM2
SIM3
SIM4
1
21
22
SIM5
SIM1
SIM2
SIM3
SIM4
1
21
22
SIM5
SIM1
SIM2
SIM3
SIM4
1
21
22
SIM5
SIM1
SIM2
SIM3
SIM4
1
21
22
SIM5
SIM1
SIM2
SIM3
SIM4
1
21
22
SIM5
SIM1
SIM2
SIM3
SIM4
1
21
22
SIM5
SIM1
SIM2
SIM3
SIM4
1
21
22
SIM5
SIM1
SIM2
SIM3
SIM4
1
21
22
SIM5
SIM1
SIM2
SIM3
SIM4
1
21
22
SIM5
SIM1
SIM2
SIM3
SIM4
1
21
22
SIM5
SIM1
SIM2
SIM3
SIM4
1
21
22
SIM5
SIM1
SIM2
SIM3
SIM4
1
21
22
SIM5
SIM1
SIM2
SIM3
SIM4
1
21
22
SIM5
SIM1
SIM2
SIM3
SIM4
1
21
22
SIM5
SIM1
SIM2
DEBUG 1 152
SIM1
SIM2
SIM3
SIM4
1
21
22
SIM5
SIM1
SIM2
SIM3
SIM4
1
21
22
SIM5
SIM1
SIM2
SIM3
SIM4
1
21
22
SIM5
SIM1
SIM2
SIM3
SIM4
1
21
22
SIM5
SIM1
SIM2
SIM3
SIM4
1
21
22
SIM5
SIM1
SIM2
SIM3
SIM4
1
21
22
SIM5
SIM1
SIM2
SIM3
SIM4
1
21
22
SIM5
SIM1
SIM2
SIM3
SIM4
1
21
22
SIM5
SIM1
SIM2
SIM3
SIM4
1
21
22
SIM5
SIM1
SIM2
SIM3
SIM4
1
21
22
SIM5
SIM1
SIM2
SIM3
SIM4
1
21
22
SIM5
SIM1
SIM2
SIM3
SIM4
1
21
22
SIM5
SIM1
SIM2
SIM3
SIM4
1
21
22
SIM5
SIM1
SIM2
SIM3
SIM4
1
21
22
SIM5
SIM1
SIM2
SIM3
SIM4
1
21
22
SIM5
SIM1
SIM2
SIM3
SIM4
1
21
22
SIM5
SIM1
SIM2
SIM3
SIM4
1
21
22
SIM5
SIM1
SIM2
SIM3
SIM4
1
21
22
SIM5
SIM1
SIM2
SIM3
SIM4
1
21
22
SIM5
SIM1
SIM2
SIM3
SIM4
1
21
22
SIM5
SIM1
SIM2
SIM3
SIM4
1
21
22
SIM5
SIM1
SIM2
SIM3
SIM4
1
21
22
SIM5
SIM1
SIM2
SIM3
SIM4
1
21
22
SIM5
SIM1
SIM2
SIM3
SIM4
1
21
22
SIM5
SIM1
SIM2
SIM3
SIM4
1
21
22
SIM5
SIM1
SIM2
SIM3
SIM4
1
21
22
SIM5
SIM1
SIM2
SIM3
SIM4
1
21
22
SIM5
SIM1
SIM2
SIM3
SIM4
1
21
22
SIM5
SIM1
SIM2
SIM3
SIM4
1
21
22
SIM5
SIM1
SIM2
SIM3
SIM4
1
21
22
SIM5
SIM1
SIM2
SIM3
SIM4
1
21
22
SIM5
SIM1
SIM2
SIM3
SIM4
1
21
22
SIM5
SIM1
SIM2
SIM3
SIM4
1
21
22
SIM5
SIM1
SIM2
SIM3
SIM4
1
21
22
SIM5
SIM1
SIM2
SIM3
SIM4
1
21
22
SIM5
SIM1
SIM2
SIM3
SIM4
1
21
22
SIM5
SIM1
SIM2
SIM3
SIM4
1
21
22
SIM5
SIM1
SIM2
SIM3
SIM4
1
21
22
SIM5
SIM1
SIM2
SIM3
SIM4
1
21
22
SIM5
SIM1
SIM2
SIM3
SIM4
1
21
22
SIM5
SIM1
SIM2
SIM3
SIM4
1
21
22
SIM5
SIM1
SIM2
SIM3
SIM4
1
21
22
SIM5
SIM1
SIM2
SIM3
SIM4
1
21
22
SIM5
SIM1
SIM2
SIM3
SIM4
1
21
22
SIM5
SIM1
SIM2
SIM3
SIM4
1
21
22
SIM5
SIM1
SIM2
SIM3
SIM4
1
21
22
SIM5
SIM1
SIM2
SIM3
SIM4
1
21
22
SIM5
SIM1
SIM2
SIM3
SIM4
1
21
22
SIM5
SIM1
SIM2
SIM3
SIM4
1
21
22
SIM5
SIM1
SIM2
SIM3
SIM4
1
21
22
SIM5
SIM1
SIM2
SIM3
SIM4
1
21
22
SIM5
SIM1
SIM2
SIM3
SIM4
1
21
22
SIM5
SIM1
SIM2
SIM3
SIM4
1
21
22
SIM5
SIM1
SIM2
SIM3
SIM4
1
21
22
SIM5
SIM1
SIM2
SIM3
SIM4
1
21
22
SIM5
SIM1
SIM2
SIM3
SIM4
1
21
22
SIM5
SIM1
SIM2
SIM3
SIM4
1
21
22
SIM5
SIM1
SIM2
SIM3
SIM4
1
21
22
SIM5
SIM1
SIM2
SIM3
SIM4
1
21
22
SIM5
SIM1
SIM2
SIM3
SIM4
1
21
22
SIM5
SIM1
SIM2
SIM3
SIM4
1
21
22
SIM5
SIM1
SIM2
SIM3
SIM4
1
21
22
SIM5
SIM1
SIM2
SIM3
SIM4
1
21
22
SIM5
SIM1
SIM2
SIM3
SIM4
1
21
22
SIM5
SIM1
SIM2
SIM3
SIM4
1
21
22
SIM5
SIM1
SIM2
SIM3
SIM4
1
21
22
SIM5
SIM1
SIM2
SIM3
SIM4
1
21
22
SIM5
SIM1
SIM2
SIM3
SIM4
1
21
22
SIM5
SIM1
SIM2
SIM3
SIM4
1
21
22
SIM5
SIM1
SIM2
SIM3
SIM4
1
21
22
SIM5
SIM1
SIM2
SIM3
SIM4
1
21
22
SIM5
SIM1
SIM2
SIM3
SIM4
1
21
22
SIM5
SIM1
SIM2
SIM3
SIM4
1
21
22
SIM5
SIM1
SIM2
SIM3
SIM4
1
21
22
SIM5
SIM1
SIM2
SIM3
SIM4
1
21
22
SIM5
SIM1
SIM2
SIM3
SIM4
1
21
22
SIM5
SIM1
SIM2
SIM3
SIM4
1
21
22
SIM5
SIM1
SIM2
SIM3
SIM4
1
21
22
SIM5
SIM1
SIM2
SIM3
SIM4
1
21
22
SIM5
SIM1
SIM2
SIM3
SIM4
1
21
22
SIM5
SIM1
SIM2
SIM3
SIM4
1
21
22
SIM5
SIM1
SIM2
SIM3
SIM4
1
21
22
SIM5
SIM1
SIM2
SIM3
SIM4
1
21
22
SIM5
SIM1
SIM2
SIM3
SIM4
1
21
22
SIM5
SIM1
SIM2
SIM3
SIM4
1
21
22
SIM5
SIM1
SIM2
SIM3
SIM4
1
21
22
SIM5
SIM1
SIM2
SIM3
SIM4
1
21
22
SIM5
SIM1
SIM2
SIM3
SIM4
1
21
22
SIM5
SIM1
SIM2
SIM3
SIM4
1
21
22
SIM5
SIM1
SIM2
SIM3
SIM4
1
21
22
SIM5
SIM1
SIM2
SIM3
SIM4
1
21
22
SIM5
SIM1
SIM2
SIM3
SIM4
1
21
22
SIM5
SIM1
SIM2
SIM3
SIM4
1
21
22
SIM5
SIM1
SIM2
SIM3
SIM4
1
21
22
SIM5
SIM1
SIM2
SIM3
SIM4
1
21
22
SIM5
SIM1
SIM2
SIM3
SIM4
1
21
22
SIM5
SIM1
SIM2
SIM3
SIM4
1
21
22
SIM5
SIM1
SIM2
SIM3
SIM4
1
21
22
SIM5
SIM1
SIM2
SIM3
SIM4
1
21
22
SIM5
SIM1
SIM2
SIM3
SIM4
1
21
22
SIM5
SIM1
SIM2
SIM3
SIM4
1
21
22
SIM5
SIM1
SIM2
SIM3
SIM4
1
21
22
SIM5
SIM1
SIM2
SIM3
SIM4
1
21
22
SIM5
SIM1
SIM2
SIM3
SIM4
1
21
22
SIM5
SIM1
SIM2
SIM3
SIM4
1
21
22
SIM5
SIM1
SIM2
SIM3
SIM4
1
21
22
SIM5
SIM1
SIM2
SIM3
SIM4
1
21
22
SIM5
SIM1
SIM2
SIM3
SIM4
1
21
22
SIM5
SIM1
SIM2
SIM3
SIM4
1
21
22
SIM5
SIM1
SIM2
SIM3
SIM4
1
21
22
SIM5
SIM1
SIM2
SIM3
SIM4
1
21
22
SIM5
SIM1
SIM2
SIM3
SIM4
1
21
22
SIM5
SIM1
SIM2
SIM3
SIM4
1
21
22
SIM5
SIM1
SIM2
SIM3
SIM4
1
21
22
SIM5
SIM1
SIM2
SIM3
SIM4
1
21
22
SIM5
SIM1
SIM2
SIM3
SIM4
1
21
22
SIM5
SIM1
SIM2
SIM3
SIM4
1
21
22
SIM5
SIM1
SIM2
SIM3
SIM4
1
21
22
SIM5
SIM1
SIM2
SIM3
SIM4
1
21
22
SIM5
SIM1
SIM2
SIM3
SIM4
1
21
22
SIM5
SIM1
SIM2
SIM3
SIM4
1
21
22
SIM5
SIM1
SIM2
SIM3
SIM4
1
21
22
SIM5
SIM1
SIM2
SIM3
SIM4
1
21
22
SIM5
SIM1
SIM2
SIM3
SIM4
1
21
22
SIM5
SIM1
SIM2
SIM3
SIM4
1
21
22
SIM5
SIM1
SIM2
SIM3
SIM4
1
21
22
SIM5
SIM1
SIM2
SIM3
SIM4
1
21
22
SIM5
SIM1
SIM2
SIM3
SIM4
1
21
22
SIM5
SIM1
SIM2
SIM3
SIM4
1
21
22
SIM5
SIM1
SIM2
SIM3
SIM4
1
21
22
SIM5
SIM1
SIM2
SIM3
SIM4
1
21
22
SIM5
SIM1
SIM2
SIM3
SIM4
1
21
22
SIM5
SIM1
SIM2
SIM3
SIM4
1
21
22
SIM5
SIM1
SIM2
SIM3
SIM4
1
21
22
SIM5
SIM1
SIM2
SIM3
SIM4
1
21
22
SIM5
SIM1
SIM2
SIM3
SIM4
1
21
22
SIM5
SIM1
SIM2
SIM3
SIM4
1
21
22
SIM5
SIM1
SIM2
SIM3
SIM4
1
21
22
SIM5
SIM1
SIM2
SIM3
SIM4
1
21
22
SIM5
SIM1
SIM2
SIM3
SIM4
1
21
22
SIM5
SIM1
SIM2
SIM3
SIM4
1
21
22
SIM5
SIM1
SIM2
SIM3
SIM4
1
21
22
SIM5
SIM1
SIM2
SIM3
SIM4
1
21
22
SIM5
SIM1
SIM2
SIM3
SIM4
1
21
22
SIM5
SIM1
SIM2
SIM3
SIM4
1
21
22
SIM5
SIM1
SIM2
SIM3
SIM4
1
21
22
SIM5
SIM1
SIM2
SIM3
SIM4
1
21
22
SIM5
SIM1
SIM2
SIM3
SIM4
1
21
22
SIM5
SIM1
SIM2
SIM3
SIM4
1
21
22
SIM5
SIM1
SIM2
SIM3
SIM4
1
21
22
SIM5
SIM1
SIM2
SIM3
SIM4
1
21
22
SIM5
SIM1
SIM2
SIM3
SIM4
1
21
22
SIM5
SIM1
SIM2
SIM3
SIM4
1
21
22
SIM5
SIM1
SIM2
SIM3
SIM4
1
21
22
SIM5
SIM1
SIM2
SIM3
SIM4
1
21
22
SIM5
SIM1
SIM2
SIM3
SIM4
1
21
22
SIM5
SIM1
SIM2
SIM3
SIM4
1
21
22
SIM5
SIM1
SIM2
SIM3
SIM4
1
21
22
SIM5
SIM1
SIM2
SIM3
SIM4
1
21
22
SIM5
SIM1
SIM2
SIM3
SIM4
1
21
22
SIM5
SIM1
SIM2
SIM3
SIM4
1
21
22
SIM5
SIM1
SIM2
SIM3
SIM4
1
21
22
SIM5
SIM1
SIM2
SIM3
SIM4
1
21
22
SIM5
SIM1
SIM2
SIM3
SIM4
1
21
22
SIM5
SIM1
SIM2
SIM3
SIM4
1
21
22
SIM5
SIM1
SIM2
SIM3
SIM4
1
21
22
SIM5
SIM1
SIM2
DEBUG 1 153
SIM1
SIM2
SIM3
SIM4
1
21
22
SIM5
SIM1
SIM2
SIM3
SIM4
1
21
22
SIM5
SIM1
SIM2
SIM3
SIM4
1
21
22
SIM5
SIM1
SIM2
SIM3
SIM4
1
21
22
SIM5
SIM1
SIM2
SIM3
SIM4
1
21
22
SIM5
SIM1
SIM2
SIM3
SIM4
1
21
22
SIM5
SIM1
SIM2
SIM3
SIM4
1
21
22
SIM5
SIM1
SIM2
SIM3
SIM4
1
21
22
SIM5
SIM1
SIM2
SIM3
SIM4
1
21
22
SIM5
SIM1
SIM2
SIM3
SIM4
1
21
22
SIM5
SIM1
SIM2
SIM3
SIM4
1
21
22
SIM5
SIM1
SIM2
SIM3
SIM4
1
21
22
SIM5
SIM1
SIM2
SIM3
SIM4
1
21
22
SIM5
SIM1
SIM2
SIM3
SIM4
1
21
22
SIM5
SIM1
SIM2
SIM3
SIM4
1
21
22
SIM5
SIM1
SIM2
SIM3
SIM4
1
21
22
SIM5
SIM1
SIM2
SIM3
SIM4
1
21
22
SIM5
SIM1
SIM2
SIM3
SIM4
1
21
22
SIM5
SIM1
SIM2
SIM3
SIM4
1
21
22
SIM5
SIM1
SIM2
SIM3
SIM4
1
21
22
SIM5
SIM1
SIM2
SIM3
SIM4
1
21
22
SIM5
SIM1
SIM2
SIM3
SIM4
1
21
22
SIM5
SIM1
SIM2
SIM3
SIM4
1
21
22
SIM5
SIM1
SIM2
SIM3
SIM4
1
21
22
SIM5
SIM1
SIM2
SIM3
SIM4
1
21
22
SIM5
SIM1
SIM2
SIM3
SIM4
1
21
22
SIM5
SIM1
SIM2
SIM3
SIM4
1
21
22
SIM5
SIM1
SIM2
SIM3
SIM4
1
21
22
SIM5
SIM1
SIM2
SIM3
SIM4
1
21
22
SIM5
SIM1
SIM2
SIM3
SIM4
1
21
22
SIM5
SIM1
SIM2
SIM3
SIM4
1
21
22
SIM5
SIM1
SIM2
SIM3
SIM4
1
21
22
SIM5
SIM1
SIM2
SIM3
SIM4
1
21
22
SIM5
SIM1
SIM2
SIM3
SIM4
1
21
22
SIM5
SIM1
SIM2
SIM3
SIM4
1
21
22
SIM5
SIM1
SIM2
SIM3
SIM4
1
21
22
SIM5
SIM1
SIM2
SIM3
SIM4
1
21
22
SIM5
SIM1
SIM2
SIM3
SIM4
1
21
22
SIM5
SIM1
SIM2
SIM3
SIM4
1
21
22
SIM5
SIM1
SIM2
SIM3
SIM4
1
21
22
SIM5
SIM1
SIM2
SIM3
SIM4
1
21
22
SIM5
SIM1
SIM2
SIM3
SIM4
1
21
22
SIM5
SIM1
SIM2
SIM3
SIM4
1
21
22
SIM5
SIM1
SIM2
SIM3
SIM4
1
21
22
SIM5
SIM1
SIM2
SIM3
SIM4
1
21
22
SIM5
SIM1
SIM2
SIM3
SIM4
1
21
22
SIM5
SIM1
SIM2
SIM3
SIM4
1
21
22
SIM5
SIM1
SIM2
SIM3
SIM4
1
21
22
SIM5
SIM1
SIM2
SIM3
SIM4
1
21
22
SIM5
SIM1
SIM2
SIM3
SIM4
1
21
22
SIM5
SIM1
SIM2
SIM3
SIM4
1
21
22
SIM5
SIM1
SIM2
SIM3
SIM4
1
21
22
SIM5
SIM1
SIM2
SIM3
SIM4
1
21
22
SIM5
SIM1
SIM2
SIM3
SIM4
1
21
22
SIM5
SIM1
SIM2
SIM3
SIM4
1
21
22
SIM5
SIM1
SIM2
SIM3
SIM4
1
21
22
SIM5
SIM1
SIM2
SIM3
SIM4
1
21
22
SIM5
SIM1
SIM2
SIM3
SIM4
1
21
22
SIM5
SIM1
SIM2
SIM3
SIM4
1
21
22
SIM5
SIM1
SIM2
SIM3
SIM4
1
21
22
SIM5
SIM1
SIM2
SIM3
SIM4
1
21
22
SIM5
SIM1
SIM2
SIM3
SIM4
1
21
22
SIM5
SIM1
SIM2
SIM3
SIM4
1
21
22
SIM5
SIM1
SIM2
SIM3
SIM4
1
21
22
SIM5
SIM1
SIM2
SIM3
SIM4
1
21
22
SIM5
SIM1
SIM2
SIM3
SIM4
1
21
22
SIM5
SIM1
SIM2
SIM3
SIM4
1
21
22
SIM5
SIM1
SIM2
SIM3
SIM4
1
21
22
SIM5
SIM1
SIM2
SIM3
SIM4
1
21
22
SIM5
SIM1
SIM2
SIM3
SIM4
1
21
22
SIM5
SIM1
SIM2
SIM3
SIM4
1
21
22
SIM5
SIM1
SIM2
SIM3
SIM4
1
21
22
SIM5
SIM1
SIM2
SIM3
SIM4
1
21
22
SIM5
SIM1
SIM2
SIM3
SIM4
1
21
22
SIM5
SIM1
SIM2
SIM3
SIM4
1
21
22
SIM5
SIM1
SIM2
SIM3
SIM4
1
21
22
SIM5
SIM1
SIM2
SIM3
SIM4
1
21
22
SIM5
SIM1
SIM2
SIM3
SIM4
1
21
22
SIM5
SIM1
SIM2
SIM3
SIM4
1
21
22
SIM5
SIM1
SIM2
SIM3
SIM4
1
21
22
SIM5
SIM1
SIM2
SIM3
SIM4
1
21
22
SIM5
SIM1
SIM2
SIM3
SIM4
1
21
22
SIM5
SIM1
SIM2
SIM3
SIM4
1
21
22
SIM5
SIM1
SIM2
SIM3
SIM4
1
21
22
SIM5
SIM1
SIM2
SIM3
SIM4
1
21
22
SIM5
SIM1
SIM2
SIM3
SIM4
1
21
22
SIM5
SIM1
SIM2
SIM3
SIM4
1
21
22
SIM5
SIM1
SIM2
SIM3
SIM4
1
21
22
SIM5
SIM1
SIM2
SIM3
SIM4
1
21
22
SIM5
SIM1
SIM2
SIM3
SIM4
1
21
22
SIM5
SIM1
SIM2
SIM3
SIM4
1
21
22
SIM5
SIM1
SIM2
SIM3
SIM4
1
21
22
SIM5
SIM1
SIM2
SIM3
SIM4
1
21
22
SIM5
SIM1
SIM2
SIM3
SIM4
1
21
22
SIM5
SIM1
SIM2
SIM3
SIM4
1
21
22
SIM5
SIM1
SIM2
SIM3
SIM4
1
21
22
SIM5
SIM1
SIM2
SIM3
SIM4
1
21
22
SIM5
SIM1
SIM2
SIM3
SIM4
1
21
22
SIM5
SIM1
SIM2
SIM3
SIM4
1
21
22
SIM5
SIM1
SIM2
SIM3
SIM4
1
21
22
SIM5
SIM1
SIM2
SIM3
SIM4
1
21
22
SIM5
SIM1
SIM2
SIM3
SIM4
1
21
22
SIM5
SIM1
SIM2
SIM3
SIM4
1
21
22
SIM5
SIM1
SIM2
SIM3
SIM4
1
21
22
SIM5
SIM1
SIM2
SIM3
SIM4
1
21
22
SIM5
SIM1
SIM2
SIM3
SIM4
1
21
22
SIM5
SIM1
SIM2
SIM3
SIM4
1
21
22
SIM5
SIM1
SIM2
SIM3
SIM4
1
21
22
SIM5
SIM1
SIM2
SIM3
SIM4
1
21
22
SIM5
SIM1
SIM2
SIM3
SIM4
1
21
22
SIM5
SIM1
SIM2
SIM3
SIM4
1
21
22
SIM5
SIM1
SIM2
SIM3
SIM4
1
21
22
SIM5
SIM1
SIM2
SIM3
SIM4
1
21
22
SIM5
SIM1
SIM2
SIM3
SIM4
1
21
22
SIM5
SIM1
SIM2
SIM3
SIM4
1
21
22
SIM5
SIM1
SIM2
SIM3
SIM4
1
21
22
SIM5
SIM1
SIM2
SIM3
SIM4
1
21
22
SIM5
SIM1
SIM2
SIM3
SIM4
1
21
22
SIM5
SIM1
SIM2
SIM3
SIM4
1
21
22
SIM5
SIM1
SIM2
SIM3
SIM4
1
21
22
SIM5
SIM1
SIM2
SIM3
SIM4
1
21
22
SIM5
SIM1
SIM2
SIM3
SIM4
1
21
22
SIM5
SIM1
SIM2
SIM3
SIM4
1
21
22
SIM5
SIM1
SIM2
SIM3
SIM4
1
21
22
SIM5
SIM1
SIM2
SIM3
SIM4
1
21
22
SIM5
SIM1
SIM2
SIM3
SIM4
1
21
22
SIM5
SIM1
SIM2
SIM3
SIM4
1
21
22
SIM5
SIM1
SIM2
SIM3
SIM4
1
21
22
SIM5
SIM1
SIM2
SIM3
SIM4
1
21
22
SIM5
SIM1
SIM2
SIM3
SIM4
1
21
22
SIM5
SIM1
SIM2
SIM3
SIM4
1
21
22
SIM5
SIM1
SIM2
SIM3
SIM4
1
21
22
SIM5
SIM1
SIM2
SIM3
SIM4
1
21
22
SIM5
SIM1
SIM2
SIM3
SIM4
1
21
22
SIM5
SIM1
SIM2
SIM3
SIM4
1
21
22
SIM5
SIM1
SIM2
SIM3
SIM4
1
21
22
SIM5
SIM1
SIM2
SIM3
SIM4
1
21
22
SIM5
SIM1
SIM2
SIM3
SIM4
1
21
22
SIM5
SIM1
SIM2
SIM3
SIM4
1
21
22
SIM5
SIM1
SIM2
SIM3
SIM4
1
21
22
SIM5
SIM1
SIM2
SIM3
SIM4
1
21
22
SIM5
SIM1
SIM2
SIM3
SIM4
1
21
22
SIM5
SIM1
SIM2
SIM3
SIM4
1
21
22
SIM5
SIM1
SIM2
SIM3
SIM4
1
21
22
SIM5
SIM1
SIM2
SIM3
SIM4
1
21
22
SIM5
SIM1
SIM2
SIM3
SIM4
1
21
22
SIM5
SIM1
SIM2
SIM3
SIM4
1
21
22
SIM5
SIM1
SIM2
SIM3
SIM4
1
21
22
SIM5
SIM1
SIM2
SIM3
SIM4
1
21
22
SIM5
SIM1
SIM2
SIM3
SIM4
1
21
22
SIM5
SIM1
SIM2
SIM3
SIM4
1
21
22
SIM5
SIM1
SIM2
SIM3
SIM4
1
21
22
SIM5
SIM1
SIM2
SIM3
SIM4
1
21
22
SIM5
SIM1
SIM2
SIM3
SIM4
1
21
22
SIM5
SIM1
SIM2
SIM3
SIM4
1
21
22
SIM5
SIM1
SIM2
SIM3
SIM4
1
21
22
SIM5
SIM1
SIM2
SIM3
SIM4
1
21
22
SIM5
SIM1
SIM2
SIM3
SIM4
1
21
22
SIM5
SIM1
SIM2
SIM3
SIM4
1
21
22
SIM5
SIM1
SIM2
SIM3
SIM4
1
21
22
SIM5
SIM1
SIM2
SIM3
SIM4
1
21
22
SIM5
SIM1
SIM2
SIM3
SIM4
1
21
22
SIM5
SIM1
SIM2
SIM3
SIM4
1
21
22
SIM5
SIM1
SIM2
SIM3
SIM4
1
21
22
SIM5
SIM1
SIM2
SIM3
SIM4
1
21
22
SIM5
SIM1
SIM2
SIM3
SIM4
1
21
22
SIM5
SIM1
SIM2
SIM3
SIM4
1
21
22
SIM5
SIM1
SIM2
SIM3
SIM4
1
21
22
SIM5
SIM1
SIM2
SIM3
SIM4
1
21
22
SIM5
SIM1
SIM2
SIM3
SIM4
1
21
22
SIM5
SIM1
SIM2
SIM3
SIM4
1
21
22
SIM5
SIM1
SIM2
SIM3
SIM4
1
21
22
SIM5
SIM1
SIM2
SIM3
SIM4
1
21
22
SIM5
SIM1
SIM2
SIM3
SIM4
1
21
22
SIM5
SIM1
SIM2
SIM3
SIM4
1
21
22
SIM5
SIM1
SIM2
SIM3
SIM4
1
21
22
SIM5
SIM1
SIM2
SIM3
SIM4
1
21
22
SIM5
SIM1
SIM2
SIM3
SIM4
1
21
22
SIM5
SIM1
SIM2
SIM3
SIM4
1
21
22
SIM5
SIM1
SIM2
SIM3
SIM4
1
21
22
SIM5
SIM1
SIM2
SIM3
SIM4
1
21
22
SIM5
SIM1
SIM2
SIM3
SIM4
1
21
22
SIM5
SIM1
SIM2
SIM3
SIM4
1
21
22
SIM5
SIM1
SIM2
SIM3
SIM4
1
21
22
SIM5
SIM1
SIM2
SIM3
SIM4
1
21
22
SIM5
SIM1
SIM2
SIM3
SIM4
1
21
22
SIM5
SIM1
SIM2
SIM3
SIM4
1
21
22
SIM5
SIM1
SIM2
SIM3
SIM4
1
21
22
SIM5
SIM1
SIM2
SIM3
SIM4
1
21
22
SIM5
SIM1
SIM2
SIM3
SIM4
1
21
22
SIM5
SIM1
SIM2
SIM3
SIM4
1
21
22
SIM5
SIM1
SIM2
SIM3
SIM4
1
21
22
SIM5
SIM1
SIM2
SIM3
SIM4
1
21
22
SIM5
SIM1
SIM2
SIM3
SIM4
1
21
22
SIM5
SIM1
SIM2
SIM3
SIM4
1
21
22
SIM5
SIM1
SIM2
SIM3
SIM4
1
21
22
SIM5
SIM1
SIM2
SIM3
SIM4
1
21
22
SIM5
SIM1
SIM2
SIM3
SIM4
1
21
22
SIM5
SIM1
SIM2
SIM3
SIM4
1
21
22
SIM5
SIM1
SIM2
SIM3
SIM4
1
21
22
SIM5
SIM1
SIM2
SIM3
SIM4
1
21
22
SIM5
SIM1
SIM2
SIM3
SIM4
1
21
22
SIM5
SIM1
SIM2
SIM3
SIM4
1
21
22
SIM5
SIM1
SIM2
SIM3
SIM4
1
21
22
SIM5
SIM1
SIM2
SIM3
SIM4
1
21
22
SIM5
SIM1
SIM2
SIM3
SIM4
1
21
22
SIM5
SIM1
SIM2
SIM3
SIM4
1
21
22
SIM5
SIM1
SIM2
SIM3
SIM4
1
21
22
SIM5
SIM1
SIM2
SIM3
SIM4
1
21
22
SIM5
SIM1
SIM2
SIM3
SIM4
1
21
22
SIM5
SIM1
SIM2
SIM3
SIM4
1
21
22
SIM5
SIM1
SIM2
SIM3
SIM4
1
21
22
SIM5
SIM1
SIM2
SIM3
SIM4
1
21
22
SIM5
SIM1
SIM2
SIM3
SIM4
1
21
22
SIM5
SIM1
SIM2
SIM3
SIM4
1
21
22
SIM5
SIM1
SIM2
SIM3
SIM4
1
21
22
SIM5
SIM1
SIM2
SIM3
SIM4
1
21
22
SIM5
SIM1
SIM2
SIM3
SIM4
1
21
22
SIM5
SIM1
SIM2
SIM3
SIM4
1
21
22
SIM5
SIM1
SIM2
SIM3
SIM4
1
21
22
SIM5
SIM1
SIM2
SIM3
SIM4
1
21
22
SIM5
SIM1
SIM2
SIM3
SIM4
1
21
22
SIM5
SIM1
SIM2
SIM3
SIM4
1
21
22
SIM5
SIM1
SIM2
SIM3
SIM4
1
21
22
SIM5
SIM1
SIM2
DEBUG 1 154
SIM1
SIM2
SIM3
SIM4
1
21
22
SIM5
SIM1
SIM2
SIM3
SIM4
1
21
22
SIM5
SIM1
SIM2
SIM3
SIM4
1
21
22
SIM5
SIM1
SIM2
SIM3
SIM4
1
21
22
SIM5
SIM1
SIM2
SIM3
SIM4
1
21
22
SIM5
SIM1
SIM2
SIM3
SIM4
1
21
22
SIM5
SIM1
SIM2
SIM3
SIM4
1
21
22
SIM5
SIM1
SIM2
SIM3
SIM4
1
21
22
SIM5
SIM1
SIM2
SIM3
SIM4
1
21
22
SIM5
SIM1
SIM2
SIM3
SIM4
1
21
22
SIM5
SIM1
SIM2
SIM3
SIM4
1
21
22
SIM5
SIM1
SIM2
SIM3
SIM4
1
21
22
SIM5
SIM1
SIM2
SIM3
SIM4
1
21
22
SIM5
SIM1
SIM2
SIM3
SIM4
1
21
22
SIM5
SIM1
SIM2
SIM3
SIM4
1
21
22
SIM5
SIM1
SIM2
SIM3
SIM4
1
21
22
SIM5
SIM1
SIM2
SIM3
SIM4
1
21
22
SIM5
SIM1
SIM2
SIM3
SIM4
1
21
22
SIM5
SIM1
SIM2
SIM3
SIM4
1
21
22
SIM5
SIM1
SIM2
SIM3
SIM4
1
21
22
SIM5
SIM1
SIM2
SIM3
SIM4
1
21
22
SIM5
SIM1
SIM2
SIM3
SIM4
1
21
22
SIM5
SIM1
SIM2
SIM3
SIM4
1
21
22
SIM5
SIM1
SIM2
SIM3
SIM4
1
21
22
SIM5
SIM1
SIM2
SIM3
SIM4
1
21
22
SIM5
SIM1
SIM2
SIM3
SIM4
1
21
22
SIM5
SIM1
SIM2
SIM3
SIM4
1
21
22
SIM5
SIM1
SIM2
SIM3
SIM4
1
21
22
SIM5
SIM1
SIM2
SIM3
SIM4
1
21
22
SIM5
SIM1
SIM2
SIM3
SIM4
1
21
22
SIM5
SIM1
SIM2
SIM3
SIM4
1
21
22
SIM5
SIM1
SIM2
SIM3
SIM4
1
21
22
SIM5
SIM1
SIM2
SIM3
SIM4
1
21
22
SIM5
SIM1
SIM2
SIM3
SIM4
1
21
22
SIM5
SIM1
SIM2
SIM3
SIM4
1
21
22
SIM5
SIM1
SIM2
SIM3
SIM4
1
21
22
SIM5
SIM1
SIM2
SIM3
SIM4
1
21
22
SIM5
SIM1
SIM2
SIM3
SIM4
1
21
22
SIM5
SIM1
SIM2
SIM3
SIM4
1
21
22
SIM5
SIM1
SIM2
SIM3
SIM4
1
21
22
SIM5
SIM1
SIM2
SIM3
SIM4
1
21
22
SIM5
SIM1
SIM2
SIM3
SIM4
1
21
22
SIM5
SIM1
SIM2
SIM3
SIM4
1
21
22
SIM5
SIM1
SIM2
SIM3
SIM4
1
21
22
SIM5
SIM1
SIM2
SIM3
SIM4
1
21
22
SIM5
SIM1
SIM2
SIM3
SIM4
1
21
22
SIM5
SIM1
SIM2
SIM3
SIM4
1
21
22
SIM5
SIM1
SIM2
SIM3
SIM4
1
21
22
SIM5
SIM1
SIM2
SIM3
SIM4
1
21
22
SIM5
SIM1
SIM2
SIM3
SIM4
1
21
22
SIM5
SIM1
SIM2
SIM3
SIM4
1
21
22
SIM5
SIM1
SIM2
SIM3
SIM4
1
21
22
SIM5
SIM1
SIM2
SIM3
SIM4
1
21
22
SIM5
SIM1
SIM2
SIM3
SIM4
1
21
22
SIM5
SIM1
SIM2
SIM3
SIM4
1
21
22
SIM5
SIM1
SIM2
SIM3
SIM4
1
21
22
SIM5
SIM1
SIM2
SIM3
SIM4
1
21
22
SIM5
SIM1
SIM2
SIM3
SIM4
1
21
22
SIM5
SIM1
SIM2
SIM3
SIM4
1
21
22
SIM5
SIM1
SIM2
SIM3
SIM4
1
21
22
SIM5
SIM1
SIM2
SIM3
SIM4
1
21
22
SIM5
SIM1
SIM2
SIM3
SIM4
1
21
22
SIM5
SIM1
SIM2
SIM3
SIM4
1
21
22
SIM5
SIM1
SIM2
SIM3
SIM4
1
21
22
SIM5
SIM1
SIM2
SIM3
SIM4
1
21
22
SIM5
SIM1
SIM2
SIM3
SIM4
1
21
22
SIM5
SIM1
SIM2
SIM3
SIM4
1
21
22
SIM5
SIM1
SIM2
SIM3
SIM4
1
21
22
SIM5
SIM1
SIM2
SIM3
SIM4
1
21
22
SIM5
SIM1
SIM2
SIM3
SIM4
1
21
22
SIM5
SIM1
SIM2
SIM3
SIM4
1
21
22
SIM5
SIM1
SIM2
SIM3
SIM4
1
21
22
SIM5
SIM1
SIM2
SIM3
SIM4
1
21
22
SIM5
SIM1
SIM2
SIM3
SIM4
1
21
22
SIM5
SIM1
SIM2
SIM3
SIM4
1
21
22
SIM5
SIM1
SIM2
SIM3
SIM4
1
21
22
SIM5
SIM1
SIM2
SIM3
SIM4
1
21
22
SIM5
SIM1
SIM2
SIM3
SIM4
1
21
22
SIM5
SIM1
SIM2
SIM3
SIM4
1
21
22
SIM5
SIM1
SIM2
SIM3
SIM4
1
21
22
SIM5
SIM1
SIM2
SIM3
SIM4
1
21
22
SIM5
SIM1
SIM2
SIM3
SIM4
1
21
22
SIM5
SIM1
SIM2
SIM3
SIM4
1
21
22
SIM5
SIM1
SIM2
SIM3
SIM4
1
21
22
SIM5
SIM1
SIM2
SIM3
SIM4
1
21
22
SIM5
SIM1
SIM2
SIM3
SIM4
1
21
22
SIM5
SIM1
SIM2
SIM3
SIM4
1
21
22
SIM5
SIM1
SIM2
SIM3
SIM4
1
21
22
SIM5
SIM1
SIM2
SIM3
SIM4
1
21
22
SIM5
SIM1
SIM2
SIM3
SIM4
1
21
22
SIM5
SIM1
SIM2
SIM3
SIM4
1
21
22
SIM5
SIM1
SIM2
SIM3
SIM4
1
21
22
SIM5
SIM1
SIM2
SIM3
SIM4
1
21
22
SIM5
SIM1
SIM2
SIM3
SIM4
1
21
22
SIM5
SIM1
SIM2
SIM3
SIM4
1
21
22
SIM5
SIM1
SIM2
SIM3
SIM4
1
21
22
SIM5
SIM1
SIM2
SIM3
SIM4
1
21
22
SIM5
SIM1
SIM2
SIM3
SIM4
1
21
22
SIM5
SIM1
SIM2
SIM3
SIM4
1
21
22
SIM5
SIM1
SIM2
SIM3
SIM4
1
21
22
SIM5
SIM1
SIM2
SIM3
SIM4
1
21
22
SIM5
SIM1
SIM2
SIM3
SIM4
1
21
22
SIM5
SIM1
SIM2
SIM3
SIM4
1
21
22
SIM5
SIM1
SIM2
SIM3
SIM4
1
21
22
SIM5
SIM1
SIM2
SIM3
SIM4
1
21
22
SIM5
SIM1
SIM2
SIM3
SIM4
1
21
22
SIM5
SIM1
SIM2
SIM3
SIM4
1
21
22
SIM5
SIM1
SIM2
SIM3
SIM4
1
21
22
SIM5
SIM1
SIM2
SIM3
SIM4
1
21
22
SIM5
SIM1
SIM2
SIM3
SIM4
1
21
22
SIM5
SIM1
SIM2
SIM3
SIM4
1
21
22
SIM5
SIM1
SIM2
SIM3
SIM4
1
21
22
SIM5
SIM1
SIM2
SIM3
SIM4
1
21
22
SIM5
SIM1
SIM2
SIM3
SIM4
1
21
22
SIM5
SIM1
SIM2
SIM3
SIM4
1
21
22
SIM5
SIM1
SIM2
SIM3
SIM4
1
21
22
SIM5
SIM1
SIM2
SIM3
SIM4
1
21
22
SIM5
SIM1
SIM2
SIM3
SIM4
1
21
22
SIM5
SIM1
SIM2
SIM3
SIM4
1
21
22
SIM5
SIM1
SIM2
SIM3
SIM4
1
21
22
SIM5
SIM1
SIM2
SIM3
SIM4
1
21
22
SIM5
SIM1
SIM2
SIM3
SIM4
1
21
22
SIM5
SIM1
SIM2
SIM3
SIM4
1
21
22
SIM5
SIM1
SIM2
SIM3
SIM4
1
21
22
SIM5
SIM1
SIM2
SIM3
SIM4
1
21
22
SIM5
SIM1
SIM2
SIM3
SIM4
1
21
22
SIM5
SIM1
SIM2
SIM3
SIM4
1
21
22
SIM5
SIM1
SIM2
SIM3
SIM4
1
21
22
SIM5
SIM1
SIM2
SIM3
SIM4
1
21
22
SIM5
SIM1
SIM2
SIM3
SIM4
1
21
22
SIM5
SIM1
SIM2
SIM3
SIM4
1
21
22
SIM5
SIM1
SIM2
SIM3
SIM4
1
21
22
SIM5
SIM1
SIM2
SIM3
SIM4
1
21
22
SIM5
SIM1
SIM2
SIM3
SIM4
1
21
22
SIM5
SIM1
SIM2
SIM3
SIM4
1
21
22
SIM5
SIM1
SIM2
SIM3
SIM4
1
21
22
SIM5
SIM1
SIM2
SIM3
SIM4
1
21
22
SIM5
SIM1
SIM2
SIM3
SIM4
1
21
22
SIM5
SIM1
SIM2
SIM3
SIM4
1
21
22
SIM5
SIM1
SIM2
SIM3
SIM4
1
21
22
SIM5
SIM1
SIM2
SIM3
SIM4
1
21
22
SIM5
SIM1
SIM2
SIM3
SIM4
1
21
22
SIM5
SIM1
SIM2
SIM3
SIM4
1
21
22
SIM5
SIM1
SIM2
SIM3
SIM4
1
21
22
SIM5
SIM1
SIM2
SIM3
SIM4
1
21
22
SIM5
SIM1
SIM2
SIM3
SIM4
1
21
22
SIM5
SIM1
SIM2
SIM3
SIM4
1
21
22
SIM5
SIM1
SIM2
SIM3
SIM4
1
21
22
SIM5
SIM1
SIM2
SIM3
SIM4
1
21
22
SIM5
SIM1
SIM2
SIM3
SIM4
1
21
22
SIM5
SIM1
SIM2
SIM3
SIM4
1
21
22
SIM5
SIM1
SIM2
SIM3
SIM4
1
21
22
SIM5
SIM1
SIM2
SIM3
SIM4
1
21
22
SIM5
SIM1
SIM2
SIM3
SIM4
1
21
22
SIM5
SIM1
SIM2
SIM3
SIM4
1
21
22
SIM5
SIM1
SIM2
SIM3
SIM4
1
21
22
SIM5
SIM1
SIM2
SIM3
SIM4
1
21
22
SIM5
SIM1
SIM2
SIM3
SIM4
1
21
22
SIM5
SIM1
SIM2
SIM3
SIM4
1
21
22
SIM5
SIM1
SIM2
SIM3
SIM4
1
21
22
SIM5
SIM1
SIM2
SIM3
SIM4
1
21
22
SIM5
SIM1
SIM2
SIM3
SIM4
1
21
22
SIM5
SIM1
SIM2
SIM3
SIM4
1
21
22
SIM5
SIM1
SIM2
SIM3
SIM4
1
21
22
SIM5
SIM1
SIM2
SIM3
SIM4
1
21
22
SIM5
SIM1
SIM2
SIM3
SIM4
1
21
22
SIM5
SIM1
SIM2
SIM3
SIM4
1
21
22
SIM5
SIM1
SIM2
SIM3
SIM4
1
21
22
SIM5
SIM1
SIM2
SIM3
SIM4
1
21
22
SIM5
SIM1
SIM2
SIM3
SIM4
1
21
22
SIM5
SIM1
SIM2
SIM3
SIM4
1
21
22
SIM5
SIM1
SIM2
SIM3
SIM4
1
21
22
SIM5
SIM1
SIM2
SIM3
SIM4
1
21
22
SIM5
SIM1
SIM2
SIM3
SIM4
1
21
22
SIM5
SIM1
SIM2
SIM3
SIM4
1
21
22
SIM5
SIM1
SIM2
SIM3
SIM4
1
21
22
SIM5
SIM1
SIM2
SIM3
SIM4
1
21
22
SIM5
SIM1
SIM2
SIM3
SIM4
1
21
22
SIM5
SIM1
SIM2
SIM3
SIM4
1
21
22
SIM5
SIM1
SIM2
SIM3
SIM4
1
21
22
SIM5
SIM1
SIM2
SIM3
SIM4
1
21
22
SIM5
SIM1
SIM2
SIM3
SIM4
1
21
22
SIM5
SIM1
SIM2
SIM3
SIM4
1
21
22
SIM5
SIM1
SIM2
SIM3
SIM4
1
21
22
SIM5
SIM1
SIM2
SIM3
SIM4
1
21
22
SIM5
SIM1
SIM2
SIM3
SIM4
1
21
22
SIM5
SIM1
SIM2
SIM3
SIM4
1
21
22
SIM5
SIM1
SIM2
SIM3
SIM4
1
21
22
SIM5
SIM1
SIM2
SIM3
SIM4
1
21
22
SIM5
SIM1
SIM2
SIM3
SIM4
1
21
22
SIM5
SIM1
SIM2
SIM3
SIM4
1
21
22
SIM5
SIM1
SIM2
SIM3
SIM4
1
21
22
SIM5
SIM1
SIM2
SIM3
SIM4
1
21
22
SIM5
SIM1
SIM2
SIM3
SIM4
1
21
22
SIM5
SIM1
SIM2
SIM3
SIM4
1
21
22
SIM5
SIM1
SIM2
SIM3
SIM4
1
21
22
SIM5
SIM1
SIM2
SIM3
SIM4
1
21
22
SIM5
SIM1
SIM2
DEBUG 1 155
SIM1
SIM2
SIM3
SIM4
1
21
22
SIM5
SIM1
SIM2
SIM3
SIM4
1
21
22
SIM5
SIM1
SIM2
SIM3
SIM4
1
21
22
SIM5
SIM1
SIM2
SIM3
SIM4
1
21
22
SIM5
SIM1
SIM2
SIM3
SIM4
1
21
22
SIM5
SIM1
SIM2
SIM3
SIM4
1
21
22
SIM5
SIM1
SIM2
SIM3
SIM4
1
21
22
SIM5
SIM1
SIM2
SIM3
SIM4
1
21
22
SIM5
SIM1
SIM2
SIM3
SIM4
1
21
22
SIM5
SIM1
SIM2
SIM3
SIM4
1
21
22
SIM5
SIM1
SIM2
SIM3
SIM4
1
21
22
SIM5
SIM1
SIM2
SIM3
SIM4
1
21
22
SIM5
SIM1
SIM2
SIM3
SIM4
1
21
22
SIM5
SIM1
SIM2
SIM3
SIM4
1
21
22
SIM5
SIM1
SIM2
SIM3
SIM4
1
21
22
SIM5
SIM1
SIM2
SIM3
SIM4
1
21
22
SIM5
SIM1
SIM2
SIM3
SIM4
1
21
22
SIM5
SIM1
SIM2
SIM3
SIM4
1
21
22
SIM5
SIM1
SIM2
SIM3
SIM4
1
21
22
SIM5
SIM1
SIM2
SIM3
SIM4
1
21
22
SIM5
SIM1
SIM2
SIM3
SIM4
1
21
22
SIM5
SIM1
SIM2
SIM3
SIM4
1
21
22
SIM5
SIM1
SIM2
SIM3
SIM4
1
21
22
SIM5
SIM1
SIM2
SIM3
SIM4
1
21
22
SIM5
SIM1
SIM2
SIM3
SIM4
1
21
22
SIM5
SIM1
SIM2
SIM3
SIM4
1
21
22
SIM5
SIM1
SIM2
SIM3
SIM4
1
21
22
SIM5
SIM1
SIM2
SIM3
SIM4
1
21
22
SIM5
SIM1
SIM2
SIM3
SIM4
1
21
22
SIM5
SIM1
SIM2
SIM3
SIM4
1
21
22
SIM5
SIM1
SIM2
SIM3
SIM4
1
21
22
SIM5
SIM1
SIM2
SIM3
SIM4
1
21
22
SIM5
SIM1
SIM2
SIM3
SIM4
1
21
22
SIM5
SIM1
SIM2
SIM3
SIM4
1
21
22
SIM5
SIM1
SIM2
SIM3
SIM4
1
21
22
SIM5
SIM1
SIM2
SIM3
SIM4
1
21
22
SIM5
SIM1
SIM2
SIM3
SIM4
1
21
22
SIM5
SIM1
SIM2
SIM3
SIM4
1
21
22
SIM5
SIM1
SIM2
SIM3
SIM4
1
21
22
SIM5
SIM1
SIM2
SIM3
SIM4
1
21
22
SIM5
SIM1
SIM2
SIM3
SIM4
1
21
22
SIM5
SIM1
SIM2
SIM3
SIM4
1
21
22
SIM5
SIM1
SIM2
SIM3
SIM4
1
21
22
SIM5
SIM1
SIM2
SIM3
SIM4
1
21
22
SIM5
SIM1
SIM2
SIM3
SIM4
1
21
22
SIM5
SIM1
SIM2
SIM3
SIM4
1
21
22
SIM5
SIM1
SIM2
SIM3
SIM4
1
21
22
SIM5
SIM1
SIM2
SIM3
SIM4
1
21
22
SIM5
SIM1
SIM2
SIM3
SIM4
1
21
22
SIM5
SIM1
SIM2
SIM3
SIM4
1
21
22
SIM5
SIM1
SIM2
SIM3
SIM4
1
21
22
SIM5
SIM1
SIM2
SIM3
SIM4
1
21
22
SIM5
SIM1
SIM2
SIM3
SIM4
1
21
22
SIM5
SIM1
SIM2
SIM3
SIM4
1
21
22
SIM5
SIM1
SIM2
SIM3
SIM4
1
21
22
SIM5
SIM1
SIM2
SIM3
SIM4
1
21
22
SIM5
SIM1
SIM2
SIM3
SIM4
1
21
22
SIM5
SIM1
SIM2
SIM3
SIM4
1
21
22
SIM5
SIM1
SIM2
SIM3
SIM4
1
21
22
SIM5
SIM1
SIM2
SIM3
SIM4
1
21
22
SIM5
SIM1
SIM2
SIM3
SIM4
1
21
22
SIM5
SIM1
SIM2
SIM3
SIM4
1
21
22
SIM5
SIM1
SIM2
SIM3
SIM4
1
21
22
SIM5
SIM1
SIM2
SIM3
SIM4
1
21
22
SIM5
SIM1
SIM2
SIM3
SIM4
1
21
22
SIM5
SIM1
SIM2
SIM3
SIM4
1
21
22
SIM5
SIM1
SIM2
SIM3
SIM4
1
21
22
SIM5
SIM1
SIM2
SIM3
SIM4
1
21
22
SIM5
SIM1
SIM2
SIM3
SIM4
1
21
22
SIM5
SIM1
SIM2
SIM3
SIM4
1
21
22
SIM5
SIM1
SIM2
SIM3
SIM4
1
21
22
SIM5
SIM1
SIM2
SIM3
SIM4
1
21
22
SIM5
SIM1
SIM2
SIM3
SIM4
1
21
22
SIM5
SIM1
SIM2
SIM3
SIM4
1
21
22
SIM5
SIM1
SIM2
SIM3
SIM4
1
21
22
SIM5
SIM1
SIM2
SIM3
SIM4
1
21
22
SIM5
SIM1
SIM2
SIM3
SIM4
1
21
22
SIM5
SIM1
SIM2
SIM3
SIM4
1
21
22
SIM5
SIM1
SIM2
SIM3
SIM4
1
21
22
SIM5
SIM1
SIM2
SIM3
SIM4
1
21
22
SIM5
SIM1
SIM2
SIM3
SIM4
1
21
22
SIM5
SIM1
SIM2
SIM3
SIM4
1
21
22
SIM5
SIM1
SIM2
SIM3
SIM4
1
21
22
SIM5
SIM1
SIM2
SIM3
SIM4
1
21
22
SIM5
SIM1
SIM2
SIM3
SIM4
1
21
22
SIM5
SIM1
SIM2
SIM3
SIM4
1
21
22
SIM5
SIM1
SIM2
SIM3
SIM4
1
21
22
SIM5
SIM1
SIM2
SIM3
SIM4
1
21
22
SIM5
SIM1
SIM2
SIM3
SIM4
1
21
22
SIM5
SIM1
SIM2
SIM3
SIM4
1
21
22
SIM5
SIM1
SIM2
SIM3
SIM4
1
21
22
SIM5
SIM1
SIM2
SIM3
SIM4
1
21
22
SIM5
SIM1
SIM2
SIM3
SIM4
1
21
22
SIM5
SIM1
SIM2
SIM3
SIM4
1
21
22
SIM5
SIM1
SIM2
SIM3
SIM4
1
21
22
SIM5
SIM1
SIM2
SIM3
SIM4
1
21
22
SIM5
SIM1
SIM2
SIM3
SIM4
1
21
22
SIM5
SIM1
SIM2
SIM3
SIM4
1
21
22
SIM5
SIM1
SIM2
SIM3
SIM4
1
21
22
SIM5
SIM1
SIM2
SIM3
SIM4
1
21
22
SIM5
SIM1
SIM2
SIM3
SIM4
1
21
22
SIM5
SIM1
SIM2
SIM3
SIM4
1
21
22
SIM5
SIM1
SIM2
SIM3
SIM4
1
21
22
SIM5
SIM1
SIM2
SIM3
SIM4
1
21
22
SIM5
SIM1
SIM2
SIM3
SIM4
1
21
22
SIM5
SIM1
SIM2
SIM3
SIM4
1
21
22
SIM5
SIM1
SIM2
SIM3
SIM4
1
21
22
SIM5
SIM1
SIM2
SIM3
SIM4
1
21
22
SIM5
SIM1
SIM2
SIM3
SIM4
1
21
22
SIM5
SIM1
SIM2
SIM3
SIM4
1
21
22
SIM5
SIM1
SIM2
SIM3
SIM4
1
21
22
SIM5
SIM1
SIM2
SIM3
SIM4
1
21
22
SIM5
SIM1
SIM2
SIM3
SIM4
1
21
22
SIM5
SIM1
SIM2
SIM3
SIM4
1
21
22
SIM5
SIM1
SIM2
SIM3
SIM4
1
21
22
SIM5
SIM1
SIM2
SIM3
SIM4
1
21
22
SIM5
SIM1
SIM2
SIM3
SIM4
1
21
22
SIM5
SIM1
SIM2
SIM3
SIM4
1
21
22
SIM5
SIM1
SIM2
SIM3
SIM4
1
21
22
SIM5
SIM1
SIM2
SIM3
SIM4
1
21
22
SIM5
SIM1
SIM2
SIM3
SIM4
1
21
22
SIM5
SIM1
SIM2
SIM3
SIM4
1
21
22
SIM5
SIM1
SIM2
SIM3
SIM4
1
21
22
SIM5
SIM1
SIM2
SIM3
SIM4
1
21
22
SIM5
SIM1
SIM2
SIM3
SIM4
1
21
22
SIM5
SIM1
SIM2
SIM3
SIM4
1
21
22
SIM5
SIM1
SIM2
SIM3
SIM4
1
21
22
SIM5
SIM1
SIM2
SIM3
SIM4
1
21
22
SIM5
SIM1
SIM2
SIM3
SIM4
1
21
22
SIM5
SIM1
SIM2
SIM3
SIM4
1
21
22
SIM5
SIM1
SIM2
SIM3
SIM4
1
21
22
SIM5
SIM1
SIM2
SIM3
SIM4
1
21
22
SIM5
SIM1
SIM2
SIM3
SIM4
1
21
22
SIM5
SIM1
SIM2
SIM3
SIM4
1
21
22
SIM5
SIM1
SIM2
SIM3
SIM4
1
21
22
SIM5
SIM1
SIM2
SIM3
SIM4
1
21
22
SIM5
SIM1
SIM2
SIM3
SIM4
1
21
22
SIM5
SIM1
SIM2
SIM3
SIM4
1
21
22
SIM5
SIM1
SIM2
SIM3
SIM4
1
21
22
SIM5
SIM1
SIM2
SIM3
SIM4
1
21
22
SIM5
SIM1
SIM2
SIM3
SIM4
1
21
22
SIM5
SIM1
SIM2
SIM3
SIM4
1
21
22
SIM5
SIM1
SIM2
SIM3
SIM4
1
21
22
SIM5
SIM1
SIM2
SIM3
SIM4
1
21
22
SIM5
SIM1
SIM2
SIM3
SIM4
1
21
22
SIM5
SIM1
SIM2
SIM3
SIM4
1
21
22
SIM5
SIM1
SIM2
SIM3
SIM4
1
21
22
SIM5
SIM1
SIM2
SIM3
SIM4
1
21
22
SIM5
SIM1
SIM2
SIM3
SIM4
1
21
22
SIM5
SIM1
SIM2
SIM3
SIM4
1
21
22
SIM5
SIM1
SIM2
SIM3
SIM4
1
21
22
SIM5
SIM1
SIM2
SIM3
SIM4
1
21
22
SIM5
SIM1
SIM2
SIM3
SIM4
1
21
22
SIM5
SIM1
SIM2
SIM3
SIM4
1
21
22
SIM5
SIM1
SIM2
SIM3
SIM4
1
21
22
SIM5
SIM1
SIM2
SIM3
SIM4
1
21
22
SIM5
SIM1
SIM2
SIM3
SIM4
1
21
22
SIM5
SIM1
SIM2
SIM3
SIM4
1
21
22
SIM5
SIM1
SIM2
SIM3
SIM4
1
21
22
SIM5
SIM1
SIM2
SIM3
SIM4
1
21
22
SIM5
SIM1
SIM2
SIM3
SIM4
1
21
22
SIM5
SIM1
SIM2
SIM3
SIM4
1
21
22
SIM5
SIM1
SIM2
SIM3
SIM4
1
21
22
SIM5
SIM1
SIM2
SIM3
SIM4
1
21
22
SIM5
SIM1
SIM2
SIM3
SIM4
1
21
22
SIM5
SIM1
SIM2
SIM3
SIM4
1
21
22
SIM5
SIM1
SIM2
SIM3
SIM4
1
21
22
SIM5
SIM1
SIM2
SIM3
SIM4
1
21
22
SIM5
SIM1
SIM2
SIM3
SIM4
1
21
22
SIM5
SIM1
SIM2
SIM3
SIM4
1
21
22
SIM5
SIM1
SIM2
SIM3
SIM4
1
21
22
SIM5
SIM1
SIM2
SIM3
SIM4
1
21
22
SIM5
SIM1
SIM2
SIM3
SIM4
1
21
22
SIM5
SIM1
SIM2
SIM3
SIM4
1
21
22
SIM5
SIM1
SIM2
SIM3
SIM4
1
21
22
SIM5
SIM1
SIM2
SIM3
SIM4
1
21
22
SIM5
SIM1
SIM2
SIM3
SIM4
1
21
22
SIM5
SIM1
SIM2
SIM3
SIM4
1
21
22
SIM5
SIM1
SIM2
SIM3
SIM4
1
21
22
SIM5
SIM1
SIM2
SIM3
SIM4
1
21
22
SIM5
SIM1
SIM2
SIM3
SIM4
1
21
22
SIM5
SIM1
SIM2
SIM3
SIM4
1
21
22
SIM5
SIM1
SIM2
SIM3
SIM4
1
21
22
SIM5
SIM1
SIM2
SIM3
SIM4
1
21
22
SIM5
SIM1
SIM2
SIM3
SIM4
1
21
22
SIM5
SIM1
SIM2
SIM3
SIM4
1
21
22
SIM5
SIM1
SIM2
SIM3
SIM4
1
21
22
SIM5
SIM1
SIM2
SIM3
SIM4
1
21
22
SIM5
SIM1
SIM2
SIM3
SIM4
1
21
22
SIM5
SIM1
SIM2
SIM3
SIM4
1
21
22
SIM5
SIM1
SIM2
SIM3
SIM4
1
21
22
SIM5
SIM1
SIM2
SIM3
SIM4
1
21
22
SIM5
SIM1
SIM2
SIM3
SIM4
1
21
22
SIM5
SIM1
SIM2
SIM3
SIM4
1
21
22
SIM5
SIM1
SIM2
SIM3
SIM4
1
21
22
SIM5
SIM1
SIM2
SIM3
SIM4
1
21
22
SIM5
SIM1
SIM2
SIM3
SIM4
1
21
22
SIM5
SIM1
SIM2
SIM3
SIM4
1
21
22
SIM5
SIM1
SIM2
SIM3
SIM4
1
21
22
SIM5
SIM1
SIM2
SIM3
SIM4
1
21
22
SIM5
SIM1
SIM2
SIM3
SIM4
1
21
22
SIM5
SIM1
SIM2
SIM3
SIM4
1
21
22
SIM5
SIM1
SIM2
SIM3
SIM4
1
21
22
SIM5
SIM1
SIM2
SIM3
SIM4
1
21
22
SIM5
SIM1
SIM2
SIM3
SIM4
1
21
22
SIM5
SIM1
SIM2
SIM3
SIM4
1
21
22
SIM5
SIM1
SIM2
SIM3
SIM4
1
21
22
SIM5
SIM1
SIM2
SIM3
SIM4
1
21
22
SIM5
SIM1
SIM2
SIM3
SIM4
1
21
22
SIM5
SIM1
SIM2
DEBUG 1 156
SIM1
SIM2
SIM3
SIM4
1
21
22
SIM5
SIM1
SIM2
SIM3
SIM4
1
21
22
SIM5
SIM1
SIM2
SIM3
SIM4
1
21
22
SIM5
SIM1
SIM2
SIM3
SIM4
1
21
22
SIM5
SIM1
SIM2
SIM3
SIM4
1
21
22
SIM5
SIM1
SIM2
SIM3
SIM4
1
21
22
SIM5
SIM1
SIM2
SIM3
SIM4
1
21
22
SIM5
SIM1
SIM2
SIM3
SIM4
1
21
22
SIM5
SIM1
SIM2
SIM3
SIM4
1
21
22
SIM5
SIM1
SIM2
SIM3
SIM4
1
21
22
SIM5
SIM1
SIM2
SIM3
SIM4
1
21
22
SIM5
SIM1
SIM2
SIM3
SIM4
1
21
22
SIM5
SIM1
SIM2
SIM3
SIM4
1
21
22
SIM5
SIM1
SIM2
SIM3
SIM4
1
21
22
SIM5
SIM1
SIM2
SIM3
SIM4
1
21
22
SIM5
SIM1
SIM2
SIM3
SIM4
1
21
22
SIM5
SIM1
SIM2
SIM3
SIM4
1
21
22
SIM5
SIM1
SIM2
SIM3
SIM4
1
21
22
SIM5
SIM1
SIM2
SIM3
SIM4
1
21
22
SIM5
SIM1
SIM2
SIM3
SIM4
1
21
22
SIM5
SIM1
SIM2
SIM3
SIM4
1
21
22
SIM5
SIM1
SIM2
SIM3
SIM4
1
21
22
SIM5
SIM1
SIM2
SIM3
SIM4
1
21
22
SIM5
SIM1
SIM2
SIM3
SIM4
1
21
22
SIM5
SIM1
SIM2
SIM3
SIM4
1
21
22
SIM5
SIM1
SIM2
SIM3
SIM4
1
21
22
SIM5
SIM1
SIM2
SIM3
SIM4
1
21
22
SIM5
SIM1
SIM2
SIM3
SIM4
1
21
22
SIM5
SIM1
SIM2
SIM3
SIM4
1
21
22
SIM5
SIM1
SIM2
SIM3
SIM4
1
21
22
SIM5
SIM1
SIM2
SIM3
SIM4
1
21
22
SIM5
SIM1
SIM2
SIM3
SIM4
1
21
22
SIM5
SIM1
SIM2
SIM3
SIM4
1
21
22
SIM5
SIM1
SIM2
SIM3
SIM4
1
21
22
SIM5
SIM1
SIM2
SIM3
SIM4
1
21
22
SIM5
SIM1
SIM2
SIM3
SIM4
1
21
22
SIM5
SIM1
SIM2
SIM3
SIM4
1
21
22
SIM5
SIM1
SIM2
SIM3
SIM4
1
21
22
SIM5
SIM1
SIM2
SIM3
SIM4
1
21
22
SIM5
SIM1
SIM2
SIM3
SIM4
1
21
22
SIM5
SIM1
SIM2
SIM3
SIM4
1
21
22
SIM5
SIM1
SIM2
SIM3
SIM4
1
21
22
SIM5
SIM1
SIM2
SIM3
SIM4
1
21
22
SIM5
SIM1
SIM2
SIM3
SIM4
1
21
22
SIM5
SIM1
SIM2
SIM3
SIM4
1
21
22
SIM5
SIM1
SIM2
SIM3
SIM4
1
21
22
SIM5
SIM1
SIM2
SIM3
SIM4
1
21
22
SIM5
SIM1
SIM2
SIM3
SIM4
1
21
22
SIM5
SIM1
SIM2
SIM3
SIM4
1
21
22
SIM5
SIM1
SIM2
SIM3
SIM4
1
21
22
SIM5
SIM1
SIM2
SIM3
SIM4
1
21
22
SIM5
SIM1
SIM2
SIM3
SIM4
1
21
22
SIM5
SIM1
SIM2
SIM3
SIM4
1
21
22
SIM5
SIM1
SIM2
SIM3
SIM4
1
21
22
SIM5
SIM1
SIM2
SIM3
SIM4
1
21
22
SIM5
SIM1
SIM2
SIM3
SIM4
1
21
22
SIM5
SIM1
SIM2
SIM3
SIM4
1
21
22
SIM5
SIM1
SIM2
SIM3
SIM4
1
21
22
SIM5
SIM1
SIM2
SIM3
SIM4
1
21
22
SIM5
SIM1
SIM2
SIM3
SIM4
1
21
22
SIM5
SIM1
SIM2
SIM3
SIM4
1
21
22
SIM5
SIM1
SIM2
SIM3
SIM4
1
21
22
SIM5
SIM1
SIM2
SIM3
SIM4
1
21
22
SIM5
SIM1
SIM2
SIM3
SIM4
1
21
22
SIM5
SIM1
SIM2
SIM3
SIM4
1
21
22
SIM5
SIM1
SIM2
SIM3
SIM4
1
21
22
SIM5
SIM1
SIM2
SIM3
SIM4
1
21
22
SIM5
SIM1
SIM2
SIM3
SIM4
1
21
22
SIM5
SIM1
SIM2
SIM3
SIM4
1
21
22
SIM5
SIM1
SIM2
SIM3
SIM4
1
21
22
SIM5
SIM1
SIM2
SIM3
SIM4
1
21
22
SIM5
SIM1
SIM2
SIM3
SIM4
1
21
22
SIM5
SIM1
SIM2
SIM3
SIM4
1
21
22
SIM5
SIM1
SIM2
SIM3
SIM4
1
21
22
SIM5
SIM1
SIM2
SIM3
SIM4
1
21
22
SIM5
SIM1
SIM2
SIM3
SIM4
1
21
22
SIM5
SIM1
SIM2
SIM3
SIM4
1
21
22
SIM5
SIM1
SIM2
SIM3
SIM4
1
21
22
SIM5
SIM1
SIM2
SIM3
SIM4
1
21
22
SIM5
SIM1
SIM2
SIM3
SIM4
1
21
22
SIM5
SIM1
SIM2
SIM3
SIM4
1
21
22
SIM5
SIM1
SIM2
SIM3
SIM4
1
21
22
SIM5
SIM1
SIM2
SIM3
SIM4
1
21
22
SIM5
SIM1
SIM2
SIM3
SIM4
1
21
22
SIM5
SIM1
SIM2
SIM3
SIM4
1
21
22
SIM5
SIM1
SIM2
SIM3
SIM4
1
21
22
SIM5
SIM1
SIM2
SIM3
SIM4
1
21
22
SIM5
SIM1
SIM2
SIM3
SIM4
1
21
22
SIM5
SIM1
SIM2
SIM3
SIM4
1
21
22
SIM5
SIM1
SIM2
SIM3
SIM4
1
21
22
SIM5
SIM1
SIM2
SIM3
SIM4
1
21
22
SIM5
SIM1
SIM2
SIM3
SIM4
1
21
22
SIM5
SIM1
SIM2
SIM3
SIM4
1
21
22
SIM5
SIM1
SIM2
SIM3
SIM4
1
21
22
SIM5
SIM1
SIM2
SIM3
SIM4
1
21
22
SIM5
SIM1
SIM2
SIM3
SIM4
1
21
22
SIM5
SIM1
SIM2
SIM3
SIM4
1
21
22
SIM5
SIM1
SIM2
SIM3
SIM4
1
21
22
SIM5
SIM1
SIM2
SIM3
SIM4
1
21
22
SIM5
SIM1
SIM2
SIM3
SIM4
1
21
22
SIM5
SIM1
SIM2
SIM3
SIM4
1
21
22
SIM5
SIM1
SIM2
SIM3
SIM4
1
21
22
SIM5
SIM1
SIM2
SIM3
SIM4
1
21
22
SIM5
SIM1
SIM2
SIM3
SIM4
1
21
22
SIM5
SIM1
SIM2
SIM3
SIM4
1
21
22
SIM5
SIM1
SIM2
SIM3
SIM4
1
21
22
SIM5
SIM1
SIM2
SIM3
SIM4
1
21
22
SIM5
SIM1
SIM2
SIM3
SIM4
1
21
22
SIM5
SIM1
SIM2
SIM3
SIM4
1
21
22
SIM5
SIM1
SIM2
SIM3
SIM4
1
21
22
SIM5
SIM1
SIM2
SIM3
SIM4
1
21
22
SIM5
SIM1
SIM2
SIM3
SIM4
1
21
22
SIM5
SIM1
SIM2
SIM3
SIM4
1
21
22
SIM5
SIM1
SIM2
SIM3
SIM4
1
21
22
SIM5
SIM1
SIM2
SIM3
SIM4
1
21
22
SIM5
SIM1
SIM2
SIM3
SIM4
1
21
22
SIM5
SIM1
SIM2
SIM3
SIM4
1
21
22
SIM5
SIM1
SIM2
SIM3
SIM4
1
21
22
SIM5
SIM1
SIM2
SIM3
SIM4
1
21
22
SIM5
SIM1
SIM2
SIM3
SIM4
1
21
22
SIM5
SIM1
SIM2
SIM3
SIM4
1
21
22
SIM5
SIM1
SIM2
SIM3
SIM4
1
21
22
SIM5
SIM1
SIM2
SIM3
SIM4
1
21
22
SIM5
SIM1
SIM2
SIM3
SIM4
1
21
22
SIM5
SIM1
SIM2
SIM3
SIM4
1
21
22
SIM5
SIM1
SIM2
SIM3
SIM4
1
21
22
SIM5
SIM1
SIM2
SIM3
SIM4
1
21
22
SIM5
SIM1
SIM2
SIM3
SIM4
1
21
22
SIM5
SIM1
SIM2
SIM3
SIM4
1
21
22
SIM5
SIM1
SIM2
SIM3
SIM4
1
21
22
SIM5
SIM1
SIM2
SIM3
SIM4
1
21
22
SIM5
SIM1
SIM2
SIM3
SIM4
1
21
22
SIM5
SIM1
SIM2
SIM3
SIM4
1
21
22
SIM5
SIM1
SIM2
SIM3
SIM4
1
21
22
SIM5
SIM1
SIM2
SIM3
SIM4
1
21
22
SIM5
SIM1
SIM2
SIM3
SIM4
1
21
22
SIM5
SIM1
SIM2
SIM3
SIM4
1
21
22
SIM5
SIM1
SIM2
SIM3
SIM4
1
21
22
SIM5
SIM1
SIM2
SIM3
SIM4
1
21
22
SIM5
SIM1
SIM2
SIM3
SIM4
1
21
22
SIM5
SIM1
SIM2
SIM3
SIM4
1
21
22
SIM5
SIM1
SIM2
SIM3
SIM4
1
21
22
SIM5
SIM1
SIM2
SIM3
SIM4
1
21
22
SIM5
SIM1
SIM2
SIM3
SIM4
1
21
22
SIM5
SIM1
SIM2
SIM3
SIM4
1
21
22
SIM5
SIM1
SIM2
SIM3
SIM4
1
21
22
SIM5
SIM1
SIM2
SIM3
SIM4
1
21
22
SIM5
SIM1
SIM2
SIM3
SIM4
1
21
22
SIM5
SIM1
SIM2
SIM3
SIM4
1
21
22
SIM5
SIM1
SIM2
SIM3
SIM4
1
21
22
SIM5
SIM1
SIM2
SIM3
SIM4
1
21
22
SIM5
SIM1
SIM2
SIM3
SIM4
1
21
22
SIM5
SIM1
SIM2
SIM3
SIM4
1
21
22
SIM5
SIM1
SIM2
SIM3
SIM4
1
21
22
SIM5
SIM1
SIM2
SIM3
SIM4
1
21
22
SIM5
SIM1
SIM2
SIM3
SIM4
1
21
22
SIM5
SIM1
SIM2
SIM3
SIM4
1
21
22
SIM5
SIM1
SIM2
SIM3
SIM4
1
21
22
SIM5
SIM1
SIM2
SIM3
SIM4
1
21
22
SIM5
SIM1
SIM2
SIM3
SIM4
1
21
22
SIM5
SIM1
SIM2
SIM3
SIM4
1
21
22
SIM5
SIM1
SIM2
SIM3
SIM4
1
21
22
SIM5
SIM1
SIM2
SIM3
SIM4
1
21
22
SIM5
SIM1
SIM2
SIM3
SIM4
1
21
22
SIM5
SIM1
SIM2
SIM3
SIM4
1
21
22
SIM5
SIM1
SIM2
SIM3
SIM4
1
21
22
SIM5
SIM1
SIM2
SIM3
SIM4
1
21
22
SIM5
SIM1
SIM2
SIM3
SIM4
1
21
22
SIM5
SIM1
SIM2
SIM3
SIM4
1
21
22
SIM5
SIM1
SIM2
DEBUG 1 157
SIM1
SIM2
SIM3
SIM4
1
21
22
SIM5
SIM1
SIM2
SIM3
SIM4
1
21
22
SIM5
SIM1
SIM2
SIM3
SIM4
1
21
22
SIM5
SIM1
SIM2
SIM3
SIM4
1
21
22
SIM5
SIM1
SIM2
SIM3
SIM4
1
21
22
SIM5
SIM1
SIM2
SIM3
SIM4
1
21
22
SIM5
SIM1
SIM2
SIM3
SIM4
1
21
22
SIM5
SIM1
SIM2
SIM3
SIM4
1
21
22
SIM5
SIM1
SIM2
SIM3
SIM4
1
21
22
SIM5
SIM1
SIM2
SIM3
SIM4
1
21
22
SIM5
SIM1
SIM2
SIM3
SIM4
1
21
22
SIM5
SIM1
SIM2
SIM3
SIM4
1
21
22
SIM5
SIM1
SIM2
SIM3
SIM4
1
21
22
SIM5
SIM1
SIM2
SIM3
SIM4
1
21
22
SIM5
SIM1
SIM2
SIM3
SIM4
1
21
22
SIM5
SIM1
SIM2
SIM3
SIM4
1
21
22
SIM5
SIM1
SIM2
SIM3
SIM4
1
21
22
SIM5
SIM1
SIM2
SIM3
SIM4
1
21
22
SIM5
SIM1
SIM2
SIM3
SIM4
1
21
22
SIM5
SIM1
SIM2
SIM3
SIM4
1
21
22
SIM5
SIM1
SIM2
SIM3
SIM4
1
21
22
SIM5
SIM1
SIM2
SIM3
SIM4
1
21
22
SIM5
SIM1
SIM2
SIM3
SIM4
1
21
22
SIM5
SIM1
SIM2
SIM3
SIM4
1
21
22
SIM5
SIM1
SIM2
SIM3
SIM4
1
21
22
SIM5
SIM1
SIM2
SIM3
SIM4
1
21
22
SIM5
SIM1
SIM2
SIM3
SIM4
1
21
22
SIM5
SIM1
SIM2
SIM3
SIM4
1
21
22
SIM5
SIM1
SIM2
SIM3
SIM4
1
21
22
SIM5
SIM1
SIM2
SIM3
SIM4
1
21
22
SIM5
SIM1
SIM2
SIM3
SIM4
1
21
22
SIM5
SIM1
SIM2
SIM3
SIM4
1
21
22
SIM5
SIM1
SIM2
SIM3
SIM4
1
21
22
SIM5
SIM1
SIM2
SIM3
SIM4
1
21
22
SIM5
SIM1
SIM2
SIM3
SIM4
1
21
22
SIM5
SIM1
SIM2
SIM3
SIM4
1
21
22
SIM5
SIM1
SIM2
SIM3
SIM4
1
21
22
SIM5
SIM1
SIM2
SIM3
SIM4
1
21
22
SIM5
SIM1
SIM2
SIM3
SIM4
1
21
22
SIM5
SIM1
SIM2
SIM3
SIM4
1
21
22
SIM5
SIM1
SIM2
SIM3
SIM4
1
21
22
SIM5
SIM1
SIM2
SIM3
SIM4
1
21
22
SIM5
SIM1
SIM2
SIM3
SIM4
1
21
22
SIM5
SIM1
SIM2
SIM3
SIM4
1
21
22
SIM5
SIM1
SIM2
SIM3
SIM4
1
21
22
SIM5
SIM1
SIM2
SIM3
SIM4
1
21
22
SIM5
SIM1
SIM2
SIM3
SIM4
1
21
22
SIM5
SIM1
SIM2
SIM3
SIM4
1
21
22
SIM5
SIM1
SIM2
SIM3
SIM4
1
21
22
SIM5
SIM1
SIM2
SIM3
SIM4
1
21
22
SIM5
SIM1
SIM2
SIM3
SIM4
1
21
22
SIM5
SIM1
SIM2
SIM3
SIM4
1
21
22
SIM5
SIM1
SIM2
SIM3
SIM4
1
21
22
SIM5
SIM1
SIM2
SIM3
SIM4
1
21
22
SIM5
SIM1
SIM2
SIM3
SIM4
1
21
22
SIM5
SIM1
SIM2
SIM3
SIM4
1
21
22
SIM5
SIM1
SIM2
SIM3
SIM4
1
21
22
SIM5
SIM1
SIM2
SIM3
SIM4
1
21
22
SIM5
SIM1
SIM2
SIM3
SIM4
1
21
22
SIM5
SIM1
SIM2
SIM3
SIM4
1
21
22
SIM5
SIM1
SIM2
SIM3
SIM4
1
21
22
SIM5
SIM1
SIM2
SIM3
SIM4
1
21
22
SIM5
SIM1
SIM2
SIM3
SIM4
1
21
22
SIM5
SIM1
SIM2
SIM3
SIM4
1
21
22
SIM5
SIM1
SIM2
SIM3
SIM4
1
21
22
SIM5
SIM1
SIM2
SIM3
SIM4
1
21
22
SIM5
SIM1
SIM2
SIM3
SIM4
1
21
22
SIM5
SIM1
SIM2
SIM3
SIM4
1
21
22
SIM5
SIM1
SIM2
SIM3
SIM4
1
21
22
SIM5
SIM1
SIM2
SIM3
SIM4
1
21
22
SIM5
SIM1
SIM2
SIM3
SIM4
1
21
22
SIM5
SIM1
SIM2
SIM3
SIM4
1
21
22
SIM5
SIM1
SIM2
SIM3
SIM4
1
21
22
SIM5
SIM1
SIM2
SIM3
SIM4
1
21
22
SIM5
SIM1
SIM2
SIM3
SIM4
1
21
22
SIM5
SIM1
SIM2
SIM3
SIM4
1
21
22
SIM5
SIM1
SIM2
SIM3
SIM4
1
21
22
SIM5
SIM1
SIM2
SIM3
SIM4
1
21
22
SIM5
SIM1
SIM2
SIM3
SIM4
1
21
22
SIM5
SIM1
SIM2
SIM3
SIM4
1
21
22
SIM5
SIM1
SIM2
SIM3
SIM4
1
21
22
SIM5
SIM1
SIM2
SIM3
SIM4
1
21
22
SIM5
SIM1
SIM2
SIM3
SIM4
1
21
22
SIM5
SIM1
SIM2
SIM3
SIM4
1
21
22
SIM5
SIM1
SIM2
SIM3
SIM4
1
21
22
SIM5
SIM1
SIM2
SIM3
SIM4
1
21
22
SIM5
SIM1
SIM2
SIM3
SIM4
1
21
22
SIM5
SIM1
SIM2
SIM3
SIM4
1
21
22
SIM5
SIM1
SIM2
SIM3
SIM4
1
21
22
SIM5
SIM1
SIM2
SIM3
SIM4
1
21
22
SIM5
SIM1
SIM2
SIM3
SIM4
1
21
22
SIM5
SIM1
SIM2
SIM3
SIM4
1
21
22
SIM5
SIM1
SIM2
SIM3
SIM4
1
21
22
SIM5
SIM1
SIM2
SIM3
SIM4
1
21
22
SIM5
SIM1
SIM2
SIM3
SIM4
1
21
22
SIM5
SIM1
SIM2
SIM3
SIM4
1
21
22
SIM5
SIM1
SIM2
SIM3
SIM4
1
21
22
SIM5
SIM1
SIM2
SIM3
SIM4
1
21
22
SIM5
SIM1
SIM2
SIM3
SIM4
1
21
22
SIM5
SIM1
SIM2
SIM3
SIM4
1
21
22
SIM5
SIM1
SIM2
SIM3
SIM4
1
21
22
SIM5
SIM1
SIM2
SIM3
SIM4
1
21
22
SIM5
SIM1
SIM2
SIM3
SIM4
1
21
22
SIM5
SIM1
SIM2
SIM3
SIM4
1
21
22
SIM5
SIM1
SIM2
SIM3
SIM4
1
21
22
SIM5
SIM1
SIM2
SIM3
SIM4
1
21
22
SIM5
SIM1
SIM2
SIM3
SIM4
1
21
22
SIM5
SIM1
SIM2
SIM3
SIM4
1
21
22
SIM5
SIM1
SIM2
SIM3
SIM4
1
21
22
SIM5
SIM1
SIM2
SIM3
SIM4
1
21
22
SIM5
SIM1
SIM2
SIM3
SIM4
1
21
22
SIM5
SIM1
SIM2
SIM3
SIM4
1
21
22
SIM5
SIM1
SIM2
SIM3
SIM4
1
21
22
SIM5
SIM1
SIM2
SIM3
SIM4
1
21
22
SIM5
SIM1
SIM2
SIM3
SIM4
1
21
22
SIM5
SIM1
SIM2
SIM3
SIM4
1
21
22
SIM5
SIM1
SIM2
SIM3
SIM4
1
21
22
SIM5
SIM1
SIM2
SIM3
SIM4
1
21
22
SIM5
SIM1
SIM2
SIM3
SIM4
1
21
22
SIM5
SIM1
SIM2
SIM3
SIM4
1
21
22
SIM5
SIM1
SIM2
SIM3
SIM4
1
21
22
SIM5
SIM1
SIM2
SIM3
SIM4
1
21
22
SIM5
SIM1
SIM2
SIM3
SIM4
1
21
22
SIM5
SIM1
SIM2
SIM3
SIM4
1
21
22
SIM5
SIM1
SIM2
SIM3
SIM4
1
21
22
SIM5
SIM1
SIM2
SIM3
SIM4
1
21
22
SIM5
SIM1
SIM2
SIM3
SIM4
1
21
22
SIM5
SIM1
SIM2
SIM3
SIM4
1
21
22
SIM5
SIM1
SIM2
SIM3
SIM4
1
21
22
SIM5
SIM1
SIM2
SIM3
SIM4
1
21
22
SIM5
SIM1
SIM2
SIM3
SIM4
1
21
22
SIM5
SIM1
SIM2
SIM3
SIM4
1
21
22
SIM5
SIM1
SIM2
SIM3
SIM4
1
21
22
SIM5
SIM1
SIM2
SIM3
SIM4
1
21
22
SIM5
SIM1
SIM2
SIM3
SIM4
1
21
22
SIM5
SIM1
SIM2
SIM3
SIM4
1
21
22
SIM5
SIM1
SIM2
SIM3
SIM4
1
21
22
SIM5
SIM1
SIM2
SIM3
SIM4
1
21
22
SIM5
SIM1
SIM2
SIM3
SIM4
1
21
22
SIM5
SIM1
SIM2
SIM3
SIM4
1
21
22
SIM5
SIM1
SIM2
SIM3
SIM4
1
21
22
SIM5
SIM1
SIM2
SIM3
SIM4
1
21
22
SIM5
SIM1
SIM2
SIM3
SIM4
1
21
22
SIM5
SIM1
SIM2
SIM3
SIM4
1
21
22
SIM5
SIM1
SIM2
SIM3
SIM4
1
21
22
SIM5
SIM1
SIM2
SIM3
SIM4
1
21
22
SIM5
SIM1
SIM2
DEBUG 1 158
SIM1
SIM2
SIM3
SIM4
1
21
22
SIM5
SIM1
SIM2
SIM3
SIM4
1
21
22
SIM5
SIM1
SIM2
SIM3
SIM4
1
21
22
SIM5
SIM1
SIM2
SIM3
SIM4
1
21
22
SIM5
SIM1
SIM2
SIM3
SIM4
1
21
22
SIM5
SIM1
SIM2
SIM3
SIM4
1
21
22
SIM5
SIM1
SIM2
SIM3
SIM4
1
21
22
SIM5
SIM1
SIM2
SIM3
SIM4
1
21
22
SIM5
SIM1
SIM2
SIM3
SIM4
1
21
22
SIM5
SIM1
SIM2
SIM3
SIM4
1
21
22
SIM5
SIM1
SIM2
SIM3
SIM4
1
21
22
SIM5
SIM1
SIM2
SIM3
SIM4
1
21
22
SIM5
SIM1
SIM2
SIM3
SIM4
1
21
22
SIM5
SIM1
SIM2
SIM3
SIM4
1
21
22
SIM5
SIM1
SIM2
SIM3
SIM4
1
21
22
SIM5
SIM1
SIM2
SIM3
SIM4
1
21
22
SIM5
SIM1
SIM2
SIM3
SIM4
1
21
22
SIM5
SIM1
SIM2
SIM3
SIM4
1
21
22
SIM5
SIM1
SIM2
SIM3
SIM4
1
21
22
SIM5
SIM1
SIM2
SIM3
SIM4
1
21
22
SIM5
SIM1
SIM2
SIM3
SIM4
1
21
22
SIM5
SIM1
SIM2
SIM3
SIM4
1
21
22
SIM5
SIM1
SIM2
SIM3
SIM4
1
21
22
SIM5
SIM1
SIM2
SIM3
SIM4
1
21
22
SIM5
SIM1
SIM2
SIM3
SIM4
1
21
22
SIM5
SIM1
SIM2
SIM3
SIM4
1
21
22
SIM5
SIM1
SIM2
SIM3
SIM4
1
21
22
SIM5
SIM1
SIM2
SIM3
SIM4
1
21
22
SIM5
SIM1
SIM2
SIM3
SIM4
1
21
22
SIM5
SIM1
SIM2
SIM3
SIM4
1
21
22
SIM5
SIM1
SIM2
SIM3
SIM4
1
21
22
SIM5
SIM1
SIM2
SIM3
SIM4
1
21
22
SIM5
SIM1
SIM2
SIM3
SIM4
1
21
22
SIM5
SIM1
SIM2
SIM3
SIM4
1
21
22
SIM5
SIM1
SIM2
SIM3
SIM4
1
21
22
SIM5
SIM1
SIM2
SIM3
SIM4
1
21
22
SIM5
SIM1
SIM2
SIM3
SIM4
1
21
22
SIM5
SIM1
SIM2
SIM3
SIM4
1
21
22
SIM5
SIM1
SIM2
SIM3
SIM4
1
21
22
SIM5
SIM1
SIM2
SIM3
SIM4
1
21
22
SIM5
SIM1
SIM2
SIM3
SIM4
1
21
22
SIM5
SIM1
SIM2
SIM3
SIM4
1
21
22
SIM5
SIM1
SIM2
SIM3
SIM4
1
21
22
SIM5
SIM1
SIM2
SIM3
SIM4
1
21
22
SIM5
SIM1
SIM2
SIM3
SIM4
1
21
22
SIM5
SIM1
SIM2
SIM3
SIM4
1
21
22
SIM5
SIM1
SIM2
SIM3
SIM4
1
21
22
SIM5
SIM1
SIM2
SIM3
SIM4
1
21
22
SIM5
SIM1
SIM2
SIM3
SIM4
1
21
22
SIM5
SIM1
SIM2
SIM3
SIM4
1
21
22
SIM5
SIM1
SIM2
SIM3
SIM4
1
21
22
SIM5
SIM1
SIM2
SIM3
SIM4
1
21
22
SIM5
SIM1
SIM2
SIM3
SIM4
1
21
22
SIM5
SIM1
SIM2
SIM3
SIM4
1
21
22
SIM5
SIM1
SIM2
SIM3
SIM4
1
21
22
SIM5
SIM1
SIM2
SIM3
SIM4
1
21
22
SIM5
SIM1
SIM2
SIM3
SIM4
1
21
22
SIM5
SIM1
SIM2
SIM3
SIM4
1
21
22
SIM5
SIM1
SIM2
SIM3
SIM4
1
21
22
SIM5
SIM1
SIM2
SIM3
SIM4
1
21
22
SIM5
SIM1
SIM2
SIM3
SIM4
1
21
22
SIM5
SIM1
SIM2
SIM3
SIM4
1
21
22
SIM5
SIM1
SIM2
SIM3
SIM4
1
21
22
SIM5
SIM1
SIM2
SIM3
SIM4
1
21
22
SIM5
SIM1
SIM2
SIM3
SIM4
1
21
22
SIM5
SIM1
SIM2
SIM3
SIM4
1
21
22
SIM5
SIM1
SIM2
SIM3
SIM4
1
21
22
SIM5
SIM1
SIM2
SIM3
SIM4
1
21
22
SIM5
SIM1
SIM2
SIM3
SIM4
1
21
22
SIM5
SIM1
SIM2
SIM3
SIM4
1
21
22
SIM5
SIM1
SIM2
SIM3
SIM4
1
21
22
SIM5
SIM1
SIM2
SIM3
SIM4
1
21
22
SIM5
SIM1
SIM2
SIM3
SIM4
1
21
22
SIM5
SIM1
SIM2
SIM3
SIM4
1
21
22
SIM5
SIM1
SIM2
SIM3
SIM4
1
21
22
SIM5
SIM1
SIM2
SIM3
SIM4
1
21
22
SIM5
SIM1
SIM2
SIM3
SIM4
1
21
22
SIM5
SIM1
SIM2
SIM3
SIM4
1
21
22
SIM5
SIM1
SIM2
SIM3
SIM4
1
21
22
SIM5
SIM1
SIM2
SIM3
SIM4
1
21
22
SIM5
SIM1
SIM2
SIM3
SIM4
1
21
22
SIM5
SIM1
SIM2
SIM3
SIM4
1
21
22
SIM5
SIM1
SIM2
SIM3
SIM4
1
21
22
SIM5
SIM1
SIM2
SIM3
SIM4
1
21
22
SIM5
SIM1
SIM2
SIM3
SIM4
1
21
22
SIM5
SIM1
SIM2
SIM3
SIM4
1
21
22
SIM5
SIM1
SIM2
SIM3
SIM4
1
21
22
SIM5
SIM1
SIM2
SIM3
SIM4
1
21
22
SIM5
SIM1
SIM2
SIM3
SIM4
1
21
22
SIM5
SIM1
SIM2
SIM3
SIM4
1
21
22
SIM5
SIM1
SIM2
SIM3
SIM4
1
21
22
SIM5
SIM1
SIM2
SIM3
SIM4
1
21
22
SIM5
SIM1
SIM2
SIM3
SIM4
1
21
22
SIM5
SIM1
SIM2
SIM3
SIM4
1
21
22
SIM5
SIM1
SIM2
SIM3
SIM4
1
21
22
SIM5
SIM1
SIM2
SIM3
SIM4
1
21
22
SIM5
SIM1
SIM2
SIM3
SIM4
1
21
22
SIM5
SIM1
SIM2
SIM3
SIM4
1
21
22
SIM5
SIM1
SIM2
SIM3
SIM4
1
21
22
SIM5
SIM1
SIM2
SIM3
SIM4
1
21
22
SIM5
SIM1
SIM2
SIM3
SIM4
1
21
22
SIM5
SIM1
SIM2
SIM3
SIM4
1
21
22
SIM5
SIM1
SIM2
SIM3
SIM4
1
21
22
SIM5
SIM1
SIM2
SIM3
SIM4
1
21
22
SIM5
SIM1
SIM2
SIM3
SIM4
1
21
22
SIM5
SIM1
SIM2
SIM3
SIM4
1
21
22
SIM5
SIM1
SIM2
SIM3
SIM4
1
21
22
SIM5
SIM1
SIM2
SIM3
SIM4
1
21
22
SIM5
SIM1
SIM2
SIM3
SIM4
1
21
22
SIM5
SIM1
SIM2
SIM3
SIM4
1
21
22
SIM5
SIM1
SIM2
SIM3
SIM4
1
21
22
SIM5
SIM1
SIM2
SIM3
SIM4
1
21
22
SIM5
SIM1
SIM2
SIM3
SIM4
1
21
22
SIM5
SIM1
SIM2
SIM3
SIM4
1
21
22
SIM5
SIM1
SIM2
SIM3
SIM4
1
21
22
SIM5
SIM1
SIM2
SIM3
SIM4
1
21
22
SIM5
SIM1
SIM2
SIM3
SIM4
1
21
22
SIM5
SIM1
SIM2
SIM3
SIM4
1
21
22
SIM5
SIM1
SIM2
SIM3
SIM4
1
21
22
SIM5
SIM1
SIM2
SIM3
SIM4
1
21
22
SIM5
SIM1
SIM2
SIM3
SIM4
1
21
22
SIM5
SIM1
SIM2
SIM3
SIM4
1
21
22
SIM5
SIM1
SIM2
SIM3
SIM4
1
21
22
SIM5
SIM1
SIM2
SIM3
SIM4
1
21
22
SIM5
SIM1
SIM2
SIM3
SIM4
1
21
22
SIM5
SIM1
SIM2
SIM3
SIM4
1
21
22
SIM5
SIM1
SIM2
SIM3
SIM4
1
21
22
SIM5
SIM1
SIM2
SIM3
SIM4
1
21
22
SIM5
SIM1
SIM2
SIM3
SIM4
1
21
22
SIM5
SIM1
SIM2
SIM3
SIM4
1
21
22
SIM5
SIM1
SIM2
SIM3
SIM4
1
21
22
SIM5
SIM1
SIM2
SIM3
SIM4
1
21
22
SIM5
SIM1
SIM2
DEBUG 1 159
SIM1
SIM2
SIM3
SIM4
1
21
22
SIM5
SIM1
SIM2
SIM3
SIM4
1
21
22
SIM5
SIM1
SIM2
SIM3
SIM4
1
21
22
SIM5
SIM1
SIM2
SIM3
SIM4
1
21
22
SIM5
SIM1
SIM2
SIM3
SIM4
1
21
22
SIM5
SIM1
SIM2
SIM3
SIM4
1
21
22
SIM5
SIM1
SIM2
SIM3
SIM4
1
21
22
SIM5
SIM1
SIM2
SIM3
SIM4
1
21
22
SIM5
SIM1
SIM2
SIM3
SIM4
1
21
22
SIM5
SIM1
SIM2
SIM3
SIM4
1
21
22
SIM5
SIM1
SIM2
SIM3
SIM4
1
21
22
SIM5
SIM1
SIM2
SIM3
SIM4
1
21
22
SIM5
SIM1
SIM2
SIM3
SIM4
1
21
22
SIM5
SIM1
SIM2
SIM3
SIM4
1
21
22
SIM5
SIM1
SIM2
SIM3
SIM4
1
21
22
SIM5
SIM1
SIM2
SIM3
SIM4
1
21
22
SIM5
SIM1
SIM2
SIM3
SIM4
1
21
22
SIM5
SIM1
SIM2
SIM3
SIM4
1
21
22
SIM5
SIM1
SIM2
SIM3
SIM4
1
21
22
SIM5
SIM1
SIM2
SIM3
SIM4
1
21
22
SIM5
SIM1
SIM2
SIM3
SIM4
1
21
22
SIM5
SIM1
SIM2
SIM3
SIM4
1
21
22
SIM5
SIM1
SIM2
SIM3
SIM4
1
21
22
SIM5
SIM1
SIM2
SIM3
SIM4
1
21
22
SIM5
SIM1
SIM2
SIM3
SIM4
1
21
22
SIM5
SIM1
SIM2
SIM3
SIM4
1
21
22
SIM5
SIM1
SIM2
SIM3
SIM4
1
21
22
SIM5
SIM1
SIM2
SIM3
SIM4
1
21
22
SIM5
SIM1
SIM2
SIM3
SIM4
1
21
22
SIM5
SIM1
SIM2
SIM3
SIM4
1
21
22
SIM5
SIM1
SIM2
SIM3
SIM4
1
21
22
SIM5
SIM1
SIM2
SIM3
SIM4
1
21
22
SIM5
SIM1
SIM2
SIM3
SIM4
1
21
22
SIM5
SIM1
SIM2
SIM3
SIM4
1
21
22
SIM5
SIM1
SIM2
SIM3
SIM4
1
21
22
SIM5
SIM1
SIM2
SIM3
SIM4
1
21
22
SIM5
SIM1
SIM2
SIM3
SIM4
1
21
22
SIM5
SIM1
SIM2
SIM3
SIM4
1
21
22
SIM5
SIM1
SIM2
SIM3
SIM4
1
21
22
SIM5
SIM1
SIM2
SIM3
SIM4
1
21
22
SIM5
SIM1
SIM2
SIM3
SIM4
1
21
22
SIM5
SIM1
SIM2
SIM3
SIM4
1
21
22
SIM5
SIM1
SIM2
SIM3
SIM4
1
21
22
SIM5
SIM1
SIM2
SIM3
SIM4
1
21
22
SIM5
SIM1
SIM2
SIM3
SIM4
1
21
22
SIM5
SIM1
SIM2
SIM3
SIM4
1
21
22
SIM5
SIM1
SIM2
SIM3
SIM4
1
21
22
SIM5
SIM1
SIM2
SIM3
SIM4
1
21
22
SIM5
SIM1
SIM2
SIM3
SIM4
1
21
22
SIM5
SIM1
SIM2
SIM3
SIM4
1
21
22
SIM5
SIM1
SIM2
SIM3
SIM4
1
21
22
SIM5
SIM1
SIM2
SIM3
SIM4
1
21
22
SIM5
SIM1
SIM2
SIM3
SIM4
1
21
22
SIM5
SIM1
SIM2
SIM3
SIM4
1
21
22
SIM5
SIM1
SIM2
SIM3
SIM4
1
21
22
SIM5
SIM1
SIM2
SIM3
SIM4
1
21
22
SIM5
SIM1
SIM2
SIM3
SIM4
1
21
22
SIM5
SIM1
SIM2
SIM3
SIM4
1
21
22
SIM5
SIM1
SIM2
SIM3
SIM4
1
21
22
SIM5
SIM1
SIM2
SIM3
SIM4
1
21
22
SIM5
SIM1
SIM2
SIM3
SIM4
1
21
22
SIM5
SIM1
SIM2
SIM3
SIM4
1
21
22
SIM5
SIM1
SIM2
SIM3
SIM4
1
21
22
SIM5
SIM1
SIM2
SIM3
SIM4
1
21
22
SIM5
SIM1
SIM2
SIM3
SIM4
1
21
22
SIM5
SIM1
SIM2
SIM3
SIM4
1
21
22
SIM5
SIM1
SIM2
SIM3
SIM4
1
21
22
SIM5
SIM1
SIM2
SIM3
SIM4
1
21
22
SIM5
SIM1
SIM2
SIM3
SIM4
1
21
22
SIM5
SIM1
SIM2
SIM3
SIM4
1
21
22
SIM5
SIM1
SIM2
SIM3
SIM4
1
21
22
SIM5
SIM1
SIM2
SIM3
SIM4
1
21
22
SIM5
SIM1
SIM2
SIM3
SIM4
1
21
22
SIM5
SIM1
SIM2
SIM3
SIM4
1
21
22
SIM5
SIM1
SIM2
SIM3
SIM4
1
21
22
SIM5
SIM1
SIM2
SIM3
SIM4
1
21
22
SIM5
SIM1
SIM2
SIM3
SIM4
1
21
22
SIM5
SIM1
SIM2
SIM3
SIM4
1
21
22
SIM5
SIM1
SIM2
SIM3
SIM4
1
21
22
SIM5
SIM1
SIM2
SIM3
SIM4
1
21
22
SIM5
SIM1
SIM2
SIM3
SIM4
1
21
22
SIM5
SIM1
SIM2
SIM3
SIM4
1
21
22
SIM5
SIM1
SIM2
SIM3
SIM4
1
21
22
SIM5
SIM1
SIM2
SIM3
SIM4
1
21
22
SIM5
SIM1
SIM2
SIM3
SIM4
1
21
22
SIM5
SIM1
SIM2
SIM3
SIM4
1
21
22
SIM5
SIM1
SIM2
SIM3
SIM4
1
21
22
SIM5
SIM1
SIM2
SIM3
SIM4
1
21
22
SIM5
SIM1
SIM2
SIM3
SIM4
1
21
22
SIM5
SIM1
SIM2
SIM3
SIM4
1
21
22
SIM5
SIM1
SIM2
SIM3
SIM4
1
21
22
SIM5
SIM1
SIM2
SIM3
SIM4
1
21
22
SIM5
SIM1
SIM2
SIM3
SIM4
1
21
22
SIM5
SIM1
SIM2
SIM3
SIM4
1
21
22
SIM5
SIM1
SIM2
SIM3
SIM4
1
21
22
SIM5
SIM1
SIM2
SIM3
SIM4
1
21
22
SIM5
SIM1
SIM2
SIM3
SIM4
1
21
22
SIM5
SIM1
SIM2
SIM3
SIM4
1
21
22
SIM5
SIM1
SIM2
SIM3
SIM4
1
21
22
SIM5
SIM1
SIM2
SIM3
SIM4
1
21
22
SIM5
SIM1
SIM2
SIM3
SIM4
1
21
22
SIM5
SIM1
SIM2
SIM3
SIM4
1
21
22
SIM5
SIM1
SIM2
SIM3
SIM4
1
21
22
SIM5
SIM1
SIM2
SIM3
SIM4
1
21
22
SIM5
SIM1
SIM2
SIM3
SIM4
1
21
22
SIM5
SIM1
SIM2
SIM3
SIM4
1
21
22
SIM5
SIM1
SIM2
SIM3
SIM4
1
21
22
SIM5
SIM1
SIM2
SIM3
SIM4
1
21
22
SIM5
SIM1
SIM2
SIM3
SIM4
1
21
22
SIM5
SIM1
SIM2
SIM3
SIM4
1
21
22
SIM5
SIM1
SIM2
SIM3
SIM4
1
21
22
SIM5
SIM1
SIM2
SIM3
SIM4
1
21
22
SIM5
SIM1
SIM2
SIM3
SIM4
1
21
22
SIM5
SIM1
SIM2
SIM3
SIM4
1
21
22
SIM5
SIM1
SIM2
SIM3
SIM4
1
21
22
SIM5
SIM1
SIM2
SIM3
SIM4
1
21
22
SIM5
SIM1
SIM2
SIM3
SIM4
1
21
22
SIM5
SIM1
SIM2
SIM3
SIM4
1
21
22
SIM5
SIM1
SIM2
SIM3
SIM4
1
21
22
SIM5
SIM1
SIM2
SIM3
SIM4
1
21
22
SIM5
SIM1
SIM2
SIM3
SIM4
1
21
22
SIM5
SIM1
SIM2
SIM3
SIM4
1
21
22
SIM5
SIM1
SIM2
SIM3
SIM4
1
21
22
SIM5
SIM1
SIM2
SIM3
SIM4
1
21
22
SIM5
SIM1
SIM2
SIM3
SIM4
1
21
22
SIM5
SIM1
SIM2
SIM3
SIM4
1
21
22
SIM5
SIM1
SIM2
SIM3
SIM4
1
21
22
SIM5
SIM1
SIM2
SIM3
SIM4
1
21
22
SIM5
SIM1
SIM2
SIM3
SIM4
1
21
22
SIM5
SIM1
SIM2
SIM3
SIM4
1
21
22
SIM5
SIM1
SIM2
SIM3
SIM4
1
21
22
SIM5
SIM1
SIM2
SIM3
SIM4
1
21
22
SIM5
SIM1
SIM2
SIM3
SIM4
1
21
22
SIM5
SIM1
SIM2
SIM3
SIM4
1
21
22
SIM5
SIM1
SIM2
SIM3
SIM4
1
21
22
SIM5
SIM1
SIM2
SIM3
SIM4
1
21
22
SIM5
SIM1
SIM2
SIM3
SIM4
1
21
22
SIM5
SIM1
SIM2
SIM3
SIM4
1
21
22
SIM5
SIM1
SIM2
SIM3
SIM4
1
21
22
SIM5
SIM1
SIM2
SIM3
SIM4
1
21
22
SIM5
SIM1
SIM2
SIM3
SIM4
1
21
22
SIM5
SIM1
SIM2
SIM3
SIM4
1
21
22
SIM5
SIM1
SIM2
SIM3
SIM4
1
21
22
SIM5
SIM1
SIM2
SIM3
SIM4
1
21
22
SIM5
SIM1
SIM2
SIM3
SIM4
1
21
22
SIM5
SIM1
SIM2
SIM3
SIM4
1
21
22
SIM5
SIM1
SIM2
SIM3
SIM4
1
21
22
SIM5
SIM1
SIM2
SIM3
SIM4
1
21
22
SIM5
SIM1
SIM2
SIM3
SIM4
1
21
22
SIM5
SIM1
SIM2
SIM3
SIM4
1
21
22
SIM5
SIM1
SIM2
SIM3
SIM4
1
21
22
SIM5
SIM1
SIM2
SIM3
SIM4
1
21
22
SIM5
SIM1
SIM2
SIM3
SIM4
1
21
22
SIM5
SIM1
SIM2
SIM3
SIM4
1
21
22
SIM5
SIM1
SIM2
SIM3
SIM4
1
21
22
SIM5
SIM1
SIM2
SIM3
SIM4
1
21
22
SIM5
SIM1
SIM2
SIM3
SIM4
1
21
22
SIM5
SIM1
SIM2
SIM3
SIM4
1
21
22
SIM5
SIM1
SIM2
SIM3
SIM4
1
21
22
SIM5
SIM1
SIM2
SIM3
SIM4
1
21
22
SIM5
SIM1
SIM2
SIM3
SIM4
1
21
22
SIM5
SIM1
SIM2
SIM3
SIM4
1
21
22
SIM5
SIM1
SIM2
SIM3
SIM4
1
21
22
SIM5
SIM1
SIM2
SIM3
SIM4
1
21
22
SIM5
SIM1
SIM2
SIM3
SIM4
1
21
22
SIM5
SIM1
SIM2
SIM3
SIM4
1
21
22
SIM5
SIM1
SIM2
SIM3
SIM4
1
21
22
SIM5
SIM1
SIM2
SIM3
SIM4
1
21
22
SIM5
SIM1
SIM2
SIM3
SIM4
1
21
22
SIM5
SIM1
SIM2
SIM3
SIM4
1
21
22
SIM5
SIM1
SIM2
SIM3
SIM4
1
21
22
SIM5
SIM1
SIM2
SIM3
SIM4
1
21
22
SIM5
SIM1
SIM2
SIM3
SIM4
1
21
22
SIM5
SIM1
SIM2
SIM3
SIM4
1
21
22
SIM5
SIM1
SIM2
SIM3
SIM4
1
21
22
SIM5
SIM1
SIM2
SIM3
SIM4
1
21
22
SIM5
SIM1
SIM2
SIM3
SIM4
1
21
22
SIM5
SIM1
SIM2
SIM3
SIM4
1
21
22
SIM5
SIM1
SIM2
SIM3
SIM4
1
21
22
SIM5
SIM1
SIM2
SIM3
SIM4
1
21
22
SIM5
SIM1
SIM2
SIM3
SIM4
1
21
22
SIM5
SIM1
SIM2
SIM3
SIM4
1
21
22
SIM5
SIM1
SIM2
SIM3
SIM4
1
21
22
SIM5
SIM1
SIM2
SIM3
SIM4
1
21
22
SIM5
SIM1
SIM2
SIM3
SIM4
1
21
22
SIM5
SIM1
SIM2
SIM3
SIM4
1
21
22
SIM5
SIM1
SIM2
SIM3
SIM4
1
21
22
SIM5
SIM1
SIM2
SIM3
SIM4
1
21
22
SIM5
SIM1
SIM2
SIM3
SIM4
1
21
22
SIM5
SIM1
SIM2
SIM3
SIM4
1
21
22
SIM5
SIM1
SIM2
SIM3
SIM4
1
21
22
SIM5
SIM1
SIM2
SIM3
SIM4
1
21
22
SIM5
SIM1
SIM2
SIM3
SIM4
1
21
22
SIM5
SIM1
SIM2
DEBUG 1 160
SIM1
SIM2
SIM3
SIM4
1
21
22
SIM5
SIM1
SIM2
SIM3
SIM4
1
21
22
SIM5
SIM1
SIM2
SIM3
SIM4
1
21
22
SIM5
SIM1
SIM2
SIM3
SIM4
1
21
22
SIM5
SIM1
SIM2
SIM3
SIM4
1
21
22
SIM5
SIM1
SIM2
SIM3
SIM4
1
21
22
SIM5
SIM1
SIM2
SIM3
SIM4
1
21
22
SIM5
SIM1
SIM2
SIM3
SIM4
1
21
22
SIM5
SIM1
SIM2
SIM3
SIM4
1
21
22
SIM5
SIM1
SIM2
SIM3
SIM4
1
21
22
SIM5
SIM1
SIM2
SIM3
SIM4
1
21
22
SIM5
SIM1
SIM2
SIM3
SIM4
1
21
22
SIM5
SIM1
SIM2
SIM3
SIM4
1
21
22
SIM5
SIM1
SIM2
SIM3
SIM4
1
21
22
SIM5
SIM1
SIM2
SIM3
SIM4
1
21
22
SIM5
SIM1
SIM2
SIM3
SIM4
1
21
22
SIM5
SIM1
SIM2
SIM3
SIM4
1
21
22
SIM5
SIM1
SIM2
SIM3
SIM4
1
21
22
SIM5
SIM1
SIM2
SIM3
SIM4
1
21
22
SIM5
SIM1
SIM2
SIM3
SIM4
1
21
22
SIM5
SIM1
SIM2
SIM3
SIM4
1
21
22
SIM5
SIM1
SIM2
SIM3
SIM4
1
21
22
SIM5
SIM1
SIM2
SIM3
SIM4
1
21
22
SIM5
SIM1
SIM2
SIM3
SIM4
1
21
22
SIM5
SIM1
SIM2
SIM3
SIM4
1
21
22
SIM5
SIM1
SIM2
SIM3
SIM4
1
21
22
SIM5
SIM1
SIM2
SIM3
SIM4
1
21
22
SIM5
SIM1
SIM2
SIM3
SIM4
1
21
22
SIM5
SIM1
SIM2
SIM3
SIM4
1
21
22
SIM5
SIM1
SIM2
SIM3
SIM4
1
21
22
SIM5
SIM1
SIM2
SIM3
SIM4
1
21
22
SIM5
SIM1
SIM2
SIM3
SIM4
1
21
22
SIM5
SIM1
SIM2
SIM3
SIM4
1
21
22
SIM5
SIM1
SIM2
SIM3
SIM4
1
21
22
SIM5
SIM1
SIM2
SIM3
SIM4
1
21
22
SIM5
SIM1
SIM2
SIM3
SIM4
1
21
22
SIM5
SIM1
SIM2
SIM3
SIM4
1
21
22
SIM5
SIM1
SIM2
SIM3
SIM4
1
21
22
SIM5
SIM1
SIM2
SIM3
SIM4
1
21
22
SIM5
SIM1
SIM2
SIM3
SIM4
1
21
22
SIM5
SIM1
SIM2
SIM3
SIM4
1
21
22
SIM5
SIM1
SIM2
SIM3
SIM4
1
21
22
SIM5
SIM1
SIM2
SIM3
SIM4
1
21
22
SIM5
SIM1
SIM2
SIM3
SIM4
1
21
22
SIM5
SIM1
SIM2
SIM3
SIM4
1
21
22
SIM5
SIM1
SIM2
SIM3
SIM4
1
21
22
SIM5
SIM1
SIM2
SIM3
SIM4
1
21
22
SIM5
SIM1
SIM2
SIM3
SIM4
1
21
22
SIM5
SIM1
SIM2
SIM3
SIM4
1
21
22
SIM5
SIM1
SIM2
SIM3
SIM4
1
21
22
SIM5
SIM1
SIM2
SIM3
SIM4
1
21
22
SIM5
SIM1
SIM2
SIM3
SIM4
1
21
22
SIM5
SIM1
SIM2
SIM3
SIM4
1
21
22
SIM5
SIM1
SIM2
SIM3
SIM4
1
21
22
SIM5
SIM1
SIM2
SIM3
SIM4
1
21
22
SIM5
SIM1
SIM2
SIM3
SIM4
1
21
22
SIM5
SIM1
SIM2
SIM3
SIM4
1
21
22
SIM5
SIM1
SIM2
SIM3
SIM4
1
21
22
SIM5
SIM1
SIM2
SIM3
SIM4
1
21
22
SIM5
SIM1
SIM2
SIM3
SIM4
1
21
22
SIM5
SIM1
SIM2
SIM3
SIM4
1
21
22
SIM5
SIM1
SIM2
SIM3
SIM4
1
21
22
SIM5
SIM1
SIM2
SIM3
SIM4
1
21
22
SIM5
SIM1
SIM2
SIM3
SIM4
1
21
22
SIM5
SIM1
SIM2
SIM3
SIM4
1
21
22
SIM5
SIM1
SIM2
SIM3
SIM4
1
21
22
SIM5
SIM1
SIM2
SIM3
SIM4
1
21
22
SIM5
SIM1
SIM2
SIM3
SIM4
1
21
22
SIM5
SIM1
SIM2
SIM3
SIM4
1
21
22
SIM5
SIM1
SIM2
SIM3
SIM4
1
21
22
SIM5
SIM1
SIM2
SIM3
SIM4
1
21
22
SIM5
SIM1
SIM2
SIM3
SIM4
1
21
22
SIM5
SIM1
SIM2
SIM3
SIM4
1
21
22
SIM5
SIM1
SIM2
SIM3
SIM4
1
21
22
SIM5
SIM1
SIM2
SIM3
SIM4
1
21
22
SIM5
SIM1
SIM2
SIM3
SIM4
1
21
22
SIM5
SIM1
SIM2
SIM3
SIM4
1
21
22
SIM5
SIM1
SIM2
SIM3
SIM4
1
21
22
SIM5
SIM1
SIM2
SIM3
SIM4
1
21
22
SIM5
SIM1
SIM2
SIM3
SIM4
1
21
22
SIM5
SIM1
SIM2
SIM3
SIM4
1
21
22
SIM5
SIM1
SIM2
SIM3
SIM4
1
21
22
SIM5
SIM1
SIM2
SIM3
SIM4
1
21
22
SIM5
SIM1
SIM2
SIM3
SIM4
1
21
22
SIM5
SIM1
SIM2
SIM3
SIM4
1
21
22
SIM5
SIM1
SIM2
SIM3
SIM4
1
21
22
SIM5
SIM1
SIM2
SIM3
SIM4
1
21
22
SIM5
SIM1
SIM2
SIM3
SIM4
1
21
22
SIM5
SIM1
SIM2
SIM3
SIM4
1
21
22
SIM5
SIM1
SIM2
SIM3
SIM4
1
21
22
SIM5
SIM1
SIM2
SIM3
SIM4
1
21
22
SIM5
SIM1
SIM2
SIM3
SIM4
1
21
22
SIM5
SIM1
SIM2
SIM3
SIM4
1
21
22
SIM5
SIM1
SIM2
SIM3
SIM4
1
21
22
SIM5
SIM1
SIM2
SIM3
SIM4
1
21
22
SIM5
SIM1
SIM2
SIM3
SIM4
1
21
22
SIM5
SIM1
SIM2
SIM3
SIM4
1
21
22
SIM5
SIM1
SIM2
SIM3
SIM4
1
21
22
SIM5
SIM1
SIM2
SIM3
SIM4
1
21
22
SIM5
SIM1
SIM2
SIM3
SIM4
1
21
22
SIM5
SIM1
SIM2
SIM3
SIM4
1
21
22
SIM5
SIM1
SIM2
SIM3
SIM4
1
21
22
SIM5
SIM1
SIM2
SIM3
SIM4
1
21
22
SIM5
SIM1
SIM2
SIM3
SIM4
1
21
22
SIM5
SIM1
SIM2
SIM3
SIM4
1
21
22
SIM5
SIM1
SIM2
SIM3
SIM4
1
21
22
SIM5
SIM1
SIM2
SIM3
SIM4
1
21
22
SIM5
SIM1
SIM2
SIM3
SIM4
1
21
22
SIM5
SIM1
SIM2
SIM3
SIM4
1
21
22
SIM5
SIM1
SIM2
SIM3
SIM4
1
21
22
SIM5
SIM1
SIM2
SIM3
SIM4
1
21
22
SIM5
SIM1
SIM2
SIM3
SIM4
1
21
22
SIM5
SIM1
SIM2
SIM3
SIM4
1
21
22
SIM5
SIM1
SIM2
SIM3
SIM4
1
21
22
SIM5
SIM1
SIM2
SIM3
SIM4
1
21
22
SIM5
SIM1
SIM2
SIM3
SIM4
1
21
22
SIM5
SIM1
SIM2
SIM3
SIM4
1
21
22
SIM5
SIM1
SIM2
SIM3
SIM4
1
21
22
SIM5
SIM1
SIM2
SIM3
SIM4
1
21
22
SIM5
SIM1
SIM2
SIM3
SIM4
1
21
22
SIM5
SIM1
SIM2
SIM3
SIM4
1
21
22
SIM5
SIM1
SIM2
SIM3
SIM4
1
21
22
SIM5
SIM1
SIM2
SIM3
SIM4
1
21
22
SIM5
SIM1
SIM2
SIM3
SIM4
1
21
22
SIM5
SIM1
SIM2
SIM3
SIM4
1
21
22
SIM5
SIM1
SIM2
SIM3
SIM4
1
21
22
SIM5
SIM1
SIM2
SIM3
SIM4
1
21
22
SIM5
SIM1
SIM2
SIM3
SIM4
1
21
22
SIM5
SIM1
SIM2
SIM3
SIM4
1
21
22
SIM5
SIM1
SIM2
SIM3
SIM4
1
21
22
SIM5
SIM1
SIM2
DEBUG 1 161
SIM1
SIM2
SIM3
SIM4
1
21
22
SIM5
SIM1
SIM2
SIM3
SIM4
1
21
22
SIM5
SIM1
SIM2
SIM3
SIM4
1
21
22
SIM5
SIM1
SIM2
SIM3
SIM4
1
21
22
SIM5
SIM1
SIM2
SIM3
SIM4
1
21
22
SIM5
SIM1
SIM2
SIM3
SIM4
1
21
22
SIM5
SIM1
SIM2
SIM3
SIM4
1
21
22
SIM5
SIM1
SIM2
SIM3
SIM4
1
21
22
SIM5
SIM1
SIM2
SIM3
SIM4
1
21
22
SIM5
SIM1
SIM2
SIM3
SIM4
1
21
22
SIM5
SIM1
SIM2
SIM3
SIM4
1
21
22
SIM5
SIM1
SIM2
SIM3
SIM4
1
21
22
SIM5
SIM1
SIM2
SIM3
SIM4
1
21
22
SIM5
SIM1
SIM2
SIM3
SIM4
1
21
22
SIM5
SIM1
SIM2
SIM3
SIM4
1
21
22
SIM5
SIM1
SIM2
SIM3
SIM4
1
21
22
SIM5
SIM1
SIM2
SIM3
SIM4
1
21
22
SIM5
SIM1
SIM2
SIM3
SIM4
1
21
22
SIM5
SIM1
SIM2
SIM3
SIM4
1
21
22
SIM5
SIM1
SIM2
SIM3
SIM4
1
21
22
SIM5
SIM1
SIM2
SIM3
SIM4
1
21
22
SIM5
SIM1
SIM2
SIM3
SIM4
1
21
22
SIM5
SIM1
SIM2
SIM3
SIM4
1
21
22
SIM5
SIM1
SIM2
SIM3
SIM4
1
21
22
SIM5
SIM1
SIM2
SIM3
SIM4
1
21
22
SIM5
SIM1
SIM2
SIM3
SIM4
1
21
22
SIM5
SIM1
SIM2
SIM3
SIM4
1
21
22
SIM5
SIM1
SIM2
SIM3
SIM4
1
21
22
SIM5
SIM1
SIM2
SIM3
SIM4
1
21
22
SIM5
SIM1
SIM2
SIM3
SIM4
1
21
22
SIM5
SIM1
SIM2
SIM3
SIM4
1
21
22
SIM5
SIM1
SIM2
SIM3
SIM4
1
21
22
SIM5
SIM1
SIM2
SIM3
SIM4
1
21
22
SIM5
SIM1
SIM2
SIM3
SIM4
1
21
22
SIM5
SIM1
SIM2
SIM3
SIM4
1
21
22
SIM5
SIM1
SIM2
SIM3
SIM4
1
21
22
SIM5
SIM1
SIM2
SIM3
SIM4
1
21
22
SIM5
SIM1
SIM2
SIM3
SIM4
1
21
22
SIM5
SIM1
SIM2
SIM3
SIM4
1
21
22
SIM5
SIM1
SIM2
SIM3
SIM4
1
21
22
SIM5
SIM1
SIM2
SIM3
SIM4
1
21
22
SIM5
SIM1
SIM2
SIM3
SIM4
1
21
22
SIM5
SIM1
SIM2
SIM3
SIM4
1
21
22
SIM5
SIM1
SIM2
SIM3
SIM4
1
21
22
SIM5
SIM1
SIM2
SIM3
SIM4
1
21
22
SIM5
SIM1
SIM2
SIM3
SIM4
1
21
22
SIM5
SIM1
SIM2
SIM3
SIM4
1
21
22
SIM5
SIM1
SIM2
SIM3
SIM4
1
21
22
SIM5
SIM1
SIM2
SIM3
SIM4
1
21
22
SIM5
SIM1
SIM2
SIM3
SIM4
1
21
22
SIM5
SIM1
SIM2
SIM3
SIM4
1
21
22
SIM5
SIM1
SIM2
SIM3
SIM4
1
21
22
SIM5
SIM1
SIM2
SIM3
SIM4
1
21
22
SIM5
SIM1
SIM2
SIM3
SIM4
1
21
22
SIM5
SIM1
SIM2
SIM3
SIM4
1
21
22
SIM5
SIM1
SIM2
SIM3
SIM4
1
21
22
SIM5
SIM1
SIM2
SIM3
SIM4
1
21
22
SIM5
SIM1
SIM2
SIM3
SIM4
1
21
22
SIM5
SIM1
SIM2
SIM3
SIM4
1
21
22
SIM5
SIM1
SIM2
SIM3
SIM4
1
21
22
SIM5
SIM1
SIM2
SIM3
SIM4
1
21
22
SIM5
SIM1
SIM2
SIM3
SIM4
1
21
22
SIM5
SIM1
SIM2
SIM3
SIM4
1
21
22
SIM5
SIM1
SIM2
SIM3
SIM4
1
21
22
SIM5
SIM1
SIM2
SIM3
SIM4
1
21
22
SIM5
SIM1
SIM2
SIM3
SIM4
1
21
22
SIM5
SIM1
SIM2
SIM3
SIM4
1
21
22
SIM5
SIM1
SIM2
SIM3
SIM4
1
21
22
SIM5
SIM1
SIM2
SIM3
SIM4
1
21
22
SIM5
SIM1
SIM2
SIM3
SIM4
1
21
22
SIM5
SIM1
SIM2
SIM3
SIM4
1
21
22
SIM5
SIM1
SIM2
SIM3
SIM4
1
21
22
SIM5
SIM1
SIM2
SIM3
SIM4
1
21
22
SIM5
SIM1
SIM2
SIM3
SIM4
1
21
22
SIM5
SIM1
SIM2
SIM3
SIM4
1
21
22
SIM5
SIM1
SIM2
SIM3
SIM4
1
21
22
SIM5
SIM1
SIM2
SIM3
SIM4
1
21
22
SIM5
SIM1
SIM2
SIM3
SIM4
1
21
22
SIM5
SIM1
SIM2
SIM3
SIM4
1
21
22
SIM5
SIM1
SIM2
SIM3
SIM4
1
21
22
SIM5
SIM1
SIM2
SIM3
SIM4
1
21
22
SIM5
SIM1
SIM2
SIM3
SIM4
1
21
22
SIM5
SIM1
SIM2
SIM3
SIM4
1
21
22
SIM5
SIM1
SIM2
SIM3
SIM4
1
21
22
SIM5
SIM1
SIM2
SIM3
SIM4
1
21
22
SIM5
SIM1
SIM2
SIM3
SIM4
1
21
22
SIM5
SIM1
SIM2
SIM3
SIM4
1
21
22
SIM5
SIM1
SIM2
SIM3
SIM4
1
21
22
SIM5
SIM1
SIM2
SIM3
SIM4
1
21
22
SIM5
SIM1
SIM2
SIM3
SIM4
1
21
22
SIM5
SIM1
SIM2
SIM3
SIM4
1
21
22
SIM5
SIM1
SIM2
SIM3
SIM4
1
21
22
SIM5
SIM1
SIM2
SIM3
SIM4
1
21
22
SIM5
SIM1
SIM2
SIM3
SIM4
1
21
22
SIM5
SIM1
SIM2
SIM3
SIM4
1
21
22
SIM5
SIM1
SIM2
SIM3
SIM4
1
21
22
SIM5
SIM1
SIM2
SIM3
SIM4
1
21
22
SIM5
SIM1
SIM2
SIM3
SIM4
1
21
22
SIM5
SIM1
SIM2
SIM3
SIM4
1
21
22
SIM5
SIM1
SIM2
SIM3
SIM4
1
21
22
SIM5
SIM1
SIM2
SIM3
SIM4
1
21
22
SIM5
SIM1
SIM2
SIM3
SIM4
1
21
22
SIM5
SIM1
SIM2
SIM3
SIM4
1
21
22
SIM5
SIM1
SIM2
SIM3
SIM4
1
21
22
SIM5
SIM1
SIM2
SIM3
SIM4
1
21
22
SIM5
SIM1
SIM2
SIM3
SIM4
1
21
22
SIM5
SIM1
SIM2
SIM3
SIM4
1
21
22
SIM5
SIM1
SIM2
SIM3
SIM4
1
21
22
SIM5
SIM1
SIM2
SIM3
SIM4
1
21
22
SIM5
SIM1
SIM2
SIM3
SIM4
1
21
22
SIM5
SIM1
SIM2
SIM3
SIM4
1
21
22
SIM5
SIM1
SIM2
SIM3
SIM4
1
21
22
SIM5
SIM1
SIM2
SIM3
SIM4
1
21
22
SIM5
SIM1
SIM2
SIM3
SIM4
1
21
22
SIM5
SIM1
SIM2
SIM3
SIM4
1
21
22
SIM5
SIM1
SIM2
SIM3
SIM4
1
21
22
SIM5
SIM1
SIM2
SIM3
SIM4
1
21
22
SIM5
SIM1
SIM2
SIM3
SIM4
1
21
22
SIM5
SIM1
SIM2
SIM3
SIM4
1
21
22
SIM5
SIM1
SIM2
SIM3
SIM4
1
21
22
SIM5
SIM1
SIM2
SIM3
SIM4
1
21
22
SIM5
SIM1
SIM2
SIM3
SIM4
1
21
22
SIM5
SIM1
SIM2
SIM3
SIM4
1
21
22
SIM5
SIM1
SIM2
SIM3
SIM4
1
21
22
SIM5
SIM1
SIM2
SIM3
SIM4
1
21
22
SIM5
SIM1
SIM2
SIM3
SIM4
1
21
22
SIM5
SIM1
SIM2
SIM3
SIM4
1
21
22
SIM5
SIM1
SIM2
SIM3
SIM4
1
21
22
SIM5
SIM1
SIM2
SIM3
SIM4
1
21
22
SIM5
SIM1
SIM2
SIM3
SIM4
1
21
22
SIM5
SIM1
SIM2
SIM3
SIM4
1
21
22
SIM5
SIM1
SIM2
SIM3
SIM4
1
21
22
SIM5
SIM1
SIM2
SIM3
SIM4
1
21
22
SIM5
SIM1
SIM2
SIM3
SIM4
1
21
22
SIM5
SIM1
SIM2
SIM3
SIM4
1
21
22
SIM5
SIM1
SIM2
SIM3
SIM4
1
21
22
SIM5
SIM1
SIM2
SIM3
SIM4
1
21
22
SIM5
SIM1
SIM2
SIM3
SIM4
1
21
22
SIM5
SIM1
SIM2
SIM3
SIM4
1
21
22
SIM5
SIM1
SIM2
SIM3
SIM4
1
21
22
SIM5
SIM1
SIM2
SIM3
SIM4
1
21
22
SIM5
SIM1
SIM2
SIM3
SIM4
1
21
22
SIM5
SIM1
SIM2
SIM3
SIM4
1
21
22
SIM5
SIM1
SIM2
SIM3
SIM4
1
21
22
SIM5
SIM1
SIM2
SIM3
SIM4
1
21
22
SIM5
SIM1
SIM2
SIM3
SIM4
1
21
22
SIM5
SIM1
SIM2
SIM3
SIM4
1
21
22
SIM5
SIM1
SIM2
SIM3
SIM4
1
21
22
SIM5
SIM1
SIM2
SIM3
SIM4
1
21
22
SIM5
SIM1
SIM2
SIM3
SIM4
1
21
22
SIM5
SIM1
SIM2
SIM3
SIM4
1
21
22
SIM5
SIM1
SIM2
SIM3
SIM4
1
21
22
SIM5
SIM1
SIM2
SIM3
SIM4
1
21
22
SIM5
SIM1
SIM2
SIM3
SIM4
1
21
22
SIM5
SIM1
SIM2
SIM3
SIM4
1
21
22
SIM5
SIM1
SIM2
SIM3
SIM4
1
21
22
SIM5
SIM1
SIM2
SIM3
SIM4
1
21
22
SIM5
SIM1
SIM2
SIM3
SIM4
1
21
22
SIM5
SIM1
SIM2
SIM3
SIM4
1
21
22
SIM5
SIM1
SIM2
SIM3
SIM4
1
21
22
SIM5
SIM1
SIM2
SIM3
SIM4
1
21
22
SIM5
SIM1
SIM2
SIM3
SIM4
1
21
22
SIM5
SIM1
SIM2
SIM3
SIM4
1
21
22
SIM5
SIM1
SIM2
SIM3
SIM4
1
21
22
SIM5
SIM1
SIM2
SIM3
SIM4
1
21
22
SIM5
SIM1
SIM2
SIM3
SIM4
1
21
22
SIM5
SIM1
SIM2
SIM3
SIM4
1
21
22
SIM5
SIM1
SIM2
SIM3
SIM4
1
21
22
SIM5
SIM1
SIM2
SIM3
SIM4
1
21
22
SIM5
SIM1
SIM2
SIM3
SIM4
1
21
22
SIM5
SIM1
SIM2
SIM3
SIM4
1
21
22
SIM5
SIM1
SIM2
SIM3
SIM4
1
21
22
SIM5
SIM1
SIM2
SIM3
SIM4
1
21
22
SIM5
SIM1
SIM2
SIM3
SIM4
1
21
22
SIM5
SIM1
SIM2
SIM3
SIM4
1
21
22
SIM5
SIM1
SIM2
SIM3
SIM4
1
21
22
SIM5
SIM1
SIM2
SIM3
SIM4
1
21
22
SIM5
SIM1
SIM2
SIM3
SIM4
1
21
22
SIM5
SIM1
SIM2
SIM3
SIM4
1
21
22
SIM5
SIM1
SIM2
SIM3
SIM4
1
21
22
SIM5
SIM1
SIM2
SIM3
SIM4
1
21
22
SIM5
SIM1
SIM2
SIM3
SIM4
1
21
22
SIM5
SIM1
SIM2
SIM3
SIM4
1
21
22
SIM5
SIM1
SIM2
SIM3
SIM4
1
21
22
SIM5
SIM1
SIM2
SIM3
SIM4
1
21
22
SIM5
SIM1
SIM2
SIM3
SIM4
1
21
22
SIM5
SIM1
SIM2
DEBUG 1 162
SIM1
SIM2
SIM3
SIM4
1
21
22
SIM5
SIM1
SIM2
SIM3
SIM4
1
21
22
SIM5
SIM1
SIM2
SIM3
SIM4
1
21
22
SIM5
SIM1
SIM2
SIM3
SIM4
1
21
22
SIM5
SIM1
SIM2
SIM3
SIM4
1
21
22
SIM5
SIM1
SIM2
SIM3
SIM4
1
21
22
SIM5
SIM1
SIM2
SIM3
SIM4
1
21
22
SIM5
SIM1
SIM2
SIM3
SIM4
1
21
22
SIM5
SIM1
SIM2
SIM3
SIM4
1
21
22
SIM5
SIM1
SIM2
SIM3
SIM4
1
21
22
SIM5
SIM1
SIM2
SIM3
SIM4
1
21
22
SIM5
SIM1
SIM2
SIM3
SIM4
1
21
22
SIM5
SIM1
SIM2
SIM3
SIM4
1
21
22
SIM5
SIM1
SIM2
SIM3
SIM4
1
21
22
SIM5
SIM1
SIM2
SIM3
SIM4
1
21
22
SIM5
SIM1
SIM2
SIM3
SIM4
1
21
22
SIM5
SIM1
SIM2
SIM3
SIM4
1
21
22
SIM5
SIM1
SIM2
SIM3
SIM4
1
21
22
SIM5
SIM1
SIM2
SIM3
SIM4
1
21
22
SIM5
SIM1
SIM2
SIM3
SIM4
1
21
22
SIM5
SIM1
SIM2
SIM3
SIM4
1
21
22
SIM5
SIM1
SIM2
SIM3
SIM4
1
21
22
SIM5
SIM1
SIM2
SIM3
SIM4
1
21
22
SIM5
SIM1
SIM2
SIM3
SIM4
1
21
22
SIM5
SIM1
SIM2
SIM3
SIM4
1
21
22
SIM5
SIM1
SIM2
SIM3
SIM4
1
21
22
SIM5
SIM1
SIM2
SIM3
SIM4
1
21
22
SIM5
SIM1
SIM2
SIM3
SIM4
1
21
22
SIM5
SIM1
SIM2
SIM3
SIM4
1
21
22
SIM5
SIM1
SIM2
SIM3
SIM4
1
21
22
SIM5
SIM1
SIM2
SIM3
SIM4
1
21
22
SIM5
SIM1
SIM2
SIM3
SIM4
1
21
22
SIM5
SIM1
SIM2
SIM3
SIM4
1
21
22
SIM5
SIM1
SIM2
SIM3
SIM4
1
21
22
SIM5
SIM1
SIM2
SIM3
SIM4
1
21
22
SIM5
SIM1
SIM2
SIM3
SIM4
1
21
22
SIM5
SIM1
SIM2
SIM3
SIM4
1
21
22
SIM5
SIM1
SIM2
SIM3
SIM4
1
21
22
SIM5
SIM1
SIM2
SIM3
SIM4
1
21
22
SIM5
SIM1
SIM2
SIM3
SIM4
1
21
22
SIM5
SIM1
SIM2
SIM3
SIM4
1
21
22
SIM5
SIM1
SIM2
SIM3
SIM4
1
21
22
SIM5
SIM1
SIM2
SIM3
SIM4
1
21
22
SIM5
SIM1
SIM2
SIM3
SIM4
1
21
22
SIM5
SIM1
SIM2
SIM3
SIM4
1
21
22
SIM5
SIM1
SIM2
SIM3
SIM4
1
21
22
SIM5
SIM1
SIM2
SIM3
SIM4
1
21
22
SIM5
SIM1
SIM2
SIM3
SIM4
1
21
22
SIM5
SIM1
SIM2
SIM3
SIM4
1
21
22
SIM5
SIM1
SIM2
SIM3
SIM4
1
21
22
SIM5
SIM1
SIM2
SIM3
SIM4
1
21
22
SIM5
SIM1
SIM2
SIM3
SIM4
1
21
22
SIM5
SIM1
SIM2
SIM3
SIM4
1
21
22
SIM5
SIM1
SIM2
SIM3
SIM4
1
21
22
SIM5
SIM1
SIM2
SIM3
SIM4
1
21
22
SIM5
SIM1
SIM2
SIM3
SIM4
1
21
22
SIM5
SIM1
SIM2
SIM3
SIM4
1
21
22
SIM5
SIM1
SIM2
SIM3
SIM4
1
21
22
SIM5
SIM1
SIM2
SIM3
SIM4
1
21
22
SIM5
SIM1
SIM2
SIM3
SIM4
1
21
22
SIM5
SIM1
SIM2
SIM3
SIM4
1
21
22
SIM5
SIM1
SIM2
SIM3
SIM4
1
21
22
SIM5
SIM1
SIM2
SIM3
SIM4
1
21
22
SIM5
SIM1
SIM2
SIM3
SIM4
1
21
22
SIM5
SIM1
SIM2
SIM3
SIM4
1
21
22
SIM5
SIM1
SIM2
SIM3
SIM4
1
21
22
SIM5
SIM1
SIM2
SIM3
SIM4
1
21
22
SIM5
SIM1
SIM2
SIM3
SIM4
1
21
22
SIM5
SIM1
SIM2
SIM3
SIM4
1
21
22
SIM5
SIM1
SIM2
SIM3
SIM4
1
21
22
SIM5
SIM1
SIM2
SIM3
SIM4
1
21
22
SIM5
SIM1
SIM2
SIM3
SIM4
1
21
22
SIM5
SIM1
SIM2
SIM3
SIM4
1
21
22
SIM5
SIM1
SIM2
SIM3
SIM4
1
21
22
SIM5
SIM1
SIM2
SIM3
SIM4
1
21
22
SIM5
SIM1
SIM2
SIM3
SIM4
1
21
22
SIM5
SIM1
SIM2
SIM3
SIM4
1
21
22
SIM5
SIM1
SIM2
SIM3
SIM4
1
21
22
SIM5
SIM1
SIM2
SIM3
SIM4
1
21
22
SIM5
SIM1
SIM2
SIM3
SIM4
1
21
22
SIM5
SIM1
SIM2
SIM3
SIM4
1
21
22
SIM5
SIM1
SIM2
SIM3
SIM4
1
21
22
SIM5
SIM1
SIM2
SIM3
SIM4
1
21
22
SIM5
SIM1
SIM2
SIM3
SIM4
1
21
22
SIM5
SIM1
SIM2
SIM3
SIM4
1
21
22
SIM5
SIM1
SIM2
SIM3
SIM4
1
21
22
SIM5
SIM1
SIM2
SIM3
SIM4
1
21
22
SIM5
SIM1
SIM2
SIM3
SIM4
1
21
22
SIM5
SIM1
SIM2
SIM3
SIM4
1
21
22
SIM5
SIM1
SIM2
SIM3
SIM4
1
21
22
SIM5
SIM1
SIM2
SIM3
SIM4
1
21
22
SIM5
SIM1
SIM2
SIM3
SIM4
1
21
22
SIM5
SIM1
SIM2
SIM3
SIM4
1
21
22
SIM5
SIM1
SIM2
DEBUG 1 163
SIM1
SIM2
SIM3
SIM4
1
21
22
SIM5
SIM1
SIM2
SIM3
SIM4
1
21
22
SIM5
SIM1
SIM2
SIM3
SIM4
1
21
22
SIM5
SIM1
SIM2
SIM3
SIM4
1
21
22
SIM5
SIM1
SIM2
SIM3
SIM4
1
21
22
SIM5
SIM1
SIM2
SIM3
SIM4
1
21
22
SIM5
SIM1
SIM2
SIM3
SIM4
1
21
22
SIM5
SIM1
SIM2
SIM3
SIM4
1
21
22
SIM5
SIM1
SIM2
SIM3
SIM4
1
21
22
SIM5
SIM1
SIM2
SIM3
SIM4
1
21
22
SIM5
SIM1
SIM2
SIM3
SIM4
1
21
22
SIM5
SIM1
SIM2
SIM3
SIM4
1
21
22
SIM5
SIM1
SIM2
SIM3
SIM4
1
21
22
SIM5
SIM1
SIM2
SIM3
SIM4
1
21
22
SIM5
SIM1
SIM2
SIM3
SIM4
1
21
22
SIM5
SIM1
SIM2
SIM3
SIM4
1
21
22
SIM5
SIM1
SIM2
SIM3
SIM4
1
21
22
SIM5
SIM1
SIM2
SIM3
SIM4
1
21
22
SIM5
SIM1
SIM2
SIM3
SIM4
1
21
22
SIM5
SIM1
SIM2
SIM3
SIM4
1
21
22
SIM5
SIM1
SIM2
SIM3
SIM4
1
21
22
SIM5
SIM1
SIM2
SIM3
SIM4
1
21
22
SIM5
SIM1
SIM2
SIM3
SIM4
1
21
22
SIM5
SIM1
SIM2
SIM3
SIM4
1
21
22
SIM5
SIM1
SIM2
SIM3
SIM4
1
21
22
SIM5
SIM1
SIM2
SIM3
SIM4
1
21
22
SIM5
SIM1
SIM2
SIM3
SIM4
1
21
22
SIM5
SIM1
SIM2
SIM3
SIM4
1
21
22
SIM5
SIM1
SIM2
SIM3
SIM4
1
21
22
SIM5
SIM1
SIM2
SIM3
SIM4
1
21
22
SIM5
SIM1
SIM2
SIM3
SIM4
1
21
22
SIM5
SIM1
SIM2
SIM3
SIM4
1
21
22
SIM5
SIM1
SIM2
SIM3
SIM4
1
21
22
SIM5
SIM1
SIM2
SIM3
SIM4
1
21
22
SIM5
SIM1
SIM2
SIM3
SIM4
1
21
22
SIM5
SIM1
SIM2
SIM3
SIM4
1
21
22
SIM5
SIM1
SIM2
SIM3
SIM4
1
21
22
SIM5
SIM1
SIM2
SIM3
SIM4
1
21
22
SIM5
SIM1
SIM2
SIM3
SIM4
1
21
22
SIM5
SIM1
SIM2
SIM3
SIM4
1
21
22
SIM5
SIM1
SIM2
SIM3
SIM4
1
21
22
SIM5
SIM1
SIM2
SIM3
SIM4
1
21
22
SIM5
SIM1
SIM2
SIM3
SIM4
1
21
22
SIM5
SIM1
SIM2
SIM3
SIM4
1
21
22
SIM5
SIM1
SIM2
SIM3
SIM4
1
21
22
SIM5
SIM1
SIM2
SIM3
SIM4
1
21
22
SIM5
SIM1
SIM2
SIM3
SIM4
1
21
22
SIM5
SIM1
SIM2
SIM3
SIM4
1
21
22
SIM5
SIM1
SIM2
SIM3
SIM4
1
21
22
SIM5
SIM1
SIM2
SIM3
SIM4
1
21
22
SIM5
SIM1
SIM2
SIM3
SIM4
1
21
22
SIM5
SIM1
SIM2
SIM3
SIM4
1
21
22
SIM5
SIM1
SIM2
SIM3
SIM4
1
21
22
SIM5
SIM1
SIM2
SIM3
SIM4
1
21
22
SIM5
SIM1
SIM2
SIM3
SIM4
1
21
22
SIM5
SIM1
SIM2
SIM3
SIM4
1
21
22
SIM5
SIM1
SIM2
SIM3
SIM4
1
21
22
SIM5
SIM1
SIM2
SIM3
SIM4
1
21
22
SIM5
SIM1
SIM2
SIM3
SIM4
1
21
22
SIM5
SIM1
SIM2
SIM3
SIM4
1
21
22
SIM5
SIM1
SIM2
SIM3
SIM4
1
21
22
SIM5
SIM1
SIM2
SIM3
SIM4
1
21
22
SIM5
SIM1
SIM2
SIM3
SIM4
1
21
22
SIM5
SIM1
SIM2
SIM3
SIM4
1
21
22
SIM5
SIM1
SIM2
SIM3
SIM4
1
21
22
SIM5
SIM1
SIM2
SIM3
SIM4
1
21
22
SIM5
SIM1
SIM2
SIM3
SIM4
1
21
22
SIM5
SIM1
SIM2
SIM3
SIM4
1
21
22
SIM5
SIM1
SIM2
SIM3
SIM4
1
21
22
SIM5
SIM1
SIM2
SIM3
SIM4
1
21
22
SIM5
SIM1
SIM2
SIM3
SIM4
1
21
22
SIM5
SIM1
SIM2
SIM3
SIM4
1
21
22
SIM5
SIM1
SIM2
SIM3
SIM4
1
21
22
SIM5
SIM1
SIM2
SIM3
SIM4
1
21
22
SIM5
SIM1
SIM2
SIM3
SIM4
1
21
22
SIM5
SIM1
SIM2
SIM3
SIM4
1
21
22
SIM5
SIM1
SIM2
DEBUG 1 164
SIM1
SIM2
SIM3
SIM4
1
21
22
SIM5
SIM1
SIM2
SIM3
SIM4
1
21
22
SIM5
SIM1
SIM2
SIM3
SIM4
1
21
22
SIM5
SIM1
SIM2
SIM3
SIM4
1
21
22
SIM5
SIM1
SIM2
SIM3
SIM4
1
21
22
SIM5
SIM1
SIM2
SIM3
SIM4
1
21
22
SIM5
SIM1
SIM2
SIM3
SIM4
1
21
22
SIM5
SIM1
SIM2
SIM3
SIM4
1
21
22
SIM5
SIM1
SIM2
SIM3
SIM4
1
21
22
SIM5
SIM1
SIM2
SIM3
SIM4
1
21
22
SIM5
SIM1
SIM2
SIM3
SIM4
1
21
22
SIM5
SIM1
SIM2
SIM3
SIM4
1
21
22
SIM5
SIM1
SIM2
SIM3
SIM4
1
21
22
SIM5
SIM1
SIM2
SIM3
SIM4
1
21
22
SIM5
SIM1
SIM2
SIM3
SIM4
1
21
22
SIM5
SIM1
SIM2
SIM3
SIM4
1
21
22
SIM5
SIM1
SIM2
SIM3
SIM4
1
21
22
SIM5
SIM1
SIM2
SIM3
SIM4
1
21
22
SIM5
SIM1
SIM2
SIM3
SIM4
1
21
22
SIM5
SIM1
SIM2
SIM3
SIM4
1
21
22
SIM5
SIM1
SIM2
SIM3
SIM4
1
21
22
SIM5
SIM1
SIM2
SIM3
SIM4
1
21
22
SIM5
SIM1
SIM2
SIM3
SIM4
1
21
22
SIM5
SIM1
SIM2
SIM3
SIM4
1
21
22
SIM5
SIM1
SIM2
SIM3
SIM4
1
21
22
SIM5
SIM1
SIM2
SIM3
SIM4
1
21
22
SIM5
SIM1
SIM2
SIM3
SIM4
1
21
22
SIM5
SIM1
SIM2
SIM3
SIM4
1
21
22
SIM5
SIM1
SIM2
SIM3
SIM4
1
21
22
SIM5
SIM1
SIM2
SIM3
SIM4
1
21
22
SIM5
SIM1
SIM2
SIM3
SIM4
1
21
22
SIM5
SIM1
SIM2
SIM3
SIM4
1
21
22
SIM5
SIM1
SIM2
SIM3
SIM4
1
21
22
SIM5
SIM1
SIM2
SIM3
SIM4
1
21
22
SIM5
SIM1
SIM2
SIM3
SIM4
1
21
22
SIM5
SIM1
SIM2
SIM3
SIM4
1
21
22
SIM5
SIM1
SIM2
SIM3
SIM4
1
21
22
SIM5
SIM1
SIM2
SIM3
SIM4
1
21
22
SIM5
SIM1
SIM2
SIM3
SIM4
1
21
22
SIM5
SIM1
SIM2
SIM3
SIM4
1
21
22
SIM5
SIM1
SIM2
SIM3
SIM4
1
21
22
SIM5
SIM1
SIM2
SIM3
SIM4
1
21
22
SIM5
SIM1
SIM2
SIM3
SIM4
1
21
22
SIM5
SIM1
SIM2
SIM3
SIM4
1
21
22
SIM5
SIM1
SIM2
SIM3
SIM4
1
21
22
SIM5
SIM1
SIM2
SIM3
SIM4
1
21
22
SIM5
SIM1
SIM2
SIM3
SIM4
1
21
22
SIM5
SIM1
SIM2
SIM3
SIM4
1
21
22
SIM5
SIM1
SIM2
SIM3
SIM4
1
21
22
SIM5
SIM1
SIM2
SIM3
SIM4
1
21
22
SIM5
SIM1
SIM2
SIM3
SIM4
1
21
22
SIM5
SIM1
SIM2
SIM3
SIM4
1
21
22
SIM5
SIM1
SIM2
SIM3
SIM4
1
21
22
SIM5
SIM1
SIM2
SIM3
SIM4
1
21
22
SIM5
SIM1
SIM2
SIM3
SIM4
1
21
22
SIM5
SIM1
SIM2
SIM3
SIM4
1
21
22
SIM5
SIM1
SIM2
SIM3
SIM4
1
21
22
SIM5
SIM1
SIM2
SIM3
SIM4
1
21
22
SIM5
SIM1
SIM2
SIM3
SIM4
1
21
22
SIM5
SIM1
SIM2
SIM3
SIM4
1
21
22
SIM5
SIM1
SIM2
SIM3
SIM4
1
21
22
SIM5
SIM1
SIM2
SIM3
SIM4
1
21
22
SIM5
SIM1
SIM2
SIM3
SIM4
1
21
22
SIM5
SIM1
SIM2
SIM3
SIM4
1
21
22
SIM5
SIM1
SIM2
SIM3
SIM4
1
21
22
SIM5
SIM1
SIM2
SIM3
SIM4
1
21
22
SIM5
SIM1
SIM2
SIM3
SIM4
1
21
22
SIM5
SIM1
SIM2
SIM3
SIM4
1
21
22
SIM5
SIM1
SIM2
SIM3
SIM4
1
21
22
SIM5
SIM1
SIM2
SIM3
SIM4
1
21
22
SIM5
SIM1
SIM2
SIM3
SIM4
1
21
22
SIM5
SIM1
SIM2
SIM3
SIM4
1
21
22
SIM5
SIM1
SIM2
SIM3
SIM4
1
21
22
SIM5
SIM1
SIM2
SIM3
SIM4
1
21
22
SIM5
SIM1
SIM2
SIM3
SIM4
1
21
22
SIM5
SIM1
SIM2
SIM3
SIM4
1
21
22
SIM5
SIM1
SIM2
SIM3
SIM4
1
21
22
SIM5
SIM1
SIM2
SIM3
SIM4
1
21
22
SIM5
SIM1
SIM2
SIM3
SIM4
1
21
22
SIM5
SIM1
SIM2
SIM3
SIM4
1
21
22
SIM5
SIM1
SIM2
SIM3
SIM4
1
21
22
SIM5
SIM1
SIM2
SIM3
SIM4
1
21
22
SIM5
SIM1
SIM2
SIM3
SIM4
1
21
22
SIM5
SIM1
SIM2
SIM3
SIM4
1
21
22
SIM5
SIM1
SIM2
SIM3
SIM4
1
21
22
SIM5
SIM1
SIM2
SIM3
SIM4
1
21
22
SIM5
SIM1
SIM2
SIM3
SIM4
1
21
22
SIM5
SIM1
SIM2
SIM3
SIM4
1
21
22
SIM5
SIM1
SIM2
SIM3
SIM4
1
21
22
SIM5
SIM1
SIM2
SIM3
SIM4
1
21
22
SIM5
SIM1
SIM2
SIM3
SIM4
1
21
22
SIM5
SIM1
SIM2
SIM3
SIM4
1
21
22
SIM5
SIM1
SIM2
SIM3
SIM4
1
21
22
SIM5
SIM1
SIM2
SIM3
SIM4
1
21
22
SIM5
SIM1
SIM2
SIM3
SIM4
1
21
22
SIM5
SIM1
SIM2
SIM3
SIM4
1
21
22
SIM5
SIM1
SIM2
SIM3
SIM4
1
21
22
SIM5
SIM1
SIM2
SIM3
SIM4
1
21
22
SIM5
SIM1
SIM2
SIM3
SIM4
1
21
22
SIM5
SIM1
SIM2
SIM3
SIM4
1
21
22
SIM5
SIM1
SIM2
SIM3
SIM4
1
21
22
SIM5
SIM1
SIM2
SIM3
SIM4
1
21
22
SIM5
SIM1
SIM2
SIM3
SIM4
1
21
22
SIM5
SIM1
SIM2
SIM3
SIM4
1
21
22
SIM5
SIM1
SIM2
SIM3
SIM4
1
21
22
SIM5
SIM1
SIM2
SIM3
SIM4
1
21
22
SIM5
SIM1
SIM2
SIM3
SIM4
1
21
22
SIM5
SIM1
SIM2
SIM3
SIM4
1
21
22
SIM5
SIM1
SIM2
SIM3
SIM4
1
21
22
SIM5
SIM1
SIM2
SIM3
SIM4
1
21
22
SIM5
SIM1
SIM2
SIM3
SIM4
1
21
22
SIM5
SIM1
SIM2
SIM3
SIM4
1
21
22
SIM5
SIM1
SIM2
SIM3
SIM4
1
21
22
SIM5
SIM1
SIM2
SIM3
SIM4
1
21
22
SIM5
SIM1
SIM2
SIM3
SIM4
1
21
22
SIM5
SIM1
SIM2
SIM3
SIM4
1
21
22
SIM5
SIM1
SIM2
SIM3
SIM4
1
21
22
SIM5
SIM1
SIM2
SIM3
SIM4
1
21
22
SIM5
SIM1
SIM2
SIM3
SIM4
1
21
22
SIM5
SIM1
SIM2
SIM3
SIM4
1
21
22
SIM5
SIM1
SIM2
SIM3
SIM4
1
21
22
SIM5
SIM1
SIM2
SIM3
SIM4
1
21
22
SIM5
SIM1
SIM2
SIM3
SIM4
1
21
22
SIM5
SIM1
SIM2
SIM3
SIM4
1
21
22
SIM5
SIM1
SIM2
SIM3
SIM4
1
21
22
SIM5
SIM1
SIM2
SIM3
SIM4
1
21
22
SIM5
SIM1
SIM2
SIM3
SIM4
1
21
22
SIM5
SIM1
SIM2
SIM3
SIM4
1
21
22
SIM5
SIM1
SIM2
SIM3
SIM4
1
21
22
SIM5
SIM1
SIM2
SIM3
SIM4
1
21
22
SIM5
SIM1
SIM2
SIM3
SIM4
1
21
22
SIM5
SIM1
SIM2
SIM3
SIM4
1
21
22
SIM5
SIM1
SIM2
SIM3
SIM4
1
21
22
SIM5
SIM1
SIM2
SIM3
SIM4
1
21
22
SIM5
SIM1
SIM2
SIM3
SIM4
1
21
22
SIM5
SIM1
SIM2
SIM3
SIM4
1
21
22
SIM5
SIM1
SIM2
SIM3
SIM4
1
21
22
SIM5
SIM1
SIM2
SIM3
SIM4
1
21
22
SIM5
SIM1
SIM2
SIM3
SIM4
1
21
22
SIM5
SIM1
SIM2
SIM3
SIM4
1
21
22
SIM5
SIM1
SIM2
SIM3
SIM4
1
21
22
SIM5
SIM1
SIM2
SIM3
SIM4
1
21
22
SIM5
SIM1
SIM2
SIM3
SIM4
1
21
22
SIM5
SIM1
SIM2
SIM3
SIM4
1
21
22
SIM5
SIM1
SIM2
SIM3
SIM4
1
21
22
SIM5
SIM1
SIM2
SIM3
SIM4
1
21
22
SIM5
SIM1
SIM2
SIM3
SIM4
1
21
22
SIM5
SIM1
SIM2
SIM3
SIM4
1
21
22
SIM5
SIM1
SIM2
SIM3
SIM4
1
21
22
SIM5
SIM1
SIM2
SIM3
SIM4
1
21
22
SIM5
SIM1
SIM2
SIM3
SIM4
1
21
22
SIM5
SIM1
SIM2
SIM3
SIM4
1
21
22
SIM5
SIM1
SIM2
SIM3
SIM4
1
21
22
SIM5
SIM1
SIM2
SIM3
SIM4
1
21
22
SIM5
SIM1
SIM2
SIM3
SIM4
1
21
22
SIM5
SIM1
SIM2
SIM3
SIM4
1
21
22
SIM5
SIM1
SIM2
SIM3
SIM4
1
21
22
SIM5
SIM1
SIM2
SIM3
SIM4
1
21
22
SIM5
SIM1
SIM2
SIM3
SIM4
1
21
22
SIM5
SIM1
SIM2
SIM3
SIM4
1
21
22
SIM5
SIM1
SIM2
SIM3
SIM4
1
21
22
SIM5
SIM1
SIM2
SIM3
SIM4
1
21
22
SIM5
SIM1
SIM2
SIM3
SIM4
1
21
22
SIM5
SIM1
SIM2
SIM3
SIM4
1
21
22
SIM5
SIM1
SIM2
SIM3
SIM4
1
21
22
SIM5
SIM1
SIM2
SIM3
SIM4
1
21
22
SIM5
SIM1
SIM2
SIM3
SIM4
1
21
22
SIM5
SIM1
SIM2
SIM3
SIM4
1
21
22
SIM5
SIM1
SIM2
SIM3
SIM4
1
21
22
SIM5
SIM1
SIM2
SIM3
SIM4
1
21
22
SIM5
SIM1
SIM2
SIM3
SIM4
1
21
22
SIM5
SIM1
SIM2
SIM3
SIM4
1
21
22
SIM5
SIM1
SIM2
SIM3
SIM4
1
21
22
SIM5
SIM1
SIM2
SIM3
SIM4
1
21
22
SIM5
SIM1
SIM2
SIM3
SIM4
1
21
22
SIM5
SIM1
SIM2
SIM3
SIM4
1
21
22
SIM5
SIM1
SIM2
SIM3
SIM4
1
21
22
SIM5
SIM1
SIM2
SIM3
SIM4
1
21
22
SIM5
SIM1
SIM2
SIM3
SIM4
1
21
22
SIM5
SIM1
SIM2
SIM3
SIM4
1
21
22
SIM5
SIM1
SIM2
SIM3
SIM4
1
21
22
SIM5
SIM1
SIM2
SIM3
SIM4
1
21
22
SIM5
SIM1
SIM2
SIM3
SIM4
1
21
22
SIM5
SIM1
SIM2
SIM3
SIM4
1
21
22
SIM5
SIM1
SIM2
DEBUG 1 165
SIM1
SIM2
SIM3
SIM4
1
21
22
SIM5
SIM1
SIM2
SIM3
SIM4
1
21
22
SIM5
SIM1
SIM2
SIM3
SIM4
1
21
22
SIM5
SIM1
SIM2
SIM3
SIM4
1
21
22
SIM5
SIM1
SIM2
SIM3
SIM4
1
21
22
SIM5
SIM1
SIM2
SIM3
SIM4
1
21
22
SIM5
SIM1
SIM2
SIM3
SIM4
1
21
22
SIM5
SIM1
SIM2
SIM3
SIM4
1
21
22
SIM5
SIM1
SIM2
SIM3
SIM4
1
21
22
SIM5
SIM1
SIM2
SIM3
SIM4
1
21
22
SIM5
SIM1
SIM2
SIM3
SIM4
1
21
22
SIM5
SIM1
SIM2
SIM3
SIM4
1
21
22
SIM5
SIM1
SIM2
SIM3
SIM4
1
21
22
SIM5
SIM1
SIM2
SIM3
SIM4
1
21
22
SIM5
SIM1
SIM2
SIM3
SIM4
1
21
22
SIM5
SIM1
SIM2
SIM3
SIM4
1
21
22
SIM5
SIM1
SIM2
SIM3
SIM4
1
21
22
SIM5
SIM1
SIM2
SIM3
SIM4
1
21
22
SIM5
SIM1
SIM2
SIM3
SIM4
1
21
22
SIM5
SIM1
SIM2
SIM3
SIM4
1
21
22
SIM5
SIM1
SIM2
SIM3
SIM4
1
21
22
SIM5
SIM1
SIM2
SIM3
SIM4
1
21
22
SIM5
SIM1
SIM2
SIM3
SIM4
1
21
22
SIM5
SIM1
SIM2
SIM3
SIM4
1
21
22
SIM5
SIM1
SIM2
SIM3
SIM4
1
21
22
SIM5
SIM1
SIM2
SIM3
SIM4
1
21
22
SIM5
SIM1
SIM2
SIM3
SIM4
1
21
22
SIM5
SIM1
SIM2
SIM3
SIM4
1
21
22
SIM5
SIM1
SIM2
SIM3
SIM4
1
21
22
SIM5
SIM1
SIM2
SIM3
SIM4
1
21
22
SIM5
SIM1
SIM2
SIM3
SIM4
1
21
22
SIM5
SIM1
SIM2
SIM3
SIM4
1
21
22
SIM5
SIM1
SIM2
SIM3
SIM4
1
21
22
SIM5
SIM1
SIM2
SIM3
SIM4
1
21
22
SIM5
SIM1
SIM2
SIM3
SIM4
1
21
22
SIM5
SIM1
SIM2
SIM3
SIM4
1
21
22
SIM5
SIM1
SIM2
SIM3
SIM4
1
21
22
SIM5
SIM1
SIM2
SIM3
SIM4
1
21
22
SIM5
SIM1
SIM2
SIM3
SIM4
1
21
22
SIM5
SIM1
SIM2
SIM3
SIM4
1
21
22
SIM5
SIM1
SIM2
SIM3
SIM4
1
21
22
SIM5
SIM1
SIM2
SIM3
SIM4
1
21
22
SIM5
SIM1
SIM2
SIM3
SIM4
1
21
22
SIM5
SIM1
SIM2
SIM3
SIM4
1
21
22
SIM5
SIM1
SIM2
SIM3
SIM4
1
21
22
SIM5
SIM1
SIM2
SIM3
SIM4
1
21
22
SIM5
SIM1
SIM2
SIM3
SIM4
1
21
22
SIM5
SIM1
SIM2
SIM3
SIM4
1
21
22
SIM5
SIM1
SIM2
SIM3
SIM4
1
21
22
SIM5
SIM1
SIM2
SIM3
SIM4
1
21
22
SIM5
SIM1
SIM2
SIM3
SIM4
1
21
22
SIM5
SIM1
SIM2
SIM3
SIM4
1
21
22
SIM5
SIM1
SIM2
SIM3
SIM4
1
21
22
SIM5
SIM1
SIM2
SIM3
SIM4
1
21
22
SIM5
SIM1
SIM2
SIM3
SIM4
1
21
22
SIM5
SIM1
SIM2
SIM3
SIM4
1
21
22
SIM5
SIM1
SIM2
SIM3
SIM4
1
21
22
SIM5
SIM1
SIM2
SIM3
SIM4
1
21
22
SIM5
SIM1
SIM2
SIM3
SIM4
1
21
22
SIM5
SIM1
SIM2
SIM3
SIM4
1
21
22
SIM5
SIM1
SIM2
SIM3
SIM4
1
21
22
SIM5
SIM1
SIM2
SIM3
SIM4
1
21
22
SIM5
SIM1
SIM2
SIM3
SIM4
1
21
22
SIM5
SIM1
SIM2
SIM3
SIM4
1
21
22
SIM5
SIM1
SIM2
SIM3
SIM4
1
21
22
SIM5
SIM1
SIM2
SIM3
SIM4
1
21
22
SIM5
SIM1
SIM2
SIM3
SIM4
1
21
22
SIM5
SIM1
SIM2
SIM3
SIM4
1
21
22
SIM5
SIM1
SIM2
SIM3
SIM4
1
21
22
SIM5
SIM1
SIM2
SIM3
SIM4
1
21
22
SIM5
SIM1
SIM2
SIM3
SIM4
1
21
22
SIM5
SIM1
SIM2
SIM3
SIM4
1
21
22
SIM5
SIM1
SIM2
SIM3
SIM4
1
21
22
SIM5
SIM1
SIM2
SIM3
SIM4
1
21
22
SIM5
SIM1
SIM2
SIM3
SIM4
1
21
22
SIM5
SIM1
SIM2
SIM3
SIM4
1
21
22
SIM5
SIM1
SIM2
SIM3
SIM4
1
21
22
SIM5
SIM1
SIM2
SIM3
SIM4
1
21
22
SIM5
SIM1
SIM2
SIM3
SIM4
1
21
22
SIM5
SIM1
SIM2
SIM3
SIM4
1
21
22
SIM5
SIM1
SIM2
SIM3
SIM4
1
21
22
SIM5
SIM1
SIM2
SIM3
SIM4
1
21
22
SIM5
SIM1
SIM2
SIM3
SIM4
1
21
22
SIM5
SIM1
SIM2
SIM3
SIM4
1
21
22
SIM5
SIM1
SIM2
SIM3
SIM4
1
21
22
SIM5
SIM1
SIM2
SIM3
SIM4
1
21
22
SIM5
SIM1
SIM2
SIM3
SIM4
1
21
22
SIM5
SIM1
SIM2
SIM3
SIM4
1
21
22
SIM5
SIM1
SIM2
SIM3
SIM4
1
21
22
SIM5
SIM1
SIM2
SIM3
SIM4
1
21
22
SIM5
SIM1
SIM2
SIM3
SIM4
1
21
22
SIM5
SIM1
SIM2
SIM3
SIM4
1
21
22
SIM5
SIM1
SIM2
SIM3
SIM4
1
21
22
SIM5
SIM1
SIM2
SIM3
SIM4
1
21
22
SIM5
SIM1
SIM2
SIM3
SIM4
1
21
22
SIM5
SIM1
SIM2
SIM3
SIM4
1
21
22
SIM5
SIM1
SIM2
SIM3
SIM4
1
21
22
SIM5
SIM1
SIM2
SIM3
SIM4
1
21
22
SIM5
SIM1
SIM2
SIM3
SIM4
1
21
22
SIM5
SIM1
SIM2
SIM3
SIM4
1
21
22
SIM5
SIM1
SIM2
SIM3
SIM4
1
21
22
SIM5
SIM1
SIM2
SIM3
SIM4
1
21
22
SIM5
SIM1
SIM2
SIM3
SIM4
1
21
22
SIM5
SIM1
SIM2
SIM3
SIM4
1
21
22
SIM5
SIM1
SIM2
SIM3
SIM4
1
21
22
SIM5
SIM1
SIM2
SIM3
SIM4
1
21
22
SIM5
SIM1
SIM2
SIM3
SIM4
1
21
22
SIM5
SIM1
SIM2
SIM3
SIM4
1
21
22
SIM5
SIM1
SIM2
SIM3
SIM4
1
21
22
SIM5
SIM1
SIM2
SIM3
SIM4
1
21
22
SIM5
SIM1
SIM2
SIM3
SIM4
1
21
22
SIM5
SIM1
SIM2
SIM3
SIM4
1
21
22
SIM5
SIM1
SIM2
SIM3
SIM4
1
21
22
SIM5
SIM1
SIM2
SIM3
SIM4
1
21
22
SIM5
SIM1
SIM2
SIM3
SIM4
1
21
22
SIM5
SIM1
SIM2
SIM3
SIM4
1
21
22
SIM5
SIM1
SIM2
SIM3
SIM4
1
21
22
SIM5
SIM1
SIM2
SIM3
SIM4
1
21
22
SIM5
SIM1
SIM2
SIM3
SIM4
1
21
22
SIM5
SIM1
SIM2
SIM3
SIM4
1
21
22
SIM5
SIM1
SIM2
SIM3
SIM4
1
21
22
SIM5
SIM1
SIM2
SIM3
SIM4
1
21
22
SIM5
SIM1
SIM2
SIM3
SIM4
1
21
22
SIM5
SIM1
SIM2
SIM3
SIM4
1
21
22
SIM5
SIM1
SIM2
SIM3
SIM4
1
21
22
SIM5
SIM1
SIM2
SIM3
SIM4
1
21
22
SIM5
SIM1
SIM2
SIM3
SIM4
1
21
22
SIM5
SIM1
SIM2
SIM3
SIM4
1
21
22
SIM5
SIM1
SIM2
SIM3
SIM4
1
21
22
SIM5
SIM1
SIM2
SIM3
SIM4
1
21
22
SIM5
SIM1
SIM2
SIM3
SIM4
1
21
22
SIM5
SIM1
SIM2
SIM3
SIM4
1
21
22
SIM5
SIM1
SIM2
SIM3
SIM4
1
21
22
SIM5
SIM1
SIM2
SIM3
SIM4
1
21
22
SIM5
SIM1
SIM2
SIM3
SIM4
1
21
22
SIM5
SIM1
SIM2
SIM3
SIM4
1
21
22
SIM5
SIM1
SIM2
SIM3
SIM4
1
21
22
SIM5
SIM1
SIM2
SIM3
SIM4
1
21
22
SIM5
SIM1
SIM2
SIM3
SIM4
1
21
22
SIM5
SIM1
SIM2
SIM3
SIM4
1
21
22
SIM5
SIM1
SIM2
SIM3
SIM4
1
21
22
SIM5
SIM1
SIM2
SIM3
SIM4
1
21
22
SIM5
SIM1
SIM2
SIM3
SIM4
1
21
22
SIM5
SIM1
SIM2
SIM3
SIM4
1
21
22
SIM5
SIM1
SIM2
SIM3
SIM4
1
21
22
SIM5
SIM1
SIM2
SIM3
SIM4
1
21
22
SIM5
SIM1
SIM2
SIM3
SIM4
1
21
22
SIM5
SIM1
SIM2
SIM3
SIM4
1
21
22
SIM5
SIM1
SIM2
SIM3
SIM4
1
21
22
SIM5
SIM1
SIM2
SIM3
SIM4
1
21
22
SIM5
SIM1
SIM2
SIM3
SIM4
1
21
22
SIM5
SIM1
SIM2
SIM3
SIM4
1
21
22
SIM5
SIM1
SIM2
SIM3
SIM4
1
21
22
SIM5
SIM1
SIM2
SIM3
SIM4
1
21
22
SIM5
SIM1
SIM2
SIM3
SIM4
1
21
22
SIM5
SIM1
SIM2
SIM3
SIM4
1
21
22
SIM5
SIM1
SIM2
SIM3
SIM4
1
21
22
SIM5
SIM1
SIM2
SIM3
SIM4
1
21
22
SIM5
SIM1
SIM2
SIM3
SIM4
1
21
22
SIM5
SIM1
SIM2
SIM3
SIM4
1
21
22
SIM5
SIM1
SIM2
SIM3
SIM4
1
21
22
SIM5
SIM1
SIM2
SIM3
SIM4
1
21
22
SIM5
SIM1
SIM2
SIM3
SIM4
1
21
22
SIM5
SIM1
SIM2
SIM3
SIM4
1
21
22
SIM5
SIM1
SIM2
SIM3
SIM4
1
21
22
SIM5
SIM1
SIM2
SIM3
SIM4
1
21
22
SIM5
SIM1
SIM2
SIM3
SIM4
1
21
22
SIM5
SIM1
SIM2
SIM3
SIM4
1
21
22
SIM5
SIM1
SIM2
SIM3
SIM4
1
21
22
SIM5
SIM1
SIM2
SIM3
SIM4
1
21
22
SIM5
SIM1
SIM2
SIM3
SIM4
1
21
22
SIM5
SIM1
SIM2
SIM3
SIM4
1
21
22
SIM5
SIM1
SIM2
SIM3
SIM4
1
21
22
SIM5
SIM1
SIM2
SIM3
SIM4
1
21
22
SIM5
SIM1
SIM2
SIM3
SIM4
1
21
22
SIM5
SIM1
SIM2
SIM3
SIM4
1
21
22
SIM5
SIM1
SIM2
SIM3
SIM4
1
21
22
SIM5
SIM1
SIM2
SIM3
SIM4
1
21
22
SIM5
SIM1
SIM2
SIM3
SIM4
1
21
22
SIM5
SIM1
SIM2
SIM3
SIM4
1
21
22
SIM5
SIM1
SIM2
SIM3
SIM4
1
21
22
SIM5
SIM1
SIM2
SIM3
SIM4
1
21
22
SIM5
SIM1
SIM2
SIM3
SIM4
1
21
22
SIM5
SIM1
SIM2
SIM3
SIM4
1
21
22
SIM5
SIM1
SIM2
SIM3
SIM4
1
21
22
SIM5
SIM1
SIM2
SIM3
SIM4
1
21
22
SIM5
SIM1
SIM2
SIM3
SIM4
1
21
22
SIM5
SIM1
SIM2
SIM3
SIM4
1
21
22
SIM5
SIM1
SIM2
SIM3
SIM4
1
21
22
SIM5
SIM1
SIM2
SIM3
SIM4
1
21
22
SIM5
SIM1
SIM2
SIM3
SIM4
1
21
22
SIM5
SIM1
SIM2
SIM3
SIM4
1
21
22
SIM5
SIM1
SIM2
SIM3
SIM4
1
21
22
SIM5
SIM1
SIM2
SIM3
SIM4
1
21
22
SIM5
SIM1
SIM2
SIM3
SIM4
1
21
22
SIM5
SIM1
SIM2
SIM3
SIM4
1
21
22
SIM5
SIM1
SIM2
SIM3
SIM4
1
21
22
SIM5
SIM1
SIM2
SIM3
SIM4
1
21
22
SIM5
SIM1
SIM2
SIM3
SIM4
1
21
22
SIM5
SIM1
SIM2
SIM3
SIM4
1
21
22
SIM5
SIM1
SIM2
SIM3
SIM4
1
21
22
SIM5
SIM1
SIM2
SIM3
SIM4
1
21
22
SIM5
SIM1
SIM2
SIM3
SIM4
1
21
22
SIM5
SIM1
SIM2
SIM3
SIM4
1
21
22
SIM5
SIM1
SIM2
SIM3
SIM4
1
21
22
SIM5
SIM1
SIM2
SIM3
SIM4
1
21
22
SIM5
SIM1
SIM2
SIM3
SIM4
1
21
22
SIM5
SIM1
SIM2
SIM3
SIM4
1
21
22
SIM5
SIM1
SIM2
SIM3
SIM4
1
21
22
SIM5
SIM1
SIM2
SIM3
SIM4
1
21
22
SIM5
SIM1
SIM2
SIM3
SIM4
1
21
22
SIM5
SIM1
SIM2
SIM3
SIM4
1
21
22
SIM5
SIM1
SIM2
SIM3
SIM4
1
21
22
SIM5
SIM1
SIM2
SIM3
SIM4
1
21
22
SIM5
SIM1
SIM2
SIM3
SIM4
1
21
22
SIM5
SIM1
SIM2
SIM3
SIM4
1
21
22
SIM5
SIM1
SIM2
SIM3
SIM4
1
21
22
SIM5
SIM1
SIM2
SIM3
SIM4
1
21
22
SIM5
SIM1
SIM2
SIM3
SIM4
1
21
22
SIM5
SIM1
SIM2
SIM3
SIM4
1
21
22
SIM5
SIM1
SIM2
SIM3
SIM4
1
21
22
SIM5
SIM1
SIM2
SIM3
SIM4
1
21
22
SIM5
SIM1
SIM2
SIM3
SIM4
1
21
22
SIM5
SIM1
SIM2
SIM3
SIM4
1
21
22
SIM5
SIM1
SIM2
SIM3
SIM4
1
21
22
SIM5
SIM1
SIM2
SIM3
SIM4
1
21
22
SIM5
SIM1
SIM2
SIM3
SIM4
1
21
22
SIM5
SIM1
SIM2
SIM3
SIM4
1
21
22
SIM5
SIM1
SIM2
SIM3
SIM4
1
21
22
SIM5
SIM1
SIM2
SIM3
SIM4
1
21
22
SIM5
SIM1
SIM2
SIM3
SIM4
1
21
22
SIM5
SIM1
SIM2
SIM3
SIM4
1
21
22
SIM5
SIM1
SIM2
SIM3
SIM4
1
21
22
SIM5
SIM1
SIM2
SIM3
SIM4
1
21
22
SIM5
SIM1
SIM2
SIM3
SIM4
1
21
22
SIM5
SIM1
SIM2
SIM3
SIM4
1
21
22
SIM5
SIM1
SIM2
SIM3
SIM4
1
21
22
SIM5
SIM1
SIM2
SIM3
SIM4
1
21
22
SIM5
SIM1
SIM2
SIM3
SIM4
1
21
22
SIM5
SIM1
SIM2
SIM3
SIM4
1
21
22
SIM5
SIM1
SIM2
DEBUG 1 166
SIM1
SIM2
SIM3
SIM4
1
21
22
SIM5
SIM1
SIM2
SIM3
SIM4
1
21
22
SIM5
SIM1
SIM2
SIM3
SIM4
1
21
22
SIM5
SIM1
SIM2
SIM3
SIM4
1
21
22
SIM5
SIM1
SIM2
SIM3
SIM4
1
21
22
SIM5
SIM1
SIM2
SIM3
SIM4
1
21
22
SIM5
SIM1
SIM2
SIM3
SIM4
1
21
22
SIM5
SIM1
SIM2
SIM3
SIM4
1
21
22
SIM5
SIM1
SIM2
SIM3
SIM4
1
21
22
SIM5
SIM1
SIM2
SIM3
SIM4
1
21
22
SIM5
SIM1
SIM2
SIM3
SIM4
1
21
22
SIM5
SIM1
SIM2
SIM3
SIM4
1
21
22
SIM5
SIM1
SIM2
SIM3
SIM4
1
21
22
SIM5
SIM1
SIM2
SIM3
SIM4
1
21
22
SIM5
SIM1
SIM2
SIM3
SIM4
1
21
22
SIM5
SIM1
SIM2
SIM3
SIM4
1
21
22
SIM5
SIM1
SIM2
SIM3
SIM4
1
21
22
SIM5
SIM1
SIM2
SIM3
SIM4
1
21
22
SIM5
SIM1
SIM2
SIM3
SIM4
1
21
22
SIM5
SIM1
SIM2
SIM3
SIM4
1
21
22
SIM5
SIM1
SIM2
SIM3
SIM4
1
21
22
SIM5
SIM1
SIM2
SIM3
SIM4
1
21
22
SIM5
SIM1
SIM2
SIM3
SIM4
1
21
22
SIM5
SIM1
SIM2
SIM3
SIM4
1
21
22
SIM5
SIM1
SIM2
SIM3
SIM4
1
21
22
SIM5
SIM1
SIM2
SIM3
SIM4
1
21
22
SIM5
SIM1
SIM2
SIM3
SIM4
1
21
22
SIM5
SIM1
SIM2
SIM3
SIM4
1
21
22
SIM5
SIM1
SIM2
SIM3
SIM4
1
21
22
SIM5
SIM1
SIM2
SIM3
SIM4
1
21
22
SIM5
SIM1
SIM2
SIM3
SIM4
1
21
22
SIM5
SIM1
SIM2
SIM3
SIM4
1
21
22
SIM5
SIM1
SIM2
SIM3
SIM4
1
21
22
SIM5
SIM1
SIM2
SIM3
SIM4
1
21
22
SIM5
SIM1
SIM2
SIM3
SIM4
1
21
22
SIM5
SIM1
SIM2
SIM3
SIM4
1
21
22
SIM5
SIM1
SIM2
SIM3
SIM4
1
21
22
SIM5
SIM1
SIM2
SIM3
SIM4
1
21
22
SIM5
SIM1
SIM2
SIM3
SIM4
1
21
22
SIM5
SIM1
SIM2
SIM3
SIM4
1
21
22
SIM5
SIM1
SIM2
SIM3
SIM4
1
21
22
SIM5
SIM1
SIM2
SIM3
SIM4
1
21
22
SIM5
SIM1
SIM2
SIM3
SIM4
1
21
22
SIM5
SIM1
SIM2
SIM3
SIM4
1
21
22
SIM5
SIM1
SIM2
SIM3
SIM4
1
21
22
SIM5
SIM1
SIM2
SIM3
SIM4
1
21
22
SIM5
SIM1
SIM2
SIM3
SIM4
1
21
22
SIM5
SIM1
SIM2
SIM3
SIM4
1
21
22
SIM5
SIM1
SIM2
SIM3
SIM4
1
21
22
SIM5
SIM1
SIM2
SIM3
SIM4
1
21
22
SIM5
SIM1
SIM2
SIM3
SIM4
1
21
22
SIM5
SIM1
SIM2
SIM3
SIM4
1
21
22
SIM5
SIM1
SIM2
SIM3
SIM4
1
21
22
SIM5
SIM1
SIM2
SIM3
SIM4
1
21
22
SIM5
SIM1
SIM2
SIM3
SIM4
1
21
22
SIM5
SIM1
SIM2
SIM3
SIM4
1
21
22
SIM5
SIM1
SIM2
SIM3
SIM4
1
21
22
SIM5
SIM1
SIM2
SIM3
SIM4
1
21
22
SIM5
SIM1
SIM2
SIM3
SIM4
1
21
22
SIM5
SIM1
SIM2
SIM3
SIM4
1
21
22
SIM5
SIM1
SIM2
SIM3
SIM4
1
21
22
SIM5
SIM1
SIM2
SIM3
SIM4
1
21
22
SIM5
SIM1
SIM2
SIM3
SIM4
1
21
22
SIM5
SIM1
SIM2
SIM3
SIM4
1
21
22
SIM5
SIM1
SIM2
SIM3
SIM4
1
21
22
SIM5
SIM1
SIM2
SIM3
SIM4
1
21
22
SIM5
SIM1
SIM2
SIM3
SIM4
1
21
22
SIM5
SIM1
SIM2
SIM3
SIM4
1
21
22
SIM5
SIM1
SIM2
SIM3
SIM4
1
21
22
SIM5
SIM1
SIM2
SIM3
SIM4
1
21
22
SIM5
SIM1
SIM2
SIM3
SIM4
1
21
22
SIM5
SIM1
SIM2
SIM3
SIM4
1
21
22
SIM5
SIM1
SIM2
SIM3
SIM4
1
21
22
SIM5
SIM1
SIM2
SIM3
SIM4
1
21
22
SIM5
SIM1
SIM2
SIM3
SIM4
1
21
22
SIM5
SIM1
SIM2
SIM3
SIM4
1
21
22
SIM5
SIM1
SIM2
SIM3
SIM4
1
21
22
SIM5
SIM1
SIM2
SIM3
SIM4
1
21
22
SIM5
SIM1
SIM2
SIM3
SIM4
1
21
22
SIM5
SIM1
SIM2
SIM3
SIM4
1
21
22
SIM5
SIM1
SIM2
SIM3
SIM4
1
21
22
SIM5
SIM1
SIM2
SIM3
SIM4
1
21
22
SIM5
SIM1
SIM2
SIM3
SIM4
1
21
22
SIM5
SIM1
SIM2
SIM3
SIM4
1
21
22
SIM5
SIM1
SIM2
SIM3
SIM4
1
21
22
SIM5
SIM1
SIM2
SIM3
SIM4
1
21
22
SIM5
SIM1
SIM2
SIM3
SIM4
1
21
22
SIM5
SIM1
SIM2
SIM3
SIM4
1
21
22
SIM5
SIM1
SIM2
SIM3
SIM4
1
21
22
SIM5
SIM1
SIM2
SIM3
SIM4
1
21
22
SIM5
SIM1
SIM2
SIM3
SIM4
1
21
22
SIM5
SIM1
SIM2
SIM3
SIM4
1
21
22
SIM5
SIM1
SIM2
SIM3
SIM4
1
21
22
SIM5
SIM1
SIM2
SIM3
SIM4
1
21
22
SIM5
SIM1
SIM2
SIM3
SIM4
1
21
22
SIM5
SIM1
SIM2
SIM3
SIM4
1
21
22
SIM5
SIM1
SIM2
SIM3
SIM4
1
21
22
SIM5
SIM1
SIM2
SIM3
SIM4
1
21
22
SIM5
SIM1
SIM2
SIM3
SIM4
1
21
22
SIM5
SIM1
SIM2
SIM3
SIM4
1
21
22
SIM5
SIM1
SIM2
SIM3
SIM4
1
21
22
SIM5
SIM1
SIM2
SIM3
SIM4
1
21
22
SIM5
SIM1
SIM2
SIM3
SIM4
1
21
22
SIM5
SIM1
SIM2
SIM3
SIM4
1
21
22
SIM5
SIM1
SIM2
SIM3
SIM4
1
21
22
SIM5
SIM1
SIM2
SIM3
SIM4
1
21
22
SIM5
SIM1
SIM2
SIM3
SIM4
1
21
22
SIM5
SIM1
SIM2
SIM3
SIM4
1
21
22
SIM5
SIM1
SIM2
SIM3
SIM4
1
21
22
SIM5
SIM1
SIM2
SIM3
SIM4
1
21
22
SIM5
SIM1
SIM2
SIM3
SIM4
1
21
22
SIM5
SIM1
SIM2
SIM3
SIM4
1
21
22
SIM5
SIM1
SIM2
SIM3
SIM4
1
21
22
SIM5
SIM1
SIM2
SIM3
SIM4
1
21
22
SIM5
SIM1
SIM2
SIM3
SIM4
1
21
22
SIM5
SIM1
SIM2
SIM3
SIM4
1
21
22
SIM5
SIM1
SIM2
SIM3
SIM4
1
21
22
SIM5
SIM1
SIM2
SIM3
SIM4
1
21
22
SIM5
SIM1
SIM2
SIM3
SIM4
1
21
22
SIM5
SIM1
SIM2
SIM3
SIM4
1
21
22
SIM5
SIM1
SIM2
SIM3
SIM4
1
21
22
SIM5
SIM1
SIM2
SIM3
SIM4
1
21
22
SIM5
SIM1
SIM2
SIM3
SIM4
1
21
22
SIM5
SIM1
SIM2
SIM3
SIM4
1
21
22
SIM5
SIM1
SIM2
SIM3
SIM4
1
21
22
SIM5
SIM1
SIM2
SIM3
SIM4
1
21
22
SIM5
SIM1
SIM2
SIM3
SIM4
1
21
22
SIM5
SIM1
SIM2
SIM3
SIM4
1
21
22
SIM5
SIM1
SIM2
SIM3
SIM4
1
21
22
SIM5
SIM1
SIM2
SIM3
SIM4
1
21
22
SIM5
SIM1
SIM2
SIM3
SIM4
1
21
22
SIM5
SIM1
SIM2
SIM3
SIM4
1
21
22
SIM5
SIM1
SIM2
SIM3
SIM4
1
21
22
SIM5
SIM1
SIM2
SIM3
SIM4
1
21
22
SIM5
SIM1
SIM2
SIM3
SIM4
1
21
22
SIM5
SIM1
SIM2
SIM3
SIM4
1
21
22
SIM5
SIM1
SIM2
SIM3
SIM4
1
21
22
SIM5
SIM1
SIM2
SIM3
SIM4
1
21
22
SIM5
SIM1
SIM2
SIM3
SIM4
1
21
22
SIM5
SIM1
SIM2
SIM3
SIM4
1
21
22
SIM5
SIM1
SIM2
SIM3
SIM4
1
21
22
SIM5
SIM1
SIM2
SIM3
SIM4
1
21
22
SIM5
SIM1
SIM2
SIM3
SIM4
1
21
22
SIM5
SIM1
SIM2
SIM3
SIM4
1
21
22
SIM5
SIM1
SIM2
SIM3
SIM4
1
21
22
SIM5
SIM1
SIM2
SIM3
SIM4
1
21
22
SIM5
SIM1
SIM2
SIM3
SIM4
1
21
22
SIM5
SIM1
SIM2
SIM3
SIM4
1
21
22
SIM5
SIM1
SIM2
SIM3
SIM4
1
21
22
SIM5
SIM1
SIM2
SIM3
SIM4
1
21
22
SIM5
SIM1
SIM2
SIM3
SIM4
1
21
22
SIM5
SIM1
SIM2
SIM3
SIM4
1
21
22
SIM5
SIM1
SIM2
SIM3
SIM4
1
21
22
SIM5
SIM1
SIM2
SIM3
SIM4
1
21
22
SIM5
SIM1
SIM2
SIM3
SIM4
1
21
22
SIM5
SIM1
SIM2
SIM3
SIM4
1
21
22
SIM5
SIM1
SIM2
SIM3
SIM4
1
21
22
SIM5
SIM1
SIM2
SIM3
SIM4
1
21
22
SIM5
SIM1
SIM2
SIM3
SIM4
1
21
22
SIM5
SIM1
SIM2
SIM3
SIM4
1
21
22
SIM5
SIM1
SIM2
SIM3
SIM4
1
21
22
SIM5
SIM1
SIM2
SIM3
SIM4
1
21
22
SIM5
SIM1
SIM2
SIM3
SIM4
1
21
22
SIM5
SIM1
SIM2
SIM3
SIM4
1
21
22
SIM5
SIM1
SIM2
SIM3
SIM4
1
21
22
SIM5
SIM1
SIM2
SIM3
SIM4
1
21
22
SIM5
SIM1
SIM2
SIM3
SIM4
1
21
22
SIM5
SIM1
SIM2
SIM3
SIM4
1
21
22
SIM5
SIM1
SIM2
SIM3
SIM4
1
21
22
SIM5
SIM1
SIM2
SIM3
SIM4
1
21
22
SIM5
SIM1
SIM2
SIM3
SIM4
1
21
22
SIM5
SIM1
SIM2
SIM3
SIM4
1
21
22
SIM5
SIM1
SIM2
SIM3
SIM4
1
21
22
SIM5
SIM1
SIM2
SIM3
SIM4
1
21
22
SIM5
SIM1
SIM2
SIM3
SIM4
1
21
22
SIM5
SIM1
SIM2
SIM3
SIM4
1
21
22
SIM5
SIM1
SIM2
SIM3
SIM4
1
21
22
SIM5
SIM1
SIM2
SIM3
SIM4
1
21
22
SIM5
SIM1
SIM2
SIM3
SIM4
1
21
22
SIM5
SIM1
SIM2
SIM3
SIM4
1
21
22
SIM5
SIM1
SIM2
SIM3
SIM4
1
21
22
SIM5
SIM1
SIM2
SIM3
SIM4
1
21
22
SIM5
SIM1
SIM2
SIM3
SIM4
1
21
22
SIM5
SIM1
SIM2
SIM3
SIM4
1
21
22
SIM5
SIM1
SIM2
SIM3
SIM4
1
21
22
SIM5
SIM1
SIM2
SIM3
SIM4
1
21
22
SIM5
SIM1
SIM2
SIM3
SIM4
1
21
22
SIM5
SIM1
SIM2
SIM3
SIM4
1
21
22
SIM5
SIM1
SIM2
SIM3
SIM4
1
21
22
SIM5
SIM1
SIM2
SIM3
SIM4
1
21
22
SIM5
SIM1
SIM2
SIM3
SIM4
1
21
22
SIM5
SIM1
SIM2
SIM3
SIM4
1
21
22
SIM5
SIM1
SIM2
SIM3
SIM4
1
21
22
SIM5
SIM1
SIM2
SIM3
SIM4
1
21
22
SIM5
SIM1
SIM2
SIM3
SIM4
1
21
22
SIM5
SIM1
SIM2
SIM3
SIM4
1
21
22
SIM5
SIM1
SIM2
SIM3
SIM4
1
21
22
SIM5
SIM1
SIM2
SIM3
SIM4
1
21
22
SIM5
SIM1
SIM2
SIM3
SIM4
1
21
22
SIM5
SIM1
SIM2
SIM3
SIM4
1
21
22
SIM5
SIM1
SIM2
SIM3
SIM4
1
21
22
SIM5
SIM1
SIM2
SIM3
SIM4
1
21
22
SIM5
SIM1
SIM2
SIM3
SIM4
1
21
22
SIM5
SIM1
SIM2
SIM3
SIM4
1
21
22
SIM5
SIM1
SIM2
SIM3
SIM4
1
21
22
SIM5
SIM1
SIM2
SIM3
SIM4
1
21
22
SIM5
SIM1
SIM2
SIM3
SIM4
1
21
22
SIM5
SIM1
SIM2
SIM3
SIM4
1
21
22
SIM5
SIM1
SIM2
SIM3
SIM4
1
21
22
SIM5
SIM1
SIM2
SIM3
SIM4
1
21
22
SIM5
SIM1
SIM2
SIM3
SIM4
1
21
22
SIM5
SIM1
SIM2
SIM3
SIM4
1
21
22
SIM5
SIM1
SIM2
SIM3
SIM4
1
21
22
SIM5
SIM1
SIM2
SIM3
SIM4
1
21
22
SIM5
SIM1
SIM2
SIM3
SIM4
1
21
22
SIM5
SIM1
SIM2
SIM3
SIM4
1
21
22
SIM5
SIM1
SIM2
SIM3
SIM4
1
21
22
SIM5
SIM1
SIM2
SIM3
SIM4
1
21
22
SIM5
SIM1
SIM2
SIM3
SIM4
1
21
22
SIM5
SIM1
SIM2
SIM3
SIM4
1
21
22
SIM5
SIM1
SIM2
SIM3
SIM4
1
21
22
SIM5
SIM1
SIM2
SIM3
SIM4
1
21
22
SIM5
SIM1
SIM2
SIM3
SIM4
1
21
22
SIM5
SIM1
SIM2
SIM3
SIM4
1
21
22
SIM5
SIM1
SIM2
SIM3
SIM4
1
21
22
SIM5
SIM1
SIM2
SIM3
SIM4
1
21
22
SIM5
SIM1
SIM2
SIM3
SIM4
1
21
22
SIM5
SIM1
SIM2
SIM3
SIM4
1
21
22
SIM5
SIM1
SIM2
SIM3
SIM4
1
21
22
SIM5
SIM1
SIM2
SIM3
SIM4
1
21
22
SIM5
SIM1
SIM2
SIM3
SIM4
1
21
22
SIM5
SIM1
SIM2
SIM3
SIM4
1
21
22
SIM5
SIM1
SIM2
SIM3
SIM4
1
21
22
SIM5
SIM1
SIM2
SIM3
SIM4
1
21
22
SIM5
SIM1
SIM2
SIM3
SIM4
1
21
22
SIM5
SIM1
SIM2
SIM3
SIM4
1
21
22
SIM5
SIM1
SIM2
SIM3
SIM4
1
21
22
SIM5
SIM1
SIM2
SIM3
SIM4
1
21
22
SIM5
SIM1
SIM2
SIM3
SIM4
1
21
22
SIM5
SIM1
SIM2
SIM3
SIM4
1
21
22
SIM5
SIM1
SIM2
SIM3
SIM4
1
21
22
SIM5
SIM1
SIM2
SIM3
SIM4
1
21
22
SIM5
SIM1
SIM2
SIM3
SIM4
1
21
22
SIM5
SIM1
SIM2
SIM3
SIM4
1
21
22
SIM5
SIM1
SIM2
SIM3
SIM4
1
21
22
SIM5
SIM1
SIM2
SIM3
SIM4
1
21
22
SIM5
SIM1
SIM2
DEBUG 1 167
SIM1
SIM2
SIM3
SIM4
1
21
22
SIM5
SIM1
SIM2
SIM3
SIM4
1
21
22
SIM5
SIM1
SIM2
SIM3
SIM4
1
21
22
SIM5
SIM1
SIM2
SIM3
SIM4
1
21
22
SIM5
SIM1
SIM2
SIM3
SIM4
1
21
22
SIM5
SIM1
SIM2
SIM3
SIM4
1
21
22
SIM5
SIM1
SIM2
SIM3
SIM4
1
21
22
SIM5
SIM1
SIM2
SIM3
SIM4
1
21
22
SIM5
SIM1
SIM2
SIM3
SIM4
1
21
22
SIM5
SIM1
SIM2
SIM3
SIM4
1
21
22
SIM5
SIM1
SIM2
SIM3
SIM4
1
21
22
SIM5
SIM1
SIM2
SIM3
SIM4
1
21
22
SIM5
SIM1
SIM2
SIM3
SIM4
1
21
22
SIM5
SIM1
SIM2
SIM3
SIM4
1
21
22
SIM5
SIM1
SIM2
SIM3
SIM4
1
21
22
SIM5
SIM1
SIM2
SIM3
SIM4
1
21
22
SIM5
SIM1
SIM2
SIM3
SIM4
1
21
22
SIM5
SIM1
SIM2
SIM3
SIM4
1
21
22
SIM5
SIM1
SIM2
SIM3
SIM4
1
21
22
SIM5
SIM1
SIM2
SIM3
SIM4
1
21
22
SIM5
SIM1
SIM2
SIM3
SIM4
1
21
22
SIM5
SIM1
SIM2
SIM3
SIM4
1
21
22
SIM5
SIM1
SIM2
SIM3
SIM4
1
21
22
SIM5
SIM1
SIM2
SIM3
SIM4
1
21
22
SIM5
SIM1
SIM2
SIM3
SIM4
1
21
22
SIM5
SIM1
SIM2
SIM3
SIM4
1
21
22
SIM5
SIM1
SIM2
SIM3
SIM4
1
21
22
SIM5
SIM1
SIM2
SIM3
SIM4
1
21
22
SIM5
SIM1
SIM2
SIM3
SIM4
1
21
22
SIM5
SIM1
SIM2
SIM3
SIM4
1
21
22
SIM5
SIM1
SIM2
SIM3
SIM4
1
21
22
SIM5
SIM1
SIM2
SIM3
SIM4
1
21
22
SIM5
SIM1
SIM2
SIM3
SIM4
1
21
22
SIM5
SIM1
SIM2
SIM3
SIM4
1
21
22
SIM5
SIM1
SIM2
SIM3
SIM4
1
21
22
SIM5
SIM1
SIM2
SIM3
SIM4
1
21
22
SIM5
SIM1
SIM2
SIM3
SIM4
1
21
22
SIM5
SIM1
SIM2
SIM3
SIM4
1
21
22
SIM5
SIM1
SIM2
SIM3
SIM4
1
21
22
SIM5
SIM1
SIM2
SIM3
SIM4
1
21
22
SIM5
SIM1
SIM2
SIM3
SIM4
1
21
22
SIM5
SIM1
SIM2
SIM3
SIM4
1
21
22
SIM5
SIM1
SIM2
SIM3
SIM4
1
21
22
SIM5
SIM1
SIM2
SIM3
SIM4
1
21
22
SIM5
SIM1
SIM2
SIM3
SIM4
1
21
22
SIM5
SIM1
SIM2
SIM3
SIM4
1
21
22
SIM5
SIM1
SIM2
SIM3
SIM4
1
21
22
SIM5
SIM1
SIM2
SIM3
SIM4
1
21
22
SIM5
SIM1
SIM2
SIM3
SIM4
1
21
22
SIM5
SIM1
SIM2
SIM3
SIM4
1
21
22
SIM5
SIM1
SIM2
SIM3
SIM4
1
21
22
SIM5
SIM1
SIM2
SIM3
SIM4
1
21
22
SIM5
SIM1
SIM2
SIM3
SIM4
1
21
22
SIM5
SIM1
SIM2
SIM3
SIM4
1
21
22
SIM5
SIM1
SIM2
SIM3
SIM4
1
21
22
SIM5
SIM1
SIM2
SIM3
SIM4
1
21
22
SIM5
SIM1
SIM2
SIM3
SIM4
1
21
22
SIM5
SIM1
SIM2
SIM3
SIM4
1
21
22
SIM5
SIM1
SIM2
SIM3
SIM4
1
21
22
SIM5
SIM1
SIM2
SIM3
SIM4
1
21
22
SIM5
SIM1
SIM2
SIM3
SIM4
1
21
22
SIM5
SIM1
SIM2
SIM3
SIM4
1
21
22
SIM5
SIM1
SIM2
SIM3
SIM4
1
21
22
SIM5
SIM1
SIM2
SIM3
SIM4
1
21
22
SIM5
SIM1
SIM2
SIM3
SIM4
1
21
22
SIM5
SIM1
SIM2
SIM3
SIM4
1
21
22
SIM5
SIM1
SIM2
SIM3
SIM4
1
21
22
SIM5
SIM1
SIM2
SIM3
SIM4
1
21
22
SIM5
SIM1
SIM2
SIM3
SIM4
1
21
22
SIM5
SIM1
SIM2
SIM3
SIM4
1
21
22
SIM5
SIM1
SIM2
SIM3
SIM4
1
21
22
SIM5
SIM1
SIM2
SIM3
SIM4
1
21
22
SIM5
SIM1
SIM2
SIM3
SIM4
1
21
22
SIM5
SIM1
SIM2
SIM3
SIM4
1
21
22
SIM5
SIM1
SIM2
SIM3
SIM4
1
21
22
SIM5
SIM1
SIM2
SIM3
SIM4
1
21
22
SIM5
SIM1
SIM2
SIM3
SIM4
1
21
22
SIM5
SIM1
SIM2
SIM3
SIM4
1
21
22
SIM5
SIM1
SIM2
SIM3
SIM4
1
21
22
SIM5
SIM1
SIM2
SIM3
SIM4
1
21
22
SIM5
SIM1
SIM2
SIM3
SIM4
1
21
22
SIM5
SIM1
SIM2
SIM3
SIM4
1
21
22
SIM5
SIM1
SIM2
SIM3
SIM4
1
21
22
SIM5
SIM1
SIM2
SIM3
SIM4
1
21
22
SIM5
SIM1
SIM2
SIM3
SIM4
1
21
22
SIM5
SIM1
SIM2
SIM3
SIM4
1
21
22
SIM5
SIM1
SIM2
SIM3
SIM4
1
21
22
SIM5
SIM1
SIM2
SIM3
SIM4
1
21
22
SIM5
SIM1
SIM2
SIM3
SIM4
1
21
22
SIM5
SIM1
SIM2
SIM3
SIM4
1
21
22
SIM5
SIM1
SIM2
SIM3
SIM4
1
21
22
SIM5
SIM1
SIM2
SIM3
SIM4
1
21
22
SIM5
SIM1
SIM2
SIM3
SIM4
1
21
22
SIM5
SIM1
SIM2
SIM3
SIM4
1
21
22
SIM5
SIM1
SIM2
SIM3
SIM4
1
21
22
SIM5
SIM1
SIM2
SIM3
SIM4
1
21
22
SIM5
SIM1
SIM2
SIM3
SIM4
1
21
22
SIM5
SIM1
SIM2
SIM3
SIM4
1
21
22
SIM5
SIM1
SIM2
SIM3
SIM4
1
21
22
SIM5
SIM1
SIM2
SIM3
SIM4
1
21
22
SIM5
SIM1
SIM2
SIM3
SIM4
1
21
22
SIM5
SIM1
SIM2
SIM3
SIM4
1
21
22
SIM5
SIM1
SIM2
SIM3
SIM4
1
21
22
SIM5
SIM1
SIM2
SIM3
SIM4
1
21
22
SIM5
SIM1
SIM2
SIM3
SIM4
1
21
22
SIM5
SIM1
SIM2
SIM3
SIM4
1
21
22
SIM5
SIM1
SIM2
SIM3
SIM4
1
21
22
SIM5
SIM1
SIM2
SIM3
SIM4
1
21
22
SIM5
SIM1
SIM2
SIM3
SIM4
1
21
22
SIM5
SIM1
SIM2
SIM3
SIM4
1
21
22
SIM5
SIM1
SIM2
SIM3
SIM4
1
21
22
SIM5
SIM1
SIM2
SIM3
SIM4
1
21
22
SIM5
SIM1
SIM2
SIM3
SIM4
1
21
22
SIM5
SIM1
SIM2
SIM3
SIM4
1
21
22
SIM5
SIM1
SIM2
SIM3
SIM4
1
21
22
SIM5
SIM1
SIM2
SIM3
SIM4
1
21
22
SIM5
SIM1
SIM2
SIM3
SIM4
1
21
22
SIM5
SIM1
SIM2
SIM3
SIM4
1
21
22
SIM5
SIM1
SIM2
SIM3
SIM4
1
21
22
SIM5
SIM1
SIM2
SIM3
SIM4
1
21
22
SIM5
SIM1
SIM2
SIM3
SIM4
1
21
22
SIM5
SIM1
SIM2
SIM3
SIM4
1
21
22
SIM5
SIM1
SIM2
SIM3
SIM4
1
21
22
SIM5
SIM1
SIM2
SIM3
SIM4
1
21
22
SIM5
SIM1
SIM2
SIM3
SIM4
1
21
22
SIM5
SIM1
SIM2
SIM3
SIM4
1
21
22
SIM5
SIM1
SIM2
SIM3
SIM4
1
21
22
SIM5
SIM1
SIM2
SIM3
SIM4
1
21
22
SIM5
SIM1
SIM2
SIM3
SIM4
1
21
22
SIM5
SIM1
SIM2
SIM3
SIM4
1
21
22
SIM5
SIM1
SIM2
SIM3
SIM4
1
21
22
SIM5
SIM1
SIM2
SIM3
SIM4
1
21
22
SIM5
SIM1
SIM2
SIM3
SIM4
1
21
22
SIM5
SIM1
SIM2
SIM3
SIM4
1
21
22
SIM5
SIM1
SIM2
SIM3
SIM4
1
21
22
SIM5
SIM1
SIM2
SIM3
SIM4
1
21
22
SIM5
SIM1
SIM2
SIM3
SIM4
1
21
22
SIM5
SIM1
SIM2
SIM3
SIM4
1
21
22
SIM5
SIM1
SIM2
SIM3
SIM4
1
21
22
SIM5
SIM1
SIM2
SIM3
SIM4
1
21
22
SIM5
SIM1
SIM2
SIM3
SIM4
1
21
22
SIM5
SIM1
SIM2
SIM3
SIM4
1
21
22
SIM5
SIM1
SIM2
SIM3
SIM4
1
21
22
SIM5
SIM1
SIM2
SIM3
SIM4
1
21
22
SIM5
SIM1
SIM2
SIM3
SIM4
1
21
22
SIM5
SIM1
SIM2
SIM3
SIM4
1
21
22
SIM5
SIM1
SIM2
SIM3
SIM4
1
21
22
SIM5
SIM1
SIM2
SIM3
SIM4
1
21
22
SIM5
SIM1
SIM2
SIM3
SIM4
1
21
22
SIM5
SIM1
SIM2
SIM3
SIM4
1
21
22
SIM5
SIM1
SIM2
SIM3
SIM4
1
21
22
SIM5
SIM1
SIM2
SIM3
SIM4
1
21
22
SIM5
SIM1
SIM2
SIM3
SIM4
1
21
22
SIM5
SIM1
SIM2
SIM3
SIM4
1
21
22
SIM5
SIM1
SIM2
SIM3
SIM4
1
21
22
SIM5
SIM1
SIM2
SIM3
SIM4
1
21
22
SIM5
SIM1
SIM2
SIM3
SIM4
1
21
22
SIM5
SIM1
SIM2
SIM3
SIM4
1
21
22
SIM5
SIM1
SIM2
SIM3
SIM4
1
21
22
SIM5
SIM1
SIM2
SIM3
SIM4
1
21
22
SIM5
SIM1
SIM2
SIM3
SIM4
1
21
22
SIM5
SIM1
SIM2
SIM3
SIM4
1
21
22
SIM5
SIM1
SIM2
SIM3
SIM4
1
21
22
SIM5
SIM1
SIM2
SIM3
SIM4
1
21
22
SIM5
SIM1
SIM2
SIM3
SIM4
1
21
22
SIM5
SIM1
SIM2
SIM3
SIM4
1
21
22
SIM5
SIM1
SIM2
SIM3
SIM4
1
21
22
SIM5
SIM1
SIM2
SIM3
SIM4
1
21
22
SIM5
SIM1
SIM2
SIM3
SIM4
1
21
22
SIM5
SIM1
SIM2
SIM3
SIM4
1
21
22
SIM5
SIM1
SIM2
SIM3
SIM4
1
21
22
SIM5
SIM1
SIM2
SIM3
SIM4
1
21
22
SIM5
SIM1
SIM2
SIM3
SIM4
1
21
22
SIM5
SIM1
SIM2
SIM3
SIM4
1
21
22
SIM5
SIM1
SIM2
SIM3
SIM4
1
21
22
SIM5
SIM1
SIM2
SIM3
SIM4
1
21
22
SIM5
SIM1
SIM2
SIM3
SIM4
1
21
22
SIM5
SIM1
SIM2
SIM3
SIM4
1
21
22
SIM5
SIM1
SIM2
SIM3
SIM4
1
21
22
SIM5
SIM1
SIM2
SIM3
SIM4
1
21
22
SIM5
SIM1
SIM2
SIM3
SIM4
1
21
22
SIM5
SIM1
SIM2
SIM3
SIM4
1
21
22
SIM5
SIM1
SIM2
SIM3
SIM4
1
21
22
SIM5
SIM1
SIM2
SIM3
SIM4
1
21
22
SIM5
SIM1
SIM2
SIM3
SIM4
1
21
22
SIM5
SIM1
SIM2
SIM3
SIM4
1
21
22
SIM5
SIM1
SIM2
SIM3
SIM4
1
21
22
SIM5
SIM1
SIM2
SIM3
SIM4
1
21
22
SIM5
SIM1
SIM2
SIM3
SIM4
1
21
22
SIM5
SIM1
SIM2
SIM3
SIM4
1
21
22
SIM5
SIM1
SIM2
SIM3
SIM4
1
21
22
SIM5
SIM1
SIM2
SIM3
SIM4
1
21
22
SIM5
SIM1
SIM2
SIM3
SIM4
1
21
22
SIM5
SIM1
SIM2
SIM3
SIM4
1
21
22
SIM5
SIM1
SIM2
SIM3
SIM4
1
21
22
SIM5
SIM1
SIM2
SIM3
SIM4
1
21
22
SIM5
SIM1
SIM2
SIM3
SIM4
1
21
22
SIM5
SIM1
SIM2
SIM3
SIM4
1
21
22
SIM5
SIM1
SIM2
SIM3
SIM4
1
21
22
SIM5
SIM1
SIM2
SIM3
SIM4
1
21
22
SIM5
SIM1
SIM2
SIM3
SIM4
1
21
22
SIM5
SIM1
SIM2
SIM3
SIM4
1
21
22
SIM5
SIM1
SIM2
SIM3
SIM4
1
21
22
SIM5
SIM1
SIM2
SIM3
SIM4
1
21
22
SIM5
SIM1
SIM2
SIM3
SIM4
1
21
22
SIM5
SIM1
SIM2
SIM3
SIM4
1
21
22
SIM5
SIM1
SIM2
SIM3
SIM4
1
21
22
SIM5
SIM1
SIM2
SIM3
SIM4
1
21
22
SIM5
SIM1
SIM2
SIM3
SIM4
1
21
22
SIM5
SIM1
SIM2
SIM3
SIM4
1
21
22
SIM5
SIM1
SIM2
SIM3
SIM4
1
21
22
SIM5
SIM1
SIM2
SIM3
SIM4
1
21
22
SIM5
SIM1
SIM2
SIM3
SIM4
1
21
22
SIM5
SIM1
SIM2
SIM3
SIM4
1
21
22
SIM5
SIM1
SIM2
SIM3
SIM4
1
21
22
SIM5
SIM1
SIM2
SIM3
SIM4
1
21
22
SIM5
SIM1
SIM2
SIM3
SIM4
1
21
22
SIM5
SIM1
SIM2
SIM3
SIM4
1
21
22
SIM5
SIM1
SIM2
SIM3
SIM4
1
21
22
SIM5
SIM1
SIM2
SIM3
SIM4
1
21
22
SIM5
SIM1
SIM2
SIM3
SIM4
1
21
22
SIM5
SIM1
SIM2
SIM3
SIM4
1
21
22
SIM5
SIM1
SIM2
SIM3
SIM4
1
21
22
SIM5
SIM1
SIM2
SIM3
SIM4
1
21
22
SIM5
SIM1
SIM2
SIM3
SIM4
1
21
22
SIM5
SIM1
SIM2
SIM3
SIM4
1
21
22
SIM5
SIM1
SIM2
SIM3
SIM4
1
21
22
SIM5
SIM1
SIM2
SIM3
SIM4
1
21
22
SIM5
SIM1
SIM2
SIM3
SIM4
1
21
22
SIM5
SIM1
SIM2
SIM3
SIM4
1
21
22
SIM5
SIM1
SIM2
SIM3
SIM4
1
21
22
SIM5
SIM1
SIM2
SIM3
SIM4
1
21
22
SIM5
SIM1
SIM2
SIM3
SIM4
1
21
22
SIM5
SIM1
SIM2
DEBUG 1 168
SIM1
SIM2
SIM3
SIM4
1
21
22
SIM5
SIM1
SIM2
SIM3
SIM4
1
21
22
SIM5
SIM1
SIM2
SIM3
SIM4
1
21
22
SIM5
SIM1
SIM2
SIM3
SIM4
1
21
22
SIM5
SIM1
SIM2
SIM3
SIM4
1
21
22
SIM5
SIM1
SIM2
SIM3
SIM4
1
21
22
SIM5
SIM1
SIM2
SIM3
SIM4
1
21
22
SIM5
SIM1
SIM2
SIM3
SIM4
1
21
22
SIM5
SIM1
SIM2
SIM3
SIM4
1
21
22
SIM5
SIM1
SIM2
SIM3
SIM4
1
21
22
SIM5
SIM1
SIM2
SIM3
SIM4
1
21
22
SIM5
SIM1
SIM2
SIM3
SIM4
1
21
22
SIM5
SIM1
SIM2
SIM3
SIM4
1
21
22
SIM5
SIM1
SIM2
SIM3
SIM4
1
21
22
SIM5
SIM1
SIM2
SIM3
SIM4
1
21
22
SIM5
SIM1
SIM2
SIM3
SIM4
1
21
22
SIM5
SIM1
SIM2
SIM3
SIM4
1
21
22
SIM5
SIM1
SIM2
SIM3
SIM4
1
21
22
SIM5
SIM1
SIM2
SIM3
SIM4
1
21
22
SIM5
SIM1
SIM2
SIM3
SIM4
1
21
22
SIM5
SIM1
SIM2
SIM3
SIM4
1
21
22
SIM5
SIM1
SIM2
SIM3
SIM4
1
21
22
SIM5
SIM1
SIM2
SIM3
SIM4
1
21
22
SIM5
SIM1
SIM2
SIM3
SIM4
1
21
22
SIM5
SIM1
SIM2
SIM3
SIM4
1
21
22
SIM5
SIM1
SIM2
SIM3
SIM4
1
21
22
SIM5
SIM1
SIM2
SIM3
SIM4
1
21
22
SIM5
SIM1
SIM2
SIM3
SIM4
1
21
22
SIM5
SIM1
SIM2
SIM3
SIM4
1
21
22
SIM5
SIM1
SIM2
DEBUG 1 169
SIM1
SIM2
SIM3
SIM4
1
21
22
SIM5
SIM1
SIM2
SIM3
SIM4
1
21
22
SIM5
SIM1
SIM2
SIM3
SIM4
1
21
22
SIM5
SIM1
SIM2
SIM3
SIM4
1
21
22
SIM5
SIM1
SIM2
SIM3
SIM4
1
21
22
SIM5
SIM1
SIM2
SIM3
SIM4
1
21
22
SIM5
SIM1
SIM2
SIM3
SIM4
1
21
22
SIM5
SIM1
SIM2
SIM3
SIM4
1
21
22
SIM5
SIM1
SIM2
SIM3
SIM4
1
21
22
SIM5
SIM1
SIM2
SIM3
SIM4
1
21
22
SIM5
SIM1
SIM2
SIM3
SIM4
1
21
22
SIM5
SIM1
SIM2
SIM3
SIM4
1
21
22
SIM5
SIM1
SIM2
SIM3
SIM4
1
21
22
SIM5
SIM1
SIM2
SIM3
SIM4
1
21
22
SIM5
SIM1
SIM2
SIM3
SIM4
1
21
22
SIM5
SIM1
SIM2
SIM3
SIM4
1
21
22
SIM5
SIM1
SIM2
SIM3
SIM4
1
21
22
SIM5
SIM1
SIM2
SIM3
SIM4
1
21
22
SIM5
SIM1
SIM2
SIM3
SIM4
1
21
22
SIM5
SIM1
SIM2
SIM3
SIM4
1
21
22
SIM5
SIM1
SIM2
SIM3
SIM4
1
21
22
SIM5
SIM1
SIM2
SIM3
SIM4
1
21
22
SIM5
SIM1
SIM2
SIM3
SIM4
1
21
22
SIM5
SIM1
SIM2
SIM3
SIM4
1
21
22
SIM5
SIM1
SIM2
SIM3
SIM4
1
21
22
SIM5
SIM1
SIM2
SIM3
SIM4
1
21
22
SIM5
SIM1
SIM2
SIM3
SIM4
1
21
22
SIM5
SIM1
SIM2
SIM3
SIM4
1
21
22
SIM5
SIM1
SIM2
SIM3
SIM4
1
21
22
SIM5
SIM1
SIM2
SIM3
SIM4
1
21
22
SIM5
SIM1
SIM2
SIM3
SIM4
1
21
22
SIM5
SIM1
SIM2
SIM3
SIM4
1
21
22
SIM5
SIM1
SIM2
SIM3
SIM4
1
21
22
SIM5
SIM1
SIM2
SIM3
SIM4
1
21
22
SIM5
SIM1
SIM2
SIM3
SIM4
1
21
22
SIM5
SIM1
SIM2
SIM3
SIM4
1
21
22
SIM5
SIM1
SIM2
SIM3
SIM4
1
21
22
SIM5
SIM1
SIM2
SIM3
SIM4
1
21
22
SIM5
SIM1
SIM2
SIM3
SIM4
1
21
22
SIM5
SIM1
SIM2
SIM3
SIM4
1
21
22
SIM5
SIM1
SIM2
SIM3
SIM4
1
21
22
SIM5
SIM1
SIM2
SIM3
SIM4
1
21
22
SIM5
SIM1
SIM2
SIM3
SIM4
1
21
22
SIM5
SIM1
SIM2
SIM3
SIM4
1
21
22
SIM5
SIM1
SIM2
SIM3
SIM4
1
21
22
SIM5
SIM1
SIM2
SIM3
SIM4
1
21
22
SIM5
SIM1
SIM2
SIM3
SIM4
1
21
22
SIM5
SIM1
SIM2
SIM3
SIM4
1
21
22
SIM5
SIM1
SIM2
SIM3
SIM4
1
21
22
SIM5
SIM1
SIM2
SIM3
SIM4
1
21
22
SIM5
SIM1
SIM2
SIM3
SIM4
1
21
22
SIM5
SIM1
SIM2
SIM3
SIM4
1
21
22
SIM5
SIM1
SIM2
SIM3
SIM4
1
21
22
SIM5
SIM1
SIM2
SIM3
SIM4
1
21
22
SIM5
SIM1
SIM2
SIM3
SIM4
1
21
22
SIM5
SIM1
SIM2
SIM3
SIM4
1
21
22
SIM5
SIM1
SIM2
SIM3
SIM4
1
21
22
SIM5
SIM1
SIM2
SIM3
SIM4
1
21
22
SIM5
SIM1
SIM2
SIM3
SIM4
1
21
22
SIM5
SIM1
SIM2
SIM3
SIM4
1
21
22
SIM5
SIM1
SIM2
SIM3
SIM4
1
21
22
SIM5
SIM1
SIM2
SIM3
SIM4
1
21
22
SIM5
SIM1
SIM2
SIM3
SIM4
1
21
22
SIM5
SIM1
SIM2
SIM3
SIM4
1
21
22
SIM5
SIM1
SIM2
SIM3
SIM4
1
21
22
SIM5
SIM1
SIM2
SIM3
SIM4
1
21
22
SIM5
SIM1
SIM2
SIM3
SIM4
1
21
22
SIM5
SIM1
SIM2
SIM3
SIM4
1
21
22
SIM5
SIM1
SIM2
SIM3
SIM4
1
21
22
SIM5
SIM1
SIM2
SIM3
SIM4
1
21
22
SIM5
SIM1
SIM2
SIM3
SIM4
1
21
22
SIM5
SIM1
SIM2
SIM3
SIM4
1
21
22
SIM5
SIM1
SIM2
SIM3
SIM4
1
21
22
SIM5
SIM1
SIM2
SIM3
SIM4
1
21
22
SIM5
SIM1
SIM2
SIM3
SIM4
1
21
22
SIM5
SIM1
SIM2
SIM3
SIM4
1
21
22
SIM5
SIM1
SIM2
SIM3
SIM4
1
21
22
SIM5
SIM1
SIM2
SIM3
SIM4
1
21
22
SIM5
SIM1
SIM2
SIM3
SIM4
1
21
22
SIM5
SIM1
SIM2
SIM3
SIM4
1
21
22
SIM5
SIM1
SIM2
SIM3
SIM4
1
21
22
SIM5
SIM1
SIM2
SIM3
SIM4
1
21
22
SIM5
SIM1
SIM2
SIM3
SIM4
1
21
22
SIM5
SIM1
SIM2
SIM3
SIM4
1
21
22
SIM5
SIM1
SIM2
SIM3
SIM4
1
21
22
SIM5
SIM1
SIM2
SIM3
SIM4
1
21
22
SIM5
SIM1
SIM2
SIM3
SIM4
1
21
22
SIM5
SIM1
SIM2
SIM3
SIM4
1
21
22
SIM5
SIM1
SIM2
SIM3
SIM4
1
21
22
SIM5
SIM1
SIM2
SIM3
SIM4
1
21
22
SIM5
SIM1
SIM2
SIM3
SIM4
1
21
22
SIM5
SIM1
SIM2
SIM3
SIM4
1
21
22
SIM5
SIM1
SIM2
SIM3
SIM4
1
21
22
SIM5
SIM1
SIM2
SIM3
SIM4
1
21
22
SIM5
SIM1
SIM2
SIM3
SIM4
1
21
22
SIM5
SIM1
SIM2
SIM3
SIM4
1
21
22
SIM5
SIM1
SIM2
SIM3
SIM4
1
21
22
SIM5
SIM1
SIM2
SIM3
SIM4
1
21
22
SIM5
SIM1
SIM2
SIM3
SIM4
1
21
22
SIM5
SIM1
SIM2
SIM3
SIM4
1
21
22
SIM5
SIM1
SIM2
SIM3
SIM4
1
21
22
SIM5
SIM1
SIM2
SIM3
SIM4
1
21
22
SIM5
SIM1
SIM2
SIM3
SIM4
1
21
22
SIM5
SIM1
SIM2
SIM3
SIM4
1
21
22
SIM5
SIM1
SIM2
SIM3
SIM4
1
21
22
SIM5
SIM1
SIM2
SIM3
SIM4
1
21
22
SIM5
SIM1
SIM2
SIM3
SIM4
1
21
22
SIM5
SIM1
SIM2
SIM3
SIM4
1
21
22
SIM5
SIM1
SIM2
SIM3
SIM4
1
21
22
SIM5
SIM1
SIM2
SIM3
SIM4
1
21
22
SIM5
SIM1
SIM2
SIM3
SIM4
1
21
22
SIM5
SIM1
SIM2
SIM3
SIM4
1
21
22
SIM5
SIM1
SIM2
SIM3
SIM4
1
21
22
SIM5
SIM1
SIM2
SIM3
SIM4
1
21
22
SIM5
SIM1
SIM2
SIM3
SIM4
1
21
22
SIM5
SIM1
SIM2
SIM3
SIM4
1
21
22
SIM5
SIM1
SIM2
SIM3
SIM4
1
21
22
SIM5
SIM1
SIM2
SIM3
SIM4
1
21
22
SIM5
SIM1
SIM2
SIM3
SIM4
1
21
22
SIM5
SIM1
SIM2
SIM3
SIM4
1
21
22
SIM5
SIM1
SIM2
SIM3
SIM4
1
21
22
SIM5
SIM1
SIM2
SIM3
SIM4
1
21
22
SIM5
SIM1
SIM2
SIM3
SIM4
1
21
22
SIM5
SIM1
SIM2
SIM3
SIM4
1
21
22
SIM5
SIM1
SIM2
SIM3
SIM4
1
21
22
SIM5
SIM1
SIM2
SIM3
SIM4
1
21
22
SIM5
SIM1
SIM2
SIM3
SIM4
1
21
22
SIM5
SIM1
SIM2
SIM3
SIM4
1
21
22
SIM5
SIM1
SIM2
SIM3
SIM4
1
21
22
SIM5
SIM1
SIM2
SIM3
SIM4
1
21
22
SIM5
SIM1
SIM2
SIM3
SIM4
1
21
22
SIM5
SIM1
SIM2
SIM3
SIM4
1
21
22
SIM5
SIM1
SIM2
SIM3
SIM4
1
21
22
SIM5
SIM1
SIM2
SIM3
SIM4
1
21
22
SIM5
SIM1
SIM2
SIM3
SIM4
1
21
22
SIM5
SIM1
SIM2
SIM3
SIM4
1
21
22
SIM5
SIM1
SIM2
SIM3
SIM4
1
21
22
SIM5
SIM1
SIM2
SIM3
SIM4
1
21
22
SIM5
SIM1
SIM2
SIM3
SIM4
1
21
22
SIM5
SIM1
SIM2
SIM3
SIM4
1
21
22
SIM5
SIM1
SIM2
SIM3
SIM4
1
21
22
SIM5
SIM1
SIM2
SIM3
SIM4
1
21
22
SIM5
SIM1
SIM2
SIM3
SIM4
1
21
22
SIM5
SIM1
SIM2
DEBUG 1 170
SIM1
SIM2
SIM3
SIM4
1
21
22
SIM5
SIM1
SIM2
SIM3
SIM4
1
21
22
SIM5
SIM1
SIM2
SIM3
SIM4
1
21
22
SIM5
SIM1
SIM2
SIM3
SIM4
1
21
22
SIM5
SIM1
SIM2
SIM3
SIM4
1
21
22
SIM5
SIM1
SIM2
SIM3
SIM4
1
21
22
SIM5
SIM1
SIM2
SIM3
SIM4
1
21
22
SIM5
SIM1
SIM2
SIM3
SIM4
1
21
22
SIM5
SIM1
SIM2
SIM3
SIM4
1
21
22
SIM5
SIM1
SIM2
SIM3
SIM4
1
21
22
SIM5
SIM1
SIM2
SIM3
SIM4
1
21
22
SIM5
SIM1
SIM2
SIM3
SIM4
1
21
22
SIM5
SIM1
SIM2
SIM3
SIM4
1
21
22
SIM5
SIM1
SIM2
SIM3
SIM4
1
21
22
SIM5
SIM1
SIM2
SIM3
SIM4
1
21
22
SIM5
SIM1
SIM2
SIM3
SIM4
1
21
22
SIM5
SIM1
SIM2
SIM3
SIM4
1
21
22
SIM5
SIM1
SIM2
SIM3
SIM4
1
21
22
SIM5
SIM1
SIM2
SIM3
SIM4
1
21
22
SIM5
SIM1
SIM2
SIM3
SIM4
1
21
22
SIM5
SIM1
SIM2
SIM3
SIM4
1
21
22
SIM5
SIM1
SIM2
SIM3
SIM4
1
21
22
SIM5
SIM1
SIM2
SIM3
SIM4
1
21
22
SIM5
SIM1
SIM2
SIM3
SIM4
1
21
22
SIM5
SIM1
SIM2
SIM3
SIM4
1
21
22
SIM5
SIM1
SIM2
SIM3
SIM4
1
21
22
SIM5
SIM1
SIM2
SIM3
SIM4
1
21
22
SIM5
SIM1
SIM2
SIM3
SIM4
1
21
22
SIM5
SIM1
SIM2
SIM3
SIM4
1
21
22
SIM5
SIM1
SIM2
SIM3
SIM4
1
21
22
SIM5
SIM1
SIM2
SIM3
SIM4
1
21
22
SIM5
SIM1
SIM2
SIM3
SIM4
1
21
22
SIM5
SIM1
SIM2
SIM3
SIM4
1
21
22
SIM5
SIM1
SIM2
SIM3
SIM4
1
21
22
SIM5
SIM1
SIM2
SIM3
SIM4
1
21
22
SIM5
SIM1
SIM2
SIM3
SIM4
1
21
22
SIM5
SIM1
SIM2
SIM3
SIM4
1
21
22
SIM5
SIM1
SIM2
SIM3
SIM4
1
21
22
SIM5
SIM1
SIM2
SIM3
SIM4
1
21
22
SIM5
SIM1
SIM2
SIM3
SIM4
1
21
22
SIM5
SIM1
SIM2
SIM3
SIM4
1
21
22
SIM5
SIM1
SIM2
SIM3
SIM4
1
21
22
SIM5
SIM1
SIM2
SIM3
SIM4
1
21
22
SIM5
SIM1
SIM2
SIM3
SIM4
1
21
22
SIM5
SIM1
SIM2
SIM3
SIM4
1
21
22
SIM5
SIM1
SIM2
SIM3
SIM4
1
21
22
SIM5
SIM1
SIM2
SIM3
SIM4
1
21
22
SIM5
SIM1
SIM2
SIM3
SIM4
1
21
22
SIM5
SIM1
SIM2
SIM3
SIM4
1
21
22
SIM5
SIM1
SIM2
SIM3
SIM4
1
21
22
SIM5
SIM1
SIM2
SIM3
SIM4
1
21
22
SIM5
SIM1
SIM2
SIM3
SIM4
1
21
22
SIM5
SIM1
SIM2
SIM3
SIM4
1
21
22
SIM5
SIM1
SIM2
SIM3
SIM4
1
21
22
SIM5
SIM1
SIM2
SIM3
SIM4
1
21
22
SIM5
SIM1
SIM2
SIM3
SIM4
1
21
22
SIM5
SIM1
SIM2
SIM3
SIM4
1
21
22
SIM5
SIM1
SIM2
SIM3
SIM4
1
21
22
SIM5
SIM1
SIM2
SIM3
SIM4
1
21
22
SIM5
SIM1
SIM2
SIM3
SIM4
1
21
22
SIM5
SIM1
SIM2
SIM3
SIM4
1
21
22
SIM5
SIM1
SIM2
SIM3
SIM4
1
21
22
SIM5
SIM1
SIM2
SIM3
SIM4
1
21
22
SIM5
SIM1
SIM2
SIM3
SIM4
1
21
22
SIM5
SIM1
SIM2
SIM3
SIM4
1
21
22
SIM5
SIM1
SIM2
SIM3
SIM4
1
21
22
SIM5
SIM1
SIM2
SIM3
SIM4
1
21
22
SIM5
SIM1
SIM2
SIM3
SIM4
1
21
22
SIM5
SIM1
SIM2
SIM3
SIM4
1
21
22
SIM5
SIM1
SIM2
SIM3
SIM4
1
21
22
SIM5
SIM1
SIM2
SIM3
SIM4
1
21
22
SIM5
SIM1
SIM2
SIM3
SIM4
1
21
22
SIM5
SIM1
SIM2
SIM3
SIM4
1
21
22
SIM5
SIM1
SIM2
SIM3
SIM4
1
21
22
SIM5
SIM1
SIM2
SIM3
SIM4
1
21
22
SIM5
SIM1
SIM2
SIM3
SIM4
1
21
22
SIM5
SIM1
SIM2
SIM3
SIM4
1
21
22
SIM5
SIM1
SIM2
SIM3
SIM4
1
21
22
SIM5
SIM1
SIM2
SIM3
SIM4
1
21
22
SIM5
SIM1
SIM2
SIM3
SIM4
1
21
22
SIM5
SIM1
SIM2
SIM3
SIM4
1
21
22
SIM5
SIM1
SIM2
SIM3
SIM4
1
21
22
SIM5
SIM1
SIM2
SIM3
SIM4
1
21
22
SIM5
SIM1
SIM2
SIM3
SIM4
1
21
22
SIM5
SIM1
SIM2
SIM3
SIM4
1
21
22
SIM5
SIM1
SIM2
SIM3
SIM4
1
21
22
SIM5
SIM1
SIM2
SIM3
SIM4
1
21
22
SIM5
SIM1
SIM2
SIM3
SIM4
1
21
22
SIM5
SIM1
SIM2
SIM3
SIM4
1
21
22
SIM5
SIM1
SIM2
SIM3
SIM4
1
21
22
SIM5
SIM1
SIM2
SIM3
SIM4
1
21
22
SIM5
SIM1
SIM2
SIM3
SIM4
1
21
22
SIM5
SIM1
SIM2
SIM3
SIM4
1
21
22
SIM5
SIM1
SIM2
SIM3
SIM4
1
21
22
SIM5
SIM1
SIM2
SIM3
SIM4
1
21
22
SIM5
SIM1
SIM2
SIM3
SIM4
1
21
22
SIM5
SIM1
SIM2
SIM3
SIM4
1
21
22
SIM5
SIM1
SIM2
SIM3
SIM4
1
21
22
SIM5
SIM1
SIM2
SIM3
SIM4
1
21
22
SIM5
SIM1
SIM2
SIM3
SIM4
1
21
22
SIM5
SIM1
SIM2
SIM3
SIM4
1
21
22
SIM5
SIM1
SIM2
SIM3
SIM4
1
21
22
SIM5
SIM1
SIM2
SIM3
SIM4
1
21
22
SIM5
SIM1
SIM2
SIM3
SIM4
1
21
22
SIM5
SIM1
SIM2
SIM3
SIM4
1
21
22
SIM5
SIM1
SIM2
SIM3
SIM4
1
21
22
SIM5
SIM1
SIM2
SIM3
SIM4
1
21
22
SIM5
SIM1
SIM2
SIM3
SIM4
1
21
22
SIM5
SIM1
SIM2
SIM3
SIM4
1
21
22
SIM5
SIM1
SIM2
SIM3
SIM4
1
21
22
SIM5
SIM1
SIM2
SIM3
SIM4
1
21
22
SIM5
SIM1
SIM2
SIM3
SIM4
1
21
22
SIM5
SIM1
SIM2
SIM3
SIM4
1
21
22
SIM5
SIM1
SIM2
SIM3
SIM4
1
21
22
SIM5
SIM1
SIM2
SIM3
SIM4
1
21
22
SIM5
SIM1
SIM2
SIM3
SIM4
1
21
22
SIM5
SIM1
SIM2
SIM3
SIM4
1
21
22
SIM5
SIM1
SIM2
SIM3
SIM4
1
21
22
SIM5
SIM1
SIM2
SIM3
SIM4
1
21
22
SIM5
SIM1
SIM2
SIM3
SIM4
1
21
22
SIM5
SIM1
SIM2
SIM3
SIM4
1
21
22
SIM5
SIM1
SIM2
SIM3
SIM4
1
21
22
SIM5
SIM1
SIM2
SIM3
SIM4
1
21
22
SIM5
SIM1
SIM2
SIM3
SIM4
1
21
22
SIM5
SIM1
SIM2
SIM3
SIM4
1
21
22
SIM5
SIM1
SIM2
SIM3
SIM4
1
21
22
SIM5
SIM1
SIM2
SIM3
SIM4
1
21
22
SIM5
SIM1
SIM2
SIM3
SIM4
1
21
22
SIM5
SIM1
SIM2
SIM3
SIM4
1
21
22
SIM5
SIM1
SIM2
SIM3
SIM4
1
21
22
SIM5
SIM1
SIM2
SIM3
SIM4
1
21
22
SIM5
SIM1
SIM2
SIM3
SIM4
1
21
22
SIM5
SIM1
SIM2
SIM3
SIM4
1
21
22
SIM5
SIM1
SIM2
SIM3
SIM4
1
21
22
SIM5
SIM1
SIM2
SIM3
SIM4
1
21
22
SIM5
SIM1
SIM2
SIM3
SIM4
1
21
22
SIM5
SIM1
SIM2
SIM3
SIM4
1
21
22
SIM5
SIM1
SIM2
SIM3
SIM4
1
21
22
SIM5
SIM1
SIM2
SIM3
SIM4
1
21
22
SIM5
SIM1
SIM2
SIM3
SIM4
1
21
22
SIM5
SIM1
SIM2
SIM3
SIM4
1
21
22
SIM5
SIM1
SIM2
SIM3
SIM4
1
21
22
SIM5
SIM1
SIM2
SIM3
SIM4
1
21
22
SIM5
SIM1
SIM2
SIM3
SIM4
1
21
22
SIM5
SIM1
SIM2
SIM3
SIM4
1
21
22
SIM5
SIM1
SIM2
SIM3
SIM4
1
21
22
SIM5
SIM1
SIM2
SIM3
SIM4
1
21
22
SIM5
SIM1
SIM2
SIM3
SIM4
1
21
22
SIM5
SIM1
SIM2
SIM3
SIM4
1
21
22
SIM5
SIM1
SIM2
SIM3
SIM4
1
21
22
SIM5
SIM1
SIM2
SIM3
SIM4
1
21
22
SIM5
SIM1
SIM2
SIM3
SIM4
1
21
22
SIM5
SIM1
SIM2
SIM3
SIM4
1
21
22
SIM5
SIM1
SIM2
SIM3
SIM4
1
21
22
SIM5
SIM1
SIM2
SIM3
SIM4
1
21
22
SIM5
SIM1
SIM2
SIM3
SIM4
1
21
22
SIM5
SIM1
SIM2
SIM3
SIM4
1
21
22
SIM5
SIM1
SIM2
SIM3
SIM4
1
21
22
SIM5
SIM1
SIM2
SIM3
SIM4
1
21
22
SIM5
SIM1
SIM2
SIM3
SIM4
1
21
22
SIM5
SIM1
SIM2
SIM3
SIM4
1
21
22
SIM5
SIM1
SIM2
SIM3
SIM4
1
21
22
SIM5
SIM1
SIM2
SIM3
SIM4
1
21
22
SIM5
SIM1
SIM2
SIM3
SIM4
1
21
22
SIM5
SIM1
SIM2
SIM3
SIM4
1
21
22
SIM5
SIM1
SIM2
SIM3
SIM4
1
21
22
SIM5
SIM1
SIM2
SIM3
SIM4
1
21
22
SIM5
SIM1
SIM2
SIM3
SIM4
1
21
22
SIM5
SIM1
SIM2
SIM3
SIM4
1
21
22
SIM5
SIM1
SIM2
SIM3
SIM4
1
21
22
SIM5
SIM1
SIM2
SIM3
SIM4
1
21
22
SIM5
SIM1
SIM2
SIM3
SIM4
1
21
22
SIM5
SIM1
SIM2
SIM3
SIM4
1
21
22
SIM5
SIM1
SIM2
SIM3
SIM4
1
21
22
SIM5
SIM1
SIM2
SIM3
SIM4
1
21
22
SIM5
SIM1
SIM2
SIM3
SIM4
1
21
22
SIM5
SIM1
SIM2
SIM3
SIM4
1
21
22
SIM5
SIM1
SIM2
SIM3
SIM4
1
21
22
SIM5
SIM1
SIM2
SIM3
SIM4
1
21
22
SIM5
SIM1
SIM2
SIM3
SIM4
1
21
22
SIM5
SIM1
SIM2
SIM3
SIM4
1
21
22
SIM5
SIM1
SIM2
SIM3
SIM4
1
21
22
SIM5
SIM1
SIM2
SIM3
SIM4
1
21
22
SIM5
SIM1
SIM2
SIM3
SIM4
1
21
22
SIM5
SIM1
SIM2
SIM3
SIM4
1
21
22
SIM5
SIM1
SIM2
SIM3
SIM4
1
21
22
SIM5
SIM1
SIM2
SIM3
SIM4
1
21
22
SIM5
SIM1
SIM2
SIM3
SIM4
1
21
22
SIM5
SIM1
SIM2
SIM3
SIM4
1
21
22
SIM5
SIM1
SIM2
SIM3
SIM4
1
21
22
SIM5
SIM1
SIM2
SIM3
SIM4
1
21
22
SIM5
SIM1
SIM2
SIM3
SIM4
1
21
22
SIM5
SIM1
SIM2
SIM3
SIM4
1
21
22
SIM5
SIM1
SIM2
SIM3
SIM4
1
21
22
SIM5
SIM1
SIM2
SIM3
SIM4
1
21
22
SIM5
SIM1
SIM2
SIM3
SIM4
1
21
22
SIM5
SIM1
SIM2
SIM3
SIM4
1
21
22
SIM5
SIM1
SIM2
SIM3
SIM4
1
21
22
SIM5
SIM1
SIM2
SIM3
SIM4
1
21
22
SIM5
SIM1
SIM2
SIM3
SIM4
1
21
22
SIM5
SIM1
SIM2
DEBUG 1 171
SIM1
SIM2
SIM3
SIM4
1
21
22
SIM5
SIM1
SIM2
SIM3
SIM4
1
21
22
SIM5
SIM1
SIM2
SIM3
SIM4
1
21
22
SIM5
SIM1
SIM2
SIM3
SIM4
1
21
22
SIM5
SIM1
SIM2
SIM3
SIM4
1
21
22
SIM5
SIM1
SIM2
SIM3
SIM4
1
21
22
SIM5
SIM1
SIM2
SIM3
SIM4
1
21
22
SIM5
SIM1
SIM2
SIM3
SIM4
1
21
22
SIM5
SIM1
SIM2
SIM3
SIM4
1
21
22
SIM5
SIM1
SIM2
SIM3
SIM4
1
21
22
SIM5
SIM1
SIM2
SIM3
SIM4
1
21
22
SIM5
SIM1
SIM2
SIM3
SIM4
1
21
22
SIM5
SIM1
SIM2
SIM3
SIM4
1
21
22
SIM5
SIM1
SIM2
SIM3
SIM4
1
21
22
SIM5
SIM1
SIM2
SIM3
SIM4
1
21
22
SIM5
SIM1
SIM2
SIM3
SIM4
1
21
22
SIM5
SIM1
SIM2
SIM3
SIM4
1
21
22
SIM5
SIM1
SIM2
SIM3
SIM4
1
21
22
SIM5
SIM1
SIM2
SIM3
SIM4
1
21
22
SIM5
SIM1
SIM2
SIM3
SIM4
1
21
22
SIM5
SIM1
SIM2
SIM3
SIM4
1
21
22
SIM5
SIM1
SIM2
SIM3
SIM4
1
21
22
SIM5
SIM1
SIM2
SIM3
SIM4
1
21
22
SIM5
SIM1
SIM2
SIM3
SIM4
1
21
22
SIM5
SIM1
SIM2
SIM3
SIM4
1
21
22
SIM5
SIM1
SIM2
SIM3
SIM4
1
21
22
SIM5
SIM1
SIM2
SIM3
SIM4
1
21
22
SIM5
SIM1
SIM2
SIM3
SIM4
1
21
22
SIM5
SIM1
SIM2
SIM3
SIM4
1
21
22
SIM5
SIM1
SIM2
SIM3
SIM4
1
21
22
SIM5
SIM1
SIM2
SIM3
SIM4
1
21
22
SIM5
SIM1
SIM2
SIM3
SIM4
1
21
22
SIM5
SIM1
SIM2
SIM3
SIM4
1
21
22
SIM5
SIM1
SIM2
SIM3
SIM4
1
21
22
SIM5
SIM1
SIM2
SIM3
SIM4
1
21
22
SIM5
SIM1
SIM2
SIM3
SIM4
1
21
22
SIM5
SIM1
SIM2
SIM3
SIM4
1
21
22
SIM5
SIM1
SIM2
SIM3
SIM4
1
21
22
SIM5
SIM1
SIM2
SIM3
SIM4
1
21
22
SIM5
SIM1
SIM2
SIM3
SIM4
1
21
22
SIM5
SIM1
SIM2
SIM3
SIM4
1
21
22
SIM5
SIM1
SIM2
SIM3
SIM4
1
21
22
SIM5
SIM1
SIM2
SIM3
SIM4
1
21
22
SIM5
SIM1
SIM2
SIM3
SIM4
1
21
22
SIM5
SIM1
SIM2
SIM3
SIM4
1
21
22
SIM5
SIM1
SIM2
SIM3
SIM4
1
21
22
SIM5
SIM1
SIM2
SIM3
SIM4
1
21
22
SIM5
SIM1
SIM2
SIM3
SIM4
1
21
22
SIM5
SIM1
SIM2
SIM3
SIM4
1
21
22
SIM5
SIM1
SIM2
SIM3
SIM4
1
21
22
SIM5
SIM1
SIM2
SIM3
SIM4
1
21
22
SIM5
SIM1
SIM2
SIM3
SIM4
1
21
22
SIM5
SIM1
SIM2
SIM3
SIM4
1
21
22
SIM5
SIM1
SIM2
SIM3
SIM4
1
21
22
SIM5
SIM1
SIM2
SIM3
SIM4
1
21
22
SIM5
SIM1
SIM2
SIM3
SIM4
1
21
22
SIM5
SIM1
SIM2
SIM3
SIM4
1
21
22
SIM5
SIM1
SIM2
SIM3
SIM4
1
21
22
SIM5
SIM1
SIM2
SIM3
SIM4
1
21
22
SIM5
SIM1
SIM2
SIM3
SIM4
1
21
22
SIM5
SIM1
SIM2
SIM3
SIM4
1
21
22
SIM5
SIM1
SIM2
SIM3
SIM4
1
21
22
SIM5
SIM1
SIM2
SIM3
SIM4
1
21
22
SIM5
SIM1
SIM2
SIM3
SIM4
1
21
22
SIM5
SIM1
SIM2
SIM3
SIM4
1
21
22
SIM5
SIM1
SIM2
SIM3
SIM4
1
21
22
SIM5
SIM1
SIM2
SIM3
SIM4
1
21
22
SIM5
SIM1
SIM2
SIM3
SIM4
1
21
22
SIM5
SIM1
SIM2
SIM3
SIM4
1
21
22
SIM5
SIM1
SIM2
SIM3
SIM4
1
21
22
SIM5
SIM1
SIM2
SIM3
SIM4
1
21
22
SIM5
SIM1
SIM2
SIM3
SIM4
1
21
22
SIM5
SIM1
SIM2
SIM3
SIM4
1
21
22
SIM5
SIM1
SIM2
SIM3
SIM4
1
21
22
SIM5
SIM1
SIM2
SIM3
SIM4
1
21
22
SIM5
SIM1
SIM2
SIM3
SIM4
1
21
22
SIM5
SIM1
SIM2
SIM3
SIM4
1
21
22
SIM5
SIM1
SIM2
SIM3
SIM4
1
21
22
SIM5
SIM1
SIM2
SIM3
SIM4
1
21
22
SIM5
SIM1
SIM2
SIM3
SIM4
1
21
22
SIM5
SIM1
SIM2
SIM3
SIM4
1
21
22
SIM5
SIM1
SIM2
SIM3
SIM4
1
21
22
SIM5
SIM1
SIM2
SIM3
SIM4
1
21
22
SIM5
SIM1
SIM2
SIM3
SIM4
1
21
22
SIM5
SIM1
SIM2
SIM3
SIM4
1
21
22
SIM5
SIM1
SIM2
SIM3
SIM4
1
21
22
SIM5
SIM1
SIM2
SIM3
SIM4
1
21
22
SIM5
SIM1
SIM2
SIM3
SIM4
1
21
22
SIM5
SIM1
SIM2
DEBUG 1 172
SIM1
SIM2
SIM3
SIM4
1
21
22
SIM5
SIM1
SIM2
SIM3
SIM4
1
21
22
SIM5
SIM1
SIM2
SIM3
SIM4
1
21
22
SIM5
SIM1
SIM2
SIM3
SIM4
1
21
22
SIM5
SIM1
SIM2
SIM3
SIM4
1
21
22
SIM5
SIM1
SIM2
SIM3
SIM4
1
21
22
SIM5
SIM1
SIM2
SIM3
SIM4
1
21
22
SIM5
SIM1
SIM2
SIM3
SIM4
1
21
22
SIM5
SIM1
SIM2
SIM3
SIM4
1
21
22
SIM5
SIM1
SIM2
SIM3
SIM4
1
21
22
SIM5
SIM1
SIM2
SIM3
SIM4
1
21
22
SIM5
SIM1
SIM2
SIM3
SIM4
1
21
22
SIM5
SIM1
SIM2
SIM3
SIM4
1
21
22
SIM5
SIM1
SIM2
SIM3
SIM4
1
21
22
SIM5
SIM1
SIM2
SIM3
SIM4
1
21
22
SIM5
SIM1
SIM2
SIM3
SIM4
1
21
22
SIM5
SIM1
SIM2
SIM3
SIM4
1
21
22
SIM5
SIM1
SIM2
SIM3
SIM4
1
21
22
SIM5
SIM1
SIM2
SIM3
SIM4
1
21
22
SIM5
SIM1
SIM2
SIM3
SIM4
1
21
22
SIM5
SIM1
SIM2
SIM3
SIM4
1
21
22
SIM5
SIM1
SIM2
SIM3
SIM4
1
21
22
SIM5
SIM1
SIM2
SIM3
SIM4
1
21
22
SIM5
SIM1
SIM2
SIM3
SIM4
1
21
22
SIM5
SIM1
SIM2
SIM3
SIM4
1
21
22
SIM5
SIM1
SIM2
SIM3
SIM4
1
21
22
SIM5
SIM1
SIM2
SIM3
SIM4
1
21
22
SIM5
SIM1
SIM2
SIM3
SIM4
1
21
22
SIM5
SIM1
SIM2
SIM3
SIM4
1
21
22
SIM5
SIM1
SIM2
SIM3
SIM4
1
21
22
SIM5
SIM1
SIM2
SIM3
SIM4
1
21
22
SIM5
SIM1
SIM2
SIM3
SIM4
1
21
22
SIM5
SIM1
SIM2
SIM3
SIM4
1
21
22
SIM5
SIM1
SIM2
SIM3
SIM4
1
21
22
SIM5
SIM1
SIM2
SIM3
SIM4
1
21
22
SIM5
SIM1
SIM2
SIM3
SIM4
1
21
22
SIM5
SIM1
SIM2
SIM3
SIM4
1
21
22
SIM5
SIM1
SIM2
SIM3
SIM4
1
21
22
SIM5
SIM1
SIM2
SIM3
SIM4
1
21
22
SIM5
SIM1
SIM2
SIM3
SIM4
1
21
22
SIM5
SIM1
SIM2
SIM3
SIM4
1
21
22
SIM5
SIM1
SIM2
SIM3
SIM4
1
21
22
SIM5
SIM1
SIM2
SIM3
SIM4
1
21
22
SIM5
SIM1
SIM2
SIM3
SIM4
1
21
22
SIM5
SIM1
SIM2
SIM3
SIM4
1
21
22
SIM5
SIM1
SIM2
SIM3
SIM4
1
21
22
SIM5
SIM1
SIM2
SIM3
SIM4
1
21
22
SIM5
SIM1
SIM2
SIM3
SIM4
1
21
22
SIM5
SIM1
SIM2
SIM3
SIM4
1
21
22
SIM5
SIM1
SIM2
SIM3
SIM4
1
21
22
SIM5
SIM1
SIM2
SIM3
SIM4
1
21
22
SIM5
SIM1
SIM2
SIM3
SIM4
1
21
22
SIM5
SIM1
SIM2
SIM3
SIM4
1
21
22
SIM5
SIM1
SIM2
SIM3
SIM4
1
21
22
SIM5
SIM1
SIM2
SIM3
SIM4
1
21
22
SIM5
SIM1
SIM2
SIM3
SIM4
1
21
22
SIM5
SIM1
SIM2
SIM3
SIM4
1
21
22
SIM5
SIM1
SIM2
SIM3
SIM4
1
21
22
SIM5
SIM1
SIM2
SIM3
SIM4
1
21
22
SIM5
SIM1
SIM2
SIM3
SIM4
1
21
22
SIM5
SIM1
SIM2
SIM3
SIM4
1
21
22
SIM5
SIM1
SIM2
SIM3
SIM4
1
21
22
SIM5
SIM1
SIM2
SIM3
SIM4
1
21
22
SIM5
SIM1
SIM2
SIM3
SIM4
1
21
22
SIM5
SIM1
SIM2
SIM3
SIM4
1
21
22
SIM5
SIM1
SIM2
SIM3
SIM4
1
21
22
SIM5
SIM1
SIM2
SIM3
SIM4
1
21
22
SIM5
SIM1
SIM2
SIM3
SIM4
1
21
22
SIM5
SIM1
SIM2
SIM3
SIM4
1
21
22
SIM5
SIM1
SIM2
SIM3
SIM4
1
21
22
SIM5
SIM1
SIM2
SIM3
SIM4
1
21
22
SIM5
SIM1
SIM2
SIM3
SIM4
1
21
22
SIM5
SIM1
SIM2
SIM3
SIM4
1
21
22
SIM5
SIM1
SIM2
SIM3
SIM4
1
21
22
SIM5
SIM1
SIM2
SIM3
SIM4
1
21
22
SIM5
SIM1
SIM2
SIM3
SIM4
1
21
22
SIM5
SIM1
SIM2
SIM3
SIM4
1
21
22
SIM5
SIM1
SIM2
SIM3
SIM4
1
21
22
SIM5
SIM1
SIM2
SIM3
SIM4
1
21
22
SIM5
SIM1
SIM2
SIM3
SIM4
1
21
22
SIM5
SIM1
SIM2
SIM3
SIM4
1
21
22
SIM5
SIM1
SIM2
SIM3
SIM4
1
21
22
SIM5
SIM1
SIM2
SIM3
SIM4
1
21
22
SIM5
SIM1
SIM2
SIM3
SIM4
1
21
22
SIM5
SIM1
SIM2
SIM3
SIM4
1
21
22
SIM5
SIM1
SIM2
SIM3
SIM4
1
21
22
SIM5
SIM1
SIM2
SIM3
SIM4
1
21
22
SIM5
SIM1
SIM2
SIM3
SIM4
1
21
22
SIM5
SIM1
SIM2
SIM3
SIM4
1
21
22
SIM5
SIM1
SIM2
SIM3
SIM4
1
21
22
SIM5
SIM1
SIM2
SIM3
SIM4
1
21
22
SIM5
SIM1
SIM2
SIM3
SIM4
1
21
22
SIM5
SIM1
SIM2
SIM3
SIM4
1
21
22
SIM5
SIM1
SIM2
SIM3
SIM4
1
21
22
SIM5
SIM1
SIM2
SIM3
SIM4
1
21
22
SIM5
SIM1
SIM2
SIM3
SIM4
1
21
22
SIM5
SIM1
SIM2
SIM3
SIM4
1
21
22
SIM5
SIM1
SIM2
SIM3
SIM4
1
21
22
SIM5
SIM1
SIM2
SIM3
SIM4
1
21
22
SIM5
SIM1
SIM2
SIM3
SIM4
1
21
22
SIM5
SIM1
SIM2
SIM3
SIM4
1
21
22
SIM5
SIM1
SIM2
SIM3
SIM4
1
21
22
SIM5
SIM1
SIM2
SIM3
SIM4
1
21
22
SIM5
SIM1
SIM2
SIM3
SIM4
1
21
22
SIM5
SIM1
SIM2
SIM3
SIM4
1
21
22
SIM5
SIM1
SIM2
SIM3
SIM4
1
21
22
SIM5
SIM1
SIM2
SIM3
SIM4
1
21
22
SIM5
SIM1
SIM2
SIM3
SIM4
1
21
22
SIM5
SIM1
SIM2
SIM3
SIM4
1
21
22
SIM5
SIM1
SIM2
SIM3
SIM4
1
21
22
SIM5
SIM1
SIM2
SIM3
SIM4
1
21
22
SIM5
SIM1
SIM2
SIM3
SIM4
1
21
22
SIM5
SIM1
SIM2
SIM3
SIM4
1
21
22
SIM5
SIM1
SIM2
SIM3
SIM4
1
21
22
SIM5
SIM1
SIM2
SIM3
SIM4
1
21
22
SIM5
SIM1
SIM2
SIM3
SIM4
1
21
22
SIM5
SIM1
SIM2
SIM3
SIM4
1
21
22
SIM5
SIM1
SIM2
SIM3
SIM4
1
21
22
SIM5
SIM1
SIM2
SIM3
SIM4
1
21
22
SIM5
SIM1
SIM2
SIM3
SIM4
1
21
22
SIM5
SIM1
SIM2
SIM3
SIM4
1
21
22
SIM5
SIM1
SIM2
SIM3
SIM4
1
21
22
SIM5
SIM1
SIM2
SIM3
SIM4
1
21
22
SIM5
SIM1
SIM2
SIM3
SIM4
1
21
22
SIM5
SIM1
SIM2
SIM3
SIM4
1
21
22
SIM5
SIM1
SIM2
SIM3
SIM4
1
21
22
SIM5
SIM1
SIM2
SIM3
SIM4
1
21
22
SIM5
SIM1
SIM2
SIM3
SIM4
1
21
22
SIM5
SIM1
SIM2
SIM3
SIM4
1
21
22
SIM5
SIM1
SIM2
SIM3
SIM4
1
21
22
SIM5
SIM1
SIM2
SIM3
SIM4
1
21
22
SIM5
SIM1
SIM2
SIM3
SIM4
1
21
22
SIM5
SIM1
SIM2
SIM3
SIM4
1
21
22
SIM5
SIM1
SIM2
SIM3
SIM4
1
21
22
SIM5
SIM1
SIM2
SIM3
SIM4
1
21
22
SIM5
SIM1
SIM2
SIM3
SIM4
1
21
22
SIM5
SIM1
SIM2
SIM3
SIM4
1
21
22
SIM5
SIM1
SIM2
SIM3
SIM4
1
21
22
SIM5
SIM1
SIM2
SIM3
SIM4
1
21
22
SIM5
SIM1
SIM2
SIM3
SIM4
1
21
22
SIM5
SIM1
SIM2
SIM3
SIM4
1
21
22
SIM5
SIM1
SIM2
SIM3
SIM4
1
21
22
SIM5
SIM1
SIM2
SIM3
SIM4
1
21
22
SIM5
SIM1
SIM2
SIM3
SIM4
1
21
22
SIM5
SIM1
SIM2
SIM3
SIM4
1
21
22
SIM5
SIM1
SIM2
SIM3
SIM4
1
21
22
SIM5
SIM1
SIM2
SIM3
SIM4
1
21
22
SIM5
SIM1
SIM2
SIM3
SIM4
1
21
22
SIM5
SIM1
SIM2
SIM3
SIM4
1
21
22
SIM5
SIM1
SIM2
SIM3
SIM4
1
21
22
SIM5
SIM1
SIM2
SIM3
SIM4
1
21
22
SIM5
SIM1
SIM2
SIM3
SIM4
1
21
22
SIM5
SIM1
SIM2
SIM3
SIM4
1
21
22
SIM5
SIM1
SIM2
SIM3
SIM4
1
21
22
SIM5
SIM1
SIM2
SIM3
SIM4
1
21
22
SIM5
SIM1
SIM2
SIM3
SIM4
1
21
22
SIM5
SIM1
SIM2
SIM3
SIM4
1
21
22
SIM5
SIM1
SIM2
SIM3
SIM4
1
21
22
SIM5
SIM1
SIM2
SIM3
SIM4
1
21
22
SIM5
SIM1
SIM2
DEBUG 1 173
SIM1
SIM2
SIM3
SIM4
1
21
22
SIM5
SIM1
SIM2
SIM3
SIM4
1
21
22
SIM5
SIM1
SIM2
SIM3
SIM4
1
21
22
SIM5
SIM1
SIM2
SIM3
SIM4
1
21
22
SIM5
SIM1
SIM2
SIM3
SIM4
1
21
22
SIM5
SIM1
SIM2
SIM3
SIM4
1
21
22
SIM5
SIM1
SIM2
SIM3
SIM4
1
21
22
SIM5
SIM1
SIM2
SIM3
SIM4
1
21
22
SIM5
SIM1
SIM2
SIM3
SIM4
1
21
22
SIM5
SIM1
SIM2
SIM3
SIM4
1
21
22
SIM5
SIM1
SIM2
SIM3
SIM4
1
21
22
SIM5
SIM1
SIM2
SIM3
SIM4
1
21
22
SIM5
SIM1
SIM2
SIM3
SIM4
1
21
22
SIM5
SIM1
SIM2
SIM3
SIM4
1
21
22
SIM5
SIM1
SIM2
SIM3
SIM4
1
21
22
SIM5
SIM1
SIM2
SIM3
SIM4
1
21
22
SIM5
SIM1
SIM2
SIM3
SIM4
1
21
22
SIM5
SIM1
SIM2
SIM3
SIM4
1
21
22
SIM5
SIM1
SIM2
SIM3
SIM4
1
21
22
SIM5
SIM1
SIM2
SIM3
SIM4
1
21
22
SIM5
SIM1
SIM2
SIM3
SIM4
1
21
22
SIM5
SIM1
SIM2
SIM3
SIM4
1
21
22
SIM5
SIM1
SIM2
SIM3
SIM4
1
21
22
SIM5
SIM1
SIM2
SIM3
SIM4
1
21
22
SIM5
SIM1
SIM2
SIM3
SIM4
1
21
22
SIM5
SIM1
SIM2
SIM3
SIM4
1
21
22
SIM5
SIM1
SIM2
SIM3
SIM4
1
21
22
SIM5
SIM1
SIM2
SIM3
SIM4
1
21
22
SIM5
SIM1
SIM2
SIM3
SIM4
1
21
22
SIM5
SIM1
SIM2
SIM3
SIM4
1
21
22
SIM5
SIM1
SIM2
SIM3
SIM4
1
21
22
SIM5
SIM1
SIM2
SIM3
SIM4
1
21
22
SIM5
SIM1
SIM2
SIM3
SIM4
1
21
22
SIM5
SIM1
SIM2
SIM3
SIM4
1
21
22
SIM5
SIM1
SIM2
SIM3
SIM4
1
21
22
SIM5
SIM1
SIM2
SIM3
SIM4
1
21
22
SIM5
SIM1
SIM2
SIM3
SIM4
1
21
22
SIM5
SIM1
SIM2
SIM3
SIM4
1
21
22
SIM5
SIM1
SIM2
SIM3
SIM4
1
21
22
SIM5
SIM1
SIM2
SIM3
SIM4
1
21
22
SIM5
SIM1
SIM2
SIM3
SIM4
1
21
22
SIM5
SIM1
SIM2
SIM3
SIM4
1
21
22
SIM5
SIM1
SIM2
SIM3
SIM4
1
21
22
SIM5
SIM1
SIM2
SIM3
SIM4
1
21
22
SIM5
SIM1
SIM2
SIM3
SIM4
1
21
22
SIM5
SIM1
SIM2
SIM3
SIM4
1
21
22
SIM5
SIM1
SIM2
SIM3
SIM4
1
21
22
SIM5
SIM1
SIM2
SIM3
SIM4
1
21
22
SIM5
SIM1
SIM2
SIM3
SIM4
1
21
22
SIM5
SIM1
SIM2
SIM3
SIM4
1
21
22
SIM5
SIM1
SIM2
SIM3
SIM4
1
21
22
SIM5
SIM1
SIM2
SIM3
SIM4
1
21
22
SIM5
SIM1
SIM2
SIM3
SIM4
1
21
22
SIM5
SIM1
SIM2
SIM3
SIM4
1
21
22
SIM5
SIM1
SIM2
SIM3
SIM4
1
21
22
SIM5
SIM1
SIM2
SIM3
SIM4
1
21
22
SIM5
SIM1
SIM2
SIM3
SIM4
1
21
22
SIM5
SIM1
SIM2
SIM3
SIM4
1
21
22
SIM5
SIM1
SIM2
SIM3
SIM4
1
21
22
SIM5
SIM1
SIM2
SIM3
SIM4
1
21
22
SIM5
SIM1
SIM2
SIM3
SIM4
1
21
22
SIM5
SIM1
SIM2
SIM3
SIM4
1
21
22
SIM5
SIM1
SIM2
SIM3
SIM4
1
21
22
SIM5
SIM1
SIM2
SIM3
SIM4
1
21
22
SIM5
SIM1
SIM2
SIM3
SIM4
1
21
22
SIM5
SIM1
SIM2
SIM3
SIM4
1
21
22
SIM5
SIM1
SIM2
SIM3
SIM4
1
21
22
SIM5
SIM1
SIM2
SIM3
SIM4
1
21
22
SIM5
SIM1
SIM2
SIM3
SIM4
1
21
22
SIM5
SIM1
SIM2
SIM3
SIM4
1
21
22
SIM5
SIM1
SIM2
SIM3
SIM4
1
21
22
SIM5
SIM1
SIM2
SIM3
SIM4
1
21
22
SIM5
SIM1
SIM2
SIM3
SIM4
1
21
22
SIM5
SIM1
SIM2
SIM3
SIM4
1
21
22
SIM5
SIM1
SIM2
SIM3
SIM4
1
21
22
SIM5
SIM1
SIM2
SIM3
SIM4
1
21
22
SIM5
SIM1
SIM2
SIM3
SIM4
1
21
22
SIM5
SIM1
SIM2
SIM3
SIM4
1
21
22
SIM5
SIM1
SIM2
SIM3
SIM4
1
21
22
SIM5
SIM1
SIM2
SIM3
SIM4
1
21
22
SIM5
SIM1
SIM2
SIM3
SIM4
1
21
22
SIM5
SIM1
SIM2
SIM3
SIM4
1
21
22
SIM5
SIM1
SIM2
SIM3
SIM4
1
21
22
SIM5
SIM1
SIM2
SIM3
SIM4
1
21
22
SIM5
SIM1
SIM2
SIM3
SIM4
1
21
22
SIM5
SIM1
SIM2
SIM3
SIM4
1
21
22
SIM5
SIM1
SIM2
SIM3
SIM4
1
21
22
SIM5
SIM1
SIM2
SIM3
SIM4
1
21
22
SIM5
SIM1
SIM2
SIM3
SIM4
1
21
22
SIM5
SIM1
SIM2
SIM3
SIM4
1
21
22
SIM5
SIM1
SIM2
SIM3
SIM4
1
21
22
SIM5
SIM1
SIM2
SIM3
SIM4
1
21
22
SIM5
SIM1
SIM2
SIM3
SIM4
1
21
22
SIM5
SIM1
SIM2
SIM3
SIM4
1
21
22
SIM5
SIM1
SIM2
SIM3
SIM4
1
21
22
SIM5
SIM1
SIM2
SIM3
SIM4
1
21
22
SIM5
SIM1
SIM2
SIM3
SIM4
1
21
22
SIM5
SIM1
SIM2
SIM3
SIM4
1
21
22
SIM5
SIM1
SIM2
SIM3
SIM4
1
21
22
SIM5
SIM1
SIM2
SIM3
SIM4
1
21
22
SIM5
SIM1
SIM2
SIM3
SIM4
1
21
22
SIM5
SIM1
SIM2
SIM3
SIM4
1
21
22
SIM5
SIM1
SIM2
SIM3
SIM4
1
21
22
SIM5
SIM1
SIM2
SIM3
SIM4
1
21
22
SIM5
SIM1
SIM2
SIM3
SIM4
1
21
22
SIM5
SIM1
SIM2
SIM3
SIM4
1
21
22
SIM5
SIM1
SIM2
SIM3
SIM4
1
21
22
SIM5
SIM1
SIM2
SIM3
SIM4
1
21
22
SIM5
SIM1
SIM2
SIM3
SIM4
1
21
22
SIM5
SIM1
SIM2
SIM3
SIM4
1
21
22
SIM5
SIM1
SIM2
SIM3
SIM4
1
21
22
SIM5
SIM1
SIM2
SIM3
SIM4
1
21
22
SIM5
SIM1
SIM2
SIM3
SIM4
1
21
22
SIM5
SIM1
SIM2
SIM3
SIM4
1
21
22
SIM5
SIM1
SIM2
SIM3
SIM4
1
21
22
SIM5
SIM1
SIM2
SIM3
SIM4
1
21
22
SIM5
SIM1
SIM2
SIM3
SIM4
1
21
22
SIM5
SIM1
SIM2
SIM3
SIM4
1
21
22
SIM5
SIM1
SIM2
SIM3
SIM4
1
21
22
SIM5
SIM1
SIM2
SIM3
SIM4
1
21
22
SIM5
SIM1
SIM2
SIM3
SIM4
1
21
22
SIM5
SIM1
SIM2
SIM3
SIM4
1
21
22
SIM5
SIM1
SIM2
SIM3
SIM4
1
21
22
SIM5
SIM1
SIM2
SIM3
SIM4
1
21
22
SIM5
SIM1
SIM2
SIM3
SIM4
1
21
22
SIM5
SIM1
SIM2
SIM3
SIM4
1
21
22
SIM5
SIM1
SIM2
SIM3
SIM4
1
21
22
SIM5
SIM1
SIM2
SIM3
SIM4
1
21
22
SIM5
SIM1
SIM2
SIM3
SIM4
1
21
22
SIM5
SIM1
SIM2
SIM3
SIM4
1
21
22
SIM5
SIM1
SIM2
SIM3
SIM4
1
21
22
SIM5
SIM1
SIM2
SIM3
SIM4
1
21
22
SIM5
SIM1
SIM2
SIM3
SIM4
1
21
22
SIM5
SIM1
SIM2
SIM3
SIM4
1
21
22
SIM5
SIM1
SIM2
SIM3
SIM4
1
21
22
SIM5
SIM1
SIM2
SIM3
SIM4
1
21
22
SIM5
SIM1
SIM2
SIM3
SIM4
1
21
22
SIM5
SIM1
SIM2
SIM3
SIM4
1
21
22
SIM5
SIM1
SIM2
SIM3
SIM4
1
21
22
SIM5
SIM1
SIM2
SIM3
SIM4
1
21
22
SIM5
SIM1
SIM2
SIM3
SIM4
1
21
22
SIM5
SIM1
SIM2
SIM3
SIM4
1
21
22
SIM5
SIM1
SIM2
SIM3
SIM4
1
21
22
SIM5
SIM1
SIM2
SIM3
SIM4
1
21
22
SIM5
SIM1
SIM2
SIM3
SIM4
1
21
22
SIM5
SIM1
SIM2
SIM3
SIM4
1
21
22
SIM5
SIM1
SIM2
SIM3
SIM4
1
21
22
SIM5
SIM1
SIM2
SIM3
SIM4
1
21
22
SIM5
SIM1
SIM2
SIM3
SIM4
1
21
22
SIM5
SIM1
SIM2
SIM3
SIM4
1
21
22
SIM5
SIM1
SIM2
SIM3
SIM4
1
21
22
SIM5
SIM1
SIM2
SIM3
SIM4
1
21
22
SIM5
SIM1
SIM2
SIM3
SIM4
1
21
22
SIM5
SIM1
SIM2
SIM3
SIM4
1
21
22
SIM5
SIM1
SIM2
SIM3
SIM4
1
21
22
SIM5
SIM1
SIM2
SIM3
SIM4
1
21
22
SIM5
SIM1
SIM2
SIM3
SIM4
1
21
22
SIM5
SIM1
SIM2
SIM3
SIM4
1
21
22
SIM5
SIM1
SIM2
SIM3
SIM4
1
21
22
SIM5
SIM1
SIM2
SIM3
SIM4
1
21
22
SIM5
SIM1
SIM2
SIM3
SIM4
1
21
22
SIM5
SIM1
SIM2
SIM3
SIM4
1
21
22
SIM5
SIM1
SIM2
SIM3
SIM4
1
21
22
SIM5
SIM1
SIM2
SIM3
SIM4
1
21
22
SIM5
SIM1
SIM2
SIM3
SIM4
1
21
22
SIM5
SIM1
SIM2
SIM3
SIM4
1
21
22
SIM5
SIM1
SIM2
SIM3
SIM4
1
21
22
SIM5
SIM1
SIM2
SIM3
SIM4
1
21
22
SIM5
SIM1
SIM2
SIM3
SIM4
1
21
22
SIM5
SIM1
SIM2
SIM3
SIM4
1
21
22
SIM5
SIM1
SIM2
SIM3
SIM4
1
21
22
SIM5
SIM1
SIM2
SIM3
SIM4
1
21
22
SIM5
SIM1
SIM2
SIM3
SIM4
1
21
22
SIM5
SIM1
SIM2
SIM3
SIM4
1
21
22
SIM5
SIM1
SIM2
SIM3
SIM4
1
21
22
SIM5
SIM1
SIM2
SIM3
SIM4
1
21
22
SIM5
SIM1
SIM2
SIM3
SIM4
1
21
22
SIM5
SIM1
SIM2
SIM3
SIM4
1
21
22
SIM5
SIM1
SIM2
SIM3
SIM4
1
21
22
SIM5
SIM1
SIM2
SIM3
SIM4
1
21
22
SIM5
SIM1
SIM2
SIM3
SIM4
1
21
22
SIM5
SIM1
SIM2
SIM3
SIM4
1
21
22
SIM5
SIM1
SIM2
SIM3
SIM4
1
21
22
SIM5
SIM1
SIM2
DEBUG 1 174
SIM1
SIM2
SIM3
SIM4
1
21
22
SIM5
SIM1
SIM2
SIM3
SIM4
1
21
22
SIM5
SIM1
SIM2
SIM3
SIM4
1
21
22
SIM5
SIM1
SIM2
SIM3
SIM4
1
21
22
SIM5
SIM1
SIM2
SIM3
SIM4
1
21
22
SIM5
SIM1
SIM2
SIM3
SIM4
1
21
22
SIM5
SIM1
SIM2
SIM3
SIM4
1
21
22
SIM5
SIM1
SIM2
SIM3
SIM4
1
21
22
SIM5
SIM1
SIM2
SIM3
SIM4
1
21
22
SIM5
SIM1
SIM2
SIM3
SIM4
1
21
22
SIM5
SIM1
SIM2
SIM3
SIM4
1
21
22
SIM5
SIM1
SIM2
SIM3
SIM4
1
21
22
SIM5
SIM1
SIM2
SIM3
SIM4
1
21
22
SIM5
SIM1
SIM2
SIM3
SIM4
1
21
22
SIM5
SIM1
SIM2
SIM3
SIM4
1
21
22
SIM5
SIM1
SIM2
SIM3
SIM4
1
21
22
SIM5
SIM1
SIM2
SIM3
SIM4
1
21
22
SIM5
SIM1
SIM2
SIM3
SIM4
1
21
22
SIM5
SIM1
SIM2
SIM3
SIM4
1
21
22
SIM5
SIM1
SIM2
SIM3
SIM4
1
21
22
SIM5
SIM1
SIM2
SIM3
SIM4
1
21
22
SIM5
SIM1
SIM2
SIM3
SIM4
1
21
22
SIM5
SIM1
SIM2
SIM3
SIM4
1
21
22
SIM5
SIM1
SIM2
SIM3
SIM4
1
21
22
SIM5
SIM1
SIM2
SIM3
SIM4
1
21
22
SIM5
SIM1
SIM2
SIM3
SIM4
1
21
22
SIM5
SIM1
SIM2
SIM3
SIM4
1
21
22
SIM5
SIM1
SIM2
SIM3
SIM4
1
21
22
SIM5
SIM1
SIM2
SIM3
SIM4
1
21
22
SIM5
SIM1
SIM2
SIM3
SIM4
1
21
22
SIM5
SIM1
SIM2
SIM3
SIM4
1
21
22
SIM5
SIM1
SIM2
SIM3
SIM4
1
21
22
SIM5
SIM1
SIM2
SIM3
SIM4
1
21
22
SIM5
SIM1
SIM2
SIM3
SIM4
1
21
22
SIM5
SIM1
SIM2
SIM3
SIM4
1
21
22
SIM5
SIM1
SIM2
SIM3
SIM4
1
21
22
SIM5
SIM1
SIM2
SIM3
SIM4
1
21
22
SIM5
SIM1
SIM2
SIM3
SIM4
1
21
22
SIM5
SIM1
SIM2
SIM3
SIM4
1
21
22
SIM5
SIM1
SIM2
SIM3
SIM4
1
21
22
SIM5
SIM1
SIM2
SIM3
SIM4
1
21
22
SIM5
SIM1
SIM2
SIM3
SIM4
1
21
22
SIM5
SIM1
SIM2
SIM3
SIM4
1
21
22
SIM5
SIM1
SIM2
SIM3
SIM4
1
21
22
SIM5
SIM1
SIM2
SIM3
SIM4
1
21
22
SIM5
SIM1
SIM2
SIM3
SIM4
1
21
22
SIM5
SIM1
SIM2
SIM3
SIM4
1
21
22
SIM5
SIM1
SIM2
SIM3
SIM4
1
21
22
SIM5
SIM1
SIM2
SIM3
SIM4
1
21
22
SIM5
SIM1
SIM2
SIM3
SIM4
1
21
22
SIM5
SIM1
SIM2
SIM3
SIM4
1
21
22
SIM5
SIM1
SIM2
SIM3
SIM4
1
21
22
SIM5
SIM1
SIM2
SIM3
SIM4
1
21
22
SIM5
SIM1
SIM2
SIM3
SIM4
1
21
22
SIM5
SIM1
SIM2
SIM3
SIM4
1
21
22
SIM5
SIM1
SIM2
SIM3
SIM4
1
21
22
SIM5
SIM1
SIM2
SIM3
SIM4
1
21
22
SIM5
SIM1
SIM2
SIM3
SIM4
1
21
22
SIM5
SIM1
SIM2
SIM3
SIM4
1
21
22
SIM5
SIM1
SIM2
SIM3
SIM4
1
21
22
SIM5
SIM1
SIM2
SIM3
SIM4
1
21
22
SIM5
SIM1
SIM2
SIM3
SIM4
1
21
22
SIM5
SIM1
SIM2
SIM3
SIM4
1
21
22
SIM5
SIM1
SIM2
SIM3
SIM4
1
21
22
SIM5
SIM1
SIM2
SIM3
SIM4
1
21
22
SIM5
SIM1
SIM2
SIM3
SIM4
1
21
22
SIM5
SIM1
SIM2
SIM3
SIM4
1
21
22
SIM5
SIM1
SIM2
SIM3
SIM4
1
21
22
SIM5
SIM1
SIM2
SIM3
SIM4
1
21
22
SIM5
SIM1
SIM2
SIM3
SIM4
1
21
22
SIM5
SIM1
SIM2
SIM3
SIM4
1
21
22
SIM5
SIM1
SIM2
SIM3
SIM4
1
21
22
SIM5
SIM1
SIM2
SIM3
SIM4
1
21
22
SIM5
SIM1
SIM2
SIM3
SIM4
1
21
22
SIM5
SIM1
SIM2
SIM3
SIM4
1
21
22
SIM5
SIM1
SIM2
SIM3
SIM4
1
21
22
SIM5
SIM1
SIM2
SIM3
SIM4
1
21
22
SIM5
SIM1
SIM2
SIM3
SIM4
1
21
22
SIM5
SIM1
SIM2
SIM3
SIM4
1
21
22
SIM5
SIM1
SIM2
SIM3
SIM4
1
21
22
SIM5
SIM1
SIM2
SIM3
SIM4
1
21
22
SIM5
SIM1
SIM2
SIM3
SIM4
1
21
22
SIM5
SIM1
SIM2
SIM3
SIM4
1
21
22
SIM5
SIM1
SIM2
SIM3
SIM4
1
21
22
SIM5
SIM1
SIM2
SIM3
SIM4
1
21
22
SIM5
SIM1
SIM2
SIM3
SIM4
1
21
22
SIM5
SIM1
SIM2
SIM3
SIM4
1
21
22
SIM5
SIM1
SIM2
SIM3
SIM4
1
21
22
SIM5
SIM1
SIM2
SIM3
SIM4
1
21
22
SIM5
SIM1
SIM2
SIM3
SIM4
1
21
22
SIM5
SIM1
SIM2
SIM3
SIM4
1
21
22
SIM5
SIM1
SIM2
SIM3
SIM4
1
21
22
SIM5
SIM1
SIM2
SIM3
SIM4
1
21
22
SIM5
SIM1
SIM2
SIM3
SIM4
1
21
22
SIM5
SIM1
SIM2
SIM3
SIM4
1
21
22
SIM5
SIM1
SIM2
SIM3
SIM4
1
21
22
SIM5
SIM1
SIM2
SIM3
SIM4
1
21
22
SIM5
SIM1
SIM2
SIM3
SIM4
1
21
22
SIM5
SIM1
SIM2
SIM3
SIM4
1
21
22
SIM5
SIM1
SIM2
SIM3
SIM4
1
21
22
SIM5
SIM1
SIM2
SIM3
SIM4
1
21
22
SIM5
SIM1
SIM2
SIM3
SIM4
1
21
22
SIM5
SIM1
SIM2
SIM3
SIM4
1
21
22
SIM5
SIM1
SIM2
SIM3
SIM4
1
21
22
SIM5
SIM1
SIM2
SIM3
SIM4
1
21
22
SIM5
SIM1
SIM2
SIM3
SIM4
1
21
22
SIM5
SIM1
SIM2
SIM3
SIM4
1
21
22
SIM5
SIM1
SIM2
SIM3
SIM4
1
21
22
SIM5
SIM1
SIM2
SIM3
SIM4
1
21
22
SIM5
SIM1
SIM2
SIM3
SIM4
1
21
22
SIM5
SIM1
SIM2
SIM3
SIM4
1
21
22
SIM5
SIM1
SIM2
SIM3
SIM4
1
21
22
SIM5
SIM1
SIM2
SIM3
SIM4
1
21
22
SIM5
SIM1
SIM2
SIM3
SIM4
1
21
22
SIM5
SIM1
SIM2
SIM3
SIM4
1
21
22
SIM5
SIM1
SIM2
SIM3
SIM4
1
21
22
SIM5
SIM1
SIM2
SIM3
SIM4
1
21
22
SIM5
SIM1
SIM2
SIM3
SIM4
1
21
22
SIM5
SIM1
SIM2
SIM3
SIM4
1
21
22
SIM5
SIM1
SIM2
SIM3
SIM4
1
21
22
SIM5
SIM1
SIM2
SIM3
SIM4
1
21
22
SIM5
SIM1
SIM2
SIM3
SIM4
1
21
22
SIM5
SIM1
SIM2
SIM3
SIM4
1
21
22
SIM5
SIM1
SIM2
SIM3
SIM4
1
21
22
SIM5
SIM1
SIM2
SIM3
SIM4
1
21
22
SIM5
SIM1
SIM2
SIM3
SIM4
1
21
22
SIM5
SIM1
SIM2
SIM3
SIM4
1
21
22
SIM5
SIM1
SIM2
SIM3
SIM4
1
21
22
SIM5
SIM1
SIM2
SIM3
SIM4
1
21
22
SIM5
SIM1
SIM2
SIM3
SIM4
1
21
22
SIM5
SIM1
SIM2
SIM3
SIM4
1
21
22
SIM5
SIM1
SIM2
SIM3
SIM4
1
21
22
SIM5
SIM1
SIM2
SIM3
SIM4
1
21
22
SIM5
SIM1
SIM2
SIM3
SIM4
1
21
22
SIM5
SIM1
SIM2
SIM3
SIM4
1
21
22
SIM5
SIM1
SIM2
SIM3
SIM4
1
21
22
SIM5
SIM1
SIM2
SIM3
SIM4
1
21
22
SIM5
SIM1
SIM2
SIM3
SIM4
1
21
22
SIM5
SIM1
SIM2
SIM3
SIM4
1
21
22
SIM5
SIM1
SIM2
SIM3
SIM4
1
21
22
SIM5
SIM1
SIM2
SIM3
SIM4
1
21
22
SIM5
SIM1
SIM2
SIM3
SIM4
1
21
22
SIM5
SIM1
SIM2
SIM3
SIM4
1
21
22
SIM5
SIM1
SIM2
SIM3
SIM4
1
21
22
SIM5
SIM1
SIM2
SIM3
SIM4
1
21
22
SIM5
SIM1
SIM2
SIM3
SIM4
1
21
22
SIM5
SIM1
SIM2
SIM3
SIM4
1
21
22
SIM5
SIM1
SIM2
SIM3
SIM4
1
21
22
SIM5
SIM1
SIM2
SIM3
SIM4
1
21
22
SIM5
SIM1
SIM2
SIM3
SIM4
1
21
22
SIM5
SIM1
SIM2
SIM3
SIM4
1
21
22
SIM5
SIM1
SIM2
SIM3
SIM4
1
21
22
SIM5
SIM1
SIM2
SIM3
SIM4
1
21
22
SIM5
SIM1
SIM2
SIM3
SIM4
1
21
22
SIM5
SIM1
SIM2
SIM3
SIM4
1
21
22
SIM5
SIM1
SIM2
SIM3
SIM4
1
21
22
SIM5
SIM1
SIM2
SIM3
SIM4
1
21
22
SIM5
SIM1
SIM2
SIM3
SIM4
1
21
22
SIM5
SIM1
SIM2
SIM3
SIM4
1
21
22
SIM5
SIM1
SIM2
SIM3
SIM4
1
21
22
SIM5
SIM1
SIM2
SIM3
SIM4
1
21
22
SIM5
SIM1
SIM2
SIM3
SIM4
1
21
22
SIM5
SIM1
SIM2
SIM3
SIM4
1
21
22
SIM5
SIM1
SIM2
SIM3
SIM4
1
21
22
SIM5
SIM1
SIM2
SIM3
SIM4
1
21
22
SIM5
SIM1
SIM2
SIM3
SIM4
1
21
22
SIM5
SIM1
SIM2
SIM3
SIM4
1
21
22
SIM5
SIM1
SIM2
SIM3
SIM4
1
21
22
SIM5
SIM1
SIM2
SIM3
SIM4
1
21
22
SIM5
SIM1
SIM2
SIM3
SIM4
1
21
22
SIM5
SIM1
SIM2
SIM3
SIM4
1
21
22
SIM5
SIM1
SIM2
SIM3
SIM4
1
21
22
SIM5
SIM1
SIM2
SIM3
SIM4
1
21
22
SIM5
SIM1
SIM2
SIM3
SIM4
1
21
22
SIM5
SIM1
SIM2
SIM3
SIM4
1
21
22
SIM5
SIM1
SIM2
SIM3
SIM4
1
21
22
SIM5
SIM1
SIM2
SIM3
SIM4
1
21
22
SIM5
SIM1
SIM2
SIM3
SIM4
1
21
22
SIM5
SIM1
SIM2
SIM3
SIM4
1
21
22
SIM5
SIM1
SIM2
SIM3
SIM4
1
21
22
SIM5
SIM1
SIM2
SIM3
SIM4
1
21
22
SIM5
SIM1
SIM2
SIM3
SIM4
1
21
22
SIM5
SIM1
SIM2
SIM3
SIM4
1
21
22
SIM5
SIM1
SIM2
SIM3
SIM4
1
21
22
SIM5
SIM1
SIM2
SIM3
SIM4
1
21
22
SIM5
SIM1
SIM2
SIM3
SIM4
1
21
22
SIM5
SIM1
SIM2
SIM3
SIM4
1
21
22
SIM5
SIM1
SIM2
SIM3
SIM4
1
21
22
SIM5
SIM1
SIM2
SIM3
SIM4
1
21
22
SIM5
SIM1
SIM2
SIM3
SIM4
1
21
22
SIM5
SIM1
SIM2
SIM3
SIM4
1
21
22
SIM5
SIM1
SIM2
SIM3
SIM4
1
21
22
SIM5
SIM1
SIM2
SIM3
SIM4
1
21
22
SIM5
SIM1
SIM2
SIM3
SIM4
1
21
22
SIM5
SIM1
SIM2
SIM3
SIM4
1
21
22
SIM5
SIM1
SIM2
SIM3
SIM4
1
21
22
SIM5
SIM1
SIM2
SIM3
SIM4
1
21
22
SIM5
SIM1
SIM2
SIM3
SIM4
1
21
22
SIM5
SIM1
SIM2
SIM3
SIM4
1
21
22
SIM5
SIM1
SIM2
SIM3
SIM4
1
21
22
SIM5
SIM1
SIM2
SIM3
SIM4
1
21
22
SIM5
SIM1
SIM2
SIM3
SIM4
1
21
22
SIM5
SIM1
SIM2
SIM3
SIM4
1
21
22
SIM5
SIM1
SIM2
SIM3
SIM4
1
21
22
SIM5
SIM1
SIM2
SIM3
SIM4
1
21
22
SIM5
SIM1
SIM2
SIM3
SIM4
1
21
22
SIM5
SIM1
SIM2
SIM3
SIM4
1
21
22
SIM5
SIM1
SIM2
SIM3
SIM4
1
21
22
SIM5
SIM1
SIM2
SIM3
SIM4
1
21
22
SIM5
SIM1
SIM2
SIM3
SIM4
1
21
22
SIM5
SIM1
SIM2
SIM3
SIM4
1
21
22
SIM5
SIM1
SIM2
SIM3
SIM4
1
21
22
SIM5
SIM1
SIM2
SIM3
SIM4
1
21
22
SIM5
SIM1
SIM2
SIM3
SIM4
1
21
22
SIM5
SIM1
SIM2
SIM3
SIM4
1
21
22
SIM5
SIM1
SIM2
SIM3
SIM4
1
21
22
SIM5
SIM1
SIM2
SIM3
SIM4
1
21
22
SIM5
SIM1
SIM2
SIM3
SIM4
1
21
22
SIM5
SIM1
SIM2
SIM3
SIM4
1
21
22
SIM5
SIM1
SIM2
SIM3
SIM4
1
21
22
SIM5
SIM1
SIM2
SIM3
SIM4
1
21
22
SIM5
SIM1
SIM2
SIM3
SIM4
1
21
22
SIM5
SIM1
SIM2
SIM3
SIM4
1
21
22
SIM5
SIM1
SIM2
SIM3
SIM4
1
21
22
SIM5
SIM1
SIM2
SIM3
SIM4
1
21
22
SIM5
SIM1
SIM2
SIM3
SIM4
1
21
22
SIM5
SIM1
SIM2
SIM3
SIM4
1
21
22
SIM5
SIM1
SIM2
SIM3
SIM4
1
21
22
SIM5
SIM1
SIM2
SIM3
SIM4
1
21
22
SIM5
SIM1
SIM2
SIM3
SIM4
1
21
22
SIM5
SIM1
SIM2
SIM3
SIM4
1
21
22
SIM5
SIM1
SIM2
SIM3
SIM4
1
21
22
SIM5
SIM1
SIM2
SIM3
SIM4
1
21
22
SIM5
SIM1
SIM2
SIM3
SIM4
1
21
22
SIM5
SIM1
SIM2
SIM3
SIM4
1
21
22
SIM5
SIM1
SIM2
SIM3
SIM4
1
21
22
SIM5
SIM1
SIM2
SIM3
SIM4
1
21
22
SIM5
SIM1
SIM2
SIM3
SIM4
1
21
22
SIM5
SIM1
SIM2
SIM3
SIM4
1
21
22
SIM5
SIM1
SIM2
SIM3
SIM4
1
21
22
SIM5
SIM1
SIM2
SIM3
SIM4
1
21
22
SIM5
SIM1
SIM2
SIM3
SIM4
1
21
22
SIM5
SIM1
SIM2
SIM3
SIM4
1
21
22
SIM5
SIM1
SIM2
SIM3
SIM4
1
21
22
SIM5
SIM1
SIM2
SIM3
SIM4
1
21
22
SIM5
SIM1
SIM2
SIM3
SIM4
1
21
22
SIM5
SIM1
SIM2
SIM3
SIM4
1
21
22
SIM5
SIM1
SIM2
SIM3
SIM4
1
21
22
SIM5
SIM1
SIM2
SIM3
SIM4
1
21
22
SIM5
SIM1
SIM2
SIM3
SIM4
1
21
22
SIM5
SIM1
SIM2
SIM3
SIM4
1
21
22
SIM5
SIM1
SIM2
SIM3
SIM4
1
21
22
SIM5
SIM1
SIM2
SIM3
SIM4
1
21
22
SIM5
SIM1
SIM2
SIM3
SIM4
1
21
22
SIM5
SIM1
SIM2
SIM3
SIM4
1
21
22
SIM5
SIM1
SIM2
SIM3
SIM4
1
21
22
SIM5
SIM1
SIM2
SIM3
SIM4
1
21
22
SIM5
SIM1
SIM2
SIM3
SIM4
1
21
22
SIM5
SIM1
SIM2
SIM3
SIM4
1
21
22
SIM5
SIM1
SIM2
SIM3
SIM4
1
21
22
SIM5
SIM1
SIM2
SIM3
SIM4
1
21
22
SIM5
SIM1
SIM2
SIM3
SIM4
1
21
22
SIM5
SIM1
SIM2
SIM3
SIM4
1
21
22
SIM5
SIM1
SIM2
SIM3
SIM4
1
21
22
SIM5
SIM1
SIM2
SIM3
SIM4
1
21
22
SIM5
SIM1
SIM2
DEBUG 1 175
SIM1
SIM2
SIM3
SIM4
1
21
22
SIM5
SIM1
SIM2
SIM3
SIM4
1
21
22
SIM5
SIM1
SIM2
SIM3
SIM4
1
21
22
SIM5
SIM1
SIM2
SIM3
SIM4
1
21
22
SIM5
SIM1
SIM2
SIM3
SIM4
1
21
22
SIM5
SIM1
SIM2
SIM3
SIM4
1
21
22
SIM5
SIM1
SIM2
SIM3
SIM4
1
21
22
SIM5
SIM1
SIM2
SIM3
SIM4
1
21
22
SIM5
SIM1
SIM2
SIM3
SIM4
1
21
22
SIM5
SIM1
SIM2
SIM3
SIM4
1
21
22
SIM5
SIM1
SIM2
SIM3
SIM4
1
21
22
SIM5
SIM1
SIM2
SIM3
SIM4
1
21
22
SIM5
SIM1
SIM2
SIM3
SIM4
1
21
22
SIM5
SIM1
SIM2
SIM3
SIM4
1
21
22
SIM5
SIM1
SIM2
SIM3
SIM4
1
21
22
SIM5
SIM1
SIM2
SIM3
SIM4
1
21
22
SIM5
SIM1
SIM2
SIM3
SIM4
1
21
22
SIM5
SIM1
SIM2
SIM3
SIM4
1
21
22
SIM5
SIM1
SIM2
SIM3
SIM4
1
21
22
SIM5
SIM1
SIM2
SIM3
SIM4
1
21
22
SIM5
SIM1
SIM2
SIM3
SIM4
1
21
22
SIM5
SIM1
SIM2
SIM3
SIM4
1
21
22
SIM5
SIM1
SIM2
SIM3
SIM4
1
21
22
SIM5
SIM1
SIM2
SIM3
SIM4
1
21
22
SIM5
SIM1
SIM2
SIM3
SIM4
1
21
22
SIM5
SIM1
SIM2
SIM3
SIM4
1
21
22
SIM5
SIM1
SIM2
SIM3
SIM4
1
21
22
SIM5
SIM1
SIM2
SIM3
SIM4
1
21
22
SIM5
SIM1
SIM2
SIM3
SIM4
1
21
22
SIM5
SIM1
SIM2
SIM3
SIM4
1
21
22
SIM5
SIM1
SIM2
SIM3
SIM4
1
21
22
SIM5
SIM1
SIM2
SIM3
SIM4
1
21
22
SIM5
SIM1
SIM2
SIM3
SIM4
1
21
22
SIM5
SIM1
SIM2
SIM3
SIM4
1
21
22
SIM5
SIM1
SIM2
SIM3
SIM4
1
21
22
SIM5
SIM1
SIM2
SIM3
SIM4
1
21
22
SIM5
SIM1
SIM2
SIM3
SIM4
1
21
22
SIM5
SIM1
SIM2
SIM3
SIM4
1
21
22
SIM5
SIM1
SIM2
SIM3
SIM4
1
21
22
SIM5
SIM1
SIM2
SIM3
SIM4
1
21
22
SIM5
SIM1
SIM2
SIM3
SIM4
1
21
22
SIM5
SIM1
SIM2
SIM3
SIM4
1
21
22
SIM5
SIM1
SIM2
SIM3
SIM4
1
21
22
SIM5
SIM1
SIM2
SIM3
SIM4
1
21
22
SIM5
SIM1
SIM2
SIM3
SIM4
1
21
22
SIM5
SIM1
SIM2
SIM3
SIM4
1
21
22
SIM5
SIM1
SIM2
SIM3
SIM4
1
21
22
SIM5
SIM1
SIM2
SIM3
SIM4
1
21
22
SIM5
SIM1
SIM2
SIM3
SIM4
1
21
22
SIM5
SIM1
SIM2
SIM3
SIM4
1
21
22
SIM5
SIM1
SIM2
SIM3
SIM4
1
21
22
SIM5
SIM1
SIM2
SIM3
SIM4
1
21
22
SIM5
SIM1
SIM2
SIM3
SIM4
1
21
22
SIM5
SIM1
SIM2
SIM3
SIM4
1
21
22
SIM5
SIM1
SIM2
SIM3
SIM4
1
21
22
SIM5
SIM1
SIM2
SIM3
SIM4
1
21
22
SIM5
SIM1
SIM2
SIM3
SIM4
1
21
22
SIM5
SIM1
SIM2
SIM3
SIM4
1
21
22
SIM5
SIM1
SIM2
SIM3
SIM4
1
21
22
SIM5
SIM1
SIM2
SIM3
SIM4
1
21
22
SIM5
SIM1
SIM2
SIM3
SIM4
1
21
22
SIM5
SIM1
SIM2
SIM3
SIM4
1
21
22
SIM5
SIM1
SIM2
SIM3
SIM4
1
21
22
SIM5
SIM1
SIM2
SIM3
SIM4
1
21
22
SIM5
SIM1
SIM2
SIM3
SIM4
1
21
22
SIM5
SIM1
SIM2
SIM3
SIM4
1
21
22
SIM5
SIM1
SIM2
SIM3
SIM4
1
21
22
SIM5
SIM1
SIM2
SIM3
SIM4
1
21
22
SIM5
SIM1
SIM2
SIM3
SIM4
1
21
22
SIM5
SIM1
SIM2
SIM3
SIM4
1
21
22
SIM5
SIM1
SIM2
SIM3
SIM4
1
21
22
SIM5
SIM1
SIM2
SIM3
SIM4
1
21
22
SIM5
SIM1
SIM2
SIM3
SIM4
1
21
22
SIM5
SIM1
SIM2
SIM3
SIM4
1
21
22
SIM5
SIM1
SIM2
SIM3
SIM4
1
21
22
SIM5
SIM1
SIM2
SIM3
SIM4
1
21
22
SIM5
SIM1
SIM2
SIM3
SIM4
1
21
22
SIM5
SIM1
SIM2
SIM3
SIM4
1
21
22
SIM5
SIM1
SIM2
SIM3
SIM4
1
21
22
SIM5
SIM1
SIM2
SIM3
SIM4
1
21
22
SIM5
SIM1
SIM2
SIM3
SIM4
1
21
22
SIM5
SIM1
SIM2
SIM3
SIM4
1
21
22
SIM5
SIM1
SIM2
SIM3
SIM4
1
21
22
SIM5
SIM1
SIM2
SIM3
SIM4
1
21
22
SIM5
SIM1
SIM2
SIM3
SIM4
1
21
22
SIM5
SIM1
SIM2
SIM3
SIM4
1
21
22
SIM5
SIM1
SIM2
SIM3
SIM4
1
21
22
SIM5
SIM1
SIM2
SIM3
SIM4
1
21
22
SIM5
SIM1
SIM2
SIM3
SIM4
1
21
22
SIM5
SIM1
SIM2
SIM3
SIM4
1
21
22
SIM5
SIM1
SIM2
SIM3
SIM4
1
21
22
SIM5
SIM1
SIM2
SIM3
SIM4
1
21
22
SIM5
SIM1
SIM2
SIM3
SIM4
1
21
22
SIM5
SIM1
SIM2
SIM3
SIM4
1
21
22
SIM5
SIM1
SIM2
SIM3
SIM4
1
21
22
SIM5
SIM1
SIM2
SIM3
SIM4
1
21
22
SIM5
SIM1
SIM2
SIM3
SIM4
1
21
22
SIM5
SIM1
SIM2
SIM3
SIM4
1
21
22
SIM5
SIM1
SIM2
SIM3
SIM4
1
21
22
SIM5
SIM1
SIM2
SIM3
SIM4
1
21
22
SIM5
SIM1
SIM2
SIM3
SIM4
1
21
22
SIM5
SIM1
SIM2
SIM3
SIM4
1
21
22
SIM5
SIM1
SIM2
SIM3
SIM4
1
21
22
SIM5
SIM1
SIM2
SIM3
SIM4
1
21
22
SIM5
SIM1
SIM2
SIM3
SIM4
1
21
22
SIM5
SIM1
SIM2
SIM3
SIM4
1
21
22
SIM5
SIM1
SIM2
SIM3
SIM4
1
21
22
SIM5
SIM1
SIM2
SIM3
SIM4
1
21
22
SIM5
SIM1
SIM2
SIM3
SIM4
1
21
22
SIM5
SIM1
SIM2
SIM3
SIM4
1
21
22
SIM5
SIM1
SIM2
SIM3
SIM4
1
21
22
SIM5
SIM1
SIM2
SIM3
SIM4
1
21
22
SIM5
SIM1
SIM2
SIM3
SIM4
1
21
22
SIM5
SIM1
SIM2
SIM3
SIM4
1
21
22
SIM5
SIM1
SIM2
SIM3
SIM4
1
21
22
SIM5
SIM1
SIM2
SIM3
SIM4
1
21
22
SIM5
SIM1
SIM2
SIM3
SIM4
1
21
22
SIM5
SIM1
SIM2
SIM3
SIM4
1
21
22
SIM5
SIM1
SIM2
SIM3
SIM4
1
21
22
SIM5
SIM1
SIM2
SIM3
SIM4
1
21
22
SIM5
SIM1
SIM2
SIM3
SIM4
1
21
22
SIM5
SIM1
SIM2
SIM3
SIM4
1
21
22
SIM5
SIM1
SIM2
SIM3
SIM4
1
21
22
SIM5
SIM1
SIM2
SIM3
SIM4
1
21
22
SIM5
SIM1
SIM2
SIM3
SIM4
1
21
22
SIM5
SIM1
SIM2
SIM3
SIM4
1
21
22
SIM5
SIM1
SIM2
SIM3
SIM4
1
21
22
SIM5
SIM1
SIM2
SIM3
SIM4
1
21
22
SIM5
SIM1
SIM2
SIM3
SIM4
1
21
22
SIM5
SIM1
SIM2
SIM3
SIM4
1
21
22
SIM5
SIM1
SIM2
SIM3
SIM4
1
21
22
SIM5
SIM1
SIM2
SIM3
SIM4
1
21
22
SIM5
SIM1
SIM2
SIM3
SIM4
1
21
22
SIM5
SIM1
SIM2
SIM3
SIM4
1
21
22
SIM5
SIM1
SIM2
SIM3
SIM4
1
21
22
SIM5
SIM1
SIM2
SIM3
SIM4
1
21
22
SIM5
SIM1
SIM2
SIM3
SIM4
1
21
22
SIM5
SIM1
SIM2
SIM3
SIM4
1
21
22
SIM5
SIM1
SIM2
SIM3
SIM4
1
21
22
SIM5
SIM1
SIM2
SIM3
SIM4
1
21
22
SIM5
SIM1
SIM2
SIM3
SIM4
1
21
22
SIM5
SIM1
SIM2
SIM3
SIM4
1
21
22
SIM5
SIM1
SIM2
SIM3
SIM4
1
21
22
SIM5
SIM1
SIM2
SIM3
SIM4
1
21
22
SIM5
SIM1
SIM2
SIM3
SIM4
1
21
22
SIM5
SIM1
SIM2
SIM3
SIM4
1
21
22
SIM5
SIM1
SIM2
SIM3
SIM4
1
21
22
SIM5
SIM1
SIM2
SIM3
SIM4
1
21
22
SIM5
SIM1
SIM2
SIM3
SIM4
1
21
22
SIM5
SIM1
SIM2
SIM3
SIM4
1
21
22
SIM5
SIM1
SIM2
SIM3
SIM4
1
21
22
SIM5
SIM1
SIM2
SIM3
SIM4
1
21
22
SIM5
SIM1
SIM2
SIM3
SIM4
1
21
22
SIM5
SIM1
SIM2
SIM3
SIM4
1
21
22
SIM5
SIM1
SIM2
SIM3
SIM4
1
21
22
SIM5
SIM1
SIM2
SIM3
SIM4
1
21
22
SIM5
SIM1
SIM2
SIM3
SIM4
1
21
22
SIM5
SIM1
SIM2
SIM3
SIM4
1
21
22
SIM5
SIM1
SIM2
SIM3
SIM4
1
21
22
SIM5
SIM1
SIM2
SIM3
SIM4
1
21
22
SIM5
SIM1
SIM2
SIM3
SIM4
1
21
22
SIM5
SIM1
SIM2
SIM3
SIM4
1
21
22
SIM5
SIM1
SIM2
SIM3
SIM4
1
21
22
SIM5
SIM1
SIM2
SIM3
SIM4
1
21
22
SIM5
SIM1
SIM2
SIM3
SIM4
1
21
22
SIM5
SIM1
SIM2
SIM3
SIM4
1
21
22
SIM5
SIM1
SIM2
SIM3
SIM4
1
21
22
SIM5
SIM1
SIM2
SIM3
SIM4
1
21
22
SIM5
SIM1
SIM2
SIM3
SIM4
1
21
22
SIM5
SIM1
SIM2
SIM3
SIM4
1
21
22
SIM5
SIM1
SIM2
SIM3
SIM4
1
21
22
SIM5
SIM1
SIM2
SIM3
SIM4
1
21
22
SIM5
SIM1
SIM2
SIM3
SIM4
1
21
22
SIM5
SIM1
SIM2
SIM3
SIM4
1
21
22
SIM5
SIM1
SIM2
SIM3
SIM4
1
21
22
SIM5
SIM1
SIM2
SIM3
SIM4
1
21
22
SIM5
SIM1
SIM2
SIM3
SIM4
1
21
22
SIM5
SIM1
SIM2
SIM3
SIM4
1
21
22
SIM5
SIM1
SIM2
SIM3
SIM4
1
21
22
SIM5
SIM1
SIM2
SIM3
SIM4
1
21
22
SIM5
SIM1
SIM2
SIM3
SIM4
1
21
22
SIM5
SIM1
SIM2
SIM3
SIM4
1
21
22
SIM5
SIM1
SIM2
SIM3
SIM4
1
21
22
SIM5
SIM1
SIM2
SIM3
SIM4
1
21
22
SIM5
SIM1
SIM2
SIM3
SIM4
1
21
22
SIM5
SIM1
SIM2
SIM3
SIM4
1
21
22
SIM5
SIM1
SIM2
SIM3
SIM4
1
21
22
SIM5
SIM1
SIM2
SIM3
SIM4
1
21
22
SIM5
SIM1
SIM2
SIM3
SIM4
1
21
22
SIM5
SIM1
SIM2
SIM3
SIM4
1
21
22
SIM5
SIM1
SIM2
SIM3
SIM4
1
21
22
SIM5
SIM1
SIM2
SIM3
SIM4
1
21
22
SIM5
SIM1
SIM2
SIM3
SIM4
1
21
22
SIM5
SIM1
SIM2
SIM3
SIM4
1
21
22
SIM5
SIM1
SIM2
SIM3
SIM4
1
21
22
SIM5
SIM1
SIM2
SIM3
SIM4
1
21
22
SIM5
SIM1
SIM2
SIM3
SIM4
1
21
22
SIM5
SIM1
SIM2
SIM3
SIM4
1
21
22
SIM5
SIM1
SIM2
SIM3
SIM4
1
21
22
SIM5
SIM1
SIM2
SIM3
SIM4
1
21
22
SIM5
SIM1
SIM2
SIM3
SIM4
1
21
22
SIM5
SIM1
SIM2
SIM3
SIM4
1
21
22
SIM5
SIM1
SIM2
SIM3
SIM4
1
21
22
SIM5
SIM1
SIM2
SIM3
SIM4
1
21
22
SIM5
SIM1
SIM2
SIM3
SIM4
1
21
22
SIM5
SIM1
SIM2
SIM3
SIM4
1
21
22
SIM5
SIM1
SIM2
SIM3
SIM4
1
21
22
SIM5
SIM1
SIM2
SIM3
SIM4
1
21
22
SIM5
SIM1
SIM2
SIM3
SIM4
1
21
22
SIM5
SIM1
SIM2
SIM3
SIM4
1
21
22
SIM5
SIM1
SIM2
SIM3
SIM4
1
21
22
SIM5
SIM1
SIM2
SIM3
SIM4
1
21
22
SIM5
SIM1
SIM2
SIM3
SIM4
1
21
22
SIM5
SIM1
SIM2
SIM3
SIM4
1
21
22
SIM5
SIM1
SIM2
DEBUG 1 176
SIM1
SIM2
SIM3
SIM4
1
21
22
SIM5
SIM1
SIM2
SIM3
SIM4
1
21
22
SIM5
SIM1
SIM2
SIM3
SIM4
1
21
22
SIM5
SIM1
SIM2
SIM3
SIM4
1
21
22
SIM5
SIM1
SIM2
SIM3
SIM4
1
21
22
SIM5
SIM1
SIM2
SIM3
SIM4
1
21
22
SIM5
SIM1
SIM2
SIM3
SIM4
1
21
22
SIM5
SIM1
SIM2
SIM3
SIM4
1
21
22
SIM5
SIM1
SIM2
SIM3
SIM4
1
21
22
SIM5
SIM1
SIM2
SIM3
SIM4
1
21
22
SIM5
SIM1
SIM2
SIM3
SIM4
1
21
22
SIM5
SIM1
SIM2
SIM3
SIM4
1
21
22
SIM5
SIM1
SIM2
SIM3
SIM4
1
21
22
SIM5
SIM1
SIM2
SIM3
SIM4
1
21
22
SIM5
SIM1
SIM2
SIM3
SIM4
1
21
22
SIM5
SIM1
SIM2
SIM3
SIM4
1
21
22
SIM5
SIM1
SIM2
SIM3
SIM4
1
21
22
SIM5
SIM1
SIM2
SIM3
SIM4
1
21
22
SIM5
SIM1
SIM2
SIM3
SIM4
1
21
22
SIM5
SIM1
SIM2
SIM3
SIM4
1
21
22
SIM5
SIM1
SIM2
SIM3
SIM4
1
21
22
SIM5
SIM1
SIM2
SIM3
SIM4
1
21
22
SIM5
SIM1
SIM2
SIM3
SIM4
1
21
22
SIM5
SIM1
SIM2
SIM3
SIM4
1
21
22
SIM5
SIM1
SIM2
SIM3
SIM4
1
21
22
SIM5
SIM1
SIM2
SIM3
SIM4
1
21
22
SIM5
SIM1
SIM2
SIM3
SIM4
1
21
22
SIM5
SIM1
SIM2
SIM3
SIM4
1
21
22
SIM5
SIM1
SIM2
SIM3
SIM4
1
21
22
SIM5
SIM1
SIM2
SIM3
SIM4
1
21
22
SIM5
SIM1
SIM2
SIM3
SIM4
1
21
22
SIM5
SIM1
SIM2
SIM3
SIM4
1
21
22
SIM5
SIM1
SIM2
SIM3
SIM4
1
21
22
SIM5
SIM1
SIM2
SIM3
SIM4
1
21
22
SIM5
SIM1
SIM2
SIM3
SIM4
1
21
22
SIM5
SIM1
SIM2
SIM3
SIM4
1
21
22
SIM5
SIM1
SIM2
SIM3
SIM4
1
21
22
SIM5
SIM1
SIM2
SIM3
SIM4
1
21
22
SIM5
SIM1
SIM2
SIM3
SIM4
1
21
22
SIM5
SIM1
SIM2
SIM3
SIM4
1
21
22
SIM5
SIM1
SIM2
SIM3
SIM4
1
21
22
SIM5
SIM1
SIM2
SIM3
SIM4
1
21
22
SIM5
SIM1
SIM2
SIM3
SIM4
1
21
22
SIM5
SIM1
SIM2
SIM3
SIM4
1
21
22
SIM5
SIM1
SIM2
SIM3
SIM4
1
21
22
SIM5
SIM1
SIM2
SIM3
SIM4
1
21
22
SIM5
SIM1
SIM2
SIM3
SIM4
1
21
22
SIM5
SIM1
SIM2
SIM3
SIM4
1
21
22
SIM5
SIM1
SIM2
SIM3
SIM4
1
21
22
SIM5
SIM1
SIM2
SIM3
SIM4
1
21
22
SIM5
SIM1
SIM2
SIM3
SIM4
1
21
22
SIM5
SIM1
SIM2
SIM3
SIM4
1
21
22
SIM5
SIM1
SIM2
SIM3
SIM4
1
21
22
SIM5
SIM1
SIM2
SIM3
SIM4
1
21
22
SIM5
SIM1
SIM2
SIM3
SIM4
1
21
22
SIM5
SIM1
SIM2
SIM3
SIM4
1
21
22
SIM5
SIM1
SIM2
SIM3
SIM4
1
21
22
SIM5
SIM1
SIM2
SIM3
SIM4
1
21
22
SIM5
SIM1
SIM2
SIM3
SIM4
1
21
22
SIM5
SIM1
SIM2
SIM3
SIM4
1
21
22
SIM5
SIM1
SIM2
SIM3
SIM4
1
21
22
SIM5
SIM1
SIM2
SIM3
SIM4
1
21
22
SIM5
SIM1
SIM2
SIM3
SIM4
1
21
22
SIM5
SIM1
SIM2
SIM3
SIM4
1
21
22
SIM5
SIM1
SIM2
SIM3
SIM4
1
21
22
SIM5
SIM1
SIM2
SIM3
SIM4
1
21
22
SIM5
SIM1
SIM2
SIM3
SIM4
1
21
22
SIM5
SIM1
SIM2
SIM3
SIM4
1
21
22
SIM5
SIM1
SIM2
SIM3
SIM4
1
21
22
SIM5
SIM1
SIM2
SIM3
SIM4
1
21
22
SIM5
SIM1
SIM2
SIM3
SIM4
1
21
22
SIM5
SIM1
SIM2
SIM3
SIM4
1
21
22
SIM5
SIM1
SIM2
SIM3
SIM4
1
21
22
SIM5
SIM1
SIM2
SIM3
SIM4
1
21
22
SIM5
SIM1
SIM2
SIM3
SIM4
1
21
22
SIM5
SIM1
SIM2
SIM3
SIM4
1
21
22
SIM5
SIM1
SIM2
SIM3
SIM4
1
21
22
SIM5
SIM1
SIM2
SIM3
SIM4
1
21
22
SIM5
SIM1
SIM2
SIM3
SIM4
1
21
22
SIM5
SIM1
SIM2
SIM3
SIM4
1
21
22
SIM5
SIM1
SIM2
SIM3
SIM4
1
21
22
SIM5
SIM1
SIM2
SIM3
SIM4
1
21
22
SIM5
SIM1
SIM2
SIM3
SIM4
1
21
22
SIM5
SIM1
SIM2
SIM3
SIM4
1
21
22
SIM5
SIM1
SIM2
SIM3
SIM4
1
21
22
SIM5
SIM1
SIM2
SIM3
SIM4
1
21
22
SIM5
SIM1
SIM2
SIM3
SIM4
1
21
22
SIM5
SIM1
SIM2
SIM3
SIM4
1
21
22
SIM5
SIM1
SIM2
SIM3
SIM4
1
21
22
SIM5
SIM1
SIM2
SIM3
SIM4
1
21
22
SIM5
SIM1
SIM2
SIM3
SIM4
1
21
22
SIM5
SIM1
SIM2
SIM3
SIM4
1
21
22
SIM5
SIM1
SIM2
SIM3
SIM4
1
21
22
SIM5
SIM1
SIM2
SIM3
SIM4
1
21
22
SIM5
SIM1
SIM2
SIM3
SIM4
1
21
22
SIM5
SIM1
SIM2
SIM3
SIM4
1
21
22
SIM5
SIM1
SIM2
SIM3
SIM4
1
21
22
SIM5
SIM1
SIM2
SIM3
SIM4
1
21
22
SIM5
SIM1
SIM2
SIM3
SIM4
1
21
22
SIM5
SIM1
SIM2
SIM3
SIM4
1
21
22
SIM5
SIM1
SIM2
SIM3
SIM4
1
21
22
SIM5
SIM1
SIM2
SIM3
SIM4
1
21
22
SIM5
SIM1
SIM2
SIM3
SIM4
1
21
22
SIM5
SIM1
SIM2
SIM3
SIM4
1
21
22
SIM5
SIM1
SIM2
SIM3
SIM4
1
21
22
SIM5
SIM1
SIM2
SIM3
SIM4
1
21
22
SIM5
SIM1
SIM2
SIM3
SIM4
1
21
22
SIM5
SIM1
SIM2
SIM3
SIM4
1
21
22
SIM5
SIM1
SIM2
SIM3
SIM4
1
21
22
SIM5
SIM1
SIM2
SIM3
SIM4
1
21
22
SIM5
SIM1
SIM2
SIM3
SIM4
1
21
22
SIM5
SIM1
SIM2
SIM3
SIM4
1
21
22
SIM5
SIM1
SIM2
SIM3
SIM4
1
21
22
SIM5
SIM1
SIM2
SIM3
SIM4
1
21
22
SIM5
SIM1
SIM2
SIM3
SIM4
1
21
22
SIM5
SIM1
SIM2
SIM3
SIM4
1
21
22
SIM5
SIM1
SIM2
SIM3
SIM4
1
21
22
SIM5
SIM1
SIM2
SIM3
SIM4
1
21
22
SIM5
SIM1
SIM2
SIM3
SIM4
1
21
22
SIM5
SIM1
SIM2
SIM3
SIM4
1
21
22
SIM5
SIM1
SIM2
SIM3
SIM4
1
21
22
SIM5
SIM1
SIM2
SIM3
SIM4
1
21
22
SIM5
SIM1
SIM2
SIM3
SIM4
1
21
22
SIM5
SIM1
SIM2
SIM3
SIM4
1
21
22
SIM5
SIM1
SIM2
SIM3
SIM4
1
21
22
SIM5
SIM1
SIM2
SIM3
SIM4
1
21
22
SIM5
SIM1
SIM2
SIM3
SIM4
1
21
22
SIM5
SIM1
SIM2
SIM3
SIM4
1
21
22
SIM5
SIM1
SIM2
SIM3
SIM4
1
21
22
SIM5
SIM1
SIM2
SIM3
SIM4
1
21
22
SIM5
SIM1
SIM2
SIM3
SIM4
1
21
22
SIM5
SIM1
SIM2
SIM3
SIM4
1
21
22
SIM5
SIM1
SIM2
SIM3
SIM4
1
21
22
SIM5
SIM1
SIM2
SIM3
SIM4
1
21
22
SIM5
SIM1
SIM2
SIM3
SIM4
1
21
22
SIM5
SIM1
SIM2
SIM3
SIM4
1
21
22
SIM5
SIM1
SIM2
SIM3
SIM4
1
21
22
SIM5
SIM1
SIM2
SIM3
SIM4
1
21
22
SIM5
SIM1
SIM2
SIM3
SIM4
1
21
22
SIM5
SIM1
SIM2
SIM3
SIM4
1
21
22
SIM5
SIM1
SIM2
SIM3
SIM4
1
21
22
SIM5
SIM1
SIM2
SIM3
SIM4
1
21
22
SIM5
SIM1
SIM2
SIM3
SIM4
1
21
22
SIM5
SIM1
SIM2
SIM3
SIM4
1
21
22
SIM5
SIM1
SIM2
SIM3
SIM4
1
21
22
SIM5
SIM1
SIM2
SIM3
SIM4
1
21
22
SIM5
SIM1
SIM2
SIM3
SIM4
1
21
22
SIM5
SIM1
SIM2
SIM3
SIM4
1
21
22
SIM5
SIM1
SIM2
SIM3
SIM4
1
21
22
SIM5
SIM1
SIM2
SIM3
SIM4
1
21
22
SIM5
SIM1
SIM2
SIM3
SIM4
1
21
22
SIM5
SIM1
SIM2
SIM3
SIM4
1
21
22
SIM5
SIM1
SIM2
SIM3
SIM4
1
21
22
SIM5
SIM1
SIM2
SIM3
SIM4
1
21
22
SIM5
SIM1
SIM2
SIM3
SIM4
1
21
22
SIM5
SIM1
SIM2
SIM3
SIM4
1
21
22
SIM5
SIM1
SIM2
SIM3
SIM4
1
21
22
SIM5
SIM1
SIM2
SIM3
SIM4
1
21
22
SIM5
SIM1
SIM2
SIM3
SIM4
1
21
22
SIM5
SIM1
SIM2
SIM3
SIM4
1
21
22
SIM5
SIM1
SIM2
SIM3
SIM4
1
21
22
SIM5
SIM1
SIM2
SIM3
SIM4
1
21
22
SIM5
SIM1
SIM2
SIM3
SIM4
1
21
22
SIM5
SIM1
SIM2
SIM3
SIM4
1
21
22
SIM5
SIM1
SIM2
SIM3
SIM4
1
21
22
SIM5
SIM1
SIM2
SIM3
SIM4
1
21
22
SIM5
SIM1
SIM2
SIM3
SIM4
1
21
22
SIM5
SIM1
SIM2
SIM3
SIM4
1
21
22
SIM5
SIM1
SIM2
SIM3
SIM4
1
21
22
SIM5
SIM1
SIM2
SIM3
SIM4
1
21
22
SIM5
SIM1
SIM2
SIM3
SIM4
1
21
22
SIM5
SIM1
SIM2
SIM3
SIM4
1
21
22
SIM5
SIM1
SIM2
SIM3
SIM4
1
21
22
SIM5
SIM1
SIM2
SIM3
SIM4
1
21
22
SIM5
SIM1
SIM2
SIM3
SIM4
1
21
22
SIM5
SIM1
SIM2
SIM3
SIM4
1
21
22
SIM5
SIM1
SIM2
SIM3
SIM4
1
21
22
SIM5
SIM1
SIM2
SIM3
SIM4
1
21
22
SIM5
SIM1
SIM2
SIM3
SIM4
1
21
22
SIM5
SIM1
SIM2
SIM3
SIM4
1
21
22
SIM5
SIM1
SIM2
SIM3
SIM4
1
21
22
SIM5
SIM1
SIM2
SIM3
SIM4
1
21
22
SIM5
SIM1
SIM2
SIM3
SIM4
1
21
22
SIM5
SIM1
SIM2
DEBUG 1 177
SIM1
SIM2
SIM3
SIM4
1
21
22
SIM5
SIM1
SIM2
SIM3
SIM4
1
21
22
SIM5
SIM1
SIM2
SIM3
SIM4
1
21
22
SIM5
SIM1
SIM2
SIM3
SIM4
1
21
22
SIM5
SIM1
SIM2
SIM3
SIM4
1
21
22
SIM5
SIM1
SIM2
SIM3
SIM4
1
21
22
SIM5
SIM1
SIM2
SIM3
SIM4
1
21
22
SIM5
SIM1
SIM2
SIM3
SIM4
1
21
22
SIM5
SIM1
SIM2
SIM3
SIM4
1
21
22
SIM5
SIM1
SIM2
SIM3
SIM4
1
21
22
SIM5
SIM1
SIM2
SIM3
SIM4
1
21
22
SIM5
SIM1
SIM2
SIM3
SIM4
1
21
22
SIM5
SIM1
SIM2
SIM3
SIM4
1
21
22
SIM5
SIM1
SIM2
SIM3
SIM4
1
21
22
SIM5
SIM1
SIM2
SIM3
SIM4
1
21
22
SIM5
SIM1
SIM2
SIM3
SIM4
1
21
22
SIM5
SIM1
SIM2
SIM3
SIM4
1
21
22
SIM5
SIM1
SIM2
SIM3
SIM4
1
21
22
SIM5
SIM1
SIM2
SIM3
SIM4
1
21
22
SIM5
SIM1
SIM2
SIM3
SIM4
1
21
22
SIM5
SIM1
SIM2
SIM3
SIM4
1
21
22
SIM5
SIM1
SIM2
SIM3
SIM4
1
21
22
SIM5
SIM1
SIM2
SIM3
SIM4
1
21
22
SIM5
SIM1
SIM2
SIM3
SIM4
1
21
22
SIM5
SIM1
SIM2
SIM3
SIM4
1
21
22
SIM5
SIM1
SIM2
SIM3
SIM4
1
21
22
SIM5
SIM1
SIM2
SIM3
SIM4
1
21
22
SIM5
SIM1
SIM2
SIM3
SIM4
1
21
22
SIM5
SIM1
SIM2
SIM3
SIM4
1
21
22
SIM5
SIM1
SIM2
SIM3
SIM4
1
21
22
SIM5
SIM1
SIM2
SIM3
SIM4
1
21
22
SIM5
SIM1
SIM2
SIM3
SIM4
1
21
22
SIM5
SIM1
SIM2
SIM3
SIM4
1
21
22
SIM5
SIM1
SIM2
SIM3
SIM4
1
21
22
SIM5
SIM1
SIM2
SIM3
SIM4
1
21
22
SIM5
SIM1
SIM2
SIM3
SIM4
1
21
22
SIM5
SIM1
SIM2
SIM3
SIM4
1
21
22
SIM5
SIM1
SIM2
SIM3
SIM4
1
21
22
SIM5
SIM1
SIM2
SIM3
SIM4
1
21
22
SIM5
SIM1
SIM2
SIM3
SIM4
1
21
22
SIM5
SIM1
SIM2
SIM3
SIM4
1
21
22
SIM5
SIM1
SIM2
SIM3
SIM4
1
21
22
SIM5
SIM1
SIM2
SIM3
SIM4
1
21
22
SIM5
SIM1
SIM2
SIM3
SIM4
1
21
22
SIM5
SIM1
SIM2
SIM3
SIM4
1
21
22
SIM5
SIM1
SIM2
SIM3
SIM4
1
21
22
SIM5
SIM1
SIM2
SIM3
SIM4
1
21
22
SIM5
SIM1
SIM2
SIM3
SIM4
1
21
22
SIM5
SIM1
SIM2
SIM3
SIM4
1
21
22
SIM5
SIM1
SIM2
SIM3
SIM4
1
21
22
SIM5
SIM1
SIM2
SIM3
SIM4
1
21
22
SIM5
SIM1
SIM2
SIM3
SIM4
1
21
22
SIM5
SIM1
SIM2
SIM3
SIM4
1
21
22
SIM5
SIM1
SIM2
SIM3
SIM4
1
21
22
SIM5
SIM1
SIM2
SIM3
SIM4
1
21
22
SIM5
SIM1
SIM2
SIM3
SIM4
1
21
22
SIM5
SIM1
SIM2
SIM3
SIM4
1
21
22
SIM5
SIM1
SIM2
SIM3
SIM4
1
21
22
SIM5
SIM1
SIM2
SIM3
SIM4
1
21
22
SIM5
SIM1
SIM2
SIM3
SIM4
1
21
22
SIM5
SIM1
SIM2
SIM3
SIM4
1
21
22
SIM5
SIM1
SIM2
SIM3
SIM4
1
21
22
SIM5
SIM1
SIM2
SIM3
SIM4
1
21
22
SIM5
SIM1
SIM2
SIM3
SIM4
1
21
22
SIM5
SIM1
SIM2
SIM3
SIM4
1
21
22
SIM5
SIM1
SIM2
SIM3
SIM4
1
21
22
SIM5
SIM1
SIM2
SIM3
SIM4
1
21
22
SIM5
SIM1
SIM2
SIM3
SIM4
1
21
22
SIM5
SIM1
SIM2
SIM3
SIM4
1
21
22
SIM5
SIM1
SIM2
SIM3
SIM4
1
21
22
SIM5
SIM1
SIM2
SIM3
SIM4
1
21
22
SIM5
SIM1
SIM2
SIM3
SIM4
1
21
22
SIM5
SIM1
SIM2
SIM3
SIM4
1
21
22
SIM5
SIM1
SIM2
SIM3
SIM4
1
21
22
SIM5
SIM1
SIM2
SIM3
SIM4
1
21
22
SIM5
SIM1
SIM2
SIM3
SIM4
1
21
22
SIM5
SIM1
SIM2
SIM3
SIM4
1
21
22
SIM5
SIM1
SIM2
SIM3
SIM4
1
21
22
SIM5
SIM1
SIM2
SIM3
SIM4
1
21
22
SIM5
SIM1
SIM2
SIM3
SIM4
1
21
22
SIM5
SIM1
SIM2
SIM3
SIM4
1
21
22
SIM5
SIM1
SIM2
SIM3
SIM4
1
21
22
SIM5
SIM1
SIM2
DEBUG 1 178
SIM1
SIM2
SIM3
SIM4
1
21
22
SIM5
SIM1
SIM2
SIM3
SIM4
1
21
22
SIM5
SIM1
SIM2
SIM3
SIM4
1
21
22
SIM5
SIM1
SIM2
SIM3
SIM4
1
21
22
SIM5
SIM1
SIM2
SIM3
SIM4
1
21
22
SIM5
SIM1
SIM2
SIM3
SIM4
1
21
22
SIM5
SIM1
SIM2
SIM3
SIM4
1
21
22
SIM5
SIM1
SIM2
SIM3
SIM4
1
21
22
SIM5
SIM1
SIM2
SIM3
SIM4
1
21
22
SIM5
SIM1
SIM2
SIM3
SIM4
1
21
22
SIM5
SIM1
SIM2
SIM3
SIM4
1
21
22
SIM5
SIM1
SIM2
SIM3
SIM4
1
21
22
SIM5
SIM1
SIM2
SIM3
SIM4
1
21
22
SIM5
SIM1
SIM2
SIM3
SIM4
1
21
22
SIM5
SIM1
SIM2
SIM3
SIM4
1
21
22
SIM5
SIM1
SIM2
SIM3
SIM4
1
21
22
SIM5
SIM1
SIM2
SIM3
SIM4
1
21
22
SIM5
SIM1
SIM2
SIM3
SIM4
1
21
22
SIM5
SIM1
SIM2
SIM3
SIM4
1
21
22
SIM5
SIM1
SIM2
SIM3
SIM4
1
21
22
SIM5
SIM1
SIM2
SIM3
SIM4
1
21
22
SIM5
SIM1
SIM2
SIM3
SIM4
1
21
22
SIM5
SIM1
SIM2
SIM3
SIM4
1
21
22
SIM5
SIM1
SIM2
SIM3
SIM4
1
21
22
SIM5
SIM1
SIM2
SIM3
SIM4
1
21
22
SIM5
SIM1
SIM2
SIM3
SIM4
1
21
22
SIM5
SIM1
SIM2
SIM3
SIM4
1
21
22
SIM5
SIM1
SIM2
SIM3
SIM4
1
21
22
SIM5
SIM1
SIM2
SIM3
SIM4
1
21
22
SIM5
SIM1
SIM2
SIM3
SIM4
1
21
22
SIM5
SIM1
SIM2
SIM3
SIM4
1
21
22
SIM5
SIM1
SIM2
SIM3
SIM4
1
21
22
SIM5
SIM1
SIM2
SIM3
SIM4
1
21
22
SIM5
SIM1
SIM2
SIM3
SIM4
1
21
22
SIM5
SIM1
SIM2
SIM3
SIM4
1
21
22
SIM5
SIM1
SIM2
SIM3
SIM4
1
21
22
SIM5
SIM1
SIM2
SIM3
SIM4
1
21
22
SIM5
SIM1
SIM2
SIM3
SIM4
1
21
22
SIM5
SIM1
SIM2
SIM3
SIM4
1
21
22
SIM5
SIM1
SIM2
SIM3
SIM4
1
21
22
SIM5
SIM1
SIM2
SIM3
SIM4
1
21
22
SIM5
SIM1
SIM2
SIM3
SIM4
1
21
22
SIM5
SIM1
SIM2
SIM3
SIM4
1
21
22
SIM5
SIM1
SIM2
SIM3
SIM4
1
21
22
SIM5
SIM1
SIM2
SIM3
SIM4
1
21
22
SIM5
SIM1
SIM2
SIM3
SIM4
1
21
22
SIM5
SIM1
SIM2
SIM3
SIM4
1
21
22
SIM5
SIM1
SIM2
SIM3
SIM4
1
21
22
SIM5
SIM1
SIM2
SIM3
SIM4
1
21
22
SIM5
SIM1
SIM2
SIM3
SIM4
1
21
22
SIM5
SIM1
SIM2
SIM3
SIM4
1
21
22
SIM5
SIM1
SIM2
SIM3
SIM4
1
21
22
SIM5
SIM1
SIM2
SIM3
SIM4
1
21
22
SIM5
SIM1
SIM2
SIM3
SIM4
1
21
22
SIM5
SIM1
SIM2
SIM3
SIM4
1
21
22
SIM5
SIM1
SIM2
SIM3
SIM4
1
21
22
SIM5
SIM1
SIM2
SIM3
SIM4
1
21
22
SIM5
SIM1
SIM2
SIM3
SIM4
1
21
22
SIM5
SIM1
SIM2
SIM3
SIM4
1
21
22
SIM5
SIM1
SIM2
SIM3
SIM4
1
21
22
SIM5
SIM1
SIM2
SIM3
SIM4
1
21
22
SIM5
SIM1
SIM2
SIM3
SIM4
1
21
22
SIM5
SIM1
SIM2
SIM3
SIM4
1
21
22
SIM5
SIM1
SIM2
SIM3
SIM4
1
21
22
SIM5
SIM1
SIM2
SIM3
SIM4
1
21
22
SIM5
SIM1
SIM2
SIM3
SIM4
1
21
22
SIM5
SIM1
SIM2
SIM3
SIM4
1
21
22
SIM5
SIM1
SIM2
SIM3
SIM4
1
21
22
SIM5
SIM1
SIM2
SIM3
SIM4
1
21
22
SIM5
SIM1
SIM2
SIM3
SIM4
1
21
22
SIM5
SIM1
SIM2
SIM3
SIM4
1
21
22
SIM5
SIM1
SIM2
SIM3
SIM4
1
21
22
SIM5
SIM1
SIM2
SIM3
SIM4
1
21
22
SIM5
SIM1
SIM2
SIM3
SIM4
1
21
22
SIM5
SIM1
SIM2
SIM3
SIM4
1
21
22
SIM5
SIM1
SIM2
SIM3
SIM4
1
21
22
SIM5
SIM1
SIM2
SIM3
SIM4
1
21
22
SIM5
SIM1
SIM2
SIM3
SIM4
1
21
22
SIM5
SIM1
SIM2
SIM3
SIM4
1
21
22
SIM5
SIM1
SIM2
SIM3
SIM4
1
21
22
SIM5
SIM1
SIM2
SIM3
SIM4
1
21
22
SIM5
SIM1
SIM2
SIM3
SIM4
1
21
22
SIM5
SIM1
SIM2
SIM3
SIM4
1
21
22
SIM5
SIM1
SIM2
SIM3
SIM4
1
21
22
SIM5
SIM1
SIM2
SIM3
SIM4
1
21
22
SIM5
SIM1
SIM2
SIM3
SIM4
1
21
22
SIM5
SIM1
SIM2
SIM3
SIM4
1
21
22
SIM5
SIM1
SIM2
SIM3
SIM4
1
21
22
SIM5
SIM1
SIM2
SIM3
SIM4
1
21
22
SIM5
SIM1
SIM2
SIM3
SIM4
1
21
22
SIM5
SIM1
SIM2
SIM3
SIM4
1
21
22
SIM5
SIM1
SIM2
SIM3
SIM4
1
21
22
SIM5
SIM1
SIM2
SIM3
SIM4
1
21
22
SIM5
SIM1
SIM2
SIM3
SIM4
1
21
22
SIM5
SIM1
SIM2
SIM3
SIM4
1
21
22
SIM5
SIM1
SIM2
SIM3
SIM4
1
21
22
SIM5
SIM1
SIM2
SIM3
SIM4
1
21
22
SIM5
SIM1
SIM2
SIM3
SIM4
1
21
22
SIM5
SIM1
SIM2
SIM3
SIM4
1
21
22
SIM5
SIM1
SIM2
SIM3
SIM4
1
21
22
SIM5
SIM1
SIM2
SIM3
SIM4
1
21
22
SIM5
SIM1
SIM2
SIM3
SIM4
1
21
22
SIM5
SIM1
SIM2
SIM3
SIM4
1
21
22
SIM5
SIM1
SIM2
SIM3
SIM4
1
21
22
SIM5
SIM1
SIM2
SIM3
SIM4
1
21
22
SIM5
SIM1
SIM2
SIM3
SIM4
1
21
22
SIM5
SIM1
SIM2
SIM3
SIM4
1
21
22
SIM5
SIM1
SIM2
SIM3
SIM4
1
21
22
SIM5
SIM1
SIM2
SIM3
SIM4
1
21
22
SIM5
SIM1
SIM2
SIM3
SIM4
1
21
22
SIM5
SIM1
SIM2
SIM3
SIM4
1
21
22
SIM5
SIM1
SIM2
SIM3
SIM4
1
21
22
SIM5
SIM1
SIM2
SIM3
SIM4
1
21
22
SIM5
SIM1
SIM2
SIM3
SIM4
1
21
22
SIM5
SIM1
SIM2
SIM3
SIM4
1
21
22
SIM5
SIM1
SIM2
SIM3
SIM4
1
21
22
SIM5
SIM1
SIM2
SIM3
SIM4
1
21
22
SIM5
SIM1
SIM2
SIM3
SIM4
1
21
22
SIM5
SIM1
SIM2
SIM3
SIM4
1
21
22
SIM5
SIM1
SIM2
SIM3
SIM4
1
21
22
SIM5
SIM1
SIM2
SIM3
SIM4
1
21
22
SIM5
SIM1
SIM2
SIM3
SIM4
1
21
22
SIM5
SIM1
SIM2
SIM3
SIM4
1
21
22
SIM5
SIM1
SIM2
SIM3
SIM4
1
21
22
SIM5
SIM1
SIM2
SIM3
SIM4
1
21
22
SIM5
SIM1
SIM2
SIM3
SIM4
1
21
22
SIM5
SIM1
SIM2
SIM3
SIM4
1
21
22
SIM5
SIM1
SIM2
SIM3
SIM4
1
21
22
SIM5
SIM1
SIM2
SIM3
SIM4
1
21
22
SIM5
SIM1
SIM2
SIM3
SIM4
1
21
22
SIM5
SIM1
SIM2
SIM3
SIM4
1
21
22
SIM5
SIM1
SIM2
SIM3
SIM4
1
21
22
SIM5
SIM1
SIM2
SIM3
SIM4
1
21
22
SIM5
SIM1
SIM2
SIM3
SIM4
1
21
22
SIM5
SIM1
SIM2
SIM3
SIM4
1
21
22
SIM5
SIM1
SIM2
SIM3
SIM4
1
21
22
SIM5
SIM1
SIM2
SIM3
SIM4
1
21
22
SIM5
SIM1
SIM2
SIM3
SIM4
1
21
22
SIM5
SIM1
SIM2
SIM3
SIM4
1
21
22
SIM5
SIM1
SIM2
SIM3
SIM4
1
21
22
SIM5
SIM1
SIM2
SIM3
SIM4
1
21
22
SIM5
SIM1
SIM2
SIM3
SIM4
1
21
22
SIM5
SIM1
SIM2
SIM3
SIM4
1
21
22
SIM5
SIM1
SIM2
SIM3
SIM4
1
21
22
SIM5
SIM1
SIM2
SIM3
SIM4
1
21
22
SIM5
SIM1
SIM2
SIM3
SIM4
1
21
22
SIM5
SIM1
SIM2
DEBUG 1 179
SIM1
SIM2
SIM3
SIM4
1
21
22
SIM5
SIM1
SIM2
SIM3
SIM4
1
21
22
SIM5
SIM1
SIM2
SIM3
SIM4
1
21
22
SIM5
SIM1
SIM2
SIM3
SIM4
1
21
22
SIM5
SIM1
SIM2
SIM3
SIM4
1
21
22
SIM5
SIM1
SIM2
SIM3
SIM4
1
21
22
SIM5
SIM1
SIM2
SIM3
SIM4
1
21
22
SIM5
SIM1
SIM2
SIM3
SIM4
1
21
22
SIM5
SIM1
SIM2
SIM3
SIM4
1
21
22
SIM5
SIM1
SIM2
SIM3
SIM4
1
21
22
SIM5
SIM1
SIM2
SIM3
SIM4
1
21
22
SIM5
SIM1
SIM2
SIM3
SIM4
1
21
22
SIM5
SIM1
SIM2
SIM3
SIM4
1
21
22
SIM5
SIM1
SIM2
SIM3
SIM4
1
21
22
SIM5
SIM1
SIM2
SIM3
SIM4
1
21
22
SIM5
SIM1
SIM2
SIM3
SIM4
1
21
22
SIM5
SIM1
SIM2
SIM3
SIM4
1
21
22
SIM5
SIM1
SIM2
SIM3
SIM4
1
21
22
SIM5
SIM1
SIM2
SIM3
SIM4
1
21
22
SIM5
SIM1
SIM2
SIM3
SIM4
1
21
22
SIM5
SIM1
SIM2
SIM3
SIM4
1
21
22
SIM5
SIM1
SIM2
SIM3
SIM4
1
21
22
SIM5
SIM1
SIM2
SIM3
SIM4
1
21
22
SIM5
SIM1
SIM2
SIM3
SIM4
1
21
22
SIM5
SIM1
SIM2
SIM3
SIM4
1
21
22
SIM5
SIM1
SIM2
SIM3
SIM4
1
21
22
SIM5
SIM1
SIM2
SIM3
SIM4
1
21
22
SIM5
SIM1
SIM2
SIM3
SIM4
1
21
22
SIM5
SIM1
SIM2
SIM3
SIM4
1
21
22
SIM5
SIM1
SIM2
SIM3
SIM4
1
21
22
SIM5
SIM1
SIM2
SIM3
SIM4
1
21
22
SIM5
SIM1
SIM2
SIM3
SIM4
1
21
22
SIM5
SIM1
SIM2
SIM3
SIM4
1
21
22
SIM5
SIM1
SIM2
SIM3
SIM4
1
21
22
SIM5
SIM1
SIM2
SIM3
SIM4
1
21
22
SIM5
SIM1
SIM2
SIM3
SIM4
1
21
22
SIM5
SIM1
SIM2
SIM3
SIM4
1
21
22
SIM5
SIM1
SIM2
SIM3
SIM4
1
21
22
SIM5
SIM1
SIM2
SIM3
SIM4
1
21
22
SIM5
SIM1
SIM2
SIM3
SIM4
1
21
22
SIM5
SIM1
SIM2
SIM3
SIM4
1
21
22
SIM5
SIM1
SIM2
SIM3
SIM4
1
21
22
SIM5
SIM1
SIM2
SIM3
SIM4
1
21
22
SIM5
SIM1
SIM2
SIM3
SIM4
1
21
22
SIM5
SIM1
SIM2
SIM3
SIM4
1
21
22
SIM5
SIM1
SIM2
SIM3
SIM4
1
21
22
SIM5
SIM1
SIM2
SIM3
SIM4
1
21
22
SIM5
SIM1
SIM2
SIM3
SIM4
1
21
22
SIM5
SIM1
SIM2
SIM3
SIM4
1
21
22
SIM5
SIM1
SIM2
SIM3
SIM4
1
21
22
SIM5
SIM1
SIM2
SIM3
SIM4
1
21
22
SIM5
SIM1
SIM2
SIM3
SIM4
1
21
22
SIM5
SIM1
SIM2
SIM3
SIM4
1
21
22
SIM5
SIM1
SIM2
SIM3
SIM4
1
21
22
SIM5
SIM1
SIM2
SIM3
SIM4
1
21
22
SIM5
SIM1
SIM2
SIM3
SIM4
1
21
22
SIM5
SIM1
SIM2
SIM3
SIM4
1
21
22
SIM5
SIM1
SIM2
SIM3
SIM4
1
21
22
SIM5
SIM1
SIM2
SIM3
SIM4
1
21
22
SIM5
SIM1
SIM2
SIM3
SIM4
1
21
22
SIM5
SIM1
SIM2
SIM3
SIM4
1
21
22
SIM5
SIM1
SIM2
SIM3
SIM4
1
21
22
SIM5
SIM1
SIM2
SIM3
SIM4
1
21
22
SIM5
SIM1
SIM2
SIM3
SIM4
1
21
22
SIM5
SIM1
SIM2
SIM3
SIM4
1
21
22
SIM5
SIM1
SIM2
SIM3
SIM4
1
21
22
SIM5
SIM1
SIM2
SIM3
SIM4
1
21
22
SIM5
SIM1
SIM2
SIM3
SIM4
1
21
22
SIM5
SIM1
SIM2
SIM3
SIM4
1
21
22
SIM5
SIM1
SIM2
SIM3
SIM4
1
21
22
SIM5
SIM1
SIM2
SIM3
SIM4
1
21
22
SIM5
SIM1
SIM2
SIM3
SIM4
1
21
22
SIM5
SIM1
SIM2
SIM3
SIM4
1
21
22
SIM5
SIM1
SIM2
SIM3
SIM4
1
21
22
SIM5
SIM1
SIM2
SIM3
SIM4
1
21
22
SIM5
SIM1
SIM2
SIM3
SIM4
1
21
22
SIM5
SIM1
SIM2
SIM3
SIM4
1
21
22
SIM5
SIM1
SIM2
SIM3
SIM4
1
21
22
SIM5
SIM1
SIM2
SIM3
SIM4
1
21
22
SIM5
SIM1
SIM2
SIM3
SIM4
1
21
22
SIM5
SIM1
SIM2
SIM3
SIM4
1
21
22
SIM5
SIM1
SIM2
SIM3
SIM4
1
21
22
SIM5
SIM1
SIM2
SIM3
SIM4
1
21
22
SIM5
SIM1
SIM2
SIM3
SIM4
1
21
22
SIM5
SIM1
SIM2
SIM3
SIM4
1
21
22
SIM5
SIM1
SIM2
SIM3
SIM4
1
21
22
SIM5
SIM1
SIM2
SIM3
SIM4
1
21
22
SIM5
SIM1
SIM2
SIM3
SIM4
1
21
22
SIM5
SIM1
SIM2
SIM3
SIM4
1
21
22
SIM5
SIM1
SIM2
SIM3
SIM4
1
21
22
SIM5
SIM1
SIM2
SIM3
SIM4
1
21
22
SIM5
SIM1
SIM2
SIM3
SIM4
1
21
22
SIM5
SIM1
SIM2
SIM3
SIM4
1
21
22
SIM5
SIM1
SIM2
SIM3
SIM4
1
21
22
SIM5
SIM1
SIM2
SIM3
SIM4
1
21
22
SIM5
SIM1
SIM2
SIM3
SIM4
1
21
22
SIM5
SIM1
SIM2
SIM3
SIM4
1
21
22
SIM5
SIM1
SIM2
SIM3
SIM4
1
21
22
SIM5
SIM1
SIM2
SIM3
SIM4
1
21
22
SIM5
SIM1
SIM2
SIM3
SIM4
1
21
22
SIM5
SIM1
SIM2
SIM3
SIM4
1
21
22
SIM5
SIM1
SIM2
SIM3
SIM4
1
21
22
SIM5
SIM1
SIM2
SIM3
SIM4
1
21
22
SIM5
SIM1
SIM2
SIM3
SIM4
1
21
22
SIM5
SIM1
SIM2
SIM3
SIM4
1
21
22
SIM5
SIM1
SIM2
SIM3
SIM4
1
21
22
SIM5
SIM1
SIM2
SIM3
SIM4
1
21
22
SIM5
SIM1
SIM2
SIM3
SIM4
1
21
22
SIM5
SIM1
SIM2
SIM3
SIM4
1
21
22
SIM5
SIM1
SIM2
SIM3
SIM4
1
21
22
SIM5
SIM1
SIM2
SIM3
SIM4
1
21
22
SIM5
SIM1
SIM2
SIM3
SIM4
1
21
22
SIM5
SIM1
SIM2
SIM3
SIM4
1
21
22
SIM5
SIM1
SIM2
SIM3
SIM4
1
21
22
SIM5
SIM1
SIM2
SIM3
SIM4
1
21
22
SIM5
SIM1
SIM2
SIM3
SIM4
1
21
22
SIM5
SIM1
SIM2
DEBUG 1 180
SIM1
SIM2
SIM3
SIM4
1
21
22
SIM5
SIM1
SIM2
SIM3
SIM4
1
21
22
SIM5
SIM1
SIM2
SIM3
SIM4
1
21
22
SIM5
SIM1
SIM2
SIM3
SIM4
1
21
22
SIM5
SIM1
SIM2
SIM3
SIM4
1
21
22
SIM5
SIM1
SIM2
SIM3
SIM4
1
21
22
SIM5
SIM1
SIM2
SIM3
SIM4
1
21
22
SIM5
SIM1
SIM2
SIM3
SIM4
1
21
22
SIM5
SIM1
SIM2
SIM3
SIM4
1
21
22
SIM5
SIM1
SIM2
SIM3
SIM4
1
21
22
SIM5
SIM1
SIM2
SIM3
SIM4
1
21
22
SIM5
SIM1
SIM2
SIM3
SIM4
1
21
22
SIM5
SIM1
SIM2
SIM3
SIM4
1
21
22
SIM5
SIM1
SIM2
SIM3
SIM4
1
21
22
SIM5
SIM1
SIM2
SIM3
SIM4
1
21
22
SIM5
SIM1
SIM2
SIM3
SIM4
1
21
22
SIM5
SIM1
SIM2
SIM3
SIM4
1
21
22
SIM5
SIM1
SIM2
SIM3
SIM4
1
21
22
SIM5
SIM1
SIM2
SIM3
SIM4
1
21
22
SIM5
SIM1
SIM2
SIM3
SIM4
1
21
22
SIM5
SIM1
SIM2
SIM3
SIM4
1
21
22
SIM5
SIM1
SIM2
SIM3
SIM4
1
21
22
SIM5
SIM1
SIM2
SIM3
SIM4
1
21
22
SIM5
SIM1
SIM2
SIM3
SIM4
1
21
22
SIM5
SIM1
SIM2
SIM3
SIM4
1
21
22
SIM5
SIM1
SIM2
SIM3
SIM4
1
21
22
SIM5
SIM1
SIM2
SIM3
SIM4
1
21
22
SIM5
SIM1
SIM2
SIM3
SIM4
1
21
22
SIM5
SIM1
SIM2
SIM3
SIM4
1
21
22
SIM5
SIM1
SIM2
SIM3
SIM4
1
21
22
SIM5
SIM1
SIM2
SIM3
SIM4
1
21
22
SIM5
SIM1
SIM2
SIM3
SIM4
1
21
22
SIM5
SIM1
SIM2
SIM3
SIM4
1
21
22
SIM5
SIM1
SIM2
SIM3
SIM4
1
21
22
SIM5
SIM1
SIM2
SIM3
SIM4
1
21
22
SIM5
SIM1
SIM2
SIM3
SIM4
1
21
22
SIM5
SIM1
SIM2
SIM3
SIM4
1
21
22
SIM5
SIM1
SIM2
SIM3
SIM4
1
21
22
SIM5
SIM1
SIM2
SIM3
SIM4
1
21
22
SIM5
SIM1
SIM2
SIM3
SIM4
1
21
22
SIM5
SIM1
SIM2
SIM3
SIM4
1
21
22
SIM5
SIM1
SIM2
SIM3
SIM4
1
21
22
SIM5
SIM1
SIM2
SIM3
SIM4
1
21
22
SIM5
SIM1
SIM2
SIM3
SIM4
1
21
22
SIM5
SIM1
SIM2
SIM3
SIM4
1
21
22
SIM5
SIM1
SIM2
SIM3
SIM4
1
21
22
SIM5
SIM1
SIM2
SIM3
SIM4
1
21
22
SIM5
SIM1
SIM2
SIM3
SIM4
1
21
22
SIM5
SIM1
SIM2
SIM3
SIM4
1
21
22
SIM5
SIM1
SIM2
SIM3
SIM4
1
21
22
SIM5
SIM1
SIM2
SIM3
SIM4
1
21
22
SIM5
SIM1
SIM2
SIM3
SIM4
1
21
22
SIM5
SIM1
SIM2
SIM3
SIM4
1
21
22
SIM5
SIM1
SIM2
SIM3
SIM4
1
21
22
SIM5
SIM1
SIM2
SIM3
SIM4
1
21
22
SIM5
SIM1
SIM2
SIM3
SIM4
1
21
22
SIM5
SIM1
SIM2
SIM3
SIM4
1
21
22
SIM5
SIM1
SIM2
SIM3
SIM4
1
21
22
SIM5
SIM1
SIM2
SIM3
SIM4
1
21
22
SIM5
SIM1
SIM2
SIM3
SIM4
1
21
22
SIM5
SIM1
SIM2
SIM3
SIM4
1
21
22
SIM5
SIM1
SIM2
SIM3
SIM4
1
21
22
SIM5
SIM1
SIM2
SIM3
SIM4
1
21
22
SIM5
SIM1
SIM2
SIM3
SIM4
1
21
22
SIM5
SIM1
SIM2
SIM3
SIM4
1
21
22
SIM5
SIM1
SIM2
SIM3
SIM4
1
21
22
SIM5
SIM1
SIM2
SIM3
SIM4
1
21
22
SIM5
SIM1
SIM2
SIM3
SIM4
1
21
22
SIM5
SIM1
SIM2
SIM3
SIM4
1
21
22
SIM5
SIM1
SIM2
SIM3
SIM4
1
21
22
SIM5
SIM1
SIM2
SIM3
SIM4
1
21
22
SIM5
SIM1
SIM2
SIM3
SIM4
1
21
22
SIM5
SIM1
SIM2
SIM3
SIM4
1
21
22
SIM5
SIM1
SIM2
SIM3
SIM4
1
21
22
SIM5
SIM1
SIM2
SIM3
SIM4
1
21
22
SIM5
SIM1
SIM2
SIM3
SIM4
1
21
22
SIM5
SIM1
SIM2
SIM3
SIM4
1
21
22
SIM5
SIM1
SIM2
SIM3
SIM4
1
21
22
SIM5
SIM1
SIM2
SIM3
SIM4
1
21
22
SIM5
SIM1
SIM2
SIM3
SIM4
1
21
22
SIM5
SIM1
SIM2
SIM3
SIM4
1
21
22
SIM5
SIM1
SIM2
SIM3
SIM4
1
21
22
SIM5
SIM1
SIM2
SIM3
SIM4
1
21
22
SIM5
SIM1
SIM2
SIM3
SIM4
1
21
22
SIM5
SIM1
SIM2
SIM3
SIM4
1
21
22
SIM5
SIM1
SIM2
SIM3
SIM4
1
21
22
SIM5
SIM1
SIM2
SIM3
SIM4
1
21
22
SIM5
SIM1
SIM2
SIM3
SIM4
1
21
22
SIM5
SIM1
SIM2
SIM3
SIM4
1
21
22
SIM5
SIM1
SIM2
SIM3
SIM4
1
21
22
SIM5
SIM1
SIM2
SIM3
SIM4
1
21
22
SIM5
SIM1
SIM2
SIM3
SIM4
1
21
22
SIM5
SIM1
SIM2
SIM3
SIM4
1
21
22
SIM5
SIM1
SIM2
SIM3
SIM4
1
21
22
SIM5
SIM1
SIM2
SIM3
SIM4
1
21
22
SIM5
SIM1
SIM2
SIM3
SIM4
1
21
22
SIM5
SIM1
SIM2
SIM3
SIM4
1
21
22
SIM5
SIM1
SIM2
SIM3
SIM4
1
21
22
SIM5
SIM1
SIM2
SIM3
SIM4
1
21
22
SIM5
SIM1
SIM2
SIM3
SIM4
1
21
22
SIM5
SIM1
SIM2
SIM3
SIM4
1
21
22
SIM5
SIM1
SIM2
SIM3
SIM4
1
21
22
SIM5
SIM1
SIM2
SIM3
SIM4
1
21
22
SIM5
SIM1
SIM2
SIM3
SIM4
1
21
22
SIM5
SIM1
SIM2
SIM3
SIM4
1
21
22
SIM5
SIM1
SIM2
SIM3
SIM4
1
21
22
SIM5
SIM1
SIM2
SIM3
SIM4
1
21
22
SIM5
SIM1
SIM2
SIM3
SIM4
1
21
22
SIM5
SIM1
SIM2
SIM3
SIM4
1
21
22
SIM5
SIM1
SIM2
SIM3
SIM4
1
21
22
SIM5
SIM1
SIM2
SIM3
SIM4
1
21
22
SIM5
SIM1
SIM2
SIM3
SIM4
1
21
22
SIM5
SIM1
SIM2
SIM3
SIM4
1
21
22
SIM5
SIM1
SIM2
SIM3
SIM4
1
21
22
SIM5
SIM1
SIM2
SIM3
SIM4
1
21
22
SIM5
SIM1
SIM2
SIM3
SIM4
1
21
22
SIM5
SIM1
SIM2
SIM3
SIM4
1
21
22
SIM5
SIM1
SIM2
SIM3
SIM4
1
21
22
SIM5
SIM1
SIM2
SIM3
SIM4
1
21
22
SIM5
SIM1
SIM2
SIM3
SIM4
1
21
22
SIM5
SIM1
SIM2
SIM3
SIM4
1
21
22
SIM5
SIM1
SIM2
SIM3
SIM4
1
21
22
SIM5
SIM1
SIM2
SIM3
SIM4
1
21
22
SIM5
SIM1
SIM2
SIM3
SIM4
1
21
22
SIM5
SIM1
SIM2
SIM3
SIM4
1
21
22
SIM5
SIM1
SIM2
SIM3
SIM4
1
21
22
SIM5
SIM1
SIM2
SIM3
SIM4
1
21
22
SIM5
SIM1
SIM2
SIM3
SIM4
1
21
22
SIM5
SIM1
SIM2
SIM3
SIM4
1
21
22
SIM5
SIM1
SIM2
SIM3
SIM4
1
21
22
SIM5
SIM1
SIM2
SIM3
SIM4
1
21
22
SIM5
SIM1
SIM2
SIM3
SIM4
1
21
22
SIM5
SIM1
SIM2
SIM3
SIM4
1
21
22
SIM5
SIM1
SIM2
SIM3
SIM4
1
21
22
SIM5
SIM1
SIM2
SIM3
SIM4
1
21
22
SIM5
SIM1
SIM2
SIM3
SIM4
1
21
22
SIM5
SIM1
SIM2
SIM3
SIM4
1
21
22
SIM5
SIM1
SIM2
SIM3
SIM4
1
21
22
SIM5
SIM1
SIM2
SIM3
SIM4
1
21
22
SIM5
SIM1
SIM2
SIM3
SIM4
1
21
22
SIM5
SIM1
SIM2
SIM3
SIM4
1
21
22
SIM5
SIM1
SIM2
SIM3
SIM4
1
21
22
SIM5
SIM1
SIM2
SIM3
SIM4
1
21
22
SIM5
SIM1
SIM2
SIM3
SIM4
1
21
22
SIM5
SIM1
SIM2
SIM3
SIM4
1
21
22
SIM5
SIM1
SIM2
SIM3
SIM4
1
21
22
SIM5
SIM1
SIM2
SIM3
SIM4
1
21
22
SIM5
SIM1
SIM2
SIM3
SIM4
1
21
22
SIM5
SIM1
SIM2
SIM3
SIM4
1
21
22
SIM5
SIM1
SIM2
SIM3
SIM4
1
21
22
SIM5
SIM1
SIM2
SIM3
SIM4
1
21
22
SIM5
SIM1
SIM2
SIM3
SIM4
1
21
22
SIM5
SIM1
SIM2
SIM3
SIM4
1
21
22
SIM5
SIM1
SIM2
SIM3
SIM4
1
21
22
SIM5
SIM1
SIM2
SIM3
SIM4
1
21
22
SIM5
SIM1
SIM2
SIM3
SIM4
1
21
22
SIM5
SIM1
SIM2
SIM3
SIM4
1
21
22
SIM5
SIM1
SIM2
SIM3
SIM4
1
21
22
SIM5
SIM1
SIM2
SIM3
SIM4
1
21
22
SIM5
SIM1
SIM2
SIM3
SIM4
1
21
22
SIM5
SIM1
SIM2
SIM3
SIM4
1
21
22
SIM5
SIM1
SIM2
SIM3
SIM4
1
21
22
SIM5
SIM1
SIM2
SIM3
SIM4
1
21
22
SIM5
SIM1
SIM2
SIM3
SIM4
1
21
22
SIM5
SIM1
SIM2
SIM3
SIM4
1
21
22
SIM5
SIM1
SIM2
SIM3
SIM4
1
21
22
SIM5
SIM1
SIM2
SIM3
SIM4
1
21
22
SIM5
SIM1
SIM2
SIM3
SIM4
1
21
22
SIM5
SIM1
SIM2
SIM3
SIM4
1
21
22
SIM5
SIM1
SIM2
SIM3
SIM4
1
21
22
SIM5
SIM1
SIM2
SIM3
SIM4
1
21
22
SIM5
SIM1
SIM2
SIM3
SIM4
1
21
22
SIM5
SIM1
SIM2
SIM3
SIM4
1
21
22
SIM5
SIM1
SIM2
SIM3
SIM4
1
21
22
SIM5
SIM1
SIM2
SIM3
SIM4
1
21
22
SIM5
SIM1
SIM2
SIM3
SIM4
1
21
22
SIM5
SIM1
SIM2
SIM3
SIM4
1
21
22
SIM5
SIM1
SIM2
SIM3
SIM4
1
21
22
SIM5
SIM1
SIM2
SIM3
SIM4
1
21
22
SIM5
SIM1
SIM2
SIM3
SIM4
1
21
22
SIM5
SIM1
SIM2
SIM3
SIM4
1
21
22
SIM5
SIM1
SIM2
SIM3
SIM4
1
21
22
SIM5
SIM1
SIM2
SIM3
SIM4
1
21
22
SIM5
SIM1
SIM2
SIM3
SIM4
1
21
22
SIM5
SIM1
SIM2
SIM3
SIM4
1
21
22
SIM5
SIM1
SIM2
SIM3
SIM4
1
21
22
SIM5
SIM1
SIM2
SIM3
SIM4
1
21
22
SIM5
SIM1
SIM2
SIM3
SIM4
1
21
22
SIM5
SIM1
SIM2
SIM3
SIM4
1
21
22
SIM5
SIM1
SIM2
SIM3
SIM4
1
21
22
SIM5
SIM1
SIM2
SIM3
SIM4
1
21
22
SIM5
SIM1
SIM2
SIM3
SIM4
1
21
22
SIM5
SIM1
SIM2
SIM3
SIM4
1
21
22
SIM5
SIM1
SIM2
SIM3
SIM4
1
21
22
SIM5
SIM1
SIM2
SIM3
SIM4
1
21
22
SIM5
SIM1
SIM2
SIM3
SIM4
1
21
22
SIM5
SIM1
SIM2
SIM3
SIM4
1
21
22
SIM5
SIM1
SIM2
SIM3
SIM4
1
21
22
SIM5
SIM1
SIM2
SIM3
SIM4
1
21
22
SIM5
SIM1
SIM2
SIM3
SIM4
1
21
22
SIM5
SIM1
SIM2
SIM3
SIM4
1
21
22
SIM5
SIM1
SIM2
SIM3
SIM4
1
21
22
SIM5
SIM1
SIM2
SIM3
SIM4
1
21
22
SIM5
SIM1
SIM2
SIM3
SIM4
1
21
22
SIM5
SIM1
SIM2
SIM3
SIM4
1
21
22
SIM5
SIM1
SIM2
SIM3
SIM4
1
21
22
SIM5
SIM1
SIM2
SIM3
SIM4
1
21
22
SIM5
SIM1
SIM2
SIM3
SIM4
1
21
22
SIM5
SIM1
SIM2
SIM3
SIM4
1
21
22
SIM5
SIM1
SIM2
SIM3
SIM4
1
21
22
SIM5
SIM1
SIM2
SIM3
SIM4
1
21
22
SIM5
SIM1
SIM2
SIM3
SIM4
1
21
22
SIM5
SIM1
SIM2
SIM3
SIM4
1
21
22
SIM5
SIM1
SIM2
SIM3
SIM4
1
21
22
SIM5
SIM1
SIM2
SIM3
SIM4
1
21
22
SIM5
SIM1
SIM2
SIM3
SIM4
1
21
22
SIM5
SIM1
SIM2
SIM3
SIM4
1
21
22
SIM5
SIM1
SIM2
SIM3
SIM4
1
21
22
SIM5
SIM1
SIM2
SIM3
SIM4
1
21
22
SIM5
SIM1
SIM2
SIM3
SIM4
1
21
22
SIM5
SIM1
SIM2
SIM3
SIM4
1
21
22
SIM5
SIM1
SIM2
SIM3
SIM4
1
21
22
SIM5
SIM1
SIM2
SIM3
SIM4
1
21
22
SIM5
SIM1
SIM2
SIM3
SIM4
1
21
22
SIM5
SIM1
SIM2
SIM3
SIM4
1
21
22
SIM5
SIM1
SIM2
DEBUG 1 181
SIM1
SIM2
SIM3
SIM4
1
21
22
SIM5
SIM1
SIM2
SIM3
SIM4
1
21
22
SIM5
SIM1
SIM2
SIM3
SIM4
1
21
22
SIM5
SIM1
SIM2
SIM3
SIM4
1
21
22
SIM5
SIM1
SIM2
SIM3
SIM4
1
21
22
SIM5
SIM1
SIM2
SIM3
SIM4
1
21
22
SIM5
SIM1
SIM2
SIM3
SIM4
1
21
22
SIM5
SIM1
SIM2
SIM3
SIM4
1
21
22
SIM5
SIM1
SIM2
SIM3
SIM4
1
21
22
SIM5
SIM1
SIM2
SIM3
SIM4
1
21
22
SIM5
SIM1
SIM2
SIM3
SIM4
1
21
22
SIM5
SIM1
SIM2
SIM3
SIM4
1
21
22
SIM5
SIM1
SIM2
SIM3
SIM4
1
21
22
SIM5
SIM1
SIM2
SIM3
SIM4
1
21
22
SIM5
SIM1
SIM2
SIM3
SIM4
1
21
22
SIM5
SIM1
SIM2
SIM3
SIM4
1
21
22
SIM5
SIM1
SIM2
SIM3
SIM4
1
21
22
SIM5
SIM1
SIM2
SIM3
SIM4
1
21
22
SIM5
SIM1
SIM2
SIM3
SIM4
1
21
22
SIM5
SIM1
SIM2
SIM3
SIM4
1
21
22
SIM5
SIM1
SIM2
SIM3
SIM4
1
21
22
SIM5
SIM1
SIM2
SIM3
SIM4
1
21
22
SIM5
SIM1
SIM2
SIM3
SIM4
1
21
22
SIM5
SIM1
SIM2
SIM3
SIM4
1
21
22
SIM5
SIM1
SIM2
SIM3
SIM4
1
21
22
SIM5
SIM1
SIM2
SIM3
SIM4
1
21
22
SIM5
SIM1
SIM2
SIM3
SIM4
1
21
22
SIM5
SIM1
SIM2
SIM3
SIM4
1
21
22
SIM5
SIM1
SIM2
SIM3
SIM4
1
21
22
SIM5
SIM1
SIM2
SIM3
SIM4
1
21
22
SIM5
SIM1
SIM2
SIM3
SIM4
1
21
22
SIM5
SIM1
SIM2
SIM3
SIM4
1
21
22
SIM5
SIM1
SIM2
SIM3
SIM4
1
21
22
SIM5
SIM1
SIM2
SIM3
SIM4
1
21
22
SIM5
SIM1
SIM2
SIM3
SIM4
1
21
22
SIM5
SIM1
SIM2
SIM3
SIM4
1
21
22
SIM5
SIM1
SIM2
SIM3
SIM4
1
21
22
SIM5
SIM1
SIM2
SIM3
SIM4
1
21
22
SIM5
SIM1
SIM2
SIM3
SIM4
1
21
22
SIM5
SIM1
SIM2
SIM3
SIM4
1
21
22
SIM5
SIM1
SIM2
SIM3
SIM4
1
21
22
SIM5
SIM1
SIM2
SIM3
SIM4
1
21
22
SIM5
SIM1
SIM2
SIM3
SIM4
1
21
22
SIM5
SIM1
SIM2
SIM3
SIM4
1
21
22
SIM5
SIM1
SIM2
SIM3
SIM4
1
21
22
SIM5
SIM1
SIM2
SIM3
SIM4
1
21
22
SIM5
SIM1
SIM2
SIM3
SIM4
1
21
22
SIM5
SIM1
SIM2
SIM3
SIM4
1
21
22
SIM5
SIM1
SIM2
SIM3
SIM4
1
21
22
SIM5
SIM1
SIM2
SIM3
SIM4
1
21
22
SIM5
SIM1
SIM2
SIM3
SIM4
1
21
22
SIM5
SIM1
SIM2
SIM3
SIM4
1
21
22
SIM5
SIM1
SIM2
SIM3
SIM4
1
21
22
SIM5
SIM1
SIM2
SIM3
SIM4
1
21
22
SIM5
SIM1
SIM2
SIM3
SIM4
1
21
22
SIM5
SIM1
SIM2
SIM3
SIM4
1
21
22
SIM5
SIM1
SIM2
SIM3
SIM4
1
21
22
SIM5
SIM1
SIM2
SIM3
SIM4
1
21
22
SIM5
SIM1
SIM2
SIM3
SIM4
1
21
22
SIM5
SIM1
SIM2
SIM3
SIM4
1
21
22
SIM5
SIM1
SIM2
SIM3
SIM4
1
21
22
SIM5
SIM1
SIM2
SIM3
SIM4
1
21
22
SIM5
SIM1
SIM2
SIM3
SIM4
1
21
22
SIM5
SIM1
SIM2
SIM3
SIM4
1
21
22
SIM5
SIM1
SIM2
SIM3
SIM4
1
21
22
SIM5
SIM1
SIM2
SIM3
SIM4
1
21
22
SIM5
SIM1
SIM2
SIM3
SIM4
1
21
22
SIM5
SIM1
SIM2
SIM3
SIM4
1
21
22
SIM5
SIM1
SIM2
SIM3
SIM4
1
21
22
SIM5
SIM1
SIM2
SIM3
SIM4
1
21
22
SIM5
SIM1
SIM2
SIM3
SIM4
1
21
22
SIM5
SIM1
SIM2
SIM3
SIM4
1
21
22
SIM5
SIM1
SIM2
SIM3
SIM4
1
21
22
SIM5
SIM1
SIM2
SIM3
SIM4
1
21
22
SIM5
SIM1
SIM2
SIM3
SIM4
1
21
22
SIM5
SIM1
SIM2
SIM3
SIM4
1
21
22
SIM5
SIM1
SIM2
SIM3
SIM4
1
21
22
SIM5
SIM1
SIM2
SIM3
SIM4
1
21
22
SIM5
SIM1
SIM2
SIM3
SIM4
1
21
22
SIM5
SIM1
SIM2
SIM3
SIM4
1
21
22
SIM5
SIM1
SIM2
SIM3
SIM4
1
21
22
SIM5
SIM1
SIM2
SIM3
SIM4
1
21
22
SIM5
SIM1
SIM2
SIM3
SIM4
1
21
22
SIM5
SIM1
SIM2
SIM3
SIM4
1
21
22
SIM5
SIM1
SIM2
SIM3
SIM4
1
21
22
SIM5
SIM1
SIM2
SIM3
SIM4
1
21
22
SIM5
SIM1
SIM2
SIM3
SIM4
1
21
22
SIM5
SIM1
SIM2
SIM3
SIM4
1
21
22
SIM5
SIM1
SIM2
SIM3
SIM4
1
21
22
SIM5
SIM1
SIM2
SIM3
SIM4
1
21
22
SIM5
SIM1
SIM2
SIM3
SIM4
1
21
22
SIM5
SIM1
SIM2
SIM3
SIM4
1
21
22
SIM5
SIM1
SIM2
SIM3
SIM4
1
21
22
SIM5
SIM1
SIM2
SIM3
SIM4
1
21
22
SIM5
SIM1
SIM2
SIM3
SIM4
1
21
22
SIM5
SIM1
SIM2
SIM3
SIM4
1
21
22
SIM5
SIM1
SIM2
SIM3
SIM4
1
21
22
SIM5
SIM1
SIM2
SIM3
SIM4
1
21
22
SIM5
SIM1
SIM2
SIM3
SIM4
1
21
22
SIM5
SIM1
SIM2
SIM3
SIM4
1
21
22
SIM5
SIM1
SIM2
SIM3
SIM4
1
21
22
SIM5
SIM1
SIM2
SIM3
SIM4
1
21
22
SIM5
SIM1
SIM2
SIM3
SIM4
1
21
22
SIM5
SIM1
SIM2
SIM3
SIM4
1
21
22
SIM5
SIM1
SIM2
SIM3
SIM4
1
21
22
SIM5
SIM1
SIM2
SIM3
SIM4
1
21
22
SIM5
SIM1
SIM2
SIM3
SIM4
1
21
22
SIM5
SIM1
SIM2
SIM3
SIM4
1
21
22
SIM5
SIM1
SIM2
SIM3
SIM4
1
21
22
SIM5
SIM1
SIM2
SIM3
SIM4
1
21
22
SIM5
SIM1
SIM2
SIM3
SIM4
1
21
22
SIM5
SIM1
SIM2
SIM3
SIM4
1
21
22
SIM5
SIM1
SIM2
SIM3
SIM4
1
21
22
SIM5
SIM1
SIM2
SIM3
SIM4
1
21
22
SIM5
SIM1
SIM2
SIM3
SIM4
1
21
22
SIM5
SIM1
SIM2
SIM3
SIM4
1
21
22
SIM5
SIM1
SIM2
SIM3
SIM4
1
21
22
SIM5
SIM1
SIM2
SIM3
SIM4
1
21
22
SIM5
SIM1
SIM2
SIM3
SIM4
1
21
22
SIM5
SIM1
SIM2
SIM3
SIM4
1
21
22
SIM5
SIM1
SIM2
SIM3
SIM4
1
21
22
SIM5
SIM1
SIM2
SIM3
SIM4
1
21
22
SIM5
SIM1
SIM2
SIM3
SIM4
1
21
22
SIM5
SIM1
SIM2
SIM3
SIM4
1
21
22
SIM5
SIM1
SIM2
SIM3
SIM4
1
21
22
SIM5
SIM1
SIM2
SIM3
SIM4
1
21
22
SIM5
SIM1
SIM2
SIM3
SIM4
1
21
22
SIM5
SIM1
SIM2
SIM3
SIM4
1
21
22
SIM5
SIM1
SIM2
SIM3
SIM4
1
21
22
SIM5
SIM1
SIM2
SIM3
SIM4
1
21
22
SIM5
SIM1
SIM2
SIM3
SIM4
1
21
22
SIM5
SIM1
SIM2
SIM3
SIM4
1
21
22
SIM5
SIM1
SIM2
SIM3
SIM4
1
21
22
SIM5
SIM1
SIM2
SIM3
SIM4
1
21
22
SIM5
SIM1
SIM2
SIM3
SIM4
1
21
22
SIM5
SIM1
SIM2
SIM3
SIM4
1
21
22
SIM5
SIM1
SIM2
SIM3
SIM4
1
21
22
SIM5
SIM1
SIM2
SIM3
SIM4
1
21
22
SIM5
SIM1
SIM2
SIM3
SIM4
1
21
22
SIM5
SIM1
SIM2
SIM3
SIM4
1
21
22
SIM5
SIM1
SIM2
SIM3
SIM4
1
21
22
SIM5
SIM1
SIM2
SIM3
SIM4
1
21
22
SIM5
SIM1
SIM2
SIM3
SIM4
1
21
22
SIM5
SIM1
SIM2
SIM3
SIM4
1
21
22
SIM5
SIM1
SIM2
SIM3
SIM4
1
21
22
SIM5
SIM1
SIM2
SIM3
SIM4
1
21
22
SIM5
SIM1
SIM2
SIM3
SIM4
1
21
22
SIM5
SIM1
SIM2
SIM3
SIM4
1
21
22
SIM5
SIM1
SIM2
SIM3
SIM4
1
21
22
SIM5
SIM1
SIM2
SIM3
SIM4
1
21
22
SIM5
SIM1
SIM2
SIM3
SIM4
1
21
22
SIM5
SIM1
SIM2
SIM3
SIM4
1
21
22
SIM5
SIM1
SIM2
SIM3
SIM4
1
21
22
SIM5
SIM1
SIM2
SIM3
SIM4
1
21
22
SIM5
SIM1
SIM2
SIM3
SIM4
1
21
22
SIM5
SIM1
SIM2
SIM3
SIM4
1
21
22
SIM5
SIM1
SIM2
SIM3
SIM4
1
21
22
SIM5
SIM1
SIM2
SIM3
SIM4
1
21
22
SIM5
SIM1
SIM2
SIM3
SIM4
1
21
22
SIM5
SIM1
SIM2
SIM3
SIM4
1
21
22
SIM5
SIM1
SIM2
SIM3
SIM4
1
21
22
SIM5
SIM1
SIM2
SIM3
SIM4
1
21
22
SIM5
SIM1
SIM2
SIM3
SIM4
1
21
22
SIM5
SIM1
SIM2
SIM3
SIM4
1
21
22
SIM5
SIM1
SIM2
SIM3
SIM4
1
21
22
SIM5
SIM1
SIM2
SIM3
SIM4
1
21
22
SIM5
SIM1
SIM2
SIM3
SIM4
1
21
22
SIM5
SIM1
SIM2
SIM3
SIM4
1
21
22
SIM5
SIM1
SIM2
SIM3
SIM4
1
21
22
SIM5
SIM1
SIM2
SIM3
SIM4
1
21
22
SIM5
SIM1
SIM2
SIM3
SIM4
1
21
22
SIM5
SIM1
SIM2
SIM3
SIM4
1
21
22
SIM5
SIM1
SIM2
SIM3
SIM4
1
21
22
SIM5
SIM1
SIM2
SIM3
SIM4
1
21
22
SIM5
SIM1
SIM2
SIM3
SIM4
1
21
22
SIM5
SIM1
SIM2
SIM3
SIM4
1
21
22
SIM5
SIM1
SIM2
SIM3
SIM4
1
21
22
SIM5
SIM1
SIM2
DEBUG 1 182
SIM1
SIM2
SIM3
SIM4
1
21
22
SIM5
SIM1
SIM2
SIM3
SIM4
1
21
22
SIM5
SIM1
SIM2
SIM3
SIM4
1
21
22
SIM5
SIM1
SIM2
SIM3
SIM4
1
21
22
SIM5
SIM1
SIM2
SIM3
SIM4
1
21
22
SIM5
SIM1
SIM2
SIM3
SIM4
1
21
22
SIM5
SIM1
SIM2
SIM3
SIM4
1
21
22
SIM5
SIM1
SIM2
SIM3
SIM4
1
21
22
SIM5
SIM1
SIM2
SIM3
SIM4
1
21
22
SIM5
SIM1
SIM2
SIM3
SIM4
1
21
22
SIM5
SIM1
SIM2
SIM3
SIM4
1
21
22
SIM5
SIM1
SIM2
SIM3
SIM4
1
21
22
SIM5
SIM1
SIM2
SIM3
SIM4
1
21
22
SIM5
SIM1
SIM2
SIM3
SIM4
1
21
22
SIM5
SIM1
SIM2
SIM3
SIM4
1
21
22
SIM5
SIM1
SIM2
SIM3
SIM4
1
21
22
SIM5
SIM1
SIM2
SIM3
SIM4
1
21
22
SIM5
SIM1
SIM2
SIM3
SIM4
1
21
22
SIM5
SIM1
SIM2
SIM3
SIM4
1
21
22
SIM5
SIM1
SIM2
SIM3
SIM4
1
21
22
SIM5
SIM1
SIM2
SIM3
SIM4
1
21
22
SIM5
SIM1
SIM2
SIM3
SIM4
1
21
22
SIM5
SIM1
SIM2
SIM3
SIM4
1
21
22
SIM5
SIM1
SIM2
SIM3
SIM4
1
21
22
SIM5
SIM1
SIM2
SIM3
SIM4
1
21
22
SIM5
SIM1
SIM2
SIM3
SIM4
1
21
22
SIM5
SIM1
SIM2
SIM3
SIM4
1
21
22
SIM5
SIM1
SIM2
SIM3
SIM4
1
21
22
SIM5
SIM1
SIM2
SIM3
SIM4
1
21
22
SIM5
SIM1
SIM2
SIM3
SIM4
1
21
22
SIM5
SIM1
SIM2
SIM3
SIM4
1
21
22
SIM5
SIM1
SIM2
SIM3
SIM4
1
21
22
SIM5
SIM1
SIM2
SIM3
SIM4
1
21
22
SIM5
SIM1
SIM2
SIM3
SIM4
1
21
22
SIM5
SIM1
SIM2
SIM3
SIM4
1
21
22
SIM5
SIM1
SIM2
SIM3
SIM4
1
21
22
SIM5
SIM1
SIM2
SIM3
SIM4
1
21
22
SIM5
SIM1
SIM2
SIM3
SIM4
1
21
22
SIM5
SIM1
SIM2
SIM3
SIM4
1
21
22
SIM5
SIM1
SIM2
SIM3
SIM4
1
21
22
SIM5
SIM1
SIM2
SIM3
SIM4
1
21
22
SIM5
SIM1
SIM2
SIM3
SIM4
1
21
22
SIM5
SIM1
SIM2
SIM3
SIM4
1
21
22
SIM5
SIM1
SIM2
SIM3
SIM4
1
21
22
SIM5
SIM1
SIM2
SIM3
SIM4
1
21
22
SIM5
SIM1
SIM2
SIM3
SIM4
1
21
22
SIM5
SIM1
SIM2
SIM3
SIM4
1
21
22
SIM5
SIM1
SIM2
SIM3
SIM4
1
21
22
SIM5
SIM1
SIM2
SIM3
SIM4
1
21
22
SIM5
SIM1
SIM2
SIM3
SIM4
1
21
22
SIM5
SIM1
SIM2
SIM3
SIM4
1
21
22
SIM5
SIM1
SIM2
SIM3
SIM4
1
21
22
SIM5
SIM1
SIM2
SIM3
SIM4
1
21
22
SIM5
SIM1
SIM2
SIM3
SIM4
1
21
22
SIM5
SIM1
SIM2
SIM3
SIM4
1
21
22
SIM5
SIM1
SIM2
SIM3
SIM4
1
21
22
SIM5
SIM1
SIM2
SIM3
SIM4
1
21
22
SIM5
SIM1
SIM2
SIM3
SIM4
1
21
22
SIM5
SIM1
SIM2
SIM3
SIM4
1
21
22
SIM5
SIM1
SIM2
SIM3
SIM4
1
21
22
SIM5
SIM1
SIM2
SIM3
SIM4
1
21
22
SIM5
SIM1
SIM2
SIM3
SIM4
1
21
22
SIM5
SIM1
SIM2
SIM3
SIM4
1
21
22
SIM5
SIM1
SIM2
SIM3
SIM4
1
21
22
SIM5
SIM1
SIM2
SIM3
SIM4
1
21
22
SIM5
SIM1
SIM2
SIM3
SIM4
1
21
22
SIM5
SIM1
SIM2
SIM3
SIM4
1
21
22
SIM5
SIM1
SIM2
SIM3
SIM4
1
21
22
SIM5
SIM1
SIM2
SIM3
SIM4
1
21
22
SIM5
SIM1
SIM2
SIM3
SIM4
1
21
22
SIM5
SIM1
SIM2
SIM3
SIM4
1
21
22
SIM5
SIM1
SIM2
SIM3
SIM4
1
21
22
SIM5
SIM1
SIM2
SIM3
SIM4
1
21
22
SIM5
SIM1
SIM2
SIM3
SIM4
1
21
22
SIM5
SIM1
SIM2
SIM3
SIM4
1
21
22
SIM5
SIM1
SIM2
SIM3
SIM4
1
21
22
SIM5
SIM1
SIM2
SIM3
SIM4
1
21
22
SIM5
SIM1
SIM2
SIM3
SIM4
1
21
22
SIM5
SIM1
SIM2
SIM3
SIM4
1
21
22
SIM5
SIM1
SIM2
SIM3
SIM4
1
21
22
SIM5
SIM1
SIM2
SIM3
SIM4
1
21
22
SIM5
SIM1
SIM2
SIM3
SIM4
1
21
22
SIM5
SIM1
SIM2
SIM3
SIM4
1
21
22
SIM5
SIM1
SIM2
SIM3
SIM4
1
21
22
SIM5
SIM1
SIM2
SIM3
SIM4
1
21
22
SIM5
SIM1
SIM2
SIM3
SIM4
1
21
22
SIM5
SIM1
SIM2
SIM3
SIM4
1
21
22
SIM5
SIM1
SIM2
SIM3
SIM4
1
21
22
SIM5
SIM1
SIM2
SIM3
SIM4
1
21
22
SIM5
SIM1
SIM2
SIM3
SIM4
1
21
22
SIM5
SIM1
SIM2
SIM3
SIM4
1
21
22
SIM5
SIM1
SIM2
SIM3
SIM4
1
21
22
SIM5
SIM1
SIM2
SIM3
SIM4
1
21
22
SIM5
SIM1
SIM2
SIM3
SIM4
1
21
22
SIM5
SIM1
SIM2
SIM3
SIM4
1
21
22
SIM5
SIM1
SIM2
SIM3
SIM4
1
21
22
SIM5
SIM1
SIM2
SIM3
SIM4
1
21
22
SIM5
SIM1
SIM2
SIM3
SIM4
1
21
22
SIM5
SIM1
SIM2
SIM3
SIM4
1
21
22
SIM5
SIM1
SIM2
SIM3
SIM4
1
21
22
SIM5
SIM1
SIM2
SIM3
SIM4
1
21
22
SIM5
SIM1
SIM2
SIM3
SIM4
1
21
22
SIM5
SIM1
SIM2
SIM3
SIM4
1
21
22
SIM5
SIM1
SIM2
SIM3
SIM4
1
21
22
SIM5
SIM1
SIM2
SIM3
SIM4
1
21
22
SIM5
SIM1
SIM2
SIM3
SIM4
1
21
22
SIM5
SIM1
SIM2
SIM3
SIM4
1
21
22
SIM5
SIM1
SIM2
SIM3
SIM4
1
21
22
SIM5
SIM1
SIM2
SIM3
SIM4
1
21
22
SIM5
SIM1
SIM2
SIM3
SIM4
1
21
22
SIM5
SIM1
SIM2
SIM3
SIM4
1
21
22
SIM5
SIM1
SIM2
SIM3
SIM4
1
21
22
SIM5
SIM1
SIM2
SIM3
SIM4
1
21
22
SIM5
SIM1
SIM2
SIM3
SIM4
1
21
22
SIM5
SIM1
SIM2
SIM3
SIM4
1
21
22
SIM5
SIM1
SIM2
SIM3
SIM4
1
21
22
SIM5
SIM1
SIM2
SIM3
SIM4
1
21
22
SIM5
SIM1
SIM2
SIM3
SIM4
1
21
22
SIM5
SIM1
SIM2
SIM3
SIM4
1
21
22
SIM5
SIM1
SIM2
SIM3
SIM4
1
21
22
SIM5
SIM1
SIM2
SIM3
SIM4
1
21
22
SIM5
SIM1
SIM2
SIM3
SIM4
1
21
22
SIM5
SIM1
SIM2
SIM3
SIM4
1
21
22
SIM5
SIM1
SIM2
SIM3
SIM4
1
21
22
SIM5
SIM1
SIM2
SIM3
SIM4
1
21
22
SIM5
SIM1
SIM2
SIM3
SIM4
1
21
22
SIM5
SIM1
SIM2
SIM3
SIM4
1
21
22
SIM5
SIM1
SIM2
SIM3
SIM4
1
21
22
SIM5
SIM1
SIM2
SIM3
SIM4
1
21
22
SIM5
SIM1
SIM2
SIM3
SIM4
1
21
22
SIM5
SIM1
SIM2
SIM3
SIM4
1
21
22
SIM5
SIM1
SIM2
SIM3
SIM4
1
21
22
SIM5
SIM1
SIM2
SIM3
SIM4
1
21
22
SIM5
SIM1
SIM2
SIM3
SIM4
1
21
22
SIM5
SIM1
SIM2
SIM3
SIM4
1
21
22
SIM5
SIM1
SIM2
SIM3
SIM4
1
21
22
SIM5
SIM1
SIM2
SIM3
SIM4
1
21
22
SIM5
SIM1
SIM2
SIM3
SIM4
1
21
22
SIM5
SIM1
SIM2
SIM3
SIM4
1
21
22
SIM5
SIM1
SIM2
SIM3
SIM4
1
21
22
SIM5
SIM1
SIM2
SIM3
SIM4
1
21
22
SIM5
SIM1
SIM2
SIM3
SIM4
1
21
22
SIM5
SIM1
SIM2
SIM3
SIM4
1
21
22
SIM5
SIM1
SIM2
SIM3
SIM4
1
21
22
SIM5
SIM1
SIM2
SIM3
SIM4
1
21
22
SIM5
SIM1
SIM2
SIM3
SIM4
1
21
22
SIM5
SIM1
SIM2
SIM3
SIM4
1
21
22
SIM5
SIM1
SIM2
SIM3
SIM4
1
21
22
SIM5
SIM1
SIM2
SIM3
SIM4
1
21
22
SIM5
SIM1
SIM2
SIM3
SIM4
1
21
22
SIM5
SIM1
SIM2
SIM3
SIM4
1
21
22
SIM5
SIM1
SIM2
SIM3
SIM4
1
21
22
SIM5
SIM1
SIM2
SIM3
SIM4
1
21
22
SIM5
SIM1
SIM2
SIM3
SIM4
1
21
22
SIM5
SIM1
SIM2
SIM3
SIM4
1
21
22
SIM5
SIM1
SIM2
SIM3
SIM4
1
21
22
SIM5
SIM1
SIM2
SIM3
SIM4
1
21
22
SIM5
SIM1
SIM2
SIM3
SIM4
1
21
22
SIM5
SIM1
SIM2
SIM3
SIM4
1
21
22
SIM5
SIM1
SIM2
SIM3
SIM4
1
21
22
SIM5
SIM1
SIM2
SIM3
SIM4
1
21
22
SIM5
SIM1
SIM2
SIM3
SIM4
1
21
22
SIM5
SIM1
SIM2
SIM3
SIM4
1
21
22
SIM5
SIM1
SIM2
SIM3
SIM4
1
21
22
SIM5
SIM1
SIM2
SIM3
SIM4
1
21
22
SIM5
SIM1
SIM2
SIM3
SIM4
1
21
22
SIM5
SIM1
SIM2
SIM3
SIM4
1
21
22
SIM5
SIM1
SIM2
SIM3
SIM4
1
21
22
SIM5
SIM1
SIM2
SIM3
SIM4
1
21
22
SIM5
SIM1
SIM2
SIM3
SIM4
1
21
22
SIM5
SIM1
SIM2
SIM3
SIM4
1
21
22
SIM5
SIM1
SIM2
SIM3
SIM4
1
21
22
SIM5
SIM1
SIM2
SIM3
SIM4
1
21
22
SIM5
SIM1
SIM2
SIM3
SIM4
1
21
22
SIM5
SIM1
SIM2
SIM3
SIM4
1
21
22
SIM5
SIM1
SIM2
SIM3
SIM4
1
21
22
SIM5
SIM1
SIM2
SIM3
SIM4
1
21
22
SIM5
SIM1
SIM2
SIM3
SIM4
1
21
22
SIM5
SIM1
SIM2
SIM3
SIM4
1
21
22
SIM5
SIM1
SIM2
SIM3
SIM4
1
21
22
SIM5
SIM1
SIM2
SIM3
SIM4
1
21
22
SIM5
SIM1
SIM2
SIM3
SIM4
1
21
22
SIM5
SIM1
SIM2
SIM3
SIM4
1
21
22
SIM5
SIM1
SIM2
SIM3
SIM4
1
21
22
SIM5
SIM1
SIM2
SIM3
SIM4
1
21
22
SIM5
SIM1
SIM2
SIM3
SIM4
1
21
22
SIM5
SIM1
SIM2
SIM3
SIM4
1
21
22
SIM5
SIM1
SIM2
SIM3
SIM4
1
21
22
SIM5
SIM1
SIM2
SIM3
SIM4
1
21
22
SIM5
SIM1
SIM2
SIM3
SIM4
1
21
22
SIM5
SIM1
SIM2
SIM3
SIM4
1
21
22
SIM5
SIM1
SIM2
SIM3
SIM4
1
21
22
SIM5
SIM1
SIM2
SIM3
SIM4
1
21
22
SIM5
SIM1
SIM2
SIM3
SIM4
1
21
22
SIM5
SIM1
SIM2
SIM3
SIM4
1
21
22
SIM5
SIM1
SIM2
SIM3
SIM4
1
21
22
SIM5
SIM1
SIM2
SIM3
SIM4
1
21
22
SIM5
SIM1
SIM2
SIM3
SIM4
1
21
22
SIM5
SIM1
SIM2
SIM3
SIM4
1
21
22
SIM5
SIM1
SIM2
SIM3
SIM4
1
21
22
SIM5
SIM1
SIM2
SIM3
SIM4
1
21
22
SIM5
SIM1
SIM2
SIM3
SIM4
1
21
22
SIM5
SIM1
SIM2
SIM3
SIM4
1
21
22
SIM5
SIM1
SIM2
SIM3
SIM4
1
21
22
SIM5
SIM1
SIM2
SIM3
SIM4
1
21
22
SIM5
SIM1
SIM2
SIM3
SIM4
1
21
22
SIM5
SIM1
SIM2
SIM3
SIM4
1
21
22
SIM5
SIM1
SIM2
SIM3
SIM4
1
21
22
SIM5
SIM1
SIM2
DEBUG 1 183
SIM1
SIM2
SIM3
SIM4
1
21
22
SIM5
SIM1
SIM2
SIM3
SIM4
1
21
22
SIM5
SIM1
SIM2
SIM3
SIM4
1
21
22
SIM5
SIM1
SIM2
SIM3
SIM4
1
21
22
SIM5
SIM1
SIM2
SIM3
SIM4
1
21
22
SIM5
SIM1
SIM2
SIM3
SIM4
1
21
22
SIM5
SIM1
SIM2
SIM3
SIM4
1
21
22
SIM5
SIM1
SIM2
SIM3
SIM4
1
21
22
SIM5
SIM1
SIM2
SIM3
SIM4
1
21
22
SIM5
SIM1
SIM2
SIM3
SIM4
1
21
22
SIM5
SIM1
SIM2
SIM3
SIM4
1
21
22
SIM5
SIM1
SIM2
SIM3
SIM4
1
21
22
SIM5
SIM1
SIM2
SIM3
SIM4
1
21
22
SIM5
SIM1
SIM2
SIM3
SIM4
1
21
22
SIM5
SIM1
SIM2
SIM3
SIM4
1
21
22
SIM5
SIM1
SIM2
SIM3
SIM4
1
21
22
SIM5
SIM1
SIM2
SIM3
SIM4
1
21
22
SIM5
SIM1
SIM2
SIM3
SIM4
1
21
22
SIM5
SIM1
SIM2
SIM3
SIM4
1
21
22
SIM5
SIM1
SIM2
SIM3
SIM4
1
21
22
SIM5
SIM1
SIM2
SIM3
SIM4
1
21
22
SIM5
SIM1
SIM2
SIM3
SIM4
1
21
22
SIM5
SIM1
SIM2
SIM3
SIM4
1
21
22
SIM5
SIM1
SIM2
SIM3
SIM4
1
21
22
SIM5
SIM1
SIM2
SIM3
SIM4
1
21
22
SIM5
SIM1
SIM2
SIM3
SIM4
1
21
22
SIM5
SIM1
SIM2
SIM3
SIM4
1
21
22
SIM5
SIM1
SIM2
SIM3
SIM4
1
21
22
SIM5
SIM1
SIM2
SIM3
SIM4
1
21
22
SIM5
SIM1
SIM2
SIM3
SIM4
1
21
22
SIM5
SIM1
SIM2
SIM3
SIM4
1
21
22
SIM5
SIM1
SIM2
SIM3
SIM4
1
21
22
SIM5
SIM1
SIM2
SIM3
SIM4
1
21
22
SIM5
SIM1
SIM2
SIM3
SIM4
1
21
22
SIM5
SIM1
SIM2
SIM3
SIM4
1
21
22
SIM5
SIM1
SIM2
SIM3
SIM4
1
21
22
SIM5
SIM1
SIM2
SIM3
SIM4
1
21
22
SIM5
SIM1
SIM2
SIM3
SIM4
1
21
22
SIM5
SIM1
SIM2
SIM3
SIM4
1
21
22
SIM5
SIM1
SIM2
SIM3
SIM4
1
21
22
SIM5
SIM1
SIM2
SIM3
SIM4
1
21
22
SIM5
SIM1
SIM2
SIM3
SIM4
1
21
22
SIM5
SIM1
SIM2
SIM3
SIM4
1
21
22
SIM5
SIM1
SIM2
SIM3
SIM4
1
21
22
SIM5
SIM1
SIM2
SIM3
SIM4
1
21
22
SIM5
SIM1
SIM2
SIM3
SIM4
1
21
22
SIM5
SIM1
SIM2
SIM3
SIM4
1
21
22
SIM5
SIM1
SIM2
SIM3
SIM4
1
21
22
SIM5
SIM1
SIM2
SIM3
SIM4
1
21
22
SIM5
SIM1
SIM2
SIM3
SIM4
1
21
22
SIM5
SIM1
SIM2
SIM3
SIM4
1
21
22
SIM5
SIM1
SIM2
SIM3
SIM4
1
21
22
SIM5
SIM1
SIM2
SIM3
SIM4
1
21
22
SIM5
SIM1
SIM2
SIM3
SIM4
1
21
22
SIM5
SIM1
SIM2
SIM3
SIM4
1
21
22
SIM5
SIM1
SIM2
SIM3
SIM4
1
21
22
SIM5
SIM1
SIM2
SIM3
SIM4
1
21
22
SIM5
SIM1
SIM2
SIM3
SIM4
1
21
22
SIM5
SIM1
SIM2
SIM3
SIM4
1
21
22
SIM5
SIM1
SIM2
SIM3
SIM4
1
21
22
SIM5
SIM1
SIM2
SIM3
SIM4
1
21
22
SIM5
SIM1
SIM2
SIM3
SIM4
1
21
22
SIM5
SIM1
SIM2
SIM3
SIM4
1
21
22
SIM5
SIM1
SIM2
SIM3
SIM4
1
21
22
SIM5
SIM1
SIM2
SIM3
SIM4
1
21
22
SIM5
SIM1
SIM2
SIM3
SIM4
1
21
22
SIM5
SIM1
SIM2
SIM3
SIM4
1
21
22
SIM5
SIM1
SIM2
SIM3
SIM4
1
21
22
SIM5
SIM1
SIM2
SIM3
SIM4
1
21
22
SIM5
SIM1
SIM2
SIM3
SIM4
1
21
22
SIM5
SIM1
SIM2
SIM3
SIM4
1
21
22
SIM5
SIM1
SIM2
SIM3
SIM4
1
21
22
SIM5
SIM1
SIM2
SIM3
SIM4
1
21
22
SIM5
SIM1
SIM2
SIM3
SIM4
1
21
22
SIM5
SIM1
SIM2
SIM3
SIM4
1
21
22
SIM5
SIM1
SIM2
SIM3
SIM4
1
21
22
SIM5
SIM1
SIM2
SIM3
SIM4
1
21
22
SIM5
SIM1
SIM2
SIM3
SIM4
1
21
22
SIM5
SIM1
SIM2
SIM3
SIM4
1
21
22
SIM5
SIM1
SIM2
SIM3
SIM4
1
21
22
SIM5
SIM1
SIM2
SIM3
SIM4
1
21
22
SIM5
SIM1
SIM2
SIM3
SIM4
1
21
22
SIM5
SIM1
SIM2
SIM3
SIM4
1
21
22
SIM5
SIM1
SIM2
SIM3
SIM4
1
21
22
SIM5
SIM1
SIM2
SIM3
SIM4
1
21
22
SIM5
SIM1
SIM2
SIM3
SIM4
1
21
22
SIM5
SIM1
SIM2
SIM3
SIM4
1
21
22
SIM5
SIM1
SIM2
SIM3
SIM4
1
21
22
SIM5
SIM1
SIM2
SIM3
SIM4
1
21
22
SIM5
SIM1
SIM2
SIM3
SIM4
1
21
22
SIM5
SIM1
SIM2
SIM3
SIM4
1
21
22
SIM5
SIM1
SIM2
SIM3
SIM4
1
21
22
SIM5
SIM1
SIM2
SIM3
SIM4
1
21
22
SIM5
SIM1
SIM2
SIM3
SIM4
1
21
22
SIM5
SIM1
SIM2
SIM3
SIM4
1
21
22
SIM5
SIM1
SIM2
SIM3
SIM4
1
21
22
SIM5
SIM1
SIM2
SIM3
SIM4
1
21
22
SIM5
SIM1
SIM2
SIM3
SIM4
1
21
22
SIM5
SIM1
SIM2
SIM3
SIM4
1
21
22
SIM5
SIM1
SIM2
SIM3
SIM4
1
21
22
SIM5
SIM1
SIM2
SIM3
SIM4
1
21
22
SIM5
SIM1
SIM2
SIM3
SIM4
1
21
22
SIM5
SIM1
SIM2
SIM3
SIM4
1
21
22
SIM5
SIM1
SIM2
SIM3
SIM4
1
21
22
SIM5
SIM1
SIM2
SIM3
SIM4
1
21
22
SIM5
SIM1
SIM2
SIM3
SIM4
1
21
22
SIM5
SIM1
SIM2
SIM3
SIM4
1
21
22
SIM5
SIM1
SIM2
SIM3
SIM4
1
21
22
SIM5
SIM1
SIM2
SIM3
SIM4
1
21
22
SIM5
SIM1
SIM2
SIM3
SIM4
1
21
22
SIM5
SIM1
SIM2
SIM3
SIM4
1
21
22
SIM5
SIM1
SIM2
SIM3
SIM4
1
21
22
SIM5
SIM1
SIM2
SIM3
SIM4
1
21
22
SIM5
SIM1
SIM2
SIM3
SIM4
1
21
22
SIM5
SIM1
SIM2
SIM3
SIM4
1
21
22
SIM5
SIM1
SIM2
SIM3
SIM4
1
21
22
SIM5
SIM1
SIM2
SIM3
SIM4
1
21
22
SIM5
SIM1
SIM2
SIM3
SIM4
1
21
22
SIM5
SIM1
SIM2
SIM3
SIM4
1
21
22
SIM5
SIM1
SIM2
SIM3
SIM4
1
21
22
SIM5
SIM1
SIM2
SIM3
SIM4
1
21
22
SIM5
SIM1
SIM2
SIM3
SIM4
1
21
22
SIM5
SIM1
SIM2
SIM3
SIM4
1
21
22
SIM5
SIM1
SIM2
SIM3
SIM4
1
21
22
SIM5
SIM1
SIM2
SIM3
SIM4
1
21
22
SIM5
SIM1
SIM2
SIM3
SIM4
1
21
22
SIM5
SIM1
SIM2
SIM3
SIM4
1
21
22
SIM5
SIM1
SIM2
SIM3
SIM4
1
21
22
SIM5
SIM1
SIM2
SIM3
SIM4
1
21
22
SIM5
SIM1
SIM2
SIM3
SIM4
1
21
22
SIM5
SIM1
SIM2
SIM3
SIM4
1
21
22
SIM5
SIM1
SIM2
SIM3
SIM4
1
21
22
SIM5
SIM1
SIM2
SIM3
SIM4
1
21
22
SIM5
SIM1
SIM2
SIM3
SIM4
1
21
22
SIM5
SIM1
SIM2
SIM3
SIM4
1
21
22
SIM5
SIM1
SIM2
SIM3
SIM4
1
21
22
SIM5
SIM1
SIM2
SIM3
SIM4
1
21
22
SIM5
SIM1
SIM2
SIM3
SIM4
1
21
22
SIM5
SIM1
SIM2
SIM3
SIM4
1
21
22
SIM5
SIM1
SIM2
SIM3
SIM4
1
21
22
SIM5
SIM1
SIM2
SIM3
SIM4
1
21
22
SIM5
SIM1
SIM2
SIM3
SIM4
1
21
22
SIM5
SIM1
SIM2
SIM3
SIM4
1
21
22
SIM5
SIM1
SIM2
SIM3
SIM4
1
21
22
SIM5
SIM1
SIM2
SIM3
SIM4
1
21
22
SIM5
SIM1
SIM2
SIM3
SIM4
1
21
22
SIM5
SIM1
SIM2
SIM3
SIM4
1
21
22
SIM5
SIM1
SIM2
SIM3
SIM4
1
21
22
SIM5
SIM1
SIM2
SIM3
SIM4
1
21
22
SIM5
SIM1
SIM2
SIM3
SIM4
1
21
22
SIM5
SIM1
SIM2
SIM3
SIM4
1
21
22
SIM5
SIM1
SIM2
SIM3
SIM4
1
21
22
SIM5
SIM1
SIM2
SIM3
SIM4
1
21
22
SIM5
SIM1
SIM2
SIM3
SIM4
1
21
22
SIM5
SIM1
SIM2
SIM3
SIM4
1
21
22
SIM5
SIM1
SIM2
SIM3
SIM4
1
21
22
SIM5
SIM1
SIM2
SIM3
SIM4
1
21
22
SIM5
SIM1
SIM2
SIM3
SIM4
1
21
22
SIM5
SIM1
SIM2
SIM3
SIM4
1
21
22
SIM5
SIM1
SIM2
SIM3
SIM4
1
21
22
SIM5
SIM1
SIM2
SIM3
SIM4
1
21
22
SIM5
SIM1
SIM2
SIM3
SIM4
1
21
22
SIM5
SIM1
SIM2
SIM3
SIM4
1
21
22
SIM5
SIM1
SIM2
SIM3
SIM4
1
21
22
SIM5
SIM1
SIM2
SIM3
SIM4
1
21
22
SIM5
SIM1
SIM2
SIM3
SIM4
1
21
22
SIM5
SIM1
SIM2
SIM3
SIM4
1
21
22
SIM5
SIM1
SIM2
SIM3
SIM4
1
21
22
SIM5
SIM1
SIM2
SIM3
SIM4
1
21
22
SIM5
SIM1
SIM2
SIM3
SIM4
1
21
22
SIM5
SIM1
SIM2
SIM3
SIM4
1
21
22
SIM5
SIM1
SIM2
SIM3
SIM4
1
21
22
SIM5
SIM1
SIM2
SIM3
SIM4
1
21
22
SIM5
SIM1
SIM2
SIM3
SIM4
1
21
22
SIM5
SIM1
SIM2
SIM3
SIM4
1
21
22
SIM5
SIM1
SIM2
SIM3
SIM4
1
21
22
SIM5
SIM1
SIM2
SIM3
SIM4
1
21
22
SIM5
SIM1
SIM2
SIM3
SIM4
1
21
22
SIM5
SIM1
SIM2
SIM3
SIM4
1
21
22
SIM5
SIM1
SIM2
SIM3
SIM4
1
21
22
SIM5
SIM1
SIM2
SIM3
SIM4
1
21
22
SIM5
SIM1
SIM2
SIM3
SIM4
1
21
22
SIM5
SIM1
SIM2
SIM3
SIM4
1
21
22
SIM5
SIM1
SIM2
SIM3
SIM4
1
21
22
SIM5
SIM1
SIM2
SIM3
SIM4
1
21
22
SIM5
SIM1
SIM2
SIM3
SIM4
1
21
22
SIM5
SIM1
SIM2
SIM3
SIM4
1
21
22
SIM5
SIM1
SIM2
SIM3
SIM4
1
21
22
SIM5
SIM1
SIM2
SIM3
SIM4
1
21
22
SIM5
SIM1
SIM2
SIM3
SIM4
1
21
22
SIM5
SIM1
SIM2
SIM3
SIM4
1
21
22
SIM5
SIM1
SIM2
SIM3
SIM4
1
21
22
SIM5
SIM1
SIM2
SIM3
SIM4
1
21
22
SIM5
SIM1
SIM2
SIM3
SIM4
1
21
22
SIM5
SIM1
SIM2
SIM3
SIM4
1
21
22
SIM5
SIM1
SIM2
SIM3
SIM4
1
21
22
SIM5
SIM1
SIM2
SIM3
SIM4
1
21
22
SIM5
SIM1
SIM2
SIM3
SIM4
1
21
22
SIM5
SIM1
SIM2
SIM3
SIM4
1
21
22
SIM5
SIM1
SIM2
SIM3
SIM4
1
21
22
SIM5
SIM1
SIM2
SIM3
SIM4
1
21
22
SIM5
SIM1
SIM2
SIM3
SIM4
1
21
22
SIM5
SIM1
SIM2
SIM3
SIM4
1
21
22
SIM5
SIM1
SIM2
SIM3
SIM4
1
21
22
SIM5
SIM1
SIM2
SIM3
SIM4
1
21
22
SIM5
SIM1
SIM2
SIM3
SIM4
1
21
22
SIM5
SIM1
SIM2
SIM3
SIM4
1
21
22
SIM5
SIM1
SIM2
SIM3
SIM4
1
21
22
SIM5
SIM1
SIM2
SIM3
SIM4
1
21
22
SIM5
SIM1
SIM2
SIM3
SIM4
1
21
22
SIM5
SIM1
SIM2
SIM3
SIM4
1
21
22
SIM5
SIM1
SIM2
SIM3
SIM4
1
21
22
SIM5
SIM1
SIM2
SIM3
SIM4
1
21
22
SIM5
SIM1
SIM2
DEBUG 1 184
SIM1
SIM2
SIM3
SIM4
1
21
22
SIM5
SIM1
SIM2
SIM3
SIM4
1
21
22
SIM5
SIM1
SIM2
SIM3
SIM4
1
21
22
SIM5
SIM1
SIM2
SIM3
SIM4
1
21
22
SIM5
SIM1
SIM2
SIM3
SIM4
1
21
22
SIM5
SIM1
SIM2
SIM3
SIM4
1
21
22
SIM5
SIM1
SIM2
SIM3
SIM4
1
21
22
SIM5
SIM1
SIM2
SIM3
SIM4
1
21
22
SIM5
SIM1
SIM2
SIM3
SIM4
1
21
22
SIM5
SIM1
SIM2
SIM3
SIM4
1
21
22
SIM5
SIM1
SIM2
SIM3
SIM4
1
21
22
SIM5
SIM1
SIM2
SIM3
SIM4
1
21
22
SIM5
SIM1
SIM2
SIM3
SIM4
1
21
22
SIM5
SIM1
SIM2
SIM3
SIM4
1
21
22
SIM5
SIM1
SIM2
SIM3
SIM4
1
21
22
SIM5
SIM1
SIM2
SIM3
SIM4
1
21
22
SIM5
SIM1
SIM2
SIM3
SIM4
1
21
22
SIM5
SIM1
SIM2
SIM3
SIM4
1
21
22
SIM5
SIM1
SIM2
SIM3
SIM4
1
21
22
SIM5
SIM1
SIM2
SIM3
SIM4
1
21
22
SIM5
SIM1
SIM2
SIM3
SIM4
1
21
22
SIM5
SIM1
SIM2
SIM3
SIM4
1
21
22
SIM5
SIM1
SIM2
SIM3
SIM4
1
21
22
SIM5
SIM1
SIM2
SIM3
SIM4
1
21
22
SIM5
SIM1
SIM2
SIM3
SIM4
1
21
22
SIM5
SIM1
SIM2
SIM3
SIM4
1
21
22
SIM5
SIM1
SIM2
SIM3
SIM4
1
21
22
SIM5
SIM1
SIM2
SIM3
SIM4
1
21
22
SIM5
SIM1
SIM2
SIM3
SIM4
1
21
22
SIM5
SIM1
SIM2
SIM3
SIM4
1
21
22
SIM5
SIM1
SIM2
SIM3
SIM4
1
21
22
SIM5
SIM1
SIM2
SIM3
SIM4
1
21
22
SIM5
SIM1
SIM2
SIM3
SIM4
1
21
22
SIM5
SIM1
SIM2
SIM3
SIM4
1
21
22
SIM5
SIM1
SIM2
SIM3
SIM4
1
21
22
SIM5
SIM1
SIM2
SIM3
SIM4
1
21
22
SIM5
SIM1
SIM2
SIM3
SIM4
1
21
22
SIM5
SIM1
SIM2
SIM3
SIM4
1
21
22
SIM5
SIM1
SIM2
SIM3
SIM4
1
21
22
SIM5
SIM1
SIM2
SIM3
SIM4
1
21
22
SIM5
SIM1
SIM2
SIM3
SIM4
1
21
22
SIM5
SIM1
SIM2
SIM3
SIM4
1
21
22
SIM5
SIM1
SIM2
SIM3
SIM4
1
21
22
SIM5
SIM1
SIM2
SIM3
SIM4
1
21
22
SIM5
SIM1
SIM2
SIM3
SIM4
1
21
22
SIM5
SIM1
SIM2
SIM3
SIM4
1
21
22
SIM5
SIM1
SIM2
SIM3
SIM4
1
21
22
SIM5
SIM1
SIM2
SIM3
SIM4
1
21
22
SIM5
SIM1
SIM2
SIM3
SIM4
1
21
22
SIM5
SIM1
SIM2
SIM3
SIM4
1
21
22
SIM5
SIM1
SIM2
SIM3
SIM4
1
21
22
SIM5
SIM1
SIM2
SIM3
SIM4
1
21
22
SIM5
SIM1
SIM2
SIM3
SIM4
1
21
22
SIM5
SIM1
SIM2
SIM3
SIM4
1
21
22
SIM5
SIM1
SIM2
SIM3
SIM4
1
21
22
SIM5
SIM1
SIM2
SIM3
SIM4
1
21
22
SIM5
SIM1
SIM2
SIM3
SIM4
1
21
22
SIM5
SIM1
SIM2
SIM3
SIM4
1
21
22
SIM5
SIM1
SIM2
SIM3
SIM4
1
21
22
SIM5
SIM1
SIM2
SIM3
SIM4
1
21
22
SIM5
SIM1
SIM2
SIM3
SIM4
1
21
22
SIM5
SIM1
SIM2
SIM3
SIM4
1
21
22
SIM5
SIM1
SIM2
SIM3
SIM4
1
21
22
SIM5
SIM1
SIM2
SIM3
SIM4
1
21
22
SIM5
SIM1
SIM2
SIM3
SIM4
1
21
22
SIM5
SIM1
SIM2
SIM3
SIM4
1
21
22
SIM5
SIM1
SIM2
SIM3
SIM4
1
21
22
SIM5
SIM1
SIM2
SIM3
SIM4
1
21
22
SIM5
SIM1
SIM2
SIM3
SIM4
1
21
22
SIM5
SIM1
SIM2
SIM3
SIM4
1
21
22
SIM5
SIM1
SIM2
SIM3
SIM4
1
21
22
SIM5
SIM1
SIM2
SIM3
SIM4
1
21
22
SIM5
SIM1
SIM2
SIM3
SIM4
1
21
22
SIM5
SIM1
SIM2
SIM3
SIM4
1
21
22
SIM5
SIM1
SIM2
SIM3
SIM4
1
21
22
SIM5
SIM1
SIM2
SIM3
SIM4
1
21
22
SIM5
SIM1
SIM2
SIM3
SIM4
1
21
22
SIM5
SIM1
SIM2
SIM3
SIM4
1
21
22
SIM5
SIM1
SIM2
SIM3
SIM4
1
21
22
SIM5
SIM1
SIM2
SIM3
SIM4
1
21
22
SIM5
SIM1
SIM2
SIM3
SIM4
1
21
22
SIM5
SIM1
SIM2
SIM3
SIM4
1
21
22
SIM5
SIM1
SIM2
SIM3
SIM4
1
21
22
SIM5
SIM1
SIM2
SIM3
SIM4
1
21
22
SIM5
SIM1
SIM2
SIM3
SIM4
1
21
22
SIM5
SIM1
SIM2
SIM3
SIM4
1
21
22
SIM5
SIM1
SIM2
SIM3
SIM4
1
21
22
SIM5
SIM1
SIM2
SIM3
SIM4
1
21
22
SIM5
SIM1
SIM2
SIM3
SIM4
1
21
22
SIM5
SIM1
SIM2
SIM3
SIM4
1
21
22
SIM5
SIM1
SIM2
SIM3
SIM4
1
21
22
SIM5
SIM1
SIM2
SIM3
SIM4
1
21
22
SIM5
SIM1
SIM2
SIM3
SIM4
1
21
22
SIM5
SIM1
SIM2
SIM3
SIM4
1
21
22
SIM5
SIM1
SIM2
SIM3
SIM4
1
21
22
SIM5
SIM1
SIM2
SIM3
SIM4
1
21
22
SIM5
SIM1
SIM2
SIM3
SIM4
1
21
22
SIM5
SIM1
SIM2
SIM3
SIM4
1
21
22
SIM5
SIM1
SIM2
SIM3
SIM4
1
21
22
SIM5
SIM1
SIM2
SIM3
SIM4
1
21
22
SIM5
SIM1
SIM2
SIM3
SIM4
1
21
22
SIM5
SIM1
SIM2
SIM3
SIM4
1
21
22
SIM5
SIM1
SIM2
SIM3
SIM4
1
21
22
SIM5
SIM1
SIM2
SIM3
SIM4
1
21
22
SIM5
SIM1
SIM2
SIM3
SIM4
1
21
22
SIM5
SIM1
SIM2
SIM3
SIM4
1
21
22
SIM5
SIM1
SIM2
SIM3
SIM4
1
21
22
SIM5
SIM1
SIM2
SIM3
SIM4
1
21
22
SIM5
SIM1
SIM2
SIM3
SIM4
1
21
22
SIM5
SIM1
SIM2
SIM3
SIM4
1
21
22
SIM5
SIM1
SIM2
SIM3
SIM4
1
21
22
SIM5
SIM1
SIM2
SIM3
SIM4
1
21
22
SIM5
SIM1
SIM2
SIM3
SIM4
1
21
22
SIM5
SIM1
SIM2
SIM3
SIM4
1
21
22
SIM5
SIM1
SIM2
SIM3
SIM4
1
21
22
SIM5
SIM1
SIM2
SIM3
SIM4
1
21
22
SIM5
SIM1
SIM2
SIM3
SIM4
1
21
22
SIM5
SIM1
SIM2
SIM3
SIM4
1
21
22
SIM5
SIM1
SIM2
SIM3
SIM4
1
21
22
SIM5
SIM1
SIM2
SIM3
SIM4
1
21
22
SIM5
SIM1
SIM2
SIM3
SIM4
1
21
22
SIM5
SIM1
SIM2
SIM3
SIM4
1
21
22
SIM5
SIM1
SIM2
SIM3
SIM4
1
21
22
SIM5
SIM1
SIM2
SIM3
SIM4
1
21
22
SIM5
SIM1
SIM2
SIM3
SIM4
1
21
22
SIM5
SIM1
SIM2
SIM3
SIM4
1
21
22
SIM5
SIM1
SIM2
SIM3
SIM4
1
21
22
SIM5
SIM1
SIM2
SIM3
SIM4
1
21
22
SIM5
SIM1
SIM2
SIM3
SIM4
1
21
22
SIM5
SIM1
SIM2
SIM3
SIM4
1
21
22
SIM5
SIM1
SIM2
SIM3
SIM4
1
21
22
SIM5
SIM1
SIM2
SIM3
SIM4
1
21
22
SIM5
SIM1
SIM2
SIM3
SIM4
1
21
22
SIM5
SIM1
SIM2
SIM3
SIM4
1
21
22
SIM5
SIM1
SIM2
SIM3
SIM4
1
21
22
SIM5
SIM1
SIM2
SIM3
SIM4
1
21
22
SIM5
SIM1
SIM2
SIM3
SIM4
1
21
22
SIM5
SIM1
SIM2
SIM3
SIM4
1
21
22
SIM5
SIM1
SIM2
SIM3
SIM4
1
21
22
SIM5
SIM1
SIM2
SIM3
SIM4
1
21
22
SIM5
SIM1
SIM2
SIM3
SIM4
1
21
22
SIM5
SIM1
SIM2
SIM3
SIM4
1
21
22
SIM5
SIM1
SIM2
SIM3
SIM4
1
21
22
SIM5
SIM1
SIM2
SIM3
SIM4
1
21
22
SIM5
SIM1
SIM2
SIM3
SIM4
1
21
22
SIM5
SIM1
SIM2
SIM3
SIM4
1
21
22
SIM5
SIM1
SIM2
SIM3
SIM4
1
21
22
SIM5
SIM1
SIM2
SIM3
SIM4
1
21
22
SIM5
SIM1
SIM2
SIM3
SIM4
1
21
22
SIM5
SIM1
SIM2
SIM3
SIM4
1
21
22
SIM5
SIM1
SIM2
SIM3
SIM4
1
21
22
SIM5
SIM1
SIM2
SIM3
SIM4
1
21
22
SIM5
SIM1
SIM2
SIM3
SIM4
1
21
22
SIM5
SIM1
SIM2
SIM3
SIM4
1
21
22
SIM5
SIM1
SIM2
SIM3
SIM4
1
21
22
SIM5
SIM1
SIM2
SIM3
SIM4
1
21
22
SIM5
SIM1
SIM2
SIM3
SIM4
1
21
22
SIM5
SIM1
SIM2
SIM3
SIM4
1
21
22
SIM5
SIM1
SIM2
SIM3
SIM4
1
21
22
SIM5
SIM1
SIM2
SIM3
SIM4
1
21
22
SIM5
SIM1
SIM2
SIM3
SIM4
1
21
22
SIM5
SIM1
SIM2
SIM3
SIM4
1
21
22
SIM5
SIM1
SIM2
SIM3
SIM4
1
21
22
SIM5
SIM1
SIM2
SIM3
SIM4
1
21
22
SIM5
SIM1
SIM2
SIM3
SIM4
1
21
22
SIM5
SIM1
SIM2
SIM3
SIM4
1
21
22
SIM5
SIM1
SIM2
SIM3
SIM4
1
21
22
SIM5
SIM1
SIM2
SIM3
SIM4
1
21
22
SIM5
SIM1
SIM2
SIM3
SIM4
1
21
22
SIM5
SIM1
SIM2
SIM3
SIM4
1
21
22
SIM5
SIM1
SIM2
SIM3
SIM4
1
21
22
SIM5
SIM1
SIM2
SIM3
SIM4
1
21
22
SIM5
SIM1
SIM2
SIM3
SIM4
1
21
22
SIM5
SIM1
SIM2
SIM3
SIM4
1
21
22
SIM5
SIM1
SIM2
SIM3
SIM4
1
21
22
SIM5
SIM1
SIM2
SIM3
SIM4
1
21
22
SIM5
SIM1
SIM2
SIM3
SIM4
1
21
22
SIM5
SIM1
SIM2
SIM3
SIM4
1
21
22
SIM5
SIM1
SIM2
SIM3
SIM4
1
21
22
SIM5
SIM1
SIM2
SIM3
SIM4
1
21
22
SIM5
SIM1
SIM2
SIM3
SIM4
1
21
22
SIM5
SIM1
SIM2
SIM3
SIM4
1
21
22
SIM5
SIM1
SIM2
SIM3
SIM4
1
21
22
SIM5
SIM1
SIM2
SIM3
SIM4
1
21
22
SIM5
SIM1
SIM2
SIM3
SIM4
1
21
22
SIM5
SIM1
SIM2
SIM3
SIM4
1
21
22
SIM5
SIM1
SIM2
SIM3
SIM4
1
21
22
SIM5
SIM1
SIM2
SIM3
SIM4
1
21
22
SIM5
SIM1
SIM2
SIM3
SIM4
1
21
22
SIM5
SIM1
SIM2
SIM3
SIM4
1
21
22
SIM5
SIM1
SIM2
SIM3
SIM4
1
21
22
SIM5
SIM1
SIM2
SIM3
SIM4
1
21
22
SIM5
SIM1
SIM2
SIM3
SIM4
1
21
22
SIM5
SIM1
SIM2
SIM3
SIM4
1
21
22
SIM5
SIM1
SIM2
SIM3
SIM4
1
21
22
SIM5
SIM1
SIM2
SIM3
SIM4
1
21
22
SIM5
SIM1
SIM2
SIM3
SIM4
1
21
22
SIM5
SIM1
SIM2
SIM3
SIM4
1
21
22
SIM5
SIM1
SIM2
SIM3
SIM4
1
21
22
SIM5
SIM1
SIM2
SIM3
SIM4
1
21
22
SIM5
SIM1
SIM2
SIM3
SIM4
1
21
22
SIM5
SIM1
SIM2
SIM3
SIM4
1
21
22
SIM5
SIM1
SIM2
SIM3
SIM4
1
21
22
SIM5
SIM1
SIM2
SIM3
SIM4
1
21
22
SIM5
SIM1
SIM2
SIM3
SIM4
1
21
22
SIM5
SIM1
SIM2
SIM3
SIM4
1
21
22
SIM5
SIM1
SIM2
SIM3
SIM4
1
21
22
SIM5
SIM1
SIM2
SIM3
SIM4
1
21
22
SIM5
SIM1
SIM2
SIM3
SIM4
1
21
22
SIM5
SIM1
SIM2
SIM3
SIM4
1
21
22
SIM5
SIM1
SIM2
SIM3
SIM4
1
21
22
SIM5
SIM1
SIM2
SIM3
SIM4
1
21
22
SIM5
SIM1
SIM2
SIM3
SIM4
1
21
22
SIM5
SIM1
SIM2
SIM3
SIM4
1
21
22
SIM5
SIM1
SIM2
SIM3
SIM4
1
21
22
SIM5
SIM1
SIM2
SIM3
SIM4
1
21
22
SIM5
SIM1
SIM2
SIM3
SIM4
1
21
22
SIM5
SIM1
SIM2
SIM3
SIM4
1
21
22
SIM5
SIM1
SIM2
DEBUG 1 185
SIM1
SIM2
SIM3
SIM4
1
21
22
SIM5
SIM1
SIM2
SIM3
SIM4
1
21
22
SIM5
SIM1
SIM2
SIM3
SIM4
1
21
22
SIM5
SIM1
SIM2
SIM3
SIM4
1
21
22
SIM5
SIM1
SIM2
SIM3
SIM4
1
21
22
SIM5
SIM1
SIM2
SIM3
SIM4
1
21
22
SIM5
SIM1
SIM2
SIM3
SIM4
1
21
22
SIM5
SIM1
SIM2
SIM3
SIM4
1
21
22
SIM5
SIM1
SIM2
SIM3
SIM4
1
21
22
SIM5
SIM1
SIM2
SIM3
SIM4
1
21
22
SIM5
SIM1
SIM2
SIM3
SIM4
1
21
22
SIM5
SIM1
SIM2
SIM3
SIM4
1
21
22
SIM5
SIM1
SIM2
SIM3
SIM4
1
21
22
SIM5
SIM1
SIM2
SIM3
SIM4
1
21
22
SIM5
SIM1
SIM2
SIM3
SIM4
1
21
22
SIM5
SIM1
SIM2
SIM3
SIM4
1
21
22
SIM5
SIM1
SIM2
SIM3
SIM4
1
21
22
SIM5
SIM1
SIM2
SIM3
SIM4
1
21
22
SIM5
SIM1
SIM2
SIM3
SIM4
1
21
22
SIM5
SIM1
SIM2
SIM3
SIM4
1
21
22
SIM5
SIM1
SIM2
SIM3
SIM4
1
21
22
SIM5
SIM1
SIM2
SIM3
SIM4
1
21
22
SIM5
SIM1
SIM2
SIM3
SIM4
1
21
22
SIM5
SIM1
SIM2
SIM3
SIM4
1
21
22
SIM5
SIM1
SIM2
SIM3
SIM4
1
21
22
SIM5
SIM1
SIM2
SIM3
SIM4
1
21
22
SIM5
SIM1
SIM2
SIM3
SIM4
1
21
22
SIM5
SIM1
SIM2
SIM3
SIM4
1
21
22
SIM5
SIM1
SIM2
SIM3
SIM4
1
21
22
SIM5
SIM1
SIM2
SIM3
SIM4
1
21
22
SIM5
SIM1
SIM2
SIM3
SIM4
1
21
22
SIM5
SIM1
SIM2
SIM3
SIM4
1
21
22
SIM5
SIM1
SIM2
SIM3
SIM4
1
21
22
SIM5
SIM1
SIM2
SIM3
SIM4
1
21
22
SIM5
SIM1
SIM2
SIM3
SIM4
1
21
22
SIM5
SIM1
SIM2
SIM3
SIM4
1
21
22
SIM5
SIM1
SIM2
SIM3
SIM4
1
21
22
SIM5
SIM1
SIM2
SIM3
SIM4
1
21
22
SIM5
SIM1
SIM2
SIM3
SIM4
1
21
22
SIM5
SIM1
SIM2
SIM3
SIM4
1
21
22
SIM5
SIM1
SIM2
SIM3
SIM4
1
21
22
SIM5
SIM1
SIM2
SIM3
SIM4
1
21
22
SIM5
SIM1
SIM2
SIM3
SIM4
1
21
22
SIM5
SIM1
SIM2
SIM3
SIM4
1
21
22
SIM5
SIM1
SIM2
SIM3
SIM4
1
21
22
SIM5
SIM1
SIM2
SIM3
SIM4
1
21
22
SIM5
SIM1
SIM2
SIM3
SIM4
1
21
22
SIM5
SIM1
SIM2
SIM3
SIM4
1
21
22
SIM5
SIM1
SIM2
SIM3
SIM4
1
21
22
SIM5
SIM1
SIM2
SIM3
SIM4
1
21
22
SIM5
SIM1
SIM2
SIM3
SIM4
1
21
22
SIM5
SIM1
SIM2
SIM3
SIM4
1
21
22
SIM5
SIM1
SIM2
SIM3
SIM4
1
21
22
SIM5
SIM1
SIM2
SIM3
SIM4
1
21
22
SIM5
SIM1
SIM2
SIM3
SIM4
1
21
22
SIM5
SIM1
SIM2
SIM3
SIM4
1
21
22
SIM5
SIM1
SIM2
SIM3
SIM4
1
21
22
SIM5
SIM1
SIM2
SIM3
SIM4
1
21
22
SIM5
SIM1
SIM2
SIM3
SIM4
1
21
22
SIM5
SIM1
SIM2
SIM3
SIM4
1
21
22
SIM5
SIM1
SIM2
SIM3
SIM4
1
21
22
SIM5
SIM1
SIM2
SIM3
SIM4
1
21
22
SIM5
SIM1
SIM2
SIM3
SIM4
1
21
22
SIM5
SIM1
SIM2
SIM3
SIM4
1
21
22
SIM5
SIM1
SIM2
SIM3
SIM4
1
21
22
SIM5
SIM1
SIM2
SIM3
SIM4
1
21
22
SIM5
SIM1
SIM2
SIM3
SIM4
1
21
22
SIM5
SIM1
SIM2
SIM3
SIM4
1
21
22
SIM5
SIM1
SIM2
SIM3
SIM4
1
21
22
SIM5
SIM1
SIM2
SIM3
SIM4
1
21
22
SIM5
SIM1
SIM2
SIM3
SIM4
1
21
22
SIM5
SIM1
SIM2
SIM3
SIM4
1
21
22
SIM5
SIM1
SIM2
SIM3
SIM4
1
21
22
SIM5
SIM1
SIM2
SIM3
SIM4
1
21
22
SIM5
SIM1
SIM2
SIM3
SIM4
1
21
22
SIM5
SIM1
SIM2
SIM3
SIM4
1
21
22
SIM5
SIM1
SIM2
SIM3
SIM4
1
21
22
SIM5
SIM1
SIM2
SIM3
SIM4
1
21
22
SIM5
SIM1
SIM2
SIM3
SIM4
1
21
22
SIM5
SIM1
SIM2
SIM3
SIM4
1
21
22
SIM5
SIM1
SIM2
SIM3
SIM4
1
21
22
SIM5
SIM1
SIM2
SIM3
SIM4
1
21
22
SIM5
SIM1
SIM2
SIM3
SIM4
1
21
22
SIM5
SIM1
SIM2
SIM3
SIM4
1
21
22
SIM5
SIM1
SIM2
SIM3
SIM4
1
21
22
SIM5
SIM1
SIM2
SIM3
SIM4
1
21
22
SIM5
SIM1
SIM2
SIM3
SIM4
1
21
22
SIM5
SIM1
SIM2
SIM3
SIM4
1
21
22
SIM5
SIM1
SIM2
SIM3
SIM4
1
21
22
SIM5
SIM1
SIM2
SIM3
SIM4
1
21
22
SIM5
SIM1
SIM2
SIM3
SIM4
1
21
22
SIM5
SIM1
SIM2
SIM3
SIM4
1
21
22
SIM5
SIM1
SIM2
SIM3
SIM4
1
21
22
SIM5
SIM1
SIM2
SIM3
SIM4
1
21
22
SIM5
SIM1
SIM2
SIM3
SIM4
1
21
22
SIM5
SIM1
SIM2
SIM3
SIM4
1
21
22
SIM5
SIM1
SIM2
SIM3
SIM4
1
21
22
SIM5
SIM1
SIM2
SIM3
SIM4
1
21
22
SIM5
SIM1
SIM2
SIM3
SIM4
1
21
22
SIM5
SIM1
SIM2
SIM3
SIM4
1
21
22
SIM5
SIM1
SIM2
SIM3
SIM4
1
21
22
SIM5
SIM1
SIM2
SIM3
SIM4
1
21
22
SIM5
SIM1
SIM2
SIM3
SIM4
1
21
22
SIM5
SIM1
SIM2
SIM3
SIM4
1
21
22
SIM5
SIM1
SIM2
SIM3
SIM4
1
21
22
SIM5
SIM1
SIM2
SIM3
SIM4
1
21
22
SIM5
SIM1
SIM2
SIM3
SIM4
1
21
22
SIM5
SIM1
SIM2
SIM3
SIM4
1
21
22
SIM5
SIM1
SIM2
SIM3
SIM4
1
21
22
SIM5
SIM1
SIM2
SIM3
SIM4
1
21
22
SIM5
SIM1
SIM2
SIM3
SIM4
1
21
22
SIM5
SIM1
SIM2
SIM3
SIM4
1
21
22
SIM5
SIM1
SIM2
SIM3
SIM4
1
21
22
SIM5
SIM1
SIM2
SIM3
SIM4
1
21
22
SIM5
SIM1
SIM2
SIM3
SIM4
1
21
22
SIM5
SIM1
SIM2
SIM3
SIM4
1
21
22
SIM5
SIM1
SIM2
SIM3
SIM4
1
21
22
SIM5
SIM1
SIM2
SIM3
SIM4
1
21
22
SIM5
SIM1
SIM2
SIM3
SIM4
1
21
22
SIM5
SIM1
SIM2
SIM3
SIM4
1
21
22
SIM5
SIM1
SIM2
SIM3
SIM4
1
21
22
SIM5
SIM1
SIM2
SIM3
SIM4
1
21
22
SIM5
SIM1
SIM2
SIM3
SIM4
1
21
22
SIM5
SIM1
SIM2
SIM3
SIM4
1
21
22
SIM5
SIM1
SIM2
SIM3
SIM4
1
21
22
SIM5
SIM1
SIM2
SIM3
SIM4
1
21
22
SIM5
SIM1
SIM2
SIM3
SIM4
1
21
22
SIM5
SIM1
SIM2
SIM3
SIM4
1
21
22
SIM5
SIM1
SIM2
SIM3
SIM4
1
21
22
SIM5
SIM1
SIM2
SIM3
SIM4
1
21
22
SIM5
SIM1
SIM2
SIM3
SIM4
1
21
22
SIM5
SIM1
SIM2
SIM3
SIM4
1
21
22
SIM5
SIM1
SIM2
SIM3
SIM4
1
21
22
SIM5
SIM1
SIM2
SIM3
SIM4
1
21
22
SIM5
SIM1
SIM2
SIM3
SIM4
1
21
22
SIM5
SIM1
SIM2
SIM3
SIM4
1
21
22
SIM5
SIM1
SIM2
SIM3
SIM4
1
21
22
SIM5
SIM1
SIM2
SIM3
SIM4
1
21
22
SIM5
SIM1
SIM2
SIM3
SIM4
1
21
22
SIM5
SIM1
SIM2
SIM3
SIM4
1
21
22
SIM5
SIM1
SIM2
SIM3
SIM4
1
21
22
SIM5
SIM1
SIM2
SIM3
SIM4
1
21
22
SIM5
SIM1
SIM2
SIM3
SIM4
1
21
22
SIM5
SIM1
SIM2
SIM3
SIM4
1
21
22
SIM5
SIM1
SIM2
SIM3
SIM4
1
21
22
SIM5
SIM1
SIM2
SIM3
SIM4
1
21
22
SIM5
SIM1
SIM2
SIM3
SIM4
1
21
22
SIM5
SIM1
SIM2
SIM3
SIM4
1
21
22
SIM5
SIM1
SIM2
SIM3
SIM4
1
21
22
SIM5
SIM1
SIM2
SIM3
SIM4
1
21
22
SIM5
SIM1
SIM2
SIM3
SIM4
1
21
22
SIM5
SIM1
SIM2
SIM3
SIM4
1
21
22
SIM5
SIM1
SIM2
SIM3
SIM4
1
21
22
SIM5
SIM1
SIM2
SIM3
SIM4
1
21
22
SIM5
SIM1
SIM2
DEBUG 1 186
SIM1
SIM2
SIM3
SIM4
1
21
22
SIM5
SIM1
SIM2
SIM3
SIM4
1
21
22
SIM5
SIM1
SIM2
SIM3
SIM4
1
21
22
SIM5
SIM1
SIM2
SIM3
SIM4
1
21
22
SIM5
SIM1
SIM2
SIM3
SIM4
1
21
22
SIM5
SIM1
SIM2
SIM3
SIM4
1
21
22
SIM5
SIM1
SIM2
SIM3
SIM4
1
21
22
SIM5
SIM1
SIM2
SIM3
SIM4
1
21
22
SIM5
SIM1
SIM2
SIM3
SIM4
1
21
22
SIM5
SIM1
SIM2
SIM3
SIM4
1
21
22
SIM5
SIM1
SIM2
SIM3
SIM4
1
21
22
SIM5
SIM1
SIM2
SIM3
SIM4
1
21
22
SIM5
SIM1
SIM2
SIM3
SIM4
1
21
22
SIM5
SIM1
SIM2
SIM3
SIM4
1
21
22
SIM5
SIM1
SIM2
SIM3
SIM4
1
21
22
SIM5
SIM1
SIM2
SIM3
SIM4
1
21
22
SIM5
SIM1
SIM2
SIM3
SIM4
1
21
22
SIM5
SIM1
SIM2
SIM3
SIM4
1
21
22
SIM5
SIM1
SIM2
SIM3
SIM4
1
21
22
SIM5
SIM1
SIM2
SIM3
SIM4
1
21
22
SIM5
SIM1
SIM2
SIM3
SIM4
1
21
22
SIM5
SIM1
SIM2
SIM3
SIM4
1
21
22
SIM5
SIM1
SIM2
SIM3
SIM4
1
21
22
SIM5
SIM1
SIM2
SIM3
SIM4
1
21
22
SIM5
SIM1
SIM2
SIM3
SIM4
1
21
22
SIM5
SIM1
SIM2
SIM3
SIM4
1
21
22
SIM5
SIM1
SIM2
SIM3
SIM4
1
21
22
SIM5
SIM1
SIM2
SIM3
SIM4
1
21
22
SIM5
SIM1
SIM2
SIM3
SIM4
1
21
22
SIM5
SIM1
SIM2
SIM3
SIM4
1
21
22
SIM5
SIM1
SIM2
SIM3
SIM4
1
21
22
SIM5
SIM1
SIM2
SIM3
SIM4
1
21
22
SIM5
SIM1
SIM2
SIM3
SIM4
1
21
22
SIM5
SIM1
SIM2
SIM3
SIM4
1
21
22
SIM5
SIM1
SIM2
SIM3
SIM4
1
21
22
SIM5
SIM1
SIM2
SIM3
SIM4
1
21
22
SIM5
SIM1
SIM2
SIM3
SIM4
1
21
22
SIM5
SIM1
SIM2
SIM3
SIM4
1
21
22
SIM5
SIM1
SIM2
SIM3
SIM4
1
21
22
SIM5
SIM1
SIM2
SIM3
SIM4
1
21
22
SIM5
SIM1
SIM2
SIM3
SIM4
1
21
22
SIM5
SIM1
SIM2
SIM3
SIM4
1
21
22
SIM5
SIM1
SIM2
SIM3
SIM4
1
21
22
SIM5
SIM1
SIM2
SIM3
SIM4
1
21
22
SIM5
SIM1
SIM2
SIM3
SIM4
1
21
22
SIM5
SIM1
SIM2
SIM3
SIM4
1
21
22
SIM5
SIM1
SIM2
SIM3
SIM4
1
21
22
SIM5
SIM1
SIM2
SIM3
SIM4
1
21
22
SIM5
SIM1
SIM2
SIM3
SIM4
1
21
22
SIM5
SIM1
SIM2
SIM3
SIM4
1
21
22
SIM5
SIM1
SIM2
SIM3
SIM4
1
21
22
SIM5
SIM1
SIM2
SIM3
SIM4
1
21
22
SIM5
SIM1
SIM2
SIM3
SIM4
1
21
22
SIM5
SIM1
SIM2
SIM3
SIM4
1
21
22
SIM5
SIM1
SIM2
SIM3
SIM4
1
21
22
SIM5
SIM1
SIM2
SIM3
SIM4
1
21
22
SIM5
SIM1
SIM2
SIM3
SIM4
1
21
22
SIM5
SIM1
SIM2
SIM3
SIM4
1
21
22
SIM5
SIM1
SIM2
SIM3
SIM4
1
21
22
SIM5
SIM1
SIM2
SIM3
SIM4
1
21
22
SIM5
SIM1
SIM2
SIM3
SIM4
1
21
22
SIM5
SIM1
SIM2
SIM3
SIM4
1
21
22
SIM5
SIM1
SIM2
SIM3
SIM4
1
21
22
SIM5
SIM1
SIM2
SIM3
SIM4
1
21
22
SIM5
SIM1
SIM2
SIM3
SIM4
1
21
22
SIM5
SIM1
SIM2
SIM3
SIM4
1
21
22
SIM5
SIM1
SIM2
SIM3
SIM4
1
21
22
SIM5
SIM1
SIM2
SIM3
SIM4
1
21
22
SIM5
SIM1
SIM2
SIM3
SIM4
1
21
22
SIM5
SIM1
SIM2
SIM3
SIM4
1
21
22
SIM5
SIM1
SIM2
SIM3
SIM4
1
21
22
SIM5
SIM1
SIM2
SIM3
SIM4
1
21
22
SIM5
SIM1
SIM2
SIM3
SIM4
1
21
22
SIM5
SIM1
SIM2
SIM3
SIM4
1
21
22
SIM5
SIM1
SIM2
SIM3
SIM4
1
21
22
SIM5
SIM1
SIM2
SIM3
SIM4
1
21
22
SIM5
SIM1
SIM2
SIM3
SIM4
1
21
22
SIM5
SIM1
SIM2
SIM3
SIM4
1
21
22
SIM5
SIM1
SIM2
SIM3
SIM4
1
21
22
SIM5
SIM1
SIM2
SIM3
SIM4
1
21
22
SIM5
SIM1
SIM2
SIM3
SIM4
1
21
22
SIM5
SIM1
SIM2
SIM3
SIM4
1
21
22
SIM5
SIM1
SIM2
SIM3
SIM4
1
21
22
SIM5
SIM1
SIM2
SIM3
SIM4
1
21
22
SIM5
SIM1
SIM2
SIM3
SIM4
1
21
22
SIM5
SIM1
SIM2
SIM3
SIM4
1
21
22
SIM5
SIM1
SIM2
SIM3
SIM4
1
21
22
SIM5
SIM1
SIM2
SIM3
SIM4
1
21
22
SIM5
SIM1
SIM2
SIM3
SIM4
1
21
22
SIM5
SIM1
SIM2
SIM3
SIM4
1
21
22
SIM5
SIM1
SIM2
SIM3
SIM4
1
21
22
SIM5
SIM1
SIM2
SIM3
SIM4
1
21
22
SIM5
SIM1
SIM2
SIM3
SIM4
1
21
22
SIM5
SIM1
SIM2
SIM3
SIM4
1
21
22
SIM5
SIM1
SIM2
SIM3
SIM4
1
21
22
SIM5
SIM1
SIM2
SIM3
SIM4
1
21
22
SIM5
SIM1
SIM2
SIM3
SIM4
1
21
22
SIM5
SIM1
SIM2
SIM3
SIM4
1
21
22
SIM5
SIM1
SIM2
SIM3
SIM4
1
21
22
SIM5
SIM1
SIM2
SIM3
SIM4
1
21
22
SIM5
SIM1
SIM2
SIM3
SIM4
1
21
22
SIM5
SIM1
SIM2
SIM3
SIM4
1
21
22
SIM5
SIM1
SIM2
SIM3
SIM4
1
21
22
SIM5
SIM1
SIM2
SIM3
SIM4
1
21
22
SIM5
SIM1
SIM2
SIM3
SIM4
1
21
22
SIM5
SIM1
SIM2
SIM3
SIM4
1
21
22
SIM5
SIM1
SIM2
SIM3
SIM4
1
21
22
SIM5
SIM1
SIM2
SIM3
SIM4
1
21
22
SIM5
SIM1
SIM2
SIM3
SIM4
1
21
22
SIM5
SIM1
SIM2
SIM3
SIM4
1
21
22
SIM5
SIM1
SIM2
SIM3
SIM4
1
21
22
SIM5
SIM1
SIM2
SIM3
SIM4
1
21
22
SIM5
SIM1
SIM2
SIM3
SIM4
1
21
22
SIM5
SIM1
SIM2
SIM3
SIM4
1
21
22
SIM5
SIM1
SIM2
SIM3
SIM4
1
21
22
SIM5
SIM1
SIM2
SIM3
SIM4
1
21
22
SIM5
SIM1
SIM2
SIM3
SIM4
1
21
22
SIM5
SIM1
SIM2
SIM3
SIM4
1
21
22
SIM5
SIM1
SIM2
SIM3
SIM4
1
21
22
SIM5
SIM1
SIM2
SIM3
SIM4
1
21
22
SIM5
SIM1
SIM2
SIM3
SIM4
1
21
22
SIM5
SIM1
SIM2
SIM3
SIM4
1
21
22
SIM5
SIM1
SIM2
SIM3
SIM4
1
21
22
SIM5
SIM1
SIM2
SIM3
SIM4
1
21
22
SIM5
SIM1
SIM2
SIM3
SIM4
1
21
22
SIM5
SIM1
SIM2
SIM3
SIM4
1
21
22
SIM5
SIM1
SIM2
SIM3
SIM4
1
21
22
SIM5
SIM1
SIM2
SIM3
SIM4
1
21
22
SIM5
SIM1
SIM2
SIM3
SIM4
1
21
22
SIM5
SIM1
SIM2
SIM3
SIM4
1
21
22
SIM5
SIM1
SIM2
SIM3
SIM4
1
21
22
SIM5
SIM1
SIM2
SIM3
SIM4
1
21
22
SIM5
SIM1
SIM2
SIM3
SIM4
1
21
22
SIM5
SIM1
SIM2
SIM3
SIM4
1
21
22
SIM5
SIM1
SIM2
SIM3
SIM4
1
21
22
SIM5
SIM1
SIM2
SIM3
SIM4
1
21
22
SIM5
SIM1
SIM2
SIM3
SIM4
1
21
22
SIM5
SIM1
SIM2
SIM3
SIM4
1
21
22
SIM5
SIM1
SIM2
SIM3
SIM4
1
21
22
SIM5
SIM1
SIM2
SIM3
SIM4
1
21
22
SIM5
SIM1
SIM2
SIM3
SIM4
1
21
22
SIM5
SIM1
SIM2
SIM3
SIM4
1
21
22
SIM5
SIM1
SIM2
SIM3
SIM4
1
21
22
SIM5
SIM1
SIM2
SIM3
SIM4
1
21
22
SIM5
SIM1
SIM2
SIM3
SIM4
1
21
22
SIM5
SIM1
SIM2
SIM3
SIM4
1
21
22
SIM5
SIM1
SIM2
SIM3
SIM4
1
21
22
SIM5
SIM1
SIM2
SIM3
SIM4
1
21
22
SIM5
SIM1
SIM2
SIM3
SIM4
1
21
22
SIM5
SIM1
SIM2
SIM3
SIM4
1
21
22
SIM5
SIM1
SIM2
SIM3
SIM4
1
21
22
SIM5
SIM1
SIM2
SIM3
SIM4
1
21
22
SIM5
SIM1
SIM2
DEBUG 1 187
SIM1
SIM2
SIM3
SIM4
1
21
22
SIM5
SIM1
SIM2
SIM3
SIM4
1
21
22
SIM5
SIM1
SIM2
SIM3
SIM4
1
21
22
SIM5
SIM1
SIM2
SIM3
SIM4
1
21
22
SIM5
SIM1
SIM2
SIM3
SIM4
1
21
22
SIM5
SIM1
SIM2
SIM3
SIM4
1
21
22
SIM5
SIM1
SIM2
SIM3
SIM4
1
21
22
SIM5
SIM1
SIM2
SIM3
SIM4
1
21
22
SIM5
SIM1
SIM2
SIM3
SIM4
1
21
22
SIM5
SIM1
SIM2
SIM3
SIM4
1
21
22
SIM5
SIM1
SIM2
SIM3
SIM4
1
21
22
SIM5
SIM1
SIM2
SIM3
SIM4
1
21
22
SIM5
SIM1
SIM2
SIM3
SIM4
1
21
22
SIM5
SIM1
SIM2
SIM3
SIM4
1
21
22
SIM5
SIM1
SIM2
SIM3
SIM4
1
21
22
SIM5
SIM1
SIM2
SIM3
SIM4
1
21
22
SIM5
SIM1
SIM2
SIM3
SIM4
1
21
22
SIM5
SIM1
SIM2
SIM3
SIM4
1
21
22
SIM5
SIM1
SIM2
SIM3
SIM4
1
21
22
SIM5
SIM1
SIM2
SIM3
SIM4
1
21
22
SIM5
SIM1
SIM2
SIM3
SIM4
1
21
22
SIM5
SIM1
SIM2
SIM3
SIM4
1
21
22
SIM5
SIM1
SIM2
SIM3
SIM4
1
21
22
SIM5
SIM1
SIM2
SIM3
SIM4
1
21
22
SIM5
SIM1
SIM2
SIM3
SIM4
1
21
22
SIM5
SIM1
SIM2
SIM3
SIM4
1
21
22
SIM5
SIM1
SIM2
SIM3
SIM4
1
21
22
SIM5
SIM1
SIM2
SIM3
SIM4
1
21
22
SIM5
SIM1
SIM2
SIM3
SIM4
1
21
22
SIM5
SIM1
SIM2
SIM3
SIM4
1
21
22
SIM5
SIM1
SIM2
SIM3
SIM4
1
21
22
SIM5
SIM1
SIM2
SIM3
SIM4
1
21
22
SIM5
SIM1
SIM2
SIM3
SIM4
1
21
22
SIM5
SIM1
SIM2
SIM3
SIM4
1
21
22
SIM5
SIM1
SIM2
SIM3
SIM4
1
21
22
SIM5
SIM1
SIM2
SIM3
SIM4
1
21
22
SIM5
SIM1
SIM2
SIM3
SIM4
1
21
22
SIM5
SIM1
SIM2
SIM3
SIM4
1
21
22
SIM5
SIM1
SIM2
SIM3
SIM4
1
21
22
SIM5
SIM1
SIM2
SIM3
SIM4
1
21
22
SIM5
SIM1
SIM2
SIM3
SIM4
1
21
22
SIM5
SIM1
SIM2
SIM3
SIM4
1
21
22
SIM5
SIM1
SIM2
SIM3
SIM4
1
21
22
SIM5
SIM1
SIM2
SIM3
SIM4
1
21
22
SIM5
SIM1
SIM2
SIM3
SIM4
1
21
22
SIM5
SIM1
SIM2
SIM3
SIM4
1
21
22
SIM5
SIM1
SIM2
SIM3
SIM4
1
21
22
SIM5
SIM1
SIM2
SIM3
SIM4
1
21
22
SIM5
SIM1
SIM2
SIM3
SIM4
1
21
22
SIM5
SIM1
SIM2
SIM3
SIM4
1
21
22
SIM5
SIM1
SIM2
SIM3
SIM4
1
21
22
SIM5
SIM1
SIM2
SIM3
SIM4
1
21
22
SIM5
SIM1
SIM2
SIM3
SIM4
1
21
22
SIM5
SIM1
SIM2
SIM3
SIM4
1
21
22
SIM5
SIM1
SIM2
SIM3
SIM4
1
21
22
SIM5
SIM1
SIM2
SIM3
SIM4
1
21
22
SIM5
SIM1
SIM2
SIM3
SIM4
1
21
22
SIM5
SIM1
SIM2
SIM3
SIM4
1
21
22
SIM5
SIM1
SIM2
SIM3
SIM4
1
21
22
SIM5
SIM1
SIM2
SIM3
SIM4
1
21
22
SIM5
SIM1
SIM2
SIM3
SIM4
1
21
22
SIM5
SIM1
SIM2
SIM3
SIM4
1
21
22
SIM5
SIM1
SIM2
SIM3
SIM4
1
21
22
SIM5
SIM1
SIM2
SIM3
SIM4
1
21
22
SIM5
SIM1
SIM2
SIM3
SIM4
1
21
22
SIM5
SIM1
SIM2
SIM3
SIM4
1
21
22
SIM5
SIM1
SIM2
SIM3
SIM4
1
21
22
SIM5
SIM1
SIM2
SIM3
SIM4
1
21
22
SIM5
SIM1
SIM2
SIM3
SIM4
1
21
22
SIM5
SIM1
SIM2
SIM3
SIM4
1
21
22
SIM5
SIM1
SIM2
SIM3
SIM4
1
21
22
SIM5
SIM1
SIM2
SIM3
SIM4
1
21
22
SIM5
SIM1
SIM2
SIM3
SIM4
1
21
22
SIM5
SIM1
SIM2
SIM3
SIM4
1
21
22
SIM5
SIM1
SIM2
SIM3
SIM4
1
21
22
SIM5
SIM1
SIM2
SIM3
SIM4
1
21
22
SIM5
SIM1
SIM2
SIM3
SIM4
1
21
22
SIM5
SIM1
SIM2
SIM3
SIM4
1
21
22
SIM5
SIM1
SIM2
SIM3
SIM4
1
21
22
SIM5
SIM1
SIM2
SIM3
SIM4
1
21
22
SIM5
SIM1
SIM2
SIM3
SIM4
1
21
22
SIM5
SIM1
SIM2
SIM3
SIM4
1
21
22
SIM5
SIM1
SIM2
SIM3
SIM4
1
21
22
SIM5
SIM1
SIM2
SIM3
SIM4
1
21
22
SIM5
SIM1
SIM2
SIM3
SIM4
1
21
22
SIM5
SIM1
SIM2
SIM3
SIM4
1
21
22
SIM5
SIM1
SIM2
SIM3
SIM4
1
21
22
SIM5
SIM1
SIM2
SIM3
SIM4
1
21
22
SIM5
SIM1
SIM2
SIM3
SIM4
1
21
22
SIM5
SIM1
SIM2
SIM3
SIM4
1
21
22
SIM5
SIM1
SIM2
SIM3
SIM4
1
21
22
SIM5
SIM1
SIM2
SIM3
SIM4
1
21
22
SIM5
SIM1
SIM2
SIM3
SIM4
1
21
22
SIM5
SIM1
SIM2
SIM3
SIM4
1
21
22
SIM5
SIM1
SIM2
SIM3
SIM4
1
21
22
SIM5
SIM1
SIM2
SIM3
SIM4
1
21
22
SIM5
SIM1
SIM2
SIM3
SIM4
1
21
22
SIM5
SIM1
SIM2
SIM3
SIM4
1
21
22
SIM5
SIM1
SIM2
SIM3
SIM4
1
21
22
SIM5
SIM1
SIM2
SIM3
SIM4
1
21
22
SIM5
SIM1
SIM2
SIM3
SIM4
1
21
22
SIM5
SIM1
SIM2
SIM3
SIM4
1
21
22
SIM5
SIM1
SIM2
SIM3
SIM4
1
21
22
SIM5
SIM1
SIM2
SIM3
SIM4
1
21
22
SIM5
SIM1
SIM2
SIM3
SIM4
1
21
22
SIM5
SIM1
SIM2
SIM3
SIM4
1
21
22
SIM5
SIM1
SIM2
SIM3
SIM4
1
21
22
SIM5
SIM1
SIM2
SIM3
SIM4
1
21
22
SIM5
SIM1
SIM2
SIM3
SIM4
1
21
22
SIM5
SIM1
SIM2
SIM3
SIM4
1
21
22
SIM5
SIM1
SIM2
SIM3
SIM4
1
21
22
SIM5
SIM1
SIM2
SIM3
SIM4
1
21
22
SIM5
SIM1
SIM2
SIM3
SIM4
1
21
22
SIM5
SIM1
SIM2
SIM3
SIM4
1
21
22
SIM5
SIM1
SIM2
SIM3
SIM4
1
21
22
SIM5
SIM1
SIM2
SIM3
SIM4
1
21
22
SIM5
SIM1
SIM2
SIM3
SIM4
1
21
22
SIM5
SIM1
SIM2
SIM3
SIM4
1
21
22
SIM5
SIM1
SIM2
SIM3
SIM4
1
21
22
SIM5
SIM1
SIM2
SIM3
SIM4
1
21
22
SIM5
SIM1
SIM2
SIM3
SIM4
1
21
22
SIM5
SIM1
SIM2
SIM3
SIM4
1
21
22
SIM5
SIM1
SIM2
SIM3
SIM4
1
21
22
SIM5
SIM1
SIM2
SIM3
SIM4
1
21
22
SIM5
SIM1
SIM2
SIM3
SIM4
1
21
22
SIM5
SIM1
SIM2
SIM3
SIM4
1
21
22
SIM5
SIM1
SIM2
SIM3
SIM4
1
21
22
SIM5
SIM1
SIM2
SIM3
SIM4
1
21
22
SIM5
SIM1
SIM2
SIM3
SIM4
1
21
22
SIM5
SIM1
SIM2
SIM3
SIM4
1
21
22
SIM5
SIM1
SIM2
SIM3
SIM4
1
21
22
SIM5
SIM1
SIM2
SIM3
SIM4
1
21
22
SIM5
SIM1
SIM2
SIM3
SIM4
1
21
22
SIM5
SIM1
SIM2
SIM3
SIM4
1
21
22
SIM5
SIM1
SIM2
SIM3
SIM4
1
21
22
SIM5
SIM1
SIM2
SIM3
SIM4
1
21
22
SIM5
SIM1
SIM2
SIM3
SIM4
1
21
22
SIM5
SIM1
SIM2
SIM3
SIM4
1
21
22
SIM5
SIM1
SIM2
SIM3
SIM4
1
21
22
SIM5
SIM1
SIM2
SIM3
SIM4
1
21
22
SIM5
SIM1
SIM2
SIM3
SIM4
1
21
22
SIM5
SIM1
SIM2
SIM3
SIM4
1
21
22
SIM5
SIM1
SIM2
SIM3
SIM4
1
21
22
SIM5
SIM1
SIM2
SIM3
SIM4
1
21
22
SIM5
SIM1
SIM2
SIM3
SIM4
1
21
22
SIM5
SIM1
SIM2
SIM3
SIM4
1
21
22
SIM5
SIM1
SIM2
SIM3
SIM4
1
21
22
SIM5
SIM1
SIM2
SIM3
SIM4
1
21
22
SIM5
SIM1
SIM2
SIM3
SIM4
1
21
22
SIM5
SIM1
SIM2
SIM3
SIM4
1
21
22
SIM5
SIM1
SIM2
SIM3
SIM4
1
21
22
SIM5
SIM1
SIM2
SIM3
SIM4
1
21
22
SIM5
SIM1
SIM2
SIM3
SIM4
1
21
22
SIM5
SIM1
SIM2
SIM3
SIM4
1
21
22
SIM5
SIM1
SIM2
SIM3
SIM4
1
21
22
SIM5
SIM1
SIM2
SIM3
SIM4
1
21
22
SIM5
SIM1
SIM2
SIM3
SIM4
1
21
22
SIM5
SIM1
SIM2
SIM3
SIM4
1
21
22
SIM5
SIM1
SIM2
SIM3
SIM4
1
21
22
SIM5
SIM1
SIM2
SIM3
SIM4
1
21
22
SIM5
SIM1
SIM2
SIM3
SIM4
1
21
22
SIM5
SIM1
SIM2
SIM3
SIM4
1
21
22
SIM5
SIM1
SIM2
SIM3
SIM4
1
21
22
SIM5
SIM1
SIM2
SIM3
SIM4
1
21
22
SIM5
SIM1
SIM2
SIM3
SIM4
1
21
22
SIM5
SIM1
SIM2
SIM3
SIM4
1
21
22
SIM5
SIM1
SIM2
SIM3
SIM4
1
21
22
SIM5
SIM1
SIM2
SIM3
SIM4
1
21
22
SIM5
SIM1
SIM2
SIM3
SIM4
1
21
22
SIM5
SIM1
SIM2
SIM3
SIM4
1
21
22
SIM5
SIM1
SIM2
SIM3
SIM4
1
21
22
SIM5
SIM1
SIM2
SIM3
SIM4
1
21
22
SIM5
SIM1
SIM2
SIM3
SIM4
1
21
22
SIM5
SIM1
SIM2
SIM3
SIM4
1
21
22
SIM5
SIM1
SIM2
SIM3
SIM4
1
21
22
SIM5
SIM1
SIM2
SIM3
SIM4
1
21
22
SIM5
SIM1
SIM2
SIM3
SIM4
1
21
22
SIM5
SIM1
SIM2
SIM3
SIM4
1
21
22
SIM5
SIM1
SIM2
SIM3
SIM4
1
21
22
SIM5
SIM1
SIM2
SIM3
SIM4
1
21
22
SIM5
SIM1
SIM2
SIM3
SIM4
1
21
22
SIM5
SIM1
SIM2
SIM3
SIM4
1
21
22
SIM5
SIM1
SIM2
SIM3
SIM4
1
21
22
SIM5
SIM1
SIM2
SIM3
SIM4
1
21
22
SIM5
SIM1
SIM2
SIM3
SIM4
1
21
22
SIM5
SIM1
SIM2
SIM3
SIM4
1
21
22
SIM5
SIM1
SIM2
SIM3
SIM4
1
21
22
SIM5
SIM1
SIM2
SIM3
SIM4
1
21
22
SIM5
SIM1
SIM2
SIM3
SIM4
1
21
22
SIM5
SIM1
SIM2
SIM3
SIM4
1
21
22
SIM5
SIM1
SIM2
SIM3
SIM4
1
21
22
SIM5
SIM1
SIM2
SIM3
SIM4
1
21
22
SIM5
SIM1
SIM2
SIM3
SIM4
1
21
22
SIM5
SIM1
SIM2
SIM3
SIM4
1
21
22
SIM5
SIM1
SIM2
SIM3
SIM4
1
21
22
SIM5
SIM1
SIM2
SIM3
SIM4
1
21
22
SIM5
SIM1
SIM2
SIM3
SIM4
1
21
22
SIM5
SIM1
SIM2
SIM3
SIM4
1
21
22
SIM5
SIM1
SIM2
SIM3
SIM4
1
21
22
SIM5
SIM1
SIM2
SIM3
SIM4
1
21
22
SIM5
SIM1
SIM2
SIM3
SIM4
1
21
22
SIM5
SIM1
SIM2
SIM3
SIM4
1
21
22
SIM5
SIM1
SIM2
SIM3
SIM4
1
21
22
SIM5
SIM1
SIM2
SIM3
SIM4
1
21
22
SIM5
SIM1
SIM2
SIM3
SIM4
1
21
22
SIM5
SIM1
SIM2
SIM3
SIM4
1
21
22
SIM5
SIM1
SIM2
SIM3
SIM4
1
21
22
SIM5
SIM1
SIM2
SIM3
SIM4
1
21
22
SIM5
SIM1
SIM2
SIM3
SIM4
1
21
22
SIM5
SIM1
SIM2
SIM3
SIM4
1
21
22
SIM5
SIM1
SIM2
SIM3
SIM4
1
21
22
SIM5
SIM1
SIM2
SIM3
SIM4
1
21
22
SIM5
SIM1
SIM2
SIM3
SIM4
1
21
22
SIM5
SIM1
SIM2
SIM3
SIM4
1
21
22
SIM5
SIM1
SIM2
SIM3
SIM4
1
21
22
SIM5
SIM1
SIM2
SIM3
SIM4
1
21
22
SIM5
SIM1
SIM2
SIM3
SIM4
1
21
22
SIM5
SIM1
SIM2
SIM3
SIM4
1
21
22
SIM5
SIM1
SIM2
SIM3
SIM4
1
21
22
SIM5
SIM1
SIM2
SIM3
SIM4
1
21
22
SIM5
SIM1
SIM2
SIM3
SIM4
1
21
22
SIM5
SIM1
SIM2
SIM3
SIM4
1
21
22
SIM5
SIM1
SIM2
SIM3
SIM4
1
21
22
SIM5
SIM1
SIM2
SIM3
SIM4
1
21
22
SIM5
SIM1
SIM2
SIM3
SIM4
1
21
22
SIM5
SIM1
SIM2
SIM3
SIM4
1
21
22
SIM5
SIM1
SIM2
SIM3
SIM4
1
21
22
SIM5
SIM1
SIM2
DEBUG 1 188
SIM1
SIM2
SIM3
SIM4
1
21
22
SIM5
SIM1
SIM2
SIM3
SIM4
1
21
22
SIM5
SIM1
SIM2
SIM3
SIM4
1
21
22
SIM5
SIM1
SIM2
SIM3
SIM4
1
21
22
SIM5
SIM1
SIM2
SIM3
SIM4
1
21
22
SIM5
SIM1
SIM2
SIM3
SIM4
1
21
22
SIM5
SIM1
SIM2
SIM3
SIM4
1
21
22
SIM5
SIM1
SIM2
SIM3
SIM4
1
21
22
SIM5
SIM1
SIM2
SIM3
SIM4
1
21
22
SIM5
SIM1
SIM2
SIM3
SIM4
1
21
22
SIM5
SIM1
SIM2
SIM3
SIM4
1
21
22
SIM5
SIM1
SIM2
SIM3
SIM4
1
21
22
SIM5
SIM1
SIM2
SIM3
SIM4
1
21
22
SIM5
SIM1
SIM2
SIM3
SIM4
1
21
22
SIM5
SIM1
SIM2
SIM3
SIM4
1
21
22
SIM5
SIM1
SIM2
SIM3
SIM4
1
21
22
SIM5
SIM1
SIM2
SIM3
SIM4
1
21
22
SIM5
SIM1
SIM2
SIM3
SIM4
1
21
22
SIM5
SIM1
SIM2
SIM3
SIM4
1
21
22
SIM5
SIM1
SIM2
SIM3
SIM4
1
21
22
SIM5
SIM1
SIM2
SIM3
SIM4
1
21
22
SIM5
SIM1
SIM2
SIM3
SIM4
1
21
22
SIM5
SIM1
SIM2
SIM3
SIM4
1
21
22
SIM5
SIM1
SIM2
SIM3
SIM4
1
21
22
SIM5
SIM1
SIM2
SIM3
SIM4
1
21
22
SIM5
SIM1
SIM2
SIM3
SIM4
1
21
22
SIM5
SIM1
SIM2
SIM3
SIM4
1
21
22
SIM5
SIM1
SIM2
SIM3
SIM4
1
21
22
SIM5
SIM1
SIM2
SIM3
SIM4
1
21
22
SIM5
SIM1
SIM2
SIM3
SIM4
1
21
22
SIM5
SIM1
SIM2
SIM3
SIM4
1
21
22
SIM5
SIM1
SIM2
SIM3
SIM4
1
21
22
SIM5
SIM1
SIM2
SIM3
SIM4
1
21
22
SIM5
SIM1
SIM2
SIM3
SIM4
1
21
22
SIM5
SIM1
SIM2
SIM3
SIM4
1
21
22
SIM5
SIM1
SIM2
SIM3
SIM4
1
21
22
SIM5
SIM1
SIM2
SIM3
SIM4
1
21
22
SIM5
SIM1
SIM2
SIM3
SIM4
1
21
22
SIM5
SIM1
SIM2
SIM3
SIM4
1
21
22
SIM5
SIM1
SIM2
SIM3
SIM4
1
21
22
SIM5
SIM1
SIM2
SIM3
SIM4
1
21
22
SIM5
SIM1
SIM2
SIM3
SIM4
1
21
22
SIM5
SIM1
SIM2
SIM3
SIM4
1
21
22
SIM5
SIM1
SIM2
SIM3
SIM4
1
21
22
SIM5
SIM1
SIM2
SIM3
SIM4
1
21
22
SIM5
SIM1
SIM2
SIM3
SIM4
1
21
22
SIM5
SIM1
SIM2
SIM3
SIM4
1
21
22
SIM5
SIM1
SIM2
SIM3
SIM4
1
21
22
SIM5
SIM1
SIM2
SIM3
SIM4
1
21
22
SIM5
SIM1
SIM2
SIM3
SIM4
1
21
22
SIM5
SIM1
SIM2
SIM3
SIM4
1
21
22
SIM5
SIM1
SIM2
SIM3
SIM4
1
21
22
SIM5
SIM1
SIM2
SIM3
SIM4
1
21
22
SIM5
SIM1
SIM2
SIM3
SIM4
1
21
22
SIM5
SIM1
SIM2
SIM3
SIM4
1
21
22
SIM5
SIM1
SIM2
SIM3
SIM4
1
21
22
SIM5
SIM1
SIM2
SIM3
SIM4
1
21
22
SIM5
SIM1
SIM2
SIM3
SIM4
1
21
22
SIM5
SIM1
SIM2
SIM3
SIM4
1
21
22
SIM5
SIM1
SIM2
SIM3
SIM4
1
21
22
SIM5
SIM1
SIM2
SIM3
SIM4
1
21
22
SIM5
SIM1
SIM2
SIM3
SIM4
1
21
22
SIM5
SIM1
SIM2
SIM3
SIM4
1
21
22
SIM5
SIM1
SIM2
SIM3
SIM4
1
21
22
SIM5
SIM1
SIM2
SIM3
SIM4
1
21
22
SIM5
SIM1
SIM2
SIM3
SIM4
1
21
22
SIM5
SIM1
SIM2
SIM3
SIM4
1
21
22
SIM5
SIM1
SIM2
SIM3
SIM4
1
21
22
SIM5
SIM1
SIM2
SIM3
SIM4
1
21
22
SIM5
SIM1
SIM2
SIM3
SIM4
1
21
22
SIM5
SIM1
SIM2
SIM3
SIM4
1
21
22
SIM5
SIM1
SIM2
SIM3
SIM4
1
21
22
SIM5
SIM1
SIM2
SIM3
SIM4
1
21
22
SIM5
SIM1
SIM2
SIM3
SIM4
1
21
22
SIM5
SIM1
SIM2
SIM3
SIM4
1
21
22
SIM5
SIM1
SIM2
SIM3
SIM4
1
21
22
SIM5
SIM1
SIM2
SIM3
SIM4
1
21
22
SIM5
SIM1
SIM2
SIM3
SIM4
1
21
22
SIM5
SIM1
SIM2
SIM3
SIM4
1
21
22
SIM5
SIM1
SIM2
SIM3
SIM4
1
21
22
SIM5
SIM1
SIM2
SIM3
SIM4
1
21
22
SIM5
SIM1
SIM2
SIM3
SIM4
1
21
22
SIM5
SIM1
SIM2
SIM3
SIM4
1
21
22
SIM5
SIM1
SIM2
SIM3
SIM4
1
21
22
SIM5
SIM1
SIM2
SIM3
SIM4
1
21
22
SIM5
SIM1
SIM2
SIM3
SIM4
1
21
22
SIM5
SIM1
SIM2
SIM3
SIM4
1
21
22
SIM5
SIM1
SIM2
SIM3
SIM4
1
21
22
SIM5
SIM1
SIM2
SIM3
SIM4
1
21
22
SIM5
SIM1
SIM2
SIM3
SIM4
1
21
22
SIM5
SIM1
SIM2
SIM3
SIM4
1
21
22
SIM5
SIM1
SIM2
SIM3
SIM4
1
21
22
SIM5
SIM1
SIM2
SIM3
SIM4
1
21
22
SIM5
SIM1
SIM2
SIM3
SIM4
1
21
22
SIM5
SIM1
SIM2
SIM3
SIM4
1
21
22
SIM5
SIM1
SIM2
SIM3
SIM4
1
21
22
SIM5
SIM1
SIM2
SIM3
SIM4
1
21
22
SIM5
SIM1
SIM2
SIM3
SIM4
1
21
22
SIM5
SIM1
SIM2
SIM3
SIM4
1
21
22
SIM5
SIM1
SIM2
SIM3
SIM4
1
21
22
SIM5
SIM1
SIM2
SIM3
SIM4
1
21
22
SIM5
SIM1
SIM2
SIM3
SIM4
1
21
22
SIM5
SIM1
SIM2
SIM3
SIM4
1
21
22
SIM5
SIM1
SIM2
SIM3
SIM4
1
21
22
SIM5
SIM1
SIM2
SIM3
SIM4
1
21
22
SIM5
SIM1
SIM2
SIM3
SIM4
1
21
22
SIM5
SIM1
SIM2
SIM3
SIM4
1
21
22
SIM5
SIM1
SIM2
SIM3
SIM4
1
21
22
SIM5
SIM1
SIM2
SIM3
SIM4
1
21
22
SIM5
SIM1
SIM2
SIM3
SIM4
1
21
22
SIM5
SIM1
SIM2
SIM3
SIM4
1
21
22
SIM5
SIM1
SIM2
SIM3
SIM4
1
21
22
SIM5
SIM1
SIM2
SIM3
SIM4
1
21
22
SIM5
SIM1
SIM2
SIM3
SIM4
1
21
22
SIM5
SIM1
SIM2
SIM3
SIM4
1
21
22
SIM5
SIM1
SIM2
SIM3
SIM4
1
21
22
SIM5
SIM1
SIM2
SIM3
SIM4
1
21
22
SIM5
SIM1
SIM2
SIM3
SIM4
1
21
22
SIM5
SIM1
SIM2
SIM3
SIM4
1
21
22
SIM5
SIM1
SIM2
SIM3
SIM4
1
21
22
SIM5
SIM1
SIM2
SIM3
SIM4
1
21
22
SIM5
SIM1
SIM2
SIM3
SIM4
1
21
22
SIM5
SIM1
SIM2
SIM3
SIM4
1
21
22
SIM5
SIM1
SIM2
SIM3
SIM4
1
21
22
SIM5
SIM1
SIM2
SIM3
SIM4
1
21
22
SIM5
SIM1
SIM2
SIM3
SIM4
1
21
22
SIM5
SIM1
SIM2
SIM3
SIM4
1
21
22
SIM5
SIM1
SIM2
SIM3
SIM4
1
21
22
SIM5
SIM1
SIM2
SIM3
SIM4
1
21
22
SIM5
SIM1
SIM2
SIM3
SIM4
1
21
22
SIM5
SIM1
SIM2
SIM3
SIM4
1
21
22
SIM5
SIM1
SIM2
SIM3
SIM4
1
21
22
SIM5
SIM1
SIM2
SIM3
SIM4
1
21
22
SIM5
SIM1
SIM2
SIM3
SIM4
1
21
22
SIM5
SIM1
SIM2
SIM3
SIM4
1
21
22
SIM5
SIM1
SIM2
SIM3
SIM4
1
21
22
SIM5
SIM1
SIM2
SIM3
SIM4
1
21
22
SIM5
SIM1
SIM2
SIM3
SIM4
1
21
22
SIM5
SIM1
SIM2
SIM3
SIM4
1
21
22
SIM5
SIM1
SIM2
SIM3
SIM4
1
21
22
SIM5
SIM1
SIM2
SIM3
SIM4
1
21
22
SIM5
SIM1
SIM2
SIM3
SIM4
1
21
22
SIM5
SIM1
SIM2
SIM3
SIM4
1
21
22
SIM5
SIM1
SIM2
SIM3
SIM4
1
21
22
SIM5
SIM1
SIM2
SIM3
SIM4
1
21
22
SIM5
SIM1
SIM2
SIM3
SIM4
1
21
22
SIM5
SIM1
SIM2
SIM3
SIM4
1
21
22
SIM5
SIM1
SIM2
SIM3
SIM4
1
21
22
SIM5
SIM1
SIM2
SIM3
SIM4
1
21
22
SIM5
SIM1
SIM2
SIM3
SIM4
1
21
22
SIM5
SIM1
SIM2
SIM3
SIM4
1
21
22
SIM5
SIM1
SIM2
DEBUG 1 189
SIM1
SIM2
SIM3
SIM4
1
21
22
SIM5
SIM1
SIM2
SIM3
SIM4
1
21
22
SIM5
SIM1
SIM2
SIM3
SIM4
1
21
22
SIM5
SIM1
SIM2
SIM3
SIM4
1
21
22
SIM5
SIM1
SIM2
SIM3
SIM4
1
21
22
SIM5
SIM1
SIM2
SIM3
SIM4
1
21
22
SIM5
SIM1
SIM2
SIM3
SIM4
1
21
22
SIM5
SIM1
SIM2
SIM3
SIM4
1
21
22
SIM5
SIM1
SIM2
SIM3
SIM4
1
21
22
SIM5
SIM1
SIM2
SIM3
SIM4
1
21
22
SIM5
SIM1
SIM2
SIM3
SIM4
1
21
22
SIM5
SIM1
SIM2
SIM3
SIM4
1
21
22
SIM5
SIM1
SIM2
SIM3
SIM4
1
21
22
SIM5
SIM1
SIM2
SIM3
SIM4
1
21
22
SIM5
SIM1
SIM2
SIM3
SIM4
1
21
22
SIM5
SIM1
SIM2
SIM3
SIM4
1
21
22
SIM5
SIM1
SIM2
SIM3
SIM4
1
21
22
SIM5
SIM1
SIM2
SIM3
SIM4
1
21
22
SIM5
SIM1
SIM2
SIM3
SIM4
1
21
22
SIM5
SIM1
SIM2
SIM3
SIM4
1
21
22
SIM5
SIM1
SIM2
SIM3
SIM4
1
21
22
SIM5
SIM1
SIM2
SIM3
SIM4
1
21
22
SIM5
SIM1
SIM2
SIM3
SIM4
1
21
22
SIM5
SIM1
SIM2
SIM3
SIM4
1
21
22
SIM5
SIM1
SIM2
SIM3
SIM4
1
21
22
SIM5
SIM1
SIM2
SIM3
SIM4
1
21
22
SIM5
SIM1
SIM2
SIM3
SIM4
1
21
22
SIM5
SIM1
SIM2
SIM3
SIM4
1
21
22
SIM5
SIM1
SIM2
SIM3
SIM4
1
21
22
SIM5
SIM1
SIM2
SIM3
SIM4
1
21
22
SIM5
SIM1
SIM2
SIM3
SIM4
1
21
22
SIM5
SIM1
SIM2
SIM3
SIM4
1
21
22
SIM5
SIM1
SIM2
SIM3
SIM4
1
21
22
SIM5
SIM1
SIM2
SIM3
SIM4
1
21
22
SIM5
SIM1
SIM2
SIM3
SIM4
1
21
22
SIM5
SIM1
SIM2
SIM3
SIM4
1
21
22
SIM5
SIM1
SIM2
SIM3
SIM4
1
21
22
SIM5
SIM1
SIM2
SIM3
SIM4
1
21
22
SIM5
SIM1
SIM2
SIM3
SIM4
1
21
22
SIM5
SIM1
SIM2
SIM3
SIM4
1
21
22
SIM5
SIM1
SIM2
SIM3
SIM4
1
21
22
SIM5
SIM1
SIM2
SIM3
SIM4
1
21
22
SIM5
SIM1
SIM2
SIM3
SIM4
1
21
22
SIM5
SIM1
SIM2
SIM3
SIM4
1
21
22
SIM5
SIM1
SIM2
SIM3
SIM4
1
21
22
SIM5
SIM1
SIM2
SIM3
SIM4
1
21
22
SIM5
SIM1
SIM2
SIM3
SIM4
1
21
22
SIM5
SIM1
SIM2
SIM3
SIM4
1
21
22
SIM5
SIM1
SIM2
SIM3
SIM4
1
21
22
SIM5
SIM1
SIM2
SIM3
SIM4
1
21
22
SIM5
SIM1
SIM2
SIM3
SIM4
1
21
22
SIM5
SIM1
SIM2
SIM3
SIM4
1
21
22
SIM5
SIM1
SIM2
SIM3
SIM4
1
21
22
SIM5
SIM1
SIM2
SIM3
SIM4
1
21
22
SIM5
SIM1
SIM2
SIM3
SIM4
1
21
22
SIM5
SIM1
SIM2
SIM3
SIM4
1
21
22
SIM5
SIM1
SIM2
SIM3
SIM4
1
21
22
SIM5
SIM1
SIM2
SIM3
SIM4
1
21
22
SIM5
SIM1
SIM2
SIM3
SIM4
1
21
22
SIM5
SIM1
SIM2
SIM3
SIM4
1
21
22
SIM5
SIM1
SIM2
SIM3
SIM4
1
21
22
SIM5
SIM1
SIM2
SIM3
SIM4
1
21
22
SIM5
SIM1
SIM2
SIM3
SIM4
1
21
22
SIM5
SIM1
SIM2
SIM3
SIM4
1
21
22
SIM5
SIM1
SIM2
SIM3
SIM4
1
21
22
SIM5
SIM1
SIM2
SIM3
SIM4
1
21
22
SIM5
SIM1
SIM2
SIM3
SIM4
1
21
22
SIM5
SIM1
SIM2
SIM3
SIM4
1
21
22
SIM5
SIM1
SIM2
SIM3
SIM4
1
21
22
SIM5
SIM1
SIM2
SIM3
SIM4
1
21
22
SIM5
SIM1
SIM2
SIM3
SIM4
1
21
22
SIM5
SIM1
SIM2
SIM3
SIM4
1
21
22
SIM5
SIM1
SIM2
SIM3
SIM4
1
21
22
SIM5
SIM1
SIM2
SIM3
SIM4
1
21
22
SIM5
SIM1
SIM2
SIM3
SIM4
1
21
22
SIM5
SIM1
SIM2
SIM3
SIM4
1
21
22
SIM5
SIM1
SIM2
SIM3
SIM4
1
21
22
SIM5
SIM1
SIM2
SIM3
SIM4
1
21
22
SIM5
SIM1
SIM2
SIM3
SIM4
1
21
22
SIM5
SIM1
SIM2
SIM3
SIM4
1
21
22
SIM5
SIM1
SIM2
SIM3
SIM4
1
21
22
SIM5
SIM1
SIM2
SIM3
SIM4
1
21
22
SIM5
SIM1
SIM2
SIM3
SIM4
1
21
22
SIM5
SIM1
SIM2
SIM3
SIM4
1
21
22
SIM5
SIM1
SIM2
SIM3
SIM4
1
21
22
SIM5
SIM1
SIM2
SIM3
SIM4
1
21
22
SIM5
SIM1
SIM2
SIM3
SIM4
1
21
22
SIM5
SIM1
SIM2
SIM3
SIM4
1
21
22
SIM5
SIM1
SIM2
SIM3
SIM4
1
21
22
SIM5
SIM1
SIM2
SIM3
SIM4
1
21
22
SIM5
SIM1
SIM2
SIM3
SIM4
1
21
22
SIM5
SIM1
SIM2
SIM3
SIM4
1
21
22
SIM5
SIM1
SIM2
SIM3
SIM4
1
21
22
SIM5
SIM1
SIM2
SIM3
SIM4
1
21
22
SIM5
SIM1
SIM2
SIM3
SIM4
1
21
22
SIM5
SIM1
SIM2
SIM3
SIM4
1
21
22
SIM5
SIM1
SIM2
SIM3
SIM4
1
21
22
SIM5
SIM1
SIM2
SIM3
SIM4
1
21
22
SIM5
SIM1
SIM2
SIM3
SIM4
1
21
22
SIM5
SIM1
SIM2
SIM3
SIM4
1
21
22
SIM5
SIM1
SIM2
SIM3
SIM4
1
21
22
SIM5
SIM1
SIM2
SIM3
SIM4
1
21
22
SIM5
SIM1
SIM2
SIM3
SIM4
1
21
22
SIM5
SIM1
SIM2
SIM3
SIM4
1
21
22
SIM5
SIM1
SIM2
SIM3
SIM4
1
21
22
SIM5
SIM1
SIM2
SIM3
SIM4
1
21
22
SIM5
SIM1
SIM2
SIM3
SIM4
1
21
22
SIM5
SIM1
SIM2
SIM3
SIM4
1
21
22
SIM5
SIM1
SIM2
SIM3
SIM4
1
21
22
SIM5
SIM1
SIM2
SIM3
SIM4
1
21
22
SIM5
SIM1
SIM2
SIM3
SIM4
1
21
22
SIM5
SIM1
SIM2
SIM3
SIM4
1
21
22
SIM5
SIM1
SIM2
SIM3
SIM4
1
21
22
SIM5
SIM1
SIM2
SIM3
SIM4
1
21
22
SIM5
SIM1
SIM2
SIM3
SIM4
1
21
22
SIM5
SIM1
SIM2
SIM3
SIM4
1
21
22
SIM5
SIM1
SIM2
SIM3
SIM4
1
21
22
SIM5
SIM1
SIM2
SIM3
SIM4
1
21
22
SIM5
SIM1
SIM2
SIM3
SIM4
1
21
22
SIM5
SIM1
SIM2
SIM3
SIM4
1
21
22
SIM5
SIM1
SIM2
SIM3
SIM4
1
21
22
SIM5
SIM1
SIM2
SIM3
SIM4
1
21
22
SIM5
SIM1
SIM2
SIM3
SIM4
1
21
22
SIM5
SIM1
SIM2
SIM3
SIM4
1
21
22
SIM5
SIM1
SIM2
SIM3
SIM4
1
21
22
SIM5
SIM1
SIM2
SIM3
SIM4
1
21
22
SIM5
SIM1
SIM2
SIM3
SIM4
1
21
22
SIM5
SIM1
SIM2
SIM3
SIM4
1
21
22
SIM5
SIM1
SIM2
SIM3
SIM4
1
21
22
SIM5
SIM1
SIM2
SIM3
SIM4
1
21
22
SIM5
SIM1
SIM2
SIM3
SIM4
1
21
22
SIM5
SIM1
SIM2
SIM3
SIM4
1
21
22
SIM5
SIM1
SIM2
SIM3
SIM4
1
21
22
SIM5
SIM1
SIM2
SIM3
SIM4
1
21
22
SIM5
SIM1
SIM2
SIM3
SIM4
1
21
22
SIM5
SIM1
SIM2
SIM3
SIM4
1
21
22
SIM5
SIM1
SIM2
SIM3
SIM4
1
21
22
SIM5
SIM1
SIM2
SIM3
SIM4
1
21
22
SIM5
SIM1
SIM2
SIM3
SIM4
1
21
22
SIM5
SIM1
SIM2
SIM3
SIM4
1
21
22
SIM5
SIM1
SIM2
SIM3
SIM4
1
21
22
SIM5
SIM1
SIM2
SIM3
SIM4
1
21
22
SIM5
SIM1
SIM2
SIM3
SIM4
1
21
22
SIM5
SIM1
SIM2
SIM3
SIM4
1
21
22
SIM5
SIM1
SIM2
SIM3
SIM4
1
21
22
SIM5
SIM1
SIM2
SIM3
SIM4
1
21
22
SIM5
SIM1
SIM2
SIM3
SIM4
1
21
22
SIM5
SIM1
SIM2
SIM3
SIM4
1
21
22
SIM5
SIM1
SIM2
SIM3
SIM4
1
21
22
SIM5
SIM1
SIM2
SIM3
SIM4
1
21
22
SIM5
SIM1
SIM2
SIM3
SIM4
1
21
22
SIM5
SIM1
SIM2
SIM3
SIM4
1
21
22
SIM5
SIM1
SIM2
SIM3
SIM4
1
21
22
SIM5
SIM1
SIM2
SIM3
SIM4
1
21
22
SIM5
SIM1
SIM2
SIM3
SIM4
1
21
22
SIM5
SIM1
SIM2
SIM3
SIM4
1
21
22
SIM5
SIM1
SIM2
SIM3
SIM4
1
21
22
SIM5
SIM1
SIM2
SIM3
SIM4
1
21
22
SIM5
SIM1
SIM2
SIM3
SIM4
1
21
22
SIM5
SIM1
SIM2
SIM3
SIM4
1
21
22
SIM5
SIM1
SIM2
SIM3
SIM4
1
21
22
SIM5
SIM1
SIM2
SIM3
SIM4
1
21
22
SIM5
SIM1
SIM2
SIM3
SIM4
1
21
22
SIM5
SIM1
SIM2
SIM3
SIM4
1
21
22
SIM5
SIM1
SIM2
SIM3
SIM4
1
21
22
SIM5
SIM1
SIM2
SIM3
SIM4
1
21
22
SIM5
SIM1
SIM2
SIM3
SIM4
1
21
22
SIM5
SIM1
SIM2
SIM3
SIM4
1
21
22
SIM5
SIM1
SIM2
SIM3
SIM4
1
21
22
SIM5
SIM1
SIM2
SIM3
SIM4
1
21
22
SIM5
SIM1
SIM2
SIM3
SIM4
1
21
22
SIM5
SIM1
SIM2
SIM3
SIM4
1
21
22
SIM5
SIM1
SIM2
SIM3
SIM4
1
21
22
SIM5
SIM1
SIM2
SIM3
SIM4
1
21
22
SIM5
SIM1
SIM2
SIM3
SIM4
1
21
22
SIM5
SIM1
SIM2
SIM3
SIM4
1
21
22
SIM5
SIM1
SIM2
SIM3
SIM4
1
21
22
SIM5
SIM1
SIM2
SIM3
SIM4
1
21
22
SIM5
SIM1
SIM2
SIM3
SIM4
1
21
22
SIM5
SIM1
SIM2
DEBUG 1 190
SIM1
SIM2
SIM3
SIM4
1
21
22
SIM5
SIM1
SIM2
SIM3
SIM4
1
21
22
SIM5
SIM1
SIM2
SIM3
SIM4
1
21
22
SIM5
SIM1
SIM2
SIM3
SIM4
1
21
22
SIM5
SIM1
SIM2
SIM3
SIM4
1
21
22
SIM5
SIM1
SIM2
SIM3
SIM4
1
21
22
SIM5
SIM1
SIM2
SIM3
SIM4
1
21
22
SIM5
SIM1
SIM2
SIM3
SIM4
1
21
22
SIM5
SIM1
SIM2
SIM3
SIM4
1
21
22
SIM5
SIM1
SIM2
SIM3
SIM4
1
21
22
SIM5
SIM1
SIM2
SIM3
SIM4
1
21
22
SIM5
SIM1
SIM2
SIM3
SIM4
1
21
22
SIM5
SIM1
SIM2
SIM3
SIM4
1
21
22
SIM5
SIM1
SIM2
SIM3
SIM4
1
21
22
SIM5
SIM1
SIM2
SIM3
SIM4
1
21
22
SIM5
SIM1
SIM2
SIM3
SIM4
1
21
22
SIM5
SIM1
SIM2
SIM3
SIM4
1
21
22
SIM5
SIM1
SIM2
SIM3
SIM4
1
21
22
SIM5
SIM1
SIM2
SIM3
SIM4
1
21
22
SIM5
SIM1
SIM2
SIM3
SIM4
1
21
22
SIM5
SIM1
SIM2
SIM3
SIM4
1
21
22
SIM5
SIM1
SIM2
SIM3
SIM4
1
21
22
SIM5
SIM1
SIM2
SIM3
SIM4
1
21
22
SIM5
SIM1
SIM2
SIM3
SIM4
1
21
22
SIM5
SIM1
SIM2
SIM3
SIM4
1
21
22
SIM5
SIM1
SIM2
SIM3
SIM4
1
21
22
SIM5
SIM1
SIM2
SIM3
SIM4
1
21
22
SIM5
SIM1
SIM2
SIM3
SIM4
1
21
22
SIM5
SIM1
SIM2
SIM3
SIM4
1
21
22
SIM5
SIM1
SIM2
SIM3
SIM4
1
21
22
SIM5
SIM1
SIM2
SIM3
SIM4
1
21
22
SIM5
SIM1
SIM2
SIM3
SIM4
1
21
22
SIM5
SIM1
SIM2
SIM3
SIM4
1
21
22
SIM5
SIM1
SIM2
SIM3
SIM4
1
21
22
SIM5
SIM1
SIM2
SIM3
SIM4
1
21
22
SIM5
SIM1
SIM2
SIM3
SIM4
1
21
22
SIM5
SIM1
SIM2
SIM3
SIM4
1
21
22
SIM5
SIM1
SIM2
SIM3
SIM4
1
21
22
SIM5
SIM1
SIM2
SIM3
SIM4
1
21
22
SIM5
SIM1
SIM2
SIM3
SIM4
1
21
22
SIM5
SIM1
SIM2
SIM3
SIM4
1
21
22
SIM5
SIM1
SIM2
SIM3
SIM4
1
21
22
SIM5
SIM1
SIM2
SIM3
SIM4
1
21
22
SIM5
SIM1
SIM2
SIM3
SIM4
1
21
22
SIM5
SIM1
SIM2
SIM3
SIM4
1
21
22
SIM5
SIM1
SIM2
SIM3
SIM4
1
21
22
SIM5
SIM1
SIM2
SIM3
SIM4
1
21
22
SIM5
SIM1
SIM2
SIM3
SIM4
1
21
22
SIM5
SIM1
SIM2
SIM3
SIM4
1
21
22
SIM5
SIM1
SIM2
SIM3
SIM4
1
21
22
SIM5
SIM1
SIM2
SIM3
SIM4
1
21
22
SIM5
SIM1
SIM2
SIM3
SIM4
1
21
22
SIM5
SIM1
SIM2
SIM3
SIM4
1
21
22
SIM5
SIM1
SIM2
SIM3
SIM4
1
21
22
SIM5
SIM1
SIM2
SIM3
SIM4
1
21
22
SIM5
SIM1
SIM2
SIM3
SIM4
1
21
22
SIM5
SIM1
SIM2
SIM3
SIM4
1
21
22
SIM5
SIM1
SIM2
SIM3
SIM4
1
21
22
SIM5
SIM1
SIM2
SIM3
SIM4
1
21
22
SIM5
SIM1
SIM2
SIM3
SIM4
1
21
22
SIM5
SIM1
SIM2
SIM3
SIM4
1
21
22
SIM5
SIM1
SIM2
SIM3
SIM4
1
21
22
SIM5
SIM1
SIM2
SIM3
SIM4
1
21
22
SIM5
SIM1
SIM2
SIM3
SIM4
1
21
22
SIM5
SIM1
SIM2
SIM3
SIM4
1
21
22
SIM5
SIM1
SIM2
SIM3
SIM4
1
21
22
SIM5
SIM1
SIM2
SIM3
SIM4
1
21
22
SIM5
SIM1
SIM2
SIM3
SIM4
1
21
22
SIM5
SIM1
SIM2
SIM3
SIM4
1
21
22
SIM5
SIM1
SIM2
SIM3
SIM4
1
21
22
SIM5
SIM1
SIM2
SIM3
SIM4
1
21
22
SIM5
SIM1
SIM2
SIM3
SIM4
1
21
22
SIM5
SIM1
SIM2
SIM3
SIM4
1
21
22
SIM5
SIM1
SIM2
SIM3
SIM4
1
21
22
SIM5
SIM1
SIM2
SIM3
SIM4
1
21
22
SIM5
SIM1
SIM2
SIM3
SIM4
1
21
22
SIM5
SIM1
SIM2
SIM3
SIM4
1
21
22
SIM5
SIM1
SIM2
SIM3
SIM4
1
21
22
SIM5
SIM1
SIM2
SIM3
SIM4
1
21
22
SIM5
SIM1
SIM2
SIM3
SIM4
1
21
22
SIM5
SIM1
SIM2
SIM3
SIM4
1
21
22
SIM5
SIM1
SIM2
SIM3
SIM4
1
21
22
SIM5
SIM1
SIM2
SIM3
SIM4
1
21
22
SIM5
SIM1
SIM2
SIM3
SIM4
1
21
22
SIM5
SIM1
SIM2
SIM3
SIM4
1
21
22
SIM5
SIM1
SIM2
SIM3
SIM4
1
21
22
SIM5
SIM1
SIM2
SIM3
SIM4
1
21
22
SIM5
SIM1
SIM2
SIM3
SIM4
1
21
22
SIM5
SIM1
SIM2
SIM3
SIM4
1
21
22
SIM5
SIM1
SIM2
SIM3
SIM4
1
21
22
SIM5
SIM1
SIM2
SIM3
SIM4
1
21
22
SIM5
SIM1
SIM2
SIM3
SIM4
1
21
22
SIM5
SIM1
SIM2
SIM3
SIM4
1
21
22
SIM5
SIM1
SIM2
SIM3
SIM4
1
21
22
SIM5
SIM1
SIM2
SIM3
SIM4
1
21
22
SIM5
SIM1
SIM2
SIM3
SIM4
1
21
22
SIM5
SIM1
SIM2
SIM3
SIM4
1
21
22
SIM5
SIM1
SIM2
SIM3
SIM4
1
21
22
SIM5
SIM1
SIM2
SIM3
SIM4
1
21
22
SIM5
SIM1
SIM2
SIM3
SIM4
1
21
22
SIM5
SIM1
SIM2
SIM3
SIM4
1
21
22
SIM5
SIM1
SIM2
SIM3
SIM4
1
21
22
SIM5
SIM1
SIM2
SIM3
SIM4
1
21
22
SIM5
SIM1
SIM2
SIM3
SIM4
1
21
22
SIM5
SIM1
SIM2
SIM3
SIM4
1
21
22
SIM5
SIM1
SIM2
SIM3
SIM4
1
21
22
SIM5
SIM1
SIM2
SIM3
SIM4
1
21
22
SIM5
SIM1
SIM2
SIM3
SIM4
1
21
22
SIM5
SIM1
SIM2
SIM3
SIM4
1
21
22
SIM5
SIM1
SIM2
SIM3
SIM4
1
21
22
SIM5
SIM1
SIM2
SIM3
SIM4
1
21
22
SIM5
SIM1
SIM2
SIM3
SIM4
1
21
22
SIM5
SIM1
SIM2
SIM3
SIM4
1
21
22
SIM5
SIM1
SIM2
SIM3
SIM4
1
21
22
SIM5
SIM1
SIM2
SIM3
SIM4
1
21
22
SIM5
SIM1
SIM2
SIM3
SIM4
1
21
22
SIM5
SIM1
SIM2
SIM3
SIM4
1
21
22
SIM5
SIM1
SIM2
SIM3
SIM4
1
21
22
SIM5
SIM1
SIM2
SIM3
SIM4
1
21
22
SIM5
SIM1
SIM2
SIM3
SIM4
1
21
22
SIM5
SIM1
SIM2
SIM3
SIM4
1
21
22
SIM5
SIM1
SIM2
SIM3
SIM4
1
21
22
SIM5
SIM1
SIM2
SIM3
SIM4
1
21
22
SIM5
SIM1
SIM2
SIM3
SIM4
1
21
22
SIM5
SIM1
SIM2
SIM3
SIM4
1
21
22
SIM5
SIM1
SIM2
SIM3
SIM4
1
21
22
SIM5
SIM1
SIM2
SIM3
SIM4
1
21
22
SIM5
SIM1
SIM2
SIM3
SIM4
1
21
22
SIM5
SIM1
SIM2
SIM3
SIM4
1
21
22
SIM5
SIM1
SIM2
SIM3
SIM4
1
21
22
SIM5
SIM1
SIM2
SIM3
SIM4
1
21
22
SIM5
SIM1
SIM2
DEBUG 1 191
SIM1
SIM2
SIM3
SIM4
1
21
22
SIM5
SIM1
SIM2
SIM3
SIM4
1
21
22
SIM5
SIM1
SIM2
SIM3
SIM4
1
21
22
SIM5
SIM1
SIM2
SIM3
SIM4
1
21
22
SIM5
SIM1
SIM2
SIM3
SIM4
1
21
22
SIM5
SIM1
SIM2
SIM3
SIM4
1
21
22
SIM5
SIM1
SIM2
SIM3
SIM4
1
21
22
SIM5
SIM1
SIM2
SIM3
SIM4
1
21
22
SIM5
SIM1
SIM2
SIM3
SIM4
1
21
22
SIM5
SIM1
SIM2
SIM3
SIM4
1
21
22
SIM5
SIM1
SIM2
SIM3
SIM4
1
21
22
SIM5
SIM1
SIM2
SIM3
SIM4
1
21
22
SIM5
SIM1
SIM2
SIM3
SIM4
1
21
22
SIM5
SIM1
SIM2
SIM3
SIM4
1
21
22
SIM5
SIM1
SIM2
SIM3
SIM4
1
21
22
SIM5
SIM1
SIM2
SIM3
SIM4
1
21
22
SIM5
SIM1
SIM2
SIM3
SIM4
1
21
22
SIM5
SIM1
SIM2
SIM3
SIM4
1
21
22
SIM5
SIM1
SIM2
SIM3
SIM4
1
21
22
SIM5
SIM1
SIM2
SIM3
SIM4
1
21
22
SIM5
SIM1
SIM2
SIM3
SIM4
1
21
22
SIM5
SIM1
SIM2
SIM3
SIM4
1
21
22
SIM5
SIM1
SIM2
SIM3
SIM4
1
21
22
SIM5
SIM1
SIM2
SIM3
SIM4
1
21
22
SIM5
SIM1
SIM2
SIM3
SIM4
1
21
22
SIM5
SIM1
SIM2
SIM3
SIM4
1
21
22
SIM5
SIM1
SIM2
SIM3
SIM4
1
21
22
SIM5
SIM1
SIM2
SIM3
SIM4
1
21
22
SIM5
SIM1
SIM2
SIM3
SIM4
1
21
22
SIM5
SIM1
SIM2
SIM3
SIM4
1
21
22
SIM5
SIM1
SIM2
SIM3
SIM4
1
21
22
SIM5
SIM1
SIM2
SIM3
SIM4
1
21
22
SIM5
SIM1
SIM2
SIM3
SIM4
1
21
22
SIM5
SIM1
SIM2
SIM3
SIM4
1
21
22
SIM5
SIM1
SIM2
SIM3
SIM4
1
21
22
SIM5
SIM1
SIM2
SIM3
SIM4
1
21
22
SIM5
SIM1
SIM2
SIM3
SIM4
1
21
22
SIM5
SIM1
SIM2
SIM3
SIM4
1
21
22
SIM5
SIM1
SIM2
SIM3
SIM4
1
21
22
SIM5
SIM1
SIM2
SIM3
SIM4
1
21
22
SIM5
SIM1
SIM2
SIM3
SIM4
1
21
22
SIM5
SIM1
SIM2
SIM3
SIM4
1
21
22
SIM5
SIM1
SIM2
SIM3
SIM4
1
21
22
SIM5
SIM1
SIM2
SIM3
SIM4
1
21
22
SIM5
SIM1
SIM2
SIM3
SIM4
1
21
22
SIM5
SIM1
SIM2
SIM3
SIM4
1
21
22
SIM5
SIM1
SIM2
SIM3
SIM4
1
21
22
SIM5
SIM1
SIM2
SIM3
SIM4
1
21
22
SIM5
SIM1
SIM2
SIM3
SIM4
1
21
22
SIM5
SIM1
SIM2
SIM3
SIM4
1
21
22
SIM5
SIM1
SIM2
SIM3
SIM4
1
21
22
SIM5
SIM1
SIM2
SIM3
SIM4
1
21
22
SIM5
SIM1
SIM2
SIM3
SIM4
1
21
22
SIM5
SIM1
SIM2
SIM3
SIM4
1
21
22
SIM5
SIM1
SIM2
SIM3
SIM4
1
21
22
SIM5
SIM1
SIM2
SIM3
SIM4
1
21
22
SIM5
SIM1
SIM2
SIM3
SIM4
1
21
22
SIM5
SIM1
SIM2
SIM3
SIM4
1
21
22
SIM5
SIM1
SIM2
SIM3
SIM4
1
21
22
SIM5
SIM1
SIM2
SIM3
SIM4
1
21
22
SIM5
SIM1
SIM2
SIM3
SIM4
1
21
22
SIM5
SIM1
SIM2
SIM3
SIM4
1
21
22
SIM5
SIM1
SIM2
SIM3
SIM4
1
21
22
SIM5
SIM1
SIM2
SIM3
SIM4
1
21
22
SIM5
SIM1
SIM2
SIM3
SIM4
1
21
22
SIM5
SIM1
SIM2
SIM3
SIM4
1
21
22
SIM5
SIM1
SIM2
SIM3
SIM4
1
21
22
SIM5
SIM1
SIM2
SIM3
SIM4
1
21
22
SIM5
SIM1
SIM2
SIM3
SIM4
1
21
22
SIM5
SIM1
SIM2
SIM3
SIM4
1
21
22
SIM5
SIM1
SIM2
SIM3
SIM4
1
21
22
SIM5
SIM1
SIM2
SIM3
SIM4
1
21
22
SIM5
SIM1
SIM2
SIM3
SIM4
1
21
22
SIM5
SIM1
SIM2
SIM3
SIM4
1
21
22
SIM5
SIM1
SIM2
SIM3
SIM4
1
21
22
SIM5
SIM1
SIM2
SIM3
SIM4
1
21
22
SIM5
SIM1
SIM2
SIM3
SIM4
1
21
22
SIM5
SIM1
SIM2
SIM3
SIM4
1
21
22
SIM5
SIM1
SIM2
SIM3
SIM4
1
21
22
SIM5
SIM1
SIM2
SIM3
SIM4
1
21
22
SIM5
SIM1
SIM2
SIM3
SIM4
1
21
22
SIM5
SIM1
SIM2
SIM3
SIM4
1
21
22
SIM5
SIM1
SIM2
SIM3
SIM4
1
21
22
SIM5
SIM1
SIM2
SIM3
SIM4
1
21
22
SIM5
SIM1
SIM2
SIM3
SIM4
1
21
22
SIM5
SIM1
SIM2
SIM3
SIM4
1
21
22
SIM5
SIM1
SIM2
SIM3
SIM4
1
21
22
SIM5
SIM1
SIM2
SIM3
SIM4
1
21
22
SIM5
SIM1
SIM2
SIM3
SIM4
1
21
22
SIM5
SIM1
SIM2
SIM3
SIM4
1
21
22
SIM5
SIM1
SIM2
SIM3
SIM4
1
21
22
SIM5
SIM1
SIM2
SIM3
SIM4
1
21
22
SIM5
SIM1
SIM2
SIM3
SIM4
1
21
22
SIM5
SIM1
SIM2
SIM3
SIM4
1
21
22
SIM5
SIM1
SIM2
SIM3
SIM4
1
21
22
SIM5
SIM1
SIM2
SIM3
SIM4
1
21
22
SIM5
SIM1
SIM2
SIM3
SIM4
1
21
22
SIM5
SIM1
SIM2
SIM3
SIM4
1
21
22
SIM5
SIM1
SIM2
SIM3
SIM4
1
21
22
SIM5
SIM1
SIM2
SIM3
SIM4
1
21
22
SIM5
SIM1
SIM2
SIM3
SIM4
1
21
22
SIM5
SIM1
SIM2
SIM3
SIM4
1
21
22
SIM5
SIM1
SIM2
SIM3
SIM4
1
21
22
SIM5
SIM1
SIM2
SIM3
SIM4
1
21
22
SIM5
SIM1
SIM2
SIM3
SIM4
1
21
22
SIM5
SIM1
SIM2
SIM3
SIM4
1
21
22
SIM5
SIM1
SIM2
SIM3
SIM4
1
21
22
SIM5
SIM1
SIM2
SIM3
SIM4
1
21
22
SIM5
SIM1
SIM2
SIM3
SIM4
1
21
22
SIM5
SIM1
SIM2
SIM3
SIM4
1
21
22
SIM5
SIM1
SIM2
SIM3
SIM4
1
21
22
SIM5
SIM1
SIM2
SIM3
SIM4
1
21
22
SIM5
SIM1
SIM2
SIM3
SIM4
1
21
22
SIM5
SIM1
SIM2
SIM3
SIM4
1
21
22
SIM5
SIM1
SIM2
SIM3
SIM4
1
21
22
SIM5
SIM1
SIM2
SIM3
SIM4
1
21
22
SIM5
SIM1
SIM2
SIM3
SIM4
1
21
22
SIM5
SIM1
SIM2
SIM3
SIM4
1
21
22
SIM5
SIM1
SIM2
SIM3
SIM4
1
21
22
SIM5
SIM1
SIM2
SIM3
SIM4
1
21
22
SIM5
SIM1
SIM2
SIM3
SIM4
1
21
22
SIM5
SIM1
SIM2
SIM3
SIM4
1
21
22
SIM5
SIM1
SIM2
SIM3
SIM4
1
21
22
SIM5
SIM1
SIM2
SIM3
SIM4
1
21
22
SIM5
SIM1
SIM2
SIM3
SIM4
1
21
22
SIM5
SIM1
SIM2
SIM3
SIM4
1
21
22
SIM5
SIM1
SIM2
SIM3
SIM4
1
21
22
SIM5
SIM1
SIM2
SIM3
SIM4
1
21
22
SIM5
SIM1
SIM2
SIM3
SIM4
1
21
22
SIM5
SIM1
SIM2
SIM3
SIM4
1
21
22
SIM5
SIM1
SIM2
SIM3
SIM4
1
21
22
SIM5
SIM1
SIM2
SIM3
SIM4
1
21
22
SIM5
SIM1
SIM2
SIM3
SIM4
1
21
22
SIM5
SIM1
SIM2
SIM3
SIM4
1
21
22
SIM5
SIM1
SIM2
SIM3
SIM4
1
21
22
SIM5
SIM1
SIM2
SIM3
SIM4
1
21
22
SIM5
SIM1
SIM2
SIM3
SIM4
1
21
22
SIM5
SIM1
SIM2
SIM3
SIM4
1
21
22
SIM5
SIM1
SIM2
SIM3
SIM4
1
21
22
SIM5
SIM1
SIM2
SIM3
SIM4
1
21
22
SIM5
SIM1
SIM2
SIM3
SIM4
1
21
22
SIM5
SIM1
SIM2
SIM3
SIM4
1
21
22
SIM5
SIM1
SIM2
SIM3
SIM4
1
21
22
SIM5
SIM1
SIM2
SIM3
SIM4
1
21
22
SIM5
SIM1
SIM2
SIM3
SIM4
1
21
22
SIM5
SIM1
SIM2
SIM3
SIM4
1
21
22
SIM5
SIM1
SIM2
SIM3
SIM4
1
21
22
SIM5
SIM1
SIM2
SIM3
SIM4
1
21
22
SIM5
SIM1
SIM2
SIM3
SIM4
1
21
22
SIM5
SIM1
SIM2
SIM3
SIM4
1
21
22
SIM5
SIM1
SIM2
SIM3
SIM4
1
21
22
SIM5
SIM1
SIM2
SIM3
SIM4
1
21
22
SIM5
SIM1
SIM2
SIM3
SIM4
1
21
22
SIM5
SIM1
SIM2
SIM3
SIM4
1
21
22
SIM5
SIM1
SIM2
SIM3
SIM4
1
21
22
SIM5
SIM1
SIM2
SIM3
SIM4
1
21
22
SIM5
SIM1
SIM2
SIM3
SIM4
1
21
22
SIM5
SIM1
SIM2
SIM3
SIM4
1
21
22
SIM5
SIM1
SIM2
SIM3
SIM4
1
21
22
SIM5
SIM1
SIM2
SIM3
SIM4
1
21
22
SIM5
SIM1
SIM2
SIM3
SIM4
1
21
22
SIM5
SIM1
SIM2
SIM3
SIM4
1
21
22
SIM5
SIM1
SIM2
SIM3
SIM4
1
21
22
SIM5
SIM1
SIM2
SIM3
SIM4
1
21
22
SIM5
SIM1
SIM2
SIM3
SIM4
1
21
22
SIM5
SIM1
SIM2
SIM3
SIM4
1
21
22
SIM5
SIM1
SIM2
SIM3
SIM4
1
21
22
SIM5
SIM1
SIM2
SIM3
SIM4
1
21
22
SIM5
SIM1
SIM2
SIM3
SIM4
1
21
22
SIM5
SIM1
SIM2
SIM3
SIM4
1
21
22
SIM5
SIM1
SIM2
SIM3
SIM4
1
21
22
SIM5
SIM1
SIM2
SIM3
SIM4
1
21
22
SIM5
SIM1
SIM2
SIM3
SIM4
1
21
22
SIM5
SIM1
SIM2
SIM3
SIM4
1
21
22
SIM5
SIM1
SIM2
SIM3
SIM4
1
21
22
SIM5
SIM1
SIM2
SIM3
SIM4
1
21
22
SIM5
SIM1
SIM2
SIM3
SIM4
1
21
22
SIM5
SIM1
SIM2
SIM3
SIM4
1
21
22
SIM5
SIM1
SIM2
SIM3
SIM4
1
21
22
SIM5
SIM1
SIM2
SIM3
SIM4
1
21
22
SIM5
SIM1
SIM2
SIM3
SIM4
1
21
22
SIM5
SIM1
SIM2
SIM3
SIM4
1
21
22
SIM5
SIM1
SIM2
SIM3
SIM4
1
21
22
SIM5
SIM1
SIM2
SIM3
SIM4
1
21
22
SIM5
SIM1
SIM2
SIM3
SIM4
1
21
22
SIM5
SIM1
SIM2
SIM3
SIM4
1
21
22
SIM5
SIM1
SIM2
SIM3
SIM4
1
21
22
SIM5
SIM1
SIM2
SIM3
SIM4
1
21
22
SIM5
SIM1
SIM2
SIM3
SIM4
1
21
22
SIM5
SIM1
SIM2
SIM3
SIM4
1
21
22
SIM5
SIM1
SIM2
SIM3
SIM4
1
21
22
SIM5
SIM1
SIM2
SIM3
SIM4
1
21
22
SIM5
SIM1
SIM2
SIM3
SIM4
1
21
22
SIM5
SIM1
SIM2
SIM3
SIM4
1
21
22
SIM5
SIM1
SIM2
SIM3
SIM4
1
21
22
SIM5
SIM1
SIM2
SIM3
SIM4
1
21
22
SIM5
SIM1
SIM2
SIM3
SIM4
1
21
22
SIM5
SIM1
SIM2
SIM3
SIM4
1
21
22
SIM5
SIM1
SIM2
SIM3
SIM4
1
21
22
SIM5
SIM1
SIM2
DEBUG 1 192
SIM1
SIM2
SIM3
SIM4
1
21
22
SIM5
SIM1
SIM2
SIM3
SIM4
1
21
22
SIM5
SIM1
SIM2
SIM3
SIM4
1
21
22
SIM5
SIM1
SIM2
SIM3
SIM4
1
21
22
SIM5
SIM1
SIM2
SIM3
SIM4
1
21
22
SIM5
SIM1
SIM2
SIM3
SIM4
1
21
22
SIM5
SIM1
SIM2
SIM3
SIM4
1
21
22
SIM5
SIM1
SIM2
SIM3
SIM4
1
21
22
SIM5
SIM1
SIM2
SIM3
SIM4
1
21
22
SIM5
SIM1
SIM2
SIM3
SIM4
1
21
22
SIM5
SIM1
SIM2
SIM3
SIM4
1
21
22
SIM5
SIM1
SIM2
SIM3
SIM4
1
21
22
SIM5
SIM1
SIM2
SIM3
SIM4
1
21
22
SIM5
SIM1
SIM2
SIM3
SIM4
1
21
22
SIM5
SIM1
SIM2
SIM3
SIM4
1
21
22
SIM5
SIM1
SIM2
SIM3
SIM4
1
21
22
SIM5
SIM1
SIM2
SIM3
SIM4
1
21
22
SIM5
SIM1
SIM2
SIM3
SIM4
1
21
22
SIM5
SIM1
SIM2
SIM3
SIM4
1
21
22
SIM5
SIM1
SIM2
SIM3
SIM4
1
21
22
SIM5
SIM1
SIM2
SIM3
SIM4
1
21
22
SIM5
SIM1
SIM2
SIM3
SIM4
1
21
22
SIM5
SIM1
SIM2
SIM3
SIM4
1
21
22
SIM5
SIM1
SIM2
SIM3
SIM4
1
21
22
SIM5
SIM1
SIM2
SIM3
SIM4
1
21
22
SIM5
SIM1
SIM2
SIM3
SIM4
1
21
22
SIM5
SIM1
SIM2
SIM3
SIM4
1
21
22
SIM5
SIM1
SIM2
SIM3
SIM4
1
21
22
SIM5
SIM1
SIM2
SIM3
SIM4
1
21
22
SIM5
SIM1
SIM2
SIM3
SIM4
1
21
22
SIM5
SIM1
SIM2
SIM3
SIM4
1
21
22
SIM5
SIM1
SIM2
SIM3
SIM4
1
21
22
SIM5
SIM1
SIM2
SIM3
SIM4
1
21
22
SIM5
SIM1
SIM2
SIM3
SIM4
1
21
22
SIM5
SIM1
SIM2
SIM3
SIM4
1
21
22
SIM5
SIM1
SIM2
SIM3
SIM4
1
21
22
SIM5
SIM1
SIM2
SIM3
SIM4
1
21
22
SIM5
SIM1
SIM2
SIM3
SIM4
1
21
22
SIM5
SIM1
SIM2
SIM3
SIM4
1
21
22
SIM5
SIM1
SIM2
SIM3
SIM4
1
21
22
SIM5
SIM1
SIM2
SIM3
SIM4
1
21
22
SIM5
SIM1
SIM2
SIM3
SIM4
1
21
22
SIM5
SIM1
SIM2
SIM3
SIM4
1
21
22
SIM5
SIM1
SIM2
SIM3
SIM4
1
21
22
SIM5
SIM1
SIM2
SIM3
SIM4
1
21
22
SIM5
SIM1
SIM2
SIM3
SIM4
1
21
22
SIM5
SIM1
SIM2
SIM3
SIM4
1
21
22
SIM5
SIM1
SIM2
SIM3
SIM4
1
21
22
SIM5
SIM1
SIM2
SIM3
SIM4
1
21
22
SIM5
SIM1
SIM2
SIM3
SIM4
1
21
22
SIM5
SIM1
SIM2
SIM3
SIM4
1
21
22
SIM5
SIM1
SIM2
SIM3
SIM4
1
21
22
SIM5
SIM1
SIM2
SIM3
SIM4
1
21
22
SIM5
SIM1
SIM2
SIM3
SIM4
1
21
22
SIM5
SIM1
SIM2
SIM3
SIM4
1
21
22
SIM5
SIM1
SIM2
SIM3
SIM4
1
21
22
SIM5
SIM1
SIM2
SIM3
SIM4
1
21
22
SIM5
SIM1
SIM2
SIM3
SIM4
1
21
22
SIM5
SIM1
SIM2
SIM3
SIM4
1
21
22
SIM5
SIM1
SIM2
SIM3
SIM4
1
21
22
SIM5
SIM1
SIM2
SIM3
SIM4
1
21
22
SIM5
SIM1
SIM2
SIM3
SIM4
1
21
22
SIM5
SIM1
SIM2
SIM3
SIM4
1
21
22
SIM5
SIM1
SIM2
SIM3
SIM4
1
21
22
SIM5
SIM1
SIM2
SIM3
SIM4
1
21
22
SIM5
SIM1
SIM2
SIM3
SIM4
1
21
22
SIM5
SIM1
SIM2
SIM3
SIM4
1
21
22
SIM5
SIM1
SIM2
SIM3
SIM4
1
21
22
SIM5
SIM1
SIM2
SIM3
SIM4
1
21
22
SIM5
SIM1
SIM2
SIM3
SIM4
1
21
22
SIM5
SIM1
SIM2
SIM3
SIM4
1
21
22
SIM5
SIM1
SIM2
SIM3
SIM4
1
21
22
SIM5
SIM1
SIM2
SIM3
SIM4
1
21
22
SIM5
SIM1
SIM2
SIM3
SIM4
1
21
22
SIM5
SIM1
SIM2
SIM3
SIM4
1
21
22
SIM5
SIM1
SIM2
SIM3
SIM4
1
21
22
SIM5
SIM1
SIM2
SIM3
SIM4
1
21
22
SIM5
SIM1
SIM2
SIM3
SIM4
1
21
22
SIM5
SIM1
SIM2
SIM3
SIM4
1
21
22
SIM5
SIM1
SIM2
SIM3
SIM4
1
21
22
SIM5
SIM1
SIM2
SIM3
SIM4
1
21
22
SIM5
SIM1
SIM2
SIM3
SIM4
1
21
22
SIM5
SIM1
SIM2
SIM3
SIM4
1
21
22
SIM5
SIM1
SIM2
SIM3
SIM4
1
21
22
SIM5
SIM1
SIM2
SIM3
SIM4
1
21
22
SIM5
SIM1
SIM2
SIM3
SIM4
1
21
22
SIM5
SIM1
SIM2
SIM3
SIM4
1
21
22
SIM5
SIM1
SIM2
SIM3
SIM4
1
21
22
SIM5
SIM1
SIM2
SIM3
SIM4
1
21
22
SIM5
SIM1
SIM2
SIM3
SIM4
1
21
22
SIM5
SIM1
SIM2
SIM3
SIM4
1
21
22
SIM5
SIM1
SIM2
SIM3
SIM4
1
21
22
SIM5
SIM1
SIM2
SIM3
SIM4
1
21
22
SIM5
SIM1
SIM2
SIM3
SIM4
1
21
22
SIM5
SIM1
SIM2
SIM3
SIM4
1
21
22
SIM5
SIM1
SIM2
SIM3
SIM4
1
21
22
SIM5
SIM1
SIM2
SIM3
SIM4
1
21
22
SIM5
SIM1
SIM2
SIM3
SIM4
1
21
22
SIM5
SIM1
SIM2
SIM3
SIM4
1
21
22
SIM5
SIM1
SIM2
SIM3
SIM4
1
21
22
SIM5
SIM1
SIM2
SIM3
SIM4
1
21
22
SIM5
SIM1
SIM2
SIM3
SIM4
1
21
22
SIM5
SIM1
SIM2
SIM3
SIM4
1
21
22
SIM5
SIM1
SIM2
SIM3
SIM4
1
21
22
SIM5
SIM1
SIM2
SIM3
SIM4
1
21
22
SIM5
SIM1
SIM2
SIM3
SIM4
1
21
22
SIM5
SIM1
SIM2
SIM3
SIM4
1
21
22
SIM5
SIM1
SIM2
SIM3
SIM4
1
21
22
SIM5
SIM1
SIM2
SIM3
SIM4
1
21
22
SIM5
SIM1
SIM2
SIM3
SIM4
1
21
22
SIM5
SIM1
SIM2
SIM3
SIM4
1
21
22
SIM5
SIM1
SIM2
SIM3
SIM4
1
21
22
SIM5
SIM1
SIM2
SIM3
SIM4
1
21
22
SIM5
SIM1
SIM2
SIM3
SIM4
1
21
22
SIM5
SIM1
SIM2
SIM3
SIM4
1
21
22
SIM5
SIM1
SIM2
SIM3
SIM4
1
21
22
SIM5
SIM1
SIM2
SIM3
SIM4
1
21
22
SIM5
SIM1
SIM2
SIM3
SIM4
1
21
22
SIM5
SIM1
SIM2
SIM3
SIM4
1
21
22
SIM5
SIM1
SIM2
SIM3
SIM4
1
21
22
SIM5
SIM1
SIM2
SIM3
SIM4
1
21
22
SIM5
SIM1
SIM2
SIM3
SIM4
1
21
22
SIM5
SIM1
SIM2
SIM3
SIM4
1
21
22
SIM5
SIM1
SIM2
SIM3
SIM4
1
21
22
SIM5
SIM1
SIM2
SIM3
SIM4
1
21
22
SIM5
SIM1
SIM2
DEBUG 1 193
SIM1
SIM2
SIM3
SIM4
1
21
22
SIM5
SIM1
SIM2
SIM3
SIM4
1
21
22
SIM5
SIM1
SIM2
SIM3
SIM4
1
21
22
SIM5
SIM1
SIM2
SIM3
SIM4
1
21
22
SIM5
SIM1
SIM2
SIM3
SIM4
1
21
22
SIM5
SIM1
SIM2
SIM3
SIM4
1
21
22
SIM5
SIM1
SIM2
SIM3
SIM4
1
21
22
SIM5
SIM1
SIM2
SIM3
SIM4
1
21
22
SIM5
SIM1
SIM2
SIM3
SIM4
1
21
22
SIM5
SIM1
SIM2
SIM3
SIM4
1
21
22
SIM5
SIM1
SIM2
SIM3
SIM4
1
21
22
SIM5
SIM1
SIM2
SIM3
SIM4
1
21
22
SIM5
SIM1
SIM2
SIM3
SIM4
1
21
22
SIM5
SIM1
SIM2
SIM3
SIM4
1
21
22
SIM5
SIM1
SIM2
SIM3
SIM4
1
21
22
SIM5
SIM1
SIM2
SIM3
SIM4
1
21
22
SIM5
SIM1
SIM2
SIM3
SIM4
1
21
22
SIM5
SIM1
SIM2
SIM3
SIM4
1
21
22
SIM5
SIM1
SIM2
SIM3
SIM4
1
21
22
SIM5
SIM1
SIM2
SIM3
SIM4
1
21
22
SIM5
SIM1
SIM2
SIM3
SIM4
1
21
22
SIM5
SIM1
SIM2
SIM3
SIM4
1
21
22
SIM5
SIM1
SIM2
SIM3
SIM4
1
21
22
SIM5
SIM1
SIM2
SIM3
SIM4
1
21
22
SIM5
SIM1
SIM2
SIM3
SIM4
1
21
22
SIM5
SIM1
SIM2
SIM3
SIM4
1
21
22
SIM5
SIM1
SIM2
SIM3
SIM4
1
21
22
SIM5
SIM1
SIM2
SIM3
SIM4
1
21
22
SIM5
SIM1
SIM2
SIM3
SIM4
1
21
22
SIM5
SIM1
SIM2
SIM3
SIM4
1
21
22
SIM5
SIM1
SIM2
SIM3
SIM4
1
21
22
SIM5
SIM1
SIM2
SIM3
SIM4
1
21
22
SIM5
SIM1
SIM2
SIM3
SIM4
1
21
22
SIM5
SIM1
SIM2
SIM3
SIM4
1
21
22
SIM5
SIM1
SIM2
SIM3
SIM4
1
21
22
SIM5
SIM1
SIM2
SIM3
SIM4
1
21
22
SIM5
SIM1
SIM2
SIM3
SIM4
1
21
22
SIM5
SIM1
SIM2
SIM3
SIM4
1
21
22
SIM5
SIM1
SIM2
SIM3
SIM4
1
21
22
SIM5
SIM1
SIM2
SIM3
SIM4
1
21
22
SIM5
SIM1
SIM2
SIM3
SIM4
1
21
22
SIM5
SIM1
SIM2
SIM3
SIM4
1
21
22
SIM5
SIM1
SIM2
SIM3
SIM4
1
21
22
SIM5
SIM1
SIM2
SIM3
SIM4
1
21
22
SIM5
SIM1
SIM2
SIM3
SIM4
1
21
22
SIM5
SIM1
SIM2
SIM3
SIM4
1
21
22
SIM5
SIM1
SIM2
SIM3
SIM4
1
21
22
SIM5
SIM1
SIM2
SIM3
SIM4
1
21
22
SIM5
SIM1
SIM2
SIM3
SIM4
1
21
22
SIM5
SIM1
SIM2
SIM3
SIM4
1
21
22
SIM5
SIM1
SIM2
SIM3
SIM4
1
21
22
SIM5
SIM1
SIM2
SIM3
SIM4
1
21
22
SIM5
SIM1
SIM2
SIM3
SIM4
1
21
22
SIM5
SIM1
SIM2
SIM3
SIM4
1
21
22
SIM5
SIM1
SIM2
SIM3
SIM4
1
21
22
SIM5
SIM1
SIM2
SIM3
SIM4
1
21
22
SIM5
SIM1
SIM2
SIM3
SIM4
1
21
22
SIM5
SIM1
SIM2
SIM3
SIM4
1
21
22
SIM5
SIM1
SIM2
SIM3
SIM4
1
21
22
SIM5
SIM1
SIM2
SIM3
SIM4
1
21
22
SIM5
SIM1
SIM2
SIM3
SIM4
1
21
22
SIM5
SIM1
SIM2
SIM3
SIM4
1
21
22
SIM5
SIM1
SIM2
SIM3
SIM4
1
21
22
SIM5
SIM1
SIM2
SIM3
SIM4
1
21
22
SIM5
SIM1
SIM2
SIM3
SIM4
1
21
22
SIM5
SIM1
SIM2
SIM3
SIM4
1
21
22
SIM5
SIM1
SIM2
SIM3
SIM4
1
21
22
SIM5
SIM1
SIM2
SIM3
SIM4
1
21
22
SIM5
SIM1
SIM2
SIM3
SIM4
1
21
22
SIM5
SIM1
SIM2
SIM3
SIM4
1
21
22
SIM5
SIM1
SIM2
SIM3
SIM4
1
21
22
SIM5
SIM1
SIM2
SIM3
SIM4
1
21
22
SIM5
SIM1
SIM2
SIM3
SIM4
1
21
22
SIM5
SIM1
SIM2
SIM3
SIM4
1
21
22
SIM5
SIM1
SIM2
SIM3
SIM4
1
21
22
SIM5
SIM1
SIM2
SIM3
SIM4
1
21
22
SIM5
SIM1
SIM2
SIM3
SIM4
1
21
22
SIM5
SIM1
SIM2
SIM3
SIM4
1
21
22
SIM5
SIM1
SIM2
SIM3
SIM4
1
21
22
SIM5
SIM1
SIM2
SIM3
SIM4
1
21
22
SIM5
SIM1
SIM2
SIM3
SIM4
1
21
22
SIM5
SIM1
SIM2
SIM3
SIM4
1
21
22
SIM5
SIM1
SIM2
SIM3
SIM4
1
21
22
SIM5
SIM1
SIM2
SIM3
SIM4
1
21
22
SIM5
SIM1
SIM2
SIM3
SIM4
1
21
22
SIM5
SIM1
SIM2
SIM3
SIM4
1
21
22
SIM5
SIM1
SIM2
SIM3
SIM4
1
21
22
SIM5
SIM1
SIM2
SIM3
SIM4
1
21
22
SIM5
SIM1
SIM2
SIM3
SIM4
1
21
22
SIM5
SIM1
SIM2
SIM3
SIM4
1
21
22
SIM5
SIM1
SIM2
SIM3
SIM4
1
21
22
SIM5
SIM1
SIM2
SIM3
SIM4
1
21
22
SIM5
SIM1
SIM2
SIM3
SIM4
1
21
22
SIM5
SIM1
SIM2
SIM3
SIM4
1
21
22
SIM5
SIM1
SIM2
SIM3
SIM4
1
21
22
SIM5
SIM1
SIM2
SIM3
SIM4
1
21
22
SIM5
SIM1
SIM2
SIM3
SIM4
1
21
22
SIM5
SIM1
SIM2
SIM3
SIM4
1
21
22
SIM5
SIM1
SIM2
SIM3
SIM4
1
21
22
SIM5
SIM1
SIM2
SIM3
SIM4
1
21
22
SIM5
SIM1
SIM2
SIM3
SIM4
1
21
22
SIM5
SIM1
SIM2
SIM3
SIM4
1
21
22
SIM5
SIM1
SIM2
SIM3
SIM4
1
21
22
SIM5
SIM1
SIM2
SIM3
SIM4
1
21
22
SIM5
SIM1
SIM2
SIM3
SIM4
1
21
22
SIM5
SIM1
SIM2
SIM3
SIM4
1
21
22
SIM5
SIM1
SIM2
SIM3
SIM4
1
21
22
SIM5
SIM1
SIM2
SIM3
SIM4
1
21
22
SIM5
SIM1
SIM2
SIM3
SIM4
1
21
22
SIM5
SIM1
SIM2
SIM3
SIM4
1
21
22
SIM5
SIM1
SIM2
SIM3
SIM4
1
21
22
SIM5
SIM1
SIM2
SIM3
SIM4
1
21
22
SIM5
SIM1
SIM2
SIM3
SIM4
1
21
22
SIM5
SIM1
SIM2
SIM3
SIM4
1
21
22
SIM5
SIM1
SIM2
SIM3
SIM4
1
21
22
SIM5
SIM1
SIM2
SIM3
SIM4
1
21
22
SIM5
SIM1
SIM2
SIM3
SIM4
1
21
22
SIM5
SIM1
SIM2
SIM3
SIM4
1
21
22
SIM5
SIM1
SIM2
SIM3
SIM4
1
21
22
SIM5
SIM1
SIM2
SIM3
SIM4
1
21
22
SIM5
SIM1
SIM2
SIM3
SIM4
1
21
22
SIM5
SIM1
SIM2
SIM3
SIM4
1
21
22
SIM5
SIM1
SIM2
SIM3
SIM4
1
21
22
SIM5
SIM1
SIM2
SIM3
SIM4
1
21
22
SIM5
SIM1
SIM2
SIM3
SIM4
1
21
22
SIM5
SIM1
SIM2
SIM3
SIM4
1
21
22
SIM5
SIM1
SIM2
SIM3
SIM4
1
21
22
SIM5
SIM1
SIM2
SIM3
SIM4
1
21
22
SIM5
SIM1
SIM2
SIM3
SIM4
1
21
22
SIM5
SIM1
SIM2
SIM3
SIM4
1
21
22
SIM5
SIM1
SIM2
SIM3
SIM4
1
21
22
SIM5
SIM1
SIM2
SIM3
SIM4
1
21
22
SIM5
SIM1
SIM2
SIM3
SIM4
1
21
22
SIM5
SIM1
SIM2
SIM3
SIM4
1
21
22
SIM5
SIM1
SIM2
SIM3
SIM4
1
21
22
SIM5
SIM1
SIM2
SIM3
SIM4
1
21
22
SIM5
SIM1
SIM2
SIM3
SIM4
1
21
22
SIM5
SIM1
SIM2
SIM3
SIM4
1
21
22
SIM5
SIM1
SIM2
SIM3
SIM4
1
21
22
SIM5
SIM1
SIM2
SIM3
SIM4
1
21
22
SIM5
SIM1
SIM2
SIM3
SIM4
1
21
22
SIM5
SIM1
SIM2
SIM3
SIM4
1
21
22
SIM5
SIM1
SIM2
SIM3
SIM4
1
21
22
SIM5
SIM1
SIM2
SIM3
SIM4
1
21
22
SIM5
SIM1
SIM2
SIM3
SIM4
1
21
22
SIM5
SIM1
SIM2
SIM3
SIM4
1
21
22
SIM5
SIM1
SIM2
SIM3
SIM4
1
21
22
SIM5
SIM1
SIM2
SIM3
SIM4
1
21
22
SIM5
SIM1
SIM2
SIM3
SIM4
1
21
22
SIM5
SIM1
SIM2
SIM3
SIM4
1
21
22
SIM5
SIM1
SIM2
SIM3
SIM4
1
21
22
SIM5
SIM1
SIM2
SIM3
SIM4
1
21
22
SIM5
SIM1
SIM2
SIM3
SIM4
1
21
22
SIM5
SIM1
SIM2
SIM3
SIM4
1
21
22
SIM5
SIM1
SIM2
SIM3
SIM4
1
21
22
SIM5
SIM1
SIM2
SIM3
SIM4
1
21
22
SIM5
SIM1
SIM2
SIM3
SIM4
1
21
22
SIM5
SIM1
SIM2
SIM3
SIM4
1
21
22
SIM5
SIM1
SIM2
SIM3
SIM4
1
21
22
SIM5
SIM1
SIM2
SIM3
SIM4
1
21
22
SIM5
SIM1
SIM2
SIM3
SIM4
1
21
22
SIM5
SIM1
SIM2
SIM3
SIM4
1
21
22
SIM5
SIM1
SIM2
SIM3
SIM4
1
21
22
SIM5
SIM1
SIM2
SIM3
SIM4
1
21
22
SIM5
SIM1
SIM2
SIM3
SIM4
1
21
22
SIM5
SIM1
SIM2
SIM3
SIM4
1
21
22
SIM5
SIM1
SIM2
SIM3
SIM4
1
21
22
SIM5
SIM1
SIM2
SIM3
SIM4
1
21
22
SIM5
SIM1
SIM2
SIM3
SIM4
1
21
22
SIM5
SIM1
SIM2
SIM3
SIM4
1
21
22
SIM5
SIM1
SIM2
SIM3
SIM4
1
21
22
SIM5
SIM1
SIM2
SIM3
SIM4
1
21
22
SIM5
SIM1
SIM2
SIM3
SIM4
1
21
22
SIM5
SIM1
SIM2
SIM3
SIM4
1
21
22
SIM5
SIM1
SIM2
SIM3
SIM4
1
21
22
SIM5
SIM1
SIM2
SIM3
SIM4
1
21
22
SIM5
SIM1
SIM2
SIM3
SIM4
1
21
22
SIM5
SIM1
SIM2
SIM3
SIM4
1
21
22
SIM5
SIM1
SIM2
SIM3
SIM4
1
21
22
SIM5
SIM1
SIM2
SIM3
SIM4
1
21
22
SIM5
SIM1
SIM2
SIM3
SIM4
1
21
22
SIM5
SIM1
SIM2
SIM3
SIM4
1
21
22
SIM5
SIM1
SIM2
SIM3
SIM4
1
21
22
SIM5
SIM1
SIM2
SIM3
SIM4
1
21
22
SIM5
SIM1
SIM2
SIM3
SIM4
1
21
22
SIM5
SIM1
SIM2
SIM3
SIM4
1
21
22
SIM5
SIM1
SIM2
SIM3
SIM4
1
21
22
SIM5
SIM1
SIM2
SIM3
SIM4
1
21
22
SIM5
SIM1
SIM2
SIM3
SIM4
1
21
22
SIM5
SIM1
SIM2
SIM3
SIM4
1
21
22
SIM5
SIM1
SIM2
SIM3
SIM4
1
21
22
SIM5
SIM1
SIM2
SIM3
SIM4
1
21
22
SIM5
SIM1
SIM2
SIM3
SIM4
1
21
22
SIM5
SIM1
SIM2
SIM3
SIM4
1
21
22
SIM5
SIM1
SIM2
SIM3
SIM4
1
21
22
SIM5
SIM1
SIM2
SIM3
SIM4
1
21
22
SIM5
SIM1
SIM2
SIM3
SIM4
1
21
22
SIM5
SIM1
SIM2
SIM3
SIM4
1
21
22
SIM5
SIM1
SIM2
SIM3
SIM4
1
21
22
SIM5
SIM1
SIM2
SIM3
SIM4
1
21
22
SIM5
SIM1
SIM2
SIM3
SIM4
1
21
22
SIM5
SIM1
SIM2
SIM3
SIM4
1
21
22
SIM5
SIM1
SIM2
SIM3
SIM4
1
21
22
SIM5
SIM1
SIM2
SIM3
SIM4
1
21
22
SIM5
SIM1
SIM2
SIM3
SIM4
1
21
22
SIM5
SIM1
SIM2
SIM3
SIM4
1
21
22
SIM5
SIM1
SIM2
SIM3
SIM4
1
21
22
SIM5
SIM1
SIM2
SIM3
SIM4
1
21
22
SIM5
SIM1
SIM2
SIM3
SIM4
1
21
22
SIM5
SIM1
SIM2
SIM3
SIM4
1
21
22
SIM5
SIM1
SIM2
SIM3
SIM4
1
21
22
SIM5
SIM1
SIM2
SIM3
SIM4
1
21
22
SIM5
SIM1
SIM2
SIM3
SIM4
1
21
22
SIM5
SIM1
SIM2
SIM3
SIM4
1
21
22
SIM5
SIM1
SIM2
SIM3
SIM4
1
21
22
SIM5
SIM1
SIM2
SIM3
SIM4
1
21
22
SIM5
SIM1
SIM2
SIM3
SIM4
1
21
22
SIM5
SIM1
SIM2
SIM3
SIM4
1
21
22
SIM5
SIM1
SIM2
SIM3
SIM4
1
21
22
SIM5
SIM1
SIM2
SIM3
SIM4
1
21
22
SIM5
SIM1
SIM2
SIM3
SIM4
1
21
22
SIM5
SIM1
SIM2
SIM3
SIM4
1
21
22
SIM5
SIM1
SIM2
SIM3
SIM4
1
21
22
SIM5
SIM1
SIM2
SIM3
SIM4
1
21
22
SIM5
SIM1
SIM2
SIM3
SIM4
1
21
22
SIM5
SIM1
SIM2
SIM3
SIM4
1
21
22
SIM5
SIM1
SIM2
SIM3
SIM4
1
21
22
SIM5
SIM1
SIM2
SIM3
SIM4
1
21
22
SIM5
SIM1
SIM2
SIM3
SIM4
1
21
22
SIM5
SIM1
SIM2
SIM3
SIM4
1
21
22
SIM5
SIM1
SIM2
SIM3
SIM4
1
21
22
SIM5
SIM1
SIM2
SIM3
SIM4
1
21
22
SIM5
SIM1
SIM2
SIM3
SIM4
1
21
22
SIM5
SIM1
SIM2
SIM3
SIM4
1
21
22
SIM5
SIM1
SIM2
SIM3
SIM4
1
21
22
SIM5
SIM1
SIM2
SIM3
SIM4
1
21
22
SIM5
SIM1
SIM2
SIM3
SIM4
1
21
22
SIM5
SIM1
SIM2
SIM3
SIM4
1
21
22
SIM5
SIM1
SIM2
SIM3
SIM4
1
21
22
SIM5
SIM1
SIM2
SIM3
SIM4
1
21
22
SIM5
SIM1
SIM2
SIM3
SIM4
1
21
22
SIM5
SIM1
SIM2
SIM3
SIM4
1
21
22
SIM5
SIM1
SIM2
SIM3
SIM4
1
21
22
SIM5
SIM1
SIM2
SIM3
SIM4
1
21
22
SIM5
SIM1
SIM2
SIM3
SIM4
1
21
22
SIM5
SIM1
SIM2
SIM3
SIM4
1
21
22
SIM5
SIM1
SIM2
SIM3
SIM4
1
21
22
SIM5
SIM1
SIM2
SIM3
SIM4
1
21
22
SIM5
SIM1
SIM2
SIM3
SIM4
1
21
22
SIM5
SIM1
SIM2
SIM3
SIM4
1
21
22
SIM5
SIM1
SIM2
SIM3
SIM4
1
21
22
SIM5
SIM1
SIM2
SIM3
SIM4
1
21
22
SIM5
SIM1
SIM2
SIM3
SIM4
1
21
22
SIM5
SIM1
SIM2
SIM3
SIM4
1
21
22
SIM5
SIM1
SIM2
SIM3
SIM4
1
21
22
SIM5
SIM1
SIM2
SIM3
SIM4
1
21
22
SIM5
SIM1
SIM2
SIM3
SIM4
1
21
22
SIM5
SIM1
SIM2
SIM3
SIM4
1
21
22
SIM5
SIM1
SIM2
SIM3
SIM4
1
21
22
SIM5
SIM1
SIM2
SIM3
SIM4
1
21
22
SIM5
SIM1
SIM2
SIM3
SIM4
1
21
22
SIM5
SIM1
SIM2
SIM3
SIM4
1
21
22
SIM5
SIM1
SIM2
SIM3
SIM4
1
21
22
SIM5
SIM1
SIM2
SIM3
SIM4
1
21
22
SIM5
SIM1
SIM2
SIM3
SIM4
1
21
22
SIM5
SIM1
SIM2
SIM3
SIM4
1
21
22
SIM5
SIM1
SIM2
SIM3
SIM4
1
21
22
SIM5
SIM1
SIM2
SIM3
SIM4
1
21
22
SIM5
SIM1
SIM2
SIM3
SIM4
1
21
22
SIM5
SIM1
SIM2
SIM3
SIM4
1
21
22
SIM5
SIM1
SIM2
SIM3
SIM4
1
21
22
SIM5
SIM1
SIM2
SIM3
SIM4
1
21
22
SIM5
SIM1
SIM2
SIM3
SIM4
1
21
22
SIM5
SIM1
SIM2
SIM3
SIM4
1
21
22
SIM5
SIM1
SIM2
SIM3
SIM4
1
21
22
SIM5
SIM1
SIM2
SIM3
SIM4
1
21
22
SIM5
SIM1
SIM2
SIM3
SIM4
1
21
22
SIM5
SIM1
SIM2
SIM3
SIM4
1
21
22
SIM5
SIM1
SIM2
SIM3
SIM4
1
21
22
SIM5
SIM1
SIM2
SIM3
SIM4
1
21
22
SIM5
SIM1
SIM2
SIM3
SIM4
1
21
22
SIM5
SIM1
SIM2
SIM3
SIM4
1
21
22
SIM5
SIM1
SIM2
SIM3
SIM4
1
21
22
SIM5
SIM1
SIM2
SIM3
SIM4
1
21
22
SIM5
SIM1
SIM2
SIM3
SIM4
1
21
22
SIM5
SIM1
SIM2
SIM3
SIM4
1
21
22
SIM5
SIM1
SIM2
SIM3
SIM4
1
21
22
SIM5
SIM1
SIM2
SIM3
SIM4
1
21
22
SIM5
SIM1
SIM2
SIM3
SIM4
1
21
22
SIM5
SIM1
SIM2
SIM3
SIM4
1
21
22
SIM5
SIM1
SIM2
SIM3
SIM4
1
21
22
SIM5
SIM1
SIM2
SIM3
SIM4
1
21
22
SIM5
SIM1
SIM2
SIM3
SIM4
1
21
22
SIM5
SIM1
SIM2
SIM3
SIM4
1
21
22
SIM5
SIM1
SIM2
SIM3
SIM4
1
21
22
SIM5
SIM1
SIM2
SIM3
SIM4
1
21
22
SIM5
SIM1
SIM2
SIM3
SIM4
1
21
22
SIM5
SIM1
SIM2
DEBUG 1 194
SIM1
SIM2
SIM3
SIM4
1
21
22
SIM5
SIM1
SIM2
SIM3
SIM4
1
21
22
SIM5
SIM1
SIM2
SIM3
SIM4
1
21
22
SIM5
SIM1
SIM2
SIM3
SIM4
1
21
22
SIM5
SIM1
SIM2
SIM3
SIM4
1
21
22
SIM5
SIM1
SIM2
SIM3
SIM4
1
21
22
SIM5
SIM1
SIM2
SIM3
SIM4
1
21
22
SIM5
SIM1
SIM2
SIM3
SIM4
1
21
22
SIM5
SIM1
SIM2
SIM3
SIM4
1
21
22
SIM5
SIM1
SIM2
SIM3
SIM4
1
21
22
SIM5
SIM1
SIM2
SIM3
SIM4
1
21
22
SIM5
SIM1
SIM2
SIM3
SIM4
1
21
22
SIM5
SIM1
SIM2
SIM3
SIM4
1
21
22
SIM5
SIM1
SIM2
SIM3
SIM4
1
21
22
SIM5
SIM1
SIM2
SIM3
SIM4
1
21
22
SIM5
SIM1
SIM2
SIM3
SIM4
1
21
22
SIM5
SIM1
SIM2
SIM3
SIM4
1
21
22
SIM5
SIM1
SIM2
SIM3
SIM4
1
21
22
SIM5
SIM1
SIM2
SIM3
SIM4
1
21
22
SIM5
SIM1
SIM2
SIM3
SIM4
1
21
22
SIM5
SIM1
SIM2
SIM3
SIM4
1
21
22
SIM5
SIM1
SIM2
SIM3
SIM4
1
21
22
SIM5
SIM1
SIM2
SIM3
SIM4
1
21
22
SIM5
SIM1
SIM2
SIM3
SIM4
1
21
22
SIM5
SIM1
SIM2
SIM3
SIM4
1
21
22
SIM5
SIM1
SIM2
SIM3
SIM4
1
21
22
SIM5
SIM1
SIM2
SIM3
SIM4
1
21
22
SIM5
SIM1
SIM2
SIM3
SIM4
1
21
22
SIM5
SIM1
SIM2
SIM3
SIM4
1
21
22
SIM5
SIM1
SIM2
SIM3
SIM4
1
21
22
SIM5
SIM1
SIM2
SIM3
SIM4
1
21
22
SIM5
SIM1
SIM2
SIM3
SIM4
1
21
22
SIM5
SIM1
SIM2
SIM3
SIM4
1
21
22
SIM5
SIM1
SIM2
SIM3
SIM4
1
21
22
SIM5
SIM1
SIM2
SIM3
SIM4
1
21
22
SIM5
SIM1
SIM2
SIM3
SIM4
1
21
22
SIM5
SIM1
SIM2
SIM3
SIM4
1
21
22
SIM5
SIM1
SIM2
SIM3
SIM4
1
21
22
SIM5
SIM1
SIM2
SIM3
SIM4
1
21
22
SIM5
SIM1
SIM2
SIM3
SIM4
1
21
22
SIM5
SIM1
SIM2
SIM3
SIM4
1
21
22
SIM5
SIM1
SIM2
SIM3
SIM4
1
21
22
SIM5
SIM1
SIM2
SIM3
SIM4
1
21
22
SIM5
SIM1
SIM2
SIM3
SIM4
1
21
22
SIM5
SIM1
SIM2
SIM3
SIM4
1
21
22
SIM5
SIM1
SIM2
SIM3
SIM4
1
21
22
SIM5
SIM1
SIM2
SIM3
SIM4
1
21
22
SIM5
SIM1
SIM2
SIM3
SIM4
1
21
22
SIM5
SIM1
SIM2
SIM3
SIM4
1
21
22
SIM5
SIM1
SIM2
SIM3
SIM4
1
21
22
SIM5
SIM1
SIM2
SIM3
SIM4
1
21
22
SIM5
SIM1
SIM2
SIM3
SIM4
1
21
22
SIM5
SIM1
SIM2
SIM3
SIM4
1
21
22
SIM5
SIM1
SIM2
SIM3
SIM4
1
21
22
SIM5
SIM1
SIM2
SIM3
SIM4
1
21
22
SIM5
SIM1
SIM2
SIM3
SIM4
1
21
22
SIM5
SIM1
SIM2
SIM3
SIM4
1
21
22
SIM5
SIM1
SIM2
SIM3
SIM4
1
21
22
SIM5
SIM1
SIM2
SIM3
SIM4
1
21
22
SIM5
SIM1
SIM2
SIM3
SIM4
1
21
22
SIM5
SIM1
SIM2
SIM3
SIM4
1
21
22
SIM5
SIM1
SIM2
SIM3
SIM4
1
21
22
SIM5
SIM1
SIM2
SIM3
SIM4
1
21
22
SIM5
SIM1
SIM2
SIM3
SIM4
1
21
22
SIM5
SIM1
SIM2
SIM3
SIM4
1
21
22
SIM5
SIM1
SIM2
SIM3
SIM4
1
21
22
SIM5
SIM1
SIM2
SIM3
SIM4
1
21
22
SIM5
SIM1
SIM2
SIM3
SIM4
1
21
22
SIM5
SIM1
SIM2
SIM3
SIM4
1
21
22
SIM5
SIM1
SIM2
SIM3
SIM4
1
21
22
SIM5
SIM1
SIM2
SIM3
SIM4
1
21
22
SIM5
SIM1
SIM2
SIM3
SIM4
1
21
22
SIM5
SIM1
SIM2
SIM3
SIM4
1
21
22
SIM5
SIM1
SIM2
SIM3
SIM4
1
21
22
SIM5
SIM1
SIM2
SIM3
SIM4
1
21
22
SIM5
SIM1
SIM2
SIM3
SIM4
1
21
22
SIM5
SIM1
SIM2
SIM3
SIM4
1
21
22
SIM5
SIM1
SIM2
SIM3
SIM4
1
21
22
SIM5
SIM1
SIM2
SIM3
SIM4
1
21
22
SIM5
SIM1
SIM2
SIM3
SIM4
1
21
22
SIM5
SIM1
SIM2
SIM3
SIM4
1
21
22
SIM5
SIM1
SIM2
SIM3
SIM4
1
21
22
SIM5
SIM1
SIM2
SIM3
SIM4
1
21
22
SIM5
SIM1
SIM2
SIM3
SIM4
1
21
22
SIM5
SIM1
SIM2
SIM3
SIM4
1
21
22
SIM5
SIM1
SIM2
SIM3
SIM4
1
21
22
SIM5
SIM1
SIM2
SIM3
SIM4
1
21
22
SIM5
SIM1
SIM2
SIM3
SIM4
1
21
22
SIM5
SIM1
SIM2
SIM3
SIM4
1
21
22
SIM5
SIM1
SIM2
SIM3
SIM4
1
21
22
SIM5
SIM1
SIM2
SIM3
SIM4
1
21
22
SIM5
SIM1
SIM2
SIM3
SIM4
1
21
22
SIM5
SIM1
SIM2
SIM3
SIM4
1
21
22
SIM5
SIM1
SIM2
SIM3
SIM4
1
21
22
SIM5
SIM1
SIM2
SIM3
SIM4
1
21
22
SIM5
SIM1
SIM2
SIM3
SIM4
1
21
22
SIM5
SIM1
SIM2
SIM3
SIM4
1
21
22
SIM5
SIM1
SIM2
SIM3
SIM4
1
21
22
SIM5
SIM1
SIM2
SIM3
SIM4
1
21
22
SIM5
SIM1
SIM2
SIM3
SIM4
1
21
22
SIM5
SIM1
SIM2
SIM3
SIM4
1
21
22
SIM5
SIM1
SIM2
SIM3
SIM4
1
21
22
SIM5
SIM1
SIM2
SIM3
SIM4
1
21
22
SIM5
SIM1
SIM2
SIM3
SIM4
1
21
22
SIM5
SIM1
SIM2
SIM3
SIM4
1
21
22
SIM5
SIM1
SIM2
SIM3
SIM4
1
21
22
SIM5
SIM1
SIM2
SIM3
SIM4
1
21
22
SIM5
SIM1
SIM2
SIM3
SIM4
1
21
22
SIM5
SIM1
SIM2
SIM3
SIM4
1
21
22
SIM5
SIM1
SIM2
SIM3
SIM4
1
21
22
SIM5
SIM1
SIM2
SIM3
SIM4
1
21
22
SIM5
SIM1
SIM2
SIM3
SIM4
1
21
22
SIM5
SIM1
SIM2
SIM3
SIM4
1
21
22
SIM5
SIM1
SIM2
SIM3
SIM4
1
21
22
SIM5
SIM1
SIM2
SIM3
SIM4
1
21
22
SIM5
SIM1
SIM2
SIM3
SIM4
1
21
22
SIM5
SIM1
SIM2
SIM3
SIM4
1
21
22
SIM5
SIM1
SIM2
SIM3
SIM4
1
21
22
SIM5
SIM1
SIM2
SIM3
SIM4
1
21
22
SIM5
SIM1
SIM2
SIM3
SIM4
1
21
22
SIM5
SIM1
SIM2
SIM3
SIM4
1
21
22
SIM5
SIM1
SIM2
SIM3
SIM4
1
21
22
SIM5
SIM1
SIM2
SIM3
SIM4
1
21
22
SIM5
SIM1
SIM2
SIM3
SIM4
1
21
22
SIM5
SIM1
SIM2
SIM3
SIM4
1
21
22
SIM5
SIM1
SIM2
SIM3
SIM4
1
21
22
SIM5
SIM1
SIM2
SIM3
SIM4
1
21
22
SIM5
SIM1
SIM2
SIM3
SIM4
1
21
22
SIM5
SIM1
SIM2
SIM3
SIM4
1
21
22
SIM5
SIM1
SIM2
SIM3
SIM4
1
21
22
SIM5
SIM1
SIM2
SIM3
SIM4
1
21
22
SIM5
SIM1
SIM2
SIM3
SIM4
1
21
22
SIM5
SIM1
SIM2
SIM3
SIM4
1
21
22
SIM5
SIM1
SIM2
SIM3
SIM4
1
21
22
SIM5
SIM1
SIM2
SIM3
SIM4
1
21
22
SIM5
SIM1
SIM2
SIM3
SIM4
1
21
22
SIM5
SIM1
SIM2
SIM3
SIM4
1
21
22
SIM5
SIM1
SIM2
SIM3
SIM4
1
21
22
SIM5
SIM1
SIM2
SIM3
SIM4
1
21
22
SIM5
SIM1
SIM2
SIM3
SIM4
1
21
22
SIM5
SIM1
SIM2
SIM3
SIM4
1
21
22
SIM5
SIM1
SIM2
SIM3
SIM4
1
21
22
SIM5
SIM1
SIM2
SIM3
SIM4
1
21
22
SIM5
SIM1
SIM2
SIM3
SIM4
1
21
22
SIM5
SIM1
SIM2
SIM3
SIM4
1
21
22
SIM5
SIM1
SIM2
SIM3
SIM4
1
21
22
SIM5
SIM1
SIM2
SIM3
SIM4
1
21
22
SIM5
SIM1
SIM2
SIM3
SIM4
1
21
22
SIM5
SIM1
SIM2
SIM3
SIM4
1
21
22
SIM5
SIM1
SIM2
SIM3
SIM4
1
21
22
SIM5
SIM1
SIM2
SIM3
SIM4
1
21
22
SIM5
SIM1
SIM2
SIM3
SIM4
1
21
22
SIM5
SIM1
SIM2
SIM3
SIM4
1
21
22
SIM5
SIM1
SIM2
SIM3
SIM4
1
21
22
SIM5
SIM1
SIM2
SIM3
SIM4
1
21
22
SIM5
SIM1
SIM2
SIM3
SIM4
1
21
22
SIM5
SIM1
SIM2
SIM3
SIM4
1
21
22
SIM5
SIM1
SIM2
SIM3
SIM4
1
21
22
SIM5
SIM1
SIM2
SIM3
SIM4
1
21
22
SIM5
SIM1
SIM2
SIM3
SIM4
1
21
22
SIM5
SIM1
SIM2
SIM3
SIM4
1
21
22
SIM5
SIM1
SIM2
SIM3
SIM4
1
21
22
SIM5
SIM1
SIM2
SIM3
SIM4
1
21
22
SIM5
SIM1
SIM2
SIM3
SIM4
1
21
22
SIM5
SIM1
SIM2
SIM3
SIM4
1
21
22
SIM5
SIM1
SIM2
SIM3
SIM4
1
21
22
SIM5
SIM1
SIM2
SIM3
SIM4
1
21
22
SIM5
SIM1
SIM2
SIM3
SIM4
1
21
22
SIM5
SIM1
SIM2
SIM3
SIM4
1
21
22
SIM5
SIM1
SIM2
SIM3
SIM4
1
21
22
SIM5
SIM1
SIM2
SIM3
SIM4
1
21
22
SIM5
SIM1
SIM2
SIM3
SIM4
1
21
22
SIM5
SIM1
SIM2
SIM3
SIM4
1
21
22
SIM5
SIM1
SIM2
SIM3
SIM4
1
21
22
SIM5
SIM1
SIM2
SIM3
SIM4
1
21
22
SIM5
SIM1
SIM2
SIM3
SIM4
1
21
22
SIM5
SIM1
SIM2
SIM3
SIM4
1
21
22
SIM5
SIM1
SIM2
SIM3
SIM4
1
21
22
SIM5
SIM1
SIM2
SIM3
SIM4
1
21
22
SIM5
SIM1
SIM2
SIM3
SIM4
1
21
22
SIM5
SIM1
SIM2
SIM3
SIM4
1
21
22
SIM5
SIM1
SIM2
SIM3
SIM4
1
21
22
SIM5
SIM1
SIM2
SIM3
SIM4
1
21
22
SIM5
SIM1
SIM2
SIM3
SIM4
1
21
22
SIM5
SIM1
SIM2
SIM3
SIM4
1
21
22
SIM5
SIM1
SIM2
SIM3
SIM4
1
21
22
SIM5
SIM1
SIM2
SIM3
SIM4
1
21
22
SIM5
SIM1
SIM2
SIM3
SIM4
1
21
22
SIM5
SIM1
SIM2
SIM3
SIM4
1
21
22
SIM5
SIM1
SIM2
SIM3
SIM4
1
21
22
SIM5
SIM1
SIM2
DEBUG 1 195
SIM1
SIM2
SIM3
SIM4
1
21
22
SIM5
SIM1
SIM2
SIM3
SIM4
1
21
22
SIM5
SIM1
SIM2
SIM3
SIM4
1
21
22
SIM5
SIM1
SIM2
SIM3
SIM4
1
21
22
SIM5
SIM1
SIM2
SIM3
SIM4
1
21
22
SIM5
SIM1
SIM2
SIM3
SIM4
1
21
22
SIM5
SIM1
SIM2
SIM3
SIM4
1
21
22
SIM5
SIM1
SIM2
SIM3
SIM4
1
21
22
SIM5
SIM1
SIM2
SIM3
SIM4
1
21
22
SIM5
SIM1
SIM2
SIM3
SIM4
1
21
22
SIM5
SIM1
SIM2
SIM3
SIM4
1
21
22
SIM5
SIM1
SIM2
SIM3
SIM4
1
21
22
SIM5
SIM1
SIM2
SIM3
SIM4
1
21
22
SIM5
SIM1
SIM2
SIM3
SIM4
1
21
22
SIM5
SIM1
SIM2
SIM3
SIM4
1
21
22
SIM5
SIM1
SIM2
SIM3
SIM4
1
21
22
SIM5
SIM1
SIM2
SIM3
SIM4
1
21
22
SIM5
SIM1
SIM2
SIM3
SIM4
1
21
22
SIM5
SIM1
SIM2
SIM3
SIM4
1
21
22
SIM5
SIM1
SIM2
SIM3
SIM4
1
21
22
SIM5
SIM1
SIM2
SIM3
SIM4
1
21
22
SIM5
SIM1
SIM2
SIM3
SIM4
1
21
22
SIM5
SIM1
SIM2
SIM3
SIM4
1
21
22
SIM5
SIM1
SIM2
SIM3
SIM4
1
21
22
SIM5
SIM1
SIM2
SIM3
SIM4
1
21
22
SIM5
SIM1
SIM2
SIM3
SIM4
1
21
22
SIM5
SIM1
SIM2
SIM3
SIM4
1
21
22
SIM5
SIM1
SIM2
SIM3
SIM4
1
21
22
SIM5
SIM1
SIM2
SIM3
SIM4
1
21
22
SIM5
SIM1
SIM2
SIM3
SIM4
1
21
22
SIM5
SIM1
SIM2
SIM3
SIM4
1
21
22
SIM5
SIM1
SIM2
SIM3
SIM4
1
21
22
SIM5
SIM1
SIM2
SIM3
SIM4
1
21
22
SIM5
SIM1
SIM2
SIM3
SIM4
1
21
22
SIM5
SIM1
SIM2
SIM3
SIM4
1
21
22
SIM5
SIM1
SIM2
SIM3
SIM4
1
21
22
SIM5
SIM1
SIM2
SIM3
SIM4
1
21
22
SIM5
SIM1
SIM2
SIM3
SIM4
1
21
22
SIM5
SIM1
SIM2
SIM3
SIM4
1
21
22
SIM5
SIM1
SIM2
SIM3
SIM4
1
21
22
SIM5
SIM1
SIM2
SIM3
SIM4
1
21
22
SIM5
SIM1
SIM2
SIM3
SIM4
1
21
22
SIM5
SIM1
SIM2
SIM3
SIM4
1
21
22
SIM5
SIM1
SIM2
SIM3
SIM4
1
21
22
SIM5
SIM1
SIM2
SIM3
SIM4
1
21
22
SIM5
SIM1
SIM2
SIM3
SIM4
1
21
22
SIM5
SIM1
SIM2
SIM3
SIM4
1
21
22
SIM5
SIM1
SIM2
SIM3
SIM4
1
21
22
SIM5
SIM1
SIM2
SIM3
SIM4
1
21
22
SIM5
SIM1
SIM2
SIM3
SIM4
1
21
22
SIM5
SIM1
SIM2
SIM3
SIM4
1
21
22
SIM5
SIM1
SIM2
SIM3
SIM4
1
21
22
SIM5
SIM1
SIM2
SIM3
SIM4
1
21
22
SIM5
SIM1
SIM2
SIM3
SIM4
1
21
22
SIM5
SIM1
SIM2
SIM3
SIM4
1
21
22
SIM5
SIM1
SIM2
SIM3
SIM4
1
21
22
SIM5
SIM1
SIM2
SIM3
SIM4
1
21
22
SIM5
SIM1
SIM2
SIM3
SIM4
1
21
22
SIM5
SIM1
SIM2
SIM3
SIM4
1
21
22
SIM5
SIM1
SIM2
SIM3
SIM4
1
21
22
SIM5
SIM1
SIM2
SIM3
SIM4
1
21
22
SIM5
SIM1
SIM2
SIM3
SIM4
1
21
22
SIM5
SIM1
SIM2
SIM3
SIM4
1
21
22
SIM5
SIM1
SIM2
SIM3
SIM4
1
21
22
SIM5
SIM1
SIM2
SIM3
SIM4
1
21
22
SIM5
SIM1
SIM2
SIM3
SIM4
1
21
22
SIM5
SIM1
SIM2
SIM3
SIM4
1
21
22
SIM5
SIM1
SIM2
SIM3
SIM4
1
21
22
SIM5
SIM1
SIM2
SIM3
SIM4
1
21
22
SIM5
SIM1
SIM2
SIM3
SIM4
1
21
22
SIM5
SIM1
SIM2
SIM3
SIM4
1
21
22
SIM5
SIM1
SIM2
SIM3
SIM4
1
21
22
SIM5
SIM1
SIM2
SIM3
SIM4
1
21
22
SIM5
SIM1
SIM2
SIM3
SIM4
1
21
22
SIM5
SIM1
SIM2
SIM3
SIM4
1
21
22
SIM5
SIM1
SIM2
SIM3
SIM4
1
21
22
SIM5
SIM1
SIM2
SIM3
SIM4
1
21
22
SIM5
SIM1
SIM2
SIM3
SIM4
1
21
22
SIM5
SIM1
SIM2
SIM3
SIM4
1
21
22
SIM5
SIM1
SIM2
SIM3
SIM4
1
21
22
SIM5
SIM1
SIM2
SIM3
SIM4
1
21
22
SIM5
SIM1
SIM2
SIM3
SIM4
1
21
22
SIM5
SIM1
SIM2
SIM3
SIM4
1
21
22
SIM5
SIM1
SIM2
SIM3
SIM4
1
21
22
SIM5
SIM1
SIM2
SIM3
SIM4
1
21
22
SIM5
SIM1
SIM2
SIM3
SIM4
1
21
22
SIM5
SIM1
SIM2
SIM3
SIM4
1
21
22
SIM5
SIM1
SIM2
SIM3
SIM4
1
21
22
SIM5
SIM1
SIM2
SIM3
SIM4
1
21
22
SIM5
SIM1
SIM2
SIM3
SIM4
1
21
22
SIM5
SIM1
SIM2
SIM3
SIM4
1
21
22
SIM5
SIM1
SIM2
SIM3
SIM4
1
21
22
SIM5
SIM1
SIM2
SIM3
SIM4
1
21
22
SIM5
SIM1
SIM2
SIM3
SIM4
1
21
22
SIM5
SIM1
SIM2
SIM3
SIM4
1
21
22
SIM5
SIM1
SIM2
SIM3
SIM4
1
21
22
SIM5
SIM1
SIM2
SIM3
SIM4
1
21
22
SIM5
SIM1
SIM2
SIM3
SIM4
1
21
22
SIM5
SIM1
SIM2
SIM3
SIM4
1
21
22
SIM5
SIM1
SIM2
SIM3
SIM4
1
21
22
SIM5
SIM1
SIM2
SIM3
SIM4
1
21
22
SIM5
SIM1
SIM2
SIM3
SIM4
1
21
22
SIM5
SIM1
SIM2
SIM3
SIM4
1
21
22
SIM5
SIM1
SIM2
SIM3
SIM4
1
21
22
SIM5
SIM1
SIM2
SIM3
SIM4
1
21
22
SIM5
SIM1
SIM2
SIM3
SIM4
1
21
22
SIM5
SIM1
SIM2
SIM3
SIM4
1
21
22
SIM5
SIM1
SIM2
SIM3
SIM4
1
21
22
SIM5
SIM1
SIM2
SIM3
SIM4
1
21
22
SIM5
SIM1
SIM2
SIM3
SIM4
1
21
22
SIM5
SIM1
SIM2
SIM3
SIM4
1
21
22
SIM5
SIM1
SIM2
SIM3
SIM4
1
21
22
SIM5
SIM1
SIM2
SIM3
SIM4
1
21
22
SIM5
SIM1
SIM2
SIM3
SIM4
1
21
22
SIM5
SIM1
SIM2
SIM3
SIM4
1
21
22
SIM5
SIM1
SIM2
SIM3
SIM4
1
21
22
SIM5
SIM1
SIM2
SIM3
SIM4
1
21
22
SIM5
SIM1
SIM2
SIM3
SIM4
1
21
22
SIM5
SIM1
SIM2
SIM3
SIM4
1
21
22
SIM5
SIM1
SIM2
SIM3
SIM4
1
21
22
SIM5
SIM1
SIM2
SIM3
SIM4
1
21
22
SIM5
SIM1
SIM2
SIM3
SIM4
1
21
22
SIM5
SIM1
SIM2
SIM3
SIM4
1
21
22
SIM5
SIM1
SIM2
SIM3
SIM4
1
21
22
SIM5
SIM1
SIM2
SIM3
SIM4
1
21
22
SIM5
SIM1
SIM2
SIM3
SIM4
1
21
22
SIM5
SIM1
SIM2
SIM3
SIM4
1
21
22
SIM5
SIM1
SIM2
SIM3
SIM4
1
21
22
SIM5
SIM1
SIM2
SIM3
SIM4
1
21
22
SIM5
SIM1
SIM2
SIM3
SIM4
1
21
22
SIM5
SIM1
SIM2
SIM3
SIM4
1
21
22
SIM5
SIM1
SIM2
SIM3
SIM4
1
21
22
SIM5
SIM1
SIM2
SIM3
SIM4
1
21
22
SIM5
SIM1
SIM2
SIM3
SIM4
1
21
22
SIM5
SIM1
SIM2
SIM3
SIM4
1
21
22
SIM5
SIM1
SIM2
SIM3
SIM4
1
21
22
SIM5
SIM1
SIM2
SIM3
SIM4
1
21
22
SIM5
SIM1
SIM2
SIM3
SIM4
1
21
22
SIM5
SIM1
SIM2
SIM3
SIM4
1
21
22
SIM5
SIM1
SIM2
SIM3
SIM4
1
21
22
SIM5
SIM1
SIM2
SIM3
SIM4
1
21
22
SIM5
SIM1
SIM2
SIM3
SIM4
1
21
22
SIM5
SIM1
SIM2
SIM3
SIM4
1
21
22
SIM5
SIM1
SIM2
SIM3
SIM4
1
21
22
SIM5
SIM1
SIM2
SIM3
SIM4
1
21
22
SIM5
SIM1
SIM2
SIM3
SIM4
1
21
22
SIM5
SIM1
SIM2
SIM3
SIM4
1
21
22
SIM5
SIM1
SIM2
SIM3
SIM4
1
21
22
SIM5
SIM1
SIM2
SIM3
SIM4
1
21
22
SIM5
SIM1
SIM2
SIM3
SIM4
1
21
22
SIM5
SIM1
SIM2
SIM3
SIM4
1
21
22
SIM5
SIM1
SIM2
SIM3
SIM4
1
21
22
SIM5
SIM1
SIM2
SIM3
SIM4
1
21
22
SIM5
SIM1
SIM2
SIM3
SIM4
1
21
22
SIM5
SIM1
SIM2
SIM3
SIM4
1
21
22
SIM5
SIM1
SIM2
SIM3
SIM4
1
21
22
SIM5
SIM1
SIM2
SIM3
SIM4
1
21
22
SIM5
SIM1
SIM2
SIM3
SIM4
1
21
22
SIM5
SIM1
SIM2
SIM3
SIM4
1
21
22
SIM5
SIM1
SIM2
SIM3
SIM4
1
21
22
SIM5
SIM1
SIM2
SIM3
SIM4
1
21
22
SIM5
SIM1
SIM2
SIM3
SIM4
1
21
22
SIM5
SIM1
SIM2
SIM3
SIM4
1
21
22
SIM5
SIM1
SIM2
SIM3
SIM4
1
21
22
SIM5
SIM1
SIM2
SIM3
SIM4
1
21
22
SIM5
SIM1
SIM2
SIM3
SIM4
1
21
22
SIM5
SIM1
SIM2
SIM3
SIM4
1
21
22
SIM5
SIM1
SIM2
SIM3
SIM4
1
21
22
SIM5
SIM1
SIM2
SIM3
SIM4
1
21
22
SIM5
SIM1
SIM2
SIM3
SIM4
1
21
22
SIM5
SIM1
SIM2
SIM3
SIM4
1
21
22
SIM5
SIM1
SIM2
SIM3
SIM4
1
21
22
SIM5
SIM1
SIM2
SIM3
SIM4
1
21
22
SIM5
SIM1
SIM2
SIM3
SIM4
1
21
22
SIM5
SIM1
SIM2
SIM3
SIM4
1
21
22
SIM5
SIM1
SIM2
SIM3
SIM4
1
21
22
SIM5
SIM1
SIM2
SIM3
SIM4
1
21
22
SIM5
SIM1
SIM2
SIM3
SIM4
1
21
22
SIM5
SIM1
SIM2
SIM3
SIM4
1
21
22
SIM5
SIM1
SIM2
SIM3
SIM4
1
21
22
SIM5
SIM1
SIM2
SIM3
SIM4
1
21
22
SIM5
SIM1
SIM2
SIM3
SIM4
1
21
22
SIM5
SIM1
SIM2
SIM3
SIM4
1
21
22
SIM5
SIM1
SIM2
SIM3
SIM4
1
21
22
SIM5
SIM1
SIM2
SIM3
SIM4
1
21
22
SIM5
SIM1
SIM2
SIM3
SIM4
1
21
22
SIM5
SIM1
SIM2
SIM3
SIM4
1
21
22
SIM5
SIM1
SIM2
SIM3
SIM4
1
21
22
SIM5
SIM1
SIM2
SIM3
SIM4
1
21
22
SIM5
SIM1
SIM2
SIM3
SIM4
1
21
22
SIM5
SIM1
SIM2
SIM3
SIM4
1
21
22
SIM5
SIM1
SIM2
SIM3
SIM4
1
21
22
SIM5
SIM1
SIM2
SIM3
SIM4
1
21
22
SIM5
SIM1
SIM2
SIM3
SIM4
1
21
22
SIM5
SIM1
SIM2
SIM3
SIM4
1
21
22
SIM5
SIM1
SIM2
SIM3
SIM4
1
21
22
SIM5
SIM1
SIM2
SIM3
SIM4
1
21
22
SIM5
SIM1
SIM2
SIM3
SIM4
1
21
22
SIM5
SIM1
SIM2
SIM3
SIM4
1
21
22
SIM5
SIM1
SIM2
SIM3
SIM4
1
21
22
SIM5
SIM1
SIM2
SIM3
SIM4
1
21
22
SIM5
SIM1
SIM2
SIM3
SIM4
1
21
22
SIM5
SIM1
SIM2
SIM3
SIM4
1
21
22
SIM5
SIM1
SIM2
SIM3
SIM4
1
21
22
SIM5
SIM1
SIM2
SIM3
SIM4
1
21
22
SIM5
SIM1
SIM2
SIM3
SIM4
1
21
22
SIM5
SIM1
SIM2
SIM3
SIM4
1
21
22
SIM5
SIM1
SIM2
SIM3
SIM4
1
21
22
SIM5
SIM1
SIM2
SIM3
SIM4
1
21
22
SIM5
SIM1
SIM2
SIM3
SIM4
1
21
22
SIM5
SIM1
SIM2
SIM3
SIM4
1
21
22
SIM5
SIM1
SIM2
SIM3
SIM4
1
21
22
SIM5
SIM1
SIM2
SIM3
SIM4
1
21
22
SIM5
SIM1
SIM2
SIM3
SIM4
1
21
22
SIM5
SIM1
SIM2
DEBUG 1 196
SIM1
SIM2
SIM3
SIM4
1
21
22
SIM5
SIM1
SIM2
SIM3
SIM4
1
21
22
SIM5
SIM1
SIM2
SIM3
SIM4
1
21
22
SIM5
SIM1
SIM2
SIM3
SIM4
1
21
22
SIM5
SIM1
SIM2
SIM3
SIM4
1
21
22
SIM5
SIM1
SIM2
SIM3
SIM4
1
21
22
SIM5
SIM1
SIM2
SIM3
SIM4
1
21
22
SIM5
SIM1
SIM2
SIM3
SIM4
1
21
22
SIM5
SIM1
SIM2
SIM3
SIM4
1
21
22
SIM5
SIM1
SIM2
SIM3
SIM4
1
21
22
SIM5
SIM1
SIM2
SIM3
SIM4
1
21
22
SIM5
SIM1
SIM2
SIM3
SIM4
1
21
22
SIM5
SIM1
SIM2
SIM3
SIM4
1
21
22
SIM5
SIM1
SIM2
SIM3
SIM4
1
21
22
SIM5
SIM1
SIM2
SIM3
SIM4
1
21
22
SIM5
SIM1
SIM2
SIM3
SIM4
1
21
22
SIM5
SIM1
SIM2
SIM3
SIM4
1
21
22
SIM5
SIM1
SIM2
SIM3
SIM4
1
21
22
SIM5
SIM1
SIM2
SIM3
SIM4
1
21
22
SIM5
SIM1
SIM2
SIM3
SIM4
1
21
22
SIM5
SIM1
SIM2
SIM3
SIM4
1
21
22
SIM5
SIM1
SIM2
SIM3
SIM4
1
21
22
SIM5
SIM1
SIM2
SIM3
SIM4
1
21
22
SIM5
SIM1
SIM2
SIM3
SIM4
1
21
22
SIM5
SIM1
SIM2
SIM3
SIM4
1
21
22
SIM5
SIM1
SIM2
SIM3
SIM4
1
21
22
SIM5
SIM1
SIM2
SIM3
SIM4
1
21
22
SIM5
SIM1
SIM2
SIM3
SIM4
1
21
22
SIM5
SIM1
SIM2
SIM3
SIM4
1
21
22
SIM5
SIM1
SIM2
SIM3
SIM4
1
21
22
SIM5
SIM1
SIM2
SIM3
SIM4
1
21
22
SIM5
SIM1
SIM2
SIM3
SIM4
1
21
22
SIM5
SIM1
SIM2
SIM3
SIM4
1
21
22
SIM5
SIM1
SIM2
SIM3
SIM4
1
21
22
SIM5
SIM1
SIM2
SIM3
SIM4
1
21
22
SIM5
SIM1
SIM2
SIM3
SIM4
1
21
22
SIM5
SIM1
SIM2
SIM3
SIM4
1
21
22
SIM5
SIM1
SIM2
SIM3
SIM4
1
21
22
SIM5
SIM1
SIM2
SIM3
SIM4
1
21
22
SIM5
SIM1
SIM2
SIM3
SIM4
1
21
22
SIM5
SIM1
SIM2
SIM3
SIM4
1
21
22
SIM5
SIM1
SIM2
SIM3
SIM4
1
21
22
SIM5
SIM1
SIM2
SIM3
SIM4
1
21
22
SIM5
SIM1
SIM2
SIM3
SIM4
1
21
22
SIM5
SIM1
SIM2
SIM3
SIM4
1
21
22
SIM5
SIM1
SIM2
SIM3
SIM4
1
21
22
SIM5
SIM1
SIM2
SIM3
SIM4
1
21
22
SIM5
SIM1
SIM2
SIM3
SIM4
1
21
22
SIM5
SIM1
SIM2
SIM3
SIM4
1
21
22
SIM5
SIM1
SIM2
SIM3
SIM4
1
21
22
SIM5
SIM1
SIM2
SIM3
SIM4
1
21
22
SIM5
SIM1
SIM2
SIM3
SIM4
1
21
22
SIM5
SIM1
SIM2
SIM3
SIM4
1
21
22
SIM5
SIM1
SIM2
SIM3
SIM4
1
21
22
SIM5
SIM1
SIM2
SIM3
SIM4
1
21
22
SIM5
SIM1
SIM2
SIM3
SIM4
1
21
22
SIM5
SIM1
SIM2
SIM3
SIM4
1
21
22
SIM5
SIM1
SIM2
SIM3
SIM4
1
21
22
SIM5
SIM1
SIM2
SIM3
SIM4
1
21
22
SIM5
SIM1
SIM2
SIM3
SIM4
1
21
22
SIM5
SIM1
SIM2
SIM3
SIM4
1
21
22
SIM5
SIM1
SIM2
SIM3
SIM4
1
21
22
SIM5
SIM1
SIM2
SIM3
SIM4
1
21
22
SIM5
SIM1
SIM2
SIM3
SIM4
1
21
22
SIM5
SIM1
SIM2
SIM3
SIM4
1
21
22
SIM5
SIM1
SIM2
SIM3
SIM4
1
21
22
SIM5
SIM1
SIM2
SIM3
SIM4
1
21
22
SIM5
SIM1
SIM2
SIM3
SIM4
1
21
22
SIM5
SIM1
SIM2
SIM3
SIM4
1
21
22
SIM5
SIM1
SIM2
SIM3
SIM4
1
21
22
SIM5
SIM1
SIM2
SIM3
SIM4
1
21
22
SIM5
SIM1
SIM2
SIM3
SIM4
1
21
22
SIM5
SIM1
SIM2
SIM3
SIM4
1
21
22
SIM5
SIM1
SIM2
SIM3
SIM4
1
21
22
SIM5
SIM1
SIM2
SIM3
SIM4
1
21
22
SIM5
SIM1
SIM2
SIM3
SIM4
1
21
22
SIM5
SIM1
SIM2
SIM3
SIM4
1
21
22
SIM5
SIM1
SIM2
SIM3
SIM4
1
21
22
SIM5
SIM1
SIM2
SIM3
SIM4
1
21
22
SIM5
SIM1
SIM2
DEBUG 1 197
SIM1
SIM2
SIM3
SIM4
1
21
22
SIM5
SIM1
SIM2
SIM3
SIM4
1
21
22
SIM5
SIM1
SIM2
SIM3
SIM4
1
21
22
SIM5
SIM1
SIM2
SIM3
SIM4
1
21
22
SIM5
SIM1
SIM2
SIM3
SIM4
1
21
22
SIM5
SIM1
SIM2
SIM3
SIM4
1
21
22
SIM5
SIM1
SIM2
SIM3
SIM4
1
21
22
SIM5
SIM1
SIM2
SIM3
SIM4
1
21
22
SIM5
SIM1
SIM2
SIM3
SIM4
1
21
22
SIM5
SIM1
SIM2
SIM3
SIM4
1
21
22
SIM5
SIM1
SIM2
SIM3
SIM4
1
21
22
SIM5
SIM1
SIM2
SIM3
SIM4
1
21
22
SIM5
SIM1
SIM2
SIM3
SIM4
1
21
22
SIM5
SIM1
SIM2
SIM3
SIM4
1
21
22
SIM5
SIM1
SIM2
SIM3
SIM4
1
21
22
SIM5
SIM1
SIM2
SIM3
SIM4
1
21
22
SIM5
SIM1
SIM2
SIM3
SIM4
1
21
22
SIM5
SIM1
SIM2
SIM3
SIM4
1
21
22
SIM5
SIM1
SIM2
SIM3
SIM4
1
21
22
SIM5
SIM1
SIM2
SIM3
SIM4
1
21
22
SIM5
SIM1
SIM2
SIM3
SIM4
1
21
22
SIM5
SIM1
SIM2
SIM3
SIM4
1
21
22
SIM5
SIM1
SIM2
SIM3
SIM4
1
21
22
SIM5
SIM1
SIM2
SIM3
SIM4
1
21
22
SIM5
SIM1
SIM2
SIM3
SIM4
1
21
22
SIM5
SIM1
SIM2
SIM3
SIM4
1
21
22
SIM5
SIM1
SIM2
SIM3
SIM4
1
21
22
SIM5
SIM1
SIM2
SIM3
SIM4
1
21
22
SIM5
SIM1
SIM2
SIM3
SIM4
1
21
22
SIM5
SIM1
SIM2
SIM3
SIM4
1
21
22
SIM5
SIM1
SIM2
SIM3
SIM4
1
21
22
SIM5
SIM1
SIM2
SIM3
SIM4
1
21
22
SIM5
SIM1
SIM2
SIM3
SIM4
1
21
22
SIM5
SIM1
SIM2
SIM3
SIM4
1
21
22
SIM5
SIM1
SIM2
SIM3
SIM4
1
21
22
SIM5
SIM1
SIM2
SIM3
SIM4
1
21
22
SIM5
SIM1
SIM2
SIM3
SIM4
1
21
22
SIM5
SIM1
SIM2
SIM3
SIM4
1
21
22
SIM5
SIM1
SIM2
SIM3
SIM4
1
21
22
SIM5
SIM1
SIM2
SIM3
SIM4
1
21
22
SIM5
SIM1
SIM2
SIM3
SIM4
1
21
22
SIM5
SIM1
SIM2
SIM3
SIM4
1
21
22
SIM5
SIM1
SIM2
SIM3
SIM4
1
21
22
SIM5
SIM1
SIM2
SIM3
SIM4
1
21
22
SIM5
SIM1
SIM2
SIM3
SIM4
1
21
22
SIM5
SIM1
SIM2
SIM3
SIM4
1
21
22
SIM5
SIM1
SIM2
SIM3
SIM4
1
21
22
SIM5
SIM1
SIM2
SIM3
SIM4
1
21
22
SIM5
SIM1
SIM2
SIM3
SIM4
1
21
22
SIM5
SIM1
SIM2
SIM3
SIM4
1
21
22
SIM5
SIM1
SIM2
SIM3
SIM4
1
21
22
SIM5
SIM1
SIM2
SIM3
SIM4
1
21
22
SIM5
SIM1
SIM2
SIM3
SIM4
1
21
22
SIM5
SIM1
SIM2
SIM3
SIM4
1
21
22
SIM5
SIM1
SIM2
SIM3
SIM4
1
21
22
SIM5
SIM1
SIM2
SIM3
SIM4
1
21
22
SIM5
SIM1
SIM2
SIM3
SIM4
1
21
22
SIM5
SIM1
SIM2
SIM3
SIM4
1
21
22
SIM5
SIM1
SIM2
SIM3
SIM4
1
21
22
SIM5
SIM1
SIM2
SIM3
SIM4
1
21
22
SIM5
SIM1
SIM2
SIM3
SIM4
1
21
22
SIM5
SIM1
SIM2
SIM3
SIM4
1
21
22
SIM5
SIM1
SIM2
SIM3
SIM4
1
21
22
SIM5
SIM1
SIM2
SIM3
SIM4
1
21
22
SIM5
SIM1
SIM2
SIM3
SIM4
1
21
22
SIM5
SIM1
SIM2
SIM3
SIM4
1
21
22
SIM5
SIM1
SIM2
SIM3
SIM4
1
21
22
SIM5
SIM1
SIM2
SIM3
SIM4
1
21
22
SIM5
SIM1
SIM2
SIM3
SIM4
1
21
22
SIM5
SIM1
SIM2
SIM3
SIM4
1
21
22
SIM5
SIM1
SIM2
SIM3
SIM4
1
21
22
SIM5
SIM1
SIM2
SIM3
SIM4
1
21
22
SIM5
SIM1
SIM2
SIM3
SIM4
1
21
22
SIM5
SIM1
SIM2
SIM3
SIM4
1
21
22
SIM5
SIM1
SIM2
SIM3
SIM4
1
21
22
SIM5
SIM1
SIM2
SIM3
SIM4
1
21
22
SIM5
SIM1
SIM2
SIM3
SIM4
1
21
22
SIM5
SIM1
SIM2
SIM3
SIM4
1
21
22
SIM5
SIM1
SIM2
SIM3
SIM4
1
21
22
SIM5
SIM1
SIM2
SIM3
SIM4
1
21
22
SIM5
SIM1
SIM2
SIM3
SIM4
1
21
22
SIM5
SIM1
SIM2
SIM3
SIM4
1
21
22
SIM5
SIM1
SIM2
SIM3
SIM4
1
21
22
SIM5
SIM1
SIM2
SIM3
SIM4
1
21
22
SIM5
SIM1
SIM2
SIM3
SIM4
1
21
22
SIM5
SIM1
SIM2
SIM3
SIM4
1
21
22
SIM5
SIM1
SIM2
SIM3
SIM4
1
21
22
SIM5
SIM1
SIM2
SIM3
SIM4
1
21
22
SIM5
SIM1
SIM2
SIM3
SIM4
1
21
22
SIM5
SIM1
SIM2
SIM3
SIM4
1
21
22
SIM5
SIM1
SIM2
SIM3
SIM4
1
21
22
SIM5
SIM1
SIM2
SIM3
SIM4
1
21
22
SIM5
SIM1
SIM2
SIM3
SIM4
1
21
22
SIM5
SIM1
SIM2
SIM3
SIM4
1
21
22
SIM5
SIM1
SIM2
SIM3
SIM4
1
21
22
SIM5
SIM1
SIM2
SIM3
SIM4
1
21
22
SIM5
SIM1
SIM2
SIM3
SIM4
1
21
22
SIM5
SIM1
SIM2
SIM3
SIM4
1
21
22
SIM5
SIM1
SIM2
SIM3
SIM4
1
21
22
SIM5
SIM1
SIM2
SIM3
SIM4
1
21
22
SIM5
SIM1
SIM2
SIM3
SIM4
1
21
22
SIM5
SIM1
SIM2
SIM3
SIM4
1
21
22
SIM5
SIM1
SIM2
SIM3
SIM4
1
21
22
SIM5
SIM1
SIM2
SIM3
SIM4
1
21
22
SIM5
SIM1
SIM2
SIM3
SIM4
1
21
22
SIM5
SIM1
SIM2
SIM3
SIM4
1
21
22
SIM5
SIM1
SIM2
SIM3
SIM4
1
21
22
SIM5
SIM1
SIM2
SIM3
SIM4
1
21
22
SIM5
SIM1
SIM2
SIM3
SIM4
1
21
22
SIM5
SIM1
SIM2
SIM3
SIM4
1
21
22
SIM5
SIM1
SIM2
SIM3
SIM4
1
21
22
SIM5
SIM1
SIM2
SIM3
SIM4
1
21
22
SIM5
SIM1
SIM2
SIM3
SIM4
1
21
22
SIM5
SIM1
SIM2
SIM3
SIM4
1
21
22
SIM5
SIM1
SIM2
SIM3
SIM4
1
21
22
SIM5
SIM1
SIM2
SIM3
SIM4
1
21
22
SIM5
SIM1
SIM2
SIM3
SIM4
1
21
22
SIM5
SIM1
SIM2
SIM3
SIM4
1
21
22
SIM5
SIM1
SIM2
SIM3
SIM4
1
21
22
SIM5
SIM1
SIM2
SIM3
SIM4
1
21
22
SIM5
SIM1
SIM2
SIM3
SIM4
1
21
22
SIM5
SIM1
SIM2
SIM3
SIM4
1
21
22
SIM5
SIM1
SIM2
SIM3
SIM4
1
21
22
SIM5
SIM1
SIM2
SIM3
SIM4
1
21
22
SIM5
SIM1
SIM2
SIM3
SIM4
1
21
22
SIM5
SIM1
SIM2
SIM3
SIM4
1
21
22
SIM5
SIM1
SIM2
SIM3
SIM4
1
21
22
SIM5
SIM1
SIM2
SIM3
SIM4
1
21
22
SIM5
SIM1
SIM2
SIM3
SIM4
1
21
22
SIM5
SIM1
SIM2
SIM3
SIM4
1
21
22
SIM5
SIM1
SIM2
SIM3
SIM4
1
21
22
SIM5
SIM1
SIM2
SIM3
SIM4
1
21
22
SIM5
SIM1
SIM2
SIM3
SIM4
1
21
22
SIM5
SIM1
SIM2
SIM3
SIM4
1
21
22
SIM5
SIM1
SIM2
SIM3
SIM4
1
21
22
SIM5
SIM1
SIM2
SIM3
SIM4
1
21
22
SIM5
SIM1
SIM2
SIM3
SIM4
1
21
22
SIM5
SIM1
SIM2
SIM3
SIM4
1
21
22
SIM5
SIM1
SIM2
SIM3
SIM4
1
21
22
SIM5
SIM1
SIM2
SIM3
SIM4
1
21
22
SIM5
SIM1
SIM2
SIM3
SIM4
1
21
22
SIM5
SIM1
SIM2
SIM3
SIM4
1
21
22
SIM5
SIM1
SIM2
SIM3
SIM4
1
21
22
SIM5
SIM1
SIM2
SIM3
SIM4
1
21
22
SIM5
SIM1
SIM2
SIM3
SIM4
1
21
22
SIM5
SIM1
SIM2
SIM3
SIM4
1
21
22
SIM5
SIM1
SIM2
SIM3
SIM4
1
21
22
SIM5
SIM1
SIM2
SIM3
SIM4
1
21
22
SIM5
SIM1
SIM2
SIM3
SIM4
1
21
22
SIM5
SIM1
SIM2
SIM3
SIM4
1
21
22
SIM5
SIM1
SIM2
SIM3
SIM4
1
21
22
SIM5
SIM1
SIM2
SIM3
SIM4
1
21
22
SIM5
SIM1
SIM2
SIM3
SIM4
1
21
22
SIM5
SIM1
SIM2
SIM3
SIM4
1
21
22
SIM5
SIM1
SIM2
SIM3
SIM4
1
21
22
SIM5
SIM1
SIM2
SIM3
SIM4
1
21
22
SIM5
SIM1
SIM2
SIM3
SIM4
1
21
22
SIM5
SIM1
SIM2
SIM3
SIM4
1
21
22
SIM5
SIM1
SIM2
SIM3
SIM4
1
21
22
SIM5
SIM1
SIM2
SIM3
SIM4
1
21
22
SIM5
SIM1
SIM2
SIM3
SIM4
1
21
22
SIM5
SIM1
SIM2
SIM3
SIM4
1
21
22
SIM5
SIM1
SIM2
SIM3
SIM4
1
21
22
SIM5
SIM1
SIM2
SIM3
SIM4
1
21
22
SIM5
SIM1
SIM2
SIM3
SIM4
1
21
22
SIM5
SIM1
SIM2
SIM3
SIM4
1
21
22
SIM5
SIM1
SIM2
SIM3
SIM4
1
21
22
SIM5
SIM1
SIM2
SIM3
SIM4
1
21
22
SIM5
SIM1
SIM2
SIM3
SIM4
1
21
22
SIM5
SIM1
SIM2
SIM3
SIM4
1
21
22
SIM5
SIM1
SIM2
SIM3
SIM4
1
21
22
SIM5
SIM1
SIM2
SIM3
SIM4
1
21
22
SIM5
SIM1
SIM2
SIM3
SIM4
1
21
22
SIM5
SIM1
SIM2
SIM3
SIM4
1
21
22
SIM5
SIM1
SIM2
SIM3
SIM4
1
21
22
SIM5
SIM1
SIM2
SIM3
SIM4
1
21
22
SIM5
SIM1
SIM2
SIM3
SIM4
1
21
22
SIM5
SIM1
SIM2
SIM3
SIM4
1
21
22
SIM5
SIM1
SIM2
SIM3
SIM4
1
21
22
SIM5
SIM1
SIM2
SIM3
SIM4
1
21
22
SIM5
SIM1
SIM2
SIM3
SIM4
1
21
22
SIM5
SIM1
SIM2
SIM3
SIM4
1
21
22
SIM5
SIM1
SIM2
SIM3
SIM4
1
21
22
SIM5
SIM1
SIM2
SIM3
SIM4
1
21
22
SIM5
SIM1
SIM2
SIM3
SIM4
1
21
22
SIM5
SIM1
SIM2
SIM3
SIM4
1
21
22
SIM5
SIM1
SIM2
SIM3
SIM4
1
21
22
SIM5
SIM1
SIM2
SIM3
SIM4
1
21
22
SIM5
SIM1
SIM2
SIM3
SIM4
1
21
22
SIM5
SIM1
SIM2
SIM3
SIM4
1
21
22
SIM5
SIM1
SIM2
SIM3
SIM4
1
21
22
SIM5
SIM1
SIM2
SIM3
SIM4
1
21
22
SIM5
SIM1
SIM2
SIM3
SIM4
1
21
22
SIM5
SIM1
SIM2
SIM3
SIM4
1
21
22
SIM5
SIM1
SIM2
SIM3
SIM4
1
21
22
SIM5
SIM1
SIM2
SIM3
SIM4
1
21
22
SIM5
SIM1
SIM2
SIM3
SIM4
1
21
22
SIM5
SIM1
SIM2
SIM3
SIM4
1
21
22
SIM5
SIM1
SIM2
SIM3
SIM4
1
21
22
SIM5
SIM1
SIM2
DEBUG 1 198
SIM1
SIM2
SIM3
SIM4
1
21
22
SIM5
SIM1
SIM2
SIM3
SIM4
1
21
22
SIM5
SIM1
SIM2
SIM3
SIM4
1
21
22
SIM5
SIM1
SIM2
SIM3
SIM4
1
21
22
SIM5
SIM1
SIM2
SIM3
SIM4
1
21
22
SIM5
SIM1
SIM2
SIM3
SIM4
1
21
22
SIM5
SIM1
SIM2
SIM3
SIM4
1
21
22
SIM5
SIM1
SIM2
SIM3
SIM4
1
21
22
SIM5
SIM1
SIM2
SIM3
SIM4
1
21
22
SIM5
SIM1
SIM2
SIM3
SIM4
1
21
22
SIM5
SIM1
SIM2
SIM3
SIM4
1
21
22
SIM5
SIM1
SIM2
SIM3
SIM4
1
21
22
SIM5
SIM1
SIM2
SIM3
SIM4
1
21
22
SIM5
SIM1
SIM2
SIM3
SIM4
1
21
22
SIM5
SIM1
SIM2
SIM3
SIM4
1
21
22
SIM5
SIM1
SIM2
SIM3
SIM4
1
21
22
SIM5
SIM1
SIM2
SIM3
SIM4
1
21
22
SIM5
SIM1
SIM2
SIM3
SIM4
1
21
22
SIM5
SIM1
SIM2
SIM3
SIM4
1
21
22
SIM5
SIM1
SIM2
SIM3
SIM4
1
21
22
SIM5
SIM1
SIM2
SIM3
SIM4
1
21
22
SIM5
SIM1
SIM2
SIM3
SIM4
1
21
22
SIM5
SIM1
SIM2
SIM3
SIM4
1
21
22
SIM5
SIM1
SIM2
SIM3
SIM4
1
21
22
SIM5
SIM1
SIM2
SIM3
SIM4
1
21
22
SIM5
SIM1
SIM2
SIM3
SIM4
1
21
22
SIM5
SIM1
SIM2
SIM3
SIM4
1
21
22
SIM5
SIM1
SIM2
SIM3
SIM4
1
21
22
SIM5
SIM1
SIM2
SIM3
SIM4
1
21
22
SIM5
SIM1
SIM2
SIM3
SIM4
1
21
22
SIM5
SIM1
SIM2
SIM3
SIM4
1
21
22
SIM5
SIM1
SIM2
SIM3
SIM4
1
21
22
SIM5
SIM1
SIM2
SIM3
SIM4
1
21
22
SIM5
SIM1
SIM2
SIM3
SIM4
1
21
22
SIM5
SIM1
SIM2
SIM3
SIM4
1
21
22
SIM5
SIM1
SIM2
SIM3
SIM4
1
21
22
SIM5
SIM1
SIM2
SIM3
SIM4
1
21
22
SIM5
SIM1
SIM2
SIM3
SIM4
1
21
22
SIM5
SIM1
SIM2
SIM3
SIM4
1
21
22
SIM5
SIM1
SIM2
SIM3
SIM4
1
21
22
SIM5
SIM1
SIM2
SIM3
SIM4
1
21
22
SIM5
SIM1
SIM2
SIM3
SIM4
1
21
22
SIM5
SIM1
SIM2
SIM3
SIM4
1
21
22
SIM5
SIM1
SIM2
SIM3
SIM4
1
21
22
SIM5
SIM1
SIM2
SIM3
SIM4
1
21
22
SIM5
SIM1
SIM2
SIM3
SIM4
1
21
22
SIM5
SIM1
SIM2
SIM3
SIM4
1
21
22
SIM5
SIM1
SIM2
SIM3
SIM4
1
21
22
SIM5
SIM1
SIM2
SIM3
SIM4
1
21
22
SIM5
SIM1
SIM2
SIM3
SIM4
1
21
22
SIM5
SIM1
SIM2
SIM3
SIM4
1
21
22
SIM5
SIM1
SIM2
SIM3
SIM4
1
21
22
SIM5
SIM1
SIM2
SIM3
SIM4
1
21
22
SIM5
SIM1
SIM2
SIM3
SIM4
1
21
22
SIM5
SIM1
SIM2
SIM3
SIM4
1
21
22
SIM5
SIM1
SIM2
SIM3
SIM4
1
21
22
SIM5
SIM1
SIM2
SIM3
SIM4
1
21
22
SIM5
SIM1
SIM2
SIM3
SIM4
1
21
22
SIM5
SIM1
SIM2
SIM3
SIM4
1
21
22
SIM5
SIM1
SIM2
SIM3
SIM4
1
21
22
SIM5
SIM1
SIM2
SIM3
SIM4
1
21
22
SIM5
SIM1
SIM2
SIM3
SIM4
1
21
22
SIM5
SIM1
SIM2
SIM3
SIM4
1
21
22
SIM5
SIM1
SIM2
SIM3
SIM4
1
21
22
SIM5
SIM1
SIM2
SIM3
SIM4
1
21
22
SIM5
SIM1
SIM2
SIM3
SIM4
1
21
22
SIM5
SIM1
SIM2
SIM3
SIM4
1
21
22
SIM5
SIM1
SIM2
SIM3
SIM4
1
21
22
SIM5
SIM1
SIM2
SIM3
SIM4
1
21
22
SIM5
SIM1
SIM2
SIM3
SIM4
1
21
22
SIM5
SIM1
SIM2
SIM3
SIM4
1
21
22
SIM5
SIM1
SIM2
SIM3
SIM4
1
21
22
SIM5
SIM1
SIM2
SIM3
SIM4
1
21
22
SIM5
SIM1
SIM2
SIM3
SIM4
1
21
22
SIM5
SIM1
SIM2
SIM3
SIM4
1
21
22
SIM5
SIM1
SIM2
SIM3
SIM4
1
21
22
SIM5
SIM1
SIM2
SIM3
SIM4
1
21
22
SIM5
SIM1
SIM2
SIM3
SIM4
1
21
22
SIM5
SIM1
SIM2
SIM3
SIM4
1
21
22
SIM5
SIM1
SIM2
DEBUG 1 199
SIM1
SIM2
SIM3
SIM4
1
21
22
SIM5
SIM1
SIM2
SIM3
SIM4
1
21
22
SIM5
SIM1
SIM2
SIM3
SIM4
1
21
22
SIM5
SIM1
SIM2
SIM3
SIM4
1
21
22
SIM5
SIM1
SIM2
SIM3
SIM4
1
21
22
SIM5
SIM1
SIM2
SIM3
SIM4
1
21
22
SIM5
SIM1
SIM2
SIM3
SIM4
1
21
22
SIM5
SIM1
SIM2
SIM3
SIM4
1
21
22
SIM5
SIM1
SIM2
SIM3
SIM4
1
21
22
SIM5
SIM1
SIM2
SIM3
SIM4
1
21
22
SIM5
SIM1
SIM2
SIM3
SIM4
1
21
22
SIM5
SIM1
SIM2
SIM3
SIM4
1
21
22
SIM5
SIM1
SIM2
SIM3
SIM4
1
21
22
SIM5
SIM1
SIM2
SIM3
SIM4
1
21
22
SIM5
SIM1
SIM2
SIM3
SIM4
1
21
22
SIM5
SIM1
SIM2
SIM3
SIM4
1
21
22
SIM5
SIM1
SIM2
SIM3
SIM4
1
21
22
SIM5
SIM1
SIM2
SIM3
SIM4
1
21
22
SIM5
SIM1
SIM2
SIM3
SIM4
1
21
22
SIM5
SIM1
SIM2
SIM3
SIM4
1
21
22
SIM5
SIM1
SIM2
SIM3
SIM4
1
21
22
SIM5
SIM1
SIM2
SIM3
SIM4
1
21
22
SIM5
SIM1
SIM2
SIM3
SIM4
1
21
22
SIM5
SIM1
SIM2
SIM3
SIM4
1
21
22
SIM5
SIM1
SIM2
SIM3
SIM4
1
21
22
SIM5
SIM1
SIM2
SIM3
SIM4
1
21
22
SIM5
SIM1
SIM2
SIM3
SIM4
1
21
22
SIM5
SIM1
SIM2
SIM3
SIM4
1
21
22
SIM5
SIM1
SIM2
SIM3
SIM4
1
21
22
SIM5
SIM1
SIM2
SIM3
SIM4
1
21
22
SIM5
SIM1
SIM2
SIM3
SIM4
1
21
22
SIM5
SIM1
SIM2
SIM3
SIM4
1
21
22
SIM5
SIM1
SIM2
SIM3
SIM4
1
21
22
SIM5
SIM1
SIM2
SIM3
SIM4
1
21
22
SIM5
SIM1
SIM2
SIM3
SIM4
1
21
22
SIM5
SIM1
SIM2
SIM3
SIM4
1
21
22
SIM5
SIM1
SIM2
SIM3
SIM4
1
21
22
SIM5
SIM1
SIM2
SIM3
SIM4
1
21
22
SIM5
SIM1
SIM2
SIM3
SIM4
1
21
22
SIM5
SIM1
SIM2
SIM3
SIM4
1
21
22
SIM5
SIM1
SIM2
SIM3
SIM4
1
21
22
SIM5
SIM1
SIM2
SIM3
SIM4
1
21
22
SIM5
SIM1
SIM2
SIM3
SIM4
1
21
22
SIM5
SIM1
SIM2
SIM3
SIM4
1
21
22
SIM5
SIM1
SIM2
SIM3
SIM4
1
21
22
SIM5
SIM1
SIM2
SIM3
SIM4
1
21
22
SIM5
SIM1
SIM2
SIM3
SIM4
1
21
22
SIM5
SIM1
SIM2
SIM3
SIM4
1
21
22
SIM5
SIM1
SIM2
SIM3
SIM4
1
21
22
SIM5
SIM1
SIM2
SIM3
SIM4
1
21
22
SIM5
SIM1
SIM2
SIM3
SIM4
1
21
22
SIM5
SIM1
SIM2
SIM3
SIM4
1
21
22
SIM5
SIM1
SIM2
SIM3
SIM4
1
21
22
SIM5
SIM1
SIM2
SIM3
SIM4
1
21
22
SIM5
SIM1
SIM2
SIM3
SIM4
1
21
22
SIM5
SIM1
SIM2
SIM3
SIM4
1
21
22
SIM5
SIM1
SIM2
SIM3
SIM4
1
21
22
SIM5
SIM1
SIM2
SIM3
SIM4
1
21
22
SIM5
SIM1
SIM2
SIM3
SIM4
1
21
22
SIM5
SIM1
SIM2
SIM3
SIM4
1
21
22
SIM5
SIM1
SIM2
SIM3
SIM4
1
21
22
SIM5
SIM1
SIM2
SIM3
SIM4
1
21
22
SIM5
SIM1
SIM2
SIM3
SIM4
1
21
22
SIM5
SIM1
SIM2
SIM3
SIM4
1
21
22
SIM5
SIM1
SIM2
SIM3
SIM4
1
21
22
SIM5
SIM1
SIM2
SIM3
SIM4
1
21
22
SIM5
SIM1
SIM2
SIM3
SIM4
1
21
22
SIM5
SIM1
SIM2
SIM3
SIM4
1
21
22
SIM5
SIM1
SIM2
SIM3
SIM4
1
21
22
SIM5
SIM1
SIM2
SIM3
SIM4
1
21
22
SIM5
SIM1
SIM2
SIM3
SIM4
1
21
22
SIM5
SIM1
SIM2
SIM3
SIM4
1
21
22
SIM5
SIM1
SIM2
SIM3
SIM4
1
21
22
SIM5
SIM1
SIM2
SIM3
SIM4
1
21
22
SIM5
SIM1
SIM2
SIM3
SIM4
1
21
22
SIM5
SIM1
SIM2
SIM3
SIM4
1
21
22
SIM5
SIM1
SIM2
SIM3
SIM4
1
21
22
SIM5
SIM1
SIM2
SIM3
SIM4
1
21
22
SIM5
SIM1
SIM2
SIM3
SIM4
1
21
22
SIM5
SIM1
SIM2
SIM3
SIM4
1
21
22
SIM5
SIM1
SIM2
SIM3
SIM4
1
21
22
SIM5
SIM1
SIM2
SIM3
SIM4
1
21
22
SIM5
SIM1
SIM2
SIM3
SIM4
1
21
22
SIM5
SIM1
SIM2
SIM3
SIM4
1
21
22
SIM5
SIM1
SIM2
SIM3
SIM4
1
21
22
SIM5
SIM1
SIM2
SIM3
SIM4
1
21
22
SIM5
SIM1
SIM2
SIM3
SIM4
1
21
22
SIM5
SIM1
SIM2
SIM3
SIM4
1
21
22
SIM5
SIM1
SIM2
SIM3
SIM4
1
21
22
SIM5
SIM1
SIM2
SIM3
SIM4
1
21
22
SIM5
SIM1
SIM2
SIM3
SIM4
1
21
22
SIM5
SIM1
SIM2
SIM3
SIM4
1
21
22
SIM5
SIM1
SIM2
SIM3
SIM4
1
21
22
SIM5
SIM1
SIM2
SIM3
SIM4
1
21
22
SIM5
SIM1
SIM2
SIM3
SIM4
1
21
22
SIM5
SIM1
SIM2
SIM3
SIM4
1
21
22
SIM5
SIM1
SIM2
SIM3
SIM4
1
21
22
SIM5
SIM1
SIM2
SIM3
SIM4
1
21
22
SIM5
SIM1
SIM2
SIM3
SIM4
1
21
22
SIM5
SIM1
SIM2
SIM3
SIM4
1
21
22
SIM5
SIM1
SIM2
SIM3
SIM4
1
21
22
SIM5
SIM1
SIM2
SIM3
SIM4
1
21
22
SIM5
SIM1
SIM2
SIM3
SIM4
1
21
22
SIM5
SIM1
SIM2
SIM3
SIM4
1
21
22
SIM5
SIM1
SIM2
SIM3
SIM4
1
21
22
SIM5
SIM1
SIM2
SIM3
SIM4
1
21
22
SIM5
SIM1
SIM2
SIM3
SIM4
1
21
22
SIM5
SIM1
SIM2
SIM3
SIM4
1
21
22
SIM5
SIM1
SIM2
SIM3
SIM4
1
21
22
SIM5
SIM1
SIM2
SIM3
SIM4
1
21
22
SIM5
SIM1
SIM2
SIM3
SIM4
1
21
22
SIM5
SIM1
SIM2
SIM3
SIM4
1
21
22
SIM5
SIM1
SIM2
SIM3
SIM4
1
21
22
SIM5
SIM1
SIM2
SIM3
SIM4
1
21
22
SIM5
SIM1
SIM2
SIM3
SIM4
1
21
22
SIM5
SIM1
SIM2
SIM3
SIM4
1
21
22
SIM5
SIM1
SIM2
SIM3
SIM4
1
21
22
SIM5
SIM1
SIM2
SIM3
SIM4
1
21
22
SIM5
SIM1
SIM2
SIM3
SIM4
1
21
22
SIM5
SIM1
SIM2
SIM3
SIM4
1
21
22
SIM5
SIM1
SIM2
SIM3
SIM4
1
21
22
SIM5
SIM1
SIM2
SIM3
SIM4
1
21
22
SIM5
SIM1
SIM2
SIM3
SIM4
1
21
22
SIM5
SIM1
SIM2
SIM3
SIM4
1
21
22
SIM5
SIM1
SIM2
SIM3
SIM4
1
21
22
SIM5
SIM1
SIM2
SIM3
SIM4
1
21
22
SIM5
SIM1
SIM2
SIM3
SIM4
1
21
22
SIM5
SIM1
SIM2
SIM3
SIM4
1
21
22
SIM5
SIM1
SIM2
SIM3
SIM4
1
21
22
SIM5
SIM1
SIM2
SIM3
SIM4
1
21
22
SIM5
SIM1
SIM2
SIM3
SIM4
1
21
22
SIM5
SIM1
SIM2
SIM3
SIM4
1
21
22
SIM5
SIM1
SIM2
SIM3
SIM4
1
21
22
SIM5
SIM1
SIM2
SIM3
SIM4
1
21
22
SIM5
SIM1
SIM2
SIM3
SIM4
1
21
22
SIM5
SIM1
SIM2
SIM3
SIM4
1
21
22
SIM5
SIM1
SIM2
SIM3
SIM4
1
21
22
SIM5
SIM1
SIM2
SIM3
SIM4
1
21
22
SIM5
SIM1
SIM2
SIM3
SIM4
1
21
22
SIM5
SIM1
SIM2
SIM3
SIM4
1
21
22
SIM5
SIM1
SIM2
SIM3
SIM4
1
21
22
SIM5
SIM1
SIM2
SIM3
SIM4
1
21
22
SIM5
SIM1
SIM2
SIM3
SIM4
1
21
22
SIM5
SIM1
SIM2
SIM3
SIM4
1
21
22
SIM5
SIM1
SIM2
SIM3
SIM4
1
21
22
SIM5
SIM1
SIM2
SIM3
SIM4
1
21
22
SIM5
SIM1
SIM2
SIM3
SIM4
1
21
22
SIM5
SIM1
SIM2
SIM3
SIM4
1
21
22
SIM5
SIM1
SIM2
SIM3
SIM4
1
21
22
SIM5
SIM1
SIM2
SIM3
SIM4
1
21
22
SIM5
SIM1
SIM2
SIM3
SIM4
1
21
22
SIM5
SIM1
SIM2
SIM3
SIM4
1
21
22
SIM5
SIM1
SIM2
SIM3
SIM4
1
21
22
SIM5
SIM1
SIM2
SIM3
SIM4
1
21
22
SIM5
SIM1
SIM2
SIM3
SIM4
1
21
22
SIM5
SIM1
SIM2
SIM3
SIM4
1
21
22
SIM5
SIM1
SIM2
SIM3
SIM4
1
21
22
SIM5
SIM1
SIM2
SIM3
SIM4
1
21
22
SIM5
SIM1
SIM2
SIM3
SIM4
1
21
22
SIM5
SIM1
SIM2
SIM3
SIM4
1
21
22
SIM5
SIM1
SIM2
SIM3
SIM4
1
21
22
SIM5
SIM1
SIM2
SIM3
SIM4
1
21
22
SIM5
SIM1
SIM2
SIM3
SIM4
1
21
22
SIM5
SIM1
SIM2
SIM3
SIM4
1
21
22
SIM5
SIM1
SIM2
SIM3
SIM4
1
21
22
SIM5
SIM1
SIM2
SIM3
SIM4
1
21
22
SIM5
SIM1
SIM2
SIM3
SIM4
1
21
22
SIM5
SIM1
SIM2
SIM3
SIM4
1
21
22
SIM5
SIM1
SIM2
SIM3
SIM4
1
21
22
SIM5
SIM1
SIM2
SIM3
SIM4
1
21
22
SIM5
SIM1
SIM2
SIM3
SIM4
1
21
22
SIM5
SIM1
SIM2
SIM3
SIM4
1
21
22
SIM5
SIM1
SIM2
SIM3
SIM4
1
21
22
SIM5
SIM1
SIM2
SIM3
SIM4
1
21
22
SIM5
SIM1
SIM2
SIM3
SIM4
1
21
22
SIM5
SIM1
SIM2
SIM3
SIM4
1
21
22
SIM5
SIM1
SIM2
SIM3
SIM4
1
21
22
SIM5
SIM1
SIM2
SIM3
SIM4
1
21
22
SIM5
SIM1
SIM2
SIM3
SIM4
1
21
22
SIM5
SIM1
SIM2
SIM3
SIM4
1
21
22
SIM5
SIM1
SIM2
SIM3
SIM4
1
21
22
SIM5
SIM1
SIM2
SIM3
SIM4
1
21
22
SIM5
SIM1
SIM2
SIM3
SIM4
1
21
22
SIM5
SIM1
SIM2
SIM3
SIM4
1
21
22
SIM5
SIM1
SIM2
SIM3
SIM4
1
21
22
SIM5
SIM1
SIM2
SIM3
SIM4
1
21
22
SIM5
SIM1
SIM2
SIM3
SIM4
1
21
22
SIM5
SIM1
SIM2
SIM3
SIM4
1
21
22
SIM5
SIM1
SIM2
SIM3
SIM4
1
21
22
SIM5
SIM1
SIM2
SIM3
SIM4
1
21
22
SIM5
SIM1
SIM2
SIM3
SIM4
1
21
22
SIM5
SIM1
SIM2
SIM3
SIM4
1
21
22
SIM5
SIM1
SIM2
SIM3
SIM4
1
21
22
SIM5
SIM1
SIM2
SIM3
SIM4
1
21
22
SIM5
SIM1
SIM2
SIM3
SIM4
1
21
22
SIM5
SIM1
SIM2
SIM3
SIM4
1
21
22
SIM5
SIM1
SIM2
DEBUG 1 200
SIM1
SIM2
SIM3
SIM4
1
21
22
SIM5
SIM1
SIM2
SIM3
SIM4
1
21
22
SIM5
SIM1
SIM2
SIM3
SIM4
1
21
22
SIM5
SIM1
SIM2
SIM3
SIM4
1
21
22
SIM5
SIM1
SIM2
SIM3
SIM4
1
21
22
SIM5
SIM1
SIM2
SIM3
SIM4
1
21
22
SIM5
SIM1
SIM2
SIM3
SIM4
1
21
22
SIM5
SIM1
SIM2
SIM3
SIM4
1
21
22
SIM5
SIM1
SIM2
SIM3
SIM4
1
21
22
SIM5
SIM1
SIM2
SIM3
SIM4
1
21
22
SIM5
SIM1
SIM2
SIM3
SIM4
1
21
22
SIM5
SIM1
SIM2
SIM3
SIM4
1
21
22
SIM5
SIM1
SIM2
SIM3
SIM4
1
21
22
SIM5
SIM1
SIM2
SIM3
SIM4
1
21
22
SIM5
SIM1
SIM2
SIM3
SIM4
1
21
22
SIM5
SIM1
SIM2
SIM3
SIM4
1
21
22
SIM5
SIM1
SIM2
SIM3
SIM4
1
21
22
SIM5
SIM1
SIM2
SIM3
SIM4
1
21
22
SIM5
SIM1
SIM2
SIM3
SIM4
1
21
22
SIM5
SIM1
SIM2
SIM3
SIM4
1
21
22
SIM5
SIM1
SIM2
SIM3
SIM4
1
21
22
SIM5
SIM1
SIM2
SIM3
SIM4
1
21
22
SIM5
SIM1
SIM2
SIM3
SIM4
1
21
22
SIM5
SIM1
SIM2
SIM3
SIM4
1
21
22
SIM5
SIM1
SIM2
SIM3
SIM4
1
21
22
SIM5
SIM1
SIM2
SIM3
SIM4
1
21
22
SIM5
SIM1
SIM2
SIM3
SIM4
1
21
22
SIM5
SIM1
SIM2
SIM3
SIM4
1
21
22
SIM5
SIM1
SIM2
SIM3
SIM4
1
21
22
SIM5
SIM1
SIM2
SIM3
SIM4
1
21
22
SIM5
SIM1
SIM2
SIM3
SIM4
1
21
22
SIM5
SIM1
SIM2
SIM3
SIM4
1
21
22
SIM5
SIM1
SIM2
SIM3
SIM4
1
21
22
SIM5
SIM1
SIM2
SIM3
SIM4
1
21
22
SIM5
SIM1
SIM2
SIM3
SIM4
1
21
22
SIM5
SIM1
SIM2
SIM3
SIM4
1
21
22
SIM5
SIM1
SIM2
SIM3
SIM4
1
21
22
SIM5
SIM1
SIM2
SIM3
SIM4
1
21
22
SIM5
SIM1
SIM2
SIM3
SIM4
1
21
22
SIM5
SIM1
SIM2
SIM3
SIM4
1
21
22
SIM5
SIM1
SIM2
SIM3
SIM4
1
21
22
SIM5
SIM1
SIM2
SIM3
SIM4
1
21
22
SIM5
SIM1
SIM2
SIM3
SIM4
1
21
22
SIM5
SIM1
SIM2
SIM3
SIM4
1
21
22
SIM5
SIM1
SIM2
SIM3
SIM4
1
21
22
SIM5
SIM1
SIM2
SIM3
SIM4
1
21
22
SIM5
SIM1
SIM2
SIM3
SIM4
1
21
22
SIM5
SIM1
SIM2
SIM3
SIM4
1
21
22
SIM5
SIM1
SIM2
SIM3
SIM4
1
21
22
SIM5
SIM1
SIM2
SIM3
SIM4
1
21
22
SIM5
SIM1
SIM2
SIM3
SIM4
1
21
22
SIM5
SIM1
SIM2
SIM3
SIM4
1
21
22
SIM5
SIM1
SIM2
SIM3
SIM4
1
21
22
SIM5
SIM1
SIM2
SIM3
SIM4
1
21
22
SIM5
SIM1
SIM2
SIM3
SIM4
1
21
22
SIM5
SIM1
SIM2
SIM3
SIM4
1
21
22
SIM5
SIM1
SIM2
SIM3
SIM4
1
21
22
SIM5
SIM1
SIM2
SIM3
SIM4
1
21
22
SIM5
SIM1
SIM2
SIM3
SIM4
1
21
22
SIM5
SIM1
SIM2
SIM3
SIM4
1
21
22
SIM5
SIM1
SIM2
SIM3
SIM4
1
21
22
SIM5
SIM1
SIM2
SIM3
SIM4
1
21
22
SIM5
SIM1
SIM2
SIM3
SIM4
1
21
22
SIM5
SIM1
SIM2
SIM3
SIM4
1
21
22
SIM5
SIM1
SIM2
SIM3
SIM4
1
21
22
SIM5
SIM1
SIM2
SIM3
SIM4
1
21
22
SIM5
SIM1
SIM2
SIM3
SIM4
1
21
22
SIM5
SIM1
SIM2
SIM3
SIM4
1
21
22
SIM5
SIM1
SIM2
SIM3
SIM4
1
21
22
SIM5
SIM1
SIM2
SIM3
SIM4
1
21
22
SIM5
SIM1
SIM2
SIM3
SIM4
1
21
22
SIM5
SIM1
SIM2
SIM3
SIM4
1
21
22
SIM5
SIM1
SIM2
SIM3
SIM4
1
21
22
SIM5
SIM1
SIM2
SIM3
SIM4
1
21
22
SIM5
SIM1
SIM2
SIM3
SIM4
1
21
22
SIM5
SIM1
SIM2
SIM3
SIM4
1
21
22
SIM5
SIM1
SIM2
SIM3
SIM4
1
21
22
SIM5
SIM1
SIM2
SIM3
SIM4
1
21
22
SIM5
SIM1
SIM2
SIM3
SIM4
1
21
22
SIM5
SIM1
SIM2
SIM3
SIM4
1
21
22
SIM5
SIM1
SIM2
SIM3
SIM4
1
21
22
SIM5
SIM1
SIM2
SIM3
SIM4
1
21
22
SIM5
SIM1
SIM2
SIM3
SIM4
1
21
22
SIM5
SIM1
SIM2
SIM3
SIM4
1
21
22
SIM5
SIM1
SIM2
SIM3
SIM4
1
21
22
SIM5
SIM1
SIM2
SIM3
SIM4
1
21
22
SIM5
SIM1
SIM2
SIM3
SIM4
1
21
22
SIM5
SIM1
SIM2
SIM3
SIM4
1
21
22
SIM5
SIM1
SIM2
SIM3
SIM4
1
21
22
SIM5
SIM1
SIM2
SIM3
SIM4
1
21
22
SIM5
SIM1
SIM2
SIM3
SIM4
1
21
22
SIM5
SIM1
SIM2
SIM3
SIM4
1
21
22
SIM5
SIM1
SIM2
SIM3
SIM4
1
21
22
SIM5
SIM1
SIM2
SIM3
SIM4
1
21
22
SIM5
SIM1
SIM2
SIM3
SIM4
1
21
22
SIM5
SIM1
SIM2
SIM3
SIM4
1
21
22
SIM5
SIM1
SIM2
SIM3
SIM4
1
21
22
SIM5
SIM1
SIM2
SIM3
SIM4
1
21
22
SIM5
SIM1
SIM2
SIM3
SIM4
1
21
22
SIM5
SIM1
SIM2
SIM3
SIM4
1
21
22
SIM5
SIM1
SIM2
SIM3
SIM4
1
21
22
SIM5
SIM1
SIM2
SIM3
SIM4
1
21
22
SIM5
SIM1
SIM2
SIM3
SIM4
1
21
22
SIM5
SIM1
SIM2
SIM3
SIM4
1
21
22
SIM5
SIM1
SIM2
SIM3
SIM4
1
21
22
SIM5
SIM1
SIM2
SIM3
SIM4
1
21
22
SIM5
SIM1
SIM2
SIM3
SIM4
1
21
22
SIM5
SIM1
SIM2
SIM3
SIM4
1
21
22
SIM5
SIM1
SIM2
SIM3
SIM4
1
21
22
SIM5
SIM1
SIM2
SIM3
SIM4
1
21
22
SIM5
SIM1
SIM2
SIM3
SIM4
1
21
22
SIM5
SIM1
SIM2
SIM3
SIM4
1
21
22
SIM5
SIM1
SIM2
SIM3
SIM4
1
21
22
SIM5
SIM1
SIM2
SIM3
SIM4
1
21
22
SIM5
SIM1
SIM2
SIM3
SIM4
1
21
22
SIM5
SIM1
SIM2
SIM3
SIM4
1
21
22
SIM5
SIM1
SIM2
SIM3
SIM4
1
21
22
SIM5
SIM1
SIM2
SIM3
SIM4
1
21
22
SIM5
SIM1
SIM2
SIM3
SIM4
1
21
22
SIM5
SIM1
SIM2
SIM3
SIM4
1
21
22
SIM5
SIM1
SIM2
SIM3
SIM4
1
21
22
SIM5
SIM1
SIM2
SIM3
SIM4
1
21
22
SIM5
SIM1
SIM2
SIM3
SIM4
1
21
22
SIM5
SIM1
SIM2
SIM3
SIM4
1
21
22
SIM5
SIM1
SIM2
SIM3
SIM4
1
21
22
SIM5
SIM1
SIM2
SIM3
SIM4
1
21
22
SIM5
SIM1
SIM2
SIM3
SIM4
1
21
22
SIM5
SIM1
SIM2
SIM3
SIM4
1
21
22
SIM5
SIM1
SIM2
SIM3
SIM4
1
21
22
SIM5
SIM1
SIM2
SIM3
SIM4
1
21
22
SIM5
SIM1
SIM2
SIM3
SIM4
1
21
22
SIM5
SIM1
SIM2
SIM3
SIM4
1
21
22
SIM5
SIM1
SIM2
SIM3
SIM4
1
21
22
SIM5
SIM1
SIM2
DEBUG 1 201
SIM1
SIM2
SIM3
SIM4
1
21
22
SIM5
SIM1
SIM2
SIM3
SIM4
1
21
22
SIM5
SIM1
SIM2
SIM3
SIM4
1
21
22
SIM5
SIM1
SIM2
SIM3
SIM4
1
21
22
SIM5
SIM1
SIM2
SIM3
SIM4
1
21
22
SIM5
SIM1
SIM2
SIM3
SIM4
1
21
22
SIM5
SIM1
SIM2
SIM3
SIM4
1
21
22
SIM5
SIM1
SIM2
SIM3
SIM4
1
21
22
SIM5
SIM1
SIM2
SIM3
SIM4
1
21
22
SIM5
SIM1
SIM2
SIM3
SIM4
1
21
22
SIM5
SIM1
SIM2
SIM3
SIM4
1
21
22
SIM5
SIM1
SIM2
SIM3
SIM4
1
21
22
SIM5
SIM1
SIM2
SIM3
SIM4
1
21
22
SIM5
SIM1
SIM2
SIM3
SIM4
1
21
22
SIM5
SIM1
SIM2
SIM3
SIM4
1
21
22
SIM5
SIM1
SIM2
SIM3
SIM4
1
21
22
SIM5
SIM1
SIM2
SIM3
SIM4
1
21
22
SIM5
SIM1
SIM2
SIM3
SIM4
1
21
22
SIM5
SIM1
SIM2
SIM3
SIM4
1
21
22
SIM5
SIM1
SIM2
SIM3
SIM4
1
21
22
SIM5
SIM1
SIM2
SIM3
SIM4
1
21
22
SIM5
SIM1
SIM2
SIM3
SIM4
1
21
22
SIM5
SIM1
SIM2
SIM3
SIM4
1
21
22
SIM5
SIM1
SIM2
SIM3
SIM4
1
21
22
SIM5
SIM1
SIM2
SIM3
SIM4
1
21
22
SIM5
SIM1
SIM2
SIM3
SIM4
1
21
22
SIM5
SIM1
SIM2
SIM3
SIM4
1
21
22
SIM5
SIM1
SIM2
SIM3
SIM4
1
21
22
SIM5
SIM1
SIM2
SIM3
SIM4
1
21
22
SIM5
SIM1
SIM2
SIM3
SIM4
1
21
22
SIM5
SIM1
SIM2
SIM3
SIM4
1
21
22
SIM5
SIM1
SIM2
SIM3
SIM4
1
21
22
SIM5
SIM1
SIM2
SIM3
SIM4
1
21
22
SIM5
SIM1
SIM2
SIM3
SIM4
1
21
22
SIM5
SIM1
SIM2
SIM3
SIM4
1
21
22
SIM5
SIM1
SIM2
SIM3
SIM4
1
21
22
SIM5
SIM1
SIM2
SIM3
SIM4
1
21
22
SIM5
SIM1
SIM2
SIM3
SIM4
1
21
22
SIM5
SIM1
SIM2
SIM3
SIM4
1
21
22
SIM5
SIM1
SIM2
SIM3
SIM4
1
21
22
SIM5
SIM1
SIM2
SIM3
SIM4
1
21
22
SIM5
SIM1
SIM2
SIM3
SIM4
1
21
22
SIM5
SIM1
SIM2
SIM3
SIM4
1
21
22
SIM5
SIM1
SIM2
SIM3
SIM4
1
21
22
SIM5
SIM1
SIM2
SIM3
SIM4
1
21
22
SIM5
SIM1
SIM2
SIM3
SIM4
1
21
22
SIM5
SIM1
SIM2
SIM3
SIM4
1
21
22
SIM5
SIM1
SIM2
SIM3
SIM4
1
21
22
SIM5
SIM1
SIM2
SIM3
SIM4
1
21
22
SIM5
SIM1
SIM2
SIM3
SIM4
1
21
22
SIM5
SIM1
SIM2
SIM3
SIM4
1
21
22
SIM5
SIM1
SIM2
SIM3
SIM4
1
21
22
SIM5
SIM1
SIM2
SIM3
SIM4
1
21
22
SIM5
SIM1
SIM2
SIM3
SIM4
1
21
22
SIM5
SIM1
SIM2
SIM3
SIM4
1
21
22
SIM5
SIM1
SIM2
SIM3
SIM4
1
21
22
SIM5
SIM1
SIM2
SIM3
SIM4
1
21
22
SIM5
SIM1
SIM2
SIM3
SIM4
1
21
22
SIM5
SIM1
SIM2
SIM3
SIM4
1
21
22
SIM5
SIM1
SIM2
SIM3
SIM4
1
21
22
SIM5
SIM1
SIM2
SIM3
SIM4
1
21
22
SIM5
SIM1
SIM2
SIM3
SIM4
1
21
22
SIM5
SIM1
SIM2
SIM3
SIM4
1
21
22
SIM5
SIM1
SIM2
SIM3
SIM4
1
21
22
SIM5
SIM1
SIM2
SIM3
SIM4
1
21
22
SIM5
SIM1
SIM2
SIM3
SIM4
1
21
22
SIM5
SIM1
SIM2
SIM3
SIM4
1
21
22
SIM5
SIM1
SIM2
SIM3
SIM4
1
21
22
SIM5
SIM1
SIM2
SIM3
SIM4
1
21
22
SIM5
SIM1
SIM2
SIM3
SIM4
1
21
22
SIM5
SIM1
SIM2
SIM3
SIM4
1
21
22
SIM5
SIM1
SIM2
SIM3
SIM4
1
21
22
SIM5
SIM1
SIM2
SIM3
SIM4
1
21
22
SIM5
SIM1
SIM2
SIM3
SIM4
1
21
22
SIM5
SIM1
SIM2
SIM3
SIM4
1
21
22
SIM5
SIM1
SIM2
SIM3
SIM4
1
21
22
SIM5
SIM1
SIM2
SIM3
SIM4
1
21
22
SIM5
SIM1
SIM2
SIM3
SIM4
1
21
22
SIM5
SIM1
SIM2
SIM3
SIM4
1
21
22
SIM5
SIM1
SIM2
SIM3
SIM4
1
21
22
SIM5
SIM1
SIM2
SIM3
SIM4
1
21
22
SIM5
SIM1
SIM2
SIM3
SIM4
1
21
22
SIM5
SIM1
SIM2
SIM3
SIM4
1
21
22
SIM5
SIM1
SIM2
SIM3
SIM4
1
21
22
SIM5
SIM1
SIM2
SIM3
SIM4
1
21
22
SIM5
SIM1
SIM2
SIM3
SIM4
1
21
22
SIM5
SIM1
SIM2
SIM3
SIM4
1
21
22
SIM5
SIM1
SIM2
SIM3
SIM4
1
21
22
SIM5
SIM1
SIM2
SIM3
SIM4
1
21
22
SIM5
SIM1
SIM2
SIM3
SIM4
1
21
22
SIM5
SIM1
SIM2
SIM3
SIM4
1
21
22
SIM5
SIM1
SIM2
SIM3
SIM4
1
21
22
SIM5
SIM1
SIM2
SIM3
SIM4
1
21
22
SIM5
SIM1
SIM2
SIM3
SIM4
1
21
22
SIM5
SIM1
SIM2
SIM3
SIM4
1
21
22
SIM5
SIM1
SIM2
SIM3
SIM4
1
21
22
SIM5
SIM1
SIM2
SIM3
SIM4
1
21
22
SIM5
SIM1
SIM2
SIM3
SIM4
1
21
22
SIM5
SIM1
SIM2
SIM3
SIM4
1
21
22
SIM5
SIM1
SIM2
SIM3
SIM4
1
21
22
SIM5
SIM1
SIM2
SIM3
SIM4
1
21
22
SIM5
SIM1
SIM2
SIM3
SIM4
1
21
22
SIM5
SIM1
SIM2
SIM3
SIM4
1
21
22
SIM5
SIM1
SIM2
SIM3
SIM4
1
21
22
SIM5
SIM1
SIM2
SIM3
SIM4
1
21
22
SIM5
SIM1
SIM2
SIM3
SIM4
1
21
22
SIM5
SIM1
SIM2
SIM3
SIM4
1
21
22
SIM5
SIM1
SIM2
SIM3
SIM4
1
21
22
SIM5
SIM1
SIM2
SIM3
SIM4
1
21
22
SIM5
SIM1
SIM2
SIM3
SIM4
1
21
22
SIM5
SIM1
SIM2
SIM3
SIM4
1
21
22
SIM5
SIM1
SIM2
SIM3
SIM4
1
21
22
SIM5
SIM1
SIM2
SIM3
SIM4
1
21
22
SIM5
SIM1
SIM2
SIM3
SIM4
1
21
22
SIM5
SIM1
SIM2
SIM3
SIM4
1
21
22
SIM5
SIM1
SIM2
SIM3
SIM4
1
21
22
SIM5
SIM1
SIM2
SIM3
SIM4
1
21
22
SIM5
SIM1
SIM2
SIM3
SIM4
1
21
22
SIM5
SIM1
SIM2
SIM3
SIM4
1
21
22
SIM5
SIM1
SIM2
SIM3
SIM4
1
21
22
SIM5
SIM1
SIM2
SIM3
SIM4
1
21
22
SIM5
SIM1
SIM2
SIM3
SIM4
1
21
22
SIM5
SIM1
SIM2
SIM3
SIM4
1
21
22
SIM5
SIM1
SIM2
SIM3
SIM4
1
21
22
SIM5
SIM1
SIM2
SIM3
SIM4
1
21
22
SIM5
SIM1
SIM2
SIM3
SIM4
1
21
22
SIM5
SIM1
SIM2
SIM3
SIM4
1
21
22
SIM5
SIM1
SIM2
SIM3
SIM4
1
21
22
SIM5
SIM1
SIM2
SIM3
SIM4
1
21
22
SIM5
SIM1
SIM2
SIM3
SIM4
1
21
22
SIM5
SIM1
SIM2
SIM3
SIM4
1
21
22
SIM5
SIM1
SIM2
SIM3
SIM4
1
21
22
SIM5
SIM1
SIM2
SIM3
SIM4
1
21
22
SIM5
SIM1
SIM2
SIM3
SIM4
1
21
22
SIM5
SIM1
SIM2
SIM3
SIM4
1
21
22
SIM5
SIM1
SIM2
SIM3
SIM4
1
21
22
SIM5
SIM1
SIM2
SIM3
SIM4
1
21
22
SIM5
SIM1
SIM2
SIM3
SIM4
1
21
22
SIM5
SIM1
SIM2
SIM3
SIM4
1
21
22
SIM5
SIM1
SIM2
SIM3
SIM4
1
21
22
SIM5
SIM1
SIM2
SIM3
SIM4
1
21
22
SIM5
SIM1
SIM2
SIM3
SIM4
1
21
22
SIM5
SIM1
SIM2
SIM3
SIM4
1
21
22
SIM5
SIM1
SIM2
SIM3
SIM4
1
21
22
SIM5
SIM1
SIM2
SIM3
SIM4
1
21
22
SIM5
SIM1
SIM2
SIM3
SIM4
1
21
22
SIM5
SIM1
SIM2
SIM3
SIM4
1
21
22
SIM5
SIM1
SIM2
SIM3
SIM4
1
21
22
SIM5
SIM1
SIM2
SIM3
SIM4
1
21
22
SIM5
SIM1
SIM2
SIM3
SIM4
1
21
22
SIM5
SIM1
SIM2
SIM3
SIM4
1
21
22
SIM5
SIM1
SIM2
SIM3
SIM4
1
21
22
SIM5
SIM1
SIM2
SIM3
SIM4
1
21
22
SIM5
SIM1
SIM2
SIM3
SIM4
1
21
22
SIM5
SIM1
SIM2
SIM3
SIM4
1
21
22
SIM5
SIM1
SIM2
SIM3
SIM4
1
21
22
SIM5
SIM1
SIM2
SIM3
SIM4
1
21
22
SIM5
SIM1
SIM2
SIM3
SIM4
1
21
22
SIM5
SIM1
SIM2
SIM3
SIM4
1
21
22
SIM5
SIM1
SIM2
SIM3
SIM4
1
21
22
SIM5
SIM1
SIM2
SIM3
SIM4
1
21
22
SIM5
SIM1
SIM2
SIM3
SIM4
1
21
22
SIM5
SIM1
SIM2
SIM3
SIM4
1
21
22
SIM5
SIM1
SIM2
SIM3
SIM4
1
21
22
SIM5
SIM1
SIM2
SIM3
SIM4
1
21
22
SIM5
SIM1
SIM2
SIM3
SIM4
1
21
22
SIM5
SIM1
SIM2
SIM3
SIM4
1
21
22
SIM5
SIM1
SIM2
SIM3
SIM4
1
21
22
SIM5
SIM1
SIM2
SIM3
SIM4
1
21
22
SIM5
SIM1
SIM2
SIM3
SIM4
1
21
22
SIM5
SIM1
SIM2
SIM3
SIM4
1
21
22
SIM5
SIM1
SIM2
SIM3
SIM4
1
21
22
SIM5
SIM1
SIM2
SIM3
SIM4
1
21
22
SIM5
SIM1
SIM2
SIM3
SIM4
1
21
22
SIM5
SIM1
SIM2
SIM3
SIM4
1
21
22
SIM5
SIM1
SIM2
SIM3
SIM4
1
21
22
SIM5
SIM1
SIM2
SIM3
SIM4
1
21
22
SIM5
SIM1
SIM2
SIM3
SIM4
1
21
22
SIM5
SIM1
SIM2
SIM3
SIM4
1
21
22
SIM5
SIM1
SIM2
SIM3
SIM4
1
21
22
SIM5
SIM1
SIM2
SIM3
SIM4
1
21
22
SIM5
SIM1
SIM2
SIM3
SIM4
1
21
22
SIM5
SIM1
SIM2
SIM3
SIM4
1
21
22
SIM5
SIM1
SIM2
SIM3
SIM4
1
21
22
SIM5
SIM1
SIM2
SIM3
SIM4
1
21
22
SIM5
SIM1
SIM2
SIM3
SIM4
1
21
22
SIM5
SIM1
SIM2
SIM3
SIM4
1
21
22
SIM5
SIM1
SIM2
SIM3
SIM4
1
21
22
SIM5
SIM1
SIM2
SIM3
SIM4
1
21
22
SIM5
SIM1
SIM2
SIM3
SIM4
1
21
22
SIM5
SIM1
SIM2
SIM3
SIM4
1
21
22
SIM5
SIM1
SIM2
SIM3
SIM4
1
21
22
SIM5
SIM1
SIM2
SIM3
SIM4
1
21
22
SIM5
SIM1
SIM2
SIM3
SIM4
1
21
22
SIM5
SIM1
SIM2
SIM3
SIM4
1
21
22
SIM5
SIM1
SIM2
SIM3
SIM4
1
21
22
SIM5
SIM1
SIM2
SIM3
SIM4
1
21
22
SIM5
SIM1
SIM2
SIM3
SIM4
1
21
22
SIM5
SIM1
SIM2
SIM3
SIM4
1
21
22
SIM5
SIM1
SIM2
SIM3
SIM4
1
21
22
SIM5
SIM1
SIM2
SIM3
SIM4
1
21
22
SIM5
SIM1
SIM2
DEBUG 1 202
SIM1
SIM2
SIM3
SIM4
1
21
22
SIM5
SIM1
SIM2
SIM3
SIM4
1
21
22
SIM5
SIM1
SIM2
SIM3
SIM4
1
21
22
SIM5
SIM1
SIM2
SIM3
SIM4
1
21
22
SIM5
SIM1
SIM2
SIM3
SIM4
1
21
22
SIM5
SIM1
SIM2
SIM3
SIM4
1
21
22
SIM5
SIM1
SIM2
SIM3
SIM4
1
21
22
SIM5
SIM1
SIM2
SIM3
SIM4
1
21
22
SIM5
SIM1
SIM2
SIM3
SIM4
1
21
22
SIM5
SIM1
SIM2
SIM3
SIM4
1
21
22
SIM5
SIM1
SIM2
SIM3
SIM4
1
21
22
SIM5
SIM1
SIM2
SIM3
SIM4
1
21
22
SIM5
SIM1
SIM2
SIM3
SIM4
1
21
22
SIM5
SIM1
SIM2
SIM3
SIM4
1
21
22
SIM5
SIM1
SIM2
SIM3
SIM4
1
21
22
SIM5
SIM1
SIM2
SIM3
SIM4
1
21
22
SIM5
SIM1
SIM2
SIM3
SIM4
1
21
22
SIM5
SIM1
SIM2
SIM3
SIM4
1
21
22
SIM5
SIM1
SIM2
SIM3
SIM4
1
21
22
SIM5
SIM1
SIM2
SIM3
SIM4
1
21
22
SIM5
SIM1
SIM2
SIM3
SIM4
1
21
22
SIM5
SIM1
SIM2
SIM3
SIM4
1
21
22
SIM5
SIM1
SIM2
SIM3
SIM4
1
21
22
SIM5
SIM1
SIM2
SIM3
SIM4
1
21
22
SIM5
SIM1
SIM2
SIM3
SIM4
1
21
22
SIM5
SIM1
SIM2
SIM3
SIM4
1
21
22
SIM5
SIM1
SIM2
SIM3
SIM4
1
21
22
SIM5
SIM1
SIM2
SIM3
SIM4
1
21
22
SIM5
SIM1
SIM2
SIM3
SIM4
1
21
22
SIM5
SIM1
SIM2
SIM3
SIM4
1
21
22
SIM5
SIM1
SIM2
SIM3
SIM4
1
21
22
SIM5
SIM1
SIM2
SIM3
SIM4
1
21
22
SIM5
SIM1
SIM2
SIM3
SIM4
1
21
22
SIM5
SIM1
SIM2
SIM3
SIM4
1
21
22
SIM5
SIM1
SIM2
SIM3
SIM4
1
21
22
SIM5
SIM1
SIM2
SIM3
SIM4
1
21
22
SIM5
SIM1
SIM2
SIM3
SIM4
1
21
22
SIM5
SIM1
SIM2
SIM3
SIM4
1
21
22
SIM5
SIM1
SIM2
SIM3
SIM4
1
21
22
SIM5
SIM1
SIM2
SIM3
SIM4
1
21
22
SIM5
SIM1
SIM2
SIM3
SIM4
1
21
22
SIM5
SIM1
SIM2
SIM3
SIM4
1
21
22
SIM5
SIM1
SIM2
SIM3
SIM4
1
21
22
SIM5
SIM1
SIM2
SIM3
SIM4
1
21
22
SIM5
SIM1
SIM2
SIM3
SIM4
1
21
22
SIM5
SIM1
SIM2
SIM3
SIM4
1
21
22
SIM5
SIM1
SIM2
SIM3
SIM4
1
21
22
SIM5
SIM1
SIM2
SIM3
SIM4
1
21
22
SIM5
SIM1
SIM2
SIM3
SIM4
1
21
22
SIM5
SIM1
SIM2
SIM3
SIM4
1
21
22
SIM5
SIM1
SIM2
SIM3
SIM4
1
21
22
SIM5
SIM1
SIM2
SIM3
SIM4
1
21
22
SIM5
SIM1
SIM2
SIM3
SIM4
1
21
22
SIM5
SIM1
SIM2
SIM3
SIM4
1
21
22
SIM5
SIM1
SIM2
SIM3
SIM4
1
21
22
SIM5
SIM1
SIM2
SIM3
SIM4
1
21
22
SIM5
SIM1
SIM2
SIM3
SIM4
1
21
22
SIM5
SIM1
SIM2
SIM3
SIM4
1
21
22
SIM5
SIM1
SIM2
SIM3
SIM4
1
21
22
SIM5
SIM1
SIM2
SIM3
SIM4
1
21
22
SIM5
SIM1
SIM2
SIM3
SIM4
1
21
22
SIM5
SIM1
SIM2
SIM3
SIM4
1
21
22
SIM5
SIM1
SIM2
SIM3
SIM4
1
21
22
SIM5
SIM1
SIM2
SIM3
SIM4
1
21
22
SIM5
SIM1
SIM2
SIM3
SIM4
1
21
22
SIM5
SIM1
SIM2
SIM3
SIM4
1
21
22
SIM5
SIM1
SIM2
SIM3
SIM4
1
21
22
SIM5
SIM1
SIM2
SIM3
SIM4
1
21
22
SIM5
SIM1
SIM2
SIM3
SIM4
1
21
22
SIM5
SIM1
SIM2
SIM3
SIM4
1
21
22
SIM5
SIM1
SIM2
SIM3
SIM4
1
21
22
SIM5
SIM1
SIM2
SIM3
SIM4
1
21
22
SIM5
SIM1
SIM2
SIM3
SIM4
1
21
22
SIM5
SIM1
SIM2
SIM3
SIM4
1
21
22
SIM5
SIM1
SIM2
SIM3
SIM4
1
21
22
SIM5
SIM1
SIM2
SIM3
SIM4
1
21
22
SIM5
SIM1
SIM2
SIM3
SIM4
1
21
22
SIM5
SIM1
SIM2
SIM3
SIM4
1
21
22
SIM5
SIM1
SIM2
SIM3
SIM4
1
21
22
SIM5
SIM1
SIM2
SIM3
SIM4
1
21
22
SIM5
SIM1
SIM2
SIM3
SIM4
1
21
22
SIM5
SIM1
SIM2
SIM3
SIM4
1
21
22
SIM5
SIM1
SIM2
SIM3
SIM4
1
21
22
SIM5
SIM1
SIM2
SIM3
SIM4
1
21
22
SIM5
SIM1
SIM2
SIM3
SIM4
1
21
22
SIM5
SIM1
SIM2
SIM3
SIM4
1
21
22
SIM5
SIM1
SIM2
SIM3
SIM4
1
21
22
SIM5
SIM1
SIM2
SIM3
SIM4
1
21
22
SIM5
SIM1
SIM2
SIM3
SIM4
1
21
22
SIM5
SIM1
SIM2
SIM3
SIM4
1
21
22
SIM5
SIM1
SIM2
SIM3
SIM4
1
21
22
SIM5
SIM1
SIM2
SIM3
SIM4
1
21
22
SIM5
SIM1
SIM2
SIM3
SIM4
1
21
22
SIM5
SIM1
SIM2
SIM3
SIM4
1
21
22
SIM5
SIM1
SIM2
SIM3
SIM4
1
21
22
SIM5
SIM1
SIM2
SIM3
SIM4
1
21
22
SIM5
SIM1
SIM2
SIM3
SIM4
1
21
22
SIM5
SIM1
SIM2
SIM3
SIM4
1
21
22
SIM5
SIM1
SIM2
SIM3
SIM4
1
21
22
SIM5
SIM1
SIM2
SIM3
SIM4
1
21
22
SIM5
SIM1
SIM2
SIM3
SIM4
1
21
22
SIM5
SIM1
SIM2
SIM3
SIM4
1
21
22
SIM5
SIM1
SIM2
SIM3
SIM4
1
21
22
SIM5
SIM1
SIM2
SIM3
SIM4
1
21
22
SIM5
SIM1
SIM2
SIM3
SIM4
1
21
22
SIM5
SIM1
SIM2
SIM3
SIM4
1
21
22
SIM5
SIM1
SIM2
SIM3
SIM4
1
21
22
SIM5
SIM1
SIM2
SIM3
SIM4
1
21
22
SIM5
SIM1
SIM2
SIM3
SIM4
1
21
22
SIM5
SIM1
SIM2
SIM3
SIM4
1
21
22
SIM5
SIM1
SIM2
SIM3
SIM4
1
21
22
SIM5
SIM1
SIM2
SIM3
SIM4
1
21
22
SIM5
SIM1
SIM2
SIM3
SIM4
1
21
22
SIM5
SIM1
SIM2
SIM3
SIM4
1
21
22
SIM5
SIM1
SIM2
SIM3
SIM4
1
21
22
SIM5
SIM1
SIM2
SIM3
SIM4
1
21
22
SIM5
SIM1
SIM2
SIM3
SIM4
1
21
22
SIM5
SIM1
SIM2
SIM3
SIM4
1
21
22
SIM5
SIM1
SIM2
SIM3
SIM4
1
21
22
SIM5
SIM1
SIM2
SIM3
SIM4
1
21
22
SIM5
SIM1
SIM2
SIM3
SIM4
1
21
22
SIM5
SIM1
SIM2
SIM3
SIM4
1
21
22
SIM5
SIM1
SIM2
SIM3
SIM4
1
21
22
SIM5
SIM1
SIM2
SIM3
SIM4
1
21
22
SIM5
SIM1
SIM2
SIM3
SIM4
1
21
22
SIM5
SIM1
SIM2
SIM3
SIM4
1
21
22
SIM5
SIM1
SIM2
SIM3
SIM4
1
21
22
SIM5
SIM1
SIM2
SIM3
SIM4
1
21
22
SIM5
SIM1
SIM2
SIM3
SIM4
1
21
22
SIM5
SIM1
SIM2
SIM3
SIM4
1
21
22
SIM5
SIM1
SIM2
SIM3
SIM4
1
21
22
SIM5
SIM1
SIM2
SIM3
SIM4
1
21
22
SIM5
SIM1
SIM2
SIM3
SIM4
1
21
22
SIM5
SIM1
SIM2
SIM3
SIM4
1
21
22
SIM5
SIM1
SIM2
SIM3
SIM4
1
21
22
SIM5
SIM1
SIM2
SIM3
SIM4
1
21
22
SIM5
SIM1
SIM2
SIM3
SIM4
1
21
22
SIM5
SIM1
SIM2
SIM3
SIM4
1
21
22
SIM5
SIM1
SIM2
SIM3
SIM4
1
21
22
SIM5
SIM1
SIM2
SIM3
SIM4
1
21
22
SIM5
SIM1
SIM2
SIM3
SIM4
1
21
22
SIM5
SIM1
SIM2
SIM3
SIM4
1
21
22
SIM5
SIM1
SIM2
SIM3
SIM4
1
21
22
SIM5
SIM1
SIM2
SIM3
SIM4
1
21
22
SIM5
SIM1
SIM2
SIM3
SIM4
1
21
22
SIM5
SIM1
SIM2
SIM3
SIM4
1
21
22
SIM5
SIM1
SIM2
SIM3
SIM4
1
21
22
SIM5
SIM1
SIM2
SIM3
SIM4
1
21
22
SIM5
SIM1
SIM2
SIM3
SIM4
1
21
22
SIM5
SIM1
SIM2
SIM3
SIM4
1
21
22
SIM5
SIM1
SIM2
SIM3
SIM4
1
21
22
SIM5
SIM1
SIM2
SIM3
SIM4
1
21
22
SIM5
SIM1
SIM2
SIM3
SIM4
1
21
22
SIM5
SIM1
SIM2
SIM3
SIM4
1
21
22
SIM5
SIM1
SIM2
SIM3
SIM4
1
21
22
SIM5
SIM1
SIM2
SIM3
SIM4
1
21
22
SIM5
SIM1
SIM2
SIM3
SIM4
1
21
22
SIM5
SIM1
SIM2
SIM3
SIM4
1
21
22
SIM5
SIM1
SIM2
SIM3
SIM4
1
21
22
SIM5
SIM1
SIM2
SIM3
SIM4
1
21
22
SIM5
SIM1
SIM2
SIM3
SIM4
1
21
22
SIM5
SIM1
SIM2
SIM3
SIM4
1
21
22
SIM5
SIM1
SIM2
SIM3
SIM4
1
21
22
SIM5
SIM1
SIM2
SIM3
SIM4
1
21
22
SIM5
SIM1
SIM2
SIM3
SIM4
1
21
22
SIM5
SIM1
SIM2
SIM3
SIM4
1
21
22
SIM5
SIM1
SIM2
SIM3
SIM4
1
21
22
SIM5
SIM1
SIM2
SIM3
SIM4
1
21
22
SIM5
SIM1
SIM2
SIM3
SIM4
1
21
22
SIM5
SIM1
SIM2
SIM3
SIM4
1
21
22
SIM5
SIM1
SIM2
SIM3
SIM4
1
21
22
SIM5
SIM1
SIM2
SIM3
SIM4
1
21
22
SIM5
SIM1
SIM2
SIM3
SIM4
1
21
22
SIM5
SIM1
SIM2
SIM3
SIM4
1
21
22
SIM5
SIM1
SIM2
SIM3
SIM4
1
21
22
SIM5
SIM1
SIM2
SIM3
SIM4
1
21
22
SIM5
SIM1
SIM2
SIM3
SIM4
1
21
22
SIM5
SIM1
SIM2
SIM3
SIM4
1
21
22
SIM5
SIM1
SIM2
SIM3
SIM4
1
21
22
SIM5
SIM1
SIM2
SIM3
SIM4
1
21
22
SIM5
SIM1
SIM2
SIM3
SIM4
1
21
22
SIM5
SIM1
SIM2
SIM3
SIM4
1
21
22
SIM5
SIM1
SIM2
SIM3
SIM4
1
21
22
SIM5
SIM1
SIM2
SIM3
SIM4
1
21
22
SIM5
SIM1
SIM2
SIM3
SIM4
1
21
22
SIM5
SIM1
SIM2
SIM3
SIM4
1
21
22
SIM5
SIM1
SIM2
SIM3
SIM4
1
21
22
SIM5
SIM1
SIM2
SIM3
SIM4
1
21
22
SIM5
SIM1
SIM2
SIM3
SIM4
1
21
22
SIM5
SIM1
SIM2
SIM3
SIM4
1
21
22
SIM5
SIM1
SIM2
SIM3
SIM4
1
21
22
SIM5
SIM1
SIM2
SIM3
SIM4
1
21
22
SIM5
SIM1
SIM2
SIM3
SIM4
1
21
22
SIM5
SIM1
SIM2
SIM3
SIM4
1
21
22
SIM5
SIM1
SIM2
SIM3
SIM4
1
21
22
SIM5
SIM1
SIM2
SIM3
SIM4
1
21
22
SIM5
SIM1
SIM2
SIM3
SIM4
1
21
22
SIM5
SIM1
SIM2
SIM3
SIM4
1
21
22
SIM5
SIM1
SIM2
SIM3
SIM4
1
21
22
SIM5
SIM1
SIM2
SIM3
SIM4
1
21
22
SIM5
SIM1
SIM2
SIM3
SIM4
1
21
22
SIM5
SIM1
SIM2
SIM3
SIM4
1
21
22
SIM5
SIM1
SIM2
SIM3
SIM4
1
21
22
SIM5
SIM1
SIM2
SIM3
SIM4
1
21
22
SIM5
SIM1
SIM2
SIM3
SIM4
1
21
22
SIM5
SIM1
SIM2
SIM3
SIM4
1
21
22
SIM5
SIM1
SIM2
SIM3
SIM4
1
21
22
SIM5
SIM1
SIM2
SIM3
SIM4
1
21
22
SIM5
SIM1
SIM2
SIM3
SIM4
1
21
22
SIM5
SIM1
SIM2
SIM3
SIM4
1
21
22
SIM5
SIM1
SIM2
SIM3
SIM4
1
21
22
SIM5
SIM1
SIM2
SIM3
SIM4
1
21
22
SIM5
SIM1
SIM2
SIM3
SIM4
1
21
22
SIM5
SIM1
SIM2
SIM3
SIM4
1
21
22
SIM5
SIM1
SIM2
SIM3
SIM4
1
21
22
SIM5
SIM1
SIM2
SIM3
SIM4
1
21
22
SIM5
SIM1
SIM2
SIM3
SIM4
1
21
22
SIM5
SIM1
SIM2
SIM3
SIM4
1
21
22
SIM5
SIM1
SIM2
SIM3
SIM4
1
21
22
SIM5
SIM1
SIM2
SIM3
SIM4
1
21
22
SIM5
SIM1
SIM2
SIM3
SIM4
1
21
22
SIM5
SIM1
SIM2
SIM3
SIM4
1
21
22
SIM5
SIM1
SIM2
SIM3
SIM4
1
21
22
SIM5
SIM1
SIM2
SIM3
SIM4
1
21
22
SIM5
SIM1
SIM2
SIM3
SIM4
1
21
22
SIM5
SIM1
SIM2
SIM3
SIM4
1
21
22
SIM5
SIM1
SIM2
SIM3
SIM4
1
21
22
SIM5
SIM1
SIM2
SIM3
SIM4
1
21
22
SIM5
SIM1
SIM2
SIM3
SIM4
1
21
22
SIM5
SIM1
SIM2
SIM3
SIM4
1
21
22
SIM5
SIM1
SIM2
SIM3
SIM4
1
21
22
SIM5
SIM1
SIM2
SIM3
SIM4
1
21
22
SIM5
SIM1
SIM2
SIM3
SIM4
1
21
22
SIM5
SIM1
SIM2
SIM3
SIM4
1
21
22
SIM5
SIM1
SIM2
SIM3
SIM4
1
21
22
SIM5
SIM1
SIM2
SIM3
SIM4
1
21
22
SIM5
SIM1
SIM2
SIM3
SIM4
1
21
22
SIM5
SIM1
SIM2
SIM3
SIM4
1
21
22
SIM5
SIM1
SIM2
SIM3
SIM4
1
21
22
SIM5
SIM1
SIM2
SIM3
SIM4
1
21
22
SIM5
SIM1
SIM2
SIM3
SIM4
1
21
22
SIM5
SIM1
SIM2
SIM3
SIM4
1
21
22
SIM5
SIM1
SIM2
SIM3
SIM4
1
21
22
SIM5
SIM1
SIM2
SIM3
SIM4
1
21
22
SIM5
SIM1
SIM2
SIM3
SIM4
1
21
22
SIM5
SIM1
SIM2
DEBUG 1 203
SIM1
SIM2
SIM3
SIM4
1
21
22
SIM5
SIM1
SIM2
SIM3
SIM4
1
21
22
SIM5
SIM1
SIM2
SIM3
SIM4
1
21
22
SIM5
SIM1
SIM2
SIM3
SIM4
1
21
22
SIM5
SIM1
SIM2
SIM3
SIM4
1
21
22
SIM5
SIM1
SIM2
SIM3
SIM4
1
21
22
SIM5
SIM1
SIM2
SIM3
SIM4
1
21
22
SIM5
SIM1
SIM2
SIM3
SIM4
1
21
22
SIM5
SIM1
SIM2
SIM3
SIM4
1
21
22
SIM5
SIM1
SIM2
SIM3
SIM4
1
21
22
SIM5
SIM1
SIM2
SIM3
SIM4
1
21
22
SIM5
SIM1
SIM2
SIM3
SIM4
1
21
22
SIM5
SIM1
SIM2
SIM3
SIM4
1
21
22
SIM5
SIM1
SIM2
SIM3
SIM4
1
21
22
SIM5
SIM1
SIM2
SIM3
SIM4
1
21
22
SIM5
SIM1
SIM2
SIM3
SIM4
1
21
22
SIM5
SIM1
SIM2
SIM3
SIM4
1
21
22
SIM5
SIM1
SIM2
SIM3
SIM4
1
21
22
SIM5
SIM1
SIM2
SIM3
SIM4
1
21
22
SIM5
SIM1
SIM2
SIM3
SIM4
1
21
22
SIM5
SIM1
SIM2
SIM3
SIM4
1
21
22
SIM5
SIM1
SIM2
SIM3
SIM4
1
21
22
SIM5
SIM1
SIM2
SIM3
SIM4
1
21
22
SIM5
SIM1
SIM2
SIM3
SIM4
1
21
22
SIM5
SIM1
SIM2
SIM3
SIM4
1
21
22
SIM5
SIM1
SIM2
SIM3
SIM4
1
21
22
SIM5
SIM1
SIM2
SIM3
SIM4
1
21
22
SIM5
SIM1
SIM2
SIM3
SIM4
1
21
22
SIM5
SIM1
SIM2
SIM3
SIM4
1
21
22
SIM5
SIM1
SIM2
SIM3
SIM4
1
21
22
SIM5
SIM1
SIM2
SIM3
SIM4
1
21
22
SIM5
SIM1
SIM2
SIM3
SIM4
1
21
22
SIM5
SIM1
SIM2
SIM3
SIM4
1
21
22
SIM5
SIM1
SIM2
SIM3
SIM4
1
21
22
SIM5
SIM1
SIM2
SIM3
SIM4
1
21
22
SIM5
SIM1
SIM2
SIM3
SIM4
1
21
22
SIM5
SIM1
SIM2
SIM3
SIM4
1
21
22
SIM5
SIM1
SIM2
SIM3
SIM4
1
21
22
SIM5
SIM1
SIM2
SIM3
SIM4
1
21
22
SIM5
SIM1
SIM2
SIM3
SIM4
1
21
22
SIM5
SIM1
SIM2
SIM3
SIM4
1
21
22
SIM5
SIM1
SIM2
SIM3
SIM4
1
21
22
SIM5
SIM1
SIM2
SIM3
SIM4
1
21
22
SIM5
SIM1
SIM2
SIM3
SIM4
1
21
22
SIM5
SIM1
SIM2
SIM3
SIM4
1
21
22
SIM5
SIM1
SIM2
SIM3
SIM4
1
21
22
SIM5
SIM1
SIM2
SIM3
SIM4
1
21
22
SIM5
SIM1
SIM2
SIM3
SIM4
1
21
22
SIM5
SIM1
SIM2
SIM3
SIM4
1
21
22
SIM5
SIM1
SIM2
SIM3
SIM4
1
21
22
SIM5
SIM1
SIM2
SIM3
SIM4
1
21
22
SIM5
SIM1
SIM2
SIM3
SIM4
1
21
22
SIM5
SIM1
SIM2
SIM3
SIM4
1
21
22
SIM5
SIM1
SIM2
SIM3
SIM4
1
21
22
SIM5
SIM1
SIM2
SIM3
SIM4
1
21
22
SIM5
SIM1
SIM2
SIM3
SIM4
1
21
22
SIM5
SIM1
SIM2
SIM3
SIM4
1
21
22
SIM5
SIM1
SIM2
SIM3
SIM4
1
21
22
SIM5
SIM1
SIM2
SIM3
SIM4
1
21
22
SIM5
SIM1
SIM2
SIM3
SIM4
1
21
22
SIM5
SIM1
SIM2
SIM3
SIM4
1
21
22
SIM5
SIM1
SIM2
SIM3
SIM4
1
21
22
SIM5
SIM1
SIM2
SIM3
SIM4
1
21
22
SIM5
SIM1
SIM2
SIM3
SIM4
1
21
22
SIM5
SIM1
SIM2
SIM3
SIM4
1
21
22
SIM5
SIM1
SIM2
SIM3
SIM4
1
21
22
SIM5
SIM1
SIM2
SIM3
SIM4
1
21
22
SIM5
SIM1
SIM2
SIM3
SIM4
1
21
22
SIM5
SIM1
SIM2
SIM3
SIM4
1
21
22
SIM5
SIM1
SIM2
SIM3
SIM4
1
21
22
SIM5
SIM1
SIM2
SIM3
SIM4
1
21
22
SIM5
SIM1
SIM2
SIM3
SIM4
1
21
22
SIM5
SIM1
SIM2
SIM3
SIM4
1
21
22
SIM5
SIM1
SIM2
SIM3
SIM4
1
21
22
SIM5
SIM1
SIM2
SIM3
SIM4
1
21
22
SIM5
SIM1
SIM2
SIM3
SIM4
1
21
22
SIM5
SIM1
SIM2
SIM3
SIM4
1
21
22
SIM5
SIM1
SIM2
SIM3
SIM4
1
21
22
SIM5
SIM1
SIM2
SIM3
SIM4
1
21
22
SIM5
SIM1
SIM2
SIM3
SIM4
1
21
22
SIM5
SIM1
SIM2
SIM3
SIM4
1
21
22
SIM5
SIM1
SIM2
SIM3
SIM4
1
21
22
SIM5
SIM1
SIM2
SIM3
SIM4
1
21
22
SIM5
SIM1
SIM2
SIM3
SIM4
1
21
22
SIM5
SIM1
SIM2
SIM3
SIM4
1
21
22
SIM5
SIM1
SIM2
SIM3
SIM4
1
21
22
SIM5
SIM1
SIM2
SIM3
SIM4
1
21
22
SIM5
SIM1
SIM2
SIM3
SIM4
1
21
22
SIM5
SIM1
SIM2
SIM3
SIM4
1
21
22
SIM5
SIM1
SIM2
SIM3
SIM4
1
21
22
SIM5
SIM1
SIM2
SIM3
SIM4
1
21
22
SIM5
SIM1
SIM2
SIM3
SIM4
1
21
22
SIM5
SIM1
SIM2
SIM3
SIM4
1
21
22
SIM5
SIM1
SIM2
SIM3
SIM4
1
21
22
SIM5
SIM1
SIM2
SIM3
SIM4
1
21
22
SIM5
SIM1
SIM2
SIM3
SIM4
1
21
22
SIM5
SIM1
SIM2
SIM3
SIM4
1
21
22
SIM5
SIM1
SIM2
SIM3
SIM4
1
21
22
SIM5
SIM1
SIM2
SIM3
SIM4
1
21
22
SIM5
SIM1
SIM2
SIM3
SIM4
1
21
22
SIM5
SIM1
SIM2
SIM3
SIM4
1
21
22
SIM5
SIM1
SIM2
SIM3
SIM4
1
21
22
SIM5
SIM1
SIM2
SIM3
SIM4
1
21
22
SIM5
SIM1
SIM2
SIM3
SIM4
1
21
22
SIM5
SIM1
SIM2
SIM3
SIM4
1
21
22
SIM5
SIM1
SIM2
SIM3
SIM4
1
21
22
SIM5
SIM1
SIM2
SIM3
SIM4
1
21
22
SIM5
SIM1
SIM2
SIM3
SIM4
1
21
22
SIM5
SIM1
SIM2
SIM3
SIM4
1
21
22
SIM5
SIM1
SIM2
SIM3
SIM4
1
21
22
SIM5
SIM1
SIM2
SIM3
SIM4
1
21
22
SIM5
SIM1
SIM2
SIM3
SIM4
1
21
22
SIM5
SIM1
SIM2
SIM3
SIM4
1
21
22
SIM5
SIM1
SIM2
SIM3
SIM4
1
21
22
SIM5
SIM1
SIM2
SIM3
SIM4
1
21
22
SIM5
SIM1
SIM2
SIM3
SIM4
1
21
22
SIM5
SIM1
SIM2
SIM3
SIM4
1
21
22
SIM5
SIM1
SIM2
SIM3
SIM4
1
21
22
SIM5
SIM1
SIM2
SIM3
SIM4
1
21
22
SIM5
SIM1
SIM2
SIM3
SIM4
1
21
22
SIM5
SIM1
SIM2
SIM3
SIM4
1
21
22
SIM5
SIM1
SIM2
SIM3
SIM4
1
21
22
SIM5
SIM1
SIM2
SIM3
SIM4
1
21
22
SIM5
SIM1
SIM2
SIM3
SIM4
1
21
22
SIM5
SIM1
SIM2
SIM3
SIM4
1
21
22
SIM5
SIM1
SIM2
SIM3
SIM4
1
21
22
SIM5
SIM1
SIM2
SIM3
SIM4
1
21
22
SIM5
SIM1
SIM2
SIM3
SIM4
1
21
22
SIM5
SIM1
SIM2
SIM3
SIM4
1
21
22
SIM5
SIM1
SIM2
SIM3
SIM4
1
21
22
SIM5
SIM1
SIM2
SIM3
SIM4
1
21
22
SIM5
SIM1
SIM2
SIM3
SIM4
1
21
22
SIM5
SIM1
SIM2
SIM3
SIM4
1
21
22
SIM5
SIM1
SIM2
SIM3
SIM4
1
21
22
SIM5
SIM1
SIM2
SIM3
SIM4
1
21
22
SIM5
SIM1
SIM2
SIM3
SIM4
1
21
22
SIM5
SIM1
SIM2
SIM3
SIM4
1
21
22
SIM5
SIM1
SIM2
SIM3
SIM4
1
21
22
SIM5
SIM1
SIM2
SIM3
SIM4
1
21
22
SIM5
SIM1
SIM2
SIM3
SIM4
1
21
22
SIM5
SIM1
SIM2
SIM3
SIM4
1
21
22
SIM5
SIM1
SIM2
SIM3
SIM4
1
21
22
SIM5
SIM1
SIM2
SIM3
SIM4
1
21
22
SIM5
SIM1
SIM2
SIM3
SIM4
1
21
22
SIM5
SIM1
SIM2
SIM3
SIM4
1
21
22
SIM5
SIM1
SIM2
SIM3
SIM4
1
21
22
SIM5
SIM1
SIM2
SIM3
SIM4
1
21
22
SIM5
SIM1
SIM2
SIM3
SIM4
1
21
22
SIM5
SIM1
SIM2
SIM3
SIM4
1
21
22
SIM5
SIM1
SIM2
SIM3
SIM4
1
21
22
SIM5
SIM1
SIM2
SIM3
SIM4
1
21
22
SIM5
SIM1
SIM2
SIM3
SIM4
1
21
22
SIM5
SIM1
SIM2
SIM3
SIM4
1
21
22
SIM5
SIM1
SIM2
SIM3
SIM4
1
21
22
SIM5
SIM1
SIM2
SIM3
SIM4
1
21
22
SIM5
SIM1
SIM2
SIM3
SIM4
1
21
22
SIM5
SIM1
SIM2
SIM3
SIM4
1
21
22
SIM5
SIM1
SIM2
SIM3
SIM4
1
21
22
SIM5
SIM1
SIM2
SIM3
SIM4
1
21
22
SIM5
SIM1
SIM2
SIM3
SIM4
1
21
22
SIM5
SIM1
SIM2
SIM3
SIM4
1
21
22
SIM5
SIM1
SIM2
SIM3
SIM4
1
21
22
SIM5
SIM1
SIM2
SIM3
SIM4
1
21
22
SIM5
SIM1
SIM2
SIM3
SIM4
1
21
22
SIM5
SIM1
SIM2
SIM3
SIM4
1
21
22
SIM5
SIM1
SIM2
SIM3
SIM4
1
21
22
SIM5
SIM1
SIM2
SIM3
SIM4
1
21
22
SIM5
SIM1
SIM2
SIM3
SIM4
1
21
22
SIM5
SIM1
SIM2
SIM3
SIM4
1
21
22
SIM5
SIM1
SIM2
SIM3
SIM4
1
21
22
SIM5
SIM1
SIM2
SIM3
SIM4
1
21
22
SIM5
SIM1
SIM2
SIM3
SIM4
1
21
22
SIM5
SIM1
SIM2
SIM3
SIM4
1
21
22
SIM5
SIM1
SIM2
SIM3
SIM4
1
21
22
SIM5
SIM1
SIM2
DEBUG 1 204
SIM1
SIM2
SIM3
SIM4
1
21
22
SIM5
SIM1
SIM2
SIM3
SIM4
1
21
22
SIM5
SIM1
SIM2
SIM3
SIM4
1
21
22
SIM5
SIM1
SIM2
SIM3
SIM4
1
21
22
SIM5
SIM1
SIM2
SIM3
SIM4
1
21
22
SIM5
SIM1
SIM2
SIM3
SIM4
1
21
22
SIM5
SIM1
SIM2
SIM3
SIM4
1
21
22
SIM5
SIM1
SIM2
SIM3
SIM4
1
21
22
SIM5
SIM1
SIM2
SIM3
SIM4
1
21
22
SIM5
SIM1
SIM2
SIM3
SIM4
1
21
22
SIM5
SIM1
SIM2
SIM3
SIM4
1
21
22
SIM5
SIM1
SIM2
SIM3
SIM4
1
21
22
SIM5
SIM1
SIM2
SIM3
SIM4
1
21
22
SIM5
SIM1
SIM2
SIM3
SIM4
1
21
22
SIM5
SIM1
SIM2
SIM3
SIM4
1
21
22
SIM5
SIM1
SIM2
SIM3
SIM4
1
21
22
SIM5
SIM1
SIM2
SIM3
SIM4
1
21
22
SIM5
SIM1
SIM2
SIM3
SIM4
1
21
22
SIM5
SIM1
SIM2
SIM3
SIM4
1
21
22
SIM5
SIM1
SIM2
SIM3
SIM4
1
21
22
SIM5
SIM1
SIM2
SIM3
SIM4
1
21
22
SIM5
SIM1
SIM2
SIM3
SIM4
1
21
22
SIM5
SIM1
SIM2
SIM3
SIM4
1
21
22
SIM5
SIM1
SIM2
SIM3
SIM4
1
21
22
SIM5
SIM1
SIM2
SIM3
SIM4
1
21
22
SIM5
SIM1
SIM2
SIM3
SIM4
1
21
22
SIM5
SIM1
SIM2
SIM3
SIM4
1
21
22
SIM5
SIM1
SIM2
SIM3
SIM4
1
21
22
SIM5
SIM1
SIM2
SIM3
SIM4
1
21
22
SIM5
SIM1
SIM2
SIM3
SIM4
1
21
22
SIM5
SIM1
SIM2
SIM3
SIM4
1
21
22
SIM5
SIM1
SIM2
SIM3
SIM4
1
21
22
SIM5
SIM1
SIM2
SIM3
SIM4
1
21
22
SIM5
SIM1
SIM2
SIM3
SIM4
1
21
22
SIM5
SIM1
SIM2
SIM3
SIM4
1
21
22
SIM5
SIM1
SIM2
SIM3
SIM4
1
21
22
SIM5
SIM1
SIM2
SIM3
SIM4
1
21
22
SIM5
SIM1
SIM2
SIM3
SIM4
1
21
22
SIM5
SIM1
SIM2
SIM3
SIM4
1
21
22
SIM5
SIM1
SIM2
SIM3
SIM4
1
21
22
SIM5
SIM1
SIM2
SIM3
SIM4
1
21
22
SIM5
SIM1
SIM2
SIM3
SIM4
1
21
22
SIM5
SIM1
SIM2
SIM3
SIM4
1
21
22
SIM5
SIM1
SIM2
SIM3
SIM4
1
21
22
SIM5
SIM1
SIM2
SIM3
SIM4
1
21
22
SIM5
SIM1
SIM2
SIM3
SIM4
1
21
22
SIM5
SIM1
SIM2
SIM3
SIM4
1
21
22
SIM5
SIM1
SIM2
SIM3
SIM4
1
21
22
SIM5
SIM1
SIM2
SIM3
SIM4
1
21
22
SIM5
SIM1
SIM2
SIM3
SIM4
1
21
22
SIM5
SIM1
SIM2
SIM3
SIM4
1
21
22
SIM5
SIM1
SIM2
SIM3
SIM4
1
21
22
SIM5
SIM1
SIM2
SIM3
SIM4
1
21
22
SIM5
SIM1
SIM2
SIM3
SIM4
1
21
22
SIM5
SIM1
SIM2
SIM3
SIM4
1
21
22
SIM5
SIM1
SIM2
SIM3
SIM4
1
21
22
SIM5
SIM1
SIM2
SIM3
SIM4
1
21
22
SIM5
SIM1
SIM2
SIM3
SIM4
1
21
22
SIM5
SIM1
SIM2
SIM3
SIM4
1
21
22
SIM5
SIM1
SIM2
SIM3
SIM4
1
21
22
SIM5
SIM1
SIM2
SIM3
SIM4
1
21
22
SIM5
SIM1
SIM2
SIM3
SIM4
1
21
22
SIM5
SIM1
SIM2
SIM3
SIM4
1
21
22
SIM5
SIM1
SIM2
SIM3
SIM4
1
21
22
SIM5
SIM1
SIM2
SIM3
SIM4
1
21
22
SIM5
SIM1
SIM2
SIM3
SIM4
1
21
22
SIM5
SIM1
SIM2
SIM3
SIM4
1
21
22
SIM5
SIM1
SIM2
SIM3
SIM4
1
21
22
SIM5
SIM1
SIM2
SIM3
SIM4
1
21
22
SIM5
SIM1
SIM2
SIM3
SIM4
1
21
22
SIM5
SIM1
SIM2
SIM3
SIM4
1
21
22
SIM5
SIM1
SIM2
SIM3
SIM4
1
21
22
SIM5
SIM1
SIM2
SIM3
SIM4
1
21
22
SIM5
SIM1
SIM2
SIM3
SIM4
1
21
22
SIM5
SIM1
SIM2
SIM3
SIM4
1
21
22
SIM5
SIM1
SIM2
SIM3
SIM4
1
21
22
SIM5
SIM1
SIM2
SIM3
SIM4
1
21
22
SIM5
SIM1
SIM2
SIM3
SIM4
1
21
22
SIM5
SIM1
SIM2
SIM3
SIM4
1
21
22
SIM5
SIM1
SIM2
SIM3
SIM4
1
21
22
SIM5
SIM1
SIM2
SIM3
SIM4
1
21
22
SIM5
SIM1
SIM2
SIM3
SIM4
1
21
22
SIM5
SIM1
SIM2
SIM3
SIM4
1
21
22
SIM5
SIM1
SIM2
SIM3
SIM4
1
21
22
SIM5
SIM1
SIM2
SIM3
SIM4
1
21
22
SIM5
SIM1
SIM2
SIM3
SIM4
1
21
22
SIM5
SIM1
SIM2
SIM3
SIM4
1
21
22
SIM5
SIM1
SIM2
SIM3
SIM4
1
21
22
SIM5
SIM1
SIM2
SIM3
SIM4
1
21
22
SIM5
SIM1
SIM2
SIM3
SIM4
1
21
22
SIM5
SIM1
SIM2
SIM3
SIM4
1
21
22
SIM5
SIM1
SIM2
SIM3
SIM4
1
21
22
SIM5
SIM1
SIM2
SIM3
SIM4
1
21
22
SIM5
SIM1
SIM2
SIM3
SIM4
1
21
22
SIM5
SIM1
SIM2
SIM3
SIM4
1
21
22
SIM5
SIM1
SIM2
SIM3
SIM4
1
21
22
SIM5
SIM1
SIM2
SIM3
SIM4
1
21
22
SIM5
SIM1
SIM2
SIM3
SIM4
1
21
22
SIM5
SIM1
SIM2
SIM3
SIM4
1
21
22
SIM5
SIM1
SIM2
SIM3
SIM4
1
21
22
SIM5
SIM1
SIM2
SIM3
SIM4
1
21
22
SIM5
SIM1
SIM2
SIM3
SIM4
1
21
22
SIM5
SIM1
SIM2
SIM3
SIM4
1
21
22
SIM5
SIM1
SIM2
SIM3
SIM4
1
21
22
SIM5
SIM1
SIM2
SIM3
SIM4
1
21
22
SIM5
SIM1
SIM2
SIM3
SIM4
1
21
22
SIM5
SIM1
SIM2
SIM3
SIM4
1
21
22
SIM5
SIM1
SIM2
SIM3
SIM4
1
21
22
SIM5
SIM1
SIM2
SIM3
SIM4
1
21
22
SIM5
SIM1
SIM2
SIM3
SIM4
1
21
22
SIM5
SIM1
SIM2
SIM3
SIM4
1
21
22
SIM5
SIM1
SIM2
SIM3
SIM4
1
21
22
SIM5
SIM1
SIM2
SIM3
SIM4
1
21
22
SIM5
SIM1
SIM2
SIM3
SIM4
1
21
22
SIM5
SIM1
SIM2
SIM3
SIM4
1
21
22
SIM5
SIM1
SIM2
SIM3
SIM4
1
21
22
SIM5
SIM1
SIM2
SIM3
SIM4
1
21
22
SIM5
SIM1
SIM2
SIM3
SIM4
1
21
22
SIM5
SIM1
SIM2
SIM3
SIM4
1
21
22
SIM5
SIM1
SIM2
SIM3
SIM4
1
21
22
SIM5
SIM1
SIM2
SIM3
SIM4
1
21
22
SIM5
SIM1
SIM2
SIM3
SIM4
1
21
22
SIM5
SIM1
SIM2
SIM3
SIM4
1
21
22
SIM5
SIM1
SIM2
SIM3
SIM4
1
21
22
SIM5
SIM1
SIM2
SIM3
SIM4
1
21
22
SIM5
SIM1
SIM2
SIM3
SIM4
1
21
22
SIM5
SIM1
SIM2
SIM3
SIM4
1
21
22
SIM5
SIM1
SIM2
SIM3
SIM4
1
21
22
SIM5
SIM1
SIM2
SIM3
SIM4
1
21
22
SIM5
SIM1
SIM2
SIM3
SIM4
1
21
22
SIM5
SIM1
SIM2
SIM3
SIM4
1
21
22
SIM5
SIM1
SIM2
SIM3
SIM4
1
21
22
SIM5
SIM1
SIM2
DEBUG 1 205
SIM1
SIM2
SIM3
SIM4
1
21
22
SIM5
SIM1
SIM2
SIM3
SIM4
1
21
22
SIM5
SIM1
SIM2
SIM3
SIM4
1
21
22
SIM5
SIM1
SIM2
SIM3
SIM4
1
21
22
SIM5
SIM1
SIM2
SIM3
SIM4
1
21
22
SIM5
SIM1
SIM2
SIM3
SIM4
1
21
22
SIM5
SIM1
SIM2
SIM3
SIM4
1
21
22
SIM5
SIM1
SIM2
SIM3
SIM4
1
21
22
SIM5
SIM1
SIM2
SIM3
SIM4
1
21
22
SIM5
SIM1
SIM2
SIM3
SIM4
1
21
22
SIM5
SIM1
SIM2
SIM3
SIM4
1
21
22
SIM5
SIM1
SIM2
SIM3
SIM4
1
21
22
SIM5
SIM1
SIM2
SIM3
SIM4
1
21
22
SIM5
SIM1
SIM2
SIM3
SIM4
1
21
22
SIM5
SIM1
SIM2
SIM3
SIM4
1
21
22
SIM5
SIM1
SIM2
SIM3
SIM4
1
21
22
SIM5
SIM1
SIM2
SIM3
SIM4
1
21
22
SIM5
SIM1
SIM2
SIM3
SIM4
1
21
22
SIM5
SIM1
SIM2
SIM3
SIM4
1
21
22
SIM5
SIM1
SIM2
SIM3
SIM4
1
21
22
SIM5
SIM1
SIM2
SIM3
SIM4
1
21
22
SIM5
SIM1
SIM2
SIM3
SIM4
1
21
22
SIM5
SIM1
SIM2
SIM3
SIM4
1
21
22
SIM5
SIM1
SIM2
SIM3
SIM4
1
21
22
SIM5
SIM1
SIM2
SIM3
SIM4
1
21
22
SIM5
SIM1
SIM2
SIM3
SIM4
1
21
22
SIM5
SIM1
SIM2
SIM3
SIM4
1
21
22
SIM5
SIM1
SIM2
SIM3
SIM4
1
21
22
SIM5
SIM1
SIM2
SIM3
SIM4
1
21
22
SIM5
SIM1
SIM2
SIM3
SIM4
1
21
22
SIM5
SIM1
SIM2
SIM3
SIM4
1
21
22
SIM5
SIM1
SIM2
SIM3
SIM4
1
21
22
SIM5
SIM1
SIM2
SIM3
SIM4
1
21
22
SIM5
SIM1
SIM2
SIM3
SIM4
1
21
22
SIM5
SIM1
SIM2
SIM3
SIM4
1
21
22
SIM5
SIM1
SIM2
SIM3
SIM4
1
21
22
SIM5
SIM1
SIM2
SIM3
SIM4
1
21
22
SIM5
SIM1
SIM2
SIM3
SIM4
1
21
22
SIM5
SIM1
SIM2
SIM3
SIM4
1
21
22
SIM5
SIM1
SIM2
SIM3
SIM4
1
21
22
SIM5
SIM1
SIM2
SIM3
SIM4
1
21
22
SIM5
SIM1
SIM2
SIM3
SIM4
1
21
22
SIM5
SIM1
SIM2
SIM3
SIM4
1
21
22
SIM5
SIM1
SIM2
SIM3
SIM4
1
21
22
SIM5
SIM1
SIM2
SIM3
SIM4
1
21
22
SIM5
SIM1
SIM2
SIM3
SIM4
1
21
22
SIM5
SIM1
SIM2
SIM3
SIM4
1
21
22
SIM5
SIM1
SIM2
SIM3
SIM4
1
21
22
SIM5
SIM1
SIM2
SIM3
SIM4
1
21
22
SIM5
SIM1
SIM2
SIM3
SIM4
1
21
22
SIM5
SIM1
SIM2
SIM3
SIM4
1
21
22
SIM5
SIM1
SIM2
SIM3
SIM4
1
21
22
SIM5
SIM1
SIM2
SIM3
SIM4
1
21
22
SIM5
SIM1
SIM2
SIM3
SIM4
1
21
22
SIM5
SIM1
SIM2
SIM3
SIM4
1
21
22
SIM5
SIM1
SIM2
SIM3
SIM4
1
21
22
SIM5
SIM1
SIM2
SIM3
SIM4
1
21
22
SIM5
SIM1
SIM2
SIM3
SIM4
1
21
22
SIM5
SIM1
SIM2
SIM3
SIM4
1
21
22
SIM5
SIM1
SIM2
SIM3
SIM4
1
21
22
SIM5
SIM1
SIM2
SIM3
SIM4
1
21
22
SIM5
SIM1
SIM2
SIM3
SIM4
1
21
22
SIM5
SIM1
SIM2
SIM3
SIM4
1
21
22
SIM5
SIM1
SIM2
SIM3
SIM4
1
21
22
SIM5
SIM1
SIM2
SIM3
SIM4
1
21
22
SIM5
SIM1
SIM2
SIM3
SIM4
1
21
22
SIM5
SIM1
SIM2
SIM3
SIM4
1
21
22
SIM5
SIM1
SIM2
SIM3
SIM4
1
21
22
SIM5
SIM1
SIM2
SIM3
SIM4
1
21
22
SIM5
SIM1
SIM2
SIM3
SIM4
1
21
22
SIM5
SIM1
SIM2
SIM3
SIM4
1
21
22
SIM5
SIM1
SIM2
SIM3
SIM4
1
21
22
SIM5
SIM1
SIM2
SIM3
SIM4
1
21
22
SIM5
SIM1
SIM2
SIM3
SIM4
1
21
22
SIM5
SIM1
SIM2
SIM3
SIM4
1
21
22
SIM5
SIM1
SIM2
SIM3
SIM4
1
21
22
SIM5
SIM1
SIM2
SIM3
SIM4
1
21
22
SIM5
SIM1
SIM2
SIM3
SIM4
1
21
22
SIM5
SIM1
SIM2
SIM3
SIM4
1
21
22
SIM5
SIM1
SIM2
SIM3
SIM4
1
21
22
SIM5
SIM1
SIM2
SIM3
SIM4
1
21
22
SIM5
SIM1
SIM2
SIM3
SIM4
1
21
22
SIM5
SIM1
SIM2
SIM3
SIM4
1
21
22
SIM5
SIM1
SIM2
SIM3
SIM4
1
21
22
SIM5
SIM1
SIM2
SIM3
SIM4
1
21
22
SIM5
SIM1
SIM2
SIM3
SIM4
1
21
22
SIM5
SIM1
SIM2
SIM3
SIM4
1
21
22
SIM5
SIM1
SIM2
SIM3
SIM4
1
21
22
SIM5
SIM1
SIM2
SIM3
SIM4
1
21
22
SIM5
SIM1
SIM2
SIM3
SIM4
1
21
22
SIM5
SIM1
SIM2
SIM3
SIM4
1
21
22
SIM5
SIM1
SIM2
SIM3
SIM4
1
21
22
SIM5
SIM1
SIM2
SIM3
SIM4
1
21
22
SIM5
SIM1
SIM2
SIM3
SIM4
1
21
22
SIM5
SIM1
SIM2
SIM3
SIM4
1
21
22
SIM5
SIM1
SIM2
SIM3
SIM4
1
21
22
SIM5
SIM1
SIM2
SIM3
SIM4
1
21
22
SIM5
SIM1
SIM2
SIM3
SIM4
1
21
22
SIM5
SIM1
SIM2
SIM3
SIM4
1
21
22
SIM5
SIM1
SIM2
SIM3
SIM4
1
21
22
SIM5
SIM1
SIM2
SIM3
SIM4
1
21
22
SIM5
SIM1
SIM2
SIM3
SIM4
1
21
22
SIM5
SIM1
SIM2
SIM3
SIM4
1
21
22
SIM5
SIM1
SIM2
SIM3
SIM4
1
21
22
SIM5
SIM1
SIM2
SIM3
SIM4
1
21
22
SIM5
SIM1
SIM2
SIM3
SIM4
1
21
22
SIM5
SIM1
SIM2
DEBUG 1 206
SIM1
SIM2
SIM3
SIM4
1
21
22
SIM5
SIM1
SIM2
SIM3
SIM4
1
21
22
SIM5
SIM1
SIM2
SIM3
SIM4
1
21
22
SIM5
SIM1
SIM2
SIM3
SIM4
1
21
22
SIM5
SIM1
SIM2
SIM3
SIM4
1
21
22
SIM5
SIM1
SIM2
SIM3
SIM4
1
21
22
SIM5
SIM1
SIM2
SIM3
SIM4
1
21
22
SIM5
SIM1
SIM2
SIM3
SIM4
1
21
22
SIM5
SIM1
SIM2
SIM3
SIM4
1
21
22
SIM5
SIM1
SIM2
SIM3
SIM4
1
21
22
SIM5
SIM1
SIM2
SIM3
SIM4
1
21
22
SIM5
SIM1
SIM2
SIM3
SIM4
1
21
22
SIM5
SIM1
SIM2
SIM3
SIM4
1
21
22
SIM5
SIM1
SIM2
SIM3
SIM4
1
21
22
SIM5
SIM1
SIM2
SIM3
SIM4
1
21
22
SIM5
SIM1
SIM2
SIM3
SIM4
1
21
22
SIM5
SIM1
SIM2
SIM3
SIM4
1
21
22
SIM5
SIM1
SIM2
SIM3
SIM4
1
21
22
SIM5
SIM1
SIM2
SIM3
SIM4
1
21
22
SIM5
SIM1
SIM2
SIM3
SIM4
1
21
22
SIM5
SIM1
SIM2
SIM3
SIM4
1
21
22
SIM5
SIM1
SIM2
SIM3
SIM4
1
21
22
SIM5
SIM1
SIM2
SIM3
SIM4
1
21
22
SIM5
SIM1
SIM2
SIM3
SIM4
1
21
22
SIM5
SIM1
SIM2
SIM3
SIM4
1
21
22
SIM5
SIM1
SIM2
SIM3
SIM4
1
21
22
SIM5
SIM1
SIM2
SIM3
SIM4
1
21
22
SIM5
SIM1
SIM2
SIM3
SIM4
1
21
22
SIM5
SIM1
SIM2
SIM3
SIM4
1
21
22
SIM5
SIM1
SIM2
SIM3
SIM4
1
21
22
SIM5
SIM1
SIM2
SIM3
SIM4
1
21
22
SIM5
SIM1
SIM2
SIM3
SIM4
1
21
22
SIM5
SIM1
SIM2
SIM3
SIM4
1
21
22
SIM5
SIM1
SIM2
SIM3
SIM4
1
21
22
SIM5
SIM1
SIM2
SIM3
SIM4
1
21
22
SIM5
SIM1
SIM2
SIM3
SIM4
1
21
22
SIM5
SIM1
SIM2
SIM3
SIM4
1
21
22
SIM5
SIM1
SIM2
SIM3
SIM4
1
21
22
SIM5
SIM1
SIM2
SIM3
SIM4
1
21
22
SIM5
SIM1
SIM2
SIM3
SIM4
1
21
22
SIM5
SIM1
SIM2
SIM3
SIM4
1
21
22
SIM5
SIM1
SIM2
SIM3
SIM4
1
21
22
SIM5
SIM1
SIM2
SIM3
SIM4
1
21
22
SIM5
SIM1
SIM2
SIM3
SIM4
1
21
22
SIM5
SIM1
SIM2
SIM3
SIM4
1
21
22
SIM5
SIM1
SIM2
SIM3
SIM4
1
21
22
SIM5
SIM1
SIM2
SIM3
SIM4
1
21
22
SIM5
SIM1
SIM2
SIM3
SIM4
1
21
22
SIM5
SIM1
SIM2
SIM3
SIM4
1
21
22
SIM5
SIM1
SIM2
SIM3
SIM4
1
21
22
SIM5
SIM1
SIM2
SIM3
SIM4
1
21
22
SIM5
SIM1
SIM2
SIM3
SIM4
1
21
22
SIM5
SIM1
SIM2
SIM3
SIM4
1
21
22
SIM5
SIM1
SIM2
SIM3
SIM4
1
21
22
SIM5
SIM1
SIM2
SIM3
SIM4
1
21
22
SIM5
SIM1
SIM2
SIM3
SIM4
1
21
22
SIM5
SIM1
SIM2
SIM3
SIM4
1
21
22
SIM5
SIM1
SIM2
SIM3
SIM4
1
21
22
SIM5
SIM1
SIM2
SIM3
SIM4
1
21
22
SIM5
SIM1
SIM2
SIM3
SIM4
1
21
22
SIM5
SIM1
SIM2
SIM3
SIM4
1
21
22
SIM5
SIM1
SIM2
SIM3
SIM4
1
21
22
SIM5
SIM1
SIM2
SIM3
SIM4
1
21
22
SIM5
SIM1
SIM2
SIM3
SIM4
1
21
22
SIM5
SIM1
SIM2
SIM3
SIM4
1
21
22
SIM5
SIM1
SIM2
SIM3
SIM4
1
21
22
SIM5
SIM1
SIM2
SIM3
SIM4
1
21
22
SIM5
SIM1
SIM2
SIM3
SIM4
1
21
22
SIM5
SIM1
SIM2
SIM3
SIM4
1
21
22
SIM5
SIM1
SIM2
SIM3
SIM4
1
21
22
SIM5
SIM1
SIM2
SIM3
SIM4
1
21
22
SIM5
SIM1
SIM2
SIM3
SIM4
1
21
22
SIM5
SIM1
SIM2
SIM3
SIM4
1
21
22
SIM5
SIM1
SIM2
SIM3
SIM4
1
21
22
SIM5
SIM1
SIM2
SIM3
SIM4
1
21
22
SIM5
SIM1
SIM2
SIM3
SIM4
1
21
22
SIM5
SIM1
SIM2
SIM3
SIM4
1
21
22
SIM5
SIM1
SIM2
SIM3
SIM4
1
21
22
SIM5
SIM1
SIM2
SIM3
SIM4
1
21
22
SIM5
SIM1
SIM2
SIM3
SIM4
1
21
22
SIM5
SIM1
SIM2
SIM3
SIM4
1
21
22
SIM5
SIM1
SIM2
SIM3
SIM4
1
21
22
SIM5
SIM1
SIM2
SIM3
SIM4
1
21
22
SIM5
SIM1
SIM2
SIM3
SIM4
1
21
22
SIM5
SIM1
SIM2
SIM3
SIM4
1
21
22
SIM5
SIM1
SIM2
SIM3
SIM4
1
21
22
SIM5
SIM1
SIM2
SIM3
SIM4
1
21
22
SIM5
SIM1
SIM2
SIM3
SIM4
1
21
22
SIM5
SIM1
SIM2
SIM3
SIM4
1
21
22
SIM5
SIM1
SIM2
SIM3
SIM4
1
21
22
SIM5
SIM1
SIM2
SIM3
SIM4
1
21
22
SIM5
SIM1
SIM2
SIM3
SIM4
1
21
22
SIM5
SIM1
SIM2
SIM3
SIM4
1
21
22
SIM5
SIM1
SIM2
SIM3
SIM4
1
21
22
SIM5
SIM1
SIM2
SIM3
SIM4
1
21
22
SIM5
SIM1
SIM2
SIM3
SIM4
1
21
22
SIM5
SIM1
SIM2
SIM3
SIM4
1
21
22
SIM5
SIM1
SIM2
SIM3
SIM4
1
21
22
SIM5
SIM1
SIM2
SIM3
SIM4
1
21
22
SIM5
SIM1
SIM2
SIM3
SIM4
1
21
22
SIM5
SIM1
SIM2
SIM3
SIM4
1
21
22
SIM5
SIM1
SIM2
SIM3
SIM4
1
21
22
SIM5
SIM1
SIM2
SIM3
SIM4
1
21
22
SIM5
SIM1
SIM2
SIM3
SIM4
1
21
22
SIM5
SIM1
SIM2
SIM3
SIM4
1
21
22
SIM5
SIM1
SIM2
SIM3
SIM4
1
21
22
SIM5
SIM1
SIM2
SIM3
SIM4
1
21
22
SIM5
SIM1
SIM2
SIM3
SIM4
1
21
22
SIM5
SIM1
SIM2
SIM3
SIM4
1
21
22
SIM5
SIM1
SIM2
SIM3
SIM4
1
21
22
SIM5
SIM1
SIM2
SIM3
SIM4
1
21
22
SIM5
SIM1
SIM2
SIM3
SIM4
1
21
22
SIM5
SIM1
SIM2
SIM3
SIM4
1
21
22
SIM5
SIM1
SIM2
SIM3
SIM4
1
21
22
SIM5
SIM1
SIM2
SIM3
SIM4
1
21
22
SIM5
SIM1
SIM2
DEBUG 1 207
SIM1
SIM2
SIM3
SIM4
1
21
22
SIM5
SIM1
SIM2
SIM3
SIM4
1
21
22
SIM5
SIM1
SIM2
SIM3
SIM4
1
21
22
SIM5
SIM1
SIM2
SIM3
SIM4
1
21
22
SIM5
SIM1
SIM2
SIM3
SIM4
1
21
22
SIM5
SIM1
SIM2
SIM3
SIM4
1
21
22
SIM5
SIM1
SIM2
SIM3
SIM4
1
21
22
SIM5
SIM1
SIM2
SIM3
SIM4
1
21
22
SIM5
SIM1
SIM2
SIM3
SIM4
1
21
22
SIM5
SIM1
SIM2
SIM3
SIM4
1
21
22
SIM5
SIM1
SIM2
SIM3
SIM4
1
21
22
SIM5
SIM1
SIM2
SIM3
SIM4
1
21
22
SIM5
SIM1
SIM2
SIM3
SIM4
1
21
22
SIM5
SIM1
SIM2
SIM3
SIM4
1
21
22
SIM5
SIM1
SIM2
SIM3
SIM4
1
21
22
SIM5
SIM1
SIM2
SIM3
SIM4
1
21
22
SIM5
SIM1
SIM2
SIM3
SIM4
1
21
22
SIM5
SIM1
SIM2
SIM3
SIM4
1
21
22
SIM5
SIM1
SIM2
SIM3
SIM4
1
21
22
SIM5
SIM1
SIM2
SIM3
SIM4
1
21
22
SIM5
SIM1
SIM2
SIM3
SIM4
1
21
22
SIM5
SIM1
SIM2
SIM3
SIM4
1
21
22
SIM5
SIM1
SIM2
SIM3
SIM4
1
21
22
SIM5
SIM1
SIM2
SIM3
SIM4
1
21
22
SIM5
SIM1
SIM2
SIM3
SIM4
1
21
22
SIM5
SIM1
SIM2
SIM3
SIM4
1
21
22
SIM5
SIM1
SIM2
SIM3
SIM4
1
21
22
SIM5
SIM1
SIM2
SIM3
SIM4
1
21
22
SIM5
SIM1
SIM2
SIM3
SIM4
1
21
22
SIM5
SIM1
SIM2
SIM3
SIM4
1
21
22
SIM5
SIM1
SIM2
SIM3
SIM4
1
21
22
SIM5
SIM1
SIM2
SIM3
SIM4
1
21
22
SIM5
SIM1
SIM2
SIM3
SIM4
1
21
22
SIM5
SIM1
SIM2
SIM3
SIM4
1
21
22
SIM5
SIM1
SIM2
SIM3
SIM4
1
21
22
SIM5
SIM1
SIM2
SIM3
SIM4
1
21
22
SIM5
SIM1
SIM2
SIM3
SIM4
1
21
22
SIM5
SIM1
SIM2
SIM3
SIM4
1
21
22
SIM5
SIM1
SIM2
SIM3
SIM4
1
21
22
SIM5
SIM1
SIM2
SIM3
SIM4
1
21
22
SIM5
SIM1
SIM2
SIM3
SIM4
1
21
22
SIM5
SIM1
SIM2
SIM3
SIM4
1
21
22
SIM5
SIM1
SIM2
SIM3
SIM4
1
21
22
SIM5
SIM1
SIM2
SIM3
SIM4
1
21
22
SIM5
SIM1
SIM2
SIM3
SIM4
1
21
22
SIM5
SIM1
SIM2
SIM3
SIM4
1
21
22
SIM5
SIM1
SIM2
SIM3
SIM4
1
21
22
SIM5
SIM1
SIM2
SIM3
SIM4
1
21
22
SIM5
SIM1
SIM2
SIM3
SIM4
1
21
22
SIM5
SIM1
SIM2
SIM3
SIM4
1
21
22
SIM5
SIM1
SIM2
SIM3
SIM4
1
21
22
SIM5
SIM1
SIM2
SIM3
SIM4
1
21
22
SIM5
SIM1
SIM2
SIM3
SIM4
1
21
22
SIM5
SIM1
SIM2
SIM3
SIM4
1
21
22
SIM5
SIM1
SIM2
SIM3
SIM4
1
21
22
SIM5
SIM1
SIM2
SIM3
SIM4
1
21
22
SIM5
SIM1
SIM2
SIM3
SIM4
1
21
22
SIM5
SIM1
SIM2
SIM3
SIM4
1
21
22
SIM5
SIM1
SIM2
SIM3
SIM4
1
21
22
SIM5
SIM1
SIM2
SIM3
SIM4
1
21
22
SIM5
SIM1
SIM2
SIM3
SIM4
1
21
22
SIM5
SIM1
SIM2
SIM3
SIM4
1
21
22
SIM5
SIM1
SIM2
SIM3
SIM4
1
21
22
SIM5
SIM1
SIM2
SIM3
SIM4
1
21
22
SIM5
SIM1
SIM2
SIM3
SIM4
1
21
22
SIM5
SIM1
SIM2
SIM3
SIM4
1
21
22
SIM5
SIM1
SIM2
SIM3
SIM4
1
21
22
SIM5
SIM1
SIM2
SIM3
SIM4
1
21
22
SIM5
SIM1
SIM2
SIM3
SIM4
1
21
22
SIM5
SIM1
SIM2
SIM3
SIM4
1
21
22
SIM5
SIM1
SIM2
SIM3
SIM4
1
21
22
SIM5
SIM1
SIM2
SIM3
SIM4
1
21
22
SIM5
SIM1
SIM2
SIM3
SIM4
1
21
22
SIM5
SIM1
SIM2
SIM3
SIM4
1
21
22
SIM5
SIM1
SIM2
SIM3
SIM4
1
21
22
SIM5
SIM1
SIM2
SIM3
SIM4
1
21
22
SIM5
SIM1
SIM2
SIM3
SIM4
1
21
22
SIM5
SIM1
SIM2
SIM3
SIM4
1
21
22
SIM5
SIM1
SIM2
SIM3
SIM4
1
21
22
SIM5
SIM1
SIM2
SIM3
SIM4
1
21
22
SIM5
SIM1
SIM2
SIM3
SIM4
1
21
22
SIM5
SIM1
SIM2
SIM3
SIM4
1
21
22
SIM5
SIM1
SIM2
SIM3
SIM4
1
21
22
SIM5
SIM1
SIM2
SIM3
SIM4
1
21
22
SIM5
SIM1
SIM2
SIM3
SIM4
1
21
22
SIM5
SIM1
SIM2
SIM3
SIM4
1
21
22
SIM5
SIM1
SIM2
SIM3
SIM4
1
21
22
SIM5
SIM1
SIM2
SIM3
SIM4
1
21
22
SIM5
SIM1
SIM2
SIM3
SIM4
1
21
22
SIM5
SIM1
SIM2
SIM3
SIM4
1
21
22
SIM5
SIM1
SIM2
SIM3
SIM4
1
21
22
SIM5
SIM1
SIM2
SIM3
SIM4
1
21
22
SIM5
SIM1
SIM2
SIM3
SIM4
1
21
22
SIM5
SIM1
SIM2
SIM3
SIM4
1
21
22
SIM5
SIM1
SIM2
SIM3
SIM4
1
21
22
SIM5
SIM1
SIM2
SIM3
SIM4
1
21
22
SIM5
SIM1
SIM2
SIM3
SIM4
1
21
22
SIM5
SIM1
SIM2
SIM3
SIM4
1
21
22
SIM5
SIM1
SIM2
SIM3
SIM4
1
21
22
SIM5
SIM1
SIM2
SIM3
SIM4
1
21
22
SIM5
SIM1
SIM2
SIM3
SIM4
1
21
22
SIM5
SIM1
SIM2
SIM3
SIM4
1
21
22
SIM5
SIM1
SIM2
SIM3
SIM4
1
21
22
SIM5
SIM1
SIM2
SIM3
SIM4
1
21
22
SIM5
SIM1
SIM2
SIM3
SIM4
1
21
22
SIM5
SIM1
SIM2
SIM3
SIM4
1
21
22
SIM5
SIM1
SIM2
SIM3
SIM4
1
21
22
SIM5
SIM1
SIM2
SIM3
SIM4
1
21
22
SIM5
SIM1
SIM2
SIM3
SIM4
1
21
22
SIM5
SIM1
SIM2
SIM3
SIM4
1
21
22
SIM5
SIM1
SIM2
SIM3
SIM4
1
21
22
SIM5
SIM1
SIM2
SIM3
SIM4
1
21
22
SIM5
SIM1
SIM2
SIM3
SIM4
1
21
22
SIM5
SIM1
SIM2
SIM3
SIM4
1
21
22
SIM5
SIM1
SIM2
SIM3
SIM4
1
21
22
SIM5
SIM1
SIM2
SIM3
SIM4
1
21
22
SIM5
SIM1
SIM2
SIM3
SIM4
1
21
22
SIM5
SIM1
SIM2
SIM3
SIM4
1
21
22
SIM5
SIM1
SIM2
SIM3
SIM4
1
21
22
SIM5
SIM1
SIM2
SIM3
SIM4
1
21
22
SIM5
SIM1
SIM2
SIM3
SIM4
1
21
22
SIM5
SIM1
SIM2
SIM3
SIM4
1
21
22
SIM5
SIM1
SIM2
SIM3
SIM4
1
21
22
SIM5
SIM1
SIM2
SIM3
SIM4
1
21
22
SIM5
SIM1
SIM2
SIM3
SIM4
1
21
22
SIM5
SIM1
SIM2
SIM3
SIM4
1
21
22
SIM5
SIM1
SIM2
SIM3
SIM4
1
21
22
SIM5
SIM1
SIM2
SIM3
SIM4
1
21
22
SIM5
SIM1
SIM2
SIM3
SIM4
1
21
22
SIM5
SIM1
SIM2
SIM3
SIM4
1
21
22
SIM5
SIM1
SIM2
SIM3
SIM4
1
21
22
SIM5
SIM1
SIM2
SIM3
SIM4
1
21
22
SIM5
SIM1
SIM2
SIM3
SIM4
1
21
22
SIM5
SIM1
SIM2
SIM3
SIM4
1
21
22
SIM5
SIM1
SIM2
SIM3
SIM4
1
21
22
SIM5
SIM1
SIM2
SIM3
SIM4
1
21
22
SIM5
SIM1
SIM2
SIM3
SIM4
1
21
22
SIM5
SIM1
SIM2
SIM3
SIM4
1
21
22
SIM5
SIM1
SIM2
SIM3
SIM4
1
21
22
SIM5
SIM1
SIM2
SIM3
SIM4
1
21
22
SIM5
SIM1
SIM2
SIM3
SIM4
1
21
22
SIM5
SIM1
SIM2
SIM3
SIM4
1
21
22
SIM5
SIM1
SIM2
SIM3
SIM4
1
21
22
SIM5
SIM1
SIM2
SIM3
SIM4
1
21
22
SIM5
SIM1
SIM2
SIM3
SIM4
1
21
22
SIM5
SIM1
SIM2
SIM3
SIM4
1
21
22
SIM5
SIM1
SIM2
SIM3
SIM4
1
21
22
SIM5
SIM1
SIM2
SIM3
SIM4
1
21
22
SIM5
SIM1
SIM2
SIM3
SIM4
1
21
22
SIM5
SIM1
SIM2
SIM3
SIM4
1
21
22
SIM5
SIM1
SIM2
SIM3
SIM4
1
21
22
SIM5
SIM1
SIM2
SIM3
SIM4
1
21
22
SIM5
SIM1
SIM2
SIM3
SIM4
1
21
22
SIM5
SIM1
SIM2
SIM3
SIM4
1
21
22
SIM5
SIM1
SIM2
SIM3
SIM4
1
21
22
SIM5
SIM1
SIM2
SIM3
SIM4
1
21
22
SIM5
SIM1
SIM2
SIM3
SIM4
1
21
22
SIM5
SIM1
SIM2
SIM3
SIM4
1
21
22
SIM5
SIM1
SIM2
SIM3
SIM4
1
21
22
SIM5
SIM1
SIM2
SIM3
SIM4
1
21
22
SIM5
SIM1
SIM2
SIM3
SIM4
1
21
22
SIM5
SIM1
SIM2
SIM3
SIM4
1
21
22
SIM5
SIM1
SIM2
SIM3
SIM4
1
21
22
SIM5
SIM1
SIM2
SIM3
SIM4
1
21
22
SIM5
SIM1
SIM2
SIM3
SIM4
1
21
22
SIM5
SIM1
SIM2
SIM3
SIM4
1
21
22
SIM5
SIM1
SIM2
SIM3
SIM4
1
21
22
SIM5
SIM1
SIM2
SIM3
SIM4
1
21
22
SIM5
SIM1
SIM2
SIM3
SIM4
1
21
22
SIM5
SIM1
SIM2
SIM3
SIM4
1
21
22
SIM5
SIM1
SIM2
SIM3
SIM4
1
21
22
SIM5
SIM1
SIM2
SIM3
SIM4
1
21
22
SIM5
SIM1
SIM2
SIM3
SIM4
1
21
22
SIM5
SIM1
SIM2
SIM3
SIM4
1
21
22
SIM5
SIM1
SIM2
SIM3
SIM4
1
21
22
SIM5
SIM1
SIM2
SIM3
SIM4
1
21
22
SIM5
SIM1
SIM2
SIM3
SIM4
1
21
22
SIM5
SIM1
SIM2
SIM3
SIM4
1
21
22
SIM5
SIM1
SIM2
SIM3
SIM4
1
21
22
SIM5
SIM1
SIM2
SIM3
SIM4
1
21
22
SIM5
SIM1
SIM2
SIM3
SIM4
1
21
22
SIM5
SIM1
SIM2
SIM3
SIM4
1
21
22
SIM5
SIM1
SIM2
SIM3
SIM4
1
21
22
SIM5
SIM1
SIM2
SIM3
SIM4
1
21
22
SIM5
SIM1
SIM2
SIM3
SIM4
1
21
22
SIM5
SIM1
SIM2
SIM3
SIM4
1
21
22
SIM5
SIM1
SIM2
SIM3
SIM4
1
21
22
SIM5
SIM1
SIM2
SIM3
SIM4
1
21
22
SIM5
SIM1
SIM2
SIM3
SIM4
1
21
22
SIM5
SIM1
SIM2
SIM3
SIM4
1
21
22
SIM5
SIM1
SIM2
SIM3
SIM4
1
21
22
SIM5
SIM1
SIM2
SIM3
SIM4
1
21
22
SIM5
SIM1
SIM2
SIM3
SIM4
1
21
22
SIM5
SIM1
SIM2
SIM3
SIM4
1
21
22
SIM5
SIM1
SIM2
SIM3
SIM4
1
21
22
SIM5
SIM1
SIM2
SIM3
SIM4
1
21
22
SIM5
SIM1
SIM2
SIM3
SIM4
1
21
22
SIM5
SIM1
SIM2
SIM3
SIM4
1
21
22
SIM5
SIM1
SIM2
SIM3
SIM4
1
21
22
SIM5
SIM1
SIM2
SIM3
SIM4
1
21
22
SIM5
SIM1
SIM2
SIM3
SIM4
1
21
22
SIM5
SIM1
SIM2
SIM3
SIM4
1
21
22
SIM5
SIM1
SIM2
SIM3
SIM4
1
21
22
SIM5
SIM1
SIM2
SIM3
SIM4
1
21
22
SIM5
SIM1
SIM2
SIM3
SIM4
1
21
22
SIM5
SIM1
SIM2
SIM3
SIM4
1
21
22
SIM5
SIM1
SIM2
SIM3
SIM4
1
21
22
SIM5
SIM1
SIM2
SIM3
SIM4
1
21
22
SIM5
SIM1
SIM2
SIM3
SIM4
1
21
22
SIM5
SIM1
SIM2
SIM3
SIM4
1
21
22
SIM5
SIM1
SIM2
SIM3
SIM4
1
21
22
SIM5
SIM1
SIM2
SIM3
SIM4
1
21
22
SIM5
SIM1
SIM2
SIM3
SIM4
1
21
22
SIM5
SIM1
SIM2
SIM3
SIM4
1
21
22
SIM5
SIM1
SIM2
SIM3
SIM4
1
21
22
SIM5
SIM1
SIM2
SIM3
SIM4
1
21
22
SIM5
SIM1
SIM2
SIM3
SIM4
1
21
22
SIM5
SIM1
SIM2
SIM3
SIM4
1
21
22
SIM5
SIM1
SIM2
SIM3
SIM4
1
21
22
SIM5
SIM1
SIM2
SIM3
SIM4
1
21
22
SIM5
SIM1
SIM2
SIM3
SIM4
1
21
22
SIM5
SIM1
SIM2
SIM3
SIM4
1
21
22
SIM5
SIM1
SIM2
SIM3
SIM4
1
21
22
SIM5
SIM1
SIM2
SIM3
SIM4
1
21
22
SIM5
SIM1
SIM2
SIM3
SIM4
1
21
22
SIM5
SIM1
SIM2
SIM3
SIM4
1
21
22
SIM5
SIM1
SIM2
SIM3
SIM4
1
21
22
SIM5
SIM1
SIM2
SIM3
SIM4
1
21
22
SIM5
SIM1
SIM2
SIM3
SIM4
1
21
22
SIM5
SIM1
SIM2
SIM3
SIM4
1
21
22
SIM5
SIM1
SIM2
SIM3
SIM4
1
21
22
SIM5
SIM1
SIM2
SIM3
SIM4
1
21
22
SIM5
SIM1
SIM2
SIM3
SIM4
1
21
22
SIM5
SIM1
SIM2
SIM3
SIM4
1
21
22
SIM5
SIM1
SIM2
SIM3
SIM4
1
21
22
SIM5
SIM1
SIM2
SIM3
SIM4
1
21
22
SIM5
SIM1
SIM2
SIM3
SIM4
1
21
22
SIM5
SIM1
SIM2
SIM3
SIM4
1
21
22
SIM5
SIM1
SIM2
SIM3
SIM4
1
21
22
SIM5
SIM1
SIM2
SIM3
SIM4
1
21
22
SIM5
SIM1
SIM2
SIM3
SIM4
1
21
22
SIM5
SIM1
SIM2
SIM3
SIM4
1
21
22
SIM5
SIM1
SIM2
SIM3
SIM4
1
21
22
SIM5
SIM1
SIM2
SIM3
SIM4
1
21
22
SIM5
SIM1
SIM2
SIM3
SIM4
1
21
22
SIM5
SIM1
SIM2
SIM3
SIM4
1
21
22
SIM5
SIM1
SIM2
SIM3
SIM4
1
21
22
SIM5
SIM1
SIM2
SIM3
SIM4
1
21
22
SIM5
SIM1
SIM2
SIM3
SIM4
1
21
22
SIM5
SIM1
SIM2
SIM3
SIM4
1
21
22
SIM5
SIM1
SIM2
SIM3
SIM4
1
21
22
SIM5
SIM1
SIM2
SIM3
SIM4
1
21
22
SIM5
SIM1
SIM2
SIM3
SIM4
1
21
22
SIM5
SIM1
SIM2
SIM3
SIM4
1
21
22
SIM5
SIM1
SIM2
SIM3
SIM4
1
21
22
SIM5
SIM1
SIM2
DEBUG 1 208
SIM1
SIM2
SIM3
SIM4
1
21
22
SIM5
SIM1
SIM2
SIM3
SIM4
1
21
22
SIM5
SIM1
SIM2
SIM3
SIM4
1
21
22
SIM5
SIM1
SIM2
SIM3
SIM4
1
21
22
SIM5
SIM1
SIM2
SIM3
SIM4
1
21
22
SIM5
SIM1
SIM2
SIM3
SIM4
1
21
22
SIM5
SIM1
SIM2
SIM3
SIM4
1
21
22
SIM5
SIM1
SIM2
SIM3
SIM4
1
21
22
SIM5
SIM1
SIM2
SIM3
SIM4
1
21
22
SIM5
SIM1
SIM2
SIM3
SIM4
1
21
22
SIM5
SIM1
SIM2
SIM3
SIM4
1
21
22
SIM5
SIM1
SIM2
SIM3
SIM4
1
21
22
SIM5
SIM1
SIM2
SIM3
SIM4
1
21
22
SIM5
SIM1
SIM2
SIM3
SIM4
1
21
22
SIM5
SIM1
SIM2
SIM3
SIM4
1
21
22
SIM5
SIM1
SIM2
SIM3
SIM4
1
21
22
SIM5
SIM1
SIM2
SIM3
SIM4
1
21
22
SIM5
SIM1
SIM2
SIM3
SIM4
1
21
22
SIM5
SIM1
SIM2
SIM3
SIM4
1
21
22
SIM5
SIM1
SIM2
SIM3
SIM4
1
21
22
SIM5
SIM1
SIM2
SIM3
SIM4
1
21
22
SIM5
SIM1
SIM2
SIM3
SIM4
1
21
22
SIM5
SIM1
SIM2
SIM3
SIM4
1
21
22
SIM5
SIM1
SIM2
SIM3
SIM4
1
21
22
SIM5
SIM1
SIM2
SIM3
SIM4
1
21
22
SIM5
SIM1
SIM2
SIM3
SIM4
1
21
22
SIM5
SIM1
SIM2
SIM3
SIM4
1
21
22
SIM5
SIM1
SIM2
SIM3
SIM4
1
21
22
SIM5
SIM1
SIM2
SIM3
SIM4
1
21
22
SIM5
SIM1
SIM2
SIM3
SIM4
1
21
22
SIM5
SIM1
SIM2
SIM3
SIM4
1
21
22
SIM5
SIM1
SIM2
SIM3
SIM4
1
21
22
SIM5
SIM1
SIM2
SIM3
SIM4
1
21
22
SIM5
SIM1
SIM2
SIM3
SIM4
1
21
22
SIM5
SIM1
SIM2
SIM3
SIM4
1
21
22
SIM5
SIM1
SIM2
SIM3
SIM4
1
21
22
SIM5
SIM1
SIM2
SIM3
SIM4
1
21
22
SIM5
SIM1
SIM2
SIM3
SIM4
1
21
22
SIM5
SIM1
SIM2
SIM3
SIM4
1
21
22
SIM5
SIM1
SIM2
SIM3
SIM4
1
21
22
SIM5
SIM1
SIM2
SIM3
SIM4
1
21
22
SIM5
SIM1
SIM2
SIM3
SIM4
1
21
22
SIM5
SIM1
SIM2
SIM3
SIM4
1
21
22
SIM5
SIM1
SIM2
SIM3
SIM4
1
21
22
SIM5
SIM1
SIM2
SIM3
SIM4
1
21
22
SIM5
SIM1
SIM2
SIM3
SIM4
1
21
22
SIM5
SIM1
SIM2
SIM3
SIM4
1
21
22
SIM5
SIM1
SIM2
SIM3
SIM4
1
21
22
SIM5
SIM1
SIM2
SIM3
SIM4
1
21
22
SIM5
SIM1
SIM2
SIM3
SIM4
1
21
22
SIM5
SIM1
SIM2
SIM3
SIM4
1
21
22
SIM5
SIM1
SIM2
SIM3
SIM4
1
21
22
SIM5
SIM1
SIM2
SIM3
SIM4
1
21
22
SIM5
SIM1
SIM2
SIM3
SIM4
1
21
22
SIM5
SIM1
SIM2
SIM3
SIM4
1
21
22
SIM5
SIM1
SIM2
SIM3
SIM4
1
21
22
SIM5
SIM1
SIM2
SIM3
SIM4
1
21
22
SIM5
SIM1
SIM2
SIM3
SIM4
1
21
22
SIM5
SIM1
SIM2
SIM3
SIM4
1
21
22
SIM5
SIM1
SIM2
SIM3
SIM4
1
21
22
SIM5
SIM1
SIM2
SIM3
SIM4
1
21
22
SIM5
SIM1
SIM2
SIM3
SIM4
1
21
22
SIM5
SIM1
SIM2
SIM3
SIM4
1
21
22
SIM5
SIM1
SIM2
SIM3
SIM4
1
21
22
SIM5
SIM1
SIM2
SIM3
SIM4
1
21
22
SIM5
SIM1
SIM2
SIM3
SIM4
1
21
22
SIM5
SIM1
SIM2
SIM3
SIM4
1
21
22
SIM5
SIM1
SIM2
SIM3
SIM4
1
21
22
SIM5
SIM1
SIM2
SIM3
SIM4
1
21
22
SIM5
SIM1
SIM2
SIM3
SIM4
1
21
22
SIM5
SIM1
SIM2
SIM3
SIM4
1
21
22
SIM5
SIM1
SIM2
SIM3
SIM4
1
21
22
SIM5
SIM1
SIM2
SIM3
SIM4
1
21
22
SIM5
SIM1
SIM2
SIM3
SIM4
1
21
22
SIM5
SIM1
SIM2
SIM3
SIM4
1
21
22
SIM5
SIM1
SIM2
SIM3
SIM4
1
21
22
SIM5
SIM1
SIM2
SIM3
SIM4
1
21
22
SIM5
SIM1
SIM2
SIM3
SIM4
1
21
22
SIM5
SIM1
SIM2
SIM3
SIM4
1
21
22
SIM5
SIM1
SIM2
SIM3
SIM4
1
21
22
SIM5
SIM1
SIM2
SIM3
SIM4
1
21
22
SIM5
SIM1
SIM2
SIM3
SIM4
1
21
22
SIM5
SIM1
SIM2
SIM3
SIM4
1
21
22
SIM5
SIM1
SIM2
SIM3
SIM4
1
21
22
SIM5
SIM1
SIM2
SIM3
SIM4
1
21
22
SIM5
SIM1
SIM2
SIM3
SIM4
1
21
22
SIM5
SIM1
SIM2
SIM3
SIM4
1
21
22
SIM5
SIM1
SIM2
SIM3
SIM4
1
21
22
SIM5
SIM1
SIM2
SIM3
SIM4
1
21
22
SIM5
SIM1
SIM2
SIM3
SIM4
1
21
22
SIM5
SIM1
SIM2
SIM3
SIM4
1
21
22
SIM5
SIM1
SIM2
SIM3
SIM4
1
21
22
SIM5
SIM1
SIM2
SIM3
SIM4
1
21
22
SIM5
SIM1
SIM2
SIM3
SIM4
1
21
22
SIM5
SIM1
SIM2
SIM3
SIM4
1
21
22
SIM5
SIM1
SIM2
SIM3
SIM4
1
21
22
SIM5
SIM1
SIM2
SIM3
SIM4
1
21
22
SIM5
SIM1
SIM2
SIM3
SIM4
1
21
22
SIM5
SIM1
SIM2
SIM3
SIM4
1
21
22
SIM5
SIM1
SIM2
SIM3
SIM4
1
21
22
SIM5
SIM1
SIM2
SIM3
SIM4
1
21
22
SIM5
SIM1
SIM2
SIM3
SIM4
1
21
22
SIM5
SIM1
SIM2
SIM3
SIM4
1
21
22
SIM5
SIM1
SIM2
SIM3
SIM4
1
21
22
SIM5
SIM1
SIM2
SIM3
SIM4
1
21
22
SIM5
SIM1
SIM2
SIM3
SIM4
1
21
22
SIM5
SIM1
SIM2
SIM3
SIM4
1
21
22
SIM5
SIM1
SIM2
SIM3
SIM4
1
21
22
SIM5
SIM1
SIM2
SIM3
SIM4
1
21
22
SIM5
SIM1
SIM2
SIM3
SIM4
1
21
22
SIM5
SIM1
SIM2
SIM3
SIM4
1
21
22
SIM5
SIM1
SIM2
SIM3
SIM4
1
21
22
SIM5
SIM1
SIM2
SIM3
SIM4
1
21
22
SIM5
SIM1
SIM2
SIM3
SIM4
1
21
22
SIM5
SIM1
SIM2
SIM3
SIM4
1
21
22
SIM5
SIM1
SIM2
SIM3
SIM4
1
21
22
SIM5
SIM1
SIM2
SIM3
SIM4
1
21
22
SIM5
SIM1
SIM2
SIM3
SIM4
1
21
22
SIM5
SIM1
SIM2
SIM3
SIM4
1
21
22
SIM5
SIM1
SIM2
SIM3
SIM4
1
21
22
SIM5
SIM1
SIM2
SIM3
SIM4
1
21
22
SIM5
SIM1
SIM2
SIM3
SIM4
1
21
22
SIM5
SIM1
SIM2
SIM3
SIM4
1
21
22
SIM5
SIM1
SIM2
SIM3
SIM4
1
21
22
SIM5
SIM1
SIM2
SIM3
SIM4
1
21
22
SIM5
SIM1
SIM2
SIM3
SIM4
1
21
22
SIM5
SIM1
SIM2
SIM3
SIM4
1
21
22
SIM5
SIM1
SIM2
SIM3
SIM4
1
21
22
SIM5
SIM1
SIM2
SIM3
SIM4
1
21
22
SIM5
SIM1
SIM2
SIM3
SIM4
1
21
22
SIM5
SIM1
SIM2
SIM3
SIM4
1
21
22
SIM5
SIM1
SIM2
SIM3
SIM4
1
21
22
SIM5
SIM1
SIM2
SIM3
SIM4
1
21
22
SIM5
SIM1
SIM2
SIM3
SIM4
1
21
22
SIM5
SIM1
SIM2
SIM3
SIM4
1
21
22
SIM5
SIM1
SIM2
SIM3
SIM4
1
21
22
SIM5
SIM1
SIM2
SIM3
SIM4
1
21
22
SIM5
SIM1
SIM2
SIM3
SIM4
1
21
22
SIM5
SIM1
SIM2
SIM3
SIM4
1
21
22
SIM5
SIM1
SIM2
SIM3
SIM4
1
21
22
SIM5
SIM1
SIM2
SIM3
SIM4
1
21
22
SIM5
SIM1
SIM2
SIM3
SIM4
1
21
22
SIM5
SIM1
SIM2
SIM3
SIM4
1
21
22
SIM5
SIM1
SIM2
SIM3
SIM4
1
21
22
SIM5
SIM1
SIM2
SIM3
SIM4
1
21
22
SIM5
SIM1
SIM2
SIM3
SIM4
1
21
22
SIM5
SIM1
SIM2
SIM3
SIM4
1
21
22
SIM5
SIM1
SIM2
SIM3
SIM4
1
21
22
SIM5
SIM1
SIM2
SIM3
SIM4
1
21
22
SIM5
SIM1
SIM2
SIM3
SIM4
1
21
22
SIM5
SIM1
SIM2
SIM3
SIM4
1
21
22
SIM5
SIM1
SIM2
SIM3
SIM4
1
21
22
SIM5
SIM1
SIM2
SIM3
SIM4
1
21
22
SIM5
SIM1
SIM2
SIM3
SIM4
1
21
22
SIM5
SIM1
SIM2
SIM3
SIM4
1
21
22
SIM5
SIM1
SIM2
SIM3
SIM4
1
21
22
SIM5
SIM1
SIM2
SIM3
SIM4
1
21
22
SIM5
SIM1
SIM2
SIM3
SIM4
1
21
22
SIM5
SIM1
SIM2
SIM3
SIM4
1
21
22
SIM5
SIM1
SIM2
SIM3
SIM4
1
21
22
SIM5
SIM1
SIM2
DEBUG 1 209
SIM1
SIM2
SIM3
SIM4
1
21
22
SIM5
SIM1
SIM2
SIM3
SIM4
1
21
22
SIM5
SIM1
SIM2
SIM3
SIM4
1
21
22
SIM5
SIM1
SIM2
SIM3
SIM4
1
21
22
SIM5
SIM1
SIM2
SIM3
SIM4
1
21
22
SIM5
SIM1
SIM2
SIM3
SIM4
1
21
22
SIM5
SIM1
SIM2
SIM3
SIM4
1
21
22
SIM5
SIM1
SIM2
SIM3
SIM4
1
21
22
SIM5
SIM1
SIM2
SIM3
SIM4
1
21
22
SIM5
SIM1
SIM2
SIM3
SIM4
1
21
22
SIM5
SIM1
SIM2
SIM3
SIM4
1
21
22
SIM5
SIM1
SIM2
SIM3
SIM4
1
21
22
SIM5
SIM1
SIM2
SIM3
SIM4
1
21
22
SIM5
SIM1
SIM2
SIM3
SIM4
1
21
22
SIM5
SIM1
SIM2
SIM3
SIM4
1
21
22
SIM5
SIM1
SIM2
SIM3
SIM4
1
21
22
SIM5
SIM1
SIM2
SIM3
SIM4
1
21
22
SIM5
SIM1
SIM2
SIM3
SIM4
1
21
22
SIM5
SIM1
SIM2
SIM3
SIM4
1
21
22
SIM5
SIM1
SIM2
SIM3
SIM4
1
21
22
SIM5
SIM1
SIM2
SIM3
SIM4
1
21
22
SIM5
SIM1
SIM2
SIM3
SIM4
1
21
22
SIM5
SIM1
SIM2
SIM3
SIM4
1
21
22
SIM5
SIM1
SIM2
SIM3
SIM4
1
21
22
SIM5
SIM1
SIM2
SIM3
SIM4
1
21
22
SIM5
SIM1
SIM2
SIM3
SIM4
1
21
22
SIM5
SIM1
SIM2
SIM3
SIM4
1
21
22
SIM5
SIM1
SIM2
SIM3
SIM4
1
21
22
SIM5
SIM1
SIM2
SIM3
SIM4
1
21
22
SIM5
SIM1
SIM2
SIM3
SIM4
1
21
22
SIM5
SIM1
SIM2
SIM3
SIM4
1
21
22
SIM5
SIM1
SIM2
SIM3
SIM4
1
21
22
SIM5
SIM1
SIM2
SIM3
SIM4
1
21
22
SIM5
SIM1
SIM2
SIM3
SIM4
1
21
22
SIM5
SIM1
SIM2
SIM3
SIM4
1
21
22
SIM5
SIM1
SIM2
SIM3
SIM4
1
21
22
SIM5
SIM1
SIM2
SIM3
SIM4
1
21
22
SIM5
SIM1
SIM2
SIM3
SIM4
1
21
22
SIM5
SIM1
SIM2
SIM3
SIM4
1
21
22
SIM5
SIM1
SIM2
SIM3
SIM4
1
21
22
SIM5
SIM1
SIM2
SIM3
SIM4
1
21
22
SIM5
SIM1
SIM2
SIM3
SIM4
1
21
22
SIM5
SIM1
SIM2
SIM3
SIM4
1
21
22
SIM5
SIM1
SIM2
SIM3
SIM4
1
21
22
SIM5
SIM1
SIM2
SIM3
SIM4
1
21
22
SIM5
SIM1
SIM2
SIM3
SIM4
1
21
22
SIM5
SIM1
SIM2
SIM3
SIM4
1
21
22
SIM5
SIM1
SIM2
SIM3
SIM4
1
21
22
SIM5
SIM1
SIM2
SIM3
SIM4
1
21
22
SIM5
SIM1
SIM2
SIM3
SIM4
1
21
22
SIM5
SIM1
SIM2
SIM3
SIM4
1
21
22
SIM5
SIM1
SIM2
SIM3
SIM4
1
21
22
SIM5
SIM1
SIM2
SIM3
SIM4
1
21
22
SIM5
SIM1
SIM2
SIM3
SIM4
1
21
22
SIM5
SIM1
SIM2
SIM3
SIM4
1
21
22
SIM5
SIM1
SIM2
SIM3
SIM4
1
21
22
SIM5
SIM1
SIM2
SIM3
SIM4
1
21
22
SIM5
SIM1
SIM2
SIM3
SIM4
1
21
22
SIM5
SIM1
SIM2
SIM3
SIM4
1
21
22
SIM5
SIM1
SIM2
SIM3
SIM4
1
21
22
SIM5
SIM1
SIM2
SIM3
SIM4
1
21
22
SIM5
SIM1
SIM2
SIM3
SIM4
1
21
22
SIM5
SIM1
SIM2
SIM3
SIM4
1
21
22
SIM5
SIM1
SIM2
SIM3
SIM4
1
21
22
SIM5
SIM1
SIM2
SIM3
SIM4
1
21
22
SIM5
SIM1
SIM2
SIM3
SIM4
1
21
22
SIM5
SIM1
SIM2
SIM3
SIM4
1
21
22
SIM5
SIM1
SIM2
SIM3
SIM4
1
21
22
SIM5
SIM1
SIM2
SIM3
SIM4
1
21
22
SIM5
SIM1
SIM2
SIM3
SIM4
1
21
22
SIM5
SIM1
SIM2
SIM3
SIM4
1
21
22
SIM5
SIM1
SIM2
SIM3
SIM4
1
21
22
SIM5
SIM1
SIM2
SIM3
SIM4
1
21
22
SIM5
SIM1
SIM2
SIM3
SIM4
1
21
22
SIM5
SIM1
SIM2
SIM3
SIM4
1
21
22
SIM5
SIM1
SIM2
SIM3
SIM4
1
21
22
SIM5
SIM1
SIM2
SIM3
SIM4
1
21
22
SIM5
SIM1
SIM2
SIM3
SIM4
1
21
22
SIM5
SIM1
SIM2
SIM3
SIM4
1
21
22
SIM5
SIM1
SIM2
SIM3
SIM4
1
21
22
SIM5
SIM1
SIM2
SIM3
SIM4
1
21
22
SIM5
SIM1
SIM2
SIM3
SIM4
1
21
22
SIM5
SIM1
SIM2
SIM3
SIM4
1
21
22
SIM5
SIM1
SIM2
SIM3
SIM4
1
21
22
SIM5
SIM1
SIM2
SIM3
SIM4
1
21
22
SIM5
SIM1
SIM2
SIM3
SIM4
1
21
22
SIM5
SIM1
SIM2
SIM3
SIM4
1
21
22
SIM5
SIM1
SIM2
SIM3
SIM4
1
21
22
SIM5
SIM1
SIM2
SIM3
SIM4
1
21
22
SIM5
SIM1
SIM2
SIM3
SIM4
1
21
22
SIM5
SIM1
SIM2
SIM3
SIM4
1
21
22
SIM5
SIM1
SIM2
SIM3
SIM4
1
21
22
SIM5
SIM1
SIM2
SIM3
SIM4
1
21
22
SIM5
SIM1
SIM2
SIM3
SIM4
1
21
22
SIM5
SIM1
SIM2
SIM3
SIM4
1
21
22
SIM5
SIM1
SIM2
SIM3
SIM4
1
21
22
SIM5
SIM1
SIM2
SIM3
SIM4
1
21
22
SIM5
SIM1
SIM2
SIM3
SIM4
1
21
22
SIM5
SIM1
SIM2
SIM3
SIM4
1
21
22
SIM5
SIM1
SIM2
SIM3
SIM4
1
21
22
SIM5
SIM1
SIM2
SIM3
SIM4
1
21
22
SIM5
SIM1
SIM2
SIM3
SIM4
1
21
22
SIM5
SIM1
SIM2
SIM3
SIM4
1
21
22
SIM5
SIM1
SIM2
SIM3
SIM4
1
21
22
SIM5
SIM1
SIM2
SIM3
SIM4
1
21
22
SIM5
SIM1
SIM2
SIM3
SIM4
1
21
22
SIM5
SIM1
SIM2
SIM3
SIM4
1
21
22
SIM5
SIM1
SIM2
SIM3
SIM4
1
21
22
SIM5
SIM1
SIM2
SIM3
SIM4
1
21
22
SIM5
SIM1
SIM2
SIM3
SIM4
1
21
22
SIM5
SIM1
SIM2
SIM3
SIM4
1
21
22
SIM5
SIM1
SIM2
SIM3
SIM4
1
21
22
SIM5
SIM1
SIM2
SIM3
SIM4
1
21
22
SIM5
SIM1
SIM2
SIM3
SIM4
1
21
22
SIM5
SIM1
SIM2
SIM3
SIM4
1
21
22
SIM5
SIM1
SIM2
SIM3
SIM4
1
21
22
SIM5
SIM1
SIM2
SIM3
SIM4
1
21
22
SIM5
SIM1
SIM2
SIM3
SIM4
1
21
22
SIM5
SIM1
SIM2
SIM3
SIM4
1
21
22
SIM5
SIM1
SIM2
SIM3
SIM4
1
21
22
SIM5
SIM1
SIM2
SIM3
SIM4
1
21
22
SIM5
SIM1
SIM2
SIM3
SIM4
1
21
22
SIM5
SIM1
SIM2
SIM3
SIM4
1
21
22
SIM5
SIM1
SIM2
SIM3
SIM4
1
21
22
SIM5
SIM1
SIM2
SIM3
SIM4
1
21
22
SIM5
SIM1
SIM2
SIM3
SIM4
1
21
22
SIM5
SIM1
SIM2
SIM3
SIM4
1
21
22
SIM5
SIM1
SIM2
SIM3
SIM4
1
21
22
SIM5
SIM1
SIM2
SIM3
SIM4
1
21
22
SIM5
SIM1
SIM2
SIM3
SIM4
1
21
22
SIM5
SIM1
SIM2
SIM3
SIM4
1
21
22
SIM5
SIM1
SIM2
SIM3
SIM4
1
21
22
SIM5
SIM1
SIM2
SIM3
SIM4
1
21
22
SIM5
SIM1
SIM2
SIM3
SIM4
1
21
22
SIM5
SIM1
SIM2
SIM3
SIM4
1
21
22
SIM5
SIM1
SIM2
SIM3
SIM4
1
21
22
SIM5
SIM1
SIM2
SIM3
SIM4
1
21
22
SIM5
SIM1
SIM2
SIM3
SIM4
1
21
22
SIM5
SIM1
SIM2
SIM3
SIM4
1
21
22
SIM5
SIM1
SIM2
SIM3
SIM4
1
21
22
SIM5
SIM1
SIM2
SIM3
SIM4
1
21
22
SIM5
SIM1
SIM2
SIM3
SIM4
1
21
22
SIM5
SIM1
SIM2
SIM3
SIM4
1
21
22
SIM5
SIM1
SIM2
SIM3
SIM4
1
21
22
SIM5
SIM1
SIM2
SIM3
SIM4
1
21
22
SIM5
SIM1
SIM2
SIM3
SIM4
1
21
22
SIM5
SIM1
SIM2
SIM3
SIM4
1
21
22
SIM5
SIM1
SIM2
SIM3
SIM4
1
21
22
SIM5
SIM1
SIM2
SIM3
SIM4
1
21
22
SIM5
SIM1
SIM2
SIM3
SIM4
1
21
22
SIM5
SIM1
SIM2
SIM3
SIM4
1
21
22
SIM5
SIM1
SIM2
SIM3
SIM4
1
21
22
SIM5
SIM1
SIM2
SIM3
SIM4
1
21
22
SIM5
SIM1
SIM2
SIM3
SIM4
1
21
22
SIM5
SIM1
SIM2
SIM3
SIM4
1
21
22
SIM5
SIM1
SIM2
SIM3
SIM4
1
21
22
SIM5
SIM1
SIM2
SIM3
SIM4
1
21
22
SIM5
SIM1
SIM2
SIM3
SIM4
1
21
22
SIM5
SIM1
SIM2
SIM3
SIM4
1
21
22
SIM5
SIM1
SIM2
SIM3
SIM4
1
21
22
SIM5
SIM1
SIM2
SIM3
SIM4
1
21
22
SIM5
SIM1
SIM2
SIM3
SIM4
1
21
22
SIM5
SIM1
SIM2
SIM3
SIM4
1
21
22
SIM5
SIM1
SIM2
SIM3
SIM4
1
21
22
SIM5
SIM1
SIM2
SIM3
SIM4
1
21
22
SIM5
SIM1
SIM2
SIM3
SIM4
1
21
22
SIM5
SIM1
SIM2
SIM3
SIM4
1
21
22
SIM5
SIM1
SIM2
SIM3
SIM4
1
21
22
SIM5
SIM1
SIM2
DEBUG 1 210
SIM1
SIM2
SIM3
SIM4
1
21
22
SIM5
SIM1
SIM2
SIM3
SIM4
1
21
22
SIM5
SIM1
SIM2
SIM3
SIM4
1
21
22
SIM5
SIM1
SIM2
SIM3
SIM4
1
21
22
SIM5
SIM1
SIM2
SIM3
SIM4
1
21
22
SIM5
SIM1
SIM2
SIM3
SIM4
1
21
22
SIM5
SIM1
SIM2
SIM3
SIM4
1
21
22
SIM5
SIM1
SIM2
SIM3
SIM4
1
21
22
SIM5
SIM1
SIM2
SIM3
SIM4
1
21
22
SIM5
SIM1
SIM2
SIM3
SIM4
1
21
22
SIM5
SIM1
SIM2
SIM3
SIM4
1
21
22
SIM5
SIM1
SIM2
SIM3
SIM4
1
21
22
SIM5
SIM1
SIM2
SIM3
SIM4
1
21
22
SIM5
SIM1
SIM2
SIM3
SIM4
1
21
22
SIM5
SIM1
SIM2
SIM3
SIM4
1
21
22
SIM5
SIM1
SIM2
SIM3
SIM4
1
21
22
SIM5
SIM1
SIM2
SIM3
SIM4
1
21
22
SIM5
SIM1
SIM2
SIM3
SIM4
1
21
22
SIM5
SIM1
SIM2
SIM3
SIM4
1
21
22
SIM5
SIM1
SIM2
SIM3
SIM4
1
21
22
SIM5
SIM1
SIM2
SIM3
SIM4
1
21
22
SIM5
SIM1
SIM2
SIM3
SIM4
1
21
22
SIM5
SIM1
SIM2
SIM3
SIM4
1
21
22
SIM5
SIM1
SIM2
SIM3
SIM4
1
21
22
SIM5
SIM1
SIM2
SIM3
SIM4
1
21
22
SIM5
SIM1
SIM2
SIM3
SIM4
1
21
22
SIM5
SIM1
SIM2
SIM3
SIM4
1
21
22
SIM5
SIM1
SIM2
SIM3
SIM4
1
21
22
SIM5
SIM1
SIM2
SIM3
SIM4
1
21
22
SIM5
SIM1
SIM2
SIM3
SIM4
1
21
22
SIM5
SIM1
SIM2
SIM3
SIM4
1
21
22
SIM5
SIM1
SIM2
SIM3
SIM4
1
21
22
SIM5
SIM1
SIM2
SIM3
SIM4
1
21
22
SIM5
SIM1
SIM2
SIM3
SIM4
1
21
22
SIM5
SIM1
SIM2
SIM3
SIM4
1
21
22
SIM5
SIM1
SIM2
SIM3
SIM4
1
21
22
SIM5
SIM1
SIM2
SIM3
SIM4
1
21
22
SIM5
SIM1
SIM2
SIM3
SIM4
1
21
22
SIM5
SIM1
SIM2
SIM3
SIM4
1
21
22
SIM5
SIM1
SIM2
SIM3
SIM4
1
21
22
SIM5
SIM1
SIM2
SIM3
SIM4
1
21
22
SIM5
SIM1
SIM2
SIM3
SIM4
1
21
22
SIM5
SIM1
SIM2
SIM3
SIM4
1
21
22
SIM5
SIM1
SIM2
SIM3
SIM4
1
21
22
SIM5
SIM1
SIM2
SIM3
SIM4
1
21
22
SIM5
SIM1
SIM2
SIM3
SIM4
1
21
22
SIM5
SIM1
SIM2
SIM3
SIM4
1
21
22
SIM5
SIM1
SIM2
SIM3
SIM4
1
21
22
SIM5
SIM1
SIM2
SIM3
SIM4
1
21
22
SIM5
SIM1
SIM2
SIM3
SIM4
1
21
22
SIM5
SIM1
SIM2
SIM3
SIM4
1
21
22
SIM5
SIM1
SIM2
SIM3
SIM4
1
21
22
SIM5
SIM1
SIM2
SIM3
SIM4
1
21
22
SIM5
SIM1
SIM2
SIM3
SIM4
1
21
22
SIM5
SIM1
SIM2
SIM3
SIM4
1
21
22
SIM5
SIM1
SIM2
SIM3
SIM4
1
21
22
SIM5
SIM1
SIM2
SIM3
SIM4
1
21
22
SIM5
SIM1
SIM2
SIM3
SIM4
1
21
22
SIM5
SIM1
SIM2
SIM3
SIM4
1
21
22
SIM5
SIM1
SIM2
SIM3
SIM4
1
21
22
SIM5
SIM1
SIM2
SIM3
SIM4
1
21
22
SIM5
SIM1
SIM2
SIM3
SIM4
1
21
22
SIM5
SIM1
SIM2
SIM3
SIM4
1
21
22
SIM5
SIM1
SIM2
SIM3
SIM4
1
21
22
SIM5
SIM1
SIM2
SIM3
SIM4
1
21
22
SIM5
SIM1
SIM2
SIM3
SIM4
1
21
22
SIM5
SIM1
SIM2
SIM3
SIM4
1
21
22
SIM5
SIM1
SIM2
SIM3
SIM4
1
21
22
SIM5
SIM1
SIM2
SIM3
SIM4
1
21
22
SIM5
SIM1
SIM2
SIM3
SIM4
1
21
22
SIM5
SIM1
SIM2
SIM3
SIM4
1
21
22
SIM5
SIM1
SIM2
SIM3
SIM4
1
21
22
SIM5
SIM1
SIM2
SIM3
SIM4
1
21
22
SIM5
SIM1
SIM2
SIM3
SIM4
1
21
22
SIM5
SIM1
SIM2
SIM3
SIM4
1
21
22
SIM5
SIM1
SIM2
SIM3
SIM4
1
21
22
SIM5
SIM1
SIM2
SIM3
SIM4
1
21
22
SIM5
SIM1
SIM2
SIM3
SIM4
1
21
22
SIM5
SIM1
SIM2
SIM3
SIM4
1
21
22
SIM5
SIM1
SIM2
SIM3
SIM4
1
21
22
SIM5
SIM1
SIM2
SIM3
SIM4
1
21
22
SIM5
SIM1
SIM2
SIM3
SIM4
1
21
22
SIM5
SIM1
SIM2
SIM3
SIM4
1
21
22
SIM5
SIM1
SIM2
SIM3
SIM4
1
21
22
SIM5
SIM1
SIM2
SIM3
SIM4
1
21
22
SIM5
SIM1
SIM2
SIM3
SIM4
1
21
22
SIM5
SIM1
SIM2
SIM3
SIM4
1
21
22
SIM5
SIM1
SIM2
SIM3
SIM4
1
21
22
SIM5
SIM1
SIM2
SIM3
SIM4
1
21
22
SIM5
SIM1
SIM2
SIM3
SIM4
1
21
22
SIM5
SIM1
SIM2
SIM3
SIM4
1
21
22
SIM5
SIM1
SIM2
SIM3
SIM4
1
21
22
SIM5
SIM1
SIM2
SIM3
SIM4
1
21
22
SIM5
SIM1
SIM2
SIM3
SIM4
1
21
22
SIM5
SIM1
SIM2
SIM3
SIM4
1
21
22
SIM5
SIM1
SIM2
SIM3
SIM4
1
21
22
SIM5
SIM1
SIM2
SIM3
SIM4
1
21
22
SIM5
SIM1
SIM2
SIM3
SIM4
1
21
22
SIM5
SIM1
SIM2
SIM3
SIM4
1
21
22
SIM5
SIM1
SIM2
SIM3
SIM4
1
21
22
SIM5
SIM1
SIM2
SIM3
SIM4
1
21
22
SIM5
SIM1
SIM2
SIM3
SIM4
1
21
22
SIM5
SIM1
SIM2
SIM3
SIM4
1
21
22
SIM5
SIM1
SIM2
SIM3
SIM4
1
21
22
SIM5
SIM1
SIM2
SIM3
SIM4
1
21
22
SIM5
SIM1
SIM2
SIM3
SIM4
1
21
22
SIM5
SIM1
SIM2
SIM3
SIM4
1
21
22
SIM5
SIM1
SIM2
SIM3
SIM4
1
21
22
SIM5
SIM1
SIM2
SIM3
SIM4
1
21
22
SIM5
SIM1
SIM2
SIM3
SIM4
1
21
22
SIM5
SIM1
SIM2
SIM3
SIM4
1
21
22
SIM5
SIM1
SIM2
SIM3
SIM4
1
21
22
SIM5
SIM1
SIM2
SIM3
SIM4
1
21
22
SIM5
SIM1
SIM2
SIM3
SIM4
1
21
22
SIM5
SIM1
SIM2
SIM3
SIM4
1
21
22
SIM5
SIM1
SIM2
SIM3
SIM4
1
21
22
SIM5
SIM1
SIM2
SIM3
SIM4
1
21
22
SIM5
SIM1
SIM2
SIM3
SIM4
1
21
22
SIM5
SIM1
SIM2
SIM3
SIM4
1
21
22
SIM5
SIM1
SIM2
SIM3
SIM4
1
21
22
SIM5
SIM1
SIM2
SIM3
SIM4
1
21
22
SIM5
SIM1
SIM2
SIM3
SIM4
1
21
22
SIM5
SIM1
SIM2
SIM3
SIM4
1
21
22
SIM5
SIM1
SIM2
SIM3
SIM4
1
21
22
SIM5
SIM1
SIM2
SIM3
SIM4
1
21
22
SIM5
SIM1
SIM2
SIM3
SIM4
1
21
22
SIM5
SIM1
SIM2
SIM3
SIM4
1
21
22
SIM5
SIM1
SIM2
SIM3
SIM4
1
21
22
SIM5
SIM1
SIM2
SIM3
SIM4
1
21
22
SIM5
SIM1
SIM2
SIM3
SIM4
1
21
22
SIM5
SIM1
SIM2
SIM3
SIM4
1
21
22
SIM5
SIM1
SIM2
SIM3
SIM4
1
21
22
SIM5
SIM1
SIM2
SIM3
SIM4
1
21
22
SIM5
SIM1
SIM2
SIM3
SIM4
1
21
22
SIM5
SIM1
SIM2
SIM3
SIM4
1
21
22
SIM5
SIM1
SIM2
SIM3
SIM4
1
21
22
SIM5
SIM1
SIM2
SIM3
SIM4
1
21
22
SIM5
SIM1
SIM2
SIM3
SIM4
1
21
22
SIM5
SIM1
SIM2
SIM3
SIM4
1
21
22
SIM5
SIM1
SIM2
SIM3
SIM4
1
21
22
SIM5
SIM1
SIM2
SIM3
SIM4
1
21
22
SIM5
SIM1
SIM2
SIM3
SIM4
1
21
22
SIM5
SIM1
SIM2
SIM3
SIM4
1
21
22
SIM5
SIM1
SIM2
SIM3
SIM4
1
21
22
SIM5
SIM1
SIM2
SIM3
SIM4
1
21
22
SIM5
SIM1
SIM2
SIM3
SIM4
1
21
22
SIM5
SIM1
SIM2
SIM3
SIM4
1
21
22
SIM5
SIM1
SIM2
SIM3
SIM4
1
21
22
SIM5
SIM1
SIM2
SIM3
SIM4
1
21
22
SIM5
SIM1
SIM2
SIM3
SIM4
1
21
22
SIM5
SIM1
SIM2
SIM3
SIM4
1
21
22
SIM5
SIM1
SIM2
SIM3
SIM4
1
21
22
SIM5
SIM1
SIM2
SIM3
SIM4
1
21
22
SIM5
SIM1
SIM2
SIM3
SIM4
1
21
22
SIM5
SIM1
SIM2
SIM3
SIM4
1
21
22
SIM5
SIM1
SIM2
SIM3
SIM4
1
21
22
SIM5
SIM1
SIM2
SIM3
SIM4
1
21
22
SIM5
SIM1
SIM2
SIM3
SIM4
1
21
22
SIM5
SIM1
SIM2
SIM3
SIM4
1
21
22
SIM5
SIM1
SIM2
SIM3
SIM4
1
21
22
SIM5
SIM1
SIM2
SIM3
SIM4
1
21
22
SIM5
SIM1
SIM2
SIM3
SIM4
1
21
22
SIM5
SIM1
SIM2
SIM3
SIM4
1
21
22
SIM5
SIM1
SIM2
SIM3
SIM4
1
21
22
SIM5
SIM1
SIM2
SIM3
SIM4
1
21
22
SIM5
SIM1
SIM2
SIM3
SIM4
1
21
22
SIM5
SIM1
SIM2
SIM3
SIM4
1
21
22
SIM5
SIM1
SIM2
SIM3
SIM4
1
21
22
SIM5
SIM1
SIM2
SIM3
SIM4
1
21
22
SIM5
SIM1
SIM2
SIM3
SIM4
1
21
22
SIM5
SIM1
SIM2
SIM3
SIM4
1
21
22
SIM5
SIM1
SIM2
SIM3
SIM4
1
21
22
SIM5
SIM1
SIM2
SIM3
SIM4
1
21
22
SIM5
SIM1
SIM2
SIM3
SIM4
1
21
22
SIM5
SIM1
SIM2
SIM3
SIM4
1
21
22
SIM5
SIM1
SIM2
SIM3
SIM4
1
21
22
SIM5
SIM1
SIM2
SIM3
SIM4
1
21
22
SIM5
SIM1
SIM2
SIM3
SIM4
1
21
22
SIM5
SIM1
SIM2
SIM3
SIM4
1
21
22
SIM5
SIM1
SIM2
SIM3
SIM4
1
21
22
SIM5
SIM1
SIM2
SIM3
SIM4
1
21
22
SIM5
SIM1
SIM2
SIM3
SIM4
1
21
22
SIM5
SIM1
SIM2
SIM3
SIM4
1
21
22
SIM5
SIM1
SIM2
SIM3
SIM4
1
21
22
SIM5
SIM1
SIM2
SIM3
SIM4
1
21
22
SIM5
SIM1
SIM2
SIM3
SIM4
1
21
22
SIM5
SIM1
SIM2
SIM3
SIM4
1
21
22
SIM5
SIM1
SIM2
SIM3
SIM4
1
21
22
SIM5
SIM1
SIM2
SIM3
SIM4
1
21
22
SIM5
SIM1
SIM2
SIM3
SIM4
1
21
22
SIM5
SIM1
SIM2
SIM3
SIM4
1
21
22
SIM5
SIM1
SIM2
SIM3
SIM4
1
21
22
SIM5
SIM1
SIM2
SIM3
SIM4
1
21
22
SIM5
SIM1
SIM2
SIM3
SIM4
1
21
22
SIM5
SIM1
SIM2
SIM3
SIM4
1
21
22
SIM5
SIM1
SIM2
SIM3
SIM4
1
21
22
SIM5
SIM1
SIM2
SIM3
SIM4
1
21
22
SIM5
SIM1
SIM2
SIM3
SIM4
1
21
22
SIM5
SIM1
SIM2
SIM3
SIM4
1
21
22
SIM5
SIM1
SIM2
SIM3
SIM4
1
21
22
SIM5
SIM1
SIM2
SIM3
SIM4
1
21
22
SIM5
SIM1
SIM2
SIM3
SIM4
1
21
22
SIM5
SIM1
SIM2
SIM3
SIM4
1
21
22
SIM5
SIM1
SIM2
SIM3
SIM4
1
21
22
SIM5
SIM1
SIM2
SIM3
SIM4
1
21
22
SIM5
SIM1
SIM2
SIM3
SIM4
1
21
22
SIM5
SIM1
SIM2
SIM3
SIM4
1
21
22
SIM5
SIM1
SIM2
SIM3
SIM4
1
21
22
SIM5
SIM1
SIM2
SIM3
SIM4
1
21
22
SIM5
SIM1
SIM2
SIM3
SIM4
1
21
22
SIM5
SIM1
SIM2
SIM3
SIM4
1
21
22
SIM5
SIM1
SIM2
SIM3
SIM4
1
21
22
SIM5
SIM1
SIM2
SIM3
SIM4
1
21
22
SIM5
SIM1
SIM2
SIM3
SIM4
1
21
22
SIM5
SIM1
SIM2
SIM3
SIM4
1
21
22
SIM5
SIM1
SIM2
SIM3
SIM4
1
21
22
SIM5
SIM1
SIM2
SIM3
SIM4
1
21
22
SIM5
SIM1
SIM2
SIM3
SIM4
1
21
22
SIM5
SIM1
SIM2
SIM3
SIM4
1
21
22
SIM5
SIM1
SIM2
SIM3
SIM4
1
21
22
SIM5
SIM1
SIM2
SIM3
SIM4
1
21
22
SIM5
SIM1
SIM2
SIM3
SIM4
1
21
22
SIM5
SIM1
SIM2
SIM3
SIM4
1
21
22
SIM5
SIM1
SIM2
SIM3
SIM4
1
21
22
SIM5
SIM1
SIM2
SIM3
SIM4
1
21
22
SIM5
SIM1
SIM2
SIM3
SIM4
1
21
22
SIM5
SIM1
SIM2
SIM3
SIM4
1
21
22
SIM5
SIM1
SIM2
SIM3
SIM4
1
21
22
SIM5
SIM1
SIM2
SIM3
SIM4
1
21
22
SIM5
SIM1
SIM2
SIM3
SIM4
1
21
22
SIM5
SIM1
SIM2
SIM3
SIM4
1
21
22
SIM5
SIM1
SIM2
SIM3
SIM4
1
21
22
SIM5
SIM1
SIM2
SIM3
SIM4
1
21
22
SIM5
SIM1
SIM2
SIM3
SIM4
1
21
22
SIM5
SIM1
SIM2
SIM3
SIM4
1
21
22
SIM5
SIM1
SIM2
SIM3
SIM4
1
21
22
SIM5
SIM1
SIM2
SIM3
SIM4
1
21
22
SIM5
SIM1
SIM2
SIM3
SIM4
1
21
22
SIM5
SIM1
SIM2
SIM3
SIM4
1
21
22
SIM5
SIM1
SIM2
SIM3
SIM4
1
21
22
SIM5
SIM1
SIM2
SIM3
SIM4
1
21
22
SIM5
SIM1
SIM2
DEBUG 1 211
SIM1
SIM2
SIM3
SIM4
1
21
22
SIM5
SIM1
SIM2
SIM3
SIM4
1
21
22
SIM5
SIM1
SIM2
SIM3
SIM4
1
21
22
SIM5
SIM1
SIM2
SIM3
SIM4
1
21
22
SIM5
SIM1
SIM2
SIM3
SIM4
1
21
22
SIM5
SIM1
SIM2
SIM3
SIM4
1
21
22
SIM5
SIM1
SIM2
SIM3
SIM4
1
21
22
SIM5
SIM1
SIM2
SIM3
SIM4
1
21
22
SIM5
SIM1
SIM2
SIM3
SIM4
1
21
22
SIM5
SIM1
SIM2
SIM3
SIM4
1
21
22
SIM5
SIM1
SIM2
SIM3
SIM4
1
21
22
SIM5
SIM1
SIM2
SIM3
SIM4
1
21
22
SIM5
SIM1
SIM2
SIM3
SIM4
1
21
22
SIM5
SIM1
SIM2
SIM3
SIM4
1
21
22
SIM5
SIM1
SIM2
SIM3
SIM4
1
21
22
SIM5
SIM1
SIM2
SIM3
SIM4
1
21
22
SIM5
SIM1
SIM2
SIM3
SIM4
1
21
22
SIM5
SIM1
SIM2
SIM3
SIM4
1
21
22
SIM5
SIM1
SIM2
SIM3
SIM4
1
21
22
SIM5
SIM1
SIM2
SIM3
SIM4
1
21
22
SIM5
SIM1
SIM2
SIM3
SIM4
1
21
22
SIM5
SIM1
SIM2
SIM3
SIM4
1
21
22
SIM5
SIM1
SIM2
SIM3
SIM4
1
21
22
SIM5
SIM1
SIM2
SIM3
SIM4
1
21
22
SIM5
SIM1
SIM2
SIM3
SIM4
1
21
22
SIM5
SIM1
SIM2
SIM3
SIM4
1
21
22
SIM5
SIM1
SIM2
SIM3
SIM4
1
21
22
SIM5
SIM1
SIM2
SIM3
SIM4
1
21
22
SIM5
SIM1
SIM2
SIM3
SIM4
1
21
22
SIM5
SIM1
SIM2
SIM3
SIM4
1
21
22
SIM5
SIM1
SIM2
SIM3
SIM4
1
21
22
SIM5
SIM1
SIM2
SIM3
SIM4
1
21
22
SIM5
SIM1
SIM2
SIM3
SIM4
1
21
22
SIM5
SIM1
SIM2
SIM3
SIM4
1
21
22
SIM5
SIM1
SIM2
SIM3
SIM4
1
21
22
SIM5
SIM1
SIM2
SIM3
SIM4
1
21
22
SIM5
SIM1
SIM2
SIM3
SIM4
1
21
22
SIM5
SIM1
SIM2
SIM3
SIM4
1
21
22
SIM5
SIM1
SIM2
SIM3
SIM4
1
21
22
SIM5
SIM1
SIM2
SIM3
SIM4
1
21
22
SIM5
SIM1
SIM2
SIM3
SIM4
1
21
22
SIM5
SIM1
SIM2
SIM3
SIM4
1
21
22
SIM5
SIM1
SIM2
SIM3
SIM4
1
21
22
SIM5
SIM1
SIM2
SIM3
SIM4
1
21
22
SIM5
SIM1
SIM2
SIM3
SIM4
1
21
22
SIM5
SIM1
SIM2
SIM3
SIM4
1
21
22
SIM5
SIM1
SIM2
SIM3
SIM4
1
21
22
SIM5
SIM1
SIM2
SIM3
SIM4
1
21
22
SIM5
SIM1
SIM2
SIM3
SIM4
1
21
22
SIM5
SIM1
SIM2
SIM3
SIM4
1
21
22
SIM5
SIM1
SIM2
SIM3
SIM4
1
21
22
SIM5
SIM1
SIM2
SIM3
SIM4
1
21
22
SIM5
SIM1
SIM2
SIM3
SIM4
1
21
22
SIM5
SIM1
SIM2
SIM3
SIM4
1
21
22
SIM5
SIM1
SIM2
SIM3
SIM4
1
21
22
SIM5
SIM1
SIM2
SIM3
SIM4
1
21
22
SIM5
SIM1
SIM2
SIM3
SIM4
1
21
22
SIM5
SIM1
SIM2
SIM3
SIM4
1
21
22
SIM5
SIM1
SIM2
SIM3
SIM4
1
21
22
SIM5
SIM1
SIM2
SIM3
SIM4
1
21
22
SIM5
SIM1
SIM2
SIM3
SIM4
1
21
22
SIM5
SIM1
SIM2
SIM3
SIM4
1
21
22
SIM5
SIM1
SIM2
SIM3
SIM4
1
21
22
SIM5
SIM1
SIM2
SIM3
SIM4
1
21
22
SIM5
SIM1
SIM2
SIM3
SIM4
1
21
22
SIM5
SIM1
SIM2
SIM3
SIM4
1
21
22
SIM5
SIM1
SIM2
SIM3
SIM4
1
21
22
SIM5
SIM1
SIM2
SIM3
SIM4
1
21
22
SIM5
SIM1
SIM2
SIM3
SIM4
1
21
22
SIM5
SIM1
SIM2
SIM3
SIM4
1
21
22
SIM5
SIM1
SIM2
SIM3
SIM4
1
21
22
SIM5
SIM1
SIM2
SIM3
SIM4
1
21
22
SIM5
SIM1
SIM2
SIM3
SIM4
1
21
22
SIM5
SIM1
SIM2
SIM3
SIM4
1
21
22
SIM5
SIM1
SIM2
SIM3
SIM4
1
21
22
SIM5
SIM1
SIM2
SIM3
SIM4
1
21
22
SIM5
SIM1
SIM2
SIM3
SIM4
1
21
22
SIM5
SIM1
SIM2
SIM3
SIM4
1
21
22
SIM5
SIM1
SIM2
SIM3
SIM4
1
21
22
SIM5
SIM1
SIM2
SIM3
SIM4
1
21
22
SIM5
SIM1
SIM2
SIM3
SIM4
1
21
22
SIM5
SIM1
SIM2
SIM3
SIM4
1
21
22
SIM5
SIM1
SIM2
SIM3
SIM4
1
21
22
SIM5
SIM1
SIM2
SIM3
SIM4
1
21
22
SIM5
SIM1
SIM2
SIM3
SIM4
1
21
22
SIM5
SIM1
SIM2
SIM3
SIM4
1
21
22
SIM5
SIM1
SIM2
SIM3
SIM4
1
21
22
SIM5
SIM1
SIM2
SIM3
SIM4
1
21
22
SIM5
SIM1
SIM2
SIM3
SIM4
1
21
22
SIM5
SIM1
SIM2
SIM3
SIM4
1
21
22
SIM5
SIM1
SIM2
SIM3
SIM4
1
21
22
SIM5
SIM1
SIM2
SIM3
SIM4
1
21
22
SIM5
SIM1
SIM2
SIM3
SIM4
1
21
22
SIM5
SIM1
SIM2
SIM3
SIM4
1
21
22
SIM5
SIM1
SIM2
SIM3
SIM4
1
21
22
SIM5
SIM1
SIM2
SIM3
SIM4
1
21
22
SIM5
SIM1
SIM2
SIM3
SIM4
1
21
22
SIM5
SIM1
SIM2
SIM3
SIM4
1
21
22
SIM5
SIM1
SIM2
SIM3
SIM4
1
21
22
SIM5
SIM1
SIM2
SIM3
SIM4
1
21
22
SIM5
SIM1
SIM2
SIM3
SIM4
1
21
22
SIM5
SIM1
SIM2
SIM3
SIM4
1
21
22
SIM5
SIM1
SIM2
SIM3
SIM4
1
21
22
SIM5
SIM1
SIM2
SIM3
SIM4
1
21
22
SIM5
SIM1
SIM2
SIM3
SIM4
1
21
22
SIM5
SIM1
SIM2
SIM3
SIM4
1
21
22
SIM5
SIM1
SIM2
SIM3
SIM4
1
21
22
SIM5
SIM1
SIM2
SIM3
SIM4
1
21
22
SIM5
SIM1
SIM2
SIM3
SIM4
1
21
22
SIM5
SIM1
SIM2
SIM3
SIM4
1
21
22
SIM5
SIM1
SIM2
SIM3
SIM4
1
21
22
SIM5
SIM1
SIM2
SIM3
SIM4
1
21
22
SIM5
SIM1
SIM2
SIM3
SIM4
1
21
22
SIM5
SIM1
SIM2
SIM3
SIM4
1
21
22
SIM5
SIM1
SIM2
SIM3
SIM4
1
21
22
SIM5
SIM1
SIM2
SIM3
SIM4
1
21
22
SIM5
SIM1
SIM2
SIM3
SIM4
1
21
22
SIM5
SIM1
SIM2
SIM3
SIM4
1
21
22
SIM5
SIM1
SIM2
SIM3
SIM4
1
21
22
SIM5
SIM1
SIM2
SIM3
SIM4
1
21
22
SIM5
SIM1
SIM2
SIM3
SIM4
1
21
22
SIM5
SIM1
SIM2
SIM3
SIM4
1
21
22
SIM5
SIM1
SIM2
SIM3
SIM4
1
21
22
SIM5
SIM1
SIM2
SIM3
SIM4
1
21
22
SIM5
SIM1
SIM2
SIM3
SIM4
1
21
22
SIM5
SIM1
SIM2
SIM3
SIM4
1
21
22
SIM5
SIM1
SIM2
SIM3
SIM4
1
21
22
SIM5
SIM1
SIM2
SIM3
SIM4
1
21
22
SIM5
SIM1
SIM2
SIM3
SIM4
1
21
22
SIM5
SIM1
SIM2
SIM3
SIM4
1
21
22
SIM5
SIM1
SIM2
SIM3
SIM4
1
21
22
SIM5
SIM1
SIM2
SIM3
SIM4
1
21
22
SIM5
SIM1
SIM2
SIM3
SIM4
1
21
22
SIM5
SIM1
SIM2
DEBUG 1 212
SIM1
SIM2
SIM3
SIM4
1
21
22
SIM5
SIM1
SIM2
SIM3
SIM4
1
21
22
SIM5
SIM1
SIM2
SIM3
SIM4
1
21
22
SIM5
SIM1
SIM2
SIM3
SIM4
1
21
22
SIM5
SIM1
SIM2
SIM3
SIM4
1
21
22
SIM5
SIM1
SIM2
SIM3
SIM4
1
21
22
SIM5
SIM1
SIM2
SIM3
SIM4
1
21
22
SIM5
SIM1
SIM2
SIM3
SIM4
1
21
22
SIM5
SIM1
SIM2
SIM3
SIM4
1
21
22
SIM5
SIM1
SIM2
SIM3
SIM4
1
21
22
SIM5
SIM1
SIM2
SIM3
SIM4
1
21
22
SIM5
SIM1
SIM2
SIM3
SIM4
1
21
22
SIM5
SIM1
SIM2
SIM3
SIM4
1
21
22
SIM5
SIM1
SIM2
SIM3
SIM4
1
21
22
SIM5
SIM1
SIM2
SIM3
SIM4
1
21
22
SIM5
SIM1
SIM2
SIM3
SIM4
1
21
22
SIM5
SIM1
SIM2
SIM3
SIM4
1
21
22
SIM5
SIM1
SIM2
SIM3
SIM4
1
21
22
SIM5
SIM1
SIM2
SIM3
SIM4
1
21
22
SIM5
SIM1
SIM2
SIM3
SIM4
1
21
22
SIM5
SIM1
SIM2
SIM3
SIM4
1
21
22
SIM5
SIM1
SIM2
SIM3
SIM4
1
21
22
SIM5
SIM1
SIM2
SIM3
SIM4
1
21
22
SIM5
SIM1
SIM2
SIM3
SIM4
1
21
22
SIM5
SIM1
SIM2
SIM3
SIM4
1
21
22
SIM5
SIM1
SIM2
SIM3
SIM4
1
21
22
SIM5
SIM1
SIM2
SIM3
SIM4
1
21
22
SIM5
SIM1
SIM2
SIM3
SIM4
1
21
22
SIM5
SIM1
SIM2
SIM3
SIM4
1
21
22
SIM5
SIM1
SIM2
SIM3
SIM4
1
21
22
SIM5
SIM1
SIM2
SIM3
SIM4
1
21
22
SIM5
SIM1
SIM2
SIM3
SIM4
1
21
22
SIM5
SIM1
SIM2
SIM3
SIM4
1
21
22
SIM5
SIM1
SIM2
SIM3
SIM4
1
21
22
SIM5
SIM1
SIM2
SIM3
SIM4
1
21
22
SIM5
SIM1
SIM2
SIM3
SIM4
1
21
22
SIM5
SIM1
SIM2
SIM3
SIM4
1
21
22
SIM5
SIM1
SIM2
SIM3
SIM4
1
21
22
SIM5
SIM1
SIM2
SIM3
SIM4
1
21
22
SIM5
SIM1
SIM2
SIM3
SIM4
1
21
22
SIM5
SIM1
SIM2
SIM3
SIM4
1
21
22
SIM5
SIM1
SIM2
SIM3
SIM4
1
21
22
SIM5
SIM1
SIM2
SIM3
SIM4
1
21
22
SIM5
SIM1
SIM2
SIM3
SIM4
1
21
22
SIM5
SIM1
SIM2
SIM3
SIM4
1
21
22
SIM5
SIM1
SIM2
SIM3
SIM4
1
21
22
SIM5
SIM1
SIM2
SIM3
SIM4
1
21
22
SIM5
SIM1
SIM2
SIM3
SIM4
1
21
22
SIM5
SIM1
SIM2
SIM3
SIM4
1
21
22
SIM5
SIM1
SIM2
SIM3
SIM4
1
21
22
SIM5
SIM1
SIM2
SIM3
SIM4
1
21
22
SIM5
SIM1
SIM2
SIM3
SIM4
1
21
22
SIM5
SIM1
SIM2
SIM3
SIM4
1
21
22
SIM5
SIM1
SIM2
SIM3
SIM4
1
21
22
SIM5
SIM1
SIM2
SIM3
SIM4
1
21
22
SIM5
SIM1
SIM2
SIM3
SIM4
1
21
22
SIM5
SIM1
SIM2
SIM3
SIM4
1
21
22
SIM5
SIM1
SIM2
SIM3
SIM4
1
21
22
SIM5
SIM1
SIM2
SIM3
SIM4
1
21
22
SIM5
SIM1
SIM2
SIM3
SIM4
1
21
22
SIM5
SIM1
SIM2
SIM3
SIM4
1
21
22
SIM5
SIM1
SIM2
SIM3
SIM4
1
21
22
SIM5
SIM1
SIM2
SIM3
SIM4
1
21
22
SIM5
SIM1
SIM2
SIM3
SIM4
1
21
22
SIM5
SIM1
SIM2
SIM3
SIM4
1
21
22
SIM5
SIM1
SIM2
SIM3
SIM4
1
21
22
SIM5
SIM1
SIM2
SIM3
SIM4
1
21
22
SIM5
SIM1
SIM2
SIM3
SIM4
1
21
22
SIM5
SIM1
SIM2
SIM3
SIM4
1
21
22
SIM5
SIM1
SIM2
SIM3
SIM4
1
21
22
SIM5
SIM1
SIM2
SIM3
SIM4
1
21
22
SIM5
SIM1
SIM2
SIM3
SIM4
1
21
22
SIM5
SIM1
SIM2
SIM3
SIM4
1
21
22
SIM5
SIM1
SIM2
SIM3
SIM4
1
21
22
SIM5
SIM1
SIM2
SIM3
SIM4
1
21
22
SIM5
SIM1
SIM2
SIM3
SIM4
1
21
22
SIM5
SIM1
SIM2
SIM3
SIM4
1
21
22
SIM5
SIM1
SIM2
SIM3
SIM4
1
21
22
SIM5
SIM1
SIM2
SIM3
SIM4
1
21
22
SIM5
SIM1
SIM2
SIM3
SIM4
1
21
22
SIM5
SIM1
SIM2
SIM3
SIM4
1
21
22
SIM5
SIM1
SIM2
SIM3
SIM4
1
21
22
SIM5
SIM1
SIM2
SIM3
SIM4
1
21
22
SIM5
SIM1
SIM2
SIM3
SIM4
1
21
22
SIM5
SIM1
SIM2
SIM3
SIM4
1
21
22
SIM5
SIM1
SIM2
SIM3
SIM4
1
21
22
SIM5
SIM1
SIM2
SIM3
SIM4
1
21
22
SIM5
SIM1
SIM2
SIM3
SIM4
1
21
22
SIM5
SIM1
SIM2
SIM3
SIM4
1
21
22
SIM5
SIM1
SIM2
SIM3
SIM4
1
21
22
SIM5
SIM1
SIM2
SIM3
SIM4
1
21
22
SIM5
SIM1
SIM2
SIM3
SIM4
1
21
22
SIM5
SIM1
SIM2
SIM3
SIM4
1
21
22
SIM5
SIM1
SIM2
SIM3
SIM4
1
21
22
SIM5
SIM1
SIM2
SIM3
SIM4
1
21
22
SIM5
SIM1
SIM2
SIM3
SIM4
1
21
22
SIM5
SIM1
SIM2
SIM3
SIM4
1
21
22
SIM5
SIM1
SIM2
SIM3
SIM4
1
21
22
SIM5
SIM1
SIM2
SIM3
SIM4
1
21
22
SIM5
SIM1
SIM2
SIM3
SIM4
1
21
22
SIM5
SIM1
SIM2
SIM3
SIM4
1
21
22
SIM5
SIM1
SIM2
SIM3
SIM4
1
21
22
SIM5
SIM1
SIM2
SIM3
SIM4
1
21
22
SIM5
SIM1
SIM2
SIM3
SIM4
1
21
22
SIM5
SIM1
SIM2
SIM3
SIM4
1
21
22
SIM5
SIM1
SIM2
SIM3
SIM4
1
21
22
SIM5
SIM1
SIM2
SIM3
SIM4
1
21
22
SIM5
SIM1
SIM2
SIM3
SIM4
1
21
22
SIM5
SIM1
SIM2
SIM3
SIM4
1
21
22
SIM5
SIM1
SIM2
SIM3
SIM4
1
21
22
SIM5
SIM1
SIM2
SIM3
SIM4
1
21
22
SIM5
SIM1
SIM2
SIM3
SIM4
1
21
22
SIM5
SIM1
SIM2
SIM3
SIM4
1
21
22
SIM5
SIM1
SIM2
SIM3
SIM4
1
21
22
SIM5
SIM1
SIM2
SIM3
SIM4
1
21
22
SIM5
SIM1
SIM2
SIM3
SIM4
1
21
22
SIM5
SIM1
SIM2
SIM3
SIM4
1
21
22
SIM5
SIM1
SIM2
SIM3
SIM4
1
21
22
SIM5
SIM1
SIM2
SIM3
SIM4
1
21
22
SIM5
SIM1
SIM2
SIM3
SIM4
1
21
22
SIM5
SIM1
SIM2
SIM3
SIM4
1
21
22
SIM5
SIM1
SIM2
SIM3
SIM4
1
21
22
SIM5
SIM1
SIM2
SIM3
SIM4
1
21
22
SIM5
SIM1
SIM2
SIM3
SIM4
1
21
22
SIM5
SIM1
SIM2
SIM3
SIM4
1
21
22
SIM5
SIM1
SIM2
SIM3
SIM4
1
21
22
SIM5
SIM1
SIM2
SIM3
SIM4
1
21
22
SIM5
SIM1
SIM2
SIM3
SIM4
1
21
22
SIM5
SIM1
SIM2
SIM3
SIM4
1
21
22
SIM5
SIM1
SIM2
SIM3
SIM4
1
21
22
SIM5
SIM1
SIM2
SIM3
SIM4
1
21
22
SIM5
SIM1
SIM2
SIM3
SIM4
1
21
22
SIM5
SIM1
SIM2
SIM3
SIM4
1
21
22
SIM5
SIM1
SIM2
SIM3
SIM4
1
21
22
SIM5
SIM1
SIM2
SIM3
SIM4
1
21
22
SIM5
SIM1
SIM2
SIM3
SIM4
1
21
22
SIM5
SIM1
SIM2
SIM3
SIM4
1
21
22
SIM5
SIM1
SIM2
SIM3
SIM4
1
21
22
SIM5
SIM1
SIM2
SIM3
SIM4
1
21
22
SIM5
SIM1
SIM2
SIM3
SIM4
1
21
22
SIM5
SIM1
SIM2
SIM3
SIM4
1
21
22
SIM5
SIM1
SIM2
SIM3
SIM4
1
21
22
SIM5
SIM1
SIM2
SIM3
SIM4
1
21
22
SIM5
SIM1
SIM2
SIM3
SIM4
1
21
22
SIM5
SIM1
SIM2
SIM3
SIM4
1
21
22
SIM5
SIM1
SIM2
SIM3
SIM4
1
21
22
SIM5
SIM1
SIM2
SIM3
SIM4
1
21
22
SIM5
SIM1
SIM2
SIM3
SIM4
1
21
22
SIM5
SIM1
SIM2
SIM3
SIM4
1
21
22
SIM5
SIM1
SIM2
SIM3
SIM4
1
21
22
SIM5
SIM1
SIM2
SIM3
SIM4
1
21
22
SIM5
SIM1
SIM2
SIM3
SIM4
1
21
22
SIM5
SIM1
SIM2
SIM3
SIM4
1
21
22
SIM5
SIM1
SIM2
SIM3
SIM4
1
21
22
SIM5
SIM1
SIM2
SIM3
SIM4
1
21
22
SIM5
SIM1
SIM2
DEBUG 1 213
SIM1
SIM2
SIM3
SIM4
1
21
22
SIM5
SIM1
SIM2
SIM3
SIM4
1
21
22
SIM5
SIM1
SIM2
SIM3
SIM4
1
21
22
SIM5
SIM1
SIM2
SIM3
SIM4
1
21
22
SIM5
SIM1
SIM2
SIM3
SIM4
1
21
22
SIM5
SIM1
SIM2
SIM3
SIM4
1
21
22
SIM5
SIM1
SIM2
SIM3
SIM4
1
21
22
SIM5
SIM1
SIM2
SIM3
SIM4
1
21
22
SIM5
SIM1
SIM2
SIM3
SIM4
1
21
22
SIM5
SIM1
SIM2
SIM3
SIM4
1
21
22
SIM5
SIM1
SIM2
SIM3
SIM4
1
21
22
SIM5
SIM1
SIM2
SIM3
SIM4
1
21
22
SIM5
SIM1
SIM2
SIM3
SIM4
1
21
22
SIM5
SIM1
SIM2
SIM3
SIM4
1
21
22
SIM5
SIM1
SIM2
SIM3
SIM4
1
21
22
SIM5
SIM1
SIM2
SIM3
SIM4
1
21
22
SIM5
SIM1
SIM2
SIM3
SIM4
1
21
22
SIM5
SIM1
SIM2
SIM3
SIM4
1
21
22
SIM5
SIM1
SIM2
SIM3
SIM4
1
21
22
SIM5
SIM1
SIM2
SIM3
SIM4
1
21
22
SIM5
SIM1
SIM2
SIM3
SIM4
1
21
22
SIM5
SIM1
SIM2
SIM3
SIM4
1
21
22
SIM5
SIM1
SIM2
SIM3
SIM4
1
21
22
SIM5
SIM1
SIM2
SIM3
SIM4
1
21
22
SIM5
SIM1
SIM2
SIM3
SIM4
1
21
22
SIM5
SIM1
SIM2
SIM3
SIM4
1
21
22
SIM5
SIM1
SIM2
SIM3
SIM4
1
21
22
SIM5
SIM1
SIM2
SIM3
SIM4
1
21
22
SIM5
SIM1
SIM2
SIM3
SIM4
1
21
22
SIM5
SIM1
SIM2
SIM3
SIM4
1
21
22
SIM5
SIM1
SIM2
SIM3
SIM4
1
21
22
SIM5
SIM1
SIM2
SIM3
SIM4
1
21
22
SIM5
SIM1
SIM2
SIM3
SIM4
1
21
22
SIM5
SIM1
SIM2
SIM3
SIM4
1
21
22
SIM5
SIM1
SIM2
SIM3
SIM4
1
21
22
SIM5
SIM1
SIM2
SIM3
SIM4
1
21
22
SIM5
SIM1
SIM2
SIM3
SIM4
1
21
22
SIM5
SIM1
SIM2
SIM3
SIM4
1
21
22
SIM5
SIM1
SIM2
SIM3
SIM4
1
21
22
SIM5
SIM1
SIM2
SIM3
SIM4
1
21
22
SIM5
SIM1
SIM2
SIM3
SIM4
1
21
22
SIM5
SIM1
SIM2
SIM3
SIM4
1
21
22
SIM5
SIM1
SIM2
SIM3
SIM4
1
21
22
SIM5
SIM1
SIM2
SIM3
SIM4
1
21
22
SIM5
SIM1
SIM2
SIM3
SIM4
1
21
22
SIM5
SIM1
SIM2
SIM3
SIM4
1
21
22
SIM5
SIM1
SIM2
SIM3
SIM4
1
21
22
SIM5
SIM1
SIM2
SIM3
SIM4
1
21
22
SIM5
SIM1
SIM2
SIM3
SIM4
1
21
22
SIM5
SIM1
SIM2
SIM3
SIM4
1
21
22
SIM5
SIM1
SIM2
SIM3
SIM4
1
21
22
SIM5
SIM1
SIM2
SIM3
SIM4
1
21
22
SIM5
SIM1
SIM2
SIM3
SIM4
1
21
22
SIM5
SIM1
SIM2
SIM3
SIM4
1
21
22
SIM5
SIM1
SIM2
SIM3
SIM4
1
21
22
SIM5
SIM1
SIM2
SIM3
SIM4
1
21
22
SIM5
SIM1
SIM2
SIM3
SIM4
1
21
22
SIM5
SIM1
SIM2
SIM3
SIM4
1
21
22
SIM5
SIM1
SIM2
SIM3
SIM4
1
21
22
SIM5
SIM1
SIM2
SIM3
SIM4
1
21
22
SIM5
SIM1
SIM2
SIM3
SIM4
1
21
22
SIM5
SIM1
SIM2
SIM3
SIM4
1
21
22
SIM5
SIM1
SIM2
SIM3
SIM4
1
21
22
SIM5
SIM1
SIM2
SIM3
SIM4
1
21
22
SIM5
SIM1
SIM2
SIM3
SIM4
1
21
22
SIM5
SIM1
SIM2
SIM3
SIM4
1
21
22
SIM5
SIM1
SIM2
SIM3
SIM4
1
21
22
SIM5
SIM1
SIM2
SIM3
SIM4
1
21
22
SIM5
SIM1
SIM2
SIM3
SIM4
1
21
22
SIM5
SIM1
SIM2
SIM3
SIM4
1
21
22
SIM5
SIM1
SIM2
SIM3
SIM4
1
21
22
SIM5
SIM1
SIM2
SIM3
SIM4
1
21
22
SIM5
SIM1
SIM2
SIM3
SIM4
1
21
22
SIM5
SIM1
SIM2
SIM3
SIM4
1
21
22
SIM5
SIM1
SIM2
SIM3
SIM4
1
21
22
SIM5
SIM1
SIM2
SIM3
SIM4
1
21
22
SIM5
SIM1
SIM2
SIM3
SIM4
1
21
22
SIM5
SIM1
SIM2
SIM3
SIM4
1
21
22
SIM5
SIM1
SIM2
SIM3
SIM4
1
21
22
SIM5
SIM1
SIM2
SIM3
SIM4
1
21
22
SIM5
SIM1
SIM2
SIM3
SIM4
1
21
22
SIM5
SIM1
SIM2
SIM3
SIM4
1
21
22
SIM5
SIM1
SIM2
SIM3
SIM4
1
21
22
SIM5
SIM1
SIM2
SIM3
SIM4
1
21
22
SIM5
SIM1
SIM2
SIM3
SIM4
1
21
22
SIM5
SIM1
SIM2
SIM3
SIM4
1
21
22
SIM5
SIM1
SIM2
SIM3
SIM4
1
21
22
SIM5
SIM1
SIM2
SIM3
SIM4
1
21
22
SIM5
SIM1
SIM2
SIM3
SIM4
1
21
22
SIM5
SIM1
SIM2
SIM3
SIM4
1
21
22
SIM5
SIM1
SIM2
SIM3
SIM4
1
21
22
SIM5
SIM1
SIM2
SIM3
SIM4
1
21
22
SIM5
SIM1
SIM2
SIM3
SIM4
1
21
22
SIM5
SIM1
SIM2
SIM3
SIM4
1
21
22
SIM5
SIM1
SIM2
SIM3
SIM4
1
21
22
SIM5
SIM1
SIM2
SIM3
SIM4
1
21
22
SIM5
SIM1
SIM2
SIM3
SIM4
1
21
22
SIM5
SIM1
SIM2
SIM3
SIM4
1
21
22
SIM5
SIM1
SIM2
SIM3
SIM4
1
21
22
SIM5
SIM1
SIM2
SIM3
SIM4
1
21
22
SIM5
SIM1
SIM2
SIM3
SIM4
1
21
22
SIM5
SIM1
SIM2
SIM3
SIM4
1
21
22
SIM5
SIM1
SIM2
SIM3
SIM4
1
21
22
SIM5
SIM1
SIM2
SIM3
SIM4
1
21
22
SIM5
SIM1
SIM2
SIM3
SIM4
1
21
22
SIM5
SIM1
SIM2
SIM3
SIM4
1
21
22
SIM5
SIM1
SIM2
SIM3
SIM4
1
21
22
SIM5
SIM1
SIM2
SIM3
SIM4
1
21
22
SIM5
SIM1
SIM2
SIM3
SIM4
1
21
22
SIM5
SIM1
SIM2
SIM3
SIM4
1
21
22
SIM5
SIM1
SIM2
SIM3
SIM4
1
21
22
SIM5
SIM1
SIM2
SIM3
SIM4
1
21
22
SIM5
SIM1
SIM2
SIM3
SIM4
1
21
22
SIM5
SIM1
SIM2
SIM3
SIM4
1
21
22
SIM5
SIM1
SIM2
SIM3
SIM4
1
21
22
SIM5
SIM1
SIM2
SIM3
SIM4
1
21
22
SIM5
SIM1
SIM2
DEBUG 1 214
SIM1
SIM2
SIM3
SIM4
1
21
22
SIM5
SIM1
SIM2
SIM3
SIM4
1
21
22
SIM5
SIM1
SIM2
SIM3
SIM4
1
21
22
SIM5
SIM1
SIM2
SIM3
SIM4
1
21
22
SIM5
SIM1
SIM2
SIM3
SIM4
1
21
22
SIM5
SIM1
SIM2
SIM3
SIM4
1
21
22
SIM5
SIM1
SIM2
SIM3
SIM4
1
21
22
SIM5
SIM1
SIM2
SIM3
SIM4
1
21
22
SIM5
SIM1
SIM2
SIM3
SIM4
1
21
22
SIM5
SIM1
SIM2
SIM3
SIM4
1
21
22
SIM5
SIM1
SIM2
SIM3
SIM4
1
21
22
SIM5
SIM1
SIM2
SIM3
SIM4
1
21
22
SIM5
SIM1
SIM2
SIM3
SIM4
1
21
22
SIM5
SIM1
SIM2
SIM3
SIM4
1
21
22
SIM5
SIM1
SIM2
SIM3
SIM4
1
21
22
SIM5
SIM1
SIM2
SIM3
SIM4
1
21
22
SIM5
SIM1
SIM2
SIM3
SIM4
1
21
22
SIM5
SIM1
SIM2
SIM3
SIM4
1
21
22
SIM5
SIM1
SIM2
SIM3
SIM4
1
21
22
SIM5
SIM1
SIM2
SIM3
SIM4
1
21
22
SIM5
SIM1
SIM2
SIM3
SIM4
1
21
22
SIM5
SIM1
SIM2
SIM3
SIM4
1
21
22
SIM5
SIM1
SIM2
SIM3
SIM4
1
21
22
SIM5
SIM1
SIM2
SIM3
SIM4
1
21
22
SIM5
SIM1
SIM2
SIM3
SIM4
1
21
22
SIM5
SIM1
SIM2
SIM3
SIM4
1
21
22
SIM5
SIM1
SIM2
SIM3
SIM4
1
21
22
SIM5
SIM1
SIM2
SIM3
SIM4
1
21
22
SIM5
SIM1
SIM2
SIM3
SIM4
1
21
22
SIM5
SIM1
SIM2
SIM3
SIM4
1
21
22
SIM5
SIM1
SIM2
SIM3
SIM4
1
21
22
SIM5
SIM1
SIM2
SIM3
SIM4
1
21
22
SIM5
SIM1
SIM2
SIM3
SIM4
1
21
22
SIM5
SIM1
SIM2
SIM3
SIM4
1
21
22
SIM5
SIM1
SIM2
SIM3
SIM4
1
21
22
SIM5
SIM1
SIM2
SIM3
SIM4
1
21
22
SIM5
SIM1
SIM2
SIM3
SIM4
1
21
22
SIM5
SIM1
SIM2
SIM3
SIM4
1
21
22
SIM5
SIM1
SIM2
SIM3
SIM4
1
21
22
SIM5
SIM1
SIM2
SIM3
SIM4
1
21
22
SIM5
SIM1
SIM2
SIM3
SIM4
1
21
22
SIM5
SIM1
SIM2
SIM3
SIM4
1
21
22
SIM5
SIM1
SIM2
SIM3
SIM4
1
21
22
SIM5
SIM1
SIM2
SIM3
SIM4
1
21
22
SIM5
SIM1
SIM2
SIM3
SIM4
1
21
22
SIM5
SIM1
SIM2
SIM3
SIM4
1
21
22
SIM5
SIM1
SIM2
SIM3
SIM4
1
21
22
SIM5
SIM1
SIM2
SIM3
SIM4
1
21
22
SIM5
SIM1
SIM2
SIM3
SIM4
1
21
22
SIM5
SIM1
SIM2
SIM3
SIM4
1
21
22
SIM5
SIM1
SIM2
SIM3
SIM4
1
21
22
SIM5
SIM1
SIM2
SIM3
SIM4
1
21
22
SIM5
SIM1
SIM2
SIM3
SIM4
1
21
22
SIM5
SIM1
SIM2
SIM3
SIM4
1
21
22
SIM5
SIM1
SIM2
SIM3
SIM4
1
21
22
SIM5
SIM1
SIM2
SIM3
SIM4
1
21
22
SIM5
SIM1
SIM2
SIM3
SIM4
1
21
22
SIM5
SIM1
SIM2
SIM3
SIM4
1
21
22
SIM5
SIM1
SIM2
SIM3
SIM4
1
21
22
SIM5
SIM1
SIM2
SIM3
SIM4
1
21
22
SIM5
SIM1
SIM2
SIM3
SIM4
1
21
22
SIM5
SIM1
SIM2
SIM3
SIM4
1
21
22
SIM5
SIM1
SIM2
SIM3
SIM4
1
21
22
SIM5
SIM1
SIM2
SIM3
SIM4
1
21
22
SIM5
SIM1
SIM2
SIM3
SIM4
1
21
22
SIM5
SIM1
SIM2
SIM3
SIM4
1
21
22
SIM5
SIM1
SIM2
SIM3
SIM4
1
21
22
SIM5
SIM1
SIM2
SIM3
SIM4
1
21
22
SIM5
SIM1
SIM2
SIM3
SIM4
1
21
22
SIM5
SIM1
SIM2
SIM3
SIM4
1
21
22
SIM5
SIM1
SIM2
SIM3
SIM4
1
21
22
SIM5
SIM1
SIM2
SIM3
SIM4
1
21
22
SIM5
SIM1
SIM2
SIM3
SIM4
1
21
22
SIM5
SIM1
SIM2
SIM3
SIM4
1
21
22
SIM5
SIM1
SIM2
SIM3
SIM4
1
21
22
SIM5
SIM1
SIM2
SIM3
SIM4
1
21
22
SIM5
SIM1
SIM2
SIM3
SIM4
1
21
22
SIM5
SIM1
SIM2
SIM3
SIM4
1
21
22
SIM5
SIM1
SIM2
SIM3
SIM4
1
21
22
SIM5
SIM1
SIM2
SIM3
SIM4
1
21
22
SIM5
SIM1
SIM2
SIM3
SIM4
1
21
22
SIM5
SIM1
SIM2
SIM3
SIM4
1
21
22
SIM5
SIM1
SIM2
SIM3
SIM4
1
21
22
SIM5
SIM1
SIM2
SIM3
SIM4
1
21
22
SIM5
SIM1
SIM2
SIM3
SIM4
1
21
22
SIM5
SIM1
SIM2
SIM3
SIM4
1
21
22
SIM5
SIM1
SIM2
SIM3
SIM4
1
21
22
SIM5
SIM1
SIM2
SIM3
SIM4
1
21
22
SIM5
SIM1
SIM2
SIM3
SIM4
1
21
22
SIM5
SIM1
SIM2
SIM3
SIM4
1
21
22
SIM5
SIM1
SIM2
SIM3
SIM4
1
21
22
SIM5
SIM1
SIM2
SIM3
SIM4
1
21
22
SIM5
SIM1
SIM2
SIM3
SIM4
1
21
22
SIM5
SIM1
SIM2
SIM3
SIM4
1
21
22
SIM5
SIM1
SIM2
SIM3
SIM4
1
21
22
SIM5
SIM1
SIM2
SIM3
SIM4
1
21
22
SIM5
SIM1
SIM2
SIM3
SIM4
1
21
22
SIM5
SIM1
SIM2
SIM3
SIM4
1
21
22
SIM5
SIM1
SIM2
SIM3
SIM4
1
21
22
SIM5
SIM1
SIM2
SIM3
SIM4
1
21
22
SIM5
SIM1
SIM2
SIM3
SIM4
1
21
22
SIM5
SIM1
SIM2
SIM3
SIM4
1
21
22
SIM5
SIM1
SIM2
SIM3
SIM4
1
21
22
SIM5
SIM1
SIM2
SIM3
SIM4
1
21
22
SIM5
SIM1
SIM2
SIM3
SIM4
1
21
22
SIM5
SIM1
SIM2
SIM3
SIM4
1
21
22
SIM5
SIM1
SIM2
SIM3
SIM4
1
21
22
SIM5
SIM1
SIM2
SIM3
SIM4
1
21
22
SIM5
SIM1
SIM2
SIM3
SIM4
1
21
22
SIM5
SIM1
SIM2
SIM3
SIM4
1
21
22
SIM5
SIM1
SIM2
SIM3
SIM4
1
21
22
SIM5
SIM1
SIM2
SIM3
SIM4
1
21
22
SIM5
SIM1
SIM2
SIM3
SIM4
1
21
22
SIM5
SIM1
SIM2
DEBUG 1 215
SIM1
SIM2
SIM3
SIM4
1
21
22
SIM5
SIM1
SIM2
SIM3
SIM4
1
21
22
SIM5
SIM1
SIM2
SIM3
SIM4
1
21
22
SIM5
SIM1
SIM2
SIM3
SIM4
1
21
22
SIM5
SIM1
SIM2
SIM3
SIM4
1
21
22
SIM5
SIM1
SIM2
SIM3
SIM4
1
21
22
SIM5
SIM1
SIM2
SIM3
SIM4
1
21
22
SIM5
SIM1
SIM2
SIM3
SIM4
1
21
22
SIM5
SIM1
SIM2
SIM3
SIM4
1
21
22
SIM5
SIM1
SIM2
SIM3
SIM4
1
21
22
SIM5
SIM1
SIM2
SIM3
SIM4
1
21
22
SIM5
SIM1
SIM2
SIM3
SIM4
1
21
22
SIM5
SIM1
SIM2
SIM3
SIM4
1
21
22
SIM5
SIM1
SIM2
SIM3
SIM4
1
21
22
SIM5
SIM1
SIM2
SIM3
SIM4
1
21
22
SIM5
SIM1
SIM2
SIM3
SIM4
1
21
22
SIM5
SIM1
SIM2
SIM3
SIM4
1
21
22
SIM5
SIM1
SIM2
SIM3
SIM4
1
21
22
SIM5
SIM1
SIM2
SIM3
SIM4
1
21
22
SIM5
SIM1
SIM2
SIM3
SIM4
1
21
22
SIM5
SIM1
SIM2
SIM3
SIM4
1
21
22
SIM5
SIM1
SIM2
SIM3
SIM4
1
21
22
SIM5
SIM1
SIM2
SIM3
SIM4
1
21
22
SIM5
SIM1
SIM2
SIM3
SIM4
1
21
22
SIM5
SIM1
SIM2
SIM3
SIM4
1
21
22
SIM5
SIM1
SIM2
SIM3
SIM4
1
21
22
SIM5
SIM1
SIM2
SIM3
SIM4
1
21
22
SIM5
SIM1
SIM2
SIM3
SIM4
1
21
22
SIM5
SIM1
SIM2
SIM3
SIM4
1
21
22
SIM5
SIM1
SIM2
SIM3
SIM4
1
21
22
SIM5
SIM1
SIM2
SIM3
SIM4
1
21
22
SIM5
SIM1
SIM2
SIM3
SIM4
1
21
22
SIM5
SIM1
SIM2
SIM3
SIM4
1
21
22
SIM5
SIM1
SIM2
SIM3
SIM4
1
21
22
SIM5
SIM1
SIM2
SIM3
SIM4
1
21
22
SIM5
SIM1
SIM2
SIM3
SIM4
1
21
22
SIM5
SIM1
SIM2
SIM3
SIM4
1
21
22
SIM5
SIM1
SIM2
SIM3
SIM4
1
21
22
SIM5
SIM1
SIM2
SIM3
SIM4
1
21
22
SIM5
SIM1
SIM2
SIM3
SIM4
1
21
22
SIM5
SIM1
SIM2
SIM3
SIM4
1
21
22
SIM5
SIM1
SIM2
SIM3
SIM4
1
21
22
SIM5
SIM1
SIM2
SIM3
SIM4
1
21
22
SIM5
SIM1
SIM2
SIM3
SIM4
1
21
22
SIM5
SIM1
SIM2
SIM3
SIM4
1
21
22
SIM5
SIM1
SIM2
SIM3
SIM4
1
21
22
SIM5
SIM1
SIM2
SIM3
SIM4
1
21
22
SIM5
SIM1
SIM2
SIM3
SIM4
1
21
22
SIM5
SIM1
SIM2
SIM3
SIM4
1
21
22
SIM5
SIM1
SIM2
SIM3
SIM4
1
21
22
SIM5
SIM1
SIM2
SIM3
SIM4
1
21
22
SIM5
SIM1
SIM2
SIM3
SIM4
1
21
22
SIM5
SIM1
SIM2
SIM3
SIM4
1
21
22
SIM5
SIM1
SIM2
SIM3
SIM4
1
21
22
SIM5
SIM1
SIM2
SIM3
SIM4
1
21
22
SIM5
SIM1
SIM2
SIM3
SIM4
1
21
22
SIM5
SIM1
SIM2
SIM3
SIM4
1
21
22
SIM5
SIM1
SIM2
SIM3
SIM4
1
21
22
SIM5
SIM1
SIM2
SIM3
SIM4
1
21
22
SIM5
SIM1
SIM2
SIM3
SIM4
1
21
22
SIM5
SIM1
SIM2
SIM3
SIM4
1
21
22
SIM5
SIM1
SIM2
SIM3
SIM4
1
21
22
SIM5
SIM1
SIM2
SIM3
SIM4
1
21
22
SIM5
SIM1
SIM2
SIM3
SIM4
1
21
22
SIM5
SIM1
SIM2
SIM3
SIM4
1
21
22
SIM5
SIM1
SIM2
SIM3
SIM4
1
21
22
SIM5
SIM1
SIM2
SIM3
SIM4
1
21
22
SIM5
SIM1
SIM2
SIM3
SIM4
1
21
22
SIM5
SIM1
SIM2
SIM3
SIM4
1
21
22
SIM5
SIM1
SIM2
SIM3
SIM4
1
21
22
SIM5
SIM1
SIM2
SIM3
SIM4
1
21
22
SIM5
SIM1
SIM2
SIM3
SIM4
1
21
22
SIM5
SIM1
SIM2
SIM3
SIM4
1
21
22
SIM5
SIM1
SIM2
SIM3
SIM4
1
21
22
SIM5
SIM1
SIM2
SIM3
SIM4
1
21
22
SIM5
SIM1
SIM2
SIM3
SIM4
1
21
22
SIM5
SIM1
SIM2
SIM3
SIM4
1
21
22
SIM5
SIM1
SIM2
SIM3
SIM4
1
21
22
SIM5
SIM1
SIM2
SIM3
SIM4
1
21
22
SIM5
SIM1
SIM2
SIM3
SIM4
1
21
22
SIM5
SIM1
SIM2
SIM3
SIM4
1
21
22
SIM5
SIM1
SIM2
SIM3
SIM4
1
21
22
SIM5
SIM1
SIM2
SIM3
SIM4
1
21
22
SIM5
SIM1
SIM2
SIM3
SIM4
1
21
22
SIM5
SIM1
SIM2
SIM3
SIM4
1
21
22
SIM5
SIM1
SIM2
SIM3
SIM4
1
21
22
SIM5
SIM1
SIM2
SIM3
SIM4
1
21
22
SIM5
SIM1
SIM2
SIM3
SIM4
1
21
22
SIM5
SIM1
SIM2
SIM3
SIM4
1
21
22
SIM5
SIM1
SIM2
SIM3
SIM4
1
21
22
SIM5
SIM1
SIM2
SIM3
SIM4
1
21
22
SIM5
SIM1
SIM2
SIM3
SIM4
1
21
22
SIM5
SIM1
SIM2
SIM3
SIM4
1
21
22
SIM5
SIM1
SIM2
SIM3
SIM4
1
21
22
SIM5
SIM1
SIM2
SIM3
SIM4
1
21
22
SIM5
SIM1
SIM2
SIM3
SIM4
1
21
22
SIM5
SIM1
SIM2
SIM3
SIM4
1
21
22
SIM5
SIM1
SIM2
SIM3
SIM4
1
21
22
SIM5
SIM1
SIM2
SIM3
SIM4
1
21
22
SIM5
SIM1
SIM2
SIM3
SIM4
1
21
22
SIM5
SIM1
SIM2
SIM3
SIM4
1
21
22
SIM5
SIM1
SIM2
SIM3
SIM4
1
21
22
SIM5
SIM1
SIM2
SIM3
SIM4
1
21
22
SIM5
SIM1
SIM2
SIM3
SIM4
1
21
22
SIM5
SIM1
SIM2
SIM3
SIM4
1
21
22
SIM5
SIM1
SIM2
SIM3
SIM4
1
21
22
SIM5
SIM1
SIM2
SIM3
SIM4
1
21
22
SIM5
SIM1
SIM2
SIM3
SIM4
1
21
22
SIM5
SIM1
SIM2
SIM3
SIM4
1
21
22
SIM5
SIM1
SIM2
SIM3
SIM4
1
21
22
SIM5
SIM1
SIM2
SIM3
SIM4
1
21
22
SIM5
SIM1
SIM2
SIM3
SIM4
1
21
22
SIM5
SIM1
SIM2
SIM3
SIM4
1
21
22
SIM5
SIM1
SIM2
SIM3
SIM4
1
21
22
SIM5
SIM1
SIM2
SIM3
SIM4
1
21
22
SIM5
SIM1
SIM2
SIM3
SIM4
1
21
22
SIM5
SIM1
SIM2
SIM3
SIM4
1
21
22
SIM5
SIM1
SIM2
SIM3
SIM4
1
21
22
SIM5
SIM1
SIM2
SIM3
SIM4
1
21
22
SIM5
SIM1
SIM2
SIM3
SIM4
1
21
22
SIM5
SIM1
SIM2
SIM3
SIM4
1
21
22
SIM5
SIM1
SIM2
SIM3
SIM4
1
21
22
SIM5
SIM1
SIM2
SIM3
SIM4
1
21
22
SIM5
SIM1
SIM2
SIM3
SIM4
1
21
22
SIM5
SIM1
SIM2
SIM3
SIM4
1
21
22
SIM5
SIM1
SIM2
SIM3
SIM4
1
21
22
SIM5
SIM1
SIM2
SIM3
SIM4
1
21
22
SIM5
SIM1
SIM2
SIM3
SIM4
1
21
22
SIM5
SIM1
SIM2
SIM3
SIM4
1
21
22
SIM5
SIM1
SIM2
SIM3
SIM4
1
21
22
SIM5
SIM1
SIM2
SIM3
SIM4
1
21
22
SIM5
SIM1
SIM2
DEBUG 1 216
SIM1
SIM2
SIM3
SIM4
1
21
22
SIM5
SIM1
SIM2
SIM3
SIM4
1
21
22
SIM5
SIM1
SIM2
SIM3
SIM4
1
21
22
SIM5
SIM1
SIM2
SIM3
SIM4
1
21
22
SIM5
SIM1
SIM2
SIM3
SIM4
1
21
22
SIM5
SIM1
SIM2
SIM3
SIM4
1
21
22
SIM5
SIM1
SIM2
SIM3
SIM4
1
21
22
SIM5
SIM1
SIM2
SIM3
SIM4
1
21
22
SIM5
SIM1
SIM2
SIM3
SIM4
1
21
22
SIM5
SIM1
SIM2
SIM3
SIM4
1
21
22
SIM5
SIM1
SIM2
SIM3
SIM4
1
21
22
SIM5
SIM1
SIM2
SIM3
SIM4
1
21
22
SIM5
SIM1
SIM2
SIM3
SIM4
1
21
22
SIM5
SIM1
SIM2
SIM3
SIM4
1
21
22
SIM5
SIM1
SIM2
SIM3
SIM4
1
21
22
SIM5
SIM1
SIM2
SIM3
SIM4
1
21
22
SIM5
SIM1
SIM2
SIM3
SIM4
1
21
22
SIM5
SIM1
SIM2
SIM3
SIM4
1
21
22
SIM5
SIM1
SIM2
SIM3
SIM4
1
21
22
SIM5
SIM1
SIM2
SIM3
SIM4
1
21
22
SIM5
SIM1
SIM2
SIM3
SIM4
1
21
22
SIM5
SIM1
SIM2
SIM3
SIM4
1
21
22
SIM5
SIM1
SIM2
SIM3
SIM4
1
21
22
SIM5
SIM1
SIM2
SIM3
SIM4
1
21
22
SIM5
SIM1
SIM2
SIM3
SIM4
1
21
22
SIM5
SIM1
SIM2
SIM3
SIM4
1
21
22
SIM5
SIM1
SIM2
SIM3
SIM4
1
21
22
SIM5
SIM1
SIM2
SIM3
SIM4
1
21
22
SIM5
SIM1
SIM2
SIM3
SIM4
1
21
22
SIM5
SIM1
SIM2
SIM3
SIM4
1
21
22
SIM5
SIM1
SIM2
SIM3
SIM4
1
21
22
SIM5
SIM1
SIM2
SIM3
SIM4
1
21
22
SIM5
SIM1
SIM2
SIM3
SIM4
1
21
22
SIM5
SIM1
SIM2
SIM3
SIM4
1
21
22
SIM5
SIM1
SIM2
SIM3
SIM4
1
21
22
SIM5
SIM1
SIM2
SIM3
SIM4
1
21
22
SIM5
SIM1
SIM2
SIM3
SIM4
1
21
22
SIM5
SIM1
SIM2
SIM3
SIM4
1
21
22
SIM5
SIM1
SIM2
SIM3
SIM4
1
21
22
SIM5
SIM1
SIM2
SIM3
SIM4
1
21
22
SIM5
SIM1
SIM2
SIM3
SIM4
1
21
22
SIM5
SIM1
SIM2
SIM3
SIM4
1
21
22
SIM5
SIM1
SIM2
SIM3
SIM4
1
21
22
SIM5
SIM1
SIM2
SIM3
SIM4
1
21
22
SIM5
SIM1
SIM2
SIM3
SIM4
1
21
22
SIM5
SIM1
SIM2
SIM3
SIM4
1
21
22
SIM5
SIM1
SIM2
SIM3
SIM4
1
21
22
SIM5
SIM1
SIM2
SIM3
SIM4
1
21
22
SIM5
SIM1
SIM2
SIM3
SIM4
1
21
22
SIM5
SIM1
SIM2
SIM3
SIM4
1
21
22
SIM5
SIM1
SIM2
SIM3
SIM4
1
21
22
SIM5
SIM1
SIM2
SIM3
SIM4
1
21
22
SIM5
SIM1
SIM2
SIM3
SIM4
1
21
22
SIM5
SIM1
SIM2
SIM3
SIM4
1
21
22
SIM5
SIM1
SIM2
SIM3
SIM4
1
21
22
SIM5
SIM1
SIM2
SIM3
SIM4
1
21
22
SIM5
SIM1
SIM2
SIM3
SIM4
1
21
22
SIM5
SIM1
SIM2
SIM3
SIM4
1
21
22
SIM5
SIM1
SIM2
SIM3
SIM4
1
21
22
SIM5
SIM1
SIM2
SIM3
SIM4
1
21
22
SIM5
SIM1
SIM2
SIM3
SIM4
1
21
22
SIM5
SIM1
SIM2
SIM3
SIM4
1
21
22
SIM5
SIM1
SIM2
SIM3
SIM4
1
21
22
SIM5
SIM1
SIM2
SIM3
SIM4
1
21
22
SIM5
SIM1
SIM2
SIM3
SIM4
1
21
22
SIM5
SIM1
SIM2
SIM3
SIM4
1
21
22
SIM5
SIM1
SIM2
SIM3
SIM4
1
21
22
SIM5
SIM1
SIM2
SIM3
SIM4
1
21
22
SIM5
SIM1
SIM2
SIM3
SIM4
1
21
22
SIM5
SIM1
SIM2
SIM3
SIM4
1
21
22
SIM5
SIM1
SIM2
SIM3
SIM4
1
21
22
SIM5
SIM1
SIM2
SIM3
SIM4
1
21
22
SIM5
SIM1
SIM2
SIM3
SIM4
1
21
22
SIM5
SIM1
SIM2
SIM3
SIM4
1
21
22
SIM5
SIM1
SIM2
SIM3
SIM4
1
21
22
SIM5
SIM1
SIM2
SIM3
SIM4
1
21
22
SIM5
SIM1
SIM2
DEBUG 1 217
SIM1
SIM2
SIM3
SIM4
1
21
22
SIM5
SIM1
SIM2
SIM3
SIM4
1
21
22
SIM5
SIM1
SIM2
SIM3
SIM4
1
21
22
SIM5
SIM1
SIM2
SIM3
SIM4
1
21
22
SIM5
SIM1
SIM2
SIM3
SIM4
1
21
22
SIM5
SIM1
SIM2
SIM3
SIM4
1
21
22
SIM5
SIM1
SIM2
SIM3
SIM4
1
21
22
SIM5
SIM1
SIM2
SIM3
SIM4
1
21
22
SIM5
SIM1
SIM2
SIM3
SIM4
1
21
22
SIM5
SIM1
SIM2
SIM3
SIM4
1
21
22
SIM5
SIM1
SIM2
SIM3
SIM4
1
21
22
SIM5
SIM1
SIM2
SIM3
SIM4
1
21
22
SIM5
SIM1
SIM2
SIM3
SIM4
1
21
22
SIM5
SIM1
SIM2
SIM3
SIM4
1
21
22
SIM5
SIM1
SIM2
SIM3
SIM4
1
21
22
SIM5
SIM1
SIM2
SIM3
SIM4
1
21
22
SIM5
SIM1
SIM2
SIM3
SIM4
1
21
22
SIM5
SIM1
SIM2
SIM3
SIM4
1
21
22
SIM5
SIM1
SIM2
SIM3
SIM4
1
21
22
SIM5
SIM1
SIM2
SIM3
SIM4
1
21
22
SIM5
SIM1
SIM2
SIM3
SIM4
1
21
22
SIM5
SIM1
SIM2
SIM3
SIM4
1
21
22
SIM5
SIM1
SIM2
SIM3
SIM4
1
21
22
SIM5
SIM1
SIM2
SIM3
SIM4
1
21
22
SIM5
SIM1
SIM2
SIM3
SIM4
1
21
22
SIM5
SIM1
SIM2
SIM3
SIM4
1
21
22
SIM5
SIM1
SIM2
SIM3
SIM4
1
21
22
SIM5
SIM1
SIM2
SIM3
SIM4
1
21
22
SIM5
SIM1
SIM2
SIM3
SIM4
1
21
22
SIM5
SIM1
SIM2
SIM3
SIM4
1
21
22
SIM5
SIM1
SIM2
SIM3
SIM4
1
21
22
SIM5
SIM1
SIM2
SIM3
SIM4
1
21
22
SIM5
SIM1
SIM2
SIM3
SIM4
1
21
22
SIM5
SIM1
SIM2
SIM3
SIM4
1
21
22
SIM5
SIM1
SIM2
SIM3
SIM4
1
21
22
SIM5
SIM1
SIM2
SIM3
SIM4
1
21
22
SIM5
SIM1
SIM2
SIM3
SIM4
1
21
22
SIM5
SIM1
SIM2
SIM3
SIM4
1
21
22
SIM5
SIM1
SIM2
SIM3
SIM4
1
21
22
SIM5
SIM1
SIM2
SIM3
SIM4
1
21
22
SIM5
SIM1
SIM2
SIM3
SIM4
1
21
22
SIM5
SIM1
SIM2
SIM3
SIM4
1
21
22
SIM5
SIM1
SIM2
SIM3
SIM4
1
21
22
SIM5
SIM1
SIM2
SIM3
SIM4
1
21
22
SIM5
SIM1
SIM2
SIM3
SIM4
1
21
22
SIM5
SIM1
SIM2
SIM3
SIM4
1
21
22
SIM5
SIM1
SIM2
SIM3
SIM4
1
21
22
SIM5
SIM1
SIM2
SIM3
SIM4
1
21
22
SIM5
SIM1
SIM2
SIM3
SIM4
1
21
22
SIM5
SIM1
SIM2
SIM3
SIM4
1
21
22
SIM5
SIM1
SIM2
SIM3
SIM4
1
21
22
SIM5
SIM1
SIM2
SIM3
SIM4
1
21
22
SIM5
SIM1
SIM2
SIM3
SIM4
1
21
22
SIM5
SIM1
SIM2
SIM3
SIM4
1
21
22
SIM5
SIM1
SIM2
SIM3
SIM4
1
21
22
SIM5
SIM1
SIM2
SIM3
SIM4
1
21
22
SIM5
SIM1
SIM2
SIM3
SIM4
1
21
22
SIM5
SIM1
SIM2
SIM3
SIM4
1
21
22
SIM5
SIM1
SIM2
SIM3
SIM4
1
21
22
SIM5
SIM1
SIM2
SIM3
SIM4
1
21
22
SIM5
SIM1
SIM2
SIM3
SIM4
1
21
22
SIM5
SIM1
SIM2
SIM3
SIM4
1
21
22
SIM5
SIM1
SIM2
SIM3
SIM4
1
21
22
SIM5
SIM1
SIM2
SIM3
SIM4
1
21
22
SIM5
SIM1
SIM2
SIM3
SIM4
1
21
22
SIM5
SIM1
SIM2
SIM3
SIM4
1
21
22
SIM5
SIM1
SIM2
SIM3
SIM4
1
21
22
SIM5
SIM1
SIM2
SIM3
SIM4
1
21
22
SIM5
SIM1
SIM2
SIM3
SIM4
1
21
22
SIM5
SIM1
SIM2
SIM3
SIM4
1
21
22
SIM5
SIM1
SIM2
SIM3
SIM4
1
21
22
SIM5
SIM1
SIM2
SIM3
SIM4
1
21
22
SIM5
SIM1
SIM2
SIM3
SIM4
1
21
22
SIM5
SIM1
SIM2
SIM3
SIM4
1
21
22
SIM5
SIM1
SIM2
SIM3
SIM4
1
21
22
SIM5
SIM1
SIM2
SIM3
SIM4
1
21
22
SIM5
SIM1
SIM2
SIM3
SIM4
1
21
22
SIM5
SIM1
SIM2
SIM3
SIM4
1
21
22
SIM5
SIM1
SIM2
SIM3
SIM4
1
21
22
SIM5
SIM1
SIM2
SIM3
SIM4
1
21
22
SIM5
SIM1
SIM2
SIM3
SIM4
1
21
22
SIM5
SIM1
SIM2
SIM3
SIM4
1
21
22
SIM5
SIM1
SIM2
SIM3
SIM4
1
21
22
SIM5
SIM1
SIM2
SIM3
SIM4
1
21
22
SIM5
SIM1
SIM2
SIM3
SIM4
1
21
22
SIM5
SIM1
SIM2
SIM3
SIM4
1
21
22
SIM5
SIM1
SIM2
SIM3
SIM4
1
21
22
SIM5
SIM1
SIM2
SIM3
SIM4
1
21
22
SIM5
SIM1
SIM2
SIM3
SIM4
1
21
22
SIM5
SIM1
SIM2
SIM3
SIM4
1
21
22
SIM5
SIM1
SIM2
SIM3
SIM4
1
21
22
SIM5
SIM1
SIM2
SIM3
SIM4
1
21
22
SIM5
SIM1
SIM2
SIM3
SIM4
1
21
22
SIM5
SIM1
SIM2
SIM3
SIM4
1
21
22
SIM5
SIM1
SIM2
SIM3
SIM4
1
21
22
SIM5
SIM1
SIM2
SIM3
SIM4
1
21
22
SIM5
SIM1
SIM2
SIM3
SIM4
1
21
22
SIM5
SIM1
SIM2
SIM3
SIM4
1
21
22
SIM5
SIM1
SIM2
SIM3
SIM4
1
21
22
SIM5
SIM1
SIM2
SIM3
SIM4
1
21
22
SIM5
SIM1
SIM2
SIM3
SIM4
1
21
22
SIM5
SIM1
SIM2
SIM3
SIM4
1
21
22
SIM5
SIM1
SIM2
SIM3
SIM4
1
21
22
SIM5
SIM1
SIM2
SIM3
SIM4
1
21
22
SIM5
SIM1
SIM2
SIM3
SIM4
1
21
22
SIM5
SIM1
SIM2
SIM3
SIM4
1
21
22
SIM5
SIM1
SIM2
SIM3
SIM4
1
21
22
SIM5
SIM1
SIM2
SIM3
SIM4
1
21
22
SIM5
SIM1
SIM2
SIM3
SIM4
1
21
22
SIM5
SIM1
SIM2
SIM3
SIM4
1
21
22
SIM5
SIM1
SIM2
SIM3
SIM4
1
21
22
SIM5
SIM1
SIM2
SIM3
SIM4
1
21
22
SIM5
SIM1
SIM2
SIM3
SIM4
1
21
22
SIM5
SIM1
SIM2
SIM3
SIM4
1
21
22
SIM5
SIM1
SIM2
SIM3
SIM4
1
21
22
SIM5
SIM1
SIM2
SIM3
SIM4
1
21
22
SIM5
SIM1
SIM2
SIM3
SIM4
1
21
22
SIM5
SIM1
SIM2
SIM3
SIM4
1
21
22
SIM5
SIM1
SIM2
SIM3
SIM4
1
21
22
SIM5
SIM1
SIM2
SIM3
SIM4
1
21
22
SIM5
SIM1
SIM2
SIM3
SIM4
1
21
22
SIM5
SIM1
SIM2
SIM3
SIM4
1
21
22
SIM5
SIM1
SIM2
SIM3
SIM4
1
21
22
SIM5
SIM1
SIM2
SIM3
SIM4
1
21
22
SIM5
SIM1
SIM2
SIM3
SIM4
1
21
22
SIM5
SIM1
SIM2
SIM3
SIM4
1
21
22
SIM5
SIM1
SIM2
SIM3
SIM4
1
21
22
SIM5
SIM1
SIM2
SIM3
SIM4
1
21
22
SIM5
SIM1
SIM2
SIM3
SIM4
1
21
22
SIM5
SIM1
SIM2
SIM3
SIM4
1
21
22
SIM5
SIM1
SIM2
SIM3
SIM4
1
21
22
SIM5
SIM1
SIM2
SIM3
SIM4
1
21
22
SIM5
SIM1
SIM2
SIM3
SIM4
1
21
22
SIM5
SIM1
SIM2
SIM3
SIM4
1
21
22
SIM5
SIM1
SIM2
SIM3
SIM4
1
21
22
SIM5
SIM1
SIM2
SIM3
SIM4
1
21
22
SIM5
SIM1
SIM2
SIM3
SIM4
1
21
22
SIM5
SIM1
SIM2
SIM3
SIM4
1
21
22
SIM5
SIM1
SIM2
SIM3
SIM4
1
21
22
SIM5
SIM1
SIM2
SIM3
SIM4
1
21
22
SIM5
SIM1
SIM2
SIM3
SIM4
1
21
22
SIM5
SIM1
SIM2
SIM3
SIM4
1
21
22
SIM5
SIM1
SIM2
SIM3
SIM4
1
21
22
SIM5
SIM1
SIM2
SIM3
SIM4
1
21
22
SIM5
SIM1
SIM2
SIM3
SIM4
1
21
22
SIM5
SIM1
SIM2
SIM3
SIM4
1
21
22
SIM5
SIM1
SIM2
SIM3
SIM4
1
21
22
SIM5
SIM1
SIM2
SIM3
SIM4
1
21
22
SIM5
SIM1
SIM2
SIM3
SIM4
1
21
22
SIM5
SIM1
SIM2
SIM3
SIM4
1
21
22
SIM5
SIM1
SIM2
SIM3
SIM4
1
21
22
SIM5
SIM1
SIM2
SIM3
SIM4
1
21
22
SIM5
SIM1
SIM2
SIM3
SIM4
1
21
22
SIM5
SIM1
SIM2
SIM3
SIM4
1
21
22
SIM5
SIM1
SIM2
SIM3
SIM4
1
21
22
SIM5
SIM1
SIM2
SIM3
SIM4
1
21
22
SIM5
SIM1
SIM2
SIM3
SIM4
1
21
22
SIM5
SIM1
SIM2
SIM3
SIM4
1
21
22
SIM5
SIM1
SIM2
SIM3
SIM4
1
21
22
SIM5
SIM1
SIM2
SIM3
SIM4
1
21
22
SIM5
SIM1
SIM2
SIM3
SIM4
1
21
22
SIM5
SIM1
SIM2
SIM3
SIM4
1
21
22
SIM5
SIM1
SIM2
SIM3
SIM4
1
21
22
SIM5
SIM1
SIM2
SIM3
SIM4
1
21
22
SIM5
SIM1
SIM2
SIM3
SIM4
1
21
22
SIM5
SIM1
SIM2
SIM3
SIM4
1
21
22
SIM5
SIM1
SIM2
SIM3
SIM4
1
21
22
SIM5
SIM1
SIM2
SIM3
SIM4
1
21
22
SIM5
SIM1
SIM2
SIM3
SIM4
1
21
22
SIM5
SIM1
SIM2
SIM3
SIM4
1
21
22
SIM5
SIM1
SIM2
SIM3
SIM4
1
21
22
SIM5
SIM1
SIM2
SIM3
SIM4
1
21
22
SIM5
SIM1
SIM2
SIM3
SIM4
1
21
22
SIM5
SIM1
SIM2
SIM3
SIM4
1
21
22
SIM5
SIM1
SIM2
SIM3
SIM4
1
21
22
SIM5
SIM1
SIM2
SIM3
SIM4
1
21
22
SIM5
SIM1
SIM2
SIM3
SIM4
1
21
22
SIM5
SIM1
SIM2
SIM3
SIM4
1
21
22
SIM5
SIM1
SIM2
SIM3
SIM4
1
21
22
SIM5
SIM1
SIM2
SIM3
SIM4
1
21
22
SIM5
SIM1
SIM2
SIM3
SIM4
1
21
22
SIM5
SIM1
SIM2
SIM3
SIM4
1
21
22
SIM5
SIM1
SIM2
SIM3
SIM4
1
21
22
SIM5
SIM1
SIM2
SIM3
SIM4
1
21
22
SIM5
SIM1
SIM2
SIM3
SIM4
1
21
22
SIM5
SIM1
SIM2
SIM3
SIM4
1
21
22
SIM5
SIM1
SIM2
SIM3
SIM4
1
21
22
SIM5
SIM1
SIM2
SIM3
SIM4
1
21
22
SIM5
SIM1
SIM2
SIM3
SIM4
1
21
22
SIM5
SIM1
SIM2
SIM3
SIM4
1
21
22
SIM5
SIM1
SIM2
SIM3
SIM4
1
21
22
SIM5
SIM1
SIM2
SIM3
SIM4
1
21
22
SIM5
SIM1
SIM2
SIM3
SIM4
1
21
22
SIM5
SIM1
SIM2
SIM3
SIM4
1
21
22
SIM5
SIM1
SIM2
SIM3
SIM4
1
21
22
SIM5
SIM1
SIM2
SIM3
SIM4
1
21
22
SIM5
SIM1
SIM2
SIM3
SIM4
1
21
22
SIM5
SIM1
SIM2
SIM3
SIM4
1
21
22
SIM5
SIM1
SIM2
SIM3
SIM4
1
21
22
SIM5
SIM1
SIM2
SIM3
SIM4
1
21
22
SIM5
SIM1
SIM2
SIM3
SIM4
1
21
22
SIM5
SIM1
SIM2
SIM3
SIM4
1
21
22
SIM5
SIM1
SIM2
SIM3
SIM4
1
21
22
SIM5
SIM1
SIM2
SIM3
SIM4
1
21
22
SIM5
SIM1
SIM2
SIM3
SIM4
1
21
22
SIM5
SIM1
SIM2
SIM3
SIM4
1
21
22
SIM5
SIM1
SIM2
SIM3
SIM4
1
21
22
SIM5
SIM1
SIM2
SIM3
SIM4
1
21
22
SIM5
SIM1
SIM2
SIM3
SIM4
1
21
22
SIM5
SIM1
SIM2
SIM3
SIM4
1
21
22
SIM5
SIM1
SIM2
SIM3
SIM4
1
21
22
SIM5
SIM1
SIM2
SIM3
SIM4
1
21
22
SIM5
SIM1
SIM2
SIM3
SIM4
1
21
22
SIM5
SIM1
SIM2
SIM3
SIM4
1
21
22
SIM5
SIM1
SIM2
SIM3
SIM4
1
21
22
SIM5
SIM1
SIM2
SIM3
SIM4
1
21
22
SIM5
SIM1
SIM2
SIM3
SIM4
1
21
22
SIM5
SIM1
SIM2
SIM3
SIM4
1
21
22
SIM5
SIM1
SIM2
SIM3
SIM4
1
21
22
SIM5
SIM1
SIM2
DEBUG 1 218
SIM1
SIM2
SIM3
SIM4
1
21
22
SIM5
SIM1
SIM2
SIM3
SIM4
1
21
22
SIM5
SIM1
SIM2
SIM3
SIM4
1
21
22
SIM5
SIM1
SIM2
SIM3
SIM4
1
21
22
SIM5
SIM1
SIM2
SIM3
SIM4
1
21
22
SIM5
SIM1
SIM2
SIM3
SIM4
1
21
22
SIM5
SIM1
SIM2
SIM3
SIM4
1
21
22
SIM5
SIM1
SIM2
SIM3
SIM4
1
21
22
SIM5
SIM1
SIM2
SIM3
SIM4
1
21
22
SIM5
SIM1
SIM2
SIM3
SIM4
1
21
22
SIM5
SIM1
SIM2
SIM3
SIM4
1
21
22
SIM5
SIM1
SIM2
SIM3
SIM4
1
21
22
SIM5
SIM1
SIM2
SIM3
SIM4
1
21
22
SIM5
SIM1
SIM2
SIM3
SIM4
1
21
22
SIM5
SIM1
SIM2
SIM3
SIM4
1
21
22
SIM5
SIM1
SIM2
SIM3
SIM4
1
21
22
SIM5
SIM1
SIM2
SIM3
SIM4
1
21
22
SIM5
SIM1
SIM2
SIM3
SIM4
1
21
22
SIM5
SIM1
SIM2
SIM3
SIM4
1
21
22
SIM5
SIM1
SIM2
SIM3
SIM4
1
21
22
SIM5
SIM1
SIM2
SIM3
SIM4
1
21
22
SIM5
SIM1
SIM2
SIM3
SIM4
1
21
22
SIM5
SIM1
SIM2
SIM3
SIM4
1
21
22
SIM5
SIM1
SIM2
SIM3
SIM4
1
21
22
SIM5
SIM1
SIM2
SIM3
SIM4
1
21
22
SIM5
SIM1
SIM2
SIM3
SIM4
1
21
22
SIM5
SIM1
SIM2
SIM3
SIM4
1
21
22
SIM5
SIM1
SIM2
SIM3
SIM4
1
21
22
SIM5
SIM1
SIM2
SIM3
SIM4
1
21
22
SIM5
SIM1
SIM2
SIM3
SIM4
1
21
22
SIM5
SIM1
SIM2
SIM3
SIM4
1
21
22
SIM5
SIM1
SIM2
SIM3
SIM4
1
21
22
SIM5
SIM1
SIM2
SIM3
SIM4
1
21
22
SIM5
SIM1
SIM2
SIM3
SIM4
1
21
22
SIM5
SIM1
SIM2
SIM3
SIM4
1
21
22
SIM5
SIM1
SIM2
SIM3
SIM4
1
21
22
SIM5
SIM1
SIM2
SIM3
SIM4
1
21
22
SIM5
SIM1
SIM2
SIM3
SIM4
1
21
22
SIM5
SIM1
SIM2
SIM3
SIM4
1
21
22
SIM5
SIM1
SIM2
SIM3
SIM4
1
21
22
SIM5
SIM1
SIM2
SIM3
SIM4
1
21
22
SIM5
SIM1
SIM2
SIM3
SIM4
1
21
22
SIM5
SIM1
SIM2
SIM3
SIM4
1
21
22
SIM5
SIM1
SIM2
SIM3
SIM4
1
21
22
SIM5
SIM1
SIM2
SIM3
SIM4
1
21
22
SIM5
SIM1
SIM2
SIM3
SIM4
1
21
22
SIM5
SIM1
SIM2
SIM3
SIM4
1
21
22
SIM5
SIM1
SIM2
SIM3
SIM4
1
21
22
SIM5
SIM1
SIM2
SIM3
SIM4
1
21
22
SIM5
SIM1
SIM2
SIM3
SIM4
1
21
22
SIM5
SIM1
SIM2
SIM3
SIM4
1
21
22
SIM5
SIM1
SIM2
SIM3
SIM4
1
21
22
SIM5
SIM1
SIM2
SIM3
SIM4
1
21
22
SIM5
SIM1
SIM2
SIM3
SIM4
1
21
22
SIM5
SIM1
SIM2
SIM3
SIM4
1
21
22
SIM5
SIM1
SIM2
SIM3
SIM4
1
21
22
SIM5
SIM1
SIM2
SIM3
SIM4
1
21
22
SIM5
SIM1
SIM2
SIM3
SIM4
1
21
22
SIM5
SIM1
SIM2
SIM3
SIM4
1
21
22
SIM5
SIM1
SIM2
SIM3
SIM4
1
21
22
SIM5
SIM1
SIM2
SIM3
SIM4
1
21
22
SIM5
SIM1
SIM2
SIM3
SIM4
1
21
22
SIM5
SIM1
SIM2
SIM3
SIM4
1
21
22
SIM5
SIM1
SIM2
SIM3
SIM4
1
21
22
SIM5
SIM1
SIM2
SIM3
SIM4
1
21
22
SIM5
SIM1
SIM2
SIM3
SIM4
1
21
22
SIM5
SIM1
SIM2
SIM3
SIM4
1
21
22
SIM5
SIM1
SIM2
SIM3
SIM4
1
21
22
SIM5
SIM1
SIM2
SIM3
SIM4
1
21
22
SIM5
SIM1
SIM2
SIM3
SIM4
1
21
22
SIM5
SIM1
SIM2
SIM3
SIM4
1
21
22
SIM5
SIM1
SIM2
SIM3
SIM4
1
21
22
SIM5
SIM1
SIM2
SIM3
SIM4
1
21
22
SIM5
SIM1
SIM2
SIM3
SIM4
1
21
22
SIM5
SIM1
SIM2
SIM3
SIM4
1
21
22
SIM5
SIM1
SIM2
SIM3
SIM4
1
21
22
SIM5
SIM1
SIM2
SIM3
SIM4
1
21
22
SIM5
SIM1
SIM2
SIM3
SIM4
1
21
22
SIM5
SIM1
SIM2
SIM3
SIM4
1
21
22
SIM5
SIM1
SIM2
SIM3
SIM4
1
21
22
SIM5
SIM1
SIM2
SIM3
SIM4
1
21
22
SIM5
SIM1
SIM2
SIM3
SIM4
1
21
22
SIM5
SIM1
SIM2
SIM3
SIM4
1
21
22
SIM5
SIM1
SIM2
SIM3
SIM4
1
21
22
SIM5
SIM1
SIM2
SIM3
SIM4
1
21
22
SIM5
SIM1
SIM2
SIM3
SIM4
1
21
22
SIM5
SIM1
SIM2
SIM3
SIM4
1
21
22
SIM5
SIM1
SIM2
SIM3
SIM4
1
21
22
SIM5
SIM1
SIM2
SIM3
SIM4
1
21
22
SIM5
SIM1
SIM2
SIM3
SIM4
1
21
22
SIM5
SIM1
SIM2
SIM3
SIM4
1
21
22
SIM5
SIM1
SIM2
SIM3
SIM4
1
21
22
SIM5
SIM1
SIM2
SIM3
SIM4
1
21
22
SIM5
SIM1
SIM2
SIM3
SIM4
1
21
22
SIM5
SIM1
SIM2
SIM3
SIM4
1
21
22
SIM5
SIM1
SIM2
SIM3
SIM4
1
21
22
SIM5
SIM1
SIM2
SIM3
SIM4
1
21
22
SIM5
SIM1
SIM2
SIM3
SIM4
1
21
22
SIM5
SIM1
SIM2
SIM3
SIM4
1
21
22
SIM5
SIM1
SIM2
SIM3
SIM4
1
21
22
SIM5
SIM1
SIM2
SIM3
SIM4
1
21
22
SIM5
SIM1
SIM2
SIM3
SIM4
1
21
22
SIM5
SIM1
SIM2
SIM3
SIM4
1
21
22
SIM5
SIM1
SIM2
SIM3
SIM4
1
21
22
SIM5
SIM1
SIM2
SIM3
SIM4
1
21
22
SIM5
SIM1
SIM2
SIM3
SIM4
1
21
22
SIM5
SIM1
SIM2
DEBUG 1 219
SIM1
SIM2
SIM3
SIM4
1
21
22
SIM5
SIM1
SIM2
SIM3
SIM4
1
21
22
SIM5
SIM1
SIM2
SIM3
SIM4
1
21
22
SIM5
SIM1
SIM2
SIM3
SIM4
1
21
22
SIM5
SIM1
SIM2
SIM3
SIM4
1
21
22
SIM5
SIM1
SIM2
SIM3
SIM4
1
21
22
SIM5
SIM1
SIM2
SIM3
SIM4
1
21
22
SIM5
SIM1
SIM2
SIM3
SIM4
1
21
22
SIM5
SIM1
SIM2
SIM3
SIM4
1
21
22
SIM5
SIM1
SIM2
SIM3
SIM4
1
21
22
SIM5
SIM1
SIM2
SIM3
SIM4
1
21
22
SIM5
SIM1
SIM2
SIM3
SIM4
1
21
22
SIM5
SIM1
SIM2
SIM3
SIM4
1
21
22
SIM5
SIM1
SIM2
SIM3
SIM4
1
21
22
SIM5
SIM1
SIM2
SIM3
SIM4
1
21
22
SIM5
SIM1
SIM2
SIM3
SIM4
1
21
22
SIM5
SIM1
SIM2
SIM3
SIM4
1
21
22
SIM5
SIM1
SIM2
SIM3
SIM4
1
21
22
SIM5
SIM1
SIM2
SIM3
SIM4
1
21
22
SIM5
SIM1
SIM2
SIM3
SIM4
1
21
22
SIM5
SIM1
SIM2
SIM3
SIM4
1
21
22
SIM5
SIM1
SIM2
SIM3
SIM4
1
21
22
SIM5
SIM1
SIM2
SIM3
SIM4
1
21
22
SIM5
SIM1
SIM2
SIM3
SIM4
1
21
22
SIM5
SIM1
SIM2
SIM3
SIM4
1
21
22
SIM5
SIM1
SIM2
SIM3
SIM4
1
21
22
SIM5
SIM1
SIM2
SIM3
SIM4
1
21
22
SIM5
SIM1
SIM2
SIM3
SIM4
1
21
22
SIM5
SIM1
SIM2
SIM3
SIM4
1
21
22
SIM5
SIM1
SIM2
SIM3
SIM4
1
21
22
SIM5
SIM1
SIM2
SIM3
SIM4
1
21
22
SIM5
SIM1
SIM2
SIM3
SIM4
1
21
22
SIM5
SIM1
SIM2
SIM3
SIM4
1
21
22
SIM5
SIM1
SIM2
SIM3
SIM4
1
21
22
SIM5
SIM1
SIM2
SIM3
SIM4
1
21
22
SIM5
SIM1
SIM2
SIM3
SIM4
1
21
22
SIM5
SIM1
SIM2
SIM3
SIM4
1
21
22
SIM5
SIM1
SIM2
SIM3
SIM4
1
21
22
SIM5
SIM1
SIM2
SIM3
SIM4
1
21
22
SIM5
SIM1
SIM2
SIM3
SIM4
1
21
22
SIM5
SIM1
SIM2
SIM3
SIM4
1
21
22
SIM5
SIM1
SIM2
SIM3
SIM4
1
21
22
SIM5
SIM1
SIM2
SIM3
SIM4
1
21
22
SIM5
SIM1
SIM2
SIM3
SIM4
1
21
22
SIM5
SIM1
SIM2
SIM3
SIM4
1
21
22
SIM5
SIM1
SIM2
SIM3
SIM4
1
21
22
SIM5
SIM1
SIM2
SIM3
SIM4
1
21
22
SIM5
SIM1
SIM2
SIM3
SIM4
1
21
22
SIM5
SIM1
SIM2
SIM3
SIM4
1
21
22
SIM5
SIM1
SIM2
SIM3
SIM4
1
21
22
SIM5
SIM1
SIM2
SIM3
SIM4
1
21
22
SIM5
SIM1
SIM2
SIM3
SIM4
1
21
22
SIM5
SIM1
SIM2
SIM3
SIM4
1
21
22
SIM5
SIM1
SIM2
SIM3
SIM4
1
21
22
SIM5
SIM1
SIM2
SIM3
SIM4
1
21
22
SIM5
SIM1
SIM2
SIM3
SIM4
1
21
22
SIM5
SIM1
SIM2
SIM3
SIM4
1
21
22
SIM5
SIM1
SIM2
SIM3
SIM4
1
21
22
SIM5
SIM1
SIM2
SIM3
SIM4
1
21
22
SIM5
SIM1
SIM2
SIM3
SIM4
1
21
22
SIM5
SIM1
SIM2
SIM3
SIM4
1
21
22
SIM5
SIM1
SIM2
SIM3
SIM4
1
21
22
SIM5
SIM1
SIM2
SIM3
SIM4
1
21
22
SIM5
SIM1
SIM2
SIM3
SIM4
1
21
22
SIM5
SIM1
SIM2
SIM3
SIM4
1
21
22
SIM5
SIM1
SIM2
SIM3
SIM4
1
21
22
SIM5
SIM1
SIM2
SIM3
SIM4
1
21
22
SIM5
SIM1
SIM2
SIM3
SIM4
1
21
22
SIM5
SIM1
SIM2
SIM3
SIM4
1
21
22
SIM5
SIM1
SIM2
SIM3
SIM4
1
21
22
SIM5
SIM1
SIM2
SIM3
SIM4
1
21
22
SIM5
SIM1
SIM2
SIM3
SIM4
1
21
22
SIM5
SIM1
SIM2
SIM3
SIM4
1
21
22
SIM5
SIM1
SIM2
SIM3
SIM4
1
21
22
SIM5
SIM1
SIM2
SIM3
SIM4
1
21
22
SIM5
SIM1
SIM2
SIM3
SIM4
1
21
22
SIM5
SIM1
SIM2
SIM3
SIM4
1
21
22
SIM5
SIM1
SIM2
SIM3
SIM4
1
21
22
SIM5
SIM1
SIM2
SIM3
SIM4
1
21
22
SIM5
SIM1
SIM2
SIM3
SIM4
1
21
22
SIM5
SIM1
SIM2
SIM3
SIM4
1
21
22
SIM5
SIM1
SIM2
SIM3
SIM4
1
21
22
SIM5
SIM1
SIM2
SIM3
SIM4
1
21
22
SIM5
SIM1
SIM2
SIM3
SIM4
1
21
22
SIM5
SIM1
SIM2
SIM3
SIM4
1
21
22
SIM5
SIM1
SIM2
SIM3
SIM4
1
21
22
SIM5
SIM1
SIM2
SIM3
SIM4
1
21
22
SIM5
SIM1
SIM2
SIM3
SIM4
1
21
22
SIM5
SIM1
SIM2
SIM3
SIM4
1
21
22
SIM5
SIM1
SIM2
SIM3
SIM4
1
21
22
SIM5
SIM1
SIM2
SIM3
SIM4
1
21
22
SIM5
SIM1
SIM2
SIM3
SIM4
1
21
22
SIM5
SIM1
SIM2
SIM3
SIM4
1
21
22
SIM5
SIM1
SIM2
SIM3
SIM4
1
21
22
SIM5
SIM1
SIM2
SIM3
SIM4
1
21
22
SIM5
SIM1
SIM2
SIM3
SIM4
1
21
22
SIM5
SIM1
SIM2
SIM3
SIM4
1
21
22
SIM5
SIM1
SIM2
SIM3
SIM4
1
21
22
SIM5
SIM1
SIM2
SIM3
SIM4
1
21
22
SIM5
SIM1
SIM2
SIM3
SIM4
1
21
22
SIM5
SIM1
SIM2
SIM3
SIM4
1
21
22
SIM5
SIM1
SIM2
SIM3
SIM4
1
21
22
SIM5
SIM1
SIM2
SIM3
SIM4
1
21
22
SIM5
SIM1
SIM2
SIM3
SIM4
1
21
22
SIM5
SIM1
SIM2
SIM3
SIM4
1
21
22
SIM5
SIM1
SIM2
SIM3
SIM4
1
21
22
SIM5
SIM1
SIM2
SIM3
SIM4
1
21
22
SIM5
SIM1
SIM2
SIM3
SIM4
1
21
22
SIM5
SIM1
SIM2
SIM3
SIM4
1
21
22
SIM5
SIM1
SIM2
SIM3
SIM4
1
21
22
SIM5
SIM1
SIM2
SIM3
SIM4
1
21
22
SIM5
SIM1
SIM2
SIM3
SIM4
1
21
22
SIM5
SIM1
SIM2
SIM3
SIM4
1
21
22
SIM5
SIM1
SIM2
SIM3
SIM4
1
21
22
SIM5
SIM1
SIM2
SIM3
SIM4
1
21
22
SIM5
SIM1
SIM2
SIM3
SIM4
1
21
22
SIM5
SIM1
SIM2
SIM3
SIM4
1
21
22
SIM5
SIM1
SIM2
SIM3
SIM4
1
21
22
SIM5
SIM1
SIM2
SIM3
SIM4
1
21
22
SIM5
SIM1
SIM2
SIM3
SIM4
1
21
22
SIM5
SIM1
SIM2
SIM3
SIM4
1
21
22
SIM5
SIM1
SIM2
SIM3
SIM4
1
21
22
SIM5
SIM1
SIM2
SIM3
SIM4
1
21
22
SIM5
SIM1
SIM2
SIM3
SIM4
1
21
22
SIM5
SIM1
SIM2
SIM3
SIM4
1
21
22
SIM5
SIM1
SIM2
SIM3
SIM4
1
21
22
SIM5
SIM1
SIM2
SIM3
SIM4
1
21
22
SIM5
SIM1
SIM2
SIM3
SIM4
1
21
22
SIM5
SIM1
SIM2
SIM3
SIM4
1
21
22
SIM5
SIM1
SIM2
SIM3
SIM4
1
21
22
SIM5
SIM1
SIM2
SIM3
SIM4
1
21
22
SIM5
SIM1
SIM2
SIM3
SIM4
1
21
22
SIM5
SIM1
SIM2
SIM3
SIM4
1
21
22
SIM5
SIM1
SIM2
SIM3
SIM4
1
21
22
SIM5
SIM1
SIM2
SIM3
SIM4
1
21
22
SIM5
SIM1
SIM2
SIM3
SIM4
1
21
22
SIM5
SIM1
SIM2
SIM3
SIM4
1
21
22
SIM5
SIM1
SIM2
SIM3
SIM4
1
21
22
SIM5
SIM1
SIM2
SIM3
SIM4
1
21
22
SIM5
SIM1
SIM2
SIM3
SIM4
1
21
22
SIM5
SIM1
SIM2
SIM3
SIM4
1
21
22
SIM5
SIM1
SIM2
SIM3
SIM4
1
21
22
SIM5
SIM1
SIM2
SIM3
SIM4
1
21
22
SIM5
SIM1
SIM2
SIM3
SIM4
1
21
22
SIM5
SIM1
SIM2
SIM3
SIM4
1
21
22
SIM5
SIM1
SIM2
SIM3
SIM4
1
21
22
SIM5
SIM1
SIM2
SIM3
SIM4
1
21
22
SIM5
SIM1
SIM2
SIM3
SIM4
1
21
22
SIM5
SIM1
SIM2
SIM3
SIM4
1
21
22
SIM5
SIM1
SIM2
SIM3
SIM4
1
21
22
SIM5
SIM1
SIM2
SIM3
SIM4
1
21
22
SIM5
SIM1
SIM2
SIM3
SIM4
1
21
22
SIM5
SIM1
SIM2
SIM3
SIM4
1
21
22
SIM5
SIM1
SIM2
SIM3
SIM4
1
21
22
SIM5
SIM1
SIM2
SIM3
SIM4
1
21
22
SIM5
SIM1
SIM2
SIM3
SIM4
1
21
22
SIM5
SIM1
SIM2
SIM3
SIM4
1
21
22
SIM5
SIM1
SIM2
SIM3
SIM4
1
21
22
SIM5
SIM1
SIM2
SIM3
SIM4
1
21
22
SIM5
SIM1
SIM2
SIM3
SIM4
1
21
22
SIM5
SIM1
SIM2
SIM3
SIM4
1
21
22
SIM5
SIM1
SIM2
SIM3
SIM4
1
21
22
SIM5
SIM1
SIM2
SIM3
SIM4
1
21
22
SIM5
SIM1
SIM2
SIM3
SIM4
1
21
22
SIM5
SIM1
SIM2
SIM3
SIM4
1
21
22
SIM5
SIM1
SIM2
SIM3
SIM4
1
21
22
SIM5
SIM1
SIM2
SIM3
SIM4
1
21
22
SIM5
SIM1
SIM2
SIM3
SIM4
1
21
22
SIM5
SIM1
SIM2
SIM3
SIM4
1
21
22
SIM5
SIM1
SIM2
SIM3
SIM4
1
21
22
SIM5
SIM1
SIM2
SIM3
SIM4
1
21
22
SIM5
SIM1
SIM2
SIM3
SIM4
1
21
22
SIM5
SIM1
SIM2
SIM3
SIM4
1
21
22
SIM5
SIM1
SIM2
SIM3
SIM4
1
21
22
SIM5
SIM1
SIM2
SIM3
SIM4
1
21
22
SIM5
SIM1
SIM2
SIM3
SIM4
1
21
22
SIM5
SIM1
SIM2
SIM3
SIM4
1
21
22
SIM5
SIM1
SIM2
SIM3
SIM4
1
21
22
SIM5
SIM1
SIM2
SIM3
SIM4
1
21
22
SIM5
SIM1
SIM2
SIM3
SIM4
1
21
22
SIM5
SIM1
SIM2
SIM3
SIM4
1
21
22
SIM5
SIM1
SIM2
SIM3
SIM4
1
21
22
SIM5
SIM1
SIM2
SIM3
SIM4
1
21
22
SIM5
SIM1
SIM2
SIM3
SIM4
1
21
22
SIM5
SIM1
SIM2
SIM3
SIM4
1
21
22
SIM5
SIM1
SIM2
SIM3
SIM4
1
21
22
SIM5
SIM1
SIM2
SIM3
SIM4
1
21
22
SIM5
SIM1
SIM2
SIM3
SIM4
1
21
22
SIM5
SIM1
SIM2
SIM3
SIM4
1
21
22
SIM5
SIM1
SIM2
SIM3
SIM4
1
21
22
SIM5
SIM1
SIM2
SIM3
SIM4
1
21
22
SIM5
SIM1
SIM2
SIM3
SIM4
1
21
22
SIM5
SIM1
SIM2
SIM3
SIM4
1
21
22
SIM5
SIM1
SIM2
SIM3
SIM4
1
21
22
SIM5
SIM1
SIM2
SIM3
SIM4
1
21
22
SIM5
SIM1
SIM2
SIM3
SIM4
1
21
22
SIM5
SIM1
SIM2
SIM3
SIM4
1
21
22
SIM5
SIM1
SIM2
SIM3
SIM4
1
21
22
SIM5
SIM1
SIM2
SIM3
SIM4
1
21
22
SIM5
SIM1
SIM2
SIM3
SIM4
1
21
22
SIM5
SIM1
SIM2
SIM3
SIM4
1
21
22
SIM5
SIM1
SIM2
SIM3
SIM4
1
21
22
SIM5
SIM1
SIM2
SIM3
SIM4
1
21
22
SIM5
SIM1
SIM2
SIM3
SIM4
1
21
22
SIM5
SIM1
SIM2
SIM3
SIM4
1
21
22
SIM5
SIM1
SIM2
SIM3
SIM4
1
21
22
SIM5
SIM1
SIM2
SIM3
SIM4
1
21
22
SIM5
SIM1
SIM2
SIM3
SIM4
1
21
22
SIM5
SIM1
SIM2
SIM3
SIM4
1
21
22
SIM5
SIM1
SIM2
SIM3
SIM4
1
21
22
SIM5
SIM1
SIM2
SIM3
SIM4
1
21
22
SIM5
SIM1
SIM2
SIM3
SIM4
1
21
22
SIM5
SIM1
SIM2
SIM3
SIM4
1
21
22
SIM5
SIM1
SIM2
SIM3
SIM4
1
21
22
SIM5
SIM1
SIM2
SIM3
SIM4
1
21
22
SIM5
SIM1
SIM2
SIM3
SIM4
1
21
22
SIM5
SIM1
SIM2
SIM3
SIM4
1
21
22
SIM5
SIM1
SIM2
SIM3
SIM4
1
21
22
SIM5
SIM1
SIM2
SIM3
SIM4
1
21
22
SIM5
SIM1
SIM2
SIM3
SIM4
1
21
22
SIM5
SIM1
SIM2
SIM3
SIM4
1
21
22
SIM5
SIM1
SIM2
SIM3
SIM4
1
21
22
SIM5
SIM1
SIM2
SIM3
SIM4
1
21
22
SIM5
SIM1
SIM2
SIM3
SIM4
1
21
22
SIM5
SIM1
SIM2
SIM3
SIM4
1
21
22
SIM5
SIM1
SIM2
SIM3
SIM4
1
21
22
SIM5
SIM1
SIM2
SIM3
SIM4
1
21
22
SIM5
SIM1
SIM2
SIM3
SIM4
1
21
22
SIM5
SIM1
SIM2
SIM3
SIM4
1
21
22
SIM5
SIM1
SIM2
SIM3
SIM4
1
21
22
SIM5
SIM1
SIM2
SIM3
SIM4
1
21
22
SIM5
SIM1
SIM2
SIM3
SIM4
1
21
22
SIM5
SIM1
SIM2
SIM3
SIM4
1
21
22
SIM5
SIM1
SIM2
SIM3
SIM4
1
21
22
SIM5
SIM1
SIM2
SIM3
SIM4
1
21
22
SIM5
SIM1
SIM2
SIM3
SIM4
1
21
22
SIM5
SIM1
SIM2
SIM3
SIM4
1
21
22
SIM5
SIM1
SIM2
SIM3
SIM4
1
21
22
SIM5
SIM1
SIM2
SIM3
SIM4
1
21
22
SIM5
SIM1
SIM2
SIM3
SIM4
1
21
22
SIM5
SIM1
SIM2
SIM3
SIM4
1
21
22
SIM5
SIM1
SIM2
SIM3
SIM4
1
21
22
SIM5
SIM1
SIM2
SIM3
SIM4
1
21
22
SIM5
SIM1
SIM2
SIM3
SIM4
1
21
22
SIM5
SIM1
SIM2
SIM3
SIM4
1
21
22
SIM5
SIM1
SIM2
SIM3
SIM4
1
21
22
SIM5
SIM1
SIM2
SIM3
SIM4
1
21
22
SIM5
SIM1
SIM2
SIM3
SIM4
1
21
22
SIM5
SIM1
SIM2
SIM3
SIM4
1
21
22
SIM5
SIM1
SIM2
SIM3
SIM4
1
21
22
SIM5
SIM1
SIM2
SIM3
SIM4
1
21
22
SIM5
SIM1
SIM2
SIM3
SIM4
1
21
22
SIM5
SIM1
SIM2
SIM3
SIM4
1
21
22
SIM5
SIM1
SIM2
SIM3
SIM4
1
21
22
SIM5
SIM1
SIM2
SIM3
SIM4
1
21
22
SIM5
SIM1
SIM2
SIM3
SIM4
1
21
22
SIM5
SIM1
SIM2
SIM3
SIM4
1
21
22
SIM5
SIM1
SIM2
SIM3
SIM4
1
21
22
SIM5
SIM1
SIM2
SIM3
SIM4
1
21
22
SIM5
SIM1
SIM2
SIM3
SIM4
1
21
22
SIM5
SIM1
SIM2
SIM3
SIM4
1
21
22
SIM5
SIM1
SIM2
DEBUG 1 220
SIM1
SIM2
SIM3
SIM4
1
21
22
SIM5
SIM1
SIM2
SIM3
SIM4
1
21
22
SIM5
SIM1
SIM2
SIM3
SIM4
1
21
22
SIM5
SIM1
SIM2
SIM3
SIM4
1
21
22
SIM5
SIM1
SIM2
SIM3
SIM4
1
21
22
SIM5
SIM1
SIM2
SIM3
SIM4
1
21
22
SIM5
SIM1
SIM2
SIM3
SIM4
1
21
22
SIM5
SIM1
SIM2
SIM3
SIM4
1
21
22
SIM5
SIM1
SIM2
SIM3
SIM4
1
21
22
SIM5
SIM1
SIM2
SIM3
SIM4
1
21
22
SIM5
SIM1
SIM2
SIM3
SIM4
1
21
22
SIM5
SIM1
SIM2
SIM3
SIM4
1
21
22
SIM5
SIM1
SIM2
SIM3
SIM4
1
21
22
SIM5
SIM1
SIM2
SIM3
SIM4
1
21
22
SIM5
SIM1
SIM2
SIM3
SIM4
1
21
22
SIM5
SIM1
SIM2
SIM3
SIM4
1
21
22
SIM5
SIM1
SIM2
SIM3
SIM4
1
21
22
SIM5
SIM1
SIM2
SIM3
SIM4
1
21
22
SIM5
SIM1
SIM2
SIM3
SIM4
1
21
22
SIM5
SIM1
SIM2
SIM3
SIM4
1
21
22
SIM5
SIM1
SIM2
SIM3
SIM4
1
21
22
SIM5
SIM1
SIM2
SIM3
SIM4
1
21
22
SIM5
SIM1
SIM2
SIM3
SIM4
1
21
22
SIM5
SIM1
SIM2
SIM3
SIM4
1
21
22
SIM5
SIM1
SIM2
SIM3
SIM4
1
21
22
SIM5
SIM1
SIM2
SIM3
SIM4
1
21
22
SIM5
SIM1
SIM2
SIM3
SIM4
1
21
22
SIM5
SIM1
SIM2
SIM3
SIM4
1
21
22
SIM5
SIM1
SIM2
SIM3
SIM4
1
21
22
SIM5
SIM1
SIM2
SIM3
SIM4
1
21
22
SIM5
SIM1
SIM2
SIM3
SIM4
1
21
22
SIM5
SIM1
SIM2
SIM3
SIM4
1
21
22
SIM5
SIM1
SIM2
SIM3
SIM4
1
21
22
SIM5
SIM1
SIM2
SIM3
SIM4
1
21
22
SIM5
SIM1
SIM2
SIM3
SIM4
1
21
22
SIM5
SIM1
SIM2
SIM3
SIM4
1
21
22
SIM5
SIM1
SIM2
SIM3
SIM4
1
21
22
SIM5
SIM1
SIM2
SIM3
SIM4
1
21
22
SIM5
SIM1
SIM2
SIM3
SIM4
1
21
22
SIM5
SIM1
SIM2
SIM3
SIM4
1
21
22
SIM5
SIM1
SIM2
SIM3
SIM4
1
21
22
SIM5
SIM1
SIM2
SIM3
SIM4
1
21
22
SIM5
SIM1
SIM2
SIM3
SIM4
1
21
22
SIM5
SIM1
SIM2
SIM3
SIM4
1
21
22
SIM5
SIM1
SIM2
SIM3
SIM4
1
21
22
SIM5
SIM1
SIM2
SIM3
SIM4
1
21
22
SIM5
SIM1
SIM2
SIM3
SIM4
1
21
22
SIM5
SIM1
SIM2
SIM3
SIM4
1
21
22
SIM5
SIM1
SIM2
SIM3
SIM4
1
21
22
SIM5
SIM1
SIM2
SIM3
SIM4
1
21
22
SIM5
SIM1
SIM2
SIM3
SIM4
1
21
22
SIM5
SIM1
SIM2
SIM3
SIM4
1
21
22
SIM5
SIM1
SIM2
SIM3
SIM4
1
21
22
SIM5
SIM1
SIM2
SIM3
SIM4
1
21
22
SIM5
SIM1
SIM2
SIM3
SIM4
1
21
22
SIM5
SIM1
SIM2
SIM3
SIM4
1
21
22
SIM5
SIM1
SIM2
SIM3
SIM4
1
21
22
SIM5
SIM1
SIM2
SIM3
SIM4
1
21
22
SIM5
SIM1
SIM2
SIM3
SIM4
1
21
22
SIM5
SIM1
SIM2
SIM3
SIM4
1
21
22
SIM5
SIM1
SIM2
SIM3
SIM4
1
21
22
SIM5
SIM1
SIM2
SIM3
SIM4
1
21
22
SIM5
SIM1
SIM2
SIM3
SIM4
1
21
22
SIM5
SIM1
SIM2
SIM3
SIM4
1
21
22
SIM5
SIM1
SIM2
SIM3
SIM4
1
21
22
SIM5
SIM1
SIM2
SIM3
SIM4
1
21
22
SIM5
SIM1
SIM2
SIM3
SIM4
1
21
22
SIM5
SIM1
SIM2
SIM3
SIM4
1
21
22
SIM5
SIM1
SIM2
SIM3
SIM4
1
21
22
SIM5
SIM1
SIM2
SIM3
SIM4
1
21
22
SIM5
SIM1
SIM2
SIM3
SIM4
1
21
22
SIM5
SIM1
SIM2
SIM3
SIM4
1
21
22
SIM5
SIM1
SIM2
SIM3
SIM4
1
21
22
SIM5
SIM1
SIM2
SIM3
SIM4
1
21
22
SIM5
SIM1
SIM2
SIM3
SIM4
1
21
22
SIM5
SIM1
SIM2
SIM3
SIM4
1
21
22
SIM5
SIM1
SIM2
SIM3
SIM4
1
21
22
SIM5
SIM1
SIM2
SIM3
SIM4
1
21
22
SIM5
SIM1
SIM2
SIM3
SIM4
1
21
22
SIM5
SIM1
SIM2
SIM3
SIM4
1
21
22
SIM5
SIM1
SIM2
SIM3
SIM4
1
21
22
SIM5
SIM1
SIM2
SIM3
SIM4
1
21
22
SIM5
SIM1
SIM2
SIM3
SIM4
1
21
22
SIM5
SIM1
SIM2
SIM3
SIM4
1
21
22
SIM5
SIM1
SIM2
SIM3
SIM4
1
21
22
SIM5
SIM1
SIM2
SIM3
SIM4
1
21
22
SIM5
SIM1
SIM2
SIM3
SIM4
1
21
22
SIM5
SIM1
SIM2
SIM3
SIM4
1
21
22
SIM5
SIM1
SIM2
SIM3
SIM4
1
21
22
SIM5
SIM1
SIM2
SIM3
SIM4
1
21
22
SIM5
SIM1
SIM2
SIM3
SIM4
1
21
22
SIM5
SIM1
SIM2
SIM3
SIM4
1
21
22
SIM5
SIM1
SIM2
SIM3
SIM4
1
21
22
SIM5
SIM1
SIM2
SIM3
SIM4
1
21
22
SIM5
SIM1
SIM2
SIM3
SIM4
1
21
22
SIM5
SIM1
SIM2
SIM3
SIM4
1
21
22
SIM5
SIM1
SIM2
SIM3
SIM4
1
21
22
SIM5
SIM1
SIM2
SIM3
SIM4
1
21
22
SIM5
SIM1
SIM2
SIM3
SIM4
1
21
22
SIM5
SIM1
SIM2
SIM3
SIM4
1
21
22
SIM5
SIM1
SIM2
SIM3
SIM4
1
21
22
SIM5
SIM1
SIM2
SIM3
SIM4
1
21
22
SIM5
SIM1
SIM2
SIM3
SIM4
1
21
22
SIM5
SIM1
SIM2
SIM3
SIM4
1
21
22
SIM5
SIM1
SIM2
SIM3
SIM4
1
21
22
SIM5
SIM1
SIM2
SIM3
SIM4
1
21
22
SIM5
SIM1
SIM2
SIM3
SIM4
1
21
22
SIM5
SIM1
SIM2
SIM3
SIM4
1
21
22
SIM5
SIM1
SIM2
SIM3
SIM4
1
21
22
SIM5
SIM1
SIM2
SIM3
SIM4
1
21
22
SIM5
SIM1
SIM2
SIM3
SIM4
1
21
22
SIM5
SIM1
SIM2
SIM3
SIM4
1
21
22
SIM5
SIM1
SIM2
SIM3
SIM4
1
21
22
SIM5
SIM1
SIM2
SIM3
SIM4
1
21
22
SIM5
SIM1
SIM2
SIM3
SIM4
1
21
22
SIM5
SIM1
SIM2
SIM3
SIM4
1
21
22
SIM5
SIM1
SIM2
SIM3
SIM4
1
21
22
SIM5
SIM1
SIM2
SIM3
SIM4
1
21
22
SIM5
SIM1
SIM2
SIM3
SIM4
1
21
22
SIM5
SIM1
SIM2
SIM3
SIM4
1
21
22
SIM5
SIM1
SIM2
SIM3
SIM4
1
21
22
SIM5
SIM1
SIM2
SIM3
SIM4
1
21
22
SIM5
SIM1
SIM2
SIM3
SIM4
1
21
22
SIM5
SIM1
SIM2
SIM3
SIM4
1
21
22
SIM5
SIM1
SIM2
SIM3
SIM4
1
21
22
SIM5
SIM1
SIM2
SIM3
SIM4
1
21
22
SIM5
SIM1
SIM2
SIM3
SIM4
1
21
22
SIM5
SIM1
SIM2
SIM3
SIM4
1
21
22
SIM5
SIM1
SIM2
SIM3
SIM4
1
21
22
SIM5
SIM1
SIM2
SIM3
SIM4
1
21
22
SIM5
SIM1
SIM2
SIM3
SIM4
1
21
22
SIM5
SIM1
SIM2
SIM3
SIM4
1
21
22
SIM5
SIM1
SIM2
SIM3
SIM4
1
21
22
SIM5
SIM1
SIM2
SIM3
SIM4
1
21
22
SIM5
SIM1
SIM2
SIM3
SIM4
1
21
22
SIM5
SIM1
SIM2
SIM3
SIM4
1
21
22
SIM5
SIM1
SIM2
SIM3
SIM4
1
21
22
SIM5
SIM1
SIM2
SIM3
SIM4
1
21
22
SIM5
SIM1
SIM2
SIM3
SIM4
1
21
22
SIM5
SIM1
SIM2
SIM3
SIM4
1
21
22
SIM5
SIM1
SIM2
SIM3
SIM4
1
21
22
SIM5
SIM1
SIM2
SIM3
SIM4
1
21
22
SIM5
SIM1
SIM2
SIM3
SIM4
1
21
22
SIM5
SIM1
SIM2
SIM3
SIM4
1
21
22
SIM5
SIM1
SIM2
SIM3
SIM4
1
21
22
SIM5
SIM1
SIM2
SIM3
SIM4
1
21
22
SIM5
SIM1
SIM2
SIM3
SIM4
1
21
22
SIM5
SIM1
SIM2
SIM3
SIM4
1
21
22
SIM5
SIM1
SIM2
SIM3
SIM4
1
21
22
SIM5
SIM1
SIM2
SIM3
SIM4
1
21
22
SIM5
SIM1
SIM2
SIM3
SIM4
1
21
22
SIM5
SIM1
SIM2
SIM3
SIM4
1
21
22
SIM5
SIM1
SIM2
SIM3
SIM4
1
21
22
SIM5
SIM1
SIM2
SIM3
SIM4
1
21
22
SIM5
SIM1
SIM2
SIM3
SIM4
1
21
22
SIM5
SIM1
SIM2
SIM3
SIM4
1
21
22
SIM5
SIM1
SIM2
SIM3
SIM4
1
21
22
SIM5
SIM1
SIM2
SIM3
SIM4
1
21
22
SIM5
SIM1
SIM2
SIM3
SIM4
1
21
22
SIM5
SIM1
SIM2
SIM3
SIM4
1
21
22
SIM5
SIM1
SIM2
SIM3
SIM4
1
21
22
SIM5
SIM1
SIM2
SIM3
SIM4
1
21
22
SIM5
SIM1
SIM2
SIM3
SIM4
1
21
22
SIM5
SIM1
SIM2
SIM3
SIM4
1
21
22
SIM5
SIM1
SIM2
SIM3
SIM4
1
21
22
SIM5
SIM1
SIM2
SIM3
SIM4
1
21
22
SIM5
SIM1
SIM2
SIM3
SIM4
1
21
22
SIM5
SIM1
SIM2
SIM3
SIM4
1
21
22
SIM5
SIM1
SIM2
SIM3
SIM4
1
21
22
SIM5
SIM1
SIM2
SIM3
SIM4
1
21
22
SIM5
SIM1
SIM2
SIM3
SIM4
1
21
22
SIM5
SIM1
SIM2
SIM3
SIM4
1
21
22
SIM5
SIM1
SIM2
SIM3
SIM4
1
21
22
SIM5
SIM1
SIM2
SIM3
SIM4
1
21
22
SIM5
SIM1
SIM2
SIM3
SIM4
1
21
22
SIM5
SIM1
SIM2
SIM3
SIM4
1
21
22
SIM5
SIM1
SIM2
SIM3
SIM4
1
21
22
SIM5
SIM1
SIM2
SIM3
SIM4
1
21
22
SIM5
SIM1
SIM2
SIM3
SIM4
1
21
22
SIM5
SIM1
SIM2
SIM3
SIM4
1
21
22
SIM5
SIM1
SIM2
SIM3
SIM4
1
21
22
SIM5
SIM1
SIM2
SIM3
SIM4
1
21
22
SIM5
SIM1
SIM2
SIM3
SIM4
1
21
22
SIM5
SIM1
SIM2
SIM3
SIM4
1
21
22
SIM5
SIM1
SIM2
SIM3
SIM4
1
21
22
SIM5
SIM1
SIM2
SIM3
SIM4
1
21
22
SIM5
SIM1
SIM2
SIM3
SIM4
1
21
22
SIM5
SIM1
SIM2
SIM3
SIM4
1
21
22
SIM5
SIM1
SIM2
SIM3
SIM4
1
21
22
SIM5
SIM1
SIM2
SIM3
SIM4
1
21
22
SIM5
SIM1
SIM2
DEBUG 1 221
SIM1
SIM2
SIM3
SIM4
1
21
22
SIM5
SIM1
SIM2
SIM3
SIM4
1
21
22
SIM5
SIM1
SIM2
SIM3
SIM4
1
21
22
SIM5
SIM1
SIM2
SIM3
SIM4
1
21
22
SIM5
SIM1
SIM2
SIM3
SIM4
1
21
22
SIM5
SIM1
SIM2
SIM3
SIM4
1
21
22
SIM5
SIM1
SIM2
SIM3
SIM4
1
21
22
SIM5
SIM1
SIM2
SIM3
SIM4
1
21
22
SIM5
SIM1
SIM2
SIM3
SIM4
1
21
22
SIM5
SIM1
SIM2
SIM3
SIM4
1
21
22
SIM5
SIM1
SIM2
SIM3
SIM4
1
21
22
SIM5
SIM1
SIM2
SIM3
SIM4
1
21
22
SIM5
SIM1
SIM2
SIM3
SIM4
1
21
22
SIM5
SIM1
SIM2
SIM3
SIM4
1
21
22
SIM5
SIM1
SIM2
SIM3
SIM4
1
21
22
SIM5
SIM1
SIM2
SIM3
SIM4
1
21
22
SIM5
SIM1
SIM2
SIM3
SIM4
1
21
22
SIM5
SIM1
SIM2
SIM3
SIM4
1
21
22
SIM5
SIM1
SIM2
SIM3
SIM4
1
21
22
SIM5
SIM1
SIM2
SIM3
SIM4
1
21
22
SIM5
SIM1
SIM2
SIM3
SIM4
1
21
22
SIM5
SIM1
SIM2
SIM3
SIM4
1
21
22
SIM5
SIM1
SIM2
SIM3
SIM4
1
21
22
SIM5
SIM1
SIM2
SIM3
SIM4
1
21
22
SIM5
SIM1
SIM2
SIM3
SIM4
1
21
22
SIM5
SIM1
SIM2
SIM3
SIM4
1
21
22
SIM5
SIM1
SIM2
SIM3
SIM4
1
21
22
SIM5
SIM1
SIM2
SIM3
SIM4
1
21
22
SIM5
SIM1
SIM2
SIM3
SIM4
1
21
22
SIM5
SIM1
SIM2
SIM3
SIM4
1
21
22
SIM5
SIM1
SIM2
SIM3
SIM4
1
21
22
SIM5
SIM1
SIM2
SIM3
SIM4
1
21
22
SIM5
SIM1
SIM2
SIM3
SIM4
1
21
22
SIM5
SIM1
SIM2
SIM3
SIM4
1
21
22
SIM5
SIM1
SIM2
SIM3
SIM4
1
21
22
SIM5
SIM1
SIM2
SIM3
SIM4
1
21
22
SIM5
SIM1
SIM2
SIM3
SIM4
1
21
22
SIM5
SIM1
SIM2
SIM3
SIM4
1
21
22
SIM5
SIM1
SIM2
SIM3
SIM4
1
21
22
SIM5
SIM1
SIM2
SIM3
SIM4
1
21
22
SIM5
SIM1
SIM2
SIM3
SIM4
1
21
22
SIM5
SIM1
SIM2
SIM3
SIM4
1
21
22
SIM5
SIM1
SIM2
SIM3
SIM4
1
21
22
SIM5
SIM1
SIM2
SIM3
SIM4
1
21
22
SIM5
SIM1
SIM2
SIM3
SIM4
1
21
22
SIM5
SIM1
SIM2
SIM3
SIM4
1
21
22
SIM5
SIM1
SIM2
SIM3
SIM4
1
21
22
SIM5
SIM1
SIM2
SIM3
SIM4
1
21
22
SIM5
SIM1
SIM2
SIM3
SIM4
1
21
22
SIM5
SIM1
SIM2
SIM3
SIM4
1
21
22
SIM5
SIM1
SIM2
SIM3
SIM4
1
21
22
SIM5
SIM1
SIM2
SIM3
SIM4
1
21
22
SIM5
SIM1
SIM2
SIM3
SIM4
1
21
22
SIM5
SIM1
SIM2
SIM3
SIM4
1
21
22
SIM5
SIM1
SIM2
SIM3
SIM4
1
21
22
SIM5
SIM1
SIM2
SIM3
SIM4
1
21
22
SIM5
SIM1
SIM2
SIM3
SIM4
1
21
22
SIM5
SIM1
SIM2
SIM3
SIM4
1
21
22
SIM5
SIM1
SIM2
SIM3
SIM4
1
21
22
SIM5
SIM1
SIM2
SIM3
SIM4
1
21
22
SIM5
SIM1
SIM2
SIM3
SIM4
1
21
22
SIM5
SIM1
SIM2
SIM3
SIM4
1
21
22
SIM5
SIM1
SIM2
SIM3
SIM4
1
21
22
SIM5
SIM1
SIM2
SIM3
SIM4
1
21
22
SIM5
SIM1
SIM2
SIM3
SIM4
1
21
22
SIM5
SIM1
SIM2
SIM3
SIM4
1
21
22
SIM5
SIM1
SIM2
SIM3
SIM4
1
21
22
SIM5
SIM1
SIM2
SIM3
SIM4
1
21
22
SIM5
SIM1
SIM2
SIM3
SIM4
1
21
22
SIM5
SIM1
SIM2
SIM3
SIM4
1
21
22
SIM5
SIM1
SIM2
SIM3
SIM4
1
21
22
SIM5
SIM1
SIM2
SIM3
SIM4
1
21
22
SIM5
SIM1
SIM2
SIM3
SIM4
1
21
22
SIM5
SIM1
SIM2
SIM3
SIM4
1
21
22
SIM5
SIM1
SIM2
SIM3
SIM4
1
21
22
SIM5
SIM1
SIM2
SIM3
SIM4
1
21
22
SIM5
SIM1
SIM2
SIM3
SIM4
1
21
22
SIM5
SIM1
SIM2
SIM3
SIM4
1
21
22
SIM5
SIM1
SIM2
SIM3
SIM4
1
21
22
SIM5
SIM1
SIM2
SIM3
SIM4
1
21
22
SIM5
SIM1
SIM2
SIM3
SIM4
1
21
22
SIM5
SIM1
SIM2
SIM3
SIM4
1
21
22
SIM5
SIM1
SIM2
SIM3
SIM4
1
21
22
SIM5
SIM1
SIM2
SIM3
SIM4
1
21
22
SIM5
SIM1
SIM2
SIM3
SIM4
1
21
22
SIM5
SIM1
SIM2
SIM3
SIM4
1
21
22
SIM5
SIM1
SIM2
SIM3
SIM4
1
21
22
SIM5
SIM1
SIM2
SIM3
SIM4
1
21
22
SIM5
SIM1
SIM2
SIM3
SIM4
1
21
22
SIM5
SIM1
SIM2
SIM3
SIM4
1
21
22
SIM5
SIM1
SIM2
SIM3
SIM4
1
21
22
SIM5
SIM1
SIM2
SIM3
SIM4
1
21
22
SIM5
SIM1
SIM2
SIM3
SIM4
1
21
22
SIM5
SIM1
SIM2
SIM3
SIM4
1
21
22
SIM5
SIM1
SIM2
SIM3
SIM4
1
21
22
SIM5
SIM1
SIM2
SIM3
SIM4
1
21
22
SIM5
SIM1
SIM2
SIM3
SIM4
1
21
22
SIM5
SIM1
SIM2
SIM3
SIM4
1
21
22
SIM5
SIM1
SIM2
SIM3
SIM4
1
21
22
SIM5
SIM1
SIM2
SIM3
SIM4
1
21
22
SIM5
SIM1
SIM2
SIM3
SIM4
1
21
22
SIM5
SIM1
SIM2
SIM3
SIM4
1
21
22
SIM5
SIM1
SIM2
SIM3
SIM4
1
21
22
SIM5
SIM1
SIM2
SIM3
SIM4
1
21
22
SIM5
SIM1
SIM2
SIM3
SIM4
1
21
22
SIM5
SIM1
SIM2
SIM3
SIM4
1
21
22
SIM5
SIM1
SIM2
SIM3
SIM4
1
21
22
SIM5
SIM1
SIM2
SIM3
SIM4
1
21
22
SIM5
SIM1
SIM2
SIM3
SIM4
1
21
22
SIM5
SIM1
SIM2
SIM3
SIM4
1
21
22
SIM5
SIM1
SIM2
SIM3
SIM4
1
21
22
SIM5
SIM1
SIM2
SIM3
SIM4
1
21
22
SIM5
SIM1
SIM2
SIM3
SIM4
1
21
22
SIM5
SIM1
SIM2
SIM3
SIM4
1
21
22
SIM5
SIM1
SIM2
SIM3
SIM4
1
21
22
SIM5
SIM1
SIM2
SIM3
SIM4
1
21
22
SIM5
SIM1
SIM2
SIM3
SIM4
1
21
22
SIM5
SIM1
SIM2
SIM3
SIM4
1
21
22
SIM5
SIM1
SIM2
SIM3
SIM4
1
21
22
SIM5
SIM1
SIM2
SIM3
SIM4
1
21
22
SIM5
SIM1
SIM2
SIM3
SIM4
1
21
22
SIM5
SIM1
SIM2
DEBUG 1 222
SIM1
SIM2
SIM3
SIM4
1
21
22
SIM5
SIM1
SIM2
SIM3
SIM4
1
21
22
SIM5
SIM1
SIM2
SIM3
SIM4
1
21
22
SIM5
SIM1
SIM2
SIM3
SIM4
1
21
22
SIM5
SIM1
SIM2
SIM3
SIM4
1
21
22
SIM5
SIM1
SIM2
SIM3
SIM4
1
21
22
SIM5
SIM1
SIM2
SIM3
SIM4
1
21
22
SIM5
SIM1
SIM2
SIM3
SIM4
1
21
22
SIM5
SIM1
SIM2
SIM3
SIM4
1
21
22
SIM5
SIM1
SIM2
SIM3
SIM4
1
21
22
SIM5
SIM1
SIM2
SIM3
SIM4
1
21
22
SIM5
SIM1
SIM2
SIM3
SIM4
1
21
22
SIM5
SIM1
SIM2
SIM3
SIM4
1
21
22
SIM5
SIM1
SIM2
SIM3
SIM4
1
21
22
SIM5
SIM1
SIM2
SIM3
SIM4
1
21
22
SIM5
SIM1
SIM2
SIM3
SIM4
1
21
22
SIM5
SIM1
SIM2
SIM3
SIM4
1
21
22
SIM5
SIM1
SIM2
SIM3
SIM4
1
21
22
SIM5
SIM1
SIM2
SIM3
SIM4
1
21
22
SIM5
SIM1
SIM2
SIM3
SIM4
1
21
22
SIM5
SIM1
SIM2
SIM3
SIM4
1
21
22
SIM5
SIM1
SIM2
SIM3
SIM4
1
21
22
SIM5
SIM1
SIM2
SIM3
SIM4
1
21
22
SIM5
SIM1
SIM2
SIM3
SIM4
1
21
22
SIM5
SIM1
SIM2
SIM3
SIM4
1
21
22
SIM5
SIM1
SIM2
SIM3
SIM4
1
21
22
SIM5
SIM1
SIM2
SIM3
SIM4
1
21
22
SIM5
SIM1
SIM2
SIM3
SIM4
1
21
22
SIM5
SIM1
SIM2
SIM3
SIM4
1
21
22
SIM5
SIM1
SIM2
SIM3
SIM4
1
21
22
SIM5
SIM1
SIM2
SIM3
SIM4
1
21
22
SIM5
SIM1
SIM2
SIM3
SIM4
1
21
22
SIM5
SIM1
SIM2
SIM3
SIM4
1
21
22
SIM5
SIM1
SIM2
SIM3
SIM4
1
21
22
SIM5
SIM1
SIM2
SIM3
SIM4
1
21
22
SIM5
SIM1
SIM2
SIM3
SIM4
1
21
22
SIM5
SIM1
SIM2
SIM3
SIM4
1
21
22
SIM5
SIM1
SIM2
SIM3
SIM4
1
21
22
SIM5
SIM1
SIM2
SIM3
SIM4
1
21
22
SIM5
SIM1
SIM2
SIM3
SIM4
1
21
22
SIM5
SIM1
SIM2
SIM3
SIM4
1
21
22
SIM5
SIM1
SIM2
SIM3
SIM4
1
21
22
SIM5
SIM1
SIM2
SIM3
SIM4
1
21
22
SIM5
SIM1
SIM2
SIM3
SIM4
1
21
22
SIM5
SIM1
SIM2
SIM3
SIM4
1
21
22
SIM5
SIM1
SIM2
SIM3
SIM4
1
21
22
SIM5
SIM1
SIM2
SIM3
SIM4
1
21
22
SIM5
SIM1
SIM2
SIM3
SIM4
1
21
22
SIM5
SIM1
SIM2
SIM3
SIM4
1
21
22
SIM5
SIM1
SIM2
SIM3
SIM4
1
21
22
SIM5
SIM1
SIM2
SIM3
SIM4
1
21
22
SIM5
SIM1
SIM2
SIM3
SIM4
1
21
22
SIM5
SIM1
SIM2
SIM3
SIM4
1
21
22
SIM5
SIM1
SIM2
SIM3
SIM4
1
21
22
SIM5
SIM1
SIM2
SIM3
SIM4
1
21
22
SIM5
SIM1
SIM2
SIM3
SIM4
1
21
22
SIM5
SIM1
SIM2
SIM3
SIM4
1
21
22
SIM5
SIM1
SIM2
SIM3
SIM4
1
21
22
SIM5
SIM1
SIM2
SIM3
SIM4
1
21
22
SIM5
SIM1
SIM2
SIM3
SIM4
1
21
22
SIM5
SIM1
SIM2
SIM3
SIM4
1
21
22
SIM5
SIM1
SIM2
SIM3
SIM4
1
21
22
SIM5
SIM1
SIM2
SIM3
SIM4
1
21
22
SIM5
SIM1
SIM2
SIM3
SIM4
1
21
22
SIM5
SIM1
SIM2
SIM3
SIM4
1
21
22
SIM5
SIM1
SIM2
SIM3
SIM4
1
21
22
SIM5
SIM1
SIM2
SIM3
SIM4
1
21
22
SIM5
SIM1
SIM2
SIM3
SIM4
1
21
22
SIM5
SIM1
SIM2
SIM3
SIM4
1
21
22
SIM5
SIM1
SIM2
SIM3
SIM4
1
21
22
SIM5
SIM1
SIM2
SIM3
SIM4
1
21
22
SIM5
SIM1
SIM2
SIM3
SIM4
1
21
22
SIM5
SIM1
SIM2
SIM3
SIM4
1
21
22
SIM5
SIM1
SIM2
SIM3
SIM4
1
21
22
SIM5
SIM1
SIM2
SIM3
SIM4
1
21
22
SIM5
SIM1
SIM2
SIM3
SIM4
1
21
22
SIM5
SIM1
SIM2
SIM3
SIM4
1
21
22
SIM5
SIM1
SIM2
SIM3
SIM4
1
21
22
SIM5
SIM1
SIM2
SIM3
SIM4
1
21
22
SIM5
SIM1
SIM2
SIM3
SIM4
1
21
22
SIM5
SIM1
SIM2
SIM3
SIM4
1
21
22
SIM5
SIM1
SIM2
SIM3
SIM4
1
21
22
SIM5
SIM1
SIM2
SIM3
SIM4
1
21
22
SIM5
SIM1
SIM2
SIM3
SIM4
1
21
22
SIM5
SIM1
SIM2
SIM3
SIM4
1
21
22
SIM5
SIM1
SIM2
SIM3
SIM4
1
21
22
SIM5
SIM1
SIM2
SIM3
SIM4
1
21
22
SIM5
SIM1
SIM2
SIM3
SIM4
1
21
22
SIM5
SIM1
SIM2
SIM3
SIM4
1
21
22
SIM5
SIM1
SIM2
SIM3
SIM4
1
21
22
SIM5
SIM1
SIM2
SIM3
SIM4
1
21
22
SIM5
SIM1
SIM2
SIM3
SIM4
1
21
22
SIM5
SIM1
SIM2
SIM3
SIM4
1
21
22
SIM5
SIM1
SIM2
SIM3
SIM4
1
21
22
SIM5
SIM1
SIM2
SIM3
SIM4
1
21
22
SIM5
SIM1
SIM2
SIM3
SIM4
1
21
22
SIM5
SIM1
SIM2
SIM3
SIM4
1
21
22
SIM5
SIM1
SIM2
SIM3
SIM4
1
21
22
SIM5
SIM1
SIM2
SIM3
SIM4
1
21
22
SIM5
SIM1
SIM2
SIM3
SIM4
1
21
22
SIM5
SIM1
SIM2
SIM3
SIM4
1
21
22
SIM5
SIM1
SIM2
SIM3
SIM4
1
21
22
SIM5
SIM1
SIM2
SIM3
SIM4
1
21
22
SIM5
SIM1
SIM2
SIM3
SIM4
1
21
22
SIM5
SIM1
SIM2
SIM3
SIM4
1
21
22
SIM5
SIM1
SIM2
SIM3
SIM4
1
21
22
SIM5
SIM1
SIM2
SIM3
SIM4
1
21
22
SIM5
SIM1
SIM2
SIM3
SIM4
1
21
22
SIM5
SIM1
SIM2
SIM3
SIM4
1
21
22
SIM5
SIM1
SIM2
SIM3
SIM4
1
21
22
SIM5
SIM1
SIM2
SIM3
SIM4
1
21
22
SIM5
SIM1
SIM2
SIM3
SIM4
1
21
22
SIM5
SIM1
SIM2
SIM3
SIM4
1
21
22
SIM5
SIM1
SIM2
SIM3
SIM4
1
21
22
SIM5
SIM1
SIM2
SIM3
SIM4
1
21
22
SIM5
SIM1
SIM2
SIM3
SIM4
1
21
22
SIM5
SIM1
SIM2
SIM3
SIM4
1
21
22
SIM5
SIM1
SIM2
SIM3
SIM4
1
21
22
SIM5
SIM1
SIM2
SIM3
SIM4
1
21
22
SIM5
SIM1
SIM2
SIM3
SIM4
1
21
22
SIM5
SIM1
SIM2
SIM3
SIM4
1
21
22
SIM5
SIM1
SIM2
SIM3
SIM4
1
21
22
SIM5
SIM1
SIM2
SIM3
SIM4
1
21
22
SIM5
SIM1
SIM2
SIM3
SIM4
1
21
22
SIM5
SIM1
SIM2
SIM3
SIM4
1
21
22
SIM5
SIM1
SIM2
SIM3
SIM4
1
21
22
SIM5
SIM1
SIM2
SIM3
SIM4
1
21
22
SIM5
SIM1
SIM2
SIM3
SIM4
1
21
22
SIM5
SIM1
SIM2
SIM3
SIM4
1
21
22
SIM5
SIM1
SIM2
SIM3
SIM4
1
21
22
SIM5
SIM1
SIM2
SIM3
SIM4
1
21
22
SIM5
SIM1
SIM2
SIM3
SIM4
1
21
22
SIM5
SIM1
SIM2
SIM3
SIM4
1
21
22
SIM5
SIM1
SIM2
SIM3
SIM4
1
21
22
SIM5
SIM1
SIM2
SIM3
SIM4
1
21
22
SIM5
SIM1
SIM2
SIM3
SIM4
1
21
22
SIM5
SIM1
SIM2
SIM3
SIM4
1
21
22
SIM5
SIM1
SIM2
SIM3
SIM4
1
21
22
SIM5
SIM1
SIM2
SIM3
SIM4
1
21
22
SIM5
SIM1
SIM2
SIM3
SIM4
1
21
22
SIM5
SIM1
SIM2
SIM3
SIM4
1
21
22
SIM5
SIM1
SIM2
SIM3
SIM4
1
21
22
SIM5
SIM1
SIM2
SIM3
SIM4
1
21
22
SIM5
SIM1
SIM2
SIM3
SIM4
1
21
22
SIM5
SIM1
SIM2
DEBUG 1 223
SIM1
SIM2
SIM3
SIM4
1
21
22
SIM5
SIM1
SIM2
SIM3
SIM4
1
21
22
SIM5
SIM1
SIM2
SIM3
SIM4
1
21
22
SIM5
SIM1
SIM2
SIM3
SIM4
1
21
22
SIM5
SIM1
SIM2
SIM3
SIM4
1
21
22
SIM5
SIM1
SIM2
SIM3
SIM4
1
21
22
SIM5
SIM1
SIM2
SIM3
SIM4
1
21
22
SIM5
SIM1
SIM2
SIM3
SIM4
1
21
22
SIM5
SIM1
SIM2
SIM3
SIM4
1
21
22
SIM5
SIM1
SIM2
SIM3
SIM4
1
21
22
SIM5
SIM1
SIM2
SIM3
SIM4
1
21
22
SIM5
SIM1
SIM2
SIM3
SIM4
1
21
22
SIM5
SIM1
SIM2
SIM3
SIM4
1
21
22
SIM5
SIM1
SIM2
SIM3
SIM4
1
21
22
SIM5
SIM1
SIM2
SIM3
SIM4
1
21
22
SIM5
SIM1
SIM2
SIM3
SIM4
1
21
22
SIM5
SIM1
SIM2
SIM3
SIM4
1
21
22
SIM5
SIM1
SIM2
SIM3
SIM4
1
21
22
SIM5
SIM1
SIM2
SIM3
SIM4
1
21
22
SIM5
SIM1
SIM2
SIM3
SIM4
1
21
22
SIM5
SIM1
SIM2
SIM3
SIM4
1
21
22
SIM5
SIM1
SIM2
SIM3
SIM4
1
21
22
SIM5
SIM1
SIM2
SIM3
SIM4
1
21
22
SIM5
SIM1
SIM2
SIM3
SIM4
1
21
22
SIM5
SIM1
SIM2
SIM3
SIM4
1
21
22
SIM5
SIM1
SIM2
SIM3
SIM4
1
21
22
SIM5
SIM1
SIM2
SIM3
SIM4
1
21
22
SIM5
SIM1
SIM2
SIM3
SIM4
1
21
22
SIM5
SIM1
SIM2
SIM3
SIM4
1
21
22
SIM5
SIM1
SIM2
SIM3
SIM4
1
21
22
SIM5
SIM1
SIM2
SIM3
SIM4
1
21
22
SIM5
SIM1
SIM2
SIM3
SIM4
1
21
22
SIM5
SIM1
SIM2
SIM3
SIM4
1
21
22
SIM5
SIM1
SIM2
SIM3
SIM4
1
21
22
SIM5
SIM1
SIM2
SIM3
SIM4
1
21
22
SIM5
SIM1
SIM2
SIM3
SIM4
1
21
22
SIM5
SIM1
SIM2
SIM3
SIM4
1
21
22
SIM5
SIM1
SIM2
SIM3
SIM4
1
21
22
SIM5
SIM1
SIM2
SIM3
SIM4
1
21
22
SIM5
SIM1
SIM2
SIM3
SIM4
1
21
22
SIM5
SIM1
SIM2
SIM3
SIM4
1
21
22
SIM5
SIM1
SIM2
SIM3
SIM4
1
21
22
SIM5
SIM1
SIM2
SIM3
SIM4
1
21
22
SIM5
SIM1
SIM2
SIM3
SIM4
1
21
22
SIM5
SIM1
SIM2
SIM3
SIM4
1
21
22
SIM5
SIM1
SIM2
SIM3
SIM4
1
21
22
SIM5
SIM1
SIM2
SIM3
SIM4
1
21
22
SIM5
SIM1
SIM2
SIM3
SIM4
1
21
22
SIM5
SIM1
SIM2
SIM3
SIM4
1
21
22
SIM5
SIM1
SIM2
SIM3
SIM4
1
21
22
SIM5
SIM1
SIM2
SIM3
SIM4
1
21
22
SIM5
SIM1
SIM2
SIM3
SIM4
1
21
22
SIM5
SIM1
SIM2
SIM3
SIM4
1
21
22
SIM5
SIM1
SIM2
SIM3
SIM4
1
21
22
SIM5
SIM1
SIM2
SIM3
SIM4
1
21
22
SIM5
SIM1
SIM2
SIM3
SIM4
1
21
22
SIM5
SIM1
SIM2
SIM3
SIM4
1
21
22
SIM5
SIM1
SIM2
SIM3
SIM4
1
21
22
SIM5
SIM1
SIM2
SIM3
SIM4
1
21
22
SIM5
SIM1
SIM2
SIM3
SIM4
1
21
22
SIM5
SIM1
SIM2
SIM3
SIM4
1
21
22
SIM5
SIM1
SIM2
SIM3
SIM4
1
21
22
SIM5
SIM1
SIM2
SIM3
SIM4
1
21
22
SIM5
SIM1
SIM2
SIM3
SIM4
1
21
22
SIM5
SIM1
SIM2
SIM3
SIM4
1
21
22
SIM5
SIM1
SIM2
SIM3
SIM4
1
21
22
SIM5
SIM1
SIM2
SIM3
SIM4
1
21
22
SIM5
SIM1
SIM2
SIM3
SIM4
1
21
22
SIM5
SIM1
SIM2
SIM3
SIM4
1
21
22
SIM5
SIM1
SIM2
SIM3
SIM4
1
21
22
SIM5
SIM1
SIM2
SIM3
SIM4
1
21
22
SIM5
SIM1
SIM2
SIM3
SIM4
1
21
22
SIM5
SIM1
SIM2
SIM3
SIM4
1
21
22
SIM5
SIM1
SIM2
SIM3
SIM4
1
21
22
SIM5
SIM1
SIM2
SIM3
SIM4
1
21
22
SIM5
SIM1
SIM2
SIM3
SIM4
1
21
22
SIM5
SIM1
SIM2
SIM3
SIM4
1
21
22
SIM5
SIM1
SIM2
SIM3
SIM4
1
21
22
SIM5
SIM1
SIM2
SIM3
SIM4
1
21
22
SIM5
SIM1
SIM2
SIM3
SIM4
1
21
22
SIM5
SIM1
SIM2
SIM3
SIM4
1
21
22
SIM5
SIM1
SIM2
SIM3
SIM4
1
21
22
SIM5
SIM1
SIM2
SIM3
SIM4
1
21
22
SIM5
SIM1
SIM2
SIM3
SIM4
1
21
22
SIM5
SIM1
SIM2
SIM3
SIM4
1
21
22
SIM5
SIM1
SIM2
SIM3
SIM4
1
21
22
SIM5
SIM1
SIM2
SIM3
SIM4
1
21
22
SIM5
SIM1
SIM2
SIM3
SIM4
1
21
22
SIM5
SIM1
SIM2
SIM3
SIM4
1
21
22
SIM5
SIM1
SIM2
SIM3
SIM4
1
21
22
SIM5
SIM1
SIM2
SIM3
SIM4
1
21
22
SIM5
SIM1
SIM2
SIM3
SIM4
1
21
22
SIM5
SIM1
SIM2
SIM3
SIM4
1
21
22
SIM5
SIM1
SIM2
SIM3
SIM4
1
21
22
SIM5
SIM1
SIM2
SIM3
SIM4
1
21
22
SIM5
SIM1
SIM2
SIM3
SIM4
1
21
22
SIM5
SIM1
SIM2
SIM3
SIM4
1
21
22
SIM5
SIM1
SIM2
SIM3
SIM4
1
21
22
SIM5
SIM1
SIM2
SIM3
SIM4
1
21
22
SIM5
SIM1
SIM2
SIM3
SIM4
1
21
22
SIM5
SIM1
SIM2
SIM3
SIM4
1
21
22
SIM5
SIM1
SIM2
SIM3
SIM4
1
21
22
SIM5
SIM1
SIM2
SIM3
SIM4
1
21
22
SIM5
SIM1
SIM2
SIM3
SIM4
1
21
22
SIM5
SIM1
SIM2
SIM3
SIM4
1
21
22
SIM5
SIM1
SIM2
SIM3
SIM4
1
21
22
SIM5
SIM1
SIM2
SIM3
SIM4
1
21
22
SIM5
SIM1
SIM2
SIM3
SIM4
1
21
22
SIM5
SIM1
SIM2
SIM3
SIM4
1
21
22
SIM5
SIM1
SIM2
SIM3
SIM4
1
21
22
SIM5
SIM1
SIM2
SIM3
SIM4
1
21
22
SIM5
SIM1
SIM2
SIM3
SIM4
1
21
22
SIM5
SIM1
SIM2
SIM3
SIM4
1
21
22
SIM5
SIM1
SIM2
SIM3
SIM4
1
21
22
SIM5
SIM1
SIM2
SIM3
SIM4
1
21
22
SIM5
SIM1
SIM2
SIM3
SIM4
1
21
22
SIM5
SIM1
SIM2
SIM3
SIM4
1
21
22
SIM5
SIM1
SIM2
SIM3
SIM4
1
21
22
SIM5
SIM1
SIM2
SIM3
SIM4
1
21
22
SIM5
SIM1
SIM2
SIM3
SIM4
1
21
22
SIM5
SIM1
SIM2
SIM3
SIM4
1
21
22
SIM5
SIM1
SIM2
SIM3
SIM4
1
21
22
SIM5
SIM1
SIM2
SIM3
SIM4
1
21
22
SIM5
SIM1
SIM2
SIM3
SIM4
1
21
22
SIM5
SIM1
SIM2
SIM3
SIM4
1
21
22
SIM5
SIM1
SIM2
SIM3
SIM4
1
21
22
SIM5
SIM1
SIM2
SIM3
SIM4
1
21
22
SIM5
SIM1
SIM2
SIM3
SIM4
1
21
22
SIM5
SIM1
SIM2
SIM3
SIM4
1
21
22
SIM5
SIM1
SIM2
SIM3
SIM4
1
21
22
SIM5
SIM1
SIM2
SIM3
SIM4
1
21
22
SIM5
SIM1
SIM2
SIM3
SIM4
1
21
22
SIM5
SIM1
SIM2
SIM3
SIM4
1
21
22
SIM5
SIM1
SIM2
SIM3
SIM4
1
21
22
SIM5
SIM1
SIM2
SIM3
SIM4
1
21
22
SIM5
SIM1
SIM2
SIM3
SIM4
1
21
22
SIM5
SIM1
SIM2
SIM3
SIM4
1
21
22
SIM5
SIM1
SIM2
SIM3
SIM4
1
21
22
SIM5
SIM1
SIM2
SIM3
SIM4
1
21
22
SIM5
SIM1
SIM2
SIM3
SIM4
1
21
22
SIM5
SIM1
SIM2
SIM3
SIM4
1
21
22
SIM5
SIM1
SIM2
SIM3
SIM4
1
21
22
SIM5
SIM1
SIM2
SIM3
SIM4
1
21
22
SIM5
SIM1
SIM2
SIM3
SIM4
1
21
22
SIM5
SIM1
SIM2
SIM3
SIM4
1
21
22
SIM5
SIM1
SIM2
SIM3
SIM4
1
21
22
SIM5
SIM1
SIM2
SIM3
SIM4
1
21
22
SIM5
SIM1
SIM2
SIM3
SIM4
1
21
22
SIM5
SIM1
SIM2
SIM3
SIM4
1
21
22
SIM5
SIM1
SIM2
SIM3
SIM4
1
21
22
SIM5
SIM1
SIM2
SIM3
SIM4
1
21
22
SIM5
SIM1
SIM2
SIM3
SIM4
1
21
22
SIM5
SIM1
SIM2
SIM3
SIM4
1
21
22
SIM5
SIM1
SIM2
SIM3
SIM4
1
21
22
SIM5
SIM1
SIM2
SIM3
SIM4
1
21
22
SIM5
SIM1
SIM2
SIM3
SIM4
1
21
22
SIM5
SIM1
SIM2
SIM3
SIM4
1
21
22
SIM5
SIM1
SIM2
SIM3
SIM4
1
21
22
SIM5
SIM1
SIM2
SIM3
SIM4
1
21
22
SIM5
SIM1
SIM2
SIM3
SIM4
1
21
22
SIM5
SIM1
SIM2
SIM3
SIM4
1
21
22
SIM5
SIM1
SIM2
SIM3
SIM4
1
21
22
SIM5
SIM1
SIM2
SIM3
SIM4
1
21
22
SIM5
SIM1
SIM2
SIM3
SIM4
1
21
22
SIM5
SIM1
SIM2
SIM3
SIM4
1
21
22
SIM5
SIM1
SIM2
SIM3
SIM4
1
21
22
SIM5
SIM1
SIM2
SIM3
SIM4
1
21
22
SIM5
SIM1
SIM2
SIM3
SIM4
1
21
22
SIM5
SIM1
SIM2
SIM3
SIM4
1
21
22
SIM5
SIM1
SIM2
SIM3
SIM4
1
21
22
SIM5
SIM1
SIM2
SIM3
SIM4
1
21
22
SIM5
SIM1
SIM2
SIM3
SIM4
1
21
22
SIM5
SIM1
SIM2
SIM3
SIM4
1
21
22
SIM5
SIM1
SIM2
SIM3
SIM4
1
21
22
SIM5
SIM1
SIM2
SIM3
SIM4
1
21
22
SIM5
SIM1
SIM2
SIM3
SIM4
1
21
22
SIM5
SIM1
SIM2
SIM3
SIM4
1
21
22
SIM5
SIM1
SIM2
SIM3
SIM4
1
21
22
SIM5
SIM1
SIM2
SIM3
SIM4
1
21
22
SIM5
SIM1
SIM2
SIM3
SIM4
1
21
22
SIM5
SIM1
SIM2
SIM3
SIM4
1
21
22
SIM5
SIM1
SIM2
SIM3
SIM4
1
21
22
SIM5
SIM1
SIM2
DEBUG 1 224
SIM1
SIM2
SIM3
SIM4
1
21
22
SIM5
SIM1
SIM2
SIM3
SIM4
1
21
22
SIM5
SIM1
SIM2
SIM3
SIM4
1
21
22
SIM5
SIM1
SIM2
SIM3
SIM4
1
21
22
SIM5
SIM1
SIM2
SIM3
SIM4
1
21
22
SIM5
SIM1
SIM2
SIM3
SIM4
1
21
22
SIM5
SIM1
SIM2
SIM3
SIM4
1
21
22
SIM5
SIM1
SIM2
SIM3
SIM4
1
21
22
SIM5
SIM1
SIM2
SIM3
SIM4
1
21
22
SIM5
SIM1
SIM2
SIM3
SIM4
1
21
22
SIM5
SIM1
SIM2
SIM3
SIM4
1
21
22
SIM5
SIM1
SIM2
SIM3
SIM4
1
21
22
SIM5
SIM1
SIM2
SIM3
SIM4
1
21
22
SIM5
SIM1
SIM2
SIM3
SIM4
1
21
22
SIM5
SIM1
SIM2
SIM3
SIM4
1
21
22
SIM5
SIM1
SIM2
SIM3
SIM4
1
21
22
SIM5
SIM1
SIM2
SIM3
SIM4
1
21
22
SIM5
SIM1
SIM2
SIM3
SIM4
1
21
22
SIM5
SIM1
SIM2
SIM3
SIM4
1
21
22
SIM5
SIM1
SIM2
SIM3
SIM4
1
21
22
SIM5
SIM1
SIM2
SIM3
SIM4
1
21
22
SIM5
SIM1
SIM2
SIM3
SIM4
1
21
22
SIM5
SIM1
SIM2
SIM3
SIM4
1
21
22
SIM5
SIM1
SIM2
SIM3
SIM4
1
21
22
SIM5
SIM1
SIM2
SIM3
SIM4
1
21
22
SIM5
SIM1
SIM2
SIM3
SIM4
1
21
22
SIM5
SIM1
SIM2
SIM3
SIM4
1
21
22
SIM5
SIM1
SIM2
SIM3
SIM4
1
21
22
SIM5
SIM1
SIM2
SIM3
SIM4
1
21
22
SIM5
SIM1
SIM2
SIM3
SIM4
1
21
22
SIM5
SIM1
SIM2
SIM3
SIM4
1
21
22
SIM5
SIM1
SIM2
SIM3
SIM4
1
21
22
SIM5
SIM1
SIM2
SIM3
SIM4
1
21
22
SIM5
SIM1
SIM2
SIM3
SIM4
1
21
22
SIM5
SIM1
SIM2
SIM3
SIM4
1
21
22
SIM5
SIM1
SIM2
SIM3
SIM4
1
21
22
SIM5
SIM1
SIM2
SIM3
SIM4
1
21
22
SIM5
SIM1
SIM2
SIM3
SIM4
1
21
22
SIM5
SIM1
SIM2
SIM3
SIM4
1
21
22
SIM5
SIM1
SIM2
SIM3
SIM4
1
21
22
SIM5
SIM1
SIM2
SIM3
SIM4
1
21
22
SIM5
SIM1
SIM2
SIM3
SIM4
1
21
22
SIM5
SIM1
SIM2
SIM3
SIM4
1
21
22
SIM5
SIM1
SIM2
SIM3
SIM4
1
21
22
SIM5
SIM1
SIM2
SIM3
SIM4
1
21
22
SIM5
SIM1
SIM2
SIM3
SIM4
1
21
22
SIM5
SIM1
SIM2
SIM3
SIM4
1
21
22
SIM5
SIM1
SIM2
SIM3
SIM4
1
21
22
SIM5
SIM1
SIM2
SIM3
SIM4
1
21
22
SIM5
SIM1
SIM2
SIM3
SIM4
1
21
22
SIM5
SIM1
SIM2
SIM3
SIM4
1
21
22
SIM5
SIM1
SIM2
SIM3
SIM4
1
21
22
SIM5
SIM1
SIM2
SIM3
SIM4
1
21
22
SIM5
SIM1
SIM2
SIM3
SIM4
1
21
22
SIM5
SIM1
SIM2
SIM3
SIM4
1
21
22
SIM5
SIM1
SIM2
SIM3
SIM4
1
21
22
SIM5
SIM1
SIM2
SIM3
SIM4
1
21
22
SIM5
SIM1
SIM2
SIM3
SIM4
1
21
22
SIM5
SIM1
SIM2
SIM3
SIM4
1
21
22
SIM5
SIM1
SIM2
SIM3
SIM4
1
21
22
SIM5
SIM1
SIM2
SIM3
SIM4
1
21
22
SIM5
SIM1
SIM2
SIM3
SIM4
1
21
22
SIM5
SIM1
SIM2
SIM3
SIM4
1
21
22
SIM5
SIM1
SIM2
SIM3
SIM4
1
21
22
SIM5
SIM1
SIM2
SIM3
SIM4
1
21
22
SIM5
SIM1
SIM2
SIM3
SIM4
1
21
22
SIM5
SIM1
SIM2
SIM3
SIM4
1
21
22
SIM5
SIM1
SIM2
SIM3
SIM4
1
21
22
SIM5
SIM1
SIM2
SIM3
SIM4
1
21
22
SIM5
SIM1
SIM2
SIM3
SIM4
1
21
22
SIM5
SIM1
SIM2
SIM3
SIM4
1
21
22
SIM5
SIM1
SIM2
SIM3
SIM4
1
21
22
SIM5
SIM1
SIM2
SIM3
SIM4
1
21
22
SIM5
SIM1
SIM2
SIM3
SIM4
1
21
22
SIM5
SIM1
SIM2
SIM3
SIM4
1
21
22
SIM5
SIM1
SIM2
SIM3
SIM4
1
21
22
SIM5
SIM1
SIM2
SIM3
SIM4
1
21
22
SIM5
SIM1
SIM2
SIM3
SIM4
1
21
22
SIM5
SIM1
SIM2
SIM3
SIM4
1
21
22
SIM5
SIM1
SIM2
SIM3
SIM4
1
21
22
SIM5
SIM1
SIM2
SIM3
SIM4
1
21
22
SIM5
SIM1
SIM2
SIM3
SIM4
1
21
22
SIM5
SIM1
SIM2
SIM3
SIM4
1
21
22
SIM5
SIM1
SIM2
SIM3
SIM4
1
21
22
SIM5
SIM1
SIM2
SIM3
SIM4
1
21
22
SIM5
SIM1
SIM2
SIM3
SIM4
1
21
22
SIM5
SIM1
SIM2
SIM3
SIM4
1
21
22
SIM5
SIM1
SIM2
SIM3
SIM4
1
21
22
SIM5
SIM1
SIM2
SIM3
SIM4
1
21
22
SIM5
SIM1
SIM2
SIM3
SIM4
1
21
22
SIM5
SIM1
SIM2
SIM3
SIM4
1
21
22
SIM5
SIM1
SIM2
SIM3
SIM4
1
21
22
SIM5
SIM1
SIM2
SIM3
SIM4
1
21
22
SIM5
SIM1
SIM2
SIM3
SIM4
1
21
22
SIM5
SIM1
SIM2
SIM3
SIM4
1
21
22
SIM5
SIM1
SIM2
SIM3
SIM4
1
21
22
SIM5
SIM1
SIM2
SIM3
SIM4
1
21
22
SIM5
SIM1
SIM2
SIM3
SIM4
1
21
22
SIM5
SIM1
SIM2
SIM3
SIM4
1
21
22
SIM5
SIM1
SIM2
SIM3
SIM4
1
21
22
SIM5
SIM1
SIM2
SIM3
SIM4
1
21
22
SIM5
SIM1
SIM2
SIM3
SIM4
1
21
22
SIM5
SIM1
SIM2
SIM3
SIM4
1
21
22
SIM5
SIM1
SIM2
SIM3
SIM4
1
21
22
SIM5
SIM1
SIM2
SIM3
SIM4
1
21
22
SIM5
SIM1
SIM2
SIM3
SIM4
1
21
22
SIM5
SIM1
SIM2
SIM3
SIM4
1
21
22
SIM5
SIM1
SIM2
SIM3
SIM4
1
21
22
SIM5
SIM1
SIM2
SIM3
SIM4
1
21
22
SIM5
SIM1
SIM2
SIM3
SIM4
1
21
22
SIM5
SIM1
SIM2
SIM3
SIM4
1
21
22
SIM5
SIM1
SIM2
SIM3
SIM4
1
21
22
SIM5
SIM1
SIM2
SIM3
SIM4
1
21
22
SIM5
SIM1
SIM2
SIM3
SIM4
1
21
22
SIM5
SIM1
SIM2
SIM3
SIM4
1
21
22
SIM5
SIM1
SIM2
SIM3
SIM4
1
21
22
SIM5
SIM1
SIM2
SIM3
SIM4
1
21
22
SIM5
SIM1
SIM2
SIM3
SIM4
1
21
22
SIM5
SIM1
SIM2
SIM3
SIM4
1
21
22
SIM5
SIM1
SIM2
SIM3
SIM4
1
21
22
SIM5
SIM1
SIM2
SIM3
SIM4
1
21
22
SIM5
SIM1
SIM2
SIM3
SIM4
1
21
22
SIM5
SIM1
SIM2
SIM3
SIM4
1
21
22
SIM5
SIM1
SIM2
SIM3
SIM4
1
21
22
SIM5
SIM1
SIM2
SIM3
SIM4
1
21
22
SIM5
SIM1
SIM2
SIM3
SIM4
1
21
22
SIM5
SIM1
SIM2
SIM3
SIM4
1
21
22
SIM5
SIM1
SIM2
SIM3
SIM4
1
21
22
SIM5
SIM1
SIM2
SIM3
SIM4
1
21
22
SIM5
SIM1
SIM2
SIM3
SIM4
1
21
22
SIM5
SIM1
SIM2
SIM3
SIM4
1
21
22
SIM5
SIM1
SIM2
SIM3
SIM4
1
21
22
SIM5
SIM1
SIM2
SIM3
SIM4
1
21
22
SIM5
SIM1
SIM2
SIM3
SIM4
1
21
22
SIM5
SIM1
SIM2
SIM3
SIM4
1
21
22
SIM5
SIM1
SIM2
SIM3
SIM4
1
21
22
SIM5
SIM1
SIM2
SIM3
SIM4
1
21
22
SIM5
SIM1
SIM2
SIM3
SIM4
1
21
22
SIM5
SIM1
SIM2
SIM3
SIM4
1
21
22
SIM5
SIM1
SIM2
SIM3
SIM4
1
21
22
SIM5
SIM1
SIM2
SIM3
SIM4
1
21
22
SIM5
SIM1
SIM2
SIM3
SIM4
1
21
22
SIM5
SIM1
SIM2
SIM3
SIM4
1
21
22
SIM5
SIM1
SIM2
SIM3
SIM4
1
21
22
SIM5
SIM1
SIM2
SIM3
SIM4
1
21
22
SIM5
SIM1
SIM2
SIM3
SIM4
1
21
22
SIM5
SIM1
SIM2
SIM3
SIM4
1
21
22
SIM5
SIM1
SIM2
SIM3
SIM4
1
21
22
SIM5
SIM1
SIM2
SIM3
SIM4
1
21
22
SIM5
SIM1
SIM2
SIM3
SIM4
1
21
22
SIM5
SIM1
SIM2
SIM3
SIM4
1
21
22
SIM5
SIM1
SIM2
SIM3
SIM4
1
21
22
SIM5
SIM1
SIM2
SIM3
SIM4
1
21
22
SIM5
SIM1
SIM2
SIM3
SIM4
1
21
22
SIM5
SIM1
SIM2
SIM3
SIM4
1
21
22
SIM5
SIM1
SIM2
SIM3
SIM4
1
21
22
SIM5
SIM1
SIM2
SIM3
SIM4
1
21
22
SIM5
SIM1
SIM2
SIM3
SIM4
1
21
22
SIM5
SIM1
SIM2
SIM3
SIM4
1
21
22
SIM5
SIM1
SIM2
SIM3
SIM4
1
21
22
SIM5
SIM1
SIM2
SIM3
SIM4
1
21
22
SIM5
SIM1
SIM2
SIM3
SIM4
1
21
22
SIM5
SIM1
SIM2
SIM3
SIM4
1
21
22
SIM5
SIM1
SIM2
SIM3
SIM4
1
21
22
SIM5
SIM1
SIM2
SIM3
SIM4
1
21
22
SIM5
SIM1
SIM2
SIM3
SIM4
1
21
22
SIM5
SIM1
SIM2
SIM3
SIM4
1
21
22
SIM5
SIM1
SIM2
SIM3
SIM4
1
21
22
SIM5
SIM1
SIM2
SIM3
SIM4
1
21
22
SIM5
SIM1
SIM2
SIM3
SIM4
1
21
22
SIM5
SIM1
SIM2
SIM3
SIM4
1
21
22
SIM5
SIM1
SIM2
SIM3
SIM4
1
21
22
SIM5
SIM1
SIM2
SIM3
SIM4
1
21
22
SIM5
SIM1
SIM2
SIM3
SIM4
1
21
22
SIM5
SIM1
SIM2
SIM3
SIM4
1
21
22
SIM5
SIM1
SIM2
SIM3
SIM4
1
21
22
SIM5
SIM1
SIM2
SIM3
SIM4
1
21
22
SIM5
SIM1
SIM2
SIM3
SIM4
1
21
22
SIM5
SIM1
SIM2
SIM3
SIM4
1
21
22
SIM5
SIM1
SIM2
SIM3
SIM4
1
21
22
SIM5
SIM1
SIM2
SIM3
SIM4
1
21
22
SIM5
SIM1
SIM2
SIM3
SIM4
1
21
22
SIM5
SIM1
SIM2
SIM3
SIM4
1
21
22
SIM5
SIM1
SIM2
SIM3
SIM4
1
21
22
SIM5
SIM1
SIM2
SIM3
SIM4
1
21
22
SIM5
SIM1
SIM2
SIM3
SIM4
1
21
22
SIM5
SIM1
SIM2
SIM3
SIM4
1
21
22
SIM5
SIM1
SIM2
SIM3
SIM4
1
21
22
SIM5
SIM1
SIM2
SIM3
SIM4
1
21
22
SIM5
SIM1
SIM2
SIM3
SIM4
1
21
22
SIM5
SIM1
SIM2
SIM3
SIM4
1
21
22
SIM5
SIM1
SIM2
SIM3
SIM4
1
21
22
SIM5
SIM1
SIM2
SIM3
SIM4
1
21
22
SIM5
SIM1
SIM2
SIM3
SIM4
1
21
22
SIM5
SIM1
SIM2
SIM3
SIM4
1
21
22
SIM5
SIM1
SIM2
SIM3
SIM4
1
21
22
SIM5
SIM1
SIM2
SIM3
SIM4
1
21
22
SIM5
SIM1
SIM2
SIM3
SIM4
1
21
22
SIM5
SIM1
SIM2
SIM3
SIM4
1
21
22
SIM5
SIM1
SIM2
SIM3
SIM4
1
21
22
SIM5
SIM1
SIM2
SIM3
SIM4
1
21
22
SIM5
SIM1
SIM2
SIM3
SIM4
1
21
22
SIM5
SIM1
SIM2
SIM3
SIM4
1
21
22
SIM5
SIM1
SIM2
SIM3
SIM4
1
21
22
SIM5
SIM1
SIM2
SIM3
SIM4
1
21
22
SIM5
SIM1
SIM2
SIM3
SIM4
1
21
22
SIM5
SIM1
SIM2
SIM3
SIM4
1
21
22
SIM5
SIM1
SIM2
SIM3
SIM4
1
21
22
SIM5
SIM1
SIM2
SIM3
SIM4
1
21
22
SIM5
SIM1
SIM2
SIM3
SIM4
1
21
22
SIM5
SIM1
SIM2
SIM3
SIM4
1
21
22
SIM5
SIM1
SIM2
SIM3
SIM4
1
21
22
SIM5
SIM1
SIM2
SIM3
SIM4
1
21
22
SIM5
SIM1
SIM2
SIM3
SIM4
1
21
22
SIM5
SIM1
SIM2
SIM3
SIM4
1
21
22
SIM5
SIM1
SIM2
SIM3
SIM4
1
21
22
SIM5
SIM1
SIM2
SIM3
SIM4
1
21
22
SIM5
SIM1
SIM2
SIM3
SIM4
1
21
22
SIM5
SIM1
SIM2
SIM3
SIM4
1
21
22
SIM5
SIM1
SIM2
SIM3
SIM4
1
21
22
SIM5
SIM1
SIM2
SIM3
SIM4
1
21
22
SIM5
SIM1
SIM2
SIM3
SIM4
1
21
22
SIM5
SIM1
SIM2
SIM3
SIM4
1
21
22
SIM5
SIM1
SIM2
SIM3
SIM4
1
21
22
SIM5
SIM1
SIM2
SIM3
SIM4
1
21
22
SIM5
SIM1
SIM2
SIM3
SIM4
1
21
22
SIM5
SIM1
SIM2
SIM3
SIM4
1
21
22
SIM5
SIM1
SIM2
SIM3
SIM4
1
21
22
SIM5
SIM1
SIM2
SIM3
SIM4
1
21
22
SIM5
SIM1
SIM2
SIM3
SIM4
1
21
22
SIM5
SIM1
SIM2
SIM3
SIM4
1
21
22
SIM5
SIM1
SIM2
SIM3
SIM4
1
21
22
SIM5
SIM1
SIM2
SIM3
SIM4
1
21
22
SIM5
SIM1
SIM2
SIM3
SIM4
1
21
22
SIM5
SIM1
SIM2
SIM3
SIM4
1
21
22
SIM5
SIM1
SIM2
SIM3
SIM4
1
21
22
SIM5
SIM1
SIM2
SIM3
SIM4
1
21
22
SIM5
SIM1
SIM2
SIM3
SIM4
1
21
22
SIM5
SIM1
SIM2
SIM3
SIM4
1
21
22
SIM5
SIM1
SIM2
SIM3
SIM4
1
21
22
SIM5
SIM1
SIM2
SIM3
SIM4
1
21
22
SIM5
SIM1
SIM2
SIM3
SIM4
1
21
22
SIM5
SIM1
SIM2
SIM3
SIM4
1
21
22
SIM5
SIM1
SIM2
SIM3
SIM4
1
21
22
SIM5
SIM1
SIM2
SIM3
SIM4
1
21
22
SIM5
SIM1
SIM2
SIM3
SIM4
1
21
22
SIM5
SIM1
SIM2
SIM3
SIM4
1
21
22
SIM5
SIM1
SIM2
SIM3
SIM4
1
21
22
SIM5
SIM1
SIM2
SIM3
SIM4
1
21
22
SIM5
SIM1
SIM2
SIM3
SIM4
1
21
22
SIM5
SIM1
SIM2
SIM3
SIM4
1
21
22
SIM5
SIM1
SIM2
SIM3
SIM4
1
21
22
SIM5
SIM1
SIM2
SIM3
SIM4
1
21
22
SIM5
SIM1
SIM2
SIM3
SIM4
1
21
22
SIM5
SIM1
SIM2
SIM3
SIM4
1
21
22
SIM5
SIM1
SIM2
SIM3
SIM4
1
21
22
SIM5
SIM1
SIM2
SIM3
SIM4
1
21
22
SIM5
SIM1
SIM2
SIM3
SIM4
1
21
22
SIM5
SIM1
SIM2
SIM3
SIM4
1
21
22
SIM5
SIM1
SIM2
SIM3
SIM4
1
21
22
SIM5
SIM1
SIM2
SIM3
SIM4
1
21
22
SIM5
SIM1
SIM2
SIM3
SIM4
1
21
22
SIM5
SIM1
SIM2
SIM3
SIM4
1
21
22
SIM5
SIM1
SIM2
SIM3
SIM4
1
21
22
SIM5
SIM1
SIM2
SIM3
SIM4
1
21
22
SIM5
SIM1
SIM2
SIM3
SIM4
1
21
22
SIM5
SIM1
SIM2
SIM3
SIM4
1
21
22
SIM5
SIM1
SIM2
SIM3
SIM4
1
21
22
SIM5
SIM1
SIM2
SIM3
SIM4
1
21
22
SIM5
SIM1
SIM2
SIM3
SIM4
1
21
22
SIM5
SIM1
SIM2
SIM3
SIM4
1
21
22
SIM5
SIM1
SIM2
SIM3
SIM4
1
21
22
SIM5
SIM1
SIM2
SIM3
SIM4
1
21
22
SIM5
SIM1
SIM2
SIM3
SIM4
1
21
22
SIM5
SIM1
SIM2
SIM3
SIM4
1
21
22
SIM5
SIM1
SIM2
SIM3
SIM4
1
21
22
SIM5
SIM1
SIM2
SIM3
SIM4
1
21
22
SIM5
SIM1
SIM2
SIM3
SIM4
1
21
22
SIM5
SIM1
SIM2
DEBUG 1 225
SIM1
SIM2
SIM3
SIM4
1
21
22
SIM5
SIM1
SIM2
SIM3
SIM4
1
21
22
SIM5
SIM1
SIM2
SIM3
SIM4
1
21
22
SIM5
SIM1
SIM2
SIM3
SIM4
1
21
22
SIM5
SIM1
SIM2
SIM3
SIM4
1
21
22
SIM5
SIM1
SIM2
SIM3
SIM4
1
21
22
SIM5
SIM1
SIM2
SIM3
SIM4
1
21
22
SIM5
SIM1
SIM2
SIM3
SIM4
1
21
22
SIM5
SIM1
SIM2
SIM3
SIM4
1
21
22
SIM5
SIM1
SIM2
SIM3
SIM4
1
21
22
SIM5
SIM1
SIM2
SIM3
SIM4
1
21
22
SIM5
SIM1
SIM2
SIM3
SIM4
1
21
22
SIM5
SIM1
SIM2
SIM3
SIM4
1
21
22
SIM5
SIM1
SIM2
SIM3
SIM4
1
21
22
SIM5
SIM1
SIM2
SIM3
SIM4
1
21
22
SIM5
SIM1
SIM2
SIM3
SIM4
1
21
22
SIM5
SIM1
SIM2
SIM3
SIM4
1
21
22
SIM5
SIM1
SIM2
SIM3
SIM4
1
21
22
SIM5
SIM1
SIM2
SIM3
SIM4
1
21
22
SIM5
SIM1
SIM2
SIM3
SIM4
1
21
22
SIM5
SIM1
SIM2
SIM3
SIM4
1
21
22
SIM5
SIM1
SIM2
SIM3
SIM4
1
21
22
SIM5
SIM1
SIM2
SIM3
SIM4
1
21
22
SIM5
SIM1
SIM2
SIM3
SIM4
1
21
22
SIM5
SIM1
SIM2
SIM3
SIM4
1
21
22
SIM5
SIM1
SIM2
SIM3
SIM4
1
21
22
SIM5
SIM1
SIM2
SIM3
SIM4
1
21
22
SIM5
SIM1
SIM2
SIM3
SIM4
1
21
22
SIM5
SIM1
SIM2
SIM3
SIM4
1
21
22
SIM5
SIM1
SIM2
SIM3
SIM4
1
21
22
SIM5
SIM1
SIM2
SIM3
SIM4
1
21
22
SIM5
SIM1
SIM2
SIM3
SIM4
1
21
22
SIM5
SIM1
SIM2
SIM3
SIM4
1
21
22
SIM5
SIM1
SIM2
SIM3
SIM4
1
21
22
SIM5
SIM1
SIM2
SIM3
SIM4
1
21
22
SIM5
SIM1
SIM2
SIM3
SIM4
1
21
22
SIM5
SIM1
SIM2
SIM3
SIM4
1
21
22
SIM5
SIM1
SIM2
SIM3
SIM4
1
21
22
SIM5
SIM1
SIM2
SIM3
SIM4
1
21
22
SIM5
SIM1
SIM2
SIM3
SIM4
1
21
22
SIM5
SIM1
SIM2
SIM3
SIM4
1
21
22
SIM5
SIM1
SIM2
SIM3
SIM4
1
21
22
SIM5
SIM1
SIM2
SIM3
SIM4
1
21
22
SIM5
SIM1
SIM2
SIM3
SIM4
1
21
22
SIM5
SIM1
SIM2
SIM3
SIM4
1
21
22
SIM5
SIM1
SIM2
SIM3
SIM4
1
21
22
SIM5
SIM1
SIM2
SIM3
SIM4
1
21
22
SIM5
SIM1
SIM2
SIM3
SIM4
1
21
22
SIM5
SIM1
SIM2
SIM3
SIM4
1
21
22
SIM5
SIM1
SIM2
SIM3
SIM4
1
21
22
SIM5
SIM1
SIM2
SIM3
SIM4
1
21
22
SIM5
SIM1
SIM2
SIM3
SIM4
1
21
22
SIM5
SIM1
SIM2
SIM3
SIM4
1
21
22
SIM5
SIM1
SIM2
SIM3
SIM4
1
21
22
SIM5
SIM1
SIM2
SIM3
SIM4
1
21
22
SIM5
SIM1
SIM2
SIM3
SIM4
1
21
22
SIM5
SIM1
SIM2
SIM3
SIM4
1
21
22
SIM5
SIM1
SIM2
SIM3
SIM4
1
21
22
SIM5
SIM1
SIM2
SIM3
SIM4
1
21
22
SIM5
SIM1
SIM2
SIM3
SIM4
1
21
22
SIM5
SIM1
SIM2
SIM3
SIM4
1
21
22
SIM5
SIM1
SIM2
SIM3
SIM4
1
21
22
SIM5
SIM1
SIM2
SIM3
SIM4
1
21
22
SIM5
SIM1
SIM2
SIM3
SIM4
1
21
22
SIM5
SIM1
SIM2
SIM3
SIM4
1
21
22
SIM5
SIM1
SIM2
SIM3
SIM4
1
21
22
SIM5
SIM1
SIM2
SIM3
SIM4
1
21
22
SIM5
SIM1
SIM2
SIM3
SIM4
1
21
22
SIM5
SIM1
SIM2
SIM3
SIM4
1
21
22
SIM5
SIM1
SIM2
SIM3
SIM4
1
21
22
SIM5
SIM1
SIM2
SIM3
SIM4
1
21
22
SIM5
SIM1
SIM2
SIM3
SIM4
1
21
22
SIM5
SIM1
SIM2
SIM3
SIM4
1
21
22
SIM5
SIM1
SIM2
SIM3
SIM4
1
21
22
SIM5
SIM1
SIM2
SIM3
SIM4
1
21
22
SIM5
SIM1
SIM2
SIM3
SIM4
1
21
22
SIM5
SIM1
SIM2
SIM3
SIM4
1
21
22
SIM5
SIM1
SIM2
SIM3
SIM4
1
21
22
SIM5
SIM1
SIM2
SIM3
SIM4
1
21
22
SIM5
SIM1
SIM2
SIM3
SIM4
1
21
22
SIM5
SIM1
SIM2
SIM3
SIM4
1
21
22
SIM5
SIM1
SIM2
SIM3
SIM4
1
21
22
SIM5
SIM1
SIM2
SIM3
SIM4
1
21
22
SIM5
SIM1
SIM2
SIM3
SIM4
1
21
22
SIM5
SIM1
SIM2
SIM3
SIM4
1
21
22
SIM5
SIM1
SIM2
SIM3
SIM4
1
21
22
SIM5
SIM1
SIM2
SIM3
SIM4
1
21
22
SIM5
SIM1
SIM2
SIM3
SIM4
1
21
22
SIM5
SIM1
SIM2
SIM3
SIM4
1
21
22
SIM5
SIM1
SIM2
SIM3
SIM4
1
21
22
SIM5
SIM1
SIM2
SIM3
SIM4
1
21
22
SIM5
SIM1
SIM2
SIM3
SIM4
1
21
22
SIM5
SIM1
SIM2
SIM3
SIM4
1
21
22
SIM5
SIM1
SIM2
SIM3
SIM4
1
21
22
SIM5
SIM1
SIM2
SIM3
SIM4
1
21
22
SIM5
SIM1
SIM2
SIM3
SIM4
1
21
22
SIM5
SIM1
SIM2
SIM3
SIM4
1
21
22
SIM5
SIM1
SIM2
SIM3
SIM4
1
21
22
SIM5
SIM1
SIM2
SIM3
SIM4
1
21
22
SIM5
SIM1
SIM2
SIM3
SIM4
1
21
22
SIM5
SIM1
SIM2
SIM3
SIM4
1
21
22
SIM5
SIM1
SIM2
SIM3
SIM4
1
21
22
SIM5
SIM1
SIM2
SIM3
SIM4
1
21
22
SIM5
SIM1
SIM2
SIM3
SIM4
1
21
22
SIM5
SIM1
SIM2
SIM3
SIM4
1
21
22
SIM5
SIM1
SIM2
SIM3
SIM4
1
21
22
SIM5
SIM1
SIM2
SIM3
SIM4
1
21
22
SIM5
SIM1
SIM2
SIM3
SIM4
1
21
22
SIM5
SIM1
SIM2
SIM3
SIM4
1
21
22
SIM5
SIM1
SIM2
SIM3
SIM4
1
21
22
SIM5
SIM1
SIM2
SIM3
SIM4
1
21
22
SIM5
SIM1
SIM2
SIM3
SIM4
1
21
22
SIM5
SIM1
SIM2
SIM3
SIM4
1
21
22
SIM5
SIM1
SIM2
SIM3
SIM4
1
21
22
SIM5
SIM1
SIM2
SIM3
SIM4
1
21
22
SIM5
SIM1
SIM2
SIM3
SIM4
1
21
22
SIM5
SIM1
SIM2
SIM3
SIM4
1
21
22
SIM5
SIM1
SIM2
SIM3
SIM4
1
21
22
SIM5
SIM1
SIM2
SIM3
SIM4
1
21
22
SIM5
SIM1
SIM2
SIM3
SIM4
1
21
22
SIM5
SIM1
SIM2
SIM3
SIM4
1
21
22
SIM5
SIM1
SIM2
SIM3
SIM4
1
21
22
SIM5
SIM1
SIM2
SIM3
SIM4
1
21
22
SIM5
SIM1
SIM2
SIM3
SIM4
1
21
22
SIM5
SIM1
SIM2
SIM3
SIM4
1
21
22
SIM5
SIM1
SIM2
SIM3
SIM4
1
21
22
SIM5
SIM1
SIM2
SIM3
SIM4
1
21
22
SIM5
SIM1
SIM2
SIM3
SIM4
1
21
22
SIM5
SIM1
SIM2
SIM3
SIM4
1
21
22
SIM5
SIM1
SIM2
SIM3
SIM4
1
21
22
SIM5
SIM1
SIM2
SIM3
SIM4
1
21
22
SIM5
SIM1
SIM2
SIM3
SIM4
1
21
22
SIM5
SIM1
SIM2
SIM3
SIM4
1
21
22
SIM5
SIM1
SIM2
SIM3
SIM4
1
21
22
SIM5
SIM1
SIM2
SIM3
SIM4
1
21
22
SIM5
SIM1
SIM2
SIM3
SIM4
1
21
22
SIM5
SIM1
SIM2
SIM3
SIM4
1
21
22
SIM5
SIM1
SIM2
SIM3
SIM4
1
21
22
SIM5
SIM1
SIM2
SIM3
SIM4
1
21
22
SIM5
SIM1
SIM2
SIM3
SIM4
1
21
22
SIM5
SIM1
SIM2
SIM3
SIM4
1
21
22
SIM5
SIM1
SIM2
SIM3
SIM4
1
21
22
SIM5
SIM1
SIM2
SIM3
SIM4
1
21
22
SIM5
SIM1
SIM2
SIM3
SIM4
1
21
22
SIM5
SIM1
SIM2
SIM3
SIM4
1
21
22
SIM5
SIM1
SIM2
SIM3
SIM4
1
21
22
SIM5
SIM1
SIM2
SIM3
SIM4
1
21
22
SIM5
SIM1
SIM2
SIM3
SIM4
1
21
22
SIM5
SIM1
SIM2
SIM3
SIM4
1
21
22
SIM5
SIM1
SIM2
SIM3
SIM4
1
21
22
SIM5
SIM1
SIM2
SIM3
SIM4
1
21
22
SIM5
SIM1
SIM2
DEBUG 1 226
SIM1
SIM2
SIM3
SIM4
1
21
22
SIM5
SIM1
SIM2
SIM3
SIM4
1
21
22
SIM5
SIM1
SIM2
SIM3
SIM4
1
21
22
SIM5
SIM1
SIM2
SIM3
SIM4
1
21
22
SIM5
SIM1
SIM2
SIM3
SIM4
1
21
22
SIM5
SIM1
SIM2
SIM3
SIM4
1
21
22
SIM5
SIM1
SIM2
SIM3
SIM4
1
21
22
SIM5
SIM1
SIM2
SIM3
SIM4
1
21
22
SIM5
SIM1
SIM2
SIM3
SIM4
1
21
22
SIM5
SIM1
SIM2
SIM3
SIM4
1
21
22
SIM5
SIM1
SIM2
SIM3
SIM4
1
21
22
SIM5
SIM1
SIM2
SIM3
SIM4
1
21
22
SIM5
SIM1
SIM2
SIM3
SIM4
1
21
22
SIM5
SIM1
SIM2
SIM3
SIM4
1
21
22
SIM5
SIM1
SIM2
SIM3
SIM4
1
21
22
SIM5
SIM1
SIM2
SIM3
SIM4
1
21
22
SIM5
SIM1
SIM2
SIM3
SIM4
1
21
22
SIM5
SIM1
SIM2
SIM3
SIM4
1
21
22
SIM5
SIM1
SIM2
SIM3
SIM4
1
21
22
SIM5
SIM1
SIM2
SIM3
SIM4
1
21
22
SIM5
SIM1
SIM2
SIM3
SIM4
1
21
22
SIM5
SIM1
SIM2
SIM3
SIM4
1
21
22
SIM5
SIM1
SIM2
SIM3
SIM4
1
21
22
SIM5
SIM1
SIM2
SIM3
SIM4
1
21
22
SIM5
SIM1
SIM2
SIM3
SIM4
1
21
22
SIM5
SIM1
SIM2
SIM3
SIM4
1
21
22
SIM5
SIM1
SIM2
SIM3
SIM4
1
21
22
SIM5
SIM1
SIM2
SIM3
SIM4
1
21
22
SIM5
SIM1
SIM2
SIM3
SIM4
1
21
22
SIM5
SIM1
SIM2
SIM3
SIM4
1
21
22
SIM5
SIM1
SIM2
SIM3
SIM4
1
21
22
SIM5
SIM1
SIM2
SIM3
SIM4
1
21
22
SIM5
SIM1
SIM2
SIM3
SIM4
1
21
22
SIM5
SIM1
SIM2
SIM3
SIM4
1
21
22
SIM5
SIM1
SIM2
SIM3
SIM4
1
21
22
SIM5
SIM1
SIM2
SIM3
SIM4
1
21
22
SIM5
SIM1
SIM2
SIM3
SIM4
1
21
22
SIM5
SIM1
SIM2
SIM3
SIM4
1
21
22
SIM5
SIM1
SIM2
SIM3
SIM4
1
21
22
SIM5
SIM1
SIM2
SIM3
SIM4
1
21
22
SIM5
SIM1
SIM2
SIM3
SIM4
1
21
22
SIM5
SIM1
SIM2
SIM3
SIM4
1
21
22
SIM5
SIM1
SIM2
SIM3
SIM4
1
21
22
SIM5
SIM1
SIM2
SIM3
SIM4
1
21
22
SIM5
SIM1
SIM2
SIM3
SIM4
1
21
22
SIM5
SIM1
SIM2
SIM3
SIM4
1
21
22
SIM5
SIM1
SIM2
SIM3
SIM4
1
21
22
SIM5
SIM1
SIM2
SIM3
SIM4
1
21
22
SIM5
SIM1
SIM2
SIM3
SIM4
1
21
22
SIM5
SIM1
SIM2
SIM3
SIM4
1
21
22
SIM5
SIM1
SIM2
SIM3
SIM4
1
21
22
SIM5
SIM1
SIM2
SIM3
SIM4
1
21
22
SIM5
SIM1
SIM2
SIM3
SIM4
1
21
22
SIM5
SIM1
SIM2
SIM3
SIM4
1
21
22
SIM5
SIM1
SIM2
SIM3
SIM4
1
21
22
SIM5
SIM1
SIM2
SIM3
SIM4
1
21
22
SIM5
SIM1
SIM2
SIM3
SIM4
1
21
22
SIM5
SIM1
SIM2
SIM3
SIM4
1
21
22
SIM5
SIM1
SIM2
SIM3
SIM4
1
21
22
SIM5
SIM1
SIM2
SIM3
SIM4
1
21
22
SIM5
SIM1
SIM2
SIM3
SIM4
1
21
22
SIM5
SIM1
SIM2
SIM3
SIM4
1
21
22
SIM5
SIM1
SIM2
SIM3
SIM4
1
21
22
SIM5
SIM1
SIM2
SIM3
SIM4
1
21
22
SIM5
SIM1
SIM2
SIM3
SIM4
1
21
22
SIM5
SIM1
SIM2
SIM3
SIM4
1
21
22
SIM5
SIM1
SIM2
SIM3
SIM4
1
21
22
SIM5
SIM1
SIM2
SIM3
SIM4
1
21
22
SIM5
SIM1
SIM2
SIM3
SIM4
1
21
22
SIM5
SIM1
SIM2
SIM3
SIM4
1
21
22
SIM5
SIM1
SIM2
SIM3
SIM4
1
21
22
SIM5
SIM1
SIM2
SIM3
SIM4
1
21
22
SIM5
SIM1
SIM2
SIM3
SIM4
1
21
22
SIM5
SIM1
SIM2
SIM3
SIM4
1
21
22
SIM5
SIM1
SIM2
SIM3
SIM4
1
21
22
SIM5
SIM1
SIM2
SIM3
SIM4
1
21
22
SIM5
SIM1
SIM2
SIM3
SIM4
1
21
22
SIM5
SIM1
SIM2
SIM3
SIM4
1
21
22
SIM5
SIM1
SIM2
SIM3
SIM4
1
21
22
SIM5
SIM1
SIM2
SIM3
SIM4
1
21
22
SIM5
SIM1
SIM2
SIM3
SIM4
1
21
22
SIM5
SIM1
SIM2
SIM3
SIM4
1
21
22
SIM5
SIM1
SIM2
SIM3
SIM4
1
21
22
SIM5
SIM1
SIM2
SIM3
SIM4
1
21
22
SIM5
SIM1
SIM2
SIM3
SIM4
1
21
22
SIM5
SIM1
SIM2
SIM3
SIM4
1
21
22
SIM5
SIM1
SIM2
SIM3
SIM4
1
21
22
SIM5
SIM1
SIM2
SIM3
SIM4
1
21
22
SIM5
SIM1
SIM2
SIM3
SIM4
1
21
22
SIM5
SIM1
SIM2
SIM3
SIM4
1
21
22
SIM5
SIM1
SIM2
SIM3
SIM4
1
21
22
SIM5
SIM1
SIM2
SIM3
SIM4
1
21
22
SIM5
SIM1
SIM2
SIM3
SIM4
1
21
22
SIM5
SIM1
SIM2
SIM3
SIM4
1
21
22
SIM5
SIM1
SIM2
SIM3
SIM4
1
21
22
SIM5
SIM1
SIM2
SIM3
SIM4
1
21
22
SIM5
SIM1
SIM2
SIM3
SIM4
1
21
22
SIM5
SIM1
SIM2
SIM3
SIM4
1
21
22
SIM5
SIM1
SIM2
SIM3
SIM4
1
21
22
SIM5
SIM1
SIM2
SIM3
SIM4
1
21
22
SIM5
SIM1
SIM2
SIM3
SIM4
1
21
22
SIM5
SIM1
SIM2
SIM3
SIM4
1
21
22
SIM5
SIM1
SIM2
SIM3
SIM4
1
21
22
SIM5
SIM1
SIM2
SIM3
SIM4
1
21
22
SIM5
SIM1
SIM2
SIM3
SIM4
1
21
22
SIM5
SIM1
SIM2
SIM3
SIM4
1
21
22
SIM5
SIM1
SIM2
SIM3
SIM4
1
21
22
SIM5
SIM1
SIM2
SIM3
SIM4
1
21
22
SIM5
SIM1
SIM2
SIM3
SIM4
1
21
22
SIM5
SIM1
SIM2
SIM3
SIM4
1
21
22
SIM5
SIM1
SIM2
SIM3
SIM4
1
21
22
SIM5
SIM1
SIM2
SIM3
SIM4
1
21
22
SIM5
SIM1
SIM2
SIM3
SIM4
1
21
22
SIM5
SIM1
SIM2
SIM3
SIM4
1
21
22
SIM5
SIM1
SIM2
SIM3
SIM4
1
21
22
SIM5
SIM1
SIM2
SIM3
SIM4
1
21
22
SIM5
SIM1
SIM2
SIM3
SIM4
1
21
22
SIM5
SIM1
SIM2
SIM3
SIM4
1
21
22
SIM5
SIM1
SIM2
SIM3
SIM4
1
21
22
SIM5
SIM1
SIM2
SIM3
SIM4
1
21
22
SIM5
SIM1
SIM2
SIM3
SIM4
1
21
22
SIM5
SIM1
SIM2
SIM3
SIM4
1
21
22
SIM5
SIM1
SIM2
SIM3
SIM4
1
21
22
SIM5
SIM1
SIM2
SIM3
SIM4
1
21
22
SIM5
SIM1
SIM2
SIM3
SIM4
1
21
22
SIM5
SIM1
SIM2
SIM3
SIM4
1
21
22
SIM5
SIM1
SIM2
SIM3
SIM4
1
21
22
SIM5
SIM1
SIM2
SIM3
SIM4
1
21
22
SIM5
SIM1
SIM2
SIM3
SIM4
1
21
22
SIM5
SIM1
SIM2
SIM3
SIM4
1
21
22
SIM5
SIM1
SIM2
SIM3
SIM4
1
21
22
SIM5
SIM1
SIM2
SIM3
SIM4
1
21
22
SIM5
SIM1
SIM2
SIM3
SIM4
1
21
22
SIM5
SIM1
SIM2
SIM3
SIM4
1
21
22
SIM5
SIM1
SIM2
SIM3
SIM4
1
21
22
SIM5
SIM1
SIM2
SIM3
SIM4
1
21
22
SIM5
SIM1
SIM2
SIM3
SIM4
1
21
22
SIM5
SIM1
SIM2
SIM3
SIM4
1
21
22
SIM5
SIM1
SIM2
SIM3
SIM4
1
21
22
SIM5
SIM1
SIM2
SIM3
SIM4
1
21
22
SIM5
SIM1
SIM2
SIM3
SIM4
1
21
22
SIM5
SIM1
SIM2
SIM3
SIM4
1
21
22
SIM5
SIM1
SIM2
SIM3
SIM4
1
21
22
SIM5
SIM1
SIM2
SIM3
SIM4
1
21
22
SIM5
SIM1
SIM2
SIM3
SIM4
1
21
22
SIM5
SIM1
SIM2
SIM3
SIM4
1
21
22
SIM5
SIM1
SIM2
SIM3
SIM4
1
21
22
SIM5
SIM1
SIM2
SIM3
SIM4
1
21
22
SIM5
SIM1
SIM2
SIM3
SIM4
1
21
22
SIM5
SIM1
SIM2
SIM3
SIM4
1
21
22
SIM5
SIM1
SIM2
SIM3
SIM4
1
21
22
SIM5
SIM1
SIM2
SIM3
SIM4
1
21
22
SIM5
SIM1
SIM2
SIM3
SIM4
1
21
22
SIM5
SIM1
SIM2
SIM3
SIM4
1
21
22
SIM5
SIM1
SIM2
SIM3
SIM4
1
21
22
SIM5
SIM1
SIM2
SIM3
SIM4
1
21
22
SIM5
SIM1
SIM2
SIM3
SIM4
1
21
22
SIM5
SIM1
SIM2
SIM3
SIM4
1
21
22
SIM5
SIM1
SIM2
SIM3
SIM4
1
21
22
SIM5
SIM1
SIM2
DEBUG 1 227
SIM1
SIM2
SIM3
SIM4
1
21
22
SIM5
SIM1
SIM2
SIM3
SIM4
1
21
22
SIM5
SIM1
SIM2
SIM3
SIM4
1
21
22
SIM5
SIM1
SIM2
SIM3
SIM4
1
21
22
SIM5
SIM1
SIM2
SIM3
SIM4
1
21
22
SIM5
SIM1
SIM2
SIM3
SIM4
1
21
22
SIM5
SIM1
SIM2
SIM3
SIM4
1
21
22
SIM5
SIM1
SIM2
SIM3
SIM4
1
21
22
SIM5
SIM1
SIM2
SIM3
SIM4
1
21
22
SIM5
SIM1
SIM2
SIM3
SIM4
1
21
22
SIM5
SIM1
SIM2
SIM3
SIM4
1
21
22
SIM5
SIM1
SIM2
SIM3
SIM4
1
21
22
SIM5
SIM1
SIM2
SIM3
SIM4
1
21
22
SIM5
SIM1
SIM2
SIM3
SIM4
1
21
22
SIM5
SIM1
SIM2
SIM3
SIM4
1
21
22
SIM5
SIM1
SIM2
SIM3
SIM4
1
21
22
SIM5
SIM1
SIM2
SIM3
SIM4
1
21
22
SIM5
SIM1
SIM2
SIM3
SIM4
1
21
22
SIM5
SIM1
SIM2
SIM3
SIM4
1
21
22
SIM5
SIM1
SIM2
SIM3
SIM4
1
21
22
SIM5
SIM1
SIM2
SIM3
SIM4
1
21
22
SIM5
SIM1
SIM2
SIM3
SIM4
1
21
22
SIM5
SIM1
SIM2
SIM3
SIM4
1
21
22
SIM5
SIM1
SIM2
SIM3
SIM4
1
21
22
SIM5
SIM1
SIM2
SIM3
SIM4
1
21
22
SIM5
SIM1
SIM2
SIM3
SIM4
1
21
22
SIM5
SIM1
SIM2
SIM3
SIM4
1
21
22
SIM5
SIM1
SIM2
SIM3
SIM4
1
21
22
SIM5
SIM1
SIM2
SIM3
SIM4
1
21
22
SIM5
SIM1
SIM2
SIM3
SIM4
1
21
22
SIM5
SIM1
SIM2
SIM3
SIM4
1
21
22
SIM5
SIM1
SIM2
SIM3
SIM4
1
21
22
SIM5
SIM1
SIM2
SIM3
SIM4
1
21
22
SIM5
SIM1
SIM2
SIM3
SIM4
1
21
22
SIM5
SIM1
SIM2
SIM3
SIM4
1
21
22
SIM5
SIM1
SIM2
SIM3
SIM4
1
21
22
SIM5
SIM1
SIM2
SIM3
SIM4
1
21
22
SIM5
SIM1
SIM2
SIM3
SIM4
1
21
22
SIM5
SIM1
SIM2
SIM3
SIM4
1
21
22
SIM5
SIM1
SIM2
SIM3
SIM4
1
21
22
SIM5
SIM1
SIM2
SIM3
SIM4
1
21
22
SIM5
SIM1
SIM2
SIM3
SIM4
1
21
22
SIM5
SIM1
SIM2
SIM3
SIM4
1
21
22
SIM5
SIM1
SIM2
SIM3
SIM4
1
21
22
SIM5
SIM1
SIM2
SIM3
SIM4
1
21
22
SIM5
SIM1
SIM2
SIM3
SIM4
1
21
22
SIM5
SIM1
SIM2
SIM3
SIM4
1
21
22
SIM5
SIM1
SIM2
SIM3
SIM4
1
21
22
SIM5
SIM1
SIM2
SIM3
SIM4
1
21
22
SIM5
SIM1
SIM2
SIM3
SIM4
1
21
22
SIM5
SIM1
SIM2
SIM3
SIM4
1
21
22
SIM5
SIM1
SIM2
SIM3
SIM4
1
21
22
SIM5
SIM1
SIM2
SIM3
SIM4
1
21
22
SIM5
SIM1
SIM2
SIM3
SIM4
1
21
22
SIM5
SIM1
SIM2
SIM3
SIM4
1
21
22
SIM5
SIM1
SIM2
SIM3
SIM4
1
21
22
SIM5
SIM1
SIM2
SIM3
SIM4
1
21
22
SIM5
SIM1
SIM2
SIM3
SIM4
1
21
22
SIM5
SIM1
SIM2
SIM3
SIM4
1
21
22
SIM5
SIM1
SIM2
SIM3
SIM4
1
21
22
SIM5
SIM1
SIM2
SIM3
SIM4
1
21
22
SIM5
SIM1
SIM2
SIM3
SIM4
1
21
22
SIM5
SIM1
SIM2
SIM3
SIM4
1
21
22
SIM5
SIM1
SIM2
SIM3
SIM4
1
21
22
SIM5
SIM1
SIM2
SIM3
SIM4
1
21
22
SIM5
SIM1
SIM2
SIM3
SIM4
1
21
22
SIM5
SIM1
SIM2
SIM3
SIM4
1
21
22
SIM5
SIM1
SIM2
SIM3
SIM4
1
21
22
SIM5
SIM1
SIM2
SIM3
SIM4
1
21
22
SIM5
SIM1
SIM2
SIM3
SIM4
1
21
22
SIM5
SIM1
SIM2
SIM3
SIM4
1
21
22
SIM5
SIM1
SIM2
SIM3
SIM4
1
21
22
SIM5
SIM1
SIM2
SIM3
SIM4
1
21
22
SIM5
SIM1
SIM2
SIM3
SIM4
1
21
22
SIM5
SIM1
SIM2
SIM3
SIM4
1
21
22
SIM5
SIM1
SIM2
SIM3
SIM4
1
21
22
SIM5
SIM1
SIM2
SIM3
SIM4
1
21
22
SIM5
SIM1
SIM2
SIM3
SIM4
1
21
22
SIM5
SIM1
SIM2
SIM3
SIM4
1
21
22
SIM5
SIM1
SIM2
SIM3
SIM4
1
21
22
SIM5
SIM1
SIM2
SIM3
SIM4
1
21
22
SIM5
SIM1
SIM2
SIM3
SIM4
1
21
22
SIM5
SIM1
SIM2
SIM3
SIM4
1
21
22
SIM5
SIM1
SIM2
SIM3
SIM4
1
21
22
SIM5
SIM1
SIM2
SIM3
SIM4
1
21
22
SIM5
SIM1
SIM2
SIM3
SIM4
1
21
22
SIM5
SIM1
SIM2
SIM3
SIM4
1
21
22
SIM5
SIM1
SIM2
SIM3
SIM4
1
21
22
SIM5
SIM1
SIM2
SIM3
SIM4
1
21
22
SIM5
SIM1
SIM2
SIM3
SIM4
1
21
22
SIM5
SIM1
SIM2
SIM3
SIM4
1
21
22
SIM5
SIM1
SIM2
SIM3
SIM4
1
21
22
SIM5
SIM1
SIM2
SIM3
SIM4
1
21
22
SIM5
SIM1
SIM2
SIM3
SIM4
1
21
22
SIM5
SIM1
SIM2
SIM3
SIM4
1
21
22
SIM5
SIM1
SIM2
SIM3
SIM4
1
21
22
SIM5
SIM1
SIM2
SIM3
SIM4
1
21
22
SIM5
SIM1
SIM2
SIM3
SIM4
1
21
22
SIM5
SIM1
SIM2
SIM3
SIM4
1
21
22
SIM5
SIM1
SIM2
SIM3
SIM4
1
21
22
SIM5
SIM1
SIM2
SIM3
SIM4
1
21
22
SIM5
SIM1
SIM2
SIM3
SIM4
1
21
22
SIM5
SIM1
SIM2
SIM3
SIM4
1
21
22
SIM5
SIM1
SIM2
SIM3
SIM4
1
21
22
SIM5
SIM1
SIM2
SIM3
SIM4
1
21
22
SIM5
SIM1
SIM2
SIM3
SIM4
1
21
22
SIM5
SIM1
SIM2
SIM3
SIM4
1
21
22
SIM5
SIM1
SIM2
SIM3
SIM4
1
21
22
SIM5
SIM1
SIM2
SIM3
SIM4
1
21
22
SIM5
SIM1
SIM2
SIM3
SIM4
1
21
22
SIM5
SIM1
SIM2
SIM3
SIM4
1
21
22
SIM5
SIM1
SIM2
SIM3
SIM4
1
21
22
SIM5
SIM1
SIM2
SIM3
SIM4
1
21
22
SIM5
SIM1
SIM2
SIM3
SIM4
1
21
22
SIM5
SIM1
SIM2
SIM3
SIM4
1
21
22
SIM5
SIM1
SIM2
SIM3
SIM4
1
21
22
SIM5
SIM1
SIM2
SIM3
SIM4
1
21
22
SIM5
SIM1
SIM2
SIM3
SIM4
1
21
22
SIM5
SIM1
SIM2
SIM3
SIM4
1
21
22
SIM5
SIM1
SIM2
SIM3
SIM4
1
21
22
SIM5
SIM1
SIM2
SIM3
SIM4
1
21
22
SIM5
SIM1
SIM2
SIM3
SIM4
1
21
22
SIM5
SIM1
SIM2
SIM3
SIM4
1
21
22
SIM5
SIM1
SIM2
SIM3
SIM4
1
21
22
SIM5
SIM1
SIM2
SIM3
SIM4
1
21
22
SIM5
SIM1
SIM2
SIM3
SIM4
1
21
22
SIM5
SIM1
SIM2
SIM3
SIM4
1
21
22
SIM5
SIM1
SIM2
SIM3
SIM4
1
21
22
SIM5
SIM1
SIM2
SIM3
SIM4
1
21
22
SIM5
SIM1
SIM2
SIM3
SIM4
1
21
22
SIM5
SIM1
SIM2
SIM3
SIM4
1
21
22
SIM5
SIM1
SIM2
SIM3
SIM4
1
21
22
SIM5
SIM1
SIM2
SIM3
SIM4
1
21
22
SIM5
SIM1
SIM2
SIM3
SIM4
1
21
22
SIM5
SIM1
SIM2
SIM3
SIM4
1
21
22
SIM5
SIM1
SIM2
SIM3
SIM4
1
21
22
SIM5
SIM1
SIM2
SIM3
SIM4
1
21
22
SIM5
SIM1
SIM2
SIM3
SIM4
1
21
22
SIM5
SIM1
SIM2
SIM3
SIM4
1
21
22
SIM5
SIM1
SIM2
SIM3
SIM4
1
21
22
SIM5
SIM1
SIM2
SIM3
SIM4
1
21
22
SIM5
SIM1
SIM2
SIM3
SIM4
1
21
22
SIM5
SIM1
SIM2
SIM3
SIM4
1
21
22
SIM5
SIM1
SIM2
SIM3
SIM4
1
21
22
SIM5
SIM1
SIM2
SIM3
SIM4
1
21
22
SIM5
SIM1
SIM2
SIM3
SIM4
1
21
22
SIM5
SIM1
SIM2
SIM3
SIM4
1
21
22
SIM5
SIM1
SIM2
SIM3
SIM4
1
21
22
SIM5
SIM1
SIM2
SIM3
SIM4
1
21
22
SIM5
SIM1
SIM2
SIM3
SIM4
1
21
22
SIM5
SIM1
SIM2
SIM3
SIM4
1
21
22
SIM5
SIM1
SIM2
SIM3
SIM4
1
21
22
SIM5
SIM1
SIM2
SIM3
SIM4
1
21
22
SIM5
SIM1
SIM2
SIM3
SIM4
1
21
22
SIM5
SIM1
SIM2
SIM3
SIM4
1
21
22
SIM5
SIM1
SIM2
SIM3
SIM4
1
21
22
SIM5
SIM1
SIM2
SIM3
SIM4
1
21
22
SIM5
SIM1
SIM2
SIM3
SIM4
1
21
22
SIM5
SIM1
SIM2
SIM3
SIM4
1
21
22
SIM5
SIM1
SIM2
SIM3
SIM4
1
21
22
SIM5
SIM1
SIM2
SIM3
SIM4
1
21
22
SIM5
SIM1
SIM2
SIM3
SIM4
1
21
22
SIM5
SIM1
SIM2
SIM3
SIM4
1
21
22
SIM5
SIM1
SIM2
SIM3
SIM4
1
21
22
SIM5
SIM1
SIM2
SIM3
SIM4
1
21
22
SIM5
SIM1
SIM2
SIM3
SIM4
1
21
22
SIM5
SIM1
SIM2
SIM3
SIM4
1
21
22
SIM5
SIM1
SIM2
SIM3
SIM4
1
21
22
SIM5
SIM1
SIM2
SIM3
SIM4
1
21
22
SIM5
SIM1
SIM2
SIM3
SIM4
1
21
22
SIM5
SIM1
SIM2
SIM3
SIM4
1
21
22
SIM5
SIM1
SIM2
SIM3
SIM4
1
21
22
SIM5
SIM1
SIM2
SIM3
SIM4
1
21
22
SIM5
SIM1
SIM2
SIM3
SIM4
1
21
22
SIM5
SIM1
SIM2
SIM3
SIM4
1
21
22
SIM5
SIM1
SIM2
SIM3
SIM4
1
21
22
SIM5
SIM1
SIM2
SIM3
SIM4
1
21
22
SIM5
SIM1
SIM2
SIM3
SIM4
1
21
22
SIM5
SIM1
SIM2
SIM3
SIM4
1
21
22
SIM5
SIM1
SIM2
SIM3
SIM4
1
21
22
SIM5
SIM1
SIM2
SIM3
SIM4
1
21
22
SIM5
SIM1
SIM2
SIM3
SIM4
1
21
22
SIM5
SIM1
SIM2
SIM3
SIM4
1
21
22
SIM5
SIM1
SIM2
SIM3
SIM4
1
21
22
SIM5
SIM1
SIM2
SIM3
SIM4
1
21
22
SIM5
SIM1
SIM2
SIM3
SIM4
1
21
22
SIM5
SIM1
SIM2
DEBUG 1 228
SIM1
SIM2
SIM3
SIM4
1
21
22
SIM5
SIM1
SIM2
SIM3
SIM4
1
21
22
SIM5
SIM1
SIM2
SIM3
SIM4
1
21
22
SIM5
SIM1
SIM2
SIM3
SIM4
1
21
22
SIM5
SIM1
SIM2
SIM3
SIM4
1
21
22
SIM5
SIM1
SIM2
SIM3
SIM4
1
21
22
SIM5
SIM1
SIM2
SIM3
SIM4
1
21
22
SIM5
SIM1
SIM2
SIM3
SIM4
1
21
22
SIM5
SIM1
SIM2
SIM3
SIM4
1
21
22
SIM5
SIM1
SIM2
SIM3
SIM4
1
21
22
SIM5
SIM1
SIM2
SIM3
SIM4
1
21
22
SIM5
SIM1
SIM2
SIM3
SIM4
1
21
22
SIM5
SIM1
SIM2
SIM3
SIM4
1
21
22
SIM5
SIM1
SIM2
SIM3
SIM4
1
21
22
SIM5
SIM1
SIM2
SIM3
SIM4
1
21
22
SIM5
SIM1
SIM2
SIM3
SIM4
1
21
22
SIM5
SIM1
SIM2
SIM3
SIM4
1
21
22
SIM5
SIM1
SIM2
SIM3
SIM4
1
21
22
SIM5
SIM1
SIM2
SIM3
SIM4
1
21
22
SIM5
SIM1
SIM2
SIM3
SIM4
1
21
22
SIM5
SIM1
SIM2
SIM3
SIM4
1
21
22
SIM5
SIM1
SIM2
SIM3
SIM4
1
21
22
SIM5
SIM1
SIM2
SIM3
SIM4
1
21
22
SIM5
SIM1
SIM2
SIM3
SIM4
1
21
22
SIM5
SIM1
SIM2
SIM3
SIM4
1
21
22
SIM5
SIM1
SIM2
SIM3
SIM4
1
21
22
SIM5
SIM1
SIM2
SIM3
SIM4
1
21
22
SIM5
SIM1
SIM2
SIM3
SIM4
1
21
22
SIM5
SIM1
SIM2
SIM3
SIM4
1
21
22
SIM5
SIM1
SIM2
SIM3
SIM4
1
21
22
SIM5
SIM1
SIM2
SIM3
SIM4
1
21
22
SIM5
SIM1
SIM2
SIM3
SIM4
1
21
22
SIM5
SIM1
SIM2
SIM3
SIM4
1
21
22
SIM5
SIM1
SIM2
SIM3
SIM4
1
21
22
SIM5
SIM1
SIM2
SIM3
SIM4
1
21
22
SIM5
SIM1
SIM2
SIM3
SIM4
1
21
22
SIM5
SIM1
SIM2
SIM3
SIM4
1
21
22
SIM5
SIM1
SIM2
SIM3
SIM4
1
21
22
SIM5
SIM1
SIM2
SIM3
SIM4
1
21
22
SIM5
SIM1
SIM2
SIM3
SIM4
1
21
22
SIM5
SIM1
SIM2
SIM3
SIM4
1
21
22
SIM5
SIM1
SIM2
SIM3
SIM4
1
21
22
SIM5
SIM1
SIM2
SIM3
SIM4
1
21
22
SIM5
SIM1
SIM2
SIM3
SIM4
1
21
22
SIM5
SIM1
SIM2
SIM3
SIM4
1
21
22
SIM5
SIM1
SIM2
SIM3
SIM4
1
21
22
SIM5
SIM1
SIM2
SIM3
SIM4
1
21
22
SIM5
SIM1
SIM2
SIM3
SIM4
1
21
22
SIM5
SIM1
SIM2
SIM3
SIM4
1
21
22
SIM5
SIM1
SIM2
SIM3
SIM4
1
21
22
SIM5
SIM1
SIM2
SIM3
SIM4
1
21
22
SIM5
SIM1
SIM2
SIM3
SIM4
1
21
22
SIM5
SIM1
SIM2
SIM3
SIM4
1
21
22
SIM5
SIM1
SIM2
SIM3
SIM4
1
21
22
SIM5
SIM1
SIM2
SIM3
SIM4
1
21
22
SIM5
SIM1
SIM2
SIM3
SIM4
1
21
22
SIM5
SIM1
SIM2
SIM3
SIM4
1
21
22
SIM5
SIM1
SIM2
SIM3
SIM4
1
21
22
SIM5
SIM1
SIM2
SIM3
SIM4
1
21
22
SIM5
SIM1
SIM2
SIM3
SIM4
1
21
22
SIM5
SIM1
SIM2
SIM3
SIM4
1
21
22
SIM5
SIM1
SIM2
SIM3
SIM4
1
21
22
SIM5
SIM1
SIM2
SIM3
SIM4
1
21
22
SIM5
SIM1
SIM2
SIM3
SIM4
1
21
22
SIM5
SIM1
SIM2
SIM3
SIM4
1
21
22
SIM5
SIM1
SIM2
SIM3
SIM4
1
21
22
SIM5
SIM1
SIM2
SIM3
SIM4
1
21
22
SIM5
SIM1
SIM2
SIM3
SIM4
1
21
22
SIM5
SIM1
SIM2
SIM3
SIM4
1
21
22
SIM5
SIM1
SIM2
SIM3
SIM4
1
21
22
SIM5
SIM1
SIM2
SIM3
SIM4
1
21
22
SIM5
SIM1
SIM2
SIM3
SIM4
1
21
22
SIM5
SIM1
SIM2
SIM3
SIM4
1
21
22
SIM5
SIM1
SIM2
SIM3
SIM4
1
21
22
SIM5
SIM1
SIM2
SIM3
SIM4
1
21
22
SIM5
SIM1
SIM2
SIM3
SIM4
1
21
22
SIM5
SIM1
SIM2
SIM3
SIM4
1
21
22
SIM5
SIM1
SIM2
SIM3
SIM4
1
21
22
SIM5
SIM1
SIM2
SIM3
SIM4
1
21
22
SIM5
SIM1
SIM2
SIM3
SIM4
1
21
22
SIM5
SIM1
SIM2
SIM3
SIM4
1
21
22
SIM5
SIM1
SIM2
SIM3
SIM4
1
21
22
SIM5
SIM1
SIM2
SIM3
SIM4
1
21
22
SIM5
SIM1
SIM2
SIM3
SIM4
1
21
22
SIM5
SIM1
SIM2
SIM3
SIM4
1
21
22
SIM5
SIM1
SIM2
SIM3
SIM4
1
21
22
SIM5
SIM1
SIM2
SIM3
SIM4
1
21
22
SIM5
SIM1
SIM2
SIM3
SIM4
1
21
22
SIM5
SIM1
SIM2
SIM3
SIM4
1
21
22
SIM5
SIM1
SIM2
SIM3
SIM4
1
21
22
SIM5
SIM1
SIM2
SIM3
SIM4
1
21
22
SIM5
SIM1
SIM2
SIM3
SIM4
1
21
22
SIM5
SIM1
SIM2
SIM3
SIM4
1
21
22
SIM5
SIM1
SIM2
SIM3
SIM4
1
21
22
SIM5
SIM1
SIM2
SIM3
SIM4
1
21
22
SIM5
SIM1
SIM2
SIM3
SIM4
1
21
22
SIM5
SIM1
SIM2
SIM3
SIM4
1
21
22
SIM5
SIM1
SIM2
SIM3
SIM4
1
21
22
SIM5
SIM1
SIM2
SIM3
SIM4
1
21
22
SIM5
SIM1
SIM2
SIM3
SIM4
1
21
22
SIM5
SIM1
SIM2
SIM3
SIM4
1
21
22
SIM5
SIM1
SIM2
SIM3
SIM4
1
21
22
SIM5
SIM1
SIM2
SIM3
SIM4
1
21
22
SIM5
SIM1
SIM2
SIM3
SIM4
1
21
22
SIM5
SIM1
SIM2
SIM3
SIM4
1
21
22
SIM5
SIM1
SIM2
SIM3
SIM4
1
21
22
SIM5
SIM1
SIM2
SIM3
SIM4
1
21
22
SIM5
SIM1
SIM2
SIM3
SIM4
1
21
22
SIM5
SIM1
SIM2
SIM3
SIM4
1
21
22
SIM5
SIM1
SIM2
SIM3
SIM4
1
21
22
SIM5
SIM1
SIM2
SIM3
SIM4
1
21
22
SIM5
SIM1
SIM2
SIM3
SIM4
1
21
22
SIM5
SIM1
SIM2
SIM3
SIM4
1
21
22
SIM5
SIM1
SIM2
SIM3
SIM4
1
21
22
SIM5
SIM1
SIM2
SIM3
SIM4
1
21
22
SIM5
SIM1
SIM2
SIM3
SIM4
1
21
22
SIM5
SIM1
SIM2
SIM3
SIM4
1
21
22
SIM5
SIM1
SIM2
SIM3
SIM4
1
21
22
SIM5
SIM1
SIM2
SIM3
SIM4
1
21
22
SIM5
SIM1
SIM2
SIM3
SIM4
1
21
22
SIM5
SIM1
SIM2
SIM3
SIM4
1
21
22
SIM5
SIM1
SIM2
SIM3
SIM4
1
21
22
SIM5
SIM1
SIM2
SIM3
SIM4
1
21
22
SIM5
SIM1
SIM2
SIM3
SIM4
1
21
22
SIM5
SIM1
SIM2
SIM3
SIM4
1
21
22
SIM5
SIM1
SIM2
SIM3
SIM4
1
21
22
SIM5
SIM1
SIM2
SIM3
SIM4
1
21
22
SIM5
SIM1
SIM2
SIM3
SIM4
1
21
22
SIM5
SIM1
SIM2
SIM3
SIM4
1
21
22
SIM5
SIM1
SIM2
SIM3
SIM4
1
21
22
SIM5
SIM1
SIM2
SIM3
SIM4
1
21
22
SIM5
SIM1
SIM2
SIM3
SIM4
1
21
22
SIM5
SIM1
SIM2
SIM3
SIM4
1
21
22
SIM5
SIM1
SIM2
SIM3
SIM4
1
21
22
SIM5
SIM1
SIM2
SIM3
SIM4
1
21
22
SIM5
SIM1
SIM2
SIM3
SIM4
1
21
22
SIM5
SIM1
SIM2
SIM3
SIM4
1
21
22
SIM5
SIM1
SIM2
SIM3
SIM4
1
21
22
SIM5
SIM1
SIM2
SIM3
SIM4
1
21
22
SIM5
SIM1
SIM2
SIM3
SIM4
1
21
22
SIM5
SIM1
SIM2
SIM3
SIM4
1
21
22
SIM5
SIM1
SIM2
SIM3
SIM4
1
21
22
SIM5
SIM1
SIM2
SIM3
SIM4
1
21
22
SIM5
SIM1
SIM2
SIM3
SIM4
1
21
22
SIM5
SIM1
SIM2
SIM3
SIM4
1
21
22
SIM5
SIM1
SIM2
SIM3
SIM4
1
21
22
SIM5
SIM1
SIM2
SIM3
SIM4
1
21
22
SIM5
SIM1
SIM2
SIM3
SIM4
1
21
22
SIM5
SIM1
SIM2
SIM3
SIM4
1
21
22
SIM5
SIM1
SIM2
SIM3
SIM4
1
21
22
SIM5
SIM1
SIM2
SIM3
SIM4
1
21
22
SIM5
SIM1
SIM2
SIM3
SIM4
1
21
22
SIM5
SIM1
SIM2
DEBUG 1 229
SIM1
SIM2
SIM3
SIM4
1
21
22
SIM5
SIM1
SIM2
SIM3
SIM4
1
21
22
SIM5
SIM1
SIM2
SIM3
SIM4
1
21
22
SIM5
SIM1
SIM2
SIM3
SIM4
1
21
22
SIM5
SIM1
SIM2
SIM3
SIM4
1
21
22
SIM5
SIM1
SIM2
SIM3
SIM4
1
21
22
SIM5
SIM1
SIM2
SIM3
SIM4
1
21
22
SIM5
SIM1
SIM2
SIM3
SIM4
1
21
22
SIM5
SIM1
SIM2
SIM3
SIM4
1
21
22
SIM5
SIM1
SIM2
SIM3
SIM4
1
21
22
SIM5
SIM1
SIM2
SIM3
SIM4
1
21
22
SIM5
SIM1
SIM2
SIM3
SIM4
1
21
22
SIM5
SIM1
SIM2
SIM3
SIM4
1
21
22
SIM5
SIM1
SIM2
SIM3
SIM4
1
21
22
SIM5
SIM1
SIM2
SIM3
SIM4
1
21
22
SIM5
SIM1
SIM2
SIM3
SIM4
1
21
22
SIM5
SIM1
SIM2
SIM3
SIM4
1
21
22
SIM5
SIM1
SIM2
SIM3
SIM4
1
21
22
SIM5
SIM1
SIM2
SIM3
SIM4
1
21
22
SIM5
SIM1
SIM2
SIM3
SIM4
1
21
22
SIM5
SIM1
SIM2
SIM3
SIM4
1
21
22
SIM5
SIM1
SIM2
SIM3
SIM4
1
21
22
SIM5
SIM1
SIM2
SIM3
SIM4
1
21
22
SIM5
SIM1
SIM2
SIM3
SIM4
1
21
22
SIM5
SIM1
SIM2
SIM3
SIM4
1
21
22
SIM5
SIM1
SIM2
SIM3
SIM4
1
21
22
SIM5
SIM1
SIM2
SIM3
SIM4
1
21
22
SIM5
SIM1
SIM2
SIM3
SIM4
1
21
22
SIM5
SIM1
SIM2
SIM3
SIM4
1
21
22
SIM5
SIM1
SIM2
SIM3
SIM4
1
21
22
SIM5
SIM1
SIM2
SIM3
SIM4
1
21
22
SIM5
SIM1
SIM2
SIM3
SIM4
1
21
22
SIM5
SIM1
SIM2
SIM3
SIM4
1
21
22
SIM5
SIM1
SIM2
SIM3
SIM4
1
21
22
SIM5
SIM1
SIM2
SIM3
SIM4
1
21
22
SIM5
SIM1
SIM2
SIM3
SIM4
1
21
22
SIM5
SIM1
SIM2
SIM3
SIM4
1
21
22
SIM5
SIM1
SIM2
SIM3
SIM4
1
21
22
SIM5
SIM1
SIM2
SIM3
SIM4
1
21
22
SIM5
SIM1
SIM2
SIM3
SIM4
1
21
22
SIM5
SIM1
SIM2
SIM3
SIM4
1
21
22
SIM5
SIM1
SIM2
SIM3
SIM4
1
21
22
SIM5
SIM1
SIM2
SIM3
SIM4
1
21
22
SIM5
SIM1
SIM2
SIM3
SIM4
1
21
22
SIM5
SIM1
SIM2
SIM3
SIM4
1
21
22
SIM5
SIM1
SIM2
SIM3
SIM4
1
21
22
SIM5
SIM1
SIM2
SIM3
SIM4
1
21
22
SIM5
SIM1
SIM2
SIM3
SIM4
1
21
22
SIM5
SIM1
SIM2
SIM3
SIM4
1
21
22
SIM5
SIM1
SIM2
SIM3
SIM4
1
21
22
SIM5
SIM1
SIM2
SIM3
SIM4
1
21
22
SIM5
SIM1
SIM2
SIM3
SIM4
1
21
22
SIM5
SIM1
SIM2
SIM3
SIM4
1
21
22
SIM5
SIM1
SIM2
SIM3
SIM4
1
21
22
SIM5
SIM1
SIM2
SIM3
SIM4
1
21
22
SIM5
SIM1
SIM2
SIM3
SIM4
1
21
22
SIM5
SIM1
SIM2
SIM3
SIM4
1
21
22
SIM5
SIM1
SIM2
SIM3
SIM4
1
21
22
SIM5
SIM1
SIM2
SIM3
SIM4
1
21
22
SIM5
SIM1
SIM2
SIM3
SIM4
1
21
22
SIM5
SIM1
SIM2
SIM3
SIM4
1
21
22
SIM5
SIM1
SIM2
SIM3
SIM4
1
21
22
SIM5
SIM1
SIM2
SIM3
SIM4
1
21
22
SIM5
SIM1
SIM2
SIM3
SIM4
1
21
22
SIM5
SIM1
SIM2
SIM3
SIM4
1
21
22
SIM5
SIM1
SIM2
SIM3
SIM4
1
21
22
SIM5
SIM1
SIM2
SIM3
SIM4
1
21
22
SIM5
SIM1
SIM2
SIM3
SIM4
1
21
22
SIM5
SIM1
SIM2
SIM3
SIM4
1
21
22
SIM5
SIM1
SIM2
SIM3
SIM4
1
21
22
SIM5
SIM1
SIM2
SIM3
SIM4
1
21
22
SIM5
SIM1
SIM2
SIM3
SIM4
1
21
22
SIM5
SIM1
SIM2
SIM3
SIM4
1
21
22
SIM5
SIM1
SIM2
SIM3
SIM4
1
21
22
SIM5
SIM1
SIM2
SIM3
SIM4
1
21
22
SIM5
SIM1
SIM2
SIM3
SIM4
1
21
22
SIM5
SIM1
SIM2
SIM3
SIM4
1
21
22
SIM5
SIM1
SIM2
SIM3
SIM4
1
21
22
SIM5
SIM1
SIM2
SIM3
SIM4
1
21
22
SIM5
SIM1
SIM2
SIM3
SIM4
1
21
22
SIM5
SIM1
SIM2
SIM3
SIM4
1
21
22
SIM5
SIM1
SIM2
SIM3
SIM4
1
21
22
SIM5
SIM1
SIM2
SIM3
SIM4
1
21
22
SIM5
SIM1
SIM2
SIM3
SIM4
1
21
22
SIM5
SIM1
SIM2
SIM3
SIM4
1
21
22
SIM5
SIM1
SIM2
SIM3
SIM4
1
21
22
SIM5
SIM1
SIM2
SIM3
SIM4
1
21
22
SIM5
SIM1
SIM2
SIM3
SIM4
1
21
22
SIM5
SIM1
SIM2
SIM3
SIM4
1
21
22
SIM5
SIM1
SIM2
SIM3
SIM4
1
21
22
SIM5
SIM1
SIM2
SIM3
SIM4
1
21
22
SIM5
SIM1
SIM2
SIM3
SIM4
1
21
22
SIM5
SIM1
SIM2
SIM3
SIM4
1
21
22
SIM5
SIM1
SIM2
SIM3
SIM4
1
21
22
SIM5
SIM1
SIM2
SIM3
SIM4
1
21
22
SIM5
SIM1
SIM2
SIM3
SIM4
1
21
22
SIM5
SIM1
SIM2
SIM3
SIM4
1
21
22
SIM5
SIM1
SIM2
SIM3
SIM4
1
21
22
SIM5
SIM1
SIM2
SIM3
SIM4
1
21
22
SIM5
SIM1
SIM2
SIM3
SIM4
1
21
22
SIM5
SIM1
SIM2
SIM3
SIM4
1
21
22
SIM5
SIM1
SIM2
SIM3
SIM4
1
21
22
SIM5
SIM1
SIM2
SIM3
SIM4
1
21
22
SIM5
SIM1
SIM2
SIM3
SIM4
1
21
22
SIM5
SIM1
SIM2
SIM3
SIM4
1
21
22
SIM5
SIM1
SIM2
SIM3
SIM4
1
21
22
SIM5
SIM1
SIM2
SIM3
SIM4
1
21
22
SIM5
SIM1
SIM2
SIM3
SIM4
1
21
22
SIM5
SIM1
SIM2
SIM3
SIM4
1
21
22
SIM5
SIM1
SIM2
SIM3
SIM4
1
21
22
SIM5
SIM1
SIM2
SIM3
SIM4
1
21
22
SIM5
SIM1
SIM2
SIM3
SIM4
1
21
22
SIM5
SIM1
SIM2
SIM3
SIM4
1
21
22
SIM5
SIM1
SIM2
SIM3
SIM4
1
21
22
SIM5
SIM1
SIM2
SIM3
SIM4
1
21
22
SIM5
SIM1
SIM2
SIM3
SIM4
1
21
22
SIM5
SIM1
SIM2
SIM3
SIM4
1
21
22
SIM5
SIM1
SIM2
SIM3
SIM4
1
21
22
SIM5
SIM1
SIM2
SIM3
SIM4
1
21
22
SIM5
SIM1
SIM2
SIM3
SIM4
1
21
22
SIM5
SIM1
SIM2
SIM3
SIM4
1
21
22
SIM5
SIM1
SIM2
SIM3
SIM4
1
21
22
SIM5
SIM1
SIM2
SIM3
SIM4
1
21
22
SIM5
SIM1
SIM2
SIM3
SIM4
1
21
22
SIM5
SIM1
SIM2
SIM3
SIM4
1
21
22
SIM5
SIM1
SIM2
SIM3
SIM4
1
21
22
SIM5
SIM1
SIM2
SIM3
SIM4
1
21
22
SIM5
SIM1
SIM2
SIM3
SIM4
1
21
22
SIM5
SIM1
SIM2
SIM3
SIM4
1
21
22
SIM5
SIM1
SIM2
SIM3
SIM4
1
21
22
SIM5
SIM1
SIM2
SIM3
SIM4
1
21
22
SIM5
SIM1
SIM2
SIM3
SIM4
1
21
22
SIM5
SIM1
SIM2
SIM3
SIM4
1
21
22
SIM5
SIM1
SIM2
SIM3
SIM4
1
21
22
SIM5
SIM1
SIM2
SIM3
SIM4
1
21
22
SIM5
SIM1
SIM2
SIM3
SIM4
1
21
22
SIM5
SIM1
SIM2
SIM3
SIM4
1
21
22
SIM5
SIM1
SIM2
SIM3
SIM4
1
21
22
SIM5
SIM1
SIM2
SIM3
SIM4
1
21
22
SIM5
SIM1
SIM2
SIM3
SIM4
1
21
22
SIM5
SIM1
SIM2
SIM3
SIM4
1
21
22
SIM5
SIM1
SIM2
SIM3
SIM4
1
21
22
SIM5
SIM1
SIM2
SIM3
SIM4
1
21
22
SIM5
SIM1
SIM2
SIM3
SIM4
1
21
22
SIM5
SIM1
SIM2
SIM3
SIM4
1
21
22
SIM5
SIM1
SIM2
SIM3
SIM4
1
21
22
SIM5
SIM1
SIM2
SIM3
SIM4
1
21
22
SIM5
SIM1
SIM2
SIM3
SIM4
1
21
22
SIM5
SIM1
SIM2
SIM3
SIM4
1
21
22
SIM5
SIM1
SIM2
SIM3
SIM4
1
21
22
SIM5
SIM1
SIM2
SIM3
SIM4
1
21
22
SIM5
SIM1
SIM2
SIM3
SIM4
1
21
22
SIM5
SIM1
SIM2
SIM3
SIM4
1
21
22
SIM5
SIM1
SIM2
SIM3
SIM4
1
21
22
SIM5
SIM1
SIM2
SIM3
SIM4
1
21
22
SIM5
SIM1
SIM2
SIM3
SIM4
1
21
22
SIM5
SIM1
SIM2
SIM3
SIM4
1
21
22
SIM5
SIM1
SIM2
SIM3
SIM4
1
21
22
SIM5
SIM1
SIM2
SIM3
SIM4
1
21
22
SIM5
SIM1
SIM2
SIM3
SIM4
1
21
22
SIM5
SIM1
SIM2
SIM3
SIM4
1
21
22
SIM5
SIM1
SIM2
SIM3
SIM4
1
21
22
SIM5
SIM1
SIM2
SIM3
SIM4
1
21
22
SIM5
SIM1
SIM2
SIM3
SIM4
1
21
22
SIM5
SIM1
SIM2
SIM3
SIM4
1
21
22
SIM5
SIM1
SIM2
SIM3
SIM4
1
21
22
SIM5
SIM1
SIM2
SIM3
SIM4
1
21
22
SIM5
SIM1
SIM2
SIM3
SIM4
1
21
22
SIM5
SIM1
SIM2
SIM3
SIM4
1
21
22
SIM5
SIM1
SIM2
SIM3
SIM4
1
21
22
SIM5
SIM1
SIM2
SIM3
SIM4
1
21
22
SIM5
SIM1
SIM2
SIM3
SIM4
1
21
22
SIM5
SIM1
SIM2
SIM3
SIM4
1
21
22
SIM5
SIM1
SIM2
SIM3
SIM4
1
21
22
SIM5
SIM1
SIM2
SIM3
SIM4
1
21
22
SIM5
SIM1
SIM2
SIM3
SIM4
1
21
22
SIM5
SIM1
SIM2
SIM3
SIM4
1
21
22
SIM5
SIM1
SIM2
SIM3
SIM4
1
21
22
SIM5
SIM1
SIM2
SIM3
SIM4
1
21
22
SIM5
SIM1
SIM2
SIM3
SIM4
1
21
22
SIM5
SIM1
SIM2
SIM3
SIM4
1
21
22
SIM5
SIM1
SIM2
SIM3
SIM4
1
21
22
SIM5
SIM1
SIM2
SIM3
SIM4
1
21
22
SIM5
SIM1
SIM2
SIM3
SIM4
1
21
22
SIM5
SIM1
SIM2
SIM3
SIM4
1
21
22
SIM5
SIM1
SIM2
SIM3
SIM4
1
21
22
SIM5
SIM1
SIM2
SIM3
SIM4
1
21
22
SIM5
SIM1
SIM2
SIM3
SIM4
1
21
22
SIM5
SIM1
SIM2
SIM3
SIM4
1
21
22
SIM5
SIM1
SIM2
SIM3
SIM4
1
21
22
SIM5
SIM1
SIM2
SIM3
SIM4
1
21
22
SIM5
SIM1
SIM2
SIM3
SIM4
1
21
22
SIM5
SIM1
SIM2
SIM3
SIM4
1
21
22
SIM5
SIM1
SIM2
SIM3
SIM4
1
21
22
SIM5
SIM1
SIM2
SIM3
SIM4
1
21
22
SIM5
SIM1
SIM2
SIM3
SIM4
1
21
22
SIM5
SIM1
SIM2
SIM3
SIM4
1
21
22
SIM5
SIM1
SIM2
SIM3
SIM4
1
21
22
SIM5
SIM1
SIM2
SIM3
SIM4
1
21
22
SIM5
SIM1
SIM2
SIM3
SIM4
1
21
22
SIM5
SIM1
SIM2
SIM3
SIM4
1
21
22
SIM5
SIM1
SIM2
SIM3
SIM4
1
21
22
SIM5
SIM1
SIM2
SIM3
SIM4
1
21
22
SIM5
SIM1
SIM2
SIM3
SIM4
1
21
22
SIM5
SIM1
SIM2
SIM3
SIM4
1
21
22
SIM5
SIM1
SIM2
SIM3
SIM4
1
21
22
SIM5
SIM1
SIM2
SIM3
SIM4
1
21
22
SIM5
SIM1
SIM2
SIM3
SIM4
1
21
22
SIM5
SIM1
SIM2
SIM3
SIM4
1
21
22
SIM5
SIM1
SIM2
SIM3
SIM4
1
21
22
SIM5
SIM1
SIM2
SIM3
SIM4
1
21
22
SIM5
SIM1
SIM2
SIM3
SIM4
1
21
22
SIM5
SIM1
SIM2
SIM3
SIM4
1
21
22
SIM5
SIM1
SIM2
SIM3
SIM4
1
21
22
SIM5
SIM1
SIM2
SIM3
SIM4
1
21
22
SIM5
SIM1
SIM2
SIM3
SIM4
1
21
22
SIM5
SIM1
SIM2
SIM3
SIM4
1
21
22
SIM5
SIM1
SIM2
SIM3
SIM4
1
21
22
SIM5
SIM1
SIM2
SIM3
SIM4
1
21
22
SIM5
SIM1
SIM2
SIM3
SIM4
1
21
22
SIM5
SIM1
SIM2
DEBUG 1 230
SIM1
SIM2
SIM3
SIM4
1
21
22
SIM5
SIM1
SIM2
SIM3
SIM4
1
21
22
SIM5
SIM1
SIM2
SIM3
SIM4
1
21
22
SIM5
SIM1
SIM2
SIM3
SIM4
1
21
22
SIM5
SIM1
SIM2
SIM3
SIM4
1
21
22
SIM5
SIM1
SIM2
SIM3
SIM4
1
21
22
SIM5
SIM1
SIM2
SIM3
SIM4
1
21
22
SIM5
SIM1
SIM2
SIM3
SIM4
1
21
22
SIM5
SIM1
SIM2
SIM3
SIM4
1
21
22
SIM5
SIM1
SIM2
SIM3
SIM4
1
21
22
SIM5
SIM1
SIM2
SIM3
SIM4
1
21
22
SIM5
SIM1
SIM2
SIM3
SIM4
1
21
22
SIM5
SIM1
SIM2
SIM3
SIM4
1
21
22
SIM5
SIM1
SIM2
SIM3
SIM4
1
21
22
SIM5
SIM1
SIM2
SIM3
SIM4
1
21
22
SIM5
SIM1
SIM2
SIM3
SIM4
1
21
22
SIM5
SIM1
SIM2
SIM3
SIM4
1
21
22
SIM5
SIM1
SIM2
SIM3
SIM4
1
21
22
SIM5
SIM1
SIM2
SIM3
SIM4
1
21
22
SIM5
SIM1
SIM2
SIM3
SIM4
1
21
22
SIM5
SIM1
SIM2
SIM3
SIM4
1
21
22
SIM5
SIM1
SIM2
SIM3
SIM4
1
21
22
SIM5
SIM1
SIM2
SIM3
SIM4
1
21
22
SIM5
SIM1
SIM2
SIM3
SIM4
1
21
22
SIM5
SIM1
SIM2
SIM3
SIM4
1
21
22
SIM5
SIM1
SIM2
SIM3
SIM4
1
21
22
SIM5
SIM1
SIM2
SIM3
SIM4
1
21
22
SIM5
SIM1
SIM2
SIM3
SIM4
1
21
22
SIM5
SIM1
SIM2
SIM3
SIM4
1
21
22
SIM5
SIM1
SIM2
SIM3
SIM4
1
21
22
SIM5
SIM1
SIM2
SIM3
SIM4
1
21
22
SIM5
SIM1
SIM2
SIM3
SIM4
1
21
22
SIM5
SIM1
SIM2
SIM3
SIM4
1
21
22
SIM5
SIM1
SIM2
SIM3
SIM4
1
21
22
SIM5
SIM1
SIM2
SIM3
SIM4
1
21
22
SIM5
SIM1
SIM2
SIM3
SIM4
1
21
22
SIM5
SIM1
SIM2
SIM3
SIM4
1
21
22
SIM5
SIM1
SIM2
SIM3
SIM4
1
21
22
SIM5
SIM1
SIM2
SIM3
SIM4
1
21
22
SIM5
SIM1
SIM2
SIM3
SIM4
1
21
22
SIM5
SIM1
SIM2
SIM3
SIM4
1
21
22
SIM5
SIM1
SIM2
SIM3
SIM4
1
21
22
SIM5
SIM1
SIM2
SIM3
SIM4
1
21
22
SIM5
SIM1
SIM2
SIM3
SIM4
1
21
22
SIM5
SIM1
SIM2
SIM3
SIM4
1
21
22
SIM5
SIM1
SIM2
SIM3
SIM4
1
21
22
SIM5
SIM1
SIM2
SIM3
SIM4
1
21
22
SIM5
SIM1
SIM2
SIM3
SIM4
1
21
22
SIM5
SIM1
SIM2
SIM3
SIM4
1
21
22
SIM5
SIM1
SIM2
SIM3
SIM4
1
21
22
SIM5
SIM1
SIM2
SIM3
SIM4
1
21
22
SIM5
SIM1
SIM2
SIM3
SIM4
1
21
22
SIM5
SIM1
SIM2
SIM3
SIM4
1
21
22
SIM5
SIM1
SIM2
SIM3
SIM4
1
21
22
SIM5
SIM1
SIM2
SIM3
SIM4
1
21
22
SIM5
SIM1
SIM2
SIM3
SIM4
1
21
22
SIM5
SIM1
SIM2
SIM3
SIM4
1
21
22
SIM5
SIM1
SIM2
SIM3
SIM4
1
21
22
SIM5
SIM1
SIM2
SIM3
SIM4
1
21
22
SIM5
SIM1
SIM2
SIM3
SIM4
1
21
22
SIM5
SIM1
SIM2
SIM3
SIM4
1
21
22
SIM5
SIM1
SIM2
SIM3
SIM4
1
21
22
SIM5
SIM1
SIM2
SIM3
SIM4
1
21
22
SIM5
SIM1
SIM2
SIM3
SIM4
1
21
22
SIM5
SIM1
SIM2
SIM3
SIM4
1
21
22
SIM5
SIM1
SIM2
SIM3
SIM4
1
21
22
SIM5
SIM1
SIM2
SIM3
SIM4
1
21
22
SIM5
SIM1
SIM2
SIM3
SIM4
1
21
22
SIM5
SIM1
SIM2
SIM3
SIM4
1
21
22
SIM5
SIM1
SIM2
SIM3
SIM4
1
21
22
SIM5
SIM1
SIM2
SIM3
SIM4
1
21
22
SIM5
SIM1
SIM2
SIM3
SIM4
1
21
22
SIM5
SIM1
SIM2
SIM3
SIM4
1
21
22
SIM5
SIM1
SIM2
SIM3
SIM4
1
21
22
SIM5
SIM1
SIM2
SIM3
SIM4
1
21
22
SIM5
SIM1
SIM2
SIM3
SIM4
1
21
22
SIM5
SIM1
SIM2
SIM3
SIM4
1
21
22
SIM5
SIM1
SIM2
SIM3
SIM4
1
21
22
SIM5
SIM1
SIM2
SIM3
SIM4
1
21
22
SIM5
SIM1
SIM2
SIM3
SIM4
1
21
22
SIM5
SIM1
SIM2
SIM3
SIM4
1
21
22
SIM5
SIM1
SIM2
SIM3
SIM4
1
21
22
SIM5
SIM1
SIM2
SIM3
SIM4
1
21
22
SIM5
SIM1
SIM2
SIM3
SIM4
1
21
22
SIM5
SIM1
SIM2
SIM3
SIM4
1
21
22
SIM5
SIM1
SIM2
SIM3
SIM4
1
21
22
SIM5
SIM1
SIM2
SIM3
SIM4
1
21
22
SIM5
SIM1
SIM2
SIM3
SIM4
1
21
22
SIM5
SIM1
SIM2
SIM3
SIM4
1
21
22
SIM5
SIM1
SIM2
SIM3
SIM4
1
21
22
SIM5
SIM1
SIM2
SIM3
SIM4
1
21
22
SIM5
SIM1
SIM2
SIM3
SIM4
1
21
22
SIM5
SIM1
SIM2
SIM3
SIM4
1
21
22
SIM5
SIM1
SIM2
SIM3
SIM4
1
21
22
SIM5
SIM1
SIM2
SIM3
SIM4
1
21
22
SIM5
SIM1
SIM2
SIM3
SIM4
1
21
22
SIM5
SIM1
SIM2
SIM3
SIM4
1
21
22
SIM5
SIM1
SIM2
SIM3
SIM4
1
21
22
SIM5
SIM1
SIM2
SIM3
SIM4
1
21
22
SIM5
SIM1
SIM2
SIM3
SIM4
1
21
22
SIM5
SIM1
SIM2
SIM3
SIM4
1
21
22
SIM5
SIM1
SIM2
SIM3
SIM4
1
21
22
SIM5
SIM1
SIM2
SIM3
SIM4
1
21
22
SIM5
SIM1
SIM2
SIM3
SIM4
1
21
22
SIM5
SIM1
SIM2
SIM3
SIM4
1
21
22
SIM5
SIM1
SIM2
SIM3
SIM4
1
21
22
SIM5
SIM1
SIM2
SIM3
SIM4
1
21
22
SIM5
SIM1
SIM2
SIM3
SIM4
1
21
22
SIM5
SIM1
SIM2
SIM3
SIM4
1
21
22
SIM5
SIM1
SIM2
SIM3
SIM4
1
21
22
SIM5
SIM1
SIM2
SIM3
SIM4
1
21
22
SIM5
SIM1
SIM2
SIM3
SIM4
1
21
22
SIM5
SIM1
SIM2
SIM3
SIM4
1
21
22
SIM5
SIM1
SIM2
SIM3
SIM4
1
21
22
SIM5
SIM1
SIM2
SIM3
SIM4
1
21
22
SIM5
SIM1
SIM2
SIM3
SIM4
1
21
22
SIM5
SIM1
SIM2
SIM3
SIM4
1
21
22
SIM5
SIM1
SIM2
SIM3
SIM4
1
21
22
SIM5
SIM1
SIM2
SIM3
SIM4
1
21
22
SIM5
SIM1
SIM2
SIM3
SIM4
1
21
22
SIM5
SIM1
SIM2
SIM3
SIM4
1
21
22
SIM5
SIM1
SIM2
DEBUG 1 231
SIM1
SIM2
SIM3
SIM4
1
21
22
SIM5
SIM1
SIM2
SIM3
SIM4
1
21
22
SIM5
SIM1
SIM2
SIM3
SIM4
1
21
22
SIM5
SIM1
SIM2
SIM3
SIM4
1
21
22
SIM5
SIM1
SIM2
SIM3
SIM4
1
21
22
SIM5
SIM1
SIM2
SIM3
SIM4
1
21
22
SIM5
SIM1
SIM2
SIM3
SIM4
1
21
22
SIM5
SIM1
SIM2
SIM3
SIM4
1
21
22
SIM5
SIM1
SIM2
SIM3
SIM4
1
21
22
SIM5
SIM1
SIM2
SIM3
SIM4
1
21
22
SIM5
SIM1
SIM2
SIM3
SIM4
1
21
22
SIM5
SIM1
SIM2
SIM3
SIM4
1
21
22
SIM5
SIM1
SIM2
SIM3
SIM4
1
21
22
SIM5
SIM1
SIM2
SIM3
SIM4
1
21
22
SIM5
SIM1
SIM2
SIM3
SIM4
1
21
22
SIM5
SIM1
SIM2
SIM3
SIM4
1
21
22
SIM5
SIM1
SIM2
SIM3
SIM4
1
21
22
SIM5
SIM1
SIM2
SIM3
SIM4
1
21
22
SIM5
SIM1
SIM2
SIM3
SIM4
1
21
22
SIM5
SIM1
SIM2
SIM3
SIM4
1
21
22
SIM5
SIM1
SIM2
SIM3
SIM4
1
21
22
SIM5
SIM1
SIM2
SIM3
SIM4
1
21
22
SIM5
SIM1
SIM2
SIM3
SIM4
1
21
22
SIM5
SIM1
SIM2
SIM3
SIM4
1
21
22
SIM5
SIM1
SIM2
SIM3
SIM4
1
21
22
SIM5
SIM1
SIM2
SIM3
SIM4
1
21
22
SIM5
SIM1
SIM2
SIM3
SIM4
1
21
22
SIM5
SIM1
SIM2
SIM3
SIM4
1
21
22
SIM5
SIM1
SIM2
SIM3
SIM4
1
21
22
SIM5
SIM1
SIM2
SIM3
SIM4
1
21
22
SIM5
SIM1
SIM2
SIM3
SIM4
1
21
22
SIM5
SIM1
SIM2
SIM3
SIM4
1
21
22
SIM5
SIM1
SIM2
SIM3
SIM4
1
21
22
SIM5
SIM1
SIM2
SIM3
SIM4
1
21
22
SIM5
SIM1
SIM2
SIM3
SIM4
1
21
22
SIM5
SIM1
SIM2
SIM3
SIM4
1
21
22
SIM5
SIM1
SIM2
SIM3
SIM4
1
21
22
SIM5
SIM1
SIM2
SIM3
SIM4
1
21
22
SIM5
SIM1
SIM2
SIM3
SIM4
1
21
22
SIM5
SIM1
SIM2
SIM3
SIM4
1
21
22
SIM5
SIM1
SIM2
SIM3
SIM4
1
21
22
SIM5
SIM1
SIM2
SIM3
SIM4
1
21
22
SIM5
SIM1
SIM2
SIM3
SIM4
1
21
22
SIM5
SIM1
SIM2
SIM3
SIM4
1
21
22
SIM5
SIM1
SIM2
SIM3
SIM4
1
21
22
SIM5
SIM1
SIM2
SIM3
SIM4
1
21
22
SIM5
SIM1
SIM2
SIM3
SIM4
1
21
22
SIM5
SIM1
SIM2
SIM3
SIM4
1
21
22
SIM5
SIM1
SIM2
SIM3
SIM4
1
21
22
SIM5
SIM1
SIM2
SIM3
SIM4
1
21
22
SIM5
SIM1
SIM2
SIM3
SIM4
1
21
22
SIM5
SIM1
SIM2
SIM3
SIM4
1
21
22
SIM5
SIM1
SIM2
SIM3
SIM4
1
21
22
SIM5
SIM1
SIM2
SIM3
SIM4
1
21
22
SIM5
SIM1
SIM2
SIM3
SIM4
1
21
22
SIM5
SIM1
SIM2
SIM3
SIM4
1
21
22
SIM5
SIM1
SIM2
SIM3
SIM4
1
21
22
SIM5
SIM1
SIM2
SIM3
SIM4
1
21
22
SIM5
SIM1
SIM2
SIM3
SIM4
1
21
22
SIM5
SIM1
SIM2
SIM3
SIM4
1
21
22
SIM5
SIM1
SIM2
SIM3
SIM4
1
21
22
SIM5
SIM1
SIM2
SIM3
SIM4
1
21
22
SIM5
SIM1
SIM2
SIM3
SIM4
1
21
22
SIM5
SIM1
SIM2
SIM3
SIM4
1
21
22
SIM5
SIM1
SIM2
SIM3
SIM4
1
21
22
SIM5
SIM1
SIM2
SIM3
SIM4
1
21
22
SIM5
SIM1
SIM2
SIM3
SIM4
1
21
22
SIM5
SIM1
SIM2
SIM3
SIM4
1
21
22
SIM5
SIM1
SIM2
SIM3
SIM4
1
21
22
SIM5
SIM1
SIM2
SIM3
SIM4
1
21
22
SIM5
SIM1
SIM2
SIM3
SIM4
1
21
22
SIM5
SIM1
SIM2
SIM3
SIM4
1
21
22
SIM5
SIM1
SIM2
SIM3
SIM4
1
21
22
SIM5
SIM1
SIM2
SIM3
SIM4
1
21
22
SIM5
SIM1
SIM2
SIM3
SIM4
1
21
22
SIM5
SIM1
SIM2
SIM3
SIM4
1
21
22
SIM5
SIM1
SIM2
SIM3
SIM4
1
21
22
SIM5
SIM1
SIM2
SIM3
SIM4
1
21
22
SIM5
SIM1
SIM2
SIM3
SIM4
1
21
22
SIM5
SIM1
SIM2
SIM3
SIM4
1
21
22
SIM5
SIM1
SIM2
SIM3
SIM4
1
21
22
SIM5
SIM1
SIM2
SIM3
SIM4
1
21
22
SIM5
SIM1
SIM2
SIM3
SIM4
1
21
22
SIM5
SIM1
SIM2
SIM3
SIM4
1
21
22
SIM5
SIM1
SIM2
SIM3
SIM4
1
21
22
SIM5
SIM1
SIM2
SIM3
SIM4
1
21
22
SIM5
SIM1
SIM2
SIM3
SIM4
1
21
22
SIM5
SIM1
SIM2
SIM3
SIM4
1
21
22
SIM5
SIM1
SIM2
SIM3
SIM4
1
21
22
SIM5
SIM1
SIM2
SIM3
SIM4
1
21
22
SIM5
SIM1
SIM2
SIM3
SIM4
1
21
22
SIM5
SIM1
SIM2
SIM3
SIM4
1
21
22
SIM5
SIM1
SIM2
SIM3
SIM4
1
21
22
SIM5
SIM1
SIM2
SIM3
SIM4
1
21
22
SIM5
SIM1
SIM2
SIM3
SIM4
1
21
22
SIM5
SIM1
SIM2
SIM3
SIM4
1
21
22
SIM5
SIM1
SIM2
SIM3
SIM4
1
21
22
SIM5
SIM1
SIM2
SIM3
SIM4
1
21
22
SIM5
SIM1
SIM2
SIM3
SIM4
1
21
22
SIM5
SIM1
SIM2
SIM3
SIM4
1
21
22
SIM5
SIM1
SIM2
SIM3
SIM4
1
21
22
SIM5
SIM1
SIM2
SIM3
SIM4
1
21
22
SIM5
SIM1
SIM2
SIM3
SIM4
1
21
22
SIM5
SIM1
SIM2
SIM3
SIM4
1
21
22
SIM5
SIM1
SIM2
SIM3
SIM4
1
21
22
SIM5
SIM1
SIM2
SIM3
SIM4
1
21
22
SIM5
SIM1
SIM2
SIM3
SIM4
1
21
22
SIM5
SIM1
SIM2
SIM3
SIM4
1
21
22
SIM5
SIM1
SIM2
SIM3
SIM4
1
21
22
SIM5
SIM1
SIM2
SIM3
SIM4
1
21
22
SIM5
SIM1
SIM2
SIM3
SIM4
1
21
22
SIM5
SIM1
SIM2
SIM3
SIM4
1
21
22
SIM5
SIM1
SIM2
SIM3
SIM4
1
21
22
SIM5
SIM1
SIM2
SIM3
SIM4
1
21
22
SIM5
SIM1
SIM2
SIM3
SIM4
1
21
22
SIM5
SIM1
SIM2
SIM3
SIM4
1
21
22
SIM5
SIM1
SIM2
SIM3
SIM4
1
21
22
SIM5
SIM1
SIM2
SIM3
SIM4
1
21
22
SIM5
SIM1
SIM2
SIM3
SIM4
1
21
22
SIM5
SIM1
SIM2
SIM3
SIM4
1
21
22
SIM5
SIM1
SIM2
SIM3
SIM4
1
21
22
SIM5
SIM1
SIM2
SIM3
SIM4
1
21
22
SIM5
SIM1
SIM2
SIM3
SIM4
1
21
22
SIM5
SIM1
SIM2
SIM3
SIM4
1
21
22
SIM5
SIM1
SIM2
DEBUG 1 232
SIM1
SIM2
SIM3
SIM4
1
21
22
SIM5
SIM1
SIM2
SIM3
SIM4
1
21
22
SIM5
SIM1
SIM2
SIM3
SIM4
1
21
22
SIM5
SIM1
SIM2
SIM3
SIM4
1
21
22
SIM5
SIM1
SIM2
SIM3
SIM4
1
21
22
SIM5
SIM1
SIM2
SIM3
SIM4
1
21
22
SIM5
SIM1
SIM2
SIM3
SIM4
1
21
22
SIM5
SIM1
SIM2
SIM3
SIM4
1
21
22
SIM5
SIM1
SIM2
SIM3
SIM4
1
21
22
SIM5
SIM1
SIM2
SIM3
SIM4
1
21
22
SIM5
SIM1
SIM2
SIM3
SIM4
1
21
22
SIM5
SIM1
SIM2
SIM3
SIM4
1
21
22
SIM5
SIM1
SIM2
SIM3
SIM4
1
21
22
SIM5
SIM1
SIM2
SIM3
SIM4
1
21
22
SIM5
SIM1
SIM2
SIM3
SIM4
1
21
22
SIM5
SIM1
SIM2
SIM3
SIM4
1
21
22
SIM5
SIM1
SIM2
SIM3
SIM4
1
21
22
SIM5
SIM1
SIM2
SIM3
SIM4
1
21
22
SIM5
SIM1
SIM2
SIM3
SIM4
1
21
22
SIM5
SIM1
SIM2
SIM3
SIM4
1
21
22
SIM5
SIM1
SIM2
SIM3
SIM4
1
21
22
SIM5
SIM1
SIM2
SIM3
SIM4
1
21
22
SIM5
SIM1
SIM2
SIM3
SIM4
1
21
22
SIM5
SIM1
SIM2
SIM3
SIM4
1
21
22
SIM5
SIM1
SIM2
SIM3
SIM4
1
21
22
SIM5
SIM1
SIM2
SIM3
SIM4
1
21
22
SIM5
SIM1
SIM2
SIM3
SIM4
1
21
22
SIM5
SIM1
SIM2
SIM3
SIM4
1
21
22
SIM5
SIM1
SIM2
SIM3
SIM4
1
21
22
SIM5
SIM1
SIM2
SIM3
SIM4
1
21
22
SIM5
SIM1
SIM2
SIM3
SIM4
1
21
22
SIM5
SIM1
SIM2
SIM3
SIM4
1
21
22
SIM5
SIM1
SIM2
SIM3
SIM4
1
21
22
SIM5
SIM1
SIM2
SIM3
SIM4
1
21
22
SIM5
SIM1
SIM2
SIM3
SIM4
1
21
22
SIM5
SIM1
SIM2
SIM3
SIM4
1
21
22
SIM5
SIM1
SIM2
SIM3
SIM4
1
21
22
SIM5
SIM1
SIM2
SIM3
SIM4
1
21
22
SIM5
SIM1
SIM2
SIM3
SIM4
1
21
22
SIM5
SIM1
SIM2
SIM3
SIM4
1
21
22
SIM5
SIM1
SIM2
SIM3
SIM4
1
21
22
SIM5
SIM1
SIM2
SIM3
SIM4
1
21
22
SIM5
SIM1
SIM2
SIM3
SIM4
1
21
22
SIM5
SIM1
SIM2
SIM3
SIM4
1
21
22
SIM5
SIM1
SIM2
SIM3
SIM4
1
21
22
SIM5
SIM1
SIM2
SIM3
SIM4
1
21
22
SIM5
SIM1
SIM2
SIM3
SIM4
1
21
22
SIM5
SIM1
SIM2
SIM3
SIM4
1
21
22
SIM5
SIM1
SIM2
SIM3
SIM4
1
21
22
SIM5
SIM1
SIM2
SIM3
SIM4
1
21
22
SIM5
SIM1
SIM2
SIM3
SIM4
1
21
22
SIM5
SIM1
SIM2
SIM3
SIM4
1
21
22
SIM5
SIM1
SIM2
SIM3
SIM4
1
21
22
SIM5
SIM1
SIM2
SIM3
SIM4
1
21
22
SIM5
SIM1
SIM2
SIM3
SIM4
1
21
22
SIM5
SIM1
SIM2
SIM3
SIM4
1
21
22
SIM5
SIM1
SIM2
SIM3
SIM4
1
21
22
SIM5
SIM1
SIM2
SIM3
SIM4
1
21
22
SIM5
SIM1
SIM2
SIM3
SIM4
1
21
22
SIM5
SIM1
SIM2
SIM3
SIM4
1
21
22
SIM5
SIM1
SIM2
SIM3
SIM4
1
21
22
SIM5
SIM1
SIM2
SIM3
SIM4
1
21
22
SIM5
SIM1
SIM2
SIM3
SIM4
1
21
22
SIM5
SIM1
SIM2
SIM3
SIM4
1
21
22
SIM5
SIM1
SIM2
SIM3
SIM4
1
21
22
SIM5
SIM1
SIM2
SIM3
SIM4
1
21
22
SIM5
SIM1
SIM2
SIM3
SIM4
1
21
22
SIM5
SIM1
SIM2
SIM3
SIM4
1
21
22
SIM5
SIM1
SIM2
SIM3
SIM4
1
21
22
SIM5
SIM1
SIM2
SIM3
SIM4
1
21
22
SIM5
SIM1
SIM2
SIM3
SIM4
1
21
22
SIM5
SIM1
SIM2
SIM3
SIM4
1
21
22
SIM5
SIM1
SIM2
SIM3
SIM4
1
21
22
SIM5
SIM1
SIM2
SIM3
SIM4
1
21
22
SIM5
SIM1
SIM2
SIM3
SIM4
1
21
22
SIM5
SIM1
SIM2
SIM3
SIM4
1
21
22
SIM5
SIM1
SIM2
SIM3
SIM4
1
21
22
SIM5
SIM1
SIM2
SIM3
SIM4
1
21
22
SIM5
SIM1
SIM2
SIM3
SIM4
1
21
22
SIM5
SIM1
SIM2
SIM3
SIM4
1
21
22
SIM5
SIM1
SIM2
SIM3
SIM4
1
21
22
SIM5
SIM1
SIM2
SIM3
SIM4
1
21
22
SIM5
SIM1
SIM2
SIM3
SIM4
1
21
22
SIM5
SIM1
SIM2
SIM3
SIM4
1
21
22
SIM5
SIM1
SIM2
SIM3
SIM4
1
21
22
SIM5
SIM1
SIM2
SIM3
SIM4
1
21
22
SIM5
SIM1
SIM2
SIM3
SIM4
1
21
22
SIM5
SIM1
SIM2
SIM3
SIM4
1
21
22
SIM5
SIM1
SIM2
SIM3
SIM4
1
21
22
SIM5
SIM1
SIM2
SIM3
SIM4
1
21
22
SIM5
SIM1
SIM2
SIM3
SIM4
1
21
22
SIM5
SIM1
SIM2
SIM3
SIM4
1
21
22
SIM5
SIM1
SIM2
SIM3
SIM4
1
21
22
SIM5
SIM1
SIM2
SIM3
SIM4
1
21
22
SIM5
SIM1
SIM2
SIM3
SIM4
1
21
22
SIM5
SIM1
SIM2
SIM3
SIM4
1
21
22
SIM5
SIM1
SIM2
SIM3
SIM4
1
21
22
SIM5
SIM1
SIM2
SIM3
SIM4
1
21
22
SIM5
SIM1
SIM2
SIM3
SIM4
1
21
22
SIM5
SIM1
SIM2
SIM3
SIM4
1
21
22
SIM5
SIM1
SIM2
SIM3
SIM4
1
21
22
SIM5
SIM1
SIM2
SIM3
SIM4
1
21
22
SIM5
SIM1
SIM2
SIM3
SIM4
1
21
22
SIM5
SIM1
SIM2
SIM3
SIM4
1
21
22
SIM5
SIM1
SIM2
SIM3
SIM4
1
21
22
SIM5
SIM1
SIM2
SIM3
SIM4
1
21
22
SIM5
SIM1
SIM2
SIM3
SIM4
1
21
22
SIM5
SIM1
SIM2
SIM3
SIM4
1
21
22
SIM5
SIM1
SIM2
SIM3
SIM4
1
21
22
SIM5
SIM1
SIM2
SIM3
SIM4
1
21
22
SIM5
SIM1
SIM2
SIM3
SIM4
1
21
22
SIM5
SIM1
SIM2
SIM3
SIM4
1
21
22
SIM5
SIM1
SIM2
SIM3
SIM4
1
21
22
SIM5
SIM1
SIM2
SIM3
SIM4
1
21
22
SIM5
SIM1
SIM2
SIM3
SIM4
1
21
22
SIM5
SIM1
SIM2
SIM3
SIM4
1
21
22
SIM5
SIM1
SIM2
SIM3
SIM4
1
21
22
SIM5
SIM1
SIM2
SIM3
SIM4
1
21
22
SIM5
SIM1
SIM2
DEBUG 1 233
SIM1
SIM2
SIM3
SIM4
1
21
22
SIM5
SIM1
SIM2
SIM3
SIM4
1
21
22
SIM5
SIM1
SIM2
SIM3
SIM4
1
21
22
SIM5
SIM1
SIM2
SIM3
SIM4
1
21
22
SIM5
SIM1
SIM2
SIM3
SIM4
1
21
22
SIM5
SIM1
SIM2
SIM3
SIM4
1
21
22
SIM5
SIM1
SIM2
SIM3
SIM4
1
21
22
SIM5
SIM1
SIM2
SIM3
SIM4
1
21
22
SIM5
SIM1
SIM2
SIM3
SIM4
1
21
22
SIM5
SIM1
SIM2
SIM3
SIM4
1
21
22
SIM5
SIM1
SIM2
SIM3
SIM4
1
21
22
SIM5
SIM1
SIM2
SIM3
SIM4
1
21
22
SIM5
SIM1
SIM2
SIM3
SIM4
1
21
22
SIM5
SIM1
SIM2
SIM3
SIM4
1
21
22
SIM5
SIM1
SIM2
SIM3
SIM4
1
21
22
SIM5
SIM1
SIM2
SIM3
SIM4
1
21
22
SIM5
SIM1
SIM2
SIM3
SIM4
1
21
22
SIM5
SIM1
SIM2
SIM3
SIM4
1
21
22
SIM5
SIM1
SIM2
SIM3
SIM4
1
21
22
SIM5
SIM1
SIM2
SIM3
SIM4
1
21
22
SIM5
SIM1
SIM2
SIM3
SIM4
1
21
22
SIM5
SIM1
SIM2
SIM3
SIM4
1
21
22
SIM5
SIM1
SIM2
SIM3
SIM4
1
21
22
SIM5
SIM1
SIM2
SIM3
SIM4
1
21
22
SIM5
SIM1
SIM2
SIM3
SIM4
1
21
22
SIM5
SIM1
SIM2
SIM3
SIM4
1
21
22
SIM5
SIM1
SIM2
SIM3
SIM4
1
21
22
SIM5
SIM1
SIM2
SIM3
SIM4
1
21
22
SIM5
SIM1
SIM2
SIM3
SIM4
1
21
22
SIM5
SIM1
SIM2
SIM3
SIM4
1
21
22
SIM5
SIM1
SIM2
SIM3
SIM4
1
21
22
SIM5
SIM1
SIM2
SIM3
SIM4
1
21
22
SIM5
SIM1
SIM2
SIM3
SIM4
1
21
22
SIM5
SIM1
SIM2
SIM3
SIM4
1
21
22
SIM5
SIM1
SIM2
SIM3
SIM4
1
21
22
SIM5
SIM1
SIM2
SIM3
SIM4
1
21
22
SIM5
SIM1
SIM2
SIM3
SIM4
1
21
22
SIM5
SIM1
SIM2
SIM3
SIM4
1
21
22
SIM5
SIM1
SIM2
SIM3
SIM4
1
21
22
SIM5
SIM1
SIM2
SIM3
SIM4
1
21
22
SIM5
SIM1
SIM2
SIM3
SIM4
1
21
22
SIM5
SIM1
SIM2
SIM3
SIM4
1
21
22
SIM5
SIM1
SIM2
SIM3
SIM4
1
21
22
SIM5
SIM1
SIM2
SIM3
SIM4
1
21
22
SIM5
SIM1
SIM2
SIM3
SIM4
1
21
22
SIM5
SIM1
SIM2
SIM3
SIM4
1
21
22
SIM5
SIM1
SIM2
SIM3
SIM4
1
21
22
SIM5
SIM1
SIM2
SIM3
SIM4
1
21
22
SIM5
SIM1
SIM2
SIM3
SIM4
1
21
22
SIM5
SIM1
SIM2
SIM3
SIM4
1
21
22
SIM5
SIM1
SIM2
SIM3
SIM4
1
21
22
SIM5
SIM1
SIM2
SIM3
SIM4
1
21
22
SIM5
SIM1
SIM2
SIM3
SIM4
1
21
22
SIM5
SIM1
SIM2
SIM3
SIM4
1
21
22
SIM5
SIM1
SIM2
SIM3
SIM4
1
21
22
SIM5
SIM1
SIM2
SIM3
SIM4
1
21
22
SIM5
SIM1
SIM2
SIM3
SIM4
1
21
22
SIM5
SIM1
SIM2
SIM3
SIM4
1
21
22
SIM5
SIM1
SIM2
SIM3
SIM4
1
21
22
SIM5
SIM1
SIM2
SIM3
SIM4
1
21
22
SIM5
SIM1
SIM2
SIM3
SIM4
1
21
22
SIM5
SIM1
SIM2
SIM3
SIM4
1
21
22
SIM5
SIM1
SIM2
SIM3
SIM4
1
21
22
SIM5
SIM1
SIM2
SIM3
SIM4
1
21
22
SIM5
SIM1
SIM2
SIM3
SIM4
1
21
22
SIM5
SIM1
SIM2
SIM3
SIM4
1
21
22
SIM5
SIM1
SIM2
SIM3
SIM4
1
21
22
SIM5
SIM1
SIM2
SIM3
SIM4
1
21
22
SIM5
SIM1
SIM2
SIM3
SIM4
1
21
22
SIM5
SIM1
SIM2
SIM3
SIM4
1
21
22
SIM5
SIM1
SIM2
SIM3
SIM4
1
21
22
SIM5
SIM1
SIM2
SIM3
SIM4
1
21
22
SIM5
SIM1
SIM2
SIM3
SIM4
1
21
22
SIM5
SIM1
SIM2
SIM3
SIM4
1
21
22
SIM5
SIM1
SIM2
SIM3
SIM4
1
21
22
SIM5
SIM1
SIM2
SIM3
SIM4
1
21
22
SIM5
SIM1
SIM2
SIM3
SIM4
1
21
22
SIM5
SIM1
SIM2
SIM3
SIM4
1
21
22
SIM5
SIM1
SIM2
SIM3
SIM4
1
21
22
SIM5
SIM1
SIM2
SIM3
SIM4
1
21
22
SIM5
SIM1
SIM2
SIM3
SIM4
1
21
22
SIM5
SIM1
SIM2
SIM3
SIM4
1
21
22
SIM5
SIM1
SIM2
SIM3
SIM4
1
21
22
SIM5
SIM1
SIM2
SIM3
SIM4
1
21
22
SIM5
SIM1
SIM2
SIM3
SIM4
1
21
22
SIM5
SIM1
SIM2
SIM3
SIM4
1
21
22
SIM5
SIM1
SIM2
SIM3
SIM4
1
21
22
SIM5
SIM1
SIM2
SIM3
SIM4
1
21
22
SIM5
SIM1
SIM2
SIM3
SIM4
1
21
22
SIM5
SIM1
SIM2
SIM3
SIM4
1
21
22
SIM5
SIM1
SIM2
SIM3
SIM4
1
21
22
SIM5
SIM1
SIM2
SIM3
SIM4
1
21
22
SIM5
SIM1
SIM2
SIM3
SIM4
1
21
22
SIM5
SIM1
SIM2
SIM3
SIM4
1
21
22
SIM5
SIM1
SIM2
SIM3
SIM4
1
21
22
SIM5
SIM1
SIM2
SIM3
SIM4
1
21
22
SIM5
SIM1
SIM2
SIM3
SIM4
1
21
22
SIM5
SIM1
SIM2
SIM3
SIM4
1
21
22
SIM5
SIM1
SIM2
SIM3
SIM4
1
21
22
SIM5
SIM1
SIM2
SIM3
SIM4
1
21
22
SIM5
SIM1
SIM2
SIM3
SIM4
1
21
22
SIM5
SIM1
SIM2
SIM3
SIM4
1
21
22
SIM5
SIM1
SIM2
SIM3
SIM4
1
21
22
SIM5
SIM1
SIM2
SIM3
SIM4
1
21
22
SIM5
SIM1
SIM2
SIM3
SIM4
1
21
22
SIM5
SIM1
SIM2
SIM3
SIM4
1
21
22
SIM5
SIM1
SIM2
SIM3
SIM4
1
21
22
SIM5
SIM1
SIM2
SIM3
SIM4
1
21
22
SIM5
SIM1
SIM2
SIM3
SIM4
1
21
22
SIM5
SIM1
SIM2
SIM3
SIM4
1
21
22
SIM5
SIM1
SIM2
SIM3
SIM4
1
21
22
SIM5
SIM1
SIM2
SIM3
SIM4
1
21
22
SIM5
SIM1
SIM2
SIM3
SIM4
1
21
22
SIM5
SIM1
SIM2
SIM3
SIM4
1
21
22
SIM5
SIM1
SIM2
SIM3
SIM4
1
21
22
SIM5
SIM1
SIM2
SIM3
SIM4
1
21
22
SIM5
SIM1
SIM2
SIM3
SIM4
1
21
22
SIM5
SIM1
SIM2
SIM3
SIM4
1
21
22
SIM5
SIM1
SIM2
SIM3
SIM4
1
21
22
SIM5
SIM1
SIM2
SIM3
SIM4
1
21
22
SIM5
SIM1
SIM2
SIM3
SIM4
1
21
22
SIM5
SIM1
SIM2
SIM3
SIM4
1
21
22
SIM5
SIM1
SIM2
SIM3
SIM4
1
21
22
SIM5
SIM1
SIM2
SIM3
SIM4
1
21
22
SIM5
SIM1
SIM2
SIM3
SIM4
1
21
22
SIM5
SIM1
SIM2
SIM3
SIM4
1
21
22
SIM5
SIM1
SIM2
SIM3
SIM4
1
21
22
SIM5
SIM1
SIM2
SIM3
SIM4
1
21
22
SIM5
SIM1
SIM2
SIM3
SIM4
1
21
22
SIM5
SIM1
SIM2
SIM3
SIM4
1
21
22
SIM5
SIM1
SIM2
SIM3
SIM4
1
21
22
SIM5
SIM1
SIM2
SIM3
SIM4
1
21
22
SIM5
SIM1
SIM2
SIM3
SIM4
1
21
22
SIM5
SIM1
SIM2
SIM3
SIM4
1
21
22
SIM5
SIM1
SIM2
SIM3
SIM4
1
21
22
SIM5
SIM1
SIM2
SIM3
SIM4
1
21
22
SIM5
SIM1
SIM2
SIM3
SIM4
1
21
22
SIM5
SIM1
SIM2
SIM3
SIM4
1
21
22
SIM5
SIM1
SIM2
SIM3
SIM4
1
21
22
SIM5
SIM1
SIM2
SIM3
SIM4
1
21
22
SIM5
SIM1
SIM2
SIM3
SIM4
1
21
22
SIM5
SIM1
SIM2
SIM3
SIM4
1
21
22
SIM5
SIM1
SIM2
SIM3
SIM4
1
21
22
SIM5
SIM1
SIM2
SIM3
SIM4
1
21
22
SIM5
SIM1
SIM2
SIM3
SIM4
1
21
22
SIM5
SIM1
SIM2
SIM3
SIM4
1
21
22
SIM5
SIM1
SIM2
SIM3
SIM4
1
21
22
SIM5
SIM1
SIM2
SIM3
SIM4
1
21
22
SIM5
SIM1
SIM2
SIM3
SIM4
1
21
22
SIM5
SIM1
SIM2
SIM3
SIM4
1
21
22
SIM5
SIM1
SIM2
SIM3
SIM4
1
21
22
SIM5
SIM1
SIM2
SIM3
SIM4
1
21
22
SIM5
SIM1
SIM2
SIM3
SIM4
1
21
22
SIM5
SIM1
SIM2
SIM3
SIM4
1
21
22
SIM5
SIM1
SIM2
SIM3
SIM4
1
21
22
SIM5
SIM1
SIM2
SIM3
SIM4
1
21
22
SIM5
SIM1
SIM2
SIM3
SIM4
1
21
22
SIM5
SIM1
SIM2
SIM3
SIM4
1
21
22
SIM5
SIM1
SIM2
SIM3
SIM4
1
21
22
SIM5
SIM1
SIM2
SIM3
SIM4
1
21
22
SIM5
SIM1
SIM2
SIM3
SIM4
1
21
22
SIM5
SIM1
SIM2
SIM3
SIM4
1
21
22
SIM5
SIM1
SIM2
SIM3
SIM4
1
21
22
SIM5
SIM1
SIM2
SIM3
SIM4
1
21
22
SIM5
SIM1
SIM2
SIM3
SIM4
1
21
22
SIM5
SIM1
SIM2
SIM3
SIM4
1
21
22
SIM5
SIM1
SIM2
DEBUG 1 234
SIM1
SIM2
SIM3
SIM4
1
21
22
SIM5
SIM1
SIM2
SIM3
SIM4
1
21
22
SIM5
SIM1
SIM2
SIM3
SIM4
1
21
22
SIM5
SIM1
SIM2
SIM3
SIM4
1
21
22
SIM5
SIM1
SIM2
SIM3
SIM4
1
21
22
SIM5
SIM1
SIM2
SIM3
SIM4
1
21
22
SIM5
SIM1
SIM2
SIM3
SIM4
1
21
22
SIM5
SIM1
SIM2
SIM3
SIM4
1
21
22
SIM5
SIM1
SIM2
SIM3
SIM4
1
21
22
SIM5
SIM1
SIM2
SIM3
SIM4
1
21
22
SIM5
SIM1
SIM2
SIM3
SIM4
1
21
22
SIM5
SIM1
SIM2
SIM3
SIM4
1
21
22
SIM5
SIM1
SIM2
SIM3
SIM4
1
21
22
SIM5
SIM1
SIM2
SIM3
SIM4
1
21
22
SIM5
SIM1
SIM2
SIM3
SIM4
1
21
22
SIM5
SIM1
SIM2
SIM3
SIM4
1
21
22
SIM5
SIM1
SIM2
SIM3
SIM4
1
21
22
SIM5
SIM1
SIM2
SIM3
SIM4
1
21
22
SIM5
SIM1
SIM2
SIM3
SIM4
1
21
22
SIM5
SIM1
SIM2
SIM3
SIM4
1
21
22
SIM5
SIM1
SIM2
SIM3
SIM4
1
21
22
SIM5
SIM1
SIM2
SIM3
SIM4
1
21
22
SIM5
SIM1
SIM2
SIM3
SIM4
1
21
22
SIM5
SIM1
SIM2
SIM3
SIM4
1
21
22
SIM5
SIM1
SIM2
SIM3
SIM4
1
21
22
SIM5
SIM1
SIM2
SIM3
SIM4
1
21
22
SIM5
SIM1
SIM2
SIM3
SIM4
1
21
22
SIM5
SIM1
SIM2
SIM3
SIM4
1
21
22
SIM5
SIM1
SIM2
SIM3
SIM4
1
21
22
SIM5
SIM1
SIM2
SIM3
SIM4
1
21
22
SIM5
SIM1
SIM2
SIM3
SIM4
1
21
22
SIM5
SIM1
SIM2
SIM3
SIM4
1
21
22
SIM5
SIM1
SIM2
SIM3
SIM4
1
21
22
SIM5
SIM1
SIM2
SIM3
SIM4
1
21
22
SIM5
SIM1
SIM2
SIM3
SIM4
1
21
22
SIM5
SIM1
SIM2
SIM3
SIM4
1
21
22
SIM5
SIM1
SIM2
SIM3
SIM4
1
21
22
SIM5
SIM1
SIM2
SIM3
SIM4
1
21
22
SIM5
SIM1
SIM2
SIM3
SIM4
1
21
22
SIM5
SIM1
SIM2
SIM3
SIM4
1
21
22
SIM5
SIM1
SIM2
SIM3
SIM4
1
21
22
SIM5
SIM1
SIM2
SIM3
SIM4
1
21
22
SIM5
SIM1
SIM2
SIM3
SIM4
1
21
22
SIM5
SIM1
SIM2
SIM3
SIM4
1
21
22
SIM5
SIM1
SIM2
SIM3
SIM4
1
21
22
SIM5
SIM1
SIM2
SIM3
SIM4
1
21
22
SIM5
SIM1
SIM2
SIM3
SIM4
1
21
22
SIM5
SIM1
SIM2
SIM3
SIM4
1
21
22
SIM5
SIM1
SIM2
SIM3
SIM4
1
21
22
SIM5
SIM1
SIM2
SIM3
SIM4
1
21
22
SIM5
SIM1
SIM2
SIM3
SIM4
1
21
22
SIM5
SIM1
SIM2
SIM3
SIM4
1
21
22
SIM5
SIM1
SIM2
SIM3
SIM4
1
21
22
SIM5
SIM1
SIM2
SIM3
SIM4
1
21
22
SIM5
SIM1
SIM2
SIM3
SIM4
1
21
22
SIM5
SIM1
SIM2
SIM3
SIM4
1
21
22
SIM5
SIM1
SIM2
SIM3
SIM4
1
21
22
SIM5
SIM1
SIM2
SIM3
SIM4
1
21
22
SIM5
SIM1
SIM2
SIM3
SIM4
1
21
22
SIM5
SIM1
SIM2
SIM3
SIM4
1
21
22
SIM5
SIM1
SIM2
SIM3
SIM4
1
21
22
SIM5
SIM1
SIM2
SIM3
SIM4
1
21
22
SIM5
SIM1
SIM2
SIM3
SIM4
1
21
22
SIM5
SIM1
SIM2
SIM3
SIM4
1
21
22
SIM5
SIM1
SIM2
SIM3
SIM4
1
21
22
SIM5
SIM1
SIM2
SIM3
SIM4
1
21
22
SIM5
SIM1
SIM2
SIM3
SIM4
1
21
22
SIM5
SIM1
SIM2
SIM3
SIM4
1
21
22
SIM5
SIM1
SIM2
SIM3
SIM4
1
21
22
SIM5
SIM1
SIM2
SIM3
SIM4
1
21
22
SIM5
SIM1
SIM2
SIM3
SIM4
1
21
22
SIM5
SIM1
SIM2
SIM3
SIM4
1
21
22
SIM5
SIM1
SIM2
SIM3
SIM4
1
21
22
SIM5
SIM1
SIM2
SIM3
SIM4
1
21
22
SIM5
SIM1
SIM2
SIM3
SIM4
1
21
22
SIM5
SIM1
SIM2
SIM3
SIM4
1
21
22
SIM5
SIM1
SIM2
SIM3
SIM4
1
21
22
SIM5
SIM1
SIM2
SIM3
SIM4
1
21
22
SIM5
SIM1
SIM2
SIM3
SIM4
1
21
22
SIM5
SIM1
SIM2
SIM3
SIM4
1
21
22
SIM5
SIM1
SIM2
SIM3
SIM4
1
21
22
SIM5
SIM1
SIM2
SIM3
SIM4
1
21
22
SIM5
SIM1
SIM2
SIM3
SIM4
1
21
22
SIM5
SIM1
SIM2
SIM3
SIM4
1
21
22
SIM5
SIM1
SIM2
SIM3
SIM4
1
21
22
SIM5
SIM1
SIM2
SIM3
SIM4
1
21
22
SIM5
SIM1
SIM2
SIM3
SIM4
1
21
22
SIM5
SIM1
SIM2
SIM3
SIM4
1
21
22
SIM5
SIM1
SIM2
SIM3
SIM4
1
21
22
SIM5
SIM1
SIM2
SIM3
SIM4
1
21
22
SIM5
SIM1
SIM2
SIM3
SIM4
1
21
22
SIM5
SIM1
SIM2
SIM3
SIM4
1
21
22
SIM5
SIM1
SIM2
SIM3
SIM4
1
21
22
SIM5
SIM1
SIM2
SIM3
SIM4
1
21
22
SIM5
SIM1
SIM2
SIM3
SIM4
1
21
22
SIM5
SIM1
SIM2
SIM3
SIM4
1
21
22
SIM5
SIM1
SIM2
SIM3
SIM4
1
21
22
SIM5
SIM1
SIM2
SIM3
SIM4
1
21
22
SIM5
SIM1
SIM2
SIM3
SIM4
1
21
22
SIM5
SIM1
SIM2
SIM3
SIM4
1
21
22
SIM5
SIM1
SIM2
SIM3
SIM4
1
21
22
SIM5
SIM1
SIM2
SIM3
SIM4
1
21
22
SIM5
SIM1
SIM2
SIM3
SIM4
1
21
22
SIM5
SIM1
SIM2
SIM3
SIM4
1
21
22
SIM5
SIM1
SIM2
SIM3
SIM4
1
21
22
SIM5
SIM1
SIM2
DEBUG 1 235
SIM1
SIM2
SIM3
SIM4
1
21
22
SIM5
SIM1
SIM2
SIM3
SIM4
1
21
22
SIM5
SIM1
SIM2
SIM3
SIM4
1
21
22
SIM5
SIM1
SIM2
SIM3
SIM4
1
21
22
SIM5
SIM1
SIM2
SIM3
SIM4
1
21
22
SIM5
SIM1
SIM2
SIM3
SIM4
1
21
22
SIM5
SIM1
SIM2
SIM3
SIM4
1
21
22
SIM5
SIM1
SIM2
SIM3
SIM4
1
21
22
SIM5
SIM1
SIM2
SIM3
SIM4
1
21
22
SIM5
SIM1
SIM2
SIM3
SIM4
1
21
22
SIM5
SIM1
SIM2
SIM3
SIM4
1
21
22
SIM5
SIM1
SIM2
SIM3
SIM4
1
21
22
SIM5
SIM1
SIM2
SIM3
SIM4
1
21
22
SIM5
SIM1
SIM2
SIM3
SIM4
1
21
22
SIM5
SIM1
SIM2
SIM3
SIM4
1
21
22
SIM5
SIM1
SIM2
SIM3
SIM4
1
21
22
SIM5
SIM1
SIM2
SIM3
SIM4
1
21
22
SIM5
SIM1
SIM2
SIM3
SIM4
1
21
22
SIM5
SIM1
SIM2
SIM3
SIM4
1
21
22
SIM5
SIM1
SIM2
SIM3
SIM4
1
21
22
SIM5
SIM1
SIM2
SIM3
SIM4
1
21
22
SIM5
SIM1
SIM2
SIM3
SIM4
1
21
22
SIM5
SIM1
SIM2
SIM3
SIM4
1
21
22
SIM5
SIM1
SIM2
SIM3
SIM4
1
21
22
SIM5
SIM1
SIM2
SIM3
SIM4
1
21
22
SIM5
SIM1
SIM2
SIM3
SIM4
1
21
22
SIM5
SIM1
SIM2
SIM3
SIM4
1
21
22
SIM5
SIM1
SIM2
SIM3
SIM4
1
21
22
SIM5
SIM1
SIM2
SIM3
SIM4
1
21
22
SIM5
SIM1
SIM2
SIM3
SIM4
1
21
22
SIM5
SIM1
SIM2
SIM3
SIM4
1
21
22
SIM5
SIM1
SIM2
SIM3
SIM4
1
21
22
SIM5
SIM1
SIM2
SIM3
SIM4
1
21
22
SIM5
SIM1
SIM2
SIM3
SIM4
1
21
22
SIM5
SIM1
SIM2
SIM3
SIM4
1
21
22
SIM5
SIM1
SIM2
SIM3
SIM4
1
21
22
SIM5
SIM1
SIM2
SIM3
SIM4
1
21
22
SIM5
SIM1
SIM2
SIM3
SIM4
1
21
22
SIM5
SIM1
SIM2
SIM3
SIM4
1
21
22
SIM5
SIM1
SIM2
SIM3
SIM4
1
21
22
SIM5
SIM1
SIM2
SIM3
SIM4
1
21
22
SIM5
SIM1
SIM2
SIM3
SIM4
1
21
22
SIM5
SIM1
SIM2
SIM3
SIM4
1
21
22
SIM5
SIM1
SIM2
SIM3
SIM4
1
21
22
SIM5
SIM1
SIM2
SIM3
SIM4
1
21
22
SIM5
SIM1
SIM2
SIM3
SIM4
1
21
22
SIM5
SIM1
SIM2
SIM3
SIM4
1
21
22
SIM5
SIM1
SIM2
SIM3
SIM4
1
21
22
SIM5
SIM1
SIM2
SIM3
SIM4
1
21
22
SIM5
SIM1
SIM2
SIM3
SIM4
1
21
22
SIM5
SIM1
SIM2
SIM3
SIM4
1
21
22
SIM5
SIM1
SIM2
SIM3
SIM4
1
21
22
SIM5
SIM1
SIM2
SIM3
SIM4
1
21
22
SIM5
SIM1
SIM2
SIM3
SIM4
1
21
22
SIM5
SIM1
SIM2
SIM3
SIM4
1
21
22
SIM5
SIM1
SIM2
SIM3
SIM4
1
21
22
SIM5
SIM1
SIM2
SIM3
SIM4
1
21
22
SIM5
SIM1
SIM2
SIM3
SIM4
1
21
22
SIM5
SIM1
SIM2
SIM3
SIM4
1
21
22
SIM5
SIM1
SIM2
SIM3
SIM4
1
21
22
SIM5
SIM1
SIM2
SIM3
SIM4
1
21
22
SIM5
SIM1
SIM2
SIM3
SIM4
1
21
22
SIM5
SIM1
SIM2
SIM3
SIM4
1
21
22
SIM5
SIM1
SIM2
SIM3
SIM4
1
21
22
SIM5
SIM1
SIM2
SIM3
SIM4
1
21
22
SIM5
SIM1
SIM2
SIM3
SIM4
1
21
22
SIM5
SIM1
SIM2
SIM3
SIM4
1
21
22
SIM5
SIM1
SIM2
SIM3
SIM4
1
21
22
SIM5
SIM1
SIM2
SIM3
SIM4
1
21
22
SIM5
SIM1
SIM2
SIM3
SIM4
1
21
22
SIM5
SIM1
SIM2
SIM3
SIM4
1
21
22
SIM5
SIM1
SIM2
SIM3
SIM4
1
21
22
SIM5
SIM1
SIM2
SIM3
SIM4
1
21
22
SIM5
SIM1
SIM2
SIM3
SIM4
1
21
22
SIM5
SIM1
SIM2
SIM3
SIM4
1
21
22
SIM5
SIM1
SIM2
SIM3
SIM4
1
21
22
SIM5
SIM1
SIM2
SIM3
SIM4
1
21
22
SIM5
SIM1
SIM2
SIM3
SIM4
1
21
22
SIM5
SIM1
SIM2
SIM3
SIM4
1
21
22
SIM5
SIM1
SIM2
SIM3
SIM4
1
21
22
SIM5
SIM1
SIM2
SIM3
SIM4
1
21
22
SIM5
SIM1
SIM2
SIM3
SIM4
1
21
22
SIM5
SIM1
SIM2
SIM3
SIM4
1
21
22
SIM5
SIM1
SIM2
SIM3
SIM4
1
21
22
SIM5
SIM1
SIM2
SIM3
SIM4
1
21
22
SIM5
SIM1
SIM2
SIM3
SIM4
1
21
22
SIM5
SIM1
SIM2
SIM3
SIM4
1
21
22
SIM5
SIM1
SIM2
SIM3
SIM4
1
21
22
SIM5
SIM1
SIM2
SIM3
SIM4
1
21
22
SIM5
SIM1
SIM2
SIM3
SIM4
1
21
22
SIM5
SIM1
SIM2
SIM3
SIM4
1
21
22
SIM5
SIM1
SIM2
SIM3
SIM4
1
21
22
SIM5
SIM1
SIM2
SIM3
SIM4
1
21
22
SIM5
SIM1
SIM2
SIM3
SIM4
1
21
22
SIM5
SIM1
SIM2
SIM3
SIM4
1
21
22
SIM5
SIM1
SIM2
SIM3
SIM4
1
21
22
SIM5
SIM1
SIM2
SIM3
SIM4
1
21
22
SIM5
SIM1
SIM2
SIM3
SIM4
1
21
22
SIM5
SIM1
SIM2
SIM3
SIM4
1
21
22
SIM5
SIM1
SIM2
SIM3
SIM4
1
21
22
SIM5
SIM1
SIM2
SIM3
SIM4
1
21
22
SIM5
SIM1
SIM2
SIM3
SIM4
1
21
22
SIM5
SIM1
SIM2
SIM3
SIM4
1
21
22
SIM5
SIM1
SIM2
SIM3
SIM4
1
21
22
SIM5
SIM1
SIM2
SIM3
SIM4
1
21
22
SIM5
SIM1
SIM2
SIM3
SIM4
1
21
22
SIM5
SIM1
SIM2
SIM3
SIM4
1
21
22
SIM5
SIM1
SIM2
SIM3
SIM4
1
21
22
SIM5
SIM1
SIM2
SIM3
SIM4
1
21
22
SIM5
SIM1
SIM2
SIM3
SIM4
1
21
22
SIM5
SIM1
SIM2
SIM3
SIM4
1
21
22
SIM5
SIM1
SIM2
SIM3
SIM4
1
21
22
SIM5
SIM1
SIM2
SIM3
SIM4
1
21
22
SIM5
SIM1
SIM2
SIM3
SIM4
1
21
22
SIM5
SIM1
SIM2
SIM3
SIM4
1
21
22
SIM5
SIM1
SIM2
SIM3
SIM4
1
21
22
SIM5
SIM1
SIM2
SIM3
SIM4
1
21
22
SIM5
SIM1
SIM2
SIM3
SIM4
1
21
22
SIM5
SIM1
SIM2
SIM3
SIM4
1
21
22
SIM5
SIM1
SIM2
SIM3
SIM4
1
21
22
SIM5
SIM1
SIM2
SIM3
SIM4
1
21
22
SIM5
SIM1
SIM2
SIM3
SIM4
1
21
22
SIM5
SIM1
SIM2
SIM3
SIM4
1
21
22
SIM5
SIM1
SIM2
SIM3
SIM4
1
21
22
SIM5
SIM1
SIM2
SIM3
SIM4
1
21
22
SIM5
SIM1
SIM2
SIM3
SIM4
1
21
22
SIM5
SIM1
SIM2
SIM3
SIM4
1
21
22
SIM5
SIM1
SIM2
SIM3
SIM4
1
21
22
SIM5
SIM1
SIM2
SIM3
SIM4
1
21
22
SIM5
SIM1
SIM2
SIM3
SIM4
1
21
22
SIM5
SIM1
SIM2
SIM3
SIM4
1
21
22
SIM5
SIM1
SIM2
SIM3
SIM4
1
21
22
SIM5
SIM1
SIM2
SIM3
SIM4
1
21
22
SIM5
SIM1
SIM2
SIM3
SIM4
1
21
22
SIM5
SIM1
SIM2
SIM3
SIM4
1
21
22
SIM5
SIM1
SIM2
SIM3
SIM4
1
21
22
SIM5
SIM1
SIM2
SIM3
SIM4
1
21
22
SIM5
SIM1
SIM2
SIM3
SIM4
1
21
22
SIM5
SIM1
SIM2
SIM3
SIM4
1
21
22
SIM5
SIM1
SIM2
SIM3
SIM4
1
21
22
SIM5
SIM1
SIM2
SIM3
SIM4
1
21
22
SIM5
SIM1
SIM2
SIM3
SIM4
1
21
22
SIM5
SIM1
SIM2
SIM3
SIM4
1
21
22
SIM5
SIM1
SIM2
SIM3
SIM4
1
21
22
SIM5
SIM1
SIM2
SIM3
SIM4
1
21
22
SIM5
SIM1
SIM2
SIM3
SIM4
1
21
22
SIM5
SIM1
SIM2
SIM3
SIM4
1
21
22
SIM5
SIM1
SIM2
SIM3
SIM4
1
21
22
SIM5
SIM1
SIM2
SIM3
SIM4
1
21
22
SIM5
SIM1
SIM2
SIM3
SIM4
1
21
22
SIM5
SIM1
SIM2
SIM3
SIM4
1
21
22
SIM5
SIM1
SIM2
SIM3
SIM4
1
21
22
SIM5
SIM1
SIM2
SIM3
SIM4
1
21
22
SIM5
SIM1
SIM2
SIM3
SIM4
1
21
22
SIM5
SIM1
SIM2
SIM3
SIM4
1
21
22
SIM5
SIM1
SIM2
SIM3
SIM4
1
21
22
SIM5
SIM1
SIM2
SIM3
SIM4
1
21
22
SIM5
SIM1
SIM2
SIM3
SIM4
1
21
22
SIM5
SIM1
SIM2
SIM3
SIM4
1
21
22
SIM5
SIM1
SIM2
SIM3
SIM4
1
21
22
SIM5
SIM1
SIM2
SIM3
SIM4
1
21
22
SIM5
SIM1
SIM2
SIM3
SIM4
1
21
22
SIM5
SIM1
SIM2
SIM3
SIM4
1
21
22
SIM5
SIM1
SIM2
SIM3
SIM4
1
21
22
SIM5
SIM1
SIM2
DEBUG 1 236
SIM1
SIM2
SIM3
SIM4
1
21
22
SIM5
SIM1
SIM2
SIM3
SIM4
1
21
22
SIM5
SIM1
SIM2
SIM3
SIM4
1
21
22
SIM5
SIM1
SIM2
SIM3
SIM4
1
21
22
SIM5
SIM1
SIM2
SIM3
SIM4
1
21
22
SIM5
SIM1
SIM2
SIM3
SIM4
1
21
22
SIM5
SIM1
SIM2
SIM3
SIM4
1
21
22
SIM5
SIM1
SIM2
SIM3
SIM4
1
21
22
SIM5
SIM1
SIM2
SIM3
SIM4
1
21
22
SIM5
SIM1
SIM2
SIM3
SIM4
1
21
22
SIM5
SIM1
SIM2
SIM3
SIM4
1
21
22
SIM5
SIM1
SIM2
SIM3
SIM4
1
21
22
SIM5
SIM1
SIM2
SIM3
SIM4
1
21
22
SIM5
SIM1
SIM2
SIM3
SIM4
1
21
22
SIM5
SIM1
SIM2
SIM3
SIM4
1
21
22
SIM5
SIM1
SIM2
SIM3
SIM4
1
21
22
SIM5
SIM1
SIM2
SIM3
SIM4
1
21
22
SIM5
SIM1
SIM2
SIM3
SIM4
1
21
22
SIM5
SIM1
SIM2
SIM3
SIM4
1
21
22
SIM5
SIM1
SIM2
SIM3
SIM4
1
21
22
SIM5
SIM1
SIM2
SIM3
SIM4
1
21
22
SIM5
SIM1
SIM2
SIM3
SIM4
1
21
22
SIM5
SIM1
SIM2
SIM3
SIM4
1
21
22
SIM5
SIM1
SIM2
SIM3
SIM4
1
21
22
SIM5
SIM1
SIM2
SIM3
SIM4
1
21
22
SIM5
SIM1
SIM2
SIM3
SIM4
1
21
22
SIM5
SIM1
SIM2
SIM3
SIM4
1
21
22
SIM5
SIM1
SIM2
SIM3
SIM4
1
21
22
SIM5
SIM1
SIM2
SIM3
SIM4
1
21
22
SIM5
SIM1
SIM2
SIM3
SIM4
1
21
22
SIM5
SIM1
SIM2
SIM3
SIM4
1
21
22
SIM5
SIM1
SIM2
SIM3
SIM4
1
21
22
SIM5
SIM1
SIM2
SIM3
SIM4
1
21
22
SIM5
SIM1
SIM2
SIM3
SIM4
1
21
22
SIM5
SIM1
SIM2
SIM3
SIM4
1
21
22
SIM5
SIM1
SIM2
SIM3
SIM4
1
21
22
SIM5
SIM1
SIM2
SIM3
SIM4
1
21
22
SIM5
SIM1
SIM2
SIM3
SIM4
1
21
22
SIM5
SIM1
SIM2
SIM3
SIM4
1
21
22
SIM5
SIM1
SIM2
SIM3
SIM4
1
21
22
SIM5
SIM1
SIM2
SIM3
SIM4
1
21
22
SIM5
SIM1
SIM2
SIM3
SIM4
1
21
22
SIM5
SIM1
SIM2
SIM3
SIM4
1
21
22
SIM5
SIM1
SIM2
SIM3
SIM4
1
21
22
SIM5
SIM1
SIM2
SIM3
SIM4
1
21
22
SIM5
SIM1
SIM2
SIM3
SIM4
1
21
22
SIM5
SIM1
SIM2
SIM3
SIM4
1
21
22
SIM5
SIM1
SIM2
SIM3
SIM4
1
21
22
SIM5
SIM1
SIM2
SIM3
SIM4
1
21
22
SIM5
SIM1
SIM2
SIM3
SIM4
1
21
22
SIM5
SIM1
SIM2
SIM3
SIM4
1
21
22
SIM5
SIM1
SIM2
SIM3
SIM4
1
21
22
SIM5
SIM1
SIM2
SIM3
SIM4
1
21
22
SIM5
SIM1
SIM2
SIM3
SIM4
1
21
22
SIM5
SIM1
SIM2
SIM3
SIM4
1
21
22
SIM5
SIM1
SIM2
SIM3
SIM4
1
21
22
SIM5
SIM1
SIM2
SIM3
SIM4
1
21
22
SIM5
SIM1
SIM2
SIM3
SIM4
1
21
22
SIM5
SIM1
SIM2
SIM3
SIM4
1
21
22
SIM5
SIM1
SIM2
SIM3
SIM4
1
21
22
SIM5
SIM1
SIM2
SIM3
SIM4
1
21
22
SIM5
SIM1
SIM2
SIM3
SIM4
1
21
22
SIM5
SIM1
SIM2
SIM3
SIM4
1
21
22
SIM5
SIM1
SIM2
SIM3
SIM4
1
21
22
SIM5
SIM1
SIM2
SIM3
SIM4
1
21
22
SIM5
SIM1
SIM2
SIM3
SIM4
1
21
22
SIM5
SIM1
SIM2
SIM3
SIM4
1
21
22
SIM5
SIM1
SIM2
SIM3
SIM4
1
21
22
SIM5
SIM1
SIM2
SIM3
SIM4
1
21
22
SIM5
SIM1
SIM2
SIM3
SIM4
1
21
22
SIM5
SIM1
SIM2
SIM3
SIM4
1
21
22
SIM5
SIM1
SIM2
SIM3
SIM4
1
21
22
SIM5
SIM1
SIM2
SIM3
SIM4
1
21
22
SIM5
SIM1
SIM2
SIM3
SIM4
1
21
22
SIM5
SIM1
SIM2
SIM3
SIM4
1
21
22
SIM5
SIM1
SIM2
SIM3
SIM4
1
21
22
SIM5
SIM1
SIM2
SIM3
SIM4
1
21
22
SIM5
SIM1
SIM2
SIM3
SIM4
1
21
22
SIM5
SIM1
SIM2
SIM3
SIM4
1
21
22
SIM5
SIM1
SIM2
SIM3
SIM4
1
21
22
SIM5
SIM1
SIM2
SIM3
SIM4
1
21
22
SIM5
SIM1
SIM2
SIM3
SIM4
1
21
22
SIM5
SIM1
SIM2
SIM3
SIM4
1
21
22
SIM5
SIM1
SIM2
SIM3
SIM4
1
21
22
SIM5
SIM1
SIM2
SIM3
SIM4
1
21
22
SIM5
SIM1
SIM2
SIM3
SIM4
1
21
22
SIM5
SIM1
SIM2
SIM3
SIM4
1
21
22
SIM5
SIM1
SIM2
SIM3
SIM4
1
21
22
SIM5
SIM1
SIM2
SIM3
SIM4
1
21
22
SIM5
SIM1
SIM2
SIM3
SIM4
1
21
22
SIM5
SIM1
SIM2
SIM3
SIM4
1
21
22
SIM5
SIM1
SIM2
SIM3
SIM4
1
21
22
SIM5
SIM1
SIM2
SIM3
SIM4
1
21
22
SIM5
SIM1
SIM2
SIM3
SIM4
1
21
22
SIM5
SIM1
SIM2
SIM3
SIM4
1
21
22
SIM5
SIM1
SIM2
SIM3
SIM4
1
21
22
SIM5
SIM1
SIM2
SIM3
SIM4
1
21
22
SIM5
SIM1
SIM2
SIM3
SIM4
1
21
22
SIM5
SIM1
SIM2
SIM3
SIM4
1
21
22
SIM5
SIM1
SIM2
SIM3
SIM4
1
21
22
SIM5
SIM1
SIM2
SIM3
SIM4
1
21
22
SIM5
SIM1
SIM2
SIM3
SIM4
1
21
22
SIM5
SIM1
SIM2
SIM3
SIM4
1
21
22
SIM5
SIM1
SIM2
SIM3
SIM4
1
21
22
SIM5
SIM1
SIM2
SIM3
SIM4
1
21
22
SIM5
SIM1
SIM2
SIM3
SIM4
1
21
22
SIM5
SIM1
SIM2
SIM3
SIM4
1
21
22
SIM5
SIM1
SIM2
SIM3
SIM4
1
21
22
SIM5
SIM1
SIM2
SIM3
SIM4
1
21
22
SIM5
SIM1
SIM2
SIM3
SIM4
1
21
22
SIM5
SIM1
SIM2
SIM3
SIM4
1
21
22
SIM5
SIM1
SIM2
SIM3
SIM4
1
21
22
SIM5
SIM1
SIM2
SIM3
SIM4
1
21
22
SIM5
SIM1
SIM2
SIM3
SIM4
1
21
22
SIM5
SIM1
SIM2
SIM3
SIM4
1
21
22
SIM5
SIM1
SIM2
SIM3
SIM4
1
21
22
SIM5
SIM1
SIM2
SIM3
SIM4
1
21
22
SIM5
SIM1
SIM2
SIM3
SIM4
1
21
22
SIM5
SIM1
SIM2
SIM3
SIM4
1
21
22
SIM5
SIM1
SIM2
SIM3
SIM4
1
21
22
SIM5
SIM1
SIM2
SIM3
SIM4
1
21
22
SIM5
SIM1
SIM2
SIM3
SIM4
1
21
22
SIM5
SIM1
SIM2
SIM3
SIM4
1
21
22
SIM5
SIM1
SIM2
SIM3
SIM4
1
21
22
SIM5
SIM1
SIM2
SIM3
SIM4
1
21
22
SIM5
SIM1
SIM2
SIM3
SIM4
1
21
22
SIM5
SIM1
SIM2
SIM3
SIM4
1
21
22
SIM5
SIM1
SIM2
SIM3
SIM4
1
21
22
SIM5
SIM1
SIM2
SIM3
SIM4
1
21
22
SIM5
SIM1
SIM2
SIM3
SIM4
1
21
22
SIM5
SIM1
SIM2
SIM3
SIM4
1
21
22
SIM5
SIM1
SIM2
SIM3
SIM4
1
21
22
SIM5
SIM1
SIM2
DEBUG 1 237
SIM1
SIM2
SIM3
SIM4
1
21
22
SIM5
SIM1
SIM2
SIM3
SIM4
1
21
22
SIM5
SIM1
SIM2
SIM3
SIM4
1
21
22
SIM5
SIM1
SIM2
SIM3
SIM4
1
21
22
SIM5
SIM1
SIM2
SIM3
SIM4
1
21
22
SIM5
SIM1
SIM2
SIM3
SIM4
1
21
22
SIM5
SIM1
SIM2
SIM3
SIM4
1
21
22
SIM5
SIM1
SIM2
SIM3
SIM4
1
21
22
SIM5
SIM1
SIM2
SIM3
SIM4
1
21
22
SIM5
SIM1
SIM2
SIM3
SIM4
1
21
22
SIM5
SIM1
SIM2
SIM3
SIM4
1
21
22
SIM5
SIM1
SIM2
SIM3
SIM4
1
21
22
SIM5
SIM1
SIM2
SIM3
SIM4
1
21
22
SIM5
SIM1
SIM2
SIM3
SIM4
1
21
22
SIM5
SIM1
SIM2
SIM3
SIM4
1
21
22
SIM5
SIM1
SIM2
SIM3
SIM4
1
21
22
SIM5
SIM1
SIM2
SIM3
SIM4
1
21
22
SIM5
SIM1
SIM2
SIM3
SIM4
1
21
22
SIM5
SIM1
SIM2
SIM3
SIM4
1
21
22
SIM5
SIM1
SIM2
SIM3
SIM4
1
21
22
SIM5
SIM1
SIM2
SIM3
SIM4
1
21
22
SIM5
SIM1
SIM2
SIM3
SIM4
1
21
22
SIM5
SIM1
SIM2
SIM3
SIM4
1
21
22
SIM5
SIM1
SIM2
SIM3
SIM4
1
21
22
SIM5
SIM1
SIM2
SIM3
SIM4
1
21
22
SIM5
SIM1
SIM2
SIM3
SIM4
1
21
22
SIM5
SIM1
SIM2
SIM3
SIM4
1
21
22
SIM5
SIM1
SIM2
SIM3
SIM4
1
21
22
SIM5
SIM1
SIM2
SIM3
SIM4
1
21
22
SIM5
SIM1
SIM2
SIM3
SIM4
1
21
22
SIM5
SIM1
SIM2
SIM3
SIM4
1
21
22
SIM5
SIM1
SIM2
SIM3
SIM4
1
21
22
SIM5
SIM1
SIM2
SIM3
SIM4
1
21
22
SIM5
SIM1
SIM2
SIM3
SIM4
1
21
22
SIM5
SIM1
SIM2
SIM3
SIM4
1
21
22
SIM5
SIM1
SIM2
SIM3
SIM4
1
21
22
SIM5
SIM1
SIM2
SIM3
SIM4
1
21
22
SIM5
SIM1
SIM2
SIM3
SIM4
1
21
22
SIM5
SIM1
SIM2
SIM3
SIM4
1
21
22
SIM5
SIM1
SIM2
SIM3
SIM4
1
21
22
SIM5
SIM1
SIM2
SIM3
SIM4
1
21
22
SIM5
SIM1
SIM2
SIM3
SIM4
1
21
22
SIM5
SIM1
SIM2
SIM3
SIM4
1
21
22
SIM5
SIM1
SIM2
SIM3
SIM4
1
21
22
SIM5
SIM1
SIM2
SIM3
SIM4
1
21
22
SIM5
SIM1
SIM2
SIM3
SIM4
1
21
22
SIM5
SIM1
SIM2
SIM3
SIM4
1
21
22
SIM5
SIM1
SIM2
SIM3
SIM4
1
21
22
SIM5
SIM1
SIM2
SIM3
SIM4
1
21
22
SIM5
SIM1
SIM2
SIM3
SIM4
1
21
22
SIM5
SIM1
SIM2
SIM3
SIM4
1
21
22
SIM5
SIM1
SIM2
SIM3
SIM4
1
21
22
SIM5
SIM1
SIM2
SIM3
SIM4
1
21
22
SIM5
SIM1
SIM2
SIM3
SIM4
1
21
22
SIM5
SIM1
SIM2
SIM3
SIM4
1
21
22
SIM5
SIM1
SIM2
SIM3
SIM4
1
21
22
SIM5
SIM1
SIM2
SIM3
SIM4
1
21
22
SIM5
SIM1
SIM2
SIM3
SIM4
1
21
22
SIM5
SIM1
SIM2
SIM3
SIM4
1
21
22
SIM5
SIM1
SIM2
SIM3
SIM4
1
21
22
SIM5
SIM1
SIM2
SIM3
SIM4
1
21
22
SIM5
SIM1
SIM2
SIM3
SIM4
1
21
22
SIM5
SIM1
SIM2
SIM3
SIM4
1
21
22
SIM5
SIM1
SIM2
SIM3
SIM4
1
21
22
SIM5
SIM1
SIM2
SIM3
SIM4
1
21
22
SIM5
SIM1
SIM2
SIM3
SIM4
1
21
22
SIM5
SIM1
SIM2
SIM3
SIM4
1
21
22
SIM5
SIM1
SIM2
SIM3
SIM4
1
21
22
SIM5
SIM1
SIM2
SIM3
SIM4
1
21
22
SIM5
SIM1
SIM2
SIM3
SIM4
1
21
22
SIM5
SIM1
SIM2
SIM3
SIM4
1
21
22
SIM5
SIM1
SIM2
SIM3
SIM4
1
21
22
SIM5
SIM1
SIM2
SIM3
SIM4
1
21
22
SIM5
SIM1
SIM2
SIM3
SIM4
1
21
22
SIM5
SIM1
SIM2
SIM3
SIM4
1
21
22
SIM5
SIM1
SIM2
SIM3
SIM4
1
21
22
SIM5
SIM1
SIM2
SIM3
SIM4
1
21
22
SIM5
SIM1
SIM2
SIM3
SIM4
1
21
22
SIM5
SIM1
SIM2
SIM3
SIM4
1
21
22
SIM5
SIM1
SIM2
SIM3
SIM4
1
21
22
SIM5
SIM1
SIM2
SIM3
SIM4
1
21
22
SIM5
SIM1
SIM2
SIM3
SIM4
1
21
22
SIM5
SIM1
SIM2
SIM3
SIM4
1
21
22
SIM5
SIM1
SIM2
SIM3
SIM4
1
21
22
SIM5
SIM1
SIM2
SIM3
SIM4
1
21
22
SIM5
SIM1
SIM2
SIM3
SIM4
1
21
22
SIM5
SIM1
SIM2
SIM3
SIM4
1
21
22
SIM5
SIM1
SIM2
SIM3
SIM4
1
21
22
SIM5
SIM1
SIM2
SIM3
SIM4
1
21
22
SIM5
SIM1
SIM2
SIM3
SIM4
1
21
22
SIM5
SIM1
SIM2
SIM3
SIM4
1
21
22
SIM5
SIM1
SIM2
SIM3
SIM4
1
21
22
SIM5
SIM1
SIM2
SIM3
SIM4
1
21
22
SIM5
SIM1
SIM2
SIM3
SIM4
1
21
22
SIM5
SIM1
SIM2
SIM3
SIM4
1
21
22
SIM5
SIM1
SIM2
SIM3
SIM4
1
21
22
SIM5
SIM1
SIM2
SIM3
SIM4
1
21
22
SIM5
SIM1
SIM2
SIM3
SIM4
1
21
22
SIM5
SIM1
SIM2
SIM3
SIM4
1
21
22
SIM5
SIM1
SIM2
SIM3
SIM4
1
21
22
SIM5
SIM1
SIM2
SIM3
SIM4
1
21
22
SIM5
SIM1
SIM2
SIM3
SIM4
1
21
22
SIM5
SIM1
SIM2
SIM3
SIM4
1
21
22
SIM5
SIM1
SIM2
SIM3
SIM4
1
21
22
SIM5
SIM1
SIM2
SIM3
SIM4
1
21
22
SIM5
SIM1
SIM2
SIM3
SIM4
1
21
22
SIM5
SIM1
SIM2
SIM3
SIM4
1
21
22
SIM5
SIM1
SIM2
SIM3
SIM4
1
21
22
SIM5
SIM1
SIM2
SIM3
SIM4
1
21
22
SIM5
SIM1
SIM2
SIM3
SIM4
1
21
22
SIM5
SIM1
SIM2
SIM3
SIM4
1
21
22
SIM5
SIM1
SIM2
SIM3
SIM4
1
21
22
SIM5
SIM1
SIM2
SIM3
SIM4
1
21
22
SIM5
SIM1
SIM2
SIM3
SIM4
1
21
22
SIM5
SIM1
SIM2
SIM3
SIM4
1
21
22
SIM5
SIM1
SIM2
SIM3
SIM4
1
21
22
SIM5
SIM1
SIM2
SIM3
SIM4
1
21
22
SIM5
SIM1
SIM2
SIM3
SIM4
1
21
22
SIM5
SIM1
SIM2
SIM3
SIM4
1
21
22
SIM5
SIM1
SIM2
SIM3
SIM4
1
21
22
SIM5
SIM1
SIM2
SIM3
SIM4
1
21
22
SIM5
SIM1
SIM2
SIM3
SIM4
1
21
22
SIM5
SIM1
SIM2
SIM3
SIM4
1
21
22
SIM5
SIM1
SIM2
SIM3
SIM4
1
21
22
SIM5
SIM1
SIM2
SIM3
SIM4
1
21
22
SIM5
SIM1
SIM2
SIM3
SIM4
1
21
22
SIM5
SIM1
SIM2
SIM3
SIM4
1
21
22
SIM5
SIM1
SIM2
SIM3
SIM4
1
21
22
SIM5
SIM1
SIM2
SIM3
SIM4
1
21
22
SIM5
SIM1
SIM2
SIM3
SIM4
1
21
22
SIM5
SIM1
SIM2
SIM3
SIM4
1
21
22
SIM5
SIM1
SIM2
SIM3
SIM4
1
21
22
SIM5
SIM1
SIM2
SIM3
SIM4
1
21
22
SIM5
SIM1
SIM2
SIM3
SIM4
1
21
22
SIM5
SIM1
SIM2
SIM3
SIM4
1
21
22
SIM5
SIM1
SIM2
SIM3
SIM4
1
21
22
SIM5
SIM1
SIM2
SIM3
SIM4
1
21
22
SIM5
SIM1
SIM2
SIM3
SIM4
1
21
22
SIM5
SIM1
SIM2
SIM3
SIM4
1
21
22
SIM5
SIM1
SIM2
SIM3
SIM4
1
21
22
SIM5
SIM1
SIM2
SIM3
SIM4
1
21
22
SIM5
SIM1
SIM2
SIM3
SIM4
1
21
22
SIM5
SIM1
SIM2
SIM3
SIM4
1
21
22
SIM5
SIM1
SIM2
SIM3
SIM4
1
21
22
SIM5
SIM1
SIM2
SIM3
SIM4
1
21
22
SIM5
SIM1
SIM2
SIM3
SIM4
1
21
22
SIM5
SIM1
SIM2
SIM3
SIM4
1
21
22
SIM5
SIM1
SIM2
SIM3
SIM4
1
21
22
SIM5
SIM1
SIM2
SIM3
SIM4
1
21
22
SIM5
SIM1
SIM2
SIM3
SIM4
1
21
22
SIM5
SIM1
SIM2
SIM3
SIM4
1
21
22
SIM5
SIM1
SIM2
SIM3
SIM4
1
21
22
SIM5
SIM1
SIM2
DEBUG 1 238
SIM1
SIM2
SIM3
SIM4
1
21
22
SIM5
SIM1
SIM2
SIM3
SIM4
1
21
22
SIM5
SIM1
SIM2
SIM3
SIM4
1
21
22
SIM5
SIM1
SIM2
SIM3
SIM4
1
21
22
SIM5
SIM1
SIM2
SIM3
SIM4
1
21
22
SIM5
SIM1
SIM2
SIM3
SIM4
1
21
22
SIM5
SIM1
SIM2
SIM3
SIM4
1
21
22
SIM5
SIM1
SIM2
SIM3
SIM4
1
21
22
SIM5
SIM1
SIM2
SIM3
SIM4
1
21
22
SIM5
SIM1
SIM2
SIM3
SIM4
1
21
22
SIM5
SIM1
SIM2
SIM3
SIM4
1
21
22
SIM5
SIM1
SIM2
SIM3
SIM4
1
21
22
SIM5
SIM1
SIM2
SIM3
SIM4
1
21
22
SIM5
SIM1
SIM2
SIM3
SIM4
1
21
22
SIM5
SIM1
SIM2
SIM3
SIM4
1
21
22
SIM5
SIM1
SIM2
SIM3
SIM4
1
21
22
SIM5
SIM1
SIM2
SIM3
SIM4
1
21
22
SIM5
SIM1
SIM2
SIM3
SIM4
1
21
22
SIM5
SIM1
SIM2
SIM3
SIM4
1
21
22
SIM5
SIM1
SIM2
SIM3
SIM4
1
21
22
SIM5
SIM1
SIM2
SIM3
SIM4
1
21
22
SIM5
SIM1
SIM2
SIM3
SIM4
1
21
22
SIM5
SIM1
SIM2
SIM3
SIM4
1
21
22
SIM5
SIM1
SIM2
SIM3
SIM4
1
21
22
SIM5
SIM1
SIM2
SIM3
SIM4
1
21
22
SIM5
SIM1
SIM2
SIM3
SIM4
1
21
22
SIM5
SIM1
SIM2
SIM3
SIM4
1
21
22
SIM5
SIM1
SIM2
SIM3
SIM4
1
21
22
SIM5
SIM1
SIM2
SIM3
SIM4
1
21
22
SIM5
SIM1
SIM2
SIM3
SIM4
1
21
22
SIM5
SIM1
SIM2
SIM3
SIM4
1
21
22
SIM5
SIM1
SIM2
SIM3
SIM4
1
21
22
SIM5
SIM1
SIM2
SIM3
SIM4
1
21
22
SIM5
SIM1
SIM2
SIM3
SIM4
1
21
22
SIM5
SIM1
SIM2
SIM3
SIM4
1
21
22
SIM5
SIM1
SIM2
SIM3
SIM4
1
21
22
SIM5
SIM1
SIM2
SIM3
SIM4
1
21
22
SIM5
SIM1
SIM2
SIM3
SIM4
1
21
22
SIM5
SIM1
SIM2
SIM3
SIM4
1
21
22
SIM5
SIM1
SIM2
SIM3
SIM4
1
21
22
SIM5
SIM1
SIM2
SIM3
SIM4
1
21
22
SIM5
SIM1
SIM2
SIM3
SIM4
1
21
22
SIM5
SIM1
SIM2
SIM3
SIM4
1
21
22
SIM5
SIM1
SIM2
SIM3
SIM4
1
21
22
SIM5
SIM1
SIM2
SIM3
SIM4
1
21
22
SIM5
SIM1
SIM2
SIM3
SIM4
1
21
22
SIM5
SIM1
SIM2
SIM3
SIM4
1
21
22
SIM5
SIM1
SIM2
SIM3
SIM4
1
21
22
SIM5
SIM1
SIM2
SIM3
SIM4
1
21
22
SIM5
SIM1
SIM2
SIM3
SIM4
1
21
22
SIM5
SIM1
SIM2
SIM3
SIM4
1
21
22
SIM5
SIM1
SIM2
SIM3
SIM4
1
21
22
SIM5
SIM1
SIM2
SIM3
SIM4
1
21
22
SIM5
SIM1
SIM2
SIM3
SIM4
1
21
22
SIM5
SIM1
SIM2
SIM3
SIM4
1
21
22
SIM5
SIM1
SIM2
SIM3
SIM4
1
21
22
SIM5
SIM1
SIM2
SIM3
SIM4
1
21
22
SIM5
SIM1
SIM2
SIM3
SIM4
1
21
22
SIM5
SIM1
SIM2
SIM3
SIM4
1
21
22
SIM5
SIM1
SIM2
SIM3
SIM4
1
21
22
SIM5
SIM1
SIM2
SIM3
SIM4
1
21
22
SIM5
SIM1
SIM2
SIM3
SIM4
1
21
22
SIM5
SIM1
SIM2
SIM3
SIM4
1
21
22
SIM5
SIM1
SIM2
SIM3
SIM4
1
21
22
SIM5
SIM1
SIM2
SIM3
SIM4
1
21
22
SIM5
SIM1
SIM2
SIM3
SIM4
1
21
22
SIM5
SIM1
SIM2
SIM3
SIM4
1
21
22
SIM5
SIM1
SIM2
SIM3
SIM4
1
21
22
SIM5
SIM1
SIM2
SIM3
SIM4
1
21
22
SIM5
SIM1
SIM2
SIM3
SIM4
1
21
22
SIM5
SIM1
SIM2
SIM3
SIM4
1
21
22
SIM5
SIM1
SIM2
SIM3
SIM4
1
21
22
SIM5
SIM1
SIM2
SIM3
SIM4
1
21
22
SIM5
SIM1
SIM2
SIM3
SIM4
1
21
22
SIM5
SIM1
SIM2
SIM3
SIM4
1
21
22
SIM5
SIM1
SIM2
SIM3
SIM4
1
21
22
SIM5
SIM1
SIM2
SIM3
SIM4
1
21
22
SIM5
SIM1
SIM2
SIM3
SIM4
1
21
22
SIM5
SIM1
SIM2
SIM3
SIM4
1
21
22
SIM5
SIM1
SIM2
SIM3
SIM4
1
21
22
SIM5
SIM1
SIM2
SIM3
SIM4
1
21
22
SIM5
SIM1
SIM2
SIM3
SIM4
1
21
22
SIM5
SIM1
SIM2
SIM3
SIM4
1
21
22
SIM5
SIM1
SIM2
SIM3
SIM4
1
21
22
SIM5
SIM1
SIM2
SIM3
SIM4
1
21
22
SIM5
SIM1
SIM2
SIM3
SIM4
1
21
22
SIM5
SIM1
SIM2
SIM3
SIM4
1
21
22
SIM5
SIM1
SIM2
SIM3
SIM4
1
21
22
SIM5
SIM1
SIM2
SIM3
SIM4
1
21
22
SIM5
SIM1
SIM2
SIM3
SIM4
1
21
22
SIM5
SIM1
SIM2
SIM3
SIM4
1
21
22
SIM5
SIM1
SIM2
SIM3
SIM4
1
21
22
SIM5
SIM1
SIM2
SIM3
SIM4
1
21
22
SIM5
SIM1
SIM2
SIM3
SIM4
1
21
22
SIM5
SIM1
SIM2
SIM3
SIM4
1
21
22
SIM5
SIM1
SIM2
SIM3
SIM4
1
21
22
SIM5
SIM1
SIM2
SIM3
SIM4
1
21
22
SIM5
SIM1
SIM2
SIM3
SIM4
1
21
22
SIM5
SIM1
SIM2
SIM3
SIM4
1
21
22
SIM5
SIM1
SIM2
SIM3
SIM4
1
21
22
SIM5
SIM1
SIM2
SIM3
SIM4
1
21
22
SIM5
SIM1
SIM2
SIM3
SIM4
1
21
22
SIM5
SIM1
SIM2
SIM3
SIM4
1
21
22
SIM5
SIM1
SIM2
SIM3
SIM4
1
21
22
SIM5
SIM1
SIM2
SIM3
SIM4
1
21
22
SIM5
SIM1
SIM2
SIM3
SIM4
1
21
22
SIM5
SIM1
SIM2
SIM3
SIM4
1
21
22
SIM5
SIM1
SIM2
SIM3
SIM4
1
21
22
SIM5
SIM1
SIM2
SIM3
SIM4
1
21
22
SIM5
SIM1
SIM2
SIM3
SIM4
1
21
22
SIM5
SIM1
SIM2
SIM3
SIM4
1
21
22
SIM5
SIM1
SIM2
SIM3
SIM4
1
21
22
SIM5
SIM1
SIM2
SIM3
SIM4
1
21
22
SIM5
SIM1
SIM2
SIM3
SIM4
1
21
22
SIM5
SIM1
SIM2
SIM3
SIM4
1
21
22
SIM5
SIM1
SIM2
SIM3
SIM4
1
21
22
SIM5
SIM1
SIM2
SIM3
SIM4
1
21
22
SIM5
SIM1
SIM2
SIM3
SIM4
1
21
22
SIM5
SIM1
SIM2
SIM3
SIM4
1
21
22
SIM5
SIM1
SIM2
SIM3
SIM4
1
21
22
SIM5
SIM1
SIM2
SIM3
SIM4
1
21
22
SIM5
SIM1
SIM2
SIM3
SIM4
1
21
22
SIM5
SIM1
SIM2
SIM3
SIM4
1
21
22
SIM5
SIM1
SIM2
SIM3
SIM4
1
21
22
SIM5
SIM1
SIM2
SIM3
SIM4
1
21
22
SIM5
SIM1
SIM2
SIM3
SIM4
1
21
22
SIM5
SIM1
SIM2
SIM3
SIM4
1
21
22
SIM5
SIM1
SIM2
SIM3
SIM4
1
21
22
SIM5
SIM1
SIM2
SIM3
SIM4
1
21
22
SIM5
SIM1
SIM2
SIM3
SIM4
1
21
22
SIM5
SIM1
SIM2
SIM3
SIM4
1
21
22
SIM5
SIM1
SIM2
SIM3
SIM4
1
21
22
SIM5
SIM1
SIM2
SIM3
SIM4
1
21
22
SIM5
SIM1
SIM2
SIM3
SIM4
1
21
22
SIM5
SIM1
SIM2
SIM3
SIM4
1
21
22
SIM5
SIM1
SIM2
SIM3
SIM4
1
21
22
SIM5
SIM1
SIM2
SIM3
SIM4
1
21
22
SIM5
SIM1
SIM2
SIM3
SIM4
1
21
22
SIM5
SIM1
SIM2
SIM3
SIM4
1
21
22
SIM5
SIM1
SIM2
SIM3
SIM4
1
21
22
SIM5
SIM1
SIM2
SIM3
SIM4
1
21
22
SIM5
SIM1
SIM2
SIM3
SIM4
1
21
22
SIM5
SIM1
SIM2
SIM3
SIM4
1
21
22
SIM5
SIM1
SIM2
SIM3
SIM4
1
21
22
SIM5
SIM1
SIM2
SIM3
SIM4
1
21
22
SIM5
SIM1
SIM2
SIM3
SIM4
1
21
22
SIM5
SIM1
SIM2
SIM3
SIM4
1
21
22
SIM5
SIM1
SIM2
SIM3
SIM4
1
21
22
SIM5
SIM1
SIM2
SIM3
SIM4
1
21
22
SIM5
SIM1
SIM2
SIM3
SIM4
1
21
22
SIM5
SIM1
SIM2
SIM3
SIM4
1
21
22
SIM5
SIM1
SIM2
SIM3
SIM4
1
21
22
SIM5
SIM1
SIM2
SIM3
SIM4
1
21
22
SIM5
SIM1
SIM2
SIM3
SIM4
1
21
22
SIM5
SIM1
SIM2
SIM3
SIM4
1
21
22
SIM5
SIM1
SIM2
SIM3
SIM4
1
21
22
SIM5
SIM1
SIM2
SIM3
SIM4
1
21
22
SIM5
SIM1
SIM2
SIM3
SIM4
1
21
22
SIM5
SIM1
SIM2
SIM3
SIM4
1
21
22
SIM5
SIM1
SIM2
SIM3
SIM4
1
21
22
SIM5
SIM1
SIM2
SIM3
SIM4
1
21
22
SIM5
SIM1
SIM2
SIM3
SIM4
1
21
22
SIM5
SIM1
SIM2
SIM3
SIM4
1
21
22
SIM5
SIM1
SIM2
SIM3
SIM4
1
21
22
SIM5
SIM1
SIM2
SIM3
SIM4
1
21
22
SIM5
SIM1
SIM2
SIM3
SIM4
1
21
22
SIM5
SIM1
SIM2
SIM3
SIM4
1
21
22
SIM5
SIM1
SIM2
SIM3
SIM4
1
21
22
SIM5
SIM1
SIM2
DEBUG 1 239
SIM1
SIM2
SIM3
SIM4
1
21
22
SIM5
SIM1
SIM2
SIM3
SIM4
1
21
22
SIM5
SIM1
SIM2
SIM3
SIM4
1
21
22
SIM5
SIM1
SIM2
SIM3
SIM4
1
21
22
SIM5
SIM1
SIM2
SIM3
SIM4
1
21
22
SIM5
SIM1
SIM2
SIM3
SIM4
1
21
22
SIM5
SIM1
SIM2
SIM3
SIM4
1
21
22
SIM5
SIM1
SIM2
SIM3
SIM4
1
21
22
SIM5
SIM1
SIM2
SIM3
SIM4
1
21
22
SIM5
SIM1
SIM2
SIM3
SIM4
1
21
22
SIM5
SIM1
SIM2
SIM3
SIM4
1
21
22
SIM5
SIM1
SIM2
SIM3
SIM4
1
21
22
SIM5
SIM1
SIM2
SIM3
SIM4
1
21
22
SIM5
SIM1
SIM2
SIM3
SIM4
1
21
22
SIM5
SIM1
SIM2
SIM3
SIM4
1
21
22
SIM5
SIM1
SIM2
SIM3
SIM4
1
21
22
SIM5
SIM1
SIM2
SIM3
SIM4
1
21
22
SIM5
SIM1
SIM2
SIM3
SIM4
1
21
22
SIM5
SIM1
SIM2
SIM3
SIM4
1
21
22
SIM5
SIM1
SIM2
SIM3
SIM4
1
21
22
SIM5
SIM1
SIM2
SIM3
SIM4
1
21
22
SIM5
SIM1
SIM2
SIM3
SIM4
1
21
22
SIM5
SIM1
SIM2
SIM3
SIM4
1
21
22
SIM5
SIM1
SIM2
SIM3
SIM4
1
21
22
SIM5
SIM1
SIM2
SIM3
SIM4
1
21
22
SIM5
SIM1
SIM2
SIM3
SIM4
1
21
22
SIM5
SIM1
SIM2
SIM3
SIM4
1
21
22
SIM5
SIM1
SIM2
SIM3
SIM4
1
21
22
SIM5
SIM1
SIM2
SIM3
SIM4
1
21
22
SIM5
SIM1
SIM2
SIM3
SIM4
1
21
22
SIM5
SIM1
SIM2
SIM3
SIM4
1
21
22
SIM5
SIM1
SIM2
SIM3
SIM4
1
21
22
SIM5
SIM1
SIM2
SIM3
SIM4
1
21
22
SIM5
SIM1
SIM2
SIM3
SIM4
1
21
22
SIM5
SIM1
SIM2
SIM3
SIM4
1
21
22
SIM5
SIM1
SIM2
SIM3
SIM4
1
21
22
SIM5
SIM1
SIM2
SIM3
SIM4
1
21
22
SIM5
SIM1
SIM2
SIM3
SIM4
1
21
22
SIM5
SIM1
SIM2
SIM3
SIM4
1
21
22
SIM5
SIM1
SIM2
SIM3
SIM4
1
21
22
SIM5
SIM1
SIM2
SIM3
SIM4
1
21
22
SIM5
SIM1
SIM2
SIM3
SIM4
1
21
22
SIM5
SIM1
SIM2
SIM3
SIM4
1
21
22
SIM5
SIM1
SIM2
SIM3
SIM4
1
21
22
SIM5
SIM1
SIM2
SIM3
SIM4
1
21
22
SIM5
SIM1
SIM2
SIM3
SIM4
1
21
22
SIM5
SIM1
SIM2
SIM3
SIM4
1
21
22
SIM5
SIM1
SIM2
SIM3
SIM4
1
21
22
SIM5
SIM1
SIM2
SIM3
SIM4
1
21
22
SIM5
SIM1
SIM2
SIM3
SIM4
1
21
22
SIM5
SIM1
SIM2
SIM3
SIM4
1
21
22
SIM5
SIM1
SIM2
SIM3
SIM4
1
21
22
SIM5
SIM1
SIM2
SIM3
SIM4
1
21
22
SIM5
SIM1
SIM2
SIM3
SIM4
1
21
22
SIM5
SIM1
SIM2
SIM3
SIM4
1
21
22
SIM5
SIM1
SIM2
SIM3
SIM4
1
21
22
SIM5
SIM1
SIM2
SIM3
SIM4
1
21
22
SIM5
SIM1
SIM2
SIM3
SIM4
1
21
22
SIM5
SIM1
SIM2
SIM3
SIM4
1
21
22
SIM5
SIM1
SIM2
SIM3
SIM4
1
21
22
SIM5
SIM1
SIM2
SIM3
SIM4
1
21
22
SIM5
SIM1
SIM2
SIM3
SIM4
1
21
22
SIM5
SIM1
SIM2
SIM3
SIM4
1
21
22
SIM5
SIM1
SIM2
SIM3
SIM4
1
21
22
SIM5
SIM1
SIM2
SIM3
SIM4
1
21
22
SIM5
SIM1
SIM2
SIM3
SIM4
1
21
22
SIM5
SIM1
SIM2
SIM3
SIM4
1
21
22
SIM5
SIM1
SIM2
SIM3
SIM4
1
21
22
SIM5
SIM1
SIM2
SIM3
SIM4
1
21
22
SIM5
SIM1
SIM2
SIM3
SIM4
1
21
22
SIM5
SIM1
SIM2
SIM3
SIM4
1
21
22
SIM5
SIM1
SIM2
SIM3
SIM4
1
21
22
SIM5
SIM1
SIM2
SIM3
SIM4
1
21
22
SIM5
SIM1
SIM2
SIM3
SIM4
1
21
22
SIM5
SIM1
SIM2
SIM3
SIM4
1
21
22
SIM5
SIM1
SIM2
SIM3
SIM4
1
21
22
SIM5
SIM1
SIM2
SIM3
SIM4
1
21
22
SIM5
SIM1
SIM2
SIM3
SIM4
1
21
22
SIM5
SIM1
SIM2
SIM3
SIM4
1
21
22
SIM5
SIM1
SIM2
SIM3
SIM4
1
21
22
SIM5
SIM1
SIM2
SIM3
SIM4
1
21
22
SIM5
SIM1
SIM2
SIM3
SIM4
1
21
22
SIM5
SIM1
SIM2
SIM3
SIM4
1
21
22
SIM5
SIM1
SIM2
SIM3
SIM4
1
21
22
SIM5
SIM1
SIM2
SIM3
SIM4
1
21
22
SIM5
SIM1
SIM2
SIM3
SIM4
1
21
22
SIM5
SIM1
SIM2
SIM3
SIM4
1
21
22
SIM5
SIM1
SIM2
SIM3
SIM4
1
21
22
SIM5
SIM1
SIM2
SIM3
SIM4
1
21
22
SIM5
SIM1
SIM2
SIM3
SIM4
1
21
22
SIM5
SIM1
SIM2
SIM3
SIM4
1
21
22
SIM5
SIM1
SIM2
SIM3
SIM4
1
21
22
SIM5
SIM1
SIM2
SIM3
SIM4
1
21
22
SIM5
SIM1
SIM2
SIM3
SIM4
1
21
22
SIM5
SIM1
SIM2
SIM3
SIM4
1
21
22
SIM5
SIM1
SIM2
SIM3
SIM4
1
21
22
SIM5
SIM1
SIM2
SIM3
SIM4
1
21
22
SIM5
SIM1
SIM2
SIM3
SIM4
1
21
22
SIM5
SIM1
SIM2
SIM3
SIM4
1
21
22
SIM5
SIM1
SIM2
SIM3
SIM4
1
21
22
SIM5
SIM1
SIM2
SIM3
SIM4
1
21
22
SIM5
SIM1
SIM2
SIM3
SIM4
1
21
22
SIM5
SIM1
SIM2
SIM3
SIM4
1
21
22
SIM5
SIM1
SIM2
SIM3
SIM4
1
21
22
SIM5
SIM1
SIM2
SIM3
SIM4
1
21
22
SIM5
SIM1
SIM2
SIM3
SIM4
1
21
22
SIM5
SIM1
SIM2
SIM3
SIM4
1
21
22
SIM5
SIM1
SIM2
SIM3
SIM4
1
21
22
SIM5
SIM1
SIM2
SIM3
SIM4
1
21
22
SIM5
SIM1
SIM2
SIM3
SIM4
1
21
22
SIM5
SIM1
SIM2
SIM3
SIM4
1
21
22
SIM5
SIM1
SIM2
SIM3
SIM4
1
21
22
SIM5
SIM1
SIM2
SIM3
SIM4
1
21
22
SIM5
SIM1
SIM2
SIM3
SIM4
1
21
22
SIM5
SIM1
SIM2
SIM3
SIM4
1
21
22
SIM5
SIM1
SIM2
SIM3
SIM4
1
21
22
SIM5
SIM1
SIM2
SIM3
SIM4
1
21
22
SIM5
SIM1
SIM2
SIM3
SIM4
1
21
22
SIM5
SIM1
SIM2
SIM3
SIM4
1
21
22
SIM5
SIM1
SIM2
SIM3
SIM4
1
21
22
SIM5
SIM1
SIM2
SIM3
SIM4
1
21
22
SIM5
SIM1
SIM2
SIM3
SIM4
1
21
22
SIM5
SIM1
SIM2
SIM3
SIM4
1
21
22
SIM5
SIM1
SIM2
SIM3
SIM4
1
21
22
SIM5
SIM1
SIM2
SIM3
SIM4
1
21
22
SIM5
SIM1
SIM2
SIM3
SIM4
1
21
22
SIM5
SIM1
SIM2
SIM3
SIM4
1
21
22
SIM5
SIM1
SIM2
SIM3
SIM4
1
21
22
SIM5
SIM1
SIM2
SIM3
SIM4
1
21
22
SIM5
SIM1
SIM2
SIM3
SIM4
1
21
22
SIM5
SIM1
SIM2
SIM3
SIM4
1
21
22
SIM5
SIM1
SIM2
SIM3
SIM4
1
21
22
SIM5
SIM1
SIM2
SIM3
SIM4
1
21
22
SIM5
SIM1
SIM2
SIM3
SIM4
1
21
22
SIM5
SIM1
SIM2
SIM3
SIM4
1
21
22
SIM5
SIM1
SIM2
SIM3
SIM4
1
21
22
SIM5
SIM1
SIM2
SIM3
SIM4
1
21
22
SIM5
SIM1
SIM2
SIM3
SIM4
1
21
22
SIM5
SIM1
SIM2
SIM3
SIM4
1
21
22
SIM5
SIM1
SIM2
SIM3
SIM4
1
21
22
SIM5
SIM1
SIM2
SIM3
SIM4
1
21
22
SIM5
SIM1
SIM2
SIM3
SIM4
1
21
22
SIM5
SIM1
SIM2
SIM3
SIM4
1
21
22
SIM5
SIM1
SIM2
SIM3
SIM4
1
21
22
SIM5
SIM1
SIM2
SIM3
SIM4
1
21
22
SIM5
SIM1
SIM2
SIM3
SIM4
1
21
22
SIM5
SIM1
SIM2
SIM3
SIM4
1
21
22
SIM5
SIM1
SIM2
SIM3
SIM4
1
21
22
SIM5
SIM1
SIM2
SIM3
SIM4
1
21
22
SIM5
SIM1
SIM2
SIM3
SIM4
1
21
22
SIM5
SIM1
SIM2
SIM3
SIM4
1
21
22
SIM5
SIM1
SIM2
SIM3
SIM4
1
21
22
SIM5
SIM1
SIM2
SIM3
SIM4
1
21
22
SIM5
SIM1
SIM2
SIM3
SIM4
1
21
22
SIM5
SIM1
SIM2
SIM3
SIM4
1
21
22
SIM5
SIM1
SIM2
SIM3
SIM4
1
21
22
SIM5
SIM1
SIM2
SIM3
SIM4
1
21
22
SIM5
SIM1
SIM2
SIM3
SIM4
1
21
22
SIM5
SIM1
SIM2
SIM3
SIM4
1
21
22
SIM5
SIM1
SIM2
SIM3
SIM4
1
21
22
SIM5
SIM1
SIM2
SIM3
SIM4
1
21
22
SIM5
SIM1
SIM2
SIM3
SIM4
1
21
22
SIM5
SIM1
SIM2
SIM3
SIM4
1
21
22
SIM5
SIM1
SIM2
SIM3
SIM4
1
21
22
SIM5
SIM1
SIM2
SIM3
SIM4
1
21
22
SIM5
SIM1
SIM2
SIM3
SIM4
1
21
22
SIM5
SIM1
SIM2
SIM3
SIM4
1
21
22
SIM5
SIM1
SIM2
SIM3
SIM4
1
21
22
SIM5
SIM1
SIM2
SIM3
SIM4
1
21
22
SIM5
SIM1
SIM2
SIM3
SIM4
1
21
22
SIM5
SIM1
SIM2
DEBUG 1 240
SIM1
SIM2
SIM3
SIM4
1
21
22
SIM5
SIM1
SIM2
SIM3
SIM4
1
21
22
SIM5
SIM1
SIM2
SIM3
SIM4
1
21
22
SIM5
SIM1
SIM2
SIM3
SIM4
1
21
22
SIM5
SIM1
SIM2
SIM3
SIM4
1
21
22
SIM5
SIM1
SIM2
SIM3
SIM4
1
21
22
SIM5
SIM1
SIM2
SIM3
SIM4
1
21
22
SIM5
SIM1
SIM2
SIM3
SIM4
1
21
22
SIM5
SIM1
SIM2
SIM3
SIM4
1
21
22
SIM5
SIM1
SIM2
SIM3
SIM4
1
21
22
SIM5
SIM1
SIM2
SIM3
SIM4
1
21
22
SIM5
SIM1
SIM2
SIM3
SIM4
1
21
22
SIM5
SIM1
SIM2
SIM3
SIM4
1
21
22
SIM5
SIM1
SIM2
SIM3
SIM4
1
21
22
SIM5
SIM1
SIM2
SIM3
SIM4
1
21
22
SIM5
SIM1
SIM2
SIM3
SIM4
1
21
22
SIM5
SIM1
SIM2
SIM3
SIM4
1
21
22
SIM5
SIM1
SIM2
SIM3
SIM4
1
21
22
SIM5
SIM1
SIM2
SIM3
SIM4
1
21
22
SIM5
SIM1
SIM2
SIM3
SIM4
1
21
22
SIM5
SIM1
SIM2
SIM3
SIM4
1
21
22
SIM5
SIM1
SIM2
SIM3
SIM4
1
21
22
SIM5
SIM1
SIM2
SIM3
SIM4
1
21
22
SIM5
SIM1
SIM2
SIM3
SIM4
1
21
22
SIM5
SIM1
SIM2
SIM3
SIM4
1
21
22
SIM5
SIM1
SIM2
SIM3
SIM4
1
21
22
SIM5
SIM1
SIM2
SIM3
SIM4
1
21
22
SIM5
SIM1
SIM2
SIM3
SIM4
1
21
22
SIM5
SIM1
SIM2
SIM3
SIM4
1
21
22
SIM5
SIM1
SIM2
SIM3
SIM4
1
21
22
SIM5
SIM1
SIM2
SIM3
SIM4
1
21
22
SIM5
SIM1
SIM2
SIM3
SIM4
1
21
22
SIM5
SIM1
SIM2
SIM3
SIM4
1
21
22
SIM5
SIM1
SIM2
SIM3
SIM4
1
21
22
SIM5
SIM1
SIM2
SIM3
SIM4
1
21
22
SIM5
SIM1
SIM2
SIM3
SIM4
1
21
22
SIM5
SIM1
SIM2
SIM3
SIM4
1
21
22
SIM5
SIM1
SIM2
SIM3
SIM4
1
21
22
SIM5
SIM1
SIM2
SIM3
SIM4
1
21
22
SIM5
SIM1
SIM2
SIM3
SIM4
1
21
22
SIM5
SIM1
SIM2
SIM3
SIM4
1
21
22
SIM5
SIM1
SIM2
SIM3
SIM4
1
21
22
SIM5
SIM1
SIM2
SIM3
SIM4
1
21
22
SIM5
SIM1
SIM2
SIM3
SIM4
1
21
22
SIM5
SIM1
SIM2
SIM3
SIM4
1
21
22
SIM5
SIM1
SIM2
SIM3
SIM4
1
21
22
SIM5
SIM1
SIM2
SIM3
SIM4
1
21
22
SIM5
SIM1
SIM2
SIM3
SIM4
1
21
22
SIM5
SIM1
SIM2
SIM3
SIM4
1
21
22
SIM5
SIM1
SIM2
SIM3
SIM4
1
21
22
SIM5
SIM1
SIM2
SIM3
SIM4
1
21
22
SIM5
SIM1
SIM2
SIM3
SIM4
1
21
22
SIM5
SIM1
SIM2
SIM3
SIM4
1
21
22
SIM5
SIM1
SIM2
SIM3
SIM4
1
21
22
SIM5
SIM1
SIM2
SIM3
SIM4
1
21
22
SIM5
SIM1
SIM2
SIM3
SIM4
1
21
22
SIM5
SIM1
SIM2
SIM3
SIM4
1
21
22
SIM5
SIM1
SIM2
SIM3
SIM4
1
21
22
SIM5
SIM1
SIM2
SIM3
SIM4
1
21
22
SIM5
SIM1
SIM2
SIM3
SIM4
1
21
22
SIM5
SIM1
SIM2
SIM3
SIM4
1
21
22
SIM5
SIM1
SIM2
SIM3
SIM4
1
21
22
SIM5
SIM1
SIM2
SIM3
SIM4
1
21
22
SIM5
SIM1
SIM2
SIM3
SIM4
1
21
22
SIM5
SIM1
SIM2
SIM3
SIM4
1
21
22
SIM5
SIM1
SIM2
SIM3
SIM4
1
21
22
SIM5
SIM1
SIM2
SIM3
SIM4
1
21
22
SIM5
SIM1
SIM2
SIM3
SIM4
1
21
22
SIM5
SIM1
SIM2
SIM3
SIM4
1
21
22
SIM5
SIM1
SIM2
SIM3
SIM4
1
21
22
SIM5
SIM1
SIM2
SIM3
SIM4
1
21
22
SIM5
SIM1
SIM2
SIM3
SIM4
1
21
22
SIM5
SIM1
SIM2
SIM3
SIM4
1
21
22
SIM5
SIM1
SIM2
SIM3
SIM4
1
21
22
SIM5
SIM1
SIM2
SIM3
SIM4
1
21
22
SIM5
SIM1
SIM2
SIM3
SIM4
1
21
22
SIM5
SIM1
SIM2
SIM3
SIM4
1
21
22
SIM5
SIM1
SIM2
SIM3
SIM4
1
21
22
SIM5
SIM1
SIM2
SIM3
SIM4
1
21
22
SIM5
SIM1
SIM2
SIM3
SIM4
1
21
22
SIM5
SIM1
SIM2
SIM3
SIM4
1
21
22
SIM5
SIM1
SIM2
SIM3
SIM4
1
21
22
SIM5
SIM1
SIM2
SIM3
SIM4
1
21
22
SIM5
SIM1
SIM2
SIM3
SIM4
1
21
22
SIM5
SIM1
SIM2
SIM3
SIM4
1
21
22
SIM5
SIM1
SIM2
SIM3
SIM4
1
21
22
SIM5
SIM1
SIM2
SIM3
SIM4
1
21
22
SIM5
SIM1
SIM2
SIM3
SIM4
1
21
22
SIM5
SIM1
SIM2
SIM3
SIM4
1
21
22
SIM5
SIM1
SIM2
SIM3
SIM4
1
21
22
SIM5
SIM1
SIM2
SIM3
SIM4
1
21
22
SIM5
SIM1
SIM2
SIM3
SIM4
1
21
22
SIM5
SIM1
SIM2
SIM3
SIM4
1
21
22
SIM5
SIM1
SIM2
SIM3
SIM4
1
21
22
SIM5
SIM1
SIM2
SIM3
SIM4
1
21
22
SIM5
SIM1
SIM2
SIM3
SIM4
1
21
22
SIM5
SIM1
SIM2
SIM3
SIM4
1
21
22
SIM5
SIM1
SIM2
SIM3
SIM4
1
21
22
SIM5
SIM1
SIM2
SIM3
SIM4
1
21
22
SIM5
SIM1
SIM2
SIM3
SIM4
1
21
22
SIM5
SIM1
SIM2
SIM3
SIM4
1
21
22
SIM5
SIM1
SIM2
SIM3
SIM4
1
21
22
SIM5
SIM1
SIM2
SIM3
SIM4
1
21
22
SIM5
SIM1
SIM2
SIM3
SIM4
1
21
22
SIM5
SIM1
SIM2
SIM3
SIM4
1
21
22
SIM5
SIM1
SIM2
SIM3
SIM4
1
21
22
SIM5
SIM1
SIM2
SIM3
SIM4
1
21
22
SIM5
SIM1
SIM2
SIM3
SIM4
1
21
22
SIM5
SIM1
SIM2
SIM3
SIM4
1
21
22
SIM5
SIM1
SIM2
SIM3
SIM4
1
21
22
SIM5
SIM1
SIM2
SIM3
SIM4
1
21
22
SIM5
SIM1
SIM2
SIM3
SIM4
1
21
22
SIM5
SIM1
SIM2
SIM3
SIM4
1
21
22
SIM5
SIM1
SIM2
SIM3
SIM4
1
21
22
SIM5
SIM1
SIM2
SIM3
SIM4
1
21
22
SIM5
SIM1
SIM2
SIM3
SIM4
1
21
22
SIM5
SIM1
SIM2
SIM3
SIM4
1
21
22
SIM5
SIM1
SIM2
SIM3
SIM4
1
21
22
SIM5
SIM1
SIM2
SIM3
SIM4
1
21
22
SIM5
SIM1
SIM2
SIM3
SIM4
1
21
22
SIM5
SIM1
SIM2
SIM3
SIM4
1
21
22
SIM5
SIM1
SIM2
SIM3
SIM4
1
21
22
SIM5
SIM1
SIM2
SIM3
SIM4
1
21
22
SIM5
SIM1
SIM2
SIM3
SIM4
1
21
22
SIM5
SIM1
SIM2
SIM3
SIM4
1
21
22
SIM5
SIM1
SIM2
SIM3
SIM4
1
21
22
SIM5
SIM1
SIM2
SIM3
SIM4
1
21
22
SIM5
SIM1
SIM2
SIM3
SIM4
1
21
22
SIM5
SIM1
SIM2
SIM3
SIM4
1
21
22
SIM5
SIM1
SIM2
SIM3
SIM4
1
21
22
SIM5
SIM1
SIM2
SIM3
SIM4
1
21
22
SIM5
SIM1
SIM2
SIM3
SIM4
1
21
22
SIM5
SIM1
SIM2
SIM3
SIM4
1
21
22
SIM5
SIM1
SIM2
SIM3
SIM4
1
21
22
SIM5
SIM1
SIM2
SIM3
SIM4
1
21
22
SIM5
SIM1
SIM2
SIM3
SIM4
1
21
22
SIM5
SIM1
SIM2
SIM3
SIM4
1
21
22
SIM5
SIM1
SIM2
SIM3
SIM4
1
21
22
SIM5
SIM1
SIM2
SIM3
SIM4
1
21
22
SIM5
SIM1
SIM2
SIM3
SIM4
1
21
22
SIM5
SIM1
SIM2
SIM3
SIM4
1
21
22
SIM5
SIM1
SIM2
SIM3
SIM4
1
21
22
SIM5
SIM1
SIM2
SIM3
SIM4
1
21
22
SIM5
SIM1
SIM2
SIM3
SIM4
1
21
22
SIM5
SIM1
SIM2
SIM3
SIM4
1
21
22
SIM5
SIM1
SIM2
SIM3
SIM4
1
21
22
SIM5
SIM1
SIM2
SIM3
SIM4
1
21
22
SIM5
SIM1
SIM2
SIM3
SIM4
1
21
22
SIM5
SIM1
SIM2
SIM3
SIM4
1
21
22
SIM5
SIM1
SIM2
SIM3
SIM4
1
21
22
SIM5
SIM1
SIM2
SIM3
SIM4
1
21
22
SIM5
SIM1
SIM2
SIM3
SIM4
1
21
22
SIM5
SIM1
SIM2
SIM3
SIM4
1
21
22
SIM5
SIM1
SIM2
SIM3
SIM4
1
21
22
SIM5
SIM1
SIM2
SIM3
SIM4
1
21
22
SIM5
SIM1
SIM2
SIM3
SIM4
1
21
22
SIM5
SIM1
SIM2
SIM3
SIM4
1
21
22
SIM5
SIM1
SIM2
SIM3
SIM4
1
21
22
SIM5
SIM1
SIM2
SIM3
SIM4
1
21
22
SIM5
SIM1
SIM2
SIM3
SIM4
1
21
22
SIM5
SIM1
SIM2
SIM3
SIM4
1
21
22
SIM5
SIM1
SIM2
SIM3
SIM4
1
21
22
SIM5
SIM1
SIM2
SIM3
SIM4
1
21
22
SIM5
SIM1
SIM2
SIM3
SIM4
1
21
22
SIM5
SIM1
SIM2
SIM3
SIM4
1
21
22
SIM5
SIM1
SIM2
SIM3
SIM4
1
21
22
SIM5
SIM1
SIM2
SIM3
SIM4
1
21
22
SIM5
SIM1
SIM2
SIM3
SIM4
1
21
22
SIM5
SIM1
SIM2
SIM3
SIM4
1
21
22
SIM5
SIM1
SIM2
SIM3
SIM4
1
21
22
SIM5
SIM1
SIM2
SIM3
SIM4
1
21
22
SIM5
SIM1
SIM2
SIM3
SIM4
1
21
22
SIM5
SIM1
SIM2
SIM3
SIM4
1
21
22
SIM5
SIM1
SIM2
SIM3
SIM4
1
21
22
SIM5
SIM1
SIM2
SIM3
SIM4
1
21
22
SIM5
SIM1
SIM2
SIM3
SIM4
1
21
22
SIM5
SIM1
SIM2
SIM3
SIM4
1
21
22
SIM5
SIM1
SIM2
SIM3
SIM4
1
21
22
SIM5
SIM1
SIM2
SIM3
SIM4
1
21
22
SIM5
SIM1
SIM2
SIM3
SIM4
1
21
22
SIM5
SIM1
SIM2
SIM3
SIM4
1
21
22
SIM5
SIM1
SIM2
SIM3
SIM4
1
21
22
SIM5
SIM1
SIM2
SIM3
SIM4
1
21
22
SIM5
SIM1
SIM2
SIM3
SIM4
1
21
22
SIM5
SIM1
SIM2
SIM3
SIM4
1
21
22
SIM5
SIM1
SIM2
SIM3
SIM4
1
21
22
SIM5
SIM1
SIM2
SIM3
SIM4
1
21
22
SIM5
SIM1
SIM2
SIM3
SIM4
1
21
22
SIM5
SIM1
SIM2
SIM3
SIM4
1
21
22
SIM5
SIM1
SIM2
SIM3
SIM4
1
21
22
SIM5
SIM1
SIM2
SIM3
SIM4
1
21
22
SIM5
SIM1
SIM2
SIM3
SIM4
1
21
22
SIM5
SIM1
SIM2
SIM3
SIM4
1
21
22
SIM5
SIM1
SIM2
SIM3
SIM4
1
21
22
SIM5
SIM1
SIM2
SIM3
SIM4
1
21
22
SIM5
SIM1
SIM2
SIM3
SIM4
1
21
22
SIM5
SIM1
SIM2
SIM3
SIM4
1
21
22
SIM5
SIM1
SIM2
SIM3
SIM4
1
21
22
SIM5
SIM1
SIM2
SIM3
SIM4
1
21
22
SIM5
SIM1
SIM2
SIM3
SIM4
1
21
22
SIM5
SIM1
SIM2
SIM3
SIM4
1
21
22
SIM5
SIM1
SIM2
SIM3
SIM4
1
21
22
SIM5
SIM1
SIM2
SIM3
SIM4
1
21
22
SIM5
SIM1
SIM2
SIM3
SIM4
1
21
22
SIM5
SIM1
SIM2
SIM3
SIM4
1
21
22
SIM5
SIM1
SIM2
SIM3
SIM4
1
21
22
SIM5
SIM1
SIM2
SIM3
SIM4
1
21
22
SIM5
SIM1
SIM2
SIM3
SIM4
1
21
22
SIM5
SIM1
SIM2
SIM3
SIM4
1
21
22
SIM5
SIM1
SIM2
SIM3
SIM4
1
21
22
SIM5
SIM1
SIM2
SIM3
SIM4
1
21
22
SIM5
SIM1
SIM2
SIM3
SIM4
1
21
22
SIM5
SIM1
SIM2
SIM3
SIM4
1
21
22
SIM5
SIM1
SIM2
SIM3
SIM4
1
21
22
SIM5
SIM1
SIM2
SIM3
SIM4
1
21
22
SIM5
SIM1
SIM2
SIM3
SIM4
1
21
22
SIM5
SIM1
SIM2
SIM3
SIM4
1
21
22
SIM5
SIM1
SIM2
SIM3
SIM4
1
21
22
SIM5
SIM1
SIM2
SIM3
SIM4
1
21
22
SIM5
SIM1
SIM2
SIM3
SIM4
1
21
22
SIM5
SIM1
SIM2
SIM3
SIM4
1
21
22
SIM5
SIM1
SIM2
SIM3
SIM4
1
21
22
SIM5
SIM1
SIM2
SIM3
SIM4
1
21
22
SIM5
SIM1
SIM2
SIM3
SIM4
1
21
22
SIM5
SIM1
SIM2
SIM3
SIM4
1
21
22
SIM5
SIM1
SIM2
SIM3
SIM4
1
21
22
SIM5
SIM1
SIM2
SIM3
SIM4
1
21
22
SIM5
SIM1
SIM2
SIM3
SIM4
1
21
22
SIM5
SIM1
SIM2
SIM3
SIM4
1
21
22
SIM5
SIM1
SIM2
SIM3
SIM4
1
21
22
SIM5
SIM1
SIM2
SIM3
SIM4
1
21
22
SIM5
SIM1
SIM2
SIM3
SIM4
1
21
22
SIM5
SIM1
SIM2
SIM3
SIM4
1
21
22
SIM5
SIM1
SIM2
SIM3
SIM4
1
21
22
SIM5
SIM1
SIM2
SIM3
SIM4
1
21
22
SIM5
SIM1
SIM2
SIM3
SIM4
1
21
22
SIM5
SIM1
SIM2
SIM3
SIM4
1
21
22
SIM5
SIM1
SIM2
SIM3
SIM4
1
21
22
SIM5
SIM1
SIM2
SIM3
SIM4
1
21
22
SIM5
SIM1
SIM2
SIM3
SIM4
1
21
22
SIM5
SIM1
SIM2
SIM3
SIM4
1
21
22
SIM5
SIM1
SIM2
SIM3
SIM4
1
21
22
SIM5
SIM1
SIM2
SIM3
SIM4
1
21
22
SIM5
SIM1
SIM2
SIM3
SIM4
1
21
22
SIM5
SIM1
SIM2
SIM3
SIM4
1
21
22
SIM5
SIM1
SIM2
SIM3
SIM4
1
21
22
SIM5
SIM1
SIM2
SIM3
SIM4
1
21
22
SIM5
SIM1
SIM2
SIM3
SIM4
1
21
22
SIM5
SIM1
SIM2
SIM3
SIM4
1
21
22
SIM5
SIM1
SIM2
SIM3
SIM4
1
21
22
SIM5
SIM1
SIM2
SIM3
SIM4
1
21
22
SIM5
SIM1
SIM2
SIM3
SIM4
1
21
22
SIM5
SIM1
SIM2
SIM3
SIM4
1
21
22
SIM5
SIM1
SIM2
SIM3
SIM4
1
21
22
SIM5
SIM1
SIM2
SIM3
SIM4
1
21
22
SIM5
SIM1
SIM2
SIM3
SIM4
1
21
22
SIM5
SIM1
SIM2
SIM3
SIM4
1
21
22
SIM5
SIM1
SIM2
SIM3
SIM4
1
21
22
SIM5
SIM1
SIM2
SIM3
SIM4
1
21
22
SIM5
SIM1
SIM2
SIM3
SIM4
1
21
22
SIM5
SIM1
SIM2
SIM3
SIM4
1
21
22
SIM5
SIM1
SIM2
SIM3
SIM4
1
21
22
SIM5
SIM1
SIM2
SIM3
SIM4
1
21
22
SIM5
SIM1
SIM2
SIM3
SIM4
1
21
22
SIM5
SIM1
SIM2
SIM3
SIM4
1
21
22
SIM5
SIM1
SIM2
SIM3
SIM4
1
21
22
SIM5
SIM1
SIM2
SIM3
SIM4
1
21
22
SIM5
SIM1
SIM2
SIM3
SIM4
1
21
22
SIM5
SIM1
SIM2
SIM3
SIM4
1
21
22
SIM5
SIM1
SIM2
SIM3
SIM4
1
21
22
SIM5
SIM1
SIM2
SIM3
SIM4
1
21
22
SIM5
SIM1
SIM2
SIM3
SIM4
1
21
22
SIM5
SIM1
SIM2
SIM3
SIM4
1
21
22
SIM5
SIM1
SIM2
SIM3
SIM4
1
21
22
SIM5
SIM1
SIM2
SIM3
SIM4
1
21
22
SIM5
SIM1
SIM2
SIM3
SIM4
1
21
22
SIM5
SIM1
SIM2
SIM3
SIM4
1
21
22
SIM5
SIM1
SIM2
SIM3
SIM4
1
21
22
SIM5
SIM1
SIM2
SIM3
SIM4
1
21
22
SIM5
SIM1
SIM2
SIM3
SIM4
1
21
22
SIM5
SIM1
SIM2
SIM3
SIM4
1
21
22
SIM5
SIM1
SIM2
SIM3
SIM4
1
21
22
SIM5
SIM1
SIM2
SIM3
SIM4
1
21
22
SIM5
SIM1
SIM2
SIM3
SIM4
1
21
22
SIM5
SIM1
SIM2
SIM3
SIM4
1
21
22
SIM5
SIM1
SIM2
SIM3
SIM4
1
21
22
SIM5
SIM1
SIM2
DEBUG 1 241
SIM1
SIM2
SIM3
SIM4
1
21
22
SIM5
SIM1
SIM2
SIM3
SIM4
1
21
22
SIM5
SIM1
SIM2
SIM3
SIM4
1
21
22
SIM5
SIM1
SIM2
SIM3
SIM4
1
21
22
SIM5
SIM1
SIM2
SIM3
SIM4
1
21
22
SIM5
SIM1
SIM2
SIM3
SIM4
1
21
22
SIM5
SIM1
SIM2
SIM3
SIM4
1
21
22
SIM5
SIM1
SIM2
SIM3
SIM4
1
21
22
SIM5
SIM1
SIM2
SIM3
SIM4
1
21
22
SIM5
SIM1
SIM2
SIM3
SIM4
1
21
22
SIM5
SIM1
SIM2
SIM3
SIM4
1
21
22
SIM5
SIM1
SIM2
SIM3
SIM4
1
21
22
SIM5
SIM1
SIM2
SIM3
SIM4
1
21
22
SIM5
SIM1
SIM2
SIM3
SIM4
1
21
22
SIM5
SIM1
SIM2
SIM3
SIM4
1
21
22
SIM5
SIM1
SIM2
SIM3
SIM4
1
21
22
SIM5
SIM1
SIM2
SIM3
SIM4
1
21
22
SIM5
SIM1
SIM2
SIM3
SIM4
1
21
22
SIM5
SIM1
SIM2
SIM3
SIM4
1
21
22
SIM5
SIM1
SIM2
SIM3
SIM4
1
21
22
SIM5
SIM1
SIM2
SIM3
SIM4
1
21
22
SIM5
SIM1
SIM2
SIM3
SIM4
1
21
22
SIM5
SIM1
SIM2
SIM3
SIM4
1
21
22
SIM5
SIM1
SIM2
SIM3
SIM4
1
21
22
SIM5
SIM1
SIM2
SIM3
SIM4
1
21
22
SIM5
SIM1
SIM2
SIM3
SIM4
1
21
22
SIM5
SIM1
SIM2
SIM3
SIM4
1
21
22
SIM5
SIM1
SIM2
SIM3
SIM4
1
21
22
SIM5
SIM1
SIM2
SIM3
SIM4
1
21
22
SIM5
SIM1
SIM2
SIM3
SIM4
1
21
22
SIM5
SIM1
SIM2
SIM3
SIM4
1
21
22
SIM5
SIM1
SIM2
SIM3
SIM4
1
21
22
SIM5
SIM1
SIM2
SIM3
SIM4
1
21
22
SIM5
SIM1
SIM2
SIM3
SIM4
1
21
22
SIM5
SIM1
SIM2
SIM3
SIM4
1
21
22
SIM5
SIM1
SIM2
SIM3
SIM4
1
21
22
SIM5
SIM1
SIM2
SIM3
SIM4
1
21
22
SIM5
SIM1
SIM2
SIM3
SIM4
1
21
22
SIM5
SIM1
SIM2
SIM3
SIM4
1
21
22
SIM5
SIM1
SIM2
SIM3
SIM4
1
21
22
SIM5
SIM1
SIM2
SIM3
SIM4
1
21
22
SIM5
SIM1
SIM2
SIM3
SIM4
1
21
22
SIM5
SIM1
SIM2
SIM3
SIM4
1
21
22
SIM5
SIM1
SIM2
SIM3
SIM4
1
21
22
SIM5
SIM1
SIM2
SIM3
SIM4
1
21
22
SIM5
SIM1
SIM2
SIM3
SIM4
1
21
22
SIM5
SIM1
SIM2
SIM3
SIM4
1
21
22
SIM5
SIM1
SIM2
SIM3
SIM4
1
21
22
SIM5
SIM1
SIM2
SIM3
SIM4
1
21
22
SIM5
SIM1
SIM2
SIM3
SIM4
1
21
22
SIM5
SIM1
SIM2
SIM3
SIM4
1
21
22
SIM5
SIM1
SIM2
SIM3
SIM4
1
21
22
SIM5
SIM1
SIM2
SIM3
SIM4
1
21
22
SIM5
SIM1
SIM2
SIM3
SIM4
1
21
22
SIM5
SIM1
SIM2
SIM3
SIM4
1
21
22
SIM5
SIM1
SIM2
SIM3
SIM4
1
21
22
SIM5
SIM1
SIM2
SIM3
SIM4
1
21
22
SIM5
SIM1
SIM2
SIM3
SIM4
1
21
22
SIM5
SIM1
SIM2
SIM3
SIM4
1
21
22
SIM5
SIM1
SIM2
SIM3
SIM4
1
21
22
SIM5
SIM1
SIM2
SIM3
SIM4
1
21
22
SIM5
SIM1
SIM2
SIM3
SIM4
1
21
22
SIM5
SIM1
SIM2
SIM3
SIM4
1
21
22
SIM5
SIM1
SIM2
SIM3
SIM4
1
21
22
SIM5
SIM1
SIM2
SIM3
SIM4
1
21
22
SIM5
SIM1
SIM2
SIM3
SIM4
1
21
22
SIM5
SIM1
SIM2
SIM3
SIM4
1
21
22
SIM5
SIM1
SIM2
SIM3
SIM4
1
21
22
SIM5
SIM1
SIM2
SIM3
SIM4
1
21
22
SIM5
SIM1
SIM2
SIM3
SIM4
1
21
22
SIM5
SIM1
SIM2
SIM3
SIM4
1
21
22
SIM5
SIM1
SIM2
SIM3
SIM4
1
21
22
SIM5
SIM1
SIM2
SIM3
SIM4
1
21
22
SIM5
SIM1
SIM2
SIM3
SIM4
1
21
22
SIM5
SIM1
SIM2
SIM3
SIM4
1
21
22
SIM5
SIM1
SIM2
SIM3
SIM4
1
21
22
SIM5
SIM1
SIM2
SIM3
SIM4
1
21
22
SIM5
SIM1
SIM2
SIM3
SIM4
1
21
22
SIM5
SIM1
SIM2
SIM3
SIM4
1
21
22
SIM5
SIM1
SIM2
SIM3
SIM4
1
21
22
SIM5
SIM1
SIM2
SIM3
SIM4
1
21
22
SIM5
SIM1
SIM2
SIM3
SIM4
1
21
22
SIM5
SIM1
SIM2
SIM3
SIM4
1
21
22
SIM5
SIM1
SIM2
SIM3
SIM4
1
21
22
SIM5
SIM1
SIM2
SIM3
SIM4
1
21
22
SIM5
SIM1
SIM2
SIM3
SIM4
1
21
22
SIM5
SIM1
SIM2
SIM3
SIM4
1
21
22
SIM5
SIM1
SIM2
SIM3
SIM4
1
21
22
SIM5
SIM1
SIM2
SIM3
SIM4
1
21
22
SIM5
SIM1
SIM2
SIM3
SIM4
1
21
22
SIM5
SIM1
SIM2
SIM3
SIM4
1
21
22
SIM5
SIM1
SIM2
SIM3
SIM4
1
21
22
SIM5
SIM1
SIM2
SIM3
SIM4
1
21
22
SIM5
SIM1
SIM2
SIM3
SIM4
1
21
22
SIM5
SIM1
SIM2
SIM3
SIM4
1
21
22
SIM5
SIM1
SIM2
SIM3
SIM4
1
21
22
SIM5
SIM1
SIM2
SIM3
SIM4
1
21
22
SIM5
SIM1
SIM2
SIM3
SIM4
1
21
22
SIM5
SIM1
SIM2
SIM3
SIM4
1
21
22
SIM5
SIM1
SIM2
SIM3
SIM4
1
21
22
SIM5
SIM1
SIM2
SIM3
SIM4
1
21
22
SIM5
SIM1
SIM2
SIM3
SIM4
1
21
22
SIM5
SIM1
SIM2
SIM3
SIM4
1
21
22
SIM5
SIM1
SIM2
SIM3
SIM4
1
21
22
SIM5
SIM1
SIM2
SIM3
SIM4
1
21
22
SIM5
SIM1
SIM2
SIM3
SIM4
1
21
22
SIM5
SIM1
SIM2
SIM3
SIM4
1
21
22
SIM5
SIM1
SIM2
SIM3
SIM4
1
21
22
SIM5
SIM1
SIM2
SIM3
SIM4
1
21
22
SIM5
SIM1
SIM2
SIM3
SIM4
1
21
22
SIM5
SIM1
SIM2
SIM3
SIM4
1
21
22
SIM5
SIM1
SIM2
SIM3
SIM4
1
21
22
SIM5
SIM1
SIM2
SIM3
SIM4
1
21
22
SIM5
SIM1
SIM2
SIM3
SIM4
1
21
22
SIM5
SIM1
SIM2
SIM3
SIM4
1
21
22
SIM5
SIM1
SIM2
DEBUG 1 242
SIM1
SIM2
SIM3
SIM4
1
21
22
SIM5
SIM1
SIM2
SIM3
SIM4
1
21
22
SIM5
SIM1
SIM2
SIM3
SIM4
1
21
22
SIM5
SIM1
SIM2
SIM3
SIM4
1
21
22
SIM5
SIM1
SIM2
SIM3
SIM4
1
21
22
SIM5
SIM1
SIM2
SIM3
SIM4
1
21
22
SIM5
SIM1
SIM2
SIM3
SIM4
1
21
22
SIM5
SIM1
SIM2
SIM3
SIM4
1
21
22
SIM5
SIM1
SIM2
SIM3
SIM4
1
21
22
SIM5
SIM1
SIM2
SIM3
SIM4
1
21
22
SIM5
SIM1
SIM2
SIM3
SIM4
1
21
22
SIM5
SIM1
SIM2
SIM3
SIM4
1
21
22
SIM5
SIM1
SIM2
SIM3
SIM4
1
21
22
SIM5
SIM1
SIM2
SIM3
SIM4
1
21
22
SIM5
SIM1
SIM2
SIM3
SIM4
1
21
22
SIM5
SIM1
SIM2
SIM3
SIM4
1
21
22
SIM5
SIM1
SIM2
SIM3
SIM4
1
21
22
SIM5
SIM1
SIM2
SIM3
SIM4
1
21
22
SIM5
SIM1
SIM2
SIM3
SIM4
1
21
22
SIM5
SIM1
SIM2
SIM3
SIM4
1
21
22
SIM5
SIM1
SIM2
SIM3
SIM4
1
21
22
SIM5
SIM1
SIM2
SIM3
SIM4
1
21
22
SIM5
SIM1
SIM2
SIM3
SIM4
1
21
22
SIM5
SIM1
SIM2
SIM3
SIM4
1
21
22
SIM5
SIM1
SIM2
SIM3
SIM4
1
21
22
SIM5
SIM1
SIM2
SIM3
SIM4
1
21
22
SIM5
SIM1
SIM2
SIM3
SIM4
1
21
22
SIM5
SIM1
SIM2
SIM3
SIM4
1
21
22
SIM5
SIM1
SIM2
SIM3
SIM4
1
21
22
SIM5
SIM1
SIM2
SIM3
SIM4
1
21
22
SIM5
SIM1
SIM2
SIM3
SIM4
1
21
22
SIM5
SIM1
SIM2
SIM3
SIM4
1
21
22
SIM5
SIM1
SIM2
SIM3
SIM4
1
21
22
SIM5
SIM1
SIM2
SIM3
SIM4
1
21
22
SIM5
SIM1
SIM2
SIM3
SIM4
1
21
22
SIM5
SIM1
SIM2
SIM3
SIM4
1
21
22
SIM5
SIM1
SIM2
SIM3
SIM4
1
21
22
SIM5
SIM1
SIM2
SIM3
SIM4
1
21
22
SIM5
SIM1
SIM2
SIM3
SIM4
1
21
22
SIM5
SIM1
SIM2
SIM3
SIM4
1
21
22
SIM5
SIM1
SIM2
SIM3
SIM4
1
21
22
SIM5
SIM1
SIM2
SIM3
SIM4
1
21
22
SIM5
SIM1
SIM2
SIM3
SIM4
1
21
22
SIM5
SIM1
SIM2
SIM3
SIM4
1
21
22
SIM5
SIM1
SIM2
SIM3
SIM4
1
21
22
SIM5
SIM1
SIM2
SIM3
SIM4
1
21
22
SIM5
SIM1
SIM2
SIM3
SIM4
1
21
22
SIM5
SIM1
SIM2
SIM3
SIM4
1
21
22
SIM5
SIM1
SIM2
SIM3
SIM4
1
21
22
SIM5
SIM1
SIM2
SIM3
SIM4
1
21
22
SIM5
SIM1
SIM2
SIM3
SIM4
1
21
22
SIM5
SIM1
SIM2
SIM3
SIM4
1
21
22
SIM5
SIM1
SIM2
SIM3
SIM4
1
21
22
SIM5
SIM1
SIM2
SIM3
SIM4
1
21
22
SIM5
SIM1
SIM2
SIM3
SIM4
1
21
22
SIM5
SIM1
SIM2
SIM3
SIM4
1
21
22
SIM5
SIM1
SIM2
SIM3
SIM4
1
21
22
SIM5
SIM1
SIM2
SIM3
SIM4
1
21
22
SIM5
SIM1
SIM2
SIM3
SIM4
1
21
22
SIM5
SIM1
SIM2
SIM3
SIM4
1
21
22
SIM5
SIM1
SIM2
SIM3
SIM4
1
21
22
SIM5
SIM1
SIM2
SIM3
SIM4
1
21
22
SIM5
SIM1
SIM2
SIM3
SIM4
1
21
22
SIM5
SIM1
SIM2
SIM3
SIM4
1
21
22
SIM5
SIM1
SIM2
SIM3
SIM4
1
21
22
SIM5
SIM1
SIM2
SIM3
SIM4
1
21
22
SIM5
SIM1
SIM2
SIM3
SIM4
1
21
22
SIM5
SIM1
SIM2
SIM3
SIM4
1
21
22
SIM5
SIM1
SIM2
SIM3
SIM4
1
21
22
SIM5
SIM1
SIM2
SIM3
SIM4
1
21
22
SIM5
SIM1
SIM2
SIM3
SIM4
1
21
22
SIM5
SIM1
SIM2
SIM3
SIM4
1
21
22
SIM5
SIM1
SIM2
SIM3
SIM4
1
21
22
SIM5
SIM1
SIM2
SIM3
SIM4
1
21
22
SIM5
SIM1
SIM2
SIM3
SIM4
1
21
22
SIM5
SIM1
SIM2
SIM3
SIM4
1
21
22
SIM5
SIM1
SIM2
SIM3
SIM4
1
21
22
SIM5
SIM1
SIM2
SIM3
SIM4
1
21
22
SIM5
SIM1
SIM2
SIM3
SIM4
1
21
22
SIM5
SIM1
SIM2
SIM3
SIM4
1
21
22
SIM5
SIM1
SIM2
SIM3
SIM4
1
21
22
SIM5
SIM1
SIM2
SIM3
SIM4
1
21
22
SIM5
SIM1
SIM2
SIM3
SIM4
1
21
22
SIM5
SIM1
SIM2
SIM3
SIM4
1
21
22
SIM5
SIM1
SIM2
SIM3
SIM4
1
21
22
SIM5
SIM1
SIM2
SIM3
SIM4
1
21
22
SIM5
SIM1
SIM2
SIM3
SIM4
1
21
22
SIM5
SIM1
SIM2
SIM3
SIM4
1
21
22
SIM5
SIM1
SIM2
SIM3
SIM4
1
21
22
SIM5
SIM1
SIM2
SIM3
SIM4
1
21
22
SIM5
SIM1
SIM2
SIM3
SIM4
1
21
22
SIM5
SIM1
SIM2
SIM3
SIM4
1
21
22
SIM5
SIM1
SIM2
SIM3
SIM4
1
21
22
SIM5
SIM1
SIM2
SIM3
SIM4
1
21
22
SIM5
SIM1
SIM2
SIM3
SIM4
1
21
22
SIM5
SIM1
SIM2
SIM3
SIM4
1
21
22
SIM5
SIM1
SIM2
SIM3
SIM4
1
21
22
SIM5
SIM1
SIM2
SIM3
SIM4
1
21
22
SIM5
SIM1
SIM2
SIM3
SIM4
1
21
22
SIM5
SIM1
SIM2
SIM3
SIM4
1
21
22
SIM5
SIM1
SIM2
SIM3
SIM4
1
21
22
SIM5
SIM1
SIM2
SIM3
SIM4
1
21
22
SIM5
SIM1
SIM2
SIM3
SIM4
1
21
22
SIM5
SIM1
SIM2
SIM3
SIM4
1
21
22
SIM5
SIM1
SIM2
SIM3
SIM4
1
21
22
SIM5
SIM1
SIM2
SIM3
SIM4
1
21
22
SIM5
SIM1
SIM2
SIM3
SIM4
1
21
22
SIM5
SIM1
SIM2
SIM3
SIM4
1
21
22
SIM5
SIM1
SIM2
SIM3
SIM4
1
21
22
SIM5
SIM1
SIM2
SIM3
SIM4
1
21
22
SIM5
SIM1
SIM2
SIM3
SIM4
1
21
22
SIM5
SIM1
SIM2
SIM3
SIM4
1
21
22
SIM5
SIM1
SIM2
SIM3
SIM4
1
21
22
SIM5
SIM1
SIM2
SIM3
SIM4
1
21
22
SIM5
SIM1
SIM2
SIM3
SIM4
1
21
22
SIM5
SIM1
SIM2
SIM3
SIM4
1
21
22
SIM5
SIM1
SIM2
SIM3
SIM4
1
21
22
SIM5
SIM1
SIM2
SIM3
SIM4
1
21
22
SIM5
SIM1
SIM2
SIM3
SIM4
1
21
22
SIM5
SIM1
SIM2
SIM3
SIM4
1
21
22
SIM5
SIM1
SIM2
SIM3
SIM4
1
21
22
SIM5
SIM1
SIM2
SIM3
SIM4
1
21
22
SIM5
SIM1
SIM2
SIM3
SIM4
1
21
22
SIM5
SIM1
SIM2
SIM3
SIM4
1
21
22
SIM5
SIM1
SIM2
SIM3
SIM4
1
21
22
SIM5
SIM1
SIM2
SIM3
SIM4
1
21
22
SIM5
SIM1
SIM2
SIM3
SIM4
1
21
22
SIM5
SIM1
SIM2
SIM3
SIM4
1
21
22
SIM5
SIM1
SIM2
SIM3
SIM4
1
21
22
SIM5
SIM1
SIM2
SIM3
SIM4
1
21
22
SIM5
SIM1
SIM2
SIM3
SIM4
1
21
22
SIM5
SIM1
SIM2
SIM3
SIM4
1
21
22
SIM5
SIM1
SIM2
SIM3
SIM4
1
21
22
SIM5
SIM1
SIM2
SIM3
SIM4
1
21
22
SIM5
SIM1
SIM2
SIM3
SIM4
1
21
22
SIM5
SIM1
SIM2
SIM3
SIM4
1
21
22
SIM5
SIM1
SIM2
SIM3
SIM4
1
21
22
SIM5
SIM1
SIM2
SIM3
SIM4
1
21
22
SIM5
SIM1
SIM2
SIM3
SIM4
1
21
22
SIM5
SIM1
SIM2
SIM3
SIM4
1
21
22
SIM5
SIM1
SIM2
SIM3
SIM4
1
21
22
SIM5
SIM1
SIM2
SIM3
SIM4
1
21
22
SIM5
SIM1
SIM2
SIM3
SIM4
1
21
22
SIM5
SIM1
SIM2
SIM3
SIM4
1
21
22
SIM5
SIM1
SIM2
SIM3
SIM4
1
21
22
SIM5
SIM1
SIM2
SIM3
SIM4
1
21
22
SIM5
SIM1
SIM2
SIM3
SIM4
1
21
22
SIM5
SIM1
SIM2
SIM3
SIM4
1
21
22
SIM5
SIM1
SIM2
SIM3
SIM4
1
21
22
SIM5
SIM1
SIM2
SIM3
SIM4
1
21
22
SIM5
SIM1
SIM2
SIM3
SIM4
1
21
22
SIM5
SIM1
SIM2
SIM3
SIM4
1
21
22
SIM5
SIM1
SIM2
SIM3
SIM4
1
21
22
SIM5
SIM1
SIM2
SIM3
SIM4
1
21
22
SIM5
SIM1
SIM2
SIM3
SIM4
1
21
22
SIM5
SIM1
SIM2
SIM3
SIM4
1
21
22
SIM5
SIM1
SIM2
SIM3
SIM4
1
21
22
SIM5
SIM1
SIM2
SIM3
SIM4
1
21
22
SIM5
SIM1
SIM2
SIM3
SIM4
1
21
22
SIM5
SIM1
SIM2
SIM3
SIM4
1
21
22
SIM5
SIM1
SIM2
SIM3
SIM4
1
21
22
SIM5
SIM1
SIM2
SIM3
SIM4
1
21
22
SIM5
SIM1
SIM2
SIM3
SIM4
1
21
22
SIM5
SIM1
SIM2
SIM3
SIM4
1
21
22
SIM5
SIM1
SIM2
SIM3
SIM4
1
21
22
SIM5
SIM1
SIM2
SIM3
SIM4
1
21
22
SIM5
SIM1
SIM2
SIM3
SIM4
1
21
22
SIM5
SIM1
SIM2
SIM3
SIM4
1
21
22
SIM5
SIM1
SIM2
SIM3
SIM4
1
21
22
SIM5
SIM1
SIM2
SIM3
SIM4
1
21
22
SIM5
SIM1
SIM2
SIM3
SIM4
1
21
22
SIM5
SIM1
SIM2
SIM3
SIM4
1
21
22
SIM5
SIM1
SIM2
SIM3
SIM4
1
21
22
SIM5
SIM1
SIM2
SIM3
SIM4
1
21
22
SIM5
SIM1
SIM2
SIM3
SIM4
1
21
22
SIM5
SIM1
SIM2
SIM3
SIM4
1
21
22
SIM5
SIM1
SIM2
SIM3
SIM4
1
21
22
SIM5
SIM1
SIM2
SIM3
SIM4
1
21
22
SIM5
SIM1
SIM2
SIM3
SIM4
1
21
22
SIM5
SIM1
SIM2
SIM3
SIM4
1
21
22
SIM5
SIM1
SIM2
SIM3
SIM4
1
21
22
SIM5
SIM1
SIM2
SIM3
SIM4
1
21
22
SIM5
SIM1
SIM2
SIM3
SIM4
1
21
22
SIM5
SIM1
SIM2
SIM3
SIM4
1
21
22
SIM5
SIM1
SIM2
SIM3
SIM4
1
21
22
SIM5
SIM1
SIM2
SIM3
SIM4
1
21
22
SIM5
SIM1
SIM2
DEBUG 1 243
SIM1
SIM2
SIM3
SIM4
1
21
22
SIM5
SIM1
SIM2
SIM3
SIM4
1
21
22
SIM5
SIM1
SIM2
SIM3
SIM4
1
21
22
SIM5
SIM1
SIM2
SIM3
SIM4
1
21
22
SIM5
SIM1
SIM2
SIM3
SIM4
1
21
22
SIM5
SIM1
SIM2
SIM3
SIM4
1
21
22
SIM5
SIM1
SIM2
SIM3
SIM4
1
21
22
SIM5
SIM1
SIM2
SIM3
SIM4
1
21
22
SIM5
SIM1
SIM2
SIM3
SIM4
1
21
22
SIM5
SIM1
SIM2
SIM3
SIM4
1
21
22
SIM5
SIM1
SIM2
SIM3
SIM4
1
21
22
SIM5
SIM1
SIM2
SIM3
SIM4
1
21
22
SIM5
SIM1
SIM2
SIM3
SIM4
1
21
22
SIM5
SIM1
SIM2
SIM3
SIM4
1
21
22
SIM5
SIM1
SIM2
SIM3
SIM4
1
21
22
SIM5
SIM1
SIM2
SIM3
SIM4
1
21
22
SIM5
SIM1
SIM2
SIM3
SIM4
1
21
22
SIM5
SIM1
SIM2
SIM3
SIM4
1
21
22
SIM5
SIM1
SIM2
SIM3
SIM4
1
21
22
SIM5
SIM1
SIM2
SIM3
SIM4
1
21
22
SIM5
SIM1
SIM2
SIM3
SIM4
1
21
22
SIM5
SIM1
SIM2
SIM3
SIM4
1
21
22
SIM5
SIM1
SIM2
SIM3
SIM4
1
21
22
SIM5
SIM1
SIM2
SIM3
SIM4
1
21
22
SIM5
SIM1
SIM2
SIM3
SIM4
1
21
22
SIM5
SIM1
SIM2
SIM3
SIM4
1
21
22
SIM5
SIM1
SIM2
SIM3
SIM4
1
21
22
SIM5
SIM1
SIM2
SIM3
SIM4
1
21
22
SIM5
SIM1
SIM2
SIM3
SIM4
1
21
22
SIM5
SIM1
SIM2
SIM3
SIM4
1
21
22
SIM5
SIM1
SIM2
SIM3
SIM4
1
21
22
SIM5
SIM1
SIM2
SIM3
SIM4
1
21
22
SIM5
SIM1
SIM2
SIM3
SIM4
1
21
22
SIM5
SIM1
SIM2
SIM3
SIM4
1
21
22
SIM5
SIM1
SIM2
SIM3
SIM4
1
21
22
SIM5
SIM1
SIM2
SIM3
SIM4
1
21
22
SIM5
SIM1
SIM2
SIM3
SIM4
1
21
22
SIM5
SIM1
SIM2
SIM3
SIM4
1
21
22
SIM5
SIM1
SIM2
SIM3
SIM4
1
21
22
SIM5
SIM1
SIM2
SIM3
SIM4
1
21
22
SIM5
SIM1
SIM2
SIM3
SIM4
1
21
22
SIM5
SIM1
SIM2
SIM3
SIM4
1
21
22
SIM5
SIM1
SIM2
SIM3
SIM4
1
21
22
SIM5
SIM1
SIM2
SIM3
SIM4
1
21
22
SIM5
SIM1
SIM2
SIM3
SIM4
1
21
22
SIM5
SIM1
SIM2
SIM3
SIM4
1
21
22
SIM5
SIM1
SIM2
SIM3
SIM4
1
21
22
SIM5
SIM1
SIM2
SIM3
SIM4
1
21
22
SIM5
SIM1
SIM2
SIM3
SIM4
1
21
22
SIM5
SIM1
SIM2
SIM3
SIM4
1
21
22
SIM5
SIM1
SIM2
SIM3
SIM4
1
21
22
SIM5
SIM1
SIM2
SIM3
SIM4
1
21
22
SIM5
SIM1
SIM2
SIM3
SIM4
1
21
22
SIM5
SIM1
SIM2
SIM3
SIM4
1
21
22
SIM5
SIM1
SIM2
SIM3
SIM4
1
21
22
SIM5
SIM1
SIM2
SIM3
SIM4
1
21
22
SIM5
SIM1
SIM2
SIM3
SIM4
1
21
22
SIM5
SIM1
SIM2
SIM3
SIM4
1
21
22
SIM5
SIM1
SIM2
SIM3
SIM4
1
21
22
SIM5
SIM1
SIM2
SIM3
SIM4
1
21
22
SIM5
SIM1
SIM2
SIM3
SIM4
1
21
22
SIM5
SIM1
SIM2
SIM3
SIM4
1
21
22
SIM5
SIM1
SIM2
SIM3
SIM4
1
21
22
SIM5
SIM1
SIM2
SIM3
SIM4
1
21
22
SIM5
SIM1
SIM2
SIM3
SIM4
1
21
22
SIM5
SIM1
SIM2
SIM3
SIM4
1
21
22
SIM5
SIM1
SIM2
SIM3
SIM4
1
21
22
SIM5
SIM1
SIM2
SIM3
SIM4
1
21
22
SIM5
SIM1
SIM2
SIM3
SIM4
1
21
22
SIM5
SIM1
SIM2
SIM3
SIM4
1
21
22
SIM5
SIM1
SIM2
SIM3
SIM4
1
21
22
SIM5
SIM1
SIM2
SIM3
SIM4
1
21
22
SIM5
SIM1
SIM2
SIM3
SIM4
1
21
22
SIM5
SIM1
SIM2
SIM3
SIM4
1
21
22
SIM5
SIM1
SIM2
SIM3
SIM4
1
21
22
SIM5
SIM1
SIM2
SIM3
SIM4
1
21
22
SIM5
SIM1
SIM2
SIM3
SIM4
1
21
22
SIM5
SIM1
SIM2
SIM3
SIM4
1
21
22
SIM5
SIM1
SIM2
SIM3
SIM4
1
21
22
SIM5
SIM1
SIM2
SIM3
SIM4
1
21
22
SIM5
SIM1
SIM2
SIM3
SIM4
1
21
22
SIM5
SIM1
SIM2
SIM3
SIM4
1
21
22
SIM5
SIM1
SIM2
SIM3
SIM4
1
21
22
SIM5
SIM1
SIM2
SIM3
SIM4
1
21
22
SIM5
SIM1
SIM2
SIM3
SIM4
1
21
22
SIM5
SIM1
SIM2
SIM3
SIM4
1
21
22
SIM5
SIM1
SIM2
SIM3
SIM4
1
21
22
SIM5
SIM1
SIM2
SIM3
SIM4
1
21
22
SIM5
SIM1
SIM2
SIM3
SIM4
1
21
22
SIM5
SIM1
SIM2
SIM3
SIM4
1
21
22
SIM5
SIM1
SIM2
SIM3
SIM4
1
21
22
SIM5
SIM1
SIM2
DEBUG 1 244
SIM1
SIM2
SIM3
SIM4
1
21
22
SIM5
SIM1
SIM2
SIM3
SIM4
1
21
22
SIM5
SIM1
SIM2
SIM3
SIM4
1
21
22
SIM5
SIM1
SIM2
SIM3
SIM4
1
21
22
SIM5
SIM1
SIM2
SIM3
SIM4
1
21
22
SIM5
SIM1
SIM2
SIM3
SIM4
1
21
22
SIM5
SIM1
SIM2
SIM3
SIM4
1
21
22
SIM5
SIM1
SIM2
SIM3
SIM4
1
21
22
SIM5
SIM1
SIM2
SIM3
SIM4
1
21
22
SIM5
SIM1
SIM2
SIM3
SIM4
1
21
22
SIM5
SIM1
SIM2
SIM3
SIM4
1
21
22
SIM5
SIM1
SIM2
SIM3
SIM4
1
21
22
SIM5
SIM1
SIM2
SIM3
SIM4
1
21
22
SIM5
SIM1
SIM2
SIM3
SIM4
1
21
22
SIM5
SIM1
SIM2
SIM3
SIM4
1
21
22
SIM5
SIM1
SIM2
SIM3
SIM4
1
21
22
SIM5
SIM1
SIM2
SIM3
SIM4
1
21
22
SIM5
SIM1
SIM2
SIM3
SIM4
1
21
22
SIM5
SIM1
SIM2
SIM3
SIM4
1
21
22
SIM5
SIM1
SIM2
SIM3
SIM4
1
21
22
SIM5
SIM1
SIM2
SIM3
SIM4
1
21
22
SIM5
SIM1
SIM2
SIM3
SIM4
1
21
22
SIM5
SIM1
SIM2
SIM3
SIM4
1
21
22
SIM5
SIM1
SIM2
SIM3
SIM4
1
21
22
SIM5
SIM1
SIM2
SIM3
SIM4
1
21
22
SIM5
SIM1
SIM2
SIM3
SIM4
1
21
22
SIM5
SIM1
SIM2
SIM3
SIM4
1
21
22
SIM5
SIM1
SIM2
SIM3
SIM4
1
21
22
SIM5
SIM1
SIM2
SIM3
SIM4
1
21
22
SIM5
SIM1
SIM2
SIM3
SIM4
1
21
22
SIM5
SIM1
SIM2
SIM3
SIM4
1
21
22
SIM5
SIM1
SIM2
SIM3
SIM4
1
21
22
SIM5
SIM1
SIM2
SIM3
SIM4
1
21
22
SIM5
SIM1
SIM2
SIM3
SIM4
1
21
22
SIM5
SIM1
SIM2
SIM3
SIM4
1
21
22
SIM5
SIM1
SIM2
SIM3
SIM4
1
21
22
SIM5
SIM1
SIM2
SIM3
SIM4
1
21
22
SIM5
SIM1
SIM2
SIM3
SIM4
1
21
22
SIM5
SIM1
SIM2
SIM3
SIM4
1
21
22
SIM5
SIM1
SIM2
SIM3
SIM4
1
21
22
SIM5
SIM1
SIM2
SIM3
SIM4
1
21
22
SIM5
SIM1
SIM2
SIM3
SIM4
1
21
22
SIM5
SIM1
SIM2
SIM3
SIM4
1
21
22
SIM5
SIM1
SIM2
SIM3
SIM4
1
21
22
SIM5
SIM1
SIM2
SIM3
SIM4
1
21
22
SIM5
SIM1
SIM2
SIM3
SIM4
1
21
22
SIM5
SIM1
SIM2
SIM3
SIM4
1
21
22
SIM5
SIM1
SIM2
SIM3
SIM4
1
21
22
SIM5
SIM1
SIM2
SIM3
SIM4
1
21
22
SIM5
SIM1
SIM2
SIM3
SIM4
1
21
22
SIM5
SIM1
SIM2
SIM3
SIM4
1
21
22
SIM5
SIM1
SIM2
SIM3
SIM4
1
21
22
SIM5
SIM1
SIM2
SIM3
SIM4
1
21
22
SIM5
SIM1
SIM2
SIM3
SIM4
1
21
22
SIM5
SIM1
SIM2
SIM3
SIM4
1
21
22
SIM5
SIM1
SIM2
SIM3
SIM4
1
21
22
SIM5
SIM1
SIM2
SIM3
SIM4
1
21
22
SIM5
SIM1
SIM2
SIM3
SIM4
1
21
22
SIM5
SIM1
SIM2
SIM3
SIM4
1
21
22
SIM5
SIM1
SIM2
SIM3
SIM4
1
21
22
SIM5
SIM1
SIM2
SIM3
SIM4
1
21
22
SIM5
SIM1
SIM2
SIM3
SIM4
1
21
22
SIM5
SIM1
SIM2
SIM3
SIM4
1
21
22
SIM5
SIM1
SIM2
SIM3
SIM4
1
21
22
SIM5
SIM1
SIM2
SIM3
SIM4
1
21
22
SIM5
SIM1
SIM2
SIM3
SIM4
1
21
22
SIM5
SIM1
SIM2
SIM3
SIM4
1
21
22
SIM5
SIM1
SIM2
SIM3
SIM4
1
21
22
SIM5
SIM1
SIM2
SIM3
SIM4
1
21
22
SIM5
SIM1
SIM2
SIM3
SIM4
1
21
22
SIM5
SIM1
SIM2
SIM3
SIM4
1
21
22
SIM5
SIM1
SIM2
SIM3
SIM4
1
21
22
SIM5
SIM1
SIM2
SIM3
SIM4
1
21
22
SIM5
SIM1
SIM2
SIM3
SIM4
1
21
22
SIM5
SIM1
SIM2
SIM3
SIM4
1
21
22
SIM5
SIM1
SIM2
SIM3
SIM4
1
21
22
SIM5
SIM1
SIM2
SIM3
SIM4
1
21
22
SIM5
SIM1
SIM2
SIM3
SIM4
1
21
22
SIM5
SIM1
SIM2
SIM3
SIM4
1
21
22
SIM5
SIM1
SIM2
SIM3
SIM4
1
21
22
SIM5
SIM1
SIM2
SIM3
SIM4
1
21
22
SIM5
SIM1
SIM2
SIM3
SIM4
1
21
22
SIM5
SIM1
SIM2
SIM3
SIM4
1
21
22
SIM5
SIM1
SIM2
SIM3
SIM4
1
21
22
SIM5
SIM1
SIM2
SIM3
SIM4
1
21
22
SIM5
SIM1
SIM2
SIM3
SIM4
1
21
22
SIM5
SIM1
SIM2
SIM3
SIM4
1
21
22
SIM5
SIM1
SIM2
SIM3
SIM4
1
21
22
SIM5
SIM1
SIM2
SIM3
SIM4
1
21
22
SIM5
SIM1
SIM2
SIM3
SIM4
1
21
22
SIM5
SIM1
SIM2
SIM3
SIM4
1
21
22
SIM5
SIM1
SIM2
SIM3
SIM4
1
21
22
SIM5
SIM1
SIM2
SIM3
SIM4
1
21
22
SIM5
SIM1
SIM2
SIM3
SIM4
1
21
22
SIM5
SIM1
SIM2
SIM3
SIM4
1
21
22
SIM5
SIM1
SIM2
SIM3
SIM4
1
21
22
SIM5
SIM1
SIM2
SIM3
SIM4
1
21
22
SIM5
SIM1
SIM2
SIM3
SIM4
1
21
22
SIM5
SIM1
SIM2
SIM3
SIM4
1
21
22
SIM5
SIM1
SIM2
SIM3
SIM4
1
21
22
SIM5
SIM1
SIM2
SIM3
SIM4
1
21
22
SIM5
SIM1
SIM2
SIM3
SIM4
1
21
22
SIM5
SIM1
SIM2
SIM3
SIM4
1
21
22
SIM5
SIM1
SIM2
SIM3
SIM4
1
21
22
SIM5
SIM1
SIM2
SIM3
SIM4
1
21
22
SIM5
SIM1
SIM2
SIM3
SIM4
1
21
22
SIM5
SIM1
SIM2
SIM3
SIM4
1
21
22
SIM5
SIM1
SIM2
SIM3
SIM4
1
21
22
SIM5
SIM1
SIM2
SIM3
SIM4
1
21
22
SIM5
SIM1
SIM2
SIM3
SIM4
1
21
22
SIM5
SIM1
SIM2
SIM3
SIM4
1
21
22
SIM5
SIM1
SIM2
SIM3
SIM4
1
21
22
SIM5
SIM1
SIM2
SIM3
SIM4
1
21
22
SIM5
SIM1
SIM2
SIM3
SIM4
1
21
22
SIM5
SIM1
SIM2
SIM3
SIM4
1
21
22
SIM5
SIM1
SIM2
SIM3
SIM4
1
21
22
SIM5
SIM1
SIM2
SIM3
SIM4
1
21
22
SIM5
SIM1
SIM2
SIM3
SIM4
1
21
22
SIM5
SIM1
SIM2
SIM3
SIM4
1
21
22
SIM5
SIM1
SIM2
SIM3
SIM4
1
21
22
SIM5
SIM1
SIM2
SIM3
SIM4
1
21
22
SIM5
SIM1
SIM2
SIM3
SIM4
1
21
22
SIM5
SIM1
SIM2
SIM3
SIM4
1
21
22
SIM5
SIM1
SIM2
SIM3
SIM4
1
21
22
SIM5
SIM1
SIM2
SIM3
SIM4
1
21
22
SIM5
SIM1
SIM2
SIM3
SIM4
1
21
22
SIM5
SIM1
SIM2
SIM3
SIM4
1
21
22
SIM5
SIM1
SIM2
SIM3
SIM4
1
21
22
SIM5
SIM1
SIM2
SIM3
SIM4
1
21
22
SIM5
SIM1
SIM2
SIM3
SIM4
1
21
22
SIM5
SIM1
SIM2
SIM3
SIM4
1
21
22
SIM5
SIM1
SIM2
SIM3
SIM4
1
21
22
SIM5
SIM1
SIM2
SIM3
SIM4
1
21
22
SIM5
SIM1
SIM2
SIM3
SIM4
1
21
22
SIM5
SIM1
SIM2
SIM3
SIM4
1
21
22
SIM5
SIM1
SIM2
SIM3
SIM4
1
21
22
SIM5
SIM1
SIM2
SIM3
SIM4
1
21
22
SIM5
SIM1
SIM2
SIM3
SIM4
1
21
22
SIM5
SIM1
SIM2
SIM3
SIM4
1
21
22
SIM5
SIM1
SIM2
SIM3
SIM4
1
21
22
SIM5
SIM1
SIM2
DEBUG 1 245
SIM1
SIM2
SIM3
SIM4
1
21
22
SIM5
SIM1
SIM2
SIM3
SIM4
1
21
22
SIM5
SIM1
SIM2
SIM3
SIM4
1
21
22
SIM5
SIM1
SIM2
SIM3
SIM4
1
21
22
SIM5
SIM1
SIM2
SIM3
SIM4
1
21
22
SIM5
SIM1
SIM2
SIM3
SIM4
1
21
22
SIM5
SIM1
SIM2
SIM3
SIM4
1
21
22
SIM5
SIM1
SIM2
SIM3
SIM4
1
21
22
SIM5
SIM1
SIM2
SIM3
SIM4
1
21
22
SIM5
SIM1
SIM2
SIM3
SIM4
1
21
22
SIM5
SIM1
SIM2
SIM3
SIM4
1
21
22
SIM5
SIM1
SIM2
SIM3
SIM4
1
21
22
SIM5
SIM1
SIM2
SIM3
SIM4
1
21
22
SIM5
SIM1
SIM2
SIM3
SIM4
1
21
22
SIM5
SIM1
SIM2
SIM3
SIM4
1
21
22
SIM5
SIM1
SIM2
SIM3
SIM4
1
21
22
SIM5
SIM1
SIM2
SIM3
SIM4
1
21
22
SIM5
SIM1
SIM2
SIM3
SIM4
1
21
22
SIM5
SIM1
SIM2
SIM3
SIM4
1
21
22
SIM5
SIM1
SIM2
SIM3
SIM4
1
21
22
SIM5
SIM1
SIM2
SIM3
SIM4
1
21
22
SIM5
SIM1
SIM2
SIM3
SIM4
1
21
22
SIM5
SIM1
SIM2
SIM3
SIM4
1
21
22
SIM5
SIM1
SIM2
SIM3
SIM4
1
21
22
SIM5
SIM1
SIM2
SIM3
SIM4
1
21
22
SIM5
SIM1
SIM2
SIM3
SIM4
1
21
22
SIM5
SIM1
SIM2
SIM3
SIM4
1
21
22
SIM5
SIM1
SIM2
SIM3
SIM4
1
21
22
SIM5
SIM1
SIM2
SIM3
SIM4
1
21
22
SIM5
SIM1
SIM2
SIM3
SIM4
1
21
22
SIM5
SIM1
SIM2
SIM3
SIM4
1
21
22
SIM5
SIM1
SIM2
SIM3
SIM4
1
21
22
SIM5
SIM1
SIM2
SIM3
SIM4
1
21
22
SIM5
SIM1
SIM2
SIM3
SIM4
1
21
22
SIM5
SIM1
SIM2
SIM3
SIM4
1
21
22
SIM5
SIM1
SIM2
SIM3
SIM4
1
21
22
SIM5
SIM1
SIM2
SIM3
SIM4
1
21
22
SIM5
SIM1
SIM2
SIM3
SIM4
1
21
22
SIM5
SIM1
SIM2
SIM3
SIM4
1
21
22
SIM5
SIM1
SIM2
SIM3
SIM4
1
21
22
SIM5
SIM1
SIM2
SIM3
SIM4
1
21
22
SIM5
SIM1
SIM2
SIM3
SIM4
1
21
22
SIM5
SIM1
SIM2
SIM3
SIM4
1
21
22
SIM5
SIM1
SIM2
SIM3
SIM4
1
21
22
SIM5
SIM1
SIM2
SIM3
SIM4
1
21
22
SIM5
SIM1
SIM2
SIM3
SIM4
1
21
22
SIM5
SIM1
SIM2
SIM3
SIM4
1
21
22
SIM5
SIM1
SIM2
SIM3
SIM4
1
21
22
SIM5
SIM1
SIM2
SIM3
SIM4
1
21
22
SIM5
SIM1
SIM2
SIM3
SIM4
1
21
22
SIM5
SIM1
SIM2
SIM3
SIM4
1
21
22
SIM5
SIM1
SIM2
SIM3
SIM4
1
21
22
SIM5
SIM1
SIM2
SIM3
SIM4
1
21
22
SIM5
SIM1
SIM2
SIM3
SIM4
1
21
22
SIM5
SIM1
SIM2
SIM3
SIM4
1
21
22
SIM5
SIM1
SIM2
SIM3
SIM4
1
21
22
SIM5
SIM1
SIM2
SIM3
SIM4
1
21
22
SIM5
SIM1
SIM2
SIM3
SIM4
1
21
22
SIM5
SIM1
SIM2
SIM3
SIM4
1
21
22
SIM5
SIM1
SIM2
SIM3
SIM4
1
21
22
SIM5
SIM1
SIM2
SIM3
SIM4
1
21
22
SIM5
SIM1
SIM2
SIM3
SIM4
1
21
22
SIM5
SIM1
SIM2
SIM3
SIM4
1
21
22
SIM5
SIM1
SIM2
SIM3
SIM4
1
21
22
SIM5
SIM1
SIM2
SIM3
SIM4
1
21
22
SIM5
SIM1
SIM2
SIM3
SIM4
1
21
22
SIM5
SIM1
SIM2
SIM3
SIM4
1
21
22
SIM5
SIM1
SIM2
SIM3
SIM4
1
21
22
SIM5
SIM1
SIM2
SIM3
SIM4
1
21
22
SIM5
SIM1
SIM2
SIM3
SIM4
1
21
22
SIM5
SIM1
SIM2
SIM3
SIM4
1
21
22
SIM5
SIM1
SIM2
SIM3
SIM4
1
21
22
SIM5
SIM1
SIM2
SIM3
SIM4
1
21
22
SIM5
SIM1
SIM2
SIM3
SIM4
1
21
22
SIM5
SIM1
SIM2
SIM3
SIM4
1
21
22
SIM5
SIM1
SIM2
SIM3
SIM4
1
21
22
SIM5
SIM1
SIM2
SIM3
SIM4
1
21
22
SIM5
SIM1
SIM2
SIM3
SIM4
1
21
22
SIM5
SIM1
SIM2
SIM3
SIM4
1
21
22
SIM5
SIM1
SIM2
SIM3
SIM4
1
21
22
SIM5
SIM1
SIM2
SIM3
SIM4
1
21
22
SIM5
SIM1
SIM2
SIM3
SIM4
1
21
22
SIM5
SIM1
SIM2
SIM3
SIM4
1
21
22
SIM5
SIM1
SIM2
SIM3
SIM4
1
21
22
SIM5
SIM1
SIM2
SIM3
SIM4
1
21
22
SIM5
SIM1
SIM2
SIM3
SIM4
1
21
22
SIM5
SIM1
SIM2
SIM3
SIM4
1
21
22
SIM5
SIM1
SIM2
SIM3
SIM4
1
21
22
SIM5
SIM1
SIM2
SIM3
SIM4
1
21
22
SIM5
SIM1
SIM2
SIM3
SIM4
1
21
22
SIM5
SIM1
SIM2
SIM3
SIM4
1
21
22
SIM5
SIM1
SIM2
SIM3
SIM4
1
21
22
SIM5
SIM1
SIM2
SIM3
SIM4
1
21
22
SIM5
SIM1
SIM2
SIM3
SIM4
1
21
22
SIM5
SIM1
SIM2
SIM3
SIM4
1
21
22
SIM5
SIM1
SIM2
SIM3
SIM4
1
21
22
SIM5
SIM1
SIM2
SIM3
SIM4
1
21
22
SIM5
SIM1
SIM2
SIM3
SIM4
1
21
22
SIM5
SIM1
SIM2
SIM3
SIM4
1
21
22
SIM5
SIM1
SIM2
SIM3
SIM4
1
21
22
SIM5
SIM1
SIM2
SIM3
SIM4
1
21
22
SIM5
SIM1
SIM2
SIM3
SIM4
1
21
22
SIM5
SIM1
SIM2
SIM3
SIM4
1
21
22
SIM5
SIM1
SIM2
SIM3
SIM4
1
21
22
SIM5
SIM1
SIM2
SIM3
SIM4
1
21
22
SIM5
SIM1
SIM2
SIM3
SIM4
1
21
22
SIM5
SIM1
SIM2
SIM3
SIM4
1
21
22
SIM5
SIM1
SIM2
SIM3
SIM4
1
21
22
SIM5
SIM1
SIM2
SIM3
SIM4
1
21
22
SIM5
SIM1
SIM2
SIM3
SIM4
1
21
22
SIM5
SIM1
SIM2
SIM3
SIM4
1
21
22
SIM5
SIM1
SIM2
SIM3
SIM4
1
21
22
SIM5
SIM1
SIM2
SIM3
SIM4
1
21
22
SIM5
SIM1
SIM2
SIM3
SIM4
1
21
22
SIM5
SIM1
SIM2
SIM3
SIM4
1
21
22
SIM5
SIM1
SIM2
SIM3
SIM4
1
21
22
SIM5
SIM1
SIM2
SIM3
SIM4
1
21
22
SIM5
SIM1
SIM2
SIM3
SIM4
1
21
22
SIM5
SIM1
SIM2
SIM3
SIM4
1
21
22
SIM5
SIM1
SIM2
SIM3
SIM4
1
21
22
SIM5
SIM1
SIM2
SIM3
SIM4
1
21
22
SIM5
SIM1
SIM2
SIM3
SIM4
1
21
22
SIM5
SIM1
SIM2
SIM3
SIM4
1
21
22
SIM5
SIM1
SIM2
SIM3
SIM4
1
21
22
SIM5
SIM1
SIM2
SIM3
SIM4
1
21
22
SIM5
SIM1
SIM2
SIM3
SIM4
1
21
22
SIM5
SIM1
SIM2
SIM3
SIM4
1
21
22
SIM5
SIM1
SIM2
SIM3
SIM4
1
21
22
SIM5
SIM1
SIM2
SIM3
SIM4
1
21
22
SIM5
SIM1
SIM2
SIM3
SIM4
1
21
22
SIM5
SIM1
SIM2
SIM3
SIM4
1
21
22
SIM5
SIM1
SIM2
SIM3
SIM4
1
21
22
SIM5
SIM1
SIM2
SIM3
SIM4
1
21
22
SIM5
SIM1
SIM2
SIM3
SIM4
1
21
22
SIM5
SIM1
SIM2
DEBUG 1 246
SIM1
SIM2
SIM3
SIM4
1
21
22
SIM5
SIM1
SIM2
SIM3
SIM4
1
21
22
SIM5
SIM1
SIM2
SIM3
SIM4
1
21
22
SIM5
SIM1
SIM2
SIM3
SIM4
1
21
22
SIM5
SIM1
SIM2
SIM3
SIM4
1
21
22
SIM5
SIM1
SIM2
SIM3
SIM4
1
21
22
SIM5
SIM1
SIM2
SIM3
SIM4
1
21
22
SIM5
SIM1
SIM2
SIM3
SIM4
1
21
22
SIM5
SIM1
SIM2
SIM3
SIM4
1
21
22
SIM5
SIM1
SIM2
SIM3
SIM4
1
21
22
SIM5
SIM1
SIM2
SIM3
SIM4
1
21
22
SIM5
SIM1
SIM2
SIM3
SIM4
1
21
22
SIM5
SIM1
SIM2
SIM3
SIM4
1
21
22
SIM5
SIM1
SIM2
SIM3
SIM4
1
21
22
SIM5
SIM1
SIM2
SIM3
SIM4
1
21
22
SIM5
SIM1
SIM2
SIM3
SIM4
1
21
22
SIM5
SIM1
SIM2
SIM3
SIM4
1
21
22
SIM5
SIM1
SIM2
SIM3
SIM4
1
21
22
SIM5
SIM1
SIM2
SIM3
SIM4
1
21
22
SIM5
SIM1
SIM2
SIM3
SIM4
1
21
22
SIM5
SIM1
SIM2
SIM3
SIM4
1
21
22
SIM5
SIM1
SIM2
SIM3
SIM4
1
21
22
SIM5
SIM1
SIM2
SIM3
SIM4
1
21
22
SIM5
SIM1
SIM2
SIM3
SIM4
1
21
22
SIM5
SIM1
SIM2
SIM3
SIM4
1
21
22
SIM5
SIM1
SIM2
SIM3
SIM4
1
21
22
SIM5
SIM1
SIM2
SIM3
SIM4
1
21
22
SIM5
SIM1
SIM2
SIM3
SIM4
1
21
22
SIM5
SIM1
SIM2
SIM3
SIM4
1
21
22
SIM5
SIM1
SIM2
SIM3
SIM4
1
21
22
SIM5
SIM1
SIM2
SIM3
SIM4
1
21
22
SIM5
SIM1
SIM2
SIM3
SIM4
1
21
22
SIM5
SIM1
SIM2
SIM3
SIM4
1
21
22
SIM5
SIM1
SIM2
SIM3
SIM4
1
21
22
SIM5
SIM1
SIM2
SIM3
SIM4
1
21
22
SIM5
SIM1
SIM2
SIM3
SIM4
1
21
22
SIM5
SIM1
SIM2
SIM3
SIM4
1
21
22
SIM5
SIM1
SIM2
SIM3
SIM4
1
21
22
SIM5
SIM1
SIM2
SIM3
SIM4
1
21
22
SIM5
SIM1
SIM2
SIM3
SIM4
1
21
22
SIM5
SIM1
SIM2
SIM3
SIM4
1
21
22
SIM5
SIM1
SIM2
SIM3
SIM4
1
21
22
SIM5
SIM1
SIM2
SIM3
SIM4
1
21
22
SIM5
SIM1
SIM2
SIM3
SIM4
1
21
22
SIM5
SIM1
SIM2
SIM3
SIM4
1
21
22
SIM5
SIM1
SIM2
SIM3
SIM4
1
21
22
SIM5
SIM1
SIM2
SIM3
SIM4
1
21
22
SIM5
SIM1
SIM2
SIM3
SIM4
1
21
22
SIM5
SIM1
SIM2
SIM3
SIM4
1
21
22
SIM5
SIM1
SIM2
SIM3
SIM4
1
21
22
SIM5
SIM1
SIM2
SIM3
SIM4
1
21
22
SIM5
SIM1
SIM2
SIM3
SIM4
1
21
22
SIM5
SIM1
SIM2
SIM3
SIM4
1
21
22
SIM5
SIM1
SIM2
SIM3
SIM4
1
21
22
SIM5
SIM1
SIM2
SIM3
SIM4
1
21
22
SIM5
SIM1
SIM2
SIM3
SIM4
1
21
22
SIM5
SIM1
SIM2
SIM3
SIM4
1
21
22
SIM5
SIM1
SIM2
SIM3
SIM4
1
21
22
SIM5
SIM1
SIM2
SIM3
SIM4
1
21
22
SIM5
SIM1
SIM2
SIM3
SIM4
1
21
22
SIM5
SIM1
SIM2
SIM3
SIM4
1
21
22
SIM5
SIM1
SIM2
SIM3
SIM4
1
21
22
SIM5
SIM1
SIM2
SIM3
SIM4
1
21
22
SIM5
SIM1
SIM2
SIM3
SIM4
1
21
22
SIM5
SIM1
SIM2
SIM3
SIM4
1
21
22
SIM5
SIM1
SIM2
SIM3
SIM4
1
21
22
SIM5
SIM1
SIM2
SIM3
SIM4
1
21
22
SIM5
SIM1
SIM2
SIM3
SIM4
1
21
22
SIM5
SIM1
SIM2
SIM3
SIM4
1
21
22
SIM5
SIM1
SIM2
SIM3
SIM4
1
21
22
SIM5
SIM1
SIM2
SIM3
SIM4
1
21
22
SIM5
SIM1
SIM2
SIM3
SIM4
1
21
22
SIM5
SIM1
SIM2
SIM3
SIM4
1
21
22
SIM5
SIM1
SIM2
SIM3
SIM4
1
21
22
SIM5
SIM1
SIM2
SIM3
SIM4
1
21
22
SIM5
SIM1
SIM2
SIM3
SIM4
1
21
22
SIM5
SIM1
SIM2
SIM3
SIM4
1
21
22
SIM5
SIM1
SIM2
SIM3
SIM4
1
21
22
SIM5
SIM1
SIM2
SIM3
SIM4
1
21
22
SIM5
SIM1
SIM2
SIM3
SIM4
1
21
22
SIM5
SIM1
SIM2
SIM3
SIM4
1
21
22
SIM5
SIM1
SIM2
DEBUG 1 247
SIM1
SIM2
SIM3
SIM4
1
21
22
SIM5
SIM1
SIM2
SIM3
SIM4
1
21
22
SIM5
SIM1
SIM2
SIM3
SIM4
1
21
22
SIM5
SIM1
SIM2
SIM3
SIM4
1
21
22
SIM5
SIM1
SIM2
SIM3
SIM4
1
21
22
SIM5
SIM1
SIM2
SIM3
SIM4
1
21
22
SIM5
SIM1
SIM2
SIM3
SIM4
1
21
22
SIM5
SIM1
SIM2
SIM3
SIM4
1
21
22
SIM5
SIM1
SIM2
SIM3
SIM4
1
21
22
SIM5
SIM1
SIM2
SIM3
SIM4
1
21
22
SIM5
SIM1
SIM2
SIM3
SIM4
1
21
22
SIM5
SIM1
SIM2
SIM3
SIM4
1
21
22
SIM5
SIM1
SIM2
SIM3
SIM4
1
21
22
SIM5
SIM1
SIM2
SIM3
SIM4
1
21
22
SIM5
SIM1
SIM2
SIM3
SIM4
1
21
22
SIM5
SIM1
SIM2
SIM3
SIM4
1
21
22
SIM5
SIM1
SIM2
SIM3
SIM4
1
21
22
SIM5
SIM1
SIM2
SIM3
SIM4
1
21
22
SIM5
SIM1
SIM2
SIM3
SIM4
1
21
22
SIM5
SIM1
SIM2
SIM3
SIM4
1
21
22
SIM5
SIM1
SIM2
SIM3
SIM4
1
21
22
SIM5
SIM1
SIM2
SIM3
SIM4
1
21
22
SIM5
SIM1
SIM2
SIM3
SIM4
1
21
22
SIM5
SIM1
SIM2
SIM3
SIM4
1
21
22
SIM5
SIM1
SIM2
SIM3
SIM4
1
21
22
SIM5
SIM1
SIM2
SIM3
SIM4
1
21
22
SIM5
SIM1
SIM2
SIM3
SIM4
1
21
22
SIM5
SIM1
SIM2
SIM3
SIM4
1
21
22
SIM5
SIM1
SIM2
SIM3
SIM4
1
21
22
SIM5
SIM1
SIM2
SIM3
SIM4
1
21
22
SIM5
SIM1
SIM2
SIM3
SIM4
1
21
22
SIM5
SIM1
SIM2
SIM3
SIM4
1
21
22
SIM5
SIM1
SIM2
SIM3
SIM4
1
21
22
SIM5
SIM1
SIM2
SIM3
SIM4
1
21
22
SIM5
SIM1
SIM2
SIM3
SIM4
1
21
22
SIM5
SIM1
SIM2
SIM3
SIM4
1
21
22
SIM5
SIM1
SIM2
SIM3
SIM4
1
21
22
SIM5
SIM1
SIM2
SIM3
SIM4
1
21
22
SIM5
SIM1
SIM2
SIM3
SIM4
1
21
22
SIM5
SIM1
SIM2
SIM3
SIM4
1
21
22
SIM5
SIM1
SIM2
SIM3
SIM4
1
21
22
SIM5
SIM1
SIM2
SIM3
SIM4
1
21
22
SIM5
SIM1
SIM2
SIM3
SIM4
1
21
22
SIM5
SIM1
SIM2
SIM3
SIM4
1
21
22
SIM5
SIM1
SIM2
SIM3
SIM4
1
21
22
SIM5
SIM1
SIM2
SIM3
SIM4
1
21
22
SIM5
SIM1
SIM2
SIM3
SIM4
1
21
22
SIM5
SIM1
SIM2
SIM3
SIM4
1
21
22
SIM5
SIM1
SIM2
SIM3
SIM4
1
21
22
SIM5
SIM1
SIM2
SIM3
SIM4
1
21
22
SIM5
SIM1
SIM2
SIM3
SIM4
1
21
22
SIM5
SIM1
SIM2
SIM3
SIM4
1
21
22
SIM5
SIM1
SIM2
SIM3
SIM4
1
21
22
SIM5
SIM1
SIM2
SIM3
SIM4
1
21
22
SIM5
SIM1
SIM2
SIM3
SIM4
1
21
22
SIM5
SIM1
SIM2
SIM3
SIM4
1
21
22
SIM5
SIM1
SIM2
SIM3
SIM4
1
21
22
SIM5
SIM1
SIM2
SIM3
SIM4
1
21
22
SIM5
SIM1
SIM2
SIM3
SIM4
1
21
22
SIM5
SIM1
SIM2
SIM3
SIM4
1
21
22
SIM5
SIM1
SIM2
SIM3
SIM4
1
21
22
SIM5
SIM1
SIM2
SIM3
SIM4
1
21
22
SIM5
SIM1
SIM2
SIM3
SIM4
1
21
22
SIM5
SIM1
SIM2
SIM3
SIM4
1
21
22
SIM5
SIM1
SIM2
SIM3
SIM4
1
21
22
SIM5
SIM1
SIM2
SIM3
SIM4
1
21
22
SIM5
SIM1
SIM2
SIM3
SIM4
1
21
22
SIM5
SIM1
SIM2
SIM3
SIM4
1
21
22
SIM5
SIM1
SIM2
SIM3
SIM4
1
21
22
SIM5
SIM1
SIM2
SIM3
SIM4
1
21
22
SIM5
SIM1
SIM2
SIM3
SIM4
1
21
22
SIM5
SIM1
SIM2
SIM3
SIM4
1
21
22
SIM5
SIM1
SIM2
SIM3
SIM4
1
21
22
SIM5
SIM1
SIM2
SIM3
SIM4
1
21
22
SIM5
SIM1
SIM2
SIM3
SIM4
1
21
22
SIM5
SIM1
SIM2
SIM3
SIM4
1
21
22
SIM5
SIM1
SIM2
SIM3
SIM4
1
21
22
SIM5
SIM1
SIM2
SIM3
SIM4
1
21
22
SIM5
SIM1
SIM2
SIM3
SIM4
1
21
22
SIM5
SIM1
SIM2
SIM3
SIM4
1
21
22
SIM5
SIM1
SIM2
SIM3
SIM4
1
21
22
SIM5
SIM1
SIM2
SIM3
SIM4
1
21
22
SIM5
SIM1
SIM2
SIM3
SIM4
1
21
22
SIM5
SIM1
SIM2
SIM3
SIM4
1
21
22
SIM5
SIM1
SIM2
SIM3
SIM4
1
21
22
SIM5
SIM1
SIM2
SIM3
SIM4
1
21
22
SIM5
SIM1
SIM2
SIM3
SIM4
1
21
22
SIM5
SIM1
SIM2
SIM3
SIM4
1
21
22
SIM5
SIM1
SIM2
SIM3
SIM4
1
21
22
SIM5
SIM1
SIM2
SIM3
SIM4
1
21
22
SIM5
SIM1
SIM2
SIM3
SIM4
1
21
22
SIM5
SIM1
SIM2
SIM3
SIM4
1
21
22
SIM5
SIM1
SIM2
SIM3
SIM4
1
21
22
SIM5
SIM1
SIM2
SIM3
SIM4
1
21
22
SIM5
SIM1
SIM2
SIM3
SIM4
1
21
22
SIM5
SIM1
SIM2
SIM3
SIM4
1
21
22
SIM5
SIM1
SIM2
SIM3
SIM4
1
21
22
SIM5
SIM1
SIM2
SIM3
SIM4
1
21
22
SIM5
SIM1
SIM2
SIM3
SIM4
1
21
22
SIM5
SIM1
SIM2
DEBUG 1 248
SIM1
SIM2
SIM3
SIM4
1
21
22
SIM5
SIM1
SIM2
SIM3
SIM4
1
21
22
SIM5
SIM1
SIM2
SIM3
SIM4
1
21
22
SIM5
SIM1
SIM2
SIM3
SIM4
1
21
22
SIM5
SIM1
SIM2
SIM3
SIM4
1
21
22
SIM5
SIM1
SIM2
SIM3
SIM4
1
21
22
SIM5
SIM1
SIM2
SIM3
SIM4
1
21
22
SIM5
SIM1
SIM2
SIM3
SIM4
1
21
22
SIM5
SIM1
SIM2
SIM3
SIM4
1
21
22
SIM5
SIM1
SIM2
SIM3
SIM4
1
21
22
SIM5
SIM1
SIM2
SIM3
SIM4
1
21
22
SIM5
SIM1
SIM2
SIM3
SIM4
1
21
22
SIM5
SIM1
SIM2
SIM3
SIM4
1
21
22
SIM5
SIM1
SIM2
SIM3
SIM4
1
21
22
SIM5
SIM1
SIM2
SIM3
SIM4
1
21
22
SIM5
SIM1
SIM2
SIM3
SIM4
1
21
22
SIM5
SIM1
SIM2
SIM3
SIM4
1
21
22
SIM5
SIM1
SIM2
SIM3
SIM4
1
21
22
SIM5
SIM1
SIM2
SIM3
SIM4
1
21
22
SIM5
SIM1
SIM2
SIM3
SIM4
1
21
22
SIM5
SIM1
SIM2
SIM3
SIM4
1
21
22
SIM5
SIM1
SIM2
SIM3
SIM4
1
21
22
SIM5
SIM1
SIM2
SIM3
SIM4
1
21
22
SIM5
SIM1
SIM2
SIM3
SIM4
1
21
22
SIM5
SIM1
SIM2
SIM3
SIM4
1
21
22
SIM5
SIM1
SIM2
SIM3
SIM4
1
21
22
SIM5
SIM1
SIM2
SIM3
SIM4
1
21
22
SIM5
SIM1
SIM2
SIM3
SIM4
1
21
22
SIM5
SIM1
SIM2
SIM3
SIM4
1
21
22
SIM5
SIM1
SIM2
SIM3
SIM4
1
21
22
SIM5
SIM1
SIM2
SIM3
SIM4
1
21
22
SIM5
SIM1
SIM2
SIM3
SIM4
1
21
22
SIM5
SIM1
SIM2
SIM3
SIM4
1
21
22
SIM5
SIM1
SIM2
SIM3
SIM4
1
21
22
SIM5
SIM1
SIM2
SIM3
SIM4
1
21
22
SIM5
SIM1
SIM2
SIM3
SIM4
1
21
22
SIM5
SIM1
SIM2
SIM3
SIM4
1
21
22
SIM5
SIM1
SIM2
SIM3
SIM4
1
21
22
SIM5
SIM1
SIM2
SIM3
SIM4
1
21
22
SIM5
SIM1
SIM2
SIM3
SIM4
1
21
22
SIM5
SIM1
SIM2
SIM3
SIM4
1
21
22
SIM5
SIM1
SIM2
SIM3
SIM4
1
21
22
SIM5
SIM1
SIM2
SIM3
SIM4
1
21
22
SIM5
SIM1
SIM2
SIM3
SIM4
1
21
22
SIM5
SIM1
SIM2
SIM3
SIM4
1
21
22
SIM5
SIM1
SIM2
SIM3
SIM4
1
21
22
SIM5
SIM1
SIM2
SIM3
SIM4
1
21
22
SIM5
SIM1
SIM2
SIM3
SIM4
1
21
22
SIM5
SIM1
SIM2
SIM3
SIM4
1
21
22
SIM5
SIM1
SIM2
SIM3
SIM4
1
21
22
SIM5
SIM1
SIM2
SIM3
SIM4
1
21
22
SIM5
SIM1
SIM2
SIM3
SIM4
1
21
22
SIM5
SIM1
SIM2
SIM3
SIM4
1
21
22
SIM5
SIM1
SIM2
SIM3
SIM4
1
21
22
SIM5
SIM1
SIM2
SIM3
SIM4
1
21
22
SIM5
SIM1
SIM2
SIM3
SIM4
1
21
22
SIM5
SIM1
SIM2
SIM3
SIM4
1
21
22
SIM5
SIM1
SIM2
SIM3
SIM4
1
21
22
SIM5
SIM1
SIM2
SIM3
SIM4
1
21
22
SIM5
SIM1
SIM2
SIM3
SIM4
1
21
22
SIM5
SIM1
SIM2
SIM3
SIM4
1
21
22
SIM5
SIM1
SIM2
SIM3
SIM4
1
21
22
SIM5
SIM1
SIM2
SIM3
SIM4
1
21
22
SIM5
SIM1
SIM2
SIM3
SIM4
1
21
22
SIM5
SIM1
SIM2
SIM3
SIM4
1
21
22
SIM5
SIM1
SIM2
SIM3
SIM4
1
21
22
SIM5
SIM1
SIM2
SIM3
SIM4
1
21
22
SIM5
SIM1
SIM2
SIM3
SIM4
1
21
22
SIM5
SIM1
SIM2
SIM3
SIM4
1
21
22
SIM5
SIM1
SIM2
SIM3
SIM4
1
21
22
SIM5
SIM1
SIM2
SIM3
SIM4
1
21
22
SIM5
SIM1
SIM2
SIM3
SIM4
1
21
22
SIM5
SIM1
SIM2
SIM3
SIM4
1
21
22
SIM5
SIM1
SIM2
SIM3
SIM4
1
21
22
SIM5
SIM1
SIM2
SIM3
SIM4
1
21
22
SIM5
SIM1
SIM2
SIM3
SIM4
1
21
22
SIM5
SIM1
SIM2
SIM3
SIM4
1
21
22
SIM5
SIM1
SIM2
SIM3
SIM4
1
21
22
SIM5
SIM1
SIM2
SIM3
SIM4
1
21
22
SIM5
SIM1
SIM2
SIM3
SIM4
1
21
22
SIM5
SIM1
SIM2
SIM3
SIM4
1
21
22
SIM5
SIM1
SIM2
SIM3
SIM4
1
21
22
SIM5
SIM1
SIM2
SIM3
SIM4
1
21
22
SIM5
SIM1
SIM2
SIM3
SIM4
1
21
22
SIM5
SIM1
SIM2
SIM3
SIM4
1
21
22
SIM5
SIM1
SIM2
SIM3
SIM4
1
21
22
SIM5
SIM1
SIM2
SIM3
SIM4
1
21
22
SIM5
SIM1
SIM2
SIM3
SIM4
1
21
22
SIM5
SIM1
SIM2
SIM3
SIM4
1
21
22
SIM5
SIM1
SIM2
SIM3
SIM4
1
21
22
SIM5
SIM1
SIM2
SIM3
SIM4
1
21
22
SIM5
SIM1
SIM2
SIM3
SIM4
1
21
22
SIM5
SIM1
SIM2
SIM3
SIM4
1
21
22
SIM5
SIM1
SIM2
SIM3
SIM4
1
21
22
SIM5
SIM1
SIM2
SIM3
SIM4
1
21
22
SIM5
SIM1
SIM2
SIM3
SIM4
1
21
22
SIM5
SIM1
SIM2
SIM3
SIM4
1
21
22
SIM5
SIM1
SIM2
SIM3
SIM4
1
21
22
SIM5
SIM1
SIM2
SIM3
SIM4
1
21
22
SIM5
SIM1
SIM2
SIM3
SIM4
1
21
22
SIM5
SIM1
SIM2
SIM3
SIM4
1
21
22
SIM5
SIM1
SIM2
SIM3
SIM4
1
21
22
SIM5
SIM1
SIM2
SIM3
SIM4
1
21
22
SIM5
SIM1
SIM2
SIM3
SIM4
1
21
22
SIM5
SIM1
SIM2
SIM3
SIM4
1
21
22
SIM5
SIM1
SIM2
SIM3
SIM4
1
21
22
SIM5
SIM1
SIM2
SIM3
SIM4
1
21
22
SIM5
SIM1
SIM2
SIM3
SIM4
1
21
22
SIM5
SIM1
SIM2
SIM3
SIM4
1
21
22
SIM5
SIM1
SIM2
SIM3
SIM4
1
21
22
SIM5
SIM1
SIM2
SIM3
SIM4
1
21
22
SIM5
SIM1
SIM2
SIM3
SIM4
1
21
22
SIM5
SIM1
SIM2
SIM3
SIM4
1
21
22
SIM5
SIM1
SIM2
SIM3
SIM4
1
21
22
SIM5
SIM1
SIM2
SIM3
SIM4
1
21
22
SIM5
SIM1
SIM2
SIM3
SIM4
1
21
22
SIM5
SIM1
SIM2
SIM3
SIM4
1
21
22
SIM5
SIM1
SIM2
SIM3
SIM4
1
21
22
SIM5
SIM1
SIM2
SIM3
SIM4
1
21
22
SIM5
SIM1
SIM2
SIM3
SIM4
1
21
22
SIM5
SIM1
SIM2
SIM3
SIM4
1
21
22
SIM5
SIM1
SIM2
SIM3
SIM4
1
21
22
SIM5
SIM1
SIM2
SIM3
SIM4
1
21
22
SIM5
SIM1
SIM2
SIM3
SIM4
1
21
22
SIM5
SIM1
SIM2
SIM3
SIM4
1
21
22
SIM5
SIM1
SIM2
SIM3
SIM4
1
21
22
SIM5
SIM1
SIM2
SIM3
SIM4
1
21
22
SIM5
SIM1
SIM2
SIM3
SIM4
1
21
22
SIM5
SIM1
SIM2
SIM3
SIM4
1
21
22
SIM5
SIM1
SIM2
SIM3
SIM4
1
21
22
SIM5
SIM1
SIM2
SIM3
SIM4
1
21
22
SIM5
SIM1
SIM2
SIM3
SIM4
1
21
22
SIM5
SIM1
SIM2
SIM3
SIM4
1
21
22
SIM5
SIM1
SIM2
SIM3
SIM4
1
21
22
SIM5
SIM1
SIM2
SIM3
SIM4
1
21
22
SIM5
SIM1
SIM2
SIM3
SIM4
1
21
22
SIM5
SIM1
SIM2
SIM3
SIM4
1
21
22
SIM5
SIM1
SIM2
SIM3
SIM4
1
21
22
SIM5
SIM1
SIM2
SIM3
SIM4
1
21
22
SIM5
SIM1
SIM2
SIM3
SIM4
1
21
22
SIM5
SIM1
SIM2
SIM3
SIM4
1
21
22
SIM5
SIM1
SIM2
SIM3
SIM4
1
21
22
SIM5
SIM1
SIM2
SIM3
SIM4
1
21
22
SIM5
SIM1
SIM2
SIM3
SIM4
1
21
22
SIM5
SIM1
SIM2
SIM3
SIM4
1
21
22
SIM5
SIM1
SIM2
SIM3
SIM4
1
21
22
SIM5
SIM1
SIM2
SIM3
SIM4
1
21
22
SIM5
SIM1
SIM2
SIM3
SIM4
1
21
22
SIM5
SIM1
SIM2
SIM3
SIM4
1
21
22
SIM5
SIM1
SIM2
SIM3
SIM4
1
21
22
SIM5
SIM1
SIM2
SIM3
SIM4
1
21
22
SIM5
SIM1
SIM2
SIM3
SIM4
1
21
22
SIM5
SIM1
SIM2
SIM3
SIM4
1
21
22
SIM5
SIM1
SIM2
SIM3
SIM4
1
21
22
SIM5
SIM1
SIM2
SIM3
SIM4
1
21
22
SIM5
SIM1
SIM2
SIM3
SIM4
1
21
22
SIM5
SIM1
SIM2
SIM3
SIM4
1
21
22
SIM5
SIM1
SIM2
SIM3
SIM4
1
21
22
SIM5
SIM1
SIM2
SIM3
SIM4
1
21
22
SIM5
SIM1
SIM2
SIM3
SIM4
1
21
22
SIM5
SIM1
SIM2
SIM3
SIM4
1
21
22
SIM5
SIM1
SIM2
SIM3
SIM4
1
21
22
SIM5
SIM1
SIM2
SIM3
SIM4
1
21
22
SIM5
SIM1
SIM2
DEBUG 1 249
SIM1
SIM2
SIM3
SIM4
1
21
22
SIM5
SIM1
SIM2
SIM3
SIM4
1
21
22
SIM5
SIM1
SIM2
SIM3
SIM4
1
21
22
SIM5
SIM1
SIM2
SIM3
SIM4
1
21
22
SIM5
SIM1
SIM2
SIM3
SIM4
1
21
22
SIM5
SIM1
SIM2
SIM3
SIM4
1
21
22
SIM5
SIM1
SIM2
SIM3
SIM4
1
21
22
SIM5
SIM1
SIM2
SIM3
SIM4
1
21
22
SIM5
SIM1
SIM2
SIM3
SIM4
1
21
22
SIM5
SIM1
SIM2
SIM3
SIM4
1
21
22
SIM5
SIM1
SIM2
SIM3
SIM4
1
21
22
SIM5
SIM1
SIM2
SIM3
SIM4
1
21
22
SIM5
SIM1
SIM2
SIM3
SIM4
1
21
22
SIM5
SIM1
SIM2
SIM3
SIM4
1
21
22
SIM5
SIM1
SIM2
SIM3
SIM4
1
21
22
SIM5
SIM1
SIM2
SIM3
SIM4
1
21
22
SIM5
SIM1
SIM2
SIM3
SIM4
1
21
22
SIM5
SIM1
SIM2
SIM3
SIM4
1
21
22
SIM5
SIM1
SIM2
SIM3
SIM4
1
21
22
SIM5
SIM1
SIM2
SIM3
SIM4
1
21
22
SIM5
SIM1
SIM2
SIM3
SIM4
1
21
22
SIM5
SIM1
SIM2
SIM3
SIM4
1
21
22
SIM5
SIM1
SIM2
SIM3
SIM4
1
21
22
SIM5
SIM1
SIM2
SIM3
SIM4
1
21
22
SIM5
SIM1
SIM2
SIM3
SIM4
1
21
22
SIM5
SIM1
SIM2
SIM3
SIM4
1
21
22
SIM5
SIM1
SIM2
SIM3
SIM4
1
21
22
SIM5
SIM1
SIM2
SIM3
SIM4
1
21
22
SIM5
SIM1
SIM2
SIM3
SIM4
1
21
22
SIM5
SIM1
SIM2
SIM3
SIM4
1
21
22
SIM5
SIM1
SIM2
SIM3
SIM4
1
21
22
SIM5
SIM1
SIM2
SIM3
SIM4
1
21
22
SIM5
SIM1
SIM2
SIM3
SIM4
1
21
22
SIM5
SIM1
SIM2
SIM3
SIM4
1
21
22
SIM5
SIM1
SIM2
SIM3
SIM4
1
21
22
SIM5
SIM1
SIM2
SIM3
SIM4
1
21
22
SIM5
SIM1
SIM2
SIM3
SIM4
1
21
22
SIM5
SIM1
SIM2
SIM3
SIM4
1
21
22
SIM5
SIM1
SIM2
SIM3
SIM4
1
21
22
SIM5
SIM1
SIM2
SIM3
SIM4
1
21
22
SIM5
SIM1
SIM2
SIM3
SIM4
1
21
22
SIM5
SIM1
SIM2
SIM3
SIM4
1
21
22
SIM5
SIM1
SIM2
SIM3
SIM4
1
21
22
SIM5
SIM1
SIM2
SIM3
SIM4
1
21
22
SIM5
SIM1
SIM2
SIM3
SIM4
1
21
22
SIM5
SIM1
SIM2
SIM3
SIM4
1
21
22
SIM5
SIM1
SIM2
SIM3
SIM4
1
21
22
SIM5
SIM1
SIM2
SIM3
SIM4
1
21
22
SIM5
SIM1
SIM2
SIM3
SIM4
1
21
22
SIM5
SIM1
SIM2
SIM3
SIM4
1
21
22
SIM5
SIM1
SIM2
SIM3
SIM4
1
21
22
SIM5
SIM1
SIM2
SIM3
SIM4
1
21
22
SIM5
SIM1
SIM2
SIM3
SIM4
1
21
22
SIM5
SIM1
SIM2
SIM3
SIM4
1
21
22
SIM5
SIM1
SIM2
SIM3
SIM4
1
21
22
SIM5
SIM1
SIM2
SIM3
SIM4
1
21
22
SIM5
SIM1
SIM2
SIM3
SIM4
1
21
22
SIM5
SIM1
SIM2
SIM3
SIM4
1
21
22
SIM5
SIM1
SIM2
SIM3
SIM4
1
21
22
SIM5
SIM1
SIM2
SIM3
SIM4
1
21
22
SIM5
SIM1
SIM2
SIM3
SIM4
1
21
22
SIM5
SIM1
SIM2
SIM3
SIM4
1
21
22
SIM5
SIM1
SIM2
SIM3
SIM4
1
21
22
SIM5
SIM1
SIM2
SIM3
SIM4
1
21
22
SIM5
SIM1
SIM2
SIM3
SIM4
1
21
22
SIM5
SIM1
SIM2
SIM3
SIM4
1
21
22
SIM5
SIM1
SIM2
SIM3
SIM4
1
21
22
SIM5
SIM1
SIM2
SIM3
SIM4
1
21
22
SIM5
SIM1
SIM2
SIM3
SIM4
1
21
22
SIM5
SIM1
SIM2
SIM3
SIM4
1
21
22
SIM5
SIM1
SIM2
SIM3
SIM4
1
21
22
SIM5
SIM1
SIM2
SIM3
SIM4
1
21
22
SIM5
SIM1
SIM2
SIM3
SIM4
1
21
22
SIM5
SIM1
SIM2
SIM3
SIM4
1
21
22
SIM5
SIM1
SIM2
SIM3
SIM4
1
21
22
SIM5
SIM1
SIM2
SIM3
SIM4
1
21
22
SIM5
SIM1
SIM2
SIM3
SIM4
1
21
22
SIM5
SIM1
SIM2
SIM3
SIM4
1
21
22
SIM5
SIM1
SIM2
SIM3
SIM4
1
21
22
SIM5
SIM1
SIM2
SIM3
SIM4
1
21
22
SIM5
SIM1
SIM2
SIM3
SIM4
1
21
22
SIM5
SIM1
SIM2
SIM3
SIM4
1
21
22
SIM5
SIM1
SIM2
SIM3
SIM4
1
21
22
SIM5
SIM1
SIM2
SIM3
SIM4
1
21
22
SIM5
SIM1
SIM2
SIM3
SIM4
1
21
22
SIM5
SIM1
SIM2
SIM3
SIM4
1
21
22
SIM5
SIM1
SIM2
SIM3
SIM4
1
21
22
SIM5
SIM1
SIM2
SIM3
SIM4
1
21
22
SIM5
SIM1
SIM2
SIM3
SIM4
1
21
22
SIM5
SIM1
SIM2
SIM3
SIM4
1
21
22
SIM5
SIM1
SIM2
SIM3
SIM4
1
21
22
SIM5
SIM1
SIM2
SIM3
SIM4
1
21
22
SIM5
SIM1
SIM2
SIM3
SIM4
1
21
22
SIM5
SIM1
SIM2
SIM3
SIM4
1
21
22
SIM5
SIM1
SIM2
SIM3
SIM4
1
21
22
SIM5
SIM1
SIM2
SIM3
SIM4
1
21
22
SIM5
SIM1
SIM2
SIM3
SIM4
1
21
22
SIM5
SIM1
SIM2
SIM3
SIM4
1
21
22
SIM5
SIM1
SIM2
SIM3
SIM4
1
21
22
SIM5
SIM1
SIM2
SIM3
SIM4
1
21
22
SIM5
SIM1
SIM2
SIM3
SIM4
1
21
22
SIM5
SIM1
SIM2
SIM3
SIM4
1
21
22
SIM5
SIM1
SIM2
SIM3
SIM4
1
21
22
SIM5
SIM1
SIM2
SIM3
SIM4
1
21
22
SIM5
SIM1
SIM2
SIM3
SIM4
1
21
22
SIM5
SIM1
SIM2
SIM3
SIM4
1
21
22
SIM5
SIM1
SIM2
SIM3
SIM4
1
21
22
SIM5
SIM1
SIM2
SIM3
SIM4
1
21
22
SIM5
SIM1
SIM2
SIM3
SIM4
1
21
22
SIM5
SIM1
SIM2
SIM3
SIM4
1
21
22
SIM5
SIM1
SIM2
SIM3
SIM4
1
21
22
SIM5
SIM1
SIM2
SIM3
SIM4
1
21
22
SIM5
SIM1
SIM2
SIM3
SIM4
1
21
22
SIM5
SIM1
SIM2
SIM3
SIM4
1
21
22
SIM5
SIM1
SIM2
SIM3
SIM4
1
21
22
SIM5
SIM1
SIM2
SIM3
SIM4
1
21
22
SIM5
SIM1
SIM2
SIM3
SIM4
1
21
22
SIM5
SIM1
SIM2
SIM3
SIM4
1
21
22
SIM5
SIM1
SIM2
SIM3
SIM4
1
21
22
SIM5
SIM1
SIM2
SIM3
SIM4
1
21
22
SIM5
SIM1
SIM2
SIM3
SIM4
1
21
22
SIM5
SIM1
SIM2
SIM3
SIM4
1
21
22
SIM5
SIM1
SIM2
SIM3
SIM4
1
21
22
SIM5
SIM1
SIM2
SIM3
SIM4
1
21
22
SIM5
SIM1
SIM2
SIM3
SIM4
1
21
22
SIM5
SIM1
SIM2
SIM3
SIM4
1
21
22
SIM5
SIM1
SIM2
SIM3
SIM4
1
21
22
SIM5
SIM1
SIM2
SIM3
SIM4
1
21
22
SIM5
SIM1
SIM2
SIM3
SIM4
1
21
22
SIM5
SIM1
SIM2
SIM3
SIM4
1
21
22
SIM5
SIM1
SIM2
SIM3
SIM4
1
21
22
SIM5
SIM1
SIM2
SIM3
SIM4
1
21
22
SIM5
SIM1
SIM2
SIM3
SIM4
1
21
22
SIM5
SIM1
SIM2
SIM3
SIM4
1
21
22
SIM5
SIM1
SIM2
SIM3
SIM4
1
21
22
SIM5
SIM1
SIM2
SIM3
SIM4
1
21
22
SIM5
SIM1
SIM2
SIM3
SIM4
1
21
22
SIM5
SIM1
SIM2
SIM3
SIM4
1
21
22
SIM5
SIM1
SIM2
SIM3
SIM4
1
21
22
SIM5
SIM1
SIM2
SIM3
SIM4
1
21
22
SIM5
SIM1
SIM2
SIM3
SIM4
1
21
22
SIM5
SIM1
SIM2
SIM3
SIM4
1
21
22
SIM5
SIM1
SIM2
SIM3
SIM4
1
21
22
SIM5
SIM1
SIM2
SIM3
SIM4
1
21
22
SIM5
SIM1
SIM2
SIM3
SIM4
1
21
22
SIM5
SIM1
SIM2
SIM3
SIM4
1
21
22
SIM5
SIM1
SIM2
SIM3
SIM4
1
21
22
SIM5
SIM1
SIM2
SIM3
SIM4
1
21
22
SIM5
SIM1
SIM2
SIM3
SIM4
1
21
22
SIM5
SIM1
SIM2
SIM3
SIM4
1
21
22
SIM5
SIM1
SIM2
SIM3
SIM4
1
21
22
SIM5
SIM1
SIM2
SIM3
SIM4
1
21
22
SIM5
SIM1
SIM2
SIM3
SIM4
1
21
22
SIM5
SIM1
SIM2
SIM3
SIM4
1
21
22
SIM5
SIM1
SIM2
SIM3
SIM4
1
21
22
SIM5
SIM1
SIM2
SIM3
SIM4
1
21
22
SIM5
SIM1
SIM2
SIM3
SIM4
1
21
22
SIM5
SIM1
SIM2
SIM3
SIM4
1
21
22
SIM5
SIM1
SIM2
SIM3
SIM4
1
21
22
SIM5
SIM1
SIM2
SIM3
SIM4
1
21
22
SIM5
SIM1
SIM2
SIM3
SIM4
1
21
22
SIM5
SIM1
SIM2
SIM3
SIM4
1
21
22
SIM5
SIM1
SIM2
SIM3
SIM4
1
21
22
SIM5
SIM1
SIM2
SIM3
SIM4
1
21
22
SIM5
SIM1
SIM2
SIM3
SIM4
1
21
22
SIM5
SIM1
SIM2
SIM3
SIM4
1
21
22
SIM5
SIM1
SIM2
SIM3
SIM4
1
21
22
SIM5
SIM1
SIM2
DEBUG 1 250
SIM1
SIM2
SIM3
SIM4
1
21
22
SIM5
SIM1
SIM2
SIM3
SIM4
1
21
22
SIM5
SIM1
SIM2
SIM3
SIM4
1
21
22
SIM5
SIM1
SIM2
SIM3
SIM4
1
21
22
SIM5
SIM1
SIM2
SIM3
SIM4
1
21
22
SIM5
SIM1
SIM2
SIM3
SIM4
1
21
22
SIM5
SIM1
SIM2
SIM3
SIM4
1
21
22
SIM5
SIM1
SIM2
SIM3
SIM4
1
21
22
SIM5
SIM1
SIM2
SIM3
SIM4
1
21
22
SIM5
SIM1
SIM2
SIM3
SIM4
1
21
22
SIM5
SIM1
SIM2
SIM3
SIM4
1
21
22
SIM5
SIM1
SIM2
SIM3
SIM4
1
21
22
SIM5
SIM1
SIM2
SIM3
SIM4
1
21
22
SIM5
SIM1
SIM2
SIM3
SIM4
1
21
22
SIM5
SIM1
SIM2
SIM3
SIM4
1
21
22
SIM5
SIM1
SIM2
SIM3
SIM4
1
21
22
SIM5
SIM1
SIM2
SIM3
SIM4
1
21
22
SIM5
SIM1
SIM2
SIM3
SIM4
1
21
22
SIM5
SIM1
SIM2
SIM3
SIM4
1
21
22
SIM5
SIM1
SIM2
SIM3
SIM4
1
21
22
SIM5
SIM1
SIM2
SIM3
SIM4
1
21
22
SIM5
SIM1
SIM2
SIM3
SIM4
1
21
22
SIM5
SIM1
SIM2
SIM3
SIM4
1
21
22
SIM5
SIM1
SIM2
SIM3
SIM4
1
21
22
SIM5
SIM1
SIM2
SIM3
SIM4
1
21
22
SIM5
SIM1
SIM2
SIM3
SIM4
1
21
22
SIM5
SIM1
SIM2
SIM3
SIM4
1
21
22
SIM5
SIM1
SIM2
SIM3
SIM4
1
21
22
SIM5
SIM1
SIM2
SIM3
SIM4
1
21
22
SIM5
SIM1
SIM2
SIM3
SIM4
1
21
22
SIM5
SIM1
SIM2
SIM3
SIM4
1
21
22
SIM5
SIM1
SIM2
SIM3
SIM4
1
21
22
SIM5
SIM1
SIM2
SIM3
SIM4
1
21
22
SIM5
SIM1
SIM2
SIM3
SIM4
1
21
22
SIM5
SIM1
SIM2
SIM3
SIM4
1
21
22
SIM5
SIM1
SIM2
SIM3
SIM4
1
21
22
SIM5
SIM1
SIM2
SIM3
SIM4
1
21
22
SIM5
SIM1
SIM2
SIM3
SIM4
1
21
22
SIM5
SIM1
SIM2
SIM3
SIM4
1
21
22
SIM5
SIM1
SIM2
SIM3
SIM4
1
21
22
SIM5
SIM1
SIM2
SIM3
SIM4
1
21
22
SIM5
SIM1
SIM2
SIM3
SIM4
1
21
22
SIM5
SIM1
SIM2
SIM3
SIM4
1
21
22
SIM5
SIM1
SIM2
SIM3
SIM4
1
21
22
SIM5
SIM1
SIM2
SIM3
SIM4
1
21
22
SIM5
SIM1
SIM2
SIM3
SIM4
1
21
22
SIM5
SIM1
SIM2
SIM3
SIM4
1
21
22
SIM5
SIM1
SIM2
SIM3
SIM4
1
21
22
SIM5
SIM1
SIM2
SIM3
SIM4
1
21
22
SIM5
SIM1
SIM2
SIM3
SIM4
1
21
22
SIM5
SIM1
SIM2
SIM3
SIM4
1
21
22
SIM5
SIM1
SIM2
SIM3
SIM4
1
21
22
SIM5
SIM1
SIM2
SIM3
SIM4
1
21
22
SIM5
SIM1
SIM2
SIM3
SIM4
1
21
22
SIM5
SIM1
SIM2
SIM3
SIM4
1
21
22
SIM5
SIM1
SIM2
SIM3
SIM4
1
21
22
SIM5
SIM1
SIM2
SIM3
SIM4
1
21
22
SIM5
SIM1
SIM2
SIM3
SIM4
1
21
22
SIM5
SIM1
SIM2
SIM3
SIM4
1
21
22
SIM5
SIM1
SIM2
SIM3
SIM4
1
21
22
SIM5
SIM1
SIM2
SIM3
SIM4
1
21
22
SIM5
SIM1
SIM2
SIM3
SIM4
1
21
22
SIM5
SIM1
SIM2
SIM3
SIM4
1
21
22
SIM5
SIM1
SIM2
SIM3
SIM4
1
21
22
SIM5
SIM1
SIM2
SIM3
SIM4
1
21
22
SIM5
SIM1
SIM2
SIM3
SIM4
1
21
22
SIM5
SIM1
SIM2
SIM3
SIM4
1
21
22
SIM5
SIM1
SIM2
SIM3
SIM4
1
21
22
SIM5
SIM1
SIM2
SIM3
SIM4
1
21
22
SIM5
SIM1
SIM2
SIM3
SIM4
1
21
22
SIM5
SIM1
SIM2
SIM3
SIM4
1
21
22
SIM5
SIM1
SIM2
SIM3
SIM4
1
21
22
SIM5
SIM1
SIM2
SIM3
SIM4
1
21
22
SIM5
SIM1
SIM2
SIM3
SIM4
1
21
22
SIM5
SIM1
SIM2
SIM3
SIM4
1
21
22
SIM5
SIM1
SIM2
SIM3
SIM4
1
21
22
SIM5
SIM1
SIM2
SIM3
SIM4
1
21
22
SIM5
SIM1
SIM2
SIM3
SIM4
1
21
22
SIM5
SIM1
SIM2
SIM3
SIM4
1
21
22
SIM5
SIM1
SIM2
SIM3
SIM4
1
21
22
SIM5
SIM1
SIM2
SIM3
SIM4
1
21
22
SIM5
SIM1
SIM2
SIM3
SIM4
1
21
22
SIM5
SIM1
SIM2
SIM3
SIM4
1
21
22
SIM5
SIM1
SIM2
SIM3
SIM4
1
21
22
SIM5
SIM1
SIM2
SIM3
SIM4
1
21
22
SIM5
SIM1
SIM2
SIM3
SIM4
1
21
22
SIM5
SIM1
SIM2
SIM3
SIM4
1
21
22
SIM5
SIM1
SIM2
SIM3
SIM4
1
21
22
SIM5
SIM1
SIM2
SIM3
SIM4
1
21
22
SIM5
SIM1
SIM2
SIM3
SIM4
1
21
22
SIM5
SIM1
SIM2
SIM3
SIM4
1
21
22
SIM5
SIM1
SIM2
SIM3
SIM4
1
21
22
SIM5
SIM1
SIM2
SIM3
SIM4
1
21
22
SIM5
SIM1
SIM2
SIM3
SIM4
1
21
22
SIM5
SIM1
SIM2
SIM3
SIM4
1
21
22
SIM5
SIM1
SIM2
SIM3
SIM4
1
21
22
SIM5
SIM1
SIM2
SIM3
SIM4
1
21
22
SIM5
SIM1
SIM2
SIM3
SIM4
1
21
22
SIM5
SIM1
SIM2
SIM3
SIM4
1
21
22
SIM5
SIM1
SIM2
SIM3
SIM4
1
21
22
SIM5
SIM1
SIM2
SIM3
SIM4
1
21
22
SIM5
SIM1
SIM2
SIM3
SIM4
1
21
22
SIM5
SIM1
SIM2
SIM3
SIM4
1
21
22
SIM5
SIM1
SIM2
SIM3
SIM4
1
21
22
SIM5
SIM1
SIM2
SIM3
SIM4
1
21
22
SIM5
SIM1
SIM2
SIM3
SIM4
1
21
22
SIM5
SIM1
SIM2
SIM3
SIM4
1
21
22
SIM5
SIM1
SIM2
SIM3
SIM4
1
21
22
SIM5
SIM1
SIM2
SIM3
SIM4
1
21
22
SIM5
SIM1
SIM2
SIM3
SIM4
1
21
22
SIM5
SIM1
SIM2
SIM3
SIM4
1
21
22
SIM5
SIM1
SIM2
SIM3
SIM4
1
21
22
SIM5
SIM1
SIM2
SIM3
SIM4
1
21
22
SIM5
SIM1
SIM2
SIM3
SIM4
1
21
22
SIM5
SIM1
SIM2
SIM3
SIM4
1
21
22
SIM5
SIM1
SIM2
SIM3
SIM4
1
21
22
SIM5
SIM1
SIM2
SIM3
SIM4
1
21
22
SIM5
SIM1
SIM2
SIM3
SIM4
1
21
22
SIM5
SIM1
SIM2
SIM3
SIM4
1
21
22
SIM5
SIM1
SIM2
SIM3
SIM4
1
21
22
SIM5
SIM1
SIM2
SIM3
SIM4
1
21
22
SIM5
SIM1
SIM2
SIM3
SIM4
1
21
22
SIM5
SIM1
SIM2
SIM3
SIM4
1
21
22
SIM5
SIM1
SIM2
SIM3
SIM4
1
21
22
SIM5
SIM1
SIM2
SIM3
SIM4
1
21
22
SIM5
SIM1
SIM2
SIM3
SIM4
1
21
22
SIM5
SIM1
SIM2
SIM3
SIM4
1
21
22
SIM5
SIM1
SIM2
SIM3
SIM4
1
21
22
SIM5
SIM1
SIM2
SIM3
SIM4
1
21
22
SIM5
SIM1
SIM2
SIM3
SIM4
1
21
22
SIM5
SIM1
SIM2
SIM3
SIM4
1
21
22
SIM5
SIM1
SIM2
SIM3
SIM4
1
21
22
SIM5
SIM1
SIM2
SIM3
SIM4
1
21
22
SIM5
SIM1
SIM2
SIM3
SIM4
1
21
22
SIM5
SIM1
SIM2
SIM3
SIM4
1
21
22
SIM5
SIM1
SIM2
SIM3
SIM4
1
21
22
SIM5
SIM1
SIM2
SIM3
SIM4
1
21
22
SIM5
SIM1
SIM2
SIM3
SIM4
1
21
22
SIM5
SIM1
SIM2
SIM3
SIM4
1
21
22
SIM5
SIM1
SIM2
SIM3
SIM4
1
21
22
SIM5
SIM1
SIM2
SIM3
SIM4
1
21
22
SIM5
SIM1
SIM2
SIM3
SIM4
1
21
22
SIM5
SIM1
SIM2
SIM3
SIM4
1
21
22
SIM5
SIM1
SIM2
SIM3
SIM4
1
21
22
SIM5
SIM1
SIM2
SIM3
SIM4
1
21
22
SIM5
SIM1
SIM2
SIM3
SIM4
1
21
22
SIM5
SIM1
SIM2
SIM3
SIM4
1
21
22
SIM5
SIM1
SIM2
SIM3
SIM4
1
21
22
SIM5
SIM1
SIM2
SIM3
SIM4
1
21
22
SIM5
SIM1
SIM2
SIM3
SIM4
1
21
22
SIM5
SIM1
SIM2
SIM3
SIM4
1
21
22
SIM5
SIM1
SIM2
SIM3
SIM4
1
21
22
SIM5
SIM1
SIM2
SIM3
SIM4
1
21
22
SIM5
SIM1
SIM2
SIM3
SIM4
1
21
22
SIM5
SIM1
SIM2
SIM3
SIM4
1
21
22
SIM5
SIM1
SIM2
SIM3
SIM4
1
21
22
SIM5
SIM1
SIM2
SIM3
SIM4
1
21
22
SIM5
SIM1
SIM2
SIM3
SIM4
1
21
22
SIM5
SIM1
SIM2
SIM3
SIM4
1
21
22
SIM5
SIM1
SIM2
SIM3
SIM4
1
21
22
SIM5
SIM1
SIM2
SIM3
SIM4
1
21
22
SIM5
SIM1
SIM2
SIM3
SIM4
1
21
22
SIM5
SIM1
SIM2
SIM3
SIM4
1
21
22
SIM5
SIM1
SIM2
SIM3
SIM4
1
21
22
SIM5
SIM1
SIM2
SIM3
SIM4
1
21
22
SIM5
SIM1
SIM2
SIM3
SIM4
1
21
22
SIM5
SIM1
SIM2
SIM3
SIM4
1
21
22
SIM5
SIM1
SIM2
SIM3
SIM4
1
21
22
SIM5
SIM1
SIM2
SIM3
SIM4
1
21
22
SIM5
SIM1
SIM2
SIM3
SIM4
1
21
22
SIM5
SIM1
SIM2
SIM3
SIM4
1
21
22
SIM5
SIM1
SIM2
SIM3
SIM4
1
21
22
SIM5
SIM1
SIM2
SIM3
SIM4
1
21
22
SIM5
SIM1
SIM2
SIM3
SIM4
1
21
22
SIM5
SIM1
SIM2
SIM3
SIM4
1
21
22
SIM5
SIM1
SIM2
SIM3
SIM4
1
21
22
SIM5
SIM1
SIM2
SIM3
SIM4
1
21
22
SIM5
SIM1
SIM2
SIM3
SIM4
1
21
22
SIM5
SIM1
SIM2
SIM3
SIM4
1
21
22
SIM5
SIM1
SIM2
SIM3
SIM4
1
21
22
SIM5
SIM1
SIM2
SIM3
SIM4
1
21
22
SIM5
SIM1
SIM2
SIM3
SIM4
1
21
22
SIM5
SIM1
SIM2
SIM3
SIM4
1
21
22
SIM5
SIM1
SIM2
SIM3
SIM4
1
21
22
SIM5
SIM1
SIM2
DEBUG 1 251
SIM1
SIM2
SIM3
SIM4
1
21
22
SIM5
SIM1
SIM2
SIM3
SIM4
1
21
22
SIM5
SIM1
SIM2
SIM3
SIM4
1
21
22
SIM5
SIM1
SIM2
SIM3
SIM4
1
21
22
SIM5
SIM1
SIM2
SIM3
SIM4
1
21
22
SIM5
SIM1
SIM2
SIM3
SIM4
1
21
22
SIM5
SIM1
SIM2
SIM3
SIM4
1
21
22
SIM5
SIM1
SIM2
SIM3
SIM4
1
21
22
SIM5
SIM1
SIM2
SIM3
SIM4
1
21
22
SIM5
SIM1
SIM2
SIM3
SIM4
1
21
22
SIM5
SIM1
SIM2
SIM3
SIM4
1
21
22
SIM5
SIM1
SIM2
SIM3
SIM4
1
21
22
SIM5
SIM1
SIM2
SIM3
SIM4
1
21
22
SIM5
SIM1
SIM2
SIM3
SIM4
1
21
22
SIM5
SIM1
SIM2
SIM3
SIM4
1
21
22
SIM5
SIM1
SIM2
SIM3
SIM4
1
21
22
SIM5
SIM1
SIM2
SIM3
SIM4
1
21
22
SIM5
SIM1
SIM2
SIM3
SIM4
1
21
22
SIM5
SIM1
SIM2
SIM3
SIM4
1
21
22
SIM5
SIM1
SIM2
SIM3
SIM4
1
21
22
SIM5
SIM1
SIM2
SIM3
SIM4
1
21
22
SIM5
SIM1
SIM2
SIM3
SIM4
1
21
22
SIM5
SIM1
SIM2
SIM3
SIM4
1
21
22
SIM5
SIM1
SIM2
SIM3
SIM4
1
21
22
SIM5
SIM1
SIM2
SIM3
SIM4
1
21
22
SIM5
SIM1
SIM2
SIM3
SIM4
1
21
22
SIM5
SIM1
SIM2
SIM3
SIM4
1
21
22
SIM5
SIM1
SIM2
SIM3
SIM4
1
21
22
SIM5
SIM1
SIM2
SIM3
SIM4
1
21
22
SIM5
SIM1
SIM2
SIM3
SIM4
1
21
22
SIM5
SIM1
SIM2
SIM3
SIM4
1
21
22
SIM5
SIM1
SIM2
SIM3
SIM4
1
21
22
SIM5
SIM1
SIM2
SIM3
SIM4
1
21
22
SIM5
SIM1
SIM2
SIM3
SIM4
1
21
22
SIM5
SIM1
SIM2
SIM3
SIM4
1
21
22
SIM5
SIM1
SIM2
SIM3
SIM4
1
21
22
SIM5
SIM1
SIM2
SIM3
SIM4
1
21
22
SIM5
SIM1
SIM2
SIM3
SIM4
1
21
22
SIM5
SIM1
SIM2
SIM3
SIM4
1
21
22
SIM5
SIM1
SIM2
SIM3
SIM4
1
21
22
SIM5
SIM1
SIM2
SIM3
SIM4
1
21
22
SIM5
SIM1
SIM2
SIM3
SIM4
1
21
22
SIM5
SIM1
SIM2
SIM3
SIM4
1
21
22
SIM5
SIM1
SIM2
SIM3
SIM4
1
21
22
SIM5
SIM1
SIM2
SIM3
SIM4
1
21
22
SIM5
SIM1
SIM2
SIM3
SIM4
1
21
22
SIM5
SIM1
SIM2
SIM3
SIM4
1
21
22
SIM5
SIM1
SIM2
SIM3
SIM4
1
21
22
SIM5
SIM1
SIM2
SIM3
SIM4
1
21
22
SIM5
SIM1
SIM2
SIM3
SIM4
1
21
22
SIM5
SIM1
SIM2
SIM3
SIM4
1
21
22
SIM5
SIM1
SIM2
SIM3
SIM4
1
21
22
SIM5
SIM1
SIM2
SIM3
SIM4
1
21
22
SIM5
SIM1
SIM2
SIM3
SIM4
1
21
22
SIM5
SIM1
SIM2
SIM3
SIM4
1
21
22
SIM5
SIM1
SIM2
SIM3
SIM4
1
21
22
SIM5
SIM1
SIM2
SIM3
SIM4
1
21
22
SIM5
SIM1
SIM2
SIM3
SIM4
1
21
22
SIM5
SIM1
SIM2
SIM3
SIM4
1
21
22
SIM5
SIM1
SIM2
SIM3
SIM4
1
21
22
SIM5
SIM1
SIM2
SIM3
SIM4
1
21
22
SIM5
SIM1
SIM2
SIM3
SIM4
1
21
22
SIM5
SIM1
SIM2
SIM3
SIM4
1
21
22
SIM5
SIM1
SIM2
SIM3
SIM4
1
21
22
SIM5
SIM1
SIM2
SIM3
SIM4
1
21
22
SIM5
SIM1
SIM2
SIM3
SIM4
1
21
22
SIM5
SIM1
SIM2
SIM3
SIM4
1
21
22
SIM5
SIM1
SIM2
SIM3
SIM4
1
21
22
SIM5
SIM1
SIM2
SIM3
SIM4
1
21
22
SIM5
SIM1
SIM2
SIM3
SIM4
1
21
22
SIM5
SIM1
SIM2
SIM3
SIM4
1
21
22
SIM5
SIM1
SIM2
SIM3
SIM4
1
21
22
SIM5
SIM1
SIM2
SIM3
SIM4
1
21
22
SIM5
SIM1
SIM2
SIM3
SIM4
1
21
22
SIM5
SIM1
SIM2
SIM3
SIM4
1
21
22
SIM5
SIM1
SIM2
SIM3
SIM4
1
21
22
SIM5
SIM1
SIM2
SIM3
SIM4
1
21
22
SIM5
SIM1
SIM2
SIM3
SIM4
1
21
22
SIM5
SIM1
SIM2
SIM3
SIM4
1
21
22
SIM5
SIM1
SIM2
SIM3
SIM4
1
21
22
SIM5
SIM1
SIM2
SIM3
SIM4
1
21
22
SIM5
SIM1
SIM2
SIM3
SIM4
1
21
22
SIM5
SIM1
SIM2
SIM3
SIM4
1
21
22
SIM5
SIM1
SIM2
SIM3
SIM4
1
21
22
SIM5
SIM1
SIM2
SIM3
SIM4
1
21
22
SIM5
SIM1
SIM2
SIM3
SIM4
1
21
22
SIM5
SIM1
SIM2
SIM3
SIM4
1
21
22
SIM5
SIM1
SIM2
SIM3
SIM4
1
21
22
SIM5
SIM1
SIM2
DEBUG 1 252
SIM1
SIM2
SIM3
SIM4
1
21
22
SIM5
SIM1
SIM2
SIM3
SIM4
1
21
22
SIM5
SIM1
SIM2
SIM3
SIM4
1
21
22
SIM5
SIM1
SIM2
SIM3
SIM4
1
21
22
SIM5
SIM1
SIM2
SIM3
SIM4
1
21
22
SIM5
SIM1
SIM2
SIM3
SIM4
1
21
22
SIM5
SIM1
SIM2
SIM3
SIM4
1
21
22
SIM5
SIM1
SIM2
SIM3
SIM4
1
21
22
SIM5
SIM1
SIM2
SIM3
SIM4
1
21
22
SIM5
SIM1
SIM2
SIM3
SIM4
1
21
22
SIM5
SIM1
SIM2
SIM3
SIM4
1
21
22
SIM5
SIM1
SIM2
SIM3
SIM4
1
21
22
SIM5
SIM1
SIM2
SIM3
SIM4
1
21
22
SIM5
SIM1
SIM2
SIM3
SIM4
1
21
22
SIM5
SIM1
SIM2
SIM3
SIM4
1
21
22
SIM5
SIM1
SIM2
SIM3
SIM4
1
21
22
SIM5
SIM1
SIM2
SIM3
SIM4
1
21
22
SIM5
SIM1
SIM2
SIM3
SIM4
1
21
22
SIM5
SIM1
SIM2
SIM3
SIM4
1
21
22
SIM5
SIM1
SIM2
SIM3
SIM4
1
21
22
SIM5
SIM1
SIM2
SIM3
SIM4
1
21
22
SIM5
SIM1
SIM2
SIM3
SIM4
1
21
22
SIM5
SIM1
SIM2
SIM3
SIM4
1
21
22
SIM5
SIM1
SIM2
SIM3
SIM4
1
21
22
SIM5
SIM1
SIM2
SIM3
SIM4
1
21
22
SIM5
SIM1
SIM2
SIM3
SIM4
1
21
22
SIM5
SIM1
SIM2
SIM3
SIM4
1
21
22
SIM5
SIM1
SIM2
SIM3
SIM4
1
21
22
SIM5
SIM1
SIM2
SIM3
SIM4
1
21
22
SIM5
SIM1
SIM2
SIM3
SIM4
1
21
22
SIM5
SIM1
SIM2
SIM3
SIM4
1
21
22
SIM5
SIM1
SIM2
SIM3
SIM4
1
21
22
SIM5
SIM1
SIM2
SIM3
SIM4
1
21
22
SIM5
SIM1
SIM2
SIM3
SIM4
1
21
22
SIM5
SIM1
SIM2
SIM3
SIM4
1
21
22
SIM5
SIM1
SIM2
SIM3
SIM4
1
21
22
SIM5
SIM1
SIM2
SIM3
SIM4
1
21
22
SIM5
SIM1
SIM2
SIM3
SIM4
1
21
22
SIM5
SIM1
SIM2
SIM3
SIM4
1
21
22
SIM5
SIM1
SIM2
SIM3
SIM4
1
21
22
SIM5
SIM1
SIM2
SIM3
SIM4
1
21
22
SIM5
SIM1
SIM2
SIM3
SIM4
1
21
22
SIM5
SIM1
SIM2
SIM3
SIM4
1
21
22
SIM5
SIM1
SIM2
SIM3
SIM4
1
21
22
SIM5
SIM1
SIM2
SIM3
SIM4
1
21
22
SIM5
SIM1
SIM2
SIM3
SIM4
1
21
22
SIM5
SIM1
SIM2
SIM3
SIM4
1
21
22
SIM5
SIM1
SIM2
SIM3
SIM4
1
21
22
SIM5
SIM1
SIM2
SIM3
SIM4
1
21
22
SIM5
SIM1
SIM2
SIM3
SIM4
1
21
22
SIM5
SIM1
SIM2
SIM3
SIM4
1
21
22
SIM5
SIM1
SIM2
SIM3
SIM4
1
21
22
SIM5
SIM1
SIM2
SIM3
SIM4
1
21
22
SIM5
SIM1
SIM2
SIM3
SIM4
1
21
22
SIM5
SIM1
SIM2
SIM3
SIM4
1
21
22
SIM5
SIM1
SIM2
SIM3
SIM4
1
21
22
SIM5
SIM1
SIM2
SIM3
SIM4
1
21
22
SIM5
SIM1
SIM2
SIM3
SIM4
1
21
22
SIM5
SIM1
SIM2
SIM3
SIM4
1
21
22
SIM5
SIM1
SIM2
SIM3
SIM4
1
21
22
SIM5
SIM1
SIM2
SIM3
SIM4
1
21
22
SIM5
SIM1
SIM2
SIM3
SIM4
1
21
22
SIM5
SIM1
SIM2
SIM3
SIM4
1
21
22
SIM5
SIM1
SIM2
SIM3
SIM4
1
21
22
SIM5
SIM1
SIM2
SIM3
SIM4
1
21
22
SIM5
SIM1
SIM2
SIM3
SIM4
1
21
22
SIM5
SIM1
SIM2
SIM3
SIM4
1
21
22
SIM5
SIM1
SIM2
SIM3
SIM4
1
21
22
SIM5
SIM1
SIM2
SIM3
SIM4
1
21
22
SIM5
SIM1
SIM2
SIM3
SIM4
1
21
22
SIM5
SIM1
SIM2
SIM3
SIM4
1
21
22
SIM5
SIM1
SIM2
SIM3
SIM4
1
21
22
SIM5
SIM1
SIM2
SIM3
SIM4
1
21
22
SIM5
SIM1
SIM2
SIM3
SIM4
1
21
22
SIM5
SIM1
SIM2
SIM3
SIM4
1
21
22
SIM5
SIM1
SIM2
SIM3
SIM4
1
21
22
SIM5
SIM1
SIM2
SIM3
SIM4
1
21
22
SIM5
SIM1
SIM2
SIM3
SIM4
1
21
22
SIM5
SIM1
SIM2
SIM3
SIM4
1
21
22
SIM5
SIM1
SIM2
SIM3
SIM4
1
21
22
SIM5
SIM1
SIM2
SIM3
SIM4
1
21
22
SIM5
SIM1
SIM2
SIM3
SIM4
1
21
22
SIM5
SIM1
SIM2
SIM3
SIM4
1
21
22
SIM5
SIM1
SIM2
SIM3
SIM4
1
21
22
SIM5
SIM1
SIM2
SIM3
SIM4
1
21
22
SIM5
SIM1
SIM2
SIM3
SIM4
1
21
22
SIM5
SIM1
SIM2
SIM3
SIM4
1
21
22
SIM5
SIM1
SIM2
SIM3
SIM4
1
21
22
SIM5
SIM1
SIM2
SIM3
SIM4
1
21
22
SIM5
SIM1
SIM2
SIM3
SIM4
1
21
22
SIM5
SIM1
SIM2
SIM3
SIM4
1
21
22
SIM5
SIM1
SIM2
SIM3
SIM4
1
21
22
SIM5
SIM1
SIM2
SIM3
SIM4
1
21
22
SIM5
SIM1
SIM2
SIM3
SIM4
1
21
22
SIM5
SIM1
SIM2
SIM3
SIM4
1
21
22
SIM5
SIM1
SIM2
SIM3
SIM4
1
21
22
SIM5
SIM1
SIM2
SIM3
SIM4
1
21
22
SIM5
SIM1
SIM2
SIM3
SIM4
1
21
22
SIM5
SIM1
SIM2
SIM3
SIM4
1
21
22
SIM5
SIM1
SIM2
SIM3
SIM4
1
21
22
SIM5
SIM1
SIM2
SIM3
SIM4
1
21
22
SIM5
SIM1
SIM2
SIM3
SIM4
1
21
22
SIM5
SIM1
SIM2
SIM3
SIM4
1
21
22
SIM5
SIM1
SIM2
SIM3
SIM4
1
21
22
SIM5
SIM1
SIM2
SIM3
SIM4
1
21
22
SIM5
SIM1
SIM2
SIM3
SIM4
1
21
22
SIM5
SIM1
SIM2
SIM3
SIM4
1
21
22
SIM5
SIM1
SIM2
SIM3
SIM4
1
21
22
SIM5
SIM1
SIM2
SIM3
SIM4
1
21
22
SIM5
SIM1
SIM2
SIM3
SIM4
1
21
22
SIM5
SIM1
SIM2
SIM3
SIM4
1
21
22
SIM5
SIM1
SIM2
SIM3
SIM4
1
21
22
SIM5
SIM1
SIM2
SIM3
SIM4
1
21
22
SIM5
SIM1
SIM2
SIM3
SIM4
1
21
22
SIM5
SIM1
SIM2
SIM3
SIM4
1
21
22
SIM5
SIM1
SIM2
SIM3
SIM4
1
21
22
SIM5
SIM1
SIM2
SIM3
SIM4
1
21
22
SIM5
SIM1
SIM2
SIM3
SIM4
1
21
22
SIM5
SIM1
SIM2
SIM3
SIM4
1
21
22
SIM5
SIM1
SIM2
SIM3
SIM4
1
21
22
SIM5
SIM1
SIM2
SIM3
SIM4
1
21
22
SIM5
SIM1
SIM2
SIM3
SIM4
1
21
22
SIM5
SIM1
SIM2
SIM3
SIM4
1
21
22
SIM5
SIM1
SIM2
SIM3
SIM4
1
21
22
SIM5
SIM1
SIM2
SIM3
SIM4
1
21
22
SIM5
SIM1
SIM2
SIM3
SIM4
1
21
22
SIM5
SIM1
SIM2
SIM3
SIM4
1
21
22
SIM5
SIM1
SIM2
SIM3
SIM4
1
21
22
SIM5
SIM1
SIM2
SIM3
SIM4
1
21
22
SIM5
SIM1
SIM2
SIM3
SIM4
1
21
22
SIM5
SIM1
SIM2
SIM3
SIM4
1
21
22
SIM5
SIM1
SIM2
SIM3
SIM4
1
21
22
SIM5
SIM1
SIM2
SIM3
SIM4
1
21
22
SIM5
SIM1
SIM2
SIM3
SIM4
1
21
22
SIM5
SIM1
SIM2
SIM3
SIM4
1
21
22
SIM5
SIM1
SIM2
SIM3
SIM4
1
21
22
SIM5
SIM1
SIM2
SIM3
SIM4
1
21
22
SIM5
SIM1
SIM2
SIM3
SIM4
1
21
22
SIM5
SIM1
SIM2
SIM3
SIM4
1
21
22
SIM5
SIM1
SIM2
SIM3
SIM4
1
21
22
SIM5
SIM1
SIM2
SIM3
SIM4
1
21
22
SIM5
SIM1
SIM2
SIM3
SIM4
1
21
22
SIM5
SIM1
SIM2
SIM3
SIM4
1
21
22
SIM5
SIM1
SIM2
SIM3
SIM4
1
21
22
SIM5
SIM1
SIM2
SIM3
SIM4
1
21
22
SIM5
SIM1
SIM2
SIM3
SIM4
1
21
22
SIM5
SIM1
SIM2
SIM3
SIM4
1
21
22
SIM5
SIM1
SIM2
SIM3
SIM4
1
21
22
SIM5
SIM1
SIM2
SIM3
SIM4
1
21
22
SIM5
SIM1
SIM2
SIM3
SIM4
1
21
22
SIM5
SIM1
SIM2
SIM3
SIM4
1
21
22
SIM5
SIM1
SIM2
SIM3
SIM4
1
21
22
SIM5
SIM1
SIM2
SIM3
SIM4
1
21
22
SIM5
SIM1
SIM2
SIM3
SIM4
1
21
22
SIM5
SIM1
SIM2
SIM3
SIM4
1
21
22
SIM5
SIM1
SIM2
SIM3
SIM4
1
21
22
SIM5
SIM1
SIM2
SIM3
SIM4
1
21
22
SIM5
SIM1
SIM2
SIM3
SIM4
1
21
22
SIM5
SIM1
SIM2
SIM3
SIM4
1
21
22
SIM5
SIM1
SIM2
SIM3
SIM4
1
21
22
SIM5
SIM1
SIM2
SIM3
SIM4
1
21
22
SIM5
SIM1
SIM2
SIM3
SIM4
1
21
22
SIM5
SIM1
SIM2
SIM3
SIM4
1
21
22
SIM5
SIM1
SIM2
SIM3
SIM4
1
21
22
SIM5
SIM1
SIM2
SIM3
SIM4
1
21
22
SIM5
SIM1
SIM2
SIM3
SIM4
1
21
22
SIM5
SIM1
SIM2
SIM3
SIM4
1
21
22
SIM5
SIM1
SIM2
SIM3
SIM4
1
21
22
SIM5
SIM1
SIM2
SIM3
SIM4
1
21
22
SIM5
SIM1
SIM2
SIM3
SIM4
1
21
22
SIM5
SIM1
SIM2
SIM3
SIM4
1
21
22
SIM5
SIM1
SIM2
SIM3
SIM4
1
21
22
SIM5
SIM1
SIM2
SIM3
SIM4
1
21
22
SIM5
SIM1
SIM2
SIM3
SIM4
1
21
22
SIM5
SIM1
SIM2
SIM3
SIM4
1
21
22
SIM5
SIM1
SIM2
SIM3
SIM4
1
21
22
SIM5
SIM1
SIM2
SIM3
SIM4
1
21
22
SIM5
SIM1
SIM2
SIM3
SIM4
1
21
22
SIM5
SIM1
SIM2
SIM3
SIM4
1
21
22
SIM5
SIM1
SIM2
SIM3
SIM4
1
21
22
SIM5
SIM1
SIM2
SIM3
SIM4
1
21
22
SIM5
SIM1
SIM2
SIM3
SIM4
1
21
22
SIM5
SIM1
SIM2
SIM3
SIM4
1
21
22
SIM5
SIM1
SIM2
SIM3
SIM4
1
21
22
SIM5
SIM1
SIM2
SIM3
SIM4
1
21
22
SIM5
SIM1
SIM2
SIM3
SIM4
1
21
22
SIM5
SIM1
SIM2
SIM3
SIM4
1
21
22
SIM5
SIM1
SIM2
SIM3
SIM4
1
21
22
SIM5
SIM1
SIM2
SIM3
SIM4
1
21
22
SIM5
SIM1
SIM2
SIM3
SIM4
1
21
22
SIM5
SIM1
SIM2
SIM3
SIM4
1
21
22
SIM5
SIM1
SIM2
SIM3
SIM4
1
21
22
SIM5
SIM1
SIM2
SIM3
SIM4
1
21
22
SIM5
SIM1
SIM2
SIM3
SIM4
1
21
22
SIM5
SIM1
SIM2
SIM3
SIM4
1
21
22
SIM5
SIM1
SIM2
SIM3
SIM4
1
21
22
SIM5
SIM1
SIM2
SIM3
SIM4
1
21
22
SIM5
SIM1
SIM2
SIM3
SIM4
1
21
22
SIM5
SIM1
SIM2
SIM3
SIM4
1
21
22
SIM5
SIM1
SIM2
SIM3
SIM4
1
21
22
SIM5
SIM1
SIM2
DEBUG 1 253
SIM1
SIM2
SIM3
SIM4
1
21
22
SIM5
SIM1
SIM2
SIM3
SIM4
1
21
22
SIM5
SIM1
SIM2
SIM3
SIM4
1
21
22
SIM5
SIM1
SIM2
SIM3
SIM4
1
21
22
SIM5
SIM1
SIM2
SIM3
SIM4
1
21
22
SIM5
SIM1
SIM2
SIM3
SIM4
1
21
22
SIM5
SIM1
SIM2
SIM3
SIM4
1
21
22
SIM5
SIM1
SIM2
SIM3
SIM4
1
21
22
SIM5
SIM1
SIM2
SIM3
SIM4
1
21
22
SIM5
SIM1
SIM2
SIM3
SIM4
1
21
22
SIM5
SIM1
SIM2
SIM3
SIM4
1
21
22
SIM5
SIM1
SIM2
SIM3
SIM4
1
21
22
SIM5
SIM1
SIM2
SIM3
SIM4
1
21
22
SIM5
SIM1
SIM2
SIM3
SIM4
1
21
22
SIM5
SIM1
SIM2
SIM3
SIM4
1
21
22
SIM5
SIM1
SIM2
SIM3
SIM4
1
21
22
SIM5
SIM1
SIM2
SIM3
SIM4
1
21
22
SIM5
SIM1
SIM2
SIM3
SIM4
1
21
22
SIM5
SIM1
SIM2
SIM3
SIM4
1
21
22
SIM5
SIM1
SIM2
SIM3
SIM4
1
21
22
SIM5
SIM1
SIM2
SIM3
SIM4
1
21
22
SIM5
SIM1
SIM2
SIM3
SIM4
1
21
22
SIM5
SIM1
SIM2
SIM3
SIM4
1
21
22
SIM5
SIM1
SIM2
SIM3
SIM4
1
21
22
SIM5
SIM1
SIM2
SIM3
SIM4
1
21
22
SIM5
SIM1
SIM2
SIM3
SIM4
1
21
22
SIM5
SIM1
SIM2
SIM3
SIM4
1
21
22
SIM5
SIM1
SIM2
SIM3
SIM4
1
21
22
SIM5
SIM1
SIM2
SIM3
SIM4
1
21
22
SIM5
SIM1
SIM2
SIM3
SIM4
1
21
22
SIM5
SIM1
SIM2
SIM3
SIM4
1
21
22
SIM5
SIM1
SIM2
SIM3
SIM4
1
21
22
SIM5
SIM1
SIM2
SIM3
SIM4
1
21
22
SIM5
SIM1
SIM2
SIM3
SIM4
1
21
22
SIM5
SIM1
SIM2
SIM3
SIM4
1
21
22
SIM5
SIM1
SIM2
SIM3
SIM4
1
21
22
SIM5
SIM1
SIM2
SIM3
SIM4
1
21
22
SIM5
SIM1
SIM2
SIM3
SIM4
1
21
22
SIM5
SIM1
SIM2
SIM3
SIM4
1
21
22
SIM5
SIM1
SIM2
SIM3
SIM4
1
21
22
SIM5
SIM1
SIM2
SIM3
SIM4
1
21
22
SIM5
SIM1
SIM2
SIM3
SIM4
1
21
22
SIM5
SIM1
SIM2
SIM3
SIM4
1
21
22
SIM5
SIM1
SIM2
SIM3
SIM4
1
21
22
SIM5
SIM1
SIM2
SIM3
SIM4
1
21
22
SIM5
SIM1
SIM2
SIM3
SIM4
1
21
22
SIM5
SIM1
SIM2
SIM3
SIM4
1
21
22
SIM5
SIM1
SIM2
SIM3
SIM4
1
21
22
SIM5
SIM1
SIM2
SIM3
SIM4
1
21
22
SIM5
SIM1
SIM2
SIM3
SIM4
1
21
22
SIM5
SIM1
SIM2
SIM3
SIM4
1
21
22
SIM5
SIM1
SIM2
SIM3
SIM4
1
21
22
SIM5
SIM1
SIM2
SIM3
SIM4
1
21
22
SIM5
SIM1
SIM2
SIM3
SIM4
1
21
22
SIM5
SIM1
SIM2
SIM3
SIM4
1
21
22
SIM5
SIM1
SIM2
SIM3
SIM4
1
21
22
SIM5
SIM1
SIM2
SIM3
SIM4
1
21
22
SIM5
SIM1
SIM2
SIM3
SIM4
1
21
22
SIM5
SIM1
SIM2
SIM3
SIM4
1
21
22
SIM5
SIM1
SIM2
SIM3
SIM4
1
21
22
SIM5
SIM1
SIM2
SIM3
SIM4
1
21
22
SIM5
SIM1
SIM2
SIM3
SIM4
1
21
22
SIM5
SIM1
SIM2
SIM3
SIM4
1
21
22
SIM5
SIM1
SIM2
SIM3
SIM4
1
21
22
SIM5
SIM1
SIM2
SIM3
SIM4
1
21
22
SIM5
SIM1
SIM2
SIM3
SIM4
1
21
22
SIM5
SIM1
SIM2
SIM3
SIM4
1
21
22
SIM5
SIM1
SIM2
SIM3
SIM4
1
21
22
SIM5
SIM1
SIM2
SIM3
SIM4
1
21
22
SIM5
SIM1
SIM2
SIM3
SIM4
1
21
22
SIM5
SIM1
SIM2
SIM3
SIM4
1
21
22
SIM5
SIM1
SIM2
SIM3
SIM4
1
21
22
SIM5
SIM1
SIM2
SIM3
SIM4
1
21
22
SIM5
SIM1
SIM2
SIM3
SIM4
1
21
22
SIM5
SIM1
SIM2
SIM3
SIM4
1
21
22
SIM5
SIM1
SIM2
SIM3
SIM4
1
21
22
SIM5
SIM1
SIM2
SIM3
SIM4
1
21
22
SIM5
SIM1
SIM2
SIM3
SIM4
1
21
22
SIM5
SIM1
SIM2
SIM3
SIM4
1
21
22
SIM5
SIM1
SIM2
SIM3
SIM4
1
21
22
SIM5
SIM1
SIM2
SIM3
SIM4
1
21
22
SIM5
SIM1
SIM2
SIM3
SIM4
1
21
22
SIM5
SIM1
SIM2
SIM3
SIM4
1
21
22
SIM5
SIM1
SIM2
SIM3
SIM4
1
21
22
SIM5
SIM1
SIM2
SIM3
SIM4
1
21
22
SIM5
SIM1
SIM2
SIM3
SIM4
1
21
22
SIM5
SIM1
SIM2
SIM3
SIM4
1
21
22
SIM5
SIM1
SIM2
SIM3
SIM4
1
21
22
SIM5
SIM1
SIM2
SIM3
SIM4
1
21
22
SIM5
SIM1
SIM2
SIM3
SIM4
1
21
22
SIM5
SIM1
SIM2
SIM3
SIM4
1
21
22
SIM5
SIM1
SIM2
SIM3
SIM4
1
21
22
SIM5
SIM1
SIM2
SIM3
SIM4
1
21
22
SIM5
SIM1
SIM2
SIM3
SIM4
1
21
22
SIM5
SIM1
SIM2
SIM3
SIM4
1
21
22
SIM5
SIM1
SIM2
SIM3
SIM4
1
21
22
SIM5
SIM1
SIM2
SIM3
SIM4
1
21
22
SIM5
SIM1
SIM2
SIM3
SIM4
1
21
22
SIM5
SIM1
SIM2
SIM3
SIM4
1
21
22
SIM5
SIM1
SIM2
SIM3
SIM4
1
21
22
SIM5
SIM1
SIM2
SIM3
SIM4
1
21
22
SIM5
SIM1
SIM2
SIM3
SIM4
1
21
22
SIM5
SIM1
SIM2
SIM3
SIM4
1
21
22
SIM5
SIM1
SIM2
SIM3
SIM4
1
21
22
SIM5
SIM1
SIM2
SIM3
SIM4
1
21
22
SIM5
SIM1
SIM2
SIM3
SIM4
1
21
22
SIM5
SIM1
SIM2
SIM3
SIM4
1
21
22
SIM5
SIM1
SIM2
SIM3
SIM4
1
21
22
SIM5
SIM1
SIM2
SIM3
SIM4
1
21
22
SIM5
SIM1
SIM2
SIM3
SIM4
1
21
22
SIM5
SIM1
SIM2
SIM3
SIM4
1
21
22
SIM5
SIM1
SIM2
SIM3
SIM4
1
21
22
SIM5
SIM1
SIM2
SIM3
SIM4
1
21
22
SIM5
SIM1
SIM2
SIM3
SIM4
1
21
22
SIM5
SIM1
SIM2
SIM3
SIM4
1
21
22
SIM5
SIM1
SIM2
SIM3
SIM4
1
21
22
SIM5
SIM1
SIM2
SIM3
SIM4
1
21
22
SIM5
SIM1
SIM2
SIM3
SIM4
1
21
22
SIM5
SIM1
SIM2
SIM3
SIM4
1
21
22
SIM5
SIM1
SIM2
SIM3
SIM4
1
21
22
SIM5
SIM1
SIM2
SIM3
SIM4
1
21
22
SIM5
SIM1
SIM2
SIM3
SIM4
1
21
22
SIM5
SIM1
SIM2
SIM3
SIM4
1
21
22
SIM5
SIM1
SIM2
SIM3
SIM4
1
21
22
SIM5
SIM1
SIM2
SIM3
SIM4
1
21
22
SIM5
SIM1
SIM2
SIM3
SIM4
1
21
22
SIM5
SIM1
SIM2
SIM3
SIM4
1
21
22
SIM5
SIM1
SIM2
SIM3
SIM4
1
21
22
SIM5
SIM1
SIM2
SIM3
SIM4
1
21
22
SIM5
SIM1
SIM2
SIM3
SIM4
1
21
22
SIM5
SIM1
SIM2
SIM3
SIM4
1
21
22
SIM5
SIM1
SIM2
SIM3
SIM4
1
21
22
SIM5
SIM1
SIM2
SIM3
SIM4
1
21
22
SIM5
SIM1
SIM2
SIM3
SIM4
1
21
22
SIM5
SIM1
SIM2
SIM3
SIM4
1
21
22
SIM5
SIM1
SIM2
SIM3
SIM4
1
21
22
SIM5
SIM1
SIM2
SIM3
SIM4
1
21
22
SIM5
SIM1
SIM2
SIM3
SIM4
1
21
22
SIM5
SIM1
SIM2
SIM3
SIM4
1
21
22
SIM5
SIM1
SIM2
SIM3
SIM4
1
21
22
SIM5
SIM1
SIM2
SIM3
SIM4
1
21
22
SIM5
SIM1
SIM2
SIM3
SIM4
1
21
22
SIM5
SIM1
SIM2
SIM3
SIM4
1
21
22
SIM5
SIM1
SIM2
SIM3
SIM4
1
21
22
SIM5
SIM1
SIM2
SIM3
SIM4
1
21
22
SIM5
SIM1
SIM2
SIM3
SIM4
1
21
22
SIM5
SIM1
SIM2
SIM3
SIM4
1
21
22
SIM5
SIM1
SIM2
SIM3
SIM4
1
21
22
SIM5
SIM1
SIM2
SIM3
SIM4
1
21
22
SIM5
SIM1
SIM2
SIM3
SIM4
1
21
22
SIM5
SIM1
SIM2
SIM3
SIM4
1
21
22
SIM5
SIM1
SIM2
SIM3
SIM4
1
21
22
SIM5
SIM1
SIM2
SIM3
SIM4
1
21
22
SIM5
SIM1
SIM2
SIM3
SIM4
1
21
22
SIM5
SIM1
SIM2
SIM3
SIM4
1
21
22
SIM5
SIM1
SIM2
SIM3
SIM4
1
21
22
SIM5
SIM1
SIM2
SIM3
SIM4
1
21
22
SIM5
SIM1
SIM2
SIM3
SIM4
1
21
22
SIM5
SIM1
SIM2
SIM3
SIM4
1
21
22
SIM5
SIM1
SIM2
SIM3
SIM4
1
21
22
SIM5
SIM1
SIM2
SIM3
SIM4
1
21
22
SIM5
SIM1
SIM2
SIM3
SIM4
1
21
22
SIM5
SIM1
SIM2
SIM3
SIM4
1
21
22
SIM5
SIM1
SIM2
SIM3
SIM4
1
21
22
SIM5
SIM1
SIM2
SIM3
SIM4
1
21
22
SIM5
SIM1
SIM2
SIM3
SIM4
1
21
22
SIM5
SIM1
SIM2
SIM3
SIM4
1
21
22
SIM5
SIM1
SIM2
SIM3
SIM4
1
21
22
SIM5
SIM1
SIM2
SIM3
SIM4
1
21
22
SIM5
SIM1
SIM2
SIM3
SIM4
1
21
22
SIM5
SIM1
SIM2
SIM3
SIM4
1
21
22
SIM5
SIM1
SIM2
SIM3
SIM4
1
21
22
SIM5
SIM1
SIM2
SIM3
SIM4
1
21
22
SIM5
SIM1
SIM2
SIM3
SIM4
1
21
22
SIM5
SIM1
SIM2
SIM3
SIM4
1
21
22
SIM5
SIM1
SIM2
SIM3
SIM4
1
21
22
SIM5
SIM1
SIM2
SIM3
SIM4
1
21
22
SIM5
SIM1
SIM2
SIM3
SIM4
1
21
22
SIM5
SIM1
SIM2
SIM3
SIM4
1
21
22
SIM5
SIM1
SIM2
SIM3
SIM4
1
21
22
SIM5
SIM1
SIM2
SIM3
SIM4
1
21
22
SIM5
SIM1
SIM2
SIM3
SIM4
1
21
22
SIM5
SIM1
SIM2
SIM3
SIM4
1
21
22
SIM5
SIM1
SIM2
SIM3
SIM4
1
21
22
SIM5
SIM1
SIM2
SIM3
SIM4
1
21
22
SIM5
SIM1
SIM2
SIM3
SIM4
1
21
22
SIM5
SIM1
SIM2
SIM3
SIM4
1
21
22
SIM5
SIM1
SIM2
SIM3
SIM4
1
21
22
SIM5
SIM1
SIM2
SIM3
SIM4
1
21
22
SIM5
SIM1
SIM2
SIM3
SIM4
1
21
22
SIM5
SIM1
SIM2
SIM3
SIM4
1
21
22
SIM5
SIM1
SIM2
SIM3
SIM4
1
21
22
SIM5
SIM1
SIM2
SIM3
SIM4
1
21
22
SIM5
SIM1
SIM2
SIM3
SIM4
1
21
22
SIM5
SIM1
SIM2
DEBUG 1 254
SIM1
SIM2
SIM3
SIM4
1
21
22
SIM5
SIM1
SIM2
SIM3
SIM4
1
21
22
SIM5
SIM1
SIM2
SIM3
SIM4
1
21
22
SIM5
SIM1
SIM2
SIM3
SIM4
1
21
22
SIM5
SIM1
SIM2
SIM3
SIM4
1
21
22
SIM5
SIM1
SIM2
SIM3
SIM4
1
21
22
SIM5
SIM1
SIM2
SIM3
SIM4
1
21
22
SIM5
SIM1
SIM2
SIM3
SIM4
1
21
22
SIM5
SIM1
SIM2
SIM3
SIM4
1
21
22
SIM5
SIM1
SIM2
SIM3
SIM4
1
21
22
SIM5
SIM1
SIM2
SIM3
SIM4
1
21
22
SIM5
SIM1
SIM2
SIM3
SIM4
1
21
22
SIM5
SIM1
SIM2
SIM3
SIM4
1
21
22
SIM5
SIM1
SIM2
SIM3
SIM4
1
21
22
SIM5
SIM1
SIM2
SIM3
SIM4
1
21
22
SIM5
SIM1
SIM2
SIM3
SIM4
1
21
22
SIM5
SIM1
SIM2
SIM3
SIM4
1
21
22
SIM5
SIM1
SIM2
SIM3
SIM4
1
21
22
SIM5
SIM1
SIM2
SIM3
SIM4
1
21
22
SIM5
SIM1
SIM2
SIM3
SIM4
1
21
22
SIM5
SIM1
SIM2
SIM3
SIM4
1
21
22
SIM5
SIM1
SIM2
SIM3
SIM4
1
21
22
SIM5
SIM1
SIM2
SIM3
SIM4
1
21
22
SIM5
SIM1
SIM2
SIM3
SIM4
1
21
22
SIM5
SIM1
SIM2
SIM3
SIM4
1
21
22
SIM5
SIM1
SIM2
SIM3
SIM4
1
21
22
SIM5
SIM1
SIM2
SIM3
SIM4
1
21
22
SIM5
SIM1
SIM2
SIM3
SIM4
1
21
22
SIM5
SIM1
SIM2
SIM3
SIM4
1
21
22
SIM5
SIM1
SIM2
SIM3
SIM4
1
21
22
SIM5
SIM1
SIM2
SIM3
SIM4
1
21
22
SIM5
SIM1
SIM2
SIM3
SIM4
1
21
22
SIM5
SIM1
SIM2
SIM3
SIM4
1
21
22
SIM5
SIM1
SIM2
SIM3
SIM4
1
21
22
SIM5
SIM1
SIM2
SIM3
SIM4
1
21
22
SIM5
SIM1
SIM2
SIM3
SIM4
1
21
22
SIM5
SIM1
SIM2
SIM3
SIM4
1
21
22
SIM5
SIM1
SIM2
SIM3
SIM4
1
21
22
SIM5
SIM1
SIM2
SIM3
SIM4
1
21
22
SIM5
SIM1
SIM2
SIM3
SIM4
1
21
22
SIM5
SIM1
SIM2
SIM3
SIM4
1
21
22
SIM5
SIM1
SIM2
SIM3
SIM4
1
21
22
SIM5
SIM1
SIM2
SIM3
SIM4
1
21
22
SIM5
SIM1
SIM2
SIM3
SIM4
1
21
22
SIM5
SIM1
SIM2
SIM3
SIM4
1
21
22
SIM5
SIM1
SIM2
SIM3
SIM4
1
21
22
SIM5
SIM1
SIM2
SIM3
SIM4
1
21
22
SIM5
SIM1
SIM2
SIM3
SIM4
1
21
22
SIM5
SIM1
SIM2
SIM3
SIM4
1
21
22
SIM5
SIM1
SIM2
SIM3
SIM4
1
21
22
SIM5
SIM1
SIM2
SIM3
SIM4
1
21
22
SIM5
SIM1
SIM2
SIM3
SIM4
1
21
22
SIM5
SIM1
SIM2
SIM3
SIM4
1
21
22
SIM5
SIM1
SIM2
SIM3
SIM4
1
21
22
SIM5
SIM1
SIM2
SIM3
SIM4
1
21
22
SIM5
SIM1
SIM2
SIM3
SIM4
1
21
22
SIM5
SIM1
SIM2
SIM3
SIM4
1
21
22
SIM5
SIM1
SIM2
SIM3
SIM4
1
21
22
SIM5
SIM1
SIM2
SIM3
SIM4
1
21
22
SIM5
SIM1
SIM2
SIM3
SIM4
1
21
22
SIM5
SIM1
SIM2
SIM3
SIM4
1
21
22
SIM5
SIM1
SIM2
SIM3
SIM4
1
21
22
SIM5
SIM1
SIM2
SIM3
SIM4
1
21
22
SIM5
SIM1
SIM2
SIM3
SIM4
1
21
22
SIM5
SIM1
SIM2
SIM3
SIM4
1
21
22
SIM5
SIM1
SIM2
SIM3
SIM4
1
21
22
SIM5
SIM1
SIM2
SIM3
SIM4
1
21
22
SIM5
SIM1
SIM2
SIM3
SIM4
1
21
22
SIM5
SIM1
SIM2
SIM3
SIM4
1
21
22
SIM5
SIM1
SIM2
SIM3
SIM4
1
21
22
SIM5
SIM1
SIM2
SIM3
SIM4
1
21
22
SIM5
SIM1
SIM2
SIM3
SIM4
1
21
22
SIM5
SIM1
SIM2
SIM3
SIM4
1
21
22
SIM5
SIM1
SIM2
SIM3
SIM4
1
21
22
SIM5
SIM1
SIM2
SIM3
SIM4
1
21
22
SIM5
SIM1
SIM2
SIM3
SIM4
1
21
22
SIM5
SIM1
SIM2
SIM3
SIM4
1
21
22
SIM5
SIM1
SIM2
SIM3
SIM4
1
21
22
SIM5
SIM1
SIM2
SIM3
SIM4
1
21
22
SIM5
SIM1
SIM2
SIM3
SIM4
1
21
22
SIM5
SIM1
SIM2
SIM3
SIM4
1
21
22
SIM5
SIM1
SIM2
SIM3
SIM4
1
21
22
SIM5
SIM1
SIM2
SIM3
SIM4
1
21
22
SIM5
SIM1
SIM2
SIM3
SIM4
1
21
22
SIM5
SIM1
SIM2
SIM3
SIM4
1
21
22
SIM5
SIM1
SIM2
SIM3
SIM4
1
21
22
SIM5
SIM1
SIM2
SIM3
SIM4
1
21
22
SIM5
SIM1
SIM2
SIM3
SIM4
1
21
22
SIM5
SIM1
SIM2
SIM3
SIM4
1
21
22
SIM5
SIM1
SIM2
SIM3
SIM4
1
21
22
SIM5
SIM1
SIM2
SIM3
SIM4
1
21
22
SIM5
SIM1
SIM2
SIM3
SIM4
1
21
22
SIM5
SIM1
SIM2
SIM3
SIM4
1
21
22
SIM5
SIM1
SIM2
SIM3
SIM4
1
21
22
SIM5
SIM1
SIM2
SIM3
SIM4
1
21
22
SIM5
SIM1
SIM2
SIM3
SIM4
1
21
22
SIM5
SIM1
SIM2
SIM3
SIM4
1
21
22
SIM5
SIM1
SIM2
SIM3
SIM4
1
21
22
SIM5
SIM1
SIM2
SIM3
SIM4
1
21
22
SIM5
SIM1
SIM2
SIM3
SIM4
1
21
22
SIM5
SIM1
SIM2
SIM3
SIM4
1
21
22
SIM5
SIM1
SIM2
SIM3
SIM4
1
21
22
SIM5
SIM1
SIM2
SIM3
SIM4
1
21
22
SIM5
SIM1
SIM2
SIM3
SIM4
1
21
22
SIM5
SIM1
SIM2
SIM3
SIM4
1
21
22
SIM5
SIM1
SIM2
SIM3
SIM4
1
21
22
SIM5
SIM1
SIM2
SIM3
SIM4
1
21
22
SIM5
SIM1
SIM2
SIM3
SIM4
1
21
22
SIM5
SIM1
SIM2
SIM3
SIM4
1
21
22
SIM5
SIM1
SIM2
SIM3
SIM4
1
21
22
SIM5
SIM1
SIM2
SIM3
SIM4
1
21
22
SIM5
SIM1
SIM2
SIM3
SIM4
1
21
22
SIM5
SIM1
SIM2
SIM3
SIM4
1
21
22
SIM5
SIM1
SIM2
SIM3
SIM4
1
21
22
SIM5
SIM1
SIM2
SIM3
SIM4
1
21
22
SIM5
SIM1
SIM2
SIM3
SIM4
1
21
22
SIM5
SIM1
SIM2
SIM3
SIM4
1
21
22
SIM5
SIM1
SIM2
SIM3
SIM4
1
21
22
SIM5
SIM1
SIM2
SIM3
SIM4
1
21
22
SIM5
SIM1
SIM2
SIM3
SIM4
1
21
22
SIM5
SIM1
SIM2
SIM3
SIM4
1
21
22
SIM5
SIM1
SIM2
SIM3
SIM4
1
21
22
SIM5
SIM1
SIM2
SIM3
SIM4
1
21
22
SIM5
SIM1
SIM2
SIM3
SIM4
1
21
22
SIM5
SIM1
SIM2
SIM3
SIM4
1
21
22
SIM5
SIM1
SIM2
SIM3
SIM4
1
21
22
SIM5
SIM1
SIM2
SIM3
SIM4
1
21
22
SIM5
SIM1
SIM2
SIM3
SIM4
1
21
22
SIM5
SIM1
SIM2
SIM3
SIM4
1
21
22
SIM5
SIM1
SIM2
SIM3
SIM4
1
21
22
SIM5
SIM1
SIM2
SIM3
SIM4
1
21
22
SIM5
SIM1
SIM2
SIM3
SIM4
1
21
22
SIM5
SIM1
SIM2
SIM3
SIM4
1
21
22
SIM5
SIM1
SIM2
SIM3
SIM4
1
21
22
SIM5
SIM1
SIM2
SIM3
SIM4
1
21
22
SIM5
SIM1
SIM2
SIM3
SIM4
1
21
22
SIM5
SIM1
SIM2
SIM3
SIM4
1
21
22
SIM5
SIM1
SIM2
SIM3
SIM4
1
21
22
SIM5
SIM1
SIM2
SIM3
SIM4
1
21
22
SIM5
SIM1
SIM2
SIM3
SIM4
1
21
22
SIM5
SIM1
SIM2
SIM3
SIM4
1
21
22
SIM5
SIM1
SIM2
SIM3
SIM4
1
21
22
SIM5
SIM1
SIM2
SIM3
SIM4
1
21
22
SIM5
SIM1
SIM2
SIM3
SIM4
1
21
22
SIM5
SIM1
SIM2
SIM3
SIM4
1
21
22
SIM5
SIM1
SIM2
SIM3
SIM4
1
21
22
SIM5
SIM1
SIM2
SIM3
SIM4
1
21
22
SIM5
SIM1
SIM2
SIM3
SIM4
1
21
22
SIM5
SIM1
SIM2
SIM3
SIM4
1
21
22
SIM5
SIM1
SIM2
SIM3
SIM4
1
21
22
SIM5
SIM1
SIM2
SIM3
SIM4
1
21
22
SIM5
SIM1
SIM2
DEBUG 1 255
SIM1
SIM2
SIM3
SIM4
1
21
22
SIM5
SIM1
SIM2
SIM3
SIM4
1
21
22
SIM5
SIM1
SIM2
SIM3
SIM4
1
21
22
SIM5
SIM1
SIM2
SIM3
SIM4
1
21
22
SIM5
SIM1
SIM2
SIM3
SIM4
1
21
22
SIM5
SIM1
SIM2
SIM3
SIM4
1
21
22
SIM5
SIM1
SIM2
SIM3
SIM4
1
21
22
SIM5
SIM1
SIM2
SIM3
SIM4
1
21
22
SIM5
SIM1
SIM2
SIM3
SIM4
1
21
22
SIM5
SIM1
SIM2
SIM3
SIM4
1
21
22
SIM5
SIM1
SIM2
SIM3
SIM4
1
21
22
SIM5
SIM1
SIM2
SIM3
SIM4
1
21
22
SIM5
SIM1
SIM2
SIM3
SIM4
1
21
22
SIM5
SIM1
SIM2
SIM3
SIM4
1
21
22
SIM5
SIM1
SIM2
SIM3
SIM4
1
21
22
SIM5
SIM1
SIM2
SIM3
SIM4
1
21
22
SIM5
SIM1
SIM2
SIM3
SIM4
1
21
22
SIM5
SIM1
SIM2
SIM3
SIM4
1
21
22
SIM5
SIM1
SIM2
SIM3
SIM4
1
21
22
SIM5
SIM1
SIM2
SIM3
SIM4
1
21
22
SIM5
SIM1
SIM2
SIM3
SIM4
1
21
22
SIM5
SIM1
SIM2
SIM3
SIM4
1
21
22
SIM5
SIM1
SIM2
SIM3
SIM4
1
21
22
SIM5
SIM1
SIM2
SIM3
SIM4
1
21
22
SIM5
SIM1
SIM2
SIM3
SIM4
1
21
22
SIM5
SIM1
SIM2
SIM3
SIM4
1
21
22
SIM5
SIM1
SIM2
SIM3
SIM4
1
21
22
SIM5
SIM1
SIM2
SIM3
SIM4
1
21
22
SIM5
SIM1
SIM2
SIM3
SIM4
1
21
22
SIM5
SIM1
SIM2
SIM3
SIM4
1
21
22
SIM5
SIM1
SIM2
SIM3
SIM4
1
21
22
SIM5
SIM1
SIM2
SIM3
SIM4
1
21
22
SIM5
SIM1
SIM2
SIM3
SIM4
1
21
22
SIM5
SIM1
SIM2
SIM3
SIM4
1
21
22
SIM5
SIM1
SIM2
SIM3
SIM4
1
21
22
SIM5
SIM1
SIM2
SIM3
SIM4
1
21
22
SIM5
SIM1
SIM2
SIM3
SIM4
1
21
22
SIM5
SIM1
SIM2
SIM3
SIM4
1
21
22
SIM5
SIM1
SIM2
SIM3
SIM4
1
21
22
SIM5
SIM1
SIM2
SIM3
SIM4
1
21
22
SIM5
SIM1
SIM2
SIM3
SIM4
1
21
22
SIM5
SIM1
SIM2
SIM3
SIM4
1
21
22
SIM5
SIM1
SIM2
SIM3
SIM4
1
21
22
SIM5
SIM1
SIM2
SIM3
SIM4
1
21
22
SIM5
SIM1
SIM2
SIM3
SIM4
1
21
22
SIM5
SIM1
SIM2
SIM3
SIM4
1
21
22
SIM5
SIM1
SIM2
SIM3
SIM4
1
21
22
SIM5
SIM1
SIM2
SIM3
SIM4
1
21
22
SIM5
SIM1
SIM2
SIM3
SIM4
1
21
22
SIM5
SIM1
SIM2
SIM3
SIM4
1
21
22
SIM5
SIM1
SIM2
SIM3
SIM4
1
21
22
SIM5
SIM1
SIM2
SIM3
SIM4
1
21
22
SIM5
SIM1
SIM2
SIM3
SIM4
1
21
22
SIM5
SIM1
SIM2
SIM3
SIM4
1
21
22
SIM5
SIM1
SIM2
SIM3
SIM4
1
21
22
SIM5
SIM1
SIM2
SIM3
SIM4
1
21
22
SIM5
SIM1
SIM2
SIM3
SIM4
1
21
22
SIM5
SIM1
SIM2
SIM3
SIM4
1
21
22
SIM5
SIM1
SIM2
SIM3
SIM4
1
21
22
SIM5
SIM1
SIM2
SIM3
SIM4
1
21
22
SIM5
SIM1
SIM2
SIM3
SIM4
1
21
22
SIM5
SIM1
SIM2
SIM3
SIM4
1
21
22
SIM5
SIM1
SIM2
SIM3
SIM4
1
21
22
SIM5
SIM1
SIM2
SIM3
SIM4
1
21
22
SIM5
SIM1
SIM2
SIM3
SIM4
1
21
22
SIM5
SIM1
SIM2
SIM3
SIM4
1
21
22
SIM5
SIM1
SIM2
SIM3
SIM4
1
21
22
SIM5
SIM1
SIM2
SIM3
SIM4
1
21
22
SIM5
SIM1
SIM2
SIM3
SIM4
1
21
22
SIM5
SIM1
SIM2
SIM3
SIM4
1
21
22
SIM5
SIM1
SIM2
SIM3
SIM4
1
21
22
SIM5
SIM1
SIM2
SIM3
SIM4
1
21
22
SIM5
SIM1
SIM2
SIM3
SIM4
1
21
22
SIM5
SIM1
SIM2
SIM3
SIM4
1
21
22
SIM5
SIM1
SIM2
SIM3
SIM4
1
21
22
SIM5
SIM1
SIM2
SIM3
SIM4
1
21
22
SIM5
SIM1
SIM2
SIM3
SIM4
1
21
22
SIM5
SIM1
SIM2
SIM3
SIM4
1
21
22
SIM5
SIM1
SIM2
SIM3
SIM4
1
21
22
SIM5
SIM1
SIM2
SIM3
SIM4
1
21
22
SIM5
SIM1
SIM2
SIM3
SIM4
1
21
22
SIM5
SIM1
SIM2
SIM3
SIM4
1
21
22
SIM5
SIM1
SIM2
SIM3
SIM4
1
21
22
SIM5
SIM1
SIM2
SIM3
SIM4
1
21
22
SIM5
SIM1
SIM2
SIM3
SIM4
1
21
22
SIM5
SIM1
SIM2
SIM3
SIM4
1
21
22
SIM5
SIM1
SIM2
SIM3
SIM4
1
21
22
SIM5
SIM1
SIM2
SIM3
SIM4
1
21
22
SIM5
SIM1
SIM2
SIM3
SIM4
1
21
22
SIM5
SIM1
SIM2
SIM3
SIM4
1
21
22
SIM5
SIM1
SIM2
SIM3
SIM4
1
21
22
SIM5
SIM1
SIM2
SIM3
SIM4
1
21
22
SIM5
SIM1
SIM2
SIM3
SIM4
1
21
22
SIM5
SIM1
SIM2
SIM3
SIM4
1
21
22
SIM5
SIM1
SIM2
SIM3
SIM4
1
21
22
SIM5
SIM1
SIM2
SIM3
SIM4
1
21
22
SIM5
SIM1
SIM2
SIM3
SIM4
1
21
22
SIM5
SIM1
SIM2
SIM3
SIM4
1
21
22
SIM5
SIM1
SIM2
SIM3
SIM4
1
21
22
SIM5
SIM1
SIM2
SIM3
SIM4
1
21
22
SIM5
SIM1
SIM2
SIM3
SIM4
1
21
22
SIM5
SIM1
SIM2
SIM3
SIM4
1
21
22
SIM5
SIM1
SIM2
SIM3
SIM4
1
21
22
SIM5
SIM1
SIM2
SIM3
SIM4
1
21
22
SIM5
SIM1
SIM2
SIM3
SIM4
1
21
22
SIM5
SIM1
SIM2
SIM3
SIM4
1
21
22
SIM5
SIM1
SIM2
SIM3
SIM4
1
21
22
SIM5
SIM1
SIM2
SIM3
SIM4
1
21
22
SIM5
SIM1
SIM2
SIM3
SIM4
1
21
22
SIM5
SIM1
SIM2
SIM3
SIM4
1
21
22
SIM5
SIM1
SIM2
SIM3
SIM4
1
21
22
SIM5
SIM1
SIM2
SIM3
SIM4
1
21
22
SIM5
SIM1
SIM2
SIM3
SIM4
1
21
22
SIM5
SIM1
SIM2
SIM3
SIM4
1
21
22
SIM5
SIM1
SIM2
SIM3
SIM4
1
21
22
SIM5
SIM1
SIM2
SIM3
SIM4
1
21
22
SIM5
SIM1
SIM2
SIM3
SIM4
1
21
22
SIM5
SIM1
SIM2
SIM3
SIM4
1
21
22
SIM5
SIM1
SIM2
SIM3
SIM4
1
21
22
SIM5
SIM1
SIM2
SIM3
SIM4
1
21
22
SIM5
SIM1
SIM2
SIM3
SIM4
1
21
22
SIM5
SIM1
SIM2
SIM3
SIM4
1
21
22
SIM5
SIM1
SIM2
SIM3
SIM4
1
21
22
SIM5
SIM1
SIM2
SIM3
SIM4
1
21
22
SIM5
SIM1
SIM2
SIM3
SIM4
1
21
22
SIM5
SIM1
SIM2
SIM3
SIM4
1
21
22
SIM5
SIM1
SIM2
SIM3
SIM4
1
21
22
SIM5
SIM1
SIM2
SIM3
SIM4
1
21
22
SIM5
SIM1
SIM2
SIM3
SIM4
1
21
22
SIM5
SIM1
SIM2
SIM3
SIM4
1
21
22
SIM5
SIM1
SIM2
SIM3
SIM4
1
21
22
SIM5
SIM1
SIM2
SIM3
SIM4
1
21
22
SIM5
SIM1
SIM2
SIM3
SIM4
1
21
22
SIM5
SIM1
SIM2
SIM3
SIM4
1
21
22
SIM5
SIM1
SIM2
SIM3
SIM4
1
21
22
SIM5
SIM1
SIM2
SIM3
SIM4
1
21
22
SIM5
SIM1
SIM2
SIM3
SIM4
1
21
22
SIM5
SIM1
SIM2
SIM3
SIM4
1
21
22
SIM5
SIM1
SIM2
SIM3
SIM4
1
21
22
SIM5
SIM1
SIM2
SIM3
SIM4
1
21
22
SIM5
SIM1
SIM2
SIM3
SIM4
1
21
22
SIM5
SIM1
SIM2
SIM3
SIM4
1
21
22
SIM5
SIM1
SIM2
SIM3
SIM4
1
21
22
SIM5
SIM1
SIM2
SIM3
SIM4
1
21
22
SIM5
SIM1
SIM2
SIM3
SIM4
1
21
22
SIM5
SIM1
SIM2
SIM3
SIM4
1
21
22
SIM5
SIM1
SIM2
SIM3
SIM4
1
21
22
SIM5
SIM1
SIM2
SIM3
SIM4
1
21
22
SIM5
SIM1
SIM2
SIM3
SIM4
1
21
22
SIM5
SIM1
SIM2
SIM3
SIM4
1
21
22
SIM5
SIM1
SIM2
SIM3
SIM4
1
21
22
SIM5
SIM1
SIM2
SIM3
SIM4
1
21
22
SIM5
SIM1
SIM2
SIM3
SIM4
1
21
22
SIM5
SIM1
SIM2
SIM3
SIM4
1
21
22
SIM5
SIM1
SIM2
SIM3
SIM4
1
21
22
SIM5
SIM1
SIM2
SIM3
SIM4
1
21
22
SIM5
SIM1
SIM2
SIM3
SIM4
1
21
22
SIM5
SIM1
SIM2
SIM3
SIM4
1
21
22
SIM5
SIM1
SIM2
SIM3
SIM4
1
21
22
SIM5
SIM1
SIM2
SIM3
SIM4
1
21
22
SIM5
SIM1
SIM2
SIM3
SIM4
1
21
22
SIM5
SIM1
SIM2
SIM3
SIM4
1
21
22
SIM5
SIM1
SIM2
SIM3
SIM4
1
21
22
SIM5
SIM1
SIM2
SIM3
SIM4
1
21
22
SIM5
SIM1
SIM2
SIM3
SIM4
1
21
22
SIM5
SIM1
SIM2
SIM3
SIM4
1
21
22
SIM5
SIM1
SIM2
SIM3
SIM4
1
21
22
SIM5
SIM1
SIM2
SIM3
SIM4
1
21
22
SIM5
SIM1
SIM2
SIM3
SIM4
1
21
22
SIM5
SIM1
SIM2
SIM3
SIM4
1
21
22
SIM5
SIM1
SIM2
SIM3
SIM4
1
21
22
SIM5
SIM1
SIM2
SIM3
SIM4
1
21
22
SIM5
SIM1
SIM2
SIM3
SIM4
1
21
22
SIM5
SIM1
SIM2
SIM3
SIM4
1
21
22
SIM5
SIM1
SIM2
SIM3
SIM4
1
21
22
SIM5
SIM1
SIM2
SIM3
SIM4
1
21
22
SIM5
SIM1
SIM2
SIM3
SIM4
1
21
22
SIM5
SIM1
SIM2
SIM3
SIM4
1
21
22
SIM5
SIM1
SIM2
SIM3
SIM4
1
21
22
SIM5
SIM1
SIM2
SIM3
SIM4
1
21
22
SIM5
SIM1
SIM2
SIM3
SIM4
1
21
22
SIM5
SIM1
SIM2
SIM3
SIM4
1
21
22
SIM5
SIM1
SIM2
SIM3
SIM4
1
21
22
SIM5
SIM1
SIM2
SIM3
SIM4
1
21
22
SIM5
SIM1
SIM2
SIM3
SIM4
1
21
22
SIM5
SIM1
SIM2
SIM3
SIM4
1
21
22
SIM5
SIM1
SIM2
SIM3
SIM4
1
21
22
SIM5
SIM1
SIM2
DEBUG 1 256
SIM1
SIM2
SIM3
SIM4
1
21
22
SIM5
SIM1
SIM2
SIM3
SIM4
1
21
22
SIM5
SIM1
SIM2
SIM3
SIM4
1
21
22
SIM5
SIM1
SIM2
SIM3
SIM4
1
21
22
SIM5
SIM1
SIM2
SIM3
SIM4
1
21
22
SIM5
SIM1
SIM2
SIM3
SIM4
1
21
22
SIM5
SIM1
SIM2
SIM3
SIM4
1
21
22
SIM5
SIM1
SIM2
SIM3
SIM4
1
21
22
SIM5
SIM1
SIM2
SIM3
SIM4
1
21
22
SIM5
SIM1
SIM2
SIM3
SIM4
1
21
22
SIM5
SIM1
SIM2
SIM3
SIM4
1
21
22
SIM5
SIM1
SIM2
SIM3
SIM4
1
21
22
SIM5
SIM1
SIM2
SIM3
SIM4
1
21
22
SIM5
SIM1
SIM2
SIM3
SIM4
1
21
22
SIM5
SIM1
SIM2
SIM3
SIM4
1
21
22
SIM5
SIM1
SIM2
SIM3
SIM4
1
21
22
SIM5
SIM1
SIM2
SIM3
SIM4
1
21
22
SIM5
SIM1
SIM2
SIM3
SIM4
1
21
22
SIM5
SIM1
SIM2
SIM3
SIM4
1
21
22
SIM5
SIM1
SIM2
SIM3
SIM4
1
21
22
SIM5
SIM1
SIM2
SIM3
SIM4
1
21
22
SIM5
SIM1
SIM2
SIM3
SIM4
1
21
22
SIM5
SIM1
SIM2
SIM3
SIM4
1
21
22
SIM5
SIM1
SIM2
SIM3
SIM4
1
21
22
SIM5
SIM1
SIM2
SIM3
SIM4
1
21
22
SIM5
SIM1
SIM2
SIM3
SIM4
1
21
22
SIM5
SIM1
SIM2
SIM3
SIM4
1
21
22
SIM5
SIM1
SIM2
SIM3
SIM4
1
21
22
SIM5
SIM1
SIM2
SIM3
SIM4
1
21
22
SIM5
SIM1
SIM2
SIM3
SIM4
1
21
22
SIM5
SIM1
SIM2
SIM3
SIM4
1
21
22
SIM5
SIM1
SIM2
SIM3
SIM4
1
21
22
SIM5
SIM1
SIM2
SIM3
SIM4
1
21
22
SIM5
SIM1
SIM2
SIM3
SIM4
1
21
22
SIM5
SIM1
SIM2
SIM3
SIM4
1
21
22
SIM5
SIM1
SIM2
SIM3
SIM4
1
21
22
SIM5
SIM1
SIM2
SIM3
SIM4
1
21
22
SIM5
SIM1
SIM2
SIM3
SIM4
1
21
22
SIM5
SIM1
SIM2
SIM3
SIM4
1
21
22
SIM5
SIM1
SIM2
SIM3
SIM4
1
21
22
SIM5
SIM1
SIM2
SIM3
SIM4
1
21
22
SIM5
SIM1
SIM2
SIM3
SIM4
1
21
22
SIM5
SIM1
SIM2
SIM3
SIM4
1
21
22
SIM5
SIM1
SIM2
SIM3
SIM4
1
21
22
SIM5
SIM1
SIM2
SIM3
SIM4
1
21
22
SIM5
SIM1
SIM2
SIM3
SIM4
1
21
22
SIM5
SIM1
SIM2
SIM3
SIM4
1
21
22
SIM5
SIM1
SIM2
SIM3
SIM4
1
21
22
SIM5
SIM1
SIM2
SIM3
SIM4
1
21
22
SIM5
SIM1
SIM2
SIM3
SIM4
1
21
22
SIM5
SIM1
SIM2
SIM3
SIM4
1
21
22
SIM5
SIM1
SIM2
SIM3
SIM4
1
21
22
SIM5
SIM1
SIM2
SIM3
SIM4
1
21
22
SIM5
SIM1
SIM2
SIM3
SIM4
1
21
22
SIM5
SIM1
SIM2
SIM3
SIM4
1
21
22
SIM5
SIM1
SIM2
SIM3
SIM4
1
21
22
SIM5
SIM1
SIM2
SIM3
SIM4
1
21
22
SIM5
SIM1
SIM2
SIM3
SIM4
1
21
22
SIM5
SIM1
SIM2
SIM3
SIM4
1
21
22
SIM5
SIM1
SIM2
SIM3
SIM4
1
21
22
SIM5
SIM1
SIM2
SIM3
SIM4
1
21
22
SIM5
SIM1
SIM2
SIM3
SIM4
1
21
22
SIM5
SIM1
SIM2
SIM3
SIM4
1
21
22
SIM5
SIM1
SIM2
SIM3
SIM4
1
21
22
SIM5
SIM1
SIM2
SIM3
SIM4
1
21
22
SIM5
SIM1
SIM2
SIM3
SIM4
1
21
22
SIM5
SIM1
SIM2
SIM3
SIM4
1
21
22
SIM5
SIM1
SIM2
SIM3
SIM4
1
21
22
SIM5
SIM1
SIM2
SIM3
SIM4
1
21
22
SIM5
SIM1
SIM2
SIM3
SIM4
1
21
22
SIM5
SIM1
SIM2
SIM3
SIM4
1
21
22
SIM5
SIM1
SIM2
SIM3
SIM4
1
21
22
SIM5
SIM1
SIM2
SIM3
SIM4
1
21
22
SIM5
SIM1
SIM2
SIM3
SIM4
1
21
22
SIM5
SIM1
SIM2
SIM3
SIM4
1
21
22
SIM5
SIM1
SIM2
SIM3
SIM4
1
21
22
SIM5
SIM1
SIM2
SIM3
SIM4
1
21
22
SIM5
SIM1
SIM2
SIM3
SIM4
1
21
22
SIM5
SIM1
SIM2
SIM3
SIM4
1
21
22
SIM5
SIM1
SIM2
SIM3
SIM4
1
21
22
SIM5
SIM1
SIM2
SIM3
SIM4
1
21
22
SIM5
SIM1
SIM2
SIM3
SIM4
1
21
22
SIM5
SIM1
SIM2
SIM3
SIM4
1
21
22
SIM5
SIM1
SIM2
SIM3
SIM4
1
21
22
SIM5
SIM1
SIM2
SIM3
SIM4
1
21
22
SIM5
SIM1
SIM2
SIM3
SIM4
1
21
22
SIM5
SIM1
SIM2
SIM3
SIM4
1
21
22
SIM5
SIM1
SIM2
SIM3
SIM4
1
21
22
SIM5
SIM1
SIM2
SIM3
SIM4
1
21
22
SIM5
SIM1
SIM2
SIM3
SIM4
1
21
22
SIM5
SIM1
SIM2
SIM3
SIM4
1
21
22
SIM5
SIM1
SIM2
SIM3
SIM4
1
21
22
SIM5
SIM1
SIM2
SIM3
SIM4
1
21
22
SIM5
SIM1
SIM2
SIM3
SIM4
1
21
22
SIM5
SIM1
SIM2
SIM3
SIM4
1
21
22
SIM5
SIM1
SIM2
SIM3
SIM4
1
21
22
SIM5
SIM1
SIM2
SIM3
SIM4
1
21
22
SIM5
SIM1
SIM2
SIM3
SIM4
1
21
22
SIM5
SIM1
SIM2
SIM3
SIM4
1
21
22
SIM5
SIM1
SIM2
SIM3
SIM4
1
21
22
SIM5
SIM1
SIM2
SIM3
SIM4
1
21
22
SIM5
SIM1
SIM2
SIM3
SIM4
1
21
22
SIM5
SIM1
SIM2
SIM3
SIM4
1
21
22
SIM5
SIM1
SIM2
SIM3
SIM4
1
21
22
SIM5
SIM1
SIM2
SIM3
SIM4
1
21
22
SIM5
SIM1
SIM2
SIM3
SIM4
1
21
22
SIM5
SIM1
SIM2
SIM3
SIM4
1
21
22
SIM5
SIM1
SIM2
SIM3
SIM4
1
21
22
SIM5
SIM1
SIM2
SIM3
SIM4
1
21
22
SIM5
SIM1
SIM2
SIM3
SIM4
1
21
22
SIM5
SIM1
SIM2
SIM3
SIM4
1
21
22
SIM5
SIM1
SIM2
SIM3
SIM4
1
21
22
SIM5
SIM1
SIM2
SIM3
SIM4
1
21
22
SIM5
SIM1
SIM2
SIM3
SIM4
1
21
22
SIM5
SIM1
SIM2
SIM3
SIM4
1
21
22
SIM5
SIM1
SIM2
SIM3
SIM4
1
21
22
SIM5
SIM1
SIM2
SIM3
SIM4
1
21
22
SIM5
SIM1
SIM2
SIM3
SIM4
1
21
22
SIM5
SIM1
SIM2
SIM3
SIM4
1
21
22
SIM5
SIM1
SIM2
SIM3
SIM4
1
21
22
SIM5
SIM1
SIM2
SIM3
SIM4
1
21
22
SIM5
SIM1
SIM2
SIM3
SIM4
1
21
22
SIM5
SIM1
SIM2
SIM3
SIM4
1
21
22
SIM5
SIM1
SIM2
SIM3
SIM4
1
21
22
SIM5
SIM1
SIM2
SIM3
SIM4
1
21
22
SIM5
SIM1
SIM2
SIM3
SIM4
1
21
22
SIM5
SIM1
SIM2
SIM3
SIM4
1
21
22
SIM5
SIM1
SIM2
SIM3
SIM4
1
21
22
SIM5
SIM1
SIM2
SIM3
SIM4
1
21
22
SIM5
SIM1
SIM2
SIM3
SIM4
1
21
22
SIM5
SIM1
SIM2
SIM3
SIM4
1
21
22
SIM5
SIM1
SIM2
SIM3
SIM4
1
21
22
SIM5
SIM1
SIM2
SIM3
SIM4
1
21
22
SIM5
SIM1
SIM2
SIM3
SIM4
1
21
22
SIM5
SIM1
SIM2
SIM3
SIM4
1
21
22
SIM5
SIM1
SIM2
SIM3
SIM4
1
21
22
SIM5
SIM1
SIM2
SIM3
SIM4
1
21
22
SIM5
SIM1
SIM2
SIM3
SIM4
1
21
22
SIM5
SIM1
SIM2
SIM3
SIM4
1
21
22
SIM5
SIM1
SIM2
SIM3
SIM4
1
21
22
SIM5
SIM1
SIM2
SIM3
SIM4
1
21
22
SIM5
SIM1
SIM2
SIM3
SIM4
1
21
22
SIM5
SIM1
SIM2
SIM3
SIM4
1
21
22
SIM5
SIM1
SIM2
SIM3
SIM4
1
21
22
SIM5
SIM1
SIM2
SIM3
SIM4
1
21
22
SIM5
SIM1
SIM2
SIM3
SIM4
1
21
22
SIM5
SIM1
SIM2
SIM3
SIM4
1
21
22
SIM5
SIM1
SIM2
SIM3
SIM4
1
21
22
SIM5
SIM1
SIM2
SIM3
SIM4
1
21
22
SIM5
SIM1
SIM2
SIM3
SIM4
1
21
22
SIM5
SIM1
SIM2
SIM3
SIM4
1
21
22
SIM5
SIM1
SIM2
SIM3
SIM4
1
21
22
SIM5
SIM1
SIM2
SIM3
SIM4
1
21
22
SIM5
SIM1
SIM2
SIM3
SIM4
1
21
22
SIM5
SIM1
SIM2
SIM3
SIM4
1
21
22
SIM5
SIM1
SIM2
SIM3
SIM4
1
21
22
SIM5
SIM1
SIM2
SIM3
SIM4
1
21
22
SIM5
SIM1
SIM2
SIM3
SIM4
1
21
22
SIM5
SIM1
SIM2
DEBUG 1 257
SIM1
SIM2
SIM3
SIM4
1
21
22
SIM5
SIM1
SIM2
SIM3
SIM4
1
21
22
SIM5
SIM1
SIM2
SIM3
SIM4
1
21
22
SIM5
SIM1
SIM2
SIM3
SIM4
1
21
22
SIM5
SIM1
SIM2
SIM3
SIM4
1
21
22
SIM5
SIM1
SIM2
SIM3
SIM4
1
21
22
SIM5
SIM1
SIM2
SIM3
SIM4
1
21
22
SIM5
SIM1
SIM2
SIM3
SIM4
1
21
22
SIM5
SIM1
SIM2
SIM3
SIM4
1
21
22
SIM5
SIM1
SIM2
SIM3
SIM4
1
21
22
SIM5
SIM1
SIM2
SIM3
SIM4
1
21
22
SIM5
SIM1
SIM2
SIM3
SIM4
1
21
22
SIM5
SIM1
SIM2
SIM3
SIM4
1
21
22
SIM5
SIM1
SIM2
SIM3
SIM4
1
21
22
SIM5
SIM1
SIM2
SIM3
SIM4
1
21
22
SIM5
SIM1
SIM2
SIM3
SIM4
1
21
22
SIM5
SIM1
SIM2
SIM3
SIM4
1
21
22
SIM5
SIM1
SIM2
SIM3
SIM4
1
21
22
SIM5
SIM1
SIM2
SIM3
SIM4
1
21
22
SIM5
SIM1
SIM2
SIM3
SIM4
1
21
22
SIM5
SIM1
SIM2
SIM3
SIM4
1
21
22
SIM5
SIM1
SIM2
SIM3
SIM4
1
21
22
SIM5
SIM1
SIM2
SIM3
SIM4
1
21
22
SIM5
SIM1
SIM2
SIM3
SIM4
1
21
22
SIM5
SIM1
SIM2
SIM3
SIM4
1
21
22
SIM5
SIM1
SIM2
SIM3
SIM4
1
21
22
SIM5
SIM1
SIM2
SIM3
SIM4
1
21
22
SIM5
SIM1
SIM2
SIM3
SIM4
1
21
22
SIM5
SIM1
SIM2
SIM3
SIM4
1
21
22
SIM5
SIM1
SIM2
SIM3
SIM4
1
21
22
SIM5
SIM1
SIM2
SIM3
SIM4
1
21
22
SIM5
SIM1
SIM2
SIM3
SIM4
1
21
22
SIM5
SIM1
SIM2
SIM3
SIM4
1
21
22
SIM5
SIM1
SIM2
SIM3
SIM4
1
21
22
SIM5
SIM1
SIM2
SIM3
SIM4
1
21
22
SIM5
SIM1
SIM2
SIM3
SIM4
1
21
22
SIM5
SIM1
SIM2
SIM3
SIM4
1
21
22
SIM5
SIM1
SIM2
SIM3
SIM4
1
21
22
SIM5
SIM1
SIM2
SIM3
SIM4
1
21
22
SIM5
SIM1
SIM2
SIM3
SIM4
1
21
22
SIM5
SIM1
SIM2
SIM3
SIM4
1
21
22
SIM5
SIM1
SIM2
SIM3
SIM4
1
21
22
SIM5
SIM1
SIM2
SIM3
SIM4
1
21
22
SIM5
SIM1
SIM2
SIM3
SIM4
1
21
22
SIM5
SIM1
SIM2
SIM3
SIM4
1
21
22
SIM5
SIM1
SIM2
SIM3
SIM4
1
21
22
SIM5
SIM1
SIM2
SIM3
SIM4
1
21
22
SIM5
SIM1
SIM2
SIM3
SIM4
1
21
22
SIM5
SIM1
SIM2
SIM3
SIM4
1
21
22
SIM5
SIM1
SIM2
SIM3
SIM4
1
21
22
SIM5
SIM1
SIM2
SIM3
SIM4
1
21
22
SIM5
SIM1
SIM2
SIM3
SIM4
1
21
22
SIM5
SIM1
SIM2
SIM3
SIM4
1
21
22
SIM5
SIM1
SIM2
SIM3
SIM4
1
21
22
SIM5
SIM1
SIM2
SIM3
SIM4
1
21
22
SIM5
SIM1
SIM2
SIM3
SIM4
1
21
22
SIM5
SIM1
SIM2
SIM3
SIM4
1
21
22
SIM5
SIM1
SIM2
SIM3
SIM4
1
21
22
SIM5
SIM1
SIM2
SIM3
SIM4
1
21
22
SIM5
SIM1
SIM2
SIM3
SIM4
1
21
22
SIM5
SIM1
SIM2
SIM3
SIM4
1
21
22
SIM5
SIM1
SIM2
SIM3
SIM4
1
21
22
SIM5
SIM1
SIM2
SIM3
SIM4
1
21
22
SIM5
SIM1
SIM2
SIM3
SIM4
1
21
22
SIM5
SIM1
SIM2
SIM3
SIM4
1
21
22
SIM5
SIM1
SIM2
SIM3
SIM4
1
21
22
SIM5
SIM1
SIM2
SIM3
SIM4
1
21
22
SIM5
SIM1
SIM2
SIM3
SIM4
1
21
22
SIM5
SIM1
SIM2
SIM3
SIM4
1
21
22
SIM5
SIM1
SIM2
SIM3
SIM4
1
21
22
SIM5
SIM1
SIM2
SIM3
SIM4
1
21
22
SIM5
SIM1
SIM2
SIM3
SIM4
1
21
22
SIM5
SIM1
SIM2
SIM3
SIM4
1
21
22
SIM5
SIM1
SIM2
SIM3
SIM4
1
21
22
SIM5
SIM1
SIM2
SIM3
SIM4
1
21
22
SIM5
SIM1
SIM2
SIM3
SIM4
1
21
22
SIM5
SIM1
SIM2
SIM3
SIM4
1
21
22
SIM5
SIM1
SIM2
SIM3
SIM4
1
21
22
SIM5
SIM1
SIM2
SIM3
SIM4
1
21
22
SIM5
SIM1
SIM2
SIM3
SIM4
1
21
22
SIM5
SIM1
SIM2
SIM3
SIM4
1
21
22
SIM5
SIM1
SIM2
SIM3
SIM4
1
21
22
SIM5
SIM1
SIM2
SIM3
SIM4
1
21
22
SIM5
SIM1
SIM2
SIM3
SIM4
1
21
22
SIM5
SIM1
SIM2
SIM3
SIM4
1
21
22
SIM5
SIM1
SIM2
SIM3
SIM4
1
21
22
SIM5
SIM1
SIM2
SIM3
SIM4
1
21
22
SIM5
SIM1
SIM2
SIM3
SIM4
1
21
22
SIM5
SIM1
SIM2
SIM3
SIM4
1
21
22
SIM5
SIM1
SIM2
SIM3
SIM4
1
21
22
SIM5
SIM1
SIM2
SIM3
SIM4
1
21
22
SIM5
SIM1
SIM2
SIM3
SIM4
1
21
22
SIM5
SIM1
SIM2
SIM3
SIM4
1
21
22
SIM5
SIM1
SIM2
SIM3
SIM4
1
21
22
SIM5
SIM1
SIM2
SIM3
SIM4
1
21
22
SIM5
SIM1
SIM2
SIM3
SIM4
1
21
22
SIM5
SIM1
SIM2
SIM3
SIM4
1
21
22
SIM5
SIM1
SIM2
SIM3
SIM4
1
21
22
SIM5
SIM1
SIM2
SIM3
SIM4
1
21
22
SIM5
SIM1
SIM2
SIM3
SIM4
1
21
22
SIM5
SIM1
SIM2
SIM3
SIM4
1
21
22
SIM5
SIM1
SIM2
SIM3
SIM4
1
21
22
SIM5
SIM1
SIM2
SIM3
SIM4
1
21
22
SIM5
SIM1
SIM2
SIM3
SIM4
1
21
22
SIM5
SIM1
SIM2
SIM3
SIM4
1
21
22
SIM5
SIM1
SIM2
SIM3
SIM4
1
21
22
SIM5
SIM1
SIM2
SIM3
SIM4
1
21
22
SIM5
SIM1
SIM2
SIM3
SIM4
1
21
22
SIM5
SIM1
SIM2
SIM3
SIM4
1
21
22
SIM5
SIM1
SIM2
DEBUG 1 258
SIM1
SIM2
SIM3
SIM4
1
21
22
SIM5
SIM1
SIM2
SIM3
SIM4
1
21
22
SIM5
SIM1
SIM2
SIM3
SIM4
1
21
22
SIM5
SIM1
SIM2
SIM3
SIM4
1
21
22
SIM5
SIM1
SIM2
SIM3
SIM4
1
21
22
SIM5
SIM1
SIM2
SIM3
SIM4
1
21
22
SIM5
SIM1
SIM2
SIM3
SIM4
1
21
22
SIM5
SIM1
SIM2
SIM3
SIM4
1
21
22
SIM5
SIM1
SIM2
SIM3
SIM4
1
21
22
SIM5
SIM1
SIM2
SIM3
SIM4
1
21
22
SIM5
SIM1
SIM2
SIM3
SIM4
1
21
22
SIM5
SIM1
SIM2
SIM3
SIM4
1
21
22
SIM5
SIM1
SIM2
SIM3
SIM4
1
21
22
SIM5
SIM1
SIM2
SIM3
SIM4
1
21
22
SIM5
SIM1
SIM2
SIM3
SIM4
1
21
22
SIM5
SIM1
SIM2
SIM3
SIM4
1
21
22
SIM5
SIM1
SIM2
SIM3
SIM4
1
21
22
SIM5
SIM1
SIM2
SIM3
SIM4
1
21
22
SIM5
SIM1
SIM2
SIM3
SIM4
1
21
22
SIM5
SIM1
SIM2
SIM3
SIM4
1
21
22
SIM5
SIM1
SIM2
SIM3
SIM4
1
21
22
SIM5
SIM1
SIM2
SIM3
SIM4
1
21
22
SIM5
SIM1
SIM2
SIM3
SIM4
1
21
22
SIM5
SIM1
SIM2
SIM3
SIM4
1
21
22
SIM5
SIM1
SIM2
SIM3
SIM4
1
21
22
SIM5
SIM1
SIM2
SIM3
SIM4
1
21
22
SIM5
SIM1
SIM2
SIM3
SIM4
1
21
22
SIM5
SIM1
SIM2
SIM3
SIM4
1
21
22
SIM5
SIM1
SIM2
SIM3
SIM4
1
21
22
SIM5
SIM1
SIM2
SIM3
SIM4
1
21
22
SIM5
SIM1
SIM2
SIM3
SIM4
1
21
22
SIM5
SIM1
SIM2
SIM3
SIM4
1
21
22
SIM5
SIM1
SIM2
SIM3
SIM4
1
21
22
SIM5
SIM1
SIM2
SIM3
SIM4
1
21
22
SIM5
SIM1
SIM2
SIM3
SIM4
1
21
22
SIM5
SIM1
SIM2
SIM3
SIM4
1
21
22
SIM5
SIM1
SIM2
SIM3
SIM4
1
21
22
SIM5
SIM1
SIM2
SIM3
SIM4
1
21
22
SIM5
SIM1
SIM2
SIM3
SIM4
1
21
22
SIM5
SIM1
SIM2
SIM3
SIM4
1
21
22
SIM5
SIM1
SIM2
SIM3
SIM4
1
21
22
SIM5
SIM1
SIM2
SIM3
SIM4
1
21
22
SIM5
SIM1
SIM2
SIM3
SIM4
1
21
22
SIM5
SIM1
SIM2
SIM3
SIM4
1
21
22
SIM5
SIM1
SIM2
SIM3
SIM4
1
21
22
SIM5
SIM1
SIM2
SIM3
SIM4
1
21
22
SIM5
SIM1
SIM2
SIM3
SIM4
1
21
22
SIM5
SIM1
SIM2
SIM3
SIM4
1
21
22
SIM5
SIM1
SIM2
SIM3
SIM4
1
21
22
SIM5
SIM1
SIM2
SIM3
SIM4
1
21
22
SIM5
SIM1
SIM2
SIM3
SIM4
1
21
22
SIM5
SIM1
SIM2
SIM3
SIM4
1
21
22
SIM5
SIM1
SIM2
SIM3
SIM4
1
21
22
SIM5
SIM1
SIM2
SIM3
SIM4
1
21
22
SIM5
SIM1
SIM2
SIM3
SIM4
1
21
22
SIM5
SIM1
SIM2
SIM3
SIM4
1
21
22
SIM5
SIM1
SIM2
SIM3
SIM4
1
21
22
SIM5
SIM1
SIM2
SIM3
SIM4
1
21
22
SIM5
SIM1
SIM2
SIM3
SIM4
1
21
22
SIM5
SIM1
SIM2
SIM3
SIM4
1
21
22
SIM5
SIM1
SIM2
SIM3
SIM4
1
21
22
SIM5
SIM1
SIM2
SIM3
SIM4
1
21
22
SIM5
SIM1
SIM2
SIM3
SIM4
1
21
22
SIM5
SIM1
SIM2
SIM3
SIM4
1
21
22
SIM5
SIM1
SIM2
SIM3
SIM4
1
21
22
SIM5
SIM1
SIM2
SIM3
SIM4
1
21
22
SIM5
SIM1
SIM2
SIM3
SIM4
1
21
22
SIM5
SIM1
SIM2
SIM3
SIM4
1
21
22
SIM5
SIM1
SIM2
SIM3
SIM4
1
21
22
SIM5
SIM1
SIM2
SIM3
SIM4
1
21
22
SIM5
SIM1
SIM2
SIM3
SIM4
1
21
22
SIM5
SIM1
SIM2
SIM3
SIM4
1
21
22
SIM5
SIM1
SIM2
SIM3
SIM4
1
21
22
SIM5
SIM1
SIM2
SIM3
SIM4
1
21
22
SIM5
SIM1
SIM2
SIM3
SIM4
1
21
22
SIM5
SIM1
SIM2
SIM3
SIM4
1
21
22
SIM5
SIM1
SIM2
SIM3
SIM4
1
21
22
SIM5
SIM1
SIM2
SIM3
SIM4
1
21
22
SIM5
SIM1
SIM2
SIM3
SIM4
1
21
22
SIM5
SIM1
SIM2
SIM3
SIM4
1
21
22
SIM5
SIM1
SIM2
SIM3
SIM4
1
21
22
SIM5
SIM1
SIM2
SIM3
SIM4
1
21
22
SIM5
SIM1
SIM2
SIM3
SIM4
1
21
22
SIM5
SIM1
SIM2
SIM3
SIM4
1
21
22
SIM5
SIM1
SIM2
SIM3
SIM4
1
21
22
SIM5
SIM1
SIM2
SIM3
SIM4
1
21
22
SIM5
SIM1
SIM2
SIM3
SIM4
1
21
22
SIM5
SIM1
SIM2
SIM3
SIM4
1
21
22
SIM5
SIM1
SIM2
SIM3
SIM4
1
21
22
SIM5
SIM1
SIM2
SIM3
SIM4
1
21
22
SIM5
SIM1
SIM2
SIM3
SIM4
1
21
22
SIM5
SIM1
SIM2
SIM3
SIM4
1
21
22
SIM5
SIM1
SIM2
SIM3
SIM4
1
21
22
SIM5
SIM1
SIM2
SIM3
SIM4
1
21
22
SIM5
SIM1
SIM2
SIM3
SIM4
1
21
22
SIM5
SIM1
SIM2
SIM3
SIM4
1
21
22
SIM5
SIM1
SIM2
SIM3
SIM4
1
21
22
SIM5
SIM1
SIM2
SIM3
SIM4
1
21
22
SIM5
SIM1
SIM2
DEBUG 1 259
SIM1
SIM2
SIM3
SIM4
1
21
22
SIM5
SIM1
SIM2
SIM3
SIM4
1
21
22
SIM5
SIM1
SIM2
SIM3
SIM4
1
21
22
SIM5
SIM1
SIM2
SIM3
SIM4
1
21
22
SIM5
SIM1
SIM2
SIM3
SIM4
1
21
22
SIM5
SIM1
SIM2
SIM3
SIM4
1
21
22
SIM5
SIM1
SIM2
SIM3
SIM4
1
21
22
SIM5
SIM1
SIM2
SIM3
SIM4
1
21
22
SIM5
SIM1
SIM2
SIM3
SIM4
1
21
22
SIM5
SIM1
SIM2
SIM3
SIM4
1
21
22
SIM5
SIM1
SIM2
SIM3
SIM4
1
21
22
SIM5
SIM1
SIM2
SIM3
SIM4
1
21
22
SIM5
SIM1
SIM2
SIM3
SIM4
1
21
22
SIM5
SIM1
SIM2
SIM3
SIM4
1
21
22
SIM5
SIM1
SIM2
SIM3
SIM4
1
21
22
SIM5
SIM1
SIM2
SIM3
SIM4
1
21
22
SIM5
SIM1
SIM2
SIM3
SIM4
1
21
22
SIM5
SIM1
SIM2
SIM3
SIM4
1
21
22
SIM5
SIM1
SIM2
SIM3
SIM4
1
21
22
SIM5
SIM1
SIM2
SIM3
SIM4
1
21
22
SIM5
SIM1
SIM2
SIM3
SIM4
1
21
22
SIM5
SIM1
SIM2
SIM3
SIM4
1
21
22
SIM5
SIM1
SIM2
SIM3
SIM4
1
21
22
SIM5
SIM1
SIM2
SIM3
SIM4
1
21
22
SIM5
SIM1
SIM2
SIM3
SIM4
1
21
22
SIM5
SIM1
SIM2
SIM3
SIM4
1
21
22
SIM5
SIM1
SIM2
SIM3
SIM4
1
21
22
SIM5
SIM1
SIM2
SIM3
SIM4
1
21
22
SIM5
SIM1
SIM2
SIM3
SIM4
1
21
22
SIM5
SIM1
SIM2
SIM3
SIM4
1
21
22
SIM5
SIM1
SIM2
SIM3
SIM4
1
21
22
SIM5
SIM1
SIM2
SIM3
SIM4
1
21
22
SIM5
SIM1
SIM2
SIM3
SIM4
1
21
22
SIM5
SIM1
SIM2
SIM3
SIM4
1
21
22
SIM5
SIM1
SIM2
SIM3
SIM4
1
21
22
SIM5
SIM1
SIM2
SIM3
SIM4
1
21
22
SIM5
SIM1
SIM2
SIM3
SIM4
1
21
22
SIM5
SIM1
SIM2
SIM3
SIM4
1
21
22
SIM5
SIM1
SIM2
SIM3
SIM4
1
21
22
SIM5
SIM1
SIM2
SIM3
SIM4
1
21
22
SIM5
SIM1
SIM2
SIM3
SIM4
1
21
22
SIM5
SIM1
SIM2
SIM3
SIM4
1
21
22
SIM5
SIM1
SIM2
SIM3
SIM4
1
21
22
SIM5
SIM1
SIM2
SIM3
SIM4
1
21
22
SIM5
SIM1
SIM2
SIM3
SIM4
1
21
22
SIM5
SIM1
SIM2
SIM3
SIM4
1
21
22
SIM5
SIM1
SIM2
SIM3
SIM4
1
21
22
SIM5
SIM1
SIM2
SIM3
SIM4
1
21
22
SIM5
SIM1
SIM2
SIM3
SIM4
1
21
22
SIM5
SIM1
SIM2
SIM3
SIM4
1
21
22
SIM5
SIM1
SIM2
SIM3
SIM4
1
21
22
SIM5
SIM1
SIM2
SIM3
SIM4
1
21
22
SIM5
SIM1
SIM2
SIM3
SIM4
1
21
22
SIM5
SIM1
SIM2
SIM3
SIM4
1
21
22
SIM5
SIM1
SIM2
SIM3
SIM4
1
21
22
SIM5
SIM1
SIM2
SIM3
SIM4
1
21
22
SIM5
SIM1
SIM2
SIM3
SIM4
1
21
22
SIM5
SIM1
SIM2
SIM3
SIM4
1
21
22
SIM5
SIM1
SIM2
SIM3
SIM4
1
21
22
SIM5
SIM1
SIM2
SIM3
SIM4
1
21
22
SIM5
SIM1
SIM2
SIM3
SIM4
1
21
22
SIM5
SIM1
SIM2
SIM3
SIM4
1
21
22
SIM5
SIM1
SIM2
SIM3
SIM4
1
21
22
SIM5
SIM1
SIM2
SIM3
SIM4
1
21
22
SIM5
SIM1
SIM2
SIM3
SIM4
1
21
22
SIM5
SIM1
SIM2
SIM3
SIM4
1
21
22
SIM5
SIM1
SIM2
SIM3
SIM4
1
21
22
SIM5
SIM1
SIM2
SIM3
SIM4
1
21
22
SIM5
SIM1
SIM2
SIM3
SIM4
1
21
22
SIM5
SIM1
SIM2
SIM3
SIM4
1
21
22
SIM5
SIM1
SIM2
SIM3
SIM4
1
21
22
SIM5
SIM1
SIM2
SIM3
SIM4
1
21
22
SIM5
SIM1
SIM2
SIM3
SIM4
1
21
22
SIM5
SIM1
SIM2
SIM3
SIM4
1
21
22
SIM5
SIM1
SIM2
SIM3
SIM4
1
21
22
SIM5
SIM1
SIM2
SIM3
SIM4
1
21
22
SIM5
SIM1
SIM2
SIM3
SIM4
1
21
22
SIM5
SIM1
SIM2
SIM3
SIM4
1
21
22
SIM5
SIM1
SIM2
SIM3
SIM4
1
21
22
SIM5
SIM1
SIM2
SIM3
SIM4
1
21
22
SIM5
SIM1
SIM2
SIM3
SIM4
1
21
22
SIM5
SIM1
SIM2
SIM3
SIM4
1
21
22
SIM5
SIM1
SIM2
SIM3
SIM4
1
21
22
SIM5
SIM1
SIM2
SIM3
SIM4
1
21
22
SIM5
SIM1
SIM2
SIM3
SIM4
1
21
22
SIM5
SIM1
SIM2
SIM3
SIM4
1
21
22
SIM5
SIM1
SIM2
SIM3
SIM4
1
21
22
SIM5
SIM1
SIM2
SIM3
SIM4
1
21
22
SIM5
SIM1
SIM2
SIM3
SIM4
1
21
22
SIM5
SIM1
SIM2
SIM3
SIM4
1
21
22
SIM5
SIM1
SIM2
SIM3
SIM4
1
21
22
SIM5
SIM1
SIM2
SIM3
SIM4
1
21
22
SIM5
SIM1
SIM2
SIM3
SIM4
1
21
22
SIM5
SIM1
SIM2
SIM3
SIM4
1
21
22
SIM5
SIM1
SIM2
SIM3
SIM4
1
21
22
SIM5
SIM1
SIM2
SIM3
SIM4
1
21
22
SIM5
SIM1
SIM2
SIM3
SIM4
1
21
22
SIM5
SIM1
SIM2
SIM3
SIM4
1
21
22
SIM5
SIM1
SIM2
SIM3
SIM4
1
21
22
SIM5
SIM1
SIM2
SIM3
SIM4
1
21
22
SIM5
SIM1
SIM2
SIM3
SIM4
1
21
22
SIM5
SIM1
SIM2
SIM3
SIM4
1
21
22
SIM5
SIM1
SIM2
SIM3
SIM4
1
21
22
SIM5
SIM1
SIM2
SIM3
SIM4
1
21
22
SIM5
SIM1
SIM2
SIM3
SIM4
1
21
22
SIM5
SIM1
SIM2
SIM3
SIM4
1
21
22
SIM5
SIM1
SIM2
SIM3
SIM4
1
21
22
SIM5
SIM1
SIM2
SIM3
SIM4
1
21
22
SIM5
SIM1
SIM2
SIM3
SIM4
1
21
22
SIM5
SIM1
SIM2
SIM3
SIM4
1
21
22
SIM5
SIM1
SIM2
SIM3
SIM4
1
21
22
SIM5
SIM1
SIM2
SIM3
SIM4
1
21
22
SIM5
SIM1
SIM2
SIM3
SIM4
1
21
22
SIM5
SIM1
SIM2
SIM3
SIM4
1
21
22
SIM5
SIM1
SIM2
SIM3
SIM4
1
21
22
SIM5
SIM1
SIM2
SIM3
SIM4
1
21
22
SIM5
SIM1
SIM2
SIM3
SIM4
1
21
22
SIM5
SIM1
SIM2
SIM3
SIM4
1
21
22
SIM5
SIM1
SIM2
SIM3
SIM4
1
21
22
SIM5
SIM1
SIM2
SIM3
SIM4
1
21
22
SIM5
SIM1
SIM2
SIM3
SIM4
1
21
22
SIM5
SIM1
SIM2
SIM3
SIM4
1
21
22
SIM5
SIM1
SIM2
SIM3
SIM4
1
21
22
SIM5
SIM1
SIM2
SIM3
SIM4
1
21
22
SIM5
SIM1
SIM2
SIM3
SIM4
1
21
22
SIM5
SIM1
SIM2
SIM3
SIM4
1
21
22
SIM5
SIM1
SIM2
SIM3
SIM4
1
21
22
SIM5
SIM1
SIM2
SIM3
SIM4
1
21
22
SIM5
SIM1
SIM2
SIM3
SIM4
1
21
22
SIM5
SIM1
SIM2
SIM3
SIM4
1
21
22
SIM5
SIM1
SIM2
SIM3
SIM4
1
21
22
SIM5
SIM1
SIM2
SIM3
SIM4
1
21
22
SIM5
SIM1
SIM2
SIM3
SIM4
1
21
22
SIM5
SIM1
SIM2
SIM3
SIM4
1
21
22
SIM5
SIM1
SIM2
SIM3
SIM4
1
21
22
SIM5
SIM1
SIM2
SIM3
SIM4
1
21
22
SIM5
SIM1
SIM2
SIM3
SIM4
1
21
22
SIM5
SIM1
SIM2
SIM3
SIM4
1
21
22
SIM5
SIM1
SIM2
SIM3
SIM4
1
21
22
SIM5
SIM1
SIM2
SIM3
SIM4
1
21
22
SIM5
SIM1
SIM2
SIM3
SIM4
1
21
22
SIM5
SIM1
SIM2
SIM3
SIM4
1
21
22
SIM5
SIM1
SIM2
SIM3
SIM4
1
21
22
SIM5
SIM1
SIM2
SIM3
SIM4
1
21
22
SIM5
SIM1
SIM2
SIM3
SIM4
1
21
22
SIM5
SIM1
SIM2
SIM3
SIM4
1
21
22
SIM5
SIM1
SIM2
SIM3
SIM4
1
21
22
SIM5
SIM1
SIM2
SIM3
SIM4
1
21
22
SIM5
SIM1
SIM2
SIM3
SIM4
1
21
22
SIM5
SIM1
SIM2
SIM3
SIM4
1
21
22
SIM5
SIM1
SIM2
SIM3
SIM4
1
21
22
SIM5
SIM1
SIM2
SIM3
SIM4
1
21
22
SIM5
SIM1
SIM2
SIM3
SIM4
1
21
22
SIM5
SIM1
SIM2
SIM3
SIM4
1
21
22
SIM5
SIM1
SIM2
SIM3
SIM4
1
21
22
SIM5
SIM1
SIM2
SIM3
SIM4
1
21
22
SIM5
SIM1
SIM2
SIM3
SIM4
1
21
22
SIM5
SIM1
SIM2
SIM3
SIM4
1
21
22
SIM5
SIM1
SIM2
SIM3
SIM4
1
21
22
SIM5
SIM1
SIM2
SIM3
SIM4
1
21
22
SIM5
SIM1
SIM2
SIM3
SIM4
1
21
22
SIM5
SIM1
SIM2
SIM3
SIM4
1
21
22
SIM5
SIM1
SIM2
SIM3
SIM4
1
21
22
SIM5
SIM1
SIM2
SIM3
SIM4
1
21
22
SIM5
SIM1
SIM2
SIM3
SIM4
1
21
22
SIM5
SIM1
SIM2
SIM3
SIM4
1
21
22
SIM5
SIM1
SIM2
SIM3
SIM4
1
21
22
SIM5
SIM1
SIM2
SIM3
SIM4
1
21
22
SIM5
SIM1
SIM2
SIM3
SIM4
1
21
22
SIM5
SIM1
SIM2
DEBUG 1 260
SIM1
SIM2
SIM3
SIM4
1
21
22
SIM5
SIM1
SIM2
SIM3
SIM4
1
21
22
SIM5
SIM1
SIM2
SIM3
SIM4
1
21
22
SIM5
SIM1
SIM2
SIM3
SIM4
1
21
22
SIM5
SIM1
SIM2
SIM3
SIM4
1
21
22
SIM5
SIM1
SIM2
SIM3
SIM4
1
21
22
SIM5
SIM1
SIM2
SIM3
SIM4
1
21
22
SIM5
SIM1
SIM2
SIM3
SIM4
1
21
22
SIM5
SIM1
SIM2
SIM3
SIM4
1
21
22
SIM5
SIM1
SIM2
SIM3
SIM4
1
21
22
SIM5
SIM1
SIM2
SIM3
SIM4
1
21
22
SIM5
SIM1
SIM2
SIM3
SIM4
1
21
22
SIM5
SIM1
SIM2
SIM3
SIM4
1
21
22
SIM5
SIM1
SIM2
SIM3
SIM4
1
21
22
SIM5
SIM1
SIM2
SIM3
SIM4
1
21
22
SIM5
SIM1
SIM2
SIM3
SIM4
1
21
22
SIM5
SIM1
SIM2
SIM3
SIM4
1
21
22
SIM5
SIM1
SIM2
SIM3
SIM4
1
21
22
SIM5
SIM1
SIM2
SIM3
SIM4
1
21
22
SIM5
SIM1
SIM2
SIM3
SIM4
1
21
22
SIM5
SIM1
SIM2
SIM3
SIM4
1
21
22
SIM5
SIM1
SIM2
SIM3
SIM4
1
21
22
SIM5
SIM1
SIM2
SIM3
SIM4
1
21
22
SIM5
SIM1
SIM2
SIM3
SIM4
1
21
22
SIM5
SIM1
SIM2
SIM3
SIM4
1
21
22
SIM5
SIM1
SIM2
SIM3
SIM4
1
21
22
SIM5
SIM1
SIM2
SIM3
SIM4
1
21
22
SIM5
SIM1
SIM2
SIM3
SIM4
1
21
22
SIM5
SIM1
SIM2
SIM3
SIM4
1
21
22
SIM5
SIM1
SIM2
SIM3
SIM4
1
21
22
SIM5
SIM1
SIM2
SIM3
SIM4
1
21
22
SIM5
SIM1
SIM2
SIM3
SIM4
1
21
22
SIM5
SIM1
SIM2
SIM3
SIM4
1
21
22
SIM5
SIM1
SIM2
SIM3
SIM4
1
21
22
SIM5
SIM1
SIM2
SIM3
SIM4
1
21
22
SIM5
SIM1
SIM2
SIM3
SIM4
1
21
22
SIM5
SIM1
SIM2
SIM3
SIM4
1
21
22
SIM5
SIM1
SIM2
SIM3
SIM4
1
21
22
SIM5
SIM1
SIM2
SIM3
SIM4
1
21
22
SIM5
SIM1
SIM2
SIM3
SIM4
1
21
22
SIM5
SIM1
SIM2
SIM3
SIM4
1
21
22
SIM5
SIM1
SIM2
SIM3
SIM4
1
21
22
SIM5
SIM1
SIM2
SIM3
SIM4
1
21
22
SIM5
SIM1
SIM2
SIM3
SIM4
1
21
22
SIM5
SIM1
SIM2
SIM3
SIM4
1
21
22
SIM5
SIM1
SIM2
SIM3
SIM4
1
21
22
SIM5
SIM1
SIM2
SIM3
SIM4
1
21
22
SIM5
SIM1
SIM2
SIM3
SIM4
1
21
22
SIM5
SIM1
SIM2
SIM3
SIM4
1
21
22
SIM5
SIM1
SIM2
SIM3
SIM4
1
21
22
SIM5
SIM1
SIM2
SIM3
SIM4
1
21
22
SIM5
SIM1
SIM2
SIM3
SIM4
1
21
22
SIM5
SIM1
SIM2
SIM3
SIM4
1
21
22
SIM5
SIM1
SIM2
SIM3
SIM4
1
21
22
SIM5
SIM1
SIM2
SIM3
SIM4
1
21
22
SIM5
SIM1
SIM2
SIM3
SIM4
1
21
22
SIM5
SIM1
SIM2
SIM3
SIM4
1
21
22
SIM5
SIM1
SIM2
SIM3
SIM4
1
21
22
SIM5
SIM1
SIM2
SIM3
SIM4
1
21
22
SIM5
SIM1
SIM2
SIM3
SIM4
1
21
22
SIM5
SIM1
SIM2
SIM3
SIM4
1
21
22
SIM5
SIM1
SIM2
SIM3
SIM4
1
21
22
SIM5
SIM1
SIM2
SIM3
SIM4
1
21
22
SIM5
SIM1
SIM2
SIM3
SIM4
1
21
22
SIM5
SIM1
SIM2
SIM3
SIM4
1
21
22
SIM5
SIM1
SIM2
SIM3
SIM4
1
21
22
SIM5
SIM1
SIM2
SIM3
SIM4
1
21
22
SIM5
SIM1
SIM2
SIM3
SIM4
1
21
22
SIM5
SIM1
SIM2
SIM3
SIM4
1
21
22
SIM5
SIM1
SIM2
SIM3
SIM4
1
21
22
SIM5
SIM1
SIM2
SIM3
SIM4
1
21
22
SIM5
SIM1
SIM2
SIM3
SIM4
1
21
22
SIM5
SIM1
SIM2
SIM3
SIM4
1
21
22
SIM5
SIM1
SIM2
SIM3
SIM4
1
21
22
SIM5
SIM1
SIM2
SIM3
SIM4
1
21
22
SIM5
SIM1
SIM2
SIM3
SIM4
1
21
22
SIM5
SIM1
SIM2
SIM3
SIM4
1
21
22
SIM5
SIM1
SIM2
SIM3
SIM4
1
21
22
SIM5
SIM1
SIM2
SIM3
SIM4
1
21
22
SIM5
SIM1
SIM2
SIM3
SIM4
1
21
22
SIM5
SIM1
SIM2
SIM3
SIM4
1
21
22
SIM5
SIM1
SIM2
SIM3
SIM4
1
21
22
SIM5
SIM1
SIM2
SIM3
SIM4
1
21
22
SIM5
SIM1
SIM2
SIM3
SIM4
1
21
22
SIM5
SIM1
SIM2
SIM3
SIM4
1
21
22
SIM5
SIM1
SIM2
SIM3
SIM4
1
21
22
SIM5
SIM1
SIM2
SIM3
SIM4
1
21
22
SIM5
SIM1
SIM2
SIM3
SIM4
1
21
22
SIM5
SIM1
SIM2
SIM3
SIM4
1
21
22
SIM5
SIM1
SIM2
SIM3
SIM4
1
21
22
SIM5
SIM1
SIM2
SIM3
SIM4
1
21
22
SIM5
SIM1
SIM2
SIM3
SIM4
1
21
22
SIM5
SIM1
SIM2
SIM3
SIM4
1
21
22
SIM5
SIM1
SIM2
SIM3
SIM4
1
21
22
SIM5
SIM1
SIM2
SIM3
SIM4
1
21
22
SIM5
SIM1
SIM2
SIM3
SIM4
1
21
22
SIM5
SIM1
SIM2
SIM3
SIM4
1
21
22
SIM5
SIM1
SIM2
SIM3
SIM4
1
21
22
SIM5
SIM1
SIM2
SIM3
SIM4
1
21
22
SIM5
SIM1
SIM2
SIM3
SIM4
1
21
22
SIM5
SIM1
SIM2
SIM3
SIM4
1
21
22
SIM5
SIM1
SIM2
SIM3
SIM4
1
21
22
SIM5
SIM1
SIM2
SIM3
SIM4
1
21
22
SIM5
SIM1
SIM2
SIM3
SIM4
1
21
22
SIM5
SIM1
SIM2
SIM3
SIM4
1
21
22
SIM5
SIM1
SIM2
SIM3
SIM4
1
21
22
SIM5
SIM1
SIM2
SIM3
SIM4
1
21
22
SIM5
SIM1
SIM2
SIM3
SIM4
1
21
22
SIM5
SIM1
SIM2
SIM3
SIM4
1
21
22
SIM5
SIM1
SIM2
SIM3
SIM4
1
21
22
SIM5
SIM1
SIM2
SIM3
SIM4
1
21
22
SIM5
SIM1
SIM2
SIM3
SIM4
1
21
22
SIM5
SIM1
SIM2
SIM3
SIM4
1
21
22
SIM5
SIM1
SIM2
SIM3
SIM4
1
21
22
SIM5
SIM1
SIM2
SIM3
SIM4
1
21
22
SIM5
SIM1
SIM2
SIM3
SIM4
1
21
22
SIM5
SIM1
SIM2
SIM3
SIM4
1
21
22
SIM5
SIM1
SIM2
SIM3
SIM4
1
21
22
SIM5
SIM1
SIM2
SIM3
SIM4
1
21
22
SIM5
SIM1
SIM2
SIM3
SIM4
1
21
22
SIM5
SIM1
SIM2
SIM3
SIM4
1
21
22
SIM5
SIM1
SIM2
SIM3
SIM4
1
21
22
SIM5
SIM1
SIM2
SIM3
SIM4
1
21
22
SIM5
SIM1
SIM2
SIM3
SIM4
1
21
22
SIM5
SIM1
SIM2
SIM3
SIM4
1
21
22
SIM5
SIM1
SIM2
SIM3
SIM4
1
21
22
SIM5
SIM1
SIM2
SIM3
SIM4
1
21
22
SIM5
SIM1
SIM2
SIM3
SIM4
1
21
22
SIM5
SIM1
SIM2
SIM3
SIM4
1
21
22
SIM5
SIM1
SIM2
SIM3
SIM4
1
21
22
SIM5
SIM1
SIM2
SIM3
SIM4
1
21
22
SIM5
SIM1
SIM2
SIM3
SIM4
1
21
22
SIM5
SIM1
SIM2
SIM3
SIM4
1
21
22
SIM5
SIM1
SIM2
SIM3
SIM4
1
21
22
SIM5
SIM1
SIM2
SIM3
SIM4
1
21
22
SIM5
SIM1
SIM2
SIM3
SIM4
1
21
22
SIM5
SIM1
SIM2
SIM3
SIM4
1
21
22
SIM5
SIM1
SIM2
SIM3
SIM4
1
21
22
SIM5
SIM1
SIM2
SIM3
SIM4
1
21
22
SIM5
SIM1
SIM2
DEBUG 1 261
SIM1
SIM2
SIM3
SIM4
1
21
22
SIM5
SIM1
SIM2
SIM3
SIM4
1
21
22
SIM5
SIM1
SIM2
SIM3
SIM4
1
21
22
SIM5
SIM1
SIM2
SIM3
SIM4
1
21
22
SIM5
SIM1
SIM2
SIM3
SIM4
1
21
22
SIM5
SIM1
SIM2
SIM3
SIM4
1
21
22
SIM5
SIM1
SIM2
SIM3
SIM4
1
21
22
SIM5
SIM1
SIM2
SIM3
SIM4
1
21
22
SIM5
SIM1
SIM2
SIM3
SIM4
1
21
22
SIM5
SIM1
SIM2
SIM3
SIM4
1
21
22
SIM5
SIM1
SIM2
SIM3
SIM4
1
21
22
SIM5
SIM1
SIM2
SIM3
SIM4
1
21
22
SIM5
SIM1
SIM2
SIM3
SIM4
1
21
22
SIM5
SIM1
SIM2
SIM3
SIM4
1
21
22
SIM5
SIM1
SIM2
SIM3
SIM4
1
21
22
SIM5
SIM1
SIM2
SIM3
SIM4
1
21
22
SIM5
SIM1
SIM2
SIM3
SIM4
1
21
22
SIM5
SIM1
SIM2
SIM3
SIM4
1
21
22
SIM5
SIM1
SIM2
SIM3
SIM4
1
21
22
SIM5
SIM1
SIM2
SIM3
SIM4
1
21
22
SIM5
SIM1
SIM2
SIM3
SIM4
1
21
22
SIM5
SIM1
SIM2
SIM3
SIM4
1
21
22
SIM5
SIM1
SIM2
SIM3
SIM4
1
21
22
SIM5
SIM1
SIM2
SIM3
SIM4
1
21
22
SIM5
SIM1
SIM2
SIM3
SIM4
1
21
22
SIM5
SIM1
SIM2
SIM3
SIM4
1
21
22
SIM5
SIM1
SIM2
SIM3
SIM4
1
21
22
SIM5
SIM1
SIM2
SIM3
SIM4
1
21
22
SIM5
SIM1
SIM2
SIM3
SIM4
1
21
22
SIM5
SIM1
SIM2
SIM3
SIM4
1
21
22
SIM5
SIM1
SIM2
SIM3
SIM4
1
21
22
SIM5
SIM1
SIM2
SIM3
SIM4
1
21
22
SIM5
SIM1
SIM2
SIM3
SIM4
1
21
22
SIM5
SIM1
SIM2
SIM3
SIM4
1
21
22
SIM5
SIM1
SIM2
SIM3
SIM4
1
21
22
SIM5
SIM1
SIM2
SIM3
SIM4
1
21
22
SIM5
SIM1
SIM2
SIM3
SIM4
1
21
22
SIM5
SIM1
SIM2
SIM3
SIM4
1
21
22
SIM5
SIM1
SIM2
SIM3
SIM4
1
21
22
SIM5
SIM1
SIM2
SIM3
SIM4
1
21
22
SIM5
SIM1
SIM2
SIM3
SIM4
1
21
22
SIM5
SIM1
SIM2
SIM3
SIM4
1
21
22
SIM5
SIM1
SIM2
SIM3
SIM4
1
21
22
SIM5
SIM1
SIM2
SIM3
SIM4
1
21
22
SIM5
SIM1
SIM2
SIM3
SIM4
1
21
22
SIM5
SIM1
SIM2
SIM3
SIM4
1
21
22
SIM5
SIM1
SIM2
SIM3
SIM4
1
21
22
SIM5
SIM1
SIM2
SIM3
SIM4
1
21
22
SIM5
SIM1
SIM2
SIM3
SIM4
1
21
22
SIM5
SIM1
SIM2
SIM3
SIM4
1
21
22
SIM5
SIM1
SIM2
SIM3
SIM4
1
21
22
SIM5
SIM1
SIM2
SIM3
SIM4
1
21
22
SIM5
SIM1
SIM2
SIM3
SIM4
1
21
22
SIM5
SIM1
SIM2
SIM3
SIM4
1
21
22
SIM5
SIM1
SIM2
SIM3
SIM4
1
21
22
SIM5
SIM1
SIM2
SIM3
SIM4
1
21
22
SIM5
SIM1
SIM2
SIM3
SIM4
1
21
22
SIM5
SIM1
SIM2
SIM3
SIM4
1
21
22
SIM5
SIM1
SIM2
SIM3
SIM4
1
21
22
SIM5
SIM1
SIM2
SIM3
SIM4
1
21
22
SIM5
SIM1
SIM2
SIM3
SIM4
1
21
22
SIM5
SIM1
SIM2
SIM3
SIM4
1
21
22
SIM5
SIM1
SIM2
SIM3
SIM4
1
21
22
SIM5
SIM1
SIM2
SIM3
SIM4
1
21
22
SIM5
SIM1
SIM2
SIM3
SIM4
1
21
22
SIM5
SIM1
SIM2
SIM3
SIM4
1
21
22
SIM5
SIM1
SIM2
SIM3
SIM4
1
21
22
SIM5
SIM1
SIM2
SIM3
SIM4
1
21
22
SIM5
SIM1
SIM2
SIM3
SIM4
1
21
22
SIM5
SIM1
SIM2
SIM3
SIM4
1
21
22
SIM5
SIM1
SIM2
SIM3
SIM4
1
21
22
SIM5
SIM1
SIM2
SIM3
SIM4
1
21
22
SIM5
SIM1
SIM2
SIM3
SIM4
1
21
22
SIM5
SIM1
SIM2
SIM3
SIM4
1
21
22
SIM5
SIM1
SIM2
SIM3
SIM4
1
21
22
SIM5
SIM1
SIM2
SIM3
SIM4
1
21
22
SIM5
SIM1
SIM2
SIM3
SIM4
1
21
22
SIM5
SIM1
SIM2
SIM3
SIM4
1
21
22
SIM5
SIM1
SIM2
SIM3
SIM4
1
21
22
SIM5
SIM1
SIM2
SIM3
SIM4
1
21
22
SIM5
SIM1
SIM2
SIM3
SIM4
1
21
22
SIM5
SIM1
SIM2
SIM3
SIM4
1
21
22
SIM5
SIM1
SIM2
SIM3
SIM4
1
21
22
SIM5
SIM1
SIM2
SIM3
SIM4
1
21
22
SIM5
SIM1
SIM2
SIM3
SIM4
1
21
22
SIM5
SIM1
SIM2
SIM3
SIM4
1
21
22
SIM5
SIM1
SIM2
SIM3
SIM4
1
21
22
SIM5
SIM1
SIM2
SIM3
SIM4
1
21
22
SIM5
SIM1
SIM2
SIM3
SIM4
1
21
22
SIM5
SIM1
SIM2
SIM3
SIM4
1
21
22
SIM5
SIM1
SIM2
SIM3
SIM4
1
21
22
SIM5
SIM1
SIM2
SIM3
SIM4
1
21
22
SIM5
SIM1
SIM2
SIM3
SIM4
1
21
22
SIM5
SIM1
SIM2
SIM3
SIM4
1
21
22
SIM5
SIM1
SIM2
SIM3
SIM4
1
21
22
SIM5
SIM1
SIM2
SIM3
SIM4
1
21
22
SIM5
SIM1
SIM2
SIM3
SIM4
1
21
22
SIM5
SIM1
SIM2
SIM3
SIM4
1
21
22
SIM5
SIM1
SIM2
SIM3
SIM4
1
21
22
SIM5
SIM1
SIM2
SIM3
SIM4
1
21
22
SIM5
SIM1
SIM2
SIM3
SIM4
1
21
22
SIM5
SIM1
SIM2
SIM3
SIM4
1
21
22
SIM5
SIM1
SIM2
SIM3
SIM4
1
21
22
SIM5
SIM1
SIM2
SIM3
SIM4
1
21
22
SIM5
SIM1
SIM2
SIM3
SIM4
1
21
22
SIM5
SIM1
SIM2
SIM3
SIM4
1
21
22
SIM5
SIM1
SIM2
SIM3
SIM4
1
21
22
SIM5
SIM1
SIM2
SIM3
SIM4
1
21
22
SIM5
SIM1
SIM2
SIM3
SIM4
1
21
22
SIM5
SIM1
SIM2
SIM3
SIM4
1
21
22
SIM5
SIM1
SIM2
SIM3
SIM4
1
21
22
SIM5
SIM1
SIM2
SIM3
SIM4
1
21
22
SIM5
SIM1
SIM2
SIM3
SIM4
1
21
22
SIM5
SIM1
SIM2
SIM3
SIM4
1
21
22
SIM5
SIM1
SIM2
SIM3
SIM4
1
21
22
SIM5
SIM1
SIM2
SIM3
SIM4
1
21
22
SIM5
SIM1
SIM2
SIM3
SIM4
1
21
22
SIM5
SIM1
SIM2
SIM3
SIM4
1
21
22
SIM5
SIM1
SIM2
SIM3
SIM4
1
21
22
SIM5
SIM1
SIM2
SIM3
SIM4
1
21
22
SIM5
SIM1
SIM2
SIM3
SIM4
1
21
22
SIM5
SIM1
SIM2
SIM3
SIM4
1
21
22
SIM5
SIM1
SIM2
SIM3
SIM4
1
21
22
SIM5
SIM1
SIM2
SIM3
SIM4
1
21
22
SIM5
SIM1
SIM2
SIM3
SIM4
1
21
22
SIM5
SIM1
SIM2
SIM3
SIM4
1
21
22
SIM5
SIM1
SIM2
SIM3
SIM4
1
21
22
SIM5
SIM1
SIM2
SIM3
SIM4
1
21
22
SIM5
SIM1
SIM2
SIM3
SIM4
1
21
22
SIM5
SIM1
SIM2
SIM3
SIM4
1
21
22
SIM5
SIM1
SIM2
SIM3
SIM4
1
21
22
SIM5
SIM1
SIM2
SIM3
SIM4
1
21
22
SIM5
SIM1
SIM2
SIM3
SIM4
1
21
22
SIM5
SIM1
SIM2
SIM3
SIM4
1
21
22
SIM5
SIM1
SIM2
SIM3
SIM4
1
21
22
SIM5
SIM1
SIM2
SIM3
SIM4
1
21
22
SIM5
SIM1
SIM2
SIM3
SIM4
1
21
22
SIM5
SIM1
SIM2
SIM3
SIM4
1
21
22
SIM5
SIM1
SIM2
SIM3
SIM4
1
21
22
SIM5
SIM1
SIM2
SIM3
SIM4
1
21
22
SIM5
SIM1
SIM2
SIM3
SIM4
1
21
22
SIM5
SIM1
SIM2
SIM3
SIM4
1
21
22
SIM5
SIM1
SIM2
SIM3
SIM4
1
21
22
SIM5
SIM1
SIM2
SIM3
SIM4
1
21
22
SIM5
SIM1
SIM2
SIM3
SIM4
1
21
22
SIM5
SIM1
SIM2
DEBUG 1 262
SIM1
SIM2
SIM3
SIM4
1
21
22
SIM5
SIM1
SIM2
SIM3
SIM4
1
21
22
SIM5
SIM1
SIM2
SIM3
SIM4
1
21
22
SIM5
SIM1
SIM2
SIM3
SIM4
1
21
22
SIM5
SIM1
SIM2
SIM3
SIM4
1
21
22
SIM5
SIM1
SIM2
SIM3
SIM4
1
21
22
SIM5
SIM1
SIM2
SIM3
SIM4
1
21
22
SIM5
SIM1
SIM2
SIM3
SIM4
1
21
22
SIM5
SIM1
SIM2
SIM3
SIM4
1
21
22
SIM5
SIM1
SIM2
SIM3
SIM4
1
21
22
SIM5
SIM1
SIM2
SIM3
SIM4
1
21
22
SIM5
SIM1
SIM2
SIM3
SIM4
1
21
22
SIM5
SIM1
SIM2
SIM3
SIM4
1
21
22
SIM5
SIM1
SIM2
SIM3
SIM4
1
21
22
SIM5
SIM1
SIM2
SIM3
SIM4
1
21
22
SIM5
SIM1
SIM2
SIM3
SIM4
1
21
22
SIM5
SIM1
SIM2
SIM3
SIM4
1
21
22
SIM5
SIM1
SIM2
SIM3
SIM4
1
21
22
SIM5
SIM1
SIM2
SIM3
SIM4
1
21
22
SIM5
SIM1
SIM2
SIM3
SIM4
1
21
22
SIM5
SIM1
SIM2
SIM3
SIM4
1
21
22
SIM5
SIM1
SIM2
SIM3
SIM4
1
21
22
SIM5
SIM1
SIM2
SIM3
SIM4
1
21
22
SIM5
SIM1
SIM2
SIM3
SIM4
1
21
22
SIM5
SIM1
SIM2
SIM3
SIM4
1
21
22
SIM5
SIM1
SIM2
SIM3
SIM4
1
21
22
SIM5
SIM1
SIM2
SIM3
SIM4
1
21
22
SIM5
SIM1
SIM2
SIM3
SIM4
1
21
22
SIM5
SIM1
SIM2
SIM3
SIM4
1
21
22
SIM5
SIM1
SIM2
SIM3
SIM4
1
21
22
SIM5
SIM1
SIM2
SIM3
SIM4
1
21
22
SIM5
SIM1
SIM2
SIM3
SIM4
1
21
22
SIM5
SIM1
SIM2
SIM3
SIM4
1
21
22
SIM5
SIM1
SIM2
SIM3
SIM4
1
21
22
SIM5
SIM1
SIM2
SIM3
SIM4
1
21
22
SIM5
SIM1
SIM2
SIM3
SIM4
1
21
22
SIM5
SIM1
SIM2
SIM3
SIM4
1
21
22
SIM5
SIM1
SIM2
SIM3
SIM4
1
21
22
SIM5
SIM1
SIM2
SIM3
SIM4
1
21
22
SIM5
SIM1
SIM2
SIM3
SIM4
1
21
22
SIM5
SIM1
SIM2
SIM3
SIM4
1
21
22
SIM5
SIM1
SIM2
SIM3
SIM4
1
21
22
SIM5
SIM1
SIM2
SIM3
SIM4
1
21
22
SIM5
SIM1
SIM2
SIM3
SIM4
1
21
22
SIM5
SIM1
SIM2
SIM3
SIM4
1
21
22
SIM5
SIM1
SIM2
SIM3
SIM4
1
21
22
SIM5
SIM1
SIM2
SIM3
SIM4
1
21
22
SIM5
SIM1
SIM2
SIM3
SIM4
1
21
22
SIM5
SIM1
SIM2
SIM3
SIM4
1
21
22
SIM5
SIM1
SIM2
SIM3
SIM4
1
21
22
SIM5
SIM1
SIM2
SIM3
SIM4
1
21
22
SIM5
SIM1
SIM2
SIM3
SIM4
1
21
22
SIM5
SIM1
SIM2
SIM3
SIM4
1
21
22
SIM5
SIM1
SIM2
SIM3
SIM4
1
21
22
SIM5
SIM1
SIM2
SIM3
SIM4
1
21
22
SIM5
SIM1
SIM2
SIM3
SIM4
1
21
22
SIM5
SIM1
SIM2
SIM3
SIM4
1
21
22
SIM5
SIM1
SIM2
SIM3
SIM4
1
21
22
SIM5
SIM1
SIM2
SIM3
SIM4
1
21
22
SIM5
SIM1
SIM2
SIM3
SIM4
1
21
22
SIM5
SIM1
SIM2
SIM3
SIM4
1
21
22
SIM5
SIM1
SIM2
SIM3
SIM4
1
21
22
SIM5
SIM1
SIM2
SIM3
SIM4
1
21
22
SIM5
SIM1
SIM2
SIM3
SIM4
1
21
22
SIM5
SIM1
SIM2
SIM3
SIM4
1
21
22
SIM5
SIM1
SIM2
SIM3
SIM4
1
21
22
SIM5
SIM1
SIM2
SIM3
SIM4
1
21
22
SIM5
SIM1
SIM2
SIM3
SIM4
1
21
22
SIM5
SIM1
SIM2
SIM3
SIM4
1
21
22
SIM5
SIM1
SIM2
SIM3
SIM4
1
21
22
SIM5
SIM1
SIM2
SIM3
SIM4
1
21
22
SIM5
SIM1
SIM2
SIM3
SIM4
1
21
22
SIM5
SIM1
SIM2
SIM3
SIM4
1
21
22
SIM5
SIM1
SIM2
SIM3
SIM4
1
21
22
SIM5
SIM1
SIM2
SIM3
SIM4
1
21
22
SIM5
SIM1
SIM2
SIM3
SIM4
1
21
22
SIM5
SIM1
SIM2
SIM3
SIM4
1
21
22
SIM5
SIM1
SIM2
SIM3
SIM4
1
21
22
SIM5
SIM1
SIM2
SIM3
SIM4
1
21
22
SIM5
SIM1
SIM2
SIM3
SIM4
1
21
22
SIM5
SIM1
SIM2
SIM3
SIM4
1
21
22
SIM5
SIM1
SIM2
SIM3
SIM4
1
21
22
SIM5
SIM1
SIM2
SIM3
SIM4
1
21
22
SIM5
SIM1
SIM2
SIM3
SIM4
1
21
22
SIM5
SIM1
SIM2
SIM3
SIM4
1
21
22
SIM5
SIM1
SIM2
SIM3
SIM4
1
21
22
SIM5
SIM1
SIM2
SIM3
SIM4
1
21
22
SIM5
SIM1
SIM2
SIM3
SIM4
1
21
22
SIM5
SIM1
SIM2
SIM3
SIM4
1
21
22
SIM5
SIM1
SIM2
SIM3
SIM4
1
21
22
SIM5
SIM1
SIM2
SIM3
SIM4
1
21
22
SIM5
SIM1
SIM2
SIM3
SIM4
1
21
22
SIM5
SIM1
SIM2
SIM3
SIM4
1
21
22
SIM5
SIM1
SIM2
SIM3
SIM4
1
21
22
SIM5
SIM1
SIM2
SIM3
SIM4
1
21
22
SIM5
SIM1
SIM2
SIM3
SIM4
1
21
22
SIM5
SIM1
SIM2
SIM3
SIM4
1
21
22
SIM5
SIM1
SIM2
SIM3
SIM4
1
21
22
SIM5
SIM1
SIM2
SIM3
SIM4
1
21
22
SIM5
SIM1
SIM2
SIM3
SIM4
1
21
22
SIM5
SIM1
SIM2
SIM3
SIM4
1
21
22
SIM5
SIM1
SIM2
SIM3
SIM4
1
21
22
SIM5
SIM1
SIM2
SIM3
SIM4
1
21
22
SIM5
SIM1
SIM2
SIM3
SIM4
1
21
22
SIM5
SIM1
SIM2
SIM3
SIM4
1
21
22
SIM5
SIM1
SIM2
SIM3
SIM4
1
21
22
SIM5
SIM1
SIM2
SIM3
SIM4
1
21
22
SIM5
SIM1
SIM2
SIM3
SIM4
1
21
22
SIM5
SIM1
SIM2
SIM3
SIM4
1
21
22
SIM5
SIM1
SIM2
SIM3
SIM4
1
21
22
SIM5
SIM1
SIM2
SIM3
SIM4
1
21
22
SIM5
SIM1
SIM2
SIM3
SIM4
1
21
22
SIM5
SIM1
SIM2
SIM3
SIM4
1
21
22
SIM5
SIM1
SIM2
SIM3
SIM4
1
21
22
SIM5
SIM1
SIM2
SIM3
SIM4
1
21
22
SIM5
SIM1
SIM2
SIM3
SIM4
1
21
22
SIM5
SIM1
SIM2
SIM3
SIM4
1
21
22
SIM5
SIM1
SIM2
SIM3
SIM4
1
21
22
SIM5
SIM1
SIM2
SIM3
SIM4
1
21
22
SIM5
SIM1
SIM2
SIM3
SIM4
1
21
22
SIM5
SIM1
SIM2
SIM3
SIM4
1
21
22
SIM5
SIM1
SIM2
SIM3
SIM4
1
21
22
SIM5
SIM1
SIM2
SIM3
SIM4
1
21
22
SIM5
SIM1
SIM2
SIM3
SIM4
1
21
22
SIM5
SIM1
SIM2
SIM3
SIM4
1
21
22
SIM5
SIM1
SIM2
SIM3
SIM4
1
21
22
SIM5
SIM1
SIM2
SIM3
SIM4
1
21
22
SIM5
SIM1
SIM2
SIM3
SIM4
1
21
22
SIM5
SIM1
SIM2
SIM3
SIM4
1
21
22
SIM5
SIM1
SIM2
SIM3
SIM4
1
21
22
SIM5
SIM1
SIM2
SIM3
SIM4
1
21
22
SIM5
SIM1
SIM2
SIM3
SIM4
1
21
22
SIM5
SIM1
SIM2
SIM3
SIM4
1
21
22
SIM5
SIM1
SIM2
SIM3
SIM4
1
21
22
SIM5
SIM1
SIM2
SIM3
SIM4
1
21
22
SIM5
SIM1
SIM2
SIM3
SIM4
1
21
22
SIM5
SIM1
SIM2
SIM3
SIM4
1
21
22
SIM5
SIM1
SIM2
SIM3
SIM4
1
21
22
SIM5
SIM1
SIM2
SIM3
SIM4
1
21
22
SIM5
SIM1
SIM2
SIM3
SIM4
1
21
22
SIM5
SIM1
SIM2
SIM3
SIM4
1
21
22
SIM5
SIM1
SIM2
DEBUG 1 263
SIM1
SIM2
SIM3
SIM4
1
21
22
SIM5
SIM1
SIM2
SIM3
SIM4
1
21
22
SIM5
SIM1
SIM2
SIM3
SIM4
1
21
22
SIM5
SIM1
SIM2
SIM3
SIM4
1
21
22
SIM5
SIM1
SIM2
SIM3
SIM4
1
21
22
SIM5
SIM1
SIM2
SIM3
SIM4
1
21
22
SIM5
SIM1
SIM2
SIM3
SIM4
1
21
22
SIM5
SIM1
SIM2
SIM3
SIM4
1
21
22
SIM5
SIM1
SIM2
SIM3
SIM4
1
21
22
SIM5
SIM1
SIM2
SIM3
SIM4
1
21
22
SIM5
SIM1
SIM2
SIM3
SIM4
1
21
22
SIM5
SIM1
SIM2
SIM3
SIM4
1
21
22
SIM5
SIM1
SIM2
SIM3
SIM4
1
21
22
SIM5
SIM1
SIM2
SIM3
SIM4
1
21
22
SIM5
SIM1
SIM2
SIM3
SIM4
1
21
22
SIM5
SIM1
SIM2
SIM3
SIM4
1
21
22
SIM5
SIM1
SIM2
SIM3
SIM4
1
21
22
SIM5
SIM1
SIM2
SIM3
SIM4
1
21
22
SIM5
SIM1
SIM2
SIM3
SIM4
1
21
22
SIM5
SIM1
SIM2
SIM3
SIM4
1
21
22
SIM5
SIM1
SIM2
SIM3
SIM4
1
21
22
SIM5
SIM1
SIM2
SIM3
SIM4
1
21
22
SIM5
SIM1
SIM2
SIM3
SIM4
1
21
22
SIM5
SIM1
SIM2
SIM3
SIM4
1
21
22
SIM5
SIM1
SIM2
SIM3
SIM4
1
21
22
SIM5
SIM1
SIM2
SIM3
SIM4
1
21
22
SIM5
SIM1
SIM2
SIM3
SIM4
1
21
22
SIM5
SIM1
SIM2
SIM3
SIM4
1
21
22
SIM5
SIM1
SIM2
SIM3
SIM4
1
21
22
SIM5
SIM1
SIM2
SIM3
SIM4
1
21
22
SIM5
SIM1
SIM2
SIM3
SIM4
1
21
22
SIM5
SIM1
SIM2
SIM3
SIM4
1
21
22
SIM5
SIM1
SIM2
SIM3
SIM4
1
21
22
SIM5
SIM1
SIM2
SIM3
SIM4
1
21
22
SIM5
SIM1
SIM2
SIM3
SIM4
1
21
22
SIM5
SIM1
SIM2
SIM3
SIM4
1
21
22
SIM5
SIM1
SIM2
SIM3
SIM4
1
21
22
SIM5
SIM1
SIM2
SIM3
SIM4
1
21
22
SIM5
SIM1
SIM2
SIM3
SIM4
1
21
22
SIM5
SIM1
SIM2
SIM3
SIM4
1
21
22
SIM5
SIM1
SIM2
SIM3
SIM4
1
21
22
SIM5
SIM1
SIM2
SIM3
SIM4
1
21
22
SIM5
SIM1
SIM2
SIM3
SIM4
1
21
22
SIM5
SIM1
SIM2
SIM3
SIM4
1
21
22
SIM5
SIM1
SIM2
SIM3
SIM4
1
21
22
SIM5
SIM1
SIM2
SIM3
SIM4
1
21
22
SIM5
SIM1
SIM2
SIM3
SIM4
1
21
22
SIM5
SIM1
SIM2
SIM3
SIM4
1
21
22
SIM5
SIM1
SIM2
SIM3
SIM4
1
21
22
SIM5
SIM1
SIM2
SIM3
SIM4
1
21
22
SIM5
SIM1
SIM2
SIM3
SIM4
1
21
22
SIM5
SIM1
SIM2
SIM3
SIM4
1
21
22
SIM5
SIM1
SIM2
SIM3
SIM4
1
21
22
SIM5
SIM1
SIM2
SIM3
SIM4
1
21
22
SIM5
SIM1
SIM2
SIM3
SIM4
1
21
22
SIM5
SIM1
SIM2
SIM3
SIM4
1
21
22
SIM5
SIM1
SIM2
SIM3
SIM4
1
21
22
SIM5
SIM1
SIM2
SIM3
SIM4
1
21
22
SIM5
SIM1
SIM2
SIM3
SIM4
1
21
22
SIM5
SIM1
SIM2
SIM3
SIM4
1
21
22
SIM5
SIM1
SIM2
SIM3
SIM4
1
21
22
SIM5
SIM1
SIM2
SIM3
SIM4
1
21
22
SIM5
SIM1
SIM2
SIM3
SIM4
1
21
22
SIM5
SIM1
SIM2
SIM3
SIM4
1
21
22
SIM5
SIM1
SIM2
SIM3
SIM4
1
21
22
SIM5
SIM1
SIM2
SIM3
SIM4
1
21
22
SIM5
SIM1
SIM2
SIM3
SIM4
1
21
22
SIM5
SIM1
SIM2
SIM3
SIM4
1
21
22
SIM5
SIM1
SIM2
SIM3
SIM4
1
21
22
SIM5
SIM1
SIM2
SIM3
SIM4
1
21
22
SIM5
SIM1
SIM2
SIM3
SIM4
1
21
22
SIM5
SIM1
SIM2
SIM3
SIM4
1
21
22
SIM5
SIM1
SIM2
SIM3
SIM4
1
21
22
SIM5
SIM1
SIM2
SIM3
SIM4
1
21
22
SIM5
SIM1
SIM2
SIM3
SIM4
1
21
22
SIM5
SIM1
SIM2
SIM3
SIM4
1
21
22
SIM5
SIM1
SIM2
SIM3
SIM4
1
21
22
SIM5
SIM1
SIM2
SIM3
SIM4
1
21
22
SIM5
SIM1
SIM2
SIM3
SIM4
1
21
22
SIM5
SIM1
SIM2
SIM3
SIM4
1
21
22
SIM5
SIM1
SIM2
SIM3
SIM4
1
21
22
SIM5
SIM1
SIM2
SIM3
SIM4
1
21
22
SIM5
SIM1
SIM2
SIM3
SIM4
1
21
22
SIM5
SIM1
SIM2
SIM3
SIM4
1
21
22
SIM5
SIM1
SIM2
SIM3
SIM4
1
21
22
SIM5
SIM1
SIM2
SIM3
SIM4
1
21
22
SIM5
SIM1
SIM2
SIM3
SIM4
1
21
22
SIM5
SIM1
SIM2
SIM3
SIM4
1
21
22
SIM5
SIM1
SIM2
SIM3
SIM4
1
21
22
SIM5
SIM1
SIM2
SIM3
SIM4
1
21
22
SIM5
SIM1
SIM2
SIM3
SIM4
1
21
22
SIM5
SIM1
SIM2
SIM3
SIM4
1
21
22
SIM5
SIM1
SIM2
SIM3
SIM4
1
21
22
SIM5
SIM1
SIM2
SIM3
SIM4
1
21
22
SIM5
SIM1
SIM2
SIM3
SIM4
1
21
22
SIM5
SIM1
SIM2
SIM3
SIM4
1
21
22
SIM5
SIM1
SIM2
SIM3
SIM4
1
21
22
SIM5
SIM1
SIM2
SIM3
SIM4
1
21
22
SIM5
SIM1
SIM2
SIM3
SIM4
1
21
22
SIM5
SIM1
SIM2
SIM3
SIM4
1
21
22
SIM5
SIM1
SIM2
SIM3
SIM4
1
21
22
SIM5
SIM1
SIM2
SIM3
SIM4
1
21
22
SIM5
SIM1
SIM2
SIM3
SIM4
1
21
22
SIM5
SIM1
SIM2
SIM3
SIM4
1
21
22
SIM5
SIM1
SIM2
SIM3
SIM4
1
21
22
SIM5
SIM1
SIM2
SIM3
SIM4
1
21
22
SIM5
SIM1
SIM2
SIM3
SIM4
1
21
22
SIM5
SIM1
SIM2
SIM3
SIM4
1
21
22
SIM5
SIM1
SIM2
SIM3
SIM4
1
21
22
SIM5
SIM1
SIM2
SIM3
SIM4
1
21
22
SIM5
SIM1
SIM2
SIM3
SIM4
1
21
22
SIM5
SIM1
SIM2
SIM3
SIM4
1
21
22
SIM5
SIM1
SIM2
SIM3
SIM4
1
21
22
SIM5
SIM1
SIM2
SIM3
SIM4
1
21
22
SIM5
SIM1
SIM2
SIM3
SIM4
1
21
22
SIM5
SIM1
SIM2
SIM3
SIM4
1
21
22
SIM5
SIM1
SIM2
SIM3
SIM4
1
21
22
SIM5
SIM1
SIM2
SIM3
SIM4
1
21
22
SIM5
SIM1
SIM2
SIM3
SIM4
1
21
22
SIM5
SIM1
SIM2
SIM3
SIM4
1
21
22
SIM5
SIM1
SIM2
SIM3
SIM4
1
21
22
SIM5
SIM1
SIM2
SIM3
SIM4
1
21
22
SIM5
SIM1
SIM2
SIM3
SIM4
1
21
22
SIM5
SIM1
SIM2
SIM3
SIM4
1
21
22
SIM5
SIM1
SIM2
SIM3
SIM4
1
21
22
SIM5
SIM1
SIM2
SIM3
SIM4
1
21
22
SIM5
SIM1
SIM2
SIM3
SIM4
1
21
22
SIM5
SIM1
SIM2
SIM3
SIM4
1
21
22
SIM5
SIM1
SIM2
SIM3
SIM4
1
21
22
SIM5
SIM1
SIM2
SIM3
SIM4
1
21
22
SIM5
SIM1
SIM2
SIM3
SIM4
1
21
22
SIM5
SIM1
SIM2
SIM3
SIM4
1
21
22
SIM5
SIM1
SIM2
SIM3
SIM4
1
21
22
SIM5
SIM1
SIM2
SIM3
SIM4
1
21
22
SIM5
SIM1
SIM2
SIM3
SIM4
1
21
22
SIM5
SIM1
SIM2
SIM3
SIM4
1
21
22
SIM5
SIM1
SIM2
SIM3
SIM4
1
21
22
SIM5
SIM1
SIM2
SIM3
SIM4
1
21
22
SIM5
SIM1
SIM2
SIM3
SIM4
1
21
22
SIM5
SIM1
SIM2
SIM3
SIM4
1
21
22
SIM5
SIM1
SIM2
SIM3
SIM4
1
21
22
SIM5
SIM1
SIM2
SIM3
SIM4
1
21
22
SIM5
SIM1
SIM2
SIM3
SIM4
1
21
22
SIM5
SIM1
SIM2
SIM3
SIM4
1
21
22
SIM5
SIM1
SIM2
SIM3
SIM4
1
21
22
SIM5
SIM1
SIM2
SIM3
SIM4
1
21
22
SIM5
SIM1
SIM2
SIM3
SIM4
1
21
22
SIM5
SIM1
SIM2
SIM3
SIM4
1
21
22
SIM5
SIM1
SIM2
SIM3
SIM4
1
21
22
SIM5
SIM1
SIM2
SIM3
SIM4
1
21
22
SIM5
SIM1
SIM2
SIM3
SIM4
1
21
22
SIM5
SIM1
SIM2
SIM3
SIM4
1
21
22
SIM5
SIM1
SIM2
SIM3
SIM4
1
21
22
SIM5
SIM1
SIM2
SIM3
SIM4
1
21
22
SIM5
SIM1
SIM2
SIM3
SIM4
1
21
22
SIM5
SIM1
SIM2
SIM3
SIM4
1
21
22
SIM5
SIM1
SIM2
SIM3
SIM4
1
21
22
SIM5
SIM1
SIM2
SIM3
SIM4
1
21
22
SIM5
SIM1
SIM2
SIM3
SIM4
1
21
22
SIM5
SIM1
SIM2
SIM3
SIM4
1
21
22
SIM5
SIM1
SIM2
SIM3
SIM4
1
21
22
SIM5
SIM1
SIM2
SIM3
SIM4
1
21
22
SIM5
SIM1
SIM2
SIM3
SIM4
1
21
22
SIM5
SIM1
SIM2
SIM3
SIM4
1
21
22
SIM5
SIM1
SIM2
SIM3
SIM4
1
21
22
SIM5
SIM1
SIM2
SIM3
SIM4
1
21
22
SIM5
SIM1
SIM2
SIM3
SIM4
1
21
22
SIM5
SIM1
SIM2
DEBUG 1 264
SIM1
SIM2
SIM3
SIM4
1
21
22
SIM5
SIM1
SIM2
SIM3
SIM4
1
21
22
SIM5
SIM1
SIM2
SIM3
SIM4
1
21
22
SIM5
SIM1
SIM2
SIM3
SIM4
1
21
22
SIM5
SIM1
SIM2
SIM3
SIM4
1
21
22
SIM5
SIM1
SIM2
SIM3
SIM4
1
21
22
SIM5
SIM1
SIM2
SIM3
SIM4
1
21
22
SIM5
SIM1
SIM2
SIM3
SIM4
1
21
22
SIM5
SIM1
SIM2
SIM3
SIM4
1
21
22
SIM5
SIM1
SIM2
SIM3
SIM4
1
21
22
SIM5
SIM1
SIM2
SIM3
SIM4
1
21
22
SIM5
SIM1
SIM2
SIM3
SIM4
1
21
22
SIM5
SIM1
SIM2
SIM3
SIM4
1
21
22
SIM5
SIM1
SIM2
SIM3
SIM4
1
21
22
SIM5
SIM1
SIM2
SIM3
SIM4
1
21
22
SIM5
SIM1
SIM2
SIM3
SIM4
1
21
22
SIM5
SIM1
SIM2
SIM3
SIM4
1
21
22
SIM5
SIM1
SIM2
SIM3
SIM4
1
21
22
SIM5
SIM1
SIM2
SIM3
SIM4
1
21
22
SIM5
SIM1
SIM2
SIM3
SIM4
1
21
22
SIM5
SIM1
SIM2
SIM3
SIM4
1
21
22
SIM5
SIM1
SIM2
SIM3
SIM4
1
21
22
SIM5
SIM1
SIM2
SIM3
SIM4
1
21
22
SIM5
SIM1
SIM2
SIM3
SIM4
1
21
22
SIM5
SIM1
SIM2
SIM3
SIM4
1
21
22
SIM5
SIM1
SIM2
SIM3
SIM4
1
21
22
SIM5
SIM1
SIM2
SIM3
SIM4
1
21
22
SIM5
SIM1
SIM2
SIM3
SIM4
1
21
22
SIM5
SIM1
SIM2
SIM3
SIM4
1
21
22
SIM5
SIM1
SIM2
SIM3
SIM4
1
21
22
SIM5
SIM1
SIM2
SIM3
SIM4
1
21
22
SIM5
SIM1
SIM2
SIM3
SIM4
1
21
22
SIM5
SIM1
SIM2
SIM3
SIM4
1
21
22
SIM5
SIM1
SIM2
SIM3
SIM4
1
21
22
SIM5
SIM1
SIM2
SIM3
SIM4
1
21
22
SIM5
SIM1
SIM2
SIM3
SIM4
1
21
22
SIM5
SIM1
SIM2
SIM3
SIM4
1
21
22
SIM5
SIM1
SIM2
SIM3
SIM4
1
21
22
SIM5
SIM1
SIM2
SIM3
SIM4
1
21
22
SIM5
SIM1
SIM2
SIM3
SIM4
1
21
22
SIM5
SIM1
SIM2
SIM3
SIM4
1
21
22
SIM5
SIM1
SIM2
SIM3
SIM4
1
21
22
SIM5
SIM1
SIM2
SIM3
SIM4
1
21
22
SIM5
SIM1
SIM2
SIM3
SIM4
1
21
22
SIM5
SIM1
SIM2
SIM3
SIM4
1
21
22
SIM5
SIM1
SIM2
SIM3
SIM4
1
21
22
SIM5
SIM1
SIM2
SIM3
SIM4
1
21
22
SIM5
SIM1
SIM2
SIM3
SIM4
1
21
22
SIM5
SIM1
SIM2
SIM3
SIM4
1
21
22
SIM5
SIM1
SIM2
SIM3
SIM4
1
21
22
SIM5
SIM1
SIM2
SIM3
SIM4
1
21
22
SIM5
SIM1
SIM2
SIM3
SIM4
1
21
22
SIM5
SIM1
SIM2
SIM3
SIM4
1
21
22
SIM5
SIM1
SIM2
SIM3
SIM4
1
21
22
SIM5
SIM1
SIM2
SIM3
SIM4
1
21
22
SIM5
SIM1
SIM2
SIM3
SIM4
1
21
22
SIM5
SIM1
SIM2
SIM3
SIM4
1
21
22
SIM5
SIM1
SIM2
SIM3
SIM4
1
21
22
SIM5
SIM1
SIM2
SIM3
SIM4
1
21
22
SIM5
SIM1
SIM2
SIM3
SIM4
1
21
22
SIM5
SIM1
SIM2
SIM3
SIM4
1
21
22
SIM5
SIM1
SIM2
SIM3
SIM4
1
21
22
SIM5
SIM1
SIM2
SIM3
SIM4
1
21
22
SIM5
SIM1
SIM2
SIM3
SIM4
1
21
22
SIM5
SIM1
SIM2
SIM3
SIM4
1
21
22
SIM5
SIM1
SIM2
SIM3
SIM4
1
21
22
SIM5
SIM1
SIM2
SIM3
SIM4
1
21
22
SIM5
SIM1
SIM2
SIM3
SIM4
1
21
22
SIM5
SIM1
SIM2
SIM3
SIM4
1
21
22
SIM5
SIM1
SIM2
SIM3
SIM4
1
21
22
SIM5
SIM1
SIM2
SIM3
SIM4
1
21
22
SIM5
SIM1
SIM2
SIM3
SIM4
1
21
22
SIM5
SIM1
SIM2
SIM3
SIM4
1
21
22
SIM5
SIM1
SIM2
SIM3
SIM4
1
21
22
SIM5
SIM1
SIM2
SIM3
SIM4
1
21
22
SIM5
SIM1
SIM2
SIM3
SIM4
1
21
22
SIM5
SIM1
SIM2
SIM3
SIM4
1
21
22
SIM5
SIM1
SIM2
SIM3
SIM4
1
21
22
SIM5
SIM1
SIM2
SIM3
SIM4
1
21
22
SIM5
SIM1
SIM2
SIM3
SIM4
1
21
22
SIM5
SIM1
SIM2
SIM3
SIM4
1
21
22
SIM5
SIM1
SIM2
SIM3
SIM4
1
21
22
SIM5
SIM1
SIM2
SIM3
SIM4
1
21
22
SIM5
SIM1
SIM2
SIM3
SIM4
1
21
22
SIM5
SIM1
SIM2
SIM3
SIM4
1
21
22
SIM5
SIM1
SIM2
SIM3
SIM4
1
21
22
SIM5
SIM1
SIM2
SIM3
SIM4
1
21
22
SIM5
SIM1
SIM2
SIM3
SIM4
1
21
22
SIM5
SIM1
SIM2
SIM3
SIM4
1
21
22
SIM5
SIM1
SIM2
SIM3
SIM4
1
21
22
SIM5
SIM1
SIM2
SIM3
SIM4
1
21
22
SIM5
SIM1
SIM2
SIM3
SIM4
1
21
22
SIM5
SIM1
SIM2
SIM3
SIM4
1
21
22
SIM5
SIM1
SIM2
SIM3
SIM4
1
21
22
SIM5
SIM1
SIM2
SIM3
SIM4
1
21
22
SIM5
SIM1
SIM2
SIM3
SIM4
1
21
22
SIM5
SIM1
SIM2
SIM3
SIM4
1
21
22
SIM5
SIM1
SIM2
SIM3
SIM4
1
21
22
SIM5
SIM1
SIM2
SIM3
SIM4
1
21
22
SIM5
SIM1
SIM2
SIM3
SIM4
1
21
22
SIM5
SIM1
SIM2
SIM3
SIM4
1
21
22
SIM5
SIM1
SIM2
SIM3
SIM4
1
21
22
SIM5
SIM1
SIM2
SIM3
SIM4
1
21
22
SIM5
SIM1
SIM2
SIM3
SIM4
1
21
22
SIM5
SIM1
SIM2
SIM3
SIM4
1
21
22
SIM5
SIM1
SIM2
SIM3
SIM4
1
21
22
SIM5
SIM1
SIM2
SIM3
SIM4
1
21
22
SIM5
SIM1
SIM2
SIM3
SIM4
1
21
22
SIM5
SIM1
SIM2
SIM3
SIM4
1
21
22
SIM5
SIM1
SIM2
SIM3
SIM4
1
21
22
SIM5
SIM1
SIM2
SIM3
SIM4
1
21
22
SIM5
SIM1
SIM2
SIM3
SIM4
1
21
22
SIM5
SIM1
SIM2
SIM3
SIM4
1
21
22
SIM5
SIM1
SIM2
SIM3
SIM4
1
21
22
SIM5
SIM1
SIM2
SIM3
SIM4
1
21
22
SIM5
SIM1
SIM2
SIM3
SIM4
1
21
22
SIM5
SIM1
SIM2
SIM3
SIM4
1
21
22
SIM5
SIM1
SIM2
SIM3
SIM4
1
21
22
SIM5
SIM1
SIM2
SIM3
SIM4
1
21
22
SIM5
SIM1
SIM2
SIM3
SIM4
1
21
22
SIM5
SIM1
SIM2
SIM3
SIM4
1
21
22
SIM5
SIM1
SIM2
SIM3
SIM4
1
21
22
SIM5
SIM1
SIM2
SIM3
SIM4
1
21
22
SIM5
SIM1
SIM2
SIM3
SIM4
1
21
22
SIM5
SIM1
SIM2
SIM3
SIM4
1
21
22
SIM5
SIM1
SIM2
SIM3
SIM4
1
21
22
SIM5
SIM1
SIM2
SIM3
SIM4
1
21
22
SIM5
SIM1
SIM2
SIM3
SIM4
1
21
22
SIM5
SIM1
SIM2
SIM3
SIM4
1
21
22
SIM5
SIM1
SIM2
SIM3
SIM4
1
21
22
SIM5
SIM1
SIM2
SIM3
SIM4
1
21
22
SIM5
SIM1
SIM2
SIM3
SIM4
1
21
22
SIM5
SIM1
SIM2
SIM3
SIM4
1
21
22
SIM5
SIM1
SIM2
SIM3
SIM4
1
21
22
SIM5
SIM1
SIM2
SIM3
SIM4
1
21
22
SIM5
SIM1
SIM2
SIM3
SIM4
1
21
22
SIM5
SIM1
SIM2
SIM3
SIM4
1
21
22
SIM5
SIM1
SIM2
SIM3
SIM4
1
21
22
SIM5
SIM1
SIM2
SIM3
SIM4
1
21
22
SIM5
SIM1
SIM2
SIM3
SIM4
1
21
22
SIM5
SIM1
SIM2
SIM3
SIM4
1
21
22
SIM5
SIM1
SIM2
SIM3
SIM4
1
21
22
SIM5
SIM1
SIM2
SIM3
SIM4
1
21
22
SIM5
SIM1
SIM2
SIM3
SIM4
1
21
22
SIM5
SIM1
SIM2
SIM3
SIM4
1
21
22
SIM5
SIM1
SIM2
SIM3
SIM4
1
21
22
SIM5
SIM1
SIM2
SIM3
SIM4
1
21
22
SIM5
SIM1
SIM2
SIM3
SIM4
1
21
22
SIM5
SIM1
SIM2
SIM3
SIM4
1
21
22
SIM5
SIM1
SIM2
SIM3
SIM4
1
21
22
SIM5
SIM1
SIM2
SIM3
SIM4
1
21
22
SIM5
SIM1
SIM2
SIM3
SIM4
1
21
22
SIM5
SIM1
SIM2
SIM3
SIM4
1
21
22
SIM5
SIM1
SIM2
SIM3
SIM4
1
21
22
SIM5
SIM1
SIM2
SIM3
SIM4
1
21
22
SIM5
SIM1
SIM2
SIM3
SIM4
1
21
22
SIM5
SIM1
SIM2
SIM3
SIM4
1
21
22
SIM5
SIM1
SIM2
SIM3
SIM4
1
21
22
SIM5
SIM1
SIM2
SIM3
SIM4
1
21
22
SIM5
SIM1
SIM2
SIM3
SIM4
1
21
22
SIM5
SIM1
SIM2
SIM3
SIM4
1
21
22
SIM5
SIM1
SIM2
SIM3
SIM4
1
21
22
SIM5
SIM1
SIM2
SIM3
SIM4
1
21
22
SIM5
SIM1
SIM2
SIM3
SIM4
1
21
22
SIM5
SIM1
SIM2
SIM3
SIM4
1
21
22
SIM5
SIM1
SIM2
SIM3
SIM4
1
21
22
SIM5
SIM1
SIM2
SIM3
SIM4
1
21
22
SIM5
SIM1
SIM2
SIM3
SIM4
1
21
22
SIM5
SIM1
SIM2
SIM3
SIM4
1
21
22
SIM5
SIM1
SIM2
SIM3
SIM4
1
21
22
SIM5
SIM1
SIM2
SIM3
SIM4
1
21
22
SIM5
SIM1
SIM2
SIM3
SIM4
1
21
22
SIM5
SIM1
SIM2
SIM3
SIM4
1
21
22
SIM5
SIM1
SIM2
SIM3
SIM4
1
21
22
SIM5
SIM1
SIM2
SIM3
SIM4
1
21
22
SIM5
SIM1
SIM2
SIM3
SIM4
1
21
22
SIM5
SIM1
SIM2
SIM3
SIM4
1
21
22
SIM5
SIM1
SIM2
SIM3
SIM4
1
21
22
SIM5
SIM1
SIM2
SIM3
SIM4
1
21
22
SIM5
SIM1
SIM2
SIM3
SIM4
1
21
22
SIM5
SIM1
SIM2
SIM3
SIM4
1
21
22
SIM5
SIM1
SIM2
SIM3
SIM4
1
21
22
SIM5
SIM1
SIM2
SIM3
SIM4
1
21
22
SIM5
SIM1
SIM2
SIM3
SIM4
1
21
22
SIM5
SIM1
SIM2
SIM3
SIM4
1
21
22
SIM5
SIM1
SIM2
SIM3
SIM4
1
21
22
SIM5
SIM1
SIM2
SIM3
SIM4
1
21
22
SIM5
SIM1
SIM2
SIM3
SIM4
1
21
22
SIM5
SIM1
SIM2
SIM3
SIM4
1
21
22
SIM5
SIM1
SIM2
SIM3
SIM4
1
21
22
SIM5
SIM1
SIM2
SIM3
SIM4
1
21
22
SIM5
SIM1
SIM2
SIM3
SIM4
1
21
22
SIM5
SIM1
SIM2
SIM3
SIM4
1
21
22
SIM5
SIM1
SIM2
SIM3
SIM4
1
21
22
SIM5
SIM1
SIM2
SIM3
SIM4
1
21
22
SIM5
SIM1
SIM2
SIM3
SIM4
1
21
22
SIM5
SIM1
SIM2
SIM3
SIM4
1
21
22
SIM5
SIM1
SIM2
SIM3
SIM4
1
21
22
SIM5
SIM1
SIM2
SIM3
SIM4
1
21
22
SIM5
SIM1
SIM2
SIM3
SIM4
1
21
22
SIM5
SIM1
SIM2
SIM3
SIM4
1
21
22
SIM5
SIM1
SIM2
SIM3
SIM4
1
21
22
SIM5
SIM1
SIM2
SIM3
SIM4
1
21
22
SIM5
SIM1
SIM2
SIM3
SIM4
1
21
22
SIM5
SIM1
SIM2
SIM3
SIM4
1
21
22
SIM5
SIM1
SIM2
SIM3
SIM4
1
21
22
SIM5
SIM1
SIM2
SIM3
SIM4
1
21
22
SIM5
SIM1
SIM2
SIM3
SIM4
1
21
22
SIM5
SIM1
SIM2
SIM3
SIM4
1
21
22
SIM5
SIM1
SIM2
SIM3
SIM4
1
21
22
SIM5
SIM1
SIM2
SIM3
SIM4
1
21
22
SIM5
SIM1
SIM2
SIM3
SIM4
1
21
22
SIM5
SIM1
SIM2
SIM3
SIM4
1
21
22
SIM5
SIM1
SIM2
SIM3
SIM4
1
21
22
SIM5
SIM1
SIM2
SIM3
SIM4
1
21
22
SIM5
SIM1
SIM2
SIM3
SIM4
1
21
22
SIM5
SIM1
SIM2
SIM3
SIM4
1
21
22
SIM5
SIM1
SIM2
SIM3
SIM4
1
21
22
SIM5
SIM1
SIM2
SIM3
SIM4
1
21
22
SIM5
SIM1
SIM2
SIM3
SIM4
1
21
22
SIM5
SIM1
SIM2
DEBUG 1 265
SIM1
SIM2
SIM3
SIM4
1
21
22
SIM5
SIM1
SIM2
SIM3
SIM4
1
21
22
SIM5
SIM1
SIM2
SIM3
SIM4
1
21
22
SIM5
SIM1
SIM2
SIM3
SIM4
1
21
22
SIM5
SIM1
SIM2
SIM3
SIM4
1
21
22
SIM5
SIM1
SIM2
SIM3
SIM4
1
21
22
SIM5
SIM1
SIM2
SIM3
SIM4
1
21
22
SIM5
SIM1
SIM2
SIM3
SIM4
1
21
22
SIM5
SIM1
SIM2
SIM3
SIM4
1
21
22
SIM5
SIM1
SIM2
SIM3
SIM4
1
21
22
SIM5
SIM1
SIM2
SIM3
SIM4
1
21
22
SIM5
SIM1
SIM2
SIM3
SIM4
1
21
22
SIM5
SIM1
SIM2
SIM3
SIM4
1
21
22
SIM5
SIM1
SIM2
SIM3
SIM4
1
21
22
SIM5
SIM1
SIM2
SIM3
SIM4
1
21
22
SIM5
SIM1
SIM2
SIM3
SIM4
1
21
22
SIM5
SIM1
SIM2
SIM3
SIM4
1
21
22
SIM5
SIM1
SIM2
SIM3
SIM4
1
21
22
SIM5
SIM1
SIM2
SIM3
SIM4
1
21
22
SIM5
SIM1
SIM2
SIM3
SIM4
1
21
22
SIM5
SIM1
SIM2
SIM3
SIM4
1
21
22
SIM5
SIM1
SIM2
SIM3
SIM4
1
21
22
SIM5
SIM1
SIM2
SIM3
SIM4
1
21
22
SIM5
SIM1
SIM2
SIM3
SIM4
1
21
22
SIM5
SIM1
SIM2
SIM3
SIM4
1
21
22
SIM5
SIM1
SIM2
SIM3
SIM4
1
21
22
SIM5
SIM1
SIM2
SIM3
SIM4
1
21
22
SIM5
SIM1
SIM2
SIM3
SIM4
1
21
22
SIM5
SIM1
SIM2
SIM3
SIM4
1
21
22
SIM5
SIM1
SIM2
SIM3
SIM4
1
21
22
SIM5
SIM1
SIM2
SIM3
SIM4
1
21
22
SIM5
SIM1
SIM2
SIM3
SIM4
1
21
22
SIM5
SIM1
SIM2
SIM3
SIM4
1
21
22
SIM5
SIM1
SIM2
SIM3
SIM4
1
21
22
SIM5
SIM1
SIM2
SIM3
SIM4
1
21
22
SIM5
SIM1
SIM2
SIM3
SIM4
1
21
22
SIM5
SIM1
SIM2
SIM3
SIM4
1
21
22
SIM5
SIM1
SIM2
SIM3
SIM4
1
21
22
SIM5
SIM1
SIM2
SIM3
SIM4
1
21
22
SIM5
SIM1
SIM2
SIM3
SIM4
1
21
22
SIM5
SIM1
SIM2
SIM3
SIM4
1
21
22
SIM5
SIM1
SIM2
SIM3
SIM4
1
21
22
SIM5
SIM1
SIM2
SIM3
SIM4
1
21
22
SIM5
SIM1
SIM2
SIM3
SIM4
1
21
22
SIM5
SIM1
SIM2
SIM3
SIM4
1
21
22
SIM5
SIM1
SIM2
SIM3
SIM4
1
21
22
SIM5
SIM1
SIM2
SIM3
SIM4
1
21
22
SIM5
SIM1
SIM2
SIM3
SIM4
1
21
22
SIM5
SIM1
SIM2
SIM3
SIM4
1
21
22
SIM5
SIM1
SIM2
SIM3
SIM4
1
21
22
SIM5
SIM1
SIM2
SIM3
SIM4
1
21
22
SIM5
SIM1
SIM2
SIM3
SIM4
1
21
22
SIM5
SIM1
SIM2
SIM3
SIM4
1
21
22
SIM5
SIM1
SIM2
SIM3
SIM4
1
21
22
SIM5
SIM1
SIM2
SIM3
SIM4
1
21
22
SIM5
SIM1
SIM2
SIM3
SIM4
1
21
22
SIM5
SIM1
SIM2
SIM3
SIM4
1
21
22
SIM5
SIM1
SIM2
SIM3
SIM4
1
21
22
SIM5
SIM1
SIM2
SIM3
SIM4
1
21
22
SIM5
SIM1
SIM2
SIM3
SIM4
1
21
22
SIM5
SIM1
SIM2
SIM3
SIM4
1
21
22
SIM5
SIM1
SIM2
SIM3
SIM4
1
21
22
SIM5
SIM1
SIM2
SIM3
SIM4
1
21
22
SIM5
SIM1
SIM2
SIM3
SIM4
1
21
22
SIM5
SIM1
SIM2
SIM3
SIM4
1
21
22
SIM5
SIM1
SIM2
SIM3
SIM4
1
21
22
SIM5
SIM1
SIM2
SIM3
SIM4
1
21
22
SIM5
SIM1
SIM2
SIM3
SIM4
1
21
22
SIM5
SIM1
SIM2
SIM3
SIM4
1
21
22
SIM5
SIM1
SIM2
SIM3
SIM4
1
21
22
SIM5
SIM1
SIM2
SIM3
SIM4
1
21
22
SIM5
SIM1
SIM2
SIM3
SIM4
1
21
22
SIM5
SIM1
SIM2
SIM3
SIM4
1
21
22
SIM5
SIM1
SIM2
SIM3
SIM4
1
21
22
SIM5
SIM1
SIM2
SIM3
SIM4
1
21
22
SIM5
SIM1
SIM2
SIM3
SIM4
1
21
22
SIM5
SIM1
SIM2
SIM3
SIM4
1
21
22
SIM5
SIM1
SIM2
SIM3
SIM4
1
21
22
SIM5
SIM1
SIM2
SIM3
SIM4
1
21
22
SIM5
SIM1
SIM2
SIM3
SIM4
1
21
22
SIM5
SIM1
SIM2
SIM3
SIM4
1
21
22
SIM5
SIM1
SIM2
SIM3
SIM4
1
21
22
SIM5
SIM1
SIM2
SIM3
SIM4
1
21
22
SIM5
SIM1
SIM2
SIM3
SIM4
1
21
22
SIM5
SIM1
SIM2
SIM3
SIM4
1
21
22
SIM5
SIM1
SIM2
SIM3
SIM4
1
21
22
SIM5
SIM1
SIM2
SIM3
SIM4
1
21
22
SIM5
SIM1
SIM2
SIM3
SIM4
1
21
22
SIM5
SIM1
SIM2
SIM3
SIM4
1
21
22
SIM5
SIM1
SIM2
SIM3
SIM4
1
21
22
SIM5
SIM1
SIM2
SIM3
SIM4
1
21
22
SIM5
SIM1
SIM2
SIM3
SIM4
1
21
22
SIM5
SIM1
SIM2
SIM3
SIM4
1
21
22
SIM5
SIM1
SIM2
SIM3
SIM4
1
21
22
SIM5
SIM1
SIM2
SIM3
SIM4
1
21
22
SIM5
SIM1
SIM2
SIM3
SIM4
1
21
22
SIM5
SIM1
SIM2
SIM3
SIM4
1
21
22
SIM5
SIM1
SIM2
SIM3
SIM4
1
21
22
SIM5
SIM1
SIM2
SIM3
SIM4
1
21
22
SIM5
SIM1
SIM2
SIM3
SIM4
1
21
22
SIM5
SIM1
SIM2
SIM3
SIM4
1
21
22
SIM5
SIM1
SIM2
SIM3
SIM4
1
21
22
SIM5
SIM1
SIM2
SIM3
SIM4
1
21
22
SIM5
SIM1
SIM2
SIM3
SIM4
1
21
22
SIM5
SIM1
SIM2
SIM3
SIM4
1
21
22
SIM5
SIM1
SIM2
SIM3
SIM4
1
21
22
SIM5
SIM1
SIM2
SIM3
SIM4
1
21
22
SIM5
SIM1
SIM2
SIM3
SIM4
1
21
22
SIM5
SIM1
SIM2
SIM3
SIM4
1
21
22
SIM5
SIM1
SIM2
SIM3
SIM4
1
21
22
SIM5
SIM1
SIM2
SIM3
SIM4
1
21
22
SIM5
SIM1
SIM2
SIM3
SIM4
1
21
22
SIM5
SIM1
SIM2
SIM3
SIM4
1
21
22
SIM5
SIM1
SIM2
SIM3
SIM4
1
21
22
SIM5
SIM1
SIM2
SIM3
SIM4
1
21
22
SIM5
SIM1
SIM2
SIM3
SIM4
1
21
22
SIM5
SIM1
SIM2
SIM3
SIM4
1
21
22
SIM5
SIM1
SIM2
SIM3
SIM4
1
21
22
SIM5
SIM1
SIM2
SIM3
SIM4
1
21
22
SIM5
SIM1
SIM2
SIM3
SIM4
1
21
22
SIM5
SIM1
SIM2
SIM3
SIM4
1
21
22
SIM5
SIM1
SIM2
SIM3
SIM4
1
21
22
SIM5
SIM1
SIM2
SIM3
SIM4
1
21
22
SIM5
SIM1
SIM2
SIM3
SIM4
1
21
22
SIM5
SIM1
SIM2
SIM3
SIM4
1
21
22
SIM5
SIM1
SIM2
SIM3
SIM4
1
21
22
SIM5
SIM1
SIM2
SIM3
SIM4
1
21
22
SIM5
SIM1
SIM2
SIM3
SIM4
1
21
22
SIM5
SIM1
SIM2
SIM3
SIM4
1
21
22
SIM5
SIM1
SIM2
SIM3
SIM4
1
21
22
SIM5
SIM1
SIM2
SIM3
SIM4
1
21
22
SIM5
SIM1
SIM2
SIM3
SIM4
1
21
22
SIM5
SIM1
SIM2
SIM3
SIM4
1
21
22
SIM5
SIM1
SIM2
SIM3
SIM4
1
21
22
SIM5
SIM1
SIM2
SIM3
SIM4
1
21
22
SIM5
SIM1
SIM2
SIM3
SIM4
1
21
22
SIM5
SIM1
SIM2
SIM3
SIM4
1
21
22
SIM5
SIM1
SIM2
SIM3
SIM4
1
21
22
SIM5
SIM1
SIM2
SIM3
SIM4
1
21
22
SIM5
SIM1
SIM2
SIM3
SIM4
1
21
22
SIM5
SIM1
SIM2
SIM3
SIM4
1
21
22
SIM5
SIM1
SIM2
SIM3
SIM4
1
21
22
SIM5
SIM1
SIM2
SIM3
SIM4
1
21
22
SIM5
SIM1
SIM2
SIM3
SIM4
1
21
22
SIM5
SIM1
SIM2
SIM3
SIM4
1
21
22
SIM5
SIM1
SIM2
SIM3
SIM4
1
21
22
SIM5
SIM1
SIM2
SIM3
SIM4
1
21
22
SIM5
SIM1
SIM2
SIM3
SIM4
1
21
22
SIM5
SIM1
SIM2
SIM3
SIM4
1
21
22
SIM5
SIM1
SIM2
SIM3
SIM4
1
21
22
SIM5
SIM1
SIM2
SIM3
SIM4
1
21
22
SIM5
SIM1
SIM2
SIM3
SIM4
1
21
22
SIM5
SIM1
SIM2
SIM3
SIM4
1
21
22
SIM5
SIM1
SIM2
SIM3
SIM4
1
21
22
SIM5
SIM1
SIM2
SIM3
SIM4
1
21
22
SIM5
SIM1
SIM2
SIM3
SIM4
1
21
22
SIM5
SIM1
SIM2
SIM3
SIM4
1
21
22
SIM5
SIM1
SIM2
SIM3
SIM4
1
21
22
SIM5
SIM1
SIM2
SIM3
SIM4
1
21
22
SIM5
SIM1
SIM2
SIM3
SIM4
1
21
22
SIM5
SIM1
SIM2
SIM3
SIM4
1
21
22
SIM5
SIM1
SIM2
SIM3
SIM4
1
21
22
SIM5
SIM1
SIM2
SIM3
SIM4
1
21
22
SIM5
SIM1
SIM2
SIM3
SIM4
1
21
22
SIM5
SIM1
SIM2
SIM3
SIM4
1
21
22
SIM5
SIM1
SIM2
SIM3
SIM4
1
21
22
SIM5
SIM1
SIM2
SIM3
SIM4
1
21
22
SIM5
SIM1
SIM2
SIM3
SIM4
1
21
22
SIM5
SIM1
SIM2
SIM3
SIM4
1
21
22
SIM5
SIM1
SIM2
SIM3
SIM4
1
21
22
SIM5
SIM1
SIM2
SIM3
SIM4
1
21
22
SIM5
SIM1
SIM2
SIM3
SIM4
1
21
22
SIM5
SIM1
SIM2
SIM3
SIM4
1
21
22
SIM5
SIM1
SIM2
SIM3
SIM4
1
21
22
SIM5
SIM1
SIM2
SIM3
SIM4
1
21
22
SIM5
SIM1
SIM2
SIM3
SIM4
1
21
22
SIM5
SIM1
SIM2
SIM3
SIM4
1
21
22
SIM5
SIM1
SIM2
SIM3
SIM4
1
21
22
SIM5
SIM1
SIM2
SIM3
SIM4
1
21
22
SIM5
SIM1
SIM2
SIM3
SIM4
1
21
22
SIM5
SIM1
SIM2
SIM3
SIM4
1
21
22
SIM5
SIM1
SIM2
SIM3
SIM4
1
21
22
SIM5
SIM1
SIM2
SIM3
SIM4
1
21
22
SIM5
SIM1
SIM2
SIM3
SIM4
1
21
22
SIM5
SIM1
SIM2
SIM3
SIM4
1
21
22
SIM5
SIM1
SIM2
SIM3
SIM4
1
21
22
SIM5
SIM1
SIM2
SIM3
SIM4
1
21
22
SIM5
SIM1
SIM2
SIM3
SIM4
1
21
22
SIM5
SIM1
SIM2
SIM3
SIM4
1
21
22
SIM5
SIM1
SIM2
SIM3
SIM4
1
21
22
SIM5
SIM1
SIM2
SIM3
SIM4
1
21
22
SIM5
SIM1
SIM2
SIM3
SIM4
1
21
22
SIM5
SIM1
SIM2
SIM3
SIM4
1
21
22
SIM5
SIM1
SIM2
SIM3
SIM4
1
21
22
SIM5
SIM1
SIM2
SIM3
SIM4
1
21
22
SIM5
SIM1
SIM2
SIM3
SIM4
1
21
22
SIM5
SIM1
SIM2
SIM3
SIM4
1
21
22
SIM5
SIM1
SIM2
SIM3
SIM4
1
21
22
SIM5
SIM1
SIM2
SIM3
SIM4
1
21
22
SIM5
SIM1
SIM2
SIM3
SIM4
1
21
22
SIM5
SIM1
SIM2
SIM3
SIM4
1
21
22
SIM5
SIM1
SIM2
SIM3
SIM4
1
21
22
SIM5
SIM1
SIM2
SIM3
SIM4
1
21
22
SIM5
SIM1
SIM2
SIM3
SIM4
1
21
22
SIM5
SIM1
SIM2
SIM3
SIM4
1
21
22
SIM5
SIM1
SIM2
SIM3
SIM4
1
21
22
SIM5
SIM1
SIM2
SIM3
SIM4
1
21
22
SIM5
SIM1
SIM2
SIM3
SIM4
1
21
22
SIM5
SIM1
SIM2
SIM3
SIM4
1
21
22
SIM5
SIM1
SIM2
SIM3
SIM4
1
21
22
SIM5
SIM1
SIM2
SIM3
SIM4
1
21
22
SIM5
SIM1
SIM2
SIM3
SIM4
1
21
22
SIM5
SIM1
SIM2
SIM3
SIM4
1
21
22
SIM5
SIM1
SIM2
SIM3
SIM4
1
21
22
SIM5
SIM1
SIM2
SIM3
SIM4
1
21
22
SIM5
SIM1
SIM2
SIM3
SIM4
1
21
22
SIM5
SIM1
SIM2
SIM3
SIM4
1
21
22
SIM5
SIM1
SIM2
SIM3
SIM4
1
21
22
SIM5
SIM1
SIM2
SIM3
SIM4
1
21
22
SIM5
SIM1
SIM2
SIM3
SIM4
1
21
22
SIM5
SIM1
SIM2
SIM3
SIM4
1
21
22
SIM5
SIM1
SIM2
SIM3
SIM4
1
21
22
SIM5
SIM1
SIM2
SIM3
SIM4
1
21
22
SIM5
SIM1
SIM2
SIM3
SIM4
1
21
22
SIM5
SIM1
SIM2
SIM3
SIM4
1
21
22
SIM5
SIM1
SIM2
SIM3
SIM4
1
21
22
SIM5
SIM1
SIM2
SIM3
SIM4
1
21
22
SIM5
SIM1
SIM2
SIM3
SIM4
1
21
22
SIM5
SIM1
SIM2
SIM3
SIM4
1
21
22
SIM5
SIM1
SIM2
SIM3
SIM4
1
21
22
SIM5
SIM1
SIM2
SIM3
SIM4
1
21
22
SIM5
SIM1
SIM2
SIM3
SIM4
1
21
22
SIM5
SIM1
SIM2
SIM3
SIM4
1
21
22
SIM5
SIM1
SIM2
SIM3
SIM4
1
21
22
SIM5
SIM1
SIM2
SIM3
SIM4
1
21
22
SIM5
SIM1
SIM2
SIM3
SIM4
1
21
22
SIM5
SIM1
SIM2
SIM3
SIM4
1
21
22
SIM5
SIM1
SIM2
SIM3
SIM4
1
21
22
SIM5
SIM1
SIM2
SIM3
SIM4
1
21
22
SIM5
SIM1
SIM2
SIM3
SIM4
1
21
22
SIM5
SIM1
SIM2
SIM3
SIM4
1
21
22
SIM5
SIM1
SIM2
SIM3
SIM4
1
21
22
SIM5
SIM1
SIM2
SIM3
SIM4
1
21
22
SIM5
SIM1
SIM2
SIM3
SIM4
1
21
22
SIM5
SIM1
SIM2
SIM3
SIM4
1
21
22
SIM5
SIM1
SIM2
SIM3
SIM4
1
21
22
SIM5
SIM1
SIM2
DEBUG 1 266
SIM1
SIM2
SIM3
SIM4
1
21
22
SIM5
SIM1
SIM2
SIM3
SIM4
1
21
22
SIM5
SIM1
SIM2
SIM3
SIM4
1
21
22
SIM5
SIM1
SIM2
SIM3
SIM4
1
21
22
SIM5
SIM1
SIM2
SIM3
SIM4
1
21
22
SIM5
SIM1
SIM2
SIM3
SIM4
1
21
22
SIM5
SIM1
SIM2
SIM3
SIM4
1
21
22
SIM5
SIM1
SIM2
SIM3
SIM4
1
21
22
SIM5
SIM1
SIM2
SIM3
SIM4
1
21
22
SIM5
SIM1
SIM2
SIM3
SIM4
1
21
22
SIM5
SIM1
SIM2
SIM3
SIM4
1
21
22
SIM5
SIM1
SIM2
SIM3
SIM4
1
21
22
SIM5
SIM1
SIM2
SIM3
SIM4
1
21
22
SIM5
SIM1
SIM2
SIM3
SIM4
1
21
22
SIM5
SIM1
SIM2
SIM3
SIM4
1
21
22
SIM5
SIM1
SIM2
SIM3
SIM4
1
21
22
SIM5
SIM1
SIM2
SIM3
SIM4
1
21
22
SIM5
SIM1
SIM2
SIM3
SIM4
1
21
22
SIM5
SIM1
SIM2
SIM3
SIM4
1
21
22
SIM5
SIM1
SIM2
SIM3
SIM4
1
21
22
SIM5
SIM1
SIM2
SIM3
SIM4
1
21
22
SIM5
SIM1
SIM2
SIM3
SIM4
1
21
22
SIM5
SIM1
SIM2
SIM3
SIM4
1
21
22
SIM5
SIM1
SIM2
SIM3
SIM4
1
21
22
SIM5
SIM1
SIM2
SIM3
SIM4
1
21
22
SIM5
SIM1
SIM2
SIM3
SIM4
1
21
22
SIM5
SIM1
SIM2
SIM3
SIM4
1
21
22
SIM5
SIM1
SIM2
SIM3
SIM4
1
21
22
SIM5
SIM1
SIM2
SIM3
SIM4
1
21
22
SIM5
SIM1
SIM2
SIM3
SIM4
1
21
22
SIM5
SIM1
SIM2
SIM3
SIM4
1
21
22
SIM5
SIM1
SIM2
SIM3
SIM4
1
21
22
SIM5
SIM1
SIM2
SIM3
SIM4
1
21
22
SIM5
SIM1
SIM2
SIM3
SIM4
1
21
22
SIM5
SIM1
SIM2
SIM3
SIM4
1
21
22
SIM5
SIM1
SIM2
SIM3
SIM4
1
21
22
SIM5
SIM1
SIM2
SIM3
SIM4
1
21
22
SIM5
SIM1
SIM2
SIM3
SIM4
1
21
22
SIM5
SIM1
SIM2
SIM3
SIM4
1
21
22
SIM5
SIM1
SIM2
SIM3
SIM4
1
21
22
SIM5
SIM1
SIM2
SIM3
SIM4
1
21
22
SIM5
SIM1
SIM2
SIM3
SIM4
1
21
22
SIM5
SIM1
SIM2
SIM3
SIM4
1
21
22
SIM5
SIM1
SIM2
SIM3
SIM4
1
21
22
SIM5
SIM1
SIM2
SIM3
SIM4
1
21
22
SIM5
SIM1
SIM2
SIM3
SIM4
1
21
22
SIM5
SIM1
SIM2
SIM3
SIM4
1
21
22
SIM5
SIM1
SIM2
SIM3
SIM4
1
21
22
SIM5
SIM1
SIM2
SIM3
SIM4
1
21
22
SIM5
SIM1
SIM2
SIM3
SIM4
1
21
22
SIM5
SIM1
SIM2
SIM3
SIM4
1
21
22
SIM5
SIM1
SIM2
SIM3
SIM4
1
21
22
SIM5
SIM1
SIM2
SIM3
SIM4
1
21
22
SIM5
SIM1
SIM2
SIM3
SIM4
1
21
22
SIM5
SIM1
SIM2
SIM3
SIM4
1
21
22
SIM5
SIM1
SIM2
SIM3
SIM4
1
21
22
SIM5
SIM1
SIM2
SIM3
SIM4
1
21
22
SIM5
SIM1
SIM2
SIM3
SIM4
1
21
22
SIM5
SIM1
SIM2
SIM3
SIM4
1
21
22
SIM5
SIM1
SIM2
SIM3
SIM4
1
21
22
SIM5
SIM1
SIM2
SIM3
SIM4
1
21
22
SIM5
SIM1
SIM2
SIM3
SIM4
1
21
22
SIM5
SIM1
SIM2
SIM3
SIM4
1
21
22
SIM5
SIM1
SIM2
SIM3
SIM4
1
21
22
SIM5
SIM1
SIM2
SIM3
SIM4
1
21
22
SIM5
SIM1
SIM2
SIM3
SIM4
1
21
22
SIM5
SIM1
SIM2
SIM3
SIM4
1
21
22
SIM5
SIM1
SIM2
SIM3
SIM4
1
21
22
SIM5
SIM1
SIM2
SIM3
SIM4
1
21
22
SIM5
SIM1
SIM2
SIM3
SIM4
1
21
22
SIM5
SIM1
SIM2
SIM3
SIM4
1
21
22
SIM5
SIM1
SIM2
SIM3
SIM4
1
21
22
SIM5
SIM1
SIM2
SIM3
SIM4
1
21
22
SIM5
SIM1
SIM2
SIM3
SIM4
1
21
22
SIM5
SIM1
SIM2
SIM3
SIM4
1
21
22
SIM5
SIM1
SIM2
SIM3
SIM4
1
21
22
SIM5
SIM1
SIM2
SIM3
SIM4
1
21
22
SIM5
SIM1
SIM2
SIM3
SIM4
1
21
22
SIM5
SIM1
SIM2
SIM3
SIM4
1
21
22
SIM5
SIM1
SIM2
SIM3
SIM4
1
21
22
SIM5
SIM1
SIM2
SIM3
SIM4
1
21
22
SIM5
SIM1
SIM2
SIM3
SIM4
1
21
22
SIM5
SIM1
SIM2
SIM3
SIM4
1
21
22
SIM5
SIM1
SIM2
SIM3
SIM4
1
21
22
SIM5
SIM1
SIM2
SIM3
SIM4
1
21
22
SIM5
SIM1
SIM2
SIM3
SIM4
1
21
22
SIM5
SIM1
SIM2
SIM3
SIM4
1
21
22
SIM5
SIM1
SIM2
SIM3
SIM4
1
21
22
SIM5
SIM1
SIM2
SIM3
SIM4
1
21
22
SIM5
SIM1
SIM2
SIM3
SIM4
1
21
22
SIM5
SIM1
SIM2
SIM3
SIM4
1
21
22
SIM5
SIM1
SIM2
SIM3
SIM4
1
21
22
SIM5
SIM1
SIM2
SIM3
SIM4
1
21
22
SIM5
SIM1
SIM2
SIM3
SIM4
1
21
22
SIM5
SIM1
SIM2
SIM3
SIM4
1
21
22
SIM5
SIM1
SIM2
SIM3
SIM4
1
21
22
SIM5
SIM1
SIM2
SIM3
SIM4
1
21
22
SIM5
SIM1
SIM2
SIM3
SIM4
1
21
22
SIM5
SIM1
SIM2
SIM3
SIM4
1
21
22
SIM5
SIM1
SIM2
SIM3
SIM4
1
21
22
SIM5
SIM1
SIM2
SIM3
SIM4
1
21
22
SIM5
SIM1
SIM2
SIM3
SIM4
1
21
22
SIM5
SIM1
SIM2
SIM3
SIM4
1
21
22
SIM5
SIM1
SIM2
SIM3
SIM4
1
21
22
SIM5
SIM1
SIM2
SIM3
SIM4
1
21
22
SIM5
SIM1
SIM2
SIM3
SIM4
1
21
22
SIM5
SIM1
SIM2
SIM3
SIM4
1
21
22
SIM5
SIM1
SIM2
SIM3
SIM4
1
21
22
SIM5
SIM1
SIM2
SIM3
SIM4
1
21
22
SIM5
SIM1
SIM2
SIM3
SIM4
1
21
22
SIM5
SIM1
SIM2
SIM3
SIM4
1
21
22
SIM5
SIM1
SIM2
SIM3
SIM4
1
21
22
SIM5
SIM1
SIM2
SIM3
SIM4
1
21
22
SIM5
SIM1
SIM2
SIM3
SIM4
1
21
22
SIM5
SIM1
SIM2
SIM3
SIM4
1
21
22
SIM5
SIM1
SIM2
SIM3
SIM4
1
21
22
SIM5
SIM1
SIM2
SIM3
SIM4
1
21
22
SIM5
SIM1
SIM2
SIM3
SIM4
1
21
22
SIM5
SIM1
SIM2
SIM3
SIM4
1
21
22
SIM5
SIM1
SIM2
SIM3
SIM4
1
21
22
SIM5
SIM1
SIM2
SIM3
SIM4
1
21
22
SIM5
SIM1
SIM2
DEBUG 1 267
SIM1
SIM2
SIM3
SIM4
1
21
22
SIM5
SIM1
SIM2
SIM3
SIM4
1
21
22
SIM5
SIM1
SIM2
SIM3
SIM4
1
21
22
SIM5
SIM1
SIM2
SIM3
SIM4
1
21
22
SIM5
SIM1
SIM2
SIM3
SIM4
1
21
22
SIM5
SIM1
SIM2
SIM3
SIM4
1
21
22
SIM5
SIM1
SIM2
SIM3
SIM4
1
21
22
SIM5
SIM1
SIM2
SIM3
SIM4
1
21
22
SIM5
SIM1
SIM2
SIM3
SIM4
1
21
22
SIM5
SIM1
SIM2
SIM3
SIM4
1
21
22
SIM5
SIM1
SIM2
SIM3
SIM4
1
21
22
SIM5
SIM1
SIM2
SIM3
SIM4
1
21
22
SIM5
SIM1
SIM2
SIM3
SIM4
1
21
22
SIM5
SIM1
SIM2
SIM3
SIM4
1
21
22
SIM5
SIM1
SIM2
SIM3
SIM4
1
21
22
SIM5
SIM1
SIM2
SIM3
SIM4
1
21
22
SIM5
SIM1
SIM2
SIM3
SIM4
1
21
22
SIM5
SIM1
SIM2
SIM3
SIM4
1
21
22
SIM5
SIM1
SIM2
SIM3
SIM4
1
21
22
SIM5
SIM1
SIM2
SIM3
SIM4
1
21
22
SIM5
SIM1
SIM2
SIM3
SIM4
1
21
22
SIM5
SIM1
SIM2
DEBUG 1 268
SIM1
SIM2
SIM3
SIM4
1
21
22
SIM5
SIM1
SIM2
SIM3
SIM4
1
21
22
SIM5
SIM1
SIM2
SIM3
SIM4
1
21
22
SIM5
SIM1
SIM2
SIM3
SIM4
1
21
22
SIM5
SIM1
SIM2
SIM3
SIM4
1
21
22
SIM5
SIM1
SIM2
SIM3
SIM4
1
21
22
SIM5
SIM1
SIM2
SIM3
SIM4
1
21
22
SIM5
SIM1
SIM2
SIM3
SIM4
1
21
22
SIM5
SIM1
SIM2
SIM3
SIM4
1
21
22
SIM5
SIM1
SIM2
SIM3
SIM4
1
21
22
SIM5
SIM1
SIM2
SIM3
SIM4
1
21
22
SIM5
SIM1
SIM2
SIM3
SIM4
1
21
22
SIM5
SIM1
SIM2
SIM3
SIM4
1
21
22
SIM5
SIM1
SIM2
SIM3
SIM4
1
21
22
SIM5
SIM1
SIM2
SIM3
SIM4
1
21
22
SIM5
SIM1
SIM2
SIM3
SIM4
1
21
22
SIM5
SIM1
SIM2
SIM3
SIM4
1
21
22
SIM5
SIM1
SIM2
SIM3
SIM4
1
21
22
SIM5
SIM1
SIM2
SIM3
SIM4
1
21
22
SIM5
SIM1
SIM2
SIM3
SIM4
1
21
22
SIM5
SIM1
SIM2
SIM3
SIM4
1
21
22
SIM5
SIM1
SIM2
SIM3
SIM4
1
21
22
SIM5
SIM1
SIM2
SIM3
SIM4
1
21
22
SIM5
SIM1
SIM2
SIM3
SIM4
1
21
22
SIM5
SIM1
SIM2
SIM3
SIM4
1
21
22
SIM5
SIM1
SIM2
SIM3
SIM4
1
21
22
SIM5
SIM1
SIM2
SIM3
SIM4
1
21
22
SIM5
SIM1
SIM2
SIM3
SIM4
1
21
22
SIM5
SIM1
SIM2
SIM3
SIM4
1
21
22
SIM5
SIM1
SIM2
SIM3
SIM4
1
21
22
SIM5
SIM1
SIM2
SIM3
SIM4
1
21
22
SIM5
SIM1
SIM2
SIM3
SIM4
1
21
22
SIM5
SIM1
SIM2
SIM3
SIM4
1
21
22
SIM5
SIM1
SIM2
SIM3
SIM4
1
21
22
SIM5
SIM1
SIM2
SIM3
SIM4
1
21
22
SIM5
SIM1
SIM2
SIM3
SIM4
1
21
22
SIM5
SIM1
SIM2
SIM3
SIM4
1
21
22
SIM5
SIM1
SIM2
SIM3
SIM4
1
21
22
SIM5
SIM1
SIM2
SIM3
SIM4
1
21
22
SIM5
SIM1
SIM2
SIM3
SIM4
1
21
22
SIM5
SIM1
SIM2
SIM3
SIM4
1
21
22
SIM5
SIM1
SIM2
SIM3
SIM4
1
21
22
SIM5
SIM1
SIM2
SIM3
SIM4
1
21
22
SIM5
SIM1
SIM2
SIM3
SIM4
1
21
22
SIM5
SIM1
SIM2
SIM3
SIM4
1
21
22
SIM5
SIM1
SIM2
SIM3
SIM4
1
21
22
SIM5
SIM1
SIM2
SIM3
SIM4
1
21
22
SIM5
SIM1
SIM2
SIM3
SIM4
1
21
22
SIM5
SIM1
SIM2
SIM3
SIM4
1
21
22
SIM5
SIM1
SIM2
SIM3
SIM4
1
21
22
SIM5
SIM1
SIM2
SIM3
SIM4
1
21
22
SIM5
SIM1
SIM2
SIM3
SIM4
1
21
22
SIM5
SIM1
SIM2
SIM3
SIM4
1
21
22
SIM5
SIM1
SIM2
SIM3
SIM4
1
21
22
SIM5
SIM1
SIM2
SIM3
SIM4
1
21
22
SIM5
SIM1
SIM2
SIM3
SIM4
1
21
22
SIM5
SIM1
SIM2
SIM3
SIM4
1
21
22
SIM5
SIM1
SIM2
SIM3
SIM4
1
21
22
SIM5
SIM1
SIM2
SIM3
SIM4
1
21
22
SIM5
SIM1
SIM2
SIM3
SIM4
1
21
22
SIM5
SIM1
SIM2
SIM3
SIM4
1
21
22
SIM5
SIM1
SIM2
SIM3
SIM4
1
21
22
SIM5
SIM1
SIM2
SIM3
SIM4
1
21
22
SIM5
SIM1
SIM2
SIM3
SIM4
1
21
22
SIM5
SIM1
SIM2
SIM3
SIM4
1
21
22
SIM5
SIM1
SIM2
SIM3
SIM4
1
21
22
SIM5
SIM1
SIM2
SIM3
SIM4
1
21
22
SIM5
SIM1
SIM2
SIM3
SIM4
1
21
22
SIM5
SIM1
SIM2
SIM3
SIM4
1
21
22
SIM5
SIM1
SIM2
SIM3
SIM4
1
21
22
SIM5
SIM1
SIM2
SIM3
SIM4
1
21
22
SIM5
SIM1
SIM2
SIM3
SIM4
1
21
22
SIM5
SIM1
SIM2
SIM3
SIM4
1
21
22
SIM5
SIM1
SIM2
SIM3
SIM4
1
21
22
SIM5
SIM1
SIM2
SIM3
SIM4
1
21
22
SIM5
SIM1
SIM2
SIM3
SIM4
1
21
22
SIM5
SIM1
SIM2
SIM3
SIM4
1
21
22
SIM5
SIM1
SIM2
SIM3
SIM4
1
21
22
SIM5
SIM1
SIM2
SIM3
SIM4
1
21
22
SIM5
SIM1
SIM2
SIM3
SIM4
1
21
22
SIM5
SIM1
SIM2
SIM3
SIM4
1
21
22
SIM5
SIM1
SIM2
SIM3
SIM4
1
21
22
SIM5
SIM1
SIM2
SIM3
SIM4
1
21
22
SIM5
SIM1
SIM2
SIM3
SIM4
1
21
22
SIM5
SIM1
SIM2
SIM3
SIM4
1
21
22
SIM5
SIM1
SIM2
SIM3
SIM4
1
21
22
SIM5
SIM1
SIM2
SIM3
SIM4
1
21
22
SIM5
SIM1
SIM2
SIM3
SIM4
1
21
22
SIM5
SIM1
SIM2
SIM3
SIM4
1
21
22
SIM5
SIM1
SIM2
SIM3
SIM4
1
21
22
SIM5
SIM1
SIM2
SIM3
SIM4
1
21
22
SIM5
SIM1
SIM2
SIM3
SIM4
1
21
22
SIM5
SIM1
SIM2
SIM3
SIM4
1
21
22
SIM5
SIM1
SIM2
SIM3
SIM4
1
21
22
SIM5
SIM1
SIM2
SIM3
SIM4
1
21
22
SIM5
SIM1
SIM2
SIM3
SIM4
1
21
22
SIM5
SIM1
SIM2
SIM3
SIM4
1
21
22
SIM5
SIM1
SIM2
SIM3
SIM4
1
21
22
SIM5
SIM1
SIM2
SIM3
SIM4
1
21
22
SIM5
SIM1
SIM2
SIM3
SIM4
1
21
22
SIM5
SIM1
SIM2
SIM3
SIM4
1
21
22
SIM5
SIM1
SIM2
SIM3
SIM4
1
21
22
SIM5
SIM1
SIM2
SIM3
SIM4
1
21
22
SIM5
SIM1
SIM2
SIM3
SIM4
1
21
22
SIM5
SIM1
SIM2
SIM3
SIM4
1
21
22
SIM5
SIM1
SIM2
SIM3
SIM4
1
21
22
SIM5
SIM1
SIM2
SIM3
SIM4
1
21
22
SIM5
SIM1
SIM2
SIM3
SIM4
1
21
22
SIM5
SIM1
SIM2
SIM3
SIM4
1
21
22
SIM5
SIM1
SIM2
SIM3
SIM4
1
21
22
SIM5
SIM1
SIM2
SIM3
SIM4
1
21
22
SIM5
SIM1
SIM2
SIM3
SIM4
1
21
22
SIM5
SIM1
SIM2
SIM3
SIM4
1
21
22
SIM5
SIM1
SIM2
SIM3
SIM4
1
21
22
SIM5
SIM1
SIM2
SIM3
SIM4
1
21
22
SIM5
SIM1
SIM2
SIM3
SIM4
1
21
22
SIM5
SIM1
SIM2
SIM3
SIM4
1
21
22
SIM5
SIM1
SIM2
SIM3
SIM4
1
21
22
SIM5
SIM1
SIM2
SIM3
SIM4
1
21
22
SIM5
SIM1
SIM2
SIM3
SIM4
1
21
22
SIM5
SIM1
SIM2
SIM3
SIM4
1
21
22
SIM5
SIM1
SIM2
SIM3
SIM4
1
21
22
SIM5
SIM1
SIM2
SIM3
SIM4
1
21
22
SIM5
SIM1
SIM2
SIM3
SIM4
1
21
22
SIM5
SIM1
SIM2
SIM3
SIM4
1
21
22
SIM5
SIM1
SIM2
SIM3
SIM4
1
21
22
SIM5
SIM1
SIM2
SIM3
SIM4
1
21
22
SIM5
SIM1
SIM2
SIM3
SIM4
1
21
22
SIM5
SIM1
SIM2
SIM3
SIM4
1
21
22
SIM5
SIM1
SIM2
DEBUG 1 269
SIM1
SIM2
SIM3
SIM4
1
21
22
SIM5
SIM1
SIM2
SIM3
SIM4
1
21
22
SIM5
SIM1
SIM2
SIM3
SIM4
1
21
22
SIM5
SIM1
SIM2
SIM3
SIM4
1
21
22
SIM5
SIM1
SIM2
SIM3
SIM4
1
21
22
SIM5
SIM1
SIM2
SIM3
SIM4
1
21
22
SIM5
SIM1
SIM2
SIM3
SIM4
1
21
22
SIM5
SIM1
SIM2
SIM3
SIM4
1
21
22
SIM5
SIM1
SIM2
SIM3
SIM4
1
21
22
SIM5
SIM1
SIM2
SIM3
SIM4
1
21
22
SIM5
SIM1
SIM2
SIM3
SIM4
1
21
22
SIM5
SIM1
SIM2
SIM3
SIM4
1
21
22
SIM5
SIM1
SIM2
SIM3
SIM4
1
21
22
SIM5
SIM1
SIM2
SIM3
SIM4
1
21
22
SIM5
SIM1
SIM2
SIM3
SIM4
1
21
22
SIM5
SIM1
SIM2
SIM3
SIM4
1
21
22
SIM5
SIM1
SIM2
SIM3
SIM4
1
21
22
SIM5
SIM1
SIM2
SIM3
SIM4
1
21
22
SIM5
SIM1
SIM2
SIM3
SIM4
1
21
22
SIM5
SIM1
SIM2
SIM3
SIM4
1
21
22
SIM5
SIM1
SIM2
SIM3
SIM4
1
21
22
SIM5
SIM1
SIM2
SIM3
SIM4
1
21
22
SIM5
SIM1
SIM2
SIM3
SIM4
1
21
22
SIM5
SIM1
SIM2
SIM3
SIM4
1
21
22
SIM5
SIM1
SIM2
SIM3
SIM4
1
21
22
SIM5
SIM1
SIM2
SIM3
SIM4
1
21
22
SIM5
SIM1
SIM2
SIM3
SIM4
1
21
22
SIM5
SIM1
SIM2
SIM3
SIM4
1
21
22
SIM5
SIM1
SIM2
SIM3
SIM4
1
21
22
SIM5
SIM1
SIM2
SIM3
SIM4
1
21
22
SIM5
SIM1
SIM2
SIM3
SIM4
1
21
22
SIM5
SIM1
SIM2
SIM3
SIM4
1
21
22
SIM5
SIM1
SIM2
SIM3
SIM4
1
21
22
SIM5
SIM1
SIM2
SIM3
SIM4
1
21
22
SIM5
SIM1
SIM2
SIM3
SIM4
1
21
22
SIM5
SIM1
SIM2
SIM3
SIM4
1
21
22
SIM5
SIM1
SIM2
SIM3
SIM4
1
21
22
SIM5
SIM1
SIM2
SIM3
SIM4
1
21
22
SIM5
SIM1
SIM2
SIM3
SIM4
1
21
22
SIM5
SIM1
SIM2
SIM3
SIM4
1
21
22
SIM5
SIM1
SIM2
SIM3
SIM4
1
21
22
SIM5
SIM1
SIM2
SIM3
SIM4
1
21
22
SIM5
SIM1
SIM2
SIM3
SIM4
1
21
22
SIM5
SIM1
SIM2
SIM3
SIM4
1
21
22
SIM5
SIM1
SIM2
SIM3
SIM4
1
21
22
SIM5
SIM1
SIM2
SIM3
SIM4
1
21
22
SIM5
SIM1
SIM2
SIM3
SIM4
1
21
22
SIM5
SIM1
SIM2
SIM3
SIM4
1
21
22
SIM5
SIM1
SIM2
SIM3
SIM4
1
21
22
SIM5
SIM1
SIM2
SIM3
SIM4
1
21
22
SIM5
SIM1
SIM2
SIM3
SIM4
1
21
22
SIM5
SIM1
SIM2
SIM3
SIM4
1
21
22
SIM5
SIM1
SIM2
SIM3
SIM4
1
21
22
SIM5
SIM1
SIM2
SIM3
SIM4
1
21
22
SIM5
SIM1
SIM2
SIM3
SIM4
1
21
22
SIM5
SIM1
SIM2
SIM3
SIM4
1
21
22
SIM5
SIM1
SIM2
SIM3
SIM4
1
21
22
SIM5
SIM1
SIM2
SIM3
SIM4
1
21
22
SIM5
SIM1
SIM2
SIM3
SIM4
1
21
22
SIM5
SIM1
SIM2
SIM3
SIM4
1
21
22
SIM5
SIM1
SIM2
SIM3
SIM4
1
21
22
SIM5
SIM1
SIM2
SIM3
SIM4
1
21
22
SIM5
SIM1
SIM2
SIM3
SIM4
1
21
22
SIM5
SIM1
SIM2
SIM3
SIM4
1
21
22
SIM5
SIM1
SIM2
SIM3
SIM4
1
21
22
SIM5
SIM1
SIM2
SIM3
SIM4
1
21
22
SIM5
SIM1
SIM2
SIM3
SIM4
1
21
22
SIM5
SIM1
SIM2
SIM3
SIM4
1
21
22
SIM5
SIM1
SIM2
SIM3
SIM4
1
21
22
SIM5
SIM1
SIM2
SIM3
SIM4
1
21
22
SIM5
SIM1
SIM2
SIM3
SIM4
1
21
22
SIM5
SIM1
SIM2
SIM3
SIM4
1
21
22
SIM5
SIM1
SIM2
SIM3
SIM4
1
21
22
SIM5
SIM1
SIM2
SIM3
SIM4
1
21
22
SIM5
SIM1
SIM2
SIM3
SIM4
1
21
22
SIM5
SIM1
SIM2
SIM3
SIM4
1
21
22
SIM5
SIM1
SIM2
SIM3
SIM4
1
21
22
SIM5
SIM1
SIM2
SIM3
SIM4
1
21
22
SIM5
SIM1
SIM2
SIM3
SIM4
1
21
22
SIM5
SIM1
SIM2
SIM3
SIM4
1
21
22
SIM5
SIM1
SIM2
SIM3
SIM4
1
21
22
SIM5
SIM1
SIM2
SIM3
SIM4
1
21
22
SIM5
SIM1
SIM2
SIM3
SIM4
1
21
22
SIM5
SIM1
SIM2
SIM3
SIM4
1
21
22
SIM5
SIM1
SIM2
SIM3
SIM4
1
21
22
SIM5
SIM1
SIM2
SIM3
SIM4
1
21
22
SIM5
SIM1
SIM2
SIM3
SIM4
1
21
22
SIM5
SIM1
SIM2
SIM3
SIM4
1
21
22
SIM5
SIM1
SIM2
SIM3
SIM4
1
21
22
SIM5
SIM1
SIM2
SIM3
SIM4
1
21
22
SIM5
SIM1
SIM2
SIM3
SIM4
1
21
22
SIM5
SIM1
SIM2
SIM3
SIM4
1
21
22
SIM5
SIM1
SIM2
SIM3
SIM4
1
21
22
SIM5
SIM1
SIM2
SIM3
SIM4
1
21
22
SIM5
SIM1
SIM2
SIM3
SIM4
1
21
22
SIM5
SIM1
SIM2
SIM3
SIM4
1
21
22
SIM5
SIM1
SIM2
SIM3
SIM4
1
21
22
SIM5
SIM1
SIM2
SIM3
SIM4
1
21
22
SIM5
SIM1
SIM2
SIM3
SIM4
1
21
22
SIM5
SIM1
SIM2
SIM3
SIM4
1
21
22
SIM5
SIM1
SIM2
SIM3
SIM4
1
21
22
SIM5
SIM1
SIM2
SIM3
SIM4
1
21
22
SIM5
SIM1
SIM2
SIM3
SIM4
1
21
22
SIM5
SIM1
SIM2
SIM3
SIM4
1
21
22
SIM5
SIM1
SIM2
SIM3
SIM4
1
21
22
SIM5
SIM1
SIM2
SIM3
SIM4
1
21
22
SIM5
SIM1
SIM2
SIM3
SIM4
1
21
22
SIM5
SIM1
SIM2
SIM3
SIM4
1
21
22
SIM5
SIM1
SIM2
SIM3
SIM4
1
21
22
SIM5
SIM1
SIM2
SIM3
SIM4
1
21
22
SIM5
SIM1
SIM2
SIM3
SIM4
1
21
22
SIM5
SIM1
SIM2
SIM3
SIM4
1
21
22
SIM5
SIM1
SIM2
SIM3
SIM4
1
21
22
SIM5
SIM1
SIM2
SIM3
SIM4
1
21
22
SIM5
SIM1
SIM2
SIM3
SIM4
1
21
22
SIM5
SIM1
SIM2
SIM3
SIM4
1
21
22
SIM5
SIM1
SIM2
SIM3
SIM4
1
21
22
SIM5
SIM1
SIM2
SIM3
SIM4
1
21
22
SIM5
SIM1
SIM2
SIM3
SIM4
1
21
22
SIM5
SIM1
SIM2
SIM3
SIM4
1
21
22
SIM5
SIM1
SIM2
SIM3
SIM4
1
21
22
SIM5
SIM1
SIM2
SIM3
SIM4
1
21
22
SIM5
SIM1
SIM2
SIM3
SIM4
1
21
22
SIM5
SIM1
SIM2
SIM3
SIM4
1
21
22
SIM5
SIM1
SIM2
SIM3
SIM4
1
21
22
SIM5
SIM1
SIM2
SIM3
SIM4
1
21
22
SIM5
SIM1
SIM2
SIM3
SIM4
1
21
22
SIM5
SIM1
SIM2
SIM3
SIM4
1
21
22
SIM5
SIM1
SIM2
SIM3
SIM4
1
21
22
SIM5
SIM1
SIM2
SIM3
SIM4
1
21
22
SIM5
SIM1
SIM2
SIM3
SIM4
1
21
22
SIM5
SIM1
SIM2
SIM3
SIM4
1
21
22
SIM5
SIM1
SIM2
SIM3
SIM4
1
21
22
SIM5
SIM1
SIM2
SIM3
SIM4
1
21
22
SIM5
SIM1
SIM2
SIM3
SIM4
1
21
22
SIM5
SIM1
SIM2
SIM3
SIM4
1
21
22
SIM5
SIM1
SIM2
SIM3
SIM4
1
21
22
SIM5
SIM1
SIM2
SIM3
SIM4
1
21
22
SIM5
SIM1
SIM2
SIM3
SIM4
1
21
22
SIM5
SIM1
SIM2
SIM3
SIM4
1
21
22
SIM5
SIM1
SIM2
SIM3
SIM4
1
21
22
SIM5
SIM1
SIM2
SIM3
SIM4
1
21
22
SIM5
SIM1
SIM2
SIM3
SIM4
1
21
22
SIM5
SIM1
SIM2
SIM3
SIM4
1
21
22
SIM5
SIM1
SIM2
SIM3
SIM4
1
21
22
SIM5
SIM1
SIM2
SIM3
SIM4
1
21
22
SIM5
SIM1
SIM2
SIM3
SIM4
1
21
22
SIM5
SIM1
SIM2
SIM3
SIM4
1
21
22
SIM5
SIM1
SIM2
SIM3
SIM4
1
21
22
SIM5
SIM1
SIM2
SIM3
SIM4
1
21
22
SIM5
SIM1
SIM2
SIM3
SIM4
1
21
22
SIM5
SIM1
SIM2
SIM3
SIM4
1
21
22
SIM5
SIM1
SIM2
SIM3
SIM4
1
21
22
SIM5
SIM1
SIM2
SIM3
SIM4
1
21
22
SIM5
SIM1
SIM2
SIM3
SIM4
1
21
22
SIM5
SIM1
SIM2
SIM3
SIM4
1
21
22
SIM5
SIM1
SIM2
SIM3
SIM4
1
21
22
SIM5
SIM1
SIM2
SIM3
SIM4
1
21
22
SIM5
SIM1
SIM2
SIM3
SIM4
1
21
22
SIM5
SIM1
SIM2
SIM3
SIM4
1
21
22
SIM5
SIM1
SIM2
SIM3
SIM4
1
21
22
SIM5
SIM1
SIM2
SIM3
SIM4
1
21
22
SIM5
SIM1
SIM2
SIM3
SIM4
1
21
22
SIM5
SIM1
SIM2
SIM3
SIM4
1
21
22
SIM5
SIM1
SIM2
SIM3
SIM4
1
21
22
SIM5
SIM1
SIM2
SIM3
SIM4
1
21
22
SIM5
SIM1
SIM2
SIM3
SIM4
1
21
22
SIM5
SIM1
SIM2
SIM3
SIM4
1
21
22
SIM5
SIM1
SIM2
SIM3
SIM4
1
21
22
SIM5
SIM1
SIM2
SIM3
SIM4
1
21
22
SIM5
SIM1
SIM2
SIM3
SIM4
1
21
22
SIM5
SIM1
SIM2
SIM3
SIM4
1
21
22
SIM5
SIM1
SIM2
SIM3
SIM4
1
21
22
SIM5
SIM1
SIM2
SIM3
SIM4
1
21
22
SIM5
SIM1
SIM2
SIM3
SIM4
1
21
22
SIM5
SIM1
SIM2
SIM3
SIM4
1
21
22
SIM5
SIM1
SIM2
SIM3
SIM4
1
21
22
SIM5
SIM1
SIM2
SIM3
SIM4
1
21
22
SIM5
SIM1
SIM2
SIM3
SIM4
1
21
22
SIM5
SIM1
SIM2
SIM3
SIM4
1
21
22
SIM5
SIM1
SIM2
SIM3
SIM4
1
21
22
SIM5
SIM1
SIM2
SIM3
SIM4
1
21
22
SIM5
SIM1
SIM2
SIM3
SIM4
1
21
22
SIM5
SIM1
SIM2
SIM3
SIM4
1
21
22
SIM5
SIM1
SIM2
SIM3
SIM4
1
21
22
SIM5
SIM1
SIM2
SIM3
SIM4
1
21
22
SIM5
SIM1
SIM2
SIM3
SIM4
1
21
22
SIM5
SIM1
SIM2
SIM3
SIM4
1
21
22
SIM5
SIM1
SIM2
SIM3
SIM4
1
21
22
SIM5
SIM1
SIM2
SIM3
SIM4
1
21
22
SIM5
SIM1
SIM2
DEBUG 1 270
SIM1
SIM2
SIM3
SIM4
1
21
22
SIM5
SIM1
SIM2
SIM3
SIM4
1
21
22
SIM5
SIM1
SIM2
SIM3
SIM4
1
21
22
SIM5
SIM1
SIM2
SIM3
SIM4
1
21
22
SIM5
SIM1
SIM2
SIM3
SIM4
1
21
22
SIM5
SIM1
SIM2
SIM3
SIM4
1
21
22
SIM5
SIM1
SIM2
SIM3
SIM4
1
21
22
SIM5
SIM1
SIM2
SIM3
SIM4
1
21
22
SIM5
SIM1
SIM2
SIM3
SIM4
1
21
22
SIM5
SIM1
SIM2
SIM3
SIM4
1
21
22
SIM5
SIM1
SIM2
SIM3
SIM4
1
21
22
SIM5
SIM1
SIM2
SIM3
SIM4
1
21
22
SIM5
SIM1
SIM2
SIM3
SIM4
1
21
22
SIM5
SIM1
SIM2
SIM3
SIM4
1
21
22
SIM5
SIM1
SIM2
SIM3
SIM4
1
21
22
SIM5
SIM1
SIM2
SIM3
SIM4
1
21
22
SIM5
SIM1
SIM2
SIM3
SIM4
1
21
22
SIM5
SIM1
SIM2
SIM3
SIM4
1
21
22
SIM5
SIM1
SIM2
SIM3
SIM4
1
21
22
SIM5
SIM1
SIM2
SIM3
SIM4
1
21
22
SIM5
SIM1
SIM2
SIM3
SIM4
1
21
22
SIM5
SIM1
SIM2
SIM3
SIM4
1
21
22
SIM5
SIM1
SIM2
SIM3
SIM4
1
21
22
SIM5
SIM1
SIM2
SIM3
SIM4
1
21
22
SIM5
SIM1
SIM2
SIM3
SIM4
1
21
22
SIM5
SIM1
SIM2
SIM3
SIM4
1
21
22
SIM5
SIM1
SIM2
SIM3
SIM4
1
21
22
SIM5
SIM1
SIM2
SIM3
SIM4
1
21
22
SIM5
SIM1
SIM2
SIM3
SIM4
1
21
22
SIM5
SIM1
SIM2
SIM3
SIM4
1
21
22
SIM5
SIM1
SIM2
SIM3
SIM4
1
21
22
SIM5
SIM1
SIM2
SIM3
SIM4
1
21
22
SIM5
SIM1
SIM2
SIM3
SIM4
1
21
22
SIM5
SIM1
SIM2
SIM3
SIM4
1
21
22
SIM5
SIM1
SIM2
SIM3
SIM4
1
21
22
SIM5
SIM1
SIM2
SIM3
SIM4
1
21
22
SIM5
SIM1
SIM2
SIM3
SIM4
1
21
22
SIM5
SIM1
SIM2
SIM3
SIM4
1
21
22
SIM5
SIM1
SIM2
SIM3
SIM4
1
21
22
SIM5
SIM1
SIM2
SIM3
SIM4
1
21
22
SIM5
SIM1
SIM2
SIM3
SIM4
1
21
22
SIM5
SIM1
SIM2
SIM3
SIM4
1
21
22
SIM5
SIM1
SIM2
SIM3
SIM4
1
21
22
SIM5
SIM1
SIM2
SIM3
SIM4
1
21
22
SIM5
SIM1
SIM2
SIM3
SIM4
1
21
22
SIM5
SIM1
SIM2
SIM3
SIM4
1
21
22
SIM5
SIM1
SIM2
SIM3
SIM4
1
21
22
SIM5
SIM1
SIM2
SIM3
SIM4
1
21
22
SIM5
SIM1
SIM2
SIM3
SIM4
1
21
22
SIM5
SIM1
SIM2
SIM3
SIM4
1
21
22
SIM5
SIM1
SIM2
SIM3
SIM4
1
21
22
SIM5
SIM1
SIM2
SIM3
SIM4
1
21
22
SIM5
SIM1
SIM2
SIM3
SIM4
1
21
22
SIM5
SIM1
SIM2
SIM3
SIM4
1
21
22
SIM5
SIM1
SIM2
SIM3
SIM4
1
21
22
SIM5
SIM1
SIM2
SIM3
SIM4
1
21
22
SIM5
SIM1
SIM2
SIM3
SIM4
1
21
22
SIM5
SIM1
SIM2
SIM3
SIM4
1
21
22
SIM5
SIM1
SIM2
SIM3
SIM4
1
21
22
SIM5
SIM1
SIM2
SIM3
SIM4
1
21
22
SIM5
SIM1
SIM2
SIM3
SIM4
1
21
22
SIM5
SIM1
SIM2
SIM3
SIM4
1
21
22
SIM5
SIM1
SIM2
SIM3
SIM4
1
21
22
SIM5
SIM1
SIM2
SIM3
SIM4
1
21
22
SIM5
SIM1
SIM2
SIM3
SIM4
1
21
22
SIM5
SIM1
SIM2
SIM3
SIM4
1
21
22
SIM5
SIM1
SIM2
SIM3
SIM4
1
21
22
SIM5
SIM1
SIM2
SIM3
SIM4
1
21
22
SIM5
SIM1
SIM2
SIM3
SIM4
1
21
22
SIM5
SIM1
SIM2
SIM3
SIM4
1
21
22
SIM5
SIM1
SIM2
SIM3
SIM4
1
21
22
SIM5
SIM1
SIM2
SIM3
SIM4
1
21
22
SIM5
SIM1
SIM2
SIM3
SIM4
1
21
22
SIM5
SIM1
SIM2
SIM3
SIM4
1
21
22
SIM5
SIM1
SIM2
SIM3
SIM4
1
21
22
SIM5
SIM1
SIM2
SIM3
SIM4
1
21
22
SIM5
SIM1
SIM2
SIM3
SIM4
1
21
22
SIM5
SIM1
SIM2
SIM3
SIM4
1
21
22
SIM5
SIM1
SIM2
SIM3
SIM4
1
21
22
SIM5
SIM1
SIM2
SIM3
SIM4
1
21
22
SIM5
SIM1
SIM2
SIM3
SIM4
1
21
22
SIM5
SIM1
SIM2
SIM3
SIM4
1
21
22
SIM5
SIM1
SIM2
SIM3
SIM4
1
21
22
SIM5
SIM1
SIM2
SIM3
SIM4
1
21
22
SIM5
SIM1
SIM2
SIM3
SIM4
1
21
22
SIM5
SIM1
SIM2
SIM3
SIM4
1
21
22
SIM5
SIM1
SIM2
SIM3
SIM4
1
21
22
SIM5
SIM1
SIM2
SIM3
SIM4
1
21
22
SIM5
SIM1
SIM2
SIM3
SIM4
1
21
22
SIM5
SIM1
SIM2
SIM3
SIM4
1
21
22
SIM5
SIM1
SIM2
SIM3
SIM4
1
21
22
SIM5
SIM1
SIM2
SIM3
SIM4
1
21
22
SIM5
SIM1
SIM2
SIM3
SIM4
1
21
22
SIM5
SIM1
SIM2
SIM3
SIM4
1
21
22
SIM5
SIM1
SIM2
SIM3
SIM4
1
21
22
SIM5
SIM1
SIM2
SIM3
SIM4
1
21
22
SIM5
SIM1
SIM2
SIM3
SIM4
1
21
22
SIM5
SIM1
SIM2
SIM3
SIM4
1
21
22
SIM5
SIM1
SIM2
SIM3
SIM4
1
21
22
SIM5
SIM1
SIM2
SIM3
SIM4
1
21
22
SIM5
SIM1
SIM2
SIM3
SIM4
1
21
22
SIM5
SIM1
SIM2
SIM3
SIM4
1
21
22
SIM5
SIM1
SIM2
SIM3
SIM4
1
21
22
SIM5
SIM1
SIM2
SIM3
SIM4
1
21
22
SIM5
SIM1
SIM2
SIM3
SIM4
1
21
22
SIM5
SIM1
SIM2
SIM3
SIM4
1
21
22
SIM5
SIM1
SIM2
SIM3
SIM4
1
21
22
SIM5
SIM1
SIM2
SIM3
SIM4
1
21
22
SIM5
SIM1
SIM2
SIM3
SIM4
1
21
22
SIM5
SIM1
SIM2
SIM3
SIM4
1
21
22
SIM5
SIM1
SIM2
SIM3
SIM4
1
21
22
SIM5
SIM1
SIM2
SIM3
SIM4
1
21
22
SIM5
SIM1
SIM2
SIM3
SIM4
1
21
22
SIM5
SIM1
SIM2
SIM3
SIM4
1
21
22
SIM5
SIM1
SIM2
SIM3
SIM4
1
21
22
SIM5
SIM1
SIM2
SIM3
SIM4
1
21
22
SIM5
SIM1
SIM2
SIM3
SIM4
1
21
22
SIM5
SIM1
SIM2
SIM3
SIM4
1
21
22
SIM5
SIM1
SIM2
SIM3
SIM4
1
21
22
SIM5
SIM1
SIM2
SIM3
SIM4
1
21
22
SIM5
SIM1
SIM2
SIM3
SIM4
1
21
22
SIM5
SIM1
SIM2
SIM3
SIM4
1
21
22
SIM5
SIM1
SIM2
SIM3
SIM4
1
21
22
SIM5
SIM1
SIM2
SIM3
SIM4
1
21
22
SIM5
SIM1
SIM2
SIM3
SIM4
1
21
22
SIM5
SIM1
SIM2
SIM3
SIM4
1
21
22
SIM5
SIM1
SIM2
SIM3
SIM4
1
21
22
SIM5
SIM1
SIM2
SIM3
SIM4
1
21
22
SIM5
SIM1
SIM2
SIM3
SIM4
1
21
22
SIM5
SIM1
SIM2
SIM3
SIM4
1
21
22
SIM5
SIM1
SIM2
SIM3
SIM4
1
21
22
SIM5
SIM1
SIM2
SIM3
SIM4
1
21
22
SIM5
SIM1
SIM2
SIM3
SIM4
1
21
22
SIM5
SIM1
SIM2
SIM3
SIM4
1
21
22
SIM5
SIM1
SIM2
SIM3
SIM4
1
21
22
SIM5
SIM1
SIM2
SIM3
SIM4
1
21
22
SIM5
SIM1
SIM2
SIM3
SIM4
1
21
22
SIM5
SIM1
SIM2
SIM3
SIM4
1
21
22
SIM5
SIM1
SIM2
SIM3
SIM4
1
21
22
SIM5
SIM1
SIM2
SIM3
SIM4
1
21
22
SIM5
SIM1
SIM2
SIM3
SIM4
1
21
22
SIM5
SIM1
SIM2
SIM3
SIM4
1
21
22
SIM5
SIM1
SIM2
SIM3
SIM4
1
21
22
SIM5
SIM1
SIM2
SIM3
SIM4
1
21
22
SIM5
SIM1
SIM2
SIM3
SIM4
1
21
22
SIM5
SIM1
SIM2
SIM3
SIM4
1
21
22
SIM5
SIM1
SIM2
SIM3
SIM4
1
21
22
SIM5
SIM1
SIM2
SIM3
SIM4
1
21
22
SIM5
SIM1
SIM2
SIM3
SIM4
1
21
22
SIM5
SIM1
SIM2
SIM3
SIM4
1
21
22
SIM5
SIM1
SIM2
SIM3
SIM4
1
21
22
SIM5
SIM1
SIM2
SIM3
SIM4
1
21
22
SIM5
SIM1
SIM2
SIM3
SIM4
1
21
22
SIM5
SIM1
SIM2
SIM3
SIM4
1
21
22
SIM5
SIM1
SIM2
SIM3
SIM4
1
21
22
SIM5
SIM1
SIM2
SIM3
SIM4
1
21
22
SIM5
SIM1
SIM2
SIM3
SIM4
1
21
22
SIM5
SIM1
SIM2
SIM3
SIM4
1
21
22
SIM5
SIM1
SIM2
SIM3
SIM4
1
21
22
SIM5
SIM1
SIM2
SIM3
SIM4
1
21
22
SIM5
SIM1
SIM2
SIM3
SIM4
1
21
22
SIM5
SIM1
SIM2
SIM3
SIM4
1
21
22
SIM5
SIM1
SIM2
SIM3
SIM4
1
21
22
SIM5
SIM1
SIM2
SIM3
SIM4
1
21
22
SIM5
SIM1
SIM2
SIM3
SIM4
1
21
22
SIM5
SIM1
SIM2
SIM3
SIM4
1
21
22
SIM5
SIM1
SIM2
SIM3
SIM4
1
21
22
SIM5
SIM1
SIM2
SIM3
SIM4
1
21
22
SIM5
SIM1
SIM2
SIM3
SIM4
1
21
22
SIM5
SIM1
SIM2
SIM3
SIM4
1
21
22
SIM5
SIM1
SIM2
SIM3
SIM4
1
21
22
SIM5
SIM1
SIM2
DEBUG 1 271
SIM1
SIM2
SIM3
SIM4
1
21
22
SIM5
SIM1
SIM2
SIM3
SIM4
1
21
22
SIM5
SIM1
SIM2
SIM3
SIM4
1
21
22
SIM5
SIM1
SIM2
SIM3
SIM4
1
21
22
SIM5
SIM1
SIM2
SIM3
SIM4
1
21
22
SIM5
SIM1
SIM2
SIM3
SIM4
1
21
22
SIM5
SIM1
SIM2
SIM3
SIM4
1
21
22
SIM5
SIM1
SIM2
SIM3
SIM4
1
21
22
SIM5
SIM1
SIM2
SIM3
SIM4
1
21
22
SIM5
SIM1
SIM2
SIM3
SIM4
1
21
22
SIM5
SIM1
SIM2
SIM3
SIM4
1
21
22
SIM5
SIM1
SIM2
SIM3
SIM4
1
21
22
SIM5
SIM1
SIM2
SIM3
SIM4
1
21
22
SIM5
SIM1
SIM2
SIM3
SIM4
1
21
22
SIM5
SIM1
SIM2
SIM3
SIM4
1
21
22
SIM5
SIM1
SIM2
SIM3
SIM4
1
21
22
SIM5
SIM1
SIM2
SIM3
SIM4
1
21
22
SIM5
SIM1
SIM2
SIM3
SIM4
1
21
22
SIM5
SIM1
SIM2
SIM3
SIM4
1
21
22
SIM5
SIM1
SIM2
SIM3
SIM4
1
21
22
SIM5
SIM1
SIM2
SIM3
SIM4
1
21
22
SIM5
SIM1
SIM2
SIM3
SIM4
1
21
22
SIM5
SIM1
SIM2
SIM3
SIM4
1
21
22
SIM5
SIM1
SIM2
SIM3
SIM4
1
21
22
SIM5
SIM1
SIM2
SIM3
SIM4
1
21
22
SIM5
SIM1
SIM2
SIM3
SIM4
1
21
22
SIM5
SIM1
SIM2
SIM3
SIM4
1
21
22
SIM5
SIM1
SIM2
SIM3
SIM4
1
21
22
SIM5
SIM1
SIM2
SIM3
SIM4
1
21
22
SIM5
SIM1
SIM2
SIM3
SIM4
1
21
22
SIM5
SIM1
SIM2
SIM3
SIM4
1
21
22
SIM5
SIM1
SIM2
SIM3
SIM4
1
21
22
SIM5
SIM1
SIM2
SIM3
SIM4
1
21
22
SIM5
SIM1
SIM2
SIM3
SIM4
1
21
22
SIM5
SIM1
SIM2
SIM3
SIM4
1
21
22
SIM5
SIM1
SIM2
SIM3
SIM4
1
21
22
SIM5
SIM1
SIM2
SIM3
SIM4
1
21
22
SIM5
SIM1
SIM2
SIM3
SIM4
1
21
22
SIM5
SIM1
SIM2
SIM3
SIM4
1
21
22
SIM5
SIM1
SIM2
SIM3
SIM4
1
21
22
SIM5
SIM1
SIM2
SIM3
SIM4
1
21
22
SIM5
SIM1
SIM2
SIM3
SIM4
1
21
22
SIM5
SIM1
SIM2
SIM3
SIM4
1
21
22
SIM5
SIM1
SIM2
SIM3
SIM4
1
21
22
SIM5
SIM1
SIM2
SIM3
SIM4
1
21
22
SIM5
SIM1
SIM2
SIM3
SIM4
1
21
22
SIM5
SIM1
SIM2
SIM3
SIM4
1
21
22
SIM5
SIM1
SIM2
SIM3
SIM4
1
21
22
SIM5
SIM1
SIM2
SIM3
SIM4
1
21
22
SIM5
SIM1
SIM2
SIM3
SIM4
1
21
22
SIM5
SIM1
SIM2
SIM3
SIM4
1
21
22
SIM5
SIM1
SIM2
SIM3
SIM4
1
21
22
SIM5
SIM1
SIM2
SIM3
SIM4
1
21
22
SIM5
SIM1
SIM2
SIM3
SIM4
1
21
22
SIM5
SIM1
SIM2
SIM3
SIM4
1
21
22
SIM5
SIM1
SIM2
SIM3
SIM4
1
21
22
SIM5
SIM1
SIM2
SIM3
SIM4
1
21
22
SIM5
SIM1
SIM2
SIM3
SIM4
1
21
22
SIM5
SIM1
SIM2
SIM3
SIM4
1
21
22
SIM5
SIM1
SIM2
SIM3
SIM4
1
21
22
SIM5
SIM1
SIM2
SIM3
SIM4
1
21
22
SIM5
SIM1
SIM2
SIM3
SIM4
1
21
22
SIM5
SIM1
SIM2
SIM3
SIM4
1
21
22
SIM5
SIM1
SIM2
SIM3
SIM4
1
21
22
SIM5
SIM1
SIM2
SIM3
SIM4
1
21
22
SIM5
SIM1
SIM2
SIM3
SIM4
1
21
22
SIM5
SIM1
SIM2
SIM3
SIM4
1
21
22
SIM5
SIM1
SIM2
SIM3
SIM4
1
21
22
SIM5
SIM1
SIM2
SIM3
SIM4
1
21
22
SIM5
SIM1
SIM2
SIM3
SIM4
1
21
22
SIM5
SIM1
SIM2
SIM3
SIM4
1
21
22
SIM5
SIM1
SIM2
SIM3
SIM4
1
21
22
SIM5
SIM1
SIM2
SIM3
SIM4
1
21
22
SIM5
SIM1
SIM2
SIM3
SIM4
1
21
22
SIM5
SIM1
SIM2
SIM3
SIM4
1
21
22
SIM5
SIM1
SIM2
SIM3
SIM4
1
21
22
SIM5
SIM1
SIM2
SIM3
SIM4
1
21
22
SIM5
SIM1
SIM2
SIM3
SIM4
1
21
22
SIM5
SIM1
SIM2
SIM3
SIM4
1
21
22
SIM5
SIM1
SIM2
SIM3
SIM4
1
21
22
SIM5
SIM1
SIM2
SIM3
SIM4
1
21
22
SIM5
SIM1
SIM2
SIM3
SIM4
1
21
22
SIM5
SIM1
SIM2
SIM3
SIM4
1
21
22
SIM5
SIM1
SIM2
SIM3
SIM4
1
21
22
SIM5
SIM1
SIM2
SIM3
SIM4
1
21
22
SIM5
SIM1
SIM2
SIM3
SIM4
1
21
22
SIM5
SIM1
SIM2
SIM3
SIM4
1
21
22
SIM5
SIM1
SIM2
SIM3
SIM4
1
21
22
SIM5
SIM1
SIM2
SIM3
SIM4
1
21
22
SIM5
SIM1
SIM2
SIM3
SIM4
1
21
22
SIM5
SIM1
SIM2
SIM3
SIM4
1
21
22
SIM5
SIM1
SIM2
SIM3
SIM4
1
21
22
SIM5
SIM1
SIM2
SIM3
SIM4
1
21
22
SIM5
SIM1
SIM2
SIM3
SIM4
1
21
22
SIM5
SIM1
SIM2
SIM3
SIM4
1
21
22
SIM5
SIM1
SIM2
SIM3
SIM4
1
21
22
SIM5
SIM1
SIM2
SIM3
SIM4
1
21
22
SIM5
SIM1
SIM2
SIM3
SIM4
1
21
22
SIM5
SIM1
SIM2
SIM3
SIM4
1
21
22
SIM5
SIM1
SIM2
SIM3
SIM4
1
21
22
SIM5
SIM1
SIM2
SIM3
SIM4
1
21
22
SIM5
SIM1
SIM2
SIM3
SIM4
1
21
22
SIM5
SIM1
SIM2
SIM3
SIM4
1
21
22
SIM5
SIM1
SIM2
SIM3
SIM4
1
21
22
SIM5
SIM1
SIM2
SIM3
SIM4
1
21
22
SIM5
SIM1
SIM2
SIM3
SIM4
1
21
22
SIM5
SIM1
SIM2
SIM3
SIM4
1
21
22
SIM5
SIM1
SIM2
SIM3
SIM4
1
21
22
SIM5
SIM1
SIM2
SIM3
SIM4
1
21
22
SIM5
SIM1
SIM2
SIM3
SIM4
1
21
22
SIM5
SIM1
SIM2
SIM3
SIM4
1
21
22
SIM5
SIM1
SIM2
SIM3
SIM4
1
21
22
SIM5
SIM1
SIM2
SIM3
SIM4
1
21
22
SIM5
SIM1
SIM2
SIM3
SIM4
1
21
22
SIM5
SIM1
SIM2
SIM3
SIM4
1
21
22
SIM5
SIM1
SIM2
SIM3
SIM4
1
21
22
SIM5
SIM1
SIM2
SIM3
SIM4
1
21
22
SIM5
SIM1
SIM2
SIM3
SIM4
1
21
22
SIM5
SIM1
SIM2
SIM3
SIM4
1
21
22
SIM5
SIM1
SIM2
SIM3
SIM4
1
21
22
SIM5
SIM1
SIM2
SIM3
SIM4
1
21
22
SIM5
SIM1
SIM2
SIM3
SIM4
1
21
22
SIM5
SIM1
SIM2
SIM3
SIM4
1
21
22
SIM5
SIM1
SIM2
SIM3
SIM4
1
21
22
SIM5
SIM1
SIM2
SIM3
SIM4
1
21
22
SIM5
SIM1
SIM2
DEBUG 1 272
SIM1
SIM2
SIM3
SIM4
1
21
22
SIM5
SIM1
SIM2
SIM3
SIM4
1
21
22
SIM5
SIM1
SIM2
SIM3
SIM4
1
21
22
SIM5
SIM1
SIM2
SIM3
SIM4
1
21
22
SIM5
SIM1
SIM2
SIM3
SIM4
1
21
22
SIM5
SIM1
SIM2
SIM3
SIM4
1
21
22
SIM5
SIM1
SIM2
SIM3
SIM4
1
21
22
SIM5
SIM1
SIM2
SIM3
SIM4
1
21
22
SIM5
SIM1
SIM2
SIM3
SIM4
1
21
22
SIM5
SIM1
SIM2
SIM3
SIM4
1
21
22
SIM5
SIM1
SIM2
SIM3
SIM4
1
21
22
SIM5
SIM1
SIM2
SIM3
SIM4
1
21
22
SIM5
SIM1
SIM2
SIM3
SIM4
1
21
22
SIM5
SIM1
SIM2
SIM3
SIM4
1
21
22
SIM5
SIM1
SIM2
SIM3
SIM4
1
21
22
SIM5
SIM1
SIM2
SIM3
SIM4
1
21
22
SIM5
SIM1
SIM2
SIM3
SIM4
1
21
22
SIM5
SIM1
SIM2
SIM3
SIM4
1
21
22
SIM5
SIM1
SIM2
SIM3
SIM4
1
21
22
SIM5
SIM1
SIM2
SIM3
SIM4
1
21
22
SIM5
SIM1
SIM2
SIM3
SIM4
1
21
22
SIM5
SIM1
SIM2
SIM3
SIM4
1
21
22
SIM5
SIM1
SIM2
SIM3
SIM4
1
21
22
SIM5
SIM1
SIM2
SIM3
SIM4
1
21
22
SIM5
SIM1
SIM2
SIM3
SIM4
1
21
22
SIM5
SIM1
SIM2
SIM3
SIM4
1
21
22
SIM5
SIM1
SIM2
SIM3
SIM4
1
21
22
SIM5
SIM1
SIM2
SIM3
SIM4
1
21
22
SIM5
SIM1
SIM2
SIM3
SIM4
1
21
22
SIM5
SIM1
SIM2
SIM3
SIM4
1
21
22
SIM5
SIM1
SIM2
SIM3
SIM4
1
21
22
SIM5
SIM1
SIM2
SIM3
SIM4
1
21
22
SIM5
SIM1
SIM2
SIM3
SIM4
1
21
22
SIM5
SIM1
SIM2
SIM3
SIM4
1
21
22
SIM5
SIM1
SIM2
SIM3
SIM4
1
21
22
SIM5
SIM1
SIM2
SIM3
SIM4
1
21
22
SIM5
SIM1
SIM2
SIM3
SIM4
1
21
22
SIM5
SIM1
SIM2
SIM3
SIM4
1
21
22
SIM5
SIM1
SIM2
SIM3
SIM4
1
21
22
SIM5
SIM1
SIM2
SIM3
SIM4
1
21
22
SIM5
SIM1
SIM2
SIM3
SIM4
1
21
22
SIM5
SIM1
SIM2
SIM3
SIM4
1
21
22
SIM5
SIM1
SIM2
SIM3
SIM4
1
21
22
SIM5
SIM1
SIM2
SIM3
SIM4
1
21
22
SIM5
SIM1
SIM2
SIM3
SIM4
1
21
22
SIM5
SIM1
SIM2
SIM3
SIM4
1
21
22
SIM5
SIM1
SIM2
SIM3
SIM4
1
21
22
SIM5
SIM1
SIM2
SIM3
SIM4
1
21
22
SIM5
SIM1
SIM2
SIM3
SIM4
1
21
22
SIM5
SIM1
SIM2
SIM3
SIM4
1
21
22
SIM5
SIM1
SIM2
SIM3
SIM4
1
21
22
SIM5
SIM1
SIM2
SIM3
SIM4
1
21
22
SIM5
SIM1
SIM2
SIM3
SIM4
1
21
22
SIM5
SIM1
SIM2
SIM3
SIM4
1
21
22
SIM5
SIM1
SIM2
SIM3
SIM4
1
21
22
SIM5
SIM1
SIM2
SIM3
SIM4
1
21
22
SIM5
SIM1
SIM2
SIM3
SIM4
1
21
22
SIM5
SIM1
SIM2
SIM3
SIM4
1
21
22
SIM5
SIM1
SIM2
SIM3
SIM4
1
21
22
SIM5
SIM1
SIM2
SIM3
SIM4
1
21
22
SIM5
SIM1
SIM2
SIM3
SIM4
1
21
22
SIM5
SIM1
SIM2
SIM3
SIM4
1
21
22
SIM5
SIM1
SIM2
SIM3
SIM4
1
21
22
SIM5
SIM1
SIM2
SIM3
SIM4
1
21
22
SIM5
SIM1
SIM2
SIM3
SIM4
1
21
22
SIM5
SIM1
SIM2
SIM3
SIM4
1
21
22
SIM5
SIM1
SIM2
SIM3
SIM4
1
21
22
SIM5
SIM1
SIM2
SIM3
SIM4
1
21
22
SIM5
SIM1
SIM2
SIM3
SIM4
1
21
22
SIM5
SIM1
SIM2
SIM3
SIM4
1
21
22
SIM5
SIM1
SIM2
SIM3
SIM4
1
21
22
SIM5
SIM1
SIM2
SIM3
SIM4
1
21
22
SIM5
SIM1
SIM2
SIM3
SIM4
1
21
22
SIM5
SIM1
SIM2
SIM3
SIM4
1
21
22
SIM5
SIM1
SIM2
SIM3
SIM4
1
21
22
SIM5
SIM1
SIM2
SIM3
SIM4
1
21
22
SIM5
SIM1
SIM2
SIM3
SIM4
1
21
22
SIM5
SIM1
SIM2
SIM3
SIM4
1
21
22
SIM5
SIM1
SIM2
SIM3
SIM4
1
21
22
SIM5
SIM1
SIM2
SIM3
SIM4
1
21
22
SIM5
SIM1
SIM2
SIM3
SIM4
1
21
22
SIM5
SIM1
SIM2
SIM3
SIM4
1
21
22
SIM5
SIM1
SIM2
SIM3
SIM4
1
21
22
SIM5
SIM1
SIM2
SIM3
SIM4
1
21
22
SIM5
SIM1
SIM2
SIM3
SIM4
1
21
22
SIM5
SIM1
SIM2
SIM3
SIM4
1
21
22
SIM5
SIM1
SIM2
SIM3
SIM4
1
21
22
SIM5
SIM1
SIM2
SIM3
SIM4
1
21
22
SIM5
SIM1
SIM2
SIM3
SIM4
1
21
22
SIM5
SIM1
SIM2
SIM3
SIM4
1
21
22
SIM5
SIM1
SIM2
SIM3
SIM4
1
21
22
SIM5
SIM1
SIM2
SIM3
SIM4
1
21
22
SIM5
SIM1
SIM2
SIM3
SIM4
1
21
22
SIM5
SIM1
SIM2
SIM3
SIM4
1
21
22
SIM5
SIM1
SIM2
SIM3
SIM4
1
21
22
SIM5
SIM1
SIM2
SIM3
SIM4
1
21
22
SIM5
SIM1
SIM2
SIM3
SIM4
1
21
22
SIM5
SIM1
SIM2
SIM3
SIM4
1
21
22
SIM5
SIM1
SIM2
SIM3
SIM4
1
21
22
SIM5
SIM1
SIM2
SIM3
SIM4
1
21
22
SIM5
SIM1
SIM2
SIM3
SIM4
1
21
22
SIM5
SIM1
SIM2
SIM3
SIM4
1
21
22
SIM5
SIM1
SIM2
SIM3
SIM4
1
21
22
SIM5
SIM1
SIM2
SIM3
SIM4
1
21
22
SIM5
SIM1
SIM2
SIM3
SIM4
1
21
22
SIM5
SIM1
SIM2
SIM3
SIM4
1
21
22
SIM5
SIM1
SIM2
SIM3
SIM4
1
21
22
SIM5
SIM1
SIM2
SIM3
SIM4
1
21
22
SIM5
SIM1
SIM2
SIM3
SIM4
1
21
22
SIM5
SIM1
SIM2
SIM3
SIM4
1
21
22
SIM5
SIM1
SIM2
SIM3
SIM4
1
21
22
SIM5
SIM1
SIM2
SIM3
SIM4
1
21
22
SIM5
SIM1
SIM2
SIM3
SIM4
1
21
22
SIM5
SIM1
SIM2
SIM3
SIM4
1
21
22
SIM5
SIM1
SIM2
SIM3
SIM4
1
21
22
SIM5
SIM1
SIM2
SIM3
SIM4
1
21
22
SIM5
SIM1
SIM2
SIM3
SIM4
1
21
22
SIM5
SIM1
SIM2
SIM3
SIM4
1
21
22
SIM5
SIM1
SIM2
SIM3
SIM4
1
21
22
SIM5
SIM1
SIM2
SIM3
SIM4
1
21
22
SIM5
SIM1
SIM2
SIM3
SIM4
1
21
22
SIM5
SIM1
SIM2
SIM3
SIM4
1
21
22
SIM5
SIM1
SIM2
SIM3
SIM4
1
21
22
SIM5
SIM1
SIM2
SIM3
SIM4
1
21
22
SIM5
SIM1
SIM2
SIM3
SIM4
1
21
22
SIM5
SIM1
SIM2
SIM3
SIM4
1
21
22
SIM5
SIM1
SIM2
SIM3
SIM4
1
21
22
SIM5
SIM1
SIM2
SIM3
SIM4
1
21
22
SIM5
SIM1
SIM2
SIM3
SIM4
1
21
22
SIM5
SIM1
SIM2
SIM3
SIM4
1
21
22
SIM5
SIM1
SIM2
SIM3
SIM4
1
21
22
SIM5
SIM1
SIM2
SIM3
SIM4
1
21
22
SIM5
SIM1
SIM2
SIM3
SIM4
1
21
22
SIM5
SIM1
SIM2
SIM3
SIM4
1
21
22
SIM5
SIM1
SIM2
SIM3
SIM4
1
21
22
SIM5
SIM1
SIM2
SIM3
SIM4
1
21
22
SIM5
SIM1
SIM2
SIM3
SIM4
1
21
22
SIM5
SIM1
SIM2
SIM3
SIM4
1
21
22
SIM5
SIM1
SIM2
SIM3
SIM4
1
21
22
SIM5
SIM1
SIM2
SIM3
SIM4
1
21
22
SIM5
SIM1
SIM2
SIM3
SIM4
1
21
22
SIM5
SIM1
SIM2
SIM3
SIM4
1
21
22
SIM5
SIM1
SIM2
SIM3
SIM4
1
21
22
SIM5
SIM1
SIM2
SIM3
SIM4
1
21
22
SIM5
SIM1
SIM2
SIM3
SIM4
1
21
22
SIM5
SIM1
SIM2
SIM3
SIM4
1
21
22
SIM5
SIM1
SIM2
SIM3
SIM4
1
21
22
SIM5
SIM1
SIM2
SIM3
SIM4
1
21
22
SIM5
SIM1
SIM2
SIM3
SIM4
1
21
22
SIM5
SIM1
SIM2
SIM3
SIM4
1
21
22
SIM5
SIM1
SIM2
SIM3
SIM4
1
21
22
SIM5
SIM1
SIM2
SIM3
SIM4
1
21
22
SIM5
SIM1
SIM2
SIM3
SIM4
1
21
22
SIM5
SIM1
SIM2
SIM3
SIM4
1
21
22
SIM5
SIM1
SIM2
SIM3
SIM4
1
21
22
SIM5
SIM1
SIM2
SIM3
SIM4
1
21
22
SIM5
SIM1
SIM2
SIM3
SIM4
1
21
22
SIM5
SIM1
SIM2
SIM3
SIM4
1
21
22
SIM5
SIM1
SIM2
SIM3
SIM4
1
21
22
SIM5
SIM1
SIM2
SIM3
SIM4
1
21
22
SIM5
SIM1
SIM2
SIM3
SIM4
1
21
22
SIM5
SIM1
SIM2
SIM3
SIM4
1
21
22
SIM5
SIM1
SIM2
SIM3
SIM4
1
21
22
SIM5
SIM1
SIM2
SIM3
SIM4
1
21
22
SIM5
SIM1
SIM2
SIM3
SIM4
1
21
22
SIM5
SIM1
SIM2
SIM3
SIM4
1
21
22
SIM5
SIM1
SIM2
SIM3
SIM4
1
21
22
SIM5
SIM1
SIM2
SIM3
SIM4
1
21
22
SIM5
SIM1
SIM2
SIM3
SIM4
1
21
22
SIM5
SIM1
SIM2
SIM3
SIM4
1
21
22
SIM5
SIM1
SIM2
SIM3
SIM4
1
21
22
SIM5
SIM1
SIM2
SIM3
SIM4
1
21
22
SIM5
SIM1
SIM2
SIM3
SIM4
1
21
22
SIM5
SIM1
SIM2
SIM3
SIM4
1
21
22
SIM5
SIM1
SIM2
SIM3
SIM4
1
21
22
SIM5
SIM1
SIM2
SIM3
SIM4
1
21
22
SIM5
SIM1
SIM2
SIM3
SIM4
1
21
22
SIM5
SIM1
SIM2
SIM3
SIM4
1
21
22
SIM5
SIM1
SIM2
SIM3
SIM4
1
21
22
SIM5
SIM1
SIM2
SIM3
SIM4
1
21
22
SIM5
SIM1
SIM2
SIM3
SIM4
1
21
22
SIM5
SIM1
SIM2
SIM3
SIM4
1
21
22
SIM5
SIM1
SIM2
SIM3
SIM4
1
21
22
SIM5
SIM1
SIM2
SIM3
SIM4
1
21
22
SIM5
SIM1
SIM2
SIM3
SIM4
1
21
22
SIM5
SIM1
SIM2
SIM3
SIM4
1
21
22
SIM5
SIM1
SIM2
SIM3
SIM4
1
21
22
SIM5
SIM1
SIM2
SIM3
SIM4
1
21
22
SIM5
SIM1
SIM2
SIM3
SIM4
1
21
22
SIM5
SIM1
SIM2
SIM3
SIM4
1
21
22
SIM5
SIM1
SIM2
SIM3
SIM4
1
21
22
SIM5
SIM1
SIM2
SIM3
SIM4
1
21
22
SIM5
SIM1
SIM2
SIM3
SIM4
1
21
22
SIM5
SIM1
SIM2
SIM3
SIM4
1
21
22
SIM5
SIM1
SIM2
SIM3
SIM4
1
21
22
SIM5
SIM1
SIM2
SIM3
SIM4
1
21
22
SIM5
SIM1
SIM2
SIM3
SIM4
1
21
22
SIM5
SIM1
SIM2
SIM3
SIM4
1
21
22
SIM5
SIM1
SIM2
SIM3
SIM4
1
21
22
SIM5
SIM1
SIM2
SIM3
SIM4
1
21
22
SIM5
SIM1
SIM2
SIM3
SIM4
1
21
22
SIM5
SIM1
SIM2
SIM3
SIM4
1
21
22
SIM5
SIM1
SIM2
SIM3
SIM4
1
21
22
SIM5
SIM1
SIM2
SIM3
SIM4
1
21
22
SIM5
SIM1
SIM2
SIM3
SIM4
1
21
22
SIM5
SIM1
SIM2
SIM3
SIM4
1
21
22
SIM5
SIM1
SIM2
SIM3
SIM4
1
21
22
SIM5
SIM1
SIM2
SIM3
SIM4
1
21
22
SIM5
SIM1
SIM2
SIM3
SIM4
1
21
22
SIM5
SIM1
SIM2
SIM3
SIM4
1
21
22
SIM5
SIM1
SIM2
SIM3
SIM4
1
21
22
SIM5
SIM1
SIM2
SIM3
SIM4
1
21
22
SIM5
SIM1
SIM2
SIM3
SIM4
1
21
22
SIM5
SIM1
SIM2
SIM3
SIM4
1
21
22
SIM5
SIM1
SIM2
SIM3
SIM4
1
21
22
SIM5
SIM1
SIM2
SIM3
SIM4
1
21
22
SIM5
SIM1
SIM2
SIM3
SIM4
1
21
22
SIM5
SIM1
SIM2
SIM3
SIM4
1
21
22
SIM5
SIM1
SIM2
SIM3
SIM4
1
21
22
SIM5
SIM1
SIM2
SIM3
SIM4
1
21
22
SIM5
SIM1
SIM2
SIM3
SIM4
1
21
22
SIM5
SIM1
SIM2
SIM3
SIM4
1
21
22
SIM5
SIM1
SIM2
SIM3
SIM4
1
21
22
SIM5
SIM1
SIM2
SIM3
SIM4
1
21
22
SIM5
SIM1
SIM2
SIM3
SIM4
1
21
22
SIM5
SIM1
SIM2
SIM3
SIM4
1
21
22
SIM5
SIM1
SIM2
SIM3
SIM4
1
21
22
SIM5
SIM1
SIM2
SIM3
SIM4
1
21
22
SIM5
SIM1
SIM2
SIM3
SIM4
1
21
22
SIM5
SIM1
SIM2
SIM3
SIM4
1
21
22
SIM5
SIM1
SIM2
SIM3
SIM4
1
21
22
SIM5
SIM1
SIM2
SIM3
SIM4
1
21
22
SIM5
SIM1
SIM2
SIM3
SIM4
1
21
22
SIM5
SIM1
SIM2
SIM3
SIM4
1
21
22
SIM5
SIM1
SIM2
SIM3
SIM4
1
21
22
SIM5
SIM1
SIM2
SIM3
SIM4
1
21
22
SIM5
SIM1
SIM2
SIM3
SIM4
1
21
22
SIM5
SIM1
SIM2
SIM3
SIM4
1
21
22
SIM5
SIM1
SIM2
SIM3
SIM4
1
21
22
SIM5
SIM1
SIM2
SIM3
SIM4
1
21
22
SIM5
SIM1
SIM2
SIM3
SIM4
1
21
22
SIM5
SIM1
SIM2
SIM3
SIM4
1
21
22
SIM5
SIM1
SIM2
SIM3
SIM4
1
21
22
SIM5
SIM1
SIM2
SIM3
SIM4
1
21
22
SIM5
SIM1
SIM2
SIM3
SIM4
1
21
22
SIM5
SIM1
SIM2
SIM3
SIM4
1
21
22
SIM5
SIM1
SIM2
SIM3
SIM4
1
21
22
SIM5
SIM1
SIM2
SIM3
SIM4
1
21
22
SIM5
SIM1
SIM2
SIM3
SIM4
1
21
22
SIM5
SIM1
SIM2
SIM3
SIM4
1
21
22
SIM5
SIM1
SIM2
SIM3
SIM4
1
21
22
SIM5
SIM1
SIM2
SIM3
SIM4
1
21
22
SIM5
SIM1
SIM2
SIM3
SIM4
1
21
22
SIM5
SIM1
SIM2
SIM3
SIM4
1
21
22
SIM5
SIM1
SIM2
SIM3
SIM4
1
21
22
SIM5
SIM1
SIM2
SIM3
SIM4
1
21
22
SIM5
SIM1
SIM2
SIM3
SIM4
1
21
22
SIM5
SIM1
SIM2
SIM3
SIM4
1
21
22
SIM5
SIM1
SIM2
SIM3
SIM4
1
21
22
SIM5
SIM1
SIM2
SIM3
SIM4
1
21
22
SIM5
SIM1
SIM2
SIM3
SIM4
1
21
22
SIM5
SIM1
SIM2
SIM3
SIM4
1
21
22
SIM5
SIM1
SIM2
SIM3
SIM4
1
21
22
SIM5
SIM1
SIM2
SIM3
SIM4
1
21
22
SIM5
SIM1
SIM2
SIM3
SIM4
1
21
22
SIM5
SIM1
SIM2
SIM3
SIM4
1
21
22
SIM5
SIM1
SIM2
SIM3
SIM4
1
21
22
SIM5
SIM1
SIM2
SIM3
SIM4
1
21
22
SIM5
SIM1
SIM2
SIM3
SIM4
1
21
22
SIM5
SIM1
SIM2
SIM3
SIM4
1
21
22
SIM5
SIM1
SIM2
SIM3
SIM4
1
21
22
SIM5
SIM1
SIM2
SIM3
SIM4
1
21
22
SIM5
SIM1
SIM2
SIM3
SIM4
1
21
22
SIM5
SIM1
SIM2
SIM3
SIM4
1
21
22
SIM5
SIM1
SIM2
SIM3
SIM4
1
21
22
SIM5
SIM1
SIM2
SIM3
SIM4
1
21
22
SIM5
SIM1
SIM2
SIM3
SIM4
1
21
22
SIM5
SIM1
SIM2
SIM3
SIM4
1
21
22
SIM5
SIM1
SIM2
SIM3
SIM4
1
21
22
SIM5
SIM1
SIM2
SIM3
SIM4
1
21
22
SIM5
SIM1
SIM2
SIM3
SIM4
1
21
22
SIM5
SIM1
SIM2
SIM3
SIM4
1
21
22
SIM5
SIM1
SIM2
SIM3
SIM4
1
21
22
SIM5
SIM1
SIM2
SIM3
SIM4
1
21
22
SIM5
SIM1
SIM2
SIM3
SIM4
1
21
22
SIM5
SIM1
SIM2
SIM3
SIM4
1
21
22
SIM5
SIM1
SIM2
SIM3
SIM4
1
21
22
SIM5
SIM1
SIM2
SIM3
SIM4
1
21
22
SIM5
SIM1
SIM2
SIM3
SIM4
1
21
22
SIM5
SIM1
SIM2
SIM3
SIM4
1
21
22
SIM5
SIM1
SIM2
SIM3
SIM4
1
21
22
SIM5
SIM1
SIM2
SIM3
SIM4
1
21
22
SIM5
SIM1
SIM2
SIM3
SIM4
1
21
22
SIM5
SIM1
SIM2
SIM3
SIM4
1
21
22
SIM5
SIM1
SIM2
SIM3
SIM4
1
21
22
SIM5
SIM1
SIM2
SIM3
SIM4
1
21
22
SIM5
SIM1
SIM2
SIM3
SIM4
1
21
22
SIM5
SIM1
SIM2
SIM3
SIM4
1
21
22
SIM5
SIM1
SIM2
SIM3
SIM4
1
21
22
SIM5
SIM1
SIM2
SIM3
SIM4
1
21
22
SIM5
SIM1
SIM2
SIM3
SIM4
1
21
22
SIM5
SIM1
SIM2
DEBUG 1 273
SIM1
SIM2
SIM3
SIM4
1
21
22
SIM5
SIM1
SIM2
SIM3
SIM4
1
21
22
SIM5
SIM1
SIM2
SIM3
SIM4
1
21
22
SIM5
SIM1
SIM2
SIM3
SIM4
1
21
22
SIM5
SIM1
SIM2
SIM3
SIM4
1
21
22
SIM5
SIM1
SIM2
SIM3
SIM4
1
21
22
SIM5
SIM1
SIM2
SIM3
SIM4
1
21
22
SIM5
SIM1
SIM2
SIM3
SIM4
1
21
22
SIM5
SIM1
SIM2
SIM3
SIM4
1
21
22
SIM5
SIM1
SIM2
SIM3
SIM4
1
21
22
SIM5
SIM1
SIM2
SIM3
SIM4
1
21
22
SIM5
SIM1
SIM2
SIM3
SIM4
1
21
22
SIM5
SIM1
SIM2
SIM3
SIM4
1
21
22
SIM5
SIM1
SIM2
SIM3
SIM4
1
21
22
SIM5
SIM1
SIM2
SIM3
SIM4
1
21
22
SIM5
SIM1
SIM2
SIM3
SIM4
1
21
22
SIM5
SIM1
SIM2
SIM3
SIM4
1
21
22
SIM5
SIM1
SIM2
SIM3
SIM4
1
21
22
SIM5
SIM1
SIM2
SIM3
SIM4
1
21
22
SIM5
SIM1
SIM2
SIM3
SIM4
1
21
22
SIM5
SIM1
SIM2
SIM3
SIM4
1
21
22
SIM5
SIM1
SIM2
SIM3
SIM4
1
21
22
SIM5
SIM1
SIM2
SIM3
SIM4
1
21
22
SIM5
SIM1
SIM2
SIM3
SIM4
1
21
22
SIM5
SIM1
SIM2
SIM3
SIM4
1
21
22
SIM5
SIM1
SIM2
SIM3
SIM4
1
21
22
SIM5
SIM1
SIM2
SIM3
SIM4
1
21
22
SIM5
SIM1
SIM2
SIM3
SIM4
1
21
22
SIM5
SIM1
SIM2
SIM3
SIM4
1
21
22
SIM5
SIM1
SIM2
SIM3
SIM4
1
21
22
SIM5
SIM1
SIM2
SIM3
SIM4
1
21
22
SIM5
SIM1
SIM2
SIM3
SIM4
1
21
22
SIM5
SIM1
SIM2
SIM3
SIM4
1
21
22
SIM5
SIM1
SIM2
SIM3
SIM4
1
21
22
SIM5
SIM1
SIM2
SIM3
SIM4
1
21
22
SIM5
SIM1
SIM2
SIM3
SIM4
1
21
22
SIM5
SIM1
SIM2
SIM3
SIM4
1
21
22
SIM5
SIM1
SIM2
SIM3
SIM4
1
21
22
SIM5
SIM1
SIM2
SIM3
SIM4
1
21
22
SIM5
SIM1
SIM2
SIM3
SIM4
1
21
22
SIM5
SIM1
SIM2
SIM3
SIM4
1
21
22
SIM5
SIM1
SIM2
SIM3
SIM4
1
21
22
SIM5
SIM1
SIM2
SIM3
SIM4
1
21
22
SIM5
SIM1
SIM2
SIM3
SIM4
1
21
22
SIM5
SIM1
SIM2
SIM3
SIM4
1
21
22
SIM5
SIM1
SIM2
SIM3
SIM4
1
21
22
SIM5
SIM1
SIM2
SIM3
SIM4
1
21
22
SIM5
SIM1
SIM2
SIM3
SIM4
1
21
22
SIM5
SIM1
SIM2
SIM3
SIM4
1
21
22
SIM5
SIM1
SIM2
SIM3
SIM4
1
21
22
SIM5
SIM1
SIM2
SIM3
SIM4
1
21
22
SIM5
SIM1
SIM2
SIM3
SIM4
1
21
22
SIM5
SIM1
SIM2
SIM3
SIM4
1
21
22
SIM5
SIM1
SIM2
SIM3
SIM4
1
21
22
SIM5
SIM1
SIM2
SIM3
SIM4
1
21
22
SIM5
SIM1
SIM2
SIM3
SIM4
1
21
22
SIM5
SIM1
SIM2
SIM3
SIM4
1
21
22
SIM5
SIM1
SIM2
SIM3
SIM4
1
21
22
SIM5
SIM1
SIM2
SIM3
SIM4
1
21
22
SIM5
SIM1
SIM2
SIM3
SIM4
1
21
22
SIM5
SIM1
SIM2
SIM3
SIM4
1
21
22
SIM5
SIM1
SIM2
SIM3
SIM4
1
21
22
SIM5
SIM1
SIM2
SIM3
SIM4
1
21
22
SIM5
SIM1
SIM2
SIM3
SIM4
1
21
22
SIM5
SIM1
SIM2
SIM3
SIM4
1
21
22
SIM5
SIM1
SIM2
SIM3
SIM4
1
21
22
SIM5
SIM1
SIM2
SIM3
SIM4
1
21
22
SIM5
SIM1
SIM2
SIM3
SIM4
1
21
22
SIM5
SIM1
SIM2
SIM3
SIM4
1
21
22
SIM5
SIM1
SIM2
SIM3
SIM4
1
21
22
SIM5
SIM1
SIM2
SIM3
SIM4
1
21
22
SIM5
SIM1
SIM2
SIM3
SIM4
1
21
22
SIM5
SIM1
SIM2
SIM3
SIM4
1
21
22
SIM5
SIM1
SIM2
SIM3
SIM4
1
21
22
SIM5
SIM1
SIM2
SIM3
SIM4
1
21
22
SIM5
SIM1
SIM2
SIM3
SIM4
1
21
22
SIM5
SIM1
SIM2
SIM3
SIM4
1
21
22
SIM5
SIM1
SIM2
SIM3
SIM4
1
21
22
SIM5
SIM1
SIM2
SIM3
SIM4
1
21
22
SIM5
SIM1
SIM2
SIM3
SIM4
1
21
22
SIM5
SIM1
SIM2
SIM3
SIM4
1
21
22
SIM5
SIM1
SIM2
SIM3
SIM4
1
21
22
SIM5
SIM1
SIM2
SIM3
SIM4
1
21
22
SIM5
SIM1
SIM2
SIM3
SIM4
1
21
22
SIM5
SIM1
SIM2
SIM3
SIM4
1
21
22
SIM5
SIM1
SIM2
SIM3
SIM4
1
21
22
SIM5
SIM1
SIM2
SIM3
SIM4
1
21
22
SIM5
SIM1
SIM2
SIM3
SIM4
1
21
22
SIM5
SIM1
SIM2
SIM3
SIM4
1
21
22
SIM5
SIM1
SIM2
SIM3
SIM4
1
21
22
SIM5
SIM1
SIM2
SIM3
SIM4
1
21
22
SIM5
SIM1
SIM2
SIM3
SIM4
1
21
22
SIM5
SIM1
SIM2
SIM3
SIM4
1
21
22
SIM5
SIM1
SIM2
SIM3
SIM4
1
21
22
SIM5
SIM1
SIM2
SIM3
SIM4
1
21
22
SIM5
SIM1
SIM2
SIM3
SIM4
1
21
22
SIM5
SIM1
SIM2
SIM3
SIM4
1
21
22
SIM5
SIM1
SIM2
SIM3
SIM4
1
21
22
SIM5
SIM1
SIM2
SIM3
SIM4
1
21
22
SIM5
SIM1
SIM2
SIM3
SIM4
1
21
22
SIM5
SIM1
SIM2
SIM3
SIM4
1
21
22
SIM5
SIM1
SIM2
SIM3
SIM4
1
21
22
SIM5
SIM1
SIM2
SIM3
SIM4
1
21
22
SIM5
SIM1
SIM2
SIM3
SIM4
1
21
22
SIM5
SIM1
SIM2
SIM3
SIM4
1
21
22
SIM5
SIM1
SIM2
SIM3
SIM4
1
21
22
SIM5
SIM1
SIM2
SIM3
SIM4
1
21
22
SIM5
SIM1
SIM2
SIM3
SIM4
1
21
22
SIM5
SIM1
SIM2
SIM3
SIM4
1
21
22
SIM5
SIM1
SIM2
SIM3
SIM4
1
21
22
SIM5
SIM1
SIM2
SIM3
SIM4
1
21
22
SIM5
SIM1
SIM2
SIM3
SIM4
1
21
22
SIM5
SIM1
SIM2
SIM3
SIM4
1
21
22
SIM5
SIM1
SIM2
SIM3
SIM4
1
21
22
SIM5
SIM1
SIM2
SIM3
SIM4
1
21
22
SIM5
SIM1
SIM2
SIM3
SIM4
1
21
22
SIM5
SIM1
SIM2
SIM3
SIM4
1
21
22
SIM5
SIM1
SIM2
SIM3
SIM4
1
21
22
SIM5
SIM1
SIM2
SIM3
SIM4
1
21
22
SIM5
SIM1
SIM2
SIM3
SIM4
1
21
22
SIM5
SIM1
SIM2
SIM3
SIM4
1
21
22
SIM5
SIM1
SIM2
SIM3
SIM4
1
21
22
SIM5
SIM1
SIM2
SIM3
SIM4
1
21
22
SIM5
SIM1
SIM2
SIM3
SIM4
1
21
22
SIM5
SIM1
SIM2
SIM3
SIM4
1
21
22
SIM5
SIM1
SIM2
SIM3
SIM4
1
21
22
SIM5
SIM1
SIM2
SIM3
SIM4
1
21
22
SIM5
SIM1
SIM2
SIM3
SIM4
1
21
22
SIM5
SIM1
SIM2
SIM3
SIM4
1
21
22
SIM5
SIM1
SIM2
SIM3
SIM4
1
21
22
SIM5
SIM1
SIM2
SIM3
SIM4
1
21
22
SIM5
SIM1
SIM2
SIM3
SIM4
1
21
22
SIM5
SIM1
SIM2
DEBUG 1 274
SIM1
SIM2
SIM3
SIM4
1
21
22
SIM5
SIM1
SIM2
SIM3
SIM4
1
21
22
SIM5
SIM1
SIM2
SIM3
SIM4
1
21
22
SIM5
SIM1
SIM2
SIM3
SIM4
1
21
22
SIM5
SIM1
SIM2
SIM3
SIM4
1
21
22
SIM5
SIM1
SIM2
SIM3
SIM4
1
21
22
SIM5
SIM1
SIM2
SIM3
SIM4
1
21
22
SIM5
SIM1
SIM2
SIM3
SIM4
1
21
22
SIM5
SIM1
SIM2
SIM3
SIM4
1
21
22
SIM5
SIM1
SIM2
SIM3
SIM4
1
21
22
SIM5
SIM1
SIM2
SIM3
SIM4
1
21
22
SIM5
SIM1
SIM2
SIM3
SIM4
1
21
22
SIM5
SIM1
SIM2
SIM3
SIM4
1
21
22
SIM5
SIM1
SIM2
SIM3
SIM4
1
21
22
SIM5
SIM1
SIM2
SIM3
SIM4
1
21
22
SIM5
SIM1
SIM2
SIM3
SIM4
1
21
22
SIM5
SIM1
SIM2
SIM3
SIM4
1
21
22
SIM5
SIM1
SIM2
SIM3
SIM4
1
21
22
SIM5
SIM1
SIM2
SIM3
SIM4
1
21
22
SIM5
SIM1
SIM2
SIM3
SIM4
1
21
22
SIM5
SIM1
SIM2
SIM3
SIM4
1
21
22
SIM5
SIM1
SIM2
SIM3
SIM4
1
21
22
SIM5
SIM1
SIM2
SIM3
SIM4
1
21
22
SIM5
SIM1
SIM2
SIM3
SIM4
1
21
22
SIM5
SIM1
SIM2
SIM3
SIM4
1
21
22
SIM5
SIM1
SIM2
SIM3
SIM4
1
21
22
SIM5
SIM1
SIM2
SIM3
SIM4
1
21
22
SIM5
SIM1
SIM2
SIM3
SIM4
1
21
22
SIM5
SIM1
SIM2
SIM3
SIM4
1
21
22
SIM5
SIM1
SIM2
SIM3
SIM4
1
21
22
SIM5
SIM1
SIM2
SIM3
SIM4
1
21
22
SIM5
SIM1
SIM2
SIM3
SIM4
1
21
22
SIM5
SIM1
SIM2
SIM3
SIM4
1
21
22
SIM5
SIM1
SIM2
SIM3
SIM4
1
21
22
SIM5
SIM1
SIM2
SIM3
SIM4
1
21
22
SIM5
SIM1
SIM2
SIM3
SIM4
1
21
22
SIM5
SIM1
SIM2
SIM3
SIM4
1
21
22
SIM5
SIM1
SIM2
SIM3
SIM4
1
21
22
SIM5
SIM1
SIM2
SIM3
SIM4
1
21
22
SIM5
SIM1
SIM2
SIM3
SIM4
1
21
22
SIM5
SIM1
SIM2
SIM3
SIM4
1
21
22
SIM5
SIM1
SIM2
SIM3
SIM4
1
21
22
SIM5
SIM1
SIM2
SIM3
SIM4
1
21
22
SIM5
SIM1
SIM2
SIM3
SIM4
1
21
22
SIM5
SIM1
SIM2
SIM3
SIM4
1
21
22
SIM5
SIM1
SIM2
SIM3
SIM4
1
21
22
SIM5
SIM1
SIM2
SIM3
SIM4
1
21
22
SIM5
SIM1
SIM2
SIM3
SIM4
1
21
22
SIM5
SIM1
SIM2
SIM3
SIM4
1
21
22
SIM5
SIM1
SIM2
SIM3
SIM4
1
21
22
SIM5
SIM1
SIM2
SIM3
SIM4
1
21
22
SIM5
SIM1
SIM2
SIM3
SIM4
1
21
22
SIM5
SIM1
SIM2
SIM3
SIM4
1
21
22
SIM5
SIM1
SIM2
SIM3
SIM4
1
21
22
SIM5
SIM1
SIM2
SIM3
SIM4
1
21
22
SIM5
SIM1
SIM2
SIM3
SIM4
1
21
22
SIM5
SIM1
SIM2
SIM3
SIM4
1
21
22
SIM5
SIM1
SIM2
SIM3
SIM4
1
21
22
SIM5
SIM1
SIM2
SIM3
SIM4
1
21
22
SIM5
SIM1
SIM2
SIM3
SIM4
1
21
22
SIM5
SIM1
SIM2
SIM3
SIM4
1
21
22
SIM5
SIM1
SIM2
SIM3
SIM4
1
21
22
SIM5
SIM1
SIM2
SIM3
SIM4
1
21
22
SIM5
SIM1
SIM2
SIM3
SIM4
1
21
22
SIM5
SIM1
SIM2
SIM3
SIM4
1
21
22
SIM5
SIM1
SIM2
SIM3
SIM4
1
21
22
SIM5
SIM1
SIM2
SIM3
SIM4
1
21
22
SIM5
SIM1
SIM2
SIM3
SIM4
1
21
22
SIM5
SIM1
SIM2
SIM3
SIM4
1
21
22
SIM5
SIM1
SIM2
SIM3
SIM4
1
21
22
SIM5
SIM1
SIM2
SIM3
SIM4
1
21
22
SIM5
SIM1
SIM2
SIM3
SIM4
1
21
22
SIM5
SIM1
SIM2
SIM3
SIM4
1
21
22
SIM5
SIM1
SIM2
SIM3
SIM4
1
21
22
SIM5
SIM1
SIM2
SIM3
SIM4
1
21
22
SIM5
SIM1
SIM2
SIM3
SIM4
1
21
22
SIM5
SIM1
SIM2
SIM3
SIM4
1
21
22
SIM5
SIM1
SIM2
SIM3
SIM4
1
21
22
SIM5
SIM1
SIM2
SIM3
SIM4
1
21
22
SIM5
SIM1
SIM2
SIM3
SIM4
1
21
22
SIM5
SIM1
SIM2
SIM3
SIM4
1
21
22
SIM5
SIM1
SIM2
SIM3
SIM4
1
21
22
SIM5
SIM1
SIM2
SIM3
SIM4
1
21
22
SIM5
SIM1
SIM2
SIM3
SIM4
1
21
22
SIM5
SIM1
SIM2
SIM3
SIM4
1
21
22
SIM5
SIM1
SIM2
SIM3
SIM4
1
21
22
SIM5
SIM1
SIM2
SIM3
SIM4
1
21
22
SIM5
SIM1
SIM2
SIM3
SIM4
1
21
22
SIM5
SIM1
SIM2
SIM3
SIM4
1
21
22
SIM5
SIM1
SIM2
SIM3
SIM4
1
21
22
SIM5
SIM1
SIM2
SIM3
SIM4
1
21
22
SIM5
SIM1
SIM2
SIM3
SIM4
1
21
22
SIM5
SIM1
SIM2
SIM3
SIM4
1
21
22
SIM5
SIM1
SIM2
SIM3
SIM4
1
21
22
SIM5
SIM1
SIM2
SIM3
SIM4
1
21
22
SIM5
SIM1
SIM2
SIM3
SIM4
1
21
22
SIM5
SIM1
SIM2
SIM3
SIM4
1
21
22
SIM5
SIM1
SIM2
SIM3
SIM4
1
21
22
SIM5
SIM1
SIM2
SIM3
SIM4
1
21
22
SIM5
SIM1
SIM2
SIM3
SIM4
1
21
22
SIM5
SIM1
SIM2
SIM3
SIM4
1
21
22
SIM5
SIM1
SIM2
SIM3
SIM4
1
21
22
SIM5
SIM1
SIM2
SIM3
SIM4
1
21
22
SIM5
SIM1
SIM2
SIM3
SIM4
1
21
22
SIM5
SIM1
SIM2
SIM3
SIM4
1
21
22
SIM5
SIM1
SIM2
SIM3
SIM4
1
21
22
SIM5
SIM1
SIM2
SIM3
SIM4
1
21
22
SIM5
SIM1
SIM2
SIM3
SIM4
1
21
22
SIM5
SIM1
SIM2
SIM3
SIM4
1
21
22
SIM5
SIM1
SIM2
SIM3
SIM4
1
21
22
SIM5
SIM1
SIM2
SIM3
SIM4
1
21
22
SIM5
SIM1
SIM2
SIM3
SIM4
1
21
22
SIM5
SIM1
SIM2
SIM3
SIM4
1
21
22
SIM5
SIM1
SIM2
SIM3
SIM4
1
21
22
SIM5
SIM1
SIM2
SIM3
SIM4
1
21
22
SIM5
SIM1
SIM2
SIM3
SIM4
1
21
22
SIM5
SIM1
SIM2
SIM3
SIM4
1
21
22
SIM5
SIM1
SIM2
SIM3
SIM4
1
21
22
SIM5
SIM1
SIM2
SIM3
SIM4
1
21
22
SIM5
SIM1
SIM2
SIM3
SIM4
1
21
22
SIM5
SIM1
SIM2
SIM3
SIM4
1
21
22
SIM5
SIM1
SIM2
SIM3
SIM4
1
21
22
SIM5
SIM1
SIM2
SIM3
SIM4
1
21
22
SIM5
SIM1
SIM2
SIM3
SIM4
1
21
22
SIM5
SIM1
SIM2
SIM3
SIM4
1
21
22
SIM5
SIM1
SIM2
SIM3
SIM4
1
21
22
SIM5
SIM1
SIM2
SIM3
SIM4
1
21
22
SIM5
SIM1
SIM2
SIM3
SIM4
1
21
22
SIM5
SIM1
SIM2
SIM3
SIM4
1
21
22
SIM5
SIM1
SIM2
SIM3
SIM4
1
21
22
SIM5
SIM1
SIM2
SIM3
SIM4
1
21
22
SIM5
SIM1
SIM2
SIM3
SIM4
1
21
22
SIM5
SIM1
SIM2
SIM3
SIM4
1
21
22
SIM5
SIM1
SIM2
SIM3
SIM4
1
21
22
SIM5
SIM1
SIM2
SIM3
SIM4
1
21
22
SIM5
SIM1
SIM2
SIM3
SIM4
1
21
22
SIM5
SIM1
SIM2
SIM3
SIM4
1
21
22
SIM5
SIM1
SIM2
SIM3
SIM4
1
21
22
SIM5
SIM1
SIM2
SIM3
SIM4
1
21
22
SIM5
SIM1
SIM2
SIM3
SIM4
1
21
22
SIM5
SIM1
SIM2
SIM3
SIM4
1
21
22
SIM5
SIM1
SIM2
SIM3
SIM4
1
21
22
SIM5
SIM1
SIM2
SIM3
SIM4
1
21
22
SIM5
SIM1
SIM2
SIM3
SIM4
1
21
22
SIM5
SIM1
SIM2
SIM3
SIM4
1
21
22
SIM5
SIM1
SIM2
SIM3
SIM4
1
21
22
SIM5
SIM1
SIM2
SIM3
SIM4
1
21
22
SIM5
SIM1
SIM2
DEBUG 1 275
SIM1
SIM2
SIM3
SIM4
1
21
22
SIM5
SIM1
SIM2
SIM3
SIM4
1
21
22
SIM5
SIM1
SIM2
SIM3
SIM4
1
21
22
SIM5
SIM1
SIM2
SIM3
SIM4
1
21
22
SIM5
SIM1
SIM2
SIM3
SIM4
1
21
22
SIM5
SIM1
SIM2
SIM3
SIM4
1
21
22
SIM5
SIM1
SIM2
SIM3
SIM4
1
21
22
SIM5
SIM1
SIM2
SIM3
SIM4
1
21
22
SIM5
SIM1
SIM2
SIM3
SIM4
1
21
22
SIM5
SIM1
SIM2
SIM3
SIM4
1
21
22
SIM5
SIM1
SIM2
SIM3
SIM4
1
21
22
SIM5
SIM1
SIM2
SIM3
SIM4
1
21
22
SIM5
SIM1
SIM2
SIM3
SIM4
1
21
22
SIM5
SIM1
SIM2
SIM3
SIM4
1
21
22
SIM5
SIM1
SIM2
SIM3
SIM4
1
21
22
SIM5
SIM1
SIM2
SIM3
SIM4
1
21
22
SIM5
SIM1
SIM2
SIM3
SIM4
1
21
22
SIM5
SIM1
SIM2
SIM3
SIM4
1
21
22
SIM5
SIM1
SIM2
SIM3
SIM4
1
21
22
SIM5
SIM1
SIM2
SIM3
SIM4
1
21
22
SIM5
SIM1
SIM2
SIM3
SIM4
1
21
22
SIM5
SIM1
SIM2
SIM3
SIM4
1
21
22
SIM5
SIM1
SIM2
SIM3
SIM4
1
21
22
SIM5
SIM1
SIM2
SIM3
SIM4
1
21
22
SIM5
SIM1
SIM2
SIM3
SIM4
1
21
22
SIM5
SIM1
SIM2
SIM3
SIM4
1
21
22
SIM5
SIM1
SIM2
SIM3
SIM4
1
21
22
SIM5
SIM1
SIM2
SIM3
SIM4
1
21
22
SIM5
SIM1
SIM2
SIM3
SIM4
1
21
22
SIM5
SIM1
SIM2
SIM3
SIM4
1
21
22
SIM5
SIM1
SIM2
SIM3
SIM4
1
21
22
SIM5
SIM1
SIM2
SIM3
SIM4
1
21
22
SIM5
SIM1
SIM2
SIM3
SIM4
1
21
22
SIM5
SIM1
SIM2
SIM3
SIM4
1
21
22
SIM5
SIM1
SIM2
SIM3
SIM4
1
21
22
SIM5
SIM1
SIM2
SIM3
SIM4
1
21
22
SIM5
SIM1
SIM2
SIM3
SIM4
1
21
22
SIM5
SIM1
SIM2
SIM3
SIM4
1
21
22
SIM5
SIM1
SIM2
SIM3
SIM4
1
21
22
SIM5
SIM1
SIM2
SIM3
SIM4
1
21
22
SIM5
SIM1
SIM2
SIM3
SIM4
1
21
22
SIM5
SIM1
SIM2
SIM3
SIM4
1
21
22
SIM5
SIM1
SIM2
SIM3
SIM4
1
21
22
SIM5
SIM1
SIM2
SIM3
SIM4
1
21
22
SIM5
SIM1
SIM2
SIM3
SIM4
1
21
22
SIM5
SIM1
SIM2
SIM3
SIM4
1
21
22
SIM5
SIM1
SIM2
SIM3
SIM4
1
21
22
SIM5
SIM1
SIM2
SIM3
SIM4
1
21
22
SIM5
SIM1
SIM2
SIM3
SIM4
1
21
22
SIM5
SIM1
SIM2
SIM3
SIM4
1
21
22
SIM5
SIM1
SIM2
SIM3
SIM4
1
21
22
SIM5
SIM1
SIM2
SIM3
SIM4
1
21
22
SIM5
SIM1
SIM2
SIM3
SIM4
1
21
22
SIM5
SIM1
SIM2
SIM3
SIM4
1
21
22
SIM5
SIM1
SIM2
SIM3
SIM4
1
21
22
SIM5
SIM1
SIM2
SIM3
SIM4
1
21
22
SIM5
SIM1
SIM2
SIM3
SIM4
1
21
22
SIM5
SIM1
SIM2
SIM3
SIM4
1
21
22
SIM5
SIM1
SIM2
SIM3
SIM4
1
21
22
SIM5
SIM1
SIM2
SIM3
SIM4
1
21
22
SIM5
SIM1
SIM2
SIM3
SIM4
1
21
22
SIM5
SIM1
SIM2
SIM3
SIM4
1
21
22
SIM5
SIM1
SIM2
SIM3
SIM4
1
21
22
SIM5
SIM1
SIM2
SIM3
SIM4
1
21
22
SIM5
SIM1
SIM2
SIM3
SIM4
1
21
22
SIM5
SIM1
SIM2
SIM3
SIM4
1
21
22
SIM5
SIM1
SIM2
SIM3
SIM4
1
21
22
SIM5
SIM1
SIM2
SIM3
SIM4
1
21
22
SIM5
SIM1
SIM2
SIM3
SIM4
1
21
22
SIM5
SIM1
SIM2
SIM3
SIM4
1
21
22
SIM5
SIM1
SIM2
SIM3
SIM4
1
21
22
SIM5
SIM1
SIM2
SIM3
SIM4
1
21
22
SIM5
SIM1
SIM2
SIM3
SIM4
1
21
22
SIM5
SIM1
SIM2
SIM3
SIM4
1
21
22
SIM5
SIM1
SIM2
SIM3
SIM4
1
21
22
SIM5
SIM1
SIM2
SIM3
SIM4
1
21
22
SIM5
SIM1
SIM2
SIM3
SIM4
1
21
22
SIM5
SIM1
SIM2
SIM3
SIM4
1
21
22
SIM5
SIM1
SIM2
SIM3
SIM4
1
21
22
SIM5
SIM1
SIM2
SIM3
SIM4
1
21
22
SIM5
SIM1
SIM2
SIM3
SIM4
1
21
22
SIM5
SIM1
SIM2
SIM3
SIM4
1
21
22
SIM5
SIM1
SIM2
SIM3
SIM4
1
21
22
SIM5
SIM1
SIM2
SIM3
SIM4
1
21
22
SIM5
SIM1
SIM2
SIM3
SIM4
1
21
22
SIM5
SIM1
SIM2
SIM3
SIM4
1
21
22
SIM5
SIM1
SIM2
SIM3
SIM4
1
21
22
SIM5
SIM1
SIM2
SIM3
SIM4
1
21
22
SIM5
SIM1
SIM2
SIM3
SIM4
1
21
22
SIM5
SIM1
SIM2
SIM3
SIM4
1
21
22
SIM5
SIM1
SIM2
SIM3
SIM4
1
21
22
SIM5
SIM1
SIM2
SIM3
SIM4
1
21
22
SIM5
SIM1
SIM2
SIM3
SIM4
1
21
22
SIM5
SIM1
SIM2
SIM3
SIM4
1
21
22
SIM5
SIM1
SIM2
SIM3
SIM4
1
21
22
SIM5
SIM1
SIM2
SIM3
SIM4
1
21
22
SIM5
SIM1
SIM2
SIM3
SIM4
1
21
22
SIM5
SIM1
SIM2
SIM3
SIM4
1
21
22
SIM5
SIM1
SIM2
SIM3
SIM4
1
21
22
SIM5
SIM1
SIM2
SIM3
SIM4
1
21
22
SIM5
SIM1
SIM2
SIM3
SIM4
1
21
22
SIM5
SIM1
SIM2
SIM3
SIM4
1
21
22
SIM5
SIM1
SIM2
SIM3
SIM4
1
21
22
SIM5
SIM1
SIM2
SIM3
SIM4
1
21
22
SIM5
SIM1
SIM2
SIM3
SIM4
1
21
22
SIM5
SIM1
SIM2
SIM3
SIM4
1
21
22
SIM5
SIM1
SIM2
SIM3
SIM4
1
21
22
SIM5
SIM1
SIM2
SIM3
SIM4
1
21
22
SIM5
SIM1
SIM2
SIM3
SIM4
1
21
22
SIM5
SIM1
SIM2
SIM3
SIM4
1
21
22
SIM5
SIM1
SIM2
SIM3
SIM4
1
21
22
SIM5
SIM1
SIM2
SIM3
SIM4
1
21
22
SIM5
SIM1
SIM2
SIM3
SIM4
1
21
22
SIM5
SIM1
SIM2
SIM3
SIM4
1
21
22
SIM5
SIM1
SIM2
SIM3
SIM4
1
21
22
SIM5
SIM1
SIM2
SIM3
SIM4
1
21
22
SIM5
SIM1
SIM2
SIM3
SIM4
1
21
22
SIM5
SIM1
SIM2
SIM3
SIM4
1
21
22
SIM5
SIM1
SIM2
SIM3
SIM4
1
21
22
SIM5
SIM1
SIM2
SIM3
SIM4
1
21
22
SIM5
SIM1
SIM2
SIM3
SIM4
1
21
22
SIM5
SIM1
SIM2
SIM3
SIM4
1
21
22
SIM5
SIM1
SIM2
SIM3
SIM4
1
21
22
SIM5
SIM1
SIM2
SIM3
SIM4
1
21
22
SIM5
SIM1
SIM2
SIM3
SIM4
1
21
22
SIM5
SIM1
SIM2
SIM3
SIM4
1
21
22
SIM5
SIM1
SIM2
SIM3
SIM4
1
21
22
SIM5
SIM1
SIM2
SIM3
SIM4
1
21
22
SIM5
SIM1
SIM2
SIM3
SIM4
1
21
22
SIM5
SIM1
SIM2
SIM3
SIM4
1
21
22
SIM5
SIM1
SIM2
SIM3
SIM4
1
21
22
SIM5
SIM1
SIM2
SIM3
SIM4
1
21
22
SIM5
SIM1
SIM2
SIM3
SIM4
1
21
22
SIM5
SIM1
SIM2
SIM3
SIM4
1
21
22
SIM5
SIM1
SIM2
SIM3
SIM4
1
21
22
SIM5
SIM1
SIM2
SIM3
SIM4
1
21
22
SIM5
SIM1
SIM2
SIM3
SIM4
1
21
22
SIM5
SIM1
SIM2
SIM3
SIM4
1
21
22
SIM5
SIM1
SIM2
SIM3
SIM4
1
21
22
SIM5
SIM1
SIM2
SIM3
SIM4
1
21
22
SIM5
SIM1
SIM2
SIM3
SIM4
1
21
22
SIM5
SIM1
SIM2
SIM3
SIM4
1
21
22
SIM5
SIM1
SIM2
SIM3
SIM4
1
21
22
SIM5
SIM1
SIM2
SIM3
SIM4
1
21
22
SIM5
SIM1
SIM2
SIM3
SIM4
1
21
22
SIM5
SIM1
SIM2
SIM3
SIM4
1
21
22
SIM5
SIM1
SIM2
SIM3
SIM4
1
21
22
SIM5
SIM1
SIM2
SIM3
SIM4
1
21
22
SIM5
SIM1
SIM2
SIM3
SIM4
1
21
22
SIM5
SIM1
SIM2
SIM3
SIM4
1
21
22
SIM5
SIM1
SIM2
SIM3
SIM4
1
21
22
SIM5
SIM1
SIM2
SIM3
SIM4
1
21
22
SIM5
SIM1
SIM2
SIM3
SIM4
1
21
22
SIM5
SIM1
SIM2
SIM3
SIM4
1
21
22
SIM5
SIM1
SIM2
SIM3
SIM4
1
21
22
SIM5
SIM1
SIM2
SIM3
SIM4
1
21
22
SIM5
SIM1
SIM2
SIM3
SIM4
1
21
22
SIM5
SIM1
SIM2
SIM3
SIM4
1
21
22
SIM5
SIM1
SIM2
SIM3
SIM4
1
21
22
SIM5
SIM1
SIM2
SIM3
SIM4
1
21
22
SIM5
SIM1
SIM2
SIM3
SIM4
1
21
22
SIM5
SIM1
SIM2
SIM3
SIM4
1
21
22
SIM5
SIM1
SIM2
SIM3
SIM4
1
21
22
SIM5
SIM1
SIM2
SIM3
SIM4
1
21
22
SIM5
SIM1
SIM2
SIM3
SIM4
1
21
22
SIM5
SIM1
SIM2
SIM3
SIM4
1
21
22
SIM5
SIM1
SIM2
SIM3
SIM4
1
21
22
SIM5
SIM1
SIM2
SIM3
SIM4
1
21
22
SIM5
SIM1
SIM2
SIM3
SIM4
1
21
22
SIM5
SIM1
SIM2
SIM3
SIM4
1
21
22
SIM5
SIM1
SIM2
SIM3
SIM4
1
21
22
SIM5
SIM1
SIM2
SIM3
SIM4
1
21
22
SIM5
SIM1
SIM2
SIM3
SIM4
1
21
22
SIM5
SIM1
SIM2
SIM3
SIM4
1
21
22
SIM5
SIM1
SIM2
SIM3
SIM4
1
21
22
SIM5
SIM1
SIM2
SIM3
SIM4
1
21
22
SIM5
SIM1
SIM2
SIM3
SIM4
1
21
22
SIM5
SIM1
SIM2
SIM3
SIM4
1
21
22
SIM5
SIM1
SIM2
SIM3
SIM4
1
21
22
SIM5
SIM1
SIM2
SIM3
SIM4
1
21
22
SIM5
SIM1
SIM2
SIM3
SIM4
1
21
22
SIM5
SIM1
SIM2
SIM3
SIM4
1
21
22
SIM5
SIM1
SIM2
SIM3
SIM4
1
21
22
SIM5
SIM1
SIM2
SIM3
SIM4
1
21
22
SIM5
SIM1
SIM2
SIM3
SIM4
1
21
22
SIM5
SIM1
SIM2
SIM3
SIM4
1
21
22
SIM5
SIM1
SIM2
SIM3
SIM4
1
21
22
SIM5
SIM1
SIM2
SIM3
SIM4
1
21
22
SIM5
SIM1
SIM2
SIM3
SIM4
1
21
22
SIM5
SIM1
SIM2
SIM3
SIM4
1
21
22
SIM5
SIM1
SIM2
SIM3
SIM4
1
21
22
SIM5
SIM1
SIM2
SIM3
SIM4
1
21
22
SIM5
SIM1
SIM2
SIM3
SIM4
1
21
22
SIM5
SIM1
SIM2
SIM3
SIM4
1
21
22
SIM5
SIM1
SIM2
SIM3
SIM4
1
21
22
SIM5
SIM1
SIM2
SIM3
SIM4
1
21
22
SIM5
SIM1
SIM2
SIM3
SIM4
1
21
22
SIM5
SIM1
SIM2
SIM3
SIM4
1
21
22
SIM5
SIM1
SIM2
SIM3
SIM4
1
21
22
SIM5
SIM1
SIM2
SIM3
SIM4
1
21
22
SIM5
SIM1
SIM2
SIM3
SIM4
1
21
22
SIM5
SIM1
SIM2
SIM3
SIM4
1
21
22
SIM5
SIM1
SIM2
SIM3
SIM4
1
21
22
SIM5
SIM1
SIM2
SIM3
SIM4
1
21
22
SIM5
SIM1
SIM2
SIM3
SIM4
1
21
22
SIM5
SIM1
SIM2
SIM3
SIM4
1
21
22
SIM5
SIM1
SIM2
SIM3
SIM4
1
21
22
SIM5
SIM1
SIM2
SIM3
SIM4
1
21
22
SIM5
SIM1
SIM2
SIM3
SIM4
1
21
22
SIM5
SIM1
SIM2
SIM3
SIM4
1
21
22
SIM5
SIM1
SIM2
SIM3
SIM4
1
21
22
SIM5
SIM1
SIM2
SIM3
SIM4
1
21
22
SIM5
SIM1
SIM2
SIM3
SIM4
1
21
22
SIM5
SIM1
SIM2
SIM3
SIM4
1
21
22
SIM5
SIM1
SIM2
SIM3
SIM4
1
21
22
SIM5
SIM1
SIM2
SIM3
SIM4
1
21
22
SIM5
SIM1
SIM2
DEBUG 1 276
SIM1
SIM2
SIM3
SIM4
1
21
22
SIM5
SIM1
SIM2
SIM3
SIM4
1
21
22
SIM5
SIM1
SIM2
SIM3
SIM4
1
21
22
SIM5
SIM1
SIM2
SIM3
SIM4
1
21
22
SIM5
SIM1
SIM2
SIM3
SIM4
1
21
22
SIM5
SIM1
SIM2
SIM3
SIM4
1
21
22
SIM5
SIM1
SIM2
SIM3
SIM4
1
21
22
SIM5
SIM1
SIM2
SIM3
SIM4
1
21
22
SIM5
SIM1
SIM2
SIM3
SIM4
1
21
22
SIM5
SIM1
SIM2
SIM3
SIM4
1
21
22
SIM5
SIM1
SIM2
SIM3
SIM4
1
21
22
SIM5
SIM1
SIM2
SIM3
SIM4
1
21
22
SIM5
SIM1
SIM2
SIM3
SIM4
1
21
22
SIM5
SIM1
SIM2
SIM3
SIM4
1
21
22
SIM5
SIM1
SIM2
SIM3
SIM4
1
21
22
SIM5
SIM1
SIM2
SIM3
SIM4
1
21
22
SIM5
SIM1
SIM2
SIM3
SIM4
1
21
22
SIM5
SIM1
SIM2
SIM3
SIM4
1
21
22
SIM5
SIM1
SIM2
SIM3
SIM4
1
21
22
SIM5
SIM1
SIM2
SIM3
SIM4
1
21
22
SIM5
SIM1
SIM2
SIM3
SIM4
1
21
22
SIM5
SIM1
SIM2
SIM3
SIM4
1
21
22
SIM5
SIM1
SIM2
SIM3
SIM4
1
21
22
SIM5
SIM1
SIM2
SIM3
SIM4
1
21
22
SIM5
SIM1
SIM2
SIM3
SIM4
1
21
22
SIM5
SIM1
SIM2
SIM3
SIM4
1
21
22
SIM5
SIM1
SIM2
SIM3
SIM4
1
21
22
SIM5
SIM1
SIM2
SIM3
SIM4
1
21
22
SIM5
SIM1
SIM2
SIM3
SIM4
1
21
22
SIM5
SIM1
SIM2
SIM3
SIM4
1
21
22
SIM5
SIM1
SIM2
SIM3
SIM4
1
21
22
SIM5
SIM1
SIM2
SIM3
SIM4
1
21
22
SIM5
SIM1
SIM2
SIM3
SIM4
1
21
22
SIM5
SIM1
SIM2
SIM3
SIM4
1
21
22
SIM5
SIM1
SIM2
SIM3
SIM4
1
21
22
SIM5
SIM1
SIM2
SIM3
SIM4
1
21
22
SIM5
SIM1
SIM2
SIM3
SIM4
1
21
22
SIM5
SIM1
SIM2
SIM3
SIM4
1
21
22
SIM5
SIM1
SIM2
SIM3
SIM4
1
21
22
SIM5
SIM1
SIM2
SIM3
SIM4
1
21
22
SIM5
SIM1
SIM2
SIM3
SIM4
1
21
22
SIM5
SIM1
SIM2
SIM3
SIM4
1
21
22
SIM5
SIM1
SIM2
SIM3
SIM4
1
21
22
SIM5
SIM1
SIM2
SIM3
SIM4
1
21
22
SIM5
SIM1
SIM2
SIM3
SIM4
1
21
22
SIM5
SIM1
SIM2
SIM3
SIM4
1
21
22
SIM5
SIM1
SIM2
SIM3
SIM4
1
21
22
SIM5
SIM1
SIM2
SIM3
SIM4
1
21
22
SIM5
SIM1
SIM2
SIM3
SIM4
1
21
22
SIM5
SIM1
SIM2
SIM3
SIM4
1
21
22
SIM5
SIM1
SIM2
SIM3
SIM4
1
21
22
SIM5
SIM1
SIM2
SIM3
SIM4
1
21
22
SIM5
SIM1
SIM2
SIM3
SIM4
1
21
22
SIM5
SIM1
SIM2
SIM3
SIM4
1
21
22
SIM5
SIM1
SIM2
SIM3
SIM4
1
21
22
SIM5
SIM1
SIM2
SIM3
SIM4
1
21
22
SIM5
SIM1
SIM2
SIM3
SIM4
1
21
22
SIM5
SIM1
SIM2
SIM3
SIM4
1
21
22
SIM5
SIM1
SIM2
SIM3
SIM4
1
21
22
SIM5
SIM1
SIM2
SIM3
SIM4
1
21
22
SIM5
SIM1
SIM2
SIM3
SIM4
1
21
22
SIM5
SIM1
SIM2
SIM3
SIM4
1
21
22
SIM5
SIM1
SIM2
SIM3
SIM4
1
21
22
SIM5
SIM1
SIM2
SIM3
SIM4
1
21
22
SIM5
SIM1
SIM2
SIM3
SIM4
1
21
22
SIM5
SIM1
SIM2
SIM3
SIM4
1
21
22
SIM5
SIM1
SIM2
SIM3
SIM4
1
21
22
SIM5
SIM1
SIM2
SIM3
SIM4
1
21
22
SIM5
SIM1
SIM2
SIM3
SIM4
1
21
22
SIM5
SIM1
SIM2
SIM3
SIM4
1
21
22
SIM5
SIM1
SIM2
SIM3
SIM4
1
21
22
SIM5
SIM1
SIM2
SIM3
SIM4
1
21
22
SIM5
SIM1
SIM2
SIM3
SIM4
1
21
22
SIM5
SIM1
SIM2
SIM3
SIM4
1
21
22
SIM5
SIM1
SIM2
SIM3
SIM4
1
21
22
SIM5
SIM1
SIM2
SIM3
SIM4
1
21
22
SIM5
SIM1
SIM2
SIM3
SIM4
1
21
22
SIM5
SIM1
SIM2
SIM3
SIM4
1
21
22
SIM5
SIM1
SIM2
SIM3
SIM4
1
21
22
SIM5
SIM1
SIM2
SIM3
SIM4
1
21
22
SIM5
SIM1
SIM2
SIM3
SIM4
1
21
22
SIM5
SIM1
SIM2
SIM3
SIM4
1
21
22
SIM5
SIM1
SIM2
SIM3
SIM4
1
21
22
SIM5
SIM1
SIM2
SIM3
SIM4
1
21
22
SIM5
SIM1
SIM2
SIM3
SIM4
1
21
22
SIM5
SIM1
SIM2
SIM3
SIM4
1
21
22
SIM5
SIM1
SIM2
SIM3
SIM4
1
21
22
SIM5
SIM1
SIM2
SIM3
SIM4
1
21
22
SIM5
SIM1
SIM2
SIM3
SIM4
1
21
22
SIM5
SIM1
SIM2
SIM3
SIM4
1
21
22
SIM5
SIM1
SIM2
SIM3
SIM4
1
21
22
SIM5
SIM1
SIM2
SIM3
SIM4
1
21
22
SIM5
SIM1
SIM2
SIM3
SIM4
1
21
22
SIM5
SIM1
SIM2
SIM3
SIM4
1
21
22
SIM5
SIM1
SIM2
SIM3
SIM4
1
21
22
SIM5
SIM1
SIM2
SIM3
SIM4
1
21
22
SIM5
SIM1
SIM2
SIM3
SIM4
1
21
22
SIM5
SIM1
SIM2
SIM3
SIM4
1
21
22
SIM5
SIM1
SIM2
SIM3
SIM4
1
21
22
SIM5
SIM1
SIM2
SIM3
SIM4
1
21
22
SIM5
SIM1
SIM2
SIM3
SIM4
1
21
22
SIM5
SIM1
SIM2
SIM3
SIM4
1
21
22
SIM5
SIM1
SIM2
SIM3
SIM4
1
21
22
SIM5
SIM1
SIM2
SIM3
SIM4
1
21
22
SIM5
SIM1
SIM2
SIM3
SIM4
1
21
22
SIM5
SIM1
SIM2
SIM3
SIM4
1
21
22
SIM5
SIM1
SIM2
SIM3
SIM4
1
21
22
SIM5
SIM1
SIM2
SIM3
SIM4
1
21
22
SIM5
SIM1
SIM2
SIM3
SIM4
1
21
22
SIM5
SIM1
SIM2
SIM3
SIM4
1
21
22
SIM5
SIM1
SIM2
SIM3
SIM4
1
21
22
SIM5
SIM1
SIM2
SIM3
SIM4
1
21
22
SIM5
SIM1
SIM2
SIM3
SIM4
1
21
22
SIM5
SIM1
SIM2
SIM3
SIM4
1
21
22
SIM5
SIM1
SIM2
SIM3
SIM4
1
21
22
SIM5
SIM1
SIM2
SIM3
SIM4
1
21
22
SIM5
SIM1
SIM2
SIM3
SIM4
1
21
22
SIM5
SIM1
SIM2
SIM3
SIM4
1
21
22
SIM5
SIM1
SIM2
SIM3
SIM4
1
21
22
SIM5
SIM1
SIM2
SIM3
SIM4
1
21
22
SIM5
SIM1
SIM2
SIM3
SIM4
1
21
22
SIM5
SIM1
SIM2
SIM3
SIM4
1
21
22
SIM5
SIM1
SIM2
SIM3
SIM4
1
21
22
SIM5
SIM1
SIM2
SIM3
SIM4
1
21
22
SIM5
SIM1
SIM2
SIM3
SIM4
1
21
22
SIM5
SIM1
SIM2
SIM3
SIM4
1
21
22
SIM5
SIM1
SIM2
SIM3
SIM4
1
21
22
SIM5
SIM1
SIM2
SIM3
SIM4
1
21
22
SIM5
SIM1
SIM2
SIM3
SIM4
1
21
22
SIM5
SIM1
SIM2
SIM3
SIM4
1
21
22
SIM5
SIM1
SIM2
SIM3
SIM4
1
21
22
SIM5
SIM1
SIM2
SIM3
SIM4
1
21
22
SIM5
SIM1
SIM2
SIM3
SIM4
1
21
22
SIM5
SIM1
SIM2
SIM3
SIM4
1
21
22
SIM5
SIM1
SIM2
SIM3
SIM4
1
21
22
SIM5
SIM1
SIM2
SIM3
SIM4
1
21
22
SIM5
SIM1
SIM2
SIM3
SIM4
1
21
22
SIM5
SIM1
SIM2
SIM3
SIM4
1
21
22
SIM5
SIM1
SIM2
SIM3
SIM4
1
21
22
SIM5
SIM1
SIM2
SIM3
SIM4
1
21
22
SIM5
SIM1
SIM2
SIM3
SIM4
1
21
22
SIM5
SIM1
SIM2
SIM3
SIM4
1
21
22
SIM5
SIM1
SIM2
SIM3
SIM4
1
21
22
SIM5
SIM1
SIM2
SIM3
SIM4
1
21
22
SIM5
SIM1
SIM2
SIM3
SIM4
1
21
22
SIM5
SIM1
SIM2
SIM3
SIM4
1
21
22
SIM5
SIM1
SIM2
SIM3
SIM4
1
21
22
SIM5
SIM1
SIM2
SIM3
SIM4
1
21
22
SIM5
SIM1
SIM2
SIM3
SIM4
1
21
22
SIM5
SIM1
SIM2
SIM3
SIM4
1
21
22
SIM5
SIM1
SIM2
SIM3
SIM4
1
21
22
SIM5
SIM1
SIM2
SIM3
SIM4
1
21
22
SIM5
SIM1
SIM2
SIM3
SIM4
1
21
22
SIM5
SIM1
SIM2
SIM3
SIM4
1
21
22
SIM5
SIM1
SIM2
SIM3
SIM4
1
21
22
SIM5
SIM1
SIM2
SIM3
SIM4
1
21
22
SIM5
SIM1
SIM2
SIM3
SIM4
1
21
22
SIM5
SIM1
SIM2
SIM3
SIM4
1
21
22
SIM5
SIM1
SIM2
SIM3
SIM4
1
21
22
SIM5
SIM1
SIM2
SIM3
SIM4
1
21
22
SIM5
SIM1
SIM2
SIM3
SIM4
1
21
22
SIM5
SIM1
SIM2
SIM3
SIM4
1
21
22
SIM5
SIM1
SIM2
SIM3
SIM4
1
21
22
SIM5
SIM1
SIM2
SIM3
SIM4
1
21
22
SIM5
SIM1
SIM2
SIM3
SIM4
1
21
22
SIM5
SIM1
SIM2
SIM3
SIM4
1
21
22
SIM5
SIM1
SIM2
SIM3
SIM4
1
21
22
SIM5
SIM1
SIM2
SIM3
SIM4
1
21
22
SIM5
SIM1
SIM2
SIM3
SIM4
1
21
22
SIM5
SIM1
SIM2
SIM3
SIM4
1
21
22
SIM5
SIM1
SIM2
SIM3
SIM4
1
21
22
SIM5
SIM1
SIM2
SIM3
SIM4
1
21
22
SIM5
SIM1
SIM2
SIM3
SIM4
1
21
22
SIM5
SIM1
SIM2
SIM3
SIM4
1
21
22
SIM5
SIM1
SIM2
SIM3
SIM4
1
21
22
SIM5
SIM1
SIM2
SIM3
SIM4
1
21
22
SIM5
SIM1
SIM2
SIM3
SIM4
1
21
22
SIM5
SIM1
SIM2
SIM3
SIM4
1
21
22
SIM5
SIM1
SIM2
SIM3
SIM4
1
21
22
SIM5
SIM1
SIM2
SIM3
SIM4
1
21
22
SIM5
SIM1
SIM2
SIM3
SIM4
1
21
22
SIM5
SIM1
SIM2
SIM3
SIM4
1
21
22
SIM5
SIM1
SIM2
SIM3
SIM4
1
21
22
SIM5
SIM1
SIM2
SIM3
SIM4
1
21
22
SIM5
SIM1
SIM2
SIM3
SIM4
1
21
22
SIM5
SIM1
SIM2
SIM3
SIM4
1
21
22
SIM5
SIM1
SIM2
SIM3
SIM4
1
21
22
SIM5
SIM1
SIM2
SIM3
SIM4
1
21
22
SIM5
SIM1
SIM2
SIM3
SIM4
1
21
22
SIM5
SIM1
SIM2
SIM3
SIM4
1
21
22
SIM5
SIM1
SIM2
SIM3
SIM4
1
21
22
SIM5
SIM1
SIM2
SIM3
SIM4
1
21
22
SIM5
SIM1
SIM2
SIM3
SIM4
1
21
22
SIM5
SIM1
SIM2
SIM3
SIM4
1
21
22
SIM5
SIM1
SIM2
SIM3
SIM4
1
21
22
SIM5
SIM1
SIM2
SIM3
SIM4
1
21
22
SIM5
SIM1
SIM2
SIM3
SIM4
1
21
22
SIM5
SIM1
SIM2
SIM3
SIM4
1
21
22
SIM5
SIM1
SIM2
SIM3
SIM4
1
21
22
SIM5
SIM1
SIM2
SIM3
SIM4
1
21
22
SIM5
SIM1
SIM2
SIM3
SIM4
1
21
22
SIM5
SIM1
SIM2
SIM3
SIM4
1
21
22
SIM5
SIM1
SIM2
SIM3
SIM4
1
21
22
SIM5
SIM1
SIM2
SIM3
SIM4
1
21
22
SIM5
SIM1
SIM2
SIM3
SIM4
1
21
22
SIM5
SIM1
SIM2
SIM3
SIM4
1
21
22
SIM5
SIM1
SIM2
SIM3
SIM4
1
21
22
SIM5
SIM1
SIM2
SIM3
SIM4
1
21
22
SIM5
SIM1
SIM2
SIM3
SIM4
1
21
22
SIM5
SIM1
SIM2
SIM3
SIM4
1
21
22
SIM5
SIM1
SIM2
SIM3
SIM4
1
21
22
SIM5
SIM1
SIM2
SIM3
SIM4
1
21
22
SIM5
SIM1
SIM2
SIM3
SIM4
1
21
22
SIM5
SIM1
SIM2
SIM3
SIM4
1
21
22
SIM5
SIM1
SIM2
SIM3
SIM4
1
21
22
SIM5
SIM1
SIM2
SIM3
SIM4
1
21
22
SIM5
SIM1
SIM2
SIM3
SIM4
1
21
22
SIM5
SIM1
SIM2
SIM3
SIM4
1
21
22
SIM5
SIM1
SIM2
SIM3
SIM4
1
21
22
SIM5
SIM1
SIM2
SIM3
SIM4
1
21
22
SIM5
SIM1
SIM2
SIM3
SIM4
1
21
22
SIM5
SIM1
SIM2
SIM3
SIM4
1
21
22
SIM5
SIM1
SIM2
SIM3
SIM4
1
21
22
SIM5
SIM1
SIM2
SIM3
SIM4
1
21
22
SIM5
SIM1
SIM2
SIM3
SIM4
1
21
22
SIM5
SIM1
SIM2
SIM3
SIM4
1
21
22
SIM5
SIM1
SIM2
SIM3
SIM4
1
21
22
SIM5
SIM1
SIM2
SIM3
SIM4
1
21
22
SIM5
SIM1
SIM2
SIM3
SIM4
1
21
22
SIM5
SIM1
SIM2
SIM3
SIM4
1
21
22
SIM5
SIM1
SIM2
SIM3
SIM4
1
21
22
SIM5
SIM1
SIM2
SIM3
SIM4
1
21
22
SIM5
SIM1
SIM2
SIM3
SIM4
1
21
22
SIM5
SIM1
SIM2
SIM3
SIM4
1
21
22
SIM5
SIM1
SIM2
SIM3
SIM4
1
21
22
SIM5
SIM1
SIM2
SIM3
SIM4
1
21
22
SIM5
SIM1
SIM2
SIM3
SIM4
1
21
22
SIM5
SIM1
SIM2
SIM3
SIM4
1
21
22
SIM5
SIM1
SIM2
SIM3
SIM4
1
21
22
SIM5
SIM1
SIM2
SIM3
SIM4
1
21
22
SIM5
SIM1
SIM2
SIM3
SIM4
1
21
22
SIM5
SIM1
SIM2
SIM3
SIM4
1
21
22
SIM5
SIM1
SIM2
SIM3
SIM4
1
21
22
SIM5
SIM1
SIM2
SIM3
SIM4
1
21
22
SIM5
SIM1
SIM2
SIM3
SIM4
1
21
22
SIM5
SIM1
SIM2
SIM3
SIM4
1
21
22
SIM5
SIM1
SIM2
SIM3
SIM4
1
21
22
SIM5
SIM1
SIM2
SIM3
SIM4
1
21
22
SIM5
SIM1
SIM2
SIM3
SIM4
1
21
22
SIM5
SIM1
SIM2
SIM3
SIM4
1
21
22
SIM5
SIM1
SIM2
SIM3
SIM4
1
21
22
SIM5
SIM1
SIM2
SIM3
SIM4
1
21
22
SIM5
SIM1
SIM2
SIM3
SIM4
1
21
22
SIM5
SIM1
SIM2
SIM3
SIM4
1
21
22
SIM5
SIM1
SIM2
SIM3
SIM4
1
21
22
SIM5
SIM1
SIM2
SIM3
SIM4
1
21
22
SIM5
SIM1
SIM2
SIM3
SIM4
1
21
22
SIM5
SIM1
SIM2
SIM3
SIM4
1
21
22
SIM5
SIM1
SIM2
SIM3
SIM4
1
21
22
SIM5
SIM1
SIM2
SIM3
SIM4
1
21
22
SIM5
SIM1
SIM2
SIM3
SIM4
1
21
22
SIM5
SIM1
SIM2
SIM3
SIM4
1
21
22
SIM5
SIM1
SIM2
SIM3
SIM4
1
21
22
SIM5
SIM1
SIM2
SIM3
SIM4
1
21
22
SIM5
SIM1
SIM2
SIM3
SIM4
1
21
22
SIM5
SIM1
SIM2
SIM3
SIM4
1
21
22
SIM5
SIM1
SIM2
SIM3
SIM4
1
21
22
SIM5
SIM1
SIM2
SIM3
SIM4
1
21
22
SIM5
SIM1
SIM2
SIM3
SIM4
1
21
22
SIM5
SIM1
SIM2
SIM3
SIM4
1
21
22
SIM5
SIM1
SIM2
SIM3
SIM4
1
21
22
SIM5
SIM1
SIM2
SIM3
SIM4
1
21
22
SIM5
SIM1
SIM2
SIM3
SIM4
1
21
22
SIM5
SIM1
SIM2
SIM3
SIM4
1
21
22
SIM5
SIM1
SIM2
SIM3
SIM4
1
21
22
SIM5
SIM1
SIM2
SIM3
SIM4
1
21
22
SIM5
SIM1
SIM2
SIM3
SIM4
1
21
22
SIM5
SIM1
SIM2
SIM3
SIM4
1
21
22
SIM5
SIM1
SIM2
SIM3
SIM4
1
21
22
SIM5
SIM1
SIM2
SIM3
SIM4
1
21
22
SIM5
SIM1
SIM2
SIM3
SIM4
1
21
22
SIM5
SIM1
SIM2
SIM3
SIM4
1
21
22
SIM5
SIM1
SIM2
SIM3
SIM4
1
21
22
SIM5
SIM1
SIM2
SIM3
SIM4
1
21
22
SIM5
SIM1
SIM2
SIM3
SIM4
1
21
22
SIM5
SIM1
SIM2
SIM3
SIM4
1
21
22
SIM5
SIM1
SIM2
SIM3
SIM4
1
21
22
SIM5
SIM1
SIM2
SIM3
SIM4
1
21
22
SIM5
SIM1
SIM2
SIM3
SIM4
1
21
22
SIM5
SIM1
SIM2
SIM3
SIM4
1
21
22
SIM5
SIM1
SIM2
SIM3
SIM4
1
21
22
SIM5
SIM1
SIM2
SIM3
SIM4
1
21
22
SIM5
SIM1
SIM2
SIM3
SIM4
1
21
22
SIM5
SIM1
SIM2
SIM3
SIM4
1
21
22
SIM5
SIM1
SIM2
SIM3
SIM4
1
21
22
SIM5
SIM1
SIM2
DEBUG 1 277
SIM1
SIM2
SIM3
SIM4
1
21
22
SIM5
SIM1
SIM2
SIM3
SIM4
1
21
22
SIM5
SIM1
SIM2
SIM3
SIM4
1
21
22
SIM5
SIM1
SIM2
SIM3
SIM4
1
21
22
SIM5
SIM1
SIM2
SIM3
SIM4
1
21
22
SIM5
SIM1
SIM2
SIM3
SIM4
1
21
22
SIM5
SIM1
SIM2
SIM3
SIM4
1
21
22
SIM5
SIM1
SIM2
SIM3
SIM4
1
21
22
SIM5
SIM1
SIM2
SIM3
SIM4
1
21
22
SIM5
SIM1
SIM2
SIM3
SIM4
1
21
22
SIM5
SIM1
SIM2
SIM3
SIM4
1
21
22
SIM5
SIM1
SIM2
SIM3
SIM4
1
21
22
SIM5
SIM1
SIM2
SIM3
SIM4
1
21
22
SIM5
SIM1
SIM2
SIM3
SIM4
1
21
22
SIM5
SIM1
SIM2
SIM3
SIM4
1
21
22
SIM5
SIM1
SIM2
SIM3
SIM4
1
21
22
SIM5
SIM1
SIM2
SIM3
SIM4
1
21
22
SIM5
SIM1
SIM2
SIM3
SIM4
1
21
22
SIM5
SIM1
SIM2
SIM3
SIM4
1
21
22
SIM5
SIM1
SIM2
SIM3
SIM4
1
21
22
SIM5
SIM1
SIM2
SIM3
SIM4
1
21
22
SIM5
SIM1
SIM2
SIM3
SIM4
1
21
22
SIM5
SIM1
SIM2
SIM3
SIM4
1
21
22
SIM5
SIM1
SIM2
SIM3
SIM4
1
21
22
SIM5
SIM1
SIM2
SIM3
SIM4
1
21
22
SIM5
SIM1
SIM2
SIM3
SIM4
1
21
22
SIM5
SIM1
SIM2
SIM3
SIM4
1
21
22
SIM5
SIM1
SIM2
SIM3
SIM4
1
21
22
SIM5
SIM1
SIM2
SIM3
SIM4
1
21
22
SIM5
SIM1
SIM2
SIM3
SIM4
1
21
22
SIM5
SIM1
SIM2
SIM3
SIM4
1
21
22
SIM5
SIM1
SIM2
SIM3
SIM4
1
21
22
SIM5
SIM1
SIM2
SIM3
SIM4
1
21
22
SIM5
SIM1
SIM2
SIM3
SIM4
1
21
22
SIM5
SIM1
SIM2
SIM3
SIM4
1
21
22
SIM5
SIM1
SIM2
SIM3
SIM4
1
21
22
SIM5
SIM1
SIM2
SIM3
SIM4
1
21
22
SIM5
SIM1
SIM2
SIM3
SIM4
1
21
22
SIM5
SIM1
SIM2
SIM3
SIM4
1
21
22
SIM5
SIM1
SIM2
SIM3
SIM4
1
21
22
SIM5
SIM1
SIM2
SIM3
SIM4
1
21
22
SIM5
SIM1
SIM2
SIM3
SIM4
1
21
22
SIM5
SIM1
SIM2
SIM3
SIM4
1
21
22
SIM5
SIM1
SIM2
SIM3
SIM4
1
21
22
SIM5
SIM1
SIM2
SIM3
SIM4
1
21
22
SIM5
SIM1
SIM2
SIM3
SIM4
1
21
22
SIM5
SIM1
SIM2
SIM3
SIM4
1
21
22
SIM5
SIM1
SIM2
SIM3
SIM4
1
21
22
SIM5
SIM1
SIM2
SIM3
SIM4
1
21
22
SIM5
SIM1
SIM2
SIM3
SIM4
1
21
22
SIM5
SIM1
SIM2
SIM3
SIM4
1
21
22
SIM5
SIM1
SIM2
SIM3
SIM4
1
21
22
SIM5
SIM1
SIM2
SIM3
SIM4
1
21
22
SIM5
SIM1
SIM2
SIM3
SIM4
1
21
22
SIM5
SIM1
SIM2
SIM3
SIM4
1
21
22
SIM5
SIM1
SIM2
SIM3
SIM4
1
21
22
SIM5
SIM1
SIM2
SIM3
SIM4
1
21
22
SIM5
SIM1
SIM2
SIM3
SIM4
1
21
22
SIM5
SIM1
SIM2
SIM3
SIM4
1
21
22
SIM5
SIM1
SIM2
SIM3
SIM4
1
21
22
SIM5
SIM1
SIM2
SIM3
SIM4
1
21
22
SIM5
SIM1
SIM2
SIM3
SIM4
1
21
22
SIM5
SIM1
SIM2
SIM3
SIM4
1
21
22
SIM5
SIM1
SIM2
SIM3
SIM4
1
21
22
SIM5
SIM1
SIM2
SIM3
SIM4
1
21
22
SIM5
SIM1
SIM2
SIM3
SIM4
1
21
22
SIM5
SIM1
SIM2
SIM3
SIM4
1
21
22
SIM5
SIM1
SIM2
SIM3
SIM4
1
21
22
SIM5
SIM1
SIM2
SIM3
SIM4
1
21
22
SIM5
SIM1
SIM2
SIM3
SIM4
1
21
22
SIM5
SIM1
SIM2
SIM3
SIM4
1
21
22
SIM5
SIM1
SIM2
SIM3
SIM4
1
21
22
SIM5
SIM1
SIM2
SIM3
SIM4
1
21
22
SIM5
SIM1
SIM2
SIM3
SIM4
1
21
22
SIM5
SIM1
SIM2
SIM3
SIM4
1
21
22
SIM5
SIM1
SIM2
SIM3
SIM4
1
21
22
SIM5
SIM1
SIM2
SIM3
SIM4
1
21
22
SIM5
SIM1
SIM2
SIM3
SIM4
1
21
22
SIM5
SIM1
SIM2
SIM3
SIM4
1
21
22
SIM5
SIM1
SIM2
SIM3
SIM4
1
21
22
SIM5
SIM1
SIM2
SIM3
SIM4
1
21
22
SIM5
SIM1
SIM2
SIM3
SIM4
1
21
22
SIM5
SIM1
SIM2
SIM3
SIM4
1
21
22
SIM5
SIM1
SIM2
SIM3
SIM4
1
21
22
SIM5
SIM1
SIM2
SIM3
SIM4
1
21
22
SIM5
SIM1
SIM2
SIM3
SIM4
1
21
22
SIM5
SIM1
SIM2
SIM3
SIM4
1
21
22
SIM5
SIM1
SIM2
SIM3
SIM4
1
21
22
SIM5
SIM1
SIM2
SIM3
SIM4
1
21
22
SIM5
SIM1
SIM2
SIM3
SIM4
1
21
22
SIM5
SIM1
SIM2
SIM3
SIM4
1
21
22
SIM5
SIM1
SIM2
SIM3
SIM4
1
21
22
SIM5
SIM1
SIM2
SIM3
SIM4
1
21
22
SIM5
SIM1
SIM2
SIM3
SIM4
1
21
22
SIM5
SIM1
SIM2
SIM3
SIM4
1
21
22
SIM5
SIM1
SIM2
SIM3
SIM4
1
21
22
SIM5
SIM1
SIM2
SIM3
SIM4
1
21
22
SIM5
SIM1
SIM2
SIM3
SIM4
1
21
22
SIM5
SIM1
SIM2
SIM3
SIM4
1
21
22
SIM5
SIM1
SIM2
SIM3
SIM4
1
21
22
SIM5
SIM1
SIM2
SIM3
SIM4
1
21
22
SIM5
SIM1
SIM2
SIM3
SIM4
1
21
22
SIM5
SIM1
SIM2
SIM3
SIM4
1
21
22
SIM5
SIM1
SIM2
SIM3
SIM4
1
21
22
SIM5
SIM1
SIM2
SIM3
SIM4
1
21
22
SIM5
SIM1
SIM2
SIM3
SIM4
1
21
22
SIM5
SIM1
SIM2
SIM3
SIM4
1
21
22
SIM5
SIM1
SIM2
SIM3
SIM4
1
21
22
SIM5
SIM1
SIM2
SIM3
SIM4
1
21
22
SIM5
SIM1
SIM2
SIM3
SIM4
1
21
22
SIM5
SIM1
SIM2
SIM3
SIM4
1
21
22
SIM5
SIM1
SIM2
SIM3
SIM4
1
21
22
SIM5
SIM1
SIM2
SIM3
SIM4
1
21
22
SIM5
SIM1
SIM2
SIM3
SIM4
1
21
22
SIM5
SIM1
SIM2
SIM3
SIM4
1
21
22
SIM5
SIM1
SIM2
SIM3
SIM4
1
21
22
SIM5
SIM1
SIM2
SIM3
SIM4
1
21
22
SIM5
SIM1
SIM2
SIM3
SIM4
1
21
22
SIM5
SIM1
SIM2
SIM3
SIM4
1
21
22
SIM5
SIM1
SIM2
SIM3
SIM4
1
21
22
SIM5
SIM1
SIM2
SIM3
SIM4
1
21
22
SIM5
SIM1
SIM2
SIM3
SIM4
1
21
22
SIM5
SIM1
SIM2
SIM3
SIM4
1
21
22
SIM5
SIM1
SIM2
SIM3
SIM4
1
21
22
SIM5
SIM1
SIM2
SIM3
SIM4
1
21
22
SIM5
SIM1
SIM2
SIM3
SIM4
1
21
22
SIM5
SIM1
SIM2
SIM3
SIM4
1
21
22
SIM5
SIM1
SIM2
SIM3
SIM4
1
21
22
SIM5
SIM1
SIM2
DEBUG 1 278
SIM1
SIM2
SIM3
SIM4
1
21
22
SIM5
SIM1
SIM2
SIM3
SIM4
1
21
22
SIM5
SIM1
SIM2
SIM3
SIM4
1
21
22
SIM5
SIM1
SIM2
SIM3
SIM4
1
21
22
SIM5
SIM1
SIM2
SIM3
SIM4
1
21
22
SIM5
SIM1
SIM2
SIM3
SIM4
1
21
22
SIM5
SIM1
SIM2
SIM3
SIM4
1
21
22
SIM5
SIM1
SIM2
SIM3
SIM4
1
21
22
SIM5
SIM1
SIM2
SIM3
SIM4
1
21
22
SIM5
SIM1
SIM2
SIM3
SIM4
1
21
22
SIM5
SIM1
SIM2
SIM3
SIM4
1
21
22
SIM5
SIM1
SIM2
SIM3
SIM4
1
21
22
SIM5
SIM1
SIM2
SIM3
SIM4
1
21
22
SIM5
SIM1
SIM2
SIM3
SIM4
1
21
22
SIM5
SIM1
SIM2
SIM3
SIM4
1
21
22
SIM5
SIM1
SIM2
SIM3
SIM4
1
21
22
SIM5
SIM1
SIM2
SIM3
SIM4
1
21
22
SIM5
SIM1
SIM2
SIM3
SIM4
1
21
22
SIM5
SIM1
SIM2
SIM3
SIM4
1
21
22
SIM5
SIM1
SIM2
SIM3
SIM4
1
21
22
SIM5
SIM1
SIM2
SIM3
SIM4
1
21
22
SIM5
SIM1
SIM2
SIM3
SIM4
1
21
22
SIM5
SIM1
SIM2
SIM3
SIM4
1
21
22
SIM5
SIM1
SIM2
SIM3
SIM4
1
21
22
SIM5
SIM1
SIM2
SIM3
SIM4
1
21
22
SIM5
SIM1
SIM2
SIM3
SIM4
1
21
22
SIM5
SIM1
SIM2
SIM3
SIM4
1
21
22
SIM5
SIM1
SIM2
SIM3
SIM4
1
21
22
SIM5
SIM1
SIM2
SIM3
SIM4
1
21
22
SIM5
SIM1
SIM2
SIM3
SIM4
1
21
22
SIM5
SIM1
SIM2
SIM3
SIM4
1
21
22
SIM5
SIM1
SIM2
SIM3
SIM4
1
21
22
SIM5
SIM1
SIM2
SIM3
SIM4
1
21
22
SIM5
SIM1
SIM2
SIM3
SIM4
1
21
22
SIM5
SIM1
SIM2
SIM3
SIM4
1
21
22
SIM5
SIM1
SIM2
SIM3
SIM4
1
21
22
SIM5
SIM1
SIM2
SIM3
SIM4
1
21
22
SIM5
SIM1
SIM2
SIM3
SIM4
1
21
22
SIM5
SIM1
SIM2
SIM3
SIM4
1
21
22
SIM5
SIM1
SIM2
SIM3
SIM4
1
21
22
SIM5
SIM1
SIM2
SIM3
SIM4
1
21
22
SIM5
SIM1
SIM2
SIM3
SIM4
1
21
22
SIM5
SIM1
SIM2
SIM3
SIM4
1
21
22
SIM5
SIM1
SIM2
SIM3
SIM4
1
21
22
SIM5
SIM1
SIM2
SIM3
SIM4
1
21
22
SIM5
SIM1
SIM2
SIM3
SIM4
1
21
22
SIM5
SIM1
SIM2
SIM3
SIM4
1
21
22
SIM5
SIM1
SIM2
SIM3
SIM4
1
21
22
SIM5
SIM1
SIM2
SIM3
SIM4
1
21
22
SIM5
SIM1
SIM2
SIM3
SIM4
1
21
22
SIM5
SIM1
SIM2
SIM3
SIM4
1
21
22
SIM5
SIM1
SIM2
SIM3
SIM4
1
21
22
SIM5
SIM1
SIM2
SIM3
SIM4
1
21
22
SIM5
SIM1
SIM2
SIM3
SIM4
1
21
22
SIM5
SIM1
SIM2
SIM3
SIM4
1
21
22
SIM5
SIM1
SIM2
SIM3
SIM4
1
21
22
SIM5
SIM1
SIM2
SIM3
SIM4
1
21
22
SIM5
SIM1
SIM2
SIM3
SIM4
1
21
22
SIM5
SIM1
SIM2
SIM3
SIM4
1
21
22
SIM5
SIM1
SIM2
SIM3
SIM4
1
21
22
SIM5
SIM1
SIM2
SIM3
SIM4
1
21
22
SIM5
SIM1
SIM2
SIM3
SIM4
1
21
22
SIM5
SIM1
SIM2
SIM3
SIM4
1
21
22
SIM5
SIM1
SIM2
SIM3
SIM4
1
21
22
SIM5
SIM1
SIM2
SIM3
SIM4
1
21
22
SIM5
SIM1
SIM2
SIM3
SIM4
1
21
22
SIM5
SIM1
SIM2
SIM3
SIM4
1
21
22
SIM5
SIM1
SIM2
SIM3
SIM4
1
21
22
SIM5
SIM1
SIM2
SIM3
SIM4
1
21
22
SIM5
SIM1
SIM2
SIM3
SIM4
1
21
22
SIM5
SIM1
SIM2
SIM3
SIM4
1
21
22
SIM5
SIM1
SIM2
SIM3
SIM4
1
21
22
SIM5
SIM1
SIM2
SIM3
SIM4
1
21
22
SIM5
SIM1
SIM2
SIM3
SIM4
1
21
22
SIM5
SIM1
SIM2
SIM3
SIM4
1
21
22
SIM5
SIM1
SIM2
SIM3
SIM4
1
21
22
SIM5
SIM1
SIM2
SIM3
SIM4
1
21
22
SIM5
SIM1
SIM2
SIM3
SIM4
1
21
22
SIM5
SIM1
SIM2
SIM3
SIM4
1
21
22
SIM5
SIM1
SIM2
SIM3
SIM4
1
21
22
SIM5
SIM1
SIM2
SIM3
SIM4
1
21
22
SIM5
SIM1
SIM2
SIM3
SIM4
1
21
22
SIM5
SIM1
SIM2
SIM3
SIM4
1
21
22
SIM5
SIM1
SIM2
SIM3
SIM4
1
21
22
SIM5
SIM1
SIM2
SIM3
SIM4
1
21
22
SIM5
SIM1
SIM2
SIM3
SIM4
1
21
22
SIM5
SIM1
SIM2
SIM3
SIM4
1
21
22
SIM5
SIM1
SIM2
SIM3
SIM4
1
21
22
SIM5
SIM1
SIM2
SIM3
SIM4
1
21
22
SIM5
SIM1
SIM2
SIM3
SIM4
1
21
22
SIM5
SIM1
SIM2
SIM3
SIM4
1
21
22
SIM5
SIM1
SIM2
SIM3
SIM4
1
21
22
SIM5
SIM1
SIM2
SIM3
SIM4
1
21
22
SIM5
SIM1
SIM2
SIM3
SIM4
1
21
22
SIM5
SIM1
SIM2
SIM3
SIM4
1
21
22
SIM5
SIM1
SIM2
SIM3
SIM4
1
21
22
SIM5
SIM1
SIM2
SIM3
SIM4
1
21
22
SIM5
SIM1
SIM2
SIM3
SIM4
1
21
22
SIM5
SIM1
SIM2
SIM3
SIM4
1
21
22
SIM5
SIM1
SIM2
SIM3
SIM4
1
21
22
SIM5
SIM1
SIM2
SIM3
SIM4
1
21
22
SIM5
SIM1
SIM2
SIM3
SIM4
1
21
22
SIM5
SIM1
SIM2
SIM3
SIM4
1
21
22
SIM5
SIM1
SIM2
SIM3
SIM4
1
21
22
SIM5
SIM1
SIM2
SIM3
SIM4
1
21
22
SIM5
SIM1
SIM2
SIM3
SIM4
1
21
22
SIM5
SIM1
SIM2
SIM3
SIM4
1
21
22
SIM5
SIM1
SIM2
SIM3
SIM4
1
21
22
SIM5
SIM1
SIM2
SIM3
SIM4
1
21
22
SIM5
SIM1
SIM2
SIM3
SIM4
1
21
22
SIM5
SIM1
SIM2
SIM3
SIM4
1
21
22
SIM5
SIM1
SIM2
SIM3
SIM4
1
21
22
SIM5
SIM1
SIM2
SIM3
SIM4
1
21
22
SIM5
SIM1
SIM2
SIM3
SIM4
1
21
22
SIM5
SIM1
SIM2
SIM3
SIM4
1
21
22
SIM5
SIM1
SIM2
SIM3
SIM4
1
21
22
SIM5
SIM1
SIM2
SIM3
SIM4
1
21
22
SIM5
SIM1
SIM2
SIM3
SIM4
1
21
22
SIM5
SIM1
SIM2
SIM3
SIM4
1
21
22
SIM5
SIM1
SIM2
SIM3
SIM4
1
21
22
SIM5
SIM1
SIM2
SIM3
SIM4
1
21
22
SIM5
SIM1
SIM2
SIM3
SIM4
1
21
22
SIM5
SIM1
SIM2
SIM3
SIM4
1
21
22
SIM5
SIM1
SIM2
SIM3
SIM4
1
21
22
SIM5
SIM1
SIM2
SIM3
SIM4
1
21
22
SIM5
SIM1
SIM2
SIM3
SIM4
1
21
22
SIM5
SIM1
SIM2
SIM3
SIM4
1
21
22
SIM5
SIM1
SIM2
SIM3
SIM4
1
21
22
SIM5
SIM1
SIM2
SIM3
SIM4
1
21
22
SIM5
SIM1
SIM2
SIM3
SIM4
1
21
22
SIM5
SIM1
SIM2
SIM3
SIM4
1
21
22
SIM5
SIM1
SIM2
SIM3
SIM4
1
21
22
SIM5
SIM1
SIM2
SIM3
SIM4
1
21
22
SIM5
SIM1
SIM2
SIM3
SIM4
1
21
22
SIM5
SIM1
SIM2
SIM3
SIM4
1
21
22
SIM5
SIM1
SIM2
SIM3
SIM4
1
21
22
SIM5
SIM1
SIM2
SIM3
SIM4
1
21
22
SIM5
SIM1
SIM2
SIM3
SIM4
1
21
22
SIM5
SIM1
SIM2
SIM3
SIM4
1
21
22
SIM5
SIM1
SIM2
SIM3
SIM4
1
21
22
SIM5
SIM1
SIM2
SIM3
SIM4
1
21
22
SIM5
SIM1
SIM2
SIM3
SIM4
1
21
22
SIM5
SIM1
SIM2
SIM3
SIM4
1
21
22
SIM5
SIM1
SIM2
SIM3
SIM4
1
21
22
SIM5
SIM1
SIM2
SIM3
SIM4
1
21
22
SIM5
SIM1
SIM2
SIM3
SIM4
1
21
22
SIM5
SIM1
SIM2
SIM3
SIM4
1
21
22
SIM5
SIM1
SIM2
SIM3
SIM4
1
21
22
SIM5
SIM1
SIM2
SIM3
SIM4
1
21
22
SIM5
SIM1
SIM2
SIM3
SIM4
1
21
22
SIM5
SIM1
SIM2
SIM3
SIM4
1
21
22
SIM5
SIM1
SIM2
SIM3
SIM4
1
21
22
SIM5
SIM1
SIM2
SIM3
SIM4
1
21
22
SIM5
SIM1
SIM2
SIM3
SIM4
1
21
22
SIM5
SIM1
SIM2
SIM3
SIM4
1
21
22
SIM5
SIM1
SIM2
SIM3
SIM4
1
21
22
SIM5
SIM1
SIM2
SIM3
SIM4
1
21
22
SIM5
SIM1
SIM2
SIM3
SIM4
1
21
22
SIM5
SIM1
SIM2
SIM3
SIM4
1
21
22
SIM5
SIM1
SIM2
SIM3
SIM4
1
21
22
SIM5
SIM1
SIM2
SIM3
SIM4
1
21
22
SIM5
SIM1
SIM2
SIM3
SIM4
1
21
22
SIM5
SIM1
SIM2
SIM3
SIM4
1
21
22
SIM5
SIM1
SIM2
SIM3
SIM4
1
21
22
SIM5
SIM1
SIM2
SIM3
SIM4
1
21
22
SIM5
SIM1
SIM2
SIM3
SIM4
1
21
22
SIM5
SIM1
SIM2
SIM3
SIM4
1
21
22
SIM5
SIM1
SIM2
SIM3
SIM4
1
21
22
SIM5
SIM1
SIM2
SIM3
SIM4
1
21
22
SIM5
SIM1
SIM2
SIM3
SIM4
1
21
22
SIM5
SIM1
SIM2
SIM3
SIM4
1
21
22
SIM5
SIM1
SIM2
SIM3
SIM4
1
21
22
SIM5
SIM1
SIM2
SIM3
SIM4
1
21
22
SIM5
SIM1
SIM2
SIM3
SIM4
1
21
22
SIM5
SIM1
SIM2
SIM3
SIM4
1
21
22
SIM5
SIM1
SIM2
SIM3
SIM4
1
21
22
SIM5
SIM1
SIM2
SIM3
SIM4
1
21
22
SIM5
SIM1
SIM2
SIM3
SIM4
1
21
22
SIM5
SIM1
SIM2
SIM3
SIM4
1
21
22
SIM5
SIM1
SIM2
SIM3
SIM4
1
21
22
SIM5
SIM1
SIM2
SIM3
SIM4
1
21
22
SIM5
SIM1
SIM2
SIM3
SIM4
1
21
22
SIM5
SIM1
SIM2
SIM3
SIM4
1
21
22
SIM5
SIM1
SIM2
SIM3
SIM4
1
21
22
SIM5
SIM1
SIM2
SIM3
SIM4
1
21
22
SIM5
SIM1
SIM2
SIM3
SIM4
1
21
22
SIM5
SIM1
SIM2
SIM3
SIM4
1
21
22
SIM5
SIM1
SIM2
SIM3
SIM4
1
21
22
SIM5
SIM1
SIM2
SIM3
SIM4
1
21
22
SIM5
SIM1
SIM2
SIM3
SIM4
1
21
22
SIM5
SIM1
SIM2
SIM3
SIM4
1
21
22
SIM5
SIM1
SIM2
SIM3
SIM4
1
21
22
SIM5
SIM1
SIM2
SIM3
SIM4
1
21
22
SIM5
SIM1
SIM2
SIM3
SIM4
1
21
22
SIM5
SIM1
SIM2
SIM3
SIM4
1
21
22
SIM5
SIM1
SIM2
SIM3
SIM4
1
21
22
SIM5
SIM1
SIM2
SIM3
SIM4
1
21
22
SIM5
SIM1
SIM2
SIM3
SIM4
1
21
22
SIM5
SIM1
SIM2
SIM3
SIM4
1
21
22
SIM5
SIM1
SIM2
SIM3
SIM4
1
21
22
SIM5
SIM1
SIM2
SIM3
SIM4
1
21
22
SIM5
SIM1
SIM2
SIM3
SIM4
1
21
22
SIM5
SIM1
SIM2
SIM3
SIM4
1
21
22
SIM5
SIM1
SIM2
SIM3
SIM4
1
21
22
SIM5
SIM1
SIM2
SIM3
SIM4
1
21
22
SIM5
SIM1
SIM2
SIM3
SIM4
1
21
22
SIM5
SIM1
SIM2
SIM3
SIM4
1
21
22
SIM5
SIM1
SIM2
SIM3
SIM4
1
21
22
SIM5
SIM1
SIM2
SIM3
SIM4
1
21
22
SIM5
SIM1
SIM2
SIM3
SIM4
1
21
22
SIM5
SIM1
SIM2
SIM3
SIM4
1
21
22
SIM5
SIM1
SIM2
SIM3
SIM4
1
21
22
SIM5
SIM1
SIM2
SIM3
SIM4
1
21
22
SIM5
SIM1
SIM2
DEBUG 1 279
SIM1
SIM2
SIM3
SIM4
1
21
22
SIM5
SIM1
SIM2
SIM3
SIM4
1
21
22
SIM5
SIM1
SIM2
SIM3
SIM4
1
21
22
SIM5
SIM1
SIM2
SIM3
SIM4
1
21
22
SIM5
SIM1
SIM2
SIM3
SIM4
1
21
22
SIM5
SIM1
SIM2
SIM3
SIM4
1
21
22
SIM5
SIM1
SIM2
SIM3
SIM4
1
21
22
SIM5
SIM1
SIM2
SIM3
SIM4
1
21
22
SIM5
SIM1
SIM2
SIM3
SIM4
1
21
22
SIM5
SIM1
SIM2
SIM3
SIM4
1
21
22
SIM5
SIM1
SIM2
SIM3
SIM4
1
21
22
SIM5
SIM1
SIM2
SIM3
SIM4
1
21
22
SIM5
SIM1
SIM2
SIM3
SIM4
1
21
22
SIM5
SIM1
SIM2
SIM3
SIM4
1
21
22
SIM5
SIM1
SIM2
SIM3
SIM4
1
21
22
SIM5
SIM1
SIM2
SIM3
SIM4
1
21
22
SIM5
SIM1
SIM2
SIM3
SIM4
1
21
22
SIM5
SIM1
SIM2
SIM3
SIM4
1
21
22
SIM5
SIM1
SIM2
SIM3
SIM4
1
21
22
SIM5
SIM1
SIM2
SIM3
SIM4
1
21
22
SIM5
SIM1
SIM2
SIM3
SIM4
1
21
22
SIM5
SIM1
SIM2
SIM3
SIM4
1
21
22
SIM5
SIM1
SIM2
SIM3
SIM4
1
21
22
SIM5
SIM1
SIM2
SIM3
SIM4
1
21
22
SIM5
SIM1
SIM2
SIM3
SIM4
1
21
22
SIM5
SIM1
SIM2
SIM3
SIM4
1
21
22
SIM5
SIM1
SIM2
SIM3
SIM4
1
21
22
SIM5
SIM1
SIM2
SIM3
SIM4
1
21
22
SIM5
SIM1
SIM2
SIM3
SIM4
1
21
22
SIM5
SIM1
SIM2
SIM3
SIM4
1
21
22
SIM5
SIM1
SIM2
SIM3
SIM4
1
21
22
SIM5
SIM1
SIM2
SIM3
SIM4
1
21
22
SIM5
SIM1
SIM2
SIM3
SIM4
1
21
22
SIM5
SIM1
SIM2
SIM3
SIM4
1
21
22
SIM5
SIM1
SIM2
SIM3
SIM4
1
21
22
SIM5
SIM1
SIM2
SIM3
SIM4
1
21
22
SIM5
SIM1
SIM2
SIM3
SIM4
1
21
22
SIM5
SIM1
SIM2
SIM3
SIM4
1
21
22
SIM5
SIM1
SIM2
SIM3
SIM4
1
21
22
SIM5
SIM1
SIM2
SIM3
SIM4
1
21
22
SIM5
SIM1
SIM2
SIM3
SIM4
1
21
22
SIM5
SIM1
SIM2
SIM3
SIM4
1
21
22
SIM5
SIM1
SIM2
SIM3
SIM4
1
21
22
SIM5
SIM1
SIM2
SIM3
SIM4
1
21
22
SIM5
SIM1
SIM2
SIM3
SIM4
1
21
22
SIM5
SIM1
SIM2
SIM3
SIM4
1
21
22
SIM5
SIM1
SIM2
SIM3
SIM4
1
21
22
SIM5
SIM1
SIM2
SIM3
SIM4
1
21
22
SIM5
SIM1
SIM2
SIM3
SIM4
1
21
22
SIM5
SIM1
SIM2
SIM3
SIM4
1
21
22
SIM5
SIM1
SIM2
SIM3
SIM4
1
21
22
SIM5
SIM1
SIM2
SIM3
SIM4
1
21
22
SIM5
SIM1
SIM2
SIM3
SIM4
1
21
22
SIM5
SIM1
SIM2
SIM3
SIM4
1
21
22
SIM5
SIM1
SIM2
SIM3
SIM4
1
21
22
SIM5
SIM1
SIM2
SIM3
SIM4
1
21
22
SIM5
SIM1
SIM2
SIM3
SIM4
1
21
22
SIM5
SIM1
SIM2
SIM3
SIM4
1
21
22
SIM5
SIM1
SIM2
SIM3
SIM4
1
21
22
SIM5
SIM1
SIM2
SIM3
SIM4
1
21
22
SIM5
SIM1
SIM2
SIM3
SIM4
1
21
22
SIM5
SIM1
SIM2
SIM3
SIM4
1
21
22
SIM5
SIM1
SIM2
SIM3
SIM4
1
21
22
SIM5
SIM1
SIM2
SIM3
SIM4
1
21
22
SIM5
SIM1
SIM2
SIM3
SIM4
1
21
22
SIM5
SIM1
SIM2
SIM3
SIM4
1
21
22
SIM5
SIM1
SIM2
SIM3
SIM4
1
21
22
SIM5
SIM1
SIM2
SIM3
SIM4
1
21
22
SIM5
SIM1
SIM2
SIM3
SIM4
1
21
22
SIM5
SIM1
SIM2
SIM3
SIM4
1
21
22
SIM5
SIM1
SIM2
SIM3
SIM4
1
21
22
SIM5
SIM1
SIM2
SIM3
SIM4
1
21
22
SIM5
SIM1
SIM2
SIM3
SIM4
1
21
22
SIM5
SIM1
SIM2
SIM3
SIM4
1
21
22
SIM5
SIM1
SIM2
SIM3
SIM4
1
21
22
SIM5
SIM1
SIM2
SIM3
SIM4
1
21
22
SIM5
SIM1
SIM2
SIM3
SIM4
1
21
22
SIM5
SIM1
SIM2
SIM3
SIM4
1
21
22
SIM5
SIM1
SIM2
SIM3
SIM4
1
21
22
SIM5
SIM1
SIM2
SIM3
SIM4
1
21
22
SIM5
SIM1
SIM2
SIM3
SIM4
1
21
22
SIM5
SIM1
SIM2
SIM3
SIM4
1
21
22
SIM5
SIM1
SIM2
SIM3
SIM4
1
21
22
SIM5
SIM1
SIM2
SIM3
SIM4
1
21
22
SIM5
SIM1
SIM2
SIM3
SIM4
1
21
22
SIM5
SIM1
SIM2
SIM3
SIM4
1
21
22
SIM5
SIM1
SIM2
SIM3
SIM4
1
21
22
SIM5
SIM1
SIM2
SIM3
SIM4
1
21
22
SIM5
SIM1
SIM2
SIM3
SIM4
1
21
22
SIM5
SIM1
SIM2
SIM3
SIM4
1
21
22
SIM5
SIM1
SIM2
SIM3
SIM4
1
21
22
SIM5
SIM1
SIM2
SIM3
SIM4
1
21
22
SIM5
SIM1
SIM2
SIM3
SIM4
1
21
22
SIM5
SIM1
SIM2
SIM3
SIM4
1
21
22
SIM5
SIM1
SIM2
SIM3
SIM4
1
21
22
SIM5
SIM1
SIM2
SIM3
SIM4
1
21
22
SIM5
SIM1
SIM2
SIM3
SIM4
1
21
22
SIM5
SIM1
SIM2
SIM3
SIM4
1
21
22
SIM5
SIM1
SIM2
SIM3
SIM4
1
21
22
SIM5
SIM1
SIM2
SIM3
SIM4
1
21
22
SIM5
SIM1
SIM2
SIM3
SIM4
1
21
22
SIM5
SIM1
SIM2
SIM3
SIM4
1
21
22
SIM5
SIM1
SIM2
SIM3
SIM4
1
21
22
SIM5
SIM1
SIM2
SIM3
SIM4
1
21
22
SIM5
SIM1
SIM2
SIM3
SIM4
1
21
22
SIM5
SIM1
SIM2
SIM3
SIM4
1
21
22
SIM5
SIM1
SIM2
SIM3
SIM4
1
21
22
SIM5
SIM1
SIM2
SIM3
SIM4
1
21
22
SIM5
SIM1
SIM2
SIM3
SIM4
1
21
22
SIM5
SIM1
SIM2
SIM3
SIM4
1
21
22
SIM5
SIM1
SIM2
SIM3
SIM4
1
21
22
SIM5
SIM1
SIM2
SIM3
SIM4
1
21
22
SIM5
SIM1
SIM2
SIM3
SIM4
1
21
22
SIM5
SIM1
SIM2
SIM3
SIM4
1
21
22
SIM5
SIM1
SIM2
SIM3
SIM4
1
21
22
SIM5
SIM1
SIM2
SIM3
SIM4
1
21
22
SIM5
SIM1
SIM2
SIM3
SIM4
1
21
22
SIM5
SIM1
SIM2
SIM3
SIM4
1
21
22
SIM5
SIM1
SIM2
SIM3
SIM4
1
21
22
SIM5
SIM1
SIM2
SIM3
SIM4
1
21
22
SIM5
SIM1
SIM2
SIM3
SIM4
1
21
22
SIM5
SIM1
SIM2
SIM3
SIM4
1
21
22
SIM5
SIM1
SIM2
SIM3
SIM4
1
21
22
SIM5
SIM1
SIM2
SIM3
SIM4
1
21
22
SIM5
SIM1
SIM2
SIM3
SIM4
1
21
22
SIM5
SIM1
SIM2
SIM3
SIM4
1
21
22
SIM5
SIM1
SIM2
SIM3
SIM4
1
21
22
SIM5
SIM1
SIM2
SIM3
SIM4
1
21
22
SIM5
SIM1
SIM2
SIM3
SIM4
1
21
22
SIM5
SIM1
SIM2
SIM3
SIM4
1
21
22
SIM5
SIM1
SIM2
SIM3
SIM4
1
21
22
SIM5
SIM1
SIM2
SIM3
SIM4
1
21
22
SIM5
SIM1
SIM2
SIM3
SIM4
1
21
22
SIM5
SIM1
SIM2
SIM3
SIM4
1
21
22
SIM5
SIM1
SIM2
DEBUG 1 280
SIM1
SIM2
SIM3
SIM4
1
21
22
SIM5
SIM1
SIM2
SIM3
SIM4
1
21
22
SIM5
SIM1
SIM2
SIM3
SIM4
1
21
22
SIM5
SIM1
SIM2
SIM3
SIM4
1
21
22
SIM5
SIM1
SIM2
SIM3
SIM4
1
21
22
SIM5
SIM1
SIM2
SIM3
SIM4
1
21
22
SIM5
SIM1
SIM2
SIM3
SIM4
1
21
22
SIM5
SIM1
SIM2
SIM3
SIM4
1
21
22
SIM5
SIM1
SIM2
SIM3
SIM4
1
21
22
SIM5
SIM1
SIM2
SIM3
SIM4
1
21
22
SIM5
SIM1
SIM2
SIM3
SIM4
1
21
22
SIM5
SIM1
SIM2
SIM3
SIM4
1
21
22
SIM5
SIM1
SIM2
SIM3
SIM4
1
21
22
SIM5
SIM1
SIM2
SIM3
SIM4
1
21
22
SIM5
SIM1
SIM2
SIM3
SIM4
1
21
22
SIM5
SIM1
SIM2
SIM3
SIM4
1
21
22
SIM5
SIM1
SIM2
SIM3
SIM4
1
21
22
SIM5
SIM1
SIM2
SIM3
SIM4
1
21
22
SIM5
SIM1
SIM2
SIM3
SIM4
1
21
22
SIM5
SIM1
SIM2
SIM3
SIM4
1
21
22
SIM5
SIM1
SIM2
SIM3
SIM4
1
21
22
SIM5
SIM1
SIM2
SIM3
SIM4
1
21
22
SIM5
SIM1
SIM2
SIM3
SIM4
1
21
22
SIM5
SIM1
SIM2
SIM3
SIM4
1
21
22
SIM5
SIM1
SIM2
SIM3
SIM4
1
21
22
SIM5
SIM1
SIM2
SIM3
SIM4
1
21
22
SIM5
SIM1
SIM2
SIM3
SIM4
1
21
22
SIM5
SIM1
SIM2
SIM3
SIM4
1
21
22
SIM5
SIM1
SIM2
SIM3
SIM4
1
21
22
SIM5
SIM1
SIM2
SIM3
SIM4
1
21
22
SIM5
SIM1
SIM2
SIM3
SIM4
1
21
22
SIM5
SIM1
SIM2
SIM3
SIM4
1
21
22
SIM5
SIM1
SIM2
SIM3
SIM4
1
21
22
SIM5
SIM1
SIM2
SIM3
SIM4
1
21
22
SIM5
SIM1
SIM2
SIM3
SIM4
1
21
22
SIM5
SIM1
SIM2
SIM3
SIM4
1
21
22
SIM5
SIM1
SIM2
SIM3
SIM4
1
21
22
SIM5
SIM1
SIM2
SIM3
SIM4
1
21
22
SIM5
SIM1
SIM2
SIM3
SIM4
1
21
22
SIM5
SIM1
SIM2
SIM3
SIM4
1
21
22
SIM5
SIM1
SIM2
SIM3
SIM4
1
21
22
SIM5
SIM1
SIM2
SIM3
SIM4
1
21
22
SIM5
SIM1
SIM2
SIM3
SIM4
1
21
22
SIM5
SIM1
SIM2
SIM3
SIM4
1
21
22
SIM5
SIM1
SIM2
SIM3
SIM4
1
21
22
SIM5
SIM1
SIM2
SIM3
SIM4
1
21
22
SIM5
SIM1
SIM2
SIM3
SIM4
1
21
22
SIM5
SIM1
SIM2
SIM3
SIM4
1
21
22
SIM5
SIM1
SIM2
SIM3
SIM4
1
21
22
SIM5
SIM1
SIM2
SIM3
SIM4
1
21
22
SIM5
SIM1
SIM2
SIM3
SIM4
1
21
22
SIM5
SIM1
SIM2
SIM3
SIM4
1
21
22
SIM5
SIM1
SIM2
SIM3
SIM4
1
21
22
SIM5
SIM1
SIM2
SIM3
SIM4
1
21
22
SIM5
SIM1
SIM2
SIM3
SIM4
1
21
22
SIM5
SIM1
SIM2
SIM3
SIM4
1
21
22
SIM5
SIM1
SIM2
SIM3
SIM4
1
21
22
SIM5
SIM1
SIM2
SIM3
SIM4
1
21
22
SIM5
SIM1
SIM2
SIM3
SIM4
1
21
22
SIM5
SIM1
SIM2
SIM3
SIM4
1
21
22
SIM5
SIM1
SIM2
SIM3
SIM4
1
21
22
SIM5
SIM1
SIM2
SIM3
SIM4
1
21
22
SIM5
SIM1
SIM2
SIM3
SIM4
1
21
22
SIM5
SIM1
SIM2
SIM3
SIM4
1
21
22
SIM5
SIM1
SIM2
SIM3
SIM4
1
21
22
SIM5
SIM1
SIM2
SIM3
SIM4
1
21
22
SIM5
SIM1
SIM2
SIM3
SIM4
1
21
22
SIM5
SIM1
SIM2
SIM3
SIM4
1
21
22
SIM5
SIM1
SIM2
SIM3
SIM4
1
21
22
SIM5
SIM1
SIM2
SIM3
SIM4
1
21
22
SIM5
SIM1
SIM2
SIM3
SIM4
1
21
22
SIM5
SIM1
SIM2
SIM3
SIM4
1
21
22
SIM5
SIM1
SIM2
SIM3
SIM4
1
21
22
SIM5
SIM1
SIM2
SIM3
SIM4
1
21
22
SIM5
SIM1
SIM2
SIM3
SIM4
1
21
22
SIM5
SIM1
SIM2
SIM3
SIM4
1
21
22
SIM5
SIM1
SIM2
SIM3
SIM4
1
21
22
SIM5
SIM1
SIM2
SIM3
SIM4
1
21
22
SIM5
SIM1
SIM2
SIM3
SIM4
1
21
22
SIM5
SIM1
SIM2
SIM3
SIM4
1
21
22
SIM5
SIM1
SIM2
SIM3
SIM4
1
21
22
SIM5
SIM1
SIM2
SIM3
SIM4
1
21
22
SIM5
SIM1
SIM2
SIM3
SIM4
1
21
22
SIM5
SIM1
SIM2
SIM3
SIM4
1
21
22
SIM5
SIM1
SIM2
SIM3
SIM4
1
21
22
SIM5
SIM1
SIM2
SIM3
SIM4
1
21
22
SIM5
SIM1
SIM2
SIM3
SIM4
1
21
22
SIM5
SIM1
SIM2
SIM3
SIM4
1
21
22
SIM5
SIM1
SIM2
SIM3
SIM4
1
21
22
SIM5
SIM1
SIM2
SIM3
SIM4
1
21
22
SIM5
SIM1
SIM2
SIM3
SIM4
1
21
22
SIM5
SIM1
SIM2
SIM3
SIM4
1
21
22
SIM5
SIM1
SIM2
SIM3
SIM4
1
21
22
SIM5
SIM1
SIM2
SIM3
SIM4
1
21
22
SIM5
SIM1
SIM2
SIM3
SIM4
1
21
22
SIM5
SIM1
SIM2
SIM3
SIM4
1
21
22
SIM5
SIM1
SIM2
SIM3
SIM4
1
21
22
SIM5
SIM1
SIM2
SIM3
SIM4
1
21
22
SIM5
SIM1
SIM2
DEBUG 1 281
SIM1
SIM2
SIM3
SIM4
1
21
22
SIM5
SIM1
SIM2
SIM3
SIM4
1
21
22
SIM5
SIM1
SIM2
SIM3
SIM4
1
21
22
SIM5
SIM1
SIM2
SIM3
SIM4
1
21
22
SIM5
SIM1
SIM2
SIM3
SIM4
1
21
22
SIM5
SIM1
SIM2
SIM3
SIM4
1
21
22
SIM5
SIM1
SIM2
SIM3
SIM4
1
21
22
SIM5
SIM1
SIM2
SIM3
SIM4
1
21
22
SIM5
SIM1
SIM2
SIM3
SIM4
1
21
22
SIM5
SIM1
SIM2
SIM3
SIM4
1
21
22
SIM5
SIM1
SIM2
SIM3
SIM4
1
21
22
SIM5
SIM1
SIM2
SIM3
SIM4
1
21
22
SIM5
SIM1
SIM2
SIM3
SIM4
1
21
22
SIM5
SIM1
SIM2
SIM3
SIM4
1
21
22
SIM5
SIM1
SIM2
SIM3
SIM4
1
21
22
SIM5
SIM1
SIM2
SIM3
SIM4
1
21
22
SIM5
SIM1
SIM2
SIM3
SIM4
1
21
22
SIM5
SIM1
SIM2
SIM3
SIM4
1
21
22
SIM5
SIM1
SIM2
SIM3
SIM4
1
21
22
SIM5
SIM1
SIM2
SIM3
SIM4
1
21
22
SIM5
SIM1
SIM2
SIM3
SIM4
1
21
22
SIM5
SIM1
SIM2
SIM3
SIM4
1
21
22
SIM5
SIM1
SIM2
SIM3
SIM4
1
21
22
SIM5
SIM1
SIM2
SIM3
SIM4
1
21
22
SIM5
SIM1
SIM2
SIM3
SIM4
1
21
22
SIM5
SIM1
SIM2
SIM3
SIM4
1
21
22
SIM5
SIM1
SIM2
SIM3
SIM4
1
21
22
SIM5
SIM1
SIM2
SIM3
SIM4
1
21
22
SIM5
SIM1
SIM2
SIM3
SIM4
1
21
22
SIM5
SIM1
SIM2
SIM3
SIM4
1
21
22
SIM5
SIM1
SIM2
SIM3
SIM4
1
21
22
SIM5
SIM1
SIM2
SIM3
SIM4
1
21
22
SIM5
SIM1
SIM2
SIM3
SIM4
1
21
22
SIM5
SIM1
SIM2
SIM3
SIM4
1
21
22
SIM5
SIM1
SIM2
SIM3
SIM4
1
21
22
SIM5
SIM1
SIM2
SIM3
SIM4
1
21
22
SIM5
SIM1
SIM2
SIM3
SIM4
1
21
22
SIM5
SIM1
SIM2
SIM3
SIM4
1
21
22
SIM5
SIM1
SIM2
SIM3
SIM4
1
21
22
SIM5
SIM1
SIM2
SIM3
SIM4
1
21
22
SIM5
SIM1
SIM2
SIM3
SIM4
1
21
22
SIM5
SIM1
SIM2
SIM3
SIM4
1
21
22
SIM5
SIM1
SIM2
SIM3
SIM4
1
21
22
SIM5
SIM1
SIM2
SIM3
SIM4
1
21
22
SIM5
SIM1
SIM2
SIM3
SIM4
1
21
22
SIM5
SIM1
SIM2
SIM3
SIM4
1
21
22
SIM5
SIM1
SIM2
SIM3
SIM4
1
21
22
SIM5
SIM1
SIM2
SIM3
SIM4
1
21
22
SIM5
SIM1
SIM2
SIM3
SIM4
1
21
22
SIM5
SIM1
SIM2
SIM3
SIM4
1
21
22
SIM5
SIM1
SIM2
SIM3
SIM4
1
21
22
SIM5
SIM1
SIM2
SIM3
SIM4
1
21
22
SIM5
SIM1
SIM2
SIM3
SIM4
1
21
22
SIM5
SIM1
SIM2
SIM3
SIM4
1
21
22
SIM5
SIM1
SIM2
SIM3
SIM4
1
21
22
SIM5
SIM1
SIM2
SIM3
SIM4
1
21
22
SIM5
SIM1
SIM2
SIM3
SIM4
1
21
22
SIM5
SIM1
SIM2
SIM3
SIM4
1
21
22
SIM5
SIM1
SIM2
SIM3
SIM4
1
21
22
SIM5
SIM1
SIM2
SIM3
SIM4
1
21
22
SIM5
SIM1
SIM2
SIM3
SIM4
1
21
22
SIM5
SIM1
SIM2
SIM3
SIM4
1
21
22
SIM5
SIM1
SIM2
SIM3
SIM4
1
21
22
SIM5
SIM1
SIM2
SIM3
SIM4
1
21
22
SIM5
SIM1
SIM2
SIM3
SIM4
1
21
22
SIM5
SIM1
SIM2
SIM3
SIM4
1
21
22
SIM5
SIM1
SIM2
SIM3
SIM4
1
21
22
SIM5
SIM1
SIM2
SIM3
SIM4
1
21
22
SIM5
SIM1
SIM2
SIM3
SIM4
1
21
22
SIM5
SIM1
SIM2
SIM3
SIM4
1
21
22
SIM5
SIM1
SIM2
SIM3
SIM4
1
21
22
SIM5
SIM1
SIM2
SIM3
SIM4
1
21
22
SIM5
SIM1
SIM2
SIM3
SIM4
1
21
22
SIM5
SIM1
SIM2
SIM3
SIM4
1
21
22
SIM5
SIM1
SIM2
SIM3
SIM4
1
21
22
SIM5
SIM1
SIM2
SIM3
SIM4
1
21
22
SIM5
SIM1
SIM2
SIM3
SIM4
1
21
22
SIM5
SIM1
SIM2
SIM3
SIM4
1
21
22
SIM5
SIM1
SIM2
SIM3
SIM4
1
21
22
SIM5
SIM1
SIM2
SIM3
SIM4
1
21
22
SIM5
SIM1
SIM2
SIM3
SIM4
1
21
22
SIM5
SIM1
SIM2
SIM3
SIM4
1
21
22
SIM5
SIM1
SIM2
SIM3
SIM4
1
21
22
SIM5
SIM1
SIM2
SIM3
SIM4
1
21
22
SIM5
SIM1
SIM2
SIM3
SIM4
1
21
22
SIM5
SIM1
SIM2
SIM3
SIM4
1
21
22
SIM5
SIM1
SIM2
SIM3
SIM4
1
21
22
SIM5
SIM1
SIM2
SIM3
SIM4
1
21
22
SIM5
SIM1
SIM2
SIM3
SIM4
1
21
22
SIM5
SIM1
SIM2
SIM3
SIM4
1
21
22
SIM5
SIM1
SIM2
SIM3
SIM4
1
21
22
SIM5
SIM1
SIM2
SIM3
SIM4
1
21
22
SIM5
SIM1
SIM2
SIM3
SIM4
1
21
22
SIM5
SIM1
SIM2
SIM3
SIM4
1
21
22
SIM5
SIM1
SIM2
SIM3
SIM4
1
21
22
SIM5
SIM1
SIM2
SIM3
SIM4
1
21
22
SIM5
SIM1
SIM2
SIM3
SIM4
1
21
22
SIM5
SIM1
SIM2
SIM3
SIM4
1
21
22
SIM5
SIM1
SIM2
SIM3
SIM4
1
21
22
SIM5
SIM1
SIM2
SIM3
SIM4
1
21
22
SIM5
SIM1
SIM2
SIM3
SIM4
1
21
22
SIM5
SIM1
SIM2
SIM3
SIM4
1
21
22
SIM5
SIM1
SIM2
SIM3
SIM4
1
21
22
SIM5
SIM1
SIM2
SIM3
SIM4
1
21
22
SIM5
SIM1
SIM2
SIM3
SIM4
1
21
22
SIM5
SIM1
SIM2
SIM3
SIM4
1
21
22
SIM5
SIM1
SIM2
SIM3
SIM4
1
21
22
SIM5
SIM1
SIM2
SIM3
SIM4
1
21
22
SIM5
SIM1
SIM2
SIM3
SIM4
1
21
22
SIM5
SIM1
SIM2
SIM3
SIM4
1
21
22
SIM5
SIM1
SIM2
SIM3
SIM4
1
21
22
SIM5
SIM1
SIM2
SIM3
SIM4
1
21
22
SIM5
SIM1
SIM2
SIM3
SIM4
1
21
22
SIM5
SIM1
SIM2
SIM3
SIM4
1
21
22
SIM5
SIM1
SIM2
SIM3
SIM4
1
21
22
SIM5
SIM1
SIM2
SIM3
SIM4
1
21
22
SIM5
SIM1
SIM2
SIM3
SIM4
1
21
22
SIM5
SIM1
SIM2
SIM3
SIM4
1
21
22
SIM5
SIM1
SIM2
SIM3
SIM4
1
21
22
SIM5
SIM1
SIM2
SIM3
SIM4
1
21
22
SIM5
SIM1
SIM2
SIM3
SIM4
1
21
22
SIM5
SIM1
SIM2
SIM3
SIM4
1
21
22
SIM5
SIM1
SIM2
SIM3
SIM4
1
21
22
SIM5
SIM1
SIM2
SIM3
SIM4
1
21
22
SIM5
SIM1
SIM2
SIM3
SIM4
1
21
22
SIM5
SIM1
SIM2
SIM3
SIM4
1
21
22
SIM5
SIM1
SIM2
SIM3
SIM4
1
21
22
SIM5
SIM1
SIM2
SIM3
SIM4
1
21
22
SIM5
SIM1
SIM2
SIM3
SIM4
1
21
22
SIM5
SIM1
SIM2
SIM3
SIM4
1
21
22
SIM5
SIM1
SIM2
SIM3
SIM4
1
21
22
SIM5
SIM1
SIM2
SIM3
SIM4
1
21
22
SIM5
SIM1
SIM2
SIM3
SIM4
1
21
22
SIM5
SIM1
SIM2
SIM3
SIM4
1
21
22
SIM5
SIM1
SIM2
SIM3
SIM4
1
21
22
SIM5
SIM1
SIM2
SIM3
SIM4
1
21
22
SIM5
SIM1
SIM2
SIM3
SIM4
1
21
22
SIM5
SIM1
SIM2
SIM3
SIM4
1
21
22
SIM5
SIM1
SIM2
SIM3
SIM4
1
21
22
SIM5
SIM1
SIM2
SIM3
SIM4
1
21
22
SIM5
SIM1
SIM2
SIM3
SIM4
1
21
22
SIM5
SIM1
SIM2
SIM3
SIM4
1
21
22
SIM5
SIM1
SIM2
SIM3
SIM4
1
21
22
SIM5
SIM1
SIM2
SIM3
SIM4
1
21
22
SIM5
SIM1
SIM2
SIM3
SIM4
1
21
22
SIM5
SIM1
SIM2
DEBUG 1 282
SIM1
SIM2
SIM3
SIM4
1
21
22
SIM5
SIM1
SIM2
SIM3
SIM4
1
21
22
SIM5
SIM1
SIM2
SIM3
SIM4
1
21
22
SIM5
SIM1
SIM2
SIM3
SIM4
1
21
22
SIM5
SIM1
SIM2
SIM3
SIM4
1
21
22
SIM5
SIM1
SIM2
SIM3
SIM4
1
21
22
SIM5
SIM1
SIM2
SIM3
SIM4
1
21
22
SIM5
SIM1
SIM2
SIM3
SIM4
1
21
22
SIM5
SIM1
SIM2
SIM3
SIM4
1
21
22
SIM5
SIM1
SIM2
SIM3
SIM4
1
21
22
SIM5
SIM1
SIM2
SIM3
SIM4
1
21
22
SIM5
SIM1
SIM2
SIM3
SIM4
1
21
22
SIM5
SIM1
SIM2
SIM3
SIM4
1
21
22
SIM5
SIM1
SIM2
SIM3
SIM4
1
21
22
SIM5
SIM1
SIM2
SIM3
SIM4
1
21
22
SIM5
SIM1
SIM2
SIM3
SIM4
1
21
22
SIM5
SIM1
SIM2
SIM3
SIM4
1
21
22
SIM5
SIM1
SIM2
SIM3
SIM4
1
21
22
SIM5
SIM1
SIM2
SIM3
SIM4
1
21
22
SIM5
SIM1
SIM2
SIM3
SIM4
1
21
22
SIM5
SIM1
SIM2
SIM3
SIM4
1
21
22
SIM5
SIM1
SIM2
SIM3
SIM4
1
21
22
SIM5
SIM1
SIM2
SIM3
SIM4
1
21
22
SIM5
SIM1
SIM2
SIM3
SIM4
1
21
22
SIM5
SIM1
SIM2
SIM3
SIM4
1
21
22
SIM5
SIM1
SIM2
SIM3
SIM4
1
21
22
SIM5
SIM1
SIM2
SIM3
SIM4
1
21
22
SIM5
SIM1
SIM2
SIM3
SIM4
1
21
22
SIM5
SIM1
SIM2
SIM3
SIM4
1
21
22
SIM5
SIM1
SIM2
SIM3
SIM4
1
21
22
SIM5
SIM1
SIM2
SIM3
SIM4
1
21
22
SIM5
SIM1
SIM2
SIM3
SIM4
1
21
22
SIM5
SIM1
SIM2
SIM3
SIM4
1
21
22
SIM5
SIM1
SIM2
SIM3
SIM4
1
21
22
SIM5
SIM1
SIM2
SIM3
SIM4
1
21
22
SIM5
SIM1
SIM2
SIM3
SIM4
1
21
22
SIM5
SIM1
SIM2
SIM3
SIM4
1
21
22
SIM5
SIM1
SIM2
SIM3
SIM4
1
21
22
SIM5
SIM1
SIM2
SIM3
SIM4
1
21
22
SIM5
SIM1
SIM2
SIM3
SIM4
1
21
22
SIM5
SIM1
SIM2
SIM3
SIM4
1
21
22
SIM5
SIM1
SIM2
SIM3
SIM4
1
21
22
SIM5
SIM1
SIM2
SIM3
SIM4
1
21
22
SIM5
SIM1
SIM2
SIM3
SIM4
1
21
22
SIM5
SIM1
SIM2
SIM3
SIM4
1
21
22
SIM5
SIM1
SIM2
SIM3
SIM4
1
21
22
SIM5
SIM1
SIM2
SIM3
SIM4
1
21
22
SIM5
SIM1
SIM2
SIM3
SIM4
1
21
22
SIM5
SIM1
SIM2
SIM3
SIM4
1
21
22
SIM5
SIM1
SIM2
SIM3
SIM4
1
21
22
SIM5
SIM1
SIM2
SIM3
SIM4
1
21
22
SIM5
SIM1
SIM2
SIM3
SIM4
1
21
22
SIM5
SIM1
SIM2
SIM3
SIM4
1
21
22
SIM5
SIM1
SIM2
SIM3
SIM4
1
21
22
SIM5
SIM1
SIM2
SIM3
SIM4
1
21
22
SIM5
SIM1
SIM2
SIM3
SIM4
1
21
22
SIM5
SIM1
SIM2
SIM3
SIM4
1
21
22
SIM5
SIM1
SIM2
SIM3
SIM4
1
21
22
SIM5
SIM1
SIM2
SIM3
SIM4
1
21
22
SIM5
SIM1
SIM2
SIM3
SIM4
1
21
22
SIM5
SIM1
SIM2
SIM3
SIM4
1
21
22
SIM5
SIM1
SIM2
SIM3
SIM4
1
21
22
SIM5
SIM1
SIM2
SIM3
SIM4
1
21
22
SIM5
SIM1
SIM2
SIM3
SIM4
1
21
22
SIM5
SIM1
SIM2
SIM3
SIM4
1
21
22
SIM5
SIM1
SIM2
SIM3
SIM4
1
21
22
SIM5
SIM1
SIM2
SIM3
SIM4
1
21
22
SIM5
SIM1
SIM2
SIM3
SIM4
1
21
22
SIM5
SIM1
SIM2
SIM3
SIM4
1
21
22
SIM5
SIM1
SIM2
SIM3
SIM4
1
21
22
SIM5
SIM1
SIM2
SIM3
SIM4
1
21
22
SIM5
SIM1
SIM2
SIM3
SIM4
1
21
22
SIM5
SIM1
SIM2
SIM3
SIM4
1
21
22
SIM5
SIM1
SIM2
SIM3
SIM4
1
21
22
SIM5
SIM1
SIM2
SIM3
SIM4
1
21
22
SIM5
SIM1
SIM2
SIM3
SIM4
1
21
22
SIM5
SIM1
SIM2
SIM3
SIM4
1
21
22
SIM5
SIM1
SIM2
SIM3
SIM4
1
21
22
SIM5
SIM1
SIM2
SIM3
SIM4
1
21
22
SIM5
SIM1
SIM2
SIM3
SIM4
1
21
22
SIM5
SIM1
SIM2
SIM3
SIM4
1
21
22
SIM5
SIM1
SIM2
SIM3
SIM4
1
21
22
SIM5
SIM1
SIM2
SIM3
SIM4
1
21
22
SIM5
SIM1
SIM2
SIM3
SIM4
1
21
22
SIM5
SIM1
SIM2
SIM3
SIM4
1
21
22
SIM5
SIM1
SIM2
SIM3
SIM4
1
21
22
SIM5
SIM1
SIM2
SIM3
SIM4
1
21
22
SIM5
SIM1
SIM2
SIM3
SIM4
1
21
22
SIM5
SIM1
SIM2
SIM3
SIM4
1
21
22
SIM5
SIM1
SIM2
SIM3
SIM4
1
21
22
SIM5
SIM1
SIM2
SIM3
SIM4
1
21
22
SIM5
SIM1
SIM2
SIM3
SIM4
1
21
22
SIM5
SIM1
SIM2
SIM3
SIM4
1
21
22
SIM5
SIM1
SIM2
SIM3
SIM4
1
21
22
SIM5
SIM1
SIM2
SIM3
SIM4
1
21
22
SIM5
SIM1
SIM2
SIM3
SIM4
1
21
22
SIM5
SIM1
SIM2
SIM3
SIM4
1
21
22
SIM5
SIM1
SIM2
SIM3
SIM4
1
21
22
SIM5
SIM1
SIM2
SIM3
SIM4
1
21
22
SIM5
SIM1
SIM2
SIM3
SIM4
1
21
22
SIM5
SIM1
SIM2
SIM3
SIM4
1
21
22
SIM5
SIM1
SIM2
SIM3
SIM4
1
21
22
SIM5
SIM1
SIM2
SIM3
SIM4
1
21
22
SIM5
SIM1
SIM2
SIM3
SIM4
1
21
22
SIM5
SIM1
SIM2
SIM3
SIM4
1
21
22
SIM5
SIM1
SIM2
SIM3
SIM4
1
21
22
SIM5
SIM1
SIM2
SIM3
SIM4
1
21
22
SIM5
SIM1
SIM2
SIM3
SIM4
1
21
22
SIM5
SIM1
SIM2
SIM3
SIM4
1
21
22
SIM5
SIM1
SIM2
SIM3
SIM4
1
21
22
SIM5
SIM1
SIM2
SIM3
SIM4
1
21
22
SIM5
SIM1
SIM2
SIM3
SIM4
1
21
22
SIM5
SIM1
SIM2
SIM3
SIM4
1
21
22
SIM5
SIM1
SIM2
SIM3
SIM4
1
21
22
SIM5
SIM1
SIM2
SIM3
SIM4
1
21
22
SIM5
SIM1
SIM2
SIM3
SIM4
1
21
22
SIM5
SIM1
SIM2
SIM3
SIM4
1
21
22
SIM5
SIM1
SIM2
SIM3
SIM4
1
21
22
SIM5
SIM1
SIM2
SIM3
SIM4
1
21
22
SIM5
SIM1
SIM2
DEBUG 1 283
SIM1
SIM2
SIM3
SIM4
1
21
22
SIM5
SIM1
SIM2
SIM3
SIM4
1
21
22
SIM5
SIM1
SIM2
SIM3
SIM4
1
21
22
SIM5
SIM1
SIM2
SIM3
SIM4
1
21
22
SIM5
SIM1
SIM2
SIM3
SIM4
1
21
22
SIM5
SIM1
SIM2
SIM3
SIM4
1
21
22
SIM5
SIM1
SIM2
SIM3
SIM4
1
21
22
SIM5
SIM1
SIM2
SIM3
SIM4
1
21
22
SIM5
SIM1
SIM2
SIM3
SIM4
1
21
22
SIM5
SIM1
SIM2
SIM3
SIM4
1
21
22
SIM5
SIM1
SIM2
SIM3
SIM4
1
21
22
SIM5
SIM1
SIM2
SIM3
SIM4
1
21
22
SIM5
SIM1
SIM2
SIM3
SIM4
1
21
22
SIM5
SIM1
SIM2
SIM3
SIM4
1
21
22
SIM5
SIM1
SIM2
SIM3
SIM4
1
21
22
SIM5
SIM1
SIM2
SIM3
SIM4
1
21
22
SIM5
SIM1
SIM2
SIM3
SIM4
1
21
22
SIM5
SIM1
SIM2
SIM3
SIM4
1
21
22
SIM5
SIM1
SIM2
SIM3
SIM4
1
21
22
SIM5
SIM1
SIM2
SIM3
SIM4
1
21
22
SIM5
SIM1
SIM2
SIM3
SIM4
1
21
22
SIM5
SIM1
SIM2
SIM3
SIM4
1
21
22
SIM5
SIM1
SIM2
SIM3
SIM4
1
21
22
SIM5
SIM1
SIM2
SIM3
SIM4
1
21
22
SIM5
SIM1
SIM2
SIM3
SIM4
1
21
22
SIM5
SIM1
SIM2
SIM3
SIM4
1
21
22
SIM5
SIM1
SIM2
SIM3
SIM4
1
21
22
SIM5
SIM1
SIM2
SIM3
SIM4
1
21
22
SIM5
SIM1
SIM2
SIM3
SIM4
1
21
22
SIM5
SIM1
SIM2
SIM3
SIM4
1
21
22
SIM5
SIM1
SIM2
SIM3
SIM4
1
21
22
SIM5
SIM1
SIM2
SIM3
SIM4
1
21
22
SIM5
SIM1
SIM2
SIM3
SIM4
1
21
22
SIM5
SIM1
SIM2
SIM3
SIM4
1
21
22
SIM5
SIM1
SIM2
SIM3
SIM4
1
21
22
SIM5
SIM1
SIM2
SIM3
SIM4
1
21
22
SIM5
SIM1
SIM2
SIM3
SIM4
1
21
22
SIM5
SIM1
SIM2
SIM3
SIM4
1
21
22
SIM5
SIM1
SIM2
SIM3
SIM4
1
21
22
SIM5
SIM1
SIM2
SIM3
SIM4
1
21
22
SIM5
SIM1
SIM2
SIM3
SIM4
1
21
22
SIM5
SIM1
SIM2
SIM3
SIM4
1
21
22
SIM5
SIM1
SIM2
SIM3
SIM4
1
21
22
SIM5
SIM1
SIM2
SIM3
SIM4
1
21
22
SIM5
SIM1
SIM2
SIM3
SIM4
1
21
22
SIM5
SIM1
SIM2
SIM3
SIM4
1
21
22
SIM5
SIM1
SIM2
SIM3
SIM4
1
21
22
SIM5
SIM1
SIM2
SIM3
SIM4
1
21
22
SIM5
SIM1
SIM2
SIM3
SIM4
1
21
22
SIM5
SIM1
SIM2
SIM3
SIM4
1
21
22
SIM5
SIM1
SIM2
SIM3
SIM4
1
21
22
SIM5
SIM1
SIM2
SIM3
SIM4
1
21
22
SIM5
SIM1
SIM2
SIM3
SIM4
1
21
22
SIM5
SIM1
SIM2
SIM3
SIM4
1
21
22
SIM5
SIM1
SIM2
SIM3
SIM4
1
21
22
SIM5
SIM1
SIM2
SIM3
SIM4
1
21
22
SIM5
SIM1
SIM2
SIM3
SIM4
1
21
22
SIM5
SIM1
SIM2
SIM3
SIM4
1
21
22
SIM5
SIM1
SIM2
SIM3
SIM4
1
21
22
SIM5
SIM1
SIM2
SIM3
SIM4
1
21
22
SIM5
SIM1
SIM2
SIM3
SIM4
1
21
22
SIM5
SIM1
SIM2
SIM3
SIM4
1
21
22
SIM5
SIM1
SIM2
SIM3
SIM4
1
21
22
SIM5
SIM1
SIM2
SIM3
SIM4
1
21
22
SIM5
SIM1
SIM2
SIM3
SIM4
1
21
22
SIM5
SIM1
SIM2
SIM3
SIM4
1
21
22
SIM5
SIM1
SIM2
SIM3
SIM4
1
21
22
SIM5
SIM1
SIM2
SIM3
SIM4
1
21
22
SIM5
SIM1
SIM2
SIM3
SIM4
1
21
22
SIM5
SIM1
SIM2
SIM3
SIM4
1
21
22
SIM5
SIM1
SIM2
SIM3
SIM4
1
21
22
SIM5
SIM1
SIM2
SIM3
SIM4
1
21
22
SIM5
SIM1
SIM2
SIM3
SIM4
1
21
22
SIM5
SIM1
SIM2
SIM3
SIM4
1
21
22
SIM5
SIM1
SIM2
SIM3
SIM4
1
21
22
SIM5
SIM1
SIM2
SIM3
SIM4
1
21
22
SIM5
SIM1
SIM2
SIM3
SIM4
1
21
22
SIM5
SIM1
SIM2
SIM3
SIM4
1
21
22
SIM5
SIM1
SIM2
SIM3
SIM4
1
21
22
SIM5
SIM1
SIM2
SIM3
SIM4
1
21
22
SIM5
SIM1
SIM2
SIM3
SIM4
1
21
22
SIM5
SIM1
SIM2
SIM3
SIM4
1
21
22
SIM5
SIM1
SIM2
SIM3
SIM4
1
21
22
SIM5
SIM1
SIM2
SIM3
SIM4
1
21
22
SIM5
SIM1
SIM2
SIM3
SIM4
1
21
22
SIM5
SIM1
SIM2
SIM3
SIM4
1
21
22
SIM5
SIM1
SIM2
SIM3
SIM4
1
21
22
SIM5
SIM1
SIM2
SIM3
SIM4
1
21
22
SIM5
SIM1
SIM2
SIM3
SIM4
1
21
22
SIM5
SIM1
SIM2
SIM3
SIM4
1
21
22
SIM5
SIM1
SIM2
SIM3
SIM4
1
21
22
SIM5
SIM1
SIM2
SIM3
SIM4
1
21
22
SIM5
SIM1
SIM2
SIM3
SIM4
1
21
22
SIM5
SIM1
SIM2
SIM3
SIM4
1
21
22
SIM5
SIM1
SIM2
SIM3
SIM4
1
21
22
SIM5
SIM1
SIM2
SIM3
SIM4
1
21
22
SIM5
SIM1
SIM2
SIM3
SIM4
1
21
22
SIM5
SIM1
SIM2
SIM3
SIM4
1
21
22
SIM5
SIM1
SIM2
SIM3
SIM4
1
21
22
SIM5
SIM1
SIM2
SIM3
SIM4
1
21
22
SIM5
SIM1
SIM2
SIM3
SIM4
1
21
22
SIM5
SIM1
SIM2
SIM3
SIM4
1
21
22
SIM5
SIM1
SIM2
SIM3
SIM4
1
21
22
SIM5
SIM1
SIM2
SIM3
SIM4
1
21
22
SIM5
SIM1
SIM2
SIM3
SIM4
1
21
22
SIM5
SIM1
SIM2
SIM3
SIM4
1
21
22
SIM5
SIM1
SIM2
SIM3
SIM4
1
21
22
SIM5
SIM1
SIM2
SIM3
SIM4
1
21
22
SIM5
SIM1
SIM2
SIM3
SIM4
1
21
22
SIM5
SIM1
SIM2
SIM3
SIM4
1
21
22
SIM5
SIM1
SIM2
SIM3
SIM4
1
21
22
SIM5
SIM1
SIM2
SIM3
SIM4
1
21
22
SIM5
SIM1
SIM2
SIM3
SIM4
1
21
22
SIM5
SIM1
SIM2
SIM3
SIM4
1
21
22
SIM5
SIM1
SIM2
SIM3
SIM4
1
21
22
SIM5
SIM1
SIM2
SIM3
SIM4
1
21
22
SIM5
SIM1
SIM2
SIM3
SIM4
1
21
22
SIM5
SIM1
SIM2
SIM3
SIM4
1
21
22
SIM5
SIM1
SIM2
SIM3
SIM4
1
21
22
SIM5
SIM1
SIM2
SIM3
SIM4
1
21
22
SIM5
SIM1
SIM2
SIM3
SIM4
1
21
22
SIM5
SIM1
SIM2
SIM3
SIM4
1
21
22
SIM5
SIM1
SIM2
SIM3
SIM4
1
21
22
SIM5
SIM1
SIM2
SIM3
SIM4
1
21
22
SIM5
SIM1
SIM2
SIM3
SIM4
1
21
22
SIM5
SIM1
SIM2
SIM3
SIM4
1
21
22
SIM5
SIM1
SIM2
SIM3
SIM4
1
21
22
SIM5
SIM1
SIM2
SIM3
SIM4
1
21
22
SIM5
SIM1
SIM2
SIM3
SIM4
1
21
22
SIM5
SIM1
SIM2
SIM3
SIM4
1
21
22
SIM5
SIM1
SIM2
SIM3
SIM4
1
21
22
SIM5
SIM1
SIM2
SIM3
SIM4
1
21
22
SIM5
SIM1
SIM2
SIM3
SIM4
1
21
22
SIM5
SIM1
SIM2
DEBUG 1 284
SIM1
SIM2
SIM3
SIM4
1
21
22
SIM5
SIM1
SIM2
SIM3
SIM4
1
21
22
SIM5
SIM1
SIM2
SIM3
SIM4
1
21
22
SIM5
SIM1
SIM2
SIM3
SIM4
1
21
22
SIM5
SIM1
SIM2
SIM3
SIM4
1
21
22
SIM5
SIM1
SIM2
SIM3
SIM4
1
21
22
SIM5
SIM1
SIM2
SIM3
SIM4
1
21
22
SIM5
SIM1
SIM2
SIM3
SIM4
1
21
22
SIM5
SIM1
SIM2
SIM3
SIM4
1
21
22
SIM5
SIM1
SIM2
SIM3
SIM4
1
21
22
SIM5
SIM1
SIM2
SIM3
SIM4
1
21
22
SIM5
SIM1
SIM2
SIM3
SIM4
1
21
22
SIM5
SIM1
SIM2
SIM3
SIM4
1
21
22
SIM5
SIM1
SIM2
SIM3
SIM4
1
21
22
SIM5
SIM1
SIM2
SIM3
SIM4
1
21
22
SIM5
SIM1
SIM2
SIM3
SIM4
1
21
22
SIM5
SIM1
SIM2
SIM3
SIM4
1
21
22
SIM5
SIM1
SIM2
SIM3
SIM4
1
21
22
SIM5
SIM1
SIM2
SIM3
SIM4
1
21
22
SIM5
SIM1
SIM2
SIM3
SIM4
1
21
22
SIM5
SIM1
SIM2
SIM3
SIM4
1
21
22
SIM5
SIM1
SIM2
SIM3
SIM4
1
21
22
SIM5
SIM1
SIM2
SIM3
SIM4
1
21
22
SIM5
SIM1
SIM2
SIM3
SIM4
1
21
22
SIM5
SIM1
SIM2
SIM3
SIM4
1
21
22
SIM5
SIM1
SIM2
SIM3
SIM4
1
21
22
SIM5
SIM1
SIM2
SIM3
SIM4
1
21
22
SIM5
SIM1
SIM2
SIM3
SIM4
1
21
22
SIM5
SIM1
SIM2
SIM3
SIM4
1
21
22
SIM5
SIM1
SIM2
SIM3
SIM4
1
21
22
SIM5
SIM1
SIM2
SIM3
SIM4
1
21
22
SIM5
SIM1
SIM2
SIM3
SIM4
1
21
22
SIM5
SIM1
SIM2
SIM3
SIM4
1
21
22
SIM5
SIM1
SIM2
SIM3
SIM4
1
21
22
SIM5
SIM1
SIM2
SIM3
SIM4
1
21
22
SIM5
SIM1
SIM2
SIM3
SIM4
1
21
22
SIM5
SIM1
SIM2
SIM3
SIM4
1
21
22
SIM5
SIM1
SIM2
SIM3
SIM4
1
21
22
SIM5
SIM1
SIM2
SIM3
SIM4
1
21
22
SIM5
SIM1
SIM2
SIM3
SIM4
1
21
22
SIM5
SIM1
SIM2
SIM3
SIM4
1
21
22
SIM5
SIM1
SIM2
SIM3
SIM4
1
21
22
SIM5
SIM1
SIM2
SIM3
SIM4
1
21
22
SIM5
SIM1
SIM2
SIM3
SIM4
1
21
22
SIM5
SIM1
SIM2
SIM3
SIM4
1
21
22
SIM5
SIM1
SIM2
SIM3
SIM4
1
21
22
SIM5
SIM1
SIM2
SIM3
SIM4
1
21
22
SIM5
SIM1
SIM2
SIM3
SIM4
1
21
22
SIM5
SIM1
SIM2
SIM3
SIM4
1
21
22
SIM5
SIM1
SIM2
SIM3
SIM4
1
21
22
SIM5
SIM1
SIM2
SIM3
SIM4
1
21
22
SIM5
SIM1
SIM2
SIM3
SIM4
1
21
22
SIM5
SIM1
SIM2
SIM3
SIM4
1
21
22
SIM5
SIM1
SIM2
SIM3
SIM4
1
21
22
SIM5
SIM1
SIM2
SIM3
SIM4
1
21
22
SIM5
SIM1
SIM2
SIM3
SIM4
1
21
22
SIM5
SIM1
SIM2
SIM3
SIM4
1
21
22
SIM5
SIM1
SIM2
SIM3
SIM4
1
21
22
SIM5
SIM1
SIM2
SIM3
SIM4
1
21
22
SIM5
SIM1
SIM2
SIM3
SIM4
1
21
22
SIM5
SIM1
SIM2
SIM3
SIM4
1
21
22
SIM5
SIM1
SIM2
SIM3
SIM4
1
21
22
SIM5
SIM1
SIM2
SIM3
SIM4
1
21
22
SIM5
SIM1
SIM2
SIM3
SIM4
1
21
22
SIM5
SIM1
SIM2
SIM3
SIM4
1
21
22
SIM5
SIM1
SIM2
SIM3
SIM4
1
21
22
SIM5
SIM1
SIM2
SIM3
SIM4
1
21
22
SIM5
SIM1
SIM2
SIM3
SIM4
1
21
22
SIM5
SIM1
SIM2
SIM3
SIM4
1
21
22
SIM5
SIM1
SIM2
SIM3
SIM4
1
21
22
SIM5
SIM1
SIM2
SIM3
SIM4
1
21
22
SIM5
SIM1
SIM2
SIM3
SIM4
1
21
22
SIM5
SIM1
SIM2
SIM3
SIM4
1
21
22
SIM5
SIM1
SIM2
SIM3
SIM4
1
21
22
SIM5
SIM1
SIM2
SIM3
SIM4
1
21
22
SIM5
SIM1
SIM2
SIM3
SIM4
1
21
22
SIM5
SIM1
SIM2
SIM3
SIM4
1
21
22
SIM5
SIM1
SIM2
DEBUG 1 285
SIM1
SIM2
SIM3
SIM4
1
21
22
SIM5
SIM1
SIM2
SIM3
SIM4
1
21
22
SIM5
SIM1
SIM2
SIM3
SIM4
1
21
22
SIM5
SIM1
SIM2
SIM3
SIM4
1
21
22
SIM5
SIM1
SIM2
SIM3
SIM4
1
21
22
SIM5
SIM1
SIM2
SIM3
SIM4
1
21
22
SIM5
SIM1
SIM2
SIM3
SIM4
1
21
22
SIM5
SIM1
SIM2
SIM3
SIM4
1
21
22
SIM5
SIM1
SIM2
SIM3
SIM4
1
21
22
SIM5
SIM1
SIM2
SIM3
SIM4
1
21
22
SIM5
SIM1
SIM2
SIM3
SIM4
1
21
22
SIM5
SIM1
SIM2
SIM3
SIM4
1
21
22
SIM5
SIM1
SIM2
SIM3
SIM4
1
21
22
SIM5
SIM1
SIM2
SIM3
SIM4
1
21
22
SIM5
SIM1
SIM2
SIM3
SIM4
1
21
22
SIM5
SIM1
SIM2
SIM3
SIM4
1
21
22
SIM5
SIM1
SIM2
SIM3
SIM4
1
21
22
SIM5
SIM1
SIM2
SIM3
SIM4
1
21
22
SIM5
SIM1
SIM2
SIM3
SIM4
1
21
22
SIM5
SIM1
SIM2
SIM3
SIM4
1
21
22
SIM5
SIM1
SIM2
SIM3
SIM4
1
21
22
SIM5
SIM1
SIM2
SIM3
SIM4
1
21
22
SIM5
SIM1
SIM2
SIM3
SIM4
1
21
22
SIM5
SIM1
SIM2
SIM3
SIM4
1
21
22
SIM5
SIM1
SIM2
SIM3
SIM4
1
21
22
SIM5
SIM1
SIM2
SIM3
SIM4
1
21
22
SIM5
SIM1
SIM2
SIM3
SIM4
1
21
22
SIM5
SIM1
SIM2
SIM3
SIM4
1
21
22
SIM5
SIM1
SIM2
SIM3
SIM4
1
21
22
SIM5
SIM1
SIM2
SIM3
SIM4
1
21
22
SIM5
SIM1
SIM2
SIM3
SIM4
1
21
22
SIM5
SIM1
SIM2
SIM3
SIM4
1
21
22
SIM5
SIM1
SIM2
SIM3
SIM4
1
21
22
SIM5
SIM1
SIM2
SIM3
SIM4
1
21
22
SIM5
SIM1
SIM2
SIM3
SIM4
1
21
22
SIM5
SIM1
SIM2
SIM3
SIM4
1
21
22
SIM5
SIM1
SIM2
SIM3
SIM4
1
21
22
SIM5
SIM1
SIM2
SIM3
SIM4
1
21
22
SIM5
SIM1
SIM2
SIM3
SIM4
1
21
22
SIM5
SIM1
SIM2
SIM3
SIM4
1
21
22
SIM5
SIM1
SIM2
SIM3
SIM4
1
21
22
SIM5
SIM1
SIM2
SIM3
SIM4
1
21
22
SIM5
SIM1
SIM2
SIM3
SIM4
1
21
22
SIM5
SIM1
SIM2
SIM3
SIM4
1
21
22
SIM5
SIM1
SIM2
SIM3
SIM4
1
21
22
SIM5
SIM1
SIM2
SIM3
SIM4
1
21
22
SIM5
SIM1
SIM2
SIM3
SIM4
1
21
22
SIM5
SIM1
SIM2
SIM3
SIM4
1
21
22
SIM5
SIM1
SIM2
SIM3
SIM4
1
21
22
SIM5
SIM1
SIM2
SIM3
SIM4
1
21
22
SIM5
SIM1
SIM2
SIM3
SIM4
1
21
22
SIM5
SIM1
SIM2
SIM3
SIM4
1
21
22
SIM5
SIM1
SIM2
SIM3
SIM4
1
21
22
SIM5
SIM1
SIM2
SIM3
SIM4
1
21
22
SIM5
SIM1
SIM2
SIM3
SIM4
1
21
22
SIM5
SIM1
SIM2
SIM3
SIM4
1
21
22
SIM5
SIM1
SIM2
SIM3
SIM4
1
21
22
SIM5
SIM1
SIM2
SIM3
SIM4
1
21
22
SIM5
SIM1
SIM2
SIM3
SIM4
1
21
22
SIM5
SIM1
SIM2
SIM3
SIM4
1
21
22
SIM5
SIM1
SIM2
SIM3
SIM4
1
21
22
SIM5
SIM1
SIM2
SIM3
SIM4
1
21
22
SIM5
SIM1
SIM2
SIM3
SIM4
1
21
22
SIM5
SIM1
SIM2
SIM3
SIM4
1
21
22
SIM5
SIM1
SIM2
SIM3
SIM4
1
21
22
SIM5
SIM1
SIM2
SIM3
SIM4
1
21
22
SIM5
SIM1
SIM2
SIM3
SIM4
1
21
22
SIM5
SIM1
SIM2
SIM3
SIM4
1
21
22
SIM5
SIM1
SIM2
SIM3
SIM4
1
21
22
SIM5
SIM1
SIM2
SIM3
SIM4
1
21
22
SIM5
SIM1
SIM2
SIM3
SIM4
1
21
22
SIM5
SIM1
SIM2
SIM3
SIM4
1
21
22
SIM5
SIM1
SIM2
SIM3
SIM4
1
21
22
SIM5
SIM1
SIM2
SIM3
SIM4
1
21
22
SIM5
SIM1
SIM2
SIM3
SIM4
1
21
22
SIM5
SIM1
SIM2
SIM3
SIM4
1
21
22
SIM5
SIM1
SIM2
SIM3
SIM4
1
21
22
SIM5
SIM1
SIM2
SIM3
SIM4
1
21
22
SIM5
SIM1
SIM2
SIM3
SIM4
1
21
22
SIM5
SIM1
SIM2
SIM3
SIM4
1
21
22
SIM5
SIM1
SIM2
SIM3
SIM4
1
21
22
SIM5
SIM1
SIM2
SIM3
SIM4
1
21
22
SIM5
SIM1
SIM2
SIM3
SIM4
1
21
22
SIM5
SIM1
SIM2
SIM3
SIM4
1
21
22
SIM5
SIM1
SIM2
SIM3
SIM4
1
21
22
SIM5
SIM1
SIM2
SIM3
SIM4
1
21
22
SIM5
SIM1
SIM2
SIM3
SIM4
1
21
22
SIM5
SIM1
SIM2
SIM3
SIM4
1
21
22
SIM5
SIM1
SIM2
SIM3
SIM4
1
21
22
SIM5
SIM1
SIM2
SIM3
SIM4
1
21
22
SIM5
SIM1
SIM2
SIM3
SIM4
1
21
22
SIM5
SIM1
SIM2
SIM3
SIM4
1
21
22
SIM5
SIM1
SIM2
SIM3
SIM4
1
21
22
SIM5
SIM1
SIM2
SIM3
SIM4
1
21
22
SIM5
SIM1
SIM2
SIM3
SIM4
1
21
22
SIM5
SIM1
SIM2
SIM3
SIM4
1
21
22
SIM5
SIM1
SIM2
SIM3
SIM4
1
21
22
SIM5
SIM1
SIM2
SIM3
SIM4
1
21
22
SIM5
SIM1
SIM2
SIM3
SIM4
1
21
22
SIM5
SIM1
SIM2
SIM3
SIM4
1
21
22
SIM5
SIM1
SIM2
SIM3
SIM4
1
21
22
SIM5
SIM1
SIM2
SIM3
SIM4
1
21
22
SIM5
SIM1
SIM2
SIM3
SIM4
1
21
22
SIM5
SIM1
SIM2
SIM3
SIM4
1
21
22
SIM5
SIM1
SIM2
SIM3
SIM4
1
21
22
SIM5
SIM1
SIM2
SIM3
SIM4
1
21
22
SIM5
SIM1
SIM2
SIM3
SIM4
1
21
22
SIM5
SIM1
SIM2
SIM3
SIM4
1
21
22
SIM5
SIM1
SIM2
SIM3
SIM4
1
21
22
SIM5
SIM1
SIM2
SIM3
SIM4
1
21
22
SIM5
SIM1
SIM2
SIM3
SIM4
1
21
22
SIM5
SIM1
SIM2
SIM3
SIM4
1
21
22
SIM5
SIM1
SIM2
SIM3
SIM4
1
21
22
SIM5
SIM1
SIM2
SIM3
SIM4
1
21
22
SIM5
SIM1
SIM2
SIM3
SIM4
1
21
22
SIM5
SIM1
SIM2
SIM3
SIM4
1
21
22
SIM5
SIM1
SIM2
SIM3
SIM4
1
21
22
SIM5
SIM1
SIM2
SIM3
SIM4
1
21
22
SIM5
SIM1
SIM2
SIM3
SIM4
1
21
22
SIM5
SIM1
SIM2
SIM3
SIM4
1
21
22
SIM5
SIM1
SIM2
SIM3
SIM4
1
21
22
SIM5
SIM1
SIM2
SIM3
SIM4
1
21
22
SIM5
SIM1
SIM2
SIM3
SIM4
1
21
22
SIM5
SIM1
SIM2
SIM3
SIM4
1
21
22
SIM5
SIM1
SIM2
SIM3
SIM4
1
21
22
SIM5
SIM1
SIM2
SIM3
SIM4
1
21
22
SIM5
SIM1
SIM2
SIM3
SIM4
1
21
22
SIM5
SIM1
SIM2
SIM3
SIM4
1
21
22
SIM5
SIM1
SIM2
SIM3
SIM4
1
21
22
SIM5
SIM1
SIM2
SIM3
SIM4
1
21
22
SIM5
SIM1
SIM2
SIM3
SIM4
1
21
22
SIM5
SIM1
SIM2
SIM3
SIM4
1
21
22
SIM5
SIM1
SIM2
SIM3
SIM4
1
21
22
SIM5
SIM1
SIM2
SIM3
SIM4
1
21
22
SIM5
SIM1
SIM2
SIM3
SIM4
1
21
22
SIM5
SIM1
SIM2
SIM3
SIM4
1
21
22
SIM5
SIM1
SIM2
SIM3
SIM4
1
21
22
SIM5
SIM1
SIM2
SIM3
SIM4
1
21
22
SIM5
SIM1
SIM2
SIM3
SIM4
1
21
22
SIM5
SIM1
SIM2
SIM3
SIM4
1
21
22
SIM5
SIM1
SIM2
SIM3
SIM4
1
21
22
SIM5
SIM1
SIM2
SIM3
SIM4
1
21
22
SIM5
SIM1
SIM2
SIM3
SIM4
1
21
22
SIM5
SIM1
SIM2
SIM3
SIM4
1
21
22
SIM5
SIM1
SIM2
SIM3
SIM4
1
21
22
SIM5
SIM1
SIM2
DEBUG 1 286
SIM1
SIM2
SIM3
SIM4
1
21
22
SIM5
SIM1
SIM2
SIM3
SIM4
1
21
22
SIM5
SIM1
SIM2
SIM3
SIM4
1
21
22
SIM5
SIM1
SIM2
SIM3
SIM4
1
21
22
SIM5
SIM1
SIM2
SIM3
SIM4
1
21
22
SIM5
SIM1
SIM2
SIM3
SIM4
1
21
22
SIM5
SIM1
SIM2
SIM3
SIM4
1
21
22
SIM5
SIM1
SIM2
SIM3
SIM4
1
21
22
SIM5
SIM1
SIM2
SIM3
SIM4
1
21
22
SIM5
SIM1
SIM2
SIM3
SIM4
1
21
22
SIM5
SIM1
SIM2
SIM3
SIM4
1
21
22
SIM5
SIM1
SIM2
SIM3
SIM4
1
21
22
SIM5
SIM1
SIM2
SIM3
SIM4
1
21
22
SIM5
SIM1
SIM2
SIM3
SIM4
1
21
22
SIM5
SIM1
SIM2
SIM3
SIM4
1
21
22
SIM5
SIM1
SIM2
SIM3
SIM4
1
21
22
SIM5
SIM1
SIM2
SIM3
SIM4
1
21
22
SIM5
SIM1
SIM2
SIM3
SIM4
1
21
22
SIM5
SIM1
SIM2
SIM3
SIM4
1
21
22
SIM5
SIM1
SIM2
SIM3
SIM4
1
21
22
SIM5
SIM1
SIM2
SIM3
SIM4
1
21
22
SIM5
SIM1
SIM2
SIM3
SIM4
1
21
22
SIM5
SIM1
SIM2
SIM3
SIM4
1
21
22
SIM5
SIM1
SIM2
SIM3
SIM4
1
21
22
SIM5
SIM1
SIM2
SIM3
SIM4
1
21
22
SIM5
SIM1
SIM2
SIM3
SIM4
1
21
22
SIM5
SIM1
SIM2
SIM3
SIM4
1
21
22
SIM5
SIM1
SIM2
SIM3
SIM4
1
21
22
SIM5
SIM1
SIM2
SIM3
SIM4
1
21
22
SIM5
SIM1
SIM2
SIM3
SIM4
1
21
22
SIM5
SIM1
SIM2
SIM3
SIM4
1
21
22
SIM5
SIM1
SIM2
SIM3
SIM4
1
21
22
SIM5
SIM1
SIM2
SIM3
SIM4
1
21
22
SIM5
SIM1
SIM2
SIM3
SIM4
1
21
22
SIM5
SIM1
SIM2
SIM3
SIM4
1
21
22
SIM5
SIM1
SIM2
SIM3
SIM4
1
21
22
SIM5
SIM1
SIM2
SIM3
SIM4
1
21
22
SIM5
SIM1
SIM2
SIM3
SIM4
1
21
22
SIM5
SIM1
SIM2
SIM3
SIM4
1
21
22
SIM5
SIM1
SIM2
SIM3
SIM4
1
21
22
SIM5
SIM1
SIM2
SIM3
SIM4
1
21
22
SIM5
SIM1
SIM2
SIM3
SIM4
1
21
22
SIM5
SIM1
SIM2
SIM3
SIM4
1
21
22
SIM5
SIM1
SIM2
SIM3
SIM4
1
21
22
SIM5
SIM1
SIM2
SIM3
SIM4
1
21
22
SIM5
SIM1
SIM2
SIM3
SIM4
1
21
22
SIM5
SIM1
SIM2
SIM3
SIM4
1
21
22
SIM5
SIM1
SIM2
SIM3
SIM4
1
21
22
SIM5
SIM1
SIM2
SIM3
SIM4
1
21
22
SIM5
SIM1
SIM2
SIM3
SIM4
1
21
22
SIM5
SIM1
SIM2
SIM3
SIM4
1
21
22
SIM5
SIM1
SIM2
SIM3
SIM4
1
21
22
SIM5
SIM1
SIM2
SIM3
SIM4
1
21
22
SIM5
SIM1
SIM2
SIM3
SIM4
1
21
22
SIM5
SIM1
SIM2
SIM3
SIM4
1
21
22
SIM5
SIM1
SIM2
SIM3
SIM4
1
21
22
SIM5
SIM1
SIM2
SIM3
SIM4
1
21
22
SIM5
SIM1
SIM2
SIM3
SIM4
1
21
22
SIM5
SIM1
SIM2
SIM3
SIM4
1
21
22
SIM5
SIM1
SIM2
SIM3
SIM4
1
21
22
SIM5
SIM1
SIM2
SIM3
SIM4
1
21
22
SIM5
SIM1
SIM2
SIM3
SIM4
1
21
22
SIM5
SIM1
SIM2
SIM3
SIM4
1
21
22
SIM5
SIM1
SIM2
SIM3
SIM4
1
21
22
SIM5
SIM1
SIM2
SIM3
SIM4
1
21
22
SIM5
SIM1
SIM2
SIM3
SIM4
1
21
22
SIM5
SIM1
SIM2
SIM3
SIM4
1
21
22
SIM5
SIM1
SIM2
SIM3
SIM4
1
21
22
SIM5
SIM1
SIM2
SIM3
SIM4
1
21
22
SIM5
SIM1
SIM2
SIM3
SIM4
1
21
22
SIM5
SIM1
SIM2
SIM3
SIM4
1
21
22
SIM5
SIM1
SIM2
SIM3
SIM4
1
21
22
SIM5
SIM1
SIM2
SIM3
SIM4
1
21
22
SIM5
SIM1
SIM2
SIM3
SIM4
1
21
22
SIM5
SIM1
SIM2
SIM3
SIM4
1
21
22
SIM5
SIM1
SIM2
SIM3
SIM4
1
21
22
SIM5
SIM1
SIM2
SIM3
SIM4
1
21
22
SIM5
SIM1
SIM2
SIM3
SIM4
1
21
22
SIM5
SIM1
SIM2
SIM3
SIM4
1
21
22
SIM5
SIM1
SIM2
SIM3
SIM4
1
21
22
SIM5
SIM1
SIM2
SIM3
SIM4
1
21
22
SIM5
SIM1
SIM2
SIM3
SIM4
1
21
22
SIM5
SIM1
SIM2
SIM3
SIM4
1
21
22
SIM5
SIM1
SIM2
SIM3
SIM4
1
21
22
SIM5
SIM1
SIM2
SIM3
SIM4
1
21
22
SIM5
SIM1
SIM2
SIM3
SIM4
1
21
22
SIM5
SIM1
SIM2
SIM3
SIM4
1
21
22
SIM5
SIM1
SIM2
SIM3
SIM4
1
21
22
SIM5
SIM1
SIM2
SIM3
SIM4
1
21
22
SIM5
SIM1
SIM2
SIM3
SIM4
1
21
22
SIM5
SIM1
SIM2
SIM3
SIM4
1
21
22
SIM5
SIM1
SIM2
SIM3
SIM4
1
21
22
SIM5
SIM1
SIM2
SIM3
SIM4
1
21
22
SIM5
SIM1
SIM2
SIM3
SIM4
1
21
22
SIM5
SIM1
SIM2
SIM3
SIM4
1
21
22
SIM5
SIM1
SIM2
SIM3
SIM4
1
21
22
SIM5
SIM1
SIM2
SIM3
SIM4
1
21
22
SIM5
SIM1
SIM2
SIM3
SIM4
1
21
22
SIM5
SIM1
SIM2
SIM3
SIM4
1
21
22
SIM5
SIM1
SIM2
SIM3
SIM4
1
21
22
SIM5
SIM1
SIM2
SIM3
SIM4
1
21
22
SIM5
SIM1
SIM2
SIM3
SIM4
1
21
22
SIM5
SIM1
SIM2
SIM3
SIM4
1
21
22
SIM5
SIM1
SIM2
SIM3
SIM4
1
21
22
SIM5
SIM1
SIM2
SIM3
SIM4
1
21
22
SIM5
SIM1
SIM2
SIM3
SIM4
1
21
22
SIM5
SIM1
SIM2
SIM3
SIM4
1
21
22
SIM5
SIM1
SIM2
SIM3
SIM4
1
21
22
SIM5
SIM1
SIM2
SIM3
SIM4
1
21
22
SIM5
SIM1
SIM2
SIM3
SIM4
1
21
22
SIM5
SIM1
SIM2
SIM3
SIM4
1
21
22
SIM5
SIM1
SIM2
SIM3
SIM4
1
21
22
SIM5
SIM1
SIM2
SIM3
SIM4
1
21
22
SIM5
SIM1
SIM2
SIM3
SIM4
1
21
22
SIM5
SIM1
SIM2
SIM3
SIM4
1
21
22
SIM5
SIM1
SIM2
SIM3
SIM4
1
21
22
SIM5
SIM1
SIM2
SIM3
SIM4
1
21
22
SIM5
SIM1
SIM2
SIM3
SIM4
1
21
22
SIM5
SIM1
SIM2
SIM3
SIM4
1
21
22
SIM5
SIM1
SIM2
SIM3
SIM4
1
21
22
SIM5
SIM1
SIM2
SIM3
SIM4
1
21
22
SIM5
SIM1
SIM2
SIM3
SIM4
1
21
22
SIM5
SIM1
SIM2
SIM3
SIM4
1
21
22
SIM5
SIM1
SIM2
SIM3
SIM4
1
21
22
SIM5
SIM1
SIM2
SIM3
SIM4
1
21
22
SIM5
SIM1
SIM2
SIM3
SIM4
1
21
22
SIM5
SIM1
SIM2
SIM3
SIM4
1
21
22
SIM5
SIM1
SIM2
SIM3
SIM4
1
21
22
SIM5
SIM1
SIM2
SIM3
SIM4
1
21
22
SIM5
SIM1
SIM2
SIM3
SIM4
1
21
22
SIM5
SIM1
SIM2
SIM3
SIM4
1
21
22
SIM5
SIM1
SIM2
SIM3
SIM4
1
21
22
SIM5
SIM1
SIM2
SIM3
SIM4
1
21
22
SIM5
SIM1
SIM2
SIM3
SIM4
1
21
22
SIM5
SIM1
SIM2
SIM3
SIM4
1
21
22
SIM5
SIM1
SIM2
SIM3
SIM4
1
21
22
SIM5
SIM1
SIM2
SIM3
SIM4
1
21
22
SIM5
SIM1
SIM2
SIM3
SIM4
1
21
22
SIM5
SIM1
SIM2
SIM3
SIM4
1
21
22
SIM5
SIM1
SIM2
SIM3
SIM4
1
21
22
SIM5
SIM1
SIM2
SIM3
SIM4
1
21
22
SIM5
SIM1
SIM2
SIM3
SIM4
1
21
22
SIM5
SIM1
SIM2
SIM3
SIM4
1
21
22
SIM5
SIM1
SIM2
SIM3
SIM4
1
21
22
SIM5
SIM1
SIM2
SIM3
SIM4
1
21
22
SIM5
SIM1
SIM2
SIM3
SIM4
1
21
22
SIM5
SIM1
SIM2
SIM3
SIM4
1
21
22
SIM5
SIM1
SIM2
SIM3
SIM4
1
21
22
SIM5
SIM1
SIM2
SIM3
SIM4
1
21
22
SIM5
SIM1
SIM2
SIM3
SIM4
1
21
22
SIM5
SIM1
SIM2
SIM3
SIM4
1
21
22
SIM5
SIM1
SIM2
SIM3
SIM4
1
21
22
SIM5
SIM1
SIM2
SIM3
SIM4
1
21
22
SIM5
SIM1
SIM2
SIM3
SIM4
1
21
22
SIM5
SIM1
SIM2
SIM3
SIM4
1
21
22
SIM5
SIM1
SIM2
SIM3
SIM4
1
21
22
SIM5
SIM1
SIM2
SIM3
SIM4
1
21
22
SIM5
SIM1
SIM2
SIM3
SIM4
1
21
22
SIM5
SIM1
SIM2
SIM3
SIM4
1
21
22
SIM5
SIM1
SIM2
SIM3
SIM4
1
21
22
SIM5
SIM1
SIM2
SIM3
SIM4
1
21
22
SIM5
SIM1
SIM2
SIM3
SIM4
1
21
22
SIM5
SIM1
SIM2
SIM3
SIM4
1
21
22
SIM5
SIM1
SIM2
SIM3
SIM4
1
21
22
SIM5
SIM1
SIM2
SIM3
SIM4
1
21
22
SIM5
SIM1
SIM2
SIM3
SIM4
1
21
22
SIM5
SIM1
SIM2
SIM3
SIM4
1
21
22
SIM5
SIM1
SIM2
SIM3
SIM4
1
21
22
SIM5
SIM1
SIM2
SIM3
SIM4
1
21
22
SIM5
SIM1
SIM2
SIM3
SIM4
1
21
22
SIM5
SIM1
SIM2
SIM3
SIM4
1
21
22
SIM5
SIM1
SIM2
SIM3
SIM4
1
21
22
SIM5
SIM1
SIM2
SIM3
SIM4
1
21
22
SIM5
SIM1
SIM2
SIM3
SIM4
1
21
22
SIM5
SIM1
SIM2
SIM3
SIM4
1
21
22
SIM5
SIM1
SIM2
SIM3
SIM4
1
21
22
SIM5
SIM1
SIM2
SIM3
SIM4
1
21
22
SIM5
SIM1
SIM2
SIM3
SIM4
1
21
22
SIM5
SIM1
SIM2
SIM3
SIM4
1
21
22
SIM5
SIM1
SIM2
SIM3
SIM4
1
21
22
SIM5
SIM1
SIM2
SIM3
SIM4
1
21
22
SIM5
SIM1
SIM2
SIM3
SIM4
1
21
22
SIM5
SIM1
SIM2
SIM3
SIM4
1
21
22
SIM5
SIM1
SIM2
SIM3
SIM4
1
21
22
SIM5
SIM1
SIM2
SIM3
SIM4
1
21
22
SIM5
SIM1
SIM2
SIM3
SIM4
1
21
22
SIM5
SIM1
SIM2
SIM3
SIM4
1
21
22
SIM5
SIM1
SIM2
SIM3
SIM4
1
21
22
SIM5
SIM1
SIM2
SIM3
SIM4
1
21
22
SIM5
SIM1
SIM2
SIM3
SIM4
1
21
22
SIM5
SIM1
SIM2
SIM3
SIM4
1
21
22
SIM5
SIM1
SIM2
SIM3
SIM4
1
21
22
SIM5
SIM1
SIM2
SIM3
SIM4
1
21
22
SIM5
SIM1
SIM2
SIM3
SIM4
1
21
22
SIM5
SIM1
SIM2
SIM3
SIM4
1
21
22
SIM5
SIM1
SIM2
SIM3
SIM4
1
21
22
SIM5
SIM1
SIM2
SIM3
SIM4
1
21
22
SIM5
SIM1
SIM2
SIM3
SIM4
1
21
22
SIM5
SIM1
SIM2
SIM3
SIM4
1
21
22
SIM5
SIM1
SIM2
SIM3
SIM4
1
21
22
SIM5
SIM1
SIM2
SIM3
SIM4
1
21
22
SIM5
SIM1
SIM2
SIM3
SIM4
1
21
22
SIM5
SIM1
SIM2
SIM3
SIM4
1
21
22
SIM5
SIM1
SIM2
SIM3
SIM4
1
21
22
SIM5
SIM1
SIM2
SIM3
SIM4
1
21
22
SIM5
SIM1
SIM2
SIM3
SIM4
1
21
22
SIM5
SIM1
SIM2
SIM3
SIM4
1
21
22
SIM5
SIM1
SIM2
SIM3
SIM4
1
21
22
SIM5
SIM1
SIM2
SIM3
SIM4
1
21
22
SIM5
SIM1
SIM2
SIM3
SIM4
1
21
22
SIM5
SIM1
SIM2
SIM3
SIM4
1
21
22
SIM5
SIM1
SIM2
SIM3
SIM4
1
21
22
SIM5
SIM1
SIM2
SIM3
SIM4
1
21
22
SIM5
SIM1
SIM2
SIM3
SIM4
1
21
22
SIM5
SIM1
SIM2
SIM3
SIM4
1
21
22
SIM5
SIM1
SIM2
SIM3
SIM4
1
21
22
SIM5
SIM1
SIM2
SIM3
SIM4
1
21
22
SIM5
SIM1
SIM2
SIM3
SIM4
1
21
22
SIM5
SIM1
SIM2
SIM3
SIM4
1
21
22
SIM5
SIM1
SIM2
SIM3
SIM4
1
21
22
SIM5
SIM1
SIM2
SIM3
SIM4
1
21
22
SIM5
SIM1
SIM2
SIM3
SIM4
1
21
22
SIM5
SIM1
SIM2
SIM3
SIM4
1
21
22
SIM5
SIM1
SIM2
SIM3
SIM4
1
21
22
SIM5
SIM1
SIM2
SIM3
SIM4
1
21
22
SIM5
SIM1
SIM2
SIM3
SIM4
1
21
22
SIM5
SIM1
SIM2
DEBUG 1 287
SIM1
SIM2
SIM3
SIM4
1
21
22
SIM5
SIM1
SIM2
SIM3
SIM4
1
21
22
SIM5
SIM1
SIM2
SIM3
SIM4
1
21
22
SIM5
SIM1
SIM2
SIM3
SIM4
1
21
22
SIM5
SIM1
SIM2
SIM3
SIM4
1
21
22
SIM5
SIM1
SIM2
SIM3
SIM4
1
21
22
SIM5
SIM1
SIM2
SIM3
SIM4
1
21
22
SIM5
SIM1
SIM2
SIM3
SIM4
1
21
22
SIM5
SIM1
SIM2
SIM3
SIM4
1
21
22
SIM5
SIM1
SIM2
SIM3
SIM4
1
21
22
SIM5
SIM1
SIM2
SIM3
SIM4
1
21
22
SIM5
SIM1
SIM2
SIM3
SIM4
1
21
22
SIM5
SIM1
SIM2
SIM3
SIM4
1
21
22
SIM5
SIM1
SIM2
SIM3
SIM4
1
21
22
SIM5
SIM1
SIM2
SIM3
SIM4
1
21
22
SIM5
SIM1
SIM2
SIM3
SIM4
1
21
22
SIM5
SIM1
SIM2
SIM3
SIM4
1
21
22
SIM5
SIM1
SIM2
SIM3
SIM4
1
21
22
SIM5
SIM1
SIM2
SIM3
SIM4
1
21
22
SIM5
SIM1
SIM2
SIM3
SIM4
1
21
22
SIM5
SIM1
SIM2
SIM3
SIM4
1
21
22
SIM5
SIM1
SIM2
SIM3
SIM4
1
21
22
SIM5
SIM1
SIM2
SIM3
SIM4
1
21
22
SIM5
SIM1
SIM2
SIM3
SIM4
1
21
22
SIM5
SIM1
SIM2
SIM3
SIM4
1
21
22
SIM5
SIM1
SIM2
SIM3
SIM4
1
21
22
SIM5
SIM1
SIM2
SIM3
SIM4
1
21
22
SIM5
SIM1
SIM2
SIM3
SIM4
1
21
22
SIM5
SIM1
SIM2
SIM3
SIM4
1
21
22
SIM5
SIM1
SIM2
SIM3
SIM4
1
21
22
SIM5
SIM1
SIM2
SIM3
SIM4
1
21
22
SIM5
SIM1
SIM2
SIM3
SIM4
1
21
22
SIM5
SIM1
SIM2
SIM3
SIM4
1
21
22
SIM5
SIM1
SIM2
SIM3
SIM4
1
21
22
SIM5
SIM1
SIM2
SIM3
SIM4
1
21
22
SIM5
SIM1
SIM2
SIM3
SIM4
1
21
22
SIM5
SIM1
SIM2
SIM3
SIM4
1
21
22
SIM5
SIM1
SIM2
SIM3
SIM4
1
21
22
SIM5
SIM1
SIM2
SIM3
SIM4
1
21
22
SIM5
SIM1
SIM2
SIM3
SIM4
1
21
22
SIM5
SIM1
SIM2
SIM3
SIM4
1
21
22
SIM5
SIM1
SIM2
SIM3
SIM4
1
21
22
SIM5
SIM1
SIM2
SIM3
SIM4
1
21
22
SIM5
SIM1
SIM2
SIM3
SIM4
1
21
22
SIM5
SIM1
SIM2
SIM3
SIM4
1
21
22
SIM5
SIM1
SIM2
SIM3
SIM4
1
21
22
SIM5
SIM1
SIM2
SIM3
SIM4
1
21
22
SIM5
SIM1
SIM2
SIM3
SIM4
1
21
22
SIM5
SIM1
SIM2
SIM3
SIM4
1
21
22
SIM5
SIM1
SIM2
SIM3
SIM4
1
21
22
SIM5
SIM1
SIM2
SIM3
SIM4
1
21
22
SIM5
SIM1
SIM2
SIM3
SIM4
1
21
22
SIM5
SIM1
SIM2
SIM3
SIM4
1
21
22
SIM5
SIM1
SIM2
SIM3
SIM4
1
21
22
SIM5
SIM1
SIM2
SIM3
SIM4
1
21
22
SIM5
SIM1
SIM2
SIM3
SIM4
1
21
22
SIM5
SIM1
SIM2
SIM3
SIM4
1
21
22
SIM5
SIM1
SIM2
SIM3
SIM4
1
21
22
SIM5
SIM1
SIM2
SIM3
SIM4
1
21
22
SIM5
SIM1
SIM2
SIM3
SIM4
1
21
22
SIM5
SIM1
SIM2
SIM3
SIM4
1
21
22
SIM5
SIM1
SIM2
SIM3
SIM4
1
21
22
SIM5
SIM1
SIM2
SIM3
SIM4
1
21
22
SIM5
SIM1
SIM2
SIM3
SIM4
1
21
22
SIM5
SIM1
SIM2
SIM3
SIM4
1
21
22
SIM5
SIM1
SIM2
SIM3
SIM4
1
21
22
SIM5
SIM1
SIM2
SIM3
SIM4
1
21
22
SIM5
SIM1
SIM2
SIM3
SIM4
1
21
22
SIM5
SIM1
SIM2
SIM3
SIM4
1
21
22
SIM5
SIM1
SIM2
SIM3
SIM4
1
21
22
SIM5
SIM1
SIM2
SIM3
SIM4
1
21
22
SIM5
SIM1
SIM2
SIM3
SIM4
1
21
22
SIM5
SIM1
SIM2
SIM3
SIM4
1
21
22
SIM5
SIM1
SIM2
SIM3
SIM4
1
21
22
SIM5
SIM1
SIM2
SIM3
SIM4
1
21
22
SIM5
SIM1
SIM2
SIM3
SIM4
1
21
22
SIM5
SIM1
SIM2
SIM3
SIM4
1
21
22
SIM5
SIM1
SIM2
SIM3
SIM4
1
21
22
SIM5
SIM1
SIM2
SIM3
SIM4
1
21
22
SIM5
SIM1
SIM2
SIM3
SIM4
1
21
22
SIM5
SIM1
SIM2
SIM3
SIM4
1
21
22
SIM5
SIM1
SIM2
SIM3
SIM4
1
21
22
SIM5
SIM1
SIM2
SIM3
SIM4
1
21
22
SIM5
SIM1
SIM2
SIM3
SIM4
1
21
22
SIM5
SIM1
SIM2
SIM3
SIM4
1
21
22
SIM5
SIM1
SIM2
SIM3
SIM4
1
21
22
SIM5
SIM1
SIM2
SIM3
SIM4
1
21
22
SIM5
SIM1
SIM2
SIM3
SIM4
1
21
22
SIM5
SIM1
SIM2
SIM3
SIM4
1
21
22
SIM5
SIM1
SIM2
SIM3
SIM4
1
21
22
SIM5
SIM1
SIM2
SIM3
SIM4
1
21
22
SIM5
SIM1
SIM2
SIM3
SIM4
1
21
22
SIM5
SIM1
SIM2
SIM3
SIM4
1
21
22
SIM5
SIM1
SIM2
SIM3
SIM4
1
21
22
SIM5
SIM1
SIM2
SIM3
SIM4
1
21
22
SIM5
SIM1
SIM2
SIM3
SIM4
1
21
22
SIM5
SIM1
SIM2
SIM3
SIM4
1
21
22
SIM5
SIM1
SIM2
SIM3
SIM4
1
21
22
SIM5
SIM1
SIM2
SIM3
SIM4
1
21
22
SIM5
SIM1
SIM2
SIM3
SIM4
1
21
22
SIM5
SIM1
SIM2
SIM3
SIM4
1
21
22
SIM5
SIM1
SIM2
SIM3
SIM4
1
21
22
SIM5
SIM1
SIM2
SIM3
SIM4
1
21
22
SIM5
SIM1
SIM2
SIM3
SIM4
1
21
22
SIM5
SIM1
SIM2
SIM3
SIM4
1
21
22
SIM5
SIM1
SIM2
SIM3
SIM4
1
21
22
SIM5
SIM1
SIM2
SIM3
SIM4
1
21
22
SIM5
SIM1
SIM2
SIM3
SIM4
1
21
22
SIM5
SIM1
SIM2
SIM3
SIM4
1
21
22
SIM5
SIM1
SIM2
SIM3
SIM4
1
21
22
SIM5
SIM1
SIM2
SIM3
SIM4
1
21
22
SIM5
SIM1
SIM2
SIM3
SIM4
1
21
22
SIM5
SIM1
SIM2
SIM3
SIM4
1
21
22
SIM5
SIM1
SIM2
SIM3
SIM4
1
21
22
SIM5
SIM1
SIM2
SIM3
SIM4
1
21
22
SIM5
SIM1
SIM2
SIM3
SIM4
1
21
22
SIM5
SIM1
SIM2
SIM3
SIM4
1
21
22
SIM5
SIM1
SIM2
SIM3
SIM4
1
21
22
SIM5
SIM1
SIM2
SIM3
SIM4
1
21
22
SIM5
SIM1
SIM2
SIM3
SIM4
1
21
22
SIM5
SIM1
SIM2
DEBUG 1 288
SIM1
SIM2
SIM3
SIM4
1
21
22
SIM5
SIM1
SIM2
SIM3
SIM4
1
21
22
SIM5
SIM1
SIM2
SIM3
SIM4
1
21
22
SIM5
SIM1
SIM2
SIM3
SIM4
1
21
22
SIM5
SIM1
SIM2
SIM3
SIM4
1
21
22
SIM5
SIM1
SIM2
SIM3
SIM4
1
21
22
SIM5
SIM1
SIM2
SIM3
SIM4
1
21
22
SIM5
SIM1
SIM2
SIM3
SIM4
1
21
22
SIM5
SIM1
SIM2
SIM3
SIM4
1
21
22
SIM5
SIM1
SIM2
SIM3
SIM4
1
21
22
SIM5
SIM1
SIM2
SIM3
SIM4
1
21
22
SIM5
SIM1
SIM2
SIM3
SIM4
1
21
22
SIM5
SIM1
SIM2
SIM3
SIM4
1
21
22
SIM5
SIM1
SIM2
SIM3
SIM4
1
21
22
SIM5
SIM1
SIM2
SIM3
SIM4
1
21
22
SIM5
SIM1
SIM2
SIM3
SIM4
1
21
22
SIM5
SIM1
SIM2
SIM3
SIM4
1
21
22
SIM5
SIM1
SIM2
SIM3
SIM4
1
21
22
SIM5
SIM1
SIM2
SIM3
SIM4
1
21
22
SIM5
SIM1
SIM2
SIM3
SIM4
1
21
22
SIM5
SIM1
SIM2
SIM3
SIM4
1
21
22
SIM5
SIM1
SIM2
SIM3
SIM4
1
21
22
SIM5
SIM1
SIM2
SIM3
SIM4
1
21
22
SIM5
SIM1
SIM2
SIM3
SIM4
1
21
22
SIM5
SIM1
SIM2
SIM3
SIM4
1
21
22
SIM5
SIM1
SIM2
SIM3
SIM4
1
21
22
SIM5
SIM1
SIM2
SIM3
SIM4
1
21
22
SIM5
SIM1
SIM2
SIM3
SIM4
1
21
22
SIM5
SIM1
SIM2
SIM3
SIM4
1
21
22
SIM5
SIM1
SIM2
SIM3
SIM4
1
21
22
SIM5
SIM1
SIM2
SIM3
SIM4
1
21
22
SIM5
SIM1
SIM2
SIM3
SIM4
1
21
22
SIM5
SIM1
SIM2
SIM3
SIM4
1
21
22
SIM5
SIM1
SIM2
SIM3
SIM4
1
21
22
SIM5
SIM1
SIM2
SIM3
SIM4
1
21
22
SIM5
SIM1
SIM2
SIM3
SIM4
1
21
22
SIM5
SIM1
SIM2
SIM3
SIM4
1
21
22
SIM5
SIM1
SIM2
SIM3
SIM4
1
21
22
SIM5
SIM1
SIM2
SIM3
SIM4
1
21
22
SIM5
SIM1
SIM2
SIM3
SIM4
1
21
22
SIM5
SIM1
SIM2
SIM3
SIM4
1
21
22
SIM5
SIM1
SIM2
SIM3
SIM4
1
21
22
SIM5
SIM1
SIM2
SIM3
SIM4
1
21
22
SIM5
SIM1
SIM2
SIM3
SIM4
1
21
22
SIM5
SIM1
SIM2
SIM3
SIM4
1
21
22
SIM5
SIM1
SIM2
SIM3
SIM4
1
21
22
SIM5
SIM1
SIM2
SIM3
SIM4
1
21
22
SIM5
SIM1
SIM2
SIM3
SIM4
1
21
22
SIM5
SIM1
SIM2
SIM3
SIM4
1
21
22
SIM5
SIM1
SIM2
SIM3
SIM4
1
21
22
SIM5
SIM1
SIM2
SIM3
SIM4
1
21
22
SIM5
SIM1
SIM2
SIM3
SIM4
1
21
22
SIM5
SIM1
SIM2
SIM3
SIM4
1
21
22
SIM5
SIM1
SIM2
SIM3
SIM4
1
21
22
SIM5
SIM1
SIM2
SIM3
SIM4
1
21
22
SIM5
SIM1
SIM2
SIM3
SIM4
1
21
22
SIM5
SIM1
SIM2
SIM3
SIM4
1
21
22
SIM5
SIM1
SIM2
SIM3
SIM4
1
21
22
SIM5
SIM1
SIM2
SIM3
SIM4
1
21
22
SIM5
SIM1
SIM2
SIM3
SIM4
1
21
22
SIM5
SIM1
SIM2
SIM3
SIM4
1
21
22
SIM5
SIM1
SIM2
SIM3
SIM4
1
21
22
SIM5
SIM1
SIM2
SIM3
SIM4
1
21
22
SIM5
SIM1
SIM2
SIM3
SIM4
1
21
22
SIM5
SIM1
SIM2
SIM3
SIM4
1
21
22
SIM5
SIM1
SIM2
SIM3
SIM4
1
21
22
SIM5
SIM1
SIM2
SIM3
SIM4
1
21
22
SIM5
SIM1
SIM2
SIM3
SIM4
1
21
22
SIM5
SIM1
SIM2
SIM3
SIM4
1
21
22
SIM5
SIM1
SIM2
SIM3
SIM4
1
21
22
SIM5
SIM1
SIM2
SIM3
SIM4
1
21
22
SIM5
SIM1
SIM2
SIM3
SIM4
1
21
22
SIM5
SIM1
SIM2
SIM3
SIM4
1
21
22
SIM5
SIM1
SIM2
SIM3
SIM4
1
21
22
SIM5
SIM1
SIM2
SIM3
SIM4
1
21
22
SIM5
SIM1
SIM2
SIM3
SIM4
1
21
22
SIM5
SIM1
SIM2
SIM3
SIM4
1
21
22
SIM5
SIM1
SIM2
SIM3
SIM4
1
21
22
SIM5
SIM1
SIM2
SIM3
SIM4
1
21
22
SIM5
SIM1
SIM2
SIM3
SIM4
1
21
22
SIM5
SIM1
SIM2
SIM3
SIM4
1
21
22
SIM5
SIM1
SIM2
SIM3
SIM4
1
21
22
SIM5
SIM1
SIM2
SIM3
SIM4
1
21
22
SIM5
SIM1
SIM2
SIM3
SIM4
1
21
22
SIM5
SIM1
SIM2
SIM3
SIM4
1
21
22
SIM5
SIM1
SIM2
SIM3
SIM4
1
21
22
SIM5
SIM1
SIM2
SIM3
SIM4
1
21
22
SIM5
SIM1
SIM2
SIM3
SIM4
1
21
22
SIM5
SIM1
SIM2
SIM3
SIM4
1
21
22
SIM5
SIM1
SIM2
SIM3
SIM4
1
21
22
SIM5
SIM1
SIM2
SIM3
SIM4
1
21
22
SIM5
SIM1
SIM2
SIM3
SIM4
1
21
22
SIM5
SIM1
SIM2
SIM3
SIM4
1
21
22
SIM5
SIM1
SIM2
SIM3
SIM4
1
21
22
SIM5
SIM1
SIM2
SIM3
SIM4
1
21
22
SIM5
SIM1
SIM2
SIM3
SIM4
1
21
22
SIM5
SIM1
SIM2
SIM3
SIM4
1
21
22
SIM5
SIM1
SIM2
SIM3
SIM4
1
21
22
SIM5
SIM1
SIM2
SIM3
SIM4
1
21
22
SIM5
SIM1
SIM2
SIM3
SIM4
1
21
22
SIM5
SIM1
SIM2
SIM3
SIM4
1
21
22
SIM5
SIM1
SIM2
SIM3
SIM4
1
21
22
SIM5
SIM1
SIM2
SIM3
SIM4
1
21
22
SIM5
SIM1
SIM2
SIM3
SIM4
1
21
22
SIM5
SIM1
SIM2
SIM3
SIM4
1
21
22
SIM5
SIM1
SIM2
SIM3
SIM4
1
21
22
SIM5
SIM1
SIM2
SIM3
SIM4
1
21
22
SIM5
SIM1
SIM2
SIM3
SIM4
1
21
22
SIM5
SIM1
SIM2
SIM3
SIM4
1
21
22
SIM5
SIM1
SIM2
SIM3
SIM4
1
21
22
SIM5
SIM1
SIM2
SIM3
SIM4
1
21
22
SIM5
SIM1
SIM2
SIM3
SIM4
1
21
22
SIM5
SIM1
SIM2
SIM3
SIM4
1
21
22
SIM5
SIM1
SIM2
SIM3
SIM4
1
21
22
SIM5
SIM1
SIM2
SIM3
SIM4
1
21
22
SIM5
SIM1
SIM2
SIM3
SIM4
1
21
22
SIM5
SIM1
SIM2
SIM3
SIM4
1
21
22
SIM5
SIM1
SIM2
SIM3
SIM4
1
21
22
SIM5
SIM1
SIM2
SIM3
SIM4
1
21
22
SIM5
SIM1
SIM2
SIM3
SIM4
1
21
22
SIM5
SIM1
SIM2
SIM3
SIM4
1
21
22
SIM5
SIM1
SIM2
SIM3
SIM4
1
21
22
SIM5
SIM1
SIM2
SIM3
SIM4
1
21
22
SIM5
SIM1
SIM2
SIM3
SIM4
1
21
22
SIM5
SIM1
SIM2
SIM3
SIM4
1
21
22
SIM5
SIM1
SIM2
SIM3
SIM4
1
21
22
SIM5
SIM1
SIM2
SIM3
SIM4
1
21
22
SIM5
SIM1
SIM2
SIM3
SIM4
1
21
22
SIM5
SIM1
SIM2
SIM3
SIM4
1
21
22
SIM5
SIM1
SIM2
SIM3
SIM4
1
21
22
SIM5
SIM1
SIM2
SIM3
SIM4
1
21
22
SIM5
SIM1
SIM2
SIM3
SIM4
1
21
22
SIM5
SIM1
SIM2
SIM3
SIM4
1
21
22
SIM5
SIM1
SIM2
SIM3
SIM4
1
21
22
SIM5
SIM1
SIM2
SIM3
SIM4
1
21
22
SIM5
SIM1
SIM2
SIM3
SIM4
1
21
22
SIM5
SIM1
SIM2
SIM3
SIM4
1
21
22
SIM5
SIM1
SIM2
SIM3
SIM4
1
21
22
SIM5
SIM1
SIM2
SIM3
SIM4
1
21
22
SIM5
SIM1
SIM2
SIM3
SIM4
1
21
22
SIM5
SIM1
SIM2
SIM3
SIM4
1
21
22
SIM5
SIM1
SIM2
SIM3
SIM4
1
21
22
SIM5
SIM1
SIM2
SIM3
SIM4
1
21
22
SIM5
SIM1
SIM2
SIM3
SIM4
1
21
22
SIM5
SIM1
SIM2
SIM3
SIM4
1
21
22
SIM5
SIM1
SIM2
SIM3
SIM4
1
21
22
SIM5
SIM1
SIM2
SIM3
SIM4
1
21
22
SIM5
SIM1
SIM2
SIM3
SIM4
1
21
22
SIM5
SIM1
SIM2
SIM3
SIM4
1
21
22
SIM5
SIM1
SIM2
SIM3
SIM4
1
21
22
SIM5
SIM1
SIM2
SIM3
SIM4
1
21
22
SIM5
SIM1
SIM2
SIM3
SIM4
1
21
22
SIM5
SIM1
SIM2
SIM3
SIM4
1
21
22
SIM5
SIM1
SIM2
SIM3
SIM4
1
21
22
SIM5
SIM1
SIM2
SIM3
SIM4
1
21
22
SIM5
SIM1
SIM2
SIM3
SIM4
1
21
22
SIM5
SIM1
SIM2
SIM3
SIM4
1
21
22
SIM5
SIM1
SIM2
SIM3
SIM4
1
21
22
SIM5
SIM1
SIM2
SIM3
SIM4
1
21
22
SIM5
SIM1
SIM2
SIM3
SIM4
1
21
22
SIM5
SIM1
SIM2
SIM3
SIM4
1
21
22
SIM5
SIM1
SIM2
SIM3
SIM4
1
21
22
SIM5
SIM1
SIM2
SIM3
SIM4
1
21
22
SIM5
SIM1
SIM2
SIM3
SIM4
1
21
22
SIM5
SIM1
SIM2
SIM3
SIM4
1
21
22
SIM5
SIM1
SIM2
SIM3
SIM4
1
21
22
SIM5
SIM1
SIM2
SIM3
SIM4
1
21
22
SIM5
SIM1
SIM2
SIM3
SIM4
1
21
22
SIM5
SIM1
SIM2
SIM3
SIM4
1
21
22
SIM5
SIM1
SIM2
SIM3
SIM4
1
21
22
SIM5
SIM1
SIM2
SIM3
SIM4
1
21
22
SIM5
SIM1
SIM2
SIM3
SIM4
1
21
22
SIM5
SIM1
SIM2
SIM3
SIM4
1
21
22
SIM5
SIM1
SIM2
SIM3
SIM4
1
21
22
SIM5
SIM1
SIM2
DEBUG 1 289
SIM1
SIM2
SIM3
SIM4
1
21
22
SIM5
SIM1
SIM2
SIM3
SIM4
1
21
22
SIM5
SIM1
SIM2
SIM3
SIM4
1
21
22
SIM5
SIM1
SIM2
SIM3
SIM4
1
21
22
SIM5
SIM1
SIM2
SIM3
SIM4
1
21
22
SIM5
SIM1
SIM2
SIM3
SIM4
1
21
22
SIM5
SIM1
SIM2
SIM3
SIM4
1
21
22
SIM5
SIM1
SIM2
SIM3
SIM4
1
21
22
SIM5
SIM1
SIM2
SIM3
SIM4
1
21
22
SIM5
SIM1
SIM2
SIM3
SIM4
1
21
22
SIM5
SIM1
SIM2
SIM3
SIM4
1
21
22
SIM5
SIM1
SIM2
SIM3
SIM4
1
21
22
SIM5
SIM1
SIM2
SIM3
SIM4
1
21
22
SIM5
SIM1
SIM2
SIM3
SIM4
1
21
22
SIM5
SIM1
SIM2
SIM3
SIM4
1
21
22
SIM5
SIM1
SIM2
SIM3
SIM4
1
21
22
SIM5
SIM1
SIM2
SIM3
SIM4
1
21
22
SIM5
SIM1
SIM2
SIM3
SIM4
1
21
22
SIM5
SIM1
SIM2
SIM3
SIM4
1
21
22
SIM5
SIM1
SIM2
SIM3
SIM4
1
21
22
SIM5
SIM1
SIM2
SIM3
SIM4
1
21
22
SIM5
SIM1
SIM2
SIM3
SIM4
1
21
22
SIM5
SIM1
SIM2
SIM3
SIM4
1
21
22
SIM5
SIM1
SIM2
SIM3
SIM4
1
21
22
SIM5
SIM1
SIM2
SIM3
SIM4
1
21
22
SIM5
SIM1
SIM2
SIM3
SIM4
1
21
22
SIM5
SIM1
SIM2
SIM3
SIM4
1
21
22
SIM5
SIM1
SIM2
SIM3
SIM4
1
21
22
SIM5
SIM1
SIM2
SIM3
SIM4
1
21
22
SIM5
SIM1
SIM2
SIM3
SIM4
1
21
22
SIM5
SIM1
SIM2
SIM3
SIM4
1
21
22
SIM5
SIM1
SIM2
SIM3
SIM4
1
21
22
SIM5
SIM1
SIM2
SIM3
SIM4
1
21
22
SIM5
SIM1
SIM2
SIM3
SIM4
1
21
22
SIM5
SIM1
SIM2
SIM3
SIM4
1
21
22
SIM5
SIM1
SIM2
SIM3
SIM4
1
21
22
SIM5
SIM1
SIM2
SIM3
SIM4
1
21
22
SIM5
SIM1
SIM2
SIM3
SIM4
1
21
22
SIM5
SIM1
SIM2
SIM3
SIM4
1
21
22
SIM5
SIM1
SIM2
SIM3
SIM4
1
21
22
SIM5
SIM1
SIM2
SIM3
SIM4
1
21
22
SIM5
SIM1
SIM2
SIM3
SIM4
1
21
22
SIM5
SIM1
SIM2
SIM3
SIM4
1
21
22
SIM5
SIM1
SIM2
SIM3
SIM4
1
21
22
SIM5
SIM1
SIM2
SIM3
SIM4
1
21
22
SIM5
SIM1
SIM2
SIM3
SIM4
1
21
22
SIM5
SIM1
SIM2
SIM3
SIM4
1
21
22
SIM5
SIM1
SIM2
SIM3
SIM4
1
21
22
SIM5
SIM1
SIM2
SIM3
SIM4
1
21
22
SIM5
SIM1
SIM2
SIM3
SIM4
1
21
22
SIM5
SIM1
SIM2
SIM3
SIM4
1
21
22
SIM5
SIM1
SIM2
SIM3
SIM4
1
21
22
SIM5
SIM1
SIM2
SIM3
SIM4
1
21
22
SIM5
SIM1
SIM2
SIM3
SIM4
1
21
22
SIM5
SIM1
SIM2
SIM3
SIM4
1
21
22
SIM5
SIM1
SIM2
SIM3
SIM4
1
21
22
SIM5
SIM1
SIM2
SIM3
SIM4
1
21
22
SIM5
SIM1
SIM2
SIM3
SIM4
1
21
22
SIM5
SIM1
SIM2
SIM3
SIM4
1
21
22
SIM5
SIM1
SIM2
SIM3
SIM4
1
21
22
SIM5
SIM1
SIM2
SIM3
SIM4
1
21
22
SIM5
SIM1
SIM2
SIM3
SIM4
1
21
22
SIM5
SIM1
SIM2
SIM3
SIM4
1
21
22
SIM5
SIM1
SIM2
SIM3
SIM4
1
21
22
SIM5
SIM1
SIM2
SIM3
SIM4
1
21
22
SIM5
SIM1
SIM2
SIM3
SIM4
1
21
22
SIM5
SIM1
SIM2
SIM3
SIM4
1
21
22
SIM5
SIM1
SIM2
SIM3
SIM4
1
21
22
SIM5
SIM1
SIM2
SIM3
SIM4
1
21
22
SIM5
SIM1
SIM2
SIM3
SIM4
1
21
22
SIM5
SIM1
SIM2
SIM3
SIM4
1
21
22
SIM5
SIM1
SIM2
SIM3
SIM4
1
21
22
SIM5
SIM1
SIM2
SIM3
SIM4
1
21
22
SIM5
SIM1
SIM2
SIM3
SIM4
1
21
22
SIM5
SIM1
SIM2
SIM3
SIM4
1
21
22
SIM5
SIM1
SIM2
SIM3
SIM4
1
21
22
SIM5
SIM1
SIM2
SIM3
SIM4
1
21
22
SIM5
SIM1
SIM2
SIM3
SIM4
1
21
22
SIM5
SIM1
SIM2
SIM3
SIM4
1
21
22
SIM5
SIM1
SIM2
SIM3
SIM4
1
21
22
SIM5
SIM1
SIM2
SIM3
SIM4
1
21
22
SIM5
SIM1
SIM2
SIM3
SIM4
1
21
22
SIM5
SIM1
SIM2
SIM3
SIM4
1
21
22
SIM5
SIM1
SIM2
SIM3
SIM4
1
21
22
SIM5
SIM1
SIM2
SIM3
SIM4
1
21
22
SIM5
SIM1
SIM2
SIM3
SIM4
1
21
22
SIM5
SIM1
SIM2
SIM3
SIM4
1
21
22
SIM5
SIM1
SIM2
SIM3
SIM4
1
21
22
SIM5
SIM1
SIM2
SIM3
SIM4
1
21
22
SIM5
SIM1
SIM2
SIM3
SIM4
1
21
22
SIM5
SIM1
SIM2
SIM3
SIM4
1
21
22
SIM5
SIM1
SIM2
SIM3
SIM4
1
21
22
SIM5
SIM1
SIM2
SIM3
SIM4
1
21
22
SIM5
SIM1
SIM2
SIM3
SIM4
1
21
22
SIM5
SIM1
SIM2
SIM3
SIM4
1
21
22
SIM5
SIM1
SIM2
SIM3
SIM4
1
21
22
SIM5
SIM1
SIM2
SIM3
SIM4
1
21
22
SIM5
SIM1
SIM2
SIM3
SIM4
1
21
22
SIM5
SIM1
SIM2
SIM3
SIM4
1
21
22
SIM5
SIM1
SIM2
SIM3
SIM4
1
21
22
SIM5
SIM1
SIM2
SIM3
SIM4
1
21
22
SIM5
SIM1
SIM2
SIM3
SIM4
1
21
22
SIM5
SIM1
SIM2
SIM3
SIM4
1
21
22
SIM5
SIM1
SIM2
SIM3
SIM4
1
21
22
SIM5
SIM1
SIM2
SIM3
SIM4
1
21
22
SIM5
SIM1
SIM2
SIM3
SIM4
1
21
22
SIM5
SIM1
SIM2
SIM3
SIM4
1
21
22
SIM5
SIM1
SIM2
SIM3
SIM4
1
21
22
SIM5
SIM1
SIM2
SIM3
SIM4
1
21
22
SIM5
SIM1
SIM2
SIM3
SIM4
1
21
22
SIM5
SIM1
SIM2
SIM3
SIM4
1
21
22
SIM5
SIM1
SIM2
SIM3
SIM4
1
21
22
SIM5
SIM1
SIM2
SIM3
SIM4
1
21
22
SIM5
SIM1
SIM2
SIM3
SIM4
1
21
22
SIM5
SIM1
SIM2
SIM3
SIM4
1
21
22
SIM5
SIM1
SIM2
SIM3
SIM4
1
21
22
SIM5
SIM1
SIM2
SIM3
SIM4
1
21
22
SIM5
SIM1
SIM2
SIM3
SIM4
1
21
22
SIM5
SIM1
SIM2
SIM3
SIM4
1
21
22
SIM5
SIM1
SIM2
SIM3
SIM4
1
21
22
SIM5
SIM1
SIM2
SIM3
SIM4
1
21
22
SIM5
SIM1
SIM2
SIM3
SIM4
1
21
22
SIM5
SIM1
SIM2
SIM3
SIM4
1
21
22
SIM5
SIM1
SIM2
SIM3
SIM4
1
21
22
SIM5
SIM1
SIM2
SIM3
SIM4
1
21
22
SIM5
SIM1
SIM2
SIM3
SIM4
1
21
22
SIM5
SIM1
SIM2
SIM3
SIM4
1
21
22
SIM5
SIM1
SIM2
SIM3
SIM4
1
21
22
SIM5
SIM1
SIM2
SIM3
SIM4
1
21
22
SIM5
SIM1
SIM2
SIM3
SIM4
1
21
22
SIM5
SIM1
SIM2
DEBUG 1 290
SIM1
SIM2
SIM3
SIM4
1
21
22
SIM5
SIM1
SIM2
SIM3
SIM4
1
21
22
SIM5
SIM1
SIM2
SIM3
SIM4
1
21
22
SIM5
SIM1
SIM2
SIM3
SIM4
1
21
22
SIM5
SIM1
SIM2
SIM3
SIM4
1
21
22
SIM5
SIM1
SIM2
SIM3
SIM4
1
21
22
SIM5
SIM1
SIM2
SIM3
SIM4
1
21
22
SIM5
SIM1
SIM2
SIM3
SIM4
1
21
22
SIM5
SIM1
SIM2
SIM3
SIM4
1
21
22
SIM5
SIM1
SIM2
SIM3
SIM4
1
21
22
SIM5
SIM1
SIM2
SIM3
SIM4
1
21
22
SIM5
SIM1
SIM2
SIM3
SIM4
1
21
22
SIM5
SIM1
SIM2
SIM3
SIM4
1
21
22
SIM5
SIM1
SIM2
SIM3
SIM4
1
21
22
SIM5
SIM1
SIM2
SIM3
SIM4
1
21
22
SIM5
SIM1
SIM2
SIM3
SIM4
1
21
22
SIM5
SIM1
SIM2
SIM3
SIM4
1
21
22
SIM5
SIM1
SIM2
SIM3
SIM4
1
21
22
SIM5
SIM1
SIM2
SIM3
SIM4
1
21
22
SIM5
SIM1
SIM2
SIM3
SIM4
1
21
22
SIM5
SIM1
SIM2
SIM3
SIM4
1
21
22
SIM5
SIM1
SIM2
SIM3
SIM4
1
21
22
SIM5
SIM1
SIM2
SIM3
SIM4
1
21
22
SIM5
SIM1
SIM2
SIM3
SIM4
1
21
22
SIM5
SIM1
SIM2
SIM3
SIM4
1
21
22
SIM5
SIM1
SIM2
SIM3
SIM4
1
21
22
SIM5
SIM1
SIM2
SIM3
SIM4
1
21
22
SIM5
SIM1
SIM2
SIM3
SIM4
1
21
22
SIM5
SIM1
SIM2
SIM3
SIM4
1
21
22
SIM5
SIM1
SIM2
SIM3
SIM4
1
21
22
SIM5
SIM1
SIM2
SIM3
SIM4
1
21
22
SIM5
SIM1
SIM2
SIM3
SIM4
1
21
22
SIM5
SIM1
SIM2
SIM3
SIM4
1
21
22
SIM5
SIM1
SIM2
SIM3
SIM4
1
21
22
SIM5
SIM1
SIM2
SIM3
SIM4
1
21
22
SIM5
SIM1
SIM2
SIM3
SIM4
1
21
22
SIM5
SIM1
SIM2
SIM3
SIM4
1
21
22
SIM5
SIM1
SIM2
SIM3
SIM4
1
21
22
SIM5
SIM1
SIM2
SIM3
SIM4
1
21
22
SIM5
SIM1
SIM2
SIM3
SIM4
1
21
22
SIM5
SIM1
SIM2
SIM3
SIM4
1
21
22
SIM5
SIM1
SIM2
SIM3
SIM4
1
21
22
SIM5
SIM1
SIM2
SIM3
SIM4
1
21
22
SIM5
SIM1
SIM2
SIM3
SIM4
1
21
22
SIM5
SIM1
SIM2
SIM3
SIM4
1
21
22
SIM5
SIM1
SIM2
SIM3
SIM4
1
21
22
SIM5
SIM1
SIM2
SIM3
SIM4
1
21
22
SIM5
SIM1
SIM2
SIM3
SIM4
1
21
22
SIM5
SIM1
SIM2
SIM3
SIM4
1
21
22
SIM5
SIM1
SIM2
SIM3
SIM4
1
21
22
SIM5
SIM1
SIM2
SIM3
SIM4
1
21
22
SIM5
SIM1
SIM2
SIM3
SIM4
1
21
22
SIM5
SIM1
SIM2
SIM3
SIM4
1
21
22
SIM5
SIM1
SIM2
SIM3
SIM4
1
21
22
SIM5
SIM1
SIM2
SIM3
SIM4
1
21
22
SIM5
SIM1
SIM2
SIM3
SIM4
1
21
22
SIM5
SIM1
SIM2
SIM3
SIM4
1
21
22
SIM5
SIM1
SIM2
SIM3
SIM4
1
21
22
SIM5
SIM1
SIM2
SIM3
SIM4
1
21
22
SIM5
SIM1
SIM2
SIM3
SIM4
1
21
22
SIM5
SIM1
SIM2
SIM3
SIM4
1
21
22
SIM5
SIM1
SIM2
SIM3
SIM4
1
21
22
SIM5
SIM1
SIM2
SIM3
SIM4
1
21
22
SIM5
SIM1
SIM2
SIM3
SIM4
1
21
22
SIM5
SIM1
SIM2
SIM3
SIM4
1
21
22
SIM5
SIM1
SIM2
SIM3
SIM4
1
21
22
SIM5
SIM1
SIM2
SIM3
SIM4
1
21
22
SIM5
SIM1
SIM2
SIM3
SIM4
1
21
22
SIM5
SIM1
SIM2
SIM3
SIM4
1
21
22
SIM5
SIM1
SIM2
SIM3
SIM4
1
21
22
SIM5
SIM1
SIM2
SIM3
SIM4
1
21
22
SIM5
SIM1
SIM2
SIM3
SIM4
1
21
22
SIM5
SIM1
SIM2
SIM3
SIM4
1
21
22
SIM5
SIM1
SIM2
SIM3
SIM4
1
21
22
SIM5
SIM1
SIM2
SIM3
SIM4
1
21
22
SIM5
SIM1
SIM2
SIM3
SIM4
1
21
22
SIM5
SIM1
SIM2
SIM3
SIM4
1
21
22
SIM5
SIM1
SIM2
SIM3
SIM4
1
21
22
SIM5
SIM1
SIM2
SIM3
SIM4
1
21
22
SIM5
SIM1
SIM2
SIM3
SIM4
1
21
22
SIM5
SIM1
SIM2
SIM3
SIM4
1
21
22
SIM5
SIM1
SIM2
SIM3
SIM4
1
21
22
SIM5
SIM1
SIM2
SIM3
SIM4
1
21
22
SIM5
SIM1
SIM2
SIM3
SIM4
1
21
22
SIM5
SIM1
SIM2
SIM3
SIM4
1
21
22
SIM5
SIM1
SIM2
SIM3
SIM4
1
21
22
SIM5
SIM1
SIM2
SIM3
SIM4
1
21
22
SIM5
SIM1
SIM2
SIM3
SIM4
1
21
22
SIM5
SIM1
SIM2
SIM3
SIM4
1
21
22
SIM5
SIM1
SIM2
SIM3
SIM4
1
21
22
SIM5
SIM1
SIM2
SIM3
SIM4
1
21
22
SIM5
SIM1
SIM2
SIM3
SIM4
1
21
22
SIM5
SIM1
SIM2
SIM3
SIM4
1
21
22
SIM5
SIM1
SIM2
SIM3
SIM4
1
21
22
SIM5
SIM1
SIM2
SIM3
SIM4
1
21
22
SIM5
SIM1
SIM2
SIM3
SIM4
1
21
22
SIM5
SIM1
SIM2
SIM3
SIM4
1
21
22
SIM5
SIM1
SIM2
SIM3
SIM4
1
21
22
SIM5
SIM1
SIM2
SIM3
SIM4
1
21
22
SIM5
SIM1
SIM2
SIM3
SIM4
1
21
22
SIM5
SIM1
SIM2
SIM3
SIM4
1
21
22
SIM5
SIM1
SIM2
SIM3
SIM4
1
21
22
SIM5
SIM1
SIM2
SIM3
SIM4
1
21
22
SIM5
SIM1
SIM2
SIM3
SIM4
1
21
22
SIM5
SIM1
SIM2
SIM3
SIM4
1
21
22
SIM5
SIM1
SIM2
SIM3
SIM4
1
21
22
SIM5
SIM1
SIM2
SIM3
SIM4
1
21
22
SIM5
SIM1
SIM2
SIM3
SIM4
1
21
22
SIM5
SIM1
SIM2
SIM3
SIM4
1
21
22
SIM5
SIM1
SIM2
SIM3
SIM4
1
21
22
SIM5
SIM1
SIM2
SIM3
SIM4
1
21
22
SIM5
SIM1
SIM2
SIM3
SIM4
1
21
22
SIM5
SIM1
SIM2
SIM3
SIM4
1
21
22
SIM5
SIM1
SIM2
SIM3
SIM4
1
21
22
SIM5
SIM1
SIM2
SIM3
SIM4
1
21
22
SIM5
SIM1
SIM2
SIM3
SIM4
1
21
22
SIM5
SIM1
SIM2
SIM3
SIM4
1
21
22
SIM5
SIM1
SIM2
SIM3
SIM4
1
21
22
SIM5
SIM1
SIM2
SIM3
SIM4
1
21
22
SIM5
SIM1
SIM2
SIM3
SIM4
1
21
22
SIM5
SIM1
SIM2
SIM3
SIM4
1
21
22
SIM5
SIM1
SIM2
SIM3
SIM4
1
21
22
SIM5
SIM1
SIM2
SIM3
SIM4
1
21
22
SIM5
SIM1
SIM2
SIM3
SIM4
1
21
22
SIM5
SIM1
SIM2
SIM3
SIM4
1
21
22
SIM5
SIM1
SIM2
SIM3
SIM4
1
21
22
SIM5
SIM1
SIM2
SIM3
SIM4
1
21
22
SIM5
SIM1
SIM2
SIM3
SIM4
1
21
22
SIM5
SIM1
SIM2
SIM3
SIM4
1
21
22
SIM5
SIM1
SIM2
SIM3
SIM4
1
21
22
SIM5
SIM1
SIM2
SIM3
SIM4
1
21
22
SIM5
SIM1
SIM2
SIM3
SIM4
1
21
22
SIM5
SIM1
SIM2
SIM3
SIM4
1
21
22
SIM5
SIM1
SIM2
SIM3
SIM4
1
21
22
SIM5
SIM1
SIM2
SIM3
SIM4
1
21
22
SIM5
SIM1
SIM2
SIM3
SIM4
1
21
22
SIM5
SIM1
SIM2
SIM3
SIM4
1
21
22
SIM5
SIM1
SIM2
SIM3
SIM4
1
21
22
SIM5
SIM1
SIM2
SIM3
SIM4
1
21
22
SIM5
SIM1
SIM2
SIM3
SIM4
1
21
22
SIM5
SIM1
SIM2
SIM3
SIM4
1
21
22
SIM5
SIM1
SIM2
SIM3
SIM4
1
21
22
SIM5
SIM1
SIM2
SIM3
SIM4
1
21
22
SIM5
SIM1
SIM2
SIM3
SIM4
1
21
22
SIM5
SIM1
SIM2
SIM3
SIM4
1
21
22
SIM5
SIM1
SIM2
SIM3
SIM4
1
21
22
SIM5
SIM1
SIM2
SIM3
SIM4
1
21
22
SIM5
SIM1
SIM2
SIM3
SIM4
1
21
22
SIM5
SIM1
SIM2
SIM3
SIM4
1
21
22
SIM5
SIM1
SIM2
SIM3
SIM4
1
21
22
SIM5
SIM1
SIM2
SIM3
SIM4
1
21
22
SIM5
SIM1
SIM2
SIM3
SIM4
1
21
22
SIM5
SIM1
SIM2
SIM3
SIM4
1
21
22
SIM5
SIM1
SIM2
SIM3
SIM4
1
21
22
SIM5
SIM1
SIM2
SIM3
SIM4
1
21
22
SIM5
SIM1
SIM2
SIM3
SIM4
1
21
22
SIM5
SIM1
SIM2
SIM3
SIM4
1
21
22
SIM5
SIM1
SIM2
SIM3
SIM4
1
21
22
SIM5
SIM1
SIM2
SIM3
SIM4
1
21
22
SIM5
SIM1
SIM2
SIM3
SIM4
1
21
22
SIM5
SIM1
SIM2
SIM3
SIM4
1
21
22
SIM5
SIM1
SIM2
SIM3
SIM4
1
21
22
SIM5
SIM1
SIM2
SIM3
SIM4
1
21
22
SIM5
SIM1
SIM2
SIM3
SIM4
1
21
22
SIM5
SIM1
SIM2
SIM3
SIM4
1
21
22
SIM5
SIM1
SIM2
SIM3
SIM4
1
21
22
SIM5
SIM1
SIM2
SIM3
SIM4
1
21
22
SIM5
SIM1
SIM2
SIM3
SIM4
1
21
22
SIM5
SIM1
SIM2
SIM3
SIM4
1
21
22
SIM5
SIM1
SIM2
SIM3
SIM4
1
21
22
SIM5
SIM1
SIM2
SIM3
SIM4
1
21
22
SIM5
SIM1
SIM2
SIM3
SIM4
1
21
22
SIM5
SIM1
SIM2
SIM3
SIM4
1
21
22
SIM5
SIM1
SIM2
SIM3
SIM4
1
21
22
SIM5
SIM1
SIM2
SIM3
SIM4
1
21
22
SIM5
SIM1
SIM2
SIM3
SIM4
1
21
22
SIM5
SIM1
SIM2
SIM3
SIM4
1
21
22
SIM5
SIM1
SIM2
SIM3
SIM4
1
21
22
SIM5
SIM1
SIM2
SIM3
SIM4
1
21
22
SIM5
SIM1
SIM2
SIM3
SIM4
1
21
22
SIM5
SIM1
SIM2
SIM3
SIM4
1
21
22
SIM5
SIM1
SIM2
SIM3
SIM4
1
21
22
SIM5
SIM1
SIM2
SIM3
SIM4
1
21
22
SIM5
SIM1
SIM2
SIM3
SIM4
1
21
22
SIM5
SIM1
SIM2
SIM3
SIM4
1
21
22
SIM5
SIM1
SIM2
SIM3
SIM4
1
21
22
SIM5
SIM1
SIM2
SIM3
SIM4
1
21
22
SIM5
SIM1
SIM2
SIM3
SIM4
1
21
22
SIM5
SIM1
SIM2
SIM3
SIM4
1
21
22
SIM5
SIM1
SIM2
SIM3
SIM4
1
21
22
SIM5
SIM1
SIM2
SIM3
SIM4
1
21
22
SIM5
SIM1
SIM2
SIM3
SIM4
1
21
22
SIM5
SIM1
SIM2
SIM3
SIM4
1
21
22
SIM5
SIM1
SIM2
SIM3
SIM4
1
21
22
SIM5
SIM1
SIM2
SIM3
SIM4
1
21
22
SIM5
SIM1
SIM2
SIM3
SIM4
1
21
22
SIM5
SIM1
SIM2
SIM3
SIM4
1
21
22
SIM5
SIM1
SIM2
SIM3
SIM4
1
21
22
SIM5
SIM1
SIM2
SIM3
SIM4
1
21
22
SIM5
SIM1
SIM2
SIM3
SIM4
1
21
22
SIM5
SIM1
SIM2
SIM3
SIM4
1
21
22
SIM5
SIM1
SIM2
SIM3
SIM4
1
21
22
SIM5
SIM1
SIM2
SIM3
SIM4
1
21
22
SIM5
SIM1
SIM2
SIM3
SIM4
1
21
22
SIM5
SIM1
SIM2
SIM3
SIM4
1
21
22
SIM5
SIM1
SIM2
SIM3
SIM4
1
21
22
SIM5
SIM1
SIM2
SIM3
SIM4
1
21
22
SIM5
SIM1
SIM2
SIM3
SIM4
1
21
22
SIM5
SIM1
SIM2
SIM3
SIM4
1
21
22
SIM5
SIM1
SIM2
SIM3
SIM4
1
21
22
SIM5
SIM1
SIM2
SIM3
SIM4
1
21
22
SIM5
SIM1
SIM2
SIM3
SIM4
1
21
22
SIM5
SIM1
SIM2
SIM3
SIM4
1
21
22
SIM5
SIM1
SIM2
SIM3
SIM4
1
21
22
SIM5
SIM1
SIM2
SIM3
SIM4
1
21
22
SIM5
SIM1
SIM2
SIM3
SIM4
1
21
22
SIM5
SIM1
SIM2
SIM3
SIM4
1
21
22
SIM5
SIM1
SIM2
SIM3
SIM4
1
21
22
SIM5
SIM1
SIM2
SIM3
SIM4
1
21
22
SIM5
SIM1
SIM2
SIM3
SIM4
1
21
22
SIM5
SIM1
SIM2
SIM3
SIM4
1
21
22
SIM5
SIM1
SIM2
SIM3
SIM4
1
21
22
SIM5
SIM1
SIM2
SIM3
SIM4
1
21
22
SIM5
SIM1
SIM2
SIM3
SIM4
1
21
22
SIM5
SIM1
SIM2
SIM3
SIM4
1
21
22
SIM5
SIM1
SIM2
SIM3
SIM4
1
21
22
SIM5
SIM1
SIM2
SIM3
SIM4
1
21
22
SIM5
SIM1
SIM2
SIM3
SIM4
1
21
22
SIM5
SIM1
SIM2
SIM3
SIM4
1
21
22
SIM5
SIM1
SIM2
SIM3
SIM4
1
21
22
SIM5
SIM1
SIM2
SIM3
SIM4
1
21
22
SIM5
SIM1
SIM2
SIM3
SIM4
1
21
22
SIM5
SIM1
SIM2
SIM3
SIM4
1
21
22
SIM5
SIM1
SIM2
SIM3
SIM4
1
21
22
SIM5
SIM1
SIM2
SIM3
SIM4
1
21
22
SIM5
SIM1
SIM2
SIM3
SIM4
1
21
22
SIM5
SIM1
SIM2
SIM3
SIM4
1
21
22
SIM5
SIM1
SIM2
SIM3
SIM4
1
21
22
SIM5
SIM1
SIM2
SIM3
SIM4
1
21
22
SIM5
SIM1
SIM2
SIM3
SIM4
1
21
22
SIM5
SIM1
SIM2
SIM3
SIM4
1
21
22
SIM5
SIM1
SIM2
SIM3
SIM4
1
21
22
SIM5
SIM1
SIM2
SIM3
SIM4
1
21
22
SIM5
SIM1
SIM2
SIM3
SIM4
1
21
22
SIM5
SIM1
SIM2
SIM3
SIM4
1
21
22
SIM5
SIM1
SIM2
SIM3
SIM4
1
21
22
SIM5
SIM1
SIM2
SIM3
SIM4
1
21
22
SIM5
SIM1
SIM2
SIM3
SIM4
1
21
22
SIM5
SIM1
SIM2
SIM3
SIM4
1
21
22
SIM5
SIM1
SIM2
SIM3
SIM4
1
21
22
SIM5
SIM1
SIM2
SIM3
SIM4
1
21
22
SIM5
SIM1
SIM2
SIM3
SIM4
1
21
22
SIM5
SIM1
SIM2
SIM3
SIM4
1
21
22
SIM5
SIM1
SIM2
SIM3
SIM4
1
21
22
SIM5
SIM1
SIM2
SIM3
SIM4
1
21
22
SIM5
SIM1
SIM2
SIM3
SIM4
1
21
22
SIM5
SIM1
SIM2
SIM3
SIM4
1
21
22
SIM5
SIM1
SIM2
DEBUG 1 291
SIM1
SIM2
SIM3
SIM4
1
21
22
SIM5
SIM1
SIM2
SIM3
SIM4
1
21
22
SIM5
SIM1
SIM2
SIM3
SIM4
1
21
22
SIM5
SIM1
SIM2
SIM3
SIM4
1
21
22
SIM5
SIM1
SIM2
SIM3
SIM4
1
21
22
SIM5
SIM1
SIM2
SIM3
SIM4
1
21
22
SIM5
SIM1
SIM2
SIM3
SIM4
1
21
22
SIM5
SIM1
SIM2
SIM3
SIM4
1
21
22
SIM5
SIM1
SIM2
SIM3
SIM4
1
21
22
SIM5
SIM1
SIM2
SIM3
SIM4
1
21
22
SIM5
SIM1
SIM2
SIM3
SIM4
1
21
22
SIM5
SIM1
SIM2
SIM3
SIM4
1
21
22
SIM5
SIM1
SIM2
SIM3
SIM4
1
21
22
SIM5
SIM1
SIM2
SIM3
SIM4
1
21
22
SIM5
SIM1
SIM2
SIM3
SIM4
1
21
22
SIM5
SIM1
SIM2
SIM3
SIM4
1
21
22
SIM5
SIM1
SIM2
SIM3
SIM4
1
21
22
SIM5
SIM1
SIM2
SIM3
SIM4
1
21
22
SIM5
SIM1
SIM2
SIM3
SIM4
1
21
22
SIM5
SIM1
SIM2
SIM3
SIM4
1
21
22
SIM5
SIM1
SIM2
SIM3
SIM4
1
21
22
SIM5
SIM1
SIM2
SIM3
SIM4
1
21
22
SIM5
SIM1
SIM2
SIM3
SIM4
1
21
22
SIM5
SIM1
SIM2
SIM3
SIM4
1
21
22
SIM5
SIM1
SIM2
SIM3
SIM4
1
21
22
SIM5
SIM1
SIM2
SIM3
SIM4
1
21
22
SIM5
SIM1
SIM2
SIM3
SIM4
1
21
22
SIM5
SIM1
SIM2
SIM3
SIM4
1
21
22
SIM5
SIM1
SIM2
SIM3
SIM4
1
21
22
SIM5
SIM1
SIM2
SIM3
SIM4
1
21
22
SIM5
SIM1
SIM2
SIM3
SIM4
1
21
22
SIM5
SIM1
SIM2
SIM3
SIM4
1
21
22
SIM5
SIM1
SIM2
SIM3
SIM4
1
21
22
SIM5
SIM1
SIM2
SIM3
SIM4
1
21
22
SIM5
SIM1
SIM2
SIM3
SIM4
1
21
22
SIM5
SIM1
SIM2
SIM3
SIM4
1
21
22
SIM5
SIM1
SIM2
SIM3
SIM4
1
21
22
SIM5
SIM1
SIM2
SIM3
SIM4
1
21
22
SIM5
SIM1
SIM2
SIM3
SIM4
1
21
22
SIM5
SIM1
SIM2
SIM3
SIM4
1
21
22
SIM5
SIM1
SIM2
SIM3
SIM4
1
21
22
SIM5
SIM1
SIM2
SIM3
SIM4
1
21
22
SIM5
SIM1
SIM2
SIM3
SIM4
1
21
22
SIM5
SIM1
SIM2
SIM3
SIM4
1
21
22
SIM5
SIM1
SIM2
SIM3
SIM4
1
21
22
SIM5
SIM1
SIM2
SIM3
SIM4
1
21
22
SIM5
SIM1
SIM2
SIM3
SIM4
1
21
22
SIM5
SIM1
SIM2
SIM3
SIM4
1
21
22
SIM5
SIM1
SIM2
SIM3
SIM4
1
21
22
SIM5
SIM1
SIM2
SIM3
SIM4
1
21
22
SIM5
SIM1
SIM2
SIM3
SIM4
1
21
22
SIM5
SIM1
SIM2
SIM3
SIM4
1
21
22
SIM5
SIM1
SIM2
SIM3
SIM4
1
21
22
SIM5
SIM1
SIM2
SIM3
SIM4
1
21
22
SIM5
SIM1
SIM2
SIM3
SIM4
1
21
22
SIM5
SIM1
SIM2
SIM3
SIM4
1
21
22
SIM5
SIM1
SIM2
SIM3
SIM4
1
21
22
SIM5
SIM1
SIM2
SIM3
SIM4
1
21
22
SIM5
SIM1
SIM2
SIM3
SIM4
1
21
22
SIM5
SIM1
SIM2
SIM3
SIM4
1
21
22
SIM5
SIM1
SIM2
SIM3
SIM4
1
21
22
SIM5
SIM1
SIM2
SIM3
SIM4
1
21
22
SIM5
SIM1
SIM2
SIM3
SIM4
1
21
22
SIM5
SIM1
SIM2
SIM3
SIM4
1
21
22
SIM5
SIM1
SIM2
SIM3
SIM4
1
21
22
SIM5
SIM1
SIM2
SIM3
SIM4
1
21
22
SIM5
SIM1
SIM2
SIM3
SIM4
1
21
22
SIM5
SIM1
SIM2
SIM3
SIM4
1
21
22
SIM5
SIM1
SIM2
SIM3
SIM4
1
21
22
SIM5
SIM1
SIM2
SIM3
SIM4
1
21
22
SIM5
SIM1
SIM2
SIM3
SIM4
1
21
22
SIM5
SIM1
SIM2
SIM3
SIM4
1
21
22
SIM5
SIM1
SIM2
SIM3
SIM4
1
21
22
SIM5
SIM1
SIM2
SIM3
SIM4
1
21
22
SIM5
SIM1
SIM2
SIM3
SIM4
1
21
22
SIM5
SIM1
SIM2
SIM3
SIM4
1
21
22
SIM5
SIM1
SIM2
SIM3
SIM4
1
21
22
SIM5
SIM1
SIM2
SIM3
SIM4
1
21
22
SIM5
SIM1
SIM2
SIM3
SIM4
1
21
22
SIM5
SIM1
SIM2
SIM3
SIM4
1
21
22
SIM5
SIM1
SIM2
SIM3
SIM4
1
21
22
SIM5
SIM1
SIM2
SIM3
SIM4
1
21
22
SIM5
SIM1
SIM2
SIM3
SIM4
1
21
22
SIM5
SIM1
SIM2
SIM3
SIM4
1
21
22
SIM5
SIM1
SIM2
SIM3
SIM4
1
21
22
SIM5
SIM1
SIM2
SIM3
SIM4
1
21
22
SIM5
SIM1
SIM2
SIM3
SIM4
1
21
22
SIM5
SIM1
SIM2
SIM3
SIM4
1
21
22
SIM5
SIM1
SIM2
SIM3
SIM4
1
21
22
SIM5
SIM1
SIM2
SIM3
SIM4
1
21
22
SIM5
SIM1
SIM2
SIM3
SIM4
1
21
22
SIM5
SIM1
SIM2
SIM3
SIM4
1
21
22
SIM5
SIM1
SIM2
SIM3
SIM4
1
21
22
SIM5
SIM1
SIM2
SIM3
SIM4
1
21
22
SIM5
SIM1
SIM2
SIM3
SIM4
1
21
22
SIM5
SIM1
SIM2
SIM3
SIM4
1
21
22
SIM5
SIM1
SIM2
SIM3
SIM4
1
21
22
SIM5
SIM1
SIM2
SIM3
SIM4
1
21
22
SIM5
SIM1
SIM2
SIM3
SIM4
1
21
22
SIM5
SIM1
SIM2
SIM3
SIM4
1
21
22
SIM5
SIM1
SIM2
SIM3
SIM4
1
21
22
SIM5
SIM1
SIM2
SIM3
SIM4
1
21
22
SIM5
SIM1
SIM2
SIM3
SIM4
1
21
22
SIM5
SIM1
SIM2
SIM3
SIM4
1
21
22
SIM5
SIM1
SIM2
SIM3
SIM4
1
21
22
SIM5
SIM1
SIM2
SIM3
SIM4
1
21
22
SIM5
SIM1
SIM2
SIM3
SIM4
1
21
22
SIM5
SIM1
SIM2
SIM3
SIM4
1
21
22
SIM5
SIM1
SIM2
SIM3
SIM4
1
21
22
SIM5
SIM1
SIM2
SIM3
SIM4
1
21
22
SIM5
SIM1
SIM2
SIM3
SIM4
1
21
22
SIM5
SIM1
SIM2
SIM3
SIM4
1
21
22
SIM5
SIM1
SIM2
SIM3
SIM4
1
21
22
SIM5
SIM1
SIM2
SIM3
SIM4
1
21
22
SIM5
SIM1
SIM2
SIM3
SIM4
1
21
22
SIM5
SIM1
SIM2
SIM3
SIM4
1
21
22
SIM5
SIM1
SIM2
SIM3
SIM4
1
21
22
SIM5
SIM1
SIM2
SIM3
SIM4
1
21
22
SIM5
SIM1
SIM2
SIM3
SIM4
1
21
22
SIM5
SIM1
SIM2
SIM3
SIM4
1
21
22
SIM5
SIM1
SIM2
SIM3
SIM4
1
21
22
SIM5
SIM1
SIM2
SIM3
SIM4
1
21
22
SIM5
SIM1
SIM2
SIM3
SIM4
1
21
22
SIM5
SIM1
SIM2
SIM3
SIM4
1
21
22
SIM5
SIM1
SIM2
SIM3
SIM4
1
21
22
SIM5
SIM1
SIM2
SIM3
SIM4
1
21
22
SIM5
SIM1
SIM2
SIM3
SIM4
1
21
22
SIM5
SIM1
SIM2
SIM3
SIM4
1
21
22
SIM5
SIM1
SIM2
SIM3
SIM4
1
21
22
SIM5
SIM1
SIM2
SIM3
SIM4
1
21
22
SIM5
SIM1
SIM2
SIM3
SIM4
1
21
22
SIM5
SIM1
SIM2
SIM3
SIM4
1
21
22
SIM5
SIM1
SIM2
SIM3
SIM4
1
21
22
SIM5
SIM1
SIM2
SIM3
SIM4
1
21
22
SIM5
SIM1
SIM2
SIM3
SIM4
1
21
22
SIM5
SIM1
SIM2
SIM3
SIM4
1
21
22
SIM5
SIM1
SIM2
SIM3
SIM4
1
21
22
SIM5
SIM1
SIM2
SIM3
SIM4
1
21
22
SIM5
SIM1
SIM2
SIM3
SIM4
1
21
22
SIM5
SIM1
SIM2
SIM3
SIM4
1
21
22
SIM5
SIM1
SIM2
SIM3
SIM4
1
21
22
SIM5
SIM1
SIM2
SIM3
SIM4
1
21
22
SIM5
SIM1
SIM2
SIM3
SIM4
1
21
22
SIM5
SIM1
SIM2
SIM3
SIM4
1
21
22
SIM5
SIM1
SIM2
SIM3
SIM4
1
21
22
SIM5
SIM1
SIM2
SIM3
SIM4
1
21
22
SIM5
SIM1
SIM2
SIM3
SIM4
1
21
22
SIM5
SIM1
SIM2
SIM3
SIM4
1
21
22
SIM5
SIM1
SIM2
SIM3
SIM4
1
21
22
SIM5
SIM1
SIM2
SIM3
SIM4
1
21
22
SIM5
SIM1
SIM2
SIM3
SIM4
1
21
22
SIM5
SIM1
SIM2
SIM3
SIM4
1
21
22
SIM5
SIM1
SIM2
SIM3
SIM4
1
21
22
SIM5
SIM1
SIM2
SIM3
SIM4
1
21
22
SIM5
SIM1
SIM2
SIM3
SIM4
1
21
22
SIM5
SIM1
SIM2
SIM3
SIM4
1
21
22
SIM5
SIM1
SIM2
SIM3
SIM4
1
21
22
SIM5
SIM1
SIM2
SIM3
SIM4
1
21
22
SIM5
SIM1
SIM2
SIM3
SIM4
1
21
22
SIM5
SIM1
SIM2
SIM3
SIM4
1
21
22
SIM5
SIM1
SIM2
SIM3
SIM4
1
21
22
SIM5
SIM1
SIM2
SIM3
SIM4
1
21
22
SIM5
SIM1
SIM2
SIM3
SIM4
1
21
22
SIM5
SIM1
SIM2
SIM3
SIM4
1
21
22
SIM5
SIM1
SIM2
SIM3
SIM4
1
21
22
SIM5
SIM1
SIM2
SIM3
SIM4
1
21
22
SIM5
SIM1
SIM2
SIM3
SIM4
1
21
22
SIM5
SIM1
SIM2
SIM3
SIM4
1
21
22
SIM5
SIM1
SIM2
SIM3
SIM4
1
21
22
SIM5
SIM1
SIM2
SIM3
SIM4
1
21
22
SIM5
SIM1
SIM2
SIM3
SIM4
1
21
22
SIM5
SIM1
SIM2
SIM3
SIM4
1
21
22
SIM5
SIM1
SIM2
SIM3
SIM4
1
21
22
SIM5
SIM1
SIM2
SIM3
SIM4
1
21
22
SIM5
SIM1
SIM2
SIM3
SIM4
1
21
22
SIM5
SIM1
SIM2
SIM3
SIM4
1
21
22
SIM5
SIM1
SIM2
SIM3
SIM4
1
21
22
SIM5
SIM1
SIM2
SIM3
SIM4
1
21
22
SIM5
SIM1
SIM2
SIM3
SIM4
1
21
22
SIM5
SIM1
SIM2
SIM3
SIM4
1
21
22
SIM5
SIM1
SIM2
SIM3
SIM4
1
21
22
SIM5
SIM1
SIM2
SIM3
SIM4
1
21
22
SIM5
SIM1
SIM2
SIM3
SIM4
1
21
22
SIM5
SIM1
SIM2
SIM3
SIM4
1
21
22
SIM5
SIM1
SIM2
SIM3
SIM4
1
21
22
SIM5
SIM1
SIM2
SIM3
SIM4
1
21
22
SIM5
SIM1
SIM2
SIM3
SIM4
1
21
22
SIM5
SIM1
SIM2
SIM3
SIM4
1
21
22
SIM5
SIM1
SIM2
SIM3
SIM4
1
21
22
SIM5
SIM1
SIM2
SIM3
SIM4
1
21
22
SIM5
SIM1
SIM2
SIM3
SIM4
1
21
22
SIM5
SIM1
SIM2
SIM3
SIM4
1
21
22
SIM5
SIM1
SIM2
SIM3
SIM4
1
21
22
SIM5
SIM1
SIM2
SIM3
SIM4
1
21
22
SIM5
SIM1
SIM2
SIM3
SIM4
1
21
22
SIM5
SIM1
SIM2
SIM3
SIM4
1
21
22
SIM5
SIM1
SIM2
SIM3
SIM4
1
21
22
SIM5
SIM1
SIM2
SIM3
SIM4
1
21
22
SIM5
SIM1
SIM2
SIM3
SIM4
1
21
22
SIM5
SIM1
SIM2
SIM3
SIM4
1
21
22
SIM5
SIM1
SIM2
SIM3
SIM4
1
21
22
SIM5
SIM1
SIM2
SIM3
SIM4
1
21
22
SIM5
SIM1
SIM2
SIM3
SIM4
1
21
22
SIM5
SIM1
SIM2
SIM3
SIM4
1
21
22
SIM5
SIM1
SIM2
SIM3
SIM4
1
21
22
SIM5
SIM1
SIM2
SIM3
SIM4
1
21
22
SIM5
SIM1
SIM2
SIM3
SIM4
1
21
22
SIM5
SIM1
SIM2
SIM3
SIM4
1
21
22
SIM5
SIM1
SIM2
SIM3
SIM4
1
21
22
SIM5
SIM1
SIM2
SIM3
SIM4
1
21
22
SIM5
SIM1
SIM2
SIM3
SIM4
1
21
22
SIM5
SIM1
SIM2
SIM3
SIM4
1
21
22
SIM5
SIM1
SIM2
SIM3
SIM4
1
21
22
SIM5
SIM1
SIM2
SIM3
SIM4
1
21
22
SIM5
SIM1
SIM2
SIM3
SIM4
1
21
22
SIM5
SIM1
SIM2
SIM3
SIM4
1
21
22
SIM5
SIM1
SIM2
SIM3
SIM4
1
21
22
SIM5
SIM1
SIM2
SIM3
SIM4
1
21
22
SIM5
SIM1
SIM2
SIM3
SIM4
1
21
22
SIM5
SIM1
SIM2
SIM3
SIM4
1
21
22
SIM5
SIM1
SIM2
SIM3
SIM4
1
21
22
SIM5
SIM1
SIM2
SIM3
SIM4
1
21
22
SIM5
SIM1
SIM2
SIM3
SIM4
1
21
22
SIM5
SIM1
SIM2
SIM3
SIM4
1
21
22
SIM5
SIM1
SIM2
SIM3
SIM4
1
21
22
SIM5
SIM1
SIM2
SIM3
SIM4
1
21
22
SIM5
SIM1
SIM2
SIM3
SIM4
1
21
22
SIM5
SIM1
SIM2
SIM3
SIM4
1
21
22
SIM5
SIM1
SIM2
SIM3
SIM4
1
21
22
SIM5
SIM1
SIM2
SIM3
SIM4
1
21
22
SIM5
SIM1
SIM2
SIM3
SIM4
1
21
22
SIM5
SIM1
SIM2
SIM3
SIM4
1
21
22
SIM5
SIM1
SIM2
SIM3
SIM4
1
21
22
SIM5
SIM1
SIM2
SIM3
SIM4
1
21
22
SIM5
SIM1
SIM2
SIM3
SIM4
1
21
22
SIM5
SIM1
SIM2
SIM3
SIM4
1
21
22
SIM5
SIM1
SIM2
SIM3
SIM4
1
21
22
SIM5
SIM1
SIM2
SIM3
SIM4
1
21
22
SIM5
SIM1
SIM2
SIM3
SIM4
1
21
22
SIM5
SIM1
SIM2
SIM3
SIM4
1
21
22
SIM5
SIM1
SIM2
SIM3
SIM4
1
21
22
SIM5
SIM1
SIM2
SIM3
SIM4
1
21
22
SIM5
SIM1
SIM2
SIM3
SIM4
1
21
22
SIM5
SIM1
SIM2
SIM3
SIM4
1
21
22
SIM5
SIM1
SIM2
SIM3
SIM4
1
21
22
SIM5
SIM1
SIM2
SIM3
SIM4
1
21
22
SIM5
SIM1
SIM2
SIM3
SIM4
1
21
22
SIM5
SIM1
SIM2
SIM3
SIM4
1
21
22
SIM5
SIM1
SIM2
SIM3
SIM4
1
21
22
SIM5
SIM1
SIM2
SIM3
SIM4
1
21
22
SIM5
SIM1
SIM2
SIM3
SIM4
1
21
22
SIM5
SIM1
SIM2
SIM3
SIM4
1
21
22
SIM5
SIM1
SIM2
SIM3
SIM4
1
21
22
SIM5
SIM1
SIM2
SIM3
SIM4
1
21
22
SIM5
SIM1
SIM2
SIM3
SIM4
1
21
22
SIM5
SIM1
SIM2
SIM3
SIM4
1
21
22
SIM5
SIM1
SIM2
SIM3
SIM4
1
21
22
SIM5
SIM1
SIM2
DEBUG 1 292
SIM1
SIM2
SIM3
SIM4
1
21
22
SIM5
SIM1
SIM2
SIM3
SIM4
1
21
22
SIM5
SIM1
SIM2
SIM3
SIM4
1
21
22
SIM5
SIM1
SIM2
SIM3
SIM4
1
21
22
SIM5
SIM1
SIM2
SIM3
SIM4
1
21
22
SIM5
SIM1
SIM2
SIM3
SIM4
1
21
22
SIM5
SIM1
SIM2
SIM3
SIM4
1
21
22
SIM5
SIM1
SIM2
SIM3
SIM4
1
21
22
SIM5
SIM1
SIM2
SIM3
SIM4
1
21
22
SIM5
SIM1
SIM2
SIM3
SIM4
1
21
22
SIM5
SIM1
SIM2
SIM3
SIM4
1
21
22
SIM5
SIM1
SIM2
SIM3
SIM4
1
21
22
SIM5
SIM1
SIM2
SIM3
SIM4
1
21
22
SIM5
SIM1
SIM2
SIM3
SIM4
1
21
22
SIM5
SIM1
SIM2
SIM3
SIM4
1
21
22
SIM5
SIM1
SIM2
SIM3
SIM4
1
21
22
SIM5
SIM1
SIM2
SIM3
SIM4
1
21
22
SIM5
SIM1
SIM2
SIM3
SIM4
1
21
22
SIM5
SIM1
SIM2
SIM3
SIM4
1
21
22
SIM5
SIM1
SIM2
SIM3
SIM4
1
21
22
SIM5
SIM1
SIM2
SIM3
SIM4
1
21
22
SIM5
SIM1
SIM2
SIM3
SIM4
1
21
22
SIM5
SIM1
SIM2
SIM3
SIM4
1
21
22
SIM5
SIM1
SIM2
SIM3
SIM4
1
21
22
SIM5
SIM1
SIM2
SIM3
SIM4
1
21
22
SIM5
SIM1
SIM2
SIM3
SIM4
1
21
22
SIM5
SIM1
SIM2
SIM3
SIM4
1
21
22
SIM5
SIM1
SIM2
SIM3
SIM4
1
21
22
SIM5
SIM1
SIM2
SIM3
SIM4
1
21
22
SIM5
SIM1
SIM2
SIM3
SIM4
1
21
22
SIM5
SIM1
SIM2
SIM3
SIM4
1
21
22
SIM5
SIM1
SIM2
SIM3
SIM4
1
21
22
SIM5
SIM1
SIM2
SIM3
SIM4
1
21
22
SIM5
SIM1
SIM2
SIM3
SIM4
1
21
22
SIM5
SIM1
SIM2
SIM3
SIM4
1
21
22
SIM5
SIM1
SIM2
SIM3
SIM4
1
21
22
SIM5
SIM1
SIM2
SIM3
SIM4
1
21
22
SIM5
SIM1
SIM2
SIM3
SIM4
1
21
22
SIM5
SIM1
SIM2
SIM3
SIM4
1
21
22
SIM5
SIM1
SIM2
SIM3
SIM4
1
21
22
SIM5
SIM1
SIM2
SIM3
SIM4
1
21
22
SIM5
SIM1
SIM2
SIM3
SIM4
1
21
22
SIM5
SIM1
SIM2
SIM3
SIM4
1
21
22
SIM5
SIM1
SIM2
SIM3
SIM4
1
21
22
SIM5
SIM1
SIM2
SIM3
SIM4
1
21
22
SIM5
SIM1
SIM2
SIM3
SIM4
1
21
22
SIM5
SIM1
SIM2
SIM3
SIM4
1
21
22
SIM5
SIM1
SIM2
SIM3
SIM4
1
21
22
SIM5
SIM1
SIM2
SIM3
SIM4
1
21
22
SIM5
SIM1
SIM2
SIM3
SIM4
1
21
22
SIM5
SIM1
SIM2
SIM3
SIM4
1
21
22
SIM5
SIM1
SIM2
SIM3
SIM4
1
21
22
SIM5
SIM1
SIM2
SIM3
SIM4
1
21
22
SIM5
SIM1
SIM2
SIM3
SIM4
1
21
22
SIM5
SIM1
SIM2
SIM3
SIM4
1
21
22
SIM5
SIM1
SIM2
SIM3
SIM4
1
21
22
SIM5
SIM1
SIM2
SIM3
SIM4
1
21
22
SIM5
SIM1
SIM2
SIM3
SIM4
1
21
22
SIM5
SIM1
SIM2
SIM3
SIM4
1
21
22
SIM5
SIM1
SIM2
SIM3
SIM4
1
21
22
SIM5
SIM1
SIM2
SIM3
SIM4
1
21
22
SIM5
SIM1
SIM2
SIM3
SIM4
1
21
22
SIM5
SIM1
SIM2
SIM3
SIM4
1
21
22
SIM5
SIM1
SIM2
SIM3
SIM4
1
21
22
SIM5
SIM1
SIM2
SIM3
SIM4
1
21
22
SIM5
SIM1
SIM2
SIM3
SIM4
1
21
22
SIM5
SIM1
SIM2
SIM3
SIM4
1
21
22
SIM5
SIM1
SIM2
SIM3
SIM4
1
21
22
SIM5
SIM1
SIM2
SIM3
SIM4
1
21
22
SIM5
SIM1
SIM2
SIM3
SIM4
1
21
22
SIM5
SIM1
SIM2
SIM3
SIM4
1
21
22
SIM5
SIM1
SIM2
SIM3
SIM4
1
21
22
SIM5
SIM1
SIM2
SIM3
SIM4
1
21
22
SIM5
SIM1
SIM2
SIM3
SIM4
1
21
22
SIM5
SIM1
SIM2
SIM3
SIM4
1
21
22
SIM5
SIM1
SIM2
SIM3
SIM4
1
21
22
SIM5
SIM1
SIM2
SIM3
SIM4
1
21
22
SIM5
SIM1
SIM2
SIM3
SIM4
1
21
22
SIM5
SIM1
SIM2
SIM3
SIM4
1
21
22
SIM5
SIM1
SIM2
SIM3
SIM4
1
21
22
SIM5
SIM1
SIM2
SIM3
SIM4
1
21
22
SIM5
SIM1
SIM2
SIM3
SIM4
1
21
22
SIM5
SIM1
SIM2
SIM3
SIM4
1
21
22
SIM5
SIM1
SIM2
SIM3
SIM4
1
21
22
SIM5
SIM1
SIM2
SIM3
SIM4
1
21
22
SIM5
SIM1
SIM2
SIM3
SIM4
1
21
22
SIM5
SIM1
SIM2
SIM3
SIM4
1
21
22
SIM5
SIM1
SIM2
SIM3
SIM4
1
21
22
SIM5
SIM1
SIM2
SIM3
SIM4
1
21
22
SIM5
SIM1
SIM2
SIM3
SIM4
1
21
22
SIM5
SIM1
SIM2
SIM3
SIM4
1
21
22
SIM5
SIM1
SIM2
SIM3
SIM4
1
21
22
SIM5
SIM1
SIM2
SIM3
SIM4
1
21
22
SIM5
SIM1
SIM2
SIM3
SIM4
1
21
22
SIM5
SIM1
SIM2
SIM3
SIM4
1
21
22
SIM5
SIM1
SIM2
SIM3
SIM4
1
21
22
SIM5
SIM1
SIM2
SIM3
SIM4
1
21
22
SIM5
SIM1
SIM2
SIM3
SIM4
1
21
22
SIM5
SIM1
SIM2
SIM3
SIM4
1
21
22
SIM5
SIM1
SIM2
SIM3
SIM4
1
21
22
SIM5
SIM1
SIM2
SIM3
SIM4
1
21
22
SIM5
SIM1
SIM2
SIM3
SIM4
1
21
22
SIM5
SIM1
SIM2
SIM3
SIM4
1
21
22
SIM5
SIM1
SIM2
SIM3
SIM4
1
21
22
SIM5
SIM1
SIM2
SIM3
SIM4
1
21
22
SIM5
SIM1
SIM2
SIM3
SIM4
1
21
22
SIM5
SIM1
SIM2
SIM3
SIM4
1
21
22
SIM5
SIM1
SIM2
SIM3
SIM4
1
21
22
SIM5
SIM1
SIM2
SIM3
SIM4
1
21
22
SIM5
SIM1
SIM2
SIM3
SIM4
1
21
22
SIM5
SIM1
SIM2
SIM3
SIM4
1
21
22
SIM5
SIM1
SIM2
SIM3
SIM4
1
21
22
SIM5
SIM1
SIM2
SIM3
SIM4
1
21
22
SIM5
SIM1
SIM2
SIM3
SIM4
1
21
22
SIM5
SIM1
SIM2
SIM3
SIM4
1
21
22
SIM5
SIM1
SIM2
SIM3
SIM4
1
21
22
SIM5
SIM1
SIM2
SIM3
SIM4
1
21
22
SIM5
SIM1
SIM2
SIM3
SIM4
1
21
22
SIM5
SIM1
SIM2
SIM3
SIM4
1
21
22
SIM5
SIM1
SIM2
SIM3
SIM4
1
21
22
SIM5
SIM1
SIM2
SIM3
SIM4
1
21
22
SIM5
SIM1
SIM2
SIM3
SIM4
1
21
22
SIM5
SIM1
SIM2
SIM3
SIM4
1
21
22
SIM5
SIM1
SIM2
SIM3
SIM4
1
21
22
SIM5
SIM1
SIM2
SIM3
SIM4
1
21
22
SIM5
SIM1
SIM2
SIM3
SIM4
1
21
22
SIM5
SIM1
SIM2
SIM3
SIM4
1
21
22
SIM5
SIM1
SIM2
SIM3
SIM4
1
21
22
SIM5
SIM1
SIM2
SIM3
SIM4
1
21
22
SIM5
SIM1
SIM2
SIM3
SIM4
1
21
22
SIM5
SIM1
SIM2
SIM3
SIM4
1
21
22
SIM5
SIM1
SIM2
SIM3
SIM4
1
21
22
SIM5
SIM1
SIM2
SIM3
SIM4
1
21
22
SIM5
SIM1
SIM2
SIM3
SIM4
1
21
22
SIM5
SIM1
SIM2
SIM3
SIM4
1
21
22
SIM5
SIM1
SIM2
SIM3
SIM4
1
21
22
SIM5
SIM1
SIM2
DEBUG 1 293
SIM1
SIM2
SIM3
SIM4
1
21
22
SIM5
SIM1
SIM2
SIM3
SIM4
1
21
22
SIM5
SIM1
SIM2
SIM3
SIM4
1
21
22
SIM5
SIM1
SIM2
SIM3
SIM4
1
21
22
SIM5
SIM1
SIM2
SIM3
SIM4
1
21
22
SIM5
SIM1
SIM2
SIM3
SIM4
1
21
22
SIM5
SIM1
SIM2
SIM3
SIM4
1
21
22
SIM5
SIM1
SIM2
SIM3
SIM4
1
21
22
SIM5
SIM1
SIM2
SIM3
SIM4
1
21
22
SIM5
SIM1
SIM2
SIM3
SIM4
1
21
22
SIM5
SIM1
SIM2
SIM3
SIM4
1
21
22
SIM5
SIM1
SIM2
SIM3
SIM4
1
21
22
SIM5
SIM1
SIM2
SIM3
SIM4
1
21
22
SIM5
SIM1
SIM2
SIM3
SIM4
1
21
22
SIM5
SIM1
SIM2
SIM3
SIM4
1
21
22
SIM5
SIM1
SIM2
SIM3
SIM4
1
21
22
SIM5
SIM1
SIM2
SIM3
SIM4
1
21
22
SIM5
SIM1
SIM2
SIM3
SIM4
1
21
22
SIM5
SIM1
SIM2
SIM3
SIM4
1
21
22
SIM5
SIM1
SIM2
SIM3
SIM4
1
21
22
SIM5
SIM1
SIM2
SIM3
SIM4
1
21
22
SIM5
SIM1
SIM2
SIM3
SIM4
1
21
22
SIM5
SIM1
SIM2
SIM3
SIM4
1
21
22
SIM5
SIM1
SIM2
SIM3
SIM4
1
21
22
SIM5
SIM1
SIM2
SIM3
SIM4
1
21
22
SIM5
SIM1
SIM2
SIM3
SIM4
1
21
22
SIM5
SIM1
SIM2
SIM3
SIM4
1
21
22
SIM5
SIM1
SIM2
SIM3
SIM4
1
21
22
SIM5
SIM1
SIM2
SIM3
SIM4
1
21
22
SIM5
SIM1
SIM2
SIM3
SIM4
1
21
22
SIM5
SIM1
SIM2
SIM3
SIM4
1
21
22
SIM5
SIM1
SIM2
SIM3
SIM4
1
21
22
SIM5
SIM1
SIM2
SIM3
SIM4
1
21
22
SIM5
SIM1
SIM2
SIM3
SIM4
1
21
22
SIM5
SIM1
SIM2
SIM3
SIM4
1
21
22
SIM5
SIM1
SIM2
SIM3
SIM4
1
21
22
SIM5
SIM1
SIM2
SIM3
SIM4
1
21
22
SIM5
SIM1
SIM2
SIM3
SIM4
1
21
22
SIM5
SIM1
SIM2
SIM3
SIM4
1
21
22
SIM5
SIM1
SIM2
SIM3
SIM4
1
21
22
SIM5
SIM1
SIM2
SIM3
SIM4
1
21
22
SIM5
SIM1
SIM2
SIM3
SIM4
1
21
22
SIM5
SIM1
SIM2
SIM3
SIM4
1
21
22
SIM5
SIM1
SIM2
SIM3
SIM4
1
21
22
SIM5
SIM1
SIM2
SIM3
SIM4
1
21
22
SIM5
SIM1
SIM2
SIM3
SIM4
1
21
22
SIM5
SIM1
SIM2
SIM3
SIM4
1
21
22
SIM5
SIM1
SIM2
SIM3
SIM4
1
21
22
SIM5
SIM1
SIM2
SIM3
SIM4
1
21
22
SIM5
SIM1
SIM2
SIM3
SIM4
1
21
22
SIM5
SIM1
SIM2
SIM3
SIM4
1
21
22
SIM5
SIM1
SIM2
SIM3
SIM4
1
21
22
SIM5
SIM1
SIM2
SIM3
SIM4
1
21
22
SIM5
SIM1
SIM2
SIM3
SIM4
1
21
22
SIM5
SIM1
SIM2
SIM3
SIM4
1
21
22
SIM5
SIM1
SIM2
SIM3
SIM4
1
21
22
SIM5
SIM1
SIM2
SIM3
SIM4
1
21
22
SIM5
SIM1
SIM2
SIM3
SIM4
1
21
22
SIM5
SIM1
SIM2
SIM3
SIM4
1
21
22
SIM5
SIM1
SIM2
SIM3
SIM4
1
21
22
SIM5
SIM1
SIM2
SIM3
SIM4
1
21
22
SIM5
SIM1
SIM2
SIM3
SIM4
1
21
22
SIM5
SIM1
SIM2
SIM3
SIM4
1
21
22
SIM5
SIM1
SIM2
SIM3
SIM4
1
21
22
SIM5
SIM1
SIM2
SIM3
SIM4
1
21
22
SIM5
SIM1
SIM2
SIM3
SIM4
1
21
22
SIM5
SIM1
SIM2
SIM3
SIM4
1
21
22
SIM5
SIM1
SIM2
SIM3
SIM4
1
21
22
SIM5
SIM1
SIM2
SIM3
SIM4
1
21
22
SIM5
SIM1
SIM2
SIM3
SIM4
1
21
22
SIM5
SIM1
SIM2
SIM3
SIM4
1
21
22
SIM5
SIM1
SIM2
SIM3
SIM4
1
21
22
SIM5
SIM1
SIM2
SIM3
SIM4
1
21
22
SIM5
SIM1
SIM2
SIM3
SIM4
1
21
22
SIM5
SIM1
SIM2
SIM3
SIM4
1
21
22
SIM5
SIM1
SIM2
SIM3
SIM4
1
21
22
SIM5
SIM1
SIM2
SIM3
SIM4
1
21
22
SIM5
SIM1
SIM2
SIM3
SIM4
1
21
22
SIM5
SIM1
SIM2
SIM3
SIM4
1
21
22
SIM5
SIM1
SIM2
SIM3
SIM4
1
21
22
SIM5
SIM1
SIM2
SIM3
SIM4
1
21
22
SIM5
SIM1
SIM2
SIM3
SIM4
1
21
22
SIM5
SIM1
SIM2
SIM3
SIM4
1
21
22
SIM5
SIM1
SIM2
SIM3
SIM4
1
21
22
SIM5
SIM1
SIM2
SIM3
SIM4
1
21
22
SIM5
SIM1
SIM2
SIM3
SIM4
1
21
22
SIM5
SIM1
SIM2
SIM3
SIM4
1
21
22
SIM5
SIM1
SIM2
SIM3
SIM4
1
21
22
SIM5
SIM1
SIM2
SIM3
SIM4
1
21
22
SIM5
SIM1
SIM2
SIM3
SIM4
1
21
22
SIM5
SIM1
SIM2
SIM3
SIM4
1
21
22
SIM5
SIM1
SIM2
SIM3
SIM4
1
21
22
SIM5
SIM1
SIM2
SIM3
SIM4
1
21
22
SIM5
SIM1
SIM2
SIM3
SIM4
1
21
22
SIM5
SIM1
SIM2
SIM3
SIM4
1
21
22
SIM5
SIM1
SIM2
SIM3
SIM4
1
21
22
SIM5
SIM1
SIM2
SIM3
SIM4
1
21
22
SIM5
SIM1
SIM2
SIM3
SIM4
1
21
22
SIM5
SIM1
SIM2
SIM3
SIM4
1
21
22
SIM5
SIM1
SIM2
SIM3
SIM4
1
21
22
SIM5
SIM1
SIM2
SIM3
SIM4
1
21
22
SIM5
SIM1
SIM2
SIM3
SIM4
1
21
22
SIM5
SIM1
SIM2
SIM3
SIM4
1
21
22
SIM5
SIM1
SIM2
SIM3
SIM4
1
21
22
SIM5
SIM1
SIM2
SIM3
SIM4
1
21
22
SIM5
SIM1
SIM2
SIM3
SIM4
1
21
22
SIM5
SIM1
SIM2
SIM3
SIM4
1
21
22
SIM5
SIM1
SIM2
SIM3
SIM4
1
21
22
SIM5
SIM1
SIM2
SIM3
SIM4
1
21
22
SIM5
SIM1
SIM2
SIM3
SIM4
1
21
22
SIM5
SIM1
SIM2
SIM3
SIM4
1
21
22
SIM5
SIM1
SIM2
SIM3
SIM4
1
21
22
SIM5
SIM1
SIM2
SIM3
SIM4
1
21
22
SIM5
SIM1
SIM2
SIM3
SIM4
1
21
22
SIM5
SIM1
SIM2
SIM3
SIM4
1
21
22
SIM5
SIM1
SIM2
SIM3
SIM4
1
21
22
SIM5
SIM1
SIM2
SIM3
SIM4
1
21
22
SIM5
SIM1
SIM2
SIM3
SIM4
1
21
22
SIM5
SIM1
SIM2
SIM3
SIM4
1
21
22
SIM5
SIM1
SIM2
SIM3
SIM4
1
21
22
SIM5
SIM1
SIM2
SIM3
SIM4
1
21
22
SIM5
SIM1
SIM2
SIM3
SIM4
1
21
22
SIM5
SIM1
SIM2
SIM3
SIM4
1
21
22
SIM5
SIM1
SIM2
SIM3
SIM4
1
21
22
SIM5
SIM1
SIM2
SIM3
SIM4
1
21
22
SIM5
SIM1
SIM2
SIM3
SIM4
1
21
22
SIM5
SIM1
SIM2
SIM3
SIM4
1
21
22
SIM5
SIM1
SIM2
SIM3
SIM4
1
21
22
SIM5
SIM1
SIM2
SIM3
SIM4
1
21
22
SIM5
SIM1
SIM2
SIM3
SIM4
1
21
22
SIM5
SIM1
SIM2
SIM3
SIM4
1
21
22
SIM5
SIM1
SIM2
SIM3
SIM4
1
21
22
SIM5
SIM1
SIM2
SIM3
SIM4
1
21
22
SIM5
SIM1
SIM2
SIM3
SIM4
1
21
22
SIM5
SIM1
SIM2
SIM3
SIM4
1
21
22
SIM5
SIM1
SIM2
SIM3
SIM4
1
21
22
SIM5
SIM1
SIM2
SIM3
SIM4
1
21
22
SIM5
SIM1
SIM2
SIM3
SIM4
1
21
22
SIM5
SIM1
SIM2
SIM3
SIM4
1
21
22
SIM5
SIM1
SIM2
SIM3
SIM4
1
21
22
SIM5
SIM1
SIM2
SIM3
SIM4
1
21
22
SIM5
SIM1
SIM2
SIM3
SIM4
1
21
22
SIM5
SIM1
SIM2
SIM3
SIM4
1
21
22
SIM5
SIM1
SIM2
SIM3
SIM4
1
21
22
SIM5
SIM1
SIM2
SIM3
SIM4
1
21
22
SIM5
SIM1
SIM2
SIM3
SIM4
1
21
22
SIM5
SIM1
SIM2
SIM3
SIM4
1
21
22
SIM5
SIM1
SIM2
SIM3
SIM4
1
21
22
SIM5
SIM1
SIM2
SIM3
SIM4
1
21
22
SIM5
SIM1
SIM2
SIM3
SIM4
1
21
22
SIM5
SIM1
SIM2
SIM3
SIM4
1
21
22
SIM5
SIM1
SIM2
SIM3
SIM4
1
21
22
SIM5
SIM1
SIM2
SIM3
SIM4
1
21
22
SIM5
SIM1
SIM2
SIM3
SIM4
1
21
22
SIM5
SIM1
SIM2
SIM3
SIM4
1
21
22
SIM5
SIM1
SIM2
SIM3
SIM4
1
21
22
SIM5
SIM1
SIM2
SIM3
SIM4
1
21
22
SIM5
SIM1
SIM2
SIM3
SIM4
1
21
22
SIM5
SIM1
SIM2
SIM3
SIM4
1
21
22
SIM5
SIM1
SIM2
SIM3
SIM4
1
21
22
SIM5
SIM1
SIM2
SIM3
SIM4
1
21
22
SIM5
SIM1
SIM2
SIM3
SIM4
1
21
22
SIM5
SIM1
SIM2
SIM3
SIM4
1
21
22
SIM5
SIM1
SIM2
SIM3
SIM4
1
21
22
SIM5
SIM1
SIM2
SIM3
SIM4
1
21
22
SIM5
SIM1
SIM2
SIM3
SIM4
1
21
22
SIM5
SIM1
SIM2
SIM3
SIM4
1
21
22
SIM5
SIM1
SIM2
SIM3
SIM4
1
21
22
SIM5
SIM1
SIM2
SIM3
SIM4
1
21
22
SIM5
SIM1
SIM2
SIM3
SIM4
1
21
22
SIM5
SIM1
SIM2
SIM3
SIM4
1
21
22
SIM5
SIM1
SIM2
SIM3
SIM4
1
21
22
SIM5
SIM1
SIM2
SIM3
SIM4
1
21
22
SIM5
SIM1
SIM2
SIM3
SIM4
1
21
22
SIM5
SIM1
SIM2
SIM3
SIM4
1
21
22
SIM5
SIM1
SIM2
SIM3
SIM4
1
21
22
SIM5
SIM1
SIM2
SIM3
SIM4
1
21
22
SIM5
SIM1
SIM2
SIM3
SIM4
1
21
22
SIM5
SIM1
SIM2
SIM3
SIM4
1
21
22
SIM5
SIM1
SIM2
SIM3
SIM4
1
21
22
SIM5
SIM1
SIM2
SIM3
SIM4
1
21
22
SIM5
SIM1
SIM2
SIM3
SIM4
1
21
22
SIM5
SIM1
SIM2
SIM3
SIM4
1
21
22
SIM5
SIM1
SIM2
SIM3
SIM4
1
21
22
SIM5
SIM1
SIM2
SIM3
SIM4
1
21
22
SIM5
SIM1
SIM2
SIM3
SIM4
1
21
22
SIM5
SIM1
SIM2
SIM3
SIM4
1
21
22
SIM5
SIM1
SIM2
SIM3
SIM4
1
21
22
SIM5
SIM1
SIM2
SIM3
SIM4
1
21
22
SIM5
SIM1
SIM2
SIM3
SIM4
1
21
22
SIM5
SIM1
SIM2
SIM3
SIM4
1
21
22
SIM5
SIM1
SIM2
SIM3
SIM4
1
21
22
SIM5
SIM1
SIM2
SIM3
SIM4
1
21
22
SIM5
SIM1
SIM2
SIM3
SIM4
1
21
22
SIM5
SIM1
SIM2
SIM3
SIM4
1
21
22
SIM5
SIM1
SIM2
SIM3
SIM4
1
21
22
SIM5
SIM1
SIM2
SIM3
SIM4
1
21
22
SIM5
SIM1
SIM2
SIM3
SIM4
1
21
22
SIM5
SIM1
SIM2
SIM3
SIM4
1
21
22
SIM5
SIM1
SIM2
SIM3
SIM4
1
21
22
SIM5
SIM1
SIM2
DEBUG 1 294
SIM1
SIM2
SIM3
SIM4
1
21
22
SIM5
SIM1
SIM2
SIM3
SIM4
1
21
22
SIM5
SIM1
SIM2
SIM3
SIM4
1
21
22
SIM5
SIM1
SIM2
SIM3
SIM4
1
21
22
SIM5
SIM1
SIM2
SIM3
SIM4
1
21
22
SIM5
SIM1
SIM2
SIM3
SIM4
1
21
22
SIM5
SIM1
SIM2
SIM3
SIM4
1
21
22
SIM5
SIM1
SIM2
SIM3
SIM4
1
21
22
SIM5
SIM1
SIM2
SIM3
SIM4
1
21
22
SIM5
SIM1
SIM2
SIM3
SIM4
1
21
22
SIM5
SIM1
SIM2
SIM3
SIM4
1
21
22
SIM5
SIM1
SIM2
SIM3
SIM4
1
21
22
SIM5
SIM1
SIM2
SIM3
SIM4
1
21
22
SIM5
SIM1
SIM2
SIM3
SIM4
1
21
22
SIM5
SIM1
SIM2
SIM3
SIM4
1
21
22
SIM5
SIM1
SIM2
SIM3
SIM4
1
21
22
SIM5
SIM1
SIM2
SIM3
SIM4
1
21
22
SIM5
SIM1
SIM2
SIM3
SIM4
1
21
22
SIM5
SIM1
SIM2
SIM3
SIM4
1
21
22
SIM5
SIM1
SIM2
SIM3
SIM4
1
21
22
SIM5
SIM1
SIM2
SIM3
SIM4
1
21
22
SIM5
SIM1
SIM2
SIM3
SIM4
1
21
22
SIM5
SIM1
SIM2
SIM3
SIM4
1
21
22
SIM5
SIM1
SIM2
SIM3
SIM4
1
21
22
SIM5
SIM1
SIM2
SIM3
SIM4
1
21
22
SIM5
SIM1
SIM2
SIM3
SIM4
1
21
22
SIM5
SIM1
SIM2
SIM3
SIM4
1
21
22
SIM5
SIM1
SIM2
SIM3
SIM4
1
21
22
SIM5
SIM1
SIM2
SIM3
SIM4
1
21
22
SIM5
SIM1
SIM2
SIM3
SIM4
1
21
22
SIM5
SIM1
SIM2
SIM3
SIM4
1
21
22
SIM5
SIM1
SIM2
SIM3
SIM4
1
21
22
SIM5
SIM1
SIM2
SIM3
SIM4
1
21
22
SIM5
SIM1
SIM2
SIM3
SIM4
1
21
22
SIM5
SIM1
SIM2
SIM3
SIM4
1
21
22
SIM5
SIM1
SIM2
SIM3
SIM4
1
21
22
SIM5
SIM1
SIM2
SIM3
SIM4
1
21
22
SIM5
SIM1
SIM2
SIM3
SIM4
1
21
22
SIM5
SIM1
SIM2
SIM3
SIM4
1
21
22
SIM5
SIM1
SIM2
SIM3
SIM4
1
21
22
SIM5
SIM1
SIM2
SIM3
SIM4
1
21
22
SIM5
SIM1
SIM2
SIM3
SIM4
1
21
22
SIM5
SIM1
SIM2
SIM3
SIM4
1
21
22
SIM5
SIM1
SIM2
SIM3
SIM4
1
21
22
SIM5
SIM1
SIM2
SIM3
SIM4
1
21
22
SIM5
SIM1
SIM2
SIM3
SIM4
1
21
22
SIM5
SIM1
SIM2
SIM3
SIM4
1
21
22
SIM5
SIM1
SIM2
SIM3
SIM4
1
21
22
SIM5
SIM1
SIM2
SIM3
SIM4
1
21
22
SIM5
SIM1
SIM2
SIM3
SIM4
1
21
22
SIM5
SIM1
SIM2
SIM3
SIM4
1
21
22
SIM5
SIM1
SIM2
SIM3
SIM4
1
21
22
SIM5
SIM1
SIM2
SIM3
SIM4
1
21
22
SIM5
SIM1
SIM2
SIM3
SIM4
1
21
22
SIM5
SIM1
SIM2
SIM3
SIM4
1
21
22
SIM5
SIM1
SIM2
SIM3
SIM4
1
21
22
SIM5
SIM1
SIM2
SIM3
SIM4
1
21
22
SIM5
SIM1
SIM2
SIM3
SIM4
1
21
22
SIM5
SIM1
SIM2
SIM3
SIM4
1
21
22
SIM5
SIM1
SIM2
SIM3
SIM4
1
21
22
SIM5
SIM1
SIM2
SIM3
SIM4
1
21
22
SIM5
SIM1
SIM2
SIM3
SIM4
1
21
22
SIM5
SIM1
SIM2
SIM3
SIM4
1
21
22
SIM5
SIM1
SIM2
SIM3
SIM4
1
21
22
SIM5
SIM1
SIM2
SIM3
SIM4
1
21
22
SIM5
SIM1
SIM2
SIM3
SIM4
1
21
22
SIM5
SIM1
SIM2
SIM3
SIM4
1
21
22
SIM5
SIM1
SIM2
SIM3
SIM4
1
21
22
SIM5
SIM1
SIM2
SIM3
SIM4
1
21
22
SIM5
SIM1
SIM2
SIM3
SIM4
1
21
22
SIM5
SIM1
SIM2
SIM3
SIM4
1
21
22
SIM5
SIM1
SIM2
SIM3
SIM4
1
21
22
SIM5
SIM1
SIM2
SIM3
SIM4
1
21
22
SIM5
SIM1
SIM2
SIM3
SIM4
1
21
22
SIM5
SIM1
SIM2
SIM3
SIM4
1
21
22
SIM5
SIM1
SIM2
SIM3
SIM4
1
21
22
SIM5
SIM1
SIM2
SIM3
SIM4
1
21
22
SIM5
SIM1
SIM2
SIM3
SIM4
1
21
22
SIM5
SIM1
SIM2
SIM3
SIM4
1
21
22
SIM5
SIM1
SIM2
SIM3
SIM4
1
21
22
SIM5
SIM1
SIM2
SIM3
SIM4
1
21
22
SIM5
SIM1
SIM2
SIM3
SIM4
1
21
22
SIM5
SIM1
SIM2
SIM3
SIM4
1
21
22
SIM5
SIM1
SIM2
SIM3
SIM4
1
21
22
SIM5
SIM1
SIM2
SIM3
SIM4
1
21
22
SIM5
SIM1
SIM2
SIM3
SIM4
1
21
22
SIM5
SIM1
SIM2
SIM3
SIM4
1
21
22
SIM5
SIM1
SIM2
SIM3
SIM4
1
21
22
SIM5
SIM1
SIM2
SIM3
SIM4
1
21
22
SIM5
SIM1
SIM2
SIM3
SIM4
1
21
22
SIM5
SIM1
SIM2
SIM3
SIM4
1
21
22
SIM5
SIM1
SIM2
SIM3
SIM4
1
21
22
SIM5
SIM1
SIM2
DEBUG 1 295
SIM1
SIM2
SIM3
SIM4
1
21
22
SIM5
SIM1
SIM2
SIM3
SIM4
1
21
22
SIM5
SIM1
SIM2
SIM3
SIM4
1
21
22
SIM5
SIM1
SIM2
SIM3
SIM4
1
21
22
SIM5
SIM1
SIM2
SIM3
SIM4
1
21
22
SIM5
SIM1
SIM2
SIM3
SIM4
1
21
22
SIM5
SIM1
SIM2
SIM3
SIM4
1
21
22
SIM5
SIM1
SIM2
SIM3
SIM4
1
21
22
SIM5
SIM1
SIM2
SIM3
SIM4
1
21
22
SIM5
SIM1
SIM2
SIM3
SIM4
1
21
22
SIM5
SIM1
SIM2
SIM3
SIM4
1
21
22
SIM5
SIM1
SIM2
SIM3
SIM4
1
21
22
SIM5
SIM1
SIM2
SIM3
SIM4
1
21
22
SIM5
SIM1
SIM2
SIM3
SIM4
1
21
22
SIM5
SIM1
SIM2
SIM3
SIM4
1
21
22
SIM5
SIM1
SIM2
SIM3
SIM4
1
21
22
SIM5
SIM1
SIM2
SIM3
SIM4
1
21
22
SIM5
SIM1
SIM2
SIM3
SIM4
1
21
22
SIM5
SIM1
SIM2
SIM3
SIM4
1
21
22
SIM5
SIM1
SIM2
SIM3
SIM4
1
21
22
SIM5
SIM1
SIM2
SIM3
SIM4
1
21
22
SIM5
SIM1
SIM2
SIM3
SIM4
1
21
22
SIM5
SIM1
SIM2
SIM3
SIM4
1
21
22
SIM5
SIM1
SIM2
SIM3
SIM4
1
21
22
SIM5
SIM1
SIM2
SIM3
SIM4
1
21
22
SIM5
SIM1
SIM2
SIM3
SIM4
1
21
22
SIM5
SIM1
SIM2
SIM3
SIM4
1
21
22
SIM5
SIM1
SIM2
SIM3
SIM4
1
21
22
SIM5
SIM1
SIM2
SIM3
SIM4
1
21
22
SIM5
SIM1
SIM2
SIM3
SIM4
1
21
22
SIM5
SIM1
SIM2
SIM3
SIM4
1
21
22
SIM5
SIM1
SIM2
SIM3
SIM4
1
21
22
SIM5
SIM1
SIM2
SIM3
SIM4
1
21
22
SIM5
SIM1
SIM2
SIM3
SIM4
1
21
22
SIM5
SIM1
SIM2
SIM3
SIM4
1
21
22
SIM5
SIM1
SIM2
SIM3
SIM4
1
21
22
SIM5
SIM1
SIM2
SIM3
SIM4
1
21
22
SIM5
SIM1
SIM2
SIM3
SIM4
1
21
22
SIM5
SIM1
SIM2
SIM3
SIM4
1
21
22
SIM5
SIM1
SIM2
SIM3
SIM4
1
21
22
SIM5
SIM1
SIM2
SIM3
SIM4
1
21
22
SIM5
SIM1
SIM2
SIM3
SIM4
1
21
22
SIM5
SIM1
SIM2
SIM3
SIM4
1
21
22
SIM5
SIM1
SIM2
SIM3
SIM4
1
21
22
SIM5
SIM1
SIM2
SIM3
SIM4
1
21
22
SIM5
SIM1
SIM2
SIM3
SIM4
1
21
22
SIM5
SIM1
SIM2
SIM3
SIM4
1
21
22
SIM5
SIM1
SIM2
SIM3
SIM4
1
21
22
SIM5
SIM1
SIM2
SIM3
SIM4
1
21
22
SIM5
SIM1
SIM2
SIM3
SIM4
1
21
22
SIM5
SIM1
SIM2
SIM3
SIM4
1
21
22
SIM5
SIM1
SIM2
SIM3
SIM4
1
21
22
SIM5
SIM1
SIM2
SIM3
SIM4
1
21
22
SIM5
SIM1
SIM2
SIM3
SIM4
1
21
22
SIM5
SIM1
SIM2
SIM3
SIM4
1
21
22
SIM5
SIM1
SIM2
SIM3
SIM4
1
21
22
SIM5
SIM1
SIM2
SIM3
SIM4
1
21
22
SIM5
SIM1
SIM2
SIM3
SIM4
1
21
22
SIM5
SIM1
SIM2
SIM3
SIM4
1
21
22
SIM5
SIM1
SIM2
SIM3
SIM4
1
21
22
SIM5
SIM1
SIM2
SIM3
SIM4
1
21
22
SIM5
SIM1
SIM2
SIM3
SIM4
1
21
22
SIM5
SIM1
SIM2
SIM3
SIM4
1
21
22
SIM5
SIM1
SIM2
SIM3
SIM4
1
21
22
SIM5
SIM1
SIM2
SIM3
SIM4
1
21
22
SIM5
SIM1
SIM2
SIM3
SIM4
1
21
22
SIM5
SIM1
SIM2
SIM3
SIM4
1
21
22
SIM5
SIM1
SIM2
SIM3
SIM4
1
21
22
SIM5
SIM1
SIM2
SIM3
SIM4
1
21
22
SIM5
SIM1
SIM2
SIM3
SIM4
1
21
22
SIM5
SIM1
SIM2
SIM3
SIM4
1
21
22
SIM5
SIM1
SIM2
SIM3
SIM4
1
21
22
SIM5
SIM1
SIM2
SIM3
SIM4
1
21
22
SIM5
SIM1
SIM2
SIM3
SIM4
1
21
22
SIM5
SIM1
SIM2
SIM3
SIM4
1
21
22
SIM5
SIM1
SIM2
SIM3
SIM4
1
21
22
SIM5
SIM1
SIM2
SIM3
SIM4
1
21
22
SIM5
SIM1
SIM2
SIM3
SIM4
1
21
22
SIM5
SIM1
SIM2
SIM3
SIM4
1
21
22
SIM5
SIM1
SIM2
SIM3
SIM4
1
21
22
SIM5
SIM1
SIM2
SIM3
SIM4
1
21
22
SIM5
SIM1
SIM2
SIM3
SIM4
1
21
22
SIM5
SIM1
SIM2
SIM3
SIM4
1
21
22
SIM5
SIM1
SIM2
SIM3
SIM4
1
21
22
SIM5
SIM1
SIM2
SIM3
SIM4
1
21
22
SIM5
SIM1
SIM2
SIM3
SIM4
1
21
22
SIM5
SIM1
SIM2
SIM3
SIM4
1
21
22
SIM5
SIM1
SIM2
SIM3
SIM4
1
21
22
SIM5
SIM1
SIM2
SIM3
SIM4
1
21
22
SIM5
SIM1
SIM2
SIM3
SIM4
1
21
22
SIM5
SIM1
SIM2
SIM3
SIM4
1
21
22
SIM5
SIM1
SIM2
SIM3
SIM4
1
21
22
SIM5
SIM1
SIM2
SIM3
SIM4
1
21
22
SIM5
SIM1
SIM2
SIM3
SIM4
1
21
22
SIM5
SIM1
SIM2
SIM3
SIM4
1
21
22
SIM5
SIM1
SIM2
SIM3
SIM4
1
21
22
SIM5
SIM1
SIM2
SIM3
SIM4
1
21
22
SIM5
SIM1
SIM2
SIM3
SIM4
1
21
22
SIM5
SIM1
SIM2
SIM3
SIM4
1
21
22
SIM5
SIM1
SIM2
SIM3
SIM4
1
21
22
SIM5
SIM1
SIM2
SIM3
SIM4
1
21
22
SIM5
SIM1
SIM2
SIM3
SIM4
1
21
22
SIM5
SIM1
SIM2
SIM3
SIM4
1
21
22
SIM5
SIM1
SIM2
SIM3
SIM4
1
21
22
SIM5
SIM1
SIM2
SIM3
SIM4
1
21
22
SIM5
SIM1
SIM2
SIM3
SIM4
1
21
22
SIM5
SIM1
SIM2
SIM3
SIM4
1
21
22
SIM5
SIM1
SIM2
SIM3
SIM4
1
21
22
SIM5
SIM1
SIM2
SIM3
SIM4
1
21
22
SIM5
SIM1
SIM2
SIM3
SIM4
1
21
22
SIM5
SIM1
SIM2
SIM3
SIM4
1
21
22
SIM5
SIM1
SIM2
SIM3
SIM4
1
21
22
SIM5
SIM1
SIM2
SIM3
SIM4
1
21
22
SIM5
SIM1
SIM2
SIM3
SIM4
1
21
22
SIM5
SIM1
SIM2
SIM3
SIM4
1
21
22
SIM5
SIM1
SIM2
SIM3
SIM4
1
21
22
SIM5
SIM1
SIM2
SIM3
SIM4
1
21
22
SIM5
SIM1
SIM2
SIM3
SIM4
1
21
22
SIM5
SIM1
SIM2
SIM3
SIM4
1
21
22
SIM5
SIM1
SIM2
SIM3
SIM4
1
21
22
SIM5
SIM1
SIM2
SIM3
SIM4
1
21
22
SIM5
SIM1
SIM2
SIM3
SIM4
1
21
22
SIM5
SIM1
SIM2
SIM3
SIM4
1
21
22
SIM5
SIM1
SIM2
SIM3
SIM4
1
21
22
SIM5
SIM1
SIM2
SIM3
SIM4
1
21
22
SIM5
SIM1
SIM2
SIM3
SIM4
1
21
22
SIM5
SIM1
SIM2
SIM3
SIM4
1
21
22
SIM5
SIM1
SIM2
SIM3
SIM4
1
21
22
SIM5
SIM1
SIM2
SIM3
SIM4
1
21
22
SIM5
SIM1
SIM2
SIM3
SIM4
1
21
22
SIM5
SIM1
SIM2
SIM3
SIM4
1
21
22
SIM5
SIM1
SIM2
SIM3
SIM4
1
21
22
SIM5
SIM1
SIM2
SIM3
SIM4
1
21
22
SIM5
SIM1
SIM2
SIM3
SIM4
1
21
22
SIM5
SIM1
SIM2
SIM3
SIM4
1
21
22
SIM5
SIM1
SIM2
SIM3
SIM4
1
21
22
SIM5
SIM1
SIM2
SIM3
SIM4
1
21
22
SIM5
SIM1
SIM2
SIM3
SIM4
1
21
22
SIM5
SIM1
SIM2
SIM3
SIM4
1
21
22
SIM5
SIM1
SIM2
SIM3
SIM4
1
21
22
SIM5
SIM1
SIM2
SIM3
SIM4
1
21
22
SIM5
SIM1
SIM2
SIM3
SIM4
1
21
22
SIM5
SIM1
SIM2
SIM3
SIM4
1
21
22
SIM5
SIM1
SIM2
SIM3
SIM4
1
21
22
SIM5
SIM1
SIM2
SIM3
SIM4
1
21
22
SIM5
SIM1
SIM2
SIM3
SIM4
1
21
22
SIM5
SIM1
SIM2
SIM3
SIM4
1
21
22
SIM5
SIM1
SIM2
SIM3
SIM4
1
21
22
SIM5
SIM1
SIM2
SIM3
SIM4
1
21
22
SIM5
SIM1
SIM2
SIM3
SIM4
1
21
22
SIM5
SIM1
SIM2
SIM3
SIM4
1
21
22
SIM5
SIM1
SIM2
SIM3
SIM4
1
21
22
SIM5
SIM1
SIM2
SIM3
SIM4
1
21
22
SIM5
SIM1
SIM2
SIM3
SIM4
1
21
22
SIM5
SIM1
SIM2
SIM3
SIM4
1
21
22
SIM5
SIM1
SIM2
SIM3
SIM4
1
21
22
SIM5
SIM1
SIM2
SIM3
SIM4
1
21
22
SIM5
SIM1
SIM2
SIM3
SIM4
1
21
22
SIM5
SIM1
SIM2
SIM3
SIM4
1
21
22
SIM5
SIM1
SIM2
SIM3
SIM4
1
21
22
SIM5
SIM1
SIM2
SIM3
SIM4
1
21
22
SIM5
SIM1
SIM2
SIM3
SIM4
1
21
22
SIM5
SIM1
SIM2
SIM3
SIM4
1
21
22
SIM5
SIM1
SIM2
SIM3
SIM4
1
21
22
SIM5
SIM1
SIM2
SIM3
SIM4
1
21
22
SIM5
SIM1
SIM2
SIM3
SIM4
1
21
22
SIM5
SIM1
SIM2
SIM3
SIM4
1
21
22
SIM5
SIM1
SIM2
SIM3
SIM4
1
21
22
SIM5
SIM1
SIM2
SIM3
SIM4
1
21
22
SIM5
SIM1
SIM2
SIM3
SIM4
1
21
22
SIM5
SIM1
SIM2
SIM3
SIM4
1
21
22
SIM5
SIM1
SIM2
SIM3
SIM4
1
21
22
SIM5
SIM1
SIM2
SIM3
SIM4
1
21
22
SIM5
SIM1
SIM2
SIM3
SIM4
1
21
22
SIM5
SIM1
SIM2
SIM3
SIM4
1
21
22
SIM5
SIM1
SIM2
SIM3
SIM4
1
21
22
SIM5
SIM1
SIM2
SIM3
SIM4
1
21
22
SIM5
SIM1
SIM2
SIM3
SIM4
1
21
22
SIM5
SIM1
SIM2
SIM3
SIM4
1
21
22
SIM5
SIM1
SIM2
SIM3
SIM4
1
21
22
SIM5
SIM1
SIM2
SIM3
SIM4
1
21
22
SIM5
SIM1
SIM2
SIM3
SIM4
1
21
22
SIM5
SIM1
SIM2
SIM3
SIM4
1
21
22
SIM5
SIM1
SIM2
SIM3
SIM4
1
21
22
SIM5
SIM1
SIM2
SIM3
SIM4
1
21
22
SIM5
SIM1
SIM2
DEBUG 1 296
SIM1
SIM2
SIM3
SIM4
1
21
22
SIM5
SIM1
SIM2
SIM3
SIM4
1
21
22
SIM5
SIM1
SIM2
SIM3
SIM4
1
21
22
SIM5
SIM1
SIM2
SIM3
SIM4
1
21
22
SIM5
SIM1
SIM2
SIM3
SIM4
1
21
22
SIM5
SIM1
SIM2
SIM3
SIM4
1
21
22
SIM5
SIM1
SIM2
SIM3
SIM4
1
21
22
SIM5
SIM1
SIM2
SIM3
SIM4
1
21
22
SIM5
SIM1
SIM2
SIM3
SIM4
1
21
22
SIM5
SIM1
SIM2
SIM3
SIM4
1
21
22
SIM5
SIM1
SIM2
SIM3
SIM4
1
21
22
SIM5
SIM1
SIM2
SIM3
SIM4
1
21
22
SIM5
SIM1
SIM2
SIM3
SIM4
1
21
22
SIM5
SIM1
SIM2
SIM3
SIM4
1
21
22
SIM5
SIM1
SIM2
SIM3
SIM4
1
21
22
SIM5
SIM1
SIM2
SIM3
SIM4
1
21
22
SIM5
SIM1
SIM2
SIM3
SIM4
1
21
22
SIM5
SIM1
SIM2
SIM3
SIM4
1
21
22
SIM5
SIM1
SIM2
SIM3
SIM4
1
21
22
SIM5
SIM1
SIM2
SIM3
SIM4
1
21
22
SIM5
SIM1
SIM2
SIM3
SIM4
1
21
22
SIM5
SIM1
SIM2
SIM3
SIM4
1
21
22
SIM5
SIM1
SIM2
SIM3
SIM4
1
21
22
SIM5
SIM1
SIM2
SIM3
SIM4
1
21
22
SIM5
SIM1
SIM2
SIM3
SIM4
1
21
22
SIM5
SIM1
SIM2
SIM3
SIM4
1
21
22
SIM5
SIM1
SIM2
SIM3
SIM4
1
21
22
SIM5
SIM1
SIM2
SIM3
SIM4
1
21
22
SIM5
SIM1
SIM2
SIM3
SIM4
1
21
22
SIM5
SIM1
SIM2
SIM3
SIM4
1
21
22
SIM5
SIM1
SIM2
SIM3
SIM4
1
21
22
SIM5
SIM1
SIM2
SIM3
SIM4
1
21
22
SIM5
SIM1
SIM2
SIM3
SIM4
1
21
22
SIM5
SIM1
SIM2
SIM3
SIM4
1
21
22
SIM5
SIM1
SIM2
SIM3
SIM4
1
21
22
SIM5
SIM1
SIM2
SIM3
SIM4
1
21
22
SIM5
SIM1
SIM2
SIM3
SIM4
1
21
22
SIM5
SIM1
SIM2
SIM3
SIM4
1
21
22
SIM5
SIM1
SIM2
SIM3
SIM4
1
21
22
SIM5
SIM1
SIM2
SIM3
SIM4
1
21
22
SIM5
SIM1
SIM2
SIM3
SIM4
1
21
22
SIM5
SIM1
SIM2
SIM3
SIM4
1
21
22
SIM5
SIM1
SIM2
SIM3
SIM4
1
21
22
SIM5
SIM1
SIM2
SIM3
SIM4
1
21
22
SIM5
SIM1
SIM2
SIM3
SIM4
1
21
22
SIM5
SIM1
SIM2
SIM3
SIM4
1
21
22
SIM5
SIM1
SIM2
SIM3
SIM4
1
21
22
SIM5
SIM1
SIM2
SIM3
SIM4
1
21
22
SIM5
SIM1
SIM2
SIM3
SIM4
1
21
22
SIM5
SIM1
SIM2
SIM3
SIM4
1
21
22
SIM5
SIM1
SIM2
SIM3
SIM4
1
21
22
SIM5
SIM1
SIM2
SIM3
SIM4
1
21
22
SIM5
SIM1
SIM2
SIM3
SIM4
1
21
22
SIM5
SIM1
SIM2
SIM3
SIM4
1
21
22
SIM5
SIM1
SIM2
SIM3
SIM4
1
21
22
SIM5
SIM1
SIM2
SIM3
SIM4
1
21
22
SIM5
SIM1
SIM2
SIM3
SIM4
1
21
22
SIM5
SIM1
SIM2
SIM3
SIM4
1
21
22
SIM5
SIM1
SIM2
SIM3
SIM4
1
21
22
SIM5
SIM1
SIM2
SIM3
SIM4
1
21
22
SIM5
SIM1
SIM2
SIM3
SIM4
1
21
22
SIM5
SIM1
SIM2
SIM3
SIM4
1
21
22
SIM5
SIM1
SIM2
SIM3
SIM4
1
21
22
SIM5
SIM1
SIM2
SIM3
SIM4
1
21
22
SIM5
SIM1
SIM2
SIM3
SIM4
1
21
22
SIM5
SIM1
SIM2
SIM3
SIM4
1
21
22
SIM5
SIM1
SIM2
SIM3
SIM4
1
21
22
SIM5
SIM1
SIM2
SIM3
SIM4
1
21
22
SIM5
SIM1
SIM2
SIM3
SIM4
1
21
22
SIM5
SIM1
SIM2
SIM3
SIM4
1
21
22
SIM5
SIM1
SIM2
SIM3
SIM4
1
21
22
SIM5
SIM1
SIM2
SIM3
SIM4
1
21
22
SIM5
SIM1
SIM2
SIM3
SIM4
1
21
22
SIM5
SIM1
SIM2
SIM3
SIM4
1
21
22
SIM5
SIM1
SIM2
SIM3
SIM4
1
21
22
SIM5
SIM1
SIM2
SIM3
SIM4
1
21
22
SIM5
SIM1
SIM2
SIM3
SIM4
1
21
22
SIM5
SIM1
SIM2
SIM3
SIM4
1
21
22
SIM5
SIM1
SIM2
SIM3
SIM4
1
21
22
SIM5
SIM1
SIM2
SIM3
SIM4
1
21
22
SIM5
SIM1
SIM2
SIM3
SIM4
1
21
22
SIM5
SIM1
SIM2
SIM3
SIM4
1
21
22
SIM5
SIM1
SIM2
SIM3
SIM4
1
21
22
SIM5
SIM1
SIM2
SIM3
SIM4
1
21
22
SIM5
SIM1
SIM2
SIM3
SIM4
1
21
22
SIM5
SIM1
SIM2
SIM3
SIM4
1
21
22
SIM5
SIM1
SIM2
SIM3
SIM4
1
21
22
SIM5
SIM1
SIM2
SIM3
SIM4
1
21
22
SIM5
SIM1
SIM2
SIM3
SIM4
1
21
22
SIM5
SIM1
SIM2
SIM3
SIM4
1
21
22
SIM5
SIM1
SIM2
SIM3
SIM4
1
21
22
SIM5
SIM1
SIM2
SIM3
SIM4
1
21
22
SIM5
SIM1
SIM2
SIM3
SIM4
1
21
22
SIM5
SIM1
SIM2
SIM3
SIM4
1
21
22
SIM5
SIM1
SIM2
SIM3
SIM4
1
21
22
SIM5
SIM1
SIM2
SIM3
SIM4
1
21
22
SIM5
SIM1
SIM2
SIM3
SIM4
1
21
22
SIM5
SIM1
SIM2
SIM3
SIM4
1
21
22
SIM5
SIM1
SIM2
SIM3
SIM4
1
21
22
SIM5
SIM1
SIM2
SIM3
SIM4
1
21
22
SIM5
SIM1
SIM2
SIM3
SIM4
1
21
22
SIM5
SIM1
SIM2
SIM3
SIM4
1
21
22
SIM5
SIM1
SIM2
SIM3
SIM4
1
21
22
SIM5
SIM1
SIM2
SIM3
SIM4
1
21
22
SIM5
SIM1
SIM2
SIM3
SIM4
1
21
22
SIM5
SIM1
SIM2
SIM3
SIM4
1
21
22
SIM5
SIM1
SIM2
SIM3
SIM4
1
21
22
SIM5
SIM1
SIM2
SIM3
SIM4
1
21
22
SIM5
SIM1
SIM2
SIM3
SIM4
1
21
22
SIM5
SIM1
SIM2
SIM3
SIM4
1
21
22
SIM5
SIM1
SIM2
SIM3
SIM4
1
21
22
SIM5
SIM1
SIM2
SIM3
SIM4
1
21
22
SIM5
SIM1
SIM2
SIM3
SIM4
1
21
22
SIM5
SIM1
SIM2
SIM3
SIM4
1
21
22
SIM5
SIM1
SIM2
SIM3
SIM4
1
21
22
SIM5
SIM1
SIM2
SIM3
SIM4
1
21
22
SIM5
SIM1
SIM2
SIM3
SIM4
1
21
22
SIM5
SIM1
SIM2
SIM3
SIM4
1
21
22
SIM5
SIM1
SIM2
SIM3
SIM4
1
21
22
SIM5
SIM1
SIM2
SIM3
SIM4
1
21
22
SIM5
SIM1
SIM2
SIM3
SIM4
1
21
22
SIM5
SIM1
SIM2
SIM3
SIM4
1
21
22
SIM5
SIM1
SIM2
SIM3
SIM4
1
21
22
SIM5
SIM1
SIM2
SIM3
SIM4
1
21
22
SIM5
SIM1
SIM2
SIM3
SIM4
1
21
22
SIM5
SIM1
SIM2
SIM3
SIM4
1
21
22
SIM5
SIM1
SIM2
SIM3
SIM4
1
21
22
SIM5
SIM1
SIM2
SIM3
SIM4
1
21
22
SIM5
SIM1
SIM2
SIM3
SIM4
1
21
22
SIM5
SIM1
SIM2
SIM3
SIM4
1
21
22
SIM5
SIM1
SIM2
SIM3
SIM4
1
21
22
SIM5
SIM1
SIM2
SIM3
SIM4
1
21
22
SIM5
SIM1
SIM2
SIM3
SIM4
1
21
22
SIM5
SIM1
SIM2
SIM3
SIM4
1
21
22
SIM5
SIM1
SIM2
SIM3
SIM4
1
21
22
SIM5
SIM1
SIM2
SIM3
SIM4
1
21
22
SIM5
SIM1
SIM2
SIM3
SIM4
1
21
22
SIM5
SIM1
SIM2
SIM3
SIM4
1
21
22
SIM5
SIM1
SIM2
SIM3
SIM4
1
21
22
SIM5
SIM1
SIM2
SIM3
SIM4
1
21
22
SIM5
SIM1
SIM2
SIM3
SIM4
1
21
22
SIM5
SIM1
SIM2
SIM3
SIM4
1
21
22
SIM5
SIM1
SIM2
SIM3
SIM4
1
21
22
SIM5
SIM1
SIM2
SIM3
SIM4
1
21
22
SIM5
SIM1
SIM2
SIM3
SIM4
1
21
22
SIM5
SIM1
SIM2
SIM3
SIM4
1
21
22
SIM5
SIM1
SIM2
SIM3
SIM4
1
21
22
SIM5
SIM1
SIM2
SIM3
SIM4
1
21
22
SIM5
SIM1
SIM2
SIM3
SIM4
1
21
22
SIM5
SIM1
SIM2
SIM3
SIM4
1
21
22
SIM5
SIM1
SIM2
SIM3
SIM4
1
21
22
SIM5
SIM1
SIM2
SIM3
SIM4
1
21
22
SIM5
SIM1
SIM2
SIM3
SIM4
1
21
22
SIM5
SIM1
SIM2
SIM3
SIM4
1
21
22
SIM5
SIM1
SIM2
SIM3
SIM4
1
21
22
SIM5
SIM1
SIM2
SIM3
SIM4
1
21
22
SIM5
SIM1
SIM2
SIM3
SIM4
1
21
22
SIM5
SIM1
SIM2
SIM3
SIM4
1
21
22
SIM5
SIM1
SIM2
SIM3
SIM4
1
21
22
SIM5
SIM1
SIM2
SIM3
SIM4
1
21
22
SIM5
SIM1
SIM2
SIM3
SIM4
1
21
22
SIM5
SIM1
SIM2
SIM3
SIM4
1
21
22
SIM5
SIM1
SIM2
SIM3
SIM4
1
21
22
SIM5
SIM1
SIM2
SIM3
SIM4
1
21
22
SIM5
SIM1
SIM2
SIM3
SIM4
1
21
22
SIM5
SIM1
SIM2
SIM3
SIM4
1
21
22
SIM5
SIM1
SIM2
SIM3
SIM4
1
21
22
SIM5
SIM1
SIM2
SIM3
SIM4
1
21
22
SIM5
SIM1
SIM2
SIM3
SIM4
1
21
22
SIM5
SIM1
SIM2
SIM3
SIM4
1
21
22
SIM5
SIM1
SIM2
SIM3
SIM4
1
21
22
SIM5
SIM1
SIM2
SIM3
SIM4
1
21
22
SIM5
SIM1
SIM2
SIM3
SIM4
1
21
22
SIM5
SIM1
SIM2
SIM3
SIM4
1
21
22
SIM5
SIM1
SIM2
SIM3
SIM4
1
21
22
SIM5
SIM1
SIM2
SIM3
SIM4
1
21
22
SIM5
SIM1
SIM2
SIM3
SIM4
1
21
22
SIM5
SIM1
SIM2
SIM3
SIM4
1
21
22
SIM5
SIM1
SIM2
SIM3
SIM4
1
21
22
SIM5
SIM1
SIM2
SIM3
SIM4
1
21
22
SIM5
SIM1
SIM2
SIM3
SIM4
1
21
22
SIM5
SIM1
SIM2
SIM3
SIM4
1
21
22
SIM5
SIM1
SIM2
SIM3
SIM4
1
21
22
SIM5
SIM1
SIM2
SIM3
SIM4
1
21
22
SIM5
SIM1
SIM2
SIM3
SIM4
1
21
22
SIM5
SIM1
SIM2
SIM3
SIM4
1
21
22
SIM5
SIM1
SIM2
SIM3
SIM4
1
21
22
SIM5
SIM1
SIM2
SIM3
SIM4
1
21
22
SIM5
SIM1
SIM2
SIM3
SIM4
1
21
22
SIM5
SIM1
SIM2
SIM3
SIM4
1
21
22
SIM5
SIM1
SIM2
SIM3
SIM4
1
21
22
SIM5
SIM1
SIM2
SIM3
SIM4
1
21
22
SIM5
SIM1
SIM2
SIM3
SIM4
1
21
22
SIM5
SIM1
SIM2
SIM3
SIM4
1
21
22
SIM5
SIM1
SIM2
SIM3
SIM4
1
21
22
SIM5
SIM1
SIM2
SIM3
SIM4
1
21
22
SIM5
SIM1
SIM2
SIM3
SIM4
1
21
22
SIM5
SIM1
SIM2
SIM3
SIM4
1
21
22
SIM5
SIM1
SIM2
SIM3
SIM4
1
21
22
SIM5
SIM1
SIM2
SIM3
SIM4
1
21
22
SIM5
SIM1
SIM2
SIM3
SIM4
1
21
22
SIM5
SIM1
SIM2
SIM3
SIM4
1
21
22
SIM5
SIM1
SIM2
SIM3
SIM4
1
21
22
SIM5
SIM1
SIM2
SIM3
SIM4
1
21
22
SIM5
SIM1
SIM2
SIM3
SIM4
1
21
22
SIM5
SIM1
SIM2
SIM3
SIM4
1
21
22
SIM5
SIM1
SIM2
SIM3
SIM4
1
21
22
SIM5
SIM1
SIM2
SIM3
SIM4
1
21
22
SIM5
SIM1
SIM2
SIM3
SIM4
1
21
22
SIM5
SIM1
SIM2
SIM3
SIM4
1
21
22
SIM5
SIM1
SIM2
SIM3
SIM4
1
21
22
SIM5
SIM1
SIM2
SIM3
SIM4
1
21
22
SIM5
SIM1
SIM2
SIM3
SIM4
1
21
22
SIM5
SIM1
SIM2
SIM3
SIM4
1
21
22
SIM5
SIM1
SIM2
SIM3
SIM4
1
21
22
SIM5
SIM1
SIM2
SIM3
SIM4
1
21
22
SIM5
SIM1
SIM2
SIM3
SIM4
1
21
22
SIM5
SIM1
SIM2
SIM3
SIM4
1
21
22
SIM5
SIM1
SIM2
SIM3
SIM4
1
21
22
SIM5
SIM1
SIM2
SIM3
SIM4
1
21
22
SIM5
SIM1
SIM2
SIM3
SIM4
1
21
22
SIM5
SIM1
SIM2
SIM3
SIM4
1
21
22
SIM5
SIM1
SIM2
SIM3
SIM4
1
21
22
SIM5
SIM1
SIM2
SIM3
SIM4
1
21
22
SIM5
SIM1
SIM2
SIM3
SIM4
1
21
22
SIM5
SIM1
SIM2
SIM3
SIM4
1
21
22
SIM5
SIM1
SIM2
SIM3
SIM4
1
21
22
SIM5
SIM1
SIM2
SIM3
SIM4
1
21
22
SIM5
SIM1
SIM2
SIM3
SIM4
1
21
22
SIM5
SIM1
SIM2
SIM3
SIM4
1
21
22
SIM5
SIM1
SIM2
SIM3
SIM4
1
21
22
SIM5
SIM1
SIM2
SIM3
SIM4
1
21
22
SIM5
SIM1
SIM2
SIM3
SIM4
1
21
22
SIM5
SIM1
SIM2
SIM3
SIM4
1
21
22
SIM5
SIM1
SIM2
SIM3
SIM4
1
21
22
SIM5
SIM1
SIM2
SIM3
SIM4
1
21
22
SIM5
SIM1
SIM2
SIM3
SIM4
1
21
22
SIM5
SIM1
SIM2
DEBUG 1 297
SIM1
SIM2
SIM3
SIM4
1
21
22
SIM5
SIM1
SIM2
SIM3
SIM4
1
21
22
SIM5
SIM1
SIM2
SIM3
SIM4
1
21
22
SIM5
SIM1
SIM2
SIM3
SIM4
1
21
22
SIM5
SIM1
SIM2
SIM3
SIM4
1
21
22
SIM5
SIM1
SIM2
SIM3
SIM4
1
21
22
SIM5
SIM1
SIM2
SIM3
SIM4
1
21
22
SIM5
SIM1
SIM2
SIM3
SIM4
1
21
22
SIM5
SIM1
SIM2
SIM3
SIM4
1
21
22
SIM5
SIM1
SIM2
SIM3
SIM4
1
21
22
SIM5
SIM1
SIM2
SIM3
SIM4
1
21
22
SIM5
SIM1
SIM2
SIM3
SIM4
1
21
22
SIM5
SIM1
SIM2
SIM3
SIM4
1
21
22
SIM5
SIM1
SIM2
SIM3
SIM4
1
21
22
SIM5
SIM1
SIM2
SIM3
SIM4
1
21
22
SIM5
SIM1
SIM2
SIM3
SIM4
1
21
22
SIM5
SIM1
SIM2
SIM3
SIM4
1
21
22
SIM5
SIM1
SIM2
SIM3
SIM4
1
21
22
SIM5
SIM1
SIM2
SIM3
SIM4
1
21
22
SIM5
SIM1
SIM2
SIM3
SIM4
1
21
22
SIM5
SIM1
SIM2
SIM3
SIM4
1
21
22
SIM5
SIM1
SIM2
SIM3
SIM4
1
21
22
SIM5
SIM1
SIM2
SIM3
SIM4
1
21
22
SIM5
SIM1
SIM2
SIM3
SIM4
1
21
22
SIM5
SIM1
SIM2
SIM3
SIM4
1
21
22
SIM5
SIM1
SIM2
SIM3
SIM4
1
21
22
SIM5
SIM1
SIM2
SIM3
SIM4
1
21
22
SIM5
SIM1
SIM2
SIM3
SIM4
1
21
22
SIM5
SIM1
SIM2
SIM3
SIM4
1
21
22
SIM5
SIM1
SIM2
SIM3
SIM4
1
21
22
SIM5
SIM1
SIM2
SIM3
SIM4
1
21
22
SIM5
SIM1
SIM2
SIM3
SIM4
1
21
22
SIM5
SIM1
SIM2
SIM3
SIM4
1
21
22
SIM5
SIM1
SIM2
SIM3
SIM4
1
21
22
SIM5
SIM1
SIM2
SIM3
SIM4
1
21
22
SIM5
SIM1
SIM2
SIM3
SIM4
1
21
22
SIM5
SIM1
SIM2
SIM3
SIM4
1
21
22
SIM5
SIM1
SIM2
SIM3
SIM4
1
21
22
SIM5
SIM1
SIM2
SIM3
SIM4
1
21
22
SIM5
SIM1
SIM2
SIM3
SIM4
1
21
22
SIM5
SIM1
SIM2
SIM3
SIM4
1
21
22
SIM5
SIM1
SIM2
SIM3
SIM4
1
21
22
SIM5
SIM1
SIM2
SIM3
SIM4
1
21
22
SIM5
SIM1
SIM2
SIM3
SIM4
1
21
22
SIM5
SIM1
SIM2
SIM3
SIM4
1
21
22
SIM5
SIM1
SIM2
SIM3
SIM4
1
21
22
SIM5
SIM1
SIM2
SIM3
SIM4
1
21
22
SIM5
SIM1
SIM2
SIM3
SIM4
1
21
22
SIM5
SIM1
SIM2
SIM3
SIM4
1
21
22
SIM5
SIM1
SIM2
SIM3
SIM4
1
21
22
SIM5
SIM1
SIM2
SIM3
SIM4
1
21
22
SIM5
SIM1
SIM2
SIM3
SIM4
1
21
22
SIM5
SIM1
SIM2
SIM3
SIM4
1
21
22
SIM5
SIM1
SIM2
SIM3
SIM4
1
21
22
SIM5
SIM1
SIM2
SIM3
SIM4
1
21
22
SIM5
SIM1
SIM2
SIM3
SIM4
1
21
22
SIM5
SIM1
SIM2
SIM3
SIM4
1
21
22
SIM5
SIM1
SIM2
SIM3
SIM4
1
21
22
SIM5
SIM1
SIM2
SIM3
SIM4
1
21
22
SIM5
SIM1
SIM2
SIM3
SIM4
1
21
22
SIM5
SIM1
SIM2
SIM3
SIM4
1
21
22
SIM5
SIM1
SIM2
SIM3
SIM4
1
21
22
SIM5
SIM1
SIM2
SIM3
SIM4
1
21
22
SIM5
SIM1
SIM2
SIM3
SIM4
1
21
22
SIM5
SIM1
SIM2
SIM3
SIM4
1
21
22
SIM5
SIM1
SIM2
SIM3
SIM4
1
21
22
SIM5
SIM1
SIM2
SIM3
SIM4
1
21
22
SIM5
SIM1
SIM2
SIM3
SIM4
1
21
22
SIM5
SIM1
SIM2
SIM3
SIM4
1
21
22
SIM5
SIM1
SIM2
SIM3
SIM4
1
21
22
SIM5
SIM1
SIM2
SIM3
SIM4
1
21
22
SIM5
SIM1
SIM2
SIM3
SIM4
1
21
22
SIM5
SIM1
SIM2
SIM3
SIM4
1
21
22
SIM5
SIM1
SIM2
SIM3
SIM4
1
21
22
SIM5
SIM1
SIM2
SIM3
SIM4
1
21
22
SIM5
SIM1
SIM2
SIM3
SIM4
1
21
22
SIM5
SIM1
SIM2
SIM3
SIM4
1
21
22
SIM5
SIM1
SIM2
SIM3
SIM4
1
21
22
SIM5
SIM1
SIM2
SIM3
SIM4
1
21
22
SIM5
SIM1
SIM2
SIM3
SIM4
1
21
22
SIM5
SIM1
SIM2
SIM3
SIM4
1
21
22
SIM5
SIM1
SIM2
SIM3
SIM4
1
21
22
SIM5
SIM1
SIM2
SIM3
SIM4
1
21
22
SIM5
SIM1
SIM2
SIM3
SIM4
1
21
22
SIM5
SIM1
SIM2
SIM3
SIM4
1
21
22
SIM5
SIM1
SIM2
SIM3
SIM4
1
21
22
SIM5
SIM1
SIM2
SIM3
SIM4
1
21
22
SIM5
SIM1
SIM2
SIM3
SIM4
1
21
22
SIM5
SIM1
SIM2
SIM3
SIM4
1
21
22
SIM5
SIM1
SIM2
SIM3
SIM4
1
21
22
SIM5
SIM1
SIM2
SIM3
SIM4
1
21
22
SIM5
SIM1
SIM2
SIM3
SIM4
1
21
22
SIM5
SIM1
SIM2
SIM3
SIM4
1
21
22
SIM5
SIM1
SIM2
SIM3
SIM4
1
21
22
SIM5
SIM1
SIM2
SIM3
SIM4
1
21
22
SIM5
SIM1
SIM2
SIM3
SIM4
1
21
22
SIM5
SIM1
SIM2
SIM3
SIM4
1
21
22
SIM5
SIM1
SIM2
SIM3
SIM4
1
21
22
SIM5
SIM1
SIM2
SIM3
SIM4
1
21
22
SIM5
SIM1
SIM2
SIM3
SIM4
1
21
22
SIM5
SIM1
SIM2
SIM3
SIM4
1
21
22
SIM5
SIM1
SIM2
SIM3
SIM4
1
21
22
SIM5
SIM1
SIM2
SIM3
SIM4
1
21
22
SIM5
SIM1
SIM2
SIM3
SIM4
1
21
22
SIM5
SIM1
SIM2
SIM3
SIM4
1
21
22
SIM5
SIM1
SIM2
SIM3
SIM4
1
21
22
SIM5
SIM1
SIM2
SIM3
SIM4
1
21
22
SIM5
SIM1
SIM2
SIM3
SIM4
1
21
22
SIM5
SIM1
SIM2
SIM3
SIM4
1
21
22
SIM5
SIM1
SIM2
SIM3
SIM4
1
21
22
SIM5
SIM1
SIM2
SIM3
SIM4
1
21
22
SIM5
SIM1
SIM2
SIM3
SIM4
1
21
22
SIM5
SIM1
SIM2
SIM3
SIM4
1
21
22
SIM5
SIM1
SIM2
SIM3
SIM4
1
21
22
SIM5
SIM1
SIM2
SIM3
SIM4
1
21
22
SIM5
SIM1
SIM2
SIM3
SIM4
1
21
22
SIM5
SIM1
SIM2
SIM3
SIM4
1
21
22
SIM5
SIM1
SIM2
SIM3
SIM4
1
21
22
SIM5
SIM1
SIM2
SIM3
SIM4
1
21
22
SIM5
SIM1
SIM2
SIM3
SIM4
1
21
22
SIM5
SIM1
SIM2
SIM3
SIM4
1
21
22
SIM5
SIM1
SIM2
SIM3
SIM4
1
21
22
SIM5
SIM1
SIM2
SIM3
SIM4
1
21
22
SIM5
SIM1
SIM2
SIM3
SIM4
1
21
22
SIM5
SIM1
SIM2
SIM3
SIM4
1
21
22
SIM5
SIM1
SIM2
SIM3
SIM4
1
21
22
SIM5
SIM1
SIM2
SIM3
SIM4
1
21
22
SIM5
SIM1
SIM2
SIM3
SIM4
1
21
22
SIM5
SIM1
SIM2
SIM3
SIM4
1
21
22
SIM5
SIM1
SIM2
SIM3
SIM4
1
21
22
SIM5
SIM1
SIM2
SIM3
SIM4
1
21
22
SIM5
SIM1
SIM2
SIM3
SIM4
1
21
22
SIM5
SIM1
SIM2
SIM3
SIM4
1
21
22
SIM5
SIM1
SIM2
SIM3
SIM4
1
21
22
SIM5
SIM1
SIM2
SIM3
SIM4
1
21
22
SIM5
SIM1
SIM2
SIM3
SIM4
1
21
22
SIM5
SIM1
SIM2
SIM3
SIM4
1
21
22
SIM5
SIM1
SIM2
SIM3
SIM4
1
21
22
SIM5
SIM1
SIM2
SIM3
SIM4
1
21
22
SIM5
SIM1
SIM2
SIM3
SIM4
1
21
22
SIM5
SIM1
SIM2
SIM3
SIM4
1
21
22
SIM5
SIM1
SIM2
SIM3
SIM4
1
21
22
SIM5
SIM1
SIM2
SIM3
SIM4
1
21
22
SIM5
SIM1
SIM2
SIM3
SIM4
1
21
22
SIM5
SIM1
SIM2
SIM3
SIM4
1
21
22
SIM5
SIM1
SIM2
SIM3
SIM4
1
21
22
SIM5
SIM1
SIM2
SIM3
SIM4
1
21
22
SIM5
SIM1
SIM2
SIM3
SIM4
1
21
22
SIM5
SIM1
SIM2
SIM3
SIM4
1
21
22
SIM5
SIM1
SIM2
SIM3
SIM4
1
21
22
SIM5
SIM1
SIM2
SIM3
SIM4
1
21
22
SIM5
SIM1
SIM2
SIM3
SIM4
1
21
22
SIM5
SIM1
SIM2
SIM3
SIM4
1
21
22
SIM5
SIM1
SIM2
SIM3
SIM4
1
21
22
SIM5
SIM1
SIM2
SIM3
SIM4
1
21
22
SIM5
SIM1
SIM2
SIM3
SIM4
1
21
22
SIM5
SIM1
SIM2
SIM3
SIM4
1
21
22
SIM5
SIM1
SIM2
SIM3
SIM4
1
21
22
SIM5
SIM1
SIM2
SIM3
SIM4
1
21
22
SIM5
SIM1
SIM2
SIM3
SIM4
1
21
22
SIM5
SIM1
SIM2
SIM3
SIM4
1
21
22
SIM5
SIM1
SIM2
SIM3
SIM4
1
21
22
SIM5
SIM1
SIM2
SIM3
SIM4
1
21
22
SIM5
SIM1
SIM2
SIM3
SIM4
1
21
22
SIM5
SIM1
SIM2
SIM3
SIM4
1
21
22
SIM5
SIM1
SIM2
SIM3
SIM4
1
21
22
SIM5
SIM1
SIM2
SIM3
SIM4
1
21
22
SIM5
SIM1
SIM2
SIM3
SIM4
1
21
22
SIM5
SIM1
SIM2
SIM3
SIM4
1
21
22
SIM5
SIM1
SIM2
SIM3
SIM4
1
21
22
SIM5
SIM1
SIM2
SIM3
SIM4
1
21
22
SIM5
SIM1
SIM2
SIM3
SIM4
1
21
22
SIM5
SIM1
SIM2
SIM3
SIM4
1
21
22
SIM5
SIM1
SIM2
SIM3
SIM4
1
21
22
SIM5
SIM1
SIM2
SIM3
SIM4
1
21
22
SIM5
SIM1
SIM2
SIM3
SIM4
1
21
22
SIM5
SIM1
SIM2
SIM3
SIM4
1
21
22
SIM5
SIM1
SIM2
SIM3
SIM4
1
21
22
SIM5
SIM1
SIM2
SIM3
SIM4
1
21
22
SIM5
SIM1
SIM2
SIM3
SIM4
1
21
22
SIM5
SIM1
SIM2
SIM3
SIM4
1
21
22
SIM5
SIM1
SIM2
SIM3
SIM4
1
21
22
SIM5
SIM1
SIM2
SIM3
SIM4
1
21
22
SIM5
SIM1
SIM2
SIM3
SIM4
1
21
22
SIM5
SIM1
SIM2
SIM3
SIM4
1
21
22
SIM5
SIM1
SIM2
SIM3
SIM4
1
21
22
SIM5
SIM1
SIM2
SIM3
SIM4
1
21
22
SIM5
SIM1
SIM2
SIM3
SIM4
1
21
22
SIM5
SIM1
SIM2
DEBUG 1 298
SIM1
SIM2
SIM3
SIM4
1
21
22
SIM5
SIM1
SIM2
SIM3
SIM4
1
21
22
SIM5
SIM1
SIM2
SIM3
SIM4
1
21
22
SIM5
SIM1
SIM2
SIM3
SIM4
1
21
22
SIM5
SIM1
SIM2
SIM3
SIM4
1
21
22
SIM5
SIM1
SIM2
SIM3
SIM4
1
21
22
SIM5
SIM1
SIM2
SIM3
SIM4
1
21
22
SIM5
SIM1
SIM2
SIM3
SIM4
1
21
22
SIM5
SIM1
SIM2
SIM3
SIM4
1
21
22
SIM5
SIM1
SIM2
SIM3
SIM4
1
21
22
SIM5
SIM1
SIM2
SIM3
SIM4
1
21
22
SIM5
SIM1
SIM2
SIM3
SIM4
1
21
22
SIM5
SIM1
SIM2
SIM3
SIM4
1
21
22
SIM5
SIM1
SIM2
SIM3
SIM4
1
21
22
SIM5
SIM1
SIM2
SIM3
SIM4
1
21
22
SIM5
SIM1
SIM2
SIM3
SIM4
1
21
22
SIM5
SIM1
SIM2
SIM3
SIM4
1
21
22
SIM5
SIM1
SIM2
SIM3
SIM4
1
21
22
SIM5
SIM1
SIM2
SIM3
SIM4
1
21
22
SIM5
SIM1
SIM2
SIM3
SIM4
1
21
22
SIM5
SIM1
SIM2
SIM3
SIM4
1
21
22
SIM5
SIM1
SIM2
SIM3
SIM4
1
21
22
SIM5
SIM1
SIM2
SIM3
SIM4
1
21
22
SIM5
SIM1
SIM2
SIM3
SIM4
1
21
22
SIM5
SIM1
SIM2
SIM3
SIM4
1
21
22
SIM5
SIM1
SIM2
SIM3
SIM4
1
21
22
SIM5
SIM1
SIM2
SIM3
SIM4
1
21
22
SIM5
SIM1
SIM2
SIM3
SIM4
1
21
22
SIM5
SIM1
SIM2
SIM3
SIM4
1
21
22
SIM5
SIM1
SIM2
SIM3
SIM4
1
21
22
SIM5
SIM1
SIM2
SIM3
SIM4
1
21
22
SIM5
SIM1
SIM2
SIM3
SIM4
1
21
22
SIM5
SIM1
SIM2
SIM3
SIM4
1
21
22
SIM5
SIM1
SIM2
SIM3
SIM4
1
21
22
SIM5
SIM1
SIM2
SIM3
SIM4
1
21
22
SIM5
SIM1
SIM2
SIM3
SIM4
1
21
22
SIM5
SIM1
SIM2
SIM3
SIM4
1
21
22
SIM5
SIM1
SIM2
SIM3
SIM4
1
21
22
SIM5
SIM1
SIM2
SIM3
SIM4
1
21
22
SIM5
SIM1
SIM2
SIM3
SIM4
1
21
22
SIM5
SIM1
SIM2
SIM3
SIM4
1
21
22
SIM5
SIM1
SIM2
SIM3
SIM4
1
21
22
SIM5
SIM1
SIM2
SIM3
SIM4
1
21
22
SIM5
SIM1
SIM2
SIM3
SIM4
1
21
22
SIM5
SIM1
SIM2
SIM3
SIM4
1
21
22
SIM5
SIM1
SIM2
SIM3
SIM4
1
21
22
SIM5
SIM1
SIM2
SIM3
SIM4
1
21
22
SIM5
SIM1
SIM2
SIM3
SIM4
1
21
22
SIM5
SIM1
SIM2
SIM3
SIM4
1
21
22
SIM5
SIM1
SIM2
SIM3
SIM4
1
21
22
SIM5
SIM1
SIM2
SIM3
SIM4
1
21
22
SIM5
SIM1
SIM2
SIM3
SIM4
1
21
22
SIM5
SIM1
SIM2
SIM3
SIM4
1
21
22
SIM5
SIM1
SIM2
SIM3
SIM4
1
21
22
SIM5
SIM1
SIM2
SIM3
SIM4
1
21
22
SIM5
SIM1
SIM2
SIM3
SIM4
1
21
22
SIM5
SIM1
SIM2
SIM3
SIM4
1
21
22
SIM5
SIM1
SIM2
SIM3
SIM4
1
21
22
SIM5
SIM1
SIM2
SIM3
SIM4
1
21
22
SIM5
SIM1
SIM2
SIM3
SIM4
1
21
22
SIM5
SIM1
SIM2
SIM3
SIM4
1
21
22
SIM5
SIM1
SIM2
SIM3
SIM4
1
21
22
SIM5
SIM1
SIM2
SIM3
SIM4
1
21
22
SIM5
SIM1
SIM2
SIM3
SIM4
1
21
22
SIM5
SIM1
SIM2
SIM3
SIM4
1
21
22
SIM5
SIM1
SIM2
SIM3
SIM4
1
21
22
SIM5
SIM1
SIM2
SIM3
SIM4
1
21
22
SIM5
SIM1
SIM2
SIM3
SIM4
1
21
22
SIM5
SIM1
SIM2
SIM3
SIM4
1
21
22
SIM5
SIM1
SIM2
SIM3
SIM4
1
21
22
SIM5
SIM1
SIM2
SIM3
SIM4
1
21
22
SIM5
SIM1
SIM2
SIM3
SIM4
1
21
22
SIM5
SIM1
SIM2
SIM3
SIM4
1
21
22
SIM5
SIM1
SIM2
SIM3
SIM4
1
21
22
SIM5
SIM1
SIM2
SIM3
SIM4
1
21
22
SIM5
SIM1
SIM2
SIM3
SIM4
1
21
22
SIM5
SIM1
SIM2
SIM3
SIM4
1
21
22
SIM5
SIM1
SIM2
SIM3
SIM4
1
21
22
SIM5
SIM1
SIM2
SIM3
SIM4
1
21
22
SIM5
SIM1
SIM2
SIM3
SIM4
1
21
22
SIM5
SIM1
SIM2
SIM3
SIM4
1
21
22
SIM5
SIM1
SIM2
SIM3
SIM4
1
21
22
SIM5
SIM1
SIM2
SIM3
SIM4
1
21
22
SIM5
SIM1
SIM2
SIM3
SIM4
1
21
22
SIM5
SIM1
SIM2
SIM3
SIM4
1
21
22
SIM5
SIM1
SIM2
SIM3
SIM4
1
21
22
SIM5
SIM1
SIM2
SIM3
SIM4
1
21
22
SIM5
SIM1
SIM2
SIM3
SIM4
1
21
22
SIM5
SIM1
SIM2
SIM3
SIM4
1
21
22
SIM5
SIM1
SIM2
SIM3
SIM4
1
21
22
SIM5
SIM1
SIM2
SIM3
SIM4
1
21
22
SIM5
SIM1
SIM2
SIM3
SIM4
1
21
22
SIM5
SIM1
SIM2
SIM3
SIM4
1
21
22
SIM5
SIM1
SIM2
SIM3
SIM4
1
21
22
SIM5
SIM1
SIM2
SIM3
SIM4
1
21
22
SIM5
SIM1
SIM2
SIM3
SIM4
1
21
22
SIM5
SIM1
SIM2
SIM3
SIM4
1
21
22
SIM5
SIM1
SIM2
SIM3
SIM4
1
21
22
SIM5
SIM1
SIM2
SIM3
SIM4
1
21
22
SIM5
SIM1
SIM2
SIM3
SIM4
1
21
22
SIM5
SIM1
SIM2
SIM3
SIM4
1
21
22
SIM5
SIM1
SIM2
SIM3
SIM4
1
21
22
SIM5
SIM1
SIM2
SIM3
SIM4
1
21
22
SIM5
SIM1
SIM2
SIM3
SIM4
1
21
22
SIM5
SIM1
SIM2
SIM3
SIM4
1
21
22
SIM5
SIM1
SIM2
SIM3
SIM4
1
21
22
SIM5
SIM1
SIM2
SIM3
SIM4
1
21
22
SIM5
SIM1
SIM2
SIM3
SIM4
1
21
22
SIM5
SIM1
SIM2
SIM3
SIM4
1
21
22
SIM5
SIM1
SIM2
SIM3
SIM4
1
21
22
SIM5
SIM1
SIM2
SIM3
SIM4
1
21
22
SIM5
SIM1
SIM2
SIM3
SIM4
1
21
22
SIM5
SIM1
SIM2
SIM3
SIM4
1
21
22
SIM5
SIM1
SIM2
SIM3
SIM4
1
21
22
SIM5
SIM1
SIM2
SIM3
SIM4
1
21
22
SIM5
SIM1
SIM2
SIM3
SIM4
1
21
22
SIM5
SIM1
SIM2
SIM3
SIM4
1
21
22
SIM5
SIM1
SIM2
SIM3
SIM4
1
21
22
SIM5
SIM1
SIM2
SIM3
SIM4
1
21
22
SIM5
SIM1
SIM2
SIM3
SIM4
1
21
22
SIM5
SIM1
SIM2
SIM3
SIM4
1
21
22
SIM5
SIM1
SIM2
SIM3
SIM4
1
21
22
SIM5
SIM1
SIM2
SIM3
SIM4
1
21
22
SIM5
SIM1
SIM2
SIM3
SIM4
1
21
22
SIM5
SIM1
SIM2
SIM3
SIM4
1
21
22
SIM5
SIM1
SIM2
SIM3
SIM4
1
21
22
SIM5
SIM1
SIM2
SIM3
SIM4
1
21
22
SIM5
SIM1
SIM2
SIM3
SIM4
1
21
22
SIM5
SIM1
SIM2
SIM3
SIM4
1
21
22
SIM5
SIM1
SIM2
SIM3
SIM4
1
21
22
SIM5
SIM1
SIM2
SIM3
SIM4
1
21
22
SIM5
SIM1
SIM2
SIM3
SIM4
1
21
22
SIM5
SIM1
SIM2
SIM3
SIM4
1
21
22
SIM5
SIM1
SIM2
SIM3
SIM4
1
21
22
SIM5
SIM1
SIM2
SIM3
SIM4
1
21
22
SIM5
SIM1
SIM2
SIM3
SIM4
1
21
22
SIM5
SIM1
SIM2
SIM3
SIM4
1
21
22
SIM5
SIM1
SIM2
SIM3
SIM4
1
21
22
SIM5
SIM1
SIM2
SIM3
SIM4
1
21
22
SIM5
SIM1
SIM2
SIM3
SIM4
1
21
22
SIM5
SIM1
SIM2
SIM3
SIM4
1
21
22
SIM5
SIM1
SIM2
SIM3
SIM4
1
21
22
SIM5
SIM1
SIM2
SIM3
SIM4
1
21
22
SIM5
SIM1
SIM2
SIM3
SIM4
1
21
22
SIM5
SIM1
SIM2
SIM3
SIM4
1
21
22
SIM5
SIM1
SIM2
SIM3
SIM4
1
21
22
SIM5
SIM1
SIM2
SIM3
SIM4
1
21
22
SIM5
SIM1
SIM2
SIM3
SIM4
1
21
22
SIM5
SIM1
SIM2
SIM3
SIM4
1
21
22
SIM5
SIM1
SIM2
SIM3
SIM4
1
21
22
SIM5
SIM1
SIM2
SIM3
SIM4
1
21
22
SIM5
SIM1
SIM2
SIM3
SIM4
1
21
22
SIM5
SIM1
SIM2
SIM3
SIM4
1
21
22
SIM5
SIM1
SIM2
SIM3
SIM4
1
21
22
SIM5
SIM1
SIM2
SIM3
SIM4
1
21
22
SIM5
SIM1
SIM2
SIM3
SIM4
1
21
22
SIM5
SIM1
SIM2
SIM3
SIM4
1
21
22
SIM5
SIM1
SIM2
SIM3
SIM4
1
21
22
SIM5
SIM1
SIM2
SIM3
SIM4
1
21
22
SIM5
SIM1
SIM2
SIM3
SIM4
1
21
22
SIM5
SIM1
SIM2
SIM3
SIM4
1
21
22
SIM5
SIM1
SIM2
SIM3
SIM4
1
21
22
SIM5
SIM1
SIM2
SIM3
SIM4
1
21
22
SIM5
SIM1
SIM2
SIM3
SIM4
1
21
22
SIM5
SIM1
SIM2
SIM3
SIM4
1
21
22
SIM5
SIM1
SIM2
SIM3
SIM4
1
21
22
SIM5
SIM1
SIM2
SIM3
SIM4
1
21
22
SIM5
SIM1
SIM2
SIM3
SIM4
1
21
22
SIM5
SIM1
SIM2
SIM3
SIM4
1
21
22
SIM5
SIM1
SIM2
SIM3
SIM4
1
21
22
SIM5
SIM1
SIM2
SIM3
SIM4
1
21
22
SIM5
SIM1
SIM2
SIM3
SIM4
1
21
22
SIM5
SIM1
SIM2
SIM3
SIM4
1
21
22
SIM5
SIM1
SIM2
SIM3
SIM4
1
21
22
SIM5
SIM1
SIM2
SIM3
SIM4
1
21
22
SIM5
SIM1
SIM2
SIM3
SIM4
1
21
22
SIM5
SIM1
SIM2
SIM3
SIM4
1
21
22
SIM5
SIM1
SIM2
SIM3
SIM4
1
21
22
SIM5
SIM1
SIM2
SIM3
SIM4
1
21
22
SIM5
SIM1
SIM2
SIM3
SIM4
1
21
22
SIM5
SIM1
SIM2
SIM3
SIM4
1
21
22
SIM5
SIM1
SIM2
SIM3
SIM4
1
21
22
SIM5
SIM1
SIM2
SIM3
SIM4
1
21
22
SIM5
SIM1
SIM2
SIM3
SIM4
1
21
22
SIM5
SIM1
SIM2
SIM3
SIM4
1
21
22
SIM5
SIM1
SIM2
SIM3
SIM4
1
21
22
SIM5
SIM1
SIM2
SIM3
SIM4
1
21
22
SIM5
SIM1
SIM2
SIM3
SIM4
1
21
22
SIM5
SIM1
SIM2
SIM3
SIM4
1
21
22
SIM5
SIM1
SIM2
SIM3
SIM4
1
21
22
SIM5
SIM1
SIM2
SIM3
SIM4
1
21
22
SIM5
SIM1
SIM2
SIM3
SIM4
1
21
22
SIM5
SIM1
SIM2
SIM3
SIM4
1
21
22
SIM5
SIM1
SIM2
SIM3
SIM4
1
21
22
SIM5
SIM1
SIM2
SIM3
SIM4
1
21
22
SIM5
SIM1
SIM2
SIM3
SIM4
1
21
22
SIM5
SIM1
SIM2
SIM3
SIM4
1
21
22
SIM5
SIM1
SIM2
SIM3
SIM4
1
21
22
SIM5
SIM1
SIM2
SIM3
SIM4
1
21
22
SIM5
SIM1
SIM2
SIM3
SIM4
1
21
22
SIM5
SIM1
SIM2
SIM3
SIM4
1
21
22
SIM5
SIM1
SIM2
SIM3
SIM4
1
21
22
SIM5
SIM1
SIM2
SIM3
SIM4
1
21
22
SIM5
SIM1
SIM2
SIM3
SIM4
1
21
22
SIM5
SIM1
SIM2
SIM3
SIM4
1
21
22
SIM5
SIM1
SIM2
SIM3
SIM4
1
21
22
SIM5
SIM1
SIM2
SIM3
SIM4
1
21
22
SIM5
SIM1
SIM2
SIM3
SIM4
1
21
22
SIM5
SIM1
SIM2
SIM3
SIM4
1
21
22
SIM5
SIM1
SIM2
SIM3
SIM4
1
21
22
SIM5
SIM1
SIM2
SIM3
SIM4
1
21
22
SIM5
SIM1
SIM2
SIM3
SIM4
1
21
22
SIM5
SIM1
SIM2
SIM3
SIM4
1
21
22
SIM5
SIM1
SIM2
SIM3
SIM4
1
21
22
SIM5
SIM1
SIM2
SIM3
SIM4
1
21
22
SIM5
SIM1
SIM2
SIM3
SIM4
1
21
22
SIM5
SIM1
SIM2
SIM3
SIM4
1
21
22
SIM5
SIM1
SIM2
SIM3
SIM4
1
21
22
SIM5
SIM1
SIM2
SIM3
SIM4
1
21
22
SIM5
SIM1
SIM2
SIM3
SIM4
1
21
22
SIM5
SIM1
SIM2
SIM3
SIM4
1
21
22
SIM5
SIM1
SIM2
SIM3
SIM4
1
21
22
SIM5
SIM1
SIM2
SIM3
SIM4
1
21
22
SIM5
SIM1
SIM2
SIM3
SIM4
1
21
22
SIM5
SIM1
SIM2
SIM3
SIM4
1
21
22
SIM5
SIM1
SIM2
SIM3
SIM4
1
21
22
SIM5
SIM1
SIM2
SIM3
SIM4
1
21
22
SIM5
SIM1
SIM2
SIM3
SIM4
1
21
22
SIM5
SIM1
SIM2
SIM3
SIM4
1
21
22
SIM5
SIM1
SIM2
SIM3
SIM4
1
21
22
SIM5
SIM1
SIM2
SIM3
SIM4
1
21
22
SIM5
SIM1
SIM2
SIM3
SIM4
1
21
22
SIM5
SIM1
SIM2
SIM3
SIM4
1
21
22
SIM5
SIM1
SIM2
SIM3
SIM4
1
21
22
SIM5
SIM1
SIM2
SIM3
SIM4
1
21
22
SIM5
SIM1
SIM2
SIM3
SIM4
1
21
22
SIM5
SIM1
SIM2
SIM3
SIM4
1
21
22
SIM5
SIM1
SIM2
SIM3
SIM4
1
21
22
SIM5
SIM1
SIM2
SIM3
SIM4
1
21
22
SIM5
SIM1
SIM2
SIM3
SIM4
1
21
22
SIM5
SIM1
SIM2
DEBUG 1 299
SIM1
SIM2
SIM3
SIM4
1
21
22
SIM5
SIM1
SIM2
SIM3
SIM4
1
21
22
SIM5
SIM1
SIM2
SIM3
SIM4
1
21
22
SIM5
SIM1
SIM2
SIM3
SIM4
1
21
22
SIM5
SIM1
SIM2
SIM3
SIM4
1
21
22
SIM5
SIM1
SIM2
SIM3
SIM4
1
21
22
SIM5
SIM1
SIM2
SIM3
SIM4
1
21
22
SIM5
SIM1
SIM2
SIM3
SIM4
1
21
22
SIM5
SIM1
SIM2
SIM3
SIM4
1
21
22
SIM5
SIM1
SIM2
SIM3
SIM4
1
21
22
SIM5
SIM1
SIM2
SIM3
SIM4
1
21
22
SIM5
SIM1
SIM2
SIM3
SIM4
1
21
22
SIM5
SIM1
SIM2
SIM3
SIM4
1
21
22
SIM5
SIM1
SIM2
SIM3
SIM4
1
21
22
SIM5
SIM1
SIM2
SIM3
SIM4
1
21
22
SIM5
SIM1
SIM2
SIM3
SIM4
1
21
22
SIM5
SIM1
SIM2
SIM3
SIM4
1
21
22
SIM5
SIM1
SIM2
SIM3
SIM4
1
21
22
SIM5
SIM1
SIM2
SIM3
SIM4
1
21
22
SIM5
SIM1
SIM2
SIM3
SIM4
1
21
22
SIM5
SIM1
SIM2
SIM3
SIM4
1
21
22
SIM5
SIM1
SIM2
SIM3
SIM4
1
21
22
SIM5
SIM1
SIM2
SIM3
SIM4
1
21
22
SIM5
SIM1
SIM2
SIM3
SIM4
1
21
22
SIM5
SIM1
SIM2
SIM3
SIM4
1
21
22
SIM5
SIM1
SIM2
SIM3
SIM4
1
21
22
SIM5
SIM1
SIM2
SIM3
SIM4
1
21
22
SIM5
SIM1
SIM2
SIM3
SIM4
1
21
22
SIM5
SIM1
SIM2
SIM3
SIM4
1
21
22
SIM5
SIM1
SIM2
SIM3
SIM4
1
21
22
SIM5
SIM1
SIM2
SIM3
SIM4
1
21
22
SIM5
SIM1
SIM2
SIM3
SIM4
1
21
22
SIM5
SIM1
SIM2
SIM3
SIM4
1
21
22
SIM5
SIM1
SIM2
SIM3
SIM4
1
21
22
SIM5
SIM1
SIM2
SIM3
SIM4
1
21
22
SIM5
SIM1
SIM2
SIM3
SIM4
1
21
22
SIM5
SIM1
SIM2
SIM3
SIM4
1
21
22
SIM5
SIM1
SIM2
SIM3
SIM4
1
21
22
SIM5
SIM1
SIM2
SIM3
SIM4
1
21
22
SIM5
SIM1
SIM2
SIM3
SIM4
1
21
22
SIM5
SIM1
SIM2
SIM3
SIM4
1
21
22
SIM5
SIM1
SIM2
SIM3
SIM4
1
21
22
SIM5
SIM1
SIM2
SIM3
SIM4
1
21
22
SIM5
SIM1
SIM2
SIM3
SIM4
1
21
22
SIM5
SIM1
SIM2
SIM3
SIM4
1
21
22
SIM5
SIM1
SIM2
SIM3
SIM4
1
21
22
SIM5
SIM1
SIM2
SIM3
SIM4
1
21
22
SIM5
SIM1
SIM2
SIM3
SIM4
1
21
22
SIM5
SIM1
SIM2
SIM3
SIM4
1
21
22
SIM5
SIM1
SIM2
SIM3
SIM4
1
21
22
SIM5
SIM1
SIM2
SIM3
SIM4
1
21
22
SIM5
SIM1
SIM2
SIM3
SIM4
1
21
22
SIM5
SIM1
SIM2
SIM3
SIM4
1
21
22
SIM5
SIM1
SIM2
SIM3
SIM4
1
21
22
SIM5
SIM1
SIM2
SIM3
SIM4
1
21
22
SIM5
SIM1
SIM2
SIM3
SIM4
1
21
22
SIM5
SIM1
SIM2
SIM3
SIM4
1
21
22
SIM5
SIM1
SIM2
SIM3
SIM4
1
21
22
SIM5
SIM1
SIM2
SIM3
SIM4
1
21
22
SIM5
SIM1
SIM2
SIM3
SIM4
1
21
22
SIM5
SIM1
SIM2
SIM3
SIM4
1
21
22
SIM5
SIM1
SIM2
SIM3
SIM4
1
21
22
SIM5
SIM1
SIM2
SIM3
SIM4
1
21
22
SIM5
SIM1
SIM2
SIM3
SIM4
1
21
22
SIM5
SIM1
SIM2
SIM3
SIM4
1
21
22
SIM5
SIM1
SIM2
SIM3
SIM4
1
21
22
SIM5
SIM1
SIM2
SIM3
SIM4
1
21
22
SIM5
SIM1
SIM2
SIM3
SIM4
1
21
22
SIM5
SIM1
SIM2
SIM3
SIM4
1
21
22
SIM5
SIM1
SIM2
SIM3
SIM4
1
21
22
SIM5
SIM1
SIM2
SIM3
SIM4
1
21
22
SIM5
SIM1
SIM2
SIM3
SIM4
1
21
22
SIM5
SIM1
SIM2
SIM3
SIM4
1
21
22
SIM5
SIM1
SIM2
SIM3
SIM4
1
21
22
SIM5
SIM1
SIM2
SIM3
SIM4
1
21
22
SIM5
SIM1
SIM2
SIM3
SIM4
1
21
22
SIM5
SIM1
SIM2
SIM3
SIM4
1
21
22
SIM5
SIM1
SIM2
SIM3
SIM4
1
21
22
SIM5
SIM1
SIM2
SIM3
SIM4
1
21
22
SIM5
SIM1
SIM2
SIM3
SIM4
1
21
22
SIM5
SIM1
SIM2
SIM3
SIM4
1
21
22
SIM5
SIM1
SIM2
SIM3
SIM4
1
21
22
SIM5
SIM1
SIM2
SIM3
SIM4
1
21
22
SIM5
SIM1
SIM2
SIM3
SIM4
1
21
22
SIM5
SIM1
SIM2
SIM3
SIM4
1
21
22
SIM5
SIM1
SIM2
SIM3
SIM4
1
21
22
SIM5
SIM1
SIM2
SIM3
SIM4
1
21
22
SIM5
SIM1
SIM2
SIM3
SIM4
1
21
22
SIM5
SIM1
SIM2
SIM3
SIM4
1
21
22
SIM5
SIM1
SIM2
SIM3
SIM4
1
21
22
SIM5
SIM1
SIM2
SIM3
SIM4
1
21
22
SIM5
SIM1
SIM2
SIM3
SIM4
1
21
22
SIM5
SIM1
SIM2
SIM3
SIM4
1
21
22
SIM5
SIM1
SIM2
SIM3
SIM4
1
21
22
SIM5
SIM1
SIM2
SIM3
SIM4
1
21
22
SIM5
SIM1
SIM2
SIM3
SIM4
1
21
22
SIM5
SIM1
SIM2
SIM3
SIM4
1
21
22
SIM5
SIM1
SIM2
SIM3
SIM4
1
21
22
SIM5
SIM1
SIM2
SIM3
SIM4
1
21
22
SIM5
SIM1
SIM2
SIM3
SIM4
1
21
22
SIM5
SIM1
SIM2
SIM3
SIM4
1
21
22
SIM5
SIM1
SIM2
SIM3
SIM4
1
21
22
SIM5
SIM1
SIM2
SIM3
SIM4
1
21
22
SIM5
SIM1
SIM2
SIM3
SIM4
1
21
22
SIM5
SIM1
SIM2
SIM3
SIM4
1
21
22
SIM5
SIM1
SIM2
SIM3
SIM4
1
21
22
SIM5
SIM1
SIM2
SIM3
SIM4
1
21
22
SIM5
SIM1
SIM2
SIM3
SIM4
1
21
22
SIM5
SIM1
SIM2
SIM3
SIM4
1
21
22
SIM5
SIM1
SIM2
SIM3
SIM4
1
21
22
SIM5
SIM1
SIM2
SIM3
SIM4
1
21
22
SIM5
SIM1
SIM2
SIM3
SIM4
1
21
22
SIM5
SIM1
SIM2
SIM3
SIM4
1
21
22
SIM5
SIM1
SIM2
SIM3
SIM4
1
21
22
SIM5
SIM1
SIM2
SIM3
SIM4
1
21
22
SIM5
SIM1
SIM2
SIM3
SIM4
1
21
22
SIM5
SIM1
SIM2
SIM3
SIM4
1
21
22
SIM5
SIM1
SIM2
SIM3
SIM4
1
21
22
SIM5
SIM1
SIM2
SIM3
SIM4
1
21
22
SIM5
SIM1
SIM2
SIM3
SIM4
1
21
22
SIM5
SIM1
SIM2
SIM3
SIM4
1
21
22
SIM5
SIM1
SIM2
SIM3
SIM4
1
21
22
SIM5
SIM1
SIM2
SIM3
SIM4
1
21
22
SIM5
SIM1
SIM2
SIM3
SIM4
1
21
22
SIM5
SIM1
SIM2
SIM3
SIM4
1
21
22
SIM5
SIM1
SIM2
SIM3
SIM4
1
21
22
SIM5
SIM1
SIM2
SIM3
SIM4
1
21
22
SIM5
SIM1
SIM2
SIM3
SIM4
1
21
22
SIM5
SIM1
SIM2
SIM3
SIM4
1
21
22
SIM5
SIM1
SIM2
SIM3
SIM4
1
21
22
SIM5
SIM1
SIM2
SIM3
SIM4
1
21
22
SIM5
SIM1
SIM2
SIM3
SIM4
1
21
22
SIM5
SIM1
SIM2
SIM3
SIM4
1
21
22
SIM5
SIM1
SIM2
SIM3
SIM4
1
21
22
SIM5
SIM1
SIM2
SIM3
SIM4
1
21
22
SIM5
SIM1
SIM2
SIM3
SIM4
1
21
22
SIM5
SIM1
SIM2
SIM3
SIM4
1
21
22
SIM5
SIM1
SIM2
SIM3
SIM4
1
21
22
SIM5
SIM1
SIM2
SIM3
SIM4
1
21
22
SIM5
SIM1
SIM2
SIM3
SIM4
1
21
22
SIM5
SIM1
SIM2
SIM3
SIM4
1
21
22
SIM5
SIM1
SIM2
SIM3
SIM4
1
21
22
SIM5
SIM1
SIM2
SIM3
SIM4
1
21
22
SIM5
SIM1
SIM2
SIM3
SIM4
1
21
22
SIM5
SIM1
SIM2
SIM3
SIM4
1
21
22
SIM5
SIM1
SIM2
SIM3
SIM4
1
21
22
SIM5
SIM1
SIM2
SIM3
SIM4
1
21
22
SIM5
SIM1
SIM2
SIM3
SIM4
1
21
22
SIM5
SIM1
SIM2
SIM3
SIM4
1
21
22
SIM5
SIM1
SIM2
SIM3
SIM4
1
21
22
SIM5
SIM1
SIM2
SIM3
SIM4
1
21
22
SIM5
SIM1
SIM2
SIM3
SIM4
1
21
22
SIM5
SIM1
SIM2
SIM3
SIM4
1
21
22
SIM5
SIM1
SIM2
SIM3
SIM4
1
21
22
SIM5
SIM1
SIM2
SIM3
SIM4
1
21
22
SIM5
SIM1
SIM2
SIM3
SIM4
1
21
22
SIM5
SIM1
SIM2
SIM3
SIM4
1
21
22
SIM5
SIM1
SIM2
SIM3
SIM4
1
21
22
SIM5
SIM1
SIM2
SIM3
SIM4
1
21
22
SIM5
SIM1
SIM2
SIM3
SIM4
1
21
22
SIM5
SIM1
SIM2
SIM3
SIM4
1
21
22
SIM5
SIM1
SIM2
SIM3
SIM4
1
21
22
SIM5
SIM1
SIM2
DEBUG 1 300
SIM1
SIM2
SIM3
SIM4
1
21
22
SIM5
SIM1
SIM2
SIM3
SIM4
1
21
22
SIM5
SIM1
SIM2
SIM3
SIM4
1
21
22
SIM5
SIM1
SIM2
SIM3
SIM4
1
21
22
SIM5
SIM1
SIM2
SIM3
SIM4
1
21
22
SIM5
SIM1
SIM2
SIM3
SIM4
1
21
22
SIM5
SIM1
SIM2
SIM3
SIM4
1
21
22
SIM5
SIM1
SIM2
SIM3
SIM4
1
21
22
SIM5
SIM1
SIM2
SIM3
SIM4
1
21
22
SIM5
SIM1
SIM2
SIM3
SIM4
1
21
22
SIM5
SIM1
SIM2
SIM3
SIM4
1
21
22
SIM5
SIM1
SIM2
SIM3
SIM4
1
21
22
SIM5
SIM1
SIM2
SIM3
SIM4
1
21
22
SIM5
SIM1
SIM2
SIM3
SIM4
1
21
22
SIM5
SIM1
SIM2
SIM3
SIM4
1
21
22
SIM5
SIM1
SIM2
SIM3
SIM4
1
21
22
SIM5
SIM1
SIM2
SIM3
SIM4
1
21
22
SIM5
SIM1
SIM2
SIM3
SIM4
1
21
22
SIM5
SIM1
SIM2
SIM3
SIM4
1
21
22
SIM5
SIM1
SIM2
SIM3
SIM4
1
21
22
SIM5
SIM1
SIM2
SIM3
SIM4
1
21
22
SIM5
SIM1
SIM2
SIM3
SIM4
1
21
22
SIM5
SIM1
SIM2
SIM3
SIM4
1
21
22
SIM5
SIM1
SIM2
SIM3
SIM4
1
21
22
SIM5
SIM1
SIM2
SIM3
SIM4
1
21
22
SIM5
SIM1
SIM2
SIM3
SIM4
1
21
22
SIM5
SIM1
SIM2
SIM3
SIM4
1
21
22
SIM5
SIM1
SIM2
SIM3
SIM4
1
21
22
SIM5
SIM1
SIM2
SIM3
SIM4
1
21
22
SIM5
SIM1
SIM2
SIM3
SIM4
1
21
22
SIM5
SIM1
SIM2
SIM3
SIM4
1
21
22
SIM5
SIM1
SIM2
SIM3
SIM4
1
21
22
SIM5
SIM1
SIM2
SIM3
SIM4
1
21
22
SIM5
SIM1
SIM2
SIM3
SIM4
1
21
22
SIM5
SIM1
SIM2
SIM3
SIM4
1
21
22
SIM5
SIM1
SIM2
SIM3
SIM4
1
21
22
SIM5
SIM1
SIM2
SIM3
SIM4
1
21
22
SIM5
SIM1
SIM2
SIM3
SIM4
1
21
22
SIM5
SIM1
SIM2
SIM3
SIM4
1
21
22
SIM5
SIM1
SIM2
SIM3
SIM4
1
21
22
SIM5
SIM1
SIM2
SIM3
SIM4
1
21
22
SIM5
SIM1
SIM2
SIM3
SIM4
1
21
22
SIM5
SIM1
SIM2
SIM3
SIM4
1
21
22
SIM5
SIM1
SIM2
SIM3
SIM4
1
21
22
SIM5
SIM1
SIM2
SIM3
SIM4
1
21
22
SIM5
SIM1
SIM2
SIM3
SIM4
1
21
22
SIM5
SIM1
SIM2
SIM3
SIM4
1
21
22
SIM5
SIM1
SIM2
SIM3
SIM4
1
21
22
SIM5
SIM1
SIM2
SIM3
SIM4
1
21
22
SIM5
SIM1
SIM2
SIM3
SIM4
1
21
22
SIM5
SIM1
SIM2
SIM3
SIM4
1
21
22
SIM5
SIM1
SIM2
SIM3
SIM4
1
21
22
SIM5
SIM1
SIM2
SIM3
SIM4
1
21
22
SIM5
SIM1
SIM2
SIM3
SIM4
1
21
22
SIM5
SIM1
SIM2
SIM3
SIM4
1
21
22
SIM5
SIM1
SIM2
SIM3
SIM4
1
21
22
SIM5
SIM1
SIM2
SIM3
SIM4
1
21
22
SIM5
SIM1
SIM2
SIM3
SIM4
1
21
22
SIM5
SIM1
SIM2
SIM3
SIM4
1
21
22
SIM5
SIM1
SIM2
SIM3
SIM4
1
21
22
SIM5
SIM1
SIM2
SIM3
SIM4
1
21
22
SIM5
SIM1
SIM2
SIM3
SIM4
1
21
22
SIM5
SIM1
SIM2
SIM3
SIM4
1
21
22
SIM5
SIM1
SIM2
SIM3
SIM4
1
21
22
SIM5
SIM1
SIM2
SIM3
SIM4
1
21
22
SIM5
SIM1
SIM2
SIM3
SIM4
1
21
22
SIM5
SIM1
SIM2
SIM3
SIM4
1
21
22
SIM5
SIM1
SIM2
SIM3
SIM4
1
21
22
SIM5
SIM1
SIM2
SIM3
SIM4
1
21
22
SIM5
SIM1
SIM2
SIM3
SIM4
1
21
22
SIM5
SIM1
SIM2
SIM3
SIM4
1
21
22
SIM5
SIM1
SIM2
SIM3
SIM4
1
21
22
SIM5
SIM1
SIM2
SIM3
SIM4
1
21
22
SIM5
SIM1
SIM2
SIM3
SIM4
1
21
22
SIM5
SIM1
SIM2
SIM3
SIM4
1
21
22
SIM5
SIM1
SIM2
SIM3
SIM4
1
21
22
SIM5
SIM1
SIM2
SIM3
SIM4
1
21
22
SIM5
SIM1
SIM2
SIM3
SIM4
1
21
22
SIM5
SIM1
SIM2
SIM3
SIM4
1
21
22
SIM5
SIM1
SIM2
SIM3
SIM4
1
21
22
SIM5
SIM1
SIM2
SIM3
SIM4
1
21
22
SIM5
SIM1
SIM2
SIM3
SIM4
1
21
22
SIM5
SIM1
SIM2
SIM3
SIM4
1
21
22
SIM5
SIM1
SIM2
SIM3
SIM4
1
21
22
SIM5
SIM1
SIM2
SIM3
SIM4
1
21
22
SIM5
SIM1
SIM2
SIM3
SIM4
1
21
22
SIM5
SIM1
SIM2
SIM3
SIM4
1
21
22
SIM5
SIM1
SIM2
SIM3
SIM4
1
21
22
SIM5
SIM1
SIM2
SIM3
SIM4
1
21
22
SIM5
SIM1
SIM2
SIM3
SIM4
1
21
22
SIM5
SIM1
SIM2
SIM3
SIM4
1
21
22
SIM5
SIM1
SIM2
SIM3
SIM4
1
21
22
SIM5
SIM1
SIM2
SIM3
SIM4
1
21
22
SIM5
SIM1
SIM2
SIM3
SIM4
1
21
22
SIM5
SIM1
SIM2
SIM3
SIM4
1
21
22
SIM5
SIM1
SIM2
SIM3
SIM4
1
21
22
SIM5
SIM1
SIM2
SIM3
SIM4
1
21
22
SIM5
SIM1
SIM2
SIM3
SIM4
1
21
22
SIM5
SIM1
SIM2
SIM3
SIM4
1
21
22
SIM5
SIM1
SIM2
SIM3
SIM4
1
21
22
SIM5
SIM1
SIM2
SIM3
SIM4
1
21
22
SIM5
SIM1
SIM2
SIM3
SIM4
1
21
22
SIM5
SIM1
SIM2
SIM3
SIM4
1
21
22
SIM5
SIM1
SIM2
SIM3
SIM4
1
21
22
SIM5
SIM1
SIM2
SIM3
SIM4
1
21
22
SIM5
SIM1
SIM2
SIM3
SIM4
1
21
22
SIM5
SIM1
SIM2
SIM3
SIM4
1
21
22
SIM5
SIM1
SIM2
SIM3
SIM4
1
21
22
SIM5
SIM1
SIM2
SIM3
SIM4
1
21
22
SIM5
SIM1
SIM2
SIM3
SIM4
1
21
22
SIM5
SIM1
SIM2
SIM3
SIM4
1
21
22
SIM5
SIM1
SIM2
SIM3
SIM4
1
21
22
SIM5
SIM1
SIM2
SIM3
SIM4
1
21
22
SIM5
SIM1
SIM2
SIM3
SIM4
1
21
22
SIM5
SIM1
SIM2
SIM3
SIM4
1
21
22
SIM5
SIM1
SIM2
SIM3
SIM4
1
21
22
SIM5
SIM1
SIM2
SIM3
SIM4
1
21
22
SIM5
SIM1
SIM2
SIM3
SIM4
1
21
22
SIM5
SIM1
SIM2
SIM3
SIM4
1
21
22
SIM5
SIM1
SIM2
SIM3
SIM4
1
21
22
SIM5
SIM1
SIM2
SIM3
SIM4
1
21
22
SIM5
SIM1
SIM2
SIM3
SIM4
1
21
22
SIM5
SIM1
SIM2
SIM3
SIM4
1
21
22
SIM5
SIM1
SIM2
SIM3
SIM4
1
21
22
SIM5
SIM1
SIM2
SIM3
SIM4
1
21
22
SIM5
SIM1
SIM2
SIM3
SIM4
1
21
22
SIM5
SIM1
SIM2
SIM3
SIM4
1
21
22
SIM5
SIM1
SIM2
SIM3
SIM4
1
21
22
SIM5
SIM1
SIM2
SIM3
SIM4
1
21
22
SIM5
SIM1
SIM2
SIM3
SIM4
1
21
22
SIM5
SIM1
SIM2
SIM3
SIM4
1
21
22
SIM5
SIM1
SIM2
SIM3
SIM4
1
21
22
SIM5
SIM1
SIM2
SIM3
SIM4
1
21
22
SIM5
SIM1
SIM2
SIM3
SIM4
1
21
22
SIM5
SIM1
SIM2
SIM3
SIM4
1
21
22
SIM5
SIM1
SIM2
SIM3
SIM4
1
21
22
SIM5
SIM1
SIM2
SIM3
SIM4
1
21
22
SIM5
SIM1
SIM2
SIM3
SIM4
1
21
22
SIM5
SIM1
SIM2
SIM3
SIM4
1
21
22
SIM5
SIM1
SIM2
SIM3
SIM4
1
21
22
SIM5
SIM1
SIM2
SIM3
SIM4
1
21
22
SIM5
SIM1
SIM2
SIM3
SIM4
1
21
22
SIM5
SIM1
SIM2
DEBUG 1 301
SIM1
SIM2
SIM3
SIM4
1
21
22
SIM5
SIM1
SIM2
SIM3
SIM4
1
21
22
SIM5
SIM1
SIM2
SIM3
SIM4
1
21
22
SIM5
SIM1
SIM2
SIM3
SIM4
1
21
22
SIM5
SIM1
SIM2
SIM3
SIM4
1
21
22
SIM5
SIM1
SIM2
SIM3
SIM4
1
21
22
SIM5
SIM1
SIM2
SIM3
SIM4
1
21
22
SIM5
SIM1
SIM2
SIM3
SIM4
1
21
22
SIM5
SIM1
SIM2
SIM3
SIM4
1
21
22
SIM5
SIM1
SIM2
SIM3
SIM4
1
21
22
SIM5
SIM1
SIM2
SIM3
SIM4
1
21
22
SIM5
SIM1
SIM2
SIM3
SIM4
1
21
22
SIM5
SIM1
SIM2
SIM3
SIM4
1
21
22
SIM5
SIM1
SIM2
SIM3
SIM4
1
21
22
SIM5
SIM1
SIM2
SIM3
SIM4
1
21
22
SIM5
SIM1
SIM2
SIM3
SIM4
1
21
22
SIM5
SIM1
SIM2
SIM3
SIM4
1
21
22
SIM5
SIM1
SIM2
SIM3
SIM4
1
21
22
SIM5
SIM1
SIM2
SIM3
SIM4
1
21
22
SIM5
SIM1
SIM2
SIM3
SIM4
1
21
22
SIM5
SIM1
SIM2
SIM3
SIM4
1
21
22
SIM5
SIM1
SIM2
SIM3
SIM4
1
21
22
SIM5
SIM1
SIM2
SIM3
SIM4
1
21
22
SIM5
SIM1
SIM2
SIM3
SIM4
1
21
22
SIM5
SIM1
SIM2
SIM3
SIM4
1
21
22
SIM5
SIM1
SIM2
SIM3
SIM4
1
21
22
SIM5
SIM1
SIM2
SIM3
SIM4
1
21
22
SIM5
SIM1
SIM2
SIM3
SIM4
1
21
22
SIM5
SIM1
SIM2
SIM3
SIM4
1
21
22
SIM5
SIM1
SIM2
SIM3
SIM4
1
21
22
SIM5
SIM1
SIM2
SIM3
SIM4
1
21
22
SIM5
SIM1
SIM2
SIM3
SIM4
1
21
22
SIM5
SIM1
SIM2
SIM3
SIM4
1
21
22
SIM5
SIM1
SIM2
SIM3
SIM4
1
21
22
SIM5
SIM1
SIM2
SIM3
SIM4
1
21
22
SIM5
SIM1
SIM2
SIM3
SIM4
1
21
22
SIM5
SIM1
SIM2
SIM3
SIM4
1
21
22
SIM5
SIM1
SIM2
SIM3
SIM4
1
21
22
SIM5
SIM1
SIM2
SIM3
SIM4
1
21
22
SIM5
SIM1
SIM2
SIM3
SIM4
1
21
22
SIM5
SIM1
SIM2
SIM3
SIM4
1
21
22
SIM5
SIM1
SIM2
SIM3
SIM4
1
21
22
SIM5
SIM1
SIM2
SIM3
SIM4
1
21
22
SIM5
SIM1
SIM2
SIM3
SIM4
1
21
22
SIM5
SIM1
SIM2
SIM3
SIM4
1
21
22
SIM5
SIM1
SIM2
SIM3
SIM4
1
21
22
SIM5
SIM1
SIM2
SIM3
SIM4
1
21
22
SIM5
SIM1
SIM2
SIM3
SIM4
1
21
22
SIM5
SIM1
SIM2
SIM3
SIM4
1
21
22
SIM5
SIM1
SIM2
SIM3
SIM4
1
21
22
SIM5
SIM1
SIM2
SIM3
SIM4
1
21
22
SIM5
SIM1
SIM2
SIM3
SIM4
1
21
22
SIM5
SIM1
SIM2
SIM3
SIM4
1
21
22
SIM5
SIM1
SIM2
SIM3
SIM4
1
21
22
SIM5
SIM1
SIM2
SIM3
SIM4
1
21
22
SIM5
SIM1
SIM2
SIM3
SIM4
1
21
22
SIM5
SIM1
SIM2
SIM3
SIM4
1
21
22
SIM5
SIM1
SIM2
SIM3
SIM4
1
21
22
SIM5
SIM1
SIM2
SIM3
SIM4
1
21
22
SIM5
SIM1
SIM2
SIM3
SIM4
1
21
22
SIM5
SIM1
SIM2
SIM3
SIM4
1
21
22
SIM5
SIM1
SIM2
SIM3
SIM4
1
21
22
SIM5
SIM1
SIM2
SIM3
SIM4
1
21
22
SIM5
SIM1
SIM2
SIM3
SIM4
1
21
22
SIM5
SIM1
SIM2
SIM3
SIM4
1
21
22
SIM5
SIM1
SIM2
SIM3
SIM4
1
21
22
SIM5
SIM1
SIM2
SIM3
SIM4
1
21
22
SIM5
SIM1
SIM2
SIM3
SIM4
1
21
22
SIM5
SIM1
SIM2
SIM3
SIM4
1
21
22
SIM5
SIM1
SIM2
SIM3
SIM4
1
21
22
SIM5
SIM1
SIM2
SIM3
SIM4
1
21
22
SIM5
SIM1
SIM2
SIM3
SIM4
1
21
22
SIM5
SIM1
SIM2
SIM3
SIM4
1
21
22
SIM5
SIM1
SIM2
SIM3
SIM4
1
21
22
SIM5
SIM1
SIM2
SIM3
SIM4
1
21
22
SIM5
SIM1
SIM2
SIM3
SIM4
1
21
22
SIM5
SIM1
SIM2
SIM3
SIM4
1
21
22
SIM5
SIM1
SIM2
SIM3
SIM4
1
21
22
SIM5
SIM1
SIM2
SIM3
SIM4
1
21
22
SIM5
SIM1
SIM2
SIM3
SIM4
1
21
22
SIM5
SIM1
SIM2
SIM3
SIM4
1
21
22
SIM5
SIM1
SIM2
SIM3
SIM4
1
21
22
SIM5
SIM1
SIM2
SIM3
SIM4
1
21
22
SIM5
SIM1
SIM2
SIM3
SIM4
1
21
22
SIM5
SIM1
SIM2
SIM3
SIM4
1
21
22
SIM5
SIM1
SIM2
SIM3
SIM4
1
21
22
SIM5
SIM1
SIM2
SIM3
SIM4
1
21
22
SIM5
SIM1
SIM2
SIM3
SIM4
1
21
22
SIM5
SIM1
SIM2
SIM3
SIM4
1
21
22
SIM5
SIM1
SIM2
SIM3
SIM4
1
21
22
SIM5
SIM1
SIM2
SIM3
SIM4
1
21
22
SIM5
SIM1
SIM2
SIM3
SIM4
1
21
22
SIM5
SIM1
SIM2
SIM3
SIM4
1
21
22
SIM5
SIM1
SIM2
SIM3
SIM4
1
21
22
SIM5
SIM1
SIM2
SIM3
SIM4
1
21
22
SIM5
SIM1
SIM2
SIM3
SIM4
1
21
22
SIM5
SIM1
SIM2
SIM3
SIM4
1
21
22
SIM5
SIM1
SIM2
SIM3
SIM4
1
21
22
SIM5
SIM1
SIM2
SIM3
SIM4
1
21
22
SIM5
SIM1
SIM2
SIM3
SIM4
1
21
22
SIM5
SIM1
SIM2
SIM3
SIM4
1
21
22
SIM5
SIM1
SIM2
SIM3
SIM4
1
21
22
SIM5
SIM1
SIM2
SIM3
SIM4
1
21
22
SIM5
SIM1
SIM2
SIM3
SIM4
1
21
22
SIM5
SIM1
SIM2
SIM3
SIM4
1
21
22
SIM5
SIM1
SIM2
SIM3
SIM4
1
21
22
SIM5
SIM1
SIM2
SIM3
SIM4
1
21
22
SIM5
SIM1
SIM2
SIM3
SIM4
1
21
22
SIM5
SIM1
SIM2
SIM3
SIM4
1
21
22
SIM5
SIM1
SIM2
SIM3
SIM4
1
21
22
SIM5
SIM1
SIM2
SIM3
SIM4
1
21
22
SIM5
SIM1
SIM2
SIM3
SIM4
1
21
22
SIM5
SIM1
SIM2
SIM3
SIM4
1
21
22
SIM5
SIM1
SIM2
SIM3
SIM4
1
21
22
SIM5
SIM1
SIM2
SIM3
SIM4
1
21
22
SIM5
SIM1
SIM2
SIM3
SIM4
1
21
22
SIM5
SIM1
SIM2
SIM3
SIM4
1
21
22
SIM5
SIM1
SIM2
SIM3
SIM4
1
21
22
SIM5
SIM1
SIM2
SIM3
SIM4
1
21
22
SIM5
SIM1
SIM2
SIM3
SIM4
1
21
22
SIM5
SIM1
SIM2
SIM3
SIM4
1
21
22
SIM5
SIM1
SIM2
SIM3
SIM4
1
21
22
SIM5
SIM1
SIM2
SIM3
SIM4
1
21
22
SIM5
SIM1
SIM2
SIM3
SIM4
1
21
22
SIM5
SIM1
SIM2
SIM3
SIM4
1
21
22
SIM5
SIM1
SIM2
SIM3
SIM4
1
21
22
SIM5
SIM1
SIM2
SIM3
SIM4
1
21
22
SIM5
SIM1
SIM2
SIM3
SIM4
1
21
22
SIM5
SIM1
SIM2
SIM3
SIM4
1
21
22
SIM5
SIM1
SIM2
SIM3
SIM4
1
21
22
SIM5
SIM1
SIM2
SIM3
SIM4
1
21
22
SIM5
SIM1
SIM2
SIM3
SIM4
1
21
22
SIM5
SIM1
SIM2
SIM3
SIM4
1
21
22
SIM5
SIM1
SIM2
SIM3
SIM4
1
21
22
SIM5
SIM1
SIM2
SIM3
SIM4
1
21
22
SIM5
SIM1
SIM2
SIM3
SIM4
1
21
22
SIM5
SIM1
SIM2
SIM3
SIM4
1
21
22
SIM5
SIM1
SIM2
SIM3
SIM4
1
21
22
SIM5
SIM1
SIM2
SIM3
SIM4
1
21
22
SIM5
SIM1
SIM2
SIM3
SIM4
1
21
22
SIM5
SIM1
SIM2
SIM3
SIM4
1
21
22
SIM5
SIM1
SIM2
SIM3
SIM4
1
21
22
SIM5
SIM1
SIM2
SIM3
SIM4
1
21
22
SIM5
SIM1
SIM2
SIM3
SIM4
1
21
22
SIM5
SIM1
SIM2
SIM3
SIM4
1
21
22
SIM5
SIM1
SIM2
SIM3
SIM4
1
21
22
SIM5
SIM1
SIM2
SIM3
SIM4
1
21
22
SIM5
SIM1
SIM2
SIM3
SIM4
1
21
22
SIM5
SIM1
SIM2
SIM3
SIM4
1
21
22
SIM5
SIM1
SIM2
SIM3
SIM4
1
21
22
SIM5
SIM1
SIM2
SIM3
SIM4
1
21
22
SIM5
SIM1
SIM2
SIM3
SIM4
1
21
22
SIM5
SIM1
SIM2
SIM3
SIM4
1
21
22
SIM5
SIM1
SIM2
SIM3
SIM4
1
21
22
SIM5
SIM1
SIM2
SIM3
SIM4
1
21
22
SIM5
SIM1
SIM2
SIM3
SIM4
1
21
22
SIM5
SIM1
SIM2
SIM3
SIM4
1
21
22
SIM5
SIM1
SIM2
SIM3
SIM4
1
21
22
SIM5
SIM1
SIM2
SIM3
SIM4
1
21
22
SIM5
SIM1
SIM2
SIM3
SIM4
1
21
22
SIM5
SIM1
SIM2
SIM3
SIM4
1
21
22
SIM5
SIM1
SIM2
SIM3
SIM4
1
21
22
SIM5
SIM1
SIM2
SIM3
SIM4
1
21
22
SIM5
SIM1
SIM2
SIM3
SIM4
1
21
22
SIM5
SIM1
SIM2
SIM3
SIM4
1
21
22
SIM5
SIM1
SIM2
SIM3
SIM4
1
21
22
SIM5
SIM1
SIM2
SIM3
SIM4
1
21
22
SIM5
SIM1
SIM2
SIM3
SIM4
1
21
22
SIM5
SIM1
SIM2
SIM3
SIM4
1
21
22
SIM5
SIM1
SIM2
SIM3
SIM4
1
21
22
SIM5
SIM1
SIM2
SIM3
SIM4
1
21
22
SIM5
SIM1
SIM2
SIM3
SIM4
1
21
22
SIM5
SIM1
SIM2
SIM3
SIM4
1
21
22
SIM5
SIM1
SIM2
SIM3
SIM4
1
21
22
SIM5
SIM1
SIM2
SIM3
SIM4
1
21
22
SIM5
SIM1
SIM2
SIM3
SIM4
1
21
22
SIM5
SIM1
SIM2
SIM3
SIM4
1
21
22
SIM5
SIM1
SIM2
SIM3
SIM4
1
21
22
SIM5
SIM1
SIM2
DEBUG 1 302
SIM1
SIM2
SIM3
SIM4
1
21
22
SIM5
SIM1
SIM2
SIM3
SIM4
1
21
22
SIM5
SIM1
SIM2
SIM3
SIM4
1
21
22
SIM5
SIM1
SIM2
SIM3
SIM4
1
21
22
SIM5
SIM1
SIM2
SIM3
SIM4
1
21
22
SIM5
SIM1
SIM2
SIM3
SIM4
1
21
22
SIM5
SIM1
SIM2
SIM3
SIM4
1
21
22
SIM5
SIM1
SIM2
SIM3
SIM4
1
21
22
SIM5
SIM1
SIM2
SIM3
SIM4
1
21
22
SIM5
SIM1
SIM2
SIM3
SIM4
1
21
22
SIM5
SIM1
SIM2
SIM3
SIM4
1
21
22
SIM5
SIM1
SIM2
SIM3
SIM4
1
21
22
SIM5
SIM1
SIM2
SIM3
SIM4
1
21
22
SIM5
SIM1
SIM2
SIM3
SIM4
1
21
22
SIM5
SIM1
SIM2
SIM3
SIM4
1
21
22
SIM5
SIM1
SIM2
SIM3
SIM4
1
21
22
SIM5
SIM1
SIM2
SIM3
SIM4
1
21
22
SIM5
SIM1
SIM2
SIM3
SIM4
1
21
22
SIM5
SIM1
SIM2
SIM3
SIM4
1
21
22
SIM5
SIM1
SIM2
SIM3
SIM4
1
21
22
SIM5
SIM1
SIM2
SIM3
SIM4
1
21
22
SIM5
SIM1
SIM2
SIM3
SIM4
1
21
22
SIM5
SIM1
SIM2
SIM3
SIM4
1
21
22
SIM5
SIM1
SIM2
SIM3
SIM4
1
21
22
SIM5
SIM1
SIM2
SIM3
SIM4
1
21
22
SIM5
SIM1
SIM2
SIM3
SIM4
1
21
22
SIM5
SIM1
SIM2
SIM3
SIM4
1
21
22
SIM5
SIM1
SIM2
SIM3
SIM4
1
21
22
SIM5
SIM1
SIM2
SIM3
SIM4
1
21
22
SIM5
SIM1
SIM2
SIM3
SIM4
1
21
22
SIM5
SIM1
SIM2
SIM3
SIM4
1
21
22
SIM5
SIM1
SIM2
SIM3
SIM4
1
21
22
SIM5
SIM1
SIM2
SIM3
SIM4
1
21
22
SIM5
SIM1
SIM2
SIM3
SIM4
1
21
22
SIM5
SIM1
SIM2
SIM3
SIM4
1
21
22
SIM5
SIM1
SIM2
SIM3
SIM4
1
21
22
SIM5
SIM1
SIM2
SIM3
SIM4
1
21
22
SIM5
SIM1
SIM2
SIM3
SIM4
1
21
22
SIM5
SIM1
SIM2
SIM3
SIM4
1
21
22
SIM5
SIM1
SIM2
SIM3
SIM4
1
21
22
SIM5
SIM1
SIM2
SIM3
SIM4
1
21
22
SIM5
SIM1
SIM2
SIM3
SIM4
1
21
22
SIM5
SIM1
SIM2
SIM3
SIM4
1
21
22
SIM5
SIM1
SIM2
SIM3
SIM4
1
21
22
SIM5
SIM1
SIM2
SIM3
SIM4
1
21
22
SIM5
SIM1
SIM2
SIM3
SIM4
1
21
22
SIM5
SIM1
SIM2
SIM3
SIM4
1
21
22
SIM5
SIM1
SIM2
SIM3
SIM4
1
21
22
SIM5
SIM1
SIM2
SIM3
SIM4
1
21
22
SIM5
SIM1
SIM2
SIM3
SIM4
1
21
22
SIM5
SIM1
SIM2
SIM3
SIM4
1
21
22
SIM5
SIM1
SIM2
SIM3
SIM4
1
21
22
SIM5
SIM1
SIM2
SIM3
SIM4
1
21
22
SIM5
SIM1
SIM2
SIM3
SIM4
1
21
22
SIM5
SIM1
SIM2
SIM3
SIM4
1
21
22
SIM5
SIM1
SIM2
SIM3
SIM4
1
21
22
SIM5
SIM1
SIM2
SIM3
SIM4
1
21
22
SIM5
SIM1
SIM2
SIM3
SIM4
1
21
22
SIM5
SIM1
SIM2
SIM3
SIM4
1
21
22
SIM5
SIM1
SIM2
SIM3
SIM4
1
21
22
SIM5
SIM1
SIM2
SIM3
SIM4
1
21
22
SIM5
SIM1
SIM2
SIM3
SIM4
1
21
22
SIM5
SIM1
SIM2
SIM3
SIM4
1
21
22
SIM5
SIM1
SIM2
SIM3
SIM4
1
21
22
SIM5
SIM1
SIM2
SIM3
SIM4
1
21
22
SIM5
SIM1
SIM2
SIM3
SIM4
1
21
22
SIM5
SIM1
SIM2
SIM3
SIM4
1
21
22
SIM5
SIM1
SIM2
SIM3
SIM4
1
21
22
SIM5
SIM1
SIM2
SIM3
SIM4
1
21
22
SIM5
SIM1
SIM2
SIM3
SIM4
1
21
22
SIM5
SIM1
SIM2
SIM3
SIM4
1
21
22
SIM5
SIM1
SIM2
SIM3
SIM4
1
21
22
SIM5
SIM1
SIM2
SIM3
SIM4
1
21
22
SIM5
SIM1
SIM2
SIM3
SIM4
1
21
22
SIM5
SIM1
SIM2
SIM3
SIM4
1
21
22
SIM5
SIM1
SIM2
SIM3
SIM4
1
21
22
SIM5
SIM1
SIM2
SIM3
SIM4
1
21
22
SIM5
SIM1
SIM2
SIM3
SIM4
1
21
22
SIM5
SIM1
SIM2
SIM3
SIM4
1
21
22
SIM5
SIM1
SIM2
SIM3
SIM4
1
21
22
SIM5
SIM1
SIM2
SIM3
SIM4
1
21
22
SIM5
SIM1
SIM2
SIM3
SIM4
1
21
22
SIM5
SIM1
SIM2
SIM3
SIM4
1
21
22
SIM5
SIM1
SIM2
SIM3
SIM4
1
21
22
SIM5
SIM1
SIM2
SIM3
SIM4
1
21
22
SIM5
SIM1
SIM2
SIM3
SIM4
1
21
22
SIM5
SIM1
SIM2
SIM3
SIM4
1
21
22
SIM5
SIM1
SIM2
SIM3
SIM4
1
21
22
SIM5
SIM1
SIM2
SIM3
SIM4
1
21
22
SIM5
SIM1
SIM2
SIM3
SIM4
1
21
22
SIM5
SIM1
SIM2
SIM3
SIM4
1
21
22
SIM5
SIM1
SIM2
SIM3
SIM4
1
21
22
SIM5
SIM1
SIM2
SIM3
SIM4
1
21
22
SIM5
SIM1
SIM2
SIM3
SIM4
1
21
22
SIM5
SIM1
SIM2
SIM3
SIM4
1
21
22
SIM5
SIM1
SIM2
SIM3
SIM4
1
21
22
SIM5
SIM1
SIM2
SIM3
SIM4
1
21
22
SIM5
SIM1
SIM2
SIM3
SIM4
1
21
22
SIM5
SIM1
SIM2
SIM3
SIM4
1
21
22
SIM5
SIM1
SIM2
SIM3
SIM4
1
21
22
SIM5
SIM1
SIM2
SIM3
SIM4
1
21
22
SIM5
SIM1
SIM2
SIM3
SIM4
1
21
22
SIM5
SIM1
SIM2
SIM3
SIM4
1
21
22
SIM5
SIM1
SIM2
SIM3
SIM4
1
21
22
SIM5
SIM1
SIM2
SIM3
SIM4
1
21
22
SIM5
SIM1
SIM2
SIM3
SIM4
1
21
22
SIM5
SIM1
SIM2
SIM3
SIM4
1
21
22
SIM5
SIM1
SIM2
SIM3
SIM4
1
21
22
SIM5
SIM1
SIM2
SIM3
SIM4
1
21
22
SIM5
SIM1
SIM2
SIM3
SIM4
1
21
22
SIM5
SIM1
SIM2
SIM3
SIM4
1
21
22
SIM5
SIM1
SIM2
SIM3
SIM4
1
21
22
SIM5
SIM1
SIM2
SIM3
SIM4
1
21
22
SIM5
SIM1
SIM2
SIM3
SIM4
1
21
22
SIM5
SIM1
SIM2
SIM3
SIM4
1
21
22
SIM5
SIM1
SIM2
SIM3
SIM4
1
21
22
SIM5
SIM1
SIM2
SIM3
SIM4
1
21
22
SIM5
SIM1
SIM2
SIM3
SIM4
1
21
22
SIM5
SIM1
SIM2
SIM3
SIM4
1
21
22
SIM5
SIM1
SIM2
SIM3
SIM4
1
21
22
SIM5
SIM1
SIM2
SIM3
SIM4
1
21
22
SIM5
SIM1
SIM2
SIM3
SIM4
1
21
22
SIM5
SIM1
SIM2
SIM3
SIM4
1
21
22
SIM5
SIM1
SIM2
SIM3
SIM4
1
21
22
SIM5
SIM1
SIM2
SIM3
SIM4
1
21
22
SIM5
SIM1
SIM2
SIM3
SIM4
1
21
22
SIM5
SIM1
SIM2
SIM3
SIM4
1
21
22
SIM5
SIM1
SIM2
SIM3
SIM4
1
21
22
SIM5
SIM1
SIM2
SIM3
SIM4
1
21
22
SIM5
SIM1
SIM2
SIM3
SIM4
1
21
22
SIM5
SIM1
SIM2
SIM3
SIM4
1
21
22
SIM5
SIM1
SIM2
SIM3
SIM4
1
21
22
SIM5
SIM1
SIM2
SIM3
SIM4
1
21
22
SIM5
SIM1
SIM2
SIM3
SIM4
1
21
22
SIM5
SIM1
SIM2
SIM3
SIM4
1
21
22
SIM5
SIM1
SIM2
SIM3
SIM4
1
21
22
SIM5
SIM1
SIM2
SIM3
SIM4
1
21
22
SIM5
SIM1
SIM2
SIM3
SIM4
1
21
22
SIM5
SIM1
SIM2
SIM3
SIM4
1
21
22
SIM5
SIM1
SIM2
SIM3
SIM4
1
21
22
SIM5
SIM1
SIM2
SIM3
SIM4
1
21
22
SIM5
SIM1
SIM2
SIM3
SIM4
1
21
22
SIM5
SIM1
SIM2
SIM3
SIM4
1
21
22
SIM5
SIM1
SIM2
SIM3
SIM4
1
21
22
SIM5
SIM1
SIM2
SIM3
SIM4
1
21
22
SIM5
SIM1
SIM2
SIM3
SIM4
1
21
22
SIM5
SIM1
SIM2
SIM3
SIM4
1
21
22
SIM5
SIM1
SIM2
SIM3
SIM4
1
21
22
SIM5
SIM1
SIM2
SIM3
SIM4
1
21
22
SIM5
SIM1
SIM2
SIM3
SIM4
1
21
22
SIM5
SIM1
SIM2
SIM3
SIM4
1
21
22
SIM5
SIM1
SIM2
SIM3
SIM4
1
21
22
SIM5
SIM1
SIM2
SIM3
SIM4
1
21
22
SIM5
SIM1
SIM2
SIM3
SIM4
1
21
22
SIM5
SIM1
SIM2
SIM3
SIM4
1
21
22
SIM5
SIM1
SIM2
SIM3
SIM4
1
21
22
SIM5
SIM1
SIM2
SIM3
SIM4
1
21
22
SIM5
SIM1
SIM2
SIM3
SIM4
1
21
22
SIM5
SIM1
SIM2
SIM3
SIM4
1
21
22
SIM5
SIM1
SIM2
SIM3
SIM4
1
21
22
SIM5
SIM1
SIM2
SIM3
SIM4
1
21
22
SIM5
SIM1
SIM2
SIM3
SIM4
1
21
22
SIM5
SIM1
SIM2
SIM3
SIM4
1
21
22
SIM5
SIM1
SIM2
SIM3
SIM4
1
21
22
SIM5
SIM1
SIM2
SIM3
SIM4
1
21
22
SIM5
SIM1
SIM2
SIM3
SIM4
1
21
22
SIM5
SIM1
SIM2
SIM3
SIM4
1
21
22
SIM5
SIM1
SIM2
SIM3
SIM4
1
21
22
SIM5
SIM1
SIM2
SIM3
SIM4
1
21
22
SIM5
SIM1
SIM2
SIM3
SIM4
1
21
22
SIM5
SIM1
SIM2
SIM3
SIM4
1
21
22
SIM5
SIM1
SIM2
SIM3
SIM4
1
21
22
SIM5
SIM1
SIM2
SIM3
SIM4
1
21
22
SIM5
SIM1
SIM2
SIM3
SIM4
1
21
22
SIM5
SIM1
SIM2
SIM3
SIM4
1
21
22
SIM5
SIM1
SIM2
SIM3
SIM4
1
21
22
SIM5
SIM1
SIM2
SIM3
SIM4
1
21
22
SIM5
SIM1
SIM2
SIM3
SIM4
1
21
22
SIM5
SIM1
SIM2
SIM3
SIM4
1
21
22
SIM5
SIM1
SIM2
SIM3
SIM4
1
21
22
SIM5
SIM1
SIM2
SIM3
SIM4
1
21
22
SIM5
SIM1
SIM2
SIM3
SIM4
1
21
22
SIM5
SIM1
SIM2
SIM3
SIM4
1
21
22
SIM5
SIM1
SIM2
SIM3
SIM4
1
21
22
SIM5
SIM1
SIM2
SIM3
SIM4
1
21
22
SIM5
SIM1
SIM2
SIM3
SIM4
1
21
22
SIM5
SIM1
SIM2
SIM3
SIM4
1
21
22
SIM5
SIM1
SIM2
DEBUG 1 303
SIM1
SIM2
SIM3
SIM4
1
21
22
SIM5
SIM1
SIM2
SIM3
SIM4
1
21
22
SIM5
SIM1
SIM2
SIM3
SIM4
1
21
22
SIM5
SIM1
SIM2
SIM3
SIM4
1
21
22
SIM5
SIM1
SIM2
SIM3
SIM4
1
21
22
SIM5
SIM1
SIM2
SIM3
SIM4
1
21
22
SIM5
SIM1
SIM2
SIM3
SIM4
1
21
22
SIM5
SIM1
SIM2
SIM3
SIM4
1
21
22
SIM5
SIM1
SIM2
SIM3
SIM4
1
21
22
SIM5
SIM1
SIM2
SIM3
SIM4
1
21
22
SIM5
SIM1
SIM2
SIM3
SIM4
1
21
22
SIM5
SIM1
SIM2
SIM3
SIM4
1
21
22
SIM5
SIM1
SIM2
SIM3
SIM4
1
21
22
SIM5
SIM1
SIM2
SIM3
SIM4
1
21
22
SIM5
SIM1
SIM2
SIM3
SIM4
1
21
22
SIM5
SIM1
SIM2
SIM3
SIM4
1
21
22
SIM5
SIM1
SIM2
SIM3
SIM4
1
21
22
SIM5
SIM1
SIM2
SIM3
SIM4
1
21
22
SIM5
SIM1
SIM2
SIM3
SIM4
1
21
22
SIM5
SIM1
SIM2
SIM3
SIM4
1
21
22
SIM5
SIM1
SIM2
SIM3
SIM4
1
21
22
SIM5
SIM1
SIM2
SIM3
SIM4
1
21
22
SIM5
SIM1
SIM2
SIM3
SIM4
1
21
22
SIM5
SIM1
SIM2
SIM3
SIM4
1
21
22
SIM5
SIM1
SIM2
SIM3
SIM4
1
21
22
SIM5
SIM1
SIM2
SIM3
SIM4
1
21
22
SIM5
SIM1
SIM2
SIM3
SIM4
1
21
22
SIM5
SIM1
SIM2
SIM3
SIM4
1
21
22
SIM5
SIM1
SIM2
SIM3
SIM4
1
21
22
SIM5
SIM1
SIM2
SIM3
SIM4
1
21
22
SIM5
SIM1
SIM2
SIM3
SIM4
1
21
22
SIM5
SIM1
SIM2
SIM3
SIM4
1
21
22
SIM5
SIM1
SIM2
SIM3
SIM4
1
21
22
SIM5
SIM1
SIM2
SIM3
SIM4
1
21
22
SIM5
SIM1
SIM2
SIM3
SIM4
1
21
22
SIM5
SIM1
SIM2
SIM3
SIM4
1
21
22
SIM5
SIM1
SIM2
SIM3
SIM4
1
21
22
SIM5
SIM1
SIM2
SIM3
SIM4
1
21
22
SIM5
SIM1
SIM2
SIM3
SIM4
1
21
22
SIM5
SIM1
SIM2
SIM3
SIM4
1
21
22
SIM5
SIM1
SIM2
SIM3
SIM4
1
21
22
SIM5
SIM1
SIM2
SIM3
SIM4
1
21
22
SIM5
SIM1
SIM2
SIM3
SIM4
1
21
22
SIM5
SIM1
SIM2
SIM3
SIM4
1
21
22
SIM5
SIM1
SIM2
SIM3
SIM4
1
21
22
SIM5
SIM1
SIM2
SIM3
SIM4
1
21
22
SIM5
SIM1
SIM2
SIM3
SIM4
1
21
22
SIM5
SIM1
SIM2
SIM3
SIM4
1
21
22
SIM5
SIM1
SIM2
SIM3
SIM4
1
21
22
SIM5
SIM1
SIM2
SIM3
SIM4
1
21
22
SIM5
SIM1
SIM2
SIM3
SIM4
1
21
22
SIM5
SIM1
SIM2
SIM3
SIM4
1
21
22
SIM5
SIM1
SIM2
SIM3
SIM4
1
21
22
SIM5
SIM1
SIM2
SIM3
SIM4
1
21
22
SIM5
SIM1
SIM2
SIM3
SIM4
1
21
22
SIM5
SIM1
SIM2
SIM3
SIM4
1
21
22
SIM5
SIM1
SIM2
SIM3
SIM4
1
21
22
SIM5
SIM1
SIM2
SIM3
SIM4
1
21
22
SIM5
SIM1
SIM2
SIM3
SIM4
1
21
22
SIM5
SIM1
SIM2
SIM3
SIM4
1
21
22
SIM5
SIM1
SIM2
SIM3
SIM4
1
21
22
SIM5
SIM1
SIM2
SIM3
SIM4
1
21
22
SIM5
SIM1
SIM2
SIM3
SIM4
1
21
22
SIM5
SIM1
SIM2
SIM3
SIM4
1
21
22
SIM5
SIM1
SIM2
SIM3
SIM4
1
21
22
SIM5
SIM1
SIM2
SIM3
SIM4
1
21
22
SIM5
SIM1
SIM2
SIM3
SIM4
1
21
22
SIM5
SIM1
SIM2
SIM3
SIM4
1
21
22
SIM5
SIM1
SIM2
SIM3
SIM4
1
21
22
SIM5
SIM1
SIM2
SIM3
SIM4
1
21
22
SIM5
SIM1
SIM2
SIM3
SIM4
1
21
22
SIM5
SIM1
SIM2
SIM3
SIM4
1
21
22
SIM5
SIM1
SIM2
SIM3
SIM4
1
21
22
SIM5
SIM1
SIM2
SIM3
SIM4
1
21
22
SIM5
SIM1
SIM2
SIM3
SIM4
1
21
22
SIM5
SIM1
SIM2
SIM3
SIM4
1
21
22
SIM5
SIM1
SIM2
SIM3
SIM4
1
21
22
SIM5
SIM1
SIM2
SIM3
SIM4
1
21
22
SIM5
SIM1
SIM2
SIM3
SIM4
1
21
22
SIM5
SIM1
SIM2
SIM3
SIM4
1
21
22
SIM5
SIM1
SIM2
SIM3
SIM4
1
21
22
SIM5
SIM1
SIM2
SIM3
SIM4
1
21
22
SIM5
SIM1
SIM2
SIM3
SIM4
1
21
22
SIM5
SIM1
SIM2
SIM3
SIM4
1
21
22
SIM5
SIM1
SIM2
SIM3
SIM4
1
21
22
SIM5
SIM1
SIM2
SIM3
SIM4
1
21
22
SIM5
SIM1
SIM2
SIM3
SIM4
1
21
22
SIM5
SIM1
SIM2
SIM3
SIM4
1
21
22
SIM5
SIM1
SIM2
SIM3
SIM4
1
21
22
SIM5
SIM1
SIM2
SIM3
SIM4
1
21
22
SIM5
SIM1
SIM2
SIM3
SIM4
1
21
22
SIM5
SIM1
SIM2
SIM3
SIM4
1
21
22
SIM5
SIM1
SIM2
SIM3
SIM4
1
21
22
SIM5
SIM1
SIM2
SIM3
SIM4
1
21
22
SIM5
SIM1
SIM2
SIM3
SIM4
1
21
22
SIM5
SIM1
SIM2
SIM3
SIM4
1
21
22
SIM5
SIM1
SIM2
SIM3
SIM4
1
21
22
SIM5
SIM1
SIM2
SIM3
SIM4
1
21
22
SIM5
SIM1
SIM2
SIM3
SIM4
1
21
22
SIM5
SIM1
SIM2
SIM3
SIM4
1
21
22
SIM5
SIM1
SIM2
SIM3
SIM4
1
21
22
SIM5
SIM1
SIM2
SIM3
SIM4
1
21
22
SIM5
SIM1
SIM2
SIM3
SIM4
1
21
22
SIM5
SIM1
SIM2
SIM3
SIM4
1
21
22
SIM5
SIM1
SIM2
SIM3
SIM4
1
21
22
SIM5
SIM1
SIM2
SIM3
SIM4
1
21
22
SIM5
SIM1
SIM2
SIM3
SIM4
1
21
22
SIM5
SIM1
SIM2
SIM3
SIM4
1
21
22
SIM5
SIM1
SIM2
SIM3
SIM4
1
21
22
SIM5
SIM1
SIM2
SIM3
SIM4
1
21
22
SIM5
SIM1
SIM2
SIM3
SIM4
1
21
22
SIM5
SIM1
SIM2
SIM3
SIM4
1
21
22
SIM5
SIM1
SIM2
SIM3
SIM4
1
21
22
SIM5
SIM1
SIM2
SIM3
SIM4
1
21
22
SIM5
SIM1
SIM2
SIM3
SIM4
1
21
22
SIM5
SIM1
SIM2
SIM3
SIM4
1
21
22
SIM5
SIM1
SIM2
SIM3
SIM4
1
21
22
SIM5
SIM1
SIM2
SIM3
SIM4
1
21
22
SIM5
SIM1
SIM2
SIM3
SIM4
1
21
22
SIM5
SIM1
SIM2
SIM3
SIM4
1
21
22
SIM5
SIM1
SIM2
SIM3
SIM4
1
21
22
SIM5
SIM1
SIM2
SIM3
SIM4
1
21
22
SIM5
SIM1
SIM2
SIM3
SIM4
1
21
22
SIM5
SIM1
SIM2
SIM3
SIM4
1
21
22
SIM5
SIM1
SIM2
SIM3
SIM4
1
21
22
SIM5
SIM1
SIM2
DEBUG 1 304
SIM1
SIM2
SIM3
SIM4
1
21
22
SIM5
SIM1
SIM2
SIM3
SIM4
1
21
22
SIM5
SIM1
SIM2
SIM3
SIM4
1
21
22
SIM5
SIM1
SIM2
SIM3
SIM4
1
21
22
SIM5
SIM1
SIM2
SIM3
SIM4
1
21
22
SIM5
SIM1
SIM2
SIM3
SIM4
1
21
22
SIM5
SIM1
SIM2
SIM3
SIM4
1
21
22
SIM5
SIM1
SIM2
SIM3
SIM4
1
21
22
SIM5
SIM1
SIM2
SIM3
SIM4
1
21
22
SIM5
SIM1
SIM2
SIM3
SIM4
1
21
22
SIM5
SIM1
SIM2
SIM3
SIM4
1
21
22
SIM5
SIM1
SIM2
SIM3
SIM4
1
21
22
SIM5
SIM1
SIM2
SIM3
SIM4
1
21
22
SIM5
SIM1
SIM2
SIM3
SIM4
1
21
22
SIM5
SIM1
SIM2
SIM3
SIM4
1
21
22
SIM5
SIM1
SIM2
SIM3
SIM4
1
21
22
SIM5
SIM1
SIM2
SIM3
SIM4
1
21
22
SIM5
SIM1
SIM2
SIM3
SIM4
1
21
22
SIM5
SIM1
SIM2
SIM3
SIM4
1
21
22
SIM5
SIM1
SIM2
SIM3
SIM4
1
21
22
SIM5
SIM1
SIM2
SIM3
SIM4
1
21
22
SIM5
SIM1
SIM2
SIM3
SIM4
1
21
22
SIM5
SIM1
SIM2
SIM3
SIM4
1
21
22
SIM5
SIM1
SIM2
SIM3
SIM4
1
21
22
SIM5
SIM1
SIM2
SIM3
SIM4
1
21
22
SIM5
SIM1
SIM2
SIM3
SIM4
1
21
22
SIM5
SIM1
SIM2
SIM3
SIM4
1
21
22
SIM5
SIM1
SIM2
SIM3
SIM4
1
21
22
SIM5
SIM1
SIM2
SIM3
SIM4
1
21
22
SIM5
SIM1
SIM2
SIM3
SIM4
1
21
22
SIM5
SIM1
SIM2
SIM3
SIM4
1
21
22
SIM5
SIM1
SIM2
SIM3
SIM4
1
21
22
SIM5
SIM1
SIM2
SIM3
SIM4
1
21
22
SIM5
SIM1
SIM2
SIM3
SIM4
1
21
22
SIM5
SIM1
SIM2
SIM3
SIM4
1
21
22
SIM5
SIM1
SIM2
SIM3
SIM4
1
21
22
SIM5
SIM1
SIM2
SIM3
SIM4
1
21
22
SIM5
SIM1
SIM2
SIM3
SIM4
1
21
22
SIM5
SIM1
SIM2
SIM3
SIM4
1
21
22
SIM5
SIM1
SIM2
SIM3
SIM4
1
21
22
SIM5
SIM1
SIM2
SIM3
SIM4
1
21
22
SIM5
SIM1
SIM2
SIM3
SIM4
1
21
22
SIM5
SIM1
SIM2
SIM3
SIM4
1
21
22
SIM5
SIM1
SIM2
SIM3
SIM4
1
21
22
SIM5
SIM1
SIM2
SIM3
SIM4
1
21
22
SIM5
SIM1
SIM2
SIM3
SIM4
1
21
22
SIM5
SIM1
SIM2
SIM3
SIM4
1
21
22
SIM5
SIM1
SIM2
SIM3
SIM4
1
21
22
SIM5
SIM1
SIM2
SIM3
SIM4
1
21
22
SIM5
SIM1
SIM2
SIM3
SIM4
1
21
22
SIM5
SIM1
SIM2
SIM3
SIM4
1
21
22
SIM5
SIM1
SIM2
SIM3
SIM4
1
21
22
SIM5
SIM1
SIM2
SIM3
SIM4
1
21
22
SIM5
SIM1
SIM2
SIM3
SIM4
1
21
22
SIM5
SIM1
SIM2
SIM3
SIM4
1
21
22
SIM5
SIM1
SIM2
SIM3
SIM4
1
21
22
SIM5
SIM1
SIM2
SIM3
SIM4
1
21
22
SIM5
SIM1
SIM2
SIM3
SIM4
1
21
22
SIM5
SIM1
SIM2
SIM3
SIM4
1
21
22
SIM5
SIM1
SIM2
SIM3
SIM4
1
21
22
SIM5
SIM1
SIM2
SIM3
SIM4
1
21
22
SIM5
SIM1
SIM2
SIM3
SIM4
1
21
22
SIM5
SIM1
SIM2
SIM3
SIM4
1
21
22
SIM5
SIM1
SIM2
SIM3
SIM4
1
21
22
SIM5
SIM1
SIM2
SIM3
SIM4
1
21
22
SIM5
SIM1
SIM2
SIM3
SIM4
1
21
22
SIM5
SIM1
SIM2
SIM3
SIM4
1
21
22
SIM5
SIM1
SIM2
SIM3
SIM4
1
21
22
SIM5
SIM1
SIM2
SIM3
SIM4
1
21
22
SIM5
SIM1
SIM2
SIM3
SIM4
1
21
22
SIM5
SIM1
SIM2
SIM3
SIM4
1
21
22
SIM5
SIM1
SIM2
SIM3
SIM4
1
21
22
SIM5
SIM1
SIM2
SIM3
SIM4
1
21
22
SIM5
SIM1
SIM2
SIM3
SIM4
1
21
22
SIM5
SIM1
SIM2
SIM3
SIM4
1
21
22
SIM5
SIM1
SIM2
SIM3
SIM4
1
21
22
SIM5
SIM1
SIM2
SIM3
SIM4
1
21
22
SIM5
SIM1
SIM2
SIM3
SIM4
1
21
22
SIM5
SIM1
SIM2
SIM3
SIM4
1
21
22
SIM5
SIM1
SIM2
SIM3
SIM4
1
21
22
SIM5
SIM1
SIM2
SIM3
SIM4
1
21
22
SIM5
SIM1
SIM2
SIM3
SIM4
1
21
22
SIM5
SIM1
SIM2
SIM3
SIM4
1
21
22
SIM5
SIM1
SIM2
SIM3
SIM4
1
21
22
SIM5
SIM1
SIM2
SIM3
SIM4
1
21
22
SIM5
SIM1
SIM2
SIM3
SIM4
1
21
22
SIM5
SIM1
SIM2
SIM3
SIM4
1
21
22
SIM5
SIM1
SIM2
SIM3
SIM4
1
21
22
SIM5
SIM1
SIM2
SIM3
SIM4
1
21
22
SIM5
SIM1
SIM2
SIM3
SIM4
1
21
22
SIM5
SIM1
SIM2
SIM3
SIM4
1
21
22
SIM5
SIM1
SIM2
SIM3
SIM4
1
21
22
SIM5
SIM1
SIM2
SIM3
SIM4
1
21
22
SIM5
SIM1
SIM2
SIM3
SIM4
1
21
22
SIM5
SIM1
SIM2
SIM3
SIM4
1
21
22
SIM5
SIM1
SIM2
SIM3
SIM4
1
21
22
SIM5
SIM1
SIM2
SIM3
SIM4
1
21
22
SIM5
SIM1
SIM2
SIM3
SIM4
1
21
22
SIM5
SIM1
SIM2
SIM3
SIM4
1
21
22
SIM5
SIM1
SIM2
SIM3
SIM4
1
21
22
SIM5
SIM1
SIM2
SIM3
SIM4
1
21
22
SIM5
SIM1
SIM2
SIM3
SIM4
1
21
22
SIM5
SIM1
SIM2
SIM3
SIM4
1
21
22
SIM5
SIM1
SIM2
SIM3
SIM4
1
21
22
SIM5
SIM1
SIM2
SIM3
SIM4
1
21
22
SIM5
SIM1
SIM2
SIM3
SIM4
1
21
22
SIM5
SIM1
SIM2
SIM3
SIM4
1
21
22
SIM5
SIM1
SIM2
SIM3
SIM4
1
21
22
SIM5
SIM1
SIM2
SIM3
SIM4
1
21
22
SIM5
SIM1
SIM2
SIM3
SIM4
1
21
22
SIM5
SIM1
SIM2
SIM3
SIM4
1
21
22
SIM5
SIM1
SIM2
SIM3
SIM4
1
21
22
SIM5
SIM1
SIM2
SIM3
SIM4
1
21
22
SIM5
SIM1
SIM2
SIM3
SIM4
1
21
22
SIM5
SIM1
SIM2
SIM3
SIM4
1
21
22
SIM5
SIM1
SIM2
SIM3
SIM4
1
21
22
SIM5
SIM1
SIM2
SIM3
SIM4
1
21
22
SIM5
SIM1
SIM2
SIM3
SIM4
1
21
22
SIM5
SIM1
SIM2
SIM3
SIM4
1
21
22
SIM5
SIM1
SIM2
SIM3
SIM4
1
21
22
SIM5
SIM1
SIM2
SIM3
SIM4
1
21
22
SIM5
SIM1
SIM2
SIM3
SIM4
1
21
22
SIM5
SIM1
SIM2
SIM3
SIM4
1
21
22
SIM5
SIM1
SIM2
SIM3
SIM4
1
21
22
SIM5
SIM1
SIM2
SIM3
SIM4
1
21
22
SIM5
SIM1
SIM2
SIM3
SIM4
1
21
22
SIM5
SIM1
SIM2
SIM3
SIM4
1
21
22
SIM5
SIM1
SIM2
SIM3
SIM4
1
21
22
SIM5
SIM1
SIM2
SIM3
SIM4
1
21
22
SIM5
SIM1
SIM2
SIM3
SIM4
1
21
22
SIM5
SIM1
SIM2
SIM3
SIM4
1
21
22
SIM5
SIM1
SIM2
SIM3
SIM4
1
21
22
SIM5
SIM1
SIM2
SIM3
SIM4
1
21
22
SIM5
SIM1
SIM2
SIM3
SIM4
1
21
22
SIM5
SIM1
SIM2
SIM3
SIM4
1
21
22
SIM5
SIM1
SIM2
SIM3
SIM4
1
21
22
SIM5
SIM1
SIM2
SIM3
SIM4
1
21
22
SIM5
SIM1
SIM2
SIM3
SIM4
1
21
22
SIM5
SIM1
SIM2
SIM3
SIM4
1
21
22
SIM5
SIM1
SIM2
SIM3
SIM4
1
21
22
SIM5
SIM1
SIM2
SIM3
SIM4
1
21
22
SIM5
SIM1
SIM2
SIM3
SIM4
1
21
22
SIM5
SIM1
SIM2
SIM3
SIM4
1
21
22
SIM5
SIM1
SIM2
DEBUG 1 305
SIM1
SIM2
SIM3
SIM4
1
21
22
SIM5
SIM1
SIM2
SIM3
SIM4
1
21
22
SIM5
SIM1
SIM2
SIM3
SIM4
1
21
22
SIM5
SIM1
SIM2
SIM3
SIM4
1
21
22
SIM5
SIM1
SIM2
SIM3
SIM4
1
21
22
SIM5
SIM1
SIM2
SIM3
SIM4
1
21
22
SIM5
SIM1
SIM2
SIM3
SIM4
1
21
22
SIM5
SIM1
SIM2
SIM3
SIM4
1
21
22
SIM5
SIM1
SIM2
SIM3
SIM4
1
21
22
SIM5
SIM1
SIM2
SIM3
SIM4
1
21
22
SIM5
SIM1
SIM2
SIM3
SIM4
1
21
22
SIM5
SIM1
SIM2
SIM3
SIM4
1
21
22
SIM5
SIM1
SIM2
SIM3
SIM4
1
21
22
SIM5
SIM1
SIM2
SIM3
SIM4
1
21
22
SIM5
SIM1
SIM2
SIM3
SIM4
1
21
22
SIM5
SIM1
SIM2
SIM3
SIM4
1
21
22
SIM5
SIM1
SIM2
SIM3
SIM4
1
21
22
SIM5
SIM1
SIM2
SIM3
SIM4
1
21
22
SIM5
SIM1
SIM2
SIM3
SIM4
1
21
22
SIM5
SIM1
SIM2
SIM3
SIM4
1
21
22
SIM5
SIM1
SIM2
SIM3
SIM4
1
21
22
SIM5
SIM1
SIM2
SIM3
SIM4
1
21
22
SIM5
SIM1
SIM2
SIM3
SIM4
1
21
22
SIM5
SIM1
SIM2
SIM3
SIM4
1
21
22
SIM5
SIM1
SIM2
SIM3
SIM4
1
21
22
SIM5
SIM1
SIM2
SIM3
SIM4
1
21
22
SIM5
SIM1
SIM2
SIM3
SIM4
1
21
22
SIM5
SIM1
SIM2
SIM3
SIM4
1
21
22
SIM5
SIM1
SIM2
SIM3
SIM4
1
21
22
SIM5
SIM1
SIM2
SIM3
SIM4
1
21
22
SIM5
SIM1
SIM2
SIM3
SIM4
1
21
22
SIM5
SIM1
SIM2
SIM3
SIM4
1
21
22
SIM5
SIM1
SIM2
SIM3
SIM4
1
21
22
SIM5
SIM1
SIM2
SIM3
SIM4
1
21
22
SIM5
SIM1
SIM2
SIM3
SIM4
1
21
22
SIM5
SIM1
SIM2
SIM3
SIM4
1
21
22
SIM5
SIM1
SIM2
SIM3
SIM4
1
21
22
SIM5
SIM1
SIM2
SIM3
SIM4
1
21
22
SIM5
SIM1
SIM2
SIM3
SIM4
1
21
22
SIM5
SIM1
SIM2
SIM3
SIM4
1
21
22
SIM5
SIM1
SIM2
SIM3
SIM4
1
21
22
SIM5
SIM1
SIM2
SIM3
SIM4
1
21
22
SIM5
SIM1
SIM2
SIM3
SIM4
1
21
22
SIM5
SIM1
SIM2
SIM3
SIM4
1
21
22
SIM5
SIM1
SIM2
SIM3
SIM4
1
21
22
SIM5
SIM1
SIM2
SIM3
SIM4
1
21
22
SIM5
SIM1
SIM2
SIM3
SIM4
1
21
22
SIM5
SIM1
SIM2
SIM3
SIM4
1
21
22
SIM5
SIM1
SIM2
SIM3
SIM4
1
21
22
SIM5
SIM1
SIM2
SIM3
SIM4
1
21
22
SIM5
SIM1
SIM2
SIM3
SIM4
1
21
22
SIM5
SIM1
SIM2
SIM3
SIM4
1
21
22
SIM5
SIM1
SIM2
SIM3
SIM4
1
21
22
SIM5
SIM1
SIM2
SIM3
SIM4
1
21
22
SIM5
SIM1
SIM2
SIM3
SIM4
1
21
22
SIM5
SIM1
SIM2
SIM3
SIM4
1
21
22
SIM5
SIM1
SIM2
SIM3
SIM4
1
21
22
SIM5
SIM1
SIM2
SIM3
SIM4
1
21
22
SIM5
SIM1
SIM2
SIM3
SIM4
1
21
22
SIM5
SIM1
SIM2
SIM3
SIM4
1
21
22
SIM5
SIM1
SIM2
SIM3
SIM4
1
21
22
SIM5
SIM1
SIM2
SIM3
SIM4
1
21
22
SIM5
SIM1
SIM2
SIM3
SIM4
1
21
22
SIM5
SIM1
SIM2
SIM3
SIM4
1
21
22
SIM5
SIM1
SIM2
SIM3
SIM4
1
21
22
SIM5
SIM1
SIM2
SIM3
SIM4
1
21
22
SIM5
SIM1
SIM2
SIM3
SIM4
1
21
22
SIM5
SIM1
SIM2
SIM3
SIM4
1
21
22
SIM5
SIM1
SIM2
SIM3
SIM4
1
21
22
SIM5
SIM1
SIM2
SIM3
SIM4
1
21
22
SIM5
SIM1
SIM2
SIM3
SIM4
1
21
22
SIM5
SIM1
SIM2
SIM3
SIM4
1
21
22
SIM5
SIM1
SIM2
SIM3
SIM4
1
21
22
SIM5
SIM1
SIM2
SIM3
SIM4
1
21
22
SIM5
SIM1
SIM2
SIM3
SIM4
1
21
22
SIM5
SIM1
SIM2
SIM3
SIM4
1
21
22
SIM5
SIM1
SIM2
SIM3
SIM4
1
21
22
SIM5
SIM1
SIM2
SIM3
SIM4
1
21
22
SIM5
SIM1
SIM2
SIM3
SIM4
1
21
22
SIM5
SIM1
SIM2
SIM3
SIM4
1
21
22
SIM5
SIM1
SIM2
SIM3
SIM4
1
21
22
SIM5
SIM1
SIM2
SIM3
SIM4
1
21
22
SIM5
SIM1
SIM2
SIM3
SIM4
1
21
22
SIM5
SIM1
SIM2
SIM3
SIM4
1
21
22
SIM5
SIM1
SIM2
SIM3
SIM4
1
21
22
SIM5
SIM1
SIM2
SIM3
SIM4
1
21
22
SIM5
SIM1
SIM2
SIM3
SIM4
1
21
22
SIM5
SIM1
SIM2
SIM3
SIM4
1
21
22
SIM5
SIM1
SIM2
SIM3
SIM4
1
21
22
SIM5
SIM1
SIM2
SIM3
SIM4
1
21
22
SIM5
SIM1
SIM2
SIM3
SIM4
1
21
22
SIM5
SIM1
SIM2
SIM3
SIM4
1
21
22
SIM5
SIM1
SIM2
SIM3
SIM4
1
21
22
SIM5
SIM1
SIM2
SIM3
SIM4
1
21
22
SIM5
SIM1
SIM2
SIM3
SIM4
1
21
22
SIM5
SIM1
SIM2
SIM3
SIM4
1
21
22
SIM5
SIM1
SIM2
SIM3
SIM4
1
21
22
SIM5
SIM1
SIM2
SIM3
SIM4
1
21
22
SIM5
SIM1
SIM2
SIM3
SIM4
1
21
22
SIM5
SIM1
SIM2
SIM3
SIM4
1
21
22
SIM5
SIM1
SIM2
SIM3
SIM4
1
21
22
SIM5
SIM1
SIM2
SIM3
SIM4
1
21
22
SIM5
SIM1
SIM2
SIM3
SIM4
1
21
22
SIM5
SIM1
SIM2
SIM3
SIM4
1
21
22
SIM5
SIM1
SIM2
SIM3
SIM4
1
21
22
SIM5
SIM1
SIM2
SIM3
SIM4
1
21
22
SIM5
SIM1
SIM2
SIM3
SIM4
1
21
22
SIM5
SIM1
SIM2
SIM3
SIM4
1
21
22
SIM5
SIM1
SIM2
SIM3
SIM4
1
21
22
SIM5
SIM1
SIM2
SIM3
SIM4
1
21
22
SIM5
SIM1
SIM2
SIM3
SIM4
1
21
22
SIM5
SIM1
SIM2
SIM3
SIM4
1
21
22
SIM5
SIM1
SIM2
SIM3
SIM4
1
21
22
SIM5
SIM1
SIM2
SIM3
SIM4
1
21
22
SIM5
SIM1
SIM2
SIM3
SIM4
1
21
22
SIM5
SIM1
SIM2
SIM3
SIM4
1
21
22
SIM5
SIM1
SIM2
SIM3
SIM4
1
21
22
SIM5
SIM1
SIM2
SIM3
SIM4
1
21
22
SIM5
SIM1
SIM2
SIM3
SIM4
1
21
22
SIM5
SIM1
SIM2
SIM3
SIM4
1
21
22
SIM5
SIM1
SIM2
SIM3
SIM4
1
21
22
SIM5
SIM1
SIM2
SIM3
SIM4
1
21
22
SIM5
SIM1
SIM2
SIM3
SIM4
1
21
22
SIM5
SIM1
SIM2
SIM3
SIM4
1
21
22
SIM5
SIM1
SIM2
SIM3
SIM4
1
21
22
SIM5
SIM1
SIM2
SIM3
SIM4
1
21
22
SIM5
SIM1
SIM2
SIM3
SIM4
1
21
22
SIM5
SIM1
SIM2
SIM3
SIM4
1
21
22
SIM5
SIM1
SIM2
SIM3
SIM4
1
21
22
SIM5
SIM1
SIM2
SIM3
SIM4
1
21
22
SIM5
SIM1
SIM2
SIM3
SIM4
1
21
22
SIM5
SIM1
SIM2
SIM3
SIM4
1
21
22
SIM5
SIM1
SIM2
SIM3
SIM4
1
21
22
SIM5
SIM1
SIM2
SIM3
SIM4
1
21
22
SIM5
SIM1
SIM2
SIM3
SIM4
1
21
22
SIM5
SIM1
SIM2
SIM3
SIM4
1
21
22
SIM5
SIM1
SIM2
SIM3
SIM4
1
21
22
SIM5
SIM1
SIM2
SIM3
SIM4
1
21
22
SIM5
SIM1
SIM2
SIM3
SIM4
1
21
22
SIM5
SIM1
SIM2
SIM3
SIM4
1
21
22
SIM5
SIM1
SIM2
SIM3
SIM4
1
21
22
SIM5
SIM1
SIM2
SIM3
SIM4
1
21
22
SIM5
SIM1
SIM2
SIM3
SIM4
1
21
22
SIM5
SIM1
SIM2
SIM3
SIM4
1
21
22
SIM5
SIM1
SIM2
SIM3
SIM4
1
21
22
SIM5
SIM1
SIM2
SIM3
SIM4
1
21
22
SIM5
SIM1
SIM2
SIM3
SIM4
1
21
22
SIM5
SIM1
SIM2
SIM3
SIM4
1
21
22
SIM5
SIM1
SIM2
SIM3
SIM4
1
21
22
SIM5
SIM1
SIM2
SIM3
SIM4
1
21
22
SIM5
SIM1
SIM2
SIM3
SIM4
1
21
22
SIM5
SIM1
SIM2
SIM3
SIM4
1
21
22
SIM5
SIM1
SIM2
SIM3
SIM4
1
21
22
SIM5
SIM1
SIM2
SIM3
SIM4
1
21
22
SIM5
SIM1
SIM2
SIM3
SIM4
1
21
22
SIM5
SIM1
SIM2
SIM3
SIM4
1
21
22
SIM5
SIM1
SIM2
SIM3
SIM4
1
21
22
SIM5
SIM1
SIM2
SIM3
SIM4
1
21
22
SIM5
SIM1
SIM2
SIM3
SIM4
1
21
22
SIM5
SIM1
SIM2
SIM3
SIM4
1
21
22
SIM5
SIM1
SIM2
SIM3
SIM4
1
21
22
SIM5
SIM1
SIM2
SIM3
SIM4
1
21
22
SIM5
SIM1
SIM2
SIM3
SIM4
1
21
22
SIM5
SIM1
SIM2
SIM3
SIM4
1
21
22
SIM5
SIM1
SIM2
SIM3
SIM4
1
21
22
SIM5
SIM1
SIM2
SIM3
SIM4
1
21
22
SIM5
SIM1
SIM2
SIM3
SIM4
1
21
22
SIM5
SIM1
SIM2
SIM3
SIM4
1
21
22
SIM5
SIM1
SIM2
SIM3
SIM4
1
21
22
SIM5
SIM1
SIM2
SIM3
SIM4
1
21
22
SIM5
SIM1
SIM2
SIM3
SIM4
1
21
22
SIM5
SIM1
SIM2
SIM3
SIM4
1
21
22
SIM5
SIM1
SIM2
SIM3
SIM4
1
21
22
SIM5
SIM1
SIM2
SIM3
SIM4
1
21
22
SIM5
SIM1
SIM2
SIM3
SIM4
1
21
22
SIM5
SIM1
SIM2
SIM3
SIM4
1
21
22
SIM5
SIM1
SIM2
SIM3
SIM4
1
21
22
SIM5
SIM1
SIM2
SIM3
SIM4
1
21
22
SIM5
SIM1
SIM2
SIM3
SIM4
1
21
22
SIM5
SIM1
SIM2
SIM3
SIM4
1
21
22
SIM5
SIM1
SIM2
SIM3
SIM4
1
21
22
SIM5
SIM1
SIM2
SIM3
SIM4
1
21
22
SIM5
SIM1
SIM2
SIM3
SIM4
1
21
22
SIM5
SIM1
SIM2
SIM3
SIM4
1
21
22
SIM5
SIM1
SIM2
SIM3
SIM4
1
21
22
SIM5
SIM1
SIM2
SIM3
SIM4
1
21
22
SIM5
SIM1
SIM2
SIM3
SIM4
1
21
22
SIM5
SIM1
SIM2
SIM3
SIM4
1
21
22
SIM5
SIM1
SIM2
SIM3
SIM4
1
21
22
SIM5
SIM1
SIM2
SIM3
SIM4
1
21
22
SIM5
SIM1
SIM2
SIM3
SIM4
1
21
22
SIM5
SIM1
SIM2
SIM3
SIM4
1
21
22
SIM5
SIM1
SIM2
DEBUG 1 306
SIM1
SIM2
SIM3
SIM4
1
21
22
SIM5
SIM1
SIM2
SIM3
SIM4
1
21
22
SIM5
SIM1
SIM2
SIM3
SIM4
1
21
22
SIM5
SIM1
SIM2
SIM3
SIM4
1
21
22
SIM5
SIM1
SIM2
SIM3
SIM4
1
21
22
SIM5
SIM1
SIM2
SIM3
SIM4
1
21
22
SIM5
SIM1
SIM2
SIM3
SIM4
1
21
22
SIM5
SIM1
SIM2
SIM3
SIM4
1
21
22
SIM5
SIM1
SIM2
SIM3
SIM4
1
21
22
SIM5
SIM1
SIM2
SIM3
SIM4
1
21
22
SIM5
SIM1
SIM2
SIM3
SIM4
1
21
22
SIM5
SIM1
SIM2
SIM3
SIM4
1
21
22
SIM5
SIM1
SIM2
SIM3
SIM4
1
21
22
SIM5
SIM1
SIM2
SIM3
SIM4
1
21
22
SIM5
SIM1
SIM2
SIM3
SIM4
1
21
22
SIM5
SIM1
SIM2
SIM3
SIM4
1
21
22
SIM5
SIM1
SIM2
SIM3
SIM4
1
21
22
SIM5
SIM1
SIM2
SIM3
SIM4
1
21
22
SIM5
SIM1
SIM2
SIM3
SIM4
1
21
22
SIM5
SIM1
SIM2
SIM3
SIM4
1
21
22
SIM5
SIM1
SIM2
SIM3
SIM4
1
21
22
SIM5
SIM1
SIM2
SIM3
SIM4
1
21
22
SIM5
SIM1
SIM2
SIM3
SIM4
1
21
22
SIM5
SIM1
SIM2
SIM3
SIM4
1
21
22
SIM5
SIM1
SIM2
SIM3
SIM4
1
21
22
SIM5
SIM1
SIM2
SIM3
SIM4
1
21
22
SIM5
SIM1
SIM2
SIM3
SIM4
1
21
22
SIM5
SIM1
SIM2
SIM3
SIM4
1
21
22
SIM5
SIM1
SIM2
SIM3
SIM4
1
21
22
SIM5
SIM1
SIM2
SIM3
SIM4
1
21
22
SIM5
SIM1
SIM2
SIM3
SIM4
1
21
22
SIM5
SIM1
SIM2
SIM3
SIM4
1
21
22
SIM5
SIM1
SIM2
SIM3
SIM4
1
21
22
SIM5
SIM1
SIM2
SIM3
SIM4
1
21
22
SIM5
SIM1
SIM2
SIM3
SIM4
1
21
22
SIM5
SIM1
SIM2
SIM3
SIM4
1
21
22
SIM5
SIM1
SIM2
SIM3
SIM4
1
21
22
SIM5
SIM1
SIM2
SIM3
SIM4
1
21
22
SIM5
SIM1
SIM2
SIM3
SIM4
1
21
22
SIM5
SIM1
SIM2
SIM3
SIM4
1
21
22
SIM5
SIM1
SIM2
SIM3
SIM4
1
21
22
SIM5
SIM1
SIM2
SIM3
SIM4
1
21
22
SIM5
SIM1
SIM2
SIM3
SIM4
1
21
22
SIM5
SIM1
SIM2
SIM3
SIM4
1
21
22
SIM5
SIM1
SIM2
SIM3
SIM4
1
21
22
SIM5
SIM1
SIM2
SIM3
SIM4
1
21
22
SIM5
SIM1
SIM2
SIM3
SIM4
1
21
22
SIM5
SIM1
SIM2
SIM3
SIM4
1
21
22
SIM5
SIM1
SIM2
SIM3
SIM4
1
21
22
SIM5
SIM1
SIM2
SIM3
SIM4
1
21
22
SIM5
SIM1
SIM2
SIM3
SIM4
1
21
22
SIM5
SIM1
SIM2
SIM3
SIM4
1
21
22
SIM5
SIM1
SIM2
SIM3
SIM4
1
21
22
SIM5
SIM1
SIM2
SIM3
SIM4
1
21
22
SIM5
SIM1
SIM2
SIM3
SIM4
1
21
22
SIM5
SIM1
SIM2
SIM3
SIM4
1
21
22
SIM5
SIM1
SIM2
SIM3
SIM4
1
21
22
SIM5
SIM1
SIM2
SIM3
SIM4
1
21
22
SIM5
SIM1
SIM2
SIM3
SIM4
1
21
22
SIM5
SIM1
SIM2
SIM3
SIM4
1
21
22
SIM5
SIM1
SIM2
SIM3
SIM4
1
21
22
SIM5
SIM1
SIM2
SIM3
SIM4
1
21
22
SIM5
SIM1
SIM2
SIM3
SIM4
1
21
22
SIM5
SIM1
SIM2
SIM3
SIM4
1
21
22
SIM5
SIM1
SIM2
SIM3
SIM4
1
21
22
SIM5
SIM1
SIM2
SIM3
SIM4
1
21
22
SIM5
SIM1
SIM2
SIM3
SIM4
1
21
22
SIM5
SIM1
SIM2
SIM3
SIM4
1
21
22
SIM5
SIM1
SIM2
SIM3
SIM4
1
21
22
SIM5
SIM1
SIM2
SIM3
SIM4
1
21
22
SIM5
SIM1
SIM2
SIM3
SIM4
1
21
22
SIM5
SIM1
SIM2
SIM3
SIM4
1
21
22
SIM5
SIM1
SIM2
SIM3
SIM4
1
21
22
SIM5
SIM1
SIM2
SIM3
SIM4
1
21
22
SIM5
SIM1
SIM2
SIM3
SIM4
1
21
22
SIM5
SIM1
SIM2
SIM3
SIM4
1
21
22
SIM5
SIM1
SIM2
SIM3
SIM4
1
21
22
SIM5
SIM1
SIM2
SIM3
SIM4
1
21
22
SIM5
SIM1
SIM2
SIM3
SIM4
1
21
22
SIM5
SIM1
SIM2
SIM3
SIM4
1
21
22
SIM5
SIM1
SIM2
SIM3
SIM4
1
21
22
SIM5
SIM1
SIM2
SIM3
SIM4
1
21
22
SIM5
SIM1
SIM2
SIM3
SIM4
1
21
22
SIM5
SIM1
SIM2
SIM3
SIM4
1
21
22
SIM5
SIM1
SIM2
SIM3
SIM4
1
21
22
SIM5
SIM1
SIM2
SIM3
SIM4
1
21
22
SIM5
SIM1
SIM2
SIM3
SIM4
1
21
22
SIM5
SIM1
SIM2
SIM3
SIM4
1
21
22
SIM5
SIM1
SIM2
SIM3
SIM4
1
21
22
SIM5
SIM1
SIM2
SIM3
SIM4
1
21
22
SIM5
SIM1
SIM2
SIM3
SIM4
1
21
22
SIM5
SIM1
SIM2
SIM3
SIM4
1
21
22
SIM5
SIM1
SIM2
SIM3
SIM4
1
21
22
SIM5
SIM1
SIM2
SIM3
SIM4
1
21
22
SIM5
SIM1
SIM2
SIM3
SIM4
1
21
22
SIM5
SIM1
SIM2
SIM3
SIM4
1
21
22
SIM5
SIM1
SIM2
SIM3
SIM4
1
21
22
SIM5
SIM1
SIM2
SIM3
SIM4
1
21
22
SIM5
SIM1
SIM2
SIM3
SIM4
1
21
22
SIM5
SIM1
SIM2
SIM3
SIM4
1
21
22
SIM5
SIM1
SIM2
SIM3
SIM4
1
21
22
SIM5
SIM1
SIM2
SIM3
SIM4
1
21
22
SIM5
SIM1
SIM2
SIM3
SIM4
1
21
22
SIM5
SIM1
SIM2
SIM3
SIM4
1
21
22
SIM5
SIM1
SIM2
SIM3
SIM4
1
21
22
SIM5
SIM1
SIM2
SIM3
SIM4
1
21
22
SIM5
SIM1
SIM2
SIM3
SIM4
1
21
22
SIM5
SIM1
SIM2
SIM3
SIM4
1
21
22
SIM5
SIM1
SIM2
SIM3
SIM4
1
21
22
SIM5
SIM1
SIM2
SIM3
SIM4
1
21
22
SIM5
SIM1
SIM2
SIM3
SIM4
1
21
22
SIM5
SIM1
SIM2
SIM3
SIM4
1
21
22
SIM5
SIM1
SIM2
SIM3
SIM4
1
21
22
SIM5
SIM1
SIM2
SIM3
SIM4
1
21
22
SIM5
SIM1
SIM2
SIM3
SIM4
1
21
22
SIM5
SIM1
SIM2
SIM3
SIM4
1
21
22
SIM5
SIM1
SIM2
SIM3
SIM4
1
21
22
SIM5
SIM1
SIM2
SIM3
SIM4
1
21
22
SIM5
SIM1
SIM2
SIM3
SIM4
1
21
22
SIM5
SIM1
SIM2
SIM3
SIM4
1
21
22
SIM5
SIM1
SIM2
SIM3
SIM4
1
21
22
SIM5
SIM1
SIM2
SIM3
SIM4
1
21
22
SIM5
SIM1
SIM2
SIM3
SIM4
1
21
22
SIM5
SIM1
SIM2
SIM3
SIM4
1
21
22
SIM5
SIM1
SIM2
SIM3
SIM4
1
21
22
SIM5
SIM1
SIM2
SIM3
SIM4
1
21
22
SIM5
SIM1
SIM2
SIM3
SIM4
1
21
22
SIM5
SIM1
SIM2
SIM3
SIM4
1
21
22
SIM5
SIM1
SIM2
SIM3
SIM4
1
21
22
SIM5
SIM1
SIM2
SIM3
SIM4
1
21
22
SIM5
SIM1
SIM2
SIM3
SIM4
1
21
22
SIM5
SIM1
SIM2
SIM3
SIM4
1
21
22
SIM5
SIM1
SIM2
DEBUG 1 307
SIM1
SIM2
SIM3
SIM4
1
21
22
SIM5
SIM1
SIM2
SIM3
SIM4
1
21
22
SIM5
SIM1
SIM2
SIM3
SIM4
1
21
22
SIM5
SIM1
SIM2
SIM3
SIM4
1
21
22
SIM5
SIM1
SIM2
SIM3
SIM4
1
21
22
SIM5
SIM1
SIM2
SIM3
SIM4
1
21
22
SIM5
SIM1
SIM2
SIM3
SIM4
1
21
22
SIM5
SIM1
SIM2
SIM3
SIM4
1
21
22
SIM5
SIM1
SIM2
SIM3
SIM4
1
21
22
SIM5
SIM1
SIM2
SIM3
SIM4
1
21
22
SIM5
SIM1
SIM2
SIM3
SIM4
1
21
22
SIM5
SIM1
SIM2
SIM3
SIM4
1
21
22
SIM5
SIM1
SIM2
SIM3
SIM4
1
21
22
SIM5
SIM1
SIM2
SIM3
SIM4
1
21
22
SIM5
SIM1
SIM2
SIM3
SIM4
1
21
22
SIM5
SIM1
SIM2
SIM3
SIM4
1
21
22
SIM5
SIM1
SIM2
SIM3
SIM4
1
21
22
SIM5
SIM1
SIM2
SIM3
SIM4
1
21
22
SIM5
SIM1
SIM2
SIM3
SIM4
1
21
22
SIM5
SIM1
SIM2
SIM3
SIM4
1
21
22
SIM5
SIM1
SIM2
SIM3
SIM4
1
21
22
SIM5
SIM1
SIM2
SIM3
SIM4
1
21
22
SIM5
SIM1
SIM2
SIM3
SIM4
1
21
22
SIM5
SIM1
SIM2
SIM3
SIM4
1
21
22
SIM5
SIM1
SIM2
SIM3
SIM4
1
21
22
SIM5
SIM1
SIM2
SIM3
SIM4
1
21
22
SIM5
SIM1
SIM2
SIM3
SIM4
1
21
22
SIM5
SIM1
SIM2
SIM3
SIM4
1
21
22
SIM5
SIM1
SIM2
SIM3
SIM4
1
21
22
SIM5
SIM1
SIM2
SIM3
SIM4
1
21
22
SIM5
SIM1
SIM2
SIM3
SIM4
1
21
22
SIM5
SIM1
SIM2
SIM3
SIM4
1
21
22
SIM5
SIM1
SIM2
SIM3
SIM4
1
21
22
SIM5
SIM1
SIM2
SIM3
SIM4
1
21
22
SIM5
SIM1
SIM2
SIM3
SIM4
1
21
22
SIM5
SIM1
SIM2
SIM3
SIM4
1
21
22
SIM5
SIM1
SIM2
SIM3
SIM4
1
21
22
SIM5
SIM1
SIM2
SIM3
SIM4
1
21
22
SIM5
SIM1
SIM2
SIM3
SIM4
1
21
22
SIM5
SIM1
SIM2
SIM3
SIM4
1
21
22
SIM5
SIM1
SIM2
SIM3
SIM4
1
21
22
SIM5
SIM1
SIM2
SIM3
SIM4
1
21
22
SIM5
SIM1
SIM2
SIM3
SIM4
1
21
22
SIM5
SIM1
SIM2
SIM3
SIM4
1
21
22
SIM5
SIM1
SIM2
SIM3
SIM4
1
21
22
SIM5
SIM1
SIM2
SIM3
SIM4
1
21
22
SIM5
SIM1
SIM2
SIM3
SIM4
1
21
22
SIM5
SIM1
SIM2
SIM3
SIM4
1
21
22
SIM5
SIM1
SIM2
SIM3
SIM4
1
21
22
SIM5
SIM1
SIM2
SIM3
SIM4
1
21
22
SIM5
SIM1
SIM2
SIM3
SIM4
1
21
22
SIM5
SIM1
SIM2
SIM3
SIM4
1
21
22
SIM5
SIM1
SIM2
SIM3
SIM4
1
21
22
SIM5
SIM1
SIM2
SIM3
SIM4
1
21
22
SIM5
SIM1
SIM2
SIM3
SIM4
1
21
22
SIM5
SIM1
SIM2
SIM3
SIM4
1
21
22
SIM5
SIM1
SIM2
SIM3
SIM4
1
21
22
SIM5
SIM1
SIM2
SIM3
SIM4
1
21
22
SIM5
SIM1
SIM2
SIM3
SIM4
1
21
22
SIM5
SIM1
SIM2
SIM3
SIM4
1
21
22
SIM5
SIM1
SIM2
SIM3
SIM4
1
21
22
SIM5
SIM1
SIM2
SIM3
SIM4
1
21
22
SIM5
SIM1
SIM2
SIM3
SIM4
1
21
22
SIM5
SIM1
SIM2
SIM3
SIM4
1
21
22
SIM5
SIM1
SIM2
SIM3
SIM4
1
21
22
SIM5
SIM1
SIM2
SIM3
SIM4
1
21
22
SIM5
SIM1
SIM2
SIM3
SIM4
1
21
22
SIM5
SIM1
SIM2
SIM3
SIM4
1
21
22
SIM5
SIM1
SIM2
SIM3
SIM4
1
21
22
SIM5
SIM1
SIM2
SIM3
SIM4
1
21
22
SIM5
SIM1
SIM2
SIM3
SIM4
1
21
22
SIM5
SIM1
SIM2
SIM3
SIM4
1
21
22
SIM5
SIM1
SIM2
SIM3
SIM4
1
21
22
SIM5
SIM1
SIM2
SIM3
SIM4
1
21
22
SIM5
SIM1
SIM2
SIM3
SIM4
1
21
22
SIM5
SIM1
SIM2
SIM3
SIM4
1
21
22
SIM5
SIM1
SIM2
SIM3
SIM4
1
21
22
SIM5
SIM1
SIM2
SIM3
SIM4
1
21
22
SIM5
SIM1
SIM2
SIM3
SIM4
1
21
22
SIM5
SIM1
SIM2
SIM3
SIM4
1
21
22
SIM5
SIM1
SIM2
SIM3
SIM4
1
21
22
SIM5
SIM1
SIM2
SIM3
SIM4
1
21
22
SIM5
SIM1
SIM2
SIM3
SIM4
1
21
22
SIM5
SIM1
SIM2
SIM3
SIM4
1
21
22
SIM5
SIM1
SIM2
SIM3
SIM4
1
21
22
SIM5
SIM1
SIM2
SIM3
SIM4
1
21
22
SIM5
SIM1
SIM2
SIM3
SIM4
1
21
22
SIM5
SIM1
SIM2
SIM3
SIM4
1
21
22
SIM5
SIM1
SIM2
SIM3
SIM4
1
21
22
SIM5
SIM1
SIM2
SIM3
SIM4
1
21
22
SIM5
SIM1
SIM2
SIM3
SIM4
1
21
22
SIM5
SIM1
SIM2
SIM3
SIM4
1
21
22
SIM5
SIM1
SIM2
SIM3
SIM4
1
21
22
SIM5
SIM1
SIM2
SIM3
SIM4
1
21
22
SIM5
SIM1
SIM2
SIM3
SIM4
1
21
22
SIM5
SIM1
SIM2
SIM3
SIM4
1
21
22
SIM5
SIM1
SIM2
SIM3
SIM4
1
21
22
SIM5
SIM1
SIM2
SIM3
SIM4
1
21
22
SIM5
SIM1
SIM2
SIM3
SIM4
1
21
22
SIM5
SIM1
SIM2
SIM3
SIM4
1
21
22
SIM5
SIM1
SIM2
SIM3
SIM4
1
21
22
SIM5
SIM1
SIM2
SIM3
SIM4
1
21
22
SIM5
SIM1
SIM2
SIM3
SIM4
1
21
22
SIM5
SIM1
SIM2
SIM3
SIM4
1
21
22
SIM5
SIM1
SIM2
SIM3
SIM4
1
21
22
SIM5
SIM1
SIM2
SIM3
SIM4
1
21
22
SIM5
SIM1
SIM2
SIM3
SIM4
1
21
22
SIM5
SIM1
SIM2
SIM3
SIM4
1
21
22
SIM5
SIM1
SIM2
SIM3
SIM4
1
21
22
SIM5
SIM1
SIM2
SIM3
SIM4
1
21
22
SIM5
SIM1
SIM2
SIM3
SIM4
1
21
22
SIM5
SIM1
SIM2
SIM3
SIM4
1
21
22
SIM5
SIM1
SIM2
SIM3
SIM4
1
21
22
SIM5
SIM1
SIM2
SIM3
SIM4
1
21
22
SIM5
SIM1
SIM2
SIM3
SIM4
1
21
22
SIM5
SIM1
SIM2
SIM3
SIM4
1
21
22
SIM5
SIM1
SIM2
SIM3
SIM4
1
21
22
SIM5
SIM1
SIM2
SIM3
SIM4
1
21
22
SIM5
SIM1
SIM2
SIM3
SIM4
1
21
22
SIM5
SIM1
SIM2
SIM3
SIM4
1
21
22
SIM5
SIM1
SIM2
SIM3
SIM4
1
21
22
SIM5
SIM1
SIM2
SIM3
SIM4
1
21
22
SIM5
SIM1
SIM2
DEBUG 1 308
SIM1
SIM2
SIM3
SIM4
1
21
22
SIM5
SIM1
SIM2
SIM3
SIM4
1
21
22
SIM5
SIM1
SIM2
SIM3
SIM4
1
21
22
SIM5
SIM1
SIM2
SIM3
SIM4
1
21
22
SIM5
SIM1
SIM2
SIM3
SIM4
1
21
22
SIM5
SIM1
SIM2
SIM3
SIM4
1
21
22
SIM5
SIM1
SIM2
SIM3
SIM4
1
21
22
SIM5
SIM1
SIM2
SIM3
SIM4
1
21
22
SIM5
SIM1
SIM2
SIM3
SIM4
1
21
22
SIM5
SIM1
SIM2
SIM3
SIM4
1
21
22
SIM5
SIM1
SIM2
SIM3
SIM4
1
21
22
SIM5
SIM1
SIM2
SIM3
SIM4
1
21
22
SIM5
SIM1
SIM2
SIM3
SIM4
1
21
22
SIM5
SIM1
SIM2
SIM3
SIM4
1
21
22
SIM5
SIM1
SIM2
SIM3
SIM4
1
21
22
SIM5
SIM1
SIM2
SIM3
SIM4
1
21
22
SIM5
SIM1
SIM2
SIM3
SIM4
1
21
22
SIM5
SIM1
SIM2
SIM3
SIM4
1
21
22
SIM5
SIM1
SIM2
SIM3
SIM4
1
21
22
SIM5
SIM1
SIM2
SIM3
SIM4
1
21
22
SIM5
SIM1
SIM2
SIM3
SIM4
1
21
22
SIM5
SIM1
SIM2
SIM3
SIM4
1
21
22
SIM5
SIM1
SIM2
SIM3
SIM4
1
21
22
SIM5
SIM1
SIM2
SIM3
SIM4
1
21
22
SIM5
SIM1
SIM2
SIM3
SIM4
1
21
22
SIM5
SIM1
SIM2
SIM3
SIM4
1
21
22
SIM5
SIM1
SIM2
SIM3
SIM4
1
21
22
SIM5
SIM1
SIM2
SIM3
SIM4
1
21
22
SIM5
SIM1
SIM2
SIM3
SIM4
1
21
22
SIM5
SIM1
SIM2
SIM3
SIM4
1
21
22
SIM5
SIM1
SIM2
SIM3
SIM4
1
21
22
SIM5
SIM1
SIM2
SIM3
SIM4
1
21
22
SIM5
SIM1
SIM2
SIM3
SIM4
1
21
22
SIM5
SIM1
SIM2
SIM3
SIM4
1
21
22
SIM5
SIM1
SIM2
SIM3
SIM4
1
21
22
SIM5
SIM1
SIM2
SIM3
SIM4
1
21
22
SIM5
SIM1
SIM2
SIM3
SIM4
1
21
22
SIM5
SIM1
SIM2
SIM3
SIM4
1
21
22
SIM5
SIM1
SIM2
SIM3
SIM4
1
21
22
SIM5
SIM1
SIM2
SIM3
SIM4
1
21
22
SIM5
SIM1
SIM2
SIM3
SIM4
1
21
22
SIM5
SIM1
SIM2
SIM3
SIM4
1
21
22
SIM5
SIM1
SIM2
SIM3
SIM4
1
21
22
SIM5
SIM1
SIM2
SIM3
SIM4
1
21
22
SIM5
SIM1
SIM2
SIM3
SIM4
1
21
22
SIM5
SIM1
SIM2
SIM3
SIM4
1
21
22
SIM5
SIM1
SIM2
SIM3
SIM4
1
21
22
SIM5
SIM1
SIM2
SIM3
SIM4
1
21
22
SIM5
SIM1
SIM2
SIM3
SIM4
1
21
22
SIM5
SIM1
SIM2
SIM3
SIM4
1
21
22
SIM5
SIM1
SIM2
SIM3
SIM4
1
21
22
SIM5
SIM1
SIM2
SIM3
SIM4
1
21
22
SIM5
SIM1
SIM2
SIM3
SIM4
1
21
22
SIM5
SIM1
SIM2
SIM3
SIM4
1
21
22
SIM5
SIM1
SIM2
SIM3
SIM4
1
21
22
SIM5
SIM1
SIM2
SIM3
SIM4
1
21
22
SIM5
SIM1
SIM2
SIM3
SIM4
1
21
22
SIM5
SIM1
SIM2
SIM3
SIM4
1
21
22
SIM5
SIM1
SIM2
SIM3
SIM4
1
21
22
SIM5
SIM1
SIM2
SIM3
SIM4
1
21
22
SIM5
SIM1
SIM2
SIM3
SIM4
1
21
22
SIM5
SIM1
SIM2
SIM3
SIM4
1
21
22
SIM5
SIM1
SIM2
SIM3
SIM4
1
21
22
SIM5
SIM1
SIM2
SIM3
SIM4
1
21
22
SIM5
SIM1
SIM2
SIM3
SIM4
1
21
22
SIM5
SIM1
SIM2
SIM3
SIM4
1
21
22
SIM5
SIM1
SIM2
SIM3
SIM4
1
21
22
SIM5
SIM1
SIM2
SIM3
SIM4
1
21
22
SIM5
SIM1
SIM2
SIM3
SIM4
1
21
22
SIM5
SIM1
SIM2
SIM3
SIM4
1
21
22
SIM5
SIM1
SIM2
SIM3
SIM4
1
21
22
SIM5
SIM1
SIM2
SIM3
SIM4
1
21
22
SIM5
SIM1
SIM2
SIM3
SIM4
1
21
22
SIM5
SIM1
SIM2
SIM3
SIM4
1
21
22
SIM5
SIM1
SIM2
SIM3
SIM4
1
21
22
SIM5
SIM1
SIM2
SIM3
SIM4
1
21
22
SIM5
SIM1
SIM2
SIM3
SIM4
1
21
22
SIM5
SIM1
SIM2
SIM3
SIM4
1
21
22
SIM5
SIM1
SIM2
SIM3
SIM4
1
21
22
SIM5
SIM1
SIM2
SIM3
SIM4
1
21
22
SIM5
SIM1
SIM2
SIM3
SIM4
1
21
22
SIM5
SIM1
SIM2
SIM3
SIM4
1
21
22
SIM5
SIM1
SIM2
SIM3
SIM4
1
21
22
SIM5
SIM1
SIM2
SIM3
SIM4
1
21
22
SIM5
SIM1
SIM2
SIM3
SIM4
1
21
22
SIM5
SIM1
SIM2
SIM3
SIM4
1
21
22
SIM5
SIM1
SIM2
SIM3
SIM4
1
21
22
SIM5
SIM1
SIM2
SIM3
SIM4
1
21
22
SIM5
SIM1
SIM2
SIM3
SIM4
1
21
22
SIM5
SIM1
SIM2
SIM3
SIM4
1
21
22
SIM5
SIM1
SIM2
SIM3
SIM4
1
21
22
SIM5
SIM1
SIM2
SIM3
SIM4
1
21
22
SIM5
SIM1
SIM2
SIM3
SIM4
1
21
22
SIM5
SIM1
SIM2
SIM3
SIM4
1
21
22
SIM5
SIM1
SIM2
SIM3
SIM4
1
21
22
SIM5
SIM1
SIM2
SIM3
SIM4
1
21
22
SIM5
SIM1
SIM2
SIM3
SIM4
1
21
22
SIM5
SIM1
SIM2
SIM3
SIM4
1
21
22
SIM5
SIM1
SIM2
SIM3
SIM4
1
21
22
SIM5
SIM1
SIM2
SIM3
SIM4
1
21
22
SIM5
SIM1
SIM2
SIM3
SIM4
1
21
22
SIM5
SIM1
SIM2
SIM3
SIM4
1
21
22
SIM5
SIM1
SIM2
SIM3
SIM4
1
21
22
SIM5
SIM1
SIM2
SIM3
SIM4
1
21
22
SIM5
SIM1
SIM2
SIM3
SIM4
1
21
22
SIM5
SIM1
SIM2
SIM3
SIM4
1
21
22
SIM5
SIM1
SIM2
SIM3
SIM4
1
21
22
SIM5
SIM1
SIM2
SIM3
SIM4
1
21
22
SIM5
SIM1
SIM2
SIM3
SIM4
1
21
22
SIM5
SIM1
SIM2
SIM3
SIM4
1
21
22
SIM5
SIM1
SIM2
SIM3
SIM4
1
21
22
SIM5
SIM1
SIM2
SIM3
SIM4
1
21
22
SIM5
SIM1
SIM2
SIM3
SIM4
1
21
22
SIM5
SIM1
SIM2
SIM3
SIM4
1
21
22
SIM5
SIM1
SIM2
SIM3
SIM4
1
21
22
SIM5
SIM1
SIM2
SIM3
SIM4
1
21
22
SIM5
SIM1
SIM2
SIM3
SIM4
1
21
22
SIM5
SIM1
SIM2
SIM3
SIM4
1
21
22
SIM5
SIM1
SIM2
SIM3
SIM4
1
21
22
SIM5
SIM1
SIM2
SIM3
SIM4
1
21
22
SIM5
SIM1
SIM2
SIM3
SIM4
1
21
22
SIM5
SIM1
SIM2
SIM3
SIM4
1
21
22
SIM5
SIM1
SIM2
SIM3
SIM4
1
21
22
SIM5
SIM1
SIM2
SIM3
SIM4
1
21
22
SIM5
SIM1
SIM2
SIM3
SIM4
1
21
22
SIM5
SIM1
SIM2
SIM3
SIM4
1
21
22
SIM5
SIM1
SIM2
SIM3
SIM4
1
21
22
SIM5
SIM1
SIM2
SIM3
SIM4
1
21
22
SIM5
SIM1
SIM2
SIM3
SIM4
1
21
22
SIM5
SIM1
SIM2
SIM3
SIM4
1
21
22
SIM5
SIM1
SIM2
SIM3
SIM4
1
21
22
SIM5
SIM1
SIM2
SIM3
SIM4
1
21
22
SIM5
SIM1
SIM2
SIM3
SIM4
1
21
22
SIM5
SIM1
SIM2
SIM3
SIM4
1
21
22
SIM5
SIM1
SIM2
SIM3
SIM4
1
21
22
SIM5
SIM1
SIM2
SIM3
SIM4
1
21
22
SIM5
SIM1
SIM2
SIM3
SIM4
1
21
22
SIM5
SIM1
SIM2
SIM3
SIM4
1
21
22
SIM5
SIM1
SIM2
SIM3
SIM4
1
21
22
SIM5
SIM1
SIM2
SIM3
SIM4
1
21
22
SIM5
SIM1
SIM2
SIM3
SIM4
1
21
22
SIM5
SIM1
SIM2
SIM3
SIM4
1
21
22
SIM5
SIM1
SIM2
SIM3
SIM4
1
21
22
SIM5
SIM1
SIM2
SIM3
SIM4
1
21
22
SIM5
SIM1
SIM2
SIM3
SIM4
1
21
22
SIM5
SIM1
SIM2
SIM3
SIM4
1
21
22
SIM5
SIM1
SIM2
SIM3
SIM4
1
21
22
SIM5
SIM1
SIM2
SIM3
SIM4
1
21
22
SIM5
SIM1
SIM2
SIM3
SIM4
1
21
22
SIM5
SIM1
SIM2
SIM3
SIM4
1
21
22
SIM5
SIM1
SIM2
SIM3
SIM4
1
21
22
SIM5
SIM1
SIM2
SIM3
SIM4
1
21
22
SIM5
SIM1
SIM2
SIM3
SIM4
1
21
22
SIM5
SIM1
SIM2
SIM3
SIM4
1
21
22
SIM5
SIM1
SIM2
SIM3
SIM4
1
21
22
SIM5
SIM1
SIM2
SIM3
SIM4
1
21
22
SIM5
SIM1
SIM2
SIM3
SIM4
1
21
22
SIM5
SIM1
SIM2
SIM3
SIM4
1
21
22
SIM5
SIM1
SIM2
SIM3
SIM4
1
21
22
SIM5
SIM1
SIM2
SIM3
SIM4
1
21
22
SIM5
SIM1
SIM2
SIM3
SIM4
1
21
22
SIM5
SIM1
SIM2
SIM3
SIM4
1
21
22
SIM5
SIM1
SIM2
SIM3
SIM4
1
21
22
SIM5
SIM1
SIM2
SIM3
SIM4
1
21
22
SIM5
SIM1
SIM2
SIM3
SIM4
1
21
22
SIM5
SIM1
SIM2
SIM3
SIM4
1
21
22
SIM5
SIM1
SIM2
SIM3
SIM4
1
21
22
SIM5
SIM1
SIM2
SIM3
SIM4
1
21
22
SIM5
SIM1
SIM2
SIM3
SIM4
1
21
22
SIM5
SIM1
SIM2
SIM3
SIM4
1
21
22
SIM5
SIM1
SIM2
SIM3
SIM4
1
21
22
SIM5
SIM1
SIM2
SIM3
SIM4
1
21
22
SIM5
SIM1
SIM2
SIM3
SIM4
1
21
22
SIM5
SIM1
SIM2
SIM3
SIM4
1
21
22
SIM5
SIM1
SIM2
SIM3
SIM4
1
21
22
SIM5
SIM1
SIM2
SIM3
SIM4
1
21
22
SIM5
SIM1
SIM2
SIM3
SIM4
1
21
22
SIM5
SIM1
SIM2
SIM3
SIM4
1
21
22
SIM5
SIM1
SIM2
SIM3
SIM4
1
21
22
SIM5
SIM1
SIM2
SIM3
SIM4
1
21
22
SIM5
SIM1
SIM2
SIM3
SIM4
1
21
22
SIM5
SIM1
SIM2
SIM3
SIM4
1
21
22
SIM5
SIM1
SIM2
SIM3
SIM4
1
21
22
SIM5
SIM1
SIM2
SIM3
SIM4
1
21
22
SIM5
SIM1
SIM2
SIM3
SIM4
1
21
22
SIM5
SIM1
SIM2
SIM3
SIM4
1
21
22
SIM5
SIM1
SIM2
SIM3
SIM4
1
21
22
SIM5
SIM1
SIM2
SIM3
SIM4
1
21
22
SIM5
SIM1
SIM2
SIM3
SIM4
1
21
22
SIM5
SIM1
SIM2
SIM3
SIM4
1
21
22
SIM5
SIM1
SIM2
SIM3
SIM4
1
21
22
SIM5
SIM1
SIM2
SIM3
SIM4
1
21
22
SIM5
SIM1
SIM2
SIM3
SIM4
1
21
22
SIM5
SIM1
SIM2
SIM3
SIM4
1
21
22
SIM5
SIM1
SIM2
SIM3
SIM4
1
21
22
SIM5
SIM1
SIM2
SIM3
SIM4
1
21
22
SIM5
SIM1
SIM2
SIM3
SIM4
1
21
22
SIM5
SIM1
SIM2
SIM3
SIM4
1
21
22
SIM5
SIM1
SIM2
SIM3
SIM4
1
21
22
SIM5
SIM1
SIM2
SIM3
SIM4
1
21
22
SIM5
SIM1
SIM2
SIM3
SIM4
1
21
22
SIM5
SIM1
SIM2
SIM3
SIM4
1
21
22
SIM5
SIM1
SIM2
SIM3
SIM4
1
21
22
SIM5
SIM1
SIM2
SIM3
SIM4
1
21
22
SIM5
SIM1
SIM2
SIM3
SIM4
1
21
22
SIM5
SIM1
SIM2
SIM3
SIM4
1
21
22
SIM5
SIM1
SIM2
SIM3
SIM4
1
21
22
SIM5
SIM1
SIM2
SIM3
SIM4
1
21
22
SIM5
SIM1
SIM2
SIM3
SIM4
1
21
22
SIM5
SIM1
SIM2
SIM3
SIM4
1
21
22
SIM5
SIM1
SIM2
SIM3
SIM4
1
21
22
SIM5
SIM1
SIM2
SIM3
SIM4
1
21
22
SIM5
SIM1
SIM2
SIM3
SIM4
1
21
22
SIM5
SIM1
SIM2
SIM3
SIM4
1
21
22
SIM5
SIM1
SIM2
SIM3
SIM4
1
21
22
SIM5
SIM1
SIM2
SIM3
SIM4
1
21
22
SIM5
SIM1
SIM2
SIM3
SIM4
1
21
22
SIM5
SIM1
SIM2
SIM3
SIM4
1
21
22
SIM5
SIM1
SIM2
SIM3
SIM4
1
21
22
SIM5
SIM1
SIM2
SIM3
SIM4
1
21
22
SIM5
SIM1
SIM2
SIM3
SIM4
1
21
22
SIM5
SIM1
SIM2
SIM3
SIM4
1
21
22
SIM5
SIM1
SIM2
SIM3
SIM4
1
21
22
SIM5
SIM1
SIM2
SIM3
SIM4
1
21
22
SIM5
SIM1
SIM2
SIM3
SIM4
1
21
22
SIM5
SIM1
SIM2
SIM3
SIM4
1
21
22
SIM5
SIM1
SIM2
SIM3
SIM4
1
21
22
SIM5
SIM1
SIM2
SIM3
SIM4
1
21
22
SIM5
SIM1
SIM2
SIM3
SIM4
1
21
22
SIM5
SIM1
SIM2
SIM3
SIM4
1
21
22
SIM5
SIM1
SIM2
SIM3
SIM4
1
21
22
SIM5
SIM1
SIM2
SIM3
SIM4
1
21
22
SIM5
SIM1
SIM2
SIM3
SIM4
1
21
22
SIM5
SIM1
SIM2
SIM3
SIM4
1
21
22
SIM5
SIM1
SIM2
SIM3
SIM4
1
21
22
SIM5
SIM1
SIM2
SIM3
SIM4
1
21
22
SIM5
SIM1
SIM2
SIM3
SIM4
1
21
22
SIM5
SIM1
SIM2
SIM3
SIM4
1
21
22
SIM5
SIM1
SIM2
SIM3
SIM4
1
21
22
SIM5
SIM1
SIM2
DEBUG 1 309
SIM1
SIM2
SIM3
SIM4
1
21
22
SIM5
SIM1
SIM2
SIM3
SIM4
1
21
22
SIM5
SIM1
SIM2
SIM3
SIM4
1
21
22
SIM5
SIM1
SIM2
SIM3
SIM4
1
21
22
SIM5
SIM1
SIM2
SIM3
SIM4
1
21
22
SIM5
SIM1
SIM2
SIM3
SIM4
1
21
22
SIM5
SIM1
SIM2
SIM3
SIM4
1
21
22
SIM5
SIM1
SIM2
SIM3
SIM4
1
21
22
SIM5
SIM1
SIM2
SIM3
SIM4
1
21
22
SIM5
SIM1
SIM2
SIM3
SIM4
1
21
22
SIM5
SIM1
SIM2
SIM3
SIM4
1
21
22
SIM5
SIM1
SIM2
SIM3
SIM4
1
21
22
SIM5
SIM1
SIM2
SIM3
SIM4
1
21
22
SIM5
SIM1
SIM2
SIM3
SIM4
1
21
22
SIM5
SIM1
SIM2
SIM3
SIM4
1
21
22
SIM5
SIM1
SIM2
SIM3
SIM4
1
21
22
SIM5
SIM1
SIM2
SIM3
SIM4
1
21
22
SIM5
SIM1
SIM2
SIM3
SIM4
1
21
22
SIM5
SIM1
SIM2
SIM3
SIM4
1
21
22
SIM5
SIM1
SIM2
SIM3
SIM4
1
21
22
SIM5
SIM1
SIM2
SIM3
SIM4
1
21
22
SIM5
SIM1
SIM2
SIM3
SIM4
1
21
22
SIM5
SIM1
SIM2
SIM3
SIM4
1
21
22
SIM5
SIM1
SIM2
SIM3
SIM4
1
21
22
SIM5
SIM1
SIM2
SIM3
SIM4
1
21
22
SIM5
SIM1
SIM2
SIM3
SIM4
1
21
22
SIM5
SIM1
SIM2
SIM3
SIM4
1
21
22
SIM5
SIM1
SIM2
SIM3
SIM4
1
21
22
SIM5
SIM1
SIM2
SIM3
SIM4
1
21
22
SIM5
SIM1
SIM2
SIM3
SIM4
1
21
22
SIM5
SIM1
SIM2
SIM3
SIM4
1
21
22
SIM5
SIM1
SIM2
SIM3
SIM4
1
21
22
SIM5
SIM1
SIM2
SIM3
SIM4
1
21
22
SIM5
SIM1
SIM2
SIM3
SIM4
1
21
22
SIM5
SIM1
SIM2
SIM3
SIM4
1
21
22
SIM5
SIM1
SIM2
SIM3
SIM4
1
21
22
SIM5
SIM1
SIM2
SIM3
SIM4
1
21
22
SIM5
SIM1
SIM2
SIM3
SIM4
1
21
22
SIM5
SIM1
SIM2
SIM3
SIM4
1
21
22
SIM5
SIM1
SIM2
SIM3
SIM4
1
21
22
SIM5
SIM1
SIM2
SIM3
SIM4
1
21
22
SIM5
SIM1
SIM2
SIM3
SIM4
1
21
22
SIM5
SIM1
SIM2
SIM3
SIM4
1
21
22
SIM5
SIM1
SIM2
SIM3
SIM4
1
21
22
SIM5
SIM1
SIM2
SIM3
SIM4
1
21
22
SIM5
SIM1
SIM2
SIM3
SIM4
1
21
22
SIM5
SIM1
SIM2
SIM3
SIM4
1
21
22
SIM5
SIM1
SIM2
SIM3
SIM4
1
21
22
SIM5
SIM1
SIM2
SIM3
SIM4
1
21
22
SIM5
SIM1
SIM2
SIM3
SIM4
1
21
22
SIM5
SIM1
SIM2
SIM3
SIM4
1
21
22
SIM5
SIM1
SIM2
SIM3
SIM4
1
21
22
SIM5
SIM1
SIM2
SIM3
SIM4
1
21
22
SIM5
SIM1
SIM2
SIM3
SIM4
1
21
22
SIM5
SIM1
SIM2
SIM3
SIM4
1
21
22
SIM5
SIM1
SIM2
SIM3
SIM4
1
21
22
SIM5
SIM1
SIM2
SIM3
SIM4
1
21
22
SIM5
SIM1
SIM2
SIM3
SIM4
1
21
22
SIM5
SIM1
SIM2
SIM3
SIM4
1
21
22
SIM5
SIM1
SIM2
SIM3
SIM4
1
21
22
SIM5
SIM1
SIM2
SIM3
SIM4
1
21
22
SIM5
SIM1
SIM2
SIM3
SIM4
1
21
22
SIM5
SIM1
SIM2
SIM3
SIM4
1
21
22
SIM5
SIM1
SIM2
SIM3
SIM4
1
21
22
SIM5
SIM1
SIM2
SIM3
SIM4
1
21
22
SIM5
SIM1
SIM2
SIM3
SIM4
1
21
22
SIM5
SIM1
SIM2
SIM3
SIM4
1
21
22
SIM5
SIM1
SIM2
SIM3
SIM4
1
21
22
SIM5
SIM1
SIM2
SIM3
SIM4
1
21
22
SIM5
SIM1
SIM2
SIM3
SIM4
1
21
22
SIM5
SIM1
SIM2
SIM3
SIM4
1
21
22
SIM5
SIM1
SIM2
SIM3
SIM4
1
21
22
SIM5
SIM1
SIM2
SIM3
SIM4
1
21
22
SIM5
SIM1
SIM2
SIM3
SIM4
1
21
22
SIM5
SIM1
SIM2
SIM3
SIM4
1
21
22
SIM5
SIM1
SIM2
SIM3
SIM4
1
21
22
SIM5
SIM1
SIM2
SIM3
SIM4
1
21
22
SIM5
SIM1
SIM2
SIM3
SIM4
1
21
22
SIM5
SIM1
SIM2
SIM3
SIM4
1
21
22
SIM5
SIM1
SIM2
SIM3
SIM4
1
21
22
SIM5
SIM1
SIM2
SIM3
SIM4
1
21
22
SIM5
SIM1
SIM2
SIM3
SIM4
1
21
22
SIM5
SIM1
SIM2
SIM3
SIM4
1
21
22
SIM5
SIM1
SIM2
SIM3
SIM4
1
21
22
SIM5
SIM1
SIM2
SIM3
SIM4
1
21
22
SIM5
SIM1
SIM2
SIM3
SIM4
1
21
22
SIM5
SIM1
SIM2
SIM3
SIM4
1
21
22
SIM5
SIM1
SIM2
SIM3
SIM4
1
21
22
SIM5
SIM1
SIM2
SIM3
SIM4
1
21
22
SIM5
SIM1
SIM2
SIM3
SIM4
1
21
22
SIM5
SIM1
SIM2
SIM3
SIM4
1
21
22
SIM5
SIM1
SIM2
SIM3
SIM4
1
21
22
SIM5
SIM1
SIM2
SIM3
SIM4
1
21
22
SIM5
SIM1
SIM2
SIM3
SIM4
1
21
22
SIM5
SIM1
SIM2
SIM3
SIM4
1
21
22
SIM5
SIM1
SIM2
SIM3
SIM4
1
21
22
SIM5
SIM1
SIM2
SIM3
SIM4
1
21
22
SIM5
SIM1
SIM2
SIM3
SIM4
1
21
22
SIM5
SIM1
SIM2
SIM3
SIM4
1
21
22
SIM5
SIM1
SIM2
SIM3
SIM4
1
21
22
SIM5
SIM1
SIM2
SIM3
SIM4
1
21
22
SIM5
SIM1
SIM2
SIM3
SIM4
1
21
22
SIM5
SIM1
SIM2
SIM3
SIM4
1
21
22
SIM5
SIM1
SIM2
SIM3
SIM4
1
21
22
SIM5
SIM1
SIM2
SIM3
SIM4
1
21
22
SIM5
SIM1
SIM2
SIM3
SIM4
1
21
22
SIM5
SIM1
SIM2
SIM3
SIM4
1
21
22
SIM5
SIM1
SIM2
SIM3
SIM4
1
21
22
SIM5
SIM1
SIM2
SIM3
SIM4
1
21
22
SIM5
SIM1
SIM2
SIM3
SIM4
1
21
22
SIM5
SIM1
SIM2
SIM3
SIM4
1
21
22
SIM5
SIM1
SIM2
SIM3
SIM4
1
21
22
SIM5
SIM1
SIM2
SIM3
SIM4
1
21
22
SIM5
SIM1
SIM2
SIM3
SIM4
1
21
22
SIM5
SIM1
SIM2
SIM3
SIM4
1
21
22
SIM5
SIM1
SIM2
SIM3
SIM4
1
21
22
SIM5
SIM1
SIM2
SIM3
SIM4
1
21
22
SIM5
SIM1
SIM2
SIM3
SIM4
1
21
22
SIM5
SIM1
SIM2
SIM3
SIM4
1
21
22
SIM5
SIM1
SIM2
SIM3
SIM4
1
21
22
SIM5
SIM1
SIM2
SIM3
SIM4
1
21
22
SIM5
SIM1
SIM2
SIM3
SIM4
1
21
22
SIM5
SIM1
SIM2
SIM3
SIM4
1
21
22
SIM5
SIM1
SIM2
SIM3
SIM4
1
21
22
SIM5
SIM1
SIM2
SIM3
SIM4
1
21
22
SIM5
SIM1
SIM2
SIM3
SIM4
1
21
22
SIM5
SIM1
SIM2
SIM3
SIM4
1
21
22
SIM5
SIM1
SIM2
SIM3
SIM4
1
21
22
SIM5
SIM1
SIM2
SIM3
SIM4
1
21
22
SIM5
SIM1
SIM2
SIM3
SIM4
1
21
22
SIM5
SIM1
SIM2
SIM3
SIM4
1
21
22
SIM5
SIM1
SIM2
SIM3
SIM4
1
21
22
SIM5
SIM1
SIM2
SIM3
SIM4
1
21
22
SIM5
SIM1
SIM2
SIM3
SIM4
1
21
22
SIM5
SIM1
SIM2
SIM3
SIM4
1
21
22
SIM5
SIM1
SIM2
SIM3
SIM4
1
21
22
SIM5
SIM1
SIM2
SIM3
SIM4
1
21
22
SIM5
SIM1
SIM2
SIM3
SIM4
1
21
22
SIM5
SIM1
SIM2
SIM3
SIM4
1
21
22
SIM5
SIM1
SIM2
SIM3
SIM4
1
21
22
SIM5
SIM1
SIM2
SIM3
SIM4
1
21
22
SIM5
SIM1
SIM2
SIM3
SIM4
1
21
22
SIM5
SIM1
SIM2
SIM3
SIM4
1
21
22
SIM5
SIM1
SIM2
SIM3
SIM4
1
21
22
SIM5
SIM1
SIM2
SIM3
SIM4
1
21
22
SIM5
SIM1
SIM2
SIM3
SIM4
1
21
22
SIM5
SIM1
SIM2
SIM3
SIM4
1
21
22
SIM5
SIM1
SIM2
SIM3
SIM4
1
21
22
SIM5
SIM1
SIM2
SIM3
SIM4
1
21
22
SIM5
SIM1
SIM2
SIM3
SIM4
1
21
22
SIM5
SIM1
SIM2
SIM3
SIM4
1
21
22
SIM5
SIM1
SIM2
SIM3
SIM4
1
21
22
SIM5
SIM1
SIM2
SIM3
SIM4
1
21
22
SIM5
SIM1
SIM2
SIM3
SIM4
1
21
22
SIM5
SIM1
SIM2
SIM3
SIM4
1
21
22
SIM5
SIM1
SIM2
DEBUG 1 310
SIM1
SIM2
SIM3
SIM4
1
21
22
SIM5
SIM1
SIM2
SIM3
SIM4
1
21
22
SIM5
SIM1
SIM2
SIM3
SIM4
1
21
22
SIM5
SIM1
SIM2
SIM3
SIM4
1
21
22
SIM5
SIM1
SIM2
SIM3
SIM4
1
21
22
SIM5
SIM1
SIM2
SIM3
SIM4
1
21
22
SIM5
SIM1
SIM2
SIM3
SIM4
1
21
22
SIM5
SIM1
SIM2
SIM3
SIM4
1
21
22
SIM5
SIM1
SIM2
SIM3
SIM4
1
21
22
SIM5
SIM1
SIM2
SIM3
SIM4
1
21
22
SIM5
SIM1
SIM2
SIM3
SIM4
1
21
22
SIM5
SIM1
SIM2
SIM3
SIM4
1
21
22
SIM5
SIM1
SIM2
SIM3
SIM4
1
21
22
SIM5
SIM1
SIM2
SIM3
SIM4
1
21
22
SIM5
SIM1
SIM2
SIM3
SIM4
1
21
22
SIM5
SIM1
SIM2
SIM3
SIM4
1
21
22
SIM5
SIM1
SIM2
SIM3
SIM4
1
21
22
SIM5
SIM1
SIM2
SIM3
SIM4
1
21
22
SIM5
SIM1
SIM2
SIM3
SIM4
1
21
22
SIM5
SIM1
SIM2
SIM3
SIM4
1
21
22
SIM5
SIM1
SIM2
SIM3
SIM4
1
21
22
SIM5
SIM1
SIM2
SIM3
SIM4
1
21
22
SIM5
SIM1
SIM2
SIM3
SIM4
1
21
22
SIM5
SIM1
SIM2
SIM3
SIM4
1
21
22
SIM5
SIM1
SIM2
SIM3
SIM4
1
21
22
SIM5
SIM1
SIM2
SIM3
SIM4
1
21
22
SIM5
SIM1
SIM2
SIM3
SIM4
1
21
22
SIM5
SIM1
SIM2
SIM3
SIM4
1
21
22
SIM5
SIM1
SIM2
SIM3
SIM4
1
21
22
SIM5
SIM1
SIM2
SIM3
SIM4
1
21
22
SIM5
SIM1
SIM2
SIM3
SIM4
1
21
22
SIM5
SIM1
SIM2
SIM3
SIM4
1
21
22
SIM5
SIM1
SIM2
SIM3
SIM4
1
21
22
SIM5
SIM1
SIM2
SIM3
SIM4
1
21
22
SIM5
SIM1
SIM2
SIM3
SIM4
1
21
22
SIM5
SIM1
SIM2
SIM3
SIM4
1
21
22
SIM5
SIM1
SIM2
SIM3
SIM4
1
21
22
SIM5
SIM1
SIM2
SIM3
SIM4
1
21
22
SIM5
SIM1
SIM2
SIM3
SIM4
1
21
22
SIM5
SIM1
SIM2
SIM3
SIM4
1
21
22
SIM5
SIM1
SIM2
SIM3
SIM4
1
21
22
SIM5
SIM1
SIM2
SIM3
SIM4
1
21
22
SIM5
SIM1
SIM2
SIM3
SIM4
1
21
22
SIM5
SIM1
SIM2
SIM3
SIM4
1
21
22
SIM5
SIM1
SIM2
SIM3
SIM4
1
21
22
SIM5
SIM1
SIM2
SIM3
SIM4
1
21
22
SIM5
SIM1
SIM2
SIM3
SIM4
1
21
22
SIM5
SIM1
SIM2
SIM3
SIM4
1
21
22
SIM5
SIM1
SIM2
SIM3
SIM4
1
21
22
SIM5
SIM1
SIM2
SIM3
SIM4
1
21
22
SIM5
SIM1
SIM2
SIM3
SIM4
1
21
22
SIM5
SIM1
SIM2
SIM3
SIM4
1
21
22
SIM5
SIM1
SIM2
SIM3
SIM4
1
21
22
SIM5
SIM1
SIM2
SIM3
SIM4
1
21
22
SIM5
SIM1
SIM2
SIM3
SIM4
1
21
22
SIM5
SIM1
SIM2
SIM3
SIM4
1
21
22
SIM5
SIM1
SIM2
SIM3
SIM4
1
21
22
SIM5
SIM1
SIM2
SIM3
SIM4
1
21
22
SIM5
SIM1
SIM2
SIM3
SIM4
1
21
22
SIM5
SIM1
SIM2
SIM3
SIM4
1
21
22
SIM5
SIM1
SIM2
SIM3
SIM4
1
21
22
SIM5
SIM1
SIM2
SIM3
SIM4
1
21
22
SIM5
SIM1
SIM2
SIM3
SIM4
1
21
22
SIM5
SIM1
SIM2
SIM3
SIM4
1
21
22
SIM5
SIM1
SIM2
SIM3
SIM4
1
21
22
SIM5
SIM1
SIM2
SIM3
SIM4
1
21
22
SIM5
SIM1
SIM2
SIM3
SIM4
1
21
22
SIM5
SIM1
SIM2
SIM3
SIM4
1
21
22
SIM5
SIM1
SIM2
SIM3
SIM4
1
21
22
SIM5
SIM1
SIM2
SIM3
SIM4
1
21
22
SIM5
SIM1
SIM2
SIM3
SIM4
1
21
22
SIM5
SIM1
SIM2
SIM3
SIM4
1
21
22
SIM5
SIM1
SIM2
SIM3
SIM4
1
21
22
SIM5
SIM1
SIM2
SIM3
SIM4
1
21
22
SIM5
SIM1
SIM2
SIM3
SIM4
1
21
22
SIM5
SIM1
SIM2
SIM3
SIM4
1
21
22
SIM5
SIM1
SIM2
SIM3
SIM4
1
21
22
SIM5
SIM1
SIM2
SIM3
SIM4
1
21
22
SIM5
SIM1
SIM2
SIM3
SIM4
1
21
22
SIM5
SIM1
SIM2
SIM3
SIM4
1
21
22
SIM5
SIM1
SIM2
SIM3
SIM4
1
21
22
SIM5
SIM1
SIM2
SIM3
SIM4
1
21
22
SIM5
SIM1
SIM2
SIM3
SIM4
1
21
22
SIM5
SIM1
SIM2
SIM3
SIM4
1
21
22
SIM5
SIM1
SIM2
SIM3
SIM4
1
21
22
SIM5
SIM1
SIM2
SIM3
SIM4
1
21
22
SIM5
SIM1
SIM2
SIM3
SIM4
1
21
22
SIM5
SIM1
SIM2
SIM3
SIM4
1
21
22
SIM5
SIM1
SIM2
SIM3
SIM4
1
21
22
SIM5
SIM1
SIM2
SIM3
SIM4
1
21
22
SIM5
SIM1
SIM2
SIM3
SIM4
1
21
22
SIM5
SIM1
SIM2
SIM3
SIM4
1
21
22
SIM5
SIM1
SIM2
SIM3
SIM4
1
21
22
SIM5
SIM1
SIM2
SIM3
SIM4
1
21
22
SIM5
SIM1
SIM2
SIM3
SIM4
1
21
22
SIM5
SIM1
SIM2
SIM3
SIM4
1
21
22
SIM5
SIM1
SIM2
SIM3
SIM4
1
21
22
SIM5
SIM1
SIM2
SIM3
SIM4
1
21
22
SIM5
SIM1
SIM2
SIM3
SIM4
1
21
22
SIM5
SIM1
SIM2
SIM3
SIM4
1
21
22
SIM5
SIM1
SIM2
SIM3
SIM4
1
21
22
SIM5
SIM1
SIM2
SIM3
SIM4
1
21
22
SIM5
SIM1
SIM2
SIM3
SIM4
1
21
22
SIM5
SIM1
SIM2
SIM3
SIM4
1
21
22
SIM5
SIM1
SIM2
SIM3
SIM4
1
21
22
SIM5
SIM1
SIM2
SIM3
SIM4
1
21
22
SIM5
SIM1
SIM2
SIM3
SIM4
1
21
22
SIM5
SIM1
SIM2
SIM3
SIM4
1
21
22
SIM5
SIM1
SIM2
SIM3
SIM4
1
21
22
SIM5
SIM1
SIM2
SIM3
SIM4
1
21
22
SIM5
SIM1
SIM2
SIM3
SIM4
1
21
22
SIM5
SIM1
SIM2
SIM3
SIM4
1
21
22
SIM5
SIM1
SIM2
SIM3
SIM4
1
21
22
SIM5
SIM1
SIM2
SIM3
SIM4
1
21
22
SIM5
SIM1
SIM2
SIM3
SIM4
1
21
22
SIM5
SIM1
SIM2
SIM3
SIM4
1
21
22
SIM5
SIM1
SIM2
SIM3
SIM4
1
21
22
SIM5
SIM1
SIM2
SIM3
SIM4
1
21
22
SIM5
SIM1
SIM2
SIM3
SIM4
1
21
22
SIM5
SIM1
SIM2
SIM3
SIM4
1
21
22
SIM5
SIM1
SIM2
SIM3
SIM4
1
21
22
SIM5
SIM1
SIM2
SIM3
SIM4
1
21
22
SIM5
SIM1
SIM2
SIM3
SIM4
1
21
22
SIM5
SIM1
SIM2
SIM3
SIM4
1
21
22
SIM5
SIM1
SIM2
SIM3
SIM4
1
21
22
SIM5
SIM1
SIM2
SIM3
SIM4
1
21
22
SIM5
SIM1
SIM2
SIM3
SIM4
1
21
22
SIM5
SIM1
SIM2
SIM3
SIM4
1
21
22
SIM5
SIM1
SIM2
SIM3
SIM4
1
21
22
SIM5
SIM1
SIM2
SIM3
SIM4
1
21
22
SIM5
SIM1
SIM2
SIM3
SIM4
1
21
22
SIM5
SIM1
SIM2
SIM3
SIM4
1
21
22
SIM5
SIM1
SIM2
SIM3
SIM4
1
21
22
SIM5
SIM1
SIM2
SIM3
SIM4
1
21
22
SIM5
SIM1
SIM2
SIM3
SIM4
1
21
22
SIM5
SIM1
SIM2
SIM3
SIM4
1
21
22
SIM5
SIM1
SIM2
SIM3
SIM4
1
21
22
SIM5
SIM1
SIM2
SIM3
SIM4
1
21
22
SIM5
SIM1
SIM2
SIM3
SIM4
1
21
22
SIM5
SIM1
SIM2
SIM3
SIM4
1
21
22
SIM5
SIM1
SIM2
SIM3
SIM4
1
21
22
SIM5
SIM1
SIM2
SIM3
SIM4
1
21
22
SIM5
SIM1
SIM2
SIM3
SIM4
1
21
22
SIM5
SIM1
SIM2
SIM3
SIM4
1
21
22
SIM5
SIM1
SIM2
SIM3
SIM4
1
21
22
SIM5
SIM1
SIM2
SIM3
SIM4
1
21
22
SIM5
SIM1
SIM2
SIM3
SIM4
1
21
22
SIM5
SIM1
SIM2
SIM3
SIM4
1
21
22
SIM5
SIM1
SIM2
SIM3
SIM4
1
21
22
SIM5
SIM1
SIM2
SIM3
SIM4
1
21
22
SIM5
SIM1
SIM2
SIM3
SIM4
1
21
22
SIM5
SIM1
SIM2
SIM3
SIM4
1
21
22
SIM5
SIM1
SIM2
SIM3
SIM4
1
21
22
SIM5
SIM1
SIM2
SIM3
SIM4
1
21
22
SIM5
SIM1
SIM2
SIM3
SIM4
1
21
22
SIM5
SIM1
SIM2
SIM3
SIM4
1
21
22
SIM5
SIM1
SIM2
SIM3
SIM4
1
21
22
SIM5
SIM1
SIM2
SIM3
SIM4
1
21
22
SIM5
SIM1
SIM2
SIM3
SIM4
1
21
22
SIM5
SIM1
SIM2
SIM3
SIM4
1
21
22
SIM5
SIM1
SIM2
SIM3
SIM4
1
21
22
SIM5
SIM1
SIM2
SIM3
SIM4
1
21
22
SIM5
SIM1
SIM2
SIM3
SIM4
1
21
22
SIM5
SIM1
SIM2
SIM3
SIM4
1
21
22
SIM5
SIM1
SIM2
SIM3
SIM4
1
21
22
SIM5
SIM1
SIM2
SIM3
SIM4
1
21
22
SIM5
SIM1
SIM2
SIM3
SIM4
1
21
22
SIM5
SIM1
SIM2
SIM3
SIM4
1
21
22
SIM5
SIM1
SIM2
SIM3
SIM4
1
21
22
SIM5
SIM1
SIM2
SIM3
SIM4
1
21
22
SIM5
SIM1
SIM2
SIM3
SIM4
1
21
22
SIM5
SIM1
SIM2
SIM3
SIM4
1
21
22
SIM5
SIM1
SIM2
SIM3
SIM4
1
21
22
SIM5
SIM1
SIM2
SIM3
SIM4
1
21
22
SIM5
SIM1
SIM2
SIM3
SIM4
1
21
22
SIM5
SIM1
SIM2
SIM3
SIM4
1
21
22
SIM5
SIM1
SIM2
SIM3
SIM4
1
21
22
SIM5
SIM1
SIM2
SIM3
SIM4
1
21
22
SIM5
SIM1
SIM2
SIM3
SIM4
1
21
22
SIM5
SIM1
SIM2
SIM3
SIM4
1
21
22
SIM5
SIM1
SIM2
SIM3
SIM4
1
21
22
SIM5
SIM1
SIM2
SIM3
SIM4
1
21
22
SIM5
SIM1
SIM2
SIM3
SIM4
1
21
22
SIM5
SIM1
SIM2
SIM3
SIM4
1
21
22
SIM5
SIM1
SIM2
SIM3
SIM4
1
21
22
SIM5
SIM1
SIM2
SIM3
SIM4
1
21
22
SIM5
SIM1
SIM2
SIM3
SIM4
1
21
22
SIM5
SIM1
SIM2
SIM3
SIM4
1
21
22
SIM5
SIM1
SIM2
SIM3
SIM4
1
21
22
SIM5
SIM1
SIM2
SIM3
SIM4
1
21
22
SIM5
SIM1
SIM2
SIM3
SIM4
1
21
22
SIM5
SIM1
SIM2
SIM3
SIM4
1
21
22
SIM5
SIM1
SIM2
DEBUG 1 311
SIM1
SIM2
SIM3
SIM4
1
21
22
SIM5
SIM1
SIM2
SIM3
SIM4
1
21
22
SIM5
SIM1
SIM2
SIM3
SIM4
1
21
22
SIM5
SIM1
SIM2
SIM3
SIM4
1
21
22
SIM5
SIM1
SIM2
SIM3
SIM4
1
21
22
SIM5
SIM1
SIM2
SIM3
SIM4
1
21
22
SIM5
SIM1
SIM2
SIM3
SIM4
1
21
22
SIM5
SIM1
SIM2
SIM3
SIM4
1
21
22
SIM5
SIM1
SIM2
SIM3
SIM4
1
21
22
SIM5
SIM1
SIM2
SIM3
SIM4
1
21
22
SIM5
SIM1
SIM2
SIM3
SIM4
1
21
22
SIM5
SIM1
SIM2
SIM3
SIM4
1
21
22
SIM5
SIM1
SIM2
SIM3
SIM4
1
21
22
SIM5
SIM1
SIM2
SIM3
SIM4
1
21
22
SIM5
SIM1
SIM2
SIM3
SIM4
1
21
22
SIM5
SIM1
SIM2
SIM3
SIM4
1
21
22
SIM5
SIM1
SIM2
SIM3
SIM4
1
21
22
SIM5
SIM1
SIM2
SIM3
SIM4
1
21
22
SIM5
SIM1
SIM2
SIM3
SIM4
1
21
22
SIM5
SIM1
SIM2
SIM3
SIM4
1
21
22
SIM5
SIM1
SIM2
SIM3
SIM4
1
21
22
SIM5
SIM1
SIM2
SIM3
SIM4
1
21
22
SIM5
SIM1
SIM2
SIM3
SIM4
1
21
22
SIM5
SIM1
SIM2
SIM3
SIM4
1
21
22
SIM5
SIM1
SIM2
SIM3
SIM4
1
21
22
SIM5
SIM1
SIM2
SIM3
SIM4
1
21
22
SIM5
SIM1
SIM2
SIM3
SIM4
1
21
22
SIM5
SIM1
SIM2
SIM3
SIM4
1
21
22
SIM5
SIM1
SIM2
SIM3
SIM4
1
21
22
SIM5
SIM1
SIM2
SIM3
SIM4
1
21
22
SIM5
SIM1
SIM2
SIM3
SIM4
1
21
22
SIM5
SIM1
SIM2
SIM3
SIM4
1
21
22
SIM5
SIM1
SIM2
SIM3
SIM4
1
21
22
SIM5
SIM1
SIM2
SIM3
SIM4
1
21
22
SIM5
SIM1
SIM2
SIM3
SIM4
1
21
22
SIM5
SIM1
SIM2
SIM3
SIM4
1
21
22
SIM5
SIM1
SIM2
SIM3
SIM4
1
21
22
SIM5
SIM1
SIM2
SIM3
SIM4
1
21
22
SIM5
SIM1
SIM2
SIM3
SIM4
1
21
22
SIM5
SIM1
SIM2
SIM3
SIM4
1
21
22
SIM5
SIM1
SIM2
SIM3
SIM4
1
21
22
SIM5
SIM1
SIM2
SIM3
SIM4
1
21
22
SIM5
SIM1
SIM2
SIM3
SIM4
1
21
22
SIM5
SIM1
SIM2
SIM3
SIM4
1
21
22
SIM5
SIM1
SIM2
SIM3
SIM4
1
21
22
SIM5
SIM1
SIM2
SIM3
SIM4
1
21
22
SIM5
SIM1
SIM2
SIM3
SIM4
1
21
22
SIM5
SIM1
SIM2
SIM3
SIM4
1
21
22
SIM5
SIM1
SIM2
SIM3
SIM4
1
21
22
SIM5
SIM1
SIM2
SIM3
SIM4
1
21
22
SIM5
SIM1
SIM2
SIM3
SIM4
1
21
22
SIM5
SIM1
SIM2
SIM3
SIM4
1
21
22
SIM5
SIM1
SIM2
SIM3
SIM4
1
21
22
SIM5
SIM1
SIM2
SIM3
SIM4
1
21
22
SIM5
SIM1
SIM2
SIM3
SIM4
1
21
22
SIM5
SIM1
SIM2
SIM3
SIM4
1
21
22
SIM5
SIM1
SIM2
SIM3
SIM4
1
21
22
SIM5
SIM1
SIM2
SIM3
SIM4
1
21
22
SIM5
SIM1
SIM2
SIM3
SIM4
1
21
22
SIM5
SIM1
SIM2
SIM3
SIM4
1
21
22
SIM5
SIM1
SIM2
SIM3
SIM4
1
21
22
SIM5
SIM1
SIM2
SIM3
SIM4
1
21
22
SIM5
SIM1
SIM2
SIM3
SIM4
1
21
22
SIM5
SIM1
SIM2
SIM3
SIM4
1
21
22
SIM5
SIM1
SIM2
SIM3
SIM4
1
21
22
SIM5
SIM1
SIM2
SIM3
SIM4
1
21
22
SIM5
SIM1
SIM2
SIM3
SIM4
1
21
22
SIM5
SIM1
SIM2
SIM3
SIM4
1
21
22
SIM5
SIM1
SIM2
SIM3
SIM4
1
21
22
SIM5
SIM1
SIM2
SIM3
SIM4
1
21
22
SIM5
SIM1
SIM2
SIM3
SIM4
1
21
22
SIM5
SIM1
SIM2
SIM3
SIM4
1
21
22
SIM5
SIM1
SIM2
SIM3
SIM4
1
21
22
SIM5
SIM1
SIM2
SIM3
SIM4
1
21
22
SIM5
SIM1
SIM2
SIM3
SIM4
1
21
22
SIM5
SIM1
SIM2
SIM3
SIM4
1
21
22
SIM5
SIM1
SIM2
SIM3
SIM4
1
21
22
SIM5
SIM1
SIM2
SIM3
SIM4
1
21
22
SIM5
SIM1
SIM2
SIM3
SIM4
1
21
22
SIM5
SIM1
SIM2
SIM3
SIM4
1
21
22
SIM5
SIM1
SIM2
SIM3
SIM4
1
21
22
SIM5
SIM1
SIM2
SIM3
SIM4
1
21
22
SIM5
SIM1
SIM2
SIM3
SIM4
1
21
22
SIM5
SIM1
SIM2
SIM3
SIM4
1
21
22
SIM5
SIM1
SIM2
SIM3
SIM4
1
21
22
SIM5
SIM1
SIM2
SIM3
SIM4
1
21
22
SIM5
SIM1
SIM2
SIM3
SIM4
1
21
22
SIM5
SIM1
SIM2
SIM3
SIM4
1
21
22
SIM5
SIM1
SIM2
SIM3
SIM4
1
21
22
SIM5
SIM1
SIM2
SIM3
SIM4
1
21
22
SIM5
SIM1
SIM2
SIM3
SIM4
1
21
22
SIM5
SIM1
SIM2
SIM3
SIM4
1
21
22
SIM5
SIM1
SIM2
SIM3
SIM4
1
21
22
SIM5
SIM1
SIM2
SIM3
SIM4
1
21
22
SIM5
SIM1
SIM2
SIM3
SIM4
1
21
22
SIM5
SIM1
SIM2
SIM3
SIM4
1
21
22
SIM5
SIM1
SIM2
SIM3
SIM4
1
21
22
SIM5
SIM1
SIM2
SIM3
SIM4
1
21
22
SIM5
SIM1
SIM2
SIM3
SIM4
1
21
22
SIM5
SIM1
SIM2
SIM3
SIM4
1
21
22
SIM5
SIM1
SIM2
SIM3
SIM4
1
21
22
SIM5
SIM1
SIM2
SIM3
SIM4
1
21
22
SIM5
SIM1
SIM2
SIM3
SIM4
1
21
22
SIM5
SIM1
SIM2
SIM3
SIM4
1
21
22
SIM5
SIM1
SIM2
SIM3
SIM4
1
21
22
SIM5
SIM1
SIM2
SIM3
SIM4
1
21
22
SIM5
SIM1
SIM2
SIM3
SIM4
1
21
22
SIM5
SIM1
SIM2
SIM3
SIM4
1
21
22
SIM5
SIM1
SIM2
SIM3
SIM4
1
21
22
SIM5
SIM1
SIM2
SIM3
SIM4
1
21
22
SIM5
SIM1
SIM2
SIM3
SIM4
1
21
22
SIM5
SIM1
SIM2
SIM3
SIM4
1
21
22
SIM5
SIM1
SIM2
SIM3
SIM4
1
21
22
SIM5
SIM1
SIM2
SIM3
SIM4
1
21
22
SIM5
SIM1
SIM2
SIM3
SIM4
1
21
22
SIM5
SIM1
SIM2
SIM3
SIM4
1
21
22
SIM5
SIM1
SIM2
SIM3
SIM4
1
21
22
SIM5
SIM1
SIM2
SIM3
SIM4
1
21
22
SIM5
SIM1
SIM2
SIM3
SIM4
1
21
22
SIM5
SIM1
SIM2
SIM3
SIM4
1
21
22
SIM5
SIM1
SIM2
SIM3
SIM4
1
21
22
SIM5
SIM1
SIM2
SIM3
SIM4
1
21
22
SIM5
SIM1
SIM2
SIM3
SIM4
1
21
22
SIM5
SIM1
SIM2
SIM3
SIM4
1
21
22
SIM5
SIM1
SIM2
SIM3
SIM4
1
21
22
SIM5
SIM1
SIM2
SIM3
SIM4
1
21
22
SIM5
SIM1
SIM2
SIM3
SIM4
1
21
22
SIM5
SIM1
SIM2
SIM3
SIM4
1
21
22
SIM5
SIM1
SIM2
SIM3
SIM4
1
21
22
SIM5
SIM1
SIM2
SIM3
SIM4
1
21
22
SIM5
SIM1
SIM2
SIM3
SIM4
1
21
22
SIM5
SIM1
SIM2
SIM3
SIM4
1
21
22
SIM5
SIM1
SIM2
SIM3
SIM4
1
21
22
SIM5
SIM1
SIM2
SIM3
SIM4
1
21
22
SIM5
SIM1
SIM2
SIM3
SIM4
1
21
22
SIM5
SIM1
SIM2
SIM3
SIM4
1
21
22
SIM5
SIM1
SIM2
SIM3
SIM4
1
21
22
SIM5
SIM1
SIM2
SIM3
SIM4
1
21
22
SIM5
SIM1
SIM2
SIM3
SIM4
1
21
22
SIM5
SIM1
SIM2
SIM3
SIM4
1
21
22
SIM5
SIM1
SIM2
SIM3
SIM4
1
21
22
SIM5
SIM1
SIM2
SIM3
SIM4
1
21
22
SIM5
SIM1
SIM2
SIM3
SIM4
1
21
22
SIM5
SIM1
SIM2
SIM3
SIM4
1
21
22
SIM5
SIM1
SIM2
SIM3
SIM4
1
21
22
SIM5
SIM1
SIM2
SIM3
SIM4
1
21
22
SIM5
SIM1
SIM2
SIM3
SIM4
1
21
22
SIM5
SIM1
SIM2
SIM3
SIM4
1
21
22
SIM5
SIM1
SIM2
SIM3
SIM4
1
21
22
SIM5
SIM1
SIM2
SIM3
SIM4
1
21
22
SIM5
SIM1
SIM2
SIM3
SIM4
1
21
22
SIM5
SIM1
SIM2
SIM3
SIM4
1
21
22
SIM5
SIM1
SIM2
SIM3
SIM4
1
21
22
SIM5
SIM1
SIM2
SIM3
SIM4
1
21
22
SIM5
SIM1
SIM2
SIM3
SIM4
1
21
22
SIM5
SIM1
SIM2
SIM3
SIM4
1
21
22
SIM5
SIM1
SIM2
SIM3
SIM4
1
21
22
SIM5
SIM1
SIM2
SIM3
SIM4
1
21
22
SIM5
SIM1
SIM2
SIM3
SIM4
1
21
22
SIM5
SIM1
SIM2
SIM3
SIM4
1
21
22
SIM5
SIM1
SIM2
SIM3
SIM4
1
21
22
SIM5
SIM1
SIM2
SIM3
SIM4
1
21
22
SIM5
SIM1
SIM2
SIM3
SIM4
1
21
22
SIM5
SIM1
SIM2
SIM3
SIM4
1
21
22
SIM5
SIM1
SIM2
SIM3
SIM4
1
21
22
SIM5
SIM1
SIM2
SIM3
SIM4
1
21
22
SIM5
SIM1
SIM2
SIM3
SIM4
1
21
22
SIM5
SIM1
SIM2
SIM3
SIM4
1
21
22
SIM5
SIM1
SIM2
SIM3
SIM4
1
21
22
SIM5
SIM1
SIM2
DEBUG 1 312
SIM1
SIM2
SIM3
SIM4
1
21
22
SIM5
SIM1
SIM2
SIM3
SIM4
1
21
22
SIM5
SIM1
SIM2
SIM3
SIM4
1
21
22
SIM5
SIM1
SIM2
SIM3
SIM4
1
21
22
SIM5
SIM1
SIM2
SIM3
SIM4
1
21
22
SIM5
SIM1
SIM2
SIM3
SIM4
1
21
22
SIM5
SIM1
SIM2
SIM3
SIM4
1
21
22
SIM5
SIM1
SIM2
SIM3
SIM4
1
21
22
SIM5
SIM1
SIM2
SIM3
SIM4
1
21
22
SIM5
SIM1
SIM2
SIM3
SIM4
1
21
22
SIM5
SIM1
SIM2
SIM3
SIM4
1
21
22
SIM5
SIM1
SIM2
SIM3
SIM4
1
21
22
SIM5
SIM1
SIM2
SIM3
SIM4
1
21
22
SIM5
SIM1
SIM2
SIM3
SIM4
1
21
22
SIM5
SIM1
SIM2
SIM3
SIM4
1
21
22
SIM5
SIM1
SIM2
SIM3
SIM4
1
21
22
SIM5
SIM1
SIM2
SIM3
SIM4
1
21
22
SIM5
SIM1
SIM2
SIM3
SIM4
1
21
22
SIM5
SIM1
SIM2
SIM3
SIM4
1
21
22
SIM5
SIM1
SIM2
SIM3
SIM4
1
21
22
SIM5
SIM1
SIM2
SIM3
SIM4
1
21
22
SIM5
SIM1
SIM2
SIM3
SIM4
1
21
22
SIM5
SIM1
SIM2
SIM3
SIM4
1
21
22
SIM5
SIM1
SIM2
SIM3
SIM4
1
21
22
SIM5
SIM1
SIM2
SIM3
SIM4
1
21
22
SIM5
SIM1
SIM2
SIM3
SIM4
1
21
22
SIM5
SIM1
SIM2
SIM3
SIM4
1
21
22
SIM5
SIM1
SIM2
SIM3
SIM4
1
21
22
SIM5
SIM1
SIM2
SIM3
SIM4
1
21
22
SIM5
SIM1
SIM2
SIM3
SIM4
1
21
22
SIM5
SIM1
SIM2
SIM3
SIM4
1
21
22
SIM5
SIM1
SIM2
SIM3
SIM4
1
21
22
SIM5
SIM1
SIM2
SIM3
SIM4
1
21
22
SIM5
SIM1
SIM2
SIM3
SIM4
1
21
22
SIM5
SIM1
SIM2
SIM3
SIM4
1
21
22
SIM5
SIM1
SIM2
SIM3
SIM4
1
21
22
SIM5
SIM1
SIM2
SIM3
SIM4
1
21
22
SIM5
SIM1
SIM2
SIM3
SIM4
1
21
22
SIM5
SIM1
SIM2
SIM3
SIM4
1
21
22
SIM5
SIM1
SIM2
SIM3
SIM4
1
21
22
SIM5
SIM1
SIM2
SIM3
SIM4
1
21
22
SIM5
SIM1
SIM2
SIM3
SIM4
1
21
22
SIM5
SIM1
SIM2
SIM3
SIM4
1
21
22
SIM5
SIM1
SIM2
SIM3
SIM4
1
21
22
SIM5
SIM1
SIM2
SIM3
SIM4
1
21
22
SIM5
SIM1
SIM2
SIM3
SIM4
1
21
22
SIM5
SIM1
SIM2
SIM3
SIM4
1
21
22
SIM5
SIM1
SIM2
SIM3
SIM4
1
21
22
SIM5
SIM1
SIM2
SIM3
SIM4
1
21
22
SIM5
SIM1
SIM2
SIM3
SIM4
1
21
22
SIM5
SIM1
SIM2
SIM3
SIM4
1
21
22
SIM5
SIM1
SIM2
SIM3
SIM4
1
21
22
SIM5
SIM1
SIM2
SIM3
SIM4
1
21
22
SIM5
SIM1
SIM2
SIM3
SIM4
1
21
22
SIM5
SIM1
SIM2
SIM3
SIM4
1
21
22
SIM5
SIM1
SIM2
SIM3
SIM4
1
21
22
SIM5
SIM1
SIM2
SIM3
SIM4
1
21
22
SIM5
SIM1
SIM2
SIM3
SIM4
1
21
22
SIM5
SIM1
SIM2
SIM3
SIM4
1
21
22
SIM5
SIM1
SIM2
SIM3
SIM4
1
21
22
SIM5
SIM1
SIM2
SIM3
SIM4
1
21
22
SIM5
SIM1
SIM2
SIM3
SIM4
1
21
22
SIM5
SIM1
SIM2
SIM3
SIM4
1
21
22
SIM5
SIM1
SIM2
SIM3
SIM4
1
21
22
SIM5
SIM1
SIM2
SIM3
SIM4
1
21
22
SIM5
SIM1
SIM2
SIM3
SIM4
1
21
22
SIM5
SIM1
SIM2
SIM3
SIM4
1
21
22
SIM5
SIM1
SIM2
SIM3
SIM4
1
21
22
SIM5
SIM1
SIM2
SIM3
SIM4
1
21
22
SIM5
SIM1
SIM2
SIM3
SIM4
1
21
22
SIM5
SIM1
SIM2
SIM3
SIM4
1
21
22
SIM5
SIM1
SIM2
SIM3
SIM4
1
21
22
SIM5
SIM1
SIM2
SIM3
SIM4
1
21
22
SIM5
SIM1
SIM2
SIM3
SIM4
1
21
22
SIM5
SIM1
SIM2
SIM3
SIM4
1
21
22
SIM5
SIM1
SIM2
SIM3
SIM4
1
21
22
SIM5
SIM1
SIM2
SIM3
SIM4
1
21
22
SIM5
SIM1
SIM2
SIM3
SIM4
1
21
22
SIM5
SIM1
SIM2
SIM3
SIM4
1
21
22
SIM5
SIM1
SIM2
SIM3
SIM4
1
21
22
SIM5
SIM1
SIM2
SIM3
SIM4
1
21
22
SIM5
SIM1
SIM2
SIM3
SIM4
1
21
22
SIM5
SIM1
SIM2
SIM3
SIM4
1
21
22
SIM5
SIM1
SIM2
SIM3
SIM4
1
21
22
SIM5
SIM1
SIM2
SIM3
SIM4
1
21
22
SIM5
SIM1
SIM2
SIM3
SIM4
1
21
22
SIM5
SIM1
SIM2
SIM3
SIM4
1
21
22
SIM5
SIM1
SIM2
SIM3
SIM4
1
21
22
SIM5
SIM1
SIM2
SIM3
SIM4
1
21
22
SIM5
SIM1
SIM2
SIM3
SIM4
1
21
22
SIM5
SIM1
SIM2
SIM3
SIM4
1
21
22
SIM5
SIM1
SIM2
SIM3
SIM4
1
21
22
SIM5
SIM1
SIM2
SIM3
SIM4
1
21
22
SIM5
SIM1
SIM2
SIM3
SIM4
1
21
22
SIM5
SIM1
SIM2
SIM3
SIM4
1
21
22
SIM5
SIM1
SIM2
SIM3
SIM4
1
21
22
SIM5
SIM1
SIM2
SIM3
SIM4
1
21
22
SIM5
SIM1
SIM2
SIM3
SIM4
1
21
22
SIM5
SIM1
SIM2
SIM3
SIM4
1
21
22
SIM5
SIM1
SIM2
SIM3
SIM4
1
21
22
SIM5
SIM1
SIM2
SIM3
SIM4
1
21
22
SIM5
SIM1
SIM2
SIM3
SIM4
1
21
22
SIM5
SIM1
SIM2
SIM3
SIM4
1
21
22
SIM5
SIM1
SIM2
SIM3
SIM4
1
21
22
SIM5
SIM1
SIM2
SIM3
SIM4
1
21
22
SIM5
SIM1
SIM2
SIM3
SIM4
1
21
22
SIM5
SIM1
SIM2
SIM3
SIM4
1
21
22
SIM5
SIM1
SIM2
SIM3
SIM4
1
21
22
SIM5
SIM1
SIM2
SIM3
SIM4
1
21
22
SIM5
SIM1
SIM2
SIM3
SIM4
1
21
22
SIM5
SIM1
SIM2
SIM3
SIM4
1
21
22
SIM5
SIM1
SIM2
SIM3
SIM4
1
21
22
SIM5
SIM1
SIM2
SIM3
SIM4
1
21
22
SIM5
SIM1
SIM2
SIM3
SIM4
1
21
22
SIM5
SIM1
SIM2
SIM3
SIM4
1
21
22
SIM5
SIM1
SIM2
SIM3
SIM4
1
21
22
SIM5
SIM1
SIM2
DEBUG 1 313
SIM1
SIM2
SIM3
SIM4
1
21
22
SIM5
SIM1
SIM2
SIM3
SIM4
1
21
22
SIM5
SIM1
SIM2
SIM3
SIM4
1
21
22
SIM5
SIM1
SIM2
SIM3
SIM4
1
21
22
SIM5
SIM1
SIM2
SIM3
SIM4
1
21
22
SIM5
SIM1
SIM2
SIM3
SIM4
1
21
22
SIM5
SIM1
SIM2
SIM3
SIM4
1
21
22
SIM5
SIM1
SIM2
SIM3
SIM4
1
21
22
SIM5
SIM1
SIM2
SIM3
SIM4
1
21
22
SIM5
SIM1
SIM2
SIM3
SIM4
1
21
22
SIM5
SIM1
SIM2
SIM3
SIM4
1
21
22
SIM5
SIM1
SIM2
SIM3
SIM4
1
21
22
SIM5
SIM1
SIM2
SIM3
SIM4
1
21
22
SIM5
SIM1
SIM2
SIM3
SIM4
1
21
22
SIM5
SIM1
SIM2
SIM3
SIM4
1
21
22
SIM5
SIM1
SIM2
SIM3
SIM4
1
21
22
SIM5
SIM1
SIM2
SIM3
SIM4
1
21
22
SIM5
SIM1
SIM2
SIM3
SIM4
1
21
22
SIM5
SIM1
SIM2
SIM3
SIM4
1
21
22
SIM5
SIM1
SIM2
SIM3
SIM4
1
21
22
SIM5
SIM1
SIM2
SIM3
SIM4
1
21
22
SIM5
SIM1
SIM2
SIM3
SIM4
1
21
22
SIM5
SIM1
SIM2
SIM3
SIM4
1
21
22
SIM5
SIM1
SIM2
SIM3
SIM4
1
21
22
SIM5
SIM1
SIM2
SIM3
SIM4
1
21
22
SIM5
SIM1
SIM2
SIM3
SIM4
1
21
22
SIM5
SIM1
SIM2
SIM3
SIM4
1
21
22
SIM5
SIM1
SIM2
SIM3
SIM4
1
21
22
SIM5
SIM1
SIM2
SIM3
SIM4
1
21
22
SIM5
SIM1
SIM2
SIM3
SIM4
1
21
22
SIM5
SIM1
SIM2
SIM3
SIM4
1
21
22
SIM5
SIM1
SIM2
SIM3
SIM4
1
21
22
SIM5
SIM1
SIM2
SIM3
SIM4
1
21
22
SIM5
SIM1
SIM2
SIM3
SIM4
1
21
22
SIM5
SIM1
SIM2
SIM3
SIM4
1
21
22
SIM5
SIM1
SIM2
SIM3
SIM4
1
21
22
SIM5
SIM1
SIM2
SIM3
SIM4
1
21
22
SIM5
SIM1
SIM2
SIM3
SIM4
1
21
22
SIM5
SIM1
SIM2
SIM3
SIM4
1
21
22
SIM5
SIM1
SIM2
SIM3
SIM4
1
21
22
SIM5
SIM1
SIM2
SIM3
SIM4
1
21
22
SIM5
SIM1
SIM2
SIM3
SIM4
1
21
22
SIM5
SIM1
SIM2
SIM3
SIM4
1
21
22
SIM5
SIM1
SIM2
SIM3
SIM4
1
21
22
SIM5
SIM1
SIM2
SIM3
SIM4
1
21
22
SIM5
SIM1
SIM2
SIM3
SIM4
1
21
22
SIM5
SIM1
SIM2
SIM3
SIM4
1
21
22
SIM5
SIM1
SIM2
SIM3
SIM4
1
21
22
SIM5
SIM1
SIM2
SIM3
SIM4
1
21
22
SIM5
SIM1
SIM2
SIM3
SIM4
1
21
22
SIM5
SIM1
SIM2
SIM3
SIM4
1
21
22
SIM5
SIM1
SIM2
SIM3
SIM4
1
21
22
SIM5
SIM1
SIM2
SIM3
SIM4
1
21
22
SIM5
SIM1
SIM2
SIM3
SIM4
1
21
22
SIM5
SIM1
SIM2
SIM3
SIM4
1
21
22
SIM5
SIM1
SIM2
SIM3
SIM4
1
21
22
SIM5
SIM1
SIM2
SIM3
SIM4
1
21
22
SIM5
SIM1
SIM2
SIM3
SIM4
1
21
22
SIM5
SIM1
SIM2
SIM3
SIM4
1
21
22
SIM5
SIM1
SIM2
SIM3
SIM4
1
21
22
SIM5
SIM1
SIM2
SIM3
SIM4
1
21
22
SIM5
SIM1
SIM2
SIM3
SIM4
1
21
22
SIM5
SIM1
SIM2
SIM3
SIM4
1
21
22
SIM5
SIM1
SIM2
SIM3
SIM4
1
21
22
SIM5
SIM1
SIM2
SIM3
SIM4
1
21
22
SIM5
SIM1
SIM2
SIM3
SIM4
1
21
22
SIM5
SIM1
SIM2
SIM3
SIM4
1
21
22
SIM5
SIM1
SIM2
SIM3
SIM4
1
21
22
SIM5
SIM1
SIM2
SIM3
SIM4
1
21
22
SIM5
SIM1
SIM2
SIM3
SIM4
1
21
22
SIM5
SIM1
SIM2
SIM3
SIM4
1
21
22
SIM5
SIM1
SIM2
SIM3
SIM4
1
21
22
SIM5
SIM1
SIM2
SIM3
SIM4
1
21
22
SIM5
SIM1
SIM2
SIM3
SIM4
1
21
22
SIM5
SIM1
SIM2
SIM3
SIM4
1
21
22
SIM5
SIM1
SIM2
SIM3
SIM4
1
21
22
SIM5
SIM1
SIM2
SIM3
SIM4
1
21
22
SIM5
SIM1
SIM2
SIM3
SIM4
1
21
22
SIM5
SIM1
SIM2
SIM3
SIM4
1
21
22
SIM5
SIM1
SIM2
SIM3
SIM4
1
21
22
SIM5
SIM1
SIM2
SIM3
SIM4
1
21
22
SIM5
SIM1
SIM2
SIM3
SIM4
1
21
22
SIM5
SIM1
SIM2
SIM3
SIM4
1
21
22
SIM5
SIM1
SIM2
SIM3
SIM4
1
21
22
SIM5
SIM1
SIM2
SIM3
SIM4
1
21
22
SIM5
SIM1
SIM2
SIM3
SIM4
1
21
22
SIM5
SIM1
SIM2
SIM3
SIM4
1
21
22
SIM5
SIM1
SIM2
SIM3
SIM4
1
21
22
SIM5
SIM1
SIM2
SIM3
SIM4
1
21
22
SIM5
SIM1
SIM2
SIM3
SIM4
1
21
22
SIM5
SIM1
SIM2
SIM3
SIM4
1
21
22
SIM5
SIM1
SIM2
SIM3
SIM4
1
21
22
SIM5
SIM1
SIM2
SIM3
SIM4
1
21
22
SIM5
SIM1
SIM2
SIM3
SIM4
1
21
22
SIM5
SIM1
SIM2
SIM3
SIM4
1
21
22
SIM5
SIM1
SIM2
SIM3
SIM4
1
21
22
SIM5
SIM1
SIM2
SIM3
SIM4
1
21
22
SIM5
SIM1
SIM2
SIM3
SIM4
1
21
22
SIM5
SIM1
SIM2
SIM3
SIM4
1
21
22
SIM5
SIM1
SIM2
SIM3
SIM4
1
21
22
SIM5
SIM1
SIM2
SIM3
SIM4
1
21
22
SIM5
SIM1
SIM2
SIM3
SIM4
1
21
22
SIM5
SIM1
SIM2
SIM3
SIM4
1
21
22
SIM5
SIM1
SIM2
SIM3
SIM4
1
21
22
SIM5
SIM1
SIM2
SIM3
SIM4
1
21
22
SIM5
SIM1
SIM2
SIM3
SIM4
1
21
22
SIM5
SIM1
SIM2
SIM3
SIM4
1
21
22
SIM5
SIM1
SIM2
SIM3
SIM4
1
21
22
SIM5
SIM1
SIM2
SIM3
SIM4
1
21
22
SIM5
SIM1
SIM2
SIM3
SIM4
1
21
22
SIM5
SIM1
SIM2
SIM3
SIM4
1
21
22
SIM5
SIM1
SIM2
SIM3
SIM4
1
21
22
SIM5
SIM1
SIM2
SIM3
SIM4
1
21
22
SIM5
SIM1
SIM2
SIM3
SIM4
1
21
22
SIM5
SIM1
SIM2
SIM3
SIM4
1
21
22
SIM5
SIM1
SIM2
SIM3
SIM4
1
21
22
SIM5
SIM1
SIM2
SIM3
SIM4
1
21
22
SIM5
SIM1
SIM2
SIM3
SIM4
1
21
22
SIM5
SIM1
SIM2
SIM3
SIM4
1
21
22
SIM5
SIM1
SIM2
SIM3
SIM4
1
21
22
SIM5
SIM1
SIM2
SIM3
SIM4
1
21
22
SIM5
SIM1
SIM2
SIM3
SIM4
1
21
22
SIM5
SIM1
SIM2
SIM3
SIM4
1
21
22
SIM5
SIM1
SIM2
SIM3
SIM4
1
21
22
SIM5
SIM1
SIM2
SIM3
SIM4
1
21
22
SIM5
SIM1
SIM2
SIM3
SIM4
1
21
22
SIM5
SIM1
SIM2
SIM3
SIM4
1
21
22
SIM5
SIM1
SIM2
SIM3
SIM4
1
21
22
SIM5
SIM1
SIM2
SIM3
SIM4
1
21
22
SIM5
SIM1
SIM2
SIM3
SIM4
1
21
22
SIM5
SIM1
SIM2
SIM3
SIM4
1
21
22
SIM5
SIM1
SIM2
SIM3
SIM4
1
21
22
SIM5
SIM1
SIM2
SIM3
SIM4
1
21
22
SIM5
SIM1
SIM2
SIM3
SIM4
1
21
22
SIM5
SIM1
SIM2
SIM3
SIM4
1
21
22
SIM5
SIM1
SIM2
SIM3
SIM4
1
21
22
SIM5
SIM1
SIM2
SIM3
SIM4
1
21
22
SIM5
SIM1
SIM2
SIM3
SIM4
1
21
22
SIM5
SIM1
SIM2
SIM3
SIM4
1
21
22
SIM5
SIM1
SIM2
SIM3
SIM4
1
21
22
SIM5
SIM1
SIM2
SIM3
SIM4
1
21
22
SIM5
SIM1
SIM2
SIM3
SIM4
1
21
22
SIM5
SIM1
SIM2
SIM3
SIM4
1
21
22
SIM5
SIM1
SIM2
SIM3
SIM4
1
21
22
SIM5
SIM1
SIM2
SIM3
SIM4
1
21
22
SIM5
SIM1
SIM2
SIM3
SIM4
1
21
22
SIM5
SIM1
SIM2
SIM3
SIM4
1
21
22
SIM5
SIM1
SIM2
SIM3
SIM4
1
21
22
SIM5
SIM1
SIM2
SIM3
SIM4
1
21
22
SIM5
SIM1
SIM2
SIM3
SIM4
1
21
22
SIM5
SIM1
SIM2
SIM3
SIM4
1
21
22
SIM5
SIM1
SIM2
SIM3
SIM4
1
21
22
SIM5
SIM1
SIM2
SIM3
SIM4
1
21
22
SIM5
SIM1
SIM2
SIM3
SIM4
1
21
22
SIM5
SIM1
SIM2
SIM3
SIM4
1
21
22
SIM5
SIM1
SIM2
SIM3
SIM4
1
21
22
SIM5
SIM1
SIM2
SIM3
SIM4
1
21
22
SIM5
SIM1
SIM2
SIM3
SIM4
1
21
22
SIM5
SIM1
SIM2
SIM3
SIM4
1
21
22
SIM5
SIM1
SIM2
SIM3
SIM4
1
21
22
SIM5
SIM1
SIM2
SIM3
SIM4
1
21
22
SIM5
SIM1
SIM2
SIM3
SIM4
1
21
22
SIM5
SIM1
SIM2
SIM3
SIM4
1
21
22
SIM5
SIM1
SIM2
SIM3
SIM4
1
21
22
SIM5
SIM1
SIM2
SIM3
SIM4
1
21
22
SIM5
SIM1
SIM2
SIM3
SIM4
1
21
22
SIM5
SIM1
SIM2
SIM3
SIM4
1
21
22
SIM5
SIM1
SIM2
SIM3
SIM4
1
21
22
SIM5
SIM1
SIM2
SIM3
SIM4
1
21
22
SIM5
SIM1
SIM2
SIM3
SIM4
1
21
22
SIM5
SIM1
SIM2
SIM3
SIM4
1
21
22
SIM5
SIM1
SIM2
SIM3
SIM4
1
21
22
SIM5
SIM1
SIM2
SIM3
SIM4
1
21
22
SIM5
SIM1
SIM2
SIM3
SIM4
1
21
22
SIM5
SIM1
SIM2
SIM3
SIM4
1
21
22
SIM5
SIM1
SIM2
SIM3
SIM4
1
21
22
SIM5
SIM1
SIM2
SIM3
SIM4
1
21
22
SIM5
SIM1
SIM2
SIM3
SIM4
1
21
22
SIM5
SIM1
SIM2
SIM3
SIM4
1
21
22
SIM5
SIM1
SIM2
SIM3
SIM4
1
21
22
SIM5
SIM1
SIM2
SIM3
SIM4
1
21
22
SIM5
SIM1
SIM2
SIM3
SIM4
1
21
22
SIM5
SIM1
SIM2
SIM3
SIM4
1
21
22
SIM5
SIM1
SIM2
SIM3
SIM4
1
21
22
SIM5
SIM1
SIM2
SIM3
SIM4
1
21
22
SIM5
SIM1
SIM2
SIM3
SIM4
1
21
22
SIM5
SIM1
SIM2
SIM3
SIM4
1
21
22
SIM5
SIM1
SIM2
SIM3
SIM4
1
21
22
SIM5
SIM1
SIM2
SIM3
SIM4
1
21
22
SIM5
SIM1
SIM2
SIM3
SIM4
1
21
22
SIM5
SIM1
SIM2
SIM3
SIM4
1
21
22
SIM5
SIM1
SIM2
SIM3
SIM4
1
21
22
SIM5
SIM1
SIM2
SIM3
SIM4
1
21
22
SIM5
SIM1
SIM2
SIM3
SIM4
1
21
22
SIM5
SIM1
SIM2
SIM3
SIM4
1
21
22
SIM5
SIM1
SIM2
SIM3
SIM4
1
21
22
SIM5
SIM1
SIM2
SIM3
SIM4
1
21
22
SIM5
SIM1
SIM2
SIM3
SIM4
1
21
22
SIM5
SIM1
SIM2
SIM3
SIM4
1
21
22
SIM5
SIM1
SIM2
SIM3
SIM4
1
21
22
SIM5
SIM1
SIM2
SIM3
SIM4
1
21
22
SIM5
SIM1
SIM2
SIM3
SIM4
1
21
22
SIM5
SIM1
SIM2
SIM3
SIM4
1
21
22
SIM5
SIM1
SIM2
SIM3
SIM4
1
21
22
SIM5
SIM1
SIM2
SIM3
SIM4
1
21
22
SIM5
SIM1
SIM2
SIM3
SIM4
1
21
22
SIM5
SIM1
SIM2
DEBUG 1 314
SIM1
SIM2
SIM3
SIM4
1
21
22
SIM5
SIM1
SIM2
SIM3
SIM4
1
21
22
SIM5
SIM1
SIM2
SIM3
SIM4
1
21
22
SIM5
SIM1
SIM2
SIM3
SIM4
1
21
22
SIM5
SIM1
SIM2
SIM3
SIM4
1
21
22
SIM5
SIM1
SIM2
SIM3
SIM4
1
21
22
SIM5
SIM1
SIM2
SIM3
SIM4
1
21
22
SIM5
SIM1
SIM2
SIM3
SIM4
1
21
22
SIM5
SIM1
SIM2
SIM3
SIM4
1
21
22
SIM5
SIM1
SIM2
SIM3
SIM4
1
21
22
SIM5
SIM1
SIM2
SIM3
SIM4
1
21
22
SIM5
SIM1
SIM2
SIM3
SIM4
1
21
22
SIM5
SIM1
SIM2
SIM3
SIM4
1
21
22
SIM5
SIM1
SIM2
SIM3
SIM4
1
21
22
SIM5
SIM1
SIM2
SIM3
SIM4
1
21
22
SIM5
SIM1
SIM2
SIM3
SIM4
1
21
22
SIM5
SIM1
SIM2
SIM3
SIM4
1
21
22
SIM5
SIM1
SIM2
SIM3
SIM4
1
21
22
SIM5
SIM1
SIM2
SIM3
SIM4
1
21
22
SIM5
SIM1
SIM2
SIM3
SIM4
1
21
22
SIM5
SIM1
SIM2
SIM3
SIM4
1
21
22
SIM5
SIM1
SIM2
SIM3
SIM4
1
21
22
SIM5
SIM1
SIM2
SIM3
SIM4
1
21
22
SIM5
SIM1
SIM2
SIM3
SIM4
1
21
22
SIM5
SIM1
SIM2
SIM3
SIM4
1
21
22
SIM5
SIM1
SIM2
SIM3
SIM4
1
21
22
SIM5
SIM1
SIM2
SIM3
SIM4
1
21
22
SIM5
SIM1
SIM2
SIM3
SIM4
1
21
22
SIM5
SIM1
SIM2
SIM3
SIM4
1
21
22
SIM5
SIM1
SIM2
SIM3
SIM4
1
21
22
SIM5
SIM1
SIM2
SIM3
SIM4
1
21
22
SIM5
SIM1
SIM2
SIM3
SIM4
1
21
22
SIM5
SIM1
SIM2
SIM3
SIM4
1
21
22
SIM5
SIM1
SIM2
SIM3
SIM4
1
21
22
SIM5
SIM1
SIM2
SIM3
SIM4
1
21
22
SIM5
SIM1
SIM2
SIM3
SIM4
1
21
22
SIM5
SIM1
SIM2
SIM3
SIM4
1
21
22
SIM5
SIM1
SIM2
SIM3
SIM4
1
21
22
SIM5
SIM1
SIM2
SIM3
SIM4
1
21
22
SIM5
SIM1
SIM2
SIM3
SIM4
1
21
22
SIM5
SIM1
SIM2
SIM3
SIM4
1
21
22
SIM5
SIM1
SIM2
SIM3
SIM4
1
21
22
SIM5
SIM1
SIM2
SIM3
SIM4
1
21
22
SIM5
SIM1
SIM2
SIM3
SIM4
1
21
22
SIM5
SIM1
SIM2
SIM3
SIM4
1
21
22
SIM5
SIM1
SIM2
SIM3
SIM4
1
21
22
SIM5
SIM1
SIM2
SIM3
SIM4
1
21
22
SIM5
SIM1
SIM2
SIM3
SIM4
1
21
22
SIM5
SIM1
SIM2
SIM3
SIM4
1
21
22
SIM5
SIM1
SIM2
SIM3
SIM4
1
21
22
SIM5
SIM1
SIM2
SIM3
SIM4
1
21
22
SIM5
SIM1
SIM2
SIM3
SIM4
1
21
22
SIM5
SIM1
SIM2
SIM3
SIM4
1
21
22
SIM5
SIM1
SIM2
SIM3
SIM4
1
21
22
SIM5
SIM1
SIM2
SIM3
SIM4
1
21
22
SIM5
SIM1
SIM2
SIM3
SIM4
1
21
22
SIM5
SIM1
SIM2
SIM3
SIM4
1
21
22
SIM5
SIM1
SIM2
SIM3
SIM4
1
21
22
SIM5
SIM1
SIM2
SIM3
SIM4
1
21
22
SIM5
SIM1
SIM2
SIM3
SIM4
1
21
22
SIM5
SIM1
SIM2
SIM3
SIM4
1
21
22
SIM5
SIM1
SIM2
SIM3
SIM4
1
21
22
SIM5
SIM1
SIM2
SIM3
SIM4
1
21
22
SIM5
SIM1
SIM2
SIM3
SIM4
1
21
22
SIM5
SIM1
SIM2
SIM3
SIM4
1
21
22
SIM5
SIM1
SIM2
SIM3
SIM4
1
21
22
SIM5
SIM1
SIM2
SIM3
SIM4
1
21
22
SIM5
SIM1
SIM2
SIM3
SIM4
1
21
22
SIM5
SIM1
SIM2
SIM3
SIM4
1
21
22
SIM5
SIM1
SIM2
SIM3
SIM4
1
21
22
SIM5
SIM1
SIM2
SIM3
SIM4
1
21
22
SIM5
SIM1
SIM2
SIM3
SIM4
1
21
22
SIM5
SIM1
SIM2
SIM3
SIM4
1
21
22
SIM5
SIM1
SIM2
SIM3
SIM4
1
21
22
SIM5
SIM1
SIM2
SIM3
SIM4
1
21
22
SIM5
SIM1
SIM2
SIM3
SIM4
1
21
22
SIM5
SIM1
SIM2
SIM3
SIM4
1
21
22
SIM5
SIM1
SIM2
SIM3
SIM4
1
21
22
SIM5
SIM1
SIM2
SIM3
SIM4
1
21
22
SIM5
SIM1
SIM2
SIM3
SIM4
1
21
22
SIM5
SIM1
SIM2
SIM3
SIM4
1
21
22
SIM5
SIM1
SIM2
SIM3
SIM4
1
21
22
SIM5
SIM1
SIM2
SIM3
SIM4
1
21
22
SIM5
SIM1
SIM2
SIM3
SIM4
1
21
22
SIM5
SIM1
SIM2
SIM3
SIM4
1
21
22
SIM5
SIM1
SIM2
SIM3
SIM4
1
21
22
SIM5
SIM1
SIM2
SIM3
SIM4
1
21
22
SIM5
SIM1
SIM2
SIM3
SIM4
1
21
22
SIM5
SIM1
SIM2
SIM3
SIM4
1
21
22
SIM5
SIM1
SIM2
SIM3
SIM4
1
21
22
SIM5
SIM1
SIM2
SIM3
SIM4
1
21
22
SIM5
SIM1
SIM2
SIM3
SIM4
1
21
22
SIM5
SIM1
SIM2
SIM3
SIM4
1
21
22
SIM5
SIM1
SIM2
SIM3
SIM4
1
21
22
SIM5
SIM1
SIM2
SIM3
SIM4
1
21
22
SIM5
SIM1
SIM2
SIM3
SIM4
1
21
22
SIM5
SIM1
SIM2
SIM3
SIM4
1
21
22
SIM5
SIM1
SIM2
SIM3
SIM4
1
21
22
SIM5
SIM1
SIM2
SIM3
SIM4
1
21
22
SIM5
SIM1
SIM2
SIM3
SIM4
1
21
22
SIM5
SIM1
SIM2
SIM3
SIM4
1
21
22
SIM5
SIM1
SIM2
SIM3
SIM4
1
21
22
SIM5
SIM1
SIM2
SIM3
SIM4
1
21
22
SIM5
SIM1
SIM2
SIM3
SIM4
1
21
22
SIM5
SIM1
SIM2
SIM3
SIM4
1
21
22
SIM5
SIM1
SIM2
SIM3
SIM4
1
21
22
SIM5
SIM1
SIM2
SIM3
SIM4
1
21
22
SIM5
SIM1
SIM2
SIM3
SIM4
1
21
22
SIM5
SIM1
SIM2
SIM3
SIM4
1
21
22
SIM5
SIM1
SIM2
SIM3
SIM4
1
21
22
SIM5
SIM1
SIM2
SIM3
SIM4
1
21
22
SIM5
SIM1
SIM2
SIM3
SIM4
1
21
22
SIM5
SIM1
SIM2
SIM3
SIM4
1
21
22
SIM5
SIM1
SIM2
SIM3
SIM4
1
21
22
SIM5
SIM1
SIM2
SIM3
SIM4
1
21
22
SIM5
SIM1
SIM2
SIM3
SIM4
1
21
22
SIM5
SIM1
SIM2
SIM3
SIM4
1
21
22
SIM5
SIM1
SIM2
SIM3
SIM4
1
21
22
SIM5
SIM1
SIM2
SIM3
SIM4
1
21
22
SIM5
SIM1
SIM2
SIM3
SIM4
1
21
22
SIM5
SIM1
SIM2
SIM3
SIM4
1
21
22
SIM5
SIM1
SIM2
SIM3
SIM4
1
21
22
SIM5
SIM1
SIM2
SIM3
SIM4
1
21
22
SIM5
SIM1
SIM2
SIM3
SIM4
1
21
22
SIM5
SIM1
SIM2
SIM3
SIM4
1
21
22
SIM5
SIM1
SIM2
SIM3
SIM4
1
21
22
SIM5
SIM1
SIM2
SIM3
SIM4
1
21
22
SIM5
SIM1
SIM2
SIM3
SIM4
1
21
22
SIM5
SIM1
SIM2
SIM3
SIM4
1
21
22
SIM5
SIM1
SIM2
SIM3
SIM4
1
21
22
SIM5
SIM1
SIM2
SIM3
SIM4
1
21
22
SIM5
SIM1
SIM2
SIM3
SIM4
1
21
22
SIM5
SIM1
SIM2
SIM3
SIM4
1
21
22
SIM5
SIM1
SIM2
SIM3
SIM4
1
21
22
SIM5
SIM1
SIM2
SIM3
SIM4
1
21
22
SIM5
SIM1
SIM2
SIM3
SIM4
1
21
22
SIM5
SIM1
SIM2
SIM3
SIM4
1
21
22
SIM5
SIM1
SIM2
SIM3
SIM4
1
21
22
SIM5
SIM1
SIM2
SIM3
SIM4
1
21
22
SIM5
SIM1
SIM2
SIM3
SIM4
1
21
22
SIM5
SIM1
SIM2
SIM3
SIM4
1
21
22
SIM5
SIM1
SIM2
SIM3
SIM4
1
21
22
SIM5
SIM1
SIM2
SIM3
SIM4
1
21
22
SIM5
SIM1
SIM2
SIM3
SIM4
1
21
22
SIM5
SIM1
SIM2
SIM3
SIM4
1
21
22
SIM5
SIM1
SIM2
SIM3
SIM4
1
21
22
SIM5
SIM1
SIM2
SIM3
SIM4
1
21
22
SIM5
SIM1
SIM2
SIM3
SIM4
1
21
22
SIM5
SIM1
SIM2
SIM3
SIM4
1
21
22
SIM5
SIM1
SIM2
SIM3
SIM4
1
21
22
SIM5
SIM1
SIM2
SIM3
SIM4
1
21
22
SIM5
SIM1
SIM2
SIM3
SIM4
1
21
22
SIM5
SIM1
SIM2
SIM3
SIM4
1
21
22
SIM5
SIM1
SIM2
SIM3
SIM4
1
21
22
SIM5
SIM1
SIM2
SIM3
SIM4
1
21
22
SIM5
SIM1
SIM2
SIM3
SIM4
1
21
22
SIM5
SIM1
SIM2
SIM3
SIM4
1
21
22
SIM5
SIM1
SIM2
SIM3
SIM4
1
21
22
SIM5
SIM1
SIM2
SIM3
SIM4
1
21
22
SIM5
SIM1
SIM2
SIM3
SIM4
1
21
22
SIM5
SIM1
SIM2
SIM3
SIM4
1
21
22
SIM5
SIM1
SIM2
SIM3
SIM4
1
21
22
SIM5
SIM1
SIM2
SIM3
SIM4
1
21
22
SIM5
SIM1
SIM2
SIM3
SIM4
1
21
22
SIM5
SIM1
SIM2
SIM3
SIM4
1
21
22
SIM5
SIM1
SIM2
SIM3
SIM4
1
21
22
SIM5
SIM1
SIM2
SIM3
SIM4
1
21
22
SIM5
SIM1
SIM2
SIM3
SIM4
1
21
22
SIM5
SIM1
SIM2
SIM3
SIM4
1
21
22
SIM5
SIM1
SIM2
SIM3
SIM4
1
21
22
SIM5
SIM1
SIM2
SIM3
SIM4
1
21
22
SIM5
SIM1
SIM2
SIM3
SIM4
1
21
22
SIM5
SIM1
SIM2
SIM3
SIM4
1
21
22
SIM5
SIM1
SIM2
SIM3
SIM4
1
21
22
SIM5
SIM1
SIM2
SIM3
SIM4
1
21
22
SIM5
SIM1
SIM2
SIM3
SIM4
1
21
22
SIM5
SIM1
SIM2
SIM3
SIM4
1
21
22
SIM5
SIM1
SIM2
SIM3
SIM4
1
21
22
SIM5
SIM1
SIM2
SIM3
SIM4
1
21
22
SIM5
SIM1
SIM2
SIM3
SIM4
1
21
22
SIM5
SIM1
SIM2
SIM3
SIM4
1
21
22
SIM5
SIM1
SIM2
SIM3
SIM4
1
21
22
SIM5
SIM1
SIM2
SIM3
SIM4
1
21
22
SIM5
SIM1
SIM2
SIM3
SIM4
1
21
22
SIM5
SIM1
SIM2
SIM3
SIM4
1
21
22
SIM5
SIM1
SIM2
SIM3
SIM4
1
21
22
SIM5
SIM1
SIM2
SIM3
SIM4
1
21
22
SIM5
SIM1
SIM2
SIM3
SIM4
1
21
22
SIM5
SIM1
SIM2
SIM3
SIM4
1
21
22
SIM5
SIM1
SIM2
SIM3
SIM4
1
21
22
SIM5
SIM1
SIM2
DEBUG 1 315
SIM1
SIM2
SIM3
SIM4
1
21
22
SIM5
SIM1
SIM2
SIM3
SIM4
1
21
22
SIM5
SIM1
SIM2
SIM3
SIM4
1
21
22
SIM5
SIM1
SIM2
SIM3
SIM4
1
21
22
SIM5
SIM1
SIM2
SIM3
SIM4
1
21
22
SIM5
SIM1
SIM2
SIM3
SIM4
1
21
22
SIM5
SIM1
SIM2
SIM3
SIM4
1
21
22
SIM5
SIM1
SIM2
SIM3
SIM4
1
21
22
SIM5
SIM1
SIM2
SIM3
SIM4
1
21
22
SIM5
SIM1
SIM2
SIM3
SIM4
1
21
22
SIM5
SIM1
SIM2
SIM3
SIM4
1
21
22
SIM5
SIM1
SIM2
SIM3
SIM4
1
21
22
SIM5
SIM1
SIM2
SIM3
SIM4
1
21
22
SIM5
SIM1
SIM2
SIM3
SIM4
1
21
22
SIM5
SIM1
SIM2
SIM3
SIM4
1
21
22
SIM5
SIM1
SIM2
SIM3
SIM4
1
21
22
SIM5
SIM1
SIM2
SIM3
SIM4
1
21
22
SIM5
SIM1
SIM2
SIM3
SIM4
1
21
22
SIM5
SIM1
SIM2
SIM3
SIM4
1
21
22
SIM5
SIM1
SIM2
SIM3
SIM4
1
21
22
SIM5
SIM1
SIM2
SIM3
SIM4
1
21
22
SIM5
SIM1
SIM2
SIM3
SIM4
1
21
22
SIM5
SIM1
SIM2
SIM3
SIM4
1
21
22
SIM5
SIM1
SIM2
SIM3
SIM4
1
21
22
SIM5
SIM1
SIM2
SIM3
SIM4
1
21
22
SIM5
SIM1
SIM2
SIM3
SIM4
1
21
22
SIM5
SIM1
SIM2
SIM3
SIM4
1
21
22
SIM5
SIM1
SIM2
SIM3
SIM4
1
21
22
SIM5
SIM1
SIM2
SIM3
SIM4
1
21
22
SIM5
SIM1
SIM2
SIM3
SIM4
1
21
22
SIM5
SIM1
SIM2
SIM3
SIM4
1
21
22
SIM5
SIM1
SIM2
SIM3
SIM4
1
21
22
SIM5
SIM1
SIM2
SIM3
SIM4
1
21
22
SIM5
SIM1
SIM2
SIM3
SIM4
1
21
22
SIM5
SIM1
SIM2
SIM3
SIM4
1
21
22
SIM5
SIM1
SIM2
SIM3
SIM4
1
21
22
SIM5
SIM1
SIM2
SIM3
SIM4
1
21
22
SIM5
SIM1
SIM2
SIM3
SIM4
1
21
22
SIM5
SIM1
SIM2
SIM3
SIM4
1
21
22
SIM5
SIM1
SIM2
SIM3
SIM4
1
21
22
SIM5
SIM1
SIM2
SIM3
SIM4
1
21
22
SIM5
SIM1
SIM2
SIM3
SIM4
1
21
22
SIM5
SIM1
SIM2
SIM3
SIM4
1
21
22
SIM5
SIM1
SIM2
SIM3
SIM4
1
21
22
SIM5
SIM1
SIM2
SIM3
SIM4
1
21
22
SIM5
SIM1
SIM2
SIM3
SIM4
1
21
22
SIM5
SIM1
SIM2
SIM3
SIM4
1
21
22
SIM5
SIM1
SIM2
SIM3
SIM4
1
21
22
SIM5
SIM1
SIM2
SIM3
SIM4
1
21
22
SIM5
SIM1
SIM2
SIM3
SIM4
1
21
22
SIM5
SIM1
SIM2
SIM3
SIM4
1
21
22
SIM5
SIM1
SIM2
SIM3
SIM4
1
21
22
SIM5
SIM1
SIM2
SIM3
SIM4
1
21
22
SIM5
SIM1
SIM2
SIM3
SIM4
1
21
22
SIM5
SIM1
SIM2
SIM3
SIM4
1
21
22
SIM5
SIM1
SIM2
SIM3
SIM4
1
21
22
SIM5
SIM1
SIM2
SIM3
SIM4
1
21
22
SIM5
SIM1
SIM2
SIM3
SIM4
1
21
22
SIM5
SIM1
SIM2
SIM3
SIM4
1
21
22
SIM5
SIM1
SIM2
SIM3
SIM4
1
21
22
SIM5
SIM1
SIM2
SIM3
SIM4
1
21
22
SIM5
SIM1
SIM2
SIM3
SIM4
1
21
22
SIM5
SIM1
SIM2
SIM3
SIM4
1
21
22
SIM5
SIM1
SIM2
SIM3
SIM4
1
21
22
SIM5
SIM1
SIM2
SIM3
SIM4
1
21
22
SIM5
SIM1
SIM2
SIM3
SIM4
1
21
22
SIM5
SIM1
SIM2
SIM3
SIM4
1
21
22
SIM5
SIM1
SIM2
SIM3
SIM4
1
21
22
SIM5
SIM1
SIM2
SIM3
SIM4
1
21
22
SIM5
SIM1
SIM2
SIM3
SIM4
1
21
22
SIM5
SIM1
SIM2
SIM3
SIM4
1
21
22
SIM5
SIM1
SIM2
SIM3
SIM4
1
21
22
SIM5
SIM1
SIM2
SIM3
SIM4
1
21
22
SIM5
SIM1
SIM2
SIM3
SIM4
1
21
22
SIM5
SIM1
SIM2
SIM3
SIM4
1
21
22
SIM5
SIM1
SIM2
SIM3
SIM4
1
21
22
SIM5
SIM1
SIM2
SIM3
SIM4
1
21
22
SIM5
SIM1
SIM2
SIM3
SIM4
1
21
22
SIM5
SIM1
SIM2
SIM3
SIM4
1
21
22
SIM5
SIM1
SIM2
SIM3
SIM4
1
21
22
SIM5
SIM1
SIM2
SIM3
SIM4
1
21
22
SIM5
SIM1
SIM2
SIM3
SIM4
1
21
22
SIM5
SIM1
SIM2
SIM3
SIM4
1
21
22
SIM5
SIM1
SIM2
SIM3
SIM4
1
21
22
SIM5
SIM1
SIM2
SIM3
SIM4
1
21
22
SIM5
SIM1
SIM2
SIM3
SIM4
1
21
22
SIM5
SIM1
SIM2
SIM3
SIM4
1
21
22
SIM5
SIM1
SIM2
SIM3
SIM4
1
21
22
SIM5
SIM1
SIM2
SIM3
SIM4
1
21
22
SIM5
SIM1
SIM2
SIM3
SIM4
1
21
22
SIM5
SIM1
SIM2
SIM3
SIM4
1
21
22
SIM5
SIM1
SIM2
SIM3
SIM4
1
21
22
SIM5
SIM1
SIM2
SIM3
SIM4
1
21
22
SIM5
SIM1
SIM2
SIM3
SIM4
1
21
22
SIM5
SIM1
SIM2
SIM3
SIM4
1
21
22
SIM5
SIM1
SIM2
SIM3
SIM4
1
21
22
SIM5
SIM1
SIM2
SIM3
SIM4
1
21
22
SIM5
SIM1
SIM2
SIM3
SIM4
1
21
22
SIM5
SIM1
SIM2
SIM3
SIM4
1
21
22
SIM5
SIM1
SIM2
SIM3
SIM4
1
21
22
SIM5
SIM1
SIM2
SIM3
SIM4
1
21
22
SIM5
SIM1
SIM2
SIM3
SIM4
1
21
22
SIM5
SIM1
SIM2
SIM3
SIM4
1
21
22
SIM5
SIM1
SIM2
SIM3
SIM4
1
21
22
SIM5
SIM1
SIM2
SIM3
SIM4
1
21
22
SIM5
SIM1
SIM2
SIM3
SIM4
1
21
22
SIM5
SIM1
SIM2
SIM3
SIM4
1
21
22
SIM5
SIM1
SIM2
SIM3
SIM4
1
21
22
SIM5
SIM1
SIM2
SIM3
SIM4
1
21
22
SIM5
SIM1
SIM2
SIM3
SIM4
1
21
22
SIM5
SIM1
SIM2
SIM3
SIM4
1
21
22
SIM5
SIM1
SIM2
SIM3
SIM4
1
21
22
SIM5
SIM1
SIM2
SIM3
SIM4
1
21
22
SIM5
SIM1
SIM2
SIM3
SIM4
1
21
22
SIM5
SIM1
SIM2
SIM3
SIM4
1
21
22
SIM5
SIM1
SIM2
SIM3
SIM4
1
21
22
SIM5
SIM1
SIM2
SIM3
SIM4
1
21
22
SIM5
SIM1
SIM2
SIM3
SIM4
1
21
22
SIM5
SIM1
SIM2
SIM3
SIM4
1
21
22
SIM5
SIM1
SIM2
SIM3
SIM4
1
21
22
SIM5
SIM1
SIM2
SIM3
SIM4
1
21
22
SIM5
SIM1
SIM2
SIM3
SIM4
1
21
22
SIM5
SIM1
SIM2
SIM3
SIM4
1
21
22
SIM5
SIM1
SIM2
SIM3
SIM4
1
21
22
SIM5
SIM1
SIM2
SIM3
SIM4
1
21
22
SIM5
SIM1
SIM2
SIM3
SIM4
1
21
22
SIM5
SIM1
SIM2
SIM3
SIM4
1
21
22
SIM5
SIM1
SIM2
SIM3
SIM4
1
21
22
SIM5
SIM1
SIM2
SIM3
SIM4
1
21
22
SIM5
SIM1
SIM2
SIM3
SIM4
1
21
22
SIM5
SIM1
SIM2
SIM3
SIM4
1
21
22
SIM5
SIM1
SIM2
SIM3
SIM4
1
21
22
SIM5
SIM1
SIM2
SIM3
SIM4
1
21
22
SIM5
SIM1
SIM2
SIM3
SIM4
1
21
22
SIM5
SIM1
SIM2
SIM3
SIM4
1
21
22
SIM5
SIM1
SIM2
SIM3
SIM4
1
21
22
SIM5
SIM1
SIM2
SIM3
SIM4
1
21
22
SIM5
SIM1
SIM2
SIM3
SIM4
1
21
22
SIM5
SIM1
SIM2
SIM3
SIM4
1
21
22
SIM5
SIM1
SIM2
SIM3
SIM4
1
21
22
SIM5
SIM1
SIM2
SIM3
SIM4
1
21
22
SIM5
SIM1
SIM2
SIM3
SIM4
1
21
22
SIM5
SIM1
SIM2
SIM3
SIM4
1
21
22
SIM5
SIM1
SIM2
SIM3
SIM4
1
21
22
SIM5
SIM1
SIM2
SIM3
SIM4
1
21
22
SIM5
SIM1
SIM2
SIM3
SIM4
1
21
22
SIM5
SIM1
SIM2
SIM3
SIM4
1
21
22
SIM5
SIM1
SIM2
SIM3
SIM4
1
21
22
SIM5
SIM1
SIM2
SIM3
SIM4
1
21
22
SIM5
SIM1
SIM2
SIM3
SIM4
1
21
22
SIM5
SIM1
SIM2
SIM3
SIM4
1
21
22
SIM5
SIM1
SIM2
SIM3
SIM4
1
21
22
SIM5
SIM1
SIM2
SIM3
SIM4
1
21
22
SIM5
SIM1
SIM2
SIM3
SIM4
1
21
22
SIM5
SIM1
SIM2
SIM3
SIM4
1
21
22
SIM5
SIM1
SIM2
SIM3
SIM4
1
21
22
SIM5
SIM1
SIM2
SIM3
SIM4
1
21
22
SIM5
SIM1
SIM2
SIM3
SIM4
1
21
22
SIM5
SIM1
SIM2
SIM3
SIM4
1
21
22
SIM5
SIM1
SIM2
SIM3
SIM4
1
21
22
SIM5
SIM1
SIM2
SIM3
SIM4
1
21
22
SIM5
SIM1
SIM2
SIM3
SIM4
1
21
22
SIM5
SIM1
SIM2
SIM3
SIM4
1
21
22
SIM5
SIM1
SIM2
SIM3
SIM4
1
21
22
SIM5
SIM1
SIM2
SIM3
SIM4
1
21
22
SIM5
SIM1
SIM2
SIM3
SIM4
1
21
22
SIM5
SIM1
SIM2
SIM3
SIM4
1
21
22
SIM5
SIM1
SIM2
SIM3
SIM4
1
21
22
SIM5
SIM1
SIM2
SIM3
SIM4
1
21
22
SIM5
SIM1
SIM2
SIM3
SIM4
1
21
22
SIM5
SIM1
SIM2
SIM3
SIM4
1
21
22
SIM5
SIM1
SIM2
SIM3
SIM4
1
21
22
SIM5
SIM1
SIM2
SIM3
SIM4
1
21
22
SIM5
SIM1
SIM2
SIM3
SIM4
1
21
22
SIM5
SIM1
SIM2
SIM3
SIM4
1
21
22
SIM5
SIM1
SIM2
SIM3
SIM4
1
21
22
SIM5
SIM1
SIM2
SIM3
SIM4
1
21
22
SIM5
SIM1
SIM2
SIM3
SIM4
1
21
22
SIM5
SIM1
SIM2
SIM3
SIM4
1
21
22
SIM5
SIM1
SIM2
SIM3
SIM4
1
21
22
SIM5
SIM1
SIM2
SIM3
SIM4
1
21
22
SIM5
SIM1
SIM2
SIM3
SIM4
1
21
22
SIM5
SIM1
SIM2
SIM3
SIM4
1
21
22
SIM5
SIM1
SIM2
SIM3
SIM4
1
21
22
SIM5
SIM1
SIM2
SIM3
SIM4
1
21
22
SIM5
SIM1
SIM2
SIM3
SIM4
1
21
22
SIM5
SIM1
SIM2
SIM3
SIM4
1
21
22
SIM5
SIM1
SIM2
SIM3
SIM4
1
21
22
SIM5
SIM1
SIM2
SIM3
SIM4
1
21
22
SIM5
SIM1
SIM2
SIM3
SIM4
1
21
22
SIM5
SIM1
SIM2
SIM3
SIM4
1
21
22
SIM5
SIM1
SIM2
SIM3
SIM4
1
21
22
SIM5
SIM1
SIM2
SIM3
SIM4
1
21
22
SIM5
SIM1
SIM2
SIM3
SIM4
1
21
22
SIM5
SIM1
SIM2
SIM3
SIM4
1
21
22
SIM5
SIM1
SIM2
SIM3
SIM4
1
21
22
SIM5
SIM1
SIM2
SIM3
SIM4
1
21
22
SIM5
SIM1
SIM2
DEBUG 1 316
SIM1
SIM2
SIM3
SIM4
1
21
22
SIM5
SIM1
SIM2
SIM3
SIM4
1
21
22
SIM5
SIM1
SIM2
SIM3
SIM4
1
21
22
SIM5
SIM1
SIM2
SIM3
SIM4
1
21
22
SIM5
SIM1
SIM2
SIM3
SIM4
1
21
22
SIM5
SIM1
SIM2
SIM3
SIM4
1
21
22
SIM5
SIM1
SIM2
SIM3
SIM4
1
21
22
SIM5
SIM1
SIM2
SIM3
SIM4
1
21
22
SIM5
SIM1
SIM2
SIM3
SIM4
1
21
22
SIM5
SIM1
SIM2
SIM3
SIM4
1
21
22
SIM5
SIM1
SIM2
SIM3
SIM4
1
21
22
SIM5
SIM1
SIM2
SIM3
SIM4
1
21
22
SIM5
SIM1
SIM2
SIM3
SIM4
1
21
22
SIM5
SIM1
SIM2
SIM3
SIM4
1
21
22
SIM5
SIM1
SIM2
SIM3
SIM4
1
21
22
SIM5
SIM1
SIM2
SIM3
SIM4
1
21
22
SIM5
SIM1
SIM2
SIM3
SIM4
1
21
22
SIM5
SIM1
SIM2
SIM3
SIM4
1
21
22
SIM5
SIM1
SIM2
SIM3
SIM4
1
21
22
SIM5
SIM1
SIM2
SIM3
SIM4
1
21
22
SIM5
SIM1
SIM2
SIM3
SIM4
1
21
22
SIM5
SIM1
SIM2
SIM3
SIM4
1
21
22
SIM5
SIM1
SIM2
SIM3
SIM4
1
21
22
SIM5
SIM1
SIM2
SIM3
SIM4
1
21
22
SIM5
SIM1
SIM2
SIM3
SIM4
1
21
22
SIM5
SIM1
SIM2
SIM3
SIM4
1
21
22
SIM5
SIM1
SIM2
SIM3
SIM4
1
21
22
SIM5
SIM1
SIM2
SIM3
SIM4
1
21
22
SIM5
SIM1
SIM2
SIM3
SIM4
1
21
22
SIM5
SIM1
SIM2
SIM3
SIM4
1
21
22
SIM5
SIM1
SIM2
SIM3
SIM4
1
21
22
SIM5
SIM1
SIM2
SIM3
SIM4
1
21
22
SIM5
SIM1
SIM2
SIM3
SIM4
1
21
22
SIM5
SIM1
SIM2
SIM3
SIM4
1
21
22
SIM5
SIM1
SIM2
SIM3
SIM4
1
21
22
SIM5
SIM1
SIM2
SIM3
SIM4
1
21
22
SIM5
SIM1
SIM2
SIM3
SIM4
1
21
22
SIM5
SIM1
SIM2
SIM3
SIM4
1
21
22
SIM5
SIM1
SIM2
SIM3
SIM4
1
21
22
SIM5
SIM1
SIM2
SIM3
SIM4
1
21
22
SIM5
SIM1
SIM2
SIM3
SIM4
1
21
22
SIM5
SIM1
SIM2
SIM3
SIM4
1
21
22
SIM5
SIM1
SIM2
SIM3
SIM4
1
21
22
SIM5
SIM1
SIM2
SIM3
SIM4
1
21
22
SIM5
SIM1
SIM2
SIM3
SIM4
1
21
22
SIM5
SIM1
SIM2
SIM3
SIM4
1
21
22
SIM5
SIM1
SIM2
SIM3
SIM4
1
21
22
SIM5
SIM1
SIM2
SIM3
SIM4
1
21
22
SIM5
SIM1
SIM2
SIM3
SIM4
1
21
22
SIM5
SIM1
SIM2
SIM3
SIM4
1
21
22
SIM5
SIM1
SIM2
SIM3
SIM4
1
21
22
SIM5
SIM1
SIM2
SIM3
SIM4
1
21
22
SIM5
SIM1
SIM2
SIM3
SIM4
1
21
22
SIM5
SIM1
SIM2
SIM3
SIM4
1
21
22
SIM5
SIM1
SIM2
SIM3
SIM4
1
21
22
SIM5
SIM1
SIM2
SIM3
SIM4
1
21
22
SIM5
SIM1
SIM2
SIM3
SIM4
1
21
22
SIM5
SIM1
SIM2
SIM3
SIM4
1
21
22
SIM5
SIM1
SIM2
SIM3
SIM4
1
21
22
SIM5
SIM1
SIM2
SIM3
SIM4
1
21
22
SIM5
SIM1
SIM2
SIM3
SIM4
1
21
22
SIM5
SIM1
SIM2
SIM3
SIM4
1
21
22
SIM5
SIM1
SIM2
SIM3
SIM4
1
21
22
SIM5
SIM1
SIM2
SIM3
SIM4
1
21
22
SIM5
SIM1
SIM2
SIM3
SIM4
1
21
22
SIM5
SIM1
SIM2
SIM3
SIM4
1
21
22
SIM5
SIM1
SIM2
SIM3
SIM4
1
21
22
SIM5
SIM1
SIM2
SIM3
SIM4
1
21
22
SIM5
SIM1
SIM2
SIM3
SIM4
1
21
22
SIM5
SIM1
SIM2
SIM3
SIM4
1
21
22
SIM5
SIM1
SIM2
SIM3
SIM4
1
21
22
SIM5
SIM1
SIM2
DEBUG 1 317
SIM1
SIM2
SIM3
SIM4
1
21
22
SIM5
SIM1
SIM2
SIM3
SIM4
1
21
22
SIM5
SIM1
SIM2
SIM3
SIM4
1
21
22
SIM5
SIM1
SIM2
SIM3
SIM4
1
21
22
SIM5
SIM1
SIM2
SIM3
SIM4
1
21
22
SIM5
SIM1
SIM2
SIM3
SIM4
1
21
22
SIM5
SIM1
SIM2
SIM3
SIM4
1
21
22
SIM5
SIM1
SIM2
SIM3
SIM4
1
21
22
SIM5
SIM1
SIM2
SIM3
SIM4
1
21
22
SIM5
SIM1
SIM2
SIM3
SIM4
1
21
22
SIM5
SIM1
SIM2
SIM3
SIM4
1
21
22
SIM5
SIM1
SIM2
SIM3
SIM4
1
21
22
SIM5
SIM1
SIM2
SIM3
SIM4
1
21
22
SIM5
SIM1
SIM2
SIM3
SIM4
1
21
22
SIM5
SIM1
SIM2
SIM3
SIM4
1
21
22
SIM5
SIM1
SIM2
SIM3
SIM4
1
21
22
SIM5
SIM1
SIM2
SIM3
SIM4
1
21
22
SIM5
SIM1
SIM2
SIM3
SIM4
1
21
22
SIM5
SIM1
SIM2
SIM3
SIM4
1
21
22
SIM5
SIM1
SIM2
SIM3
SIM4
1
21
22
SIM5
SIM1
SIM2
SIM3
SIM4
1
21
22
SIM5
SIM1
SIM2
SIM3
SIM4
1
21
22
SIM5
SIM1
SIM2
SIM3
SIM4
1
21
22
SIM5
SIM1
SIM2
SIM3
SIM4
1
21
22
SIM5
SIM1
SIM2
SIM3
SIM4
1
21
22
SIM5
SIM1
SIM2
SIM3
SIM4
1
21
22
SIM5
SIM1
SIM2
SIM3
SIM4
1
21
22
SIM5
SIM1
SIM2
SIM3
SIM4
1
21
22
SIM5
SIM1
SIM2
SIM3
SIM4
1
21
22
SIM5
SIM1
SIM2
SIM3
SIM4
1
21
22
SIM5
SIM1
SIM2
SIM3
SIM4
1
21
22
SIM5
SIM1
SIM2
SIM3
SIM4
1
21
22
SIM5
SIM1
SIM2
SIM3
SIM4
1
21
22
SIM5
SIM1
SIM2
SIM3
SIM4
1
21
22
SIM5
SIM1
SIM2
SIM3
SIM4
1
21
22
SIM5
SIM1
SIM2
SIM3
SIM4
1
21
22
SIM5
SIM1
SIM2
SIM3
SIM4
1
21
22
SIM5
SIM1
SIM2
SIM3
SIM4
1
21
22
SIM5
SIM1
SIM2
SIM3
SIM4
1
21
22
SIM5
SIM1
SIM2
SIM3
SIM4
1
21
22
SIM5
SIM1
SIM2
SIM3
SIM4
1
21
22
SIM5
SIM1
SIM2
SIM3
SIM4
1
21
22
SIM5
SIM1
SIM2
SIM3
SIM4
1
21
22
SIM5
SIM1
SIM2
SIM3
SIM4
1
21
22
SIM5
SIM1
SIM2
SIM3
SIM4
1
21
22
SIM5
SIM1
SIM2
SIM3
SIM4
1
21
22
SIM5
SIM1
SIM2
SIM3
SIM4
1
21
22
SIM5
SIM1
SIM2
SIM3
SIM4
1
21
22
SIM5
SIM1
SIM2
SIM3
SIM4
1
21
22
SIM5
SIM1
SIM2
SIM3
SIM4
1
21
22
SIM5
SIM1
SIM2
SIM3
SIM4
1
21
22
SIM5
SIM1
SIM2
SIM3
SIM4
1
21
22
SIM5
SIM1
SIM2
SIM3
SIM4
1
21
22
SIM5
SIM1
SIM2
SIM3
SIM4
1
21
22
SIM5
SIM1
SIM2
SIM3
SIM4
1
21
22
SIM5
SIM1
SIM2
SIM3
SIM4
1
21
22
SIM5
SIM1
SIM2
SIM3
SIM4
1
21
22
SIM5
SIM1
SIM2
SIM3
SIM4
1
21
22
SIM5
SIM1
SIM2
SIM3
SIM4
1
21
22
SIM5
SIM1
SIM2
SIM3
SIM4
1
21
22
SIM5
SIM1
SIM2
SIM3
SIM4
1
21
22
SIM5
SIM1
SIM2
SIM3
SIM4
1
21
22
SIM5
SIM1
SIM2
SIM3
SIM4
1
21
22
SIM5
SIM1
SIM2
SIM3
SIM4
1
21
22
SIM5
SIM1
SIM2
SIM3
SIM4
1
21
22
SIM5
SIM1
SIM2
SIM3
SIM4
1
21
22
SIM5
SIM1
SIM2
SIM3
SIM4
1
21
22
SIM5
SIM1
SIM2
SIM3
SIM4
1
21
22
SIM5
SIM1
SIM2
SIM3
SIM4
1
21
22
SIM5
SIM1
SIM2
SIM3
SIM4
1
21
22
SIM5
SIM1
SIM2
SIM3
SIM4
1
21
22
SIM5
SIM1
SIM2
SIM3
SIM4
1
21
22
SIM5
SIM1
SIM2
SIM3
SIM4
1
21
22
SIM5
SIM1
SIM2
SIM3
SIM4
1
21
22
SIM5
SIM1
SIM2
SIM3
SIM4
1
21
22
SIM5
SIM1
SIM2
SIM3
SIM4
1
21
22
SIM5
SIM1
SIM2
SIM3
SIM4
1
21
22
SIM5
SIM1
SIM2
SIM3
SIM4
1
21
22
SIM5
SIM1
SIM2
SIM3
SIM4
1
21
22
SIM5
SIM1
SIM2
SIM3
SIM4
1
21
22
SIM5
SIM1
SIM2
SIM3
SIM4
1
21
22
SIM5
SIM1
SIM2
SIM3
SIM4
1
21
22
SIM5
SIM1
SIM2
SIM3
SIM4
1
21
22
SIM5
SIM1
SIM2
SIM3
SIM4
1
21
22
SIM5
SIM1
SIM2
SIM3
SIM4
1
21
22
SIM5
SIM1
SIM2
SIM3
SIM4
1
21
22
SIM5
SIM1
SIM2
SIM3
SIM4
1
21
22
SIM5
SIM1
SIM2
SIM3
SIM4
1
21
22
SIM5
SIM1
SIM2
SIM3
SIM4
1
21
22
SIM5
SIM1
SIM2
SIM3
SIM4
1
21
22
SIM5
SIM1
SIM2
SIM3
SIM4
1
21
22
SIM5
SIM1
SIM2
SIM3
SIM4
1
21
22
SIM5
SIM1
SIM2
SIM3
SIM4
1
21
22
SIM5
SIM1
SIM2
SIM3
SIM4
1
21
22
SIM5
SIM1
SIM2
SIM3
SIM4
1
21
22
SIM5
SIM1
SIM2
SIM3
SIM4
1
21
22
SIM5
SIM1
SIM2
SIM3
SIM4
1
21
22
SIM5
SIM1
SIM2
SIM3
SIM4
1
21
22
SIM5
SIM1
SIM2
SIM3
SIM4
1
21
22
SIM5
SIM1
SIM2
SIM3
SIM4
1
21
22
SIM5
SIM1
SIM2
SIM3
SIM4
1
21
22
SIM5
SIM1
SIM2
SIM3
SIM4
1
21
22
SIM5
SIM1
SIM2
SIM3
SIM4
1
21
22
SIM5
SIM1
SIM2
SIM3
SIM4
1
21
22
SIM5
SIM1
SIM2
SIM3
SIM4
1
21
22
SIM5
SIM1
SIM2
SIM3
SIM4
1
21
22
SIM5
SIM1
SIM2
SIM3
SIM4
1
21
22
SIM5
SIM1
SIM2
SIM3
SIM4
1
21
22
SIM5
SIM1
SIM2
SIM3
SIM4
1
21
22
SIM5
SIM1
SIM2
SIM3
SIM4
1
21
22
SIM5
SIM1
SIM2
SIM3
SIM4
1
21
22
SIM5
SIM1
SIM2
SIM3
SIM4
1
21
22
SIM5
SIM1
SIM2
SIM3
SIM4
1
21
22
SIM5
SIM1
SIM2
SIM3
SIM4
1
21
22
SIM5
SIM1
SIM2
SIM3
SIM4
1
21
22
SIM5
SIM1
SIM2
SIM3
SIM4
1
21
22
SIM5
SIM1
SIM2
SIM3
SIM4
1
21
22
SIM5
SIM1
SIM2
SIM3
SIM4
1
21
22
SIM5
SIM1
SIM2
SIM3
SIM4
1
21
22
SIM5
SIM1
SIM2
SIM3
SIM4
1
21
22
SIM5
SIM1
SIM2
SIM3
SIM4
1
21
22
SIM5
SIM1
SIM2
SIM3
SIM4
1
21
22
SIM5
SIM1
SIM2
SIM3
SIM4
1
21
22
SIM5
SIM1
SIM2
SIM3
SIM4
1
21
22
SIM5
SIM1
SIM2
SIM3
SIM4
1
21
22
SIM5
SIM1
SIM2
SIM3
SIM4
1
21
22
SIM5
SIM1
SIM2
SIM3
SIM4
1
21
22
SIM5
SIM1
SIM2
SIM3
SIM4
1
21
22
SIM5
SIM1
SIM2
SIM3
SIM4
1
21
22
SIM5
SIM1
SIM2
SIM3
SIM4
1
21
22
SIM5
SIM1
SIM2
SIM3
SIM4
1
21
22
SIM5
SIM1
SIM2
SIM3
SIM4
1
21
22
SIM5
SIM1
SIM2
SIM3
SIM4
1
21
22
SIM5
SIM1
SIM2
SIM3
SIM4
1
21
22
SIM5
SIM1
SIM2
SIM3
SIM4
1
21
22
SIM5
SIM1
SIM2
SIM3
SIM4
1
21
22
SIM5
SIM1
SIM2
SIM3
SIM4
1
21
22
SIM5
SIM1
SIM2
SIM3
SIM4
1
21
22
SIM5
SIM1
SIM2
SIM3
SIM4
1
21
22
SIM5
SIM1
SIM2
SIM3
SIM4
1
21
22
SIM5
SIM1
SIM2
SIM3
SIM4
1
21
22
SIM5
SIM1
SIM2
DEBUG 1 318
SIM1
SIM2
SIM3
SIM4
1
21
22
SIM5
SIM1
SIM2
SIM3
SIM4
1
21
22
SIM5
SIM1
SIM2
SIM3
SIM4
1
21
22
SIM5
SIM1
SIM2
SIM3
SIM4
1
21
22
SIM5
SIM1
SIM2
SIM3
SIM4
1
21
22
SIM5
SIM1
SIM2
SIM3
SIM4
1
21
22
SIM5
SIM1
SIM2
SIM3
SIM4
1
21
22
SIM5
SIM1
SIM2
SIM3
SIM4
1
21
22
SIM5
SIM1
SIM2
SIM3
SIM4
1
21
22
SIM5
SIM1
SIM2
SIM3
SIM4
1
21
22
SIM5
SIM1
SIM2
SIM3
SIM4
1
21
22
SIM5
SIM1
SIM2
SIM3
SIM4
1
21
22
SIM5
SIM1
SIM2
SIM3
SIM4
1
21
22
SIM5
SIM1
SIM2
SIM3
SIM4
1
21
22
SIM5
SIM1
SIM2
SIM3
SIM4
1
21
22
SIM5
SIM1
SIM2
SIM3
SIM4
1
21
22
SIM5
SIM1
SIM2
SIM3
SIM4
1
21
22
SIM5
SIM1
SIM2
SIM3
SIM4
1
21
22
SIM5
SIM1
SIM2
SIM3
SIM4
1
21
22
SIM5
SIM1
SIM2
SIM3
SIM4
1
21
22
SIM5
SIM1
SIM2
SIM3
SIM4
1
21
22
SIM5
SIM1
SIM2
SIM3
SIM4
1
21
22
SIM5
SIM1
SIM2
SIM3
SIM4
1
21
22
SIM5
SIM1
SIM2
SIM3
SIM4
1
21
22
SIM5
SIM1
SIM2
SIM3
SIM4
1
21
22
SIM5
SIM1
SIM2
SIM3
SIM4
1
21
22
SIM5
SIM1
SIM2
SIM3
SIM4
1
21
22
SIM5
SIM1
SIM2
SIM3
SIM4
1
21
22
SIM5
SIM1
SIM2
SIM3
SIM4
1
21
22
SIM5
SIM1
SIM2
SIM3
SIM4
1
21
22
SIM5
SIM1
SIM2
SIM3
SIM4
1
21
22
SIM5
SIM1
SIM2
SIM3
SIM4
1
21
22
SIM5
SIM1
SIM2
SIM3
SIM4
1
21
22
SIM5
SIM1
SIM2
SIM3
SIM4
1
21
22
SIM5
SIM1
SIM2
SIM3
SIM4
1
21
22
SIM5
SIM1
SIM2
SIM3
SIM4
1
21
22
SIM5
SIM1
SIM2
SIM3
SIM4
1
21
22
SIM5
SIM1
SIM2
SIM3
SIM4
1
21
22
SIM5
SIM1
SIM2
SIM3
SIM4
1
21
22
SIM5
SIM1
SIM2
SIM3
SIM4
1
21
22
SIM5
SIM1
SIM2
SIM3
SIM4
1
21
22
SIM5
SIM1
SIM2
SIM3
SIM4
1
21
22
SIM5
SIM1
SIM2
SIM3
SIM4
1
21
22
SIM5
SIM1
SIM2
SIM3
SIM4
1
21
22
SIM5
SIM1
SIM2
SIM3
SIM4
1
21
22
SIM5
SIM1
SIM2
SIM3
SIM4
1
21
22
SIM5
SIM1
SIM2
SIM3
SIM4
1
21
22
SIM5
SIM1
SIM2
SIM3
SIM4
1
21
22
SIM5
SIM1
SIM2
SIM3
SIM4
1
21
22
SIM5
SIM1
SIM2
SIM3
SIM4
1
21
22
SIM5
SIM1
SIM2
SIM3
SIM4
1
21
22
SIM5
SIM1
SIM2
SIM3
SIM4
1
21
22
SIM5
SIM1
SIM2
SIM3
SIM4
1
21
22
SIM5
SIM1
SIM2
SIM3
SIM4
1
21
22
SIM5
SIM1
SIM2
SIM3
SIM4
1
21
22
SIM5
SIM1
SIM2
SIM3
SIM4
1
21
22
SIM5
SIM1
SIM2
SIM3
SIM4
1
21
22
SIM5
SIM1
SIM2
SIM3
SIM4
1
21
22
SIM5
SIM1
SIM2
SIM3
SIM4
1
21
22
SIM5
SIM1
SIM2
SIM3
SIM4
1
21
22
SIM5
SIM1
SIM2
SIM3
SIM4
1
21
22
SIM5
SIM1
SIM2
SIM3
SIM4
1
21
22
SIM5
SIM1
SIM2
SIM3
SIM4
1
21
22
SIM5
SIM1
SIM2
SIM3
SIM4
1
21
22
SIM5
SIM1
SIM2
SIM3
SIM4
1
21
22
SIM5
SIM1
SIM2
SIM3
SIM4
1
21
22
SIM5
SIM1
SIM2
SIM3
SIM4
1
21
22
SIM5
SIM1
SIM2
SIM3
SIM4
1
21
22
SIM5
SIM1
SIM2
SIM3
SIM4
1
21
22
SIM5
SIM1
SIM2
SIM3
SIM4
1
21
22
SIM5
SIM1
SIM2
SIM3
SIM4
1
21
22
SIM5
SIM1
SIM2
SIM3
SIM4
1
21
22
SIM5
SIM1
SIM2
SIM3
SIM4
1
21
22
SIM5
SIM1
SIM2
SIM3
SIM4
1
21
22
SIM5
SIM1
SIM2
SIM3
SIM4
1
21
22
SIM5
SIM1
SIM2
SIM3
SIM4
1
21
22
SIM5
SIM1
SIM2
SIM3
SIM4
1
21
22
SIM5
SIM1
SIM2
SIM3
SIM4
1
21
22
SIM5
SIM1
SIM2
SIM3
SIM4
1
21
22
SIM5
SIM1
SIM2
SIM3
SIM4
1
21
22
SIM5
SIM1
SIM2
SIM3
SIM4
1
21
22
SIM5
SIM1
SIM2
SIM3
SIM4
1
21
22
SIM5
SIM1
SIM2
SIM3
SIM4
1
21
22
SIM5
SIM1
SIM2
SIM3
SIM4
1
21
22
SIM5
SIM1
SIM2
SIM3
SIM4
1
21
22
SIM5
SIM1
SIM2
SIM3
SIM4
1
21
22
SIM5
SIM1
SIM2
SIM3
SIM4
1
21
22
SIM5
SIM1
SIM2
SIM3
SIM4
1
21
22
SIM5
SIM1
SIM2
SIM3
SIM4
1
21
22
SIM5
SIM1
SIM2
SIM3
SIM4
1
21
22
SIM5
SIM1
SIM2
SIM3
SIM4
1
21
22
SIM5
SIM1
SIM2
SIM3
SIM4
1
21
22
SIM5
SIM1
SIM2
SIM3
SIM4
1
21
22
SIM5
SIM1
SIM2
SIM3
SIM4
1
21
22
SIM5
SIM1
SIM2
SIM3
SIM4
1
21
22
SIM5
SIM1
SIM2
SIM3
SIM4
1
21
22
SIM5
SIM1
SIM2
SIM3
SIM4
1
21
22
SIM5
SIM1
SIM2
SIM3
SIM4
1
21
22
SIM5
SIM1
SIM2
SIM3
SIM4
1
21
22
SIM5
SIM1
SIM2
SIM3
SIM4
1
21
22
SIM5
SIM1
SIM2
SIM3
SIM4
1
21
22
SIM5
SIM1
SIM2
SIM3
SIM4
1
21
22
SIM5
SIM1
SIM2
SIM3
SIM4
1
21
22
SIM5
SIM1
SIM2
SIM3
SIM4
1
21
22
SIM5
SIM1
SIM2
SIM3
SIM4
1
21
22
SIM5
SIM1
SIM2
SIM3
SIM4
1
21
22
SIM5
SIM1
SIM2
SIM3
SIM4
1
21
22
SIM5
SIM1
SIM2
SIM3
SIM4
1
21
22
SIM5
SIM1
SIM2
SIM3
SIM4
1
21
22
SIM5
SIM1
SIM2
SIM3
SIM4
1
21
22
SIM5
SIM1
SIM2
SIM3
SIM4
1
21
22
SIM5
SIM1
SIM2
SIM3
SIM4
1
21
22
SIM5
SIM1
SIM2
SIM3
SIM4
1
21
22
SIM5
SIM1
SIM2
SIM3
SIM4
1
21
22
SIM5
SIM1
SIM2
SIM3
SIM4
1
21
22
SIM5
SIM1
SIM2
SIM3
SIM4
1
21
22
SIM5
SIM1
SIM2
SIM3
SIM4
1
21
22
SIM5
SIM1
SIM2
SIM3
SIM4
1
21
22
SIM5
SIM1
SIM2
SIM3
SIM4
1
21
22
SIM5
SIM1
SIM2
SIM3
SIM4
1
21
22
SIM5
SIM1
SIM2
SIM3
SIM4
1
21
22
SIM5
SIM1
SIM2
SIM3
SIM4
1
21
22
SIM5
SIM1
SIM2
SIM3
SIM4
1
21
22
SIM5
SIM1
SIM2
SIM3
SIM4
1
21
22
SIM5
SIM1
SIM2
SIM3
SIM4
1
21
22
SIM5
SIM1
SIM2
SIM3
SIM4
1
21
22
SIM5
SIM1
SIM2
SIM3
SIM4
1
21
22
SIM5
SIM1
SIM2
SIM3
SIM4
1
21
22
SIM5
SIM1
SIM2
SIM3
SIM4
1
21
22
SIM5
SIM1
SIM2
SIM3
SIM4
1
21
22
SIM5
SIM1
SIM2
SIM3
SIM4
1
21
22
SIM5
SIM1
SIM2
SIM3
SIM4
1
21
22
SIM5
SIM1
SIM2
SIM3
SIM4
1
21
22
SIM5
SIM1
SIM2
SIM3
SIM4
1
21
22
SIM5
SIM1
SIM2
SIM3
SIM4
1
21
22
SIM5
SIM1
SIM2
SIM3
SIM4
1
21
22
SIM5
SIM1
SIM2
SIM3
SIM4
1
21
22
SIM5
SIM1
SIM2
SIM3
SIM4
1
21
22
SIM5
SIM1
SIM2
SIM3
SIM4
1
21
22
SIM5
SIM1
SIM2
SIM3
SIM4
1
21
22
SIM5
SIM1
SIM2
SIM3
SIM4
1
21
22
SIM5
SIM1
SIM2
SIM3
SIM4
1
21
22
SIM5
SIM1
SIM2
SIM3
SIM4
1
21
22
SIM5
SIM1
SIM2
SIM3
SIM4
1
21
22
SIM5
SIM1
SIM2
SIM3
SIM4
1
21
22
SIM5
SIM1
SIM2
SIM3
SIM4
1
21
22
SIM5
SIM1
SIM2
SIM3
SIM4
1
21
22
SIM5
SIM1
SIM2
SIM3
SIM4
1
21
22
SIM5
SIM1
SIM2
SIM3
SIM4
1
21
22
SIM5
SIM1
SIM2
SIM3
SIM4
1
21
22
SIM5
SIM1
SIM2
SIM3
SIM4
1
21
22
SIM5
SIM1
SIM2
SIM3
SIM4
1
21
22
SIM5
SIM1
SIM2
SIM3
SIM4
1
21
22
SIM5
SIM1
SIM2
SIM3
SIM4
1
21
22
SIM5
SIM1
SIM2
SIM3
SIM4
1
21
22
SIM5
SIM1
SIM2
SIM3
SIM4
1
21
22
SIM5
SIM1
SIM2
SIM3
SIM4
1
21
22
SIM5
SIM1
SIM2
SIM3
SIM4
1
21
22
SIM5
SIM1
SIM2
SIM3
SIM4
1
21
22
SIM5
SIM1
SIM2
SIM3
SIM4
1
21
22
SIM5
SIM1
SIM2
SIM3
SIM4
1
21
22
SIM5
SIM1
SIM2
SIM3
SIM4
1
21
22
SIM5
SIM1
SIM2
SIM3
SIM4
1
21
22
SIM5
SIM1
SIM2
SIM3
SIM4
1
21
22
SIM5
SIM1
SIM2
SIM3
SIM4
1
21
22
SIM5
SIM1
SIM2
SIM3
SIM4
1
21
22
SIM5
SIM1
SIM2
SIM3
SIM4
1
21
22
SIM5
SIM1
SIM2
SIM3
SIM4
1
21
22
SIM5
SIM1
SIM2
SIM3
SIM4
1
21
22
SIM5
SIM1
SIM2
SIM3
SIM4
1
21
22
SIM5
SIM1
SIM2
SIM3
SIM4
1
21
22
SIM5
SIM1
SIM2
SIM3
SIM4
1
21
22
SIM5
SIM1
SIM2
SIM3
SIM4
1
21
22
SIM5
SIM1
SIM2
SIM3
SIM4
1
21
22
SIM5
SIM1
SIM2
SIM3
SIM4
1
21
22
SIM5
SIM1
SIM2
SIM3
SIM4
1
21
22
SIM5
SIM1
SIM2
SIM3
SIM4
1
21
22
SIM5
SIM1
SIM2
SIM3
SIM4
1
21
22
SIM5
SIM1
SIM2
SIM3
SIM4
1
21
22
SIM5
SIM1
SIM2
SIM3
SIM4
1
21
22
SIM5
SIM1
SIM2
SIM3
SIM4
1
21
22
SIM5
SIM1
SIM2
SIM3
SIM4
1
21
22
SIM5
SIM1
SIM2
SIM3
SIM4
1
21
22
SIM5
SIM1
SIM2
SIM3
SIM4
1
21
22
SIM5
SIM1
SIM2
SIM3
SIM4
1
21
22
SIM5
SIM1
SIM2
SIM3
SIM4
1
21
22
SIM5
SIM1
SIM2
SIM3
SIM4
1
21
22
SIM5
SIM1
SIM2
SIM3
SIM4
1
21
22
SIM5
SIM1
SIM2
SIM3
SIM4
1
21
22
SIM5
SIM1
SIM2
SIM3
SIM4
1
21
22
SIM5
SIM1
SIM2
SIM3
SIM4
1
21
22
SIM5
SIM1
SIM2
SIM3
SIM4
1
21
22
SIM5
SIM1
SIM2
SIM3
SIM4
1
21
22
SIM5
SIM1
SIM2
SIM3
SIM4
1
21
22
SIM5
SIM1
SIM2
SIM3
SIM4
1
21
22
SIM5
SIM1
SIM2
SIM3
SIM4
1
21
22
SIM5
SIM1
SIM2
SIM3
SIM4
1
21
22
SIM5
SIM1
SIM2
SIM3
SIM4
1
21
22
SIM5
SIM1
SIM2
SIM3
SIM4
1
21
22
SIM5
SIM1
SIM2
SIM3
SIM4
1
21
22
SIM5
SIM1
SIM2
SIM3
SIM4
1
21
22
SIM5
SIM1
SIM2
SIM3
SIM4
1
21
22
SIM5
SIM1
SIM2
SIM3
SIM4
1
21
22
SIM5
SIM1
SIM2
SIM3
SIM4
1
21
22
SIM5
SIM1
SIM2
SIM3
SIM4
1
21
22
SIM5
SIM1
SIM2
SIM3
SIM4
1
21
22
SIM5
SIM1
SIM2
SIM3
SIM4
1
21
22
SIM5
SIM1
SIM2
SIM3
SIM4
1
21
22
SIM5
SIM1
SIM2
SIM3
SIM4
1
21
22
SIM5
SIM1
SIM2
SIM3
SIM4
1
21
22
SIM5
SIM1
SIM2
SIM3
SIM4
1
21
22
SIM5
SIM1
SIM2
SIM3
SIM4
1
21
22
SIM5
SIM1
SIM2
SIM3
SIM4
1
21
22
SIM5
SIM1
SIM2
SIM3
SIM4
1
21
22
SIM5
SIM1
SIM2
SIM3
SIM4
1
21
22
SIM5
SIM1
SIM2
SIM3
SIM4
1
21
22
SIM5
SIM1
SIM2
SIM3
SIM4
1
21
22
SIM5
SIM1
SIM2
SIM3
SIM4
1
21
22
SIM5
SIM1
SIM2
DEBUG 1 319
SIM1
SIM2
SIM3
SIM4
1
21
22
SIM5
SIM1
SIM2
SIM3
SIM4
1
21
22
SIM5
SIM1
SIM2
SIM3
SIM4
1
21
22
SIM5
SIM1
SIM2
SIM3
SIM4
1
21
22
SIM5
SIM1
SIM2
SIM3
SIM4
1
21
22
SIM5
SIM1
SIM2
SIM3
SIM4
1
21
22
SIM5
SIM1
SIM2
SIM3
SIM4
1
21
22
SIM5
SIM1
SIM2
SIM3
SIM4
1
21
22
SIM5
SIM1
SIM2
SIM3
SIM4
1
21
22
SIM5
SIM1
SIM2
SIM3
SIM4
1
21
22
SIM5
SIM1
SIM2
SIM3
SIM4
1
21
22
SIM5
SIM1
SIM2
SIM3
SIM4
1
21
22
SIM5
SIM1
SIM2
SIM3
SIM4
1
21
22
SIM5
SIM1
SIM2
SIM3
SIM4
1
21
22
SIM5
SIM1
SIM2
SIM3
SIM4
1
21
22
SIM5
SIM1
SIM2
SIM3
SIM4
1
21
22
SIM5
SIM1
SIM2
SIM3
SIM4
1
21
22
SIM5
SIM1
SIM2
SIM3
SIM4
1
21
22
SIM5
SIM1
SIM2
SIM3
SIM4
1
21
22
SIM5
SIM1
SIM2
DEBUG 1 320
SIM1
SIM2
SIM3
SIM4
1
21
22
SIM5
SIM1
SIM2
SIM3
SIM4
1
21
22
SIM5
SIM1
SIM2
SIM3
SIM4
1
21
22
SIM5
SIM1
SIM2
SIM3
SIM4
1
21
22
SIM5
SIM1
SIM2
SIM3
SIM4
1
21
22
SIM5
SIM1
SIM2
SIM3
SIM4
1
21
22
SIM5
SIM1
SIM2
SIM3
SIM4
1
21
22
SIM5
SIM1
SIM2
SIM3
SIM4
1
21
22
SIM5
SIM1
SIM2
SIM3
SIM4
1
21
22
SIM5
SIM1
SIM2
SIM3
SIM4
1
21
22
SIM5
SIM1
SIM2
SIM3
SIM4
1
21
22
SIM5
SIM1
SIM2
SIM3
SIM4
1
21
22
SIM5
SIM1
SIM2
SIM3
SIM4
1
21
22
SIM5
SIM1
SIM2
SIM3
SIM4
1
21
22
SIM5
SIM1
SIM2
SIM3
SIM4
1
21
22
SIM5
SIM1
SIM2
SIM3
SIM4
1
21
22
SIM5
SIM1
SIM2
SIM3
SIM4
1
21
22
SIM5
SIM1
SIM2
SIM3
SIM4
1
21
22
SIM5
SIM1
SIM2
SIM3
SIM4
1
21
22
SIM5
SIM1
SIM2
SIM3
SIM4
1
21
22
SIM5
SIM1
SIM2
SIM3
SIM4
1
21
22
SIM5
SIM1
SIM2
SIM3
SIM4
1
21
22
SIM5
SIM1
SIM2
SIM3
SIM4
1
21
22
SIM5
SIM1
SIM2
SIM3
SIM4
1
21
22
SIM5
SIM1
SIM2
SIM3
SIM4
1
21
22
SIM5
SIM1
SIM2
SIM3
SIM4
1
21
22
SIM5
SIM1
SIM2
SIM3
SIM4
1
21
22
SIM5
SIM1
SIM2
SIM3
SIM4
1
21
22
SIM5
SIM1
SIM2
SIM3
SIM4
1
21
22
SIM5
SIM1
SIM2
SIM3
SIM4
1
21
22
SIM5
SIM1
SIM2
SIM3
SIM4
1
21
22
SIM5
SIM1
SIM2
SIM3
SIM4
1
21
22
SIM5
SIM1
SIM2
SIM3
SIM4
1
21
22
SIM5
SIM1
SIM2
SIM3
SIM4
1
21
22
SIM5
SIM1
SIM2
SIM3
SIM4
1
21
22
SIM5
SIM1
SIM2
SIM3
SIM4
1
21
22
SIM5
SIM1
SIM2
SIM3
SIM4
1
21
22
SIM5
SIM1
SIM2
SIM3
SIM4
1
21
22
SIM5
SIM1
SIM2
SIM3
SIM4
1
21
22
SIM5
SIM1
SIM2
SIM3
SIM4
1
21
22
SIM5
SIM1
SIM2
SIM3
SIM4
1
21
22
SIM5
SIM1
SIM2
SIM3
SIM4
1
21
22
SIM5
SIM1
SIM2
SIM3
SIM4
1
21
22
SIM5
SIM1
SIM2
SIM3
SIM4
1
21
22
SIM5
SIM1
SIM2
SIM3
SIM4
1
21
22
SIM5
SIM1
SIM2
SIM3
SIM4
1
21
22
SIM5
SIM1
SIM2
SIM3
SIM4
1
21
22
SIM5
SIM1
SIM2
SIM3
SIM4
1
21
22
SIM5
SIM1
SIM2
SIM3
SIM4
1
21
22
SIM5
SIM1
SIM2
SIM3
SIM4
1
21
22
SIM5
SIM1
SIM2
SIM3
SIM4
1
21
22
SIM5
SIM1
SIM2
SIM3
SIM4
1
21
22
SIM5
SIM1
SIM2
SIM3
SIM4
1
21
22
SIM5
SIM1
SIM2
SIM3
SIM4
1
21
22
SIM5
SIM1
SIM2
SIM3
SIM4
1
21
22
SIM5
SIM1
SIM2
SIM3
SIM4
1
21
22
SIM5
SIM1
SIM2
SIM3
SIM4
1
21
22
SIM5
SIM1
SIM2
SIM3
SIM4
1
21
22
SIM5
SIM1
SIM2
SIM3
SIM4
1
21
22
SIM5
SIM1
SIM2
SIM3
SIM4
1
21
22
SIM5
SIM1
SIM2
SIM3
SIM4
1
21
22
SIM5
SIM1
SIM2
SIM3
SIM4
1
21
22
SIM5
SIM1
SIM2
SIM3
SIM4
1
21
22
SIM5
SIM1
SIM2
SIM3
SIM4
1
21
22
SIM5
SIM1
SIM2
SIM3
SIM4
1
21
22
SIM5
SIM1
SIM2
SIM3
SIM4
1
21
22
SIM5
SIM1
SIM2
SIM3
SIM4
1
21
22
SIM5
SIM1
SIM2
SIM3
SIM4
1
21
22
SIM5
SIM1
SIM2
SIM3
SIM4
1
21
22
SIM5
SIM1
SIM2
SIM3
SIM4
1
21
22
SIM5
SIM1
SIM2
SIM3
SIM4
1
21
22
SIM5
SIM1
SIM2
SIM3
SIM4
1
21
22
SIM5
SIM1
SIM2
SIM3
SIM4
1
21
22
SIM5
SIM1
SIM2
SIM3
SIM4
1
21
22
SIM5
SIM1
SIM2
SIM3
SIM4
1
21
22
SIM5
SIM1
SIM2
SIM3
SIM4
1
21
22
SIM5
SIM1
SIM2
SIM3
SIM4
1
21
22
SIM5
SIM1
SIM2
SIM3
SIM4
1
21
22
SIM5
SIM1
SIM2
SIM3
SIM4
1
21
22
SIM5
SIM1
SIM2
SIM3
SIM4
1
21
22
SIM5
SIM1
SIM2
SIM3
SIM4
1
21
22
SIM5
SIM1
SIM2
SIM3
SIM4
1
21
22
SIM5
SIM1
SIM2
SIM3
SIM4
1
21
22
SIM5
SIM1
SIM2
SIM3
SIM4
1
21
22
SIM5
SIM1
SIM2
SIM3
SIM4
1
21
22
SIM5
SIM1
SIM2
SIM3
SIM4
1
21
22
SIM5
SIM1
SIM2
SIM3
SIM4
1
21
22
SIM5
SIM1
SIM2
SIM3
SIM4
1
21
22
SIM5
SIM1
SIM2
SIM3
SIM4
1
21
22
SIM5
SIM1
SIM2
SIM3
SIM4
1
21
22
SIM5
SIM1
SIM2
SIM3
SIM4
1
21
22
SIM5
SIM1
SIM2
SIM3
SIM4
1
21
22
SIM5
SIM1
SIM2
SIM3
SIM4
1
21
22
SIM5
SIM1
SIM2
SIM3
SIM4
1
21
22
SIM5
SIM1
SIM2
SIM3
SIM4
1
21
22
SIM5
SIM1
SIM2
SIM3
SIM4
1
21
22
SIM5
SIM1
SIM2
SIM3
SIM4
1
21
22
SIM5
SIM1
SIM2
SIM3
SIM4
1
21
22
SIM5
SIM1
SIM2
SIM3
SIM4
1
21
22
SIM5
SIM1
SIM2
SIM3
SIM4
1
21
22
SIM5
SIM1
SIM2
SIM3
SIM4
1
21
22
SIM5
SIM1
SIM2
SIM3
SIM4
1
21
22
SIM5
SIM1
SIM2
SIM3
SIM4
1
21
22
SIM5
SIM1
SIM2
SIM3
SIM4
1
21
22
SIM5
SIM1
SIM2
SIM3
SIM4
1
21
22
SIM5
SIM1
SIM2
SIM3
SIM4
1
21
22
SIM5
SIM1
SIM2
SIM3
SIM4
1
21
22
SIM5
SIM1
SIM2
SIM3
SIM4
1
21
22
SIM5
SIM1
SIM2
SIM3
SIM4
1
21
22
SIM5
SIM1
SIM2
SIM3
SIM4
1
21
22
SIM5
SIM1
SIM2
SIM3
SIM4
1
21
22
SIM5
SIM1
SIM2
SIM3
SIM4
1
21
22
SIM5
SIM1
SIM2
SIM3
SIM4
1
21
22
SIM5
SIM1
SIM2
SIM3
SIM4
1
21
22
SIM5
SIM1
SIM2
SIM3
SIM4
1
21
22
SIM5
SIM1
SIM2
SIM3
SIM4
1
21
22
SIM5
SIM1
SIM2
SIM3
SIM4
1
21
22
SIM5
SIM1
SIM2
SIM3
SIM4
1
21
22
SIM5
SIM1
SIM2
SIM3
SIM4
1
21
22
SIM5
SIM1
SIM2
SIM3
SIM4
1
21
22
SIM5
SIM1
SIM2
SIM3
SIM4
1
21
22
SIM5
SIM1
SIM2
SIM3
SIM4
1
21
22
SIM5
SIM1
SIM2
SIM3
SIM4
1
21
22
SIM5
SIM1
SIM2
SIM3
SIM4
1
21
22
SIM5
SIM1
SIM2
SIM3
SIM4
1
21
22
SIM5
SIM1
SIM2
SIM3
SIM4
1
21
22
SIM5
SIM1
SIM2
SIM3
SIM4
1
21
22
SIM5
SIM1
SIM2
SIM3
SIM4
1
21
22
SIM5
SIM1
SIM2
SIM3
SIM4
1
21
22
SIM5
SIM1
SIM2
SIM3
SIM4
1
21
22
SIM5
SIM1
SIM2
SIM3
SIM4
1
21
22
SIM5
SIM1
SIM2
SIM3
SIM4
1
21
22
SIM5
SIM1
SIM2
SIM3
SIM4
1
21
22
SIM5
SIM1
SIM2
SIM3
SIM4
1
21
22
SIM5
SIM1
SIM2
SIM3
SIM4
1
21
22
SIM5
SIM1
SIM2
SIM3
SIM4
1
21
22
SIM5
SIM1
SIM2
SIM3
SIM4
1
21
22
SIM5
SIM1
SIM2
SIM3
SIM4
1
21
22
SIM5
SIM1
SIM2
SIM3
SIM4
1
21
22
SIM5
SIM1
SIM2
SIM3
SIM4
1
21
22
SIM5
SIM1
SIM2
SIM3
SIM4
1
21
22
SIM5
SIM1
SIM2
SIM3
SIM4
1
21
22
SIM5
SIM1
SIM2
SIM3
SIM4
1
21
22
SIM5
SIM1
SIM2
SIM3
SIM4
1
21
22
SIM5
SIM1
SIM2
SIM3
SIM4
1
21
22
SIM5
SIM1
SIM2
SIM3
SIM4
1
21
22
SIM5
SIM1
SIM2
SIM3
SIM4
1
21
22
SIM5
SIM1
SIM2
SIM3
SIM4
1
21
22
SIM5
SIM1
SIM2
SIM3
SIM4
1
21
22
SIM5
SIM1
SIM2
SIM3
SIM4
1
21
22
SIM5
SIM1
SIM2
SIM3
SIM4
1
21
22
SIM5
SIM1
SIM2
SIM3
SIM4
1
21
22
SIM5
SIM1
SIM2
SIM3
SIM4
1
21
22
SIM5
SIM1
SIM2
SIM3
SIM4
1
21
22
SIM5
SIM1
SIM2
SIM3
SIM4
1
21
22
SIM5
SIM1
SIM2
SIM3
SIM4
1
21
22
SIM5
SIM1
SIM2
SIM3
SIM4
1
21
22
SIM5
SIM1
SIM2
SIM3
SIM4
1
21
22
SIM5
SIM1
SIM2
SIM3
SIM4
1
21
22
SIM5
SIM1
SIM2
SIM3
SIM4
1
21
22
SIM5
SIM1
SIM2
SIM3
SIM4
1
21
22
SIM5
SIM1
SIM2
SIM3
SIM4
1
21
22
SIM5
SIM1
SIM2
SIM3
SIM4
1
21
22
SIM5
SIM1
SIM2
SIM3
SIM4
1
21
22
SIM5
SIM1
SIM2
SIM3
SIM4
1
21
22
SIM5
SIM1
SIM2
SIM3
SIM4
1
21
22
SIM5
SIM1
SIM2
SIM3
SIM4
1
21
22
SIM5
SIM1
SIM2
SIM3
SIM4
1
21
22
SIM5
SIM1
SIM2
SIM3
SIM4
1
21
22
SIM5
SIM1
SIM2
SIM3
SIM4
1
21
22
SIM5
SIM1
SIM2
SIM3
SIM4
1
21
22
SIM5
SIM1
SIM2
SIM3
SIM4
1
21
22
SIM5
SIM1
SIM2
SIM3
SIM4
1
21
22
SIM5
SIM1
SIM2
SIM3
SIM4
1
21
22
SIM5
SIM1
SIM2
SIM3
SIM4
1
21
22
SIM5
SIM1
SIM2
SIM3
SIM4
1
21
22
SIM5
SIM1
SIM2
SIM3
SIM4
1
21
22
SIM5
SIM1
SIM2
SIM3
SIM4
1
21
22
SIM5
SIM1
SIM2
SIM3
SIM4
1
21
22
SIM5
SIM1
SIM2
SIM3
SIM4
1
21
22
SIM5
SIM1
SIM2
SIM3
SIM4
1
21
22
SIM5
SIM1
SIM2
DEBUG 1 321
SIM1
SIM2
SIM3
SIM4
1
21
22
SIM5
SIM1
SIM2
SIM3
SIM4
1
21
22
SIM5
SIM1
SIM2
SIM3
SIM4
1
21
22
SIM5
SIM1
SIM2
SIM3
SIM4
1
21
22
SIM5
SIM1
SIM2
SIM3
SIM4
1
21
22
SIM5
SIM1
SIM2
SIM3
SIM4
1
21
22
SIM5
SIM1
SIM2
SIM3
SIM4
1
21
22
SIM5
SIM1
SIM2
SIM3
SIM4
1
21
22
SIM5
SIM1
SIM2
SIM3
SIM4
1
21
22
SIM5
SIM1
SIM2
SIM3
SIM4
1
21
22
SIM5
SIM1
SIM2
SIM3
SIM4
1
21
22
SIM5
SIM1
SIM2
SIM3
SIM4
1
21
22
SIM5
SIM1
SIM2
SIM3
SIM4
1
21
22
SIM5
SIM1
SIM2
SIM3
SIM4
1
21
22
SIM5
SIM1
SIM2
SIM3
SIM4
1
21
22
SIM5
SIM1
SIM2
SIM3
SIM4
1
21
22
SIM5
SIM1
SIM2
SIM3
SIM4
1
21
22
SIM5
SIM1
SIM2
SIM3
SIM4
1
21
22
SIM5
SIM1
SIM2
SIM3
SIM4
1
21
22
SIM5
SIM1
SIM2
SIM3
SIM4
1
21
22
SIM5
SIM1
SIM2
SIM3
SIM4
1
21
22
SIM5
SIM1
SIM2
SIM3
SIM4
1
21
22
SIM5
SIM1
SIM2
SIM3
SIM4
1
21
22
SIM5
SIM1
SIM2
SIM3
SIM4
1
21
22
SIM5
SIM1
SIM2
SIM3
SIM4
1
21
22
SIM5
SIM1
SIM2
SIM3
SIM4
1
21
22
SIM5
SIM1
SIM2
SIM3
SIM4
1
21
22
SIM5
SIM1
SIM2
SIM3
SIM4
1
21
22
SIM5
SIM1
SIM2
SIM3
SIM4
1
21
22
SIM5
SIM1
SIM2
SIM3
SIM4
1
21
22
SIM5
SIM1
SIM2
SIM3
SIM4
1
21
22
SIM5
SIM1
SIM2
SIM3
SIM4
1
21
22
SIM5
SIM1
SIM2
SIM3
SIM4
1
21
22
SIM5
SIM1
SIM2
SIM3
SIM4
1
21
22
SIM5
SIM1
SIM2
SIM3
SIM4
1
21
22
SIM5
SIM1
SIM2
SIM3
SIM4
1
21
22
SIM5
SIM1
SIM2
SIM3
SIM4
1
21
22
SIM5
SIM1
SIM2
SIM3
SIM4
1
21
22
SIM5
SIM1
SIM2
SIM3
SIM4
1
21
22
SIM5
SIM1
SIM2
SIM3
SIM4
1
21
22
SIM5
SIM1
SIM2
SIM3
SIM4
1
21
22
SIM5
SIM1
SIM2
SIM3
SIM4
1
21
22
SIM5
SIM1
SIM2
SIM3
SIM4
1
21
22
SIM5
SIM1
SIM2
SIM3
SIM4
1
21
22
SIM5
SIM1
SIM2
SIM3
SIM4
1
21
22
SIM5
SIM1
SIM2
SIM3
SIM4
1
21
22
SIM5
SIM1
SIM2
SIM3
SIM4
1
21
22
SIM5
SIM1
SIM2
SIM3
SIM4
1
21
22
SIM5
SIM1
SIM2
SIM3
SIM4
1
21
22
SIM5
SIM1
SIM2
SIM3
SIM4
1
21
22
SIM5
SIM1
SIM2
SIM3
SIM4
1
21
22
SIM5
SIM1
SIM2
SIM3
SIM4
1
21
22
SIM5
SIM1
SIM2
SIM3
SIM4
1
21
22
SIM5
SIM1
SIM2
SIM3
SIM4
1
21
22
SIM5
SIM1
SIM2
SIM3
SIM4
1
21
22
SIM5
SIM1
SIM2
SIM3
SIM4
1
21
22
SIM5
SIM1
SIM2
SIM3
SIM4
1
21
22
SIM5
SIM1
SIM2
SIM3
SIM4
1
21
22
SIM5
SIM1
SIM2
SIM3
SIM4
1
21
22
SIM5
SIM1
SIM2
SIM3
SIM4
1
21
22
SIM5
SIM1
SIM2
SIM3
SIM4
1
21
22
SIM5
SIM1
SIM2
SIM3
SIM4
1
21
22
SIM5
SIM1
SIM2
SIM3
SIM4
1
21
22
SIM5
SIM1
SIM2
SIM3
SIM4
1
21
22
SIM5
SIM1
SIM2
SIM3
SIM4
1
21
22
SIM5
SIM1
SIM2
SIM3
SIM4
1
21
22
SIM5
SIM1
SIM2
SIM3
SIM4
1
21
22
SIM5
SIM1
SIM2
SIM3
SIM4
1
21
22
SIM5
SIM1
SIM2
SIM3
SIM4
1
21
22
SIM5
SIM1
SIM2
SIM3
SIM4
1
21
22
SIM5
SIM1
SIM2
SIM3
SIM4
1
21
22
SIM5
SIM1
SIM2
SIM3
SIM4
1
21
22
SIM5
SIM1
SIM2
SIM3
SIM4
1
21
22
SIM5
SIM1
SIM2
SIM3
SIM4
1
21
22
SIM5
SIM1
SIM2
SIM3
SIM4
1
21
22
SIM5
SIM1
SIM2
SIM3
SIM4
1
21
22
SIM5
SIM1
SIM2
SIM3
SIM4
1
21
22
SIM5
SIM1
SIM2
SIM3
SIM4
1
21
22
SIM5
SIM1
SIM2
SIM3
SIM4
1
21
22
SIM5
SIM1
SIM2
SIM3
SIM4
1
21
22
SIM5
SIM1
SIM2
SIM3
SIM4
1
21
22
SIM5
SIM1
SIM2
SIM3
SIM4
1
21
22
SIM5
SIM1
SIM2
SIM3
SIM4
1
21
22
SIM5
SIM1
SIM2
SIM3
SIM4
1
21
22
SIM5
SIM1
SIM2
SIM3
SIM4
1
21
22
SIM5
SIM1
SIM2
SIM3
SIM4
1
21
22
SIM5
SIM1
SIM2
SIM3
SIM4
1
21
22
SIM5
SIM1
SIM2
SIM3
SIM4
1
21
22
SIM5
SIM1
SIM2
SIM3
SIM4
1
21
22
SIM5
SIM1
SIM2
SIM3
SIM4
1
21
22
SIM5
SIM1
SIM2
SIM3
SIM4
1
21
22
SIM5
SIM1
SIM2
SIM3
SIM4
1
21
22
SIM5
SIM1
SIM2
SIM3
SIM4
1
21
22
SIM5
SIM1
SIM2
SIM3
SIM4
1
21
22
SIM5
SIM1
SIM2
SIM3
SIM4
1
21
22
SIM5
SIM1
SIM2
SIM3
SIM4
1
21
22
SIM5
SIM1
SIM2
SIM3
SIM4
1
21
22
SIM5
SIM1
SIM2
SIM3
SIM4
1
21
22
SIM5
SIM1
SIM2
SIM3
SIM4
1
21
22
SIM5
SIM1
SIM2
SIM3
SIM4
1
21
22
SIM5
SIM1
SIM2
SIM3
SIM4
1
21
22
SIM5
SIM1
SIM2
SIM3
SIM4
1
21
22
SIM5
SIM1
SIM2
SIM3
SIM4
1
21
22
SIM5
SIM1
SIM2
SIM3
SIM4
1
21
22
SIM5
SIM1
SIM2
SIM3
SIM4
1
21
22
SIM5
SIM1
SIM2
SIM3
SIM4
1
21
22
SIM5
SIM1
SIM2
SIM3
SIM4
1
21
22
SIM5
SIM1
SIM2
SIM3
SIM4
1
21
22
SIM5
SIM1
SIM2
SIM3
SIM4
1
21
22
SIM5
SIM1
SIM2
SIM3
SIM4
1
21
22
SIM5
SIM1
SIM2
SIM3
SIM4
1
21
22
SIM5
SIM1
SIM2
SIM3
SIM4
1
21
22
SIM5
SIM1
SIM2
SIM3
SIM4
1
21
22
SIM5
SIM1
SIM2
SIM3
SIM4
1
21
22
SIM5
SIM1
SIM2
SIM3
SIM4
1
21
22
SIM5
SIM1
SIM2
SIM3
SIM4
1
21
22
SIM5
SIM1
SIM2
SIM3
SIM4
1
21
22
SIM5
SIM1
SIM2
SIM3
SIM4
1
21
22
SIM5
SIM1
SIM2
SIM3
SIM4
1
21
22
SIM5
SIM1
SIM2
SIM3
SIM4
1
21
22
SIM5
SIM1
SIM2
SIM3
SIM4
1
21
22
SIM5
SIM1
SIM2
SIM3
SIM4
1
21
22
SIM5
SIM1
SIM2
SIM3
SIM4
1
21
22
SIM5
SIM1
SIM2
SIM3
SIM4
1
21
22
SIM5
SIM1
SIM2
SIM3
SIM4
1
21
22
SIM5
SIM1
SIM2
SIM3
SIM4
1
21
22
SIM5
SIM1
SIM2
SIM3
SIM4
1
21
22
SIM5
SIM1
SIM2
SIM3
SIM4
1
21
22
SIM5
SIM1
SIM2
SIM3
SIM4
1
21
22
SIM5
SIM1
SIM2
SIM3
SIM4
1
21
22
SIM5
SIM1
SIM2
SIM3
SIM4
1
21
22
SIM5
SIM1
SIM2
SIM3
SIM4
1
21
22
SIM5
SIM1
SIM2
SIM3
SIM4
1
21
22
SIM5
SIM1
SIM2
SIM3
SIM4
1
21
22
SIM5
SIM1
SIM2
SIM3
SIM4
1
21
22
SIM5
SIM1
SIM2
SIM3
SIM4
1
21
22
SIM5
SIM1
SIM2
SIM3
SIM4
1
21
22
SIM5
SIM1
SIM2
SIM3
SIM4
1
21
22
SIM5
SIM1
SIM2
SIM3
SIM4
1
21
22
SIM5
SIM1
SIM2
SIM3
SIM4
1
21
22
SIM5
SIM1
SIM2
SIM3
SIM4
1
21
22
SIM5
SIM1
SIM2
SIM3
SIM4
1
21
22
SIM5
SIM1
SIM2
SIM3
SIM4
1
21
22
SIM5
SIM1
SIM2
SIM3
SIM4
1
21
22
SIM5
SIM1
SIM2
SIM3
SIM4
1
21
22
SIM5
SIM1
SIM2
SIM3
SIM4
1
21
22
SIM5
SIM1
SIM2
SIM3
SIM4
1
21
22
SIM5
SIM1
SIM2
SIM3
SIM4
1
21
22
SIM5
SIM1
SIM2
SIM3
SIM4
1
21
22
SIM5
SIM1
SIM2
SIM3
SIM4
1
21
22
SIM5
SIM1
SIM2
SIM3
SIM4
1
21
22
SIM5
SIM1
SIM2
SIM3
SIM4
1
21
22
SIM5
SIM1
SIM2
SIM3
SIM4
1
21
22
SIM5
SIM1
SIM2
SIM3
SIM4
1
21
22
SIM5
SIM1
SIM2
SIM3
SIM4
1
21
22
SIM5
SIM1
SIM2
SIM3
SIM4
1
21
22
SIM5
SIM1
SIM2
SIM3
SIM4
1
21
22
SIM5
SIM1
SIM2
SIM3
SIM4
1
21
22
SIM5
SIM1
SIM2
SIM3
SIM4
1
21
22
SIM5
SIM1
SIM2
SIM3
SIM4
1
21
22
SIM5
SIM1
SIM2
SIM3
SIM4
1
21
22
SIM5
SIM1
SIM2
SIM3
SIM4
1
21
22
SIM5
SIM1
SIM2
SIM3
SIM4
1
21
22
SIM5
SIM1
SIM2
SIM3
SIM4
1
21
22
SIM5
SIM1
SIM2
SIM3
SIM4
1
21
22
SIM5
SIM1
SIM2
SIM3
SIM4
1
21
22
SIM5
SIM1
SIM2
SIM3
SIM4
1
21
22
SIM5
SIM1
SIM2
SIM3
SIM4
1
21
22
SIM5
SIM1
SIM2
DEBUG 1 322
SIM1
SIM2
SIM3
SIM4
1
21
22
SIM5
SIM1
SIM2
SIM3
SIM4
1
21
22
SIM5
SIM1
SIM2
SIM3
SIM4
1
21
22
SIM5
SIM1
SIM2
SIM3
SIM4
1
21
22
SIM5
SIM1
SIM2
SIM3
SIM4
1
21
22
SIM5
SIM1
SIM2
SIM3
SIM4
1
21
22
SIM5
SIM1
SIM2
SIM3
SIM4
1
21
22
SIM5
SIM1
SIM2
SIM3
SIM4
1
21
22
SIM5
SIM1
SIM2
SIM3
SIM4
1
21
22
SIM5
SIM1
SIM2
SIM3
SIM4
1
21
22
SIM5
SIM1
SIM2
SIM3
SIM4
1
21
22
SIM5
SIM1
SIM2
SIM3
SIM4
1
21
22
SIM5
SIM1
SIM2
SIM3
SIM4
1
21
22
SIM5
SIM1
SIM2
SIM3
SIM4
1
21
22
SIM5
SIM1
SIM2
SIM3
SIM4
1
21
22
SIM5
SIM1
SIM2
SIM3
SIM4
1
21
22
SIM5
SIM1
SIM2
SIM3
SIM4
1
21
22
SIM5
SIM1
SIM2
SIM3
SIM4
1
21
22
SIM5
SIM1
SIM2
SIM3
SIM4
1
21
22
SIM5
SIM1
SIM2
SIM3
SIM4
1
21
22
SIM5
SIM1
SIM2
SIM3
SIM4
1
21
22
SIM5
SIM1
SIM2
SIM3
SIM4
1
21
22
SIM5
SIM1
SIM2
SIM3
SIM4
1
21
22
SIM5
SIM1
SIM2
SIM3
SIM4
1
21
22
SIM5
SIM1
SIM2
SIM3
SIM4
1
21
22
SIM5
SIM1
SIM2
SIM3
SIM4
1
21
22
SIM5
SIM1
SIM2
SIM3
SIM4
1
21
22
SIM5
SIM1
SIM2
SIM3
SIM4
1
21
22
SIM5
SIM1
SIM2
SIM3
SIM4
1
21
22
SIM5
SIM1
SIM2
SIM3
SIM4
1
21
22
SIM5
SIM1
SIM2
SIM3
SIM4
1
21
22
SIM5
SIM1
SIM2
SIM3
SIM4
1
21
22
SIM5
SIM1
SIM2
SIM3
SIM4
1
21
22
SIM5
SIM1
SIM2
SIM3
SIM4
1
21
22
SIM5
SIM1
SIM2
SIM3
SIM4
1
21
22
SIM5
SIM1
SIM2
SIM3
SIM4
1
21
22
SIM5
SIM1
SIM2
SIM3
SIM4
1
21
22
SIM5
SIM1
SIM2
SIM3
SIM4
1
21
22
SIM5
SIM1
SIM2
SIM3
SIM4
1
21
22
SIM5
SIM1
SIM2
SIM3
SIM4
1
21
22
SIM5
SIM1
SIM2
SIM3
SIM4
1
21
22
SIM5
SIM1
SIM2
SIM3
SIM4
1
21
22
SIM5
SIM1
SIM2
SIM3
SIM4
1
21
22
SIM5
SIM1
SIM2
SIM3
SIM4
1
21
22
SIM5
SIM1
SIM2
SIM3
SIM4
1
21
22
SIM5
SIM1
SIM2
SIM3
SIM4
1
21
22
SIM5
SIM1
SIM2
SIM3
SIM4
1
21
22
SIM5
SIM1
SIM2
SIM3
SIM4
1
21
22
SIM5
SIM1
SIM2
SIM3
SIM4
1
21
22
SIM5
SIM1
SIM2
SIM3
SIM4
1
21
22
SIM5
SIM1
SIM2
SIM3
SIM4
1
21
22
SIM5
SIM1
SIM2
SIM3
SIM4
1
21
22
SIM5
SIM1
SIM2
SIM3
SIM4
1
21
22
SIM5
SIM1
SIM2
SIM3
SIM4
1
21
22
SIM5
SIM1
SIM2
SIM3
SIM4
1
21
22
SIM5
SIM1
SIM2
SIM3
SIM4
1
21
22
SIM5
SIM1
SIM2
SIM3
SIM4
1
21
22
SIM5
SIM1
SIM2
SIM3
SIM4
1
21
22
SIM5
SIM1
SIM2
SIM3
SIM4
1
21
22
SIM5
SIM1
SIM2
SIM3
SIM4
1
21
22
SIM5
SIM1
SIM2
SIM3
SIM4
1
21
22
SIM5
SIM1
SIM2
SIM3
SIM4
1
21
22
SIM5
SIM1
SIM2
SIM3
SIM4
1
21
22
SIM5
SIM1
SIM2
SIM3
SIM4
1
21
22
SIM5
SIM1
SIM2
SIM3
SIM4
1
21
22
SIM5
SIM1
SIM2
SIM3
SIM4
1
21
22
SIM5
SIM1
SIM2
SIM3
SIM4
1
21
22
SIM5
SIM1
SIM2
SIM3
SIM4
1
21
22
SIM5
SIM1
SIM2
SIM3
SIM4
1
21
22
SIM5
SIM1
SIM2
SIM3
SIM4
1
21
22
SIM5
SIM1
SIM2
SIM3
SIM4
1
21
22
SIM5
SIM1
SIM2
SIM3
SIM4
1
21
22
SIM5
SIM1
SIM2
SIM3
SIM4
1
21
22
SIM5
SIM1
SIM2
SIM3
SIM4
1
21
22
SIM5
SIM1
SIM2
SIM3
SIM4
1
21
22
SIM5
SIM1
SIM2
SIM3
SIM4
1
21
22
SIM5
SIM1
SIM2
SIM3
SIM4
1
21
22
SIM5
SIM1
SIM2
SIM3
SIM4
1
21
22
SIM5
SIM1
SIM2
SIM3
SIM4
1
21
22
SIM5
SIM1
SIM2
SIM3
SIM4
1
21
22
SIM5
SIM1
SIM2
SIM3
SIM4
1
21
22
SIM5
SIM1
SIM2
SIM3
SIM4
1
21
22
SIM5
SIM1
SIM2
SIM3
SIM4
1
21
22
SIM5
SIM1
SIM2
SIM3
SIM4
1
21
22
SIM5
SIM1
SIM2
SIM3
SIM4
1
21
22
SIM5
SIM1
SIM2
SIM3
SIM4
1
21
22
SIM5
SIM1
SIM2
SIM3
SIM4
1
21
22
SIM5
SIM1
SIM2
SIM3
SIM4
1
21
22
SIM5
SIM1
SIM2
SIM3
SIM4
1
21
22
SIM5
SIM1
SIM2
SIM3
SIM4
1
21
22
SIM5
SIM1
SIM2
SIM3
SIM4
1
21
22
SIM5
SIM1
SIM2
SIM3
SIM4
1
21
22
SIM5
SIM1
SIM2
SIM3
SIM4
1
21
22
SIM5
SIM1
SIM2
SIM3
SIM4
1
21
22
SIM5
SIM1
SIM2
SIM3
SIM4
1
21
22
SIM5
SIM1
SIM2
SIM3
SIM4
1
21
22
SIM5
SIM1
SIM2
SIM3
SIM4
1
21
22
SIM5
SIM1
SIM2
SIM3
SIM4
1
21
22
SIM5
SIM1
SIM2
SIM3
SIM4
1
21
22
SIM5
SIM1
SIM2
SIM3
SIM4
1
21
22
SIM5
SIM1
SIM2
SIM3
SIM4
1
21
22
SIM5
SIM1
SIM2
SIM3
SIM4
1
21
22
SIM5
SIM1
SIM2
SIM3
SIM4
1
21
22
SIM5
SIM1
SIM2
SIM3
SIM4
1
21
22
SIM5
SIM1
SIM2
SIM3
SIM4
1
21
22
SIM5
SIM1
SIM2
SIM3
SIM4
1
21
22
SIM5
SIM1
SIM2
SIM3
SIM4
1
21
22
SIM5
SIM1
SIM2
SIM3
SIM4
1
21
22
SIM5
SIM1
SIM2
SIM3
SIM4
1
21
22
SIM5
SIM1
SIM2
SIM3
SIM4
1
21
22
SIM5
SIM1
SIM2
SIM3
SIM4
1
21
22
SIM5
SIM1
SIM2
SIM3
SIM4
1
21
22
SIM5
SIM1
SIM2
SIM3
SIM4
1
21
22
SIM5
SIM1
SIM2
SIM3
SIM4
1
21
22
SIM5
SIM1
SIM2
SIM3
SIM4
1
21
22
SIM5
SIM1
SIM2
SIM3
SIM4
1
21
22
SIM5
SIM1
SIM2
SIM3
SIM4
1
21
22
SIM5
SIM1
SIM2
SIM3
SIM4
1
21
22
SIM5
SIM1
SIM2
SIM3
SIM4
1
21
22
SIM5
SIM1
SIM2
SIM3
SIM4
1
21
22
SIM5
SIM1
SIM2
SIM3
SIM4
1
21
22
SIM5
SIM1
SIM2
SIM3
SIM4
1
21
22
SIM5
SIM1
SIM2
SIM3
SIM4
1
21
22
SIM5
SIM1
SIM2
SIM3
SIM4
1
21
22
SIM5
SIM1
SIM2
SIM3
SIM4
1
21
22
SIM5
SIM1
SIM2
SIM3
SIM4
1
21
22
SIM5
SIM1
SIM2
SIM3
SIM4
1
21
22
SIM5
SIM1
SIM2
SIM3
SIM4
1
21
22
SIM5
SIM1
SIM2
SIM3
SIM4
1
21
22
SIM5
SIM1
SIM2
SIM3
SIM4
1
21
22
SIM5
SIM1
SIM2
SIM3
SIM4
1
21
22
SIM5
SIM1
SIM2
SIM3
SIM4
1
21
22
SIM5
SIM1
SIM2
SIM3
SIM4
1
21
22
SIM5
SIM1
SIM2
SIM3
SIM4
1
21
22
SIM5
SIM1
SIM2
SIM3
SIM4
1
21
22
SIM5
SIM1
SIM2
SIM3
SIM4
1
21
22
SIM5
SIM1
SIM2
SIM3
SIM4
1
21
22
SIM5
SIM1
SIM2
SIM3
SIM4
1
21
22
SIM5
SIM1
SIM2
SIM3
SIM4
1
21
22
SIM5
SIM1
SIM2
SIM3
SIM4
1
21
22
SIM5
SIM1
SIM2
SIM3
SIM4
1
21
22
SIM5
SIM1
SIM2
SIM3
SIM4
1
21
22
SIM5
SIM1
SIM2
SIM3
SIM4
1
21
22
SIM5
SIM1
SIM2
SIM3
SIM4
1
21
22
SIM5
SIM1
SIM2
SIM3
SIM4
1
21
22
SIM5
SIM1
SIM2
SIM3
SIM4
1
21
22
SIM5
SIM1
SIM2
SIM3
SIM4
1
21
22
SIM5
SIM1
SIM2
SIM3
SIM4
1
21
22
SIM5
SIM1
SIM2
SIM3
SIM4
1
21
22
SIM5
SIM1
SIM2
SIM3
SIM4
1
21
22
SIM5
SIM1
SIM2
SIM3
SIM4
1
21
22
SIM5
SIM1
SIM2
SIM3
SIM4
1
21
22
SIM5
SIM1
SIM2
SIM3
SIM4
1
21
22
SIM5
SIM1
SIM2
SIM3
SIM4
1
21
22
SIM5
SIM1
SIM2
SIM3
SIM4
1
21
22
SIM5
SIM1
SIM2
SIM3
SIM4
1
21
22
SIM5
SIM1
SIM2
SIM3
SIM4
1
21
22
SIM5
SIM1
SIM2
SIM3
SIM4
1
21
22
SIM5
SIM1
SIM2
SIM3
SIM4
1
21
22
SIM5
SIM1
SIM2
SIM3
SIM4
1
21
22
SIM5
SIM1
SIM2
SIM3
SIM4
1
21
22
SIM5
SIM1
SIM2
SIM3
SIM4
1
21
22
SIM5
SIM1
SIM2
SIM3
SIM4
1
21
22
SIM5
SIM1
SIM2
SIM3
SIM4
1
21
22
SIM5
SIM1
SIM2
SIM3
SIM4
1
21
22
SIM5
SIM1
SIM2
SIM3
SIM4
1
21
22
SIM5
SIM1
SIM2
SIM3
SIM4
1
21
22
SIM5
SIM1
SIM2
SIM3
SIM4
1
21
22
SIM5
SIM1
SIM2
SIM3
SIM4
1
21
22
SIM5
SIM1
SIM2
SIM3
SIM4
1
21
22
SIM5
SIM1
SIM2
SIM3
SIM4
1
21
22
SIM5
SIM1
SIM2
SIM3
SIM4
1
21
22
SIM5
SIM1
SIM2
SIM3
SIM4
1
21
22
SIM5
SIM1
SIM2
SIM3
SIM4
1
21
22
SIM5
SIM1
SIM2
SIM3
SIM4
1
21
22
SIM5
SIM1
SIM2
SIM3
SIM4
1
21
22
SIM5
SIM1
SIM2
SIM3
SIM4
1
21
22
SIM5
SIM1
SIM2
SIM3
SIM4
1
21
22
SIM5
SIM1
SIM2
SIM3
SIM4
1
21
22
SIM5
SIM1
SIM2
SIM3
SIM4
1
21
22
SIM5
SIM1
SIM2
SIM3
SIM4
1
21
22
SIM5
SIM1
SIM2
SIM3
SIM4
1
21
22
SIM5
SIM1
SIM2
SIM3
SIM4
1
21
22
SIM5
SIM1
SIM2
SIM3
SIM4
1
21
22
SIM5
SIM1
SIM2
SIM3
SIM4
1
21
22
SIM5
SIM1
SIM2
SIM3
SIM4
1
21
22
SIM5
SIM1
SIM2
SIM3
SIM4
1
21
22
SIM5
SIM1
SIM2
SIM3
SIM4
1
21
22
SIM5
SIM1
SIM2
SIM3
SIM4
1
21
22
SIM5
SIM1
SIM2
SIM3
SIM4
1
21
22
SIM5
SIM1
SIM2
SIM3
SIM4
1
21
22
SIM5
SIM1
SIM2
SIM3
SIM4
1
21
22
SIM5
SIM1
SIM2
SIM3
SIM4
1
21
22
SIM5
SIM1
SIM2
SIM3
SIM4
1
21
22
SIM5
SIM1
SIM2
SIM3
SIM4
1
21
22
SIM5
SIM1
SIM2
SIM3
SIM4
1
21
22
SIM5
SIM1
SIM2
SIM3
SIM4
1
21
22
SIM5
SIM1
SIM2
SIM3
SIM4
1
21
22
SIM5
SIM1
SIM2
SIM3
SIM4
1
21
22
SIM5
SIM1
SIM2
SIM3
SIM4
1
21
22
SIM5
SIM1
SIM2
SIM3
SIM4
1
21
22
SIM5
SIM1
SIM2
SIM3
SIM4
1
21
22
SIM5
SIM1
SIM2
SIM3
SIM4
1
21
22
SIM5
SIM1
SIM2
SIM3
SIM4
1
21
22
SIM5
SIM1
SIM2
SIM3
SIM4
1
21
22
SIM5
SIM1
SIM2
SIM3
SIM4
1
21
22
SIM5
SIM1
SIM2
SIM3
SIM4
1
21
22
SIM5
SIM1
SIM2
SIM3
SIM4
1
21
22
SIM5
SIM1
SIM2
SIM3
SIM4
1
21
22
SIM5
SIM1
SIM2
SIM3
SIM4
1
21
22
SIM5
SIM1
SIM2
SIM3
SIM4
1
21
22
SIM5
SIM1
SIM2
SIM3
SIM4
1
21
22
SIM5
SIM1
SIM2
SIM3
SIM4
1
21
22
SIM5
SIM1
SIM2
SIM3
SIM4
1
21
22
SIM5
SIM1
SIM2
SIM3
SIM4
1
21
22
SIM5
SIM1
SIM2
SIM3
SIM4
1
21
22
SIM5
SIM1
SIM2
SIM3
SIM4
1
21
22
SIM5
SIM1
SIM2
SIM3
SIM4
1
21
22
SIM5
SIM1
SIM2
SIM3
SIM4
1
21
22
SIM5
SIM1
SIM2
SIM3
SIM4
1
21
22
SIM5
SIM1
SIM2
SIM3
SIM4
1
21
22
SIM5
SIM1
SIM2
SIM3
SIM4
1
21
22
SIM5
SIM1
SIM2
SIM3
SIM4
1
21
22
SIM5
SIM1
SIM2
SIM3
SIM4
1
21
22
SIM5
SIM1
SIM2
SIM3
SIM4
1
21
22
SIM5
SIM1
SIM2
SIM3
SIM4
1
21
22
SIM5
SIM1
SIM2
SIM3
SIM4
1
21
22
SIM5
SIM1
SIM2
SIM3
SIM4
1
21
22
SIM5
SIM1
SIM2
SIM3
SIM4
1
21
22
SIM5
SIM1
SIM2
SIM3
SIM4
1
21
22
SIM5
SIM1
SIM2
SIM3
SIM4
1
21
22
SIM5
SIM1
SIM2
SIM3
SIM4
1
21
22
SIM5
SIM1
SIM2
SIM3
SIM4
1
21
22
SIM5
SIM1
SIM2
SIM3
SIM4
1
21
22
SIM5
SIM1
SIM2
SIM3
SIM4
1
21
22
SIM5
SIM1
SIM2
SIM3
SIM4
1
21
22
SIM5
SIM1
SIM2
SIM3
SIM4
1
21
22
SIM5
SIM1
SIM2
SIM3
SIM4
1
21
22
SIM5
SIM1
SIM2
SIM3
SIM4
1
21
22
SIM5
SIM1
SIM2
SIM3
SIM4
1
21
22
SIM5
SIM1
SIM2
SIM3
SIM4
1
21
22
SIM5
SIM1
SIM2
SIM3
SIM4
1
21
22
SIM5
SIM1
SIM2
SIM3
SIM4
1
21
22
SIM5
SIM1
SIM2
SIM3
SIM4
1
21
22
SIM5
SIM1
SIM2
SIM3
SIM4
1
21
22
SIM5
SIM1
SIM2
SIM3
SIM4
1
21
22
SIM5
SIM1
SIM2
SIM3
SIM4
1
21
22
SIM5
SIM1
SIM2
SIM3
SIM4
1
21
22
SIM5
SIM1
SIM2
SIM3
SIM4
1
21
22
SIM5
SIM1
SIM2
SIM3
SIM4
1
21
22
SIM5
SIM1
SIM2
SIM3
SIM4
1
21
22
SIM5
SIM1
SIM2
SIM3
SIM4
1
21
22
SIM5
SIM1
SIM2
SIM3
SIM4
1
21
22
SIM5
SIM1
SIM2
SIM3
SIM4
1
21
22
SIM5
SIM1
SIM2
SIM3
SIM4
1
21
22
SIM5
SIM1
SIM2
SIM3
SIM4
1
21
22
SIM5
SIM1
SIM2
SIM3
SIM4
1
21
22
SIM5
SIM1
SIM2
SIM3
SIM4
1
21
22
SIM5
SIM1
SIM2
SIM3
SIM4
1
21
22
SIM5
SIM1
SIM2
SIM3
SIM4
1
21
22
SIM5
SIM1
SIM2
SIM3
SIM4
1
21
22
SIM5
SIM1
SIM2
SIM3
SIM4
1
21
22
SIM5
SIM1
SIM2
SIM3
SIM4
1
21
22
SIM5
SIM1
SIM2
SIM3
SIM4
1
21
22
SIM5
SIM1
SIM2
SIM3
SIM4
1
21
22
SIM5
SIM1
SIM2
SIM3
SIM4
1
21
22
SIM5
SIM1
SIM2
SIM3
SIM4
1
21
22
SIM5
SIM1
SIM2
SIM3
SIM4
1
21
22
SIM5
SIM1
SIM2
SIM3
SIM4
1
21
22
SIM5
SIM1
SIM2
SIM3
SIM4
1
21
22
SIM5
SIM1
SIM2
SIM3
SIM4
1
21
22
SIM5
SIM1
SIM2
SIM3
SIM4
1
21
22
SIM5
SIM1
SIM2
SIM3
SIM4
1
21
22
SIM5
SIM1
SIM2
DEBUG 1 323
SIM1
SIM2
SIM3
SIM4
1
21
22
SIM5
SIM1
SIM2
SIM3
SIM4
1
21
22
SIM5
SIM1
SIM2
SIM3
SIM4
1
21
22
SIM5
SIM1
SIM2
SIM3
SIM4
1
21
22
SIM5
SIM1
SIM2
SIM3
SIM4
1
21
22
SIM5
SIM1
SIM2
SIM3
SIM4
1
21
22
SIM5
SIM1
SIM2
SIM3
SIM4
1
21
22
SIM5
SIM1
SIM2
SIM3
SIM4
1
21
22
SIM5
SIM1
SIM2
SIM3
SIM4
1
21
22
SIM5
SIM1
SIM2
SIM3
SIM4
1
21
22
SIM5
SIM1
SIM2
SIM3
SIM4
1
21
22
SIM5
SIM1
SIM2
SIM3
SIM4
1
21
22
SIM5
SIM1
SIM2
SIM3
SIM4
1
21
22
SIM5
SIM1
SIM2
SIM3
SIM4
1
21
22
SIM5
SIM1
SIM2
SIM3
SIM4
1
21
22
SIM5
SIM1
SIM2
SIM3
SIM4
1
21
22
SIM5
SIM1
SIM2
SIM3
SIM4
1
21
22
SIM5
SIM1
SIM2
SIM3
SIM4
1
21
22
SIM5
SIM1
SIM2
SIM3
SIM4
1
21
22
SIM5
SIM1
SIM2
SIM3
SIM4
1
21
22
SIM5
SIM1
SIM2
SIM3
SIM4
1
21
22
SIM5
SIM1
SIM2
SIM3
SIM4
1
21
22
SIM5
SIM1
SIM2
SIM3
SIM4
1
21
22
SIM5
SIM1
SIM2
SIM3
SIM4
1
21
22
SIM5
SIM1
SIM2
SIM3
SIM4
1
21
22
SIM5
SIM1
SIM2
SIM3
SIM4
1
21
22
SIM5
SIM1
SIM2
SIM3
SIM4
1
21
22
SIM5
SIM1
SIM2
SIM3
SIM4
1
21
22
SIM5
SIM1
SIM2
SIM3
SIM4
1
21
22
SIM5
SIM1
SIM2
SIM3
SIM4
1
21
22
SIM5
SIM1
SIM2
SIM3
SIM4
1
21
22
SIM5
SIM1
SIM2
SIM3
SIM4
1
21
22
SIM5
SIM1
SIM2
SIM3
SIM4
1
21
22
SIM5
SIM1
SIM2
SIM3
SIM4
1
21
22
SIM5
SIM1
SIM2
SIM3
SIM4
1
21
22
SIM5
SIM1
SIM2
SIM3
SIM4
1
21
22
SIM5
SIM1
SIM2
SIM3
SIM4
1
21
22
SIM5
SIM1
SIM2
SIM3
SIM4
1
21
22
SIM5
SIM1
SIM2
SIM3
SIM4
1
21
22
SIM5
SIM1
SIM2
SIM3
SIM4
1
21
22
SIM5
SIM1
SIM2
SIM3
SIM4
1
21
22
SIM5
SIM1
SIM2
SIM3
SIM4
1
21
22
SIM5
SIM1
SIM2
SIM3
SIM4
1
21
22
SIM5
SIM1
SIM2
SIM3
SIM4
1
21
22
SIM5
SIM1
SIM2
SIM3
SIM4
1
21
22
SIM5
SIM1
SIM2
SIM3
SIM4
1
21
22
SIM5
SIM1
SIM2
SIM3
SIM4
1
21
22
SIM5
SIM1
SIM2
SIM3
SIM4
1
21
22
SIM5
SIM1
SIM2
SIM3
SIM4
1
21
22
SIM5
SIM1
SIM2
SIM3
SIM4
1
21
22
SIM5
SIM1
SIM2
SIM3
SIM4
1
21
22
SIM5
SIM1
SIM2
SIM3
SIM4
1
21
22
SIM5
SIM1
SIM2
SIM3
SIM4
1
21
22
SIM5
SIM1
SIM2
SIM3
SIM4
1
21
22
SIM5
SIM1
SIM2
SIM3
SIM4
1
21
22
SIM5
SIM1
SIM2
SIM3
SIM4
1
21
22
SIM5
SIM1
SIM2
SIM3
SIM4
1
21
22
SIM5
SIM1
SIM2
SIM3
SIM4
1
21
22
SIM5
SIM1
SIM2
SIM3
SIM4
1
21
22
SIM5
SIM1
SIM2
SIM3
SIM4
1
21
22
SIM5
SIM1
SIM2
SIM3
SIM4
1
21
22
SIM5
SIM1
SIM2
SIM3
SIM4
1
21
22
SIM5
SIM1
SIM2
SIM3
SIM4
1
21
22
SIM5
SIM1
SIM2
SIM3
SIM4
1
21
22
SIM5
SIM1
SIM2
SIM3
SIM4
1
21
22
SIM5
SIM1
SIM2
SIM3
SIM4
1
21
22
SIM5
SIM1
SIM2
SIM3
SIM4
1
21
22
SIM5
SIM1
SIM2
SIM3
SIM4
1
21
22
SIM5
SIM1
SIM2
SIM3
SIM4
1
21
22
SIM5
SIM1
SIM2
SIM3
SIM4
1
21
22
SIM5
SIM1
SIM2
SIM3
SIM4
1
21
22
SIM5
SIM1
SIM2
SIM3
SIM4
1
21
22
SIM5
SIM1
SIM2
SIM3
SIM4
1
21
22
SIM5
SIM1
SIM2
SIM3
SIM4
1
21
22
SIM5
SIM1
SIM2
SIM3
SIM4
1
21
22
SIM5
SIM1
SIM2
SIM3
SIM4
1
21
22
SIM5
SIM1
SIM2
SIM3
SIM4
1
21
22
SIM5
SIM1
SIM2
SIM3
SIM4
1
21
22
SIM5
SIM1
SIM2
SIM3
SIM4
1
21
22
SIM5
SIM1
SIM2
SIM3
SIM4
1
21
22
SIM5
SIM1
SIM2
SIM3
SIM4
1
21
22
SIM5
SIM1
SIM2
SIM3
SIM4
1
21
22
SIM5
SIM1
SIM2
SIM3
SIM4
1
21
22
SIM5
SIM1
SIM2
SIM3
SIM4
1
21
22
SIM5
SIM1
SIM2
SIM3
SIM4
1
21
22
SIM5
SIM1
SIM2
SIM3
SIM4
1
21
22
SIM5
SIM1
SIM2
SIM3
SIM4
1
21
22
SIM5
SIM1
SIM2
SIM3
SIM4
1
21
22
SIM5
SIM1
SIM2
SIM3
SIM4
1
21
22
SIM5
SIM1
SIM2
SIM3
SIM4
1
21
22
SIM5
SIM1
SIM2
SIM3
SIM4
1
21
22
SIM5
SIM1
SIM2
SIM3
SIM4
1
21
22
SIM5
SIM1
SIM2
SIM3
SIM4
1
21
22
SIM5
SIM1
SIM2
SIM3
SIM4
1
21
22
SIM5
SIM1
SIM2
SIM3
SIM4
1
21
22
SIM5
SIM1
SIM2
SIM3
SIM4
1
21
22
SIM5
SIM1
SIM2
SIM3
SIM4
1
21
22
SIM5
SIM1
SIM2
SIM3
SIM4
1
21
22
SIM5
SIM1
SIM2
SIM3
SIM4
1
21
22
SIM5
SIM1
SIM2
SIM3
SIM4
1
21
22
SIM5
SIM1
SIM2
SIM3
SIM4
1
21
22
SIM5
SIM1
SIM2
SIM3
SIM4
1
21
22
SIM5
SIM1
SIM2
SIM3
SIM4
1
21
22
SIM5
SIM1
SIM2
SIM3
SIM4
1
21
22
SIM5
SIM1
SIM2
SIM3
SIM4
1
21
22
SIM5
SIM1
SIM2
SIM3
SIM4
1
21
22
SIM5
SIM1
SIM2
SIM3
SIM4
1
21
22
SIM5
SIM1
SIM2
SIM3
SIM4
1
21
22
SIM5
SIM1
SIM2
SIM3
SIM4
1
21
22
SIM5
SIM1
SIM2
SIM3
SIM4
1
21
22
SIM5
SIM1
SIM2
SIM3
SIM4
1
21
22
SIM5
SIM1
SIM2
SIM3
SIM4
1
21
22
SIM5
SIM1
SIM2
SIM3
SIM4
1
21
22
SIM5
SIM1
SIM2
SIM3
SIM4
1
21
22
SIM5
SIM1
SIM2
SIM3
SIM4
1
21
22
SIM5
SIM1
SIM2
SIM3
SIM4
1
21
22
SIM5
SIM1
SIM2
SIM3
SIM4
1
21
22
SIM5
SIM1
SIM2
SIM3
SIM4
1
21
22
SIM5
SIM1
SIM2
SIM3
SIM4
1
21
22
SIM5
SIM1
SIM2
SIM3
SIM4
1
21
22
SIM5
SIM1
SIM2
SIM3
SIM4
1
21
22
SIM5
SIM1
SIM2
SIM3
SIM4
1
21
22
SIM5
SIM1
SIM2
SIM3
SIM4
1
21
22
SIM5
SIM1
SIM2
SIM3
SIM4
1
21
22
SIM5
SIM1
SIM2
SIM3
SIM4
1
21
22
SIM5
SIM1
SIM2
SIM3
SIM4
1
21
22
SIM5
SIM1
SIM2
SIM3
SIM4
1
21
22
SIM5
SIM1
SIM2
SIM3
SIM4
1
21
22
SIM5
SIM1
SIM2
SIM3
SIM4
1
21
22
SIM5
SIM1
SIM2
SIM3
SIM4
1
21
22
SIM5
SIM1
SIM2
SIM3
SIM4
1
21
22
SIM5
SIM1
SIM2
SIM3
SIM4
1
21
22
SIM5
SIM1
SIM2
SIM3
SIM4
1
21
22
SIM5
SIM1
SIM2
SIM3
SIM4
1
21
22
SIM5
SIM1
SIM2
SIM3
SIM4
1
21
22
SIM5
SIM1
SIM2
SIM3
SIM4
1
21
22
SIM5
SIM1
SIM2
SIM3
SIM4
1
21
22
SIM5
SIM1
SIM2
SIM3
SIM4
1
21
22
SIM5
SIM1
SIM2
SIM3
SIM4
1
21
22
SIM5
SIM1
SIM2
SIM3
SIM4
1
21
22
SIM5
SIM1
SIM2
SIM3
SIM4
1
21
22
SIM5
SIM1
SIM2
SIM3
SIM4
1
21
22
SIM5
SIM1
SIM2
SIM3
SIM4
1
21
22
SIM5
SIM1
SIM2
SIM3
SIM4
1
21
22
SIM5
SIM1
SIM2
SIM3
SIM4
1
21
22
SIM5
SIM1
SIM2
SIM3
SIM4
1
21
22
SIM5
SIM1
SIM2
SIM3
SIM4
1
21
22
SIM5
SIM1
SIM2
SIM3
SIM4
1
21
22
SIM5
SIM1
SIM2
SIM3
SIM4
1
21
22
SIM5
SIM1
SIM2
SIM3
SIM4
1
21
22
SIM5
SIM1
SIM2
SIM3
SIM4
1
21
22
SIM5
SIM1
SIM2
SIM3
SIM4
1
21
22
SIM5
SIM1
SIM2
SIM3
SIM4
1
21
22
SIM5
SIM1
SIM2
SIM3
SIM4
1
21
22
SIM5
SIM1
SIM2
SIM3
SIM4
1
21
22
SIM5
SIM1
SIM2
SIM3
SIM4
1
21
22
SIM5
SIM1
SIM2
SIM3
SIM4
1
21
22
SIM5
SIM1
SIM2
SIM3
SIM4
1
21
22
SIM5
SIM1
SIM2
SIM3
SIM4
1
21
22
SIM5
SIM1
SIM2
SIM3
SIM4
1
21
22
SIM5
SIM1
SIM2
SIM3
SIM4
1
21
22
SIM5
SIM1
SIM2
SIM3
SIM4
1
21
22
SIM5
SIM1
SIM2
SIM3
SIM4
1
21
22
SIM5
SIM1
SIM2
SIM3
SIM4
1
21
22
SIM5
SIM1
SIM2
SIM3
SIM4
1
21
22
SIM5
SIM1
SIM2
SIM3
SIM4
1
21
22
SIM5
SIM1
SIM2
SIM3
SIM4
1
21
22
SIM5
SIM1
SIM2
SIM3
SIM4
1
21
22
SIM5
SIM1
SIM2
SIM3
SIM4
1
21
22
SIM5
SIM1
SIM2
SIM3
SIM4
1
21
22
SIM5
SIM1
SIM2
SIM3
SIM4
1
21
22
SIM5
SIM1
SIM2
SIM3
SIM4
1
21
22
SIM5
SIM1
SIM2
SIM3
SIM4
1
21
22
SIM5
SIM1
SIM2
SIM3
SIM4
1
21
22
SIM5
SIM1
SIM2
SIM3
SIM4
1
21
22
SIM5
SIM1
SIM2
SIM3
SIM4
1
21
22
SIM5
SIM1
SIM2
SIM3
SIM4
1
21
22
SIM5
SIM1
SIM2
SIM3
SIM4
1
21
22
SIM5
SIM1
SIM2
SIM3
SIM4
1
21
22
SIM5
SIM1
SIM2
SIM3
SIM4
1
21
22
SIM5
SIM1
SIM2
SIM3
SIM4
1
21
22
SIM5
SIM1
SIM2
SIM3
SIM4
1
21
22
SIM5
SIM1
SIM2
SIM3
SIM4
1
21
22
SIM5
SIM1
SIM2
SIM3
SIM4
1
21
22
SIM5
SIM1
SIM2
SIM3
SIM4
1
21
22
SIM5
SIM1
SIM2
SIM3
SIM4
1
21
22
SIM5
SIM1
SIM2
SIM3
SIM4
1
21
22
SIM5
SIM1
SIM2
SIM3
SIM4
1
21
22
SIM5
SIM1
SIM2
SIM3
SIM4
1
21
22
SIM5
SIM1
SIM2
SIM3
SIM4
1
21
22
SIM5
SIM1
SIM2
SIM3
SIM4
1
21
22
SIM5
SIM1
SIM2
SIM3
SIM4
1
21
22
SIM5
SIM1
SIM2
SIM3
SIM4
1
21
22
SIM5
SIM1
SIM2
SIM3
SIM4
1
21
22
SIM5
SIM1
SIM2
SIM3
SIM4
1
21
22
SIM5
SIM1
SIM2
SIM3
SIM4
1
21
22
SIM5
SIM1
SIM2
SIM3
SIM4
1
21
22
SIM5
SIM1
SIM2
SIM3
SIM4
1
21
22
SIM5
SIM1
SIM2
SIM3
SIM4
1
21
22
SIM5
SIM1
SIM2
SIM3
SIM4
1
21
22
SIM5
SIM1
SIM2
SIM3
SIM4
1
21
22
SIM5
SIM1
SIM2
SIM3
SIM4
1
21
22
SIM5
SIM1
SIM2
SIM3
SIM4
1
21
22
SIM5
SIM1
SIM2
SIM3
SIM4
1
21
22
SIM5
SIM1
SIM2
SIM3
SIM4
1
21
22
SIM5
SIM1
SIM2
SIM3
SIM4
1
21
22
SIM5
SIM1
SIM2
SIM3
SIM4
1
21
22
SIM5
SIM1
SIM2
SIM3
SIM4
1
21
22
SIM5
SIM1
SIM2
SIM3
SIM4
1
21
22
SIM5
SIM1
SIM2
SIM3
SIM4
1
21
22
SIM5
SIM1
SIM2
SIM3
SIM4
1
21
22
SIM5
SIM1
SIM2
SIM3
SIM4
1
21
22
SIM5
SIM1
SIM2
SIM3
SIM4
1
21
22
SIM5
SIM1
SIM2
SIM3
SIM4
1
21
22
SIM5
SIM1
SIM2
SIM3
SIM4
1
21
22
SIM5
SIM1
SIM2
SIM3
SIM4
1
21
22
SIM5
SIM1
SIM2
DEBUG 1 324
SIM1
SIM2
SIM3
SIM4
1
21
22
SIM5
SIM1
SIM2
SIM3
SIM4
1
21
22
SIM5
SIM1
SIM2
SIM3
SIM4
1
21
22
SIM5
SIM1
SIM2
SIM3
SIM4
1
21
22
SIM5
SIM1
SIM2
SIM3
SIM4
1
21
22
SIM5
SIM1
SIM2
SIM3
SIM4
1
21
22
SIM5
SIM1
SIM2
SIM3
SIM4
1
21
22
SIM5
SIM1
SIM2
SIM3
SIM4
1
21
22
SIM5
SIM1
SIM2
SIM3
SIM4
1
21
22
SIM5
SIM1
SIM2
SIM3
SIM4
1
21
22
SIM5
SIM1
SIM2
SIM3
SIM4
1
21
22
SIM5
SIM1
SIM2
SIM3
SIM4
1
21
22
SIM5
SIM1
SIM2
SIM3
SIM4
1
21
22
SIM5
SIM1
SIM2
SIM3
SIM4
1
21
22
SIM5
SIM1
SIM2
SIM3
SIM4
1
21
22
SIM5
SIM1
SIM2
SIM3
SIM4
1
21
22
SIM5
SIM1
SIM2
SIM3
SIM4
1
21
22
SIM5
SIM1
SIM2
SIM3
SIM4
1
21
22
SIM5
SIM1
SIM2
SIM3
SIM4
1
21
22
SIM5
SIM1
SIM2
SIM3
SIM4
1
21
22
SIM5
SIM1
SIM2
SIM3
SIM4
1
21
22
SIM5
SIM1
SIM2
SIM3
SIM4
1
21
22
SIM5
SIM1
SIM2
SIM3
SIM4
1
21
22
SIM5
SIM1
SIM2
SIM3
SIM4
1
21
22
SIM5
SIM1
SIM2
SIM3
SIM4
1
21
22
SIM5
SIM1
SIM2
SIM3
SIM4
1
21
22
SIM5
SIM1
SIM2
SIM3
SIM4
1
21
22
SIM5
SIM1
SIM2
SIM3
SIM4
1
21
22
SIM5
SIM1
SIM2
SIM3
SIM4
1
21
22
SIM5
SIM1
SIM2
SIM3
SIM4
1
21
22
SIM5
SIM1
SIM2
SIM3
SIM4
1
21
22
SIM5
SIM1
SIM2
SIM3
SIM4
1
21
22
SIM5
SIM1
SIM2
SIM3
SIM4
1
21
22
SIM5
SIM1
SIM2
SIM3
SIM4
1
21
22
SIM5
SIM1
SIM2
SIM3
SIM4
1
21
22
SIM5
SIM1
SIM2
SIM3
SIM4
1
21
22
SIM5
SIM1
SIM2
SIM3
SIM4
1
21
22
SIM5
SIM1
SIM2
SIM3
SIM4
1
21
22
SIM5
SIM1
SIM2
SIM3
SIM4
1
21
22
SIM5
SIM1
SIM2
SIM3
SIM4
1
21
22
SIM5
SIM1
SIM2
SIM3
SIM4
1
21
22
SIM5
SIM1
SIM2
SIM3
SIM4
1
21
22
SIM5
SIM1
SIM2
SIM3
SIM4
1
21
22
SIM5
SIM1
SIM2
SIM3
SIM4
1
21
22
SIM5
SIM1
SIM2
SIM3
SIM4
1
21
22
SIM5
SIM1
SIM2
SIM3
SIM4
1
21
22
SIM5
SIM1
SIM2
SIM3
SIM4
1
21
22
SIM5
SIM1
SIM2
SIM3
SIM4
1
21
22
SIM5
SIM1
SIM2
SIM3
SIM4
1
21
22
SIM5
SIM1
SIM2
SIM3
SIM4
1
21
22
SIM5
SIM1
SIM2
SIM3
SIM4
1
21
22
SIM5
SIM1
SIM2
SIM3
SIM4
1
21
22
SIM5
SIM1
SIM2
SIM3
SIM4
1
21
22
SIM5
SIM1
SIM2
SIM3
SIM4
1
21
22
SIM5
SIM1
SIM2
SIM3
SIM4
1
21
22
SIM5
SIM1
SIM2
SIM3
SIM4
1
21
22
SIM5
SIM1
SIM2
SIM3
SIM4
1
21
22
SIM5
SIM1
SIM2
SIM3
SIM4
1
21
22
SIM5
SIM1
SIM2
SIM3
SIM4
1
21
22
SIM5
SIM1
SIM2
SIM3
SIM4
1
21
22
SIM5
SIM1
SIM2
SIM3
SIM4
1
21
22
SIM5
SIM1
SIM2
SIM3
SIM4
1
21
22
SIM5
SIM1
SIM2
SIM3
SIM4
1
21
22
SIM5
SIM1
SIM2
SIM3
SIM4
1
21
22
SIM5
SIM1
SIM2
SIM3
SIM4
1
21
22
SIM5
SIM1
SIM2
SIM3
SIM4
1
21
22
SIM5
SIM1
SIM2
SIM3
SIM4
1
21
22
SIM5
SIM1
SIM2
SIM3
SIM4
1
21
22
SIM5
SIM1
SIM2
SIM3
SIM4
1
21
22
SIM5
SIM1
SIM2
SIM3
SIM4
1
21
22
SIM5
SIM1
SIM2
SIM3
SIM4
1
21
22
SIM5
SIM1
SIM2
SIM3
SIM4
1
21
22
SIM5
SIM1
SIM2
SIM3
SIM4
1
21
22
SIM5
SIM1
SIM2
SIM3
SIM4
1
21
22
SIM5
SIM1
SIM2
SIM3
SIM4
1
21
22
SIM5
SIM1
SIM2
SIM3
SIM4
1
21
22
SIM5
SIM1
SIM2
SIM3
SIM4
1
21
22
SIM5
SIM1
SIM2
SIM3
SIM4
1
21
22
SIM5
SIM1
SIM2
SIM3
SIM4
1
21
22
SIM5
SIM1
SIM2
SIM3
SIM4
1
21
22
SIM5
SIM1
SIM2
SIM3
SIM4
1
21
22
SIM5
SIM1
SIM2
SIM3
SIM4
1
21
22
SIM5
SIM1
SIM2
SIM3
SIM4
1
21
22
SIM5
SIM1
SIM2
SIM3
SIM4
1
21
22
SIM5
SIM1
SIM2
SIM3
SIM4
1
21
22
SIM5
SIM1
SIM2
SIM3
SIM4
1
21
22
SIM5
SIM1
SIM2
SIM3
SIM4
1
21
22
SIM5
SIM1
SIM2
SIM3
SIM4
1
21
22
SIM5
SIM1
SIM2
SIM3
SIM4
1
21
22
SIM5
SIM1
SIM2
SIM3
SIM4
1
21
22
SIM5
SIM1
SIM2
SIM3
SIM4
1
21
22
SIM5
SIM1
SIM2
SIM3
SIM4
1
21
22
SIM5
SIM1
SIM2
SIM3
SIM4
1
21
22
SIM5
SIM1
SIM2
SIM3
SIM4
1
21
22
SIM5
SIM1
SIM2
SIM3
SIM4
1
21
22
SIM5
SIM1
SIM2
SIM3
SIM4
1
21
22
SIM5
SIM1
SIM2
SIM3
SIM4
1
21
22
SIM5
SIM1
SIM2
SIM3
SIM4
1
21
22
SIM5
SIM1
SIM2
SIM3
SIM4
1
21
22
SIM5
SIM1
SIM2
SIM3
SIM4
1
21
22
SIM5
SIM1
SIM2
SIM3
SIM4
1
21
22
SIM5
SIM1
SIM2
SIM3
SIM4
1
21
22
SIM5
SIM1
SIM2
SIM3
SIM4
1
21
22
SIM5
SIM1
SIM2
SIM3
SIM4
1
21
22
SIM5
SIM1
SIM2
SIM3
SIM4
1
21
22
SIM5
SIM1
SIM2
SIM3
SIM4
1
21
22
SIM5
SIM1
SIM2
SIM3
SIM4
1
21
22
SIM5
SIM1
SIM2
SIM3
SIM4
1
21
22
SIM5
SIM1
SIM2
SIM3
SIM4
1
21
22
SIM5
SIM1
SIM2
SIM3
SIM4
1
21
22
SIM5
SIM1
SIM2
SIM3
SIM4
1
21
22
SIM5
SIM1
SIM2
SIM3
SIM4
1
21
22
SIM5
SIM1
SIM2
SIM3
SIM4
1
21
22
SIM5
SIM1
SIM2
SIM3
SIM4
1
21
22
SIM5
SIM1
SIM2
SIM3
SIM4
1
21
22
SIM5
SIM1
SIM2
SIM3
SIM4
1
21
22
SIM5
SIM1
SIM2
SIM3
SIM4
1
21
22
SIM5
SIM1
SIM2
SIM3
SIM4
1
21
22
SIM5
SIM1
SIM2
SIM3
SIM4
1
21
22
SIM5
SIM1
SIM2
SIM3
SIM4
1
21
22
SIM5
SIM1
SIM2
SIM3
SIM4
1
21
22
SIM5
SIM1
SIM2
SIM3
SIM4
1
21
22
SIM5
SIM1
SIM2
SIM3
SIM4
1
21
22
SIM5
SIM1
SIM2
SIM3
SIM4
1
21
22
SIM5
SIM1
SIM2
SIM3
SIM4
1
21
22
SIM5
SIM1
SIM2
SIM3
SIM4
1
21
22
SIM5
SIM1
SIM2
SIM3
SIM4
1
21
22
SIM5
SIM1
SIM2
SIM3
SIM4
1
21
22
SIM5
SIM1
SIM2
SIM3
SIM4
1
21
22
SIM5
SIM1
SIM2
SIM3
SIM4
1
21
22
SIM5
SIM1
SIM2
SIM3
SIM4
1
21
22
SIM5
SIM1
SIM2
SIM3
SIM4
1
21
22
SIM5
SIM1
SIM2
SIM3
SIM4
1
21
22
SIM5
SIM1
SIM2
SIM3
SIM4
1
21
22
SIM5
SIM1
SIM2
SIM3
SIM4
1
21
22
SIM5
SIM1
SIM2
SIM3
SIM4
1
21
22
SIM5
SIM1
SIM2
SIM3
SIM4
1
21
22
SIM5
SIM1
SIM2
SIM3
SIM4
1
21
22
SIM5
SIM1
SIM2
SIM3
SIM4
1
21
22
SIM5
SIM1
SIM2
SIM3
SIM4
1
21
22
SIM5
SIM1
SIM2
SIM3
SIM4
1
21
22
SIM5
SIM1
SIM2
SIM3
SIM4
1
21
22
SIM5
SIM1
SIM2
SIM3
SIM4
1
21
22
SIM5
SIM1
SIM2
SIM3
SIM4
1
21
22
SIM5
SIM1
SIM2
SIM3
SIM4
1
21
22
SIM5
SIM1
SIM2
SIM3
SIM4
1
21
22
SIM5
SIM1
SIM2
SIM3
SIM4
1
21
22
SIM5
SIM1
SIM2
SIM3
SIM4
1
21
22
SIM5
SIM1
SIM2
SIM3
SIM4
1
21
22
SIM5
SIM1
SIM2
SIM3
SIM4
1
21
22
SIM5
SIM1
SIM2
SIM3
SIM4
1
21
22
SIM5
SIM1
SIM2
SIM3
SIM4
1
21
22
SIM5
SIM1
SIM2
SIM3
SIM4
1
21
22
SIM5
SIM1
SIM2
SIM3
SIM4
1
21
22
SIM5
SIM1
SIM2
SIM3
SIM4
1
21
22
SIM5
SIM1
SIM2
SIM3
SIM4
1
21
22
SIM5
SIM1
SIM2
SIM3
SIM4
1
21
22
SIM5
SIM1
SIM2
SIM3
SIM4
1
21
22
SIM5
SIM1
SIM2
SIM3
SIM4
1
21
22
SIM5
SIM1
SIM2
DEBUG 1 325
SIM1
SIM2
SIM3
SIM4
1
21
22
SIM5
SIM1
SIM2
SIM3
SIM4
1
21
22
SIM5
SIM1
SIM2
SIM3
SIM4
1
21
22
SIM5
SIM1
SIM2
SIM3
SIM4
1
21
22
SIM5
SIM1
SIM2
SIM3
SIM4
1
21
22
SIM5
SIM1
SIM2
SIM3
SIM4
1
21
22
SIM5
SIM1
SIM2
SIM3
SIM4
1
21
22
SIM5
SIM1
SIM2
SIM3
SIM4
1
21
22
SIM5
SIM1
SIM2
SIM3
SIM4
1
21
22
SIM5
SIM1
SIM2
SIM3
SIM4
1
21
22
SIM5
SIM1
SIM2
SIM3
SIM4
1
21
22
SIM5
SIM1
SIM2
SIM3
SIM4
1
21
22
SIM5
SIM1
SIM2
SIM3
SIM4
1
21
22
SIM5
SIM1
SIM2
SIM3
SIM4
1
21
22
SIM5
SIM1
SIM2
SIM3
SIM4
1
21
22
SIM5
SIM1
SIM2
SIM3
SIM4
1
21
22
SIM5
SIM1
SIM2
SIM3
SIM4
1
21
22
SIM5
SIM1
SIM2
SIM3
SIM4
1
21
22
SIM5
SIM1
SIM2
SIM3
SIM4
1
21
22
SIM5
SIM1
SIM2
SIM3
SIM4
1
21
22
SIM5
SIM1
SIM2
SIM3
SIM4
1
21
22
SIM5
SIM1
SIM2
SIM3
SIM4
1
21
22
SIM5
SIM1
SIM2
SIM3
SIM4
1
21
22
SIM5
SIM1
SIM2
SIM3
SIM4
1
21
22
SIM5
SIM1
SIM2
SIM3
SIM4
1
21
22
SIM5
SIM1
SIM2
SIM3
SIM4
1
21
22
SIM5
SIM1
SIM2
SIM3
SIM4
1
21
22
SIM5
SIM1
SIM2
SIM3
SIM4
1
21
22
SIM5
SIM1
SIM2
SIM3
SIM4
1
21
22
SIM5
SIM1
SIM2
SIM3
SIM4
1
21
22
SIM5
SIM1
SIM2
SIM3
SIM4
1
21
22
SIM5
SIM1
SIM2
SIM3
SIM4
1
21
22
SIM5
SIM1
SIM2
SIM3
SIM4
1
21
22
SIM5
SIM1
SIM2
SIM3
SIM4
1
21
22
SIM5
SIM1
SIM2
SIM3
SIM4
1
21
22
SIM5
SIM1
SIM2
SIM3
SIM4
1
21
22
SIM5
SIM1
SIM2
SIM3
SIM4
1
21
22
SIM5
SIM1
SIM2
SIM3
SIM4
1
21
22
SIM5
SIM1
SIM2
SIM3
SIM4
1
21
22
SIM5
SIM1
SIM2
SIM3
SIM4
1
21
22
SIM5
SIM1
SIM2
SIM3
SIM4
1
21
22
SIM5
SIM1
SIM2
SIM3
SIM4
1
21
22
SIM5
SIM1
SIM2
SIM3
SIM4
1
21
22
SIM5
SIM1
SIM2
SIM3
SIM4
1
21
22
SIM5
SIM1
SIM2
SIM3
SIM4
1
21
22
SIM5
SIM1
SIM2
SIM3
SIM4
1
21
22
SIM5
SIM1
SIM2
SIM3
SIM4
1
21
22
SIM5
SIM1
SIM2
SIM3
SIM4
1
21
22
SIM5
SIM1
SIM2
SIM3
SIM4
1
21
22
SIM5
SIM1
SIM2
SIM3
SIM4
1
21
22
SIM5
SIM1
SIM2
SIM3
SIM4
1
21
22
SIM5
SIM1
SIM2
SIM3
SIM4
1
21
22
SIM5
SIM1
SIM2
SIM3
SIM4
1
21
22
SIM5
SIM1
SIM2
SIM3
SIM4
1
21
22
SIM5
SIM1
SIM2
SIM3
SIM4
1
21
22
SIM5
SIM1
SIM2
SIM3
SIM4
1
21
22
SIM5
SIM1
SIM2
SIM3
SIM4
1
21
22
SIM5
SIM1
SIM2
SIM3
SIM4
1
21
22
SIM5
SIM1
SIM2
SIM3
SIM4
1
21
22
SIM5
SIM1
SIM2
SIM3
SIM4
1
21
22
SIM5
SIM1
SIM2
SIM3
SIM4
1
21
22
SIM5
SIM1
SIM2
SIM3
SIM4
1
21
22
SIM5
SIM1
SIM2
SIM3
SIM4
1
21
22
SIM5
SIM1
SIM2
SIM3
SIM4
1
21
22
SIM5
SIM1
SIM2
SIM3
SIM4
1
21
22
SIM5
SIM1
SIM2
SIM3
SIM4
1
21
22
SIM5
SIM1
SIM2
SIM3
SIM4
1
21
22
SIM5
SIM1
SIM2
SIM3
SIM4
1
21
22
SIM5
SIM1
SIM2
SIM3
SIM4
1
21
22
SIM5
SIM1
SIM2
SIM3
SIM4
1
21
22
SIM5
SIM1
SIM2
SIM3
SIM4
1
21
22
SIM5
SIM1
SIM2
SIM3
SIM4
1
21
22
SIM5
SIM1
SIM2
SIM3
SIM4
1
21
22
SIM5
SIM1
SIM2
SIM3
SIM4
1
21
22
SIM5
SIM1
SIM2
SIM3
SIM4
1
21
22
SIM5
SIM1
SIM2
SIM3
SIM4
1
21
22
SIM5
SIM1
SIM2
SIM3
SIM4
1
21
22
SIM5
SIM1
SIM2
SIM3
SIM4
1
21
22
SIM5
SIM1
SIM2
SIM3
SIM4
1
21
22
SIM5
SIM1
SIM2
SIM3
SIM4
1
21
22
SIM5
SIM1
SIM2
SIM3
SIM4
1
21
22
SIM5
SIM1
SIM2
SIM3
SIM4
1
21
22
SIM5
SIM1
SIM2
SIM3
SIM4
1
21
22
SIM5
SIM1
SIM2
SIM3
SIM4
1
21
22
SIM5
SIM1
SIM2
SIM3
SIM4
1
21
22
SIM5
SIM1
SIM2
SIM3
SIM4
1
21
22
SIM5
SIM1
SIM2
SIM3
SIM4
1
21
22
SIM5
SIM1
SIM2
SIM3
SIM4
1
21
22
SIM5
SIM1
SIM2
SIM3
SIM4
1
21
22
SIM5
SIM1
SIM2
SIM3
SIM4
1
21
22
SIM5
SIM1
SIM2
SIM3
SIM4
1
21
22
SIM5
SIM1
SIM2
SIM3
SIM4
1
21
22
SIM5
SIM1
SIM2
SIM3
SIM4
1
21
22
SIM5
SIM1
SIM2
SIM3
SIM4
1
21
22
SIM5
SIM1
SIM2
SIM3
SIM4
1
21
22
SIM5
SIM1
SIM2
SIM3
SIM4
1
21
22
SIM5
SIM1
SIM2
SIM3
SIM4
1
21
22
SIM5
SIM1
SIM2
SIM3
SIM4
1
21
22
SIM5
SIM1
SIM2
SIM3
SIM4
1
21
22
SIM5
SIM1
SIM2
SIM3
SIM4
1
21
22
SIM5
SIM1
SIM2
SIM3
SIM4
1
21
22
SIM5
SIM1
SIM2
SIM3
SIM4
1
21
22
SIM5
SIM1
SIM2
SIM3
SIM4
1
21
22
SIM5
SIM1
SIM2
SIM3
SIM4
1
21
22
SIM5
SIM1
SIM2
SIM3
SIM4
1
21
22
SIM5
SIM1
SIM2
SIM3
SIM4
1
21
22
SIM5
SIM1
SIM2
SIM3
SIM4
1
21
22
SIM5
SIM1
SIM2
SIM3
SIM4
1
21
22
SIM5
SIM1
SIM2
SIM3
SIM4
1
21
22
SIM5
SIM1
SIM2
SIM3
SIM4
1
21
22
SIM5
SIM1
SIM2
SIM3
SIM4
1
21
22
SIM5
SIM1
SIM2
SIM3
SIM4
1
21
22
SIM5
SIM1
SIM2
SIM3
SIM4
1
21
22
SIM5
SIM1
SIM2
SIM3
SIM4
1
21
22
SIM5
SIM1
SIM2
SIM3
SIM4
1
21
22
SIM5
SIM1
SIM2
SIM3
SIM4
1
21
22
SIM5
SIM1
SIM2
SIM3
SIM4
1
21
22
SIM5
SIM1
SIM2
SIM3
SIM4
1
21
22
SIM5
SIM1
SIM2
SIM3
SIM4
1
21
22
SIM5
SIM1
SIM2
SIM3
SIM4
1
21
22
SIM5
SIM1
SIM2
SIM3
SIM4
1
21
22
SIM5
SIM1
SIM2
SIM3
SIM4
1
21
22
SIM5
SIM1
SIM2
SIM3
SIM4
1
21
22
SIM5
SIM1
SIM2
SIM3
SIM4
1
21
22
SIM5
SIM1
SIM2
SIM3
SIM4
1
21
22
SIM5
SIM1
SIM2
SIM3
SIM4
1
21
22
SIM5
SIM1
SIM2
SIM3
SIM4
1
21
22
SIM5
SIM1
SIM2
SIM3
SIM4
1
21
22
SIM5
SIM1
SIM2
SIM3
SIM4
1
21
22
SIM5
SIM1
SIM2
SIM3
SIM4
1
21
22
SIM5
SIM1
SIM2
SIM3
SIM4
1
21
22
SIM5
SIM1
SIM2
SIM3
SIM4
1
21
22
SIM5
SIM1
SIM2
SIM3
SIM4
1
21
22
SIM5
SIM1
SIM2
SIM3
SIM4
1
21
22
SIM5
SIM1
SIM2
SIM3
SIM4
1
21
22
SIM5
SIM1
SIM2
SIM3
SIM4
1
21
22
SIM5
SIM1
SIM2
SIM3
SIM4
1
21
22
SIM5
SIM1
SIM2
SIM3
SIM4
1
21
22
SIM5
SIM1
SIM2
SIM3
SIM4
1
21
22
SIM5
SIM1
SIM2
SIM3
SIM4
1
21
22
SIM5
SIM1
SIM2
SIM3
SIM4
1
21
22
SIM5
SIM1
SIM2
SIM3
SIM4
1
21
22
SIM5
SIM1
SIM2
SIM3
SIM4
1
21
22
SIM5
SIM1
SIM2
SIM3
SIM4
1
21
22
SIM5
SIM1
SIM2
SIM3
SIM4
1
21
22
SIM5
SIM1
SIM2
SIM3
SIM4
1
21
22
SIM5
SIM1
SIM2
SIM3
SIM4
1
21
22
SIM5
SIM1
SIM2
SIM3
SIM4
1
21
22
SIM5
SIM1
SIM2
SIM3
SIM4
1
21
22
SIM5
SIM1
SIM2
SIM3
SIM4
1
21
22
SIM5
SIM1
SIM2
SIM3
SIM4
1
21
22
SIM5
SIM1
SIM2
SIM3
SIM4
1
21
22
SIM5
SIM1
SIM2
SIM3
SIM4
1
21
22
SIM5
SIM1
SIM2
SIM3
SIM4
1
21
22
SIM5
SIM1
SIM2
SIM3
SIM4
1
21
22
SIM5
SIM1
SIM2
SIM3
SIM4
1
21
22
SIM5
SIM1
SIM2
SIM3
SIM4
1
21
22
SIM5
SIM1
SIM2
SIM3
SIM4
1
21
22
SIM5
SIM1
SIM2
SIM3
SIM4
1
21
22
SIM5
SIM1
SIM2
SIM3
SIM4
1
21
22
SIM5
SIM1
SIM2
SIM3
SIM4
1
21
22
SIM5
SIM1
SIM2
SIM3
SIM4
1
21
22
SIM5
SIM1
SIM2
SIM3
SIM4
1
21
22
SIM5
SIM1
SIM2
SIM3
SIM4
1
21
22
SIM5
SIM1
SIM2
SIM3
SIM4
1
21
22
SIM5
SIM1
SIM2
SIM3
SIM4
1
21
22
SIM5
SIM1
SIM2
SIM3
SIM4
1
21
22
SIM5
SIM1
SIM2
SIM3
SIM4
1
21
22
SIM5
SIM1
SIM2
SIM3
SIM4
1
21
22
SIM5
SIM1
SIM2
SIM3
SIM4
1
21
22
SIM5
SIM1
SIM2
SIM3
SIM4
1
21
22
SIM5
SIM1
SIM2
SIM3
SIM4
1
21
22
SIM5
SIM1
SIM2
SIM3
SIM4
1
21
22
SIM5
SIM1
SIM2
SIM3
SIM4
1
21
22
SIM5
SIM1
SIM2
SIM3
SIM4
1
21
22
SIM5
SIM1
SIM2
SIM3
SIM4
1
21
22
SIM5
SIM1
SIM2
SIM3
SIM4
1
21
22
SIM5
SIM1
SIM2
SIM3
SIM4
1
21
22
SIM5
SIM1
SIM2
SIM3
SIM4
1
21
22
SIM5
SIM1
SIM2
SIM3
SIM4
1
21
22
SIM5
SIM1
SIM2
SIM3
SIM4
1
21
22
SIM5
SIM1
SIM2
SIM3
SIM4
1
21
22
SIM5
SIM1
SIM2
SIM3
SIM4
1
21
22
SIM5
SIM1
SIM2
SIM3
SIM4
1
21
22
SIM5
SIM1
SIM2
SIM3
SIM4
1
21
22
SIM5
SIM1
SIM2
SIM3
SIM4
1
21
22
SIM5
SIM1
SIM2
SIM3
SIM4
1
21
22
SIM5
SIM1
SIM2
SIM3
SIM4
1
21
22
SIM5
SIM1
SIM2
SIM3
SIM4
1
21
22
SIM5
SIM1
SIM2
SIM3
SIM4
1
21
22
SIM5
SIM1
SIM2
SIM3
SIM4
1
21
22
SIM5
SIM1
SIM2
SIM3
SIM4
1
21
22
SIM5
SIM1
SIM2
SIM3
SIM4
1
21
22
SIM5
SIM1
SIM2
SIM3
SIM4
1
21
22
SIM5
SIM1
SIM2
SIM3
SIM4
1
21
22
SIM5
SIM1
SIM2
DEBUG 1 326
SIM1
SIM2
SIM3
SIM4
1
21
22
SIM5
SIM1
SIM2
SIM3
SIM4
1
21
22
SIM5
SIM1
SIM2
SIM3
SIM4
1
21
22
SIM5
SIM1
SIM2
SIM3
SIM4
1
21
22
SIM5
SIM1
SIM2
SIM3
SIM4
1
21
22
SIM5
SIM1
SIM2
SIM3
SIM4
1
21
22
SIM5
SIM1
SIM2
SIM3
SIM4
1
21
22
SIM5
SIM1
SIM2
SIM3
SIM4
1
21
22
SIM5
SIM1
SIM2
SIM3
SIM4
1
21
22
SIM5
SIM1
SIM2
SIM3
SIM4
1
21
22
SIM5
SIM1
SIM2
SIM3
SIM4
1
21
22
SIM5
SIM1
SIM2
SIM3
SIM4
1
21
22
SIM5
SIM1
SIM2
SIM3
SIM4
1
21
22
SIM5
SIM1
SIM2
SIM3
SIM4
1
21
22
SIM5
SIM1
SIM2
SIM3
SIM4
1
21
22
SIM5
SIM1
SIM2
SIM3
SIM4
1
21
22
SIM5
SIM1
SIM2
SIM3
SIM4
1
21
22
SIM5
SIM1
SIM2
SIM3
SIM4
1
21
22
SIM5
SIM1
SIM2
SIM3
SIM4
1
21
22
SIM5
SIM1
SIM2
SIM3
SIM4
1
21
22
SIM5
SIM1
SIM2
SIM3
SIM4
1
21
22
SIM5
SIM1
SIM2
SIM3
SIM4
1
21
22
SIM5
SIM1
SIM2
SIM3
SIM4
1
21
22
SIM5
SIM1
SIM2
SIM3
SIM4
1
21
22
SIM5
SIM1
SIM2
SIM3
SIM4
1
21
22
SIM5
SIM1
SIM2
SIM3
SIM4
1
21
22
SIM5
SIM1
SIM2
SIM3
SIM4
1
21
22
SIM5
SIM1
SIM2
SIM3
SIM4
1
21
22
SIM5
SIM1
SIM2
SIM3
SIM4
1
21
22
SIM5
SIM1
SIM2
SIM3
SIM4
1
21
22
SIM5
SIM1
SIM2
SIM3
SIM4
1
21
22
SIM5
SIM1
SIM2
SIM3
SIM4
1
21
22
SIM5
SIM1
SIM2
SIM3
SIM4
1
21
22
SIM5
SIM1
SIM2
SIM3
SIM4
1
21
22
SIM5
SIM1
SIM2
SIM3
SIM4
1
21
22
SIM5
SIM1
SIM2
SIM3
SIM4
1
21
22
SIM5
SIM1
SIM2
SIM3
SIM4
1
21
22
SIM5
SIM1
SIM2
SIM3
SIM4
1
21
22
SIM5
SIM1
SIM2
SIM3
SIM4
1
21
22
SIM5
SIM1
SIM2
SIM3
SIM4
1
21
22
SIM5
SIM1
SIM2
SIM3
SIM4
1
21
22
SIM5
SIM1
SIM2
SIM3
SIM4
1
21
22
SIM5
SIM1
SIM2
SIM3
SIM4
1
21
22
SIM5
SIM1
SIM2
SIM3
SIM4
1
21
22
SIM5
SIM1
SIM2
SIM3
SIM4
1
21
22
SIM5
SIM1
SIM2
SIM3
SIM4
1
21
22
SIM5
SIM1
SIM2
SIM3
SIM4
1
21
22
SIM5
SIM1
SIM2
SIM3
SIM4
1
21
22
SIM5
SIM1
SIM2
SIM3
SIM4
1
21
22
SIM5
SIM1
SIM2
SIM3
SIM4
1
21
22
SIM5
SIM1
SIM2
SIM3
SIM4
1
21
22
SIM5
SIM1
SIM2
SIM3
SIM4
1
21
22
SIM5
SIM1
SIM2
SIM3
SIM4
1
21
22
SIM5
SIM1
SIM2
SIM3
SIM4
1
21
22
SIM5
SIM1
SIM2
SIM3
SIM4
1
21
22
SIM5
SIM1
SIM2
SIM3
SIM4
1
21
22
SIM5
SIM1
SIM2
SIM3
SIM4
1
21
22
SIM5
SIM1
SIM2
SIM3
SIM4
1
21
22
SIM5
SIM1
SIM2
SIM3
SIM4
1
21
22
SIM5
SIM1
SIM2
SIM3
SIM4
1
21
22
SIM5
SIM1
SIM2
SIM3
SIM4
1
21
22
SIM5
SIM1
SIM2
SIM3
SIM4
1
21
22
SIM5
SIM1
SIM2
SIM3
SIM4
1
21
22
SIM5
SIM1
SIM2
SIM3
SIM4
1
21
22
SIM5
SIM1
SIM2
SIM3
SIM4
1
21
22
SIM5
SIM1
SIM2
SIM3
SIM4
1
21
22
SIM5
SIM1
SIM2
SIM3
SIM4
1
21
22
SIM5
SIM1
SIM2
SIM3
SIM4
1
21
22
SIM5
SIM1
SIM2
SIM3
SIM4
1
21
22
SIM5
SIM1
SIM2
SIM3
SIM4
1
21
22
SIM5
SIM1
SIM2
SIM3
SIM4
1
21
22
SIM5
SIM1
SIM2
SIM3
SIM4
1
21
22
SIM5
SIM1
SIM2
SIM3
SIM4
1
21
22
SIM5
SIM1
SIM2
SIM3
SIM4
1
21
22
SIM5
SIM1
SIM2
SIM3
SIM4
1
21
22
SIM5
SIM1
SIM2
SIM3
SIM4
1
21
22
SIM5
SIM1
SIM2
SIM3
SIM4
1
21
22
SIM5
SIM1
SIM2
SIM3
SIM4
1
21
22
SIM5
SIM1
SIM2
SIM3
SIM4
1
21
22
SIM5
SIM1
SIM2
SIM3
SIM4
1
21
22
SIM5
SIM1
SIM2
SIM3
SIM4
1
21
22
SIM5
SIM1
SIM2
SIM3
SIM4
1
21
22
SIM5
SIM1
SIM2
SIM3
SIM4
1
21
22
SIM5
SIM1
SIM2
SIM3
SIM4
1
21
22
SIM5
SIM1
SIM2
SIM3
SIM4
1
21
22
SIM5
SIM1
SIM2
SIM3
SIM4
1
21
22
SIM5
SIM1
SIM2
SIM3
SIM4
1
21
22
SIM5
SIM1
SIM2
SIM3
SIM4
1
21
22
SIM5
SIM1
SIM2
SIM3
SIM4
1
21
22
SIM5
SIM1
SIM2
SIM3
SIM4
1
21
22
SIM5
SIM1
SIM2
SIM3
SIM4
1
21
22
SIM5
SIM1
SIM2
SIM3
SIM4
1
21
22
SIM5
SIM1
SIM2
SIM3
SIM4
1
21
22
SIM5
SIM1
SIM2
SIM3
SIM4
1
21
22
SIM5
SIM1
SIM2
SIM3
SIM4
1
21
22
SIM5
SIM1
SIM2
SIM3
SIM4
1
21
22
SIM5
SIM1
SIM2
SIM3
SIM4
1
21
22
SIM5
SIM1
SIM2
SIM3
SIM4
1
21
22
SIM5
SIM1
SIM2
SIM3
SIM4
1
21
22
SIM5
SIM1
SIM2
SIM3
SIM4
1
21
22
SIM5
SIM1
SIM2
SIM3
SIM4
1
21
22
SIM5
SIM1
SIM2
SIM3
SIM4
1
21
22
SIM5
SIM1
SIM2
SIM3
SIM4
1
21
22
SIM5
SIM1
SIM2
SIM3
SIM4
1
21
22
SIM5
SIM1
SIM2
SIM3
SIM4
1
21
22
SIM5
SIM1
SIM2
SIM3
SIM4
1
21
22
SIM5
SIM1
SIM2
SIM3
SIM4
1
21
22
SIM5
SIM1
SIM2
SIM3
SIM4
1
21
22
SIM5
SIM1
SIM2
SIM3
SIM4
1
21
22
SIM5
SIM1
SIM2
SIM3
SIM4
1
21
22
SIM5
SIM1
SIM2
SIM3
SIM4
1
21
22
SIM5
SIM1
SIM2
SIM3
SIM4
1
21
22
SIM5
SIM1
SIM2
SIM3
SIM4
1
21
22
SIM5
SIM1
SIM2
SIM3
SIM4
1
21
22
SIM5
SIM1
SIM2
SIM3
SIM4
1
21
22
SIM5
SIM1
SIM2
SIM3
SIM4
1
21
22
SIM5
SIM1
SIM2
SIM3
SIM4
1
21
22
SIM5
SIM1
SIM2
SIM3
SIM4
1
21
22
SIM5
SIM1
SIM2
SIM3
SIM4
1
21
22
SIM5
SIM1
SIM2
SIM3
SIM4
1
21
22
SIM5
SIM1
SIM2
SIM3
SIM4
1
21
22
SIM5
SIM1
SIM2
SIM3
SIM4
1
21
22
SIM5
SIM1
SIM2
SIM3
SIM4
1
21
22
SIM5
SIM1
SIM2
SIM3
SIM4
1
21
22
SIM5
SIM1
SIM2
SIM3
SIM4
1
21
22
SIM5
SIM1
SIM2
SIM3
SIM4
1
21
22
SIM5
SIM1
SIM2
SIM3
SIM4
1
21
22
SIM5
SIM1
SIM2
SIM3
SIM4
1
21
22
SIM5
SIM1
SIM2
SIM3
SIM4
1
21
22
SIM5
SIM1
SIM2
SIM3
SIM4
1
21
22
SIM5
SIM1
SIM2
SIM3
SIM4
1
21
22
SIM5
SIM1
SIM2
SIM3
SIM4
1
21
22
SIM5
SIM1
SIM2
SIM3
SIM4
1
21
22
SIM5
SIM1
SIM2
SIM3
SIM4
1
21
22
SIM5
SIM1
SIM2
SIM3
SIM4
1
21
22
SIM5
SIM1
SIM2
SIM3
SIM4
1
21
22
SIM5
SIM1
SIM2
SIM3
SIM4
1
21
22
SIM5
SIM1
SIM2
SIM3
SIM4
1
21
22
SIM5
SIM1
SIM2
SIM3
SIM4
1
21
22
SIM5
SIM1
SIM2
SIM3
SIM4
1
21
22
SIM5
SIM1
SIM2
SIM3
SIM4
1
21
22
SIM5
SIM1
SIM2
SIM3
SIM4
1
21
22
SIM5
SIM1
SIM2
SIM3
SIM4
1
21
22
SIM5
SIM1
SIM2
SIM3
SIM4
1
21
22
SIM5
SIM1
SIM2
SIM3
SIM4
1
21
22
SIM5
SIM1
SIM2
SIM3
SIM4
1
21
22
SIM5
SIM1
SIM2
SIM3
SIM4
1
21
22
SIM5
SIM1
SIM2
SIM3
SIM4
1
21
22
SIM5
SIM1
SIM2
SIM3
SIM4
1
21
22
SIM5
SIM1
SIM2
SIM3
SIM4
1
21
22
SIM5
SIM1
SIM2
SIM3
SIM4
1
21
22
SIM5
SIM1
SIM2
SIM3
SIM4
1
21
22
SIM5
SIM1
SIM2
SIM3
SIM4
1
21
22
SIM5
SIM1
SIM2
SIM3
SIM4
1
21
22
SIM5
SIM1
SIM2
SIM3
SIM4
1
21
22
SIM5
SIM1
SIM2
SIM3
SIM4
1
21
22
SIM5
SIM1
SIM2
SIM3
SIM4
1
21
22
SIM5
SIM1
SIM2
SIM3
SIM4
1
21
22
SIM5
SIM1
SIM2
SIM3
SIM4
1
21
22
SIM5
SIM1
SIM2
SIM3
SIM4
1
21
22
SIM5
SIM1
SIM2
SIM3
SIM4
1
21
22
SIM5
SIM1
SIM2
SIM3
SIM4
1
21
22
SIM5
SIM1
SIM2
SIM3
SIM4
1
21
22
SIM5
SIM1
SIM2
SIM3
SIM4
1
21
22
SIM5
SIM1
SIM2
SIM3
SIM4
1
21
22
SIM5
SIM1
SIM2
SIM3
SIM4
1
21
22
SIM5
SIM1
SIM2
SIM3
SIM4
1
21
22
SIM5
SIM1
SIM2
SIM3
SIM4
1
21
22
SIM5
SIM1
SIM2
SIM3
SIM4
1
21
22
SIM5
SIM1
SIM2
SIM3
SIM4
1
21
22
SIM5
SIM1
SIM2
SIM3
SIM4
1
21
22
SIM5
SIM1
SIM2
SIM3
SIM4
1
21
22
SIM5
SIM1
SIM2
SIM3
SIM4
1
21
22
SIM5
SIM1
SIM2
SIM3
SIM4
1
21
22
SIM5
SIM1
SIM2
SIM3
SIM4
1
21
22
SIM5
SIM1
SIM2
SIM3
SIM4
1
21
22
SIM5
SIM1
SIM2
SIM3
SIM4
1
21
22
SIM5
SIM1
SIM2
SIM3
SIM4
1
21
22
SIM5
SIM1
SIM2
SIM3
SIM4
1
21
22
SIM5
SIM1
SIM2
SIM3
SIM4
1
21
22
SIM5
SIM1
SIM2
SIM3
SIM4
1
21
22
SIM5
SIM1
SIM2
SIM3
SIM4
1
21
22
SIM5
SIM1
SIM2
SIM3
SIM4
1
21
22
SIM5
SIM1
SIM2
SIM3
SIM4
1
21
22
SIM5
SIM1
SIM2
SIM3
SIM4
1
21
22
SIM5
SIM1
SIM2
SIM3
SIM4
1
21
22
SIM5
SIM1
SIM2
SIM3
SIM4
1
21
22
SIM5
SIM1
SIM2
SIM3
SIM4
1
21
22
SIM5
SIM1
SIM2
SIM3
SIM4
1
21
22
SIM5
SIM1
SIM2
SIM3
SIM4
1
21
22
SIM5
SIM1
SIM2
SIM3
SIM4
1
21
22
SIM5
SIM1
SIM2
SIM3
SIM4
1
21
22
SIM5
SIM1
SIM2
SIM3
SIM4
1
21
22
SIM5
SIM1
SIM2
SIM3
SIM4
1
21
22
SIM5
SIM1
SIM2
SIM3
SIM4
1
21
22
SIM5
SIM1
SIM2
SIM3
SIM4
1
21
22
SIM5
SIM1
SIM2
SIM3
SIM4
1
21
22
SIM5
SIM1
SIM2
SIM3
SIM4
1
21
22
SIM5
SIM1
SIM2
SIM3
SIM4
1
21
22
SIM5
SIM1
SIM2
SIM3
SIM4
1
21
22
SIM5
SIM1
SIM2
SIM3
SIM4
1
21
22
SIM5
SIM1
SIM2
SIM3
SIM4
1
21
22
SIM5
SIM1
SIM2
SIM3
SIM4
1
21
22
SIM5
SIM1
SIM2
DEBUG 1 327
SIM1
SIM2
SIM3
SIM4
1
21
22
SIM5
SIM1
SIM2
SIM3
SIM4
1
21
22
SIM5
SIM1
SIM2
SIM3
SIM4
1
21
22
SIM5
SIM1
SIM2
SIM3
SIM4
1
21
22
SIM5
SIM1
SIM2
SIM3
SIM4
1
21
22
SIM5
SIM1
SIM2
SIM3
SIM4
1
21
22
SIM5
SIM1
SIM2
SIM3
SIM4
1
21
22
SIM5
SIM1
SIM2
SIM3
SIM4
1
21
22
SIM5
SIM1
SIM2
SIM3
SIM4
1
21
22
SIM5
SIM1
SIM2
SIM3
SIM4
1
21
22
SIM5
SIM1
SIM2
SIM3
SIM4
1
21
22
SIM5
SIM1
SIM2
SIM3
SIM4
1
21
22
SIM5
SIM1
SIM2
SIM3
SIM4
1
21
22
SIM5
SIM1
SIM2
SIM3
SIM4
1
21
22
SIM5
SIM1
SIM2
SIM3
SIM4
1
21
22
SIM5
SIM1
SIM2
SIM3
SIM4
1
21
22
SIM5
SIM1
SIM2
SIM3
SIM4
1
21
22
SIM5
SIM1
SIM2
SIM3
SIM4
1
21
22
SIM5
SIM1
SIM2
SIM3
SIM4
1
21
22
SIM5
SIM1
SIM2
SIM3
SIM4
1
21
22
SIM5
SIM1
SIM2
SIM3
SIM4
1
21
22
SIM5
SIM1
SIM2
SIM3
SIM4
1
21
22
SIM5
SIM1
SIM2
SIM3
SIM4
1
21
22
SIM5
SIM1
SIM2
SIM3
SIM4
1
21
22
SIM5
SIM1
SIM2
SIM3
SIM4
1
21
22
SIM5
SIM1
SIM2
SIM3
SIM4
1
21
22
SIM5
SIM1
SIM2
SIM3
SIM4
1
21
22
SIM5
SIM1
SIM2
SIM3
SIM4
1
21
22
SIM5
SIM1
SIM2
SIM3
SIM4
1
21
22
SIM5
SIM1
SIM2
SIM3
SIM4
1
21
22
SIM5
SIM1
SIM2
SIM3
SIM4
1
21
22
SIM5
SIM1
SIM2
SIM3
SIM4
1
21
22
SIM5
SIM1
SIM2
SIM3
SIM4
1
21
22
SIM5
SIM1
SIM2
SIM3
SIM4
1
21
22
SIM5
SIM1
SIM2
SIM3
SIM4
1
21
22
SIM5
SIM1
SIM2
SIM3
SIM4
1
21
22
SIM5
SIM1
SIM2
SIM3
SIM4
1
21
22
SIM5
SIM1
SIM2
SIM3
SIM4
1
21
22
SIM5
SIM1
SIM2
SIM3
SIM4
1
21
22
SIM5
SIM1
SIM2
SIM3
SIM4
1
21
22
SIM5
SIM1
SIM2
SIM3
SIM4
1
21
22
SIM5
SIM1
SIM2
SIM3
SIM4
1
21
22
SIM5
SIM1
SIM2
SIM3
SIM4
1
21
22
SIM5
SIM1
SIM2
SIM3
SIM4
1
21
22
SIM5
SIM1
SIM2
SIM3
SIM4
1
21
22
SIM5
SIM1
SIM2
SIM3
SIM4
1
21
22
SIM5
SIM1
SIM2
SIM3
SIM4
1
21
22
SIM5
SIM1
SIM2
SIM3
SIM4
1
21
22
SIM5
SIM1
SIM2
SIM3
SIM4
1
21
22
SIM5
SIM1
SIM2
SIM3
SIM4
1
21
22
SIM5
SIM1
SIM2
SIM3
SIM4
1
21
22
SIM5
SIM1
SIM2
SIM3
SIM4
1
21
22
SIM5
SIM1
SIM2
SIM3
SIM4
1
21
22
SIM5
SIM1
SIM2
SIM3
SIM4
1
21
22
SIM5
SIM1
SIM2
SIM3
SIM4
1
21
22
SIM5
SIM1
SIM2
SIM3
SIM4
1
21
22
SIM5
SIM1
SIM2
SIM3
SIM4
1
21
22
SIM5
SIM1
SIM2
SIM3
SIM4
1
21
22
SIM5
SIM1
SIM2
SIM3
SIM4
1
21
22
SIM5
SIM1
SIM2
SIM3
SIM4
1
21
22
SIM5
SIM1
SIM2
SIM3
SIM4
1
21
22
SIM5
SIM1
SIM2
SIM3
SIM4
1
21
22
SIM5
SIM1
SIM2
SIM3
SIM4
1
21
22
SIM5
SIM1
SIM2
SIM3
SIM4
1
21
22
SIM5
SIM1
SIM2
SIM3
SIM4
1
21
22
SIM5
SIM1
SIM2
SIM3
SIM4
1
21
22
SIM5
SIM1
SIM2
SIM3
SIM4
1
21
22
SIM5
SIM1
SIM2
SIM3
SIM4
1
21
22
SIM5
SIM1
SIM2
SIM3
SIM4
1
21
22
SIM5
SIM1
SIM2
SIM3
SIM4
1
21
22
SIM5
SIM1
SIM2
SIM3
SIM4
1
21
22
SIM5
SIM1
SIM2
SIM3
SIM4
1
21
22
SIM5
SIM1
SIM2
SIM3
SIM4
1
21
22
SIM5
SIM1
SIM2
DEBUG 1 328
SIM1
SIM2
SIM3
SIM4
1
21
22
SIM5
SIM1
SIM2
SIM3
SIM4
1
21
22
SIM5
SIM1
SIM2
SIM3
SIM4
1
21
22
SIM5
SIM1
SIM2
SIM3
SIM4
1
21
22
SIM5
SIM1
SIM2
SIM3
SIM4
1
21
22
SIM5
SIM1
SIM2
SIM3
SIM4
1
21
22
SIM5
SIM1
SIM2
SIM3
SIM4
1
21
22
SIM5
SIM1
SIM2
SIM3
SIM4
1
21
22
SIM5
SIM1
SIM2
SIM3
SIM4
1
21
22
SIM5
SIM1
SIM2
SIM3
SIM4
1
21
22
SIM5
SIM1
SIM2
SIM3
SIM4
1
21
22
SIM5
SIM1
SIM2
SIM3
SIM4
1
21
22
SIM5
SIM1
SIM2
SIM3
SIM4
1
21
22
SIM5
SIM1
SIM2
SIM3
SIM4
1
21
22
SIM5
SIM1
SIM2
SIM3
SIM4
1
21
22
SIM5
SIM1
SIM2
SIM3
SIM4
1
21
22
SIM5
SIM1
SIM2
SIM3
SIM4
1
21
22
SIM5
SIM1
SIM2
SIM3
SIM4
1
21
22
SIM5
SIM1
SIM2
SIM3
SIM4
1
21
22
SIM5
SIM1
SIM2
SIM3
SIM4
1
21
22
SIM5
SIM1
SIM2
SIM3
SIM4
1
21
22
SIM5
SIM1
SIM2
SIM3
SIM4
1
21
22
SIM5
SIM1
SIM2
SIM3
SIM4
1
21
22
SIM5
SIM1
SIM2
SIM3
SIM4
1
21
22
SIM5
SIM1
SIM2
SIM3
SIM4
1
21
22
SIM5
SIM1
SIM2
SIM3
SIM4
1
21
22
SIM5
SIM1
SIM2
SIM3
SIM4
1
21
22
SIM5
SIM1
SIM2
SIM3
SIM4
1
21
22
SIM5
SIM1
SIM2
SIM3
SIM4
1
21
22
SIM5
SIM1
SIM2
SIM3
SIM4
1
21
22
SIM5
SIM1
SIM2
SIM3
SIM4
1
21
22
SIM5
SIM1
SIM2
SIM3
SIM4
1
21
22
SIM5
SIM1
SIM2
SIM3
SIM4
1
21
22
SIM5
SIM1
SIM2
SIM3
SIM4
1
21
22
SIM5
SIM1
SIM2
SIM3
SIM4
1
21
22
SIM5
SIM1
SIM2
SIM3
SIM4
1
21
22
SIM5
SIM1
SIM2
SIM3
SIM4
1
21
22
SIM5
SIM1
SIM2
SIM3
SIM4
1
21
22
SIM5
SIM1
SIM2
SIM3
SIM4
1
21
22
SIM5
SIM1
SIM2
SIM3
SIM4
1
21
22
SIM5
SIM1
SIM2
SIM3
SIM4
1
21
22
SIM5
SIM1
SIM2
SIM3
SIM4
1
21
22
SIM5
SIM1
SIM2
SIM3
SIM4
1
21
22
SIM5
SIM1
SIM2
SIM3
SIM4
1
21
22
SIM5
SIM1
SIM2
SIM3
SIM4
1
21
22
SIM5
SIM1
SIM2
SIM3
SIM4
1
21
22
SIM5
SIM1
SIM2
SIM3
SIM4
1
21
22
SIM5
SIM1
SIM2
SIM3
SIM4
1
21
22
SIM5
SIM1
SIM2
SIM3
SIM4
1
21
22
SIM5
SIM1
SIM2
SIM3
SIM4
1
21
22
SIM5
SIM1
SIM2
SIM3
SIM4
1
21
22
SIM5
SIM1
SIM2
SIM3
SIM4
1
21
22
SIM5
SIM1
SIM2
SIM3
SIM4
1
21
22
SIM5
SIM1
SIM2
SIM3
SIM4
1
21
22
SIM5
SIM1
SIM2
SIM3
SIM4
1
21
22
SIM5
SIM1
SIM2
SIM3
SIM4
1
21
22
SIM5
SIM1
SIM2
SIM3
SIM4
1
21
22
SIM5
SIM1
SIM2
SIM3
SIM4
1
21
22
SIM5
SIM1
SIM2
SIM3
SIM4
1
21
22
SIM5
SIM1
SIM2
SIM3
SIM4
1
21
22
SIM5
SIM1
SIM2
SIM3
SIM4
1
21
22
SIM5
SIM1
SIM2
SIM3
SIM4
1
21
22
SIM5
SIM1
SIM2
SIM3
SIM4
1
21
22
SIM5
SIM1
SIM2
SIM3
SIM4
1
21
22
SIM5
SIM1
SIM2
SIM3
SIM4
1
21
22
SIM5
SIM1
SIM2
SIM3
SIM4
1
21
22
SIM5
SIM1
SIM2
SIM3
SIM4
1
21
22
SIM5
SIM1
SIM2
SIM3
SIM4
1
21
22
SIM5
SIM1
SIM2
SIM3
SIM4
1
21
22
SIM5
SIM1
SIM2
SIM3
SIM4
1
21
22
SIM5
SIM1
SIM2
SIM3
SIM4
1
21
22
SIM5
SIM1
SIM2
SIM3
SIM4
1
21
22
SIM5
SIM1
SIM2
SIM3
SIM4
1
21
22
SIM5
SIM1
SIM2
SIM3
SIM4
1
21
22
SIM5
SIM1
SIM2
SIM3
SIM4
1
21
22
SIM5
SIM1
SIM2
SIM3
SIM4
1
21
22
SIM5
SIM1
SIM2
SIM3
SIM4
1
21
22
SIM5
SIM1
SIM2
SIM3
SIM4
1
21
22
SIM5
SIM1
SIM2
SIM3
SIM4
1
21
22
SIM5
SIM1
SIM2
SIM3
SIM4
1
21
22
SIM5
SIM1
SIM2
SIM3
SIM4
1
21
22
SIM5
SIM1
SIM2
SIM3
SIM4
1
21
22
SIM5
SIM1
SIM2
SIM3
SIM4
1
21
22
SIM5
SIM1
SIM2
SIM3
SIM4
1
21
22
SIM5
SIM1
SIM2
SIM3
SIM4
1
21
22
SIM5
SIM1
SIM2
SIM3
SIM4
1
21
22
SIM5
SIM1
SIM2
SIM3
SIM4
1
21
22
SIM5
SIM1
SIM2
SIM3
SIM4
1
21
22
SIM5
SIM1
SIM2
SIM3
SIM4
1
21
22
SIM5
SIM1
SIM2
SIM3
SIM4
1
21
22
SIM5
SIM1
SIM2
SIM3
SIM4
1
21
22
SIM5
SIM1
SIM2
SIM3
SIM4
1
21
22
SIM5
SIM1
SIM2
DEBUG 1 329
SIM1
SIM2
SIM3
SIM4
1
21
22
SIM5
SIM1
SIM2
SIM3
SIM4
1
21
22
SIM5
SIM1
SIM2
SIM3
SIM4
1
21
22
SIM5
SIM1
SIM2
SIM3
SIM4
1
21
22
SIM5
SIM1
SIM2
SIM3
SIM4
1
21
22
SIM5
SIM1
SIM2
SIM3
SIM4
1
21
22
SIM5
SIM1
SIM2
SIM3
SIM4
1
21
22
SIM5
SIM1
SIM2
SIM3
SIM4
1
21
22
SIM5
SIM1
SIM2
SIM3
SIM4
1
21
22
SIM5
SIM1
SIM2
SIM3
SIM4
1
21
22
SIM5
SIM1
SIM2
SIM3
SIM4
1
21
22
SIM5
SIM1
SIM2
SIM3
SIM4
1
21
22
SIM5
SIM1
SIM2
SIM3
SIM4
1
21
22
SIM5
SIM1
SIM2
SIM3
SIM4
1
21
22
SIM5
SIM1
SIM2
SIM3
SIM4
1
21
22
SIM5
SIM1
SIM2
SIM3
SIM4
1
21
22
SIM5
SIM1
SIM2
SIM3
SIM4
1
21
22
SIM5
SIM1
SIM2
SIM3
SIM4
1
21
22
SIM5
SIM1
SIM2
SIM3
SIM4
1
21
22
SIM5
SIM1
SIM2
SIM3
SIM4
1
21
22
SIM5
SIM1
SIM2
SIM3
SIM4
1
21
22
SIM5
SIM1
SIM2
SIM3
SIM4
1
21
22
SIM5
SIM1
SIM2
SIM3
SIM4
1
21
22
SIM5
SIM1
SIM2
SIM3
SIM4
1
21
22
SIM5
SIM1
SIM2
SIM3
SIM4
1
21
22
SIM5
SIM1
SIM2
SIM3
SIM4
1
21
22
SIM5
SIM1
SIM2
SIM3
SIM4
1
21
22
SIM5
SIM1
SIM2
SIM3
SIM4
1
21
22
SIM5
SIM1
SIM2
SIM3
SIM4
1
21
22
SIM5
SIM1
SIM2
SIM3
SIM4
1
21
22
SIM5
SIM1
SIM2
SIM3
SIM4
1
21
22
SIM5
SIM1
SIM2
SIM3
SIM4
1
21
22
SIM5
SIM1
SIM2
SIM3
SIM4
1
21
22
SIM5
SIM1
SIM2
SIM3
SIM4
1
21
22
SIM5
SIM1
SIM2
SIM3
SIM4
1
21
22
SIM5
SIM1
SIM2
SIM3
SIM4
1
21
22
SIM5
SIM1
SIM2
SIM3
SIM4
1
21
22
SIM5
SIM1
SIM2
SIM3
SIM4
1
21
22
SIM5
SIM1
SIM2
SIM3
SIM4
1
21
22
SIM5
SIM1
SIM2
SIM3
SIM4
1
21
22
SIM5
SIM1
SIM2
SIM3
SIM4
1
21
22
SIM5
SIM1
SIM2
SIM3
SIM4
1
21
22
SIM5
SIM1
SIM2
SIM3
SIM4
1
21
22
SIM5
SIM1
SIM2
SIM3
SIM4
1
21
22
SIM5
SIM1
SIM2
SIM3
SIM4
1
21
22
SIM5
SIM1
SIM2
SIM3
SIM4
1
21
22
SIM5
SIM1
SIM2
SIM3
SIM4
1
21
22
SIM5
SIM1
SIM2
SIM3
SIM4
1
21
22
SIM5
SIM1
SIM2
SIM3
SIM4
1
21
22
SIM5
SIM1
SIM2
SIM3
SIM4
1
21
22
SIM5
SIM1
SIM2
SIM3
SIM4
1
21
22
SIM5
SIM1
SIM2
SIM3
SIM4
1
21
22
SIM5
SIM1
SIM2
SIM3
SIM4
1
21
22
SIM5
SIM1
SIM2
SIM3
SIM4
1
21
22
SIM5
SIM1
SIM2
SIM3
SIM4
1
21
22
SIM5
SIM1
SIM2
SIM3
SIM4
1
21
22
SIM5
SIM1
SIM2
SIM3
SIM4
1
21
22
SIM5
SIM1
SIM2
SIM3
SIM4
1
21
22
SIM5
SIM1
SIM2
SIM3
SIM4
1
21
22
SIM5
SIM1
SIM2
SIM3
SIM4
1
21
22
SIM5
SIM1
SIM2
SIM3
SIM4
1
21
22
SIM5
SIM1
SIM2
SIM3
SIM4
1
21
22
SIM5
SIM1
SIM2
SIM3
SIM4
1
21
22
SIM5
SIM1
SIM2
SIM3
SIM4
1
21
22
SIM5
SIM1
SIM2
SIM3
SIM4
1
21
22
SIM5
SIM1
SIM2
SIM3
SIM4
1
21
22
SIM5
SIM1
SIM2
SIM3
SIM4
1
21
22
SIM5
SIM1
SIM2
SIM3
SIM4
1
21
22
SIM5
SIM1
SIM2
SIM3
SIM4
1
21
22
SIM5
SIM1
SIM2
SIM3
SIM4
1
21
22
SIM5
SIM1
SIM2
SIM3
SIM4
1
21
22
SIM5
SIM1
SIM2
SIM3
SIM4
1
21
22
SIM5
SIM1
SIM2
SIM3
SIM4
1
21
22
SIM5
SIM1
SIM2
SIM3
SIM4
1
21
22
SIM5
SIM1
SIM2
SIM3
SIM4
1
21
22
SIM5
SIM1
SIM2
SIM3
SIM4
1
21
22
SIM5
SIM1
SIM2
SIM3
SIM4
1
21
22
SIM5
SIM1
SIM2
SIM3
SIM4
1
21
22
SIM5
SIM1
SIM2
SIM3
SIM4
1
21
22
SIM5
SIM1
SIM2
SIM3
SIM4
1
21
22
SIM5
SIM1
SIM2
SIM3
SIM4
1
21
22
SIM5
SIM1
SIM2
SIM3
SIM4
1
21
22
SIM5
SIM1
SIM2
SIM3
SIM4
1
21
22
SIM5
SIM1
SIM2
SIM3
SIM4
1
21
22
SIM5
SIM1
SIM2
SIM3
SIM4
1
21
22
SIM5
SIM1
SIM2
SIM3
SIM4
1
21
22
SIM5
SIM1
SIM2
SIM3
SIM4
1
21
22
SIM5
SIM1
SIM2
DEBUG 1 330
SIM1
SIM2
SIM3
SIM4
1
21
22
SIM5
SIM1
SIM2
SIM3
SIM4
1
21
22
SIM5
SIM1
SIM2
SIM3
SIM4
1
21
22
SIM5
SIM1
SIM2
SIM3
SIM4
1
21
22
SIM5
SIM1
SIM2
SIM3
SIM4
1
21
22
SIM5
SIM1
SIM2
SIM3
SIM4
1
21
22
SIM5
SIM1
SIM2
SIM3
SIM4
1
21
22
SIM5
SIM1
SIM2
SIM3
SIM4
1
21
22
SIM5
SIM1
SIM2
SIM3
SIM4
1
21
22
SIM5
SIM1
SIM2
SIM3
SIM4
1
21
22
SIM5
SIM1
SIM2
SIM3
SIM4
1
21
22
SIM5
SIM1
SIM2
SIM3
SIM4
1
21
22
SIM5
SIM1
SIM2
SIM3
SIM4
1
21
22
SIM5
SIM1
SIM2
SIM3
SIM4
1
21
22
SIM5
SIM1
SIM2
SIM3
SIM4
1
21
22
SIM5
SIM1
SIM2
SIM3
SIM4
1
21
22
SIM5
SIM1
SIM2
SIM3
SIM4
1
21
22
SIM5
SIM1
SIM2
SIM3
SIM4
1
21
22
SIM5
SIM1
SIM2
SIM3
SIM4
1
21
22
SIM5
SIM1
SIM2
SIM3
SIM4
1
21
22
SIM5
SIM1
SIM2
SIM3
SIM4
1
21
22
SIM5
SIM1
SIM2
SIM3
SIM4
1
21
22
SIM5
SIM1
SIM2
SIM3
SIM4
1
21
22
SIM5
SIM1
SIM2
SIM3
SIM4
1
21
22
SIM5
SIM1
SIM2
SIM3
SIM4
1
21
22
SIM5
SIM1
SIM2
SIM3
SIM4
1
21
22
SIM5
SIM1
SIM2
SIM3
SIM4
1
21
22
SIM5
SIM1
SIM2
SIM3
SIM4
1
21
22
SIM5
SIM1
SIM2
SIM3
SIM4
1
21
22
SIM5
SIM1
SIM2
SIM3
SIM4
1
21
22
SIM5
SIM1
SIM2
SIM3
SIM4
1
21
22
SIM5
SIM1
SIM2
SIM3
SIM4
1
21
22
SIM5
SIM1
SIM2
SIM3
SIM4
1
21
22
SIM5
SIM1
SIM2
SIM3
SIM4
1
21
22
SIM5
SIM1
SIM2
SIM3
SIM4
1
21
22
SIM5
SIM1
SIM2
SIM3
SIM4
1
21
22
SIM5
SIM1
SIM2
SIM3
SIM4
1
21
22
SIM5
SIM1
SIM2
SIM3
SIM4
1
21
22
SIM5
SIM1
SIM2
SIM3
SIM4
1
21
22
SIM5
SIM1
SIM2
SIM3
SIM4
1
21
22
SIM5
SIM1
SIM2
SIM3
SIM4
1
21
22
SIM5
SIM1
SIM2
SIM3
SIM4
1
21
22
SIM5
SIM1
SIM2
SIM3
SIM4
1
21
22
SIM5
SIM1
SIM2
SIM3
SIM4
1
21
22
SIM5
SIM1
SIM2
SIM3
SIM4
1
21
22
SIM5
SIM1
SIM2
SIM3
SIM4
1
21
22
SIM5
SIM1
SIM2
SIM3
SIM4
1
21
22
SIM5
SIM1
SIM2
SIM3
SIM4
1
21
22
SIM5
SIM1
SIM2
SIM3
SIM4
1
21
22
SIM5
SIM1
SIM2
SIM3
SIM4
1
21
22
SIM5
SIM1
SIM2
SIM3
SIM4
1
21
22
SIM5
SIM1
SIM2
SIM3
SIM4
1
21
22
SIM5
SIM1
SIM2
SIM3
SIM4
1
21
22
SIM5
SIM1
SIM2
SIM3
SIM4
1
21
22
SIM5
SIM1
SIM2
SIM3
SIM4
1
21
22
SIM5
SIM1
SIM2
SIM3
SIM4
1
21
22
SIM5
SIM1
SIM2
SIM3
SIM4
1
21
22
SIM5
SIM1
SIM2
SIM3
SIM4
1
21
22
SIM5
SIM1
SIM2
SIM3
SIM4
1
21
22
SIM5
SIM1
SIM2
SIM3
SIM4
1
21
22
SIM5
SIM1
SIM2
SIM3
SIM4
1
21
22
SIM5
SIM1
SIM2
SIM3
SIM4
1
21
22
SIM5
SIM1
SIM2
SIM3
SIM4
1
21
22
SIM5
SIM1
SIM2
SIM3
SIM4
1
21
22
SIM5
SIM1
SIM2
SIM3
SIM4
1
21
22
SIM5
SIM1
SIM2
SIM3
SIM4
1
21
22
SIM5
SIM1
SIM2
SIM3
SIM4
1
21
22
SIM5
SIM1
SIM2
SIM3
SIM4
1
21
22
SIM5
SIM1
SIM2
SIM3
SIM4
1
21
22
SIM5
SIM1
SIM2
SIM3
SIM4
1
21
22
SIM5
SIM1
SIM2
SIM3
SIM4
1
21
22
SIM5
SIM1
SIM2
SIM3
SIM4
1
21
22
SIM5
SIM1
SIM2
SIM3
SIM4
1
21
22
SIM5
SIM1
SIM2
SIM3
SIM4
1
21
22
SIM5
SIM1
SIM2
SIM3
SIM4
1
21
22
SIM5
SIM1
SIM2
SIM3
SIM4
1
21
22
SIM5
SIM1
SIM2
SIM3
SIM4
1
21
22
SIM5
SIM1
SIM2
SIM3
SIM4
1
21
22
SIM5
SIM1
SIM2
SIM3
SIM4
1
21
22
SIM5
SIM1
SIM2
SIM3
SIM4
1
21
22
SIM5
SIM1
SIM2
SIM3
SIM4
1
21
22
SIM5
SIM1
SIM2
SIM3
SIM4
1
21
22
SIM5
SIM1
SIM2
SIM3
SIM4
1
21
22
SIM5
SIM1
SIM2
SIM3
SIM4
1
21
22
SIM5
SIM1
SIM2
SIM3
SIM4
1
21
22
SIM5
SIM1
SIM2
SIM3
SIM4
1
21
22
SIM5
SIM1
SIM2
SIM3
SIM4
1
21
22
SIM5
SIM1
SIM2
SIM3
SIM4
1
21
22
SIM5
SIM1
SIM2
SIM3
SIM4
1
21
22
SIM5
SIM1
SIM2
SIM3
SIM4
1
21
22
SIM5
SIM1
SIM2
SIM3
SIM4
1
21
22
SIM5
SIM1
SIM2
SIM3
SIM4
1
21
22
SIM5
SIM1
SIM2
SIM3
SIM4
1
21
22
SIM5
SIM1
SIM2
SIM3
SIM4
1
21
22
SIM5
SIM1
SIM2
SIM3
SIM4
1
21
22
SIM5
SIM1
SIM2
SIM3
SIM4
1
21
22
SIM5
SIM1
SIM2
SIM3
SIM4
1
21
22
SIM5
SIM1
SIM2
SIM3
SIM4
1
21
22
SIM5
SIM1
SIM2
SIM3
SIM4
1
21
22
SIM5
SIM1
SIM2
SIM3
SIM4
1
21
22
SIM5
SIM1
SIM2
SIM3
SIM4
1
21
22
SIM5
SIM1
SIM2
SIM3
SIM4
1
21
22
SIM5
SIM1
SIM2
SIM3
SIM4
1
21
22
SIM5
SIM1
SIM2
SIM3
SIM4
1
21
22
SIM5
SIM1
SIM2
SIM3
SIM4
1
21
22
SIM5
SIM1
SIM2
SIM3
SIM4
1
21
22
SIM5
SIM1
SIM2
SIM3
SIM4
1
21
22
SIM5
SIM1
SIM2
SIM3
SIM4
1
21
22
SIM5
SIM1
SIM2
SIM3
SIM4
1
21
22
SIM5
SIM1
SIM2
SIM3
SIM4
1
21
22
SIM5
SIM1
SIM2
SIM3
SIM4
1
21
22
SIM5
SIM1
SIM2
SIM3
SIM4
1
21
22
SIM5
SIM1
SIM2
SIM3
SIM4
1
21
22
SIM5
SIM1
SIM2
SIM3
SIM4
1
21
22
SIM5
SIM1
SIM2
SIM3
SIM4
1
21
22
SIM5
SIM1
SIM2
SIM3
SIM4
1
21
22
SIM5
SIM1
SIM2
SIM3
SIM4
1
21
22
SIM5
SIM1
SIM2
SIM3
SIM4
1
21
22
SIM5
SIM1
SIM2
SIM3
SIM4
1
21
22
SIM5
SIM1
SIM2
SIM3
SIM4
1
21
22
SIM5
SIM1
SIM2
SIM3
SIM4
1
21
22
SIM5
SIM1
SIM2
SIM3
SIM4
1
21
22
SIM5
SIM1
SIM2
SIM3
SIM4
1
21
22
SIM5
SIM1
SIM2
SIM3
SIM4
1
21
22
SIM5
SIM1
SIM2
SIM3
SIM4
1
21
22
SIM5
SIM1
SIM2
SIM3
SIM4
1
21
22
SIM5
SIM1
SIM2
SIM3
SIM4
1
21
22
SIM5
SIM1
SIM2
SIM3
SIM4
1
21
22
SIM5
SIM1
SIM2
SIM3
SIM4
1
21
22
SIM5
SIM1
SIM2
SIM3
SIM4
1
21
22
SIM5
SIM1
SIM2
SIM3
SIM4
1
21
22
SIM5
SIM1
SIM2
SIM3
SIM4
1
21
22
SIM5
SIM1
SIM2
SIM3
SIM4
1
21
22
SIM5
SIM1
SIM2
SIM3
SIM4
1
21
22
SIM5
SIM1
SIM2
SIM3
SIM4
1
21
22
SIM5
SIM1
SIM2
SIM3
SIM4
1
21
22
SIM5
SIM1
SIM2
SIM3
SIM4
1
21
22
SIM5
SIM1
SIM2
SIM3
SIM4
1
21
22
SIM5
SIM1
SIM2
SIM3
SIM4
1
21
22
SIM5
SIM1
SIM2
SIM3
SIM4
1
21
22
SIM5
SIM1
SIM2
SIM3
SIM4
1
21
22
SIM5
SIM1
SIM2
SIM3
SIM4
1
21
22
SIM5
SIM1
SIM2
SIM3
SIM4
1
21
22
SIM5
SIM1
SIM2
SIM3
SIM4
1
21
22
SIM5
SIM1
SIM2
SIM3
SIM4
1
21
22
SIM5
SIM1
SIM2
SIM3
SIM4
1
21
22
SIM5
SIM1
SIM2
SIM3
SIM4
1
21
22
SIM5
SIM1
SIM2
SIM3
SIM4
1
21
22
SIM5
SIM1
SIM2
SIM3
SIM4
1
21
22
SIM5
SIM1
SIM2
SIM3
SIM4
1
21
22
SIM5
SIM1
SIM2
SIM3
SIM4
1
21
22
SIM5
SIM1
SIM2
SIM3
SIM4
1
21
22
SIM5
SIM1
SIM2
SIM3
SIM4
1
21
22
SIM5
SIM1
SIM2
SIM3
SIM4
1
21
22
SIM5
SIM1
SIM2
SIM3
SIM4
1
21
22
SIM5
SIM1
SIM2
SIM3
SIM4
1
21
22
SIM5
SIM1
SIM2
SIM3
SIM4
1
21
22
SIM5
SIM1
SIM2
SIM3
SIM4
1
21
22
SIM5
SIM1
SIM2
SIM3
SIM4
1
21
22
SIM5
SIM1
SIM2
SIM3
SIM4
1
21
22
SIM5
SIM1
SIM2
SIM3
SIM4
1
21
22
SIM5
SIM1
SIM2
SIM3
SIM4
1
21
22
SIM5
SIM1
SIM2
SIM3
SIM4
1
21
22
SIM5
SIM1
SIM2
SIM3
SIM4
1
21
22
SIM5
SIM1
SIM2
SIM3
SIM4
1
21
22
SIM5
SIM1
SIM2
SIM3
SIM4
1
21
22
SIM5
SIM1
SIM2
SIM3
SIM4
1
21
22
SIM5
SIM1
SIM2
SIM3
SIM4
1
21
22
SIM5
SIM1
SIM2
SIM3
SIM4
1
21
22
SIM5
SIM1
SIM2
SIM3
SIM4
1
21
22
SIM5
SIM1
SIM2
SIM3
SIM4
1
21
22
SIM5
SIM1
SIM2
SIM3
SIM4
1
21
22
SIM5
SIM1
SIM2
SIM3
SIM4
1
21
22
SIM5
SIM1
SIM2
SIM3
SIM4
1
21
22
SIM5
SIM1
SIM2
SIM3
SIM4
1
21
22
SIM5
SIM1
SIM2
SIM3
SIM4
1
21
22
SIM5
SIM1
SIM2
SIM3
SIM4
1
21
22
SIM5
SIM1
SIM2
SIM3
SIM4
1
21
22
SIM5
SIM1
SIM2
SIM3
SIM4
1
21
22
SIM5
SIM1
SIM2
SIM3
SIM4
1
21
22
SIM5
SIM1
SIM2
SIM3
SIM4
1
21
22
SIM5
SIM1
SIM2
SIM3
SIM4
1
21
22
SIM5
SIM1
SIM2
SIM3
SIM4
1
21
22
SIM5
SIM1
SIM2
SIM3
SIM4
1
21
22
SIM5
SIM1
SIM2
SIM3
SIM4
1
21
22
SIM5
SIM1
SIM2
SIM3
SIM4
1
21
22
SIM5
SIM1
SIM2
SIM3
SIM4
1
21
22
SIM5
SIM1
SIM2
SIM3
SIM4
1
21
22
SIM5
SIM1
SIM2
SIM3
SIM4
1
21
22
SIM5
SIM1
SIM2
SIM3
SIM4
1
21
22
SIM5
SIM1
SIM2
SIM3
SIM4
1
21
22
SIM5
SIM1
SIM2
SIM3
SIM4
1
21
22
SIM5
SIM1
SIM2
SIM3
SIM4
1
21
22
SIM5
SIM1
SIM2
SIM3
SIM4
1
21
22
SIM5
SIM1
SIM2
SIM3
SIM4
1
21
22
SIM5
SIM1
SIM2
SIM3
SIM4
1
21
22
SIM5
SIM1
SIM2
SIM3
SIM4
1
21
22
SIM5
SIM1
SIM2
SIM3
SIM4
1
21
22
SIM5
SIM1
SIM2
SIM3
SIM4
1
21
22
SIM5
SIM1
SIM2
SIM3
SIM4
1
21
22
SIM5
SIM1
SIM2
SIM3
SIM4
1
21
22
SIM5
SIM1
SIM2
SIM3
SIM4
1
21
22
SIM5
SIM1
SIM2
SIM3
SIM4
1
21
22
SIM5
SIM1
SIM2
SIM3
SIM4
1
21
22
SIM5
SIM1
SIM2
DEBUG 1 331
SIM1
SIM2
SIM3
SIM4
1
21
22
SIM5
SIM1
SIM2
SIM3
SIM4
1
21
22
SIM5
SIM1
SIM2
SIM3
SIM4
1
21
22
SIM5
SIM1
SIM2
SIM3
SIM4
1
21
22
SIM5
SIM1
SIM2
SIM3
SIM4
1
21
22
SIM5
SIM1
SIM2
SIM3
SIM4
1
21
22
SIM5
SIM1
SIM2
SIM3
SIM4
1
21
22
SIM5
SIM1
SIM2
SIM3
SIM4
1
21
22
SIM5
SIM1
SIM2
SIM3
SIM4
1
21
22
SIM5
SIM1
SIM2
SIM3
SIM4
1
21
22
SIM5
SIM1
SIM2
SIM3
SIM4
1
21
22
SIM5
SIM1
SIM2
SIM3
SIM4
1
21
22
SIM5
SIM1
SIM2
SIM3
SIM4
1
21
22
SIM5
SIM1
SIM2
SIM3
SIM4
1
21
22
SIM5
SIM1
SIM2
SIM3
SIM4
1
21
22
SIM5
SIM1
SIM2
SIM3
SIM4
1
21
22
SIM5
SIM1
SIM2
SIM3
SIM4
1
21
22
SIM5
SIM1
SIM2
SIM3
SIM4
1
21
22
SIM5
SIM1
SIM2
SIM3
SIM4
1
21
22
SIM5
SIM1
SIM2
SIM3
SIM4
1
21
22
SIM5
SIM1
SIM2
SIM3
SIM4
1
21
22
SIM5
SIM1
SIM2
SIM3
SIM4
1
21
22
SIM5
SIM1
SIM2
SIM3
SIM4
1
21
22
SIM5
SIM1
SIM2
SIM3
SIM4
1
21
22
SIM5
SIM1
SIM2
SIM3
SIM4
1
21
22
SIM5
SIM1
SIM2
SIM3
SIM4
1
21
22
SIM5
SIM1
SIM2
SIM3
SIM4
1
21
22
SIM5
SIM1
SIM2
SIM3
SIM4
1
21
22
SIM5
SIM1
SIM2
SIM3
SIM4
1
21
22
SIM5
SIM1
SIM2
SIM3
SIM4
1
21
22
SIM5
SIM1
SIM2
SIM3
SIM4
1
21
22
SIM5
SIM1
SIM2
SIM3
SIM4
1
21
22
SIM5
SIM1
SIM2
SIM3
SIM4
1
21
22
SIM5
SIM1
SIM2
SIM3
SIM4
1
21
22
SIM5
SIM1
SIM2
SIM3
SIM4
1
21
22
SIM5
SIM1
SIM2
SIM3
SIM4
1
21
22
SIM5
SIM1
SIM2
SIM3
SIM4
1
21
22
SIM5
SIM1
SIM2
SIM3
SIM4
1
21
22
SIM5
SIM1
SIM2
SIM3
SIM4
1
21
22
SIM5
SIM1
SIM2
SIM3
SIM4
1
21
22
SIM5
SIM1
SIM2
SIM3
SIM4
1
21
22
SIM5
SIM1
SIM2
SIM3
SIM4
1
21
22
SIM5
SIM1
SIM2
SIM3
SIM4
1
21
22
SIM5
SIM1
SIM2
SIM3
SIM4
1
21
22
SIM5
SIM1
SIM2
SIM3
SIM4
1
21
22
SIM5
SIM1
SIM2
SIM3
SIM4
1
21
22
SIM5
SIM1
SIM2
SIM3
SIM4
1
21
22
SIM5
SIM1
SIM2
SIM3
SIM4
1
21
22
SIM5
SIM1
SIM2
SIM3
SIM4
1
21
22
SIM5
SIM1
SIM2
SIM3
SIM4
1
21
22
SIM5
SIM1
SIM2
SIM3
SIM4
1
21
22
SIM5
SIM1
SIM2
SIM3
SIM4
1
21
22
SIM5
SIM1
SIM2
SIM3
SIM4
1
21
22
SIM5
SIM1
SIM2
SIM3
SIM4
1
21
22
SIM5
SIM1
SIM2
SIM3
SIM4
1
21
22
SIM5
SIM1
SIM2
SIM3
SIM4
1
21
22
SIM5
SIM1
SIM2
SIM3
SIM4
1
21
22
SIM5
SIM1
SIM2
SIM3
SIM4
1
21
22
SIM5
SIM1
SIM2
SIM3
SIM4
1
21
22
SIM5
SIM1
SIM2
SIM3
SIM4
1
21
22
SIM5
SIM1
SIM2
SIM3
SIM4
1
21
22
SIM5
SIM1
SIM2
SIM3
SIM4
1
21
22
SIM5
SIM1
SIM2
SIM3
SIM4
1
21
22
SIM5
SIM1
SIM2
SIM3
SIM4
1
21
22
SIM5
SIM1
SIM2
SIM3
SIM4
1
21
22
SIM5
SIM1
SIM2
SIM3
SIM4
1
21
22
SIM5
SIM1
SIM2
SIM3
SIM4
1
21
22
SIM5
SIM1
SIM2
SIM3
SIM4
1
21
22
SIM5
SIM1
SIM2
SIM3
SIM4
1
21
22
SIM5
SIM1
SIM2
SIM3
SIM4
1
21
22
SIM5
SIM1
SIM2
SIM3
SIM4
1
21
22
SIM5
SIM1
SIM2
SIM3
SIM4
1
21
22
SIM5
SIM1
SIM2
SIM3
SIM4
1
21
22
SIM5
SIM1
SIM2
SIM3
SIM4
1
21
22
SIM5
SIM1
SIM2
SIM3
SIM4
1
21
22
SIM5
SIM1
SIM2
SIM3
SIM4
1
21
22
SIM5
SIM1
SIM2
SIM3
SIM4
1
21
22
SIM5
SIM1
SIM2
SIM3
SIM4
1
21
22
SIM5
SIM1
SIM2
SIM3
SIM4
1
21
22
SIM5
SIM1
SIM2
SIM3
SIM4
1
21
22
SIM5
SIM1
SIM2
SIM3
SIM4
1
21
22
SIM5
SIM1
SIM2
SIM3
SIM4
1
21
22
SIM5
SIM1
SIM2
SIM3
SIM4
1
21
22
SIM5
SIM1
SIM2
SIM3
SIM4
1
21
22
SIM5
SIM1
SIM2
SIM3
SIM4
1
21
22
SIM5
SIM1
SIM2
SIM3
SIM4
1
21
22
SIM5
SIM1
SIM2
SIM3
SIM4
1
21
22
SIM5
SIM1
SIM2
SIM3
SIM4
1
21
22
SIM5
SIM1
SIM2
SIM3
SIM4
1
21
22
SIM5
SIM1
SIM2
SIM3
SIM4
1
21
22
SIM5
SIM1
SIM2
SIM3
SIM4
1
21
22
SIM5
SIM1
SIM2
SIM3
SIM4
1
21
22
SIM5
SIM1
SIM2
SIM3
SIM4
1
21
22
SIM5
SIM1
SIM2
SIM3
SIM4
1
21
22
SIM5
SIM1
SIM2
SIM3
SIM4
1
21
22
SIM5
SIM1
SIM2
SIM3
SIM4
1
21
22
SIM5
SIM1
SIM2
SIM3
SIM4
1
21
22
SIM5
SIM1
SIM2
SIM3
SIM4
1
21
22
SIM5
SIM1
SIM2
SIM3
SIM4
1
21
22
SIM5
SIM1
SIM2
SIM3
SIM4
1
21
22
SIM5
SIM1
SIM2
SIM3
SIM4
1
21
22
SIM5
SIM1
SIM2
SIM3
SIM4
1
21
22
SIM5
SIM1
SIM2
SIM3
SIM4
1
21
22
SIM5
SIM1
SIM2
SIM3
SIM4
1
21
22
SIM5
SIM1
SIM2
SIM3
SIM4
1
21
22
SIM5
SIM1
SIM2
SIM3
SIM4
1
21
22
SIM5
SIM1
SIM2
SIM3
SIM4
1
21
22
SIM5
SIM1
SIM2
SIM3
SIM4
1
21
22
SIM5
SIM1
SIM2
SIM3
SIM4
1
21
22
SIM5
SIM1
SIM2
SIM3
SIM4
1
21
22
SIM5
SIM1
SIM2
SIM3
SIM4
1
21
22
SIM5
SIM1
SIM2
SIM3
SIM4
1
21
22
SIM5
SIM1
SIM2
SIM3
SIM4
1
21
22
SIM5
SIM1
SIM2
SIM3
SIM4
1
21
22
SIM5
SIM1
SIM2
SIM3
SIM4
1
21
22
SIM5
SIM1
SIM2
SIM3
SIM4
1
21
22
SIM5
SIM1
SIM2
SIM3
SIM4
1
21
22
SIM5
SIM1
SIM2
SIM3
SIM4
1
21
22
SIM5
SIM1
SIM2
SIM3
SIM4
1
21
22
SIM5
SIM1
SIM2
SIM3
SIM4
1
21
22
SIM5
SIM1
SIM2
SIM3
SIM4
1
21
22
SIM5
SIM1
SIM2
SIM3
SIM4
1
21
22
SIM5
SIM1
SIM2
SIM3
SIM4
1
21
22
SIM5
SIM1
SIM2
SIM3
SIM4
1
21
22
SIM5
SIM1
SIM2
SIM3
SIM4
1
21
22
SIM5
SIM1
SIM2
SIM3
SIM4
1
21
22
SIM5
SIM1
SIM2
SIM3
SIM4
1
21
22
SIM5
SIM1
SIM2
SIM3
SIM4
1
21
22
SIM5
SIM1
SIM2
SIM3
SIM4
1
21
22
SIM5
SIM1
SIM2
SIM3
SIM4
1
21
22
SIM5
SIM1
SIM2
SIM3
SIM4
1
21
22
SIM5
SIM1
SIM2
SIM3
SIM4
1
21
22
SIM5
SIM1
SIM2
SIM3
SIM4
1
21
22
SIM5
SIM1
SIM2
SIM3
SIM4
1
21
22
SIM5
SIM1
SIM2
SIM3
SIM4
1
21
22
SIM5
SIM1
SIM2
SIM3
SIM4
1
21
22
SIM5
SIM1
SIM2
SIM3
SIM4
1
21
22
SIM5
SIM1
SIM2
SIM3
SIM4
1
21
22
SIM5
SIM1
SIM2
DEBUG 1 332
SIM1
SIM2
SIM3
SIM4
1
21
22
SIM5
SIM1
SIM2
SIM3
SIM4
1
21
22
SIM5
SIM1
SIM2
SIM3
SIM4
1
21
22
SIM5
SIM1
SIM2
SIM3
SIM4
1
21
22
SIM5
SIM1
SIM2
SIM3
SIM4
1
21
22
SIM5
SIM1
SIM2
SIM3
SIM4
1
21
22
SIM5
SIM1
SIM2
SIM3
SIM4
1
21
22
SIM5
SIM1
SIM2
SIM3
SIM4
1
21
22
SIM5
SIM1
SIM2
SIM3
SIM4
1
21
22
SIM5
SIM1
SIM2
SIM3
SIM4
1
21
22
SIM5
SIM1
SIM2
SIM3
SIM4
1
21
22
SIM5
SIM1
SIM2
SIM3
SIM4
1
21
22
SIM5
SIM1
SIM2
SIM3
SIM4
1
21
22
SIM5
SIM1
SIM2
SIM3
SIM4
1
21
22
SIM5
SIM1
SIM2
SIM3
SIM4
1
21
22
SIM5
SIM1
SIM2
SIM3
SIM4
1
21
22
SIM5
SIM1
SIM2
SIM3
SIM4
1
21
22
SIM5
SIM1
SIM2
SIM3
SIM4
1
21
22
SIM5
SIM1
SIM2
SIM3
SIM4
1
21
22
SIM5
SIM1
SIM2
SIM3
SIM4
1
21
22
SIM5
SIM1
SIM2
SIM3
SIM4
1
21
22
SIM5
SIM1
SIM2
SIM3
SIM4
1
21
22
SIM5
SIM1
SIM2
SIM3
SIM4
1
21
22
SIM5
SIM1
SIM2
SIM3
SIM4
1
21
22
SIM5
SIM1
SIM2
SIM3
SIM4
1
21
22
SIM5
SIM1
SIM2
SIM3
SIM4
1
21
22
SIM5
SIM1
SIM2
SIM3
SIM4
1
21
22
SIM5
SIM1
SIM2
SIM3
SIM4
1
21
22
SIM5
SIM1
SIM2
SIM3
SIM4
1
21
22
SIM5
SIM1
SIM2
SIM3
SIM4
1
21
22
SIM5
SIM1
SIM2
SIM3
SIM4
1
21
22
SIM5
SIM1
SIM2
SIM3
SIM4
1
21
22
SIM5
SIM1
SIM2
SIM3
SIM4
1
21
22
SIM5
SIM1
SIM2
SIM3
SIM4
1
21
22
SIM5
SIM1
SIM2
SIM3
SIM4
1
21
22
SIM5
SIM1
SIM2
SIM3
SIM4
1
21
22
SIM5
SIM1
SIM2
SIM3
SIM4
1
21
22
SIM5
SIM1
SIM2
SIM3
SIM4
1
21
22
SIM5
SIM1
SIM2
SIM3
SIM4
1
21
22
SIM5
SIM1
SIM2
SIM3
SIM4
1
21
22
SIM5
SIM1
SIM2
SIM3
SIM4
1
21
22
SIM5
SIM1
SIM2
SIM3
SIM4
1
21
22
SIM5
SIM1
SIM2
SIM3
SIM4
1
21
22
SIM5
SIM1
SIM2
SIM3
SIM4
1
21
22
SIM5
SIM1
SIM2
SIM3
SIM4
1
21
22
SIM5
SIM1
SIM2
SIM3
SIM4
1
21
22
SIM5
SIM1
SIM2
SIM3
SIM4
1
21
22
SIM5
SIM1
SIM2
SIM3
SIM4
1
21
22
SIM5
SIM1
SIM2
SIM3
SIM4
1
21
22
SIM5
SIM1
SIM2
SIM3
SIM4
1
21
22
SIM5
SIM1
SIM2
SIM3
SIM4
1
21
22
SIM5
SIM1
SIM2
SIM3
SIM4
1
21
22
SIM5
SIM1
SIM2
SIM3
SIM4
1
21
22
SIM5
SIM1
SIM2
SIM3
SIM4
1
21
22
SIM5
SIM1
SIM2
SIM3
SIM4
1
21
22
SIM5
SIM1
SIM2
SIM3
SIM4
1
21
22
SIM5
SIM1
SIM2
SIM3
SIM4
1
21
22
SIM5
SIM1
SIM2
SIM3
SIM4
1
21
22
SIM5
SIM1
SIM2
SIM3
SIM4
1
21
22
SIM5
SIM1
SIM2
SIM3
SIM4
1
21
22
SIM5
SIM1
SIM2
SIM3
SIM4
1
21
22
SIM5
SIM1
SIM2
SIM3
SIM4
1
21
22
SIM5
SIM1
SIM2
SIM3
SIM4
1
21
22
SIM5
SIM1
SIM2
SIM3
SIM4
1
21
22
SIM5
SIM1
SIM2
SIM3
SIM4
1
21
22
SIM5
SIM1
SIM2
SIM3
SIM4
1
21
22
SIM5
SIM1
SIM2
SIM3
SIM4
1
21
22
SIM5
SIM1
SIM2
SIM3
SIM4
1
21
22
SIM5
SIM1
SIM2
SIM3
SIM4
1
21
22
SIM5
SIM1
SIM2
SIM3
SIM4
1
21
22
SIM5
SIM1
SIM2
SIM3
SIM4
1
21
22
SIM5
SIM1
SIM2
SIM3
SIM4
1
21
22
SIM5
SIM1
SIM2
SIM3
SIM4
1
21
22
SIM5
SIM1
SIM2
SIM3
SIM4
1
21
22
SIM5
SIM1
SIM2
SIM3
SIM4
1
21
22
SIM5
SIM1
SIM2
SIM3
SIM4
1
21
22
SIM5
SIM1
SIM2
SIM3
SIM4
1
21
22
SIM5
SIM1
SIM2
SIM3
SIM4
1
21
22
SIM5
SIM1
SIM2
SIM3
SIM4
1
21
22
SIM5
SIM1
SIM2
SIM3
SIM4
1
21
22
SIM5
SIM1
SIM2
SIM3
SIM4
1
21
22
SIM5
SIM1
SIM2
SIM3
SIM4
1
21
22
SIM5
SIM1
SIM2
SIM3
SIM4
1
21
22
SIM5
SIM1
SIM2
SIM3
SIM4
1
21
22
SIM5
SIM1
SIM2
SIM3
SIM4
1
21
22
SIM5
SIM1
SIM2
SIM3
SIM4
1
21
22
SIM5
SIM1
SIM2
SIM3
SIM4
1
21
22
SIM5
SIM1
SIM2
SIM3
SIM4
1
21
22
SIM5
SIM1
SIM2
SIM3
SIM4
1
21
22
SIM5
SIM1
SIM2
SIM3
SIM4
1
21
22
SIM5
SIM1
SIM2
SIM3
SIM4
1
21
22
SIM5
SIM1
SIM2
SIM3
SIM4
1
21
22
SIM5
SIM1
SIM2
SIM3
SIM4
1
21
22
SIM5
SIM1
SIM2
SIM3
SIM4
1
21
22
SIM5
SIM1
SIM2
SIM3
SIM4
1
21
22
SIM5
SIM1
SIM2
SIM3
SIM4
1
21
22
SIM5
SIM1
SIM2
SIM3
SIM4
1
21
22
SIM5
SIM1
SIM2
SIM3
SIM4
1
21
22
SIM5
SIM1
SIM2
SIM3
SIM4
1
21
22
SIM5
SIM1
SIM2
SIM3
SIM4
1
21
22
SIM5
SIM1
SIM2
SIM3
SIM4
1
21
22
SIM5
SIM1
SIM2
SIM3
SIM4
1
21
22
SIM5
SIM1
SIM2
SIM3
SIM4
1
21
22
SIM5
SIM1
SIM2
SIM3
SIM4
1
21
22
SIM5
SIM1
SIM2
SIM3
SIM4
1
21
22
SIM5
SIM1
SIM2
SIM3
SIM4
1
21
22
SIM5
SIM1
SIM2
SIM3
SIM4
1
21
22
SIM5
SIM1
SIM2
SIM3
SIM4
1
21
22
SIM5
SIM1
SIM2
SIM3
SIM4
1
21
22
SIM5
SIM1
SIM2
SIM3
SIM4
1
21
22
SIM5
SIM1
SIM2
SIM3
SIM4
1
21
22
SIM5
SIM1
SIM2
SIM3
SIM4
1
21
22
SIM5
SIM1
SIM2
SIM3
SIM4
1
21
22
SIM5
SIM1
SIM2
SIM3
SIM4
1
21
22
SIM5
SIM1
SIM2
SIM3
SIM4
1
21
22
SIM5
SIM1
SIM2
SIM3
SIM4
1
21
22
SIM5
SIM1
SIM2
SIM3
SIM4
1
21
22
SIM5
SIM1
SIM2
SIM3
SIM4
1
21
22
SIM5
SIM1
SIM2
SIM3
SIM4
1
21
22
SIM5
SIM1
SIM2
DEBUG 1 333
SIM1
SIM2
SIM3
SIM4
1
21
22
SIM5
SIM1
SIM2
SIM3
SIM4
1
21
22
SIM5
SIM1
SIM2
SIM3
SIM4
1
21
22
SIM5
SIM1
SIM2
SIM3
SIM4
1
21
22
SIM5
SIM1
SIM2
SIM3
SIM4
1
21
22
SIM5
SIM1
SIM2
SIM3
SIM4
1
21
22
SIM5
SIM1
SIM2
SIM3
SIM4
1
21
22
SIM5
SIM1
SIM2
SIM3
SIM4
1
21
22
SIM5
SIM1
SIM2
SIM3
SIM4
1
21
22
SIM5
SIM1
SIM2
SIM3
SIM4
1
21
22
SIM5
SIM1
SIM2
SIM3
SIM4
1
21
22
SIM5
SIM1
SIM2
SIM3
SIM4
1
21
22
SIM5
SIM1
SIM2
SIM3
SIM4
1
21
22
SIM5
SIM1
SIM2
SIM3
SIM4
1
21
22
SIM5
SIM1
SIM2
SIM3
SIM4
1
21
22
SIM5
SIM1
SIM2
SIM3
SIM4
1
21
22
SIM5
SIM1
SIM2
SIM3
SIM4
1
21
22
SIM5
SIM1
SIM2
SIM3
SIM4
1
21
22
SIM5
SIM1
SIM2
SIM3
SIM4
1
21
22
SIM5
SIM1
SIM2
SIM3
SIM4
1
21
22
SIM5
SIM1
SIM2
SIM3
SIM4
1
21
22
SIM5
SIM1
SIM2
SIM3
SIM4
1
21
22
SIM5
SIM1
SIM2
SIM3
SIM4
1
21
22
SIM5
SIM1
SIM2
SIM3
SIM4
1
21
22
SIM5
SIM1
SIM2
SIM3
SIM4
1
21
22
SIM5
SIM1
SIM2
SIM3
SIM4
1
21
22
SIM5
SIM1
SIM2
SIM3
SIM4
1
21
22
SIM5
SIM1
SIM2
SIM3
SIM4
1
21
22
SIM5
SIM1
SIM2
SIM3
SIM4
1
21
22
SIM5
SIM1
SIM2
SIM3
SIM4
1
21
22
SIM5
SIM1
SIM2
SIM3
SIM4
1
21
22
SIM5
SIM1
SIM2
SIM3
SIM4
1
21
22
SIM5
SIM1
SIM2
SIM3
SIM4
1
21
22
SIM5
SIM1
SIM2
SIM3
SIM4
1
21
22
SIM5
SIM1
SIM2
SIM3
SIM4
1
21
22
SIM5
SIM1
SIM2
SIM3
SIM4
1
21
22
SIM5
SIM1
SIM2
SIM3
SIM4
1
21
22
SIM5
SIM1
SIM2
SIM3
SIM4
1
21
22
SIM5
SIM1
SIM2
SIM3
SIM4
1
21
22
SIM5
SIM1
SIM2
SIM3
SIM4
1
21
22
SIM5
SIM1
SIM2
SIM3
SIM4
1
21
22
SIM5
SIM1
SIM2
SIM3
SIM4
1
21
22
SIM5
SIM1
SIM2
SIM3
SIM4
1
21
22
SIM5
SIM1
SIM2
SIM3
SIM4
1
21
22
SIM5
SIM1
SIM2
SIM3
SIM4
1
21
22
SIM5
SIM1
SIM2
SIM3
SIM4
1
21
22
SIM5
SIM1
SIM2
SIM3
SIM4
1
21
22
SIM5
SIM1
SIM2
SIM3
SIM4
1
21
22
SIM5
SIM1
SIM2
SIM3
SIM4
1
21
22
SIM5
SIM1
SIM2
SIM3
SIM4
1
21
22
SIM5
SIM1
SIM2
SIM3
SIM4
1
21
22
SIM5
SIM1
SIM2
SIM3
SIM4
1
21
22
SIM5
SIM1
SIM2
SIM3
SIM4
1
21
22
SIM5
SIM1
SIM2
SIM3
SIM4
1
21
22
SIM5
SIM1
SIM2
SIM3
SIM4
1
21
22
SIM5
SIM1
SIM2
SIM3
SIM4
1
21
22
SIM5
SIM1
SIM2
SIM3
SIM4
1
21
22
SIM5
SIM1
SIM2
SIM3
SIM4
1
21
22
SIM5
SIM1
SIM2
SIM3
SIM4
1
21
22
SIM5
SIM1
SIM2
SIM3
SIM4
1
21
22
SIM5
SIM1
SIM2
SIM3
SIM4
1
21
22
SIM5
SIM1
SIM2
SIM3
SIM4
1
21
22
SIM5
SIM1
SIM2
SIM3
SIM4
1
21
22
SIM5
SIM1
SIM2
SIM3
SIM4
1
21
22
SIM5
SIM1
SIM2
SIM3
SIM4
1
21
22
SIM5
SIM1
SIM2
SIM3
SIM4
1
21
22
SIM5
SIM1
SIM2
SIM3
SIM4
1
21
22
SIM5
SIM1
SIM2
SIM3
SIM4
1
21
22
SIM5
SIM1
SIM2
SIM3
SIM4
1
21
22
SIM5
SIM1
SIM2
SIM3
SIM4
1
21
22
SIM5
SIM1
SIM2
SIM3
SIM4
1
21
22
SIM5
SIM1
SIM2
SIM3
SIM4
1
21
22
SIM5
SIM1
SIM2
SIM3
SIM4
1
21
22
SIM5
SIM1
SIM2
SIM3
SIM4
1
21
22
SIM5
SIM1
SIM2
SIM3
SIM4
1
21
22
SIM5
SIM1
SIM2
SIM3
SIM4
1
21
22
SIM5
SIM1
SIM2
SIM3
SIM4
1
21
22
SIM5
SIM1
SIM2
SIM3
SIM4
1
21
22
SIM5
SIM1
SIM2
SIM3
SIM4
1
21
22
SIM5
SIM1
SIM2
SIM3
SIM4
1
21
22
SIM5
SIM1
SIM2
SIM3
SIM4
1
21
22
SIM5
SIM1
SIM2
SIM3
SIM4
1
21
22
SIM5
SIM1
SIM2
SIM3
SIM4
1
21
22
SIM5
SIM1
SIM2
SIM3
SIM4
1
21
22
SIM5
SIM1
SIM2
SIM3
SIM4
1
21
22
SIM5
SIM1
SIM2
SIM3
SIM4
1
21
22
SIM5
SIM1
SIM2
SIM3
SIM4
1
21
22
SIM5
SIM1
SIM2
SIM3
SIM4
1
21
22
SIM5
SIM1
SIM2
SIM3
SIM4
1
21
22
SIM5
SIM1
SIM2
SIM3
SIM4
1
21
22
SIM5
SIM1
SIM2
SIM3
SIM4
1
21
22
SIM5
SIM1
SIM2
SIM3
SIM4
1
21
22
SIM5
SIM1
SIM2
SIM3
SIM4
1
21
22
SIM5
SIM1
SIM2
SIM3
SIM4
1
21
22
SIM5
SIM1
SIM2
SIM3
SIM4
1
21
22
SIM5
SIM1
SIM2
SIM3
SIM4
1
21
22
SIM5
SIM1
SIM2
SIM3
SIM4
1
21
22
SIM5
SIM1
SIM2
SIM3
SIM4
1
21
22
SIM5
SIM1
SIM2
SIM3
SIM4
1
21
22
SIM5
SIM1
SIM2
SIM3
SIM4
1
21
22
SIM5
SIM1
SIM2
SIM3
SIM4
1
21
22
SIM5
SIM1
SIM2
SIM3
SIM4
1
21
22
SIM5
SIM1
SIM2
SIM3
SIM4
1
21
22
SIM5
SIM1
SIM2
SIM3
SIM4
1
21
22
SIM5
SIM1
SIM2
SIM3
SIM4
1
21
22
SIM5
SIM1
SIM2
SIM3
SIM4
1
21
22
SIM5
SIM1
SIM2
SIM3
SIM4
1
21
22
SIM5
SIM1
SIM2
SIM3
SIM4
1
21
22
SIM5
SIM1
SIM2
SIM3
SIM4
1
21
22
SIM5
SIM1
SIM2
SIM3
SIM4
1
21
22
SIM5
SIM1
SIM2
SIM3
SIM4
1
21
22
SIM5
SIM1
SIM2
SIM3
SIM4
1
21
22
SIM5
SIM1
SIM2
SIM3
SIM4
1
21
22
SIM5
SIM1
SIM2
SIM3
SIM4
1
21
22
SIM5
SIM1
SIM2
SIM3
SIM4
1
21
22
SIM5
SIM1
SIM2
SIM3
SIM4
1
21
22
SIM5
SIM1
SIM2
SIM3
SIM4
1
21
22
SIM5
SIM1
SIM2
SIM3
SIM4
1
21
22
SIM5
SIM1
SIM2
SIM3
SIM4
1
21
22
SIM5
SIM1
SIM2
SIM3
SIM4
1
21
22
SIM5
SIM1
SIM2
SIM3
SIM4
1
21
22
SIM5
SIM1
SIM2
SIM3
SIM4
1
21
22
SIM5
SIM1
SIM2
SIM3
SIM4
1
21
22
SIM5
SIM1
SIM2
SIM3
SIM4
1
21
22
SIM5
SIM1
SIM2
SIM3
SIM4
1
21
22
SIM5
SIM1
SIM2
SIM3
SIM4
1
21
22
SIM5
SIM1
SIM2
SIM3
SIM4
1
21
22
SIM5
SIM1
SIM2
SIM3
SIM4
1
21
22
SIM5
SIM1
SIM2
SIM3
SIM4
1
21
22
SIM5
SIM1
SIM2
SIM3
SIM4
1
21
22
SIM5
SIM1
SIM2
SIM3
SIM4
1
21
22
SIM5
SIM1
SIM2
SIM3
SIM4
1
21
22
SIM5
SIM1
SIM2
SIM3
SIM4
1
21
22
SIM5
SIM1
SIM2
SIM3
SIM4
1
21
22
SIM5
SIM1
SIM2
SIM3
SIM4
1
21
22
SIM5
SIM1
SIM2
SIM3
SIM4
1
21
22
SIM5
SIM1
SIM2
SIM3
SIM4
1
21
22
SIM5
SIM1
SIM2
SIM3
SIM4
1
21
22
SIM5
SIM1
SIM2
SIM3
SIM4
1
21
22
SIM5
SIM1
SIM2
SIM3
SIM4
1
21
22
SIM5
SIM1
SIM2
SIM3
SIM4
1
21
22
SIM5
SIM1
SIM2
SIM3
SIM4
1
21
22
SIM5
SIM1
SIM2
SIM3
SIM4
1
21
22
SIM5
SIM1
SIM2
SIM3
SIM4
1
21
22
SIM5
SIM1
SIM2
SIM3
SIM4
1
21
22
SIM5
SIM1
SIM2
SIM3
SIM4
1
21
22
SIM5
SIM1
SIM2
SIM3
SIM4
1
21
22
SIM5
SIM1
SIM2
SIM3
SIM4
1
21
22
SIM5
SIM1
SIM2
SIM3
SIM4
1
21
22
SIM5
SIM1
SIM2
SIM3
SIM4
1
21
22
SIM5
SIM1
SIM2
SIM3
SIM4
1
21
22
SIM5
SIM1
SIM2
SIM3
SIM4
1
21
22
SIM5
SIM1
SIM2
SIM3
SIM4
1
21
22
SIM5
SIM1
SIM2
SIM3
SIM4
1
21
22
SIM5
SIM1
SIM2
SIM3
SIM4
1
21
22
SIM5
SIM1
SIM2
SIM3
SIM4
1
21
22
SIM5
SIM1
SIM2
SIM3
SIM4
1
21
22
SIM5
SIM1
SIM2
SIM3
SIM4
1
21
22
SIM5
SIM1
SIM2
SIM3
SIM4
1
21
22
SIM5
SIM1
SIM2
SIM3
SIM4
1
21
22
SIM5
SIM1
SIM2
SIM3
SIM4
1
21
22
SIM5
SIM1
SIM2
SIM3
SIM4
1
21
22
SIM5
SIM1
SIM2
SIM3
SIM4
1
21
22
SIM5
SIM1
SIM2
SIM3
SIM4
1
21
22
SIM5
SIM1
SIM2
SIM3
SIM4
1
21
22
SIM5
SIM1
SIM2
SIM3
SIM4
1
21
22
SIM5
SIM1
SIM2
SIM3
SIM4
1
21
22
SIM5
SIM1
SIM2
SIM3
SIM4
1
21
22
SIM5
SIM1
SIM2
SIM3
SIM4
1
21
22
SIM5
SIM1
SIM2
SIM3
SIM4
1
21
22
SIM5
SIM1
SIM2
SIM3
SIM4
1
21
22
SIM5
SIM1
SIM2
SIM3
SIM4
1
21
22
SIM5
SIM1
SIM2
SIM3
SIM4
1
21
22
SIM5
SIM1
SIM2
SIM3
SIM4
1
21
22
SIM5
SIM1
SIM2
SIM3
SIM4
1
21
22
SIM5
SIM1
SIM2
SIM3
SIM4
1
21
22
SIM5
SIM1
SIM2
SIM3
SIM4
1
21
22
SIM5
SIM1
SIM2
SIM3
SIM4
1
21
22
SIM5
SIM1
SIM2
SIM3
SIM4
1
21
22
SIM5
SIM1
SIM2
SIM3
SIM4
1
21
22
SIM5
SIM1
SIM2
SIM3
SIM4
1
21
22
SIM5
SIM1
SIM2
SIM3
SIM4
1
21
22
SIM5
SIM1
SIM2
SIM3
SIM4
1
21
22
SIM5
SIM1
SIM2
SIM3
SIM4
1
21
22
SIM5
SIM1
SIM2
SIM3
SIM4
1
21
22
SIM5
SIM1
SIM2
SIM3
SIM4
1
21
22
SIM5
SIM1
SIM2
SIM3
SIM4
1
21
22
SIM5
SIM1
SIM2
SIM3
SIM4
1
21
22
SIM5
SIM1
SIM2
SIM3
SIM4
1
21
22
SIM5
SIM1
SIM2
SIM3
SIM4
1
21
22
SIM5
SIM1
SIM2
SIM3
SIM4
1
21
22
SIM5
SIM1
SIM2
SIM3
SIM4
1
21
22
SIM5
SIM1
SIM2
SIM3
SIM4
1
21
22
SIM5
SIM1
SIM2
DEBUG 1 334
SIM1
SIM2
SIM3
SIM4
1
21
22
SIM5
SIM1
SIM2
SIM3
SIM4
1
21
22
SIM5
SIM1
SIM2
SIM3
SIM4
1
21
22
SIM5
SIM1
SIM2
SIM3
SIM4
1
21
22
SIM5
SIM1
SIM2
SIM3
SIM4
1
21
22
SIM5
SIM1
SIM2
SIM3
SIM4
1
21
22
SIM5
SIM1
SIM2
SIM3
SIM4
1
21
22
SIM5
SIM1
SIM2
SIM3
SIM4
1
21
22
SIM5
SIM1
SIM2
SIM3
SIM4
1
21
22
SIM5
SIM1
SIM2
SIM3
SIM4
1
21
22
SIM5
SIM1
SIM2
SIM3
SIM4
1
21
22
SIM5
SIM1
SIM2
SIM3
SIM4
1
21
22
SIM5
SIM1
SIM2
SIM3
SIM4
1
21
22
SIM5
SIM1
SIM2
SIM3
SIM4
1
21
22
SIM5
SIM1
SIM2
SIM3
SIM4
1
21
22
SIM5
SIM1
SIM2
SIM3
SIM4
1
21
22
SIM5
SIM1
SIM2
SIM3
SIM4
1
21
22
SIM5
SIM1
SIM2
SIM3
SIM4
1
21
22
SIM5
SIM1
SIM2
SIM3
SIM4
1
21
22
SIM5
SIM1
SIM2
SIM3
SIM4
1
21
22
SIM5
SIM1
SIM2
SIM3
SIM4
1
21
22
SIM5
SIM1
SIM2
SIM3
SIM4
1
21
22
SIM5
SIM1
SIM2
SIM3
SIM4
1
21
22
SIM5
SIM1
SIM2
SIM3
SIM4
1
21
22
SIM5
SIM1
SIM2
SIM3
SIM4
1
21
22
SIM5
SIM1
SIM2
SIM3
SIM4
1
21
22
SIM5
SIM1
SIM2
SIM3
SIM4
1
21
22
SIM5
SIM1
SIM2
SIM3
SIM4
1
21
22
SIM5
SIM1
SIM2
SIM3
SIM4
1
21
22
SIM5
SIM1
SIM2
SIM3
SIM4
1
21
22
SIM5
SIM1
SIM2
SIM3
SIM4
1
21
22
SIM5
SIM1
SIM2
SIM3
SIM4
1
21
22
SIM5
SIM1
SIM2
SIM3
SIM4
1
21
22
SIM5
SIM1
SIM2
SIM3
SIM4
1
21
22
SIM5
SIM1
SIM2
SIM3
SIM4
1
21
22
SIM5
SIM1
SIM2
SIM3
SIM4
1
21
22
SIM5
SIM1
SIM2
SIM3
SIM4
1
21
22
SIM5
SIM1
SIM2
SIM3
SIM4
1
21
22
SIM5
SIM1
SIM2
SIM3
SIM4
1
21
22
SIM5
SIM1
SIM2
SIM3
SIM4
1
21
22
SIM5
SIM1
SIM2
SIM3
SIM4
1
21
22
SIM5
SIM1
SIM2
SIM3
SIM4
1
21
22
SIM5
SIM1
SIM2
SIM3
SIM4
1
21
22
SIM5
SIM1
SIM2
SIM3
SIM4
1
21
22
SIM5
SIM1
SIM2
SIM3
SIM4
1
21
22
SIM5
SIM1
SIM2
SIM3
SIM4
1
21
22
SIM5
SIM1
SIM2
SIM3
SIM4
1
21
22
SIM5
SIM1
SIM2
SIM3
SIM4
1
21
22
SIM5
SIM1
SIM2
SIM3
SIM4
1
21
22
SIM5
SIM1
SIM2
SIM3
SIM4
1
21
22
SIM5
SIM1
SIM2
SIM3
SIM4
1
21
22
SIM5
SIM1
SIM2
SIM3
SIM4
1
21
22
SIM5
SIM1
SIM2
SIM3
SIM4
1
21
22
SIM5
SIM1
SIM2
SIM3
SIM4
1
21
22
SIM5
SIM1
SIM2
SIM3
SIM4
1
21
22
SIM5
SIM1
SIM2
SIM3
SIM4
1
21
22
SIM5
SIM1
SIM2
SIM3
SIM4
1
21
22
SIM5
SIM1
SIM2
SIM3
SIM4
1
21
22
SIM5
SIM1
SIM2
SIM3
SIM4
1
21
22
SIM5
SIM1
SIM2
SIM3
SIM4
1
21
22
SIM5
SIM1
SIM2
SIM3
SIM4
1
21
22
SIM5
SIM1
SIM2
SIM3
SIM4
1
21
22
SIM5
SIM1
SIM2
SIM3
SIM4
1
21
22
SIM5
SIM1
SIM2
SIM3
SIM4
1
21
22
SIM5
SIM1
SIM2
SIM3
SIM4
1
21
22
SIM5
SIM1
SIM2
SIM3
SIM4
1
21
22
SIM5
SIM1
SIM2
SIM3
SIM4
1
21
22
SIM5
SIM1
SIM2
SIM3
SIM4
1
21
22
SIM5
SIM1
SIM2
SIM3
SIM4
1
21
22
SIM5
SIM1
SIM2
SIM3
SIM4
1
21
22
SIM5
SIM1
SIM2
SIM3
SIM4
1
21
22
SIM5
SIM1
SIM2
SIM3
SIM4
1
21
22
SIM5
SIM1
SIM2
SIM3
SIM4
1
21
22
SIM5
SIM1
SIM2
SIM3
SIM4
1
21
22
SIM5
SIM1
SIM2
SIM3
SIM4
1
21
22
SIM5
SIM1
SIM2
SIM3
SIM4
1
21
22
SIM5
SIM1
SIM2
SIM3
SIM4
1
21
22
SIM5
SIM1
SIM2
SIM3
SIM4
1
21
22
SIM5
SIM1
SIM2
SIM3
SIM4
1
21
22
SIM5
SIM1
SIM2
SIM3
SIM4
1
21
22
SIM5
SIM1
SIM2
SIM3
SIM4
1
21
22
SIM5
SIM1
SIM2
SIM3
SIM4
1
21
22
SIM5
SIM1
SIM2
SIM3
SIM4
1
21
22
SIM5
SIM1
SIM2
SIM3
SIM4
1
21
22
SIM5
SIM1
SIM2
SIM3
SIM4
1
21
22
SIM5
SIM1
SIM2
SIM3
SIM4
1
21
22
SIM5
SIM1
SIM2
SIM3
SIM4
1
21
22
SIM5
SIM1
SIM2
SIM3
SIM4
1
21
22
SIM5
SIM1
SIM2
SIM3
SIM4
1
21
22
SIM5
SIM1
SIM2
SIM3
SIM4
1
21
22
SIM5
SIM1
SIM2
SIM3
SIM4
1
21
22
SIM5
SIM1
SIM2
SIM3
SIM4
1
21
22
SIM5
SIM1
SIM2
SIM3
SIM4
1
21
22
SIM5
SIM1
SIM2
SIM3
SIM4
1
21
22
SIM5
SIM1
SIM2
SIM3
SIM4
1
21
22
SIM5
SIM1
SIM2
SIM3
SIM4
1
21
22
SIM5
SIM1
SIM2
SIM3
SIM4
1
21
22
SIM5
SIM1
SIM2
SIM3
SIM4
1
21
22
SIM5
SIM1
SIM2
SIM3
SIM4
1
21
22
SIM5
SIM1
SIM2
SIM3
SIM4
1
21
22
SIM5
SIM1
SIM2
SIM3
SIM4
1
21
22
SIM5
SIM1
SIM2
SIM3
SIM4
1
21
22
SIM5
SIM1
SIM2
SIM3
SIM4
1
21
22
SIM5
SIM1
SIM2
SIM3
SIM4
1
21
22
SIM5
SIM1
SIM2
SIM3
SIM4
1
21
22
SIM5
SIM1
SIM2
SIM3
SIM4
1
21
22
SIM5
SIM1
SIM2
SIM3
SIM4
1
21
22
SIM5
SIM1
SIM2
SIM3
SIM4
1
21
22
SIM5
SIM1
SIM2
SIM3
SIM4
1
21
22
SIM5
SIM1
SIM2
SIM3
SIM4
1
21
22
SIM5
SIM1
SIM2
SIM3
SIM4
1
21
22
SIM5
SIM1
SIM2
SIM3
SIM4
1
21
22
SIM5
SIM1
SIM2
SIM3
SIM4
1
21
22
SIM5
SIM1
SIM2
SIM3
SIM4
1
21
22
SIM5
SIM1
SIM2
SIM3
SIM4
1
21
22
SIM5
SIM1
SIM2
SIM3
SIM4
1
21
22
SIM5
SIM1
SIM2
SIM3
SIM4
1
21
22
SIM5
SIM1
SIM2
SIM3
SIM4
1
21
22
SIM5
SIM1
SIM2
SIM3
SIM4
1
21
22
SIM5
SIM1
SIM2
SIM3
SIM4
1
21
22
SIM5
SIM1
SIM2
SIM3
SIM4
1
21
22
SIM5
SIM1
SIM2
SIM3
SIM4
1
21
22
SIM5
SIM1
SIM2
SIM3
SIM4
1
21
22
SIM5
SIM1
SIM2
SIM3
SIM4
1
21
22
SIM5
SIM1
SIM2
SIM3
SIM4
1
21
22
SIM5
SIM1
SIM2
SIM3
SIM4
1
21
22
SIM5
SIM1
SIM2
SIM3
SIM4
1
21
22
SIM5
SIM1
SIM2
SIM3
SIM4
1
21
22
SIM5
SIM1
SIM2
SIM3
SIM4
1
21
22
SIM5
SIM1
SIM2
SIM3
SIM4
1
21
22
SIM5
SIM1
SIM2
SIM3
SIM4
1
21
22
SIM5
SIM1
SIM2
SIM3
SIM4
1
21
22
SIM5
SIM1
SIM2
SIM3
SIM4
1
21
22
SIM5
SIM1
SIM2
SIM3
SIM4
1
21
22
SIM5
SIM1
SIM2
SIM3
SIM4
1
21
22
SIM5
SIM1
SIM2
SIM3
SIM4
1
21
22
SIM5
SIM1
SIM2
SIM3
SIM4
1
21
22
SIM5
SIM1
SIM2
SIM3
SIM4
1
21
22
SIM5
SIM1
SIM2
SIM3
SIM4
1
21
22
SIM5
SIM1
SIM2
SIM3
SIM4
1
21
22
SIM5
SIM1
SIM2
SIM3
SIM4
1
21
22
SIM5
SIM1
SIM2
SIM3
SIM4
1
21
22
SIM5
SIM1
SIM2
SIM3
SIM4
1
21
22
SIM5
SIM1
SIM2
SIM3
SIM4
1
21
22
SIM5
SIM1
SIM2
SIM3
SIM4
1
21
22
SIM5
SIM1
SIM2
SIM3
SIM4
1
21
22
SIM5
SIM1
SIM2
SIM3
SIM4
1
21
22
SIM5
SIM1
SIM2
SIM3
SIM4
1
21
22
SIM5
SIM1
SIM2
SIM3
SIM4
1
21
22
SIM5
SIM1
SIM2
SIM3
SIM4
1
21
22
SIM5
SIM1
SIM2
SIM3
SIM4
1
21
22
SIM5
SIM1
SIM2
SIM3
SIM4
1
21
22
SIM5
SIM1
SIM2
SIM3
SIM4
1
21
22
SIM5
SIM1
SIM2
SIM3
SIM4
1
21
22
SIM5
SIM1
SIM2
SIM3
SIM4
1
21
22
SIM5
SIM1
SIM2
DEBUG 1 335
SIM1
SIM2
SIM3
SIM4
1
21
22
SIM5
SIM1
SIM2
SIM3
SIM4
1
21
22
SIM5
SIM1
SIM2
SIM3
SIM4
1
21
22
SIM5
SIM1
SIM2
SIM3
SIM4
1
21
22
SIM5
SIM1
SIM2
SIM3
SIM4
1
21
22
SIM5
SIM1
SIM2
SIM3
SIM4
1
21
22
SIM5
SIM1
SIM2
SIM3
SIM4
1
21
22
SIM5
SIM1
SIM2
SIM3
SIM4
1
21
22
SIM5
SIM1
SIM2
SIM3
SIM4
1
21
22
SIM5
SIM1
SIM2
SIM3
SIM4
1
21
22
SIM5
SIM1
SIM2
SIM3
SIM4
1
21
22
SIM5
SIM1
SIM2
SIM3
SIM4
1
21
22
SIM5
SIM1
SIM2
SIM3
SIM4
1
21
22
SIM5
SIM1
SIM2
SIM3
SIM4
1
21
22
SIM5
SIM1
SIM2
SIM3
SIM4
1
21
22
SIM5
SIM1
SIM2
SIM3
SIM4
1
21
22
SIM5
SIM1
SIM2
SIM3
SIM4
1
21
22
SIM5
SIM1
SIM2
SIM3
SIM4
1
21
22
SIM5
SIM1
SIM2
SIM3
SIM4
1
21
22
SIM5
SIM1
SIM2
SIM3
SIM4
1
21
22
SIM5
SIM1
SIM2
SIM3
SIM4
1
21
22
SIM5
SIM1
SIM2
SIM3
SIM4
1
21
22
SIM5
SIM1
SIM2
SIM3
SIM4
1
21
22
SIM5
SIM1
SIM2
SIM3
SIM4
1
21
22
SIM5
SIM1
SIM2
SIM3
SIM4
1
21
22
SIM5
SIM1
SIM2
SIM3
SIM4
1
21
22
SIM5
SIM1
SIM2
SIM3
SIM4
1
21
22
SIM5
SIM1
SIM2
SIM3
SIM4
1
21
22
SIM5
SIM1
SIM2
SIM3
SIM4
1
21
22
SIM5
SIM1
SIM2
SIM3
SIM4
1
21
22
SIM5
SIM1
SIM2
SIM3
SIM4
1
21
22
SIM5
SIM1
SIM2
SIM3
SIM4
1
21
22
SIM5
SIM1
SIM2
SIM3
SIM4
1
21
22
SIM5
SIM1
SIM2
SIM3
SIM4
1
21
22
SIM5
SIM1
SIM2
SIM3
SIM4
1
21
22
SIM5
SIM1
SIM2
SIM3
SIM4
1
21
22
SIM5
SIM1
SIM2
SIM3
SIM4
1
21
22
SIM5
SIM1
SIM2
SIM3
SIM4
1
21
22
SIM5
SIM1
SIM2
SIM3
SIM4
1
21
22
SIM5
SIM1
SIM2
SIM3
SIM4
1
21
22
SIM5
SIM1
SIM2
SIM3
SIM4
1
21
22
SIM5
SIM1
SIM2
SIM3
SIM4
1
21
22
SIM5
SIM1
SIM2
SIM3
SIM4
1
21
22
SIM5
SIM1
SIM2
SIM3
SIM4
1
21
22
SIM5
SIM1
SIM2
SIM3
SIM4
1
21
22
SIM5
SIM1
SIM2
SIM3
SIM4
1
21
22
SIM5
SIM1
SIM2
SIM3
SIM4
1
21
22
SIM5
SIM1
SIM2
SIM3
SIM4
1
21
22
SIM5
SIM1
SIM2
SIM3
SIM4
1
21
22
SIM5
SIM1
SIM2
SIM3
SIM4
1
21
22
SIM5
SIM1
SIM2
SIM3
SIM4
1
21
22
SIM5
SIM1
SIM2
SIM3
SIM4
1
21
22
SIM5
SIM1
SIM2
SIM3
SIM4
1
21
22
SIM5
SIM1
SIM2
SIM3
SIM4
1
21
22
SIM5
SIM1
SIM2
SIM3
SIM4
1
21
22
SIM5
SIM1
SIM2
SIM3
SIM4
1
21
22
SIM5
SIM1
SIM2
SIM3
SIM4
1
21
22
SIM5
SIM1
SIM2
SIM3
SIM4
1
21
22
SIM5
SIM1
SIM2
SIM3
SIM4
1
21
22
SIM5
SIM1
SIM2
SIM3
SIM4
1
21
22
SIM5
SIM1
SIM2
SIM3
SIM4
1
21
22
SIM5
SIM1
SIM2
SIM3
SIM4
1
21
22
SIM5
SIM1
SIM2
SIM3
SIM4
1
21
22
SIM5
SIM1
SIM2
SIM3
SIM4
1
21
22
SIM5
SIM1
SIM2
SIM3
SIM4
1
21
22
SIM5
SIM1
SIM2
SIM3
SIM4
1
21
22
SIM5
SIM1
SIM2
SIM3
SIM4
1
21
22
SIM5
SIM1
SIM2
SIM3
SIM4
1
21
22
SIM5
SIM1
SIM2
SIM3
SIM4
1
21
22
SIM5
SIM1
SIM2
SIM3
SIM4
1
21
22
SIM5
SIM1
SIM2
SIM3
SIM4
1
21
22
SIM5
SIM1
SIM2
SIM3
SIM4
1
21
22
SIM5
SIM1
SIM2
SIM3
SIM4
1
21
22
SIM5
SIM1
SIM2
SIM3
SIM4
1
21
22
SIM5
SIM1
SIM2
SIM3
SIM4
1
21
22
SIM5
SIM1
SIM2
SIM3
SIM4
1
21
22
SIM5
SIM1
SIM2
SIM3
SIM4
1
21
22
SIM5
SIM1
SIM2
SIM3
SIM4
1
21
22
SIM5
SIM1
SIM2
SIM3
SIM4
1
21
22
SIM5
SIM1
SIM2
SIM3
SIM4
1
21
22
SIM5
SIM1
SIM2
SIM3
SIM4
1
21
22
SIM5
SIM1
SIM2
SIM3
SIM4
1
21
22
SIM5
SIM1
SIM2
SIM3
SIM4
1
21
22
SIM5
SIM1
SIM2
SIM3
SIM4
1
21
22
SIM5
SIM1
SIM2
SIM3
SIM4
1
21
22
SIM5
SIM1
SIM2
SIM3
SIM4
1
21
22
SIM5
SIM1
SIM2
SIM3
SIM4
1
21
22
SIM5
SIM1
SIM2
SIM3
SIM4
1
21
22
SIM5
SIM1
SIM2
SIM3
SIM4
1
21
22
SIM5
SIM1
SIM2
SIM3
SIM4
1
21
22
SIM5
SIM1
SIM2
SIM3
SIM4
1
21
22
SIM5
SIM1
SIM2
SIM3
SIM4
1
21
22
SIM5
SIM1
SIM2
SIM3
SIM4
1
21
22
SIM5
SIM1
SIM2
SIM3
SIM4
1
21
22
SIM5
SIM1
SIM2
SIM3
SIM4
1
21
22
SIM5
SIM1
SIM2
SIM3
SIM4
1
21
22
SIM5
SIM1
SIM2
SIM3
SIM4
1
21
22
SIM5
SIM1
SIM2
SIM3
SIM4
1
21
22
SIM5
SIM1
SIM2
SIM3
SIM4
1
21
22
SIM5
SIM1
SIM2
SIM3
SIM4
1
21
22
SIM5
SIM1
SIM2
SIM3
SIM4
1
21
22
SIM5
SIM1
SIM2
SIM3
SIM4
1
21
22
SIM5
SIM1
SIM2
SIM3
SIM4
1
21
22
SIM5
SIM1
SIM2
SIM3
SIM4
1
21
22
SIM5
SIM1
SIM2
SIM3
SIM4
1
21
22
SIM5
SIM1
SIM2
SIM3
SIM4
1
21
22
SIM5
SIM1
SIM2
SIM3
SIM4
1
21
22
SIM5
SIM1
SIM2
SIM3
SIM4
1
21
22
SIM5
SIM1
SIM2
SIM3
SIM4
1
21
22
SIM5
SIM1
SIM2
SIM3
SIM4
1
21
22
SIM5
SIM1
SIM2
SIM3
SIM4
1
21
22
SIM5
SIM1
SIM2
SIM3
SIM4
1
21
22
SIM5
SIM1
SIM2
SIM3
SIM4
1
21
22
SIM5
SIM1
SIM2
SIM3
SIM4
1
21
22
SIM5
SIM1
SIM2
SIM3
SIM4
1
21
22
SIM5
SIM1
SIM2
SIM3
SIM4
1
21
22
SIM5
SIM1
SIM2
SIM3
SIM4
1
21
22
SIM5
SIM1
SIM2
SIM3
SIM4
1
21
22
SIM5
SIM1
SIM2
SIM3
SIM4
1
21
22
SIM5
SIM1
SIM2
SIM3
SIM4
1
21
22
SIM5
SIM1
SIM2
SIM3
SIM4
1
21
22
SIM5
SIM1
SIM2
SIM3
SIM4
1
21
22
SIM5
SIM1
SIM2
SIM3
SIM4
1
21
22
SIM5
SIM1
SIM2
SIM3
SIM4
1
21
22
SIM5
SIM1
SIM2
SIM3
SIM4
1
21
22
SIM5
SIM1
SIM2
SIM3
SIM4
1
21
22
SIM5
SIM1
SIM2
SIM3
SIM4
1
21
22
SIM5
SIM1
SIM2
SIM3
SIM4
1
21
22
SIM5
SIM1
SIM2
SIM3
SIM4
1
21
22
SIM5
SIM1
SIM2
SIM3
SIM4
1
21
22
SIM5
SIM1
SIM2
SIM3
SIM4
1
21
22
SIM5
SIM1
SIM2
SIM3
SIM4
1
21
22
SIM5
SIM1
SIM2
SIM3
SIM4
1
21
22
SIM5
SIM1
SIM2
SIM3
SIM4
1
21
22
SIM5
SIM1
SIM2
SIM3
SIM4
1
21
22
SIM5
SIM1
SIM2
SIM3
SIM4
1
21
22
SIM5
SIM1
SIM2
SIM3
SIM4
1
21
22
SIM5
SIM1
SIM2
SIM3
SIM4
1
21
22
SIM5
SIM1
SIM2
SIM3
SIM4
1
21
22
SIM5
SIM1
SIM2
SIM3
SIM4
1
21
22
SIM5
SIM1
SIM2
SIM3
SIM4
1
21
22
SIM5
SIM1
SIM2
SIM3
SIM4
1
21
22
SIM5
SIM1
SIM2
SIM3
SIM4
1
21
22
SIM5
SIM1
SIM2
SIM3
SIM4
1
21
22
SIM5
SIM1
SIM2
SIM3
SIM4
1
21
22
SIM5
SIM1
SIM2
SIM3
SIM4
1
21
22
SIM5
SIM1
SIM2
SIM3
SIM4
1
21
22
SIM5
SIM1
SIM2
SIM3
SIM4
1
21
22
SIM5
SIM1
SIM2
SIM3
SIM4
1
21
22
SIM5
SIM1
SIM2
SIM3
SIM4
1
21
22
SIM5
SIM1
SIM2
SIM3
SIM4
1
21
22
SIM5
SIM1
SIM2
SIM3
SIM4
1
21
22
SIM5
SIM1
SIM2
SIM3
SIM4
1
21
22
SIM5
SIM1
SIM2
SIM3
SIM4
1
21
22
SIM5
SIM1
SIM2
DEBUG 1 336
SIM1
SIM2
SIM3
SIM4
1
21
22
SIM5
SIM1
SIM2
SIM3
SIM4
1
21
22
SIM5
SIM1
SIM2
SIM3
SIM4
1
21
22
SIM5
SIM1
SIM2
SIM3
SIM4
1
21
22
SIM5
SIM1
SIM2
SIM3
SIM4
1
21
22
SIM5
SIM1
SIM2
SIM3
SIM4
1
21
22
SIM5
SIM1
SIM2
SIM3
SIM4
1
21
22
SIM5
SIM1
SIM2
SIM3
SIM4
1
21
22
SIM5
SIM1
SIM2
SIM3
SIM4
1
21
22
SIM5
SIM1
SIM2
SIM3
SIM4
1
21
22
SIM5
SIM1
SIM2
SIM3
SIM4
1
21
22
SIM5
SIM1
SIM2
SIM3
SIM4
1
21
22
SIM5
SIM1
SIM2
SIM3
SIM4
1
21
22
SIM5
SIM1
SIM2
SIM3
SIM4
1
21
22
SIM5
SIM1
SIM2
SIM3
SIM4
1
21
22
SIM5
SIM1
SIM2
SIM3
SIM4
1
21
22
SIM5
SIM1
SIM2
SIM3
SIM4
1
21
22
SIM5
SIM1
SIM2
SIM3
SIM4
1
21
22
SIM5
SIM1
SIM2
SIM3
SIM4
1
21
22
SIM5
SIM1
SIM2
SIM3
SIM4
1
21
22
SIM5
SIM1
SIM2
SIM3
SIM4
1
21
22
SIM5
SIM1
SIM2
SIM3
SIM4
1
21
22
SIM5
SIM1
SIM2
SIM3
SIM4
1
21
22
SIM5
SIM1
SIM2
SIM3
SIM4
1
21
22
SIM5
SIM1
SIM2
SIM3
SIM4
1
21
22
SIM5
SIM1
SIM2
SIM3
SIM4
1
21
22
SIM5
SIM1
SIM2
SIM3
SIM4
1
21
22
SIM5
SIM1
SIM2
SIM3
SIM4
1
21
22
SIM5
SIM1
SIM2
SIM3
SIM4
1
21
22
SIM5
SIM1
SIM2
SIM3
SIM4
1
21
22
SIM5
SIM1
SIM2
SIM3
SIM4
1
21
22
SIM5
SIM1
SIM2
SIM3
SIM4
1
21
22
SIM5
SIM1
SIM2
SIM3
SIM4
1
21
22
SIM5
SIM1
SIM2
SIM3
SIM4
1
21
22
SIM5
SIM1
SIM2
SIM3
SIM4
1
21
22
SIM5
SIM1
SIM2
SIM3
SIM4
1
21
22
SIM5
SIM1
SIM2
SIM3
SIM4
1
21
22
SIM5
SIM1
SIM2
SIM3
SIM4
1
21
22
SIM5
SIM1
SIM2
SIM3
SIM4
1
21
22
SIM5
SIM1
SIM2
SIM3
SIM4
1
21
22
SIM5
SIM1
SIM2
SIM3
SIM4
1
21
22
SIM5
SIM1
SIM2
SIM3
SIM4
1
21
22
SIM5
SIM1
SIM2
SIM3
SIM4
1
21
22
SIM5
SIM1
SIM2
SIM3
SIM4
1
21
22
SIM5
SIM1
SIM2
SIM3
SIM4
1
21
22
SIM5
SIM1
SIM2
SIM3
SIM4
1
21
22
SIM5
SIM1
SIM2
SIM3
SIM4
1
21
22
SIM5
SIM1
SIM2
SIM3
SIM4
1
21
22
SIM5
SIM1
SIM2
SIM3
SIM4
1
21
22
SIM5
SIM1
SIM2
SIM3
SIM4
1
21
22
SIM5
SIM1
SIM2
SIM3
SIM4
1
21
22
SIM5
SIM1
SIM2
SIM3
SIM4
1
21
22
SIM5
SIM1
SIM2
SIM3
SIM4
1
21
22
SIM5
SIM1
SIM2
SIM3
SIM4
1
21
22
SIM5
SIM1
SIM2
SIM3
SIM4
1
21
22
SIM5
SIM1
SIM2
SIM3
SIM4
1
21
22
SIM5
SIM1
SIM2
SIM3
SIM4
1
21
22
SIM5
SIM1
SIM2
SIM3
SIM4
1
21
22
SIM5
SIM1
SIM2
SIM3
SIM4
1
21
22
SIM5
SIM1
SIM2
SIM3
SIM4
1
21
22
SIM5
SIM1
SIM2
SIM3
SIM4
1
21
22
SIM5
SIM1
SIM2
SIM3
SIM4
1
21
22
SIM5
SIM1
SIM2
SIM3
SIM4
1
21
22
SIM5
SIM1
SIM2
SIM3
SIM4
1
21
22
SIM5
SIM1
SIM2
SIM3
SIM4
1
21
22
SIM5
SIM1
SIM2
SIM3
SIM4
1
21
22
SIM5
SIM1
SIM2
SIM3
SIM4
1
21
22
SIM5
SIM1
SIM2
SIM3
SIM4
1
21
22
SIM5
SIM1
SIM2
SIM3
SIM4
1
21
22
SIM5
SIM1
SIM2
SIM3
SIM4
1
21
22
SIM5
SIM1
SIM2
SIM3
SIM4
1
21
22
SIM5
SIM1
SIM2
SIM3
SIM4
1
21
22
SIM5
SIM1
SIM2
SIM3
SIM4
1
21
22
SIM5
SIM1
SIM2
SIM3
SIM4
1
21
22
SIM5
SIM1
SIM2
SIM3
SIM4
1
21
22
SIM5
SIM1
SIM2
SIM3
SIM4
1
21
22
SIM5
SIM1
SIM2
SIM3
SIM4
1
21
22
SIM5
SIM1
SIM2
SIM3
SIM4
1
21
22
SIM5
SIM1
SIM2
SIM3
SIM4
1
21
22
SIM5
SIM1
SIM2
SIM3
SIM4
1
21
22
SIM5
SIM1
SIM2
SIM3
SIM4
1
21
22
SIM5
SIM1
SIM2
SIM3
SIM4
1
21
22
SIM5
SIM1
SIM2
SIM3
SIM4
1
21
22
SIM5
SIM1
SIM2
SIM3
SIM4
1
21
22
SIM5
SIM1
SIM2
SIM3
SIM4
1
21
22
SIM5
SIM1
SIM2
SIM3
SIM4
1
21
22
SIM5
SIM1
SIM2
SIM3
SIM4
1
21
22
SIM5
SIM1
SIM2
SIM3
SIM4
1
21
22
SIM5
SIM1
SIM2
SIM3
SIM4
1
21
22
SIM5
SIM1
SIM2
SIM3
SIM4
1
21
22
SIM5
SIM1
SIM2
SIM3
SIM4
1
21
22
SIM5
SIM1
SIM2
SIM3
SIM4
1
21
22
SIM5
SIM1
SIM2
SIM3
SIM4
1
21
22
SIM5
SIM1
SIM2
SIM3
SIM4
1
21
22
SIM5
SIM1
SIM2
SIM3
SIM4
1
21
22
SIM5
SIM1
SIM2
SIM3
SIM4
1
21
22
SIM5
SIM1
SIM2
SIM3
SIM4
1
21
22
SIM5
SIM1
SIM2
SIM3
SIM4
1
21
22
SIM5
SIM1
SIM2
SIM3
SIM4
1
21
22
SIM5
SIM1
SIM2
SIM3
SIM4
1
21
22
SIM5
SIM1
SIM2
SIM3
SIM4
1
21
22
SIM5
SIM1
SIM2
SIM3
SIM4
1
21
22
SIM5
SIM1
SIM2
SIM3
SIM4
1
21
22
SIM5
SIM1
SIM2
SIM3
SIM4
1
21
22
SIM5
SIM1
SIM2
SIM3
SIM4
1
21
22
SIM5
SIM1
SIM2
SIM3
SIM4
1
21
22
SIM5
SIM1
SIM2
SIM3
SIM4
1
21
22
SIM5
SIM1
SIM2
SIM3
SIM4
1
21
22
SIM5
SIM1
SIM2
SIM3
SIM4
1
21
22
SIM5
SIM1
SIM2
SIM3
SIM4
1
21
22
SIM5
SIM1
SIM2
SIM3
SIM4
1
21
22
SIM5
SIM1
SIM2
SIM3
SIM4
1
21
22
SIM5
SIM1
SIM2
SIM3
SIM4
1
21
22
SIM5
SIM1
SIM2
SIM3
SIM4
1
21
22
SIM5
SIM1
SIM2
SIM3
SIM4
1
21
22
SIM5
SIM1
SIM2
SIM3
SIM4
1
21
22
SIM5
SIM1
SIM2
SIM3
SIM4
1
21
22
SIM5
SIM1
SIM2
SIM3
SIM4
1
21
22
SIM5
SIM1
SIM2
SIM3
SIM4
1
21
22
SIM5
SIM1
SIM2
SIM3
SIM4
1
21
22
SIM5
SIM1
SIM2
SIM3
SIM4
1
21
22
SIM5
SIM1
SIM2
SIM3
SIM4
1
21
22
SIM5
SIM1
SIM2
SIM3
SIM4
1
21
22
SIM5
SIM1
SIM2
SIM3
SIM4
1
21
22
SIM5
SIM1
SIM2
SIM3
SIM4
1
21
22
SIM5
SIM1
SIM2
SIM3
SIM4
1
21
22
SIM5
SIM1
SIM2
SIM3
SIM4
1
21
22
SIM5
SIM1
SIM2
SIM3
SIM4
1
21
22
SIM5
SIM1
SIM2
SIM3
SIM4
1
21
22
SIM5
SIM1
SIM2
SIM3
SIM4
1
21
22
SIM5
SIM1
SIM2
SIM3
SIM4
1
21
22
SIM5
SIM1
SIM2
SIM3
SIM4
1
21
22
SIM5
SIM1
SIM2
SIM3
SIM4
1
21
22
SIM5
SIM1
SIM2
SIM3
SIM4
1
21
22
SIM5
SIM1
SIM2
SIM3
SIM4
1
21
22
SIM5
SIM1
SIM2
SIM3
SIM4
1
21
22
SIM5
SIM1
SIM2
SIM3
SIM4
1
21
22
SIM5
SIM1
SIM2
SIM3
SIM4
1
21
22
SIM5
SIM1
SIM2
SIM3
SIM4
1
21
22
SIM5
SIM1
SIM2
SIM3
SIM4
1
21
22
SIM5
SIM1
SIM2
SIM3
SIM4
1
21
22
SIM5
SIM1
SIM2
SIM3
SIM4
1
21
22
SIM5
SIM1
SIM2
SIM3
SIM4
1
21
22
SIM5
SIM1
SIM2
SIM3
SIM4
1
21
22
SIM5
SIM1
SIM2
SIM3
SIM4
1
21
22
SIM5
SIM1
SIM2
SIM3
SIM4
1
21
22
SIM5
SIM1
SIM2
SIM3
SIM4
1
21
22
SIM5
SIM1
SIM2
SIM3
SIM4
1
21
22
SIM5
SIM1
SIM2
SIM3
SIM4
1
21
22
SIM5
SIM1
SIM2
SIM3
SIM4
1
21
22
SIM5
SIM1
SIM2
SIM3
SIM4
1
21
22
SIM5
SIM1
SIM2
SIM3
SIM4
1
21
22
SIM5
SIM1
SIM2
SIM3
SIM4
1
21
22
SIM5
SIM1
SIM2
SIM3
SIM4
1
21
22
SIM5
SIM1
SIM2
SIM3
SIM4
1
21
22
SIM5
SIM1
SIM2
SIM3
SIM4
1
21
22
SIM5
SIM1
SIM2
SIM3
SIM4
1
21
22
SIM5
SIM1
SIM2
SIM3
SIM4
1
21
22
SIM5
SIM1
SIM2
SIM3
SIM4
1
21
22
SIM5
SIM1
SIM2
SIM3
SIM4
1
21
22
SIM5
SIM1
SIM2
SIM3
SIM4
1
21
22
SIM5
SIM1
SIM2
SIM3
SIM4
1
21
22
SIM5
SIM1
SIM2
SIM3
SIM4
1
21
22
SIM5
SIM1
SIM2
SIM3
SIM4
1
21
22
SIM5
SIM1
SIM2
SIM3
SIM4
1
21
22
SIM5
SIM1
SIM2
SIM3
SIM4
1
21
22
SIM5
SIM1
SIM2
SIM3
SIM4
1
21
22
SIM5
SIM1
SIM2
SIM3
SIM4
1
21
22
SIM5
SIM1
SIM2
SIM3
SIM4
1
21
22
SIM5
SIM1
SIM2
SIM3
SIM4
1
21
22
SIM5
SIM1
SIM2
SIM3
SIM4
1
21
22
SIM5
SIM1
SIM2
SIM3
SIM4
1
21
22
SIM5
SIM1
SIM2
SIM3
SIM4
1
21
22
SIM5
SIM1
SIM2
SIM3
SIM4
1
21
22
SIM5
SIM1
SIM2
DEBUG 1 337
SIM1
SIM2
SIM3
SIM4
1
21
22
SIM5
SIM1
SIM2
SIM3
SIM4
1
21
22
SIM5
SIM1
SIM2
SIM3
SIM4
1
21
22
SIM5
SIM1
SIM2
SIM3
SIM4
1
21
22
SIM5
SIM1
SIM2
SIM3
SIM4
1
21
22
SIM5
SIM1
SIM2
SIM3
SIM4
1
21
22
SIM5
SIM1
SIM2
SIM3
SIM4
1
21
22
SIM5
SIM1
SIM2
SIM3
SIM4
1
21
22
SIM5
SIM1
SIM2
SIM3
SIM4
1
21
22
SIM5
SIM1
SIM2
SIM3
SIM4
1
21
22
SIM5
SIM1
SIM2
SIM3
SIM4
1
21
22
SIM5
SIM1
SIM2
SIM3
SIM4
1
21
22
SIM5
SIM1
SIM2
SIM3
SIM4
1
21
22
SIM5
SIM1
SIM2
SIM3
SIM4
1
21
22
SIM5
SIM1
SIM2
SIM3
SIM4
1
21
22
SIM5
SIM1
SIM2
SIM3
SIM4
1
21
22
SIM5
SIM1
SIM2
SIM3
SIM4
1
21
22
SIM5
SIM1
SIM2
SIM3
SIM4
1
21
22
SIM5
SIM1
SIM2
SIM3
SIM4
1
21
22
SIM5
SIM1
SIM2
SIM3
SIM4
1
21
22
SIM5
SIM1
SIM2
SIM3
SIM4
1
21
22
SIM5
SIM1
SIM2
SIM3
SIM4
1
21
22
SIM5
SIM1
SIM2
SIM3
SIM4
1
21
22
SIM5
SIM1
SIM2
SIM3
SIM4
1
21
22
SIM5
SIM1
SIM2
SIM3
SIM4
1
21
22
SIM5
SIM1
SIM2
SIM3
SIM4
1
21
22
SIM5
SIM1
SIM2
SIM3
SIM4
1
21
22
SIM5
SIM1
SIM2
SIM3
SIM4
1
21
22
SIM5
SIM1
SIM2
SIM3
SIM4
1
21
22
SIM5
SIM1
SIM2
SIM3
SIM4
1
21
22
SIM5
SIM1
SIM2
SIM3
SIM4
1
21
22
SIM5
SIM1
SIM2
SIM3
SIM4
1
21
22
SIM5
SIM1
SIM2
SIM3
SIM4
1
21
22
SIM5
SIM1
SIM2
SIM3
SIM4
1
21
22
SIM5
SIM1
SIM2
SIM3
SIM4
1
21
22
SIM5
SIM1
SIM2
SIM3
SIM4
1
21
22
SIM5
SIM1
SIM2
SIM3
SIM4
1
21
22
SIM5
SIM1
SIM2
SIM3
SIM4
1
21
22
SIM5
SIM1
SIM2
SIM3
SIM4
1
21
22
SIM5
SIM1
SIM2
SIM3
SIM4
1
21
22
SIM5
SIM1
SIM2
SIM3
SIM4
1
21
22
SIM5
SIM1
SIM2
SIM3
SIM4
1
21
22
SIM5
SIM1
SIM2
SIM3
SIM4
1
21
22
SIM5
SIM1
SIM2
SIM3
SIM4
1
21
22
SIM5
SIM1
SIM2
SIM3
SIM4
1
21
22
SIM5
SIM1
SIM2
SIM3
SIM4
1
21
22
SIM5
SIM1
SIM2
SIM3
SIM4
1
21
22
SIM5
SIM1
SIM2
SIM3
SIM4
1
21
22
SIM5
SIM1
SIM2
SIM3
SIM4
1
21
22
SIM5
SIM1
SIM2
SIM3
SIM4
1
21
22
SIM5
SIM1
SIM2
SIM3
SIM4
1
21
22
SIM5
SIM1
SIM2
SIM3
SIM4
1
21
22
SIM5
SIM1
SIM2
SIM3
SIM4
1
21
22
SIM5
SIM1
SIM2
SIM3
SIM4
1
21
22
SIM5
SIM1
SIM2
SIM3
SIM4
1
21
22
SIM5
SIM1
SIM2
SIM3
SIM4
1
21
22
SIM5
SIM1
SIM2
SIM3
SIM4
1
21
22
SIM5
SIM1
SIM2
SIM3
SIM4
1
21
22
SIM5
SIM1
SIM2
SIM3
SIM4
1
21
22
SIM5
SIM1
SIM2
SIM3
SIM4
1
21
22
SIM5
SIM1
SIM2
SIM3
SIM4
1
21
22
SIM5
SIM1
SIM2
SIM3
SIM4
1
21
22
SIM5
SIM1
SIM2
SIM3
SIM4
1
21
22
SIM5
SIM1
SIM2
SIM3
SIM4
1
21
22
SIM5
SIM1
SIM2
SIM3
SIM4
1
21
22
SIM5
SIM1
SIM2
SIM3
SIM4
1
21
22
SIM5
SIM1
SIM2
SIM3
SIM4
1
21
22
SIM5
SIM1
SIM2
SIM3
SIM4
1
21
22
SIM5
SIM1
SIM2
SIM3
SIM4
1
21
22
SIM5
SIM1
SIM2
SIM3
SIM4
1
21
22
SIM5
SIM1
SIM2
SIM3
SIM4
1
21
22
SIM5
SIM1
SIM2
SIM3
SIM4
1
21
22
SIM5
SIM1
SIM2
SIM3
SIM4
1
21
22
SIM5
SIM1
SIM2
SIM3
SIM4
1
21
22
SIM5
SIM1
SIM2
SIM3
SIM4
1
21
22
SIM5
SIM1
SIM2
SIM3
SIM4
1
21
22
SIM5
SIM1
SIM2
SIM3
SIM4
1
21
22
SIM5
SIM1
SIM2
SIM3
SIM4
1
21
22
SIM5
SIM1
SIM2
SIM3
SIM4
1
21
22
SIM5
SIM1
SIM2
SIM3
SIM4
1
21
22
SIM5
SIM1
SIM2
SIM3
SIM4
1
21
22
SIM5
SIM1
SIM2
SIM3
SIM4
1
21
22
SIM5
SIM1
SIM2
SIM3
SIM4
1
21
22
SIM5
SIM1
SIM2
SIM3
SIM4
1
21
22
SIM5
SIM1
SIM2
SIM3
SIM4
1
21
22
SIM5
SIM1
SIM2
SIM3
SIM4
1
21
22
SIM5
SIM1
SIM2
SIM3
SIM4
1
21
22
SIM5
SIM1
SIM2
SIM3
SIM4
1
21
22
SIM5
SIM1
SIM2
SIM3
SIM4
1
21
22
SIM5
SIM1
SIM2
SIM3
SIM4
1
21
22
SIM5
SIM1
SIM2
SIM3
SIM4
1
21
22
SIM5
SIM1
SIM2
SIM3
SIM4
1
21
22
SIM5
SIM1
SIM2
SIM3
SIM4
1
21
22
SIM5
SIM1
SIM2
SIM3
SIM4
1
21
22
SIM5
SIM1
SIM2
SIM3
SIM4
1
21
22
SIM5
SIM1
SIM2
SIM3
SIM4
1
21
22
SIM5
SIM1
SIM2
SIM3
SIM4
1
21
22
SIM5
SIM1
SIM2
SIM3
SIM4
1
21
22
SIM5
SIM1
SIM2
SIM3
SIM4
1
21
22
SIM5
SIM1
SIM2
SIM3
SIM4
1
21
22
SIM5
SIM1
SIM2
SIM3
SIM4
1
21
22
SIM5
SIM1
SIM2
SIM3
SIM4
1
21
22
SIM5
SIM1
SIM2
SIM3
SIM4
1
21
22
SIM5
SIM1
SIM2
SIM3
SIM4
1
21
22
SIM5
SIM1
SIM2
SIM3
SIM4
1
21
22
SIM5
SIM1
SIM2
SIM3
SIM4
1
21
22
SIM5
SIM1
SIM2
SIM3
SIM4
1
21
22
SIM5
SIM1
SIM2
SIM3
SIM4
1
21
22
SIM5
SIM1
SIM2
SIM3
SIM4
1
21
22
SIM5
SIM1
SIM2
SIM3
SIM4
1
21
22
SIM5
SIM1
SIM2
SIM3
SIM4
1
21
22
SIM5
SIM1
SIM2
SIM3
SIM4
1
21
22
SIM5
SIM1
SIM2
SIM3
SIM4
1
21
22
SIM5
SIM1
SIM2
SIM3
SIM4
1
21
22
SIM5
SIM1
SIM2
SIM3
SIM4
1
21
22
SIM5
SIM1
SIM2
SIM3
SIM4
1
21
22
SIM5
SIM1
SIM2
SIM3
SIM4
1
21
22
SIM5
SIM1
SIM2
SIM3
SIM4
1
21
22
SIM5
SIM1
SIM2
SIM3
SIM4
1
21
22
SIM5
SIM1
SIM2
SIM3
SIM4
1
21
22
SIM5
SIM1
SIM2
SIM3
SIM4
1
21
22
SIM5
SIM1
SIM2
SIM3
SIM4
1
21
22
SIM5
SIM1
SIM2
SIM3
SIM4
1
21
22
SIM5
SIM1
SIM2
SIM3
SIM4
1
21
22
SIM5
SIM1
SIM2
SIM3
SIM4
1
21
22
SIM5
SIM1
SIM2
SIM3
SIM4
1
21
22
SIM5
SIM1
SIM2
SIM3
SIM4
1
21
22
SIM5
SIM1
SIM2
SIM3
SIM4
1
21
22
SIM5
SIM1
SIM2
SIM3
SIM4
1
21
22
SIM5
SIM1
SIM2
SIM3
SIM4
1
21
22
SIM5
SIM1
SIM2
SIM3
SIM4
1
21
22
SIM5
SIM1
SIM2
SIM3
SIM4
1
21
22
SIM5
SIM1
SIM2
SIM3
SIM4
1
21
22
SIM5
SIM1
SIM2
SIM3
SIM4
1
21
22
SIM5
SIM1
SIM2
SIM3
SIM4
1
21
22
SIM5
SIM1
SIM2
SIM3
SIM4
1
21
22
SIM5
SIM1
SIM2
SIM3
SIM4
1
21
22
SIM5
SIM1
SIM2
SIM3
SIM4
1
21
22
SIM5
SIM1
SIM2
SIM3
SIM4
1
21
22
SIM5
SIM1
SIM2
SIM3
SIM4
1
21
22
SIM5
SIM1
SIM2
DEBUG 1 338
SIM1
SIM2
SIM3
SIM4
1
21
22
SIM5
SIM1
SIM2
SIM3
SIM4
1
21
22
SIM5
SIM1
SIM2
SIM3
SIM4
1
21
22
SIM5
SIM1
SIM2
SIM3
SIM4
1
21
22
SIM5
SIM1
SIM2
SIM3
SIM4
1
21
22
SIM5
SIM1
SIM2
SIM3
SIM4
1
21
22
SIM5
SIM1
SIM2
SIM3
SIM4
1
21
22
SIM5
SIM1
SIM2
SIM3
SIM4
1
21
22
SIM5
SIM1
SIM2
SIM3
SIM4
1
21
22
SIM5
SIM1
SIM2
SIM3
SIM4
1
21
22
SIM5
SIM1
SIM2
SIM3
SIM4
1
21
22
SIM5
SIM1
SIM2
SIM3
SIM4
1
21
22
SIM5
SIM1
SIM2
SIM3
SIM4
1
21
22
SIM5
SIM1
SIM2
SIM3
SIM4
1
21
22
SIM5
SIM1
SIM2
SIM3
SIM4
1
21
22
SIM5
SIM1
SIM2
SIM3
SIM4
1
21
22
SIM5
SIM1
SIM2
SIM3
SIM4
1
21
22
SIM5
SIM1
SIM2
SIM3
SIM4
1
21
22
SIM5
SIM1
SIM2
SIM3
SIM4
1
21
22
SIM5
SIM1
SIM2
SIM3
SIM4
1
21
22
SIM5
SIM1
SIM2
SIM3
SIM4
1
21
22
SIM5
SIM1
SIM2
SIM3
SIM4
1
21
22
SIM5
SIM1
SIM2
SIM3
SIM4
1
21
22
SIM5
SIM1
SIM2
SIM3
SIM4
1
21
22
SIM5
SIM1
SIM2
SIM3
SIM4
1
21
22
SIM5
SIM1
SIM2
SIM3
SIM4
1
21
22
SIM5
SIM1
SIM2
SIM3
SIM4
1
21
22
SIM5
SIM1
SIM2
SIM3
SIM4
1
21
22
SIM5
SIM1
SIM2
SIM3
SIM4
1
21
22
SIM5
SIM1
SIM2
SIM3
SIM4
1
21
22
SIM5
SIM1
SIM2
SIM3
SIM4
1
21
22
SIM5
SIM1
SIM2
SIM3
SIM4
1
21
22
SIM5
SIM1
SIM2
SIM3
SIM4
1
21
22
SIM5
SIM1
SIM2
SIM3
SIM4
1
21
22
SIM5
SIM1
SIM2
SIM3
SIM4
1
21
22
SIM5
SIM1
SIM2
SIM3
SIM4
1
21
22
SIM5
SIM1
SIM2
SIM3
SIM4
1
21
22
SIM5
SIM1
SIM2
SIM3
SIM4
1
21
22
SIM5
SIM1
SIM2
SIM3
SIM4
1
21
22
SIM5
SIM1
SIM2
SIM3
SIM4
1
21
22
SIM5
SIM1
SIM2
SIM3
SIM4
1
21
22
SIM5
SIM1
SIM2
SIM3
SIM4
1
21
22
SIM5
SIM1
SIM2
SIM3
SIM4
1
21
22
SIM5
SIM1
SIM2
SIM3
SIM4
1
21
22
SIM5
SIM1
SIM2
SIM3
SIM4
1
21
22
SIM5
SIM1
SIM2
SIM3
SIM4
1
21
22
SIM5
SIM1
SIM2
SIM3
SIM4
1
21
22
SIM5
SIM1
SIM2
SIM3
SIM4
1
21
22
SIM5
SIM1
SIM2
SIM3
SIM4
1
21
22
SIM5
SIM1
SIM2
SIM3
SIM4
1
21
22
SIM5
SIM1
SIM2
SIM3
SIM4
1
21
22
SIM5
SIM1
SIM2
SIM3
SIM4
1
21
22
SIM5
SIM1
SIM2
SIM3
SIM4
1
21
22
SIM5
SIM1
SIM2
SIM3
SIM4
1
21
22
SIM5
SIM1
SIM2
SIM3
SIM4
1
21
22
SIM5
SIM1
SIM2
SIM3
SIM4
1
21
22
SIM5
SIM1
SIM2
SIM3
SIM4
1
21
22
SIM5
SIM1
SIM2
SIM3
SIM4
1
21
22
SIM5
SIM1
SIM2
SIM3
SIM4
1
21
22
SIM5
SIM1
SIM2
SIM3
SIM4
1
21
22
SIM5
SIM1
SIM2
SIM3
SIM4
1
21
22
SIM5
SIM1
SIM2
SIM3
SIM4
1
21
22
SIM5
SIM1
SIM2
SIM3
SIM4
1
21
22
SIM5
SIM1
SIM2
SIM3
SIM4
1
21
22
SIM5
SIM1
SIM2
SIM3
SIM4
1
21
22
SIM5
SIM1
SIM2
SIM3
SIM4
1
21
22
SIM5
SIM1
SIM2
SIM3
SIM4
1
21
22
SIM5
SIM1
SIM2
SIM3
SIM4
1
21
22
SIM5
SIM1
SIM2
SIM3
SIM4
1
21
22
SIM5
SIM1
SIM2
SIM3
SIM4
1
21
22
SIM5
SIM1
SIM2
SIM3
SIM4
1
21
22
SIM5
SIM1
SIM2
SIM3
SIM4
1
21
22
SIM5
SIM1
SIM2
SIM3
SIM4
1
21
22
SIM5
SIM1
SIM2
SIM3
SIM4
1
21
22
SIM5
SIM1
SIM2
SIM3
SIM4
1
21
22
SIM5
SIM1
SIM2
SIM3
SIM4
1
21
22
SIM5
SIM1
SIM2
SIM3
SIM4
1
21
22
SIM5
SIM1
SIM2
SIM3
SIM4
1
21
22
SIM5
SIM1
SIM2
SIM3
SIM4
1
21
22
SIM5
SIM1
SIM2
SIM3
SIM4
1
21
22
SIM5
SIM1
SIM2
SIM3
SIM4
1
21
22
SIM5
SIM1
SIM2
SIM3
SIM4
1
21
22
SIM5
SIM1
SIM2
SIM3
SIM4
1
21
22
SIM5
SIM1
SIM2
SIM3
SIM4
1
21
22
SIM5
SIM1
SIM2
SIM3
SIM4
1
21
22
SIM5
SIM1
SIM2
SIM3
SIM4
1
21
22
SIM5
SIM1
SIM2
SIM3
SIM4
1
21
22
SIM5
SIM1
SIM2
SIM3
SIM4
1
21
22
SIM5
SIM1
SIM2
SIM3
SIM4
1
21
22
SIM5
SIM1
SIM2
SIM3
SIM4
1
21
22
SIM5
SIM1
SIM2
SIM3
SIM4
1
21
22
SIM5
SIM1
SIM2
SIM3
SIM4
1
21
22
SIM5
SIM1
SIM2
SIM3
SIM4
1
21
22
SIM5
SIM1
SIM2
SIM3
SIM4
1
21
22
SIM5
SIM1
SIM2
SIM3
SIM4
1
21
22
SIM5
SIM1
SIM2
SIM3
SIM4
1
21
22
SIM5
SIM1
SIM2
SIM3
SIM4
1
21
22
SIM5
SIM1
SIM2
SIM3
SIM4
1
21
22
SIM5
SIM1
SIM2
SIM3
SIM4
1
21
22
SIM5
SIM1
SIM2
SIM3
SIM4
1
21
22
SIM5
SIM1
SIM2
SIM3
SIM4
1
21
22
SIM5
SIM1
SIM2
SIM3
SIM4
1
21
22
SIM5
SIM1
SIM2
SIM3
SIM4
1
21
22
SIM5
SIM1
SIM2
SIM3
SIM4
1
21
22
SIM5
SIM1
SIM2
SIM3
SIM4
1
21
22
SIM5
SIM1
SIM2
SIM3
SIM4
1
21
22
SIM5
SIM1
SIM2
SIM3
SIM4
1
21
22
SIM5
SIM1
SIM2
SIM3
SIM4
1
21
22
SIM5
SIM1
SIM2
SIM3
SIM4
1
21
22
SIM5
SIM1
SIM2
SIM3
SIM4
1
21
22
SIM5
SIM1
SIM2
SIM3
SIM4
1
21
22
SIM5
SIM1
SIM2
SIM3
SIM4
1
21
22
SIM5
SIM1
SIM2
SIM3
SIM4
1
21
22
SIM5
SIM1
SIM2
SIM3
SIM4
1
21
22
SIM5
SIM1
SIM2
SIM3
SIM4
1
21
22
SIM5
SIM1
SIM2
SIM3
SIM4
1
21
22
SIM5
SIM1
SIM2
SIM3
SIM4
1
21
22
SIM5
SIM1
SIM2
SIM3
SIM4
1
21
22
SIM5
SIM1
SIM2
SIM3
SIM4
1
21
22
SIM5
SIM1
SIM2
SIM3
SIM4
1
21
22
SIM5
SIM1
SIM2
SIM3
SIM4
1
21
22
SIM5
SIM1
SIM2
SIM3
SIM4
1
21
22
SIM5
SIM1
SIM2
SIM3
SIM4
1
21
22
SIM5
SIM1
SIM2
SIM3
SIM4
1
21
22
SIM5
SIM1
SIM2
SIM3
SIM4
1
21
22
SIM5
SIM1
SIM2
SIM3
SIM4
1
21
22
SIM5
SIM1
SIM2
SIM3
SIM4
1
21
22
SIM5
SIM1
SIM2
SIM3
SIM4
1
21
22
SIM5
SIM1
SIM2
SIM3
SIM4
1
21
22
SIM5
SIM1
SIM2
SIM3
SIM4
1
21
22
SIM5
SIM1
SIM2
SIM3
SIM4
1
21
22
SIM5
SIM1
SIM2
SIM3
SIM4
1
21
22
SIM5
SIM1
SIM2
SIM3
SIM4
1
21
22
SIM5
SIM1
SIM2
SIM3
SIM4
1
21
22
SIM5
SIM1
SIM2
SIM3
SIM4
1
21
22
SIM5
SIM1
SIM2
SIM3
SIM4
1
21
22
SIM5
SIM1
SIM2
SIM3
SIM4
1
21
22
SIM5
SIM1
SIM2
SIM3
SIM4
1
21
22
SIM5
SIM1
SIM2
SIM3
SIM4
1
21
22
SIM5
SIM1
SIM2
SIM3
SIM4
1
21
22
SIM5
SIM1
SIM2
SIM3
SIM4
1
21
22
SIM5
SIM1
SIM2
SIM3
SIM4
1
21
22
SIM5
SIM1
SIM2
SIM3
SIM4
1
21
22
SIM5
SIM1
SIM2
SIM3
SIM4
1
21
22
SIM5
SIM1
SIM2
SIM3
SIM4
1
21
22
SIM5
SIM1
SIM2
SIM3
SIM4
1
21
22
SIM5
SIM1
SIM2
SIM3
SIM4
1
21
22
SIM5
SIM1
SIM2
SIM3
SIM4
1
21
22
SIM5
SIM1
SIM2
SIM3
SIM4
1
21
22
SIM5
SIM1
SIM2
SIM3
SIM4
1
21
22
SIM5
SIM1
SIM2
SIM3
SIM4
1
21
22
SIM5
SIM1
SIM2
SIM3
SIM4
1
21
22
SIM5
SIM1
SIM2
SIM3
SIM4
1
21
22
SIM5
SIM1
SIM2
SIM3
SIM4
1
21
22
SIM5
SIM1
SIM2
SIM3
SIM4
1
21
22
SIM5
SIM1
SIM2
SIM3
SIM4
1
21
22
SIM5
SIM1
SIM2
SIM3
SIM4
1
21
22
SIM5
SIM1
SIM2
SIM3
SIM4
1
21
22
SIM5
SIM1
SIM2
SIM3
SIM4
1
21
22
SIM5
SIM1
SIM2
SIM3
SIM4
1
21
22
SIM5
SIM1
SIM2
SIM3
SIM4
1
21
22
SIM5
SIM1
SIM2
SIM3
SIM4
1
21
22
SIM5
SIM1
SIM2
SIM3
SIM4
1
21
22
SIM5
SIM1
SIM2
SIM3
SIM4
1
21
22
SIM5
SIM1
SIM2
SIM3
SIM4
1
21
22
SIM5
SIM1
SIM2
SIM3
SIM4
1
21
22
SIM5
SIM1
SIM2
SIM3
SIM4
1
21
22
SIM5
SIM1
SIM2
SIM3
SIM4
1
21
22
SIM5
SIM1
SIM2
SIM3
SIM4
1
21
22
SIM5
SIM1
SIM2
SIM3
SIM4
1
21
22
SIM5
SIM1
SIM2
SIM3
SIM4
1
21
22
SIM5
SIM1
SIM2
SIM3
SIM4
1
21
22
SIM5
SIM1
SIM2
SIM3
SIM4
1
21
22
SIM5
SIM1
SIM2
SIM3
SIM4
1
21
22
SIM5
SIM1
SIM2
SIM3
SIM4
1
21
22
SIM5
SIM1
SIM2
SIM3
SIM4
1
21
22
SIM5
SIM1
SIM2
SIM3
SIM4
1
21
22
SIM5
SIM1
SIM2
SIM3
SIM4
1
21
22
SIM5
SIM1
SIM2
SIM3
SIM4
1
21
22
SIM5
SIM1
SIM2
SIM3
SIM4
1
21
22
SIM5
SIM1
SIM2
SIM3
SIM4
1
21
22
SIM5
SIM1
SIM2
SIM3
SIM4
1
21
22
SIM5
SIM1
SIM2
SIM3
SIM4
1
21
22
SIM5
SIM1
SIM2
SIM3
SIM4
1
21
22
SIM5
SIM1
SIM2
SIM3
SIM4
1
21
22
SIM5
SIM1
SIM2
SIM3
SIM4
1
21
22
SIM5
SIM1
SIM2
SIM3
SIM4
1
21
22
SIM5
SIM1
SIM2
SIM3
SIM4
1
21
22
SIM5
SIM1
SIM2
SIM3
SIM4
1
21
22
SIM5
SIM1
SIM2
SIM3
SIM4
1
21
22
SIM5
SIM1
SIM2
SIM3
SIM4
1
21
22
SIM5
SIM1
SIM2
SIM3
SIM4
1
21
22
SIM5
SIM1
SIM2
SIM3
SIM4
1
21
22
SIM5
SIM1
SIM2
SIM3
SIM4
1
21
22
SIM5
SIM1
SIM2
SIM3
SIM4
1
21
22
SIM5
SIM1
SIM2
SIM3
SIM4
1
21
22
SIM5
SIM1
SIM2
SIM3
SIM4
1
21
22
SIM5
SIM1
SIM2
SIM3
SIM4
1
21
22
SIM5
SIM1
SIM2
SIM3
SIM4
1
21
22
SIM5
SIM1
SIM2
SIM3
SIM4
1
21
22
SIM5
SIM1
SIM2
SIM3
SIM4
1
21
22
SIM5
SIM1
SIM2
SIM3
SIM4
1
21
22
SIM5
SIM1
SIM2
SIM3
SIM4
1
21
22
SIM5
SIM1
SIM2
SIM3
SIM4
1
21
22
SIM5
SIM1
SIM2
SIM3
SIM4
1
21
22
SIM5
SIM1
SIM2
SIM3
SIM4
1
21
22
SIM5
SIM1
SIM2
SIM3
SIM4
1
21
22
SIM5
SIM1
SIM2
SIM3
SIM4
1
21
22
SIM5
SIM1
SIM2
SIM3
SIM4
1
21
22
SIM5
SIM1
SIM2
SIM3
SIM4
1
21
22
SIM5
SIM1
SIM2
SIM3
SIM4
1
21
22
SIM5
SIM1
SIM2
SIM3
SIM4
1
21
22
SIM5
SIM1
SIM2
SIM3
SIM4
1
21
22
SIM5
SIM1
SIM2
SIM3
SIM4
1
21
22
SIM5
SIM1
SIM2
SIM3
SIM4
1
21
22
SIM5
SIM1
SIM2
SIM3
SIM4
1
21
22
SIM5
SIM1
SIM2
SIM3
SIM4
1
21
22
SIM5
SIM1
SIM2
SIM3
SIM4
1
21
22
SIM5
SIM1
SIM2
SIM3
SIM4
1
21
22
SIM5
SIM1
SIM2
SIM3
SIM4
1
21
22
SIM5
SIM1
SIM2
SIM3
SIM4
1
21
22
SIM5
SIM1
SIM2
SIM3
SIM4
1
21
22
SIM5
SIM1
SIM2
SIM3
SIM4
1
21
22
SIM5
SIM1
SIM2
SIM3
SIM4
1
21
22
SIM5
SIM1
SIM2
SIM3
SIM4
1
21
22
SIM5
SIM1
SIM2
SIM3
SIM4
1
21
22
SIM5
SIM1
SIM2
SIM3
SIM4
1
21
22
SIM5
SIM1
SIM2
SIM3
SIM4
1
21
22
SIM5
SIM1
SIM2
SIM3
SIM4
1
21
22
SIM5
SIM1
SIM2
SIM3
SIM4
1
21
22
SIM5
SIM1
SIM2
SIM3
SIM4
1
21
22
SIM5
SIM1
SIM2
SIM3
SIM4
1
21
22
SIM5
SIM1
SIM2
SIM3
SIM4
1
21
22
SIM5
SIM1
SIM2
DEBUG 1 339
SIM1
SIM2
SIM3
SIM4
1
21
22
SIM5
SIM1
SIM2
SIM3
SIM4
1
21
22
SIM5
SIM1
SIM2
SIM3
SIM4
1
21
22
SIM5
SIM1
SIM2
SIM3
SIM4
1
21
22
SIM5
SIM1
SIM2
SIM3
SIM4
1
21
22
SIM5
SIM1
SIM2
SIM3
SIM4
1
21
22
SIM5
SIM1
SIM2
SIM3
SIM4
1
21
22
SIM5
SIM1
SIM2
SIM3
SIM4
1
21
22
SIM5
SIM1
SIM2
SIM3
SIM4
1
21
22
SIM5
SIM1
SIM2
SIM3
SIM4
1
21
22
SIM5
SIM1
SIM2
SIM3
SIM4
1
21
22
SIM5
SIM1
SIM2
SIM3
SIM4
1
21
22
SIM5
SIM1
SIM2
SIM3
SIM4
1
21
22
SIM5
SIM1
SIM2
SIM3
SIM4
1
21
22
SIM5
SIM1
SIM2
SIM3
SIM4
1
21
22
SIM5
SIM1
SIM2
SIM3
SIM4
1
21
22
SIM5
SIM1
SIM2
SIM3
SIM4
1
21
22
SIM5
SIM1
SIM2
SIM3
SIM4
1
21
22
SIM5
SIM1
SIM2
SIM3
SIM4
1
21
22
SIM5
SIM1
SIM2
SIM3
SIM4
1
21
22
SIM5
SIM1
SIM2
SIM3
SIM4
1
21
22
SIM5
SIM1
SIM2
SIM3
SIM4
1
21
22
SIM5
SIM1
SIM2
SIM3
SIM4
1
21
22
SIM5
SIM1
SIM2
SIM3
SIM4
1
21
22
SIM5
SIM1
SIM2
SIM3
SIM4
1
21
22
SIM5
SIM1
SIM2
SIM3
SIM4
1
21
22
SIM5
SIM1
SIM2
SIM3
SIM4
1
21
22
SIM5
SIM1
SIM2
SIM3
SIM4
1
21
22
SIM5
SIM1
SIM2
SIM3
SIM4
1
21
22
SIM5
SIM1
SIM2
SIM3
SIM4
1
21
22
SIM5
SIM1
SIM2
SIM3
SIM4
1
21
22
SIM5
SIM1
SIM2
SIM3
SIM4
1
21
22
SIM5
SIM1
SIM2
SIM3
SIM4
1
21
22
SIM5
SIM1
SIM2
SIM3
SIM4
1
21
22
SIM5
SIM1
SIM2
SIM3
SIM4
1
21
22
SIM5
SIM1
SIM2
SIM3
SIM4
1
21
22
SIM5
SIM1
SIM2
SIM3
SIM4
1
21
22
SIM5
SIM1
SIM2
SIM3
SIM4
1
21
22
SIM5
SIM1
SIM2
SIM3
SIM4
1
21
22
SIM5
SIM1
SIM2
SIM3
SIM4
1
21
22
SIM5
SIM1
SIM2
SIM3
SIM4
1
21
22
SIM5
SIM1
SIM2
SIM3
SIM4
1
21
22
SIM5
SIM1
SIM2
SIM3
SIM4
1
21
22
SIM5
SIM1
SIM2
SIM3
SIM4
1
21
22
SIM5
SIM1
SIM2
SIM3
SIM4
1
21
22
SIM5
SIM1
SIM2
SIM3
SIM4
1
21
22
SIM5
SIM1
SIM2
SIM3
SIM4
1
21
22
SIM5
SIM1
SIM2
SIM3
SIM4
1
21
22
SIM5
SIM1
SIM2
SIM3
SIM4
1
21
22
SIM5
SIM1
SIM2
SIM3
SIM4
1
21
22
SIM5
SIM1
SIM2
SIM3
SIM4
1
21
22
SIM5
SIM1
SIM2
SIM3
SIM4
1
21
22
SIM5
SIM1
SIM2
SIM3
SIM4
1
21
22
SIM5
SIM1
SIM2
SIM3
SIM4
1
21
22
SIM5
SIM1
SIM2
SIM3
SIM4
1
21
22
SIM5
SIM1
SIM2
SIM3
SIM4
1
21
22
SIM5
SIM1
SIM2
SIM3
SIM4
1
21
22
SIM5
SIM1
SIM2
SIM3
SIM4
1
21
22
SIM5
SIM1
SIM2
SIM3
SIM4
1
21
22
SIM5
SIM1
SIM2
SIM3
SIM4
1
21
22
SIM5
SIM1
SIM2
SIM3
SIM4
1
21
22
SIM5
SIM1
SIM2
SIM3
SIM4
1
21
22
SIM5
SIM1
SIM2
SIM3
SIM4
1
21
22
SIM5
SIM1
SIM2
SIM3
SIM4
1
21
22
SIM5
SIM1
SIM2
SIM3
SIM4
1
21
22
SIM5
SIM1
SIM2
SIM3
SIM4
1
21
22
SIM5
SIM1
SIM2
SIM3
SIM4
1
21
22
SIM5
SIM1
SIM2
SIM3
SIM4
1
21
22
SIM5
SIM1
SIM2
SIM3
SIM4
1
21
22
SIM5
SIM1
SIM2
SIM3
SIM4
1
21
22
SIM5
SIM1
SIM2
SIM3
SIM4
1
21
22
SIM5
SIM1
SIM2
SIM3
SIM4
1
21
22
SIM5
SIM1
SIM2
SIM3
SIM4
1
21
22
SIM5
SIM1
SIM2
SIM3
SIM4
1
21
22
SIM5
SIM1
SIM2
SIM3
SIM4
1
21
22
SIM5
SIM1
SIM2
SIM3
SIM4
1
21
22
SIM5
SIM1
SIM2
SIM3
SIM4
1
21
22
SIM5
SIM1
SIM2
SIM3
SIM4
1
21
22
SIM5
SIM1
SIM2
SIM3
SIM4
1
21
22
SIM5
SIM1
SIM2
SIM3
SIM4
1
21
22
SIM5
SIM1
SIM2
SIM3
SIM4
1
21
22
SIM5
SIM1
SIM2
SIM3
SIM4
1
21
22
SIM5
SIM1
SIM2
SIM3
SIM4
1
21
22
SIM5
SIM1
SIM2
SIM3
SIM4
1
21
22
SIM5
SIM1
SIM2
SIM3
SIM4
1
21
22
SIM5
SIM1
SIM2
SIM3
SIM4
1
21
22
SIM5
SIM1
SIM2
SIM3
SIM4
1
21
22
SIM5
SIM1
SIM2
SIM3
SIM4
1
21
22
SIM5
SIM1
SIM2
SIM3
SIM4
1
21
22
SIM5
SIM1
SIM2
SIM3
SIM4
1
21
22
SIM5
SIM1
SIM2
SIM3
SIM4
1
21
22
SIM5
SIM1
SIM2
SIM3
SIM4
1
21
22
SIM5
SIM1
SIM2
SIM3
SIM4
1
21
22
SIM5
SIM1
SIM2
SIM3
SIM4
1
21
22
SIM5
SIM1
SIM2
SIM3
SIM4
1
21
22
SIM5
SIM1
SIM2
SIM3
SIM4
1
21
22
SIM5
SIM1
SIM2
SIM3
SIM4
1
21
22
SIM5
SIM1
SIM2
SIM3
SIM4
1
21
22
SIM5
SIM1
SIM2
SIM3
SIM4
1
21
22
SIM5
SIM1
SIM2
SIM3
SIM4
1
21
22
SIM5
SIM1
SIM2
SIM3
SIM4
1
21
22
SIM5
SIM1
SIM2
SIM3
SIM4
1
21
22
SIM5
SIM1
SIM2
SIM3
SIM4
1
21
22
SIM5
SIM1
SIM2
SIM3
SIM4
1
21
22
SIM5
SIM1
SIM2
SIM3
SIM4
1
21
22
SIM5
SIM1
SIM2
SIM3
SIM4
1
21
22
SIM5
SIM1
SIM2
SIM3
SIM4
1
21
22
SIM5
SIM1
SIM2
SIM3
SIM4
1
21
22
SIM5
SIM1
SIM2
SIM3
SIM4
1
21
22
SIM5
SIM1
SIM2
SIM3
SIM4
1
21
22
SIM5
SIM1
SIM2
SIM3
SIM4
1
21
22
SIM5
SIM1
SIM2
SIM3
SIM4
1
21
22
SIM5
SIM1
SIM2
SIM3
SIM4
1
21
22
SIM5
SIM1
SIM2
DEBUG 1 340
SIM1
SIM2
SIM3
SIM4
1
21
22
SIM5
SIM1
SIM2
SIM3
SIM4
1
21
22
SIM5
SIM1
SIM2
SIM3
SIM4
1
21
22
SIM5
SIM1
SIM2
SIM3
SIM4
1
21
22
SIM5
SIM1
SIM2
SIM3
SIM4
1
21
22
SIM5
SIM1
SIM2
SIM3
SIM4
1
21
22
SIM5
SIM1
SIM2
SIM3
SIM4
1
21
22
SIM5
SIM1
SIM2
SIM3
SIM4
1
21
22
SIM5
SIM1
SIM2
SIM3
SIM4
1
21
22
SIM5
SIM1
SIM2
SIM3
SIM4
1
21
22
SIM5
SIM1
SIM2
SIM3
SIM4
1
21
22
SIM5
SIM1
SIM2
SIM3
SIM4
1
21
22
SIM5
SIM1
SIM2
SIM3
SIM4
1
21
22
SIM5
SIM1
SIM2
SIM3
SIM4
1
21
22
SIM5
SIM1
SIM2
SIM3
SIM4
1
21
22
SIM5
SIM1
SIM2
SIM3
SIM4
1
21
22
SIM5
SIM1
SIM2
SIM3
SIM4
1
21
22
SIM5
SIM1
SIM2
SIM3
SIM4
1
21
22
SIM5
SIM1
SIM2
SIM3
SIM4
1
21
22
SIM5
SIM1
SIM2
SIM3
SIM4
1
21
22
SIM5
SIM1
SIM2
SIM3
SIM4
1
21
22
SIM5
SIM1
SIM2
SIM3
SIM4
1
21
22
SIM5
SIM1
SIM2
SIM3
SIM4
1
21
22
SIM5
SIM1
SIM2
SIM3
SIM4
1
21
22
SIM5
SIM1
SIM2
SIM3
SIM4
1
21
22
SIM5
SIM1
SIM2
SIM3
SIM4
1
21
22
SIM5
SIM1
SIM2
SIM3
SIM4
1
21
22
SIM5
SIM1
SIM2
SIM3
SIM4
1
21
22
SIM5
SIM1
SIM2
SIM3
SIM4
1
21
22
SIM5
SIM1
SIM2
SIM3
SIM4
1
21
22
SIM5
SIM1
SIM2
SIM3
SIM4
1
21
22
SIM5
SIM1
SIM2
SIM3
SIM4
1
21
22
SIM5
SIM1
SIM2
SIM3
SIM4
1
21
22
SIM5
SIM1
SIM2
SIM3
SIM4
1
21
22
SIM5
SIM1
SIM2
SIM3
SIM4
1
21
22
SIM5
SIM1
SIM2
SIM3
SIM4
1
21
22
SIM5
SIM1
SIM2
SIM3
SIM4
1
21
22
SIM5
SIM1
SIM2
SIM3
SIM4
1
21
22
SIM5
SIM1
SIM2
SIM3
SIM4
1
21
22
SIM5
SIM1
SIM2
SIM3
SIM4
1
21
22
SIM5
SIM1
SIM2
SIM3
SIM4
1
21
22
SIM5
SIM1
SIM2
SIM3
SIM4
1
21
22
SIM5
SIM1
SIM2
SIM3
SIM4
1
21
22
SIM5
SIM1
SIM2
SIM3
SIM4
1
21
22
SIM5
SIM1
SIM2
SIM3
SIM4
1
21
22
SIM5
SIM1
SIM2
SIM3
SIM4
1
21
22
SIM5
SIM1
SIM2
SIM3
SIM4
1
21
22
SIM5
SIM1
SIM2
SIM3
SIM4
1
21
22
SIM5
SIM1
SIM2
SIM3
SIM4
1
21
22
SIM5
SIM1
SIM2
SIM3
SIM4
1
21
22
SIM5
SIM1
SIM2
SIM3
SIM4
1
21
22
SIM5
SIM1
SIM2
SIM3
SIM4
1
21
22
SIM5
SIM1
SIM2
SIM3
SIM4
1
21
22
SIM5
SIM1
SIM2
SIM3
SIM4
1
21
22
SIM5
SIM1
SIM2
SIM3
SIM4
1
21
22
SIM5
SIM1
SIM2
SIM3
SIM4
1
21
22
SIM5
SIM1
SIM2
SIM3
SIM4
1
21
22
SIM5
SIM1
SIM2
SIM3
SIM4
1
21
22
SIM5
SIM1
SIM2
SIM3
SIM4
1
21
22
SIM5
SIM1
SIM2
SIM3
SIM4
1
21
22
SIM5
SIM1
SIM2
SIM3
SIM4
1
21
22
SIM5
SIM1
SIM2
SIM3
SIM4
1
21
22
SIM5
SIM1
SIM2
SIM3
SIM4
1
21
22
SIM5
SIM1
SIM2
SIM3
SIM4
1
21
22
SIM5
SIM1
SIM2
SIM3
SIM4
1
21
22
SIM5
SIM1
SIM2
SIM3
SIM4
1
21
22
SIM5
SIM1
SIM2
SIM3
SIM4
1
21
22
SIM5
SIM1
SIM2
SIM3
SIM4
1
21
22
SIM5
SIM1
SIM2
SIM3
SIM4
1
21
22
SIM5
SIM1
SIM2
SIM3
SIM4
1
21
22
SIM5
SIM1
SIM2
SIM3
SIM4
1
21
22
SIM5
SIM1
SIM2
SIM3
SIM4
1
21
22
SIM5
SIM1
SIM2
SIM3
SIM4
1
21
22
SIM5
SIM1
SIM2
SIM3
SIM4
1
21
22
SIM5
SIM1
SIM2
SIM3
SIM4
1
21
22
SIM5
SIM1
SIM2
SIM3
SIM4
1
21
22
SIM5
SIM1
SIM2
SIM3
SIM4
1
21
22
SIM5
SIM1
SIM2
SIM3
SIM4
1
21
22
SIM5
SIM1
SIM2
SIM3
SIM4
1
21
22
SIM5
SIM1
SIM2
SIM3
SIM4
1
21
22
SIM5
SIM1
SIM2
SIM3
SIM4
1
21
22
SIM5
SIM1
SIM2
SIM3
SIM4
1
21
22
SIM5
SIM1
SIM2
SIM3
SIM4
1
21
22
SIM5
SIM1
SIM2
SIM3
SIM4
1
21
22
SIM5
SIM1
SIM2
SIM3
SIM4
1
21
22
SIM5
SIM1
SIM2
SIM3
SIM4
1
21
22
SIM5
SIM1
SIM2
SIM3
SIM4
1
21
22
SIM5
SIM1
SIM2
SIM3
SIM4
1
21
22
SIM5
SIM1
SIM2
SIM3
SIM4
1
21
22
SIM5
SIM1
SIM2
SIM3
SIM4
1
21
22
SIM5
SIM1
SIM2
SIM3
SIM4
1
21
22
SIM5
SIM1
SIM2
SIM3
SIM4
1
21
22
SIM5
SIM1
SIM2
SIM3
SIM4
1
21
22
SIM5
SIM1
SIM2
SIM3
SIM4
1
21
22
SIM5
SIM1
SIM2
SIM3
SIM4
1
21
22
SIM5
SIM1
SIM2
SIM3
SIM4
1
21
22
SIM5
SIM1
SIM2
SIM3
SIM4
1
21
22
SIM5
SIM1
SIM2
SIM3
SIM4
1
21
22
SIM5
SIM1
SIM2
SIM3
SIM4
1
21
22
SIM5
SIM1
SIM2
SIM3
SIM4
1
21
22
SIM5
SIM1
SIM2
SIM3
SIM4
1
21
22
SIM5
SIM1
SIM2
SIM3
SIM4
1
21
22
SIM5
SIM1
SIM2
SIM3
SIM4
1
21
22
SIM5
SIM1
SIM2
SIM3
SIM4
1
21
22
SIM5
SIM1
SIM2
SIM3
SIM4
1
21
22
SIM5
SIM1
SIM2
SIM3
SIM4
1
21
22
SIM5
SIM1
SIM2
SIM3
SIM4
1
21
22
SIM5
SIM1
SIM2
SIM3
SIM4
1
21
22
SIM5
SIM1
SIM2
SIM3
SIM4
1
21
22
SIM5
SIM1
SIM2
SIM3
SIM4
1
21
22
SIM5
SIM1
SIM2
SIM3
SIM4
1
21
22
SIM5
SIM1
SIM2
SIM3
SIM4
1
21
22
SIM5
SIM1
SIM2
SIM3
SIM4
1
21
22
SIM5
SIM1
SIM2
SIM3
SIM4
1
21
22
SIM5
SIM1
SIM2
SIM3
SIM4
1
21
22
SIM5
SIM1
SIM2
SIM3
SIM4
1
21
22
SIM5
SIM1
SIM2
SIM3
SIM4
1
21
22
SIM5
SIM1
SIM2
SIM3
SIM4
1
21
22
SIM5
SIM1
SIM2
SIM3
SIM4
1
21
22
SIM5
SIM1
SIM2
SIM3
SIM4
1
21
22
SIM5
SIM1
SIM2
SIM3
SIM4
1
21
22
SIM5
SIM1
SIM2
SIM3
SIM4
1
21
22
SIM5
SIM1
SIM2
SIM3
SIM4
1
21
22
SIM5
SIM1
SIM2
SIM3
SIM4
1
21
22
SIM5
SIM1
SIM2
SIM3
SIM4
1
21
22
SIM5
SIM1
SIM2
SIM3
SIM4
1
21
22
SIM5
SIM1
SIM2
SIM3
SIM4
1
21
22
SIM5
SIM1
SIM2
SIM3
SIM4
1
21
22
SIM5
SIM1
SIM2
SIM3
SIM4
1
21
22
SIM5
SIM1
SIM2
SIM3
SIM4
1
21
22
SIM5
SIM1
SIM2
SIM3
SIM4
1
21
22
SIM5
SIM1
SIM2
SIM3
SIM4
1
21
22
SIM5
SIM1
SIM2
SIM3
SIM4
1
21
22
SIM5
SIM1
SIM2
SIM3
SIM4
1
21
22
SIM5
SIM1
SIM2
SIM3
SIM4
1
21
22
SIM5
SIM1
SIM2
SIM3
SIM4
1
21
22
SIM5
SIM1
SIM2
SIM3
SIM4
1
21
22
SIM5
SIM1
SIM2
SIM3
SIM4
1
21
22
SIM5
SIM1
SIM2
SIM3
SIM4
1
21
22
SIM5
SIM1
SIM2
SIM3
SIM4
1
21
22
SIM5
SIM1
SIM2
SIM3
SIM4
1
21
22
SIM5
SIM1
SIM2
SIM3
SIM4
1
21
22
SIM5
SIM1
SIM2
SIM3
SIM4
1
21
22
SIM5
SIM1
SIM2
SIM3
SIM4
1
21
22
SIM5
SIM1
SIM2
SIM3
SIM4
1
21
22
SIM5
SIM1
SIM2
SIM3
SIM4
1
21
22
SIM5
SIM1
SIM2
SIM3
SIM4
1
21
22
SIM5
SIM1
SIM2
SIM3
SIM4
1
21
22
SIM5
SIM1
SIM2
DEBUG 1 341
SIM1
SIM2
SIM3
SIM4
1
21
22
SIM5
SIM1
SIM2
SIM3
SIM4
1
21
22
SIM5
SIM1
SIM2
SIM3
SIM4
1
21
22
SIM5
SIM1
SIM2
SIM3
SIM4
1
21
22
SIM5
SIM1
SIM2
SIM3
SIM4
1
21
22
SIM5
SIM1
SIM2
SIM3
SIM4
1
21
22
SIM5
SIM1
SIM2
SIM3
SIM4
1
21
22
SIM5
SIM1
SIM2
SIM3
SIM4
1
21
22
SIM5
SIM1
SIM2
SIM3
SIM4
1
21
22
SIM5
SIM1
SIM2
SIM3
SIM4
1
21
22
SIM5
SIM1
SIM2
SIM3
SIM4
1
21
22
SIM5
SIM1
SIM2
SIM3
SIM4
1
21
22
SIM5
SIM1
SIM2
SIM3
SIM4
1
21
22
SIM5
SIM1
SIM2
SIM3
SIM4
1
21
22
SIM5
SIM1
SIM2
SIM3
SIM4
1
21
22
SIM5
SIM1
SIM2
SIM3
SIM4
1
21
22
SIM5
SIM1
SIM2
SIM3
SIM4
1
21
22
SIM5
SIM1
SIM2
SIM3
SIM4
1
21
22
SIM5
SIM1
SIM2
SIM3
SIM4
1
21
22
SIM5
SIM1
SIM2
SIM3
SIM4
1
21
22
SIM5
SIM1
SIM2
SIM3
SIM4
1
21
22
SIM5
SIM1
SIM2
SIM3
SIM4
1
21
22
SIM5
SIM1
SIM2
SIM3
SIM4
1
21
22
SIM5
SIM1
SIM2
SIM3
SIM4
1
21
22
SIM5
SIM1
SIM2
SIM3
SIM4
1
21
22
SIM5
SIM1
SIM2
SIM3
SIM4
1
21
22
SIM5
SIM1
SIM2
SIM3
SIM4
1
21
22
SIM5
SIM1
SIM2
SIM3
SIM4
1
21
22
SIM5
SIM1
SIM2
SIM3
SIM4
1
21
22
SIM5
SIM1
SIM2
SIM3
SIM4
1
21
22
SIM5
SIM1
SIM2
SIM3
SIM4
1
21
22
SIM5
SIM1
SIM2
SIM3
SIM4
1
21
22
SIM5
SIM1
SIM2
SIM3
SIM4
1
21
22
SIM5
SIM1
SIM2
SIM3
SIM4
1
21
22
SIM5
SIM1
SIM2
SIM3
SIM4
1
21
22
SIM5
SIM1
SIM2
SIM3
SIM4
1
21
22
SIM5
SIM1
SIM2
SIM3
SIM4
1
21
22
SIM5
SIM1
SIM2
SIM3
SIM4
1
21
22
SIM5
SIM1
SIM2
SIM3
SIM4
1
21
22
SIM5
SIM1
SIM2
SIM3
SIM4
1
21
22
SIM5
SIM1
SIM2
SIM3
SIM4
1
21
22
SIM5
SIM1
SIM2
SIM3
SIM4
1
21
22
SIM5
SIM1
SIM2
SIM3
SIM4
1
21
22
SIM5
SIM1
SIM2
SIM3
SIM4
1
21
22
SIM5
SIM1
SIM2
SIM3
SIM4
1
21
22
SIM5
SIM1
SIM2
SIM3
SIM4
1
21
22
SIM5
SIM1
SIM2
SIM3
SIM4
1
21
22
SIM5
SIM1
SIM2
SIM3
SIM4
1
21
22
SIM5
SIM1
SIM2
SIM3
SIM4
1
21
22
SIM5
SIM1
SIM2
SIM3
SIM4
1
21
22
SIM5
SIM1
SIM2
SIM3
SIM4
1
21
22
SIM5
SIM1
SIM2
SIM3
SIM4
1
21
22
SIM5
SIM1
SIM2
SIM3
SIM4
1
21
22
SIM5
SIM1
SIM2
SIM3
SIM4
1
21
22
SIM5
SIM1
SIM2
SIM3
SIM4
1
21
22
SIM5
SIM1
SIM2
SIM3
SIM4
1
21
22
SIM5
SIM1
SIM2
SIM3
SIM4
1
21
22
SIM5
SIM1
SIM2
SIM3
SIM4
1
21
22
SIM5
SIM1
SIM2
SIM3
SIM4
1
21
22
SIM5
SIM1
SIM2
SIM3
SIM4
1
21
22
SIM5
SIM1
SIM2
SIM3
SIM4
1
21
22
SIM5
SIM1
SIM2
SIM3
SIM4
1
21
22
SIM5
SIM1
SIM2
SIM3
SIM4
1
21
22
SIM5
SIM1
SIM2
SIM3
SIM4
1
21
22
SIM5
SIM1
SIM2
SIM3
SIM4
1
21
22
SIM5
SIM1
SIM2
SIM3
SIM4
1
21
22
SIM5
SIM1
SIM2
SIM3
SIM4
1
21
22
SIM5
SIM1
SIM2
SIM3
SIM4
1
21
22
SIM5
SIM1
SIM2
SIM3
SIM4
1
21
22
SIM5
SIM1
SIM2
SIM3
SIM4
1
21
22
SIM5
SIM1
SIM2
SIM3
SIM4
1
21
22
SIM5
SIM1
SIM2
SIM3
SIM4
1
21
22
SIM5
SIM1
SIM2
SIM3
SIM4
1
21
22
SIM5
SIM1
SIM2
SIM3
SIM4
1
21
22
SIM5
SIM1
SIM2
SIM3
SIM4
1
21
22
SIM5
SIM1
SIM2
SIM3
SIM4
1
21
22
SIM5
SIM1
SIM2
SIM3
SIM4
1
21
22
SIM5
SIM1
SIM2
DEBUG 1 342
SIM1
SIM2
SIM3
SIM4
1
21
22
SIM5
SIM1
SIM2
SIM3
SIM4
1
21
22
SIM5
SIM1
SIM2
SIM3
SIM4
1
21
22
SIM5
SIM1
SIM2
SIM3
SIM4
1
21
22
SIM5
SIM1
SIM2
SIM3
SIM4
1
21
22
SIM5
SIM1
SIM2
SIM3
SIM4
1
21
22
SIM5
SIM1
SIM2
SIM3
SIM4
1
21
22
SIM5
SIM1
SIM2
SIM3
SIM4
1
21
22
SIM5
SIM1
SIM2
SIM3
SIM4
1
21
22
SIM5
SIM1
SIM2
SIM3
SIM4
1
21
22
SIM5
SIM1
SIM2
SIM3
SIM4
1
21
22
SIM5
SIM1
SIM2
SIM3
SIM4
1
21
22
SIM5
SIM1
SIM2
SIM3
SIM4
1
21
22
SIM5
SIM1
SIM2
SIM3
SIM4
1
21
22
SIM5
SIM1
SIM2
SIM3
SIM4
1
21
22
SIM5
SIM1
SIM2
SIM3
SIM4
1
21
22
SIM5
SIM1
SIM2
SIM3
SIM4
1
21
22
SIM5
SIM1
SIM2
SIM3
SIM4
1
21
22
SIM5
SIM1
SIM2
SIM3
SIM4
1
21
22
SIM5
SIM1
SIM2
SIM3
SIM4
1
21
22
SIM5
SIM1
SIM2
SIM3
SIM4
1
21
22
SIM5
SIM1
SIM2
SIM3
SIM4
1
21
22
SIM5
SIM1
SIM2
SIM3
SIM4
1
21
22
SIM5
SIM1
SIM2
SIM3
SIM4
1
21
22
SIM5
SIM1
SIM2
SIM3
SIM4
1
21
22
SIM5
SIM1
SIM2
SIM3
SIM4
1
21
22
SIM5
SIM1
SIM2
SIM3
SIM4
1
21
22
SIM5
SIM1
SIM2
SIM3
SIM4
1
21
22
SIM5
SIM1
SIM2
SIM3
SIM4
1
21
22
SIM5
SIM1
SIM2
SIM3
SIM4
1
21
22
SIM5
SIM1
SIM2
SIM3
SIM4
1
21
22
SIM5
SIM1
SIM2
SIM3
SIM4
1
21
22
SIM5
SIM1
SIM2
SIM3
SIM4
1
21
22
SIM5
SIM1
SIM2
SIM3
SIM4
1
21
22
SIM5
SIM1
SIM2
SIM3
SIM4
1
21
22
SIM5
SIM1
SIM2
SIM3
SIM4
1
21
22
SIM5
SIM1
SIM2
SIM3
SIM4
1
21
22
SIM5
SIM1
SIM2
SIM3
SIM4
1
21
22
SIM5
SIM1
SIM2
SIM3
SIM4
1
21
22
SIM5
SIM1
SIM2
SIM3
SIM4
1
21
22
SIM5
SIM1
SIM2
SIM3
SIM4
1
21
22
SIM5
SIM1
SIM2
SIM3
SIM4
1
21
22
SIM5
SIM1
SIM2
SIM3
SIM4
1
21
22
SIM5
SIM1
SIM2
SIM3
SIM4
1
21
22
SIM5
SIM1
SIM2
SIM3
SIM4
1
21
22
SIM5
SIM1
SIM2
SIM3
SIM4
1
21
22
SIM5
SIM1
SIM2
SIM3
SIM4
1
21
22
SIM5
SIM1
SIM2
SIM3
SIM4
1
21
22
SIM5
SIM1
SIM2
SIM3
SIM4
1
21
22
SIM5
SIM1
SIM2
SIM3
SIM4
1
21
22
SIM5
SIM1
SIM2
SIM3
SIM4
1
21
22
SIM5
SIM1
SIM2
SIM3
SIM4
1
21
22
SIM5
SIM1
SIM2
SIM3
SIM4
1
21
22
SIM5
SIM1
SIM2
SIM3
SIM4
1
21
22
SIM5
SIM1
SIM2
SIM3
SIM4
1
21
22
SIM5
SIM1
SIM2
SIM3
SIM4
1
21
22
SIM5
SIM1
SIM2
SIM3
SIM4
1
21
22
SIM5
SIM1
SIM2
SIM3
SIM4
1
21
22
SIM5
SIM1
SIM2
SIM3
SIM4
1
21
22
SIM5
SIM1
SIM2
SIM3
SIM4
1
21
22
SIM5
SIM1
SIM2
SIM3
SIM4
1
21
22
SIM5
SIM1
SIM2
SIM3
SIM4
1
21
22
SIM5
SIM1
SIM2
SIM3
SIM4
1
21
22
SIM5
SIM1
SIM2
SIM3
SIM4
1
21
22
SIM5
SIM1
SIM2
SIM3
SIM4
1
21
22
SIM5
SIM1
SIM2
SIM3
SIM4
1
21
22
SIM5
SIM1
SIM2
SIM3
SIM4
1
21
22
SIM5
SIM1
SIM2
SIM3
SIM4
1
21
22
SIM5
SIM1
SIM2
SIM3
SIM4
1
21
22
SIM5
SIM1
SIM2
SIM3
SIM4
1
21
22
SIM5
SIM1
SIM2
SIM3
SIM4
1
21
22
SIM5
SIM1
SIM2
SIM3
SIM4
1
21
22
SIM5
SIM1
SIM2
SIM3
SIM4
1
21
22
SIM5
SIM1
SIM2
SIM3
SIM4
1
21
22
SIM5
SIM1
SIM2
SIM3
SIM4
1
21
22
SIM5
SIM1
SIM2
SIM3
SIM4
1
21
22
SIM5
SIM1
SIM2
SIM3
SIM4
1
21
22
SIM5
SIM1
SIM2
SIM3
SIM4
1
21
22
SIM5
SIM1
SIM2
SIM3
SIM4
1
21
22
SIM5
SIM1
SIM2
SIM3
SIM4
1
21
22
SIM5
SIM1
SIM2
SIM3
SIM4
1
21
22
SIM5
SIM1
SIM2
SIM3
SIM4
1
21
22
SIM5
SIM1
SIM2
SIM3
SIM4
1
21
22
SIM5
SIM1
SIM2
SIM3
SIM4
1
21
22
SIM5
SIM1
SIM2
SIM3
SIM4
1
21
22
SIM5
SIM1
SIM2
SIM3
SIM4
1
21
22
SIM5
SIM1
SIM2
SIM3
SIM4
1
21
22
SIM5
SIM1
SIM2
SIM3
SIM4
1
21
22
SIM5
SIM1
SIM2
SIM3
SIM4
1
21
22
SIM5
SIM1
SIM2
SIM3
SIM4
1
21
22
SIM5
SIM1
SIM2
SIM3
SIM4
1
21
22
SIM5
SIM1
SIM2
SIM3
SIM4
1
21
22
SIM5
SIM1
SIM2
SIM3
SIM4
1
21
22
SIM5
SIM1
SIM2
SIM3
SIM4
1
21
22
SIM5
SIM1
SIM2
SIM3
SIM4
1
21
22
SIM5
SIM1
SIM2
SIM3
SIM4
1
21
22
SIM5
SIM1
SIM2
SIM3
SIM4
1
21
22
SIM5
SIM1
SIM2
SIM3
SIM4
1
21
22
SIM5
SIM1
SIM2
SIM3
SIM4
1
21
22
SIM5
SIM1
SIM2
SIM3
SIM4
1
21
22
SIM5
SIM1
SIM2
SIM3
SIM4
1
21
22
SIM5
SIM1
SIM2
SIM3
SIM4
1
21
22
SIM5
SIM1
SIM2
SIM3
SIM4
1
21
22
SIM5
SIM1
SIM2
SIM3
SIM4
1
21
22
SIM5
SIM1
SIM2
SIM3
SIM4
1
21
22
SIM5
SIM1
SIM2
SIM3
SIM4
1
21
22
SIM5
SIM1
SIM2
SIM3
SIM4
1
21
22
SIM5
SIM1
SIM2
SIM3
SIM4
1
21
22
SIM5
SIM1
SIM2
SIM3
SIM4
1
21
22
SIM5
SIM1
SIM2
SIM3
SIM4
1
21
22
SIM5
SIM1
SIM2
SIM3
SIM4
1
21
22
SIM5
SIM1
SIM2
SIM3
SIM4
1
21
22
SIM5
SIM1
SIM2
SIM3
SIM4
1
21
22
SIM5
SIM1
SIM2
SIM3
SIM4
1
21
22
SIM5
SIM1
SIM2
SIM3
SIM4
1
21
22
SIM5
SIM1
SIM2
SIM3
SIM4
1
21
22
SIM5
SIM1
SIM2
SIM3
SIM4
1
21
22
SIM5
SIM1
SIM2
SIM3
SIM4
1
21
22
SIM5
SIM1
SIM2
SIM3
SIM4
1
21
22
SIM5
SIM1
SIM2
SIM3
SIM4
1
21
22
SIM5
SIM1
SIM2
SIM3
SIM4
1
21
22
SIM5
SIM1
SIM2
SIM3
SIM4
1
21
22
SIM5
SIM1
SIM2
SIM3
SIM4
1
21
22
SIM5
SIM1
SIM2
SIM3
SIM4
1
21
22
SIM5
SIM1
SIM2
SIM3
SIM4
1
21
22
SIM5
SIM1
SIM2
SIM3
SIM4
1
21
22
SIM5
SIM1
SIM2
SIM3
SIM4
1
21
22
SIM5
SIM1
SIM2
SIM3
SIM4
1
21
22
SIM5
SIM1
SIM2
SIM3
SIM4
1
21
22
SIM5
SIM1
SIM2
SIM3
SIM4
1
21
22
SIM5
SIM1
SIM2
SIM3
SIM4
1
21
22
SIM5
SIM1
SIM2
SIM3
SIM4
1
21
22
SIM5
SIM1
SIM2
SIM3
SIM4
1
21
22
SIM5
SIM1
SIM2
SIM3
SIM4
1
21
22
SIM5
SIM1
SIM2
SIM3
SIM4
1
21
22
SIM5
SIM1
SIM2
SIM3
SIM4
1
21
22
SIM5
SIM1
SIM2
SIM3
SIM4
1
21
22
SIM5
SIM1
SIM2
SIM3
SIM4
1
21
22
SIM5
SIM1
SIM2
SIM3
SIM4
1
21
22
SIM5
SIM1
SIM2
SIM3
SIM4
1
21
22
SIM5
SIM1
SIM2
SIM3
SIM4
1
21
22
SIM5
SIM1
SIM2
SIM3
SIM4
1
21
22
SIM5
SIM1
SIM2
SIM3
SIM4
1
21
22
SIM5
SIM1
SIM2
SIM3
SIM4
1
21
22
SIM5
SIM1
SIM2
SIM3
SIM4
1
21
22
SIM5
SIM1
SIM2
SIM3
SIM4
1
21
22
SIM5
SIM1
SIM2
SIM3
SIM4
1
21
22
SIM5
SIM1
SIM2
SIM3
SIM4
1
21
22
SIM5
SIM1
SIM2
SIM3
SIM4
1
21
22
SIM5
SIM1
SIM2
SIM3
SIM4
1
21
22
SIM5
SIM1
SIM2
SIM3
SIM4
1
21
22
SIM5
SIM1
SIM2
SIM3
SIM4
1
21
22
SIM5
SIM1
SIM2
SIM3
SIM4
1
21
22
SIM5
SIM1
SIM2
SIM3
SIM4
1
21
22
SIM5
SIM1
SIM2
SIM3
SIM4
1
21
22
SIM5
SIM1
SIM2
SIM3
SIM4
1
21
22
SIM5
SIM1
SIM2
SIM3
SIM4
1
21
22
SIM5
SIM1
SIM2
SIM3
SIM4
1
21
22
SIM5
SIM1
SIM2
SIM3
SIM4
1
21
22
SIM5
SIM1
SIM2
SIM3
SIM4
1
21
22
SIM5
SIM1
SIM2
SIM3
SIM4
1
21
22
SIM5
SIM1
SIM2
SIM3
SIM4
1
21
22
SIM5
SIM1
SIM2
SIM3
SIM4
1
21
22
SIM5
SIM1
SIM2
SIM3
SIM4
1
21
22
SIM5
SIM1
SIM2
SIM3
SIM4
1
21
22
SIM5
SIM1
SIM2
SIM3
SIM4
1
21
22
SIM5
SIM1
SIM2
SIM3
SIM4
1
21
22
SIM5
SIM1
SIM2
SIM3
SIM4
1
21
22
SIM5
SIM1
SIM2
SIM3
SIM4
1
21
22
SIM5
SIM1
SIM2
SIM3
SIM4
1
21
22
SIM5
SIM1
SIM2
SIM3
SIM4
1
21
22
SIM5
SIM1
SIM2
SIM3
SIM4
1
21
22
SIM5
SIM1
SIM2
SIM3
SIM4
1
21
22
SIM5
SIM1
SIM2
SIM3
SIM4
1
21
22
SIM5
SIM1
SIM2
SIM3
SIM4
1
21
22
SIM5
SIM1
SIM2
SIM3
SIM4
1
21
22
SIM5
SIM1
SIM2
SIM3
SIM4
1
21
22
SIM5
SIM1
SIM2
SIM3
SIM4
1
21
22
SIM5
SIM1
SIM2
DEBUG 1 343
SIM1
SIM2
SIM3
SIM4
1
21
22
SIM5
SIM1
SIM2
SIM3
SIM4
1
21
22
SIM5
SIM1
SIM2
SIM3
SIM4
1
21
22
SIM5
SIM1
SIM2
SIM3
SIM4
1
21
22
SIM5
SIM1
SIM2
SIM3
SIM4
1
21
22
SIM5
SIM1
SIM2
SIM3
SIM4
1
21
22
SIM5
SIM1
SIM2
SIM3
SIM4
1
21
22
SIM5
SIM1
SIM2
SIM3
SIM4
1
21
22
SIM5
SIM1
SIM2
SIM3
SIM4
1
21
22
SIM5
SIM1
SIM2
SIM3
SIM4
1
21
22
SIM5
SIM1
SIM2
SIM3
SIM4
1
21
22
SIM5
SIM1
SIM2
SIM3
SIM4
1
21
22
SIM5
SIM1
SIM2
SIM3
SIM4
1
21
22
SIM5
SIM1
SIM2
SIM3
SIM4
1
21
22
SIM5
SIM1
SIM2
SIM3
SIM4
1
21
22
SIM5
SIM1
SIM2
SIM3
SIM4
1
21
22
SIM5
SIM1
SIM2
SIM3
SIM4
1
21
22
SIM5
SIM1
SIM2
SIM3
SIM4
1
21
22
SIM5
SIM1
SIM2
SIM3
SIM4
1
21
22
SIM5
SIM1
SIM2
SIM3
SIM4
1
21
22
SIM5
SIM1
SIM2
SIM3
SIM4
1
21
22
SIM5
SIM1
SIM2
SIM3
SIM4
1
21
22
SIM5
SIM1
SIM2
SIM3
SIM4
1
21
22
SIM5
SIM1
SIM2
SIM3
SIM4
1
21
22
SIM5
SIM1
SIM2
SIM3
SIM4
1
21
22
SIM5
SIM1
SIM2
SIM3
SIM4
1
21
22
SIM5
SIM1
SIM2
SIM3
SIM4
1
21
22
SIM5
SIM1
SIM2
SIM3
SIM4
1
21
22
SIM5
SIM1
SIM2
SIM3
SIM4
1
21
22
SIM5
SIM1
SIM2
SIM3
SIM4
1
21
22
SIM5
SIM1
SIM2
SIM3
SIM4
1
21
22
SIM5
SIM1
SIM2
SIM3
SIM4
1
21
22
SIM5
SIM1
SIM2
SIM3
SIM4
1
21
22
SIM5
SIM1
SIM2
SIM3
SIM4
1
21
22
SIM5
SIM1
SIM2
SIM3
SIM4
1
21
22
SIM5
SIM1
SIM2
SIM3
SIM4
1
21
22
SIM5
SIM1
SIM2
SIM3
SIM4
1
21
22
SIM5
SIM1
SIM2
SIM3
SIM4
1
21
22
SIM5
SIM1
SIM2
SIM3
SIM4
1
21
22
SIM5
SIM1
SIM2
SIM3
SIM4
1
21
22
SIM5
SIM1
SIM2
SIM3
SIM4
1
21
22
SIM5
SIM1
SIM2
SIM3
SIM4
1
21
22
SIM5
SIM1
SIM2
SIM3
SIM4
1
21
22
SIM5
SIM1
SIM2
SIM3
SIM4
1
21
22
SIM5
SIM1
SIM2
SIM3
SIM4
1
21
22
SIM5
SIM1
SIM2
SIM3
SIM4
1
21
22
SIM5
SIM1
SIM2
SIM3
SIM4
1
21
22
SIM5
SIM1
SIM2
SIM3
SIM4
1
21
22
SIM5
SIM1
SIM2
SIM3
SIM4
1
21
22
SIM5
SIM1
SIM2
SIM3
SIM4
1
21
22
SIM5
SIM1
SIM2
SIM3
SIM4
1
21
22
SIM5
SIM1
SIM2
SIM3
SIM4
1
21
22
SIM5
SIM1
SIM2
SIM3
SIM4
1
21
22
SIM5
SIM1
SIM2
SIM3
SIM4
1
21
22
SIM5
SIM1
SIM2
SIM3
SIM4
1
21
22
SIM5
SIM1
SIM2
SIM3
SIM4
1
21
22
SIM5
SIM1
SIM2
SIM3
SIM4
1
21
22
SIM5
SIM1
SIM2
SIM3
SIM4
1
21
22
SIM5
SIM1
SIM2
SIM3
SIM4
1
21
22
SIM5
SIM1
SIM2
SIM3
SIM4
1
21
22
SIM5
SIM1
SIM2
SIM3
SIM4
1
21
22
SIM5
SIM1
SIM2
SIM3
SIM4
1
21
22
SIM5
SIM1
SIM2
SIM3
SIM4
1
21
22
SIM5
SIM1
SIM2
SIM3
SIM4
1
21
22
SIM5
SIM1
SIM2
SIM3
SIM4
1
21
22
SIM5
SIM1
SIM2
SIM3
SIM4
1
21
22
SIM5
SIM1
SIM2
SIM3
SIM4
1
21
22
SIM5
SIM1
SIM2
SIM3
SIM4
1
21
22
SIM5
SIM1
SIM2
SIM3
SIM4
1
21
22
SIM5
SIM1
SIM2
SIM3
SIM4
1
21
22
SIM5
SIM1
SIM2
SIM3
SIM4
1
21
22
SIM5
SIM1
SIM2
SIM3
SIM4
1
21
22
SIM5
SIM1
SIM2
SIM3
SIM4
1
21
22
SIM5
SIM1
SIM2
SIM3
SIM4
1
21
22
SIM5
SIM1
SIM2
SIM3
SIM4
1
21
22
SIM5
SIM1
SIM2
SIM3
SIM4
1
21
22
SIM5
SIM1
SIM2
SIM3
SIM4
1
21
22
SIM5
SIM1
SIM2
SIM3
SIM4
1
21
22
SIM5
SIM1
SIM2
SIM3
SIM4
1
21
22
SIM5
SIM1
SIM2
SIM3
SIM4
1
21
22
SIM5
SIM1
SIM2
SIM3
SIM4
1
21
22
SIM5
SIM1
SIM2
SIM3
SIM4
1
21
22
SIM5
SIM1
SIM2
SIM3
SIM4
1
21
22
SIM5
SIM1
SIM2
SIM3
SIM4
1
21
22
SIM5
SIM1
SIM2
SIM3
SIM4
1
21
22
SIM5
SIM1
SIM2
SIM3
SIM4
1
21
22
SIM5
SIM1
SIM2
SIM3
SIM4
1
21
22
SIM5
SIM1
SIM2
SIM3
SIM4
1
21
22
SIM5
SIM1
SIM2
SIM3
SIM4
1
21
22
SIM5
SIM1
SIM2
SIM3
SIM4
1
21
22
SIM5
SIM1
SIM2
SIM3
SIM4
1
21
22
SIM5
SIM1
SIM2
SIM3
SIM4
1
21
22
SIM5
SIM1
SIM2
SIM3
SIM4
1
21
22
SIM5
SIM1
SIM2
SIM3
SIM4
1
21
22
SIM5
SIM1
SIM2
SIM3
SIM4
1
21
22
SIM5
SIM1
SIM2
DEBUG 1 344
SIM1
SIM2
SIM3
SIM4
1
21
22
SIM5
SIM1
SIM2
SIM3
SIM4
1
21
22
SIM5
SIM1
SIM2
SIM3
SIM4
1
21
22
SIM5
SIM1
SIM2
SIM3
SIM4
1
21
22
SIM5
SIM1
SIM2
SIM3
SIM4
1
21
22
SIM5
SIM1
SIM2
SIM3
SIM4
1
21
22
SIM5
SIM1
SIM2
SIM3
SIM4
1
21
22
SIM5
SIM1
SIM2
SIM3
SIM4
1
21
22
SIM5
SIM1
SIM2
SIM3
SIM4
1
21
22
SIM5
SIM1
SIM2
SIM3
SIM4
1
21
22
SIM5
SIM1
SIM2
SIM3
SIM4
1
21
22
SIM5
SIM1
SIM2
SIM3
SIM4
1
21
22
SIM5
SIM1
SIM2
SIM3
SIM4
1
21
22
SIM5
SIM1
SIM2
SIM3
SIM4
1
21
22
SIM5
SIM1
SIM2
SIM3
SIM4
1
21
22
SIM5
SIM1
SIM2
SIM3
SIM4
1
21
22
SIM5
SIM1
SIM2
SIM3
SIM4
1
21
22
SIM5
SIM1
SIM2
SIM3
SIM4
1
21
22
SIM5
SIM1
SIM2
SIM3
SIM4
1
21
22
SIM5
SIM1
SIM2
SIM3
SIM4
1
21
22
SIM5
SIM1
SIM2
SIM3
SIM4
1
21
22
SIM5
SIM1
SIM2
SIM3
SIM4
1
21
22
SIM5
SIM1
SIM2
SIM3
SIM4
1
21
22
SIM5
SIM1
SIM2
SIM3
SIM4
1
21
22
SIM5
SIM1
SIM2
SIM3
SIM4
1
21
22
SIM5
SIM1
SIM2
SIM3
SIM4
1
21
22
SIM5
SIM1
SIM2
SIM3
SIM4
1
21
22
SIM5
SIM1
SIM2
SIM3
SIM4
1
21
22
SIM5
SIM1
SIM2
SIM3
SIM4
1
21
22
SIM5
SIM1
SIM2
SIM3
SIM4
1
21
22
SIM5
SIM1
SIM2
SIM3
SIM4
1
21
22
SIM5
SIM1
SIM2
SIM3
SIM4
1
21
22
SIM5
SIM1
SIM2
SIM3
SIM4
1
21
22
SIM5
SIM1
SIM2
SIM3
SIM4
1
21
22
SIM5
SIM1
SIM2
SIM3
SIM4
1
21
22
SIM5
SIM1
SIM2
SIM3
SIM4
1
21
22
SIM5
SIM1
SIM2
SIM3
SIM4
1
21
22
SIM5
SIM1
SIM2
SIM3
SIM4
1
21
22
SIM5
SIM1
SIM2
SIM3
SIM4
1
21
22
SIM5
SIM1
SIM2
SIM3
SIM4
1
21
22
SIM5
SIM1
SIM2
SIM3
SIM4
1
21
22
SIM5
SIM1
SIM2
SIM3
SIM4
1
21
22
SIM5
SIM1
SIM2
SIM3
SIM4
1
21
22
SIM5
SIM1
SIM2
SIM3
SIM4
1
21
22
SIM5
SIM1
SIM2
SIM3
SIM4
1
21
22
SIM5
SIM1
SIM2
SIM3
SIM4
1
21
22
SIM5
SIM1
SIM2
SIM3
SIM4
1
21
22
SIM5
SIM1
SIM2
SIM3
SIM4
1
21
22
SIM5
SIM1
SIM2
SIM3
SIM4
1
21
22
SIM5
SIM1
SIM2
SIM3
SIM4
1
21
22
SIM5
SIM1
SIM2
SIM3
SIM4
1
21
22
SIM5
SIM1
SIM2
SIM3
SIM4
1
21
22
SIM5
SIM1
SIM2
SIM3
SIM4
1
21
22
SIM5
SIM1
SIM2
SIM3
SIM4
1
21
22
SIM5
SIM1
SIM2
SIM3
SIM4
1
21
22
SIM5
SIM1
SIM2
SIM3
SIM4
1
21
22
SIM5
SIM1
SIM2
SIM3
SIM4
1
21
22
SIM5
SIM1
SIM2
SIM3
SIM4
1
21
22
SIM5
SIM1
SIM2
SIM3
SIM4
1
21
22
SIM5
SIM1
SIM2
SIM3
SIM4
1
21
22
SIM5
SIM1
SIM2
SIM3
SIM4
1
21
22
SIM5
SIM1
SIM2
SIM3
SIM4
1
21
22
SIM5
SIM1
SIM2
SIM3
SIM4
1
21
22
SIM5
SIM1
SIM2
SIM3
SIM4
1
21
22
SIM5
SIM1
SIM2
SIM3
SIM4
1
21
22
SIM5
SIM1
SIM2
SIM3
SIM4
1
21
22
SIM5
SIM1
SIM2
SIM3
SIM4
1
21
22
SIM5
SIM1
SIM2
SIM3
SIM4
1
21
22
SIM5
SIM1
SIM2
SIM3
SIM4
1
21
22
SIM5
SIM1
SIM2
SIM3
SIM4
1
21
22
SIM5
SIM1
SIM2
SIM3
SIM4
1
21
22
SIM5
SIM1
SIM2
SIM3
SIM4
1
21
22
SIM5
SIM1
SIM2
SIM3
SIM4
1
21
22
SIM5
SIM1
SIM2
SIM3
SIM4
1
21
22
SIM5
SIM1
SIM2
SIM3
SIM4
1
21
22
SIM5
SIM1
SIM2
SIM3
SIM4
1
21
22
SIM5
SIM1
SIM2
SIM3
SIM4
1
21
22
SIM5
SIM1
SIM2
SIM3
SIM4
1
21
22
SIM5
SIM1
SIM2
SIM3
SIM4
1
21
22
SIM5
SIM1
SIM2
SIM3
SIM4
1
21
22
SIM5
SIM1
SIM2
SIM3
SIM4
1
21
22
SIM5
SIM1
SIM2
SIM3
SIM4
1
21
22
SIM5
SIM1
SIM2
SIM3
SIM4
1
21
22
SIM5
SIM1
SIM2
SIM3
SIM4
1
21
22
SIM5
SIM1
SIM2
SIM3
SIM4
1
21
22
SIM5
SIM1
SIM2
SIM3
SIM4
1
21
22
SIM5
SIM1
SIM2
SIM3
SIM4
1
21
22
SIM5
SIM1
SIM2
SIM3
SIM4
1
21
22
SIM5
SIM1
SIM2
SIM3
SIM4
1
21
22
SIM5
SIM1
SIM2
SIM3
SIM4
1
21
22
SIM5
SIM1
SIM2
SIM3
SIM4
1
21
22
SIM5
SIM1
SIM2
SIM3
SIM4
1
21
22
SIM5
SIM1
SIM2
SIM3
SIM4
1
21
22
SIM5
SIM1
SIM2
SIM3
SIM4
1
21
22
SIM5
SIM1
SIM2
SIM3
SIM4
1
21
22
SIM5
SIM1
SIM2
SIM3
SIM4
1
21
22
SIM5
SIM1
SIM2
SIM3
SIM4
1
21
22
SIM5
SIM1
SIM2
SIM3
SIM4
1
21
22
SIM5
SIM1
SIM2
SIM3
SIM4
1
21
22
SIM5
SIM1
SIM2
SIM3
SIM4
1
21
22
SIM5
SIM1
SIM2
SIM3
SIM4
1
21
22
SIM5
SIM1
SIM2
SIM3
SIM4
1
21
22
SIM5
SIM1
SIM2
SIM3
SIM4
1
21
22
SIM5
SIM1
SIM2
SIM3
SIM4
1
21
22
SIM5
SIM1
SIM2
SIM3
SIM4
1
21
22
SIM5
SIM1
SIM2
SIM3
SIM4
1
21
22
SIM5
SIM1
SIM2
SIM3
SIM4
1
21
22
SIM5
SIM1
SIM2
SIM3
SIM4
1
21
22
SIM5
SIM1
SIM2
SIM3
SIM4
1
21
22
SIM5
SIM1
SIM2
SIM3
SIM4
1
21
22
SIM5
SIM1
SIM2
SIM3
SIM4
1
21
22
SIM5
SIM1
SIM2
SIM3
SIM4
1
21
22
SIM5
SIM1
SIM2
SIM3
SIM4
1
21
22
SIM5
SIM1
SIM2
SIM3
SIM4
1
21
22
SIM5
SIM1
SIM2
SIM3
SIM4
1
21
22
SIM5
SIM1
SIM2
SIM3
SIM4
1
21
22
SIM5
SIM1
SIM2
SIM3
SIM4
1
21
22
SIM5
SIM1
SIM2
SIM3
SIM4
1
21
22
SIM5
SIM1
SIM2
SIM3
SIM4
1
21
22
SIM5
SIM1
SIM2
SIM3
SIM4
1
21
22
SIM5
SIM1
SIM2
SIM3
SIM4
1
21
22
SIM5
SIM1
SIM2
SIM3
SIM4
1
21
22
SIM5
SIM1
SIM2
SIM3
SIM4
1
21
22
SIM5
SIM1
SIM2
SIM3
SIM4
1
21
22
SIM5
SIM1
SIM2
SIM3
SIM4
1
21
22
SIM5
SIM1
SIM2
SIM3
SIM4
1
21
22
SIM5
SIM1
SIM2
SIM3
SIM4
1
21
22
SIM5
SIM1
SIM2
SIM3
SIM4
1
21
22
SIM5
SIM1
SIM2
SIM3
SIM4
1
21
22
SIM5
SIM1
SIM2
SIM3
SIM4
1
21
22
SIM5
SIM1
SIM2
SIM3
SIM4
1
21
22
SIM5
SIM1
SIM2
SIM3
SIM4
1
21
22
SIM5
SIM1
SIM2
SIM3
SIM4
1
21
22
SIM5
SIM1
SIM2
SIM3
SIM4
1
21
22
SIM5
SIM1
SIM2
SIM3
SIM4
1
21
22
SIM5
SIM1
SIM2
SIM3
SIM4
1
21
22
SIM5
SIM1
SIM2
SIM3
SIM4
1
21
22
SIM5
SIM1
SIM2
SIM3
SIM4
1
21
22
SIM5
SIM1
SIM2
SIM3
SIM4
1
21
22
SIM5
SIM1
SIM2
SIM3
SIM4
1
21
22
SIM5
SIM1
SIM2
SIM3
SIM4
1
21
22
SIM5
SIM1
SIM2
SIM3
SIM4
1
21
22
SIM5
SIM1
SIM2
SIM3
SIM4
1
21
22
SIM5
SIM1
SIM2
SIM3
SIM4
1
21
22
SIM5
SIM1
SIM2
SIM3
SIM4
1
21
22
SIM5
SIM1
SIM2
SIM3
SIM4
1
21
22
SIM5
SIM1
SIM2
SIM3
SIM4
1
21
22
SIM5
SIM1
SIM2
SIM3
SIM4
1
21
22
SIM5
SIM1
SIM2
SIM3
SIM4
1
21
22
SIM5
SIM1
SIM2
SIM3
SIM4
1
21
22
SIM5
SIM1
SIM2
SIM3
SIM4
1
21
22
SIM5
SIM1
SIM2
SIM3
SIM4
1
21
22
SIM5
SIM1
SIM2
SIM3
SIM4
1
21
22
SIM5
SIM1
SIM2
SIM3
SIM4
1
21
22
SIM5
SIM1
SIM2
SIM3
SIM4
1
21
22
SIM5
SIM1
SIM2
SIM3
SIM4
1
21
22
SIM5
SIM1
SIM2
SIM3
SIM4
1
21
22
SIM5
SIM1
SIM2
SIM3
SIM4
1
21
22
SIM5
SIM1
SIM2
SIM3
SIM4
1
21
22
SIM5
SIM1
SIM2
SIM3
SIM4
1
21
22
SIM5
SIM1
SIM2
SIM3
SIM4
1
21
22
SIM5
SIM1
SIM2
SIM3
SIM4
1
21
22
SIM5
SIM1
SIM2
SIM3
SIM4
1
21
22
SIM5
SIM1
SIM2
SIM3
SIM4
1
21
22
SIM5
SIM1
SIM2
SIM3
SIM4
1
21
22
SIM5
SIM1
SIM2
SIM3
SIM4
1
21
22
SIM5
SIM1
SIM2
SIM3
SIM4
1
21
22
SIM5
SIM1
SIM2
SIM3
SIM4
1
21
22
SIM5
SIM1
SIM2
SIM3
SIM4
1
21
22
SIM5
SIM1
SIM2
SIM3
SIM4
1
21
22
SIM5
SIM1
SIM2
SIM3
SIM4
1
21
22
SIM5
SIM1
SIM2
SIM3
SIM4
1
21
22
SIM5
SIM1
SIM2
SIM3
SIM4
1
21
22
SIM5
SIM1
SIM2
SIM3
SIM4
1
21
22
SIM5
SIM1
SIM2
SIM3
SIM4
1
21
22
SIM5
SIM1
SIM2
SIM3
SIM4
1
21
22
SIM5
SIM1
SIM2
SIM3
SIM4
1
21
22
SIM5
SIM1
SIM2
SIM3
SIM4
1
21
22
SIM5
SIM1
SIM2
SIM3
SIM4
1
21
22
SIM5
SIM1
SIM2
DEBUG 1 345
SIM1
SIM2
SIM3
SIM4
1
21
22
SIM5
SIM1
SIM2
SIM3
SIM4
1
21
22
SIM5
SIM1
SIM2
SIM3
SIM4
1
21
22
SIM5
SIM1
SIM2
SIM3
SIM4
1
21
22
SIM5
SIM1
SIM2
SIM3
SIM4
1
21
22
SIM5
SIM1
SIM2
SIM3
SIM4
1
21
22
SIM5
SIM1
SIM2
SIM3
SIM4
1
21
22
SIM5
SIM1
SIM2
SIM3
SIM4
1
21
22
SIM5
SIM1
SIM2
SIM3
SIM4
1
21
22
SIM5
SIM1
SIM2
SIM3
SIM4
1
21
22
SIM5
SIM1
SIM2
SIM3
SIM4
1
21
22
SIM5
SIM1
SIM2
SIM3
SIM4
1
21
22
SIM5
SIM1
SIM2
SIM3
SIM4
1
21
22
SIM5
SIM1
SIM2
SIM3
SIM4
1
21
22
SIM5
SIM1
SIM2
SIM3
SIM4
1
21
22
SIM5
SIM1
SIM2
SIM3
SIM4
1
21
22
SIM5
SIM1
SIM2
SIM3
SIM4
1
21
22
SIM5
SIM1
SIM2
SIM3
SIM4
1
21
22
SIM5
SIM1
SIM2
SIM3
SIM4
1
21
22
SIM5
SIM1
SIM2
SIM3
SIM4
1
21
22
SIM5
SIM1
SIM2
SIM3
SIM4
1
21
22
SIM5
SIM1
SIM2
SIM3
SIM4
1
21
22
SIM5
SIM1
SIM2
SIM3
SIM4
1
21
22
SIM5
SIM1
SIM2
SIM3
SIM4
1
21
22
SIM5
SIM1
SIM2
SIM3
SIM4
1
21
22
SIM5
SIM1
SIM2
SIM3
SIM4
1
21
22
SIM5
SIM1
SIM2
SIM3
SIM4
1
21
22
SIM5
SIM1
SIM2
SIM3
SIM4
1
21
22
SIM5
SIM1
SIM2
SIM3
SIM4
1
21
22
SIM5
SIM1
SIM2
SIM3
SIM4
1
21
22
SIM5
SIM1
SIM2
SIM3
SIM4
1
21
22
SIM5
SIM1
SIM2
SIM3
SIM4
1
21
22
SIM5
SIM1
SIM2
SIM3
SIM4
1
21
22
SIM5
SIM1
SIM2
SIM3
SIM4
1
21
22
SIM5
SIM1
SIM2
SIM3
SIM4
1
21
22
SIM5
SIM1
SIM2
SIM3
SIM4
1
21
22
SIM5
SIM1
SIM2
SIM3
SIM4
1
21
22
SIM5
SIM1
SIM2
SIM3
SIM4
1
21
22
SIM5
SIM1
SIM2
SIM3
SIM4
1
21
22
SIM5
SIM1
SIM2
SIM3
SIM4
1
21
22
SIM5
SIM1
SIM2
SIM3
SIM4
1
21
22
SIM5
SIM1
SIM2
SIM3
SIM4
1
21
22
SIM5
SIM1
SIM2
SIM3
SIM4
1
21
22
SIM5
SIM1
SIM2
SIM3
SIM4
1
21
22
SIM5
SIM1
SIM2
SIM3
SIM4
1
21
22
SIM5
SIM1
SIM2
SIM3
SIM4
1
21
22
SIM5
SIM1
SIM2
SIM3
SIM4
1
21
22
SIM5
SIM1
SIM2
SIM3
SIM4
1
21
22
SIM5
SIM1
SIM2
SIM3
SIM4
1
21
22
SIM5
SIM1
SIM2
SIM3
SIM4
1
21
22
SIM5
SIM1
SIM2
SIM3
SIM4
1
21
22
SIM5
SIM1
SIM2
SIM3
SIM4
1
21
22
SIM5
SIM1
SIM2
SIM3
SIM4
1
21
22
SIM5
SIM1
SIM2
SIM3
SIM4
1
21
22
SIM5
SIM1
SIM2
SIM3
SIM4
1
21
22
SIM5
SIM1
SIM2
SIM3
SIM4
1
21
22
SIM5
SIM1
SIM2
SIM3
SIM4
1
21
22
SIM5
SIM1
SIM2
SIM3
SIM4
1
21
22
SIM5
SIM1
SIM2
SIM3
SIM4
1
21
22
SIM5
SIM1
SIM2
SIM3
SIM4
1
21
22
SIM5
SIM1
SIM2
SIM3
SIM4
1
21
22
SIM5
SIM1
SIM2
SIM3
SIM4
1
21
22
SIM5
SIM1
SIM2
SIM3
SIM4
1
21
22
SIM5
SIM1
SIM2
SIM3
SIM4
1
21
22
SIM5
SIM1
SIM2
SIM3
SIM4
1
21
22
SIM5
SIM1
SIM2
SIM3
SIM4
1
21
22
SIM5
SIM1
SIM2
SIM3
SIM4
1
21
22
SIM5
SIM1
SIM2
SIM3
SIM4
1
21
22
SIM5
SIM1
SIM2
SIM3
SIM4
1
21
22
SIM5
SIM1
SIM2
SIM3
SIM4
1
21
22
SIM5
SIM1
SIM2
SIM3
SIM4
1
21
22
SIM5
SIM1
SIM2
SIM3
SIM4
1
21
22
SIM5
SIM1
SIM2
SIM3
SIM4
1
21
22
SIM5
SIM1
SIM2
SIM3
SIM4
1
21
22
SIM5
SIM1
SIM2
SIM3
SIM4
1
21
22
SIM5
SIM1
SIM2
SIM3
SIM4
1
21
22
SIM5
SIM1
SIM2
SIM3
SIM4
1
21
22
SIM5
SIM1
SIM2
SIM3
SIM4
1
21
22
SIM5
SIM1
SIM2
SIM3
SIM4
1
21
22
SIM5
SIM1
SIM2
SIM3
SIM4
1
21
22
SIM5
SIM1
SIM2
SIM3
SIM4
1
21
22
SIM5
SIM1
SIM2
SIM3
SIM4
1
21
22
SIM5
SIM1
SIM2
SIM3
SIM4
1
21
22
SIM5
SIM1
SIM2
SIM3
SIM4
1
21
22
SIM5
SIM1
SIM2
SIM3
SIM4
1
21
22
SIM5
SIM1
SIM2
SIM3
SIM4
1
21
22
SIM5
SIM1
SIM2
SIM3
SIM4
1
21
22
SIM5
SIM1
SIM2
SIM3
SIM4
1
21
22
SIM5
SIM1
SIM2
SIM3
SIM4
1
21
22
SIM5
SIM1
SIM2
SIM3
SIM4
1
21
22
SIM5
SIM1
SIM2
SIM3
SIM4
1
21
22
SIM5
SIM1
SIM2
SIM3
SIM4
1
21
22
SIM5
SIM1
SIM2
SIM3
SIM4
1
21
22
SIM5
SIM1
SIM2
SIM3
SIM4
1
21
22
SIM5
SIM1
SIM2
SIM3
SIM4
1
21
22
SIM5
SIM1
SIM2
SIM3
SIM4
1
21
22
SIM5
SIM1
SIM2
SIM3
SIM4
1
21
22
SIM5
SIM1
SIM2
SIM3
SIM4
1
21
22
SIM5
SIM1
SIM2
SIM3
SIM4
1
21
22
SIM5
SIM1
SIM2
SIM3
SIM4
1
21
22
SIM5
SIM1
SIM2
SIM3
SIM4
1
21
22
SIM5
SIM1
SIM2
SIM3
SIM4
1
21
22
SIM5
SIM1
SIM2
SIM3
SIM4
1
21
22
SIM5
SIM1
SIM2
SIM3
SIM4
1
21
22
SIM5
SIM1
SIM2
SIM3
SIM4
1
21
22
SIM5
SIM1
SIM2
SIM3
SIM4
1
21
22
SIM5
SIM1
SIM2
SIM3
SIM4
1
21
22
SIM5
SIM1
SIM2
SIM3
SIM4
1
21
22
SIM5
SIM1
SIM2
SIM3
SIM4
1
21
22
SIM5
SIM1
SIM2
SIM3
SIM4
1
21
22
SIM5
SIM1
SIM2
SIM3
SIM4
1
21
22
SIM5
SIM1
SIM2
SIM3
SIM4
1
21
22
SIM5
SIM1
SIM2
SIM3
SIM4
1
21
22
SIM5
SIM1
SIM2
SIM3
SIM4
1
21
22
SIM5
SIM1
SIM2
SIM3
SIM4
1
21
22
SIM5
SIM1
SIM2
SIM3
SIM4
1
21
22
SIM5
SIM1
SIM2
SIM3
SIM4
1
21
22
SIM5
SIM1
SIM2
SIM3
SIM4
1
21
22
SIM5
SIM1
SIM2
SIM3
SIM4
1
21
22
SIM5
SIM1
SIM2
SIM3
SIM4
1
21
22
SIM5
SIM1
SIM2
SIM3
SIM4
1
21
22
SIM5
SIM1
SIM2
SIM3
SIM4
1
21
22
SIM5
SIM1
SIM2
SIM3
SIM4
1
21
22
SIM5
SIM1
SIM2
SIM3
SIM4
1
21
22
SIM5
SIM1
SIM2
SIM3
SIM4
1
21
22
SIM5
SIM1
SIM2
SIM3
SIM4
1
21
22
SIM5
SIM1
SIM2
SIM3
SIM4
1
21
22
SIM5
SIM1
SIM2
SIM3
SIM4
1
21
22
SIM5
SIM1
SIM2
SIM3
SIM4
1
21
22
SIM5
SIM1
SIM2
SIM3
SIM4
1
21
22
SIM5
SIM1
SIM2
SIM3
SIM4
1
21
22
SIM5
SIM1
SIM2
SIM3
SIM4
1
21
22
SIM5
SIM1
SIM2
SIM3
SIM4
1
21
22
SIM5
SIM1
SIM2
SIM3
SIM4
1
21
22
SIM5
SIM1
SIM2
SIM3
SIM4
1
21
22
SIM5
SIM1
SIM2
SIM3
SIM4
1
21
22
SIM5
SIM1
SIM2
SIM3
SIM4
1
21
22
SIM5
SIM1
SIM2
SIM3
SIM4
1
21
22
SIM5
SIM1
SIM2
SIM3
SIM4
1
21
22
SIM5
SIM1
SIM2
SIM3
SIM4
1
21
22
SIM5
SIM1
SIM2
SIM3
SIM4
1
21
22
SIM5
SIM1
SIM2
SIM3
SIM4
1
21
22
SIM5
SIM1
SIM2
SIM3
SIM4
1
21
22
SIM5
SIM1
SIM2
SIM3
SIM4
1
21
22
SIM5
SIM1
SIM2
SIM3
SIM4
1
21
22
SIM5
SIM1
SIM2
SIM3
SIM4
1
21
22
SIM5
SIM1
SIM2
SIM3
SIM4
1
21
22
SIM5
SIM1
SIM2
SIM3
SIM4
1
21
22
SIM5
SIM1
SIM2
SIM3
SIM4
1
21
22
SIM5
SIM1
SIM2
SIM3
SIM4
1
21
22
SIM5
SIM1
SIM2
SIM3
SIM4
1
21
22
SIM5
SIM1
SIM2
SIM3
SIM4
1
21
22
SIM5
SIM1
SIM2
SIM3
SIM4
1
21
22
SIM5
SIM1
SIM2
SIM3
SIM4
1
21
22
SIM5
SIM1
SIM2
SIM3
SIM4
1
21
22
SIM5
SIM1
SIM2
SIM3
SIM4
1
21
22
SIM5
SIM1
SIM2
SIM3
SIM4
1
21
22
SIM5
SIM1
SIM2
SIM3
SIM4
1
21
22
SIM5
SIM1
SIM2
SIM3
SIM4
1
21
22
SIM5
SIM1
SIM2
SIM3
SIM4
1
21
22
SIM5
SIM1
SIM2
SIM3
SIM4
1
21
22
SIM5
SIM1
SIM2
SIM3
SIM4
1
21
22
SIM5
SIM1
SIM2
SIM3
SIM4
1
21
22
SIM5
SIM1
SIM2
SIM3
SIM4
1
21
22
SIM5
SIM1
SIM2
SIM3
SIM4
1
21
22
SIM5
SIM1
SIM2
SIM3
SIM4
1
21
22
SIM5
SIM1
SIM2
SIM3
SIM4
1
21
22
SIM5
SIM1
SIM2
SIM3
SIM4
1
21
22
SIM5
SIM1
SIM2
SIM3
SIM4
1
21
22
SIM5
SIM1
SIM2
SIM3
SIM4
1
21
22
SIM5
SIM1
SIM2
SIM3
SIM4
1
21
22
SIM5
SIM1
SIM2
SIM3
SIM4
1
21
22
SIM5
SIM1
SIM2
SIM3
SIM4
1
21
22
SIM5
SIM1
SIM2
SIM3
SIM4
1
21
22
SIM5
SIM1
SIM2
SIM3
SIM4
1
21
22
SIM5
SIM1
SIM2
SIM3
SIM4
1
21
22
SIM5
SIM1
SIM2
SIM3
SIM4
1
21
22
SIM5
SIM1
SIM2
SIM3
SIM4
1
21
22
SIM5
SIM1
SIM2
SIM3
SIM4
1
21
22
SIM5
SIM1
SIM2
SIM3
SIM4
1
21
22
SIM5
SIM1
SIM2
SIM3
SIM4
1
21
22
SIM5
SIM1
SIM2
SIM3
SIM4
1
21
22
SIM5
SIM1
SIM2
SIM3
SIM4
1
21
22
SIM5
SIM1
SIM2
SIM3
SIM4
1
21
22
SIM5
SIM1
SIM2
SIM3
SIM4
1
21
22
SIM5
SIM1
SIM2
SIM3
SIM4
1
21
22
SIM5
SIM1
SIM2
SIM3
SIM4
1
21
22
SIM5
SIM1
SIM2
SIM3
SIM4
1
21
22
SIM5
SIM1
SIM2
SIM3
SIM4
1
21
22
SIM5
SIM1
SIM2
SIM3
SIM4
1
21
22
SIM5
SIM1
SIM2
SIM3
SIM4
1
21
22
SIM5
SIM1
SIM2
SIM3
SIM4
1
21
22
SIM5
SIM1
SIM2
SIM3
SIM4
1
21
22
SIM5
SIM1
SIM2
SIM3
SIM4
1
21
22
SIM5
SIM1
SIM2
SIM3
SIM4
1
21
22
SIM5
SIM1
SIM2
SIM3
SIM4
1
21
22
SIM5
SIM1
SIM2
SIM3
SIM4
1
21
22
SIM5
SIM1
SIM2
SIM3
SIM4
1
21
22
SIM5
SIM1
SIM2
SIM3
SIM4
1
21
22
SIM5
SIM1
SIM2
SIM3
SIM4
1
21
22
SIM5
SIM1
SIM2
SIM3
SIM4
1
21
22
SIM5
SIM1
SIM2
SIM3
SIM4
1
21
22
SIM5
SIM1
SIM2
SIM3
SIM4
1
21
22
SIM5
SIM1
SIM2
SIM3
SIM4
1
21
22
SIM5
SIM1
SIM2
SIM3
SIM4
1
21
22
SIM5
SIM1
SIM2
SIM3
SIM4
1
21
22
SIM5
SIM1
SIM2
SIM3
SIM4
1
21
22
SIM5
SIM1
SIM2
SIM3
SIM4
1
21
22
SIM5
SIM1
SIM2
SIM3
SIM4
1
21
22
SIM5
SIM1
SIM2
SIM3
SIM4
1
21
22
SIM5
SIM1
SIM2
SIM3
SIM4
1
21
22
SIM5
SIM1
SIM2
SIM3
SIM4
1
21
22
SIM5
SIM1
SIM2
SIM3
SIM4
1
21
22
SIM5
SIM1
SIM2
SIM3
SIM4
1
21
22
SIM5
SIM1
SIM2
SIM3
SIM4
1
21
22
SIM5
SIM1
SIM2
SIM3
SIM4
1
21
22
SIM5
SIM1
SIM2
SIM3
SIM4
1
21
22
SIM5
SIM1
SIM2
SIM3
SIM4
1
21
22
SIM5
SIM1
SIM2
SIM3
SIM4
1
21
22
SIM5
SIM1
SIM2
SIM3
SIM4
1
21
22
SIM5
SIM1
SIM2
SIM3
SIM4
1
21
22
SIM5
SIM1
SIM2
SIM3
SIM4
1
21
22
SIM5
SIM1
SIM2
SIM3
SIM4
1
21
22
SIM5
SIM1
SIM2
SIM3
SIM4
1
21
22
SIM5
SIM1
SIM2
SIM3
SIM4
1
21
22
SIM5
SIM1
SIM2
SIM3
SIM4
1
21
22
SIM5
SIM1
SIM2
SIM3
SIM4
1
21
22
SIM5
SIM1
SIM2
SIM3
SIM4
1
21
22
SIM5
SIM1
SIM2
SIM3
SIM4
1
21
22
SIM5
SIM1
SIM2
SIM3
SIM4
1
21
22
SIM5
SIM1
SIM2
SIM3
SIM4
1
21
22
SIM5
SIM1
SIM2
SIM3
SIM4
1
21
22
SIM5
SIM1
SIM2
SIM3
SIM4
1
21
22
SIM5
SIM1
SIM2
SIM3
SIM4
1
21
22
SIM5
SIM1
SIM2
SIM3
SIM4
1
21
22
SIM5
SIM1
SIM2
SIM3
SIM4
1
21
22
SIM5
SIM1
SIM2
SIM3
SIM4
1
21
22
SIM5
SIM1
SIM2
SIM3
SIM4
1
21
22
SIM5
SIM1
SIM2
SIM3
SIM4
1
21
22
SIM5
SIM1
SIM2
SIM3
SIM4
1
21
22
SIM5
SIM1
SIM2
SIM3
SIM4
1
21
22
SIM5
SIM1
SIM2
SIM3
SIM4
1
21
22
SIM5
SIM1
SIM2
SIM3
SIM4
1
21
22
SIM5
SIM1
SIM2
SIM3
SIM4
1
21
22
SIM5
SIM1
SIM2
SIM3
SIM4
1
21
22
SIM5
SIM1
SIM2
SIM3
SIM4
1
21
22
SIM5
SIM1
SIM2
SIM3
SIM4
1
21
22
SIM5
SIM1
SIM2
SIM3
SIM4
1
21
22
SIM5
SIM1
SIM2
SIM3
SIM4
1
21
22
SIM5
SIM1
SIM2
SIM3
SIM4
1
21
22
SIM5
SIM1
SIM2
SIM3
SIM4
1
21
22
SIM5
SIM1
SIM2
SIM3
SIM4
1
21
22
SIM5
SIM1
SIM2
SIM3
SIM4
1
21
22
SIM5
SIM1
SIM2
SIM3
SIM4
1
21
22
SIM5
SIM1
SIM2
SIM3
SIM4
1
21
22
SIM5
SIM1
SIM2
SIM3
SIM4
1
21
22
SIM5
SIM1
SIM2
SIM3
SIM4
1
21
22
SIM5
SIM1
SIM2
SIM3
SIM4
1
21
22
SIM5
SIM1
SIM2
SIM3
SIM4
1
21
22
SIM5
SIM1
SIM2
SIM3
SIM4
1
21
22
SIM5
SIM1
SIM2
SIM3
SIM4
1
21
22
SIM5
SIM1
SIM2
SIM3
SIM4
1
21
22
SIM5
SIM1
SIM2
SIM3
SIM4
1
21
22
SIM5
SIM1
SIM2
SIM3
SIM4
1
21
22
SIM5
SIM1
SIM2
SIM3
SIM4
1
21
22
SIM5
SIM1
SIM2
SIM3
SIM4
1
21
22
SIM5
SIM1
SIM2
SIM3
SIM4
1
21
22
SIM5
SIM1
SIM2
SIM3
SIM4
1
21
22
SIM5
SIM1
SIM2
SIM3
SIM4
1
21
22
SIM5
SIM1
SIM2
SIM3
SIM4
1
21
22
SIM5
SIM1
SIM2
SIM3
SIM4
1
21
22
SIM5
SIM1
SIM2
SIM3
SIM4
1
21
22
SIM5
SIM1
SIM2
SIM3
SIM4
1
21
22
SIM5
SIM1
SIM2
SIM3
SIM4
1
21
22
SIM5
SIM1
SIM2
SIM3
SIM4
1
21
22
SIM5
SIM1
SIM2
SIM3
SIM4
1
21
22
SIM5
SIM1
SIM2
SIM3
SIM4
1
21
22
SIM5
SIM1
SIM2
DEBUG 1 346
SIM1
SIM2
SIM3
SIM4
1
21
22
SIM5
SIM1
SIM2
SIM3
SIM4
1
21
22
SIM5
SIM1
SIM2
SIM3
SIM4
1
21
22
SIM5
SIM1
SIM2
SIM3
SIM4
1
21
22
SIM5
SIM1
SIM2
SIM3
SIM4
1
21
22
SIM5
SIM1
SIM2
SIM3
SIM4
1
21
22
SIM5
SIM1
SIM2
SIM3
SIM4
1
21
22
SIM5
SIM1
SIM2
SIM3
SIM4
1
21
22
SIM5
SIM1
SIM2
SIM3
SIM4
1
21
22
SIM5
SIM1
SIM2
SIM3
SIM4
1
21
22
SIM5
SIM1
SIM2
SIM3
SIM4
1
21
22
SIM5
SIM1
SIM2
SIM3
SIM4
1
21
22
SIM5
SIM1
SIM2
SIM3
SIM4
1
21
22
SIM5
SIM1
SIM2
SIM3
SIM4
1
21
22
SIM5
SIM1
SIM2
SIM3
SIM4
1
21
22
SIM5
SIM1
SIM2
SIM3
SIM4
1
21
22
SIM5
SIM1
SIM2
SIM3
SIM4
1
21
22
SIM5
SIM1
SIM2
SIM3
SIM4
1
21
22
SIM5
SIM1
SIM2
SIM3
SIM4
1
21
22
SIM5
SIM1
SIM2
SIM3
SIM4
1
21
22
SIM5
SIM1
SIM2
SIM3
SIM4
1
21
22
SIM5
SIM1
SIM2
SIM3
SIM4
1
21
22
SIM5
SIM1
SIM2
SIM3
SIM4
1
21
22
SIM5
SIM1
SIM2
SIM3
SIM4
1
21
22
SIM5
SIM1
SIM2
SIM3
SIM4
1
21
22
SIM5
SIM1
SIM2
SIM3
SIM4
1
21
22
SIM5
SIM1
SIM2
SIM3
SIM4
1
21
22
SIM5
SIM1
SIM2
SIM3
SIM4
1
21
22
SIM5
SIM1
SIM2
SIM3
SIM4
1
21
22
SIM5
SIM1
SIM2
SIM3
SIM4
1
21
22
SIM5
SIM1
SIM2
SIM3
SIM4
1
21
22
SIM5
SIM1
SIM2
SIM3
SIM4
1
21
22
SIM5
SIM1
SIM2
SIM3
SIM4
1
21
22
SIM5
SIM1
SIM2
SIM3
SIM4
1
21
22
SIM5
SIM1
SIM2
SIM3
SIM4
1
21
22
SIM5
SIM1
SIM2
SIM3
SIM4
1
21
22
SIM5
SIM1
SIM2
SIM3
SIM4
1
21
22
SIM5
SIM1
SIM2
SIM3
SIM4
1
21
22
SIM5
SIM1
SIM2
SIM3
SIM4
1
21
22
SIM5
SIM1
SIM2
SIM3
SIM4
1
21
22
SIM5
SIM1
SIM2
SIM3
SIM4
1
21
22
SIM5
SIM1
SIM2
SIM3
SIM4
1
21
22
SIM5
SIM1
SIM2
SIM3
SIM4
1
21
22
SIM5
SIM1
SIM2
SIM3
SIM4
1
21
22
SIM5
SIM1
SIM2
SIM3
SIM4
1
21
22
SIM5
SIM1
SIM2
SIM3
SIM4
1
21
22
SIM5
SIM1
SIM2
SIM3
SIM4
1
21
22
SIM5
SIM1
SIM2
SIM3
SIM4
1
21
22
SIM5
SIM1
SIM2
SIM3
SIM4
1
21
22
SIM5
SIM1
SIM2
SIM3
SIM4
1
21
22
SIM5
SIM1
SIM2
SIM3
SIM4
1
21
22
SIM5
SIM1
SIM2
SIM3
SIM4
1
21
22
SIM5
SIM1
SIM2
SIM3
SIM4
1
21
22
SIM5
SIM1
SIM2
SIM3
SIM4
1
21
22
SIM5
SIM1
SIM2
SIM3
SIM4
1
21
22
SIM5
SIM1
SIM2
SIM3
SIM4
1
21
22
SIM5
SIM1
SIM2
SIM3
SIM4
1
21
22
SIM5
SIM1
SIM2
SIM3
SIM4
1
21
22
SIM5
SIM1
SIM2
SIM3
SIM4
1
21
22
SIM5
SIM1
SIM2
SIM3
SIM4
1
21
22
SIM5
SIM1
SIM2
SIM3
SIM4
1
21
22
SIM5
SIM1
SIM2
SIM3
SIM4
1
21
22
SIM5
SIM1
SIM2
SIM3
SIM4
1
21
22
SIM5
SIM1
SIM2
SIM3
SIM4
1
21
22
SIM5
SIM1
SIM2
SIM3
SIM4
1
21
22
SIM5
SIM1
SIM2
SIM3
SIM4
1
21
22
SIM5
SIM1
SIM2
SIM3
SIM4
1
21
22
SIM5
SIM1
SIM2
SIM3
SIM4
1
21
22
SIM5
SIM1
SIM2
SIM3
SIM4
1
21
22
SIM5
SIM1
SIM2
SIM3
SIM4
1
21
22
SIM5
SIM1
SIM2
SIM3
SIM4
1
21
22
SIM5
SIM1
SIM2
SIM3
SIM4
1
21
22
SIM5
SIM1
SIM2
SIM3
SIM4
1
21
22
SIM5
SIM1
SIM2
SIM3
SIM4
1
21
22
SIM5
SIM1
SIM2
SIM3
SIM4
1
21
22
SIM5
SIM1
SIM2
SIM3
SIM4
1
21
22
SIM5
SIM1
SIM2
SIM3
SIM4
1
21
22
SIM5
SIM1
SIM2
SIM3
SIM4
1
21
22
SIM5
SIM1
SIM2
SIM3
SIM4
1
21
22
SIM5
SIM1
SIM2
SIM3
SIM4
1
21
22
SIM5
SIM1
SIM2
SIM3
SIM4
1
21
22
SIM5
SIM1
SIM2
SIM3
SIM4
1
21
22
SIM5
SIM1
SIM2
SIM3
SIM4
1
21
22
SIM5
SIM1
SIM2
SIM3
SIM4
1
21
22
SIM5
SIM1
SIM2
SIM3
SIM4
1
21
22
SIM5
SIM1
SIM2
SIM3
SIM4
1
21
22
SIM5
SIM1
SIM2
SIM3
SIM4
1
21
22
SIM5
SIM1
SIM2
SIM3
SIM4
1
21
22
SIM5
SIM1
SIM2
SIM3
SIM4
1
21
22
SIM5
SIM1
SIM2
SIM3
SIM4
1
21
22
SIM5
SIM1
SIM2
SIM3
SIM4
1
21
22
SIM5
SIM1
SIM2
SIM3
SIM4
1
21
22
SIM5
SIM1
SIM2
SIM3
SIM4
1
21
22
SIM5
SIM1
SIM2
SIM3
SIM4
1
21
22
SIM5
SIM1
SIM2
SIM3
SIM4
1
21
22
SIM5
SIM1
SIM2
SIM3
SIM4
1
21
22
SIM5
SIM1
SIM2
SIM3
SIM4
1
21
22
SIM5
SIM1
SIM2
SIM3
SIM4
1
21
22
SIM5
SIM1
SIM2
SIM3
SIM4
1
21
22
SIM5
SIM1
SIM2
SIM3
SIM4
1
21
22
SIM5
SIM1
SIM2
SIM3
SIM4
1
21
22
SIM5
SIM1
SIM2
SIM3
SIM4
1
21
22
SIM5
SIM1
SIM2
SIM3
SIM4
1
21
22
SIM5
SIM1
SIM2
SIM3
SIM4
1
21
22
SIM5
SIM1
SIM2
SIM3
SIM4
1
21
22
SIM5
SIM1
SIM2
SIM3
SIM4
1
21
22
SIM5
SIM1
SIM2
SIM3
SIM4
1
21
22
SIM5
SIM1
SIM2
SIM3
SIM4
1
21
22
SIM5
SIM1
SIM2
SIM3
SIM4
1
21
22
SIM5
SIM1
SIM2
SIM3
SIM4
1
21
22
SIM5
SIM1
SIM2
SIM3
SIM4
1
21
22
SIM5
SIM1
SIM2
SIM3
SIM4
1
21
22
SIM5
SIM1
SIM2
SIM3
SIM4
1
21
22
SIM5
SIM1
SIM2
SIM3
SIM4
1
21
22
SIM5
SIM1
SIM2
SIM3
SIM4
1
21
22
SIM5
SIM1
SIM2
SIM3
SIM4
1
21
22
SIM5
SIM1
SIM2
SIM3
SIM4
1
21
22
SIM5
SIM1
SIM2
SIM3
SIM4
1
21
22
SIM5
SIM1
SIM2
SIM3
SIM4
1
21
22
SIM5
SIM1
SIM2
SIM3
SIM4
1
21
22
SIM5
SIM1
SIM2
SIM3
SIM4
1
21
22
SIM5
SIM1
SIM2
SIM3
SIM4
1
21
22
SIM5
SIM1
SIM2
SIM3
SIM4
1
21
22
SIM5
SIM1
SIM2
SIM3
SIM4
1
21
22
SIM5
SIM1
SIM2
SIM3
SIM4
1
21
22
SIM5
SIM1
SIM2
SIM3
SIM4
1
21
22
SIM5
SIM1
SIM2
SIM3
SIM4
1
21
22
SIM5
SIM1
SIM2
SIM3
SIM4
1
21
22
SIM5
SIM1
SIM2
SIM3
SIM4
1
21
22
SIM5
SIM1
SIM2
SIM3
SIM4
1
21
22
SIM5
SIM1
SIM2
SIM3
SIM4
1
21
22
SIM5
SIM1
SIM2
SIM3
SIM4
1
21
22
SIM5
SIM1
SIM2
SIM3
SIM4
1
21
22
SIM5
SIM1
SIM2
SIM3
SIM4
1
21
22
SIM5
SIM1
SIM2
SIM3
SIM4
1
21
22
SIM5
SIM1
SIM2
SIM3
SIM4
1
21
22
SIM5
SIM1
SIM2
SIM3
SIM4
1
21
22
SIM5
SIM1
SIM2
SIM3
SIM4
1
21
22
SIM5
SIM1
SIM2
SIM3
SIM4
1
21
22
SIM5
SIM1
SIM2
SIM3
SIM4
1
21
22
SIM5
SIM1
SIM2
SIM3
SIM4
1
21
22
SIM5
SIM1
SIM2
SIM3
SIM4
1
21
22
SIM5
SIM1
SIM2
SIM3
SIM4
1
21
22
SIM5
SIM1
SIM2
SIM3
SIM4
1
21
22
SIM5
SIM1
SIM2
SIM3
SIM4
1
21
22
SIM5
SIM1
SIM2
SIM3
SIM4
1
21
22
SIM5
SIM1
SIM2
SIM3
SIM4
1
21
22
SIM5
SIM1
SIM2
SIM3
SIM4
1
21
22
SIM5
SIM1
SIM2
SIM3
SIM4
1
21
22
SIM5
SIM1
SIM2
SIM3
SIM4
1
21
22
SIM5
SIM1
SIM2
SIM3
SIM4
1
21
22
SIM5
SIM1
SIM2
SIM3
SIM4
1
21
22
SIM5
SIM1
SIM2
SIM3
SIM4
1
21
22
SIM5
SIM1
SIM2
SIM3
SIM4
1
21
22
SIM5
SIM1
SIM2
SIM3
SIM4
1
21
22
SIM5
SIM1
SIM2
SIM3
SIM4
1
21
22
SIM5
SIM1
SIM2
SIM3
SIM4
1
21
22
SIM5
SIM1
SIM2
SIM3
SIM4
1
21
22
SIM5
SIM1
SIM2
SIM3
SIM4
1
21
22
SIM5
SIM1
SIM2
SIM3
SIM4
1
21
22
SIM5
SIM1
SIM2
DEBUG 1 347
SIM1
SIM2
SIM3
SIM4
1
21
22
SIM5
SIM1
SIM2
SIM3
SIM4
1
21
22
SIM5
SIM1
SIM2
SIM3
SIM4
1
21
22
SIM5
SIM1
SIM2
SIM3
SIM4
1
21
22
SIM5
SIM1
SIM2
SIM3
SIM4
1
21
22
SIM5
SIM1
SIM2
SIM3
SIM4
1
21
22
SIM5
SIM1
SIM2
SIM3
SIM4
1
21
22
SIM5
SIM1
SIM2
SIM3
SIM4
1
21
22
SIM5
SIM1
SIM2
SIM3
SIM4
1
21
22
SIM5
SIM1
SIM2
SIM3
SIM4
1
21
22
SIM5
SIM1
SIM2
SIM3
SIM4
1
21
22
SIM5
SIM1
SIM2
SIM3
SIM4
1
21
22
SIM5
SIM1
SIM2
SIM3
SIM4
1
21
22
SIM5
SIM1
SIM2
SIM3
SIM4
1
21
22
SIM5
SIM1
SIM2
SIM3
SIM4
1
21
22
SIM5
SIM1
SIM2
SIM3
SIM4
1
21
22
SIM5
SIM1
SIM2
SIM3
SIM4
1
21
22
SIM5
SIM1
SIM2
SIM3
SIM4
1
21
22
SIM5
SIM1
SIM2
SIM3
SIM4
1
21
22
SIM5
SIM1
SIM2
SIM3
SIM4
1
21
22
SIM5
SIM1
SIM2
SIM3
SIM4
1
21
22
SIM5
SIM1
SIM2
SIM3
SIM4
1
21
22
SIM5
SIM1
SIM2
SIM3
SIM4
1
21
22
SIM5
SIM1
SIM2
SIM3
SIM4
1
21
22
SIM5
SIM1
SIM2
SIM3
SIM4
1
21
22
SIM5
SIM1
SIM2
SIM3
SIM4
1
21
22
SIM5
SIM1
SIM2
SIM3
SIM4
1
21
22
SIM5
SIM1
SIM2
SIM3
SIM4
1
21
22
SIM5
SIM1
SIM2
SIM3
SIM4
1
21
22
SIM5
SIM1
SIM2
SIM3
SIM4
1
21
22
SIM5
SIM1
SIM2
SIM3
SIM4
1
21
22
SIM5
SIM1
SIM2
SIM3
SIM4
1
21
22
SIM5
SIM1
SIM2
SIM3
SIM4
1
21
22
SIM5
SIM1
SIM2
SIM3
SIM4
1
21
22
SIM5
SIM1
SIM2
SIM3
SIM4
1
21
22
SIM5
SIM1
SIM2
SIM3
SIM4
1
21
22
SIM5
SIM1
SIM2
SIM3
SIM4
1
21
22
SIM5
SIM1
SIM2
SIM3
SIM4
1
21
22
SIM5
SIM1
SIM2
SIM3
SIM4
1
21
22
SIM5
SIM1
SIM2
SIM3
SIM4
1
21
22
SIM5
SIM1
SIM2
SIM3
SIM4
1
21
22
SIM5
SIM1
SIM2
SIM3
SIM4
1
21
22
SIM5
SIM1
SIM2
SIM3
SIM4
1
21
22
SIM5
SIM1
SIM2
SIM3
SIM4
1
21
22
SIM5
SIM1
SIM2
SIM3
SIM4
1
21
22
SIM5
SIM1
SIM2
SIM3
SIM4
1
21
22
SIM5
SIM1
SIM2
SIM3
SIM4
1
21
22
SIM5
SIM1
SIM2
SIM3
SIM4
1
21
22
SIM5
SIM1
SIM2
SIM3
SIM4
1
21
22
SIM5
SIM1
SIM2
SIM3
SIM4
1
21
22
SIM5
SIM1
SIM2
SIM3
SIM4
1
21
22
SIM5
SIM1
SIM2
SIM3
SIM4
1
21
22
SIM5
SIM1
SIM2
SIM3
SIM4
1
21
22
SIM5
SIM1
SIM2
SIM3
SIM4
1
21
22
SIM5
SIM1
SIM2
SIM3
SIM4
1
21
22
SIM5
SIM1
SIM2
SIM3
SIM4
1
21
22
SIM5
SIM1
SIM2
SIM3
SIM4
1
21
22
SIM5
SIM1
SIM2
SIM3
SIM4
1
21
22
SIM5
SIM1
SIM2
SIM3
SIM4
1
21
22
SIM5
SIM1
SIM2
SIM3
SIM4
1
21
22
SIM5
SIM1
SIM2
SIM3
SIM4
1
21
22
SIM5
SIM1
SIM2
SIM3
SIM4
1
21
22
SIM5
SIM1
SIM2
SIM3
SIM4
1
21
22
SIM5
SIM1
SIM2
SIM3
SIM4
1
21
22
SIM5
SIM1
SIM2
SIM3
SIM4
1
21
22
SIM5
SIM1
SIM2
SIM3
SIM4
1
21
22
SIM5
SIM1
SIM2
SIM3
SIM4
1
21
22
SIM5
SIM1
SIM2
SIM3
SIM4
1
21
22
SIM5
SIM1
SIM2
SIM3
SIM4
1
21
22
SIM5
SIM1
SIM2
SIM3
SIM4
1
21
22
SIM5
SIM1
SIM2
SIM3
SIM4
1
21
22
SIM5
SIM1
SIM2
SIM3
SIM4
1
21
22
SIM5
SIM1
SIM2
SIM3
SIM4
1
21
22
SIM5
SIM1
SIM2
SIM3
SIM4
1
21
22
SIM5
SIM1
SIM2
SIM3
SIM4
1
21
22
SIM5
SIM1
SIM2
SIM3
SIM4
1
21
22
SIM5
SIM1
SIM2
SIM3
SIM4
1
21
22
SIM5
SIM1
SIM2
SIM3
SIM4
1
21
22
SIM5
SIM1
SIM2
SIM3
SIM4
1
21
22
SIM5
SIM1
SIM2
SIM3
SIM4
1
21
22
SIM5
SIM1
SIM2
SIM3
SIM4
1
21
22
SIM5
SIM1
SIM2
SIM3
SIM4
1
21
22
SIM5
SIM1
SIM2
SIM3
SIM4
1
21
22
SIM5
SIM1
SIM2
SIM3
SIM4
1
21
22
SIM5
SIM1
SIM2
SIM3
SIM4
1
21
22
SIM5
SIM1
SIM2
SIM3
SIM4
1
21
22
SIM5
SIM1
SIM2
SIM3
SIM4
1
21
22
SIM5
SIM1
SIM2
SIM3
SIM4
1
21
22
SIM5
SIM1
SIM2
SIM3
SIM4
1
21
22
SIM5
SIM1
SIM2
SIM3
SIM4
1
21
22
SIM5
SIM1
SIM2
SIM3
SIM4
1
21
22
SIM5
SIM1
SIM2
SIM3
SIM4
1
21
22
SIM5
SIM1
SIM2
SIM3
SIM4
1
21
22
SIM5
SIM1
SIM2
SIM3
SIM4
1
21
22
SIM5
SIM1
SIM2
SIM3
SIM4
1
21
22
SIM5
SIM1
SIM2
SIM3
SIM4
1
21
22
SIM5
SIM1
SIM2
SIM3
SIM4
1
21
22
SIM5
SIM1
SIM2
SIM3
SIM4
1
21
22
SIM5
SIM1
SIM2
SIM3
SIM4
1
21
22
SIM5
SIM1
SIM2
SIM3
SIM4
1
21
22
SIM5
SIM1
SIM2
SIM3
SIM4
1
21
22
SIM5
SIM1
SIM2
SIM3
SIM4
1
21
22
SIM5
SIM1
SIM2
SIM3
SIM4
1
21
22
SIM5
SIM1
SIM2
SIM3
SIM4
1
21
22
SIM5
SIM1
SIM2
SIM3
SIM4
1
21
22
SIM5
SIM1
SIM2
SIM3
SIM4
1
21
22
SIM5
SIM1
SIM2
SIM3
SIM4
1
21
22
SIM5
SIM1
SIM2
SIM3
SIM4
1
21
22
SIM5
SIM1
SIM2
SIM3
SIM4
1
21
22
SIM5
SIM1
SIM2
SIM3
SIM4
1
21
22
SIM5
SIM1
SIM2
SIM3
SIM4
1
21
22
SIM5
SIM1
SIM2
SIM3
SIM4
1
21
22
SIM5
SIM1
SIM2
SIM3
SIM4
1
21
22
SIM5
SIM1
SIM2
SIM3
SIM4
1
21
22
SIM5
SIM1
SIM2
SIM3
SIM4
1
21
22
SIM5
SIM1
SIM2
SIM3
SIM4
1
21
22
SIM5
SIM1
SIM2
SIM3
SIM4
1
21
22
SIM5
SIM1
SIM2
SIM3
SIM4
1
21
22
SIM5
SIM1
SIM2
SIM3
SIM4
1
21
22
SIM5
SIM1
SIM2
SIM3
SIM4
1
21
22
SIM5
SIM1
SIM2
SIM3
SIM4
1
21
22
SIM5
SIM1
SIM2
SIM3
SIM4
1
21
22
SIM5
SIM1
SIM2
SIM3
SIM4
1
21
22
SIM5
SIM1
SIM2
SIM3
SIM4
1
21
22
SIM5
SIM1
SIM2
SIM3
SIM4
1
21
22
SIM5
SIM1
SIM2
SIM3
SIM4
1
21
22
SIM5
SIM1
SIM2
SIM3
SIM4
1
21
22
SIM5
SIM1
SIM2
SIM3
SIM4
1
21
22
SIM5
SIM1
SIM2
SIM3
SIM4
1
21
22
SIM5
SIM1
SIM2
SIM3
SIM4
1
21
22
SIM5
SIM1
SIM2
SIM3
SIM4
1
21
22
SIM5
SIM1
SIM2
SIM3
SIM4
1
21
22
SIM5
SIM1
SIM2
SIM3
SIM4
1
21
22
SIM5
SIM1
SIM2
SIM3
SIM4
1
21
22
SIM5
SIM1
SIM2
DEBUG 1 348
SIM1
SIM2
SIM3
SIM4
1
21
22
SIM5
SIM1
SIM2
SIM3
SIM4
1
21
22
SIM5
SIM1
SIM2
SIM3
SIM4
1
21
22
SIM5
SIM1
SIM2
SIM3
SIM4
1
21
22
SIM5
SIM1
SIM2
SIM3
SIM4
1
21
22
SIM5
SIM1
SIM2
SIM3
SIM4
1
21
22
SIM5
SIM1
SIM2
SIM3
SIM4
1
21
22
SIM5
SIM1
SIM2
SIM3
SIM4
1
21
22
SIM5
SIM1
SIM2
SIM3
SIM4
1
21
22
SIM5
SIM1
SIM2
SIM3
SIM4
1
21
22
SIM5
SIM1
SIM2
SIM3
SIM4
1
21
22
SIM5
SIM1
SIM2
SIM3
SIM4
1
21
22
SIM5
SIM1
SIM2
SIM3
SIM4
1
21
22
SIM5
SIM1
SIM2
SIM3
SIM4
1
21
22
SIM5
SIM1
SIM2
SIM3
SIM4
1
21
22
SIM5
SIM1
SIM2
SIM3
SIM4
1
21
22
SIM5
SIM1
SIM2
SIM3
SIM4
1
21
22
SIM5
SIM1
SIM2
SIM3
SIM4
1
21
22
SIM5
SIM1
SIM2
SIM3
SIM4
1
21
22
SIM5
SIM1
SIM2
SIM3
SIM4
1
21
22
SIM5
SIM1
SIM2
SIM3
SIM4
1
21
22
SIM5
SIM1
SIM2
SIM3
SIM4
1
21
22
SIM5
SIM1
SIM2
SIM3
SIM4
1
21
22
SIM5
SIM1
SIM2
SIM3
SIM4
1
21
22
SIM5
SIM1
SIM2
SIM3
SIM4
1
21
22
SIM5
SIM1
SIM2
SIM3
SIM4
1
21
22
SIM5
SIM1
SIM2
SIM3
SIM4
1
21
22
SIM5
SIM1
SIM2
SIM3
SIM4
1
21
22
SIM5
SIM1
SIM2
SIM3
SIM4
1
21
22
SIM5
SIM1
SIM2
SIM3
SIM4
1
21
22
SIM5
SIM1
SIM2
SIM3
SIM4
1
21
22
SIM5
SIM1
SIM2
SIM3
SIM4
1
21
22
SIM5
SIM1
SIM2
SIM3
SIM4
1
21
22
SIM5
SIM1
SIM2
SIM3
SIM4
1
21
22
SIM5
SIM1
SIM2
SIM3
SIM4
1
21
22
SIM5
SIM1
SIM2
SIM3
SIM4
1
21
22
SIM5
SIM1
SIM2
SIM3
SIM4
1
21
22
SIM5
SIM1
SIM2
SIM3
SIM4
1
21
22
SIM5
SIM1
SIM2
SIM3
SIM4
1
21
22
SIM5
SIM1
SIM2
SIM3
SIM4
1
21
22
SIM5
SIM1
SIM2
SIM3
SIM4
1
21
22
SIM5
SIM1
SIM2
SIM3
SIM4
1
21
22
SIM5
SIM1
SIM2
SIM3
SIM4
1
21
22
SIM5
SIM1
SIM2
SIM3
SIM4
1
21
22
SIM5
SIM1
SIM2
SIM3
SIM4
1
21
22
SIM5
SIM1
SIM2
SIM3
SIM4
1
21
22
SIM5
SIM1
SIM2
SIM3
SIM4
1
21
22
SIM5
SIM1
SIM2
SIM3
SIM4
1
21
22
SIM5
SIM1
SIM2
SIM3
SIM4
1
21
22
SIM5
SIM1
SIM2
SIM3
SIM4
1
21
22
SIM5
SIM1
SIM2
SIM3
SIM4
1
21
22
SIM5
SIM1
SIM2
SIM3
SIM4
1
21
22
SIM5
SIM1
SIM2
SIM3
SIM4
1
21
22
SIM5
SIM1
SIM2
SIM3
SIM4
1
21
22
SIM5
SIM1
SIM2
SIM3
SIM4
1
21
22
SIM5
SIM1
SIM2
SIM3
SIM4
1
21
22
SIM5
SIM1
SIM2
SIM3
SIM4
1
21
22
SIM5
SIM1
SIM2
SIM3
SIM4
1
21
22
SIM5
SIM1
SIM2
SIM3
SIM4
1
21
22
SIM5
SIM1
SIM2
SIM3
SIM4
1
21
22
SIM5
SIM1
SIM2
SIM3
SIM4
1
21
22
SIM5
SIM1
SIM2
SIM3
SIM4
1
21
22
SIM5
SIM1
SIM2
SIM3
SIM4
1
21
22
SIM5
SIM1
SIM2
SIM3
SIM4
1
21
22
SIM5
SIM1
SIM2
SIM3
SIM4
1
21
22
SIM5
SIM1
SIM2
SIM3
SIM4
1
21
22
SIM5
SIM1
SIM2
SIM3
SIM4
1
21
22
SIM5
SIM1
SIM2
SIM3
SIM4
1
21
22
SIM5
SIM1
SIM2
SIM3
SIM4
1
21
22
SIM5
SIM1
SIM2
SIM3
SIM4
1
21
22
SIM5
SIM1
SIM2
SIM3
SIM4
1
21
22
SIM5
SIM1
SIM2
SIM3
SIM4
1
21
22
SIM5
SIM1
SIM2
SIM3
SIM4
1
21
22
SIM5
SIM1
SIM2
SIM3
SIM4
1
21
22
SIM5
SIM1
SIM2
SIM3
SIM4
1
21
22
SIM5
SIM1
SIM2
SIM3
SIM4
1
21
22
SIM5
SIM1
SIM2
SIM3
SIM4
1
21
22
SIM5
SIM1
SIM2
SIM3
SIM4
1
21
22
SIM5
SIM1
SIM2
SIM3
SIM4
1
21
22
SIM5
SIM1
SIM2
SIM3
SIM4
1
21
22
SIM5
SIM1
SIM2
SIM3
SIM4
1
21
22
SIM5
SIM1
SIM2
SIM3
SIM4
1
21
22
SIM5
SIM1
SIM2
SIM3
SIM4
1
21
22
SIM5
SIM1
SIM2
SIM3
SIM4
1
21
22
SIM5
SIM1
SIM2
SIM3
SIM4
1
21
22
SIM5
SIM1
SIM2
SIM3
SIM4
1
21
22
SIM5
SIM1
SIM2
SIM3
SIM4
1
21
22
SIM5
SIM1
SIM2
SIM3
SIM4
1
21
22
SIM5
SIM1
SIM2
SIM3
SIM4
1
21
22
SIM5
SIM1
SIM2
SIM3
SIM4
1
21
22
SIM5
SIM1
SIM2
SIM3
SIM4
1
21
22
SIM5
SIM1
SIM2
SIM3
SIM4
1
21
22
SIM5
SIM1
SIM2
SIM3
SIM4
1
21
22
SIM5
SIM1
SIM2
SIM3
SIM4
1
21
22
SIM5
SIM1
SIM2
SIM3
SIM4
1
21
22
SIM5
SIM1
SIM2
SIM3
SIM4
1
21
22
SIM5
SIM1
SIM2
SIM3
SIM4
1
21
22
SIM5
SIM1
SIM2
SIM3
SIM4
1
21
22
SIM5
SIM1
SIM2
SIM3
SIM4
1
21
22
SIM5
SIM1
SIM2
SIM3
SIM4
1
21
22
SIM5
SIM1
SIM2
SIM3
SIM4
1
21
22
SIM5
SIM1
SIM2
SIM3
SIM4
1
21
22
SIM5
SIM1
SIM2
SIM3
SIM4
1
21
22
SIM5
SIM1
SIM2
SIM3
SIM4
1
21
22
SIM5
SIM1
SIM2
SIM3
SIM4
1
21
22
SIM5
SIM1
SIM2
SIM3
SIM4
1
21
22
SIM5
SIM1
SIM2
SIM3
SIM4
1
21
22
SIM5
SIM1
SIM2
SIM3
SIM4
1
21
22
SIM5
SIM1
SIM2
SIM3
SIM4
1
21
22
SIM5
SIM1
SIM2
SIM3
SIM4
1
21
22
SIM5
SIM1
SIM2
SIM3
SIM4
1
21
22
SIM5
SIM1
SIM2
SIM3
SIM4
1
21
22
SIM5
SIM1
SIM2
SIM3
SIM4
1
21
22
SIM5
SIM1
SIM2
SIM3
SIM4
1
21
22
SIM5
SIM1
SIM2
SIM3
SIM4
1
21
22
SIM5
SIM1
SIM2
SIM3
SIM4
1
21
22
SIM5
SIM1
SIM2
SIM3
SIM4
1
21
22
SIM5
SIM1
SIM2
SIM3
SIM4
1
21
22
SIM5
SIM1
SIM2
SIM3
SIM4
1
21
22
SIM5
SIM1
SIM2
SIM3
SIM4
1
21
22
SIM5
SIM1
SIM2
SIM3
SIM4
1
21
22
SIM5
SIM1
SIM2
SIM3
SIM4
1
21
22
SIM5
SIM1
SIM2
SIM3
SIM4
1
21
22
SIM5
SIM1
SIM2
SIM3
SIM4
1
21
22
SIM5
SIM1
SIM2
SIM3
SIM4
1
21
22
SIM5
SIM1
SIM2
SIM3
SIM4
1
21
22
SIM5
SIM1
SIM2
SIM3
SIM4
1
21
22
SIM5
SIM1
SIM2
SIM3
SIM4
1
21
22
SIM5
SIM1
SIM2
SIM3
SIM4
1
21
22
SIM5
SIM1
SIM2
SIM3
SIM4
1
21
22
SIM5
SIM1
SIM2
SIM3
SIM4
1
21
22
SIM5
SIM1
SIM2
SIM3
SIM4
1
21
22
SIM5
SIM1
SIM2
SIM3
SIM4
1
21
22
SIM5
SIM1
SIM2
SIM3
SIM4
1
21
22
SIM5
SIM1
SIM2
SIM3
SIM4
1
21
22
SIM5
SIM1
SIM2
SIM3
SIM4
1
21
22
SIM5
SIM1
SIM2
SIM3
SIM4
1
21
22
SIM5
SIM1
SIM2
SIM3
SIM4
1
21
22
SIM5
SIM1
SIM2
SIM3
SIM4
1
21
22
SIM5
SIM1
SIM2
SIM3
SIM4
1
21
22
SIM5
SIM1
SIM2
SIM3
SIM4
1
21
22
SIM5
SIM1
SIM2
SIM3
SIM4
1
21
22
SIM5
SIM1
SIM2
SIM3
SIM4
1
21
22
SIM5
SIM1
SIM2
SIM3
SIM4
1
21
22
SIM5
SIM1
SIM2
SIM3
SIM4
1
21
22
SIM5
SIM1
SIM2
SIM3
SIM4
1
21
22
SIM5
SIM1
SIM2
SIM3
SIM4
1
21
22
SIM5
SIM1
SIM2
SIM3
SIM4
1
21
22
SIM5
SIM1
SIM2
SIM3
SIM4
1
21
22
SIM5
SIM1
SIM2
SIM3
SIM4
1
21
22
SIM5
SIM1
SIM2
SIM3
SIM4
1
21
22
SIM5
SIM1
SIM2
SIM3
SIM4
1
21
22
SIM5
SIM1
SIM2
SIM3
SIM4
1
21
22
SIM5
SIM1
SIM2
SIM3
SIM4
1
21
22
SIM5
SIM1
SIM2
SIM3
SIM4
1
21
22
SIM5
SIM1
SIM2
SIM3
SIM4
1
21
22
SIM5
SIM1
SIM2
SIM3
SIM4
1
21
22
SIM5
SIM1
SIM2
SIM3
SIM4
1
21
22
SIM5
SIM1
SIM2
SIM3
SIM4
1
21
22
SIM5
SIM1
SIM2
SIM3
SIM4
1
21
22
SIM5
SIM1
SIM2
SIM3
SIM4
1
21
22
SIM5
SIM1
SIM2
SIM3
SIM4
1
21
22
SIM5
SIM1
SIM2
SIM3
SIM4
1
21
22
SIM5
SIM1
SIM2
SIM3
SIM4
1
21
22
SIM5
SIM1
SIM2
SIM3
SIM4
1
21
22
SIM5
SIM1
SIM2
SIM3
SIM4
1
21
22
SIM5
SIM1
SIM2
SIM3
SIM4
1
21
22
SIM5
SIM1
SIM2
SIM3
SIM4
1
21
22
SIM5
SIM1
SIM2
SIM3
SIM4
1
21
22
SIM5
SIM1
SIM2
SIM3
SIM4
1
21
22
SIM5
SIM1
SIM2
SIM3
SIM4
1
21
22
SIM5
SIM1
SIM2
SIM3
SIM4
1
21
22
SIM5
SIM1
SIM2
SIM3
SIM4
1
21
22
SIM5
SIM1
SIM2
SIM3
SIM4
1
21
22
SIM5
SIM1
SIM2
SIM3
SIM4
1
21
22
SIM5
SIM1
SIM2
SIM3
SIM4
1
21
22
SIM5
SIM1
SIM2
SIM3
SIM4
1
21
22
SIM5
SIM1
SIM2
SIM3
SIM4
1
21
22
SIM5
SIM1
SIM2
SIM3
SIM4
1
21
22
SIM5
SIM1
SIM2
SIM3
SIM4
1
21
22
SIM5
SIM1
SIM2
SIM3
SIM4
1
21
22
SIM5
SIM1
SIM2
SIM3
SIM4
1
21
22
SIM5
SIM1
SIM2
SIM3
SIM4
1
21
22
SIM5
SIM1
SIM2
SIM3
SIM4
1
21
22
SIM5
SIM1
SIM2
SIM3
SIM4
1
21
22
SIM5
SIM1
SIM2
SIM3
SIM4
1
21
22
SIM5
SIM1
SIM2
SIM3
SIM4
1
21
22
SIM5
SIM1
SIM2
SIM3
SIM4
1
21
22
SIM5
SIM1
SIM2
SIM3
SIM4
1
21
22
SIM5
SIM1
SIM2
SIM3
SIM4
1
21
22
SIM5
SIM1
SIM2
SIM3
SIM4
1
21
22
SIM5
SIM1
SIM2
SIM3
SIM4
1
21
22
SIM5
SIM1
SIM2
DEBUG 1 349
SIM1
SIM2
SIM3
SIM4
1
21
22
SIM5
SIM1
SIM2
SIM3
SIM4
1
21
22
SIM5
SIM1
SIM2
SIM3
SIM4
1
21
22
SIM5
SIM1
SIM2
SIM3
SIM4
1
21
22
SIM5
SIM1
SIM2
SIM3
SIM4
1
21
22
SIM5
SIM1
SIM2
SIM3
SIM4
1
21
22
SIM5
SIM1
SIM2
SIM3
SIM4
1
21
22
SIM5
SIM1
SIM2
SIM3
SIM4
1
21
22
SIM5
SIM1
SIM2
SIM3
SIM4
1
21
22
SIM5
SIM1
SIM2
SIM3
SIM4
1
21
22
SIM5
SIM1
SIM2
SIM3
SIM4
1
21
22
SIM5
SIM1
SIM2
SIM3
SIM4
1
21
22
SIM5
SIM1
SIM2
SIM3
SIM4
1
21
22
SIM5
SIM1
SIM2
SIM3
SIM4
1
21
22
SIM5
SIM1
SIM2
SIM3
SIM4
1
21
22
SIM5
SIM1
SIM2
SIM3
SIM4
1
21
22
SIM5
SIM1
SIM2
SIM3
SIM4
1
21
22
SIM5
SIM1
SIM2
SIM3
SIM4
1
21
22
SIM5
SIM1
SIM2
SIM3
SIM4
1
21
22
SIM5
SIM1
SIM2
SIM3
SIM4
1
21
22
SIM5
SIM1
SIM2
SIM3
SIM4
1
21
22
SIM5
SIM1
SIM2
SIM3
SIM4
1
21
22
SIM5
SIM1
SIM2
SIM3
SIM4
1
21
22
SIM5
SIM1
SIM2
SIM3
SIM4
1
21
22
SIM5
SIM1
SIM2
SIM3
SIM4
1
21
22
SIM5
SIM1
SIM2
SIM3
SIM4
1
21
22
SIM5
SIM1
SIM2
SIM3
SIM4
1
21
22
SIM5
SIM1
SIM2
SIM3
SIM4
1
21
22
SIM5
SIM1
SIM2
SIM3
SIM4
1
21
22
SIM5
SIM1
SIM2
SIM3
SIM4
1
21
22
SIM5
SIM1
SIM2
SIM3
SIM4
1
21
22
SIM5
SIM1
SIM2
SIM3
SIM4
1
21
22
SIM5
SIM1
SIM2
SIM3
SIM4
1
21
22
SIM5
SIM1
SIM2
SIM3
SIM4
1
21
22
SIM5
SIM1
SIM2
SIM3
SIM4
1
21
22
SIM5
SIM1
SIM2
SIM3
SIM4
1
21
22
SIM5
SIM1
SIM2
SIM3
SIM4
1
21
22
SIM5
SIM1
SIM2
SIM3
SIM4
1
21
22
SIM5
SIM1
SIM2
SIM3
SIM4
1
21
22
SIM5
SIM1
SIM2
SIM3
SIM4
1
21
22
SIM5
SIM1
SIM2
SIM3
SIM4
1
21
22
SIM5
SIM1
SIM2
SIM3
SIM4
1
21
22
SIM5
SIM1
SIM2
SIM3
SIM4
1
21
22
SIM5
SIM1
SIM2
SIM3
SIM4
1
21
22
SIM5
SIM1
SIM2
SIM3
SIM4
1
21
22
SIM5
SIM1
SIM2
SIM3
SIM4
1
21
22
SIM5
SIM1
SIM2
SIM3
SIM4
1
21
22
SIM5
SIM1
SIM2
SIM3
SIM4
1
21
22
SIM5
SIM1
SIM2
SIM3
SIM4
1
21
22
SIM5
SIM1
SIM2
SIM3
SIM4
1
21
22
SIM5
SIM1
SIM2
SIM3
SIM4
1
21
22
SIM5
SIM1
SIM2
SIM3
SIM4
1
21
22
SIM5
SIM1
SIM2
SIM3
SIM4
1
21
22
SIM5
SIM1
SIM2
SIM3
SIM4
1
21
22
SIM5
SIM1
SIM2
SIM3
SIM4
1
21
22
SIM5
SIM1
SIM2
SIM3
SIM4
1
21
22
SIM5
SIM1
SIM2
SIM3
SIM4
1
21
22
SIM5
SIM1
SIM2
SIM3
SIM4
1
21
22
SIM5
SIM1
SIM2
SIM3
SIM4
1
21
22
SIM5
SIM1
SIM2
SIM3
SIM4
1
21
22
SIM5
SIM1
SIM2
SIM3
SIM4
1
21
22
SIM5
SIM1
SIM2
SIM3
SIM4
1
21
22
SIM5
SIM1
SIM2
SIM3
SIM4
1
21
22
SIM5
SIM1
SIM2
SIM3
SIM4
1
21
22
SIM5
SIM1
SIM2
SIM3
SIM4
1
21
22
SIM5
SIM1
SIM2
SIM3
SIM4
1
21
22
SIM5
SIM1
SIM2
SIM3
SIM4
1
21
22
SIM5
SIM1
SIM2
SIM3
SIM4
1
21
22
SIM5
SIM1
SIM2
SIM3
SIM4
1
21
22
SIM5
SIM1
SIM2
SIM3
SIM4
1
21
22
SIM5
SIM1
SIM2
SIM3
SIM4
1
21
22
SIM5
SIM1
SIM2
SIM3
SIM4
1
21
22
SIM5
SIM1
SIM2
SIM3
SIM4
1
21
22
SIM5
SIM1
SIM2
SIM3
SIM4
1
21
22
SIM5
SIM1
SIM2
SIM3
SIM4
1
21
22
SIM5
SIM1
SIM2
SIM3
SIM4
1
21
22
SIM5
SIM1
SIM2
SIM3
SIM4
1
21
22
SIM5
SIM1
SIM2
SIM3
SIM4
1
21
22
SIM5
SIM1
SIM2
SIM3
SIM4
1
21
22
SIM5
SIM1
SIM2
SIM3
SIM4
1
21
22
SIM5
SIM1
SIM2
SIM3
SIM4
1
21
22
SIM5
SIM1
SIM2
SIM3
SIM4
1
21
22
SIM5
SIM1
SIM2
SIM3
SIM4
1
21
22
SIM5
SIM1
SIM2
SIM3
SIM4
1
21
22
SIM5
SIM1
SIM2
SIM3
SIM4
1
21
22
SIM5
SIM1
SIM2
SIM3
SIM4
1
21
22
SIM5
SIM1
SIM2
SIM3
SIM4
1
21
22
SIM5
SIM1
SIM2
SIM3
SIM4
1
21
22
SIM5
SIM1
SIM2
SIM3
SIM4
1
21
22
SIM5
SIM1
SIM2
SIM3
SIM4
1
21
22
SIM5
SIM1
SIM2
SIM3
SIM4
1
21
22
SIM5
SIM1
SIM2
SIM3
SIM4
1
21
22
SIM5
SIM1
SIM2
SIM3
SIM4
1
21
22
SIM5
SIM1
SIM2
SIM3
SIM4
1
21
22
SIM5
SIM1
SIM2
SIM3
SIM4
1
21
22
SIM5
SIM1
SIM2
SIM3
SIM4
1
21
22
SIM5
SIM1
SIM2
SIM3
SIM4
1
21
22
SIM5
SIM1
SIM2
SIM3
SIM4
1
21
22
SIM5
SIM1
SIM2
SIM3
SIM4
1
21
22
SIM5
SIM1
SIM2
SIM3
SIM4
1
21
22
SIM5
SIM1
SIM2
SIM3
SIM4
1
21
22
SIM5
SIM1
SIM2
SIM3
SIM4
1
21
22
SIM5
SIM1
SIM2
SIM3
SIM4
1
21
22
SIM5
SIM1
SIM2
SIM3
SIM4
1
21
22
SIM5
SIM1
SIM2
SIM3
SIM4
1
21
22
SIM5
SIM1
SIM2
SIM3
SIM4
1
21
22
SIM5
SIM1
SIM2
SIM3
SIM4
1
21
22
SIM5
SIM1
SIM2
SIM3
SIM4
1
21
22
SIM5
SIM1
SIM2
SIM3
SIM4
1
21
22
SIM5
SIM1
SIM2
SIM3
SIM4
1
21
22
SIM5
SIM1
SIM2
SIM3
SIM4
1
21
22
SIM5
SIM1
SIM2
SIM3
SIM4
1
21
22
SIM5
SIM1
SIM2
SIM3
SIM4
1
21
22
SIM5
SIM1
SIM2
SIM3
SIM4
1
21
22
SIM5
SIM1
SIM2
SIM3
SIM4
1
21
22
SIM5
SIM1
SIM2
SIM3
SIM4
1
21
22
SIM5
SIM1
SIM2
SIM3
SIM4
1
21
22
SIM5
SIM1
SIM2
SIM3
SIM4
1
21
22
SIM5
SIM1
SIM2
SIM3
SIM4
1
21
22
SIM5
SIM1
SIM2
SIM3
SIM4
1
21
22
SIM5
SIM1
SIM2
SIM3
SIM4
1
21
22
SIM5
SIM1
SIM2
SIM3
SIM4
1
21
22
SIM5
SIM1
SIM2
SIM3
SIM4
1
21
22
SIM5
SIM1
SIM2
SIM3
SIM4
1
21
22
SIM5
SIM1
SIM2
SIM3
SIM4
1
21
22
SIM5
SIM1
SIM2
SIM3
SIM4
1
21
22
SIM5
SIM1
SIM2
SIM3
SIM4
1
21
22
SIM5
SIM1
SIM2
SIM3
SIM4
1
21
22
SIM5
SIM1
SIM2
SIM3
SIM4
1
21
22
SIM5
SIM1
SIM2
SIM3
SIM4
1
21
22
SIM5
SIM1
SIM2
SIM3
SIM4
1
21
22
SIM5
SIM1
SIM2
SIM3
SIM4
1
21
22
SIM5
SIM1
SIM2
SIM3
SIM4
1
21
22
SIM5
SIM1
SIM2
SIM3
SIM4
1
21
22
SIM5
SIM1
SIM2
SIM3
SIM4
1
21
22
SIM5
SIM1
SIM2
SIM3
SIM4
1
21
22
SIM5
SIM1
SIM2
SIM3
SIM4
1
21
22
SIM5
SIM1
SIM2
SIM3
SIM4
1
21
22
SIM5
SIM1
SIM2
SIM3
SIM4
1
21
22
SIM5
SIM1
SIM2
SIM3
SIM4
1
21
22
SIM5
SIM1
SIM2
SIM3
SIM4
1
21
22
SIM5
SIM1
SIM2
SIM3
SIM4
1
21
22
SIM5
SIM1
SIM2
SIM3
SIM4
1
21
22
SIM5
SIM1
SIM2
SIM3
SIM4
1
21
22
SIM5
SIM1
SIM2
SIM3
SIM4
1
21
22
SIM5
SIM1
SIM2
SIM3
SIM4
1
21
22
SIM5
SIM1
SIM2
SIM3
SIM4
1
21
22
SIM5
SIM1
SIM2
SIM3
SIM4
1
21
22
SIM5
SIM1
SIM2
SIM3
SIM4
1
21
22
SIM5
SIM1
SIM2
SIM3
SIM4
1
21
22
SIM5
SIM1
SIM2
SIM3
SIM4
1
21
22
SIM5
SIM1
SIM2
SIM3
SIM4
1
21
22
SIM5
SIM1
SIM2
DEBUG 1 350
SIM1
SIM2
SIM3
SIM4
1
21
22
SIM5
SIM1
SIM2
SIM3
SIM4
1
21
22
SIM5
SIM1
SIM2
SIM3
SIM4
1
21
22
SIM5
SIM1
SIM2
SIM3
SIM4
1
21
22
SIM5
SIM1
SIM2
SIM3
SIM4
1
21
22
SIM5
SIM1
SIM2
SIM3
SIM4
1
21
22
SIM5
SIM1
SIM2
SIM3
SIM4
1
21
22
SIM5
SIM1
SIM2
SIM3
SIM4
1
21
22
SIM5
SIM1
SIM2
SIM3
SIM4
1
21
22
SIM5
SIM1
SIM2
SIM3
SIM4
1
21
22
SIM5
SIM1
SIM2
SIM3
SIM4
1
21
22
SIM5
SIM1
SIM2
SIM3
SIM4
1
21
22
SIM5
SIM1
SIM2
SIM3
SIM4
1
21
22
SIM5
SIM1
SIM2
SIM3
SIM4
1
21
22
SIM5
SIM1
SIM2
SIM3
SIM4
1
21
22
SIM5
SIM1
SIM2
SIM3
SIM4
1
21
22
SIM5
SIM1
SIM2
SIM3
SIM4
1
21
22
SIM5
SIM1
SIM2
SIM3
SIM4
1
21
22
SIM5
SIM1
SIM2
SIM3
SIM4
1
21
22
SIM5
SIM1
SIM2
SIM3
SIM4
1
21
22
SIM5
SIM1
SIM2
SIM3
SIM4
1
21
22
SIM5
SIM1
SIM2
SIM3
SIM4
1
21
22
SIM5
SIM1
SIM2
SIM3
SIM4
1
21
22
SIM5
SIM1
SIM2
SIM3
SIM4
1
21
22
SIM5
SIM1
SIM2
SIM3
SIM4
1
21
22
SIM5
SIM1
SIM2
SIM3
SIM4
1
21
22
SIM5
SIM1
SIM2
SIM3
SIM4
1
21
22
SIM5
SIM1
SIM2
SIM3
SIM4
1
21
22
SIM5
SIM1
SIM2
SIM3
SIM4
1
21
22
SIM5
SIM1
SIM2
SIM3
SIM4
1
21
22
SIM5
SIM1
SIM2
SIM3
SIM4
1
21
22
SIM5
SIM1
SIM2
SIM3
SIM4
1
21
22
SIM5
SIM1
SIM2
SIM3
SIM4
1
21
22
SIM5
SIM1
SIM2
SIM3
SIM4
1
21
22
SIM5
SIM1
SIM2
SIM3
SIM4
1
21
22
SIM5
SIM1
SIM2
SIM3
SIM4
1
21
22
SIM5
SIM1
SIM2
SIM3
SIM4
1
21
22
SIM5
SIM1
SIM2
SIM3
SIM4
1
21
22
SIM5
SIM1
SIM2
SIM3
SIM4
1
21
22
SIM5
SIM1
SIM2
SIM3
SIM4
1
21
22
SIM5
SIM1
SIM2
SIM3
SIM4
1
21
22
SIM5
SIM1
SIM2
SIM3
SIM4
1
21
22
SIM5
SIM1
SIM2
SIM3
SIM4
1
21
22
SIM5
SIM1
SIM2
SIM3
SIM4
1
21
22
SIM5
SIM1
SIM2
SIM3
SIM4
1
21
22
SIM5
SIM1
SIM2
SIM3
SIM4
1
21
22
SIM5
SIM1
SIM2
SIM3
SIM4
1
21
22
SIM5
SIM1
SIM2
SIM3
SIM4
1
21
22
SIM5
SIM1
SIM2
SIM3
SIM4
1
21
22
SIM5
SIM1
SIM2
SIM3
SIM4
1
21
22
SIM5
SIM1
SIM2
SIM3
SIM4
1
21
22
SIM5
SIM1
SIM2
SIM3
SIM4
1
21
22
SIM5
SIM1
SIM2
SIM3
SIM4
1
21
22
SIM5
SIM1
SIM2
SIM3
SIM4
1
21
22
SIM5
SIM1
SIM2
SIM3
SIM4
1
21
22
SIM5
SIM1
SIM2
SIM3
SIM4
1
21
22
SIM5
SIM1
SIM2
SIM3
SIM4
1
21
22
SIM5
SIM1
SIM2
SIM3
SIM4
1
21
22
SIM5
SIM1
SIM2
SIM3
SIM4
1
21
22
SIM5
SIM1
SIM2
SIM3
SIM4
1
21
22
SIM5
SIM1
SIM2
SIM3
SIM4
1
21
22
SIM5
SIM1
SIM2
SIM3
SIM4
1
21
22
SIM5
SIM1
SIM2
SIM3
SIM4
1
21
22
SIM5
SIM1
SIM2
SIM3
SIM4
1
21
22
SIM5
SIM1
SIM2
SIM3
SIM4
1
21
22
SIM5
SIM1
SIM2
SIM3
SIM4
1
21
22
SIM5
SIM1
SIM2
SIM3
SIM4
1
21
22
SIM5
SIM1
SIM2
SIM3
SIM4
1
21
22
SIM5
SIM1
SIM2
SIM3
SIM4
1
21
22
SIM5
SIM1
SIM2
SIM3
SIM4
1
21
22
SIM5
SIM1
SIM2
SIM3
SIM4
1
21
22
SIM5
SIM1
SIM2
SIM3
SIM4
1
21
22
SIM5
SIM1
SIM2
SIM3
SIM4
1
21
22
SIM5
SIM1
SIM2
SIM3
SIM4
1
21
22
SIM5
SIM1
SIM2
SIM3
SIM4
1
21
22
SIM5
SIM1
SIM2
SIM3
SIM4
1
21
22
SIM5
SIM1
SIM2
SIM3
SIM4
1
21
22
SIM5
SIM1
SIM2
SIM3
SIM4
1
21
22
SIM5
SIM1
SIM2
SIM3
SIM4
1
21
22
SIM5
SIM1
SIM2
SIM3
SIM4
1
21
22
SIM5
SIM1
SIM2
SIM3
SIM4
1
21
22
SIM5
SIM1
SIM2
SIM3
SIM4
1
21
22
SIM5
SIM1
SIM2
SIM3
SIM4
1
21
22
SIM5
SIM1
SIM2
SIM3
SIM4
1
21
22
SIM5
SIM1
SIM2
SIM3
SIM4
1
21
22
SIM5
SIM1
SIM2
SIM3
SIM4
1
21
22
SIM5
SIM1
SIM2
SIM3
SIM4
1
21
22
SIM5
SIM1
SIM2
SIM3
SIM4
1
21
22
SIM5
SIM1
SIM2
SIM3
SIM4
1
21
22
SIM5
SIM1
SIM2
SIM3
SIM4
1
21
22
SIM5
SIM1
SIM2
SIM3
SIM4
1
21
22
SIM5
SIM1
SIM2
SIM3
SIM4
1
21
22
SIM5
SIM1
SIM2
SIM3
SIM4
1
21
22
SIM5
SIM1
SIM2
SIM3
SIM4
1
21
22
SIM5
SIM1
SIM2
SIM3
SIM4
1
21
22
SIM5
SIM1
SIM2
SIM3
SIM4
1
21
22
SIM5
SIM1
SIM2
SIM3
SIM4
1
21
22
SIM5
SIM1
SIM2
SIM3
SIM4
1
21
22
SIM5
SIM1
SIM2
SIM3
SIM4
1
21
22
SIM5
SIM1
SIM2
SIM3
SIM4
1
21
22
SIM5
SIM1
SIM2
SIM3
SIM4
1
21
22
SIM5
SIM1
SIM2
SIM3
SIM4
1
21
22
SIM5
SIM1
SIM2
SIM3
SIM4
1
21
22
SIM5
SIM1
SIM2
SIM3
SIM4
1
21
22
SIM5
SIM1
SIM2
SIM3
SIM4
1
21
22
SIM5
SIM1
SIM2
SIM3
SIM4
1
21
22
SIM5
SIM1
SIM2
SIM3
SIM4
1
21
22
SIM5
SIM1
SIM2
SIM3
SIM4
1
21
22
SIM5
SIM1
SIM2
SIM3
SIM4
1
21
22
SIM5
SIM1
SIM2
SIM3
SIM4
1
21
22
SIM5
SIM1
SIM2
SIM3
SIM4
1
21
22
SIM5
SIM1
SIM2
SIM3
SIM4
1
21
22
SIM5
SIM1
SIM2
SIM3
SIM4
1
21
22
SIM5
SIM1
SIM2
SIM3
SIM4
1
21
22
SIM5
SIM1
SIM2
SIM3
SIM4
1
21
22
SIM5
SIM1
SIM2
SIM3
SIM4
1
21
22
SIM5
SIM1
SIM2
SIM3
SIM4
1
21
22
SIM5
SIM1
SIM2
SIM3
SIM4
1
21
22
SIM5
SIM1
SIM2
SIM3
SIM4
1
21
22
SIM5
SIM1
SIM2
SIM3
SIM4
1
21
22
SIM5
SIM1
SIM2
SIM3
SIM4
1
21
22
SIM5
SIM1
SIM2
SIM3
SIM4
1
21
22
SIM5
SIM1
SIM2
SIM3
SIM4
1
21
22
SIM5
SIM1
SIM2
SIM3
SIM4
1
21
22
SIM5
SIM1
SIM2
SIM3
SIM4
1
21
22
SIM5
SIM1
SIM2
SIM3
SIM4
1
21
22
SIM5
SIM1
SIM2
SIM3
SIM4
1
21
22
SIM5
SIM1
SIM2
SIM3
SIM4
1
21
22
SIM5
SIM1
SIM2
SIM3
SIM4
1
21
22
SIM5
SIM1
SIM2
SIM3
SIM4
1
21
22
SIM5
SIM1
SIM2
SIM3
SIM4
1
21
22
SIM5
SIM1
SIM2
DEBUG 1 351
SIM1
SIM2
SIM3
SIM4
1
21
22
SIM5
SIM1
SIM2
SIM3
SIM4
1
21
22
SIM5
SIM1
SIM2
SIM3
SIM4
1
21
22
SIM5
SIM1
SIM2
SIM3
SIM4
1
21
22
SIM5
SIM1
SIM2
SIM3
SIM4
1
21
22
SIM5
SIM1
SIM2
SIM3
SIM4
1
21
22
SIM5
SIM1
SIM2
SIM3
SIM4
1
21
22
SIM5
SIM1
SIM2
SIM3
SIM4
1
21
22
SIM5
SIM1
SIM2
SIM3
SIM4
1
21
22
SIM5
SIM1
SIM2
SIM3
SIM4
1
21
22
SIM5
SIM1
SIM2
SIM3
SIM4
1
21
22
SIM5
SIM1
SIM2
SIM3
SIM4
1
21
22
SIM5
SIM1
SIM2
SIM3
SIM4
1
21
22
SIM5
SIM1
SIM2
SIM3
SIM4
1
21
22
SIM5
SIM1
SIM2
SIM3
SIM4
1
21
22
SIM5
SIM1
SIM2
SIM3
SIM4
1
21
22
SIM5
SIM1
SIM2
SIM3
SIM4
1
21
22
SIM5
SIM1
SIM2
SIM3
SIM4
1
21
22
SIM5
SIM1
SIM2
SIM3
SIM4
1
21
22
SIM5
SIM1
SIM2
SIM3
SIM4
1
21
22
SIM5
SIM1
SIM2
SIM3
SIM4
1
21
22
SIM5
SIM1
SIM2
SIM3
SIM4
1
21
22
SIM5
SIM1
SIM2
SIM3
SIM4
1
21
22
SIM5
SIM1
SIM2
SIM3
SIM4
1
21
22
SIM5
SIM1
SIM2
SIM3
SIM4
1
21
22
SIM5
SIM1
SIM2
SIM3
SIM4
1
21
22
SIM5
SIM1
SIM2
SIM3
SIM4
1
21
22
SIM5
SIM1
SIM2
SIM3
SIM4
1
21
22
SIM5
SIM1
SIM2
SIM3
SIM4
1
21
22
SIM5
SIM1
SIM2
SIM3
SIM4
1
21
22
SIM5
SIM1
SIM2
SIM3
SIM4
1
21
22
SIM5
SIM1
SIM2
SIM3
SIM4
1
21
22
SIM5
SIM1
SIM2
SIM3
SIM4
1
21
22
SIM5
SIM1
SIM2
SIM3
SIM4
1
21
22
SIM5
SIM1
SIM2
SIM3
SIM4
1
21
22
SIM5
SIM1
SIM2
SIM3
SIM4
1
21
22
SIM5
SIM1
SIM2
SIM3
SIM4
1
21
22
SIM5
SIM1
SIM2
SIM3
SIM4
1
21
22
SIM5
SIM1
SIM2
SIM3
SIM4
1
21
22
SIM5
SIM1
SIM2
SIM3
SIM4
1
21
22
SIM5
SIM1
SIM2
SIM3
SIM4
1
21
22
SIM5
SIM1
SIM2
SIM3
SIM4
1
21
22
SIM5
SIM1
SIM2
SIM3
SIM4
1
21
22
SIM5
SIM1
SIM2
SIM3
SIM4
1
21
22
SIM5
SIM1
SIM2
SIM3
SIM4
1
21
22
SIM5
SIM1
SIM2
SIM3
SIM4
1
21
22
SIM5
SIM1
SIM2
SIM3
SIM4
1
21
22
SIM5
SIM1
SIM2
SIM3
SIM4
1
21
22
SIM5
SIM1
SIM2
SIM3
SIM4
1
21
22
SIM5
SIM1
SIM2
SIM3
SIM4
1
21
22
SIM5
SIM1
SIM2
SIM3
SIM4
1
21
22
SIM5
SIM1
SIM2
SIM3
SIM4
1
21
22
SIM5
SIM1
SIM2
SIM3
SIM4
1
21
22
SIM5
SIM1
SIM2
SIM3
SIM4
1
21
22
SIM5
SIM1
SIM2
SIM3
SIM4
1
21
22
SIM5
SIM1
SIM2
SIM3
SIM4
1
21
22
SIM5
SIM1
SIM2
SIM3
SIM4
1
21
22
SIM5
SIM1
SIM2
SIM3
SIM4
1
21
22
SIM5
SIM1
SIM2
SIM3
SIM4
1
21
22
SIM5
SIM1
SIM2
SIM3
SIM4
1
21
22
SIM5
SIM1
SIM2
SIM3
SIM4
1
21
22
SIM5
SIM1
SIM2
SIM3
SIM4
1
21
22
SIM5
SIM1
SIM2
SIM3
SIM4
1
21
22
SIM5
SIM1
SIM2
SIM3
SIM4
1
21
22
SIM5
SIM1
SIM2
SIM3
SIM4
1
21
22
SIM5
SIM1
SIM2
SIM3
SIM4
1
21
22
SIM5
SIM1
SIM2
SIM3
SIM4
1
21
22
SIM5
SIM1
SIM2
SIM3
SIM4
1
21
22
SIM5
SIM1
SIM2
SIM3
SIM4
1
21
22
SIM5
SIM1
SIM2
SIM3
SIM4
1
21
22
SIM5
SIM1
SIM2
SIM3
SIM4
1
21
22
SIM5
SIM1
SIM2
SIM3
SIM4
1
21
22
SIM5
SIM1
SIM2
SIM3
SIM4
1
21
22
SIM5
SIM1
SIM2
SIM3
SIM4
1
21
22
SIM5
SIM1
SIM2
SIM3
SIM4
1
21
22
SIM5
SIM1
SIM2
SIM3
SIM4
1
21
22
SIM5
SIM1
SIM2
SIM3
SIM4
1
21
22
SIM5
SIM1
SIM2
SIM3
SIM4
1
21
22
SIM5
SIM1
SIM2
SIM3
SIM4
1
21
22
SIM5
SIM1
SIM2
SIM3
SIM4
1
21
22
SIM5
SIM1
SIM2
SIM3
SIM4
1
21
22
SIM5
SIM1
SIM2
SIM3
SIM4
1
21
22
SIM5
SIM1
SIM2
SIM3
SIM4
1
21
22
SIM5
SIM1
SIM2
SIM3
SIM4
1
21
22
SIM5
SIM1
SIM2
SIM3
SIM4
1
21
22
SIM5
SIM1
SIM2
SIM3
SIM4
1
21
22
SIM5
SIM1
SIM2
SIM3
SIM4
1
21
22
SIM5
SIM1
SIM2
SIM3
SIM4
1
21
22
SIM5
SIM1
SIM2
SIM3
SIM4
1
21
22
SIM5
SIM1
SIM2
SIM3
SIM4
1
21
22
SIM5
SIM1
SIM2
SIM3
SIM4
1
21
22
SIM5
SIM1
SIM2
SIM3
SIM4
1
21
22
SIM5
SIM1
SIM2
SIM3
SIM4
1
21
22
SIM5
SIM1
SIM2
SIM3
SIM4
1
21
22
SIM5
SIM1
SIM2
SIM3
SIM4
1
21
22
SIM5
SIM1
SIM2
SIM3
SIM4
1
21
22
SIM5
SIM1
SIM2
SIM3
SIM4
1
21
22
SIM5
SIM1
SIM2
SIM3
SIM4
1
21
22
SIM5
SIM1
SIM2
SIM3
SIM4
1
21
22
SIM5
SIM1
SIM2
SIM3
SIM4
1
21
22
SIM5
SIM1
SIM2
SIM3
SIM4
1
21
22
SIM5
SIM1
SIM2
SIM3
SIM4
1
21
22
SIM5
SIM1
SIM2
SIM3
SIM4
1
21
22
SIM5
SIM1
SIM2
SIM3
SIM4
1
21
22
SIM5
SIM1
SIM2
SIM3
SIM4
1
21
22
SIM5
SIM1
SIM2
SIM3
SIM4
1
21
22
SIM5
SIM1
SIM2
SIM3
SIM4
1
21
22
SIM5
SIM1
SIM2
SIM3
SIM4
1
21
22
SIM5
SIM1
SIM2
SIM3
SIM4
1
21
22
SIM5
SIM1
SIM2
SIM3
SIM4
1
21
22
SIM5
SIM1
SIM2
SIM3
SIM4
1
21
22
SIM5
SIM1
SIM2
SIM3
SIM4
1
21
22
SIM5
SIM1
SIM2
SIM3
SIM4
1
21
22
SIM5
SIM1
SIM2
SIM3
SIM4
1
21
22
SIM5
SIM1
SIM2
SIM3
SIM4
1
21
22
SIM5
SIM1
SIM2
SIM3
SIM4
1
21
22
SIM5
SIM1
SIM2
SIM3
SIM4
1
21
22
SIM5
SIM1
SIM2
SIM3
SIM4
1
21
22
SIM5
SIM1
SIM2
SIM3
SIM4
1
21
22
SIM5
SIM1
SIM2
SIM3
SIM4
1
21
22
SIM5
SIM1
SIM2
SIM3
SIM4
1
21
22
SIM5
SIM1
SIM2
SIM3
SIM4
1
21
22
SIM5
SIM1
SIM2
SIM3
SIM4
1
21
22
SIM5
SIM1
SIM2
SIM3
SIM4
1
21
22
SIM5
SIM1
SIM2
SIM3
SIM4
1
21
22
SIM5
SIM1
SIM2
SIM3
SIM4
1
21
22
SIM5
SIM1
SIM2
SIM3
SIM4
1
21
22
SIM5
SIM1
SIM2
SIM3
SIM4
1
21
22
SIM5
SIM1
SIM2
SIM3
SIM4
1
21
22
SIM5
SIM1
SIM2
SIM3
SIM4
1
21
22
SIM5
SIM1
SIM2
SIM3
SIM4
1
21
22
SIM5
SIM1
SIM2
SIM3
SIM4
1
21
22
SIM5
SIM1
SIM2
SIM3
SIM4
1
21
22
SIM5
SIM1
SIM2
SIM3
SIM4
1
21
22
SIM5
SIM1
SIM2
SIM3
SIM4
1
21
22
SIM5
SIM1
SIM2
SIM3
SIM4
1
21
22
SIM5
SIM1
SIM2
SIM3
SIM4
1
21
22
SIM5
SIM1
SIM2
SIM3
SIM4
1
21
22
SIM5
SIM1
SIM2
SIM3
SIM4
1
21
22
SIM5
SIM1
SIM2
SIM3
SIM4
1
21
22
SIM5
SIM1
SIM2
SIM3
SIM4
1
21
22
SIM5
SIM1
SIM2
SIM3
SIM4
1
21
22
SIM5
SIM1
SIM2
SIM3
SIM4
1
21
22
SIM5
SIM1
SIM2
SIM3
SIM4
1
21
22
SIM5
SIM1
SIM2
SIM3
SIM4
1
21
22
SIM5
SIM1
SIM2
SIM3
SIM4
1
21
22
SIM5
SIM1
SIM2
SIM3
SIM4
1
21
22
SIM5
SIM1
SIM2
SIM3
SIM4
1
21
22
SIM5
SIM1
SIM2
SIM3
SIM4
1
21
22
SIM5
SIM1
SIM2
SIM3
SIM4
1
21
22
SIM5
SIM1
SIM2
SIM3
SIM4
1
21
22
SIM5
SIM1
SIM2
SIM3
SIM4
1
21
22
SIM5
SIM1
SIM2
SIM3
SIM4
1
21
22
SIM5
SIM1
SIM2
SIM3
SIM4
1
21
22
SIM5
SIM1
SIM2
SIM3
SIM4
1
21
22
SIM5
SIM1
SIM2
SIM3
SIM4
1
21
22
SIM5
SIM1
SIM2
SIM3
SIM4
1
21
22
SIM5
SIM1
SIM2
SIM3
SIM4
1
21
22
SIM5
SIM1
SIM2
SIM3
SIM4
1
21
22
SIM5
SIM1
SIM2
SIM3
SIM4
1
21
22
SIM5
SIM1
SIM2
SIM3
SIM4
1
21
22
SIM5
SIM1
SIM2
SIM3
SIM4
1
21
22
SIM5
SIM1
SIM2
SIM3
SIM4
1
21
22
SIM5
SIM1
SIM2
SIM3
SIM4
1
21
22
SIM5
SIM1
SIM2
SIM3
SIM4
1
21
22
SIM5
SIM1
SIM2
SIM3
SIM4
1
21
22
SIM5
SIM1
SIM2
SIM3
SIM4
1
21
22
SIM5
SIM1
SIM2
SIM3
SIM4
1
21
22
SIM5
SIM1
SIM2
SIM3
SIM4
1
21
22
SIM5
SIM1
SIM2
SIM3
SIM4
1
21
22
SIM5
SIM1
SIM2
SIM3
SIM4
1
21
22
SIM5
SIM1
SIM2
SIM3
SIM4
1
21
22
SIM5
SIM1
SIM2
SIM3
SIM4
1
21
22
SIM5
SIM1
SIM2
SIM3
SIM4
1
21
22
SIM5
SIM1
SIM2
SIM3
SIM4
1
21
22
SIM5
SIM1
SIM2
SIM3
SIM4
1
21
22
SIM5
SIM1
SIM2
SIM3
SIM4
1
21
22
SIM5
SIM1
SIM2
SIM3
SIM4
1
21
22
SIM5
SIM1
SIM2
SIM3
SIM4
1
21
22
SIM5
SIM1
SIM2
SIM3
SIM4
1
21
22
SIM5
SIM1
SIM2
SIM3
SIM4
1
21
22
SIM5
SIM1
SIM2
SIM3
SIM4
1
21
22
SIM5
SIM1
SIM2
SIM3
SIM4
1
21
22
SIM5
SIM1
SIM2
SIM3
SIM4
1
21
22
SIM5
SIM1
SIM2
SIM3
SIM4
1
21
22
SIM5
SIM1
SIM2
SIM3
SIM4
1
21
22
SIM5
SIM1
SIM2
SIM3
SIM4
1
21
22
SIM5
SIM1
SIM2
SIM3
SIM4
1
21
22
SIM5
SIM1
SIM2
SIM3
SIM4
1
21
22
SIM5
SIM1
SIM2
SIM3
SIM4
1
21
22
SIM5
SIM1
SIM2
SIM3
SIM4
1
21
22
SIM5
SIM1
SIM2
SIM3
SIM4
1
21
22
SIM5
SIM1
SIM2
SIM3
SIM4
1
21
22
SIM5
SIM1
SIM2
SIM3
SIM4
1
21
22
SIM5
SIM1
SIM2
SIM3
SIM4
1
21
22
SIM5
SIM1
SIM2
SIM3
SIM4
1
21
22
SIM5
SIM1
SIM2
SIM3
SIM4
1
21
22
SIM5
SIM1
SIM2
SIM3
SIM4
1
21
22
SIM5
SIM1
SIM2
SIM3
SIM4
1
21
22
SIM5
SIM1
SIM2
SIM3
SIM4
1
21
22
SIM5
SIM1
SIM2
SIM3
SIM4
1
21
22
SIM5
SIM1
SIM2
SIM3
SIM4
1
21
22
SIM5
SIM1
SIM2
SIM3
SIM4
1
21
22
SIM5
SIM1
SIM2
DEBUG 1 352
SIM1
SIM2
SIM3
SIM4
1
21
22
SIM5
SIM1
SIM2
SIM3
SIM4
1
21
22
SIM5
SIM1
SIM2
SIM3
SIM4
1
21
22
SIM5
SIM1
SIM2
SIM3
SIM4
1
21
22
SIM5
SIM1
SIM2
SIM3
SIM4
1
21
22
SIM5
SIM1
SIM2
SIM3
SIM4
1
21
22
SIM5
SIM1
SIM2
SIM3
SIM4
1
21
22
SIM5
SIM1
SIM2
SIM3
SIM4
1
21
22
SIM5
SIM1
SIM2
SIM3
SIM4
1
21
22
SIM5
SIM1
SIM2
SIM3
SIM4
1
21
22
SIM5
SIM1
SIM2
SIM3
SIM4
1
21
22
SIM5
SIM1
SIM2
SIM3
SIM4
1
21
22
SIM5
SIM1
SIM2
SIM3
SIM4
1
21
22
SIM5
SIM1
SIM2
SIM3
SIM4
1
21
22
SIM5
SIM1
SIM2
SIM3
SIM4
1
21
22
SIM5
SIM1
SIM2
SIM3
SIM4
1
21
22
SIM5
SIM1
SIM2
SIM3
SIM4
1
21
22
SIM5
SIM1
SIM2
SIM3
SIM4
1
21
22
SIM5
SIM1
SIM2
SIM3
SIM4
1
21
22
SIM5
SIM1
SIM2
SIM3
SIM4
1
21
22
SIM5
SIM1
SIM2
SIM3
SIM4
1
21
22
SIM5
SIM1
SIM2
SIM3
SIM4
1
21
22
SIM5
SIM1
SIM2
SIM3
SIM4
1
21
22
SIM5
SIM1
SIM2
SIM3
SIM4
1
21
22
SIM5
SIM1
SIM2
SIM3
SIM4
1
21
22
SIM5
SIM1
SIM2
SIM3
SIM4
1
21
22
SIM5
SIM1
SIM2
SIM3
SIM4
1
21
22
SIM5
SIM1
SIM2
SIM3
SIM4
1
21
22
SIM5
SIM1
SIM2
SIM3
SIM4
1
21
22
SIM5
SIM1
SIM2
SIM3
SIM4
1
21
22
SIM5
SIM1
SIM2
SIM3
SIM4
1
21
22
SIM5
SIM1
SIM2
SIM3
SIM4
1
21
22
SIM5
SIM1
SIM2
SIM3
SIM4
1
21
22
SIM5
SIM1
SIM2
SIM3
SIM4
1
21
22
SIM5
SIM1
SIM2
SIM3
SIM4
1
21
22
SIM5
SIM1
SIM2
SIM3
SIM4
1
21
22
SIM5
SIM1
SIM2
SIM3
SIM4
1
21
22
SIM5
SIM1
SIM2
SIM3
SIM4
1
21
22
SIM5
SIM1
SIM2
SIM3
SIM4
1
21
22
SIM5
SIM1
SIM2
SIM3
SIM4
1
21
22
SIM5
SIM1
SIM2
SIM3
SIM4
1
21
22
SIM5
SIM1
SIM2
SIM3
SIM4
1
21
22
SIM5
SIM1
SIM2
SIM3
SIM4
1
21
22
SIM5
SIM1
SIM2
SIM3
SIM4
1
21
22
SIM5
SIM1
SIM2
SIM3
SIM4
1
21
22
SIM5
SIM1
SIM2
SIM3
SIM4
1
21
22
SIM5
SIM1
SIM2
SIM3
SIM4
1
21
22
SIM5
SIM1
SIM2
SIM3
SIM4
1
21
22
SIM5
SIM1
SIM2
SIM3
SIM4
1
21
22
SIM5
SIM1
SIM2
SIM3
SIM4
1
21
22
SIM5
SIM1
SIM2
SIM3
SIM4
1
21
22
SIM5
SIM1
SIM2
SIM3
SIM4
1
21
22
SIM5
SIM1
SIM2
SIM3
SIM4
1
21
22
SIM5
SIM1
SIM2
SIM3
SIM4
1
21
22
SIM5
SIM1
SIM2
SIM3
SIM4
1
21
22
SIM5
SIM1
SIM2
SIM3
SIM4
1
21
22
SIM5
SIM1
SIM2
SIM3
SIM4
1
21
22
SIM5
SIM1
SIM2
SIM3
SIM4
1
21
22
SIM5
SIM1
SIM2
SIM3
SIM4
1
21
22
SIM5
SIM1
SIM2
SIM3
SIM4
1
21
22
SIM5
SIM1
SIM2
SIM3
SIM4
1
21
22
SIM5
SIM1
SIM2
SIM3
SIM4
1
21
22
SIM5
SIM1
SIM2
SIM3
SIM4
1
21
22
SIM5
SIM1
SIM2
SIM3
SIM4
1
21
22
SIM5
SIM1
SIM2
SIM3
SIM4
1
21
22
SIM5
SIM1
SIM2
SIM3
SIM4
1
21
22
SIM5
SIM1
SIM2
SIM3
SIM4
1
21
22
SIM5
SIM1
SIM2
SIM3
SIM4
1
21
22
SIM5
SIM1
SIM2
SIM3
SIM4
1
21
22
SIM5
SIM1
SIM2
SIM3
SIM4
1
21
22
SIM5
SIM1
SIM2
SIM3
SIM4
1
21
22
SIM5
SIM1
SIM2
SIM3
SIM4
1
21
22
SIM5
SIM1
SIM2
SIM3
SIM4
1
21
22
SIM5
SIM1
SIM2
SIM3
SIM4
1
21
22
SIM5
SIM1
SIM2
SIM3
SIM4
1
21
22
SIM5
SIM1
SIM2
SIM3
SIM4
1
21
22
SIM5
SIM1
SIM2
SIM3
SIM4
1
21
22
SIM5
SIM1
SIM2
SIM3
SIM4
1
21
22
SIM5
SIM1
SIM2
SIM3
SIM4
1
21
22
SIM5
SIM1
SIM2
SIM3
SIM4
1
21
22
SIM5
SIM1
SIM2
SIM3
SIM4
1
21
22
SIM5
SIM1
SIM2
SIM3
SIM4
1
21
22
SIM5
SIM1
SIM2
SIM3
SIM4
1
21
22
SIM5
SIM1
SIM2
SIM3
SIM4
1
21
22
SIM5
SIM1
SIM2
SIM3
SIM4
1
21
22
SIM5
SIM1
SIM2
SIM3
SIM4
1
21
22
SIM5
SIM1
SIM2
SIM3
SIM4
1
21
22
SIM5
SIM1
SIM2
SIM3
SIM4
1
21
22
SIM5
SIM1
SIM2
SIM3
SIM4
1
21
22
SIM5
SIM1
SIM2
SIM3
SIM4
1
21
22
SIM5
SIM1
SIM2
SIM3
SIM4
1
21
22
SIM5
SIM1
SIM2
SIM3
SIM4
1
21
22
SIM5
SIM1
SIM2
SIM3
SIM4
1
21
22
SIM5
SIM1
SIM2
SIM3
SIM4
1
21
22
SIM5
SIM1
SIM2
SIM3
SIM4
1
21
22
SIM5
SIM1
SIM2
SIM3
SIM4
1
21
22
SIM5
SIM1
SIM2
SIM3
SIM4
1
21
22
SIM5
SIM1
SIM2
SIM3
SIM4
1
21
22
SIM5
SIM1
SIM2
SIM3
SIM4
1
21
22
SIM5
SIM1
SIM2
SIM3
SIM4
1
21
22
SIM5
SIM1
SIM2
SIM3
SIM4
1
21
22
SIM5
SIM1
SIM2
SIM3
SIM4
1
21
22
SIM5
SIM1
SIM2
SIM3
SIM4
1
21
22
SIM5
SIM1
SIM2
SIM3
SIM4
1
21
22
SIM5
SIM1
SIM2
SIM3
SIM4
1
21
22
SIM5
SIM1
SIM2
SIM3
SIM4
1
21
22
SIM5
SIM1
SIM2
SIM3
SIM4
1
21
22
SIM5
SIM1
SIM2
SIM3
SIM4
1
21
22
SIM5
SIM1
SIM2
SIM3
SIM4
1
21
22
SIM5
SIM1
SIM2
SIM3
SIM4
1
21
22
SIM5
SIM1
SIM2
SIM3
SIM4
1
21
22
SIM5
SIM1
SIM2
SIM3
SIM4
1
21
22
SIM5
SIM1
SIM2
SIM3
SIM4
1
21
22
SIM5
SIM1
SIM2
SIM3
SIM4
1
21
22
SIM5
SIM1
SIM2
SIM3
SIM4
1
21
22
SIM5
SIM1
SIM2
SIM3
SIM4
1
21
22
SIM5
SIM1
SIM2
SIM3
SIM4
1
21
22
SIM5
SIM1
SIM2
SIM3
SIM4
1
21
22
SIM5
SIM1
SIM2
SIM3
SIM4
1
21
22
SIM5
SIM1
SIM2
SIM3
SIM4
1
21
22
SIM5
SIM1
SIM2
SIM3
SIM4
1
21
22
SIM5
SIM1
SIM2
SIM3
SIM4
1
21
22
SIM5
SIM1
SIM2
SIM3
SIM4
1
21
22
SIM5
SIM1
SIM2
SIM3
SIM4
1
21
22
SIM5
SIM1
SIM2
SIM3
SIM4
1
21
22
SIM5
SIM1
SIM2
SIM3
SIM4
1
21
22
SIM5
SIM1
SIM2
SIM3
SIM4
1
21
22
SIM5
SIM1
SIM2
SIM3
SIM4
1
21
22
SIM5
SIM1
SIM2
SIM3
SIM4
1
21
22
SIM5
SIM1
SIM2
SIM3
SIM4
1
21
22
SIM5
SIM1
SIM2
SIM3
SIM4
1
21
22
SIM5
SIM1
SIM2
SIM3
SIM4
1
21
22
SIM5
SIM1
SIM2
SIM3
SIM4
1
21
22
SIM5
SIM1
SIM2
SIM3
SIM4
1
21
22
SIM5
SIM1
SIM2
SIM3
SIM4
1
21
22
SIM5
SIM1
SIM2
SIM3
SIM4
1
21
22
SIM5
SIM1
SIM2
SIM3
SIM4
1
21
22
SIM5
SIM1
SIM2
SIM3
SIM4
1
21
22
SIM5
SIM1
SIM2
SIM3
SIM4
1
21
22
SIM5
SIM1
SIM2
DEBUG 1 353
SIM1
SIM2
SIM3
SIM4
1
21
22
SIM5
SIM1
SIM2
SIM3
SIM4
1
21
22
SIM5
SIM1
SIM2
SIM3
SIM4
1
21
22
SIM5
SIM1
SIM2
SIM3
SIM4
1
21
22
SIM5
SIM1
SIM2
SIM3
SIM4
1
21
22
SIM5
SIM1
SIM2
SIM3
SIM4
1
21
22
SIM5
SIM1
SIM2
SIM3
SIM4
1
21
22
SIM5
SIM1
SIM2
SIM3
SIM4
1
21
22
SIM5
SIM1
SIM2
SIM3
SIM4
1
21
22
SIM5
SIM1
SIM2
SIM3
SIM4
1
21
22
SIM5
SIM1
SIM2
SIM3
SIM4
1
21
22
SIM5
SIM1
SIM2
SIM3
SIM4
1
21
22
SIM5
SIM1
SIM2
SIM3
SIM4
1
21
22
SIM5
SIM1
SIM2
SIM3
SIM4
1
21
22
SIM5
SIM1
SIM2
SIM3
SIM4
1
21
22
SIM5
SIM1
SIM2
SIM3
SIM4
1
21
22
SIM5
SIM1
SIM2
SIM3
SIM4
1
21
22
SIM5
SIM1
SIM2
SIM3
SIM4
1
21
22
SIM5
SIM1
SIM2
SIM3
SIM4
1
21
22
SIM5
SIM1
SIM2
SIM3
SIM4
1
21
22
SIM5
SIM1
SIM2
SIM3
SIM4
1
21
22
SIM5
SIM1
SIM2
SIM3
SIM4
1
21
22
SIM5
SIM1
SIM2
SIM3
SIM4
1
21
22
SIM5
SIM1
SIM2
SIM3
SIM4
1
21
22
SIM5
SIM1
SIM2
SIM3
SIM4
1
21
22
SIM5
SIM1
SIM2
SIM3
SIM4
1
21
22
SIM5
SIM1
SIM2
SIM3
SIM4
1
21
22
SIM5
SIM1
SIM2
SIM3
SIM4
1
21
22
SIM5
SIM1
SIM2
SIM3
SIM4
1
21
22
SIM5
SIM1
SIM2
SIM3
SIM4
1
21
22
SIM5
SIM1
SIM2
SIM3
SIM4
1
21
22
SIM5
SIM1
SIM2
SIM3
SIM4
1
21
22
SIM5
SIM1
SIM2
SIM3
SIM4
1
21
22
SIM5
SIM1
SIM2
SIM3
SIM4
1
21
22
SIM5
SIM1
SIM2
SIM3
SIM4
1
21
22
SIM5
SIM1
SIM2
SIM3
SIM4
1
21
22
SIM5
SIM1
SIM2
SIM3
SIM4
1
21
22
SIM5
SIM1
SIM2
SIM3
SIM4
1
21
22
SIM5
SIM1
SIM2
SIM3
SIM4
1
21
22
SIM5
SIM1
SIM2
SIM3
SIM4
1
21
22
SIM5
SIM1
SIM2
SIM3
SIM4
1
21
22
SIM5
SIM1
SIM2
SIM3
SIM4
1
21
22
SIM5
SIM1
SIM2
SIM3
SIM4
1
21
22
SIM5
SIM1
SIM2
SIM3
SIM4
1
21
22
SIM5
SIM1
SIM2
SIM3
SIM4
1
21
22
SIM5
SIM1
SIM2
SIM3
SIM4
1
21
22
SIM5
SIM1
SIM2
SIM3
SIM4
1
21
22
SIM5
SIM1
SIM2
SIM3
SIM4
1
21
22
SIM5
SIM1
SIM2
SIM3
SIM4
1
21
22
SIM5
SIM1
SIM2
SIM3
SIM4
1
21
22
SIM5
SIM1
SIM2
SIM3
SIM4
1
21
22
SIM5
SIM1
SIM2
SIM3
SIM4
1
21
22
SIM5
SIM1
SIM2
SIM3
SIM4
1
21
22
SIM5
SIM1
SIM2
SIM3
SIM4
1
21
22
SIM5
SIM1
SIM2
SIM3
SIM4
1
21
22
SIM5
SIM1
SIM2
SIM3
SIM4
1
21
22
SIM5
SIM1
SIM2
SIM3
SIM4
1
21
22
SIM5
SIM1
SIM2
SIM3
SIM4
1
21
22
SIM5
SIM1
SIM2
SIM3
SIM4
1
21
22
SIM5
SIM1
SIM2
SIM3
SIM4
1
21
22
SIM5
SIM1
SIM2
SIM3
SIM4
1
21
22
SIM5
SIM1
SIM2
SIM3
SIM4
1
21
22
SIM5
SIM1
SIM2
SIM3
SIM4
1
21
22
SIM5
SIM1
SIM2
SIM3
SIM4
1
21
22
SIM5
SIM1
SIM2
SIM3
SIM4
1
21
22
SIM5
SIM1
SIM2
SIM3
SIM4
1
21
22
SIM5
SIM1
SIM2
SIM3
SIM4
1
21
22
SIM5
SIM1
SIM2
SIM3
SIM4
1
21
22
SIM5
SIM1
SIM2
SIM3
SIM4
1
21
22
SIM5
SIM1
SIM2
SIM3
SIM4
1
21
22
SIM5
SIM1
SIM2
SIM3
SIM4
1
21
22
SIM5
SIM1
SIM2
SIM3
SIM4
1
21
22
SIM5
SIM1
SIM2
SIM3
SIM4
1
21
22
SIM5
SIM1
SIM2
SIM3
SIM4
1
21
22
SIM5
SIM1
SIM2
SIM3
SIM4
1
21
22
SIM5
SIM1
SIM2
SIM3
SIM4
1
21
22
SIM5
SIM1
SIM2
SIM3
SIM4
1
21
22
SIM5
SIM1
SIM2
SIM3
SIM4
1
21
22
SIM5
SIM1
SIM2
SIM3
SIM4
1
21
22
SIM5
SIM1
SIM2
SIM3
SIM4
1
21
22
SIM5
SIM1
SIM2
SIM3
SIM4
1
21
22
SIM5
SIM1
SIM2
SIM3
SIM4
1
21
22
SIM5
SIM1
SIM2
SIM3
SIM4
1
21
22
SIM5
SIM1
SIM2
SIM3
SIM4
1
21
22
SIM5
SIM1
SIM2
SIM3
SIM4
1
21
22
SIM5
SIM1
SIM2
SIM3
SIM4
1
21
22
SIM5
SIM1
SIM2
SIM3
SIM4
1
21
22
SIM5
SIM1
SIM2
SIM3
SIM4
1
21
22
SIM5
SIM1
SIM2
SIM3
SIM4
1
21
22
SIM5
SIM1
SIM2
SIM3
SIM4
1
21
22
SIM5
SIM1
SIM2
SIM3
SIM4
1
21
22
SIM5
SIM1
SIM2
SIM3
SIM4
1
21
22
SIM5
SIM1
SIM2
SIM3
SIM4
1
21
22
SIM5
SIM1
SIM2
SIM3
SIM4
1
21
22
SIM5
SIM1
SIM2
SIM3
SIM4
1
21
22
SIM5
SIM1
SIM2
SIM3
SIM4
1
21
22
SIM5
SIM1
SIM2
SIM3
SIM4
1
21
22
SIM5
SIM1
SIM2
SIM3
SIM4
1
21
22
SIM5
SIM1
SIM2
SIM3
SIM4
1
21
22
SIM5
SIM1
SIM2
SIM3
SIM4
1
21
22
SIM5
SIM1
SIM2
SIM3
SIM4
1
21
22
SIM5
SIM1
SIM2
SIM3
SIM4
1
21
22
SIM5
SIM1
SIM2
SIM3
SIM4
1
21
22
SIM5
SIM1
SIM2
SIM3
SIM4
1
21
22
SIM5
SIM1
SIM2
SIM3
SIM4
1
21
22
SIM5
SIM1
SIM2
SIM3
SIM4
1
21
22
SIM5
SIM1
SIM2
SIM3
SIM4
1
21
22
SIM5
SIM1
SIM2
SIM3
SIM4
1
21
22
SIM5
SIM1
SIM2
SIM3
SIM4
1
21
22
SIM5
SIM1
SIM2
SIM3
SIM4
1
21
22
SIM5
SIM1
SIM2
SIM3
SIM4
1
21
22
SIM5
SIM1
SIM2
SIM3
SIM4
1
21
22
SIM5
SIM1
SIM2
SIM3
SIM4
1
21
22
SIM5
SIM1
SIM2
SIM3
SIM4
1
21
22
SIM5
SIM1
SIM2
SIM3
SIM4
1
21
22
SIM5
SIM1
SIM2
SIM3
SIM4
1
21
22
SIM5
SIM1
SIM2
SIM3
SIM4
1
21
22
SIM5
SIM1
SIM2
SIM3
SIM4
1
21
22
SIM5
SIM1
SIM2
SIM3
SIM4
1
21
22
SIM5
SIM1
SIM2
SIM3
SIM4
1
21
22
SIM5
SIM1
SIM2
SIM3
SIM4
1
21
22
SIM5
SIM1
SIM2
SIM3
SIM4
1
21
22
SIM5
SIM1
SIM2
SIM3
SIM4
1
21
22
SIM5
SIM1
SIM2
SIM3
SIM4
1
21
22
SIM5
SIM1
SIM2
SIM3
SIM4
1
21
22
SIM5
SIM1
SIM2
SIM3
SIM4
1
21
22
SIM5
SIM1
SIM2
SIM3
SIM4
1
21
22
SIM5
SIM1
SIM2
SIM3
SIM4
1
21
22
SIM5
SIM1
SIM2
SIM3
SIM4
1
21
22
SIM5
SIM1
SIM2
SIM3
SIM4
1
21
22
SIM5
SIM1
SIM2
SIM3
SIM4
1
21
22
SIM5
SIM1
SIM2
SIM3
SIM4
1
21
22
SIM5
SIM1
SIM2
SIM3
SIM4
1
21
22
SIM5
SIM1
SIM2
SIM3
SIM4
1
21
22
SIM5
SIM1
SIM2
SIM3
SIM4
1
21
22
SIM5
SIM1
SIM2
SIM3
SIM4
1
21
22
SIM5
SIM1
SIM2
SIM3
SIM4
1
21
22
SIM5
SIM1
SIM2
SIM3
SIM4
1
21
22
SIM5
SIM1
SIM2
SIM3
SIM4
1
21
22
SIM5
SIM1
SIM2
SIM3
SIM4
1
21
22
SIM5
SIM1
SIM2
SIM3
SIM4
1
21
22
SIM5
SIM1
SIM2
SIM3
SIM4
1
21
22
SIM5
SIM1
SIM2
SIM3
SIM4
1
21
22
SIM5
SIM1
SIM2
SIM3
SIM4
1
21
22
SIM5
SIM1
SIM2
SIM3
SIM4
1
21
22
SIM5
SIM1
SIM2
SIM3
SIM4
1
21
22
SIM5
SIM1
SIM2
SIM3
SIM4
1
21
22
SIM5
SIM1
SIM2
SIM3
SIM4
1
21
22
SIM5
SIM1
SIM2
SIM3
SIM4
1
21
22
SIM5
SIM1
SIM2
SIM3
SIM4
1
21
22
SIM5
SIM1
SIM2
SIM3
SIM4
1
21
22
SIM5
SIM1
SIM2
SIM3
SIM4
1
21
22
SIM5
SIM1
SIM2
SIM3
SIM4
1
21
22
SIM5
SIM1
SIM2
SIM3
SIM4
1
21
22
SIM5
SIM1
SIM2
SIM3
SIM4
1
21
22
SIM5
SIM1
SIM2
SIM3
SIM4
1
21
22
SIM5
SIM1
SIM2
SIM3
SIM4
1
21
22
SIM5
SIM1
SIM2
SIM3
SIM4
1
21
22
SIM5
SIM1
SIM2
SIM3
SIM4
1
21
22
SIM5
SIM1
SIM2
DEBUG 1 354
SIM1
SIM2
SIM3
SIM4
1
21
22
SIM5
SIM1
SIM2
SIM3
SIM4
1
21
22
SIM5
SIM1
SIM2
SIM3
SIM4
1
21
22
SIM5
SIM1
SIM2
SIM3
SIM4
1
21
22
SIM5
SIM1
SIM2
SIM3
SIM4
1
21
22
SIM5
SIM1
SIM2
SIM3
SIM4
1
21
22
SIM5
SIM1
SIM2
SIM3
SIM4
1
21
22
SIM5
SIM1
SIM2
SIM3
SIM4
1
21
22
SIM5
SIM1
SIM2
SIM3
SIM4
1
21
22
SIM5
SIM1
SIM2
SIM3
SIM4
1
21
22
SIM5
SIM1
SIM2
SIM3
SIM4
1
21
22
SIM5
SIM1
SIM2
SIM3
SIM4
1
21
22
SIM5
SIM1
SIM2
SIM3
SIM4
1
21
22
SIM5
SIM1
SIM2
SIM3
SIM4
1
21
22
SIM5
SIM1
SIM2
SIM3
SIM4
1
21
22
SIM5
SIM1
SIM2
SIM3
SIM4
1
21
22
SIM5
SIM1
SIM2
SIM3
SIM4
1
21
22
SIM5
SIM1
SIM2
SIM3
SIM4
1
21
22
SIM5
SIM1
SIM2
SIM3
SIM4
1
21
22
SIM5
SIM1
SIM2
SIM3
SIM4
1
21
22
SIM5
SIM1
SIM2
SIM3
SIM4
1
21
22
SIM5
SIM1
SIM2
SIM3
SIM4
1
21
22
SIM5
SIM1
SIM2
SIM3
SIM4
1
21
22
SIM5
SIM1
SIM2
SIM3
SIM4
1
21
22
SIM5
SIM1
SIM2
SIM3
SIM4
1
21
22
SIM5
SIM1
SIM2
SIM3
SIM4
1
21
22
SIM5
SIM1
SIM2
SIM3
SIM4
1
21
22
SIM5
SIM1
SIM2
SIM3
SIM4
1
21
22
SIM5
SIM1
SIM2
SIM3
SIM4
1
21
22
SIM5
SIM1
SIM2
SIM3
SIM4
1
21
22
SIM5
SIM1
SIM2
SIM3
SIM4
1
21
22
SIM5
SIM1
SIM2
SIM3
SIM4
1
21
22
SIM5
SIM1
SIM2
SIM3
SIM4
1
21
22
SIM5
SIM1
SIM2
SIM3
SIM4
1
21
22
SIM5
SIM1
SIM2
SIM3
SIM4
1
21
22
SIM5
SIM1
SIM2
SIM3
SIM4
1
21
22
SIM5
SIM1
SIM2
SIM3
SIM4
1
21
22
SIM5
SIM1
SIM2
SIM3
SIM4
1
21
22
SIM5
SIM1
SIM2
SIM3
SIM4
1
21
22
SIM5
SIM1
SIM2
SIM3
SIM4
1
21
22
SIM5
SIM1
SIM2
SIM3
SIM4
1
21
22
SIM5
SIM1
SIM2
SIM3
SIM4
1
21
22
SIM5
SIM1
SIM2
SIM3
SIM4
1
21
22
SIM5
SIM1
SIM2
SIM3
SIM4
1
21
22
SIM5
SIM1
SIM2
SIM3
SIM4
1
21
22
SIM5
SIM1
SIM2
SIM3
SIM4
1
21
22
SIM5
SIM1
SIM2
SIM3
SIM4
1
21
22
SIM5
SIM1
SIM2
SIM3
SIM4
1
21
22
SIM5
SIM1
SIM2
SIM3
SIM4
1
21
22
SIM5
SIM1
SIM2
SIM3
SIM4
1
21
22
SIM5
SIM1
SIM2
SIM3
SIM4
1
21
22
SIM5
SIM1
SIM2
SIM3
SIM4
1
21
22
SIM5
SIM1
SIM2
SIM3
SIM4
1
21
22
SIM5
SIM1
SIM2
SIM3
SIM4
1
21
22
SIM5
SIM1
SIM2
SIM3
SIM4
1
21
22
SIM5
SIM1
SIM2
SIM3
SIM4
1
21
22
SIM5
SIM1
SIM2
SIM3
SIM4
1
21
22
SIM5
SIM1
SIM2
SIM3
SIM4
1
21
22
SIM5
SIM1
SIM2
SIM3
SIM4
1
21
22
SIM5
SIM1
SIM2
SIM3
SIM4
1
21
22
SIM5
SIM1
SIM2
SIM3
SIM4
1
21
22
SIM5
SIM1
SIM2
SIM3
SIM4
1
21
22
SIM5
SIM1
SIM2
SIM3
SIM4
1
21
22
SIM5
SIM1
SIM2
SIM3
SIM4
1
21
22
SIM5
SIM1
SIM2
SIM3
SIM4
1
21
22
SIM5
SIM1
SIM2
SIM3
SIM4
1
21
22
SIM5
SIM1
SIM2
SIM3
SIM4
1
21
22
SIM5
SIM1
SIM2
SIM3
SIM4
1
21
22
SIM5
SIM1
SIM2
SIM3
SIM4
1
21
22
SIM5
SIM1
SIM2
SIM3
SIM4
1
21
22
SIM5
SIM1
SIM2
SIM3
SIM4
1
21
22
SIM5
SIM1
SIM2
SIM3
SIM4
1
21
22
SIM5
SIM1
SIM2
SIM3
SIM4
1
21
22
SIM5
SIM1
SIM2
SIM3
SIM4
1
21
22
SIM5
SIM1
SIM2
SIM3
SIM4
1
21
22
SIM5
SIM1
SIM2
SIM3
SIM4
1
21
22
SIM5
SIM1
SIM2
SIM3
SIM4
1
21
22
SIM5
SIM1
SIM2
SIM3
SIM4
1
21
22
SIM5
SIM1
SIM2
SIM3
SIM4
1
21
22
SIM5
SIM1
SIM2
SIM3
SIM4
1
21
22
SIM5
SIM1
SIM2
SIM3
SIM4
1
21
22
SIM5
SIM1
SIM2
SIM3
SIM4
1
21
22
SIM5
SIM1
SIM2
SIM3
SIM4
1
21
22
SIM5
SIM1
SIM2
SIM3
SIM4
1
21
22
SIM5
SIM1
SIM2
SIM3
SIM4
1
21
22
SIM5
SIM1
SIM2
SIM3
SIM4
1
21
22
SIM5
SIM1
SIM2
SIM3
SIM4
1
21
22
SIM5
SIM1
SIM2
SIM3
SIM4
1
21
22
SIM5
SIM1
SIM2
SIM3
SIM4
1
21
22
SIM5
SIM1
SIM2
SIM3
SIM4
1
21
22
SIM5
SIM1
SIM2
SIM3
SIM4
1
21
22
SIM5
SIM1
SIM2
SIM3
SIM4
1
21
22
SIM5
SIM1
SIM2
SIM3
SIM4
1
21
22
SIM5
SIM1
SIM2
SIM3
SIM4
1
21
22
SIM5
SIM1
SIM2
SIM3
SIM4
1
21
22
SIM5
SIM1
SIM2
SIM3
SIM4
1
21
22
SIM5
SIM1
SIM2
SIM3
SIM4
1
21
22
SIM5
SIM1
SIM2
SIM3
SIM4
1
21
22
SIM5
SIM1
SIM2
SIM3
SIM4
1
21
22
SIM5
SIM1
SIM2
SIM3
SIM4
1
21
22
SIM5
SIM1
SIM2
SIM3
SIM4
1
21
22
SIM5
SIM1
SIM2
SIM3
SIM4
1
21
22
SIM5
SIM1
SIM2
SIM3
SIM4
1
21
22
SIM5
SIM1
SIM2
SIM3
SIM4
1
21
22
SIM5
SIM1
SIM2
SIM3
SIM4
1
21
22
SIM5
SIM1
SIM2
SIM3
SIM4
1
21
22
SIM5
SIM1
SIM2
SIM3
SIM4
1
21
22
SIM5
SIM1
SIM2
SIM3
SIM4
1
21
22
SIM5
SIM1
SIM2
SIM3
SIM4
1
21
22
SIM5
SIM1
SIM2
SIM3
SIM4
1
21
22
SIM5
SIM1
SIM2
SIM3
SIM4
1
21
22
SIM5
SIM1
SIM2
SIM3
SIM4
1
21
22
SIM5
SIM1
SIM2
SIM3
SIM4
1
21
22
SIM5
SIM1
SIM2
SIM3
SIM4
1
21
22
SIM5
SIM1
SIM2
SIM3
SIM4
1
21
22
SIM5
SIM1
SIM2
SIM3
SIM4
1
21
22
SIM5
SIM1
SIM2
SIM3
SIM4
1
21
22
SIM5
SIM1
SIM2
SIM3
SIM4
1
21
22
SIM5
SIM1
SIM2
SIM3
SIM4
1
21
22
SIM5
SIM1
SIM2
SIM3
SIM4
1
21
22
SIM5
SIM1
SIM2
SIM3
SIM4
1
21
22
SIM5
SIM1
SIM2
SIM3
SIM4
1
21
22
SIM5
SIM1
SIM2
SIM3
SIM4
1
21
22
SIM5
SIM1
SIM2
SIM3
SIM4
1
21
22
SIM5
SIM1
SIM2
SIM3
SIM4
1
21
22
SIM5
SIM1
SIM2
SIM3
SIM4
1
21
22
SIM5
SIM1
SIM2
SIM3
SIM4
1
21
22
SIM5
SIM1
SIM2
SIM3
SIM4
1
21
22
SIM5
SIM1
SIM2
SIM3
SIM4
1
21
22
SIM5
SIM1
SIM2
SIM3
SIM4
1
21
22
SIM5
SIM1
SIM2
SIM3
SIM4
1
21
22
SIM5
SIM1
SIM2
SIM3
SIM4
1
21
22
SIM5
SIM1
SIM2
SIM3
SIM4
1
21
22
SIM5
SIM1
SIM2
SIM3
SIM4
1
21
22
SIM5
SIM1
SIM2
SIM3
SIM4
1
21
22
SIM5
SIM1
SIM2
SIM3
SIM4
1
21
22
SIM5
SIM1
SIM2
SIM3
SIM4
1
21
22
SIM5
SIM1
SIM2
SIM3
SIM4
1
21
22
SIM5
SIM1
SIM2
SIM3
SIM4
1
21
22
SIM5
SIM1
SIM2
SIM3
SIM4
1
21
22
SIM5
SIM1
SIM2
SIM3
SIM4
1
21
22
SIM5
SIM1
SIM2
SIM3
SIM4
1
21
22
SIM5
SIM1
SIM2
SIM3
SIM4
1
21
22
SIM5
SIM1
SIM2
SIM3
SIM4
1
21
22
SIM5
SIM1
SIM2
SIM3
SIM4
1
21
22
SIM5
SIM1
SIM2
SIM3
SIM4
1
21
22
SIM5
SIM1
SIM2
SIM3
SIM4
1
21
22
SIM5
SIM1
SIM2
DEBUG 1 355
SIM1
SIM2
SIM3
SIM4
1
21
22
SIM5
SIM1
SIM2
SIM3
SIM4
1
21
22
SIM5
SIM1
SIM2
SIM3
SIM4
1
21
22
SIM5
SIM1
SIM2
SIM3
SIM4
1
21
22
SIM5
SIM1
SIM2
SIM3
SIM4
1
21
22
SIM5
SIM1
SIM2
SIM3
SIM4
1
21
22
SIM5
SIM1
SIM2
SIM3
SIM4
1
21
22
SIM5
SIM1
SIM2
SIM3
SIM4
1
21
22
SIM5
SIM1
SIM2
SIM3
SIM4
1
21
22
SIM5
SIM1
SIM2
SIM3
SIM4
1
21
22
SIM5
SIM1
SIM2
SIM3
SIM4
1
21
22
SIM5
SIM1
SIM2
SIM3
SIM4
1
21
22
SIM5
SIM1
SIM2
SIM3
SIM4
1
21
22
SIM5
SIM1
SIM2
SIM3
SIM4
1
21
22
SIM5
SIM1
SIM2
SIM3
SIM4
1
21
22
SIM5
SIM1
SIM2
SIM3
SIM4
1
21
22
SIM5
SIM1
SIM2
SIM3
SIM4
1
21
22
SIM5
SIM1
SIM2
SIM3
SIM4
1
21
22
SIM5
SIM1
SIM2
SIM3
SIM4
1
21
22
SIM5
SIM1
SIM2
SIM3
SIM4
1
21
22
SIM5
SIM1
SIM2
SIM3
SIM4
1
21
22
SIM5
SIM1
SIM2
SIM3
SIM4
1
21
22
SIM5
SIM1
SIM2
SIM3
SIM4
1
21
22
SIM5
SIM1
SIM2
SIM3
SIM4
1
21
22
SIM5
SIM1
SIM2
SIM3
SIM4
1
21
22
SIM5
SIM1
SIM2
SIM3
SIM4
1
21
22
SIM5
SIM1
SIM2
SIM3
SIM4
1
21
22
SIM5
SIM1
SIM2
SIM3
SIM4
1
21
22
SIM5
SIM1
SIM2
SIM3
SIM4
1
21
22
SIM5
SIM1
SIM2
SIM3
SIM4
1
21
22
SIM5
SIM1
SIM2
SIM3
SIM4
1
21
22
SIM5
SIM1
SIM2
SIM3
SIM4
1
21
22
SIM5
SIM1
SIM2
SIM3
SIM4
1
21
22
SIM5
SIM1
SIM2
SIM3
SIM4
1
21
22
SIM5
SIM1
SIM2
SIM3
SIM4
1
21
22
SIM5
SIM1
SIM2
SIM3
SIM4
1
21
22
SIM5
SIM1
SIM2
SIM3
SIM4
1
21
22
SIM5
SIM1
SIM2
SIM3
SIM4
1
21
22
SIM5
SIM1
SIM2
SIM3
SIM4
1
21
22
SIM5
SIM1
SIM2
SIM3
SIM4
1
21
22
SIM5
SIM1
SIM2
SIM3
SIM4
1
21
22
SIM5
SIM1
SIM2
SIM3
SIM4
1
21
22
SIM5
SIM1
SIM2
SIM3
SIM4
1
21
22
SIM5
SIM1
SIM2
SIM3
SIM4
1
21
22
SIM5
SIM1
SIM2
SIM3
SIM4
1
21
22
SIM5
SIM1
SIM2
SIM3
SIM4
1
21
22
SIM5
SIM1
SIM2
SIM3
SIM4
1
21
22
SIM5
SIM1
SIM2
SIM3
SIM4
1
21
22
SIM5
SIM1
SIM2
SIM3
SIM4
1
21
22
SIM5
SIM1
SIM2
SIM3
SIM4
1
21
22
SIM5
SIM1
SIM2
SIM3
SIM4
1
21
22
SIM5
SIM1
SIM2
SIM3
SIM4
1
21
22
SIM5
SIM1
SIM2
SIM3
SIM4
1
21
22
SIM5
SIM1
SIM2
SIM3
SIM4
1
21
22
SIM5
SIM1
SIM2
SIM3
SIM4
1
21
22
SIM5
SIM1
SIM2
SIM3
SIM4
1
21
22
SIM5
SIM1
SIM2
SIM3
SIM4
1
21
22
SIM5
SIM1
SIM2
SIM3
SIM4
1
21
22
SIM5
SIM1
SIM2
SIM3
SIM4
1
21
22
SIM5
SIM1
SIM2
SIM3
SIM4
1
21
22
SIM5
SIM1
SIM2
SIM3
SIM4
1
21
22
SIM5
SIM1
SIM2
SIM3
SIM4
1
21
22
SIM5
SIM1
SIM2
SIM3
SIM4
1
21
22
SIM5
SIM1
SIM2
SIM3
SIM4
1
21
22
SIM5
SIM1
SIM2
SIM3
SIM4
1
21
22
SIM5
SIM1
SIM2
SIM3
SIM4
1
21
22
SIM5
SIM1
SIM2
SIM3
SIM4
1
21
22
SIM5
SIM1
SIM2
SIM3
SIM4
1
21
22
SIM5
SIM1
SIM2
SIM3
SIM4
1
21
22
SIM5
SIM1
SIM2
SIM3
SIM4
1
21
22
SIM5
SIM1
SIM2
SIM3
SIM4
1
21
22
SIM5
SIM1
SIM2
SIM3
SIM4
1
21
22
SIM5
SIM1
SIM2
SIM3
SIM4
1
21
22
SIM5
SIM1
SIM2
SIM3
SIM4
1
21
22
SIM5
SIM1
SIM2
SIM3
SIM4
1
21
22
SIM5
SIM1
SIM2
SIM3
SIM4
1
21
22
SIM5
SIM1
SIM2
SIM3
SIM4
1
21
22
SIM5
SIM1
SIM2
SIM3
SIM4
1
21
22
SIM5
SIM1
SIM2
SIM3
SIM4
1
21
22
SIM5
SIM1
SIM2
SIM3
SIM4
1
21
22
SIM5
SIM1
SIM2
SIM3
SIM4
1
21
22
SIM5
SIM1
SIM2
SIM3
SIM4
1
21
22
SIM5
SIM1
SIM2
SIM3
SIM4
1
21
22
SIM5
SIM1
SIM2
SIM3
SIM4
1
21
22
SIM5
SIM1
SIM2
SIM3
SIM4
1
21
22
SIM5
SIM1
SIM2
SIM3
SIM4
1
21
22
SIM5
SIM1
SIM2
SIM3
SIM4
1
21
22
SIM5
SIM1
SIM2
SIM3
SIM4
1
21
22
SIM5
SIM1
SIM2
SIM3
SIM4
1
21
22
SIM5
SIM1
SIM2
SIM3
SIM4
1
21
22
SIM5
SIM1
SIM2
SIM3
SIM4
1
21
22
SIM5
SIM1
SIM2
SIM3
SIM4
1
21
22
SIM5
SIM1
SIM2
SIM3
SIM4
1
21
22
SIM5
SIM1
SIM2
SIM3
SIM4
1
21
22
SIM5
SIM1
SIM2
SIM3
SIM4
1
21
22
SIM5
SIM1
SIM2
SIM3
SIM4
1
21
22
SIM5
SIM1
SIM2
SIM3
SIM4
1
21
22
SIM5
SIM1
SIM2
SIM3
SIM4
1
21
22
SIM5
SIM1
SIM2
SIM3
SIM4
1
21
22
SIM5
SIM1
SIM2
SIM3
SIM4
1
21
22
SIM5
SIM1
SIM2
SIM3
SIM4
1
21
22
SIM5
SIM1
SIM2
SIM3
SIM4
1
21
22
SIM5
SIM1
SIM2
SIM3
SIM4
1
21
22
SIM5
SIM1
SIM2
SIM3
SIM4
1
21
22
SIM5
SIM1
SIM2
SIM3
SIM4
1
21
22
SIM5
SIM1
SIM2
SIM3
SIM4
1
21
22
SIM5
SIM1
SIM2
SIM3
SIM4
1
21
22
SIM5
SIM1
SIM2
SIM3
SIM4
1
21
22
SIM5
SIM1
SIM2
SIM3
SIM4
1
21
22
SIM5
SIM1
SIM2
SIM3
SIM4
1
21
22
SIM5
SIM1
SIM2
DEBUG 1 356
SIM1
SIM2
SIM3
SIM4
1
21
22
SIM5
SIM1
SIM2
SIM3
SIM4
1
21
22
SIM5
SIM1
SIM2
SIM3
SIM4
1
21
22
SIM5
SIM1
SIM2
SIM3
SIM4
1
21
22
SIM5
SIM1
SIM2
SIM3
SIM4
1
21
22
SIM5
SIM1
SIM2
SIM3
SIM4
1
21
22
SIM5
SIM1
SIM2
SIM3
SIM4
1
21
22
SIM5
SIM1
SIM2
SIM3
SIM4
1
21
22
SIM5
SIM1
SIM2
SIM3
SIM4
1
21
22
SIM5
SIM1
SIM2
SIM3
SIM4
1
21
22
SIM5
SIM1
SIM2
SIM3
SIM4
1
21
22
SIM5
SIM1
SIM2
SIM3
SIM4
1
21
22
SIM5
SIM1
SIM2
SIM3
SIM4
1
21
22
SIM5
SIM1
SIM2
SIM3
SIM4
1
21
22
SIM5
SIM1
SIM2
SIM3
SIM4
1
21
22
SIM5
SIM1
SIM2
SIM3
SIM4
1
21
22
SIM5
SIM1
SIM2
SIM3
SIM4
1
21
22
SIM5
SIM1
SIM2
SIM3
SIM4
1
21
22
SIM5
SIM1
SIM2
SIM3
SIM4
1
21
22
SIM5
SIM1
SIM2
SIM3
SIM4
1
21
22
SIM5
SIM1
SIM2
SIM3
SIM4
1
21
22
SIM5
SIM1
SIM2
SIM3
SIM4
1
21
22
SIM5
SIM1
SIM2
SIM3
SIM4
1
21
22
SIM5
SIM1
SIM2
SIM3
SIM4
1
21
22
SIM5
SIM1
SIM2
SIM3
SIM4
1
21
22
SIM5
SIM1
SIM2
SIM3
SIM4
1
21
22
SIM5
SIM1
SIM2
SIM3
SIM4
1
21
22
SIM5
SIM1
SIM2
SIM3
SIM4
1
21
22
SIM5
SIM1
SIM2
SIM3
SIM4
1
21
22
SIM5
SIM1
SIM2
SIM3
SIM4
1
21
22
SIM5
SIM1
SIM2
SIM3
SIM4
1
21
22
SIM5
SIM1
SIM2
SIM3
SIM4
1
21
22
SIM5
SIM1
SIM2
SIM3
SIM4
1
21
22
SIM5
SIM1
SIM2
SIM3
SIM4
1
21
22
SIM5
SIM1
SIM2
SIM3
SIM4
1
21
22
SIM5
SIM1
SIM2
SIM3
SIM4
1
21
22
SIM5
SIM1
SIM2
DEBUG 1 357
SIM1
SIM2
SIM3
SIM4
1
21
22
SIM5
SIM1
SIM2
SIM3
SIM4
1
21
22
SIM5
SIM1
SIM2
SIM3
SIM4
1
21
22
SIM5
SIM1
SIM2
SIM3
SIM4
1
21
22
SIM5
SIM1
SIM2
SIM3
SIM4
1
21
22
SIM5
SIM1
SIM2
SIM3
SIM4
1
21
22
SIM5
SIM1
SIM2
SIM3
SIM4
1
21
22
SIM5
SIM1
SIM2
SIM3
SIM4
1
21
22
SIM5
SIM1
SIM2
SIM3
SIM4
1
21
22
SIM5
SIM1
SIM2
SIM3
SIM4
1
21
22
SIM5
SIM1
SIM2
SIM3
SIM4
1
21
22
SIM5
SIM1
SIM2
SIM3
SIM4
1
21
22
SIM5
SIM1
SIM2
SIM3
SIM4
1
21
22
SIM5
SIM1
SIM2
SIM3
SIM4
1
21
22
SIM5
SIM1
SIM2
SIM3
SIM4
1
21
22
SIM5
SIM1
SIM2
SIM3
SIM4
1
21
22
SIM5
SIM1
SIM2
SIM3
SIM4
1
21
22
SIM5
SIM1
SIM2
SIM3
SIM4
1
21
22
SIM5
SIM1
SIM2
SIM3
SIM4
1
21
22
SIM5
SIM1
SIM2
SIM3
SIM4
1
21
22
SIM5
SIM1
SIM2
SIM3
SIM4
1
21
22
SIM5
SIM1
SIM2
SIM3
SIM4
1
21
22
SIM5
SIM1
SIM2
SIM3
SIM4
1
21
22
SIM5
SIM1
SIM2
SIM3
SIM4
1
21
22
SIM5
SIM1
SIM2
SIM3
SIM4
1
21
22
SIM5
SIM1
SIM2
SIM3
SIM4
1
21
22
SIM5
SIM1
SIM2
SIM3
SIM4
1
21
22
SIM5
SIM1
SIM2
SIM3
SIM4
1
21
22
SIM5
SIM1
SIM2
SIM3
SIM4
1
21
22
SIM5
SIM1
SIM2
SIM3
SIM4
1
21
22
SIM5
SIM1
SIM2
SIM3
SIM4
1
21
22
SIM5
SIM1
SIM2
SIM3
SIM4
1
21
22
SIM5
SIM1
SIM2
SIM3
SIM4
1
21
22
SIM5
SIM1
SIM2
SIM3
SIM4
1
21
22
SIM5
SIM1
SIM2
SIM3
SIM4
1
21
22
SIM5
SIM1
SIM2
SIM3
SIM4
1
21
22
SIM5
SIM1
SIM2
SIM3
SIM4
1
21
22
SIM5
SIM1
SIM2
SIM3
SIM4
1
21
22
SIM5
SIM1
SIM2
SIM3
SIM4
1
21
22
SIM5
SIM1
SIM2
SIM3
SIM4
1
21
22
SIM5
SIM1
SIM2
SIM3
SIM4
1
21
22
SIM5
SIM1
SIM2
SIM3
SIM4
1
21
22
SIM5
SIM1
SIM2
SIM3
SIM4
1
21
22
SIM5
SIM1
SIM2
SIM3
SIM4
1
21
22
SIM5
SIM1
SIM2
SIM3
SIM4
1
21
22
SIM5
SIM1
SIM2
SIM3
SIM4
1
21
22
SIM5
SIM1
SIM2
SIM3
SIM4
1
21
22
SIM5
SIM1
SIM2
SIM3
SIM4
1
21
22
SIM5
SIM1
SIM2
SIM3
SIM4
1
21
22
SIM5
SIM1
SIM2
SIM3
SIM4
1
21
22
SIM5
SIM1
SIM2
SIM3
SIM4
1
21
22
SIM5
SIM1
SIM2
SIM3
SIM4
1
21
22
SIM5
SIM1
SIM2
SIM3
SIM4
1
21
22
SIM5
SIM1
SIM2
SIM3
SIM4
1
21
22
SIM5
SIM1
SIM2
SIM3
SIM4
1
21
22
SIM5
SIM1
SIM2
SIM3
SIM4
1
21
22
SIM5
SIM1
SIM2
SIM3
SIM4
1
21
22
SIM5
SIM1
SIM2
SIM3
SIM4
1
21
22
SIM5
SIM1
SIM2
SIM3
SIM4
1
21
22
SIM5
SIM1
SIM2
SIM3
SIM4
1
21
22
SIM5
SIM1
SIM2
SIM3
SIM4
1
21
22
SIM5
SIM1
SIM2
SIM3
SIM4
1
21
22
SIM5
SIM1
SIM2
SIM3
SIM4
1
21
22
SIM5
SIM1
SIM2
SIM3
SIM4
1
21
22
SIM5
SIM1
SIM2
SIM3
SIM4
1
21
22
SIM5
SIM1
SIM2
SIM3
SIM4
1
21
22
SIM5
SIM1
SIM2
SIM3
SIM4
1
21
22
SIM5
SIM1
SIM2
SIM3
SIM4
1
21
22
SIM5
SIM1
SIM2
SIM3
SIM4
1
21
22
SIM5
SIM1
SIM2
SIM3
SIM4
1
21
22
SIM5
SIM1
SIM2
SIM3
SIM4
1
21
22
SIM5
SIM1
SIM2
SIM3
SIM4
1
21
22
SIM5
SIM1
SIM2
SIM3
SIM4
1
21
22
SIM5
SIM1
SIM2
SIM3
SIM4
1
21
22
SIM5
SIM1
SIM2
SIM3
SIM4
1
21
22
SIM5
SIM1
SIM2
SIM3
SIM4
1
21
22
SIM5
SIM1
SIM2
SIM3
SIM4
1
21
22
SIM5
SIM1
SIM2
SIM3
SIM4
1
21
22
SIM5
SIM1
SIM2
SIM3
SIM4
1
21
22
SIM5
SIM1
SIM2
SIM3
SIM4
1
21
22
SIM5
SIM1
SIM2
SIM3
SIM4
1
21
22
SIM5
SIM1
SIM2
SIM3
SIM4
1
21
22
SIM5
SIM1
SIM2
SIM3
SIM4
1
21
22
SIM5
SIM1
SIM2
SIM3
SIM4
1
21
22
SIM5
SIM1
SIM2
SIM3
SIM4
1
21
22
SIM5
SIM1
SIM2
SIM3
SIM4
1
21
22
SIM5
SIM1
SIM2
SIM3
SIM4
1
21
22
SIM5
SIM1
SIM2
SIM3
SIM4
1
21
22
SIM5
SIM1
SIM2
SIM3
SIM4
1
21
22
SIM5
SIM1
SIM2
SIM3
SIM4
1
21
22
SIM5
SIM1
SIM2
SIM3
SIM4
1
21
22
SIM5
SIM1
SIM2
SIM3
SIM4
1
21
22
SIM5
SIM1
SIM2
SIM3
SIM4
1
21
22
SIM5
SIM1
SIM2
SIM3
SIM4
1
21
22
SIM5
SIM1
SIM2
SIM3
SIM4
1
21
22
SIM5
SIM1
SIM2
SIM3
SIM4
1
21
22
SIM5
SIM1
SIM2
SIM3
SIM4
1
21
22
SIM5
SIM1
SIM2
SIM3
SIM4
1
21
22
SIM5
SIM1
SIM2
SIM3
SIM4
1
21
22
SIM5
SIM1
SIM2
SIM3
SIM4
1
21
22
SIM5
SIM1
SIM2
SIM3
SIM4
1
21
22
SIM5
SIM1
SIM2
SIM3
SIM4
1
21
22
SIM5
SIM1
SIM2
SIM3
SIM4
1
21
22
SIM5
SIM1
SIM2
SIM3
SIM4
1
21
22
SIM5
SIM1
SIM2
SIM3
SIM4
1
21
22
SIM5
SIM1
SIM2
SIM3
SIM4
1
21
22
SIM5
SIM1
SIM2
SIM3
SIM4
1
21
22
SIM5
SIM1
SIM2
SIM3
SIM4
1
21
22
SIM5
SIM1
SIM2
SIM3
SIM4
1
21
22
SIM5
SIM1
SIM2
SIM3
SIM4
1
21
22
SIM5
SIM1
SIM2
SIM3
SIM4
1
21
22
SIM5
SIM1
SIM2
SIM3
SIM4
1
21
22
SIM5
SIM1
SIM2
SIM3
SIM4
1
21
22
SIM5
SIM1
SIM2
SIM3
SIM4
1
21
22
SIM5
SIM1
SIM2
SIM3
SIM4
1
21
22
SIM5
SIM1
SIM2
SIM3
SIM4
1
21
22
SIM5
SIM1
SIM2
SIM3
SIM4
1
21
22
SIM5
SIM1
SIM2
SIM3
SIM4
1
21
22
SIM5
SIM1
SIM2
SIM3
SIM4
1
21
22
SIM5
SIM1
SIM2
SIM3
SIM4
1
21
22
SIM5
SIM1
SIM2
SIM3
SIM4
1
21
22
SIM5
SIM1
SIM2
SIM3
SIM4
1
21
22
SIM5
SIM1
SIM2
SIM3
SIM4
1
21
22
SIM5
SIM1
SIM2
SIM3
SIM4
1
21
22
SIM5
SIM1
SIM2
SIM3
SIM4
1
21
22
SIM5
SIM1
SIM2
SIM3
SIM4
1
21
22
SIM5
SIM1
SIM2
SIM3
SIM4
1
21
22
SIM5
SIM1
SIM2
SIM3
SIM4
1
21
22
SIM5
SIM1
SIM2
SIM3
SIM4
1
21
22
SIM5
SIM1
SIM2
SIM3
SIM4
1
21
22
SIM5
SIM1
SIM2
SIM3
SIM4
1
21
22
SIM5
SIM1
SIM2
SIM3
SIM4
1
21
22
SIM5
SIM1
SIM2
SIM3
SIM4
1
21
22
SIM5
SIM1
SIM2
SIM3
SIM4
1
21
22
SIM5
SIM1
SIM2
SIM3
SIM4
1
21
22
SIM5
SIM1
SIM2
SIM3
SIM4
1
21
22
SIM5
SIM1
SIM2
SIM3
SIM4
1
21
22
SIM5
SIM1
SIM2
SIM3
SIM4
1
21
22
SIM5
SIM1
SIM2
SIM3
SIM4
1
21
22
SIM5
SIM1
SIM2
SIM3
SIM4
1
21
22
SIM5
SIM1
SIM2
DEBUG 1 358
SIM1
SIM2
SIM3
SIM4
1
21
22
SIM5
SIM1
SIM2
SIM3
SIM4
1
21
22
SIM5
SIM1
SIM2
SIM3
SIM4
1
21
22
SIM5
SIM1
SIM2
SIM3
SIM4
1
21
22
SIM5
SIM1
SIM2
SIM3
SIM4
1
21
22
SIM5
SIM1
SIM2
SIM3
SIM4
1
21
22
SIM5
SIM1
SIM2
SIM3
SIM4
1
21
22
SIM5
SIM1
SIM2
SIM3
SIM4
1
21
22
SIM5
SIM1
SIM2
SIM3
SIM4
1
21
22
SIM5
SIM1
SIM2
SIM3
SIM4
1
21
22
SIM5
SIM1
SIM2
SIM3
SIM4
1
21
22
SIM5
SIM1
SIM2
SIM3
SIM4
1
21
22
SIM5
SIM1
SIM2
SIM3
SIM4
1
21
22
SIM5
SIM1
SIM2
SIM3
SIM4
1
21
22
SIM5
SIM1
SIM2
SIM3
SIM4
1
21
22
SIM5
SIM1
SIM2
SIM3
SIM4
1
21
22
SIM5
SIM1
SIM2
SIM3
SIM4
1
21
22
SIM5
SIM1
SIM2
SIM3
SIM4
1
21
22
SIM5
SIM1
SIM2
SIM3
SIM4
1
21
22
SIM5
SIM1
SIM2
SIM3
SIM4
1
21
22
SIM5
SIM1
SIM2
SIM3
SIM4
1
21
22
SIM5
SIM1
SIM2
SIM3
SIM4
1
21
22
SIM5
SIM1
SIM2
SIM3
SIM4
1
21
22
SIM5
SIM1
SIM2
SIM3
SIM4
1
21
22
SIM5
SIM1
SIM2
SIM3
SIM4
1
21
22
SIM5
SIM1
SIM2
SIM3
SIM4
1
21
22
SIM5
SIM1
SIM2
SIM3
SIM4
1
21
22
SIM5
SIM1
SIM2
SIM3
SIM4
1
21
22
SIM5
SIM1
SIM2
SIM3
SIM4
1
21
22
SIM5
SIM1
SIM2
SIM3
SIM4
1
21
22
SIM5
SIM1
SIM2
SIM3
SIM4
1
21
22
SIM5
SIM1
SIM2
SIM3
SIM4
1
21
22
SIM5
SIM1
SIM2
SIM3
SIM4
1
21
22
SIM5
SIM1
SIM2
SIM3
SIM4
1
21
22
SIM5
SIM1
SIM2
SIM3
SIM4
1
21
22
SIM5
SIM1
SIM2
SIM3
SIM4
1
21
22
SIM5
SIM1
SIM2
SIM3
SIM4
1
21
22
SIM5
SIM1
SIM2
SIM3
SIM4
1
21
22
SIM5
SIM1
SIM2
SIM3
SIM4
1
21
22
SIM5
SIM1
SIM2
SIM3
SIM4
1
21
22
SIM5
SIM1
SIM2
SIM3
SIM4
1
21
22
SIM5
SIM1
SIM2
SIM3
SIM4
1
21
22
SIM5
SIM1
SIM2
SIM3
SIM4
1
21
22
SIM5
SIM1
SIM2
SIM3
SIM4
1
21
22
SIM5
SIM1
SIM2
SIM3
SIM4
1
21
22
SIM5
SIM1
SIM2
SIM3
SIM4
1
21
22
SIM5
SIM1
SIM2
SIM3
SIM4
1
21
22
SIM5
SIM1
SIM2
SIM3
SIM4
1
21
22
SIM5
SIM1
SIM2
SIM3
SIM4
1
21
22
SIM5
SIM1
SIM2
SIM3
SIM4
1
21
22
SIM5
SIM1
SIM2
SIM3
SIM4
1
21
22
SIM5
SIM1
SIM2
SIM3
SIM4
1
21
22
SIM5
SIM1
SIM2
SIM3
SIM4
1
21
22
SIM5
SIM1
SIM2
SIM3
SIM4
1
21
22
SIM5
SIM1
SIM2
SIM3
SIM4
1
21
22
SIM5
SIM1
SIM2
SIM3
SIM4
1
21
22
SIM5
SIM1
SIM2
SIM3
SIM4
1
21
22
SIM5
SIM1
SIM2
SIM3
SIM4
1
21
22
SIM5
SIM1
SIM2
SIM3
SIM4
1
21
22
SIM5
SIM1
SIM2
SIM3
SIM4
1
21
22
SIM5
SIM1
SIM2
SIM3
SIM4
1
21
22
SIM5
SIM1
SIM2
SIM3
SIM4
1
21
22
SIM5
SIM1
SIM2
SIM3
SIM4
1
21
22
SIM5
SIM1
SIM2
SIM3
SIM4
1
21
22
SIM5
SIM1
SIM2
SIM3
SIM4
1
21
22
SIM5
SIM1
SIM2
SIM3
SIM4
1
21
22
SIM5
SIM1
SIM2
SIM3
SIM4
1
21
22
SIM5
SIM1
SIM2
SIM3
SIM4
1
21
22
SIM5
SIM1
SIM2
SIM3
SIM4
1
21
22
SIM5
SIM1
SIM2
SIM3
SIM4
1
21
22
SIM5
SIM1
SIM2
SIM3
SIM4
1
21
22
SIM5
SIM1
SIM2
SIM3
SIM4
1
21
22
SIM5
SIM1
SIM2
SIM3
SIM4
1
21
22
SIM5
SIM1
SIM2
SIM3
SIM4
1
21
22
SIM5
SIM1
SIM2
SIM3
SIM4
1
21
22
SIM5
SIM1
SIM2
SIM3
SIM4
1
21
22
SIM5
SIM1
SIM2
SIM3
SIM4
1
21
22
SIM5
SIM1
SIM2
SIM3
SIM4
1
21
22
SIM5
SIM1
SIM2
SIM3
SIM4
1
21
22
SIM5
SIM1
SIM2
SIM3
SIM4
1
21
22
SIM5
SIM1
SIM2
SIM3
SIM4
1
21
22
SIM5
SIM1
SIM2
SIM3
SIM4
1
21
22
SIM5
SIM1
SIM2
SIM3
SIM4
1
21
22
SIM5
SIM1
SIM2
SIM3
SIM4
1
21
22
SIM5
SIM1
SIM2
SIM3
SIM4
1
21
22
SIM5
SIM1
SIM2
SIM3
SIM4
1
21
22
SIM5
SIM1
SIM2
SIM3
SIM4
1
21
22
SIM5
SIM1
SIM2
SIM3
SIM4
1
21
22
SIM5
SIM1
SIM2
SIM3
SIM4
1
21
22
SIM5
SIM1
SIM2
SIM3
SIM4
1
21
22
SIM5
SIM1
SIM2
SIM3
SIM4
1
21
22
SIM5
SIM1
SIM2
SIM3
SIM4
1
21
22
SIM5
SIM1
SIM2
SIM3
SIM4
1
21
22
SIM5
SIM1
SIM2
SIM3
SIM4
1
21
22
SIM5
SIM1
SIM2
SIM3
SIM4
1
21
22
SIM5
SIM1
SIM2
SIM3
SIM4
1
21
22
SIM5
SIM1
SIM2
SIM3
SIM4
1
21
22
SIM5
SIM1
SIM2
SIM3
SIM4
1
21
22
SIM5
SIM1
SIM2
SIM3
SIM4
1
21
22
SIM5
SIM1
SIM2
SIM3
SIM4
1
21
22
SIM5
SIM1
SIM2
SIM3
SIM4
1
21
22
SIM5
SIM1
SIM2
SIM3
SIM4
1
21
22
SIM5
SIM1
SIM2
SIM3
SIM4
1
21
22
SIM5
SIM1
SIM2
SIM3
SIM4
1
21
22
SIM5
SIM1
SIM2
SIM3
SIM4
1
21
22
SIM5
SIM1
SIM2
SIM3
SIM4
1
21
22
SIM5
SIM1
SIM2
SIM3
SIM4
1
21
22
SIM5
SIM1
SIM2
SIM3
SIM4
1
21
22
SIM5
SIM1
SIM2
SIM3
SIM4
1
21
22
SIM5
SIM1
SIM2
SIM3
SIM4
1
21
22
SIM5
SIM1
SIM2
SIM3
SIM4
1
21
22
SIM5
SIM1
SIM2
SIM3
SIM4
1
21
22
SIM5
SIM1
SIM2
SIM3
SIM4
1
21
22
SIM5
SIM1
SIM2
SIM3
SIM4
1
21
22
SIM5
SIM1
SIM2
SIM3
SIM4
1
21
22
SIM5
SIM1
SIM2
SIM3
SIM4
1
21
22
SIM5
SIM1
SIM2
SIM3
SIM4
1
21
22
SIM5
SIM1
SIM2
SIM3
SIM4
1
21
22
SIM5
SIM1
SIM2
SIM3
SIM4
1
21
22
SIM5
SIM1
SIM2
SIM3
SIM4
1
21
22
SIM5
SIM1
SIM2
SIM3
SIM4
1
21
22
SIM5
SIM1
SIM2
SIM3
SIM4
1
21
22
SIM5
SIM1
SIM2
SIM3
SIM4
1
21
22
SIM5
SIM1
SIM2
SIM3
SIM4
1
21
22
SIM5
SIM1
SIM2
SIM3
SIM4
1
21
22
SIM5
SIM1
SIM2
SIM3
SIM4
1
21
22
SIM5
SIM1
SIM2
SIM3
SIM4
1
21
22
SIM5
SIM1
SIM2
SIM3
SIM4
1
21
22
SIM5
SIM1
SIM2
SIM3
SIM4
1
21
22
SIM5
SIM1
SIM2
SIM3
SIM4
1
21
22
SIM5
SIM1
SIM2
SIM3
SIM4
1
21
22
SIM5
SIM1
SIM2
SIM3
SIM4
1
21
22
SIM5
SIM1
SIM2
SIM3
SIM4
1
21
22
SIM5
SIM1
SIM2
SIM3
SIM4
1
21
22
SIM5
SIM1
SIM2
SIM3
SIM4
1
21
22
SIM5
SIM1
SIM2
SIM3
SIM4
1
21
22
SIM5
SIM1
SIM2
SIM3
SIM4
1
21
22
SIM5
SIM1
SIM2
SIM3
SIM4
1
21
22
SIM5
SIM1
SIM2
SIM3
SIM4
1
21
22
SIM5
SIM1
SIM2
SIM3
SIM4
1
21
22
SIM5
SIM1
SIM2
SIM3
SIM4
1
21
22
SIM5
SIM1
SIM2
SIM3
SIM4
1
21
22
SIM5
SIM1
SIM2
SIM3
SIM4
1
21
22
SIM5
SIM1
SIM2
SIM3
SIM4
1
21
22
SIM5
SIM1
SIM2
SIM3
SIM4
1
21
22
SIM5
SIM1
SIM2
SIM3
SIM4
1
21
22
SIM5
SIM1
SIM2
SIM3
SIM4
1
21
22
SIM5
SIM1
SIM2
SIM3
SIM4
1
21
22
SIM5
SIM1
SIM2
SIM3
SIM4
1
21
22
SIM5
SIM1
SIM2
SIM3
SIM4
1
21
22
SIM5
SIM1
SIM2
SIM3
SIM4
1
21
22
SIM5
SIM1
SIM2
SIM3
SIM4
1
21
22
SIM5
SIM1
SIM2
SIM3
SIM4
1
21
22
SIM5
SIM1
SIM2
SIM3
SIM4
1
21
22
SIM5
SIM1
SIM2
SIM3
SIM4
1
21
22
SIM5
SIM1
SIM2
SIM3
SIM4
1
21
22
SIM5
SIM1
SIM2
SIM3
SIM4
1
21
22
SIM5
SIM1
SIM2
SIM3
SIM4
1
21
22
SIM5
SIM1
SIM2
SIM3
SIM4
1
21
22
SIM5
SIM1
SIM2
SIM3
SIM4
1
21
22
SIM5
SIM1
SIM2
SIM3
SIM4
1
21
22
SIM5
SIM1
SIM2
SIM3
SIM4
1
21
22
SIM5
SIM1
SIM2
SIM3
SIM4
1
21
22
SIM5
SIM1
SIM2
SIM3
SIM4
1
21
22
SIM5
SIM1
SIM2
SIM3
SIM4
1
21
22
SIM5
SIM1
SIM2
SIM3
SIM4
1
21
22
SIM5
SIM1
SIM2
SIM3
SIM4
1
21
22
SIM5
SIM1
SIM2
SIM3
SIM4
1
21
22
SIM5
SIM1
SIM2
SIM3
SIM4
1
21
22
SIM5
SIM1
SIM2
SIM3
SIM4
1
21
22
SIM5
SIM1
SIM2
SIM3
SIM4
1
21
22
SIM5
SIM1
SIM2
SIM3
SIM4
1
21
22
SIM5
SIM1
SIM2
SIM3
SIM4
1
21
22
SIM5
SIM1
SIM2
DEBUG 1 359
SIM1
SIM2
SIM3
SIM4
1
21
22
SIM5
SIM1
SIM2
SIM3
SIM4
1
21
22
SIM5
SIM1
SIM2
SIM3
SIM4
1
21
22
SIM5
SIM1
SIM2
SIM3
SIM4
1
21
22
SIM5
SIM1
SIM2
SIM3
SIM4
1
21
22
SIM5
SIM1
SIM2
SIM3
SIM4
1
21
22
SIM5
SIM1
SIM2
SIM3
SIM4
1
21
22
SIM5
SIM1
SIM2
SIM3
SIM4
1
21
22
SIM5
SIM1
SIM2
SIM3
SIM4
1
21
22
SIM5
SIM1
SIM2
SIM3
SIM4
1
21
22
SIM5
SIM1
SIM2
SIM3
SIM4
1
21
22
SIM5
SIM1
SIM2
SIM3
SIM4
1
21
22
SIM5
SIM1
SIM2
SIM3
SIM4
1
21
22
SIM5
SIM1
SIM2
SIM3
SIM4
1
21
22
SIM5
SIM1
SIM2
SIM3
SIM4
1
21
22
SIM5
SIM1
SIM2
SIM3
SIM4
1
21
22
SIM5
SIM1
SIM2
SIM3
SIM4
1
21
22
SIM5
SIM1
SIM2
SIM3
SIM4
1
21
22
SIM5
SIM1
SIM2
SIM3
SIM4
1
21
22
SIM5
SIM1
SIM2
SIM3
SIM4
1
21
22
SIM5
SIM1
SIM2
SIM3
SIM4
1
21
22
SIM5
SIM1
SIM2
SIM3
SIM4
1
21
22
SIM5
SIM1
SIM2
SIM3
SIM4
1
21
22
SIM5
SIM1
SIM2
SIM3
SIM4
1
21
22
SIM5
SIM1
SIM2
SIM3
SIM4
1
21
22
SIM5
SIM1
SIM2
SIM3
SIM4
1
21
22
SIM5
SIM1
SIM2
SIM3
SIM4
1
21
22
SIM5
SIM1
SIM2
SIM3
SIM4
1
21
22
SIM5
SIM1
SIM2
SIM3
SIM4
1
21
22
SIM5
SIM1
SIM2
SIM3
SIM4
1
21
22
SIM5
SIM1
SIM2
SIM3
SIM4
1
21
22
SIM5
SIM1
SIM2
SIM3
SIM4
1
21
22
SIM5
SIM1
SIM2
SIM3
SIM4
1
21
22
SIM5
SIM1
SIM2
SIM3
SIM4
1
21
22
SIM5
SIM1
SIM2
SIM3
SIM4
1
21
22
SIM5
SIM1
SIM2
SIM3
SIM4
1
21
22
SIM5
SIM1
SIM2
SIM3
SIM4
1
21
22
SIM5
SIM1
SIM2
SIM3
SIM4
1
21
22
SIM5
SIM1
SIM2
SIM3
SIM4
1
21
22
SIM5
SIM1
SIM2
SIM3
SIM4
1
21
22
SIM5
SIM1
SIM2
SIM3
SIM4
1
21
22
SIM5
SIM1
SIM2
SIM3
SIM4
1
21
22
SIM5
SIM1
SIM2
SIM3
SIM4
1
21
22
SIM5
SIM1
SIM2
SIM3
SIM4
1
21
22
SIM5
SIM1
SIM2
SIM3
SIM4
1
21
22
SIM5
SIM1
SIM2
SIM3
SIM4
1
21
22
SIM5
SIM1
SIM2
SIM3
SIM4
1
21
22
SIM5
SIM1
SIM2
SIM3
SIM4
1
21
22
SIM5
SIM1
SIM2
SIM3
SIM4
1
21
22
SIM5
SIM1
SIM2
SIM3
SIM4
1
21
22
SIM5
SIM1
SIM2
SIM3
SIM4
1
21
22
SIM5
SIM1
SIM2
SIM3
SIM4
1
21
22
SIM5
SIM1
SIM2
SIM3
SIM4
1
21
22
SIM5
SIM1
SIM2
SIM3
SIM4
1
21
22
SIM5
SIM1
SIM2
SIM3
SIM4
1
21
22
SIM5
SIM1
SIM2
SIM3
SIM4
1
21
22
SIM5
SIM1
SIM2
SIM3
SIM4
1
21
22
SIM5
SIM1
SIM2
SIM3
SIM4
1
21
22
SIM5
SIM1
SIM2
SIM3
SIM4
1
21
22
SIM5
SIM1
SIM2
SIM3
SIM4
1
21
22
SIM5
SIM1
SIM2
SIM3
SIM4
1
21
22
SIM5
SIM1
SIM2
SIM3
SIM4
1
21
22
SIM5
SIM1
SIM2
SIM3
SIM4
1
21
22
SIM5
SIM1
SIM2
SIM3
SIM4
1
21
22
SIM5
SIM1
SIM2
SIM3
SIM4
1
21
22
SIM5
SIM1
SIM2
SIM3
SIM4
1
21
22
SIM5
SIM1
SIM2
SIM3
SIM4
1
21
22
SIM5
SIM1
SIM2
SIM3
SIM4
1
21
22
SIM5
SIM1
SIM2
SIM3
SIM4
1
21
22
SIM5
SIM1
SIM2
SIM3
SIM4
1
21
22
SIM5
SIM1
SIM2
SIM3
SIM4
1
21
22
SIM5
SIM1
SIM2
SIM3
SIM4
1
21
22
SIM5
SIM1
SIM2
SIM3
SIM4
1
21
22
SIM5
SIM1
SIM2
SIM3
SIM4
1
21
22
SIM5
SIM1
SIM2
SIM3
SIM4
1
21
22
SIM5
SIM1
SIM2
SIM3
SIM4
1
21
22
SIM5
SIM1
SIM2
SIM3
SIM4
1
21
22
SIM5
SIM1
SIM2
SIM3
SIM4
1
21
22
SIM5
SIM1
SIM2
SIM3
SIM4
1
21
22
SIM5
SIM1
SIM2
SIM3
SIM4
1
21
22
SIM5
SIM1
SIM2
SIM3
SIM4
1
21
22
SIM5
SIM1
SIM2
SIM3
SIM4
1
21
22
SIM5
SIM1
SIM2
SIM3
SIM4
1
21
22
SIM5
SIM1
SIM2
SIM3
SIM4
1
21
22
SIM5
SIM1
SIM2
SIM3
SIM4
1
21
22
SIM5
SIM1
SIM2
SIM3
SIM4
1
21
22
SIM5
SIM1
SIM2
SIM3
SIM4
1
21
22
SIM5
SIM1
SIM2
SIM3
SIM4
1
21
22
SIM5
SIM1
SIM2
SIM3
SIM4
1
21
22
SIM5
SIM1
SIM2
SIM3
SIM4
1
21
22
SIM5
SIM1
SIM2
SIM3
SIM4
1
21
22
SIM5
SIM1
SIM2
SIM3
SIM4
1
21
22
SIM5
SIM1
SIM2
SIM3
SIM4
1
21
22
SIM5
SIM1
SIM2
SIM3
SIM4
1
21
22
SIM5
SIM1
SIM2
SIM3
SIM4
1
21
22
SIM5
SIM1
SIM2
SIM3
SIM4
1
21
22
SIM5
SIM1
SIM2
SIM3
SIM4
1
21
22
SIM5
SIM1
SIM2
SIM3
SIM4
1
21
22
SIM5
SIM1
SIM2
SIM3
SIM4
1
21
22
SIM5
SIM1
SIM2
SIM3
SIM4
1
21
22
SIM5
SIM1
SIM2
SIM3
SIM4
1
21
22
SIM5
SIM1
SIM2
SIM3
SIM4
1
21
22
SIM5
SIM1
SIM2
SIM3
SIM4
1
21
22
SIM5
SIM1
SIM2
SIM3
SIM4
1
21
22
SIM5
SIM1
SIM2
SIM3
SIM4
1
21
22
SIM5
SIM1
SIM2
SIM3
SIM4
1
21
22
SIM5
SIM1
SIM2
SIM3
SIM4
1
21
22
SIM5
SIM1
SIM2
SIM3
SIM4
1
21
22
SIM5
SIM1
SIM2
SIM3
SIM4
1
21
22
SIM5
SIM1
SIM2
SIM3
SIM4
1
21
22
SIM5
SIM1
SIM2
SIM3
SIM4
1
21
22
SIM5
SIM1
SIM2
SIM3
SIM4
1
21
22
SIM5
SIM1
SIM2
SIM3
SIM4
1
21
22
SIM5
SIM1
SIM2
SIM3
SIM4
1
21
22
SIM5
SIM1
SIM2
SIM3
SIM4
1
21
22
SIM5
SIM1
SIM2
SIM3
SIM4
1
21
22
SIM5
SIM1
SIM2
SIM3
SIM4
1
21
22
SIM5
SIM1
SIM2
SIM3
SIM4
1
21
22
SIM5
SIM1
SIM2
SIM3
SIM4
1
21
22
SIM5
SIM1
SIM2
SIM3
SIM4
1
21
22
SIM5
SIM1
SIM2
SIM3
SIM4
1
21
22
SIM5
SIM1
SIM2
SIM3
SIM4
1
21
22
SIM5
SIM1
SIM2
SIM3
SIM4
1
21
22
SIM5
SIM1
SIM2
SIM3
SIM4
1
21
22
SIM5
SIM1
SIM2
SIM3
SIM4
1
21
22
SIM5
SIM1
SIM2
SIM3
SIM4
1
21
22
SIM5
SIM1
SIM2
SIM3
SIM4
1
21
22
SIM5
SIM1
SIM2
SIM3
SIM4
1
21
22
SIM5
SIM1
SIM2
SIM3
SIM4
1
21
22
SIM5
SIM1
SIM2
SIM3
SIM4
1
21
22
SIM5
SIM1
SIM2
SIM3
SIM4
1
21
22
SIM5
SIM1
SIM2
SIM3
SIM4
1
21
22
SIM5
SIM1
SIM2
SIM3
SIM4
1
21
22
SIM5
SIM1
SIM2
SIM3
SIM4
1
21
22
SIM5
SIM1
SIM2
SIM3
SIM4
1
21
22
SIM5
SIM1
SIM2
SIM3
SIM4
1
21
22
SIM5
SIM1
SIM2
SIM3
SIM4
1
21
22
SIM5
SIM1
SIM2
SIM3
SIM4
1
21
22
SIM5
SIM1
SIM2
SIM3
SIM4
1
21
22
SIM5
SIM1
SIM2
SIM3
SIM4
1
21
22
SIM5
SIM1
SIM2
SIM3
SIM4
1
21
22
SIM5
SIM1
SIM2
SIM3
SIM4
1
21
22
SIM5
SIM1
SIM2
SIM3
SIM4
1
21
22
SIM5
SIM1
SIM2
SIM3
SIM4
1
21
22
SIM5
SIM1
SIM2
SIM3
SIM4
1
21
22
SIM5
SIM1
SIM2
SIM3
SIM4
1
21
22
SIM5
SIM1
SIM2
SIM3
SIM4
1
21
22
SIM5
SIM1
SIM2
SIM3
SIM4
1
21
22
SIM5
SIM1
SIM2
SIM3
SIM4
1
21
22
SIM5
SIM1
SIM2
SIM3
SIM4
1
21
22
SIM5
SIM1
SIM2
SIM3
SIM4
1
21
22
SIM5
SIM1
SIM2
SIM3
SIM4
1
21
22
SIM5
SIM1
SIM2
SIM3
SIM4
1
21
22
SIM5
SIM1
SIM2
SIM3
SIM4
1
21
22
SIM5
SIM1
SIM2
SIM3
SIM4
1
21
22
SIM5
SIM1
SIM2
SIM3
SIM4
1
21
22
SIM5
SIM1
SIM2
SIM3
SIM4
1
21
22
SIM5
SIM1
SIM2
SIM3
SIM4
1
21
22
SIM5
SIM1
SIM2
SIM3
SIM4
1
21
22
SIM5
SIM1
SIM2
SIM3
SIM4
1
21
22
SIM5
SIM1
SIM2
SIM3
SIM4
1
21
22
SIM5
SIM1
SIM2
SIM3
SIM4
1
21
22
SIM5
SIM1
SIM2
SIM3
SIM4
1
21
22
SIM5
SIM1
SIM2
SIM3
SIM4
1
21
22
SIM5
SIM1
SIM2
SIM3
SIM4
1
21
22
SIM5
SIM1
SIM2
SIM3
SIM4
1
21
22
SIM5
SIM1
SIM2
SIM3
SIM4
1
21
22
SIM5
SIM1
SIM2
SIM3
SIM4
1
21
22
SIM5
SIM1
SIM2
SIM3
SIM4
1
21
22
SIM5
SIM1
SIM2
DEBUG 1 360
SIM1
SIM2
SIM3
SIM4
1
21
22
SIM5
SIM1
SIM2
SIM3
SIM4
1
21
22
SIM5
SIM1
SIM2
SIM3
SIM4
1
21
22
SIM5
SIM1
SIM2
SIM3
SIM4
1
21
22
SIM5
SIM1
SIM2
SIM3
SIM4
1
21
22
SIM5
SIM1
SIM2
SIM3
SIM4
1
21
22
SIM5
SIM1
SIM2
SIM3
SIM4
1
21
22
SIM5
SIM1
SIM2
SIM3
SIM4
1
21
22
SIM5
SIM1
SIM2
SIM3
SIM4
1
21
22
SIM5
SIM1
SIM2
SIM3
SIM4
1
21
22
SIM5
SIM1
SIM2
SIM3
SIM4
1
21
22
SIM5
SIM1
SIM2
SIM3
SIM4
1
21
22
SIM5
SIM1
SIM2
SIM3
SIM4
1
21
22
SIM5
SIM1
SIM2
SIM3
SIM4
1
21
22
SIM5
SIM1
SIM2
SIM3
SIM4
1
21
22
SIM5
SIM1
SIM2
SIM3
SIM4
1
21
22
SIM5
SIM1
SIM2
SIM3
SIM4
1
21
22
SIM5
SIM1
SIM2
SIM3
SIM4
1
21
22
SIM5
SIM1
SIM2
SIM3
SIM4
1
21
22
SIM5
SIM1
SIM2
SIM3
SIM4
1
21
22
SIM5
SIM1
SIM2
SIM3
SIM4
1
21
22
SIM5
SIM1
SIM2
SIM3
SIM4
1
21
22
SIM5
SIM1
SIM2
SIM3
SIM4
1
21
22
SIM5
SIM1
SIM2
SIM3
SIM4
1
21
22
SIM5
SIM1
SIM2
SIM3
SIM4
1
21
22
SIM5
SIM1
SIM2
SIM3
SIM4
1
21
22
SIM5
SIM1
SIM2
SIM3
SIM4
1
21
22
SIM5
SIM1
SIM2
SIM3
SIM4
1
21
22
SIM5
SIM1
SIM2
SIM3
SIM4
1
21
22
SIM5
SIM1
SIM2
SIM3
SIM4
1
21
22
SIM5
SIM1
SIM2
SIM3
SIM4
1
21
22
SIM5
SIM1
SIM2
SIM3
SIM4
1
21
22
SIM5
SIM1
SIM2
SIM3
SIM4
1
21
22
SIM5
SIM1
SIM2
SIM3
SIM4
1
21
22
SIM5
SIM1
SIM2
SIM3
SIM4
1
21
22
SIM5
SIM1
SIM2
SIM3
SIM4
1
21
22
SIM5
SIM1
SIM2
SIM3
SIM4
1
21
22
SIM5
SIM1
SIM2
SIM3
SIM4
1
21
22
SIM5
SIM1
SIM2
SIM3
SIM4
1
21
22
SIM5
SIM1
SIM2
SIM3
SIM4
1
21
22
SIM5
SIM1
SIM2
SIM3
SIM4
1
21
22
SIM5
SIM1
SIM2
SIM3
SIM4
1
21
22
SIM5
SIM1
SIM2
SIM3
SIM4
1
21
22
SIM5
SIM1
SIM2
SIM3
SIM4
1
21
22
SIM5
SIM1
SIM2
SIM3
SIM4
1
21
22
SIM5
SIM1
SIM2
SIM3
SIM4
1
21
22
SIM5
SIM1
SIM2
SIM3
SIM4
1
21
22
SIM5
SIM1
SIM2
SIM3
SIM4
1
21
22
SIM5
SIM1
SIM2
SIM3
SIM4
1
21
22
SIM5
SIM1
SIM2
SIM3
SIM4
1
21
22
SIM5
SIM1
SIM2
SIM3
SIM4
1
21
22
SIM5
SIM1
SIM2
SIM3
SIM4
1
21
22
SIM5
SIM1
SIM2
SIM3
SIM4
1
21
22
SIM5
SIM1
SIM2
SIM3
SIM4
1
21
22
SIM5
SIM1
SIM2
SIM3
SIM4
1
21
22
SIM5
SIM1
SIM2
SIM3
SIM4
1
21
22
SIM5
SIM1
SIM2
SIM3
SIM4
1
21
22
SIM5
SIM1
SIM2
SIM3
SIM4
1
21
22
SIM5
SIM1
SIM2
SIM3
SIM4
1
21
22
SIM5
SIM1
SIM2
SIM3
SIM4
1
21
22
SIM5
SIM1
SIM2
SIM3
SIM4
1
21
22
SIM5
SIM1
SIM2
SIM3
SIM4
1
21
22
SIM5
SIM1
SIM2
SIM3
SIM4
1
21
22
SIM5
SIM1
SIM2
SIM3
SIM4
1
21
22
SIM5
SIM1
SIM2
SIM3
SIM4
1
21
22
SIM5
SIM1
SIM2
SIM3
SIM4
1
21
22
SIM5
SIM1
SIM2
SIM3
SIM4
1
21
22
SIM5
SIM1
SIM2
SIM3
SIM4
1
21
22
SIM5
SIM1
SIM2
SIM3
SIM4
1
21
22
SIM5
SIM1
SIM2
SIM3
SIM4
1
21
22
SIM5
SIM1
SIM2
SIM3
SIM4
1
21
22
SIM5
SIM1
SIM2
SIM3
SIM4
1
21
22
SIM5
SIM1
SIM2
SIM3
SIM4
1
21
22
SIM5
SIM1
SIM2
SIM3
SIM4
1
21
22
SIM5
SIM1
SIM2
SIM3
SIM4
1
21
22
SIM5
SIM1
SIM2
SIM3
SIM4
1
21
22
SIM5
SIM1
SIM2
SIM3
SIM4
1
21
22
SIM5
SIM1
SIM2
SIM3
SIM4
1
21
22
SIM5
SIM1
SIM2
SIM3
SIM4
1
21
22
SIM5
SIM1
SIM2
SIM3
SIM4
1
21
22
SIM5
SIM1
SIM2
SIM3
SIM4
1
21
22
SIM5
SIM1
SIM2
SIM3
SIM4
1
21
22
SIM5
SIM1
SIM2
SIM3
SIM4
1
21
22
SIM5
SIM1
SIM2
SIM3
SIM4
1
21
22
SIM5
SIM1
SIM2
SIM3
SIM4
1
21
22
SIM5
SIM1
SIM2
SIM3
SIM4
1
21
22
SIM5
SIM1
SIM2
SIM3
SIM4
1
21
22
SIM5
SIM1
SIM2
SIM3
SIM4
1
21
22
SIM5
SIM1
SIM2
SIM3
SIM4
1
21
22
SIM5
SIM1
SIM2
SIM3
SIM4
1
21
22
SIM5
SIM1
SIM2
SIM3
SIM4
1
21
22
SIM5
SIM1
SIM2
SIM3
SIM4
1
21
22
SIM5
SIM1
SIM2
SIM3
SIM4
1
21
22
SIM5
SIM1
SIM2
SIM3
SIM4
1
21
22
SIM5
SIM1
SIM2
SIM3
SIM4
1
21
22
SIM5
SIM1
SIM2
SIM3
SIM4
1
21
22
SIM5
SIM1
SIM2
SIM3
SIM4
1
21
22
SIM5
SIM1
SIM2
SIM3
SIM4
1
21
22
SIM5
SIM1
SIM2
SIM3
SIM4
1
21
22
SIM5
SIM1
SIM2
SIM3
SIM4
1
21
22
SIM5
SIM1
SIM2
SIM3
SIM4
1
21
22
SIM5
SIM1
SIM2
SIM3
SIM4
1
21
22
SIM5
SIM1
SIM2
SIM3
SIM4
1
21
22
SIM5
SIM1
SIM2
SIM3
SIM4
1
21
22
SIM5
SIM1
SIM2
SIM3
SIM4
1
21
22
SIM5
SIM1
SIM2
SIM3
SIM4
1
21
22
SIM5
SIM1
SIM2
SIM3
SIM4
1
21
22
SIM5
SIM1
SIM2
SIM3
SIM4
1
21
22
SIM5
SIM1
SIM2
SIM3
SIM4
1
21
22
SIM5
SIM1
SIM2
SIM3
SIM4
1
21
22
SIM5
SIM1
SIM2
SIM3
SIM4
1
21
22
SIM5
SIM1
SIM2
SIM3
SIM4
1
21
22
SIM5
SIM1
SIM2
SIM3
SIM4
1
21
22
SIM5
SIM1
SIM2
SIM3
SIM4
1
21
22
SIM5
SIM1
SIM2
SIM3
SIM4
1
21
22
SIM5
SIM1
SIM2
SIM3
SIM4
1
21
22
SIM5
SIM1
SIM2
SIM3
SIM4
1
21
22
SIM5
SIM1
SIM2
SIM3
SIM4
1
21
22
SIM5
SIM1
SIM2
SIM3
SIM4
1
21
22
SIM5
SIM1
SIM2
SIM3
SIM4
1
21
22
SIM5
SIM1
SIM2
SIM3
SIM4
1
21
22
SIM5
SIM1
SIM2
SIM3
SIM4
1
21
22
SIM5
SIM1
SIM2
SIM3
SIM4
1
21
22
SIM5
SIM1
SIM2
SIM3
SIM4
1
21
22
SIM5
SIM1
SIM2
SIM3
SIM4
1
21
22
SIM5
SIM1
SIM2
SIM3
SIM4
1
21
22
SIM5
SIM1
SIM2
SIM3
SIM4
1
21
22
SIM5
SIM1
SIM2
SIM3
SIM4
1
21
22
SIM5
SIM1
SIM2
SIM3
SIM4
1
21
22
SIM5
SIM1
SIM2
SIM3
SIM4
1
21
22
SIM5
SIM1
SIM2
SIM3
SIM4
1
21
22
SIM5
SIM1
SIM2
SIM3
SIM4
1
21
22
SIM5
SIM1
SIM2
SIM3
SIM4
1
21
22
SIM5
SIM1
SIM2
SIM3
SIM4
1
21
22
SIM5
SIM1
SIM2
SIM3
SIM4
1
21
22
SIM5
SIM1
SIM2
SIM3
SIM4
1
21
22
SIM5
SIM1
SIM2
SIM3
SIM4
1
21
22
SIM5
SIM1
SIM2
SIM3
SIM4
1
21
22
SIM5
SIM1
SIM2
SIM3
SIM4
1
21
22
SIM5
SIM1
SIM2
SIM3
SIM4
1
21
22
SIM5
SIM1
SIM2
SIM3
SIM4
1
21
22
SIM5
SIM1
SIM2
SIM3
SIM4
1
21
22
SIM5
SIM1
SIM2
SIM3
SIM4
1
21
22
SIM5
SIM1
SIM2
SIM3
SIM4
1
21
22
SIM5
SIM1
SIM2
SIM3
SIM4
1
21
22
SIM5
SIM1
SIM2
SIM3
SIM4
1
21
22
SIM5
SIM1
SIM2
SIM3
SIM4
1
21
22
SIM5
SIM1
SIM2
SIM3
SIM4
1
21
22
SIM5
SIM1
SIM2
SIM3
SIM4
1
21
22
SIM5
SIM1
SIM2
SIM3
SIM4
1
21
22
SIM5
SIM1
SIM2
SIM3
SIM4
1
21
22
SIM5
SIM1
SIM2
SIM3
SIM4
1
21
22
SIM5
SIM1
SIM2
SIM3
SIM4
1
21
22
SIM5
SIM1
SIM2
SIM3
SIM4
1
21
22
SIM5
SIM1
SIM2
SIM3
SIM4
1
21
22
SIM5
SIM1
SIM2
SIM3
SIM4
1
21
22
SIM5
SIM1
SIM2
SIM3
SIM4
1
21
22
SIM5
SIM1
SIM2
SIM3
SIM4
1
21
22
SIM5
SIM1
SIM2
SIM3
SIM4
1
21
22
SIM5
SIM1
SIM2
SIM3
SIM4
1
21
22
SIM5
SIM1
SIM2
SIM3
SIM4
1
21
22
SIM5
SIM1
SIM2
SIM3
SIM4
1
21
22
SIM5
SIM1
SIM2
SIM3
SIM4
1
21
22
SIM5
SIM1
SIM2
SIM3
SIM4
1
21
22
SIM5
SIM1
SIM2
SIM3
SIM4
1
21
22
SIM5
SIM1
SIM2
SIM3
SIM4
1
21
22
SIM5
SIM1
SIM2
SIM3
SIM4
1
21
22
SIM5
SIM1
SIM2
SIM3
SIM4
1
21
22
SIM5
SIM1
SIM2
SIM3
SIM4
1
21
22
SIM5
SIM1
SIM2
SIM3
SIM4
1
21
22
SIM5
SIM1
SIM2
SIM3
SIM4
1
21
22
SIM5
SIM1
SIM2
SIM3
SIM4
1
21
22
SIM5
SIM1
SIM2
SIM3
SIM4
1
21
22
SIM5
SIM1
SIM2
SIM3
SIM4
1
21
22
SIM5
SIM1
SIM2
SIM3
SIM4
1
21
22
SIM5
SIM1
SIM2
SIM3
SIM4
1
21
22
SIM5
SIM1
SIM2
SIM3
SIM4
1
21
22
SIM5
SIM1
SIM2
SIM3
SIM4
1
21
22
SIM5
SIM1
SIM2
SIM3
SIM4
1
21
22
SIM5
SIM1
SIM2
SIM3
SIM4
1
21
22
SIM5
SIM1
SIM2
SIM3
SIM4
1
21
22
SIM5
SIM1
SIM2
SIM3
SIM4
1
21
22
SIM5
SIM1
SIM2
SIM3
SIM4
1
21
22
SIM5
SIM1
SIM2
SIM3
SIM4
1
21
22
SIM5
SIM1
SIM2
SIM3
SIM4
1
21
22
SIM5
SIM1
SIM2
SIM3
SIM4
1
21
22
SIM5
SIM1
SIM2
SIM3
SIM4
1
21
22
SIM5
SIM1
SIM2
SIM3
SIM4
1
21
22
SIM5
SIM1
SIM2
SIM3
SIM4
1
21
22
SIM5
SIM1
SIM2
SIM3
SIM4
1
21
22
SIM5
SIM1
SIM2
SIM3
SIM4
1
21
22
SIM5
SIM1
SIM2
SIM3
SIM4
1
21
22
SIM5
SIM1
SIM2
SIM3
SIM4
1
21
22
SIM5
SIM1
SIM2
SIM3
SIM4
1
21
22
SIM5
SIM1
SIM2
SIM3
SIM4
1
21
22
SIM5
SIM1
SIM2
SIM3
SIM4
1
21
22
SIM5
SIM1
SIM2
SIM3
SIM4
1
21
22
SIM5
SIM1
SIM2
SIM3
SIM4
1
21
22
SIM5
SIM1
SIM2
SIM3
SIM4
1
21
22
SIM5
SIM1
SIM2
SIM3
SIM4
1
21
22
SIM5
SIM1
SIM2
SIM3
SIM4
1
21
22
SIM5
SIM1
SIM2
SIM3
SIM4
1
21
22
SIM5
SIM1
SIM2
SIM3
SIM4
1
21
22
SIM5
SIM1
SIM2
SIM3
SIM4
1
21
22
SIM5
SIM1
SIM2
SIM3
SIM4
1
21
22
SIM5
SIM1
SIM2
SIM3
SIM4
1
21
22
SIM5
SIM1
SIM2
SIM3
SIM4
1
21
22
SIM5
SIM1
SIM2
SIM3
SIM4
1
21
22
SIM5
SIM1
SIM2
SIM3
SIM4
1
21
22
SIM5
SIM1
SIM2
SIM3
SIM4
1
21
22
SIM5
SIM1
SIM2
SIM3
SIM4
1
21
22
SIM5
SIM1
SIM2
SIM3
SIM4
1
21
22
SIM5
SIM1
SIM2
SIM3
SIM4
1
21
22
SIM5
SIM1
SIM2
SIM3
SIM4
1
21
22
SIM5
SIM1
SIM2
SIM3
SIM4
1
21
22
SIM5
SIM1
SIM2
SIM3
SIM4
1
21
22
SIM5
SIM1
SIM2
SIM3
SIM4
1
21
22
SIM5
SIM1
SIM2
SIM3
SIM4
1
21
22
SIM5
SIM1
SIM2
SIM3
SIM4
1
21
22
SIM5
SIM1
SIM2
SIM3
SIM4
1
21
22
SIM5
SIM1
SIM2
SIM3
SIM4
1
21
22
SIM5
SIM1
SIM2
SIM3
SIM4
1
21
22
SIM5
SIM1
SIM2
SIM3
SIM4
1
21
22
SIM5
SIM1
SIM2
SIM3
SIM4
1
21
22
SIM5
SIM1
SIM2
SIM3
SIM4
1
21
22
SIM5
SIM1
SIM2
SIM3
SIM4
1
21
22
SIM5
SIM1
SIM2
SIM3
SIM4
1
21
22
SIM5
SIM1
SIM2
SIM3
SIM4
1
21
22
SIM5
SIM1
SIM2
SIM3
SIM4
1
21
22
SIM5
SIM1
SIM2
SIM3
SIM4
1
21
22
SIM5
SIM1
SIM2
SIM3
SIM4
1
21
22
SIM5
SIM1
SIM2
SIM3
SIM4
1
21
22
SIM5
SIM1
SIM2
SIM3
SIM4
1
21
22
SIM5
SIM1
SIM2
SIM3
SIM4
1
21
22
SIM5
SIM1
SIM2
SIM3
SIM4
1
21
22
SIM5
SIM1
SIM2
SIM3
SIM4
1
21
22
SIM5
SIM1
SIM2
SIM3
SIM4
1
21
22
SIM5
SIM1
SIM2
SIM3
SIM4
1
21
22
SIM5
SIM1
SIM2
DEBUG 1 361
SIM1
SIM2
SIM3
SIM4
1
21
22
SIM5
SIM1
SIM2
SIM3
SIM4
1
21
22
SIM5
SIM1
SIM2
SIM3
SIM4
1
21
22
SIM5
SIM1
SIM2
SIM3
SIM4
1
21
22
SIM5
SIM1
SIM2
SIM3
SIM4
1
21
22
SIM5
SIM1
SIM2
SIM3
SIM4
1
21
22
SIM5
SIM1
SIM2
SIM3
SIM4
1
21
22
SIM5
SIM1
SIM2
SIM3
SIM4
1
21
22
SIM5
SIM1
SIM2
SIM3
SIM4
1
21
22
SIM5
SIM1
SIM2
SIM3
SIM4
1
21
22
SIM5
SIM1
SIM2
SIM3
SIM4
1
21
22
SIM5
SIM1
SIM2
SIM3
SIM4
1
21
22
SIM5
SIM1
SIM2
SIM3
SIM4
1
21
22
SIM5
SIM1
SIM2
SIM3
SIM4
1
21
22
SIM5
SIM1
SIM2
SIM3
SIM4
1
21
22
SIM5
SIM1
SIM2
SIM3
SIM4
1
21
22
SIM5
SIM1
SIM2
SIM3
SIM4
1
21
22
SIM5
SIM1
SIM2
SIM3
SIM4
1
21
22
SIM5
SIM1
SIM2
SIM3
SIM4
1
21
22
SIM5
SIM1
SIM2
SIM3
SIM4
1
21
22
SIM5
SIM1
SIM2
SIM3
SIM4
1
21
22
SIM5
SIM1
SIM2
SIM3
SIM4
1
21
22
SIM5
SIM1
SIM2
SIM3
SIM4
1
21
22
SIM5
SIM1
SIM2
SIM3
SIM4
1
21
22
SIM5
SIM1
SIM2
SIM3
SIM4
1
21
22
SIM5
SIM1
SIM2
SIM3
SIM4
1
21
22
SIM5
SIM1
SIM2
SIM3
SIM4
1
21
22
SIM5
SIM1
SIM2
SIM3
SIM4
1
21
22
SIM5
SIM1
SIM2
SIM3
SIM4
1
21
22
SIM5
SIM1
SIM2
SIM3
SIM4
1
21
22
SIM5
SIM1
SIM2
SIM3
SIM4
1
21
22
SIM5
SIM1
SIM2
SIM3
SIM4
1
21
22
SIM5
SIM1
SIM2
SIM3
SIM4
1
21
22
SIM5
SIM1
SIM2
SIM3
SIM4
1
21
22
SIM5
SIM1
SIM2
SIM3
SIM4
1
21
22
SIM5
SIM1
SIM2
SIM3
SIM4
1
21
22
SIM5
SIM1
SIM2
SIM3
SIM4
1
21
22
SIM5
SIM1
SIM2
SIM3
SIM4
1
21
22
SIM5
SIM1
SIM2
SIM3
SIM4
1
21
22
SIM5
SIM1
SIM2
SIM3
SIM4
1
21
22
SIM5
SIM1
SIM2
SIM3
SIM4
1
21
22
SIM5
SIM1
SIM2
SIM3
SIM4
1
21
22
SIM5
SIM1
SIM2
SIM3
SIM4
1
21
22
SIM5
SIM1
SIM2
SIM3
SIM4
1
21
22
SIM5
SIM1
SIM2
SIM3
SIM4
1
21
22
SIM5
SIM1
SIM2
SIM3
SIM4
1
21
22
SIM5
SIM1
SIM2
SIM3
SIM4
1
21
22
SIM5
SIM1
SIM2
SIM3
SIM4
1
21
22
SIM5
SIM1
SIM2
SIM3
SIM4
1
21
22
SIM5
SIM1
SIM2
SIM3
SIM4
1
21
22
SIM5
SIM1
SIM2
SIM3
SIM4
1
21
22
SIM5
SIM1
SIM2
SIM3
SIM4
1
21
22
SIM5
SIM1
SIM2
SIM3
SIM4
1
21
22
SIM5
SIM1
SIM2
SIM3
SIM4
1
21
22
SIM5
SIM1
SIM2
SIM3
SIM4
1
21
22
SIM5
SIM1
SIM2
SIM3
SIM4
1
21
22
SIM5
SIM1
SIM2
SIM3
SIM4
1
21
22
SIM5
SIM1
SIM2
SIM3
SIM4
1
21
22
SIM5
SIM1
SIM2
SIM3
SIM4
1
21
22
SIM5
SIM1
SIM2
SIM3
SIM4
1
21
22
SIM5
SIM1
SIM2
SIM3
SIM4
1
21
22
SIM5
SIM1
SIM2
SIM3
SIM4
1
21
22
SIM5
SIM1
SIM2
SIM3
SIM4
1
21
22
SIM5
SIM1
SIM2
SIM3
SIM4
1
21
22
SIM5
SIM1
SIM2
SIM3
SIM4
1
21
22
SIM5
SIM1
SIM2
SIM3
SIM4
1
21
22
SIM5
SIM1
SIM2
SIM3
SIM4
1
21
22
SIM5
SIM1
SIM2
SIM3
SIM4
1
21
22
SIM5
SIM1
SIM2
SIM3
SIM4
1
21
22
SIM5
SIM1
SIM2
SIM3
SIM4
1
21
22
SIM5
SIM1
SIM2
SIM3
SIM4
1
21
22
SIM5
SIM1
SIM2
SIM3
SIM4
1
21
22
SIM5
SIM1
SIM2
SIM3
SIM4
1
21
22
SIM5
SIM1
SIM2
SIM3
SIM4
1
21
22
SIM5
SIM1
SIM2
SIM3
SIM4
1
21
22
SIM5
SIM1
SIM2
SIM3
SIM4
1
21
22
SIM5
SIM1
SIM2
SIM3
SIM4
1
21
22
SIM5
SIM1
SIM2
SIM3
SIM4
1
21
22
SIM5
SIM1
SIM2
SIM3
SIM4
1
21
22
SIM5
SIM1
SIM2
SIM3
SIM4
1
21
22
SIM5
SIM1
SIM2
SIM3
SIM4
1
21
22
SIM5
SIM1
SIM2
SIM3
SIM4
1
21
22
SIM5
SIM1
SIM2
SIM3
SIM4
1
21
22
SIM5
SIM1
SIM2
SIM3
SIM4
1
21
22
SIM5
SIM1
SIM2
SIM3
SIM4
1
21
22
SIM5
SIM1
SIM2
SIM3
SIM4
1
21
22
SIM5
SIM1
SIM2
SIM3
SIM4
1
21
22
SIM5
SIM1
SIM2
SIM3
SIM4
1
21
22
SIM5
SIM1
SIM2
SIM3
SIM4
1
21
22
SIM5
SIM1
SIM2
SIM3
SIM4
1
21
22
SIM5
SIM1
SIM2
SIM3
SIM4
1
21
22
SIM5
SIM1
SIM2
SIM3
SIM4
1
21
22
SIM5
SIM1
SIM2
SIM3
SIM4
1
21
22
SIM5
SIM1
SIM2
SIM3
SIM4
1
21
22
SIM5
SIM1
SIM2
SIM3
SIM4
1
21
22
SIM5
SIM1
SIM2
SIM3
SIM4
1
21
22
SIM5
SIM1
SIM2
SIM3
SIM4
1
21
22
SIM5
SIM1
SIM2
SIM3
SIM4
1
21
22
SIM5
SIM1
SIM2
SIM3
SIM4
1
21
22
SIM5
SIM1
SIM2
SIM3
SIM4
1
21
22
SIM5
SIM1
SIM2
SIM3
SIM4
1
21
22
SIM5
SIM1
SIM2
SIM3
SIM4
1
21
22
SIM5
SIM1
SIM2
SIM3
SIM4
1
21
22
SIM5
SIM1
SIM2
SIM3
SIM4
1
21
22
SIM5
SIM1
SIM2
SIM3
SIM4
1
21
22
SIM5
SIM1
SIM2
SIM3
SIM4
1
21
22
SIM5
SIM1
SIM2
SIM3
SIM4
1
21
22
SIM5
SIM1
SIM2
SIM3
SIM4
1
21
22
SIM5
SIM1
SIM2
SIM3
SIM4
1
21
22
SIM5
SIM1
SIM2
SIM3
SIM4
1
21
22
SIM5
SIM1
SIM2
SIM3
SIM4
1
21
22
SIM5
SIM1
SIM2
DEBUG 1 362
SIM1
SIM2
SIM3
SIM4
1
21
22
SIM5
SIM1
SIM2
SIM3
SIM4
1
21
22
SIM5
SIM1
SIM2
SIM3
SIM4
1
21
22
SIM5
SIM1
SIM2
SIM3
SIM4
1
21
22
SIM5
SIM1
SIM2
SIM3
SIM4
1
21
22
SIM5
SIM1
SIM2
SIM3
SIM4
1
21
22
SIM5
SIM1
SIM2
SIM3
SIM4
1
21
22
SIM5
SIM1
SIM2
SIM3
SIM4
1
21
22
SIM5
SIM1
SIM2
SIM3
SIM4
1
21
22
SIM5
SIM1
SIM2
SIM3
SIM4
1
21
22
SIM5
SIM1
SIM2
SIM3
SIM4
1
21
22
SIM5
SIM1
SIM2
SIM3
SIM4
1
21
22
SIM5
SIM1
SIM2
SIM3
SIM4
1
21
22
SIM5
SIM1
SIM2
SIM3
SIM4
1
21
22
SIM5
SIM1
SIM2
SIM3
SIM4
1
21
22
SIM5
SIM1
SIM2
SIM3
SIM4
1
21
22
SIM5
SIM1
SIM2
SIM3
SIM4
1
21
22
SIM5
SIM1
SIM2
SIM3
SIM4
1
21
22
SIM5
SIM1
SIM2
SIM3
SIM4
1
21
22
SIM5
SIM1
SIM2
SIM3
SIM4
1
21
22
SIM5
SIM1
SIM2
SIM3
SIM4
1
21
22
SIM5
SIM1
SIM2
SIM3
SIM4
1
21
22
SIM5
SIM1
SIM2
SIM3
SIM4
1
21
22
SIM5
SIM1
SIM2
SIM3
SIM4
1
21
22
SIM5
SIM1
SIM2
SIM3
SIM4
1
21
22
SIM5
SIM1
SIM2
SIM3
SIM4
1
21
22
SIM5
SIM1
SIM2
SIM3
SIM4
1
21
22
SIM5
SIM1
SIM2
SIM3
SIM4
1
21
22
SIM5
SIM1
SIM2
SIM3
SIM4
1
21
22
SIM5
SIM1
SIM2
SIM3
SIM4
1
21
22
SIM5
SIM1
SIM2
SIM3
SIM4
1
21
22
SIM5
SIM1
SIM2
SIM3
SIM4
1
21
22
SIM5
SIM1
SIM2
SIM3
SIM4
1
21
22
SIM5
SIM1
SIM2
SIM3
SIM4
1
21
22
SIM5
SIM1
SIM2
SIM3
SIM4
1
21
22
SIM5
SIM1
SIM2
SIM3
SIM4
1
21
22
SIM5
SIM1
SIM2
SIM3
SIM4
1
21
22
SIM5
SIM1
SIM2
SIM3
SIM4
1
21
22
SIM5
SIM1
SIM2
SIM3
SIM4
1
21
22
SIM5
SIM1
SIM2
SIM3
SIM4
1
21
22
SIM5
SIM1
SIM2
SIM3
SIM4
1
21
22
SIM5
SIM1
SIM2
SIM3
SIM4
1
21
22
SIM5
SIM1
SIM2
SIM3
SIM4
1
21
22
SIM5
SIM1
SIM2
SIM3
SIM4
1
21
22
SIM5
SIM1
SIM2
SIM3
SIM4
1
21
22
SIM5
SIM1
SIM2
SIM3
SIM4
1
21
22
SIM5
SIM1
SIM2
SIM3
SIM4
1
21
22
SIM5
SIM1
SIM2
SIM3
SIM4
1
21
22
SIM5
SIM1
SIM2
SIM3
SIM4
1
21
22
SIM5
SIM1
SIM2
SIM3
SIM4
1
21
22
SIM5
SIM1
SIM2
SIM3
SIM4
1
21
22
SIM5
SIM1
SIM2
SIM3
SIM4
1
21
22
SIM5
SIM1
SIM2
SIM3
SIM4
1
21
22
SIM5
SIM1
SIM2
SIM3
SIM4
1
21
22
SIM5
SIM1
SIM2
SIM3
SIM4
1
21
22
SIM5
SIM1
SIM2
SIM3
SIM4
1
21
22
SIM5
SIM1
SIM2
SIM3
SIM4
1
21
22
SIM5
SIM1
SIM2
SIM3
SIM4
1
21
22
SIM5
SIM1
SIM2
SIM3
SIM4
1
21
22
SIM5
SIM1
SIM2
SIM3
SIM4
1
21
22
SIM5
SIM1
SIM2
SIM3
SIM4
1
21
22
SIM5
SIM1
SIM2
SIM3
SIM4
1
21
22
SIM5
SIM1
SIM2
SIM3
SIM4
1
21
22
SIM5
SIM1
SIM2
SIM3
SIM4
1
21
22
SIM5
SIM1
SIM2
SIM3
SIM4
1
21
22
SIM5
SIM1
SIM2
SIM3
SIM4
1
21
22
SIM5
SIM1
SIM2
SIM3
SIM4
1
21
22
SIM5
SIM1
SIM2
SIM3
SIM4
1
21
22
SIM5
SIM1
SIM2
SIM3
SIM4
1
21
22
SIM5
SIM1
SIM2
SIM3
SIM4
1
21
22
SIM5
SIM1
SIM2
SIM3
SIM4
1
21
22
SIM5
SIM1
SIM2
SIM3
SIM4
1
21
22
SIM5
SIM1
SIM2
SIM3
SIM4
1
21
22
SIM5
SIM1
SIM2
SIM3
SIM4
1
21
22
SIM5
SIM1
SIM2
SIM3
SIM4
1
21
22
SIM5
SIM1
SIM2
SIM3
SIM4
1
21
22
SIM5
SIM1
SIM2
SIM3
SIM4
1
21
22
SIM5
SIM1
SIM2
SIM3
SIM4
1
21
22
SIM5
SIM1
SIM2
SIM3
SIM4
1
21
22
SIM5
SIM1
SIM2
SIM3
SIM4
1
21
22
SIM5
SIM1
SIM2
SIM3
SIM4
1
21
22
SIM5
SIM1
SIM2
SIM3
SIM4
1
21
22
SIM5
SIM1
SIM2
SIM3
SIM4
1
21
22
SIM5
SIM1
SIM2
SIM3
SIM4
1
21
22
SIM5
SIM1
SIM2
SIM3
SIM4
1
21
22
SIM5
SIM1
SIM2
SIM3
SIM4
1
21
22
SIM5
SIM1
SIM2
SIM3
SIM4
1
21
22
SIM5
SIM1
SIM2
SIM3
SIM4
1
21
22
SIM5
SIM1
SIM2
SIM3
SIM4
1
21
22
SIM5
SIM1
SIM2
SIM3
SIM4
1
21
22
SIM5
SIM1
SIM2
SIM3
SIM4
1
21
22
SIM5
SIM1
SIM2
SIM3
SIM4
1
21
22
SIM5
SIM1
SIM2
SIM3
SIM4
1
21
22
SIM5
SIM1
SIM2
SIM3
SIM4
1
21
22
SIM5
SIM1
SIM2
SIM3
SIM4
1
21
22
SIM5
SIM1
SIM2
SIM3
SIM4
1
21
22
SIM5
SIM1
SIM2
SIM3
SIM4
1
21
22
SIM5
SIM1
SIM2
SIM3
SIM4
1
21
22
SIM5
SIM1
SIM2
SIM3
SIM4
1
21
22
SIM5
SIM1
SIM2
SIM3
SIM4
1
21
22
SIM5
SIM1
SIM2
SIM3
SIM4
1
21
22
SIM5
SIM1
SIM2
SIM3
SIM4
1
21
22
SIM5
SIM1
SIM2
SIM3
SIM4
1
21
22
SIM5
SIM1
SIM2
SIM3
SIM4
1
21
22
SIM5
SIM1
SIM2
SIM3
SIM4
1
21
22
SIM5
SIM1
SIM2
SIM3
SIM4
1
21
22
SIM5
SIM1
SIM2
SIM3
SIM4
1
21
22
SIM5
SIM1
SIM2
SIM3
SIM4
1
21
22
SIM5
SIM1
SIM2
SIM3
SIM4
1
21
22
SIM5
SIM1
SIM2
SIM3
SIM4
1
21
22
SIM5
SIM1
SIM2
SIM3
SIM4
1
21
22
SIM5
SIM1
SIM2
SIM3
SIM4
1
21
22
SIM5
SIM1
SIM2
SIM3
SIM4
1
21
22
SIM5
SIM1
SIM2
SIM3
SIM4
1
21
22
SIM5
SIM1
SIM2
SIM3
SIM4
1
21
22
SIM5
SIM1
SIM2
SIM3
SIM4
1
21
22
SIM5
SIM1
SIM2
SIM3
SIM4
1
21
22
SIM5
SIM1
SIM2
SIM3
SIM4
1
21
22
SIM5
SIM1
SIM2
SIM3
SIM4
1
21
22
SIM5
SIM1
SIM2
SIM3
SIM4
1
21
22
SIM5
SIM1
SIM2
SIM3
SIM4
1
21
22
SIM5
SIM1
SIM2
SIM3
SIM4
1
21
22
SIM5
SIM1
SIM2
SIM3
SIM4
1
21
22
SIM5
SIM1
SIM2
SIM3
SIM4
1
21
22
SIM5
SIM1
SIM2
SIM3
SIM4
1
21
22
SIM5
SIM1
SIM2
SIM3
SIM4
1
21
22
SIM5
SIM1
SIM2
SIM3
SIM4
1
21
22
SIM5
SIM1
SIM2
SIM3
SIM4
1
21
22
SIM5
SIM1
SIM2
SIM3
SIM4
1
21
22
SIM5
SIM1
SIM2
SIM3
SIM4
1
21
22
SIM5
SIM1
SIM2
SIM3
SIM4
1
21
22
SIM5
SIM1
SIM2
SIM3
SIM4
1
21
22
SIM5
SIM1
SIM2
SIM3
SIM4
1
21
22
SIM5
SIM1
SIM2
SIM3
SIM4
1
21
22
SIM5
SIM1
SIM2
SIM3
SIM4
1
21
22
SIM5
SIM1
SIM2
SIM3
SIM4
1
21
22
SIM5
SIM1
SIM2
SIM3
SIM4
1
21
22
SIM5
SIM1
SIM2
SIM3
SIM4
1
21
22
SIM5
SIM1
SIM2
SIM3
SIM4
1
21
22
SIM5
SIM1
SIM2
SIM3
SIM4
1
21
22
SIM5
SIM1
SIM2
SIM3
SIM4
1
21
22
SIM5
SIM1
SIM2
SIM3
SIM4
1
21
22
SIM5
SIM1
SIM2
SIM3
SIM4
1
21
22
SIM5
SIM1
SIM2
SIM3
SIM4
1
21
22
SIM5
SIM1
SIM2
SIM3
SIM4
1
21
22
SIM5
SIM1
SIM2
SIM3
SIM4
1
21
22
SIM5
SIM1
SIM2
SIM3
SIM4
1
21
22
SIM5
SIM1
SIM2
SIM3
SIM4
1
21
22
SIM5
SIM1
SIM2
SIM3
SIM4
1
21
22
SIM5
SIM1
SIM2
SIM3
SIM4
1
21
22
SIM5
SIM1
SIM2
SIM3
SIM4
1
21
22
SIM5
SIM1
SIM2
SIM3
SIM4
1
21
22
SIM5
SIM1
SIM2
SIM3
SIM4
1
21
22
SIM5
SIM1
SIM2
SIM3
SIM4
1
21
22
SIM5
SIM1
SIM2
SIM3
SIM4
1
21
22
SIM5
SIM1
SIM2
SIM3
SIM4
1
21
22
SIM5
SIM1
SIM2
SIM3
SIM4
1
21
22
SIM5
SIM1
SIM2
SIM3
SIM4
1
21
22
SIM5
SIM1
SIM2
SIM3
SIM4
1
21
22
SIM5
SIM1
SIM2
SIM3
SIM4
1
21
22
SIM5
SIM1
SIM2
SIM3
SIM4
1
21
22
SIM5
SIM1
SIM2
SIM3
SIM4
1
21
22
SIM5
SIM1
SIM2
SIM3
SIM4
1
21
22
SIM5
SIM1
SIM2
SIM3
SIM4
1
21
22
SIM5
SIM1
SIM2
SIM3
SIM4
1
21
22
SIM5
SIM1
SIM2
SIM3
SIM4
1
21
22
SIM5
SIM1
SIM2
SIM3
SIM4
1
21
22
SIM5
SIM1
SIM2
SIM3
SIM4
1
21
22
SIM5
SIM1
SIM2
SIM3
SIM4
1
21
22
SIM5
SIM1
SIM2
SIM3
SIM4
1
21
22
SIM5
SIM1
SIM2
SIM3
SIM4
1
21
22
SIM5
SIM1
SIM2
SIM3
SIM4
1
21
22
SIM5
SIM1
SIM2
SIM3
SIM4
1
21
22
SIM5
SIM1
SIM2
SIM3
SIM4
1
21
22
SIM5
SIM1
SIM2
SIM3
SIM4
1
21
22
SIM5
SIM1
SIM2
SIM3
SIM4
1
21
22
SIM5
SIM1
SIM2
SIM3
SIM4
1
21
22
SIM5
SIM1
SIM2
SIM3
SIM4
1
21
22
SIM5
SIM1
SIM2
SIM3
SIM4
1
21
22
SIM5
SIM1
SIM2
SIM3
SIM4
1
21
22
SIM5
SIM1
SIM2
SIM3
SIM4
1
21
22
SIM5
SIM1
SIM2
SIM3
SIM4
1
21
22
SIM5
SIM1
SIM2
SIM3
SIM4
1
21
22
SIM5
SIM1
SIM2
SIM3
SIM4
1
21
22
SIM5
SIM1
SIM2
SIM3
SIM4
1
21
22
SIM5
SIM1
SIM2
SIM3
SIM4
1
21
22
SIM5
SIM1
SIM2
SIM3
SIM4
1
21
22
SIM5
SIM1
SIM2
SIM3
SIM4
1
21
22
SIM5
SIM1
SIM2
SIM3
SIM4
1
21
22
SIM5
SIM1
SIM2
SIM3
SIM4
1
21
22
SIM5
SIM1
SIM2
SIM3
SIM4
1
21
22
SIM5
SIM1
SIM2
SIM3
SIM4
1
21
22
SIM5
SIM1
SIM2
SIM3
SIM4
1
21
22
SIM5
SIM1
SIM2
SIM3
SIM4
1
21
22
SIM5
SIM1
SIM2
SIM3
SIM4
1
21
22
SIM5
SIM1
SIM2
SIM3
SIM4
1
21
22
SIM5
SIM1
SIM2
SIM3
SIM4
1
21
22
SIM5
SIM1
SIM2
SIM3
SIM4
1
21
22
SIM5
SIM1
SIM2
SIM3
SIM4
1
21
22
SIM5
SIM1
SIM2
SIM3
SIM4
1
21
22
SIM5
SIM1
SIM2
SIM3
SIM4
1
21
22
SIM5
SIM1
SIM2
SIM3
SIM4
1
21
22
SIM5
SIM1
SIM2
SIM3
SIM4
1
21
22
SIM5
SIM1
SIM2
SIM3
SIM4
1
21
22
SIM5
SIM1
SIM2
SIM3
SIM4
1
21
22
SIM5
SIM1
SIM2
SIM3
SIM4
1
21
22
SIM5
SIM1
SIM2
SIM3
SIM4
1
21
22
SIM5
SIM1
SIM2
SIM3
SIM4
1
21
22
SIM5
SIM1
SIM2
SIM3
SIM4
1
21
22
SIM5
SIM1
SIM2
SIM3
SIM4
1
21
22
SIM5
SIM1
SIM2
SIM3
SIM4
1
21
22
SIM5
SIM1
SIM2
SIM3
SIM4
1
21
22
SIM5
SIM1
SIM2
SIM3
SIM4
1
21
22
SIM5
SIM1
SIM2
SIM3
SIM4
1
21
22
SIM5
SIM1
SIM2
SIM3
SIM4
1
21
22
SIM5
SIM1
SIM2
SIM3
SIM4
1
21
22
SIM5
SIM1
SIM2
SIM3
SIM4
1
21
22
SIM5
SIM1
SIM2
SIM3
SIM4
1
21
22
SIM5
SIM1
SIM2
SIM3
SIM4
1
21
22
SIM5
SIM1
SIM2
SIM3
SIM4
1
21
22
SIM5
SIM1
SIM2
SIM3
SIM4
1
21
22
SIM5
SIM1
SIM2
SIM3
SIM4
1
21
22
SIM5
SIM1
SIM2
SIM3
SIM4
1
21
22
SIM5
SIM1
SIM2
SIM3
SIM4
1
21
22
SIM5
SIM1
SIM2
SIM3
SIM4
1
21
22
SIM5
SIM1
SIM2
SIM3
SIM4
1
21
22
SIM5
SIM1
SIM2
SIM3
SIM4
1
21
22
SIM5
SIM1
SIM2
SIM3
SIM4
1
21
22
SIM5
SIM1
SIM2
SIM3
SIM4
1
21
22
SIM5
SIM1
SIM2
SIM3
SIM4
1
21
22
SIM5
SIM1
SIM2
SIM3
SIM4
1
21
22
SIM5
SIM1
SIM2
SIM3
SIM4
1
21
22
SIM5
SIM1
SIM2
SIM3
SIM4
1
21
22
SIM5
SIM1
SIM2
SIM3
SIM4
1
21
22
SIM5
SIM1
SIM2
SIM3
SIM4
1
21
22
SIM5
SIM1
SIM2
SIM3
SIM4
1
21
22
SIM5
SIM1
SIM2
DEBUG 1 363
SIM1
SIM2
SIM3
SIM4
1
21
22
SIM5
SIM1
SIM2
SIM3
SIM4
1
21
22
SIM5
SIM1
SIM2
SIM3
SIM4
1
21
22
SIM5
SIM1
SIM2
SIM3
SIM4
1
21
22
SIM5
SIM1
SIM2
SIM3
SIM4
1
21
22
SIM5
SIM1
SIM2
SIM3
SIM4
1
21
22
SIM5
SIM1
SIM2
SIM3
SIM4
1
21
22
SIM5
SIM1
SIM2
SIM3
SIM4
1
21
22
SIM5
SIM1
SIM2
SIM3
SIM4
1
21
22
SIM5
SIM1
SIM2
SIM3
SIM4
1
21
22
SIM5
SIM1
SIM2
SIM3
SIM4
1
21
22
SIM5
SIM1
SIM2
SIM3
SIM4
1
21
22
SIM5
SIM1
SIM2
SIM3
SIM4
1
21
22
SIM5
SIM1
SIM2
SIM3
SIM4
1
21
22
SIM5
SIM1
SIM2
SIM3
SIM4
1
21
22
SIM5
SIM1
SIM2
SIM3
SIM4
1
21
22
SIM5
SIM1
SIM2
SIM3
SIM4
1
21
22
SIM5
SIM1
SIM2
SIM3
SIM4
1
21
22
SIM5
SIM1
SIM2
SIM3
SIM4
1
21
22
SIM5
SIM1
SIM2
SIM3
SIM4
1
21
22
SIM5
SIM1
SIM2
SIM3
SIM4
1
21
22
SIM5
SIM1
SIM2
SIM3
SIM4
1
21
22
SIM5
SIM1
SIM2
SIM3
SIM4
1
21
22
SIM5
SIM1
SIM2
SIM3
SIM4
1
21
22
SIM5
SIM1
SIM2
SIM3
SIM4
1
21
22
SIM5
SIM1
SIM2
SIM3
SIM4
1
21
22
SIM5
SIM1
SIM2
SIM3
SIM4
1
21
22
SIM5
SIM1
SIM2
SIM3
SIM4
1
21
22
SIM5
SIM1
SIM2
SIM3
SIM4
1
21
22
SIM5
SIM1
SIM2
SIM3
SIM4
1
21
22
SIM5
SIM1
SIM2
SIM3
SIM4
1
21
22
SIM5
SIM1
SIM2
SIM3
SIM4
1
21
22
SIM5
SIM1
SIM2
SIM3
SIM4
1
21
22
SIM5
SIM1
SIM2
SIM3
SIM4
1
21
22
SIM5
SIM1
SIM2
SIM3
SIM4
1
21
22
SIM5
SIM1
SIM2
SIM3
SIM4
1
21
22
SIM5
SIM1
SIM2
SIM3
SIM4
1
21
22
SIM5
SIM1
SIM2
SIM3
SIM4
1
21
22
SIM5
SIM1
SIM2
SIM3
SIM4
1
21
22
SIM5
SIM1
SIM2
SIM3
SIM4
1
21
22
SIM5
SIM1
SIM2
SIM3
SIM4
1
21
22
SIM5
SIM1
SIM2
SIM3
SIM4
1
21
22
SIM5
SIM1
SIM2
SIM3
SIM4
1
21
22
SIM5
SIM1
SIM2
SIM3
SIM4
1
21
22
SIM5
SIM1
SIM2
SIM3
SIM4
1
21
22
SIM5
SIM1
SIM2
SIM3
SIM4
1
21
22
SIM5
SIM1
SIM2
SIM3
SIM4
1
21
22
SIM5
SIM1
SIM2
SIM3
SIM4
1
21
22
SIM5
SIM1
SIM2
SIM3
SIM4
1
21
22
SIM5
SIM1
SIM2
SIM3
SIM4
1
21
22
SIM5
SIM1
SIM2
SIM3
SIM4
1
21
22
SIM5
SIM1
SIM2
SIM3
SIM4
1
21
22
SIM5
SIM1
SIM2
SIM3
SIM4
1
21
22
SIM5
SIM1
SIM2
SIM3
SIM4
1
21
22
SIM5
SIM1
SIM2
SIM3
SIM4
1
21
22
SIM5
SIM1
SIM2
SIM3
SIM4
1
21
22
SIM5
SIM1
SIM2
SIM3
SIM4
1
21
22
SIM5
SIM1
SIM2
SIM3
SIM4
1
21
22
SIM5
SIM1
SIM2
SIM3
SIM4
1
21
22
SIM5
SIM1
SIM2
SIM3
SIM4
1
21
22
SIM5
SIM1
SIM2
SIM3
SIM4
1
21
22
SIM5
SIM1
SIM2
SIM3
SIM4
1
21
22
SIM5
SIM1
SIM2
SIM3
SIM4
1
21
22
SIM5
SIM1
SIM2
SIM3
SIM4
1
21
22
SIM5
SIM1
SIM2
SIM3
SIM4
1
21
22
SIM5
SIM1
SIM2
SIM3
SIM4
1
21
22
SIM5
SIM1
SIM2
SIM3
SIM4
1
21
22
SIM5
SIM1
SIM2
SIM3
SIM4
1
21
22
SIM5
SIM1
SIM2
SIM3
SIM4
1
21
22
SIM5
SIM1
SIM2
SIM3
SIM4
1
21
22
SIM5
SIM1
SIM2
SIM3
SIM4
1
21
22
SIM5
SIM1
SIM2
SIM3
SIM4
1
21
22
SIM5
SIM1
SIM2
SIM3
SIM4
1
21
22
SIM5
SIM1
SIM2
SIM3
SIM4
1
21
22
SIM5
SIM1
SIM2
SIM3
SIM4
1
21
22
SIM5
SIM1
SIM2
SIM3
SIM4
1
21
22
SIM5
SIM1
SIM2
SIM3
SIM4
1
21
22
SIM5
SIM1
SIM2
SIM3
SIM4
1
21
22
SIM5
SIM1
SIM2
SIM3
SIM4
1
21
22
SIM5
SIM1
SIM2
SIM3
SIM4
1
21
22
SIM5
SIM1
SIM2
SIM3
SIM4
1
21
22
SIM5
SIM1
SIM2
SIM3
SIM4
1
21
22
SIM5
SIM1
SIM2
SIM3
SIM4
1
21
22
SIM5
SIM1
SIM2
SIM3
SIM4
1
21
22
SIM5
SIM1
SIM2
SIM3
SIM4
1
21
22
SIM5
SIM1
SIM2
SIM3
SIM4
1
21
22
SIM5
SIM1
SIM2
SIM3
SIM4
1
21
22
SIM5
SIM1
SIM2
SIM3
SIM4
1
21
22
SIM5
SIM1
SIM2
SIM3
SIM4
1
21
22
SIM5
SIM1
SIM2
SIM3
SIM4
1
21
22
SIM5
SIM1
SIM2
SIM3
SIM4
1
21
22
SIM5
SIM1
SIM2
SIM3
SIM4
1
21
22
SIM5
SIM1
SIM2
SIM3
SIM4
1
21
22
SIM5
SIM1
SIM2
SIM3
SIM4
1
21
22
SIM5
SIM1
SIM2
SIM3
SIM4
1
21
22
SIM5
SIM1
SIM2
SIM3
SIM4
1
21
22
SIM5
SIM1
SIM2
SIM3
SIM4
1
21
22
SIM5
SIM1
SIM2
SIM3
SIM4
1
21
22
SIM5
SIM1
SIM2
SIM3
SIM4
1
21
22
SIM5
SIM1
SIM2
SIM3
SIM4
1
21
22
SIM5
SIM1
SIM2
SIM3
SIM4
1
21
22
SIM5
SIM1
SIM2
SIM3
SIM4
1
21
22
SIM5
SIM1
SIM2
SIM3
SIM4
1
21
22
SIM5
SIM1
SIM2
SIM3
SIM4
1
21
22
SIM5
SIM1
SIM2
SIM3
SIM4
1
21
22
SIM5
SIM1
SIM2
SIM3
SIM4
1
21
22
SIM5
SIM1
SIM2
SIM3
SIM4
1
21
22
SIM5
SIM1
SIM2
SIM3
SIM4
1
21
22
SIM5
SIM1
SIM2
SIM3
SIM4
1
21
22
SIM5
SIM1
SIM2
SIM3
SIM4
1
21
22
SIM5
SIM1
SIM2
SIM3
SIM4
1
21
22
SIM5
SIM1
SIM2
SIM3
SIM4
1
21
22
SIM5
SIM1
SIM2
SIM3
SIM4
1
21
22
SIM5
SIM1
SIM2
SIM3
SIM4
1
21
22
SIM5
SIM1
SIM2
SIM3
SIM4
1
21
22
SIM5
SIM1
SIM2
SIM3
SIM4
1
21
22
SIM5
SIM1
SIM2
SIM3
SIM4
1
21
22
SIM5
SIM1
SIM2
SIM3
SIM4
1
21
22
SIM5
SIM1
SIM2
SIM3
SIM4
1
21
22
SIM5
SIM1
SIM2
SIM3
SIM4
1
21
22
SIM5
SIM1
SIM2
SIM3
SIM4
1
21
22
SIM5
SIM1
SIM2
SIM3
SIM4
1
21
22
SIM5
SIM1
SIM2
SIM3
SIM4
1
21
22
SIM5
SIM1
SIM2
SIM3
SIM4
1
21
22
SIM5
SIM1
SIM2
SIM3
SIM4
1
21
22
SIM5
SIM1
SIM2
SIM3
SIM4
1
21
22
SIM5
SIM1
SIM2
SIM3
SIM4
1
21
22
SIM5
SIM1
SIM2
SIM3
SIM4
1
21
22
SIM5
SIM1
SIM2
SIM3
SIM4
1
21
22
SIM5
SIM1
SIM2
SIM3
SIM4
1
21
22
SIM5
SIM1
SIM2
SIM3
SIM4
1
21
22
SIM5
SIM1
SIM2
SIM3
SIM4
1
21
22
SIM5
SIM1
SIM2
SIM3
SIM4
1
21
22
SIM5
SIM1
SIM2
SIM3
SIM4
1
21
22
SIM5
SIM1
SIM2
SIM3
SIM4
1
21
22
SIM5
SIM1
SIM2
SIM3
SIM4
1
21
22
SIM5
SIM1
SIM2
SIM3
SIM4
1
21
22
SIM5
SIM1
SIM2
SIM3
SIM4
1
21
22
SIM5
SIM1
SIM2
SIM3
SIM4
1
21
22
SIM5
SIM1
SIM2
SIM3
SIM4
1
21
22
SIM5
SIM1
SIM2
SIM3
SIM4
1
21
22
SIM5
SIM1
SIM2
SIM3
SIM4
1
21
22
SIM5
SIM1
SIM2
SIM3
SIM4
1
21
22
SIM5
SIM1
SIM2
SIM3
SIM4
1
21
22
SIM5
SIM1
SIM2
SIM3
SIM4
1
21
22
SIM5
SIM1
SIM2
SIM3
SIM4
1
21
22
SIM5
SIM1
SIM2
SIM3
SIM4
1
21
22
SIM5
SIM1
SIM2
SIM3
SIM4
1
21
22
SIM5
SIM1
SIM2
SIM3
SIM4
1
21
22
SIM5
SIM1
SIM2
SIM3
SIM4
1
21
22
SIM5
SIM1
SIM2
SIM3
SIM4
1
21
22
SIM5
SIM1
SIM2
SIM3
SIM4
1
21
22
SIM5
SIM1
SIM2
SIM3
SIM4
1
21
22
SIM5
SIM1
SIM2
SIM3
SIM4
1
21
22
SIM5
SIM1
SIM2
SIM3
SIM4
1
21
22
SIM5
SIM1
SIM2
SIM3
SIM4
1
21
22
SIM5
SIM1
SIM2
SIM3
SIM4
1
21
22
SIM5
SIM1
SIM2
SIM3
SIM4
1
21
22
SIM5
SIM1
SIM2
SIM3
SIM4
1
21
22
SIM5
SIM1
SIM2
SIM3
SIM4
1
21
22
SIM5
SIM1
SIM2
SIM3
SIM4
1
21
22
SIM5
SIM1
SIM2
SIM3
SIM4
1
21
22
SIM5
SIM1
SIM2
SIM3
SIM4
1
21
22
SIM5
SIM1
SIM2
SIM3
SIM4
1
21
22
SIM5
SIM1
SIM2
SIM3
SIM4
1
21
22
SIM5
SIM1
SIM2
SIM3
SIM4
1
21
22
SIM5
SIM1
SIM2
SIM3
SIM4
1
21
22
SIM5
SIM1
SIM2
SIM3
SIM4
1
21
22
SIM5
SIM1
SIM2
SIM3
SIM4
1
21
22
SIM5
SIM1
SIM2
SIM3
SIM4
1
21
22
SIM5
SIM1
SIM2
SIM3
SIM4
1
21
22
SIM5
SIM1
SIM2
SIM3
SIM4
1
21
22
SIM5
SIM1
SIM2
SIM3
SIM4
1
21
22
SIM5
SIM1
SIM2
SIM3
SIM4
1
21
22
SIM5
SIM1
SIM2
SIM3
SIM4
1
21
22
SIM5
SIM1
SIM2
SIM3
SIM4
1
21
22
SIM5
SIM1
SIM2
SIM3
SIM4
1
21
22
SIM5
SIM1
SIM2
SIM3
SIM4
1
21
22
SIM5
SIM1
SIM2
SIM3
SIM4
1
21
22
SIM5
SIM1
SIM2
SIM3
SIM4
1
21
22
SIM5
SIM1
SIM2
SIM3
SIM4
1
21
22
SIM5
SIM1
SIM2
SIM3
SIM4
1
21
22
SIM5
SIM1
SIM2
SIM3
SIM4
1
21
22
SIM5
SIM1
SIM2
SIM3
SIM4
1
21
22
SIM5
SIM1
SIM2
SIM3
SIM4
1
21
22
SIM5
SIM1
SIM2
SIM3
SIM4
1
21
22
SIM5
SIM1
SIM2
SIM3
SIM4
1
21
22
SIM5
SIM1
SIM2
SIM3
SIM4
1
21
22
SIM5
SIM1
SIM2
SIM3
SIM4
1
21
22
SIM5
SIM1
SIM2
SIM3
SIM4
1
21
22
SIM5
SIM1
SIM2
SIM3
SIM4
1
21
22
SIM5
SIM1
SIM2
SIM3
SIM4
1
21
22
SIM5
SIM1
SIM2
SIM3
SIM4
1
21
22
SIM5
SIM1
SIM2
SIM3
SIM4
1
21
22
SIM5
SIM1
SIM2
SIM3
SIM4
1
21
22
SIM5
SIM1
SIM2
SIM3
SIM4
1
21
22
SIM5
SIM1
SIM2
SIM3
SIM4
1
21
22
SIM5
SIM1
SIM2
SIM3
SIM4
1
21
22
SIM5
SIM1
SIM2
SIM3
SIM4
1
21
22
SIM5
SIM1
SIM2
SIM3
SIM4
1
21
22
SIM5
SIM1
SIM2
SIM3
SIM4
1
21
22
SIM5
SIM1
SIM2
SIM3
SIM4
1
21
22
SIM5
SIM1
SIM2
SIM3
SIM4
1
21
22
SIM5
SIM1
SIM2
SIM3
SIM4
1
21
22
SIM5
SIM1
SIM2
SIM3
SIM4
1
21
22
SIM5
SIM1
SIM2
SIM3
SIM4
1
21
22
SIM5
SIM1
SIM2
SIM3
SIM4
1
21
22
SIM5
SIM1
SIM2
SIM3
SIM4
1
21
22
SIM5
SIM1
SIM2
DEBUG 1 364
SIM1
SIM2
SIM3
SIM4
1
21
22
SIM5
SIM1
SIM2
SIM3
SIM4
1
21
22
SIM5
SIM1
SIM2
SIM3
SIM4
1
21
22
SIM5
SIM1
SIM2
SIM3
SIM4
1
21
22
SIM5
SIM1
SIM2
SIM3
SIM4
1
21
22
SIM5
SIM1
SIM2
SIM3
SIM4
1
21
22
SIM5
SIM1
SIM2
SIM3
SIM4
1
21
22
SIM5
SIM1
SIM2
SIM3
SIM4
1
21
22
SIM5
SIM1
SIM2
SIM3
SIM4
1
21
22
SIM5
SIM1
SIM2
SIM3
SIM4
1
21
22
SIM5
SIM1
SIM2
SIM3
SIM4
1
21
22
SIM5
SIM1
SIM2
SIM3
SIM4
1
21
22
SIM5
SIM1
SIM2
SIM3
SIM4
1
21
22
SIM5
SIM1
SIM2
SIM3
SIM4
1
21
22
SIM5
SIM1
SIM2
SIM3
SIM4
1
21
22
SIM5
SIM1
SIM2
SIM3
SIM4
1
21
22
SIM5
SIM1
SIM2
SIM3
SIM4
1
21
22
SIM5
SIM1
SIM2
SIM3
SIM4
1
21
22
SIM5
SIM1
SIM2
SIM3
SIM4
1
21
22
SIM5
SIM1
SIM2
SIM3
SIM4
1
21
22
SIM5
SIM1
SIM2
SIM3
SIM4
1
21
22
SIM5
SIM1
SIM2
SIM3
SIM4
1
21
22
SIM5
SIM1
SIM2
SIM3
SIM4
1
21
22
SIM5
SIM1
SIM2
SIM3
SIM4
1
21
22
SIM5
SIM1
SIM2
SIM3
SIM4
1
21
22
SIM5
SIM1
SIM2
SIM3
SIM4
1
21
22
SIM5
SIM1
SIM2
SIM3
SIM4
1
21
22
SIM5
SIM1
SIM2
SIM3
SIM4
1
21
22
SIM5
SIM1
SIM2
SIM3
SIM4
1
21
22
SIM5
SIM1
SIM2
SIM3
SIM4
1
21
22
SIM5
SIM1
SIM2
SIM3
SIM4
1
21
22
SIM5
SIM1
SIM2
SIM3
SIM4
1
21
22
SIM5
SIM1
SIM2
SIM3
SIM4
1
21
22
SIM5
SIM1
SIM2
SIM3
SIM4
1
21
22
SIM5
SIM1
SIM2
SIM3
SIM4
1
21
22
SIM5
SIM1
SIM2
SIM3
SIM4
1
21
22
SIM5
SIM1
SIM2
SIM3
SIM4
1
21
22
SIM5
SIM1
SIM2
SIM3
SIM4
1
21
22
SIM5
SIM1
SIM2
SIM3
SIM4
1
21
22
SIM5
SIM1
SIM2
SIM3
SIM4
1
21
22
SIM5
SIM1
SIM2
SIM3
SIM4
1
21
22
SIM5
SIM1
SIM2
SIM3
SIM4
1
21
22
SIM5
SIM1
SIM2
SIM3
SIM4
1
21
22
SIM5
SIM1
SIM2
SIM3
SIM4
1
21
22
SIM5
SIM1
SIM2
SIM3
SIM4
1
21
22
SIM5
SIM1
SIM2
SIM3
SIM4
1
21
22
SIM5
SIM1
SIM2
SIM3
SIM4
1
21
22
SIM5
SIM1
SIM2
SIM3
SIM4
1
21
22
SIM5
SIM1
SIM2
SIM3
SIM4
1
21
22
SIM5
SIM1
SIM2
SIM3
SIM4
1
21
22
SIM5
SIM1
SIM2
SIM3
SIM4
1
21
22
SIM5
SIM1
SIM2
SIM3
SIM4
1
21
22
SIM5
SIM1
SIM2
SIM3
SIM4
1
21
22
SIM5
SIM1
SIM2
SIM3
SIM4
1
21
22
SIM5
SIM1
SIM2
SIM3
SIM4
1
21
22
SIM5
SIM1
SIM2
SIM3
SIM4
1
21
22
SIM5
SIM1
SIM2
SIM3
SIM4
1
21
22
SIM5
SIM1
SIM2
SIM3
SIM4
1
21
22
SIM5
SIM1
SIM2
SIM3
SIM4
1
21
22
SIM5
SIM1
SIM2
SIM3
SIM4
1
21
22
SIM5
SIM1
SIM2
SIM3
SIM4
1
21
22
SIM5
SIM1
SIM2
SIM3
SIM4
1
21
22
SIM5
SIM1
SIM2
SIM3
SIM4
1
21
22
SIM5
SIM1
SIM2
SIM3
SIM4
1
21
22
SIM5
SIM1
SIM2
SIM3
SIM4
1
21
22
SIM5
SIM1
SIM2
SIM3
SIM4
1
21
22
SIM5
SIM1
SIM2
SIM3
SIM4
1
21
22
SIM5
SIM1
SIM2
SIM3
SIM4
1
21
22
SIM5
SIM1
SIM2
SIM3
SIM4
1
21
22
SIM5
SIM1
SIM2
SIM3
SIM4
1
21
22
SIM5
SIM1
SIM2
SIM3
SIM4
1
21
22
SIM5
SIM1
SIM2
SIM3
SIM4
1
21
22
SIM5
SIM1
SIM2
SIM3
SIM4
1
21
22
SIM5
SIM1
SIM2
SIM3
SIM4
1
21
22
SIM5
SIM1
SIM2
SIM3
SIM4
1
21
22
SIM5
SIM1
SIM2
SIM3
SIM4
1
21
22
SIM5
SIM1
SIM2
SIM3
SIM4
1
21
22
SIM5
SIM1
SIM2
SIM3
SIM4
1
21
22
SIM5
SIM1
SIM2
SIM3
SIM4
1
21
22
SIM5
SIM1
SIM2
SIM3
SIM4
1
21
22
SIM5
SIM1
SIM2
SIM3
SIM4
1
21
22
SIM5
SIM1
SIM2
SIM3
SIM4
1
21
22
SIM5
SIM1
SIM2
SIM3
SIM4
1
21
22
SIM5
SIM1
SIM2
SIM3
SIM4
1
21
22
SIM5
SIM1
SIM2
SIM3
SIM4
1
21
22
SIM5
SIM1
SIM2
SIM3
SIM4
1
21
22
SIM5
SIM1
SIM2
SIM3
SIM4
1
21
22
SIM5
SIM1
SIM2
SIM3
SIM4
1
21
22
SIM5
SIM1
SIM2
SIM3
SIM4
1
21
22
SIM5
SIM1
SIM2
SIM3
SIM4
1
21
22
SIM5
SIM1
SIM2
SIM3
SIM4
1
21
22
SIM5
SIM1
SIM2
SIM3
SIM4
1
21
22
SIM5
SIM1
SIM2
SIM3
SIM4
1
21
22
SIM5
SIM1
SIM2
SIM3
SIM4
1
21
22
SIM5
SIM1
SIM2
SIM3
SIM4
1
21
22
SIM5
SIM1
SIM2
SIM3
SIM4
1
21
22
SIM5
SIM1
SIM2
SIM3
SIM4
1
21
22
SIM5
SIM1
SIM2
SIM3
SIM4
1
21
22
SIM5
SIM1
SIM2
SIM3
SIM4
1
21
22
SIM5
SIM1
SIM2
SIM3
SIM4
1
21
22
SIM5
SIM1
SIM2
SIM3
SIM4
1
21
22
SIM5
SIM1
SIM2
SIM3
SIM4
1
21
22
SIM5
SIM1
SIM2
SIM3
SIM4
1
21
22
SIM5
SIM1
SIM2
SIM3
SIM4
1
21
22
SIM5
SIM1
SIM2
SIM3
SIM4
1
21
22
SIM5
SIM1
SIM2
SIM3
SIM4
1
21
22
SIM5
SIM1
SIM2
SIM3
SIM4
1
21
22
SIM5
SIM1
SIM2
SIM3
SIM4
1
21
22
SIM5
SIM1
SIM2
SIM3
SIM4
1
21
22
SIM5
SIM1
SIM2
SIM3
SIM4
1
21
22
SIM5
SIM1
SIM2
SIM3
SIM4
1
21
22
SIM5
SIM1
SIM2
SIM3
SIM4
1
21
22
SIM5
SIM1
SIM2
SIM3
SIM4
1
21
22
SIM5
SIM1
SIM2
SIM3
SIM4
1
21
22
SIM5
SIM1
SIM2
SIM3
SIM4
1
21
22
SIM5
SIM1
SIM2
SIM3
SIM4
1
21
22
SIM5
SIM1
SIM2
SIM3
SIM4
1
21
22
SIM5
SIM1
SIM2
SIM3
SIM4
1
21
22
SIM5
SIM1
SIM2
SIM3
SIM4
1
21
22
SIM5
SIM1
SIM2
SIM3
SIM4
1
21
22
SIM5
SIM1
SIM2
SIM3
SIM4
1
21
22
SIM5
SIM1
SIM2
SIM3
SIM4
1
21
22
SIM5
SIM1
SIM2
SIM3
SIM4
1
21
22
SIM5
SIM1
SIM2
SIM3
SIM4
1
21
22
SIM5
SIM1
SIM2
SIM3
SIM4
1
21
22
SIM5
SIM1
SIM2
SIM3
SIM4
1
21
22
SIM5
SIM1
SIM2
SIM3
SIM4
1
21
22
SIM5
SIM1
SIM2
SIM3
SIM4
1
21
22
SIM5
SIM1
SIM2
SIM3
SIM4
1
21
22
SIM5
SIM1
SIM2
SIM3
SIM4
1
21
22
SIM5
SIM1
SIM2
SIM3
SIM4
1
21
22
SIM5
SIM1
SIM2
SIM3
SIM4
1
21
22
SIM5
SIM1
SIM2
SIM3
SIM4
1
21
22
SIM5
SIM1
SIM2
SIM3
SIM4
1
21
22
SIM5
SIM1
SIM2
SIM3
SIM4
1
21
22
SIM5
SIM1
SIM2
SIM3
SIM4
1
21
22
SIM5
SIM1
SIM2
SIM3
SIM4
1
21
22
SIM5
SIM1
SIM2
SIM3
SIM4
1
21
22
SIM5
SIM1
SIM2
SIM3
SIM4
1
21
22
SIM5
SIM1
SIM2
SIM3
SIM4
1
21
22
SIM5
SIM1
SIM2
SIM3
SIM4
1
21
22
SIM5
SIM1
SIM2
SIM3
SIM4
1
21
22
SIM5
SIM1
SIM2
SIM3
SIM4
1
21
22
SIM5
SIM1
SIM2
SIM3
SIM4
1
21
22
SIM5
SIM1
SIM2
SIM3
SIM4
1
21
22
SIM5
SIM1
SIM2
SIM3
SIM4
1
21
22
SIM5
SIM1
SIM2
SIM3
SIM4
1
21
22
SIM5
SIM1
SIM2
SIM3
SIM4
1
21
22
SIM5
SIM1
SIM2
SIM3
SIM4
1
21
22
SIM5
SIM1
SIM2
SIM3
SIM4
1
21
22
SIM5
SIM1
SIM2
SIM3
SIM4
1
21
22
SIM5
SIM1
SIM2
SIM3
SIM4
1
21
22
SIM5
SIM1
SIM2
SIM3
SIM4
1
21
22
SIM5
SIM1
SIM2
SIM3
SIM4
1
21
22
SIM5
SIM1
SIM2
SIM3
SIM4
1
21
22
SIM5
SIM1
SIM2
SIM3
SIM4
1
21
22
SIM5
SIM1
SIM2
SIM3
SIM4
1
21
22
SIM5
SIM1
SIM2
SIM3
SIM4
1
21
22
SIM5
SIM1
SIM2
SIM3
SIM4
1
21
22
SIM5
SIM1
SIM2
SIM3
SIM4
1
21
22
SIM5
SIM1
SIM2
SIM3
SIM4
1
21
22
SIM5
SIM1
SIM2
SIM3
SIM4
1
21
22
SIM5
SIM1
SIM2
SIM3
SIM4
1
21
22
SIM5
SIM1
SIM2
SIM3
SIM4
1
21
22
SIM5
SIM1
SIM2
SIM3
SIM4
1
21
22
SIM5
SIM1
SIM2
SIM3
SIM4
1
21
22
SIM5
SIM1
SIM2
SIM3
SIM4
1
21
22
SIM5
SIM1
SIM2
SIM3
SIM4
1
21
22
SIM5
SIM1
SIM2
SIM3
SIM4
1
21
22
SIM5
SIM1
SIM2
SIM3
SIM4
1
21
22
SIM5
SIM1
SIM2
SIM3
SIM4
1
21
22
SIM5
SIM1
SIM2
SIM3
SIM4
1
21
22
SIM5
SIM1
SIM2
SIM3
SIM4
1
21
22
SIM5
SIM1
SIM2
SIM3
SIM4
1
21
22
SIM5
SIM1
SIM2
SIM3
SIM4
1
21
22
SIM5
SIM1
SIM2
SIM3
SIM4
1
21
22
SIM5
SIM1
SIM2
SIM3
SIM4
1
21
22
SIM5
SIM1
SIM2
SIM3
SIM4
1
21
22
SIM5
SIM1
SIM2
SIM3
SIM4
1
21
22
SIM5
SIM1
SIM2
SIM3
SIM4
1
21
22
SIM5
SIM1
SIM2
SIM3
SIM4
1
21
22
SIM5
SIM1
SIM2
SIM3
SIM4
1
21
22
SIM5
SIM1
SIM2
SIM3
SIM4
1
21
22
SIM5
SIM1
SIM2
SIM3
SIM4
1
21
22
SIM5
SIM1
SIM2
SIM3
SIM4
1
21
22
SIM5
SIM1
SIM2
SIM3
SIM4
1
21
22
SIM5
SIM1
SIM2
SIM3
SIM4
1
21
22
SIM5
SIM1
SIM2
SIM3
SIM4
1
21
22
SIM5
SIM1
SIM2
SIM3
SIM4
1
21
22
SIM5
SIM1
SIM2
SIM3
SIM4
1
21
22
SIM5
SIM1
SIM2
SIM3
SIM4
1
21
22
SIM5
SIM1
SIM2
SIM3
SIM4
1
21
22
SIM5
SIM1
SIM2
SIM3
SIM4
1
21
22
SIM5
SIM1
SIM2
SIM3
SIM4
1
21
22
SIM5
SIM1
SIM2
SIM3
SIM4
1
21
22
SIM5
SIM1
SIM2
SIM3
SIM4
1
21
22
SIM5
SIM1
SIM2
SIM3
SIM4
1
21
22
SIM5
SIM1
SIM2
SIM3
SIM4
1
21
22
SIM5
SIM1
SIM2
SIM3
SIM4
1
21
22
SIM5
SIM1
SIM2
SIM3
SIM4
1
21
22
SIM5
SIM1
SIM2
SIM3
SIM4
1
21
22
SIM5
SIM1
SIM2
SIM3
SIM4
1
21
22
SIM5
SIM1
SIM2
SIM3
SIM4
1
21
22
SIM5
SIM1
SIM2
SIM3
SIM4
1
21
22
SIM5
SIM1
SIM2
SIM3
SIM4
1
21
22
SIM5
SIM1
SIM2
SIM3
SIM4
1
21
22
SIM5
SIM1
SIM2
SIM3
SIM4
1
21
22
SIM5
SIM1
SIM2
SIM3
SIM4
1
21
22
SIM5
SIM1
SIM2
SIM3
SIM4
1
21
22
SIM5
SIM1
SIM2
SIM3
SIM4
1
21
22
SIM5
SIM1
SIM2
SIM3
SIM4
1
21
22
SIM5
SIM1
SIM2
SIM3
SIM4
1
21
22
SIM5
SIM1
SIM2
SIM3
SIM4
1
21
22
SIM5
SIM1
SIM2
SIM3
SIM4
1
21
22
SIM5
SIM1
SIM2
SIM3
SIM4
1
21
22
SIM5
SIM1
SIM2
SIM3
SIM4
1
21
22
SIM5
SIM1
SIM2
SIM3
SIM4
1
21
22
SIM5
SIM1
SIM2
SIM3
SIM4
1
21
22
SIM5
SIM1
SIM2
SIM3
SIM4
1
21
22
SIM5
SIM1
SIM2
SIM3
SIM4
1
21
22
SIM5
SIM1
SIM2
SIM3
SIM4
1
21
22
SIM5
SIM1
SIM2
SIM3
SIM4
1
21
22
SIM5
SIM1
SIM2
SIM3
SIM4
1
21
22
SIM5
SIM1
SIM2
SIM3
SIM4
1
21
22
SIM5
SIM1
SIM2
SIM3
SIM4
1
21
22
SIM5
SIM1
SIM2
SIM3
SIM4
1
21
22
SIM5
SIM1
SIM2
SIM3
SIM4
1
21
22
SIM5
SIM1
SIM2
SIM3
SIM4
1
21
22
SIM5
SIM1
SIM2
SIM3
SIM4
1
21
22
SIM5
SIM1
SIM2
SIM3
SIM4
1
21
22
SIM5
SIM1
SIM2
SIM3
SIM4
1
21
22
SIM5
SIM1
SIM2
SIM3
SIM4
1
21
22
SIM5
SIM1
SIM2
SIM3
SIM4
1
21
22
SIM5
SIM1
SIM2
SIM3
SIM4
1
21
22
SIM5
SIM1
SIM2
SIM3
SIM4
1
21
22
SIM5
SIM1
SIM2
SIM3
SIM4
1
21
22
SIM5
SIM1
SIM2
SIM3
SIM4
1
21
22
SIM5
SIM1
SIM2
SIM3
SIM4
1
21
22
SIM5
SIM1
SIM2
SIM3
SIM4
1
21
22
SIM5
SIM1
SIM2
SIM3
SIM4
1
21
22
SIM5
SIM1
SIM2
SIM3
SIM4
1
21
22
SIM5
SIM1
SIM2
SIM3
SIM4
1
21
22
SIM5
SIM1
SIM2
SIM3
SIM4
1
21
22
SIM5
SIM1
SIM2
SIM3
SIM4
1
21
22
SIM5
SIM1
SIM2
SIM3
SIM4
1
21
22
SIM5
SIM1
SIM2
SIM3
SIM4
1
21
22
SIM5
SIM1
SIM2
SIM3
SIM4
1
21
22
SIM5
SIM1
SIM2
SIM3
SIM4
1
21
22
SIM5
SIM1
SIM2
SIM3
SIM4
1
21
22
SIM5
SIM1
SIM2
SIM3
SIM4
1
21
22
SIM5
SIM1
SIM2
SIM3
SIM4
1
21
22
SIM5
SIM1
SIM2
SIM3
SIM4
1
21
22
SIM5
SIM1
SIM2
SIM3
SIM4
1
21
22
SIM5
SIM1
SIM2
SIM3
SIM4
1
21
22
SIM5
SIM1
SIM2
SIM3
SIM4
1
21
22
SIM5
SIM1
SIM2
SIM3
SIM4
1
21
22
SIM5
SIM1
SIM2
SIM3
SIM4
1
21
22
SIM5
SIM1
SIM2
SIM3
SIM4
1
21
22
SIM5
SIM1
SIM2
SIM3
SIM4
1
21
22
SIM5
SIM1
SIM2
DEBUG 1 365
SIM1
SIM2
SIM3
SIM4
1
21
22
SIM5
SIM1
SIM2
SIM3
SIM4
1
21
22
SIM5
SIM1
SIM2
SIM3
SIM4
1
21
22
SIM5
SIM1
SIM2
SIM3
SIM4
1
21
22
SIM5
SIM1
SIM2
SIM3
SIM4
1
21
22
SIM5
SIM1
SIM2
SIM3
SIM4
1
21
22
SIM5
SIM1
SIM2
SIM3
SIM4
1
21
22
SIM5
SIM1
SIM2
SIM3
SIM4
1
21
22
SIM5
SIM1
SIM2
SIM3
SIM4
1
21
22
SIM5
SIM1
SIM2
SIM3
SIM4
1
21
22
SIM5
SIM1
SIM2
SIM3
SIM4
1
21
22
SIM5
SIM1
SIM2
SIM3
SIM4
1
21
22
SIM5
SIM1
SIM2
SIM3
SIM4
1
21
22
SIM5
SIM1
SIM2
SIM3
SIM4
1
21
22
SIM5
SIM1
SIM2
SIM3
SIM4
1
21
22
SIM5
SIM1
SIM2
SIM3
SIM4
1
21
22
SIM5
SIM1
SIM2
SIM3
SIM4
1
21
22
SIM5
SIM1
SIM2
SIM3
SIM4
1
21
22
SIM5
SIM1
SIM2
SIM3
SIM4
1
21
22
SIM5
SIM1
SIM2
SIM3
SIM4
1
21
22
SIM5
SIM1
SIM2
SIM3
SIM4
1
21
22
SIM5
SIM1
SIM2
SIM3
SIM4
1
21
22
SIM5
SIM1
SIM2
SIM3
SIM4
1
21
22
SIM5
SIM1
SIM2
SIM3
SIM4
1
21
22
SIM5
SIM1
SIM2
SIM3
SIM4
1
21
22
SIM5
SIM1
SIM2
SIM3
SIM4
1
21
22
SIM5
SIM1
SIM2
SIM3
SIM4
1
21
22
SIM5
SIM1
SIM2
SIM3
SIM4
1
21
22
SIM5
SIM1
SIM2
SIM3
SIM4
1
21
22
SIM5
SIM1
SIM2
SIM3
SIM4
1
21
22
SIM5
SIM1
SIM2
SIM3
SIM4
1
21
22
SIM5
SIM1
SIM2
SIM3
SIM4
1
21
22
SIM5
SIM1
SIM2
SIM3
SIM4
1
21
22
SIM5
SIM1
SIM2
SIM3
SIM4
1
21
22
SIM5
SIM1
SIM2
SIM3
SIM4
1
21
22
SIM5
SIM1
SIM2
SIM3
SIM4
1
21
22
SIM5
SIM1
SIM2
SIM3
SIM4
1
21
22
SIM5
SIM1
SIM2
SIM3
SIM4
1
21
22
SIM5
SIM1
SIM2
SIM3
SIM4
1
21
22
SIM5
SIM1
SIM2
SIM3
SIM4
1
21
22
SIM5
SIM1
SIM2
SIM3
SIM4
1
21
22
SIM5
SIM1
SIM2
SIM3
SIM4
1
21
22
SIM5
SIM1
SIM2
SIM3
SIM4
1
21
22
SIM5
SIM1
SIM2
SIM3
SIM4
1
21
22
SIM5
SIM1
SIM2
SIM3
SIM4
1
21
22
SIM5
SIM1
SIM2
SIM3
SIM4
1
21
22
SIM5
SIM1
SIM2
SIM3
SIM4
1
21
22
SIM5
SIM1
SIM2
SIM3
SIM4
1
21
22
SIM5
SIM1
SIM2
SIM3
SIM4
1
21
22
SIM5
SIM1
SIM2
SIM3
SIM4
1
21
22
SIM5
SIM1
SIM2
SIM3
SIM4
1
21
22
SIM5
SIM1
SIM2
SIM3
SIM4
1
21
22
SIM5
SIM1
SIM2
SIM3
SIM4
1
21
22
SIM5
SIM1
SIM2
SIM3
SIM4
1
21
22
SIM5
SIM1
SIM2
SIM3
SIM4
1
21
22
SIM5
SIM1
SIM2
SIM3
SIM4
1
21
22
SIM5
SIM1
SIM2
SIM3
SIM4
1
21
22
SIM5
SIM1
SIM2
SIM3
SIM4
1
21
22
SIM5
SIM1
SIM2
SIM3
SIM4
1
21
22
SIM5
SIM1
SIM2
SIM3
SIM4
1
21
22
SIM5
SIM1
SIM2
SIM3
SIM4
1
21
22
SIM5
SIM1
SIM2
SIM3
SIM4
1
21
22
SIM5
SIM1
SIM2
SIM3
SIM4
1
21
22
SIM5
SIM1
SIM2
SIM3
SIM4
1
21
22
SIM5
SIM1
SIM2
SIM3
SIM4
1
21
22
SIM5
SIM1
SIM2
SIM3
SIM4
1
21
22
SIM5
SIM1
SIM2
SIM3
SIM4
1
21
22
SIM5
SIM1
SIM2
SIM3
SIM4
1
21
22
SIM5
SIM1
SIM2
SIM3
SIM4
1
21
22
SIM5
SIM1
SIM2
SIM3
SIM4
1
21
22
SIM5
SIM1
SIM2
SIM3
SIM4
1
21
22
SIM5
SIM1
SIM2
SIM3
SIM4
1
21
22
SIM5
SIM1
SIM2
SIM3
SIM4
1
21
22
SIM5
SIM1
SIM2
SIM3
SIM4
1
21
22
SIM5
SIM1
SIM2
SIM3
SIM4
1
21
22
SIM5
SIM1
SIM2
SIM3
SIM4
1
21
22
SIM5
SIM1
SIM2
SIM3
SIM4
1
21
22
SIM5
SIM1
SIM2
SIM3
SIM4
1
21
22
SIM5
SIM1
SIM2
SIM3
SIM4
1
21
22
SIM5
SIM1
SIM2
SIM3
SIM4
1
21
22
SIM5
SIM1
SIM2
SIM3
SIM4
1
21
22
SIM5
SIM1
SIM2
SIM3
SIM4
1
21
22
SIM5
SIM1
SIM2
SIM3
SIM4
1
21
22
SIM5
SIM1
SIM2
SIM3
SIM4
1
21
22
SIM5
SIM1
SIM2
SIM3
SIM4
1
21
22
SIM5
SIM1
SIM2
SIM3
SIM4
1
21
22
SIM5
SIM1
SIM2
SIM3
SIM4
1
21
22
SIM5
SIM1
SIM2
SIM3
SIM4
1
21
22
SIM5
SIM1
SIM2
SIM3
SIM4
1
21
22
SIM5
SIM1
SIM2
SIM3
SIM4
1
21
22
SIM5
SIM1
SIM2
SIM3
SIM4
1
21
22
SIM5
SIM1
SIM2
SIM3
SIM4
1
21
22
SIM5
SIM1
SIM2
SIM3
SIM4
1
21
22
SIM5
SIM1
SIM2
SIM3
SIM4
1
21
22
SIM5
SIM1
SIM2
SIM3
SIM4
1
21
22
SIM5
SIM1
SIM2
SIM3
SIM4
1
21
22
SIM5
SIM1
SIM2
SIM3
SIM4
1
21
22
SIM5
SIM1
SIM2
SIM3
SIM4
1
21
22
SIM5
SIM1
SIM2
SIM3
SIM4
1
21
22
SIM5
SIM1
SIM2
SIM3
SIM4
1
21
22
SIM5
SIM1
SIM2
SIM3
SIM4
1
21
22
SIM5
SIM1
SIM2
SIM3
SIM4
1
21
22
SIM5
SIM1
SIM2
SIM3
SIM4
1
21
22
SIM5
SIM1
SIM2
SIM3
SIM4
1
21
22
SIM5
SIM1
SIM2
SIM3
SIM4
1
21
22
SIM5
SIM1
SIM2
SIM3
SIM4
1
21
22
SIM5
SIM1
SIM2
SIM3
SIM4
1
21
22
SIM5
SIM1
SIM2
SIM3
SIM4
1
21
22
SIM5
SIM1
SIM2
SIM3
SIM4
1
21
22
SIM5
SIM1
SIM2
SIM3
SIM4
1
21
22
SIM5
SIM1
SIM2
SIM3
SIM4
1
21
22
SIM5
SIM1
SIM2
SIM3
SIM4
1
21
22
SIM5
SIM1
SIM2
SIM3
SIM4
1
21
22
SIM5
SIM1
SIM2
DEBUG 1 366
SIM1
SIM2
SIM3
SIM4
1
21
22
SIM5
SIM1
SIM2
SIM3
SIM4
1
21
22
SIM5
SIM1
SIM2
SIM3
SIM4
1
21
22
SIM5
SIM1
SIM2
SIM3
SIM4
1
21
22
SIM5
SIM1
SIM2
SIM3
SIM4
1
21
22
SIM5
SIM1
SIM2
SIM3
SIM4
1
21
22
SIM5
SIM1
SIM2
SIM3
SIM4
1
21
22
SIM5
SIM1
SIM2
SIM3
SIM4
1
21
22
SIM5
SIM1
SIM2
SIM3
SIM4
1
21
22
SIM5
SIM1
SIM2
SIM3
SIM4
1
21
22
SIM5
SIM1
SIM2
SIM3
SIM4
1
21
22
SIM5
SIM1
SIM2
SIM3
SIM4
1
21
22
SIM5
SIM1
SIM2
SIM3
SIM4
1
21
22
SIM5
SIM1
SIM2
SIM3
SIM4
1
21
22
SIM5
SIM1
SIM2
SIM3
SIM4
1
21
22
SIM5
SIM1
SIM2
SIM3
SIM4
1
21
22
SIM5
SIM1
SIM2
SIM3
SIM4
1
21
22
SIM5
SIM1
SIM2
SIM3
SIM4
1
21
22
SIM5
SIM1
SIM2
SIM3
SIM4
1
21
22
SIM5
SIM1
SIM2
SIM3
SIM4
1
21
22
SIM5
SIM1
SIM2
SIM3
SIM4
1
21
22
SIM5
SIM1
SIM2
SIM3
SIM4
1
21
22
SIM5
SIM1
SIM2
SIM3
SIM4
1
21
22
SIM5
SIM1
SIM2
SIM3
SIM4
1
21
22
SIM5
SIM1
SIM2
SIM3
SIM4
1
21
22
SIM5
SIM1
SIM2
SIM3
SIM4
1
21
22
SIM5
SIM1
SIM2
SIM3
SIM4
1
21
22
SIM5
SIM1
SIM2
SIM3
SIM4
1
21
22
SIM5
SIM1
SIM2
SIM3
SIM4
1
21
22
SIM5
SIM1
SIM2
SIM3
SIM4
1
21
22
SIM5
SIM1
SIM2
SIM3
SIM4
1
21
22
SIM5
SIM1
SIM2
SIM3
SIM4
1
21
22
SIM5
SIM1
SIM2
SIM3
SIM4
1
21
22
SIM5
SIM1
SIM2
SIM3
SIM4
1
21
22
SIM5
SIM1
SIM2
SIM3
SIM4
1
21
22
SIM5
SIM1
SIM2
SIM3
SIM4
1
21
22
SIM5
SIM1
SIM2
SIM3
SIM4
1
21
22
SIM5
SIM1
SIM2
SIM3
SIM4
1
21
22
SIM5
SIM1
SIM2
SIM3
SIM4
1
21
22
SIM5
SIM1
SIM2
SIM3
SIM4
1
21
22
SIM5
SIM1
SIM2
SIM3
SIM4
1
21
22
SIM5
SIM1
SIM2
SIM3
SIM4
1
21
22
SIM5
SIM1
SIM2
SIM3
SIM4
1
21
22
SIM5
SIM1
SIM2
SIM3
SIM4
1
21
22
SIM5
SIM1
SIM2
SIM3
SIM4
1
21
22
SIM5
SIM1
SIM2
SIM3
SIM4
1
21
22
SIM5
SIM1
SIM2
SIM3
SIM4
1
21
22
SIM5
SIM1
SIM2
SIM3
SIM4
1
21
22
SIM5
SIM1
SIM2
SIM3
SIM4
1
21
22
SIM5
SIM1
SIM2
SIM3
SIM4
1
21
22
SIM5
SIM1
SIM2
SIM3
SIM4
1
21
22
SIM5
SIM1
SIM2
SIM3
SIM4
1
21
22
SIM5
SIM1
SIM2
SIM3
SIM4
1
21
22
SIM5
SIM1
SIM2
SIM3
SIM4
1
21
22
SIM5
SIM1
SIM2
SIM3
SIM4
1
21
22
SIM5
SIM1
SIM2
SIM3
SIM4
1
21
22
SIM5
SIM1
SIM2
SIM3
SIM4
1
21
22
SIM5
SIM1
SIM2
SIM3
SIM4
1
21
22
SIM5
SIM1
SIM2
SIM3
SIM4
1
21
22
SIM5
SIM1
SIM2
SIM3
SIM4
1
21
22
SIM5
SIM1
SIM2
SIM3
SIM4
1
21
22
SIM5
SIM1
SIM2
SIM3
SIM4
1
21
22
SIM5
SIM1
SIM2
SIM3
SIM4
1
21
22
SIM5
SIM1
SIM2
SIM3
SIM4
1
21
22
SIM5
SIM1
SIM2
SIM3
SIM4
1
21
22
SIM5
SIM1
SIM2
SIM3
SIM4
1
21
22
SIM5
SIM1
SIM2
SIM3
SIM4
1
21
22
SIM5
SIM1
SIM2
SIM3
SIM4
1
21
22
SIM5
SIM1
SIM2
SIM3
SIM4
1
21
22
SIM5
SIM1
SIM2
SIM3
SIM4
1
21
22
SIM5
SIM1
SIM2
SIM3
SIM4
1
21
22
SIM5
SIM1
SIM2
SIM3
SIM4
1
21
22
SIM5
SIM1
SIM2
SIM3
SIM4
1
21
22
SIM5
SIM1
SIM2
SIM3
SIM4
1
21
22
SIM5
SIM1
SIM2
SIM3
SIM4
1
21
22
SIM5
SIM1
SIM2
SIM3
SIM4
1
21
22
SIM5
SIM1
SIM2
SIM3
SIM4
1
21
22
SIM5
SIM1
SIM2
SIM3
SIM4
1
21
22
SIM5
SIM1
SIM2
SIM3
SIM4
1
21
22
SIM5
SIM1
SIM2
SIM3
SIM4
1
21
22
SIM5
SIM1
SIM2
SIM3
SIM4
1
21
22
SIM5
SIM1
SIM2
SIM3
SIM4
1
21
22
SIM5
SIM1
SIM2
SIM3
SIM4
1
21
22
SIM5
SIM1
SIM2
SIM3
SIM4
1
21
22
SIM5
SIM1
SIM2
SIM3
SIM4
1
21
22
SIM5
SIM1
SIM2
SIM3
SIM4
1
21
22
SIM5
SIM1
SIM2
SIM3
SIM4
1
21
22
SIM5
SIM1
SIM2
SIM3
SIM4
1
21
22
SIM5
SIM1
SIM2
SIM3
SIM4
1
21
22
SIM5
SIM1
SIM2
SIM3
SIM4
1
21
22
SIM5
SIM1
SIM2
SIM3
SIM4
1
21
22
SIM5
SIM1
SIM2
SIM3
SIM4
1
21
22
SIM5
SIM1
SIM2
SIM3
SIM4
1
21
22
SIM5
SIM1
SIM2
SIM3
SIM4
1
21
22
SIM5
SIM1
SIM2
SIM3
SIM4
1
21
22
SIM5
SIM1
SIM2
SIM3
SIM4
1
21
22
SIM5
SIM1
SIM2
SIM3
SIM4
1
21
22
SIM5
SIM1
SIM2
SIM3
SIM4
1
21
22
SIM5
SIM1
SIM2
SIM3
SIM4
1
21
22
SIM5
SIM1
SIM2
SIM3
SIM4
1
21
22
SIM5
SIM1
SIM2
SIM3
SIM4
1
21
22
SIM5
SIM1
SIM2
SIM3
SIM4
1
21
22
SIM5
SIM1
SIM2
SIM3
SIM4
1
21
22
SIM5
SIM1
SIM2
SIM3
SIM4
1
21
22
SIM5
SIM1
SIM2
SIM3
SIM4
1
21
22
SIM5
SIM1
SIM2
SIM3
SIM4
1
21
22
SIM5
SIM1
SIM2
SIM3
SIM4
1
21
22
SIM5
SIM1
SIM2
SIM3
SIM4
1
21
22
SIM5
SIM1
SIM2
SIM3
SIM4
1
21
22
SIM5
SIM1
SIM2
SIM3
SIM4
1
21
22
SIM5
SIM1
SIM2
SIM3
SIM4
1
21
22
SIM5
SIM1
SIM2
SIM3
SIM4
1
21
22
SIM5
SIM1
SIM2
SIM3
SIM4
1
21
22
SIM5
SIM1
SIM2
SIM3
SIM4
1
21
22
SIM5
SIM1
SIM2
SIM3
SIM4
1
21
22
SIM5
SIM1
SIM2
SIM3
SIM4
1
21
22
SIM5
SIM1
SIM2
SIM3
SIM4
1
21
22
SIM5
SIM1
SIM2
SIM3
SIM4
1
21
22
SIM5
SIM1
SIM2
SIM3
SIM4
1
21
22
SIM5
SIM1
SIM2
SIM3
SIM4
1
21
22
SIM5
SIM1
SIM2
SIM3
SIM4
1
21
22
SIM5
SIM1
SIM2
SIM3
SIM4
1
21
22
SIM5
SIM1
SIM2
SIM3
SIM4
1
21
22
SIM5
SIM1
SIM2
SIM3
SIM4
1
21
22
SIM5
SIM1
SIM2
SIM3
SIM4
1
21
22
SIM5
SIM1
SIM2
SIM3
SIM4
1
21
22
SIM5
SIM1
SIM2
SIM3
SIM4
1
21
22
SIM5
SIM1
SIM2
SIM3
SIM4
1
21
22
SIM5
SIM1
SIM2
SIM3
SIM4
1
21
22
SIM5
SIM1
SIM2
SIM3
SIM4
1
21
22
SIM5
SIM1
SIM2
SIM3
SIM4
1
21
22
SIM5
SIM1
SIM2
SIM3
SIM4
1
21
22
SIM5
SIM1
SIM2
SIM3
SIM4
1
21
22
SIM5
SIM1
SIM2
SIM3
SIM4
1
21
22
SIM5
SIM1
SIM2
SIM3
SIM4
1
21
22
SIM5
SIM1
SIM2
SIM3
SIM4
1
21
22
SIM5
SIM1
SIM2
SIM3
SIM4
1
21
22
SIM5
SIM1
SIM2
SIM3
SIM4
1
21
22
SIM5
SIM1
SIM2
SIM3
SIM4
1
21
22
SIM5
SIM1
SIM2
SIM3
SIM4
1
21
22
SIM5
SIM1
SIM2
SIM3
SIM4
1
21
22
SIM5
SIM1
SIM2
SIM3
SIM4
1
21
22
SIM5
SIM1
SIM2
SIM3
SIM4
1
21
22
SIM5
SIM1
SIM2
SIM3
SIM4
1
21
22
SIM5
SIM1
SIM2
SIM3
SIM4
1
21
22
SIM5
SIM1
SIM2
SIM3
SIM4
1
21
22
SIM5
SIM1
SIM2
SIM3
SIM4
1
21
22
SIM5
SIM1
SIM2
SIM3
SIM4
1
21
22
SIM5
SIM1
SIM2
SIM3
SIM4
1
21
22
SIM5
SIM1
SIM2
SIM3
SIM4
1
21
22
SIM5
SIM1
SIM2
SIM3
SIM4
1
21
22
SIM5
SIM1
SIM2
SIM3
SIM4
1
21
22
SIM5
SIM1
SIM2
SIM3
SIM4
1
21
22
SIM5
SIM1
SIM2
SIM3
SIM4
1
21
22
SIM5
SIM1
SIM2
SIM3
SIM4
1
21
22
SIM5
SIM1
SIM2
SIM3
SIM4
1
21
22
SIM5
SIM1
SIM2
SIM3
SIM4
1
21
22
SIM5
SIM1
SIM2
SIM3
SIM4
1
21
22
SIM5
SIM1
SIM2
SIM3
SIM4
1
21
22
SIM5
SIM1
SIM2
SIM3
SIM4
1
21
22
SIM5
SIM1
SIM2
SIM3
SIM4
1
21
22
SIM5
SIM1
SIM2
SIM3
SIM4
1
21
22
SIM5
SIM1
SIM2
SIM3
SIM4
1
21
22
SIM5
SIM1
SIM2
SIM3
SIM4
1
21
22
SIM5
SIM1
SIM2
SIM3
SIM4
1
21
22
SIM5
SIM1
SIM2
SIM3
SIM4
1
21
22
SIM5
SIM1
SIM2
SIM3
SIM4
1
21
22
SIM5
SIM1
SIM2
SIM3
SIM4
1
21
22
SIM5
SIM1
SIM2
SIM3
SIM4
1
21
22
SIM5
SIM1
SIM2
SIM3
SIM4
1
21
22
SIM5
SIM1
SIM2
SIM3
SIM4
1
21
22
SIM5
SIM1
SIM2
SIM3
SIM4
1
21
22
SIM5
SIM1
SIM2
SIM3
SIM4
1
21
22
SIM5
SIM1
SIM2
SIM3
SIM4
1
21
22
SIM5
SIM1
SIM2
SIM3
SIM4
1
21
22
SIM5
SIM1
SIM2
SIM3
SIM4
1
21
22
SIM5
SIM1
SIM2
SIM3
SIM4
1
21
22
SIM5
SIM1
SIM2
SIM3
SIM4
1
21
22
SIM5
SIM1
SIM2
SIM3
SIM4
1
21
22
SIM5
SIM1
SIM2
SIM3
SIM4
1
21
22
SIM5
SIM1
SIM2
SIM3
SIM4
1
21
22
SIM5
SIM1
SIM2
SIM3
SIM4
1
21
22
SIM5
SIM1
SIM2
SIM3
SIM4
1
21
22
SIM5
SIM1
SIM2
SIM3
SIM4
1
21
22
SIM5
SIM1
SIM2
SIM3
SIM4
1
21
22
SIM5
SIM1
SIM2
SIM3
SIM4
1
21
22
SIM5
SIM1
SIM2
SIM3
SIM4
1
21
22
SIM5
SIM1
SIM2
SIM3
SIM4
1
21
22
SIM5
SIM1
SIM2
SIM3
SIM4
1
21
22
SIM5
SIM1
SIM2
SIM3
SIM4
1
21
22
SIM5
SIM1
SIM2
SIM3
SIM4
1
21
22
SIM5
SIM1
SIM2
SIM3
SIM4
1
21
22
SIM5
SIM1
SIM2
SIM3
SIM4
1
21
22
SIM5
SIM1
SIM2
SIM3
SIM4
1
21
22
SIM5
SIM1
SIM2
SIM3
SIM4
1
21
22
SIM5
SIM1
SIM2
SIM3
SIM4
1
21
22
SIM5
SIM1
SIM2
SIM3
SIM4
1
21
22
SIM5
SIM1
SIM2
SIM3
SIM4
1
21
22
SIM5
SIM1
SIM2
SIM3
SIM4
1
21
22
SIM5
SIM1
SIM2
SIM3
SIM4
1
21
22
SIM5
SIM1
SIM2
SIM3
SIM4
1
21
22
SIM5
SIM1
SIM2
SIM3
SIM4
1
21
22
SIM5
SIM1
SIM2
SIM3
SIM4
1
21
22
SIM5
SIM1
SIM2
SIM3
SIM4
1
21
22
SIM5
SIM1
SIM2
SIM3
SIM4
1
21
22
SIM5
SIM1
SIM2
SIM3
SIM4
1
21
22
SIM5
SIM1
SIM2
SIM3
SIM4
1
21
22
SIM5
SIM1
SIM2
SIM3
SIM4
1
21
22
SIM5
SIM1
SIM2
SIM3
SIM4
1
21
22
SIM5
SIM1
SIM2
DEBUG 1 367
SIM1
SIM2
SIM3
SIM4
1
21
22
SIM5
SIM1
SIM2
SIM3
SIM4
1
21
22
SIM5
SIM1
SIM2
SIM3
SIM4
1
21
22
SIM5
SIM1
SIM2
SIM3
SIM4
1
21
22
SIM5
SIM1
SIM2
SIM3
SIM4
1
21
22
SIM5
SIM1
SIM2
SIM3
SIM4
1
21
22
SIM5
SIM1
SIM2
SIM3
SIM4
1
21
22
SIM5
SIM1
SIM2
SIM3
SIM4
1
21
22
SIM5
SIM1
SIM2
SIM3
SIM4
1
21
22
SIM5
SIM1
SIM2
SIM3
SIM4
1
21
22
SIM5
SIM1
SIM2
SIM3
SIM4
1
21
22
SIM5
SIM1
SIM2
SIM3
SIM4
1
21
22
SIM5
SIM1
SIM2
SIM3
SIM4
1
21
22
SIM5
SIM1
SIM2
SIM3
SIM4
1
21
22
SIM5
SIM1
SIM2
SIM3
SIM4
1
21
22
SIM5
SIM1
SIM2
SIM3
SIM4
1
21
22
SIM5
SIM1
SIM2
SIM3
SIM4
1
21
22
SIM5
SIM1
SIM2
SIM3
SIM4
1
21
22
SIM5
SIM1
SIM2
SIM3
SIM4
1
21
22
SIM5
SIM1
SIM2
SIM3
SIM4
1
21
22
SIM5
SIM1
SIM2
SIM3
SIM4
1
21
22
SIM5
SIM1
SIM2
SIM3
SIM4
1
21
22
SIM5
SIM1
SIM2
SIM3
SIM4
1
21
22
SIM5
SIM1
SIM2
SIM3
SIM4
1
21
22
SIM5
SIM1
SIM2
SIM3
SIM4
1
21
22
SIM5
SIM1
SIM2
SIM3
SIM4
1
21
22
SIM5
SIM1
SIM2
SIM3
SIM4
1
21
22
SIM5
SIM1
SIM2
SIM3
SIM4
1
21
22
SIM5
SIM1
SIM2
SIM3
SIM4
1
21
22
SIM5
SIM1
SIM2
SIM3
SIM4
1
21
22
SIM5
SIM1
SIM2
SIM3
SIM4
1
21
22
SIM5
SIM1
SIM2
SIM3
SIM4
1
21
22
SIM5
SIM1
SIM2
SIM3
SIM4
1
21
22
SIM5
SIM1
SIM2
SIM3
SIM4
1
21
22
SIM5
SIM1
SIM2
SIM3
SIM4
1
21
22
SIM5
SIM1
SIM2
SIM3
SIM4
1
21
22
SIM5
SIM1
SIM2
SIM3
SIM4
1
21
22
SIM5
SIM1
SIM2
SIM3
SIM4
1
21
22
SIM5
SIM1
SIM2
SIM3
SIM4
1
21
22
SIM5
SIM1
SIM2
SIM3
SIM4
1
21
22
SIM5
SIM1
SIM2
SIM3
SIM4
1
21
22
SIM5
SIM1
SIM2
SIM3
SIM4
1
21
22
SIM5
SIM1
SIM2
SIM3
SIM4
1
21
22
SIM5
SIM1
SIM2
SIM3
SIM4
1
21
22
SIM5
SIM1
SIM2
SIM3
SIM4
1
21
22
SIM5
SIM1
SIM2
SIM3
SIM4
1
21
22
SIM5
SIM1
SIM2
SIM3
SIM4
1
21
22
SIM5
SIM1
SIM2
SIM3
SIM4
1
21
22
SIM5
SIM1
SIM2
SIM3
SIM4
1
21
22
SIM5
SIM1
SIM2
SIM3
SIM4
1
21
22
SIM5
SIM1
SIM2
SIM3
SIM4
1
21
22
SIM5
SIM1
SIM2
SIM3
SIM4
1
21
22
SIM5
SIM1
SIM2
SIM3
SIM4
1
21
22
SIM5
SIM1
SIM2
SIM3
SIM4
1
21
22
SIM5
SIM1
SIM2
SIM3
SIM4
1
21
22
SIM5
SIM1
SIM2
SIM3
SIM4
1
21
22
SIM5
SIM1
SIM2
SIM3
SIM4
1
21
22
SIM5
SIM1
SIM2
SIM3
SIM4
1
21
22
SIM5
SIM1
SIM2
SIM3
SIM4
1
21
22
SIM5
SIM1
SIM2
SIM3
SIM4
1
21
22
SIM5
SIM1
SIM2
SIM3
SIM4
1
21
22
SIM5
SIM1
SIM2
SIM3
SIM4
1
21
22
SIM5
SIM1
SIM2
SIM3
SIM4
1
21
22
SIM5
SIM1
SIM2
SIM3
SIM4
1
21
22
SIM5
SIM1
SIM2
SIM3
SIM4
1
21
22
SIM5
SIM1
SIM2
SIM3
SIM4
1
21
22
SIM5
SIM1
SIM2
SIM3
SIM4
1
21
22
SIM5
SIM1
SIM2
SIM3
SIM4
1
21
22
SIM5
SIM1
SIM2
SIM3
SIM4
1
21
22
SIM5
SIM1
SIM2
SIM3
SIM4
1
21
22
SIM5
SIM1
SIM2
SIM3
SIM4
1
21
22
SIM5
SIM1
SIM2
SIM3
SIM4
1
21
22
SIM5
SIM1
SIM2
SIM3
SIM4
1
21
22
SIM5
SIM1
SIM2
SIM3
SIM4
1
21
22
SIM5
SIM1
SIM2
SIM3
SIM4
1
21
22
SIM5
SIM1
SIM2
SIM3
SIM4
1
21
22
SIM5
SIM1
SIM2
SIM3
SIM4
1
21
22
SIM5
SIM1
SIM2
SIM3
SIM4
1
21
22
SIM5
SIM1
SIM2
SIM3
SIM4
1
21
22
SIM5
SIM1
SIM2
SIM3
SIM4
1
21
22
SIM5
SIM1
SIM2
SIM3
SIM4
1
21
22
SIM5
SIM1
SIM2
SIM3
SIM4
1
21
22
SIM5
SIM1
SIM2
SIM3
SIM4
1
21
22
SIM5
SIM1
SIM2
SIM3
SIM4
1
21
22
SIM5
SIM1
SIM2
SIM3
SIM4
1
21
22
SIM5
SIM1
SIM2
SIM3
SIM4
1
21
22
SIM5
SIM1
SIM2
SIM3
SIM4
1
21
22
SIM5
SIM1
SIM2
SIM3
SIM4
1
21
22
SIM5
SIM1
SIM2
SIM3
SIM4
1
21
22
SIM5
SIM1
SIM2
SIM3
SIM4
1
21
22
SIM5
SIM1
SIM2
SIM3
SIM4
1
21
22
SIM5
SIM1
SIM2
SIM3
SIM4
1
21
22
SIM5
SIM1
SIM2
SIM3
SIM4
1
21
22
SIM5
SIM1
SIM2
SIM3
SIM4
1
21
22
SIM5
SIM1
SIM2
SIM3
SIM4
1
21
22
SIM5
SIM1
SIM2
SIM3
SIM4
1
21
22
SIM5
SIM1
SIM2
SIM3
SIM4
1
21
22
SIM5
SIM1
SIM2
SIM3
SIM4
1
21
22
SIM5
SIM1
SIM2
SIM3
SIM4
1
21
22
SIM5
SIM1
SIM2
SIM3
SIM4
1
21
22
SIM5
SIM1
SIM2
SIM3
SIM4
1
21
22
SIM5
SIM1
SIM2
SIM3
SIM4
1
21
22
SIM5
SIM1
SIM2
SIM3
SIM4
1
21
22
SIM5
SIM1
SIM2
SIM3
SIM4
1
21
22
SIM5
SIM1
SIM2
SIM3
SIM4
1
21
22
SIM5
SIM1
SIM2
SIM3
SIM4
1
21
22
SIM5
SIM1
SIM2
SIM3
SIM4
1
21
22
SIM5
SIM1
SIM2
SIM3
SIM4
1
21
22
SIM5
SIM1
SIM2
SIM3
SIM4
1
21
22
SIM5
SIM1
SIM2
SIM3
SIM4
1
21
22
SIM5
SIM1
SIM2
SIM3
SIM4
1
21
22
SIM5
SIM1
SIM2
SIM3
SIM4
1
21
22
SIM5
SIM1
SIM2
SIM3
SIM4
1
21
22
SIM5
SIM1
SIM2
SIM3
SIM4
1
21
22
SIM5
SIM1
SIM2
SIM3
SIM4
1
21
22
SIM5
SIM1
SIM2
SIM3
SIM4
1
21
22
SIM5
SIM1
SIM2
SIM3
SIM4
1
21
22
SIM5
SIM1
SIM2
SIM3
SIM4
1
21
22
SIM5
SIM1
SIM2
SIM3
SIM4
1
21
22
SIM5
SIM1
SIM2
SIM3
SIM4
1
21
22
SIM5
SIM1
SIM2
SIM3
SIM4
1
21
22
SIM5
SIM1
SIM2
SIM3
SIM4
1
21
22
SIM5
SIM1
SIM2
SIM3
SIM4
1
21
22
SIM5
SIM1
SIM2
SIM3
SIM4
1
21
22
SIM5
SIM1
SIM2
SIM3
SIM4
1
21
22
SIM5
SIM1
SIM2
SIM3
SIM4
1
21
22
SIM5
SIM1
SIM2
SIM3
SIM4
1
21
22
SIM5
SIM1
SIM2
SIM3
SIM4
1
21
22
SIM5
SIM1
SIM2
SIM3
SIM4
1
21
22
SIM5
SIM1
SIM2
SIM3
SIM4
1
21
22
SIM5
SIM1
SIM2
SIM3
SIM4
1
21
22
SIM5
SIM1
SIM2
SIM3
SIM4
1
21
22
SIM5
SIM1
SIM2
SIM3
SIM4
1
21
22
SIM5
SIM1
SIM2
SIM3
SIM4
1
21
22
SIM5
SIM1
SIM2
SIM3
SIM4
1
21
22
SIM5
SIM1
SIM2
SIM3
SIM4
1
21
22
SIM5
SIM1
SIM2
SIM3
SIM4
1
21
22
SIM5
SIM1
SIM2
SIM3
SIM4
1
21
22
SIM5
SIM1
SIM2
SIM3
SIM4
1
21
22
SIM5
SIM1
SIM2
SIM3
SIM4
1
21
22
SIM5
SIM1
SIM2
SIM3
SIM4
1
21
22
SIM5
SIM1
SIM2
SIM3
SIM4
1
21
22
SIM5
SIM1
SIM2
SIM3
SIM4
1
21
22
SIM5
SIM1
SIM2
SIM3
SIM4
1
21
22
SIM5
SIM1
SIM2
SIM3
SIM4
1
21
22
SIM5
SIM1
SIM2
SIM3
SIM4
1
21
22
SIM5
SIM1
SIM2
SIM3
SIM4
1
21
22
SIM5
SIM1
SIM2
SIM3
SIM4
1
21
22
SIM5
SIM1
SIM2
SIM3
SIM4
1
21
22
SIM5
SIM1
SIM2
SIM3
SIM4
1
21
22
SIM5
SIM1
SIM2
SIM3
SIM4
1
21
22
SIM5
SIM1
SIM2
SIM3
SIM4
1
21
22
SIM5
SIM1
SIM2
SIM3
SIM4
1
21
22
SIM5
SIM1
SIM2
SIM3
SIM4
1
21
22
SIM5
SIM1
SIM2
SIM3
SIM4
1
21
22
SIM5
SIM1
SIM2
SIM3
SIM4
1
21
22
SIM5
SIM1
SIM2
SIM3
SIM4
1
21
22
SIM5
SIM1
SIM2
SIM3
SIM4
1
21
22
SIM5
SIM1
SIM2
SIM3
SIM4
1
21
22
SIM5
SIM1
SIM2
SIM3
SIM4
1
21
22
SIM5
SIM1
SIM2
SIM3
SIM4
1
21
22
SIM5
SIM1
SIM2
SIM3
SIM4
1
21
22
SIM5
SIM1
SIM2
SIM3
SIM4
1
21
22
SIM5
SIM1
SIM2
SIM3
SIM4
1
21
22
SIM5
SIM1
SIM2
SIM3
SIM4
1
21
22
SIM5
SIM1
SIM2
SIM3
SIM4
1
21
22
SIM5
SIM1
SIM2
SIM3
SIM4
1
21
22
SIM5
SIM1
SIM2
SIM3
SIM4
1
21
22
SIM5
SIM1
SIM2
SIM3
SIM4
1
21
22
SIM5
SIM1
SIM2
SIM3
SIM4
1
21
22
SIM5
SIM1
SIM2
SIM3
SIM4
1
21
22
SIM5
SIM1
SIM2
SIM3
SIM4
1
21
22
SIM5
SIM1
SIM2
SIM3
SIM4
1
21
22
SIM5
SIM1
SIM2
SIM3
SIM4
1
21
22
SIM5
SIM1
SIM2
SIM3
SIM4
1
21
22
SIM5
SIM1
SIM2
SIM3
SIM4
1
21
22
SIM5
SIM1
SIM2
SIM3
SIM4
1
21
22
SIM5
SIM1
SIM2
SIM3
SIM4
1
21
22
SIM5
SIM1
SIM2
SIM3
SIM4
1
21
22
SIM5
SIM1
SIM2
SIM3
SIM4
1
21
22
SIM5
SIM1
SIM2
SIM3
SIM4
1
21
22
SIM5
SIM1
SIM2
SIM3
SIM4
1
21
22
SIM5
SIM1
SIM2
SIM3
SIM4
1
21
22
SIM5
SIM1
SIM2
SIM3
SIM4
1
21
22
SIM5
SIM1
SIM2
SIM3
SIM4
1
21
22
SIM5
SIM1
SIM2
SIM3
SIM4
1
21
22
SIM5
SIM1
SIM2
SIM3
SIM4
1
21
22
SIM5
SIM1
SIM2
SIM3
SIM4
1
21
22
SIM5
SIM1
SIM2
SIM3
SIM4
1
21
22
SIM5
SIM1
SIM2
SIM3
SIM4
1
21
22
SIM5
SIM1
SIM2
SIM3
SIM4
1
21
22
SIM5
SIM1
SIM2
SIM3
SIM4
1
21
22
SIM5
SIM1
SIM2
SIM3
SIM4
1
21
22
SIM5
SIM1
SIM2
SIM3
SIM4
1
21
22
SIM5
SIM1
SIM2
SIM3
SIM4
1
21
22
SIM5
SIM1
SIM2
SIM3
SIM4
1
21
22
SIM5
SIM1
SIM2
SIM3
SIM4
1
21
22
SIM5
SIM1
SIM2
SIM3
SIM4
1
21
22
SIM5
SIM1
SIM2
SIM3
SIM4
1
21
22
SIM5
SIM1
SIM2
SIM3
SIM4
1
21
22
SIM5
SIM1
SIM2
SIM3
SIM4
1
21
22
SIM5
SIM1
SIM2
SIM3
SIM4
1
21
22
SIM5
SIM1
SIM2
SIM3
SIM4
1
21
22
SIM5
SIM1
SIM2
SIM3
SIM4
1
21
22
SIM5
SIM1
SIM2
SIM3
SIM4
1
21
22
SIM5
SIM1
SIM2
SIM3
SIM4
1
21
22
SIM5
SIM1
SIM2
SIM3
SIM4
1
21
22
SIM5
SIM1
SIM2
SIM3
SIM4
1
21
22
SIM5
SIM1
SIM2
SIM3
SIM4
1
21
22
SIM5
SIM1
SIM2
SIM3
SIM4
1
21
22
SIM5
SIM1
SIM2
SIM3
SIM4
1
21
22
SIM5
SIM1
SIM2
SIM3
SIM4
1
21
22
SIM5
SIM1
SIM2
SIM3
SIM4
1
21
22
SIM5
SIM1
SIM2
SIM3
SIM4
1
21
22
SIM5
SIM1
SIM2
SIM3
SIM4
1
21
22
SIM5
SIM1
SIM2
SIM3
SIM4
1
21
22
SIM5
SIM1
SIM2
SIM3
SIM4
1
21
22
SIM5
SIM1
SIM2
SIM3
SIM4
1
21
22
SIM5
SIM1
SIM2
SIM3
SIM4
1
21
22
SIM5
SIM1
SIM2
SIM3
SIM4
1
21
22
SIM5
SIM1
SIM2
SIM3
SIM4
1
21
22
SIM5
SIM1
SIM2
SIM3
SIM4
1
21
22
SIM5
SIM1
SIM2
SIM3
SIM4
1
21
22
SIM5
SIM1
SIM2
SIM3
SIM4
1
21
22
SIM5
SIM1
SIM2
SIM3
SIM4
1
21
22
SIM5
SIM1
SIM2
SIM3
SIM4
1
21
22
SIM5
SIM1
SIM2
SIM3
SIM4
1
21
22
SIM5
SIM1
SIM2
SIM3
SIM4
1
21
22
SIM5
SIM1
SIM2
SIM3
SIM4
1
21
22
SIM5
SIM1
SIM2
SIM3
SIM4
1
21
22
SIM5
SIM1
SIM2
SIM3
SIM4
1
21
22
SIM5
SIM1
SIM2
SIM3
SIM4
1
21
22
SIM5
SIM1
SIM2
SIM3
SIM4
1
21
22
SIM5
SIM1
SIM2
SIM3
SIM4
1
21
22
SIM5
SIM1
SIM2
SIM3
SIM4
1
21
22
SIM5
SIM1
SIM2
SIM3
SIM4
1
21
22
SIM5
SIM1
SIM2
SIM3
SIM4
1
21
22
SIM5
SIM1
SIM2
SIM3
SIM4
1
21
22
SIM5
SIM1
SIM2
SIM3
SIM4
1
21
22
SIM5
SIM1
SIM2
SIM3
SIM4
1
21
22
SIM5
SIM1
SIM2
SIM3
SIM4
1
21
22
SIM5
SIM1
SIM2
SIM3
SIM4
1
21
22
SIM5
SIM1
SIM2
SIM3
SIM4
1
21
22
SIM5
SIM1
SIM2
SIM3
SIM4
1
21
22
SIM5
SIM1
SIM2
SIM3
SIM4
1
21
22
SIM5
SIM1
SIM2
SIM3
SIM4
1
21
22
SIM5
SIM1
SIM2
SIM3
SIM4
1
21
22
SIM5
SIM1
SIM2
SIM3
SIM4
1
21
22
SIM5
SIM1
SIM2
SIM3
SIM4
1
21
22
SIM5
SIM1
SIM2
SIM3
SIM4
1
21
22
SIM5
SIM1
SIM2
SIM3
SIM4
1
21
22
SIM5
SIM1
SIM2
SIM3
SIM4
1
21
22
SIM5
SIM1
SIM2
SIM3
SIM4
1
21
22
SIM5
SIM1
SIM2
SIM3
SIM4
1
21
22
SIM5
SIM1
SIM2
SIM3
SIM4
1
21
22
SIM5
SIM1
SIM2
SIM3
SIM4
1
21
22
SIM5
SIM1
SIM2
SIM3
SIM4
1
21
22
SIM5
SIM1
SIM2
SIM3
SIM4
1
21
22
SIM5
SIM1
SIM2
SIM3
SIM4
1
21
22
SIM5
SIM1
SIM2
SIM3
SIM4
1
21
22
SIM5
SIM1
SIM2
SIM3
SIM4
1
21
22
SIM5
SIM1
SIM2
SIM3
SIM4
1
21
22
SIM5
SIM1
SIM2
SIM3
SIM4
1
21
22
SIM5
SIM1
SIM2
SIM3
SIM4
1
21
22
SIM5
SIM1
SIM2
SIM3
SIM4
1
21
22
SIM5
SIM1
SIM2
SIM3
SIM4
1
21
22
SIM5
SIM1
SIM2
SIM3
SIM4
1
21
22
SIM5
SIM1
SIM2
SIM3
SIM4
1
21
22
SIM5
SIM1
SIM2
SIM3
SIM4
1
21
22
SIM5
SIM1
SIM2
SIM3
SIM4
1
21
22
SIM5
SIM1
SIM2
SIM3
SIM4
1
21
22
SIM5
SIM1
SIM2
SIM3
SIM4
1
21
22
SIM5
SIM1
SIM2
SIM3
SIM4
1
21
22
SIM5
SIM1
SIM2
SIM3
SIM4
1
21
22
SIM5
SIM1
SIM2
SIM3
SIM4
1
21
22
SIM5
SIM1
SIM2
SIM3
SIM4
1
21
22
SIM5
SIM1
SIM2
SIM3
SIM4
1
21
22
SIM5
SIM1
SIM2
SIM3
SIM4
1
21
22
SIM5
SIM1
SIM2
DEBUG 1 368
SIM1
SIM2
SIM3
SIM4
1
21
22
SIM5
SIM1
SIM2
SIM3
SIM4
1
21
22
SIM5
SIM1
SIM2
SIM3
SIM4
1
21
22
SIM5
SIM1
SIM2
SIM3
SIM4
1
21
22
SIM5
SIM1
SIM2
SIM3
SIM4
1
21
22
SIM5
SIM1
SIM2
SIM3
SIM4
1
21
22
SIM5
SIM1
SIM2
SIM3
SIM4
1
21
22
SIM5
SIM1
SIM2
SIM3
SIM4
1
21
22
SIM5
SIM1
SIM2
SIM3
SIM4
1
21
22
SIM5
SIM1
SIM2
SIM3
SIM4
1
21
22
SIM5
SIM1
SIM2
SIM3
SIM4
1
21
22
SIM5
SIM1
SIM2
SIM3
SIM4
1
21
22
SIM5
SIM1
SIM2
SIM3
SIM4
1
21
22
SIM5
SIM1
SIM2
SIM3
SIM4
1
21
22
SIM5
SIM1
SIM2
SIM3
SIM4
1
21
22
SIM5
SIM1
SIM2
SIM3
SIM4
1
21
22
SIM5
SIM1
SIM2
SIM3
SIM4
1
21
22
SIM5
SIM1
SIM2
SIM3
SIM4
1
21
22
SIM5
SIM1
SIM2
SIM3
SIM4
1
21
22
SIM5
SIM1
SIM2
SIM3
SIM4
1
21
22
SIM5
SIM1
SIM2
SIM3
SIM4
1
21
22
SIM5
SIM1
SIM2
SIM3
SIM4
1
21
22
SIM5
SIM1
SIM2
SIM3
SIM4
1
21
22
SIM5
SIM1
SIM2
SIM3
SIM4
1
21
22
SIM5
SIM1
SIM2
SIM3
SIM4
1
21
22
SIM5
SIM1
SIM2
SIM3
SIM4
1
21
22
SIM5
SIM1
SIM2
SIM3
SIM4
1
21
22
SIM5
SIM1
SIM2
SIM3
SIM4
1
21
22
SIM5
SIM1
SIM2
SIM3
SIM4
1
21
22
SIM5
SIM1
SIM2
SIM3
SIM4
1
21
22
SIM5
SIM1
SIM2
SIM3
SIM4
1
21
22
SIM5
SIM1
SIM2
SIM3
SIM4
1
21
22
SIM5
SIM1
SIM2
SIM3
SIM4
1
21
22
SIM5
SIM1
SIM2
SIM3
SIM4
1
21
22
SIM5
SIM1
SIM2
SIM3
SIM4
1
21
22
SIM5
SIM1
SIM2
SIM3
SIM4
1
21
22
SIM5
SIM1
SIM2
SIM3
SIM4
1
21
22
SIM5
SIM1
SIM2
SIM3
SIM4
1
21
22
SIM5
SIM1
SIM2
SIM3
SIM4
1
21
22
SIM5
SIM1
SIM2
SIM3
SIM4
1
21
22
SIM5
SIM1
SIM2
SIM3
SIM4
1
21
22
SIM5
SIM1
SIM2
SIM3
SIM4
1
21
22
SIM5
SIM1
SIM2
SIM3
SIM4
1
21
22
SIM5
SIM1
SIM2
SIM3
SIM4
1
21
22
SIM5
SIM1
SIM2
SIM3
SIM4
1
21
22
SIM5
SIM1
SIM2
SIM3
SIM4
1
21
22
SIM5
SIM1
SIM2
SIM3
SIM4
1
21
22
SIM5
SIM1
SIM2
SIM3
SIM4
1
21
22
SIM5
SIM1
SIM2
SIM3
SIM4
1
21
22
SIM5
SIM1
SIM2
SIM3
SIM4
1
21
22
SIM5
SIM1
SIM2
SIM3
SIM4
1
21
22
SIM5
SIM1
SIM2
SIM3
SIM4
1
21
22
SIM5
SIM1
SIM2
SIM3
SIM4
1
21
22
SIM5
SIM1
SIM2
SIM3
SIM4
1
21
22
SIM5
SIM1
SIM2
SIM3
SIM4
1
21
22
SIM5
SIM1
SIM2
SIM3
SIM4
1
21
22
SIM5
SIM1
SIM2
SIM3
SIM4
1
21
22
SIM5
SIM1
SIM2
SIM3
SIM4
1
21
22
SIM5
SIM1
SIM2
SIM3
SIM4
1
21
22
SIM5
SIM1
SIM2
SIM3
SIM4
1
21
22
SIM5
SIM1
SIM2
SIM3
SIM4
1
21
22
SIM5
SIM1
SIM2
SIM3
SIM4
1
21
22
SIM5
SIM1
SIM2
SIM3
SIM4
1
21
22
SIM5
SIM1
SIM2
SIM3
SIM4
1
21
22
SIM5
SIM1
SIM2
SIM3
SIM4
1
21
22
SIM5
SIM1
SIM2
SIM3
SIM4
1
21
22
SIM5
SIM1
SIM2
SIM3
SIM4
1
21
22
SIM5
SIM1
SIM2
SIM3
SIM4
1
21
22
SIM5
SIM1
SIM2
SIM3
SIM4
1
21
22
SIM5
SIM1
SIM2
SIM3
SIM4
1
21
22
SIM5
SIM1
SIM2
SIM3
SIM4
1
21
22
SIM5
SIM1
SIM2
SIM3
SIM4
1
21
22
SIM5
SIM1
SIM2
SIM3
SIM4
1
21
22
SIM5
SIM1
SIM2
SIM3
SIM4
1
21
22
SIM5
SIM1
SIM2
SIM3
SIM4
1
21
22
SIM5
SIM1
SIM2
SIM3
SIM4
1
21
22
SIM5
SIM1
SIM2
SIM3
SIM4
1
21
22
SIM5
SIM1
SIM2
SIM3
SIM4
1
21
22
SIM5
SIM1
SIM2
SIM3
SIM4
1
21
22
SIM5
SIM1
SIM2
SIM3
SIM4
1
21
22
SIM5
SIM1
SIM2
SIM3
SIM4
1
21
22
SIM5
SIM1
SIM2
SIM3
SIM4
1
21
22
SIM5
SIM1
SIM2
SIM3
SIM4
1
21
22
SIM5
SIM1
SIM2
SIM3
SIM4
1
21
22
SIM5
SIM1
SIM2
SIM3
SIM4
1
21
22
SIM5
SIM1
SIM2
SIM3
SIM4
1
21
22
SIM5
SIM1
SIM2
SIM3
SIM4
1
21
22
SIM5
SIM1
SIM2
SIM3
SIM4
1
21
22
SIM5
SIM1
SIM2
SIM3
SIM4
1
21
22
SIM5
SIM1
SIM2
SIM3
SIM4
1
21
22
SIM5
SIM1
SIM2
SIM3
SIM4
1
21
22
SIM5
SIM1
SIM2
SIM3
SIM4
1
21
22
SIM5
SIM1
SIM2
SIM3
SIM4
1
21
22
SIM5
SIM1
SIM2
SIM3
SIM4
1
21
22
SIM5
SIM1
SIM2
SIM3
SIM4
1
21
22
SIM5
SIM1
SIM2
SIM3
SIM4
1
21
22
SIM5
SIM1
SIM2
SIM3
SIM4
1
21
22
SIM5
SIM1
SIM2
SIM3
SIM4
1
21
22
SIM5
SIM1
SIM2
SIM3
SIM4
1
21
22
SIM5
SIM1
SIM2
SIM3
SIM4
1
21
22
SIM5
SIM1
SIM2
SIM3
SIM4
1
21
22
SIM5
SIM1
SIM2
SIM3
SIM4
1
21
22
SIM5
SIM1
SIM2
SIM3
SIM4
1
21
22
SIM5
SIM1
SIM2
SIM3
SIM4
1
21
22
SIM5
SIM1
SIM2
SIM3
SIM4
1
21
22
SIM5
SIM1
SIM2
SIM3
SIM4
1
21
22
SIM5
SIM1
SIM2
SIM3
SIM4
1
21
22
SIM5
SIM1
SIM2
SIM3
SIM4
1
21
22
SIM5
SIM1
SIM2
SIM3
SIM4
1
21
22
SIM5
SIM1
SIM2
SIM3
SIM4
1
21
22
SIM5
SIM1
SIM2
SIM3
SIM4
1
21
22
SIM5
SIM1
SIM2
SIM3
SIM4
1
21
22
SIM5
SIM1
SIM2
SIM3
SIM4
1
21
22
SIM5
SIM1
SIM2
SIM3
SIM4
1
21
22
SIM5
SIM1
SIM2
SIM3
SIM4
1
21
22
SIM5
SIM1
SIM2
SIM3
SIM4
1
21
22
SIM5
SIM1
SIM2
SIM3
SIM4
1
21
22
SIM5
SIM1
SIM2
SIM3
SIM4
1
21
22
SIM5
SIM1
SIM2
SIM3
SIM4
1
21
22
SIM5
SIM1
SIM2
SIM3
SIM4
1
21
22
SIM5
SIM1
SIM2
SIM3
SIM4
1
21
22
SIM5
SIM1
SIM2
SIM3
SIM4
1
21
22
SIM5
SIM1
SIM2
SIM3
SIM4
1
21
22
SIM5
SIM1
SIM2
SIM3
SIM4
1
21
22
SIM5
SIM1
SIM2
SIM3
SIM4
1
21
22
SIM5
SIM1
SIM2
SIM3
SIM4
1
21
22
SIM5
SIM1
SIM2
SIM3
SIM4
1
21
22
SIM5
SIM1
SIM2
SIM3
SIM4
1
21
22
SIM5
SIM1
SIM2
SIM3
SIM4
1
21
22
SIM5
SIM1
SIM2
SIM3
SIM4
1
21
22
SIM5
SIM1
SIM2
SIM3
SIM4
1
21
22
SIM5
SIM1
SIM2
SIM3
SIM4
1
21
22
SIM5
SIM1
SIM2
SIM3
SIM4
1
21
22
SIM5
SIM1
SIM2
SIM3
SIM4
1
21
22
SIM5
SIM1
SIM2
SIM3
SIM4
1
21
22
SIM5
SIM1
SIM2
SIM3
SIM4
1
21
22
SIM5
SIM1
SIM2
SIM3
SIM4
1
21
22
SIM5
SIM1
SIM2
SIM3
SIM4
1
21
22
SIM5
SIM1
SIM2
SIM3
SIM4
1
21
22
SIM5
SIM1
SIM2
SIM3
SIM4
1
21
22
SIM5
SIM1
SIM2
SIM3
SIM4
1
21
22
SIM5
SIM1
SIM2
SIM3
SIM4
1
21
22
SIM5
SIM1
SIM2
SIM3
SIM4
1
21
22
SIM5
SIM1
SIM2
SIM3
SIM4
1
21
22
SIM5
SIM1
SIM2
SIM3
SIM4
1
21
22
SIM5
SIM1
SIM2
SIM3
SIM4
1
21
22
SIM5
SIM1
SIM2
SIM3
SIM4
1
21
22
SIM5
SIM1
SIM2
SIM3
SIM4
1
21
22
SIM5
SIM1
SIM2
SIM3
SIM4
1
21
22
SIM5
SIM1
SIM2
SIM3
SIM4
1
21
22
SIM5
SIM1
SIM2
SIM3
SIM4
1
21
22
SIM5
SIM1
SIM2
SIM3
SIM4
1
21
22
SIM5
SIM1
SIM2
SIM3
SIM4
1
21
22
SIM5
SIM1
SIM2
SIM3
SIM4
1
21
22
SIM5
SIM1
SIM2
SIM3
SIM4
1
21
22
SIM5
SIM1
SIM2
SIM3
SIM4
1
21
22
SIM5
SIM1
SIM2
SIM3
SIM4
1
21
22
SIM5
SIM1
SIM2
SIM3
SIM4
1
21
22
SIM5
SIM1
SIM2
SIM3
SIM4
1
21
22
SIM5
SIM1
SIM2
SIM3
SIM4
1
21
22
SIM5
SIM1
SIM2
SIM3
SIM4
1
21
22
SIM5
SIM1
SIM2
SIM3
SIM4
1
21
22
SIM5
SIM1
SIM2
SIM3
SIM4
1
21
22
SIM5
SIM1
SIM2
SIM3
SIM4
1
21
22
SIM5
SIM1
SIM2
SIM3
SIM4
1
21
22
SIM5
SIM1
SIM2
SIM3
SIM4
1
21
22
SIM5
SIM1
SIM2
DEBUG 1 369
SIM1
SIM2
SIM3
SIM4
1
21
22
SIM5
SIM1
SIM2
SIM3
SIM4
1
21
22
SIM5
SIM1
SIM2
SIM3
SIM4
1
21
22
SIM5
SIM1
SIM2
SIM3
SIM4
1
21
22
SIM5
SIM1
SIM2
SIM3
SIM4
1
21
22
SIM5
SIM1
SIM2
SIM3
SIM4
1
21
22
SIM5
SIM1
SIM2
SIM3
SIM4
1
21
22
SIM5
SIM1
SIM2
SIM3
SIM4
1
21
22
SIM5
SIM1
SIM2
SIM3
SIM4
1
21
22
SIM5
SIM1
SIM2
SIM3
SIM4
1
21
22
SIM5
SIM1
SIM2
SIM3
SIM4
1
21
22
SIM5
SIM1
SIM2
SIM3
SIM4
1
21
22
SIM5
SIM1
SIM2
SIM3
SIM4
1
21
22
SIM5
SIM1
SIM2
SIM3
SIM4
1
21
22
SIM5
SIM1
SIM2
SIM3
SIM4
1
21
22
SIM5
SIM1
SIM2
SIM3
SIM4
1
21
22
SIM5
SIM1
SIM2
SIM3
SIM4
1
21
22
SIM5
SIM1
SIM2
SIM3
SIM4
1
21
22
SIM5
SIM1
SIM2
SIM3
SIM4
1
21
22
SIM5
SIM1
SIM2
SIM3
SIM4
1
21
22
SIM5
SIM1
SIM2
SIM3
SIM4
1
21
22
SIM5
SIM1
SIM2
SIM3
SIM4
1
21
22
SIM5
SIM1
SIM2
SIM3
SIM4
1
21
22
SIM5
SIM1
SIM2
SIM3
SIM4
1
21
22
SIM5
SIM1
SIM2
SIM3
SIM4
1
21
22
SIM5
SIM1
SIM2
SIM3
SIM4
1
21
22
SIM5
SIM1
SIM2
SIM3
SIM4
1
21
22
SIM5
SIM1
SIM2
SIM3
SIM4
1
21
22
SIM5
SIM1
SIM2
SIM3
SIM4
1
21
22
SIM5
SIM1
SIM2
SIM3
SIM4
1
21
22
SIM5
SIM1
SIM2
SIM3
SIM4
1
21
22
SIM5
SIM1
SIM2
SIM3
SIM4
1
21
22
SIM5
SIM1
SIM2
SIM3
SIM4
1
21
22
SIM5
SIM1
SIM2
SIM3
SIM4
1
21
22
SIM5
SIM1
SIM2
SIM3
SIM4
1
21
22
SIM5
SIM1
SIM2
SIM3
SIM4
1
21
22
SIM5
SIM1
SIM2
SIM3
SIM4
1
21
22
SIM5
SIM1
SIM2
SIM3
SIM4
1
21
22
SIM5
SIM1
SIM2
SIM3
SIM4
1
21
22
SIM5
SIM1
SIM2
SIM3
SIM4
1
21
22
SIM5
SIM1
SIM2
SIM3
SIM4
1
21
22
SIM5
SIM1
SIM2
SIM3
SIM4
1
21
22
SIM5
SIM1
SIM2
SIM3
SIM4
1
21
22
SIM5
SIM1
SIM2
SIM3
SIM4
1
21
22
SIM5
SIM1
SIM2
SIM3
SIM4
1
21
22
SIM5
SIM1
SIM2
SIM3
SIM4
1
21
22
SIM5
SIM1
SIM2
SIM3
SIM4
1
21
22
SIM5
SIM1
SIM2
SIM3
SIM4
1
21
22
SIM5
SIM1
SIM2
SIM3
SIM4
1
21
22
SIM5
SIM1
SIM2
SIM3
SIM4
1
21
22
SIM5
SIM1
SIM2
SIM3
SIM4
1
21
22
SIM5
SIM1
SIM2
SIM3
SIM4
1
21
22
SIM5
SIM1
SIM2
SIM3
SIM4
1
21
22
SIM5
SIM1
SIM2
SIM3
SIM4
1
21
22
SIM5
SIM1
SIM2
SIM3
SIM4
1
21
22
SIM5
SIM1
SIM2
SIM3
SIM4
1
21
22
SIM5
SIM1
SIM2
SIM3
SIM4
1
21
22
SIM5
SIM1
SIM2
SIM3
SIM4
1
21
22
SIM5
SIM1
SIM2
SIM3
SIM4
1
21
22
SIM5
SIM1
SIM2
SIM3
SIM4
1
21
22
SIM5
SIM1
SIM2
SIM3
SIM4
1
21
22
SIM5
SIM1
SIM2
SIM3
SIM4
1
21
22
SIM5
SIM1
SIM2
SIM3
SIM4
1
21
22
SIM5
SIM1
SIM2
SIM3
SIM4
1
21
22
SIM5
SIM1
SIM2
SIM3
SIM4
1
21
22
SIM5
SIM1
SIM2
SIM3
SIM4
1
21
22
SIM5
SIM1
SIM2
SIM3
SIM4
1
21
22
SIM5
SIM1
SIM2
SIM3
SIM4
1
21
22
SIM5
SIM1
SIM2
SIM3
SIM4
1
21
22
SIM5
SIM1
SIM2
SIM3
SIM4
1
21
22
SIM5
SIM1
SIM2
SIM3
SIM4
1
21
22
SIM5
SIM1
SIM2
SIM3
SIM4
1
21
22
SIM5
SIM1
SIM2
SIM3
SIM4
1
21
22
SIM5
SIM1
SIM2
SIM3
SIM4
1
21
22
SIM5
SIM1
SIM2
SIM3
SIM4
1
21
22
SIM5
SIM1
SIM2
SIM3
SIM4
1
21
22
SIM5
SIM1
SIM2
SIM3
SIM4
1
21
22
SIM5
SIM1
SIM2
SIM3
SIM4
1
21
22
SIM5
SIM1
SIM2
SIM3
SIM4
1
21
22
SIM5
SIM1
SIM2
SIM3
SIM4
1
21
22
SIM5
SIM1
SIM2
SIM3
SIM4
1
21
22
SIM5
SIM1
SIM2
SIM3
SIM4
1
21
22
SIM5
SIM1
SIM2
SIM3
SIM4
1
21
22
SIM5
SIM1
SIM2
SIM3
SIM4
1
21
22
SIM5
SIM1
SIM2
SIM3
SIM4
1
21
22
SIM5
SIM1
SIM2
SIM3
SIM4
1
21
22
SIM5
SIM1
SIM2
SIM3
SIM4
1
21
22
SIM5
SIM1
SIM2
SIM3
SIM4
1
21
22
SIM5
SIM1
SIM2
SIM3
SIM4
1
21
22
SIM5
SIM1
SIM2
SIM3
SIM4
1
21
22
SIM5
SIM1
SIM2
SIM3
SIM4
1
21
22
SIM5
SIM1
SIM2
SIM3
SIM4
1
21
22
SIM5
SIM1
SIM2
SIM3
SIM4
1
21
22
SIM5
SIM1
SIM2
SIM3
SIM4
1
21
22
SIM5
SIM1
SIM2
SIM3
SIM4
1
21
22
SIM5
SIM1
SIM2
SIM3
SIM4
1
21
22
SIM5
SIM1
SIM2
SIM3
SIM4
1
21
22
SIM5
SIM1
SIM2
SIM3
SIM4
1
21
22
SIM5
SIM1
SIM2
SIM3
SIM4
1
21
22
SIM5
SIM1
SIM2
SIM3
SIM4
1
21
22
SIM5
SIM1
SIM2
SIM3
SIM4
1
21
22
SIM5
SIM1
SIM2
SIM3
SIM4
1
21
22
SIM5
SIM1
SIM2
SIM3
SIM4
1
21
22
SIM5
SIM1
SIM2
SIM3
SIM4
1
21
22
SIM5
SIM1
SIM2
SIM3
SIM4
1
21
22
SIM5
SIM1
SIM2
SIM3
SIM4
1
21
22
SIM5
SIM1
SIM2
SIM3
SIM4
1
21
22
SIM5
SIM1
SIM2
SIM3
SIM4
1
21
22
SIM5
SIM1
SIM2
SIM3
SIM4
1
21
22
SIM5
SIM1
SIM2
SIM3
SIM4
1
21
22
SIM5
SIM1
SIM2
SIM3
SIM4
1
21
22
SIM5
SIM1
SIM2
SIM3
SIM4
1
21
22
SIM5
SIM1
SIM2
SIM3
SIM4
1
21
22
SIM5
SIM1
SIM2
SIM3
SIM4
1
21
22
SIM5
SIM1
SIM2
SIM3
SIM4
1
21
22
SIM5
SIM1
SIM2
SIM3
SIM4
1
21
22
SIM5
SIM1
SIM2
SIM3
SIM4
1
21
22
SIM5
SIM1
SIM2
SIM3
SIM4
1
21
22
SIM5
SIM1
SIM2
SIM3
SIM4
1
21
22
SIM5
SIM1
SIM2
SIM3
SIM4
1
21
22
SIM5
SIM1
SIM2
SIM3
SIM4
1
21
22
SIM5
SIM1
SIM2
SIM3
SIM4
1
21
22
SIM5
SIM1
SIM2
SIM3
SIM4
1
21
22
SIM5
SIM1
SIM2
SIM3
SIM4
1
21
22
SIM5
SIM1
SIM2
SIM3
SIM4
1
21
22
SIM5
SIM1
SIM2
SIM3
SIM4
1
21
22
SIM5
SIM1
SIM2
SIM3
SIM4
1
21
22
SIM5
SIM1
SIM2
SIM3
SIM4
1
21
22
SIM5
SIM1
SIM2
SIM3
SIM4
1
21
22
SIM5
SIM1
SIM2
SIM3
SIM4
1
21
22
SIM5
SIM1
SIM2
SIM3
SIM4
1
21
22
SIM5
SIM1
SIM2
SIM3
SIM4
1
21
22
SIM5
SIM1
SIM2
DEBUG 1 370
SIM1
SIM2
SIM3
SIM4
1
21
22
SIM5
SIM1
SIM2
SIM3
SIM4
1
21
22
SIM5
SIM1
SIM2
SIM3
SIM4
1
21
22
SIM5
SIM1
SIM2
SIM3
SIM4
1
21
22
SIM5
SIM1
SIM2
SIM3
SIM4
1
21
22
SIM5
SIM1
SIM2
SIM3
SIM4
1
21
22
SIM5
SIM1
SIM2
SIM3
SIM4
1
21
22
SIM5
SIM1
SIM2
SIM3
SIM4
1
21
22
SIM5
SIM1
SIM2
SIM3
SIM4
1
21
22
SIM5
SIM1
SIM2
SIM3
SIM4
1
21
22
SIM5
SIM1
SIM2
SIM3
SIM4
1
21
22
SIM5
SIM1
SIM2
SIM3
SIM4
1
21
22
SIM5
SIM1
SIM2
SIM3
SIM4
1
21
22
SIM5
SIM1
SIM2
SIM3
SIM4
1
21
22
SIM5
SIM1
SIM2
SIM3
SIM4
1
21
22
SIM5
SIM1
SIM2
SIM3
SIM4
1
21
22
SIM5
SIM1
SIM2
SIM3
SIM4
1
21
22
SIM5
SIM1
SIM2
SIM3
SIM4
1
21
22
SIM5
SIM1
SIM2
SIM3
SIM4
1
21
22
SIM5
SIM1
SIM2
SIM3
SIM4
1
21
22
SIM5
SIM1
SIM2
SIM3
SIM4
1
21
22
SIM5
SIM1
SIM2
SIM3
SIM4
1
21
22
SIM5
SIM1
SIM2
SIM3
SIM4
1
21
22
SIM5
SIM1
SIM2
SIM3
SIM4
1
21
22
SIM5
SIM1
SIM2
SIM3
SIM4
1
21
22
SIM5
SIM1
SIM2
SIM3
SIM4
1
21
22
SIM5
SIM1
SIM2
SIM3
SIM4
1
21
22
SIM5
SIM1
SIM2
SIM3
SIM4
1
21
22
SIM5
SIM1
SIM2
SIM3
SIM4
1
21
22
SIM5
SIM1
SIM2
SIM3
SIM4
1
21
22
SIM5
SIM1
SIM2
SIM3
SIM4
1
21
22
SIM5
SIM1
SIM2
SIM3
SIM4
1
21
22
SIM5
SIM1
SIM2
SIM3
SIM4
1
21
22
SIM5
SIM1
SIM2
SIM3
SIM4
1
21
22
SIM5
SIM1
SIM2
SIM3
SIM4
1
21
22
SIM5
SIM1
SIM2
SIM3
SIM4
1
21
22
SIM5
SIM1
SIM2
SIM3
SIM4
1
21
22
SIM5
SIM1
SIM2
SIM3
SIM4
1
21
22
SIM5
SIM1
SIM2
SIM3
SIM4
1
21
22
SIM5
SIM1
SIM2
SIM3
SIM4
1
21
22
SIM5
SIM1
SIM2
SIM3
SIM4
1
21
22
SIM5
SIM1
SIM2
SIM3
SIM4
1
21
22
SIM5
SIM1
SIM2
SIM3
SIM4
1
21
22
SIM5
SIM1
SIM2
SIM3
SIM4
1
21
22
SIM5
SIM1
SIM2
SIM3
SIM4
1
21
22
SIM5
SIM1
SIM2
SIM3
SIM4
1
21
22
SIM5
SIM1
SIM2
SIM3
SIM4
1
21
22
SIM5
SIM1
SIM2
SIM3
SIM4
1
21
22
SIM5
SIM1
SIM2
SIM3
SIM4
1
21
22
SIM5
SIM1
SIM2
SIM3
SIM4
1
21
22
SIM5
SIM1
SIM2
SIM3
SIM4
1
21
22
SIM5
SIM1
SIM2
SIM3
SIM4
1
21
22
SIM5
SIM1
SIM2
SIM3
SIM4
1
21
22
SIM5
SIM1
SIM2
SIM3
SIM4
1
21
22
SIM5
SIM1
SIM2
SIM3
SIM4
1
21
22
SIM5
SIM1
SIM2
SIM3
SIM4
1
21
22
SIM5
SIM1
SIM2
SIM3
SIM4
1
21
22
SIM5
SIM1
SIM2
SIM3
SIM4
1
21
22
SIM5
SIM1
SIM2
SIM3
SIM4
1
21
22
SIM5
SIM1
SIM2
SIM3
SIM4
1
21
22
SIM5
SIM1
SIM2
SIM3
SIM4
1
21
22
SIM5
SIM1
SIM2
SIM3
SIM4
1
21
22
SIM5
SIM1
SIM2
SIM3
SIM4
1
21
22
SIM5
SIM1
SIM2
SIM3
SIM4
1
21
22
SIM5
SIM1
SIM2
SIM3
SIM4
1
21
22
SIM5
SIM1
SIM2
SIM3
SIM4
1
21
22
SIM5
SIM1
SIM2
SIM3
SIM4
1
21
22
SIM5
SIM1
SIM2
SIM3
SIM4
1
21
22
SIM5
SIM1
SIM2
SIM3
SIM4
1
21
22
SIM5
SIM1
SIM2
SIM3
SIM4
1
21
22
SIM5
SIM1
SIM2
SIM3
SIM4
1
21
22
SIM5
SIM1
SIM2
SIM3
SIM4
1
21
22
SIM5
SIM1
SIM2
SIM3
SIM4
1
21
22
SIM5
SIM1
SIM2
SIM3
SIM4
1
21
22
SIM5
SIM1
SIM2
SIM3
SIM4
1
21
22
SIM5
SIM1
SIM2
SIM3
SIM4
1
21
22
SIM5
SIM1
SIM2
SIM3
SIM4
1
21
22
SIM5
SIM1
SIM2
SIM3
SIM4
1
21
22
SIM5
SIM1
SIM2
SIM3
SIM4
1
21
22
SIM5
SIM1
SIM2
SIM3
SIM4
1
21
22
SIM5
SIM1
SIM2
SIM3
SIM4
1
21
22
SIM5
SIM1
SIM2
SIM3
SIM4
1
21
22
SIM5
SIM1
SIM2
SIM3
SIM4
1
21
22
SIM5
SIM1
SIM2
SIM3
SIM4
1
21
22
SIM5
SIM1
SIM2
SIM3
SIM4
1
21
22
SIM5
SIM1
SIM2
SIM3
SIM4
1
21
22
SIM5
SIM1
SIM2
SIM3
SIM4
1
21
22
SIM5
SIM1
SIM2
SIM3
SIM4
1
21
22
SIM5
SIM1
SIM2
SIM3
SIM4
1
21
22
SIM5
SIM1
SIM2
SIM3
SIM4
1
21
22
SIM5
SIM1
SIM2
SIM3
SIM4
1
21
22
SIM5
SIM1
SIM2
SIM3
SIM4
1
21
22
SIM5
SIM1
SIM2
SIM3
SIM4
1
21
22
SIM5
SIM1
SIM2
SIM3
SIM4
1
21
22
SIM5
SIM1
SIM2
SIM3
SIM4
1
21
22
SIM5
SIM1
SIM2
SIM3
SIM4
1
21
22
SIM5
SIM1
SIM2
SIM3
SIM4
1
21
22
SIM5
SIM1
SIM2
SIM3
SIM4
1
21
22
SIM5
SIM1
SIM2
SIM3
SIM4
1
21
22
SIM5
SIM1
SIM2
SIM3
SIM4
1
21
22
SIM5
SIM1
SIM2
SIM3
SIM4
1
21
22
SIM5
SIM1
SIM2
SIM3
SIM4
1
21
22
SIM5
SIM1
SIM2
SIM3
SIM4
1
21
22
SIM5
SIM1
SIM2
SIM3
SIM4
1
21
22
SIM5
SIM1
SIM2
SIM3
SIM4
1
21
22
SIM5
SIM1
SIM2
SIM3
SIM4
1
21
22
SIM5
SIM1
SIM2
SIM3
SIM4
1
21
22
SIM5
SIM1
SIM2
SIM3
SIM4
1
21
22
SIM5
SIM1
SIM2
SIM3
SIM4
1
21
22
SIM5
SIM1
SIM2
SIM3
SIM4
1
21
22
SIM5
SIM1
SIM2
SIM3
SIM4
1
21
22
SIM5
SIM1
SIM2
SIM3
SIM4
1
21
22
SIM5
SIM1
SIM2
SIM3
SIM4
1
21
22
SIM5
SIM1
SIM2
SIM3
SIM4
1
21
22
SIM5
SIM1
SIM2
SIM3
SIM4
1
21
22
SIM5
SIM1
SIM2
SIM3
SIM4
1
21
22
SIM5
SIM1
SIM2
SIM3
SIM4
1
21
22
SIM5
SIM1
SIM2
SIM3
SIM4
1
21
22
SIM5
SIM1
SIM2
SIM3
SIM4
1
21
22
SIM5
SIM1
SIM2
SIM3
SIM4
1
21
22
SIM5
SIM1
SIM2
SIM3
SIM4
1
21
22
SIM5
SIM1
SIM2
SIM3
SIM4
1
21
22
SIM5
SIM1
SIM2
SIM3
SIM4
1
21
22
SIM5
SIM1
SIM2
SIM3
SIM4
1
21
22
SIM5
SIM1
SIM2
SIM3
SIM4
1
21
22
SIM5
SIM1
SIM2
SIM3
SIM4
1
21
22
SIM5
SIM1
SIM2
SIM3
SIM4
1
21
22
SIM5
SIM1
SIM2
SIM3
SIM4
1
21
22
SIM5
SIM1
SIM2
SIM3
SIM4
1
21
22
SIM5
SIM1
SIM2
SIM3
SIM4
1
21
22
SIM5
SIM1
SIM2
SIM3
SIM4
1
21
22
SIM5
SIM1
SIM2
SIM3
SIM4
1
21
22
SIM5
SIM1
SIM2
SIM3
SIM4
1
21
22
SIM5
SIM1
SIM2
SIM3
SIM4
1
21
22
SIM5
SIM1
SIM2
SIM3
SIM4
1
21
22
SIM5
SIM1
SIM2
SIM3
SIM4
1
21
22
SIM5
SIM1
SIM2
SIM3
SIM4
1
21
22
SIM5
SIM1
SIM2
SIM3
SIM4
1
21
22
SIM5
SIM1
SIM2
SIM3
SIM4
1
21
22
SIM5
SIM1
SIM2
SIM3
SIM4
1
21
22
SIM5
SIM1
SIM2
SIM3
SIM4
1
21
22
SIM5
SIM1
SIM2
SIM3
SIM4
1
21
22
SIM5
SIM1
SIM2
SIM3
SIM4
1
21
22
SIM5
SIM1
SIM2
SIM3
SIM4
1
21
22
SIM5
SIM1
SIM2
SIM3
SIM4
1
21
22
SIM5
SIM1
SIM2
SIM3
SIM4
1
21
22
SIM5
SIM1
SIM2
SIM3
SIM4
1
21
22
SIM5
SIM1
SIM2
SIM3
SIM4
1
21
22
SIM5
SIM1
SIM2
SIM3
SIM4
1
21
22
SIM5
SIM1
SIM2
SIM3
SIM4
1
21
22
SIM5
SIM1
SIM2
SIM3
SIM4
1
21
22
SIM5
SIM1
SIM2
SIM3
SIM4
1
21
22
SIM5
SIM1
SIM2
SIM3
SIM4
1
21
22
SIM5
SIM1
SIM2
SIM3
SIM4
1
21
22
SIM5
SIM1
SIM2
SIM3
SIM4
1
21
22
SIM5
SIM1
SIM2
SIM3
SIM4
1
21
22
SIM5
SIM1
SIM2
SIM3
SIM4
1
21
22
SIM5
SIM1
SIM2
SIM3
SIM4
1
21
22
SIM5
SIM1
SIM2
SIM3
SIM4
1
21
22
SIM5
SIM1
SIM2
SIM3
SIM4
1
21
22
SIM5
SIM1
SIM2
SIM3
SIM4
1
21
22
SIM5
SIM1
SIM2
SIM3
SIM4
1
21
22
SIM5
SIM1
SIM2
SIM3
SIM4
1
21
22
SIM5
SIM1
SIM2
SIM3
SIM4
1
21
22
SIM5
SIM1
SIM2
SIM3
SIM4
1
21
22
SIM5
SIM1
SIM2
SIM3
SIM4
1
21
22
SIM5
SIM1
SIM2
SIM3
SIM4
1
21
22
SIM5
SIM1
SIM2
SIM3
SIM4
1
21
22
SIM5
SIM1
SIM2
SIM3
SIM4
1
21
22
SIM5
SIM1
SIM2
SIM3
SIM4
1
21
22
SIM5
SIM1
SIM2
SIM3
SIM4
1
21
22
SIM5
SIM1
SIM2
SIM3
SIM4
1
21
22
SIM5
SIM1
SIM2
SIM3
SIM4
1
21
22
SIM5
SIM1
SIM2
SIM3
SIM4
1
21
22
SIM5
SIM1
SIM2
SIM3
SIM4
1
21
22
SIM5
SIM1
SIM2
SIM3
SIM4
1
21
22
SIM5
SIM1
SIM2
SIM3
SIM4
1
21
22
SIM5
SIM1
SIM2
SIM3
SIM4
1
21
22
SIM5
SIM1
SIM2
SIM3
SIM4
1
21
22
SIM5
SIM1
SIM2
SIM3
SIM4
1
21
22
SIM5
SIM1
SIM2
SIM3
SIM4
1
21
22
SIM5
SIM1
SIM2
SIM3
SIM4
1
21
22
SIM5
SIM1
SIM2
SIM3
SIM4
1
21
22
SIM5
SIM1
SIM2
SIM3
SIM4
1
21
22
SIM5
SIM1
SIM2
SIM3
SIM4
1
21
22
SIM5
SIM1
SIM2
SIM3
SIM4
1
21
22
SIM5
SIM1
SIM2
SIM3
SIM4
1
21
22
SIM5
SIM1
SIM2
SIM3
SIM4
1
21
22
SIM5
SIM1
SIM2
SIM3
SIM4
1
21
22
SIM5
SIM1
SIM2
SIM3
SIM4
1
21
22
SIM5
SIM1
SIM2
SIM3
SIM4
1
21
22
SIM5
SIM1
SIM2
SIM3
SIM4
1
21
22
SIM5
SIM1
SIM2
SIM3
SIM4
1
21
22
SIM5
SIM1
SIM2
SIM3
SIM4
1
21
22
SIM5
SIM1
SIM2
SIM3
SIM4
1
21
22
SIM5
SIM1
SIM2
SIM3
SIM4
1
21
22
SIM5
SIM1
SIM2
SIM3
SIM4
1
21
22
SIM5
SIM1
SIM2
SIM3
SIM4
1
21
22
SIM5
SIM1
SIM2
SIM3
SIM4
1
21
22
SIM5
SIM1
SIM2
SIM3
SIM4
1
21
22
SIM5
SIM1
SIM2
SIM3
SIM4
1
21
22
SIM5
SIM1
SIM2
SIM3
SIM4
1
21
22
SIM5
SIM1
SIM2
SIM3
SIM4
1
21
22
SIM5
SIM1
SIM2
SIM3
SIM4
1
21
22
SIM5
SIM1
SIM2
SIM3
SIM4
1
21
22
SIM5
SIM1
SIM2
SIM3
SIM4
1
21
22
SIM5
SIM1
SIM2
SIM3
SIM4
1
21
22
SIM5
SIM1
SIM2
SIM3
SIM4
1
21
22
SIM5
SIM1
SIM2
SIM3
SIM4
1
21
22
SIM5
SIM1
SIM2
SIM3
SIM4
1
21
22
SIM5
SIM1
SIM2
SIM3
SIM4
1
21
22
SIM5
SIM1
SIM2
SIM3
SIM4
1
21
22
SIM5
SIM1
SIM2
SIM3
SIM4
1
21
22
SIM5
SIM1
SIM2
SIM3
SIM4
1
21
22
SIM5
SIM1
SIM2
SIM3
SIM4
1
21
22
SIM5
SIM1
SIM2
SIM3
SIM4
1
21
22
SIM5
SIM1
SIM2
SIM3
SIM4
1
21
22
SIM5
SIM1
SIM2
SIM3
SIM4
1
21
22
SIM5
SIM1
SIM2
SIM3
SIM4
1
21
22
SIM5
SIM1
SIM2
SIM3
SIM4
1
21
22
SIM5
SIM1
SIM2
SIM3
SIM4
1
21
22
SIM5
SIM1
SIM2
SIM3
SIM4
1
21
22
SIM5
SIM1
SIM2
SIM3
SIM4
1
21
22
SIM5
SIM1
SIM2
SIM3
SIM4
1
21
22
SIM5
SIM1
SIM2
SIM3
SIM4
1
21
22
SIM5
SIM1
SIM2
SIM3
SIM4
1
21
22
SIM5
SIM1
SIM2
SIM3
SIM4
1
21
22
SIM5
SIM1
SIM2
SIM3
SIM4
1
21
22
SIM5
SIM1
SIM2
SIM3
SIM4
1
21
22
SIM5
SIM1
SIM2
SIM3
SIM4
1
21
22
SIM5
SIM1
SIM2
SIM3
SIM4
1
21
22
SIM5
SIM1
SIM2
SIM3
SIM4
1
21
22
SIM5
SIM1
SIM2
SIM3
SIM4
1
21
22
SIM5
SIM1
SIM2
SIM3
SIM4
1
21
22
SIM5
SIM1
SIM2
SIM3
SIM4
1
21
22
SIM5
SIM1
SIM2
SIM3
SIM4
1
21
22
SIM5
SIM1
SIM2
SIM3
SIM4
1
21
22
SIM5
SIM1
SIM2
SIM3
SIM4
1
21
22
SIM5
SIM1
SIM2
SIM3
SIM4
1
21
22
SIM5
SIM1
SIM2
SIM3
SIM4
1
21
22
SIM5
SIM1
SIM2
SIM3
SIM4
1
21
22
SIM5
SIM1
SIM2
SIM3
SIM4
1
21
22
SIM5
SIM1
SIM2
SIM3
SIM4
1
21
22
SIM5
SIM1
SIM2
SIM3
SIM4
1
21
22
SIM5
SIM1
SIM2
SIM3
SIM4
1
21
22
SIM5
SIM1
SIM2
SIM3
SIM4
1
21
22
SIM5
SIM1
SIM2
SIM3
SIM4
1
21
22
SIM5
SIM1
SIM2
SIM3
SIM4
1
21
22
SIM5
SIM1
SIM2
SIM3
SIM4
1
21
22
SIM5
SIM1
SIM2
SIM3
SIM4
1
21
22
SIM5
SIM1
SIM2
SIM3
SIM4
1
21
22
SIM5
SIM1
SIM2
SIM3
SIM4
1
21
22
SIM5
SIM1
SIM2
SIM3
SIM4
1
21
22
SIM5
SIM1
SIM2
SIM3
SIM4
1
21
22
SIM5
SIM1
SIM2
SIM3
SIM4
1
21
22
SIM5
SIM1
SIM2
SIM3
SIM4
1
21
22
SIM5
SIM1
SIM2
SIM3
SIM4
1
21
22
SIM5
SIM1
SIM2
SIM3
SIM4
1
21
22
SIM5
SIM1
SIM2
SIM3
SIM4
1
21
22
SIM5
SIM1
SIM2
SIM3
SIM4
1
21
22
SIM5
SIM1
SIM2
SIM3
SIM4
1
21
22
SIM5
SIM1
SIM2
SIM3
SIM4
1
21
22
SIM5
SIM1
SIM2
SIM3
SIM4
1
21
22
SIM5
SIM1
SIM2
SIM3
SIM4
1
21
22
SIM5
SIM1
SIM2
SIM3
SIM4
1
21
22
SIM5
SIM1
SIM2
SIM3
SIM4
1
21
22
SIM5
SIM1
SIM2
SIM3
SIM4
1
21
22
SIM5
SIM1
SIM2
SIM3
SIM4
1
21
22
SIM5
SIM1
SIM2
SIM3
SIM4
1
21
22
SIM5
SIM1
SIM2
SIM3
SIM4
1
21
22
SIM5
SIM1
SIM2
SIM3
SIM4
1
21
22
SIM5
SIM1
SIM2
SIM3
SIM4
1
21
22
SIM5
SIM1
SIM2
SIM3
SIM4
1
21
22
SIM5
SIM1
SIM2
SIM3
SIM4
1
21
22
SIM5
SIM1
SIM2
SIM3
SIM4
1
21
22
SIM5
SIM1
SIM2
SIM3
SIM4
1
21
22
SIM5
SIM1
SIM2
SIM3
SIM4
1
21
22
SIM5
SIM1
SIM2
DEBUG 1 371
SIM1
SIM2
SIM3
SIM4
1
21
22
SIM5
SIM1
SIM2
SIM3
SIM4
1
21
22
SIM5
SIM1
SIM2
SIM3
SIM4
1
21
22
SIM5
SIM1
SIM2
SIM3
SIM4
1
21
22
SIM5
SIM1
SIM2
SIM3
SIM4
1
21
22
SIM5
SIM1
SIM2
SIM3
SIM4
1
21
22
SIM5
SIM1
SIM2
SIM3
SIM4
1
21
22
SIM5
SIM1
SIM2
SIM3
SIM4
1
21
22
SIM5
SIM1
SIM2
SIM3
SIM4
1
21
22
SIM5
SIM1
SIM2
SIM3
SIM4
1
21
22
SIM5
SIM1
SIM2
SIM3
SIM4
1
21
22
SIM5
SIM1
SIM2
SIM3
SIM4
1
21
22
SIM5
SIM1
SIM2
SIM3
SIM4
1
21
22
SIM5
SIM1
SIM2
SIM3
SIM4
1
21
22
SIM5
SIM1
SIM2
SIM3
SIM4
1
21
22
SIM5
SIM1
SIM2
SIM3
SIM4
1
21
22
SIM5
SIM1
SIM2
SIM3
SIM4
1
21
22
SIM5
SIM1
SIM2
SIM3
SIM4
1
21
22
SIM5
SIM1
SIM2
SIM3
SIM4
1
21
22
SIM5
SIM1
SIM2
SIM3
SIM4
1
21
22
SIM5
SIM1
SIM2
SIM3
SIM4
1
21
22
SIM5
SIM1
SIM2
SIM3
SIM4
1
21
22
SIM5
SIM1
SIM2
SIM3
SIM4
1
21
22
SIM5
SIM1
SIM2
SIM3
SIM4
1
21
22
SIM5
SIM1
SIM2
SIM3
SIM4
1
21
22
SIM5
SIM1
SIM2
SIM3
SIM4
1
21
22
SIM5
SIM1
SIM2
SIM3
SIM4
1
21
22
SIM5
SIM1
SIM2
SIM3
SIM4
1
21
22
SIM5
SIM1
SIM2
SIM3
SIM4
1
21
22
SIM5
SIM1
SIM2
SIM3
SIM4
1
21
22
SIM5
SIM1
SIM2
SIM3
SIM4
1
21
22
SIM5
SIM1
SIM2
SIM3
SIM4
1
21
22
SIM5
SIM1
SIM2
SIM3
SIM4
1
21
22
SIM5
SIM1
SIM2
SIM3
SIM4
1
21
22
SIM5
SIM1
SIM2
SIM3
SIM4
1
21
22
SIM5
SIM1
SIM2
SIM3
SIM4
1
21
22
SIM5
SIM1
SIM2
SIM3
SIM4
1
21
22
SIM5
SIM1
SIM2
SIM3
SIM4
1
21
22
SIM5
SIM1
SIM2
SIM3
SIM4
1
21
22
SIM5
SIM1
SIM2
SIM3
SIM4
1
21
22
SIM5
SIM1
SIM2
SIM3
SIM4
1
21
22
SIM5
SIM1
SIM2
SIM3
SIM4
1
21
22
SIM5
SIM1
SIM2
SIM3
SIM4
1
21
22
SIM5
SIM1
SIM2
SIM3
SIM4
1
21
22
SIM5
SIM1
SIM2
SIM3
SIM4
1
21
22
SIM5
SIM1
SIM2
SIM3
SIM4
1
21
22
SIM5
SIM1
SIM2
SIM3
SIM4
1
21
22
SIM5
SIM1
SIM2
SIM3
SIM4
1
21
22
SIM5
SIM1
SIM2
SIM3
SIM4
1
21
22
SIM5
SIM1
SIM2
SIM3
SIM4
1
21
22
SIM5
SIM1
SIM2
SIM3
SIM4
1
21
22
SIM5
SIM1
SIM2
SIM3
SIM4
1
21
22
SIM5
SIM1
SIM2
SIM3
SIM4
1
21
22
SIM5
SIM1
SIM2
SIM3
SIM4
1
21
22
SIM5
SIM1
SIM2
SIM3
SIM4
1
21
22
SIM5
SIM1
SIM2
SIM3
SIM4
1
21
22
SIM5
SIM1
SIM2
SIM3
SIM4
1
21
22
SIM5
SIM1
SIM2
SIM3
SIM4
1
21
22
SIM5
SIM1
SIM2
SIM3
SIM4
1
21
22
SIM5
SIM1
SIM2
SIM3
SIM4
1
21
22
SIM5
SIM1
SIM2
SIM3
SIM4
1
21
22
SIM5
SIM1
SIM2
SIM3
SIM4
1
21
22
SIM5
SIM1
SIM2
SIM3
SIM4
1
21
22
SIM5
SIM1
SIM2
SIM3
SIM4
1
21
22
SIM5
SIM1
SIM2
SIM3
SIM4
1
21
22
SIM5
SIM1
SIM2
SIM3
SIM4
1
21
22
SIM5
SIM1
SIM2
SIM3
SIM4
1
21
22
SIM5
SIM1
SIM2
SIM3
SIM4
1
21
22
SIM5
SIM1
SIM2
SIM3
SIM4
1
21
22
SIM5
SIM1
SIM2
DEBUG 1 372
SIM1
SIM2
SIM3
SIM4
1
21
22
SIM5
SIM1
SIM2
SIM3
SIM4
1
21
22
SIM5
SIM1
SIM2
SIM3
SIM4
1
21
22
SIM5
SIM1
SIM2
SIM3
SIM4
1
21
22
SIM5
SIM1
SIM2
SIM3
SIM4
1
21
22
SIM5
SIM1
SIM2
SIM3
SIM4
1
21
22
SIM5
SIM1
SIM2
SIM3
SIM4
1
21
22
SIM5
SIM1
SIM2
SIM3
SIM4
1
21
22
SIM5
SIM1
SIM2
SIM3
SIM4
1
21
22
SIM5
SIM1
SIM2
SIM3
SIM4
1
21
22
SIM5
SIM1
SIM2
SIM3
SIM4
1
21
22
SIM5
SIM1
SIM2
SIM3
SIM4
1
21
22
SIM5
SIM1
SIM2
SIM3
SIM4
1
21
22
SIM5
SIM1
SIM2
SIM3
SIM4
1
21
22
SIM5
SIM1
SIM2
SIM3
SIM4
1
21
22
SIM5
SIM1
SIM2
SIM3
SIM4
1
21
22
SIM5
SIM1
SIM2
SIM3
SIM4
1
21
22
SIM5
SIM1
SIM2
SIM3
SIM4
1
21
22
SIM5
SIM1
SIM2
SIM3
SIM4
1
21
22
SIM5
SIM1
SIM2
SIM3
SIM4
1
21
22
SIM5
SIM1
SIM2
SIM3
SIM4
1
21
22
SIM5
SIM1
SIM2
SIM3
SIM4
1
21
22
SIM5
SIM1
SIM2
SIM3
SIM4
1
21
22
SIM5
SIM1
SIM2
SIM3
SIM4
1
21
22
SIM5
SIM1
SIM2
SIM3
SIM4
1
21
22
SIM5
SIM1
SIM2
SIM3
SIM4
1
21
22
SIM5
SIM1
SIM2
SIM3
SIM4
1
21
22
SIM5
SIM1
SIM2
SIM3
SIM4
1
21
22
SIM5
SIM1
SIM2
SIM3
SIM4
1
21
22
SIM5
SIM1
SIM2
SIM3
SIM4
1
21
22
SIM5
SIM1
SIM2
SIM3
SIM4
1
21
22
SIM5
SIM1
SIM2
SIM3
SIM4
1
21
22
SIM5
SIM1
SIM2
SIM3
SIM4
1
21
22
SIM5
SIM1
SIM2
SIM3
SIM4
1
21
22
SIM5
SIM1
SIM2
SIM3
SIM4
1
21
22
SIM5
SIM1
SIM2
SIM3
SIM4
1
21
22
SIM5
SIM1
SIM2
SIM3
SIM4
1
21
22
SIM5
SIM1
SIM2
SIM3
SIM4
1
21
22
SIM5
SIM1
SIM2
SIM3
SIM4
1
21
22
SIM5
SIM1
SIM2
SIM3
SIM4
1
21
22
SIM5
SIM1
SIM2
SIM3
SIM4
1
21
22
SIM5
SIM1
SIM2
SIM3
SIM4
1
21
22
SIM5
SIM1
SIM2
SIM3
SIM4
1
21
22
SIM5
SIM1
SIM2
SIM3
SIM4
1
21
22
SIM5
SIM1
SIM2
SIM3
SIM4
1
21
22
SIM5
SIM1
SIM2
SIM3
SIM4
1
21
22
SIM5
SIM1
SIM2
SIM3
SIM4
1
21
22
SIM5
SIM1
SIM2
SIM3
SIM4
1
21
22
SIM5
SIM1
SIM2
SIM3
SIM4
1
21
22
SIM5
SIM1
SIM2
SIM3
SIM4
1
21
22
SIM5
SIM1
SIM2
SIM3
SIM4
1
21
22
SIM5
SIM1
SIM2
SIM3
SIM4
1
21
22
SIM5
SIM1
SIM2
SIM3
SIM4
1
21
22
SIM5
SIM1
SIM2
SIM3
SIM4
1
21
22
SIM5
SIM1
SIM2
SIM3
SIM4
1
21
22
SIM5
SIM1
SIM2
SIM3
SIM4
1
21
22
SIM5
SIM1
SIM2
SIM3
SIM4
1
21
22
SIM5
SIM1
SIM2
SIM3
SIM4
1
21
22
SIM5
SIM1
SIM2
SIM3
SIM4
1
21
22
SIM5
SIM1
SIM2
SIM3
SIM4
1
21
22
SIM5
SIM1
SIM2
SIM3
SIM4
1
21
22
SIM5
SIM1
SIM2
SIM3
SIM4
1
21
22
SIM5
SIM1
SIM2
SIM3
SIM4
1
21
22
SIM5
SIM1
SIM2
SIM3
SIM4
1
21
22
SIM5
SIM1
SIM2
SIM3
SIM4
1
21
22
SIM5
SIM1
SIM2
SIM3
SIM4
1
21
22
SIM5
SIM1
SIM2
SIM3
SIM4
1
21
22
SIM5
SIM1
SIM2
SIM3
SIM4
1
21
22
SIM5
SIM1
SIM2
SIM3
SIM4
1
21
22
SIM5
SIM1
SIM2
SIM3
SIM4
1
21
22
SIM5
SIM1
SIM2
SIM3
SIM4
1
21
22
SIM5
SIM1
SIM2
SIM3
SIM4
1
21
22
SIM5
SIM1
SIM2
SIM3
SIM4
1
21
22
SIM5
SIM1
SIM2
SIM3
SIM4
1
21
22
SIM5
SIM1
SIM2
SIM3
SIM4
1
21
22
SIM5
SIM1
SIM2
SIM3
SIM4
1
21
22
SIM5
SIM1
SIM2
SIM3
SIM4
1
21
22
SIM5
SIM1
SIM2
SIM3
SIM4
1
21
22
SIM5
SIM1
SIM2
SIM3
SIM4
1
21
22
SIM5
SIM1
SIM2
SIM3
SIM4
1
21
22
SIM5
SIM1
SIM2
SIM3
SIM4
1
21
22
SIM5
SIM1
SIM2
SIM3
SIM4
1
21
22
SIM5
SIM1
SIM2
SIM3
SIM4
1
21
22
SIM5
SIM1
SIM2
SIM3
SIM4
1
21
22
SIM5
SIM1
SIM2
SIM3
SIM4
1
21
22
SIM5
SIM1
SIM2
SIM3
SIM4
1
21
22
SIM5
SIM1
SIM2
SIM3
SIM4
1
21
22
SIM5
SIM1
SIM2
SIM3
SIM4
1
21
22
SIM5
SIM1
SIM2
SIM3
SIM4
1
21
22
SIM5
SIM1
SIM2
SIM3
SIM4
1
21
22
SIM5
SIM1
SIM2
SIM3
SIM4
1
21
22
SIM5
SIM1
SIM2
SIM3
SIM4
1
21
22
SIM5
SIM1
SIM2
SIM3
SIM4
1
21
22
SIM5
SIM1
SIM2
SIM3
SIM4
1
21
22
SIM5
SIM1
SIM2
SIM3
SIM4
1
21
22
SIM5
SIM1
SIM2
SIM3
SIM4
1
21
22
SIM5
SIM1
SIM2
SIM3
SIM4
1
21
22
SIM5
SIM1
SIM2
SIM3
SIM4
1
21
22
SIM5
SIM1
SIM2
SIM3
SIM4
1
21
22
SIM5
SIM1
SIM2
SIM3
SIM4
1
21
22
SIM5
SIM1
SIM2
SIM3
SIM4
1
21
22
SIM5
SIM1
SIM2
SIM3
SIM4
1
21
22
SIM5
SIM1
SIM2
SIM3
SIM4
1
21
22
SIM5
SIM1
SIM2
SIM3
SIM4
1
21
22
SIM5
SIM1
SIM2
SIM3
SIM4
1
21
22
SIM5
SIM1
SIM2
SIM3
SIM4
1
21
22
SIM5
SIM1
SIM2
SIM3
SIM4
1
21
22
SIM5
SIM1
SIM2
SIM3
SIM4
1
21
22
SIM5
SIM1
SIM2
SIM3
SIM4
1
21
22
SIM5
SIM1
SIM2
SIM3
SIM4
1
21
22
SIM5
SIM1
SIM2
SIM3
SIM4
1
21
22
SIM5
SIM1
SIM2
SIM3
SIM4
1
21
22
SIM5
SIM1
SIM2
SIM3
SIM4
1
21
22
SIM5
SIM1
SIM2
SIM3
SIM4
1
21
22
SIM5
SIM1
SIM2
SIM3
SIM4
1
21
22
SIM5
SIM1
SIM2
SIM3
SIM4
1
21
22
SIM5
SIM1
SIM2
SIM3
SIM4
1
21
22
SIM5
SIM1
SIM2
SIM3
SIM4
1
21
22
SIM5
SIM1
SIM2
SIM3
SIM4
1
21
22
SIM5
SIM1
SIM2
SIM3
SIM4
1
21
22
SIM5
SIM1
SIM2
SIM3
SIM4
1
21
22
SIM5
SIM1
SIM2
SIM3
SIM4
1
21
22
SIM5
SIM1
SIM2
SIM3
SIM4
1
21
22
SIM5
SIM1
SIM2
SIM3
SIM4
1
21
22
SIM5
SIM1
SIM2
SIM3
SIM4
1
21
22
SIM5
SIM1
SIM2
SIM3
SIM4
1
21
22
SIM5
SIM1
SIM2
SIM3
SIM4
1
21
22
SIM5
SIM1
SIM2
SIM3
SIM4
1
21
22
SIM5
SIM1
SIM2
DEBUG 1 373
SIM1
SIM2
SIM3
SIM4
1
21
22
SIM5
SIM1
SIM2
SIM3
SIM4
1
21
22
SIM5
SIM1
SIM2
SIM3
SIM4
1
21
22
SIM5
SIM1
SIM2
SIM3
SIM4
1
21
22
SIM5
SIM1
SIM2
SIM3
SIM4
1
21
22
SIM5
SIM1
SIM2
SIM3
SIM4
1
21
22
SIM5
SIM1
SIM2
SIM3
SIM4
1
21
22
SIM5
SIM1
SIM2
SIM3
SIM4
1
21
22
SIM5
SIM1
SIM2
SIM3
SIM4
1
21
22
SIM5
SIM1
SIM2
SIM3
SIM4
1
21
22
SIM5
SIM1
SIM2
SIM3
SIM4
1
21
22
SIM5
SIM1
SIM2
SIM3
SIM4
1
21
22
SIM5
SIM1
SIM2
SIM3
SIM4
1
21
22
SIM5
SIM1
SIM2
SIM3
SIM4
1
21
22
SIM5
SIM1
SIM2
SIM3
SIM4
1
21
22
SIM5
SIM1
SIM2
SIM3
SIM4
1
21
22
SIM5
SIM1
SIM2
SIM3
SIM4
1
21
22
SIM5
SIM1
SIM2
SIM3
SIM4
1
21
22
SIM5
SIM1
SIM2
SIM3
SIM4
1
21
22
SIM5
SIM1
SIM2
SIM3
SIM4
1
21
22
SIM5
SIM1
SIM2
SIM3
SIM4
1
21
22
SIM5
SIM1
SIM2
SIM3
SIM4
1
21
22
SIM5
SIM1
SIM2
SIM3
SIM4
1
21
22
SIM5
SIM1
SIM2
SIM3
SIM4
1
21
22
SIM5
SIM1
SIM2
SIM3
SIM4
1
21
22
SIM5
SIM1
SIM2
SIM3
SIM4
1
21
22
SIM5
SIM1
SIM2
SIM3
SIM4
1
21
22
SIM5
SIM1
SIM2
SIM3
SIM4
1
21
22
SIM5
SIM1
SIM2
SIM3
SIM4
1
21
22
SIM5
SIM1
SIM2
SIM3
SIM4
1
21
22
SIM5
SIM1
SIM2
SIM3
SIM4
1
21
22
SIM5
SIM1
SIM2
SIM3
SIM4
1
21
22
SIM5
SIM1
SIM2
SIM3
SIM4
1
21
22
SIM5
SIM1
SIM2
SIM3
SIM4
1
21
22
SIM5
SIM1
SIM2
SIM3
SIM4
1
21
22
SIM5
SIM1
SIM2
SIM3
SIM4
1
21
22
SIM5
SIM1
SIM2
SIM3
SIM4
1
21
22
SIM5
SIM1
SIM2
SIM3
SIM4
1
21
22
SIM5
SIM1
SIM2
SIM3
SIM4
1
21
22
SIM5
SIM1
SIM2
SIM3
SIM4
1
21
22
SIM5
SIM1
SIM2
SIM3
SIM4
1
21
22
SIM5
SIM1
SIM2
SIM3
SIM4
1
21
22
SIM5
SIM1
SIM2
SIM3
SIM4
1
21
22
SIM5
SIM1
SIM2
SIM3
SIM4
1
21
22
SIM5
SIM1
SIM2
SIM3
SIM4
1
21
22
SIM5
SIM1
SIM2
SIM3
SIM4
1
21
22
SIM5
SIM1
SIM2
SIM3
SIM4
1
21
22
SIM5
SIM1
SIM2
SIM3
SIM4
1
21
22
SIM5
SIM1
SIM2
SIM3
SIM4
1
21
22
SIM5
SIM1
SIM2
SIM3
SIM4
1
21
22
SIM5
SIM1
SIM2
SIM3
SIM4
1
21
22
SIM5
SIM1
SIM2
SIM3
SIM4
1
21
22
SIM5
SIM1
SIM2
SIM3
SIM4
1
21
22
SIM5
SIM1
SIM2
SIM3
SIM4
1
21
22
SIM5
SIM1
SIM2
SIM3
SIM4
1
21
22
SIM5
SIM1
SIM2
SIM3
SIM4
1
21
22
SIM5
SIM1
SIM2
SIM3
SIM4
1
21
22
SIM5
SIM1
SIM2
SIM3
SIM4
1
21
22
SIM5
SIM1
SIM2
SIM3
SIM4
1
21
22
SIM5
SIM1
SIM2
SIM3
SIM4
1
21
22
SIM5
SIM1
SIM2
SIM3
SIM4
1
21
22
SIM5
SIM1
SIM2
SIM3
SIM4
1
21
22
SIM5
SIM1
SIM2
SIM3
SIM4
1
21
22
SIM5
SIM1
SIM2
SIM3
SIM4
1
21
22
SIM5
SIM1
SIM2
SIM3
SIM4
1
21
22
SIM5
SIM1
SIM2
SIM3
SIM4
1
21
22
SIM5
SIM1
SIM2
SIM3
SIM4
1
21
22
SIM5
SIM1
SIM2
SIM3
SIM4
1
21
22
SIM5
SIM1
SIM2
SIM3
SIM4
1
21
22
SIM5
SIM1
SIM2
SIM3
SIM4
1
21
22
SIM5
SIM1
SIM2
SIM3
SIM4
1
21
22
SIM5
SIM1
SIM2
SIM3
SIM4
1
21
22
SIM5
SIM1
SIM2
SIM3
SIM4
1
21
22
SIM5
SIM1
SIM2
SIM3
SIM4
1
21
22
SIM5
SIM1
SIM2
SIM3
SIM4
1
21
22
SIM5
SIM1
SIM2
SIM3
SIM4
1
21
22
SIM5
SIM1
SIM2
SIM3
SIM4
1
21
22
SIM5
SIM1
SIM2
SIM3
SIM4
1
21
22
SIM5
SIM1
SIM2
SIM3
SIM4
1
21
22
SIM5
SIM1
SIM2
SIM3
SIM4
1
21
22
SIM5
SIM1
SIM2
SIM3
SIM4
1
21
22
SIM5
SIM1
SIM2
SIM3
SIM4
1
21
22
SIM5
SIM1
SIM2
SIM3
SIM4
1
21
22
SIM5
SIM1
SIM2
SIM3
SIM4
1
21
22
SIM5
SIM1
SIM2
SIM3
SIM4
1
21
22
SIM5
SIM1
SIM2
SIM3
SIM4
1
21
22
SIM5
SIM1
SIM2
SIM3
SIM4
1
21
22
SIM5
SIM1
SIM2
SIM3
SIM4
1
21
22
SIM5
SIM1
SIM2
SIM3
SIM4
1
21
22
SIM5
SIM1
SIM2
DEBUG 1 374
SIM1
SIM2
SIM3
SIM4
1
21
22
SIM5
SIM1
SIM2
SIM3
SIM4
1
21
22
SIM5
SIM1
SIM2
SIM3
SIM4
1
21
22
SIM5
SIM1
SIM2
SIM3
SIM4
1
21
22
SIM5
SIM1
SIM2
SIM3
SIM4
1
21
22
SIM5
SIM1
SIM2
SIM3
SIM4
1
21
22
SIM5
SIM1
SIM2
SIM3
SIM4
1
21
22
SIM5
SIM1
SIM2
SIM3
SIM4
1
21
22
SIM5
SIM1
SIM2
SIM3
SIM4
1
21
22
SIM5
SIM1
SIM2
SIM3
SIM4
1
21
22
SIM5
SIM1
SIM2
SIM3
SIM4
1
21
22
SIM5
SIM1
SIM2
SIM3
SIM4
1
21
22
SIM5
SIM1
SIM2
SIM3
SIM4
1
21
22
SIM5
SIM1
SIM2
SIM3
SIM4
1
21
22
SIM5
SIM1
SIM2
SIM3
SIM4
1
21
22
SIM5
SIM1
SIM2
SIM3
SIM4
1
21
22
SIM5
SIM1
SIM2
SIM3
SIM4
1
21
22
SIM5
SIM1
SIM2
SIM3
SIM4
1
21
22
SIM5
SIM1
SIM2
SIM3
SIM4
1
21
22
SIM5
SIM1
SIM2
SIM3
SIM4
1
21
22
SIM5
SIM1
SIM2
SIM3
SIM4
1
21
22
SIM5
SIM1
SIM2
SIM3
SIM4
1
21
22
SIM5
SIM1
SIM2
SIM3
SIM4
1
21
22
SIM5
SIM1
SIM2
SIM3
SIM4
1
21
22
SIM5
SIM1
SIM2
SIM3
SIM4
1
21
22
SIM5
SIM1
SIM2
SIM3
SIM4
1
21
22
SIM5
SIM1
SIM2
SIM3
SIM4
1
21
22
SIM5
SIM1
SIM2
SIM3
SIM4
1
21
22
SIM5
SIM1
SIM2
SIM3
SIM4
1
21
22
SIM5
SIM1
SIM2
SIM3
SIM4
1
21
22
SIM5
SIM1
SIM2
SIM3
SIM4
1
21
22
SIM5
SIM1
SIM2
SIM3
SIM4
1
21
22
SIM5
SIM1
SIM2
SIM3
SIM4
1
21
22
SIM5
SIM1
SIM2
SIM3
SIM4
1
21
22
SIM5
SIM1
SIM2
SIM3
SIM4
1
21
22
SIM5
SIM1
SIM2
SIM3
SIM4
1
21
22
SIM5
SIM1
SIM2
SIM3
SIM4
1
21
22
SIM5
SIM1
SIM2
SIM3
SIM4
1
21
22
SIM5
SIM1
SIM2
SIM3
SIM4
1
21
22
SIM5
SIM1
SIM2
SIM3
SIM4
1
21
22
SIM5
SIM1
SIM2
SIM3
SIM4
1
21
22
SIM5
SIM1
SIM2
SIM3
SIM4
1
21
22
SIM5
SIM1
SIM2
SIM3
SIM4
1
21
22
SIM5
SIM1
SIM2
SIM3
SIM4
1
21
22
SIM5
SIM1
SIM2
SIM3
SIM4
1
21
22
SIM5
SIM1
SIM2
SIM3
SIM4
1
21
22
SIM5
SIM1
SIM2
SIM3
SIM4
1
21
22
SIM5
SIM1
SIM2
SIM3
SIM4
1
21
22
SIM5
SIM1
SIM2
SIM3
SIM4
1
21
22
SIM5
SIM1
SIM2
SIM3
SIM4
1
21
22
SIM5
SIM1
SIM2
SIM3
SIM4
1
21
22
SIM5
SIM1
SIM2
SIM3
SIM4
1
21
22
SIM5
SIM1
SIM2
SIM3
SIM4
1
21
22
SIM5
SIM1
SIM2
SIM3
SIM4
1
21
22
SIM5
SIM1
SIM2
SIM3
SIM4
1
21
22
SIM5
SIM1
SIM2
SIM3
SIM4
1
21
22
SIM5
SIM1
SIM2
SIM3
SIM4
1
21
22
SIM5
SIM1
SIM2
SIM3
SIM4
1
21
22
SIM5
SIM1
SIM2
SIM3
SIM4
1
21
22
SIM5
SIM1
SIM2
SIM3
SIM4
1
21
22
SIM5
SIM1
SIM2
SIM3
SIM4
1
21
22
SIM5
SIM1
SIM2
SIM3
SIM4
1
21
22
SIM5
SIM1
SIM2
SIM3
SIM4
1
21
22
SIM5
SIM1
SIM2
SIM3
SIM4
1
21
22
SIM5
SIM1
SIM2
SIM3
SIM4
1
21
22
SIM5
SIM1
SIM2
SIM3
SIM4
1
21
22
SIM5
SIM1
SIM2
SIM3
SIM4
1
21
22
SIM5
SIM1
SIM2
SIM3
SIM4
1
21
22
SIM5
SIM1
SIM2
SIM3
SIM4
1
21
22
SIM5
SIM1
SIM2
SIM3
SIM4
1
21
22
SIM5
SIM1
SIM2
SIM3
SIM4
1
21
22
SIM5
SIM1
SIM2
SIM3
SIM4
1
21
22
SIM5
SIM1
SIM2
SIM3
SIM4
1
21
22
SIM5
SIM1
SIM2
SIM3
SIM4
1
21
22
SIM5
SIM1
SIM2
SIM3
SIM4
1
21
22
SIM5
SIM1
SIM2
SIM3
SIM4
1
21
22
SIM5
SIM1
SIM2
SIM3
SIM4
1
21
22
SIM5
SIM1
SIM2
SIM3
SIM4
1
21
22
SIM5
SIM1
SIM2
SIM3
SIM4
1
21
22
SIM5
SIM1
SIM2
SIM3
SIM4
1
21
22
SIM5
SIM1
SIM2
SIM3
SIM4
1
21
22
SIM5
SIM1
SIM2
SIM3
SIM4
1
21
22
SIM5
SIM1
SIM2
SIM3
SIM4
1
21
22
SIM5
SIM1
SIM2
SIM3
SIM4
1
21
22
SIM5
SIM1
SIM2
SIM3
SIM4
1
21
22
SIM5
SIM1
SIM2
SIM3
SIM4
1
21
22
SIM5
SIM1
SIM2
SIM3
SIM4
1
21
22
SIM5
SIM1
SIM2
SIM3
SIM4
1
21
22
SIM5
SIM1
SIM2
SIM3
SIM4
1
21
22
SIM5
SIM1
SIM2
SIM3
SIM4
1
21
22
SIM5
SIM1
SIM2
SIM3
SIM4
1
21
22
SIM5
SIM1
SIM2
SIM3
SIM4
1
21
22
SIM5
SIM1
SIM2
SIM3
SIM4
1
21
22
SIM5
SIM1
SIM2
SIM3
SIM4
1
21
22
SIM5
SIM1
SIM2
SIM3
SIM4
1
21
22
SIM5
SIM1
SIM2
SIM3
SIM4
1
21
22
SIM5
SIM1
SIM2
SIM3
SIM4
1
21
22
SIM5
SIM1
SIM2
SIM3
SIM4
1
21
22
SIM5
SIM1
SIM2
SIM3
SIM4
1
21
22
SIM5
SIM1
SIM2
SIM3
SIM4
1
21
22
SIM5
SIM1
SIM2
SIM3
SIM4
1
21
22
SIM5
SIM1
SIM2
SIM3
SIM4
1
21
22
SIM5
SIM1
SIM2
SIM3
SIM4
1
21
22
SIM5
SIM1
SIM2
SIM3
SIM4
1
21
22
SIM5
SIM1
SIM2
SIM3
SIM4
1
21
22
SIM5
SIM1
SIM2
SIM3
SIM4
1
21
22
SIM5
SIM1
SIM2
SIM3
SIM4
1
21
22
SIM5
SIM1
SIM2
SIM3
SIM4
1
21
22
SIM5
SIM1
SIM2
SIM3
SIM4
1
21
22
SIM5
SIM1
SIM2
SIM3
SIM4
1
21
22
SIM5
SIM1
SIM2
SIM3
SIM4
1
21
22
SIM5
SIM1
SIM2
SIM3
SIM4
1
21
22
SIM5
SIM1
SIM2
SIM3
SIM4
1
21
22
SIM5
SIM1
SIM2
SIM3
SIM4
1
21
22
SIM5
SIM1
SIM2
SIM3
SIM4
1
21
22
SIM5
SIM1
SIM2
SIM3
SIM4
1
21
22
SIM5
SIM1
SIM2
SIM3
SIM4
1
21
22
SIM5
SIM1
SIM2
SIM3
SIM4
1
21
22
SIM5
SIM1
SIM2
SIM3
SIM4
1
21
22
SIM5
SIM1
SIM2
SIM3
SIM4
1
21
22
SIM5
SIM1
SIM2
SIM3
SIM4
1
21
22
SIM5
SIM1
SIM2
SIM3
SIM4
1
21
22
SIM5
SIM1
SIM2
SIM3
SIM4
1
21
22
SIM5
SIM1
SIM2
SIM3
SIM4
1
21
22
SIM5
SIM1
SIM2
SIM3
SIM4
1
21
22
SIM5
SIM1
SIM2
SIM3
SIM4
1
21
22
SIM5
SIM1
SIM2
SIM3
SIM4
1
21
22
SIM5
SIM1
SIM2
SIM3
SIM4
1
21
22
SIM5
SIM1
SIM2
SIM3
SIM4
1
21
22
SIM5
SIM1
SIM2
SIM3
SIM4
1
21
22
SIM5
SIM1
SIM2
SIM3
SIM4
1
21
22
SIM5
SIM1
SIM2
SIM3
SIM4
1
21
22
SIM5
SIM1
SIM2
SIM3
SIM4
1
21
22
SIM5
SIM1
SIM2
SIM3
SIM4
1
21
22
SIM5
SIM1
SIM2
SIM3
SIM4
1
21
22
SIM5
SIM1
SIM2
SIM3
SIM4
1
21
22
SIM5
SIM1
SIM2
SIM3
SIM4
1
21
22
SIM5
SIM1
SIM2
SIM3
SIM4
1
21
22
SIM5
SIM1
SIM2
SIM3
SIM4
1
21
22
SIM5
SIM1
SIM2
SIM3
SIM4
1
21
22
SIM5
SIM1
SIM2
SIM3
SIM4
1
21
22
SIM5
SIM1
SIM2
SIM3
SIM4
1
21
22
SIM5
SIM1
SIM2
SIM3
SIM4
1
21
22
SIM5
SIM1
SIM2
SIM3
SIM4
1
21
22
SIM5
SIM1
SIM2
SIM3
SIM4
1
21
22
SIM5
SIM1
SIM2
SIM3
SIM4
1
21
22
SIM5
SIM1
SIM2
SIM3
SIM4
1
21
22
SIM5
SIM1
SIM2
SIM3
SIM4
1
21
22
SIM5
SIM1
SIM2
SIM3
SIM4
1
21
22
SIM5
SIM1
SIM2
SIM3
SIM4
1
21
22
SIM5
SIM1
SIM2
SIM3
SIM4
1
21
22
SIM5
SIM1
SIM2
SIM3
SIM4
1
21
22
SIM5
SIM1
SIM2
SIM3
SIM4
1
21
22
SIM5
SIM1
SIM2
SIM3
SIM4
1
21
22
SIM5
SIM1
SIM2
SIM3
SIM4
1
21
22
SIM5
SIM1
SIM2
SIM3
SIM4
1
21
22
SIM5
SIM1
SIM2
SIM3
SIM4
1
21
22
SIM5
SIM1
SIM2
SIM3
SIM4
1
21
22
SIM5
SIM1
SIM2
SIM3
SIM4
1
21
22
SIM5
SIM1
SIM2
SIM3
SIM4
1
21
22
SIM5
SIM1
SIM2
SIM3
SIM4
1
21
22
SIM5
SIM1
SIM2
SIM3
SIM4
1
21
22
SIM5
SIM1
SIM2
SIM3
SIM4
1
21
22
SIM5
SIM1
SIM2
SIM3
SIM4
1
21
22
SIM5
SIM1
SIM2
SIM3
SIM4
1
21
22
SIM5
SIM1
SIM2
SIM3
SIM4
1
21
22
SIM5
SIM1
SIM2
SIM3
SIM4
1
21
22
SIM5
SIM1
SIM2
SIM3
SIM4
1
21
22
SIM5
SIM1
SIM2
SIM3
SIM4
1
21
22
SIM5
SIM1
SIM2
SIM3
SIM4
1
21
22
SIM5
SIM1
SIM2
SIM3
SIM4
1
21
22
SIM5
SIM1
SIM2
SIM3
SIM4
1
21
22
SIM5
SIM1
SIM2
SIM3
SIM4
1
21
22
SIM5
SIM1
SIM2
SIM3
SIM4
1
21
22
SIM5
SIM1
SIM2
DEBUG 1 375
SIM1
SIM2
SIM3
SIM4
1
21
22
SIM5
SIM1
SIM2
SIM3
SIM4
1
21
22
SIM5
SIM1
SIM2
SIM3
SIM4
1
21
22
SIM5
SIM1
SIM2
SIM3
SIM4
1
21
22
SIM5
SIM1
SIM2
SIM3
SIM4
1
21
22
SIM5
SIM1
SIM2
SIM3
SIM4
1
21
22
SIM5
SIM1
SIM2
SIM3
SIM4
1
21
22
SIM5
SIM1
SIM2
SIM3
SIM4
1
21
22
SIM5
SIM1
SIM2
SIM3
SIM4
1
21
22
SIM5
SIM1
SIM2
SIM3
SIM4
1
21
22
SIM5
SIM1
SIM2
SIM3
SIM4
1
21
22
SIM5
SIM1
SIM2
SIM3
SIM4
1
21
22
SIM5
SIM1
SIM2
SIM3
SIM4
1
21
22
SIM5
SIM1
SIM2
SIM3
SIM4
1
21
22
SIM5
SIM1
SIM2
SIM3
SIM4
1
21
22
SIM5
SIM1
SIM2
SIM3
SIM4
1
21
22
SIM5
SIM1
SIM2
SIM3
SIM4
1
21
22
SIM5
SIM1
SIM2
SIM3
SIM4
1
21
22
SIM5
SIM1
SIM2
SIM3
SIM4
1
21
22
SIM5
SIM1
SIM2
SIM3
SIM4
1
21
22
SIM5
SIM1
SIM2
SIM3
SIM4
1
21
22
SIM5
SIM1
SIM2
SIM3
SIM4
1
21
22
SIM5
SIM1
SIM2
SIM3
SIM4
1
21
22
SIM5
SIM1
SIM2
SIM3
SIM4
1
21
22
SIM5
SIM1
SIM2
SIM3
SIM4
1
21
22
SIM5
SIM1
SIM2
SIM3
SIM4
1
21
22
SIM5
SIM1
SIM2
SIM3
SIM4
1
21
22
SIM5
SIM1
SIM2
SIM3
SIM4
1
21
22
SIM5
SIM1
SIM2
SIM3
SIM4
1
21
22
SIM5
SIM1
SIM2
SIM3
SIM4
1
21
22
SIM5
SIM1
SIM2
SIM3
SIM4
1
21
22
SIM5
SIM1
SIM2
SIM3
SIM4
1
21
22
SIM5
SIM1
SIM2
SIM3
SIM4
1
21
22
SIM5
SIM1
SIM2
SIM3
SIM4
1
21
22
SIM5
SIM1
SIM2
SIM3
SIM4
1
21
22
SIM5
SIM1
SIM2
SIM3
SIM4
1
21
22
SIM5
SIM1
SIM2
SIM3
SIM4
1
21
22
SIM5
SIM1
SIM2
SIM3
SIM4
1
21
22
SIM5
SIM1
SIM2
SIM3
SIM4
1
21
22
SIM5
SIM1
SIM2
SIM3
SIM4
1
21
22
SIM5
SIM1
SIM2
SIM3
SIM4
1
21
22
SIM5
SIM1
SIM2
SIM3
SIM4
1
21
22
SIM5
SIM1
SIM2
SIM3
SIM4
1
21
22
SIM5
SIM1
SIM2
SIM3
SIM4
1
21
22
SIM5
SIM1
SIM2
SIM3
SIM4
1
21
22
SIM5
SIM1
SIM2
SIM3
SIM4
1
21
22
SIM5
SIM1
SIM2
SIM3
SIM4
1
21
22
SIM5
SIM1
SIM2
SIM3
SIM4
1
21
22
SIM5
SIM1
SIM2
SIM3
SIM4
1
21
22
SIM5
SIM1
SIM2
SIM3
SIM4
1
21
22
SIM5
SIM1
SIM2
SIM3
SIM4
1
21
22
SIM5
SIM1
SIM2
SIM3
SIM4
1
21
22
SIM5
SIM1
SIM2
SIM3
SIM4
1
21
22
SIM5
SIM1
SIM2
SIM3
SIM4
1
21
22
SIM5
SIM1
SIM2
SIM3
SIM4
1
21
22
SIM5
SIM1
SIM2
SIM3
SIM4
1
21
22
SIM5
SIM1
SIM2
SIM3
SIM4
1
21
22
SIM5
SIM1
SIM2
SIM3
SIM4
1
21
22
SIM5
SIM1
SIM2
SIM3
SIM4
1
21
22
SIM5
SIM1
SIM2
SIM3
SIM4
1
21
22
SIM5
SIM1
SIM2
SIM3
SIM4
1
21
22
SIM5
SIM1
SIM2
SIM3
SIM4
1
21
22
SIM5
SIM1
SIM2
SIM3
SIM4
1
21
22
SIM5
SIM1
SIM2
SIM3
SIM4
1
21
22
SIM5
SIM1
SIM2
SIM3
SIM4
1
21
22
SIM5
SIM1
SIM2
SIM3
SIM4
1
21
22
SIM5
SIM1
SIM2
SIM3
SIM4
1
21
22
SIM5
SIM1
SIM2
SIM3
SIM4
1
21
22
SIM5
SIM1
SIM2
SIM3
SIM4
1
21
22
SIM5
SIM1
SIM2
SIM3
SIM4
1
21
22
SIM5
SIM1
SIM2
SIM3
SIM4
1
21
22
SIM5
SIM1
SIM2
SIM3
SIM4
1
21
22
SIM5
SIM1
SIM2
SIM3
SIM4
1
21
22
SIM5
SIM1
SIM2
SIM3
SIM4
1
21
22
SIM5
SIM1
SIM2
SIM3
SIM4
1
21
22
SIM5
SIM1
SIM2
SIM3
SIM4
1
21
22
SIM5
SIM1
SIM2
SIM3
SIM4
1
21
22
SIM5
SIM1
SIM2
SIM3
SIM4
1
21
22
SIM5
SIM1
SIM2
SIM3
SIM4
1
21
22
SIM5
SIM1
SIM2
SIM3
SIM4
1
21
22
SIM5
SIM1
SIM2
SIM3
SIM4
1
21
22
SIM5
SIM1
SIM2
SIM3
SIM4
1
21
22
SIM5
SIM1
SIM2
SIM3
SIM4
1
21
22
SIM5
SIM1
SIM2
SIM3
SIM4
1
21
22
SIM5
SIM1
SIM2
SIM3
SIM4
1
21
22
SIM5
SIM1
SIM2
SIM3
SIM4
1
21
22
SIM5
SIM1
SIM2
SIM3
SIM4
1
21
22
SIM5
SIM1
SIM2
SIM3
SIM4
1
21
22
SIM5
SIM1
SIM2
SIM3
SIM4
1
21
22
SIM5
SIM1
SIM2
SIM3
SIM4
1
21
22
SIM5
SIM1
SIM2
SIM3
SIM4
1
21
22
SIM5
SIM1
SIM2
SIM3
SIM4
1
21
22
SIM5
SIM1
SIM2
SIM3
SIM4
1
21
22
SIM5
SIM1
SIM2
SIM3
SIM4
1
21
22
SIM5
SIM1
SIM2
SIM3
SIM4
1
21
22
SIM5
SIM1
SIM2
SIM3
SIM4
1
21
22
SIM5
SIM1
SIM2
SIM3
SIM4
1
21
22
SIM5
SIM1
SIM2
SIM3
SIM4
1
21
22
SIM5
SIM1
SIM2
SIM3
SIM4
1
21
22
SIM5
SIM1
SIM2
SIM3
SIM4
1
21
22
SIM5
SIM1
SIM2
SIM3
SIM4
1
21
22
SIM5
SIM1
SIM2
SIM3
SIM4
1
21
22
SIM5
SIM1
SIM2
SIM3
SIM4
1
21
22
SIM5
SIM1
SIM2
SIM3
SIM4
1
21
22
SIM5
SIM1
SIM2
SIM3
SIM4
1
21
22
SIM5
SIM1
SIM2
SIM3
SIM4
1
21
22
SIM5
SIM1
SIM2
SIM3
SIM4
1
21
22
SIM5
SIM1
SIM2
SIM3
SIM4
1
21
22
SIM5
SIM1
SIM2
SIM3
SIM4
1
21
22
SIM5
SIM1
SIM2
SIM3
SIM4
1
21
22
SIM5
SIM1
SIM2
SIM3
SIM4
1
21
22
SIM5
SIM1
SIM2
SIM3
SIM4
1
21
22
SIM5
SIM1
SIM2
SIM3
SIM4
1
21
22
SIM5
SIM1
SIM2
SIM3
SIM4
1
21
22
SIM5
SIM1
SIM2
SIM3
SIM4
1
21
22
SIM5
SIM1
SIM2
SIM3
SIM4
1
21
22
SIM5
SIM1
SIM2
SIM3
SIM4
1
21
22
SIM5
SIM1
SIM2
SIM3
SIM4
1
21
22
SIM5
SIM1
SIM2
SIM3
SIM4
1
21
22
SIM5
SIM1
SIM2
SIM3
SIM4
1
21
22
SIM5
SIM1
SIM2
SIM3
SIM4
1
21
22
SIM5
SIM1
SIM2
SIM3
SIM4
1
21
22
SIM5
SIM1
SIM2
SIM3
SIM4
1
21
22
SIM5
SIM1
SIM2
SIM3
SIM4
1
21
22
SIM5
SIM1
SIM2
SIM3
SIM4
1
21
22
SIM5
SIM1
SIM2
SIM3
SIM4
1
21
22
SIM5
SIM1
SIM2
SIM3
SIM4
1
21
22
SIM5
SIM1
SIM2
SIM3
SIM4
1
21
22
SIM5
SIM1
SIM2
SIM3
SIM4
1
21
22
SIM5
SIM1
SIM2
SIM3
SIM4
1
21
22
SIM5
SIM1
SIM2
SIM3
SIM4
1
21
22
SIM5
SIM1
SIM2
SIM3
SIM4
1
21
22
SIM5
SIM1
SIM2
SIM3
SIM4
1
21
22
SIM5
SIM1
SIM2
SIM3
SIM4
1
21
22
SIM5
SIM1
SIM2
SIM3
SIM4
1
21
22
SIM5
SIM1
SIM2
SIM3
SIM4
1
21
22
SIM5
SIM1
SIM2
SIM3
SIM4
1
21
22
SIM5
SIM1
SIM2
SIM3
SIM4
1
21
22
SIM5
SIM1
SIM2
SIM3
SIM4
1
21
22
SIM5
SIM1
SIM2
SIM3
SIM4
1
21
22
SIM5
SIM1
SIM2
SIM3
SIM4
1
21
22
SIM5
SIM1
SIM2
SIM3
SIM4
1
21
22
SIM5
SIM1
SIM2
SIM3
SIM4
1
21
22
SIM5
SIM1
SIM2
SIM3
SIM4
1
21
22
SIM5
SIM1
SIM2
SIM3
SIM4
1
21
22
SIM5
SIM1
SIM2
SIM3
SIM4
1
21
22
SIM5
SIM1
SIM2
SIM3
SIM4
1
21
22
SIM5
SIM1
SIM2
SIM3
SIM4
1
21
22
SIM5
SIM1
SIM2
SIM3
SIM4
1
21
22
SIM5
SIM1
SIM2
SIM3
SIM4
1
21
22
SIM5
SIM1
SIM2
SIM3
SIM4
1
21
22
SIM5
SIM1
SIM2
SIM3
SIM4
1
21
22
SIM5
SIM1
SIM2
SIM3
SIM4
1
21
22
SIM5
SIM1
SIM2
SIM3
SIM4
1
21
22
SIM5
SIM1
SIM2
SIM3
SIM4
1
21
22
SIM5
SIM1
SIM2
SIM3
SIM4
1
21
22
SIM5
SIM1
SIM2
SIM3
SIM4
1
21
22
SIM5
SIM1
SIM2
SIM3
SIM4
1
21
22
SIM5
SIM1
SIM2
SIM3
SIM4
1
21
22
SIM5
SIM1
SIM2
SIM3
SIM4
1
21
22
SIM5
SIM1
SIM2
SIM3
SIM4
1
21
22
SIM5
SIM1
SIM2
SIM3
SIM4
1
21
22
SIM5
SIM1
SIM2
SIM3
SIM4
1
21
22
SIM5
SIM1
SIM2
SIM3
SIM4
1
21
22
SIM5
SIM1
SIM2
SIM3
SIM4
1
21
22
SIM5
SIM1
SIM2
SIM3
SIM4
1
21
22
SIM5
SIM1
SIM2
SIM3
SIM4
1
21
22
SIM5
SIM1
SIM2
SIM3
SIM4
1
21
22
SIM5
SIM1
SIM2
SIM3
SIM4
1
21
22
SIM5
SIM1
SIM2
SIM3
SIM4
1
21
22
SIM5
SIM1
SIM2
SIM3
SIM4
1
21
22
SIM5
SIM1
SIM2
SIM3
SIM4
1
21
22
SIM5
SIM1
SIM2
SIM3
SIM4
1
21
22
SIM5
SIM1
SIM2
SIM3
SIM4
1
21
22
SIM5
SIM1
SIM2
SIM3
SIM4
1
21
22
SIM5
SIM1
SIM2
SIM3
SIM4
1
21
22
SIM5
SIM1
SIM2
SIM3
SIM4
1
21
22
SIM5
SIM1
SIM2
SIM3
SIM4
1
21
22
SIM5
SIM1
SIM2
SIM3
SIM4
1
21
22
SIM5
SIM1
SIM2
SIM3
SIM4
1
21
22
SIM5
SIM1
SIM2
SIM3
SIM4
1
21
22
SIM5
SIM1
SIM2
SIM3
SIM4
1
21
22
SIM5
SIM1
SIM2
SIM3
SIM4
1
21
22
SIM5
SIM1
SIM2
SIM3
SIM4
1
21
22
SIM5
SIM1
SIM2
SIM3
SIM4
1
21
22
SIM5
SIM1
SIM2
SIM3
SIM4
1
21
22
SIM5
SIM1
SIM2
SIM3
SIM4
1
21
22
SIM5
SIM1
SIM2
SIM3
SIM4
1
21
22
SIM5
SIM1
SIM2
SIM3
SIM4
1
21
22
SIM5
SIM1
SIM2
SIM3
SIM4
1
21
22
SIM5
SIM1
SIM2
SIM3
SIM4
1
21
22
SIM5
SIM1
SIM2
SIM3
SIM4
1
21
22
SIM5
SIM1
SIM2
SIM3
SIM4
1
21
22
SIM5
SIM1
SIM2
DEBUG 1 376
SIM1
SIM2
SIM3
SIM4
1
21
22
SIM5
SIM1
SIM2
SIM3
SIM4
1
21
22
SIM5
SIM1
SIM2
SIM3
SIM4
1
21
22
SIM5
SIM1
SIM2
SIM3
SIM4
1
21
22
SIM5
SIM1
SIM2
SIM3
SIM4
1
21
22
SIM5
SIM1
SIM2
SIM3
SIM4
1
21
22
SIM5
SIM1
SIM2
SIM3
SIM4
1
21
22
SIM5
SIM1
SIM2
SIM3
SIM4
1
21
22
SIM5
SIM1
SIM2
SIM3
SIM4
1
21
22
SIM5
SIM1
SIM2
SIM3
SIM4
1
21
22
SIM5
SIM1
SIM2
SIM3
SIM4
1
21
22
SIM5
SIM1
SIM2
SIM3
SIM4
1
21
22
SIM5
SIM1
SIM2
SIM3
SIM4
1
21
22
SIM5
SIM1
SIM2
SIM3
SIM4
1
21
22
SIM5
SIM1
SIM2
SIM3
SIM4
1
21
22
SIM5
SIM1
SIM2
SIM3
SIM4
1
21
22
SIM5
SIM1
SIM2
SIM3
SIM4
1
21
22
SIM5
SIM1
SIM2
SIM3
SIM4
1
21
22
SIM5
SIM1
SIM2
SIM3
SIM4
1
21
22
SIM5
SIM1
SIM2
SIM3
SIM4
1
21
22
SIM5
SIM1
SIM2
SIM3
SIM4
1
21
22
SIM5
SIM1
SIM2
SIM3
SIM4
1
21
22
SIM5
SIM1
SIM2
SIM3
SIM4
1
21
22
SIM5
SIM1
SIM2
SIM3
SIM4
1
21
22
SIM5
SIM1
SIM2
SIM3
SIM4
1
21
22
SIM5
SIM1
SIM2
SIM3
SIM4
1
21
22
SIM5
SIM1
SIM2
SIM3
SIM4
1
21
22
SIM5
SIM1
SIM2
SIM3
SIM4
1
21
22
SIM5
SIM1
SIM2
SIM3
SIM4
1
21
22
SIM5
SIM1
SIM2
SIM3
SIM4
1
21
22
SIM5
SIM1
SIM2
SIM3
SIM4
1
21
22
SIM5
SIM1
SIM2
SIM3
SIM4
1
21
22
SIM5
SIM1
SIM2
SIM3
SIM4
1
21
22
SIM5
SIM1
SIM2
SIM3
SIM4
1
21
22
SIM5
SIM1
SIM2
SIM3
SIM4
1
21
22
SIM5
SIM1
SIM2
SIM3
SIM4
1
21
22
SIM5
SIM1
SIM2
SIM3
SIM4
1
21
22
SIM5
SIM1
SIM2
SIM3
SIM4
1
21
22
SIM5
SIM1
SIM2
SIM3
SIM4
1
21
22
SIM5
SIM1
SIM2
SIM3
SIM4
1
21
22
SIM5
SIM1
SIM2
SIM3
SIM4
1
21
22
SIM5
SIM1
SIM2
SIM3
SIM4
1
21
22
SIM5
SIM1
SIM2
SIM3
SIM4
1
21
22
SIM5
SIM1
SIM2
SIM3
SIM4
1
21
22
SIM5
SIM1
SIM2
SIM3
SIM4
1
21
22
SIM5
SIM1
SIM2
SIM3
SIM4
1
21
22
SIM5
SIM1
SIM2
SIM3
SIM4
1
21
22
SIM5
SIM1
SIM2
SIM3
SIM4
1
21
22
SIM5
SIM1
SIM2
SIM3
SIM4
1
21
22
SIM5
SIM1
SIM2
SIM3
SIM4
1
21
22
SIM5
SIM1
SIM2
SIM3
SIM4
1
21
22
SIM5
SIM1
SIM2
SIM3
SIM4
1
21
22
SIM5
SIM1
SIM2
SIM3
SIM4
1
21
22
SIM5
SIM1
SIM2
SIM3
SIM4
1
21
22
SIM5
SIM1
SIM2
SIM3
SIM4
1
21
22
SIM5
SIM1
SIM2
SIM3
SIM4
1
21
22
SIM5
SIM1
SIM2
SIM3
SIM4
1
21
22
SIM5
SIM1
SIM2
SIM3
SIM4
1
21
22
SIM5
SIM1
SIM2
SIM3
SIM4
1
21
22
SIM5
SIM1
SIM2
SIM3
SIM4
1
21
22
SIM5
SIM1
SIM2
SIM3
SIM4
1
21
22
SIM5
SIM1
SIM2
SIM3
SIM4
1
21
22
SIM5
SIM1
SIM2
SIM3
SIM4
1
21
22
SIM5
SIM1
SIM2
SIM3
SIM4
1
21
22
SIM5
SIM1
SIM2
SIM3
SIM4
1
21
22
SIM5
SIM1
SIM2
SIM3
SIM4
1
21
22
SIM5
SIM1
SIM2
SIM3
SIM4
1
21
22
SIM5
SIM1
SIM2
SIM3
SIM4
1
21
22
SIM5
SIM1
SIM2
SIM3
SIM4
1
21
22
SIM5
SIM1
SIM2
SIM3
SIM4
1
21
22
SIM5
SIM1
SIM2
SIM3
SIM4
1
21
22
SIM5
SIM1
SIM2
SIM3
SIM4
1
21
22
SIM5
SIM1
SIM2
SIM3
SIM4
1
21
22
SIM5
SIM1
SIM2
SIM3
SIM4
1
21
22
SIM5
SIM1
SIM2
SIM3
SIM4
1
21
22
SIM5
SIM1
SIM2
SIM3
SIM4
1
21
22
SIM5
SIM1
SIM2
SIM3
SIM4
1
21
22
SIM5
SIM1
SIM2
SIM3
SIM4
1
21
22
SIM5
SIM1
SIM2
SIM3
SIM4
1
21
22
SIM5
SIM1
SIM2
SIM3
SIM4
1
21
22
SIM5
SIM1
SIM2
SIM3
SIM4
1
21
22
SIM5
SIM1
SIM2
SIM3
SIM4
1
21
22
SIM5
SIM1
SIM2
SIM3
SIM4
1
21
22
SIM5
SIM1
SIM2
SIM3
SIM4
1
21
22
SIM5
SIM1
SIM2
SIM3
SIM4
1
21
22
SIM5
SIM1
SIM2
SIM3
SIM4
1
21
22
SIM5
SIM1
SIM2
SIM3
SIM4
1
21
22
SIM5
SIM1
SIM2
SIM3
SIM4
1
21
22
SIM5
SIM1
SIM2
SIM3
SIM4
1
21
22
SIM5
SIM1
SIM2
SIM3
SIM4
1
21
22
SIM5
SIM1
SIM2
SIM3
SIM4
1
21
22
SIM5
SIM1
SIM2
SIM3
SIM4
1
21
22
SIM5
SIM1
SIM2
SIM3
SIM4
1
21
22
SIM5
SIM1
SIM2
SIM3
SIM4
1
21
22
SIM5
SIM1
SIM2
SIM3
SIM4
1
21
22
SIM5
SIM1
SIM2
SIM3
SIM4
1
21
22
SIM5
SIM1
SIM2
SIM3
SIM4
1
21
22
SIM5
SIM1
SIM2
SIM3
SIM4
1
21
22
SIM5
SIM1
SIM2
SIM3
SIM4
1
21
22
SIM5
SIM1
SIM2
SIM3
SIM4
1
21
22
SIM5
SIM1
SIM2
SIM3
SIM4
1
21
22
SIM5
SIM1
SIM2
SIM3
SIM4
1
21
22
SIM5
SIM1
SIM2
SIM3
SIM4
1
21
22
SIM5
SIM1
SIM2
SIM3
SIM4
1
21
22
SIM5
SIM1
SIM2
SIM3
SIM4
1
21
22
SIM5
SIM1
SIM2
SIM3
SIM4
1
21
22
SIM5
SIM1
SIM2
SIM3
SIM4
1
21
22
SIM5
SIM1
SIM2
SIM3
SIM4
1
21
22
SIM5
SIM1
SIM2
SIM3
SIM4
1
21
22
SIM5
SIM1
SIM2
SIM3
SIM4
1
21
22
SIM5
SIM1
SIM2
SIM3
SIM4
1
21
22
SIM5
SIM1
SIM2
SIM3
SIM4
1
21
22
SIM5
SIM1
SIM2
SIM3
SIM4
1
21
22
SIM5
SIM1
SIM2
SIM3
SIM4
1
21
22
SIM5
SIM1
SIM2
SIM3
SIM4
1
21
22
SIM5
SIM1
SIM2
SIM3
SIM4
1
21
22
SIM5
SIM1
SIM2
SIM3
SIM4
1
21
22
SIM5
SIM1
SIM2
SIM3
SIM4
1
21
22
SIM5
SIM1
SIM2
SIM3
SIM4
1
21
22
SIM5
SIM1
SIM2
SIM3
SIM4
1
21
22
SIM5
SIM1
SIM2
SIM3
SIM4
1
21
22
SIM5
SIM1
SIM2
SIM3
SIM4
1
21
22
SIM5
SIM1
SIM2
SIM3
SIM4
1
21
22
SIM5
SIM1
SIM2
SIM3
SIM4
1
21
22
SIM5
SIM1
SIM2
SIM3
SIM4
1
21
22
SIM5
SIM1
SIM2
SIM3
SIM4
1
21
22
SIM5
SIM1
SIM2
SIM3
SIM4
1
21
22
SIM5
SIM1
SIM2
SIM3
SIM4
1
21
22
SIM5
SIM1
SIM2
SIM3
SIM4
1
21
22
SIM5
SIM1
SIM2
SIM3
SIM4
1
21
22
SIM5
SIM1
SIM2
SIM3
SIM4
1
21
22
SIM5
SIM1
SIM2
SIM3
SIM4
1
21
22
SIM5
SIM1
SIM2
SIM3
SIM4
1
21
22
SIM5
SIM1
SIM2
SIM3
SIM4
1
21
22
SIM5
SIM1
SIM2
SIM3
SIM4
1
21
22
SIM5
SIM1
SIM2
SIM3
SIM4
1
21
22
SIM5
SIM1
SIM2
SIM3
SIM4
1
21
22
SIM5
SIM1
SIM2
SIM3
SIM4
1
21
22
SIM5
SIM1
SIM2
SIM3
SIM4
1
21
22
SIM5
SIM1
SIM2
SIM3
SIM4
1
21
22
SIM5
SIM1
SIM2
SIM3
SIM4
1
21
22
SIM5
SIM1
SIM2
SIM3
SIM4
1
21
22
SIM5
SIM1
SIM2
SIM3
SIM4
1
21
22
SIM5
SIM1
SIM2
SIM3
SIM4
1
21
22
SIM5
SIM1
SIM2
SIM3
SIM4
1
21
22
SIM5
SIM1
SIM2
SIM3
SIM4
1
21
22
SIM5
SIM1
SIM2
SIM3
SIM4
1
21
22
SIM5
SIM1
SIM2
SIM3
SIM4
1
21
22
SIM5
SIM1
SIM2
SIM3
SIM4
1
21
22
SIM5
SIM1
SIM2
SIM3
SIM4
1
21
22
SIM5
SIM1
SIM2
SIM3
SIM4
1
21
22
SIM5
SIM1
SIM2
SIM3
SIM4
1
21
22
SIM5
SIM1
SIM2
SIM3
SIM4
1
21
22
SIM5
SIM1
SIM2
SIM3
SIM4
1
21
22
SIM5
SIM1
SIM2
SIM3
SIM4
1
21
22
SIM5
SIM1
SIM2
SIM3
SIM4
1
21
22
SIM5
SIM1
SIM2
SIM3
SIM4
1
21
22
SIM5
SIM1
SIM2
SIM3
SIM4
1
21
22
SIM5
SIM1
SIM2
SIM3
SIM4
1
21
22
SIM5
SIM1
SIM2
SIM3
SIM4
1
21
22
SIM5
SIM1
SIM2
SIM3
SIM4
1
21
22
SIM5
SIM1
SIM2
SIM3
SIM4
1
21
22
SIM5
SIM1
SIM2
SIM3
SIM4
1
21
22
SIM5
SIM1
SIM2
SIM3
SIM4
1
21
22
SIM5
SIM1
SIM2
SIM3
SIM4
1
21
22
SIM5
SIM1
SIM2
SIM3
SIM4
1
21
22
SIM5
SIM1
SIM2
SIM3
SIM4
1
21
22
SIM5
SIM1
SIM2
SIM3
SIM4
1
21
22
SIM5
SIM1
SIM2
SIM3
SIM4
1
21
22
SIM5
SIM1
SIM2
SIM3
SIM4
1
21
22
SIM5
SIM1
SIM2
SIM3
SIM4
1
21
22
SIM5
SIM1
SIM2
SIM3
SIM4
1
21
22
SIM5
SIM1
SIM2
SIM3
SIM4
1
21
22
SIM5
SIM1
SIM2
SIM3
SIM4
1
21
22
SIM5
SIM1
SIM2
SIM3
SIM4
1
21
22
SIM5
SIM1
SIM2
SIM3
SIM4
1
21
22
SIM5
SIM1
SIM2
SIM3
SIM4
1
21
22
SIM5
SIM1
SIM2
SIM3
SIM4
1
21
22
SIM5
SIM1
SIM2
SIM3
SIM4
1
21
22
SIM5
SIM1
SIM2
SIM3
SIM4
1
21
22
SIM5
SIM1
SIM2
SIM3
SIM4
1
21
22
SIM5
SIM1
SIM2
SIM3
SIM4
1
21
22
SIM5
SIM1
SIM2
SIM3
SIM4
1
21
22
SIM5
SIM1
SIM2
SIM3
SIM4
1
21
22
SIM5
SIM1
SIM2
SIM3
SIM4
1
21
22
SIM5
SIM1
SIM2
SIM3
SIM4
1
21
22
SIM5
SIM1
SIM2
SIM3
SIM4
1
21
22
SIM5
SIM1
SIM2
SIM3
SIM4
1
21
22
SIM5
SIM1
SIM2
SIM3
SIM4
1
21
22
SIM5
SIM1
SIM2
SIM3
SIM4
1
21
22
SIM5
SIM1
SIM2
SIM3
SIM4
1
21
22
SIM5
SIM1
SIM2
SIM3
SIM4
1
21
22
SIM5
SIM1
SIM2
SIM3
SIM4
1
21
22
SIM5
SIM1
SIM2
SIM3
SIM4
1
21
22
SIM5
SIM1
SIM2
SIM3
SIM4
1
21
22
SIM5
SIM1
SIM2
SIM3
SIM4
1
21
22
SIM5
SIM1
SIM2
SIM3
SIM4
1
21
22
SIM5
SIM1
SIM2
SIM3
SIM4
1
21
22
SIM5
SIM1
SIM2
SIM3
SIM4
1
21
22
SIM5
SIM1
SIM2
SIM3
SIM4
1
21
22
SIM5
SIM1
SIM2
SIM3
SIM4
1
21
22
SIM5
SIM1
SIM2
SIM3
SIM4
1
21
22
SIM5
SIM1
SIM2
SIM3
SIM4
1
21
22
SIM5
SIM1
SIM2
SIM3
SIM4
1
21
22
SIM5
SIM1
SIM2
SIM3
SIM4
1
21
22
SIM5
SIM1
SIM2
SIM3
SIM4
1
21
22
SIM5
SIM1
SIM2
SIM3
SIM4
1
21
22
SIM5
SIM1
SIM2
SIM3
SIM4
1
21
22
SIM5
SIM1
SIM2
SIM3
SIM4
1
21
22
SIM5
SIM1
SIM2
SIM3
SIM4
1
21
22
SIM5
SIM1
SIM2
SIM3
SIM4
1
21
22
SIM5
SIM1
SIM2
SIM3
SIM4
1
21
22
SIM5
SIM1
SIM2
SIM3
SIM4
1
21
22
SIM5
SIM1
SIM2
SIM3
SIM4
1
21
22
SIM5
SIM1
SIM2
SIM3
SIM4
1
21
22
SIM5
SIM1
SIM2
SIM3
SIM4
1
21
22
SIM5
SIM1
SIM2
SIM3
SIM4
1
21
22
SIM5
SIM1
SIM2
SIM3
SIM4
1
21
22
SIM5
SIM1
SIM2
SIM3
SIM4
1
21
22
SIM5
SIM1
SIM2
SIM3
SIM4
1
21
22
SIM5
SIM1
SIM2
SIM3
SIM4
1
21
22
SIM5
SIM1
SIM2
SIM3
SIM4
1
21
22
SIM5
SIM1
SIM2
SIM3
SIM4
1
21
22
SIM5
SIM1
SIM2
SIM3
SIM4
1
21
22
SIM5
SIM1
SIM2
SIM3
SIM4
1
21
22
SIM5
SIM1
SIM2
SIM3
SIM4
1
21
22
SIM5
SIM1
SIM2
SIM3
SIM4
1
21
22
SIM5
SIM1
SIM2
SIM3
SIM4
1
21
22
SIM5
SIM1
SIM2
SIM3
SIM4
1
21
22
SIM5
SIM1
SIM2
SIM3
SIM4
1
21
22
SIM5
SIM1
SIM2
SIM3
SIM4
1
21
22
SIM5
SIM1
SIM2
SIM3
SIM4
1
21
22
SIM5
SIM1
SIM2
SIM3
SIM4
1
21
22
SIM5
SIM1
SIM2
SIM3
SIM4
1
21
22
SIM5
SIM1
SIM2
SIM3
SIM4
1
21
22
SIM5
SIM1
SIM2
SIM3
SIM4
1
21
22
SIM5
SIM1
SIM2
SIM3
SIM4
1
21
22
SIM5
SIM1
SIM2
SIM3
SIM4
1
21
22
SIM5
SIM1
SIM2
SIM3
SIM4
1
21
22
SIM5
SIM1
SIM2
SIM3
SIM4
1
21
22
SIM5
SIM1
SIM2
SIM3
SIM4
1
21
22
SIM5
SIM1
SIM2
SIM3
SIM4
1
21
22
SIM5
SIM1
SIM2
SIM3
SIM4
1
21
22
SIM5
SIM1
SIM2
SIM3
SIM4
1
21
22
SIM5
SIM1
SIM2
SIM3
SIM4
1
21
22
SIM5
SIM1
SIM2
SIM3
SIM4
1
21
22
SIM5
SIM1
SIM2
SIM3
SIM4
1
21
22
SIM5
SIM1
SIM2
SIM3
SIM4
1
21
22
SIM5
SIM1
SIM2
SIM3
SIM4
1
21
22
SIM5
SIM1
SIM2
SIM3
SIM4
1
21
22
SIM5
SIM1
SIM2
SIM3
SIM4
1
21
22
SIM5
SIM1
SIM2
SIM3
SIM4
1
21
22
SIM5
SIM1
SIM2
SIM3
SIM4
1
21
22
SIM5
SIM1
SIM2
SIM3
SIM4
1
21
22
SIM5
SIM1
SIM2
SIM3
SIM4
1
21
22
SIM5
SIM1
SIM2
SIM3
SIM4
1
21
22
SIM5
SIM1
SIM2
SIM3
SIM4
1
21
22
SIM5
SIM1
SIM2
SIM3
SIM4
1
21
22
SIM5
SIM1
SIM2
SIM3
SIM4
1
21
22
SIM5
SIM1
SIM2
SIM3
SIM4
1
21
22
SIM5
SIM1
SIM2
SIM3
SIM4
1
21
22
SIM5
SIM1
SIM2
SIM3
SIM4
1
21
22
SIM5
SIM1
SIM2
SIM3
SIM4
1
21
22
SIM5
SIM1
SIM2
SIM3
SIM4
1
21
22
SIM5
SIM1
SIM2
SIM3
SIM4
1
21
22
SIM5
SIM1
SIM2
SIM3
SIM4
1
21
22
SIM5
SIM1
SIM2
SIM3
SIM4
1
21
22
SIM5
SIM1
SIM2
SIM3
SIM4
1
21
22
SIM5
SIM1
SIM2
SIM3
SIM4
1
21
22
SIM5
SIM1
SIM2
SIM3
SIM4
1
21
22
SIM5
SIM1
SIM2
SIM3
SIM4
1
21
22
SIM5
SIM1
SIM2
SIM3
SIM4
1
21
22
SIM5
SIM1
SIM2
SIM3
SIM4
1
21
22
SIM5
SIM1
SIM2
SIM3
SIM4
1
21
22
SIM5
SIM1
SIM2
SIM3
SIM4
1
21
22
SIM5
SIM1
SIM2
SIM3
SIM4
1
21
22
SIM5
SIM1
SIM2
SIM3
SIM4
1
21
22
SIM5
SIM1
SIM2
SIM3
SIM4
1
21
22
SIM5
SIM1
SIM2
SIM3
SIM4
1
21
22
SIM5
SIM1
SIM2
SIM3
SIM4
1
21
22
SIM5
SIM1
SIM2
SIM3
SIM4
1
21
22
SIM5
SIM1
SIM2
SIM3
SIM4
1
21
22
SIM5
SIM1
SIM2
SIM3
SIM4
1
21
22
SIM5
SIM1
SIM2
SIM3
SIM4
1
21
22
SIM5
SIM1
SIM2
SIM3
SIM4
1
21
22
SIM5
SIM1
SIM2
SIM3
SIM4
1
21
22
SIM5
SIM1
SIM2
SIM3
SIM4
1
21
22
SIM5
SIM1
SIM2
SIM3
SIM4
1
21
22
SIM5
SIM1
SIM2
SIM3
SIM4
1
21
22
SIM5
SIM1
SIM2
SIM3
SIM4
1
21
22
SIM5
SIM1
SIM2
SIM3
SIM4
1
21
22
SIM5
SIM1
SIM2
SIM3
SIM4
1
21
22
SIM5
SIM1
SIM2
SIM3
SIM4
1
21
22
SIM5
SIM1
SIM2
SIM3
SIM4
1
21
22
SIM5
SIM1
SIM2
SIM3
SIM4
1
21
22
SIM5
SIM1
SIM2
SIM3
SIM4
1
21
22
SIM5
SIM1
SIM2
SIM3
SIM4
1
21
22
SIM5
SIM1
SIM2
SIM3
SIM4
1
21
22
SIM5
SIM1
SIM2
SIM3
SIM4
1
21
22
SIM5
SIM1
SIM2
SIM3
SIM4
1
21
22
SIM5
SIM1
SIM2
SIM3
SIM4
1
21
22
SIM5
SIM1
SIM2
SIM3
SIM4
1
21
22
SIM5
SIM1
SIM2
SIM3
SIM4
1
21
22
SIM5
SIM1
SIM2
SIM3
SIM4
1
21
22
SIM5
SIM1
SIM2
SIM3
SIM4
1
21
22
SIM5
SIM1
SIM2
SIM3
SIM4
1
21
22
SIM5
SIM1
SIM2
SIM3
SIM4
1
21
22
SIM5
SIM1
SIM2
SIM3
SIM4
1
21
22
SIM5
SIM1
SIM2
SIM3
SIM4
1
21
22
SIM5
SIM1
SIM2
SIM3
SIM4
1
21
22
SIM5
SIM1
SIM2
SIM3
SIM4
1
21
22
SIM5
SIM1
SIM2
SIM3
SIM4
1
21
22
SIM5
SIM1
SIM2
SIM3
SIM4
1
21
22
SIM5
SIM1
SIM2
SIM3
SIM4
1
21
22
SIM5
SIM1
SIM2
SIM3
SIM4
1
21
22
SIM5
SIM1
SIM2
SIM3
SIM4
1
21
22
SIM5
SIM1
SIM2
SIM3
SIM4
1
21
22
SIM5
SIM1
SIM2
SIM3
SIM4
1
21
22
SIM5
SIM1
SIM2
SIM3
SIM4
1
21
22
SIM5
SIM1
SIM2
SIM3
SIM4
1
21
22
SIM5
SIM1
SIM2
SIM3
SIM4
1
21
22
SIM5
SIM1
SIM2
SIM3
SIM4
1
21
22
SIM5
SIM1
SIM2
SIM3
SIM4
1
21
22
SIM5
SIM1
SIM2
SIM3
SIM4
1
21
22
SIM5
SIM1
SIM2
SIM3
SIM4
1
21
22
SIM5
SIM1
SIM2
SIM3
SIM4
1
21
22
SIM5
SIM1
SIM2
SIM3
SIM4
1
21
22
SIM5
SIM1
SIM2
SIM3
SIM4
1
21
22
SIM5
SIM1
SIM2
SIM3
SIM4
1
21
22
SIM5
SIM1
SIM2
SIM3
SIM4
1
21
22
SIM5
SIM1
SIM2
SIM3
SIM4
1
21
22
SIM5
SIM1
SIM2
SIM3
SIM4
1
21
22
SIM5
SIM1
SIM2
SIM3
SIM4
1
21
22
SIM5
SIM1
SIM2
SIM3
SIM4
1
21
22
SIM5
SIM1
SIM2
SIM3
SIM4
1
21
22
SIM5
SIM1
SIM2
SIM3
SIM4
1
21
22
SIM5
SIM1
SIM2
SIM3
SIM4
1
21
22
SIM5
SIM1
SIM2
SIM3
SIM4
1
21
22
SIM5
SIM1
SIM2
SIM3
SIM4
1
21
22
SIM5
SIM1
SIM2
SIM3
SIM4
1
21
22
SIM5
SIM1
SIM2
SIM3
SIM4
1
21
22
SIM5
SIM1
SIM2
SIM3
SIM4
1
21
22
SIM5
SIM1
SIM2
SIM3
SIM4
1
21
22
SIM5
SIM1
SIM2
SIM3
SIM4
1
21
22
SIM5
SIM1
SIM2
SIM3
SIM4
1
21
22
SIM5
SIM1
SIM2
SIM3
SIM4
1
21
22
SIM5
SIM1
SIM2
SIM3
SIM4
1
21
22
SIM5
SIM1
SIM2
SIM3
SIM4
1
21
22
SIM5
SIM1
SIM2
SIM3
SIM4
1
21
22
SIM5
SIM1
SIM2
SIM3
SIM4
1
21
22
SIM5
SIM1
SIM2
SIM3
SIM4
1
21
22
SIM5
SIM1
SIM2
SIM3
SIM4
1
21
22
SIM5
SIM1
SIM2
SIM3
SIM4
1
21
22
SIM5
SIM1
SIM2
SIM3
SIM4
1
21
22
SIM5
SIM1
SIM2
SIM3
SIM4
1
21
22
SIM5
SIM1
SIM2
SIM3
SIM4
1
21
22
SIM5
SIM1
SIM2
SIM3
SIM4
1
21
22
SIM5
SIM1
SIM2
SIM3
SIM4
1
21
22
SIM5
SIM1
SIM2
SIM3
SIM4
1
21
22
SIM5
SIM1
SIM2
SIM3
SIM4
1
21
22
SIM5
SIM1
SIM2
SIM3
SIM4
1
21
22
SIM5
SIM1
SIM2
SIM3
SIM4
1
21
22
SIM5
SIM1
SIM2
SIM3
SIM4
1
21
22
SIM5
SIM1
SIM2
SIM3
SIM4
1
21
22
SIM5
SIM1
SIM2
SIM3
SIM4
1
21
22
SIM5
SIM1
SIM2
SIM3
SIM4
1
21
22
SIM5
SIM1
SIM2
SIM3
SIM4
1
21
22
SIM5
SIM1
SIM2
SIM3
SIM4
1
21
22
SIM5
SIM1
SIM2
SIM3
SIM4
1
21
22
SIM5
SIM1
SIM2
SIM3
SIM4
1
21
22
SIM5
SIM1
SIM2
SIM3
SIM4
1
21
22
SIM5
SIM1
SIM2
SIM3
SIM4
1
21
22
SIM5
SIM1
SIM2
SIM3
SIM4
1
21
22
SIM5
SIM1
SIM2
SIM3
SIM4
1
21
22
SIM5
SIM1
SIM2
SIM3
SIM4
1
21
22
SIM5
SIM1
SIM2
SIM3
SIM4
1
21
22
SIM5
SIM1
SIM2
SIM3
SIM4
1
21
22
SIM5
SIM1
SIM2
SIM3
SIM4
1
21
22
SIM5
SIM1
SIM2
SIM3
SIM4
1
21
22
SIM5
SIM1
SIM2
SIM3
SIM4
1
21
22
SIM5
SIM1
SIM2
SIM3
SIM4
1
21
22
SIM5
SIM1
SIM2
SIM3
SIM4
1
21
22
SIM5
SIM1
SIM2
SIM3
SIM4
1
21
22
SIM5
SIM1
SIM2
SIM3
SIM4
1
21
22
SIM5
SIM1
SIM2
SIM3
SIM4
1
21
22
SIM5
SIM1
SIM2
SIM3
SIM4
1
21
22
SIM5
SIM1
SIM2
SIM3
SIM4
1
21
22
SIM5
SIM1
SIM2
SIM3
SIM4
1
21
22
SIM5
SIM1
SIM2
SIM3
SIM4
1
21
22
SIM5
SIM1
SIM2
SIM3
SIM4
1
21
22
SIM5
SIM1
SIM2
DEBUG 1 377
SIM1
SIM2
SIM3
SIM4
1
21
22
SIM5
SIM1
SIM2
SIM3
SIM4
1
21
22
SIM5
SIM1
SIM2
SIM3
SIM4
1
21
22
SIM5
SIM1
SIM2
SIM3
SIM4
1
21
22
SIM5
SIM1
SIM2
SIM3
SIM4
1
21
22
SIM5
SIM1
SIM2
SIM3
SIM4
1
21
22
SIM5
SIM1
SIM2
SIM3
SIM4
1
21
22
SIM5
SIM1
SIM2
SIM3
SIM4
1
21
22
SIM5
SIM1
SIM2
SIM3
SIM4
1
21
22
SIM5
SIM1
SIM2
SIM3
SIM4
1
21
22
SIM5
SIM1
SIM2
SIM3
SIM4
1
21
22
SIM5
SIM1
SIM2
SIM3
SIM4
1
21
22
SIM5
SIM1
SIM2
SIM3
SIM4
1
21
22
SIM5
SIM1
SIM2
SIM3
SIM4
1
21
22
SIM5
SIM1
SIM2
SIM3
SIM4
1
21
22
SIM5
SIM1
SIM2
SIM3
SIM4
1
21
22
SIM5
SIM1
SIM2
SIM3
SIM4
1
21
22
SIM5
SIM1
SIM2
SIM3
SIM4
1
21
22
SIM5
SIM1
SIM2
SIM3
SIM4
1
21
22
SIM5
SIM1
SIM2
SIM3
SIM4
1
21
22
SIM5
SIM1
SIM2
SIM3
SIM4
1
21
22
SIM5
SIM1
SIM2
SIM3
SIM4
1
21
22
SIM5
SIM1
SIM2
SIM3
SIM4
1
21
22
SIM5
SIM1
SIM2
SIM3
SIM4
1
21
22
SIM5
SIM1
SIM2
SIM3
SIM4
1
21
22
SIM5
SIM1
SIM2
SIM3
SIM4
1
21
22
SIM5
SIM1
SIM2
SIM3
SIM4
1
21
22
SIM5
SIM1
SIM2
SIM3
SIM4
1
21
22
SIM5
SIM1
SIM2
SIM3
SIM4
1
21
22
SIM5
SIM1
SIM2
SIM3
SIM4
1
21
22
SIM5
SIM1
SIM2
SIM3
SIM4
1
21
22
SIM5
SIM1
SIM2
SIM3
SIM4
1
21
22
SIM5
SIM1
SIM2
SIM3
SIM4
1
21
22
SIM5
SIM1
SIM2
SIM3
SIM4
1
21
22
SIM5
SIM1
SIM2
SIM3
SIM4
1
21
22
SIM5
SIM1
SIM2
SIM3
SIM4
1
21
22
SIM5
SIM1
SIM2
SIM3
SIM4
1
21
22
SIM5
SIM1
SIM2
SIM3
SIM4
1
21
22
SIM5
SIM1
SIM2
SIM3
SIM4
1
21
22
SIM5
SIM1
SIM2
SIM3
SIM4
1
21
22
SIM5
SIM1
SIM2
SIM3
SIM4
1
21
22
SIM5
SIM1
SIM2
SIM3
SIM4
1
21
22
SIM5
SIM1
SIM2
SIM3
SIM4
1
21
22
SIM5
SIM1
SIM2
SIM3
SIM4
1
21
22
SIM5
SIM1
SIM2
SIM3
SIM4
1
21
22
SIM5
SIM1
SIM2
SIM3
SIM4
1
21
22
SIM5
SIM1
SIM2
SIM3
SIM4
1
21
22
SIM5
SIM1
SIM2
SIM3
SIM4
1
21
22
SIM5
SIM1
SIM2
SIM3
SIM4
1
21
22
SIM5
SIM1
SIM2
SIM3
SIM4
1
21
22
SIM5
SIM1
SIM2
SIM3
SIM4
1
21
22
SIM5
SIM1
SIM2
SIM3
SIM4
1
21
22
SIM5
SIM1
SIM2
SIM3
SIM4
1
21
22
SIM5
SIM1
SIM2
SIM3
SIM4
1
21
22
SIM5
SIM1
SIM2
SIM3
SIM4
1
21
22
SIM5
SIM1
SIM2
SIM3
SIM4
1
21
22
SIM5
SIM1
SIM2
SIM3
SIM4
1
21
22
SIM5
SIM1
SIM2
SIM3
SIM4
1
21
22
SIM5
SIM1
SIM2
SIM3
SIM4
1
21
22
SIM5
SIM1
SIM2
SIM3
SIM4
1
21
22
SIM5
SIM1
SIM2
SIM3
SIM4
1
21
22
SIM5
SIM1
SIM2
SIM3
SIM4
1
21
22
SIM5
SIM1
SIM2
SIM3
SIM4
1
21
22
SIM5
SIM1
SIM2
SIM3
SIM4
1
21
22
SIM5
SIM1
SIM2
SIM3
SIM4
1
21
22
SIM5
SIM1
SIM2
SIM3
SIM4
1
21
22
SIM5
SIM1
SIM2
SIM3
SIM4
1
21
22
SIM5
SIM1
SIM2
SIM3
SIM4
1
21
22
SIM5
SIM1
SIM2
SIM3
SIM4
1
21
22
SIM5
SIM1
SIM2
SIM3
SIM4
1
21
22
SIM5
SIM1
SIM2
SIM3
SIM4
1
21
22
SIM5
SIM1
SIM2
SIM3
SIM4
1
21
22
SIM5
SIM1
SIM2
SIM3
SIM4
1
21
22
SIM5
SIM1
SIM2
SIM3
SIM4
1
21
22
SIM5
SIM1
SIM2
SIM3
SIM4
1
21
22
SIM5
SIM1
SIM2
SIM3
SIM4
1
21
22
SIM5
SIM1
SIM2
SIM3
SIM4
1
21
22
SIM5
SIM1
SIM2
SIM3
SIM4
1
21
22
SIM5
SIM1
SIM2
SIM3
SIM4
1
21
22
SIM5
SIM1
SIM2
SIM3
SIM4
1
21
22
SIM5
SIM1
SIM2
SIM3
SIM4
1
21
22
SIM5
SIM1
SIM2
SIM3
SIM4
1
21
22
SIM5
SIM1
SIM2
SIM3
SIM4
1
21
22
SIM5
SIM1
SIM2
SIM3
SIM4
1
21
22
SIM5
SIM1
SIM2
SIM3
SIM4
1
21
22
SIM5
SIM1
SIM2
SIM3
SIM4
1
21
22
SIM5
SIM1
SIM2
SIM3
SIM4
1
21
22
SIM5
SIM1
SIM2
SIM3
SIM4
1
21
22
SIM5
SIM1
SIM2
SIM3
SIM4
1
21
22
SIM5
SIM1
SIM2
SIM3
SIM4
1
21
22
SIM5
SIM1
SIM2
SIM3
SIM4
1
21
22
SIM5
SIM1
SIM2
SIM3
SIM4
1
21
22
SIM5
SIM1
SIM2
SIM3
SIM4
1
21
22
SIM5
SIM1
SIM2
SIM3
SIM4
1
21
22
SIM5
SIM1
SIM2
SIM3
SIM4
1
21
22
SIM5
SIM1
SIM2
SIM3
SIM4
1
21
22
SIM5
SIM1
SIM2
SIM3
SIM4
1
21
22
SIM5
SIM1
SIM2
SIM3
SIM4
1
21
22
SIM5
SIM1
SIM2
SIM3
SIM4
1
21
22
SIM5
SIM1
SIM2
SIM3
SIM4
1
21
22
SIM5
SIM1
SIM2
SIM3
SIM4
1
21
22
SIM5
SIM1
SIM2
SIM3
SIM4
1
21
22
SIM5
SIM1
SIM2
SIM3
SIM4
1
21
22
SIM5
SIM1
SIM2
SIM3
SIM4
1
21
22
SIM5
SIM1
SIM2
SIM3
SIM4
1
21
22
SIM5
SIM1
SIM2
SIM3
SIM4
1
21
22
SIM5
SIM1
SIM2
SIM3
SIM4
1
21
22
SIM5
SIM1
SIM2
SIM3
SIM4
1
21
22
SIM5
SIM1
SIM2
SIM3
SIM4
1
21
22
SIM5
SIM1
SIM2
DEBUG 1 378
SIM1
SIM2
SIM3
SIM4
1
21
22
SIM5
SIM1
SIM2
SIM3
SIM4
1
21
22
SIM5
SIM1
SIM2
SIM3
SIM4
1
21
22
SIM5
SIM1
SIM2
SIM3
SIM4
1
21
22
SIM5
SIM1
SIM2
SIM3
SIM4
1
21
22
SIM5
SIM1
SIM2
SIM3
SIM4
1
21
22
SIM5
SIM1
SIM2
SIM3
SIM4
1
21
22
SIM5
SIM1
SIM2
SIM3
SIM4
1
21
22
SIM5
SIM1
SIM2
SIM3
SIM4
1
21
22
SIM5
SIM1
SIM2
SIM3
SIM4
1
21
22
SIM5
SIM1
SIM2
SIM3
SIM4
1
21
22
SIM5
SIM1
SIM2
SIM3
SIM4
1
21
22
SIM5
SIM1
SIM2
SIM3
SIM4
1
21
22
SIM5
SIM1
SIM2
SIM3
SIM4
1
21
22
SIM5
SIM1
SIM2
SIM3
SIM4
1
21
22
SIM5
SIM1
SIM2
SIM3
SIM4
1
21
22
SIM5
SIM1
SIM2
SIM3
SIM4
1
21
22
SIM5
SIM1
SIM2
SIM3
SIM4
1
21
22
SIM5
SIM1
SIM2
SIM3
SIM4
1
21
22
SIM5
SIM1
SIM2
SIM3
SIM4
1
21
22
SIM5
SIM1
SIM2
SIM3
SIM4
1
21
22
SIM5
SIM1
SIM2
SIM3
SIM4
1
21
22
SIM5
SIM1
SIM2
SIM3
SIM4
1
21
22
SIM5
SIM1
SIM2
SIM3
SIM4
1
21
22
SIM5
SIM1
SIM2
SIM3
SIM4
1
21
22
SIM5
SIM1
SIM2
SIM3
SIM4
1
21
22
SIM5
SIM1
SIM2
SIM3
SIM4
1
21
22
SIM5
SIM1
SIM2
SIM3
SIM4
1
21
22
SIM5
SIM1
SIM2
SIM3
SIM4
1
21
22
SIM5
SIM1
SIM2
SIM3
SIM4
1
21
22
SIM5
SIM1
SIM2
SIM3
SIM4
1
21
22
SIM5
SIM1
SIM2
SIM3
SIM4
1
21
22
SIM5
SIM1
SIM2
SIM3
SIM4
1
21
22
SIM5
SIM1
SIM2
SIM3
SIM4
1
21
22
SIM5
SIM1
SIM2
SIM3
SIM4
1
21
22
SIM5
SIM1
SIM2
SIM3
SIM4
1
21
22
SIM5
SIM1
SIM2
SIM3
SIM4
1
21
22
SIM5
SIM1
SIM2
SIM3
SIM4
1
21
22
SIM5
SIM1
SIM2
SIM3
SIM4
1
21
22
SIM5
SIM1
SIM2
SIM3
SIM4
1
21
22
SIM5
SIM1
SIM2
SIM3
SIM4
1
21
22
SIM5
SIM1
SIM2
SIM3
SIM4
1
21
22
SIM5
SIM1
SIM2
SIM3
SIM4
1
21
22
SIM5
SIM1
SIM2
SIM3
SIM4
1
21
22
SIM5
SIM1
SIM2
SIM3
SIM4
1
21
22
SIM5
SIM1
SIM2
SIM3
SIM4
1
21
22
SIM5
SIM1
SIM2
SIM3
SIM4
1
21
22
SIM5
SIM1
SIM2
SIM3
SIM4
1
21
22
SIM5
SIM1
SIM2
SIM3
SIM4
1
21
22
SIM5
SIM1
SIM2
SIM3
SIM4
1
21
22
SIM5
SIM1
SIM2
SIM3
SIM4
1
21
22
SIM5
SIM1
SIM2
SIM3
SIM4
1
21
22
SIM5
SIM1
SIM2
SIM3
SIM4
1
21
22
SIM5
SIM1
SIM2
SIM3
SIM4
1
21
22
SIM5
SIM1
SIM2
SIM3
SIM4
1
21
22
SIM5
SIM1
SIM2
SIM3
SIM4
1
21
22
SIM5
SIM1
SIM2
SIM3
SIM4
1
21
22
SIM5
SIM1
SIM2
SIM3
SIM4
1
21
22
SIM5
SIM1
SIM2
SIM3
SIM4
1
21
22
SIM5
SIM1
SIM2
SIM3
SIM4
1
21
22
SIM5
SIM1
SIM2
SIM3
SIM4
1
21
22
SIM5
SIM1
SIM2
SIM3
SIM4
1
21
22
SIM5
SIM1
SIM2
SIM3
SIM4
1
21
22
SIM5
SIM1
SIM2
SIM3
SIM4
1
21
22
SIM5
SIM1
SIM2
SIM3
SIM4
1
21
22
SIM5
SIM1
SIM2
SIM3
SIM4
1
21
22
SIM5
SIM1
SIM2
SIM3
SIM4
1
21
22
SIM5
SIM1
SIM2
SIM3
SIM4
1
21
22
SIM5
SIM1
SIM2
SIM3
SIM4
1
21
22
SIM5
SIM1
SIM2
SIM3
SIM4
1
21
22
SIM5
SIM1
SIM2
SIM3
SIM4
1
21
22
SIM5
SIM1
SIM2
SIM3
SIM4
1
21
22
SIM5
SIM1
SIM2
SIM3
SIM4
1
21
22
SIM5
SIM1
SIM2
SIM3
SIM4
1
21
22
SIM5
SIM1
SIM2
SIM3
SIM4
1
21
22
SIM5
SIM1
SIM2
SIM3
SIM4
1
21
22
SIM5
SIM1
SIM2
SIM3
SIM4
1
21
22
SIM5
SIM1
SIM2
SIM3
SIM4
1
21
22
SIM5
SIM1
SIM2
SIM3
SIM4
1
21
22
SIM5
SIM1
SIM2
SIM3
SIM4
1
21
22
SIM5
SIM1
SIM2
SIM3
SIM4
1
21
22
SIM5
SIM1
SIM2
SIM3
SIM4
1
21
22
SIM5
SIM1
SIM2
SIM3
SIM4
1
21
22
SIM5
SIM1
SIM2
SIM3
SIM4
1
21
22
SIM5
SIM1
SIM2
SIM3
SIM4
1
21
22
SIM5
SIM1
SIM2
SIM3
SIM4
1
21
22
SIM5
SIM1
SIM2
SIM3
SIM4
1
21
22
SIM5
SIM1
SIM2
SIM3
SIM4
1
21
22
SIM5
SIM1
SIM2
SIM3
SIM4
1
21
22
SIM5
SIM1
SIM2
SIM3
SIM4
1
21
22
SIM5
SIM1
SIM2
SIM3
SIM4
1
21
22
SIM5
SIM1
SIM2
SIM3
SIM4
1
21
22
SIM5
SIM1
SIM2
SIM3
SIM4
1
21
22
SIM5
SIM1
SIM2
SIM3
SIM4
1
21
22
SIM5
SIM1
SIM2
SIM3
SIM4
1
21
22
SIM5
SIM1
SIM2
SIM3
SIM4
1
21
22
SIM5
SIM1
SIM2
SIM3
SIM4
1
21
22
SIM5
SIM1
SIM2
SIM3
SIM4
1
21
22
SIM5
SIM1
SIM2
SIM3
SIM4
1
21
22
SIM5
SIM1
SIM2
SIM3
SIM4
1
21
22
SIM5
SIM1
SIM2
SIM3
SIM4
1
21
22
SIM5
SIM1
SIM2
SIM3
SIM4
1
21
22
SIM5
SIM1
SIM2
SIM3
SIM4
1
21
22
SIM5
SIM1
SIM2
SIM3
SIM4
1
21
22
SIM5
SIM1
SIM2
SIM3
SIM4
1
21
22
SIM5
SIM1
SIM2
SIM3
SIM4
1
21
22
SIM5
SIM1
SIM2
SIM3
SIM4
1
21
22
SIM5
SIM1
SIM2
SIM3
SIM4
1
21
22
SIM5
SIM1
SIM2
SIM3
SIM4
1
21
22
SIM5
SIM1
SIM2
SIM3
SIM4
1
21
22
SIM5
SIM1
SIM2
SIM3
SIM4
1
21
22
SIM5
SIM1
SIM2
SIM3
SIM4
1
21
22
SIM5
SIM1
SIM2
SIM3
SIM4
1
21
22
SIM5
SIM1
SIM2
SIM3
SIM4
1
21
22
SIM5
SIM1
SIM2
SIM3
SIM4
1
21
22
SIM5
SIM1
SIM2
SIM3
SIM4
1
21
22
SIM5
SIM1
SIM2
SIM3
SIM4
1
21
22
SIM5
SIM1
SIM2
SIM3
SIM4
1
21
22
SIM5
SIM1
SIM2
SIM3
SIM4
1
21
22
SIM5
SIM1
SIM2
SIM3
SIM4
1
21
22
SIM5
SIM1
SIM2
SIM3
SIM4
1
21
22
SIM5
SIM1
SIM2
SIM3
SIM4
1
21
22
SIM5
SIM1
SIM2
SIM3
SIM4
1
21
22
SIM5
SIM1
SIM2
SIM3
SIM4
1
21
22
SIM5
SIM1
SIM2
SIM3
SIM4
1
21
22
SIM5
SIM1
SIM2
SIM3
SIM4
1
21
22
SIM5
SIM1
SIM2
SIM3
SIM4
1
21
22
SIM5
SIM1
SIM2
SIM3
SIM4
1
21
22
SIM5
SIM1
SIM2
SIM3
SIM4
1
21
22
SIM5
SIM1
SIM2
SIM3
SIM4
1
21
22
SIM5
SIM1
SIM2
SIM3
SIM4
1
21
22
SIM5
SIM1
SIM2
SIM3
SIM4
1
21
22
SIM5
SIM1
SIM2
SIM3
SIM4
1
21
22
SIM5
SIM1
SIM2
SIM3
SIM4
1
21
22
SIM5
SIM1
SIM2
SIM3
SIM4
1
21
22
SIM5
SIM1
SIM2
SIM3
SIM4
1
21
22
SIM5
SIM1
SIM2
SIM3
SIM4
1
21
22
SIM5
SIM1
SIM2
SIM3
SIM4
1
21
22
SIM5
SIM1
SIM2
SIM3
SIM4
1
21
22
SIM5
SIM1
SIM2
SIM3
SIM4
1
21
22
SIM5
SIM1
SIM2
SIM3
SIM4
1
21
22
SIM5
SIM1
SIM2
SIM3
SIM4
1
21
22
SIM5
SIM1
SIM2
SIM3
SIM4
1
21
22
SIM5
SIM1
SIM2
SIM3
SIM4
1
21
22
SIM5
SIM1
SIM2
SIM3
SIM4
1
21
22
SIM5
SIM1
SIM2
SIM3
SIM4
1
21
22
SIM5
SIM1
SIM2
SIM3
SIM4
1
21
22
SIM5
SIM1
SIM2
SIM3
SIM4
1
21
22
SIM5
SIM1
SIM2
SIM3
SIM4
1
21
22
SIM5
SIM1
SIM2
SIM3
SIM4
1
21
22
SIM5
SIM1
SIM2
SIM3
SIM4
1
21
22
SIM5
SIM1
SIM2
SIM3
SIM4
1
21
22
SIM5
SIM1
SIM2
SIM3
SIM4
1
21
22
SIM5
SIM1
SIM2
SIM3
SIM4
1
21
22
SIM5
SIM1
SIM2
SIM3
SIM4
1
21
22
SIM5
SIM1
SIM2
SIM3
SIM4
1
21
22
SIM5
SIM1
SIM2
SIM3
SIM4
1
21
22
SIM5
SIM1
SIM2
SIM3
SIM4
1
21
22
SIM5
SIM1
SIM2
SIM3
SIM4
1
21
22
SIM5
SIM1
SIM2
SIM3
SIM4
1
21
22
SIM5
SIM1
SIM2
SIM3
SIM4
1
21
22
SIM5
SIM1
SIM2
SIM3
SIM4
1
21
22
SIM5
SIM1
SIM2
SIM3
SIM4
1
21
22
SIM5
SIM1
SIM2
SIM3
SIM4
1
21
22
SIM5
SIM1
SIM2
SIM3
SIM4
1
21
22
SIM5
SIM1
SIM2
SIM3
SIM4
1
21
22
SIM5
SIM1
SIM2
SIM3
SIM4
1
21
22
SIM5
SIM1
SIM2
SIM3
SIM4
1
21
22
SIM5
SIM1
SIM2
SIM3
SIM4
1
21
22
SIM5
SIM1
SIM2
SIM3
SIM4
1
21
22
SIM5
SIM1
SIM2
SIM3
SIM4
1
21
22
SIM5
SIM1
SIM2
SIM3
SIM4
1
21
22
SIM5
SIM1
SIM2
SIM3
SIM4
1
21
22
SIM5
SIM1
SIM2
SIM3
SIM4
1
21
22
SIM5
SIM1
SIM2
SIM3
SIM4
1
21
22
SIM5
SIM1
SIM2
SIM3
SIM4
1
21
22
SIM5
SIM1
SIM2
SIM3
SIM4
1
21
22
SIM5
SIM1
SIM2
SIM3
SIM4
1
21
22
SIM5
SIM1
SIM2
SIM3
SIM4
1
21
22
SIM5
SIM1
SIM2
SIM3
SIM4
1
21
22
SIM5
SIM1
SIM2
SIM3
SIM4
1
21
22
SIM5
SIM1
SIM2
SIM3
SIM4
1
21
22
SIM5
SIM1
SIM2
SIM3
SIM4
1
21
22
SIM5
SIM1
SIM2
SIM3
SIM4
1
21
22
SIM5
SIM1
SIM2
SIM3
SIM4
1
21
22
SIM5
SIM1
SIM2
SIM3
SIM4
1
21
22
SIM5
SIM1
SIM2
SIM3
SIM4
1
21
22
SIM5
SIM1
SIM2
SIM3
SIM4
1
21
22
SIM5
SIM1
SIM2
SIM3
SIM4
1
21
22
SIM5
SIM1
SIM2
SIM3
SIM4
1
21
22
SIM5
SIM1
SIM2
SIM3
SIM4
1
21
22
SIM5
SIM1
SIM2
SIM3
SIM4
1
21
22
SIM5
SIM1
SIM2
SIM3
SIM4
1
21
22
SIM5
SIM1
SIM2
SIM3
SIM4
1
21
22
SIM5
SIM1
SIM2
SIM3
SIM4
1
21
22
SIM5
SIM1
SIM2
SIM3
SIM4
1
21
22
SIM5
SIM1
SIM2
SIM3
SIM4
1
21
22
SIM5
SIM1
SIM2
SIM3
SIM4
1
21
22
SIM5
SIM1
SIM2
SIM3
SIM4
1
21
22
SIM5
SIM1
SIM2
SIM3
SIM4
1
21
22
SIM5
SIM1
SIM2
SIM3
SIM4
1
21
22
SIM5
SIM1
SIM2
SIM3
SIM4
1
21
22
SIM5
SIM1
SIM2
DEBUG 1 379
SIM1
SIM2
SIM3
SIM4
1
21
22
SIM5
SIM1
SIM2
SIM3
SIM4
1
21
22
SIM5
SIM1
SIM2
SIM3
SIM4
1
21
22
SIM5
SIM1
SIM2
SIM3
SIM4
1
21
22
SIM5
SIM1
SIM2
SIM3
SIM4
1
21
22
SIM5
SIM1
SIM2
SIM3
SIM4
1
21
22
SIM5
SIM1
SIM2
SIM3
SIM4
1
21
22
SIM5
SIM1
SIM2
SIM3
SIM4
1
21
22
SIM5
SIM1
SIM2
SIM3
SIM4
1
21
22
SIM5
SIM1
SIM2
SIM3
SIM4
1
21
22
SIM5
SIM1
SIM2
SIM3
SIM4
1
21
22
SIM5
SIM1
SIM2
SIM3
SIM4
1
21
22
SIM5
SIM1
SIM2
SIM3
SIM4
1
21
22
SIM5
SIM1
SIM2
SIM3
SIM4
1
21
22
SIM5
SIM1
SIM2
SIM3
SIM4
1
21
22
SIM5
SIM1
SIM2
SIM3
SIM4
1
21
22
SIM5
SIM1
SIM2
SIM3
SIM4
1
21
22
SIM5
SIM1
SIM2
SIM3
SIM4
1
21
22
SIM5
SIM1
SIM2
SIM3
SIM4
1
21
22
SIM5
SIM1
SIM2
SIM3
SIM4
1
21
22
SIM5
SIM1
SIM2
SIM3
SIM4
1
21
22
SIM5
SIM1
SIM2
SIM3
SIM4
1
21
22
SIM5
SIM1
SIM2
SIM3
SIM4
1
21
22
SIM5
SIM1
SIM2
SIM3
SIM4
1
21
22
SIM5
SIM1
SIM2
SIM3
SIM4
1
21
22
SIM5
SIM1
SIM2
SIM3
SIM4
1
21
22
SIM5
SIM1
SIM2
SIM3
SIM4
1
21
22
SIM5
SIM1
SIM2
SIM3
SIM4
1
21
22
SIM5
SIM1
SIM2
SIM3
SIM4
1
21
22
SIM5
SIM1
SIM2
SIM3
SIM4
1
21
22
SIM5
SIM1
SIM2
SIM3
SIM4
1
21
22
SIM5
SIM1
SIM2
SIM3
SIM4
1
21
22
SIM5
SIM1
SIM2
SIM3
SIM4
1
21
22
SIM5
SIM1
SIM2
SIM3
SIM4
1
21
22
SIM5
SIM1
SIM2
SIM3
SIM4
1
21
22
SIM5
SIM1
SIM2
SIM3
SIM4
1
21
22
SIM5
SIM1
SIM2
SIM3
SIM4
1
21
22
SIM5
SIM1
SIM2
SIM3
SIM4
1
21
22
SIM5
SIM1
SIM2
SIM3
SIM4
1
21
22
SIM5
SIM1
SIM2
SIM3
SIM4
1
21
22
SIM5
SIM1
SIM2
SIM3
SIM4
1
21
22
SIM5
SIM1
SIM2
SIM3
SIM4
1
21
22
SIM5
SIM1
SIM2
SIM3
SIM4
1
21
22
SIM5
SIM1
SIM2
SIM3
SIM4
1
21
22
SIM5
SIM1
SIM2
SIM3
SIM4
1
21
22
SIM5
SIM1
SIM2
SIM3
SIM4
1
21
22
SIM5
SIM1
SIM2
SIM3
SIM4
1
21
22
SIM5
SIM1
SIM2
SIM3
SIM4
1
21
22
SIM5
SIM1
SIM2
SIM3
SIM4
1
21
22
SIM5
SIM1
SIM2
SIM3
SIM4
1
21
22
SIM5
SIM1
SIM2
SIM3
SIM4
1
21
22
SIM5
SIM1
SIM2
SIM3
SIM4
1
21
22
SIM5
SIM1
SIM2
SIM3
SIM4
1
21
22
SIM5
SIM1
SIM2
SIM3
SIM4
1
21
22
SIM5
SIM1
SIM2
SIM3
SIM4
1
21
22
SIM5
SIM1
SIM2
SIM3
SIM4
1
21
22
SIM5
SIM1
SIM2
SIM3
SIM4
1
21
22
SIM5
SIM1
SIM2
SIM3
SIM4
1
21
22
SIM5
SIM1
SIM2
SIM3
SIM4
1
21
22
SIM5
SIM1
SIM2
SIM3
SIM4
1
21
22
SIM5
SIM1
SIM2
SIM3
SIM4
1
21
22
SIM5
SIM1
SIM2
SIM3
SIM4
1
21
22
SIM5
SIM1
SIM2
SIM3
SIM4
1
21
22
SIM5
SIM1
SIM2
SIM3
SIM4
1
21
22
SIM5
SIM1
SIM2
SIM3
SIM4
1
21
22
SIM5
SIM1
SIM2
SIM3
SIM4
1
21
22
SIM5
SIM1
SIM2
SIM3
SIM4
1
21
22
SIM5
SIM1
SIM2
SIM3
SIM4
1
21
22
SIM5
SIM1
SIM2
SIM3
SIM4
1
21
22
SIM5
SIM1
SIM2
SIM3
SIM4
1
21
22
SIM5
SIM1
SIM2
SIM3
SIM4
1
21
22
SIM5
SIM1
SIM2
SIM3
SIM4
1
21
22
SIM5
SIM1
SIM2
SIM3
SIM4
1
21
22
SIM5
SIM1
SIM2
SIM3
SIM4
1
21
22
SIM5
SIM1
SIM2
SIM3
SIM4
1
21
22
SIM5
SIM1
SIM2
SIM3
SIM4
1
21
22
SIM5
SIM1
SIM2
SIM3
SIM4
1
21
22
SIM5
SIM1
SIM2
SIM3
SIM4
1
21
22
SIM5
SIM1
SIM2
SIM3
SIM4
1
21
22
SIM5
SIM1
SIM2
SIM3
SIM4
1
21
22
SIM5
SIM1
SIM2
SIM3
SIM4
1
21
22
SIM5
SIM1
SIM2
SIM3
SIM4
1
21
22
SIM5
SIM1
SIM2
SIM3
SIM4
1
21
22
SIM5
SIM1
SIM2
SIM3
SIM4
1
21
22
SIM5
SIM1
SIM2
SIM3
SIM4
1
21
22
SIM5
SIM1
SIM2
SIM3
SIM4
1
21
22
SIM5
SIM1
SIM2
SIM3
SIM4
1
21
22
SIM5
SIM1
SIM2
SIM3
SIM4
1
21
22
SIM5
SIM1
SIM2
SIM3
SIM4
1
21
22
SIM5
SIM1
SIM2
SIM3
SIM4
1
21
22
SIM5
SIM1
SIM2
SIM3
SIM4
1
21
22
SIM5
SIM1
SIM2
SIM3
SIM4
1
21
22
SIM5
SIM1
SIM2
SIM3
SIM4
1
21
22
SIM5
SIM1
SIM2
SIM3
SIM4
1
21
22
SIM5
SIM1
SIM2
SIM3
SIM4
1
21
22
SIM5
SIM1
SIM2
SIM3
SIM4
1
21
22
SIM5
SIM1
SIM2
SIM3
SIM4
1
21
22
SIM5
SIM1
SIM2
SIM3
SIM4
1
21
22
SIM5
SIM1
SIM2
SIM3
SIM4
1
21
22
SIM5
SIM1
SIM2
SIM3
SIM4
1
21
22
SIM5
SIM1
SIM2
SIM3
SIM4
1
21
22
SIM5
SIM1
SIM2
SIM3
SIM4
1
21
22
SIM5
SIM1
SIM2
SIM3
SIM4
1
21
22
SIM5
SIM1
SIM2
SIM3
SIM4
1
21
22
SIM5
SIM1
SIM2
SIM3
SIM4
1
21
22
SIM5
SIM1
SIM2
SIM3
SIM4
1
21
22
SIM5
SIM1
SIM2
SIM3
SIM4
1
21
22
SIM5
SIM1
SIM2
SIM3
SIM4
1
21
22
SIM5
SIM1
SIM2
SIM3
SIM4
1
21
22
SIM5
SIM1
SIM2
SIM3
SIM4
1
21
22
SIM5
SIM1
SIM2
SIM3
SIM4
1
21
22
SIM5
SIM1
SIM2
SIM3
SIM4
1
21
22
SIM5
SIM1
SIM2
SIM3
SIM4
1
21
22
SIM5
SIM1
SIM2
SIM3
SIM4
1
21
22
SIM5
SIM1
SIM2
SIM3
SIM4
1
21
22
SIM5
SIM1
SIM2
SIM3
SIM4
1
21
22
SIM5
SIM1
SIM2
SIM3
SIM4
1
21
22
SIM5
SIM1
SIM2
SIM3
SIM4
1
21
22
SIM5
SIM1
SIM2
SIM3
SIM4
1
21
22
SIM5
SIM1
SIM2
SIM3
SIM4
1
21
22
SIM5
SIM1
SIM2
SIM3
SIM4
1
21
22
SIM5
SIM1
SIM2
SIM3
SIM4
1
21
22
SIM5
SIM1
SIM2
SIM3
SIM4
1
21
22
SIM5
SIM1
SIM2
SIM3
SIM4
1
21
22
SIM5
SIM1
SIM2
SIM3
SIM4
1
21
22
SIM5
SIM1
SIM2
SIM3
SIM4
1
21
22
SIM5
SIM1
SIM2
SIM3
SIM4
1
21
22
SIM5
SIM1
SIM2
SIM3
SIM4
1
21
22
SIM5
SIM1
SIM2
SIM3
SIM4
1
21
22
SIM5
SIM1
SIM2
SIM3
SIM4
1
21
22
SIM5
SIM1
SIM2
SIM3
SIM4
1
21
22
SIM5
SIM1
SIM2
SIM3
SIM4
1
21
22
SIM5
SIM1
SIM2
SIM3
SIM4
1
21
22
SIM5
SIM1
SIM2
SIM3
SIM4
1
21
22
SIM5
SIM1
SIM2
SIM3
SIM4
1
21
22
SIM5
SIM1
SIM2
SIM3
SIM4
1
21
22
SIM5
SIM1
SIM2
SIM3
SIM4
1
21
22
SIM5
SIM1
SIM2
SIM3
SIM4
1
21
22
SIM5
SIM1
SIM2
DEBUG 1 380
SIM1
SIM2
SIM3
SIM4
1
21
22
SIM5
SIM1
SIM2
SIM3
SIM4
1
21
22
SIM5
SIM1
SIM2
SIM3
SIM4
1
21
22
SIM5
SIM1
SIM2
SIM3
SIM4
1
21
22
SIM5
SIM1
SIM2
SIM3
SIM4
1
21
22
SIM5
SIM1
SIM2
SIM3
SIM4
1
21
22
SIM5
SIM1
SIM2
SIM3
SIM4
1
21
22
SIM5
SIM1
SIM2
SIM3
SIM4
1
21
22
SIM5
SIM1
SIM2
SIM3
SIM4
1
21
22
SIM5
SIM1
SIM2
SIM3
SIM4
1
21
22
SIM5
SIM1
SIM2
SIM3
SIM4
1
21
22
SIM5
SIM1
SIM2
SIM3
SIM4
1
21
22
SIM5
SIM1
SIM2
SIM3
SIM4
1
21
22
SIM5
SIM1
SIM2
SIM3
SIM4
1
21
22
SIM5
SIM1
SIM2
SIM3
SIM4
1
21
22
SIM5
SIM1
SIM2
SIM3
SIM4
1
21
22
SIM5
SIM1
SIM2
SIM3
SIM4
1
21
22
SIM5
SIM1
SIM2
SIM3
SIM4
1
21
22
SIM5
SIM1
SIM2
SIM3
SIM4
1
21
22
SIM5
SIM1
SIM2
SIM3
SIM4
1
21
22
SIM5
SIM1
SIM2
SIM3
SIM4
1
21
22
SIM5
SIM1
SIM2
SIM3
SIM4
1
21
22
SIM5
SIM1
SIM2
SIM3
SIM4
1
21
22
SIM5
SIM1
SIM2
SIM3
SIM4
1
21
22
SIM5
SIM1
SIM2
SIM3
SIM4
1
21
22
SIM5
SIM1
SIM2
SIM3
SIM4
1
21
22
SIM5
SIM1
SIM2
SIM3
SIM4
1
21
22
SIM5
SIM1
SIM2
SIM3
SIM4
1
21
22
SIM5
SIM1
SIM2
SIM3
SIM4
1
21
22
SIM5
SIM1
SIM2
SIM3
SIM4
1
21
22
SIM5
SIM1
SIM2
SIM3
SIM4
1
21
22
SIM5
SIM1
SIM2
SIM3
SIM4
1
21
22
SIM5
SIM1
SIM2
SIM3
SIM4
1
21
22
SIM5
SIM1
SIM2
SIM3
SIM4
1
21
22
SIM5
SIM1
SIM2
SIM3
SIM4
1
21
22
SIM5
SIM1
SIM2
SIM3
SIM4
1
21
22
SIM5
SIM1
SIM2
SIM3
SIM4
1
21
22
SIM5
SIM1
SIM2
SIM3
SIM4
1
21
22
SIM5
SIM1
SIM2
SIM3
SIM4
1
21
22
SIM5
SIM1
SIM2
SIM3
SIM4
1
21
22
SIM5
SIM1
SIM2
SIM3
SIM4
1
21
22
SIM5
SIM1
SIM2
SIM3
SIM4
1
21
22
SIM5
SIM1
SIM2
SIM3
SIM4
1
21
22
SIM5
SIM1
SIM2
SIM3
SIM4
1
21
22
SIM5
SIM1
SIM2
SIM3
SIM4
1
21
22
SIM5
SIM1
SIM2
SIM3
SIM4
1
21
22
SIM5
SIM1
SIM2
SIM3
SIM4
1
21
22
SIM5
SIM1
SIM2
SIM3
SIM4
1
21
22
SIM5
SIM1
SIM2
SIM3
SIM4
1
21
22
SIM5
SIM1
SIM2
SIM3
SIM4
1
21
22
SIM5
SIM1
SIM2
SIM3
SIM4
1
21
22
SIM5
SIM1
SIM2
SIM3
SIM4
1
21
22
SIM5
SIM1
SIM2
SIM3
SIM4
1
21
22
SIM5
SIM1
SIM2
SIM3
SIM4
1
21
22
SIM5
SIM1
SIM2
SIM3
SIM4
1
21
22
SIM5
SIM1
SIM2
SIM3
SIM4
1
21
22
SIM5
SIM1
SIM2
SIM3
SIM4
1
21
22
SIM5
SIM1
SIM2
SIM3
SIM4
1
21
22
SIM5
SIM1
SIM2
SIM3
SIM4
1
21
22
SIM5
SIM1
SIM2
SIM3
SIM4
1
21
22
SIM5
SIM1
SIM2
SIM3
SIM4
1
21
22
SIM5
SIM1
SIM2
SIM3
SIM4
1
21
22
SIM5
SIM1
SIM2
SIM3
SIM4
1
21
22
SIM5
SIM1
SIM2
SIM3
SIM4
1
21
22
SIM5
SIM1
SIM2
SIM3
SIM4
1
21
22
SIM5
SIM1
SIM2
SIM3
SIM4
1
21
22
SIM5
SIM1
SIM2
SIM3
SIM4
1
21
22
SIM5
SIM1
SIM2
SIM3
SIM4
1
21
22
SIM5
SIM1
SIM2
SIM3
SIM4
1
21
22
SIM5
SIM1
SIM2
SIM3
SIM4
1
21
22
SIM5
SIM1
SIM2
SIM3
SIM4
1
21
22
SIM5
SIM1
SIM2
SIM3
SIM4
1
21
22
SIM5
SIM1
SIM2
SIM3
SIM4
1
21
22
SIM5
SIM1
SIM2
SIM3
SIM4
1
21
22
SIM5
SIM1
SIM2
SIM3
SIM4
1
21
22
SIM5
SIM1
SIM2
SIM3
SIM4
1
21
22
SIM5
SIM1
SIM2
SIM3
SIM4
1
21
22
SIM5
SIM1
SIM2
SIM3
SIM4
1
21
22
SIM5
SIM1
SIM2
SIM3
SIM4
1
21
22
SIM5
SIM1
SIM2
SIM3
SIM4
1
21
22
SIM5
SIM1
SIM2
SIM3
SIM4
1
21
22
SIM5
SIM1
SIM2
SIM3
SIM4
1
21
22
SIM5
SIM1
SIM2
SIM3
SIM4
1
21
22
SIM5
SIM1
SIM2
SIM3
SIM4
1
21
22
SIM5
SIM1
SIM2
SIM3
SIM4
1
21
22
SIM5
SIM1
SIM2
SIM3
SIM4
1
21
22
SIM5
SIM1
SIM2
SIM3
SIM4
1
21
22
SIM5
SIM1
SIM2
SIM3
SIM4
1
21
22
SIM5
SIM1
SIM2
SIM3
SIM4
1
21
22
SIM5
SIM1
SIM2
SIM3
SIM4
1
21
22
SIM5
SIM1
SIM2
SIM3
SIM4
1
21
22
SIM5
SIM1
SIM2
SIM3
SIM4
1
21
22
SIM5
SIM1
SIM2
SIM3
SIM4
1
21
22
SIM5
SIM1
SIM2
SIM3
SIM4
1
21
22
SIM5
SIM1
SIM2
SIM3
SIM4
1
21
22
SIM5
SIM1
SIM2
SIM3
SIM4
1
21
22
SIM5
SIM1
SIM2
SIM3
SIM4
1
21
22
SIM5
SIM1
SIM2
SIM3
SIM4
1
21
22
SIM5
SIM1
SIM2
SIM3
SIM4
1
21
22
SIM5
SIM1
SIM2
SIM3
SIM4
1
21
22
SIM5
SIM1
SIM2
SIM3
SIM4
1
21
22
SIM5
SIM1
SIM2
SIM3
SIM4
1
21
22
SIM5
SIM1
SIM2
SIM3
SIM4
1
21
22
SIM5
SIM1
SIM2
SIM3
SIM4
1
21
22
SIM5
SIM1
SIM2
SIM3
SIM4
1
21
22
SIM5
SIM1
SIM2
SIM3
SIM4
1
21
22
SIM5
SIM1
SIM2
SIM3
SIM4
1
21
22
SIM5
SIM1
SIM2
SIM3
SIM4
1
21
22
SIM5
SIM1
SIM2
DEBUG 1 381
SIM1
SIM2
SIM3
SIM4
1
21
22
SIM5
SIM1
SIM2
SIM3
SIM4
1
21
22
SIM5
SIM1
SIM2
SIM3
SIM4
1
21
22
SIM5
SIM1
SIM2
SIM3
SIM4
1
21
22
SIM5
SIM1
SIM2
SIM3
SIM4
1
21
22
SIM5
SIM1
SIM2
SIM3
SIM4
1
21
22
SIM5
SIM1
SIM2
SIM3
SIM4
1
21
22
SIM5
SIM1
SIM2
SIM3
SIM4
1
21
22
SIM5
SIM1
SIM2
SIM3
SIM4
1
21
22
SIM5
SIM1
SIM2
SIM3
SIM4
1
21
22
SIM5
SIM1
SIM2
SIM3
SIM4
1
21
22
SIM5
SIM1
SIM2
SIM3
SIM4
1
21
22
SIM5
SIM1
SIM2
SIM3
SIM4
1
21
22
SIM5
SIM1
SIM2
SIM3
SIM4
1
21
22
SIM5
SIM1
SIM2
SIM3
SIM4
1
21
22
SIM5
SIM1
SIM2
SIM3
SIM4
1
21
22
SIM5
SIM1
SIM2
SIM3
SIM4
1
21
22
SIM5
SIM1
SIM2
SIM3
SIM4
1
21
22
SIM5
SIM1
SIM2
SIM3
SIM4
1
21
22
SIM5
SIM1
SIM2
SIM3
SIM4
1
21
22
SIM5
SIM1
SIM2
SIM3
SIM4
1
21
22
SIM5
SIM1
SIM2
SIM3
SIM4
1
21
22
SIM5
SIM1
SIM2
SIM3
SIM4
1
21
22
SIM5
SIM1
SIM2
SIM3
SIM4
1
21
22
SIM5
SIM1
SIM2
SIM3
SIM4
1
21
22
SIM5
SIM1
SIM2
SIM3
SIM4
1
21
22
SIM5
SIM1
SIM2
SIM3
SIM4
1
21
22
SIM5
SIM1
SIM2
SIM3
SIM4
1
21
22
SIM5
SIM1
SIM2
SIM3
SIM4
1
21
22
SIM5
SIM1
SIM2
SIM3
SIM4
1
21
22
SIM5
SIM1
SIM2
SIM3
SIM4
1
21
22
SIM5
SIM1
SIM2
SIM3
SIM4
1
21
22
SIM5
SIM1
SIM2
SIM3
SIM4
1
21
22
SIM5
SIM1
SIM2
SIM3
SIM4
1
21
22
SIM5
SIM1
SIM2
SIM3
SIM4
1
21
22
SIM5
SIM1
SIM2
SIM3
SIM4
1
21
22
SIM5
SIM1
SIM2
SIM3
SIM4
1
21
22
SIM5
SIM1
SIM2
SIM3
SIM4
1
21
22
SIM5
SIM1
SIM2
SIM3
SIM4
1
21
22
SIM5
SIM1
SIM2
SIM3
SIM4
1
21
22
SIM5
SIM1
SIM2
SIM3
SIM4
1
21
22
SIM5
SIM1
SIM2
SIM3
SIM4
1
21
22
SIM5
SIM1
SIM2
SIM3
SIM4
1
21
22
SIM5
SIM1
SIM2
SIM3
SIM4
1
21
22
SIM5
SIM1
SIM2
SIM3
SIM4
1
21
22
SIM5
SIM1
SIM2
SIM3
SIM4
1
21
22
SIM5
SIM1
SIM2
SIM3
SIM4
1
21
22
SIM5
SIM1
SIM2
SIM3
SIM4
1
21
22
SIM5
SIM1
SIM2
SIM3
SIM4
1
21
22
SIM5
SIM1
SIM2
SIM3
SIM4
1
21
22
SIM5
SIM1
SIM2
SIM3
SIM4
1
21
22
SIM5
SIM1
SIM2
SIM3
SIM4
1
21
22
SIM5
SIM1
SIM2
SIM3
SIM4
1
21
22
SIM5
SIM1
SIM2
SIM3
SIM4
1
21
22
SIM5
SIM1
SIM2
SIM3
SIM4
1
21
22
SIM5
SIM1
SIM2
SIM3
SIM4
1
21
22
SIM5
SIM1
SIM2
SIM3
SIM4
1
21
22
SIM5
SIM1
SIM2
SIM3
SIM4
1
21
22
SIM5
SIM1
SIM2
SIM3
SIM4
1
21
22
SIM5
SIM1
SIM2
SIM3
SIM4
1
21
22
SIM5
SIM1
SIM2
SIM3
SIM4
1
21
22
SIM5
SIM1
SIM2
SIM3
SIM4
1
21
22
SIM5
SIM1
SIM2
SIM3
SIM4
1
21
22
SIM5
SIM1
SIM2
SIM3
SIM4
1
21
22
SIM5
SIM1
SIM2
SIM3
SIM4
1
21
22
SIM5
SIM1
SIM2
SIM3
SIM4
1
21
22
SIM5
SIM1
SIM2
SIM3
SIM4
1
21
22
SIM5
SIM1
SIM2
SIM3
SIM4
1
21
22
SIM5
SIM1
SIM2
SIM3
SIM4
1
21
22
SIM5
SIM1
SIM2
SIM3
SIM4
1
21
22
SIM5
SIM1
SIM2
SIM3
SIM4
1
21
22
SIM5
SIM1
SIM2
SIM3
SIM4
1
21
22
SIM5
SIM1
SIM2
SIM3
SIM4
1
21
22
SIM5
SIM1
SIM2
SIM3
SIM4
1
21
22
SIM5
SIM1
SIM2
SIM3
SIM4
1
21
22
SIM5
SIM1
SIM2
SIM3
SIM4
1
21
22
SIM5
SIM1
SIM2
SIM3
SIM4
1
21
22
SIM5
SIM1
SIM2
SIM3
SIM4
1
21
22
SIM5
SIM1
SIM2
SIM3
SIM4
1
21
22
SIM5
SIM1
SIM2
SIM3
SIM4
1
21
22
SIM5
SIM1
SIM2
SIM3
SIM4
1
21
22
SIM5
SIM1
SIM2
SIM3
SIM4
1
21
22
SIM5
SIM1
SIM2
SIM3
SIM4
1
21
22
SIM5
SIM1
SIM2
SIM3
SIM4
1
21
22
SIM5
SIM1
SIM2
SIM3
SIM4
1
21
22
SIM5
SIM1
SIM2
SIM3
SIM4
1
21
22
SIM5
SIM1
SIM2
SIM3
SIM4
1
21
22
SIM5
SIM1
SIM2
SIM3
SIM4
1
21
22
SIM5
SIM1
SIM2
SIM3
SIM4
1
21
22
SIM5
SIM1
SIM2
SIM3
SIM4
1
21
22
SIM5
SIM1
SIM2
SIM3
SIM4
1
21
22
SIM5
SIM1
SIM2
SIM3
SIM4
1
21
22
SIM5
SIM1
SIM2
SIM3
SIM4
1
21
22
SIM5
SIM1
SIM2
SIM3
SIM4
1
21
22
SIM5
SIM1
SIM2
SIM3
SIM4
1
21
22
SIM5
SIM1
SIM2
SIM3
SIM4
1
21
22
SIM5
SIM1
SIM2
SIM3
SIM4
1
21
22
SIM5
SIM1
SIM2
SIM3
SIM4
1
21
22
SIM5
SIM1
SIM2
SIM3
SIM4
1
21
22
SIM5
SIM1
SIM2
SIM3
SIM4
1
21
22
SIM5
SIM1
SIM2
SIM3
SIM4
1
21
22
SIM5
SIM1
SIM2
SIM3
SIM4
1
21
22
SIM5
SIM1
SIM2
SIM3
SIM4
1
21
22
SIM5
SIM1
SIM2
SIM3
SIM4
1
21
22
SIM5
SIM1
SIM2
SIM3
SIM4
1
21
22
SIM5
SIM1
SIM2
SIM3
SIM4
1
21
22
SIM5
SIM1
SIM2
SIM3
SIM4
1
21
22
SIM5
SIM1
SIM2
SIM3
SIM4
1
21
22
SIM5
SIM1
SIM2
SIM3
SIM4
1
21
22
SIM5
SIM1
SIM2
SIM3
SIM4
1
21
22
SIM5
SIM1
SIM2
SIM3
SIM4
1
21
22
SIM5
SIM1
SIM2
SIM3
SIM4
1
21
22
SIM5
SIM1
SIM2
SIM3
SIM4
1
21
22
SIM5
SIM1
SIM2
SIM3
SIM4
1
21
22
SIM5
SIM1
SIM2
SIM3
SIM4
1
21
22
SIM5
SIM1
SIM2
SIM3
SIM4
1
21
22
SIM5
SIM1
SIM2
SIM3
SIM4
1
21
22
SIM5
SIM1
SIM2
SIM3
SIM4
1
21
22
SIM5
SIM1
SIM2
SIM3
SIM4
1
21
22
SIM5
SIM1
SIM2
SIM3
SIM4
1
21
22
SIM5
SIM1
SIM2
SIM3
SIM4
1
21
22
SIM5
SIM1
SIM2
SIM3
SIM4
1
21
22
SIM5
SIM1
SIM2
SIM3
SIM4
1
21
22
SIM5
SIM1
SIM2
SIM3
SIM4
1
21
22
SIM5
SIM1
SIM2
SIM3
SIM4
1
21
22
SIM5
SIM1
SIM2
SIM3
SIM4
1
21
22
SIM5
SIM1
SIM2
SIM3
SIM4
1
21
22
SIM5
SIM1
SIM2
SIM3
SIM4
1
21
22
SIM5
SIM1
SIM2
SIM3
SIM4
1
21
22
SIM5
SIM1
SIM2
SIM3
SIM4
1
21
22
SIM5
SIM1
SIM2
SIM3
SIM4
1
21
22
SIM5
SIM1
SIM2
SIM3
SIM4
1
21
22
SIM5
SIM1
SIM2
SIM3
SIM4
1
21
22
SIM5
SIM1
SIM2
SIM3
SIM4
1
21
22
SIM5
SIM1
SIM2
SIM3
SIM4
1
21
22
SIM5
SIM1
SIM2
SIM3
SIM4
1
21
22
SIM5
SIM1
SIM2
SIM3
SIM4
1
21
22
SIM5
SIM1
SIM2
SIM3
SIM4
1
21
22
SIM5
SIM1
SIM2
SIM3
SIM4
1
21
22
SIM5
SIM1
SIM2
SIM3
SIM4
1
21
22
SIM5
SIM1
SIM2
SIM3
SIM4
1
21
22
SIM5
SIM1
SIM2
SIM3
SIM4
1
21
22
SIM5
SIM1
SIM2
SIM3
SIM4
1
21
22
SIM5
SIM1
SIM2
SIM3
SIM4
1
21
22
SIM5
SIM1
SIM2
SIM3
SIM4
1
21
22
SIM5
SIM1
SIM2
SIM3
SIM4
1
21
22
SIM5
SIM1
SIM2
SIM3
SIM4
1
21
22
SIM5
SIM1
SIM2
SIM3
SIM4
1
21
22
SIM5
SIM1
SIM2
SIM3
SIM4
1
21
22
SIM5
SIM1
SIM2
SIM3
SIM4
1
21
22
SIM5
SIM1
SIM2
SIM3
SIM4
1
21
22
SIM5
SIM1
SIM2
SIM3
SIM4
1
21
22
SIM5
SIM1
SIM2
SIM3
SIM4
1
21
22
SIM5
SIM1
SIM2
SIM3
SIM4
1
21
22
SIM5
SIM1
SIM2
SIM3
SIM4
1
21
22
SIM5
SIM1
SIM2
SIM3
SIM4
1
21
22
SIM5
SIM1
SIM2
SIM3
SIM4
1
21
22
SIM5
SIM1
SIM2
SIM3
SIM4
1
21
22
SIM5
SIM1
SIM2
SIM3
SIM4
1
21
22
SIM5
SIM1
SIM2
SIM3
SIM4
1
21
22
SIM5
SIM1
SIM2
SIM3
SIM4
1
21
22
SIM5
SIM1
SIM2
SIM3
SIM4
1
21
22
SIM5
SIM1
SIM2
SIM3
SIM4
1
21
22
SIM5
SIM1
SIM2
SIM3
SIM4
1
21
22
SIM5
SIM1
SIM2
SIM3
SIM4
1
21
22
SIM5
SIM1
SIM2
SIM3
SIM4
1
21
22
SIM5
SIM1
SIM2
SIM3
SIM4
1
21
22
SIM5
SIM1
SIM2
SIM3
SIM4
1
21
22
SIM5
SIM1
SIM2
SIM3
SIM4
1
21
22
SIM5
SIM1
SIM2
SIM3
SIM4
1
21
22
SIM5
SIM1
SIM2
SIM3
SIM4
1
21
22
SIM5
SIM1
SIM2
SIM3
SIM4
1
21
22
SIM5
SIM1
SIM2
SIM3
SIM4
1
21
22
SIM5
SIM1
SIM2
SIM3
SIM4
1
21
22
SIM5
SIM1
SIM2
SIM3
SIM4
1
21
22
SIM5
SIM1
SIM2
SIM3
SIM4
1
21
22
SIM5
SIM1
SIM2
SIM3
SIM4
1
21
22
SIM5
SIM1
SIM2
SIM3
SIM4
1
21
22
SIM5
SIM1
SIM2
SIM3
SIM4
1
21
22
SIM5
SIM1
SIM2
SIM3
SIM4
1
21
22
SIM5
SIM1
SIM2
SIM3
SIM4
1
21
22
SIM5
SIM1
SIM2
SIM3
SIM4
1
21
22
SIM5
SIM1
SIM2
SIM3
SIM4
1
21
22
SIM5
SIM1
SIM2
SIM3
SIM4
1
21
22
SIM5
SIM1
SIM2
SIM3
SIM4
1
21
22
SIM5
SIM1
SIM2
SIM3
SIM4
1
21
22
SIM5
SIM1
SIM2
SIM3
SIM4
1
21
22
SIM5
SIM1
SIM2
SIM3
SIM4
1
21
22
SIM5
SIM1
SIM2
SIM3
SIM4
1
21
22
SIM5
SIM1
SIM2
DEBUG 1 382
SIM1
SIM2
SIM3
SIM4
1
21
22
SIM5
SIM1
SIM2
SIM3
SIM4
1
21
22
SIM5
SIM1
SIM2
SIM3
SIM4
1
21
22
SIM5
SIM1
SIM2
SIM3
SIM4
1
21
22
SIM5
SIM1
SIM2
SIM3
SIM4
1
21
22
SIM5
SIM1
SIM2
SIM3
SIM4
1
21
22
SIM5
SIM1
SIM2
SIM3
SIM4
1
21
22
SIM5
SIM1
SIM2
SIM3
SIM4
1
21
22
SIM5
SIM1
SIM2
SIM3
SIM4
1
21
22
SIM5
SIM1
SIM2
SIM3
SIM4
1
21
22
SIM5
SIM1
SIM2
SIM3
SIM4
1
21
22
SIM5
SIM1
SIM2
SIM3
SIM4
1
21
22
SIM5
SIM1
SIM2
SIM3
SIM4
1
21
22
SIM5
SIM1
SIM2
SIM3
SIM4
1
21
22
SIM5
SIM1
SIM2
SIM3
SIM4
1
21
22
SIM5
SIM1
SIM2
SIM3
SIM4
1
21
22
SIM5
SIM1
SIM2
SIM3
SIM4
1
21
22
SIM5
SIM1
SIM2
SIM3
SIM4
1
21
22
SIM5
SIM1
SIM2
SIM3
SIM4
1
21
22
SIM5
SIM1
SIM2
SIM3
SIM4
1
21
22
SIM5
SIM1
SIM2
SIM3
SIM4
1
21
22
SIM5
SIM1
SIM2
SIM3
SIM4
1
21
22
SIM5
SIM1
SIM2
SIM3
SIM4
1
21
22
SIM5
SIM1
SIM2
SIM3
SIM4
1
21
22
SIM5
SIM1
SIM2
SIM3
SIM4
1
21
22
SIM5
SIM1
SIM2
SIM3
SIM4
1
21
22
SIM5
SIM1
SIM2
SIM3
SIM4
1
21
22
SIM5
SIM1
SIM2
SIM3
SIM4
1
21
22
SIM5
SIM1
SIM2
SIM3
SIM4
1
21
22
SIM5
SIM1
SIM2
SIM3
SIM4
1
21
22
SIM5
SIM1
SIM2
SIM3
SIM4
1
21
22
SIM5
SIM1
SIM2
SIM3
SIM4
1
21
22
SIM5
SIM1
SIM2
SIM3
SIM4
1
21
22
SIM5
SIM1
SIM2
SIM3
SIM4
1
21
22
SIM5
SIM1
SIM2
SIM3
SIM4
1
21
22
SIM5
SIM1
SIM2
SIM3
SIM4
1
21
22
SIM5
SIM1
SIM2
SIM3
SIM4
1
21
22
SIM5
SIM1
SIM2
SIM3
SIM4
1
21
22
SIM5
SIM1
SIM2
SIM3
SIM4
1
21
22
SIM5
SIM1
SIM2
SIM3
SIM4
1
21
22
SIM5
SIM1
SIM2
SIM3
SIM4
1
21
22
SIM5
SIM1
SIM2
SIM3
SIM4
1
21
22
SIM5
SIM1
SIM2
SIM3
SIM4
1
21
22
SIM5
SIM1
SIM2
SIM3
SIM4
1
21
22
SIM5
SIM1
SIM2
SIM3
SIM4
1
21
22
SIM5
SIM1
SIM2
SIM3
SIM4
1
21
22
SIM5
SIM1
SIM2
SIM3
SIM4
1
21
22
SIM5
SIM1
SIM2
SIM3
SIM4
1
21
22
SIM5
SIM1
SIM2
SIM3
SIM4
1
21
22
SIM5
SIM1
SIM2
SIM3
SIM4
1
21
22
SIM5
SIM1
SIM2
SIM3
SIM4
1
21
22
SIM5
SIM1
SIM2
SIM3
SIM4
1
21
22
SIM5
SIM1
SIM2
SIM3
SIM4
1
21
22
SIM5
SIM1
SIM2
SIM3
SIM4
1
21
22
SIM5
SIM1
SIM2
SIM3
SIM4
1
21
22
SIM5
SIM1
SIM2
SIM3
SIM4
1
21
22
SIM5
SIM1
SIM2
SIM3
SIM4
1
21
22
SIM5
SIM1
SIM2
SIM3
SIM4
1
21
22
SIM5
SIM1
SIM2
SIM3
SIM4
1
21
22
SIM5
SIM1
SIM2
SIM3
SIM4
1
21
22
SIM5
SIM1
SIM2
SIM3
SIM4
1
21
22
SIM5
SIM1
SIM2
SIM3
SIM4
1
21
22
SIM5
SIM1
SIM2
SIM3
SIM4
1
21
22
SIM5
SIM1
SIM2
SIM3
SIM4
1
21
22
SIM5
SIM1
SIM2
SIM3
SIM4
1
21
22
SIM5
SIM1
SIM2
SIM3
SIM4
1
21
22
SIM5
SIM1
SIM2
SIM3
SIM4
1
21
22
SIM5
SIM1
SIM2
SIM3
SIM4
1
21
22
SIM5
SIM1
SIM2
SIM3
SIM4
1
21
22
SIM5
SIM1
SIM2
SIM3
SIM4
1
21
22
SIM5
SIM1
SIM2
SIM3
SIM4
1
21
22
SIM5
SIM1
SIM2
SIM3
SIM4
1
21
22
SIM5
SIM1
SIM2
SIM3
SIM4
1
21
22
SIM5
SIM1
SIM2
SIM3
SIM4
1
21
22
SIM5
SIM1
SIM2
SIM3
SIM4
1
21
22
SIM5
SIM1
SIM2
SIM3
SIM4
1
21
22
SIM5
SIM1
SIM2
SIM3
SIM4
1
21
22
SIM5
SIM1
SIM2
SIM3
SIM4
1
21
22
SIM5
SIM1
SIM2
SIM3
SIM4
1
21
22
SIM5
SIM1
SIM2
SIM3
SIM4
1
21
22
SIM5
SIM1
SIM2
SIM3
SIM4
1
21
22
SIM5
SIM1
SIM2
SIM3
SIM4
1
21
22
SIM5
SIM1
SIM2
SIM3
SIM4
1
21
22
SIM5
SIM1
SIM2
SIM3
SIM4
1
21
22
SIM5
SIM1
SIM2
SIM3
SIM4
1
21
22
SIM5
SIM1
SIM2
SIM3
SIM4
1
21
22
SIM5
SIM1
SIM2
DEBUG 1 383
SIM1
SIM2
SIM3
SIM4
1
21
22
SIM5
SIM1
SIM2
SIM3
SIM4
1
21
22
SIM5
SIM1
SIM2
SIM3
SIM4
1
21
22
SIM5
SIM1
SIM2
SIM3
SIM4
1
21
22
SIM5
SIM1
SIM2
SIM3
SIM4
1
21
22
SIM5
SIM1
SIM2
SIM3
SIM4
1
21
22
SIM5
SIM1
SIM2
SIM3
SIM4
1
21
22
SIM5
SIM1
SIM2
SIM3
SIM4
1
21
22
SIM5
SIM1
SIM2
SIM3
SIM4
1
21
22
SIM5
SIM1
SIM2
SIM3
SIM4
1
21
22
SIM5
SIM1
SIM2
SIM3
SIM4
1
21
22
SIM5
SIM1
SIM2
SIM3
SIM4
1
21
22
SIM5
SIM1
SIM2
SIM3
SIM4
1
21
22
SIM5
SIM1
SIM2
SIM3
SIM4
1
21
22
SIM5
SIM1
SIM2
SIM3
SIM4
1
21
22
SIM5
SIM1
SIM2
SIM3
SIM4
1
21
22
SIM5
SIM1
SIM2
SIM3
SIM4
1
21
22
SIM5
SIM1
SIM2
SIM3
SIM4
1
21
22
SIM5
SIM1
SIM2
SIM3
SIM4
1
21
22
SIM5
SIM1
SIM2
SIM3
SIM4
1
21
22
SIM5
SIM1
SIM2
SIM3
SIM4
1
21
22
SIM5
SIM1
SIM2
SIM3
SIM4
1
21
22
SIM5
SIM1
SIM2
SIM3
SIM4
1
21
22
SIM5
SIM1
SIM2
SIM3
SIM4
1
21
22
SIM5
SIM1
SIM2
SIM3
SIM4
1
21
22
SIM5
SIM1
SIM2
SIM3
SIM4
1
21
22
SIM5
SIM1
SIM2
SIM3
SIM4
1
21
22
SIM5
SIM1
SIM2
SIM3
SIM4
1
21
22
SIM5
SIM1
SIM2
SIM3
SIM4
1
21
22
SIM5
SIM1
SIM2
SIM3
SIM4
1
21
22
SIM5
SIM1
SIM2
SIM3
SIM4
1
21
22
SIM5
SIM1
SIM2
SIM3
SIM4
1
21
22
SIM5
SIM1
SIM2
SIM3
SIM4
1
21
22
SIM5
SIM1
SIM2
SIM3
SIM4
1
21
22
SIM5
SIM1
SIM2
SIM3
SIM4
1
21
22
SIM5
SIM1
SIM2
SIM3
SIM4
1
21
22
SIM5
SIM1
SIM2
SIM3
SIM4
1
21
22
SIM5
SIM1
SIM2
SIM3
SIM4
1
21
22
SIM5
SIM1
SIM2
SIM3
SIM4
1
21
22
SIM5
SIM1
SIM2
SIM3
SIM4
1
21
22
SIM5
SIM1
SIM2
SIM3
SIM4
1
21
22
SIM5
SIM1
SIM2
SIM3
SIM4
1
21
22
SIM5
SIM1
SIM2
SIM3
SIM4
1
21
22
SIM5
SIM1
SIM2
SIM3
SIM4
1
21
22
SIM5
SIM1
SIM2
SIM3
SIM4
1
21
22
SIM5
SIM1
SIM2
SIM3
SIM4
1
21
22
SIM5
SIM1
SIM2
SIM3
SIM4
1
21
22
SIM5
SIM1
SIM2
SIM3
SIM4
1
21
22
SIM5
SIM1
SIM2
SIM3
SIM4
1
21
22
SIM5
SIM1
SIM2
SIM3
SIM4
1
21
22
SIM5
SIM1
SIM2
SIM3
SIM4
1
21
22
SIM5
SIM1
SIM2
SIM3
SIM4
1
21
22
SIM5
SIM1
SIM2
SIM3
SIM4
1
21
22
SIM5
SIM1
SIM2
SIM3
SIM4
1
21
22
SIM5
SIM1
SIM2
SIM3
SIM4
1
21
22
SIM5
SIM1
SIM2
SIM3
SIM4
1
21
22
SIM5
SIM1
SIM2
SIM3
SIM4
1
21
22
SIM5
SIM1
SIM2
SIM3
SIM4
1
21
22
SIM5
SIM1
SIM2
SIM3
SIM4
1
21
22
SIM5
SIM1
SIM2
SIM3
SIM4
1
21
22
SIM5
SIM1
SIM2
SIM3
SIM4
1
21
22
SIM5
SIM1
SIM2
SIM3
SIM4
1
21
22
SIM5
SIM1
SIM2
SIM3
SIM4
1
21
22
SIM5
SIM1
SIM2
SIM3
SIM4
1
21
22
SIM5
SIM1
SIM2
SIM3
SIM4
1
21
22
SIM5
SIM1
SIM2
SIM3
SIM4
1
21
22
SIM5
SIM1
SIM2
SIM3
SIM4
1
21
22
SIM5
SIM1
SIM2
SIM3
SIM4
1
21
22
SIM5
SIM1
SIM2
SIM3
SIM4
1
21
22
SIM5
SIM1
SIM2
SIM3
SIM4
1
21
22
SIM5
SIM1
SIM2
SIM3
SIM4
1
21
22
SIM5
SIM1
SIM2
SIM3
SIM4
1
21
22
SIM5
SIM1
SIM2
SIM3
SIM4
1
21
22
SIM5
SIM1
SIM2
SIM3
SIM4
1
21
22
SIM5
SIM1
SIM2
SIM3
SIM4
1
21
22
SIM5
SIM1
SIM2
SIM3
SIM4
1
21
22
SIM5
SIM1
SIM2
SIM3
SIM4
1
21
22
SIM5
SIM1
SIM2
SIM3
SIM4
1
21
22
SIM5
SIM1
SIM2
SIM3
SIM4
1
21
22
SIM5
SIM1
SIM2
SIM3
SIM4
1
21
22
SIM5
SIM1
SIM2
SIM3
SIM4
1
21
22
SIM5
SIM1
SIM2
SIM3
SIM4
1
21
22
SIM5
SIM1
SIM2
SIM3
SIM4
1
21
22
SIM5
SIM1
SIM2
SIM3
SIM4
1
21
22
SIM5
SIM1
SIM2
SIM3
SIM4
1
21
22
SIM5
SIM1
SIM2
SIM3
SIM4
1
21
22
SIM5
SIM1
SIM2
SIM3
SIM4
1
21
22
SIM5
SIM1
SIM2
SIM3
SIM4
1
21
22
SIM5
SIM1
SIM2
SIM3
SIM4
1
21
22
SIM5
SIM1
SIM2
SIM3
SIM4
1
21
22
SIM5
SIM1
SIM2
SIM3
SIM4
1
21
22
SIM5
SIM1
SIM2
SIM3
SIM4
1
21
22
SIM5
SIM1
SIM2
SIM3
SIM4
1
21
22
SIM5
SIM1
SIM2
SIM3
SIM4
1
21
22
SIM5
SIM1
SIM2
SIM3
SIM4
1
21
22
SIM5
SIM1
SIM2
SIM3
SIM4
1
21
22
SIM5
SIM1
SIM2
SIM3
SIM4
1
21
22
SIM5
SIM1
SIM2
SIM3
SIM4
1
21
22
SIM5
SIM1
SIM2
SIM3
SIM4
1
21
22
SIM5
SIM1
SIM2
SIM3
SIM4
1
21
22
SIM5
SIM1
SIM2
SIM3
SIM4
1
21
22
SIM5
SIM1
SIM2
SIM3
SIM4
1
21
22
SIM5
SIM1
SIM2
SIM3
SIM4
1
21
22
SIM5
SIM1
SIM2
SIM3
SIM4
1
21
22
SIM5
SIM1
SIM2
SIM3
SIM4
1
21
22
SIM5
SIM1
SIM2
SIM3
SIM4
1
21
22
SIM5
SIM1
SIM2
SIM3
SIM4
1
21
22
SIM5
SIM1
SIM2
SIM3
SIM4
1
21
22
SIM5
SIM1
SIM2
SIM3
SIM4
1
21
22
SIM5
SIM1
SIM2
SIM3
SIM4
1
21
22
SIM5
SIM1
SIM2
SIM3
SIM4
1
21
22
SIM5
SIM1
SIM2
SIM3
SIM4
1
21
22
SIM5
SIM1
SIM2
SIM3
SIM4
1
21
22
SIM5
SIM1
SIM2
SIM3
SIM4
1
21
22
SIM5
SIM1
SIM2
SIM3
SIM4
1
21
22
SIM5
SIM1
SIM2
SIM3
SIM4
1
21
22
SIM5
SIM1
SIM2
SIM3
SIM4
1
21
22
SIM5
SIM1
SIM2
SIM3
SIM4
1
21
22
SIM5
SIM1
SIM2
SIM3
SIM4
1
21
22
SIM5
SIM1
SIM2
SIM3
SIM4
1
21
22
SIM5
SIM1
SIM2
SIM3
SIM4
1
21
22
SIM5
SIM1
SIM2
SIM3
SIM4
1
21
22
SIM5
SIM1
SIM2
SIM3
SIM4
1
21
22
SIM5
SIM1
SIM2
DEBUG 1 384
SIM1
SIM2
SIM3
SIM4
1
21
22
SIM5
SIM1
SIM2
SIM3
SIM4
1
21
22
SIM5
SIM1
SIM2
SIM3
SIM4
1
21
22
SIM5
SIM1
SIM2
SIM3
SIM4
1
21
22
SIM5
SIM1
SIM2
SIM3
SIM4
1
21
22
SIM5
SIM1
SIM2
SIM3
SIM4
1
21
22
SIM5
SIM1
SIM2
SIM3
SIM4
1
21
22
SIM5
SIM1
SIM2
SIM3
SIM4
1
21
22
SIM5
SIM1
SIM2
SIM3
SIM4
1
21
22
SIM5
SIM1
SIM2
SIM3
SIM4
1
21
22
SIM5
SIM1
SIM2
SIM3
SIM4
1
21
22
SIM5
SIM1
SIM2
SIM3
SIM4
1
21
22
SIM5
SIM1
SIM2
SIM3
SIM4
1
21
22
SIM5
SIM1
SIM2
SIM3
SIM4
1
21
22
SIM5
SIM1
SIM2
SIM3
SIM4
1
21
22
SIM5
SIM1
SIM2
SIM3
SIM4
1
21
22
SIM5
SIM1
SIM2
SIM3
SIM4
1
21
22
SIM5
SIM1
SIM2
SIM3
SIM4
1
21
22
SIM5
SIM1
SIM2
SIM3
SIM4
1
21
22
SIM5
SIM1
SIM2
SIM3
SIM4
1
21
22
SIM5
SIM1
SIM2
SIM3
SIM4
1
21
22
SIM5
SIM1
SIM2
SIM3
SIM4
1
21
22
SIM5
SIM1
SIM2
SIM3
SIM4
1
21
22
SIM5
SIM1
SIM2
SIM3
SIM4
1
21
22
SIM5
SIM1
SIM2
SIM3
SIM4
1
21
22
SIM5
SIM1
SIM2
SIM3
SIM4
1
21
22
SIM5
SIM1
SIM2
SIM3
SIM4
1
21
22
SIM5
SIM1
SIM2
SIM3
SIM4
1
21
22
SIM5
SIM1
SIM2
SIM3
SIM4
1
21
22
SIM5
SIM1
SIM2
SIM3
SIM4
1
21
22
SIM5
SIM1
SIM2
SIM3
SIM4
1
21
22
SIM5
SIM1
SIM2
SIM3
SIM4
1
21
22
SIM5
SIM1
SIM2
SIM3
SIM4
1
21
22
SIM5
SIM1
SIM2
SIM3
SIM4
1
21
22
SIM5
SIM1
SIM2
SIM3
SIM4
1
21
22
SIM5
SIM1
SIM2
SIM3
SIM4
1
21
22
SIM5
SIM1
SIM2
SIM3
SIM4
1
21
22
SIM5
SIM1
SIM2
SIM3
SIM4
1
21
22
SIM5
SIM1
SIM2
SIM3
SIM4
1
21
22
SIM5
SIM1
SIM2
SIM3
SIM4
1
21
22
SIM5
SIM1
SIM2
SIM3
SIM4
1
21
22
SIM5
SIM1
SIM2
SIM3
SIM4
1
21
22
SIM5
SIM1
SIM2
SIM3
SIM4
1
21
22
SIM5
SIM1
SIM2
SIM3
SIM4
1
21
22
SIM5
SIM1
SIM2
SIM3
SIM4
1
21
22
SIM5
SIM1
SIM2
SIM3
SIM4
1
21
22
SIM5
SIM1
SIM2
SIM3
SIM4
1
21
22
SIM5
SIM1
SIM2
SIM3
SIM4
1
21
22
SIM5
SIM1
SIM2
SIM3
SIM4
1
21
22
SIM5
SIM1
SIM2
SIM3
SIM4
1
21
22
SIM5
SIM1
SIM2
SIM3
SIM4
1
21
22
SIM5
SIM1
SIM2
SIM3
SIM4
1
21
22
SIM5
SIM1
SIM2
SIM3
SIM4
1
21
22
SIM5
SIM1
SIM2
SIM3
SIM4
1
21
22
SIM5
SIM1
SIM2
SIM3
SIM4
1
21
22
SIM5
SIM1
SIM2
SIM3
SIM4
1
21
22
SIM5
SIM1
SIM2
SIM3
SIM4
1
21
22
SIM5
SIM1
SIM2
SIM3
SIM4
1
21
22
SIM5
SIM1
SIM2
SIM3
SIM4
1
21
22
SIM5
SIM1
SIM2
SIM3
SIM4
1
21
22
SIM5
SIM1
SIM2
SIM3
SIM4
1
21
22
SIM5
SIM1
SIM2
SIM3
SIM4
1
21
22
SIM5
SIM1
SIM2
SIM3
SIM4
1
21
22
SIM5
SIM1
SIM2
SIM3
SIM4
1
21
22
SIM5
SIM1
SIM2
SIM3
SIM4
1
21
22
SIM5
SIM1
SIM2
SIM3
SIM4
1
21
22
SIM5
SIM1
SIM2
SIM3
SIM4
1
21
22
SIM5
SIM1
SIM2
SIM3
SIM4
1
21
22
SIM5
SIM1
SIM2
SIM3
SIM4
1
21
22
SIM5
SIM1
SIM2
SIM3
SIM4
1
21
22
SIM5
SIM1
SIM2
SIM3
SIM4
1
21
22
SIM5
SIM1
SIM2
SIM3
SIM4
1
21
22
SIM5
SIM1
SIM2
SIM3
SIM4
1
21
22
SIM5
SIM1
SIM2
SIM3
SIM4
1
21
22
SIM5
SIM1
SIM2
SIM3
SIM4
1
21
22
SIM5
SIM1
SIM2
SIM3
SIM4
1
21
22
SIM5
SIM1
SIM2
SIM3
SIM4
1
21
22
SIM5
SIM1
SIM2
SIM3
SIM4
1
21
22
SIM5
SIM1
SIM2
SIM3
SIM4
1
21
22
SIM5
SIM1
SIM2
SIM3
SIM4
1
21
22
SIM5
SIM1
SIM2
SIM3
SIM4
1
21
22
SIM5
SIM1
SIM2
SIM3
SIM4
1
21
22
SIM5
SIM1
SIM2
SIM3
SIM4
1
21
22
SIM5
SIM1
SIM2
SIM3
SIM4
1
21
22
SIM5
SIM1
SIM2
SIM3
SIM4
1
21
22
SIM5
SIM1
SIM2
SIM3
SIM4
1
21
22
SIM5
SIM1
SIM2
SIM3
SIM4
1
21
22
SIM5
SIM1
SIM2
SIM3
SIM4
1
21
22
SIM5
SIM1
SIM2
SIM3
SIM4
1
21
22
SIM5
SIM1
SIM2
SIM3
SIM4
1
21
22
SIM5
SIM1
SIM2
SIM3
SIM4
1
21
22
SIM5
SIM1
SIM2
SIM3
SIM4
1
21
22
SIM5
SIM1
SIM2
SIM3
SIM4
1
21
22
SIM5
SIM1
SIM2
SIM3
SIM4
1
21
22
SIM5
SIM1
SIM2
SIM3
SIM4
1
21
22
SIM5
SIM1
SIM2
DEBUG 1 385
SIM1
SIM2
SIM3
SIM4
1
21
22
SIM5
SIM1
SIM2
SIM3
SIM4
1
21
22
SIM5
SIM1
SIM2
SIM3
SIM4
1
21
22
SIM5
SIM1
SIM2
SIM3
SIM4
1
21
22
SIM5
SIM1
SIM2
SIM3
SIM4
1
21
22
SIM5
SIM1
SIM2
SIM3
SIM4
1
21
22
SIM5
SIM1
SIM2
SIM3
SIM4
1
21
22
SIM5
SIM1
SIM2
SIM3
SIM4
1
21
22
SIM5
SIM1
SIM2
SIM3
SIM4
1
21
22
SIM5
SIM1
SIM2
SIM3
SIM4
1
21
22
SIM5
SIM1
SIM2
SIM3
SIM4
1
21
22
SIM5
SIM1
SIM2
SIM3
SIM4
1
21
22
SIM5
SIM1
SIM2
SIM3
SIM4
1
21
22
SIM5
SIM1
SIM2
SIM3
SIM4
1
21
22
SIM5
SIM1
SIM2
SIM3
SIM4
1
21
22
SIM5
SIM1
SIM2
SIM3
SIM4
1
21
22
SIM5
SIM1
SIM2
SIM3
SIM4
1
21
22
SIM5
SIM1
SIM2
SIM3
SIM4
1
21
22
SIM5
SIM1
SIM2
SIM3
SIM4
1
21
22
SIM5
SIM1
SIM2
SIM3
SIM4
1
21
22
SIM5
SIM1
SIM2
SIM3
SIM4
1
21
22
SIM5
SIM1
SIM2
SIM3
SIM4
1
21
22
SIM5
SIM1
SIM2
SIM3
SIM4
1
21
22
SIM5
SIM1
SIM2
SIM3
SIM4
1
21
22
SIM5
SIM1
SIM2
SIM3
SIM4
1
21
22
SIM5
SIM1
SIM2
SIM3
SIM4
1
21
22
SIM5
SIM1
SIM2
SIM3
SIM4
1
21
22
SIM5
SIM1
SIM2
SIM3
SIM4
1
21
22
SIM5
SIM1
SIM2
SIM3
SIM4
1
21
22
SIM5
SIM1
SIM2
SIM3
SIM4
1
21
22
SIM5
SIM1
SIM2
SIM3
SIM4
1
21
22
SIM5
SIM1
SIM2
SIM3
SIM4
1
21
22
SIM5
SIM1
SIM2
SIM3
SIM4
1
21
22
SIM5
SIM1
SIM2
SIM3
SIM4
1
21
22
SIM5
SIM1
SIM2
SIM3
SIM4
1
21
22
SIM5
SIM1
SIM2
SIM3
SIM4
1
21
22
SIM5
SIM1
SIM2
SIM3
SIM4
1
21
22
SIM5
SIM1
SIM2
SIM3
SIM4
1
21
22
SIM5
SIM1
SIM2
SIM3
SIM4
1
21
22
SIM5
SIM1
SIM2
SIM3
SIM4
1
21
22
SIM5
SIM1
SIM2
SIM3
SIM4
1
21
22
SIM5
SIM1
SIM2
SIM3
SIM4
1
21
22
SIM5
SIM1
SIM2
SIM3
SIM4
1
21
22
SIM5
SIM1
SIM2
SIM3
SIM4
1
21
22
SIM5
SIM1
SIM2
SIM3
SIM4
1
21
22
SIM5
SIM1
SIM2
SIM3
SIM4
1
21
22
SIM5
SIM1
SIM2
SIM3
SIM4
1
21
22
SIM5
SIM1
SIM2
SIM3
SIM4
1
21
22
SIM5
SIM1
SIM2
SIM3
SIM4
1
21
22
SIM5
SIM1
SIM2
SIM3
SIM4
1
21
22
SIM5
SIM1
SIM2
SIM3
SIM4
1
21
22
SIM5
SIM1
SIM2
SIM3
SIM4
1
21
22
SIM5
SIM1
SIM2
SIM3
SIM4
1
21
22
SIM5
SIM1
SIM2
SIM3
SIM4
1
21
22
SIM5
SIM1
SIM2
SIM3
SIM4
1
21
22
SIM5
SIM1
SIM2
SIM3
SIM4
1
21
22
SIM5
SIM1
SIM2
SIM3
SIM4
1
21
22
SIM5
SIM1
SIM2
SIM3
SIM4
1
21
22
SIM5
SIM1
SIM2
SIM3
SIM4
1
21
22
SIM5
SIM1
SIM2
SIM3
SIM4
1
21
22
SIM5
SIM1
SIM2
SIM3
SIM4
1
21
22
SIM5
SIM1
SIM2
SIM3
SIM4
1
21
22
SIM5
SIM1
SIM2
SIM3
SIM4
1
21
22
SIM5
SIM1
SIM2
SIM3
SIM4
1
21
22
SIM5
SIM1
SIM2
SIM3
SIM4
1
21
22
SIM5
SIM1
SIM2
SIM3
SIM4
1
21
22
SIM5
SIM1
SIM2
SIM3
SIM4
1
21
22
SIM5
SIM1
SIM2
SIM3
SIM4
1
21
22
SIM5
SIM1
SIM2
SIM3
SIM4
1
21
22
SIM5
SIM1
SIM2
SIM3
SIM4
1
21
22
SIM5
SIM1
SIM2
SIM3
SIM4
1
21
22
SIM5
SIM1
SIM2
SIM3
SIM4
1
21
22
SIM5
SIM1
SIM2
SIM3
SIM4
1
21
22
SIM5
SIM1
SIM2
SIM3
SIM4
1
21
22
SIM5
SIM1
SIM2
SIM3
SIM4
1
21
22
SIM5
SIM1
SIM2
SIM3
SIM4
1
21
22
SIM5
SIM1
SIM2
SIM3
SIM4
1
21
22
SIM5
SIM1
SIM2
SIM3
SIM4
1
21
22
SIM5
SIM1
SIM2
SIM3
SIM4
1
21
22
SIM5
SIM1
SIM2
SIM3
SIM4
1
21
22
SIM5
SIM1
SIM2
SIM3
SIM4
1
21
22
SIM5
SIM1
SIM2
SIM3
SIM4
1
21
22
SIM5
SIM1
SIM2
SIM3
SIM4
1
21
22
SIM5
SIM1
SIM2
SIM3
SIM4
1
21
22
SIM5
SIM1
SIM2
SIM3
SIM4
1
21
22
SIM5
SIM1
SIM2
SIM3
SIM4
1
21
22
SIM5
SIM1
SIM2
SIM3
SIM4
1
21
22
SIM5
SIM1
SIM2
SIM3
SIM4
1
21
22
SIM5
SIM1
SIM2
SIM3
SIM4
1
21
22
SIM5
SIM1
SIM2
SIM3
SIM4
1
21
22
SIM5
SIM1
SIM2
SIM3
SIM4
1
21
22
SIM5
SIM1
SIM2
SIM3
SIM4
1
21
22
SIM5
SIM1
SIM2
SIM3
SIM4
1
21
22
SIM5
SIM1
SIM2
SIM3
SIM4
1
21
22
SIM5
SIM1
SIM2
SIM3
SIM4
1
21
22
SIM5
SIM1
SIM2
SIM3
SIM4
1
21
22
SIM5
SIM1
SIM2
SIM3
SIM4
1
21
22
SIM5
SIM1
SIM2
SIM3
SIM4
1
21
22
SIM5
SIM1
SIM2
SIM3
SIM4
1
21
22
SIM5
SIM1
SIM2
SIM3
SIM4
1
21
22
SIM5
SIM1
SIM2
SIM3
SIM4
1
21
22
SIM5
SIM1
SIM2
SIM3
SIM4
1
21
22
SIM5
SIM1
SIM2
SIM3
SIM4
1
21
22
SIM5
SIM1
SIM2
SIM3
SIM4
1
21
22
SIM5
SIM1
SIM2
SIM3
SIM4
1
21
22
SIM5
SIM1
SIM2
SIM3
SIM4
1
21
22
SIM5
SIM1
SIM2
SIM3
SIM4
1
21
22
SIM5
SIM1
SIM2
SIM3
SIM4
1
21
22
SIM5
SIM1
SIM2
SIM3
SIM4
1
21
22
SIM5
SIM1
SIM2
SIM3
SIM4
1
21
22
SIM5
SIM1
SIM2
SIM3
SIM4
1
21
22
SIM5
SIM1
SIM2
SIM3
SIM4
1
21
22
SIM5
SIM1
SIM2
SIM3
SIM4
1
21
22
SIM5
SIM1
SIM2
SIM3
SIM4
1
21
22
SIM5
SIM1
SIM2
SIM3
SIM4
1
21
22
SIM5
SIM1
SIM2
SIM3
SIM4
1
21
22
SIM5
SIM1
SIM2
SIM3
SIM4
1
21
22
SIM5
SIM1
SIM2
SIM3
SIM4
1
21
22
SIM5
SIM1
SIM2
SIM3
SIM4
1
21
22
SIM5
SIM1
SIM2
SIM3
SIM4
1
21
22
SIM5
SIM1
SIM2
SIM3
SIM4
1
21
22
SIM5
SIM1
SIM2
SIM3
SIM4
1
21
22
SIM5
SIM1
SIM2
SIM3
SIM4
1
21
22
SIM5
SIM1
SIM2
SIM3
SIM4
1
21
22
SIM5
SIM1
SIM2
SIM3
SIM4
1
21
22
SIM5
SIM1
SIM2
SIM3
SIM4
1
21
22
SIM5
SIM1
SIM2
SIM3
SIM4
1
21
22
SIM5
SIM1
SIM2
SIM3
SIM4
1
21
22
SIM5
SIM1
SIM2
SIM3
SIM4
1
21
22
SIM5
SIM1
SIM2
SIM3
SIM4
1
21
22
SIM5
SIM1
SIM2
SIM3
SIM4
1
21
22
SIM5
SIM1
SIM2
SIM3
SIM4
1
21
22
SIM5
SIM1
SIM2
SIM3
SIM4
1
21
22
SIM5
SIM1
SIM2
SIM3
SIM4
1
21
22
SIM5
SIM1
SIM2
SIM3
SIM4
1
21
22
SIM5
SIM1
SIM2
SIM3
SIM4
1
21
22
SIM5
SIM1
SIM2
SIM3
SIM4
1
21
22
SIM5
SIM1
SIM2
SIM3
SIM4
1
21
22
SIM5
SIM1
SIM2
SIM3
SIM4
1
21
22
SIM5
SIM1
SIM2
SIM3
SIM4
1
21
22
SIM5
SIM1
SIM2
SIM3
SIM4
1
21
22
SIM5
SIM1
SIM2
SIM3
SIM4
1
21
22
SIM5
SIM1
SIM2
SIM3
SIM4
1
21
22
SIM5
SIM1
SIM2
SIM3
SIM4
1
21
22
SIM5
SIM1
SIM2
SIM3
SIM4
1
21
22
SIM5
SIM1
SIM2
SIM3
SIM4
1
21
22
SIM5
SIM1
SIM2
SIM3
SIM4
1
21
22
SIM5
SIM1
SIM2
SIM3
SIM4
1
21
22
SIM5
SIM1
SIM2
SIM3
SIM4
1
21
22
SIM5
SIM1
SIM2
SIM3
SIM4
1
21
22
SIM5
SIM1
SIM2
SIM3
SIM4
1
21
22
SIM5
SIM1
SIM2
SIM3
SIM4
1
21
22
SIM5
SIM1
SIM2
SIM3
SIM4
1
21
22
SIM5
SIM1
SIM2
SIM3
SIM4
1
21
22
SIM5
SIM1
SIM2
SIM3
SIM4
1
21
22
SIM5
SIM1
SIM2
SIM3
SIM4
1
21
22
SIM5
SIM1
SIM2
SIM3
SIM4
1
21
22
SIM5
SIM1
SIM2
SIM3
SIM4
1
21
22
SIM5
SIM1
SIM2
SIM3
SIM4
1
21
22
SIM5
SIM1
SIM2
SIM3
SIM4
1
21
22
SIM5
SIM1
SIM2
SIM3
SIM4
1
21
22
SIM5
SIM1
SIM2
DEBUG 1 386
SIM1
SIM2
SIM3
SIM4
1
21
22
SIM5
SIM1
SIM2
SIM3
SIM4
1
21
22
SIM5
SIM1
SIM2
SIM3
SIM4
1
21
22
SIM5
SIM1
SIM2
SIM3
SIM4
1
21
22
SIM5
SIM1
SIM2
SIM3
SIM4
1
21
22
SIM5
SIM1
SIM2
SIM3
SIM4
1
21
22
SIM5
SIM1
SIM2
SIM3
SIM4
1
21
22
SIM5
SIM1
SIM2
SIM3
SIM4
1
21
22
SIM5
SIM1
SIM2
SIM3
SIM4
1
21
22
SIM5
SIM1
SIM2
SIM3
SIM4
1
21
22
SIM5
SIM1
SIM2
SIM3
SIM4
1
21
22
SIM5
SIM1
SIM2
SIM3
SIM4
1
21
22
SIM5
SIM1
SIM2
SIM3
SIM4
1
21
22
SIM5
SIM1
SIM2
SIM3
SIM4
1
21
22
SIM5
SIM1
SIM2
SIM3
SIM4
1
21
22
SIM5
SIM1
SIM2
SIM3
SIM4
1
21
22
SIM5
SIM1
SIM2
SIM3
SIM4
1
21
22
SIM5
SIM1
SIM2
SIM3
SIM4
1
21
22
SIM5
SIM1
SIM2
SIM3
SIM4
1
21
22
SIM5
SIM1
SIM2
SIM3
SIM4
1
21
22
SIM5
SIM1
SIM2
SIM3
SIM4
1
21
22
SIM5
SIM1
SIM2
SIM3
SIM4
1
21
22
SIM5
SIM1
SIM2
SIM3
SIM4
1
21
22
SIM5
SIM1
SIM2
SIM3
SIM4
1
21
22
SIM5
SIM1
SIM2
SIM3
SIM4
1
21
22
SIM5
SIM1
SIM2
SIM3
SIM4
1
21
22
SIM5
SIM1
SIM2
SIM3
SIM4
1
21
22
SIM5
SIM1
SIM2
SIM3
SIM4
1
21
22
SIM5
SIM1
SIM2
SIM3
SIM4
1
21
22
SIM5
SIM1
SIM2
SIM3
SIM4
1
21
22
SIM5
SIM1
SIM2
SIM3
SIM4
1
21
22
SIM5
SIM1
SIM2
SIM3
SIM4
1
21
22
SIM5
SIM1
SIM2
SIM3
SIM4
1
21
22
SIM5
SIM1
SIM2
SIM3
SIM4
1
21
22
SIM5
SIM1
SIM2
SIM3
SIM4
1
21
22
SIM5
SIM1
SIM2
SIM3
SIM4
1
21
22
SIM5
SIM1
SIM2
SIM3
SIM4
1
21
22
SIM5
SIM1
SIM2
SIM3
SIM4
1
21
22
SIM5
SIM1
SIM2
SIM3
SIM4
1
21
22
SIM5
SIM1
SIM2
SIM3
SIM4
1
21
22
SIM5
SIM1
SIM2
SIM3
SIM4
1
21
22
SIM5
SIM1
SIM2
SIM3
SIM4
1
21
22
SIM5
SIM1
SIM2
SIM3
SIM4
1
21
22
SIM5
SIM1
SIM2
SIM3
SIM4
1
21
22
SIM5
SIM1
SIM2
SIM3
SIM4
1
21
22
SIM5
SIM1
SIM2
SIM3
SIM4
1
21
22
SIM5
SIM1
SIM2
SIM3
SIM4
1
21
22
SIM5
SIM1
SIM2
SIM3
SIM4
1
21
22
SIM5
SIM1
SIM2
SIM3
SIM4
1
21
22
SIM5
SIM1
SIM2
SIM3
SIM4
1
21
22
SIM5
SIM1
SIM2
SIM3
SIM4
1
21
22
SIM5
SIM1
SIM2
SIM3
SIM4
1
21
22
SIM5
SIM1
SIM2
SIM3
SIM4
1
21
22
SIM5
SIM1
SIM2
SIM3
SIM4
1
21
22
SIM5
SIM1
SIM2
SIM3
SIM4
1
21
22
SIM5
SIM1
SIM2
SIM3
SIM4
1
21
22
SIM5
SIM1
SIM2
SIM3
SIM4
1
21
22
SIM5
SIM1
SIM2
SIM3
SIM4
1
21
22
SIM5
SIM1
SIM2
SIM3
SIM4
1
21
22
SIM5
SIM1
SIM2
SIM3
SIM4
1
21
22
SIM5
SIM1
SIM2
SIM3
SIM4
1
21
22
SIM5
SIM1
SIM2
SIM3
SIM4
1
21
22
SIM5
SIM1
SIM2
SIM3
SIM4
1
21
22
SIM5
SIM1
SIM2
SIM3
SIM4
1
21
22
SIM5
SIM1
SIM2
SIM3
SIM4
1
21
22
SIM5
SIM1
SIM2
SIM3
SIM4
1
21
22
SIM5
SIM1
SIM2
SIM3
SIM4
1
21
22
SIM5
SIM1
SIM2
SIM3
SIM4
1
21
22
SIM5
SIM1
SIM2
SIM3
SIM4
1
21
22
SIM5
SIM1
SIM2
SIM3
SIM4
1
21
22
SIM5
SIM1
SIM2
SIM3
SIM4
1
21
22
SIM5
SIM1
SIM2
SIM3
SIM4
1
21
22
SIM5
SIM1
SIM2
SIM3
SIM4
1
21
22
SIM5
SIM1
SIM2
SIM3
SIM4
1
21
22
SIM5
SIM1
SIM2
SIM3
SIM4
1
21
22
SIM5
SIM1
SIM2
SIM3
SIM4
1
21
22
SIM5
SIM1
SIM2
SIM3
SIM4
1
21
22
SIM5
SIM1
SIM2
SIM3
SIM4
1
21
22
SIM5
SIM1
SIM2
SIM3
SIM4
1
21
22
SIM5
SIM1
SIM2
SIM3
SIM4
1
21
22
SIM5
SIM1
SIM2
SIM3
SIM4
1
21
22
SIM5
SIM1
SIM2
SIM3
SIM4
1
21
22
SIM5
SIM1
SIM2
SIM3
SIM4
1
21
22
SIM5
SIM1
SIM2
SIM3
SIM4
1
21
22
SIM5
SIM1
SIM2
SIM3
SIM4
1
21
22
SIM5
SIM1
SIM2
SIM3
SIM4
1
21
22
SIM5
SIM1
SIM2
SIM3
SIM4
1
21
22
SIM5
SIM1
SIM2
SIM3
SIM4
1
21
22
SIM5
SIM1
SIM2
SIM3
SIM4
1
21
22
SIM5
SIM1
SIM2
SIM3
SIM4
1
21
22
SIM5
SIM1
SIM2
SIM3
SIM4
1
21
22
SIM5
SIM1
SIM2
SIM3
SIM4
1
21
22
SIM5
SIM1
SIM2
SIM3
SIM4
1
21
22
SIM5
SIM1
SIM2
SIM3
SIM4
1
21
22
SIM5
SIM1
SIM2
SIM3
SIM4
1
21
22
SIM5
SIM1
SIM2
SIM3
SIM4
1
21
22
SIM5
SIM1
SIM2
SIM3
SIM4
1
21
22
SIM5
SIM1
SIM2
SIM3
SIM4
1
21
22
SIM5
SIM1
SIM2
SIM3
SIM4
1
21
22
SIM5
SIM1
SIM2
SIM3
SIM4
1
21
22
SIM5
SIM1
SIM2
SIM3
SIM4
1
21
22
SIM5
SIM1
SIM2
SIM3
SIM4
1
21
22
SIM5
SIM1
SIM2
SIM3
SIM4
1
21
22
SIM5
SIM1
SIM2
SIM3
SIM4
1
21
22
SIM5
SIM1
SIM2
SIM3
SIM4
1
21
22
SIM5
SIM1
SIM2
SIM3
SIM4
1
21
22
SIM5
SIM1
SIM2
SIM3
SIM4
1
21
22
SIM5
SIM1
SIM2
SIM3
SIM4
1
21
22
SIM5
SIM1
SIM2
SIM3
SIM4
1
21
22
SIM5
SIM1
SIM2
SIM3
SIM4
1
21
22
SIM5
SIM1
SIM2
SIM3
SIM4
1
21
22
SIM5
SIM1
SIM2
SIM3
SIM4
1
21
22
SIM5
SIM1
SIM2
SIM3
SIM4
1
21
22
SIM5
SIM1
SIM2
SIM3
SIM4
1
21
22
SIM5
SIM1
SIM2
SIM3
SIM4
1
21
22
SIM5
SIM1
SIM2
SIM3
SIM4
1
21
22
SIM5
SIM1
SIM2
SIM3
SIM4
1
21
22
SIM5
SIM1
SIM2
SIM3
SIM4
1
21
22
SIM5
SIM1
SIM2
SIM3
SIM4
1
21
22
SIM5
SIM1
SIM2
SIM3
SIM4
1
21
22
SIM5
SIM1
SIM2
SIM3
SIM4
1
21
22
SIM5
SIM1
SIM2
SIM3
SIM4
1
21
22
SIM5
SIM1
SIM2
SIM3
SIM4
1
21
22
SIM5
SIM1
SIM2
SIM3
SIM4
1
21
22
SIM5
SIM1
SIM2
SIM3
SIM4
1
21
22
SIM5
SIM1
SIM2
SIM3
SIM4
1
21
22
SIM5
SIM1
SIM2
SIM3
SIM4
1
21
22
SIM5
SIM1
SIM2
SIM3
SIM4
1
21
22
SIM5
SIM1
SIM2
SIM3
SIM4
1
21
22
SIM5
SIM1
SIM2
SIM3
SIM4
1
21
22
SIM5
SIM1
SIM2
SIM3
SIM4
1
21
22
SIM5
SIM1
SIM2
SIM3
SIM4
1
21
22
SIM5
SIM1
SIM2
SIM3
SIM4
1
21
22
SIM5
SIM1
SIM2
SIM3
SIM4
1
21
22
SIM5
SIM1
SIM2
SIM3
SIM4
1
21
22
SIM5
SIM1
SIM2
SIM3
SIM4
1
21
22
SIM5
SIM1
SIM2
SIM3
SIM4
1
21
22
SIM5
SIM1
SIM2
SIM3
SIM4
1
21
22
SIM5
SIM1
SIM2
SIM3
SIM4
1
21
22
SIM5
SIM1
SIM2
SIM3
SIM4
1
21
22
SIM5
SIM1
SIM2
SIM3
SIM4
1
21
22
SIM5
SIM1
SIM2
SIM3
SIM4
1
21
22
SIM5
SIM1
SIM2
SIM3
SIM4
1
21
22
SIM5
SIM1
SIM2
SIM3
SIM4
1
21
22
SIM5
SIM1
SIM2
SIM3
SIM4
1
21
22
SIM5
SIM1
SIM2
SIM3
SIM4
1
21
22
SIM5
SIM1
SIM2
SIM3
SIM4
1
21
22
SIM5
SIM1
SIM2
SIM3
SIM4
1
21
22
SIM5
SIM1
SIM2
SIM3
SIM4
1
21
22
SIM5
SIM1
SIM2
SIM3
SIM4
1
21
22
SIM5
SIM1
SIM2
SIM3
SIM4
1
21
22
SIM5
SIM1
SIM2
SIM3
SIM4
1
21
22
SIM5
SIM1
SIM2
SIM3
SIM4
1
21
22
SIM5
SIM1
SIM2
SIM3
SIM4
1
21
22
SIM5
SIM1
SIM2
SIM3
SIM4
1
21
22
SIM5
SIM1
SIM2
SIM3
SIM4
1
21
22
SIM5
SIM1
SIM2
SIM3
SIM4
1
21
22
SIM5
SIM1
SIM2
SIM3
SIM4
1
21
22
SIM5
SIM1
SIM2
SIM3
SIM4
1
21
22
SIM5
SIM1
SIM2
SIM3
SIM4
1
21
22
SIM5
SIM1
SIM2
SIM3
SIM4
1
21
22
SIM5
SIM1
SIM2
SIM3
SIM4
1
21
22
SIM5
SIM1
SIM2
SIM3
SIM4
1
21
22
SIM5
SIM1
SIM2
SIM3
SIM4
1
21
22
SIM5
SIM1
SIM2
SIM3
SIM4
1
21
22
SIM5
SIM1
SIM2
SIM3
SIM4
1
21
22
SIM5
SIM1
SIM2
SIM3
SIM4
1
21
22
SIM5
SIM1
SIM2
SIM3
SIM4
1
21
22
SIM5
SIM1
SIM2
SIM3
SIM4
1
21
22
SIM5
SIM1
SIM2
SIM3
SIM4
1
21
22
SIM5
SIM1
SIM2
SIM3
SIM4
1
21
22
SIM5
SIM1
SIM2
SIM3
SIM4
1
21
22
SIM5
SIM1
SIM2
SIM3
SIM4
1
21
22
SIM5
SIM1
SIM2
SIM3
SIM4
1
21
22
SIM5
SIM1
SIM2
SIM3
SIM4
1
21
22
SIM5
SIM1
SIM2
SIM3
SIM4
1
21
22
SIM5
SIM1
SIM2
SIM3
SIM4
1
21
22
SIM5
SIM1
SIM2
SIM3
SIM4
1
21
22
SIM5
SIM1
SIM2
SIM3
SIM4
1
21
22
SIM5
SIM1
SIM2
SIM3
SIM4
1
21
22
SIM5
SIM1
SIM2
SIM3
SIM4
1
21
22
SIM5
SIM1
SIM2
SIM3
SIM4
1
21
22
SIM5
SIM1
SIM2
SIM3
SIM4
1
21
22
SIM5
SIM1
SIM2
SIM3
SIM4
1
21
22
SIM5
SIM1
SIM2
SIM3
SIM4
1
21
22
SIM5
SIM1
SIM2
SIM3
SIM4
1
21
22
SIM5
SIM1
SIM2
SIM3
SIM4
1
21
22
SIM5
SIM1
SIM2
SIM3
SIM4
1
21
22
SIM5
SIM1
SIM2
SIM3
SIM4
1
21
22
SIM5
SIM1
SIM2
SIM3
SIM4
1
21
22
SIM5
SIM1
SIM2
SIM3
SIM4
1
21
22
SIM5
SIM1
SIM2
SIM3
SIM4
1
21
22
SIM5
SIM1
SIM2
SIM3
SIM4
1
21
22
SIM5
SIM1
SIM2
SIM3
SIM4
1
21
22
SIM5
SIM1
SIM2
SIM3
SIM4
1
21
22
SIM5
SIM1
SIM2
SIM3
SIM4
1
21
22
SIM5
SIM1
SIM2
SIM3
SIM4
1
21
22
SIM5
SIM1
SIM2
SIM3
SIM4
1
21
22
SIM5
SIM1
SIM2
SIM3
SIM4
1
21
22
SIM5
SIM1
SIM2
SIM3
SIM4
1
21
22
SIM5
SIM1
SIM2
SIM3
SIM4
1
21
22
SIM5
SIM1
SIM2
SIM3
SIM4
1
21
22
SIM5
SIM1
SIM2
SIM3
SIM4
1
21
22
SIM5
SIM1
SIM2
SIM3
SIM4
1
21
22
SIM5
SIM1
SIM2
SIM3
SIM4
1
21
22
SIM5
SIM1
SIM2
SIM3
SIM4
1
21
22
SIM5
SIM1
SIM2
SIM3
SIM4
1
21
22
SIM5
SIM1
SIM2
SIM3
SIM4
1
21
22
SIM5
SIM1
SIM2
SIM3
SIM4
1
21
22
SIM5
SIM1
SIM2
SIM3
SIM4
1
21
22
SIM5
SIM1
SIM2
SIM3
SIM4
1
21
22
SIM5
SIM1
SIM2
SIM3
SIM4
1
21
22
SIM5
SIM1
SIM2
SIM3
SIM4
1
21
22
SIM5
SIM1
SIM2
SIM3
SIM4
1
21
22
SIM5
SIM1
SIM2
SIM3
SIM4
1
21
22
SIM5
SIM1
SIM2
SIM3
SIM4
1
21
22
SIM5
SIM1
SIM2
SIM3
SIM4
1
21
22
SIM5
SIM1
SIM2
SIM3
SIM4
1
21
22
SIM5
SIM1
SIM2
SIM3
SIM4
1
21
22
SIM5
SIM1
SIM2
SIM3
SIM4
1
21
22
SIM5
SIM1
SIM2
SIM3
SIM4
1
21
22
SIM5
SIM1
SIM2
SIM3
SIM4
1
21
22
SIM5
SIM1
SIM2
SIM3
SIM4
1
21
22
SIM5
SIM1
SIM2
SIM3
SIM4
1
21
22
SIM5
SIM1
SIM2
SIM3
SIM4
1
21
22
SIM5
SIM1
SIM2
SIM3
SIM4
1
21
22
SIM5
SIM1
SIM2
SIM3
SIM4
1
21
22
SIM5
SIM1
SIM2
SIM3
SIM4
1
21
22
SIM5
SIM1
SIM2
SIM3
SIM4
1
21
22
SIM5
SIM1
SIM2
SIM3
SIM4
1
21
22
SIM5
SIM1
SIM2
SIM3
SIM4
1
21
22
SIM5
SIM1
SIM2
SIM3
SIM4
1
21
22
SIM5
SIM1
SIM2
SIM3
SIM4
1
21
22
SIM5
SIM1
SIM2
SIM3
SIM4
1
21
22
SIM5
SIM1
SIM2
SIM3
SIM4
1
21
22
SIM5
SIM1
SIM2
SIM3
SIM4
1
21
22
SIM5
SIM1
SIM2
SIM3
SIM4
1
21
22
SIM5
SIM1
SIM2
SIM3
SIM4
1
21
22
SIM5
SIM1
SIM2
SIM3
SIM4
1
21
22
SIM5
SIM1
SIM2
SIM3
SIM4
1
21
22
SIM5
SIM1
SIM2
SIM3
SIM4
1
21
22
SIM5
SIM1
SIM2
SIM3
SIM4
1
21
22
SIM5
SIM1
SIM2
SIM3
SIM4
1
21
22
SIM5
SIM1
SIM2
SIM3
SIM4
1
21
22
SIM5
SIM1
SIM2
SIM3
SIM4
1
21
22
SIM5
SIM1
SIM2
SIM3
SIM4
1
21
22
SIM5
SIM1
SIM2
SIM3
SIM4
1
21
22
SIM5
SIM1
SIM2
SIM3
SIM4
1
21
22
SIM5
SIM1
SIM2
SIM3
SIM4
1
21
22
SIM5
SIM1
SIM2
SIM3
SIM4
1
21
22
SIM5
SIM1
SIM2
SIM3
SIM4
1
21
22
SIM5
SIM1
SIM2
SIM3
SIM4
1
21
22
SIM5
SIM1
SIM2
SIM3
SIM4
1
21
22
SIM5
SIM1
SIM2
SIM3
SIM4
1
21
22
SIM5
SIM1
SIM2
SIM3
SIM4
1
21
22
SIM5
SIM1
SIM2
SIM3
SIM4
1
21
22
SIM5
SIM1
SIM2
SIM3
SIM4
1
21
22
SIM5
SIM1
SIM2
SIM3
SIM4
1
21
22
SIM5
SIM1
SIM2
SIM3
SIM4
1
21
22
SIM5
SIM1
SIM2
SIM3
SIM4
1
21
22
SIM5
SIM1
SIM2
SIM3
SIM4
1
21
22
SIM5
SIM1
SIM2
SIM3
SIM4
1
21
22
SIM5
SIM1
SIM2
SIM3
SIM4
1
21
22
SIM5
SIM1
SIM2
SIM3
SIM4
1
21
22
SIM5
SIM1
SIM2
SIM3
SIM4
1
21
22
SIM5
SIM1
SIM2
SIM3
SIM4
1
21
22
SIM5
SIM1
SIM2
SIM3
SIM4
1
21
22
SIM5
SIM1
SIM2
SIM3
SIM4
1
21
22
SIM5
SIM1
SIM2
SIM3
SIM4
1
21
22
SIM5
SIM1
SIM2
SIM3
SIM4
1
21
22
SIM5
SIM1
SIM2
SIM3
SIM4
1
21
22
SIM5
SIM1
SIM2
SIM3
SIM4
1
21
22
SIM5
SIM1
SIM2
SIM3
SIM4
1
21
22
SIM5
SIM1
SIM2
SIM3
SIM4
1
21
22
SIM5
SIM1
SIM2
SIM3
SIM4
1
21
22
SIM5
SIM1
SIM2
SIM3
SIM4
1
21
22
SIM5
SIM1
SIM2
SIM3
SIM4
1
21
22
SIM5
SIM1
SIM2
SIM3
SIM4
1
21
22
SIM5
SIM1
SIM2
SIM3
SIM4
1
21
22
SIM5
SIM1
SIM2
SIM3
SIM4
1
21
22
SIM5
SIM1
SIM2
SIM3
SIM4
1
21
22
SIM5
SIM1
SIM2
SIM3
SIM4
1
21
22
SIM5
SIM1
SIM2
SIM3
SIM4
1
21
22
SIM5
SIM1
SIM2
SIM3
SIM4
1
21
22
SIM5
SIM1
SIM2
SIM3
SIM4
1
21
22
SIM5
SIM1
SIM2
SIM3
SIM4
1
21
22
SIM5
SIM1
SIM2
SIM3
SIM4
1
21
22
SIM5
SIM1
SIM2
SIM3
SIM4
1
21
22
SIM5
SIM1
SIM2
SIM3
SIM4
1
21
22
SIM5
SIM1
SIM2
SIM3
SIM4
1
21
22
SIM5
SIM1
SIM2
SIM3
SIM4
1
21
22
SIM5
SIM1
SIM2
SIM3
SIM4
1
21
22
SIM5
SIM1
SIM2
SIM3
SIM4
1
21
22
SIM5
SIM1
SIM2
SIM3
SIM4
1
21
22
SIM5
SIM1
SIM2
SIM3
SIM4
1
21
22
SIM5
SIM1
SIM2
DEBUG 1 387
SIM1
SIM2
SIM3
SIM4
1
21
22
SIM5
SIM1
SIM2
SIM3
SIM4
1
21
22
SIM5
SIM1
SIM2
SIM3
SIM4
1
21
22
SIM5
SIM1
SIM2
SIM3
SIM4
1
21
22
SIM5
SIM1
SIM2
SIM3
SIM4
1
21
22
SIM5
SIM1
SIM2
SIM3
SIM4
1
21
22
SIM5
SIM1
SIM2
SIM3
SIM4
1
21
22
SIM5
SIM1
SIM2
SIM3
SIM4
1
21
22
SIM5
SIM1
SIM2
SIM3
SIM4
1
21
22
SIM5
SIM1
SIM2
SIM3
SIM4
1
21
22
SIM5
SIM1
SIM2
SIM3
SIM4
1
21
22
SIM5
SIM1
SIM2
SIM3
SIM4
1
21
22
SIM5
SIM1
SIM2
SIM3
SIM4
1
21
22
SIM5
SIM1
SIM2
SIM3
SIM4
1
21
22
SIM5
SIM1
SIM2
SIM3
SIM4
1
21
22
SIM5
SIM1
SIM2
SIM3
SIM4
1
21
22
SIM5
SIM1
SIM2
SIM3
SIM4
1
21
22
SIM5
SIM1
SIM2
SIM3
SIM4
1
21
22
SIM5
SIM1
SIM2
SIM3
SIM4
1
21
22
SIM5
SIM1
SIM2
SIM3
SIM4
1
21
22
SIM5
SIM1
SIM2
SIM3
SIM4
1
21
22
SIM5
SIM1
SIM2
SIM3
SIM4
1
21
22
SIM5
SIM1
SIM2
SIM3
SIM4
1
21
22
SIM5
SIM1
SIM2
SIM3
SIM4
1
21
22
SIM5
SIM1
SIM2
SIM3
SIM4
1
21
22
SIM5
SIM1
SIM2
SIM3
SIM4
1
21
22
SIM5
SIM1
SIM2
SIM3
SIM4
1
21
22
SIM5
SIM1
SIM2
SIM3
SIM4
1
21
22
SIM5
SIM1
SIM2
SIM3
SIM4
1
21
22
SIM5
SIM1
SIM2
SIM3
SIM4
1
21
22
SIM5
SIM1
SIM2
SIM3
SIM4
1
21
22
SIM5
SIM1
SIM2
SIM3
SIM4
1
21
22
SIM5
SIM1
SIM2
SIM3
SIM4
1
21
22
SIM5
SIM1
SIM2
SIM3
SIM4
1
21
22
SIM5
SIM1
SIM2
SIM3
SIM4
1
21
22
SIM5
SIM1
SIM2
SIM3
SIM4
1
21
22
SIM5
SIM1
SIM2
SIM3
SIM4
1
21
22
SIM5
SIM1
SIM2
SIM3
SIM4
1
21
22
SIM5
SIM1
SIM2
SIM3
SIM4
1
21
22
SIM5
SIM1
SIM2
SIM3
SIM4
1
21
22
SIM5
SIM1
SIM2
SIM3
SIM4
1
21
22
SIM5
SIM1
SIM2
SIM3
SIM4
1
21
22
SIM5
SIM1
SIM2
SIM3
SIM4
1
21
22
SIM5
SIM1
SIM2
SIM3
SIM4
1
21
22
SIM5
SIM1
SIM2
SIM3
SIM4
1
21
22
SIM5
SIM1
SIM2
SIM3
SIM4
1
21
22
SIM5
SIM1
SIM2
SIM3
SIM4
1
21
22
SIM5
SIM1
SIM2
SIM3
SIM4
1
21
22
SIM5
SIM1
SIM2
SIM3
SIM4
1
21
22
SIM5
SIM1
SIM2
SIM3
SIM4
1
21
22
SIM5
SIM1
SIM2
SIM3
SIM4
1
21
22
SIM5
SIM1
SIM2
SIM3
SIM4
1
21
22
SIM5
SIM1
SIM2
SIM3
SIM4
1
21
22
SIM5
SIM1
SIM2
SIM3
SIM4
1
21
22
SIM5
SIM1
SIM2
SIM3
SIM4
1
21
22
SIM5
SIM1
SIM2
SIM3
SIM4
1
21
22
SIM5
SIM1
SIM2
SIM3
SIM4
1
21
22
SIM5
SIM1
SIM2
SIM3
SIM4
1
21
22
SIM5
SIM1
SIM2
SIM3
SIM4
1
21
22
SIM5
SIM1
SIM2
SIM3
SIM4
1
21
22
SIM5
SIM1
SIM2
SIM3
SIM4
1
21
22
SIM5
SIM1
SIM2
SIM3
SIM4
1
21
22
SIM5
SIM1
SIM2
SIM3
SIM4
1
21
22
SIM5
SIM1
SIM2
SIM3
SIM4
1
21
22
SIM5
SIM1
SIM2
SIM3
SIM4
1
21
22
SIM5
SIM1
SIM2
SIM3
SIM4
1
21
22
SIM5
SIM1
SIM2
SIM3
SIM4
1
21
22
SIM5
SIM1
SIM2
SIM3
SIM4
1
21
22
SIM5
SIM1
SIM2
SIM3
SIM4
1
21
22
SIM5
SIM1
SIM2
SIM3
SIM4
1
21
22
SIM5
SIM1
SIM2
SIM3
SIM4
1
21
22
SIM5
SIM1
SIM2
SIM3
SIM4
1
21
22
SIM5
SIM1
SIM2
SIM3
SIM4
1
21
22
SIM5
SIM1
SIM2
SIM3
SIM4
1
21
22
SIM5
SIM1
SIM2
SIM3
SIM4
1
21
22
SIM5
SIM1
SIM2
SIM3
SIM4
1
21
22
SIM5
SIM1
SIM2
SIM3
SIM4
1
21
22
SIM5
SIM1
SIM2
SIM3
SIM4
1
21
22
SIM5
SIM1
SIM2
SIM3
SIM4
1
21
22
SIM5
SIM1
SIM2
SIM3
SIM4
1
21
22
SIM5
SIM1
SIM2
SIM3
SIM4
1
21
22
SIM5
SIM1
SIM2
SIM3
SIM4
1
21
22
SIM5
SIM1
SIM2
SIM3
SIM4
1
21
22
SIM5
SIM1
SIM2
SIM3
SIM4
1
21
22
SIM5
SIM1
SIM2
SIM3
SIM4
1
21
22
SIM5
SIM1
SIM2
SIM3
SIM4
1
21
22
SIM5
SIM1
SIM2
SIM3
SIM4
1
21
22
SIM5
SIM1
SIM2
SIM3
SIM4
1
21
22
SIM5
SIM1
SIM2
SIM3
SIM4
1
21
22
SIM5
SIM1
SIM2
SIM3
SIM4
1
21
22
SIM5
SIM1
SIM2
SIM3
SIM4
1
21
22
SIM5
SIM1
SIM2
SIM3
SIM4
1
21
22
SIM5
SIM1
SIM2
SIM3
SIM4
1
21
22
SIM5
SIM1
SIM2
SIM3
SIM4
1
21
22
SIM5
SIM1
SIM2
SIM3
SIM4
1
21
22
SIM5
SIM1
SIM2
SIM3
SIM4
1
21
22
SIM5
SIM1
SIM2
SIM3
SIM4
1
21
22
SIM5
SIM1
SIM2
SIM3
SIM4
1
21
22
SIM5
SIM1
SIM2
SIM3
SIM4
1
21
22
SIM5
SIM1
SIM2
SIM3
SIM4
1
21
22
SIM5
SIM1
SIM2
SIM3
SIM4
1
21
22
SIM5
SIM1
SIM2
SIM3
SIM4
1
21
22
SIM5
SIM1
SIM2
SIM3
SIM4
1
21
22
SIM5
SIM1
SIM2
SIM3
SIM4
1
21
22
SIM5
SIM1
SIM2
SIM3
SIM4
1
21
22
SIM5
SIM1
SIM2
SIM3
SIM4
1
21
22
SIM5
SIM1
SIM2
SIM3
SIM4
1
21
22
SIM5
SIM1
SIM2
SIM3
SIM4
1
21
22
SIM5
SIM1
SIM2
SIM3
SIM4
1
21
22
SIM5
SIM1
SIM2
SIM3
SIM4
1
21
22
SIM5
SIM1
SIM2
SIM3
SIM4
1
21
22
SIM5
SIM1
SIM2
SIM3
SIM4
1
21
22
SIM5
SIM1
SIM2
SIM3
SIM4
1
21
22
SIM5
SIM1
SIM2
SIM3
SIM4
1
21
22
SIM5
SIM1
SIM2
SIM3
SIM4
1
21
22
SIM5
SIM1
SIM2
DEBUG 1 388
SIM1
SIM2
SIM3
SIM4
1
21
22
SIM5
SIM1
SIM2
SIM3
SIM4
1
21
22
SIM5
SIM1
SIM2
SIM3
SIM4
1
21
22
SIM5
SIM1
SIM2
SIM3
SIM4
1
21
22
SIM5
SIM1
SIM2
SIM3
SIM4
1
21
22
SIM5
SIM1
SIM2
SIM3
SIM4
1
21
22
SIM5
SIM1
SIM2
SIM3
SIM4
1
21
22
SIM5
SIM1
SIM2
SIM3
SIM4
1
21
22
SIM5
SIM1
SIM2
SIM3
SIM4
1
21
22
SIM5
SIM1
SIM2
SIM3
SIM4
1
21
22
SIM5
SIM1
SIM2
SIM3
SIM4
1
21
22
SIM5
SIM1
SIM2
SIM3
SIM4
1
21
22
SIM5
SIM1
SIM2
SIM3
SIM4
1
21
22
SIM5
SIM1
SIM2
SIM3
SIM4
1
21
22
SIM5
SIM1
SIM2
SIM3
SIM4
1
21
22
SIM5
SIM1
SIM2
SIM3
SIM4
1
21
22
SIM5
SIM1
SIM2
SIM3
SIM4
1
21
22
SIM5
SIM1
SIM2
SIM3
SIM4
1
21
22
SIM5
SIM1
SIM2
SIM3
SIM4
1
21
22
SIM5
SIM1
SIM2
SIM3
SIM4
1
21
22
SIM5
SIM1
SIM2
SIM3
SIM4
1
21
22
SIM5
SIM1
SIM2
SIM3
SIM4
1
21
22
SIM5
SIM1
SIM2
SIM3
SIM4
1
21
22
SIM5
SIM1
SIM2
SIM3
SIM4
1
21
22
SIM5
SIM1
SIM2
SIM3
SIM4
1
21
22
SIM5
SIM1
SIM2
SIM3
SIM4
1
21
22
SIM5
SIM1
SIM2
SIM3
SIM4
1
21
22
SIM5
SIM1
SIM2
SIM3
SIM4
1
21
22
SIM5
SIM1
SIM2
SIM3
SIM4
1
21
22
SIM5
SIM1
SIM2
SIM3
SIM4
1
21
22
SIM5
SIM1
SIM2
SIM3
SIM4
1
21
22
SIM5
SIM1
SIM2
SIM3
SIM4
1
21
22
SIM5
SIM1
SIM2
SIM3
SIM4
1
21
22
SIM5
SIM1
SIM2
SIM3
SIM4
1
21
22
SIM5
SIM1
SIM2
SIM3
SIM4
1
21
22
SIM5
SIM1
SIM2
SIM3
SIM4
1
21
22
SIM5
SIM1
SIM2
SIM3
SIM4
1
21
22
SIM5
SIM1
SIM2
SIM3
SIM4
1
21
22
SIM5
SIM1
SIM2
SIM3
SIM4
1
21
22
SIM5
SIM1
SIM2
SIM3
SIM4
1
21
22
SIM5
SIM1
SIM2
SIM3
SIM4
1
21
22
SIM5
SIM1
SIM2
SIM3
SIM4
1
21
22
SIM5
SIM1
SIM2
SIM3
SIM4
1
21
22
SIM5
SIM1
SIM2
SIM3
SIM4
1
21
22
SIM5
SIM1
SIM2
SIM3
SIM4
1
21
22
SIM5
SIM1
SIM2
SIM3
SIM4
1
21
22
SIM5
SIM1
SIM2
SIM3
SIM4
1
21
22
SIM5
SIM1
SIM2
SIM3
SIM4
1
21
22
SIM5
SIM1
SIM2
SIM3
SIM4
1
21
22
SIM5
SIM1
SIM2
SIM3
SIM4
1
21
22
SIM5
SIM1
SIM2
SIM3
SIM4
1
21
22
SIM5
SIM1
SIM2
SIM3
SIM4
1
21
22
SIM5
SIM1
SIM2
SIM3
SIM4
1
21
22
SIM5
SIM1
SIM2
SIM3
SIM4
1
21
22
SIM5
SIM1
SIM2
SIM3
SIM4
1
21
22
SIM5
SIM1
SIM2
SIM3
SIM4
1
21
22
SIM5
SIM1
SIM2
SIM3
SIM4
1
21
22
SIM5
SIM1
SIM2
SIM3
SIM4
1
21
22
SIM5
SIM1
SIM2
SIM3
SIM4
1
21
22
SIM5
SIM1
SIM2
SIM3
SIM4
1
21
22
SIM5
SIM1
SIM2
SIM3
SIM4
1
21
22
SIM5
SIM1
SIM2
SIM3
SIM4
1
21
22
SIM5
SIM1
SIM2
SIM3
SIM4
1
21
22
SIM5
SIM1
SIM2
SIM3
SIM4
1
21
22
SIM5
SIM1
SIM2
SIM3
SIM4
1
21
22
SIM5
SIM1
SIM2
SIM3
SIM4
1
21
22
SIM5
SIM1
SIM2
SIM3
SIM4
1
21
22
SIM5
SIM1
SIM2
SIM3
SIM4
1
21
22
SIM5
SIM1
SIM2
SIM3
SIM4
1
21
22
SIM5
SIM1
SIM2
SIM3
SIM4
1
21
22
SIM5
SIM1
SIM2
SIM3
SIM4
1
21
22
SIM5
SIM1
SIM2
SIM3
SIM4
1
21
22
SIM5
SIM1
SIM2
SIM3
SIM4
1
21
22
SIM5
SIM1
SIM2
SIM3
SIM4
1
21
22
SIM5
SIM1
SIM2
DEBUG 1 389
SIM1
SIM2
SIM3
SIM4
1
21
22
SIM5
SIM1
SIM2
SIM3
SIM4
1
21
22
SIM5
SIM1
SIM2
SIM3
SIM4
1
21
22
SIM5
SIM1
SIM2
SIM3
SIM4
1
21
22
SIM5
SIM1
SIM2
SIM3
SIM4
1
21
22
SIM5
SIM1
SIM2
SIM3
SIM4
1
21
22
SIM5
SIM1
SIM2
SIM3
SIM4
1
21
22
SIM5
SIM1
SIM2
SIM3
SIM4
1
21
22
SIM5
SIM1
SIM2
SIM3
SIM4
1
21
22
SIM5
SIM1
SIM2
SIM3
SIM4
1
21
22
SIM5
SIM1
SIM2
SIM3
SIM4
1
21
22
SIM5
SIM1
SIM2
SIM3
SIM4
1
21
22
SIM5
SIM1
SIM2
SIM3
SIM4
1
21
22
SIM5
SIM1
SIM2
SIM3
SIM4
1
21
22
SIM5
SIM1
SIM2
SIM3
SIM4
1
21
22
SIM5
SIM1
SIM2
SIM3
SIM4
1
21
22
SIM5
SIM1
SIM2
SIM3
SIM4
1
21
22
SIM5
SIM1
SIM2
SIM3
SIM4
1
21
22
SIM5
SIM1
SIM2
SIM3
SIM4
1
21
22
SIM5
SIM1
SIM2
SIM3
SIM4
1
21
22
SIM5
SIM1
SIM2
SIM3
SIM4
1
21
22
SIM5
SIM1
SIM2
SIM3
SIM4
1
21
22
SIM5
SIM1
SIM2
SIM3
SIM4
1
21
22
SIM5
SIM1
SIM2
SIM3
SIM4
1
21
22
SIM5
SIM1
SIM2
SIM3
SIM4
1
21
22
SIM5
SIM1
SIM2
SIM3
SIM4
1
21
22
SIM5
SIM1
SIM2
SIM3
SIM4
1
21
22
SIM5
SIM1
SIM2
SIM3
SIM4
1
21
22
SIM5
SIM1
SIM2
SIM3
SIM4
1
21
22
SIM5
SIM1
SIM2
SIM3
SIM4
1
21
22
SIM5
SIM1
SIM2
SIM3
SIM4
1
21
22
SIM5
SIM1
SIM2
SIM3
SIM4
1
21
22
SIM5
SIM1
SIM2
SIM3
SIM4
1
21
22
SIM5
SIM1
SIM2
SIM3
SIM4
1
21
22
SIM5
SIM1
SIM2
SIM3
SIM4
1
21
22
SIM5
SIM1
SIM2
SIM3
SIM4
1
21
22
SIM5
SIM1
SIM2
SIM3
SIM4
1
21
22
SIM5
SIM1
SIM2
SIM3
SIM4
1
21
22
SIM5
SIM1
SIM2
SIM3
SIM4
1
21
22
SIM5
SIM1
SIM2
SIM3
SIM4
1
21
22
SIM5
SIM1
SIM2
SIM3
SIM4
1
21
22
SIM5
SIM1
SIM2
SIM3
SIM4
1
21
22
SIM5
SIM1
SIM2
SIM3
SIM4
1
21
22
SIM5
SIM1
SIM2
SIM3
SIM4
1
21
22
SIM5
SIM1
SIM2
SIM3
SIM4
1
21
22
SIM5
SIM1
SIM2
SIM3
SIM4
1
21
22
SIM5
SIM1
SIM2
SIM3
SIM4
1
21
22
SIM5
SIM1
SIM2
SIM3
SIM4
1
21
22
SIM5
SIM1
SIM2
SIM3
SIM4
1
21
22
SIM5
SIM1
SIM2
SIM3
SIM4
1
21
22
SIM5
SIM1
SIM2
SIM3
SIM4
1
21
22
SIM5
SIM1
SIM2
SIM3
SIM4
1
21
22
SIM5
SIM1
SIM2
SIM3
SIM4
1
21
22
SIM5
SIM1
SIM2
SIM3
SIM4
1
21
22
SIM5
SIM1
SIM2
SIM3
SIM4
1
21
22
SIM5
SIM1
SIM2
SIM3
SIM4
1
21
22
SIM5
SIM1
SIM2
SIM3
SIM4
1
21
22
SIM5
SIM1
SIM2
SIM3
SIM4
1
21
22
SIM5
SIM1
SIM2
SIM3
SIM4
1
21
22
SIM5
SIM1
SIM2
SIM3
SIM4
1
21
22
SIM5
SIM1
SIM2
SIM3
SIM4
1
21
22
SIM5
SIM1
SIM2
SIM3
SIM4
1
21
22
SIM5
SIM1
SIM2
SIM3
SIM4
1
21
22
SIM5
SIM1
SIM2
SIM3
SIM4
1
21
22
SIM5
SIM1
SIM2
SIM3
SIM4
1
21
22
SIM5
SIM1
SIM2
SIM3
SIM4
1
21
22
SIM5
SIM1
SIM2
SIM3
SIM4
1
21
22
SIM5
SIM1
SIM2
SIM3
SIM4
1
21
22
SIM5
SIM1
SIM2
SIM3
SIM4
1
21
22
SIM5
SIM1
SIM2
SIM3
SIM4
1
21
22
SIM5
SIM1
SIM2
SIM3
SIM4
1
21
22
SIM5
SIM1
SIM2
SIM3
SIM4
1
21
22
SIM5
SIM1
SIM2
SIM3
SIM4
1
21
22
SIM5
SIM1
SIM2
SIM3
SIM4
1
21
22
SIM5
SIM1
SIM2
SIM3
SIM4
1
21
22
SIM5
SIM1
SIM2
SIM3
SIM4
1
21
22
SIM5
SIM1
SIM2
SIM3
SIM4
1
21
22
SIM5
SIM1
SIM2
SIM3
SIM4
1
21
22
SIM5
SIM1
SIM2
SIM3
SIM4
1
21
22
SIM5
SIM1
SIM2
SIM3
SIM4
1
21
22
SIM5
SIM1
SIM2
SIM3
SIM4
1
21
22
SIM5
SIM1
SIM2
SIM3
SIM4
1
21
22
SIM5
SIM1
SIM2
SIM3
SIM4
1
21
22
SIM5
SIM1
SIM2
SIM3
SIM4
1
21
22
SIM5
SIM1
SIM2
SIM3
SIM4
1
21
22
SIM5
SIM1
SIM2
SIM3
SIM4
1
21
22
SIM5
SIM1
SIM2
SIM3
SIM4
1
21
22
SIM5
SIM1
SIM2
SIM3
SIM4
1
21
22
SIM5
SIM1
SIM2
SIM3
SIM4
1
21
22
SIM5
SIM1
SIM2
SIM3
SIM4
1
21
22
SIM5
SIM1
SIM2
SIM3
SIM4
1
21
22
SIM5
SIM1
SIM2
SIM3
SIM4
1
21
22
SIM5
SIM1
SIM2
SIM3
SIM4
1
21
22
SIM5
SIM1
SIM2
SIM3
SIM4
1
21
22
SIM5
SIM1
SIM2
SIM3
SIM4
1
21
22
SIM5
SIM1
SIM2
SIM3
SIM4
1
21
22
SIM5
SIM1
SIM2
SIM3
SIM4
1
21
22
SIM5
SIM1
SIM2
SIM3
SIM4
1
21
22
SIM5
SIM1
SIM2
SIM3
SIM4
1
21
22
SIM5
SIM1
SIM2
SIM3
SIM4
1
21
22
SIM5
SIM1
SIM2
DEBUG 1 390
SIM1
SIM2
SIM3
SIM4
1
21
22
SIM5
SIM1
SIM2
SIM3
SIM4
1
21
22
SIM5
SIM1
SIM2
SIM3
SIM4
1
21
22
SIM5
SIM1
SIM2
SIM3
SIM4
1
21
22
SIM5
SIM1
SIM2
SIM3
SIM4
1
21
22
SIM5
SIM1
SIM2
SIM3
SIM4
1
21
22
SIM5
SIM1
SIM2
SIM3
SIM4
1
21
22
SIM5
SIM1
SIM2
SIM3
SIM4
1
21
22
SIM5
SIM1
SIM2
SIM3
SIM4
1
21
22
SIM5
SIM1
SIM2
SIM3
SIM4
1
21
22
SIM5
SIM1
SIM2
SIM3
SIM4
1
21
22
SIM5
SIM1
SIM2
SIM3
SIM4
1
21
22
SIM5
SIM1
SIM2
SIM3
SIM4
1
21
22
SIM5
SIM1
SIM2
SIM3
SIM4
1
21
22
SIM5
SIM1
SIM2
SIM3
SIM4
1
21
22
SIM5
SIM1
SIM2
SIM3
SIM4
1
21
22
SIM5
SIM1
SIM2
SIM3
SIM4
1
21
22
SIM5
SIM1
SIM2
SIM3
SIM4
1
21
22
SIM5
SIM1
SIM2
SIM3
SIM4
1
21
22
SIM5
SIM1
SIM2
SIM3
SIM4
1
21
22
SIM5
SIM1
SIM2
SIM3
SIM4
1
21
22
SIM5
SIM1
SIM2
SIM3
SIM4
1
21
22
SIM5
SIM1
SIM2
SIM3
SIM4
1
21
22
SIM5
SIM1
SIM2
SIM3
SIM4
1
21
22
SIM5
SIM1
SIM2
SIM3
SIM4
1
21
22
SIM5
SIM1
SIM2
SIM3
SIM4
1
21
22
SIM5
SIM1
SIM2
SIM3
SIM4
1
21
22
SIM5
SIM1
SIM2
SIM3
SIM4
1
21
22
SIM5
SIM1
SIM2
SIM3
SIM4
1
21
22
SIM5
SIM1
SIM2
SIM3
SIM4
1
21
22
SIM5
SIM1
SIM2
SIM3
SIM4
1
21
22
SIM5
SIM1
SIM2
SIM3
SIM4
1
21
22
SIM5
SIM1
SIM2
SIM3
SIM4
1
21
22
SIM5
SIM1
SIM2
SIM3
SIM4
1
21
22
SIM5
SIM1
SIM2
SIM3
SIM4
1
21
22
SIM5
SIM1
SIM2
SIM3
SIM4
1
21
22
SIM5
SIM1
SIM2
SIM3
SIM4
1
21
22
SIM5
SIM1
SIM2
SIM3
SIM4
1
21
22
SIM5
SIM1
SIM2
SIM3
SIM4
1
21
22
SIM5
SIM1
SIM2
SIM3
SIM4
1
21
22
SIM5
SIM1
SIM2
SIM3
SIM4
1
21
22
SIM5
SIM1
SIM2
SIM3
SIM4
1
21
22
SIM5
SIM1
SIM2
SIM3
SIM4
1
21
22
SIM5
SIM1
SIM2
SIM3
SIM4
1
21
22
SIM5
SIM1
SIM2
SIM3
SIM4
1
21
22
SIM5
SIM1
SIM2
SIM3
SIM4
1
21
22
SIM5
SIM1
SIM2
SIM3
SIM4
1
21
22
SIM5
SIM1
SIM2
SIM3
SIM4
1
21
22
SIM5
SIM1
SIM2
SIM3
SIM4
1
21
22
SIM5
SIM1
SIM2
SIM3
SIM4
1
21
22
SIM5
SIM1
SIM2
SIM3
SIM4
1
21
22
SIM5
SIM1
SIM2
SIM3
SIM4
1
21
22
SIM5
SIM1
SIM2
SIM3
SIM4
1
21
22
SIM5
SIM1
SIM2
SIM3
SIM4
1
21
22
SIM5
SIM1
SIM2
SIM3
SIM4
1
21
22
SIM5
SIM1
SIM2
SIM3
SIM4
1
21
22
SIM5
SIM1
SIM2
SIM3
SIM4
1
21
22
SIM5
SIM1
SIM2
SIM3
SIM4
1
21
22
SIM5
SIM1
SIM2
SIM3
SIM4
1
21
22
SIM5
SIM1
SIM2
SIM3
SIM4
1
21
22
SIM5
SIM1
SIM2
SIM3
SIM4
1
21
22
SIM5
SIM1
SIM2
SIM3
SIM4
1
21
22
SIM5
SIM1
SIM2
SIM3
SIM4
1
21
22
SIM5
SIM1
SIM2
SIM3
SIM4
1
21
22
SIM5
SIM1
SIM2
SIM3
SIM4
1
21
22
SIM5
SIM1
SIM2
SIM3
SIM4
1
21
22
SIM5
SIM1
SIM2
SIM3
SIM4
1
21
22
SIM5
SIM1
SIM2
SIM3
SIM4
1
21
22
SIM5
SIM1
SIM2
SIM3
SIM4
1
21
22
SIM5
SIM1
SIM2
SIM3
SIM4
1
21
22
SIM5
SIM1
SIM2
SIM3
SIM4
1
21
22
SIM5
SIM1
SIM2
SIM3
SIM4
1
21
22
SIM5
SIM1
SIM2
SIM3
SIM4
1
21
22
SIM5
SIM1
SIM2
SIM3
SIM4
1
21
22
SIM5
SIM1
SIM2
SIM3
SIM4
1
21
22
SIM5
SIM1
SIM2
SIM3
SIM4
1
21
22
SIM5
SIM1
SIM2
SIM3
SIM4
1
21
22
SIM5
SIM1
SIM2
SIM3
SIM4
1
21
22
SIM5
SIM1
SIM2
SIM3
SIM4
1
21
22
SIM5
SIM1
SIM2
SIM3
SIM4
1
21
22
SIM5
SIM1
SIM2
SIM3
SIM4
1
21
22
SIM5
SIM1
SIM2
SIM3
SIM4
1
21
22
SIM5
SIM1
SIM2
SIM3
SIM4
1
21
22
SIM5
SIM1
SIM2
SIM3
SIM4
1
21
22
SIM5
SIM1
SIM2
SIM3
SIM4
1
21
22
SIM5
SIM1
SIM2
SIM3
SIM4
1
21
22
SIM5
SIM1
SIM2
SIM3
SIM4
1
21
22
SIM5
SIM1
SIM2
SIM3
SIM4
1
21
22
SIM5
SIM1
SIM2
SIM3
SIM4
1
21
22
SIM5
SIM1
SIM2
SIM3
SIM4
1
21
22
SIM5
SIM1
SIM2
SIM3
SIM4
1
21
22
SIM5
SIM1
SIM2
SIM3
SIM4
1
21
22
SIM5
SIM1
SIM2
SIM3
SIM4
1
21
22
SIM5
SIM1
SIM2
SIM3
SIM4
1
21
22
SIM5
SIM1
SIM2
SIM3
SIM4
1
21
22
SIM5
SIM1
SIM2
SIM3
SIM4
1
21
22
SIM5
SIM1
SIM2
SIM3
SIM4
1
21
22
SIM5
SIM1
SIM2
SIM3
SIM4
1
21
22
SIM5
SIM1
SIM2
SIM3
SIM4
1
21
22
SIM5
SIM1
SIM2
SIM3
SIM4
1
21
22
SIM5
SIM1
SIM2
SIM3
SIM4
1
21
22
SIM5
SIM1
SIM2
SIM3
SIM4
1
21
22
SIM5
SIM1
SIM2
SIM3
SIM4
1
21
22
SIM5
SIM1
SIM2
SIM3
SIM4
1
21
22
SIM5
SIM1
SIM2
SIM3
SIM4
1
21
22
SIM5
SIM1
SIM2
SIM3
SIM4
1
21
22
SIM5
SIM1
SIM2
SIM3
SIM4
1
21
22
SIM5
SIM1
SIM2
SIM3
SIM4
1
21
22
SIM5
SIM1
SIM2
SIM3
SIM4
1
21
22
SIM5
SIM1
SIM2
SIM3
SIM4
1
21
22
SIM5
SIM1
SIM2
SIM3
SIM4
1
21
22
SIM5
SIM1
SIM2
SIM3
SIM4
1
21
22
SIM5
SIM1
SIM2
SIM3
SIM4
1
21
22
SIM5
SIM1
SIM2
SIM3
SIM4
1
21
22
SIM5
SIM1
SIM2
SIM3
SIM4
1
21
22
SIM5
SIM1
SIM2
SIM3
SIM4
1
21
22
SIM5
SIM1
SIM2
SIM3
SIM4
1
21
22
SIM5
SIM1
SIM2
SIM3
SIM4
1
21
22
SIM5
SIM1
SIM2
SIM3
SIM4
1
21
22
SIM5
SIM1
SIM2
SIM3
SIM4
1
21
22
SIM5
SIM1
SIM2
SIM3
SIM4
1
21
22
SIM5
SIM1
SIM2
SIM3
SIM4
1
21
22
SIM5
SIM1
SIM2
SIM3
SIM4
1
21
22
SIM5
SIM1
SIM2
SIM3
SIM4
1
21
22
SIM5
SIM1
SIM2
SIM3
SIM4
1
21
22
SIM5
SIM1
SIM2
SIM3
SIM4
1
21
22
SIM5
SIM1
SIM2
SIM3
SIM4
1
21
22
SIM5
SIM1
SIM2
SIM3
SIM4
1
21
22
SIM5
SIM1
SIM2
SIM3
SIM4
1
21
22
SIM5
SIM1
SIM2
SIM3
SIM4
1
21
22
SIM5
SIM1
SIM2
SIM3
SIM4
1
21
22
SIM5
SIM1
SIM2
SIM3
SIM4
1
21
22
SIM5
SIM1
SIM2
SIM3
SIM4
1
21
22
SIM5
SIM1
SIM2
SIM3
SIM4
1
21
22
SIM5
SIM1
SIM2
SIM3
SIM4
1
21
22
SIM5
SIM1
SIM2
SIM3
SIM4
1
21
22
SIM5
SIM1
SIM2
SIM3
SIM4
1
21
22
SIM5
SIM1
SIM2
SIM3
SIM4
1
21
22
SIM5
SIM1
SIM2
SIM3
SIM4
1
21
22
SIM5
SIM1
SIM2
SIM3
SIM4
1
21
22
SIM5
SIM1
SIM2
SIM3
SIM4
1
21
22
SIM5
SIM1
SIM2
SIM3
SIM4
1
21
22
SIM5
SIM1
SIM2
SIM3
SIM4
1
21
22
SIM5
SIM1
SIM2
SIM3
SIM4
1
21
22
SIM5
SIM1
SIM2
SIM3
SIM4
1
21
22
SIM5
SIM1
SIM2
SIM3
SIM4
1
21
22
SIM5
SIM1
SIM2
SIM3
SIM4
1
21
22
SIM5
SIM1
SIM2
SIM3
SIM4
1
21
22
SIM5
SIM1
SIM2
SIM3
SIM4
1
21
22
SIM5
SIM1
SIM2
SIM3
SIM4
1
21
22
SIM5
SIM1
SIM2
SIM3
SIM4
1
21
22
SIM5
SIM1
SIM2
SIM3
SIM4
1
21
22
SIM5
SIM1
SIM2
SIM3
SIM4
1
21
22
SIM5
SIM1
SIM2
SIM3
SIM4
1
21
22
SIM5
SIM1
SIM2
SIM3
SIM4
1
21
22
SIM5
SIM1
SIM2
SIM3
SIM4
1
21
22
SIM5
SIM1
SIM2
SIM3
SIM4
1
21
22
SIM5
SIM1
SIM2
SIM3
SIM4
1
21
22
SIM5
SIM1
SIM2
SIM3
SIM4
1
21
22
SIM5
SIM1
SIM2
SIM3
SIM4
1
21
22
SIM5
SIM1
SIM2
SIM3
SIM4
1
21
22
SIM5
SIM1
SIM2
SIM3
SIM4
1
21
22
SIM5
SIM1
SIM2
SIM3
SIM4
1
21
22
SIM5
SIM1
SIM2
SIM3
SIM4
1
21
22
SIM5
SIM1
SIM2
SIM3
SIM4
1
21
22
SIM5
SIM1
SIM2
SIM3
SIM4
1
21
22
SIM5
SIM1
SIM2
SIM3
SIM4
1
21
22
SIM5
SIM1
SIM2
SIM3
SIM4
1
21
22
SIM5
SIM1
SIM2
SIM3
SIM4
1
21
22
SIM5
SIM1
SIM2
SIM3
SIM4
1
21
22
SIM5
SIM1
SIM2
SIM3
SIM4
1
21
22
SIM5
SIM1
SIM2
SIM3
SIM4
1
21
22
SIM5
SIM1
SIM2
SIM3
SIM4
1
21
22
SIM5
SIM1
SIM2
SIM3
SIM4
1
21
22
SIM5
SIM1
SIM2
SIM3
SIM4
1
21
22
SIM5
SIM1
SIM2
SIM3
SIM4
1
21
22
SIM5
SIM1
SIM2
SIM3
SIM4
1
21
22
SIM5
SIM1
SIM2
SIM3
SIM4
1
21
22
SIM5
SIM1
SIM2
SIM3
SIM4
1
21
22
SIM5
SIM1
SIM2
SIM3
SIM4
1
21
22
SIM5
SIM1
SIM2
SIM3
SIM4
1
21
22
SIM5
SIM1
SIM2
SIM3
SIM4
1
21
22
SIM5
SIM1
SIM2
SIM3
SIM4
1
21
22
SIM5
SIM1
SIM2
SIM3
SIM4
1
21
22
SIM5
SIM1
SIM2
SIM3
SIM4
1
21
22
SIM5
SIM1
SIM2
SIM3
SIM4
1
21
22
SIM5
SIM1
SIM2
SIM3
SIM4
1
21
22
SIM5
SIM1
SIM2
SIM3
SIM4
1
21
22
SIM5
SIM1
SIM2
SIM3
SIM4
1
21
22
SIM5
SIM1
SIM2
SIM3
SIM4
1
21
22
SIM5
SIM1
SIM2
SIM3
SIM4
1
21
22
SIM5
SIM1
SIM2
SIM3
SIM4
1
21
22
SIM5
SIM1
SIM2
SIM3
SIM4
1
21
22
SIM5
SIM1
SIM2
SIM3
SIM4
1
21
22
SIM5
SIM1
SIM2
SIM3
SIM4
1
21
22
SIM5
SIM1
SIM2
SIM3
SIM4
1
21
22
SIM5
SIM1
SIM2
SIM3
SIM4
1
21
22
SIM5
SIM1
SIM2
SIM3
SIM4
1
21
22
SIM5
SIM1
SIM2
SIM3
SIM4
1
21
22
SIM5
SIM1
SIM2
SIM3
SIM4
1
21
22
SIM5
SIM1
SIM2
SIM3
SIM4
1
21
22
SIM5
SIM1
SIM2
SIM3
SIM4
1
21
22
SIM5
SIM1
SIM2
SIM3
SIM4
1
21
22
SIM5
SIM1
SIM2
SIM3
SIM4
1
21
22
SIM5
SIM1
SIM2
SIM3
SIM4
1
21
22
SIM5
SIM1
SIM2
SIM3
SIM4
1
21
22
SIM5
SIM1
SIM2
SIM3
SIM4
1
21
22
SIM5
SIM1
SIM2
SIM3
SIM4
1
21
22
SIM5
SIM1
SIM2
SIM3
SIM4
1
21
22
SIM5
SIM1
SIM2
SIM3
SIM4
1
21
22
SIM5
SIM1
SIM2
SIM3
SIM4
1
21
22
SIM5
SIM1
SIM2
SIM3
SIM4
1
21
22
SIM5
SIM1
SIM2
SIM3
SIM4
1
21
22
SIM5
SIM1
SIM2
SIM3
SIM4
1
21
22
SIM5
SIM1
SIM2
SIM3
SIM4
1
21
22
SIM5
SIM1
SIM2
SIM3
SIM4
1
21
22
SIM5
SIM1
SIM2
SIM3
SIM4
1
21
22
SIM5
SIM1
SIM2
SIM3
SIM4
1
21
22
SIM5
SIM1
SIM2
SIM3
SIM4
1
21
22
SIM5
SIM1
SIM2
SIM3
SIM4
1
21
22
SIM5
SIM1
SIM2
SIM3
SIM4
1
21
22
SIM5
SIM1
SIM2
SIM3
SIM4
1
21
22
SIM5
SIM1
SIM2
SIM3
SIM4
1
21
22
SIM5
SIM1
SIM2
SIM3
SIM4
1
21
22
SIM5
SIM1
SIM2
SIM3
SIM4
1
21
22
SIM5
SIM1
SIM2
SIM3
SIM4
1
21
22
SIM5
SIM1
SIM2
SIM3
SIM4
1
21
22
SIM5
SIM1
SIM2
SIM3
SIM4
1
21
22
SIM5
SIM1
SIM2
SIM3
SIM4
1
21
22
SIM5
SIM1
SIM2
SIM3
SIM4
1
21
22
SIM5
SIM1
SIM2
SIM3
SIM4
1
21
22
SIM5
SIM1
SIM2
SIM3
SIM4
1
21
22
SIM5
SIM1
SIM2
SIM3
SIM4
1
21
22
SIM5
SIM1
SIM2
SIM3
SIM4
1
21
22
SIM5
SIM1
SIM2
SIM3
SIM4
1
21
22
SIM5
SIM1
SIM2
SIM3
SIM4
1
21
22
SIM5
SIM1
SIM2
DEBUG 1 391
SIM1
SIM2
SIM3
SIM4
1
21
22
SIM5
SIM1
SIM2
SIM3
SIM4
1
21
22
SIM5
SIM1
SIM2
SIM3
SIM4
1
21
22
SIM5
SIM1
SIM2
SIM3
SIM4
1
21
22
SIM5
SIM1
SIM2
SIM3
SIM4
1
21
22
SIM5
SIM1
SIM2
SIM3
SIM4
1
21
22
SIM5
SIM1
SIM2
SIM3
SIM4
1
21
22
SIM5
SIM1
SIM2
SIM3
SIM4
1
21
22
SIM5
SIM1
SIM2
SIM3
SIM4
1
21
22
SIM5
SIM1
SIM2
SIM3
SIM4
1
21
22
SIM5
SIM1
SIM2
SIM3
SIM4
1
21
22
SIM5
SIM1
SIM2
SIM3
SIM4
1
21
22
SIM5
SIM1
SIM2
SIM3
SIM4
1
21
22
SIM5
SIM1
SIM2
SIM3
SIM4
1
21
22
SIM5
SIM1
SIM2
SIM3
SIM4
1
21
22
SIM5
SIM1
SIM2
SIM3
SIM4
1
21
22
SIM5
SIM1
SIM2
SIM3
SIM4
1
21
22
SIM5
SIM1
SIM2
SIM3
SIM4
1
21
22
SIM5
SIM1
SIM2
SIM3
SIM4
1
21
22
SIM5
SIM1
SIM2
SIM3
SIM4
1
21
22
SIM5
SIM1
SIM2
SIM3
SIM4
1
21
22
SIM5
SIM1
SIM2
SIM3
SIM4
1
21
22
SIM5
SIM1
SIM2
SIM3
SIM4
1
21
22
SIM5
SIM1
SIM2
SIM3
SIM4
1
21
22
SIM5
SIM1
SIM2
SIM3
SIM4
1
21
22
SIM5
SIM1
SIM2
SIM3
SIM4
1
21
22
SIM5
SIM1
SIM2
SIM3
SIM4
1
21
22
SIM5
SIM1
SIM2
SIM3
SIM4
1
21
22
SIM5
SIM1
SIM2
SIM3
SIM4
1
21
22
SIM5
SIM1
SIM2
SIM3
SIM4
1
21
22
SIM5
SIM1
SIM2
SIM3
SIM4
1
21
22
SIM5
SIM1
SIM2
SIM3
SIM4
1
21
22
SIM5
SIM1
SIM2
SIM3
SIM4
1
21
22
SIM5
SIM1
SIM2
SIM3
SIM4
1
21
22
SIM5
SIM1
SIM2
SIM3
SIM4
1
21
22
SIM5
SIM1
SIM2
SIM3
SIM4
1
21
22
SIM5
SIM1
SIM2
SIM3
SIM4
1
21
22
SIM5
SIM1
SIM2
SIM3
SIM4
1
21
22
SIM5
SIM1
SIM2
SIM3
SIM4
1
21
22
SIM5
SIM1
SIM2
SIM3
SIM4
1
21
22
SIM5
SIM1
SIM2
SIM3
SIM4
1
21
22
SIM5
SIM1
SIM2
SIM3
SIM4
1
21
22
SIM5
SIM1
SIM2
SIM3
SIM4
1
21
22
SIM5
SIM1
SIM2
SIM3
SIM4
1
21
22
SIM5
SIM1
SIM2
SIM3
SIM4
1
21
22
SIM5
SIM1
SIM2
SIM3
SIM4
1
21
22
SIM5
SIM1
SIM2
SIM3
SIM4
1
21
22
SIM5
SIM1
SIM2
SIM3
SIM4
1
21
22
SIM5
SIM1
SIM2
SIM3
SIM4
1
21
22
SIM5
SIM1
SIM2
SIM3
SIM4
1
21
22
SIM5
SIM1
SIM2
SIM3
SIM4
1
21
22
SIM5
SIM1
SIM2
SIM3
SIM4
1
21
22
SIM5
SIM1
SIM2
SIM3
SIM4
1
21
22
SIM5
SIM1
SIM2
SIM3
SIM4
1
21
22
SIM5
SIM1
SIM2
SIM3
SIM4
1
21
22
SIM5
SIM1
SIM2
SIM3
SIM4
1
21
22
SIM5
SIM1
SIM2
SIM3
SIM4
1
21
22
SIM5
SIM1
SIM2
SIM3
SIM4
1
21
22
SIM5
SIM1
SIM2
SIM3
SIM4
1
21
22
SIM5
SIM1
SIM2
SIM3
SIM4
1
21
22
SIM5
SIM1
SIM2
SIM3
SIM4
1
21
22
SIM5
SIM1
SIM2
SIM3
SIM4
1
21
22
SIM5
SIM1
SIM2
SIM3
SIM4
1
21
22
SIM5
SIM1
SIM2
SIM3
SIM4
1
21
22
SIM5
SIM1
SIM2
SIM3
SIM4
1
21
22
SIM5
SIM1
SIM2
SIM3
SIM4
1
21
22
SIM5
SIM1
SIM2
SIM3
SIM4
1
21
22
SIM5
SIM1
SIM2
SIM3
SIM4
1
21
22
SIM5
SIM1
SIM2
SIM3
SIM4
1
21
22
SIM5
SIM1
SIM2
SIM3
SIM4
1
21
22
SIM5
SIM1
SIM2
SIM3
SIM4
1
21
22
SIM5
SIM1
SIM2
SIM3
SIM4
1
21
22
SIM5
SIM1
SIM2
SIM3
SIM4
1
21
22
SIM5
SIM1
SIM2
SIM3
SIM4
1
21
22
SIM5
SIM1
SIM2
SIM3
SIM4
1
21
22
SIM5
SIM1
SIM2
SIM3
SIM4
1
21
22
SIM5
SIM1
SIM2
SIM3
SIM4
1
21
22
SIM5
SIM1
SIM2
SIM3
SIM4
1
21
22
SIM5
SIM1
SIM2
SIM3
SIM4
1
21
22
SIM5
SIM1
SIM2
SIM3
SIM4
1
21
22
SIM5
SIM1
SIM2
SIM3
SIM4
1
21
22
SIM5
SIM1
SIM2
SIM3
SIM4
1
21
22
SIM5
SIM1
SIM2
SIM3
SIM4
1
21
22
SIM5
SIM1
SIM2
SIM3
SIM4
1
21
22
SIM5
SIM1
SIM2
SIM3
SIM4
1
21
22
SIM5
SIM1
SIM2
SIM3
SIM4
1
21
22
SIM5
SIM1
SIM2
SIM3
SIM4
1
21
22
SIM5
SIM1
SIM2
SIM3
SIM4
1
21
22
SIM5
SIM1
SIM2
SIM3
SIM4
1
21
22
SIM5
SIM1
SIM2
SIM3
SIM4
1
21
22
SIM5
SIM1
SIM2
SIM3
SIM4
1
21
22
SIM5
SIM1
SIM2
SIM3
SIM4
1
21
22
SIM5
SIM1
SIM2
SIM3
SIM4
1
21
22
SIM5
SIM1
SIM2
SIM3
SIM4
1
21
22
SIM5
SIM1
SIM2
SIM3
SIM4
1
21
22
SIM5
SIM1
SIM2
SIM3
SIM4
1
21
22
SIM5
SIM1
SIM2
SIM3
SIM4
1
21
22
SIM5
SIM1
SIM2
SIM3
SIM4
1
21
22
SIM5
SIM1
SIM2
SIM3
SIM4
1
21
22
SIM5
SIM1
SIM2
SIM3
SIM4
1
21
22
SIM5
SIM1
SIM2
SIM3
SIM4
1
21
22
SIM5
SIM1
SIM2
SIM3
SIM4
1
21
22
SIM5
SIM1
SIM2
SIM3
SIM4
1
21
22
SIM5
SIM1
SIM2
SIM3
SIM4
1
21
22
SIM5
SIM1
SIM2
SIM3
SIM4
1
21
22
SIM5
SIM1
SIM2
SIM3
SIM4
1
21
22
SIM5
SIM1
SIM2
SIM3
SIM4
1
21
22
SIM5
SIM1
SIM2
SIM3
SIM4
1
21
22
SIM5
SIM1
SIM2
SIM3
SIM4
1
21
22
SIM5
SIM1
SIM2
SIM3
SIM4
1
21
22
SIM5
SIM1
SIM2
SIM3
SIM4
1
21
22
SIM5
SIM1
SIM2
SIM3
SIM4
1
21
22
SIM5
SIM1
SIM2
SIM3
SIM4
1
21
22
SIM5
SIM1
SIM2
SIM3
SIM4
1
21
22
SIM5
SIM1
SIM2
SIM3
SIM4
1
21
22
SIM5
SIM1
SIM2
SIM3
SIM4
1
21
22
SIM5
SIM1
SIM2
SIM3
SIM4
1
21
22
SIM5
SIM1
SIM2
SIM3
SIM4
1
21
22
SIM5
SIM1
SIM2
SIM3
SIM4
1
21
22
SIM5
SIM1
SIM2
SIM3
SIM4
1
21
22
SIM5
SIM1
SIM2
SIM3
SIM4
1
21
22
SIM5
SIM1
SIM2
SIM3
SIM4
1
21
22
SIM5
SIM1
SIM2
SIM3
SIM4
1
21
22
SIM5
SIM1
SIM2
SIM3
SIM4
1
21
22
SIM5
SIM1
SIM2
SIM3
SIM4
1
21
22
SIM5
SIM1
SIM2
SIM3
SIM4
1
21
22
SIM5
SIM1
SIM2
SIM3
SIM4
1
21
22
SIM5
SIM1
SIM2
SIM3
SIM4
1
21
22
SIM5
SIM1
SIM2
SIM3
SIM4
1
21
22
SIM5
SIM1
SIM2
SIM3
SIM4
1
21
22
SIM5
SIM1
SIM2
SIM3
SIM4
1
21
22
SIM5
SIM1
SIM2
SIM3
SIM4
1
21
22
SIM5
SIM1
SIM2
SIM3
SIM4
1
21
22
SIM5
SIM1
SIM2
SIM3
SIM4
1
21
22
SIM5
SIM1
SIM2
SIM3
SIM4
1
21
22
SIM5
SIM1
SIM2
SIM3
SIM4
1
21
22
SIM5
SIM1
SIM2
SIM3
SIM4
1
21
22
SIM5
SIM1
SIM2
SIM3
SIM4
1
21
22
SIM5
SIM1
SIM2
SIM3
SIM4
1
21
22
SIM5
SIM1
SIM2
SIM3
SIM4
1
21
22
SIM5
SIM1
SIM2
SIM3
SIM4
1
21
22
SIM5
SIM1
SIM2
SIM3
SIM4
1
21
22
SIM5
SIM1
SIM2
SIM3
SIM4
1
21
22
SIM5
SIM1
SIM2
SIM3
SIM4
1
21
22
SIM5
SIM1
SIM2
SIM3
SIM4
1
21
22
SIM5
SIM1
SIM2
SIM3
SIM4
1
21
22
SIM5
SIM1
SIM2
SIM3
SIM4
1
21
22
SIM5
SIM1
SIM2
SIM3
SIM4
1
21
22
SIM5
SIM1
SIM2
SIM3
SIM4
1
21
22
SIM5
SIM1
SIM2
SIM3
SIM4
1
21
22
SIM5
SIM1
SIM2
SIM3
SIM4
1
21
22
SIM5
SIM1
SIM2
SIM3
SIM4
1
21
22
SIM5
SIM1
SIM2
SIM3
SIM4
1
21
22
SIM5
SIM1
SIM2
SIM3
SIM4
1
21
22
SIM5
SIM1
SIM2
SIM3
SIM4
1
21
22
SIM5
SIM1
SIM2
SIM3
SIM4
1
21
22
SIM5
SIM1
SIM2
SIM3
SIM4
1
21
22
SIM5
SIM1
SIM2
SIM3
SIM4
1
21
22
SIM5
SIM1
SIM2
SIM3
SIM4
1
21
22
SIM5
SIM1
SIM2
SIM3
SIM4
1
21
22
SIM5
SIM1
SIM2
SIM3
SIM4
1
21
22
SIM5
SIM1
SIM2
SIM3
SIM4
1
21
22
SIM5
SIM1
SIM2
SIM3
SIM4
1
21
22
SIM5
SIM1
SIM2
SIM3
SIM4
1
21
22
SIM5
SIM1
SIM2
SIM3
SIM4
1
21
22
SIM5
SIM1
SIM2
SIM3
SIM4
1
21
22
SIM5
SIM1
SIM2
SIM3
SIM4
1
21
22
SIM5
SIM1
SIM2
SIM3
SIM4
1
21
22
SIM5
SIM1
SIM2
SIM3
SIM4
1
21
22
SIM5
SIM1
SIM2
SIM3
SIM4
1
21
22
SIM5
SIM1
SIM2
SIM3
SIM4
1
21
22
SIM5
SIM1
SIM2
SIM3
SIM4
1
21
22
SIM5
SIM1
SIM2
SIM3
SIM4
1
21
22
SIM5
SIM1
SIM2
SIM3
SIM4
1
21
22
SIM5
SIM1
SIM2
SIM3
SIM4
1
21
22
SIM5
SIM1
SIM2
SIM3
SIM4
1
21
22
SIM5
SIM1
SIM2
SIM3
SIM4
1
21
22
SIM5
SIM1
SIM2
SIM3
SIM4
1
21
22
SIM5
SIM1
SIM2
SIM3
SIM4
1
21
22
SIM5
SIM1
SIM2
SIM3
SIM4
1
21
22
SIM5
SIM1
SIM2
SIM3
SIM4
1
21
22
SIM5
SIM1
SIM2
SIM3
SIM4
1
21
22
SIM5
SIM1
SIM2
SIM3
SIM4
1
21
22
SIM5
SIM1
SIM2
SIM3
SIM4
1
21
22
SIM5
SIM1
SIM2
SIM3
SIM4
1
21
22
SIM5
SIM1
SIM2
SIM3
SIM4
1
21
22
SIM5
SIM1
SIM2
SIM3
SIM4
1
21
22
SIM5
SIM1
SIM2
SIM3
SIM4
1
21
22
SIM5
SIM1
SIM2
SIM3
SIM4
1
21
22
SIM5
SIM1
SIM2
SIM3
SIM4
1
21
22
SIM5
SIM1
SIM2
SIM3
SIM4
1
21
22
SIM5
SIM1
SIM2
SIM3
SIM4
1
21
22
SIM5
SIM1
SIM2
SIM3
SIM4
1
21
22
SIM5
SIM1
SIM2
SIM3
SIM4
1
21
22
SIM5
SIM1
SIM2
SIM3
SIM4
1
21
22
SIM5
SIM1
SIM2
SIM3
SIM4
1
21
22
SIM5
SIM1
SIM2
SIM3
SIM4
1
21
22
SIM5
SIM1
SIM2
SIM3
SIM4
1
21
22
SIM5
SIM1
SIM2
SIM3
SIM4
1
21
22
SIM5
SIM1
SIM2
SIM3
SIM4
1
21
22
SIM5
SIM1
SIM2
SIM3
SIM4
1
21
22
SIM5
SIM1
SIM2
SIM3
SIM4
1
21
22
SIM5
SIM1
SIM2
SIM3
SIM4
1
21
22
SIM5
SIM1
SIM2
SIM3
SIM4
1
21
22
SIM5
SIM1
SIM2
SIM3
SIM4
1
21
22
SIM5
SIM1
SIM2
SIM3
SIM4
1
21
22
SIM5
SIM1
SIM2
SIM3
SIM4
1
21
22
SIM5
SIM1
SIM2
SIM3
SIM4
1
21
22
SIM5
SIM1
SIM2
SIM3
SIM4
1
21
22
SIM5
SIM1
SIM2
SIM3
SIM4
1
21
22
SIM5
SIM1
SIM2
SIM3
SIM4
1
21
22
SIM5
SIM1
SIM2
SIM3
SIM4
1
21
22
SIM5
SIM1
SIM2
SIM3
SIM4
1
21
22
SIM5
SIM1
SIM2
SIM3
SIM4
1
21
22
SIM5
SIM1
SIM2
SIM3
SIM4
1
21
22
SIM5
SIM1
SIM2
SIM3
SIM4
1
21
22
SIM5
SIM1
SIM2
SIM3
SIM4
1
21
22
SIM5
SIM1
SIM2
SIM3
SIM4
1
21
22
SIM5
SIM1
SIM2
SIM3
SIM4
1
21
22
SIM5
SIM1
SIM2
SIM3
SIM4
1
21
22
SIM5
SIM1
SIM2
SIM3
SIM4
1
21
22
SIM5
SIM1
SIM2
SIM3
SIM4
1
21
22
SIM5
SIM1
SIM2
SIM3
SIM4
1
21
22
SIM5
SIM1
SIM2
SIM3
SIM4
1
21
22
SIM5
SIM1
SIM2
SIM3
SIM4
1
21
22
SIM5
SIM1
SIM2
SIM3
SIM4
1
21
22
SIM5
SIM1
SIM2
SIM3
SIM4
1
21
22
SIM5
SIM1
SIM2
SIM3
SIM4
1
21
22
SIM5
SIM1
SIM2
SIM3
SIM4
1
21
22
SIM5
SIM1
SIM2
SIM3
SIM4
1
21
22
SIM5
SIM1
SIM2
SIM3
SIM4
1
21
22
SIM5
SIM1
SIM2
SIM3
SIM4
1
21
22
SIM5
SIM1
SIM2
SIM3
SIM4
1
21
22
SIM5
SIM1
SIM2
SIM3
SIM4
1
21
22
SIM5
SIM1
SIM2
SIM3
SIM4
1
21
22
SIM5
SIM1
SIM2
SIM3
SIM4
1
21
22
SIM5
SIM1
SIM2
SIM3
SIM4
1
21
22
SIM5
SIM1
SIM2
SIM3
SIM4
1
21
22
SIM5
SIM1
SIM2
SIM3
SIM4
1
21
22
SIM5
SIM1
SIM2
SIM3
SIM4
1
21
22
SIM5
SIM1
SIM2
SIM3
SIM4
1
21
22
SIM5
SIM1
SIM2
SIM3
SIM4
1
21
22
SIM5
SIM1
SIM2
SIM3
SIM4
1
21
22
SIM5
SIM1
SIM2
SIM3
SIM4
1
21
22
SIM5
SIM1
SIM2
SIM3
SIM4
1
21
22
SIM5
SIM1
SIM2
SIM3
SIM4
1
21
22
SIM5
SIM1
SIM2
SIM3
SIM4
1
21
22
SIM5
SIM1
SIM2
SIM3
SIM4
1
21
22
SIM5
SIM1
SIM2
SIM3
SIM4
1
21
22
SIM5
SIM1
SIM2
SIM3
SIM4
1
21
22
SIM5
SIM1
SIM2
SIM3
SIM4
1
21
22
SIM5
SIM1
SIM2
SIM3
SIM4
1
21
22
SIM5
SIM1
SIM2
SIM3
SIM4
1
21
22
SIM5
SIM1
SIM2
SIM3
SIM4
1
21
22
SIM5
SIM1
SIM2
SIM3
SIM4
1
21
22
SIM5
SIM1
SIM2
SIM3
SIM4
1
21
22
SIM5
SIM1
SIM2
SIM3
SIM4
1
21
22
SIM5
SIM1
SIM2
SIM3
SIM4
1
21
22
SIM5
SIM1
SIM2
SIM3
SIM4
1
21
22
SIM5
SIM1
SIM2
SIM3
SIM4
1
21
22
SIM5
SIM1
SIM2
SIM3
SIM4
1
21
22
SIM5
SIM1
SIM2
SIM3
SIM4
1
21
22
SIM5
SIM1
SIM2
SIM3
SIM4
1
21
22
SIM5
SIM1
SIM2
SIM3
SIM4
1
21
22
SIM5
SIM1
SIM2
SIM3
SIM4
1
21
22
SIM5
SIM1
SIM2
SIM3
SIM4
1
21
22
SIM5
SIM1
SIM2
SIM3
SIM4
1
21
22
SIM5
SIM1
SIM2
SIM3
SIM4
1
21
22
SIM5
SIM1
SIM2
SIM3
SIM4
1
21
22
SIM5
SIM1
SIM2
SIM3
SIM4
1
21
22
SIM5
SIM1
SIM2
SIM3
SIM4
1
21
22
SIM5
SIM1
SIM2
SIM3
SIM4
1
21
22
SIM5
SIM1
SIM2
SIM3
SIM4
1
21
22
SIM5
SIM1
SIM2
SIM3
SIM4
1
21
22
SIM5
SIM1
SIM2
SIM3
SIM4
1
21
22
SIM5
SIM1
SIM2
SIM3
SIM4
1
21
22
SIM5
SIM1
SIM2
SIM3
SIM4
1
21
22
SIM5
SIM1
SIM2
SIM3
SIM4
1
21
22
SIM5
SIM1
SIM2
SIM3
SIM4
1
21
22
SIM5
SIM1
SIM2
SIM3
SIM4
1
21
22
SIM5
SIM1
SIM2
SIM3
SIM4
1
21
22
SIM5
SIM1
SIM2
SIM3
SIM4
1
21
22
SIM5
SIM1
SIM2
SIM3
SIM4
1
21
22
SIM5
SIM1
SIM2
SIM3
SIM4
1
21
22
SIM5
SIM1
SIM2
SIM3
SIM4
1
21
22
SIM5
SIM1
SIM2
SIM3
SIM4
1
21
22
SIM5
SIM1
SIM2
SIM3
SIM4
1
21
22
SIM5
SIM1
SIM2
SIM3
SIM4
1
21
22
SIM5
SIM1
SIM2
SIM3
SIM4
1
21
22
SIM5
SIM1
SIM2
SIM3
SIM4
1
21
22
SIM5
SIM1
SIM2
SIM3
SIM4
1
21
22
SIM5
SIM1
SIM2
SIM3
SIM4
1
21
22
SIM5
SIM1
SIM2
SIM3
SIM4
1
21
22
SIM5
SIM1
SIM2
DEBUG 1 392
SIM1
SIM2
SIM3
SIM4
1
21
22
SIM5
SIM1
SIM2
SIM3
SIM4
1
21
22
SIM5
SIM1
SIM2
SIM3
SIM4
1
21
22
SIM5
SIM1
SIM2
SIM3
SIM4
1
21
22
SIM5
SIM1
SIM2
SIM3
SIM4
1
21
22
SIM5
SIM1
SIM2
SIM3
SIM4
1
21
22
SIM5
SIM1
SIM2
SIM3
SIM4
1
21
22
SIM5
SIM1
SIM2
SIM3
SIM4
1
21
22
SIM5
SIM1
SIM2
SIM3
SIM4
1
21
22
SIM5
SIM1
SIM2
SIM3
SIM4
1
21
22
SIM5
SIM1
SIM2
SIM3
SIM4
1
21
22
SIM5
SIM1
SIM2
SIM3
SIM4
1
21
22
SIM5
SIM1
SIM2
SIM3
SIM4
1
21
22
SIM5
SIM1
SIM2
SIM3
SIM4
1
21
22
SIM5
SIM1
SIM2
SIM3
SIM4
1
21
22
SIM5
SIM1
SIM2
SIM3
SIM4
1
21
22
SIM5
SIM1
SIM2
SIM3
SIM4
1
21
22
SIM5
SIM1
SIM2
SIM3
SIM4
1
21
22
SIM5
SIM1
SIM2
SIM3
SIM4
1
21
22
SIM5
SIM1
SIM2
SIM3
SIM4
1
21
22
SIM5
SIM1
SIM2
SIM3
SIM4
1
21
22
SIM5
SIM1
SIM2
SIM3
SIM4
1
21
22
SIM5
SIM1
SIM2
SIM3
SIM4
1
21
22
SIM5
SIM1
SIM2
SIM3
SIM4
1
21
22
SIM5
SIM1
SIM2
SIM3
SIM4
1
21
22
SIM5
SIM1
SIM2
SIM3
SIM4
1
21
22
SIM5
SIM1
SIM2
SIM3
SIM4
1
21
22
SIM5
SIM1
SIM2
SIM3
SIM4
1
21
22
SIM5
SIM1
SIM2
SIM3
SIM4
1
21
22
SIM5
SIM1
SIM2
SIM3
SIM4
1
21
22
SIM5
SIM1
SIM2
SIM3
SIM4
1
21
22
SIM5
SIM1
SIM2
SIM3
SIM4
1
21
22
SIM5
SIM1
SIM2
SIM3
SIM4
1
21
22
SIM5
SIM1
SIM2
SIM3
SIM4
1
21
22
SIM5
SIM1
SIM2
SIM3
SIM4
1
21
22
SIM5
SIM1
SIM2
SIM3
SIM4
1
21
22
SIM5
SIM1
SIM2
SIM3
SIM4
1
21
22
SIM5
SIM1
SIM2
SIM3
SIM4
1
21
22
SIM5
SIM1
SIM2
SIM3
SIM4
1
21
22
SIM5
SIM1
SIM2
SIM3
SIM4
1
21
22
SIM5
SIM1
SIM2
SIM3
SIM4
1
21
22
SIM5
SIM1
SIM2
SIM3
SIM4
1
21
22
SIM5
SIM1
SIM2
SIM3
SIM4
1
21
22
SIM5
SIM1
SIM2
SIM3
SIM4
1
21
22
SIM5
SIM1
SIM2
SIM3
SIM4
1
21
22
SIM5
SIM1
SIM2
SIM3
SIM4
1
21
22
SIM5
SIM1
SIM2
SIM3
SIM4
1
21
22
SIM5
SIM1
SIM2
SIM3
SIM4
1
21
22
SIM5
SIM1
SIM2
SIM3
SIM4
1
21
22
SIM5
SIM1
SIM2
SIM3
SIM4
1
21
22
SIM5
SIM1
SIM2
SIM3
SIM4
1
21
22
SIM5
SIM1
SIM2
SIM3
SIM4
1
21
22
SIM5
SIM1
SIM2
SIM3
SIM4
1
21
22
SIM5
SIM1
SIM2
SIM3
SIM4
1
21
22
SIM5
SIM1
SIM2
SIM3
SIM4
1
21
22
SIM5
SIM1
SIM2
SIM3
SIM4
1
21
22
SIM5
SIM1
SIM2
SIM3
SIM4
1
21
22
SIM5
SIM1
SIM2
SIM3
SIM4
1
21
22
SIM5
SIM1
SIM2
SIM3
SIM4
1
21
22
SIM5
SIM1
SIM2
SIM3
SIM4
1
21
22
SIM5
SIM1
SIM2
SIM3
SIM4
1
21
22
SIM5
SIM1
SIM2
SIM3
SIM4
1
21
22
SIM5
SIM1
SIM2
SIM3
SIM4
1
21
22
SIM5
SIM1
SIM2
SIM3
SIM4
1
21
22
SIM5
SIM1
SIM2
SIM3
SIM4
1
21
22
SIM5
SIM1
SIM2
SIM3
SIM4
1
21
22
SIM5
SIM1
SIM2
SIM3
SIM4
1
21
22
SIM5
SIM1
SIM2
SIM3
SIM4
1
21
22
SIM5
SIM1
SIM2
SIM3
SIM4
1
21
22
SIM5
SIM1
SIM2
SIM3
SIM4
1
21
22
SIM5
SIM1
SIM2
SIM3
SIM4
1
21
22
SIM5
SIM1
SIM2
SIM3
SIM4
1
21
22
SIM5
SIM1
SIM2
SIM3
SIM4
1
21
22
SIM5
SIM1
SIM2
SIM3
SIM4
1
21
22
SIM5
SIM1
SIM2
SIM3
SIM4
1
21
22
SIM5
SIM1
SIM2
SIM3
SIM4
1
21
22
SIM5
SIM1
SIM2
SIM3
SIM4
1
21
22
SIM5
SIM1
SIM2
SIM3
SIM4
1
21
22
SIM5
SIM1
SIM2
SIM3
SIM4
1
21
22
SIM5
SIM1
SIM2
SIM3
SIM4
1
21
22
SIM5
SIM1
SIM2
SIM3
SIM4
1
21
22
SIM5
SIM1
SIM2
SIM3
SIM4
1
21
22
SIM5
SIM1
SIM2
SIM3
SIM4
1
21
22
SIM5
SIM1
SIM2
SIM3
SIM4
1
21
22
SIM5
SIM1
SIM2
SIM3
SIM4
1
21
22
SIM5
SIM1
SIM2
SIM3
SIM4
1
21
22
SIM5
SIM1
SIM2
SIM3
SIM4
1
21
22
SIM5
SIM1
SIM2
SIM3
SIM4
1
21
22
SIM5
SIM1
SIM2
SIM3
SIM4
1
21
22
SIM5
SIM1
SIM2
SIM3
SIM4
1
21
22
SIM5
SIM1
SIM2
SIM3
SIM4
1
21
22
SIM5
SIM1
SIM2
SIM3
SIM4
1
21
22
SIM5
SIM1
SIM2
SIM3
SIM4
1
21
22
SIM5
SIM1
SIM2
SIM3
SIM4
1
21
22
SIM5
SIM1
SIM2
SIM3
SIM4
1
21
22
SIM5
SIM1
SIM2
SIM3
SIM4
1
21
22
SIM5
SIM1
SIM2
SIM3
SIM4
1
21
22
SIM5
SIM1
SIM2
SIM3
SIM4
1
21
22
SIM5
SIM1
SIM2
SIM3
SIM4
1
21
22
SIM5
SIM1
SIM2
SIM3
SIM4
1
21
22
SIM5
SIM1
SIM2
SIM3
SIM4
1
21
22
SIM5
SIM1
SIM2
SIM3
SIM4
1
21
22
SIM5
SIM1
SIM2
SIM3
SIM4
1
21
22
SIM5
SIM1
SIM2
SIM3
SIM4
1
21
22
SIM5
SIM1
SIM2
SIM3
SIM4
1
21
22
SIM5
SIM1
SIM2
SIM3
SIM4
1
21
22
SIM5
SIM1
SIM2
SIM3
SIM4
1
21
22
SIM5
SIM1
SIM2
SIM3
SIM4
1
21
22
SIM5
SIM1
SIM2
SIM3
SIM4
1
21
22
SIM5
SIM1
SIM2
SIM3
SIM4
1
21
22
SIM5
SIM1
SIM2
SIM3
SIM4
1
21
22
SIM5
SIM1
SIM2
SIM3
SIM4
1
21
22
SIM5
SIM1
SIM2
SIM3
SIM4
1
21
22
SIM5
SIM1
SIM2
SIM3
SIM4
1
21
22
SIM5
SIM1
SIM2
SIM3
SIM4
1
21
22
SIM5
SIM1
SIM2
SIM3
SIM4
1
21
22
SIM5
SIM1
SIM2
SIM3
SIM4
1
21
22
SIM5
SIM1
SIM2
SIM3
SIM4
1
21
22
SIM5
SIM1
SIM2
SIM3
SIM4
1
21
22
SIM5
SIM1
SIM2
SIM3
SIM4
1
21
22
SIM5
SIM1
SIM2
SIM3
SIM4
1
21
22
SIM5
SIM1
SIM2
SIM3
SIM4
1
21
22
SIM5
SIM1
SIM2
SIM3
SIM4
1
21
22
SIM5
SIM1
SIM2
SIM3
SIM4
1
21
22
SIM5
SIM1
SIM2
SIM3
SIM4
1
21
22
SIM5
SIM1
SIM2
SIM3
SIM4
1
21
22
SIM5
SIM1
SIM2
SIM3
SIM4
1
21
22
SIM5
SIM1
SIM2
SIM3
SIM4
1
21
22
SIM5
SIM1
SIM2
SIM3
SIM4
1
21
22
SIM5
SIM1
SIM2
SIM3
SIM4
1
21
22
SIM5
SIM1
SIM2
SIM3
SIM4
1
21
22
SIM5
SIM1
SIM2
SIM3
SIM4
1
21
22
SIM5
SIM1
SIM2
SIM3
SIM4
1
21
22
SIM5
SIM1
SIM2
SIM3
SIM4
1
21
22
SIM5
SIM1
SIM2
SIM3
SIM4
1
21
22
SIM5
SIM1
SIM2
SIM3
SIM4
1
21
22
SIM5
SIM1
SIM2
SIM3
SIM4
1
21
22
SIM5
SIM1
SIM2
SIM3
SIM4
1
21
22
SIM5
SIM1
SIM2
SIM3
SIM4
1
21
22
SIM5
SIM1
SIM2
SIM3
SIM4
1
21
22
SIM5
SIM1
SIM2
SIM3
SIM4
1
21
22
SIM5
SIM1
SIM2
SIM3
SIM4
1
21
22
SIM5
SIM1
SIM2
SIM3
SIM4
1
21
22
SIM5
SIM1
SIM2
SIM3
SIM4
1
21
22
SIM5
SIM1
SIM2
SIM3
SIM4
1
21
22
SIM5
SIM1
SIM2
SIM3
SIM4
1
21
22
SIM5
SIM1
SIM2
SIM3
SIM4
1
21
22
SIM5
SIM1
SIM2
SIM3
SIM4
1
21
22
SIM5
SIM1
SIM2
SIM3
SIM4
1
21
22
SIM5
SIM1
SIM2
SIM3
SIM4
1
21
22
SIM5
SIM1
SIM2
SIM3
SIM4
1
21
22
SIM5
SIM1
SIM2
SIM3
SIM4
1
21
22
SIM5
SIM1
SIM2
SIM3
SIM4
1
21
22
SIM5
SIM1
SIM2
SIM3
SIM4
1
21
22
SIM5
SIM1
SIM2
SIM3
SIM4
1
21
22
SIM5
SIM1
SIM2
SIM3
SIM4
1
21
22
SIM5
SIM1
SIM2
SIM3
SIM4
1
21
22
SIM5
SIM1
SIM2
SIM3
SIM4
1
21
22
SIM5
SIM1
SIM2
SIM3
SIM4
1
21
22
SIM5
SIM1
SIM2
SIM3
SIM4
1
21
22
SIM5
SIM1
SIM2
SIM3
SIM4
1
21
22
SIM5
SIM1
SIM2
SIM3
SIM4
1
21
22
SIM5
SIM1
SIM2
SIM3
SIM4
1
21
22
SIM5
SIM1
SIM2
SIM3
SIM4
1
21
22
SIM5
SIM1
SIM2
SIM3
SIM4
1
21
22
SIM5
SIM1
SIM2
SIM3
SIM4
1
21
22
SIM5
SIM1
SIM2
SIM3
SIM4
1
21
22
SIM5
SIM1
SIM2
SIM3
SIM4
1
21
22
SIM5
SIM1
SIM2
SIM3
SIM4
1
21
22
SIM5
SIM1
SIM2
SIM3
SIM4
1
21
22
SIM5
SIM1
SIM2
SIM3
SIM4
1
21
22
SIM5
SIM1
SIM2
SIM3
SIM4
1
21
22
SIM5
SIM1
SIM2
SIM3
SIM4
1
21
22
SIM5
SIM1
SIM2
SIM3
SIM4
1
21
22
SIM5
SIM1
SIM2
SIM3
SIM4
1
21
22
SIM5
SIM1
SIM2
SIM3
SIM4
1
21
22
SIM5
SIM1
SIM2
SIM3
SIM4
1
21
22
SIM5
SIM1
SIM2
SIM3
SIM4
1
21
22
SIM5
SIM1
SIM2
SIM3
SIM4
1
21
22
SIM5
SIM1
SIM2
SIM3
SIM4
1
21
22
SIM5
SIM1
SIM2
SIM3
SIM4
1
21
22
SIM5
SIM1
SIM2
SIM3
SIM4
1
21
22
SIM5
SIM1
SIM2
SIM3
SIM4
1
21
22
SIM5
SIM1
SIM2
SIM3
SIM4
1
21
22
SIM5
SIM1
SIM2
SIM3
SIM4
1
21
22
SIM5
SIM1
SIM2
SIM3
SIM4
1
21
22
SIM5
SIM1
SIM2
SIM3
SIM4
1
21
22
SIM5
SIM1
SIM2
SIM3
SIM4
1
21
22
SIM5
SIM1
SIM2
SIM3
SIM4
1
21
22
SIM5
SIM1
SIM2
SIM3
SIM4
1
21
22
SIM5
SIM1
SIM2
SIM3
SIM4
1
21
22
SIM5
SIM1
SIM2
SIM3
SIM4
1
21
22
SIM5
SIM1
SIM2
SIM3
SIM4
1
21
22
SIM5
SIM1
SIM2
SIM3
SIM4
1
21
22
SIM5
SIM1
SIM2
SIM3
SIM4
1
21
22
SIM5
SIM1
SIM2
SIM3
SIM4
1
21
22
SIM5
SIM1
SIM2
SIM3
SIM4
1
21
22
SIM5
SIM1
SIM2
SIM3
SIM4
1
21
22
SIM5
SIM1
SIM2
SIM3
SIM4
1
21
22
SIM5
SIM1
SIM2
DEBUG 1 393
SIM1
SIM2
SIM3
SIM4
1
21
22
SIM5
SIM1
SIM2
SIM3
SIM4
1
21
22
SIM5
SIM1
SIM2
SIM3
SIM4
1
21
22
SIM5
SIM1
SIM2
SIM3
SIM4
1
21
22
SIM5
SIM1
SIM2
SIM3
SIM4
1
21
22
SIM5
SIM1
SIM2
SIM3
SIM4
1
21
22
SIM5
SIM1
SIM2
SIM3
SIM4
1
21
22
SIM5
SIM1
SIM2
SIM3
SIM4
1
21
22
SIM5
SIM1
SIM2
SIM3
SIM4
1
21
22
SIM5
SIM1
SIM2
SIM3
SIM4
1
21
22
SIM5
SIM1
SIM2
SIM3
SIM4
1
21
22
SIM5
SIM1
SIM2
SIM3
SIM4
1
21
22
SIM5
SIM1
SIM2
SIM3
SIM4
1
21
22
SIM5
SIM1
SIM2
SIM3
SIM4
1
21
22
SIM5
SIM1
SIM2
SIM3
SIM4
1
21
22
SIM5
SIM1
SIM2
SIM3
SIM4
1
21
22
SIM5
SIM1
SIM2
SIM3
SIM4
1
21
22
SIM5
SIM1
SIM2
SIM3
SIM4
1
21
22
SIM5
SIM1
SIM2
SIM3
SIM4
1
21
22
SIM5
SIM1
SIM2
SIM3
SIM4
1
21
22
SIM5
SIM1
SIM2
SIM3
SIM4
1
21
22
SIM5
SIM1
SIM2
SIM3
SIM4
1
21
22
SIM5
SIM1
SIM2
SIM3
SIM4
1
21
22
SIM5
SIM1
SIM2
SIM3
SIM4
1
21
22
SIM5
SIM1
SIM2
SIM3
SIM4
1
21
22
SIM5
SIM1
SIM2
SIM3
SIM4
1
21
22
SIM5
SIM1
SIM2
SIM3
SIM4
1
21
22
SIM5
SIM1
SIM2
SIM3
SIM4
1
21
22
SIM5
SIM1
SIM2
SIM3
SIM4
1
21
22
SIM5
SIM1
SIM2
SIM3
SIM4
1
21
22
SIM5
SIM1
SIM2
SIM3
SIM4
1
21
22
SIM5
SIM1
SIM2
SIM3
SIM4
1
21
22
SIM5
SIM1
SIM2
SIM3
SIM4
1
21
22
SIM5
SIM1
SIM2
SIM3
SIM4
1
21
22
SIM5
SIM1
SIM2
SIM3
SIM4
1
21
22
SIM5
SIM1
SIM2
SIM3
SIM4
1
21
22
SIM5
SIM1
SIM2
SIM3
SIM4
1
21
22
SIM5
SIM1
SIM2
SIM3
SIM4
1
21
22
SIM5
SIM1
SIM2
SIM3
SIM4
1
21
22
SIM5
SIM1
SIM2
SIM3
SIM4
1
21
22
SIM5
SIM1
SIM2
SIM3
SIM4
1
21
22
SIM5
SIM1
SIM2
SIM3
SIM4
1
21
22
SIM5
SIM1
SIM2
SIM3
SIM4
1
21
22
SIM5
SIM1
SIM2
SIM3
SIM4
1
21
22
SIM5
SIM1
SIM2
SIM3
SIM4
1
21
22
SIM5
SIM1
SIM2
SIM3
SIM4
1
21
22
SIM5
SIM1
SIM2
SIM3
SIM4
1
21
22
SIM5
SIM1
SIM2
SIM3
SIM4
1
21
22
SIM5
SIM1
SIM2
SIM3
SIM4
1
21
22
SIM5
SIM1
SIM2
SIM3
SIM4
1
21
22
SIM5
SIM1
SIM2
SIM3
SIM4
1
21
22
SIM5
SIM1
SIM2
SIM3
SIM4
1
21
22
SIM5
SIM1
SIM2
SIM3
SIM4
1
21
22
SIM5
SIM1
SIM2
SIM3
SIM4
1
21
22
SIM5
SIM1
SIM2
SIM3
SIM4
1
21
22
SIM5
SIM1
SIM2
SIM3
SIM4
1
21
22
SIM5
SIM1
SIM2
SIM3
SIM4
1
21
22
SIM5
SIM1
SIM2
SIM3
SIM4
1
21
22
SIM5
SIM1
SIM2
SIM3
SIM4
1
21
22
SIM5
SIM1
SIM2
SIM3
SIM4
1
21
22
SIM5
SIM1
SIM2
SIM3
SIM4
1
21
22
SIM5
SIM1
SIM2
SIM3
SIM4
1
21
22
SIM5
SIM1
SIM2
SIM3
SIM4
1
21
22
SIM5
SIM1
SIM2
SIM3
SIM4
1
21
22
SIM5
SIM1
SIM2
SIM3
SIM4
1
21
22
SIM5
SIM1
SIM2
SIM3
SIM4
1
21
22
SIM5
SIM1
SIM2
SIM3
SIM4
1
21
22
SIM5
SIM1
SIM2
SIM3
SIM4
1
21
22
SIM5
SIM1
SIM2
SIM3
SIM4
1
21
22
SIM5
SIM1
SIM2
SIM3
SIM4
1
21
22
SIM5
SIM1
SIM2
SIM3
SIM4
1
21
22
SIM5
SIM1
SIM2
SIM3
SIM4
1
21
22
SIM5
SIM1
SIM2
SIM3
SIM4
1
21
22
SIM5
SIM1
SIM2
SIM3
SIM4
1
21
22
SIM5
SIM1
SIM2
SIM3
SIM4
1
21
22
SIM5
SIM1
SIM2
SIM3
SIM4
1
21
22
SIM5
SIM1
SIM2
SIM3
SIM4
1
21
22
SIM5
SIM1
SIM2
SIM3
SIM4
1
21
22
SIM5
SIM1
SIM2
SIM3
SIM4
1
21
22
SIM5
SIM1
SIM2
SIM3
SIM4
1
21
22
SIM5
SIM1
SIM2
SIM3
SIM4
1
21
22
SIM5
SIM1
SIM2
SIM3
SIM4
1
21
22
SIM5
SIM1
SIM2
SIM3
SIM4
1
21
22
SIM5
SIM1
SIM2
SIM3
SIM4
1
21
22
SIM5
SIM1
SIM2
SIM3
SIM4
1
21
22
SIM5
SIM1
SIM2
SIM3
SIM4
1
21
22
SIM5
SIM1
SIM2
SIM3
SIM4
1
21
22
SIM5
SIM1
SIM2
SIM3
SIM4
1
21
22
SIM5
SIM1
SIM2
SIM3
SIM4
1
21
22
SIM5
SIM1
SIM2
SIM3
SIM4
1
21
22
SIM5
SIM1
SIM2
SIM3
SIM4
1
21
22
SIM5
SIM1
SIM2
SIM3
SIM4
1
21
22
SIM5
SIM1
SIM2
SIM3
SIM4
1
21
22
SIM5
SIM1
SIM2
SIM3
SIM4
1
21
22
SIM5
SIM1
SIM2
SIM3
SIM4
1
21
22
SIM5
SIM1
SIM2
SIM3
SIM4
1
21
22
SIM5
SIM1
SIM2
SIM3
SIM4
1
21
22
SIM5
SIM1
SIM2
SIM3
SIM4
1
21
22
SIM5
SIM1
SIM2
SIM3
SIM4
1
21
22
SIM5
SIM1
SIM2
SIM3
SIM4
1
21
22
SIM5
SIM1
SIM2
SIM3
SIM4
1
21
22
SIM5
SIM1
SIM2
SIM3
SIM4
1
21
22
SIM5
SIM1
SIM2
SIM3
SIM4
1
21
22
SIM5
SIM1
SIM2
SIM3
SIM4
1
21
22
SIM5
SIM1
SIM2
SIM3
SIM4
1
21
22
SIM5
SIM1
SIM2
SIM3
SIM4
1
21
22
SIM5
SIM1
SIM2
SIM3
SIM4
1
21
22
SIM5
SIM1
SIM2
SIM3
SIM4
1
21
22
SIM5
SIM1
SIM2
SIM3
SIM4
1
21
22
SIM5
SIM1
SIM2
SIM3
SIM4
1
21
22
SIM5
SIM1
SIM2
SIM3
SIM4
1
21
22
SIM5
SIM1
SIM2
SIM3
SIM4
1
21
22
SIM5
SIM1
SIM2
SIM3
SIM4
1
21
22
SIM5
SIM1
SIM2
SIM3
SIM4
1
21
22
SIM5
SIM1
SIM2
SIM3
SIM4
1
21
22
SIM5
SIM1
SIM2
SIM3
SIM4
1
21
22
SIM5
SIM1
SIM2
SIM3
SIM4
1
21
22
SIM5
SIM1
SIM2
SIM3
SIM4
1
21
22
SIM5
SIM1
SIM2
SIM3
SIM4
1
21
22
SIM5
SIM1
SIM2
SIM3
SIM4
1
21
22
SIM5
SIM1
SIM2
SIM3
SIM4
1
21
22
SIM5
SIM1
SIM2
SIM3
SIM4
1
21
22
SIM5
SIM1
SIM2
SIM3
SIM4
1
21
22
SIM5
SIM1
SIM2
SIM3
SIM4
1
21
22
SIM5
SIM1
SIM2
SIM3
SIM4
1
21
22
SIM5
SIM1
SIM2
SIM3
SIM4
1
21
22
SIM5
SIM1
SIM2
SIM3
SIM4
1
21
22
SIM5
SIM1
SIM2
SIM3
SIM4
1
21
22
SIM5
SIM1
SIM2
SIM3
SIM4
1
21
22
SIM5
SIM1
SIM2
SIM3
SIM4
1
21
22
SIM5
SIM1
SIM2
SIM3
SIM4
1
21
22
SIM5
SIM1
SIM2
SIM3
SIM4
1
21
22
SIM5
SIM1
SIM2
SIM3
SIM4
1
21
22
SIM5
SIM1
SIM2
SIM3
SIM4
1
21
22
SIM5
SIM1
SIM2
SIM3
SIM4
1
21
22
SIM5
SIM1
SIM2
SIM3
SIM4
1
21
22
SIM5
SIM1
SIM2
SIM3
SIM4
1
21
22
SIM5
SIM1
SIM2
SIM3
SIM4
1
21
22
SIM5
SIM1
SIM2
SIM3
SIM4
1
21
22
SIM5
SIM1
SIM2
SIM3
SIM4
1
21
22
SIM5
SIM1
SIM2
SIM3
SIM4
1
21
22
SIM5
SIM1
SIM2
SIM3
SIM4
1
21
22
SIM5
SIM1
SIM2
SIM3
SIM4
1
21
22
SIM5
SIM1
SIM2
SIM3
SIM4
1
21
22
SIM5
SIM1
SIM2
SIM3
SIM4
1
21
22
SIM5
SIM1
SIM2
SIM3
SIM4
1
21
22
SIM5
SIM1
SIM2
SIM3
SIM4
1
21
22
SIM5
SIM1
SIM2
SIM3
SIM4
1
21
22
SIM5
SIM1
SIM2
SIM3
SIM4
1
21
22
SIM5
SIM1
SIM2
SIM3
SIM4
1
21
22
SIM5
SIM1
SIM2
SIM3
SIM4
1
21
22
SIM5
SIM1
SIM2
SIM3
SIM4
1
21
22
SIM5
SIM1
SIM2
SIM3
SIM4
1
21
22
SIM5
SIM1
SIM2
SIM3
SIM4
1
21
22
SIM5
SIM1
SIM2
SIM3
SIM4
1
21
22
SIM5
SIM1
SIM2
SIM3
SIM4
1
21
22
SIM5
SIM1
SIM2
SIM3
SIM4
1
21
22
SIM5
SIM1
SIM2
SIM3
SIM4
1
21
22
SIM5
SIM1
SIM2
SIM3
SIM4
1
21
22
SIM5
SIM1
SIM2
SIM3
SIM4
1
21
22
SIM5
SIM1
SIM2
SIM3
SIM4
1
21
22
SIM5
SIM1
SIM2
SIM3
SIM4
1
21
22
SIM5
SIM1
SIM2
SIM3
SIM4
1
21
22
SIM5
SIM1
SIM2
SIM3
SIM4
1
21
22
SIM5
SIM1
SIM2
SIM3
SIM4
1
21
22
SIM5
SIM1
SIM2
SIM3
SIM4
1
21
22
SIM5
SIM1
SIM2
SIM3
SIM4
1
21
22
SIM5
SIM1
SIM2
SIM3
SIM4
1
21
22
SIM5
SIM1
SIM2
SIM3
SIM4
1
21
22
SIM5
SIM1
SIM2
SIM3
SIM4
1
21
22
SIM5
SIM1
SIM2
SIM3
SIM4
1
21
22
SIM5
SIM1
SIM2
SIM3
SIM4
1
21
22
SIM5
SIM1
SIM2
SIM3
SIM4
1
21
22
SIM5
SIM1
SIM2
SIM3
SIM4
1
21
22
SIM5
SIM1
SIM2
SIM3
SIM4
1
21
22
SIM5
SIM1
SIM2
SIM3
SIM4
1
21
22
SIM5
SIM1
SIM2
SIM3
SIM4
1
21
22
SIM5
SIM1
SIM2
SIM3
SIM4
1
21
22
SIM5
SIM1
SIM2
DEBUG 1 394
SIM1
SIM2
SIM3
SIM4
1
21
22
SIM5
SIM1
SIM2
SIM3
SIM4
1
21
22
SIM5
SIM1
SIM2
SIM3
SIM4
1
21
22
SIM5
SIM1
SIM2
SIM3
SIM4
1
21
22
SIM5
SIM1
SIM2
SIM3
SIM4
1
21
22
SIM5
SIM1
SIM2
SIM3
SIM4
1
21
22
SIM5
SIM1
SIM2
SIM3
SIM4
1
21
22
SIM5
SIM1
SIM2
SIM3
SIM4
1
21
22
SIM5
SIM1
SIM2
SIM3
SIM4
1
21
22
SIM5
SIM1
SIM2
SIM3
SIM4
1
21
22
SIM5
SIM1
SIM2
SIM3
SIM4
1
21
22
SIM5
SIM1
SIM2
SIM3
SIM4
1
21
22
SIM5
SIM1
SIM2
SIM3
SIM4
1
21
22
SIM5
SIM1
SIM2
SIM3
SIM4
1
21
22
SIM5
SIM1
SIM2
SIM3
SIM4
1
21
22
SIM5
SIM1
SIM2
SIM3
SIM4
1
21
22
SIM5
SIM1
SIM2
SIM3
SIM4
1
21
22
SIM5
SIM1
SIM2
SIM3
SIM4
1
21
22
SIM5
SIM1
SIM2
SIM3
SIM4
1
21
22
SIM5
SIM1
SIM2
SIM3
SIM4
1
21
22
SIM5
SIM1
SIM2
SIM3
SIM4
1
21
22
SIM5
SIM1
SIM2
SIM3
SIM4
1
21
22
SIM5
SIM1
SIM2
SIM3
SIM4
1
21
22
SIM5
SIM1
SIM2
SIM3
SIM4
1
21
22
SIM5
SIM1
SIM2
SIM3
SIM4
1
21
22
SIM5
SIM1
SIM2
SIM3
SIM4
1
21
22
SIM5
SIM1
SIM2
SIM3
SIM4
1
21
22
SIM5
SIM1
SIM2
SIM3
SIM4
1
21
22
SIM5
SIM1
SIM2
SIM3
SIM4
1
21
22
SIM5
SIM1
SIM2
SIM3
SIM4
1
21
22
SIM5
SIM1
SIM2
SIM3
SIM4
1
21
22
SIM5
SIM1
SIM2
SIM3
SIM4
1
21
22
SIM5
SIM1
SIM2
SIM3
SIM4
1
21
22
SIM5
SIM1
SIM2
SIM3
SIM4
1
21
22
SIM5
SIM1
SIM2
SIM3
SIM4
1
21
22
SIM5
SIM1
SIM2
SIM3
SIM4
1
21
22
SIM5
SIM1
SIM2
SIM3
SIM4
1
21
22
SIM5
SIM1
SIM2
SIM3
SIM4
1
21
22
SIM5
SIM1
SIM2
SIM3
SIM4
1
21
22
SIM5
SIM1
SIM2
SIM3
SIM4
1
21
22
SIM5
SIM1
SIM2
SIM3
SIM4
1
21
22
SIM5
SIM1
SIM2
SIM3
SIM4
1
21
22
SIM5
SIM1
SIM2
SIM3
SIM4
1
21
22
SIM5
SIM1
SIM2
SIM3
SIM4
1
21
22
SIM5
SIM1
SIM2
SIM3
SIM4
1
21
22
SIM5
SIM1
SIM2
SIM3
SIM4
1
21
22
SIM5
SIM1
SIM2
SIM3
SIM4
1
21
22
SIM5
SIM1
SIM2
SIM3
SIM4
1
21
22
SIM5
SIM1
SIM2
SIM3
SIM4
1
21
22
SIM5
SIM1
SIM2
SIM3
SIM4
1
21
22
SIM5
SIM1
SIM2
SIM3
SIM4
1
21
22
SIM5
SIM1
SIM2
SIM3
SIM4
1
21
22
SIM5
SIM1
SIM2
SIM3
SIM4
1
21
22
SIM5
SIM1
SIM2
SIM3
SIM4
1
21
22
SIM5
SIM1
SIM2
SIM3
SIM4
1
21
22
SIM5
SIM1
SIM2
SIM3
SIM4
1
21
22
SIM5
SIM1
SIM2
SIM3
SIM4
1
21
22
SIM5
SIM1
SIM2
SIM3
SIM4
1
21
22
SIM5
SIM1
SIM2
SIM3
SIM4
1
21
22
SIM5
SIM1
SIM2
SIM3
SIM4
1
21
22
SIM5
SIM1
SIM2
SIM3
SIM4
1
21
22
SIM5
SIM1
SIM2
SIM3
SIM4
1
21
22
SIM5
SIM1
SIM2
SIM3
SIM4
1
21
22
SIM5
SIM1
SIM2
SIM3
SIM4
1
21
22
SIM5
SIM1
SIM2
SIM3
SIM4
1
21
22
SIM5
SIM1
SIM2
SIM3
SIM4
1
21
22
SIM5
SIM1
SIM2
SIM3
SIM4
1
21
22
SIM5
SIM1
SIM2
SIM3
SIM4
1
21
22
SIM5
SIM1
SIM2
SIM3
SIM4
1
21
22
SIM5
SIM1
SIM2
SIM3
SIM4
1
21
22
SIM5
SIM1
SIM2
SIM3
SIM4
1
21
22
SIM5
SIM1
SIM2
SIM3
SIM4
1
21
22
SIM5
SIM1
SIM2
SIM3
SIM4
1
21
22
SIM5
SIM1
SIM2
SIM3
SIM4
1
21
22
SIM5
SIM1
SIM2
SIM3
SIM4
1
21
22
SIM5
SIM1
SIM2
SIM3
SIM4
1
21
22
SIM5
SIM1
SIM2
SIM3
SIM4
1
21
22
SIM5
SIM1
SIM2
SIM3
SIM4
1
21
22
SIM5
SIM1
SIM2
SIM3
SIM4
1
21
22
SIM5
SIM1
SIM2
SIM3
SIM4
1
21
22
SIM5
SIM1
SIM2
SIM3
SIM4
1
21
22
SIM5
SIM1
SIM2
SIM3
SIM4
1
21
22
SIM5
SIM1
SIM2
SIM3
SIM4
1
21
22
SIM5
SIM1
SIM2
SIM3
SIM4
1
21
22
SIM5
SIM1
SIM2
SIM3
SIM4
1
21
22
SIM5
SIM1
SIM2
SIM3
SIM4
1
21
22
SIM5
SIM1
SIM2
SIM3
SIM4
1
21
22
SIM5
SIM1
SIM2
SIM3
SIM4
1
21
22
SIM5
SIM1
SIM2
SIM3
SIM4
1
21
22
SIM5
SIM1
SIM2
SIM3
SIM4
1
21
22
SIM5
SIM1
SIM2
SIM3
SIM4
1
21
22
SIM5
SIM1
SIM2
SIM3
SIM4
1
21
22
SIM5
SIM1
SIM2
SIM3
SIM4
1
21
22
SIM5
SIM1
SIM2
SIM3
SIM4
1
21
22
SIM5
SIM1
SIM2
SIM3
SIM4
1
21
22
SIM5
SIM1
SIM2
SIM3
SIM4
1
21
22
SIM5
SIM1
SIM2
SIM3
SIM4
1
21
22
SIM5
SIM1
SIM2
SIM3
SIM4
1
21
22
SIM5
SIM1
SIM2
SIM3
SIM4
1
21
22
SIM5
SIM1
SIM2
SIM3
SIM4
1
21
22
SIM5
SIM1
SIM2
SIM3
SIM4
1
21
22
SIM5
SIM1
SIM2
SIM3
SIM4
1
21
22
SIM5
SIM1
SIM2
SIM3
SIM4
1
21
22
SIM5
SIM1
SIM2
SIM3
SIM4
1
21
22
SIM5
SIM1
SIM2
SIM3
SIM4
1
21
22
SIM5
SIM1
SIM2
SIM3
SIM4
1
21
22
SIM5
SIM1
SIM2
SIM3
SIM4
1
21
22
SIM5
SIM1
SIM2
SIM3
SIM4
1
21
22
SIM5
SIM1
SIM2
SIM3
SIM4
1
21
22
SIM5
SIM1
SIM2
SIM3
SIM4
1
21
22
SIM5
SIM1
SIM2
SIM3
SIM4
1
21
22
SIM5
SIM1
SIM2
SIM3
SIM4
1
21
22
SIM5
SIM1
SIM2
SIM3
SIM4
1
21
22
SIM5
SIM1
SIM2
SIM3
SIM4
1
21
22
SIM5
SIM1
SIM2
SIM3
SIM4
1
21
22
SIM5
SIM1
SIM2
SIM3
SIM4
1
21
22
SIM5
SIM1
SIM2
SIM3
SIM4
1
21
22
SIM5
SIM1
SIM2
SIM3
SIM4
1
21
22
SIM5
SIM1
SIM2
SIM3
SIM4
1
21
22
SIM5
SIM1
SIM2
SIM3
SIM4
1
21
22
SIM5
SIM1
SIM2
SIM3
SIM4
1
21
22
SIM5
SIM1
SIM2
SIM3
SIM4
1
21
22
SIM5
SIM1
SIM2
SIM3
SIM4
1
21
22
SIM5
SIM1
SIM2
SIM3
SIM4
1
21
22
SIM5
SIM1
SIM2
SIM3
SIM4
1
21
22
SIM5
SIM1
SIM2
SIM3
SIM4
1
21
22
SIM5
SIM1
SIM2
SIM3
SIM4
1
21
22
SIM5
SIM1
SIM2
SIM3
SIM4
1
21
22
SIM5
SIM1
SIM2
SIM3
SIM4
1
21
22
SIM5
SIM1
SIM2
SIM3
SIM4
1
21
22
SIM5
SIM1
SIM2
SIM3
SIM4
1
21
22
SIM5
SIM1
SIM2
SIM3
SIM4
1
21
22
SIM5
SIM1
SIM2
SIM3
SIM4
1
21
22
SIM5
SIM1
SIM2
SIM3
SIM4
1
21
22
SIM5
SIM1
SIM2
SIM3
SIM4
1
21
22
SIM5
SIM1
SIM2
SIM3
SIM4
1
21
22
SIM5
SIM1
SIM2
SIM3
SIM4
1
21
22
SIM5
SIM1
SIM2
SIM3
SIM4
1
21
22
SIM5
SIM1
SIM2
SIM3
SIM4
1
21
22
SIM5
SIM1
SIM2
SIM3
SIM4
1
21
22
SIM5
SIM1
SIM2
SIM3
SIM4
1
21
22
SIM5
SIM1
SIM2
SIM3
SIM4
1
21
22
SIM5
SIM1
SIM2
SIM3
SIM4
1
21
22
SIM5
SIM1
SIM2
SIM3
SIM4
1
21
22
SIM5
SIM1
SIM2
SIM3
SIM4
1
21
22
SIM5
SIM1
SIM2
SIM3
SIM4
1
21
22
SIM5
SIM1
SIM2
SIM3
SIM4
1
21
22
SIM5
SIM1
SIM2
SIM3
SIM4
1
21
22
SIM5
SIM1
SIM2
SIM3
SIM4
1
21
22
SIM5
SIM1
SIM2
SIM3
SIM4
1
21
22
SIM5
SIM1
SIM2
SIM3
SIM4
1
21
22
SIM5
SIM1
SIM2
SIM3
SIM4
1
21
22
SIM5
SIM1
SIM2
SIM3
SIM4
1
21
22
SIM5
SIM1
SIM2
SIM3
SIM4
1
21
22
SIM5
SIM1
SIM2
SIM3
SIM4
1
21
22
SIM5
SIM1
SIM2
SIM3
SIM4
1
21
22
SIM5
SIM1
SIM2
SIM3
SIM4
1
21
22
SIM5
SIM1
SIM2
SIM3
SIM4
1
21
22
SIM5
SIM1
SIM2
SIM3
SIM4
1
21
22
SIM5
SIM1
SIM2
SIM3
SIM4
1
21
22
SIM5
SIM1
SIM2
SIM3
SIM4
1
21
22
SIM5
SIM1
SIM2
SIM3
SIM4
1
21
22
SIM5
SIM1
SIM2
SIM3
SIM4
1
21
22
SIM5
SIM1
SIM2
SIM3
SIM4
1
21
22
SIM5
SIM1
SIM2
SIM3
SIM4
1
21
22
SIM5
SIM1
SIM2
SIM3
SIM4
1
21
22
SIM5
SIM1
SIM2
SIM3
SIM4
1
21
22
SIM5
SIM1
SIM2
SIM3
SIM4
1
21
22
SIM5
SIM1
SIM2
SIM3
SIM4
1
21
22
SIM5
SIM1
SIM2
SIM3
SIM4
1
21
22
SIM5
SIM1
SIM2
SIM3
SIM4
1
21
22
SIM5
SIM1
SIM2
SIM3
SIM4
1
21
22
SIM5
SIM1
SIM2
SIM3
SIM4
1
21
22
SIM5
SIM1
SIM2
SIM3
SIM4
1
21
22
SIM5
SIM1
SIM2
SIM3
SIM4
1
21
22
SIM5
SIM1
SIM2
SIM3
SIM4
1
21
22
SIM5
SIM1
SIM2
SIM3
SIM4
1
21
22
SIM5
SIM1
SIM2
SIM3
SIM4
1
21
22
SIM5
SIM1
SIM2
SIM3
SIM4
1
21
22
SIM5
SIM1
SIM2
SIM3
SIM4
1
21
22
SIM5
SIM1
SIM2
SIM3
SIM4
1
21
22
SIM5
SIM1
SIM2
SIM3
SIM4
1
21
22
SIM5
SIM1
SIM2
SIM3
SIM4
1
21
22
SIM5
SIM1
SIM2
SIM3
SIM4
1
21
22
SIM5
SIM1
SIM2
SIM3
SIM4
1
21
22
SIM5
SIM1
SIM2
SIM3
SIM4
1
21
22
SIM5
SIM1
SIM2
SIM3
SIM4
1
21
22
SIM5
SIM1
SIM2
SIM3
SIM4
1
21
22
SIM5
SIM1
SIM2
SIM3
SIM4
1
21
22
SIM5
SIM1
SIM2
SIM3
SIM4
1
21
22
SIM5
SIM1
SIM2
SIM3
SIM4
1
21
22
SIM5
SIM1
SIM2
SIM3
SIM4
1
21
22
SIM5
SIM1
SIM2
SIM3
SIM4
1
21
22
SIM5
SIM1
SIM2
SIM3
SIM4
1
21
22
SIM5
SIM1
SIM2
SIM3
SIM4
1
21
22
SIM5
SIM1
SIM2
SIM3
SIM4
1
21
22
SIM5
SIM1
SIM2
SIM3
SIM4
1
21
22
SIM5
SIM1
SIM2
DEBUG 1 395
SIM1
SIM2
SIM3
SIM4
1
21
22
SIM5
SIM1
SIM2
SIM3
SIM4
1
21
22
SIM5
SIM1
SIM2
SIM3
SIM4
1
21
22
SIM5
SIM1
SIM2
SIM3
SIM4
1
21
22
SIM5
SIM1
SIM2
SIM3
SIM4
1
21
22
SIM5
SIM1
SIM2
SIM3
SIM4
1
21
22
SIM5
SIM1
SIM2
SIM3
SIM4
1
21
22
SIM5
SIM1
SIM2
SIM3
SIM4
1
21
22
SIM5
SIM1
SIM2
SIM3
SIM4
1
21
22
SIM5
SIM1
SIM2
SIM3
SIM4
1
21
22
SIM5
SIM1
SIM2
SIM3
SIM4
1
21
22
SIM5
SIM1
SIM2
SIM3
SIM4
1
21
22
SIM5
SIM1
SIM2
SIM3
SIM4
1
21
22
SIM5
SIM1
SIM2
SIM3
SIM4
1
21
22
SIM5
SIM1
SIM2
SIM3
SIM4
1
21
22
SIM5
SIM1
SIM2
SIM3
SIM4
1
21
22
SIM5
SIM1
SIM2
SIM3
SIM4
1
21
22
SIM5
SIM1
SIM2
SIM3
SIM4
1
21
22
SIM5
SIM1
SIM2
SIM3
SIM4
1
21
22
SIM5
SIM1
SIM2
SIM3
SIM4
1
21
22
SIM5
SIM1
SIM2
SIM3
SIM4
1
21
22
SIM5
SIM1
SIM2
SIM3
SIM4
1
21
22
SIM5
SIM1
SIM2
SIM3
SIM4
1
21
22
SIM5
SIM1
SIM2
SIM3
SIM4
1
21
22
SIM5
SIM1
SIM2
SIM3
SIM4
1
21
22
SIM5
SIM1
SIM2
SIM3
SIM4
1
21
22
SIM5
SIM1
SIM2
SIM3
SIM4
1
21
22
SIM5
SIM1
SIM2
SIM3
SIM4
1
21
22
SIM5
SIM1
SIM2
SIM3
SIM4
1
21
22
SIM5
SIM1
SIM2
SIM3
SIM4
1
21
22
SIM5
SIM1
SIM2
SIM3
SIM4
1
21
22
SIM5
SIM1
SIM2
SIM3
SIM4
1
21
22
SIM5
SIM1
SIM2
SIM3
SIM4
1
21
22
SIM5
SIM1
SIM2
SIM3
SIM4
1
21
22
SIM5
SIM1
SIM2
SIM3
SIM4
1
21
22
SIM5
SIM1
SIM2
SIM3
SIM4
1
21
22
SIM5
SIM1
SIM2
SIM3
SIM4
1
21
22
SIM5
SIM1
SIM2
SIM3
SIM4
1
21
22
SIM5
SIM1
SIM2
SIM3
SIM4
1
21
22
SIM5
SIM1
SIM2
SIM3
SIM4
1
21
22
SIM5
SIM1
SIM2
SIM3
SIM4
1
21
22
SIM5
SIM1
SIM2
SIM3
SIM4
1
21
22
SIM5
SIM1
SIM2
SIM3
SIM4
1
21
22
SIM5
SIM1
SIM2
SIM3
SIM4
1
21
22
SIM5
SIM1
SIM2
SIM3
SIM4
1
21
22
SIM5
SIM1
SIM2
SIM3
SIM4
1
21
22
SIM5
SIM1
SIM2
SIM3
SIM4
1
21
22
SIM5
SIM1
SIM2
SIM3
SIM4
1
21
22
SIM5
SIM1
SIM2
SIM3
SIM4
1
21
22
SIM5
SIM1
SIM2
SIM3
SIM4
1
21
22
SIM5
SIM1
SIM2
SIM3
SIM4
1
21
22
SIM5
SIM1
SIM2
SIM3
SIM4
1
21
22
SIM5
SIM1
SIM2
SIM3
SIM4
1
21
22
SIM5
SIM1
SIM2
SIM3
SIM4
1
21
22
SIM5
SIM1
SIM2
SIM3
SIM4
1
21
22
SIM5
SIM1
SIM2
SIM3
SIM4
1
21
22
SIM5
SIM1
SIM2
SIM3
SIM4
1
21
22
SIM5
SIM1
SIM2
SIM3
SIM4
1
21
22
SIM5
SIM1
SIM2
SIM3
SIM4
1
21
22
SIM5
SIM1
SIM2
SIM3
SIM4
1
21
22
SIM5
SIM1
SIM2
SIM3
SIM4
1
21
22
SIM5
SIM1
SIM2
SIM3
SIM4
1
21
22
SIM5
SIM1
SIM2
SIM3
SIM4
1
21
22
SIM5
SIM1
SIM2
SIM3
SIM4
1
21
22
SIM5
SIM1
SIM2
SIM3
SIM4
1
21
22
SIM5
SIM1
SIM2
SIM3
SIM4
1
21
22
SIM5
SIM1
SIM2
SIM3
SIM4
1
21
22
SIM5
SIM1
SIM2
SIM3
SIM4
1
21
22
SIM5
SIM1
SIM2
SIM3
SIM4
1
21
22
SIM5
SIM1
SIM2
SIM3
SIM4
1
21
22
SIM5
SIM1
SIM2
SIM3
SIM4
1
21
22
SIM5
SIM1
SIM2
SIM3
SIM4
1
21
22
SIM5
SIM1
SIM2
SIM3
SIM4
1
21
22
SIM5
SIM1
SIM2
SIM3
SIM4
1
21
22
SIM5
SIM1
SIM2
SIM3
SIM4
1
21
22
SIM5
SIM1
SIM2
SIM3
SIM4
1
21
22
SIM5
SIM1
SIM2
SIM3
SIM4
1
21
22
SIM5
SIM1
SIM2
SIM3
SIM4
1
21
22
SIM5
SIM1
SIM2
SIM3
SIM4
1
21
22
SIM5
SIM1
SIM2
SIM3
SIM4
1
21
22
SIM5
SIM1
SIM2
SIM3
SIM4
1
21
22
SIM5
SIM1
SIM2
SIM3
SIM4
1
21
22
SIM5
SIM1
SIM2
SIM3
SIM4
1
21
22
SIM5
SIM1
SIM2
SIM3
SIM4
1
21
22
SIM5
SIM1
SIM2
SIM3
SIM4
1
21
22
SIM5
SIM1
SIM2
SIM3
SIM4
1
21
22
SIM5
SIM1
SIM2
SIM3
SIM4
1
21
22
SIM5
SIM1
SIM2
SIM3
SIM4
1
21
22
SIM5
SIM1
SIM2
SIM3
SIM4
1
21
22
SIM5
SIM1
SIM2
SIM3
SIM4
1
21
22
SIM5
SIM1
SIM2
SIM3
SIM4
1
21
22
SIM5
SIM1
SIM2
SIM3
SIM4
1
21
22
SIM5
SIM1
SIM2
SIM3
SIM4
1
21
22
SIM5
SIM1
SIM2
SIM3
SIM4
1
21
22
SIM5
SIM1
SIM2
SIM3
SIM4
1
21
22
SIM5
SIM1
SIM2
SIM3
SIM4
1
21
22
SIM5
SIM1
SIM2
SIM3
SIM4
1
21
22
SIM5
SIM1
SIM2
SIM3
SIM4
1
21
22
SIM5
SIM1
SIM2
SIM3
SIM4
1
21
22
SIM5
SIM1
SIM2
SIM3
SIM4
1
21
22
SIM5
SIM1
SIM2
SIM3
SIM4
1
21
22
SIM5
SIM1
SIM2
SIM3
SIM4
1
21
22
SIM5
SIM1
SIM2
SIM3
SIM4
1
21
22
SIM5
SIM1
SIM2
SIM3
SIM4
1
21
22
SIM5
SIM1
SIM2
SIM3
SIM4
1
21
22
SIM5
SIM1
SIM2
SIM3
SIM4
1
21
22
SIM5
SIM1
SIM2
SIM3
SIM4
1
21
22
SIM5
SIM1
SIM2
SIM3
SIM4
1
21
22
SIM5
SIM1
SIM2
SIM3
SIM4
1
21
22
SIM5
SIM1
SIM2
SIM3
SIM4
1
21
22
SIM5
SIM1
SIM2
SIM3
SIM4
1
21
22
SIM5
SIM1
SIM2
SIM3
SIM4
1
21
22
SIM5
SIM1
SIM2
SIM3
SIM4
1
21
22
SIM5
SIM1
SIM2
SIM3
SIM4
1
21
22
SIM5
SIM1
SIM2
SIM3
SIM4
1
21
22
SIM5
SIM1
SIM2
SIM3
SIM4
1
21
22
SIM5
SIM1
SIM2
SIM3
SIM4
1
21
22
SIM5
SIM1
SIM2
SIM3
SIM4
1
21
22
SIM5
SIM1
SIM2
SIM3
SIM4
1
21
22
SIM5
SIM1
SIM2
SIM3
SIM4
1
21
22
SIM5
SIM1
SIM2
SIM3
SIM4
1
21
22
SIM5
SIM1
SIM2
SIM3
SIM4
1
21
22
SIM5
SIM1
SIM2
SIM3
SIM4
1
21
22
SIM5
SIM1
SIM2
SIM3
SIM4
1
21
22
SIM5
SIM1
SIM2
SIM3
SIM4
1
21
22
SIM5
SIM1
SIM2
SIM3
SIM4
1
21
22
SIM5
SIM1
SIM2
SIM3
SIM4
1
21
22
SIM5
SIM1
SIM2
SIM3
SIM4
1
21
22
SIM5
SIM1
SIM2
SIM3
SIM4
1
21
22
SIM5
SIM1
SIM2
SIM3
SIM4
1
21
22
SIM5
SIM1
SIM2
SIM3
SIM4
1
21
22
SIM5
SIM1
SIM2
SIM3
SIM4
1
21
22
SIM5
SIM1
SIM2
SIM3
SIM4
1
21
22
SIM5
SIM1
SIM2
SIM3
SIM4
1
21
22
SIM5
SIM1
SIM2
SIM3
SIM4
1
21
22
SIM5
SIM1
SIM2
SIM3
SIM4
1
21
22
SIM5
SIM1
SIM2
SIM3
SIM4
1
21
22
SIM5
SIM1
SIM2
SIM3
SIM4
1
21
22
SIM5
SIM1
SIM2
SIM3
SIM4
1
21
22
SIM5
SIM1
SIM2
SIM3
SIM4
1
21
22
SIM5
SIM1
SIM2
SIM3
SIM4
1
21
22
SIM5
SIM1
SIM2
SIM3
SIM4
1
21
22
SIM5
SIM1
SIM2
SIM3
SIM4
1
21
22
SIM5
SIM1
SIM2
SIM3
SIM4
1
21
22
SIM5
SIM1
SIM2
SIM3
SIM4
1
21
22
SIM5
SIM1
SIM2
SIM3
SIM4
1
21
22
SIM5
SIM1
SIM2
SIM3
SIM4
1
21
22
SIM5
SIM1
SIM2
SIM3
SIM4
1
21
22
SIM5
SIM1
SIM2
SIM3
SIM4
1
21
22
SIM5
SIM1
SIM2
SIM3
SIM4
1
21
22
SIM5
SIM1
SIM2
SIM3
SIM4
1
21
22
SIM5
SIM1
SIM2
SIM3
SIM4
1
21
22
SIM5
SIM1
SIM2
SIM3
SIM4
1
21
22
SIM5
SIM1
SIM2
SIM3
SIM4
1
21
22
SIM5
SIM1
SIM2
SIM3
SIM4
1
21
22
SIM5
SIM1
SIM2
SIM3
SIM4
1
21
22
SIM5
SIM1
SIM2
SIM3
SIM4
1
21
22
SIM5
SIM1
SIM2
SIM3
SIM4
1
21
22
SIM5
SIM1
SIM2
SIM3
SIM4
1
21
22
SIM5
SIM1
SIM2
SIM3
SIM4
1
21
22
SIM5
SIM1
SIM2
SIM3
SIM4
1
21
22
SIM5
SIM1
SIM2
SIM3
SIM4
1
21
22
SIM5
SIM1
SIM2
SIM3
SIM4
1
21
22
SIM5
SIM1
SIM2
SIM3
SIM4
1
21
22
SIM5
SIM1
SIM2
SIM3
SIM4
1
21
22
SIM5
SIM1
SIM2
SIM3
SIM4
1
21
22
SIM5
SIM1
SIM2
SIM3
SIM4
1
21
22
SIM5
SIM1
SIM2
SIM3
SIM4
1
21
22
SIM5
SIM1
SIM2
SIM3
SIM4
1
21
22
SIM5
SIM1
SIM2
SIM3
SIM4
1
21
22
SIM5
SIM1
SIM2
SIM3
SIM4
1
21
22
SIM5
SIM1
SIM2
SIM3
SIM4
1
21
22
SIM5
SIM1
SIM2
SIM3
SIM4
1
21
22
SIM5
SIM1
SIM2
SIM3
SIM4
1
21
22
SIM5
SIM1
SIM2
SIM3
SIM4
1
21
22
SIM5
SIM1
SIM2
SIM3
SIM4
1
21
22
SIM5
SIM1
SIM2
SIM3
SIM4
1
21
22
SIM5
SIM1
SIM2
SIM3
SIM4
1
21
22
SIM5
SIM1
SIM2
SIM3
SIM4
1
21
22
SIM5
SIM1
SIM2
SIM3
SIM4
1
21
22
SIM5
SIM1
SIM2
SIM3
SIM4
1
21
22
SIM5
SIM1
SIM2
SIM3
SIM4
1
21
22
SIM5
SIM1
SIM2
SIM3
SIM4
1
21
22
SIM5
SIM1
SIM2
SIM3
SIM4
1
21
22
SIM5
SIM1
SIM2
SIM3
SIM4
1
21
22
SIM5
SIM1
SIM2
SIM3
SIM4
1
21
22
SIM5
SIM1
SIM2
SIM3
SIM4
1
21
22
SIM5
SIM1
SIM2
SIM3
SIM4
1
21
22
SIM5
SIM1
SIM2
SIM3
SIM4
1
21
22
SIM5
SIM1
SIM2
SIM3
SIM4
1
21
22
SIM5
SIM1
SIM2
SIM3
SIM4
1
21
22
SIM5
SIM1
SIM2
SIM3
SIM4
1
21
22
SIM5
SIM1
SIM2
SIM3
SIM4
1
21
22
SIM5
SIM1
SIM2
SIM3
SIM4
1
21
22
SIM5
SIM1
SIM2
SIM3
SIM4
1
21
22
SIM5
SIM1
SIM2
SIM3
SIM4
1
21
22
SIM5
SIM1
SIM2
SIM3
SIM4
1
21
22
SIM5
SIM1
SIM2
SIM3
SIM4
1
21
22
SIM5
SIM1
SIM2
SIM3
SIM4
1
21
22
SIM5
SIM1
SIM2
SIM3
SIM4
1
21
22
SIM5
SIM1
SIM2
SIM3
SIM4
1
21
22
SIM5
SIM1
SIM2
SIM3
SIM4
1
21
22
SIM5
SIM1
SIM2
SIM3
SIM4
1
21
22
SIM5
SIM1
SIM2
DEBUG 1 396
SIM1
SIM2
SIM3
SIM4
1
21
22
SIM5
SIM1
SIM2
SIM3
SIM4
1
21
22
SIM5
SIM1
SIM2
SIM3
SIM4
1
21
22
SIM5
SIM1
SIM2
SIM3
SIM4
1
21
22
SIM5
SIM1
SIM2
SIM3
SIM4
1
21
22
SIM5
SIM1
SIM2
SIM3
SIM4
1
21
22
SIM5
SIM1
SIM2
SIM3
SIM4
1
21
22
SIM5
SIM1
SIM2
SIM3
SIM4
1
21
22
SIM5
SIM1
SIM2
SIM3
SIM4
1
21
22
SIM5
SIM1
SIM2
SIM3
SIM4
1
21
22
SIM5
SIM1
SIM2
SIM3
SIM4
1
21
22
SIM5
SIM1
SIM2
SIM3
SIM4
1
21
22
SIM5
SIM1
SIM2
SIM3
SIM4
1
21
22
SIM5
SIM1
SIM2
SIM3
SIM4
1
21
22
SIM5
SIM1
SIM2
SIM3
SIM4
1
21
22
SIM5
SIM1
SIM2
SIM3
SIM4
1
21
22
SIM5
SIM1
SIM2
SIM3
SIM4
1
21
22
SIM5
SIM1
SIM2
SIM3
SIM4
1
21
22
SIM5
SIM1
SIM2
SIM3
SIM4
1
21
22
SIM5
SIM1
SIM2
SIM3
SIM4
1
21
22
SIM5
SIM1
SIM2
SIM3
SIM4
1
21
22
SIM5
SIM1
SIM2
SIM3
SIM4
1
21
22
SIM5
SIM1
SIM2
SIM3
SIM4
1
21
22
SIM5
SIM1
SIM2
SIM3
SIM4
1
21
22
SIM5
SIM1
SIM2
SIM3
SIM4
1
21
22
SIM5
SIM1
SIM2
SIM3
SIM4
1
21
22
SIM5
SIM1
SIM2
SIM3
SIM4
1
21
22
SIM5
SIM1
SIM2
SIM3
SIM4
1
21
22
SIM5
SIM1
SIM2
SIM3
SIM4
1
21
22
SIM5
SIM1
SIM2
SIM3
SIM4
1
21
22
SIM5
SIM1
SIM2
SIM3
SIM4
1
21
22
SIM5
SIM1
SIM2
SIM3
SIM4
1
21
22
SIM5
SIM1
SIM2
SIM3
SIM4
1
21
22
SIM5
SIM1
SIM2
SIM3
SIM4
1
21
22
SIM5
SIM1
SIM2
SIM3
SIM4
1
21
22
SIM5
SIM1
SIM2
SIM3
SIM4
1
21
22
SIM5
SIM1
SIM2
SIM3
SIM4
1
21
22
SIM5
SIM1
SIM2
SIM3
SIM4
1
21
22
SIM5
SIM1
SIM2
SIM3
SIM4
1
21
22
SIM5
SIM1
SIM2
SIM3
SIM4
1
21
22
SIM5
SIM1
SIM2
SIM3
SIM4
1
21
22
SIM5
SIM1
SIM2
SIM3
SIM4
1
21
22
SIM5
SIM1
SIM2
SIM3
SIM4
1
21
22
SIM5
SIM1
SIM2
SIM3
SIM4
1
21
22
SIM5
SIM1
SIM2
SIM3
SIM4
1
21
22
SIM5
SIM1
SIM2
SIM3
SIM4
1
21
22
SIM5
SIM1
SIM2
SIM3
SIM4
1
21
22
SIM5
SIM1
SIM2
SIM3
SIM4
1
21
22
SIM5
SIM1
SIM2
SIM3
SIM4
1
21
22
SIM5
SIM1
SIM2
SIM3
SIM4
1
21
22
SIM5
SIM1
SIM2
SIM3
SIM4
1
21
22
SIM5
SIM1
SIM2
SIM3
SIM4
1
21
22
SIM5
SIM1
SIM2
SIM3
SIM4
1
21
22
SIM5
SIM1
SIM2
SIM3
SIM4
1
21
22
SIM5
SIM1
SIM2
SIM3
SIM4
1
21
22
SIM5
SIM1
SIM2
SIM3
SIM4
1
21
22
SIM5
SIM1
SIM2
SIM3
SIM4
1
21
22
SIM5
SIM1
SIM2
SIM3
SIM4
1
21
22
SIM5
SIM1
SIM2
SIM3
SIM4
1
21
22
SIM5
SIM1
SIM2
SIM3
SIM4
1
21
22
SIM5
SIM1
SIM2
SIM3
SIM4
1
21
22
SIM5
SIM1
SIM2
SIM3
SIM4
1
21
22
SIM5
SIM1
SIM2
SIM3
SIM4
1
21
22
SIM5
SIM1
SIM2
SIM3
SIM4
1
21
22
SIM5
SIM1
SIM2
SIM3
SIM4
1
21
22
SIM5
SIM1
SIM2
SIM3
SIM4
1
21
22
SIM5
SIM1
SIM2
SIM3
SIM4
1
21
22
SIM5
SIM1
SIM2
SIM3
SIM4
1
21
22
SIM5
SIM1
SIM2
SIM3
SIM4
1
21
22
SIM5
SIM1
SIM2
SIM3
SIM4
1
21
22
SIM5
SIM1
SIM2
SIM3
SIM4
1
21
22
SIM5
SIM1
SIM2
SIM3
SIM4
1
21
22
SIM5
SIM1
SIM2
SIM3
SIM4
1
21
22
SIM5
SIM1
SIM2
SIM3
SIM4
1
21
22
SIM5
SIM1
SIM2
SIM3
SIM4
1
21
22
SIM5
SIM1
SIM2
SIM3
SIM4
1
21
22
SIM5
SIM1
SIM2
SIM3
SIM4
1
21
22
SIM5
SIM1
SIM2
SIM3
SIM4
1
21
22
SIM5
SIM1
SIM2
SIM3
SIM4
1
21
22
SIM5
SIM1
SIM2
SIM3
SIM4
1
21
22
SIM5
SIM1
SIM2
SIM3
SIM4
1
21
22
SIM5
SIM1
SIM2
SIM3
SIM4
1
21
22
SIM5
SIM1
SIM2
SIM3
SIM4
1
21
22
SIM5
SIM1
SIM2
SIM3
SIM4
1
21
22
SIM5
SIM1
SIM2
SIM3
SIM4
1
21
22
SIM5
SIM1
SIM2
SIM3
SIM4
1
21
22
SIM5
SIM1
SIM2
SIM3
SIM4
1
21
22
SIM5
SIM1
SIM2
SIM3
SIM4
1
21
22
SIM5
SIM1
SIM2
SIM3
SIM4
1
21
22
SIM5
SIM1
SIM2
SIM3
SIM4
1
21
22
SIM5
SIM1
SIM2
SIM3
SIM4
1
21
22
SIM5
SIM1
SIM2
SIM3
SIM4
1
21
22
SIM5
SIM1
SIM2
SIM3
SIM4
1
21
22
SIM5
SIM1
SIM2
SIM3
SIM4
1
21
22
SIM5
SIM1
SIM2
SIM3
SIM4
1
21
22
SIM5
SIM1
SIM2
SIM3
SIM4
1
21
22
SIM5
SIM1
SIM2
SIM3
SIM4
1
21
22
SIM5
SIM1
SIM2
SIM3
SIM4
1
21
22
SIM5
SIM1
SIM2
SIM3
SIM4
1
21
22
SIM5
SIM1
SIM2
SIM3
SIM4
1
21
22
SIM5
SIM1
SIM2
SIM3
SIM4
1
21
22
SIM5
SIM1
SIM2
SIM3
SIM4
1
21
22
SIM5
SIM1
SIM2
SIM3
SIM4
1
21
22
SIM5
SIM1
SIM2
SIM3
SIM4
1
21
22
SIM5
SIM1
SIM2
SIM3
SIM4
1
21
22
SIM5
SIM1
SIM2
SIM3
SIM4
1
21
22
SIM5
SIM1
SIM2
SIM3
SIM4
1
21
22
SIM5
SIM1
SIM2
SIM3
SIM4
1
21
22
SIM5
SIM1
SIM2
SIM3
SIM4
1
21
22
SIM5
SIM1
SIM2
SIM3
SIM4
1
21
22
SIM5
SIM1
SIM2
SIM3
SIM4
1
21
22
SIM5
SIM1
SIM2
SIM3
SIM4
1
21
22
SIM5
SIM1
SIM2
SIM3
SIM4
1
21
22
SIM5
SIM1
SIM2
SIM3
SIM4
1
21
22
SIM5
SIM1
SIM2
SIM3
SIM4
1
21
22
SIM5
SIM1
SIM2
SIM3
SIM4
1
21
22
SIM5
SIM1
SIM2
SIM3
SIM4
1
21
22
SIM5
SIM1
SIM2
DEBUG 1 397
SIM1
SIM2
SIM3
SIM4
1
21
22
SIM5
SIM1
SIM2
SIM3
SIM4
1
21
22
SIM5
SIM1
SIM2
SIM3
SIM4
1
21
22
SIM5
SIM1
SIM2
SIM3
SIM4
1
21
22
SIM5
SIM1
SIM2
SIM3
SIM4
1
21
22
SIM5
SIM1
SIM2
SIM3
SIM4
1
21
22
SIM5
SIM1
SIM2
SIM3
SIM4
1
21
22
SIM5
SIM1
SIM2
SIM3
SIM4
1
21
22
SIM5
SIM1
SIM2
SIM3
SIM4
1
21
22
SIM5
SIM1
SIM2
SIM3
SIM4
1
21
22
SIM5
SIM1
SIM2
SIM3
SIM4
1
21
22
SIM5
SIM1
SIM2
SIM3
SIM4
1
21
22
SIM5
SIM1
SIM2
SIM3
SIM4
1
21
22
SIM5
SIM1
SIM2
SIM3
SIM4
1
21
22
SIM5
SIM1
SIM2
SIM3
SIM4
1
21
22
SIM5
SIM1
SIM2
SIM3
SIM4
1
21
22
SIM5
SIM1
SIM2
SIM3
SIM4
1
21
22
SIM5
SIM1
SIM2
SIM3
SIM4
1
21
22
SIM5
SIM1
SIM2
SIM3
SIM4
1
21
22
SIM5
SIM1
SIM2
SIM3
SIM4
1
21
22
SIM5
SIM1
SIM2
SIM3
SIM4
1
21
22
SIM5
SIM1
SIM2
SIM3
SIM4
1
21
22
SIM5
SIM1
SIM2
SIM3
SIM4
1
21
22
SIM5
SIM1
SIM2
SIM3
SIM4
1
21
22
SIM5
SIM1
SIM2
SIM3
SIM4
1
21
22
SIM5
SIM1
SIM2
SIM3
SIM4
1
21
22
SIM5
SIM1
SIM2
SIM3
SIM4
1
21
22
SIM5
SIM1
SIM2
SIM3
SIM4
1
21
22
SIM5
SIM1
SIM2
SIM3
SIM4
1
21
22
SIM5
SIM1
SIM2
SIM3
SIM4
1
21
22
SIM5
SIM1
SIM2
SIM3
SIM4
1
21
22
SIM5
SIM1
SIM2
SIM3
SIM4
1
21
22
SIM5
SIM1
SIM2
SIM3
SIM4
1
21
22
SIM5
SIM1
SIM2
SIM3
SIM4
1
21
22
SIM5
SIM1
SIM2
SIM3
SIM4
1
21
22
SIM5
SIM1
SIM2
SIM3
SIM4
1
21
22
SIM5
SIM1
SIM2
SIM3
SIM4
1
21
22
SIM5
SIM1
SIM2
SIM3
SIM4
1
21
22
SIM5
SIM1
SIM2
SIM3
SIM4
1
21
22
SIM5
SIM1
SIM2
SIM3
SIM4
1
21
22
SIM5
SIM1
SIM2
SIM3
SIM4
1
21
22
SIM5
SIM1
SIM2
SIM3
SIM4
1
21
22
SIM5
SIM1
SIM2
SIM3
SIM4
1
21
22
SIM5
SIM1
SIM2
SIM3
SIM4
1
21
22
SIM5
SIM1
SIM2
SIM3
SIM4
1
21
22
SIM5
SIM1
SIM2
SIM3
SIM4
1
21
22
SIM5
SIM1
SIM2
SIM3
SIM4
1
21
22
SIM5
SIM1
SIM2
SIM3
SIM4
1
21
22
SIM5
SIM1
SIM2
SIM3
SIM4
1
21
22
SIM5
SIM1
SIM2
SIM3
SIM4
1
21
22
SIM5
SIM1
SIM2
SIM3
SIM4
1
21
22
SIM5
SIM1
SIM2
SIM3
SIM4
1
21
22
SIM5
SIM1
SIM2
SIM3
SIM4
1
21
22
SIM5
SIM1
SIM2
SIM3
SIM4
1
21
22
SIM5
SIM1
SIM2
SIM3
SIM4
1
21
22
SIM5
SIM1
SIM2
SIM3
SIM4
1
21
22
SIM5
SIM1
SIM2
SIM3
SIM4
1
21
22
SIM5
SIM1
SIM2
SIM3
SIM4
1
21
22
SIM5
SIM1
SIM2
SIM3
SIM4
1
21
22
SIM5
SIM1
SIM2
SIM3
SIM4
1
21
22
SIM5
SIM1
SIM2
SIM3
SIM4
1
21
22
SIM5
SIM1
SIM2
SIM3
SIM4
1
21
22
SIM5
SIM1
SIM2
SIM3
SIM4
1
21
22
SIM5
SIM1
SIM2
SIM3
SIM4
1
21
22
SIM5
SIM1
SIM2
SIM3
SIM4
1
21
22
SIM5
SIM1
SIM2
SIM3
SIM4
1
21
22
SIM5
SIM1
SIM2
SIM3
SIM4
1
21
22
SIM5
SIM1
SIM2
SIM3
SIM4
1
21
22
SIM5
SIM1
SIM2
SIM3
SIM4
1
21
22
SIM5
SIM1
SIM2
SIM3
SIM4
1
21
22
SIM5
SIM1
SIM2
SIM3
SIM4
1
21
22
SIM5
SIM1
SIM2
SIM3
SIM4
1
21
22
SIM5
SIM1
SIM2
SIM3
SIM4
1
21
22
SIM5
SIM1
SIM2
SIM3
SIM4
1
21
22
SIM5
SIM1
SIM2
SIM3
SIM4
1
21
22
SIM5
SIM1
SIM2
SIM3
SIM4
1
21
22
SIM5
SIM1
SIM2
SIM3
SIM4
1
21
22
SIM5
SIM1
SIM2
SIM3
SIM4
1
21
22
SIM5
SIM1
SIM2
SIM3
SIM4
1
21
22
SIM5
SIM1
SIM2
SIM3
SIM4
1
21
22
SIM5
SIM1
SIM2
SIM3
SIM4
1
21
22
SIM5
SIM1
SIM2
SIM3
SIM4
1
21
22
SIM5
SIM1
SIM2
SIM3
SIM4
1
21
22
SIM5
SIM1
SIM2
SIM3
SIM4
1
21
22
SIM5
SIM1
SIM2
SIM3
SIM4
1
21
22
SIM5
SIM1
SIM2
SIM3
SIM4
1
21
22
SIM5
SIM1
SIM2
SIM3
SIM4
1
21
22
SIM5
SIM1
SIM2
SIM3
SIM4
1
21
22
SIM5
SIM1
SIM2
SIM3
SIM4
1
21
22
SIM5
SIM1
SIM2
SIM3
SIM4
1
21
22
SIM5
SIM1
SIM2
SIM3
SIM4
1
21
22
SIM5
SIM1
SIM2
SIM3
SIM4
1
21
22
SIM5
SIM1
SIM2
SIM3
SIM4
1
21
22
SIM5
SIM1
SIM2
SIM3
SIM4
1
21
22
SIM5
SIM1
SIM2
SIM3
SIM4
1
21
22
SIM5
SIM1
SIM2
SIM3
SIM4
1
21
22
SIM5
SIM1
SIM2
SIM3
SIM4
1
21
22
SIM5
SIM1
SIM2
SIM3
SIM4
1
21
22
SIM5
SIM1
SIM2
SIM3
SIM4
1
21
22
SIM5
SIM1
SIM2
SIM3
SIM4
1
21
22
SIM5
SIM1
SIM2
SIM3
SIM4
1
21
22
SIM5
SIM1
SIM2
SIM3
SIM4
1
21
22
SIM5
SIM1
SIM2
SIM3
SIM4
1
21
22
SIM5
SIM1
SIM2
SIM3
SIM4
1
21
22
SIM5
SIM1
SIM2
SIM3
SIM4
1
21
22
SIM5
SIM1
SIM2
SIM3
SIM4
1
21
22
SIM5
SIM1
SIM2
SIM3
SIM4
1
21
22
SIM5
SIM1
SIM2
SIM3
SIM4
1
21
22
SIM5
SIM1
SIM2
SIM3
SIM4
1
21
22
SIM5
SIM1
SIM2
SIM3
SIM4
1
21
22
SIM5
SIM1
SIM2
SIM3
SIM4
1
21
22
SIM5
SIM1
SIM2
SIM3
SIM4
1
21
22
SIM5
SIM1
SIM2
SIM3
SIM4
1
21
22
SIM5
SIM1
SIM2
SIM3
SIM4
1
21
22
SIM5
SIM1
SIM2
SIM3
SIM4
1
21
22
SIM5
SIM1
SIM2
SIM3
SIM4
1
21
22
SIM5
SIM1
SIM2
SIM3
SIM4
1
21
22
SIM5
SIM1
SIM2
SIM3
SIM4
1
21
22
SIM5
SIM1
SIM2
SIM3
SIM4
1
21
22
SIM5
SIM1
SIM2
SIM3
SIM4
1
21
22
SIM5
SIM1
SIM2
SIM3
SIM4
1
21
22
SIM5
SIM1
SIM2
SIM3
SIM4
1
21
22
SIM5
SIM1
SIM2
SIM3
SIM4
1
21
22
SIM5
SIM1
SIM2
SIM3
SIM4
1
21
22
SIM5
SIM1
SIM2
SIM3
SIM4
1
21
22
SIM5
SIM1
SIM2
SIM3
SIM4
1
21
22
SIM5
SIM1
SIM2
SIM3
SIM4
1
21
22
SIM5
SIM1
SIM2
SIM3
SIM4
1
21
22
SIM5
SIM1
SIM2
SIM3
SIM4
1
21
22
SIM5
SIM1
SIM2
SIM3
SIM4
1
21
22
SIM5
SIM1
SIM2
SIM3
SIM4
1
21
22
SIM5
SIM1
SIM2
SIM3
SIM4
1
21
22
SIM5
SIM1
SIM2
SIM3
SIM4
1
21
22
SIM5
SIM1
SIM2
SIM3
SIM4
1
21
22
SIM5
SIM1
SIM2
SIM3
SIM4
1
21
22
SIM5
SIM1
SIM2
SIM3
SIM4
1
21
22
SIM5
SIM1
SIM2
SIM3
SIM4
1
21
22
SIM5
SIM1
SIM2
SIM3
SIM4
1
21
22
SIM5
SIM1
SIM2
SIM3
SIM4
1
21
22
SIM5
SIM1
SIM2
SIM3
SIM4
1
21
22
SIM5
SIM1
SIM2
SIM3
SIM4
1
21
22
SIM5
SIM1
SIM2
SIM3
SIM4
1
21
22
SIM5
SIM1
SIM2
SIM3
SIM4
1
21
22
SIM5
SIM1
SIM2
SIM3
SIM4
1
21
22
SIM5
SIM1
SIM2
SIM3
SIM4
1
21
22
SIM5
SIM1
SIM2
SIM3
SIM4
1
21
22
SIM5
SIM1
SIM2
SIM3
SIM4
1
21
22
SIM5
SIM1
SIM2
SIM3
SIM4
1
21
22
SIM5
SIM1
SIM2
SIM3
SIM4
1
21
22
SIM5
SIM1
SIM2
SIM3
SIM4
1
21
22
SIM5
SIM1
SIM2
SIM3
SIM4
1
21
22
SIM5
SIM1
SIM2
SIM3
SIM4
1
21
22
SIM5
SIM1
SIM2
SIM3
SIM4
1
21
22
SIM5
SIM1
SIM2
SIM3
SIM4
1
21
22
SIM5
SIM1
SIM2
SIM3
SIM4
1
21
22
SIM5
SIM1
SIM2
SIM3
SIM4
1
21
22
SIM5
SIM1
SIM2
SIM3
SIM4
1
21
22
SIM5
SIM1
SIM2
SIM3
SIM4
1
21
22
SIM5
SIM1
SIM2
SIM3
SIM4
1
21
22
SIM5
SIM1
SIM2
SIM3
SIM4
1
21
22
SIM5
SIM1
SIM2
SIM3
SIM4
1
21
22
SIM5
SIM1
SIM2
DEBUG 1 398
SIM1
SIM2
SIM3
SIM4
1
21
22
SIM5
SIM1
SIM2
SIM3
SIM4
1
21
22
SIM5
SIM1
SIM2
SIM3
SIM4
1
21
22
SIM5
SIM1
SIM2
SIM3
SIM4
1
21
22
SIM5
SIM1
SIM2
SIM3
SIM4
1
21
22
SIM5
SIM1
SIM2
SIM3
SIM4
1
21
22
SIM5
SIM1
SIM2
SIM3
SIM4
1
21
22
SIM5
SIM1
SIM2
SIM3
SIM4
1
21
22
SIM5
SIM1
SIM2
SIM3
SIM4
1
21
22
SIM5
SIM1
SIM2
SIM3
SIM4
1
21
22
SIM5
SIM1
SIM2
SIM3
SIM4
1
21
22
SIM5
SIM1
SIM2
SIM3
SIM4
1
21
22
SIM5
SIM1
SIM2
SIM3
SIM4
1
21
22
SIM5
SIM1
SIM2
SIM3
SIM4
1
21
22
SIM5
SIM1
SIM2
SIM3
SIM4
1
21
22
SIM5
SIM1
SIM2
SIM3
SIM4
1
21
22
SIM5
SIM1
SIM2
SIM3
SIM4
1
21
22
SIM5
SIM1
SIM2
SIM3
SIM4
1
21
22
SIM5
SIM1
SIM2
SIM3
SIM4
1
21
22
SIM5
SIM1
SIM2
SIM3
SIM4
1
21
22
SIM5
SIM1
SIM2
SIM3
SIM4
1
21
22
SIM5
SIM1
SIM2
SIM3
SIM4
1
21
22
SIM5
SIM1
SIM2
SIM3
SIM4
1
21
22
SIM5
SIM1
SIM2
SIM3
SIM4
1
21
22
SIM5
SIM1
SIM2
SIM3
SIM4
1
21
22
SIM5
SIM1
SIM2
SIM3
SIM4
1
21
22
SIM5
SIM1
SIM2
SIM3
SIM4
1
21
22
SIM5
SIM1
SIM2
SIM3
SIM4
1
21
22
SIM5
SIM1
SIM2
SIM3
SIM4
1
21
22
SIM5
SIM1
SIM2
SIM3
SIM4
1
21
22
SIM5
SIM1
SIM2
SIM3
SIM4
1
21
22
SIM5
SIM1
SIM2
SIM3
SIM4
1
21
22
SIM5
SIM1
SIM2
SIM3
SIM4
1
21
22
SIM5
SIM1
SIM2
SIM3
SIM4
1
21
22
SIM5
SIM1
SIM2
SIM3
SIM4
1
21
22
SIM5
SIM1
SIM2
SIM3
SIM4
1
21
22
SIM5
SIM1
SIM2
SIM3
SIM4
1
21
22
SIM5
SIM1
SIM2
SIM3
SIM4
1
21
22
SIM5
SIM1
SIM2
SIM3
SIM4
1
21
22
SIM5
SIM1
SIM2
SIM3
SIM4
1
21
22
SIM5
SIM1
SIM2
SIM3
SIM4
1
21
22
SIM5
SIM1
SIM2
SIM3
SIM4
1
21
22
SIM5
SIM1
SIM2
SIM3
SIM4
1
21
22
SIM5
SIM1
SIM2
SIM3
SIM4
1
21
22
SIM5
SIM1
SIM2
SIM3
SIM4
1
21
22
SIM5
SIM1
SIM2
SIM3
SIM4
1
21
22
SIM5
SIM1
SIM2
SIM3
SIM4
1
21
22
SIM5
SIM1
SIM2
SIM3
SIM4
1
21
22
SIM5
SIM1
SIM2
SIM3
SIM4
1
21
22
SIM5
SIM1
SIM2
SIM3
SIM4
1
21
22
SIM5
SIM1
SIM2
SIM3
SIM4
1
21
22
SIM5
SIM1
SIM2
SIM3
SIM4
1
21
22
SIM5
SIM1
SIM2
SIM3
SIM4
1
21
22
SIM5
SIM1
SIM2
SIM3
SIM4
1
21
22
SIM5
SIM1
SIM2
SIM3
SIM4
1
21
22
SIM5
SIM1
SIM2
SIM3
SIM4
1
21
22
SIM5
SIM1
SIM2
SIM3
SIM4
1
21
22
SIM5
SIM1
SIM2
SIM3
SIM4
1
21
22
SIM5
SIM1
SIM2
SIM3
SIM4
1
21
22
SIM5
SIM1
SIM2
SIM3
SIM4
1
21
22
SIM5
SIM1
SIM2
SIM3
SIM4
1
21
22
SIM5
SIM1
SIM2
SIM3
SIM4
1
21
22
SIM5
SIM1
SIM2
SIM3
SIM4
1
21
22
SIM5
SIM1
SIM2
SIM3
SIM4
1
21
22
SIM5
SIM1
SIM2
SIM3
SIM4
1
21
22
SIM5
SIM1
SIM2
SIM3
SIM4
1
21
22
SIM5
SIM1
SIM2
SIM3
SIM4
1
21
22
SIM5
SIM1
SIM2
SIM3
SIM4
1
21
22
SIM5
SIM1
SIM2
SIM3
SIM4
1
21
22
SIM5
SIM1
SIM2
SIM3
SIM4
1
21
22
SIM5
SIM1
SIM2
SIM3
SIM4
1
21
22
SIM5
SIM1
SIM2
SIM3
SIM4
1
21
22
SIM5
SIM1
SIM2
SIM3
SIM4
1
21
22
SIM5
SIM1
SIM2
SIM3
SIM4
1
21
22
SIM5
SIM1
SIM2
SIM3
SIM4
1
21
22
SIM5
SIM1
SIM2
SIM3
SIM4
1
21
22
SIM5
SIM1
SIM2
SIM3
SIM4
1
21
22
SIM5
SIM1
SIM2
SIM3
SIM4
1
21
22
SIM5
SIM1
SIM2
SIM3
SIM4
1
21
22
SIM5
SIM1
SIM2
SIM3
SIM4
1
21
22
SIM5
SIM1
SIM2
SIM3
SIM4
1
21
22
SIM5
SIM1
SIM2
SIM3
SIM4
1
21
22
SIM5
SIM1
SIM2
SIM3
SIM4
1
21
22
SIM5
SIM1
SIM2
SIM3
SIM4
1
21
22
SIM5
SIM1
SIM2
SIM3
SIM4
1
21
22
SIM5
SIM1
SIM2
SIM3
SIM4
1
21
22
SIM5
SIM1
SIM2
SIM3
SIM4
1
21
22
SIM5
SIM1
SIM2
SIM3
SIM4
1
21
22
SIM5
SIM1
SIM2
SIM3
SIM4
1
21
22
SIM5
SIM1
SIM2
SIM3
SIM4
1
21
22
SIM5
SIM1
SIM2
SIM3
SIM4
1
21
22
SIM5
SIM1
SIM2
SIM3
SIM4
1
21
22
SIM5
SIM1
SIM2
SIM3
SIM4
1
21
22
SIM5
SIM1
SIM2
SIM3
SIM4
1
21
22
SIM5
SIM1
SIM2
SIM3
SIM4
1
21
22
SIM5
SIM1
SIM2
SIM3
SIM4
1
21
22
SIM5
SIM1
SIM2
SIM3
SIM4
1
21
22
SIM5
SIM1
SIM2
SIM3
SIM4
1
21
22
SIM5
SIM1
SIM2
SIM3
SIM4
1
21
22
SIM5
SIM1
SIM2
SIM3
SIM4
1
21
22
SIM5
SIM1
SIM2
SIM3
SIM4
1
21
22
SIM5
SIM1
SIM2
SIM3
SIM4
1
21
22
SIM5
SIM1
SIM2
SIM3
SIM4
1
21
22
SIM5
SIM1
SIM2
SIM3
SIM4
1
21
22
SIM5
SIM1
SIM2
SIM3
SIM4
1
21
22
SIM5
SIM1
SIM2
SIM3
SIM4
1
21
22
SIM5
SIM1
SIM2
SIM3
SIM4
1
21
22
SIM5
SIM1
SIM2
SIM3
SIM4
1
21
22
SIM5
SIM1
SIM2
SIM3
SIM4
1
21
22
SIM5
SIM1
SIM2
SIM3
SIM4
1
21
22
SIM5
SIM1
SIM2
SIM3
SIM4
1
21
22
SIM5
SIM1
SIM2
SIM3
SIM4
1
21
22
SIM5
SIM1
SIM2
SIM3
SIM4
1
21
22
SIM5
SIM1
SIM2
SIM3
SIM4
1
21
22
SIM5
SIM1
SIM2
SIM3
SIM4
1
21
22
SIM5
SIM1
SIM2
SIM3
SIM4
1
21
22
SIM5
SIM1
SIM2
SIM3
SIM4
1
21
22
SIM5
SIM1
SIM2
SIM3
SIM4
1
21
22
SIM5
SIM1
SIM2
SIM3
SIM4
1
21
22
SIM5
SIM1
SIM2
SIM3
SIM4
1
21
22
SIM5
SIM1
SIM2
SIM3
SIM4
1
21
22
SIM5
SIM1
SIM2
SIM3
SIM4
1
21
22
SIM5
SIM1
SIM2
SIM3
SIM4
1
21
22
SIM5
SIM1
SIM2
SIM3
SIM4
1
21
22
SIM5
SIM1
SIM2
SIM3
SIM4
1
21
22
SIM5
SIM1
SIM2
SIM3
SIM4
1
21
22
SIM5
SIM1
SIM2
SIM3
SIM4
1
21
22
SIM5
SIM1
SIM2
SIM3
SIM4
1
21
22
SIM5
SIM1
SIM2
SIM3
SIM4
1
21
22
SIM5
SIM1
SIM2
SIM3
SIM4
1
21
22
SIM5
SIM1
SIM2
SIM3
SIM4
1
21
22
SIM5
SIM1
SIM2
SIM3
SIM4
1
21
22
SIM5
SIM1
SIM2
SIM3
SIM4
1
21
22
SIM5
SIM1
SIM2
SIM3
SIM4
1
21
22
SIM5
SIM1
SIM2
SIM3
SIM4
1
21
22
SIM5
SIM1
SIM2
SIM3
SIM4
1
21
22
SIM5
SIM1
SIM2
SIM3
SIM4
1
21
22
SIM5
SIM1
SIM2
SIM3
SIM4
1
21
22
SIM5
SIM1
SIM2
SIM3
SIM4
1
21
22
SIM5
SIM1
SIM2
SIM3
SIM4
1
21
22
SIM5
SIM1
SIM2
SIM3
SIM4
1
21
22
SIM5
SIM1
SIM2
SIM3
SIM4
1
21
22
SIM5
SIM1
SIM2
SIM3
SIM4
1
21
22
SIM5
SIM1
SIM2
SIM3
SIM4
1
21
22
SIM5
SIM1
SIM2
SIM3
SIM4
1
21
22
SIM5
SIM1
SIM2
SIM3
SIM4
1
21
22
SIM5
SIM1
SIM2
SIM3
SIM4
1
21
22
SIM5
SIM1
SIM2
SIM3
SIM4
1
21
22
SIM5
SIM1
SIM2
SIM3
SIM4
1
21
22
SIM5
SIM1
SIM2
SIM3
SIM4
1
21
22
SIM5
SIM1
SIM2
SIM3
SIM4
1
21
22
SIM5
SIM1
SIM2
SIM3
SIM4
1
21
22
SIM5
SIM1
SIM2
SIM3
SIM4
1
21
22
SIM5
SIM1
SIM2
SIM3
SIM4
1
21
22
SIM5
SIM1
SIM2
SIM3
SIM4
1
21
22
SIM5
SIM1
SIM2
DEBUG 1 399
SIM1
SIM2
SIM3
SIM4
1
21
22
SIM5
SIM1
SIM2
SIM3
SIM4
1
21
22
SIM5
SIM1
SIM2
SIM3
SIM4
1
21
22
SIM5
SIM1
SIM2
SIM3
SIM4
1
21
22
SIM5
SIM1
SIM2
SIM3
SIM4
1
21
22
SIM5
SIM1
SIM2
SIM3
SIM4
1
21
22
SIM5
SIM1
SIM2
SIM3
SIM4
1
21
22
SIM5
SIM1
SIM2
SIM3
SIM4
1
21
22
SIM5
SIM1
SIM2
SIM3
SIM4
1
21
22
SIM5
SIM1
SIM2
SIM3
SIM4
1
21
22
SIM5
SIM1
SIM2
SIM3
SIM4
1
21
22
SIM5
SIM1
SIM2
SIM3
SIM4
1
21
22
SIM5
SIM1
SIM2
SIM3
SIM4
1
21
22
SIM5
SIM1
SIM2
SIM3
SIM4
1
21
22
SIM5
SIM1
SIM2
SIM3
SIM4
1
21
22
SIM5
SIM1
SIM2
SIM3
SIM4
1
21
22
SIM5
SIM1
SIM2
SIM3
SIM4
1
21
22
SIM5
SIM1
SIM2
SIM3
SIM4
1
21
22
SIM5
SIM1
SIM2
SIM3
SIM4
1
21
22
SIM5
SIM1
SIM2
SIM3
SIM4
1
21
22
SIM5
SIM1
SIM2
SIM3
SIM4
1
21
22
SIM5
SIM1
SIM2
SIM3
SIM4
1
21
22
SIM5
SIM1
SIM2
SIM3
SIM4
1
21
22
SIM5
SIM1
SIM2
SIM3
SIM4
1
21
22
SIM5
SIM1
SIM2
SIM3
SIM4
1
21
22
SIM5
SIM1
SIM2
SIM3
SIM4
1
21
22
SIM5
SIM1
SIM2
SIM3
SIM4
1
21
22
SIM5
SIM1
SIM2
SIM3
SIM4
1
21
22
SIM5
SIM1
SIM2
SIM3
SIM4
1
21
22
SIM5
SIM1
SIM2
SIM3
SIM4
1
21
22
SIM5
SIM1
SIM2
SIM3
SIM4
1
21
22
SIM5
SIM1
SIM2
SIM3
SIM4
1
21
22
SIM5
SIM1
SIM2
SIM3
SIM4
1
21
22
SIM5
SIM1
SIM2
SIM3
SIM4
1
21
22
SIM5
SIM1
SIM2
SIM3
SIM4
1
21
22
SIM5
SIM1
SIM2
SIM3
SIM4
1
21
22
SIM5
SIM1
SIM2
SIM3
SIM4
1
21
22
SIM5
SIM1
SIM2
SIM3
SIM4
1
21
22
SIM5
SIM1
SIM2
SIM3
SIM4
1
21
22
SIM5
SIM1
SIM2
SIM3
SIM4
1
21
22
SIM5
SIM1
SIM2
SIM3
SIM4
1
21
22
SIM5
SIM1
SIM2
SIM3
SIM4
1
21
22
SIM5
SIM1
SIM2
SIM3
SIM4
1
21
22
SIM5
SIM1
SIM2
SIM3
SIM4
1
21
22
SIM5
SIM1
SIM2
SIM3
SIM4
1
21
22
SIM5
SIM1
SIM2
SIM3
SIM4
1
21
22
SIM5
SIM1
SIM2
SIM3
SIM4
1
21
22
SIM5
SIM1
SIM2
SIM3
SIM4
1
21
22
SIM5
SIM1
SIM2
SIM3
SIM4
1
21
22
SIM5
SIM1
SIM2
SIM3
SIM4
1
21
22
SIM5
SIM1
SIM2
SIM3
SIM4
1
21
22
SIM5
SIM1
SIM2
SIM3
SIM4
1
21
22
SIM5
SIM1
SIM2
SIM3
SIM4
1
21
22
SIM5
SIM1
SIM2
SIM3
SIM4
1
21
22
SIM5
SIM1
SIM2
SIM3
SIM4
1
21
22
SIM5
SIM1
SIM2
SIM3
SIM4
1
21
22
SIM5
SIM1
SIM2
SIM3
SIM4
1
21
22
SIM5
SIM1
SIM2
SIM3
SIM4
1
21
22
SIM5
SIM1
SIM2
SIM3
SIM4
1
21
22
SIM5
SIM1
SIM2
SIM3
SIM4
1
21
22
SIM5
SIM1
SIM2
SIM3
SIM4
1
21
22
SIM5
SIM1
SIM2
SIM3
SIM4
1
21
22
SIM5
SIM1
SIM2
SIM3
SIM4
1
21
22
SIM5
SIM1
SIM2
SIM3
SIM4
1
21
22
SIM5
SIM1
SIM2
SIM3
SIM4
1
21
22
SIM5
SIM1
SIM2
SIM3
SIM4
1
21
22
SIM5
SIM1
SIM2
SIM3
SIM4
1
21
22
SIM5
SIM1
SIM2
SIM3
SIM4
1
21
22
SIM5
SIM1
SIM2
SIM3
SIM4
1
21
22
SIM5
SIM1
SIM2
SIM3
SIM4
1
21
22
SIM5
SIM1
SIM2
SIM3
SIM4
1
21
22
SIM5
SIM1
SIM2
SIM3
SIM4
1
21
22
SIM5
SIM1
SIM2
SIM3
SIM4
1
21
22
SIM5
SIM1
SIM2
SIM3
SIM4
1
21
22
SIM5
SIM1
SIM2
SIM3
SIM4
1
21
22
SIM5
SIM1
SIM2
SIM3
SIM4
1
21
22
SIM5
SIM1
SIM2
SIM3
SIM4
1
21
22
SIM5
SIM1
SIM2
SIM3
SIM4
1
21
22
SIM5
SIM1
SIM2
SIM3
SIM4
1
21
22
SIM5
SIM1
SIM2
SIM3
SIM4
1
21
22
SIM5
SIM1
SIM2
SIM3
SIM4
1
21
22
SIM5
SIM1
SIM2
SIM3
SIM4
1
21
22
SIM5
SIM1
SIM2
SIM3
SIM4
1
21
22
SIM5
SIM1
SIM2
SIM3
SIM4
1
21
22
SIM5
SIM1
SIM2
SIM3
SIM4
1
21
22
SIM5
SIM1
SIM2
SIM3
SIM4
1
21
22
SIM5
SIM1
SIM2
SIM3
SIM4
1
21
22
SIM5
SIM1
SIM2
SIM3
SIM4
1
21
22
SIM5
SIM1
SIM2
SIM3
SIM4
1
21
22
SIM5
SIM1
SIM2
SIM3
SIM4
1
21
22
SIM5
SIM1
SIM2
SIM3
SIM4
1
21
22
SIM5
SIM1
SIM2
SIM3
SIM4
1
21
22
SIM5
SIM1
SIM2
SIM3
SIM4
1
21
22
SIM5
SIM1
SIM2
SIM3
SIM4
1
21
22
SIM5
SIM1
SIM2
SIM3
SIM4
1
21
22
SIM5
SIM1
SIM2
SIM3
SIM4
1
21
22
SIM5
SIM1
SIM2
SIM3
SIM4
1
21
22
SIM5
SIM1
SIM2
SIM3
SIM4
1
21
22
SIM5
SIM1
SIM2
SIM3
SIM4
1
21
22
SIM5
SIM1
SIM2
SIM3
SIM4
1
21
22
SIM5
SIM1
SIM2
SIM3
SIM4
1
21
22
SIM5
SIM1
SIM2
SIM3
SIM4
1
21
22
SIM5
SIM1
SIM2
SIM3
SIM4
1
21
22
SIM5
SIM1
SIM2
SIM3
SIM4
1
21
22
SIM5
SIM1
SIM2
SIM3
SIM4
1
21
22
SIM5
SIM1
SIM2
SIM3
SIM4
1
21
22
SIM5
SIM1
SIM2
SIM3
SIM4
1
21
22
SIM5
SIM1
SIM2
SIM3
SIM4
1
21
22
SIM5
SIM1
SIM2
SIM3
SIM4
1
21
22
SIM5
SIM1
SIM2
SIM3
SIM4
1
21
22
SIM5
SIM1
SIM2
SIM3
SIM4
1
21
22
SIM5
SIM1
SIM2
SIM3
SIM4
1
21
22
SIM5
SIM1
SIM2
SIM3
SIM4
1
21
22
SIM5
SIM1
SIM2
SIM3
SIM4
1
21
22
SIM5
SIM1
SIM2
SIM3
SIM4
1
21
22
SIM5
SIM1
SIM2
SIM3
SIM4
1
21
22
SIM5
SIM1
SIM2
SIM3
SIM4
1
21
22
SIM5
SIM1
SIM2
SIM3
SIM4
1
21
22
SIM5
SIM1
SIM2
SIM3
SIM4
1
21
22
SIM5
SIM1
SIM2
SIM3
SIM4
1
21
22
SIM5
SIM1
SIM2
SIM3
SIM4
1
21
22
SIM5
SIM1
SIM2
SIM3
SIM4
1
21
22
SIM5
SIM1
SIM2
SIM3
SIM4
1
21
22
SIM5
SIM1
SIM2
SIM3
SIM4
1
21
22
SIM5
SIM1
SIM2
SIM3
SIM4
1
21
22
SIM5
SIM1
SIM2
SIM3
SIM4
1
21
22
SIM5
SIM1
SIM2
SIM3
SIM4
1
21
22
SIM5
SIM1
SIM2
SIM3
SIM4
1
21
22
SIM5
SIM1
SIM2
SIM3
SIM4
1
21
22
SIM5
SIM1
SIM2
SIM3
SIM4
1
21
22
SIM5
SIM1
SIM2
SIM3
SIM4
1
21
22
SIM5
SIM1
SIM2
SIM3
SIM4
1
21
22
SIM5
SIM1
SIM2
SIM3
SIM4
1
21
22
SIM5
SIM1
SIM2
SIM3
SIM4
1
21
22
SIM5
SIM1
SIM2
SIM3
SIM4
1
21
22
SIM5
SIM1
SIM2
SIM3
SIM4
1
21
22
SIM5
SIM1
SIM2
SIM3
SIM4
1
21
22
SIM5
SIM1
SIM2
SIM3
SIM4
1
21
22
SIM5
SIM1
SIM2
SIM3
SIM4
1
21
22
SIM5
SIM1
SIM2
SIM3
SIM4
1
21
22
SIM5
SIM1
SIM2
SIM3
SIM4
1
21
22
SIM5
SIM1
SIM2
SIM3
SIM4
1
21
22
SIM5
SIM1
SIM2
SIM3
SIM4
1
21
22
SIM5
SIM1
SIM2
SIM3
SIM4
1
21
22
SIM5
SIM1
SIM2
SIM3
SIM4
1
21
22
SIM5
SIM1
SIM2
SIM3
SIM4
1
21
22
SIM5
SIM1
SIM2
SIM3
SIM4
1
21
22
SIM5
SIM1
SIM2
SIM3
SIM4
1
21
22
SIM5
SIM1
SIM2
SIM3
SIM4
1
21
22
SIM5
SIM1
SIM2
SIM3
SIM4
1
21
22
SIM5
SIM1
SIM2
SIM3
SIM4
1
21
22
SIM5
SIM1
SIM2
SIM3
SIM4
1
21
22
SIM5
SIM1
SIM2
SIM3
SIM4
1
21
22
SIM5
SIM1
SIM2
SIM3
SIM4
1
21
22
SIM5
SIM1
SIM2
SIM3
SIM4
1
21
22
SIM5
SIM1
SIM2
SIM3
SIM4
1
21
22
SIM5
SIM1
SIM2
SIM3
SIM4
1
21
22
SIM5
SIM1
SIM2
SIM3
SIM4
1
21
22
SIM5
SIM1
SIM2
SIM3
SIM4
1
21
22
SIM5
SIM1
SIM2
SIM3
SIM4
1
21
22
SIM5
SIM1
SIM2
SIM3
SIM4
1
21
22
SIM5
SIM1
SIM2
SIM3
SIM4
1
21
22
SIM5
SIM1
SIM2
SIM3
SIM4
1
21
22
SIM5
SIM1
SIM2
SIM3
SIM4
1
21
22
SIM5
SIM1
SIM2
SIM3
SIM4
1
21
22
SIM5
SIM1
SIM2
SIM3
SIM4
1
21
22
SIM5
SIM1
SIM2
SIM3
SIM4
1
21
22
SIM5
SIM1
SIM2
SIM3
SIM4
1
21
22
SIM5
SIM1
SIM2
SIM3
SIM4
1
21
22
SIM5
SIM1
SIM2
SIM3
SIM4
1
21
22
SIM5
SIM1
SIM2
SIM3
SIM4
1
21
22
SIM5
SIM1
SIM2
SIM3
SIM4
1
21
22
SIM5
SIM1
SIM2
SIM3
SIM4
1
21
22
SIM5
SIM1
SIM2
SIM3
SIM4
1
21
22
SIM5
SIM1
SIM2
SIM3
SIM4
1
21
22
SIM5
SIM1
SIM2
SIM3
SIM4
1
21
22
SIM5
SIM1
SIM2
SIM3
SIM4
1
21
22
SIM5
SIM1
SIM2
SIM3
SIM4
1
21
22
SIM5
SIM1
SIM2
SIM3
SIM4
1
21
22
SIM5
SIM1
SIM2
SIM3
SIM4
1
21
22
SIM5
SIM1
SIM2
SIM3
SIM4
1
21
22
SIM5
SIM1
SIM2
SIM3
SIM4
1
21
22
SIM5
SIM1
SIM2
SIM3
SIM4
1
21
22
SIM5
SIM1
SIM2
SIM3
SIM4
1
21
22
SIM5
SIM1
SIM2
SIM3
SIM4
1
21
22
SIM5
SIM1
SIM2
SIM3
SIM4
1
21
22
SIM5
SIM1
SIM2
SIM3
SIM4
1
21
22
SIM5
SIM1
SIM2
SIM3
SIM4
1
21
22
SIM5
SIM1
SIM2
SIM3
SIM4
1
21
22
SIM5
SIM1
SIM2
SIM3
SIM4
1
21
22
SIM5
SIM1
SIM2
SIM3
SIM4
1
21
22
SIM5
SIM1
SIM2
SIM3
SIM4
1
21
22
SIM5
SIM1
SIM2
SIM3
SIM4
1
21
22
SIM5
SIM1
SIM2
SIM3
SIM4
1
21
22
SIM5
SIM1
SIM2
SIM3
SIM4
1
21
22
SIM5
SIM1
SIM2
SIM3
SIM4
1
21
22
SIM5
SIM1
SIM2
SIM3
SIM4
1
21
22
SIM5
SIM1
SIM2
SIM3
SIM4
1
21
22
SIM5
SIM1
SIM2
SIM3
SIM4
1
21
22
SIM5
SIM1
SIM2
SIM3
SIM4
1
21
22
SIM5
SIM1
SIM2
SIM3
SIM4
1
21
22
SIM5
SIM1
SIM2
SIM3
SIM4
1
21
22
SIM5
SIM1
SIM2
SIM3
SIM4
1
21
22
SIM5
SIM1
SIM2
SIM3
SIM4
1
21
22
SIM5
SIM1
SIM2
SIM3
SIM4
1
21
22
SIM5
SIM1
SIM2
SIM3
SIM4
1
21
22
SIM5
SIM1
SIM2
SIM3
SIM4
1
21
22
SIM5
SIM1
SIM2
SIM3
SIM4
1
21
22
SIM5
SIM1
SIM2
SIM3
SIM4
1
21
22
SIM5
SIM1
SIM2
SIM3
SIM4
1
21
22
SIM5
SIM1
SIM2
SIM3
SIM4
1
21
22
SIM5
SIM1
SIM2
SIM3
SIM4
1
21
22
SIM5
SIM1
SIM2
SIM3
SIM4
1
21
22
SIM5
SIM1
SIM2
SIM3
SIM4
1
21
22
SIM5
SIM1
SIM2
SIM3
SIM4
1
21
22
SIM5
SIM1
SIM2
SIM3
SIM4
1
21
22
SIM5
SIM1
SIM2
SIM3
SIM4
1
21
22
SIM5
SIM1
SIM2
SIM3
SIM4
1
21
22
SIM5
SIM1
SIM2
SIM3
SIM4
1
21
22
SIM5
SIM1
SIM2
SIM3
SIM4
1
21
22
SIM5
SIM1
SIM2
SIM3
SIM4
1
21
22
SIM5
SIM1
SIM2
SIM3
SIM4
1
21
22
SIM5
SIM1
SIM2
SIM3
SIM4
1
21
22
SIM5
SIM1
SIM2
SIM3
SIM4
1
21
22
SIM5
SIM1
SIM2
SIM3
SIM4
1
21
22
SIM5
SIM1
SIM2
SIM3
SIM4
1
21
22
SIM5
SIM1
SIM2
SIM3
SIM4
1
21
22
SIM5
SIM1
SIM2
SIM3
SIM4
1
21
22
SIM5
SIM1
SIM2
SIM3
SIM4
1
21
22
SIM5
SIM1
SIM2
SIM3
SIM4
1
21
22
SIM5
SIM1
SIM2
SIM3
SIM4
1
21
22
SIM5
SIM1
SIM2
SIM3
SIM4
1
21
22
SIM5
SIM1
SIM2
SIM3
SIM4
1
21
22
SIM5
SIM1
SIM2
SIM3
SIM4
1
21
22
SIM5
SIM1
SIM2
SIM3
SIM4
1
21
22
SIM5
SIM1
SIM2
SIM3
SIM4
1
21
22
SIM5
SIM1
SIM2
SIM3
SIM4
1
21
22
SIM5
SIM1
SIM2
SIM3
SIM4
1
21
22
SIM5
SIM1
SIM2
SIM3
SIM4
1
21
22
SIM5
SIM1
SIM2
SIM3
SIM4
1
21
22
SIM5
SIM1
SIM2
SIM3
SIM4
1
21
22
SIM5
SIM1
SIM2
SIM3
SIM4
1
21
22
SIM5
SIM1
SIM2
SIM3
SIM4
1
21
22
SIM5
SIM1
SIM2
SIM3
SIM4
1
21
22
SIM5
SIM1
SIM2
SIM3
SIM4
1
21
22
SIM5
SIM1
SIM2
SIM3
SIM4
1
21
22
SIM5
SIM1
SIM2
SIM3
SIM4
1
21
22
SIM5
SIM1
SIM2
SIM3
SIM4
1
21
22
SIM5
SIM1
SIM2
SIM3
SIM4
1
21
22
SIM5
SIM1
SIM2
SIM3
SIM4
1
21
22
SIM5
SIM1
SIM2
SIM3
SIM4
1
21
22
SIM5
SIM1
SIM2
SIM3
SIM4
1
21
22
SIM5
SIM1
SIM2
SIM3
SIM4
1
21
22
SIM5
SIM1
SIM2
SIM3
SIM4
1
21
22
SIM5
SIM1
SIM2
SIM3
SIM4
1
21
22
SIM5
SIM1
SIM2
SIM3
SIM4
1
21
22
SIM5
SIM1
SIM2
SIM3
SIM4
1
21
22
SIM5
SIM1
SIM2
SIM3
SIM4
1
21
22
SIM5
SIM1
SIM2
SIM3
SIM4
1
21
22
SIM5
SIM1
SIM2
SIM3
SIM4
1
21
22
SIM5
SIM1
SIM2
SIM3
SIM4
1
21
22
SIM5
SIM1
SIM2
SIM3
SIM4
1
21
22
SIM5
SIM1
SIM2
SIM3
SIM4
1
21
22
SIM5
SIM1
SIM2
SIM3
SIM4
1
21
22
SIM5
SIM1
SIM2
SIM3
SIM4
1
21
22
SIM5
SIM1
SIM2
SIM3
SIM4
1
21
22
SIM5
SIM1
SIM2
SIM3
SIM4
1
21
22
SIM5
SIM1
SIM2
SIM3
SIM4
1
21
22
SIM5
SIM1
SIM2
SIM3
SIM4
1
21
22
SIM5
SIM1
SIM2
SIM3
SIM4
1
21
22
SIM5
SIM1
SIM2
SIM3
SIM4
1
21
22
SIM5
SIM1
SIM2
SIM3
SIM4
1
21
22
SIM5
SIM1
SIM2
SIM3
SIM4
1
21
22
SIM5
SIM1
SIM2
SIM3
SIM4
1
21
22
SIM5
SIM1
SIM2
SIM3
SIM4
1
21
22
SIM5
SIM1
SIM2
SIM3
SIM4
1
21
22
SIM5
SIM1
SIM2
SIM3
SIM4
1
21
22
SIM5
SIM1
SIM2
SIM3
SIM4
1
21
22
SIM5
SIM1
SIM2
SIM3
SIM4
1
21
22
SIM5
SIM1
SIM2
SIM3
SIM4
1
21
22
SIM5
SIM1
SIM2
SIM3
SIM4
1
21
22
SIM5
SIM1
SIM2
SIM3
SIM4
1
21
22
SIM5
SIM1
SIM2
SIM3
SIM4
1
21
22
SIM5
SIM1
SIM2
SIM3
SIM4
1
21
22
SIM5
SIM1
SIM2
SIM3
SIM4
1
21
22
SIM5
SIM1
SIM2
SIM3
SIM4
1
21
22
SIM5
SIM1
SIM2
SIM3
SIM4
1
21
22
SIM5
SIM1
SIM2
SIM3
SIM4
1
21
22
SIM5
SIM1
SIM2
SIM3
SIM4
1
21
22
SIM5
SIM1
SIM2
SIM3
SIM4
1
21
22
SIM5
SIM1
SIM2
SIM3
SIM4
1
21
22
SIM5
SIM1
SIM2
SIM3
SIM4
1
21
22
SIM5
SIM1
SIM2
SIM3
SIM4
1
21
22
SIM5
SIM1
SIM2
SIM3
SIM4
1
21
22
SIM5
SIM1
SIM2
SIM3
SIM4
1
21
22
SIM5
SIM1
SIM2
SIM3
SIM4
1
21
22
SIM5
SIM1
SIM2
SIM3
SIM4
1
21
22
SIM5
SIM1
SIM2
SIM3
SIM4
1
21
22
SIM5
SIM1
SIM2
SIM3
SIM4
1
21
22
SIM5
SIM1
SIM2
SIM3
SIM4
1
21
22
SIM5
SIM1
SIM2
SIM3
SIM4
1
21
22
SIM5
SIM1
SIM2
SIM3
SIM4
1
21
22
SIM5
SIM1
SIM2
SIM3
SIM4
1
21
22
SIM5
SIM1
SIM2
SIM3
SIM4
1
21
22
SIM5
SIM1
SIM2
SIM3
SIM4
1
21
22
SIM5
SIM1
SIM2
SIM3
SIM4
1
21
22
SIM5
SIM1
SIM2
SIM3
SIM4
1
21
22
SIM5
SIM1
SIM2
SIM3
SIM4
1
21
22
SIM5
SIM1
SIM2
SIM3
SIM4
1
21
22
SIM5
SIM1
SIM2
SIM3
SIM4
1
21
22
SIM5
SIM1
SIM2
SIM3
SIM4
1
21
22
SIM5
SIM1
SIM2
DEBUG 1 400
SIM1
SIM2
SIM3
SIM4
1
21
22
SIM5
SIM1
SIM2
SIM3
SIM4
1
21
22
SIM5
SIM1
SIM2
SIM3
SIM4
1
21
22
SIM5
SIM1
SIM2
SIM3
SIM4
1
21
22
SIM5
SIM1
SIM2
SIM3
SIM4
1
21
22
SIM5
SIM1
SIM2
SIM3
SIM4
1
21
22
SIM5
SIM1
SIM2
SIM3
SIM4
1
21
22
SIM5
SIM1
SIM2
SIM3
SIM4
1
21
22
SIM5
SIM1
SIM2
SIM3
SIM4
1
21
22
SIM5
SIM1
SIM2
SIM3
SIM4
1
21
22
SIM5
SIM1
SIM2
SIM3
SIM4
1
21
22
SIM5
SIM1
SIM2
SIM3
SIM4
1
21
22
SIM5
SIM1
SIM2
SIM3
SIM4
1
21
22
SIM5
SIM1
SIM2
SIM3
SIM4
1
21
22
SIM5
SIM1
SIM2
SIM3
SIM4
1
21
22
SIM5
SIM1
SIM2
SIM3
SIM4
1
21
22
SIM5
SIM1
SIM2
SIM3
SIM4
1
21
22
SIM5
SIM1
SIM2
SIM3
SIM4
1
21
22
SIM5
SIM1
SIM2
SIM3
SIM4
1
21
22
SIM5
SIM1
SIM2
SIM3
SIM4
1
21
22
SIM5
SIM1
SIM2
SIM3
SIM4
1
21
22
SIM5
SIM1
SIM2
SIM3
SIM4
1
21
22
SIM5
SIM1
SIM2
SIM3
SIM4
1
21
22
SIM5
SIM1
SIM2
SIM3
SIM4
1
21
22
SIM5
SIM1
SIM2
SIM3
SIM4
1
21
22
SIM5
SIM1
SIM2
SIM3
SIM4
1
21
22
SIM5
SIM1
SIM2
SIM3
SIM4
1
21
22
SIM5
SIM1
SIM2
SIM3
SIM4
1
21
22
SIM5
SIM1
SIM2
SIM3
SIM4
1
21
22
SIM5
SIM1
SIM2
SIM3
SIM4
1
21
22
SIM5
SIM1
SIM2
SIM3
SIM4
1
21
22
SIM5
SIM1
SIM2
SIM3
SIM4
1
21
22
SIM5
SIM1
SIM2
SIM3
SIM4
1
21
22
SIM5
SIM1
SIM2
SIM3
SIM4
1
21
22
SIM5
SIM1
SIM2
SIM3
SIM4
1
21
22
SIM5
SIM1
SIM2
SIM3
SIM4
1
21
22
SIM5
SIM1
SIM2
SIM3
SIM4
1
21
22
SIM5
SIM1
SIM2
SIM3
SIM4
1
21
22
SIM5
SIM1
SIM2
SIM3
SIM4
1
21
22
SIM5
SIM1
SIM2
SIM3
SIM4
1
21
22
SIM5
SIM1
SIM2
SIM3
SIM4
1
21
22
SIM5
SIM1
SIM2
SIM3
SIM4
1
21
22
SIM5
SIM1
SIM2
SIM3
SIM4
1
21
22
SIM5
SIM1
SIM2
SIM3
SIM4
1
21
22
SIM5
SIM1
SIM2
SIM3
SIM4
1
21
22
SIM5
SIM1
SIM2
SIM3
SIM4
1
21
22
SIM5
SIM1
SIM2
SIM3
SIM4
1
21
22
SIM5
SIM1
SIM2
SIM3
SIM4
1
21
22
SIM5
SIM1
SIM2
SIM3
SIM4
1
21
22
SIM5
SIM1
SIM2
SIM3
SIM4
1
21
22
SIM5
SIM1
SIM2
SIM3
SIM4
1
21
22
SIM5
SIM1
SIM2
SIM3
SIM4
1
21
22
SIM5
SIM1
SIM2
SIM3
SIM4
1
21
22
SIM5
SIM1
SIM2
SIM3
SIM4
1
21
22
SIM5
SIM1
SIM2
SIM3
SIM4
1
21
22
SIM5
SIM1
SIM2
SIM3
SIM4
1
21
22
SIM5
SIM1
SIM2
SIM3
SIM4
1
21
22
SIM5
SIM1
SIM2
SIM3
SIM4
1
21
22
SIM5
SIM1
SIM2
SIM3
SIM4
1
21
22
SIM5
SIM1
SIM2
SIM3
SIM4
1
21
22
SIM5
SIM1
SIM2
SIM3
SIM4
1
21
22
SIM5
SIM1
SIM2
SIM3
SIM4
1
21
22
SIM5
SIM1
SIM2
SIM3
SIM4
1
21
22
SIM5
SIM1
SIM2
SIM3
SIM4
1
21
22
SIM5
SIM1
SIM2
SIM3
SIM4
1
21
22
SIM5
SIM1
SIM2
SIM3
SIM4
1
21
22
SIM5
SIM1
SIM2
SIM3
SIM4
1
21
22
SIM5
SIM1
SIM2
SIM3
SIM4
1
21
22
SIM5
SIM1
SIM2
SIM3
SIM4
1
21
22
SIM5
SIM1
SIM2
SIM3
SIM4
1
21
22
SIM5
SIM1
SIM2
SIM3
SIM4
1
21
22
SIM5
SIM1
SIM2
SIM3
SIM4
1
21
22
SIM5
SIM1
SIM2
SIM3
SIM4
1
21
22
SIM5
SIM1
SIM2
SIM3
SIM4
1
21
22
SIM5
SIM1
SIM2
SIM3
SIM4
1
21
22
SIM5
SIM1
SIM2
SIM3
SIM4
1
21
22
SIM5
SIM1
SIM2
SIM3
SIM4
1
21
22
SIM5
SIM1
SIM2
SIM3
SIM4
1
21
22
SIM5
SIM1
SIM2
SIM3
SIM4
1
21
22
SIM5
SIM1
SIM2
SIM3
SIM4
1
21
22
SIM5
SIM1
SIM2
SIM3
SIM4
1
21
22
SIM5
SIM1
SIM2
SIM3
SIM4
1
21
22
SIM5
SIM1
SIM2
SIM3
SIM4
1
21
22
SIM5
SIM1
SIM2
SIM3
SIM4
1
21
22
SIM5
SIM1
SIM2
SIM3
SIM4
1
21
22
SIM5
SIM1
SIM2
SIM3
SIM4
1
21
22
SIM5
SIM1
SIM2
SIM3
SIM4
1
21
22
SIM5
SIM1
SIM2
SIM3
SIM4
1
21
22
SIM5
SIM1
SIM2
SIM3
SIM4
1
21
22
SIM5
SIM1
SIM2
SIM3
SIM4
1
21
22
SIM5
SIM1
SIM2
SIM3
SIM4
1
21
22
SIM5
SIM1
SIM2
SIM3
SIM4
1
21
22
SIM5
SIM1
SIM2
SIM3
SIM4
1
21
22
SIM5
SIM1
SIM2
SIM3
SIM4
1
21
22
SIM5
SIM1
SIM2
SIM3
SIM4
1
21
22
SIM5
SIM1
SIM2
SIM3
SIM4
1
21
22
SIM5
SIM1
SIM2
SIM3
SIM4
1
21
22
SIM5
SIM1
SIM2
SIM3
SIM4
1
21
22
SIM5
SIM1
SIM2
SIM3
SIM4
1
21
22
SIM5
SIM1
SIM2
SIM3
SIM4
1
21
22
SIM5
SIM1
SIM2
SIM3
SIM4
1
21
22
SIM5
SIM1
SIM2
SIM3
SIM4
1
21
22
SIM5
SIM1
SIM2
SIM3
SIM4
1
21
22
SIM5
SIM1
SIM2
SIM3
SIM4
1
21
22
SIM5
SIM1
SIM2
SIM3
SIM4
1
21
22
SIM5
SIM1
SIM2
SIM3
SIM4
1
21
22
SIM5
SIM1
SIM2
SIM3
SIM4
1
21
22
SIM5
SIM1
SIM2
SIM3
SIM4
1
21
22
SIM5
SIM1
SIM2
SIM3
SIM4
1
21
22
SIM5
SIM1
SIM2
SIM3
SIM4
1
21
22
SIM5
SIM1
SIM2
SIM3
SIM4
1
21
22
SIM5
SIM1
SIM2
SIM3
SIM4
1
21
22
SIM5
SIM1
SIM2
SIM3
SIM4
1
21
22
SIM5
SIM1
SIM2
SIM3
SIM4
1
21
22
SIM5
SIM1
SIM2
SIM3
SIM4
1
21
22
SIM5
SIM1
SIM2
SIM3
SIM4
1
21
22
SIM5
SIM1
SIM2
SIM3
SIM4
1
21
22
SIM5
SIM1
SIM2
SIM3
SIM4
1
21
22
SIM5
SIM1
SIM2
SIM3
SIM4
1
21
22
SIM5
SIM1
SIM2
SIM3
SIM4
1
21
22
SIM5
SIM1
SIM2
SIM3
SIM4
1
21
22
SIM5
SIM1
SIM2
SIM3
SIM4
1
21
22
SIM5
SIM1
SIM2
SIM3
SIM4
1
21
22
SIM5
SIM1
SIM2
SIM3
SIM4
1
21
22
SIM5
SIM1
SIM2
SIM3
SIM4
1
21
22
SIM5
SIM1
SIM2
SIM3
SIM4
1
21
22
SIM5
SIM1
SIM2
SIM3
SIM4
1
21
22
SIM5
SIM1
SIM2
SIM3
SIM4
1
21
22
SIM5
SIM1
SIM2
SIM3
SIM4
1
21
22
SIM5
SIM1
SIM2
SIM3
SIM4
1
21
22
SIM5
SIM1
SIM2
SIM3
SIM4
1
21
22
SIM5
SIM1
SIM2
SIM3
SIM4
1
21
22
SIM5
SIM1
SIM2
SIM3
SIM4
1
21
22
SIM5
SIM1
SIM2
SIM3
SIM4
1
21
22
SIM5
SIM1
SIM2
SIM3
SIM4
1
21
22
SIM5
SIM1
SIM2
SIM3
SIM4
1
21
22
SIM5
SIM1
SIM2
SIM3
SIM4
1
21
22
SIM5
SIM1
SIM2
SIM3
SIM4
1
21
22
SIM5
SIM1
SIM2
SIM3
SIM4
1
21
22
SIM5
SIM1
SIM2
SIM3
SIM4
1
21
22
SIM5
SIM1
SIM2
SIM3
SIM4
1
21
22
SIM5
SIM1
SIM2
SIM3
SIM4
1
21
22
SIM5
SIM1
SIM2
DEBUG 1 401
SIM1
SIM2
SIM3
SIM4
1
21
22
SIM5
SIM1
SIM2
SIM3
SIM4
1
21
22
SIM5
SIM1
SIM2
SIM3
SIM4
1
21
22
SIM5
SIM1
SIM2
SIM3
SIM4
1
21
22
SIM5
SIM1
SIM2
SIM3
SIM4
1
21
22
SIM5
SIM1
SIM2
SIM3
SIM4
1
21
22
SIM5
SIM1
SIM2
SIM3
SIM4
1
21
22
SIM5
SIM1
SIM2
SIM3
SIM4
1
21
22
SIM5
SIM1
SIM2
SIM3
SIM4
1
21
22
SIM5
SIM1
SIM2
SIM3
SIM4
1
21
22
SIM5
SIM1
SIM2
SIM3
SIM4
1
21
22
SIM5
SIM1
SIM2
SIM3
SIM4
1
21
22
SIM5
SIM1
SIM2
SIM3
SIM4
1
21
22
SIM5
SIM1
SIM2
SIM3
SIM4
1
21
22
SIM5
SIM1
SIM2
SIM3
SIM4
1
21
22
SIM5
SIM1
SIM2
SIM3
SIM4
1
21
22
SIM5
SIM1
SIM2
SIM3
SIM4
1
21
22
SIM5
SIM1
SIM2
SIM3
SIM4
1
21
22
SIM5
SIM1
SIM2
SIM3
SIM4
1
21
22
SIM5
SIM1
SIM2
SIM3
SIM4
1
21
22
SIM5
SIM1
SIM2
SIM3
SIM4
1
21
22
SIM5
SIM1
SIM2
SIM3
SIM4
1
21
22
SIM5
SIM1
SIM2
SIM3
SIM4
1
21
22
SIM5
SIM1
SIM2
SIM3
SIM4
1
21
22
SIM5
SIM1
SIM2
SIM3
SIM4
1
21
22
SIM5
SIM1
SIM2
SIM3
SIM4
1
21
22
SIM5
SIM1
SIM2
SIM3
SIM4
1
21
22
SIM5
SIM1
SIM2
SIM3
SIM4
1
21
22
SIM5
SIM1
SIM2
SIM3
SIM4
1
21
22
SIM5
SIM1
SIM2
SIM3
SIM4
1
21
22
SIM5
SIM1
SIM2
SIM3
SIM4
1
21
22
SIM5
SIM1
SIM2
SIM3
SIM4
1
21
22
SIM5
SIM1
SIM2
SIM3
SIM4
1
21
22
SIM5
SIM1
SIM2
SIM3
SIM4
1
21
22
SIM5
SIM1
SIM2
SIM3
SIM4
1
21
22
SIM5
SIM1
SIM2
SIM3
SIM4
1
21
22
SIM5
SIM1
SIM2
SIM3
SIM4
1
21
22
SIM5
SIM1
SIM2
SIM3
SIM4
1
21
22
SIM5
SIM1
SIM2
SIM3
SIM4
1
21
22
SIM5
SIM1
SIM2
SIM3
SIM4
1
21
22
SIM5
SIM1
SIM2
SIM3
SIM4
1
21
22
SIM5
SIM1
SIM2
SIM3
SIM4
1
21
22
SIM5
SIM1
SIM2
SIM3
SIM4
1
21
22
SIM5
SIM1
SIM2
SIM3
SIM4
1
21
22
SIM5
SIM1
SIM2
SIM3
SIM4
1
21
22
SIM5
SIM1
SIM2
SIM3
SIM4
1
21
22
SIM5
SIM1
SIM2
SIM3
SIM4
1
21
22
SIM5
SIM1
SIM2
SIM3
SIM4
1
21
22
SIM5
SIM1
SIM2
SIM3
SIM4
1
21
22
SIM5
SIM1
SIM2
SIM3
SIM4
1
21
22
SIM5
SIM1
SIM2
SIM3
SIM4
1
21
22
SIM5
SIM1
SIM2
SIM3
SIM4
1
21
22
SIM5
SIM1
SIM2
SIM3
SIM4
1
21
22
SIM5
SIM1
SIM2
SIM3
SIM4
1
21
22
SIM5
SIM1
SIM2
SIM3
SIM4
1
21
22
SIM5
SIM1
SIM2
SIM3
SIM4
1
21
22
SIM5
SIM1
SIM2
SIM3
SIM4
1
21
22
SIM5
SIM1
SIM2
SIM3
SIM4
1
21
22
SIM5
SIM1
SIM2
SIM3
SIM4
1
21
22
SIM5
SIM1
SIM2
SIM3
SIM4
1
21
22
SIM5
SIM1
SIM2
SIM3
SIM4
1
21
22
SIM5
SIM1
SIM2
SIM3
SIM4
1
21
22
SIM5
SIM1
SIM2
SIM3
SIM4
1
21
22
SIM5
SIM1
SIM2
SIM3
SIM4
1
21
22
SIM5
SIM1
SIM2
SIM3
SIM4
1
21
22
SIM5
SIM1
SIM2
SIM3
SIM4
1
21
22
SIM5
SIM1
SIM2
SIM3
SIM4
1
21
22
SIM5
SIM1
SIM2
SIM3
SIM4
1
21
22
SIM5
SIM1
SIM2
SIM3
SIM4
1
21
22
SIM5
SIM1
SIM2
SIM3
SIM4
1
21
22
SIM5
SIM1
SIM2
SIM3
SIM4
1
21
22
SIM5
SIM1
SIM2
SIM3
SIM4
1
21
22
SIM5
SIM1
SIM2
SIM3
SIM4
1
21
22
SIM5
SIM1
SIM2
SIM3
SIM4
1
21
22
SIM5
SIM1
SIM2
SIM3
SIM4
1
21
22
SIM5
SIM1
SIM2
SIM3
SIM4
1
21
22
SIM5
SIM1
SIM2
SIM3
SIM4
1
21
22
SIM5
SIM1
SIM2
SIM3
SIM4
1
21
22
SIM5
SIM1
SIM2
SIM3
SIM4
1
21
22
SIM5
SIM1
SIM2
SIM3
SIM4
1
21
22
SIM5
SIM1
SIM2
SIM3
SIM4
1
21
22
SIM5
SIM1
SIM2
SIM3
SIM4
1
21
22
SIM5
SIM1
SIM2
SIM3
SIM4
1
21
22
SIM5
SIM1
SIM2
SIM3
SIM4
1
21
22
SIM5
SIM1
SIM2
SIM3
SIM4
1
21
22
SIM5
SIM1
SIM2
SIM3
SIM4
1
21
22
SIM5
SIM1
SIM2
SIM3
SIM4
1
21
22
SIM5
SIM1
SIM2
SIM3
SIM4
1
21
22
SIM5
SIM1
SIM2
SIM3
SIM4
1
21
22
SIM5
SIM1
SIM2
SIM3
SIM4
1
21
22
SIM5
SIM1
SIM2
SIM3
SIM4
1
21
22
SIM5
SIM1
SIM2
SIM3
SIM4
1
21
22
SIM5
SIM1
SIM2
SIM3
SIM4
1
21
22
SIM5
SIM1
SIM2
SIM3
SIM4
1
21
22
SIM5
SIM1
SIM2
SIM3
SIM4
1
21
22
SIM5
SIM1
SIM2
SIM3
SIM4
1
21
22
SIM5
SIM1
SIM2
SIM3
SIM4
1
21
22
SIM5
SIM1
SIM2
SIM3
SIM4
1
21
22
SIM5
SIM1
SIM2
SIM3
SIM4
1
21
22
SIM5
SIM1
SIM2
SIM3
SIM4
1
21
22
SIM5
SIM1
SIM2
SIM3
SIM4
1
21
22
SIM5
SIM1
SIM2
SIM3
SIM4
1
21
22
SIM5
SIM1
SIM2
SIM3
SIM4
1
21
22
SIM5
SIM1
SIM2
SIM3
SIM4
1
21
22
SIM5
SIM1
SIM2
SIM3
SIM4
1
21
22
SIM5
SIM1
SIM2
SIM3
SIM4
1
21
22
SIM5
SIM1
SIM2
SIM3
SIM4
1
21
22
SIM5
SIM1
SIM2
SIM3
SIM4
1
21
22
SIM5
SIM1
SIM2
SIM3
SIM4
1
21
22
SIM5
SIM1
SIM2
SIM3
SIM4
1
21
22
SIM5
SIM1
SIM2
SIM3
SIM4
1
21
22
SIM5
SIM1
SIM2
SIM3
SIM4
1
21
22
SIM5
SIM1
SIM2
SIM3
SIM4
1
21
22
SIM5
SIM1
SIM2
SIM3
SIM4
1
21
22
SIM5
SIM1
SIM2
SIM3
SIM4
1
21
22
SIM5
SIM1
SIM2
SIM3
SIM4
1
21
22
SIM5
SIM1
SIM2
SIM3
SIM4
1
21
22
SIM5
SIM1
SIM2
SIM3
SIM4
1
21
22
SIM5
SIM1
SIM2
SIM3
SIM4
1
21
22
SIM5
SIM1
SIM2
SIM3
SIM4
1
21
22
SIM5
SIM1
SIM2
SIM3
SIM4
1
21
22
SIM5
SIM1
SIM2
SIM3
SIM4
1
21
22
SIM5
SIM1
SIM2
SIM3
SIM4
1
21
22
SIM5
SIM1
SIM2
SIM3
SIM4
1
21
22
SIM5
SIM1
SIM2
SIM3
SIM4
1
21
22
SIM5
SIM1
SIM2
SIM3
SIM4
1
21
22
SIM5
SIM1
SIM2
SIM3
SIM4
1
21
22
SIM5
SIM1
SIM2
SIM3
SIM4
1
21
22
SIM5
SIM1
SIM2
SIM3
SIM4
1
21
22
SIM5
SIM1
SIM2
SIM3
SIM4
1
21
22
SIM5
SIM1
SIM2
SIM3
SIM4
1
21
22
SIM5
SIM1
SIM2
SIM3
SIM4
1
21
22
SIM5
SIM1
SIM2
SIM3
SIM4
1
21
22
SIM5
SIM1
SIM2
SIM3
SIM4
1
21
22
SIM5
SIM1
SIM2
SIM3
SIM4
1
21
22
SIM5
SIM1
SIM2
SIM3
SIM4
1
21
22
SIM5
SIM1
SIM2
SIM3
SIM4
1
21
22
SIM5
SIM1
SIM2
SIM3
SIM4
1
21
22
SIM5
SIM1
SIM2
SIM3
SIM4
1
21
22
SIM5
SIM1
SIM2
SIM3
SIM4
1
21
22
SIM5
SIM1
SIM2
SIM3
SIM4
1
21
22
SIM5
SIM1
SIM2
SIM3
SIM4
1
21
22
SIM5
SIM1
SIM2
SIM3
SIM4
1
21
22
SIM5
SIM1
SIM2
SIM3
SIM4
1
21
22
SIM5
SIM1
SIM2
SIM3
SIM4
1
21
22
SIM5
SIM1
SIM2
SIM3
SIM4
1
21
22
SIM5
SIM1
SIM2
SIM3
SIM4
1
21
22
SIM5
SIM1
SIM2
SIM3
SIM4
1
21
22
SIM5
SIM1
SIM2
SIM3
SIM4
1
21
22
SIM5
SIM1
SIM2
SIM3
SIM4
1
21
22
SIM5
SIM1
SIM2
SIM3
SIM4
1
21
22
SIM5
SIM1
SIM2
SIM3
SIM4
1
21
22
SIM5
SIM1
SIM2
SIM3
SIM4
1
21
22
SIM5
SIM1
SIM2
SIM3
SIM4
1
21
22
SIM5
SIM1
SIM2
SIM3
SIM4
1
21
22
SIM5
SIM1
SIM2
SIM3
SIM4
1
21
22
SIM5
SIM1
SIM2
SIM3
SIM4
1
21
22
SIM5
SIM1
SIM2
SIM3
SIM4
1
21
22
SIM5
SIM1
SIM2
SIM3
SIM4
1
21
22
SIM5
SIM1
SIM2
SIM3
SIM4
1
21
22
SIM5
SIM1
SIM2
SIM3
SIM4
1
21
22
SIM5
SIM1
SIM2
SIM3
SIM4
1
21
22
SIM5
SIM1
SIM2
SIM3
SIM4
1
21
22
SIM5
SIM1
SIM2
SIM3
SIM4
1
21
22
SIM5
SIM1
SIM2
SIM3
SIM4
1
21
22
SIM5
SIM1
SIM2
SIM3
SIM4
1
21
22
SIM5
SIM1
SIM2
SIM3
SIM4
1
21
22
SIM5
SIM1
SIM2
SIM3
SIM4
1
21
22
SIM5
SIM1
SIM2
DEBUG 1 402
SIM1
SIM2
SIM3
SIM4
1
21
22
SIM5
SIM1
SIM2
SIM3
SIM4
1
21
22
SIM5
SIM1
SIM2
SIM3
SIM4
1
21
22
SIM5
SIM1
SIM2
SIM3
SIM4
1
21
22
SIM5
SIM1
SIM2
SIM3
SIM4
1
21
22
SIM5
SIM1
SIM2
SIM3
SIM4
1
21
22
SIM5
SIM1
SIM2
SIM3
SIM4
1
21
22
SIM5
SIM1
SIM2
SIM3
SIM4
1
21
22
SIM5
SIM1
SIM2
SIM3
SIM4
1
21
22
SIM5
SIM1
SIM2
SIM3
SIM4
1
21
22
SIM5
SIM1
SIM2
SIM3
SIM4
1
21
22
SIM5
SIM1
SIM2
SIM3
SIM4
1
21
22
SIM5
SIM1
SIM2
SIM3
SIM4
1
21
22
SIM5
SIM1
SIM2
SIM3
SIM4
1
21
22
SIM5
SIM1
SIM2
SIM3
SIM4
1
21
22
SIM5
SIM1
SIM2
SIM3
SIM4
1
21
22
SIM5
SIM1
SIM2
SIM3
SIM4
1
21
22
SIM5
SIM1
SIM2
SIM3
SIM4
1
21
22
SIM5
SIM1
SIM2
SIM3
SIM4
1
21
22
SIM5
SIM1
SIM2
SIM3
SIM4
1
21
22
SIM5
SIM1
SIM2
SIM3
SIM4
1
21
22
SIM5
SIM1
SIM2
SIM3
SIM4
1
21
22
SIM5
SIM1
SIM2
SIM3
SIM4
1
21
22
SIM5
SIM1
SIM2
SIM3
SIM4
1
21
22
SIM5
SIM1
SIM2
SIM3
SIM4
1
21
22
SIM5
SIM1
SIM2
SIM3
SIM4
1
21
22
SIM5
SIM1
SIM2
SIM3
SIM4
1
21
22
SIM5
SIM1
SIM2
SIM3
SIM4
1
21
22
SIM5
SIM1
SIM2
SIM3
SIM4
1
21
22
SIM5
SIM1
SIM2
SIM3
SIM4
1
21
22
SIM5
SIM1
SIM2
SIM3
SIM4
1
21
22
SIM5
SIM1
SIM2
SIM3
SIM4
1
21
22
SIM5
SIM1
SIM2
SIM3
SIM4
1
21
22
SIM5
SIM1
SIM2
SIM3
SIM4
1
21
22
SIM5
SIM1
SIM2
SIM3
SIM4
1
21
22
SIM5
SIM1
SIM2
SIM3
SIM4
1
21
22
SIM5
SIM1
SIM2
SIM3
SIM4
1
21
22
SIM5
SIM1
SIM2
SIM3
SIM4
1
21
22
SIM5
SIM1
SIM2
SIM3
SIM4
1
21
22
SIM5
SIM1
SIM2
SIM3
SIM4
1
21
22
SIM5
SIM1
SIM2
SIM3
SIM4
1
21
22
SIM5
SIM1
SIM2
SIM3
SIM4
1
21
22
SIM5
SIM1
SIM2
SIM3
SIM4
1
21
22
SIM5
SIM1
SIM2
SIM3
SIM4
1
21
22
SIM5
SIM1
SIM2
SIM3
SIM4
1
21
22
SIM5
SIM1
SIM2
SIM3
SIM4
1
21
22
SIM5
SIM1
SIM2
SIM3
SIM4
1
21
22
SIM5
SIM1
SIM2
SIM3
SIM4
1
21
22
SIM5
SIM1
SIM2
SIM3
SIM4
1
21
22
SIM5
SIM1
SIM2
SIM3
SIM4
1
21
22
SIM5
SIM1
SIM2
SIM3
SIM4
1
21
22
SIM5
SIM1
SIM2
SIM3
SIM4
1
21
22
SIM5
SIM1
SIM2
SIM3
SIM4
1
21
22
SIM5
SIM1
SIM2
SIM3
SIM4
1
21
22
SIM5
SIM1
SIM2
SIM3
SIM4
1
21
22
SIM5
SIM1
SIM2
SIM3
SIM4
1
21
22
SIM5
SIM1
SIM2
SIM3
SIM4
1
21
22
SIM5
SIM1
SIM2
SIM3
SIM4
1
21
22
SIM5
SIM1
SIM2
SIM3
SIM4
1
21
22
SIM5
SIM1
SIM2
SIM3
SIM4
1
21
22
SIM5
SIM1
SIM2
SIM3
SIM4
1
21
22
SIM5
SIM1
SIM2
SIM3
SIM4
1
21
22
SIM5
SIM1
SIM2
SIM3
SIM4
1
21
22
SIM5
SIM1
SIM2
SIM3
SIM4
1
21
22
SIM5
SIM1
SIM2
SIM3
SIM4
1
21
22
SIM5
SIM1
SIM2
SIM3
SIM4
1
21
22
SIM5
SIM1
SIM2
SIM3
SIM4
1
21
22
SIM5
SIM1
SIM2
SIM3
SIM4
1
21
22
SIM5
SIM1
SIM2
SIM3
SIM4
1
21
22
SIM5
SIM1
SIM2
SIM3
SIM4
1
21
22
SIM5
SIM1
SIM2
SIM3
SIM4
1
21
22
SIM5
SIM1
SIM2
SIM3
SIM4
1
21
22
SIM5
SIM1
SIM2
SIM3
SIM4
1
21
22
SIM5
SIM1
SIM2
SIM3
SIM4
1
21
22
SIM5
SIM1
SIM2
SIM3
SIM4
1
21
22
SIM5
SIM1
SIM2
SIM3
SIM4
1
21
22
SIM5
SIM1
SIM2
SIM3
SIM4
1
21
22
SIM5
SIM1
SIM2
SIM3
SIM4
1
21
22
SIM5
SIM1
SIM2
SIM3
SIM4
1
21
22
SIM5
SIM1
SIM2
SIM3
SIM4
1
21
22
SIM5
SIM1
SIM2
SIM3
SIM4
1
21
22
SIM5
SIM1
SIM2
SIM3
SIM4
1
21
22
SIM5
SIM1
SIM2
SIM3
SIM4
1
21
22
SIM5
SIM1
SIM2
SIM3
SIM4
1
21
22
SIM5
SIM1
SIM2
SIM3
SIM4
1
21
22
SIM5
SIM1
SIM2
SIM3
SIM4
1
21
22
SIM5
SIM1
SIM2
SIM3
SIM4
1
21
22
SIM5
SIM1
SIM2
SIM3
SIM4
1
21
22
SIM5
SIM1
SIM2
SIM3
SIM4
1
21
22
SIM5
SIM1
SIM2
SIM3
SIM4
1
21
22
SIM5
SIM1
SIM2
SIM3
SIM4
1
21
22
SIM5
SIM1
SIM2
SIM3
SIM4
1
21
22
SIM5
SIM1
SIM2
SIM3
SIM4
1
21
22
SIM5
SIM1
SIM2
SIM3
SIM4
1
21
22
SIM5
SIM1
SIM2
SIM3
SIM4
1
21
22
SIM5
SIM1
SIM2
SIM3
SIM4
1
21
22
SIM5
SIM1
SIM2
SIM3
SIM4
1
21
22
SIM5
SIM1
SIM2
SIM3
SIM4
1
21
22
SIM5
SIM1
SIM2
SIM3
SIM4
1
21
22
SIM5
SIM1
SIM2
SIM3
SIM4
1
21
22
SIM5
SIM1
SIM2
SIM3
SIM4
1
21
22
SIM5
SIM1
SIM2
SIM3
SIM4
1
21
22
SIM5
SIM1
SIM2
SIM3
SIM4
1
21
22
SIM5
SIM1
SIM2
SIM3
SIM4
1
21
22
SIM5
SIM1
SIM2
SIM3
SIM4
1
21
22
SIM5
SIM1
SIM2
SIM3
SIM4
1
21
22
SIM5
SIM1
SIM2
SIM3
SIM4
1
21
22
SIM5
SIM1
SIM2
SIM3
SIM4
1
21
22
SIM5
SIM1
SIM2
SIM3
SIM4
1
21
22
SIM5
SIM1
SIM2
SIM3
SIM4
1
21
22
SIM5
SIM1
SIM2
SIM3
SIM4
1
21
22
SIM5
SIM1
SIM2
SIM3
SIM4
1
21
22
SIM5
SIM1
SIM2
SIM3
SIM4
1
21
22
SIM5
SIM1
SIM2
SIM3
SIM4
1
21
22
SIM5
SIM1
SIM2
SIM3
SIM4
1
21
22
SIM5
SIM1
SIM2
SIM3
SIM4
1
21
22
SIM5
SIM1
SIM2
SIM3
SIM4
1
21
22
SIM5
SIM1
SIM2
SIM3
SIM4
1
21
22
SIM5
SIM1
SIM2
SIM3
SIM4
1
21
22
SIM5
SIM1
SIM2
SIM3
SIM4
1
21
22
SIM5
SIM1
SIM2
SIM3
SIM4
1
21
22
SIM5
SIM1
SIM2
SIM3
SIM4
1
21
22
SIM5
SIM1
SIM2
SIM3
SIM4
1
21
22
SIM5
SIM1
SIM2
SIM3
SIM4
1
21
22
SIM5
SIM1
SIM2
SIM3
SIM4
1
21
22
SIM5
SIM1
SIM2
SIM3
SIM4
1
21
22
SIM5
SIM1
SIM2
SIM3
SIM4
1
21
22
SIM5
SIM1
SIM2
SIM3
SIM4
1
21
22
SIM5
SIM1
SIM2
SIM3
SIM4
1
21
22
SIM5
SIM1
SIM2
SIM3
SIM4
1
21
22
SIM5
SIM1
SIM2
SIM3
SIM4
1
21
22
SIM5
SIM1
SIM2
SIM3
SIM4
1
21
22
SIM5
SIM1
SIM2
SIM3
SIM4
1
21
22
SIM5
SIM1
SIM2
SIM3
SIM4
1
21
22
SIM5
SIM1
SIM2
SIM3
SIM4
1
21
22
SIM5
SIM1
SIM2
SIM3
SIM4
1
21
22
SIM5
SIM1
SIM2
SIM3
SIM4
1
21
22
SIM5
SIM1
SIM2
SIM3
SIM4
1
21
22
SIM5
SIM1
SIM2
SIM3
SIM4
1
21
22
SIM5
SIM1
SIM2
SIM3
SIM4
1
21
22
SIM5
SIM1
SIM2
SIM3
SIM4
1
21
22
SIM5
SIM1
SIM2
SIM3
SIM4
1
21
22
SIM5
SIM1
SIM2
SIM3
SIM4
1
21
22
SIM5
SIM1
SIM2
SIM3
SIM4
1
21
22
SIM5
SIM1
SIM2
SIM3
SIM4
1
21
22
SIM5
SIM1
SIM2
SIM3
SIM4
1
21
22
SIM5
SIM1
SIM2
SIM3
SIM4
1
21
22
SIM5
SIM1
SIM2
SIM3
SIM4
1
21
22
SIM5
SIM1
SIM2
SIM3
SIM4
1
21
22
SIM5
SIM1
SIM2
SIM3
SIM4
1
21
22
SIM5
SIM1
SIM2
SIM3
SIM4
1
21
22
SIM5
SIM1
SIM2
SIM3
SIM4
1
21
22
SIM5
SIM1
SIM2
SIM3
SIM4
1
21
22
SIM5
SIM1
SIM2
SIM3
SIM4
1
21
22
SIM5
SIM1
SIM2
SIM3
SIM4
1
21
22
SIM5
SIM1
SIM2
SIM3
SIM4
1
21
22
SIM5
SIM1
SIM2
SIM3
SIM4
1
21
22
SIM5
SIM1
SIM2
SIM3
SIM4
1
21
22
SIM5
SIM1
SIM2
SIM3
SIM4
1
21
22
SIM5
SIM1
SIM2
SIM3
SIM4
1
21
22
SIM5
SIM1
SIM2
SIM3
SIM4
1
21
22
SIM5
SIM1
SIM2
SIM3
SIM4
1
21
22
SIM5
SIM1
SIM2
SIM3
SIM4
1
21
22
SIM5
SIM1
SIM2
SIM3
SIM4
1
21
22
SIM5
SIM1
SIM2
SIM3
SIM4
1
21
22
SIM5
SIM1
SIM2
SIM3
SIM4
1
21
22
SIM5
SIM1
SIM2
SIM3
SIM4
1
21
22
SIM5
SIM1
SIM2
SIM3
SIM4
1
21
22
SIM5
SIM1
SIM2
SIM3
SIM4
1
21
22
SIM5
SIM1
SIM2
SIM3
SIM4
1
21
22
SIM5
SIM1
SIM2
SIM3
SIM4
1
21
22
SIM5
SIM1
SIM2
SIM3
SIM4
1
21
22
SIM5
SIM1
SIM2
SIM3
SIM4
1
21
22
SIM5
SIM1
SIM2
SIM3
SIM4
1
21
22
SIM5
SIM1
SIM2
SIM3
SIM4
1
21
22
SIM5
SIM1
SIM2
SIM3
SIM4
1
21
22
SIM5
SIM1
SIM2
SIM3
SIM4
1
21
22
SIM5
SIM1
SIM2
SIM3
SIM4
1
21
22
SIM5
SIM1
SIM2
SIM3
SIM4
1
21
22
SIM5
SIM1
SIM2
SIM3
SIM4
1
21
22
SIM5
SIM1
SIM2
SIM3
SIM4
1
21
22
SIM5
SIM1
SIM2
SIM3
SIM4
1
21
22
SIM5
SIM1
SIM2
SIM3
SIM4
1
21
22
SIM5
SIM1
SIM2
SIM3
SIM4
1
21
22
SIM5
SIM1
SIM2
SIM3
SIM4
1
21
22
SIM5
SIM1
SIM2
SIM3
SIM4
1
21
22
SIM5
SIM1
SIM2
SIM3
SIM4
1
21
22
SIM5
SIM1
SIM2
SIM3
SIM4
1
21
22
SIM5
SIM1
SIM2
SIM3
SIM4
1
21
22
SIM5
SIM1
SIM2
SIM3
SIM4
1
21
22
SIM5
SIM1
SIM2
SIM3
SIM4
1
21
22
SIM5
SIM1
SIM2
SIM3
SIM4
1
21
22
SIM5
SIM1
SIM2
SIM3
SIM4
1
21
22
SIM5
SIM1
SIM2
SIM3
SIM4
1
21
22
SIM5
SIM1
SIM2
SIM3
SIM4
1
21
22
SIM5
SIM1
SIM2
SIM3
SIM4
1
21
22
SIM5
SIM1
SIM2
SIM3
SIM4
1
21
22
SIM5
SIM1
SIM2
SIM3
SIM4
1
21
22
SIM5
SIM1
SIM2
SIM3
SIM4
1
21
22
SIM5
SIM1
SIM2
SIM3
SIM4
1
21
22
SIM5
SIM1
SIM2
SIM3
SIM4
1
21
22
SIM5
SIM1
SIM2
SIM3
SIM4
1
21
22
SIM5
SIM1
SIM2
SIM3
SIM4
1
21
22
SIM5
SIM1
SIM2
SIM3
SIM4
1
21
22
SIM5
SIM1
SIM2
SIM3
SIM4
1
21
22
SIM5
SIM1
SIM2
SIM3
SIM4
1
21
22
SIM5
SIM1
SIM2
SIM3
SIM4
1
21
22
SIM5
SIM1
SIM2
SIM3
SIM4
1
21
22
SIM5
SIM1
SIM2
SIM3
SIM4
1
21
22
SIM5
SIM1
SIM2
SIM3
SIM4
1
21
22
SIM5
SIM1
SIM2
SIM3
SIM4
1
21
22
SIM5
SIM1
SIM2
SIM3
SIM4
1
21
22
SIM5
SIM1
SIM2
SIM3
SIM4
1
21
22
SIM5
SIM1
SIM2
SIM3
SIM4
1
21
22
SIM5
SIM1
SIM2
SIM3
SIM4
1
21
22
SIM5
SIM1
SIM2
SIM3
SIM4
1
21
22
SIM5
SIM1
SIM2
SIM3
SIM4
1
21
22
SIM5
SIM1
SIM2
SIM3
SIM4
1
21
22
SIM5
SIM1
SIM2
SIM3
SIM4
1
21
22
SIM5
SIM1
SIM2
SIM3
SIM4
1
21
22
SIM5
SIM1
SIM2
SIM3
SIM4
1
21
22
SIM5
SIM1
SIM2
SIM3
SIM4
1
21
22
SIM5
SIM1
SIM2
SIM3
SIM4
1
21
22
SIM5
SIM1
SIM2
SIM3
SIM4
1
21
22
SIM5
SIM1
SIM2
SIM3
SIM4
1
21
22
SIM5
SIM1
SIM2
SIM3
SIM4
1
21
22
SIM5
SIM1
SIM2
SIM3
SIM4
1
21
22
SIM5
SIM1
SIM2
SIM3
SIM4
1
21
22
SIM5
SIM1
SIM2
SIM3
SIM4
1
21
22
SIM5
SIM1
SIM2
SIM3
SIM4
1
21
22
SIM5
SIM1
SIM2
SIM3
SIM4
1
21
22
SIM5
SIM1
SIM2
SIM3
SIM4
1
21
22
SIM5
SIM1
SIM2
SIM3
SIM4
1
21
22
SIM5
SIM1
SIM2
SIM3
SIM4
1
21
22
SIM5
SIM1
SIM2
SIM3
SIM4
1
21
22
SIM5
SIM1
SIM2
SIM3
SIM4
1
21
22
SIM5
SIM1
SIM2
DEBUG 1 403
SIM1
SIM2
SIM3
SIM4
1
21
22
SIM5
SIM1
SIM2
SIM3
SIM4
1
21
22
SIM5
SIM1
SIM2
SIM3
SIM4
1
21
22
SIM5
SIM1
SIM2
SIM3
SIM4
1
21
22
SIM5
SIM1
SIM2
SIM3
SIM4
1
21
22
SIM5
SIM1
SIM2
SIM3
SIM4
1
21
22
SIM5
SIM1
SIM2
SIM3
SIM4
1
21
22
SIM5
SIM1
SIM2
SIM3
SIM4
1
21
22
SIM5
SIM1
SIM2
SIM3
SIM4
1
21
22
SIM5
SIM1
SIM2
SIM3
SIM4
1
21
22
SIM5
SIM1
SIM2
SIM3
SIM4
1
21
22
SIM5
SIM1
SIM2
SIM3
SIM4
1
21
22
SIM5
SIM1
SIM2
SIM3
SIM4
1
21
22
SIM5
SIM1
SIM2
SIM3
SIM4
1
21
22
SIM5
SIM1
SIM2
SIM3
SIM4
1
21
22
SIM5
SIM1
SIM2
SIM3
SIM4
1
21
22
SIM5
SIM1
SIM2
SIM3
SIM4
1
21
22
SIM5
SIM1
SIM2
SIM3
SIM4
1
21
22
SIM5
SIM1
SIM2
SIM3
SIM4
1
21
22
SIM5
SIM1
SIM2
SIM3
SIM4
1
21
22
SIM5
SIM1
SIM2
SIM3
SIM4
1
21
22
SIM5
SIM1
SIM2
SIM3
SIM4
1
21
22
SIM5
SIM1
SIM2
SIM3
SIM4
1
21
22
SIM5
SIM1
SIM2
SIM3
SIM4
1
21
22
SIM5
SIM1
SIM2
SIM3
SIM4
1
21
22
SIM5
SIM1
SIM2
SIM3
SIM4
1
21
22
SIM5
SIM1
SIM2
SIM3
SIM4
1
21
22
SIM5
SIM1
SIM2
SIM3
SIM4
1
21
22
SIM5
SIM1
SIM2
SIM3
SIM4
1
21
22
SIM5
SIM1
SIM2
SIM3
SIM4
1
21
22
SIM5
SIM1
SIM2
SIM3
SIM4
1
21
22
SIM5
SIM1
SIM2
SIM3
SIM4
1
21
22
SIM5
SIM1
SIM2
SIM3
SIM4
1
21
22
SIM5
SIM1
SIM2
SIM3
SIM4
1
21
22
SIM5
SIM1
SIM2
SIM3
SIM4
1
21
22
SIM5
SIM1
SIM2
SIM3
SIM4
1
21
22
SIM5
SIM1
SIM2
SIM3
SIM4
1
21
22
SIM5
SIM1
SIM2
SIM3
SIM4
1
21
22
SIM5
SIM1
SIM2
SIM3
SIM4
1
21
22
SIM5
SIM1
SIM2
SIM3
SIM4
1
21
22
SIM5
SIM1
SIM2
SIM3
SIM4
1
21
22
SIM5
SIM1
SIM2
SIM3
SIM4
1
21
22
SIM5
SIM1
SIM2
SIM3
SIM4
1
21
22
SIM5
SIM1
SIM2
SIM3
SIM4
1
21
22
SIM5
SIM1
SIM2
SIM3
SIM4
1
21
22
SIM5
SIM1
SIM2
SIM3
SIM4
1
21
22
SIM5
SIM1
SIM2
SIM3
SIM4
1
21
22
SIM5
SIM1
SIM2
SIM3
SIM4
1
21
22
SIM5
SIM1
SIM2
SIM3
SIM4
1
21
22
SIM5
SIM1
SIM2
SIM3
SIM4
1
21
22
SIM5
SIM1
SIM2
SIM3
SIM4
1
21
22
SIM5
SIM1
SIM2
SIM3
SIM4
1
21
22
SIM5
SIM1
SIM2
SIM3
SIM4
1
21
22
SIM5
SIM1
SIM2
SIM3
SIM4
1
21
22
SIM5
SIM1
SIM2
SIM3
SIM4
1
21
22
SIM5
SIM1
SIM2
SIM3
SIM4
1
21
22
SIM5
SIM1
SIM2
SIM3
SIM4
1
21
22
SIM5
SIM1
SIM2
SIM3
SIM4
1
21
22
SIM5
SIM1
SIM2
SIM3
SIM4
1
21
22
SIM5
SIM1
SIM2
SIM3
SIM4
1
21
22
SIM5
SIM1
SIM2
SIM3
SIM4
1
21
22
SIM5
SIM1
SIM2
SIM3
SIM4
1
21
22
SIM5
SIM1
SIM2
SIM3
SIM4
1
21
22
SIM5
SIM1
SIM2
SIM3
SIM4
1
21
22
SIM5
SIM1
SIM2
SIM3
SIM4
1
21
22
SIM5
SIM1
SIM2
SIM3
SIM4
1
21
22
SIM5
SIM1
SIM2
SIM3
SIM4
1
21
22
SIM5
SIM1
SIM2
SIM3
SIM4
1
21
22
SIM5
SIM1
SIM2
SIM3
SIM4
1
21
22
SIM5
SIM1
SIM2
SIM3
SIM4
1
21
22
SIM5
SIM1
SIM2
SIM3
SIM4
1
21
22
SIM5
SIM1
SIM2
SIM3
SIM4
1
21
22
SIM5
SIM1
SIM2
SIM3
SIM4
1
21
22
SIM5
SIM1
SIM2
SIM3
SIM4
1
21
22
SIM5
SIM1
SIM2
SIM3
SIM4
1
21
22
SIM5
SIM1
SIM2
SIM3
SIM4
1
21
22
SIM5
SIM1
SIM2
SIM3
SIM4
1
21
22
SIM5
SIM1
SIM2
SIM3
SIM4
1
21
22
SIM5
SIM1
SIM2
SIM3
SIM4
1
21
22
SIM5
SIM1
SIM2
SIM3
SIM4
1
21
22
SIM5
SIM1
SIM2
SIM3
SIM4
1
21
22
SIM5
SIM1
SIM2
SIM3
SIM4
1
21
22
SIM5
SIM1
SIM2
SIM3
SIM4
1
21
22
SIM5
SIM1
SIM2
SIM3
SIM4
1
21
22
SIM5
SIM1
SIM2
SIM3
SIM4
1
21
22
SIM5
SIM1
SIM2
SIM3
SIM4
1
21
22
SIM5
SIM1
SIM2
SIM3
SIM4
1
21
22
SIM5
SIM1
SIM2
SIM3
SIM4
1
21
22
SIM5
SIM1
SIM2
SIM3
SIM4
1
21
22
SIM5
SIM1
SIM2
SIM3
SIM4
1
21
22
SIM5
SIM1
SIM2
SIM3
SIM4
1
21
22
SIM5
SIM1
SIM2
SIM3
SIM4
1
21
22
SIM5
SIM1
SIM2
SIM3
SIM4
1
21
22
SIM5
SIM1
SIM2
SIM3
SIM4
1
21
22
SIM5
SIM1
SIM2
SIM3
SIM4
1
21
22
SIM5
SIM1
SIM2
SIM3
SIM4
1
21
22
SIM5
SIM1
SIM2
SIM3
SIM4
1
21
22
SIM5
SIM1
SIM2
SIM3
SIM4
1
21
22
SIM5
SIM1
SIM2
SIM3
SIM4
1
21
22
SIM5
SIM1
SIM2
SIM3
SIM4
1
21
22
SIM5
SIM1
SIM2
SIM3
SIM4
1
21
22
SIM5
SIM1
SIM2
SIM3
SIM4
1
21
22
SIM5
SIM1
SIM2
SIM3
SIM4
1
21
22
SIM5
SIM1
SIM2
SIM3
SIM4
1
21
22
SIM5
SIM1
SIM2
SIM3
SIM4
1
21
22
SIM5
SIM1
SIM2
SIM3
SIM4
1
21
22
SIM5
SIM1
SIM2
SIM3
SIM4
1
21
22
SIM5
SIM1
SIM2
SIM3
SIM4
1
21
22
SIM5
SIM1
SIM2
SIM3
SIM4
1
21
22
SIM5
SIM1
SIM2
SIM3
SIM4
1
21
22
SIM5
SIM1
SIM2
SIM3
SIM4
1
21
22
SIM5
SIM1
SIM2
SIM3
SIM4
1
21
22
SIM5
SIM1
SIM2
SIM3
SIM4
1
21
22
SIM5
SIM1
SIM2
SIM3
SIM4
1
21
22
SIM5
SIM1
SIM2
SIM3
SIM4
1
21
22
SIM5
SIM1
SIM2
SIM3
SIM4
1
21
22
SIM5
SIM1
SIM2
SIM3
SIM4
1
21
22
SIM5
SIM1
SIM2
SIM3
SIM4
1
21
22
SIM5
SIM1
SIM2
SIM3
SIM4
1
21
22
SIM5
SIM1
SIM2
SIM3
SIM4
1
21
22
SIM5
SIM1
SIM2
SIM3
SIM4
1
21
22
SIM5
SIM1
SIM2
SIM3
SIM4
1
21
22
SIM5
SIM1
SIM2
SIM3
SIM4
1
21
22
SIM5
SIM1
SIM2
SIM3
SIM4
1
21
22
SIM5
SIM1
SIM2
SIM3
SIM4
1
21
22
SIM5
SIM1
SIM2
SIM3
SIM4
1
21
22
SIM5
SIM1
SIM2
SIM3
SIM4
1
21
22
SIM5
SIM1
SIM2
SIM3
SIM4
1
21
22
SIM5
SIM1
SIM2
SIM3
SIM4
1
21
22
SIM5
SIM1
SIM2
SIM3
SIM4
1
21
22
SIM5
SIM1
SIM2
SIM3
SIM4
1
21
22
SIM5
SIM1
SIM2
SIM3
SIM4
1
21
22
SIM5
SIM1
SIM2
SIM3
SIM4
1
21
22
SIM5
SIM1
SIM2
SIM3
SIM4
1
21
22
SIM5
SIM1
SIM2
SIM3
SIM4
1
21
22
SIM5
SIM1
SIM2
SIM3
SIM4
1
21
22
SIM5
SIM1
SIM2
SIM3
SIM4
1
21
22
SIM5
SIM1
SIM2
SIM3
SIM4
1
21
22
SIM5
SIM1
SIM2
SIM3
SIM4
1
21
22
SIM5
SIM1
SIM2
SIM3
SIM4
1
21
22
SIM5
SIM1
SIM2
SIM3
SIM4
1
21
22
SIM5
SIM1
SIM2
SIM3
SIM4
1
21
22
SIM5
SIM1
SIM2
SIM3
SIM4
1
21
22
SIM5
SIM1
SIM2
SIM3
SIM4
1
21
22
SIM5
SIM1
SIM2
SIM3
SIM4
1
21
22
SIM5
SIM1
SIM2
SIM3
SIM4
1
21
22
SIM5
SIM1
SIM2
SIM3
SIM4
1
21
22
SIM5
SIM1
SIM2
SIM3
SIM4
1
21
22
SIM5
SIM1
SIM2
SIM3
SIM4
1
21
22
SIM5
SIM1
SIM2
SIM3
SIM4
1
21
22
SIM5
SIM1
SIM2
SIM3
SIM4
1
21
22
SIM5
SIM1
SIM2
SIM3
SIM4
1
21
22
SIM5
SIM1
SIM2
SIM3
SIM4
1
21
22
SIM5
SIM1
SIM2
SIM3
SIM4
1
21
22
SIM5
SIM1
SIM2
SIM3
SIM4
1
21
22
SIM5
SIM1
SIM2
SIM3
SIM4
1
21
22
SIM5
SIM1
SIM2
SIM3
SIM4
1
21
22
SIM5
SIM1
SIM2
SIM3
SIM4
1
21
22
SIM5
SIM1
SIM2
SIM3
SIM4
1
21
22
SIM5
SIM1
SIM2
SIM3
SIM4
1
21
22
SIM5
SIM1
SIM2
SIM3
SIM4
1
21
22
SIM5
SIM1
SIM2
SIM3
SIM4
1
21
22
SIM5
SIM1
SIM2
SIM3
SIM4
1
21
22
SIM5
SIM1
SIM2
SIM3
SIM4
1
21
22
SIM5
SIM1
SIM2
SIM3
SIM4
1
21
22
SIM5
SIM1
SIM2
SIM3
SIM4
1
21
22
SIM5
SIM1
SIM2
SIM3
SIM4
1
21
22
SIM5
SIM1
SIM2
SIM3
SIM4
1
21
22
SIM5
SIM1
SIM2
DEBUG 1 404
SIM1
SIM2
SIM3
SIM4
1
21
22
SIM5
SIM1
SIM2
SIM3
SIM4
1
21
22
SIM5
SIM1
SIM2
SIM3
SIM4
1
21
22
SIM5
SIM1
SIM2
SIM3
SIM4
1
21
22
SIM5
SIM1
SIM2
SIM3
SIM4
1
21
22
SIM5
SIM1
SIM2
SIM3
SIM4
1
21
22
SIM5
SIM1
SIM2
SIM3
SIM4
1
21
22
SIM5
SIM1
SIM2
SIM3
SIM4
1
21
22
SIM5
SIM1
SIM2
SIM3
SIM4
1
21
22
SIM5
SIM1
SIM2
SIM3
SIM4
1
21
22
SIM5
SIM1
SIM2
SIM3
SIM4
1
21
22
SIM5
SIM1
SIM2
SIM3
SIM4
1
21
22
SIM5
SIM1
SIM2
SIM3
SIM4
1
21
22
SIM5
SIM1
SIM2
SIM3
SIM4
1
21
22
SIM5
SIM1
SIM2
SIM3
SIM4
1
21
22
SIM5
SIM1
SIM2
SIM3
SIM4
1
21
22
SIM5
SIM1
SIM2
SIM3
SIM4
1
21
22
SIM5
SIM1
SIM2
SIM3
SIM4
1
21
22
SIM5
SIM1
SIM2
SIM3
SIM4
1
21
22
SIM5
SIM1
SIM2
SIM3
SIM4
1
21
22
SIM5
SIM1
SIM2
SIM3
SIM4
1
21
22
SIM5
SIM1
SIM2
SIM3
SIM4
1
21
22
SIM5
SIM1
SIM2
SIM3
SIM4
1
21
22
SIM5
SIM1
SIM2
SIM3
SIM4
1
21
22
SIM5
SIM1
SIM2
SIM3
SIM4
1
21
22
SIM5
SIM1
SIM2
SIM3
SIM4
1
21
22
SIM5
SIM1
SIM2
SIM3
SIM4
1
21
22
SIM5
SIM1
SIM2
SIM3
SIM4
1
21
22
SIM5
SIM1
SIM2
SIM3
SIM4
1
21
22
SIM5
SIM1
SIM2
SIM3
SIM4
1
21
22
SIM5
SIM1
SIM2
SIM3
SIM4
1
21
22
SIM5
SIM1
SIM2
DEBUG 1 405
SIM1
SIM2
SIM3
SIM4
1
21
22
SIM5
SIM1
SIM2
SIM3
SIM4
1
21
22
SIM5
SIM1
SIM2
SIM3
SIM4
1
21
22
SIM5
SIM1
SIM2
SIM3
SIM4
1
21
22
SIM5
SIM1
SIM2
SIM3
SIM4
1
21
22
SIM5
SIM1
SIM2
SIM3
SIM4
1
21
22
SIM5
SIM1
SIM2
SIM3
SIM4
1
21
22
SIM5
SIM1
SIM2
SIM3
SIM4
1
21
22
SIM5
SIM1
SIM2
SIM3
SIM4
1
21
22
SIM5
SIM1
SIM2
SIM3
SIM4
1
21
22
SIM5
SIM1
SIM2
SIM3
SIM4
1
21
22
SIM5
SIM1
SIM2
SIM3
SIM4
1
21
22
SIM5
SIM1
SIM2
SIM3
SIM4
1
21
22
SIM5
SIM1
SIM2
SIM3
SIM4
1
21
22
SIM5
SIM1
SIM2
SIM3
SIM4
1
21
22
SIM5
SIM1
SIM2
SIM3
SIM4
1
21
22
SIM5
SIM1
SIM2
SIM3
SIM4
1
21
22
SIM5
SIM1
SIM2
SIM3
SIM4
1
21
22
SIM5
SIM1
SIM2
SIM3
SIM4
1
21
22
SIM5
SIM1
SIM2
SIM3
SIM4
1
21
22
SIM5
SIM1
SIM2
SIM3
SIM4
1
21
22
SIM5
SIM1
SIM2
SIM3
SIM4
1
21
22
SIM5
SIM1
SIM2
SIM3
SIM4
1
21
22
SIM5
SIM1
SIM2
SIM3
SIM4
1
21
22
SIM5
SIM1
SIM2
SIM3
SIM4
1
21
22
SIM5
SIM1
SIM2
SIM3
SIM4
1
21
22
SIM5
SIM1
SIM2
SIM3
SIM4
1
21
22
SIM5
SIM1
SIM2
SIM3
SIM4
1
21
22
SIM5
SIM1
SIM2
SIM3
SIM4
1
21
22
SIM5
SIM1
SIM2
SIM3
SIM4
1
21
22
SIM5
SIM1
SIM2
SIM3
SIM4
1
21
22
SIM5
SIM1
SIM2
SIM3
SIM4
1
21
22
SIM5
SIM1
SIM2
SIM3
SIM4
1
21
22
SIM5
SIM1
SIM2
SIM3
SIM4
1
21
22
SIM5
SIM1
SIM2
SIM3
SIM4
1
21
22
SIM5
SIM1
SIM2
SIM3
SIM4
1
21
22
SIM5
SIM1
SIM2
SIM3
SIM4
1
21
22
SIM5
SIM1
SIM2
SIM3
SIM4
1
21
22
SIM5
SIM1
SIM2
SIM3
SIM4
1
21
22
SIM5
SIM1
SIM2
SIM3
SIM4
1
21
22
SIM5
SIM1
SIM2
SIM3
SIM4
1
21
22
SIM5
SIM1
SIM2
SIM3
SIM4
1
21
22
SIM5
SIM1
SIM2
SIM3
SIM4
1
21
22
SIM5
SIM1
SIM2
SIM3
SIM4
1
21
22
SIM5
SIM1
SIM2
SIM3
SIM4
1
21
22
SIM5
SIM1
SIM2
SIM3
SIM4
1
21
22
SIM5
SIM1
SIM2
SIM3
SIM4
1
21
22
SIM5
SIM1
SIM2
SIM3
SIM4
1
21
22
SIM5
SIM1
SIM2
SIM3
SIM4
1
21
22
SIM5
SIM1
SIM2
SIM3
SIM4
1
21
22
SIM5
SIM1
SIM2
SIM3
SIM4
1
21
22
SIM5
SIM1
SIM2
SIM3
SIM4
1
21
22
SIM5
SIM1
SIM2
SIM3
SIM4
1
21
22
SIM5
SIM1
SIM2
SIM3
SIM4
1
21
22
SIM5
SIM1
SIM2
SIM3
SIM4
1
21
22
SIM5
SIM1
SIM2
SIM3
SIM4
1
21
22
SIM5
SIM1
SIM2
SIM3
SIM4
1
21
22
SIM5
SIM1
SIM2
SIM3
SIM4
1
21
22
SIM5
SIM1
SIM2
SIM3
SIM4
1
21
22
SIM5
SIM1
SIM2
SIM3
SIM4
1
21
22
SIM5
SIM1
SIM2
SIM3
SIM4
1
21
22
SIM5
SIM1
SIM2
SIM3
SIM4
1
21
22
SIM5
SIM1
SIM2
SIM3
SIM4
1
21
22
SIM5
SIM1
SIM2
SIM3
SIM4
1
21
22
SIM5
SIM1
SIM2
SIM3
SIM4
1
21
22
SIM5
SIM1
SIM2
SIM3
SIM4
1
21
22
SIM5
SIM1
SIM2
SIM3
SIM4
1
21
22
SIM5
SIM1
SIM2
SIM3
SIM4
1
21
22
SIM5
SIM1
SIM2
SIM3
SIM4
1
21
22
SIM5
SIM1
SIM2
SIM3
SIM4
1
21
22
SIM5
SIM1
SIM2
SIM3
SIM4
1
21
22
SIM5
SIM1
SIM2
SIM3
SIM4
1
21
22
SIM5
SIM1
SIM2
SIM3
SIM4
1
21
22
SIM5
SIM1
SIM2
SIM3
SIM4
1
21
22
SIM5
SIM1
SIM2
SIM3
SIM4
1
21
22
SIM5
SIM1
SIM2
SIM3
SIM4
1
21
22
SIM5
SIM1
SIM2
SIM3
SIM4
1
21
22
SIM5
SIM1
SIM2
SIM3
SIM4
1
21
22
SIM5
SIM1
SIM2
SIM3
SIM4
1
21
22
SIM5
SIM1
SIM2
SIM3
SIM4
1
21
22
SIM5
SIM1
SIM2
SIM3
SIM4
1
21
22
SIM5
SIM1
SIM2
SIM3
SIM4
1
21
22
SIM5
SIM1
SIM2
SIM3
SIM4
1
21
22
SIM5
SIM1
SIM2
SIM3
SIM4
1
21
22
SIM5
SIM1
SIM2
SIM3
SIM4
1
21
22
SIM5
SIM1
SIM2
SIM3
SIM4
1
21
22
SIM5
SIM1
SIM2
SIM3
SIM4
1
21
22
SIM5
SIM1
SIM2
SIM3
SIM4
1
21
22
SIM5
SIM1
SIM2
SIM3
SIM4
1
21
22
SIM5
SIM1
SIM2
SIM3
SIM4
1
21
22
SIM5
SIM1
SIM2
SIM3
SIM4
1
21
22
SIM5
SIM1
SIM2
SIM3
SIM4
1
21
22
SIM5
SIM1
SIM2
SIM3
SIM4
1
21
22
SIM5
SIM1
SIM2
SIM3
SIM4
1
21
22
SIM5
SIM1
SIM2
SIM3
SIM4
1
21
22
SIM5
SIM1
SIM2
SIM3
SIM4
1
21
22
SIM5
SIM1
SIM2
SIM3
SIM4
1
21
22
SIM5
SIM1
SIM2
SIM3
SIM4
1
21
22
SIM5
SIM1
SIM2
SIM3
SIM4
1
21
22
SIM5
SIM1
SIM2
SIM3
SIM4
1
21
22
SIM5
SIM1
SIM2
SIM3
SIM4
1
21
22
SIM5
SIM1
SIM2
SIM3
SIM4
1
21
22
SIM5
SIM1
SIM2
SIM3
SIM4
1
21
22
SIM5
SIM1
SIM2
SIM3
SIM4
1
21
22
SIM5
SIM1
SIM2
SIM3
SIM4
1
21
22
SIM5
SIM1
SIM2
SIM3
SIM4
1
21
22
SIM5
SIM1
SIM2
SIM3
SIM4
1
21
22
SIM5
SIM1
SIM2
SIM3
SIM4
1
21
22
SIM5
SIM1
SIM2
SIM3
SIM4
1
21
22
SIM5
SIM1
SIM2
SIM3
SIM4
1
21
22
SIM5
SIM1
SIM2
SIM3
SIM4
1
21
22
SIM5
SIM1
SIM2
SIM3
SIM4
1
21
22
SIM5
SIM1
SIM2
SIM3
SIM4
1
21
22
SIM5
SIM1
SIM2
SIM3
SIM4
1
21
22
SIM5
SIM1
SIM2
SIM3
SIM4
1
21
22
SIM5
SIM1
SIM2
SIM3
SIM4
1
21
22
SIM5
SIM1
SIM2
SIM3
SIM4
1
21
22
SIM5
SIM1
SIM2
SIM3
SIM4
1
21
22
SIM5
SIM1
SIM2
SIM3
SIM4
1
21
22
SIM5
SIM1
SIM2
SIM3
SIM4
1
21
22
SIM5
SIM1
SIM2
SIM3
SIM4
1
21
22
SIM5
SIM1
SIM2
SIM3
SIM4
1
21
22
SIM5
SIM1
SIM2
SIM3
SIM4
1
21
22
SIM5
SIM1
SIM2
SIM3
SIM4
1
21
22
SIM5
SIM1
SIM2
SIM3
SIM4
1
21
22
SIM5
SIM1
SIM2
SIM3
SIM4
1
21
22
SIM5
SIM1
SIM2
SIM3
SIM4
1
21
22
SIM5
SIM1
SIM2
SIM3
SIM4
1
21
22
SIM5
SIM1
SIM2
SIM3
SIM4
1
21
22
SIM5
SIM1
SIM2
SIM3
SIM4
1
21
22
SIM5
SIM1
SIM2
SIM3
SIM4
1
21
22
SIM5
SIM1
SIM2
SIM3
SIM4
1
21
22
SIM5
SIM1
SIM2
SIM3
SIM4
1
21
22
SIM5
SIM1
SIM2
SIM3
SIM4
1
21
22
SIM5
SIM1
SIM2
SIM3
SIM4
1
21
22
SIM5
SIM1
SIM2
SIM3
SIM4
1
21
22
SIM5
SIM1
SIM2
SIM3
SIM4
1
21
22
SIM5
SIM1
SIM2
SIM3
SIM4
1
21
22
SIM5
SIM1
SIM2
SIM3
SIM4
1
21
22
SIM5
SIM1
SIM2
SIM3
SIM4
1
21
22
SIM5
SIM1
SIM2
SIM3
SIM4
1
21
22
SIM5
SIM1
SIM2
DEBUG 1 406
SIM1
SIM2
SIM3
SIM4
1
21
22
SIM5
SIM1
SIM2
SIM3
SIM4
1
21
22
SIM5
SIM1
SIM2
SIM3
SIM4
1
21
22
SIM5
SIM1
SIM2
SIM3
SIM4
1
21
22
SIM5
SIM1
SIM2
SIM3
SIM4
1
21
22
SIM5
SIM1
SIM2
SIM3
SIM4
1
21
22
SIM5
SIM1
SIM2
SIM3
SIM4
1
21
22
SIM5
SIM1
SIM2
SIM3
SIM4
1
21
22
SIM5
SIM1
SIM2
SIM3
SIM4
1
21
22
SIM5
SIM1
SIM2
SIM3
SIM4
1
21
22
SIM5
SIM1
SIM2
SIM3
SIM4
1
21
22
SIM5
SIM1
SIM2
SIM3
SIM4
1
21
22
SIM5
SIM1
SIM2
SIM3
SIM4
1
21
22
SIM5
SIM1
SIM2
SIM3
SIM4
1
21
22
SIM5
SIM1
SIM2
SIM3
SIM4
1
21
22
SIM5
SIM1
SIM2
SIM3
SIM4
1
21
22
SIM5
SIM1
SIM2
SIM3
SIM4
1
21
22
SIM5
SIM1
SIM2
SIM3
SIM4
1
21
22
SIM5
SIM1
SIM2
SIM3
SIM4
1
21
22
SIM5
SIM1
SIM2
SIM3
SIM4
1
21
22
SIM5
SIM1
SIM2
SIM3
SIM4
1
21
22
SIM5
SIM1
SIM2
SIM3
SIM4
1
21
22
SIM5
SIM1
SIM2
SIM3
SIM4
1
21
22
SIM5
SIM1
SIM2
SIM3
SIM4
1
21
22
SIM5
SIM1
SIM2
SIM3
SIM4
1
21
22
SIM5
SIM1
SIM2
SIM3
SIM4
1
21
22
SIM5
SIM1
SIM2
SIM3
SIM4
1
21
22
SIM5
SIM1
SIM2
SIM3
SIM4
1
21
22
SIM5
SIM1
SIM2
SIM3
SIM4
1
21
22
SIM5
SIM1
SIM2
SIM3
SIM4
1
21
22
SIM5
SIM1
SIM2
SIM3
SIM4
1
21
22
SIM5
SIM1
SIM2
SIM3
SIM4
1
21
22
SIM5
SIM1
SIM2
SIM3
SIM4
1
21
22
SIM5
SIM1
SIM2
SIM3
SIM4
1
21
22
SIM5
SIM1
SIM2
SIM3
SIM4
1
21
22
SIM5
SIM1
SIM2
SIM3
SIM4
1
21
22
SIM5
SIM1
SIM2
SIM3
SIM4
1
21
22
SIM5
SIM1
SIM2
SIM3
SIM4
1
21
22
SIM5
SIM1
SIM2
SIM3
SIM4
1
21
22
SIM5
SIM1
SIM2
SIM3
SIM4
1
21
22
SIM5
SIM1
SIM2
SIM3
SIM4
1
21
22
SIM5
SIM1
SIM2
SIM3
SIM4
1
21
22
SIM5
SIM1
SIM2
SIM3
SIM4
1
21
22
SIM5
SIM1
SIM2
SIM3
SIM4
1
21
22
SIM5
SIM1
SIM2
SIM3
SIM4
1
21
22
SIM5
SIM1
SIM2
SIM3
SIM4
1
21
22
SIM5
SIM1
SIM2
SIM3
SIM4
1
21
22
SIM5
SIM1
SIM2
SIM3
SIM4
1
21
22
SIM5
SIM1
SIM2
SIM3
SIM4
1
21
22
SIM5
SIM1
SIM2
SIM3
SIM4
1
21
22
SIM5
SIM1
SIM2
SIM3
SIM4
1
21
22
SIM5
SIM1
SIM2
SIM3
SIM4
1
21
22
SIM5
SIM1
SIM2
SIM3
SIM4
1
21
22
SIM5
SIM1
SIM2
SIM3
SIM4
1
21
22
SIM5
SIM1
SIM2
SIM3
SIM4
1
21
22
SIM5
SIM1
SIM2
SIM3
SIM4
1
21
22
SIM5
SIM1
SIM2
SIM3
SIM4
1
21
22
SIM5
SIM1
SIM2
SIM3
SIM4
1
21
22
SIM5
SIM1
SIM2
SIM3
SIM4
1
21
22
SIM5
SIM1
SIM2
SIM3
SIM4
1
21
22
SIM5
SIM1
SIM2
SIM3
SIM4
1
21
22
SIM5
SIM1
SIM2
SIM3
SIM4
1
21
22
SIM5
SIM1
SIM2
SIM3
SIM4
1
21
22
SIM5
SIM1
SIM2
SIM3
SIM4
1
21
22
SIM5
SIM1
SIM2
SIM3
SIM4
1
21
22
SIM5
SIM1
SIM2
SIM3
SIM4
1
21
22
SIM5
SIM1
SIM2
SIM3
SIM4
1
21
22
SIM5
SIM1
SIM2
SIM3
SIM4
1
21
22
SIM5
SIM1
SIM2
SIM3
SIM4
1
21
22
SIM5
SIM1
SIM2
SIM3
SIM4
1
21
22
SIM5
SIM1
SIM2
SIM3
SIM4
1
21
22
SIM5
SIM1
SIM2
SIM3
SIM4
1
21
22
SIM5
SIM1
SIM2
SIM3
SIM4
1
21
22
SIM5
SIM1
SIM2
SIM3
SIM4
1
21
22
SIM5
SIM1
SIM2
SIM3
SIM4
1
21
22
SIM5
SIM1
SIM2
SIM3
SIM4
1
21
22
SIM5
SIM1
SIM2
SIM3
SIM4
1
21
22
SIM5
SIM1
SIM2
SIM3
SIM4
1
21
22
SIM5
SIM1
SIM2
SIM3
SIM4
1
21
22
SIM5
SIM1
SIM2
SIM3
SIM4
1
21
22
SIM5
SIM1
SIM2
SIM3
SIM4
1
21
22
SIM5
SIM1
SIM2
SIM3
SIM4
1
21
22
SIM5
SIM1
SIM2
SIM3
SIM4
1
21
22
SIM5
SIM1
SIM2
SIM3
SIM4
1
21
22
SIM5
SIM1
SIM2
SIM3
SIM4
1
21
22
SIM5
SIM1
SIM2
SIM3
SIM4
1
21
22
SIM5
SIM1
SIM2
SIM3
SIM4
1
21
22
SIM5
SIM1
SIM2
SIM3
SIM4
1
21
22
SIM5
SIM1
SIM2
SIM3
SIM4
1
21
22
SIM5
SIM1
SIM2
SIM3
SIM4
1
21
22
SIM5
SIM1
SIM2
SIM3
SIM4
1
21
22
SIM5
SIM1
SIM2
DEBUG 1 407
SIM1
SIM2
SIM3
SIM4
1
21
22
SIM5
SIM1
SIM2
SIM3
SIM4
1
21
22
SIM5
SIM1
SIM2
SIM3
SIM4
1
21
22
SIM5
SIM1
SIM2
SIM3
SIM4
1
21
22
SIM5
SIM1
SIM2
SIM3
SIM4
1
21
22
SIM5
SIM1
SIM2
SIM3
SIM4
1
21
22
SIM5
SIM1
SIM2
SIM3
SIM4
1
21
22
SIM5
SIM1
SIM2
SIM3
SIM4
1
21
22
SIM5
SIM1
SIM2
SIM3
SIM4
1
21
22
SIM5
SIM1
SIM2
SIM3
SIM4
1
21
22
SIM5
SIM1
SIM2
SIM3
SIM4
1
21
22
SIM5
SIM1
SIM2
SIM3
SIM4
1
21
22
SIM5
SIM1
SIM2
SIM3
SIM4
1
21
22
SIM5
SIM1
SIM2
SIM3
SIM4
1
21
22
SIM5
SIM1
SIM2
SIM3
SIM4
1
21
22
SIM5
SIM1
SIM2
SIM3
SIM4
1
21
22
SIM5
SIM1
SIM2
SIM3
SIM4
1
21
22
SIM5
SIM1
SIM2
SIM3
SIM4
1
21
22
SIM5
SIM1
SIM2
SIM3
SIM4
1
21
22
SIM5
SIM1
SIM2
SIM3
SIM4
1
21
22
SIM5
SIM1
SIM2
SIM3
SIM4
1
21
22
SIM5
SIM1
SIM2
SIM3
SIM4
1
21
22
SIM5
SIM1
SIM2
SIM3
SIM4
1
21
22
SIM5
SIM1
SIM2
SIM3
SIM4
1
21
22
SIM5
SIM1
SIM2
SIM3
SIM4
1
21
22
SIM5
SIM1
SIM2
SIM3
SIM4
1
21
22
SIM5
SIM1
SIM2
SIM3
SIM4
1
21
22
SIM5
SIM1
SIM2
SIM3
SIM4
1
21
22
SIM5
SIM1
SIM2
SIM3
SIM4
1
21
22
SIM5
SIM1
SIM2
SIM3
SIM4
1
21
22
SIM5
SIM1
SIM2
SIM3
SIM4
1
21
22
SIM5
SIM1
SIM2
SIM3
SIM4
1
21
22
SIM5
SIM1
SIM2
SIM3
SIM4
1
21
22
SIM5
SIM1
SIM2
SIM3
SIM4
1
21
22
SIM5
SIM1
SIM2
SIM3
SIM4
1
21
22
SIM5
SIM1
SIM2
SIM3
SIM4
1
21
22
SIM5
SIM1
SIM2
SIM3
SIM4
1
21
22
SIM5
SIM1
SIM2
SIM3
SIM4
1
21
22
SIM5
SIM1
SIM2
SIM3
SIM4
1
21
22
SIM5
SIM1
SIM2
SIM3
SIM4
1
21
22
SIM5
SIM1
SIM2
SIM3
SIM4
1
21
22
SIM5
SIM1
SIM2
SIM3
SIM4
1
21
22
SIM5
SIM1
SIM2
SIM3
SIM4
1
21
22
SIM5
SIM1
SIM2
SIM3
SIM4
1
21
22
SIM5
SIM1
SIM2
SIM3
SIM4
1
21
22
SIM5
SIM1
SIM2
SIM3
SIM4
1
21
22
SIM5
SIM1
SIM2
SIM3
SIM4
1
21
22
SIM5
SIM1
SIM2
SIM3
SIM4
1
21
22
SIM5
SIM1
SIM2
SIM3
SIM4
1
21
22
SIM5
SIM1
SIM2
SIM3
SIM4
1
21
22
SIM5
SIM1
SIM2
SIM3
SIM4
1
21
22
SIM5
SIM1
SIM2
SIM3
SIM4
1
21
22
SIM5
SIM1
SIM2
SIM3
SIM4
1
21
22
SIM5
SIM1
SIM2
SIM3
SIM4
1
21
22
SIM5
SIM1
SIM2
SIM3
SIM4
1
21
22
SIM5
SIM1
SIM2
SIM3
SIM4
1
21
22
SIM5
SIM1
SIM2
SIM3
SIM4
1
21
22
SIM5
SIM1
SIM2
SIM3
SIM4
1
21
22
SIM5
SIM1
SIM2
SIM3
SIM4
1
21
22
SIM5
SIM1
SIM2
SIM3
SIM4
1
21
22
SIM5
SIM1
SIM2
SIM3
SIM4
1
21
22
SIM5
SIM1
SIM2
SIM3
SIM4
1
21
22
SIM5
SIM1
SIM2
SIM3
SIM4
1
21
22
SIM5
SIM1
SIM2
SIM3
SIM4
1
21
22
SIM5
SIM1
SIM2
SIM3
SIM4
1
21
22
SIM5
SIM1
SIM2
SIM3
SIM4
1
21
22
SIM5
SIM1
SIM2
SIM3
SIM4
1
21
22
SIM5
SIM1
SIM2
SIM3
SIM4
1
21
22
SIM5
SIM1
SIM2
SIM3
SIM4
1
21
22
SIM5
SIM1
SIM2
SIM3
SIM4
1
21
22
SIM5
SIM1
SIM2
SIM3
SIM4
1
21
22
SIM5
SIM1
SIM2
SIM3
SIM4
1
21
22
SIM5
SIM1
SIM2
SIM3
SIM4
1
21
22
SIM5
SIM1
SIM2
SIM3
SIM4
1
21
22
SIM5
SIM1
SIM2
SIM3
SIM4
1
21
22
SIM5
SIM1
SIM2
SIM3
SIM4
1
21
22
SIM5
SIM1
SIM2
SIM3
SIM4
1
21
22
SIM5
SIM1
SIM2
SIM3
SIM4
1
21
22
SIM5
SIM1
SIM2
SIM3
SIM4
1
21
22
SIM5
SIM1
SIM2
SIM3
SIM4
1
21
22
SIM5
SIM1
SIM2
SIM3
SIM4
1
21
22
SIM5
SIM1
SIM2
SIM3
SIM4
1
21
22
SIM5
SIM1
SIM2
SIM3
SIM4
1
21
22
SIM5
SIM1
SIM2
SIM3
SIM4
1
21
22
SIM5
SIM1
SIM2
SIM3
SIM4
1
21
22
SIM5
SIM1
SIM2
SIM3
SIM4
1
21
22
SIM5
SIM1
SIM2
SIM3
SIM4
1
21
22
SIM5
SIM1
SIM2
SIM3
SIM4
1
21
22
SIM5
SIM1
SIM2
SIM3
SIM4
1
21
22
SIM5
SIM1
SIM2
SIM3
SIM4
1
21
22
SIM5
SIM1
SIM2
SIM3
SIM4
1
21
22
SIM5
SIM1
SIM2
SIM3
SIM4
1
21
22
SIM5
SIM1
SIM2
SIM3
SIM4
1
21
22
SIM5
SIM1
SIM2
SIM3
SIM4
1
21
22
SIM5
SIM1
SIM2
SIM3
SIM4
1
21
22
SIM5
SIM1
SIM2
SIM3
SIM4
1
21
22
SIM5
SIM1
SIM2
SIM3
SIM4
1
21
22
SIM5
SIM1
SIM2
SIM3
SIM4
1
21
22
SIM5
SIM1
SIM2
SIM3
SIM4
1
21
22
SIM5
SIM1
SIM2
SIM3
SIM4
1
21
22
SIM5
SIM1
SIM2
SIM3
SIM4
1
21
22
SIM5
SIM1
SIM2
SIM3
SIM4
1
21
22
SIM5
SIM1
SIM2
SIM3
SIM4
1
21
22
SIM5
SIM1
SIM2
SIM3
SIM4
1
21
22
SIM5
SIM1
SIM2
SIM3
SIM4
1
21
22
SIM5
SIM1
SIM2
SIM3
SIM4
1
21
22
SIM5
SIM1
SIM2
SIM3
SIM4
1
21
22
SIM5
SIM1
SIM2
SIM3
SIM4
1
21
22
SIM5
SIM1
SIM2
SIM3
SIM4
1
21
22
SIM5
SIM1
SIM2
SIM3
SIM4
1
21
22
SIM5
SIM1
SIM2
SIM3
SIM4
1
21
22
SIM5
SIM1
SIM2
SIM3
SIM4
1
21
22
SIM5
SIM1
SIM2
SIM3
SIM4
1
21
22
SIM5
SIM1
SIM2
SIM3
SIM4
1
21
22
SIM5
SIM1
SIM2
SIM3
SIM4
1
21
22
SIM5
SIM1
SIM2
SIM3
SIM4
1
21
22
SIM5
SIM1
SIM2
SIM3
SIM4
1
21
22
SIM5
SIM1
SIM2
SIM3
SIM4
1
21
22
SIM5
SIM1
SIM2
SIM3
SIM4
1
21
22
SIM5
SIM1
SIM2
SIM3
SIM4
1
21
22
SIM5
SIM1
SIM2
SIM3
SIM4
1
21
22
SIM5
SIM1
SIM2
SIM3
SIM4
1
21
22
SIM5
SIM1
SIM2
SIM3
SIM4
1
21
22
SIM5
SIM1
SIM2
SIM3
SIM4
1
21
22
SIM5
SIM1
SIM2
SIM3
SIM4
1
21
22
SIM5
SIM1
SIM2
SIM3
SIM4
1
21
22
SIM5
SIM1
SIM2
SIM3
SIM4
1
21
22
SIM5
SIM1
SIM2
SIM3
SIM4
1
21
22
SIM5
SIM1
SIM2
SIM3
SIM4
1
21
22
SIM5
SIM1
SIM2
SIM3
SIM4
1
21
22
SIM5
SIM1
SIM2
SIM3
SIM4
1
21
22
SIM5
SIM1
SIM2
SIM3
SIM4
1
21
22
SIM5
SIM1
SIM2
SIM3
SIM4
1
21
22
SIM5
SIM1
SIM2
SIM3
SIM4
1
21
22
SIM5
SIM1
SIM2
SIM3
SIM4
1
21
22
SIM5
SIM1
SIM2
SIM3
SIM4
1
21
22
SIM5
SIM1
SIM2
SIM3
SIM4
1
21
22
SIM5
SIM1
SIM2
SIM3
SIM4
1
21
22
SIM5
SIM1
SIM2
SIM3
SIM4
1
21
22
SIM5
SIM1
SIM2
SIM3
SIM4
1
21
22
SIM5
SIM1
SIM2
SIM3
SIM4
1
21
22
SIM5
SIM1
SIM2
SIM3
SIM4
1
21
22
SIM5
SIM1
SIM2
SIM3
SIM4
1
21
22
SIM5
SIM1
SIM2
SIM3
SIM4
1
21
22
SIM5
SIM1
SIM2
SIM3
SIM4
1
21
22
SIM5
SIM1
SIM2
SIM3
SIM4
1
21
22
SIM5
SIM1
SIM2
SIM3
SIM4
1
21
22
SIM5
SIM1
SIM2
SIM3
SIM4
1
21
22
SIM5
SIM1
SIM2
SIM3
SIM4
1
21
22
SIM5
SIM1
SIM2
SIM3
SIM4
1
21
22
SIM5
SIM1
SIM2
SIM3
SIM4
1
21
22
SIM5
SIM1
SIM2
SIM3
SIM4
1
21
22
SIM5
SIM1
SIM2
SIM3
SIM4
1
21
22
SIM5
SIM1
SIM2
SIM3
SIM4
1
21
22
SIM5
SIM1
SIM2
SIM3
SIM4
1
21
22
SIM5
SIM1
SIM2
SIM3
SIM4
1
21
22
SIM5
SIM1
SIM2
SIM3
SIM4
1
21
22
SIM5
SIM1
SIM2
SIM3
SIM4
1
21
22
SIM5
SIM1
SIM2
SIM3
SIM4
1
21
22
SIM5
SIM1
SIM2
SIM3
SIM4
1
21
22
SIM5
SIM1
SIM2
SIM3
SIM4
1
21
22
SIM5
SIM1
SIM2
SIM3
SIM4
1
21
22
SIM5
SIM1
SIM2
SIM3
SIM4
1
21
22
SIM5
SIM1
SIM2
SIM3
SIM4
1
21
22
SIM5
SIM1
SIM2
SIM3
SIM4
1
21
22
SIM5
SIM1
SIM2
SIM3
SIM4
1
21
22
SIM5
SIM1
SIM2
SIM3
SIM4
1
21
22
SIM5
SIM1
SIM2
SIM3
SIM4
1
21
22
SIM5
SIM1
SIM2
SIM3
SIM4
1
21
22
SIM5
SIM1
SIM2
SIM3
SIM4
1
21
22
SIM5
SIM1
SIM2
SIM3
SIM4
1
21
22
SIM5
SIM1
SIM2
SIM3
SIM4
1
21
22
SIM5
SIM1
SIM2
SIM3
SIM4
1
21
22
SIM5
SIM1
SIM2
SIM3
SIM4
1
21
22
SIM5
SIM1
SIM2
SIM3
SIM4
1
21
22
SIM5
SIM1
SIM2
SIM3
SIM4
1
21
22
SIM5
SIM1
SIM2
SIM3
SIM4
1
21
22
SIM5
SIM1
SIM2
SIM3
SIM4
1
21
22
SIM5
SIM1
SIM2
SIM3
SIM4
1
21
22
SIM5
SIM1
SIM2
SIM3
SIM4
1
21
22
SIM5
SIM1
SIM2
SIM3
SIM4
1
21
22
SIM5
SIM1
SIM2
SIM3
SIM4
1
21
22
SIM5
SIM1
SIM2
SIM3
SIM4
1
21
22
SIM5
SIM1
SIM2
SIM3
SIM4
1
21
22
SIM5
SIM1
SIM2
SIM3
SIM4
1
21
22
SIM5
SIM1
SIM2
SIM3
SIM4
1
21
22
SIM5
SIM1
SIM2
SIM3
SIM4
1
21
22
SIM5
SIM1
SIM2
SIM3
SIM4
1
21
22
SIM5
SIM1
SIM2
SIM3
SIM4
1
21
22
SIM5
SIM1
SIM2
SIM3
SIM4
1
21
22
SIM5
SIM1
SIM2
SIM3
SIM4
1
21
22
SIM5
SIM1
SIM2
SIM3
SIM4
1
21
22
SIM5
SIM1
SIM2
SIM3
SIM4
1
21
22
SIM5
SIM1
SIM2
SIM3
SIM4
1
21
22
SIM5
SIM1
SIM2
SIM3
SIM4
1
21
22
SIM5
SIM1
SIM2
DEBUG 1 408
SIM1
SIM2
SIM3
SIM4
1
21
22
SIM5
SIM1
SIM2
SIM3
SIM4
1
21
22
SIM5
SIM1
SIM2
SIM3
SIM4
1
21
22
SIM5
SIM1
SIM2
SIM3
SIM4
1
21
22
SIM5
SIM1
SIM2
SIM3
SIM4
1
21
22
SIM5
SIM1
SIM2
SIM3
SIM4
1
21
22
SIM5
SIM1
SIM2
SIM3
SIM4
1
21
22
SIM5
SIM1
SIM2
SIM3
SIM4
1
21
22
SIM5
SIM1
SIM2
SIM3
SIM4
1
21
22
SIM5
SIM1
SIM2
SIM3
SIM4
1
21
22
SIM5
SIM1
SIM2
SIM3
SIM4
1
21
22
SIM5
SIM1
SIM2
SIM3
SIM4
1
21
22
SIM5
SIM1
SIM2
SIM3
SIM4
1
21
22
SIM5
SIM1
SIM2
SIM3
SIM4
1
21
22
SIM5
SIM1
SIM2
SIM3
SIM4
1
21
22
SIM5
SIM1
SIM2
SIM3
SIM4
1
21
22
SIM5
SIM1
SIM2
SIM3
SIM4
1
21
22
SIM5
SIM1
SIM2
SIM3
SIM4
1
21
22
SIM5
SIM1
SIM2
SIM3
SIM4
1
21
22
SIM5
SIM1
SIM2
SIM3
SIM4
1
21
22
SIM5
SIM1
SIM2
SIM3
SIM4
1
21
22
SIM5
SIM1
SIM2
SIM3
SIM4
1
21
22
SIM5
SIM1
SIM2
SIM3
SIM4
1
21
22
SIM5
SIM1
SIM2
SIM3
SIM4
1
21
22
SIM5
SIM1
SIM2
SIM3
SIM4
1
21
22
SIM5
SIM1
SIM2
SIM3
SIM4
1
21
22
SIM5
SIM1
SIM2
SIM3
SIM4
1
21
22
SIM5
SIM1
SIM2
SIM3
SIM4
1
21
22
SIM5
SIM1
SIM2
SIM3
SIM4
1
21
22
SIM5
SIM1
SIM2
SIM3
SIM4
1
21
22
SIM5
SIM1
SIM2
SIM3
SIM4
1
21
22
SIM5
SIM1
SIM2
SIM3
SIM4
1
21
22
SIM5
SIM1
SIM2
SIM3
SIM4
1
21
22
SIM5
SIM1
SIM2
SIM3
SIM4
1
21
22
SIM5
SIM1
SIM2
SIM3
SIM4
1
21
22
SIM5
SIM1
SIM2
SIM3
SIM4
1
21
22
SIM5
SIM1
SIM2
SIM3
SIM4
1
21
22
SIM5
SIM1
SIM2
SIM3
SIM4
1
21
22
SIM5
SIM1
SIM2
SIM3
SIM4
1
21
22
SIM5
SIM1
SIM2
SIM3
SIM4
1
21
22
SIM5
SIM1
SIM2
SIM3
SIM4
1
21
22
SIM5
SIM1
SIM2
SIM3
SIM4
1
21
22
SIM5
SIM1
SIM2
SIM3
SIM4
1
21
22
SIM5
SIM1
SIM2
SIM3
SIM4
1
21
22
SIM5
SIM1
SIM2
SIM3
SIM4
1
21
22
SIM5
SIM1
SIM2
SIM3
SIM4
1
21
22
SIM5
SIM1
SIM2
SIM3
SIM4
1
21
22
SIM5
SIM1
SIM2
SIM3
SIM4
1
21
22
SIM5
SIM1
SIM2
SIM3
SIM4
1
21
22
SIM5
SIM1
SIM2
SIM3
SIM4
1
21
22
SIM5
SIM1
SIM2
SIM3
SIM4
1
21
22
SIM5
SIM1
SIM2
SIM3
SIM4
1
21
22
SIM5
SIM1
SIM2
SIM3
SIM4
1
21
22
SIM5
SIM1
SIM2
SIM3
SIM4
1
21
22
SIM5
SIM1
SIM2
SIM3
SIM4
1
21
22
SIM5
SIM1
SIM2
SIM3
SIM4
1
21
22
SIM5
SIM1
SIM2
SIM3
SIM4
1
21
22
SIM5
SIM1
SIM2
SIM3
SIM4
1
21
22
SIM5
SIM1
SIM2
SIM3
SIM4
1
21
22
SIM5
SIM1
SIM2
SIM3
SIM4
1
21
22
SIM5
SIM1
SIM2
SIM3
SIM4
1
21
22
SIM5
SIM1
SIM2
SIM3
SIM4
1
21
22
SIM5
SIM1
SIM2
SIM3
SIM4
1
21
22
SIM5
SIM1
SIM2
SIM3
SIM4
1
21
22
SIM5
SIM1
SIM2
SIM3
SIM4
1
21
22
SIM5
SIM1
SIM2
SIM3
SIM4
1
21
22
SIM5
SIM1
SIM2
SIM3
SIM4
1
21
22
SIM5
SIM1
SIM2
SIM3
SIM4
1
21
22
SIM5
SIM1
SIM2
SIM3
SIM4
1
21
22
SIM5
SIM1
SIM2
SIM3
SIM4
1
21
22
SIM5
SIM1
SIM2
SIM3
SIM4
1
21
22
SIM5
SIM1
SIM2
SIM3
SIM4
1
21
22
SIM5
SIM1
SIM2
SIM3
SIM4
1
21
22
SIM5
SIM1
SIM2
SIM3
SIM4
1
21
22
SIM5
SIM1
SIM2
SIM3
SIM4
1
21
22
SIM5
SIM1
SIM2
SIM3
SIM4
1
21
22
SIM5
SIM1
SIM2
SIM3
SIM4
1
21
22
SIM5
SIM1
SIM2
SIM3
SIM4
1
21
22
SIM5
SIM1
SIM2
SIM3
SIM4
1
21
22
SIM5
SIM1
SIM2
SIM3
SIM4
1
21
22
SIM5
SIM1
SIM2
SIM3
SIM4
1
21
22
SIM5
SIM1
SIM2
SIM3
SIM4
1
21
22
SIM5
SIM1
SIM2
SIM3
SIM4
1
21
22
SIM5
SIM1
SIM2
SIM3
SIM4
1
21
22
SIM5
SIM1
SIM2
SIM3
SIM4
1
21
22
SIM5
SIM1
SIM2
SIM3
SIM4
1
21
22
SIM5
SIM1
SIM2
SIM3
SIM4
1
21
22
SIM5
SIM1
SIM2
SIM3
SIM4
1
21
22
SIM5
SIM1
SIM2
SIM3
SIM4
1
21
22
SIM5
SIM1
SIM2
SIM3
SIM4
1
21
22
SIM5
SIM1
SIM2
SIM3
SIM4
1
21
22
SIM5
SIM1
SIM2
SIM3
SIM4
1
21
22
SIM5
SIM1
SIM2
SIM3
SIM4
1
21
22
SIM5
SIM1
SIM2
SIM3
SIM4
1
21
22
SIM5
SIM1
SIM2
SIM3
SIM4
1
21
22
SIM5
SIM1
SIM2
SIM3
SIM4
1
21
22
SIM5
SIM1
SIM2
SIM3
SIM4
1
21
22
SIM5
SIM1
SIM2
SIM3
SIM4
1
21
22
SIM5
SIM1
SIM2
SIM3
SIM4
1
21
22
SIM5
SIM1
SIM2
SIM3
SIM4
1
21
22
SIM5
SIM1
SIM2
SIM3
SIM4
1
21
22
SIM5
SIM1
SIM2
SIM3
SIM4
1
21
22
SIM5
SIM1
SIM2
SIM3
SIM4
1
21
22
SIM5
SIM1
SIM2
SIM3
SIM4
1
21
22
SIM5
SIM1
SIM2
SIM3
SIM4
1
21
22
SIM5
SIM1
SIM2
SIM3
SIM4
1
21
22
SIM5
SIM1
SIM2
SIM3
SIM4
1
21
22
SIM5
SIM1
SIM2
SIM3
SIM4
1
21
22
SIM5
SIM1
SIM2
SIM3
SIM4
1
21
22
SIM5
SIM1
SIM2
SIM3
SIM4
1
21
22
SIM5
SIM1
SIM2
SIM3
SIM4
1
21
22
SIM5
SIM1
SIM2
SIM3
SIM4
1
21
22
SIM5
SIM1
SIM2
SIM3
SIM4
1
21
22
SIM5
SIM1
SIM2
SIM3
SIM4
1
21
22
SIM5
SIM1
SIM2
SIM3
SIM4
1
21
22
SIM5
SIM1
SIM2
SIM3
SIM4
1
21
22
SIM5
SIM1
SIM2
SIM3
SIM4
1
21
22
SIM5
SIM1
SIM2
SIM3
SIM4
1
21
22
SIM5
SIM1
SIM2
SIM3
SIM4
1
21
22
SIM5
SIM1
SIM2
SIM3
SIM4
1
21
22
SIM5
SIM1
SIM2
SIM3
SIM4
1
21
22
SIM5
SIM1
SIM2
SIM3
SIM4
1
21
22
SIM5
SIM1
SIM2
SIM3
SIM4
1
21
22
SIM5
SIM1
SIM2
SIM3
SIM4
1
21
22
SIM5
SIM1
SIM2
SIM3
SIM4
1
21
22
SIM5
SIM1
SIM2
SIM3
SIM4
1
21
22
SIM5
SIM1
SIM2
SIM3
SIM4
1
21
22
SIM5
SIM1
SIM2
SIM3
SIM4
1
21
22
SIM5
SIM1
SIM2
SIM3
SIM4
1
21
22
SIM5
SIM1
SIM2
SIM3
SIM4
1
21
22
SIM5
SIM1
SIM2
SIM3
SIM4
1
21
22
SIM5
SIM1
SIM2
SIM3
SIM4
1
21
22
SIM5
SIM1
SIM2
SIM3
SIM4
1
21
22
SIM5
SIM1
SIM2
SIM3
SIM4
1
21
22
SIM5
SIM1
SIM2
SIM3
SIM4
1
21
22
SIM5
SIM1
SIM2
SIM3
SIM4
1
21
22
SIM5
SIM1
SIM2
SIM3
SIM4
1
21
22
SIM5
SIM1
SIM2
SIM3
SIM4
1
21
22
SIM5
SIM1
SIM2
SIM3
SIM4
1
21
22
SIM5
SIM1
SIM2
SIM3
SIM4
1
21
22
SIM5
SIM1
SIM2
SIM3
SIM4
1
21
22
SIM5
SIM1
SIM2
SIM3
SIM4
1
21
22
SIM5
SIM1
SIM2
SIM3
SIM4
1
21
22
SIM5
SIM1
SIM2
SIM3
SIM4
1
21
22
SIM5
SIM1
SIM2
SIM3
SIM4
1
21
22
SIM5
SIM1
SIM2
SIM3
SIM4
1
21
22
SIM5
SIM1
SIM2
SIM3
SIM4
1
21
22
SIM5
SIM1
SIM2
SIM3
SIM4
1
21
22
SIM5
SIM1
SIM2
SIM3
SIM4
1
21
22
SIM5
SIM1
SIM2
SIM3
SIM4
1
21
22
SIM5
SIM1
SIM2
SIM3
SIM4
1
21
22
SIM5
SIM1
SIM2
SIM3
SIM4
1
21
22
SIM5
SIM1
SIM2
SIM3
SIM4
1
21
22
SIM5
SIM1
SIM2
SIM3
SIM4
1
21
22
SIM5
SIM1
SIM2
SIM3
SIM4
1
21
22
SIM5
SIM1
SIM2
SIM3
SIM4
1
21
22
SIM5
SIM1
SIM2
SIM3
SIM4
1
21
22
SIM5
SIM1
SIM2
SIM3
SIM4
1
21
22
SIM5
SIM1
SIM2
SIM3
SIM4
1
21
22
SIM5
SIM1
SIM2
SIM3
SIM4
1
21
22
SIM5
SIM1
SIM2
SIM3
SIM4
1
21
22
SIM5
SIM1
SIM2
SIM3
SIM4
1
21
22
SIM5
SIM1
SIM2
SIM3
SIM4
1
21
22
SIM5
SIM1
SIM2
SIM3
SIM4
1
21
22
SIM5
SIM1
SIM2
SIM3
SIM4
1
21
22
SIM5
SIM1
SIM2
SIM3
SIM4
1
21
22
SIM5
SIM1
SIM2
SIM3
SIM4
1
21
22
SIM5
SIM1
SIM2
SIM3
SIM4
1
21
22
SIM5
SIM1
SIM2
SIM3
SIM4
1
21
22
SIM5
SIM1
SIM2
SIM3
SIM4
1
21
22
SIM5
SIM1
SIM2
SIM3
SIM4
1
21
22
SIM5
SIM1
SIM2
SIM3
SIM4
1
21
22
SIM5
SIM1
SIM2
SIM3
SIM4
1
21
22
SIM5
SIM1
SIM2
SIM3
SIM4
1
21
22
SIM5
SIM1
SIM2
SIM3
SIM4
1
21
22
SIM5
SIM1
SIM2
SIM3
SIM4
1
21
22
SIM5
SIM1
SIM2
SIM3
SIM4
1
21
22
SIM5
SIM1
SIM2
SIM3
SIM4
1
21
22
SIM5
SIM1
SIM2
SIM3
SIM4
1
21
22
SIM5
SIM1
SIM2
SIM3
SIM4
1
21
22
SIM5
SIM1
SIM2
SIM3
SIM4
1
21
22
SIM5
SIM1
SIM2
SIM3
SIM4
1
21
22
SIM5
SIM1
SIM2
SIM3
SIM4
1
21
22
SIM5
SIM1
SIM2
SIM3
SIM4
1
21
22
SIM5
SIM1
SIM2
SIM3
SIM4
1
21
22
SIM5
SIM1
SIM2
SIM3
SIM4
1
21
22
SIM5
SIM1
SIM2
SIM3
SIM4
1
21
22
SIM5
SIM1
SIM2
SIM3
SIM4
1
21
22
SIM5
SIM1
SIM2
DEBUG 1 409
SIM1
SIM2
SIM3
SIM4
1
21
22
SIM5
SIM1
SIM2
SIM3
SIM4
1
21
22
SIM5
SIM1
SIM2
SIM3
SIM4
1
21
22
SIM5
SIM1
SIM2
SIM3
SIM4
1
21
22
SIM5
SIM1
SIM2
SIM3
SIM4
1
21
22
SIM5
SIM1
SIM2
SIM3
SIM4
1
21
22
SIM5
SIM1
SIM2
SIM3
SIM4
1
21
22
SIM5
SIM1
SIM2
SIM3
SIM4
1
21
22
SIM5
SIM1
SIM2
SIM3
SIM4
1
21
22
SIM5
SIM1
SIM2
SIM3
SIM4
1
21
22
SIM5
SIM1
SIM2
SIM3
SIM4
1
21
22
SIM5
SIM1
SIM2
SIM3
SIM4
1
21
22
SIM5
SIM1
SIM2
SIM3
SIM4
1
21
22
SIM5
SIM1
SIM2
SIM3
SIM4
1
21
22
SIM5
SIM1
SIM2
SIM3
SIM4
1
21
22
SIM5
SIM1
SIM2
SIM3
SIM4
1
21
22
SIM5
SIM1
SIM2
SIM3
SIM4
1
21
22
SIM5
SIM1
SIM2
SIM3
SIM4
1
21
22
SIM5
SIM1
SIM2
SIM3
SIM4
1
21
22
SIM5
SIM1
SIM2
SIM3
SIM4
1
21
22
SIM5
SIM1
SIM2
SIM3
SIM4
1
21
22
SIM5
SIM1
SIM2
SIM3
SIM4
1
21
22
SIM5
SIM1
SIM2
SIM3
SIM4
1
21
22
SIM5
SIM1
SIM2
SIM3
SIM4
1
21
22
SIM5
SIM1
SIM2
SIM3
SIM4
1
21
22
SIM5
SIM1
SIM2
SIM3
SIM4
1
21
22
SIM5
SIM1
SIM2
SIM3
SIM4
1
21
22
SIM5
SIM1
SIM2
SIM3
SIM4
1
21
22
SIM5
SIM1
SIM2
SIM3
SIM4
1
21
22
SIM5
SIM1
SIM2
SIM3
SIM4
1
21
22
SIM5
SIM1
SIM2
SIM3
SIM4
1
21
22
SIM5
SIM1
SIM2
SIM3
SIM4
1
21
22
SIM5
SIM1
SIM2
SIM3
SIM4
1
21
22
SIM5
SIM1
SIM2
SIM3
SIM4
1
21
22
SIM5
SIM1
SIM2
SIM3
SIM4
1
21
22
SIM5
SIM1
SIM2
SIM3
SIM4
1
21
22
SIM5
SIM1
SIM2
SIM3
SIM4
1
21
22
SIM5
SIM1
SIM2
SIM3
SIM4
1
21
22
SIM5
SIM1
SIM2
SIM3
SIM4
1
21
22
SIM5
SIM1
SIM2
SIM3
SIM4
1
21
22
SIM5
SIM1
SIM2
SIM3
SIM4
1
21
22
SIM5
SIM1
SIM2
SIM3
SIM4
1
21
22
SIM5
SIM1
SIM2
SIM3
SIM4
1
21
22
SIM5
SIM1
SIM2
SIM3
SIM4
1
21
22
SIM5
SIM1
SIM2
SIM3
SIM4
1
21
22
SIM5
SIM1
SIM2
SIM3
SIM4
1
21
22
SIM5
SIM1
SIM2
SIM3
SIM4
1
21
22
SIM5
SIM1
SIM2
SIM3
SIM4
1
21
22
SIM5
SIM1
SIM2
SIM3
SIM4
1
21
22
SIM5
SIM1
SIM2
SIM3
SIM4
1
21
22
SIM5
SIM1
SIM2
SIM3
SIM4
1
21
22
SIM5
SIM1
SIM2
SIM3
SIM4
1
21
22
SIM5
SIM1
SIM2
SIM3
SIM4
1
21
22
SIM5
SIM1
SIM2
SIM3
SIM4
1
21
22
SIM5
SIM1
SIM2
SIM3
SIM4
1
21
22
SIM5
SIM1
SIM2
SIM3
SIM4
1
21
22
SIM5
SIM1
SIM2
SIM3
SIM4
1
21
22
SIM5
SIM1
SIM2
SIM3
SIM4
1
21
22
SIM5
SIM1
SIM2
SIM3
SIM4
1
21
22
SIM5
SIM1
SIM2
SIM3
SIM4
1
21
22
SIM5
SIM1
SIM2
SIM3
SIM4
1
21
22
SIM5
SIM1
SIM2
SIM3
SIM4
1
21
22
SIM5
SIM1
SIM2
SIM3
SIM4
1
21
22
SIM5
SIM1
SIM2
SIM3
SIM4
1
21
22
SIM5
SIM1
SIM2
SIM3
SIM4
1
21
22
SIM5
SIM1
SIM2
SIM3
SIM4
1
21
22
SIM5
SIM1
SIM2
SIM3
SIM4
1
21
22
SIM5
SIM1
SIM2
SIM3
SIM4
1
21
22
SIM5
SIM1
SIM2
SIM3
SIM4
1
21
22
SIM5
SIM1
SIM2
SIM3
SIM4
1
21
22
SIM5
SIM1
SIM2
SIM3
SIM4
1
21
22
SIM5
SIM1
SIM2
SIM3
SIM4
1
21
22
SIM5
SIM1
SIM2
SIM3
SIM4
1
21
22
SIM5
SIM1
SIM2
SIM3
SIM4
1
21
22
SIM5
SIM1
SIM2
SIM3
SIM4
1
21
22
SIM5
SIM1
SIM2
SIM3
SIM4
1
21
22
SIM5
SIM1
SIM2
SIM3
SIM4
1
21
22
SIM5
SIM1
SIM2
SIM3
SIM4
1
21
22
SIM5
SIM1
SIM2
SIM3
SIM4
1
21
22
SIM5
SIM1
SIM2
SIM3
SIM4
1
21
22
SIM5
SIM1
SIM2
SIM3
SIM4
1
21
22
SIM5
SIM1
SIM2
SIM3
SIM4
1
21
22
SIM5
SIM1
SIM2
SIM3
SIM4
1
21
22
SIM5
SIM1
SIM2
SIM3
SIM4
1
21
22
SIM5
SIM1
SIM2
SIM3
SIM4
1
21
22
SIM5
SIM1
SIM2
SIM3
SIM4
1
21
22
SIM5
SIM1
SIM2
SIM3
SIM4
1
21
22
SIM5
SIM1
SIM2
SIM3
SIM4
1
21
22
SIM5
SIM1
SIM2
SIM3
SIM4
1
21
22
SIM5
SIM1
SIM2
SIM3
SIM4
1
21
22
SIM5
SIM1
SIM2
SIM3
SIM4
1
21
22
SIM5
SIM1
SIM2
SIM3
SIM4
1
21
22
SIM5
SIM1
SIM2
SIM3
SIM4
1
21
22
SIM5
SIM1
SIM2
SIM3
SIM4
1
21
22
SIM5
SIM1
SIM2
SIM3
SIM4
1
21
22
SIM5
SIM1
SIM2
SIM3
SIM4
1
21
22
SIM5
SIM1
SIM2
SIM3
SIM4
1
21
22
SIM5
SIM1
SIM2
SIM3
SIM4
1
21
22
SIM5
SIM1
SIM2
SIM3
SIM4
1
21
22
SIM5
SIM1
SIM2
SIM3
SIM4
1
21
22
SIM5
SIM1
SIM2
SIM3
SIM4
1
21
22
SIM5
SIM1
SIM2
SIM3
SIM4
1
21
22
SIM5
SIM1
SIM2
SIM3
SIM4
1
21
22
SIM5
SIM1
SIM2
SIM3
SIM4
1
21
22
SIM5
SIM1
SIM2
SIM3
SIM4
1
21
22
SIM5
SIM1
SIM2
SIM3
SIM4
1
21
22
SIM5
SIM1
SIM2
SIM3
SIM4
1
21
22
SIM5
SIM1
SIM2
SIM3
SIM4
1
21
22
SIM5
SIM1
SIM2
SIM3
SIM4
1
21
22
SIM5
SIM1
SIM2
SIM3
SIM4
1
21
22
SIM5
SIM1
SIM2
SIM3
SIM4
1
21
22
SIM5
SIM1
SIM2
SIM3
SIM4
1
21
22
SIM5
SIM1
SIM2
SIM3
SIM4
1
21
22
SIM5
SIM1
SIM2
SIM3
SIM4
1
21
22
SIM5
SIM1
SIM2
SIM3
SIM4
1
21
22
SIM5
SIM1
SIM2
SIM3
SIM4
1
21
22
SIM5
SIM1
SIM2
SIM3
SIM4
1
21
22
SIM5
SIM1
SIM2
SIM3
SIM4
1
21
22
SIM5
SIM1
SIM2
SIM3
SIM4
1
21
22
SIM5
SIM1
SIM2
SIM3
SIM4
1
21
22
SIM5
SIM1
SIM2
SIM3
SIM4
1
21
22
SIM5
SIM1
SIM2
SIM3
SIM4
1
21
22
SIM5
SIM1
SIM2
SIM3
SIM4
1
21
22
SIM5
SIM1
SIM2
SIM3
SIM4
1
21
22
SIM5
SIM1
SIM2
SIM3
SIM4
1
21
22
SIM5
SIM1
SIM2
SIM3
SIM4
1
21
22
SIM5
SIM1
SIM2
SIM3
SIM4
1
21
22
SIM5
SIM1
SIM2
SIM3
SIM4
1
21
22
SIM5
SIM1
SIM2
SIM3
SIM4
1
21
22
SIM5
SIM1
SIM2
SIM3
SIM4
1
21
22
SIM5
SIM1
SIM2
SIM3
SIM4
1
21
22
SIM5
SIM1
SIM2
SIM3
SIM4
1
21
22
SIM5
SIM1
SIM2
SIM3
SIM4
1
21
22
SIM5
SIM1
SIM2
SIM3
SIM4
1
21
22
SIM5
SIM1
SIM2
SIM3
SIM4
1
21
22
SIM5
SIM1
SIM2
SIM3
SIM4
1
21
22
SIM5
SIM1
SIM2
SIM3
SIM4
1
21
22
SIM5
SIM1
SIM2
SIM3
SIM4
1
21
22
SIM5
SIM1
SIM2
SIM3
SIM4
1
21
22
SIM5
SIM1
SIM2
SIM3
SIM4
1
21
22
SIM5
SIM1
SIM2
SIM3
SIM4
1
21
22
SIM5
SIM1
SIM2
SIM3
SIM4
1
21
22
SIM5
SIM1
SIM2
SIM3
SIM4
1
21
22
SIM5
SIM1
SIM2
SIM3
SIM4
1
21
22
SIM5
SIM1
SIM2
SIM3
SIM4
1
21
22
SIM5
SIM1
SIM2
SIM3
SIM4
1
21
22
SIM5
SIM1
SIM2
SIM3
SIM4
1
21
22
SIM5
SIM1
SIM2
SIM3
SIM4
1
21
22
SIM5
SIM1
SIM2
SIM3
SIM4
1
21
22
SIM5
SIM1
SIM2
SIM3
SIM4
1
21
22
SIM5
SIM1
SIM2
SIM3
SIM4
1
21
22
SIM5
SIM1
SIM2
SIM3
SIM4
1
21
22
SIM5
SIM1
SIM2
SIM3
SIM4
1
21
22
SIM5
SIM1
SIM2
SIM3
SIM4
1
21
22
SIM5
SIM1
SIM2
SIM3
SIM4
1
21
22
SIM5
SIM1
SIM2
SIM3
SIM4
1
21
22
SIM5
SIM1
SIM2
SIM3
SIM4
1
21
22
SIM5
SIM1
SIM2
SIM3
SIM4
1
21
22
SIM5
SIM1
SIM2
SIM3
SIM4
1
21
22
SIM5
SIM1
SIM2
SIM3
SIM4
1
21
22
SIM5
SIM1
SIM2
SIM3
SIM4
1
21
22
SIM5
SIM1
SIM2
SIM3
SIM4
1
21
22
SIM5
SIM1
SIM2
SIM3
SIM4
1
21
22
SIM5
SIM1
SIM2
SIM3
SIM4
1
21
22
SIM5
SIM1
SIM2
SIM3
SIM4
1
21
22
SIM5
SIM1
SIM2
SIM3
SIM4
1
21
22
SIM5
SIM1
SIM2
SIM3
SIM4
1
21
22
SIM5
SIM1
SIM2
SIM3
SIM4
1
21
22
SIM5
SIM1
SIM2
SIM3
SIM4
1
21
22
SIM5
SIM1
SIM2
SIM3
SIM4
1
21
22
SIM5
SIM1
SIM2
SIM3
SIM4
1
21
22
SIM5
SIM1
SIM2
SIM3
SIM4
1
21
22
SIM5
SIM1
SIM2
SIM3
SIM4
1
21
22
SIM5
SIM1
SIM2
SIM3
SIM4
1
21
22
SIM5
SIM1
SIM2
SIM3
SIM4
1
21
22
SIM5
SIM1
SIM2
SIM3
SIM4
1
21
22
SIM5
SIM1
SIM2
SIM3
SIM4
1
21
22
SIM5
SIM1
SIM2
SIM3
SIM4
1
21
22
SIM5
SIM1
SIM2
SIM3
SIM4
1
21
22
SIM5
SIM1
SIM2
SIM3
SIM4
1
21
22
SIM5
SIM1
SIM2
SIM3
SIM4
1
21
22
SIM5
SIM1
SIM2
SIM3
SIM4
1
21
22
SIM5
SIM1
SIM2
SIM3
SIM4
1
21
22
SIM5
SIM1
SIM2
SIM3
SIM4
1
21
22
SIM5
SIM1
SIM2
SIM3
SIM4
1
21
22
SIM5
SIM1
SIM2
SIM3
SIM4
1
21
22
SIM5
SIM1
SIM2
SIM3
SIM4
1
21
22
SIM5
SIM1
SIM2
SIM3
SIM4
1
21
22
SIM5
SIM1
SIM2
SIM3
SIM4
1
21
22
SIM5
SIM1
SIM2
SIM3
SIM4
1
21
22
SIM5
SIM1
SIM2
SIM3
SIM4
1
21
22
SIM5
SIM1
SIM2
SIM3
SIM4
1
21
22
SIM5
SIM1
SIM2
SIM3
SIM4
1
21
22
SIM5
SIM1
SIM2
SIM3
SIM4
1
21
22
SIM5
SIM1
SIM2
DEBUG 1 410
SIM1
SIM2
SIM3
SIM4
1
21
22
SIM5
SIM1
SIM2
SIM3
SIM4
1
21
22
SIM5
SIM1
SIM2
SIM3
SIM4
1
21
22
SIM5
SIM1
SIM2
SIM3
SIM4
1
21
22
SIM5
SIM1
SIM2
SIM3
SIM4
1
21
22
SIM5
SIM1
SIM2
SIM3
SIM4
1
21
22
SIM5
SIM1
SIM2
SIM3
SIM4
1
21
22
SIM5
SIM1
SIM2
SIM3
SIM4
1
21
22
SIM5
SIM1
SIM2
SIM3
SIM4
1
21
22
SIM5
SIM1
SIM2
SIM3
SIM4
1
21
22
SIM5
SIM1
SIM2
SIM3
SIM4
1
21
22
SIM5
SIM1
SIM2
SIM3
SIM4
1
21
22
SIM5
SIM1
SIM2
SIM3
SIM4
1
21
22
SIM5
SIM1
SIM2
SIM3
SIM4
1
21
22
SIM5
SIM1
SIM2
SIM3
SIM4
1
21
22
SIM5
SIM1
SIM2
SIM3
SIM4
1
21
22
SIM5
SIM1
SIM2
SIM3
SIM4
1
21
22
SIM5
SIM1
SIM2
SIM3
SIM4
1
21
22
SIM5
SIM1
SIM2
SIM3
SIM4
1
21
22
SIM5
SIM1
SIM2
SIM3
SIM4
1
21
22
SIM5
SIM1
SIM2
SIM3
SIM4
1
21
22
SIM5
SIM1
SIM2
SIM3
SIM4
1
21
22
SIM5
SIM1
SIM2
SIM3
SIM4
1
21
22
SIM5
SIM1
SIM2
SIM3
SIM4
1
21
22
SIM5
SIM1
SIM2
SIM3
SIM4
1
21
22
SIM5
SIM1
SIM2
SIM3
SIM4
1
21
22
SIM5
SIM1
SIM2
SIM3
SIM4
1
21
22
SIM5
SIM1
SIM2
SIM3
SIM4
1
21
22
SIM5
SIM1
SIM2
SIM3
SIM4
1
21
22
SIM5
SIM1
SIM2
SIM3
SIM4
1
21
22
SIM5
SIM1
SIM2
SIM3
SIM4
1
21
22
SIM5
SIM1
SIM2
SIM3
SIM4
1
21
22
SIM5
SIM1
SIM2
SIM3
SIM4
1
21
22
SIM5
SIM1
SIM2
SIM3
SIM4
1
21
22
SIM5
SIM1
SIM2
SIM3
SIM4
1
21
22
SIM5
SIM1
SIM2
SIM3
SIM4
1
21
22
SIM5
SIM1
SIM2
SIM3
SIM4
1
21
22
SIM5
SIM1
SIM2
SIM3
SIM4
1
21
22
SIM5
SIM1
SIM2
SIM3
SIM4
1
21
22
SIM5
SIM1
SIM2
SIM3
SIM4
1
21
22
SIM5
SIM1
SIM2
SIM3
SIM4
1
21
22
SIM5
SIM1
SIM2
SIM3
SIM4
1
21
22
SIM5
SIM1
SIM2
SIM3
SIM4
1
21
22
SIM5
SIM1
SIM2
SIM3
SIM4
1
21
22
SIM5
SIM1
SIM2
SIM3
SIM4
1
21
22
SIM5
SIM1
SIM2
SIM3
SIM4
1
21
22
SIM5
SIM1
SIM2
SIM3
SIM4
1
21
22
SIM5
SIM1
SIM2
SIM3
SIM4
1
21
22
SIM5
SIM1
SIM2
SIM3
SIM4
1
21
22
SIM5
SIM1
SIM2
SIM3
SIM4
1
21
22
SIM5
SIM1
SIM2
SIM3
SIM4
1
21
22
SIM5
SIM1
SIM2
SIM3
SIM4
1
21
22
SIM5
SIM1
SIM2
SIM3
SIM4
1
21
22
SIM5
SIM1
SIM2
SIM3
SIM4
1
21
22
SIM5
SIM1
SIM2
SIM3
SIM4
1
21
22
SIM5
SIM1
SIM2
SIM3
SIM4
1
21
22
SIM5
SIM1
SIM2
SIM3
SIM4
1
21
22
SIM5
SIM1
SIM2
SIM3
SIM4
1
21
22
SIM5
SIM1
SIM2
SIM3
SIM4
1
21
22
SIM5
SIM1
SIM2
SIM3
SIM4
1
21
22
SIM5
SIM1
SIM2
SIM3
SIM4
1
21
22
SIM5
SIM1
SIM2
SIM3
SIM4
1
21
22
SIM5
SIM1
SIM2
SIM3
SIM4
1
21
22
SIM5
SIM1
SIM2
SIM3
SIM4
1
21
22
SIM5
SIM1
SIM2
SIM3
SIM4
1
21
22
SIM5
SIM1
SIM2
SIM3
SIM4
1
21
22
SIM5
SIM1
SIM2
SIM3
SIM4
1
21
22
SIM5
SIM1
SIM2
SIM3
SIM4
1
21
22
SIM5
SIM1
SIM2
SIM3
SIM4
1
21
22
SIM5
SIM1
SIM2
SIM3
SIM4
1
21
22
SIM5
SIM1
SIM2
SIM3
SIM4
1
21
22
SIM5
SIM1
SIM2
SIM3
SIM4
1
21
22
SIM5
SIM1
SIM2
SIM3
SIM4
1
21
22
SIM5
SIM1
SIM2
SIM3
SIM4
1
21
22
SIM5
SIM1
SIM2
SIM3
SIM4
1
21
22
SIM5
SIM1
SIM2
SIM3
SIM4
1
21
22
SIM5
SIM1
SIM2
SIM3
SIM4
1
21
22
SIM5
SIM1
SIM2
SIM3
SIM4
1
21
22
SIM5
SIM1
SIM2
SIM3
SIM4
1
21
22
SIM5
SIM1
SIM2
SIM3
SIM4
1
21
22
SIM5
SIM1
SIM2
SIM3
SIM4
1
21
22
SIM5
SIM1
SIM2
SIM3
SIM4
1
21
22
SIM5
SIM1
SIM2
SIM3
SIM4
1
21
22
SIM5
SIM1
SIM2
SIM3
SIM4
1
21
22
SIM5
SIM1
SIM2
SIM3
SIM4
1
21
22
SIM5
SIM1
SIM2
SIM3
SIM4
1
21
22
SIM5
SIM1
SIM2
SIM3
SIM4
1
21
22
SIM5
SIM1
SIM2
SIM3
SIM4
1
21
22
SIM5
SIM1
SIM2
SIM3
SIM4
1
21
22
SIM5
SIM1
SIM2
SIM3
SIM4
1
21
22
SIM5
SIM1
SIM2
SIM3
SIM4
1
21
22
SIM5
SIM1
SIM2
SIM3
SIM4
1
21
22
SIM5
SIM1
SIM2
SIM3
SIM4
1
21
22
SIM5
SIM1
SIM2
SIM3
SIM4
1
21
22
SIM5
SIM1
SIM2
SIM3
SIM4
1
21
22
SIM5
SIM1
SIM2
SIM3
SIM4
1
21
22
SIM5
SIM1
SIM2
SIM3
SIM4
1
21
22
SIM5
SIM1
SIM2
SIM3
SIM4
1
21
22
SIM5
SIM1
SIM2
SIM3
SIM4
1
21
22
SIM5
SIM1
SIM2
SIM3
SIM4
1
21
22
SIM5
SIM1
SIM2
SIM3
SIM4
1
21
22
SIM5
SIM1
SIM2
SIM3
SIM4
1
21
22
SIM5
SIM1
SIM2
SIM3
SIM4
1
21
22
SIM5
SIM1
SIM2
SIM3
SIM4
1
21
22
SIM5
SIM1
SIM2
SIM3
SIM4
1
21
22
SIM5
SIM1
SIM2
SIM3
SIM4
1
21
22
SIM5
SIM1
SIM2
SIM3
SIM4
1
21
22
SIM5
SIM1
SIM2
SIM3
SIM4
1
21
22
SIM5
SIM1
SIM2
SIM3
SIM4
1
21
22
SIM5
SIM1
SIM2
SIM3
SIM4
1
21
22
SIM5
SIM1
SIM2
SIM3
SIM4
1
21
22
SIM5
SIM1
SIM2
SIM3
SIM4
1
21
22
SIM5
SIM1
SIM2
SIM3
SIM4
1
21
22
SIM5
SIM1
SIM2
SIM3
SIM4
1
21
22
SIM5
SIM1
SIM2
SIM3
SIM4
1
21
22
SIM5
SIM1
SIM2
SIM3
SIM4
1
21
22
SIM5
SIM1
SIM2
DEBUG 1 411
SIM1
SIM2
SIM3
SIM4
1
21
22
SIM5
SIM1
SIM2
SIM3
SIM4
1
21
22
SIM5
SIM1
SIM2
SIM3
SIM4
1
21
22
SIM5
SIM1
SIM2
SIM3
SIM4
1
21
22
SIM5
SIM1
SIM2
SIM3
SIM4
1
21
22
SIM5
SIM1
SIM2
SIM3
SIM4
1
21
22
SIM5
SIM1
SIM2
SIM3
SIM4
1
21
22
SIM5
SIM1
SIM2
SIM3
SIM4
1
21
22
SIM5
SIM1
SIM2
SIM3
SIM4
1
21
22
SIM5
SIM1
SIM2
SIM3
SIM4
1
21
22
SIM5
SIM1
SIM2
SIM3
SIM4
1
21
22
SIM5
SIM1
SIM2
SIM3
SIM4
1
21
22
SIM5
SIM1
SIM2
SIM3
SIM4
1
21
22
SIM5
SIM1
SIM2
SIM3
SIM4
1
21
22
SIM5
SIM1
SIM2
SIM3
SIM4
1
21
22
SIM5
SIM1
SIM2
SIM3
SIM4
1
21
22
SIM5
SIM1
SIM2
SIM3
SIM4
1
21
22
SIM5
SIM1
SIM2
SIM3
SIM4
1
21
22
SIM5
SIM1
SIM2
SIM3
SIM4
1
21
22
SIM5
SIM1
SIM2
SIM3
SIM4
1
21
22
SIM5
SIM1
SIM2
SIM3
SIM4
1
21
22
SIM5
SIM1
SIM2
SIM3
SIM4
1
21
22
SIM5
SIM1
SIM2
SIM3
SIM4
1
21
22
SIM5
SIM1
SIM2
SIM3
SIM4
1
21
22
SIM5
SIM1
SIM2
SIM3
SIM4
1
21
22
SIM5
SIM1
SIM2
SIM3
SIM4
1
21
22
SIM5
SIM1
SIM2
SIM3
SIM4
1
21
22
SIM5
SIM1
SIM2
SIM3
SIM4
1
21
22
SIM5
SIM1
SIM2
SIM3
SIM4
1
21
22
SIM5
SIM1
SIM2
SIM3
SIM4
1
21
22
SIM5
SIM1
SIM2
SIM3
SIM4
1
21
22
SIM5
SIM1
SIM2
SIM3
SIM4
1
21
22
SIM5
SIM1
SIM2
SIM3
SIM4
1
21
22
SIM5
SIM1
SIM2
SIM3
SIM4
1
21
22
SIM5
SIM1
SIM2
SIM3
SIM4
1
21
22
SIM5
SIM1
SIM2
SIM3
SIM4
1
21
22
SIM5
SIM1
SIM2
SIM3
SIM4
1
21
22
SIM5
SIM1
SIM2
SIM3
SIM4
1
21
22
SIM5
SIM1
SIM2
SIM3
SIM4
1
21
22
SIM5
SIM1
SIM2
SIM3
SIM4
1
21
22
SIM5
SIM1
SIM2
SIM3
SIM4
1
21
22
SIM5
SIM1
SIM2
SIM3
SIM4
1
21
22
SIM5
SIM1
SIM2
SIM3
SIM4
1
21
22
SIM5
SIM1
SIM2
SIM3
SIM4
1
21
22
SIM5
SIM1
SIM2
SIM3
SIM4
1
21
22
SIM5
SIM1
SIM2
SIM3
SIM4
1
21
22
SIM5
SIM1
SIM2
SIM3
SIM4
1
21
22
SIM5
SIM1
SIM2
SIM3
SIM4
1
21
22
SIM5
SIM1
SIM2
SIM3
SIM4
1
21
22
SIM5
SIM1
SIM2
SIM3
SIM4
1
21
22
SIM5
SIM1
SIM2
SIM3
SIM4
1
21
22
SIM5
SIM1
SIM2
SIM3
SIM4
1
21
22
SIM5
SIM1
SIM2
SIM3
SIM4
1
21
22
SIM5
SIM1
SIM2
SIM3
SIM4
1
21
22
SIM5
SIM1
SIM2
SIM3
SIM4
1
21
22
SIM5
SIM1
SIM2
SIM3
SIM4
1
21
22
SIM5
SIM1
SIM2
SIM3
SIM4
1
21
22
SIM5
SIM1
SIM2
SIM3
SIM4
1
21
22
SIM5
SIM1
SIM2
SIM3
SIM4
1
21
22
SIM5
SIM1
SIM2
SIM3
SIM4
1
21
22
SIM5
SIM1
SIM2
SIM3
SIM4
1
21
22
SIM5
SIM1
SIM2
SIM3
SIM4
1
21
22
SIM5
SIM1
SIM2
SIM3
SIM4
1
21
22
SIM5
SIM1
SIM2
SIM3
SIM4
1
21
22
SIM5
SIM1
SIM2
SIM3
SIM4
1
21
22
SIM5
SIM1
SIM2
SIM3
SIM4
1
21
22
SIM5
SIM1
SIM2
SIM3
SIM4
1
21
22
SIM5
SIM1
SIM2
SIM3
SIM4
1
21
22
SIM5
SIM1
SIM2
SIM3
SIM4
1
21
22
SIM5
SIM1
SIM2
SIM3
SIM4
1
21
22
SIM5
SIM1
SIM2
SIM3
SIM4
1
21
22
SIM5
SIM1
SIM2
SIM3
SIM4
1
21
22
SIM5
SIM1
SIM2
SIM3
SIM4
1
21
22
SIM5
SIM1
SIM2
SIM3
SIM4
1
21
22
SIM5
SIM1
SIM2
SIM3
SIM4
1
21
22
SIM5
SIM1
SIM2
SIM3
SIM4
1
21
22
SIM5
SIM1
SIM2
SIM3
SIM4
1
21
22
SIM5
SIM1
SIM2
SIM3
SIM4
1
21
22
SIM5
SIM1
SIM2
SIM3
SIM4
1
21
22
SIM5
SIM1
SIM2
SIM3
SIM4
1
21
22
SIM5
SIM1
SIM2
SIM3
SIM4
1
21
22
SIM5
SIM1
SIM2
SIM3
SIM4
1
21
22
SIM5
SIM1
SIM2
SIM3
SIM4
1
21
22
SIM5
SIM1
SIM2
SIM3
SIM4
1
21
22
SIM5
SIM1
SIM2
SIM3
SIM4
1
21
22
SIM5
SIM1
SIM2
SIM3
SIM4
1
21
22
SIM5
SIM1
SIM2
SIM3
SIM4
1
21
22
SIM5
SIM1
SIM2
SIM3
SIM4
1
21
22
SIM5
SIM1
SIM2
SIM3
SIM4
1
21
22
SIM5
SIM1
SIM2
SIM3
SIM4
1
21
22
SIM5
SIM1
SIM2
SIM3
SIM4
1
21
22
SIM5
SIM1
SIM2
SIM3
SIM4
1
21
22
SIM5
SIM1
SIM2
SIM3
SIM4
1
21
22
SIM5
SIM1
SIM2
SIM3
SIM4
1
21
22
SIM5
SIM1
SIM2
SIM3
SIM4
1
21
22
SIM5
SIM1
SIM2
SIM3
SIM4
1
21
22
SIM5
SIM1
SIM2
SIM3
SIM4
1
21
22
SIM5
SIM1
SIM2
SIM3
SIM4
1
21
22
SIM5
SIM1
SIM2
SIM3
SIM4
1
21
22
SIM5
SIM1
SIM2
SIM3
SIM4
1
21
22
SIM5
SIM1
SIM2
SIM3
SIM4
1
21
22
SIM5
SIM1
SIM2
SIM3
SIM4
1
21
22
SIM5
SIM1
SIM2
SIM3
SIM4
1
21
22
SIM5
SIM1
SIM2
SIM3
SIM4
1
21
22
SIM5
SIM1
SIM2
SIM3
SIM4
1
21
22
SIM5
SIM1
SIM2
SIM3
SIM4
1
21
22
SIM5
SIM1
SIM2
SIM3
SIM4
1
21
22
SIM5
SIM1
SIM2
SIM3
SIM4
1
21
22
SIM5
SIM1
SIM2
SIM3
SIM4
1
21
22
SIM5
SIM1
SIM2
SIM3
SIM4
1
21
22
SIM5
SIM1
SIM2
SIM3
SIM4
1
21
22
SIM5
SIM1
SIM2
SIM3
SIM4
1
21
22
SIM5
SIM1
SIM2
SIM3
SIM4
1
21
22
SIM5
SIM1
SIM2
SIM3
SIM4
1
21
22
SIM5
SIM1
SIM2
SIM3
SIM4
1
21
22
SIM5
SIM1
SIM2
SIM3
SIM4
1
21
22
SIM5
SIM1
SIM2
SIM3
SIM4
1
21
22
SIM5
SIM1
SIM2
SIM3
SIM4
1
21
22
SIM5
SIM1
SIM2
SIM3
SIM4
1
21
22
SIM5
SIM1
SIM2
SIM3
SIM4
1
21
22
SIM5
SIM1
SIM2
SIM3
SIM4
1
21
22
SIM5
SIM1
SIM2
SIM3
SIM4
1
21
22
SIM5
SIM1
SIM2
SIM3
SIM4
1
21
22
SIM5
SIM1
SIM2
SIM3
SIM4
1
21
22
SIM5
SIM1
SIM2
SIM3
SIM4
1
21
22
SIM5
SIM1
SIM2
SIM3
SIM4
1
21
22
SIM5
SIM1
SIM2
SIM3
SIM4
1
21
22
SIM5
SIM1
SIM2
SIM3
SIM4
1
21
22
SIM5
SIM1
SIM2
SIM3
SIM4
1
21
22
SIM5
SIM1
SIM2
SIM3
SIM4
1
21
22
SIM5
SIM1
SIM2
SIM3
SIM4
1
21
22
SIM5
SIM1
SIM2
SIM3
SIM4
1
21
22
SIM5
SIM1
SIM2
SIM3
SIM4
1
21
22
SIM5
SIM1
SIM2
SIM3
SIM4
1
21
22
SIM5
SIM1
SIM2
SIM3
SIM4
1
21
22
SIM5
SIM1
SIM2
SIM3
SIM4
1
21
22
SIM5
SIM1
SIM2
SIM3
SIM4
1
21
22
SIM5
SIM1
SIM2
SIM3
SIM4
1
21
22
SIM5
SIM1
SIM2
SIM3
SIM4
1
21
22
SIM5
SIM1
SIM2
SIM3
SIM4
1
21
22
SIM5
SIM1
SIM2
SIM3
SIM4
1
21
22
SIM5
SIM1
SIM2
SIM3
SIM4
1
21
22
SIM5
SIM1
SIM2
SIM3
SIM4
1
21
22
SIM5
SIM1
SIM2
SIM3
SIM4
1
21
22
SIM5
SIM1
SIM2
SIM3
SIM4
1
21
22
SIM5
SIM1
SIM2
SIM3
SIM4
1
21
22
SIM5
SIM1
SIM2
SIM3
SIM4
1
21
22
SIM5
SIM1
SIM2
SIM3
SIM4
1
21
22
SIM5
SIM1
SIM2
SIM3
SIM4
1
21
22
SIM5
SIM1
SIM2
SIM3
SIM4
1
21
22
SIM5
SIM1
SIM2
SIM3
SIM4
1
21
22
SIM5
SIM1
SIM2
SIM3
SIM4
1
21
22
SIM5
SIM1
SIM2
SIM3
SIM4
1
21
22
SIM5
SIM1
SIM2
SIM3
SIM4
1
21
22
SIM5
SIM1
SIM2
SIM3
SIM4
1
21
22
SIM5
SIM1
SIM2
SIM3
SIM4
1
21
22
SIM5
SIM1
SIM2
SIM3
SIM4
1
21
22
SIM5
SIM1
SIM2
SIM3
SIM4
1
21
22
SIM5
SIM1
SIM2
SIM3
SIM4
1
21
22
SIM5
SIM1
SIM2
SIM3
SIM4
1
21
22
SIM5
SIM1
SIM2
SIM3
SIM4
1
21
22
SIM5
SIM1
SIM2
SIM3
SIM4
1
21
22
SIM5
SIM1
SIM2
SIM3
SIM4
1
21
22
SIM5
SIM1
SIM2
SIM3
SIM4
1
21
22
SIM5
SIM1
SIM2
SIM3
SIM4
1
21
22
SIM5
SIM1
SIM2
SIM3
SIM4
1
21
22
SIM5
SIM1
SIM2
SIM3
SIM4
1
21
22
SIM5
SIM1
SIM2
SIM3
SIM4
1
21
22
SIM5
SIM1
SIM2
SIM3
SIM4
1
21
22
SIM5
SIM1
SIM2
SIM3
SIM4
1
21
22
SIM5
SIM1
SIM2
SIM3
SIM4
1
21
22
SIM5
SIM1
SIM2
SIM3
SIM4
1
21
22
SIM5
SIM1
SIM2
SIM3
SIM4
1
21
22
SIM5
SIM1
SIM2
SIM3
SIM4
1
21
22
SIM5
SIM1
SIM2
SIM3
SIM4
1
21
22
SIM5
SIM1
SIM2
SIM3
SIM4
1
21
22
SIM5
SIM1
SIM2
SIM3
SIM4
1
21
22
SIM5
SIM1
SIM2
SIM3
SIM4
1
21
22
SIM5
SIM1
SIM2
SIM3
SIM4
1
21
22
SIM5
SIM1
SIM2
SIM3
SIM4
1
21
22
SIM5
SIM1
SIM2
SIM3
SIM4
1
21
22
SIM5
SIM1
SIM2
SIM3
SIM4
1
21
22
SIM5
SIM1
SIM2
SIM3
SIM4
1
21
22
SIM5
SIM1
SIM2
SIM3
SIM4
1
21
22
SIM5
SIM1
SIM2
SIM3
SIM4
1
21
22
SIM5
SIM1
SIM2
SIM3
SIM4
1
21
22
SIM5
SIM1
SIM2
SIM3
SIM4
1
21
22
SIM5
SIM1
SIM2
SIM3
SIM4
1
21
22
SIM5
SIM1
SIM2
SIM3
SIM4
1
21
22
SIM5
SIM1
SIM2
SIM3
SIM4
1
21
22
SIM5
SIM1
SIM2
SIM3
SIM4
1
21
22
SIM5
SIM1
SIM2
SIM3
SIM4
1
21
22
SIM5
SIM1
SIM2
SIM3
SIM4
1
21
22
SIM5
SIM1
SIM2
DEBUG 1 412
SIM1
SIM2
SIM3
SIM4
1
21
22
SIM5
SIM1
SIM2
SIM3
SIM4
1
21
22
SIM5
SIM1
SIM2
SIM3
SIM4
1
21
22
SIM5
SIM1
SIM2
SIM3
SIM4
1
21
22
SIM5
SIM1
SIM2
SIM3
SIM4
1
21
22
SIM5
SIM1
SIM2
SIM3
SIM4
1
21
22
SIM5
SIM1
SIM2
SIM3
SIM4
1
21
22
SIM5
SIM1
SIM2
SIM3
SIM4
1
21
22
SIM5
SIM1
SIM2
SIM3
SIM4
1
21
22
SIM5
SIM1
SIM2
SIM3
SIM4
1
21
22
SIM5
SIM1
SIM2
SIM3
SIM4
1
21
22
SIM5
SIM1
SIM2
SIM3
SIM4
1
21
22
SIM5
SIM1
SIM2
SIM3
SIM4
1
21
22
SIM5
SIM1
SIM2
SIM3
SIM4
1
21
22
SIM5
SIM1
SIM2
SIM3
SIM4
1
21
22
SIM5
SIM1
SIM2
SIM3
SIM4
1
21
22
SIM5
SIM1
SIM2
SIM3
SIM4
1
21
22
SIM5
SIM1
SIM2
SIM3
SIM4
1
21
22
SIM5
SIM1
SIM2
SIM3
SIM4
1
21
22
SIM5
SIM1
SIM2
SIM3
SIM4
1
21
22
SIM5
SIM1
SIM2
SIM3
SIM4
1
21
22
SIM5
SIM1
SIM2
SIM3
SIM4
1
21
22
SIM5
SIM1
SIM2
SIM3
SIM4
1
21
22
SIM5
SIM1
SIM2
SIM3
SIM4
1
21
22
SIM5
SIM1
SIM2
SIM3
SIM4
1
21
22
SIM5
SIM1
SIM2
SIM3
SIM4
1
21
22
SIM5
SIM1
SIM2
SIM3
SIM4
1
21
22
SIM5
SIM1
SIM2
SIM3
SIM4
1
21
22
SIM5
SIM1
SIM2
SIM3
SIM4
1
21
22
SIM5
SIM1
SIM2
SIM3
SIM4
1
21
22
SIM5
SIM1
SIM2
SIM3
SIM4
1
21
22
SIM5
SIM1
SIM2
SIM3
SIM4
1
21
22
SIM5
SIM1
SIM2
SIM3
SIM4
1
21
22
SIM5
SIM1
SIM2
SIM3
SIM4
1
21
22
SIM5
SIM1
SIM2
SIM3
SIM4
1
21
22
SIM5
SIM1
SIM2
SIM3
SIM4
1
21
22
SIM5
SIM1
SIM2
SIM3
SIM4
1
21
22
SIM5
SIM1
SIM2
SIM3
SIM4
1
21
22
SIM5
SIM1
SIM2
SIM3
SIM4
1
21
22
SIM5
SIM1
SIM2
SIM3
SIM4
1
21
22
SIM5
SIM1
SIM2
SIM3
SIM4
1
21
22
SIM5
SIM1
SIM2
SIM3
SIM4
1
21
22
SIM5
SIM1
SIM2
SIM3
SIM4
1
21
22
SIM5
SIM1
SIM2
SIM3
SIM4
1
21
22
SIM5
SIM1
SIM2
SIM3
SIM4
1
21
22
SIM5
SIM1
SIM2
SIM3
SIM4
1
21
22
SIM5
SIM1
SIM2
SIM3
SIM4
1
21
22
SIM5
SIM1
SIM2
SIM3
SIM4
1
21
22
SIM5
SIM1
SIM2
SIM3
SIM4
1
21
22
SIM5
SIM1
SIM2
SIM3
SIM4
1
21
22
SIM5
SIM1
SIM2
SIM3
SIM4
1
21
22
SIM5
SIM1
SIM2
SIM3
SIM4
1
21
22
SIM5
SIM1
SIM2
SIM3
SIM4
1
21
22
SIM5
SIM1
SIM2
SIM3
SIM4
1
21
22
SIM5
SIM1
SIM2
SIM3
SIM4
1
21
22
SIM5
SIM1
SIM2
SIM3
SIM4
1
21
22
SIM5
SIM1
SIM2
SIM3
SIM4
1
21
22
SIM5
SIM1
SIM2
SIM3
SIM4
1
21
22
SIM5
SIM1
SIM2
SIM3
SIM4
1
21
22
SIM5
SIM1
SIM2
SIM3
SIM4
1
21
22
SIM5
SIM1
SIM2
SIM3
SIM4
1
21
22
SIM5
SIM1
SIM2
SIM3
SIM4
1
21
22
SIM5
SIM1
SIM2
SIM3
SIM4
1
21
22
SIM5
SIM1
SIM2
SIM3
SIM4
1
21
22
SIM5
SIM1
SIM2
SIM3
SIM4
1
21
22
SIM5
SIM1
SIM2
SIM3
SIM4
1
21
22
SIM5
SIM1
SIM2
SIM3
SIM4
1
21
22
SIM5
SIM1
SIM2
SIM3
SIM4
1
21
22
SIM5
SIM1
SIM2
SIM3
SIM4
1
21
22
SIM5
SIM1
SIM2
SIM3
SIM4
1
21
22
SIM5
SIM1
SIM2
SIM3
SIM4
1
21
22
SIM5
SIM1
SIM2
SIM3
SIM4
1
21
22
SIM5
SIM1
SIM2
SIM3
SIM4
1
21
22
SIM5
SIM1
SIM2
SIM3
SIM4
1
21
22
SIM5
SIM1
SIM2
SIM3
SIM4
1
21
22
SIM5
SIM1
SIM2
SIM3
SIM4
1
21
22
SIM5
SIM1
SIM2
SIM3
SIM4
1
21
22
SIM5
SIM1
SIM2
SIM3
SIM4
1
21
22
SIM5
SIM1
SIM2
SIM3
SIM4
1
21
22
SIM5
SIM1
SIM2
SIM3
SIM4
1
21
22
SIM5
SIM1
SIM2
SIM3
SIM4
1
21
22
SIM5
SIM1
SIM2
SIM3
SIM4
1
21
22
SIM5
SIM1
SIM2
SIM3
SIM4
1
21
22
SIM5
SIM1
SIM2
SIM3
SIM4
1
21
22
SIM5
SIM1
SIM2
SIM3
SIM4
1
21
22
SIM5
SIM1
SIM2
SIM3
SIM4
1
21
22
SIM5
SIM1
SIM2
SIM3
SIM4
1
21
22
SIM5
SIM1
SIM2
SIM3
SIM4
1
21
22
SIM5
SIM1
SIM2
SIM3
SIM4
1
21
22
SIM5
SIM1
SIM2
SIM3
SIM4
1
21
22
SIM5
SIM1
SIM2
SIM3
SIM4
1
21
22
SIM5
SIM1
SIM2
SIM3
SIM4
1
21
22
SIM5
SIM1
SIM2
SIM3
SIM4
1
21
22
SIM5
SIM1
SIM2
SIM3
SIM4
1
21
22
SIM5
SIM1
SIM2
SIM3
SIM4
1
21
22
SIM5
SIM1
SIM2
SIM3
SIM4
1
21
22
SIM5
SIM1
SIM2
SIM3
SIM4
1
21
22
SIM5
SIM1
SIM2
SIM3
SIM4
1
21
22
SIM5
SIM1
SIM2
SIM3
SIM4
1
21
22
SIM5
SIM1
SIM2
SIM3
SIM4
1
21
22
SIM5
SIM1
SIM2
SIM3
SIM4
1
21
22
SIM5
SIM1
SIM2
SIM3
SIM4
1
21
22
SIM5
SIM1
SIM2
SIM3
SIM4
1
21
22
SIM5
SIM1
SIM2
SIM3
SIM4
1
21
22
SIM5
SIM1
SIM2
SIM3
SIM4
1
21
22
SIM5
SIM1
SIM2
SIM3
SIM4
1
21
22
SIM5
SIM1
SIM2
SIM3
SIM4
1
21
22
SIM5
SIM1
SIM2
SIM3
SIM4
1
21
22
SIM5
SIM1
SIM2
SIM3
SIM4
1
21
22
SIM5
SIM1
SIM2
SIM3
SIM4
1
21
22
SIM5
SIM1
SIM2
SIM3
SIM4
1
21
22
SIM5
SIM1
SIM2
SIM3
SIM4
1
21
22
SIM5
SIM1
SIM2
SIM3
SIM4
1
21
22
SIM5
SIM1
SIM2
SIM3
SIM4
1
21
22
SIM5
SIM1
SIM2
SIM3
SIM4
1
21
22
SIM5
SIM1
SIM2
SIM3
SIM4
1
21
22
SIM5
SIM1
SIM2
SIM3
SIM4
1
21
22
SIM5
SIM1
SIM2
SIM3
SIM4
1
21
22
SIM5
SIM1
SIM2
SIM3
SIM4
1
21
22
SIM5
SIM1
SIM2
SIM3
SIM4
1
21
22
SIM5
SIM1
SIM2
SIM3
SIM4
1
21
22
SIM5
SIM1
SIM2
SIM3
SIM4
1
21
22
SIM5
SIM1
SIM2
SIM3
SIM4
1
21
22
SIM5
SIM1
SIM2
SIM3
SIM4
1
21
22
SIM5
SIM1
SIM2
SIM3
SIM4
1
21
22
SIM5
SIM1
SIM2
SIM3
SIM4
1
21
22
SIM5
SIM1
SIM2
SIM3
SIM4
1
21
22
SIM5
SIM1
SIM2
SIM3
SIM4
1
21
22
SIM5
SIM1
SIM2
SIM3
SIM4
1
21
22
SIM5
SIM1
SIM2
SIM3
SIM4
1
21
22
SIM5
SIM1
SIM2
SIM3
SIM4
1
21
22
SIM5
SIM1
SIM2
SIM3
SIM4
1
21
22
SIM5
SIM1
SIM2
SIM3
SIM4
1
21
22
SIM5
SIM1
SIM2
SIM3
SIM4
1
21
22
SIM5
SIM1
SIM2
SIM3
SIM4
1
21
22
SIM5
SIM1
SIM2
SIM3
SIM4
1
21
22
SIM5
SIM1
SIM2
SIM3
SIM4
1
21
22
SIM5
SIM1
SIM2
SIM3
SIM4
1
21
22
SIM5
SIM1
SIM2
SIM3
SIM4
1
21
22
SIM5
SIM1
SIM2
SIM3
SIM4
1
21
22
SIM5
SIM1
SIM2
SIM3
SIM4
1
21
22
SIM5
SIM1
SIM2
SIM3
SIM4
1
21
22
SIM5
SIM1
SIM2
SIM3
SIM4
1
21
22
SIM5
SIM1
SIM2
SIM3
SIM4
1
21
22
SIM5
SIM1
SIM2
SIM3
SIM4
1
21
22
SIM5
SIM1
SIM2
SIM3
SIM4
1
21
22
SIM5
SIM1
SIM2
SIM3
SIM4
1
21
22
SIM5
SIM1
SIM2
SIM3
SIM4
1
21
22
SIM5
SIM1
SIM2
SIM3
SIM4
1
21
22
SIM5
SIM1
SIM2
SIM3
SIM4
1
21
22
SIM5
SIM1
SIM2
SIM3
SIM4
1
21
22
SIM5
SIM1
SIM2
SIM3
SIM4
1
21
22
SIM5
SIM1
SIM2
SIM3
SIM4
1
21
22
SIM5
SIM1
SIM2
SIM3
SIM4
1
21
22
SIM5
SIM1
SIM2
SIM3
SIM4
1
21
22
SIM5
SIM1
SIM2
SIM3
SIM4
1
21
22
SIM5
SIM1
SIM2
SIM3
SIM4
1
21
22
SIM5
SIM1
SIM2
SIM3
SIM4
1
21
22
SIM5
SIM1
SIM2
SIM3
SIM4
1
21
22
SIM5
SIM1
SIM2
SIM3
SIM4
1
21
22
SIM5
SIM1
SIM2
SIM3
SIM4
1
21
22
SIM5
SIM1
SIM2
SIM3
SIM4
1
21
22
SIM5
SIM1
SIM2
SIM3
SIM4
1
21
22
SIM5
SIM1
SIM2
SIM3
SIM4
1
21
22
SIM5
SIM1
SIM2
SIM3
SIM4
1
21
22
SIM5
SIM1
SIM2
SIM3
SIM4
1
21
22
SIM5
SIM1
SIM2
SIM3
SIM4
1
21
22
SIM5
SIM1
SIM2
SIM3
SIM4
1
21
22
SIM5
SIM1
SIM2
SIM3
SIM4
1
21
22
SIM5
SIM1
SIM2
SIM3
SIM4
1
21
22
SIM5
SIM1
SIM2
SIM3
SIM4
1
21
22
SIM5
SIM1
SIM2
SIM3
SIM4
1
21
22
SIM5
SIM1
SIM2
SIM3
SIM4
1
21
22
SIM5
SIM1
SIM2
SIM3
SIM4
1
21
22
SIM5
SIM1
SIM2
SIM3
SIM4
1
21
22
SIM5
SIM1
SIM2
SIM3
SIM4
1
21
22
SIM5
SIM1
SIM2
SIM3
SIM4
1
21
22
SIM5
SIM1
SIM2
SIM3
SIM4
1
21
22
SIM5
SIM1
SIM2
SIM3
SIM4
1
21
22
SIM5
SIM1
SIM2
SIM3
SIM4
1
21
22
SIM5
SIM1
SIM2
SIM3
SIM4
1
21
22
SIM5
SIM1
SIM2
DEBUG 1 413
SIM1
SIM2
SIM3
SIM4
1
21
22
SIM5
SIM1
SIM2
SIM3
SIM4
1
21
22
SIM5
SIM1
SIM2
SIM3
SIM4
1
21
22
SIM5
SIM1
SIM2
SIM3
SIM4
1
21
22
SIM5
SIM1
SIM2
SIM3
SIM4
1
21
22
SIM5
SIM1
SIM2
SIM3
SIM4
1
21
22
SIM5
SIM1
SIM2
SIM3
SIM4
1
21
22
SIM5
SIM1
SIM2
SIM3
SIM4
1
21
22
SIM5
SIM1
SIM2
SIM3
SIM4
1
21
22
SIM5
SIM1
SIM2
SIM3
SIM4
1
21
22
SIM5
SIM1
SIM2
SIM3
SIM4
1
21
22
SIM5
SIM1
SIM2
SIM3
SIM4
1
21
22
SIM5
SIM1
SIM2
SIM3
SIM4
1
21
22
SIM5
SIM1
SIM2
SIM3
SIM4
1
21
22
SIM5
SIM1
SIM2
SIM3
SIM4
1
21
22
SIM5
SIM1
SIM2
SIM3
SIM4
1
21
22
SIM5
SIM1
SIM2
SIM3
SIM4
1
21
22
SIM5
SIM1
SIM2
SIM3
SIM4
1
21
22
SIM5
SIM1
SIM2
SIM3
SIM4
1
21
22
SIM5
SIM1
SIM2
SIM3
SIM4
1
21
22
SIM5
SIM1
SIM2
SIM3
SIM4
1
21
22
SIM5
SIM1
SIM2
SIM3
SIM4
1
21
22
SIM5
SIM1
SIM2
SIM3
SIM4
1
21
22
SIM5
SIM1
SIM2
SIM3
SIM4
1
21
22
SIM5
SIM1
SIM2
SIM3
SIM4
1
21
22
SIM5
SIM1
SIM2
SIM3
SIM4
1
21
22
SIM5
SIM1
SIM2
SIM3
SIM4
1
21
22
SIM5
SIM1
SIM2
SIM3
SIM4
1
21
22
SIM5
SIM1
SIM2
SIM3
SIM4
1
21
22
SIM5
SIM1
SIM2
SIM3
SIM4
1
21
22
SIM5
SIM1
SIM2
SIM3
SIM4
1
21
22
SIM5
SIM1
SIM2
SIM3
SIM4
1
21
22
SIM5
SIM1
SIM2
SIM3
SIM4
1
21
22
SIM5
SIM1
SIM2
SIM3
SIM4
1
21
22
SIM5
SIM1
SIM2
SIM3
SIM4
1
21
22
SIM5
SIM1
SIM2
SIM3
SIM4
1
21
22
SIM5
SIM1
SIM2
SIM3
SIM4
1
21
22
SIM5
SIM1
SIM2
SIM3
SIM4
1
21
22
SIM5
SIM1
SIM2
SIM3
SIM4
1
21
22
SIM5
SIM1
SIM2
SIM3
SIM4
1
21
22
SIM5
SIM1
SIM2
SIM3
SIM4
1
21
22
SIM5
SIM1
SIM2
SIM3
SIM4
1
21
22
SIM5
SIM1
SIM2
SIM3
SIM4
1
21
22
SIM5
SIM1
SIM2
SIM3
SIM4
1
21
22
SIM5
SIM1
SIM2
SIM3
SIM4
1
21
22
SIM5
SIM1
SIM2
SIM3
SIM4
1
21
22
SIM5
SIM1
SIM2
SIM3
SIM4
1
21
22
SIM5
SIM1
SIM2
SIM3
SIM4
1
21
22
SIM5
SIM1
SIM2
SIM3
SIM4
1
21
22
SIM5
SIM1
SIM2
SIM3
SIM4
1
21
22
SIM5
SIM1
SIM2
SIM3
SIM4
1
21
22
SIM5
SIM1
SIM2
SIM3
SIM4
1
21
22
SIM5
SIM1
SIM2
SIM3
SIM4
1
21
22
SIM5
SIM1
SIM2
SIM3
SIM4
1
21
22
SIM5
SIM1
SIM2
SIM3
SIM4
1
21
22
SIM5
SIM1
SIM2
SIM3
SIM4
1
21
22
SIM5
SIM1
SIM2
SIM3
SIM4
1
21
22
SIM5
SIM1
SIM2
SIM3
SIM4
1
21
22
SIM5
SIM1
SIM2
SIM3
SIM4
1
21
22
SIM5
SIM1
SIM2
SIM3
SIM4
1
21
22
SIM5
SIM1
SIM2
SIM3
SIM4
1
21
22
SIM5
SIM1
SIM2
SIM3
SIM4
1
21
22
SIM5
SIM1
SIM2
SIM3
SIM4
1
21
22
SIM5
SIM1
SIM2
SIM3
SIM4
1
21
22
SIM5
SIM1
SIM2
SIM3
SIM4
1
21
22
SIM5
SIM1
SIM2
SIM3
SIM4
1
21
22
SIM5
SIM1
SIM2
SIM3
SIM4
1
21
22
SIM5
SIM1
SIM2
SIM3
SIM4
1
21
22
SIM5
SIM1
SIM2
SIM3
SIM4
1
21
22
SIM5
SIM1
SIM2
SIM3
SIM4
1
21
22
SIM5
SIM1
SIM2
SIM3
SIM4
1
21
22
SIM5
SIM1
SIM2
SIM3
SIM4
1
21
22
SIM5
SIM1
SIM2
SIM3
SIM4
1
21
22
SIM5
SIM1
SIM2
SIM3
SIM4
1
21
22
SIM5
SIM1
SIM2
SIM3
SIM4
1
21
22
SIM5
SIM1
SIM2
SIM3
SIM4
1
21
22
SIM5
SIM1
SIM2
SIM3
SIM4
1
21
22
SIM5
SIM1
SIM2
SIM3
SIM4
1
21
22
SIM5
SIM1
SIM2
SIM3
SIM4
1
21
22
SIM5
SIM1
SIM2
SIM3
SIM4
1
21
22
SIM5
SIM1
SIM2
SIM3
SIM4
1
21
22
SIM5
SIM1
SIM2
SIM3
SIM4
1
21
22
SIM5
SIM1
SIM2
SIM3
SIM4
1
21
22
SIM5
SIM1
SIM2
SIM3
SIM4
1
21
22
SIM5
SIM1
SIM2
SIM3
SIM4
1
21
22
SIM5
SIM1
SIM2
SIM3
SIM4
1
21
22
SIM5
SIM1
SIM2
SIM3
SIM4
1
21
22
SIM5
SIM1
SIM2
SIM3
SIM4
1
21
22
SIM5
SIM1
SIM2
SIM3
SIM4
1
21
22
SIM5
SIM1
SIM2
SIM3
SIM4
1
21
22
SIM5
SIM1
SIM2
SIM3
SIM4
1
21
22
SIM5
SIM1
SIM2
SIM3
SIM4
1
21
22
SIM5
SIM1
SIM2
SIM3
SIM4
1
21
22
SIM5
SIM1
SIM2
SIM3
SIM4
1
21
22
SIM5
SIM1
SIM2
SIM3
SIM4
1
21
22
SIM5
SIM1
SIM2
SIM3
SIM4
1
21
22
SIM5
SIM1
SIM2
SIM3
SIM4
1
21
22
SIM5
SIM1
SIM2
SIM3
SIM4
1
21
22
SIM5
SIM1
SIM2
SIM3
SIM4
1
21
22
SIM5
SIM1
SIM2
SIM3
SIM4
1
21
22
SIM5
SIM1
SIM2
SIM3
SIM4
1
21
22
SIM5
SIM1
SIM2
SIM3
SIM4
1
21
22
SIM5
SIM1
SIM2
SIM3
SIM4
1
21
22
SIM5
SIM1
SIM2
SIM3
SIM4
1
21
22
SIM5
SIM1
SIM2
SIM3
SIM4
1
21
22
SIM5
SIM1
SIM2
SIM3
SIM4
1
21
22
SIM5
SIM1
SIM2
SIM3
SIM4
1
21
22
SIM5
SIM1
SIM2
SIM3
SIM4
1
21
22
SIM5
SIM1
SIM2
SIM3
SIM4
1
21
22
SIM5
SIM1
SIM2
SIM3
SIM4
1
21
22
SIM5
SIM1
SIM2
SIM3
SIM4
1
21
22
SIM5
SIM1
SIM2
SIM3
SIM4
1
21
22
SIM5
SIM1
SIM2
SIM3
SIM4
1
21
22
SIM5
SIM1
SIM2
SIM3
SIM4
1
21
22
SIM5
SIM1
SIM2
SIM3
SIM4
1
21
22
SIM5
SIM1
SIM2
SIM3
SIM4
1
21
22
SIM5
SIM1
SIM2
SIM3
SIM4
1
21
22
SIM5
SIM1
SIM2
SIM3
SIM4
1
21
22
SIM5
SIM1
SIM2
SIM3
SIM4
1
21
22
SIM5
SIM1
SIM2
SIM3
SIM4
1
21
22
SIM5
SIM1
SIM2
SIM3
SIM4
1
21
22
SIM5
SIM1
SIM2
SIM3
SIM4
1
21
22
SIM5
SIM1
SIM2
SIM3
SIM4
1
21
22
SIM5
SIM1
SIM2
SIM3
SIM4
1
21
22
SIM5
SIM1
SIM2
SIM3
SIM4
1
21
22
SIM5
SIM1
SIM2
SIM3
SIM4
1
21
22
SIM5
SIM1
SIM2
SIM3
SIM4
1
21
22
SIM5
SIM1
SIM2
SIM3
SIM4
1
21
22
SIM5
SIM1
SIM2
SIM3
SIM4
1
21
22
SIM5
SIM1
SIM2
SIM3
SIM4
1
21
22
SIM5
SIM1
SIM2
SIM3
SIM4
1
21
22
SIM5
SIM1
SIM2
SIM3
SIM4
1
21
22
SIM5
SIM1
SIM2
DEBUG 1 414
SIM1
SIM2
SIM3
SIM4
1
21
22
SIM5
SIM1
SIM2
SIM3
SIM4
1
21
22
SIM5
SIM1
SIM2
SIM3
SIM4
1
21
22
SIM5
SIM1
SIM2
SIM3
SIM4
1
21
22
SIM5
SIM1
SIM2
SIM3
SIM4
1
21
22
SIM5
SIM1
SIM2
SIM3
SIM4
1
21
22
SIM5
SIM1
SIM2
SIM3
SIM4
1
21
22
SIM5
SIM1
SIM2
SIM3
SIM4
1
21
22
SIM5
SIM1
SIM2
SIM3
SIM4
1
21
22
SIM5
SIM1
SIM2
SIM3
SIM4
1
21
22
SIM5
SIM1
SIM2
SIM3
SIM4
1
21
22
SIM5
SIM1
SIM2
SIM3
SIM4
1
21
22
SIM5
SIM1
SIM2
SIM3
SIM4
1
21
22
SIM5
SIM1
SIM2
SIM3
SIM4
1
21
22
SIM5
SIM1
SIM2
SIM3
SIM4
1
21
22
SIM5
SIM1
SIM2
SIM3
SIM4
1
21
22
SIM5
SIM1
SIM2
SIM3
SIM4
1
21
22
SIM5
SIM1
SIM2
SIM3
SIM4
1
21
22
SIM5
SIM1
SIM2
SIM3
SIM4
1
21
22
SIM5
SIM1
SIM2
SIM3
SIM4
1
21
22
SIM5
SIM1
SIM2
SIM3
SIM4
1
21
22
SIM5
SIM1
SIM2
SIM3
SIM4
1
21
22
SIM5
SIM1
SIM2
SIM3
SIM4
1
21
22
SIM5
SIM1
SIM2
SIM3
SIM4
1
21
22
SIM5
SIM1
SIM2
SIM3
SIM4
1
21
22
SIM5
SIM1
SIM2
SIM3
SIM4
1
21
22
SIM5
SIM1
SIM2
SIM3
SIM4
1
21
22
SIM5
SIM1
SIM2
SIM3
SIM4
1
21
22
SIM5
SIM1
SIM2
SIM3
SIM4
1
21
22
SIM5
SIM1
SIM2
SIM3
SIM4
1
21
22
SIM5
SIM1
SIM2
SIM3
SIM4
1
21
22
SIM5
SIM1
SIM2
SIM3
SIM4
1
21
22
SIM5
SIM1
SIM2
SIM3
SIM4
1
21
22
SIM5
SIM1
SIM2
SIM3
SIM4
1
21
22
SIM5
SIM1
SIM2
SIM3
SIM4
1
21
22
SIM5
SIM1
SIM2
SIM3
SIM4
1
21
22
SIM5
SIM1
SIM2
SIM3
SIM4
1
21
22
SIM5
SIM1
SIM2
SIM3
SIM4
1
21
22
SIM5
SIM1
SIM2
SIM3
SIM4
1
21
22
SIM5
SIM1
SIM2
SIM3
SIM4
1
21
22
SIM5
SIM1
SIM2
SIM3
SIM4
1
21
22
SIM5
SIM1
SIM2
SIM3
SIM4
1
21
22
SIM5
SIM1
SIM2
SIM3
SIM4
1
21
22
SIM5
SIM1
SIM2
SIM3
SIM4
1
21
22
SIM5
SIM1
SIM2
SIM3
SIM4
1
21
22
SIM5
SIM1
SIM2
SIM3
SIM4
1
21
22
SIM5
SIM1
SIM2
SIM3
SIM4
1
21
22
SIM5
SIM1
SIM2
SIM3
SIM4
1
21
22
SIM5
SIM1
SIM2
SIM3
SIM4
1
21
22
SIM5
SIM1
SIM2
SIM3
SIM4
1
21
22
SIM5
SIM1
SIM2
SIM3
SIM4
1
21
22
SIM5
SIM1
SIM2
SIM3
SIM4
1
21
22
SIM5
SIM1
SIM2
SIM3
SIM4
1
21
22
SIM5
SIM1
SIM2
SIM3
SIM4
1
21
22
SIM5
SIM1
SIM2
SIM3
SIM4
1
21
22
SIM5
SIM1
SIM2
SIM3
SIM4
1
21
22
SIM5
SIM1
SIM2
SIM3
SIM4
1
21
22
SIM5
SIM1
SIM2
SIM3
SIM4
1
21
22
SIM5
SIM1
SIM2
SIM3
SIM4
1
21
22
SIM5
SIM1
SIM2
SIM3
SIM4
1
21
22
SIM5
SIM1
SIM2
SIM3
SIM4
1
21
22
SIM5
SIM1
SIM2
SIM3
SIM4
1
21
22
SIM5
SIM1
SIM2
SIM3
SIM4
1
21
22
SIM5
SIM1
SIM2
SIM3
SIM4
1
21
22
SIM5
SIM1
SIM2
SIM3
SIM4
1
21
22
SIM5
SIM1
SIM2
SIM3
SIM4
1
21
22
SIM5
SIM1
SIM2
SIM3
SIM4
1
21
22
SIM5
SIM1
SIM2
SIM3
SIM4
1
21
22
SIM5
SIM1
SIM2
SIM3
SIM4
1
21
22
SIM5
SIM1
SIM2
SIM3
SIM4
1
21
22
SIM5
SIM1
SIM2
SIM3
SIM4
1
21
22
SIM5
SIM1
SIM2
SIM3
SIM4
1
21
22
SIM5
SIM1
SIM2
SIM3
SIM4
1
21
22
SIM5
SIM1
SIM2
SIM3
SIM4
1
21
22
SIM5
SIM1
SIM2
SIM3
SIM4
1
21
22
SIM5
SIM1
SIM2
SIM3
SIM4
1
21
22
SIM5
SIM1
SIM2
SIM3
SIM4
1
21
22
SIM5
SIM1
SIM2
SIM3
SIM4
1
21
22
SIM5
SIM1
SIM2
SIM3
SIM4
1
21
22
SIM5
SIM1
SIM2
SIM3
SIM4
1
21
22
SIM5
SIM1
SIM2
SIM3
SIM4
1
21
22
SIM5
SIM1
SIM2
SIM3
SIM4
1
21
22
SIM5
SIM1
SIM2
SIM3
SIM4
1
21
22
SIM5
SIM1
SIM2
SIM3
SIM4
1
21
22
SIM5
SIM1
SIM2
SIM3
SIM4
1
21
22
SIM5
SIM1
SIM2
SIM3
SIM4
1
21
22
SIM5
SIM1
SIM2
SIM3
SIM4
1
21
22
SIM5
SIM1
SIM2
SIM3
SIM4
1
21
22
SIM5
SIM1
SIM2
SIM3
SIM4
1
21
22
SIM5
SIM1
SIM2
SIM3
SIM4
1
21
22
SIM5
SIM1
SIM2
SIM3
SIM4
1
21
22
SIM5
SIM1
SIM2
SIM3
SIM4
1
21
22
SIM5
SIM1
SIM2
SIM3
SIM4
1
21
22
SIM5
SIM1
SIM2
SIM3
SIM4
1
21
22
SIM5
SIM1
SIM2
SIM3
SIM4
1
21
22
SIM5
SIM1
SIM2
SIM3
SIM4
1
21
22
SIM5
SIM1
SIM2
SIM3
SIM4
1
21
22
SIM5
SIM1
SIM2
SIM3
SIM4
1
21
22
SIM5
SIM1
SIM2
SIM3
SIM4
1
21
22
SIM5
SIM1
SIM2
SIM3
SIM4
1
21
22
SIM5
SIM1
SIM2
SIM3
SIM4
1
21
22
SIM5
SIM1
SIM2
SIM3
SIM4
1
21
22
SIM5
SIM1
SIM2
SIM3
SIM4
1
21
22
SIM5
SIM1
SIM2
SIM3
SIM4
1
21
22
SIM5
SIM1
SIM2
SIM3
SIM4
1
21
22
SIM5
SIM1
SIM2
SIM3
SIM4
1
21
22
SIM5
SIM1
SIM2
SIM3
SIM4
1
21
22
SIM5
SIM1
SIM2
SIM3
SIM4
1
21
22
SIM5
SIM1
SIM2
SIM3
SIM4
1
21
22
SIM5
SIM1
SIM2
SIM3
SIM4
1
21
22
SIM5
SIM1
SIM2
SIM3
SIM4
1
21
22
SIM5
SIM1
SIM2
SIM3
SIM4
1
21
22
SIM5
SIM1
SIM2
SIM3
SIM4
1
21
22
SIM5
SIM1
SIM2
SIM3
SIM4
1
21
22
SIM5
SIM1
SIM2
SIM3
SIM4
1
21
22
SIM5
SIM1
SIM2
SIM3
SIM4
1
21
22
SIM5
SIM1
SIM2
SIM3
SIM4
1
21
22
SIM5
SIM1
SIM2
SIM3
SIM4
1
21
22
SIM5
SIM1
SIM2
SIM3
SIM4
1
21
22
SIM5
SIM1
SIM2
SIM3
SIM4
1
21
22
SIM5
SIM1
SIM2
SIM3
SIM4
1
21
22
SIM5
SIM1
SIM2
SIM3
SIM4
1
21
22
SIM5
SIM1
SIM2
SIM3
SIM4
1
21
22
SIM5
SIM1
SIM2
SIM3
SIM4
1
21
22
SIM5
SIM1
SIM2
SIM3
SIM4
1
21
22
SIM5
SIM1
SIM2
SIM3
SIM4
1
21
22
SIM5
SIM1
SIM2
SIM3
SIM4
1
21
22
SIM5
SIM1
SIM2
SIM3
SIM4
1
21
22
SIM5
SIM1
SIM2
SIM3
SIM4
1
21
22
SIM5
SIM1
SIM2
SIM3
SIM4
1
21
22
SIM5
SIM1
SIM2
SIM3
SIM4
1
21
22
SIM5
SIM1
SIM2
SIM3
SIM4
1
21
22
SIM5
SIM1
SIM2
SIM3
SIM4
1
21
22
SIM5
SIM1
SIM2
SIM3
SIM4
1
21
22
SIM5
SIM1
SIM2
SIM3
SIM4
1
21
22
SIM5
SIM1
SIM2
SIM3
SIM4
1
21
22
SIM5
SIM1
SIM2
SIM3
SIM4
1
21
22
SIM5
SIM1
SIM2
SIM3
SIM4
1
21
22
SIM5
SIM1
SIM2
SIM3
SIM4
1
21
22
SIM5
SIM1
SIM2
SIM3
SIM4
1
21
22
SIM5
SIM1
SIM2
SIM3
SIM4
1
21
22
SIM5
SIM1
SIM2
SIM3
SIM4
1
21
22
SIM5
SIM1
SIM2
SIM3
SIM4
1
21
22
SIM5
SIM1
SIM2
SIM3
SIM4
1
21
22
SIM5
SIM1
SIM2
SIM3
SIM4
1
21
22
SIM5
SIM1
SIM2
SIM3
SIM4
1
21
22
SIM5
SIM1
SIM2
SIM3
SIM4
1
21
22
SIM5
SIM1
SIM2
SIM3
SIM4
1
21
22
SIM5
SIM1
SIM2
SIM3
SIM4
1
21
22
SIM5
SIM1
SIM2
SIM3
SIM4
1
21
22
SIM5
SIM1
SIM2
SIM3
SIM4
1
21
22
SIM5
SIM1
SIM2
SIM3
SIM4
1
21
22
SIM5
SIM1
SIM2
SIM3
SIM4
1
21
22
SIM5
SIM1
SIM2
SIM3
SIM4
1
21
22
SIM5
SIM1
SIM2
SIM3
SIM4
1
21
22
SIM5
SIM1
SIM2
SIM3
SIM4
1
21
22
SIM5
SIM1
SIM2
SIM3
SIM4
1
21
22
SIM5
SIM1
SIM2
SIM3
SIM4
1
21
22
SIM5
SIM1
SIM2
SIM3
SIM4
1
21
22
SIM5
SIM1
SIM2
SIM3
SIM4
1
21
22
SIM5
SIM1
SIM2
SIM3
SIM4
1
21
22
SIM5
SIM1
SIM2
SIM3
SIM4
1
21
22
SIM5
SIM1
SIM2
SIM3
SIM4
1
21
22
SIM5
SIM1
SIM2
SIM3
SIM4
1
21
22
SIM5
SIM1
SIM2
SIM3
SIM4
1
21
22
SIM5
SIM1
SIM2
SIM3
SIM4
1
21
22
SIM5
SIM1
SIM2
SIM3
SIM4
1
21
22
SIM5
SIM1
SIM2
SIM3
SIM4
1
21
22
SIM5
SIM1
SIM2
SIM3
SIM4
1
21
22
SIM5
SIM1
SIM2
SIM3
SIM4
1
21
22
SIM5
SIM1
SIM2
SIM3
SIM4
1
21
22
SIM5
SIM1
SIM2
SIM3
SIM4
1
21
22
SIM5
SIM1
SIM2
SIM3
SIM4
1
21
22
SIM5
SIM1
SIM2
SIM3
SIM4
1
21
22
SIM5
SIM1
SIM2
SIM3
SIM4
1
21
22
SIM5
SIM1
SIM2
SIM3
SIM4
1
21
22
SIM5
SIM1
SIM2
SIM3
SIM4
1
21
22
SIM5
SIM1
SIM2
SIM3
SIM4
1
21
22
SIM5
SIM1
SIM2
SIM3
SIM4
1
21
22
SIM5
SIM1
SIM2
SIM3
SIM4
1
21
22
SIM5
SIM1
SIM2
SIM3
SIM4
1
21
22
SIM5
SIM1
SIM2
DEBUG 1 415
SIM1
SIM2
SIM3
SIM4
1
21
22
SIM5
SIM1
SIM2
SIM3
SIM4
1
21
22
SIM5
SIM1
SIM2
SIM3
SIM4
1
21
22
SIM5
SIM1
SIM2
SIM3
SIM4
1
21
22
SIM5
SIM1
SIM2
SIM3
SIM4
1
21
22
SIM5
SIM1
SIM2
SIM3
SIM4
1
21
22
SIM5
SIM1
SIM2
SIM3
SIM4
1
21
22
SIM5
SIM1
SIM2
SIM3
SIM4
1
21
22
SIM5
SIM1
SIM2
SIM3
SIM4
1
21
22
SIM5
SIM1
SIM2
SIM3
SIM4
1
21
22
SIM5
SIM1
SIM2
SIM3
SIM4
1
21
22
SIM5
SIM1
SIM2
SIM3
SIM4
1
21
22
SIM5
SIM1
SIM2
SIM3
SIM4
1
21
22
SIM5
SIM1
SIM2
SIM3
SIM4
1
21
22
SIM5
SIM1
SIM2
SIM3
SIM4
1
21
22
SIM5
SIM1
SIM2
SIM3
SIM4
1
21
22
SIM5
SIM1
SIM2
SIM3
SIM4
1
21
22
SIM5
SIM1
SIM2
SIM3
SIM4
1
21
22
SIM5
SIM1
SIM2
SIM3
SIM4
1
21
22
SIM5
SIM1
SIM2
SIM3
SIM4
1
21
22
SIM5
SIM1
SIM2
SIM3
SIM4
1
21
22
SIM5
SIM1
SIM2
SIM3
SIM4
1
21
22
SIM5
SIM1
SIM2
SIM3
SIM4
1
21
22
SIM5
SIM1
SIM2
SIM3
SIM4
1
21
22
SIM5
SIM1
SIM2
SIM3
SIM4
1
21
22
SIM5
SIM1
SIM2
SIM3
SIM4
1
21
22
SIM5
SIM1
SIM2
SIM3
SIM4
1
21
22
SIM5
SIM1
SIM2
SIM3
SIM4
1
21
22
SIM5
SIM1
SIM2
SIM3
SIM4
1
21
22
SIM5
SIM1
SIM2
SIM3
SIM4
1
21
22
SIM5
SIM1
SIM2
SIM3
SIM4
1
21
22
SIM5
SIM1
SIM2
SIM3
SIM4
1
21
22
SIM5
SIM1
SIM2
SIM3
SIM4
1
21
22
SIM5
SIM1
SIM2
SIM3
SIM4
1
21
22
SIM5
SIM1
SIM2
SIM3
SIM4
1
21
22
SIM5
SIM1
SIM2
SIM3
SIM4
1
21
22
SIM5
SIM1
SIM2
SIM3
SIM4
1
21
22
SIM5
SIM1
SIM2
SIM3
SIM4
1
21
22
SIM5
SIM1
SIM2
SIM3
SIM4
1
21
22
SIM5
SIM1
SIM2
SIM3
SIM4
1
21
22
SIM5
SIM1
SIM2
SIM3
SIM4
1
21
22
SIM5
SIM1
SIM2
SIM3
SIM4
1
21
22
SIM5
SIM1
SIM2
SIM3
SIM4
1
21
22
SIM5
SIM1
SIM2
SIM3
SIM4
1
21
22
SIM5
SIM1
SIM2
SIM3
SIM4
1
21
22
SIM5
SIM1
SIM2
SIM3
SIM4
1
21
22
SIM5
SIM1
SIM2
SIM3
SIM4
1
21
22
SIM5
SIM1
SIM2
SIM3
SIM4
1
21
22
SIM5
SIM1
SIM2
SIM3
SIM4
1
21
22
SIM5
SIM1
SIM2
SIM3
SIM4
1
21
22
SIM5
SIM1
SIM2
SIM3
SIM4
1
21
22
SIM5
SIM1
SIM2
SIM3
SIM4
1
21
22
SIM5
SIM1
SIM2
SIM3
SIM4
1
21
22
SIM5
SIM1
SIM2
SIM3
SIM4
1
21
22
SIM5
SIM1
SIM2
SIM3
SIM4
1
21
22
SIM5
SIM1
SIM2
SIM3
SIM4
1
21
22
SIM5
SIM1
SIM2
SIM3
SIM4
1
21
22
SIM5
SIM1
SIM2
SIM3
SIM4
1
21
22
SIM5
SIM1
SIM2
SIM3
SIM4
1
21
22
SIM5
SIM1
SIM2
SIM3
SIM4
1
21
22
SIM5
SIM1
SIM2
SIM3
SIM4
1
21
22
SIM5
SIM1
SIM2
SIM3
SIM4
1
21
22
SIM5
SIM1
SIM2
SIM3
SIM4
1
21
22
SIM5
SIM1
SIM2
SIM3
SIM4
1
21
22
SIM5
SIM1
SIM2
SIM3
SIM4
1
21
22
SIM5
SIM1
SIM2
SIM3
SIM4
1
21
22
SIM5
SIM1
SIM2
SIM3
SIM4
1
21
22
SIM5
SIM1
SIM2
SIM3
SIM4
1
21
22
SIM5
SIM1
SIM2
SIM3
SIM4
1
21
22
SIM5
SIM1
SIM2
SIM3
SIM4
1
21
22
SIM5
SIM1
SIM2
SIM3
SIM4
1
21
22
SIM5
SIM1
SIM2
SIM3
SIM4
1
21
22
SIM5
SIM1
SIM2
SIM3
SIM4
1
21
22
SIM5
SIM1
SIM2
SIM3
SIM4
1
21
22
SIM5
SIM1
SIM2
SIM3
SIM4
1
21
22
SIM5
SIM1
SIM2
SIM3
SIM4
1
21
22
SIM5
SIM1
SIM2
SIM3
SIM4
1
21
22
SIM5
SIM1
SIM2
SIM3
SIM4
1
21
22
SIM5
SIM1
SIM2
SIM3
SIM4
1
21
22
SIM5
SIM1
SIM2
SIM3
SIM4
1
21
22
SIM5
SIM1
SIM2
SIM3
SIM4
1
21
22
SIM5
SIM1
SIM2
SIM3
SIM4
1
21
22
SIM5
SIM1
SIM2
SIM3
SIM4
1
21
22
SIM5
SIM1
SIM2
SIM3
SIM4
1
21
22
SIM5
SIM1
SIM2
SIM3
SIM4
1
21
22
SIM5
SIM1
SIM2
SIM3
SIM4
1
21
22
SIM5
SIM1
SIM2
SIM3
SIM4
1
21
22
SIM5
SIM1
SIM2
SIM3
SIM4
1
21
22
SIM5
SIM1
SIM2
SIM3
SIM4
1
21
22
SIM5
SIM1
SIM2
SIM3
SIM4
1
21
22
SIM5
SIM1
SIM2
SIM3
SIM4
1
21
22
SIM5
SIM1
SIM2
SIM3
SIM4
1
21
22
SIM5
SIM1
SIM2
SIM3
SIM4
1
21
22
SIM5
SIM1
SIM2
SIM3
SIM4
1
21
22
SIM5
SIM1
SIM2
SIM3
SIM4
1
21
22
SIM5
SIM1
SIM2
SIM3
SIM4
1
21
22
SIM5
SIM1
SIM2
SIM3
SIM4
1
21
22
SIM5
SIM1
SIM2
SIM3
SIM4
1
21
22
SIM5
SIM1
SIM2
SIM3
SIM4
1
21
22
SIM5
SIM1
SIM2
SIM3
SIM4
1
21
22
SIM5
SIM1
SIM2
SIM3
SIM4
1
21
22
SIM5
SIM1
SIM2
SIM3
SIM4
1
21
22
SIM5
SIM1
SIM2
SIM3
SIM4
1
21
22
SIM5
SIM1
SIM2
SIM3
SIM4
1
21
22
SIM5
SIM1
SIM2
SIM3
SIM4
1
21
22
SIM5
SIM1
SIM2
SIM3
SIM4
1
21
22
SIM5
SIM1
SIM2
SIM3
SIM4
1
21
22
SIM5
SIM1
SIM2
SIM3
SIM4
1
21
22
SIM5
SIM1
SIM2
SIM3
SIM4
1
21
22
SIM5
SIM1
SIM2
SIM3
SIM4
1
21
22
SIM5
SIM1
SIM2
SIM3
SIM4
1
21
22
SIM5
SIM1
SIM2
SIM3
SIM4
1
21
22
SIM5
SIM1
SIM2
SIM3
SIM4
1
21
22
SIM5
SIM1
SIM2
SIM3
SIM4
1
21
22
SIM5
SIM1
SIM2
SIM3
SIM4
1
21
22
SIM5
SIM1
SIM2
SIM3
SIM4
1
21
22
SIM5
SIM1
SIM2
SIM3
SIM4
1
21
22
SIM5
SIM1
SIM2
SIM3
SIM4
1
21
22
SIM5
SIM1
SIM2
SIM3
SIM4
1
21
22
SIM5
SIM1
SIM2
SIM3
SIM4
1
21
22
SIM5
SIM1
SIM2
SIM3
SIM4
1
21
22
SIM5
SIM1
SIM2
SIM3
SIM4
1
21
22
SIM5
SIM1
SIM2
SIM3
SIM4
1
21
22
SIM5
SIM1
SIM2
SIM3
SIM4
1
21
22
SIM5
SIM1
SIM2
SIM3
SIM4
1
21
22
SIM5
SIM1
SIM2
SIM3
SIM4
1
21
22
SIM5
SIM1
SIM2
SIM3
SIM4
1
21
22
SIM5
SIM1
SIM2
SIM3
SIM4
1
21
22
SIM5
SIM1
SIM2
SIM3
SIM4
1
21
22
SIM5
SIM1
SIM2
SIM3
SIM4
1
21
22
SIM5
SIM1
SIM2
SIM3
SIM4
1
21
22
SIM5
SIM1
SIM2
SIM3
SIM4
1
21
22
SIM5
SIM1
SIM2
SIM3
SIM4
1
21
22
SIM5
SIM1
SIM2
SIM3
SIM4
1
21
22
SIM5
SIM1
SIM2
SIM3
SIM4
1
21
22
SIM5
SIM1
SIM2
SIM3
SIM4
1
21
22
SIM5
SIM1
SIM2
SIM3
SIM4
1
21
22
SIM5
SIM1
SIM2
SIM3
SIM4
1
21
22
SIM5
SIM1
SIM2
SIM3
SIM4
1
21
22
SIM5
SIM1
SIM2
SIM3
SIM4
1
21
22
SIM5
SIM1
SIM2
SIM3
SIM4
1
21
22
SIM5
SIM1
SIM2
SIM3
SIM4
1
21
22
SIM5
SIM1
SIM2
SIM3
SIM4
1
21
22
SIM5
SIM1
SIM2
SIM3
SIM4
1
21
22
SIM5
SIM1
SIM2
SIM3
SIM4
1
21
22
SIM5
SIM1
SIM2
SIM3
SIM4
1
21
22
SIM5
SIM1
SIM2
SIM3
SIM4
1
21
22
SIM5
SIM1
SIM2
SIM3
SIM4
1
21
22
SIM5
SIM1
SIM2
SIM3
SIM4
1
21
22
SIM5
SIM1
SIM2
SIM3
SIM4
1
21
22
SIM5
SIM1
SIM2
SIM3
SIM4
1
21
22
SIM5
SIM1
SIM2
SIM3
SIM4
1
21
22
SIM5
SIM1
SIM2
SIM3
SIM4
1
21
22
SIM5
SIM1
SIM2
SIM3
SIM4
1
21
22
SIM5
SIM1
SIM2
SIM3
SIM4
1
21
22
SIM5
SIM1
SIM2
SIM3
SIM4
1
21
22
SIM5
SIM1
SIM2
SIM3
SIM4
1
21
22
SIM5
SIM1
SIM2
SIM3
SIM4
1
21
22
SIM5
SIM1
SIM2
SIM3
SIM4
1
21
22
SIM5
SIM1
SIM2
SIM3
SIM4
1
21
22
SIM5
SIM1
SIM2
SIM3
SIM4
1
21
22
SIM5
SIM1
SIM2
SIM3
SIM4
1
21
22
SIM5
SIM1
SIM2
SIM3
SIM4
1
21
22
SIM5
SIM1
SIM2
SIM3
SIM4
1
21
22
SIM5
SIM1
SIM2
SIM3
SIM4
1
21
22
SIM5
SIM1
SIM2
SIM3
SIM4
1
21
22
SIM5
SIM1
SIM2
SIM3
SIM4
1
21
22
SIM5
SIM1
SIM2
SIM3
SIM4
1
21
22
SIM5
SIM1
SIM2
SIM3
SIM4
1
21
22
SIM5
SIM1
SIM2
SIM3
SIM4
1
21
22
SIM5
SIM1
SIM2
SIM3
SIM4
1
21
22
SIM5
SIM1
SIM2
SIM3
SIM4
1
21
22
SIM5
SIM1
SIM2
SIM3
SIM4
1
21
22
SIM5
SIM1
SIM2
SIM3
SIM4
1
21
22
SIM5
SIM1
SIM2
SIM3
SIM4
1
21
22
SIM5
SIM1
SIM2
SIM3
SIM4
1
21
22
SIM5
SIM1
SIM2
SIM3
SIM4
1
21
22
SIM5
SIM1
SIM2
DEBUG 1 416
SIM1
SIM2
SIM3
SIM4
1
21
22
SIM5
SIM1
SIM2
SIM3
SIM4
1
21
22
SIM5
SIM1
SIM2
SIM3
SIM4
1
21
22
SIM5
SIM1
SIM2
SIM3
SIM4
1
21
22
SIM5
SIM1
SIM2
SIM3
SIM4
1
21
22
SIM5
SIM1
SIM2
SIM3
SIM4
1
21
22
SIM5
SIM1
SIM2
SIM3
SIM4
1
21
22
SIM5
SIM1
SIM2
SIM3
SIM4
1
21
22
SIM5
SIM1
SIM2
SIM3
SIM4
1
21
22
SIM5
SIM1
SIM2
SIM3
SIM4
1
21
22
SIM5
SIM1
SIM2
SIM3
SIM4
1
21
22
SIM5
SIM1
SIM2
SIM3
SIM4
1
21
22
SIM5
SIM1
SIM2
SIM3
SIM4
1
21
22
SIM5
SIM1
SIM2
SIM3
SIM4
1
21
22
SIM5
SIM1
SIM2
SIM3
SIM4
1
21
22
SIM5
SIM1
SIM2
SIM3
SIM4
1
21
22
SIM5
SIM1
SIM2
SIM3
SIM4
1
21
22
SIM5
SIM1
SIM2
SIM3
SIM4
1
21
22
SIM5
SIM1
SIM2
SIM3
SIM4
1
21
22
SIM5
SIM1
SIM2
SIM3
SIM4
1
21
22
SIM5
SIM1
SIM2
SIM3
SIM4
1
21
22
SIM5
SIM1
SIM2
SIM3
SIM4
1
21
22
SIM5
SIM1
SIM2
SIM3
SIM4
1
21
22
SIM5
SIM1
SIM2
SIM3
SIM4
1
21
22
SIM5
SIM1
SIM2
SIM3
SIM4
1
21
22
SIM5
SIM1
SIM2
SIM3
SIM4
1
21
22
SIM5
SIM1
SIM2
SIM3
SIM4
1
21
22
SIM5
SIM1
SIM2
SIM3
SIM4
1
21
22
SIM5
SIM1
SIM2
SIM3
SIM4
1
21
22
SIM5
SIM1
SIM2
SIM3
SIM4
1
21
22
SIM5
SIM1
SIM2
SIM3
SIM4
1
21
22
SIM5
SIM1
SIM2
SIM3
SIM4
1
21
22
SIM5
SIM1
SIM2
SIM3
SIM4
1
21
22
SIM5
SIM1
SIM2
SIM3
SIM4
1
21
22
SIM5
SIM1
SIM2
SIM3
SIM4
1
21
22
SIM5
SIM1
SIM2
SIM3
SIM4
1
21
22
SIM5
SIM1
SIM2
SIM3
SIM4
1
21
22
SIM5
SIM1
SIM2
SIM3
SIM4
1
21
22
SIM5
SIM1
SIM2
SIM3
SIM4
1
21
22
SIM5
SIM1
SIM2
SIM3
SIM4
1
21
22
SIM5
SIM1
SIM2
SIM3
SIM4
1
21
22
SIM5
SIM1
SIM2
SIM3
SIM4
1
21
22
SIM5
SIM1
SIM2
SIM3
SIM4
1
21
22
SIM5
SIM1
SIM2
SIM3
SIM4
1
21
22
SIM5
SIM1
SIM2
SIM3
SIM4
1
21
22
SIM5
SIM1
SIM2
SIM3
SIM4
1
21
22
SIM5
SIM1
SIM2
SIM3
SIM4
1
21
22
SIM5
SIM1
SIM2
SIM3
SIM4
1
21
22
SIM5
SIM1
SIM2
SIM3
SIM4
1
21
22
SIM5
SIM1
SIM2
SIM3
SIM4
1
21
22
SIM5
SIM1
SIM2
SIM3
SIM4
1
21
22
SIM5
SIM1
SIM2
SIM3
SIM4
1
21
22
SIM5
SIM1
SIM2
SIM3
SIM4
1
21
22
SIM5
SIM1
SIM2
SIM3
SIM4
1
21
22
SIM5
SIM1
SIM2
SIM3
SIM4
1
21
22
SIM5
SIM1
SIM2
SIM3
SIM4
1
21
22
SIM5
SIM1
SIM2
SIM3
SIM4
1
21
22
SIM5
SIM1
SIM2
SIM3
SIM4
1
21
22
SIM5
SIM1
SIM2
SIM3
SIM4
1
21
22
SIM5
SIM1
SIM2
SIM3
SIM4
1
21
22
SIM5
SIM1
SIM2
SIM3
SIM4
1
21
22
SIM5
SIM1
SIM2
SIM3
SIM4
1
21
22
SIM5
SIM1
SIM2
SIM3
SIM4
1
21
22
SIM5
SIM1
SIM2
SIM3
SIM4
1
21
22
SIM5
SIM1
SIM2
SIM3
SIM4
1
21
22
SIM5
SIM1
SIM2
SIM3
SIM4
1
21
22
SIM5
SIM1
SIM2
SIM3
SIM4
1
21
22
SIM5
SIM1
SIM2
SIM3
SIM4
1
21
22
SIM5
SIM1
SIM2
SIM3
SIM4
1
21
22
SIM5
SIM1
SIM2
SIM3
SIM4
1
21
22
SIM5
SIM1
SIM2
SIM3
SIM4
1
21
22
SIM5
SIM1
SIM2
SIM3
SIM4
1
21
22
SIM5
SIM1
SIM2
SIM3
SIM4
1
21
22
SIM5
SIM1
SIM2
SIM3
SIM4
1
21
22
SIM5
SIM1
SIM2
SIM3
SIM4
1
21
22
SIM5
SIM1
SIM2
SIM3
SIM4
1
21
22
SIM5
SIM1
SIM2
SIM3
SIM4
1
21
22
SIM5
SIM1
SIM2
SIM3
SIM4
1
21
22
SIM5
SIM1
SIM2
SIM3
SIM4
1
21
22
SIM5
SIM1
SIM2
SIM3
SIM4
1
21
22
SIM5
SIM1
SIM2
SIM3
SIM4
1
21
22
SIM5
SIM1
SIM2
SIM3
SIM4
1
21
22
SIM5
SIM1
SIM2
SIM3
SIM4
1
21
22
SIM5
SIM1
SIM2
SIM3
SIM4
1
21
22
SIM5
SIM1
SIM2
SIM3
SIM4
1
21
22
SIM5
SIM1
SIM2
SIM3
SIM4
1
21
22
SIM5
SIM1
SIM2
SIM3
SIM4
1
21
22
SIM5
SIM1
SIM2
SIM3
SIM4
1
21
22
SIM5
SIM1
SIM2
SIM3
SIM4
1
21
22
SIM5
SIM1
SIM2
SIM3
SIM4
1
21
22
SIM5
SIM1
SIM2
SIM3
SIM4
1
21
22
SIM5
SIM1
SIM2
SIM3
SIM4
1
21
22
SIM5
SIM1
SIM2
SIM3
SIM4
1
21
22
SIM5
SIM1
SIM2
SIM3
SIM4
1
21
22
SIM5
SIM1
SIM2
SIM3
SIM4
1
21
22
SIM5
SIM1
SIM2
SIM3
SIM4
1
21
22
SIM5
SIM1
SIM2
SIM3
SIM4
1
21
22
SIM5
SIM1
SIM2
SIM3
SIM4
1
21
22
SIM5
SIM1
SIM2
SIM3
SIM4
1
21
22
SIM5
SIM1
SIM2
SIM3
SIM4
1
21
22
SIM5
SIM1
SIM2
SIM3
SIM4
1
21
22
SIM5
SIM1
SIM2
SIM3
SIM4
1
21
22
SIM5
SIM1
SIM2
SIM3
SIM4
1
21
22
SIM5
SIM1
SIM2
SIM3
SIM4
1
21
22
SIM5
SIM1
SIM2
SIM3
SIM4
1
21
22
SIM5
SIM1
SIM2
SIM3
SIM4
1
21
22
SIM5
SIM1
SIM2
SIM3
SIM4
1
21
22
SIM5
SIM1
SIM2
SIM3
SIM4
1
21
22
SIM5
SIM1
SIM2
SIM3
SIM4
1
21
22
SIM5
SIM1
SIM2
SIM3
SIM4
1
21
22
SIM5
SIM1
SIM2
SIM3
SIM4
1
21
22
SIM5
SIM1
SIM2
SIM3
SIM4
1
21
22
SIM5
SIM1
SIM2
SIM3
SIM4
1
21
22
SIM5
SIM1
SIM2
SIM3
SIM4
1
21
22
SIM5
SIM1
SIM2
SIM3
SIM4
1
21
22
SIM5
SIM1
SIM2
SIM3
SIM4
1
21
22
SIM5
SIM1
SIM2
SIM3
SIM4
1
21
22
SIM5
SIM1
SIM2
SIM3
SIM4
1
21
22
SIM5
SIM1
SIM2
SIM3
SIM4
1
21
22
SIM5
SIM1
SIM2
SIM3
SIM4
1
21
22
SIM5
SIM1
SIM2
SIM3
SIM4
1
21
22
SIM5
SIM1
SIM2
SIM3
SIM4
1
21
22
SIM5
SIM1
SIM2
SIM3
SIM4
1
21
22
SIM5
SIM1
SIM2
SIM3
SIM4
1
21
22
SIM5
SIM1
SIM2
SIM3
SIM4
1
21
22
SIM5
SIM1
SIM2
SIM3
SIM4
1
21
22
SIM5
SIM1
SIM2
SIM3
SIM4
1
21
22
SIM5
SIM1
SIM2
SIM3
SIM4
1
21
22
SIM5
SIM1
SIM2
SIM3
SIM4
1
21
22
SIM5
SIM1
SIM2
SIM3
SIM4
1
21
22
SIM5
SIM1
SIM2
SIM3
SIM4
1
21
22
SIM5
SIM1
SIM2
SIM3
SIM4
1
21
22
SIM5
SIM1
SIM2
SIM3
SIM4
1
21
22
SIM5
SIM1
SIM2
SIM3
SIM4
1
21
22
SIM5
SIM1
SIM2
SIM3
SIM4
1
21
22
SIM5
SIM1
SIM2
SIM3
SIM4
1
21
22
SIM5
SIM1
SIM2
SIM3
SIM4
1
21
22
SIM5
SIM1
SIM2
SIM3
SIM4
1
21
22
SIM5
SIM1
SIM2
SIM3
SIM4
1
21
22
SIM5
SIM1
SIM2
SIM3
SIM4
1
21
22
SIM5
SIM1
SIM2
SIM3
SIM4
1
21
22
SIM5
SIM1
SIM2
SIM3
SIM4
1
21
22
SIM5
SIM1
SIM2
DEBUG 1 417
SIM1
SIM2
SIM3
SIM4
1
21
22
SIM5
SIM1
SIM2
SIM3
SIM4
1
21
22
SIM5
SIM1
SIM2
SIM3
SIM4
1
21
22
SIM5
SIM1
SIM2
SIM3
SIM4
1
21
22
SIM5
SIM1
SIM2
SIM3
SIM4
1
21
22
SIM5
SIM1
SIM2
SIM3
SIM4
1
21
22
SIM5
SIM1
SIM2
SIM3
SIM4
1
21
22
SIM5
SIM1
SIM2
SIM3
SIM4
1
21
22
SIM5
SIM1
SIM2
SIM3
SIM4
1
21
22
SIM5
SIM1
SIM2
SIM3
SIM4
1
21
22
SIM5
SIM1
SIM2
SIM3
SIM4
1
21
22
SIM5
SIM1
SIM2
SIM3
SIM4
1
21
22
SIM5
SIM1
SIM2
SIM3
SIM4
1
21
22
SIM5
SIM1
SIM2
SIM3
SIM4
1
21
22
SIM5
SIM1
SIM2
SIM3
SIM4
1
21
22
SIM5
SIM1
SIM2
SIM3
SIM4
1
21
22
SIM5
SIM1
SIM2
SIM3
SIM4
1
21
22
SIM5
SIM1
SIM2
SIM3
SIM4
1
21
22
SIM5
SIM1
SIM2
SIM3
SIM4
1
21
22
SIM5
SIM1
SIM2
SIM3
SIM4
1
21
22
SIM5
SIM1
SIM2
SIM3
SIM4
1
21
22
SIM5
SIM1
SIM2
SIM3
SIM4
1
21
22
SIM5
SIM1
SIM2
SIM3
SIM4
1
21
22
SIM5
SIM1
SIM2
SIM3
SIM4
1
21
22
SIM5
SIM1
SIM2
SIM3
SIM4
1
21
22
SIM5
SIM1
SIM2
SIM3
SIM4
1
21
22
SIM5
SIM1
SIM2
SIM3
SIM4
1
21
22
SIM5
SIM1
SIM2
SIM3
SIM4
1
21
22
SIM5
SIM1
SIM2
SIM3
SIM4
1
21
22
SIM5
SIM1
SIM2
SIM3
SIM4
1
21
22
SIM5
SIM1
SIM2
SIM3
SIM4
1
21
22
SIM5
SIM1
SIM2
SIM3
SIM4
1
21
22
SIM5
SIM1
SIM2
SIM3
SIM4
1
21
22
SIM5
SIM1
SIM2
SIM3
SIM4
1
21
22
SIM5
SIM1
SIM2
SIM3
SIM4
1
21
22
SIM5
SIM1
SIM2
SIM3
SIM4
1
21
22
SIM5
SIM1
SIM2
SIM3
SIM4
1
21
22
SIM5
SIM1
SIM2
SIM3
SIM4
1
21
22
SIM5
SIM1
SIM2
SIM3
SIM4
1
21
22
SIM5
SIM1
SIM2
SIM3
SIM4
1
21
22
SIM5
SIM1
SIM2
SIM3
SIM4
1
21
22
SIM5
SIM1
SIM2
SIM3
SIM4
1
21
22
SIM5
SIM1
SIM2
SIM3
SIM4
1
21
22
SIM5
SIM1
SIM2
SIM3
SIM4
1
21
22
SIM5
SIM1
SIM2
SIM3
SIM4
1
21
22
SIM5
SIM1
SIM2
SIM3
SIM4
1
21
22
SIM5
SIM1
SIM2
SIM3
SIM4
1
21
22
SIM5
SIM1
SIM2
SIM3
SIM4
1
21
22
SIM5
SIM1
SIM2
SIM3
SIM4
1
21
22
SIM5
SIM1
SIM2
SIM3
SIM4
1
21
22
SIM5
SIM1
SIM2
SIM3
SIM4
1
21
22
SIM5
SIM1
SIM2
SIM3
SIM4
1
21
22
SIM5
SIM1
SIM2
SIM3
SIM4
1
21
22
SIM5
SIM1
SIM2
SIM3
SIM4
1
21
22
SIM5
SIM1
SIM2
SIM3
SIM4
1
21
22
SIM5
SIM1
SIM2
SIM3
SIM4
1
21
22
SIM5
SIM1
SIM2
SIM3
SIM4
1
21
22
SIM5
SIM1
SIM2
SIM3
SIM4
1
21
22
SIM5
SIM1
SIM2
SIM3
SIM4
1
21
22
SIM5
SIM1
SIM2
SIM3
SIM4
1
21
22
SIM5
SIM1
SIM2
SIM3
SIM4
1
21
22
SIM5
SIM1
SIM2
SIM3
SIM4
1
21
22
SIM5
SIM1
SIM2
SIM3
SIM4
1
21
22
SIM5
SIM1
SIM2
SIM3
SIM4
1
21
22
SIM5
SIM1
SIM2
SIM3
SIM4
1
21
22
SIM5
SIM1
SIM2
SIM3
SIM4
1
21
22
SIM5
SIM1
SIM2
SIM3
SIM4
1
21
22
SIM5
SIM1
SIM2
SIM3
SIM4
1
21
22
SIM5
SIM1
SIM2
SIM3
SIM4
1
21
22
SIM5
SIM1
SIM2
SIM3
SIM4
1
21
22
SIM5
SIM1
SIM2
SIM3
SIM4
1
21
22
SIM5
SIM1
SIM2
SIM3
SIM4
1
21
22
SIM5
SIM1
SIM2
SIM3
SIM4
1
21
22
SIM5
SIM1
SIM2
SIM3
SIM4
1
21
22
SIM5
SIM1
SIM2
SIM3
SIM4
1
21
22
SIM5
SIM1
SIM2
SIM3
SIM4
1
21
22
SIM5
SIM1
SIM2
SIM3
SIM4
1
21
22
SIM5
SIM1
SIM2
SIM3
SIM4
1
21
22
SIM5
SIM1
SIM2
SIM3
SIM4
1
21
22
SIM5
SIM1
SIM2
SIM3
SIM4
1
21
22
SIM5
SIM1
SIM2
SIM3
SIM4
1
21
22
SIM5
SIM1
SIM2
SIM3
SIM4
1
21
22
SIM5
SIM1
SIM2
SIM3
SIM4
1
21
22
SIM5
SIM1
SIM2
SIM3
SIM4
1
21
22
SIM5
SIM1
SIM2
SIM3
SIM4
1
21
22
SIM5
SIM1
SIM2
SIM3
SIM4
1
21
22
SIM5
SIM1
SIM2
SIM3
SIM4
1
21
22
SIM5
SIM1
SIM2
SIM3
SIM4
1
21
22
SIM5
SIM1
SIM2
SIM3
SIM4
1
21
22
SIM5
SIM1
SIM2
SIM3
SIM4
1
21
22
SIM5
SIM1
SIM2
SIM3
SIM4
1
21
22
SIM5
SIM1
SIM2
SIM3
SIM4
1
21
22
SIM5
SIM1
SIM2
SIM3
SIM4
1
21
22
SIM5
SIM1
SIM2
SIM3
SIM4
1
21
22
SIM5
SIM1
SIM2
SIM3
SIM4
1
21
22
SIM5
SIM1
SIM2
SIM3
SIM4
1
21
22
SIM5
SIM1
SIM2
SIM3
SIM4
1
21
22
SIM5
SIM1
SIM2
SIM3
SIM4
1
21
22
SIM5
SIM1
SIM2
SIM3
SIM4
1
21
22
SIM5
SIM1
SIM2
SIM3
SIM4
1
21
22
SIM5
SIM1
SIM2
SIM3
SIM4
1
21
22
SIM5
SIM1
SIM2
SIM3
SIM4
1
21
22
SIM5
SIM1
SIM2
SIM3
SIM4
1
21
22
SIM5
SIM1
SIM2
SIM3
SIM4
1
21
22
SIM5
SIM1
SIM2
SIM3
SIM4
1
21
22
SIM5
SIM1
SIM2
SIM3
SIM4
1
21
22
SIM5
SIM1
SIM2
SIM3
SIM4
1
21
22
SIM5
SIM1
SIM2
SIM3
SIM4
1
21
22
SIM5
SIM1
SIM2
SIM3
SIM4
1
21
22
SIM5
SIM1
SIM2
SIM3
SIM4
1
21
22
SIM5
SIM1
SIM2
SIM3
SIM4
1
21
22
SIM5
SIM1
SIM2
SIM3
SIM4
1
21
22
SIM5
SIM1
SIM2
SIM3
SIM4
1
21
22
SIM5
SIM1
SIM2
SIM3
SIM4
1
21
22
SIM5
SIM1
SIM2
SIM3
SIM4
1
21
22
SIM5
SIM1
SIM2
SIM3
SIM4
1
21
22
SIM5
SIM1
SIM2
SIM3
SIM4
1
21
22
SIM5
SIM1
SIM2
SIM3
SIM4
1
21
22
SIM5
SIM1
SIM2
SIM3
SIM4
1
21
22
SIM5
SIM1
SIM2
SIM3
SIM4
1
21
22
SIM5
SIM1
SIM2
SIM3
SIM4
1
21
22
SIM5
SIM1
SIM2
SIM3
SIM4
1
21
22
SIM5
SIM1
SIM2
SIM3
SIM4
1
21
22
SIM5
SIM1
SIM2
SIM3
SIM4
1
21
22
SIM5
SIM1
SIM2
SIM3
SIM4
1
21
22
SIM5
SIM1
SIM2
SIM3
SIM4
1
21
22
SIM5
SIM1
SIM2
SIM3
SIM4
1
21
22
SIM5
SIM1
SIM2
SIM3
SIM4
1
21
22
SIM5
SIM1
SIM2
SIM3
SIM4
1
21
22
SIM5
SIM1
SIM2
SIM3
SIM4
1
21
22
SIM5
SIM1
SIM2
SIM3
SIM4
1
21
22
SIM5
SIM1
SIM2
SIM3
SIM4
1
21
22
SIM5
SIM1
SIM2
SIM3
SIM4
1
21
22
SIM5
SIM1
SIM2
SIM3
SIM4
1
21
22
SIM5
SIM1
SIM2
SIM3
SIM4
1
21
22
SIM5
SIM1
SIM2
SIM3
SIM4
1
21
22
SIM5
SIM1
SIM2
SIM3
SIM4
1
21
22
SIM5
SIM1
SIM2
SIM3
SIM4
1
21
22
SIM5
SIM1
SIM2
DEBUG 1 418
SIM1
SIM2
SIM3
SIM4
1
21
22
SIM5
SIM1
SIM2
SIM3
SIM4
1
21
22
SIM5
SIM1
SIM2
SIM3
SIM4
1
21
22
SIM5
SIM1
SIM2
SIM3
SIM4
1
21
22
SIM5
SIM1
SIM2
SIM3
SIM4
1
21
22
SIM5
SIM1
SIM2
SIM3
SIM4
1
21
22
SIM5
SIM1
SIM2
SIM3
SIM4
1
21
22
SIM5
SIM1
SIM2
SIM3
SIM4
1
21
22
SIM5
SIM1
SIM2
SIM3
SIM4
1
21
22
SIM5
SIM1
SIM2
SIM3
SIM4
1
21
22
SIM5
SIM1
SIM2
SIM3
SIM4
1
21
22
SIM5
SIM1
SIM2
SIM3
SIM4
1
21
22
SIM5
SIM1
SIM2
SIM3
SIM4
1
21
22
SIM5
SIM1
SIM2
SIM3
SIM4
1
21
22
SIM5
SIM1
SIM2
SIM3
SIM4
1
21
22
SIM5
SIM1
SIM2
SIM3
SIM4
1
21
22
SIM5
SIM1
SIM2
SIM3
SIM4
1
21
22
SIM5
SIM1
SIM2
SIM3
SIM4
1
21
22
SIM5
SIM1
SIM2
SIM3
SIM4
1
21
22
SIM5
SIM1
SIM2
SIM3
SIM4
1
21
22
SIM5
SIM1
SIM2
SIM3
SIM4
1
21
22
SIM5
SIM1
SIM2
SIM3
SIM4
1
21
22
SIM5
SIM1
SIM2
SIM3
SIM4
1
21
22
SIM5
SIM1
SIM2
SIM3
SIM4
1
21
22
SIM5
SIM1
SIM2
SIM3
SIM4
1
21
22
SIM5
SIM1
SIM2
SIM3
SIM4
1
21
22
SIM5
SIM1
SIM2
SIM3
SIM4
1
21
22
SIM5
SIM1
SIM2
SIM3
SIM4
1
21
22
SIM5
SIM1
SIM2
SIM3
SIM4
1
21
22
SIM5
SIM1
SIM2
SIM3
SIM4
1
21
22
SIM5
SIM1
SIM2
SIM3
SIM4
1
21
22
SIM5
SIM1
SIM2
SIM3
SIM4
1
21
22
SIM5
SIM1
SIM2
SIM3
SIM4
1
21
22
SIM5
SIM1
SIM2
SIM3
SIM4
1
21
22
SIM5
SIM1
SIM2
SIM3
SIM4
1
21
22
SIM5
SIM1
SIM2
SIM3
SIM4
1
21
22
SIM5
SIM1
SIM2
SIM3
SIM4
1
21
22
SIM5
SIM1
SIM2
SIM3
SIM4
1
21
22
SIM5
SIM1
SIM2
SIM3
SIM4
1
21
22
SIM5
SIM1
SIM2
SIM3
SIM4
1
21
22
SIM5
SIM1
SIM2
SIM3
SIM4
1
21
22
SIM5
SIM1
SIM2
SIM3
SIM4
1
21
22
SIM5
SIM1
SIM2
SIM3
SIM4
1
21
22
SIM5
SIM1
SIM2
SIM3
SIM4
1
21
22
SIM5
SIM1
SIM2
SIM3
SIM4
1
21
22
SIM5
SIM1
SIM2
SIM3
SIM4
1
21
22
SIM5
SIM1
SIM2
SIM3
SIM4
1
21
22
SIM5
SIM1
SIM2
SIM3
SIM4
1
21
22
SIM5
SIM1
SIM2
SIM3
SIM4
1
21
22
SIM5
SIM1
SIM2
SIM3
SIM4
1
21
22
SIM5
SIM1
SIM2
SIM3
SIM4
1
21
22
SIM5
SIM1
SIM2
SIM3
SIM4
1
21
22
SIM5
SIM1
SIM2
SIM3
SIM4
1
21
22
SIM5
SIM1
SIM2
SIM3
SIM4
1
21
22
SIM5
SIM1
SIM2
SIM3
SIM4
1
21
22
SIM5
SIM1
SIM2
SIM3
SIM4
1
21
22
SIM5
SIM1
SIM2
SIM3
SIM4
1
21
22
SIM5
SIM1
SIM2
SIM3
SIM4
1
21
22
SIM5
SIM1
SIM2
SIM3
SIM4
1
21
22
SIM5
SIM1
SIM2
SIM3
SIM4
1
21
22
SIM5
SIM1
SIM2
SIM3
SIM4
1
21
22
SIM5
SIM1
SIM2
SIM3
SIM4
1
21
22
SIM5
SIM1
SIM2
SIM3
SIM4
1
21
22
SIM5
SIM1
SIM2
SIM3
SIM4
1
21
22
SIM5
SIM1
SIM2
SIM3
SIM4
1
21
22
SIM5
SIM1
SIM2
SIM3
SIM4
1
21
22
SIM5
SIM1
SIM2
SIM3
SIM4
1
21
22
SIM5
SIM1
SIM2
SIM3
SIM4
1
21
22
SIM5
SIM1
SIM2
SIM3
SIM4
1
21
22
SIM5
SIM1
SIM2
SIM3
SIM4
1
21
22
SIM5
SIM1
SIM2
SIM3
SIM4
1
21
22
SIM5
SIM1
SIM2
SIM3
SIM4
1
21
22
SIM5
SIM1
SIM2
SIM3
SIM4
1
21
22
SIM5
SIM1
SIM2
SIM3
SIM4
1
21
22
SIM5
SIM1
SIM2
SIM3
SIM4
1
21
22
SIM5
SIM1
SIM2
SIM3
SIM4
1
21
22
SIM5
SIM1
SIM2
SIM3
SIM4
1
21
22
SIM5
SIM1
SIM2
SIM3
SIM4
1
21
22
SIM5
SIM1
SIM2
SIM3
SIM4
1
21
22
SIM5
SIM1
SIM2
SIM3
SIM4
1
21
22
SIM5
SIM1
SIM2
SIM3
SIM4
1
21
22
SIM5
SIM1
SIM2
SIM3
SIM4
1
21
22
SIM5
SIM1
SIM2
SIM3
SIM4
1
21
22
SIM5
SIM1
SIM2
SIM3
SIM4
1
21
22
SIM5
SIM1
SIM2
SIM3
SIM4
1
21
22
SIM5
SIM1
SIM2
SIM3
SIM4
1
21
22
SIM5
SIM1
SIM2
SIM3
SIM4
1
21
22
SIM5
SIM1
SIM2
SIM3
SIM4
1
21
22
SIM5
SIM1
SIM2
SIM3
SIM4
1
21
22
SIM5
SIM1
SIM2
SIM3
SIM4
1
21
22
SIM5
SIM1
SIM2
SIM3
SIM4
1
21
22
SIM5
SIM1
SIM2
SIM3
SIM4
1
21
22
SIM5
SIM1
SIM2
SIM3
SIM4
1
21
22
SIM5
SIM1
SIM2
SIM3
SIM4
1
21
22
SIM5
SIM1
SIM2
SIM3
SIM4
1
21
22
SIM5
SIM1
SIM2
SIM3
SIM4
1
21
22
SIM5
SIM1
SIM2
SIM3
SIM4
1
21
22
SIM5
SIM1
SIM2
SIM3
SIM4
1
21
22
SIM5
SIM1
SIM2
SIM3
SIM4
1
21
22
SIM5
SIM1
SIM2
SIM3
SIM4
1
21
22
SIM5
SIM1
SIM2
SIM3
SIM4
1
21
22
SIM5
SIM1
SIM2
SIM3
SIM4
1
21
22
SIM5
SIM1
SIM2
SIM3
SIM4
1
21
22
SIM5
SIM1
SIM2
SIM3
SIM4
1
21
22
SIM5
SIM1
SIM2
SIM3
SIM4
1
21
22
SIM5
SIM1
SIM2
SIM3
SIM4
1
21
22
SIM5
SIM1
SIM2
SIM3
SIM4
1
21
22
SIM5
SIM1
SIM2
SIM3
SIM4
1
21
22
SIM5
SIM1
SIM2
SIM3
SIM4
1
21
22
SIM5
SIM1
SIM2
SIM3
SIM4
1
21
22
SIM5
SIM1
SIM2
SIM3
SIM4
1
21
22
SIM5
SIM1
SIM2
SIM3
SIM4
1
21
22
SIM5
SIM1
SIM2
SIM3
SIM4
1
21
22
SIM5
SIM1
SIM2
SIM3
SIM4
1
21
22
SIM5
SIM1
SIM2
SIM3
SIM4
1
21
22
SIM5
SIM1
SIM2
SIM3
SIM4
1
21
22
SIM5
SIM1
SIM2
SIM3
SIM4
1
21
22
SIM5
SIM1
SIM2
SIM3
SIM4
1
21
22
SIM5
SIM1
SIM2
SIM3
SIM4
1
21
22
SIM5
SIM1
SIM2
SIM3
SIM4
1
21
22
SIM5
SIM1
SIM2
SIM3
SIM4
1
21
22
SIM5
SIM1
SIM2
SIM3
SIM4
1
21
22
SIM5
SIM1
SIM2
SIM3
SIM4
1
21
22
SIM5
SIM1
SIM2
SIM3
SIM4
1
21
22
SIM5
SIM1
SIM2
SIM3
SIM4
1
21
22
SIM5
SIM1
SIM2
SIM3
SIM4
1
21
22
SIM5
SIM1
SIM2
SIM3
SIM4
1
21
22
SIM5
SIM1
SIM2
SIM3
SIM4
1
21
22
SIM5
SIM1
SIM2
SIM3
SIM4
1
21
22
SIM5
SIM1
SIM2
SIM3
SIM4
1
21
22
SIM5
SIM1
SIM2
SIM3
SIM4
1
21
22
SIM5
SIM1
SIM2
SIM3
SIM4
1
21
22
SIM5
SIM1
SIM2
SIM3
SIM4
1
21
22
SIM5
SIM1
SIM2
SIM3
SIM4
1
21
22
SIM5
SIM1
SIM2
SIM3
SIM4
1
21
22
SIM5
SIM1
SIM2
SIM3
SIM4
1
21
22
SIM5
SIM1
SIM2
SIM3
SIM4
1
21
22
SIM5
SIM1
SIM2
SIM3
SIM4
1
21
22
SIM5
SIM1
SIM2
SIM3
SIM4
1
21
22
SIM5
SIM1
SIM2
SIM3
SIM4
1
21
22
SIM5
SIM1
SIM2
SIM3
SIM4
1
21
22
SIM5
SIM1
SIM2
SIM3
SIM4
1
21
22
SIM5
SIM1
SIM2
SIM3
SIM4
1
21
22
SIM5
SIM1
SIM2
SIM3
SIM4
1
21
22
SIM5
SIM1
SIM2
SIM3
SIM4
1
21
22
SIM5
SIM1
SIM2
SIM3
SIM4
1
21
22
SIM5
SIM1
SIM2
SIM3
SIM4
1
21
22
SIM5
SIM1
SIM2
SIM3
SIM4
1
21
22
SIM5
SIM1
SIM2
SIM3
SIM4
1
21
22
SIM5
SIM1
SIM2
SIM3
SIM4
1
21
22
SIM5
SIM1
SIM2
SIM3
SIM4
1
21
22
SIM5
SIM1
SIM2
SIM3
SIM4
1
21
22
SIM5
SIM1
SIM2
SIM3
SIM4
1
21
22
SIM5
SIM1
SIM2
SIM3
SIM4
1
21
22
SIM5
SIM1
SIM2
SIM3
SIM4
1
21
22
SIM5
SIM1
SIM2
SIM3
SIM4
1
21
22
SIM5
SIM1
SIM2
SIM3
SIM4
1
21
22
SIM5
SIM1
SIM2
SIM3
SIM4
1
21
22
SIM5
SIM1
SIM2
SIM3
SIM4
1
21
22
SIM5
SIM1
SIM2
SIM3
SIM4
1
21
22
SIM5
SIM1
SIM2
SIM3
SIM4
1
21
22
SIM5
SIM1
SIM2
SIM3
SIM4
1
21
22
SIM5
SIM1
SIM2
SIM3
SIM4
1
21
22
SIM5
SIM1
SIM2
SIM3
SIM4
1
21
22
SIM5
SIM1
SIM2
SIM3
SIM4
1
21
22
SIM5
SIM1
SIM2
SIM3
SIM4
1
21
22
SIM5
SIM1
SIM2
SIM3
SIM4
1
21
22
SIM5
SIM1
SIM2
SIM3
SIM4
1
21
22
SIM5
SIM1
SIM2
SIM3
SIM4
1
21
22
SIM5
SIM1
SIM2
SIM3
SIM4
1
21
22
SIM5
SIM1
SIM2
SIM3
SIM4
1
21
22
SIM5
SIM1
SIM2
SIM3
SIM4
1
21
22
SIM5
SIM1
SIM2
SIM3
SIM4
1
21
22
SIM5
SIM1
SIM2
SIM3
SIM4
1
21
22
SIM5
SIM1
SIM2
SIM3
SIM4
1
21
22
SIM5
SIM1
SIM2
SIM3
SIM4
1
21
22
SIM5
SIM1
SIM2
SIM3
SIM4
1
21
22
SIM5
SIM1
SIM2
SIM3
SIM4
1
21
22
SIM5
SIM1
SIM2
SIM3
SIM4
1
21
22
SIM5
SIM1
SIM2
SIM3
SIM4
1
21
22
SIM5
SIM1
SIM2
SIM3
SIM4
1
21
22
SIM5
SIM1
SIM2
SIM3
SIM4
1
21
22
SIM5
SIM1
SIM2
SIM3
SIM4
1
21
22
SIM5
SIM1
SIM2
SIM3
SIM4
1
21
22
SIM5
SIM1
SIM2
SIM3
SIM4
1
21
22
SIM5
SIM1
SIM2
SIM3
SIM4
1
21
22
SIM5
SIM1
SIM2
SIM3
SIM4
1
21
22
SIM5
SIM1
SIM2
SIM3
SIM4
1
21
22
SIM5
SIM1
SIM2
SIM3
SIM4
1
21
22
SIM5
SIM1
SIM2
SIM3
SIM4
1
21
22
SIM5
SIM1
SIM2
SIM3
SIM4
1
21
22
SIM5
SIM1
SIM2
SIM3
SIM4
1
21
22
SIM5
SIM1
SIM2
SIM3
SIM4
1
21
22
SIM5
SIM1
SIM2
SIM3
SIM4
1
21
22
SIM5
SIM1
SIM2
SIM3
SIM4
1
21
22
SIM5
SIM1
SIM2
SIM3
SIM4
1
21
22
SIM5
SIM1
SIM2
SIM3
SIM4
1
21
22
SIM5
SIM1
SIM2
SIM3
SIM4
1
21
22
SIM5
SIM1
SIM2
SIM3
SIM4
1
21
22
SIM5
SIM1
SIM2
SIM3
SIM4
1
21
22
SIM5
SIM1
SIM2
SIM3
SIM4
1
21
22
SIM5
SIM1
SIM2
SIM3
SIM4
1
21
22
SIM5
SIM1
SIM2
SIM3
SIM4
1
21
22
SIM5
SIM1
SIM2
SIM3
SIM4
1
21
22
SIM5
SIM1
SIM2
SIM3
SIM4
1
21
22
SIM5
SIM1
SIM2
SIM3
SIM4
1
21
22
SIM5
SIM1
SIM2
SIM3
SIM4
1
21
22
SIM5
SIM1
SIM2
SIM3
SIM4
1
21
22
SIM5
SIM1
SIM2
SIM3
SIM4
1
21
22
SIM5
SIM1
SIM2
SIM3
SIM4
1
21
22
SIM5
SIM1
SIM2
SIM3
SIM4
1
21
22
SIM5
SIM1
SIM2
SIM3
SIM4
1
21
22
SIM5
SIM1
SIM2
SIM3
SIM4
1
21
22
SIM5
SIM1
SIM2
SIM3
SIM4
1
21
22
SIM5
SIM1
SIM2
SIM3
SIM4
1
21
22
SIM5
SIM1
SIM2
SIM3
SIM4
1
21
22
SIM5
SIM1
SIM2
SIM3
SIM4
1
21
22
SIM5
SIM1
SIM2
DEBUG 1 419
SIM1
SIM2
SIM3
SIM4
1
21
22
SIM5
SIM1
SIM2
SIM3
SIM4
1
21
22
SIM5
SIM1
SIM2
SIM3
SIM4
1
21
22
SIM5
SIM1
SIM2
SIM3
SIM4
1
21
22
SIM5
SIM1
SIM2
SIM3
SIM4
1
21
22
SIM5
SIM1
SIM2
SIM3
SIM4
1
21
22
SIM5
SIM1
SIM2
SIM3
SIM4
1
21
22
SIM5
SIM1
SIM2
SIM3
SIM4
1
21
22
SIM5
SIM1
SIM2
SIM3
SIM4
1
21
22
SIM5
SIM1
SIM2
SIM3
SIM4
1
21
22
SIM5
SIM1
SIM2
SIM3
SIM4
1
21
22
SIM5
SIM1
SIM2
SIM3
SIM4
1
21
22
SIM5
SIM1
SIM2
SIM3
SIM4
1
21
22
SIM5
SIM1
SIM2
SIM3
SIM4
1
21
22
SIM5
SIM1
SIM2
SIM3
SIM4
1
21
22
SIM5
SIM1
SIM2
SIM3
SIM4
1
21
22
SIM5
SIM1
SIM2
SIM3
SIM4
1
21
22
SIM5
SIM1
SIM2
SIM3
SIM4
1
21
22
SIM5
SIM1
SIM2
SIM3
SIM4
1
21
22
SIM5
SIM1
SIM2
SIM3
SIM4
1
21
22
SIM5
SIM1
SIM2
SIM3
SIM4
1
21
22
SIM5
SIM1
SIM2
SIM3
SIM4
1
21
22
SIM5
SIM1
SIM2
SIM3
SIM4
1
21
22
SIM5
SIM1
SIM2
SIM3
SIM4
1
21
22
SIM5
SIM1
SIM2
SIM3
SIM4
1
21
22
SIM5
SIM1
SIM2
SIM3
SIM4
1
21
22
SIM5
SIM1
SIM2
SIM3
SIM4
1
21
22
SIM5
SIM1
SIM2
SIM3
SIM4
1
21
22
SIM5
SIM1
SIM2
SIM3
SIM4
1
21
22
SIM5
SIM1
SIM2
SIM3
SIM4
1
21
22
SIM5
SIM1
SIM2
SIM3
SIM4
1
21
22
SIM5
SIM1
SIM2
SIM3
SIM4
1
21
22
SIM5
SIM1
SIM2
SIM3
SIM4
1
21
22
SIM5
SIM1
SIM2
SIM3
SIM4
1
21
22
SIM5
SIM1
SIM2
SIM3
SIM4
1
21
22
SIM5
SIM1
SIM2
SIM3
SIM4
1
21
22
SIM5
SIM1
SIM2
SIM3
SIM4
1
21
22
SIM5
SIM1
SIM2
SIM3
SIM4
1
21
22
SIM5
SIM1
SIM2
SIM3
SIM4
1
21
22
SIM5
SIM1
SIM2
SIM3
SIM4
1
21
22
SIM5
SIM1
SIM2
SIM3
SIM4
1
21
22
SIM5
SIM1
SIM2
SIM3
SIM4
1
21
22
SIM5
SIM1
SIM2
SIM3
SIM4
1
21
22
SIM5
SIM1
SIM2
SIM3
SIM4
1
21
22
SIM5
SIM1
SIM2
SIM3
SIM4
1
21
22
SIM5
SIM1
SIM2
SIM3
SIM4
1
21
22
SIM5
SIM1
SIM2
SIM3
SIM4
1
21
22
SIM5
SIM1
SIM2
SIM3
SIM4
1
21
22
SIM5
SIM1
SIM2
SIM3
SIM4
1
21
22
SIM5
SIM1
SIM2
SIM3
SIM4
1
21
22
SIM5
SIM1
SIM2
SIM3
SIM4
1
21
22
SIM5
SIM1
SIM2
SIM3
SIM4
1
21
22
SIM5
SIM1
SIM2
SIM3
SIM4
1
21
22
SIM5
SIM1
SIM2
SIM3
SIM4
1
21
22
SIM5
SIM1
SIM2
SIM3
SIM4
1
21
22
SIM5
SIM1
SIM2
SIM3
SIM4
1
21
22
SIM5
SIM1
SIM2
SIM3
SIM4
1
21
22
SIM5
SIM1
SIM2
SIM3
SIM4
1
21
22
SIM5
SIM1
SIM2
SIM3
SIM4
1
21
22
SIM5
SIM1
SIM2
SIM3
SIM4
1
21
22
SIM5
SIM1
SIM2
SIM3
SIM4
1
21
22
SIM5
SIM1
SIM2
SIM3
SIM4
1
21
22
SIM5
SIM1
SIM2
SIM3
SIM4
1
21
22
SIM5
SIM1
SIM2
SIM3
SIM4
1
21
22
SIM5
SIM1
SIM2
SIM3
SIM4
1
21
22
SIM5
SIM1
SIM2
SIM3
SIM4
1
21
22
SIM5
SIM1
SIM2
SIM3
SIM4
1
21
22
SIM5
SIM1
SIM2
SIM3
SIM4
1
21
22
SIM5
SIM1
SIM2
SIM3
SIM4
1
21
22
SIM5
SIM1
SIM2
SIM3
SIM4
1
21
22
SIM5
SIM1
SIM2
SIM3
SIM4
1
21
22
SIM5
SIM1
SIM2
SIM3
SIM4
1
21
22
SIM5
SIM1
SIM2
SIM3
SIM4
1
21
22
SIM5
SIM1
SIM2
SIM3
SIM4
1
21
22
SIM5
SIM1
SIM2
SIM3
SIM4
1
21
22
SIM5
SIM1
SIM2
SIM3
SIM4
1
21
22
SIM5
SIM1
SIM2
SIM3
SIM4
1
21
22
SIM5
SIM1
SIM2
SIM3
SIM4
1
21
22
SIM5
SIM1
SIM2
SIM3
SIM4
1
21
22
SIM5
SIM1
SIM2
SIM3
SIM4
1
21
22
SIM5
SIM1
SIM2
SIM3
SIM4
1
21
22
SIM5
SIM1
SIM2
SIM3
SIM4
1
21
22
SIM5
SIM1
SIM2
SIM3
SIM4
1
21
22
SIM5
SIM1
SIM2
SIM3
SIM4
1
21
22
SIM5
SIM1
SIM2
SIM3
SIM4
1
21
22
SIM5
SIM1
SIM2
SIM3
SIM4
1
21
22
SIM5
SIM1
SIM2
SIM3
SIM4
1
21
22
SIM5
SIM1
SIM2
SIM3
SIM4
1
21
22
SIM5
SIM1
SIM2
SIM3
SIM4
1
21
22
SIM5
SIM1
SIM2
SIM3
SIM4
1
21
22
SIM5
SIM1
SIM2
SIM3
SIM4
1
21
22
SIM5
SIM1
SIM2
SIM3
SIM4
1
21
22
SIM5
SIM1
SIM2
SIM3
SIM4
1
21
22
SIM5
SIM1
SIM2
SIM3
SIM4
1
21
22
SIM5
SIM1
SIM2
SIM3
SIM4
1
21
22
SIM5
SIM1
SIM2
SIM3
SIM4
1
21
22
SIM5
SIM1
SIM2
SIM3
SIM4
1
21
22
SIM5
SIM1
SIM2
SIM3
SIM4
1
21
22
SIM5
SIM1
SIM2
SIM3
SIM4
1
21
22
SIM5
SIM1
SIM2
SIM3
SIM4
1
21
22
SIM5
SIM1
SIM2
SIM3
SIM4
1
21
22
SIM5
SIM1
SIM2
SIM3
SIM4
1
21
22
SIM5
SIM1
SIM2
SIM3
SIM4
1
21
22
SIM5
SIM1
SIM2
SIM3
SIM4
1
21
22
SIM5
SIM1
SIM2
SIM3
SIM4
1
21
22
SIM5
SIM1
SIM2
SIM3
SIM4
1
21
22
SIM5
SIM1
SIM2
SIM3
SIM4
1
21
22
SIM5
SIM1
SIM2
SIM3
SIM4
1
21
22
SIM5
SIM1
SIM2
SIM3
SIM4
1
21
22
SIM5
SIM1
SIM2
SIM3
SIM4
1
21
22
SIM5
SIM1
SIM2
SIM3
SIM4
1
21
22
SIM5
SIM1
SIM2
SIM3
SIM4
1
21
22
SIM5
SIM1
SIM2
SIM3
SIM4
1
21
22
SIM5
SIM1
SIM2
SIM3
SIM4
1
21
22
SIM5
SIM1
SIM2
SIM3
SIM4
1
21
22
SIM5
SIM1
SIM2
SIM3
SIM4
1
21
22
SIM5
SIM1
SIM2
SIM3
SIM4
1
21
22
SIM5
SIM1
SIM2
SIM3
SIM4
1
21
22
SIM5
SIM1
SIM2
SIM3
SIM4
1
21
22
SIM5
SIM1
SIM2
SIM3
SIM4
1
21
22
SIM5
SIM1
SIM2
SIM3
SIM4
1
21
22
SIM5
SIM1
SIM2
SIM3
SIM4
1
21
22
SIM5
SIM1
SIM2
SIM3
SIM4
1
21
22
SIM5
SIM1
SIM2
SIM3
SIM4
1
21
22
SIM5
SIM1
SIM2
SIM3
SIM4
1
21
22
SIM5
SIM1
SIM2
SIM3
SIM4
1
21
22
SIM5
SIM1
SIM2
SIM3
SIM4
1
21
22
SIM5
SIM1
SIM2
SIM3
SIM4
1
21
22
SIM5
SIM1
SIM2
SIM3
SIM4
1
21
22
SIM5
SIM1
SIM2
SIM3
SIM4
1
21
22
SIM5
SIM1
SIM2
SIM3
SIM4
1
21
22
SIM5
SIM1
SIM2
SIM3
SIM4
1
21
22
SIM5
SIM1
SIM2
SIM3
SIM4
1
21
22
SIM5
SIM1
SIM2
SIM3
SIM4
1
21
22
SIM5
SIM1
SIM2
SIM3
SIM4
1
21
22
SIM5
SIM1
SIM2
SIM3
SIM4
1
21
22
SIM5
SIM1
SIM2
SIM3
SIM4
1
21
22
SIM5
SIM1
SIM2
SIM3
SIM4
1
21
22
SIM5
SIM1
SIM2
SIM3
SIM4
1
21
22
SIM5
SIM1
SIM2
SIM3
SIM4
1
21
22
SIM5
SIM1
SIM2
SIM3
SIM4
1
21
22
SIM5
SIM1
SIM2
SIM3
SIM4
1
21
22
SIM5
SIM1
SIM2
SIM3
SIM4
1
21
22
SIM5
SIM1
SIM2
SIM3
SIM4
1
21
22
SIM5
SIM1
SIM2
SIM3
SIM4
1
21
22
SIM5
SIM1
SIM2
SIM3
SIM4
1
21
22
SIM5
SIM1
SIM2
SIM3
SIM4
1
21
22
SIM5
SIM1
SIM2
SIM3
SIM4
1
21
22
SIM5
SIM1
SIM2
SIM3
SIM4
1
21
22
SIM5
SIM1
SIM2
SIM3
SIM4
1
21
22
SIM5
SIM1
SIM2
SIM3
SIM4
1
21
22
SIM5
SIM1
SIM2
SIM3
SIM4
1
21
22
SIM5
SIM1
SIM2
SIM3
SIM4
1
21
22
SIM5
SIM1
SIM2
SIM3
SIM4
1
21
22
SIM5
SIM1
SIM2
SIM3
SIM4
1
21
22
SIM5
SIM1
SIM2
SIM3
SIM4
1
21
22
SIM5
SIM1
SIM2
SIM3
SIM4
1
21
22
SIM5
SIM1
SIM2
SIM3
SIM4
1
21
22
SIM5
SIM1
SIM2
SIM3
SIM4
1
21
22
SIM5
SIM1
SIM2
SIM3
SIM4
1
21
22
SIM5
SIM1
SIM2
SIM3
SIM4
1
21
22
SIM5
SIM1
SIM2
SIM3
SIM4
1
21
22
SIM5
SIM1
SIM2
SIM3
SIM4
1
21
22
SIM5
SIM1
SIM2
SIM3
SIM4
1
21
22
SIM5
SIM1
SIM2
SIM3
SIM4
1
21
22
SIM5
SIM1
SIM2
SIM3
SIM4
1
21
22
SIM5
SIM1
SIM2
SIM3
SIM4
1
21
22
SIM5
SIM1
SIM2
SIM3
SIM4
1
21
22
SIM5
SIM1
SIM2
SIM3
SIM4
1
21
22
SIM5
SIM1
SIM2
SIM3
SIM4
1
21
22
SIM5
SIM1
SIM2
SIM3
SIM4
1
21
22
SIM5
SIM1
SIM2
SIM3
SIM4
1
21
22
SIM5
SIM1
SIM2
SIM3
SIM4
1
21
22
SIM5
SIM1
SIM2
SIM3
SIM4
1
21
22
SIM5
SIM1
SIM2
SIM3
SIM4
1
21
22
SIM5
SIM1
SIM2
SIM3
SIM4
1
21
22
SIM5
SIM1
SIM2
SIM3
SIM4
1
21
22
SIM5
SIM1
SIM2
SIM3
SIM4
1
21
22
SIM5
SIM1
SIM2
SIM3
SIM4
1
21
22
SIM5
SIM1
SIM2
SIM3
SIM4
1
21
22
SIM5
SIM1
SIM2
SIM3
SIM4
1
21
22
SIM5
SIM1
SIM2
SIM3
SIM4
1
21
22
SIM5
SIM1
SIM2
SIM3
SIM4
1
21
22
SIM5
SIM1
SIM2
SIM3
SIM4
1
21
22
SIM5
SIM1
SIM2
SIM3
SIM4
1
21
22
SIM5
SIM1
SIM2
SIM3
SIM4
1
21
22
SIM5
SIM1
SIM2
SIM3
SIM4
1
21
22
SIM5
SIM1
SIM2
SIM3
SIM4
1
21
22
SIM5
SIM1
SIM2
SIM3
SIM4
1
21
22
SIM5
SIM1
SIM2
SIM3
SIM4
1
21
22
SIM5
SIM1
SIM2
SIM3
SIM4
1
21
22
SIM5
SIM1
SIM2
SIM3
SIM4
1
21
22
SIM5
SIM1
SIM2
SIM3
SIM4
1
21
22
SIM5
SIM1
SIM2
SIM3
SIM4
1
21
22
SIM5
SIM1
SIM2
SIM3
SIM4
1
21
22
SIM5
SIM1
SIM2
SIM3
SIM4
1
21
22
SIM5
SIM1
SIM2
SIM3
SIM4
1
21
22
SIM5
SIM1
SIM2
SIM3
SIM4
1
21
22
SIM5
SIM1
SIM2
SIM3
SIM4
1
21
22
SIM5
SIM1
SIM2
SIM3
SIM4
1
21
22
SIM5
SIM1
SIM2
SIM3
SIM4
1
21
22
SIM5
SIM1
SIM2
SIM3
SIM4
1
21
22
SIM5
SIM1
SIM2
SIM3
SIM4
1
21
22
SIM5
SIM1
SIM2
SIM3
SIM4
1
21
22
SIM5
SIM1
SIM2
SIM3
SIM4
1
21
22
SIM5
SIM1
SIM2
SIM3
SIM4
1
21
22
SIM5
SIM1
SIM2
SIM3
SIM4
1
21
22
SIM5
SIM1
SIM2
SIM3
SIM4
1
21
22
SIM5
SIM1
SIM2
SIM3
SIM4
1
21
22
SIM5
SIM1
SIM2
SIM3
SIM4
1
21
22
SIM5
SIM1
SIM2
SIM3
SIM4
1
21
22
SIM5
SIM1
SIM2
SIM3
SIM4
1
21
22
SIM5
SIM1
SIM2
SIM3
SIM4
1
21
22
SIM5
SIM1
SIM2
SIM3
SIM4
1
21
22
SIM5
SIM1
SIM2
SIM3
SIM4
1
21
22
SIM5
SIM1
SIM2
SIM3
SIM4
1
21
22
SIM5
SIM1
SIM2
SIM3
SIM4
1
21
22
SIM5
SIM1
SIM2
SIM3
SIM4
1
21
22
SIM5
SIM1
SIM2
SIM3
SIM4
1
21
22
SIM5
SIM1
SIM2
SIM3
SIM4
1
21
22
SIM5
SIM1
SIM2
DEBUG 1 420
SIM1
SIM2
SIM3
SIM4
1
21
22
SIM5
SIM1
SIM2
SIM3
SIM4
1
21
22
SIM5
SIM1
SIM2
SIM3
SIM4
1
21
22
SIM5
SIM1
SIM2
SIM3
SIM4
1
21
22
SIM5
SIM1
SIM2
SIM3
SIM4
1
21
22
SIM5
SIM1
SIM2
SIM3
SIM4
1
21
22
SIM5
SIM1
SIM2
SIM3
SIM4
1
21
22
SIM5
SIM1
SIM2
SIM3
SIM4
1
21
22
SIM5
SIM1
SIM2
SIM3
SIM4
1
21
22
SIM5
SIM1
SIM2
SIM3
SIM4
1
21
22
SIM5
SIM1
SIM2
SIM3
SIM4
1
21
22
SIM5
SIM1
SIM2
SIM3
SIM4
1
21
22
SIM5
SIM1
SIM2
SIM3
SIM4
1
21
22
SIM5
SIM1
SIM2
SIM3
SIM4
1
21
22
SIM5
SIM1
SIM2
SIM3
SIM4
1
21
22
SIM5
SIM1
SIM2
SIM3
SIM4
1
21
22
SIM5
SIM1
SIM2
SIM3
SIM4
1
21
22
SIM5
SIM1
SIM2
SIM3
SIM4
1
21
22
SIM5
SIM1
SIM2
SIM3
SIM4
1
21
22
SIM5
SIM1
SIM2
SIM3
SIM4
1
21
22
SIM5
SIM1
SIM2
SIM3
SIM4
1
21
22
SIM5
SIM1
SIM2
SIM3
SIM4
1
21
22
SIM5
SIM1
SIM2
SIM3
SIM4
1
21
22
SIM5
SIM1
SIM2
SIM3
SIM4
1
21
22
SIM5
SIM1
SIM2
SIM3
SIM4
1
21
22
SIM5
SIM1
SIM2
SIM3
SIM4
1
21
22
SIM5
SIM1
SIM2
SIM3
SIM4
1
21
22
SIM5
SIM1
SIM2
SIM3
SIM4
1
21
22
SIM5
SIM1
SIM2
SIM3
SIM4
1
21
22
SIM5
SIM1
SIM2
SIM3
SIM4
1
21
22
SIM5
SIM1
SIM2
SIM3
SIM4
1
21
22
SIM5
SIM1
SIM2
SIM3
SIM4
1
21
22
SIM5
SIM1
SIM2
SIM3
SIM4
1
21
22
SIM5
SIM1
SIM2
SIM3
SIM4
1
21
22
SIM5
SIM1
SIM2
SIM3
SIM4
1
21
22
SIM5
SIM1
SIM2
SIM3
SIM4
1
21
22
SIM5
SIM1
SIM2
SIM3
SIM4
1
21
22
SIM5
SIM1
SIM2
SIM3
SIM4
1
21
22
SIM5
SIM1
SIM2
SIM3
SIM4
1
21
22
SIM5
SIM1
SIM2
SIM3
SIM4
1
21
22
SIM5
SIM1
SIM2
SIM3
SIM4
1
21
22
SIM5
SIM1
SIM2
SIM3
SIM4
1
21
22
SIM5
SIM1
SIM2
SIM3
SIM4
1
21
22
SIM5
SIM1
SIM2
SIM3
SIM4
1
21
22
SIM5
SIM1
SIM2
SIM3
SIM4
1
21
22
SIM5
SIM1
SIM2
SIM3
SIM4
1
21
22
SIM5
SIM1
SIM2
SIM3
SIM4
1
21
22
SIM5
SIM1
SIM2
SIM3
SIM4
1
21
22
SIM5
SIM1
SIM2
SIM3
SIM4
1
21
22
SIM5
SIM1
SIM2
SIM3
SIM4
1
21
22
SIM5
SIM1
SIM2
SIM3
SIM4
1
21
22
SIM5
SIM1
SIM2
SIM3
SIM4
1
21
22
SIM5
SIM1
SIM2
SIM3
SIM4
1
21
22
SIM5
SIM1
SIM2
SIM3
SIM4
1
21
22
SIM5
SIM1
SIM2
SIM3
SIM4
1
21
22
SIM5
SIM1
SIM2
SIM3
SIM4
1
21
22
SIM5
SIM1
SIM2
SIM3
SIM4
1
21
22
SIM5
SIM1
SIM2
SIM3
SIM4
1
21
22
SIM5
SIM1
SIM2
SIM3
SIM4
1
21
22
SIM5
SIM1
SIM2
SIM3
SIM4
1
21
22
SIM5
SIM1
SIM2
SIM3
SIM4
1
21
22
SIM5
SIM1
SIM2
SIM3
SIM4
1
21
22
SIM5
SIM1
SIM2
SIM3
SIM4
1
21
22
SIM5
SIM1
SIM2
SIM3
SIM4
1
21
22
SIM5
SIM1
SIM2
SIM3
SIM4
1
21
22
SIM5
SIM1
SIM2
SIM3
SIM4
1
21
22
SIM5
SIM1
SIM2
SIM3
SIM4
1
21
22
SIM5
SIM1
SIM2
SIM3
SIM4
1
21
22
SIM5
SIM1
SIM2
SIM3
SIM4
1
21
22
SIM5
SIM1
SIM2
SIM3
SIM4
1
21
22
SIM5
SIM1
SIM2
SIM3
SIM4
1
21
22
SIM5
SIM1
SIM2
SIM3
SIM4
1
21
22
SIM5
SIM1
SIM2
SIM3
SIM4
1
21
22
SIM5
SIM1
SIM2
SIM3
SIM4
1
21
22
SIM5
SIM1
SIM2
SIM3
SIM4
1
21
22
SIM5
SIM1
SIM2
SIM3
SIM4
1
21
22
SIM5
SIM1
SIM2
SIM3
SIM4
1
21
22
SIM5
SIM1
SIM2
SIM3
SIM4
1
21
22
SIM5
SIM1
SIM2
SIM3
SIM4
1
21
22
SIM5
SIM1
SIM2
SIM3
SIM4
1
21
22
SIM5
SIM1
SIM2
SIM3
SIM4
1
21
22
SIM5
SIM1
SIM2
SIM3
SIM4
1
21
22
SIM5
SIM1
SIM2
SIM3
SIM4
1
21
22
SIM5
SIM1
SIM2
SIM3
SIM4
1
21
22
SIM5
SIM1
SIM2
SIM3
SIM4
1
21
22
SIM5
SIM1
SIM2
SIM3
SIM4
1
21
22
SIM5
SIM1
SIM2
SIM3
SIM4
1
21
22
SIM5
SIM1
SIM2
SIM3
SIM4
1
21
22
SIM5
SIM1
SIM2
SIM3
SIM4
1
21
22
SIM5
SIM1
SIM2
SIM3
SIM4
1
21
22
SIM5
SIM1
SIM2
SIM3
SIM4
1
21
22
SIM5
SIM1
SIM2
SIM3
SIM4
1
21
22
SIM5
SIM1
SIM2
SIM3
SIM4
1
21
22
SIM5
SIM1
SIM2
SIM3
SIM4
1
21
22
SIM5
SIM1
SIM2
SIM3
SIM4
1
21
22
SIM5
SIM1
SIM2
SIM3
SIM4
1
21
22
SIM5
SIM1
SIM2
SIM3
SIM4
1
21
22
SIM5
SIM1
SIM2
SIM3
SIM4
1
21
22
SIM5
SIM1
SIM2
SIM3
SIM4
1
21
22
SIM5
SIM1
SIM2
SIM3
SIM4
1
21
22
SIM5
SIM1
SIM2
SIM3
SIM4
1
21
22
SIM5
SIM1
SIM2
SIM3
SIM4
1
21
22
SIM5
SIM1
SIM2
SIM3
SIM4
1
21
22
SIM5
SIM1
SIM2
SIM3
SIM4
1
21
22
SIM5
SIM1
SIM2
SIM3
SIM4
1
21
22
SIM5
SIM1
SIM2
SIM3
SIM4
1
21
22
SIM5
SIM1
SIM2
SIM3
SIM4
1
21
22
SIM5
SIM1
SIM2
SIM3
SIM4
1
21
22
SIM5
SIM1
SIM2
SIM3
SIM4
1
21
22
SIM5
SIM1
SIM2
SIM3
SIM4
1
21
22
SIM5
SIM1
SIM2
SIM3
SIM4
1
21
22
SIM5
SIM1
SIM2
SIM3
SIM4
1
21
22
SIM5
SIM1
SIM2
SIM3
SIM4
1
21
22
SIM5
SIM1
SIM2
SIM3
SIM4
1
21
22
SIM5
SIM1
SIM2
SIM3
SIM4
1
21
22
SIM5
SIM1
SIM2
SIM3
SIM4
1
21
22
SIM5
SIM1
SIM2
DEBUG 1 421
SIM1
SIM2
SIM3
SIM4
1
21
22
SIM5
SIM1
SIM2
SIM3
SIM4
1
21
22
SIM5
SIM1
SIM2
SIM3
SIM4
1
21
22
SIM5
SIM1
SIM2
SIM3
SIM4
1
21
22
SIM5
SIM1
SIM2
SIM3
SIM4
1
21
22
SIM5
SIM1
SIM2
SIM3
SIM4
1
21
22
SIM5
SIM1
SIM2
SIM3
SIM4
1
21
22
SIM5
SIM1
SIM2
SIM3
SIM4
1
21
22
SIM5
SIM1
SIM2
SIM3
SIM4
1
21
22
SIM5
SIM1
SIM2
SIM3
SIM4
1
21
22
SIM5
SIM1
SIM2
SIM3
SIM4
1
21
22
SIM5
SIM1
SIM2
SIM3
SIM4
1
21
22
SIM5
SIM1
SIM2
SIM3
SIM4
1
21
22
SIM5
SIM1
SIM2
SIM3
SIM4
1
21
22
SIM5
SIM1
SIM2
SIM3
SIM4
1
21
22
SIM5
SIM1
SIM2
SIM3
SIM4
1
21
22
SIM5
SIM1
SIM2
SIM3
SIM4
1
21
22
SIM5
SIM1
SIM2
SIM3
SIM4
1
21
22
SIM5
SIM1
SIM2
SIM3
SIM4
1
21
22
SIM5
SIM1
SIM2
SIM3
SIM4
1
21
22
SIM5
SIM1
SIM2
SIM3
SIM4
1
21
22
SIM5
SIM1
SIM2
SIM3
SIM4
1
21
22
SIM5
SIM1
SIM2
SIM3
SIM4
1
21
22
SIM5
SIM1
SIM2
SIM3
SIM4
1
21
22
SIM5
SIM1
SIM2
SIM3
SIM4
1
21
22
SIM5
SIM1
SIM2
SIM3
SIM4
1
21
22
SIM5
SIM1
SIM2
SIM3
SIM4
1
21
22
SIM5
SIM1
SIM2
SIM3
SIM4
1
21
22
SIM5
SIM1
SIM2
SIM3
SIM4
1
21
22
SIM5
SIM1
SIM2
SIM3
SIM4
1
21
22
SIM5
SIM1
SIM2
SIM3
SIM4
1
21
22
SIM5
SIM1
SIM2
SIM3
SIM4
1
21
22
SIM5
SIM1
SIM2
SIM3
SIM4
1
21
22
SIM5
SIM1
SIM2
SIM3
SIM4
1
21
22
SIM5
SIM1
SIM2
SIM3
SIM4
1
21
22
SIM5
SIM1
SIM2
SIM3
SIM4
1
21
22
SIM5
SIM1
SIM2
SIM3
SIM4
1
21
22
SIM5
SIM1
SIM2
SIM3
SIM4
1
21
22
SIM5
SIM1
SIM2
SIM3
SIM4
1
21
22
SIM5
SIM1
SIM2
SIM3
SIM4
1
21
22
SIM5
SIM1
SIM2
SIM3
SIM4
1
21
22
SIM5
SIM1
SIM2
SIM3
SIM4
1
21
22
SIM5
SIM1
SIM2
SIM3
SIM4
1
21
22
SIM5
SIM1
SIM2
SIM3
SIM4
1
21
22
SIM5
SIM1
SIM2
SIM3
SIM4
1
21
22
SIM5
SIM1
SIM2
SIM3
SIM4
1
21
22
SIM5
SIM1
SIM2
SIM3
SIM4
1
21
22
SIM5
SIM1
SIM2
SIM3
SIM4
1
21
22
SIM5
SIM1
SIM2
SIM3
SIM4
1
21
22
SIM5
SIM1
SIM2
SIM3
SIM4
1
21
22
SIM5
SIM1
SIM2
SIM3
SIM4
1
21
22
SIM5
SIM1
SIM2
SIM3
SIM4
1
21
22
SIM5
SIM1
SIM2
SIM3
SIM4
1
21
22
SIM5
SIM1
SIM2
SIM3
SIM4
1
21
22
SIM5
SIM1
SIM2
SIM3
SIM4
1
21
22
SIM5
SIM1
SIM2
SIM3
SIM4
1
21
22
SIM5
SIM1
SIM2
SIM3
SIM4
1
21
22
SIM5
SIM1
SIM2
SIM3
SIM4
1
21
22
SIM5
SIM1
SIM2
SIM3
SIM4
1
21
22
SIM5
SIM1
SIM2
SIM3
SIM4
1
21
22
SIM5
SIM1
SIM2
SIM3
SIM4
1
21
22
SIM5
SIM1
SIM2
SIM3
SIM4
1
21
22
SIM5
SIM1
SIM2
SIM3
SIM4
1
21
22
SIM5
SIM1
SIM2
SIM3
SIM4
1
21
22
SIM5
SIM1
SIM2
SIM3
SIM4
1
21
22
SIM5
SIM1
SIM2
SIM3
SIM4
1
21
22
SIM5
SIM1
SIM2
SIM3
SIM4
1
21
22
SIM5
SIM1
SIM2
SIM3
SIM4
1
21
22
SIM5
SIM1
SIM2
SIM3
SIM4
1
21
22
SIM5
SIM1
SIM2
SIM3
SIM4
1
21
22
SIM5
SIM1
SIM2
SIM3
SIM4
1
21
22
SIM5
SIM1
SIM2
SIM3
SIM4
1
21
22
SIM5
SIM1
SIM2
SIM3
SIM4
1
21
22
SIM5
SIM1
SIM2
SIM3
SIM4
1
21
22
SIM5
SIM1
SIM2
SIM3
SIM4
1
21
22
SIM5
SIM1
SIM2
SIM3
SIM4
1
21
22
SIM5
SIM1
SIM2
SIM3
SIM4
1
21
22
SIM5
SIM1
SIM2
SIM3
SIM4
1
21
22
SIM5
SIM1
SIM2
SIM3
SIM4
1
21
22
SIM5
SIM1
SIM2
SIM3
SIM4
1
21
22
SIM5
SIM1
SIM2
SIM3
SIM4
1
21
22
SIM5
SIM1
SIM2
SIM3
SIM4
1
21
22
SIM5
SIM1
SIM2
SIM3
SIM4
1
21
22
SIM5
SIM1
SIM2
SIM3
SIM4
1
21
22
SIM5
SIM1
SIM2
SIM3
SIM4
1
21
22
SIM5
SIM1
SIM2
SIM3
SIM4
1
21
22
SIM5
SIM1
SIM2
SIM3
SIM4
1
21
22
SIM5
SIM1
SIM2
SIM3
SIM4
1
21
22
SIM5
SIM1
SIM2
SIM3
SIM4
1
21
22
SIM5
SIM1
SIM2
SIM3
SIM4
1
21
22
SIM5
SIM1
SIM2
SIM3
SIM4
1
21
22
SIM5
SIM1
SIM2
SIM3
SIM4
1
21
22
SIM5
SIM1
SIM2
SIM3
SIM4
1
21
22
SIM5
SIM1
SIM2
SIM3
SIM4
1
21
22
SIM5
SIM1
SIM2
SIM3
SIM4
1
21
22
SIM5
SIM1
SIM2
SIM3
SIM4
1
21
22
SIM5
SIM1
SIM2
SIM3
SIM4
1
21
22
SIM5
SIM1
SIM2
SIM3
SIM4
1
21
22
SIM5
SIM1
SIM2
SIM3
SIM4
1
21
22
SIM5
SIM1
SIM2
SIM3
SIM4
1
21
22
SIM5
SIM1
SIM2
SIM3
SIM4
1
21
22
SIM5
SIM1
SIM2
SIM3
SIM4
1
21
22
SIM5
SIM1
SIM2
SIM3
SIM4
1
21
22
SIM5
SIM1
SIM2
SIM3
SIM4
1
21
22
SIM5
SIM1
SIM2
SIM3
SIM4
1
21
22
SIM5
SIM1
SIM2
SIM3
SIM4
1
21
22
SIM5
SIM1
SIM2
SIM3
SIM4
1
21
22
SIM5
SIM1
SIM2
SIM3
SIM4
1
21
22
SIM5
SIM1
SIM2
SIM3
SIM4
1
21
22
SIM5
SIM1
SIM2
SIM3
SIM4
1
21
22
SIM5
SIM1
SIM2
SIM3
SIM4
1
21
22
SIM5
SIM1
SIM2
SIM3
SIM4
1
21
22
SIM5
SIM1
SIM2
SIM3
SIM4
1
21
22
SIM5
SIM1
SIM2
SIM3
SIM4
1
21
22
SIM5
SIM1
SIM2
SIM3
SIM4
1
21
22
SIM5
SIM1
SIM2
SIM3
SIM4
1
21
22
SIM5
SIM1
SIM2
SIM3
SIM4
1
21
22
SIM5
SIM1
SIM2
SIM3
SIM4
1
21
22
SIM5
SIM1
SIM2
SIM3
SIM4
1
21
22
SIM5
SIM1
SIM2
SIM3
SIM4
1
21
22
SIM5
SIM1
SIM2
SIM3
SIM4
1
21
22
SIM5
SIM1
SIM2
SIM3
SIM4
1
21
22
SIM5
SIM1
SIM2
SIM3
SIM4
1
21
22
SIM5
SIM1
SIM2
SIM3
SIM4
1
21
22
SIM5
SIM1
SIM2
SIM3
SIM4
1
21
22
SIM5
SIM1
SIM2
SIM3
SIM4
1
21
22
SIM5
SIM1
SIM2
SIM3
SIM4
1
21
22
SIM5
SIM1
SIM2
SIM3
SIM4
1
21
22
SIM5
SIM1
SIM2
SIM3
SIM4
1
21
22
SIM5
SIM1
SIM2
SIM3
SIM4
1
21
22
SIM5
SIM1
SIM2
SIM3
SIM4
1
21
22
SIM5
SIM1
SIM2
SIM3
SIM4
1
21
22
SIM5
SIM1
SIM2
SIM3
SIM4
1
21
22
SIM5
SIM1
SIM2
SIM3
SIM4
1
21
22
SIM5
SIM1
SIM2
SIM3
SIM4
1
21
22
SIM5
SIM1
SIM2
SIM3
SIM4
1
21
22
SIM5
SIM1
SIM2
SIM3
SIM4
1
21
22
SIM5
SIM1
SIM2
SIM3
SIM4
1
21
22
SIM5
SIM1
SIM2
SIM3
SIM4
1
21
22
SIM5
SIM1
SIM2
SIM3
SIM4
1
21
22
SIM5
SIM1
SIM2
SIM3
SIM4
1
21
22
SIM5
SIM1
SIM2
SIM3
SIM4
1
21
22
SIM5
SIM1
SIM2
SIM3
SIM4
1
21
22
SIM5
SIM1
SIM2
SIM3
SIM4
1
21
22
SIM5
SIM1
SIM2
SIM3
SIM4
1
21
22
SIM5
SIM1
SIM2
SIM3
SIM4
1
21
22
SIM5
SIM1
SIM2
SIM3
SIM4
1
21
22
SIM5
SIM1
SIM2
SIM3
SIM4
1
21
22
SIM5
SIM1
SIM2
SIM3
SIM4
1
21
22
SIM5
SIM1
SIM2
SIM3
SIM4
1
21
22
SIM5
SIM1
SIM2
SIM3
SIM4
1
21
22
SIM5
SIM1
SIM2
SIM3
SIM4
1
21
22
SIM5
SIM1
SIM2
SIM3
SIM4
1
21
22
SIM5
SIM1
SIM2
SIM3
SIM4
1
21
22
SIM5
SIM1
SIM2
SIM3
SIM4
1
21
22
SIM5
SIM1
SIM2
SIM3
SIM4
1
21
22
SIM5
SIM1
SIM2
SIM3
SIM4
1
21
22
SIM5
SIM1
SIM2
SIM3
SIM4
1
21
22
SIM5
SIM1
SIM2
SIM3
SIM4
1
21
22
SIM5
SIM1
SIM2
SIM3
SIM4
1
21
22
SIM5
SIM1
SIM2
SIM3
SIM4
1
21
22
SIM5
SIM1
SIM2
SIM3
SIM4
1
21
22
SIM5
SIM1
SIM2
SIM3
SIM4
1
21
22
SIM5
SIM1
SIM2
SIM3
SIM4
1
21
22
SIM5
SIM1
SIM2
SIM3
SIM4
1
21
22
SIM5
SIM1
SIM2
SIM3
SIM4
1
21
22
SIM5
SIM1
SIM2
SIM3
SIM4
1
21
22
SIM5
SIM1
SIM2
SIM3
SIM4
1
21
22
SIM5
SIM1
SIM2
SIM3
SIM4
1
21
22
SIM5
SIM1
SIM2
SIM3
SIM4
1
21
22
SIM5
SIM1
SIM2
SIM3
SIM4
1
21
22
SIM5
SIM1
SIM2
SIM3
SIM4
1
21
22
SIM5
SIM1
SIM2
SIM3
SIM4
1
21
22
SIM5
SIM1
SIM2
SIM3
SIM4
1
21
22
SIM5
SIM1
SIM2
SIM3
SIM4
1
21
22
SIM5
SIM1
SIM2
SIM3
SIM4
1
21
22
SIM5
SIM1
SIM2
SIM3
SIM4
1
21
22
SIM5
SIM1
SIM2
SIM3
SIM4
1
21
22
SIM5
SIM1
SIM2
SIM3
SIM4
1
21
22
SIM5
SIM1
SIM2
SIM3
SIM4
1
21
22
SIM5
SIM1
SIM2
SIM3
SIM4
1
21
22
SIM5
SIM1
SIM2
SIM3
SIM4
1
21
22
SIM5
SIM1
SIM2
SIM3
SIM4
1
21
22
SIM5
SIM1
SIM2
SIM3
SIM4
1
21
22
SIM5
SIM1
SIM2
SIM3
SIM4
1
21
22
SIM5
SIM1
SIM2
SIM3
SIM4
1
21
22
SIM5
SIM1
SIM2
SIM3
SIM4
1
21
22
SIM5
SIM1
SIM2
SIM3
SIM4
1
21
22
SIM5
SIM1
SIM2
SIM3
SIM4
1
21
22
SIM5
SIM1
SIM2
SIM3
SIM4
1
21
22
SIM5
SIM1
SIM2
SIM3
SIM4
1
21
22
SIM5
SIM1
SIM2
SIM3
SIM4
1
21
22
SIM5
SIM1
SIM2
SIM3
SIM4
1
21
22
SIM5
SIM1
SIM2
SIM3
SIM4
1
21
22
SIM5
SIM1
SIM2
SIM3
SIM4
1
21
22
SIM5
SIM1
SIM2
SIM3
SIM4
1
21
22
SIM5
SIM1
SIM2
SIM3
SIM4
1
21
22
SIM5
SIM1
SIM2
SIM3
SIM4
1
21
22
SIM5
SIM1
SIM2
SIM3
SIM4
1
21
22
SIM5
SIM1
SIM2
SIM3
SIM4
1
21
22
SIM5
SIM1
SIM2
SIM3
SIM4
1
21
22
SIM5
SIM1
SIM2
SIM3
SIM4
1
21
22
SIM5
SIM1
SIM2
SIM3
SIM4
1
21
22
SIM5
SIM1
SIM2
SIM3
SIM4
1
21
22
SIM5
SIM1
SIM2
SIM3
SIM4
1
21
22
SIM5
SIM1
SIM2
SIM3
SIM4
1
21
22
SIM5
SIM1
SIM2
SIM3
SIM4
1
21
22
SIM5
SIM1
SIM2
SIM3
SIM4
1
21
22
SIM5
SIM1
SIM2
SIM3
SIM4
1
21
22
SIM5
SIM1
SIM2
SIM3
SIM4
1
21
22
SIM5
SIM1
SIM2
SIM3
SIM4
1
21
22
SIM5
SIM1
SIM2
SIM3
SIM4
1
21
22
SIM5
SIM1
SIM2
SIM3
SIM4
1
21
22
SIM5
SIM1
SIM2
SIM3
SIM4
1
21
22
SIM5
SIM1
SIM2
SIM3
SIM4
1
21
22
SIM5
SIM1
SIM2
SIM3
SIM4
1
21
22
SIM5
SIM1
SIM2
SIM3
SIM4
1
21
22
SIM5
SIM1
SIM2
SIM3
SIM4
1
21
22
SIM5
SIM1
SIM2
SIM3
SIM4
1
21
22
SIM5
SIM1
SIM2
SIM3
SIM4
1
21
22
SIM5
SIM1
SIM2
SIM3
SIM4
1
21
22
SIM5
SIM1
SIM2
DEBUG 1 422
SIM1
SIM2
SIM3
SIM4
1
21
22
SIM5
SIM1
SIM2
SIM3
SIM4
1
21
22
SIM5
SIM1
SIM2
SIM3
SIM4
1
21
22
SIM5
SIM1
SIM2
SIM3
SIM4
1
21
22
SIM5
SIM1
SIM2
SIM3
SIM4
1
21
22
SIM5
SIM1
SIM2
SIM3
SIM4
1
21
22
SIM5
SIM1
SIM2
SIM3
SIM4
1
21
22
SIM5
SIM1
SIM2
SIM3
SIM4
1
21
22
SIM5
SIM1
SIM2
SIM3
SIM4
1
21
22
SIM5
SIM1
SIM2
SIM3
SIM4
1
21
22
SIM5
SIM1
SIM2
SIM3
SIM4
1
21
22
SIM5
SIM1
SIM2
SIM3
SIM4
1
21
22
SIM5
SIM1
SIM2
SIM3
SIM4
1
21
22
SIM5
SIM1
SIM2
SIM3
SIM4
1
21
22
SIM5
SIM1
SIM2
SIM3
SIM4
1
21
22
SIM5
SIM1
SIM2
SIM3
SIM4
1
21
22
SIM5
SIM1
SIM2
SIM3
SIM4
1
21
22
SIM5
SIM1
SIM2
SIM3
SIM4
1
21
22
SIM5
SIM1
SIM2
SIM3
SIM4
1
21
22
SIM5
SIM1
SIM2
SIM3
SIM4
1
21
22
SIM5
SIM1
SIM2
SIM3
SIM4
1
21
22
SIM5
SIM1
SIM2
SIM3
SIM4
1
21
22
SIM5
SIM1
SIM2
SIM3
SIM4
1
21
22
SIM5
SIM1
SIM2
SIM3
SIM4
1
21
22
SIM5
SIM1
SIM2
SIM3
SIM4
1
21
22
SIM5
SIM1
SIM2
SIM3
SIM4
1
21
22
SIM5
SIM1
SIM2
SIM3
SIM4
1
21
22
SIM5
SIM1
SIM2
SIM3
SIM4
1
21
22
SIM5
SIM1
SIM2
SIM3
SIM4
1
21
22
SIM5
SIM1
SIM2
SIM3
SIM4
1
21
22
SIM5
SIM1
SIM2
SIM3
SIM4
1
21
22
SIM5
SIM1
SIM2
SIM3
SIM4
1
21
22
SIM5
SIM1
SIM2
SIM3
SIM4
1
21
22
SIM5
SIM1
SIM2
SIM3
SIM4
1
21
22
SIM5
SIM1
SIM2
SIM3
SIM4
1
21
22
SIM5
SIM1
SIM2
SIM3
SIM4
1
21
22
SIM5
SIM1
SIM2
SIM3
SIM4
1
21
22
SIM5
SIM1
SIM2
SIM3
SIM4
1
21
22
SIM5
SIM1
SIM2
SIM3
SIM4
1
21
22
SIM5
SIM1
SIM2
SIM3
SIM4
1
21
22
SIM5
SIM1
SIM2
SIM3
SIM4
1
21
22
SIM5
SIM1
SIM2
SIM3
SIM4
1
21
22
SIM5
SIM1
SIM2
SIM3
SIM4
1
21
22
SIM5
SIM1
SIM2
SIM3
SIM4
1
21
22
SIM5
SIM1
SIM2
SIM3
SIM4
1
21
22
SIM5
SIM1
SIM2
SIM3
SIM4
1
21
22
SIM5
SIM1
SIM2
SIM3
SIM4
1
21
22
SIM5
SIM1
SIM2
SIM3
SIM4
1
21
22
SIM5
SIM1
SIM2
SIM3
SIM4
1
21
22
SIM5
SIM1
SIM2
SIM3
SIM4
1
21
22
SIM5
SIM1
SIM2
SIM3
SIM4
1
21
22
SIM5
SIM1
SIM2
SIM3
SIM4
1
21
22
SIM5
SIM1
SIM2
SIM3
SIM4
1
21
22
SIM5
SIM1
SIM2
SIM3
SIM4
1
21
22
SIM5
SIM1
SIM2
SIM3
SIM4
1
21
22
SIM5
SIM1
SIM2
SIM3
SIM4
1
21
22
SIM5
SIM1
SIM2
SIM3
SIM4
1
21
22
SIM5
SIM1
SIM2
SIM3
SIM4
1
21
22
SIM5
SIM1
SIM2
SIM3
SIM4
1
21
22
SIM5
SIM1
SIM2
SIM3
SIM4
1
21
22
SIM5
SIM1
SIM2
SIM3
SIM4
1
21
22
SIM5
SIM1
SIM2
SIM3
SIM4
1
21
22
SIM5
SIM1
SIM2
SIM3
SIM4
1
21
22
SIM5
SIM1
SIM2
SIM3
SIM4
1
21
22
SIM5
SIM1
SIM2
SIM3
SIM4
1
21
22
SIM5
SIM1
SIM2
SIM3
SIM4
1
21
22
SIM5
SIM1
SIM2
SIM3
SIM4
1
21
22
SIM5
SIM1
SIM2
SIM3
SIM4
1
21
22
SIM5
SIM1
SIM2
SIM3
SIM4
1
21
22
SIM5
SIM1
SIM2
SIM3
SIM4
1
21
22
SIM5
SIM1
SIM2
SIM3
SIM4
1
21
22
SIM5
SIM1
SIM2
SIM3
SIM4
1
21
22
SIM5
SIM1
SIM2
SIM3
SIM4
1
21
22
SIM5
SIM1
SIM2
SIM3
SIM4
1
21
22
SIM5
SIM1
SIM2
SIM3
SIM4
1
21
22
SIM5
SIM1
SIM2
SIM3
SIM4
1
21
22
SIM5
SIM1
SIM2
SIM3
SIM4
1
21
22
SIM5
SIM1
SIM2
SIM3
SIM4
1
21
22
SIM5
SIM1
SIM2
SIM3
SIM4
1
21
22
SIM5
SIM1
SIM2
SIM3
SIM4
1
21
22
SIM5
SIM1
SIM2
SIM3
SIM4
1
21
22
SIM5
SIM1
SIM2
SIM3
SIM4
1
21
22
SIM5
SIM1
SIM2
SIM3
SIM4
1
21
22
SIM5
SIM1
SIM2
SIM3
SIM4
1
21
22
SIM5
SIM1
SIM2
SIM3
SIM4
1
21
22
SIM5
SIM1
SIM2
SIM3
SIM4
1
21
22
SIM5
SIM1
SIM2
SIM3
SIM4
1
21
22
SIM5
SIM1
SIM2
SIM3
SIM4
1
21
22
SIM5
SIM1
SIM2
SIM3
SIM4
1
21
22
SIM5
SIM1
SIM2
SIM3
SIM4
1
21
22
SIM5
SIM1
SIM2
SIM3
SIM4
1
21
22
SIM5
SIM1
SIM2
SIM3
SIM4
1
21
22
SIM5
SIM1
SIM2
SIM3
SIM4
1
21
22
SIM5
SIM1
SIM2
SIM3
SIM4
1
21
22
SIM5
SIM1
SIM2
SIM3
SIM4
1
21
22
SIM5
SIM1
SIM2
SIM3
SIM4
1
21
22
SIM5
SIM1
SIM2
SIM3
SIM4
1
21
22
SIM5
SIM1
SIM2
SIM3
SIM4
1
21
22
SIM5
SIM1
SIM2
SIM3
SIM4
1
21
22
SIM5
SIM1
SIM2
SIM3
SIM4
1
21
22
SIM5
SIM1
SIM2
SIM3
SIM4
1
21
22
SIM5
SIM1
SIM2
SIM3
SIM4
1
21
22
SIM5
SIM1
SIM2
SIM3
SIM4
1
21
22
SIM5
SIM1
SIM2
SIM3
SIM4
1
21
22
SIM5
SIM1
SIM2
SIM3
SIM4
1
21
22
SIM5
SIM1
SIM2
SIM3
SIM4
1
21
22
SIM5
SIM1
SIM2
SIM3
SIM4
1
21
22
SIM5
SIM1
SIM2
SIM3
SIM4
1
21
22
SIM5
SIM1
SIM2
SIM3
SIM4
1
21
22
SIM5
SIM1
SIM2
SIM3
SIM4
1
21
22
SIM5
SIM1
SIM2
SIM3
SIM4
1
21
22
SIM5
SIM1
SIM2
SIM3
SIM4
1
21
22
SIM5
SIM1
SIM2
SIM3
SIM4
1
21
22
SIM5
SIM1
SIM2
SIM3
SIM4
1
21
22
SIM5
SIM1
SIM2
SIM3
SIM4
1
21
22
SIM5
SIM1
SIM2
SIM3
SIM4
1
21
22
SIM5
SIM1
SIM2
SIM3
SIM4
1
21
22
SIM5
SIM1
SIM2
SIM3
SIM4
1
21
22
SIM5
SIM1
SIM2
SIM3
SIM4
1
21
22
SIM5
SIM1
SIM2
SIM3
SIM4
1
21
22
SIM5
SIM1
SIM2
SIM3
SIM4
1
21
22
SIM5
SIM1
SIM2
SIM3
SIM4
1
21
22
SIM5
SIM1
SIM2
SIM3
SIM4
1
21
22
SIM5
SIM1
SIM2
SIM3
SIM4
1
21
22
SIM5
SIM1
SIM2
SIM3
SIM4
1
21
22
SIM5
SIM1
SIM2
DEBUG 1 423
SIM1
SIM2
SIM3
SIM4
1
21
22
SIM5
SIM1
SIM2
SIM3
SIM4
1
21
22
SIM5
SIM1
SIM2
SIM3
SIM4
1
21
22
SIM5
SIM1
SIM2
SIM3
SIM4
1
21
22
SIM5
SIM1
SIM2
SIM3
SIM4
1
21
22
SIM5
SIM1
SIM2
SIM3
SIM4
1
21
22
SIM5
SIM1
SIM2
SIM3
SIM4
1
21
22
SIM5
SIM1
SIM2
SIM3
SIM4
1
21
22
SIM5
SIM1
SIM2
SIM3
SIM4
1
21
22
SIM5
SIM1
SIM2
SIM3
SIM4
1
21
22
SIM5
SIM1
SIM2
SIM3
SIM4
1
21
22
SIM5
SIM1
SIM2
SIM3
SIM4
1
21
22
SIM5
SIM1
SIM2
SIM3
SIM4
1
21
22
SIM5
SIM1
SIM2
SIM3
SIM4
1
21
22
SIM5
SIM1
SIM2
SIM3
SIM4
1
21
22
SIM5
SIM1
SIM2
SIM3
SIM4
1
21
22
SIM5
SIM1
SIM2
SIM3
SIM4
1
21
22
SIM5
SIM1
SIM2
SIM3
SIM4
1
21
22
SIM5
SIM1
SIM2
SIM3
SIM4
1
21
22
SIM5
SIM1
SIM2
SIM3
SIM4
1
21
22
SIM5
SIM1
SIM2
SIM3
SIM4
1
21
22
SIM5
SIM1
SIM2
SIM3
SIM4
1
21
22
SIM5
SIM1
SIM2
SIM3
SIM4
1
21
22
SIM5
SIM1
SIM2
SIM3
SIM4
1
21
22
SIM5
SIM1
SIM2
SIM3
SIM4
1
21
22
SIM5
SIM1
SIM2
SIM3
SIM4
1
21
22
SIM5
SIM1
SIM2
SIM3
SIM4
1
21
22
SIM5
SIM1
SIM2
SIM3
SIM4
1
21
22
SIM5
SIM1
SIM2
SIM3
SIM4
1
21
22
SIM5
SIM1
SIM2
SIM3
SIM4
1
21
22
SIM5
SIM1
SIM2
SIM3
SIM4
1
21
22
SIM5
SIM1
SIM2
SIM3
SIM4
1
21
22
SIM5
SIM1
SIM2
SIM3
SIM4
1
21
22
SIM5
SIM1
SIM2
SIM3
SIM4
1
21
22
SIM5
SIM1
SIM2
SIM3
SIM4
1
21
22
SIM5
SIM1
SIM2
SIM3
SIM4
1
21
22
SIM5
SIM1
SIM2
SIM3
SIM4
1
21
22
SIM5
SIM1
SIM2
SIM3
SIM4
1
21
22
SIM5
SIM1
SIM2
SIM3
SIM4
1
21
22
SIM5
SIM1
SIM2
SIM3
SIM4
1
21
22
SIM5
SIM1
SIM2
SIM3
SIM4
1
21
22
SIM5
SIM1
SIM2
SIM3
SIM4
1
21
22
SIM5
SIM1
SIM2
SIM3
SIM4
1
21
22
SIM5
SIM1
SIM2
SIM3
SIM4
1
21
22
SIM5
SIM1
SIM2
SIM3
SIM4
1
21
22
SIM5
SIM1
SIM2
SIM3
SIM4
1
21
22
SIM5
SIM1
SIM2
SIM3
SIM4
1
21
22
SIM5
SIM1
SIM2
SIM3
SIM4
1
21
22
SIM5
SIM1
SIM2
SIM3
SIM4
1
21
22
SIM5
SIM1
SIM2
SIM3
SIM4
1
21
22
SIM5
SIM1
SIM2
SIM3
SIM4
1
21
22
SIM5
SIM1
SIM2
SIM3
SIM4
1
21
22
SIM5
SIM1
SIM2
SIM3
SIM4
1
21
22
SIM5
SIM1
SIM2
SIM3
SIM4
1
21
22
SIM5
SIM1
SIM2
SIM3
SIM4
1
21
22
SIM5
SIM1
SIM2
SIM3
SIM4
1
21
22
SIM5
SIM1
SIM2
SIM3
SIM4
1
21
22
SIM5
SIM1
SIM2
SIM3
SIM4
1
21
22
SIM5
SIM1
SIM2
SIM3
SIM4
1
21
22
SIM5
SIM1
SIM2
SIM3
SIM4
1
21
22
SIM5
SIM1
SIM2
SIM3
SIM4
1
21
22
SIM5
SIM1
SIM2
SIM3
SIM4
1
21
22
SIM5
SIM1
SIM2
SIM3
SIM4
1
21
22
SIM5
SIM1
SIM2
SIM3
SIM4
1
21
22
SIM5
SIM1
SIM2
SIM3
SIM4
1
21
22
SIM5
SIM1
SIM2
SIM3
SIM4
1
21
22
SIM5
SIM1
SIM2
SIM3
SIM4
1
21
22
SIM5
SIM1
SIM2
SIM3
SIM4
1
21
22
SIM5
SIM1
SIM2
SIM3
SIM4
1
21
22
SIM5
SIM1
SIM2
SIM3
SIM4
1
21
22
SIM5
SIM1
SIM2
SIM3
SIM4
1
21
22
SIM5
SIM1
SIM2
SIM3
SIM4
1
21
22
SIM5
SIM1
SIM2
SIM3
SIM4
1
21
22
SIM5
SIM1
SIM2
SIM3
SIM4
1
21
22
SIM5
SIM1
SIM2
SIM3
SIM4
1
21
22
SIM5
SIM1
SIM2
SIM3
SIM4
1
21
22
SIM5
SIM1
SIM2
SIM3
SIM4
1
21
22
SIM5
SIM1
SIM2
SIM3
SIM4
1
21
22
SIM5
SIM1
SIM2
SIM3
SIM4
1
21
22
SIM5
SIM1
SIM2
SIM3
SIM4
1
21
22
SIM5
SIM1
SIM2
SIM3
SIM4
1
21
22
SIM5
SIM1
SIM2
SIM3
SIM4
1
21
22
SIM5
SIM1
SIM2
SIM3
SIM4
1
21
22
SIM5
SIM1
SIM2
SIM3
SIM4
1
21
22
SIM5
SIM1
SIM2
SIM3
SIM4
1
21
22
SIM5
SIM1
SIM2
SIM3
SIM4
1
21
22
SIM5
SIM1
SIM2
SIM3
SIM4
1
21
22
SIM5
SIM1
SIM2
SIM3
SIM4
1
21
22
SIM5
SIM1
SIM2
SIM3
SIM4
1
21
22
SIM5
SIM1
SIM2
SIM3
SIM4
1
21
22
SIM5
SIM1
SIM2
SIM3
SIM4
1
21
22
SIM5
SIM1
SIM2
SIM3
SIM4
1
21
22
SIM5
SIM1
SIM2
SIM3
SIM4
1
21
22
SIM5
SIM1
SIM2
SIM3
SIM4
1
21
22
SIM5
SIM1
SIM2
SIM3
SIM4
1
21
22
SIM5
SIM1
SIM2
SIM3
SIM4
1
21
22
SIM5
SIM1
SIM2
SIM3
SIM4
1
21
22
SIM5
SIM1
SIM2
SIM3
SIM4
1
21
22
SIM5
SIM1
SIM2
SIM3
SIM4
1
21
22
SIM5
SIM1
SIM2
SIM3
SIM4
1
21
22
SIM5
SIM1
SIM2
SIM3
SIM4
1
21
22
SIM5
SIM1
SIM2
SIM3
SIM4
1
21
22
SIM5
SIM1
SIM2
SIM3
SIM4
1
21
22
SIM5
SIM1
SIM2
SIM3
SIM4
1
21
22
SIM5
SIM1
SIM2
SIM3
SIM4
1
21
22
SIM5
SIM1
SIM2
SIM3
SIM4
1
21
22
SIM5
SIM1
SIM2
SIM3
SIM4
1
21
22
SIM5
SIM1
SIM2
SIM3
SIM4
1
21
22
SIM5
SIM1
SIM2
SIM3
SIM4
1
21
22
SIM5
SIM1
SIM2
SIM3
SIM4
1
21
22
SIM5
SIM1
SIM2
SIM3
SIM4
1
21
22
SIM5
SIM1
SIM2
SIM3
SIM4
1
21
22
SIM5
SIM1
SIM2
SIM3
SIM4
1
21
22
SIM5
SIM1
SIM2
SIM3
SIM4
1
21
22
SIM5
SIM1
SIM2
SIM3
SIM4
1
21
22
SIM5
SIM1
SIM2
SIM3
SIM4
1
21
22
SIM5
SIM1
SIM2
SIM3
SIM4
1
21
22
SIM5
SIM1
SIM2
SIM3
SIM4
1
21
22
SIM5
SIM1
SIM2
SIM3
SIM4
1
21
22
SIM5
SIM1
SIM2
SIM3
SIM4
1
21
22
SIM5
SIM1
SIM2
SIM3
SIM4
1
21
22
SIM5
SIM1
SIM2
SIM3
SIM4
1
21
22
SIM5
SIM1
SIM2
SIM3
SIM4
1
21
22
SIM5
SIM1
SIM2
SIM3
SIM4
1
21
22
SIM5
SIM1
SIM2
SIM3
SIM4
1
21
22
SIM5
SIM1
SIM2
SIM3
SIM4
1
21
22
SIM5
SIM1
SIM2
SIM3
SIM4
1
21
22
SIM5
SIM1
SIM2
SIM3
SIM4
1
21
22
SIM5
SIM1
SIM2
SIM3
SIM4
1
21
22
SIM5
SIM1
SIM2
SIM3
SIM4
1
21
22
SIM5
SIM1
SIM2
SIM3
SIM4
1
21
22
SIM5
SIM1
SIM2
SIM3
SIM4
1
21
22
SIM5
SIM1
SIM2
SIM3
SIM4
1
21
22
SIM5
SIM1
SIM2
SIM3
SIM4
1
21
22
SIM5
SIM1
SIM2
SIM3
SIM4
1
21
22
SIM5
SIM1
SIM2
SIM3
SIM4
1
21
22
SIM5
SIM1
SIM2
SIM3
SIM4
1
21
22
SIM5
SIM1
SIM2
SIM3
SIM4
1
21
22
SIM5
SIM1
SIM2
DEBUG 1 424
SIM1
SIM2
SIM3
SIM4
1
21
22
SIM5
SIM1
SIM2
SIM3
SIM4
1
21
22
SIM5
SIM1
SIM2
SIM3
SIM4
1
21
22
SIM5
SIM1
SIM2
SIM3
SIM4
1
21
22
SIM5
SIM1
SIM2
SIM3
SIM4
1
21
22
SIM5
SIM1
SIM2
SIM3
SIM4
1
21
22
SIM5
SIM1
SIM2
SIM3
SIM4
1
21
22
SIM5
SIM1
SIM2
SIM3
SIM4
1
21
22
SIM5
SIM1
SIM2
SIM3
SIM4
1
21
22
SIM5
SIM1
SIM2
SIM3
SIM4
1
21
22
SIM5
SIM1
SIM2
SIM3
SIM4
1
21
22
SIM5
SIM1
SIM2
SIM3
SIM4
1
21
22
SIM5
SIM1
SIM2
SIM3
SIM4
1
21
22
SIM5
SIM1
SIM2
SIM3
SIM4
1
21
22
SIM5
SIM1
SIM2
SIM3
SIM4
1
21
22
SIM5
SIM1
SIM2
SIM3
SIM4
1
21
22
SIM5
SIM1
SIM2
SIM3
SIM4
1
21
22
SIM5
SIM1
SIM2
SIM3
SIM4
1
21
22
SIM5
SIM1
SIM2
SIM3
SIM4
1
21
22
SIM5
SIM1
SIM2
SIM3
SIM4
1
21
22
SIM5
SIM1
SIM2
SIM3
SIM4
1
21
22
SIM5
SIM1
SIM2
SIM3
SIM4
1
21
22
SIM5
SIM1
SIM2
SIM3
SIM4
1
21
22
SIM5
SIM1
SIM2
SIM3
SIM4
1
21
22
SIM5
SIM1
SIM2
SIM3
SIM4
1
21
22
SIM5
SIM1
SIM2
SIM3
SIM4
1
21
22
SIM5
SIM1
SIM2
SIM3
SIM4
1
21
22
SIM5
SIM1
SIM2
SIM3
SIM4
1
21
22
SIM5
SIM1
SIM2
SIM3
SIM4
1
21
22
SIM5
SIM1
SIM2
SIM3
SIM4
1
21
22
SIM5
SIM1
SIM2
SIM3
SIM4
1
21
22
SIM5
SIM1
SIM2
SIM3
SIM4
1
21
22
SIM5
SIM1
SIM2
SIM3
SIM4
1
21
22
SIM5
SIM1
SIM2
SIM3
SIM4
1
21
22
SIM5
SIM1
SIM2
SIM3
SIM4
1
21
22
SIM5
SIM1
SIM2
SIM3
SIM4
1
21
22
SIM5
SIM1
SIM2
SIM3
SIM4
1
21
22
SIM5
SIM1
SIM2
SIM3
SIM4
1
21
22
SIM5
SIM1
SIM2
SIM3
SIM4
1
21
22
SIM5
SIM1
SIM2
SIM3
SIM4
1
21
22
SIM5
SIM1
SIM2
SIM3
SIM4
1
21
22
SIM5
SIM1
SIM2
SIM3
SIM4
1
21
22
SIM5
SIM1
SIM2
SIM3
SIM4
1
21
22
SIM5
SIM1
SIM2
SIM3
SIM4
1
21
22
SIM5
SIM1
SIM2
SIM3
SIM4
1
21
22
SIM5
SIM1
SIM2
SIM3
SIM4
1
21
22
SIM5
SIM1
SIM2
SIM3
SIM4
1
21
22
SIM5
SIM1
SIM2
SIM3
SIM4
1
21
22
SIM5
SIM1
SIM2
SIM3
SIM4
1
21
22
SIM5
SIM1
SIM2
SIM3
SIM4
1
21
22
SIM5
SIM1
SIM2
SIM3
SIM4
1
21
22
SIM5
SIM1
SIM2
SIM3
SIM4
1
21
22
SIM5
SIM1
SIM2
SIM3
SIM4
1
21
22
SIM5
SIM1
SIM2
SIM3
SIM4
1
21
22
SIM5
SIM1
SIM2
SIM3
SIM4
1
21
22
SIM5
SIM1
SIM2
SIM3
SIM4
1
21
22
SIM5
SIM1
SIM2
SIM3
SIM4
1
21
22
SIM5
SIM1
SIM2
SIM3
SIM4
1
21
22
SIM5
SIM1
SIM2
SIM3
SIM4
1
21
22
SIM5
SIM1
SIM2
SIM3
SIM4
1
21
22
SIM5
SIM1
SIM2
SIM3
SIM4
1
21
22
SIM5
SIM1
SIM2
SIM3
SIM4
1
21
22
SIM5
SIM1
SIM2
SIM3
SIM4
1
21
22
SIM5
SIM1
SIM2
SIM3
SIM4
1
21
22
SIM5
SIM1
SIM2
SIM3
SIM4
1
21
22
SIM5
SIM1
SIM2
SIM3
SIM4
1
21
22
SIM5
SIM1
SIM2
SIM3
SIM4
1
21
22
SIM5
SIM1
SIM2
SIM3
SIM4
1
21
22
SIM5
SIM1
SIM2
SIM3
SIM4
1
21
22
SIM5
SIM1
SIM2
SIM3
SIM4
1
21
22
SIM5
SIM1
SIM2
SIM3
SIM4
1
21
22
SIM5
SIM1
SIM2
SIM3
SIM4
1
21
22
SIM5
SIM1
SIM2
SIM3
SIM4
1
21
22
SIM5
SIM1
SIM2
SIM3
SIM4
1
21
22
SIM5
SIM1
SIM2
SIM3
SIM4
1
21
22
SIM5
SIM1
SIM2
SIM3
SIM4
1
21
22
SIM5
SIM1
SIM2
SIM3
SIM4
1
21
22
SIM5
SIM1
SIM2
SIM3
SIM4
1
21
22
SIM5
SIM1
SIM2
SIM3
SIM4
1
21
22
SIM5
SIM1
SIM2
SIM3
SIM4
1
21
22
SIM5
SIM1
SIM2
SIM3
SIM4
1
21
22
SIM5
SIM1
SIM2
SIM3
SIM4
1
21
22
SIM5
SIM1
SIM2
SIM3
SIM4
1
21
22
SIM5
SIM1
SIM2
SIM3
SIM4
1
21
22
SIM5
SIM1
SIM2
SIM3
SIM4
1
21
22
SIM5
SIM1
SIM2
SIM3
SIM4
1
21
22
SIM5
SIM1
SIM2
SIM3
SIM4
1
21
22
SIM5
SIM1
SIM2
SIM3
SIM4
1
21
22
SIM5
SIM1
SIM2
SIM3
SIM4
1
21
22
SIM5
SIM1
SIM2
SIM3
SIM4
1
21
22
SIM5
SIM1
SIM2
SIM3
SIM4
1
21
22
SIM5
SIM1
SIM2
SIM3
SIM4
1
21
22
SIM5
SIM1
SIM2
SIM3
SIM4
1
21
22
SIM5
SIM1
SIM2
SIM3
SIM4
1
21
22
SIM5
SIM1
SIM2
SIM3
SIM4
1
21
22
SIM5
SIM1
SIM2
SIM3
SIM4
1
21
22
SIM5
SIM1
SIM2
SIM3
SIM4
1
21
22
SIM5
SIM1
SIM2
SIM3
SIM4
1
21
22
SIM5
SIM1
SIM2
SIM3
SIM4
1
21
22
SIM5
SIM1
SIM2
SIM3
SIM4
1
21
22
SIM5
SIM1
SIM2
SIM3
SIM4
1
21
22
SIM5
SIM1
SIM2
SIM3
SIM4
1
21
22
SIM5
SIM1
SIM2
SIM3
SIM4
1
21
22
SIM5
SIM1
SIM2
SIM3
SIM4
1
21
22
SIM5
SIM1
SIM2
SIM3
SIM4
1
21
22
SIM5
SIM1
SIM2
SIM3
SIM4
1
21
22
SIM5
SIM1
SIM2
SIM3
SIM4
1
21
22
SIM5
SIM1
SIM2
SIM3
SIM4
1
21
22
SIM5
SIM1
SIM2
SIM3
SIM4
1
21
22
SIM5
SIM1
SIM2
SIM3
SIM4
1
21
22
SIM5
SIM1
SIM2
SIM3
SIM4
1
21
22
SIM5
SIM1
SIM2
SIM3
SIM4
1
21
22
SIM5
SIM1
SIM2
SIM3
SIM4
1
21
22
SIM5
SIM1
SIM2
SIM3
SIM4
1
21
22
SIM5
SIM1
SIM2
SIM3
SIM4
1
21
22
SIM5
SIM1
SIM2
SIM3
SIM4
1
21
22
SIM5
SIM1
SIM2
SIM3
SIM4
1
21
22
SIM5
SIM1
SIM2
SIM3
SIM4
1
21
22
SIM5
SIM1
SIM2
SIM3
SIM4
1
21
22
SIM5
SIM1
SIM2
SIM3
SIM4
1
21
22
SIM5
SIM1
SIM2
SIM3
SIM4
1
21
22
SIM5
SIM1
SIM2
SIM3
SIM4
1
21
22
SIM5
SIM1
SIM2
SIM3
SIM4
1
21
22
SIM5
SIM1
SIM2
SIM3
SIM4
1
21
22
SIM5
SIM1
SIM2
SIM3
SIM4
1
21
22
SIM5
SIM1
SIM2
SIM3
SIM4
1
21
22
SIM5
SIM1
SIM2
SIM3
SIM4
1
21
22
SIM5
SIM1
SIM2
SIM3
SIM4
1
21
22
SIM5
SIM1
SIM2
SIM3
SIM4
1
21
22
SIM5
SIM1
SIM2
SIM3
SIM4
1
21
22
SIM5
SIM1
SIM2
SIM3
SIM4
1
21
22
SIM5
SIM1
SIM2
SIM3
SIM4
1
21
22
SIM5
SIM1
SIM2
SIM3
SIM4
1
21
22
SIM5
SIM1
SIM2
SIM3
SIM4
1
21
22
SIM5
SIM1
SIM2
SIM3
SIM4
1
21
22
SIM5
SIM1
SIM2
SIM3
SIM4
1
21
22
SIM5
SIM1
SIM2
SIM3
SIM4
1
21
22
SIM5
SIM1
SIM2
SIM3
SIM4
1
21
22
SIM5
SIM1
SIM2
SIM3
SIM4
1
21
22
SIM5
SIM1
SIM2
SIM3
SIM4
1
21
22
SIM5
SIM1
SIM2
SIM3
SIM4
1
21
22
SIM5
SIM1
SIM2
SIM3
SIM4
1
21
22
SIM5
SIM1
SIM2
SIM3
SIM4
1
21
22
SIM5
SIM1
SIM2
SIM3
SIM4
1
21
22
SIM5
SIM1
SIM2
SIM3
SIM4
1
21
22
SIM5
SIM1
SIM2
SIM3
SIM4
1
21
22
SIM5
SIM1
SIM2
SIM3
SIM4
1
21
22
SIM5
SIM1
SIM2
SIM3
SIM4
1
21
22
SIM5
SIM1
SIM2
SIM3
SIM4
1
21
22
SIM5
SIM1
SIM2
SIM3
SIM4
1
21
22
SIM5
SIM1
SIM2
SIM3
SIM4
1
21
22
SIM5
SIM1
SIM2
SIM3
SIM4
1
21
22
SIM5
SIM1
SIM2
SIM3
SIM4
1
21
22
SIM5
SIM1
SIM2
SIM3
SIM4
1
21
22
SIM5
SIM1
SIM2
SIM3
SIM4
1
21
22
SIM5
SIM1
SIM2
SIM3
SIM4
1
21
22
SIM5
SIM1
SIM2
SIM3
SIM4
1
21
22
SIM5
SIM1
SIM2
SIM3
SIM4
1
21
22
SIM5
SIM1
SIM2
SIM3
SIM4
1
21
22
SIM5
SIM1
SIM2
SIM3
SIM4
1
21
22
SIM5
SIM1
SIM2
SIM3
SIM4
1
21
22
SIM5
SIM1
SIM2
SIM3
SIM4
1
21
22
SIM5
SIM1
SIM2
SIM3
SIM4
1
21
22
SIM5
SIM1
SIM2
SIM3
SIM4
1
21
22
SIM5
SIM1
SIM2
SIM3
SIM4
1
21
22
SIM5
SIM1
SIM2
SIM3
SIM4
1
21
22
SIM5
SIM1
SIM2
SIM3
SIM4
1
21
22
SIM5
SIM1
SIM2
SIM3
SIM4
1
21
22
SIM5
SIM1
SIM2
SIM3
SIM4
1
21
22
SIM5
SIM1
SIM2
SIM3
SIM4
1
21
22
SIM5
SIM1
SIM2
SIM3
SIM4
1
21
22
SIM5
SIM1
SIM2
SIM3
SIM4
1
21
22
SIM5
SIM1
SIM2
SIM3
SIM4
1
21
22
SIM5
SIM1
SIM2
SIM3
SIM4
1
21
22
SIM5
SIM1
SIM2
SIM3
SIM4
1
21
22
SIM5
SIM1
SIM2
SIM3
SIM4
1
21
22
SIM5
SIM1
SIM2
SIM3
SIM4
1
21
22
SIM5
SIM1
SIM2
SIM3
SIM4
1
21
22
SIM5
SIM1
SIM2
SIM3
SIM4
1
21
22
SIM5
SIM1
SIM2
SIM3
SIM4
1
21
22
SIM5
SIM1
SIM2
SIM3
SIM4
1
21
22
SIM5
SIM1
SIM2
SIM3
SIM4
1
21
22
SIM5
SIM1
SIM2
SIM3
SIM4
1
21
22
SIM5
SIM1
SIM2
SIM3
SIM4
1
21
22
SIM5
SIM1
SIM2
SIM3
SIM4
1
21
22
SIM5
SIM1
SIM2
SIM3
SIM4
1
21
22
SIM5
SIM1
SIM2
SIM3
SIM4
1
21
22
SIM5
SIM1
SIM2
SIM3
SIM4
1
21
22
SIM5
SIM1
SIM2
SIM3
SIM4
1
21
22
SIM5
SIM1
SIM2
SIM3
SIM4
1
21
22
SIM5
SIM1
SIM2
SIM3
SIM4
1
21
22
SIM5
SIM1
SIM2
SIM3
SIM4
1
21
22
SIM5
SIM1
SIM2
SIM3
SIM4
1
21
22
SIM5
SIM1
SIM2
SIM3
SIM4
1
21
22
SIM5
SIM1
SIM2
SIM3
SIM4
1
21
22
SIM5
SIM1
SIM2
DEBUG 1 425
SIM1
SIM2
SIM3
SIM4
1
21
22
SIM5
SIM1
SIM2
SIM3
SIM4
1
21
22
SIM5
SIM1
SIM2
SIM3
SIM4
1
21
22
SIM5
SIM1
SIM2
SIM3
SIM4
1
21
22
SIM5
SIM1
SIM2
SIM3
SIM4
1
21
22
SIM5
SIM1
SIM2
SIM3
SIM4
1
21
22
SIM5
SIM1
SIM2
SIM3
SIM4
1
21
22
SIM5
SIM1
SIM2
SIM3
SIM4
1
21
22
SIM5
SIM1
SIM2
SIM3
SIM4
1
21
22
SIM5
SIM1
SIM2
SIM3
SIM4
1
21
22
SIM5
SIM1
SIM2
SIM3
SIM4
1
21
22
SIM5
SIM1
SIM2
SIM3
SIM4
1
21
22
SIM5
SIM1
SIM2
SIM3
SIM4
1
21
22
SIM5
SIM1
SIM2
SIM3
SIM4
1
21
22
SIM5
SIM1
SIM2
SIM3
SIM4
1
21
22
SIM5
SIM1
SIM2
SIM3
SIM4
1
21
22
SIM5
SIM1
SIM2
SIM3
SIM4
1
21
22
SIM5
SIM1
SIM2
SIM3
SIM4
1
21
22
SIM5
SIM1
SIM2
SIM3
SIM4
1
21
22
SIM5
SIM1
SIM2
SIM3
SIM4
1
21
22
SIM5
SIM1
SIM2
SIM3
SIM4
1
21
22
SIM5
SIM1
SIM2
SIM3
SIM4
1
21
22
SIM5
SIM1
SIM2
SIM3
SIM4
1
21
22
SIM5
SIM1
SIM2
SIM3
SIM4
1
21
22
SIM5
SIM1
SIM2
SIM3
SIM4
1
21
22
SIM5
SIM1
SIM2
SIM3
SIM4
1
21
22
SIM5
SIM1
SIM2
SIM3
SIM4
1
21
22
SIM5
SIM1
SIM2
SIM3
SIM4
1
21
22
SIM5
SIM1
SIM2
SIM3
SIM4
1
21
22
SIM5
SIM1
SIM2
SIM3
SIM4
1
21
22
SIM5
SIM1
SIM2
SIM3
SIM4
1
21
22
SIM5
SIM1
SIM2
SIM3
SIM4
1
21
22
SIM5
SIM1
SIM2
SIM3
SIM4
1
21
22
SIM5
SIM1
SIM2
SIM3
SIM4
1
21
22
SIM5
SIM1
SIM2
SIM3
SIM4
1
21
22
SIM5
SIM1
SIM2
SIM3
SIM4
1
21
22
SIM5
SIM1
SIM2
SIM3
SIM4
1
21
22
SIM5
SIM1
SIM2
SIM3
SIM4
1
21
22
SIM5
SIM1
SIM2
SIM3
SIM4
1
21
22
SIM5
SIM1
SIM2
SIM3
SIM4
1
21
22
SIM5
SIM1
SIM2
SIM3
SIM4
1
21
22
SIM5
SIM1
SIM2
SIM3
SIM4
1
21
22
SIM5
SIM1
SIM2
SIM3
SIM4
1
21
22
SIM5
SIM1
SIM2
SIM3
SIM4
1
21
22
SIM5
SIM1
SIM2
SIM3
SIM4
1
21
22
SIM5
SIM1
SIM2
SIM3
SIM4
1
21
22
SIM5
SIM1
SIM2
SIM3
SIM4
1
21
22
SIM5
SIM1
SIM2
SIM3
SIM4
1
21
22
SIM5
SIM1
SIM2
SIM3
SIM4
1
21
22
SIM5
SIM1
SIM2
SIM3
SIM4
1
21
22
SIM5
SIM1
SIM2
SIM3
SIM4
1
21
22
SIM5
SIM1
SIM2
SIM3
SIM4
1
21
22
SIM5
SIM1
SIM2
SIM3
SIM4
1
21
22
SIM5
SIM1
SIM2
SIM3
SIM4
1
21
22
SIM5
SIM1
SIM2
SIM3
SIM4
1
21
22
SIM5
SIM1
SIM2
SIM3
SIM4
1
21
22
SIM5
SIM1
SIM2
SIM3
SIM4
1
21
22
SIM5
SIM1
SIM2
SIM3
SIM4
1
21
22
SIM5
SIM1
SIM2
SIM3
SIM4
1
21
22
SIM5
SIM1
SIM2
SIM3
SIM4
1
21
22
SIM5
SIM1
SIM2
SIM3
SIM4
1
21
22
SIM5
SIM1
SIM2
SIM3
SIM4
1
21
22
SIM5
SIM1
SIM2
SIM3
SIM4
1
21
22
SIM5
SIM1
SIM2
SIM3
SIM4
1
21
22
SIM5
SIM1
SIM2
SIM3
SIM4
1
21
22
SIM5
SIM1
SIM2
SIM3
SIM4
1
21
22
SIM5
SIM1
SIM2
SIM3
SIM4
1
21
22
SIM5
SIM1
SIM2
SIM3
SIM4
1
21
22
SIM5
SIM1
SIM2
SIM3
SIM4
1
21
22
SIM5
SIM1
SIM2
SIM3
SIM4
1
21
22
SIM5
SIM1
SIM2
SIM3
SIM4
1
21
22
SIM5
SIM1
SIM2
SIM3
SIM4
1
21
22
SIM5
SIM1
SIM2
SIM3
SIM4
1
21
22
SIM5
SIM1
SIM2
SIM3
SIM4
1
21
22
SIM5
SIM1
SIM2
SIM3
SIM4
1
21
22
SIM5
SIM1
SIM2
SIM3
SIM4
1
21
22
SIM5
SIM1
SIM2
SIM3
SIM4
1
21
22
SIM5
SIM1
SIM2
SIM3
SIM4
1
21
22
SIM5
SIM1
SIM2
SIM3
SIM4
1
21
22
SIM5
SIM1
SIM2
SIM3
SIM4
1
21
22
SIM5
SIM1
SIM2
SIM3
SIM4
1
21
22
SIM5
SIM1
SIM2
SIM3
SIM4
1
21
22
SIM5
SIM1
SIM2
SIM3
SIM4
1
21
22
SIM5
SIM1
SIM2
SIM3
SIM4
1
21
22
SIM5
SIM1
SIM2
SIM3
SIM4
1
21
22
SIM5
SIM1
SIM2
SIM3
SIM4
1
21
22
SIM5
SIM1
SIM2
SIM3
SIM4
1
21
22
SIM5
SIM1
SIM2
SIM3
SIM4
1
21
22
SIM5
SIM1
SIM2
SIM3
SIM4
1
21
22
SIM5
SIM1
SIM2
SIM3
SIM4
1
21
22
SIM5
SIM1
SIM2
SIM3
SIM4
1
21
22
SIM5
SIM1
SIM2
SIM3
SIM4
1
21
22
SIM5
SIM1
SIM2
SIM3
SIM4
1
21
22
SIM5
SIM1
SIM2
SIM3
SIM4
1
21
22
SIM5
SIM1
SIM2
SIM3
SIM4
1
21
22
SIM5
SIM1
SIM2
SIM3
SIM4
1
21
22
SIM5
SIM1
SIM2
SIM3
SIM4
1
21
22
SIM5
SIM1
SIM2
SIM3
SIM4
1
21
22
SIM5
SIM1
SIM2
SIM3
SIM4
1
21
22
SIM5
SIM1
SIM2
SIM3
SIM4
1
21
22
SIM5
SIM1
SIM2
SIM3
SIM4
1
21
22
SIM5
SIM1
SIM2
SIM3
SIM4
1
21
22
SIM5
SIM1
SIM2
SIM3
SIM4
1
21
22
SIM5
SIM1
SIM2
SIM3
SIM4
1
21
22
SIM5
SIM1
SIM2
SIM3
SIM4
1
21
22
SIM5
SIM1
SIM2
SIM3
SIM4
1
21
22
SIM5
SIM1
SIM2
SIM3
SIM4
1
21
22
SIM5
SIM1
SIM2
SIM3
SIM4
1
21
22
SIM5
SIM1
SIM2
SIM3
SIM4
1
21
22
SIM5
SIM1
SIM2
SIM3
SIM4
1
21
22
SIM5
SIM1
SIM2
SIM3
SIM4
1
21
22
SIM5
SIM1
SIM2
SIM3
SIM4
1
21
22
SIM5
SIM1
SIM2
SIM3
SIM4
1
21
22
SIM5
SIM1
SIM2
SIM3
SIM4
1
21
22
SIM5
SIM1
SIM2
SIM3
SIM4
1
21
22
SIM5
SIM1
SIM2
SIM3
SIM4
1
21
22
SIM5
SIM1
SIM2
SIM3
SIM4
1
21
22
SIM5
SIM1
SIM2
SIM3
SIM4
1
21
22
SIM5
SIM1
SIM2
SIM3
SIM4
1
21
22
SIM5
SIM1
SIM2
SIM3
SIM4
1
21
22
SIM5
SIM1
SIM2
SIM3
SIM4
1
21
22
SIM5
SIM1
SIM2
SIM3
SIM4
1
21
22
SIM5
SIM1
SIM2
SIM3
SIM4
1
21
22
SIM5
SIM1
SIM2
SIM3
SIM4
1
21
22
SIM5
SIM1
SIM2
SIM3
SIM4
1
21
22
SIM5
SIM1
SIM2
SIM3
SIM4
1
21
22
SIM5
SIM1
SIM2
SIM3
SIM4
1
21
22
SIM5
SIM1
SIM2
SIM3
SIM4
1
21
22
SIM5
SIM1
SIM2
SIM3
SIM4
1
21
22
SIM5
SIM1
SIM2
SIM3
SIM4
1
21
22
SIM5
SIM1
SIM2
SIM3
SIM4
1
21
22
SIM5
SIM1
SIM2
SIM3
SIM4
1
21
22
SIM5
SIM1
SIM2
SIM3
SIM4
1
21
22
SIM5
SIM1
SIM2
SIM3
SIM4
1
21
22
SIM5
SIM1
SIM2
SIM3
SIM4
1
21
22
SIM5
SIM1
SIM2
SIM3
SIM4
1
21
22
SIM5
SIM1
SIM2
SIM3
SIM4
1
21
22
SIM5
SIM1
SIM2
SIM3
SIM4
1
21
22
SIM5
SIM1
SIM2
SIM3
SIM4
1
21
22
SIM5
SIM1
SIM2
SIM3
SIM4
1
21
22
SIM5
SIM1
SIM2
SIM3
SIM4
1
21
22
SIM5
SIM1
SIM2
SIM3
SIM4
1
21
22
SIM5
SIM1
SIM2
SIM3
SIM4
1
21
22
SIM5
SIM1
SIM2
SIM3
SIM4
1
21
22
SIM5
SIM1
SIM2
SIM3
SIM4
1
21
22
SIM5
SIM1
SIM2
SIM3
SIM4
1
21
22
SIM5
SIM1
SIM2
SIM3
SIM4
1
21
22
SIM5
SIM1
SIM2
SIM3
SIM4
1
21
22
SIM5
SIM1
SIM2
SIM3
SIM4
1
21
22
SIM5
SIM1
SIM2
SIM3
SIM4
1
21
22
SIM5
SIM1
SIM2
SIM3
SIM4
1
21
22
SIM5
SIM1
SIM2
SIM3
SIM4
1
21
22
SIM5
SIM1
SIM2
SIM3
SIM4
1
21
22
SIM5
SIM1
SIM2
SIM3
SIM4
1
21
22
SIM5
SIM1
SIM2
SIM3
SIM4
1
21
22
SIM5
SIM1
SIM2
SIM3
SIM4
1
21
22
SIM5
SIM1
SIM2
SIM3
SIM4
1
21
22
SIM5
SIM1
SIM2
SIM3
SIM4
1
21
22
SIM5
SIM1
SIM2
SIM3
SIM4
1
21
22
SIM5
SIM1
SIM2
SIM3
SIM4
1
21
22
SIM5
SIM1
SIM2
SIM3
SIM4
1
21
22
SIM5
SIM1
SIM2
SIM3
SIM4
1
21
22
SIM5
SIM1
SIM2
SIM3
SIM4
1
21
22
SIM5
SIM1
SIM2
SIM3
SIM4
1
21
22
SIM5
SIM1
SIM2
SIM3
SIM4
1
21
22
SIM5
SIM1
SIM2
SIM3
SIM4
1
21
22
SIM5
SIM1
SIM2
SIM3
SIM4
1
21
22
SIM5
SIM1
SIM2
SIM3
SIM4
1
21
22
SIM5
SIM1
SIM2
SIM3
SIM4
1
21
22
SIM5
SIM1
SIM2
SIM3
SIM4
1
21
22
SIM5
SIM1
SIM2
SIM3
SIM4
1
21
22
SIM5
SIM1
SIM2
SIM3
SIM4
1
21
22
SIM5
SIM1
SIM2
SIM3
SIM4
1
21
22
SIM5
SIM1
SIM2
SIM3
SIM4
1
21
22
SIM5
SIM1
SIM2
SIM3
SIM4
1
21
22
SIM5
SIM1
SIM2
SIM3
SIM4
1
21
22
SIM5
SIM1
SIM2
SIM3
SIM4
1
21
22
SIM5
SIM1
SIM2
SIM3
SIM4
1
21
22
SIM5
SIM1
SIM2
SIM3
SIM4
1
21
22
SIM5
SIM1
SIM2
SIM3
SIM4
1
21
22
SIM5
SIM1
SIM2
SIM3
SIM4
1
21
22
SIM5
SIM1
SIM2
SIM3
SIM4
1
21
22
SIM5
SIM1
SIM2
SIM3
SIM4
1
21
22
SIM5
SIM1
SIM2
SIM3
SIM4
1
21
22
SIM5
SIM1
SIM2
SIM3
SIM4
1
21
22
SIM5
SIM1
SIM2
SIM3
SIM4
1
21
22
SIM5
SIM1
SIM2
SIM3
SIM4
1
21
22
SIM5
SIM1
SIM2
SIM3
SIM4
1
21
22
SIM5
SIM1
SIM2
SIM3
SIM4
1
21
22
SIM5
SIM1
SIM2
SIM3
SIM4
1
21
22
SIM5
SIM1
SIM2
SIM3
SIM4
1
21
22
SIM5
SIM1
SIM2
SIM3
SIM4
1
21
22
SIM5
SIM1
SIM2
SIM3
SIM4
1
21
22
SIM5
SIM1
SIM2
SIM3
SIM4
1
21
22
SIM5
SIM1
SIM2
SIM3
SIM4
1
21
22
SIM5
SIM1
SIM2
SIM3
SIM4
1
21
22
SIM5
SIM1
SIM2
SIM3
SIM4
1
21
22
SIM5
SIM1
SIM2
SIM3
SIM4
1
21
22
SIM5
SIM1
SIM2
SIM3
SIM4
1
21
22
SIM5
SIM1
SIM2
SIM3
SIM4
1
21
22
SIM5
SIM1
SIM2
SIM3
SIM4
1
21
22
SIM5
SIM1
SIM2
SIM3
SIM4
1
21
22
SIM5
SIM1
SIM2
SIM3
SIM4
1
21
22
SIM5
SIM1
SIM2
SIM3
SIM4
1
21
22
SIM5
SIM1
SIM2
SIM3
SIM4
1
21
22
SIM5
SIM1
SIM2
SIM3
SIM4
1
21
22
SIM5
SIM1
SIM2
SIM3
SIM4
1
21
22
SIM5
SIM1
SIM2
SIM3
SIM4
1
21
22
SIM5
SIM1
SIM2
SIM3
SIM4
1
21
22
SIM5
SIM1
SIM2
SIM3
SIM4
1
21
22
SIM5
SIM1
SIM2
SIM3
SIM4
1
21
22
SIM5
SIM1
SIM2
SIM3
SIM4
1
21
22
SIM5
SIM1
SIM2
SIM3
SIM4
1
21
22
SIM5
SIM1
SIM2
SIM3
SIM4
1
21
22
SIM5
SIM1
SIM2
SIM3
SIM4
1
21
22
SIM5
SIM1
SIM2
SIM3
SIM4
1
21
22
SIM5
SIM1
SIM2
SIM3
SIM4
1
21
22
SIM5
SIM1
SIM2
SIM3
SIM4
1
21
22
SIM5
SIM1
SIM2
SIM3
SIM4
1
21
22
SIM5
SIM1
SIM2
SIM3
SIM4
1
21
22
SIM5
SIM1
SIM2
SIM3
SIM4
1
21
22
SIM5
SIM1
SIM2
SIM3
SIM4
1
21
22
SIM5
SIM1
SIM2
SIM3
SIM4
1
21
22
SIM5
SIM1
SIM2
SIM3
SIM4
1
21
22
SIM5
SIM1
SIM2
SIM3
SIM4
1
21
22
SIM5
SIM1
SIM2
SIM3
SIM4
1
21
22
SIM5
SIM1
SIM2
SIM3
SIM4
1
21
22
SIM5
SIM1
SIM2
SIM3
SIM4
1
21
22
SIM5
SIM1
SIM2
SIM3
SIM4
1
21
22
SIM5
SIM1
SIM2
SIM3
SIM4
1
21
22
SIM5
SIM1
SIM2
SIM3
SIM4
1
21
22
SIM5
SIM1
SIM2
SIM3
SIM4
1
21
22
SIM5
SIM1
SIM2
SIM3
SIM4
1
21
22
SIM5
SIM1
SIM2
SIM3
SIM4
1
21
22
SIM5
SIM1
SIM2
SIM3
SIM4
1
21
22
SIM5
SIM1
SIM2
SIM3
SIM4
1
21
22
SIM5
SIM1
SIM2
SIM3
SIM4
1
21
22
SIM5
SIM1
SIM2
SIM3
SIM4
1
21
22
SIM5
SIM1
SIM2
DEBUG 1 426
SIM1
SIM2
SIM3
SIM4
1
21
22
SIM5
SIM1
SIM2
SIM3
SIM4
1
21
22
SIM5
SIM1
SIM2
SIM3
SIM4
1
21
22
SIM5
SIM1
SIM2
SIM3
SIM4
1
21
22
SIM5
SIM1
SIM2
SIM3
SIM4
1
21
22
SIM5
SIM1
SIM2
SIM3
SIM4
1
21
22
SIM5
SIM1
SIM2
SIM3
SIM4
1
21
22
SIM5
SIM1
SIM2
SIM3
SIM4
1
21
22
SIM5
SIM1
SIM2
SIM3
SIM4
1
21
22
SIM5
SIM1
SIM2
SIM3
SIM4
1
21
22
SIM5
SIM1
SIM2
SIM3
SIM4
1
21
22
SIM5
SIM1
SIM2
SIM3
SIM4
1
21
22
SIM5
SIM1
SIM2
SIM3
SIM4
1
21
22
SIM5
SIM1
SIM2
SIM3
SIM4
1
21
22
SIM5
SIM1
SIM2
SIM3
SIM4
1
21
22
SIM5
SIM1
SIM2
SIM3
SIM4
1
21
22
SIM5
SIM1
SIM2
SIM3
SIM4
1
21
22
SIM5
SIM1
SIM2
SIM3
SIM4
1
21
22
SIM5
SIM1
SIM2
SIM3
SIM4
1
21
22
SIM5
SIM1
SIM2
SIM3
SIM4
1
21
22
SIM5
SIM1
SIM2
SIM3
SIM4
1
21
22
SIM5
SIM1
SIM2
SIM3
SIM4
1
21
22
SIM5
SIM1
SIM2
SIM3
SIM4
1
21
22
SIM5
SIM1
SIM2
SIM3
SIM4
1
21
22
SIM5
SIM1
SIM2
SIM3
SIM4
1
21
22
SIM5
SIM1
SIM2
SIM3
SIM4
1
21
22
SIM5
SIM1
SIM2
SIM3
SIM4
1
21
22
SIM5
SIM1
SIM2
SIM3
SIM4
1
21
22
SIM5
SIM1
SIM2
SIM3
SIM4
1
21
22
SIM5
SIM1
SIM2
SIM3
SIM4
1
21
22
SIM5
SIM1
SIM2
SIM3
SIM4
1
21
22
SIM5
SIM1
SIM2
SIM3
SIM4
1
21
22
SIM5
SIM1
SIM2
SIM3
SIM4
1
21
22
SIM5
SIM1
SIM2
SIM3
SIM4
1
21
22
SIM5
SIM1
SIM2
SIM3
SIM4
1
21
22
SIM5
SIM1
SIM2
SIM3
SIM4
1
21
22
SIM5
SIM1
SIM2
SIM3
SIM4
1
21
22
SIM5
SIM1
SIM2
SIM3
SIM4
1
21
22
SIM5
SIM1
SIM2
SIM3
SIM4
1
21
22
SIM5
SIM1
SIM2
SIM3
SIM4
1
21
22
SIM5
SIM1
SIM2
SIM3
SIM4
1
21
22
SIM5
SIM1
SIM2
SIM3
SIM4
1
21
22
SIM5
SIM1
SIM2
SIM3
SIM4
1
21
22
SIM5
SIM1
SIM2
SIM3
SIM4
1
21
22
SIM5
SIM1
SIM2
SIM3
SIM4
1
21
22
SIM5
SIM1
SIM2
SIM3
SIM4
1
21
22
SIM5
SIM1
SIM2
SIM3
SIM4
1
21
22
SIM5
SIM1
SIM2
SIM3
SIM4
1
21
22
SIM5
SIM1
SIM2
SIM3
SIM4
1
21
22
SIM5
SIM1
SIM2
SIM3
SIM4
1
21
22
SIM5
SIM1
SIM2
SIM3
SIM4
1
21
22
SIM5
SIM1
SIM2
SIM3
SIM4
1
21
22
SIM5
SIM1
SIM2
SIM3
SIM4
1
21
22
SIM5
SIM1
SIM2
SIM3
SIM4
1
21
22
SIM5
SIM1
SIM2
SIM3
SIM4
1
21
22
SIM5
SIM1
SIM2
SIM3
SIM4
1
21
22
SIM5
SIM1
SIM2
SIM3
SIM4
1
21
22
SIM5
SIM1
SIM2
SIM3
SIM4
1
21
22
SIM5
SIM1
SIM2
SIM3
SIM4
1
21
22
SIM5
SIM1
SIM2
SIM3
SIM4
1
21
22
SIM5
SIM1
SIM2
SIM3
SIM4
1
21
22
SIM5
SIM1
SIM2
SIM3
SIM4
1
21
22
SIM5
SIM1
SIM2
SIM3
SIM4
1
21
22
SIM5
SIM1
SIM2
SIM3
SIM4
1
21
22
SIM5
SIM1
SIM2
SIM3
SIM4
1
21
22
SIM5
SIM1
SIM2
SIM3
SIM4
1
21
22
SIM5
SIM1
SIM2
SIM3
SIM4
1
21
22
SIM5
SIM1
SIM2
SIM3
SIM4
1
21
22
SIM5
SIM1
SIM2
SIM3
SIM4
1
21
22
SIM5
SIM1
SIM2
SIM3
SIM4
1
21
22
SIM5
SIM1
SIM2
SIM3
SIM4
1
21
22
SIM5
SIM1
SIM2
SIM3
SIM4
1
21
22
SIM5
SIM1
SIM2
SIM3
SIM4
1
21
22
SIM5
SIM1
SIM2
SIM3
SIM4
1
21
22
SIM5
SIM1
SIM2
SIM3
SIM4
1
21
22
SIM5
SIM1
SIM2
SIM3
SIM4
1
21
22
SIM5
SIM1
SIM2
SIM3
SIM4
1
21
22
SIM5
SIM1
SIM2
SIM3
SIM4
1
21
22
SIM5
SIM1
SIM2
SIM3
SIM4
1
21
22
SIM5
SIM1
SIM2
SIM3
SIM4
1
21
22
SIM5
SIM1
SIM2
SIM3
SIM4
1
21
22
SIM5
SIM1
SIM2
SIM3
SIM4
1
21
22
SIM5
SIM1
SIM2
SIM3
SIM4
1
21
22
SIM5
SIM1
SIM2
SIM3
SIM4
1
21
22
SIM5
SIM1
SIM2
SIM3
SIM4
1
21
22
SIM5
SIM1
SIM2
SIM3
SIM4
1
21
22
SIM5
SIM1
SIM2
SIM3
SIM4
1
21
22
SIM5
SIM1
SIM2
SIM3
SIM4
1
21
22
SIM5
SIM1
SIM2
SIM3
SIM4
1
21
22
SIM5
SIM1
SIM2
SIM3
SIM4
1
21
22
SIM5
SIM1
SIM2
SIM3
SIM4
1
21
22
SIM5
SIM1
SIM2
SIM3
SIM4
1
21
22
SIM5
SIM1
SIM2
SIM3
SIM4
1
21
22
SIM5
SIM1
SIM2
SIM3
SIM4
1
21
22
SIM5
SIM1
SIM2
SIM3
SIM4
1
21
22
SIM5
SIM1
SIM2
SIM3
SIM4
1
21
22
SIM5
SIM1
SIM2
SIM3
SIM4
1
21
22
SIM5
SIM1
SIM2
SIM3
SIM4
1
21
22
SIM5
SIM1
SIM2
SIM3
SIM4
1
21
22
SIM5
SIM1
SIM2
SIM3
SIM4
1
21
22
SIM5
SIM1
SIM2
SIM3
SIM4
1
21
22
SIM5
SIM1
SIM2
SIM3
SIM4
1
21
22
SIM5
SIM1
SIM2
SIM3
SIM4
1
21
22
SIM5
SIM1
SIM2
SIM3
SIM4
1
21
22
SIM5
SIM1
SIM2
SIM3
SIM4
1
21
22
SIM5
SIM1
SIM2
SIM3
SIM4
1
21
22
SIM5
SIM1
SIM2
SIM3
SIM4
1
21
22
SIM5
SIM1
SIM2
SIM3
SIM4
1
21
22
SIM5
SIM1
SIM2
SIM3
SIM4
1
21
22
SIM5
SIM1
SIM2
SIM3
SIM4
1
21
22
SIM5
SIM1
SIM2
SIM3
SIM4
1
21
22
SIM5
SIM1
SIM2
SIM3
SIM4
1
21
22
SIM5
SIM1
SIM2
SIM3
SIM4
1
21
22
SIM5
SIM1
SIM2
SIM3
SIM4
1
21
22
SIM5
SIM1
SIM2
SIM3
SIM4
1
21
22
SIM5
SIM1
SIM2
SIM3
SIM4
1
21
22
SIM5
SIM1
SIM2
SIM3
SIM4
1
21
22
SIM5
SIM1
SIM2
SIM3
SIM4
1
21
22
SIM5
SIM1
SIM2
SIM3
SIM4
1
21
22
SIM5
SIM1
SIM2
SIM3
SIM4
1
21
22
SIM5
SIM1
SIM2
SIM3
SIM4
1
21
22
SIM5
SIM1
SIM2
SIM3
SIM4
1
21
22
SIM5
SIM1
SIM2
SIM3
SIM4
1
21
22
SIM5
SIM1
SIM2
SIM3
SIM4
1
21
22
SIM5
SIM1
SIM2
SIM3
SIM4
1
21
22
SIM5
SIM1
SIM2
SIM3
SIM4
1
21
22
SIM5
SIM1
SIM2
SIM3
SIM4
1
21
22
SIM5
SIM1
SIM2
SIM3
SIM4
1
21
22
SIM5
SIM1
SIM2
SIM3
SIM4
1
21
22
SIM5
SIM1
SIM2
SIM3
SIM4
1
21
22
SIM5
SIM1
SIM2
SIM3
SIM4
1
21
22
SIM5
SIM1
SIM2
SIM3
SIM4
1
21
22
SIM5
SIM1
SIM2
SIM3
SIM4
1
21
22
SIM5
SIM1
SIM2
SIM3
SIM4
1
21
22
SIM5
SIM1
SIM2
SIM3
SIM4
1
21
22
SIM5
SIM1
SIM2
SIM3
SIM4
1
21
22
SIM5
SIM1
SIM2
SIM3
SIM4
1
21
22
SIM5
SIM1
SIM2
SIM3
SIM4
1
21
22
SIM5
SIM1
SIM2
SIM3
SIM4
1
21
22
SIM5
SIM1
SIM2
SIM3
SIM4
1
21
22
SIM5
SIM1
SIM2
SIM3
SIM4
1
21
22
SIM5
SIM1
SIM2
SIM3
SIM4
1
21
22
SIM5
SIM1
SIM2
SIM3
SIM4
1
21
22
SIM5
SIM1
SIM2
SIM3
SIM4
1
21
22
SIM5
SIM1
SIM2
SIM3
SIM4
1
21
22
SIM5
SIM1
SIM2
SIM3
SIM4
1
21
22
SIM5
SIM1
SIM2
SIM3
SIM4
1
21
22
SIM5
SIM1
SIM2
SIM3
SIM4
1
21
22
SIM5
SIM1
SIM2
SIM3
SIM4
1
21
22
SIM5
SIM1
SIM2
SIM3
SIM4
1
21
22
SIM5
SIM1
SIM2
SIM3
SIM4
1
21
22
SIM5
SIM1
SIM2
SIM3
SIM4
1
21
22
SIM5
SIM1
SIM2
DEBUG 1 427
SIM1
SIM2
SIM3
SIM4
1
21
22
SIM5
SIM1
SIM2
SIM3
SIM4
1
21
22
SIM5
SIM1
SIM2
SIM3
SIM4
1
21
22
SIM5
SIM1
SIM2
SIM3
SIM4
1
21
22
SIM5
SIM1
SIM2
SIM3
SIM4
1
21
22
SIM5
SIM1
SIM2
SIM3
SIM4
1
21
22
SIM5
SIM1
SIM2
SIM3
SIM4
1
21
22
SIM5
SIM1
SIM2
SIM3
SIM4
1
21
22
SIM5
SIM1
SIM2
SIM3
SIM4
1
21
22
SIM5
SIM1
SIM2
SIM3
SIM4
1
21
22
SIM5
SIM1
SIM2
SIM3
SIM4
1
21
22
SIM5
SIM1
SIM2
SIM3
SIM4
1
21
22
SIM5
SIM1
SIM2
SIM3
SIM4
1
21
22
SIM5
SIM1
SIM2
SIM3
SIM4
1
21
22
SIM5
SIM1
SIM2
SIM3
SIM4
1
21
22
SIM5
SIM1
SIM2
SIM3
SIM4
1
21
22
SIM5
SIM1
SIM2
SIM3
SIM4
1
21
22
SIM5
SIM1
SIM2
SIM3
SIM4
1
21
22
SIM5
SIM1
SIM2
SIM3
SIM4
1
21
22
SIM5
SIM1
SIM2
SIM3
SIM4
1
21
22
SIM5
SIM1
SIM2
SIM3
SIM4
1
21
22
SIM5
SIM1
SIM2
SIM3
SIM4
1
21
22
SIM5
SIM1
SIM2
SIM3
SIM4
1
21
22
SIM5
SIM1
SIM2
SIM3
SIM4
1
21
22
SIM5
SIM1
SIM2
SIM3
SIM4
1
21
22
SIM5
SIM1
SIM2
SIM3
SIM4
1
21
22
SIM5
SIM1
SIM2
SIM3
SIM4
1
21
22
SIM5
SIM1
SIM2
SIM3
SIM4
1
21
22
SIM5
SIM1
SIM2
SIM3
SIM4
1
21
22
SIM5
SIM1
SIM2
SIM3
SIM4
1
21
22
SIM5
SIM1
SIM2
SIM3
SIM4
1
21
22
SIM5
SIM1
SIM2
SIM3
SIM4
1
21
22
SIM5
SIM1
SIM2
SIM3
SIM4
1
21
22
SIM5
SIM1
SIM2
SIM3
SIM4
1
21
22
SIM5
SIM1
SIM2
SIM3
SIM4
1
21
22
SIM5
SIM1
SIM2
SIM3
SIM4
1
21
22
SIM5
SIM1
SIM2
SIM3
SIM4
1
21
22
SIM5
SIM1
SIM2
SIM3
SIM4
1
21
22
SIM5
SIM1
SIM2
SIM3
SIM4
1
21
22
SIM5
SIM1
SIM2
SIM3
SIM4
1
21
22
SIM5
SIM1
SIM2
SIM3
SIM4
1
21
22
SIM5
SIM1
SIM2
SIM3
SIM4
1
21
22
SIM5
SIM1
SIM2
SIM3
SIM4
1
21
22
SIM5
SIM1
SIM2
SIM3
SIM4
1
21
22
SIM5
SIM1
SIM2
SIM3
SIM4
1
21
22
SIM5
SIM1
SIM2
SIM3
SIM4
1
21
22
SIM5
SIM1
SIM2
SIM3
SIM4
1
21
22
SIM5
SIM1
SIM2
SIM3
SIM4
1
21
22
SIM5
SIM1
SIM2
SIM3
SIM4
1
21
22
SIM5
SIM1
SIM2
SIM3
SIM4
1
21
22
SIM5
SIM1
SIM2
SIM3
SIM4
1
21
22
SIM5
SIM1
SIM2
SIM3
SIM4
1
21
22
SIM5
SIM1
SIM2
SIM3
SIM4
1
21
22
SIM5
SIM1
SIM2
SIM3
SIM4
1
21
22
SIM5
SIM1
SIM2
SIM3
SIM4
1
21
22
SIM5
SIM1
SIM2
SIM3
SIM4
1
21
22
SIM5
SIM1
SIM2
SIM3
SIM4
1
21
22
SIM5
SIM1
SIM2
SIM3
SIM4
1
21
22
SIM5
SIM1
SIM2
SIM3
SIM4
1
21
22
SIM5
SIM1
SIM2
SIM3
SIM4
1
21
22
SIM5
SIM1
SIM2
SIM3
SIM4
1
21
22
SIM5
SIM1
SIM2
SIM3
SIM4
1
21
22
SIM5
SIM1
SIM2
SIM3
SIM4
1
21
22
SIM5
SIM1
SIM2
SIM3
SIM4
1
21
22
SIM5
SIM1
SIM2
SIM3
SIM4
1
21
22
SIM5
SIM1
SIM2
SIM3
SIM4
1
21
22
SIM5
SIM1
SIM2
SIM3
SIM4
1
21
22
SIM5
SIM1
SIM2
SIM3
SIM4
1
21
22
SIM5
SIM1
SIM2
SIM3
SIM4
1
21
22
SIM5
SIM1
SIM2
SIM3
SIM4
1
21
22
SIM5
SIM1
SIM2
SIM3
SIM4
1
21
22
SIM5
SIM1
SIM2
SIM3
SIM4
1
21
22
SIM5
SIM1
SIM2
SIM3
SIM4
1
21
22
SIM5
SIM1
SIM2
SIM3
SIM4
1
21
22
SIM5
SIM1
SIM2
SIM3
SIM4
1
21
22
SIM5
SIM1
SIM2
SIM3
SIM4
1
21
22
SIM5
SIM1
SIM2
SIM3
SIM4
1
21
22
SIM5
SIM1
SIM2
SIM3
SIM4
1
21
22
SIM5
SIM1
SIM2
SIM3
SIM4
1
21
22
SIM5
SIM1
SIM2
SIM3
SIM4
1
21
22
SIM5
SIM1
SIM2
SIM3
SIM4
1
21
22
SIM5
SIM1
SIM2
SIM3
SIM4
1
21
22
SIM5
SIM1
SIM2
SIM3
SIM4
1
21
22
SIM5
SIM1
SIM2
SIM3
SIM4
1
21
22
SIM5
SIM1
SIM2
SIM3
SIM4
1
21
22
SIM5
SIM1
SIM2
SIM3
SIM4
1
21
22
SIM5
SIM1
SIM2
SIM3
SIM4
1
21
22
SIM5
SIM1
SIM2
SIM3
SIM4
1
21
22
SIM5
SIM1
SIM2
SIM3
SIM4
1
21
22
SIM5
SIM1
SIM2
SIM3
SIM4
1
21
22
SIM5
SIM1
SIM2
SIM3
SIM4
1
21
22
SIM5
SIM1
SIM2
SIM3
SIM4
1
21
22
SIM5
SIM1
SIM2
SIM3
SIM4
1
21
22
SIM5
SIM1
SIM2
SIM3
SIM4
1
21
22
SIM5
SIM1
SIM2
SIM3
SIM4
1
21
22
SIM5
SIM1
SIM2
SIM3
SIM4
1
21
22
SIM5
SIM1
SIM2
SIM3
SIM4
1
21
22
SIM5
SIM1
SIM2
SIM3
SIM4
1
21
22
SIM5
SIM1
SIM2
SIM3
SIM4
1
21
22
SIM5
SIM1
SIM2
SIM3
SIM4
1
21
22
SIM5
SIM1
SIM2
SIM3
SIM4
1
21
22
SIM5
SIM1
SIM2
SIM3
SIM4
1
21
22
SIM5
SIM1
SIM2
SIM3
SIM4
1
21
22
SIM5
SIM1
SIM2
SIM3
SIM4
1
21
22
SIM5
SIM1
SIM2
SIM3
SIM4
1
21
22
SIM5
SIM1
SIM2
SIM3
SIM4
1
21
22
SIM5
SIM1
SIM2
SIM3
SIM4
1
21
22
SIM5
SIM1
SIM2
SIM3
SIM4
1
21
22
SIM5
SIM1
SIM2
SIM3
SIM4
1
21
22
SIM5
SIM1
SIM2
SIM3
SIM4
1
21
22
SIM5
SIM1
SIM2
SIM3
SIM4
1
21
22
SIM5
SIM1
SIM2
SIM3
SIM4
1
21
22
SIM5
SIM1
SIM2
SIM3
SIM4
1
21
22
SIM5
SIM1
SIM2
SIM3
SIM4
1
21
22
SIM5
SIM1
SIM2
SIM3
SIM4
1
21
22
SIM5
SIM1
SIM2
SIM3
SIM4
1
21
22
SIM5
SIM1
SIM2
SIM3
SIM4
1
21
22
SIM5
SIM1
SIM2
SIM3
SIM4
1
21
22
SIM5
SIM1
SIM2
SIM3
SIM4
1
21
22
SIM5
SIM1
SIM2
SIM3
SIM4
1
21
22
SIM5
SIM1
SIM2
SIM3
SIM4
1
21
22
SIM5
SIM1
SIM2
SIM3
SIM4
1
21
22
SIM5
SIM1
SIM2
SIM3
SIM4
1
21
22
SIM5
SIM1
SIM2
SIM3
SIM4
1
21
22
SIM5
SIM1
SIM2
SIM3
SIM4
1
21
22
SIM5
SIM1
SIM2
SIM3
SIM4
1
21
22
SIM5
SIM1
SIM2
SIM3
SIM4
1
21
22
SIM5
SIM1
SIM2
SIM3
SIM4
1
21
22
SIM5
SIM1
SIM2
SIM3
SIM4
1
21
22
SIM5
SIM1
SIM2
SIM3
SIM4
1
21
22
SIM5
SIM1
SIM2
SIM3
SIM4
1
21
22
SIM5
SIM1
SIM2
SIM3
SIM4
1
21
22
SIM5
SIM1
SIM2
SIM3
SIM4
1
21
22
SIM5
SIM1
SIM2
SIM3
SIM4
1
21
22
SIM5
SIM1
SIM2
SIM3
SIM4
1
21
22
SIM5
SIM1
SIM2
SIM3
SIM4
1
21
22
SIM5
SIM1
SIM2
SIM3
SIM4
1
21
22
SIM5
SIM1
SIM2
SIM3
SIM4
1
21
22
SIM5
SIM1
SIM2
SIM3
SIM4
1
21
22
SIM5
SIM1
SIM2
SIM3
SIM4
1
21
22
SIM5
SIM1
SIM2
SIM3
SIM4
1
21
22
SIM5
SIM1
SIM2
SIM3
SIM4
1
21
22
SIM5
SIM1
SIM2
SIM3
SIM4
1
21
22
SIM5
SIM1
SIM2
SIM3
SIM4
1
21
22
SIM5
SIM1
SIM2
SIM3
SIM4
1
21
22
SIM5
SIM1
SIM2
SIM3
SIM4
1
21
22
SIM5
SIM1
SIM2
SIM3
SIM4
1
21
22
SIM5
SIM1
SIM2
SIM3
SIM4
1
21
22
SIM5
SIM1
SIM2
SIM3
SIM4
1
21
22
SIM5
SIM1
SIM2
SIM3
SIM4
1
21
22
SIM5
SIM1
SIM2
SIM3
SIM4
1
21
22
SIM5
SIM1
SIM2
SIM3
SIM4
1
21
22
SIM5
SIM1
SIM2
SIM3
SIM4
1
21
22
SIM5
SIM1
SIM2
SIM3
SIM4
1
21
22
SIM5
SIM1
SIM2
SIM3
SIM4
1
21
22
SIM5
SIM1
SIM2
SIM3
SIM4
1
21
22
SIM5
SIM1
SIM2
SIM3
SIM4
1
21
22
SIM5
SIM1
SIM2
SIM3
SIM4
1
21
22
SIM5
SIM1
SIM2
SIM3
SIM4
1
21
22
SIM5
SIM1
SIM2
SIM3
SIM4
1
21
22
SIM5
SIM1
SIM2
SIM3
SIM4
1
21
22
SIM5
SIM1
SIM2
SIM3
SIM4
1
21
22
SIM5
SIM1
SIM2
SIM3
SIM4
1
21
22
SIM5
SIM1
SIM2
SIM3
SIM4
1
21
22
SIM5
SIM1
SIM2
SIM3
SIM4
1
21
22
SIM5
SIM1
SIM2
SIM3
SIM4
1
21
22
SIM5
SIM1
SIM2
SIM3
SIM4
1
21
22
SIM5
SIM1
SIM2
SIM3
SIM4
1
21
22
SIM5
SIM1
SIM2
SIM3
SIM4
1
21
22
SIM5
SIM1
SIM2
SIM3
SIM4
1
21
22
SIM5
SIM1
SIM2
SIM3
SIM4
1
21
22
SIM5
SIM1
SIM2
SIM3
SIM4
1
21
22
SIM5
SIM1
SIM2
SIM3
SIM4
1
21
22
SIM5
SIM1
SIM2
SIM3
SIM4
1
21
22
SIM5
SIM1
SIM2
SIM3
SIM4
1
21
22
SIM5
SIM1
SIM2
SIM3
SIM4
1
21
22
SIM5
SIM1
SIM2
SIM3
SIM4
1
21
22
SIM5
SIM1
SIM2
SIM3
SIM4
1
21
22
SIM5
SIM1
SIM2
SIM3
SIM4
1
21
22
SIM5
SIM1
SIM2
SIM3
SIM4
1
21
22
SIM5
SIM1
SIM2
SIM3
SIM4
1
21
22
SIM5
SIM1
SIM2
SIM3
SIM4
1
21
22
SIM5
SIM1
SIM2
SIM3
SIM4
1
21
22
SIM5
SIM1
SIM2
SIM3
SIM4
1
21
22
SIM5
SIM1
SIM2
SIM3
SIM4
1
21
22
SIM5
SIM1
SIM2
SIM3
SIM4
1
21
22
SIM5
SIM1
SIM2
SIM3
SIM4
1
21
22
SIM5
SIM1
SIM2
SIM3
SIM4
1
21
22
SIM5
SIM1
SIM2
SIM3
SIM4
1
21
22
SIM5
SIM1
SIM2
DEBUG 1 428
SIM1
SIM2
SIM3
SIM4
1
21
22
SIM5
SIM1
SIM2
SIM3
SIM4
1
21
22
SIM5
SIM1
SIM2
SIM3
SIM4
1
21
22
SIM5
SIM1
SIM2
SIM3
SIM4
1
21
22
SIM5
SIM1
SIM2
SIM3
SIM4
1
21
22
SIM5
SIM1
SIM2
SIM3
SIM4
1
21
22
SIM5
SIM1
SIM2
SIM3
SIM4
1
21
22
SIM5
SIM1
SIM2
SIM3
SIM4
1
21
22
SIM5
SIM1
SIM2
SIM3
SIM4
1
21
22
SIM5
SIM1
SIM2
SIM3
SIM4
1
21
22
SIM5
SIM1
SIM2
SIM3
SIM4
1
21
22
SIM5
SIM1
SIM2
SIM3
SIM4
1
21
22
SIM5
SIM1
SIM2
SIM3
SIM4
1
21
22
SIM5
SIM1
SIM2
SIM3
SIM4
1
21
22
SIM5
SIM1
SIM2
SIM3
SIM4
1
21
22
SIM5
SIM1
SIM2
SIM3
SIM4
1
21
22
SIM5
SIM1
SIM2
SIM3
SIM4
1
21
22
SIM5
SIM1
SIM2
SIM3
SIM4
1
21
22
SIM5
SIM1
SIM2
SIM3
SIM4
1
21
22
SIM5
SIM1
SIM2
SIM3
SIM4
1
21
22
SIM5
SIM1
SIM2
SIM3
SIM4
1
21
22
SIM5
SIM1
SIM2
SIM3
SIM4
1
21
22
SIM5
SIM1
SIM2
SIM3
SIM4
1
21
22
SIM5
SIM1
SIM2
SIM3
SIM4
1
21
22
SIM5
SIM1
SIM2
SIM3
SIM4
1
21
22
SIM5
SIM1
SIM2
SIM3
SIM4
1
21
22
SIM5
SIM1
SIM2
SIM3
SIM4
1
21
22
SIM5
SIM1
SIM2
SIM3
SIM4
1
21
22
SIM5
SIM1
SIM2
SIM3
SIM4
1
21
22
SIM5
SIM1
SIM2
SIM3
SIM4
1
21
22
SIM5
SIM1
SIM2
SIM3
SIM4
1
21
22
SIM5
SIM1
SIM2
SIM3
SIM4
1
21
22
SIM5
SIM1
SIM2
SIM3
SIM4
1
21
22
SIM5
SIM1
SIM2
SIM3
SIM4
1
21
22
SIM5
SIM1
SIM2
SIM3
SIM4
1
21
22
SIM5
SIM1
SIM2
SIM3
SIM4
1
21
22
SIM5
SIM1
SIM2
SIM3
SIM4
1
21
22
SIM5
SIM1
SIM2
SIM3
SIM4
1
21
22
SIM5
SIM1
SIM2
SIM3
SIM4
1
21
22
SIM5
SIM1
SIM2
SIM3
SIM4
1
21
22
SIM5
SIM1
SIM2
SIM3
SIM4
1
21
22
SIM5
SIM1
SIM2
SIM3
SIM4
1
21
22
SIM5
SIM1
SIM2
SIM3
SIM4
1
21
22
SIM5
SIM1
SIM2
SIM3
SIM4
1
21
22
SIM5
SIM1
SIM2
SIM3
SIM4
1
21
22
SIM5
SIM1
SIM2
SIM3
SIM4
1
21
22
SIM5
SIM1
SIM2
SIM3
SIM4
1
21
22
SIM5
SIM1
SIM2
SIM3
SIM4
1
21
22
SIM5
SIM1
SIM2
SIM3
SIM4
1
21
22
SIM5
SIM1
SIM2
SIM3
SIM4
1
21
22
SIM5
SIM1
SIM2
SIM3
SIM4
1
21
22
SIM5
SIM1
SIM2
SIM3
SIM4
1
21
22
SIM5
SIM1
SIM2
SIM3
SIM4
1
21
22
SIM5
SIM1
SIM2
SIM3
SIM4
1
21
22
SIM5
SIM1
SIM2
SIM3
SIM4
1
21
22
SIM5
SIM1
SIM2
SIM3
SIM4
1
21
22
SIM5
SIM1
SIM2
SIM3
SIM4
1
21
22
SIM5
SIM1
SIM2
SIM3
SIM4
1
21
22
SIM5
SIM1
SIM2
SIM3
SIM4
1
21
22
SIM5
SIM1
SIM2
SIM3
SIM4
1
21
22
SIM5
SIM1
SIM2
SIM3
SIM4
1
21
22
SIM5
SIM1
SIM2
SIM3
SIM4
1
21
22
SIM5
SIM1
SIM2
SIM3
SIM4
1
21
22
SIM5
SIM1
SIM2
SIM3
SIM4
1
21
22
SIM5
SIM1
SIM2
SIM3
SIM4
1
21
22
SIM5
SIM1
SIM2
SIM3
SIM4
1
21
22
SIM5
SIM1
SIM2
SIM3
SIM4
1
21
22
SIM5
SIM1
SIM2
SIM3
SIM4
1
21
22
SIM5
SIM1
SIM2
SIM3
SIM4
1
21
22
SIM5
SIM1
SIM2
SIM3
SIM4
1
21
22
SIM5
SIM1
SIM2
SIM3
SIM4
1
21
22
SIM5
SIM1
SIM2
SIM3
SIM4
1
21
22
SIM5
SIM1
SIM2
SIM3
SIM4
1
21
22
SIM5
SIM1
SIM2
SIM3
SIM4
1
21
22
SIM5
SIM1
SIM2
SIM3
SIM4
1
21
22
SIM5
SIM1
SIM2
SIM3
SIM4
1
21
22
SIM5
SIM1
SIM2
SIM3
SIM4
1
21
22
SIM5
SIM1
SIM2
SIM3
SIM4
1
21
22
SIM5
SIM1
SIM2
SIM3
SIM4
1
21
22
SIM5
SIM1
SIM2
SIM3
SIM4
1
21
22
SIM5
SIM1
SIM2
SIM3
SIM4
1
21
22
SIM5
SIM1
SIM2
SIM3
SIM4
1
21
22
SIM5
SIM1
SIM2
SIM3
SIM4
1
21
22
SIM5
SIM1
SIM2
SIM3
SIM4
1
21
22
SIM5
SIM1
SIM2
SIM3
SIM4
1
21
22
SIM5
SIM1
SIM2
SIM3
SIM4
1
21
22
SIM5
SIM1
SIM2
SIM3
SIM4
1
21
22
SIM5
SIM1
SIM2
SIM3
SIM4
1
21
22
SIM5
SIM1
SIM2
SIM3
SIM4
1
21
22
SIM5
SIM1
SIM2
SIM3
SIM4
1
21
22
SIM5
SIM1
SIM2
SIM3
SIM4
1
21
22
SIM5
SIM1
SIM2
SIM3
SIM4
1
21
22
SIM5
SIM1
SIM2
SIM3
SIM4
1
21
22
SIM5
SIM1
SIM2
SIM3
SIM4
1
21
22
SIM5
SIM1
SIM2
SIM3
SIM4
1
21
22
SIM5
SIM1
SIM2
SIM3
SIM4
1
21
22
SIM5
SIM1
SIM2
SIM3
SIM4
1
21
22
SIM5
SIM1
SIM2
SIM3
SIM4
1
21
22
SIM5
SIM1
SIM2
SIM3
SIM4
1
21
22
SIM5
SIM1
SIM2
SIM3
SIM4
1
21
22
SIM5
SIM1
SIM2
SIM3
SIM4
1
21
22
SIM5
SIM1
SIM2
SIM3
SIM4
1
21
22
SIM5
SIM1
SIM2
SIM3
SIM4
1
21
22
SIM5
SIM1
SIM2
SIM3
SIM4
1
21
22
SIM5
SIM1
SIM2
SIM3
SIM4
1
21
22
SIM5
SIM1
SIM2
SIM3
SIM4
1
21
22
SIM5
SIM1
SIM2
SIM3
SIM4
1
21
22
SIM5
SIM1
SIM2
SIM3
SIM4
1
21
22
SIM5
SIM1
SIM2
SIM3
SIM4
1
21
22
SIM5
SIM1
SIM2
SIM3
SIM4
1
21
22
SIM5
SIM1
SIM2
SIM3
SIM4
1
21
22
SIM5
SIM1
SIM2
SIM3
SIM4
1
21
22
SIM5
SIM1
SIM2
SIM3
SIM4
1
21
22
SIM5
SIM1
SIM2
SIM3
SIM4
1
21
22
SIM5
SIM1
SIM2
SIM3
SIM4
1
21
22
SIM5
SIM1
SIM2
SIM3
SIM4
1
21
22
SIM5
SIM1
SIM2
SIM3
SIM4
1
21
22
SIM5
SIM1
SIM2
SIM3
SIM4
1
21
22
SIM5
SIM1
SIM2
SIM3
SIM4
1
21
22
SIM5
SIM1
SIM2
SIM3
SIM4
1
21
22
SIM5
SIM1
SIM2
SIM3
SIM4
1
21
22
SIM5
SIM1
SIM2
SIM3
SIM4
1
21
22
SIM5
SIM1
SIM2
SIM3
SIM4
1
21
22
SIM5
SIM1
SIM2
SIM3
SIM4
1
21
22
SIM5
SIM1
SIM2
SIM3
SIM4
1
21
22
SIM5
SIM1
SIM2
SIM3
SIM4
1
21
22
SIM5
SIM1
SIM2
SIM3
SIM4
1
21
22
SIM5
SIM1
SIM2
SIM3
SIM4
1
21
22
SIM5
SIM1
SIM2
SIM3
SIM4
1
21
22
SIM5
SIM1
SIM2
SIM3
SIM4
1
21
22
SIM5
SIM1
SIM2
SIM3
SIM4
1
21
22
SIM5
SIM1
SIM2
SIM3
SIM4
1
21
22
SIM5
SIM1
SIM2
SIM3
SIM4
1
21
22
SIM5
SIM1
SIM2
SIM3
SIM4
1
21
22
SIM5
SIM1
SIM2
SIM3
SIM4
1
21
22
SIM5
SIM1
SIM2
SIM3
SIM4
1
21
22
SIM5
SIM1
SIM2
SIM3
SIM4
1
21
22
SIM5
SIM1
SIM2
SIM3
SIM4
1
21
22
SIM5
SIM1
SIM2
SIM3
SIM4
1
21
22
SIM5
SIM1
SIM2
SIM3
SIM4
1
21
22
SIM5
SIM1
SIM2
SIM3
SIM4
1
21
22
SIM5
SIM1
SIM2
SIM3
SIM4
1
21
22
SIM5
SIM1
SIM2
SIM3
SIM4
1
21
22
SIM5
SIM1
SIM2
SIM3
SIM4
1
21
22
SIM5
SIM1
SIM2
SIM3
SIM4
1
21
22
SIM5
SIM1
SIM2
SIM3
SIM4
1
21
22
SIM5
SIM1
SIM2
SIM3
SIM4
1
21
22
SIM5
SIM1
SIM2
SIM3
SIM4
1
21
22
SIM5
SIM1
SIM2
SIM3
SIM4
1
21
22
SIM5
SIM1
SIM2
SIM3
SIM4
1
21
22
SIM5
SIM1
SIM2
SIM3
SIM4
1
21
22
SIM5
SIM1
SIM2
SIM3
SIM4
1
21
22
SIM5
SIM1
SIM2
SIM3
SIM4
1
21
22
SIM5
SIM1
SIM2
SIM3
SIM4
1
21
22
SIM5
SIM1
SIM2
SIM3
SIM4
1
21
22
SIM5
SIM1
SIM2
SIM3
SIM4
1
21
22
SIM5
SIM1
SIM2
SIM3
SIM4
1
21
22
SIM5
SIM1
SIM2
SIM3
SIM4
1
21
22
SIM5
SIM1
SIM2
SIM3
SIM4
1
21
22
SIM5
SIM1
SIM2
SIM3
SIM4
1
21
22
SIM5
SIM1
SIM2
SIM3
SIM4
1
21
22
SIM5
SIM1
SIM2
SIM3
SIM4
1
21
22
SIM5
SIM1
SIM2
SIM3
SIM4
1
21
22
SIM5
SIM1
SIM2
SIM3
SIM4
1
21
22
SIM5
SIM1
SIM2
SIM3
SIM4
1
21
22
SIM5
SIM1
SIM2
SIM3
SIM4
1
21
22
SIM5
SIM1
SIM2
SIM3
SIM4
1
21
22
SIM5
SIM1
SIM2
SIM3
SIM4
1
21
22
SIM5
SIM1
SIM2
SIM3
SIM4
1
21
22
SIM5
SIM1
SIM2
SIM3
SIM4
1
21
22
SIM5
SIM1
SIM2
SIM3
SIM4
1
21
22
SIM5
SIM1
SIM2
SIM3
SIM4
1
21
22
SIM5
SIM1
SIM2
SIM3
SIM4
1
21
22
SIM5
SIM1
SIM2
SIM3
SIM4
1
21
22
SIM5
SIM1
SIM2
SIM3
SIM4
1
21
22
SIM5
SIM1
SIM2
SIM3
SIM4
1
21
22
SIM5
SIM1
SIM2
SIM3
SIM4
1
21
22
SIM5
SIM1
SIM2
SIM3
SIM4
1
21
22
SIM5
SIM1
SIM2
SIM3
SIM4
1
21
22
SIM5
SIM1
SIM2
SIM3
SIM4
1
21
22
SIM5
SIM1
SIM2
SIM3
SIM4
1
21
22
SIM5
SIM1
SIM2
SIM3
SIM4
1
21
22
SIM5
SIM1
SIM2
SIM3
SIM4
1
21
22
SIM5
SIM1
SIM2
SIM3
SIM4
1
21
22
SIM5
SIM1
SIM2
SIM3
SIM4
1
21
22
SIM5
SIM1
SIM2
SIM3
SIM4
1
21
22
SIM5
SIM1
SIM2
SIM3
SIM4
1
21
22
SIM5
SIM1
SIM2
SIM3
SIM4
1
21
22
SIM5
SIM1
SIM2
SIM3
SIM4
1
21
22
SIM5
SIM1
SIM2
SIM3
SIM4
1
21
22
SIM5
SIM1
SIM2
SIM3
SIM4
1
21
22
SIM5
SIM1
SIM2
SIM3
SIM4
1
21
22
SIM5
SIM1
SIM2
DEBUG 1 429
SIM1
SIM2
SIM3
SIM4
1
21
22
SIM5
SIM1
SIM2
SIM3
SIM4
1
21
22
SIM5
SIM1
SIM2
SIM3
SIM4
1
21
22
SIM5
SIM1
SIM2
SIM3
SIM4
1
21
22
SIM5
SIM1
SIM2
SIM3
SIM4
1
21
22
SIM5
SIM1
SIM2
SIM3
SIM4
1
21
22
SIM5
SIM1
SIM2
SIM3
SIM4
1
21
22
SIM5
SIM1
SIM2
SIM3
SIM4
1
21
22
SIM5
SIM1
SIM2
SIM3
SIM4
1
21
22
SIM5
SIM1
SIM2
SIM3
SIM4
1
21
22
SIM5
SIM1
SIM2
SIM3
SIM4
1
21
22
SIM5
SIM1
SIM2
SIM3
SIM4
1
21
22
SIM5
SIM1
SIM2
SIM3
SIM4
1
21
22
SIM5
SIM1
SIM2
SIM3
SIM4
1
21
22
SIM5
SIM1
SIM2
SIM3
SIM4
1
21
22
SIM5
SIM1
SIM2
SIM3
SIM4
1
21
22
SIM5
SIM1
SIM2
SIM3
SIM4
1
21
22
SIM5
SIM1
SIM2
SIM3
SIM4
1
21
22
SIM5
SIM1
SIM2
SIM3
SIM4
1
21
22
SIM5
SIM1
SIM2
SIM3
SIM4
1
21
22
SIM5
SIM1
SIM2
SIM3
SIM4
1
21
22
SIM5
SIM1
SIM2
SIM3
SIM4
1
21
22
SIM5
SIM1
SIM2
SIM3
SIM4
1
21
22
SIM5
SIM1
SIM2
SIM3
SIM4
1
21
22
SIM5
SIM1
SIM2
SIM3
SIM4
1
21
22
SIM5
SIM1
SIM2
SIM3
SIM4
1
21
22
SIM5
SIM1
SIM2
SIM3
SIM4
1
21
22
SIM5
SIM1
SIM2
SIM3
SIM4
1
21
22
SIM5
SIM1
SIM2
SIM3
SIM4
1
21
22
SIM5
SIM1
SIM2
SIM3
SIM4
1
21
22
SIM5
SIM1
SIM2
SIM3
SIM4
1
21
22
SIM5
SIM1
SIM2
SIM3
SIM4
1
21
22
SIM5
SIM1
SIM2
SIM3
SIM4
1
21
22
SIM5
SIM1
SIM2
SIM3
SIM4
1
21
22
SIM5
SIM1
SIM2
SIM3
SIM4
1
21
22
SIM5
SIM1
SIM2
SIM3
SIM4
1
21
22
SIM5
SIM1
SIM2
SIM3
SIM4
1
21
22
SIM5
SIM1
SIM2
SIM3
SIM4
1
21
22
SIM5
SIM1
SIM2
SIM3
SIM4
1
21
22
SIM5
SIM1
SIM2
SIM3
SIM4
1
21
22
SIM5
SIM1
SIM2
SIM3
SIM4
1
21
22
SIM5
SIM1
SIM2
SIM3
SIM4
1
21
22
SIM5
SIM1
SIM2
SIM3
SIM4
1
21
22
SIM5
SIM1
SIM2
SIM3
SIM4
1
21
22
SIM5
SIM1
SIM2
SIM3
SIM4
1
21
22
SIM5
SIM1
SIM2
SIM3
SIM4
1
21
22
SIM5
SIM1
SIM2
SIM3
SIM4
1
21
22
SIM5
SIM1
SIM2
SIM3
SIM4
1
21
22
SIM5
SIM1
SIM2
SIM3
SIM4
1
21
22
SIM5
SIM1
SIM2
SIM3
SIM4
1
21
22
SIM5
SIM1
SIM2
SIM3
SIM4
1
21
22
SIM5
SIM1
SIM2
SIM3
SIM4
1
21
22
SIM5
SIM1
SIM2
SIM3
SIM4
1
21
22
SIM5
SIM1
SIM2
SIM3
SIM4
1
21
22
SIM5
SIM1
SIM2
SIM3
SIM4
1
21
22
SIM5
SIM1
SIM2
SIM3
SIM4
1
21
22
SIM5
SIM1
SIM2
SIM3
SIM4
1
21
22
SIM5
SIM1
SIM2
SIM3
SIM4
1
21
22
SIM5
SIM1
SIM2
SIM3
SIM4
1
21
22
SIM5
SIM1
SIM2
SIM3
SIM4
1
21
22
SIM5
SIM1
SIM2
SIM3
SIM4
1
21
22
SIM5
SIM1
SIM2
SIM3
SIM4
1
21
22
SIM5
SIM1
SIM2
SIM3
SIM4
1
21
22
SIM5
SIM1
SIM2
SIM3
SIM4
1
21
22
SIM5
SIM1
SIM2
SIM3
SIM4
1
21
22
SIM5
SIM1
SIM2
SIM3
SIM4
1
21
22
SIM5
SIM1
SIM2
SIM3
SIM4
1
21
22
SIM5
SIM1
SIM2
SIM3
SIM4
1
21
22
SIM5
SIM1
SIM2
SIM3
SIM4
1
21
22
SIM5
SIM1
SIM2
SIM3
SIM4
1
21
22
SIM5
SIM1
SIM2
SIM3
SIM4
1
21
22
SIM5
SIM1
SIM2
SIM3
SIM4
1
21
22
SIM5
SIM1
SIM2
SIM3
SIM4
1
21
22
SIM5
SIM1
SIM2
SIM3
SIM4
1
21
22
SIM5
SIM1
SIM2
SIM3
SIM4
1
21
22
SIM5
SIM1
SIM2
SIM3
SIM4
1
21
22
SIM5
SIM1
SIM2
SIM3
SIM4
1
21
22
SIM5
SIM1
SIM2
SIM3
SIM4
1
21
22
SIM5
SIM1
SIM2
SIM3
SIM4
1
21
22
SIM5
SIM1
SIM2
SIM3
SIM4
1
21
22
SIM5
SIM1
SIM2
SIM3
SIM4
1
21
22
SIM5
SIM1
SIM2
SIM3
SIM4
1
21
22
SIM5
SIM1
SIM2
SIM3
SIM4
1
21
22
SIM5
SIM1
SIM2
SIM3
SIM4
1
21
22
SIM5
SIM1
SIM2
SIM3
SIM4
1
21
22
SIM5
SIM1
SIM2
SIM3
SIM4
1
21
22
SIM5
SIM1
SIM2
SIM3
SIM4
1
21
22
SIM5
SIM1
SIM2
SIM3
SIM4
1
21
22
SIM5
SIM1
SIM2
SIM3
SIM4
1
21
22
SIM5
SIM1
SIM2
SIM3
SIM4
1
21
22
SIM5
SIM1
SIM2
SIM3
SIM4
1
21
22
SIM5
SIM1
SIM2
SIM3
SIM4
1
21
22
SIM5
SIM1
SIM2
SIM3
SIM4
1
21
22
SIM5
SIM1
SIM2
SIM3
SIM4
1
21
22
SIM5
SIM1
SIM2
SIM3
SIM4
1
21
22
SIM5
SIM1
SIM2
SIM3
SIM4
1
21
22
SIM5
SIM1
SIM2
SIM3
SIM4
1
21
22
SIM5
SIM1
SIM2
SIM3
SIM4
1
21
22
SIM5
SIM1
SIM2
SIM3
SIM4
1
21
22
SIM5
SIM1
SIM2
SIM3
SIM4
1
21
22
SIM5
SIM1
SIM2
SIM3
SIM4
1
21
22
SIM5
SIM1
SIM2
SIM3
SIM4
1
21
22
SIM5
SIM1
SIM2
SIM3
SIM4
1
21
22
SIM5
SIM1
SIM2
SIM3
SIM4
1
21
22
SIM5
SIM1
SIM2
SIM3
SIM4
1
21
22
SIM5
SIM1
SIM2
SIM3
SIM4
1
21
22
SIM5
SIM1
SIM2
SIM3
SIM4
1
21
22
SIM5
SIM1
SIM2
SIM3
SIM4
1
21
22
SIM5
SIM1
SIM2
SIM3
SIM4
1
21
22
SIM5
SIM1
SIM2
SIM3
SIM4
1
21
22
SIM5
SIM1
SIM2
SIM3
SIM4
1
21
22
SIM5
SIM1
SIM2
SIM3
SIM4
1
21
22
SIM5
SIM1
SIM2
SIM3
SIM4
1
21
22
SIM5
SIM1
SIM2
SIM3
SIM4
1
21
22
SIM5
SIM1
SIM2
SIM3
SIM4
1
21
22
SIM5
SIM1
SIM2
SIM3
SIM4
1
21
22
SIM5
SIM1
SIM2
SIM3
SIM4
1
21
22
SIM5
SIM1
SIM2
SIM3
SIM4
1
21
22
SIM5
SIM1
SIM2
SIM3
SIM4
1
21
22
SIM5
SIM1
SIM2
SIM3
SIM4
1
21
22
SIM5
SIM1
SIM2
SIM3
SIM4
1
21
22
SIM5
SIM1
SIM2
SIM3
SIM4
1
21
22
SIM5
SIM1
SIM2
SIM3
SIM4
1
21
22
SIM5
SIM1
SIM2
SIM3
SIM4
1
21
22
SIM5
SIM1
SIM2
SIM3
SIM4
1
21
22
SIM5
SIM1
SIM2
SIM3
SIM4
1
21
22
SIM5
SIM1
SIM2
SIM3
SIM4
1
21
22
SIM5
SIM1
SIM2
SIM3
SIM4
1
21
22
SIM5
SIM1
SIM2
SIM3
SIM4
1
21
22
SIM5
SIM1
SIM2
SIM3
SIM4
1
21
22
SIM5
SIM1
SIM2
SIM3
SIM4
1
21
22
SIM5
SIM1
SIM2
SIM3
SIM4
1
21
22
SIM5
SIM1
SIM2
SIM3
SIM4
1
21
22
SIM5
SIM1
SIM2
SIM3
SIM4
1
21
22
SIM5
SIM1
SIM2
SIM3
SIM4
1
21
22
SIM5
SIM1
SIM2
SIM3
SIM4
1
21
22
SIM5
SIM1
SIM2
SIM3
SIM4
1
21
22
SIM5
SIM1
SIM2
SIM3
SIM4
1
21
22
SIM5
SIM1
SIM2
SIM3
SIM4
1
21
22
SIM5
SIM1
SIM2
SIM3
SIM4
1
21
22
SIM5
SIM1
SIM2
SIM3
SIM4
1
21
22
SIM5
SIM1
SIM2
SIM3
SIM4
1
21
22
SIM5
SIM1
SIM2
SIM3
SIM4
1
21
22
SIM5
SIM1
SIM2
SIM3
SIM4
1
21
22
SIM5
SIM1
SIM2
SIM3
SIM4
1
21
22
SIM5
SIM1
SIM2
SIM3
SIM4
1
21
22
SIM5
SIM1
SIM2
SIM3
SIM4
1
21
22
SIM5
SIM1
SIM2
SIM3
SIM4
1
21
22
SIM5
SIM1
SIM2
SIM3
SIM4
1
21
22
SIM5
SIM1
SIM2
SIM3
SIM4
1
21
22
SIM5
SIM1
SIM2
SIM3
SIM4
1
21
22
SIM5
SIM1
SIM2
SIM3
SIM4
1
21
22
SIM5
SIM1
SIM2
SIM3
SIM4
1
21
22
SIM5
SIM1
SIM2
SIM3
SIM4
1
21
22
SIM5
SIM1
SIM2
SIM3
SIM4
1
21
22
SIM5
SIM1
SIM2
SIM3
SIM4
1
21
22
SIM5
SIM1
SIM2
SIM3
SIM4
1
21
22
SIM5
SIM1
SIM2
SIM3
SIM4
1
21
22
SIM5
SIM1
SIM2
SIM3
SIM4
1
21
22
SIM5
SIM1
SIM2
SIM3
SIM4
1
21
22
SIM5
SIM1
SIM2
SIM3
SIM4
1
21
22
SIM5
SIM1
SIM2
SIM3
SIM4
1
21
22
SIM5
SIM1
SIM2
SIM3
SIM4
1
21
22
SIM5
SIM1
SIM2
SIM3
SIM4
1
21
22
SIM5
SIM1
SIM2
SIM3
SIM4
1
21
22
SIM5
SIM1
SIM2
SIM3
SIM4
1
21
22
SIM5
SIM1
SIM2
SIM3
SIM4
1
21
22
SIM5
SIM1
SIM2
SIM3
SIM4
1
21
22
SIM5
SIM1
SIM2
SIM3
SIM4
1
21
22
SIM5
SIM1
SIM2
SIM3
SIM4
1
21
22
SIM5
SIM1
SIM2
SIM3
SIM4
1
21
22
SIM5
SIM1
SIM2
SIM3
SIM4
1
21
22
SIM5
SIM1
SIM2
SIM3
SIM4
1
21
22
SIM5
SIM1
SIM2
SIM3
SIM4
1
21
22
SIM5
SIM1
SIM2
SIM3
SIM4
1
21
22
SIM5
SIM1
SIM2
SIM3
SIM4
1
21
22
SIM5
SIM1
SIM2
SIM3
SIM4
1
21
22
SIM5
SIM1
SIM2
SIM3
SIM4
1
21
22
SIM5
SIM1
SIM2
SIM3
SIM4
1
21
22
SIM5
SIM1
SIM2
SIM3
SIM4
1
21
22
SIM5
SIM1
SIM2
SIM3
SIM4
1
21
22
SIM5
SIM1
SIM2
SIM3
SIM4
1
21
22
SIM5
SIM1
SIM2
SIM3
SIM4
1
21
22
SIM5
SIM1
SIM2
SIM3
SIM4
1
21
22
SIM5
SIM1
SIM2
SIM3
SIM4
1
21
22
SIM5
SIM1
SIM2
SIM3
SIM4
1
21
22
SIM5
SIM1
SIM2
SIM3
SIM4
1
21
22
SIM5
SIM1
SIM2
SIM3
SIM4
1
21
22
SIM5
SIM1
SIM2
SIM3
SIM4
1
21
22
SIM5
SIM1
SIM2
SIM3
SIM4
1
21
22
SIM5
SIM1
SIM2
SIM3
SIM4
1
21
22
SIM5
SIM1
SIM2
SIM3
SIM4
1
21
22
SIM5
SIM1
SIM2
SIM3
SIM4
1
21
22
SIM5
SIM1
SIM2
SIM3
SIM4
1
21
22
SIM5
SIM1
SIM2
DEBUG 1 430
SIM1
SIM2
SIM3
SIM4
1
21
22
SIM5
SIM1
SIM2
SIM3
SIM4
1
21
22
SIM5
SIM1
SIM2
SIM3
SIM4
1
21
22
SIM5
SIM1
SIM2
SIM3
SIM4
1
21
22
SIM5
SIM1
SIM2
SIM3
SIM4
1
21
22
SIM5
SIM1
SIM2
SIM3
SIM4
1
21
22
SIM5
SIM1
SIM2
SIM3
SIM4
1
21
22
SIM5
SIM1
SIM2
SIM3
SIM4
1
21
22
SIM5
SIM1
SIM2
SIM3
SIM4
1
21
22
SIM5
SIM1
SIM2
SIM3
SIM4
1
21
22
SIM5
SIM1
SIM2
SIM3
SIM4
1
21
22
SIM5
SIM1
SIM2
SIM3
SIM4
1
21
22
SIM5
SIM1
SIM2
SIM3
SIM4
1
21
22
SIM5
SIM1
SIM2
SIM3
SIM4
1
21
22
SIM5
SIM1
SIM2
SIM3
SIM4
1
21
22
SIM5
SIM1
SIM2
SIM3
SIM4
1
21
22
SIM5
SIM1
SIM2
SIM3
SIM4
1
21
22
SIM5
SIM1
SIM2
SIM3
SIM4
1
21
22
SIM5
SIM1
SIM2
SIM3
SIM4
1
21
22
SIM5
SIM1
SIM2
SIM3
SIM4
1
21
22
SIM5
SIM1
SIM2
SIM3
SIM4
1
21
22
SIM5
SIM1
SIM2
SIM3
SIM4
1
21
22
SIM5
SIM1
SIM2
SIM3
SIM4
1
21
22
SIM5
SIM1
SIM2
SIM3
SIM4
1
21
22
SIM5
SIM1
SIM2
SIM3
SIM4
1
21
22
SIM5
SIM1
SIM2
SIM3
SIM4
1
21
22
SIM5
SIM1
SIM2
SIM3
SIM4
1
21
22
SIM5
SIM1
SIM2
SIM3
SIM4
1
21
22
SIM5
SIM1
SIM2
SIM3
SIM4
1
21
22
SIM5
SIM1
SIM2
SIM3
SIM4
1
21
22
SIM5
SIM1
SIM2
SIM3
SIM4
1
21
22
SIM5
SIM1
SIM2
SIM3
SIM4
1
21
22
SIM5
SIM1
SIM2
SIM3
SIM4
1
21
22
SIM5
SIM1
SIM2
SIM3
SIM4
1
21
22
SIM5
SIM1
SIM2
SIM3
SIM4
1
21
22
SIM5
SIM1
SIM2
SIM3
SIM4
1
21
22
SIM5
SIM1
SIM2
SIM3
SIM4
1
21
22
SIM5
SIM1
SIM2
SIM3
SIM4
1
21
22
SIM5
SIM1
SIM2
SIM3
SIM4
1
21
22
SIM5
SIM1
SIM2
SIM3
SIM4
1
21
22
SIM5
SIM1
SIM2
SIM3
SIM4
1
21
22
SIM5
SIM1
SIM2
SIM3
SIM4
1
21
22
SIM5
SIM1
SIM2
SIM3
SIM4
1
21
22
SIM5
SIM1
SIM2
SIM3
SIM4
1
21
22
SIM5
SIM1
SIM2
SIM3
SIM4
1
21
22
SIM5
SIM1
SIM2
SIM3
SIM4
1
21
22
SIM5
SIM1
SIM2
SIM3
SIM4
1
21
22
SIM5
SIM1
SIM2
SIM3
SIM4
1
21
22
SIM5
SIM1
SIM2
SIM3
SIM4
1
21
22
SIM5
SIM1
SIM2
SIM3
SIM4
1
21
22
SIM5
SIM1
SIM2
SIM3
SIM4
1
21
22
SIM5
SIM1
SIM2
SIM3
SIM4
1
21
22
SIM5
SIM1
SIM2
SIM3
SIM4
1
21
22
SIM5
SIM1
SIM2
SIM3
SIM4
1
21
22
SIM5
SIM1
SIM2
SIM3
SIM4
1
21
22
SIM5
SIM1
SIM2
SIM3
SIM4
1
21
22
SIM5
SIM1
SIM2
SIM3
SIM4
1
21
22
SIM5
SIM1
SIM2
SIM3
SIM4
1
21
22
SIM5
SIM1
SIM2
SIM3
SIM4
1
21
22
SIM5
SIM1
SIM2
SIM3
SIM4
1
21
22
SIM5
SIM1
SIM2
SIM3
SIM4
1
21
22
SIM5
SIM1
SIM2
SIM3
SIM4
1
21
22
SIM5
SIM1
SIM2
SIM3
SIM4
1
21
22
SIM5
SIM1
SIM2
SIM3
SIM4
1
21
22
SIM5
SIM1
SIM2
SIM3
SIM4
1
21
22
SIM5
SIM1
SIM2
SIM3
SIM4
1
21
22
SIM5
SIM1
SIM2
SIM3
SIM4
1
21
22
SIM5
SIM1
SIM2
SIM3
SIM4
1
21
22
SIM5
SIM1
SIM2
SIM3
SIM4
1
21
22
SIM5
SIM1
SIM2
SIM3
SIM4
1
21
22
SIM5
SIM1
SIM2
SIM3
SIM4
1
21
22
SIM5
SIM1
SIM2
SIM3
SIM4
1
21
22
SIM5
SIM1
SIM2
SIM3
SIM4
1
21
22
SIM5
SIM1
SIM2
SIM3
SIM4
1
21
22
SIM5
SIM1
SIM2
SIM3
SIM4
1
21
22
SIM5
SIM1
SIM2
SIM3
SIM4
1
21
22
SIM5
SIM1
SIM2
SIM3
SIM4
1
21
22
SIM5
SIM1
SIM2
SIM3
SIM4
1
21
22
SIM5
SIM1
SIM2
SIM3
SIM4
1
21
22
SIM5
SIM1
SIM2
SIM3
SIM4
1
21
22
SIM5
SIM1
SIM2
SIM3
SIM4
1
21
22
SIM5
SIM1
SIM2
SIM3
SIM4
1
21
22
SIM5
SIM1
SIM2
SIM3
SIM4
1
21
22
SIM5
SIM1
SIM2
SIM3
SIM4
1
21
22
SIM5
SIM1
SIM2
SIM3
SIM4
1
21
22
SIM5
SIM1
SIM2
SIM3
SIM4
1
21
22
SIM5
SIM1
SIM2
SIM3
SIM4
1
21
22
SIM5
SIM1
SIM2
SIM3
SIM4
1
21
22
SIM5
SIM1
SIM2
SIM3
SIM4
1
21
22
SIM5
SIM1
SIM2
SIM3
SIM4
1
21
22
SIM5
SIM1
SIM2
SIM3
SIM4
1
21
22
SIM5
SIM1
SIM2
SIM3
SIM4
1
21
22
SIM5
SIM1
SIM2
SIM3
SIM4
1
21
22
SIM5
SIM1
SIM2
SIM3
SIM4
1
21
22
SIM5
SIM1
SIM2
SIM3
SIM4
1
21
22
SIM5
SIM1
SIM2
SIM3
SIM4
1
21
22
SIM5
SIM1
SIM2
SIM3
SIM4
1
21
22
SIM5
SIM1
SIM2
SIM3
SIM4
1
21
22
SIM5
SIM1
SIM2
SIM3
SIM4
1
21
22
SIM5
SIM1
SIM2
SIM3
SIM4
1
21
22
SIM5
SIM1
SIM2
SIM3
SIM4
1
21
22
SIM5
SIM1
SIM2
SIM3
SIM4
1
21
22
SIM5
SIM1
SIM2
SIM3
SIM4
1
21
22
SIM5
SIM1
SIM2
SIM3
SIM4
1
21
22
SIM5
SIM1
SIM2
SIM3
SIM4
1
21
22
SIM5
SIM1
SIM2
SIM3
SIM4
1
21
22
SIM5
SIM1
SIM2
SIM3
SIM4
1
21
22
SIM5
SIM1
SIM2
SIM3
SIM4
1
21
22
SIM5
SIM1
SIM2
SIM3
SIM4
1
21
22
SIM5
SIM1
SIM2
SIM3
SIM4
1
21
22
SIM5
SIM1
SIM2
SIM3
SIM4
1
21
22
SIM5
SIM1
SIM2
SIM3
SIM4
1
21
22
SIM5
SIM1
SIM2
SIM3
SIM4
1
21
22
SIM5
SIM1
SIM2
SIM3
SIM4
1
21
22
SIM5
SIM1
SIM2
SIM3
SIM4
1
21
22
SIM5
SIM1
SIM2
SIM3
SIM4
1
21
22
SIM5
SIM1
SIM2
SIM3
SIM4
1
21
22
SIM5
SIM1
SIM2
SIM3
SIM4
1
21
22
SIM5
SIM1
SIM2
SIM3
SIM4
1
21
22
SIM5
SIM1
SIM2
SIM3
SIM4
1
21
22
SIM5
SIM1
SIM2
SIM3
SIM4
1
21
22
SIM5
SIM1
SIM2
SIM3
SIM4
1
21
22
SIM5
SIM1
SIM2
SIM3
SIM4
1
21
22
SIM5
SIM1
SIM2
SIM3
SIM4
1
21
22
SIM5
SIM1
SIM2
SIM3
SIM4
1
21
22
SIM5
SIM1
SIM2
SIM3
SIM4
1
21
22
SIM5
SIM1
SIM2
SIM3
SIM4
1
21
22
SIM5
SIM1
SIM2
SIM3
SIM4
1
21
22
SIM5
SIM1
SIM2
SIM3
SIM4
1
21
22
SIM5
SIM1
SIM2
SIM3
SIM4
1
21
22
SIM5
SIM1
SIM2
SIM3
SIM4
1
21
22
SIM5
SIM1
SIM2
SIM3
SIM4
1
21
22
SIM5
SIM1
SIM2
SIM3
SIM4
1
21
22
SIM5
SIM1
SIM2
SIM3
SIM4
1
21
22
SIM5
SIM1
SIM2
SIM3
SIM4
1
21
22
SIM5
SIM1
SIM2
SIM3
SIM4
1
21
22
SIM5
SIM1
SIM2
SIM3
SIM4
1
21
22
SIM5
SIM1
SIM2
SIM3
SIM4
1
21
22
SIM5
SIM1
SIM2
SIM3
SIM4
1
21
22
SIM5
SIM1
SIM2
SIM3
SIM4
1
21
22
SIM5
SIM1
SIM2
SIM3
SIM4
1
21
22
SIM5
SIM1
SIM2
SIM3
SIM4
1
21
22
SIM5
SIM1
SIM2
SIM3
SIM4
1
21
22
SIM5
SIM1
SIM2
SIM3
SIM4
1
21
22
SIM5
SIM1
SIM2
SIM3
SIM4
1
21
22
SIM5
SIM1
SIM2
SIM3
SIM4
1
21
22
SIM5
SIM1
SIM2
SIM3
SIM4
1
21
22
SIM5
SIM1
SIM2
SIM3
SIM4
1
21
22
SIM5
SIM1
SIM2
SIM3
SIM4
1
21
22
SIM5
SIM1
SIM2
SIM3
SIM4
1
21
22
SIM5
SIM1
SIM2
SIM3
SIM4
1
21
22
SIM5
SIM1
SIM2
SIM3
SIM4
1
21
22
SIM5
SIM1
SIM2
SIM3
SIM4
1
21
22
SIM5
SIM1
SIM2
SIM3
SIM4
1
21
22
SIM5
SIM1
SIM2
SIM3
SIM4
1
21
22
SIM5
SIM1
SIM2
SIM3
SIM4
1
21
22
SIM5
SIM1
SIM2
SIM3
SIM4
1
21
22
SIM5
SIM1
SIM2
SIM3
SIM4
1
21
22
SIM5
SIM1
SIM2
SIM3
SIM4
1
21
22
SIM5
SIM1
SIM2
SIM3
SIM4
1
21
22
SIM5
SIM1
SIM2
SIM3
SIM4
1
21
22
SIM5
SIM1
SIM2
SIM3
SIM4
1
21
22
SIM5
SIM1
SIM2
SIM3
SIM4
1
21
22
SIM5
SIM1
SIM2
SIM3
SIM4
1
21
22
SIM5
SIM1
SIM2
SIM3
SIM4
1
21
22
SIM5
SIM1
SIM2
SIM3
SIM4
1
21
22
SIM5
SIM1
SIM2
SIM3
SIM4
1
21
22
SIM5
SIM1
SIM2
SIM3
SIM4
1
21
22
SIM5
SIM1
SIM2
SIM3
SIM4
1
21
22
SIM5
SIM1
SIM2
SIM3
SIM4
1
21
22
SIM5
SIM1
SIM2
SIM3
SIM4
1
21
22
SIM5
SIM1
SIM2
SIM3
SIM4
1
21
22
SIM5
SIM1
SIM2
SIM3
SIM4
1
21
22
SIM5
SIM1
SIM2
SIM3
SIM4
1
21
22
SIM5
SIM1
SIM2
SIM3
SIM4
1
21
22
SIM5
SIM1
SIM2
SIM3
SIM4
1
21
22
SIM5
SIM1
SIM2
SIM3
SIM4
1
21
22
SIM5
SIM1
SIM2
SIM3
SIM4
1
21
22
SIM5
SIM1
SIM2
SIM3
SIM4
1
21
22
SIM5
SIM1
SIM2
SIM3
SIM4
1
21
22
SIM5
SIM1
SIM2
SIM3
SIM4
1
21
22
SIM5
SIM1
SIM2
SIM3
SIM4
1
21
22
SIM5
SIM1
SIM2
SIM3
SIM4
1
21
22
SIM5
SIM1
SIM2
SIM3
SIM4
1
21
22
SIM5
SIM1
SIM2
SIM3
SIM4
1
21
22
SIM5
SIM1
SIM2
SIM3
SIM4
1
21
22
SIM5
SIM1
SIM2
SIM3
SIM4
1
21
22
SIM5
SIM1
SIM2
SIM3
SIM4
1
21
22
SIM5
SIM1
SIM2
SIM3
SIM4
1
21
22
SIM5
SIM1
SIM2
SIM3
SIM4
1
21
22
SIM5
SIM1
SIM2
SIM3
SIM4
1
21
22
SIM5
SIM1
SIM2
SIM3
SIM4
1
21
22
SIM5
SIM1
SIM2
SIM3
SIM4
1
21
22
SIM5
SIM1
SIM2
SIM3
SIM4
1
21
22
SIM5
SIM1
SIM2
SIM3
SIM4
1
21
22
SIM5
SIM1
SIM2
SIM3
SIM4
1
21
22
SIM5
SIM1
SIM2
SIM3
SIM4
1
21
22
SIM5
SIM1
SIM2
SIM3
SIM4
1
21
22
SIM5
SIM1
SIM2
SIM3
SIM4
1
21
22
SIM5
SIM1
SIM2
SIM3
SIM4
1
21
22
SIM5
SIM1
SIM2
SIM3
SIM4
1
21
22
SIM5
SIM1
SIM2
SIM3
SIM4
1
21
22
SIM5
SIM1
SIM2
SIM3
SIM4
1
21
22
SIM5
SIM1
SIM2
SIM3
SIM4
1
21
22
SIM5
SIM1
SIM2
SIM3
SIM4
1
21
22
SIM5
SIM1
SIM2
SIM3
SIM4
1
21
22
SIM5
SIM1
SIM2
SIM3
SIM4
1
21
22
SIM5
SIM1
SIM2
SIM3
SIM4
1
21
22
SIM5
SIM1
SIM2
SIM3
SIM4
1
21
22
SIM5
SIM1
SIM2
SIM3
SIM4
1
21
22
SIM5
SIM1
SIM2
SIM3
SIM4
1
21
22
SIM5
SIM1
SIM2
SIM3
SIM4
1
21
22
SIM5
SIM1
SIM2
SIM3
SIM4
1
21
22
SIM5
SIM1
SIM2
SIM3
SIM4
1
21
22
SIM5
SIM1
SIM2
SIM3
SIM4
1
21
22
SIM5
SIM1
SIM2
DEBUG 1 431
SIM1
SIM2
SIM3
SIM4
1
21
22
SIM5
SIM1
SIM2
SIM3
SIM4
1
21
22
SIM5
SIM1
SIM2
SIM3
SIM4
1
21
22
SIM5
SIM1
SIM2
SIM3
SIM4
1
21
22
SIM5
SIM1
SIM2
SIM3
SIM4
1
21
22
SIM5
SIM1
SIM2
SIM3
SIM4
1
21
22
SIM5
SIM1
SIM2
SIM3
SIM4
1
21
22
SIM5
SIM1
SIM2
SIM3
SIM4
1
21
22
SIM5
SIM1
SIM2
SIM3
SIM4
1
21
22
SIM5
SIM1
SIM2
SIM3
SIM4
1
21
22
SIM5
SIM1
SIM2
SIM3
SIM4
1
21
22
SIM5
SIM1
SIM2
SIM3
SIM4
1
21
22
SIM5
SIM1
SIM2
SIM3
SIM4
1
21
22
SIM5
SIM1
SIM2
SIM3
SIM4
1
21
22
SIM5
SIM1
SIM2
SIM3
SIM4
1
21
22
SIM5
SIM1
SIM2
SIM3
SIM4
1
21
22
SIM5
SIM1
SIM2
SIM3
SIM4
1
21
22
SIM5
SIM1
SIM2
SIM3
SIM4
1
21
22
SIM5
SIM1
SIM2
SIM3
SIM4
1
21
22
SIM5
SIM1
SIM2
SIM3
SIM4
1
21
22
SIM5
SIM1
SIM2
SIM3
SIM4
1
21
22
SIM5
SIM1
SIM2
SIM3
SIM4
1
21
22
SIM5
SIM1
SIM2
SIM3
SIM4
1
21
22
SIM5
SIM1
SIM2
SIM3
SIM4
1
21
22
SIM5
SIM1
SIM2
SIM3
SIM4
1
21
22
SIM5
SIM1
SIM2
SIM3
SIM4
1
21
22
SIM5
SIM1
SIM2
SIM3
SIM4
1
21
22
SIM5
SIM1
SIM2
SIM3
SIM4
1
21
22
SIM5
SIM1
SIM2
SIM3
SIM4
1
21
22
SIM5
SIM1
SIM2
SIM3
SIM4
1
21
22
SIM5
SIM1
SIM2
SIM3
SIM4
1
21
22
SIM5
SIM1
SIM2
SIM3
SIM4
1
21
22
SIM5
SIM1
SIM2
SIM3
SIM4
1
21
22
SIM5
SIM1
SIM2
SIM3
SIM4
1
21
22
SIM5
SIM1
SIM2
SIM3
SIM4
1
21
22
SIM5
SIM1
SIM2
SIM3
SIM4
1
21
22
SIM5
SIM1
SIM2
SIM3
SIM4
1
21
22
SIM5
SIM1
SIM2
SIM3
SIM4
1
21
22
SIM5
SIM1
SIM2
SIM3
SIM4
1
21
22
SIM5
SIM1
SIM2
SIM3
SIM4
1
21
22
SIM5
SIM1
SIM2
SIM3
SIM4
1
21
22
SIM5
SIM1
SIM2
SIM3
SIM4
1
21
22
SIM5
SIM1
SIM2
SIM3
SIM4
1
21
22
SIM5
SIM1
SIM2
SIM3
SIM4
1
21
22
SIM5
SIM1
SIM2
SIM3
SIM4
1
21
22
SIM5
SIM1
SIM2
SIM3
SIM4
1
21
22
SIM5
SIM1
SIM2
SIM3
SIM4
1
21
22
SIM5
SIM1
SIM2
SIM3
SIM4
1
21
22
SIM5
SIM1
SIM2
SIM3
SIM4
1
21
22
SIM5
SIM1
SIM2
SIM3
SIM4
1
21
22
SIM5
SIM1
SIM2
SIM3
SIM4
1
21
22
SIM5
SIM1
SIM2
SIM3
SIM4
1
21
22
SIM5
SIM1
SIM2
SIM3
SIM4
1
21
22
SIM5
SIM1
SIM2
SIM3
SIM4
1
21
22
SIM5
SIM1
SIM2
SIM3
SIM4
1
21
22
SIM5
SIM1
SIM2
SIM3
SIM4
1
21
22
SIM5
SIM1
SIM2
SIM3
SIM4
1
21
22
SIM5
SIM1
SIM2
SIM3
SIM4
1
21
22
SIM5
SIM1
SIM2
SIM3
SIM4
1
21
22
SIM5
SIM1
SIM2
SIM3
SIM4
1
21
22
SIM5
SIM1
SIM2
SIM3
SIM4
1
21
22
SIM5
SIM1
SIM2
SIM3
SIM4
1
21
22
SIM5
SIM1
SIM2
SIM3
SIM4
1
21
22
SIM5
SIM1
SIM2
SIM3
SIM4
1
21
22
SIM5
SIM1
SIM2
SIM3
SIM4
1
21
22
SIM5
SIM1
SIM2
SIM3
SIM4
1
21
22
SIM5
SIM1
SIM2
SIM3
SIM4
1
21
22
SIM5
SIM1
SIM2
SIM3
SIM4
1
21
22
SIM5
SIM1
SIM2
SIM3
SIM4
1
21
22
SIM5
SIM1
SIM2
SIM3
SIM4
1
21
22
SIM5
SIM1
SIM2
SIM3
SIM4
1
21
22
SIM5
SIM1
SIM2
SIM3
SIM4
1
21
22
SIM5
SIM1
SIM2
SIM3
SIM4
1
21
22
SIM5
SIM1
SIM2
SIM3
SIM4
1
21
22
SIM5
SIM1
SIM2
SIM3
SIM4
1
21
22
SIM5
SIM1
SIM2
SIM3
SIM4
1
21
22
SIM5
SIM1
SIM2
SIM3
SIM4
1
21
22
SIM5
SIM1
SIM2
SIM3
SIM4
1
21
22
SIM5
SIM1
SIM2
SIM3
SIM4
1
21
22
SIM5
SIM1
SIM2
SIM3
SIM4
1
21
22
SIM5
SIM1
SIM2
SIM3
SIM4
1
21
22
SIM5
SIM1
SIM2
SIM3
SIM4
1
21
22
SIM5
SIM1
SIM2
SIM3
SIM4
1
21
22
SIM5
SIM1
SIM2
SIM3
SIM4
1
21
22
SIM5
SIM1
SIM2
SIM3
SIM4
1
21
22
SIM5
SIM1
SIM2
SIM3
SIM4
1
21
22
SIM5
SIM1
SIM2
SIM3
SIM4
1
21
22
SIM5
SIM1
SIM2
SIM3
SIM4
1
21
22
SIM5
SIM1
SIM2
SIM3
SIM4
1
21
22
SIM5
SIM1
SIM2
SIM3
SIM4
1
21
22
SIM5
SIM1
SIM2
SIM3
SIM4
1
21
22
SIM5
SIM1
SIM2
SIM3
SIM4
1
21
22
SIM5
SIM1
SIM2
SIM3
SIM4
1
21
22
SIM5
SIM1
SIM2
SIM3
SIM4
1
21
22
SIM5
SIM1
SIM2
SIM3
SIM4
1
21
22
SIM5
SIM1
SIM2
SIM3
SIM4
1
21
22
SIM5
SIM1
SIM2
SIM3
SIM4
1
21
22
SIM5
SIM1
SIM2
SIM3
SIM4
1
21
22
SIM5
SIM1
SIM2
SIM3
SIM4
1
21
22
SIM5
SIM1
SIM2
SIM3
SIM4
1
21
22
SIM5
SIM1
SIM2
SIM3
SIM4
1
21
22
SIM5
SIM1
SIM2
SIM3
SIM4
1
21
22
SIM5
SIM1
SIM2
SIM3
SIM4
1
21
22
SIM5
SIM1
SIM2
SIM3
SIM4
1
21
22
SIM5
SIM1
SIM2
SIM3
SIM4
1
21
22
SIM5
SIM1
SIM2
SIM3
SIM4
1
21
22
SIM5
SIM1
SIM2
SIM3
SIM4
1
21
22
SIM5
SIM1
SIM2
SIM3
SIM4
1
21
22
SIM5
SIM1
SIM2
SIM3
SIM4
1
21
22
SIM5
SIM1
SIM2
SIM3
SIM4
1
21
22
SIM5
SIM1
SIM2
SIM3
SIM4
1
21
22
SIM5
SIM1
SIM2
SIM3
SIM4
1
21
22
SIM5
SIM1
SIM2
SIM3
SIM4
1
21
22
SIM5
SIM1
SIM2
SIM3
SIM4
1
21
22
SIM5
SIM1
SIM2
SIM3
SIM4
1
21
22
SIM5
SIM1
SIM2
SIM3
SIM4
1
21
22
SIM5
SIM1
SIM2
SIM3
SIM4
1
21
22
SIM5
SIM1
SIM2
SIM3
SIM4
1
21
22
SIM5
SIM1
SIM2
SIM3
SIM4
1
21
22
SIM5
SIM1
SIM2
SIM3
SIM4
1
21
22
SIM5
SIM1
SIM2
SIM3
SIM4
1
21
22
SIM5
SIM1
SIM2
SIM3
SIM4
1
21
22
SIM5
SIM1
SIM2
SIM3
SIM4
1
21
22
SIM5
SIM1
SIM2
SIM3
SIM4
1
21
22
SIM5
SIM1
SIM2
SIM3
SIM4
1
21
22
SIM5
SIM1
SIM2
SIM3
SIM4
1
21
22
SIM5
SIM1
SIM2
SIM3
SIM4
1
21
22
SIM5
SIM1
SIM2
SIM3
SIM4
1
21
22
SIM5
SIM1
SIM2
SIM3
SIM4
1
21
22
SIM5
SIM1
SIM2
SIM3
SIM4
1
21
22
SIM5
SIM1
SIM2
SIM3
SIM4
1
21
22
SIM5
SIM1
SIM2
SIM3
SIM4
1
21
22
SIM5
SIM1
SIM2
SIM3
SIM4
1
21
22
SIM5
SIM1
SIM2
SIM3
SIM4
1
21
22
SIM5
SIM1
SIM2
SIM3
SIM4
1
21
22
SIM5
SIM1
SIM2
SIM3
SIM4
1
21
22
SIM5
SIM1
SIM2
SIM3
SIM4
1
21
22
SIM5
SIM1
SIM2
SIM3
SIM4
1
21
22
SIM5
SIM1
SIM2
SIM3
SIM4
1
21
22
SIM5
SIM1
SIM2
SIM3
SIM4
1
21
22
SIM5
SIM1
SIM2
SIM3
SIM4
1
21
22
SIM5
SIM1
SIM2
SIM3
SIM4
1
21
22
SIM5
SIM1
SIM2
SIM3
SIM4
1
21
22
SIM5
SIM1
SIM2
SIM3
SIM4
1
21
22
SIM5
SIM1
SIM2
SIM3
SIM4
1
21
22
SIM5
SIM1
SIM2
SIM3
SIM4
1
21
22
SIM5
SIM1
SIM2
SIM3
SIM4
1
21
22
SIM5
SIM1
SIM2
SIM3
SIM4
1
21
22
SIM5
SIM1
SIM2
SIM3
SIM4
1
21
22
SIM5
SIM1
SIM2
SIM3
SIM4
1
21
22
SIM5
SIM1
SIM2
SIM3
SIM4
1
21
22
SIM5
SIM1
SIM2
SIM3
SIM4
1
21
22
SIM5
SIM1
SIM2
SIM3
SIM4
1
21
22
SIM5
SIM1
SIM2
SIM3
SIM4
1
21
22
SIM5
SIM1
SIM2
SIM3
SIM4
1
21
22
SIM5
SIM1
SIM2
SIM3
SIM4
1
21
22
SIM5
SIM1
SIM2
SIM3
SIM4
1
21
22
SIM5
SIM1
SIM2
SIM3
SIM4
1
21
22
SIM5
SIM1
SIM2
SIM3
SIM4
1
21
22
SIM5
SIM1
SIM2
SIM3
SIM4
1
21
22
SIM5
SIM1
SIM2
SIM3
SIM4
1
21
22
SIM5
SIM1
SIM2
SIM3
SIM4
1
21
22
SIM5
SIM1
SIM2
SIM3
SIM4
1
21
22
SIM5
SIM1
SIM2
SIM3
SIM4
1
21
22
SIM5
SIM1
SIM2
SIM3
SIM4
1
21
22
SIM5
SIM1
SIM2
SIM3
SIM4
1
21
22
SIM5
SIM1
SIM2
SIM3
SIM4
1
21
22
SIM5
SIM1
SIM2
SIM3
SIM4
1
21
22
SIM5
SIM1
SIM2
SIM3
SIM4
1
21
22
SIM5
SIM1
SIM2
SIM3
SIM4
1
21
22
SIM5
SIM1
SIM2
SIM3
SIM4
1
21
22
SIM5
SIM1
SIM2
SIM3
SIM4
1
21
22
SIM5
SIM1
SIM2
SIM3
SIM4
1
21
22
SIM5
SIM1
SIM2
SIM3
SIM4
1
21
22
SIM5
SIM1
SIM2
SIM3
SIM4
1
21
22
SIM5
SIM1
SIM2
SIM3
SIM4
1
21
22
SIM5
SIM1
SIM2
SIM3
SIM4
1
21
22
SIM5
SIM1
SIM2
SIM3
SIM4
1
21
22
SIM5
SIM1
SIM2
SIM3
SIM4
1
21
22
SIM5
SIM1
SIM2
SIM3
SIM4
1
21
22
SIM5
SIM1
SIM2
SIM3
SIM4
1
21
22
SIM5
SIM1
SIM2
SIM3
SIM4
1
21
22
SIM5
SIM1
SIM2
SIM3
SIM4
1
21
22
SIM5
SIM1
SIM2
SIM3
SIM4
1
21
22
SIM5
SIM1
SIM2
SIM3
SIM4
1
21
22
SIM5
SIM1
SIM2
SIM3
SIM4
1
21
22
SIM5
SIM1
SIM2
SIM3
SIM4
1
21
22
SIM5
SIM1
SIM2
SIM3
SIM4
1
21
22
SIM5
SIM1
SIM2
SIM3
SIM4
1
21
22
SIM5
SIM1
SIM2
SIM3
SIM4
1
21
22
SIM5
SIM1
SIM2
SIM3
SIM4
1
21
22
SIM5
SIM1
SIM2
SIM3
SIM4
1
21
22
SIM5
SIM1
SIM2
SIM3
SIM4
1
21
22
SIM5
SIM1
SIM2
SIM3
SIM4
1
21
22
SIM5
SIM1
SIM2
SIM3
SIM4
1
21
22
SIM5
SIM1
SIM2
SIM3
SIM4
1
21
22
SIM5
SIM1
SIM2
SIM3
SIM4
1
21
22
SIM5
SIM1
SIM2
SIM3
SIM4
1
21
22
SIM5
SIM1
SIM2
SIM3
SIM4
1
21
22
SIM5
SIM1
SIM2
SIM3
SIM4
1
21
22
SIM5
SIM1
SIM2
SIM3
SIM4
1
21
22
SIM5
SIM1
SIM2
SIM3
SIM4
1
21
22
SIM5
SIM1
SIM2
SIM3
SIM4
1
21
22
SIM5
SIM1
SIM2
SIM3
SIM4
1
21
22
SIM5
SIM1
SIM2
SIM3
SIM4
1
21
22
SIM5
SIM1
SIM2
SIM3
SIM4
1
21
22
SIM5
SIM1
SIM2
SIM3
SIM4
1
21
22
SIM5
SIM1
SIM2
SIM3
SIM4
1
21
22
SIM5
SIM1
SIM2
SIM3
SIM4
1
21
22
SIM5
SIM1
SIM2
SIM3
SIM4
1
21
22
SIM5
SIM1
SIM2
SIM3
SIM4
1
21
22
SIM5
SIM1
SIM2
SIM3
SIM4
1
21
22
SIM5
SIM1
SIM2
SIM3
SIM4
1
21
22
SIM5
SIM1
SIM2
SIM3
SIM4
1
21
22
SIM5
SIM1
SIM2
SIM3
SIM4
1
21
22
SIM5
SIM1
SIM2
SIM3
SIM4
1
21
22
SIM5
SIM1
SIM2
SIM3
SIM4
1
21
22
SIM5
SIM1
SIM2
SIM3
SIM4
1
21
22
SIM5
SIM1
SIM2
SIM3
SIM4
1
21
22
SIM5
SIM1
SIM2
SIM3
SIM4
1
21
22
SIM5
SIM1
SIM2
SIM3
SIM4
1
21
22
SIM5
SIM1
SIM2
SIM3
SIM4
1
21
22
SIM5
SIM1
SIM2
SIM3
SIM4
1
21
22
SIM5
SIM1
SIM2
SIM3
SIM4
1
21
22
SIM5
SIM1
SIM2
SIM3
SIM4
1
21
22
SIM5
SIM1
SIM2
SIM3
SIM4
1
21
22
SIM5
SIM1
SIM2
SIM3
SIM4
1
21
22
SIM5
SIM1
SIM2
SIM3
SIM4
1
21
22
SIM5
SIM1
SIM2
SIM3
SIM4
1
21
22
SIM5
SIM1
SIM2
SIM3
SIM4
1
21
22
SIM5
SIM1
SIM2
SIM3
SIM4
1
21
22
SIM5
SIM1
SIM2
SIM3
SIM4
1
21
22
SIM5
SIM1
SIM2
SIM3
SIM4
1
21
22
SIM5
SIM1
SIM2
SIM3
SIM4
1
21
22
SIM5
SIM1
SIM2
SIM3
SIM4
1
21
22
SIM5
SIM1
SIM2
SIM3
SIM4
1
21
22
SIM5
SIM1
SIM2
SIM3
SIM4
1
21
22
SIM5
SIM1
SIM2
SIM3
SIM4
1
21
22
SIM5
SIM1
SIM2
SIM3
SIM4
1
21
22
SIM5
SIM1
SIM2
SIM3
SIM4
1
21
22
SIM5
SIM1
SIM2
SIM3
SIM4
1
21
22
SIM5
SIM1
SIM2
SIM3
SIM4
1
21
22
SIM5
SIM1
SIM2
SIM3
SIM4
1
21
22
SIM5
SIM1
SIM2
SIM3
SIM4
1
21
22
SIM5
SIM1
SIM2
SIM3
SIM4
1
21
22
SIM5
SIM1
SIM2
SIM3
SIM4
1
21
22
SIM5
SIM1
SIM2
SIM3
SIM4
1
21
22
SIM5
SIM1
SIM2
SIM3
SIM4
1
21
22
SIM5
SIM1
SIM2
SIM3
SIM4
1
21
22
SIM5
SIM1
SIM2
SIM3
SIM4
1
21
22
SIM5
SIM1
SIM2
SIM3
SIM4
1
21
22
SIM5
SIM1
SIM2
SIM3
SIM4
1
21
22
SIM5
SIM1
SIM2
SIM3
SIM4
1
21
22
SIM5
SIM1
SIM2
SIM3
SIM4
1
21
22
SIM5
SIM1
SIM2
SIM3
SIM4
1
21
22
SIM5
SIM1
SIM2
SIM3
SIM4
1
21
22
SIM5
SIM1
SIM2
SIM3
SIM4
1
21
22
SIM5
SIM1
SIM2
DEBUG 1 432
SIM1
SIM2
SIM3
SIM4
1
21
22
SIM5
SIM1
SIM2
SIM3
SIM4
1
21
22
SIM5
SIM1
SIM2
SIM3
SIM4
1
21
22
SIM5
SIM1
SIM2
SIM3
SIM4
1
21
22
SIM5
SIM1
SIM2
SIM3
SIM4
1
21
22
SIM5
SIM1
SIM2
SIM3
SIM4
1
21
22
SIM5
SIM1
SIM2
SIM3
SIM4
1
21
22
SIM5
SIM1
SIM2
SIM3
SIM4
1
21
22
SIM5
SIM1
SIM2
SIM3
SIM4
1
21
22
SIM5
SIM1
SIM2
SIM3
SIM4
1
21
22
SIM5
SIM1
SIM2
SIM3
SIM4
1
21
22
SIM5
SIM1
SIM2
SIM3
SIM4
1
21
22
SIM5
SIM1
SIM2
SIM3
SIM4
1
21
22
SIM5
SIM1
SIM2
SIM3
SIM4
1
21
22
SIM5
SIM1
SIM2
SIM3
SIM4
1
21
22
SIM5
SIM1
SIM2
SIM3
SIM4
1
21
22
SIM5
SIM1
SIM2
SIM3
SIM4
1
21
22
SIM5
SIM1
SIM2
SIM3
SIM4
1
21
22
SIM5
SIM1
SIM2
SIM3
SIM4
1
21
22
SIM5
SIM1
SIM2
SIM3
SIM4
1
21
22
SIM5
SIM1
SIM2
SIM3
SIM4
1
21
22
SIM5
SIM1
SIM2
SIM3
SIM4
1
21
22
SIM5
SIM1
SIM2
SIM3
SIM4
1
21
22
SIM5
SIM1
SIM2
SIM3
SIM4
1
21
22
SIM5
SIM1
SIM2
SIM3
SIM4
1
21
22
SIM5
SIM1
SIM2
SIM3
SIM4
1
21
22
SIM5
SIM1
SIM2
SIM3
SIM4
1
21
22
SIM5
SIM1
SIM2
SIM3
SIM4
1
21
22
SIM5
SIM1
SIM2
SIM3
SIM4
1
21
22
SIM5
SIM1
SIM2
SIM3
SIM4
1
21
22
SIM5
SIM1
SIM2
SIM3
SIM4
1
21
22
SIM5
SIM1
SIM2
SIM3
SIM4
1
21
22
SIM5
SIM1
SIM2
SIM3
SIM4
1
21
22
SIM5
SIM1
SIM2
SIM3
SIM4
1
21
22
SIM5
SIM1
SIM2
SIM3
SIM4
1
21
22
SIM5
SIM1
SIM2
SIM3
SIM4
1
21
22
SIM5
SIM1
SIM2
SIM3
SIM4
1
21
22
SIM5
SIM1
SIM2
SIM3
SIM4
1
21
22
SIM5
SIM1
SIM2
SIM3
SIM4
1
21
22
SIM5
SIM1
SIM2
SIM3
SIM4
1
21
22
SIM5
SIM1
SIM2
SIM3
SIM4
1
21
22
SIM5
SIM1
SIM2
SIM3
SIM4
1
21
22
SIM5
SIM1
SIM2
SIM3
SIM4
1
21
22
SIM5
SIM1
SIM2
SIM3
SIM4
1
21
22
SIM5
SIM1
SIM2
SIM3
SIM4
1
21
22
SIM5
SIM1
SIM2
SIM3
SIM4
1
21
22
SIM5
SIM1
SIM2
SIM3
SIM4
1
21
22
SIM5
SIM1
SIM2
SIM3
SIM4
1
21
22
SIM5
SIM1
SIM2
SIM3
SIM4
1
21
22
SIM5
SIM1
SIM2
SIM3
SIM4
1
21
22
SIM5
SIM1
SIM2
SIM3
SIM4
1
21
22
SIM5
SIM1
SIM2
SIM3
SIM4
1
21
22
SIM5
SIM1
SIM2
SIM3
SIM4
1
21
22
SIM5
SIM1
SIM2
SIM3
SIM4
1
21
22
SIM5
SIM1
SIM2
SIM3
SIM4
1
21
22
SIM5
SIM1
SIM2
SIM3
SIM4
1
21
22
SIM5
SIM1
SIM2
SIM3
SIM4
1
21
22
SIM5
SIM1
SIM2
SIM3
SIM4
1
21
22
SIM5
SIM1
SIM2
SIM3
SIM4
1
21
22
SIM5
SIM1
SIM2
SIM3
SIM4
1
21
22
SIM5
SIM1
SIM2
SIM3
SIM4
1
21
22
SIM5
SIM1
SIM2
SIM3
SIM4
1
21
22
SIM5
SIM1
SIM2
SIM3
SIM4
1
21
22
SIM5
SIM1
SIM2
SIM3
SIM4
1
21
22
SIM5
SIM1
SIM2
SIM3
SIM4
1
21
22
SIM5
SIM1
SIM2
SIM3
SIM4
1
21
22
SIM5
SIM1
SIM2
SIM3
SIM4
1
21
22
SIM5
SIM1
SIM2
SIM3
SIM4
1
21
22
SIM5
SIM1
SIM2
SIM3
SIM4
1
21
22
SIM5
SIM1
SIM2
SIM3
SIM4
1
21
22
SIM5
SIM1
SIM2
SIM3
SIM4
1
21
22
SIM5
SIM1
SIM2
SIM3
SIM4
1
21
22
SIM5
SIM1
SIM2
SIM3
SIM4
1
21
22
SIM5
SIM1
SIM2
SIM3
SIM4
1
21
22
SIM5
SIM1
SIM2
SIM3
SIM4
1
21
22
SIM5
SIM1
SIM2
SIM3
SIM4
1
21
22
SIM5
SIM1
SIM2
SIM3
SIM4
1
21
22
SIM5
SIM1
SIM2
SIM3
SIM4
1
21
22
SIM5
SIM1
SIM2
SIM3
SIM4
1
21
22
SIM5
SIM1
SIM2
SIM3
SIM4
1
21
22
SIM5
SIM1
SIM2
SIM3
SIM4
1
21
22
SIM5
SIM1
SIM2
SIM3
SIM4
1
21
22
SIM5
SIM1
SIM2
SIM3
SIM4
1
21
22
SIM5
SIM1
SIM2
SIM3
SIM4
1
21
22
SIM5
SIM1
SIM2
SIM3
SIM4
1
21
22
SIM5
SIM1
SIM2
SIM3
SIM4
1
21
22
SIM5
SIM1
SIM2
SIM3
SIM4
1
21
22
SIM5
SIM1
SIM2
SIM3
SIM4
1
21
22
SIM5
SIM1
SIM2
SIM3
SIM4
1
21
22
SIM5
SIM1
SIM2
SIM3
SIM4
1
21
22
SIM5
SIM1
SIM2
SIM3
SIM4
1
21
22
SIM5
SIM1
SIM2
SIM3
SIM4
1
21
22
SIM5
SIM1
SIM2
SIM3
SIM4
1
21
22
SIM5
SIM1
SIM2
SIM3
SIM4
1
21
22
SIM5
SIM1
SIM2
SIM3
SIM4
1
21
22
SIM5
SIM1
SIM2
SIM3
SIM4
1
21
22
SIM5
SIM1
SIM2
SIM3
SIM4
1
21
22
SIM5
SIM1
SIM2
SIM3
SIM4
1
21
22
SIM5
SIM1
SIM2
SIM3
SIM4
1
21
22
SIM5
SIM1
SIM2
SIM3
SIM4
1
21
22
SIM5
SIM1
SIM2
SIM3
SIM4
1
21
22
SIM5
SIM1
SIM2
SIM3
SIM4
1
21
22
SIM5
SIM1
SIM2
SIM3
SIM4
1
21
22
SIM5
SIM1
SIM2
SIM3
SIM4
1
21
22
SIM5
SIM1
SIM2
SIM3
SIM4
1
21
22
SIM5
SIM1
SIM2
SIM3
SIM4
1
21
22
SIM5
SIM1
SIM2
SIM3
SIM4
1
21
22
SIM5
SIM1
SIM2
SIM3
SIM4
1
21
22
SIM5
SIM1
SIM2
SIM3
SIM4
1
21
22
SIM5
SIM1
SIM2
SIM3
SIM4
1
21
22
SIM5
SIM1
SIM2
SIM3
SIM4
1
21
22
SIM5
SIM1
SIM2
SIM3
SIM4
1
21
22
SIM5
SIM1
SIM2
SIM3
SIM4
1
21
22
SIM5
SIM1
SIM2
SIM3
SIM4
1
21
22
SIM5
SIM1
SIM2
SIM3
SIM4
1
21
22
SIM5
SIM1
SIM2
SIM3
SIM4
1
21
22
SIM5
SIM1
SIM2
SIM3
SIM4
1
21
22
SIM5
SIM1
SIM2
SIM3
SIM4
1
21
22
SIM5
SIM1
SIM2
SIM3
SIM4
1
21
22
SIM5
SIM1
SIM2
SIM3
SIM4
1
21
22
SIM5
SIM1
SIM2
SIM3
SIM4
1
21
22
SIM5
SIM1
SIM2
SIM3
SIM4
1
21
22
SIM5
SIM1
SIM2
SIM3
SIM4
1
21
22
SIM5
SIM1
SIM2
SIM3
SIM4
1
21
22
SIM5
SIM1
SIM2
SIM3
SIM4
1
21
22
SIM5
SIM1
SIM2
SIM3
SIM4
1
21
22
SIM5
SIM1
SIM2
SIM3
SIM4
1
21
22
SIM5
SIM1
SIM2
SIM3
SIM4
1
21
22
SIM5
SIM1
SIM2
SIM3
SIM4
1
21
22
SIM5
SIM1
SIM2
SIM3
SIM4
1
21
22
SIM5
SIM1
SIM2
SIM3
SIM4
1
21
22
SIM5
SIM1
SIM2
SIM3
SIM4
1
21
22
SIM5
SIM1
SIM2
SIM3
SIM4
1
21
22
SIM5
SIM1
SIM2
SIM3
SIM4
1
21
22
SIM5
SIM1
SIM2
SIM3
SIM4
1
21
22
SIM5
SIM1
SIM2
SIM3
SIM4
1
21
22
SIM5
SIM1
SIM2
SIM3
SIM4
1
21
22
SIM5
SIM1
SIM2
SIM3
SIM4
1
21
22
SIM5
SIM1
SIM2
SIM3
SIM4
1
21
22
SIM5
SIM1
SIM2
SIM3
SIM4
1
21
22
SIM5
SIM1
SIM2
SIM3
SIM4
1
21
22
SIM5
SIM1
SIM2
SIM3
SIM4
1
21
22
SIM5
SIM1
SIM2
SIM3
SIM4
1
21
22
SIM5
SIM1
SIM2
SIM3
SIM4
1
21
22
SIM5
SIM1
SIM2
SIM3
SIM4
1
21
22
SIM5
SIM1
SIM2
SIM3
SIM4
1
21
22
SIM5
SIM1
SIM2
SIM3
SIM4
1
21
22
SIM5
SIM1
SIM2
SIM3
SIM4
1
21
22
SIM5
SIM1
SIM2
SIM3
SIM4
1
21
22
SIM5
SIM1
SIM2
SIM3
SIM4
1
21
22
SIM5
SIM1
SIM2
SIM3
SIM4
1
21
22
SIM5
SIM1
SIM2
SIM3
SIM4
1
21
22
SIM5
SIM1
SIM2
SIM3
SIM4
1
21
22
SIM5
SIM1
SIM2
SIM3
SIM4
1
21
22
SIM5
SIM1
SIM2
SIM3
SIM4
1
21
22
SIM5
SIM1
SIM2
SIM3
SIM4
1
21
22
SIM5
SIM1
SIM2
SIM3
SIM4
1
21
22
SIM5
SIM1
SIM2
DEBUG 1 433
SIM1
SIM2
SIM3
SIM4
1
21
22
SIM5
SIM1
SIM2
SIM3
SIM4
1
21
22
SIM5
SIM1
SIM2
SIM3
SIM4
1
21
22
SIM5
SIM1
SIM2
SIM3
SIM4
1
21
22
SIM5
SIM1
SIM2
SIM3
SIM4
1
21
22
SIM5
SIM1
SIM2
SIM3
SIM4
1
21
22
SIM5
SIM1
SIM2
SIM3
SIM4
1
21
22
SIM5
SIM1
SIM2
SIM3
SIM4
1
21
22
SIM5
SIM1
SIM2
SIM3
SIM4
1
21
22
SIM5
SIM1
SIM2
SIM3
SIM4
1
21
22
SIM5
SIM1
SIM2
SIM3
SIM4
1
21
22
SIM5
SIM1
SIM2
SIM3
SIM4
1
21
22
SIM5
SIM1
SIM2
SIM3
SIM4
1
21
22
SIM5
SIM1
SIM2
SIM3
SIM4
1
21
22
SIM5
SIM1
SIM2
SIM3
SIM4
1
21
22
SIM5
SIM1
SIM2
SIM3
SIM4
1
21
22
SIM5
SIM1
SIM2
SIM3
SIM4
1
21
22
SIM5
SIM1
SIM2
SIM3
SIM4
1
21
22
SIM5
SIM1
SIM2
SIM3
SIM4
1
21
22
SIM5
SIM1
SIM2
SIM3
SIM4
1
21
22
SIM5
SIM1
SIM2
SIM3
SIM4
1
21
22
SIM5
SIM1
SIM2
SIM3
SIM4
1
21
22
SIM5
SIM1
SIM2
SIM3
SIM4
1
21
22
SIM5
SIM1
SIM2
SIM3
SIM4
1
21
22
SIM5
SIM1
SIM2
SIM3
SIM4
1
21
22
SIM5
SIM1
SIM2
SIM3
SIM4
1
21
22
SIM5
SIM1
SIM2
SIM3
SIM4
1
21
22
SIM5
SIM1
SIM2
SIM3
SIM4
1
21
22
SIM5
SIM1
SIM2
SIM3
SIM4
1
21
22
SIM5
SIM1
SIM2
SIM3
SIM4
1
21
22
SIM5
SIM1
SIM2
SIM3
SIM4
1
21
22
SIM5
SIM1
SIM2
SIM3
SIM4
1
21
22
SIM5
SIM1
SIM2
SIM3
SIM4
1
21
22
SIM5
SIM1
SIM2
SIM3
SIM4
1
21
22
SIM5
SIM1
SIM2
SIM3
SIM4
1
21
22
SIM5
SIM1
SIM2
SIM3
SIM4
1
21
22
SIM5
SIM1
SIM2
SIM3
SIM4
1
21
22
SIM5
SIM1
SIM2
SIM3
SIM4
1
21
22
SIM5
SIM1
SIM2
SIM3
SIM4
1
21
22
SIM5
SIM1
SIM2
SIM3
SIM4
1
21
22
SIM5
SIM1
SIM2
SIM3
SIM4
1
21
22
SIM5
SIM1
SIM2
SIM3
SIM4
1
21
22
SIM5
SIM1
SIM2
SIM3
SIM4
1
21
22
SIM5
SIM1
SIM2
SIM3
SIM4
1
21
22
SIM5
SIM1
SIM2
SIM3
SIM4
1
21
22
SIM5
SIM1
SIM2
SIM3
SIM4
1
21
22
SIM5
SIM1
SIM2
SIM3
SIM4
1
21
22
SIM5
SIM1
SIM2
SIM3
SIM4
1
21
22
SIM5
SIM1
SIM2
SIM3
SIM4
1
21
22
SIM5
SIM1
SIM2
SIM3
SIM4
1
21
22
SIM5
SIM1
SIM2
SIM3
SIM4
1
21
22
SIM5
SIM1
SIM2
SIM3
SIM4
1
21
22
SIM5
SIM1
SIM2
SIM3
SIM4
1
21
22
SIM5
SIM1
SIM2
SIM3
SIM4
1
21
22
SIM5
SIM1
SIM2
SIM3
SIM4
1
21
22
SIM5
SIM1
SIM2
SIM3
SIM4
1
21
22
SIM5
SIM1
SIM2
SIM3
SIM4
1
21
22
SIM5
SIM1
SIM2
SIM3
SIM4
1
21
22
SIM5
SIM1
SIM2
SIM3
SIM4
1
21
22
SIM5
SIM1
SIM2
SIM3
SIM4
1
21
22
SIM5
SIM1
SIM2
SIM3
SIM4
1
21
22
SIM5
SIM1
SIM2
SIM3
SIM4
1
21
22
SIM5
SIM1
SIM2
SIM3
SIM4
1
21
22
SIM5
SIM1
SIM2
SIM3
SIM4
1
21
22
SIM5
SIM1
SIM2
SIM3
SIM4
1
21
22
SIM5
SIM1
SIM2
SIM3
SIM4
1
21
22
SIM5
SIM1
SIM2
SIM3
SIM4
1
21
22
SIM5
SIM1
SIM2
SIM3
SIM4
1
21
22
SIM5
SIM1
SIM2
SIM3
SIM4
1
21
22
SIM5
SIM1
SIM2
SIM3
SIM4
1
21
22
SIM5
SIM1
SIM2
SIM3
SIM4
1
21
22
SIM5
SIM1
SIM2
SIM3
SIM4
1
21
22
SIM5
SIM1
SIM2
SIM3
SIM4
1
21
22
SIM5
SIM1
SIM2
SIM3
SIM4
1
21
22
SIM5
SIM1
SIM2
SIM3
SIM4
1
21
22
SIM5
SIM1
SIM2
SIM3
SIM4
1
21
22
SIM5
SIM1
SIM2
SIM3
SIM4
1
21
22
SIM5
SIM1
SIM2
SIM3
SIM4
1
21
22
SIM5
SIM1
SIM2
SIM3
SIM4
1
21
22
SIM5
SIM1
SIM2
SIM3
SIM4
1
21
22
SIM5
SIM1
SIM2
SIM3
SIM4
1
21
22
SIM5
SIM1
SIM2
SIM3
SIM4
1
21
22
SIM5
SIM1
SIM2
SIM3
SIM4
1
21
22
SIM5
SIM1
SIM2
SIM3
SIM4
1
21
22
SIM5
SIM1
SIM2
SIM3
SIM4
1
21
22
SIM5
SIM1
SIM2
SIM3
SIM4
1
21
22
SIM5
SIM1
SIM2
SIM3
SIM4
1
21
22
SIM5
SIM1
SIM2
SIM3
SIM4
1
21
22
SIM5
SIM1
SIM2
SIM3
SIM4
1
21
22
SIM5
SIM1
SIM2
SIM3
SIM4
1
21
22
SIM5
SIM1
SIM2
SIM3
SIM4
1
21
22
SIM5
SIM1
SIM2
SIM3
SIM4
1
21
22
SIM5
SIM1
SIM2
SIM3
SIM4
1
21
22
SIM5
SIM1
SIM2
SIM3
SIM4
1
21
22
SIM5
SIM1
SIM2
SIM3
SIM4
1
21
22
SIM5
SIM1
SIM2
SIM3
SIM4
1
21
22
SIM5
SIM1
SIM2
SIM3
SIM4
1
21
22
SIM5
SIM1
SIM2
SIM3
SIM4
1
21
22
SIM5
SIM1
SIM2
SIM3
SIM4
1
21
22
SIM5
SIM1
SIM2
SIM3
SIM4
1
21
22
SIM5
SIM1
SIM2
SIM3
SIM4
1
21
22
SIM5
SIM1
SIM2
SIM3
SIM4
1
21
22
SIM5
SIM1
SIM2
SIM3
SIM4
1
21
22
SIM5
SIM1
SIM2
SIM3
SIM4
1
21
22
SIM5
SIM1
SIM2
SIM3
SIM4
1
21
22
SIM5
SIM1
SIM2
SIM3
SIM4
1
21
22
SIM5
SIM1
SIM2
SIM3
SIM4
1
21
22
SIM5
SIM1
SIM2
SIM3
SIM4
1
21
22
SIM5
SIM1
SIM2
SIM3
SIM4
1
21
22
SIM5
SIM1
SIM2
SIM3
SIM4
1
21
22
SIM5
SIM1
SIM2
SIM3
SIM4
1
21
22
SIM5
SIM1
SIM2
SIM3
SIM4
1
21
22
SIM5
SIM1
SIM2
SIM3
SIM4
1
21
22
SIM5
SIM1
SIM2
SIM3
SIM4
1
21
22
SIM5
SIM1
SIM2
SIM3
SIM4
1
21
22
SIM5
SIM1
SIM2
SIM3
SIM4
1
21
22
SIM5
SIM1
SIM2
SIM3
SIM4
1
21
22
SIM5
SIM1
SIM2
SIM3
SIM4
1
21
22
SIM5
SIM1
SIM2
SIM3
SIM4
1
21
22
SIM5
SIM1
SIM2
SIM3
SIM4
1
21
22
SIM5
SIM1
SIM2
SIM3
SIM4
1
21
22
SIM5
SIM1
SIM2
SIM3
SIM4
1
21
22
SIM5
SIM1
SIM2
SIM3
SIM4
1
21
22
SIM5
SIM1
SIM2
SIM3
SIM4
1
21
22
SIM5
SIM1
SIM2
SIM3
SIM4
1
21
22
SIM5
SIM1
SIM2
SIM3
SIM4
1
21
22
SIM5
SIM1
SIM2
SIM3
SIM4
1
21
22
SIM5
SIM1
SIM2
SIM3
SIM4
1
21
22
SIM5
SIM1
SIM2
SIM3
SIM4
1
21
22
SIM5
SIM1
SIM2
SIM3
SIM4
1
21
22
SIM5
SIM1
SIM2
SIM3
SIM4
1
21
22
SIM5
SIM1
SIM2
SIM3
SIM4
1
21
22
SIM5
SIM1
SIM2
SIM3
SIM4
1
21
22
SIM5
SIM1
SIM2
SIM3
SIM4
1
21
22
SIM5
SIM1
SIM2
SIM3
SIM4
1
21
22
SIM5
SIM1
SIM2
SIM3
SIM4
1
21
22
SIM5
SIM1
SIM2
SIM3
SIM4
1
21
22
SIM5
SIM1
SIM2
SIM3
SIM4
1
21
22
SIM5
SIM1
SIM2
SIM3
SIM4
1
21
22
SIM5
SIM1
SIM2
SIM3
SIM4
1
21
22
SIM5
SIM1
SIM2
SIM3
SIM4
1
21
22
SIM5
SIM1
SIM2
SIM3
SIM4
1
21
22
SIM5
SIM1
SIM2
SIM3
SIM4
1
21
22
SIM5
SIM1
SIM2
SIM3
SIM4
1
21
22
SIM5
SIM1
SIM2
SIM3
SIM4
1
21
22
SIM5
SIM1
SIM2
SIM3
SIM4
1
21
22
SIM5
SIM1
SIM2
SIM3
SIM4
1
21
22
SIM5
SIM1
SIM2
SIM3
SIM4
1
21
22
SIM5
SIM1
SIM2
SIM3
SIM4
1
21
22
SIM5
SIM1
SIM2
SIM3
SIM4
1
21
22
SIM5
SIM1
SIM2
SIM3
SIM4
1
21
22
SIM5
SIM1
SIM2
SIM3
SIM4
1
21
22
SIM5
SIM1
SIM2
SIM3
SIM4
1
21
22
SIM5
SIM1
SIM2
SIM3
SIM4
1
21
22
SIM5
SIM1
SIM2
SIM3
SIM4
1
21
22
SIM5
SIM1
SIM2
SIM3
SIM4
1
21
22
SIM5
SIM1
SIM2
SIM3
SIM4
1
21
22
SIM5
SIM1
SIM2
SIM3
SIM4
1
21
22
SIM5
SIM1
SIM2
SIM3
SIM4
1
21
22
SIM5
SIM1
SIM2
SIM3
SIM4
1
21
22
SIM5
SIM1
SIM2
SIM3
SIM4
1
21
22
SIM5
SIM1
SIM2
SIM3
SIM4
1
21
22
SIM5
SIM1
SIM2
SIM3
SIM4
1
21
22
SIM5
SIM1
SIM2
SIM3
SIM4
1
21
22
SIM5
SIM1
SIM2
SIM3
SIM4
1
21
22
SIM5
SIM1
SIM2
SIM3
SIM4
1
21
22
SIM5
SIM1
SIM2
SIM3
SIM4
1
21
22
SIM5
SIM1
SIM2
SIM3
SIM4
1
21
22
SIM5
SIM1
SIM2
SIM3
SIM4
1
21
22
SIM5
SIM1
SIM2
SIM3
SIM4
1
21
22
SIM5
SIM1
SIM2
SIM3
SIM4
1
21
22
SIM5
SIM1
SIM2
SIM3
SIM4
1
21
22
SIM5
SIM1
SIM2
SIM3
SIM4
1
21
22
SIM5
SIM1
SIM2
SIM3
SIM4
1
21
22
SIM5
SIM1
SIM2
SIM3
SIM4
1
21
22
SIM5
SIM1
SIM2
SIM3
SIM4
1
21
22
SIM5
SIM1
SIM2
SIM3
SIM4
1
21
22
SIM5
SIM1
SIM2
SIM3
SIM4
1
21
22
SIM5
SIM1
SIM2
SIM3
SIM4
1
21
22
SIM5
SIM1
SIM2
SIM3
SIM4
1
21
22
SIM5
SIM1
SIM2
SIM3
SIM4
1
21
22
SIM5
SIM1
SIM2
SIM3
SIM4
1
21
22
SIM5
SIM1
SIM2
SIM3
SIM4
1
21
22
SIM5
SIM1
SIM2
SIM3
SIM4
1
21
22
SIM5
SIM1
SIM2
SIM3
SIM4
1
21
22
SIM5
SIM1
SIM2
SIM3
SIM4
1
21
22
SIM5
SIM1
SIM2
SIM3
SIM4
1
21
22
SIM5
SIM1
SIM2
DEBUG 1 434
SIM1
SIM2
SIM3
SIM4
1
21
22
SIM5
SIM1
SIM2
SIM3
SIM4
1
21
22
SIM5
SIM1
SIM2
SIM3
SIM4
1
21
22
SIM5
SIM1
SIM2
SIM3
SIM4
1
21
22
SIM5
SIM1
SIM2
SIM3
SIM4
1
21
22
SIM5
SIM1
SIM2
SIM3
SIM4
1
21
22
SIM5
SIM1
SIM2
SIM3
SIM4
1
21
22
SIM5
SIM1
SIM2
SIM3
SIM4
1
21
22
SIM5
SIM1
SIM2
SIM3
SIM4
1
21
22
SIM5
SIM1
SIM2
SIM3
SIM4
1
21
22
SIM5
SIM1
SIM2
SIM3
SIM4
1
21
22
SIM5
SIM1
SIM2
SIM3
SIM4
1
21
22
SIM5
SIM1
SIM2
SIM3
SIM4
1
21
22
SIM5
SIM1
SIM2
SIM3
SIM4
1
21
22
SIM5
SIM1
SIM2
SIM3
SIM4
1
21
22
SIM5
SIM1
SIM2
SIM3
SIM4
1
21
22
SIM5
SIM1
SIM2
SIM3
SIM4
1
21
22
SIM5
SIM1
SIM2
SIM3
SIM4
1
21
22
SIM5
SIM1
SIM2
SIM3
SIM4
1
21
22
SIM5
SIM1
SIM2
SIM3
SIM4
1
21
22
SIM5
SIM1
SIM2
SIM3
SIM4
1
21
22
SIM5
SIM1
SIM2
SIM3
SIM4
1
21
22
SIM5
SIM1
SIM2
SIM3
SIM4
1
21
22
SIM5
SIM1
SIM2
SIM3
SIM4
1
21
22
SIM5
SIM1
SIM2
SIM3
SIM4
1
21
22
SIM5
SIM1
SIM2
SIM3
SIM4
1
21
22
SIM5
SIM1
SIM2
SIM3
SIM4
1
21
22
SIM5
SIM1
SIM2
SIM3
SIM4
1
21
22
SIM5
SIM1
SIM2
SIM3
SIM4
1
21
22
SIM5
SIM1
SIM2
SIM3
SIM4
1
21
22
SIM5
SIM1
SIM2
SIM3
SIM4
1
21
22
SIM5
SIM1
SIM2
SIM3
SIM4
1
21
22
SIM5
SIM1
SIM2
SIM3
SIM4
1
21
22
SIM5
SIM1
SIM2
SIM3
SIM4
1
21
22
SIM5
SIM1
SIM2
SIM3
SIM4
1
21
22
SIM5
SIM1
SIM2
SIM3
SIM4
1
21
22
SIM5
SIM1
SIM2
SIM3
SIM4
1
21
22
SIM5
SIM1
SIM2
SIM3
SIM4
1
21
22
SIM5
SIM1
SIM2
SIM3
SIM4
1
21
22
SIM5
SIM1
SIM2
SIM3
SIM4
1
21
22
SIM5
SIM1
SIM2
SIM3
SIM4
1
21
22
SIM5
SIM1
SIM2
SIM3
SIM4
1
21
22
SIM5
SIM1
SIM2
SIM3
SIM4
1
21
22
SIM5
SIM1
SIM2
SIM3
SIM4
1
21
22
SIM5
SIM1
SIM2
SIM3
SIM4
1
21
22
SIM5
SIM1
SIM2
SIM3
SIM4
1
21
22
SIM5
SIM1
SIM2
SIM3
SIM4
1
21
22
SIM5
SIM1
SIM2
SIM3
SIM4
1
21
22
SIM5
SIM1
SIM2
SIM3
SIM4
1
21
22
SIM5
SIM1
SIM2
SIM3
SIM4
1
21
22
SIM5
SIM1
SIM2
SIM3
SIM4
1
21
22
SIM5
SIM1
SIM2
SIM3
SIM4
1
21
22
SIM5
SIM1
SIM2
SIM3
SIM4
1
21
22
SIM5
SIM1
SIM2
SIM3
SIM4
1
21
22
SIM5
SIM1
SIM2
SIM3
SIM4
1
21
22
SIM5
SIM1
SIM2
SIM3
SIM4
1
21
22
SIM5
SIM1
SIM2
SIM3
SIM4
1
21
22
SIM5
SIM1
SIM2
SIM3
SIM4
1
21
22
SIM5
SIM1
SIM2
SIM3
SIM4
1
21
22
SIM5
SIM1
SIM2
SIM3
SIM4
1
21
22
SIM5
SIM1
SIM2
SIM3
SIM4
1
21
22
SIM5
SIM1
SIM2
SIM3
SIM4
1
21
22
SIM5
SIM1
SIM2
SIM3
SIM4
1
21
22
SIM5
SIM1
SIM2
SIM3
SIM4
1
21
22
SIM5
SIM1
SIM2
SIM3
SIM4
1
21
22
SIM5
SIM1
SIM2
SIM3
SIM4
1
21
22
SIM5
SIM1
SIM2
SIM3
SIM4
1
21
22
SIM5
SIM1
SIM2
SIM3
SIM4
1
21
22
SIM5
SIM1
SIM2
SIM3
SIM4
1
21
22
SIM5
SIM1
SIM2
SIM3
SIM4
1
21
22
SIM5
SIM1
SIM2
SIM3
SIM4
1
21
22
SIM5
SIM1
SIM2
SIM3
SIM4
1
21
22
SIM5
SIM1
SIM2
SIM3
SIM4
1
21
22
SIM5
SIM1
SIM2
SIM3
SIM4
1
21
22
SIM5
SIM1
SIM2
SIM3
SIM4
1
21
22
SIM5
SIM1
SIM2
SIM3
SIM4
1
21
22
SIM5
SIM1
SIM2
SIM3
SIM4
1
21
22
SIM5
SIM1
SIM2
SIM3
SIM4
1
21
22
SIM5
SIM1
SIM2
SIM3
SIM4
1
21
22
SIM5
SIM1
SIM2
SIM3
SIM4
1
21
22
SIM5
SIM1
SIM2
SIM3
SIM4
1
21
22
SIM5
SIM1
SIM2
SIM3
SIM4
1
21
22
SIM5
SIM1
SIM2
SIM3
SIM4
1
21
22
SIM5
SIM1
SIM2
SIM3
SIM4
1
21
22
SIM5
SIM1
SIM2
SIM3
SIM4
1
21
22
SIM5
SIM1
SIM2
SIM3
SIM4
1
21
22
SIM5
SIM1
SIM2
SIM3
SIM4
1
21
22
SIM5
SIM1
SIM2
SIM3
SIM4
1
21
22
SIM5
SIM1
SIM2
SIM3
SIM4
1
21
22
SIM5
SIM1
SIM2
SIM3
SIM4
1
21
22
SIM5
SIM1
SIM2
SIM3
SIM4
1
21
22
SIM5
SIM1
SIM2
SIM3
SIM4
1
21
22
SIM5
SIM1
SIM2
SIM3
SIM4
1
21
22
SIM5
SIM1
SIM2
SIM3
SIM4
1
21
22
SIM5
SIM1
SIM2
SIM3
SIM4
1
21
22
SIM5
SIM1
SIM2
SIM3
SIM4
1
21
22
SIM5
SIM1
SIM2
SIM3
SIM4
1
21
22
SIM5
SIM1
SIM2
SIM3
SIM4
1
21
22
SIM5
SIM1
SIM2
SIM3
SIM4
1
21
22
SIM5
SIM1
SIM2
SIM3
SIM4
1
21
22
SIM5
SIM1
SIM2
SIM3
SIM4
1
21
22
SIM5
SIM1
SIM2
SIM3
SIM4
1
21
22
SIM5
SIM1
SIM2
SIM3
SIM4
1
21
22
SIM5
SIM1
SIM2
SIM3
SIM4
1
21
22
SIM5
SIM1
SIM2
SIM3
SIM4
1
21
22
SIM5
SIM1
SIM2
SIM3
SIM4
1
21
22
SIM5
SIM1
SIM2
SIM3
SIM4
1
21
22
SIM5
SIM1
SIM2
SIM3
SIM4
1
21
22
SIM5
SIM1
SIM2
SIM3
SIM4
1
21
22
SIM5
SIM1
SIM2
SIM3
SIM4
1
21
22
SIM5
SIM1
SIM2
SIM3
SIM4
1
21
22
SIM5
SIM1
SIM2
SIM3
SIM4
1
21
22
SIM5
SIM1
SIM2
SIM3
SIM4
1
21
22
SIM5
SIM1
SIM2
SIM3
SIM4
1
21
22
SIM5
SIM1
SIM2
SIM3
SIM4
1
21
22
SIM5
SIM1
SIM2
SIM3
SIM4
1
21
22
SIM5
SIM1
SIM2
SIM3
SIM4
1
21
22
SIM5
SIM1
SIM2
SIM3
SIM4
1
21
22
SIM5
SIM1
SIM2
SIM3
SIM4
1
21
22
SIM5
SIM1
SIM2
SIM3
SIM4
1
21
22
SIM5
SIM1
SIM2
SIM3
SIM4
1
21
22
SIM5
SIM1
SIM2
SIM3
SIM4
1
21
22
SIM5
SIM1
SIM2
SIM3
SIM4
1
21
22
SIM5
SIM1
SIM2
SIM3
SIM4
1
21
22
SIM5
SIM1
SIM2
SIM3
SIM4
1
21
22
SIM5
SIM1
SIM2
SIM3
SIM4
1
21
22
SIM5
SIM1
SIM2
SIM3
SIM4
1
21
22
SIM5
SIM1
SIM2
SIM3
SIM4
1
21
22
SIM5
SIM1
SIM2
SIM3
SIM4
1
21
22
SIM5
SIM1
SIM2
SIM3
SIM4
1
21
22
SIM5
SIM1
SIM2
SIM3
SIM4
1
21
22
SIM5
SIM1
SIM2
SIM3
SIM4
1
21
22
SIM5
SIM1
SIM2
SIM3
SIM4
1
21
22
SIM5
SIM1
SIM2
SIM3
SIM4
1
21
22
SIM5
SIM1
SIM2
SIM3
SIM4
1
21
22
SIM5
SIM1
SIM2
SIM3
SIM4
1
21
22
SIM5
SIM1
SIM2
SIM3
SIM4
1
21
22
SIM5
SIM1
SIM2
SIM3
SIM4
1
21
22
SIM5
SIM1
SIM2
SIM3
SIM4
1
21
22
SIM5
SIM1
SIM2
SIM3
SIM4
1
21
22
SIM5
SIM1
SIM2
SIM3
SIM4
1
21
22
SIM5
SIM1
SIM2
SIM3
SIM4
1
21
22
SIM5
SIM1
SIM2
SIM3
SIM4
1
21
22
SIM5
SIM1
SIM2
SIM3
SIM4
1
21
22
SIM5
SIM1
SIM2
SIM3
SIM4
1
21
22
SIM5
SIM1
SIM2
SIM3
SIM4
1
21
22
SIM5
SIM1
SIM2
SIM3
SIM4
1
21
22
SIM5
SIM1
SIM2
SIM3
SIM4
1
21
22
SIM5
SIM1
SIM2
SIM3
SIM4
1
21
22
SIM5
SIM1
SIM2
SIM3
SIM4
1
21
22
SIM5
SIM1
SIM2
SIM3
SIM4
1
21
22
SIM5
SIM1
SIM2
SIM3
SIM4
1
21
22
SIM5
SIM1
SIM2
SIM3
SIM4
1
21
22
SIM5
SIM1
SIM2
SIM3
SIM4
1
21
22
SIM5
SIM1
SIM2
SIM3
SIM4
1
21
22
SIM5
SIM1
SIM2
SIM3
SIM4
1
21
22
SIM5
SIM1
SIM2
SIM3
SIM4
1
21
22
SIM5
SIM1
SIM2
SIM3
SIM4
1
21
22
SIM5
SIM1
SIM2
SIM3
SIM4
1
21
22
SIM5
SIM1
SIM2
SIM3
SIM4
1
21
22
SIM5
SIM1
SIM2
SIM3
SIM4
1
21
22
SIM5
SIM1
SIM2
SIM3
SIM4
1
21
22
SIM5
SIM1
SIM2
SIM3
SIM4
1
21
22
SIM5
SIM1
SIM2
SIM3
SIM4
1
21
22
SIM5
SIM1
SIM2
SIM3
SIM4
1
21
22
SIM5
SIM1
SIM2
SIM3
SIM4
1
21
22
SIM5
SIM1
SIM2
SIM3
SIM4
1
21
22
SIM5
SIM1
SIM2
SIM3
SIM4
1
21
22
SIM5
SIM1
SIM2
SIM3
SIM4
1
21
22
SIM5
SIM1
SIM2
SIM3
SIM4
1
21
22
SIM5
SIM1
SIM2
DEBUG 1 435
SIM1
SIM2
SIM3
SIM4
1
21
22
SIM5
SIM1
SIM2
SIM3
SIM4
1
21
22
SIM5
SIM1
SIM2
SIM3
SIM4
1
21
22
SIM5
SIM1
SIM2
SIM3
SIM4
1
21
22
SIM5
SIM1
SIM2
SIM3
SIM4
1
21
22
SIM5
SIM1
SIM2
SIM3
SIM4
1
21
22
SIM5
SIM1
SIM2
SIM3
SIM4
1
21
22
SIM5
SIM1
SIM2
SIM3
SIM4
1
21
22
SIM5
SIM1
SIM2
SIM3
SIM4
1
21
22
SIM5
SIM1
SIM2
SIM3
SIM4
1
21
22
SIM5
SIM1
SIM2
SIM3
SIM4
1
21
22
SIM5
SIM1
SIM2
SIM3
SIM4
1
21
22
SIM5
SIM1
SIM2
SIM3
SIM4
1
21
22
SIM5
SIM1
SIM2
SIM3
SIM4
1
21
22
SIM5
SIM1
SIM2
SIM3
SIM4
1
21
22
SIM5
SIM1
SIM2
SIM3
SIM4
1
21
22
SIM5
SIM1
SIM2
SIM3
SIM4
1
21
22
SIM5
SIM1
SIM2
SIM3
SIM4
1
21
22
SIM5
SIM1
SIM2
SIM3
SIM4
1
21
22
SIM5
SIM1
SIM2
SIM3
SIM4
1
21
22
SIM5
SIM1
SIM2
SIM3
SIM4
1
21
22
SIM5
SIM1
SIM2
SIM3
SIM4
1
21
22
SIM5
SIM1
SIM2
SIM3
SIM4
1
21
22
SIM5
SIM1
SIM2
SIM3
SIM4
1
21
22
SIM5
SIM1
SIM2
SIM3
SIM4
1
21
22
SIM5
SIM1
SIM2
SIM3
SIM4
1
21
22
SIM5
SIM1
SIM2
SIM3
SIM4
1
21
22
SIM5
SIM1
SIM2
SIM3
SIM4
1
21
22
SIM5
SIM1
SIM2
SIM3
SIM4
1
21
22
SIM5
SIM1
SIM2
SIM3
SIM4
1
21
22
SIM5
SIM1
SIM2
SIM3
SIM4
1
21
22
SIM5
SIM1
SIM2
SIM3
SIM4
1
21
22
SIM5
SIM1
SIM2
SIM3
SIM4
1
21
22
SIM5
SIM1
SIM2
SIM3
SIM4
1
21
22
SIM5
SIM1
SIM2
SIM3
SIM4
1
21
22
SIM5
SIM1
SIM2
SIM3
SIM4
1
21
22
SIM5
SIM1
SIM2
SIM3
SIM4
1
21
22
SIM5
SIM1
SIM2
SIM3
SIM4
1
21
22
SIM5
SIM1
SIM2
SIM3
SIM4
1
21
22
SIM5
SIM1
SIM2
SIM3
SIM4
1
21
22
SIM5
SIM1
SIM2
SIM3
SIM4
1
21
22
SIM5
SIM1
SIM2
SIM3
SIM4
1
21
22
SIM5
SIM1
SIM2
SIM3
SIM4
1
21
22
SIM5
SIM1
SIM2
SIM3
SIM4
1
21
22
SIM5
SIM1
SIM2
SIM3
SIM4
1
21
22
SIM5
SIM1
SIM2
SIM3
SIM4
1
21
22
SIM5
SIM1
SIM2
SIM3
SIM4
1
21
22
SIM5
SIM1
SIM2
SIM3
SIM4
1
21
22
SIM5
SIM1
SIM2
SIM3
SIM4
1
21
22
SIM5
SIM1
SIM2
SIM3
SIM4
1
21
22
SIM5
SIM1
SIM2
SIM3
SIM4
1
21
22
SIM5
SIM1
SIM2
SIM3
SIM4
1
21
22
SIM5
SIM1
SIM2
SIM3
SIM4
1
21
22
SIM5
SIM1
SIM2
SIM3
SIM4
1
21
22
SIM5
SIM1
SIM2
SIM3
SIM4
1
21
22
SIM5
SIM1
SIM2
SIM3
SIM4
1
21
22
SIM5
SIM1
SIM2
SIM3
SIM4
1
21
22
SIM5
SIM1
SIM2
SIM3
SIM4
1
21
22
SIM5
SIM1
SIM2
SIM3
SIM4
1
21
22
SIM5
SIM1
SIM2
SIM3
SIM4
1
21
22
SIM5
SIM1
SIM2
SIM3
SIM4
1
21
22
SIM5
SIM1
SIM2
SIM3
SIM4
1
21
22
SIM5
SIM1
SIM2
SIM3
SIM4
1
21
22
SIM5
SIM1
SIM2
SIM3
SIM4
1
21
22
SIM5
SIM1
SIM2
SIM3
SIM4
1
21
22
SIM5
SIM1
SIM2
SIM3
SIM4
1
21
22
SIM5
SIM1
SIM2
SIM3
SIM4
1
21
22
SIM5
SIM1
SIM2
SIM3
SIM4
1
21
22
SIM5
SIM1
SIM2
SIM3
SIM4
1
21
22
SIM5
SIM1
SIM2
SIM3
SIM4
1
21
22
SIM5
SIM1
SIM2
SIM3
SIM4
1
21
22
SIM5
SIM1
SIM2
SIM3
SIM4
1
21
22
SIM5
SIM1
SIM2
SIM3
SIM4
1
21
22
SIM5
SIM1
SIM2
SIM3
SIM4
1
21
22
SIM5
SIM1
SIM2
SIM3
SIM4
1
21
22
SIM5
SIM1
SIM2
SIM3
SIM4
1
21
22
SIM5
SIM1
SIM2
SIM3
SIM4
1
21
22
SIM5
SIM1
SIM2
SIM3
SIM4
1
21
22
SIM5
SIM1
SIM2
SIM3
SIM4
1
21
22
SIM5
SIM1
SIM2
SIM3
SIM4
1
21
22
SIM5
SIM1
SIM2
SIM3
SIM4
1
21
22
SIM5
SIM1
SIM2
SIM3
SIM4
1
21
22
SIM5
SIM1
SIM2
SIM3
SIM4
1
21
22
SIM5
SIM1
SIM2
SIM3
SIM4
1
21
22
SIM5
SIM1
SIM2
SIM3
SIM4
1
21
22
SIM5
SIM1
SIM2
SIM3
SIM4
1
21
22
SIM5
SIM1
SIM2
SIM3
SIM4
1
21
22
SIM5
SIM1
SIM2
SIM3
SIM4
1
21
22
SIM5
SIM1
SIM2
SIM3
SIM4
1
21
22
SIM5
SIM1
SIM2
SIM3
SIM4
1
21
22
SIM5
SIM1
SIM2
SIM3
SIM4
1
21
22
SIM5
SIM1
SIM2
SIM3
SIM4
1
21
22
SIM5
SIM1
SIM2
SIM3
SIM4
1
21
22
SIM5
SIM1
SIM2
SIM3
SIM4
1
21
22
SIM5
SIM1
SIM2
SIM3
SIM4
1
21
22
SIM5
SIM1
SIM2
SIM3
SIM4
1
21
22
SIM5
SIM1
SIM2
SIM3
SIM4
1
21
22
SIM5
SIM1
SIM2
SIM3
SIM4
1
21
22
SIM5
SIM1
SIM2
SIM3
SIM4
1
21
22
SIM5
SIM1
SIM2
SIM3
SIM4
1
21
22
SIM5
SIM1
SIM2
SIM3
SIM4
1
21
22
SIM5
SIM1
SIM2
SIM3
SIM4
1
21
22
SIM5
SIM1
SIM2
SIM3
SIM4
1
21
22
SIM5
SIM1
SIM2
SIM3
SIM4
1
21
22
SIM5
SIM1
SIM2
SIM3
SIM4
1
21
22
SIM5
SIM1
SIM2
SIM3
SIM4
1
21
22
SIM5
SIM1
SIM2
SIM3
SIM4
1
21
22
SIM5
SIM1
SIM2
SIM3
SIM4
1
21
22
SIM5
SIM1
SIM2
SIM3
SIM4
1
21
22
SIM5
SIM1
SIM2
SIM3
SIM4
1
21
22
SIM5
SIM1
SIM2
SIM3
SIM4
1
21
22
SIM5
SIM1
SIM2
SIM3
SIM4
1
21
22
SIM5
SIM1
SIM2
SIM3
SIM4
1
21
22
SIM5
SIM1
SIM2
SIM3
SIM4
1
21
22
SIM5
SIM1
SIM2
SIM3
SIM4
1
21
22
SIM5
SIM1
SIM2
SIM3
SIM4
1
21
22
SIM5
SIM1
SIM2
SIM3
SIM4
1
21
22
SIM5
SIM1
SIM2
SIM3
SIM4
1
21
22
SIM5
SIM1
SIM2
SIM3
SIM4
1
21
22
SIM5
SIM1
SIM2
SIM3
SIM4
1
21
22
SIM5
SIM1
SIM2
DEBUG 1 436
SIM1
SIM2
SIM3
SIM4
1
21
22
SIM5
SIM1
SIM2
SIM3
SIM4
1
21
22
SIM5
SIM1
SIM2
SIM3
SIM4
1
21
22
SIM5
SIM1
SIM2
SIM3
SIM4
1
21
22
SIM5
SIM1
SIM2
SIM3
SIM4
1
21
22
SIM5
SIM1
SIM2
SIM3
SIM4
1
21
22
SIM5
SIM1
SIM2
SIM3
SIM4
1
21
22
SIM5
SIM1
SIM2
SIM3
SIM4
1
21
22
SIM5
SIM1
SIM2
SIM3
SIM4
1
21
22
SIM5
SIM1
SIM2
SIM3
SIM4
1
21
22
SIM5
SIM1
SIM2
SIM3
SIM4
1
21
22
SIM5
SIM1
SIM2
SIM3
SIM4
1
21
22
SIM5
SIM1
SIM2
SIM3
SIM4
1
21
22
SIM5
SIM1
SIM2
SIM3
SIM4
1
21
22
SIM5
SIM1
SIM2
SIM3
SIM4
1
21
22
SIM5
SIM1
SIM2
SIM3
SIM4
1
21
22
SIM5
SIM1
SIM2
SIM3
SIM4
1
21
22
SIM5
SIM1
SIM2
SIM3
SIM4
1
21
22
SIM5
SIM1
SIM2
SIM3
SIM4
1
21
22
SIM5
SIM1
SIM2
SIM3
SIM4
1
21
22
SIM5
SIM1
SIM2
SIM3
SIM4
1
21
22
SIM5
SIM1
SIM2
SIM3
SIM4
1
21
22
SIM5
SIM1
SIM2
SIM3
SIM4
1
21
22
SIM5
SIM1
SIM2
SIM3
SIM4
1
21
22
SIM5
SIM1
SIM2
SIM3
SIM4
1
21
22
SIM5
SIM1
SIM2
SIM3
SIM4
1
21
22
SIM5
SIM1
SIM2
SIM3
SIM4
1
21
22
SIM5
SIM1
SIM2
SIM3
SIM4
1
21
22
SIM5
SIM1
SIM2
SIM3
SIM4
1
21
22
SIM5
SIM1
SIM2
SIM3
SIM4
1
21
22
SIM5
SIM1
SIM2
SIM3
SIM4
1
21
22
SIM5
SIM1
SIM2
SIM3
SIM4
1
21
22
SIM5
SIM1
SIM2
SIM3
SIM4
1
21
22
SIM5
SIM1
SIM2
SIM3
SIM4
1
21
22
SIM5
SIM1
SIM2
SIM3
SIM4
1
21
22
SIM5
SIM1
SIM2
SIM3
SIM4
1
21
22
SIM5
SIM1
SIM2
SIM3
SIM4
1
21
22
SIM5
SIM1
SIM2
SIM3
SIM4
1
21
22
SIM5
SIM1
SIM2
SIM3
SIM4
1
21
22
SIM5
SIM1
SIM2
SIM3
SIM4
1
21
22
SIM5
SIM1
SIM2
SIM3
SIM4
1
21
22
SIM5
SIM1
SIM2
SIM3
SIM4
1
21
22
SIM5
SIM1
SIM2
SIM3
SIM4
1
21
22
SIM5
SIM1
SIM2
SIM3
SIM4
1
21
22
SIM5
SIM1
SIM2
SIM3
SIM4
1
21
22
SIM5
SIM1
SIM2
SIM3
SIM4
1
21
22
SIM5
SIM1
SIM2
SIM3
SIM4
1
21
22
SIM5
SIM1
SIM2
SIM3
SIM4
1
21
22
SIM5
SIM1
SIM2
SIM3
SIM4
1
21
22
SIM5
SIM1
SIM2
SIM3
SIM4
1
21
22
SIM5
SIM1
SIM2
SIM3
SIM4
1
21
22
SIM5
SIM1
SIM2
SIM3
SIM4
1
21
22
SIM5
SIM1
SIM2
SIM3
SIM4
1
21
22
SIM5
SIM1
SIM2
SIM3
SIM4
1
21
22
SIM5
SIM1
SIM2
SIM3
SIM4
1
21
22
SIM5
SIM1
SIM2
SIM3
SIM4
1
21
22
SIM5
SIM1
SIM2
SIM3
SIM4
1
21
22
SIM5
SIM1
SIM2
SIM3
SIM4
1
21
22
SIM5
SIM1
SIM2
SIM3
SIM4
1
21
22
SIM5
SIM1
SIM2
SIM3
SIM4
1
21
22
SIM5
SIM1
SIM2
SIM3
SIM4
1
21
22
SIM5
SIM1
SIM2
SIM3
SIM4
1
21
22
SIM5
SIM1
SIM2
SIM3
SIM4
1
21
22
SIM5
SIM1
SIM2
SIM3
SIM4
1
21
22
SIM5
SIM1
SIM2
SIM3
SIM4
1
21
22
SIM5
SIM1
SIM2
SIM3
SIM4
1
21
22
SIM5
SIM1
SIM2
SIM3
SIM4
1
21
22
SIM5
SIM1
SIM2
SIM3
SIM4
1
21
22
SIM5
SIM1
SIM2
SIM3
SIM4
1
21
22
SIM5
SIM1
SIM2
SIM3
SIM4
1
21
22
SIM5
SIM1
SIM2
SIM3
SIM4
1
21
22
SIM5
SIM1
SIM2
SIM3
SIM4
1
21
22
SIM5
SIM1
SIM2
SIM3
SIM4
1
21
22
SIM5
SIM1
SIM2
SIM3
SIM4
1
21
22
SIM5
SIM1
SIM2
SIM3
SIM4
1
21
22
SIM5
SIM1
SIM2
SIM3
SIM4
1
21
22
SIM5
SIM1
SIM2
SIM3
SIM4
1
21
22
SIM5
SIM1
SIM2
SIM3
SIM4
1
21
22
SIM5
SIM1
SIM2
SIM3
SIM4
1
21
22
SIM5
SIM1
SIM2
SIM3
SIM4
1
21
22
SIM5
SIM1
SIM2
SIM3
SIM4
1
21
22
SIM5
SIM1
SIM2
SIM3
SIM4
1
21
22
SIM5
SIM1
SIM2
SIM3
SIM4
1
21
22
SIM5
SIM1
SIM2
SIM3
SIM4
1
21
22
SIM5
SIM1
SIM2
SIM3
SIM4
1
21
22
SIM5
SIM1
SIM2
SIM3
SIM4
1
21
22
SIM5
SIM1
SIM2
SIM3
SIM4
1
21
22
SIM5
SIM1
SIM2
SIM3
SIM4
1
21
22
SIM5
SIM1
SIM2
SIM3
SIM4
1
21
22
SIM5
SIM1
SIM2
SIM3
SIM4
1
21
22
SIM5
SIM1
SIM2
SIM3
SIM4
1
21
22
SIM5
SIM1
SIM2
SIM3
SIM4
1
21
22
SIM5
SIM1
SIM2
SIM3
SIM4
1
21
22
SIM5
SIM1
SIM2
SIM3
SIM4
1
21
22
SIM5
SIM1
SIM2
SIM3
SIM4
1
21
22
SIM5
SIM1
SIM2
SIM3
SIM4
1
21
22
SIM5
SIM1
SIM2
SIM3
SIM4
1
21
22
SIM5
SIM1
SIM2
SIM3
SIM4
1
21
22
SIM5
SIM1
SIM2
SIM3
SIM4
1
21
22
SIM5
SIM1
SIM2
SIM3
SIM4
1
21
22
SIM5
SIM1
SIM2
SIM3
SIM4
1
21
22
SIM5
SIM1
SIM2
SIM3
SIM4
1
21
22
SIM5
SIM1
SIM2
SIM3
SIM4
1
21
22
SIM5
SIM1
SIM2
SIM3
SIM4
1
21
22
SIM5
SIM1
SIM2
SIM3
SIM4
1
21
22
SIM5
SIM1
SIM2
SIM3
SIM4
1
21
22
SIM5
SIM1
SIM2
SIM3
SIM4
1
21
22
SIM5
SIM1
SIM2
SIM3
SIM4
1
21
22
SIM5
SIM1
SIM2
SIM3
SIM4
1
21
22
SIM5
SIM1
SIM2
SIM3
SIM4
1
21
22
SIM5
SIM1
SIM2
SIM3
SIM4
1
21
22
SIM5
SIM1
SIM2
SIM3
SIM4
1
21
22
SIM5
SIM1
SIM2
SIM3
SIM4
1
21
22
SIM5
SIM1
SIM2
SIM3
SIM4
1
21
22
SIM5
SIM1
SIM2
SIM3
SIM4
1
21
22
SIM5
SIM1
SIM2
SIM3
SIM4
1
21
22
SIM5
SIM1
SIM2
SIM3
SIM4
1
21
22
SIM5
SIM1
SIM2
SIM3
SIM4
1
21
22
SIM5
SIM1
SIM2
SIM3
SIM4
1
21
22
SIM5
SIM1
SIM2
SIM3
SIM4
1
21
22
SIM5
SIM1
SIM2
SIM3
SIM4
1
21
22
SIM5
SIM1
SIM2
SIM3
SIM4
1
21
22
SIM5
SIM1
SIM2
SIM3
SIM4
1
21
22
SIM5
SIM1
SIM2
SIM3
SIM4
1
21
22
SIM5
SIM1
SIM2
SIM3
SIM4
1
21
22
SIM5
SIM1
SIM2
SIM3
SIM4
1
21
22
SIM5
SIM1
SIM2
SIM3
SIM4
1
21
22
SIM5
SIM1
SIM2
SIM3
SIM4
1
21
22
SIM5
SIM1
SIM2
SIM3
SIM4
1
21
22
SIM5
SIM1
SIM2
SIM3
SIM4
1
21
22
SIM5
SIM1
SIM2
SIM3
SIM4
1
21
22
SIM5
SIM1
SIM2
SIM3
SIM4
1
21
22
SIM5
SIM1
SIM2
SIM3
SIM4
1
21
22
SIM5
SIM1
SIM2
SIM3
SIM4
1
21
22
SIM5
SIM1
SIM2
SIM3
SIM4
1
21
22
SIM5
SIM1
SIM2
SIM3
SIM4
1
21
22
SIM5
SIM1
SIM2
SIM3
SIM4
1
21
22
SIM5
SIM1
SIM2
SIM3
SIM4
1
21
22
SIM5
SIM1
SIM2
SIM3
SIM4
1
21
22
SIM5
SIM1
SIM2
SIM3
SIM4
1
21
22
SIM5
SIM1
SIM2
SIM3
SIM4
1
21
22
SIM5
SIM1
SIM2
SIM3
SIM4
1
21
22
SIM5
SIM1
SIM2
SIM3
SIM4
1
21
22
SIM5
SIM1
SIM2
SIM3
SIM4
1
21
22
SIM5
SIM1
SIM2
SIM3
SIM4
1
21
22
SIM5
SIM1
SIM2
SIM3
SIM4
1
21
22
SIM5
SIM1
SIM2
SIM3
SIM4
1
21
22
SIM5
SIM1
SIM2
SIM3
SIM4
1
21
22
SIM5
SIM1
SIM2
SIM3
SIM4
1
21
22
SIM5
SIM1
SIM2
SIM3
SIM4
1
21
22
SIM5
SIM1
SIM2
SIM3
SIM4
1
21
22
SIM5
SIM1
SIM2
SIM3
SIM4
1
21
22
SIM5
SIM1
SIM2
SIM3
SIM4
1
21
22
SIM5
SIM1
SIM2
SIM3
SIM4
1
21
22
SIM5
SIM1
SIM2
SIM3
SIM4
1
21
22
SIM5
SIM1
SIM2
SIM3
SIM4
1
21
22
SIM5
SIM1
SIM2
SIM3
SIM4
1
21
22
SIM5
SIM1
SIM2
SIM3
SIM4
1
21
22
SIM5
SIM1
SIM2
SIM3
SIM4
1
21
22
SIM5
SIM1
SIM2
SIM3
SIM4
1
21
22
SIM5
SIM1
SIM2
SIM3
SIM4
1
21
22
SIM5
SIM1
SIM2
SIM3
SIM4
1
21
22
SIM5
SIM1
SIM2
SIM3
SIM4
1
21
22
SIM5
SIM1
SIM2
SIM3
SIM4
1
21
22
SIM5
SIM1
SIM2
SIM3
SIM4
1
21
22
SIM5
SIM1
SIM2
SIM3
SIM4
1
21
22
SIM5
SIM1
SIM2
SIM3
SIM4
1
21
22
SIM5
SIM1
SIM2
SIM3
SIM4
1
21
22
SIM5
SIM1
SIM2
SIM3
SIM4
1
21
22
SIM5
SIM1
SIM2
SIM3
SIM4
1
21
22
SIM5
SIM1
SIM2
SIM3
SIM4
1
21
22
SIM5
SIM1
SIM2
SIM3
SIM4
1
21
22
SIM5
SIM1
SIM2
SIM3
SIM4
1
21
22
SIM5
SIM1
SIM2
SIM3
SIM4
1
21
22
SIM5
SIM1
SIM2
SIM3
SIM4
1
21
22
SIM5
SIM1
SIM2
SIM3
SIM4
1
21
22
SIM5
SIM1
SIM2
SIM3
SIM4
1
21
22
SIM5
SIM1
SIM2
SIM3
SIM4
1
21
22
SIM5
SIM1
SIM2
SIM3
SIM4
1
21
22
SIM5
SIM1
SIM2
DEBUG 1 437
SIM1
SIM2
SIM3
SIM4
1
21
22
SIM5
SIM1
SIM2
SIM3
SIM4
1
21
22
SIM5
SIM1
SIM2
SIM3
SIM4
1
21
22
SIM5
SIM1
SIM2
SIM3
SIM4
1
21
22
SIM5
SIM1
SIM2
SIM3
SIM4
1
21
22
SIM5
SIM1
SIM2
SIM3
SIM4
1
21
22
SIM5
SIM1
SIM2
SIM3
SIM4
1
21
22
SIM5
SIM1
SIM2
SIM3
SIM4
1
21
22
SIM5
SIM1
SIM2
SIM3
SIM4
1
21
22
SIM5
SIM1
SIM2
SIM3
SIM4
1
21
22
SIM5
SIM1
SIM2
SIM3
SIM4
1
21
22
SIM5
SIM1
SIM2
SIM3
SIM4
1
21
22
SIM5
SIM1
SIM2
SIM3
SIM4
1
21
22
SIM5
SIM1
SIM2
SIM3
SIM4
1
21
22
SIM5
SIM1
SIM2
SIM3
SIM4
1
21
22
SIM5
SIM1
SIM2
SIM3
SIM4
1
21
22
SIM5
SIM1
SIM2
SIM3
SIM4
1
21
22
SIM5
SIM1
SIM2
SIM3
SIM4
1
21
22
SIM5
SIM1
SIM2
SIM3
SIM4
1
21
22
SIM5
SIM1
SIM2
SIM3
SIM4
1
21
22
SIM5
SIM1
SIM2
SIM3
SIM4
1
21
22
SIM5
SIM1
SIM2
SIM3
SIM4
1
21
22
SIM5
SIM1
SIM2
SIM3
SIM4
1
21
22
SIM5
SIM1
SIM2
SIM3
SIM4
1
21
22
SIM5
SIM1
SIM2
SIM3
SIM4
1
21
22
SIM5
SIM1
SIM2
SIM3
SIM4
1
21
22
SIM5
SIM1
SIM2
SIM3
SIM4
1
21
22
SIM5
SIM1
SIM2
SIM3
SIM4
1
21
22
SIM5
SIM1
SIM2
SIM3
SIM4
1
21
22
SIM5
SIM1
SIM2
SIM3
SIM4
1
21
22
SIM5
SIM1
SIM2
SIM3
SIM4
1
21
22
SIM5
SIM1
SIM2
SIM3
SIM4
1
21
22
SIM5
SIM1
SIM2
SIM3
SIM4
1
21
22
SIM5
SIM1
SIM2
SIM3
SIM4
1
21
22
SIM5
SIM1
SIM2
SIM3
SIM4
1
21
22
SIM5
SIM1
SIM2
SIM3
SIM4
1
21
22
SIM5
SIM1
SIM2
SIM3
SIM4
1
21
22
SIM5
SIM1
SIM2
SIM3
SIM4
1
21
22
SIM5
SIM1
SIM2
SIM3
SIM4
1
21
22
SIM5
SIM1
SIM2
SIM3
SIM4
1
21
22
SIM5
SIM1
SIM2
SIM3
SIM4
1
21
22
SIM5
SIM1
SIM2
SIM3
SIM4
1
21
22
SIM5
SIM1
SIM2
SIM3
SIM4
1
21
22
SIM5
SIM1
SIM2
SIM3
SIM4
1
21
22
SIM5
SIM1
SIM2
SIM3
SIM4
1
21
22
SIM5
SIM1
SIM2
SIM3
SIM4
1
21
22
SIM5
SIM1
SIM2
SIM3
SIM4
1
21
22
SIM5
SIM1
SIM2
SIM3
SIM4
1
21
22
SIM5
SIM1
SIM2
SIM3
SIM4
1
21
22
SIM5
SIM1
SIM2
SIM3
SIM4
1
21
22
SIM5
SIM1
SIM2
SIM3
SIM4
1
21
22
SIM5
SIM1
SIM2
SIM3
SIM4
1
21
22
SIM5
SIM1
SIM2
SIM3
SIM4
1
21
22
SIM5
SIM1
SIM2
SIM3
SIM4
1
21
22
SIM5
SIM1
SIM2
SIM3
SIM4
1
21
22
SIM5
SIM1
SIM2
SIM3
SIM4
1
21
22
SIM5
SIM1
SIM2
SIM3
SIM4
1
21
22
SIM5
SIM1
SIM2
SIM3
SIM4
1
21
22
SIM5
SIM1
SIM2
SIM3
SIM4
1
21
22
SIM5
SIM1
SIM2
SIM3
SIM4
1
21
22
SIM5
SIM1
SIM2
SIM3
SIM4
1
21
22
SIM5
SIM1
SIM2
SIM3
SIM4
1
21
22
SIM5
SIM1
SIM2
SIM3
SIM4
1
21
22
SIM5
SIM1
SIM2
SIM3
SIM4
1
21
22
SIM5
SIM1
SIM2
SIM3
SIM4
1
21
22
SIM5
SIM1
SIM2
SIM3
SIM4
1
21
22
SIM5
SIM1
SIM2
SIM3
SIM4
1
21
22
SIM5
SIM1
SIM2
SIM3
SIM4
1
21
22
SIM5
SIM1
SIM2
SIM3
SIM4
1
21
22
SIM5
SIM1
SIM2
SIM3
SIM4
1
21
22
SIM5
SIM1
SIM2
SIM3
SIM4
1
21
22
SIM5
SIM1
SIM2
SIM3
SIM4
1
21
22
SIM5
SIM1
SIM2
SIM3
SIM4
1
21
22
SIM5
SIM1
SIM2
SIM3
SIM4
1
21
22
SIM5
SIM1
SIM2
SIM3
SIM4
1
21
22
SIM5
SIM1
SIM2
SIM3
SIM4
1
21
22
SIM5
SIM1
SIM2
SIM3
SIM4
1
21
22
SIM5
SIM1
SIM2
SIM3
SIM4
1
21
22
SIM5
SIM1
SIM2
SIM3
SIM4
1
21
22
SIM5
SIM1
SIM2
SIM3
SIM4
1
21
22
SIM5
SIM1
SIM2
SIM3
SIM4
1
21
22
SIM5
SIM1
SIM2
SIM3
SIM4
1
21
22
SIM5
SIM1
SIM2
SIM3
SIM4
1
21
22
SIM5
SIM1
SIM2
SIM3
SIM4
1
21
22
SIM5
SIM1
SIM2
SIM3
SIM4
1
21
22
SIM5
SIM1
SIM2
SIM3
SIM4
1
21
22
SIM5
SIM1
SIM2
SIM3
SIM4
1
21
22
SIM5
SIM1
SIM2
SIM3
SIM4
1
21
22
SIM5
SIM1
SIM2
SIM3
SIM4
1
21
22
SIM5
SIM1
SIM2
SIM3
SIM4
1
21
22
SIM5
SIM1
SIM2
SIM3
SIM4
1
21
22
SIM5
SIM1
SIM2
SIM3
SIM4
1
21
22
SIM5
SIM1
SIM2
SIM3
SIM4
1
21
22
SIM5
SIM1
SIM2
SIM3
SIM4
1
21
22
SIM5
SIM1
SIM2
SIM3
SIM4
1
21
22
SIM5
SIM1
SIM2
SIM3
SIM4
1
21
22
SIM5
SIM1
SIM2
SIM3
SIM4
1
21
22
SIM5
SIM1
SIM2
SIM3
SIM4
1
21
22
SIM5
SIM1
SIM2
SIM3
SIM4
1
21
22
SIM5
SIM1
SIM2
SIM3
SIM4
1
21
22
SIM5
SIM1
SIM2
SIM3
SIM4
1
21
22
SIM5
SIM1
SIM2
SIM3
SIM4
1
21
22
SIM5
SIM1
SIM2
SIM3
SIM4
1
21
22
SIM5
SIM1
SIM2
SIM3
SIM4
1
21
22
SIM5
SIM1
SIM2
DEBUG 1 438
SIM1
SIM2
SIM3
SIM4
1
21
22
SIM5
SIM1
SIM2
SIM3
SIM4
1
21
22
SIM5
SIM1
SIM2
SIM3
SIM4
1
21
22
SIM5
SIM1
SIM2
SIM3
SIM4
1
21
22
SIM5
SIM1
SIM2
SIM3
SIM4
1
21
22
SIM5
SIM1
SIM2
SIM3
SIM4
1
21
22
SIM5
SIM1
SIM2
SIM3
SIM4
1
21
22
SIM5
SIM1
SIM2
SIM3
SIM4
1
21
22
SIM5
SIM1
SIM2
SIM3
SIM4
1
21
22
SIM5
SIM1
SIM2
SIM3
SIM4
1
21
22
SIM5
SIM1
SIM2
SIM3
SIM4
1
21
22
SIM5
SIM1
SIM2
SIM3
SIM4
1
21
22
SIM5
SIM1
SIM2
SIM3
SIM4
1
21
22
SIM5
SIM1
SIM2
SIM3
SIM4
1
21
22
SIM5
SIM1
SIM2
SIM3
SIM4
1
21
22
SIM5
SIM1
SIM2
SIM3
SIM4
1
21
22
SIM5
SIM1
SIM2
SIM3
SIM4
1
21
22
SIM5
SIM1
SIM2
SIM3
SIM4
1
21
22
SIM5
SIM1
SIM2
SIM3
SIM4
1
21
22
SIM5
SIM1
SIM2
SIM3
SIM4
1
21
22
SIM5
SIM1
SIM2
SIM3
SIM4
1
21
22
SIM5
SIM1
SIM2
SIM3
SIM4
1
21
22
SIM5
SIM1
SIM2
SIM3
SIM4
1
21
22
SIM5
SIM1
SIM2
SIM3
SIM4
1
21
22
SIM5
SIM1
SIM2
SIM3
SIM4
1
21
22
SIM5
SIM1
SIM2
SIM3
SIM4
1
21
22
SIM5
SIM1
SIM2
SIM3
SIM4
1
21
22
SIM5
SIM1
SIM2
SIM3
SIM4
1
21
22
SIM5
SIM1
SIM2
SIM3
SIM4
1
21
22
SIM5
SIM1
SIM2
SIM3
SIM4
1
21
22
SIM5
SIM1
SIM2
SIM3
SIM4
1
21
22
SIM5
SIM1
SIM2
SIM3
SIM4
1
21
22
SIM5
SIM1
SIM2
SIM3
SIM4
1
21
22
SIM5
SIM1
SIM2
SIM3
SIM4
1
21
22
SIM5
SIM1
SIM2
SIM3
SIM4
1
21
22
SIM5
SIM1
SIM2
SIM3
SIM4
1
21
22
SIM5
SIM1
SIM2
SIM3
SIM4
1
21
22
SIM5
SIM1
SIM2
SIM3
SIM4
1
21
22
SIM5
SIM1
SIM2
SIM3
SIM4
1
21
22
SIM5
SIM1
SIM2
SIM3
SIM4
1
21
22
SIM5
SIM1
SIM2
SIM3
SIM4
1
21
22
SIM5
SIM1
SIM2
SIM3
SIM4
1
21
22
SIM5
SIM1
SIM2
SIM3
SIM4
1
21
22
SIM5
SIM1
SIM2
SIM3
SIM4
1
21
22
SIM5
SIM1
SIM2
SIM3
SIM4
1
21
22
SIM5
SIM1
SIM2
SIM3
SIM4
1
21
22
SIM5
SIM1
SIM2
SIM3
SIM4
1
21
22
SIM5
SIM1
SIM2
SIM3
SIM4
1
21
22
SIM5
SIM1
SIM2
SIM3
SIM4
1
21
22
SIM5
SIM1
SIM2
SIM3
SIM4
1
21
22
SIM5
SIM1
SIM2
SIM3
SIM4
1
21
22
SIM5
SIM1
SIM2
SIM3
SIM4
1
21
22
SIM5
SIM1
SIM2
SIM3
SIM4
1
21
22
SIM5
SIM1
SIM2
SIM3
SIM4
1
21
22
SIM5
SIM1
SIM2
SIM3
SIM4
1
21
22
SIM5
SIM1
SIM2
SIM3
SIM4
1
21
22
SIM5
SIM1
SIM2
SIM3
SIM4
1
21
22
SIM5
SIM1
SIM2
SIM3
SIM4
1
21
22
SIM5
SIM1
SIM2
SIM3
SIM4
1
21
22
SIM5
SIM1
SIM2
SIM3
SIM4
1
21
22
SIM5
SIM1
SIM2
SIM3
SIM4
1
21
22
SIM5
SIM1
SIM2
SIM3
SIM4
1
21
22
SIM5
SIM1
SIM2
SIM3
SIM4
1
21
22
SIM5
SIM1
SIM2
SIM3
SIM4
1
21
22
SIM5
SIM1
SIM2
SIM3
SIM4
1
21
22
SIM5
SIM1
SIM2
SIM3
SIM4
1
21
22
SIM5
SIM1
SIM2
SIM3
SIM4
1
21
22
SIM5
SIM1
SIM2
SIM3
SIM4
1
21
22
SIM5
SIM1
SIM2
SIM3
SIM4
1
21
22
SIM5
SIM1
SIM2
SIM3
SIM4
1
21
22
SIM5
SIM1
SIM2
SIM3
SIM4
1
21
22
SIM5
SIM1
SIM2
SIM3
SIM4
1
21
22
SIM5
SIM1
SIM2
SIM3
SIM4
1
21
22
SIM5
SIM1
SIM2
SIM3
SIM4
1
21
22
SIM5
SIM1
SIM2
SIM3
SIM4
1
21
22
SIM5
SIM1
SIM2
SIM3
SIM4
1
21
22
SIM5
SIM1
SIM2
SIM3
SIM4
1
21
22
SIM5
SIM1
SIM2
SIM3
SIM4
1
21
22
SIM5
SIM1
SIM2
SIM3
SIM4
1
21
22
SIM5
SIM1
SIM2
SIM3
SIM4
1
21
22
SIM5
SIM1
SIM2
SIM3
SIM4
1
21
22
SIM5
SIM1
SIM2
SIM3
SIM4
1
21
22
SIM5
SIM1
SIM2
SIM3
SIM4
1
21
22
SIM5
SIM1
SIM2
SIM3
SIM4
1
21
22
SIM5
SIM1
SIM2
SIM3
SIM4
1
21
22
SIM5
SIM1
SIM2
SIM3
SIM4
1
21
22
SIM5
SIM1
SIM2
SIM3
SIM4
1
21
22
SIM5
SIM1
SIM2
SIM3
SIM4
1
21
22
SIM5
SIM1
SIM2
SIM3
SIM4
1
21
22
SIM5
SIM1
SIM2
SIM3
SIM4
1
21
22
SIM5
SIM1
SIM2
SIM3
SIM4
1
21
22
SIM5
SIM1
SIM2
SIM3
SIM4
1
21
22
SIM5
SIM1
SIM2
SIM3
SIM4
1
21
22
SIM5
SIM1
SIM2
SIM3
SIM4
1
21
22
SIM5
SIM1
SIM2
SIM3
SIM4
1
21
22
SIM5
SIM1
SIM2
SIM3
SIM4
1
21
22
SIM5
SIM1
SIM2
SIM3
SIM4
1
21
22
SIM5
SIM1
SIM2
SIM3
SIM4
1
21
22
SIM5
SIM1
SIM2
SIM3
SIM4
1
21
22
SIM5
SIM1
SIM2
SIM3
SIM4
1
21
22
SIM5
SIM1
SIM2
SIM3
SIM4
1
21
22
SIM5
SIM1
SIM2
SIM3
SIM4
1
21
22
SIM5
SIM1
SIM2
SIM3
SIM4
1
21
22
SIM5
SIM1
SIM2
SIM3
SIM4
1
21
22
SIM5
SIM1
SIM2
SIM3
SIM4
1
21
22
SIM5
SIM1
SIM2
SIM3
SIM4
1
21
22
SIM5
SIM1
SIM2
SIM3
SIM4
1
21
22
SIM5
SIM1
SIM2
SIM3
SIM4
1
21
22
SIM5
SIM1
SIM2
SIM3
SIM4
1
21
22
SIM5
SIM1
SIM2
SIM3
SIM4
1
21
22
SIM5
SIM1
SIM2
SIM3
SIM4
1
21
22
SIM5
SIM1
SIM2
SIM3
SIM4
1
21
22
SIM5
SIM1
SIM2
SIM3
SIM4
1
21
22
SIM5
SIM1
SIM2
SIM3
SIM4
1
21
22
SIM5
SIM1
SIM2
SIM3
SIM4
1
21
22
SIM5
SIM1
SIM2
SIM3
SIM4
1
21
22
SIM5
SIM1
SIM2
SIM3
SIM4
1
21
22
SIM5
SIM1
SIM2
SIM3
SIM4
1
21
22
SIM5
SIM1
SIM2
SIM3
SIM4
1
21
22
SIM5
SIM1
SIM2
SIM3
SIM4
1
21
22
SIM5
SIM1
SIM2
SIM3
SIM4
1
21
22
SIM5
SIM1
SIM2
SIM3
SIM4
1
21
22
SIM5
SIM1
SIM2
SIM3
SIM4
1
21
22
SIM5
SIM1
SIM2
SIM3
SIM4
1
21
22
SIM5
SIM1
SIM2
SIM3
SIM4
1
21
22
SIM5
SIM1
SIM2
SIM3
SIM4
1
21
22
SIM5
SIM1
SIM2
SIM3
SIM4
1
21
22
SIM5
SIM1
SIM2
SIM3
SIM4
1
21
22
SIM5
SIM1
SIM2
SIM3
SIM4
1
21
22
SIM5
SIM1
SIM2
SIM3
SIM4
1
21
22
SIM5
SIM1
SIM2
SIM3
SIM4
1
21
22
SIM5
SIM1
SIM2
SIM3
SIM4
1
21
22
SIM5
SIM1
SIM2
SIM3
SIM4
1
21
22
SIM5
SIM1
SIM2
SIM3
SIM4
1
21
22
SIM5
SIM1
SIM2
SIM3
SIM4
1
21
22
SIM5
SIM1
SIM2
SIM3
SIM4
1
21
22
SIM5
SIM1
SIM2
SIM3
SIM4
1
21
22
SIM5
SIM1
SIM2
SIM3
SIM4
1
21
22
SIM5
SIM1
SIM2
SIM3
SIM4
1
21
22
SIM5
SIM1
SIM2
SIM3
SIM4
1
21
22
SIM5
SIM1
SIM2
SIM3
SIM4
1
21
22
SIM5
SIM1
SIM2
SIM3
SIM4
1
21
22
SIM5
SIM1
SIM2
SIM3
SIM4
1
21
22
SIM5
SIM1
SIM2
SIM3
SIM4
1
21
22
SIM5
SIM1
SIM2
SIM3
SIM4
1
21
22
SIM5
SIM1
SIM2
DEBUG 1 439
SIM1
SIM2
SIM3
SIM4
1
21
22
SIM5
SIM1
SIM2
SIM3
SIM4
1
21
22
SIM5
SIM1
SIM2
SIM3
SIM4
1
21
22
SIM5
SIM1
SIM2
SIM3
SIM4
1
21
22
SIM5
SIM1
SIM2
SIM3
SIM4
1
21
22
SIM5
SIM1
SIM2
SIM3
SIM4
1
21
22
SIM5
SIM1
SIM2
SIM3
SIM4
1
21
22
SIM5
SIM1
SIM2
SIM3
SIM4
1
21
22
SIM5
SIM1
SIM2
SIM3
SIM4
1
21
22
SIM5
SIM1
SIM2
SIM3
SIM4
1
21
22
SIM5
SIM1
SIM2
SIM3
SIM4
1
21
22
SIM5
SIM1
SIM2
SIM3
SIM4
1
21
22
SIM5
SIM1
SIM2
SIM3
SIM4
1
21
22
SIM5
SIM1
SIM2
SIM3
SIM4
1
21
22
SIM5
SIM1
SIM2
SIM3
SIM4
1
21
22
SIM5
SIM1
SIM2
SIM3
SIM4
1
21
22
SIM5
SIM1
SIM2
SIM3
SIM4
1
21
22
SIM5
SIM1
SIM2
SIM3
SIM4
1
21
22
SIM5
SIM1
SIM2
SIM3
SIM4
1
21
22
SIM5
SIM1
SIM2
SIM3
SIM4
1
21
22
SIM5
SIM1
SIM2
SIM3
SIM4
1
21
22
SIM5
SIM1
SIM2
SIM3
SIM4
1
21
22
SIM5
SIM1
SIM2
SIM3
SIM4
1
21
22
SIM5
SIM1
SIM2
SIM3
SIM4
1
21
22
SIM5
SIM1
SIM2
SIM3
SIM4
1
21
22
SIM5
SIM1
SIM2
SIM3
SIM4
1
21
22
SIM5
SIM1
SIM2
SIM3
SIM4
1
21
22
SIM5
SIM1
SIM2
SIM3
SIM4
1
21
22
SIM5
SIM1
SIM2
SIM3
SIM4
1
21
22
SIM5
SIM1
SIM2
SIM3
SIM4
1
21
22
SIM5
SIM1
SIM2
SIM3
SIM4
1
21
22
SIM5
SIM1
SIM2
SIM3
SIM4
1
21
22
SIM5
SIM1
SIM2
SIM3
SIM4
1
21
22
SIM5
SIM1
SIM2
SIM3
SIM4
1
21
22
SIM5
SIM1
SIM2
SIM3
SIM4
1
21
22
SIM5
SIM1
SIM2
SIM3
SIM4
1
21
22
SIM5
SIM1
SIM2
SIM3
SIM4
1
21
22
SIM5
SIM1
SIM2
SIM3
SIM4
1
21
22
SIM5
SIM1
SIM2
SIM3
SIM4
1
21
22
SIM5
SIM1
SIM2
SIM3
SIM4
1
21
22
SIM5
SIM1
SIM2
SIM3
SIM4
1
21
22
SIM5
SIM1
SIM2
SIM3
SIM4
1
21
22
SIM5
SIM1
SIM2
SIM3
SIM4
1
21
22
SIM5
SIM1
SIM2
SIM3
SIM4
1
21
22
SIM5
SIM1
SIM2
SIM3
SIM4
1
21
22
SIM5
SIM1
SIM2
SIM3
SIM4
1
21
22
SIM5
SIM1
SIM2
SIM3
SIM4
1
21
22
SIM5
SIM1
SIM2
SIM3
SIM4
1
21
22
SIM5
SIM1
SIM2
SIM3
SIM4
1
21
22
SIM5
SIM1
SIM2
SIM3
SIM4
1
21
22
SIM5
SIM1
SIM2
SIM3
SIM4
1
21
22
SIM5
SIM1
SIM2
SIM3
SIM4
1
21
22
SIM5
SIM1
SIM2
SIM3
SIM4
1
21
22
SIM5
SIM1
SIM2
SIM3
SIM4
1
21
22
SIM5
SIM1
SIM2
SIM3
SIM4
1
21
22
SIM5
SIM1
SIM2
SIM3
SIM4
1
21
22
SIM5
SIM1
SIM2
SIM3
SIM4
1
21
22
SIM5
SIM1
SIM2
SIM3
SIM4
1
21
22
SIM5
SIM1
SIM2
SIM3
SIM4
1
21
22
SIM5
SIM1
SIM2
SIM3
SIM4
1
21
22
SIM5
SIM1
SIM2
SIM3
SIM4
1
21
22
SIM5
SIM1
SIM2
SIM3
SIM4
1
21
22
SIM5
SIM1
SIM2
SIM3
SIM4
1
21
22
SIM5
SIM1
SIM2
SIM3
SIM4
1
21
22
SIM5
SIM1
SIM2
SIM3
SIM4
1
21
22
SIM5
SIM1
SIM2
SIM3
SIM4
1
21
22
SIM5
SIM1
SIM2
SIM3
SIM4
1
21
22
SIM5
SIM1
SIM2
SIM3
SIM4
1
21
22
SIM5
SIM1
SIM2
SIM3
SIM4
1
21
22
SIM5
SIM1
SIM2
SIM3
SIM4
1
21
22
SIM5
SIM1
SIM2
SIM3
SIM4
1
21
22
SIM5
SIM1
SIM2
SIM3
SIM4
1
21
22
SIM5
SIM1
SIM2
SIM3
SIM4
1
21
22
SIM5
SIM1
SIM2
SIM3
SIM4
1
21
22
SIM5
SIM1
SIM2
SIM3
SIM4
1
21
22
SIM5
SIM1
SIM2
SIM3
SIM4
1
21
22
SIM5
SIM1
SIM2
SIM3
SIM4
1
21
22
SIM5
SIM1
SIM2
SIM3
SIM4
1
21
22
SIM5
SIM1
SIM2
SIM3
SIM4
1
21
22
SIM5
SIM1
SIM2
SIM3
SIM4
1
21
22
SIM5
SIM1
SIM2
SIM3
SIM4
1
21
22
SIM5
SIM1
SIM2
SIM3
SIM4
1
21
22
SIM5
SIM1
SIM2
SIM3
SIM4
1
21
22
SIM5
SIM1
SIM2
SIM3
SIM4
1
21
22
SIM5
SIM1
SIM2
SIM3
SIM4
1
21
22
SIM5
SIM1
SIM2
SIM3
SIM4
1
21
22
SIM5
SIM1
SIM2
SIM3
SIM4
1
21
22
SIM5
SIM1
SIM2
SIM3
SIM4
1
21
22
SIM5
SIM1
SIM2
SIM3
SIM4
1
21
22
SIM5
SIM1
SIM2
SIM3
SIM4
1
21
22
SIM5
SIM1
SIM2
SIM3
SIM4
1
21
22
SIM5
SIM1
SIM2
SIM3
SIM4
1
21
22
SIM5
SIM1
SIM2
SIM3
SIM4
1
21
22
SIM5
SIM1
SIM2
SIM3
SIM4
1
21
22
SIM5
SIM1
SIM2
SIM3
SIM4
1
21
22
SIM5
SIM1
SIM2
SIM3
SIM4
1
21
22
SIM5
SIM1
SIM2
SIM3
SIM4
1
21
22
SIM5
SIM1
SIM2
SIM3
SIM4
1
21
22
SIM5
SIM1
SIM2
SIM3
SIM4
1
21
22
SIM5
SIM1
SIM2
SIM3
SIM4
1
21
22
SIM5
SIM1
SIM2
SIM3
SIM4
1
21
22
SIM5
SIM1
SIM2
SIM3
SIM4
1
21
22
SIM5
SIM1
SIM2
SIM3
SIM4
1
21
22
SIM5
SIM1
SIM2
SIM3
SIM4
1
21
22
SIM5
SIM1
SIM2
SIM3
SIM4
1
21
22
SIM5
SIM1
SIM2
SIM3
SIM4
1
21
22
SIM5
SIM1
SIM2
SIM3
SIM4
1
21
22
SIM5
SIM1
SIM2
SIM3
SIM4
1
21
22
SIM5
SIM1
SIM2
SIM3
SIM4
1
21
22
SIM5
SIM1
SIM2
SIM3
SIM4
1
21
22
SIM5
SIM1
SIM2
SIM3
SIM4
1
21
22
SIM5
SIM1
SIM2
SIM3
SIM4
1
21
22
SIM5
SIM1
SIM2
SIM3
SIM4
1
21
22
SIM5
SIM1
SIM2
SIM3
SIM4
1
21
22
SIM5
SIM1
SIM2
SIM3
SIM4
1
21
22
SIM5
SIM1
SIM2
SIM3
SIM4
1
21
22
SIM5
SIM1
SIM2
SIM3
SIM4
1
21
22
SIM5
SIM1
SIM2
SIM3
SIM4
1
21
22
SIM5
SIM1
SIM2
SIM3
SIM4
1
21
22
SIM5
SIM1
SIM2
SIM3
SIM4
1
21
22
SIM5
SIM1
SIM2
SIM3
SIM4
1
21
22
SIM5
SIM1
SIM2
SIM3
SIM4
1
21
22
SIM5
SIM1
SIM2
SIM3
SIM4
1
21
22
SIM5
SIM1
SIM2
DEBUG 1 440
SIM1
SIM2
SIM3
SIM4
1
21
22
SIM5
SIM1
SIM2
SIM3
SIM4
1
21
22
SIM5
SIM1
SIM2
SIM3
SIM4
1
21
22
SIM5
SIM1
SIM2
SIM3
SIM4
1
21
22
SIM5
SIM1
SIM2
SIM3
SIM4
1
21
22
SIM5
SIM1
SIM2
SIM3
SIM4
1
21
22
SIM5
SIM1
SIM2
SIM3
SIM4
1
21
22
SIM5
SIM1
SIM2
SIM3
SIM4
1
21
22
SIM5
SIM1
SIM2
SIM3
SIM4
1
21
22
SIM5
SIM1
SIM2
SIM3
SIM4
1
21
22
SIM5
SIM1
SIM2
SIM3
SIM4
1
21
22
SIM5
SIM1
SIM2
SIM3
SIM4
1
21
22
SIM5
SIM1
SIM2
SIM3
SIM4
1
21
22
SIM5
SIM1
SIM2
SIM3
SIM4
1
21
22
SIM5
SIM1
SIM2
SIM3
SIM4
1
21
22
SIM5
SIM1
SIM2
SIM3
SIM4
1
21
22
SIM5
SIM1
SIM2
SIM3
SIM4
1
21
22
SIM5
SIM1
SIM2
SIM3
SIM4
1
21
22
SIM5
SIM1
SIM2
SIM3
SIM4
1
21
22
SIM5
SIM1
SIM2
SIM3
SIM4
1
21
22
SIM5
SIM1
SIM2
SIM3
SIM4
1
21
22
SIM5
SIM1
SIM2
SIM3
SIM4
1
21
22
SIM5
SIM1
SIM2
SIM3
SIM4
1
21
22
SIM5
SIM1
SIM2
SIM3
SIM4
1
21
22
SIM5
SIM1
SIM2
SIM3
SIM4
1
21
22
SIM5
SIM1
SIM2
SIM3
SIM4
1
21
22
SIM5
SIM1
SIM2
SIM3
SIM4
1
21
22
SIM5
SIM1
SIM2
SIM3
SIM4
1
21
22
SIM5
SIM1
SIM2
SIM3
SIM4
1
21
22
SIM5
SIM1
SIM2
SIM3
SIM4
1
21
22
SIM5
SIM1
SIM2
SIM3
SIM4
1
21
22
SIM5
SIM1
SIM2
SIM3
SIM4
1
21
22
SIM5
SIM1
SIM2
SIM3
SIM4
1
21
22
SIM5
SIM1
SIM2
SIM3
SIM4
1
21
22
SIM5
SIM1
SIM2
SIM3
SIM4
1
21
22
SIM5
SIM1
SIM2
SIM3
SIM4
1
21
22
SIM5
SIM1
SIM2
SIM3
SIM4
1
21
22
SIM5
SIM1
SIM2
SIM3
SIM4
1
21
22
SIM5
SIM1
SIM2
SIM3
SIM4
1
21
22
SIM5
SIM1
SIM2
SIM3
SIM4
1
21
22
SIM5
SIM1
SIM2
SIM3
SIM4
1
21
22
SIM5
SIM1
SIM2
SIM3
SIM4
1
21
22
SIM5
SIM1
SIM2
SIM3
SIM4
1
21
22
SIM5
SIM1
SIM2
SIM3
SIM4
1
21
22
SIM5
SIM1
SIM2
SIM3
SIM4
1
21
22
SIM5
SIM1
SIM2
SIM3
SIM4
1
21
22
SIM5
SIM1
SIM2
SIM3
SIM4
1
21
22
SIM5
SIM1
SIM2
SIM3
SIM4
1
21
22
SIM5
SIM1
SIM2
SIM3
SIM4
1
21
22
SIM5
SIM1
SIM2
SIM3
SIM4
1
21
22
SIM5
SIM1
SIM2
SIM3
SIM4
1
21
22
SIM5
SIM1
SIM2
SIM3
SIM4
1
21
22
SIM5
SIM1
SIM2
SIM3
SIM4
1
21
22
SIM5
SIM1
SIM2
SIM3
SIM4
1
21
22
SIM5
SIM1
SIM2
SIM3
SIM4
1
21
22
SIM5
SIM1
SIM2
SIM3
SIM4
1
21
22
SIM5
SIM1
SIM2
SIM3
SIM4
1
21
22
SIM5
SIM1
SIM2
SIM3
SIM4
1
21
22
SIM5
SIM1
SIM2
SIM3
SIM4
1
21
22
SIM5
SIM1
SIM2
SIM3
SIM4
1
21
22
SIM5
SIM1
SIM2
SIM3
SIM4
1
21
22
SIM5
SIM1
SIM2
SIM3
SIM4
1
21
22
SIM5
SIM1
SIM2
SIM3
SIM4
1
21
22
SIM5
SIM1
SIM2
SIM3
SIM4
1
21
22
SIM5
SIM1
SIM2
SIM3
SIM4
1
21
22
SIM5
SIM1
SIM2
SIM3
SIM4
1
21
22
SIM5
SIM1
SIM2
SIM3
SIM4
1
21
22
SIM5
SIM1
SIM2
SIM3
SIM4
1
21
22
SIM5
SIM1
SIM2
SIM3
SIM4
1
21
22
SIM5
SIM1
SIM2
SIM3
SIM4
1
21
22
SIM5
SIM1
SIM2
SIM3
SIM4
1
21
22
SIM5
SIM1
SIM2
SIM3
SIM4
1
21
22
SIM5
SIM1
SIM2
SIM3
SIM4
1
21
22
SIM5
SIM1
SIM2
SIM3
SIM4
1
21
22
SIM5
SIM1
SIM2
SIM3
SIM4
1
21
22
SIM5
SIM1
SIM2
SIM3
SIM4
1
21
22
SIM5
SIM1
SIM2
SIM3
SIM4
1
21
22
SIM5
SIM1
SIM2
SIM3
SIM4
1
21
22
SIM5
SIM1
SIM2
SIM3
SIM4
1
21
22
SIM5
SIM1
SIM2
SIM3
SIM4
1
21
22
SIM5
SIM1
SIM2
SIM3
SIM4
1
21
22
SIM5
SIM1
SIM2
SIM3
SIM4
1
21
22
SIM5
SIM1
SIM2
SIM3
SIM4
1
21
22
SIM5
SIM1
SIM2
SIM3
SIM4
1
21
22
SIM5
SIM1
SIM2
SIM3
SIM4
1
21
22
SIM5
SIM1
SIM2
SIM3
SIM4
1
21
22
SIM5
SIM1
SIM2
SIM3
SIM4
1
21
22
SIM5
SIM1
SIM2
SIM3
SIM4
1
21
22
SIM5
SIM1
SIM2
SIM3
SIM4
1
21
22
SIM5
SIM1
SIM2
SIM3
SIM4
1
21
22
SIM5
SIM1
SIM2
SIM3
SIM4
1
21
22
SIM5
SIM1
SIM2
SIM3
SIM4
1
21
22
SIM5
SIM1
SIM2
SIM3
SIM4
1
21
22
SIM5
SIM1
SIM2
SIM3
SIM4
1
21
22
SIM5
SIM1
SIM2
SIM3
SIM4
1
21
22
SIM5
SIM1
SIM2
SIM3
SIM4
1
21
22
SIM5
SIM1
SIM2
SIM3
SIM4
1
21
22
SIM5
SIM1
SIM2
SIM3
SIM4
1
21
22
SIM5
SIM1
SIM2
SIM3
SIM4
1
21
22
SIM5
SIM1
SIM2
SIM3
SIM4
1
21
22
SIM5
SIM1
SIM2
SIM3
SIM4
1
21
22
SIM5
SIM1
SIM2
SIM3
SIM4
1
21
22
SIM5
SIM1
SIM2
SIM3
SIM4
1
21
22
SIM5
SIM1
SIM2
SIM3
SIM4
1
21
22
SIM5
SIM1
SIM2
SIM3
SIM4
1
21
22
SIM5
SIM1
SIM2
SIM3
SIM4
1
21
22
SIM5
SIM1
SIM2
SIM3
SIM4
1
21
22
SIM5
SIM1
SIM2
SIM3
SIM4
1
21
22
SIM5
SIM1
SIM2
SIM3
SIM4
1
21
22
SIM5
SIM1
SIM2
SIM3
SIM4
1
21
22
SIM5
SIM1
SIM2
SIM3
SIM4
1
21
22
SIM5
SIM1
SIM2
SIM3
SIM4
1
21
22
SIM5
SIM1
SIM2
SIM3
SIM4
1
21
22
SIM5
SIM1
SIM2
SIM3
SIM4
1
21
22
SIM5
SIM1
SIM2
SIM3
SIM4
1
21
22
SIM5
SIM1
SIM2
SIM3
SIM4
1
21
22
SIM5
SIM1
SIM2
SIM3
SIM4
1
21
22
SIM5
SIM1
SIM2
SIM3
SIM4
1
21
22
SIM5
SIM1
SIM2
SIM3
SIM4
1
21
22
SIM5
SIM1
SIM2
SIM3
SIM4
1
21
22
SIM5
SIM1
SIM2
SIM3
SIM4
1
21
22
SIM5
SIM1
SIM2
SIM3
SIM4
1
21
22
SIM5
SIM1
SIM2
SIM3
SIM4
1
21
22
SIM5
SIM1
SIM2
SIM3
SIM4
1
21
22
SIM5
SIM1
SIM2
SIM3
SIM4
1
21
22
SIM5
SIM1
SIM2
SIM3
SIM4
1
21
22
SIM5
SIM1
SIM2
SIM3
SIM4
1
21
22
SIM5
SIM1
SIM2
SIM3
SIM4
1
21
22
SIM5
SIM1
SIM2
SIM3
SIM4
1
21
22
SIM5
SIM1
SIM2
SIM3
SIM4
1
21
22
SIM5
SIM1
SIM2
SIM3
SIM4
1
21
22
SIM5
SIM1
SIM2
SIM3
SIM4
1
21
22
SIM5
SIM1
SIM2
SIM3
SIM4
1
21
22
SIM5
SIM1
SIM2
SIM3
SIM4
1
21
22
SIM5
SIM1
SIM2
SIM3
SIM4
1
21
22
SIM5
SIM1
SIM2
SIM3
SIM4
1
21
22
SIM5
SIM1
SIM2
SIM3
SIM4
1
21
22
SIM5
SIM1
SIM2
SIM3
SIM4
1
21
22
SIM5
SIM1
SIM2
SIM3
SIM4
1
21
22
SIM5
SIM1
SIM2
SIM3
SIM4
1
21
22
SIM5
SIM1
SIM2
DEBUG 1 441
SIM1
SIM2
SIM3
SIM4
1
21
22
SIM5
SIM1
SIM2
SIM3
SIM4
1
21
22
SIM5
SIM1
SIM2
SIM3
SIM4
1
21
22
SIM5
SIM1
SIM2
SIM3
SIM4
1
21
22
SIM5
SIM1
SIM2
SIM3
SIM4
1
21
22
SIM5
SIM1
SIM2
SIM3
SIM4
1
21
22
SIM5
SIM1
SIM2
SIM3
SIM4
1
21
22
SIM5
SIM1
SIM2
SIM3
SIM4
1
21
22
SIM5
SIM1
SIM2
SIM3
SIM4
1
21
22
SIM5
SIM1
SIM2
SIM3
SIM4
1
21
22
SIM5
SIM1
SIM2
SIM3
SIM4
1
21
22
SIM5
SIM1
SIM2
SIM3
SIM4
1
21
22
SIM5
SIM1
SIM2
SIM3
SIM4
1
21
22
SIM5
SIM1
SIM2
SIM3
SIM4
1
21
22
SIM5
SIM1
SIM2
SIM3
SIM4
1
21
22
SIM5
SIM1
SIM2
SIM3
SIM4
1
21
22
SIM5
SIM1
SIM2
SIM3
SIM4
1
21
22
SIM5
SIM1
SIM2
SIM3
SIM4
1
21
22
SIM5
SIM1
SIM2
SIM3
SIM4
1
21
22
SIM5
SIM1
SIM2
SIM3
SIM4
1
21
22
SIM5
SIM1
SIM2
SIM3
SIM4
1
21
22
SIM5
SIM1
SIM2
SIM3
SIM4
1
21
22
SIM5
SIM1
SIM2
SIM3
SIM4
1
21
22
SIM5
SIM1
SIM2
SIM3
SIM4
1
21
22
SIM5
SIM1
SIM2
SIM3
SIM4
1
21
22
SIM5
SIM1
SIM2
SIM3
SIM4
1
21
22
SIM5
SIM1
SIM2
SIM3
SIM4
1
21
22
SIM5
SIM1
SIM2
SIM3
SIM4
1
21
22
SIM5
SIM1
SIM2
SIM3
SIM4
1
21
22
SIM5
SIM1
SIM2
SIM3
SIM4
1
21
22
SIM5
SIM1
SIM2
SIM3
SIM4
1
21
22
SIM5
SIM1
SIM2
SIM3
SIM4
1
21
22
SIM5
SIM1
SIM2
SIM3
SIM4
1
21
22
SIM5
SIM1
SIM2
SIM3
SIM4
1
21
22
SIM5
SIM1
SIM2
SIM3
SIM4
1
21
22
SIM5
SIM1
SIM2
SIM3
SIM4
1
21
22
SIM5
SIM1
SIM2
SIM3
SIM4
1
21
22
SIM5
SIM1
SIM2
SIM3
SIM4
1
21
22
SIM5
SIM1
SIM2
SIM3
SIM4
1
21
22
SIM5
SIM1
SIM2
SIM3
SIM4
1
21
22
SIM5
SIM1
SIM2
SIM3
SIM4
1
21
22
SIM5
SIM1
SIM2
SIM3
SIM4
1
21
22
SIM5
SIM1
SIM2
SIM3
SIM4
1
21
22
SIM5
SIM1
SIM2
SIM3
SIM4
1
21
22
SIM5
SIM1
SIM2
SIM3
SIM4
1
21
22
SIM5
SIM1
SIM2
SIM3
SIM4
1
21
22
SIM5
SIM1
SIM2
SIM3
SIM4
1
21
22
SIM5
SIM1
SIM2
SIM3
SIM4
1
21
22
SIM5
SIM1
SIM2
SIM3
SIM4
1
21
22
SIM5
SIM1
SIM2
SIM3
SIM4
1
21
22
SIM5
SIM1
SIM2
SIM3
SIM4
1
21
22
SIM5
SIM1
SIM2
SIM3
SIM4
1
21
22
SIM5
SIM1
SIM2
SIM3
SIM4
1
21
22
SIM5
SIM1
SIM2
SIM3
SIM4
1
21
22
SIM5
SIM1
SIM2
SIM3
SIM4
1
21
22
SIM5
SIM1
SIM2
SIM3
SIM4
1
21
22
SIM5
SIM1
SIM2
SIM3
SIM4
1
21
22
SIM5
SIM1
SIM2
SIM3
SIM4
1
21
22
SIM5
SIM1
SIM2
SIM3
SIM4
1
21
22
SIM5
SIM1
SIM2
SIM3
SIM4
1
21
22
SIM5
SIM1
SIM2
SIM3
SIM4
1
21
22
SIM5
SIM1
SIM2
SIM3
SIM4
1
21
22
SIM5
SIM1
SIM2
SIM3
SIM4
1
21
22
SIM5
SIM1
SIM2
SIM3
SIM4
1
21
22
SIM5
SIM1
SIM2
SIM3
SIM4
1
21
22
SIM5
SIM1
SIM2
SIM3
SIM4
1
21
22
SIM5
SIM1
SIM2
SIM3
SIM4
1
21
22
SIM5
SIM1
SIM2
SIM3
SIM4
1
21
22
SIM5
SIM1
SIM2
SIM3
SIM4
1
21
22
SIM5
SIM1
SIM2
SIM3
SIM4
1
21
22
SIM5
SIM1
SIM2
SIM3
SIM4
1
21
22
SIM5
SIM1
SIM2
SIM3
SIM4
1
21
22
SIM5
SIM1
SIM2
SIM3
SIM4
1
21
22
SIM5
SIM1
SIM2
SIM3
SIM4
1
21
22
SIM5
SIM1
SIM2
SIM3
SIM4
1
21
22
SIM5
SIM1
SIM2
SIM3
SIM4
1
21
22
SIM5
SIM1
SIM2
SIM3
SIM4
1
21
22
SIM5
SIM1
SIM2
SIM3
SIM4
1
21
22
SIM5
SIM1
SIM2
SIM3
SIM4
1
21
22
SIM5
SIM1
SIM2
SIM3
SIM4
1
21
22
SIM5
SIM1
SIM2
SIM3
SIM4
1
21
22
SIM5
SIM1
SIM2
SIM3
SIM4
1
21
22
SIM5
SIM1
SIM2
SIM3
SIM4
1
21
22
SIM5
SIM1
SIM2
SIM3
SIM4
1
21
22
SIM5
SIM1
SIM2
SIM3
SIM4
1
21
22
SIM5
SIM1
SIM2
SIM3
SIM4
1
21
22
SIM5
SIM1
SIM2
SIM3
SIM4
1
21
22
SIM5
SIM1
SIM2
SIM3
SIM4
1
21
22
SIM5
SIM1
SIM2
SIM3
SIM4
1
21
22
SIM5
SIM1
SIM2
SIM3
SIM4
1
21
22
SIM5
SIM1
SIM2
SIM3
SIM4
1
21
22
SIM5
SIM1
SIM2
SIM3
SIM4
1
21
22
SIM5
SIM1
SIM2
SIM3
SIM4
1
21
22
SIM5
SIM1
SIM2
SIM3
SIM4
1
21
22
SIM5
SIM1
SIM2
SIM3
SIM4
1
21
22
SIM5
SIM1
SIM2
SIM3
SIM4
1
21
22
SIM5
SIM1
SIM2
SIM3
SIM4
1
21
22
SIM5
SIM1
SIM2
SIM3
SIM4
1
21
22
SIM5
SIM1
SIM2
SIM3
SIM4
1
21
22
SIM5
SIM1
SIM2
SIM3
SIM4
1
21
22
SIM5
SIM1
SIM2
SIM3
SIM4
1
21
22
SIM5
SIM1
SIM2
SIM3
SIM4
1
21
22
SIM5
SIM1
SIM2
SIM3
SIM4
1
21
22
SIM5
SIM1
SIM2
SIM3
SIM4
1
21
22
SIM5
SIM1
SIM2
SIM3
SIM4
1
21
22
SIM5
SIM1
SIM2
SIM3
SIM4
1
21
22
SIM5
SIM1
SIM2
SIM3
SIM4
1
21
22
SIM5
SIM1
SIM2
SIM3
SIM4
1
21
22
SIM5
SIM1
SIM2
SIM3
SIM4
1
21
22
SIM5
SIM1
SIM2
SIM3
SIM4
1
21
22
SIM5
SIM1
SIM2
SIM3
SIM4
1
21
22
SIM5
SIM1
SIM2
SIM3
SIM4
1
21
22
SIM5
SIM1
SIM2
SIM3
SIM4
1
21
22
SIM5
SIM1
SIM2
SIM3
SIM4
1
21
22
SIM5
SIM1
SIM2
SIM3
SIM4
1
21
22
SIM5
SIM1
SIM2
SIM3
SIM4
1
21
22
SIM5
SIM1
SIM2
SIM3
SIM4
1
21
22
SIM5
SIM1
SIM2
SIM3
SIM4
1
21
22
SIM5
SIM1
SIM2
SIM3
SIM4
1
21
22
SIM5
SIM1
SIM2
SIM3
SIM4
1
21
22
SIM5
SIM1
SIM2
SIM3
SIM4
1
21
22
SIM5
SIM1
SIM2
SIM3
SIM4
1
21
22
SIM5
SIM1
SIM2
SIM3
SIM4
1
21
22
SIM5
SIM1
SIM2
SIM3
SIM4
1
21
22
SIM5
SIM1
SIM2
SIM3
SIM4
1
21
22
SIM5
SIM1
SIM2
SIM3
SIM4
1
21
22
SIM5
SIM1
SIM2
SIM3
SIM4
1
21
22
SIM5
SIM1
SIM2
SIM3
SIM4
1
21
22
SIM5
SIM1
SIM2
SIM3
SIM4
1
21
22
SIM5
SIM1
SIM2
SIM3
SIM4
1
21
22
SIM5
SIM1
SIM2
SIM3
SIM4
1
21
22
SIM5
SIM1
SIM2
SIM3
SIM4
1
21
22
SIM5
SIM1
SIM2
SIM3
SIM4
1
21
22
SIM5
SIM1
SIM2
SIM3
SIM4
1
21
22
SIM5
SIM1
SIM2
SIM3
SIM4
1
21
22
SIM5
SIM1
SIM2
SIM3
SIM4
1
21
22
SIM5
SIM1
SIM2
SIM3
SIM4
1
21
22
SIM5
SIM1
SIM2
SIM3
SIM4
1
21
22
SIM5
SIM1
SIM2
SIM3
SIM4
1
21
22
SIM5
SIM1
SIM2
SIM3
SIM4
1
21
22
SIM5
SIM1
SIM2
SIM3
SIM4
1
21
22
SIM5
SIM1
SIM2
DEBUG 1 442
SIM1
SIM2
SIM3
SIM4
1
21
22
SIM5
SIM1
SIM2
SIM3
SIM4
1
21
22
SIM5
SIM1
SIM2
SIM3
SIM4
1
21
22
SIM5
SIM1
SIM2
SIM3
SIM4
1
21
22
SIM5
SIM1
SIM2
SIM3
SIM4
1
21
22
SIM5
SIM1
SIM2
SIM3
SIM4
1
21
22
SIM5
SIM1
SIM2
SIM3
SIM4
1
21
22
SIM5
SIM1
SIM2
SIM3
SIM4
1
21
22
SIM5
SIM1
SIM2
SIM3
SIM4
1
21
22
SIM5
SIM1
SIM2
SIM3
SIM4
1
21
22
SIM5
SIM1
SIM2
SIM3
SIM4
1
21
22
SIM5
SIM1
SIM2
SIM3
SIM4
1
21
22
SIM5
SIM1
SIM2
SIM3
SIM4
1
21
22
SIM5
SIM1
SIM2
SIM3
SIM4
1
21
22
SIM5
SIM1
SIM2
SIM3
SIM4
1
21
22
SIM5
SIM1
SIM2
SIM3
SIM4
1
21
22
SIM5
SIM1
SIM2
SIM3
SIM4
1
21
22
SIM5
SIM1
SIM2
SIM3
SIM4
1
21
22
SIM5
SIM1
SIM2
SIM3
SIM4
1
21
22
SIM5
SIM1
SIM2
SIM3
SIM4
1
21
22
SIM5
SIM1
SIM2
SIM3
SIM4
1
21
22
SIM5
SIM1
SIM2
SIM3
SIM4
1
21
22
SIM5
SIM1
SIM2
SIM3
SIM4
1
21
22
SIM5
SIM1
SIM2
SIM3
SIM4
1
21
22
SIM5
SIM1
SIM2
SIM3
SIM4
1
21
22
SIM5
SIM1
SIM2
SIM3
SIM4
1
21
22
SIM5
SIM1
SIM2
SIM3
SIM4
1
21
22
SIM5
SIM1
SIM2
SIM3
SIM4
1
21
22
SIM5
SIM1
SIM2
SIM3
SIM4
1
21
22
SIM5
SIM1
SIM2
SIM3
SIM4
1
21
22
SIM5
SIM1
SIM2
SIM3
SIM4
1
21
22
SIM5
SIM1
SIM2
SIM3
SIM4
1
21
22
SIM5
SIM1
SIM2
SIM3
SIM4
1
21
22
SIM5
SIM1
SIM2
SIM3
SIM4
1
21
22
SIM5
SIM1
SIM2
SIM3
SIM4
1
21
22
SIM5
SIM1
SIM2
SIM3
SIM4
1
21
22
SIM5
SIM1
SIM2
SIM3
SIM4
1
21
22
SIM5
SIM1
SIM2
SIM3
SIM4
1
21
22
SIM5
SIM1
SIM2
SIM3
SIM4
1
21
22
SIM5
SIM1
SIM2
SIM3
SIM4
1
21
22
SIM5
SIM1
SIM2
SIM3
SIM4
1
21
22
SIM5
SIM1
SIM2
SIM3
SIM4
1
21
22
SIM5
SIM1
SIM2
SIM3
SIM4
1
21
22
SIM5
SIM1
SIM2
SIM3
SIM4
1
21
22
SIM5
SIM1
SIM2
SIM3
SIM4
1
21
22
SIM5
SIM1
SIM2
SIM3
SIM4
1
21
22
SIM5
SIM1
SIM2
SIM3
SIM4
1
21
22
SIM5
SIM1
SIM2
SIM3
SIM4
1
21
22
SIM5
SIM1
SIM2
SIM3
SIM4
1
21
22
SIM5
SIM1
SIM2
SIM3
SIM4
1
21
22
SIM5
SIM1
SIM2
SIM3
SIM4
1
21
22
SIM5
SIM1
SIM2
SIM3
SIM4
1
21
22
SIM5
SIM1
SIM2
SIM3
SIM4
1
21
22
SIM5
SIM1
SIM2
SIM3
SIM4
1
21
22
SIM5
SIM1
SIM2
SIM3
SIM4
1
21
22
SIM5
SIM1
SIM2
SIM3
SIM4
1
21
22
SIM5
SIM1
SIM2
SIM3
SIM4
1
21
22
SIM5
SIM1
SIM2
SIM3
SIM4
1
21
22
SIM5
SIM1
SIM2
SIM3
SIM4
1
21
22
SIM5
SIM1
SIM2
SIM3
SIM4
1
21
22
SIM5
SIM1
SIM2
SIM3
SIM4
1
21
22
SIM5
SIM1
SIM2
SIM3
SIM4
1
21
22
SIM5
SIM1
SIM2
SIM3
SIM4
1
21
22
SIM5
SIM1
SIM2
SIM3
SIM4
1
21
22
SIM5
SIM1
SIM2
SIM3
SIM4
1
21
22
SIM5
SIM1
SIM2
SIM3
SIM4
1
21
22
SIM5
SIM1
SIM2
SIM3
SIM4
1
21
22
SIM5
SIM1
SIM2
SIM3
SIM4
1
21
22
SIM5
SIM1
SIM2
SIM3
SIM4
1
21
22
SIM5
SIM1
SIM2
SIM3
SIM4
1
21
22
SIM5
SIM1
SIM2
SIM3
SIM4
1
21
22
SIM5
SIM1
SIM2
SIM3
SIM4
1
21
22
SIM5
SIM1
SIM2
SIM3
SIM4
1
21
22
SIM5
SIM1
SIM2
SIM3
SIM4
1
21
22
SIM5
SIM1
SIM2
SIM3
SIM4
1
21
22
SIM5
SIM1
SIM2
SIM3
SIM4
1
21
22
SIM5
SIM1
SIM2
SIM3
SIM4
1
21
22
SIM5
SIM1
SIM2
SIM3
SIM4
1
21
22
SIM5
SIM1
SIM2
SIM3
SIM4
1
21
22
SIM5
SIM1
SIM2
SIM3
SIM4
1
21
22
SIM5
SIM1
SIM2
SIM3
SIM4
1
21
22
SIM5
SIM1
SIM2
SIM3
SIM4
1
21
22
SIM5
SIM1
SIM2
SIM3
SIM4
1
21
22
SIM5
SIM1
SIM2
SIM3
SIM4
1
21
22
SIM5
SIM1
SIM2
SIM3
SIM4
1
21
22
SIM5
SIM1
SIM2
SIM3
SIM4
1
21
22
SIM5
SIM1
SIM2
SIM3
SIM4
1
21
22
SIM5
SIM1
SIM2
SIM3
SIM4
1
21
22
SIM5
SIM1
SIM2
SIM3
SIM4
1
21
22
SIM5
SIM1
SIM2
SIM3
SIM4
1
21
22
SIM5
SIM1
SIM2
SIM3
SIM4
1
21
22
SIM5
SIM1
SIM2
SIM3
SIM4
1
21
22
SIM5
SIM1
SIM2
SIM3
SIM4
1
21
22
SIM5
SIM1
SIM2
SIM3
SIM4
1
21
22
SIM5
SIM1
SIM2
SIM3
SIM4
1
21
22
SIM5
SIM1
SIM2
SIM3
SIM4
1
21
22
SIM5
SIM1
SIM2
SIM3
SIM4
1
21
22
SIM5
SIM1
SIM2
SIM3
SIM4
1
21
22
SIM5
SIM1
SIM2
SIM3
SIM4
1
21
22
SIM5
SIM1
SIM2
SIM3
SIM4
1
21
22
SIM5
SIM1
SIM2
SIM3
SIM4
1
21
22
SIM5
SIM1
SIM2
SIM3
SIM4
1
21
22
SIM5
SIM1
SIM2
SIM3
SIM4
1
21
22
SIM5
SIM1
SIM2
SIM3
SIM4
1
21
22
SIM5
SIM1
SIM2
SIM3
SIM4
1
21
22
SIM5
SIM1
SIM2
SIM3
SIM4
1
21
22
SIM5
SIM1
SIM2
SIM3
SIM4
1
21
22
SIM5
SIM1
SIM2
SIM3
SIM4
1
21
22
SIM5
SIM1
SIM2
SIM3
SIM4
1
21
22
SIM5
SIM1
SIM2
SIM3
SIM4
1
21
22
SIM5
SIM1
SIM2
SIM3
SIM4
1
21
22
SIM5
SIM1
SIM2
SIM3
SIM4
1
21
22
SIM5
SIM1
SIM2
SIM3
SIM4
1
21
22
SIM5
SIM1
SIM2
SIM3
SIM4
1
21
22
SIM5
SIM1
SIM2
SIM3
SIM4
1
21
22
SIM5
SIM1
SIM2
SIM3
SIM4
1
21
22
SIM5
SIM1
SIM2
SIM3
SIM4
1
21
22
SIM5
SIM1
SIM2
SIM3
SIM4
1
21
22
SIM5
SIM1
SIM2
SIM3
SIM4
1
21
22
SIM5
SIM1
SIM2
SIM3
SIM4
1
21
22
SIM5
SIM1
SIM2
SIM3
SIM4
1
21
22
SIM5
SIM1
SIM2
SIM3
SIM4
1
21
22
SIM5
SIM1
SIM2
SIM3
SIM4
1
21
22
SIM5
SIM1
SIM2
SIM3
SIM4
1
21
22
SIM5
SIM1
SIM2
SIM3
SIM4
1
21
22
SIM5
SIM1
SIM2
SIM3
SIM4
1
21
22
SIM5
SIM1
SIM2
SIM3
SIM4
1
21
22
SIM5
SIM1
SIM2
SIM3
SIM4
1
21
22
SIM5
SIM1
SIM2
SIM3
SIM4
1
21
22
SIM5
SIM1
SIM2
SIM3
SIM4
1
21
22
SIM5
SIM1
SIM2
SIM3
SIM4
1
21
22
SIM5
SIM1
SIM2
SIM3
SIM4
1
21
22
SIM5
SIM1
SIM2
SIM3
SIM4
1
21
22
SIM5
SIM1
SIM2
SIM3
SIM4
1
21
22
SIM5
SIM1
SIM2
SIM3
SIM4
1
21
22
SIM5
SIM1
SIM2
SIM3
SIM4
1
21
22
SIM5
SIM1
SIM2
SIM3
SIM4
1
21
22
SIM5
SIM1
SIM2
SIM3
SIM4
1
21
22
SIM5
SIM1
SIM2
SIM3
SIM4
1
21
22
SIM5
SIM1
SIM2
SIM3
SIM4
1
21
22
SIM5
SIM1
SIM2
SIM3
SIM4
1
21
22
SIM5
SIM1
SIM2
SIM3
SIM4
1
21
22
SIM5
SIM1
SIM2
SIM3
SIM4
1
21
22
SIM5
SIM1
SIM2
SIM3
SIM4
1
21
22
SIM5
SIM1
SIM2
SIM3
SIM4
1
21
22
SIM5
SIM1
SIM2
SIM3
SIM4
1
21
22
SIM5
SIM1
SIM2
SIM3
SIM4
1
21
22
SIM5
SIM1
SIM2
SIM3
SIM4
1
21
22
SIM5
SIM1
SIM2
SIM3
SIM4
1
21
22
SIM5
SIM1
SIM2
SIM3
SIM4
1
21
22
SIM5
SIM1
SIM2
SIM3
SIM4
1
21
22
SIM5
SIM1
SIM2
SIM3
SIM4
1
21
22
SIM5
SIM1
SIM2
SIM3
SIM4
1
21
22
SIM5
SIM1
SIM2
SIM3
SIM4
1
21
22
SIM5
SIM1
SIM2
SIM3
SIM4
1
21
22
SIM5
SIM1
SIM2
SIM3
SIM4
1
21
22
SIM5
SIM1
SIM2
SIM3
SIM4
1
21
22
SIM5
SIM1
SIM2
SIM3
SIM4
1
21
22
SIM5
SIM1
SIM2
SIM3
SIM4
1
21
22
SIM5
SIM1
SIM2
SIM3
SIM4
1
21
22
SIM5
SIM1
SIM2
SIM3
SIM4
1
21
22
SIM5
SIM1
SIM2
SIM3
SIM4
1
21
22
SIM5
SIM1
SIM2
SIM3
SIM4
1
21
22
SIM5
SIM1
SIM2
SIM3
SIM4
1
21
22
SIM5
SIM1
SIM2
SIM3
SIM4
1
21
22
SIM5
SIM1
SIM2
SIM3
SIM4
1
21
22
SIM5
SIM1
SIM2
SIM3
SIM4
1
21
22
SIM5
SIM1
SIM2
SIM3
SIM4
1
21
22
SIM5
SIM1
SIM2
SIM3
SIM4
1
21
22
SIM5
SIM1
SIM2
SIM3
SIM4
1
21
22
SIM5
SIM1
SIM2
SIM3
SIM4
1
21
22
SIM5
SIM1
SIM2
SIM3
SIM4
1
21
22
SIM5
SIM1
SIM2
SIM3
SIM4
1
21
22
SIM5
SIM1
SIM2
SIM3
SIM4
1
21
22
SIM5
SIM1
SIM2
SIM3
SIM4
1
21
22
SIM5
SIM1
SIM2
SIM3
SIM4
1
21
22
SIM5
SIM1
SIM2
SIM3
SIM4
1
21
22
SIM5
SIM1
SIM2
SIM3
SIM4
1
21
22
SIM5
SIM1
SIM2
SIM3
SIM4
1
21
22
SIM5
SIM1
SIM2
SIM3
SIM4
1
21
22
SIM5
SIM1
SIM2
SIM3
SIM4
1
21
22
SIM5
SIM1
SIM2
SIM3
SIM4
1
21
22
SIM5
SIM1
SIM2
SIM3
SIM4
1
21
22
SIM5
SIM1
SIM2
SIM3
SIM4
1
21
22
SIM5
SIM1
SIM2
SIM3
SIM4
1
21
22
SIM5
SIM1
SIM2
SIM3
SIM4
1
21
22
SIM5
SIM1
SIM2
SIM3
SIM4
1
21
22
SIM5
SIM1
SIM2
SIM3
SIM4
1
21
22
SIM5
SIM1
SIM2
SIM3
SIM4
1
21
22
SIM5
SIM1
SIM2
SIM3
SIM4
1
21
22
SIM5
SIM1
SIM2
SIM3
SIM4
1
21
22
SIM5
SIM1
SIM2
SIM3
SIM4
1
21
22
SIM5
SIM1
SIM2
SIM3
SIM4
1
21
22
SIM5
SIM1
SIM2
SIM3
SIM4
1
21
22
SIM5
SIM1
SIM2
SIM3
SIM4
1
21
22
SIM5
SIM1
SIM2
SIM3
SIM4
1
21
22
SIM5
SIM1
SIM2
SIM3
SIM4
1
21
22
SIM5
SIM1
SIM2
SIM3
SIM4
1
21
22
SIM5
SIM1
SIM2
SIM3
SIM4
1
21
22
SIM5
SIM1
SIM2
SIM3
SIM4
1
21
22
SIM5
SIM1
SIM2
SIM3
SIM4
1
21
22
SIM5
SIM1
SIM2
SIM3
SIM4
1
21
22
SIM5
SIM1
SIM2
SIM3
SIM4
1
21
22
SIM5
SIM1
SIM2
SIM3
SIM4
1
21
22
SIM5
SIM1
SIM2
SIM3
SIM4
1
21
22
SIM5
SIM1
SIM2
SIM3
SIM4
1
21
22
SIM5
SIM1
SIM2
SIM3
SIM4
1
21
22
SIM5
SIM1
SIM2
SIM3
SIM4
1
21
22
SIM5
SIM1
SIM2
SIM3
SIM4
1
21
22
SIM5
SIM1
SIM2
SIM3
SIM4
1
21
22
SIM5
SIM1
SIM2
SIM3
SIM4
1
21
22
SIM5
SIM1
SIM2
SIM3
SIM4
1
21
22
SIM5
SIM1
SIM2
SIM3
SIM4
1
21
22
SIM5
SIM1
SIM2
SIM3
SIM4
1
21
22
SIM5
SIM1
SIM2
SIM3
SIM4
1
21
22
SIM5
SIM1
SIM2
SIM3
SIM4
1
21
22
SIM5
SIM1
SIM2
SIM3
SIM4
1
21
22
SIM5
SIM1
SIM2
SIM3
SIM4
1
21
22
SIM5
SIM1
SIM2
SIM3
SIM4
1
21
22
SIM5
SIM1
SIM2
SIM3
SIM4
1
21
22
SIM5
SIM1
SIM2
SIM3
SIM4
1
21
22
SIM5
SIM1
SIM2
SIM3
SIM4
1
21
22
SIM5
SIM1
SIM2
SIM3
SIM4
1
21
22
SIM5
SIM1
SIM2
SIM3
SIM4
1
21
22
SIM5
SIM1
SIM2
SIM3
SIM4
1
21
22
SIM5
SIM1
SIM2
SIM3
SIM4
1
21
22
SIM5
SIM1
SIM2
SIM3
SIM4
1
21
22
SIM5
SIM1
SIM2
SIM3
SIM4
1
21
22
SIM5
SIM1
SIM2
SIM3
SIM4
1
21
22
SIM5
SIM1
SIM2
SIM3
SIM4
1
21
22
SIM5
SIM1
SIM2
SIM3
SIM4
1
21
22
SIM5
SIM1
SIM2
DEBUG 1 443
SIM1
SIM2
SIM3
SIM4
1
21
22
SIM5
SIM1
SIM2
SIM3
SIM4
1
21
22
SIM5
SIM1
SIM2
SIM3
SIM4
1
21
22
SIM5
SIM1
SIM2
SIM3
SIM4
1
21
22
SIM5
SIM1
SIM2
SIM3
SIM4
1
21
22
SIM5
SIM1
SIM2
SIM3
SIM4
1
21
22
SIM5
SIM1
SIM2
SIM3
SIM4
1
21
22
SIM5
SIM1
SIM2
SIM3
SIM4
1
21
22
SIM5
SIM1
SIM2
SIM3
SIM4
1
21
22
SIM5
SIM1
SIM2
SIM3
SIM4
1
21
22
SIM5
SIM1
SIM2
SIM3
SIM4
1
21
22
SIM5
SIM1
SIM2
SIM3
SIM4
1
21
22
SIM5
SIM1
SIM2
SIM3
SIM4
1
21
22
SIM5
SIM1
SIM2
SIM3
SIM4
1
21
22
SIM5
SIM1
SIM2
SIM3
SIM4
1
21
22
SIM5
SIM1
SIM2
SIM3
SIM4
1
21
22
SIM5
SIM1
SIM2
SIM3
SIM4
1
21
22
SIM5
SIM1
SIM2
SIM3
SIM4
1
21
22
SIM5
SIM1
SIM2
SIM3
SIM4
1
21
22
SIM5
SIM1
SIM2
SIM3
SIM4
1
21
22
SIM5
SIM1
SIM2
SIM3
SIM4
1
21
22
SIM5
SIM1
SIM2
SIM3
SIM4
1
21
22
SIM5
SIM1
SIM2
SIM3
SIM4
1
21
22
SIM5
SIM1
SIM2
SIM3
SIM4
1
21
22
SIM5
SIM1
SIM2
SIM3
SIM4
1
21
22
SIM5
SIM1
SIM2
SIM3
SIM4
1
21
22
SIM5
SIM1
SIM2
SIM3
SIM4
1
21
22
SIM5
SIM1
SIM2
SIM3
SIM4
1
21
22
SIM5
SIM1
SIM2
SIM3
SIM4
1
21
22
SIM5
SIM1
SIM2
SIM3
SIM4
1
21
22
SIM5
SIM1
SIM2
SIM3
SIM4
1
21
22
SIM5
SIM1
SIM2
SIM3
SIM4
1
21
22
SIM5
SIM1
SIM2
SIM3
SIM4
1
21
22
SIM5
SIM1
SIM2
SIM3
SIM4
1
21
22
SIM5
SIM1
SIM2
SIM3
SIM4
1
21
22
SIM5
SIM1
SIM2
SIM3
SIM4
1
21
22
SIM5
SIM1
SIM2
SIM3
SIM4
1
21
22
SIM5
SIM1
SIM2
SIM3
SIM4
1
21
22
SIM5
SIM1
SIM2
SIM3
SIM4
1
21
22
SIM5
SIM1
SIM2
SIM3
SIM4
1
21
22
SIM5
SIM1
SIM2
SIM3
SIM4
1
21
22
SIM5
SIM1
SIM2
SIM3
SIM4
1
21
22
SIM5
SIM1
SIM2
SIM3
SIM4
1
21
22
SIM5
SIM1
SIM2
SIM3
SIM4
1
21
22
SIM5
SIM1
SIM2
SIM3
SIM4
1
21
22
SIM5
SIM1
SIM2
SIM3
SIM4
1
21
22
SIM5
SIM1
SIM2
SIM3
SIM4
1
21
22
SIM5
SIM1
SIM2
SIM3
SIM4
1
21
22
SIM5
SIM1
SIM2
SIM3
SIM4
1
21
22
SIM5
SIM1
SIM2
SIM3
SIM4
1
21
22
SIM5
SIM1
SIM2
SIM3
SIM4
1
21
22
SIM5
SIM1
SIM2
SIM3
SIM4
1
21
22
SIM5
SIM1
SIM2
SIM3
SIM4
1
21
22
SIM5
SIM1
SIM2
SIM3
SIM4
1
21
22
SIM5
SIM1
SIM2
SIM3
SIM4
1
21
22
SIM5
SIM1
SIM2
SIM3
SIM4
1
21
22
SIM5
SIM1
SIM2
SIM3
SIM4
1
21
22
SIM5
SIM1
SIM2
SIM3
SIM4
1
21
22
SIM5
SIM1
SIM2
SIM3
SIM4
1
21
22
SIM5
SIM1
SIM2
SIM3
SIM4
1
21
22
SIM5
SIM1
SIM2
SIM3
SIM4
1
21
22
SIM5
SIM1
SIM2
SIM3
SIM4
1
21
22
SIM5
SIM1
SIM2
SIM3
SIM4
1
21
22
SIM5
SIM1
SIM2
SIM3
SIM4
1
21
22
SIM5
SIM1
SIM2
SIM3
SIM4
1
21
22
SIM5
SIM1
SIM2
SIM3
SIM4
1
21
22
SIM5
SIM1
SIM2
SIM3
SIM4
1
21
22
SIM5
SIM1
SIM2
SIM3
SIM4
1
21
22
SIM5
SIM1
SIM2
SIM3
SIM4
1
21
22
SIM5
SIM1
SIM2
SIM3
SIM4
1
21
22
SIM5
SIM1
SIM2
SIM3
SIM4
1
21
22
SIM5
SIM1
SIM2
SIM3
SIM4
1
21
22
SIM5
SIM1
SIM2
SIM3
SIM4
1
21
22
SIM5
SIM1
SIM2
SIM3
SIM4
1
21
22
SIM5
SIM1
SIM2
SIM3
SIM4
1
21
22
SIM5
SIM1
SIM2
SIM3
SIM4
1
21
22
SIM5
SIM1
SIM2
SIM3
SIM4
1
21
22
SIM5
SIM1
SIM2
SIM3
SIM4
1
21
22
SIM5
SIM1
SIM2
SIM3
SIM4
1
21
22
SIM5
SIM1
SIM2
SIM3
SIM4
1
21
22
SIM5
SIM1
SIM2
SIM3
SIM4
1
21
22
SIM5
SIM1
SIM2
SIM3
SIM4
1
21
22
SIM5
SIM1
SIM2
SIM3
SIM4
1
21
22
SIM5
SIM1
SIM2
SIM3
SIM4
1
21
22
SIM5
SIM1
SIM2
SIM3
SIM4
1
21
22
SIM5
SIM1
SIM2
SIM3
SIM4
1
21
22
SIM5
SIM1
SIM2
SIM3
SIM4
1
21
22
SIM5
SIM1
SIM2
SIM3
SIM4
1
21
22
SIM5
SIM1
SIM2
SIM3
SIM4
1
21
22
SIM5
SIM1
SIM2
SIM3
SIM4
1
21
22
SIM5
SIM1
SIM2
SIM3
SIM4
1
21
22
SIM5
SIM1
SIM2
SIM3
SIM4
1
21
22
SIM5
SIM1
SIM2
SIM3
SIM4
1
21
22
SIM5
SIM1
SIM2
SIM3
SIM4
1
21
22
SIM5
SIM1
SIM2
SIM3
SIM4
1
21
22
SIM5
SIM1
SIM2
SIM3
SIM4
1
21
22
SIM5
SIM1
SIM2
SIM3
SIM4
1
21
22
SIM5
SIM1
SIM2
SIM3
SIM4
1
21
22
SIM5
SIM1
SIM2
SIM3
SIM4
1
21
22
SIM5
SIM1
SIM2
SIM3
SIM4
1
21
22
SIM5
SIM1
SIM2
SIM3
SIM4
1
21
22
SIM5
SIM1
SIM2
SIM3
SIM4
1
21
22
SIM5
SIM1
SIM2
SIM3
SIM4
1
21
22
SIM5
SIM1
SIM2
SIM3
SIM4
1
21
22
SIM5
SIM1
SIM2
SIM3
SIM4
1
21
22
SIM5
SIM1
SIM2
SIM3
SIM4
1
21
22
SIM5
SIM1
SIM2
SIM3
SIM4
1
21
22
SIM5
SIM1
SIM2
SIM3
SIM4
1
21
22
SIM5
SIM1
SIM2
SIM3
SIM4
1
21
22
SIM5
SIM1
SIM2
SIM3
SIM4
1
21
22
SIM5
SIM1
SIM2
SIM3
SIM4
1
21
22
SIM5
SIM1
SIM2
SIM3
SIM4
1
21
22
SIM5
SIM1
SIM2
SIM3
SIM4
1
21
22
SIM5
SIM1
SIM2
SIM3
SIM4
1
21
22
SIM5
SIM1
SIM2
SIM3
SIM4
1
21
22
SIM5
SIM1
SIM2
SIM3
SIM4
1
21
22
SIM5
SIM1
SIM2
SIM3
SIM4
1
21
22
SIM5
SIM1
SIM2
SIM3
SIM4
1
21
22
SIM5
SIM1
SIM2
SIM3
SIM4
1
21
22
SIM5
SIM1
SIM2
SIM3
SIM4
1
21
22
SIM5
SIM1
SIM2
SIM3
SIM4
1
21
22
SIM5
SIM1
SIM2
SIM3
SIM4
1
21
22
SIM5
SIM1
SIM2
SIM3
SIM4
1
21
22
SIM5
SIM1
SIM2
SIM3
SIM4
1
21
22
SIM5
SIM1
SIM2
SIM3
SIM4
1
21
22
SIM5
SIM1
SIM2
SIM3
SIM4
1
21
22
SIM5
SIM1
SIM2
SIM3
SIM4
1
21
22
SIM5
SIM1
SIM2
SIM3
SIM4
1
21
22
SIM5
SIM1
SIM2
SIM3
SIM4
1
21
22
SIM5
SIM1
SIM2
SIM3
SIM4
1
21
22
SIM5
SIM1
SIM2
SIM3
SIM4
1
21
22
SIM5
SIM1
SIM2
SIM3
SIM4
1
21
22
SIM5
SIM1
SIM2
SIM3
SIM4
1
21
22
SIM5
SIM1
SIM2
SIM3
SIM4
1
21
22
SIM5
SIM1
SIM2
SIM3
SIM4
1
21
22
SIM5
SIM1
SIM2
SIM3
SIM4
1
21
22
SIM5
SIM1
SIM2
SIM3
SIM4
1
21
22
SIM5
SIM1
SIM2
SIM3
SIM4
1
21
22
SIM5
SIM1
SIM2
SIM3
SIM4
1
21
22
SIM5
SIM1
SIM2
SIM3
SIM4
1
21
22
SIM5
SIM1
SIM2
DEBUG 1 444
SIM1
SIM2
SIM3
SIM4
1
21
22
SIM5
SIM1
SIM2
SIM3
SIM4
1
21
22
SIM5
SIM1
SIM2
SIM3
SIM4
1
21
22
SIM5
SIM1
SIM2
SIM3
SIM4
1
21
22
SIM5
SIM1
SIM2
SIM3
SIM4
1
21
22
SIM5
SIM1
SIM2
SIM3
SIM4
1
21
22
SIM5
SIM1
SIM2
SIM3
SIM4
1
21
22
SIM5
SIM1
SIM2
SIM3
SIM4
1
21
22
SIM5
SIM1
SIM2
SIM3
SIM4
1
21
22
SIM5
SIM1
SIM2
SIM3
SIM4
1
21
22
SIM5
SIM1
SIM2
SIM3
SIM4
1
21
22
SIM5
SIM1
SIM2
SIM3
SIM4
1
21
22
SIM5
SIM1
SIM2
SIM3
SIM4
1
21
22
SIM5
SIM1
SIM2
SIM3
SIM4
1
21
22
SIM5
SIM1
SIM2
SIM3
SIM4
1
21
22
SIM5
SIM1
SIM2
SIM3
SIM4
1
21
22
SIM5
SIM1
SIM2
SIM3
SIM4
1
21
22
SIM5
SIM1
SIM2
SIM3
SIM4
1
21
22
SIM5
SIM1
SIM2
SIM3
SIM4
1
21
22
SIM5
SIM1
SIM2
SIM3
SIM4
1
21
22
SIM5
SIM1
SIM2
SIM3
SIM4
1
21
22
SIM5
SIM1
SIM2
SIM3
SIM4
1
21
22
SIM5
SIM1
SIM2
SIM3
SIM4
1
21
22
SIM5
SIM1
SIM2
SIM3
SIM4
1
21
22
SIM5
SIM1
SIM2
SIM3
SIM4
1
21
22
SIM5
SIM1
SIM2
SIM3
SIM4
1
21
22
SIM5
SIM1
SIM2
SIM3
SIM4
1
21
22
SIM5
SIM1
SIM2
SIM3
SIM4
1
21
22
SIM5
SIM1
SIM2
SIM3
SIM4
1
21
22
SIM5
SIM1
SIM2
SIM3
SIM4
1
21
22
SIM5
SIM1
SIM2
SIM3
SIM4
1
21
22
SIM5
SIM1
SIM2
SIM3
SIM4
1
21
22
SIM5
SIM1
SIM2
SIM3
SIM4
1
21
22
SIM5
SIM1
SIM2
SIM3
SIM4
1
21
22
SIM5
SIM1
SIM2
SIM3
SIM4
1
21
22
SIM5
SIM1
SIM2
SIM3
SIM4
1
21
22
SIM5
SIM1
SIM2
SIM3
SIM4
1
21
22
SIM5
SIM1
SIM2
SIM3
SIM4
1
21
22
SIM5
SIM1
SIM2
SIM3
SIM4
1
21
22
SIM5
SIM1
SIM2
SIM3
SIM4
1
21
22
SIM5
SIM1
SIM2
SIM3
SIM4
1
21
22
SIM5
SIM1
SIM2
SIM3
SIM4
1
21
22
SIM5
SIM1
SIM2
SIM3
SIM4
1
21
22
SIM5
SIM1
SIM2
SIM3
SIM4
1
21
22
SIM5
SIM1
SIM2
SIM3
SIM4
1
21
22
SIM5
SIM1
SIM2
SIM3
SIM4
1
21
22
SIM5
SIM1
SIM2
SIM3
SIM4
1
21
22
SIM5
SIM1
SIM2
SIM3
SIM4
1
21
22
SIM5
SIM1
SIM2
SIM3
SIM4
1
21
22
SIM5
SIM1
SIM2
SIM3
SIM4
1
21
22
SIM5
SIM1
SIM2
SIM3
SIM4
1
21
22
SIM5
SIM1
SIM2
SIM3
SIM4
1
21
22
SIM5
SIM1
SIM2
SIM3
SIM4
1
21
22
SIM5
SIM1
SIM2
SIM3
SIM4
1
21
22
SIM5
SIM1
SIM2
SIM3
SIM4
1
21
22
SIM5
SIM1
SIM2
SIM3
SIM4
1
21
22
SIM5
SIM1
SIM2
SIM3
SIM4
1
21
22
SIM5
SIM1
SIM2
SIM3
SIM4
1
21
22
SIM5
SIM1
SIM2
SIM3
SIM4
1
21
22
SIM5
SIM1
SIM2
SIM3
SIM4
1
21
22
SIM5
SIM1
SIM2
SIM3
SIM4
1
21
22
SIM5
SIM1
SIM2
SIM3
SIM4
1
21
22
SIM5
SIM1
SIM2
SIM3
SIM4
1
21
22
SIM5
SIM1
SIM2
SIM3
SIM4
1
21
22
SIM5
SIM1
SIM2
SIM3
SIM4
1
21
22
SIM5
SIM1
SIM2
SIM3
SIM4
1
21
22
SIM5
SIM1
SIM2
SIM3
SIM4
1
21
22
SIM5
SIM1
SIM2
SIM3
SIM4
1
21
22
SIM5
SIM1
SIM2
SIM3
SIM4
1
21
22
SIM5
SIM1
SIM2
SIM3
SIM4
1
21
22
SIM5
SIM1
SIM2
SIM3
SIM4
1
21
22
SIM5
SIM1
SIM2
SIM3
SIM4
1
21
22
SIM5
SIM1
SIM2
SIM3
SIM4
1
21
22
SIM5
SIM1
SIM2
SIM3
SIM4
1
21
22
SIM5
SIM1
SIM2
SIM3
SIM4
1
21
22
SIM5
SIM1
SIM2
SIM3
SIM4
1
21
22
SIM5
SIM1
SIM2
SIM3
SIM4
1
21
22
SIM5
SIM1
SIM2
SIM3
SIM4
1
21
22
SIM5
SIM1
SIM2
SIM3
SIM4
1
21
22
SIM5
SIM1
SIM2
SIM3
SIM4
1
21
22
SIM5
SIM1
SIM2
SIM3
SIM4
1
21
22
SIM5
SIM1
SIM2
SIM3
SIM4
1
21
22
SIM5
SIM1
SIM2
SIM3
SIM4
1
21
22
SIM5
SIM1
SIM2
SIM3
SIM4
1
21
22
SIM5
SIM1
SIM2
SIM3
SIM4
1
21
22
SIM5
SIM1
SIM2
SIM3
SIM4
1
21
22
SIM5
SIM1
SIM2
SIM3
SIM4
1
21
22
SIM5
SIM1
SIM2
SIM3
SIM4
1
21
22
SIM5
SIM1
SIM2
SIM3
SIM4
1
21
22
SIM5
SIM1
SIM2
SIM3
SIM4
1
21
22
SIM5
SIM1
SIM2
SIM3
SIM4
1
21
22
SIM5
SIM1
SIM2
SIM3
SIM4
1
21
22
SIM5
SIM1
SIM2
SIM3
SIM4
1
21
22
SIM5
SIM1
SIM2
SIM3
SIM4
1
21
22
SIM5
SIM1
SIM2
SIM3
SIM4
1
21
22
SIM5
SIM1
SIM2
SIM3
SIM4
1
21
22
SIM5
SIM1
SIM2
SIM3
SIM4
1
21
22
SIM5
SIM1
SIM2
SIM3
SIM4
1
21
22
SIM5
SIM1
SIM2
SIM3
SIM4
1
21
22
SIM5
SIM1
SIM2
SIM3
SIM4
1
21
22
SIM5
SIM1
SIM2
SIM3
SIM4
1
21
22
SIM5
SIM1
SIM2
SIM3
SIM4
1
21
22
SIM5
SIM1
SIM2
SIM3
SIM4
1
21
22
SIM5
SIM1
SIM2
SIM3
SIM4
1
21
22
SIM5
SIM1
SIM2
SIM3
SIM4
1
21
22
SIM5
SIM1
SIM2
SIM3
SIM4
1
21
22
SIM5
SIM1
SIM2
SIM3
SIM4
1
21
22
SIM5
SIM1
SIM2
SIM3
SIM4
1
21
22
SIM5
SIM1
SIM2
SIM3
SIM4
1
21
22
SIM5
SIM1
SIM2
SIM3
SIM4
1
21
22
SIM5
SIM1
SIM2
SIM3
SIM4
1
21
22
SIM5
SIM1
SIM2
SIM3
SIM4
1
21
22
SIM5
SIM1
SIM2
SIM3
SIM4
1
21
22
SIM5
SIM1
SIM2
SIM3
SIM4
1
21
22
SIM5
SIM1
SIM2
SIM3
SIM4
1
21
22
SIM5
SIM1
SIM2
SIM3
SIM4
1
21
22
SIM5
SIM1
SIM2
SIM3
SIM4
1
21
22
SIM5
SIM1
SIM2
SIM3
SIM4
1
21
22
SIM5
SIM1
SIM2
SIM3
SIM4
1
21
22
SIM5
SIM1
SIM2
SIM3
SIM4
1
21
22
SIM5
SIM1
SIM2
SIM3
SIM4
1
21
22
SIM5
SIM1
SIM2
SIM3
SIM4
1
21
22
SIM5
SIM1
SIM2
SIM3
SIM4
1
21
22
SIM5
SIM1
SIM2
SIM3
SIM4
1
21
22
SIM5
SIM1
SIM2
SIM3
SIM4
1
21
22
SIM5
SIM1
SIM2
SIM3
SIM4
1
21
22
SIM5
SIM1
SIM2
SIM3
SIM4
1
21
22
SIM5
SIM1
SIM2
SIM3
SIM4
1
21
22
SIM5
SIM1
SIM2
SIM3
SIM4
1
21
22
SIM5
SIM1
SIM2
SIM3
SIM4
1
21
22
SIM5
SIM1
SIM2
SIM3
SIM4
1
21
22
SIM5
SIM1
SIM2
SIM3
SIM4
1
21
22
SIM5
SIM1
SIM2
SIM3
SIM4
1
21
22
SIM5
SIM1
SIM2
SIM3
SIM4
1
21
22
SIM5
SIM1
SIM2
SIM3
SIM4
1
21
22
SIM5
SIM1
SIM2
SIM3
SIM4
1
21
22
SIM5
SIM1
SIM2
SIM3
SIM4
1
21
22
SIM5
SIM1
SIM2
SIM3
SIM4
1
21
22
SIM5
SIM1
SIM2
SIM3
SIM4
1
21
22
SIM5
SIM1
SIM2
SIM3
SIM4
1
21
22
SIM5
SIM1
SIM2
SIM3
SIM4
1
21
22
SIM5
SIM1
SIM2
SIM3
SIM4
1
21
22
SIM5
SIM1
SIM2
SIM3
SIM4
1
21
22
SIM5
SIM1
SIM2
SIM3
SIM4
1
21
22
SIM5
SIM1
SIM2
SIM3
SIM4
1
21
22
SIM5
SIM1
SIM2
SIM3
SIM4
1
21
22
SIM5
SIM1
SIM2
SIM3
SIM4
1
21
22
SIM5
SIM1
SIM2
SIM3
SIM4
1
21
22
SIM5
SIM1
SIM2
SIM3
SIM4
1
21
22
SIM5
SIM1
SIM2
SIM3
SIM4
1
21
22
SIM5
SIM1
SIM2
SIM3
SIM4
1
21
22
SIM5
SIM1
SIM2
SIM3
SIM4
1
21
22
SIM5
SIM1
SIM2
SIM3
SIM4
1
21
22
SIM5
SIM1
SIM2
SIM3
SIM4
1
21
22
SIM5
SIM1
SIM2
SIM3
SIM4
1
21
22
SIM5
SIM1
SIM2
SIM3
SIM4
1
21
22
SIM5
SIM1
SIM2
SIM3
SIM4
1
21
22
SIM5
SIM1
SIM2
SIM3
SIM4
1
21
22
SIM5
SIM1
SIM2
SIM3
SIM4
1
21
22
SIM5
SIM1
SIM2
SIM3
SIM4
1
21
22
SIM5
SIM1
SIM2
SIM3
SIM4
1
21
22
SIM5
SIM1
SIM2
SIM3
SIM4
1
21
22
SIM5
SIM1
SIM2
SIM3
SIM4
1
21
22
SIM5
SIM1
SIM2
SIM3
SIM4
1
21
22
SIM5
SIM1
SIM2
SIM3
SIM4
1
21
22
SIM5
SIM1
SIM2
SIM3
SIM4
1
21
22
SIM5
SIM1
SIM2
SIM3
SIM4
1
21
22
SIM5
SIM1
SIM2
SIM3
SIM4
1
21
22
SIM5
SIM1
SIM2
SIM3
SIM4
1
21
22
SIM5
SIM1
SIM2
SIM3
SIM4
1
21
22
SIM5
SIM1
SIM2
SIM3
SIM4
1
21
22
SIM5
SIM1
SIM2
SIM3
SIM4
1
21
22
SIM5
SIM1
SIM2
SIM3
SIM4
1
21
22
SIM5
SIM1
SIM2
SIM3
SIM4
1
21
22
SIM5
SIM1
SIM2
SIM3
SIM4
1
21
22
SIM5
SIM1
SIM2
SIM3
SIM4
1
21
22
SIM5
SIM1
SIM2
SIM3
SIM4
1
21
22
SIM5
SIM1
SIM2
SIM3
SIM4
1
21
22
SIM5
SIM1
SIM2
SIM3
SIM4
1
21
22
SIM5
SIM1
SIM2
SIM3
SIM4
1
21
22
SIM5
SIM1
SIM2
SIM3
SIM4
1
21
22
SIM5
SIM1
SIM2
SIM3
SIM4
1
21
22
SIM5
SIM1
SIM2
SIM3
SIM4
1
21
22
SIM5
SIM1
SIM2
SIM3
SIM4
1
21
22
SIM5
SIM1
SIM2
SIM3
SIM4
1
21
22
SIM5
SIM1
SIM2
SIM3
SIM4
1
21
22
SIM5
SIM1
SIM2
SIM3
SIM4
1
21
22
SIM5
SIM1
SIM2
SIM3
SIM4
1
21
22
SIM5
SIM1
SIM2
SIM3
SIM4
1
21
22
SIM5
SIM1
SIM2
SIM3
SIM4
1
21
22
SIM5
SIM1
SIM2
SIM3
SIM4
1
21
22
SIM5
SIM1
SIM2
SIM3
SIM4
1
21
22
SIM5
SIM1
SIM2
SIM3
SIM4
1
21
22
SIM5
SIM1
SIM2
SIM3
SIM4
1
21
22
SIM5
SIM1
SIM2
SIM3
SIM4
1
21
22
SIM5
SIM1
SIM2
SIM3
SIM4
1
21
22
SIM5
SIM1
SIM2
SIM3
SIM4
1
21
22
SIM5
SIM1
SIM2
SIM3
SIM4
1
21
22
SIM5
SIM1
SIM2
SIM3
SIM4
1
21
22
SIM5
SIM1
SIM2
SIM3
SIM4
1
21
22
SIM5
SIM1
SIM2
SIM3
SIM4
1
21
22
SIM5
SIM1
SIM2
SIM3
SIM4
1
21
22
SIM5
SIM1
SIM2
SIM3
SIM4
1
21
22
SIM5
SIM1
SIM2
SIM3
SIM4
1
21
22
SIM5
SIM1
SIM2
SIM3
SIM4
1
21
22
SIM5
SIM1
SIM2
SIM3
SIM4
1
21
22
SIM5
SIM1
SIM2
SIM3
SIM4
1
21
22
SIM5
SIM1
SIM2
SIM3
SIM4
1
21
22
SIM5
SIM1
SIM2
SIM3
SIM4
1
21
22
SIM5
SIM1
SIM2
SIM3
SIM4
1
21
22
SIM5
SIM1
SIM2
SIM3
SIM4
1
21
22
SIM5
SIM1
SIM2
SIM3
SIM4
1
21
22
SIM5
SIM1
SIM2
SIM3
SIM4
1
21
22
SIM5
SIM1
SIM2
SIM3
SIM4
1
21
22
SIM5
SIM1
SIM2
SIM3
SIM4
1
21
22
SIM5
SIM1
SIM2
SIM3
SIM4
1
21
22
SIM5
SIM1
SIM2
SIM3
SIM4
1
21
22
SIM5
SIM1
SIM2
SIM3
SIM4
1
21
22
SIM5
SIM1
SIM2
SIM3
SIM4
1
21
22
SIM5
SIM1
SIM2
SIM3
SIM4
1
21
22
SIM5
SIM1
SIM2
SIM3
SIM4
1
21
22
SIM5
SIM1
SIM2
SIM3
SIM4
1
21
22
SIM5
SIM1
SIM2
SIM3
SIM4
1
21
22
SIM5
SIM1
SIM2
SIM3
SIM4
1
21
22
SIM5
SIM1
SIM2
SIM3
SIM4
1
21
22
SIM5
SIM1
SIM2
SIM3
SIM4
1
21
22
SIM5
SIM1
SIM2
SIM3
SIM4
1
21
22
SIM5
SIM1
SIM2
DEBUG 1 445
SIM1
SIM2
SIM3
SIM4
1
21
22
SIM5
SIM1
SIM2
SIM3
SIM4
1
21
22
SIM5
SIM1
SIM2
SIM3
SIM4
1
21
22
SIM5
SIM1
SIM2
SIM3
SIM4
1
21
22
SIM5
SIM1
SIM2
SIM3
SIM4
1
21
22
SIM5
SIM1
SIM2
SIM3
SIM4
1
21
22
SIM5
SIM1
SIM2
SIM3
SIM4
1
21
22
SIM5
SIM1
SIM2
SIM3
SIM4
1
21
22
SIM5
SIM1
SIM2
SIM3
SIM4
1
21
22
SIM5
SIM1
SIM2
SIM3
SIM4
1
21
22
SIM5
SIM1
SIM2
SIM3
SIM4
1
21
22
SIM5
SIM1
SIM2
SIM3
SIM4
1
21
22
SIM5
SIM1
SIM2
SIM3
SIM4
1
21
22
SIM5
SIM1
SIM2
SIM3
SIM4
1
21
22
SIM5
SIM1
SIM2
SIM3
SIM4
1
21
22
SIM5
SIM1
SIM2
SIM3
SIM4
1
21
22
SIM5
SIM1
SIM2
SIM3
SIM4
1
21
22
SIM5
SIM1
SIM2
SIM3
SIM4
1
21
22
SIM5
SIM1
SIM2
SIM3
SIM4
1
21
22
SIM5
SIM1
SIM2
SIM3
SIM4
1
21
22
SIM5
SIM1
SIM2
SIM3
SIM4
1
21
22
SIM5
SIM1
SIM2
SIM3
SIM4
1
21
22
SIM5
SIM1
SIM2
SIM3
SIM4
1
21
22
SIM5
SIM1
SIM2
SIM3
SIM4
1
21
22
SIM5
SIM1
SIM2
SIM3
SIM4
1
21
22
SIM5
SIM1
SIM2
SIM3
SIM4
1
21
22
SIM5
SIM1
SIM2
SIM3
SIM4
1
21
22
SIM5
SIM1
SIM2
SIM3
SIM4
1
21
22
SIM5
SIM1
SIM2
SIM3
SIM4
1
21
22
SIM5
SIM1
SIM2
SIM3
SIM4
1
21
22
SIM5
SIM1
SIM2
SIM3
SIM4
1
21
22
SIM5
SIM1
SIM2
SIM3
SIM4
1
21
22
SIM5
SIM1
SIM2
SIM3
SIM4
1
21
22
SIM5
SIM1
SIM2
SIM3
SIM4
1
21
22
SIM5
SIM1
SIM2
SIM3
SIM4
1
21
22
SIM5
SIM1
SIM2
SIM3
SIM4
1
21
22
SIM5
SIM1
SIM2
SIM3
SIM4
1
21
22
SIM5
SIM1
SIM2
SIM3
SIM4
1
21
22
SIM5
SIM1
SIM2
SIM3
SIM4
1
21
22
SIM5
SIM1
SIM2
SIM3
SIM4
1
21
22
SIM5
SIM1
SIM2
SIM3
SIM4
1
21
22
SIM5
SIM1
SIM2
SIM3
SIM4
1
21
22
SIM5
SIM1
SIM2
SIM3
SIM4
1
21
22
SIM5
SIM1
SIM2
SIM3
SIM4
1
21
22
SIM5
SIM1
SIM2
SIM3
SIM4
1
21
22
SIM5
SIM1
SIM2
SIM3
SIM4
1
21
22
SIM5
SIM1
SIM2
SIM3
SIM4
1
21
22
SIM5
SIM1
SIM2
SIM3
SIM4
1
21
22
SIM5
SIM1
SIM2
SIM3
SIM4
1
21
22
SIM5
SIM1
SIM2
SIM3
SIM4
1
21
22
SIM5
SIM1
SIM2
SIM3
SIM4
1
21
22
SIM5
SIM1
SIM2
SIM3
SIM4
1
21
22
SIM5
SIM1
SIM2
SIM3
SIM4
1
21
22
SIM5
SIM1
SIM2
SIM3
SIM4
1
21
22
SIM5
SIM1
SIM2
SIM3
SIM4
1
21
22
SIM5
SIM1
SIM2
SIM3
SIM4
1
21
22
SIM5
SIM1
SIM2
SIM3
SIM4
1
21
22
SIM5
SIM1
SIM2
SIM3
SIM4
1
21
22
SIM5
SIM1
SIM2
SIM3
SIM4
1
21
22
SIM5
SIM1
SIM2
SIM3
SIM4
1
21
22
SIM5
SIM1
SIM2
SIM3
SIM4
1
21
22
SIM5
SIM1
SIM2
SIM3
SIM4
1
21
22
SIM5
SIM1
SIM2
SIM3
SIM4
1
21
22
SIM5
SIM1
SIM2
SIM3
SIM4
1
21
22
SIM5
SIM1
SIM2
SIM3
SIM4
1
21
22
SIM5
SIM1
SIM2
SIM3
SIM4
1
21
22
SIM5
SIM1
SIM2
SIM3
SIM4
1
21
22
SIM5
SIM1
SIM2
SIM3
SIM4
1
21
22
SIM5
SIM1
SIM2
SIM3
SIM4
1
21
22
SIM5
SIM1
SIM2
SIM3
SIM4
1
21
22
SIM5
SIM1
SIM2
SIM3
SIM4
1
21
22
SIM5
SIM1
SIM2
SIM3
SIM4
1
21
22
SIM5
SIM1
SIM2
SIM3
SIM4
1
21
22
SIM5
SIM1
SIM2
SIM3
SIM4
1
21
22
SIM5
SIM1
SIM2
SIM3
SIM4
1
21
22
SIM5
SIM1
SIM2
SIM3
SIM4
1
21
22
SIM5
SIM1
SIM2
SIM3
SIM4
1
21
22
SIM5
SIM1
SIM2
SIM3
SIM4
1
21
22
SIM5
SIM1
SIM2
SIM3
SIM4
1
21
22
SIM5
SIM1
SIM2
SIM3
SIM4
1
21
22
SIM5
SIM1
SIM2
SIM3
SIM4
1
21
22
SIM5
SIM1
SIM2
SIM3
SIM4
1
21
22
SIM5
SIM1
SIM2
SIM3
SIM4
1
21
22
SIM5
SIM1
SIM2
SIM3
SIM4
1
21
22
SIM5
SIM1
SIM2
SIM3
SIM4
1
21
22
SIM5
SIM1
SIM2
SIM3
SIM4
1
21
22
SIM5
SIM1
SIM2
SIM3
SIM4
1
21
22
SIM5
SIM1
SIM2
SIM3
SIM4
1
21
22
SIM5
SIM1
SIM2
SIM3
SIM4
1
21
22
SIM5
SIM1
SIM2
SIM3
SIM4
1
21
22
SIM5
SIM1
SIM2
SIM3
SIM4
1
21
22
SIM5
SIM1
SIM2
SIM3
SIM4
1
21
22
SIM5
SIM1
SIM2
SIM3
SIM4
1
21
22
SIM5
SIM1
SIM2
SIM3
SIM4
1
21
22
SIM5
SIM1
SIM2
SIM3
SIM4
1
21
22
SIM5
SIM1
SIM2
SIM3
SIM4
1
21
22
SIM5
SIM1
SIM2
SIM3
SIM4
1
21
22
SIM5
SIM1
SIM2
SIM3
SIM4
1
21
22
SIM5
SIM1
SIM2
SIM3
SIM4
1
21
22
SIM5
SIM1
SIM2
SIM3
SIM4
1
21
22
SIM5
SIM1
SIM2
SIM3
SIM4
1
21
22
SIM5
SIM1
SIM2
SIM3
SIM4
1
21
22
SIM5
SIM1
SIM2
SIM3
SIM4
1
21
22
SIM5
SIM1
SIM2
SIM3
SIM4
1
21
22
SIM5
SIM1
SIM2
SIM3
SIM4
1
21
22
SIM5
SIM1
SIM2
SIM3
SIM4
1
21
22
SIM5
SIM1
SIM2
SIM3
SIM4
1
21
22
SIM5
SIM1
SIM2
SIM3
SIM4
1
21
22
SIM5
SIM1
SIM2
SIM3
SIM4
1
21
22
SIM5
SIM1
SIM2
SIM3
SIM4
1
21
22
SIM5
SIM1
SIM2
SIM3
SIM4
1
21
22
SIM5
SIM1
SIM2
SIM3
SIM4
1
21
22
SIM5
SIM1
SIM2
SIM3
SIM4
1
21
22
SIM5
SIM1
SIM2
SIM3
SIM4
1
21
22
SIM5
SIM1
SIM2
SIM3
SIM4
1
21
22
SIM5
SIM1
SIM2
SIM3
SIM4
1
21
22
SIM5
SIM1
SIM2
SIM3
SIM4
1
21
22
SIM5
SIM1
SIM2
SIM3
SIM4
1
21
22
SIM5
SIM1
SIM2
SIM3
SIM4
1
21
22
SIM5
SIM1
SIM2
SIM3
SIM4
1
21
22
SIM5
SIM1
SIM2
SIM3
SIM4
1
21
22
SIM5
SIM1
SIM2
SIM3
SIM4
1
21
22
SIM5
SIM1
SIM2
SIM3
SIM4
1
21
22
SIM5
SIM1
SIM2
SIM3
SIM4
1
21
22
SIM5
SIM1
SIM2
SIM3
SIM4
1
21
22
SIM5
SIM1
SIM2
SIM3
SIM4
1
21
22
SIM5
SIM1
SIM2
SIM3
SIM4
1
21
22
SIM5
SIM1
SIM2
SIM3
SIM4
1
21
22
SIM5
SIM1
SIM2
SIM3
SIM4
1
21
22
SIM5
SIM1
SIM2
SIM3
SIM4
1
21
22
SIM5
SIM1
SIM2
SIM3
SIM4
1
21
22
SIM5
SIM1
SIM2
SIM3
SIM4
1
21
22
SIM5
SIM1
SIM2
SIM3
SIM4
1
21
22
SIM5
SIM1
SIM2
SIM3
SIM4
1
21
22
SIM5
SIM1
SIM2
SIM3
SIM4
1
21
22
SIM5
SIM1
SIM2
SIM3
SIM4
1
21
22
SIM5
SIM1
SIM2
SIM3
SIM4
1
21
22
SIM5
SIM1
SIM2
SIM3
SIM4
1
21
22
SIM5
SIM1
SIM2
SIM3
SIM4
1
21
22
SIM5
SIM1
SIM2
SIM3
SIM4
1
21
22
SIM5
SIM1
SIM2
SIM3
SIM4
1
21
22
SIM5
SIM1
SIM2
SIM3
SIM4
1
21
22
SIM5
SIM1
SIM2
SIM3
SIM4
1
21
22
SIM5
SIM1
SIM2
SIM3
SIM4
1
21
22
SIM5
SIM1
SIM2
SIM3
SIM4
1
21
22
SIM5
SIM1
SIM2
DEBUG 1 446
SIM1
SIM2
SIM3
SIM4
1
21
22
SIM5
SIM1
SIM2
SIM3
SIM4
1
21
22
SIM5
SIM1
SIM2
SIM3
SIM4
1
21
22
SIM5
SIM1
SIM2
SIM3
SIM4
1
21
22
SIM5
SIM1
SIM2
SIM3
SIM4
1
21
22
SIM5
SIM1
SIM2
SIM3
SIM4
1
21
22
SIM5
SIM1
SIM2
SIM3
SIM4
1
21
22
SIM5
SIM1
SIM2
SIM3
SIM4
1
21
22
SIM5
SIM1
SIM2
SIM3
SIM4
1
21
22
SIM5
SIM1
SIM2
SIM3
SIM4
1
21
22
SIM5
SIM1
SIM2
SIM3
SIM4
1
21
22
SIM5
SIM1
SIM2
SIM3
SIM4
1
21
22
SIM5
SIM1
SIM2
SIM3
SIM4
1
21
22
SIM5
SIM1
SIM2
SIM3
SIM4
1
21
22
SIM5
SIM1
SIM2
SIM3
SIM4
1
21
22
SIM5
SIM1
SIM2
SIM3
SIM4
1
21
22
SIM5
SIM1
SIM2
SIM3
SIM4
1
21
22
SIM5
SIM1
SIM2
SIM3
SIM4
1
21
22
SIM5
SIM1
SIM2
SIM3
SIM4
1
21
22
SIM5
SIM1
SIM2
SIM3
SIM4
1
21
22
SIM5
SIM1
SIM2
SIM3
SIM4
1
21
22
SIM5
SIM1
SIM2
SIM3
SIM4
1
21
22
SIM5
SIM1
SIM2
SIM3
SIM4
1
21
22
SIM5
SIM1
SIM2
SIM3
SIM4
1
21
22
SIM5
SIM1
SIM2
SIM3
SIM4
1
21
22
SIM5
SIM1
SIM2
SIM3
SIM4
1
21
22
SIM5
SIM1
SIM2
SIM3
SIM4
1
21
22
SIM5
SIM1
SIM2
SIM3
SIM4
1
21
22
SIM5
SIM1
SIM2
SIM3
SIM4
1
21
22
SIM5
SIM1
SIM2
SIM3
SIM4
1
21
22
SIM5
SIM1
SIM2
SIM3
SIM4
1
21
22
SIM5
SIM1
SIM2
SIM3
SIM4
1
21
22
SIM5
SIM1
SIM2
SIM3
SIM4
1
21
22
SIM5
SIM1
SIM2
SIM3
SIM4
1
21
22
SIM5
SIM1
SIM2
SIM3
SIM4
1
21
22
SIM5
SIM1
SIM2
SIM3
SIM4
1
21
22
SIM5
SIM1
SIM2
SIM3
SIM4
1
21
22
SIM5
SIM1
SIM2
SIM3
SIM4
1
21
22
SIM5
SIM1
SIM2
SIM3
SIM4
1
21
22
SIM5
SIM1
SIM2
SIM3
SIM4
1
21
22
SIM5
SIM1
SIM2
SIM3
SIM4
1
21
22
SIM5
SIM1
SIM2
SIM3
SIM4
1
21
22
SIM5
SIM1
SIM2
SIM3
SIM4
1
21
22
SIM5
SIM1
SIM2
SIM3
SIM4
1
21
22
SIM5
SIM1
SIM2
SIM3
SIM4
1
21
22
SIM5
SIM1
SIM2
SIM3
SIM4
1
21
22
SIM5
SIM1
SIM2
SIM3
SIM4
1
21
22
SIM5
SIM1
SIM2
SIM3
SIM4
1
21
22
SIM5
SIM1
SIM2
SIM3
SIM4
1
21
22
SIM5
SIM1
SIM2
SIM3
SIM4
1
21
22
SIM5
SIM1
SIM2
SIM3
SIM4
1
21
22
SIM5
SIM1
SIM2
SIM3
SIM4
1
21
22
SIM5
SIM1
SIM2
SIM3
SIM4
1
21
22
SIM5
SIM1
SIM2
SIM3
SIM4
1
21
22
SIM5
SIM1
SIM2
SIM3
SIM4
1
21
22
SIM5
SIM1
SIM2
SIM3
SIM4
1
21
22
SIM5
SIM1
SIM2
SIM3
SIM4
1
21
22
SIM5
SIM1
SIM2
SIM3
SIM4
1
21
22
SIM5
SIM1
SIM2
SIM3
SIM4
1
21
22
SIM5
SIM1
SIM2
SIM3
SIM4
1
21
22
SIM5
SIM1
SIM2
SIM3
SIM4
1
21
22
SIM5
SIM1
SIM2
SIM3
SIM4
1
21
22
SIM5
SIM1
SIM2
SIM3
SIM4
1
21
22
SIM5
SIM1
SIM2
SIM3
SIM4
1
21
22
SIM5
SIM1
SIM2
SIM3
SIM4
1
21
22
SIM5
SIM1
SIM2
SIM3
SIM4
1
21
22
SIM5
SIM1
SIM2
SIM3
SIM4
1
21
22
SIM5
SIM1
SIM2
SIM3
SIM4
1
21
22
SIM5
SIM1
SIM2
SIM3
SIM4
1
21
22
SIM5
SIM1
SIM2
SIM3
SIM4
1
21
22
SIM5
SIM1
SIM2
SIM3
SIM4
1
21
22
SIM5
SIM1
SIM2
SIM3
SIM4
1
21
22
SIM5
SIM1
SIM2
SIM3
SIM4
1
21
22
SIM5
SIM1
SIM2
SIM3
SIM4
1
21
22
SIM5
SIM1
SIM2
SIM3
SIM4
1
21
22
SIM5
SIM1
SIM2
SIM3
SIM4
1
21
22
SIM5
SIM1
SIM2
SIM3
SIM4
1
21
22
SIM5
SIM1
SIM2
SIM3
SIM4
1
21
22
SIM5
SIM1
SIM2
SIM3
SIM4
1
21
22
SIM5
SIM1
SIM2
SIM3
SIM4
1
21
22
SIM5
SIM1
SIM2
SIM3
SIM4
1
21
22
SIM5
SIM1
SIM2
SIM3
SIM4
1
21
22
SIM5
SIM1
SIM2
SIM3
SIM4
1
21
22
SIM5
SIM1
SIM2
SIM3
SIM4
1
21
22
SIM5
SIM1
SIM2
SIM3
SIM4
1
21
22
SIM5
SIM1
SIM2
SIM3
SIM4
1
21
22
SIM5
SIM1
SIM2
SIM3
SIM4
1
21
22
SIM5
SIM1
SIM2
SIM3
SIM4
1
21
22
SIM5
SIM1
SIM2
SIM3
SIM4
1
21
22
SIM5
SIM1
SIM2
SIM3
SIM4
1
21
22
SIM5
SIM1
SIM2
SIM3
SIM4
1
21
22
SIM5
SIM1
SIM2
SIM3
SIM4
1
21
22
SIM5
SIM1
SIM2
SIM3
SIM4
1
21
22
SIM5
SIM1
SIM2
SIM3
SIM4
1
21
22
SIM5
SIM1
SIM2
DEBUG 1 447
SIM1
SIM2
SIM3
SIM4
1
21
22
SIM5
SIM1
SIM2
SIM3
SIM4
1
21
22
SIM5
SIM1
SIM2
SIM3
SIM4
1
21
22
SIM5
SIM1
SIM2
SIM3
SIM4
1
21
22
SIM5
SIM1
SIM2
SIM3
SIM4
1
21
22
SIM5
SIM1
SIM2
SIM3
SIM4
1
21
22
SIM5
SIM1
SIM2
SIM3
SIM4
1
21
22
SIM5
SIM1
SIM2
SIM3
SIM4
1
21
22
SIM5
SIM1
SIM2
SIM3
SIM4
1
21
22
SIM5
SIM1
SIM2
SIM3
SIM4
1
21
22
SIM5
SIM1
SIM2
SIM3
SIM4
1
21
22
SIM5
SIM1
SIM2
SIM3
SIM4
1
21
22
SIM5
SIM1
SIM2
SIM3
SIM4
1
21
22
SIM5
SIM1
SIM2
SIM3
SIM4
1
21
22
SIM5
SIM1
SIM2
SIM3
SIM4
1
21
22
SIM5
SIM1
SIM2
SIM3
SIM4
1
21
22
SIM5
SIM1
SIM2
SIM3
SIM4
1
21
22
SIM5
SIM1
SIM2
SIM3
SIM4
1
21
22
SIM5
SIM1
SIM2
SIM3
SIM4
1
21
22
SIM5
SIM1
SIM2
SIM3
SIM4
1
21
22
SIM5
SIM1
SIM2
SIM3
SIM4
1
21
22
SIM5
SIM1
SIM2
SIM3
SIM4
1
21
22
SIM5
SIM1
SIM2
SIM3
SIM4
1
21
22
SIM5
SIM1
SIM2
SIM3
SIM4
1
21
22
SIM5
SIM1
SIM2
SIM3
SIM4
1
21
22
SIM5
SIM1
SIM2
SIM3
SIM4
1
21
22
SIM5
SIM1
SIM2
SIM3
SIM4
1
21
22
SIM5
SIM1
SIM2
SIM3
SIM4
1
21
22
SIM5
SIM1
SIM2
SIM3
SIM4
1
21
22
SIM5
SIM1
SIM2
SIM3
SIM4
1
21
22
SIM5
SIM1
SIM2
SIM3
SIM4
1
21
22
SIM5
SIM1
SIM2
SIM3
SIM4
1
21
22
SIM5
SIM1
SIM2
SIM3
SIM4
1
21
22
SIM5
SIM1
SIM2
SIM3
SIM4
1
21
22
SIM5
SIM1
SIM2
SIM3
SIM4
1
21
22
SIM5
SIM1
SIM2
SIM3
SIM4
1
21
22
SIM5
SIM1
SIM2
SIM3
SIM4
1
21
22
SIM5
SIM1
SIM2
SIM3
SIM4
1
21
22
SIM5
SIM1
SIM2
SIM3
SIM4
1
21
22
SIM5
SIM1
SIM2
SIM3
SIM4
1
21
22
SIM5
SIM1
SIM2
SIM3
SIM4
1
21
22
SIM5
SIM1
SIM2
SIM3
SIM4
1
21
22
SIM5
SIM1
SIM2
SIM3
SIM4
1
21
22
SIM5
SIM1
SIM2
SIM3
SIM4
1
21
22
SIM5
SIM1
SIM2
SIM3
SIM4
1
21
22
SIM5
SIM1
SIM2
SIM3
SIM4
1
21
22
SIM5
SIM1
SIM2
SIM3
SIM4
1
21
22
SIM5
SIM1
SIM2
SIM3
SIM4
1
21
22
SIM5
SIM1
SIM2
SIM3
SIM4
1
21
22
SIM5
SIM1
SIM2
SIM3
SIM4
1
21
22
SIM5
SIM1
SIM2
SIM3
SIM4
1
21
22
SIM5
SIM1
SIM2
SIM3
SIM4
1
21
22
SIM5
SIM1
SIM2
SIM3
SIM4
1
21
22
SIM5
SIM1
SIM2
SIM3
SIM4
1
21
22
SIM5
SIM1
SIM2
SIM3
SIM4
1
21
22
SIM5
SIM1
SIM2
SIM3
SIM4
1
21
22
SIM5
SIM1
SIM2
SIM3
SIM4
1
21
22
SIM5
SIM1
SIM2
SIM3
SIM4
1
21
22
SIM5
SIM1
SIM2
SIM3
SIM4
1
21
22
SIM5
SIM1
SIM2
SIM3
SIM4
1
21
22
SIM5
SIM1
SIM2
SIM3
SIM4
1
21
22
SIM5
SIM1
SIM2
SIM3
SIM4
1
21
22
SIM5
SIM1
SIM2
SIM3
SIM4
1
21
22
SIM5
SIM1
SIM2
SIM3
SIM4
1
21
22
SIM5
SIM1
SIM2
SIM3
SIM4
1
21
22
SIM5
SIM1
SIM2
SIM3
SIM4
1
21
22
SIM5
SIM1
SIM2
SIM3
SIM4
1
21
22
SIM5
SIM1
SIM2
SIM3
SIM4
1
21
22
SIM5
SIM1
SIM2
SIM3
SIM4
1
21
22
SIM5
SIM1
SIM2
SIM3
SIM4
1
21
22
SIM5
SIM1
SIM2
SIM3
SIM4
1
21
22
SIM5
SIM1
SIM2
SIM3
SIM4
1
21
22
SIM5
SIM1
SIM2
SIM3
SIM4
1
21
22
SIM5
SIM1
SIM2
SIM3
SIM4
1
21
22
SIM5
SIM1
SIM2
SIM3
SIM4
1
21
22
SIM5
SIM1
SIM2
SIM3
SIM4
1
21
22
SIM5
SIM1
SIM2
SIM3
SIM4
1
21
22
SIM5
SIM1
SIM2
SIM3
SIM4
1
21
22
SIM5
SIM1
SIM2
SIM3
SIM4
1
21
22
SIM5
SIM1
SIM2
SIM3
SIM4
1
21
22
SIM5
SIM1
SIM2
SIM3
SIM4
1
21
22
SIM5
SIM1
SIM2
SIM3
SIM4
1
21
22
SIM5
SIM1
SIM2
SIM3
SIM4
1
21
22
SIM5
SIM1
SIM2
SIM3
SIM4
1
21
22
SIM5
SIM1
SIM2
SIM3
SIM4
1
21
22
SIM5
SIM1
SIM2
SIM3
SIM4
1
21
22
SIM5
SIM1
SIM2
SIM3
SIM4
1
21
22
SIM5
SIM1
SIM2
SIM3
SIM4
1
21
22
SIM5
SIM1
SIM2
SIM3
SIM4
1
21
22
SIM5
SIM1
SIM2
SIM3
SIM4
1
21
22
SIM5
SIM1
SIM2
SIM3
SIM4
1
21
22
SIM5
SIM1
SIM2
SIM3
SIM4
1
21
22
SIM5
SIM1
SIM2
SIM3
SIM4
1
21
22
SIM5
SIM1
SIM2
SIM3
SIM4
1
21
22
SIM5
SIM1
SIM2
SIM3
SIM4
1
21
22
SIM5
SIM1
SIM2
SIM3
SIM4
1
21
22
SIM5
SIM1
SIM2
SIM3
SIM4
1
21
22
SIM5
SIM1
SIM2
SIM3
SIM4
1
21
22
SIM5
SIM1
SIM2
SIM3
SIM4
1
21
22
SIM5
SIM1
SIM2
SIM3
SIM4
1
21
22
SIM5
SIM1
SIM2
SIM3
SIM4
1
21
22
SIM5
SIM1
SIM2
SIM3
SIM4
1
21
22
SIM5
SIM1
SIM2
SIM3
SIM4
1
21
22
SIM5
SIM1
SIM2
SIM3
SIM4
1
21
22
SIM5
SIM1
SIM2
SIM3
SIM4
1
21
22
SIM5
SIM1
SIM2
SIM3
SIM4
1
21
22
SIM5
SIM1
SIM2
SIM3
SIM4
1
21
22
SIM5
SIM1
SIM2
SIM3
SIM4
1
21
22
SIM5
SIM1
SIM2
SIM3
SIM4
1
21
22
SIM5
SIM1
SIM2
SIM3
SIM4
1
21
22
SIM5
SIM1
SIM2
SIM3
SIM4
1
21
22
SIM5
SIM1
SIM2
SIM3
SIM4
1
21
22
SIM5
SIM1
SIM2
SIM3
SIM4
1
21
22
SIM5
SIM1
SIM2
SIM3
SIM4
1
21
22
SIM5
SIM1
SIM2
SIM3
SIM4
1
21
22
SIM5
SIM1
SIM2
SIM3
SIM4
1
21
22
SIM5
SIM1
SIM2
SIM3
SIM4
1
21
22
SIM5
SIM1
SIM2
SIM3
SIM4
1
21
22
SIM5
SIM1
SIM2
SIM3
SIM4
1
21
22
SIM5
SIM1
SIM2
SIM3
SIM4
1
21
22
SIM5
SIM1
SIM2
SIM3
SIM4
1
21
22
SIM5
SIM1
SIM2
SIM3
SIM4
1
21
22
SIM5
SIM1
SIM2
SIM3
SIM4
1
21
22
SIM5
SIM1
SIM2
SIM3
SIM4
1
21
22
SIM5
SIM1
SIM2
SIM3
SIM4
1
21
22
SIM5
SIM1
SIM2
SIM3
SIM4
1
21
22
SIM5
SIM1
SIM2
SIM3
SIM4
1
21
22
SIM5
SIM1
SIM2
SIM3
SIM4
1
21
22
SIM5
SIM1
SIM2
SIM3
SIM4
1
21
22
SIM5
SIM1
SIM2
SIM3
SIM4
1
21
22
SIM5
SIM1
SIM2
SIM3
SIM4
1
21
22
SIM5
SIM1
SIM2
SIM3
SIM4
1
21
22
SIM5
SIM1
SIM2
SIM3
SIM4
1
21
22
SIM5
SIM1
SIM2
SIM3
SIM4
1
21
22
SIM5
SIM1
SIM2
SIM3
SIM4
1
21
22
SIM5
SIM1
SIM2
SIM3
SIM4
1
21
22
SIM5
SIM1
SIM2
SIM3
SIM4
1
21
22
SIM5
SIM1
SIM2
SIM3
SIM4
1
21
22
SIM5
SIM1
SIM2
SIM3
SIM4
1
21
22
SIM5
SIM1
SIM2
SIM3
SIM4
1
21
22
SIM5
SIM1
SIM2
SIM3
SIM4
1
21
22
SIM5
SIM1
SIM2
SIM3
SIM4
1
21
22
SIM5
SIM1
SIM2
DEBUG 1 448
SIM1
SIM2
SIM3
SIM4
1
21
22
SIM5
SIM1
SIM2
SIM3
SIM4
1
21
22
SIM5
SIM1
SIM2
SIM3
SIM4
1
21
22
SIM5
SIM1
SIM2
SIM3
SIM4
1
21
22
SIM5
SIM1
SIM2
SIM3
SIM4
1
21
22
SIM5
SIM1
SIM2
SIM3
SIM4
1
21
22
SIM5
SIM1
SIM2
SIM3
SIM4
1
21
22
SIM5
SIM1
SIM2
SIM3
SIM4
1
21
22
SIM5
SIM1
SIM2
SIM3
SIM4
1
21
22
SIM5
SIM1
SIM2
SIM3
SIM4
1
21
22
SIM5
SIM1
SIM2
SIM3
SIM4
1
21
22
SIM5
SIM1
SIM2
SIM3
SIM4
1
21
22
SIM5
SIM1
SIM2
SIM3
SIM4
1
21
22
SIM5
SIM1
SIM2
SIM3
SIM4
1
21
22
SIM5
SIM1
SIM2
SIM3
SIM4
1
21
22
SIM5
SIM1
SIM2
SIM3
SIM4
1
21
22
SIM5
SIM1
SIM2
SIM3
SIM4
1
21
22
SIM5
SIM1
SIM2
SIM3
SIM4
1
21
22
SIM5
SIM1
SIM2
SIM3
SIM4
1
21
22
SIM5
SIM1
SIM2
SIM3
SIM4
1
21
22
SIM5
SIM1
SIM2
SIM3
SIM4
1
21
22
SIM5
SIM1
SIM2
SIM3
SIM4
1
21
22
SIM5
SIM1
SIM2
SIM3
SIM4
1
21
22
SIM5
SIM1
SIM2
SIM3
SIM4
1
21
22
SIM5
SIM1
SIM2
SIM3
SIM4
1
21
22
SIM5
SIM1
SIM2
SIM3
SIM4
1
21
22
SIM5
SIM1
SIM2
SIM3
SIM4
1
21
22
SIM5
SIM1
SIM2
SIM3
SIM4
1
21
22
SIM5
SIM1
SIM2
SIM3
SIM4
1
21
22
SIM5
SIM1
SIM2
SIM3
SIM4
1
21
22
SIM5
SIM1
SIM2
SIM3
SIM4
1
21
22
SIM5
SIM1
SIM2
SIM3
SIM4
1
21
22
SIM5
SIM1
SIM2
SIM3
SIM4
1
21
22
SIM5
SIM1
SIM2
SIM3
SIM4
1
21
22
SIM5
SIM1
SIM2
SIM3
SIM4
1
21
22
SIM5
SIM1
SIM2
SIM3
SIM4
1
21
22
SIM5
SIM1
SIM2
SIM3
SIM4
1
21
22
SIM5
SIM1
SIM2
SIM3
SIM4
1
21
22
SIM5
SIM1
SIM2
SIM3
SIM4
1
21
22
SIM5
SIM1
SIM2
SIM3
SIM4
1
21
22
SIM5
SIM1
SIM2
SIM3
SIM4
1
21
22
SIM5
SIM1
SIM2
SIM3
SIM4
1
21
22
SIM5
SIM1
SIM2
SIM3
SIM4
1
21
22
SIM5
SIM1
SIM2
SIM3
SIM4
1
21
22
SIM5
SIM1
SIM2
SIM3
SIM4
1
21
22
SIM5
SIM1
SIM2
SIM3
SIM4
1
21
22
SIM5
SIM1
SIM2
SIM3
SIM4
1
21
22
SIM5
SIM1
SIM2
SIM3
SIM4
1
21
22
SIM5
SIM1
SIM2
SIM3
SIM4
1
21
22
SIM5
SIM1
SIM2
SIM3
SIM4
1
21
22
SIM5
SIM1
SIM2
SIM3
SIM4
1
21
22
SIM5
SIM1
SIM2
SIM3
SIM4
1
21
22
SIM5
SIM1
SIM2
SIM3
SIM4
1
21
22
SIM5
SIM1
SIM2
SIM3
SIM4
1
21
22
SIM5
SIM1
SIM2
SIM3
SIM4
1
21
22
SIM5
SIM1
SIM2
SIM3
SIM4
1
21
22
SIM5
SIM1
SIM2
SIM3
SIM4
1
21
22
SIM5
SIM1
SIM2
SIM3
SIM4
1
21
22
SIM5
SIM1
SIM2
SIM3
SIM4
1
21
22
SIM5
SIM1
SIM2
SIM3
SIM4
1
21
22
SIM5
SIM1
SIM2
SIM3
SIM4
1
21
22
SIM5
SIM1
SIM2
SIM3
SIM4
1
21
22
SIM5
SIM1
SIM2
SIM3
SIM4
1
21
22
SIM5
SIM1
SIM2
SIM3
SIM4
1
21
22
SIM5
SIM1
SIM2
SIM3
SIM4
1
21
22
SIM5
SIM1
SIM2
SIM3
SIM4
1
21
22
SIM5
SIM1
SIM2
SIM3
SIM4
1
21
22
SIM5
SIM1
SIM2
SIM3
SIM4
1
21
22
SIM5
SIM1
SIM2
SIM3
SIM4
1
21
22
SIM5
SIM1
SIM2
SIM3
SIM4
1
21
22
SIM5
SIM1
SIM2
SIM3
SIM4
1
21
22
SIM5
SIM1
SIM2
SIM3
SIM4
1
21
22
SIM5
SIM1
SIM2
SIM3
SIM4
1
21
22
SIM5
SIM1
SIM2
SIM3
SIM4
1
21
22
SIM5
SIM1
SIM2
SIM3
SIM4
1
21
22
SIM5
SIM1
SIM2
SIM3
SIM4
1
21
22
SIM5
SIM1
SIM2
SIM3
SIM4
1
21
22
SIM5
SIM1
SIM2
SIM3
SIM4
1
21
22
SIM5
SIM1
SIM2
SIM3
SIM4
1
21
22
SIM5
SIM1
SIM2
SIM3
SIM4
1
21
22
SIM5
SIM1
SIM2
SIM3
SIM4
1
21
22
SIM5
SIM1
SIM2
SIM3
SIM4
1
21
22
SIM5
SIM1
SIM2
SIM3
SIM4
1
21
22
SIM5
SIM1
SIM2
SIM3
SIM4
1
21
22
SIM5
SIM1
SIM2
SIM3
SIM4
1
21
22
SIM5
SIM1
SIM2
SIM3
SIM4
1
21
22
SIM5
SIM1
SIM2
SIM3
SIM4
1
21
22
SIM5
SIM1
SIM2
SIM3
SIM4
1
21
22
SIM5
SIM1
SIM2
SIM3
SIM4
1
21
22
SIM5
SIM1
SIM2
SIM3
SIM4
1
21
22
SIM5
SIM1
SIM2
SIM3
SIM4
1
21
22
SIM5
SIM1
SIM2
SIM3
SIM4
1
21
22
SIM5
SIM1
SIM2
SIM3
SIM4
1
21
22
SIM5
SIM1
SIM2
SIM3
SIM4
1
21
22
SIM5
SIM1
SIM2
SIM3
SIM4
1
21
22
SIM5
SIM1
SIM2
SIM3
SIM4
1
21
22
SIM5
SIM1
SIM2
SIM3
SIM4
1
21
22
SIM5
SIM1
SIM2
SIM3
SIM4
1
21
22
SIM5
SIM1
SIM2
SIM3
SIM4
1
21
22
SIM5
SIM1
SIM2
SIM3
SIM4
1
21
22
SIM5
SIM1
SIM2
SIM3
SIM4
1
21
22
SIM5
SIM1
SIM2
SIM3
SIM4
1
21
22
SIM5
SIM1
SIM2
SIM3
SIM4
1
21
22
SIM5
SIM1
SIM2
SIM3
SIM4
1
21
22
SIM5
SIM1
SIM2
SIM3
SIM4
1
21
22
SIM5
SIM1
SIM2
SIM3
SIM4
1
21
22
SIM5
SIM1
SIM2
SIM3
SIM4
1
21
22
SIM5
SIM1
SIM2
SIM3
SIM4
1
21
22
SIM5
SIM1
SIM2
SIM3
SIM4
1
21
22
SIM5
SIM1
SIM2
SIM3
SIM4
1
21
22
SIM5
SIM1
SIM2
SIM3
SIM4
1
21
22
SIM5
SIM1
SIM2
SIM3
SIM4
1
21
22
SIM5
SIM1
SIM2
SIM3
SIM4
1
21
22
SIM5
SIM1
SIM2
SIM3
SIM4
1
21
22
SIM5
SIM1
SIM2
SIM3
SIM4
1
21
22
SIM5
SIM1
SIM2
SIM3
SIM4
1
21
22
SIM5
SIM1
SIM2
SIM3
SIM4
1
21
22
SIM5
SIM1
SIM2
SIM3
SIM4
1
21
22
SIM5
SIM1
SIM2
SIM3
SIM4
1
21
22
SIM5
SIM1
SIM2
SIM3
SIM4
1
21
22
SIM5
SIM1
SIM2
SIM3
SIM4
1
21
22
SIM5
SIM1
SIM2
SIM3
SIM4
1
21
22
SIM5
SIM1
SIM2
SIM3
SIM4
1
21
22
SIM5
SIM1
SIM2
SIM3
SIM4
1
21
22
SIM5
SIM1
SIM2
SIM3
SIM4
1
21
22
SIM5
SIM1
SIM2
SIM3
SIM4
1
21
22
SIM5
SIM1
SIM2
SIM3
SIM4
1
21
22
SIM5
SIM1
SIM2
SIM3
SIM4
1
21
22
SIM5
SIM1
SIM2
SIM3
SIM4
1
21
22
SIM5
SIM1
SIM2
SIM3
SIM4
1
21
22
SIM5
SIM1
SIM2
SIM3
SIM4
1
21
22
SIM5
SIM1
SIM2
SIM3
SIM4
1
21
22
SIM5
SIM1
SIM2
SIM3
SIM4
1
21
22
SIM5
SIM1
SIM2
SIM3
SIM4
1
21
22
SIM5
SIM1
SIM2
DEBUG 1 449
SIM1
SIM2
SIM3
SIM4
1
21
22
SIM5
SIM1
SIM2
SIM3
SIM4
1
21
22
SIM5
SIM1
SIM2
SIM3
SIM4
1
21
22
SIM5
SIM1
SIM2
SIM3
SIM4
1
21
22
SIM5
SIM1
SIM2
SIM3
SIM4
1
21
22
SIM5
SIM1
SIM2
SIM3
SIM4
1
21
22
SIM5
SIM1
SIM2
SIM3
SIM4
1
21
22
SIM5
SIM1
SIM2
SIM3
SIM4
1
21
22
SIM5
SIM1
SIM2
SIM3
SIM4
1
21
22
SIM5
SIM1
SIM2
SIM3
SIM4
1
21
22
SIM5
SIM1
SIM2
SIM3
SIM4
1
21
22
SIM5
SIM1
SIM2
SIM3
SIM4
1
21
22
SIM5
SIM1
SIM2
SIM3
SIM4
1
21
22
SIM5
SIM1
SIM2
SIM3
SIM4
1
21
22
SIM5
SIM1
SIM2
SIM3
SIM4
1
21
22
SIM5
SIM1
SIM2
SIM3
SIM4
1
21
22
SIM5
SIM1
SIM2
SIM3
SIM4
1
21
22
SIM5
SIM1
SIM2
SIM3
SIM4
1
21
22
SIM5
SIM1
SIM2
SIM3
SIM4
1
21
22
SIM5
SIM1
SIM2
SIM3
SIM4
1
21
22
SIM5
SIM1
SIM2
SIM3
SIM4
1
21
22
SIM5
SIM1
SIM2
SIM3
SIM4
1
21
22
SIM5
SIM1
SIM2
SIM3
SIM4
1
21
22
SIM5
SIM1
SIM2
SIM3
SIM4
1
21
22
SIM5
SIM1
SIM2
SIM3
SIM4
1
21
22
SIM5
SIM1
SIM2
SIM3
SIM4
1
21
22
SIM5
SIM1
SIM2
SIM3
SIM4
1
21
22
SIM5
SIM1
SIM2
SIM3
SIM4
1
21
22
SIM5
SIM1
SIM2
SIM3
SIM4
1
21
22
SIM5
SIM1
SIM2
SIM3
SIM4
1
21
22
SIM5
SIM1
SIM2
SIM3
SIM4
1
21
22
SIM5
SIM1
SIM2
SIM3
SIM4
1
21
22
SIM5
SIM1
SIM2
SIM3
SIM4
1
21
22
SIM5
SIM1
SIM2
SIM3
SIM4
1
21
22
SIM5
SIM1
SIM2
SIM3
SIM4
1
21
22
SIM5
SIM1
SIM2
SIM3
SIM4
1
21
22
SIM5
SIM1
SIM2
SIM3
SIM4
1
21
22
SIM5
SIM1
SIM2
SIM3
SIM4
1
21
22
SIM5
SIM1
SIM2
SIM3
SIM4
1
21
22
SIM5
SIM1
SIM2
SIM3
SIM4
1
21
22
SIM5
SIM1
SIM2
SIM3
SIM4
1
21
22
SIM5
SIM1
SIM2
SIM3
SIM4
1
21
22
SIM5
SIM1
SIM2
SIM3
SIM4
1
21
22
SIM5
SIM1
SIM2
SIM3
SIM4
1
21
22
SIM5
SIM1
SIM2
SIM3
SIM4
1
21
22
SIM5
SIM1
SIM2
SIM3
SIM4
1
21
22
SIM5
SIM1
SIM2
SIM3
SIM4
1
21
22
SIM5
SIM1
SIM2
SIM3
SIM4
1
21
22
SIM5
SIM1
SIM2
SIM3
SIM4
1
21
22
SIM5
SIM1
SIM2
SIM3
SIM4
1
21
22
SIM5
SIM1
SIM2
SIM3
SIM4
1
21
22
SIM5
SIM1
SIM2
SIM3
SIM4
1
21
22
SIM5
SIM1
SIM2
SIM3
SIM4
1
21
22
SIM5
SIM1
SIM2
SIM3
SIM4
1
21
22
SIM5
SIM1
SIM2
SIM3
SIM4
1
21
22
SIM5
SIM1
SIM2
SIM3
SIM4
1
21
22
SIM5
SIM1
SIM2
SIM3
SIM4
1
21
22
SIM5
SIM1
SIM2
SIM3
SIM4
1
21
22
SIM5
SIM1
SIM2
SIM3
SIM4
1
21
22
SIM5
SIM1
SIM2
SIM3
SIM4
1
21
22
SIM5
SIM1
SIM2
SIM3
SIM4
1
21
22
SIM5
SIM1
SIM2
SIM3
SIM4
1
21
22
SIM5
SIM1
SIM2
SIM3
SIM4
1
21
22
SIM5
SIM1
SIM2
SIM3
SIM4
1
21
22
SIM5
SIM1
SIM2
SIM3
SIM4
1
21
22
SIM5
SIM1
SIM2
SIM3
SIM4
1
21
22
SIM5
SIM1
SIM2
SIM3
SIM4
1
21
22
SIM5
SIM1
SIM2
SIM3
SIM4
1
21
22
SIM5
SIM1
SIM2
SIM3
SIM4
1
21
22
SIM5
SIM1
SIM2
SIM3
SIM4
1
21
22
SIM5
SIM1
SIM2
SIM3
SIM4
1
21
22
SIM5
SIM1
SIM2
SIM3
SIM4
1
21
22
SIM5
SIM1
SIM2
SIM3
SIM4
1
21
22
SIM5
SIM1
SIM2
SIM3
SIM4
1
21
22
SIM5
SIM1
SIM2
SIM3
SIM4
1
21
22
SIM5
SIM1
SIM2
SIM3
SIM4
1
21
22
SIM5
SIM1
SIM2
SIM3
SIM4
1
21
22
SIM5
SIM1
SIM2
SIM3
SIM4
1
21
22
SIM5
SIM1
SIM2
SIM3
SIM4
1
21
22
SIM5
SIM1
SIM2
SIM3
SIM4
1
21
22
SIM5
SIM1
SIM2
SIM3
SIM4
1
21
22
SIM5
SIM1
SIM2
SIM3
SIM4
1
21
22
SIM5
SIM1
SIM2
SIM3
SIM4
1
21
22
SIM5
SIM1
SIM2
SIM3
SIM4
1
21
22
SIM5
SIM1
SIM2
SIM3
SIM4
1
21
22
SIM5
SIM1
SIM2
SIM3
SIM4
1
21
22
SIM5
SIM1
SIM2
SIM3
SIM4
1
21
22
SIM5
SIM1
SIM2
SIM3
SIM4
1
21
22
SIM5
SIM1
SIM2
SIM3
SIM4
1
21
22
SIM5
SIM1
SIM2
SIM3
SIM4
1
21
22
SIM5
SIM1
SIM2
SIM3
SIM4
1
21
22
SIM5
SIM1
SIM2
SIM3
SIM4
1
21
22
SIM5
SIM1
SIM2
SIM3
SIM4
1
21
22
SIM5
SIM1
SIM2
SIM3
SIM4
1
21
22
SIM5
SIM1
SIM2
SIM3
SIM4
1
21
22
SIM5
SIM1
SIM2
SIM3
SIM4
1
21
22
SIM5
SIM1
SIM2
SIM3
SIM4
1
21
22
SIM5
SIM1
SIM2
SIM3
SIM4
1
21
22
SIM5
SIM1
SIM2
SIM3
SIM4
1
21
22
SIM5
SIM1
SIM2
SIM3
SIM4
1
21
22
SIM5
SIM1
SIM2
SIM3
SIM4
1
21
22
SIM5
SIM1
SIM2
SIM3
SIM4
1
21
22
SIM5
SIM1
SIM2
SIM3
SIM4
1
21
22
SIM5
SIM1
SIM2
SIM3
SIM4
1
21
22
SIM5
SIM1
SIM2
SIM3
SIM4
1
21
22
SIM5
SIM1
SIM2
SIM3
SIM4
1
21
22
SIM5
SIM1
SIM2
SIM3
SIM4
1
21
22
SIM5
SIM1
SIM2
SIM3
SIM4
1
21
22
SIM5
SIM1
SIM2
SIM3
SIM4
1
21
22
SIM5
SIM1
SIM2
SIM3
SIM4
1
21
22
SIM5
SIM1
SIM2
SIM3
SIM4
1
21
22
SIM5
SIM1
SIM2
SIM3
SIM4
1
21
22
SIM5
SIM1
SIM2
SIM3
SIM4
1
21
22
SIM5
SIM1
SIM2
SIM3
SIM4
1
21
22
SIM5
SIM1
SIM2
SIM3
SIM4
1
21
22
SIM5
SIM1
SIM2
SIM3
SIM4
1
21
22
SIM5
SIM1
SIM2
SIM3
SIM4
1
21
22
SIM5
SIM1
SIM2
SIM3
SIM4
1
21
22
SIM5
SIM1
SIM2
SIM3
SIM4
1
21
22
SIM5
SIM1
SIM2
SIM3
SIM4
1
21
22
SIM5
SIM1
SIM2
SIM3
SIM4
1
21
22
SIM5
SIM1
SIM2
SIM3
SIM4
1
21
22
SIM5
SIM1
SIM2
SIM3
SIM4
1
21
22
SIM5
SIM1
SIM2
SIM3
SIM4
1
21
22
SIM5
SIM1
SIM2
SIM3
SIM4
1
21
22
SIM5
SIM1
SIM2
SIM3
SIM4
1
21
22
SIM5
SIM1
SIM2
SIM3
SIM4
1
21
22
SIM5
SIM1
SIM2
SIM3
SIM4
1
21
22
SIM5
SIM1
SIM2
SIM3
SIM4
1
21
22
SIM5
SIM1
SIM2
SIM3
SIM4
1
21
22
SIM5
SIM1
SIM2
SIM3
SIM4
1
21
22
SIM5
SIM1
SIM2
SIM3
SIM4
1
21
22
SIM5
SIM1
SIM2
SIM3
SIM4
1
21
22
SIM5
SIM1
SIM2
SIM3
SIM4
1
21
22
SIM5
SIM1
SIM2
SIM3
SIM4
1
21
22
SIM5
SIM1
SIM2
SIM3
SIM4
1
21
22
SIM5
SIM1
SIM2
SIM3
SIM4
1
21
22
SIM5
SIM1
SIM2
SIM3
SIM4
1
21
22
SIM5
SIM1
SIM2
SIM3
SIM4
1
21
22
SIM5
SIM1
SIM2
SIM3
SIM4
1
21
22
SIM5
SIM1
SIM2
SIM3
SIM4
1
21
22
SIM5
SIM1
SIM2
SIM3
SIM4
1
21
22
SIM5
SIM1
SIM2
SIM3
SIM4
1
21
22
SIM5
SIM1
SIM2
SIM3
SIM4
1
21
22
SIM5
SIM1
SIM2
SIM3
SIM4
1
21
22
SIM5
SIM1
SIM2
SIM3
SIM4
1
21
22
SIM5
SIM1
SIM2
SIM3
SIM4
1
21
22
SIM5
SIM1
SIM2
SIM3
SIM4
1
21
22
SIM5
SIM1
SIM2
SIM3
SIM4
1
21
22
SIM5
SIM1
SIM2
SIM3
SIM4
1
21
22
SIM5
SIM1
SIM2
SIM3
SIM4
1
21
22
SIM5
SIM1
SIM2
SIM3
SIM4
1
21
22
SIM5
SIM1
SIM2
SIM3
SIM4
1
21
22
SIM5
SIM1
SIM2
SIM3
SIM4
1
21
22
SIM5
SIM1
SIM2
SIM3
SIM4
1
21
22
SIM5
SIM1
SIM2
SIM3
SIM4
1
21
22
SIM5
SIM1
SIM2
SIM3
SIM4
1
21
22
SIM5
SIM1
SIM2
SIM3
SIM4
1
21
22
SIM5
SIM1
SIM2
SIM3
SIM4
1
21
22
SIM5
SIM1
SIM2
SIM3
SIM4
1
21
22
SIM5
SIM1
SIM2
SIM3
SIM4
1
21
22
SIM5
SIM1
SIM2
SIM3
SIM4
1
21
22
SIM5
SIM1
SIM2
SIM3
SIM4
1
21
22
SIM5
SIM1
SIM2
SIM3
SIM4
1
21
22
SIM5
SIM1
SIM2
SIM3
SIM4
1
21
22
SIM5
SIM1
SIM2
SIM3
SIM4
1
21
22
SIM5
SIM1
SIM2
SIM3
SIM4
1
21
22
SIM5
SIM1
SIM2
SIM3
SIM4
1
21
22
SIM5
SIM1
SIM2
SIM3
SIM4
1
21
22
SIM5
SIM1
SIM2
SIM3
SIM4
1
21
22
SIM5
SIM1
SIM2
SIM3
SIM4
1
21
22
SIM5
SIM1
SIM2
SIM3
SIM4
1
21
22
SIM5
SIM1
SIM2
SIM3
SIM4
1
21
22
SIM5
SIM1
SIM2
SIM3
SIM4
1
21
22
SIM5
SIM1
SIM2
SIM3
SIM4
1
21
22
SIM5
SIM1
SIM2
SIM3
SIM4
1
21
22
SIM5
SIM1
SIM2
SIM3
SIM4
1
21
22
SIM5
SIM1
SIM2
SIM3
SIM4
1
21
22
SIM5
SIM1
SIM2
SIM3
SIM4
1
21
22
SIM5
SIM1
SIM2
SIM3
SIM4
1
21
22
SIM5
SIM1
SIM2
SIM3
SIM4
1
21
22
SIM5
SIM1
SIM2
SIM3
SIM4
1
21
22
SIM5
SIM1
SIM2
SIM3
SIM4
1
21
22
SIM5
SIM1
SIM2
SIM3
SIM4
1
21
22
SIM5
SIM1
SIM2
SIM3
SIM4
1
21
22
SIM5
SIM1
SIM2
SIM3
SIM4
1
21
22
SIM5
SIM1
SIM2
SIM3
SIM4
1
21
22
SIM5
SIM1
SIM2
SIM3
SIM4
1
21
22
SIM5
SIM1
SIM2
SIM3
SIM4
1
21
22
SIM5
SIM1
SIM2
SIM3
SIM4
1
21
22
SIM5
SIM1
SIM2
SIM3
SIM4
1
21
22
SIM5
SIM1
SIM2
SIM3
SIM4
1
21
22
SIM5
SIM1
SIM2
SIM3
SIM4
1
21
22
SIM5
SIM1
SIM2
SIM3
SIM4
1
21
22
SIM5
SIM1
SIM2
SIM3
SIM4
1
21
22
SIM5
SIM1
SIM2
SIM3
SIM4
1
21
22
SIM5
SIM1
SIM2
SIM3
SIM4
1
21
22
SIM5
SIM1
SIM2
SIM3
SIM4
1
21
22
SIM5
SIM1
SIM2
SIM3
SIM4
1
21
22
SIM5
SIM1
SIM2
SIM3
SIM4
1
21
22
SIM5
SIM1
SIM2
SIM3
SIM4
1
21
22
SIM5
SIM1
SIM2
SIM3
SIM4
1
21
22
SIM5
SIM1
SIM2
SIM3
SIM4
1
21
22
SIM5
SIM1
SIM2
SIM3
SIM4
1
21
22
SIM5
SIM1
SIM2
SIM3
SIM4
1
21
22
SIM5
SIM1
SIM2
SIM3
SIM4
1
21
22
SIM5
SIM1
SIM2
SIM3
SIM4
1
21
22
SIM5
SIM1
SIM2
SIM3
SIM4
1
21
22
SIM5
SIM1
SIM2
SIM3
SIM4
1
21
22
SIM5
SIM1
SIM2
SIM3
SIM4
1
21
22
SIM5
SIM1
SIM2
SIM3
SIM4
1
21
22
SIM5
SIM1
SIM2
SIM3
SIM4
1
21
22
SIM5
SIM1
SIM2
SIM3
SIM4
1
21
22
SIM5
SIM1
SIM2
SIM3
SIM4
1
21
22
SIM5
SIM1
SIM2
SIM3
SIM4
1
21
22
SIM5
SIM1
SIM2
SIM3
SIM4
1
21
22
SIM5
SIM1
SIM2
DEBUG 1 450
SIM1
SIM2
SIM3
SIM4
1
21
22
SIM5
SIM1
SIM2
SIM3
SIM4
1
21
22
SIM5
SIM1
SIM2
SIM3
SIM4
1
21
22
SIM5
SIM1
SIM2
SIM3
SIM4
1
21
22
SIM5
SIM1
SIM2
SIM3
SIM4
1
21
22
SIM5
SIM1
SIM2
SIM3
SIM4
1
21
22
SIM5
SIM1
SIM2
SIM3
SIM4
1
21
22
SIM5
SIM1
SIM2
SIM3
SIM4
1
21
22
SIM5
SIM1
SIM2
SIM3
SIM4
1
21
22
SIM5
SIM1
SIM2
SIM3
SIM4
1
21
22
SIM5
SIM1
SIM2
SIM3
SIM4
1
21
22
SIM5
SIM1
SIM2
SIM3
SIM4
1
21
22
SIM5
SIM1
SIM2
SIM3
SIM4
1
21
22
SIM5
SIM1
SIM2
SIM3
SIM4
1
21
22
SIM5
SIM1
SIM2
SIM3
SIM4
1
21
22
SIM5
SIM1
SIM2
SIM3
SIM4
1
21
22
SIM5
SIM1
SIM2
SIM3
SIM4
1
21
22
SIM5
SIM1
SIM2
SIM3
SIM4
1
21
22
SIM5
SIM1
SIM2
SIM3
SIM4
1
21
22
SIM5
SIM1
SIM2
SIM3
SIM4
1
21
22
SIM5
SIM1
SIM2
SIM3
SIM4
1
21
22
SIM5
SIM1
SIM2
SIM3
SIM4
1
21
22
SIM5
SIM1
SIM2
SIM3
SIM4
1
21
22
SIM5
SIM1
SIM2
SIM3
SIM4
1
21
22
SIM5
SIM1
SIM2
SIM3
SIM4
1
21
22
SIM5
SIM1
SIM2
SIM3
SIM4
1
21
22
SIM5
SIM1
SIM2
SIM3
SIM4
1
21
22
SIM5
SIM1
SIM2
SIM3
SIM4
1
21
22
SIM5
SIM1
SIM2
SIM3
SIM4
1
21
22
SIM5
SIM1
SIM2
SIM3
SIM4
1
21
22
SIM5
SIM1
SIM2
SIM3
SIM4
1
21
22
SIM5
SIM1
SIM2
SIM3
SIM4
1
21
22
SIM5
SIM1
SIM2
SIM3
SIM4
1
21
22
SIM5
SIM1
SIM2
SIM3
SIM4
1
21
22
SIM5
SIM1
SIM2
SIM3
SIM4
1
21
22
SIM5
SIM1
SIM2
SIM3
SIM4
1
21
22
SIM5
SIM1
SIM2
SIM3
SIM4
1
21
22
SIM5
SIM1
SIM2
SIM3
SIM4
1
21
22
SIM5
SIM1
SIM2
SIM3
SIM4
1
21
22
SIM5
SIM1
SIM2
SIM3
SIM4
1
21
22
SIM5
SIM1
SIM2
SIM3
SIM4
1
21
22
SIM5
SIM1
SIM2
SIM3
SIM4
1
21
22
SIM5
SIM1
SIM2
SIM3
SIM4
1
21
22
SIM5
SIM1
SIM2
SIM3
SIM4
1
21
22
SIM5
SIM1
SIM2
SIM3
SIM4
1
21
22
SIM5
SIM1
SIM2
SIM3
SIM4
1
21
22
SIM5
SIM1
SIM2
SIM3
SIM4
1
21
22
SIM5
SIM1
SIM2
SIM3
SIM4
1
21
22
SIM5
SIM1
SIM2
SIM3
SIM4
1
21
22
SIM5
SIM1
SIM2
SIM3
SIM4
1
21
22
SIM5
SIM1
SIM2
SIM3
SIM4
1
21
22
SIM5
SIM1
SIM2
SIM3
SIM4
1
21
22
SIM5
SIM1
SIM2
SIM3
SIM4
1
21
22
SIM5
SIM1
SIM2
SIM3
SIM4
1
21
22
SIM5
SIM1
SIM2
SIM3
SIM4
1
21
22
SIM5
SIM1
SIM2
SIM3
SIM4
1
21
22
SIM5
SIM1
SIM2
SIM3
SIM4
1
21
22
SIM5
SIM1
SIM2
SIM3
SIM4
1
21
22
SIM5
SIM1
SIM2
SIM3
SIM4
1
21
22
SIM5
SIM1
SIM2
SIM3
SIM4
1
21
22
SIM5
SIM1
SIM2
SIM3
SIM4
1
21
22
SIM5
SIM1
SIM2
SIM3
SIM4
1
21
22
SIM5
SIM1
SIM2
SIM3
SIM4
1
21
22
SIM5
SIM1
SIM2
SIM3
SIM4
1
21
22
SIM5
SIM1
SIM2
SIM3
SIM4
1
21
22
SIM5
SIM1
SIM2
SIM3
SIM4
1
21
22
SIM5
SIM1
SIM2
SIM3
SIM4
1
21
22
SIM5
SIM1
SIM2
SIM3
SIM4
1
21
22
SIM5
SIM1
SIM2
SIM3
SIM4
1
21
22
SIM5
SIM1
SIM2
SIM3
SIM4
1
21
22
SIM5
SIM1
SIM2
SIM3
SIM4
1
21
22
SIM5
SIM1
SIM2
SIM3
SIM4
1
21
22
SIM5
SIM1
SIM2
SIM3
SIM4
1
21
22
SIM5
SIM1
SIM2
SIM3
SIM4
1
21
22
SIM5
SIM1
SIM2
SIM3
SIM4
1
21
22
SIM5
SIM1
SIM2
SIM3
SIM4
1
21
22
SIM5
SIM1
SIM2
SIM3
SIM4
1
21
22
SIM5
SIM1
SIM2
SIM3
SIM4
1
21
22
SIM5
SIM1
SIM2
SIM3
SIM4
1
21
22
SIM5
SIM1
SIM2
SIM3
SIM4
1
21
22
SIM5
SIM1
SIM2
SIM3
SIM4
1
21
22
SIM5
SIM1
SIM2
SIM3
SIM4
1
21
22
SIM5
SIM1
SIM2
SIM3
SIM4
1
21
22
SIM5
SIM1
SIM2
SIM3
SIM4
1
21
22
SIM5
SIM1
SIM2
SIM3
SIM4
1
21
22
SIM5
SIM1
SIM2
SIM3
SIM4
1
21
22
SIM5
SIM1
SIM2
SIM3
SIM4
1
21
22
SIM5
SIM1
SIM2
SIM3
SIM4
1
21
22
SIM5
SIM1
SIM2
SIM3
SIM4
1
21
22
SIM5
SIM1
SIM2
SIM3
SIM4
1
21
22
SIM5
SIM1
SIM2
SIM3
SIM4
1
21
22
SIM5
SIM1
SIM2
SIM3
SIM4
1
21
22
SIM5
SIM1
SIM2
SIM3
SIM4
1
21
22
SIM5
SIM1
SIM2
SIM3
SIM4
1
21
22
SIM5
SIM1
SIM2
SIM3
SIM4
1
21
22
SIM5
SIM1
SIM2
SIM3
SIM4
1
21
22
SIM5
SIM1
SIM2
SIM3
SIM4
1
21
22
SIM5
SIM1
SIM2
SIM3
SIM4
1
21
22
SIM5
SIM1
SIM2
SIM3
SIM4
1
21
22
SIM5
SIM1
SIM2
SIM3
SIM4
1
21
22
SIM5
SIM1
SIM2
SIM3
SIM4
1
21
22
SIM5
SIM1
SIM2
SIM3
SIM4
1
21
22
SIM5
SIM1
SIM2
SIM3
SIM4
1
21
22
SIM5
SIM1
SIM2
SIM3
SIM4
1
21
22
SIM5
SIM1
SIM2
SIM3
SIM4
1
21
22
SIM5
SIM1
SIM2
SIM3
SIM4
1
21
22
SIM5
SIM1
SIM2
SIM3
SIM4
1
21
22
SIM5
SIM1
SIM2
SIM3
SIM4
1
21
22
SIM5
SIM1
SIM2
SIM3
SIM4
1
21
22
SIM5
SIM1
SIM2
SIM3
SIM4
1
21
22
SIM5
SIM1
SIM2
SIM3
SIM4
1
21
22
SIM5
SIM1
SIM2
SIM3
SIM4
1
21
22
SIM5
SIM1
SIM2
SIM3
SIM4
1
21
22
SIM5
SIM1
SIM2
SIM3
SIM4
1
21
22
SIM5
SIM1
SIM2
SIM3
SIM4
1
21
22
SIM5
SIM1
SIM2
SIM3
SIM4
1
21
22
SIM5
SIM1
SIM2
SIM3
SIM4
1
21
22
SIM5
SIM1
SIM2
SIM3
SIM4
1
21
22
SIM5
SIM1
SIM2
SIM3
SIM4
1
21
22
SIM5
SIM1
SIM2
SIM3
SIM4
1
21
22
SIM5
SIM1
SIM2
SIM3
SIM4
1
21
22
SIM5
SIM1
SIM2
SIM3
SIM4
1
21
22
SIM5
SIM1
SIM2
SIM3
SIM4
1
21
22
SIM5
SIM1
SIM2
SIM3
SIM4
1
21
22
SIM5
SIM1
SIM2
SIM3
SIM4
1
21
22
SIM5
SIM1
SIM2
SIM3
SIM4
1
21
22
SIM5
SIM1
SIM2
SIM3
SIM4
1
21
22
SIM5
SIM1
SIM2
SIM3
SIM4
1
21
22
SIM5
SIM1
SIM2
SIM3
SIM4
1
21
22
SIM5
SIM1
SIM2
SIM3
SIM4
1
21
22
SIM5
SIM1
SIM2
SIM3
SIM4
1
21
22
SIM5
SIM1
SIM2
SIM3
SIM4
1
21
22
SIM5
SIM1
SIM2
SIM3
SIM4
1
21
22
SIM5
SIM1
SIM2
SIM3
SIM4
1
21
22
SIM5
SIM1
SIM2
SIM3
SIM4
1
21
22
SIM5
SIM1
SIM2
SIM3
SIM4
1
21
22
SIM5
SIM1
SIM2
SIM3
SIM4
1
21
22
SIM5
SIM1
SIM2
SIM3
SIM4
1
21
22
SIM5
SIM1
SIM2
SIM3
SIM4
1
21
22
SIM5
SIM1
SIM2
SIM3
SIM4
1
21
22
SIM5
SIM1
SIM2
SIM3
SIM4
1
21
22
SIM5
SIM1
SIM2
SIM3
SIM4
1
21
22
SIM5
SIM1
SIM2
SIM3
SIM4
1
21
22
SIM5
SIM1
SIM2
SIM3
SIM4
1
21
22
SIM5
SIM1
SIM2
SIM3
SIM4
1
21
22
SIM5
SIM1
SIM2
SIM3
SIM4
1
21
22
SIM5
SIM1
SIM2
SIM3
SIM4
1
21
22
SIM5
SIM1
SIM2
SIM3
SIM4
1
21
22
SIM5
SIM1
SIM2
SIM3
SIM4
1
21
22
SIM5
SIM1
SIM2
SIM3
SIM4
1
21
22
SIM5
SIM1
SIM2
SIM3
SIM4
1
21
22
SIM5
SIM1
SIM2
SIM3
SIM4
1
21
22
SIM5
SIM1
SIM2
SIM3
SIM4
1
21
22
SIM5
SIM1
SIM2
SIM3
SIM4
1
21
22
SIM5
SIM1
SIM2
SIM3
SIM4
1
21
22
SIM5
SIM1
SIM2
SIM3
SIM4
1
21
22
SIM5
SIM1
SIM2
SIM3
SIM4
1
21
22
SIM5
SIM1
SIM2
SIM3
SIM4
1
21
22
SIM5
SIM1
SIM2
SIM3
SIM4
1
21
22
SIM5
SIM1
SIM2
SIM3
SIM4
1
21
22
SIM5
SIM1
SIM2
SIM3
SIM4
1
21
22
SIM5
SIM1
SIM2
SIM3
SIM4
1
21
22
SIM5
SIM1
SIM2
SIM3
SIM4
1
21
22
SIM5
SIM1
SIM2
SIM3
SIM4
1
21
22
SIM5
SIM1
SIM2
SIM3
SIM4
1
21
22
SIM5
SIM1
SIM2
SIM3
SIM4
1
21
22
SIM5
SIM1
SIM2
SIM3
SIM4
1
21
22
SIM5
SIM1
SIM2
SIM3
SIM4
1
21
22
SIM5
SIM1
SIM2
SIM3
SIM4
1
21
22
SIM5
SIM1
SIM2
SIM3
SIM4
1
21
22
SIM5
SIM1
SIM2
SIM3
SIM4
1
21
22
SIM5
SIM1
SIM2
SIM3
SIM4
1
21
22
SIM5
SIM1
SIM2
SIM3
SIM4
1
21
22
SIM5
SIM1
SIM2
SIM3
SIM4
1
21
22
SIM5
SIM1
SIM2
SIM3
SIM4
1
21
22
SIM5
SIM1
SIM2
SIM3
SIM4
1
21
22
SIM5
SIM1
SIM2
SIM3
SIM4
1
21
22
SIM5
SIM1
SIM2
SIM3
SIM4
1
21
22
SIM5
SIM1
SIM2
SIM3
SIM4
1
21
22
SIM5
SIM1
SIM2
SIM3
SIM4
1
21
22
SIM5
SIM1
SIM2
SIM3
SIM4
1
21
22
SIM5
SIM1
SIM2
SIM3
SIM4
1
21
22
SIM5
SIM1
SIM2
SIM3
SIM4
1
21
22
SIM5
SIM1
SIM2
SIM3
SIM4
1
21
22
SIM5
SIM1
SIM2
SIM3
SIM4
1
21
22
SIM5
SIM1
SIM2
SIM3
SIM4
1
21
22
SIM5
SIM1
SIM2
SIM3
SIM4
1
21
22
SIM5
SIM1
SIM2
DEBUG 1 451
SIM1
SIM2
SIM3
SIM4
1
21
22
SIM5
SIM1
SIM2
SIM3
SIM4
1
21
22
SIM5
SIM1
SIM2
SIM3
SIM4
1
21
22
SIM5
SIM1
SIM2
SIM3
SIM4
1
21
22
SIM5
SIM1
SIM2
SIM3
SIM4
1
21
22
SIM5
SIM1
SIM2
SIM3
SIM4
1
21
22
SIM5
SIM1
SIM2
SIM3
SIM4
1
21
22
SIM5
SIM1
SIM2
SIM3
SIM4
1
21
22
SIM5
SIM1
SIM2
SIM3
SIM4
1
21
22
SIM5
SIM1
SIM2
SIM3
SIM4
1
21
22
SIM5
SIM1
SIM2
SIM3
SIM4
1
21
22
SIM5
SIM1
SIM2
SIM3
SIM4
1
21
22
SIM5
SIM1
SIM2
SIM3
SIM4
1
21
22
SIM5
SIM1
SIM2
SIM3
SIM4
1
21
22
SIM5
SIM1
SIM2
SIM3
SIM4
1
21
22
SIM5
SIM1
SIM2
SIM3
SIM4
1
21
22
SIM5
SIM1
SIM2
SIM3
SIM4
1
21
22
SIM5
SIM1
SIM2
SIM3
SIM4
1
21
22
SIM5
SIM1
SIM2
SIM3
SIM4
1
21
22
SIM5
SIM1
SIM2
SIM3
SIM4
1
21
22
SIM5
SIM1
SIM2
SIM3
SIM4
1
21
22
SIM5
SIM1
SIM2
SIM3
SIM4
1
21
22
SIM5
SIM1
SIM2
SIM3
SIM4
1
21
22
SIM5
SIM1
SIM2
SIM3
SIM4
1
21
22
SIM5
SIM1
SIM2
SIM3
SIM4
1
21
22
SIM5
SIM1
SIM2
SIM3
SIM4
1
21
22
SIM5
SIM1
SIM2
SIM3
SIM4
1
21
22
SIM5
SIM1
SIM2
SIM3
SIM4
1
21
22
SIM5
SIM1
SIM2
SIM3
SIM4
1
21
22
SIM5
SIM1
SIM2
SIM3
SIM4
1
21
22
SIM5
SIM1
SIM2
SIM3
SIM4
1
21
22
SIM5
SIM1
SIM2
SIM3
SIM4
1
21
22
SIM5
SIM1
SIM2
SIM3
SIM4
1
21
22
SIM5
SIM1
SIM2
SIM3
SIM4
1
21
22
SIM5
SIM1
SIM2
SIM3
SIM4
1
21
22
SIM5
SIM1
SIM2
SIM3
SIM4
1
21
22
SIM5
SIM1
SIM2
SIM3
SIM4
1
21
22
SIM5
SIM1
SIM2
SIM3
SIM4
1
21
22
SIM5
SIM1
SIM2
SIM3
SIM4
1
21
22
SIM5
SIM1
SIM2
SIM3
SIM4
1
21
22
SIM5
SIM1
SIM2
SIM3
SIM4
1
21
22
SIM5
SIM1
SIM2
SIM3
SIM4
1
21
22
SIM5
SIM1
SIM2
SIM3
SIM4
1
21
22
SIM5
SIM1
SIM2
SIM3
SIM4
1
21
22
SIM5
SIM1
SIM2
SIM3
SIM4
1
21
22
SIM5
SIM1
SIM2
SIM3
SIM4
1
21
22
SIM5
SIM1
SIM2
SIM3
SIM4
1
21
22
SIM5
SIM1
SIM2
SIM3
SIM4
1
21
22
SIM5
SIM1
SIM2
SIM3
SIM4
1
21
22
SIM5
SIM1
SIM2
SIM3
SIM4
1
21
22
SIM5
SIM1
SIM2
SIM3
SIM4
1
21
22
SIM5
SIM1
SIM2
SIM3
SIM4
1
21
22
SIM5
SIM1
SIM2
SIM3
SIM4
1
21
22
SIM5
SIM1
SIM2
SIM3
SIM4
1
21
22
SIM5
SIM1
SIM2
SIM3
SIM4
1
21
22
SIM5
SIM1
SIM2
SIM3
SIM4
1
21
22
SIM5
SIM1
SIM2
SIM3
SIM4
1
21
22
SIM5
SIM1
SIM2
SIM3
SIM4
1
21
22
SIM5
SIM1
SIM2
SIM3
SIM4
1
21
22
SIM5
SIM1
SIM2
SIM3
SIM4
1
21
22
SIM5
SIM1
SIM2
SIM3
SIM4
1
21
22
SIM5
SIM1
SIM2
SIM3
SIM4
1
21
22
SIM5
SIM1
SIM2
SIM3
SIM4
1
21
22
SIM5
SIM1
SIM2
SIM3
SIM4
1
21
22
SIM5
SIM1
SIM2
SIM3
SIM4
1
21
22
SIM5
SIM1
SIM2
SIM3
SIM4
1
21
22
SIM5
SIM1
SIM2
SIM3
SIM4
1
21
22
SIM5
SIM1
SIM2
SIM3
SIM4
1
21
22
SIM5
SIM1
SIM2
SIM3
SIM4
1
21
22
SIM5
SIM1
SIM2
SIM3
SIM4
1
21
22
SIM5
SIM1
SIM2
SIM3
SIM4
1
21
22
SIM5
SIM1
SIM2
SIM3
SIM4
1
21
22
SIM5
SIM1
SIM2
SIM3
SIM4
1
21
22
SIM5
SIM1
SIM2
SIM3
SIM4
1
21
22
SIM5
SIM1
SIM2
SIM3
SIM4
1
21
22
SIM5
SIM1
SIM2
SIM3
SIM4
1
21
22
SIM5
SIM1
SIM2
SIM3
SIM4
1
21
22
SIM5
SIM1
SIM2
SIM3
SIM4
1
21
22
SIM5
SIM1
SIM2
SIM3
SIM4
1
21
22
SIM5
SIM1
SIM2
SIM3
SIM4
1
21
22
SIM5
SIM1
SIM2
SIM3
SIM4
1
21
22
SIM5
SIM1
SIM2
SIM3
SIM4
1
21
22
SIM5
SIM1
SIM2
SIM3
SIM4
1
21
22
SIM5
SIM1
SIM2
SIM3
SIM4
1
21
22
SIM5
SIM1
SIM2
SIM3
SIM4
1
21
22
SIM5
SIM1
SIM2
SIM3
SIM4
1
21
22
SIM5
SIM1
SIM2
SIM3
SIM4
1
21
22
SIM5
SIM1
SIM2
SIM3
SIM4
1
21
22
SIM5
SIM1
SIM2
SIM3
SIM4
1
21
22
SIM5
SIM1
SIM2
SIM3
SIM4
1
21
22
SIM5
SIM1
SIM2
SIM3
SIM4
1
21
22
SIM5
SIM1
SIM2
SIM3
SIM4
1
21
22
SIM5
SIM1
SIM2
SIM3
SIM4
1
21
22
SIM5
SIM1
SIM2
SIM3
SIM4
1
21
22
SIM5
SIM1
SIM2
SIM3
SIM4
1
21
22
SIM5
SIM1
SIM2
SIM3
SIM4
1
21
22
SIM5
SIM1
SIM2
SIM3
SIM4
1
21
22
SIM5
SIM1
SIM2
SIM3
SIM4
1
21
22
SIM5
SIM1
SIM2
SIM3
SIM4
1
21
22
SIM5
SIM1
SIM2
SIM3
SIM4
1
21
22
SIM5
SIM1
SIM2
SIM3
SIM4
1
21
22
SIM5
SIM1
SIM2
SIM3
SIM4
1
21
22
SIM5
SIM1
SIM2
SIM3
SIM4
1
21
22
SIM5
SIM1
SIM2
SIM3
SIM4
1
21
22
SIM5
SIM1
SIM2
SIM3
SIM4
1
21
22
SIM5
SIM1
SIM2
SIM3
SIM4
1
21
22
SIM5
SIM1
SIM2
SIM3
SIM4
1
21
22
SIM5
SIM1
SIM2
SIM3
SIM4
1
21
22
SIM5
SIM1
SIM2
SIM3
SIM4
1
21
22
SIM5
SIM1
SIM2
SIM3
SIM4
1
21
22
SIM5
SIM1
SIM2
SIM3
SIM4
1
21
22
SIM5
SIM1
SIM2
SIM3
SIM4
1
21
22
SIM5
SIM1
SIM2
SIM3
SIM4
1
21
22
SIM5
SIM1
SIM2
SIM3
SIM4
1
21
22
SIM5
SIM1
SIM2
SIM3
SIM4
1
21
22
SIM5
SIM1
SIM2
SIM3
SIM4
1
21
22
SIM5
SIM1
SIM2
SIM3
SIM4
1
21
22
SIM5
SIM1
SIM2
SIM3
SIM4
1
21
22
SIM5
SIM1
SIM2
SIM3
SIM4
1
21
22
SIM5
SIM1
SIM2
SIM3
SIM4
1
21
22
SIM5
SIM1
SIM2
SIM3
SIM4
1
21
22
SIM5
SIM1
SIM2
SIM3
SIM4
1
21
22
SIM5
SIM1
SIM2
SIM3
SIM4
1
21
22
SIM5
SIM1
SIM2
SIM3
SIM4
1
21
22
SIM5
SIM1
SIM2
SIM3
SIM4
1
21
22
SIM5
SIM1
SIM2
SIM3
SIM4
1
21
22
SIM5
SIM1
SIM2
SIM3
SIM4
1
21
22
SIM5
SIM1
SIM2
SIM3
SIM4
1
21
22
SIM5
SIM1
SIM2
SIM3
SIM4
1
21
22
SIM5
SIM1
SIM2
SIM3
SIM4
1
21
22
SIM5
SIM1
SIM2
SIM3
SIM4
1
21
22
SIM5
SIM1
SIM2
SIM3
SIM4
1
21
22
SIM5
SIM1
SIM2
SIM3
SIM4
1
21
22
SIM5
SIM1
SIM2
SIM3
SIM4
1
21
22
SIM5
SIM1
SIM2
SIM3
SIM4
1
21
22
SIM5
SIM1
SIM2
SIM3
SIM4
1
21
22
SIM5
SIM1
SIM2
SIM3
SIM4
1
21
22
SIM5
SIM1
SIM2
SIM3
SIM4
1
21
22
SIM5
SIM1
SIM2
SIM3
SIM4
1
21
22
SIM5
SIM1
SIM2
SIM3
SIM4
1
21
22
SIM5
SIM1
SIM2
SIM3
SIM4
1
21
22
SIM5
SIM1
SIM2
SIM3
SIM4
1
21
22
SIM5
SIM1
SIM2
SIM3
SIM4
1
21
22
SIM5
SIM1
SIM2
SIM3
SIM4
1
21
22
SIM5
SIM1
SIM2
SIM3
SIM4
1
21
22
SIM5
SIM1
SIM2
SIM3
SIM4
1
21
22
SIM5
SIM1
SIM2
SIM3
SIM4
1
21
22
SIM5
SIM1
SIM2
DEBUG 1 452
SIM1
SIM2
SIM3
SIM4
1
21
22
SIM5
SIM1
SIM2
SIM3
SIM4
1
21
22
SIM5
SIM1
SIM2
SIM3
SIM4
1
21
22
SIM5
SIM1
SIM2
SIM3
SIM4
1
21
22
SIM5
SIM1
SIM2
SIM3
SIM4
1
21
22
SIM5
SIM1
SIM2
SIM3
SIM4
1
21
22
SIM5
SIM1
SIM2
SIM3
SIM4
1
21
22
SIM5
SIM1
SIM2
SIM3
SIM4
1
21
22
SIM5
SIM1
SIM2
SIM3
SIM4
1
21
22
SIM5
SIM1
SIM2
SIM3
SIM4
1
21
22
SIM5
SIM1
SIM2
SIM3
SIM4
1
21
22
SIM5
SIM1
SIM2
SIM3
SIM4
1
21
22
SIM5
SIM1
SIM2
SIM3
SIM4
1
21
22
SIM5
SIM1
SIM2
SIM3
SIM4
1
21
22
SIM5
SIM1
SIM2
SIM3
SIM4
1
21
22
SIM5
SIM1
SIM2
SIM3
SIM4
1
21
22
SIM5
SIM1
SIM2
SIM3
SIM4
1
21
22
SIM5
SIM1
SIM2
SIM3
SIM4
1
21
22
SIM5
SIM1
SIM2
SIM3
SIM4
1
21
22
SIM5
SIM1
SIM2
SIM3
SIM4
1
21
22
SIM5
SIM1
SIM2
SIM3
SIM4
1
21
22
SIM5
SIM1
SIM2
SIM3
SIM4
1
21
22
SIM5
SIM1
SIM2
SIM3
SIM4
1
21
22
SIM5
SIM1
SIM2
SIM3
SIM4
1
21
22
SIM5
SIM1
SIM2
SIM3
SIM4
1
21
22
SIM5
SIM1
SIM2
SIM3
SIM4
1
21
22
SIM5
SIM1
SIM2
SIM3
SIM4
1
21
22
SIM5
SIM1
SIM2
SIM3
SIM4
1
21
22
SIM5
SIM1
SIM2
SIM3
SIM4
1
21
22
SIM5
SIM1
SIM2
SIM3
SIM4
1
21
22
SIM5
SIM1
SIM2
SIM3
SIM4
1
21
22
SIM5
SIM1
SIM2
SIM3
SIM4
1
21
22
SIM5
SIM1
SIM2
SIM3
SIM4
1
21
22
SIM5
SIM1
SIM2
SIM3
SIM4
1
21
22
SIM5
SIM1
SIM2
SIM3
SIM4
1
21
22
SIM5
SIM1
SIM2
SIM3
SIM4
1
21
22
SIM5
SIM1
SIM2
SIM3
SIM4
1
21
22
SIM5
SIM1
SIM2
SIM3
SIM4
1
21
22
SIM5
SIM1
SIM2
SIM3
SIM4
1
21
22
SIM5
SIM1
SIM2
SIM3
SIM4
1
21
22
SIM5
SIM1
SIM2
SIM3
SIM4
1
21
22
SIM5
SIM1
SIM2
SIM3
SIM4
1
21
22
SIM5
SIM1
SIM2
SIM3
SIM4
1
21
22
SIM5
SIM1
SIM2
SIM3
SIM4
1
21
22
SIM5
SIM1
SIM2
SIM3
SIM4
1
21
22
SIM5
SIM1
SIM2
SIM3
SIM4
1
21
22
SIM5
SIM1
SIM2
SIM3
SIM4
1
21
22
SIM5
SIM1
SIM2
SIM3
SIM4
1
21
22
SIM5
SIM1
SIM2
SIM3
SIM4
1
21
22
SIM5
SIM1
SIM2
SIM3
SIM4
1
21
22
SIM5
SIM1
SIM2
SIM3
SIM4
1
21
22
SIM5
SIM1
SIM2
SIM3
SIM4
1
21
22
SIM5
SIM1
SIM2
SIM3
SIM4
1
21
22
SIM5
SIM1
SIM2
SIM3
SIM4
1
21
22
SIM5
SIM1
SIM2
SIM3
SIM4
1
21
22
SIM5
SIM1
SIM2
SIM3
SIM4
1
21
22
SIM5
SIM1
SIM2
SIM3
SIM4
1
21
22
SIM5
SIM1
SIM2
SIM3
SIM4
1
21
22
SIM5
SIM1
SIM2
SIM3
SIM4
1
21
22
SIM5
SIM1
SIM2
SIM3
SIM4
1
21
22
SIM5
SIM1
SIM2
SIM3
SIM4
1
21
22
SIM5
SIM1
SIM2
SIM3
SIM4
1
21
22
SIM5
SIM1
SIM2
SIM3
SIM4
1
21
22
SIM5
SIM1
SIM2
SIM3
SIM4
1
21
22
SIM5
SIM1
SIM2
SIM3
SIM4
1
21
22
SIM5
SIM1
SIM2
SIM3
SIM4
1
21
22
SIM5
SIM1
SIM2
SIM3
SIM4
1
21
22
SIM5
SIM1
SIM2
SIM3
SIM4
1
21
22
SIM5
SIM1
SIM2
SIM3
SIM4
1
21
22
SIM5
SIM1
SIM2
SIM3
SIM4
1
21
22
SIM5
SIM1
SIM2
SIM3
SIM4
1
21
22
SIM5
SIM1
SIM2
SIM3
SIM4
1
21
22
SIM5
SIM1
SIM2
SIM3
SIM4
1
21
22
SIM5
SIM1
SIM2
SIM3
SIM4
1
21
22
SIM5
SIM1
SIM2
SIM3
SIM4
1
21
22
SIM5
SIM1
SIM2
SIM3
SIM4
1
21
22
SIM5
SIM1
SIM2
SIM3
SIM4
1
21
22
SIM5
SIM1
SIM2
SIM3
SIM4
1
21
22
SIM5
SIM1
SIM2
SIM3
SIM4
1
21
22
SIM5
SIM1
SIM2
SIM3
SIM4
1
21
22
SIM5
SIM1
SIM2
SIM3
SIM4
1
21
22
SIM5
SIM1
SIM2
SIM3
SIM4
1
21
22
SIM5
SIM1
SIM2
SIM3
SIM4
1
21
22
SIM5
SIM1
SIM2
SIM3
SIM4
1
21
22
SIM5
SIM1
SIM2
SIM3
SIM4
1
21
22
SIM5
SIM1
SIM2
SIM3
SIM4
1
21
22
SIM5
SIM1
SIM2
SIM3
SIM4
1
21
22
SIM5
SIM1
SIM2
SIM3
SIM4
1
21
22
SIM5
SIM1
SIM2
SIM3
SIM4
1
21
22
SIM5
SIM1
SIM2
SIM3
SIM4
1
21
22
SIM5
SIM1
SIM2
SIM3
SIM4
1
21
22
SIM5
SIM1
SIM2
SIM3
SIM4
1
21
22
SIM5
SIM1
SIM2
SIM3
SIM4
1
21
22
SIM5
SIM1
SIM2
SIM3
SIM4
1
21
22
SIM5
SIM1
SIM2
SIM3
SIM4
1
21
22
SIM5
SIM1
SIM2
SIM3
SIM4
1
21
22
SIM5
SIM1
SIM2
SIM3
SIM4
1
21
22
SIM5
SIM1
SIM2
SIM3
SIM4
1
21
22
SIM5
SIM1
SIM2
SIM3
SIM4
1
21
22
SIM5
SIM1
SIM2
SIM3
SIM4
1
21
22
SIM5
SIM1
SIM2
SIM3
SIM4
1
21
22
SIM5
SIM1
SIM2
SIM3
SIM4
1
21
22
SIM5
SIM1
SIM2
SIM3
SIM4
1
21
22
SIM5
SIM1
SIM2
SIM3
SIM4
1
21
22
SIM5
SIM1
SIM2
SIM3
SIM4
1
21
22
SIM5
SIM1
SIM2
SIM3
SIM4
1
21
22
SIM5
SIM1
SIM2
SIM3
SIM4
1
21
22
SIM5
SIM1
SIM2
SIM3
SIM4
1
21
22
SIM5
SIM1
SIM2
SIM3
SIM4
1
21
22
SIM5
SIM1
SIM2
SIM3
SIM4
1
21
22
SIM5
SIM1
SIM2
SIM3
SIM4
1
21
22
SIM5
SIM1
SIM2
SIM3
SIM4
1
21
22
SIM5
SIM1
SIM2
SIM3
SIM4
1
21
22
SIM5
SIM1
SIM2
SIM3
SIM4
1
21
22
SIM5
SIM1
SIM2
SIM3
SIM4
1
21
22
SIM5
SIM1
SIM2
SIM3
SIM4
1
21
22
SIM5
SIM1
SIM2
SIM3
SIM4
1
21
22
SIM5
SIM1
SIM2
SIM3
SIM4
1
21
22
SIM5
SIM1
SIM2
SIM3
SIM4
1
21
22
SIM5
SIM1
SIM2
SIM3
SIM4
1
21
22
SIM5
SIM1
SIM2
SIM3
SIM4
1
21
22
SIM5
SIM1
SIM2
SIM3
SIM4
1
21
22
SIM5
SIM1
SIM2
SIM3
SIM4
1
21
22
SIM5
SIM1
SIM2
SIM3
SIM4
1
21
22
SIM5
SIM1
SIM2
SIM3
SIM4
1
21
22
SIM5
SIM1
SIM2
SIM3
SIM4
1
21
22
SIM5
SIM1
SIM2
SIM3
SIM4
1
21
22
SIM5
SIM1
SIM2
SIM3
SIM4
1
21
22
SIM5
SIM1
SIM2
SIM3
SIM4
1
21
22
SIM5
SIM1
SIM2
SIM3
SIM4
1
21
22
SIM5
SIM1
SIM2
SIM3
SIM4
1
21
22
SIM5
SIM1
SIM2
SIM3
SIM4
1
21
22
SIM5
SIM1
SIM2
SIM3
SIM4
1
21
22
SIM5
SIM1
SIM2
SIM3
SIM4
1
21
22
SIM5
SIM1
SIM2
SIM3
SIM4
1
21
22
SIM5
SIM1
SIM2
SIM3
SIM4
1
21
22
SIM5
SIM1
SIM2
SIM3
SIM4
1
21
22
SIM5
SIM1
SIM2
SIM3
SIM4
1
21
22
SIM5
SIM1
SIM2
SIM3
SIM4
1
21
22
SIM5
SIM1
SIM2
SIM3
SIM4
1
21
22
SIM5
SIM1
SIM2
SIM3
SIM4
1
21
22
SIM5
SIM1
SIM2
SIM3
SIM4
1
21
22
SIM5
SIM1
SIM2
SIM3
SIM4
1
21
22
SIM5
SIM1
SIM2
SIM3
SIM4
1
21
22
SIM5
SIM1
SIM2
SIM3
SIM4
1
21
22
SIM5
SIM1
SIM2
SIM3
SIM4
1
21
22
SIM5
SIM1
SIM2
SIM3
SIM4
1
21
22
SIM5
SIM1
SIM2
SIM3
SIM4
1
21
22
SIM5
SIM1
SIM2
SIM3
SIM4
1
21
22
SIM5
SIM1
SIM2
SIM3
SIM4
1
21
22
SIM5
SIM1
SIM2
SIM3
SIM4
1
21
22
SIM5
SIM1
SIM2
SIM3
SIM4
1
21
22
SIM5
SIM1
SIM2
SIM3
SIM4
1
21
22
SIM5
SIM1
SIM2
SIM3
SIM4
1
21
22
SIM5
SIM1
SIM2
SIM3
SIM4
1
21
22
SIM5
SIM1
SIM2
SIM3
SIM4
1
21
22
SIM5
SIM1
SIM2
SIM3
SIM4
1
21
22
SIM5
SIM1
SIM2
SIM3
SIM4
1
21
22
SIM5
SIM1
SIM2
SIM3
SIM4
1
21
22
SIM5
SIM1
SIM2
SIM3
SIM4
1
21
22
SIM5
SIM1
SIM2
SIM3
SIM4
1
21
22
SIM5
SIM1
SIM2
SIM3
SIM4
1
21
22
SIM5
SIM1
SIM2
SIM3
SIM4
1
21
22
SIM5
SIM1
SIM2
SIM3
SIM4
1
21
22
SIM5
SIM1
SIM2
SIM3
SIM4
1
21
22
SIM5
SIM1
SIM2
SIM3
SIM4
1
21
22
SIM5
SIM1
SIM2
SIM3
SIM4
1
21
22
SIM5
SIM1
SIM2
SIM3
SIM4
1
21
22
SIM5
SIM1
SIM2
SIM3
SIM4
1
21
22
SIM5
SIM1
SIM2
SIM3
SIM4
1
21
22
SIM5
SIM1
SIM2
SIM3
SIM4
1
21
22
SIM5
SIM1
SIM2
SIM3
SIM4
1
21
22
SIM5
SIM1
SIM2
DEBUG 1 453
SIM1
SIM2
SIM3
SIM4
1
21
22
SIM5
SIM1
SIM2
SIM3
SIM4
1
21
22
SIM5
SIM1
SIM2
SIM3
SIM4
1
21
22
SIM5
SIM1
SIM2
SIM3
SIM4
1
21
22
SIM5
SIM1
SIM2
SIM3
SIM4
1
21
22
SIM5
SIM1
SIM2
SIM3
SIM4
1
21
22
SIM5
SIM1
SIM2
SIM3
SIM4
1
21
22
SIM5
SIM1
SIM2
SIM3
SIM4
1
21
22
SIM5
SIM1
SIM2
SIM3
SIM4
1
21
22
SIM5
SIM1
SIM2
SIM3
SIM4
1
21
22
SIM5
SIM1
SIM2
SIM3
SIM4
1
21
22
SIM5
SIM1
SIM2
SIM3
SIM4
1
21
22
SIM5
SIM1
SIM2
SIM3
SIM4
1
21
22
SIM5
SIM1
SIM2
SIM3
SIM4
1
21
22
SIM5
SIM1
SIM2
SIM3
SIM4
1
21
22
SIM5
SIM1
SIM2
SIM3
SIM4
1
21
22
SIM5
SIM1
SIM2
SIM3
SIM4
1
21
22
SIM5
SIM1
SIM2
SIM3
SIM4
1
21
22
SIM5
SIM1
SIM2
SIM3
SIM4
1
21
22
SIM5
SIM1
SIM2
SIM3
SIM4
1
21
22
SIM5
SIM1
SIM2
SIM3
SIM4
1
21
22
SIM5
SIM1
SIM2
SIM3
SIM4
1
21
22
SIM5
SIM1
SIM2
SIM3
SIM4
1
21
22
SIM5
SIM1
SIM2
SIM3
SIM4
1
21
22
SIM5
SIM1
SIM2
SIM3
SIM4
1
21
22
SIM5
SIM1
SIM2
SIM3
SIM4
1
21
22
SIM5
SIM1
SIM2
SIM3
SIM4
1
21
22
SIM5
SIM1
SIM2
SIM3
SIM4
1
21
22
SIM5
SIM1
SIM2
SIM3
SIM4
1
21
22
SIM5
SIM1
SIM2
SIM3
SIM4
1
21
22
SIM5
SIM1
SIM2
SIM3
SIM4
1
21
22
SIM5
SIM1
SIM2
SIM3
SIM4
1
21
22
SIM5
SIM1
SIM2
SIM3
SIM4
1
21
22
SIM5
SIM1
SIM2
SIM3
SIM4
1
21
22
SIM5
SIM1
SIM2
SIM3
SIM4
1
21
22
SIM5
SIM1
SIM2
SIM3
SIM4
1
21
22
SIM5
SIM1
SIM2
SIM3
SIM4
1
21
22
SIM5
SIM1
SIM2
SIM3
SIM4
1
21
22
SIM5
SIM1
SIM2
SIM3
SIM4
1
21
22
SIM5
SIM1
SIM2
SIM3
SIM4
1
21
22
SIM5
SIM1
SIM2
SIM3
SIM4
1
21
22
SIM5
SIM1
SIM2
SIM3
SIM4
1
21
22
SIM5
SIM1
SIM2
SIM3
SIM4
1
21
22
SIM5
SIM1
SIM2
SIM3
SIM4
1
21
22
SIM5
SIM1
SIM2
SIM3
SIM4
1
21
22
SIM5
SIM1
SIM2
SIM3
SIM4
1
21
22
SIM5
SIM1
SIM2
SIM3
SIM4
1
21
22
SIM5
SIM1
SIM2
SIM3
SIM4
1
21
22
SIM5
SIM1
SIM2
SIM3
SIM4
1
21
22
SIM5
SIM1
SIM2
SIM3
SIM4
1
21
22
SIM5
SIM1
SIM2
SIM3
SIM4
1
21
22
SIM5
SIM1
SIM2
SIM3
SIM4
1
21
22
SIM5
SIM1
SIM2
SIM3
SIM4
1
21
22
SIM5
SIM1
SIM2
SIM3
SIM4
1
21
22
SIM5
SIM1
SIM2
SIM3
SIM4
1
21
22
SIM5
SIM1
SIM2
SIM3
SIM4
1
21
22
SIM5
SIM1
SIM2
SIM3
SIM4
1
21
22
SIM5
SIM1
SIM2
SIM3
SIM4
1
21
22
SIM5
SIM1
SIM2
SIM3
SIM4
1
21
22
SIM5
SIM1
SIM2
SIM3
SIM4
1
21
22
SIM5
SIM1
SIM2
SIM3
SIM4
1
21
22
SIM5
SIM1
SIM2
SIM3
SIM4
1
21
22
SIM5
SIM1
SIM2
SIM3
SIM4
1
21
22
SIM5
SIM1
SIM2
SIM3
SIM4
1
21
22
SIM5
SIM1
SIM2
SIM3
SIM4
1
21
22
SIM5
SIM1
SIM2
SIM3
SIM4
1
21
22
SIM5
SIM1
SIM2
SIM3
SIM4
1
21
22
SIM5
SIM1
SIM2
SIM3
SIM4
1
21
22
SIM5
SIM1
SIM2
SIM3
SIM4
1
21
22
SIM5
SIM1
SIM2
SIM3
SIM4
1
21
22
SIM5
SIM1
SIM2
SIM3
SIM4
1
21
22
SIM5
SIM1
SIM2
SIM3
SIM4
1
21
22
SIM5
SIM1
SIM2
SIM3
SIM4
1
21
22
SIM5
SIM1
SIM2
SIM3
SIM4
1
21
22
SIM5
SIM1
SIM2
SIM3
SIM4
1
21
22
SIM5
SIM1
SIM2
SIM3
SIM4
1
21
22
SIM5
SIM1
SIM2
SIM3
SIM4
1
21
22
SIM5
SIM1
SIM2
SIM3
SIM4
1
21
22
SIM5
SIM1
SIM2
SIM3
SIM4
1
21
22
SIM5
SIM1
SIM2
SIM3
SIM4
1
21
22
SIM5
SIM1
SIM2
SIM3
SIM4
1
21
22
SIM5
SIM1
SIM2
SIM3
SIM4
1
21
22
SIM5
SIM1
SIM2
SIM3
SIM4
1
21
22
SIM5
SIM1
SIM2
SIM3
SIM4
1
21
22
SIM5
SIM1
SIM2
SIM3
SIM4
1
21
22
SIM5
SIM1
SIM2
SIM3
SIM4
1
21
22
SIM5
SIM1
SIM2
SIM3
SIM4
1
21
22
SIM5
SIM1
SIM2
SIM3
SIM4
1
21
22
SIM5
SIM1
SIM2
SIM3
SIM4
1
21
22
SIM5
SIM1
SIM2
SIM3
SIM4
1
21
22
SIM5
SIM1
SIM2
SIM3
SIM4
1
21
22
SIM5
SIM1
SIM2
SIM3
SIM4
1
21
22
SIM5
SIM1
SIM2
SIM3
SIM4
1
21
22
SIM5
SIM1
SIM2
SIM3
SIM4
1
21
22
SIM5
SIM1
SIM2
SIM3
SIM4
1
21
22
SIM5
SIM1
SIM2
SIM3
SIM4
1
21
22
SIM5
SIM1
SIM2
SIM3
SIM4
1
21
22
SIM5
SIM1
SIM2
SIM3
SIM4
1
21
22
SIM5
SIM1
SIM2
SIM3
SIM4
1
21
22
SIM5
SIM1
SIM2
SIM3
SIM4
1
21
22
SIM5
SIM1
SIM2
SIM3
SIM4
1
21
22
SIM5
SIM1
SIM2
SIM3
SIM4
1
21
22
SIM5
SIM1
SIM2
SIM3
SIM4
1
21
22
SIM5
SIM1
SIM2
SIM3
SIM4
1
21
22
SIM5
SIM1
SIM2
SIM3
SIM4
1
21
22
SIM5
SIM1
SIM2
SIM3
SIM4
1
21
22
SIM5
SIM1
SIM2
SIM3
SIM4
1
21
22
SIM5
SIM1
SIM2
SIM3
SIM4
1
21
22
SIM5
SIM1
SIM2
SIM3
SIM4
1
21
22
SIM5
SIM1
SIM2
SIM3
SIM4
1
21
22
SIM5
SIM1
SIM2
SIM3
SIM4
1
21
22
SIM5
SIM1
SIM2
SIM3
SIM4
1
21
22
SIM5
SIM1
SIM2
SIM3
SIM4
1
21
22
SIM5
SIM1
SIM2
SIM3
SIM4
1
21
22
SIM5
SIM1
SIM2
SIM3
SIM4
1
21
22
SIM5
SIM1
SIM2
SIM3
SIM4
1
21
22
SIM5
SIM1
SIM2
SIM3
SIM4
1
21
22
SIM5
SIM1
SIM2
SIM3
SIM4
1
21
22
SIM5
SIM1
SIM2
SIM3
SIM4
1
21
22
SIM5
SIM1
SIM2
SIM3
SIM4
1
21
22
SIM5
SIM1
SIM2
SIM3
SIM4
1
21
22
SIM5
SIM1
SIM2
SIM3
SIM4
1
21
22
SIM5
SIM1
SIM2
SIM3
SIM4
1
21
22
SIM5
SIM1
SIM2
SIM3
SIM4
1
21
22
SIM5
SIM1
SIM2
SIM3
SIM4
1
21
22
SIM5
SIM1
SIM2
SIM3
SIM4
1
21
22
SIM5
SIM1
SIM2
SIM3
SIM4
1
21
22
SIM5
SIM1
SIM2
SIM3
SIM4
1
21
22
SIM5
SIM1
SIM2
SIM3
SIM4
1
21
22
SIM5
SIM1
SIM2
SIM3
SIM4
1
21
22
SIM5
SIM1
SIM2
SIM3
SIM4
1
21
22
SIM5
SIM1
SIM2
SIM3
SIM4
1
21
22
SIM5
SIM1
SIM2
SIM3
SIM4
1
21
22
SIM5
SIM1
SIM2
SIM3
SIM4
1
21
22
SIM5
SIM1
SIM2
SIM3
SIM4
1
21
22
SIM5
SIM1
SIM2
SIM3
SIM4
1
21
22
SIM5
SIM1
SIM2
SIM3
SIM4
1
21
22
SIM5
SIM1
SIM2
SIM3
SIM4
1
21
22
SIM5
SIM1
SIM2
SIM3
SIM4
1
21
22
SIM5
SIM1
SIM2
SIM3
SIM4
1
21
22
SIM5
SIM1
SIM2
SIM3
SIM4
1
21
22
SIM5
SIM1
SIM2
SIM3
SIM4
1
21
22
SIM5
SIM1
SIM2
SIM3
SIM4
1
21
22
SIM5
SIM1
SIM2
SIM3
SIM4
1
21
22
SIM5
SIM1
SIM2
SIM3
SIM4
1
21
22
SIM5
SIM1
SIM2
SIM3
SIM4
1
21
22
SIM5
SIM1
SIM2
SIM3
SIM4
1
21
22
SIM5
SIM1
SIM2
SIM3
SIM4
1
21
22
SIM5
SIM1
SIM2
SIM3
SIM4
1
21
22
SIM5
SIM1
SIM2
SIM3
SIM4
1
21
22
SIM5
SIM1
SIM2
SIM3
SIM4
1
21
22
SIM5
SIM1
SIM2
SIM3
SIM4
1
21
22
SIM5
SIM1
SIM2
SIM3
SIM4
1
21
22
SIM5
SIM1
SIM2
SIM3
SIM4
1
21
22
SIM5
SIM1
SIM2
SIM3
SIM4
1
21
22
SIM5
SIM1
SIM2
SIM3
SIM4
1
21
22
SIM5
SIM1
SIM2
SIM3
SIM4
1
21
22
SIM5
SIM1
SIM2
SIM3
SIM4
1
21
22
SIM5
SIM1
SIM2
SIM3
SIM4
1
21
22
SIM5
SIM1
SIM2
SIM3
SIM4
1
21
22
SIM5
SIM1
SIM2
SIM3
SIM4
1
21
22
SIM5
SIM1
SIM2
SIM3
SIM4
1
21
22
SIM5
SIM1
SIM2
SIM3
SIM4
1
21
22
SIM5
SIM1
SIM2
SIM3
SIM4
1
21
22
SIM5
SIM1
SIM2
SIM3
SIM4
1
21
22
SIM5
SIM1
SIM2
SIM3
SIM4
1
21
22
SIM5
SIM1
SIM2
SIM3
SIM4
1
21
22
SIM5
SIM1
SIM2
SIM3
SIM4
1
21
22
SIM5
SIM1
SIM2
SIM3
SIM4
1
21
22
SIM5
SIM1
SIM2
SIM3
SIM4
1
21
22
SIM5
SIM1
SIM2
SIM3
SIM4
1
21
22
SIM5
SIM1
SIM2
SIM3
SIM4
1
21
22
SIM5
SIM1
SIM2
SIM3
SIM4
1
21
22
SIM5
SIM1
SIM2
SIM3
SIM4
1
21
22
SIM5
SIM1
SIM2
SIM3
SIM4
1
21
22
SIM5
SIM1
SIM2
SIM3
SIM4
1
21
22
SIM5
SIM1
SIM2
SIM3
SIM4
1
21
22
SIM5
SIM1
SIM2
SIM3
SIM4
1
21
22
SIM5
SIM1
SIM2
SIM3
SIM4
1
21
22
SIM5
SIM1
SIM2
SIM3
SIM4
1
21
22
SIM5
SIM1
SIM2
SIM3
SIM4
1
21
22
SIM5
SIM1
SIM2
SIM3
SIM4
1
21
22
SIM5
SIM1
SIM2
SIM3
SIM4
1
21
22
SIM5
SIM1
SIM2
SIM3
SIM4
1
21
22
SIM5
SIM1
SIM2
SIM3
SIM4
1
21
22
SIM5
SIM1
SIM2
SIM3
SIM4
1
21
22
SIM5
SIM1
SIM2
SIM3
SIM4
1
21
22
SIM5
SIM1
SIM2
SIM3
SIM4
1
21
22
SIM5
SIM1
SIM2
SIM3
SIM4
1
21
22
SIM5
SIM1
SIM2
SIM3
SIM4
1
21
22
SIM5
SIM1
SIM2
SIM3
SIM4
1
21
22
SIM5
SIM1
SIM2
SIM3
SIM4
1
21
22
SIM5
SIM1
SIM2
SIM3
SIM4
1
21
22
SIM5
SIM1
SIM2
SIM3
SIM4
1
21
22
SIM5
SIM1
SIM2
SIM3
SIM4
1
21
22
SIM5
SIM1
SIM2
SIM3
SIM4
1
21
22
SIM5
SIM1
SIM2
SIM3
SIM4
1
21
22
SIM5
SIM1
SIM2
SIM3
SIM4
1
21
22
SIM5
SIM1
SIM2
SIM3
SIM4
1
21
22
SIM5
SIM1
SIM2
SIM3
SIM4
1
21
22
SIM5
SIM1
SIM2
SIM3
SIM4
1
21
22
SIM5
SIM1
SIM2
SIM3
SIM4
1
21
22
SIM5
SIM1
SIM2
SIM3
SIM4
1
21
22
SIM5
SIM1
SIM2
SIM3
SIM4
1
21
22
SIM5
SIM1
SIM2
SIM3
SIM4
1
21
22
SIM5
SIM1
SIM2
SIM3
SIM4
1
21
22
SIM5
SIM1
SIM2
SIM3
SIM4
1
21
22
SIM5
SIM1
SIM2
SIM3
SIM4
1
21
22
SIM5
SIM1
SIM2
SIM3
SIM4
1
21
22
SIM5
SIM1
SIM2
SIM3
SIM4
1
21
22
SIM5
SIM1
SIM2
SIM3
SIM4
1
21
22
SIM5
SIM1
SIM2
SIM3
SIM4
1
21
22
SIM5
SIM1
SIM2
SIM3
SIM4
1
21
22
SIM5
SIM1
SIM2
SIM3
SIM4
1
21
22
SIM5
SIM1
SIM2
SIM3
SIM4
1
21
22
SIM5
SIM1
SIM2
SIM3
SIM4
1
21
22
SIM5
SIM1
SIM2
SIM3
SIM4
1
21
22
SIM5
SIM1
SIM2
SIM3
SIM4
1
21
22
SIM5
SIM1
SIM2
SIM3
SIM4
1
21
22
SIM5
SIM1
SIM2
SIM3
SIM4
1
21
22
SIM5
SIM1
SIM2
DEBUG 1 454
SIM1
SIM2
SIM3
SIM4
1
21
22
SIM5
SIM1
SIM2
SIM3
SIM4
1
21
22
SIM5
SIM1
SIM2
SIM3
SIM4
1
21
22
SIM5
SIM1
SIM2
SIM3
SIM4
1
21
22
SIM5
SIM1
SIM2
SIM3
SIM4
1
21
22
SIM5
SIM1
SIM2
SIM3
SIM4
1
21
22
SIM5
SIM1
SIM2
SIM3
SIM4
1
21
22
SIM5
SIM1
SIM2
SIM3
SIM4
1
21
22
SIM5
SIM1
SIM2
SIM3
SIM4
1
21
22
SIM5
SIM1
SIM2
SIM3
SIM4
1
21
22
SIM5
SIM1
SIM2
SIM3
SIM4
1
21
22
SIM5
SIM1
SIM2
SIM3
SIM4
1
21
22
SIM5
SIM1
SIM2
SIM3
SIM4
1
21
22
SIM5
SIM1
SIM2
SIM3
SIM4
1
21
22
SIM5
SIM1
SIM2
SIM3
SIM4
1
21
22
SIM5
SIM1
SIM2
SIM3
SIM4
1
21
22
SIM5
SIM1
SIM2
SIM3
SIM4
1
21
22
SIM5
SIM1
SIM2
SIM3
SIM4
1
21
22
SIM5
SIM1
SIM2
SIM3
SIM4
1
21
22
SIM5
SIM1
SIM2
SIM3
SIM4
1
21
22
SIM5
SIM1
SIM2
SIM3
SIM4
1
21
22
SIM5
SIM1
SIM2
SIM3
SIM4
1
21
22
SIM5
SIM1
SIM2
SIM3
SIM4
1
21
22
SIM5
SIM1
SIM2
SIM3
SIM4
1
21
22
SIM5
SIM1
SIM2
SIM3
SIM4
1
21
22
SIM5
SIM1
SIM2
SIM3
SIM4
1
21
22
SIM5
SIM1
SIM2
SIM3
SIM4
1
21
22
SIM5
SIM1
SIM2
SIM3
SIM4
1
21
22
SIM5
SIM1
SIM2
SIM3
SIM4
1
21
22
SIM5
SIM1
SIM2
SIM3
SIM4
1
21
22
SIM5
SIM1
SIM2
SIM3
SIM4
1
21
22
SIM5
SIM1
SIM2
SIM3
SIM4
1
21
22
SIM5
SIM1
SIM2
SIM3
SIM4
1
21
22
SIM5
SIM1
SIM2
SIM3
SIM4
1
21
22
SIM5
SIM1
SIM2
SIM3
SIM4
1
21
22
SIM5
SIM1
SIM2
SIM3
SIM4
1
21
22
SIM5
SIM1
SIM2
SIM3
SIM4
1
21
22
SIM5
SIM1
SIM2
SIM3
SIM4
1
21
22
SIM5
SIM1
SIM2
SIM3
SIM4
1
21
22
SIM5
SIM1
SIM2
SIM3
SIM4
1
21
22
SIM5
SIM1
SIM2
SIM3
SIM4
1
21
22
SIM5
SIM1
SIM2
SIM3
SIM4
1
21
22
SIM5
SIM1
SIM2
SIM3
SIM4
1
21
22
SIM5
SIM1
SIM2
SIM3
SIM4
1
21
22
SIM5
SIM1
SIM2
SIM3
SIM4
1
21
22
SIM5
SIM1
SIM2
SIM3
SIM4
1
21
22
SIM5
SIM1
SIM2
SIM3
SIM4
1
21
22
SIM5
SIM1
SIM2
SIM3
SIM4
1
21
22
SIM5
SIM1
SIM2
SIM3
SIM4
1
21
22
SIM5
SIM1
SIM2
SIM3
SIM4
1
21
22
SIM5
SIM1
SIM2
SIM3
SIM4
1
21
22
SIM5
SIM1
SIM2
SIM3
SIM4
1
21
22
SIM5
SIM1
SIM2
SIM3
SIM4
1
21
22
SIM5
SIM1
SIM2
SIM3
SIM4
1
21
22
SIM5
SIM1
SIM2
SIM3
SIM4
1
21
22
SIM5
SIM1
SIM2
SIM3
SIM4
1
21
22
SIM5
SIM1
SIM2
SIM3
SIM4
1
21
22
SIM5
SIM1
SIM2
SIM3
SIM4
1
21
22
SIM5
SIM1
SIM2
SIM3
SIM4
1
21
22
SIM5
SIM1
SIM2
SIM3
SIM4
1
21
22
SIM5
SIM1
SIM2
SIM3
SIM4
1
21
22
SIM5
SIM1
SIM2
SIM3
SIM4
1
21
22
SIM5
SIM1
SIM2
SIM3
SIM4
1
21
22
SIM5
SIM1
SIM2
SIM3
SIM4
1
21
22
SIM5
SIM1
SIM2
SIM3
SIM4
1
21
22
SIM5
SIM1
SIM2
SIM3
SIM4
1
21
22
SIM5
SIM1
SIM2
SIM3
SIM4
1
21
22
SIM5
SIM1
SIM2
SIM3
SIM4
1
21
22
SIM5
SIM1
SIM2
SIM3
SIM4
1
21
22
SIM5
SIM1
SIM2
SIM3
SIM4
1
21
22
SIM5
SIM1
SIM2
SIM3
SIM4
1
21
22
SIM5
SIM1
SIM2
SIM3
SIM4
1
21
22
SIM5
SIM1
SIM2
SIM3
SIM4
1
21
22
SIM5
SIM1
SIM2
SIM3
SIM4
1
21
22
SIM5
SIM1
SIM2
SIM3
SIM4
1
21
22
SIM5
SIM1
SIM2
SIM3
SIM4
1
21
22
SIM5
SIM1
SIM2
SIM3
SIM4
1
21
22
SIM5
SIM1
SIM2
SIM3
SIM4
1
21
22
SIM5
SIM1
SIM2
SIM3
SIM4
1
21
22
SIM5
SIM1
SIM2
SIM3
SIM4
1
21
22
SIM5
SIM1
SIM2
SIM3
SIM4
1
21
22
SIM5
SIM1
SIM2
SIM3
SIM4
1
21
22
SIM5
SIM1
SIM2
SIM3
SIM4
1
21
22
SIM5
SIM1
SIM2
SIM3
SIM4
1
21
22
SIM5
SIM1
SIM2
SIM3
SIM4
1
21
22
SIM5
SIM1
SIM2
SIM3
SIM4
1
21
22
SIM5
SIM1
SIM2
SIM3
SIM4
1
21
22
SIM5
SIM1
SIM2
SIM3
SIM4
1
21
22
SIM5
SIM1
SIM2
SIM3
SIM4
1
21
22
SIM5
SIM1
SIM2
SIM3
SIM4
1
21
22
SIM5
SIM1
SIM2
DEBUG 1 455
SIM1
SIM2
SIM3
SIM4
1
21
22
SIM5
SIM1
SIM2
SIM3
SIM4
1
21
22
SIM5
SIM1
SIM2
SIM3
SIM4
1
21
22
SIM5
SIM1
SIM2
SIM3
SIM4
1
21
22
SIM5
SIM1
SIM2
SIM3
SIM4
1
21
22
SIM5
SIM1
SIM2
SIM3
SIM4
1
21
22
SIM5
SIM1
SIM2
SIM3
SIM4
1
21
22
SIM5
SIM1
SIM2
SIM3
SIM4
1
21
22
SIM5
SIM1
SIM2
SIM3
SIM4
1
21
22
SIM5
SIM1
SIM2
SIM3
SIM4
1
21
22
SIM5
SIM1
SIM2
SIM3
SIM4
1
21
22
SIM5
SIM1
SIM2
SIM3
SIM4
1
21
22
SIM5
SIM1
SIM2
SIM3
SIM4
1
21
22
SIM5
SIM1
SIM2
SIM3
SIM4
1
21
22
SIM5
SIM1
SIM2
SIM3
SIM4
1
21
22
SIM5
SIM1
SIM2
SIM3
SIM4
1
21
22
SIM5
SIM1
SIM2
SIM3
SIM4
1
21
22
SIM5
SIM1
SIM2
SIM3
SIM4
1
21
22
SIM5
SIM1
SIM2
SIM3
SIM4
1
21
22
SIM5
SIM1
SIM2
SIM3
SIM4
1
21
22
SIM5
SIM1
SIM2
SIM3
SIM4
1
21
22
SIM5
SIM1
SIM2
SIM3
SIM4
1
21
22
SIM5
SIM1
SIM2
SIM3
SIM4
1
21
22
SIM5
SIM1
SIM2
SIM3
SIM4
1
21
22
SIM5
SIM1
SIM2
SIM3
SIM4
1
21
22
SIM5
SIM1
SIM2
SIM3
SIM4
1
21
22
SIM5
SIM1
SIM2
SIM3
SIM4
1
21
22
SIM5
SIM1
SIM2
SIM3
SIM4
1
21
22
SIM5
SIM1
SIM2
SIM3
SIM4
1
21
22
SIM5
SIM1
SIM2
SIM3
SIM4
1
21
22
SIM5
SIM1
SIM2
SIM3
SIM4
1
21
22
SIM5
SIM1
SIM2
SIM3
SIM4
1
21
22
SIM5
SIM1
SIM2
SIM3
SIM4
1
21
22
SIM5
SIM1
SIM2
SIM3
SIM4
1
21
22
SIM5
SIM1
SIM2
SIM3
SIM4
1
21
22
SIM5
SIM1
SIM2
SIM3
SIM4
1
21
22
SIM5
SIM1
SIM2
SIM3
SIM4
1
21
22
SIM5
SIM1
SIM2
SIM3
SIM4
1
21
22
SIM5
SIM1
SIM2
SIM3
SIM4
1
21
22
SIM5
SIM1
SIM2
SIM3
SIM4
1
21
22
SIM5
SIM1
SIM2
SIM3
SIM4
1
21
22
SIM5
SIM1
SIM2
SIM3
SIM4
1
21
22
SIM5
SIM1
SIM2
SIM3
SIM4
1
21
22
SIM5
SIM1
SIM2
SIM3
SIM4
1
21
22
SIM5
SIM1
SIM2
SIM3
SIM4
1
21
22
SIM5
SIM1
SIM2
SIM3
SIM4
1
21
22
SIM5
SIM1
SIM2
SIM3
SIM4
1
21
22
SIM5
SIM1
SIM2
SIM3
SIM4
1
21
22
SIM5
SIM1
SIM2
SIM3
SIM4
1
21
22
SIM5
SIM1
SIM2
SIM3
SIM4
1
21
22
SIM5
SIM1
SIM2
SIM3
SIM4
1
21
22
SIM5
SIM1
SIM2
SIM3
SIM4
1
21
22
SIM5
SIM1
SIM2
SIM3
SIM4
1
21
22
SIM5
SIM1
SIM2
SIM3
SIM4
1
21
22
SIM5
SIM1
SIM2
SIM3
SIM4
1
21
22
SIM5
SIM1
SIM2
SIM3
SIM4
1
21
22
SIM5
SIM1
SIM2
SIM3
SIM4
1
21
22
SIM5
SIM1
SIM2
SIM3
SIM4
1
21
22
SIM5
SIM1
SIM2
SIM3
SIM4
1
21
22
SIM5
SIM1
SIM2
SIM3
SIM4
1
21
22
SIM5
SIM1
SIM2
SIM3
SIM4
1
21
22
SIM5
SIM1
SIM2
SIM3
SIM4
1
21
22
SIM5
SIM1
SIM2
SIM3
SIM4
1
21
22
SIM5
SIM1
SIM2
SIM3
SIM4
1
21
22
SIM5
SIM1
SIM2
SIM3
SIM4
1
21
22
SIM5
SIM1
SIM2
SIM3
SIM4
1
21
22
SIM5
SIM1
SIM2
SIM3
SIM4
1
21
22
SIM5
SIM1
SIM2
SIM3
SIM4
1
21
22
SIM5
SIM1
SIM2
SIM3
SIM4
1
21
22
SIM5
SIM1
SIM2
SIM3
SIM4
1
21
22
SIM5
SIM1
SIM2
SIM3
SIM4
1
21
22
SIM5
SIM1
SIM2
SIM3
SIM4
1
21
22
SIM5
SIM1
SIM2
SIM3
SIM4
1
21
22
SIM5
SIM1
SIM2
SIM3
SIM4
1
21
22
SIM5
SIM1
SIM2
SIM3
SIM4
1
21
22
SIM5
SIM1
SIM2
SIM3
SIM4
1
21
22
SIM5
SIM1
SIM2
SIM3
SIM4
1
21
22
SIM5
SIM1
SIM2
SIM3
SIM4
1
21
22
SIM5
SIM1
SIM2
SIM3
SIM4
1
21
22
SIM5
SIM1
SIM2
SIM3
SIM4
1
21
22
SIM5
SIM1
SIM2
SIM3
SIM4
1
21
22
SIM5
SIM1
SIM2
SIM3
SIM4
1
21
22
SIM5
SIM1
SIM2
SIM3
SIM4
1
21
22
SIM5
SIM1
SIM2
SIM3
SIM4
1
21
22
SIM5
SIM1
SIM2
SIM3
SIM4
1
21
22
SIM5
SIM1
SIM2
SIM3
SIM4
1
21
22
SIM5
SIM1
SIM2
SIM3
SIM4
1
21
22
SIM5
SIM1
SIM2
SIM3
SIM4
1
21
22
SIM5
SIM1
SIM2
SIM3
SIM4
1
21
22
SIM5
SIM1
SIM2
SIM3
SIM4
1
21
22
SIM5
SIM1
SIM2
SIM3
SIM4
1
21
22
SIM5
SIM1
SIM2
SIM3
SIM4
1
21
22
SIM5
SIM1
SIM2
SIM3
SIM4
1
21
22
SIM5
SIM1
SIM2
SIM3
SIM4
1
21
22
SIM5
SIM1
SIM2
SIM3
SIM4
1
21
22
SIM5
SIM1
SIM2
SIM3
SIM4
1
21
22
SIM5
SIM1
SIM2
SIM3
SIM4
1
21
22
SIM5
SIM1
SIM2
SIM3
SIM4
1
21
22
SIM5
SIM1
SIM2
SIM3
SIM4
1
21
22
SIM5
SIM1
SIM2
SIM3
SIM4
1
21
22
SIM5
SIM1
SIM2
SIM3
SIM4
1
21
22
SIM5
SIM1
SIM2
SIM3
SIM4
1
21
22
SIM5
SIM1
SIM2
SIM3
SIM4
1
21
22
SIM5
SIM1
SIM2
SIM3
SIM4
1
21
22
SIM5
SIM1
SIM2
SIM3
SIM4
1
21
22
SIM5
SIM1
SIM2
SIM3
SIM4
1
21
22
SIM5
SIM1
SIM2
SIM3
SIM4
1
21
22
SIM5
SIM1
SIM2
SIM3
SIM4
1
21
22
SIM5
SIM1
SIM2
SIM3
SIM4
1
21
22
SIM5
SIM1
SIM2
SIM3
SIM4
1
21
22
SIM5
SIM1
SIM2
SIM3
SIM4
1
21
22
SIM5
SIM1
SIM2
SIM3
SIM4
1
21
22
SIM5
SIM1
SIM2
SIM3
SIM4
1
21
22
SIM5
SIM1
SIM2
SIM3
SIM4
1
21
22
SIM5
SIM1
SIM2
SIM3
SIM4
1
21
22
SIM5
SIM1
SIM2
SIM3
SIM4
1
21
22
SIM5
SIM1
SIM2
SIM3
SIM4
1
21
22
SIM5
SIM1
SIM2
SIM3
SIM4
1
21
22
SIM5
SIM1
SIM2
SIM3
SIM4
1
21
22
SIM5
SIM1
SIM2
SIM3
SIM4
1
21
22
SIM5
SIM1
SIM2
SIM3
SIM4
1
21
22
SIM5
SIM1
SIM2
SIM3
SIM4
1
21
22
SIM5
SIM1
SIM2
SIM3
SIM4
1
21
22
SIM5
SIM1
SIM2
SIM3
SIM4
1
21
22
SIM5
SIM1
SIM2
SIM3
SIM4
1
21
22
SIM5
SIM1
SIM2
SIM3
SIM4
1
21
22
SIM5
SIM1
SIM2
SIM3
SIM4
1
21
22
SIM5
SIM1
SIM2
SIM3
SIM4
1
21
22
SIM5
SIM1
SIM2
SIM3
SIM4
1
21
22
SIM5
SIM1
SIM2
SIM3
SIM4
1
21
22
SIM5
SIM1
SIM2
SIM3
SIM4
1
21
22
SIM5
SIM1
SIM2
SIM3
SIM4
1
21
22
SIM5
SIM1
SIM2
SIM3
SIM4
1
21
22
SIM5
SIM1
SIM2
SIM3
SIM4
1
21
22
SIM5
SIM1
SIM2
SIM3
SIM4
1
21
22
SIM5
SIM1
SIM2
SIM3
SIM4
1
21
22
SIM5
SIM1
SIM2
SIM3
SIM4
1
21
22
SIM5
SIM1
SIM2
SIM3
SIM4
1
21
22
SIM5
SIM1
SIM2
SIM3
SIM4
1
21
22
SIM5
SIM1
SIM2
SIM3
SIM4
1
21
22
SIM5
SIM1
SIM2
SIM3
SIM4
1
21
22
SIM5
SIM1
SIM2
SIM3
SIM4
1
21
22
SIM5
SIM1
SIM2
SIM3
SIM4
1
21
22
SIM5
SIM1
SIM2
SIM3
SIM4
1
21
22
SIM5
SIM1
SIM2
SIM3
SIM4
1
21
22
SIM5
SIM1
SIM2
SIM3
SIM4
1
21
22
SIM5
SIM1
SIM2
SIM3
SIM4
1
21
22
SIM5
SIM1
SIM2
SIM3
SIM4
1
21
22
SIM5
SIM1
SIM2
SIM3
SIM4
1
21
22
SIM5
SIM1
SIM2
SIM3
SIM4
1
21
22
SIM5
SIM1
SIM2
SIM3
SIM4
1
21
22
SIM5
SIM1
SIM2
SIM3
SIM4
1
21
22
SIM5
SIM1
SIM2
DEBUG 1 456
SIM1
SIM2
SIM3
SIM4
1
21
22
SIM5
SIM1
SIM2
SIM3
SIM4
1
21
22
SIM5
SIM1
SIM2
SIM3
SIM4
1
21
22
SIM5
SIM1
SIM2
SIM3
SIM4
1
21
22
SIM5
SIM1
SIM2
SIM3
SIM4
1
21
22
SIM5
SIM1
SIM2
SIM3
SIM4
1
21
22
SIM5
SIM1
SIM2
SIM3
SIM4
1
21
22
SIM5
SIM1
SIM2
SIM3
SIM4
1
21
22
SIM5
SIM1
SIM2
SIM3
SIM4
1
21
22
SIM5
SIM1
SIM2
SIM3
SIM4
1
21
22
SIM5
SIM1
SIM2
SIM3
SIM4
1
21
22
SIM5
SIM1
SIM2
SIM3
SIM4
1
21
22
SIM5
SIM1
SIM2
SIM3
SIM4
1
21
22
SIM5
SIM1
SIM2
SIM3
SIM4
1
21
22
SIM5
SIM1
SIM2
SIM3
SIM4
1
21
22
SIM5
SIM1
SIM2
SIM3
SIM4
1
21
22
SIM5
SIM1
SIM2
SIM3
SIM4
1
21
22
SIM5
SIM1
SIM2
SIM3
SIM4
1
21
22
SIM5
SIM1
SIM2
SIM3
SIM4
1
21
22
SIM5
SIM1
SIM2
SIM3
SIM4
1
21
22
SIM5
SIM1
SIM2
SIM3
SIM4
1
21
22
SIM5
SIM1
SIM2
SIM3
SIM4
1
21
22
SIM5
SIM1
SIM2
SIM3
SIM4
1
21
22
SIM5
SIM1
SIM2
SIM3
SIM4
1
21
22
SIM5
SIM1
SIM2
SIM3
SIM4
1
21
22
SIM5
SIM1
SIM2
SIM3
SIM4
1
21
22
SIM5
SIM1
SIM2
SIM3
SIM4
1
21
22
SIM5
SIM1
SIM2
SIM3
SIM4
1
21
22
SIM5
SIM1
SIM2
SIM3
SIM4
1
21
22
SIM5
SIM1
SIM2
SIM3
SIM4
1
21
22
SIM5
SIM1
SIM2
SIM3
SIM4
1
21
22
SIM5
SIM1
SIM2
SIM3
SIM4
1
21
22
SIM5
SIM1
SIM2
SIM3
SIM4
1
21
22
SIM5
SIM1
SIM2
SIM3
SIM4
1
21
22
SIM5
SIM1
SIM2
SIM3
SIM4
1
21
22
SIM5
SIM1
SIM2
SIM3
SIM4
1
21
22
SIM5
SIM1
SIM2
SIM3
SIM4
1
21
22
SIM5
SIM1
SIM2
SIM3
SIM4
1
21
22
SIM5
SIM1
SIM2
SIM3
SIM4
1
21
22
SIM5
SIM1
SIM2
SIM3
SIM4
1
21
22
SIM5
SIM1
SIM2
SIM3
SIM4
1
21
22
SIM5
SIM1
SIM2
SIM3
SIM4
1
21
22
SIM5
SIM1
SIM2
SIM3
SIM4
1
21
22
SIM5
SIM1
SIM2
SIM3
SIM4
1
21
22
SIM5
SIM1
SIM2
SIM3
SIM4
1
21
22
SIM5
SIM1
SIM2
SIM3
SIM4
1
21
22
SIM5
SIM1
SIM2
SIM3
SIM4
1
21
22
SIM5
SIM1
SIM2
SIM3
SIM4
1
21
22
SIM5
SIM1
SIM2
SIM3
SIM4
1
21
22
SIM5
SIM1
SIM2
SIM3
SIM4
1
21
22
SIM5
SIM1
SIM2
SIM3
SIM4
1
21
22
SIM5
SIM1
SIM2
SIM3
SIM4
1
21
22
SIM5
SIM1
SIM2
SIM3
SIM4
1
21
22
SIM5
SIM1
SIM2
SIM3
SIM4
1
21
22
SIM5
SIM1
SIM2
SIM3
SIM4
1
21
22
SIM5
SIM1
SIM2
SIM3
SIM4
1
21
22
SIM5
SIM1
SIM2
SIM3
SIM4
1
21
22
SIM5
SIM1
SIM2
SIM3
SIM4
1
21
22
SIM5
SIM1
SIM2
SIM3
SIM4
1
21
22
SIM5
SIM1
SIM2
SIM3
SIM4
1
21
22
SIM5
SIM1
SIM2
SIM3
SIM4
1
21
22
SIM5
SIM1
SIM2
SIM3
SIM4
1
21
22
SIM5
SIM1
SIM2
SIM3
SIM4
1
21
22
SIM5
SIM1
SIM2
SIM3
SIM4
1
21
22
SIM5
SIM1
SIM2
SIM3
SIM4
1
21
22
SIM5
SIM1
SIM2
SIM3
SIM4
1
21
22
SIM5
SIM1
SIM2
SIM3
SIM4
1
21
22
SIM5
SIM1
SIM2
SIM3
SIM4
1
21
22
SIM5
SIM1
SIM2
SIM3
SIM4
1
21
22
SIM5
SIM1
SIM2
SIM3
SIM4
1
21
22
SIM5
SIM1
SIM2
SIM3
SIM4
1
21
22
SIM5
SIM1
SIM2
SIM3
SIM4
1
21
22
SIM5
SIM1
SIM2
SIM3
SIM4
1
21
22
SIM5
SIM1
SIM2
SIM3
SIM4
1
21
22
SIM5
SIM1
SIM2
SIM3
SIM4
1
21
22
SIM5
SIM1
SIM2
SIM3
SIM4
1
21
22
SIM5
SIM1
SIM2
SIM3
SIM4
1
21
22
SIM5
SIM1
SIM2
SIM3
SIM4
1
21
22
SIM5
SIM1
SIM2
SIM3
SIM4
1
21
22
SIM5
SIM1
SIM2
SIM3
SIM4
1
21
22
SIM5
SIM1
SIM2
SIM3
SIM4
1
21
22
SIM5
SIM1
SIM2
SIM3
SIM4
1
21
22
SIM5
SIM1
SIM2
SIM3
SIM4
1
21
22
SIM5
SIM1
SIM2
SIM3
SIM4
1
21
22
SIM5
SIM1
SIM2
SIM3
SIM4
1
21
22
SIM5
SIM1
SIM2
SIM3
SIM4
1
21
22
SIM5
SIM1
SIM2
SIM3
SIM4
1
21
22
SIM5
SIM1
SIM2
SIM3
SIM4
1
21
22
SIM5
SIM1
SIM2
SIM3
SIM4
1
21
22
SIM5
SIM1
SIM2
SIM3
SIM4
1
21
22
SIM5
SIM1
SIM2
SIM3
SIM4
1
21
22
SIM5
SIM1
SIM2
SIM3
SIM4
1
21
22
SIM5
SIM1
SIM2
SIM3
SIM4
1
21
22
SIM5
SIM1
SIM2
SIM3
SIM4
1
21
22
SIM5
SIM1
SIM2
SIM3
SIM4
1
21
22
SIM5
SIM1
SIM2
SIM3
SIM4
1
21
22
SIM5
SIM1
SIM2
SIM3
SIM4
1
21
22
SIM5
SIM1
SIM2
SIM3
SIM4
1
21
22
SIM5
SIM1
SIM2
SIM3
SIM4
1
21
22
SIM5
SIM1
SIM2
SIM3
SIM4
1
21
22
SIM5
SIM1
SIM2
SIM3
SIM4
1
21
22
SIM5
SIM1
SIM2
SIM3
SIM4
1
21
22
SIM5
SIM1
SIM2
SIM3
SIM4
1
21
22
SIM5
SIM1
SIM2
SIM3
SIM4
1
21
22
SIM5
SIM1
SIM2
SIM3
SIM4
1
21
22
SIM5
SIM1
SIM2
SIM3
SIM4
1
21
22
SIM5
SIM1
SIM2
SIM3
SIM4
1
21
22
SIM5
SIM1
SIM2
SIM3
SIM4
1
21
22
SIM5
SIM1
SIM2
SIM3
SIM4
1
21
22
SIM5
SIM1
SIM2
SIM3
SIM4
1
21
22
SIM5
SIM1
SIM2
SIM3
SIM4
1
21
22
SIM5
SIM1
SIM2
SIM3
SIM4
1
21
22
SIM5
SIM1
SIM2
SIM3
SIM4
1
21
22
SIM5
SIM1
SIM2
SIM3
SIM4
1
21
22
SIM5
SIM1
SIM2
SIM3
SIM4
1
21
22
SIM5
SIM1
SIM2
SIM3
SIM4
1
21
22
SIM5
SIM1
SIM2
SIM3
SIM4
1
21
22
SIM5
SIM1
SIM2
SIM3
SIM4
1
21
22
SIM5
SIM1
SIM2
SIM3
SIM4
1
21
22
SIM5
SIM1
SIM2
SIM3
SIM4
1
21
22
SIM5
SIM1
SIM2
SIM3
SIM4
1
21
22
SIM5
SIM1
SIM2
SIM3
SIM4
1
21
22
SIM5
SIM1
SIM2
SIM3
SIM4
1
21
22
SIM5
SIM1
SIM2
SIM3
SIM4
1
21
22
SIM5
SIM1
SIM2
SIM3
SIM4
1
21
22
SIM5
SIM1
SIM2
SIM3
SIM4
1
21
22
SIM5
SIM1
SIM2
SIM3
SIM4
1
21
22
SIM5
SIM1
SIM2
SIM3
SIM4
1
21
22
SIM5
SIM1
SIM2
SIM3
SIM4
1
21
22
SIM5
SIM1
SIM2
SIM3
SIM4
1
21
22
SIM5
SIM1
SIM2
SIM3
SIM4
1
21
22
SIM5
SIM1
SIM2
SIM3
SIM4
1
21
22
SIM5
SIM1
SIM2
SIM3
SIM4
1
21
22
SIM5
SIM1
SIM2
SIM3
SIM4
1
21
22
SIM5
SIM1
SIM2
SIM3
SIM4
1
21
22
SIM5
SIM1
SIM2
SIM3
SIM4
1
21
22
SIM5
SIM1
SIM2
SIM3
SIM4
1
21
22
SIM5
SIM1
SIM2
SIM3
SIM4
1
21
22
SIM5
SIM1
SIM2
SIM3
SIM4
1
21
22
SIM5
SIM1
SIM2
SIM3
SIM4
1
21
22
SIM5
SIM1
SIM2
SIM3
SIM4
1
21
22
SIM5
SIM1
SIM2
SIM3
SIM4
1
21
22
SIM5
SIM1
SIM2
SIM3
SIM4
1
21
22
SIM5
SIM1
SIM2
SIM3
SIM4
1
21
22
SIM5
SIM1
SIM2
SIM3
SIM4
1
21
22
SIM5
SIM1
SIM2
SIM3
SIM4
1
21
22
SIM5
SIM1
SIM2
SIM3
SIM4
1
21
22
SIM5
SIM1
SIM2
SIM3
SIM4
1
21
22
SIM5
SIM1
SIM2
SIM3
SIM4
1
21
22
SIM5
SIM1
SIM2
SIM3
SIM4
1
21
22
SIM5
SIM1
SIM2
SIM3
SIM4
1
21
22
SIM5
SIM1
SIM2
SIM3
SIM4
1
21
22
SIM5
SIM1
SIM2
SIM3
SIM4
1
21
22
SIM5
SIM1
SIM2
SIM3
SIM4
1
21
22
SIM5
SIM1
SIM2
SIM3
SIM4
1
21
22
SIM5
SIM1
SIM2
SIM3
SIM4
1
21
22
SIM5
SIM1
SIM2
SIM3
SIM4
1
21
22
SIM5
SIM1
SIM2
SIM3
SIM4
1
21
22
SIM5
SIM1
SIM2
SIM3
SIM4
1
21
22
SIM5
SIM1
SIM2
SIM3
SIM4
1
21
22
SIM5
SIM1
SIM2
SIM3
SIM4
1
21
22
SIM5
SIM1
SIM2
SIM3
SIM4
1
21
22
SIM5
SIM1
SIM2
SIM3
SIM4
1
21
22
SIM5
SIM1
SIM2
SIM3
SIM4
1
21
22
SIM5
SIM1
SIM2
SIM3
SIM4
1
21
22
SIM5
SIM1
SIM2
SIM3
SIM4
1
21
22
SIM5
SIM1
SIM2
SIM3
SIM4
1
21
22
SIM5
SIM1
SIM2
SIM3
SIM4
1
21
22
SIM5
SIM1
SIM2
SIM3
SIM4
1
21
22
SIM5
SIM1
SIM2
SIM3
SIM4
1
21
22
SIM5
SIM1
SIM2
SIM3
SIM4
1
21
22
SIM5
SIM1
SIM2
SIM3
SIM4
1
21
22
SIM5
SIM1
SIM2
DEBUG 1 457
SIM1
SIM2
SIM3
SIM4
1
21
22
SIM5
SIM1
SIM2
SIM3
SIM4
1
21
22
SIM5
SIM1
SIM2
SIM3
SIM4
1
21
22
SIM5
SIM1
SIM2
SIM3
SIM4
1
21
22
SIM5
SIM1
SIM2
SIM3
SIM4
1
21
22
SIM5
SIM1
SIM2
SIM3
SIM4
1
21
22
SIM5
SIM1
SIM2
SIM3
SIM4
1
21
22
SIM5
SIM1
SIM2
SIM3
SIM4
1
21
22
SIM5
SIM1
SIM2
SIM3
SIM4
1
21
22
SIM5
SIM1
SIM2
SIM3
SIM4
1
21
22
SIM5
SIM1
SIM2
SIM3
SIM4
1
21
22
SIM5
SIM1
SIM2
SIM3
SIM4
1
21
22
SIM5
SIM1
SIM2
SIM3
SIM4
1
21
22
SIM5
SIM1
SIM2
SIM3
SIM4
1
21
22
SIM5
SIM1
SIM2
SIM3
SIM4
1
21
22
SIM5
SIM1
SIM2
SIM3
SIM4
1
21
22
SIM5
SIM1
SIM2
SIM3
SIM4
1
21
22
SIM5
SIM1
SIM2
SIM3
SIM4
1
21
22
SIM5
SIM1
SIM2
SIM3
SIM4
1
21
22
SIM5
SIM1
SIM2
SIM3
SIM4
1
21
22
SIM5
SIM1
SIM2
SIM3
SIM4
1
21
22
SIM5
SIM1
SIM2
SIM3
SIM4
1
21
22
SIM5
SIM1
SIM2
SIM3
SIM4
1
21
22
SIM5
SIM1
SIM2
SIM3
SIM4
1
21
22
SIM5
SIM1
SIM2
SIM3
SIM4
1
21
22
SIM5
SIM1
SIM2
SIM3
SIM4
1
21
22
SIM5
SIM1
SIM2
SIM3
SIM4
1
21
22
SIM5
SIM1
SIM2
SIM3
SIM4
1
21
22
SIM5
SIM1
SIM2
SIM3
SIM4
1
21
22
SIM5
SIM1
SIM2
SIM3
SIM4
1
21
22
SIM5
SIM1
SIM2
SIM3
SIM4
1
21
22
SIM5
SIM1
SIM2
SIM3
SIM4
1
21
22
SIM5
SIM1
SIM2
SIM3
SIM4
1
21
22
SIM5
SIM1
SIM2
SIM3
SIM4
1
21
22
SIM5
SIM1
SIM2
SIM3
SIM4
1
21
22
SIM5
SIM1
SIM2
SIM3
SIM4
1
21
22
SIM5
SIM1
SIM2
SIM3
SIM4
1
21
22
SIM5
SIM1
SIM2
SIM3
SIM4
1
21
22
SIM5
SIM1
SIM2
SIM3
SIM4
1
21
22
SIM5
SIM1
SIM2
SIM3
SIM4
1
21
22
SIM5
SIM1
SIM2
SIM3
SIM4
1
21
22
SIM5
SIM1
SIM2
SIM3
SIM4
1
21
22
SIM5
SIM1
SIM2
SIM3
SIM4
1
21
22
SIM5
SIM1
SIM2
SIM3
SIM4
1
21
22
SIM5
SIM1
SIM2
SIM3
SIM4
1
21
22
SIM5
SIM1
SIM2
SIM3
SIM4
1
21
22
SIM5
SIM1
SIM2
SIM3
SIM4
1
21
22
SIM5
SIM1
SIM2
SIM3
SIM4
1
21
22
SIM5
SIM1
SIM2
SIM3
SIM4
1
21
22
SIM5
SIM1
SIM2
SIM3
SIM4
1
21
22
SIM5
SIM1
SIM2
SIM3
SIM4
1
21
22
SIM5
SIM1
SIM2
SIM3
SIM4
1
21
22
SIM5
SIM1
SIM2
SIM3
SIM4
1
21
22
SIM5
SIM1
SIM2
SIM3
SIM4
1
21
22
SIM5
SIM1
SIM2
SIM3
SIM4
1
21
22
SIM5
SIM1
SIM2
SIM3
SIM4
1
21
22
SIM5
SIM1
SIM2
SIM3
SIM4
1
21
22
SIM5
SIM1
SIM2
SIM3
SIM4
1
21
22
SIM5
SIM1
SIM2
SIM3
SIM4
1
21
22
SIM5
SIM1
SIM2
SIM3
SIM4
1
21
22
SIM5
SIM1
SIM2
SIM3
SIM4
1
21
22
SIM5
SIM1
SIM2
SIM3
SIM4
1
21
22
SIM5
SIM1
SIM2
SIM3
SIM4
1
21
22
SIM5
SIM1
SIM2
SIM3
SIM4
1
21
22
SIM5
SIM1
SIM2
SIM3
SIM4
1
21
22
SIM5
SIM1
SIM2
SIM3
SIM4
1
21
22
SIM5
SIM1
SIM2
SIM3
SIM4
1
21
22
SIM5
SIM1
SIM2
SIM3
SIM4
1
21
22
SIM5
SIM1
SIM2
SIM3
SIM4
1
21
22
SIM5
SIM1
SIM2
SIM3
SIM4
1
21
22
SIM5
SIM1
SIM2
SIM3
SIM4
1
21
22
SIM5
SIM1
SIM2
SIM3
SIM4
1
21
22
SIM5
SIM1
SIM2
SIM3
SIM4
1
21
22
SIM5
SIM1
SIM2
SIM3
SIM4
1
21
22
SIM5
SIM1
SIM2
SIM3
SIM4
1
21
22
SIM5
SIM1
SIM2
SIM3
SIM4
1
21
22
SIM5
SIM1
SIM2
SIM3
SIM4
1
21
22
SIM5
SIM1
SIM2
SIM3
SIM4
1
21
22
SIM5
SIM1
SIM2
SIM3
SIM4
1
21
22
SIM5
SIM1
SIM2
SIM3
SIM4
1
21
22
SIM5
SIM1
SIM2
SIM3
SIM4
1
21
22
SIM5
SIM1
SIM2
SIM3
SIM4
1
21
22
SIM5
SIM1
SIM2
SIM3
SIM4
1
21
22
SIM5
SIM1
SIM2
SIM3
SIM4
1
21
22
SIM5
SIM1
SIM2
SIM3
SIM4
1
21
22
SIM5
SIM1
SIM2
SIM3
SIM4
1
21
22
SIM5
SIM1
SIM2
SIM3
SIM4
1
21
22
SIM5
SIM1
SIM2
SIM3
SIM4
1
21
22
SIM5
SIM1
SIM2
SIM3
SIM4
1
21
22
SIM5
SIM1
SIM2
SIM3
SIM4
1
21
22
SIM5
SIM1
SIM2
SIM3
SIM4
1
21
22
SIM5
SIM1
SIM2
SIM3
SIM4
1
21
22
SIM5
SIM1
SIM2
SIM3
SIM4
1
21
22
SIM5
SIM1
SIM2
SIM3
SIM4
1
21
22
SIM5
SIM1
SIM2
SIM3
SIM4
1
21
22
SIM5
SIM1
SIM2
SIM3
SIM4
1
21
22
SIM5
SIM1
SIM2
SIM3
SIM4
1
21
22
SIM5
SIM1
SIM2
SIM3
SIM4
1
21
22
SIM5
SIM1
SIM2
SIM3
SIM4
1
21
22
SIM5
SIM1
SIM2
SIM3
SIM4
1
21
22
SIM5
SIM1
SIM2
SIM3
SIM4
1
21
22
SIM5
SIM1
SIM2
SIM3
SIM4
1
21
22
SIM5
SIM1
SIM2
SIM3
SIM4
1
21
22
SIM5
SIM1
SIM2
SIM3
SIM4
1
21
22
SIM5
SIM1
SIM2
SIM3
SIM4
1
21
22
SIM5
SIM1
SIM2
SIM3
SIM4
1
21
22
SIM5
SIM1
SIM2
SIM3
SIM4
1
21
22
SIM5
SIM1
SIM2
SIM3
SIM4
1
21
22
SIM5
SIM1
SIM2
SIM3
SIM4
1
21
22
SIM5
SIM1
SIM2
SIM3
SIM4
1
21
22
SIM5
SIM1
SIM2
SIM3
SIM4
1
21
22
SIM5
SIM1
SIM2
SIM3
SIM4
1
21
22
SIM5
SIM1
SIM2
SIM3
SIM4
1
21
22
SIM5
SIM1
SIM2
SIM3
SIM4
1
21
22
SIM5
SIM1
SIM2
SIM3
SIM4
1
21
22
SIM5
SIM1
SIM2
SIM3
SIM4
1
21
22
SIM5
SIM1
SIM2
SIM3
SIM4
1
21
22
SIM5
SIM1
SIM2
SIM3
SIM4
1
21
22
SIM5
SIM1
SIM2
SIM3
SIM4
1
21
22
SIM5
SIM1
SIM2
SIM3
SIM4
1
21
22
SIM5
SIM1
SIM2
SIM3
SIM4
1
21
22
SIM5
SIM1
SIM2
SIM3
SIM4
1
21
22
SIM5
SIM1
SIM2
SIM3
SIM4
1
21
22
SIM5
SIM1
SIM2
SIM3
SIM4
1
21
22
SIM5
SIM1
SIM2
SIM3
SIM4
1
21
22
SIM5
SIM1
SIM2
SIM3
SIM4
1
21
22
SIM5
SIM1
SIM2
SIM3
SIM4
1
21
22
SIM5
SIM1
SIM2
SIM3
SIM4
1
21
22
SIM5
SIM1
SIM2
SIM3
SIM4
1
21
22
SIM5
SIM1
SIM2
SIM3
SIM4
1
21
22
SIM5
SIM1
SIM2
SIM3
SIM4
1
21
22
SIM5
SIM1
SIM2
SIM3
SIM4
1
21
22
SIM5
SIM1
SIM2
SIM3
SIM4
1
21
22
SIM5
SIM1
SIM2
SIM3
SIM4
1
21
22
SIM5
SIM1
SIM2
SIM3
SIM4
1
21
22
SIM5
SIM1
SIM2
SIM3
SIM4
1
21
22
SIM5
SIM1
SIM2
SIM3
SIM4
1
21
22
SIM5
SIM1
SIM2
SIM3
SIM4
1
21
22
SIM5
SIM1
SIM2
SIM3
SIM4
1
21
22
SIM5
SIM1
SIM2
SIM3
SIM4
1
21
22
SIM5
SIM1
SIM2
SIM3
SIM4
1
21
22
SIM5
SIM1
SIM2
SIM3
SIM4
1
21
22
SIM5
SIM1
SIM2
SIM3
SIM4
1
21
22
SIM5
SIM1
SIM2
SIM3
SIM4
1
21
22
SIM5
SIM1
SIM2
SIM3
SIM4
1
21
22
SIM5
SIM1
SIM2
SIM3
SIM4
1
21
22
SIM5
SIM1
SIM2
SIM3
SIM4
1
21
22
SIM5
SIM1
SIM2
SIM3
SIM4
1
21
22
SIM5
SIM1
SIM2
SIM3
SIM4
1
21
22
SIM5
SIM1
SIM2
SIM3
SIM4
1
21
22
SIM5
SIM1
SIM2
SIM3
SIM4
1
21
22
SIM5
SIM1
SIM2
SIM3
SIM4
1
21
22
SIM5
SIM1
SIM2
SIM3
SIM4
1
21
22
SIM5
SIM1
SIM2
SIM3
SIM4
1
21
22
SIM5
SIM1
SIM2
SIM3
SIM4
1
21
22
SIM5
SIM1
SIM2
SIM3
SIM4
1
21
22
SIM5
SIM1
SIM2
SIM3
SIM4
1
21
22
SIM5
SIM1
SIM2
SIM3
SIM4
1
21
22
SIM5
SIM1
SIM2
SIM3
SIM4
1
21
22
SIM5
SIM1
SIM2
SIM3
SIM4
1
21
22
SIM5
SIM1
SIM2
SIM3
SIM4
1
21
22
SIM5
SIM1
SIM2
SIM3
SIM4
1
21
22
SIM5
SIM1
SIM2
SIM3
SIM4
1
21
22
SIM5
SIM1
SIM2
SIM3
SIM4
1
21
22
SIM5
SIM1
SIM2
SIM3
SIM4
1
21
22
SIM5
SIM1
SIM2
SIM3
SIM4
1
21
22
SIM5
SIM1
SIM2
SIM3
SIM4
1
21
22
SIM5
SIM1
SIM2
SIM3
SIM4
1
21
22
SIM5
SIM1
SIM2
SIM3
SIM4
1
21
22
SIM5
SIM1
SIM2
SIM3
SIM4
1
21
22
SIM5
SIM1
SIM2
SIM3
SIM4
1
21
22
SIM5
SIM1
SIM2
SIM3
SIM4
1
21
22
SIM5
SIM1
SIM2
SIM3
SIM4
1
21
22
SIM5
SIM1
SIM2
SIM3
SIM4
1
21
22
SIM5
SIM1
SIM2
SIM3
SIM4
1
21
22
SIM5
SIM1
SIM2
SIM3
SIM4
1
21
22
SIM5
SIM1
SIM2
SIM3
SIM4
1
21
22
SIM5
SIM1
SIM2
SIM3
SIM4
1
21
22
SIM5
SIM1
SIM2
SIM3
SIM4
1
21
22
SIM5
SIM1
SIM2
SIM3
SIM4
1
21
22
SIM5
SIM1
SIM2
SIM3
SIM4
1
21
22
SIM5
SIM1
SIM2
SIM3
SIM4
1
21
22
SIM5
SIM1
SIM2
SIM3
SIM4
1
21
22
SIM5
SIM1
SIM2
SIM3
SIM4
1
21
22
SIM5
SIM1
SIM2
SIM3
SIM4
1
21
22
SIM5
SIM1
SIM2
SIM3
SIM4
1
21
22
SIM5
SIM1
SIM2
SIM3
SIM4
1
21
22
SIM5
SIM1
SIM2
SIM3
SIM4
1
21
22
SIM5
SIM1
SIM2
SIM3
SIM4
1
21
22
SIM5
SIM1
SIM2
SIM3
SIM4
1
21
22
SIM5
SIM1
SIM2
SIM3
SIM4
1
21
22
SIM5
SIM1
SIM2
SIM3
SIM4
1
21
22
SIM5
SIM1
SIM2
SIM3
SIM4
1
21
22
SIM5
SIM1
SIM2
SIM3
SIM4
1
21
22
SIM5
SIM1
SIM2
SIM3
SIM4
1
21
22
SIM5
SIM1
SIM2
SIM3
SIM4
1
21
22
SIM5
SIM1
SIM2
SIM3
SIM4
1
21
22
SIM5
SIM1
SIM2
SIM3
SIM4
1
21
22
SIM5
SIM1
SIM2
DEBUG 1 458
SIM1
SIM2
SIM3
SIM4
1
21
22
SIM5
SIM1
SIM2
SIM3
SIM4
1
21
22
SIM5
SIM1
SIM2
SIM3
SIM4
1
21
22
SIM5
SIM1
SIM2
SIM3
SIM4
1
21
22
SIM5
SIM1
SIM2
SIM3
SIM4
1
21
22
SIM5
SIM1
SIM2
SIM3
SIM4
1
21
22
SIM5
SIM1
SIM2
SIM3
SIM4
1
21
22
SIM5
SIM1
SIM2
SIM3
SIM4
1
21
22
SIM5
SIM1
SIM2
SIM3
SIM4
1
21
22
SIM5
SIM1
SIM2
SIM3
SIM4
1
21
22
SIM5
SIM1
SIM2
SIM3
SIM4
1
21
22
SIM5
SIM1
SIM2
SIM3
SIM4
1
21
22
SIM5
SIM1
SIM2
SIM3
SIM4
1
21
22
SIM5
SIM1
SIM2
SIM3
SIM4
1
21
22
SIM5
SIM1
SIM2
SIM3
SIM4
1
21
22
SIM5
SIM1
SIM2
SIM3
SIM4
1
21
22
SIM5
SIM1
SIM2
SIM3
SIM4
1
21
22
SIM5
SIM1
SIM2
SIM3
SIM4
1
21
22
SIM5
SIM1
SIM2
SIM3
SIM4
1
21
22
SIM5
SIM1
SIM2
SIM3
SIM4
1
21
22
SIM5
SIM1
SIM2
SIM3
SIM4
1
21
22
SIM5
SIM1
SIM2
SIM3
SIM4
1
21
22
SIM5
SIM1
SIM2
SIM3
SIM4
1
21
22
SIM5
SIM1
SIM2
SIM3
SIM4
1
21
22
SIM5
SIM1
SIM2
SIM3
SIM4
1
21
22
SIM5
SIM1
SIM2
SIM3
SIM4
1
21
22
SIM5
SIM1
SIM2
SIM3
SIM4
1
21
22
SIM5
SIM1
SIM2
SIM3
SIM4
1
21
22
SIM5
SIM1
SIM2
SIM3
SIM4
1
21
22
SIM5
SIM1
SIM2
SIM3
SIM4
1
21
22
SIM5
SIM1
SIM2
SIM3
SIM4
1
21
22
SIM5
SIM1
SIM2
SIM3
SIM4
1
21
22
SIM5
SIM1
SIM2
SIM3
SIM4
1
21
22
SIM5
SIM1
SIM2
SIM3
SIM4
1
21
22
SIM5
SIM1
SIM2
SIM3
SIM4
1
21
22
SIM5
SIM1
SIM2
SIM3
SIM4
1
21
22
SIM5
SIM1
SIM2
SIM3
SIM4
1
21
22
SIM5
SIM1
SIM2
SIM3
SIM4
1
21
22
SIM5
SIM1
SIM2
SIM3
SIM4
1
21
22
SIM5
SIM1
SIM2
SIM3
SIM4
1
21
22
SIM5
SIM1
SIM2
SIM3
SIM4
1
21
22
SIM5
SIM1
SIM2
SIM3
SIM4
1
21
22
SIM5
SIM1
SIM2
SIM3
SIM4
1
21
22
SIM5
SIM1
SIM2
SIM3
SIM4
1
21
22
SIM5
SIM1
SIM2
SIM3
SIM4
1
21
22
SIM5
SIM1
SIM2
SIM3
SIM4
1
21
22
SIM5
SIM1
SIM2
SIM3
SIM4
1
21
22
SIM5
SIM1
SIM2
SIM3
SIM4
1
21
22
SIM5
SIM1
SIM2
SIM3
SIM4
1
21
22
SIM5
SIM1
SIM2
SIM3
SIM4
1
21
22
SIM5
SIM1
SIM2
SIM3
SIM4
1
21
22
SIM5
SIM1
SIM2
SIM3
SIM4
1
21
22
SIM5
SIM1
SIM2
SIM3
SIM4
1
21
22
SIM5
SIM1
SIM2
SIM3
SIM4
1
21
22
SIM5
SIM1
SIM2
SIM3
SIM4
1
21
22
SIM5
SIM1
SIM2
SIM3
SIM4
1
21
22
SIM5
SIM1
SIM2
SIM3
SIM4
1
21
22
SIM5
SIM1
SIM2
SIM3
SIM4
1
21
22
SIM5
SIM1
SIM2
SIM3
SIM4
1
21
22
SIM5
SIM1
SIM2
SIM3
SIM4
1
21
22
SIM5
SIM1
SIM2
SIM3
SIM4
1
21
22
SIM5
SIM1
SIM2
SIM3
SIM4
1
21
22
SIM5
SIM1
SIM2
SIM3
SIM4
1
21
22
SIM5
SIM1
SIM2
SIM3
SIM4
1
21
22
SIM5
SIM1
SIM2
SIM3
SIM4
1
21
22
SIM5
SIM1
SIM2
SIM3
SIM4
1
21
22
SIM5
SIM1
SIM2
SIM3
SIM4
1
21
22
SIM5
SIM1
SIM2
SIM3
SIM4
1
21
22
SIM5
SIM1
SIM2
SIM3
SIM4
1
21
22
SIM5
SIM1
SIM2
SIM3
SIM4
1
21
22
SIM5
SIM1
SIM2
SIM3
SIM4
1
21
22
SIM5
SIM1
SIM2
SIM3
SIM4
1
21
22
SIM5
SIM1
SIM2
SIM3
SIM4
1
21
22
SIM5
SIM1
SIM2
SIM3
SIM4
1
21
22
SIM5
SIM1
SIM2
SIM3
SIM4
1
21
22
SIM5
SIM1
SIM2
SIM3
SIM4
1
21
22
SIM5
SIM1
SIM2
SIM3
SIM4
1
21
22
SIM5
SIM1
SIM2
SIM3
SIM4
1
21
22
SIM5
SIM1
SIM2
SIM3
SIM4
1
21
22
SIM5
SIM1
SIM2
SIM3
SIM4
1
21
22
SIM5
SIM1
SIM2
SIM3
SIM4
1
21
22
SIM5
SIM1
SIM2
SIM3
SIM4
1
21
22
SIM5
SIM1
SIM2
SIM3
SIM4
1
21
22
SIM5
SIM1
SIM2
SIM3
SIM4
1
21
22
SIM5
SIM1
SIM2
SIM3
SIM4
1
21
22
SIM5
SIM1
SIM2
SIM3
SIM4
1
21
22
SIM5
SIM1
SIM2
SIM3
SIM4
1
21
22
SIM5
SIM1
SIM2
SIM3
SIM4
1
21
22
SIM5
SIM1
SIM2
SIM3
SIM4
1
21
22
SIM5
SIM1
SIM2
SIM3
SIM4
1
21
22
SIM5
SIM1
SIM2
SIM3
SIM4
1
21
22
SIM5
SIM1
SIM2
SIM3
SIM4
1
21
22
SIM5
SIM1
SIM2
SIM3
SIM4
1
21
22
SIM5
SIM1
SIM2
SIM3
SIM4
1
21
22
SIM5
SIM1
SIM2
SIM3
SIM4
1
21
22
SIM5
SIM1
SIM2
SIM3
SIM4
1
21
22
SIM5
SIM1
SIM2
SIM3
SIM4
1
21
22
SIM5
SIM1
SIM2
SIM3
SIM4
1
21
22
SIM5
SIM1
SIM2
SIM3
SIM4
1
21
22
SIM5
SIM1
SIM2
SIM3
SIM4
1
21
22
SIM5
SIM1
SIM2
SIM3
SIM4
1
21
22
SIM5
SIM1
SIM2
SIM3
SIM4
1
21
22
SIM5
SIM1
SIM2
SIM3
SIM4
1
21
22
SIM5
SIM1
SIM2
SIM3
SIM4
1
21
22
SIM5
SIM1
SIM2
SIM3
SIM4
1
21
22
SIM5
SIM1
SIM2
SIM3
SIM4
1
21
22
SIM5
SIM1
SIM2
SIM3
SIM4
1
21
22
SIM5
SIM1
SIM2
SIM3
SIM4
1
21
22
SIM5
SIM1
SIM2
SIM3
SIM4
1
21
22
SIM5
SIM1
SIM2
SIM3
SIM4
1
21
22
SIM5
SIM1
SIM2
SIM3
SIM4
1
21
22
SIM5
SIM1
SIM2
SIM3
SIM4
1
21
22
SIM5
SIM1
SIM2
SIM3
SIM4
1
21
22
SIM5
SIM1
SIM2
SIM3
SIM4
1
21
22
SIM5
SIM1
SIM2
SIM3
SIM4
1
21
22
SIM5
SIM1
SIM2
SIM3
SIM4
1
21
22
SIM5
SIM1
SIM2
SIM3
SIM4
1
21
22
SIM5
SIM1
SIM2
SIM3
SIM4
1
21
22
SIM5
SIM1
SIM2
SIM3
SIM4
1
21
22
SIM5
SIM1
SIM2
SIM3
SIM4
1
21
22
SIM5
SIM1
SIM2
SIM3
SIM4
1
21
22
SIM5
SIM1
SIM2
SIM3
SIM4
1
21
22
SIM5
SIM1
SIM2
SIM3
SIM4
1
21
22
SIM5
SIM1
SIM2
SIM3
SIM4
1
21
22
SIM5
SIM1
SIM2
SIM3
SIM4
1
21
22
SIM5
SIM1
SIM2
SIM3
SIM4
1
21
22
SIM5
SIM1
SIM2
SIM3
SIM4
1
21
22
SIM5
SIM1
SIM2
SIM3
SIM4
1
21
22
SIM5
SIM1
SIM2
SIM3
SIM4
1
21
22
SIM5
SIM1
SIM2
SIM3
SIM4
1
21
22
SIM5
SIM1
SIM2
SIM3
SIM4
1
21
22
SIM5
SIM1
SIM2
SIM3
SIM4
1
21
22
SIM5
SIM1
SIM2
SIM3
SIM4
1
21
22
SIM5
SIM1
SIM2
SIM3
SIM4
1
21
22
SIM5
SIM1
SIM2
SIM3
SIM4
1
21
22
SIM5
SIM1
SIM2
SIM3
SIM4
1
21
22
SIM5
SIM1
SIM2
SIM3
SIM4
1
21
22
SIM5
SIM1
SIM2
SIM3
SIM4
1
21
22
SIM5
SIM1
SIM2
SIM3
SIM4
1
21
22
SIM5
SIM1
SIM2
SIM3
SIM4
1
21
22
SIM5
SIM1
SIM2
SIM3
SIM4
1
21
22
SIM5
SIM1
SIM2
SIM3
SIM4
1
21
22
SIM5
SIM1
SIM2
SIM3
SIM4
1
21
22
SIM5
SIM1
SIM2
SIM3
SIM4
1
21
22
SIM5
SIM1
SIM2
SIM3
SIM4
1
21
22
SIM5
SIM1
SIM2
SIM3
SIM4
1
21
22
SIM5
SIM1
SIM2
SIM3
SIM4
1
21
22
SIM5
SIM1
SIM2
SIM3
SIM4
1
21
22
SIM5
SIM1
SIM2
SIM3
SIM4
1
21
22
SIM5
SIM1
SIM2
SIM3
SIM4
1
21
22
SIM5
SIM1
SIM2
SIM3
SIM4
1
21
22
SIM5
SIM1
SIM2
SIM3
SIM4
1
21
22
SIM5
SIM1
SIM2
SIM3
SIM4
1
21
22
SIM5
SIM1
SIM2
SIM3
SIM4
1
21
22
SIM5
SIM1
SIM2
SIM3
SIM4
1
21
22
SIM5
SIM1
SIM2
SIM3
SIM4
1
21
22
SIM5
SIM1
SIM2
SIM3
SIM4
1
21
22
SIM5
SIM1
SIM2
SIM3
SIM4
1
21
22
SIM5
SIM1
SIM2
SIM3
SIM4
1
21
22
SIM5
SIM1
SIM2
SIM3
SIM4
1
21
22
SIM5
SIM1
SIM2
SIM3
SIM4
1
21
22
SIM5
SIM1
SIM2
SIM3
SIM4
1
21
22
SIM5
SIM1
SIM2
SIM3
SIM4
1
21
22
SIM5
SIM1
SIM2
SIM3
SIM4
1
21
22
SIM5
SIM1
SIM2
SIM3
SIM4
1
21
22
SIM5
SIM1
SIM2
SIM3
SIM4
1
21
22
SIM5
SIM1
SIM2
SIM3
SIM4
1
21
22
SIM5
SIM1
SIM2
SIM3
SIM4
1
21
22
SIM5
SIM1
SIM2
SIM3
SIM4
1
21
22
SIM5
SIM1
SIM2
SIM3
SIM4
1
21
22
SIM5
SIM1
SIM2
SIM3
SIM4
1
21
22
SIM5
SIM1
SIM2
SIM3
SIM4
1
21
22
SIM5
SIM1
SIM2
SIM3
SIM4
1
21
22
SIM5
SIM1
SIM2
SIM3
SIM4
1
21
22
SIM5
SIM1
SIM2
SIM3
SIM4
1
21
22
SIM5
SIM1
SIM2
SIM3
SIM4
1
21
22
SIM5
SIM1
SIM2
SIM3
SIM4
1
21
22
SIM5
SIM1
SIM2
SIM3
SIM4
1
21
22
SIM5
SIM1
SIM2
SIM3
SIM4
1
21
22
SIM5
SIM1
SIM2
SIM3
SIM4
1
21
22
SIM5
SIM1
SIM2
SIM3
SIM4
1
21
22
SIM5
SIM1
SIM2
SIM3
SIM4
1
21
22
SIM5
SIM1
SIM2
SIM3
SIM4
1
21
22
SIM5
SIM1
SIM2
SIM3
SIM4
1
21
22
SIM5
SIM1
SIM2
SIM3
SIM4
1
21
22
SIM5
SIM1
SIM2
SIM3
SIM4
1
21
22
SIM5
SIM1
SIM2
SIM3
SIM4
1
21
22
SIM5
SIM1
SIM2
SIM3
SIM4
1
21
22
SIM5
SIM1
SIM2
SIM3
SIM4
1
21
22
SIM5
SIM1
SIM2
SIM3
SIM4
1
21
22
SIM5
SIM1
SIM2
SIM3
SIM4
1
21
22
SIM5
SIM1
SIM2
SIM3
SIM4
1
21
22
SIM5
SIM1
SIM2
SIM3
SIM4
1
21
22
SIM5
SIM1
SIM2
SIM3
SIM4
1
21
22
SIM5
SIM1
SIM2
SIM3
SIM4
1
21
22
SIM5
SIM1
SIM2
SIM3
SIM4
1
21
22
SIM5
SIM1
SIM2
SIM3
SIM4
1
21
22
SIM5
SIM1
SIM2
SIM3
SIM4
1
21
22
SIM5
SIM1
SIM2
SIM3
SIM4
1
21
22
SIM5
SIM1
SIM2
SIM3
SIM4
1
21
22
SIM5
SIM1
SIM2
SIM3
SIM4
1
21
22
SIM5
SIM1
SIM2
SIM3
SIM4
1
21
22
SIM5
SIM1
SIM2
SIM3
SIM4
1
21
22
SIM5
SIM1
SIM2
SIM3
SIM4
1
21
22
SIM5
SIM1
SIM2
SIM3
SIM4
1
21
22
SIM5
SIM1
SIM2
SIM3
SIM4
1
21
22
SIM5
SIM1
SIM2
SIM3
SIM4
1
21
22
SIM5
SIM1
SIM2
SIM3
SIM4
1
21
22
SIM5
SIM1
SIM2
DEBUG 1 459
SIM1
SIM2
SIM3
SIM4
1
21
22
SIM5
SIM1
SIM2
SIM3
SIM4
1
21
22
SIM5
SIM1
SIM2
SIM3
SIM4
1
21
22
SIM5
SIM1
SIM2
SIM3
SIM4
1
21
22
SIM5
SIM1
SIM2
SIM3
SIM4
1
21
22
SIM5
SIM1
SIM2
SIM3
SIM4
1
21
22
SIM5
SIM1
SIM2
SIM3
SIM4
1
21
22
SIM5
SIM1
SIM2
SIM3
SIM4
1
21
22
SIM5
SIM1
SIM2
SIM3
SIM4
1
21
22
SIM5
SIM1
SIM2
SIM3
SIM4
1
21
22
SIM5
SIM1
SIM2
SIM3
SIM4
1
21
22
SIM5
SIM1
SIM2
SIM3
SIM4
1
21
22
SIM5
SIM1
SIM2
SIM3
SIM4
1
21
22
SIM5
SIM1
SIM2
SIM3
SIM4
1
21
22
SIM5
SIM1
SIM2
SIM3
SIM4
1
21
22
SIM5
SIM1
SIM2
SIM3
SIM4
1
21
22
SIM5
SIM1
SIM2
SIM3
SIM4
1
21
22
SIM5
SIM1
SIM2
SIM3
SIM4
1
21
22
SIM5
SIM1
SIM2
SIM3
SIM4
1
21
22
SIM5
SIM1
SIM2
SIM3
SIM4
1
21
22
SIM5
SIM1
SIM2
SIM3
SIM4
1
21
22
SIM5
SIM1
SIM2
SIM3
SIM4
1
21
22
SIM5
SIM1
SIM2
SIM3
SIM4
1
21
22
SIM5
SIM1
SIM2
SIM3
SIM4
1
21
22
SIM5
SIM1
SIM2
SIM3
SIM4
1
21
22
SIM5
SIM1
SIM2
SIM3
SIM4
1
21
22
SIM5
SIM1
SIM2
SIM3
SIM4
1
21
22
SIM5
SIM1
SIM2
SIM3
SIM4
1
21
22
SIM5
SIM1
SIM2
SIM3
SIM4
1
21
22
SIM5
SIM1
SIM2
SIM3
SIM4
1
21
22
SIM5
SIM1
SIM2
SIM3
SIM4
1
21
22
SIM5
SIM1
SIM2
SIM3
SIM4
1
21
22
SIM5
SIM1
SIM2
SIM3
SIM4
1
21
22
SIM5
SIM1
SIM2
SIM3
SIM4
1
21
22
SIM5
SIM1
SIM2
SIM3
SIM4
1
21
22
SIM5
SIM1
SIM2
SIM3
SIM4
1
21
22
SIM5
SIM1
SIM2
SIM3
SIM4
1
21
22
SIM5
SIM1
SIM2
SIM3
SIM4
1
21
22
SIM5
SIM1
SIM2
SIM3
SIM4
1
21
22
SIM5
SIM1
SIM2
SIM3
SIM4
1
21
22
SIM5
SIM1
SIM2
SIM3
SIM4
1
21
22
SIM5
SIM1
SIM2
SIM3
SIM4
1
21
22
SIM5
SIM1
SIM2
SIM3
SIM4
1
21
22
SIM5
SIM1
SIM2
SIM3
SIM4
1
21
22
SIM5
SIM1
SIM2
SIM3
SIM4
1
21
22
SIM5
SIM1
SIM2
SIM3
SIM4
1
21
22
SIM5
SIM1
SIM2
SIM3
SIM4
1
21
22
SIM5
SIM1
SIM2
SIM3
SIM4
1
21
22
SIM5
SIM1
SIM2
SIM3
SIM4
1
21
22
SIM5
SIM1
SIM2
SIM3
SIM4
1
21
22
SIM5
SIM1
SIM2
SIM3
SIM4
1
21
22
SIM5
SIM1
SIM2
SIM3
SIM4
1
21
22
SIM5
SIM1
SIM2
SIM3
SIM4
1
21
22
SIM5
SIM1
SIM2
SIM3
SIM4
1
21
22
SIM5
SIM1
SIM2
SIM3
SIM4
1
21
22
SIM5
SIM1
SIM2
SIM3
SIM4
1
21
22
SIM5
SIM1
SIM2
SIM3
SIM4
1
21
22
SIM5
SIM1
SIM2
SIM3
SIM4
1
21
22
SIM5
SIM1
SIM2
SIM3
SIM4
1
21
22
SIM5
SIM1
SIM2
SIM3
SIM4
1
21
22
SIM5
SIM1
SIM2
SIM3
SIM4
1
21
22
SIM5
SIM1
SIM2
SIM3
SIM4
1
21
22
SIM5
SIM1
SIM2
SIM3
SIM4
1
21
22
SIM5
SIM1
SIM2
SIM3
SIM4
1
21
22
SIM5
SIM1
SIM2
SIM3
SIM4
1
21
22
SIM5
SIM1
SIM2
SIM3
SIM4
1
21
22
SIM5
SIM1
SIM2
SIM3
SIM4
1
21
22
SIM5
SIM1
SIM2
SIM3
SIM4
1
21
22
SIM5
SIM1
SIM2
SIM3
SIM4
1
21
22
SIM5
SIM1
SIM2
SIM3
SIM4
1
21
22
SIM5
SIM1
SIM2
SIM3
SIM4
1
21
22
SIM5
SIM1
SIM2
SIM3
SIM4
1
21
22
SIM5
SIM1
SIM2
SIM3
SIM4
1
21
22
SIM5
SIM1
SIM2
SIM3
SIM4
1
21
22
SIM5
SIM1
SIM2
SIM3
SIM4
1
21
22
SIM5
SIM1
SIM2
SIM3
SIM4
1
21
22
SIM5
SIM1
SIM2
SIM3
SIM4
1
21
22
SIM5
SIM1
SIM2
SIM3
SIM4
1
21
22
SIM5
SIM1
SIM2
SIM3
SIM4
1
21
22
SIM5
SIM1
SIM2
SIM3
SIM4
1
21
22
SIM5
SIM1
SIM2
SIM3
SIM4
1
21
22
SIM5
SIM1
SIM2
SIM3
SIM4
1
21
22
SIM5
SIM1
SIM2
SIM3
SIM4
1
21
22
SIM5
SIM1
SIM2
SIM3
SIM4
1
21
22
SIM5
SIM1
SIM2
SIM3
SIM4
1
21
22
SIM5
SIM1
SIM2
SIM3
SIM4
1
21
22
SIM5
SIM1
SIM2
SIM3
SIM4
1
21
22
SIM5
SIM1
SIM2
SIM3
SIM4
1
21
22
SIM5
SIM1
SIM2
SIM3
SIM4
1
21
22
SIM5
SIM1
SIM2
SIM3
SIM4
1
21
22
SIM5
SIM1
SIM2
SIM3
SIM4
1
21
22
SIM5
SIM1
SIM2
SIM3
SIM4
1
21
22
SIM5
SIM1
SIM2
SIM3
SIM4
1
21
22
SIM5
SIM1
SIM2
SIM3
SIM4
1
21
22
SIM5
SIM1
SIM2
SIM3
SIM4
1
21
22
SIM5
SIM1
SIM2
SIM3
SIM4
1
21
22
SIM5
SIM1
SIM2
SIM3
SIM4
1
21
22
SIM5
SIM1
SIM2
SIM3
SIM4
1
21
22
SIM5
SIM1
SIM2
SIM3
SIM4
1
21
22
SIM5
SIM1
SIM2
SIM3
SIM4
1
21
22
SIM5
SIM1
SIM2
SIM3
SIM4
1
21
22
SIM5
SIM1
SIM2
SIM3
SIM4
1
21
22
SIM5
SIM1
SIM2
SIM3
SIM4
1
21
22
SIM5
SIM1
SIM2
SIM3
SIM4
1
21
22
SIM5
SIM1
SIM2
SIM3
SIM4
1
21
22
SIM5
SIM1
SIM2
SIM3
SIM4
1
21
22
SIM5
SIM1
SIM2
SIM3
SIM4
1
21
22
SIM5
SIM1
SIM2
SIM3
SIM4
1
21
22
SIM5
SIM1
SIM2
SIM3
SIM4
1
21
22
SIM5
SIM1
SIM2
SIM3
SIM4
1
21
22
SIM5
SIM1
SIM2
SIM3
SIM4
1
21
22
SIM5
SIM1
SIM2
SIM3
SIM4
1
21
22
SIM5
SIM1
SIM2
SIM3
SIM4
1
21
22
SIM5
SIM1
SIM2
SIM3
SIM4
1
21
22
SIM5
SIM1
SIM2
SIM3
SIM4
1
21
22
SIM5
SIM1
SIM2
SIM3
SIM4
1
21
22
SIM5
SIM1
SIM2
SIM3
SIM4
1
21
22
SIM5
SIM1
SIM2
SIM3
SIM4
1
21
22
SIM5
SIM1
SIM2
SIM3
SIM4
1
21
22
SIM5
SIM1
SIM2
SIM3
SIM4
1
21
22
SIM5
SIM1
SIM2
SIM3
SIM4
1
21
22
SIM5
SIM1
SIM2
SIM3
SIM4
1
21
22
SIM5
SIM1
SIM2
SIM3
SIM4
1
21
22
SIM5
SIM1
SIM2
SIM3
SIM4
1
21
22
SIM5
SIM1
SIM2
SIM3
SIM4
1
21
22
SIM5
SIM1
SIM2
SIM3
SIM4
1
21
22
SIM5
SIM1
SIM2
SIM3
SIM4
1
21
22
SIM5
SIM1
SIM2
SIM3
SIM4
1
21
22
SIM5
SIM1
SIM2
SIM3
SIM4
1
21
22
SIM5
SIM1
SIM2
SIM3
SIM4
1
21
22
SIM5
SIM1
SIM2
SIM3
SIM4
1
21
22
SIM5
SIM1
SIM2
SIM3
SIM4
1
21
22
SIM5
SIM1
SIM2
SIM3
SIM4
1
21
22
SIM5
SIM1
SIM2
SIM3
SIM4
1
21
22
SIM5
SIM1
SIM2
SIM3
SIM4
1
21
22
SIM5
SIM1
SIM2
SIM3
SIM4
1
21
22
SIM5
SIM1
SIM2
SIM3
SIM4
1
21
22
SIM5
SIM1
SIM2
SIM3
SIM4
1
21
22
SIM5
SIM1
SIM2
SIM3
SIM4
1
21
22
SIM5
SIM1
SIM2
SIM3
SIM4
1
21
22
SIM5
SIM1
SIM2
SIM3
SIM4
1
21
22
SIM5
SIM1
SIM2
SIM3
SIM4
1
21
22
SIM5
SIM1
SIM2
SIM3
SIM4
1
21
22
SIM5
SIM1
SIM2
SIM3
SIM4
1
21
22
SIM5
SIM1
SIM2
SIM3
SIM4
1
21
22
SIM5
SIM1
SIM2
SIM3
SIM4
1
21
22
SIM5
SIM1
SIM2
SIM3
SIM4
1
21
22
SIM5
SIM1
SIM2
SIM3
SIM4
1
21
22
SIM5
SIM1
SIM2
SIM3
SIM4
1
21
22
SIM5
SIM1
SIM2
SIM3
SIM4
1
21
22
SIM5
SIM1
SIM2
SIM3
SIM4
1
21
22
SIM5
SIM1
SIM2
SIM3
SIM4
1
21
22
SIM5
SIM1
SIM2
SIM3
SIM4
1
21
22
SIM5
SIM1
SIM2
SIM3
SIM4
1
21
22
SIM5
SIM1
SIM2
SIM3
SIM4
1
21
22
SIM5
SIM1
SIM2
SIM3
SIM4
1
21
22
SIM5
SIM1
SIM2
SIM3
SIM4
1
21
22
SIM5
SIM1
SIM2
SIM3
SIM4
1
21
22
SIM5
SIM1
SIM2
SIM3
SIM4
1
21
22
SIM5
SIM1
SIM2
SIM3
SIM4
1
21
22
SIM5
SIM1
SIM2
SIM3
SIM4
1
21
22
SIM5
SIM1
SIM2
SIM3
SIM4
1
21
22
SIM5
SIM1
SIM2
SIM3
SIM4
1
21
22
SIM5
SIM1
SIM2
SIM3
SIM4
1
21
22
SIM5
SIM1
SIM2
SIM3
SIM4
1
21
22
SIM5
SIM1
SIM2
SIM3
SIM4
1
21
22
SIM5
SIM1
SIM2
SIM3
SIM4
1
21
22
SIM5
SIM1
SIM2
SIM3
SIM4
1
21
22
SIM5
SIM1
SIM2
SIM3
SIM4
1
21
22
SIM5
SIM1
SIM2
SIM3
SIM4
1
21
22
SIM5
SIM1
SIM2
SIM3
SIM4
1
21
22
SIM5
SIM1
SIM2
SIM3
SIM4
1
21
22
SIM5
SIM1
SIM2
SIM3
SIM4
1
21
22
SIM5
SIM1
SIM2
SIM3
SIM4
1
21
22
SIM5
SIM1
SIM2
SIM3
SIM4
1
21
22
SIM5
SIM1
SIM2
SIM3
SIM4
1
21
22
SIM5
SIM1
SIM2
SIM3
SIM4
1
21
22
SIM5
SIM1
SIM2
SIM3
SIM4
1
21
22
SIM5
SIM1
SIM2
SIM3
SIM4
1
21
22
SIM5
SIM1
SIM2
SIM3
SIM4
1
21
22
SIM5
SIM1
SIM2
SIM3
SIM4
1
21
22
SIM5
SIM1
SIM2
SIM3
SIM4
1
21
22
SIM5
SIM1
SIM2
SIM3
SIM4
1
21
22
SIM5
SIM1
SIM2
SIM3
SIM4
1
21
22
SIM5
SIM1
SIM2
SIM3
SIM4
1
21
22
SIM5
SIM1
SIM2
SIM3
SIM4
1
21
22
SIM5
SIM1
SIM2
SIM3
SIM4
1
21
22
SIM5
SIM1
SIM2
SIM3
SIM4
1
21
22
SIM5
SIM1
SIM2
SIM3
SIM4
1
21
22
SIM5
SIM1
SIM2
SIM3
SIM4
1
21
22
SIM5
SIM1
SIM2
SIM3
SIM4
1
21
22
SIM5
SIM1
SIM2
SIM3
SIM4
1
21
22
SIM5
SIM1
SIM2
SIM3
SIM4
1
21
22
SIM5
SIM1
SIM2
SIM3
SIM4
1
21
22
SIM5
SIM1
SIM2
SIM3
SIM4
1
21
22
SIM5
SIM1
SIM2
SIM3
SIM4
1
21
22
SIM5
SIM1
SIM2
SIM3
SIM4
1
21
22
SIM5
SIM1
SIM2
SIM3
SIM4
1
21
22
SIM5
SIM1
SIM2
SIM3
SIM4
1
21
22
SIM5
SIM1
SIM2
SIM3
SIM4
1
21
22
SIM5
SIM1
SIM2
SIM3
SIM4
1
21
22
SIM5
SIM1
SIM2
SIM3
SIM4
1
21
22
SIM5
SIM1
SIM2
SIM3
SIM4
1
21
22
SIM5
SIM1
SIM2
SIM3
SIM4
1
21
22
SIM5
SIM1
SIM2
SIM3
SIM4
1
21
22
SIM5
SIM1
SIM2
SIM3
SIM4
1
21
22
SIM5
SIM1
SIM2
SIM3
SIM4
1
21
22
SIM5
SIM1
SIM2
SIM3
SIM4
1
21
22
SIM5
SIM1
SIM2
SIM3
SIM4
1
21
22
SIM5
SIM1
SIM2
SIM3
SIM4
1
21
22
SIM5
SIM1
SIM2
SIM3
SIM4
1
21
22
SIM5
SIM1
SIM2
SIM3
SIM4
1
21
22
SIM5
SIM1
SIM2
SIM3
SIM4
1
21
22
SIM5
SIM1
SIM2
SIM3
SIM4
1
21
22
SIM5
SIM1
SIM2
SIM3
SIM4
1
21
22
SIM5
SIM1
SIM2
SIM3
SIM4
1
21
22
SIM5
SIM1
SIM2
SIM3
SIM4
1
21
22
SIM5
SIM1
SIM2
SIM3
SIM4
1
21
22
SIM5
SIM1
SIM2
SIM3
SIM4
1
21
22
SIM5
SIM1
SIM2
SIM3
SIM4
1
21
22
SIM5
SIM1
SIM2
SIM3
SIM4
1
21
22
SIM5
SIM1
SIM2
SIM3
SIM4
1
21
22
SIM5
SIM1
SIM2
SIM3
SIM4
1
21
22
SIM5
SIM1
SIM2
SIM3
SIM4
1
21
22
SIM5
SIM1
SIM2
SIM3
SIM4
1
21
22
SIM5
SIM1
SIM2
SIM3
SIM4
1
21
22
SIM5
SIM1
SIM2
DEBUG 1 460
SIM1
SIM2
SIM3
SIM4
1
21
22
SIM5
SIM1
SIM2
SIM3
SIM4
1
21
22
SIM5
SIM1
SIM2
SIM3
SIM4
1
21
22
SIM5
SIM1
SIM2
SIM3
SIM4
1
21
22
SIM5
SIM1
SIM2
SIM3
SIM4
1
21
22
SIM5
SIM1
SIM2
SIM3
SIM4
1
21
22
SIM5
SIM1
SIM2
SIM3
SIM4
1
21
22
SIM5
SIM1
SIM2
SIM3
SIM4
1
21
22
SIM5
SIM1
SIM2
SIM3
SIM4
1
21
22
SIM5
SIM1
SIM2
SIM3
SIM4
1
21
22
SIM5
SIM1
SIM2
SIM3
SIM4
1
21
22
SIM5
SIM1
SIM2
SIM3
SIM4
1
21
22
SIM5
SIM1
SIM2
SIM3
SIM4
1
21
22
SIM5
SIM1
SIM2
SIM3
SIM4
1
21
22
SIM5
SIM1
SIM2
SIM3
SIM4
1
21
22
SIM5
SIM1
SIM2
SIM3
SIM4
1
21
22
SIM5
SIM1
SIM2
SIM3
SIM4
1
21
22
SIM5
SIM1
SIM2
SIM3
SIM4
1
21
22
SIM5
SIM1
SIM2
SIM3
SIM4
1
21
22
SIM5
SIM1
SIM2
SIM3
SIM4
1
21
22
SIM5
SIM1
SIM2
SIM3
SIM4
1
21
22
SIM5
SIM1
SIM2
SIM3
SIM4
1
21
22
SIM5
SIM1
SIM2
SIM3
SIM4
1
21
22
SIM5
SIM1
SIM2
SIM3
SIM4
1
21
22
SIM5
SIM1
SIM2
SIM3
SIM4
1
21
22
SIM5
SIM1
SIM2
SIM3
SIM4
1
21
22
SIM5
SIM1
SIM2
SIM3
SIM4
1
21
22
SIM5
SIM1
SIM2
SIM3
SIM4
1
21
22
SIM5
SIM1
SIM2
SIM3
SIM4
1
21
22
SIM5
SIM1
SIM2
SIM3
SIM4
1
21
22
SIM5
SIM1
SIM2
SIM3
SIM4
1
21
22
SIM5
SIM1
SIM2
SIM3
SIM4
1
21
22
SIM5
SIM1
SIM2
SIM3
SIM4
1
21
22
SIM5
SIM1
SIM2
SIM3
SIM4
1
21
22
SIM5
SIM1
SIM2
SIM3
SIM4
1
21
22
SIM5
SIM1
SIM2
SIM3
SIM4
1
21
22
SIM5
SIM1
SIM2
SIM3
SIM4
1
21
22
SIM5
SIM1
SIM2
SIM3
SIM4
1
21
22
SIM5
SIM1
SIM2
SIM3
SIM4
1
21
22
SIM5
SIM1
SIM2
SIM3
SIM4
1
21
22
SIM5
SIM1
SIM2
SIM3
SIM4
1
21
22
SIM5
SIM1
SIM2
SIM3
SIM4
1
21
22
SIM5
SIM1
SIM2
SIM3
SIM4
1
21
22
SIM5
SIM1
SIM2
SIM3
SIM4
1
21
22
SIM5
SIM1
SIM2
SIM3
SIM4
1
21
22
SIM5
SIM1
SIM2
SIM3
SIM4
1
21
22
SIM5
SIM1
SIM2
SIM3
SIM4
1
21
22
SIM5
SIM1
SIM2
SIM3
SIM4
1
21
22
SIM5
SIM1
SIM2
SIM3
SIM4
1
21
22
SIM5
SIM1
SIM2
SIM3
SIM4
1
21
22
SIM5
SIM1
SIM2
SIM3
SIM4
1
21
22
SIM5
SIM1
SIM2
SIM3
SIM4
1
21
22
SIM5
SIM1
SIM2
SIM3
SIM4
1
21
22
SIM5
SIM1
SIM2
SIM3
SIM4
1
21
22
SIM5
SIM1
SIM2
SIM3
SIM4
1
21
22
SIM5
SIM1
SIM2
SIM3
SIM4
1
21
22
SIM5
SIM1
SIM2
SIM3
SIM4
1
21
22
SIM5
SIM1
SIM2
SIM3
SIM4
1
21
22
SIM5
SIM1
SIM2
SIM3
SIM4
1
21
22
SIM5
SIM1
SIM2
SIM3
SIM4
1
21
22
SIM5
SIM1
SIM2
SIM3
SIM4
1
21
22
SIM5
SIM1
SIM2
SIM3
SIM4
1
21
22
SIM5
SIM1
SIM2
SIM3
SIM4
1
21
22
SIM5
SIM1
SIM2
SIM3
SIM4
1
21
22
SIM5
SIM1
SIM2
SIM3
SIM4
1
21
22
SIM5
SIM1
SIM2
SIM3
SIM4
1
21
22
SIM5
SIM1
SIM2
SIM3
SIM4
1
21
22
SIM5
SIM1
SIM2
SIM3
SIM4
1
21
22
SIM5
SIM1
SIM2
SIM3
SIM4
1
21
22
SIM5
SIM1
SIM2
SIM3
SIM4
1
21
22
SIM5
SIM1
SIM2
SIM3
SIM4
1
21
22
SIM5
SIM1
SIM2
SIM3
SIM4
1
21
22
SIM5
SIM1
SIM2
SIM3
SIM4
1
21
22
SIM5
SIM1
SIM2
SIM3
SIM4
1
21
22
SIM5
SIM1
SIM2
SIM3
SIM4
1
21
22
SIM5
SIM1
SIM2
SIM3
SIM4
1
21
22
SIM5
SIM1
SIM2
SIM3
SIM4
1
21
22
SIM5
SIM1
SIM2
SIM3
SIM4
1
21
22
SIM5
SIM1
SIM2
SIM3
SIM4
1
21
22
SIM5
SIM1
SIM2
SIM3
SIM4
1
21
22
SIM5
SIM1
SIM2
SIM3
SIM4
1
21
22
SIM5
SIM1
SIM2
SIM3
SIM4
1
21
22
SIM5
SIM1
SIM2
SIM3
SIM4
1
21
22
SIM5
SIM1
SIM2
SIM3
SIM4
1
21
22
SIM5
SIM1
SIM2
SIM3
SIM4
1
21
22
SIM5
SIM1
SIM2
SIM3
SIM4
1
21
22
SIM5
SIM1
SIM2
SIM3
SIM4
1
21
22
SIM5
SIM1
SIM2
SIM3
SIM4
1
21
22
SIM5
SIM1
SIM2
SIM3
SIM4
1
21
22
SIM5
SIM1
SIM2
SIM3
SIM4
1
21
22
SIM5
SIM1
SIM2
SIM3
SIM4
1
21
22
SIM5
SIM1
SIM2
SIM3
SIM4
1
21
22
SIM5
SIM1
SIM2
SIM3
SIM4
1
21
22
SIM5
SIM1
SIM2
SIM3
SIM4
1
21
22
SIM5
SIM1
SIM2
SIM3
SIM4
1
21
22
SIM5
SIM1
SIM2
SIM3
SIM4
1
21
22
SIM5
SIM1
SIM2
SIM3
SIM4
1
21
22
SIM5
SIM1
SIM2
SIM3
SIM4
1
21
22
SIM5
SIM1
SIM2
SIM3
SIM4
1
21
22
SIM5
SIM1
SIM2
SIM3
SIM4
1
21
22
SIM5
SIM1
SIM2
SIM3
SIM4
1
21
22
SIM5
SIM1
SIM2
SIM3
SIM4
1
21
22
SIM5
SIM1
SIM2
SIM3
SIM4
1
21
22
SIM5
SIM1
SIM2
SIM3
SIM4
1
21
22
SIM5
SIM1
SIM2
SIM3
SIM4
1
21
22
SIM5
SIM1
SIM2
SIM3
SIM4
1
21
22
SIM5
SIM1
SIM2
SIM3
SIM4
1
21
22
SIM5
SIM1
SIM2
SIM3
SIM4
1
21
22
SIM5
SIM1
SIM2
SIM3
SIM4
1
21
22
SIM5
SIM1
SIM2
SIM3
SIM4
1
21
22
SIM5
SIM1
SIM2
SIM3
SIM4
1
21
22
SIM5
SIM1
SIM2
SIM3
SIM4
1
21
22
SIM5
SIM1
SIM2
SIM3
SIM4
1
21
22
SIM5
SIM1
SIM2
SIM3
SIM4
1
21
22
SIM5
SIM1
SIM2
SIM3
SIM4
1
21
22
SIM5
SIM1
SIM2
SIM3
SIM4
1
21
22
SIM5
SIM1
SIM2
SIM3
SIM4
1
21
22
SIM5
SIM1
SIM2
SIM3
SIM4
1
21
22
SIM5
SIM1
SIM2
SIM3
SIM4
1
21
22
SIM5
SIM1
SIM2
SIM3
SIM4
1
21
22
SIM5
SIM1
SIM2
SIM3
SIM4
1
21
22
SIM5
SIM1
SIM2
SIM3
SIM4
1
21
22
SIM5
SIM1
SIM2
SIM3
SIM4
1
21
22
SIM5
SIM1
SIM2
SIM3
SIM4
1
21
22
SIM5
SIM1
SIM2
SIM3
SIM4
1
21
22
SIM5
SIM1
SIM2
SIM3
SIM4
1
21
22
SIM5
SIM1
SIM2
SIM3
SIM4
1
21
22
SIM5
SIM1
SIM2
SIM3
SIM4
1
21
22
SIM5
SIM1
SIM2
SIM3
SIM4
1
21
22
SIM5
SIM1
SIM2
SIM3
SIM4
1
21
22
SIM5
SIM1
SIM2
SIM3
SIM4
1
21
22
SIM5
SIM1
SIM2
SIM3
SIM4
1
21
22
SIM5
SIM1
SIM2
SIM3
SIM4
1
21
22
SIM5
SIM1
SIM2
SIM3
SIM4
1
21
22
SIM5
SIM1
SIM2
SIM3
SIM4
1
21
22
SIM5
SIM1
SIM2
SIM3
SIM4
1
21
22
SIM5
SIM1
SIM2
SIM3
SIM4
1
21
22
SIM5
SIM1
SIM2
SIM3
SIM4
1
21
22
SIM5
SIM1
SIM2
SIM3
SIM4
1
21
22
SIM5
SIM1
SIM2
SIM3
SIM4
1
21
22
SIM5
SIM1
SIM2
SIM3
SIM4
1
21
22
SIM5
SIM1
SIM2
SIM3
SIM4
1
21
22
SIM5
SIM1
SIM2
SIM3
SIM4
1
21
22
SIM5
SIM1
SIM2
SIM3
SIM4
1
21
22
SIM5
SIM1
SIM2
SIM3
SIM4
1
21
22
SIM5
SIM1
SIM2
SIM3
SIM4
1
21
22
SIM5
SIM1
SIM2
SIM3
SIM4
1
21
22
SIM5
SIM1
SIM2
SIM3
SIM4
1
21
22
SIM5
SIM1
SIM2
SIM3
SIM4
1
21
22
SIM5
SIM1
SIM2
DEBUG 1 461
SIM1
SIM2
SIM3
SIM4
1
21
22
SIM5
SIM1
SIM2
SIM3
SIM4
1
21
22
SIM5
SIM1
SIM2
SIM3
SIM4
1
21
22
SIM5
SIM1
SIM2
SIM3
SIM4
1
21
22
SIM5
SIM1
SIM2
SIM3
SIM4
1
21
22
SIM5
SIM1
SIM2
SIM3
SIM4
1
21
22
SIM5
SIM1
SIM2
SIM3
SIM4
1
21
22
SIM5
SIM1
SIM2
SIM3
SIM4
1
21
22
SIM5
SIM1
SIM2
SIM3
SIM4
1
21
22
SIM5
SIM1
SIM2
SIM3
SIM4
1
21
22
SIM5
SIM1
SIM2
SIM3
SIM4
1
21
22
SIM5
SIM1
SIM2
SIM3
SIM4
1
21
22
SIM5
SIM1
SIM2
SIM3
SIM4
1
21
22
SIM5
SIM1
SIM2
SIM3
SIM4
1
21
22
SIM5
SIM1
SIM2
SIM3
SIM4
1
21
22
SIM5
SIM1
SIM2
SIM3
SIM4
1
21
22
SIM5
SIM1
SIM2
SIM3
SIM4
1
21
22
SIM5
SIM1
SIM2
SIM3
SIM4
1
21
22
SIM5
SIM1
SIM2
SIM3
SIM4
1
21
22
SIM5
SIM1
SIM2
SIM3
SIM4
1
21
22
SIM5
SIM1
SIM2
SIM3
SIM4
1
21
22
SIM5
SIM1
SIM2
SIM3
SIM4
1
21
22
SIM5
SIM1
SIM2
SIM3
SIM4
1
21
22
SIM5
SIM1
SIM2
SIM3
SIM4
1
21
22
SIM5
SIM1
SIM2
SIM3
SIM4
1
21
22
SIM5
SIM1
SIM2
SIM3
SIM4
1
21
22
SIM5
SIM1
SIM2
SIM3
SIM4
1
21
22
SIM5
SIM1
SIM2
SIM3
SIM4
1
21
22
SIM5
SIM1
SIM2
SIM3
SIM4
1
21
22
SIM5
SIM1
SIM2
SIM3
SIM4
1
21
22
SIM5
SIM1
SIM2
SIM3
SIM4
1
21
22
SIM5
SIM1
SIM2
SIM3
SIM4
1
21
22
SIM5
SIM1
SIM2
SIM3
SIM4
1
21
22
SIM5
SIM1
SIM2
SIM3
SIM4
1
21
22
SIM5
SIM1
SIM2
SIM3
SIM4
1
21
22
SIM5
SIM1
SIM2
SIM3
SIM4
1
21
22
SIM5
SIM1
SIM2
SIM3
SIM4
1
21
22
SIM5
SIM1
SIM2
SIM3
SIM4
1
21
22
SIM5
SIM1
SIM2
SIM3
SIM4
1
21
22
SIM5
SIM1
SIM2
SIM3
SIM4
1
21
22
SIM5
SIM1
SIM2
SIM3
SIM4
1
21
22
SIM5
SIM1
SIM2
SIM3
SIM4
1
21
22
SIM5
SIM1
SIM2
SIM3
SIM4
1
21
22
SIM5
SIM1
SIM2
SIM3
SIM4
1
21
22
SIM5
SIM1
SIM2
SIM3
SIM4
1
21
22
SIM5
SIM1
SIM2
SIM3
SIM4
1
21
22
SIM5
SIM1
SIM2
SIM3
SIM4
1
21
22
SIM5
SIM1
SIM2
SIM3
SIM4
1
21
22
SIM5
SIM1
SIM2
SIM3
SIM4
1
21
22
SIM5
SIM1
SIM2
SIM3
SIM4
1
21
22
SIM5
SIM1
SIM2
SIM3
SIM4
1
21
22
SIM5
SIM1
SIM2
SIM3
SIM4
1
21
22
SIM5
SIM1
SIM2
SIM3
SIM4
1
21
22
SIM5
SIM1
SIM2
SIM3
SIM4
1
21
22
SIM5
SIM1
SIM2
SIM3
SIM4
1
21
22
SIM5
SIM1
SIM2
SIM3
SIM4
1
21
22
SIM5
SIM1
SIM2
SIM3
SIM4
1
21
22
SIM5
SIM1
SIM2
SIM3
SIM4
1
21
22
SIM5
SIM1
SIM2
SIM3
SIM4
1
21
22
SIM5
SIM1
SIM2
SIM3
SIM4
1
21
22
SIM5
SIM1
SIM2
SIM3
SIM4
1
21
22
SIM5
SIM1
SIM2
SIM3
SIM4
1
21
22
SIM5
SIM1
SIM2
SIM3
SIM4
1
21
22
SIM5
SIM1
SIM2
SIM3
SIM4
1
21
22
SIM5
SIM1
SIM2
SIM3
SIM4
1
21
22
SIM5
SIM1
SIM2
SIM3
SIM4
1
21
22
SIM5
SIM1
SIM2
SIM3
SIM4
1
21
22
SIM5
SIM1
SIM2
SIM3
SIM4
1
21
22
SIM5
SIM1
SIM2
SIM3
SIM4
1
21
22
SIM5
SIM1
SIM2
SIM3
SIM4
1
21
22
SIM5
SIM1
SIM2
SIM3
SIM4
1
21
22
SIM5
SIM1
SIM2
SIM3
SIM4
1
21
22
SIM5
SIM1
SIM2
SIM3
SIM4
1
21
22
SIM5
SIM1
SIM2
SIM3
SIM4
1
21
22
SIM5
SIM1
SIM2
SIM3
SIM4
1
21
22
SIM5
SIM1
SIM2
SIM3
SIM4
1
21
22
SIM5
SIM1
SIM2
SIM3
SIM4
1
21
22
SIM5
SIM1
SIM2
SIM3
SIM4
1
21
22
SIM5
SIM1
SIM2
SIM3
SIM4
1
21
22
SIM5
SIM1
SIM2
SIM3
SIM4
1
21
22
SIM5
SIM1
SIM2
SIM3
SIM4
1
21
22
SIM5
SIM1
SIM2
SIM3
SIM4
1
21
22
SIM5
SIM1
SIM2
SIM3
SIM4
1
21
22
SIM5
SIM1
SIM2
SIM3
SIM4
1
21
22
SIM5
SIM1
SIM2
SIM3
SIM4
1
21
22
SIM5
SIM1
SIM2
SIM3
SIM4
1
21
22
SIM5
SIM1
SIM2
SIM3
SIM4
1
21
22
SIM5
SIM1
SIM2
SIM3
SIM4
1
21
22
SIM5
SIM1
SIM2
SIM3
SIM4
1
21
22
SIM5
SIM1
SIM2
SIM3
SIM4
1
21
22
SIM5
SIM1
SIM2
SIM3
SIM4
1
21
22
SIM5
SIM1
SIM2
SIM3
SIM4
1
21
22
SIM5
SIM1
SIM2
SIM3
SIM4
1
21
22
SIM5
SIM1
SIM2
SIM3
SIM4
1
21
22
SIM5
SIM1
SIM2
SIM3
SIM4
1
21
22
SIM5
SIM1
SIM2
SIM3
SIM4
1
21
22
SIM5
SIM1
SIM2
SIM3
SIM4
1
21
22
SIM5
SIM1
SIM2
SIM3
SIM4
1
21
22
SIM5
SIM1
SIM2
SIM3
SIM4
1
21
22
SIM5
SIM1
SIM2
SIM3
SIM4
1
21
22
SIM5
SIM1
SIM2
SIM3
SIM4
1
21
22
SIM5
SIM1
SIM2
SIM3
SIM4
1
21
22
SIM5
SIM1
SIM2
SIM3
SIM4
1
21
22
SIM5
SIM1
SIM2
SIM3
SIM4
1
21
22
SIM5
SIM1
SIM2
SIM3
SIM4
1
21
22
SIM5
SIM1
SIM2
SIM3
SIM4
1
21
22
SIM5
SIM1
SIM2
SIM3
SIM4
1
21
22
SIM5
SIM1
SIM2
SIM3
SIM4
1
21
22
SIM5
SIM1
SIM2
SIM3
SIM4
1
21
22
SIM5
SIM1
SIM2
SIM3
SIM4
1
21
22
SIM5
SIM1
SIM2
SIM3
SIM4
1
21
22
SIM5
SIM1
SIM2
SIM3
SIM4
1
21
22
SIM5
SIM1
SIM2
SIM3
SIM4
1
21
22
SIM5
SIM1
SIM2
SIM3
SIM4
1
21
22
SIM5
SIM1
SIM2
SIM3
SIM4
1
21
22
SIM5
SIM1
SIM2
SIM3
SIM4
1
21
22
SIM5
SIM1
SIM2
SIM3
SIM4
1
21
22
SIM5
SIM1
SIM2
SIM3
SIM4
1
21
22
SIM5
SIM1
SIM2
SIM3
SIM4
1
21
22
SIM5
SIM1
SIM2
SIM3
SIM4
1
21
22
SIM5
SIM1
SIM2
SIM3
SIM4
1
21
22
SIM5
SIM1
SIM2
SIM3
SIM4
1
21
22
SIM5
SIM1
SIM2
SIM3
SIM4
1
21
22
SIM5
SIM1
SIM2
SIM3
SIM4
1
21
22
SIM5
SIM1
SIM2
SIM3
SIM4
1
21
22
SIM5
SIM1
SIM2
SIM3
SIM4
1
21
22
SIM5
SIM1
SIM2
SIM3
SIM4
1
21
22
SIM5
SIM1
SIM2
SIM3
SIM4
1
21
22
SIM5
SIM1
SIM2
SIM3
SIM4
1
21
22
SIM5
SIM1
SIM2
SIM3
SIM4
1
21
22
SIM5
SIM1
SIM2
SIM3
SIM4
1
21
22
SIM5
SIM1
SIM2
SIM3
SIM4
1
21
22
SIM5
SIM1
SIM2
SIM3
SIM4
1
21
22
SIM5
SIM1
SIM2
SIM3
SIM4
1
21
22
SIM5
SIM1
SIM2
SIM3
SIM4
1
21
22
SIM5
SIM1
SIM2
SIM3
SIM4
1
21
22
SIM5
SIM1
SIM2
SIM3
SIM4
1
21
22
SIM5
SIM1
SIM2
SIM3
SIM4
1
21
22
SIM5
SIM1
SIM2
SIM3
SIM4
1
21
22
SIM5
SIM1
SIM2
SIM3
SIM4
1
21
22
SIM5
SIM1
SIM2
SIM3
SIM4
1
21
22
SIM5
SIM1
SIM2
SIM3
SIM4
1
21
22
SIM5
SIM1
SIM2
SIM3
SIM4
1
21
22
SIM5
SIM1
SIM2
SIM3
SIM4
1
21
22
SIM5
SIM1
SIM2
SIM3
SIM4
1
21
22
SIM5
SIM1
SIM2
SIM3
SIM4
1
21
22
SIM5
SIM1
SIM2
SIM3
SIM4
1
21
22
SIM5
SIM1
SIM2
SIM3
SIM4
1
21
22
SIM5
SIM1
SIM2
SIM3
SIM4
1
21
22
SIM5
SIM1
SIM2
SIM3
SIM4
1
21
22
SIM5
SIM1
SIM2
SIM3
SIM4
1
21
22
SIM5
SIM1
SIM2
SIM3
SIM4
1
21
22
SIM5
SIM1
SIM2
SIM3
SIM4
1
21
22
SIM5
SIM1
SIM2
SIM3
SIM4
1
21
22
SIM5
SIM1
SIM2
SIM3
SIM4
1
21
22
SIM5
SIM1
SIM2
SIM3
SIM4
1
21
22
SIM5
SIM1
SIM2
SIM3
SIM4
1
21
22
SIM5
SIM1
SIM2
SIM3
SIM4
1
21
22
SIM5
SIM1
SIM2
SIM3
SIM4
1
21
22
SIM5
SIM1
SIM2
SIM3
SIM4
1
21
22
SIM5
SIM1
SIM2
SIM3
SIM4
1
21
22
SIM5
SIM1
SIM2
SIM3
SIM4
1
21
22
SIM5
SIM1
SIM2
SIM3
SIM4
1
21
22
SIM5
SIM1
SIM2
SIM3
SIM4
1
21
22
SIM5
SIM1
SIM2
SIM3
SIM4
1
21
22
SIM5
SIM1
SIM2
SIM3
SIM4
1
21
22
SIM5
SIM1
SIM2
DEBUG 1 462
SIM1
SIM2
SIM3
SIM4
1
21
22
SIM5
SIM1
SIM2
SIM3
SIM4
1
21
22
SIM5
SIM1
SIM2
SIM3
SIM4
1
21
22
SIM5
SIM1
SIM2
SIM3
SIM4
1
21
22
SIM5
SIM1
SIM2
SIM3
SIM4
1
21
22
SIM5
SIM1
SIM2
SIM3
SIM4
1
21
22
SIM5
SIM1
SIM2
SIM3
SIM4
1
21
22
SIM5
SIM1
SIM2
SIM3
SIM4
1
21
22
SIM5
SIM1
SIM2
SIM3
SIM4
1
21
22
SIM5
SIM1
SIM2
SIM3
SIM4
1
21
22
SIM5
SIM1
SIM2
SIM3
SIM4
1
21
22
SIM5
SIM1
SIM2
SIM3
SIM4
1
21
22
SIM5
SIM1
SIM2
SIM3
SIM4
1
21
22
SIM5
SIM1
SIM2
SIM3
SIM4
1
21
22
SIM5
SIM1
SIM2
SIM3
SIM4
1
21
22
SIM5
SIM1
SIM2
SIM3
SIM4
1
21
22
SIM5
SIM1
SIM2
SIM3
SIM4
1
21
22
SIM5
SIM1
SIM2
SIM3
SIM4
1
21
22
SIM5
SIM1
SIM2
SIM3
SIM4
1
21
22
SIM5
SIM1
SIM2
SIM3
SIM4
1
21
22
SIM5
SIM1
SIM2
SIM3
SIM4
1
21
22
SIM5
SIM1
SIM2
SIM3
SIM4
1
21
22
SIM5
SIM1
SIM2
SIM3
SIM4
1
21
22
SIM5
SIM1
SIM2
SIM3
SIM4
1
21
22
SIM5
SIM1
SIM2
SIM3
SIM4
1
21
22
SIM5
SIM1
SIM2
SIM3
SIM4
1
21
22
SIM5
SIM1
SIM2
SIM3
SIM4
1
21
22
SIM5
SIM1
SIM2
SIM3
SIM4
1
21
22
SIM5
SIM1
SIM2
SIM3
SIM4
1
21
22
SIM5
SIM1
SIM2
SIM3
SIM4
1
21
22
SIM5
SIM1
SIM2
SIM3
SIM4
1
21
22
SIM5
SIM1
SIM2
SIM3
SIM4
1
21
22
SIM5
SIM1
SIM2
SIM3
SIM4
1
21
22
SIM5
SIM1
SIM2
SIM3
SIM4
1
21
22
SIM5
SIM1
SIM2
SIM3
SIM4
1
21
22
SIM5
SIM1
SIM2
SIM3
SIM4
1
21
22
SIM5
SIM1
SIM2
SIM3
SIM4
1
21
22
SIM5
SIM1
SIM2
SIM3
SIM4
1
21
22
SIM5
SIM1
SIM2
SIM3
SIM4
1
21
22
SIM5
SIM1
SIM2
SIM3
SIM4
1
21
22
SIM5
SIM1
SIM2
SIM3
SIM4
1
21
22
SIM5
SIM1
SIM2
SIM3
SIM4
1
21
22
SIM5
SIM1
SIM2
SIM3
SIM4
1
21
22
SIM5
SIM1
SIM2
SIM3
SIM4
1
21
22
SIM5
SIM1
SIM2
SIM3
SIM4
1
21
22
SIM5
SIM1
SIM2
SIM3
SIM4
1
21
22
SIM5
SIM1
SIM2
SIM3
SIM4
1
21
22
SIM5
SIM1
SIM2
SIM3
SIM4
1
21
22
SIM5
SIM1
SIM2
SIM3
SIM4
1
21
22
SIM5
SIM1
SIM2
SIM3
SIM4
1
21
22
SIM5
SIM1
SIM2
SIM3
SIM4
1
21
22
SIM5
SIM1
SIM2
SIM3
SIM4
1
21
22
SIM5
SIM1
SIM2
SIM3
SIM4
1
21
22
SIM5
SIM1
SIM2
SIM3
SIM4
1
21
22
SIM5
SIM1
SIM2
SIM3
SIM4
1
21
22
SIM5
SIM1
SIM2
SIM3
SIM4
1
21
22
SIM5
SIM1
SIM2
SIM3
SIM4
1
21
22
SIM5
SIM1
SIM2
SIM3
SIM4
1
21
22
SIM5
SIM1
SIM2
SIM3
SIM4
1
21
22
SIM5
SIM1
SIM2
SIM3
SIM4
1
21
22
SIM5
SIM1
SIM2
SIM3
SIM4
1
21
22
SIM5
SIM1
SIM2
SIM3
SIM4
1
21
22
SIM5
SIM1
SIM2
SIM3
SIM4
1
21
22
SIM5
SIM1
SIM2
SIM3
SIM4
1
21
22
SIM5
SIM1
SIM2
SIM3
SIM4
1
21
22
SIM5
SIM1
SIM2
SIM3
SIM4
1
21
22
SIM5
SIM1
SIM2
SIM3
SIM4
1
21
22
SIM5
SIM1
SIM2
SIM3
SIM4
1
21
22
SIM5
SIM1
SIM2
SIM3
SIM4
1
21
22
SIM5
SIM1
SIM2
SIM3
SIM4
1
21
22
SIM5
SIM1
SIM2
SIM3
SIM4
1
21
22
SIM5
SIM1
SIM2
SIM3
SIM4
1
21
22
SIM5
SIM1
SIM2
SIM3
SIM4
1
21
22
SIM5
SIM1
SIM2
SIM3
SIM4
1
21
22
SIM5
SIM1
SIM2
SIM3
SIM4
1
21
22
SIM5
SIM1
SIM2
SIM3
SIM4
1
21
22
SIM5
SIM1
SIM2
SIM3
SIM4
1
21
22
SIM5
SIM1
SIM2
SIM3
SIM4
1
21
22
SIM5
SIM1
SIM2
SIM3
SIM4
1
21
22
SIM5
SIM1
SIM2
SIM3
SIM4
1
21
22
SIM5
SIM1
SIM2
SIM3
SIM4
1
21
22
SIM5
SIM1
SIM2
SIM3
SIM4
1
21
22
SIM5
SIM1
SIM2
SIM3
SIM4
1
21
22
SIM5
SIM1
SIM2
SIM3
SIM4
1
21
22
SIM5
SIM1
SIM2
SIM3
SIM4
1
21
22
SIM5
SIM1
SIM2
SIM3
SIM4
1
21
22
SIM5
SIM1
SIM2
SIM3
SIM4
1
21
22
SIM5
SIM1
SIM2
SIM3
SIM4
1
21
22
SIM5
SIM1
SIM2
SIM3
SIM4
1
21
22
SIM5
SIM1
SIM2
SIM3
SIM4
1
21
22
SIM5
SIM1
SIM2
SIM3
SIM4
1
21
22
SIM5
SIM1
SIM2
SIM3
SIM4
1
21
22
SIM5
SIM1
SIM2
SIM3
SIM4
1
21
22
SIM5
SIM1
SIM2
SIM3
SIM4
1
21
22
SIM5
SIM1
SIM2
SIM3
SIM4
1
21
22
SIM5
SIM1
SIM2
SIM3
SIM4
1
21
22
SIM5
SIM1
SIM2
SIM3
SIM4
1
21
22
SIM5
SIM1
SIM2
SIM3
SIM4
1
21
22
SIM5
SIM1
SIM2
SIM3
SIM4
1
21
22
SIM5
SIM1
SIM2
SIM3
SIM4
1
21
22
SIM5
SIM1
SIM2
SIM3
SIM4
1
21
22
SIM5
SIM1
SIM2
SIM3
SIM4
1
21
22
SIM5
SIM1
SIM2
SIM3
SIM4
1
21
22
SIM5
SIM1
SIM2
SIM3
SIM4
1
21
22
SIM5
SIM1
SIM2
SIM3
SIM4
1
21
22
SIM5
SIM1
SIM2
SIM3
SIM4
1
21
22
SIM5
SIM1
SIM2
SIM3
SIM4
1
21
22
SIM5
SIM1
SIM2
SIM3
SIM4
1
21
22
SIM5
SIM1
SIM2
SIM3
SIM4
1
21
22
SIM5
SIM1
SIM2
SIM3
SIM4
1
21
22
SIM5
SIM1
SIM2
SIM3
SIM4
1
21
22
SIM5
SIM1
SIM2
SIM3
SIM4
1
21
22
SIM5
SIM1
SIM2
SIM3
SIM4
1
21
22
SIM5
SIM1
SIM2
SIM3
SIM4
1
21
22
SIM5
SIM1
SIM2
SIM3
SIM4
1
21
22
SIM5
SIM1
SIM2
SIM3
SIM4
1
21
22
SIM5
SIM1
SIM2
SIM3
SIM4
1
21
22
SIM5
SIM1
SIM2
SIM3
SIM4
1
21
22
SIM5
SIM1
SIM2
SIM3
SIM4
1
21
22
SIM5
SIM1
SIM2
SIM3
SIM4
1
21
22
SIM5
SIM1
SIM2
SIM3
SIM4
1
21
22
SIM5
SIM1
SIM2
SIM3
SIM4
1
21
22
SIM5
SIM1
SIM2
SIM3
SIM4
1
21
22
SIM5
SIM1
SIM2
SIM3
SIM4
1
21
22
SIM5
SIM1
SIM2
SIM3
SIM4
1
21
22
SIM5
SIM1
SIM2
SIM3
SIM4
1
21
22
SIM5
SIM1
SIM2
SIM3
SIM4
1
21
22
SIM5
SIM1
SIM2
SIM3
SIM4
1
21
22
SIM5
SIM1
SIM2
DEBUG 1 463
SIM1
SIM2
SIM3
SIM4
1
21
22
SIM5
SIM1
SIM2
SIM3
SIM4
1
21
22
SIM5
SIM1
SIM2
SIM3
SIM4
1
21
22
SIM5
SIM1
SIM2
SIM3
SIM4
1
21
22
SIM5
SIM1
SIM2
SIM3
SIM4
1
21
22
SIM5
SIM1
SIM2
SIM3
SIM4
1
21
22
SIM5
SIM1
SIM2
SIM3
SIM4
1
21
22
SIM5
SIM1
SIM2
SIM3
SIM4
1
21
22
SIM5
SIM1
SIM2
SIM3
SIM4
1
21
22
SIM5
SIM1
SIM2
SIM3
SIM4
1
21
22
SIM5
SIM1
SIM2
SIM3
SIM4
1
21
22
SIM5
SIM1
SIM2
SIM3
SIM4
1
21
22
SIM5
SIM1
SIM2
SIM3
SIM4
1
21
22
SIM5
SIM1
SIM2
SIM3
SIM4
1
21
22
SIM5
SIM1
SIM2
SIM3
SIM4
1
21
22
SIM5
SIM1
SIM2
SIM3
SIM4
1
21
22
SIM5
SIM1
SIM2
SIM3
SIM4
1
21
22
SIM5
SIM1
SIM2
SIM3
SIM4
1
21
22
SIM5
SIM1
SIM2
SIM3
SIM4
1
21
22
SIM5
SIM1
SIM2
SIM3
SIM4
1
21
22
SIM5
SIM1
SIM2
SIM3
SIM4
1
21
22
SIM5
SIM1
SIM2
SIM3
SIM4
1
21
22
SIM5
SIM1
SIM2
SIM3
SIM4
1
21
22
SIM5
SIM1
SIM2
SIM3
SIM4
1
21
22
SIM5
SIM1
SIM2
SIM3
SIM4
1
21
22
SIM5
SIM1
SIM2
SIM3
SIM4
1
21
22
SIM5
SIM1
SIM2
SIM3
SIM4
1
21
22
SIM5
SIM1
SIM2
SIM3
SIM4
1
21
22
SIM5
SIM1
SIM2
SIM3
SIM4
1
21
22
SIM5
SIM1
SIM2
SIM3
SIM4
1
21
22
SIM5
SIM1
SIM2
SIM3
SIM4
1
21
22
SIM5
SIM1
SIM2
SIM3
SIM4
1
21
22
SIM5
SIM1
SIM2
SIM3
SIM4
1
21
22
SIM5
SIM1
SIM2
SIM3
SIM4
1
21
22
SIM5
SIM1
SIM2
SIM3
SIM4
1
21
22
SIM5
SIM1
SIM2
SIM3
SIM4
1
21
22
SIM5
SIM1
SIM2
SIM3
SIM4
1
21
22
SIM5
SIM1
SIM2
SIM3
SIM4
1
21
22
SIM5
SIM1
SIM2
SIM3
SIM4
1
21
22
SIM5
SIM1
SIM2
SIM3
SIM4
1
21
22
SIM5
SIM1
SIM2
SIM3
SIM4
1
21
22
SIM5
SIM1
SIM2
SIM3
SIM4
1
21
22
SIM5
SIM1
SIM2
SIM3
SIM4
1
21
22
SIM5
SIM1
SIM2
SIM3
SIM4
1
21
22
SIM5
SIM1
SIM2
SIM3
SIM4
1
21
22
SIM5
SIM1
SIM2
SIM3
SIM4
1
21
22
SIM5
SIM1
SIM2
SIM3
SIM4
1
21
22
SIM5
SIM1
SIM2
SIM3
SIM4
1
21
22
SIM5
SIM1
SIM2
SIM3
SIM4
1
21
22
SIM5
SIM1
SIM2
SIM3
SIM4
1
21
22
SIM5
SIM1
SIM2
SIM3
SIM4
1
21
22
SIM5
SIM1
SIM2
SIM3
SIM4
1
21
22
SIM5
SIM1
SIM2
SIM3
SIM4
1
21
22
SIM5
SIM1
SIM2
SIM3
SIM4
1
21
22
SIM5
SIM1
SIM2
SIM3
SIM4
1
21
22
SIM5
SIM1
SIM2
SIM3
SIM4
1
21
22
SIM5
SIM1
SIM2
SIM3
SIM4
1
21
22
SIM5
SIM1
SIM2
SIM3
SIM4
1
21
22
SIM5
SIM1
SIM2
SIM3
SIM4
1
21
22
SIM5
SIM1
SIM2
SIM3
SIM4
1
21
22
SIM5
SIM1
SIM2
SIM3
SIM4
1
21
22
SIM5
SIM1
SIM2
SIM3
SIM4
1
21
22
SIM5
SIM1
SIM2
SIM3
SIM4
1
21
22
SIM5
SIM1
SIM2
SIM3
SIM4
1
21
22
SIM5
SIM1
SIM2
SIM3
SIM4
1
21
22
SIM5
SIM1
SIM2
SIM3
SIM4
1
21
22
SIM5
SIM1
SIM2
SIM3
SIM4
1
21
22
SIM5
SIM1
SIM2
SIM3
SIM4
1
21
22
SIM5
SIM1
SIM2
SIM3
SIM4
1
21
22
SIM5
SIM1
SIM2
SIM3
SIM4
1
21
22
SIM5
SIM1
SIM2
SIM3
SIM4
1
21
22
SIM5
SIM1
SIM2
SIM3
SIM4
1
21
22
SIM5
SIM1
SIM2
SIM3
SIM4
1
21
22
SIM5
SIM1
SIM2
SIM3
SIM4
1
21
22
SIM5
SIM1
SIM2
SIM3
SIM4
1
21
22
SIM5
SIM1
SIM2
SIM3
SIM4
1
21
22
SIM5
SIM1
SIM2
SIM3
SIM4
1
21
22
SIM5
SIM1
SIM2
SIM3
SIM4
1
21
22
SIM5
SIM1
SIM2
SIM3
SIM4
1
21
22
SIM5
SIM1
SIM2
SIM3
SIM4
1
21
22
SIM5
SIM1
SIM2
SIM3
SIM4
1
21
22
SIM5
SIM1
SIM2
SIM3
SIM4
1
21
22
SIM5
SIM1
SIM2
SIM3
SIM4
1
21
22
SIM5
SIM1
SIM2
SIM3
SIM4
1
21
22
SIM5
SIM1
SIM2
SIM3
SIM4
1
21
22
SIM5
SIM1
SIM2
SIM3
SIM4
1
21
22
SIM5
SIM1
SIM2
SIM3
SIM4
1
21
22
SIM5
SIM1
SIM2
SIM3
SIM4
1
21
22
SIM5
SIM1
SIM2
SIM3
SIM4
1
21
22
SIM5
SIM1
SIM2
SIM3
SIM4
1
21
22
SIM5
SIM1
SIM2
SIM3
SIM4
1
21
22
SIM5
SIM1
SIM2
SIM3
SIM4
1
21
22
SIM5
SIM1
SIM2
SIM3
SIM4
1
21
22
SIM5
SIM1
SIM2
SIM3
SIM4
1
21
22
SIM5
SIM1
SIM2
SIM3
SIM4
1
21
22
SIM5
SIM1
SIM2
SIM3
SIM4
1
21
22
SIM5
SIM1
SIM2
SIM3
SIM4
1
21
22
SIM5
SIM1
SIM2
SIM3
SIM4
1
21
22
SIM5
SIM1
SIM2
SIM3
SIM4
1
21
22
SIM5
SIM1
SIM2
SIM3
SIM4
1
21
22
SIM5
SIM1
SIM2
SIM3
SIM4
1
21
22
SIM5
SIM1
SIM2
SIM3
SIM4
1
21
22
SIM5
SIM1
SIM2
SIM3
SIM4
1
21
22
SIM5
SIM1
SIM2
SIM3
SIM4
1
21
22
SIM5
SIM1
SIM2
SIM3
SIM4
1
21
22
SIM5
SIM1
SIM2
SIM3
SIM4
1
21
22
SIM5
SIM1
SIM2
SIM3
SIM4
1
21
22
SIM5
SIM1
SIM2
SIM3
SIM4
1
21
22
SIM5
SIM1
SIM2
SIM3
SIM4
1
21
22
SIM5
SIM1
SIM2
SIM3
SIM4
1
21
22
SIM5
SIM1
SIM2
SIM3
SIM4
1
21
22
SIM5
SIM1
SIM2
SIM3
SIM4
1
21
22
SIM5
SIM1
SIM2
SIM3
SIM4
1
21
22
SIM5
SIM1
SIM2
SIM3
SIM4
1
21
22
SIM5
SIM1
SIM2
SIM3
SIM4
1
21
22
SIM5
SIM1
SIM2
SIM3
SIM4
1
21
22
SIM5
SIM1
SIM2
SIM3
SIM4
1
21
22
SIM5
SIM1
SIM2
SIM3
SIM4
1
21
22
SIM5
SIM1
SIM2
SIM3
SIM4
1
21
22
SIM5
SIM1
SIM2
SIM3
SIM4
1
21
22
SIM5
SIM1
SIM2
SIM3
SIM4
1
21
22
SIM5
SIM1
SIM2
SIM3
SIM4
1
21
22
SIM5
SIM1
SIM2
SIM3
SIM4
1
21
22
SIM5
SIM1
SIM2
SIM3
SIM4
1
21
22
SIM5
SIM1
SIM2
SIM3
SIM4
1
21
22
SIM5
SIM1
SIM2
SIM3
SIM4
1
21
22
SIM5
SIM1
SIM2
SIM3
SIM4
1
21
22
SIM5
SIM1
SIM2
SIM3
SIM4
1
21
22
SIM5
SIM1
SIM2
SIM3
SIM4
1
21
22
SIM5
SIM1
SIM2
SIM3
SIM4
1
21
22
SIM5
SIM1
SIM2
SIM3
SIM4
1
21
22
SIM5
SIM1
SIM2
SIM3
SIM4
1
21
22
SIM5
SIM1
SIM2
SIM3
SIM4
1
21
22
SIM5
SIM1
SIM2
SIM3
SIM4
1
21
22
SIM5
SIM1
SIM2
SIM3
SIM4
1
21
22
SIM5
SIM1
SIM2
SIM3
SIM4
1
21
22
SIM5
SIM1
SIM2
SIM3
SIM4
1
21
22
SIM5
SIM1
SIM2
SIM3
SIM4
1
21
22
SIM5
SIM1
SIM2
SIM3
SIM4
1
21
22
SIM5
SIM1
SIM2
SIM3
SIM4
1
21
22
SIM5
SIM1
SIM2
SIM3
SIM4
1
21
22
SIM5
SIM1
SIM2
SIM3
SIM4
1
21
22
SIM5
SIM1
SIM2
SIM3
SIM4
1
21
22
SIM5
SIM1
SIM2
SIM3
SIM4
1
21
22
SIM5
SIM1
SIM2
SIM3
SIM4
1
21
22
SIM5
SIM1
SIM2
SIM3
SIM4
1
21
22
SIM5
SIM1
SIM2
SIM3
SIM4
1
21
22
SIM5
SIM1
SIM2
SIM3
SIM4
1
21
22
SIM5
SIM1
SIM2
SIM3
SIM4
1
21
22
SIM5
SIM1
SIM2
SIM3
SIM4
1
21
22
SIM5
SIM1
SIM2
SIM3
SIM4
1
21
22
SIM5
SIM1
SIM2
SIM3
SIM4
1
21
22
SIM5
SIM1
SIM2
SIM3
SIM4
1
21
22
SIM5
SIM1
SIM2
SIM3
SIM4
1
21
22
SIM5
SIM1
SIM2
SIM3
SIM4
1
21
22
SIM5
SIM1
SIM2
SIM3
SIM4
1
21
22
SIM5
SIM1
SIM2
SIM3
SIM4
1
21
22
SIM5
SIM1
SIM2
SIM3
SIM4
1
21
22
SIM5
SIM1
SIM2
SIM3
SIM4
1
21
22
SIM5
SIM1
SIM2
SIM3
SIM4
1
21
22
SIM5
SIM1
SIM2
SIM3
SIM4
1
21
22
SIM5
SIM1
SIM2
SIM3
SIM4
1
21
22
SIM5
SIM1
SIM2
SIM3
SIM4
1
21
22
SIM5
SIM1
SIM2
SIM3
SIM4
1
21
22
SIM5
SIM1
SIM2
SIM3
SIM4
1
21
22
SIM5
SIM1
SIM2
SIM3
SIM4
1
21
22
SIM5
SIM1
SIM2
SIM3
SIM4
1
21
22
SIM5
SIM1
SIM2
SIM3
SIM4
1
21
22
SIM5
SIM1
SIM2
SIM3
SIM4
1
21
22
SIM5
SIM1
SIM2
SIM3
SIM4
1
21
22
SIM5
SIM1
SIM2
SIM3
SIM4
1
21
22
SIM5
SIM1
SIM2
SIM3
SIM4
1
21
22
SIM5
SIM1
SIM2
SIM3
SIM4
1
21
22
SIM5
SIM1
SIM2
SIM3
SIM4
1
21
22
SIM5
SIM1
SIM2
SIM3
SIM4
1
21
22
SIM5
SIM1
SIM2
SIM3
SIM4
1
21
22
SIM5
SIM1
SIM2
SIM3
SIM4
1
21
22
SIM5
SIM1
SIM2
SIM3
SIM4
1
21
22
SIM5
SIM1
SIM2
SIM3
SIM4
1
21
22
SIM5
SIM1
SIM2
SIM3
SIM4
1
21
22
SIM5
SIM1
SIM2
SIM3
SIM4
1
21
22
SIM5
SIM1
SIM2
SIM3
SIM4
1
21
22
SIM5
SIM1
SIM2
SIM3
SIM4
1
21
22
SIM5
SIM1
SIM2
SIM3
SIM4
1
21
22
SIM5
SIM1
SIM2
SIM3
SIM4
1
21
22
SIM5
SIM1
SIM2
SIM3
SIM4
1
21
22
SIM5
SIM1
SIM2
SIM3
SIM4
1
21
22
SIM5
SIM1
SIM2
SIM3
SIM4
1
21
22
SIM5
SIM1
SIM2
SIM3
SIM4
1
21
22
SIM5
SIM1
SIM2
SIM3
SIM4
1
21
22
SIM5
SIM1
SIM2
SIM3
SIM4
1
21
22
SIM5
SIM1
SIM2
SIM3
SIM4
1
21
22
SIM5
SIM1
SIM2
SIM3
SIM4
1
21
22
SIM5
SIM1
SIM2
SIM3
SIM4
1
21
22
SIM5
SIM1
SIM2
SIM3
SIM4
1
21
22
SIM5
SIM1
SIM2
SIM3
SIM4
1
21
22
SIM5
SIM1
SIM2
SIM3
SIM4
1
21
22
SIM5
SIM1
SIM2
SIM3
SIM4
1
21
22
SIM5
SIM1
SIM2
SIM3
SIM4
1
21
22
SIM5
SIM1
SIM2
SIM3
SIM4
1
21
22
SIM5
SIM1
SIM2
SIM3
SIM4
1
21
22
SIM5
SIM1
SIM2
SIM3
SIM4
1
21
22
SIM5
SIM1
SIM2
SIM3
SIM4
1
21
22
SIM5
SIM1
SIM2
SIM3
SIM4
1
21
22
SIM5
SIM1
SIM2
SIM3
SIM4
1
21
22
SIM5
SIM1
SIM2
SIM3
SIM4
1
21
22
SIM5
SIM1
SIM2
SIM3
SIM4
1
21
22
SIM5
SIM1
SIM2
SIM3
SIM4
1
21
22
SIM5
SIM1
SIM2
SIM3
SIM4
1
21
22
SIM5
SIM1
SIM2
SIM3
SIM4
1
21
22
SIM5
SIM1
SIM2
SIM3
SIM4
1
21
22
SIM5
SIM1
SIM2
SIM3
SIM4
1
21
22
SIM5
SIM1
SIM2
SIM3
SIM4
1
21
22
SIM5
SIM1
SIM2
SIM3
SIM4
1
21
22
SIM5
SIM1
SIM2
SIM3
SIM4
1
21
22
SIM5
SIM1
SIM2
SIM3
SIM4
1
21
22
SIM5
SIM1
SIM2
SIM3
SIM4
1
21
22
SIM5
SIM1
SIM2
SIM3
SIM4
1
21
22
SIM5
SIM1
SIM2
SIM3
SIM4
1
21
22
SIM5
SIM1
SIM2
SIM3
SIM4
1
21
22
SIM5
SIM1
SIM2
SIM3
SIM4
1
21
22
SIM5
SIM1
SIM2
SIM3
SIM4
1
21
22
SIM5
SIM1
SIM2
SIM3
SIM4
1
21
22
SIM5
SIM1
SIM2
SIM3
SIM4
1
21
22
SIM5
SIM1
SIM2
SIM3
SIM4
1
21
22
SIM5
SIM1
SIM2
SIM3
SIM4
1
21
22
SIM5
SIM1
SIM2
SIM3
SIM4
1
21
22
SIM5
SIM1
SIM2
SIM3
SIM4
1
21
22
SIM5
SIM1
SIM2
SIM3
SIM4
1
21
22
SIM5
SIM1
SIM2
SIM3
SIM4
1
21
22
SIM5
SIM1
SIM2
DEBUG 1 464
SIM1
SIM2
SIM3
SIM4
1
21
22
SIM5
SIM1
SIM2
SIM3
SIM4
1
21
22
SIM5
SIM1
SIM2
SIM3
SIM4
1
21
22
SIM5
SIM1
SIM2
SIM3
SIM4
1
21
22
SIM5
SIM1
SIM2
SIM3
SIM4
1
21
22
SIM5
SIM1
SIM2
SIM3
SIM4
1
21
22
SIM5
SIM1
SIM2
SIM3
SIM4
1
21
22
SIM5
SIM1
SIM2
SIM3
SIM4
1
21
22
SIM5
SIM1
SIM2
SIM3
SIM4
1
21
22
SIM5
SIM1
SIM2
SIM3
SIM4
1
21
22
SIM5
SIM1
SIM2
SIM3
SIM4
1
21
22
SIM5
SIM1
SIM2
SIM3
SIM4
1
21
22
SIM5
SIM1
SIM2
SIM3
SIM4
1
21
22
SIM5
SIM1
SIM2
SIM3
SIM4
1
21
22
SIM5
SIM1
SIM2
SIM3
SIM4
1
21
22
SIM5
SIM1
SIM2
SIM3
SIM4
1
21
22
SIM5
SIM1
SIM2
SIM3
SIM4
1
21
22
SIM5
SIM1
SIM2
SIM3
SIM4
1
21
22
SIM5
SIM1
SIM2
SIM3
SIM4
1
21
22
SIM5
SIM1
SIM2
SIM3
SIM4
1
21
22
SIM5
SIM1
SIM2
SIM3
SIM4
1
21
22
SIM5
SIM1
SIM2
SIM3
SIM4
1
21
22
SIM5
SIM1
SIM2
SIM3
SIM4
1
21
22
SIM5
SIM1
SIM2
SIM3
SIM4
1
21
22
SIM5
SIM1
SIM2
SIM3
SIM4
1
21
22
SIM5
SIM1
SIM2
SIM3
SIM4
1
21
22
SIM5
SIM1
SIM2
SIM3
SIM4
1
21
22
SIM5
SIM1
SIM2
SIM3
SIM4
1
21
22
SIM5
SIM1
SIM2
SIM3
SIM4
1
21
22
SIM5
SIM1
SIM2
SIM3
SIM4
1
21
22
SIM5
SIM1
SIM2
SIM3
SIM4
1
21
22
SIM5
SIM1
SIM2
SIM3
SIM4
1
21
22
SIM5
SIM1
SIM2
SIM3
SIM4
1
21
22
SIM5
SIM1
SIM2
SIM3
SIM4
1
21
22
SIM5
SIM1
SIM2
SIM3
SIM4
1
21
22
SIM5
SIM1
SIM2
SIM3
SIM4
1
21
22
SIM5
SIM1
SIM2
SIM3
SIM4
1
21
22
SIM5
SIM1
SIM2
SIM3
SIM4
1
21
22
SIM5
SIM1
SIM2
SIM3
SIM4
1
21
22
SIM5
SIM1
SIM2
SIM3
SIM4
1
21
22
SIM5
SIM1
SIM2
SIM3
SIM4
1
21
22
SIM5
SIM1
SIM2
SIM3
SIM4
1
21
22
SIM5
SIM1
SIM2
SIM3
SIM4
1
21
22
SIM5
SIM1
SIM2
SIM3
SIM4
1
21
22
SIM5
SIM1
SIM2
SIM3
SIM4
1
21
22
SIM5
SIM1
SIM2
SIM3
SIM4
1
21
22
SIM5
SIM1
SIM2
SIM3
SIM4
1
21
22
SIM5
SIM1
SIM2
SIM3
SIM4
1
21
22
SIM5
SIM1
SIM2
SIM3
SIM4
1
21
22
SIM5
SIM1
SIM2
SIM3
SIM4
1
21
22
SIM5
SIM1
SIM2
SIM3
SIM4
1
21
22
SIM5
SIM1
SIM2
SIM3
SIM4
1
21
22
SIM5
SIM1
SIM2
SIM3
SIM4
1
21
22
SIM5
SIM1
SIM2
SIM3
SIM4
1
21
22
SIM5
SIM1
SIM2
SIM3
SIM4
1
21
22
SIM5
SIM1
SIM2
SIM3
SIM4
1
21
22
SIM5
SIM1
SIM2
SIM3
SIM4
1
21
22
SIM5
SIM1
SIM2
SIM3
SIM4
1
21
22
SIM5
SIM1
SIM2
SIM3
SIM4
1
21
22
SIM5
SIM1
SIM2
SIM3
SIM4
1
21
22
SIM5
SIM1
SIM2
SIM3
SIM4
1
21
22
SIM5
SIM1
SIM2
SIM3
SIM4
1
21
22
SIM5
SIM1
SIM2
SIM3
SIM4
1
21
22
SIM5
SIM1
SIM2
SIM3
SIM4
1
21
22
SIM5
SIM1
SIM2
SIM3
SIM4
1
21
22
SIM5
SIM1
SIM2
SIM3
SIM4
1
21
22
SIM5
SIM1
SIM2
SIM3
SIM4
1
21
22
SIM5
SIM1
SIM2
SIM3
SIM4
1
21
22
SIM5
SIM1
SIM2
SIM3
SIM4
1
21
22
SIM5
SIM1
SIM2
SIM3
SIM4
1
21
22
SIM5
SIM1
SIM2
SIM3
SIM4
1
21
22
SIM5
SIM1
SIM2
SIM3
SIM4
1
21
22
SIM5
SIM1
SIM2
SIM3
SIM4
1
21
22
SIM5
SIM1
SIM2
SIM3
SIM4
1
21
22
SIM5
SIM1
SIM2
SIM3
SIM4
1
21
22
SIM5
SIM1
SIM2
SIM3
SIM4
1
21
22
SIM5
SIM1
SIM2
SIM3
SIM4
1
21
22
SIM5
SIM1
SIM2
SIM3
SIM4
1
21
22
SIM5
SIM1
SIM2
SIM3
SIM4
1
21
22
SIM5
SIM1
SIM2
SIM3
SIM4
1
21
22
SIM5
SIM1
SIM2
SIM3
SIM4
1
21
22
SIM5
SIM1
SIM2
SIM3
SIM4
1
21
22
SIM5
SIM1
SIM2
SIM3
SIM4
1
21
22
SIM5
SIM1
SIM2
SIM3
SIM4
1
21
22
SIM5
SIM1
SIM2
SIM3
SIM4
1
21
22
SIM5
SIM1
SIM2
SIM3
SIM4
1
21
22
SIM5
SIM1
SIM2
SIM3
SIM4
1
21
22
SIM5
SIM1
SIM2
SIM3
SIM4
1
21
22
SIM5
SIM1
SIM2
SIM3
SIM4
1
21
22
SIM5
SIM1
SIM2
SIM3
SIM4
1
21
22
SIM5
SIM1
SIM2
SIM3
SIM4
1
21
22
SIM5
SIM1
SIM2
SIM3
SIM4
1
21
22
SIM5
SIM1
SIM2
SIM3
SIM4
1
21
22
SIM5
SIM1
SIM2
SIM3
SIM4
1
21
22
SIM5
SIM1
SIM2
SIM3
SIM4
1
21
22
SIM5
SIM1
SIM2
SIM3
SIM4
1
21
22
SIM5
SIM1
SIM2
SIM3
SIM4
1
21
22
SIM5
SIM1
SIM2
SIM3
SIM4
1
21
22
SIM5
SIM1
SIM2
SIM3
SIM4
1
21
22
SIM5
SIM1
SIM2
SIM3
SIM4
1
21
22
SIM5
SIM1
SIM2
SIM3
SIM4
1
21
22
SIM5
SIM1
SIM2
SIM3
SIM4
1
21
22
SIM5
SIM1
SIM2
SIM3
SIM4
1
21
22
SIM5
SIM1
SIM2
SIM3
SIM4
1
21
22
SIM5
SIM1
SIM2
SIM3
SIM4
1
21
22
SIM5
SIM1
SIM2
SIM3
SIM4
1
21
22
SIM5
SIM1
SIM2
SIM3
SIM4
1
21
22
SIM5
SIM1
SIM2
SIM3
SIM4
1
21
22
SIM5
SIM1
SIM2
SIM3
SIM4
1
21
22
SIM5
SIM1
SIM2
SIM3
SIM4
1
21
22
SIM5
SIM1
SIM2
SIM3
SIM4
1
21
22
SIM5
SIM1
SIM2
SIM3
SIM4
1
21
22
SIM5
SIM1
SIM2
SIM3
SIM4
1
21
22
SIM5
SIM1
SIM2
SIM3
SIM4
1
21
22
SIM5
SIM1
SIM2
SIM3
SIM4
1
21
22
SIM5
SIM1
SIM2
SIM3
SIM4
1
21
22
SIM5
SIM1
SIM2
SIM3
SIM4
1
21
22
SIM5
SIM1
SIM2
SIM3
SIM4
1
21
22
SIM5
SIM1
SIM2
SIM3
SIM4
1
21
22
SIM5
SIM1
SIM2
SIM3
SIM4
1
21
22
SIM5
SIM1
SIM2
SIM3
SIM4
1
21
22
SIM5
SIM1
SIM2
SIM3
SIM4
1
21
22
SIM5
SIM1
SIM2
SIM3
SIM4
1
21
22
SIM5
SIM1
SIM2
SIM3
SIM4
1
21
22
SIM5
SIM1
SIM2
SIM3
SIM4
1
21
22
SIM5
SIM1
SIM2
SIM3
SIM4
1
21
22
SIM5
SIM1
SIM2
SIM3
SIM4
1
21
22
SIM5
SIM1
SIM2
SIM3
SIM4
1
21
22
SIM5
SIM1
SIM2
SIM3
SIM4
1
21
22
SIM5
SIM1
SIM2
SIM3
SIM4
1
21
22
SIM5
SIM1
SIM2
SIM3
SIM4
1
21
22
SIM5
SIM1
SIM2
SIM3
SIM4
1
21
22
SIM5
SIM1
SIM2
SIM3
SIM4
1
21
22
SIM5
SIM1
SIM2
SIM3
SIM4
1
21
22
SIM5
SIM1
SIM2
SIM3
SIM4
1
21
22
SIM5
SIM1
SIM2
SIM3
SIM4
1
21
22
SIM5
SIM1
SIM2
SIM3
SIM4
1
21
22
SIM5
SIM1
SIM2
SIM3
SIM4
1
21
22
SIM5
SIM1
SIM2
SIM3
SIM4
1
21
22
SIM5
SIM1
SIM2
SIM3
SIM4
1
21
22
SIM5
SIM1
SIM2
SIM3
SIM4
1
21
22
SIM5
SIM1
SIM2
SIM3
SIM4
1
21
22
SIM5
SIM1
SIM2
SIM3
SIM4
1
21
22
SIM5
SIM1
SIM2
SIM3
SIM4
1
21
22
SIM5
SIM1
SIM2
SIM3
SIM4
1
21
22
SIM5
SIM1
SIM2
DEBUG 1 465
SIM1
SIM2
SIM3
SIM4
1
21
22
SIM5
SIM1
SIM2
SIM3
SIM4
1
21
22
SIM5
SIM1
SIM2
SIM3
SIM4
1
21
22
SIM5
SIM1
SIM2
SIM3
SIM4
1
21
22
SIM5
SIM1
SIM2
SIM3
SIM4
1
21
22
SIM5
SIM1
SIM2
SIM3
SIM4
1
21
22
SIM5
SIM1
SIM2
SIM3
SIM4
1
21
22
SIM5
SIM1
SIM2
SIM3
SIM4
1
21
22
SIM5
SIM1
SIM2
SIM3
SIM4
1
21
22
SIM5
SIM1
SIM2
SIM3
SIM4
1
21
22
SIM5
SIM1
SIM2
SIM3
SIM4
1
21
22
SIM5
SIM1
SIM2
SIM3
SIM4
1
21
22
SIM5
SIM1
SIM2
SIM3
SIM4
1
21
22
SIM5
SIM1
SIM2
SIM3
SIM4
1
21
22
SIM5
SIM1
SIM2
SIM3
SIM4
1
21
22
SIM5
SIM1
SIM2
SIM3
SIM4
1
21
22
SIM5
SIM1
SIM2
SIM3
SIM4
1
21
22
SIM5
SIM1
SIM2
SIM3
SIM4
1
21
22
SIM5
SIM1
SIM2
SIM3
SIM4
1
21
22
SIM5
SIM1
SIM2
DEBUG 1 466
SIM1
SIM2
SIM3
SIM4
1
21
22
SIM5
SIM1
SIM2
SIM3
SIM4
1
21
22
SIM5
SIM1
SIM2
SIM3
SIM4
1
21
22
SIM5
SIM1
SIM2
SIM3
SIM4
1
21
22
SIM5
SIM1
SIM2
SIM3
SIM4
1
21
22
SIM5
SIM1
SIM2
SIM3
SIM4
1
21
22
SIM5
SIM1
SIM2
SIM3
SIM4
1
21
22
SIM5
SIM1
SIM2
SIM3
SIM4
1
21
22
SIM5
SIM1
SIM2
SIM3
SIM4
1
21
22
SIM5
SIM1
SIM2
SIM3
SIM4
1
21
22
SIM5
SIM1
SIM2
SIM3
SIM4
1
21
22
SIM5
SIM1
SIM2
SIM3
SIM4
1
21
22
SIM5
SIM1
SIM2
SIM3
SIM4
1
21
22
SIM5
SIM1
SIM2
SIM3
SIM4
1
21
22
SIM5
SIM1
SIM2
SIM3
SIM4
1
21
22
SIM5
SIM1
SIM2
SIM3
SIM4
1
21
22
SIM5
SIM1
SIM2
SIM3
SIM4
1
21
22
SIM5
SIM1
SIM2
SIM3
SIM4
1
21
22
SIM5
SIM1
SIM2
SIM3
SIM4
1
21
22
SIM5
SIM1
SIM2
SIM3
SIM4
1
21
22
SIM5
SIM1
SIM2
SIM3
SIM4
1
21
22
SIM5
SIM1
SIM2
SIM3
SIM4
1
21
22
SIM5
SIM1
SIM2
SIM3
SIM4
1
21
22
SIM5
SIM1
SIM2
SIM3
SIM4
1
21
22
SIM5
SIM1
SIM2
SIM3
SIM4
1
21
22
SIM5
SIM1
SIM2
SIM3
SIM4
1
21
22
SIM5
SIM1
SIM2
SIM3
SIM4
1
21
22
SIM5
SIM1
SIM2
SIM3
SIM4
1
21
22
SIM5
SIM1
SIM2
SIM3
SIM4
1
21
22
SIM5
SIM1
SIM2
SIM3
SIM4
1
21
22
SIM5
SIM1
SIM2
SIM3
SIM4
1
21
22
SIM5
SIM1
SIM2
SIM3
SIM4
1
21
22
SIM5
SIM1
SIM2
SIM3
SIM4
1
21
22
SIM5
SIM1
SIM2
SIM3
SIM4
1
21
22
SIM5
SIM1
SIM2
SIM3
SIM4
1
21
22
SIM5
SIM1
SIM2
SIM3
SIM4
1
21
22
SIM5
SIM1
SIM2
SIM3
SIM4
1
21
22
SIM5
SIM1
SIM2
SIM3
SIM4
1
21
22
SIM5
SIM1
SIM2
SIM3
SIM4
1
21
22
SIM5
SIM1
SIM2
SIM3
SIM4
1
21
22
SIM5
SIM1
SIM2
SIM3
SIM4
1
21
22
SIM5
SIM1
SIM2
SIM3
SIM4
1
21
22
SIM5
SIM1
SIM2
SIM3
SIM4
1
21
22
SIM5
SIM1
SIM2
SIM3
SIM4
1
21
22
SIM5
SIM1
SIM2
SIM3
SIM4
1
21
22
SIM5
SIM1
SIM2
SIM3
SIM4
1
21
22
SIM5
SIM1
SIM2
SIM3
SIM4
1
21
22
SIM5
SIM1
SIM2
SIM3
SIM4
1
21
22
SIM5
SIM1
SIM2
SIM3
SIM4
1
21
22
SIM5
SIM1
SIM2
SIM3
SIM4
1
21
22
SIM5
SIM1
SIM2
SIM3
SIM4
1
21
22
SIM5
SIM1
SIM2
SIM3
SIM4
1
21
22
SIM5
SIM1
SIM2
SIM3
SIM4
1
21
22
SIM5
SIM1
SIM2
SIM3
SIM4
1
21
22
SIM5
SIM1
SIM2
SIM3
SIM4
1
21
22
SIM5
SIM1
SIM2
SIM3
SIM4
1
21
22
SIM5
SIM1
SIM2
SIM3
SIM4
1
21
22
SIM5
SIM1
SIM2
SIM3
SIM4
1
21
22
SIM5
SIM1
SIM2
SIM3
SIM4
1
21
22
SIM5
SIM1
SIM2
SIM3
SIM4
1
21
22
SIM5
SIM1
SIM2
SIM3
SIM4
1
21
22
SIM5
SIM1
SIM2
SIM3
SIM4
1
21
22
SIM5
SIM1
SIM2
SIM3
SIM4
1
21
22
SIM5
SIM1
SIM2
SIM3
SIM4
1
21
22
SIM5
SIM1
SIM2
SIM3
SIM4
1
21
22
SIM5
SIM1
SIM2
SIM3
SIM4
1
21
22
SIM5
SIM1
SIM2
SIM3
SIM4
1
21
22
SIM5
SIM1
SIM2
SIM3
SIM4
1
21
22
SIM5
SIM1
SIM2
SIM3
SIM4
1
21
22
SIM5
SIM1
SIM2
SIM3
SIM4
1
21
22
SIM5
SIM1
SIM2
SIM3
SIM4
1
21
22
SIM5
SIM1
SIM2
SIM3
SIM4
1
21
22
SIM5
SIM1
SIM2
SIM3
SIM4
1
21
22
SIM5
SIM1
SIM2
SIM3
SIM4
1
21
22
SIM5
SIM1
SIM2
SIM3
SIM4
1
21
22
SIM5
SIM1
SIM2
SIM3
SIM4
1
21
22
SIM5
SIM1
SIM2
SIM3
SIM4
1
21
22
SIM5
SIM1
SIM2
SIM3
SIM4
1
21
22
SIM5
SIM1
SIM2
SIM3
SIM4
1
21
22
SIM5
SIM1
SIM2
SIM3
SIM4
1
21
22
SIM5
SIM1
SIM2
SIM3
SIM4
1
21
22
SIM5
SIM1
SIM2
SIM3
SIM4
1
21
22
SIM5
SIM1
SIM2
SIM3
SIM4
1
21
22
SIM5
SIM1
SIM2
SIM3
SIM4
1
21
22
SIM5
SIM1
SIM2
SIM3
SIM4
1
21
22
SIM5
SIM1
SIM2
SIM3
SIM4
1
21
22
SIM5
SIM1
SIM2
SIM3
SIM4
1
21
22
SIM5
SIM1
SIM2
SIM3
SIM4
1
21
22
SIM5
SIM1
SIM2
SIM3
SIM4
1
21
22
SIM5
SIM1
SIM2
SIM3
SIM4
1
21
22
SIM5
SIM1
SIM2
SIM3
SIM4
1
21
22
SIM5
SIM1
SIM2
SIM3
SIM4
1
21
22
SIM5
SIM1
SIM2
SIM3
SIM4
1
21
22
SIM5
SIM1
SIM2
SIM3
SIM4
1
21
22
SIM5
SIM1
SIM2
SIM3
SIM4
1
21
22
SIM5
SIM1
SIM2
SIM3
SIM4
1
21
22
SIM5
SIM1
SIM2
SIM3
SIM4
1
21
22
SIM5
SIM1
SIM2
SIM3
SIM4
1
21
22
SIM5
SIM1
SIM2
SIM3
SIM4
1
21
22
SIM5
SIM1
SIM2
SIM3
SIM4
1
21
22
SIM5
SIM1
SIM2
SIM3
SIM4
1
21
22
SIM5
SIM1
SIM2
SIM3
SIM4
1
21
22
SIM5
SIM1
SIM2
SIM3
SIM4
1
21
22
SIM5
SIM1
SIM2
SIM3
SIM4
1
21
22
SIM5
SIM1
SIM2
SIM3
SIM4
1
21
22
SIM5
SIM1
SIM2
SIM3
SIM4
1
21
22
SIM5
SIM1
SIM2
SIM3
SIM4
1
21
22
SIM5
SIM1
SIM2
SIM3
SIM4
1
21
22
SIM5
SIM1
SIM2
SIM3
SIM4
1
21
22
SIM5
SIM1
SIM2
SIM3
SIM4
1
21
22
SIM5
SIM1
SIM2
SIM3
SIM4
1
21
22
SIM5
SIM1
SIM2
SIM3
SIM4
1
21
22
SIM5
SIM1
SIM2
SIM3
SIM4
1
21
22
SIM5
SIM1
SIM2
SIM3
SIM4
1
21
22
SIM5
SIM1
SIM2
SIM3
SIM4
1
21
22
SIM5
SIM1
SIM2
SIM3
SIM4
1
21
22
SIM5
SIM1
SIM2
SIM3
SIM4
1
21
22
SIM5
SIM1
SIM2
SIM3
SIM4
1
21
22
SIM5
SIM1
SIM2
SIM3
SIM4
1
21
22
SIM5
SIM1
SIM2
SIM3
SIM4
1
21
22
SIM5
SIM1
SIM2
SIM3
SIM4
1
21
22
SIM5
SIM1
SIM2
SIM3
SIM4
1
21
22
SIM5
SIM1
SIM2
SIM3
SIM4
1
21
22
SIM5
SIM1
SIM2
SIM3
SIM4
1
21
22
SIM5
SIM1
SIM2
SIM3
SIM4
1
21
22
SIM5
SIM1
SIM2
SIM3
SIM4
1
21
22
SIM5
SIM1
SIM2
SIM3
SIM4
1
21
22
SIM5
SIM1
SIM2
SIM3
SIM4
1
21
22
SIM5
SIM1
SIM2
SIM3
SIM4
1
21
22
SIM5
SIM1
SIM2
SIM3
SIM4
1
21
22
SIM5
SIM1
SIM2
SIM3
SIM4
1
21
22
SIM5
SIM1
SIM2
SIM3
SIM4
1
21
22
SIM5
SIM1
SIM2
SIM3
SIM4
1
21
22
SIM5
SIM1
SIM2
SIM3
SIM4
1
21
22
SIM5
SIM1
SIM2
SIM3
SIM4
1
21
22
SIM5
SIM1
SIM2
SIM3
SIM4
1
21
22
SIM5
SIM1
SIM2
SIM3
SIM4
1
21
22
SIM5
SIM1
SIM2
SIM3
SIM4
1
21
22
SIM5
SIM1
SIM2
SIM3
SIM4
1
21
22
SIM5
SIM1
SIM2
SIM3
SIM4
1
21
22
SIM5
SIM1
SIM2
SIM3
SIM4
1
21
22
SIM5
SIM1
SIM2
SIM3
SIM4
1
21
22
SIM5
SIM1
SIM2
SIM3
SIM4
1
21
22
SIM5
SIM1
SIM2
SIM3
SIM4
1
21
22
SIM5
SIM1
SIM2
SIM3
SIM4
1
21
22
SIM5
SIM1
SIM2
SIM3
SIM4
1
21
22
SIM5
SIM1
SIM2
SIM3
SIM4
1
21
22
SIM5
SIM1
SIM2
SIM3
SIM4
1
21
22
SIM5
SIM1
SIM2
SIM3
SIM4
1
21
22
SIM5
SIM1
SIM2
SIM3
SIM4
1
21
22
SIM5
SIM1
SIM2
SIM3
SIM4
1
21
22
SIM5
SIM1
SIM2
SIM3
SIM4
1
21
22
SIM5
SIM1
SIM2
SIM3
SIM4
1
21
22
SIM5
SIM1
SIM2
SIM3
SIM4
1
21
22
SIM5
SIM1
SIM2
SIM3
SIM4
1
21
22
SIM5
SIM1
SIM2
SIM3
SIM4
1
21
22
SIM5
SIM1
SIM2
SIM3
SIM4
1
21
22
SIM5
SIM1
SIM2
SIM3
SIM4
1
21
22
SIM5
SIM1
SIM2
SIM3
SIM4
1
21
22
SIM5
SIM1
SIM2
SIM3
SIM4
1
21
22
SIM5
SIM1
SIM2
SIM3
SIM4
1
21
22
SIM5
SIM1
SIM2
SIM3
SIM4
1
21
22
SIM5
SIM1
SIM2
SIM3
SIM4
1
21
22
SIM5
SIM1
SIM2
SIM3
SIM4
1
21
22
SIM5
SIM1
SIM2
SIM3
SIM4
1
21
22
SIM5
SIM1
SIM2
SIM3
SIM4
1
21
22
SIM5
SIM1
SIM2
SIM3
SIM4
1
21
22
SIM5
SIM1
SIM2
SIM3
SIM4
1
21
22
SIM5
SIM1
SIM2
SIM3
SIM4
1
21
22
SIM5
SIM1
SIM2
SIM3
SIM4
1
21
22
SIM5
SIM1
SIM2
SIM3
SIM4
1
21
22
SIM5
SIM1
SIM2
SIM3
SIM4
1
21
22
SIM5
SIM1
SIM2
SIM3
SIM4
1
21
22
SIM5
SIM1
SIM2
SIM3
SIM4
1
21
22
SIM5
SIM1
SIM2
SIM3
SIM4
1
21
22
SIM5
SIM1
SIM2
SIM3
SIM4
1
21
22
SIM5
SIM1
SIM2
SIM3
SIM4
1
21
22
SIM5
SIM1
SIM2
SIM3
SIM4
1
21
22
SIM5
SIM1
SIM2
SIM3
SIM4
1
21
22
SIM5
SIM1
SIM2
SIM3
SIM4
1
21
22
SIM5
SIM1
SIM2
SIM3
SIM4
1
21
22
SIM5
SIM1
SIM2
SIM3
SIM4
1
21
22
SIM5
SIM1
SIM2
SIM3
SIM4
1
21
22
SIM5
SIM1
SIM2
SIM3
SIM4
1
21
22
SIM5
SIM1
SIM2
SIM3
SIM4
1
21
22
SIM5
SIM1
SIM2
SIM3
SIM4
1
21
22
SIM5
SIM1
SIM2
SIM3
SIM4
1
21
22
SIM5
SIM1
SIM2
SIM3
SIM4
1
21
22
SIM5
SIM1
SIM2
SIM3
SIM4
1
21
22
SIM5
SIM1
SIM2
SIM3
SIM4
1
21
22
SIM5
SIM1
SIM2
SIM3
SIM4
1
21
22
SIM5
SIM1
SIM2
SIM3
SIM4
1
21
22
SIM5
SIM1
SIM2
SIM3
SIM4
1
21
22
SIM5
SIM1
SIM2
SIM3
SIM4
1
21
22
SIM5
SIM1
SIM2
SIM3
SIM4
1
21
22
SIM5
SIM1
SIM2
DEBUG 1 467
SIM1
SIM2
SIM3
SIM4
1
21
22
SIM5
SIM1
SIM2
SIM3
SIM4
1
21
22
SIM5
SIM1
SIM2
SIM3
SIM4
1
21
22
SIM5
SIM1
SIM2
SIM3
SIM4
1
21
22
SIM5
SIM1
SIM2
SIM3
SIM4
1
21
22
SIM5
SIM1
SIM2
SIM3
SIM4
1
21
22
SIM5
SIM1
SIM2
SIM3
SIM4
1
21
22
SIM5
SIM1
SIM2
SIM3
SIM4
1
21
22
SIM5
SIM1
SIM2
SIM3
SIM4
1
21
22
SIM5
SIM1
SIM2
SIM3
SIM4
1
21
22
SIM5
SIM1
SIM2
SIM3
SIM4
1
21
22
SIM5
SIM1
SIM2
SIM3
SIM4
1
21
22
SIM5
SIM1
SIM2
SIM3
SIM4
1
21
22
SIM5
SIM1
SIM2
SIM3
SIM4
1
21
22
SIM5
SIM1
SIM2
SIM3
SIM4
1
21
22
SIM5
SIM1
SIM2
SIM3
SIM4
1
21
22
SIM5
SIM1
SIM2
SIM3
SIM4
1
21
22
SIM5
SIM1
SIM2
SIM3
SIM4
1
21
22
SIM5
SIM1
SIM2
SIM3
SIM4
1
21
22
SIM5
SIM1
SIM2
SIM3
SIM4
1
21
22
SIM5
SIM1
SIM2
SIM3
SIM4
1
21
22
SIM5
SIM1
SIM2
SIM3
SIM4
1
21
22
SIM5
SIM1
SIM2
SIM3
SIM4
1
21
22
SIM5
SIM1
SIM2
SIM3
SIM4
1
21
22
SIM5
SIM1
SIM2
SIM3
SIM4
1
21
22
SIM5
SIM1
SIM2
SIM3
SIM4
1
21
22
SIM5
SIM1
SIM2
SIM3
SIM4
1
21
22
SIM5
SIM1
SIM2
SIM3
SIM4
1
21
22
SIM5
SIM1
SIM2
SIM3
SIM4
1
21
22
SIM5
SIM1
SIM2
SIM3
SIM4
1
21
22
SIM5
SIM1
SIM2
SIM3
SIM4
1
21
22
SIM5
SIM1
SIM2
SIM3
SIM4
1
21
22
SIM5
SIM1
SIM2
SIM3
SIM4
1
21
22
SIM5
SIM1
SIM2
SIM3
SIM4
1
21
22
SIM5
SIM1
SIM2
SIM3
SIM4
1
21
22
SIM5
SIM1
SIM2
SIM3
SIM4
1
21
22
SIM5
SIM1
SIM2
SIM3
SIM4
1
21
22
SIM5
SIM1
SIM2
SIM3
SIM4
1
21
22
SIM5
SIM1
SIM2
SIM3
SIM4
1
21
22
SIM5
SIM1
SIM2
SIM3
SIM4
1
21
22
SIM5
SIM1
SIM2
SIM3
SIM4
1
21
22
SIM5
SIM1
SIM2
SIM3
SIM4
1
21
22
SIM5
SIM1
SIM2
SIM3
SIM4
1
21
22
SIM5
SIM1
SIM2
SIM3
SIM4
1
21
22
SIM5
SIM1
SIM2
SIM3
SIM4
1
21
22
SIM5
SIM1
SIM2
SIM3
SIM4
1
21
22
SIM5
SIM1
SIM2
SIM3
SIM4
1
21
22
SIM5
SIM1
SIM2
SIM3
SIM4
1
21
22
SIM5
SIM1
SIM2
SIM3
SIM4
1
21
22
SIM5
SIM1
SIM2
SIM3
SIM4
1
21
22
SIM5
SIM1
SIM2
SIM3
SIM4
1
21
22
SIM5
SIM1
SIM2
SIM3
SIM4
1
21
22
SIM5
SIM1
SIM2
SIM3
SIM4
1
21
22
SIM5
SIM1
SIM2
SIM3
SIM4
1
21
22
SIM5
SIM1
SIM2
SIM3
SIM4
1
21
22
SIM5
SIM1
SIM2
SIM3
SIM4
1
21
22
SIM5
SIM1
SIM2
SIM3
SIM4
1
21
22
SIM5
SIM1
SIM2
SIM3
SIM4
1
21
22
SIM5
SIM1
SIM2
SIM3
SIM4
1
21
22
SIM5
SIM1
SIM2
SIM3
SIM4
1
21
22
SIM5
SIM1
SIM2
SIM3
SIM4
1
21
22
SIM5
SIM1
SIM2
SIM3
SIM4
1
21
22
SIM5
SIM1
SIM2
SIM3
SIM4
1
21
22
SIM5
SIM1
SIM2
SIM3
SIM4
1
21
22
SIM5
SIM1
SIM2
SIM3
SIM4
1
21
22
SIM5
SIM1
SIM2
SIM3
SIM4
1
21
22
SIM5
SIM1
SIM2
SIM3
SIM4
1
21
22
SIM5
SIM1
SIM2
SIM3
SIM4
1
21
22
SIM5
SIM1
SIM2
SIM3
SIM4
1
21
22
SIM5
SIM1
SIM2
SIM3
SIM4
1
21
22
SIM5
SIM1
SIM2
SIM3
SIM4
1
21
22
SIM5
SIM1
SIM2
SIM3
SIM4
1
21
22
SIM5
SIM1
SIM2
SIM3
SIM4
1
21
22
SIM5
SIM1
SIM2
SIM3
SIM4
1
21
22
SIM5
SIM1
SIM2
SIM3
SIM4
1
21
22
SIM5
SIM1
SIM2
SIM3
SIM4
1
21
22
SIM5
SIM1
SIM2
SIM3
SIM4
1
21
22
SIM5
SIM1
SIM2
SIM3
SIM4
1
21
22
SIM5
SIM1
SIM2
SIM3
SIM4
1
21
22
SIM5
SIM1
SIM2
SIM3
SIM4
1
21
22
SIM5
SIM1
SIM2
SIM3
SIM4
1
21
22
SIM5
SIM1
SIM2
SIM3
SIM4
1
21
22
SIM5
SIM1
SIM2
SIM3
SIM4
1
21
22
SIM5
SIM1
SIM2
SIM3
SIM4
1
21
22
SIM5
SIM1
SIM2
SIM3
SIM4
1
21
22
SIM5
SIM1
SIM2
SIM3
SIM4
1
21
22
SIM5
SIM1
SIM2
SIM3
SIM4
1
21
22
SIM5
SIM1
SIM2
SIM3
SIM4
1
21
22
SIM5
SIM1
SIM2
SIM3
SIM4
1
21
22
SIM5
SIM1
SIM2
SIM3
SIM4
1
21
22
SIM5
SIM1
SIM2
SIM3
SIM4
1
21
22
SIM5
SIM1
SIM2
SIM3
SIM4
1
21
22
SIM5
SIM1
SIM2
SIM3
SIM4
1
21
22
SIM5
SIM1
SIM2
SIM3
SIM4
1
21
22
SIM5
SIM1
SIM2
SIM3
SIM4
1
21
22
SIM5
SIM1
SIM2
SIM3
SIM4
1
21
22
SIM5
SIM1
SIM2
SIM3
SIM4
1
21
22
SIM5
SIM1
SIM2
SIM3
SIM4
1
21
22
SIM5
SIM1
SIM2
SIM3
SIM4
1
21
22
SIM5
SIM1
SIM2
SIM3
SIM4
1
21
22
SIM5
SIM1
SIM2
SIM3
SIM4
1
21
22
SIM5
SIM1
SIM2
SIM3
SIM4
1
21
22
SIM5
SIM1
SIM2
SIM3
SIM4
1
21
22
SIM5
SIM1
SIM2
SIM3
SIM4
1
21
22
SIM5
SIM1
SIM2
SIM3
SIM4
1
21
22
SIM5
SIM1
SIM2
SIM3
SIM4
1
21
22
SIM5
SIM1
SIM2
SIM3
SIM4
1
21
22
SIM5
SIM1
SIM2
SIM3
SIM4
1
21
22
SIM5
SIM1
SIM2
SIM3
SIM4
1
21
22
SIM5
SIM1
SIM2
SIM3
SIM4
1
21
22
SIM5
SIM1
SIM2
SIM3
SIM4
1
21
22
SIM5
SIM1
SIM2
SIM3
SIM4
1
21
22
SIM5
SIM1
SIM2
SIM3
SIM4
1
21
22
SIM5
SIM1
SIM2
SIM3
SIM4
1
21
22
SIM5
SIM1
SIM2
SIM3
SIM4
1
21
22
SIM5
SIM1
SIM2
SIM3
SIM4
1
21
22
SIM5
SIM1
SIM2
SIM3
SIM4
1
21
22
SIM5
SIM1
SIM2
SIM3
SIM4
1
21
22
SIM5
SIM1
SIM2
SIM3
SIM4
1
21
22
SIM5
SIM1
SIM2
SIM3
SIM4
1
21
22
SIM5
SIM1
SIM2
SIM3
SIM4
1
21
22
SIM5
SIM1
SIM2
SIM3
SIM4
1
21
22
SIM5
SIM1
SIM2
SIM3
SIM4
1
21
22
SIM5
SIM1
SIM2
SIM3
SIM4
1
21
22
SIM5
SIM1
SIM2
SIM3
SIM4
1
21
22
SIM5
SIM1
SIM2
SIM3
SIM4
1
21
22
SIM5
SIM1
SIM2
SIM3
SIM4
1
21
22
SIM5
SIM1
SIM2
SIM3
SIM4
1
21
22
SIM5
SIM1
SIM2
SIM3
SIM4
1
21
22
SIM5
SIM1
SIM2
SIM3
SIM4
1
21
22
SIM5
SIM1
SIM2
SIM3
SIM4
1
21
22
SIM5
SIM1
SIM2
SIM3
SIM4
1
21
22
SIM5
SIM1
SIM2
SIM3
SIM4
1
21
22
SIM5
SIM1
SIM2
SIM3
SIM4
1
21
22
SIM5
SIM1
SIM2
SIM3
SIM4
1
21
22
SIM5
SIM1
SIM2
SIM3
SIM4
1
21
22
SIM5
SIM1
SIM2
SIM3
SIM4
1
21
22
SIM5
SIM1
SIM2
SIM3
SIM4
1
21
22
SIM5
SIM1
SIM2
SIM3
SIM4
1
21
22
SIM5
SIM1
SIM2
SIM3
SIM4
1
21
22
SIM5
SIM1
SIM2
SIM3
SIM4
1
21
22
SIM5
SIM1
SIM2
SIM3
SIM4
1
21
22
SIM5
SIM1
SIM2
SIM3
SIM4
1
21
22
SIM5
SIM1
SIM2
SIM3
SIM4
1
21
22
SIM5
SIM1
SIM2
SIM3
SIM4
1
21
22
SIM5
SIM1
SIM2
SIM3
SIM4
1
21
22
SIM5
SIM1
SIM2
SIM3
SIM4
1
21
22
SIM5
SIM1
SIM2
SIM3
SIM4
1
21
22
SIM5
SIM1
SIM2
SIM3
SIM4
1
21
22
SIM5
SIM1
SIM2
SIM3
SIM4
1
21
22
SIM5
SIM1
SIM2
SIM3
SIM4
1
21
22
SIM5
SIM1
SIM2
SIM3
SIM4
1
21
22
SIM5
SIM1
SIM2
SIM3
SIM4
1
21
22
SIM5
SIM1
SIM2
SIM3
SIM4
1
21
22
SIM5
SIM1
SIM2
SIM3
SIM4
1
21
22
SIM5
SIM1
SIM2
SIM3
SIM4
1
21
22
SIM5
SIM1
SIM2
SIM3
SIM4
1
21
22
SIM5
SIM1
SIM2
SIM3
SIM4
1
21
22
SIM5
SIM1
SIM2
SIM3
SIM4
1
21
22
SIM5
SIM1
SIM2
SIM3
SIM4
1
21
22
SIM5
SIM1
SIM2
SIM3
SIM4
1
21
22
SIM5
SIM1
SIM2
SIM3
SIM4
1
21
22
SIM5
SIM1
SIM2
SIM3
SIM4
1
21
22
SIM5
SIM1
SIM2
SIM3
SIM4
1
21
22
SIM5
SIM1
SIM2
SIM3
SIM4
1
21
22
SIM5
SIM1
SIM2
SIM3
SIM4
1
21
22
SIM5
SIM1
SIM2
SIM3
SIM4
1
21
22
SIM5
SIM1
SIM2
SIM3
SIM4
1
21
22
SIM5
SIM1
SIM2
SIM3
SIM4
1
21
22
SIM5
SIM1
SIM2
SIM3
SIM4
1
21
22
SIM5
SIM1
SIM2
SIM3
SIM4
1
21
22
SIM5
SIM1
SIM2
SIM3
SIM4
1
21
22
SIM5
SIM1
SIM2
SIM3
SIM4
1
21
22
SIM5
SIM1
SIM2
SIM3
SIM4
1
21
22
SIM5
SIM1
SIM2
SIM3
SIM4
1
21
22
SIM5
SIM1
SIM2
SIM3
SIM4
1
21
22
SIM5
SIM1
SIM2
SIM3
SIM4
1
21
22
SIM5
SIM1
SIM2
SIM3
SIM4
1
21
22
SIM5
SIM1
SIM2
SIM3
SIM4
1
21
22
SIM5
SIM1
SIM2
SIM3
SIM4
1
21
22
SIM5
SIM1
SIM2
SIM3
SIM4
1
21
22
SIM5
SIM1
SIM2
SIM3
SIM4
1
21
22
SIM5
SIM1
SIM2
SIM3
SIM4
1
21
22
SIM5
SIM1
SIM2
SIM3
SIM4
1
21
22
SIM5
SIM1
SIM2
SIM3
SIM4
1
21
22
SIM5
SIM1
SIM2
SIM3
SIM4
1
21
22
SIM5
SIM1
SIM2
SIM3
SIM4
1
21
22
SIM5
SIM1
SIM2
SIM3
SIM4
1
21
22
SIM5
SIM1
SIM2
SIM3
SIM4
1
21
22
SIM5
SIM1
SIM2
SIM3
SIM4
1
21
22
SIM5
SIM1
SIM2
SIM3
SIM4
1
21
22
SIM5
SIM1
SIM2
SIM3
SIM4
1
21
22
SIM5
SIM1
SIM2
SIM3
SIM4
1
21
22
SIM5
SIM1
SIM2
SIM3
SIM4
1
21
22
SIM5
SIM1
SIM2
SIM3
SIM4
1
21
22
SIM5
SIM1
SIM2
SIM3
SIM4
1
21
22
SIM5
SIM1
SIM2
DEBUG 1 468
SIM1
SIM2
SIM3
SIM4
1
21
22
SIM5
SIM1
SIM2
SIM3
SIM4
1
21
22
SIM5
SIM1
SIM2
SIM3
SIM4
1
21
22
SIM5
SIM1
SIM2
SIM3
SIM4
1
21
22
SIM5
SIM1
SIM2
SIM3
SIM4
1
21
22
SIM5
SIM1
SIM2
SIM3
SIM4
1
21
22
SIM5
SIM1
SIM2
SIM3
SIM4
1
21
22
SIM5
SIM1
SIM2
SIM3
SIM4
1
21
22
SIM5
SIM1
SIM2
SIM3
SIM4
1
21
22
SIM5
SIM1
SIM2
SIM3
SIM4
1
21
22
SIM5
SIM1
SIM2
SIM3
SIM4
1
21
22
SIM5
SIM1
SIM2
SIM3
SIM4
1
21
22
SIM5
SIM1
SIM2
SIM3
SIM4
1
21
22
SIM5
SIM1
SIM2
SIM3
SIM4
1
21
22
SIM5
SIM1
SIM2
SIM3
SIM4
1
21
22
SIM5
SIM1
SIM2
SIM3
SIM4
1
21
22
SIM5
SIM1
SIM2
SIM3
SIM4
1
21
22
SIM5
SIM1
SIM2
SIM3
SIM4
1
21
22
SIM5
SIM1
SIM2
SIM3
SIM4
1
21
22
SIM5
SIM1
SIM2
SIM3
SIM4
1
21
22
SIM5
SIM1
SIM2
SIM3
SIM4
1
21
22
SIM5
SIM1
SIM2
SIM3
SIM4
1
21
22
SIM5
SIM1
SIM2
SIM3
SIM4
1
21
22
SIM5
SIM1
SIM2
SIM3
SIM4
1
21
22
SIM5
SIM1
SIM2
SIM3
SIM4
1
21
22
SIM5
SIM1
SIM2
SIM3
SIM4
1
21
22
SIM5
SIM1
SIM2
SIM3
SIM4
1
21
22
SIM5
SIM1
SIM2
SIM3
SIM4
1
21
22
SIM5
SIM1
SIM2
SIM3
SIM4
1
21
22
SIM5
SIM1
SIM2
SIM3
SIM4
1
21
22
SIM5
SIM1
SIM2
SIM3
SIM4
1
21
22
SIM5
SIM1
SIM2
SIM3
SIM4
1
21
22
SIM5
SIM1
SIM2
SIM3
SIM4
1
21
22
SIM5
SIM1
SIM2
SIM3
SIM4
1
21
22
SIM5
SIM1
SIM2
SIM3
SIM4
1
21
22
SIM5
SIM1
SIM2
SIM3
SIM4
1
21
22
SIM5
SIM1
SIM2
SIM3
SIM4
1
21
22
SIM5
SIM1
SIM2
SIM3
SIM4
1
21
22
SIM5
SIM1
SIM2
SIM3
SIM4
1
21
22
SIM5
SIM1
SIM2
SIM3
SIM4
1
21
22
SIM5
SIM1
SIM2
SIM3
SIM4
1
21
22
SIM5
SIM1
SIM2
SIM3
SIM4
1
21
22
SIM5
SIM1
SIM2
SIM3
SIM4
1
21
22
SIM5
SIM1
SIM2
SIM3
SIM4
1
21
22
SIM5
SIM1
SIM2
SIM3
SIM4
1
21
22
SIM5
SIM1
SIM2
SIM3
SIM4
1
21
22
SIM5
SIM1
SIM2
SIM3
SIM4
1
21
22
SIM5
SIM1
SIM2
SIM3
SIM4
1
21
22
SIM5
SIM1
SIM2
SIM3
SIM4
1
21
22
SIM5
SIM1
SIM2
SIM3
SIM4
1
21
22
SIM5
SIM1
SIM2
SIM3
SIM4
1
21
22
SIM5
SIM1
SIM2
SIM3
SIM4
1
21
22
SIM5
SIM1
SIM2
SIM3
SIM4
1
21
22
SIM5
SIM1
SIM2
SIM3
SIM4
1
21
22
SIM5
SIM1
SIM2
SIM3
SIM4
1
21
22
SIM5
SIM1
SIM2
SIM3
SIM4
1
21
22
SIM5
SIM1
SIM2
SIM3
SIM4
1
21
22
SIM5
SIM1
SIM2
SIM3
SIM4
1
21
22
SIM5
SIM1
SIM2
SIM3
SIM4
1
21
22
SIM5
SIM1
SIM2
SIM3
SIM4
1
21
22
SIM5
SIM1
SIM2
SIM3
SIM4
1
21
22
SIM5
SIM1
SIM2
SIM3
SIM4
1
21
22
SIM5
SIM1
SIM2
SIM3
SIM4
1
21
22
SIM5
SIM1
SIM2
SIM3
SIM4
1
21
22
SIM5
SIM1
SIM2
SIM3
SIM4
1
21
22
SIM5
SIM1
SIM2
SIM3
SIM4
1
21
22
SIM5
SIM1
SIM2
SIM3
SIM4
1
21
22
SIM5
SIM1
SIM2
SIM3
SIM4
1
21
22
SIM5
SIM1
SIM2
SIM3
SIM4
1
21
22
SIM5
SIM1
SIM2
SIM3
SIM4
1
21
22
SIM5
SIM1
SIM2
SIM3
SIM4
1
21
22
SIM5
SIM1
SIM2
SIM3
SIM4
1
21
22
SIM5
SIM1
SIM2
SIM3
SIM4
1
21
22
SIM5
SIM1
SIM2
SIM3
SIM4
1
21
22
SIM5
SIM1
SIM2
SIM3
SIM4
1
21
22
SIM5
SIM1
SIM2
SIM3
SIM4
1
21
22
SIM5
SIM1
SIM2
SIM3
SIM4
1
21
22
SIM5
SIM1
SIM2
SIM3
SIM4
1
21
22
SIM5
SIM1
SIM2
SIM3
SIM4
1
21
22
SIM5
SIM1
SIM2
SIM3
SIM4
1
21
22
SIM5
SIM1
SIM2
SIM3
SIM4
1
21
22
SIM5
SIM1
SIM2
SIM3
SIM4
1
21
22
SIM5
SIM1
SIM2
SIM3
SIM4
1
21
22
SIM5
SIM1
SIM2
SIM3
SIM4
1
21
22
SIM5
SIM1
SIM2
SIM3
SIM4
1
21
22
SIM5
SIM1
SIM2
SIM3
SIM4
1
21
22
SIM5
SIM1
SIM2
SIM3
SIM4
1
21
22
SIM5
SIM1
SIM2
SIM3
SIM4
1
21
22
SIM5
SIM1
SIM2
SIM3
SIM4
1
21
22
SIM5
SIM1
SIM2
SIM3
SIM4
1
21
22
SIM5
SIM1
SIM2
SIM3
SIM4
1
21
22
SIM5
SIM1
SIM2
SIM3
SIM4
1
21
22
SIM5
SIM1
SIM2
SIM3
SIM4
1
21
22
SIM5
SIM1
SIM2
SIM3
SIM4
1
21
22
SIM5
SIM1
SIM2
SIM3
SIM4
1
21
22
SIM5
SIM1
SIM2
SIM3
SIM4
1
21
22
SIM5
SIM1
SIM2
SIM3
SIM4
1
21
22
SIM5
SIM1
SIM2
SIM3
SIM4
1
21
22
SIM5
SIM1
SIM2
SIM3
SIM4
1
21
22
SIM5
SIM1
SIM2
SIM3
SIM4
1
21
22
SIM5
SIM1
SIM2
SIM3
SIM4
1
21
22
SIM5
SIM1
SIM2
SIM3
SIM4
1
21
22
SIM5
SIM1
SIM2
SIM3
SIM4
1
21
22
SIM5
SIM1
SIM2
SIM3
SIM4
1
21
22
SIM5
SIM1
SIM2
SIM3
SIM4
1
21
22
SIM5
SIM1
SIM2
SIM3
SIM4
1
21
22
SIM5
SIM1
SIM2
SIM3
SIM4
1
21
22
SIM5
SIM1
SIM2
SIM3
SIM4
1
21
22
SIM5
SIM1
SIM2
SIM3
SIM4
1
21
22
SIM5
SIM1
SIM2
SIM3
SIM4
1
21
22
SIM5
SIM1
SIM2
SIM3
SIM4
1
21
22
SIM5
SIM1
SIM2
SIM3
SIM4
1
21
22
SIM5
SIM1
SIM2
SIM3
SIM4
1
21
22
SIM5
SIM1
SIM2
SIM3
SIM4
1
21
22
SIM5
SIM1
SIM2
SIM3
SIM4
1
21
22
SIM5
SIM1
SIM2
SIM3
SIM4
1
21
22
SIM5
SIM1
SIM2
SIM3
SIM4
1
21
22
SIM5
SIM1
SIM2
SIM3
SIM4
1
21
22
SIM5
SIM1
SIM2
SIM3
SIM4
1
21
22
SIM5
SIM1
SIM2
SIM3
SIM4
1
21
22
SIM5
SIM1
SIM2
SIM3
SIM4
1
21
22
SIM5
SIM1
SIM2
SIM3
SIM4
1
21
22
SIM5
SIM1
SIM2
SIM3
SIM4
1
21
22
SIM5
SIM1
SIM2
SIM3
SIM4
1
21
22
SIM5
SIM1
SIM2
SIM3
SIM4
1
21
22
SIM5
SIM1
SIM2
DEBUG 1 469
SIM1
SIM2
SIM3
SIM4
1
21
22
SIM5
SIM1
SIM2
SIM3
SIM4
1
21
22
SIM5
SIM1
SIM2
SIM3
SIM4
1
21
22
SIM5
SIM1
SIM2
SIM3
SIM4
1
21
22
SIM5
SIM1
SIM2
SIM3
SIM4
1
21
22
SIM5
SIM1
SIM2
SIM3
SIM4
1
21
22
SIM5
SIM1
SIM2
SIM3
SIM4
1
21
22
SIM5
SIM1
SIM2
SIM3
SIM4
1
21
22
SIM5
SIM1
SIM2
SIM3
SIM4
1
21
22
SIM5
SIM1
SIM2
SIM3
SIM4
1
21
22
SIM5
SIM1
SIM2
SIM3
SIM4
1
21
22
SIM5
SIM1
SIM2
SIM3
SIM4
1
21
22
SIM5
SIM1
SIM2
SIM3
SIM4
1
21
22
SIM5
SIM1
SIM2
SIM3
SIM4
1
21
22
SIM5
SIM1
SIM2
SIM3
SIM4
1
21
22
SIM5
SIM1
SIM2
SIM3
SIM4
1
21
22
SIM5
SIM1
SIM2
SIM3
SIM4
1
21
22
SIM5
SIM1
SIM2
SIM3
SIM4
1
21
22
SIM5
SIM1
SIM2
SIM3
SIM4
1
21
22
SIM5
SIM1
SIM2
SIM3
SIM4
1
21
22
SIM5
SIM1
SIM2
SIM3
SIM4
1
21
22
SIM5
SIM1
SIM2
SIM3
SIM4
1
21
22
SIM5
SIM1
SIM2
SIM3
SIM4
1
21
22
SIM5
SIM1
SIM2
SIM3
SIM4
1
21
22
SIM5
SIM1
SIM2
SIM3
SIM4
1
21
22
SIM5
SIM1
SIM2
SIM3
SIM4
1
21
22
SIM5
SIM1
SIM2
SIM3
SIM4
1
21
22
SIM5
SIM1
SIM2
SIM3
SIM4
1
21
22
SIM5
SIM1
SIM2
SIM3
SIM4
1
21
22
SIM5
SIM1
SIM2
SIM3
SIM4
1
21
22
SIM5
SIM1
SIM2
SIM3
SIM4
1
21
22
SIM5
SIM1
SIM2
SIM3
SIM4
1
21
22
SIM5
SIM1
SIM2
SIM3
SIM4
1
21
22
SIM5
SIM1
SIM2
SIM3
SIM4
1
21
22
SIM5
SIM1
SIM2
SIM3
SIM4
1
21
22
SIM5
SIM1
SIM2
SIM3
SIM4
1
21
22
SIM5
SIM1
SIM2
SIM3
SIM4
1
21
22
SIM5
SIM1
SIM2
SIM3
SIM4
1
21
22
SIM5
SIM1
SIM2
SIM3
SIM4
1
21
22
SIM5
SIM1
SIM2
SIM3
SIM4
1
21
22
SIM5
SIM1
SIM2
SIM3
SIM4
1
21
22
SIM5
SIM1
SIM2
SIM3
SIM4
1
21
22
SIM5
SIM1
SIM2
SIM3
SIM4
1
21
22
SIM5
SIM1
SIM2
SIM3
SIM4
1
21
22
SIM5
SIM1
SIM2
SIM3
SIM4
1
21
22
SIM5
SIM1
SIM2
SIM3
SIM4
1
21
22
SIM5
SIM1
SIM2
SIM3
SIM4
1
21
22
SIM5
SIM1
SIM2
SIM3
SIM4
1
21
22
SIM5
SIM1
SIM2
SIM3
SIM4
1
21
22
SIM5
SIM1
SIM2
SIM3
SIM4
1
21
22
SIM5
SIM1
SIM2
SIM3
SIM4
1
21
22
SIM5
SIM1
SIM2
SIM3
SIM4
1
21
22
SIM5
SIM1
SIM2
SIM3
SIM4
1
21
22
SIM5
SIM1
SIM2
SIM3
SIM4
1
21
22
SIM5
SIM1
SIM2
SIM3
SIM4
1
21
22
SIM5
SIM1
SIM2
SIM3
SIM4
1
21
22
SIM5
SIM1
SIM2
SIM3
SIM4
1
21
22
SIM5
SIM1
SIM2
SIM3
SIM4
1
21
22
SIM5
SIM1
SIM2
SIM3
SIM4
1
21
22
SIM5
SIM1
SIM2
SIM3
SIM4
1
21
22
SIM5
SIM1
SIM2
SIM3
SIM4
1
21
22
SIM5
SIM1
SIM2
SIM3
SIM4
1
21
22
SIM5
SIM1
SIM2
SIM3
SIM4
1
21
22
SIM5
SIM1
SIM2
SIM3
SIM4
1
21
22
SIM5
SIM1
SIM2
SIM3
SIM4
1
21
22
SIM5
SIM1
SIM2
SIM3
SIM4
1
21
22
SIM5
SIM1
SIM2
SIM3
SIM4
1
21
22
SIM5
SIM1
SIM2
SIM3
SIM4
1
21
22
SIM5
SIM1
SIM2
SIM3
SIM4
1
21
22
SIM5
SIM1
SIM2
SIM3
SIM4
1
21
22
SIM5
SIM1
SIM2
SIM3
SIM4
1
21
22
SIM5
SIM1
SIM2
SIM3
SIM4
1
21
22
SIM5
SIM1
SIM2
SIM3
SIM4
1
21
22
SIM5
SIM1
SIM2
SIM3
SIM4
1
21
22
SIM5
SIM1
SIM2
SIM3
SIM4
1
21
22
SIM5
SIM1
SIM2
SIM3
SIM4
1
21
22
SIM5
SIM1
SIM2
SIM3
SIM4
1
21
22
SIM5
SIM1
SIM2
SIM3
SIM4
1
21
22
SIM5
SIM1
SIM2
SIM3
SIM4
1
21
22
SIM5
SIM1
SIM2
SIM3
SIM4
1
21
22
SIM5
SIM1
SIM2
SIM3
SIM4
1
21
22
SIM5
SIM1
SIM2
SIM3
SIM4
1
21
22
SIM5
SIM1
SIM2
SIM3
SIM4
1
21
22
SIM5
SIM1
SIM2
SIM3
SIM4
1
21
22
SIM5
SIM1
SIM2
SIM3
SIM4
1
21
22
SIM5
SIM1
SIM2
SIM3
SIM4
1
21
22
SIM5
SIM1
SIM2
SIM3
SIM4
1
21
22
SIM5
SIM1
SIM2
SIM3
SIM4
1
21
22
SIM5
SIM1
SIM2
SIM3
SIM4
1
21
22
SIM5
SIM1
SIM2
SIM3
SIM4
1
21
22
SIM5
SIM1
SIM2
SIM3
SIM4
1
21
22
SIM5
SIM1
SIM2
SIM3
SIM4
1
21
22
SIM5
SIM1
SIM2
SIM3
SIM4
1
21
22
SIM5
SIM1
SIM2
SIM3
SIM4
1
21
22
SIM5
SIM1
SIM2
SIM3
SIM4
1
21
22
SIM5
SIM1
SIM2
SIM3
SIM4
1
21
22
SIM5
SIM1
SIM2
SIM3
SIM4
1
21
22
SIM5
SIM1
SIM2
SIM3
SIM4
1
21
22
SIM5
SIM1
SIM2
SIM3
SIM4
1
21
22
SIM5
SIM1
SIM2
SIM3
SIM4
1
21
22
SIM5
SIM1
SIM2
SIM3
SIM4
1
21
22
SIM5
SIM1
SIM2
SIM3
SIM4
1
21
22
SIM5
SIM1
SIM2
SIM3
SIM4
1
21
22
SIM5
SIM1
SIM2
SIM3
SIM4
1
21
22
SIM5
SIM1
SIM2
SIM3
SIM4
1
21
22
SIM5
SIM1
SIM2
SIM3
SIM4
1
21
22
SIM5
SIM1
SIM2
SIM3
SIM4
1
21
22
SIM5
SIM1
SIM2
SIM3
SIM4
1
21
22
SIM5
SIM1
SIM2
SIM3
SIM4
1
21
22
SIM5
SIM1
SIM2
SIM3
SIM4
1
21
22
SIM5
SIM1
SIM2
SIM3
SIM4
1
21
22
SIM5
SIM1
SIM2
SIM3
SIM4
1
21
22
SIM5
SIM1
SIM2
SIM3
SIM4
1
21
22
SIM5
SIM1
SIM2
SIM3
SIM4
1
21
22
SIM5
SIM1
SIM2
SIM3
SIM4
1
21
22
SIM5
SIM1
SIM2
SIM3
SIM4
1
21
22
SIM5
SIM1
SIM2
SIM3
SIM4
1
21
22
SIM5
SIM1
SIM2
SIM3
SIM4
1
21
22
SIM5
SIM1
SIM2
SIM3
SIM4
1
21
22
SIM5
SIM1
SIM2
SIM3
SIM4
1
21
22
SIM5
SIM1
SIM2
SIM3
SIM4
1
21
22
SIM5
SIM1
SIM2
SIM3
SIM4
1
21
22
SIM5
SIM1
SIM2
SIM3
SIM4
1
21
22
SIM5
SIM1
SIM2
SIM3
SIM4
1
21
22
SIM5
SIM1
SIM2
SIM3
SIM4
1
21
22
SIM5
SIM1
SIM2
SIM3
SIM4
1
21
22
SIM5
SIM1
SIM2
SIM3
SIM4
1
21
22
SIM5
SIM1
SIM2
SIM3
SIM4
1
21
22
SIM5
SIM1
SIM2
SIM3
SIM4
1
21
22
SIM5
SIM1
SIM2
SIM3
SIM4
1
21
22
SIM5
SIM1
SIM2
SIM3
SIM4
1
21
22
SIM5
SIM1
SIM2
SIM3
SIM4
1
21
22
SIM5
SIM1
SIM2
SIM3
SIM4
1
21
22
SIM5
SIM1
SIM2
SIM3
SIM4
1
21
22
SIM5
SIM1
SIM2
SIM3
SIM4
1
21
22
SIM5
SIM1
SIM2
SIM3
SIM4
1
21
22
SIM5
SIM1
SIM2
SIM3
SIM4
1
21
22
SIM5
SIM1
SIM2
SIM3
SIM4
1
21
22
SIM5
SIM1
SIM2
SIM3
SIM4
1
21
22
SIM5
SIM1
SIM2
SIM3
SIM4
1
21
22
SIM5
SIM1
SIM2
SIM3
SIM4
1
21
22
SIM5
SIM1
SIM2
SIM3
SIM4
1
21
22
SIM5
SIM1
SIM2
SIM3
SIM4
1
21
22
SIM5
SIM1
SIM2
SIM3
SIM4
1
21
22
SIM5
SIM1
SIM2
SIM3
SIM4
1
21
22
SIM5
SIM1
SIM2
SIM3
SIM4
1
21
22
SIM5
SIM1
SIM2
SIM3
SIM4
1
21
22
SIM5
SIM1
SIM2
SIM3
SIM4
1
21
22
SIM5
SIM1
SIM2
SIM3
SIM4
1
21
22
SIM5
SIM1
SIM2
SIM3
SIM4
1
21
22
SIM5
SIM1
SIM2
SIM3
SIM4
1
21
22
SIM5
SIM1
SIM2
SIM3
SIM4
1
21
22
SIM5
SIM1
SIM2
SIM3
SIM4
1
21
22
SIM5
SIM1
SIM2
SIM3
SIM4
1
21
22
SIM5
SIM1
SIM2
SIM3
SIM4
1
21
22
SIM5
SIM1
SIM2
SIM3
SIM4
1
21
22
SIM5
SIM1
SIM2
SIM3
SIM4
1
21
22
SIM5
SIM1
SIM2
SIM3
SIM4
1
21
22
SIM5
SIM1
SIM2
SIM3
SIM4
1
21
22
SIM5
SIM1
SIM2
SIM3
SIM4
1
21
22
SIM5
SIM1
SIM2
SIM3
SIM4
1
21
22
SIM5
SIM1
SIM2
SIM3
SIM4
1
21
22
SIM5
SIM1
SIM2
SIM3
SIM4
1
21
22
SIM5
SIM1
SIM2
SIM3
SIM4
1
21
22
SIM5
SIM1
SIM2
SIM3
SIM4
1
21
22
SIM5
SIM1
SIM2
SIM3
SIM4
1
21
22
SIM5
SIM1
SIM2
SIM3
SIM4
1
21
22
SIM5
SIM1
SIM2
SIM3
SIM4
1
21
22
SIM5
SIM1
SIM2
SIM3
SIM4
1
21
22
SIM5
SIM1
SIM2
SIM3
SIM4
1
21
22
SIM5
SIM1
SIM2
SIM3
SIM4
1
21
22
SIM5
SIM1
SIM2
SIM3
SIM4
1
21
22
SIM5
SIM1
SIM2
SIM3
SIM4
1
21
22
SIM5
SIM1
SIM2
SIM3
SIM4
1
21
22
SIM5
SIM1
SIM2
SIM3
SIM4
1
21
22
SIM5
SIM1
SIM2
SIM3
SIM4
1
21
22
SIM5
SIM1
SIM2
SIM3
SIM4
1
21
22
SIM5
SIM1
SIM2
SIM3
SIM4
1
21
22
SIM5
SIM1
SIM2
SIM3
SIM4
1
21
22
SIM5
SIM1
SIM2
SIM3
SIM4
1
21
22
SIM5
SIM1
SIM2
SIM3
SIM4
1
21
22
SIM5
SIM1
SIM2
SIM3
SIM4
1
21
22
SIM5
SIM1
SIM2
SIM3
SIM4
1
21
22
SIM5
SIM1
SIM2
SIM3
SIM4
1
21
22
SIM5
SIM1
SIM2
SIM3
SIM4
1
21
22
SIM5
SIM1
SIM2
SIM3
SIM4
1
21
22
SIM5
SIM1
SIM2
SIM3
SIM4
1
21
22
SIM5
SIM1
SIM2
SIM3
SIM4
1
21
22
SIM5
SIM1
SIM2
SIM3
SIM4
1
21
22
SIM5
SIM1
SIM2
SIM3
SIM4
1
21
22
SIM5
SIM1
SIM2
SIM3
SIM4
1
21
22
SIM5
SIM1
SIM2
SIM3
SIM4
1
21
22
SIM5
SIM1
SIM2
SIM3
SIM4
1
21
22
SIM5
SIM1
SIM2
SIM3
SIM4
1
21
22
SIM5
SIM1
SIM2
SIM3
SIM4
1
21
22
SIM5
SIM1
SIM2
SIM3
SIM4
1
21
22
SIM5
SIM1
SIM2
SIM3
SIM4
1
21
22
SIM5
SIM1
SIM2
SIM3
SIM4
1
21
22
SIM5
SIM1
SIM2
SIM3
SIM4
1
21
22
SIM5
SIM1
SIM2
SIM3
SIM4
1
21
22
SIM5
SIM1
SIM2
SIM3
SIM4
1
21
22
SIM5
SIM1
SIM2
SIM3
SIM4
1
21
22
SIM5
SIM1
SIM2
SIM3
SIM4
1
21
22
SIM5
SIM1
SIM2
SIM3
SIM4
1
21
22
SIM5
SIM1
SIM2
SIM3
SIM4
1
21
22
SIM5
SIM1
SIM2
SIM3
SIM4
1
21
22
SIM5
SIM1
SIM2
SIM3
SIM4
1
21
22
SIM5
SIM1
SIM2
SIM3
SIM4
1
21
22
SIM5
SIM1
SIM2
SIM3
SIM4
1
21
22
SIM5
SIM1
SIM2
SIM3
SIM4
1
21
22
SIM5
SIM1
SIM2
SIM3
SIM4
1
21
22
SIM5
SIM1
SIM2
SIM3
SIM4
1
21
22
SIM5
SIM1
SIM2
SIM3
SIM4
1
21
22
SIM5
SIM1
SIM2
SIM3
SIM4
1
21
22
SIM5
SIM1
SIM2
SIM3
SIM4
1
21
22
SIM5
SIM1
SIM2
SIM3
SIM4
1
21
22
SIM5
SIM1
SIM2
SIM3
SIM4
1
21
22
SIM5
SIM1
SIM2
SIM3
SIM4
1
21
22
SIM5
SIM1
SIM2
SIM3
SIM4
1
21
22
SIM5
SIM1
SIM2
SIM3
SIM4
1
21
22
SIM5
SIM1
SIM2
SIM3
SIM4
1
21
22
SIM5
SIM1
SIM2
SIM3
SIM4
1
21
22
SIM5
SIM1
SIM2
SIM3
SIM4
1
21
22
SIM5
SIM1
SIM2
SIM3
SIM4
1
21
22
SIM5
SIM1
SIM2
SIM3
SIM4
1
21
22
SIM5
SIM1
SIM2
SIM3
SIM4
1
21
22
SIM5
SIM1
SIM2
SIM3
SIM4
1
21
22
SIM5
SIM1
SIM2
SIM3
SIM4
1
21
22
SIM5
SIM1
SIM2
SIM3
SIM4
1
21
22
SIM5
SIM1
SIM2
SIM3
SIM4
1
21
22
SIM5
SIM1
SIM2
SIM3
SIM4
1
21
22
SIM5
SIM1
SIM2
SIM3
SIM4
1
21
22
SIM5
SIM1
SIM2
SIM3
SIM4
1
21
22
SIM5
SIM1
SIM2
SIM3
SIM4
1
21
22
SIM5
SIM1
SIM2
SIM3
SIM4
1
21
22
SIM5
SIM1
SIM2
SIM3
SIM4
1
21
22
SIM5
SIM1
SIM2
SIM3
SIM4
1
21
22
SIM5
SIM1
SIM2
SIM3
SIM4
1
21
22
SIM5
SIM1
SIM2
SIM3
SIM4
1
21
22
SIM5
SIM1
SIM2
SIM3
SIM4
1
21
22
SIM5
SIM1
SIM2
SIM3
SIM4
1
21
22
SIM5
SIM1
SIM2
SIM3
SIM4
1
21
22
SIM5
SIM1
SIM2
SIM3
SIM4
1
21
22
SIM5
SIM1
SIM2
SIM3
SIM4
1
21
22
SIM5
SIM1
SIM2
SIM3
SIM4
1
21
22
SIM5
SIM1
SIM2
SIM3
SIM4
1
21
22
SIM5
SIM1
SIM2
SIM3
SIM4
1
21
22
SIM5
SIM1
SIM2
SIM3
SIM4
1
21
22
SIM5
SIM1
SIM2
SIM3
SIM4
1
21
22
SIM5
SIM1
SIM2
SIM3
SIM4
1
21
22
SIM5
SIM1
SIM2
SIM3
SIM4
1
21
22
SIM5
SIM1
SIM2
SIM3
SIM4
1
21
22
SIM5
SIM1
SIM2
SIM3
SIM4
1
21
22
SIM5
SIM1
SIM2
SIM3
SIM4
1
21
22
SIM5
SIM1
SIM2
SIM3
SIM4
1
21
22
SIM5
SIM1
SIM2
SIM3
SIM4
1
21
22
SIM5
SIM1
SIM2
DEBUG 1 470
SIM1
SIM2
SIM3
SIM4
1
21
22
SIM5
SIM1
SIM2
SIM3
SIM4
1
21
22
SIM5
SIM1
SIM2
SIM3
SIM4
1
21
22
SIM5
SIM1
SIM2
SIM3
SIM4
1
21
22
SIM5
SIM1
SIM2
SIM3
SIM4
1
21
22
SIM5
SIM1
SIM2
SIM3
SIM4
1
21
22
SIM5
SIM1
SIM2
SIM3
SIM4
1
21
22
SIM5
SIM1
SIM2
SIM3
SIM4
1
21
22
SIM5
SIM1
SIM2
SIM3
SIM4
1
21
22
SIM5
SIM1
SIM2
SIM3
SIM4
1
21
22
SIM5
SIM1
SIM2
SIM3
SIM4
1
21
22
SIM5
SIM1
SIM2
SIM3
SIM4
1
21
22
SIM5
SIM1
SIM2
SIM3
SIM4
1
21
22
SIM5
SIM1
SIM2
SIM3
SIM4
1
21
22
SIM5
SIM1
SIM2
SIM3
SIM4
1
21
22
SIM5
SIM1
SIM2
SIM3
SIM4
1
21
22
SIM5
SIM1
SIM2
SIM3
SIM4
1
21
22
SIM5
SIM1
SIM2
SIM3
SIM4
1
21
22
SIM5
SIM1
SIM2
SIM3
SIM4
1
21
22
SIM5
SIM1
SIM2
SIM3
SIM4
1
21
22
SIM5
SIM1
SIM2
SIM3
SIM4
1
21
22
SIM5
SIM1
SIM2
SIM3
SIM4
1
21
22
SIM5
SIM1
SIM2
SIM3
SIM4
1
21
22
SIM5
SIM1
SIM2
SIM3
SIM4
1
21
22
SIM5
SIM1
SIM2
SIM3
SIM4
1
21
22
SIM5
SIM1
SIM2
SIM3
SIM4
1
21
22
SIM5
SIM1
SIM2
SIM3
SIM4
1
21
22
SIM5
SIM1
SIM2
SIM3
SIM4
1
21
22
SIM5
SIM1
SIM2
SIM3
SIM4
1
21
22
SIM5
SIM1
SIM2
SIM3
SIM4
1
21
22
SIM5
SIM1
SIM2
SIM3
SIM4
1
21
22
SIM5
SIM1
SIM2
SIM3
SIM4
1
21
22
SIM5
SIM1
SIM2
SIM3
SIM4
1
21
22
SIM5
SIM1
SIM2
SIM3
SIM4
1
21
22
SIM5
SIM1
SIM2
SIM3
SIM4
1
21
22
SIM5
SIM1
SIM2
SIM3
SIM4
1
21
22
SIM5
SIM1
SIM2
SIM3
SIM4
1
21
22
SIM5
SIM1
SIM2
SIM3
SIM4
1
21
22
SIM5
SIM1
SIM2
SIM3
SIM4
1
21
22
SIM5
SIM1
SIM2
SIM3
SIM4
1
21
22
SIM5
SIM1
SIM2
SIM3
SIM4
1
21
22
SIM5
SIM1
SIM2
SIM3
SIM4
1
21
22
SIM5
SIM1
SIM2
SIM3
SIM4
1
21
22
SIM5
SIM1
SIM2
SIM3
SIM4
1
21
22
SIM5
SIM1
SIM2
SIM3
SIM4
1
21
22
SIM5
SIM1
SIM2
SIM3
SIM4
1
21
22
SIM5
SIM1
SIM2
SIM3
SIM4
1
21
22
SIM5
SIM1
SIM2
SIM3
SIM4
1
21
22
SIM5
SIM1
SIM2
SIM3
SIM4
1
21
22
SIM5
SIM1
SIM2
SIM3
SIM4
1
21
22
SIM5
SIM1
SIM2
SIM3
SIM4
1
21
22
SIM5
SIM1
SIM2
SIM3
SIM4
1
21
22
SIM5
SIM1
SIM2
SIM3
SIM4
1
21
22
SIM5
SIM1
SIM2
SIM3
SIM4
1
21
22
SIM5
SIM1
SIM2
SIM3
SIM4
1
21
22
SIM5
SIM1
SIM2
SIM3
SIM4
1
21
22
SIM5
SIM1
SIM2
SIM3
SIM4
1
21
22
SIM5
SIM1
SIM2
SIM3
SIM4
1
21
22
SIM5
SIM1
SIM2
SIM3
SIM4
1
21
22
SIM5
SIM1
SIM2
SIM3
SIM4
1
21
22
SIM5
SIM1
SIM2
SIM3
SIM4
1
21
22
SIM5
SIM1
SIM2
SIM3
SIM4
1
21
22
SIM5
SIM1
SIM2
SIM3
SIM4
1
21
22
SIM5
SIM1
SIM2
SIM3
SIM4
1
21
22
SIM5
SIM1
SIM2
SIM3
SIM4
1
21
22
SIM5
SIM1
SIM2
SIM3
SIM4
1
21
22
SIM5
SIM1
SIM2
SIM3
SIM4
1
21
22
SIM5
SIM1
SIM2
SIM3
SIM4
1
21
22
SIM5
SIM1
SIM2
SIM3
SIM4
1
21
22
SIM5
SIM1
SIM2
SIM3
SIM4
1
21
22
SIM5
SIM1
SIM2
SIM3
SIM4
1
21
22
SIM5
SIM1
SIM2
SIM3
SIM4
1
21
22
SIM5
SIM1
SIM2
SIM3
SIM4
1
21
22
SIM5
SIM1
SIM2
SIM3
SIM4
1
21
22
SIM5
SIM1
SIM2
SIM3
SIM4
1
21
22
SIM5
SIM1
SIM2
SIM3
SIM4
1
21
22
SIM5
SIM1
SIM2
SIM3
SIM4
1
21
22
SIM5
SIM1
SIM2
SIM3
SIM4
1
21
22
SIM5
SIM1
SIM2
SIM3
SIM4
1
21
22
SIM5
SIM1
SIM2
SIM3
SIM4
1
21
22
SIM5
SIM1
SIM2
SIM3
SIM4
1
21
22
SIM5
SIM1
SIM2
SIM3
SIM4
1
21
22
SIM5
SIM1
SIM2
SIM3
SIM4
1
21
22
SIM5
SIM1
SIM2
SIM3
SIM4
1
21
22
SIM5
SIM1
SIM2
SIM3
SIM4
1
21
22
SIM5
SIM1
SIM2
SIM3
SIM4
1
21
22
SIM5
SIM1
SIM2
SIM3
SIM4
1
21
22
SIM5
SIM1
SIM2
SIM3
SIM4
1
21
22
SIM5
SIM1
SIM2
SIM3
SIM4
1
21
22
SIM5
SIM1
SIM2
SIM3
SIM4
1
21
22
SIM5
SIM1
SIM2
SIM3
SIM4
1
21
22
SIM5
SIM1
SIM2
SIM3
SIM4
1
21
22
SIM5
SIM1
SIM2
SIM3
SIM4
1
21
22
SIM5
SIM1
SIM2
SIM3
SIM4
1
21
22
SIM5
SIM1
SIM2
SIM3
SIM4
1
21
22
SIM5
SIM1
SIM2
SIM3
SIM4
1
21
22
SIM5
SIM1
SIM2
SIM3
SIM4
1
21
22
SIM5
SIM1
SIM2
SIM3
SIM4
1
21
22
SIM5
SIM1
SIM2
SIM3
SIM4
1
21
22
SIM5
SIM1
SIM2
SIM3
SIM4
1
21
22
SIM5
SIM1
SIM2
SIM3
SIM4
1
21
22
SIM5
SIM1
SIM2
SIM3
SIM4
1
21
22
SIM5
SIM1
SIM2
SIM3
SIM4
1
21
22
SIM5
SIM1
SIM2
SIM3
SIM4
1
21
22
SIM5
SIM1
SIM2
SIM3
SIM4
1
21
22
SIM5
SIM1
SIM2
SIM3
SIM4
1
21
22
SIM5
SIM1
SIM2
SIM3
SIM4
1
21
22
SIM5
SIM1
SIM2
SIM3
SIM4
1
21
22
SIM5
SIM1
SIM2
SIM3
SIM4
1
21
22
SIM5
SIM1
SIM2
SIM3
SIM4
1
21
22
SIM5
SIM1
SIM2
SIM3
SIM4
1
21
22
SIM5
SIM1
SIM2
SIM3
SIM4
1
21
22
SIM5
SIM1
SIM2
SIM3
SIM4
1
21
22
SIM5
SIM1
SIM2
SIM3
SIM4
1
21
22
SIM5
SIM1
SIM2
SIM3
SIM4
1
21
22
SIM5
SIM1
SIM2
SIM3
SIM4
1
21
22
SIM5
SIM1
SIM2
SIM3
SIM4
1
21
22
SIM5
SIM1
SIM2
SIM3
SIM4
1
21
22
SIM5
SIM1
SIM2
SIM3
SIM4
1
21
22
SIM5
SIM1
SIM2
SIM3
SIM4
1
21
22
SIM5
SIM1
SIM2
SIM3
SIM4
1
21
22
SIM5
SIM1
SIM2
SIM3
SIM4
1
21
22
SIM5
SIM1
SIM2
SIM3
SIM4
1
21
22
SIM5
SIM1
SIM2
SIM3
SIM4
1
21
22
SIM5
SIM1
SIM2
SIM3
SIM4
1
21
22
SIM5
SIM1
SIM2
SIM3
SIM4
1
21
22
SIM5
SIM1
SIM2
SIM3
SIM4
1
21
22
SIM5
SIM1
SIM2
SIM3
SIM4
1
21
22
SIM5
SIM1
SIM2
SIM3
SIM4
1
21
22
SIM5
SIM1
SIM2
SIM3
SIM4
1
21
22
SIM5
SIM1
SIM2
SIM3
SIM4
1
21
22
SIM5
SIM1
SIM2
SIM3
SIM4
1
21
22
SIM5
SIM1
SIM2
SIM3
SIM4
1
21
22
SIM5
SIM1
SIM2
SIM3
SIM4
1
21
22
SIM5
SIM1
SIM2
SIM3
SIM4
1
21
22
SIM5
SIM1
SIM2
SIM3
SIM4
1
21
22
SIM5
SIM1
SIM2
SIM3
SIM4
1
21
22
SIM5
SIM1
SIM2
SIM3
SIM4
1
21
22
SIM5
SIM1
SIM2
SIM3
SIM4
1
21
22
SIM5
SIM1
SIM2
SIM3
SIM4
1
21
22
SIM5
SIM1
SIM2
SIM3
SIM4
1
21
22
SIM5
SIM1
SIM2
SIM3
SIM4
1
21
22
SIM5
SIM1
SIM2
SIM3
SIM4
1
21
22
SIM5
SIM1
SIM2
SIM3
SIM4
1
21
22
SIM5
SIM1
SIM2
SIM3
SIM4
1
21
22
SIM5
SIM1
SIM2
SIM3
SIM4
1
21
22
SIM5
SIM1
SIM2
SIM3
SIM4
1
21
22
SIM5
SIM1
SIM2
SIM3
SIM4
1
21
22
SIM5
SIM1
SIM2
SIM3
SIM4
1
21
22
SIM5
SIM1
SIM2
SIM3
SIM4
1
21
22
SIM5
SIM1
SIM2
SIM3
SIM4
1
21
22
SIM5
SIM1
SIM2
SIM3
SIM4
1
21
22
SIM5
SIM1
SIM2
SIM3
SIM4
1
21
22
SIM5
SIM1
SIM2
SIM3
SIM4
1
21
22
SIM5
SIM1
SIM2
SIM3
SIM4
1
21
22
SIM5
SIM1
SIM2
SIM3
SIM4
1
21
22
SIM5
SIM1
SIM2
SIM3
SIM4
1
21
22
SIM5
SIM1
SIM2
SIM3
SIM4
1
21
22
SIM5
SIM1
SIM2
SIM3
SIM4
1
21
22
SIM5
SIM1
SIM2
SIM3
SIM4
1
21
22
SIM5
SIM1
SIM2
SIM3
SIM4
1
21
22
SIM5
SIM1
SIM2
SIM3
SIM4
1
21
22
SIM5
SIM1
SIM2
SIM3
SIM4
1
21
22
SIM5
SIM1
SIM2
SIM3
SIM4
1
21
22
SIM5
SIM1
SIM2
SIM3
SIM4
1
21
22
SIM5
SIM1
SIM2
SIM3
SIM4
1
21
22
SIM5
SIM1
SIM2
SIM3
SIM4
1
21
22
SIM5
SIM1
SIM2
SIM3
SIM4
1
21
22
SIM5
SIM1
SIM2
SIM3
SIM4
1
21
22
SIM5
SIM1
SIM2
SIM3
SIM4
1
21
22
SIM5
SIM1
SIM2
SIM3
SIM4
1
21
22
SIM5
SIM1
SIM2
SIM3
SIM4
1
21
22
SIM5
SIM1
SIM2
SIM3
SIM4
1
21
22
SIM5
SIM1
SIM2
SIM3
SIM4
1
21
22
SIM5
SIM1
SIM2
SIM3
SIM4
1
21
22
SIM5
SIM1
SIM2
SIM3
SIM4
1
21
22
SIM5
SIM1
SIM2
SIM3
SIM4
1
21
22
SIM5
SIM1
SIM2
SIM3
SIM4
1
21
22
SIM5
SIM1
SIM2
SIM3
SIM4
1
21
22
SIM5
SIM1
SIM2
SIM3
SIM4
1
21
22
SIM5
SIM1
SIM2
SIM3
SIM4
1
21
22
SIM5
SIM1
SIM2
SIM3
SIM4
1
21
22
SIM5
SIM1
SIM2
SIM3
SIM4
1
21
22
SIM5
SIM1
SIM2
SIM3
SIM4
1
21
22
SIM5
SIM1
SIM2
SIM3
SIM4
1
21
22
SIM5
SIM1
SIM2
SIM3
SIM4
1
21
22
SIM5
SIM1
SIM2
SIM3
SIM4
1
21
22
SIM5
SIM1
SIM2
SIM3
SIM4
1
21
22
SIM5
SIM1
SIM2
SIM3
SIM4
1
21
22
SIM5
SIM1
SIM2
SIM3
SIM4
1
21
22
SIM5
SIM1
SIM2
SIM3
SIM4
1
21
22
SIM5
SIM1
SIM2
SIM3
SIM4
1
21
22
SIM5
SIM1
SIM2
SIM3
SIM4
1
21
22
SIM5
SIM1
SIM2
SIM3
SIM4
1
21
22
SIM5
SIM1
SIM2
SIM3
SIM4
1
21
22
SIM5
SIM1
SIM2
SIM3
SIM4
1
21
22
SIM5
SIM1
SIM2
SIM3
SIM4
1
21
22
SIM5
SIM1
SIM2
SIM3
SIM4
1
21
22
SIM5
SIM1
SIM2
SIM3
SIM4
1
21
22
SIM5
SIM1
SIM2
SIM3
SIM4
1
21
22
SIM5
SIM1
SIM2
SIM3
SIM4
1
21
22
SIM5
SIM1
SIM2
SIM3
SIM4
1
21
22
SIM5
SIM1
SIM2
SIM3
SIM4
1
21
22
SIM5
SIM1
SIM2
SIM3
SIM4
1
21
22
SIM5
SIM1
SIM2
SIM3
SIM4
1
21
22
SIM5
SIM1
SIM2
SIM3
SIM4
1
21
22
SIM5
SIM1
SIM2
SIM3
SIM4
1
21
22
SIM5
SIM1
SIM2
SIM3
SIM4
1
21
22
SIM5
SIM1
SIM2
SIM3
SIM4
1
21
22
SIM5
SIM1
SIM2
SIM3
SIM4
1
21
22
SIM5
SIM1
SIM2
SIM3
SIM4
1
21
22
SIM5
SIM1
SIM2
SIM3
SIM4
1
21
22
SIM5
SIM1
SIM2
SIM3
SIM4
1
21
22
SIM5
SIM1
SIM2
SIM3
SIM4
1
21
22
SIM5
SIM1
SIM2
SIM3
SIM4
1
21
22
SIM5
SIM1
SIM2
SIM3
SIM4
1
21
22
SIM5
SIM1
SIM2
SIM3
SIM4
1
21
22
SIM5
SIM1
SIM2
SIM3
SIM4
1
21
22
SIM5
SIM1
SIM2
SIM3
SIM4
1
21
22
SIM5
SIM1
SIM2
SIM3
SIM4
1
21
22
SIM5
SIM1
SIM2
SIM3
SIM4
1
21
22
SIM5
SIM1
SIM2
SIM3
SIM4
1
21
22
SIM5
SIM1
SIM2
SIM3
SIM4
1
21
22
SIM5
SIM1
SIM2
SIM3
SIM4
1
21
22
SIM5
SIM1
SIM2
SIM3
SIM4
1
21
22
SIM5
SIM1
SIM2
SIM3
SIM4
1
21
22
SIM5
SIM1
SIM2
SIM3
SIM4
1
21
22
SIM5
SIM1
SIM2
SIM3
SIM4
1
21
22
SIM5
SIM1
SIM2
SIM3
SIM4
1
21
22
SIM5
SIM1
SIM2
SIM3
SIM4
1
21
22
SIM5
SIM1
SIM2
SIM3
SIM4
1
21
22
SIM5
SIM1
SIM2
SIM3
SIM4
1
21
22
SIM5
SIM1
SIM2
SIM3
SIM4
1
21
22
SIM5
SIM1
SIM2
SIM3
SIM4
1
21
22
SIM5
SIM1
SIM2
SIM3
SIM4
1
21
22
SIM5
SIM1
SIM2
SIM3
SIM4
1
21
22
SIM5
SIM1
SIM2
SIM3
SIM4
1
21
22
SIM5
SIM1
SIM2
SIM3
SIM4
1
21
22
SIM5
SIM1
SIM2
SIM3
SIM4
1
21
22
SIM5
SIM1
SIM2
SIM3
SIM4
1
21
22
SIM5
SIM1
SIM2
SIM3
SIM4
1
21
22
SIM5
SIM1
SIM2
SIM3
SIM4
1
21
22
SIM5
SIM1
SIM2
SIM3
SIM4
1
21
22
SIM5
SIM1
SIM2
SIM3
SIM4
1
21
22
SIM5
SIM1
SIM2
SIM3
SIM4
1
21
22
SIM5
SIM1
SIM2
SIM3
SIM4
1
21
22
SIM5
SIM1
SIM2
SIM3
SIM4
1
21
22
SIM5
SIM1
SIM2
SIM3
SIM4
1
21
22
SIM5
SIM1
SIM2
SIM3
SIM4
1
21
22
SIM5
SIM1
SIM2
SIM3
SIM4
1
21
22
SIM5
SIM1
SIM2
SIM3
SIM4
1
21
22
SIM5
SIM1
SIM2
SIM3
SIM4
1
21
22
SIM5
SIM1
SIM2
SIM3
SIM4
1
21
22
SIM5
SIM1
SIM2
SIM3
SIM4
1
21
22
SIM5
SIM1
SIM2
SIM3
SIM4
1
21
22
SIM5
SIM1
SIM2
SIM3
SIM4
1
21
22
SIM5
SIM1
SIM2
SIM3
SIM4
1
21
22
SIM5
SIM1
SIM2
SIM3
SIM4
1
21
22
SIM5
SIM1
SIM2
SIM3
SIM4
1
21
22
SIM5
SIM1
SIM2
SIM3
SIM4
1
21
22
SIM5
SIM1
SIM2
SIM3
SIM4
1
21
22
SIM5
SIM1
SIM2
SIM3
SIM4
1
21
22
SIM5
SIM1
SIM2
SIM3
SIM4
1
21
22
SIM5
SIM1
SIM2
SIM3
SIM4
1
21
22
SIM5
SIM1
SIM2
SIM3
SIM4
1
21
22
SIM5
SIM1
SIM2
SIM3
SIM4
1
21
22
SIM5
SIM1
SIM2
SIM3
SIM4
1
21
22
SIM5
SIM1
SIM2
SIM3
SIM4
1
21
22
SIM5
SIM1
SIM2
SIM3
SIM4
1
21
22
SIM5
SIM1
SIM2
SIM3
SIM4
1
21
22
SIM5
SIM1
SIM2
SIM3
SIM4
1
21
22
SIM5
SIM1
SIM2
SIM3
SIM4
1
21
22
SIM5
SIM1
SIM2
SIM3
SIM4
1
21
22
SIM5
SIM1
SIM2
SIM3
SIM4
1
21
22
SIM5
SIM1
SIM2
SIM3
SIM4
1
21
22
SIM5
SIM1
SIM2
SIM3
SIM4
1
21
22
SIM5
SIM1
SIM2
SIM3
SIM4
1
21
22
SIM5
SIM1
SIM2
SIM3
SIM4
1
21
22
SIM5
SIM1
SIM2
SIM3
SIM4
1
21
22
SIM5
SIM1
SIM2
SIM3
SIM4
1
21
22
SIM5
SIM1
SIM2
SIM3
SIM4
1
21
22
SIM5
SIM1
SIM2
SIM3
SIM4
1
21
22
SIM5
SIM1
SIM2
SIM3
SIM4
1
21
22
SIM5
SIM1
SIM2
SIM3
SIM4
1
21
22
SIM5
SIM1
SIM2
DEBUG 1 471
SIM1
SIM2
SIM3
SIM4
1
21
22
SIM5
SIM1
SIM2
SIM3
SIM4
1
21
22
SIM5
SIM1
SIM2
SIM3
SIM4
1
21
22
SIM5
SIM1
SIM2
SIM3
SIM4
1
21
22
SIM5
SIM1
SIM2
SIM3
SIM4
1
21
22
SIM5
SIM1
SIM2
SIM3
SIM4
1
21
22
SIM5
SIM1
SIM2
SIM3
SIM4
1
21
22
SIM5
SIM1
SIM2
SIM3
SIM4
1
21
22
SIM5
SIM1
SIM2
SIM3
SIM4
1
21
22
SIM5
SIM1
SIM2
SIM3
SIM4
1
21
22
SIM5
SIM1
SIM2
SIM3
SIM4
1
21
22
SIM5
SIM1
SIM2
SIM3
SIM4
1
21
22
SIM5
SIM1
SIM2
SIM3
SIM4
1
21
22
SIM5
SIM1
SIM2
SIM3
SIM4
1
21
22
SIM5
SIM1
SIM2
SIM3
SIM4
1
21
22
SIM5
SIM1
SIM2
SIM3
SIM4
1
21
22
SIM5
SIM1
SIM2
SIM3
SIM4
1
21
22
SIM5
SIM1
SIM2
SIM3
SIM4
1
21
22
SIM5
SIM1
SIM2
SIM3
SIM4
1
21
22
SIM5
SIM1
SIM2
SIM3
SIM4
1
21
22
SIM5
SIM1
SIM2
SIM3
SIM4
1
21
22
SIM5
SIM1
SIM2
SIM3
SIM4
1
21
22
SIM5
SIM1
SIM2
SIM3
SIM4
1
21
22
SIM5
SIM1
SIM2
SIM3
SIM4
1
21
22
SIM5
SIM1
SIM2
SIM3
SIM4
1
21
22
SIM5
SIM1
SIM2
SIM3
SIM4
1
21
22
SIM5
SIM1
SIM2
SIM3
SIM4
1
21
22
SIM5
SIM1
SIM2
SIM3
SIM4
1
21
22
SIM5
SIM1
SIM2
SIM3
SIM4
1
21
22
SIM5
SIM1
SIM2
SIM3
SIM4
1
21
22
SIM5
SIM1
SIM2
SIM3
SIM4
1
21
22
SIM5
SIM1
SIM2
SIM3
SIM4
1
21
22
SIM5
SIM1
SIM2
SIM3
SIM4
1
21
22
SIM5
SIM1
SIM2
SIM3
SIM4
1
21
22
SIM5
SIM1
SIM2
SIM3
SIM4
1
21
22
SIM5
SIM1
SIM2
SIM3
SIM4
1
21
22
SIM5
SIM1
SIM2
SIM3
SIM4
1
21
22
SIM5
SIM1
SIM2
SIM3
SIM4
1
21
22
SIM5
SIM1
SIM2
SIM3
SIM4
1
21
22
SIM5
SIM1
SIM2
SIM3
SIM4
1
21
22
SIM5
SIM1
SIM2
SIM3
SIM4
1
21
22
SIM5
SIM1
SIM2
SIM3
SIM4
1
21
22
SIM5
SIM1
SIM2
SIM3
SIM4
1
21
22
SIM5
SIM1
SIM2
SIM3
SIM4
1
21
22
SIM5
SIM1
SIM2
SIM3
SIM4
1
21
22
SIM5
SIM1
SIM2
SIM3
SIM4
1
21
22
SIM5
SIM1
SIM2
SIM3
SIM4
1
21
22
SIM5
SIM1
SIM2
SIM3
SIM4
1
21
22
SIM5
SIM1
SIM2
SIM3
SIM4
1
21
22
SIM5
SIM1
SIM2
SIM3
SIM4
1
21
22
SIM5
SIM1
SIM2
SIM3
SIM4
1
21
22
SIM5
SIM1
SIM2
SIM3
SIM4
1
21
22
SIM5
SIM1
SIM2
SIM3
SIM4
1
21
22
SIM5
SIM1
SIM2
SIM3
SIM4
1
21
22
SIM5
SIM1
SIM2
SIM3
SIM4
1
21
22
SIM5
SIM1
SIM2
SIM3
SIM4
1
21
22
SIM5
SIM1
SIM2
SIM3
SIM4
1
21
22
SIM5
SIM1
SIM2
SIM3
SIM4
1
21
22
SIM5
SIM1
SIM2
SIM3
SIM4
1
21
22
SIM5
SIM1
SIM2
SIM3
SIM4
1
21
22
SIM5
SIM1
SIM2
SIM3
SIM4
1
21
22
SIM5
SIM1
SIM2
SIM3
SIM4
1
21
22
SIM5
SIM1
SIM2
SIM3
SIM4
1
21
22
SIM5
SIM1
SIM2
SIM3
SIM4
1
21
22
SIM5
SIM1
SIM2
SIM3
SIM4
1
21
22
SIM5
SIM1
SIM2
SIM3
SIM4
1
21
22
SIM5
SIM1
SIM2
SIM3
SIM4
1
21
22
SIM5
SIM1
SIM2
SIM3
SIM4
1
21
22
SIM5
SIM1
SIM2
SIM3
SIM4
1
21
22
SIM5
SIM1
SIM2
SIM3
SIM4
1
21
22
SIM5
SIM1
SIM2
SIM3
SIM4
1
21
22
SIM5
SIM1
SIM2
SIM3
SIM4
1
21
22
SIM5
SIM1
SIM2
SIM3
SIM4
1
21
22
SIM5
SIM1
SIM2
SIM3
SIM4
1
21
22
SIM5
SIM1
SIM2
SIM3
SIM4
1
21
22
SIM5
SIM1
SIM2
SIM3
SIM4
1
21
22
SIM5
SIM1
SIM2
SIM3
SIM4
1
21
22
SIM5
SIM1
SIM2
SIM3
SIM4
1
21
22
SIM5
SIM1
SIM2
SIM3
SIM4
1
21
22
SIM5
SIM1
SIM2
SIM3
SIM4
1
21
22
SIM5
SIM1
SIM2
SIM3
SIM4
1
21
22
SIM5
SIM1
SIM2
SIM3
SIM4
1
21
22
SIM5
SIM1
SIM2
SIM3
SIM4
1
21
22
SIM5
SIM1
SIM2
SIM3
SIM4
1
21
22
SIM5
SIM1
SIM2
SIM3
SIM4
1
21
22
SIM5
SIM1
SIM2
SIM3
SIM4
1
21
22
SIM5
SIM1
SIM2
SIM3
SIM4
1
21
22
SIM5
SIM1
SIM2
SIM3
SIM4
1
21
22
SIM5
SIM1
SIM2
SIM3
SIM4
1
21
22
SIM5
SIM1
SIM2
SIM3
SIM4
1
21
22
SIM5
SIM1
SIM2
SIM3
SIM4
1
21
22
SIM5
SIM1
SIM2
SIM3
SIM4
1
21
22
SIM5
SIM1
SIM2
SIM3
SIM4
1
21
22
SIM5
SIM1
SIM2
SIM3
SIM4
1
21
22
SIM5
SIM1
SIM2
SIM3
SIM4
1
21
22
SIM5
SIM1
SIM2
SIM3
SIM4
1
21
22
SIM5
SIM1
SIM2
SIM3
SIM4
1
21
22
SIM5
SIM1
SIM2
SIM3
SIM4
1
21
22
SIM5
SIM1
SIM2
SIM3
SIM4
1
21
22
SIM5
SIM1
SIM2
SIM3
SIM4
1
21
22
SIM5
SIM1
SIM2
SIM3
SIM4
1
21
22
SIM5
SIM1
SIM2
SIM3
SIM4
1
21
22
SIM5
SIM1
SIM2
SIM3
SIM4
1
21
22
SIM5
SIM1
SIM2
SIM3
SIM4
1
21
22
SIM5
SIM1
SIM2
SIM3
SIM4
1
21
22
SIM5
SIM1
SIM2
SIM3
SIM4
1
21
22
SIM5
SIM1
SIM2
SIM3
SIM4
1
21
22
SIM5
SIM1
SIM2
SIM3
SIM4
1
21
22
SIM5
SIM1
SIM2
SIM3
SIM4
1
21
22
SIM5
SIM1
SIM2
SIM3
SIM4
1
21
22
SIM5
SIM1
SIM2
SIM3
SIM4
1
21
22
SIM5
SIM1
SIM2
SIM3
SIM4
1
21
22
SIM5
SIM1
SIM2
SIM3
SIM4
1
21
22
SIM5
SIM1
SIM2
SIM3
SIM4
1
21
22
SIM5
SIM1
SIM2
SIM3
SIM4
1
21
22
SIM5
SIM1
SIM2
SIM3
SIM4
1
21
22
SIM5
SIM1
SIM2
SIM3
SIM4
1
21
22
SIM5
SIM1
SIM2
SIM3
SIM4
1
21
22
SIM5
SIM1
SIM2
SIM3
SIM4
1
21
22
SIM5
SIM1
SIM2
SIM3
SIM4
1
21
22
SIM5
SIM1
SIM2
SIM3
SIM4
1
21
22
SIM5
SIM1
SIM2
SIM3
SIM4
1
21
22
SIM5
SIM1
SIM2
SIM3
SIM4
1
21
22
SIM5
SIM1
SIM2
SIM3
SIM4
1
21
22
SIM5
SIM1
SIM2
SIM3
SIM4
1
21
22
SIM5
SIM1
SIM2
SIM3
SIM4
1
21
22
SIM5
SIM1
SIM2
SIM3
SIM4
1
21
22
SIM5
SIM1
SIM2
SIM3
SIM4
1
21
22
SIM5
SIM1
SIM2
SIM3
SIM4
1
21
22
SIM5
SIM1
SIM2
SIM3
SIM4
1
21
22
SIM5
SIM1
SIM2
SIM3
SIM4
1
21
22
SIM5
SIM1
SIM2
SIM3
SIM4
1
21
22
SIM5
SIM1
SIM2
SIM3
SIM4
1
21
22
SIM5
SIM1
SIM2
SIM3
SIM4
1
21
22
SIM5
SIM1
SIM2
SIM3
SIM4
1
21
22
SIM5
SIM1
SIM2
SIM3
SIM4
1
21
22
SIM5
SIM1
SIM2
SIM3
SIM4
1
21
22
SIM5
SIM1
SIM2
SIM3
SIM4
1
21
22
SIM5
SIM1
SIM2
SIM3
SIM4
1
21
22
SIM5
SIM1
SIM2
SIM3
SIM4
1
21
22
SIM5
SIM1
SIM2
SIM3
SIM4
1
21
22
SIM5
SIM1
SIM2
SIM3
SIM4
1
21
22
SIM5
SIM1
SIM2
SIM3
SIM4
1
21
22
SIM5
SIM1
SIM2
SIM3
SIM4
1
21
22
SIM5
SIM1
SIM2
SIM3
SIM4
1
21
22
SIM5
SIM1
SIM2
SIM3
SIM4
1
21
22
SIM5
SIM1
SIM2
SIM3
SIM4
1
21
22
SIM5
SIM1
SIM2
SIM3
SIM4
1
21
22
SIM5
SIM1
SIM2
SIM3
SIM4
1
21
22
SIM5
SIM1
SIM2
SIM3
SIM4
1
21
22
SIM5
SIM1
SIM2
SIM3
SIM4
1
21
22
SIM5
SIM1
SIM2
SIM3
SIM4
1
21
22
SIM5
SIM1
SIM2
SIM3
SIM4
1
21
22
SIM5
SIM1
SIM2
SIM3
SIM4
1
21
22
SIM5
SIM1
SIM2
SIM3
SIM4
1
21
22
SIM5
SIM1
SIM2
SIM3
SIM4
1
21
22
SIM5
SIM1
SIM2
SIM3
SIM4
1
21
22
SIM5
SIM1
SIM2
SIM3
SIM4
1
21
22
SIM5
SIM1
SIM2
SIM3
SIM4
1
21
22
SIM5
SIM1
SIM2
SIM3
SIM4
1
21
22
SIM5
SIM1
SIM2
SIM3
SIM4
1
21
22
SIM5
SIM1
SIM2
SIM3
SIM4
1
21
22
SIM5
SIM1
SIM2
SIM3
SIM4
1
21
22
SIM5
SIM1
SIM2
SIM3
SIM4
1
21
22
SIM5
SIM1
SIM2
SIM3
SIM4
1
21
22
SIM5
SIM1
SIM2
SIM3
SIM4
1
21
22
SIM5
SIM1
SIM2
SIM3
SIM4
1
21
22
SIM5
SIM1
SIM2
SIM3
SIM4
1
21
22
SIM5
SIM1
SIM2
SIM3
SIM4
1
21
22
SIM5
SIM1
SIM2
SIM3
SIM4
1
21
22
SIM5
SIM1
SIM2
SIM3
SIM4
1
21
22
SIM5
SIM1
SIM2
SIM3
SIM4
1
21
22
SIM5
SIM1
SIM2
SIM3
SIM4
1
21
22
SIM5
SIM1
SIM2
SIM3
SIM4
1
21
22
SIM5
SIM1
SIM2
SIM3
SIM4
1
21
22
SIM5
SIM1
SIM2
SIM3
SIM4
1
21
22
SIM5
SIM1
SIM2
SIM3
SIM4
1
21
22
SIM5
SIM1
SIM2
SIM3
SIM4
1
21
22
SIM5
SIM1
SIM2
SIM3
SIM4
1
21
22
SIM5
SIM1
SIM2
SIM3
SIM4
1
21
22
SIM5
SIM1
SIM2
SIM3
SIM4
1
21
22
SIM5
SIM1
SIM2
SIM3
SIM4
1
21
22
SIM5
SIM1
SIM2
SIM3
SIM4
1
21
22
SIM5
SIM1
SIM2
SIM3
SIM4
1
21
22
SIM5
SIM1
SIM2
SIM3
SIM4
1
21
22
SIM5
SIM1
SIM2
SIM3
SIM4
1
21
22
SIM5
SIM1
SIM2
SIM3
SIM4
1
21
22
SIM5
SIM1
SIM2
SIM3
SIM4
1
21
22
SIM5
SIM1
SIM2
SIM3
SIM4
1
21
22
SIM5
SIM1
SIM2
SIM3
SIM4
1
21
22
SIM5
SIM1
SIM2
SIM3
SIM4
1
21
22
SIM5
SIM1
SIM2
SIM3
SIM4
1
21
22
SIM5
SIM1
SIM2
SIM3
SIM4
1
21
22
SIM5
SIM1
SIM2
SIM3
SIM4
1
21
22
SIM5
SIM1
SIM2
SIM3
SIM4
1
21
22
SIM5
SIM1
SIM2
SIM3
SIM4
1
21
22
SIM5
SIM1
SIM2
SIM3
SIM4
1
21
22
SIM5
SIM1
SIM2
SIM3
SIM4
1
21
22
SIM5
SIM1
SIM2
SIM3
SIM4
1
21
22
SIM5
SIM1
SIM2
SIM3
SIM4
1
21
22
SIM5
SIM1
SIM2
SIM3
SIM4
1
21
22
SIM5
SIM1
SIM2
SIM3
SIM4
1
21
22
SIM5
SIM1
SIM2
SIM3
SIM4
1
21
22
SIM5
SIM1
SIM2
SIM3
SIM4
1
21
22
SIM5
SIM1
SIM2
SIM3
SIM4
1
21
22
SIM5
SIM1
SIM2
SIM3
SIM4
1
21
22
SIM5
SIM1
SIM2
SIM3
SIM4
1
21
22
SIM5
SIM1
SIM2
SIM3
SIM4
1
21
22
SIM5
SIM1
SIM2
SIM3
SIM4
1
21
22
SIM5
SIM1
SIM2
SIM3
SIM4
1
21
22
SIM5
SIM1
SIM2
SIM3
SIM4
1
21
22
SIM5
SIM1
SIM2
SIM3
SIM4
1
21
22
SIM5
SIM1
SIM2
SIM3
SIM4
1
21
22
SIM5
SIM1
SIM2
SIM3
SIM4
1
21
22
SIM5
SIM1
SIM2
SIM3
SIM4
1
21
22
SIM5
SIM1
SIM2
SIM3
SIM4
1
21
22
SIM5
SIM1
SIM2
SIM3
SIM4
1
21
22
SIM5
SIM1
SIM2
SIM3
SIM4
1
21
22
SIM5
SIM1
SIM2
SIM3
SIM4
1
21
22
SIM5
SIM1
SIM2
SIM3
SIM4
1
21
22
SIM5
SIM1
SIM2
SIM3
SIM4
1
21
22
SIM5
SIM1
SIM2
SIM3
SIM4
1
21
22
SIM5
SIM1
SIM2
SIM3
SIM4
1
21
22
SIM5
SIM1
SIM2
SIM3
SIM4
1
21
22
SIM5
SIM1
SIM2
SIM3
SIM4
1
21
22
SIM5
SIM1
SIM2
SIM3
SIM4
1
21
22
SIM5
SIM1
SIM2
SIM3
SIM4
1
21
22
SIM5
SIM1
SIM2
SIM3
SIM4
1
21
22
SIM5
SIM1
SIM2
SIM3
SIM4
1
21
22
SIM5
SIM1
SIM2
SIM3
SIM4
1
21
22
SIM5
SIM1
SIM2
SIM3
SIM4
1
21
22
SIM5
SIM1
SIM2
SIM3
SIM4
1
21
22
SIM5
SIM1
SIM2
SIM3
SIM4
1
21
22
SIM5
SIM1
SIM2
SIM3
SIM4
1
21
22
SIM5
SIM1
SIM2
SIM3
SIM4
1
21
22
SIM5
SIM1
SIM2
SIM3
SIM4
1
21
22
SIM5
SIM1
SIM2
SIM3
SIM4
1
21
22
SIM5
SIM1
SIM2
SIM3
SIM4
1
21
22
SIM5
SIM1
SIM2
SIM3
SIM4
1
21
22
SIM5
SIM1
SIM2
SIM3
SIM4
1
21
22
SIM5
SIM1
SIM2
SIM3
SIM4
1
21
22
SIM5
SIM1
SIM2
SIM3
SIM4
1
21
22
SIM5
SIM1
SIM2
SIM3
SIM4
1
21
22
SIM5
SIM1
SIM2
SIM3
SIM4
1
21
22
SIM5
SIM1
SIM2
DEBUG 1 472
SIM1
SIM2
SIM3
SIM4
1
21
22
SIM5
SIM1
SIM2
SIM3
SIM4
1
21
22
SIM5
SIM1
SIM2
SIM3
SIM4
1
21
22
SIM5
SIM1
SIM2
SIM3
SIM4
1
21
22
SIM5
SIM1
SIM2
SIM3
SIM4
1
21
22
SIM5
SIM1
SIM2
SIM3
SIM4
1
21
22
SIM5
SIM1
SIM2
SIM3
SIM4
1
21
22
SIM5
SIM1
SIM2
SIM3
SIM4
1
21
22
SIM5
SIM1
SIM2
SIM3
SIM4
1
21
22
SIM5
SIM1
SIM2
SIM3
SIM4
1
21
22
SIM5
SIM1
SIM2
SIM3
SIM4
1
21
22
SIM5
SIM1
SIM2
SIM3
SIM4
1
21
22
SIM5
SIM1
SIM2
SIM3
SIM4
1
21
22
SIM5
SIM1
SIM2
SIM3
SIM4
1
21
22
SIM5
SIM1
SIM2
SIM3
SIM4
1
21
22
SIM5
SIM1
SIM2
SIM3
SIM4
1
21
22
SIM5
SIM1
SIM2
SIM3
SIM4
1
21
22
SIM5
SIM1
SIM2
SIM3
SIM4
1
21
22
SIM5
SIM1
SIM2
SIM3
SIM4
1
21
22
SIM5
SIM1
SIM2
SIM3
SIM4
1
21
22
SIM5
SIM1
SIM2
SIM3
SIM4
1
21
22
SIM5
SIM1
SIM2
SIM3
SIM4
1
21
22
SIM5
SIM1
SIM2
SIM3
SIM4
1
21
22
SIM5
SIM1
SIM2
SIM3
SIM4
1
21
22
SIM5
SIM1
SIM2
SIM3
SIM4
1
21
22
SIM5
SIM1
SIM2
SIM3
SIM4
1
21
22
SIM5
SIM1
SIM2
SIM3
SIM4
1
21
22
SIM5
SIM1
SIM2
SIM3
SIM4
1
21
22
SIM5
SIM1
SIM2
SIM3
SIM4
1
21
22
SIM5
SIM1
SIM2
SIM3
SIM4
1
21
22
SIM5
SIM1
SIM2
SIM3
SIM4
1
21
22
SIM5
SIM1
SIM2
SIM3
SIM4
1
21
22
SIM5
SIM1
SIM2
SIM3
SIM4
1
21
22
SIM5
SIM1
SIM2
SIM3
SIM4
1
21
22
SIM5
SIM1
SIM2
SIM3
SIM4
1
21
22
SIM5
SIM1
SIM2
SIM3
SIM4
1
21
22
SIM5
SIM1
SIM2
SIM3
SIM4
1
21
22
SIM5
SIM1
SIM2
SIM3
SIM4
1
21
22
SIM5
SIM1
SIM2
SIM3
SIM4
1
21
22
SIM5
SIM1
SIM2
SIM3
SIM4
1
21
22
SIM5
SIM1
SIM2
SIM3
SIM4
1
21
22
SIM5
SIM1
SIM2
SIM3
SIM4
1
21
22
SIM5
SIM1
SIM2
SIM3
SIM4
1
21
22
SIM5
SIM1
SIM2
SIM3
SIM4
1
21
22
SIM5
SIM1
SIM2
SIM3
SIM4
1
21
22
SIM5
SIM1
SIM2
SIM3
SIM4
1
21
22
SIM5
SIM1
SIM2
SIM3
SIM4
1
21
22
SIM5
SIM1
SIM2
SIM3
SIM4
1
21
22
SIM5
SIM1
SIM2
SIM3
SIM4
1
21
22
SIM5
SIM1
SIM2
SIM3
SIM4
1
21
22
SIM5
SIM1
SIM2
SIM3
SIM4
1
21
22
SIM5
SIM1
SIM2
SIM3
SIM4
1
21
22
SIM5
SIM1
SIM2
SIM3
SIM4
1
21
22
SIM5
SIM1
SIM2
SIM3
SIM4
1
21
22
SIM5
SIM1
SIM2
SIM3
SIM4
1
21
22
SIM5
SIM1
SIM2
SIM3
SIM4
1
21
22
SIM5
SIM1
SIM2
SIM3
SIM4
1
21
22
SIM5
SIM1
SIM2
SIM3
SIM4
1
21
22
SIM5
SIM1
SIM2
SIM3
SIM4
1
21
22
SIM5
SIM1
SIM2
SIM3
SIM4
1
21
22
SIM5
SIM1
SIM2
SIM3
SIM4
1
21
22
SIM5
SIM1
SIM2
SIM3
SIM4
1
21
22
SIM5
SIM1
SIM2
SIM3
SIM4
1
21
22
SIM5
SIM1
SIM2
SIM3
SIM4
1
21
22
SIM5
SIM1
SIM2
SIM3
SIM4
1
21
22
SIM5
SIM1
SIM2
SIM3
SIM4
1
21
22
SIM5
SIM1
SIM2
SIM3
SIM4
1
21
22
SIM5
SIM1
SIM2
SIM3
SIM4
1
21
22
SIM5
SIM1
SIM2
SIM3
SIM4
1
21
22
SIM5
SIM1
SIM2
SIM3
SIM4
1
21
22
SIM5
SIM1
SIM2
SIM3
SIM4
1
21
22
SIM5
SIM1
SIM2
SIM3
SIM4
1
21
22
SIM5
SIM1
SIM2
SIM3
SIM4
1
21
22
SIM5
SIM1
SIM2
SIM3
SIM4
1
21
22
SIM5
SIM1
SIM2
SIM3
SIM4
1
21
22
SIM5
SIM1
SIM2
SIM3
SIM4
1
21
22
SIM5
SIM1
SIM2
SIM3
SIM4
1
21
22
SIM5
SIM1
SIM2
SIM3
SIM4
1
21
22
SIM5
SIM1
SIM2
SIM3
SIM4
1
21
22
SIM5
SIM1
SIM2
SIM3
SIM4
1
21
22
SIM5
SIM1
SIM2
SIM3
SIM4
1
21
22
SIM5
SIM1
SIM2
SIM3
SIM4
1
21
22
SIM5
SIM1
SIM2
SIM3
SIM4
1
21
22
SIM5
SIM1
SIM2
SIM3
SIM4
1
21
22
SIM5
SIM1
SIM2
SIM3
SIM4
1
21
22
SIM5
SIM1
SIM2
SIM3
SIM4
1
21
22
SIM5
SIM1
SIM2
SIM3
SIM4
1
21
22
SIM5
SIM1
SIM2
SIM3
SIM4
1
21
22
SIM5
SIM1
SIM2
SIM3
SIM4
1
21
22
SIM5
SIM1
SIM2
SIM3
SIM4
1
21
22
SIM5
SIM1
SIM2
SIM3
SIM4
1
21
22
SIM5
SIM1
SIM2
SIM3
SIM4
1
21
22
SIM5
SIM1
SIM2
SIM3
SIM4
1
21
22
SIM5
SIM1
SIM2
SIM3
SIM4
1
21
22
SIM5
SIM1
SIM2
SIM3
SIM4
1
21
22
SIM5
SIM1
SIM2
SIM3
SIM4
1
21
22
SIM5
SIM1
SIM2
SIM3
SIM4
1
21
22
SIM5
SIM1
SIM2
SIM3
SIM4
1
21
22
SIM5
SIM1
SIM2
SIM3
SIM4
1
21
22
SIM5
SIM1
SIM2
SIM3
SIM4
1
21
22
SIM5
SIM1
SIM2
SIM3
SIM4
1
21
22
SIM5
SIM1
SIM2
SIM3
SIM4
1
21
22
SIM5
SIM1
SIM2
SIM3
SIM4
1
21
22
SIM5
SIM1
SIM2
SIM3
SIM4
1
21
22
SIM5
SIM1
SIM2
SIM3
SIM4
1
21
22
SIM5
SIM1
SIM2
SIM3
SIM4
1
21
22
SIM5
SIM1
SIM2
SIM3
SIM4
1
21
22
SIM5
SIM1
SIM2
SIM3
SIM4
1
21
22
SIM5
SIM1
SIM2
SIM3
SIM4
1
21
22
SIM5
SIM1
SIM2
SIM3
SIM4
1
21
22
SIM5
SIM1
SIM2
SIM3
SIM4
1
21
22
SIM5
SIM1
SIM2
SIM3
SIM4
1
21
22
SIM5
SIM1
SIM2
SIM3
SIM4
1
21
22
SIM5
SIM1
SIM2
SIM3
SIM4
1
21
22
SIM5
SIM1
SIM2
SIM3
SIM4
1
21
22
SIM5
SIM1
SIM2
SIM3
SIM4
1
21
22
SIM5
SIM1
SIM2
SIM3
SIM4
1
21
22
SIM5
SIM1
SIM2
SIM3
SIM4
1
21
22
SIM5
SIM1
SIM2
DEBUG 1 473
SIM1
SIM2
SIM3
SIM4
1
21
22
SIM5
SIM1
SIM2
SIM3
SIM4
1
21
22
SIM5
SIM1
SIM2
SIM3
SIM4
1
21
22
SIM5
SIM1
SIM2
SIM3
SIM4
1
21
22
SIM5
SIM1
SIM2
SIM3
SIM4
1
21
22
SIM5
SIM1
SIM2
SIM3
SIM4
1
21
22
SIM5
SIM1
SIM2
SIM3
SIM4
1
21
22
SIM5
SIM1
SIM2
SIM3
SIM4
1
21
22
SIM5
SIM1
SIM2
SIM3
SIM4
1
21
22
SIM5
SIM1
SIM2
SIM3
SIM4
1
21
22
SIM5
SIM1
SIM2
SIM3
SIM4
1
21
22
SIM5
SIM1
SIM2
SIM3
SIM4
1
21
22
SIM5
SIM1
SIM2
SIM3
SIM4
1
21
22
SIM5
SIM1
SIM2
SIM3
SIM4
1
21
22
SIM5
SIM1
SIM2
SIM3
SIM4
1
21
22
SIM5
SIM1
SIM2
SIM3
SIM4
1
21
22
SIM5
SIM1
SIM2
SIM3
SIM4
1
21
22
SIM5
SIM1
SIM2
SIM3
SIM4
1
21
22
SIM5
SIM1
SIM2
SIM3
SIM4
1
21
22
SIM5
SIM1
SIM2
SIM3
SIM4
1
21
22
SIM5
SIM1
SIM2
SIM3
SIM4
1
21
22
SIM5
SIM1
SIM2
SIM3
SIM4
1
21
22
SIM5
SIM1
SIM2
SIM3
SIM4
1
21
22
SIM5
SIM1
SIM2
SIM3
SIM4
1
21
22
SIM5
SIM1
SIM2
SIM3
SIM4
1
21
22
SIM5
SIM1
SIM2
SIM3
SIM4
1
21
22
SIM5
SIM1
SIM2
SIM3
SIM4
1
21
22
SIM5
SIM1
SIM2
SIM3
SIM4
1
21
22
SIM5
SIM1
SIM2
SIM3
SIM4
1
21
22
SIM5
SIM1
SIM2
SIM3
SIM4
1
21
22
SIM5
SIM1
SIM2
SIM3
SIM4
1
21
22
SIM5
SIM1
SIM2
SIM3
SIM4
1
21
22
SIM5
SIM1
SIM2
SIM3
SIM4
1
21
22
SIM5
SIM1
SIM2
SIM3
SIM4
1
21
22
SIM5
SIM1
SIM2
SIM3
SIM4
1
21
22
SIM5
SIM1
SIM2
SIM3
SIM4
1
21
22
SIM5
SIM1
SIM2
SIM3
SIM4
1
21
22
SIM5
SIM1
SIM2
SIM3
SIM4
1
21
22
SIM5
SIM1
SIM2
SIM3
SIM4
1
21
22
SIM5
SIM1
SIM2
SIM3
SIM4
1
21
22
SIM5
SIM1
SIM2
SIM3
SIM4
1
21
22
SIM5
SIM1
SIM2
SIM3
SIM4
1
21
22
SIM5
SIM1
SIM2
SIM3
SIM4
1
21
22
SIM5
SIM1
SIM2
SIM3
SIM4
1
21
22
SIM5
SIM1
SIM2
SIM3
SIM4
1
21
22
SIM5
SIM1
SIM2
SIM3
SIM4
1
21
22
SIM5
SIM1
SIM2
SIM3
SIM4
1
21
22
SIM5
SIM1
SIM2
SIM3
SIM4
1
21
22
SIM5
SIM1
SIM2
SIM3
SIM4
1
21
22
SIM5
SIM1
SIM2
SIM3
SIM4
1
21
22
SIM5
SIM1
SIM2
SIM3
SIM4
1
21
22
SIM5
SIM1
SIM2
SIM3
SIM4
1
21
22
SIM5
SIM1
SIM2
SIM3
SIM4
1
21
22
SIM5
SIM1
SIM2
SIM3
SIM4
1
21
22
SIM5
SIM1
SIM2
SIM3
SIM4
1
21
22
SIM5
SIM1
SIM2
SIM3
SIM4
1
21
22
SIM5
SIM1
SIM2
SIM3
SIM4
1
21
22
SIM5
SIM1
SIM2
SIM3
SIM4
1
21
22
SIM5
SIM1
SIM2
SIM3
SIM4
1
21
22
SIM5
SIM1
SIM2
SIM3
SIM4
1
21
22
SIM5
SIM1
SIM2
SIM3
SIM4
1
21
22
SIM5
SIM1
SIM2
SIM3
SIM4
1
21
22
SIM5
SIM1
SIM2
SIM3
SIM4
1
21
22
SIM5
SIM1
SIM2
SIM3
SIM4
1
21
22
SIM5
SIM1
SIM2
SIM3
SIM4
1
21
22
SIM5
SIM1
SIM2
SIM3
SIM4
1
21
22
SIM5
SIM1
SIM2
SIM3
SIM4
1
21
22
SIM5
SIM1
SIM2
SIM3
SIM4
1
21
22
SIM5
SIM1
SIM2
SIM3
SIM4
1
21
22
SIM5
SIM1
SIM2
SIM3
SIM4
1
21
22
SIM5
SIM1
SIM2
SIM3
SIM4
1
21
22
SIM5
SIM1
SIM2
SIM3
SIM4
1
21
22
SIM5
SIM1
SIM2
SIM3
SIM4
1
21
22
SIM5
SIM1
SIM2
SIM3
SIM4
1
21
22
SIM5
SIM1
SIM2
SIM3
SIM4
1
21
22
SIM5
SIM1
SIM2
SIM3
SIM4
1
21
22
SIM5
SIM1
SIM2
SIM3
SIM4
1
21
22
SIM5
SIM1
SIM2
SIM3
SIM4
1
21
22
SIM5
SIM1
SIM2
SIM3
SIM4
1
21
22
SIM5
SIM1
SIM2
SIM3
SIM4
1
21
22
SIM5
SIM1
SIM2
SIM3
SIM4
1
21
22
SIM5
SIM1
SIM2
SIM3
SIM4
1
21
22
SIM5
SIM1
SIM2
SIM3
SIM4
1
21
22
SIM5
SIM1
SIM2
SIM3
SIM4
1
21
22
SIM5
SIM1
SIM2
SIM3
SIM4
1
21
22
SIM5
SIM1
SIM2
SIM3
SIM4
1
21
22
SIM5
SIM1
SIM2
SIM3
SIM4
1
21
22
SIM5
SIM1
SIM2
SIM3
SIM4
1
21
22
SIM5
SIM1
SIM2
SIM3
SIM4
1
21
22
SIM5
SIM1
SIM2
SIM3
SIM4
1
21
22
SIM5
SIM1
SIM2
SIM3
SIM4
1
21
22
SIM5
SIM1
SIM2
SIM3
SIM4
1
21
22
SIM5
SIM1
SIM2
SIM3
SIM4
1
21
22
SIM5
SIM1
SIM2
SIM3
SIM4
1
21
22
SIM5
SIM1
SIM2
SIM3
SIM4
1
21
22
SIM5
SIM1
SIM2
SIM3
SIM4
1
21
22
SIM5
SIM1
SIM2
SIM3
SIM4
1
21
22
SIM5
SIM1
SIM2
SIM3
SIM4
1
21
22
SIM5
SIM1
SIM2
SIM3
SIM4
1
21
22
SIM5
SIM1
SIM2
SIM3
SIM4
1
21
22
SIM5
SIM1
SIM2
SIM3
SIM4
1
21
22
SIM5
SIM1
SIM2
SIM3
SIM4
1
21
22
SIM5
SIM1
SIM2
SIM3
SIM4
1
21
22
SIM5
SIM1
SIM2
SIM3
SIM4
1
21
22
SIM5
SIM1
SIM2
SIM3
SIM4
1
21
22
SIM5
SIM1
SIM2
SIM3
SIM4
1
21
22
SIM5
SIM1
SIM2
SIM3
SIM4
1
21
22
SIM5
SIM1
SIM2
SIM3
SIM4
1
21
22
SIM5
SIM1
SIM2
SIM3
SIM4
1
21
22
SIM5
SIM1
SIM2
SIM3
SIM4
1
21
22
SIM5
SIM1
SIM2
SIM3
SIM4
1
21
22
SIM5
SIM1
SIM2
SIM3
SIM4
1
21
22
SIM5
SIM1
SIM2
SIM3
SIM4
1
21
22
SIM5
SIM1
SIM2
SIM3
SIM4
1
21
22
SIM5
SIM1
SIM2
SIM3
SIM4
1
21
22
SIM5
SIM1
SIM2
SIM3
SIM4
1
21
22
SIM5
SIM1
SIM2
SIM3
SIM4
1
21
22
SIM5
SIM1
SIM2
SIM3
SIM4
1
21
22
SIM5
SIM1
SIM2
SIM3
SIM4
1
21
22
SIM5
SIM1
SIM2
SIM3
SIM4
1
21
22
SIM5
SIM1
SIM2
SIM3
SIM4
1
21
22
SIM5
SIM1
SIM2
SIM3
SIM4
1
21
22
SIM5
SIM1
SIM2
SIM3
SIM4
1
21
22
SIM5
SIM1
SIM2
SIM3
SIM4
1
21
22
SIM5
SIM1
SIM2
SIM3
SIM4
1
21
22
SIM5
SIM1
SIM2
SIM3
SIM4
1
21
22
SIM5
SIM1
SIM2
SIM3
SIM4
1
21
22
SIM5
SIM1
SIM2
SIM3
SIM4
1
21
22
SIM5
SIM1
SIM2
SIM3
SIM4
1
21
22
SIM5
SIM1
SIM2
SIM3
SIM4
1
21
22
SIM5
SIM1
SIM2
SIM3
SIM4
1
21
22
SIM5
SIM1
SIM2
SIM3
SIM4
1
21
22
SIM5
SIM1
SIM2
SIM3
SIM4
1
21
22
SIM5
SIM1
SIM2
SIM3
SIM4
1
21
22
SIM5
SIM1
SIM2
SIM3
SIM4
1
21
22
SIM5
SIM1
SIM2
SIM3
SIM4
1
21
22
SIM5
SIM1
SIM2
SIM3
SIM4
1
21
22
SIM5
SIM1
SIM2
SIM3
SIM4
1
21
22
SIM5
SIM1
SIM2
SIM3
SIM4
1
21
22
SIM5
SIM1
SIM2
SIM3
SIM4
1
21
22
SIM5
SIM1
SIM2
SIM3
SIM4
1
21
22
SIM5
SIM1
SIM2
DEBUG 1 474
SIM1
SIM2
SIM3
SIM4
1
21
22
SIM5
SIM1
SIM2
SIM3
SIM4
1
21
22
SIM5
SIM1
SIM2
SIM3
SIM4
1
21
22
SIM5
SIM1
SIM2
SIM3
SIM4
1
21
22
SIM5
SIM1
SIM2
SIM3
SIM4
1
21
22
SIM5
SIM1
SIM2
SIM3
SIM4
1
21
22
SIM5
SIM1
SIM2
SIM3
SIM4
1
21
22
SIM5
SIM1
SIM2
SIM3
SIM4
1
21
22
SIM5
SIM1
SIM2
SIM3
SIM4
1
21
22
SIM5
SIM1
SIM2
SIM3
SIM4
1
21
22
SIM5
SIM1
SIM2
SIM3
SIM4
1
21
22
SIM5
SIM1
SIM2
SIM3
SIM4
1
21
22
SIM5
SIM1
SIM2
SIM3
SIM4
1
21
22
SIM5
SIM1
SIM2
SIM3
SIM4
1
21
22
SIM5
SIM1
SIM2
SIM3
SIM4
1
21
22
SIM5
SIM1
SIM2
SIM3
SIM4
1
21
22
SIM5
SIM1
SIM2
SIM3
SIM4
1
21
22
SIM5
SIM1
SIM2
SIM3
SIM4
1
21
22
SIM5
SIM1
SIM2
SIM3
SIM4
1
21
22
SIM5
SIM1
SIM2
SIM3
SIM4
1
21
22
SIM5
SIM1
SIM2
SIM3
SIM4
1
21
22
SIM5
SIM1
SIM2
SIM3
SIM4
1
21
22
SIM5
SIM1
SIM2
SIM3
SIM4
1
21
22
SIM5
SIM1
SIM2
SIM3
SIM4
1
21
22
SIM5
SIM1
SIM2
SIM3
SIM4
1
21
22
SIM5
SIM1
SIM2
SIM3
SIM4
1
21
22
SIM5
SIM1
SIM2
SIM3
SIM4
1
21
22
SIM5
SIM1
SIM2
SIM3
SIM4
1
21
22
SIM5
SIM1
SIM2
SIM3
SIM4
1
21
22
SIM5
SIM1
SIM2
SIM3
SIM4
1
21
22
SIM5
SIM1
SIM2
SIM3
SIM4
1
21
22
SIM5
SIM1
SIM2
SIM3
SIM4
1
21
22
SIM5
SIM1
SIM2
SIM3
SIM4
1
21
22
SIM5
SIM1
SIM2
SIM3
SIM4
1
21
22
SIM5
SIM1
SIM2
SIM3
SIM4
1
21
22
SIM5
SIM1
SIM2
SIM3
SIM4
1
21
22
SIM5
SIM1
SIM2
SIM3
SIM4
1
21
22
SIM5
SIM1
SIM2
SIM3
SIM4
1
21
22
SIM5
SIM1
SIM2
SIM3
SIM4
1
21
22
SIM5
SIM1
SIM2
SIM3
SIM4
1
21
22
SIM5
SIM1
SIM2
SIM3
SIM4
1
21
22
SIM5
SIM1
SIM2
SIM3
SIM4
1
21
22
SIM5
SIM1
SIM2
SIM3
SIM4
1
21
22
SIM5
SIM1
SIM2
SIM3
SIM4
1
21
22
SIM5
SIM1
SIM2
SIM3
SIM4
1
21
22
SIM5
SIM1
SIM2
SIM3
SIM4
1
21
22
SIM5
SIM1
SIM2
SIM3
SIM4
1
21
22
SIM5
SIM1
SIM2
SIM3
SIM4
1
21
22
SIM5
SIM1
SIM2
SIM3
SIM4
1
21
22
SIM5
SIM1
SIM2
SIM3
SIM4
1
21
22
SIM5
SIM1
SIM2
SIM3
SIM4
1
21
22
SIM5
SIM1
SIM2
SIM3
SIM4
1
21
22
SIM5
SIM1
SIM2
SIM3
SIM4
1
21
22
SIM5
SIM1
SIM2
SIM3
SIM4
1
21
22
SIM5
SIM1
SIM2
SIM3
SIM4
1
21
22
SIM5
SIM1
SIM2
SIM3
SIM4
1
21
22
SIM5
SIM1
SIM2
SIM3
SIM4
1
21
22
SIM5
SIM1
SIM2
SIM3
SIM4
1
21
22
SIM5
SIM1
SIM2
SIM3
SIM4
1
21
22
SIM5
SIM1
SIM2
SIM3
SIM4
1
21
22
SIM5
SIM1
SIM2
SIM3
SIM4
1
21
22
SIM5
SIM1
SIM2
SIM3
SIM4
1
21
22
SIM5
SIM1
SIM2
SIM3
SIM4
1
21
22
SIM5
SIM1
SIM2
SIM3
SIM4
1
21
22
SIM5
SIM1
SIM2
SIM3
SIM4
1
21
22
SIM5
SIM1
SIM2
SIM3
SIM4
1
21
22
SIM5
SIM1
SIM2
SIM3
SIM4
1
21
22
SIM5
SIM1
SIM2
SIM3
SIM4
1
21
22
SIM5
SIM1
SIM2
SIM3
SIM4
1
21
22
SIM5
SIM1
SIM2
SIM3
SIM4
1
21
22
SIM5
SIM1
SIM2
SIM3
SIM4
1
21
22
SIM5
SIM1
SIM2
SIM3
SIM4
1
21
22
SIM5
SIM1
SIM2
SIM3
SIM4
1
21
22
SIM5
SIM1
SIM2
SIM3
SIM4
1
21
22
SIM5
SIM1
SIM2
SIM3
SIM4
1
21
22
SIM5
SIM1
SIM2
SIM3
SIM4
1
21
22
SIM5
SIM1
SIM2
SIM3
SIM4
1
21
22
SIM5
SIM1
SIM2
SIM3
SIM4
1
21
22
SIM5
SIM1
SIM2
SIM3
SIM4
1
21
22
SIM5
SIM1
SIM2
SIM3
SIM4
1
21
22
SIM5
SIM1
SIM2
SIM3
SIM4
1
21
22
SIM5
SIM1
SIM2
SIM3
SIM4
1
21
22
SIM5
SIM1
SIM2
SIM3
SIM4
1
21
22
SIM5
SIM1
SIM2
SIM3
SIM4
1
21
22
SIM5
SIM1
SIM2
SIM3
SIM4
1
21
22
SIM5
SIM1
SIM2
SIM3
SIM4
1
21
22
SIM5
SIM1
SIM2
SIM3
SIM4
1
21
22
SIM5
SIM1
SIM2
SIM3
SIM4
1
21
22
SIM5
SIM1
SIM2
SIM3
SIM4
1
21
22
SIM5
SIM1
SIM2
SIM3
SIM4
1
21
22
SIM5
SIM1
SIM2
SIM3
SIM4
1
21
22
SIM5
SIM1
SIM2
SIM3
SIM4
1
21
22
SIM5
SIM1
SIM2
SIM3
SIM4
1
21
22
SIM5
SIM1
SIM2
SIM3
SIM4
1
21
22
SIM5
SIM1
SIM2
SIM3
SIM4
1
21
22
SIM5
SIM1
SIM2
SIM3
SIM4
1
21
22
SIM5
SIM1
SIM2
SIM3
SIM4
1
21
22
SIM5
SIM1
SIM2
SIM3
SIM4
1
21
22
SIM5
SIM1
SIM2
SIM3
SIM4
1
21
22
SIM5
SIM1
SIM2
SIM3
SIM4
1
21
22
SIM5
SIM1
SIM2
SIM3
SIM4
1
21
22
SIM5
SIM1
SIM2
SIM3
SIM4
1
21
22
SIM5
SIM1
SIM2
SIM3
SIM4
1
21
22
SIM5
SIM1
SIM2
SIM3
SIM4
1
21
22
SIM5
SIM1
SIM2
SIM3
SIM4
1
21
22
SIM5
SIM1
SIM2
SIM3
SIM4
1
21
22
SIM5
SIM1
SIM2
SIM3
SIM4
1
21
22
SIM5
SIM1
SIM2
SIM3
SIM4
1
21
22
SIM5
SIM1
SIM2
SIM3
SIM4
1
21
22
SIM5
SIM1
SIM2
SIM3
SIM4
1
21
22
SIM5
SIM1
SIM2
SIM3
SIM4
1
21
22
SIM5
SIM1
SIM2
SIM3
SIM4
1
21
22
SIM5
SIM1
SIM2
SIM3
SIM4
1
21
22
SIM5
SIM1
SIM2
SIM3
SIM4
1
21
22
SIM5
SIM1
SIM2
SIM3
SIM4
1
21
22
SIM5
SIM1
SIM2
SIM3
SIM4
1
21
22
SIM5
SIM1
SIM2
SIM3
SIM4
1
21
22
SIM5
SIM1
SIM2
SIM3
SIM4
1
21
22
SIM5
SIM1
SIM2
SIM3
SIM4
1
21
22
SIM5
SIM1
SIM2
SIM3
SIM4
1
21
22
SIM5
SIM1
SIM2
SIM3
SIM4
1
21
22
SIM5
SIM1
SIM2
SIM3
SIM4
1
21
22
SIM5
SIM1
SIM2
SIM3
SIM4
1
21
22
SIM5
SIM1
SIM2
SIM3
SIM4
1
21
22
SIM5
SIM1
SIM2
SIM3
SIM4
1
21
22
SIM5
SIM1
SIM2
SIM3
SIM4
1
21
22
SIM5
SIM1
SIM2
SIM3
SIM4
1
21
22
SIM5
SIM1
SIM2
SIM3
SIM4
1
21
22
SIM5
SIM1
SIM2
SIM3
SIM4
1
21
22
SIM5
SIM1
SIM2
SIM3
SIM4
1
21
22
SIM5
SIM1
SIM2
SIM3
SIM4
1
21
22
SIM5
SIM1
SIM2
SIM3
SIM4
1
21
22
SIM5
SIM1
SIM2
SIM3
SIM4
1
21
22
SIM5
SIM1
SIM2
SIM3
SIM4
1
21
22
SIM5
SIM1
SIM2
SIM3
SIM4
1
21
22
SIM5
SIM1
SIM2
SIM3
SIM4
1
21
22
SIM5
SIM1
SIM2
SIM3
SIM4
1
21
22
SIM5
SIM1
SIM2
SIM3
SIM4
1
21
22
SIM5
SIM1
SIM2
SIM3
SIM4
1
21
22
SIM5
SIM1
SIM2
SIM3
SIM4
1
21
22
SIM5
SIM1
SIM2
SIM3
SIM4
1
21
22
SIM5
SIM1
SIM2
SIM3
SIM4
1
21
22
SIM5
SIM1
SIM2
SIM3
SIM4
1
21
22
SIM5
SIM1
SIM2
SIM3
SIM4
1
21
22
SIM5
SIM1
SIM2
SIM3
SIM4
1
21
22
SIM5
SIM1
SIM2
SIM3
SIM4
1
21
22
SIM5
SIM1
SIM2
SIM3
SIM4
1
21
22
SIM5
SIM1
SIM2
SIM3
SIM4
1
21
22
SIM5
SIM1
SIM2
SIM3
SIM4
1
21
22
SIM5
SIM1
SIM2
SIM3
SIM4
1
21
22
SIM5
SIM1
SIM2
SIM3
SIM4
1
21
22
SIM5
SIM1
SIM2
SIM3
SIM4
1
21
22
SIM5
SIM1
SIM2
SIM3
SIM4
1
21
22
SIM5
SIM1
SIM2
SIM3
SIM4
1
21
22
SIM5
SIM1
SIM2
SIM3
SIM4
1
21
22
SIM5
SIM1
SIM2
SIM3
SIM4
1
21
22
SIM5
SIM1
SIM2
SIM3
SIM4
1
21
22
SIM5
SIM1
SIM2
SIM3
SIM4
1
21
22
SIM5
SIM1
SIM2
SIM3
SIM4
1
21
22
SIM5
SIM1
SIM2
SIM3
SIM4
1
21
22
SIM5
SIM1
SIM2
SIM3
SIM4
1
21
22
SIM5
SIM1
SIM2
SIM3
SIM4
1
21
22
SIM5
SIM1
SIM2
SIM3
SIM4
1
21
22
SIM5
SIM1
SIM2
SIM3
SIM4
1
21
22
SIM5
SIM1
SIM2
SIM3
SIM4
1
21
22
SIM5
SIM1
SIM2
SIM3
SIM4
1
21
22
SIM5
SIM1
SIM2
SIM3
SIM4
1
21
22
SIM5
SIM1
SIM2
SIM3
SIM4
1
21
22
SIM5
SIM1
SIM2
SIM3
SIM4
1
21
22
SIM5
SIM1
SIM2
SIM3
SIM4
1
21
22
SIM5
SIM1
SIM2
SIM3
SIM4
1
21
22
SIM5
SIM1
SIM2
SIM3
SIM4
1
21
22
SIM5
SIM1
SIM2
SIM3
SIM4
1
21
22
SIM5
SIM1
SIM2
SIM3
SIM4
1
21
22
SIM5
SIM1
SIM2
SIM3
SIM4
1
21
22
SIM5
SIM1
SIM2
SIM3
SIM4
1
21
22
SIM5
SIM1
SIM2
SIM3
SIM4
1
21
22
SIM5
SIM1
SIM2
SIM3
SIM4
1
21
22
SIM5
SIM1
SIM2
SIM3
SIM4
1
21
22
SIM5
SIM1
SIM2
SIM3
SIM4
1
21
22
SIM5
SIM1
SIM2
SIM3
SIM4
1
21
22
SIM5
SIM1
SIM2
SIM3
SIM4
1
21
22
SIM5
SIM1
SIM2
SIM3
SIM4
1
21
22
SIM5
SIM1
SIM2
SIM3
SIM4
1
21
22
SIM5
SIM1
SIM2
SIM3
SIM4
1
21
22
SIM5
SIM1
SIM2
SIM3
SIM4
1
21
22
SIM5
SIM1
SIM2
SIM3
SIM4
1
21
22
SIM5
SIM1
SIM2
SIM3
SIM4
1
21
22
SIM5
SIM1
SIM2
SIM3
SIM4
1
21
22
SIM5
SIM1
SIM2
SIM3
SIM4
1
21
22
SIM5
SIM1
SIM2
SIM3
SIM4
1
21
22
SIM5
SIM1
SIM2
SIM3
SIM4
1
21
22
SIM5
SIM1
SIM2
SIM3
SIM4
1
21
22
SIM5
SIM1
SIM2
SIM3
SIM4
1
21
22
SIM5
SIM1
SIM2
SIM3
SIM4
1
21
22
SIM5
SIM1
SIM2
SIM3
SIM4
1
21
22
SIM5
SIM1
SIM2
SIM3
SIM4
1
21
22
SIM5
SIM1
SIM2
SIM3
SIM4
1
21
22
SIM5
SIM1
SIM2
SIM3
SIM4
1
21
22
SIM5
SIM1
SIM2
SIM3
SIM4
1
21
22
SIM5
SIM1
SIM2
SIM3
SIM4
1
21
22
SIM5
SIM1
SIM2
SIM3
SIM4
1
21
22
SIM5
SIM1
SIM2
SIM3
SIM4
1
21
22
SIM5
SIM1
SIM2
SIM3
SIM4
1
21
22
SIM5
SIM1
SIM2
SIM3
SIM4
1
21
22
SIM5
SIM1
SIM2
SIM3
SIM4
1
21
22
SIM5
SIM1
SIM2
SIM3
SIM4
1
21
22
SIM5
SIM1
SIM2
SIM3
SIM4
1
21
22
SIM5
SIM1
SIM2
SIM3
SIM4
1
21
22
SIM5
SIM1
SIM2
SIM3
SIM4
1
21
22
SIM5
SIM1
SIM2
SIM3
SIM4
1
21
22
SIM5
SIM1
SIM2
SIM3
SIM4
1
21
22
SIM5
SIM1
SIM2
SIM3
SIM4
1
21
22
SIM5
SIM1
SIM2
SIM3
SIM4
1
21
22
SIM5
SIM1
SIM2
SIM3
SIM4
1
21
22
SIM5
SIM1
SIM2
SIM3
SIM4
1
21
22
SIM5
SIM1
SIM2
SIM3
SIM4
1
21
22
SIM5
SIM1
SIM2
SIM3
SIM4
1
21
22
SIM5
SIM1
SIM2
SIM3
SIM4
1
21
22
SIM5
SIM1
SIM2
SIM3
SIM4
1
21
22
SIM5
SIM1
SIM2
SIM3
SIM4
1
21
22
SIM5
SIM1
SIM2
SIM3
SIM4
1
21
22
SIM5
SIM1
SIM2
SIM3
SIM4
1
21
22
SIM5
SIM1
SIM2
SIM3
SIM4
1
21
22
SIM5
SIM1
SIM2
SIM3
SIM4
1
21
22
SIM5
SIM1
SIM2
SIM3
SIM4
1
21
22
SIM5
SIM1
SIM2
SIM3
SIM4
1
21
22
SIM5
SIM1
SIM2
SIM3
SIM4
1
21
22
SIM5
SIM1
SIM2
SIM3
SIM4
1
21
22
SIM5
SIM1
SIM2
SIM3
SIM4
1
21
22
SIM5
SIM1
SIM2
DEBUG 1 475
SIM1
SIM2
SIM3
SIM4
1
21
22
SIM5
SIM1
SIM2
SIM3
SIM4
1
21
22
SIM5
SIM1
SIM2
SIM3
SIM4
1
21
22
SIM5
SIM1
SIM2
SIM3
SIM4
1
21
22
SIM5
SIM1
SIM2
SIM3
SIM4
1
21
22
SIM5
SIM1
SIM2
SIM3
SIM4
1
21
22
SIM5
SIM1
SIM2
SIM3
SIM4
1
21
22
SIM5
SIM1
SIM2
SIM3
SIM4
1
21
22
SIM5
SIM1
SIM2
SIM3
SIM4
1
21
22
SIM5
SIM1
SIM2
SIM3
SIM4
1
21
22
SIM5
SIM1
SIM2
SIM3
SIM4
1
21
22
SIM5
SIM1
SIM2
SIM3
SIM4
1
21
22
SIM5
SIM1
SIM2
SIM3
SIM4
1
21
22
SIM5
SIM1
SIM2
SIM3
SIM4
1
21
22
SIM5
SIM1
SIM2
SIM3
SIM4
1
21
22
SIM5
SIM1
SIM2
SIM3
SIM4
1
21
22
SIM5
SIM1
SIM2
SIM3
SIM4
1
21
22
SIM5
SIM1
SIM2
SIM3
SIM4
1
21
22
SIM5
SIM1
SIM2
SIM3
SIM4
1
21
22
SIM5
SIM1
SIM2
SIM3
SIM4
1
21
22
SIM5
SIM1
SIM2
SIM3
SIM4
1
21
22
SIM5
SIM1
SIM2
SIM3
SIM4
1
21
22
SIM5
SIM1
SIM2
SIM3
SIM4
1
21
22
SIM5
SIM1
SIM2
SIM3
SIM4
1
21
22
SIM5
SIM1
SIM2
SIM3
SIM4
1
21
22
SIM5
SIM1
SIM2
SIM3
SIM4
1
21
22
SIM5
SIM1
SIM2
SIM3
SIM4
1
21
22
SIM5
SIM1
SIM2
SIM3
SIM4
1
21
22
SIM5
SIM1
SIM2
SIM3
SIM4
1
21
22
SIM5
SIM1
SIM2
SIM3
SIM4
1
21
22
SIM5
SIM1
SIM2
SIM3
SIM4
1
21
22
SIM5
SIM1
SIM2
SIM3
SIM4
1
21
22
SIM5
SIM1
SIM2
SIM3
SIM4
1
21
22
SIM5
SIM1
SIM2
SIM3
SIM4
1
21
22
SIM5
SIM1
SIM2
SIM3
SIM4
1
21
22
SIM5
SIM1
SIM2
SIM3
SIM4
1
21
22
SIM5
SIM1
SIM2
SIM3
SIM4
1
21
22
SIM5
SIM1
SIM2
SIM3
SIM4
1
21
22
SIM5
SIM1
SIM2
SIM3
SIM4
1
21
22
SIM5
SIM1
SIM2
SIM3
SIM4
1
21
22
SIM5
SIM1
SIM2
SIM3
SIM4
1
21
22
SIM5
SIM1
SIM2
SIM3
SIM4
1
21
22
SIM5
SIM1
SIM2
SIM3
SIM4
1
21
22
SIM5
SIM1
SIM2
SIM3
SIM4
1
21
22
SIM5
SIM1
SIM2
SIM3
SIM4
1
21
22
SIM5
SIM1
SIM2
SIM3
SIM4
1
21
22
SIM5
SIM1
SIM2
SIM3
SIM4
1
21
22
SIM5
SIM1
SIM2
SIM3
SIM4
1
21
22
SIM5
SIM1
SIM2
SIM3
SIM4
1
21
22
SIM5
SIM1
SIM2
SIM3
SIM4
1
21
22
SIM5
SIM1
SIM2
SIM3
SIM4
1
21
22
SIM5
SIM1
SIM2
SIM3
SIM4
1
21
22
SIM5
SIM1
SIM2
SIM3
SIM4
1
21
22
SIM5
SIM1
SIM2
SIM3
SIM4
1
21
22
SIM5
SIM1
SIM2
SIM3
SIM4
1
21
22
SIM5
SIM1
SIM2
SIM3
SIM4
1
21
22
SIM5
SIM1
SIM2
SIM3
SIM4
1
21
22
SIM5
SIM1
SIM2
SIM3
SIM4
1
21
22
SIM5
SIM1
SIM2
SIM3
SIM4
1
21
22
SIM5
SIM1
SIM2
SIM3
SIM4
1
21
22
SIM5
SIM1
SIM2
SIM3
SIM4
1
21
22
SIM5
SIM1
SIM2
SIM3
SIM4
1
21
22
SIM5
SIM1
SIM2
SIM3
SIM4
1
21
22
SIM5
SIM1
SIM2
SIM3
SIM4
1
21
22
SIM5
SIM1
SIM2
SIM3
SIM4
1
21
22
SIM5
SIM1
SIM2
SIM3
SIM4
1
21
22
SIM5
SIM1
SIM2
SIM3
SIM4
1
21
22
SIM5
SIM1
SIM2
SIM3
SIM4
1
21
22
SIM5
SIM1
SIM2
SIM3
SIM4
1
21
22
SIM5
SIM1
SIM2
SIM3
SIM4
1
21
22
SIM5
SIM1
SIM2
SIM3
SIM4
1
21
22
SIM5
SIM1
SIM2
SIM3
SIM4
1
21
22
SIM5
SIM1
SIM2
SIM3
SIM4
1
21
22
SIM5
SIM1
SIM2
SIM3
SIM4
1
21
22
SIM5
SIM1
SIM2
SIM3
SIM4
1
21
22
SIM5
SIM1
SIM2
SIM3
SIM4
1
21
22
SIM5
SIM1
SIM2
SIM3
SIM4
1
21
22
SIM5
SIM1
SIM2
SIM3
SIM4
1
21
22
SIM5
SIM1
SIM2
SIM3
SIM4
1
21
22
SIM5
SIM1
SIM2
SIM3
SIM4
1
21
22
SIM5
SIM1
SIM2
SIM3
SIM4
1
21
22
SIM5
SIM1
SIM2
SIM3
SIM4
1
21
22
SIM5
SIM1
SIM2
SIM3
SIM4
1
21
22
SIM5
SIM1
SIM2
SIM3
SIM4
1
21
22
SIM5
SIM1
SIM2
SIM3
SIM4
1
21
22
SIM5
SIM1
SIM2
SIM3
SIM4
1
21
22
SIM5
SIM1
SIM2
SIM3
SIM4
1
21
22
SIM5
SIM1
SIM2
SIM3
SIM4
1
21
22
SIM5
SIM1
SIM2
SIM3
SIM4
1
21
22
SIM5
SIM1
SIM2
SIM3
SIM4
1
21
22
SIM5
SIM1
SIM2
SIM3
SIM4
1
21
22
SIM5
SIM1
SIM2
SIM3
SIM4
1
21
22
SIM5
SIM1
SIM2
SIM3
SIM4
1
21
22
SIM5
SIM1
SIM2
SIM3
SIM4
1
21
22
SIM5
SIM1
SIM2
SIM3
SIM4
1
21
22
SIM5
SIM1
SIM2
SIM3
SIM4
1
21
22
SIM5
SIM1
SIM2
SIM3
SIM4
1
21
22
SIM5
SIM1
SIM2
SIM3
SIM4
1
21
22
SIM5
SIM1
SIM2
SIM3
SIM4
1
21
22
SIM5
SIM1
SIM2
SIM3
SIM4
1
21
22
SIM5
SIM1
SIM2
SIM3
SIM4
1
21
22
SIM5
SIM1
SIM2
SIM3
SIM4
1
21
22
SIM5
SIM1
SIM2
SIM3
SIM4
1
21
22
SIM5
SIM1
SIM2
SIM3
SIM4
1
21
22
SIM5
SIM1
SIM2
SIM3
SIM4
1
21
22
SIM5
SIM1
SIM2
SIM3
SIM4
1
21
22
SIM5
SIM1
SIM2
SIM3
SIM4
1
21
22
SIM5
SIM1
SIM2
SIM3
SIM4
1
21
22
SIM5
SIM1
SIM2
SIM3
SIM4
1
21
22
SIM5
SIM1
SIM2
DEBUG 1 476
SIM1
SIM2
SIM3
SIM4
1
21
22
SIM5
SIM1
SIM2
SIM3
SIM4
1
21
22
SIM5
SIM1
SIM2
SIM3
SIM4
1
21
22
SIM5
SIM1
SIM2
SIM3
SIM4
1
21
22
SIM5
SIM1
SIM2
SIM3
SIM4
1
21
22
SIM5
SIM1
SIM2
SIM3
SIM4
1
21
22
SIM5
SIM1
SIM2
SIM3
SIM4
1
21
22
SIM5
SIM1
SIM2
SIM3
SIM4
1
21
22
SIM5
SIM1
SIM2
SIM3
SIM4
1
21
22
SIM5
SIM1
SIM2
SIM3
SIM4
1
21
22
SIM5
SIM1
SIM2
SIM3
SIM4
1
21
22
SIM5
SIM1
SIM2
SIM3
SIM4
1
21
22
SIM5
SIM1
SIM2
SIM3
SIM4
1
21
22
SIM5
SIM1
SIM2
SIM3
SIM4
1
21
22
SIM5
SIM1
SIM2
SIM3
SIM4
1
21
22
SIM5
SIM1
SIM2
SIM3
SIM4
1
21
22
SIM5
SIM1
SIM2
SIM3
SIM4
1
21
22
SIM5
SIM1
SIM2
SIM3
SIM4
1
21
22
SIM5
SIM1
SIM2
SIM3
SIM4
1
21
22
SIM5
SIM1
SIM2
SIM3
SIM4
1
21
22
SIM5
SIM1
SIM2
SIM3
SIM4
1
21
22
SIM5
SIM1
SIM2
SIM3
SIM4
1
21
22
SIM5
SIM1
SIM2
SIM3
SIM4
1
21
22
SIM5
SIM1
SIM2
SIM3
SIM4
1
21
22
SIM5
SIM1
SIM2
SIM3
SIM4
1
21
22
SIM5
SIM1
SIM2
SIM3
SIM4
1
21
22
SIM5
SIM1
SIM2
SIM3
SIM4
1
21
22
SIM5
SIM1
SIM2
SIM3
SIM4
1
21
22
SIM5
SIM1
SIM2
SIM3
SIM4
1
21
22
SIM5
SIM1
SIM2
SIM3
SIM4
1
21
22
SIM5
SIM1
SIM2
SIM3
SIM4
1
21
22
SIM5
SIM1
SIM2
SIM3
SIM4
1
21
22
SIM5
SIM1
SIM2
SIM3
SIM4
1
21
22
SIM5
SIM1
SIM2
SIM3
SIM4
1
21
22
SIM5
SIM1
SIM2
SIM3
SIM4
1
21
22
SIM5
SIM1
SIM2
SIM3
SIM4
1
21
22
SIM5
SIM1
SIM2
SIM3
SIM4
1
21
22
SIM5
SIM1
SIM2
SIM3
SIM4
1
21
22
SIM5
SIM1
SIM2
SIM3
SIM4
1
21
22
SIM5
SIM1
SIM2
SIM3
SIM4
1
21
22
SIM5
SIM1
SIM2
SIM3
SIM4
1
21
22
SIM5
SIM1
SIM2
SIM3
SIM4
1
21
22
SIM5
SIM1
SIM2
SIM3
SIM4
1
21
22
SIM5
SIM1
SIM2
SIM3
SIM4
1
21
22
SIM5
SIM1
SIM2
SIM3
SIM4
1
21
22
SIM5
SIM1
SIM2
SIM3
SIM4
1
21
22
SIM5
SIM1
SIM2
SIM3
SIM4
1
21
22
SIM5
SIM1
SIM2
SIM3
SIM4
1
21
22
SIM5
SIM1
SIM2
SIM3
SIM4
1
21
22
SIM5
SIM1
SIM2
SIM3
SIM4
1
21
22
SIM5
SIM1
SIM2
SIM3
SIM4
1
21
22
SIM5
SIM1
SIM2
SIM3
SIM4
1
21
22
SIM5
SIM1
SIM2
SIM3
SIM4
1
21
22
SIM5
SIM1
SIM2
SIM3
SIM4
1
21
22
SIM5
SIM1
SIM2
SIM3
SIM4
1
21
22
SIM5
SIM1
SIM2
SIM3
SIM4
1
21
22
SIM5
SIM1
SIM2
SIM3
SIM4
1
21
22
SIM5
SIM1
SIM2
SIM3
SIM4
1
21
22
SIM5
SIM1
SIM2
SIM3
SIM4
1
21
22
SIM5
SIM1
SIM2
SIM3
SIM4
1
21
22
SIM5
SIM1
SIM2
SIM3
SIM4
1
21
22
SIM5
SIM1
SIM2
SIM3
SIM4
1
21
22
SIM5
SIM1
SIM2
SIM3
SIM4
1
21
22
SIM5
SIM1
SIM2
SIM3
SIM4
1
21
22
SIM5
SIM1
SIM2
SIM3
SIM4
1
21
22
SIM5
SIM1
SIM2
SIM3
SIM4
1
21
22
SIM5
SIM1
SIM2
SIM3
SIM4
1
21
22
SIM5
SIM1
SIM2
SIM3
SIM4
1
21
22
SIM5
SIM1
SIM2
SIM3
SIM4
1
21
22
SIM5
SIM1
SIM2
SIM3
SIM4
1
21
22
SIM5
SIM1
SIM2
SIM3
SIM4
1
21
22
SIM5
SIM1
SIM2
SIM3
SIM4
1
21
22
SIM5
SIM1
SIM2
SIM3
SIM4
1
21
22
SIM5
SIM1
SIM2
SIM3
SIM4
1
21
22
SIM5
SIM1
SIM2
SIM3
SIM4
1
21
22
SIM5
SIM1
SIM2
SIM3
SIM4
1
21
22
SIM5
SIM1
SIM2
SIM3
SIM4
1
21
22
SIM5
SIM1
SIM2
SIM3
SIM4
1
21
22
SIM5
SIM1
SIM2
SIM3
SIM4
1
21
22
SIM5
SIM1
SIM2
SIM3
SIM4
1
21
22
SIM5
SIM1
SIM2
SIM3
SIM4
1
21
22
SIM5
SIM1
SIM2
SIM3
SIM4
1
21
22
SIM5
SIM1
SIM2
SIM3
SIM4
1
21
22
SIM5
SIM1
SIM2
SIM3
SIM4
1
21
22
SIM5
SIM1
SIM2
SIM3
SIM4
1
21
22
SIM5
SIM1
SIM2
SIM3
SIM4
1
21
22
SIM5
SIM1
SIM2
SIM3
SIM4
1
21
22
SIM5
SIM1
SIM2
SIM3
SIM4
1
21
22
SIM5
SIM1
SIM2
SIM3
SIM4
1
21
22
SIM5
SIM1
SIM2
SIM3
SIM4
1
21
22
SIM5
SIM1
SIM2
SIM3
SIM4
1
21
22
SIM5
SIM1
SIM2
SIM3
SIM4
1
21
22
SIM5
SIM1
SIM2
SIM3
SIM4
1
21
22
SIM5
SIM1
SIM2
SIM3
SIM4
1
21
22
SIM5
SIM1
SIM2
SIM3
SIM4
1
21
22
SIM5
SIM1
SIM2
SIM3
SIM4
1
21
22
SIM5
SIM1
SIM2
SIM3
SIM4
1
21
22
SIM5
SIM1
SIM2
SIM3
SIM4
1
21
22
SIM5
SIM1
SIM2
SIM3
SIM4
1
21
22
SIM5
SIM1
SIM2
SIM3
SIM4
1
21
22
SIM5
SIM1
SIM2
SIM3
SIM4
1
21
22
SIM5
SIM1
SIM2
SIM3
SIM4
1
21
22
SIM5
SIM1
SIM2
SIM3
SIM4
1
21
22
SIM5
SIM1
SIM2
SIM3
SIM4
1
21
22
SIM5
SIM1
SIM2
SIM3
SIM4
1
21
22
SIM5
SIM1
SIM2
SIM3
SIM4
1
21
22
SIM5
SIM1
SIM2
SIM3
SIM4
1
21
22
SIM5
SIM1
SIM2
SIM3
SIM4
1
21
22
SIM5
SIM1
SIM2
SIM3
SIM4
1
21
22
SIM5
SIM1
SIM2
SIM3
SIM4
1
21
22
SIM5
SIM1
SIM2
SIM3
SIM4
1
21
22
SIM5
SIM1
SIM2
SIM3
SIM4
1
21
22
SIM5
SIM1
SIM2
SIM3
SIM4
1
21
22
SIM5
SIM1
SIM2
SIM3
SIM4
1
21
22
SIM5
SIM1
SIM2
SIM3
SIM4
1
21
22
SIM5
SIM1
SIM2
SIM3
SIM4
1
21
22
SIM5
SIM1
SIM2
SIM3
SIM4
1
21
22
SIM5
SIM1
SIM2
SIM3
SIM4
1
21
22
SIM5
SIM1
SIM2
SIM3
SIM4
1
21
22
SIM5
SIM1
SIM2
SIM3
SIM4
1
21
22
SIM5
SIM1
SIM2
SIM3
SIM4
1
21
22
SIM5
SIM1
SIM2
DEBUG 1 477
SIM1
SIM2
SIM3
SIM4
1
21
22
SIM5
SIM1
SIM2
SIM3
SIM4
1
21
22
SIM5
SIM1
SIM2
SIM3
SIM4
1
21
22
SIM5
SIM1
SIM2
SIM3
SIM4
1
21
22
SIM5
SIM1
SIM2
SIM3
SIM4
1
21
22
SIM5
SIM1
SIM2
SIM3
SIM4
1
21
22
SIM5
SIM1
SIM2
SIM3
SIM4
1
21
22
SIM5
SIM1
SIM2
SIM3
SIM4
1
21
22
SIM5
SIM1
SIM2
SIM3
SIM4
1
21
22
SIM5
SIM1
SIM2
SIM3
SIM4
1
21
22
SIM5
SIM1
SIM2
SIM3
SIM4
1
21
22
SIM5
SIM1
SIM2
SIM3
SIM4
1
21
22
SIM5
SIM1
SIM2
SIM3
SIM4
1
21
22
SIM5
SIM1
SIM2
SIM3
SIM4
1
21
22
SIM5
SIM1
SIM2
SIM3
SIM4
1
21
22
SIM5
SIM1
SIM2
SIM3
SIM4
1
21
22
SIM5
SIM1
SIM2
SIM3
SIM4
1
21
22
SIM5
SIM1
SIM2
SIM3
SIM4
1
21
22
SIM5
SIM1
SIM2
SIM3
SIM4
1
21
22
SIM5
SIM1
SIM2
SIM3
SIM4
1
21
22
SIM5
SIM1
SIM2
SIM3
SIM4
1
21
22
SIM5
SIM1
SIM2
SIM3
SIM4
1
21
22
SIM5
SIM1
SIM2
SIM3
SIM4
1
21
22
SIM5
SIM1
SIM2
SIM3
SIM4
1
21
22
SIM5
SIM1
SIM2
SIM3
SIM4
1
21
22
SIM5
SIM1
SIM2
SIM3
SIM4
1
21
22
SIM5
SIM1
SIM2
SIM3
SIM4
1
21
22
SIM5
SIM1
SIM2
SIM3
SIM4
1
21
22
SIM5
SIM1
SIM2
SIM3
SIM4
1
21
22
SIM5
SIM1
SIM2
SIM3
SIM4
1
21
22
SIM5
SIM1
SIM2
SIM3
SIM4
1
21
22
SIM5
SIM1
SIM2
SIM3
SIM4
1
21
22
SIM5
SIM1
SIM2
SIM3
SIM4
1
21
22
SIM5
SIM1
SIM2
SIM3
SIM4
1
21
22
SIM5
SIM1
SIM2
SIM3
SIM4
1
21
22
SIM5
SIM1
SIM2
SIM3
SIM4
1
21
22
SIM5
SIM1
SIM2
SIM3
SIM4
1
21
22
SIM5
SIM1
SIM2
SIM3
SIM4
1
21
22
SIM5
SIM1
SIM2
SIM3
SIM4
1
21
22
SIM5
SIM1
SIM2
SIM3
SIM4
1
21
22
SIM5
SIM1
SIM2
SIM3
SIM4
1
21
22
SIM5
SIM1
SIM2
SIM3
SIM4
1
21
22
SIM5
SIM1
SIM2
SIM3
SIM4
1
21
22
SIM5
SIM1
SIM2
SIM3
SIM4
1
21
22
SIM5
SIM1
SIM2
SIM3
SIM4
1
21
22
SIM5
SIM1
SIM2
SIM3
SIM4
1
21
22
SIM5
SIM1
SIM2
SIM3
SIM4
1
21
22
SIM5
SIM1
SIM2
SIM3
SIM4
1
21
22
SIM5
SIM1
SIM2
SIM3
SIM4
1
21
22
SIM5
SIM1
SIM2
SIM3
SIM4
1
21
22
SIM5
SIM1
SIM2
SIM3
SIM4
1
21
22
SIM5
SIM1
SIM2
SIM3
SIM4
1
21
22
SIM5
SIM1
SIM2
SIM3
SIM4
1
21
22
SIM5
SIM1
SIM2
SIM3
SIM4
1
21
22
SIM5
SIM1
SIM2
SIM3
SIM4
1
21
22
SIM5
SIM1
SIM2
SIM3
SIM4
1
21
22
SIM5
SIM1
SIM2
SIM3
SIM4
1
21
22
SIM5
SIM1
SIM2
SIM3
SIM4
1
21
22
SIM5
SIM1
SIM2
SIM3
SIM4
1
21
22
SIM5
SIM1
SIM2
SIM3
SIM4
1
21
22
SIM5
SIM1
SIM2
SIM3
SIM4
1
21
22
SIM5
SIM1
SIM2
SIM3
SIM4
1
21
22
SIM5
SIM1
SIM2
SIM3
SIM4
1
21
22
SIM5
SIM1
SIM2
SIM3
SIM4
1
21
22
SIM5
SIM1
SIM2
SIM3
SIM4
1
21
22
SIM5
SIM1
SIM2
SIM3
SIM4
1
21
22
SIM5
SIM1
SIM2
SIM3
SIM4
1
21
22
SIM5
SIM1
SIM2
SIM3
SIM4
1
21
22
SIM5
SIM1
SIM2
SIM3
SIM4
1
21
22
SIM5
SIM1
SIM2
SIM3
SIM4
1
21
22
SIM5
SIM1
SIM2
SIM3
SIM4
1
21
22
SIM5
SIM1
SIM2
SIM3
SIM4
1
21
22
SIM5
SIM1
SIM2
SIM3
SIM4
1
21
22
SIM5
SIM1
SIM2
SIM3
SIM4
1
21
22
SIM5
SIM1
SIM2
SIM3
SIM4
1
21
22
SIM5
SIM1
SIM2
SIM3
SIM4
1
21
22
SIM5
SIM1
SIM2
SIM3
SIM4
1
21
22
SIM5
SIM1
SIM2
SIM3
SIM4
1
21
22
SIM5
SIM1
SIM2
SIM3
SIM4
1
21
22
SIM5
SIM1
SIM2
SIM3
SIM4
1
21
22
SIM5
SIM1
SIM2
SIM3
SIM4
1
21
22
SIM5
SIM1
SIM2
SIM3
SIM4
1
21
22
SIM5
SIM1
SIM2
SIM3
SIM4
1
21
22
SIM5
SIM1
SIM2
SIM3
SIM4
1
21
22
SIM5
SIM1
SIM2
SIM3
SIM4
1
21
22
SIM5
SIM1
SIM2
SIM3
SIM4
1
21
22
SIM5
SIM1
SIM2
SIM3
SIM4
1
21
22
SIM5
SIM1
SIM2
SIM3
SIM4
1
21
22
SIM5
SIM1
SIM2
SIM3
SIM4
1
21
22
SIM5
SIM1
SIM2
SIM3
SIM4
1
21
22
SIM5
SIM1
SIM2
SIM3
SIM4
1
21
22
SIM5
SIM1
SIM2
SIM3
SIM4
1
21
22
SIM5
SIM1
SIM2
SIM3
SIM4
1
21
22
SIM5
SIM1
SIM2
SIM3
SIM4
1
21
22
SIM5
SIM1
SIM2
SIM3
SIM4
1
21
22
SIM5
SIM1
SIM2
SIM3
SIM4
1
21
22
SIM5
SIM1
SIM2
SIM3
SIM4
1
21
22
SIM5
SIM1
SIM2
SIM3
SIM4
1
21
22
SIM5
SIM1
SIM2
SIM3
SIM4
1
21
22
SIM5
SIM1
SIM2
SIM3
SIM4
1
21
22
SIM5
SIM1
SIM2
SIM3
SIM4
1
21
22
SIM5
SIM1
SIM2
SIM3
SIM4
1
21
22
SIM5
SIM1
SIM2
SIM3
SIM4
1
21
22
SIM5
SIM1
SIM2
SIM3
SIM4
1
21
22
SIM5
SIM1
SIM2
SIM3
SIM4
1
21
22
SIM5
SIM1
SIM2
SIM3
SIM4
1
21
22
SIM5
SIM1
SIM2
SIM3
SIM4
1
21
22
SIM5
SIM1
SIM2
SIM3
SIM4
1
21
22
SIM5
SIM1
SIM2
SIM3
SIM4
1
21
22
SIM5
SIM1
SIM2
SIM3
SIM4
1
21
22
SIM5
SIM1
SIM2
SIM3
SIM4
1
21
22
SIM5
SIM1
SIM2
SIM3
SIM4
1
21
22
SIM5
SIM1
SIM2
SIM3
SIM4
1
21
22
SIM5
SIM1
SIM2
SIM3
SIM4
1
21
22
SIM5
SIM1
SIM2
SIM3
SIM4
1
21
22
SIM5
SIM1
SIM2
SIM3
SIM4
1
21
22
SIM5
SIM1
SIM2
SIM3
SIM4
1
21
22
SIM5
SIM1
SIM2
SIM3
SIM4
1
21
22
SIM5
SIM1
SIM2
SIM3
SIM4
1
21
22
SIM5
SIM1
SIM2
SIM3
SIM4
1
21
22
SIM5
SIM1
SIM2
SIM3
SIM4
1
21
22
SIM5
SIM1
SIM2
SIM3
SIM4
1
21
22
SIM5
SIM1
SIM2
SIM3
SIM4
1
21
22
SIM5
SIM1
SIM2
SIM3
SIM4
1
21
22
SIM5
SIM1
SIM2
SIM3
SIM4
1
21
22
SIM5
SIM1
SIM2
SIM3
SIM4
1
21
22
SIM5
SIM1
SIM2
SIM3
SIM4
1
21
22
SIM5
SIM1
SIM2
SIM3
SIM4
1
21
22
SIM5
SIM1
SIM2
SIM3
SIM4
1
21
22
SIM5
SIM1
SIM2
SIM3
SIM4
1
21
22
SIM5
SIM1
SIM2
SIM3
SIM4
1
21
22
SIM5
SIM1
SIM2
SIM3
SIM4
1
21
22
SIM5
SIM1
SIM2
SIM3
SIM4
1
21
22
SIM5
SIM1
SIM2
SIM3
SIM4
1
21
22
SIM5
SIM1
SIM2
SIM3
SIM4
1
21
22
SIM5
SIM1
SIM2
SIM3
SIM4
1
21
22
SIM5
SIM1
SIM2
SIM3
SIM4
1
21
22
SIM5
SIM1
SIM2
SIM3
SIM4
1
21
22
SIM5
SIM1
SIM2
SIM3
SIM4
1
21
22
SIM5
SIM1
SIM2
SIM3
SIM4
1
21
22
SIM5
SIM1
SIM2
SIM3
SIM4
1
21
22
SIM5
SIM1
SIM2
SIM3
SIM4
1
21
22
SIM5
SIM1
SIM2
SIM3
SIM4
1
21
22
SIM5
SIM1
SIM2
SIM3
SIM4
1
21
22
SIM5
SIM1
SIM2
SIM3
SIM4
1
21
22
SIM5
SIM1
SIM2
SIM3
SIM4
1
21
22
SIM5
SIM1
SIM2
SIM3
SIM4
1
21
22
SIM5
SIM1
SIM2
SIM3
SIM4
1
21
22
SIM5
SIM1
SIM2
SIM3
SIM4
1
21
22
SIM5
SIM1
SIM2
SIM3
SIM4
1
21
22
SIM5
SIM1
SIM2
SIM3
SIM4
1
21
22
SIM5
SIM1
SIM2
SIM3
SIM4
1
21
22
SIM5
SIM1
SIM2
SIM3
SIM4
1
21
22
SIM5
SIM1
SIM2
SIM3
SIM4
1
21
22
SIM5
SIM1
SIM2
SIM3
SIM4
1
21
22
SIM5
SIM1
SIM2
SIM3
SIM4
1
21
22
SIM5
SIM1
SIM2
SIM3
SIM4
1
21
22
SIM5
SIM1
SIM2
SIM3
SIM4
1
21
22
SIM5
SIM1
SIM2
SIM3
SIM4
1
21
22
SIM5
SIM1
SIM2
SIM3
SIM4
1
21
22
SIM5
SIM1
SIM2
SIM3
SIM4
1
21
22
SIM5
SIM1
SIM2
SIM3
SIM4
1
21
22
SIM5
SIM1
SIM2
SIM3
SIM4
1
21
22
SIM5
SIM1
SIM2
SIM3
SIM4
1
21
22
SIM5
SIM1
SIM2
SIM3
SIM4
1
21
22
SIM5
SIM1
SIM2
SIM3
SIM4
1
21
22
SIM5
SIM1
SIM2
SIM3
SIM4
1
21
22
SIM5
SIM1
SIM2
SIM3
SIM4
1
21
22
SIM5
SIM1
SIM2
SIM3
SIM4
1
21
22
SIM5
SIM1
SIM2
SIM3
SIM4
1
21
22
SIM5
SIM1
SIM2
DEBUG 1 478
SIM1
SIM2
SIM3
SIM4
1
21
22
SIM5
SIM1
SIM2
SIM3
SIM4
1
21
22
SIM5
SIM1
SIM2
SIM3
SIM4
1
21
22
SIM5
SIM1
SIM2
SIM3
SIM4
1
21
22
SIM5
SIM1
SIM2
SIM3
SIM4
1
21
22
SIM5
SIM1
SIM2
SIM3
SIM4
1
21
22
SIM5
SIM1
SIM2
SIM3
SIM4
1
21
22
SIM5
SIM1
SIM2
SIM3
SIM4
1
21
22
SIM5
SIM1
SIM2
SIM3
SIM4
1
21
22
SIM5
SIM1
SIM2
SIM3
SIM4
1
21
22
SIM5
SIM1
SIM2
SIM3
SIM4
1
21
22
SIM5
SIM1
SIM2
SIM3
SIM4
1
21
22
SIM5
SIM1
SIM2
SIM3
SIM4
1
21
22
SIM5
SIM1
SIM2
SIM3
SIM4
1
21
22
SIM5
SIM1
SIM2
SIM3
SIM4
1
21
22
SIM5
SIM1
SIM2
SIM3
SIM4
1
21
22
SIM5
SIM1
SIM2
SIM3
SIM4
1
21
22
SIM5
SIM1
SIM2
SIM3
SIM4
1
21
22
SIM5
SIM1
SIM2
SIM3
SIM4
1
21
22
SIM5
SIM1
SIM2
SIM3
SIM4
1
21
22
SIM5
SIM1
SIM2
SIM3
SIM4
1
21
22
SIM5
SIM1
SIM2
SIM3
SIM4
1
21
22
SIM5
SIM1
SIM2
SIM3
SIM4
1
21
22
SIM5
SIM1
SIM2
SIM3
SIM4
1
21
22
SIM5
SIM1
SIM2
SIM3
SIM4
1
21
22
SIM5
SIM1
SIM2
SIM3
SIM4
1
21
22
SIM5
SIM1
SIM2
SIM3
SIM4
1
21
22
SIM5
SIM1
SIM2
SIM3
SIM4
1
21
22
SIM5
SIM1
SIM2
SIM3
SIM4
1
21
22
SIM5
SIM1
SIM2
SIM3
SIM4
1
21
22
SIM5
SIM1
SIM2
SIM3
SIM4
1
21
22
SIM5
SIM1
SIM2
SIM3
SIM4
1
21
22
SIM5
SIM1
SIM2
SIM3
SIM4
1
21
22
SIM5
SIM1
SIM2
SIM3
SIM4
1
21
22
SIM5
SIM1
SIM2
SIM3
SIM4
1
21
22
SIM5
SIM1
SIM2
SIM3
SIM4
1
21
22
SIM5
SIM1
SIM2
SIM3
SIM4
1
21
22
SIM5
SIM1
SIM2
SIM3
SIM4
1
21
22
SIM5
SIM1
SIM2
SIM3
SIM4
1
21
22
SIM5
SIM1
SIM2
SIM3
SIM4
1
21
22
SIM5
SIM1
SIM2
SIM3
SIM4
1
21
22
SIM5
SIM1
SIM2
SIM3
SIM4
1
21
22
SIM5
SIM1
SIM2
SIM3
SIM4
1
21
22
SIM5
SIM1
SIM2
SIM3
SIM4
1
21
22
SIM5
SIM1
SIM2
SIM3
SIM4
1
21
22
SIM5
SIM1
SIM2
SIM3
SIM4
1
21
22
SIM5
SIM1
SIM2
SIM3
SIM4
1
21
22
SIM5
SIM1
SIM2
SIM3
SIM4
1
21
22
SIM5
SIM1
SIM2
SIM3
SIM4
1
21
22
SIM5
SIM1
SIM2
SIM3
SIM4
1
21
22
SIM5
SIM1
SIM2
SIM3
SIM4
1
21
22
SIM5
SIM1
SIM2
SIM3
SIM4
1
21
22
SIM5
SIM1
SIM2
SIM3
SIM4
1
21
22
SIM5
SIM1
SIM2
SIM3
SIM4
1
21
22
SIM5
SIM1
SIM2
SIM3
SIM4
1
21
22
SIM5
SIM1
SIM2
SIM3
SIM4
1
21
22
SIM5
SIM1
SIM2
SIM3
SIM4
1
21
22
SIM5
SIM1
SIM2
SIM3
SIM4
1
21
22
SIM5
SIM1
SIM2
SIM3
SIM4
1
21
22
SIM5
SIM1
SIM2
SIM3
SIM4
1
21
22
SIM5
SIM1
SIM2
SIM3
SIM4
1
21
22
SIM5
SIM1
SIM2
SIM3
SIM4
1
21
22
SIM5
SIM1
SIM2
SIM3
SIM4
1
21
22
SIM5
SIM1
SIM2
SIM3
SIM4
1
21
22
SIM5
SIM1
SIM2
SIM3
SIM4
1
21
22
SIM5
SIM1
SIM2
SIM3
SIM4
1
21
22
SIM5
SIM1
SIM2
SIM3
SIM4
1
21
22
SIM5
SIM1
SIM2
SIM3
SIM4
1
21
22
SIM5
SIM1
SIM2
SIM3
SIM4
1
21
22
SIM5
SIM1
SIM2
SIM3
SIM4
1
21
22
SIM5
SIM1
SIM2
SIM3
SIM4
1
21
22
SIM5
SIM1
SIM2
SIM3
SIM4
1
21
22
SIM5
SIM1
SIM2
SIM3
SIM4
1
21
22
SIM5
SIM1
SIM2
SIM3
SIM4
1
21
22
SIM5
SIM1
SIM2
SIM3
SIM4
1
21
22
SIM5
SIM1
SIM2
SIM3
SIM4
1
21
22
SIM5
SIM1
SIM2
SIM3
SIM4
1
21
22
SIM5
SIM1
SIM2
SIM3
SIM4
1
21
22
SIM5
SIM1
SIM2
SIM3
SIM4
1
21
22
SIM5
SIM1
SIM2
SIM3
SIM4
1
21
22
SIM5
SIM1
SIM2
SIM3
SIM4
1
21
22
SIM5
SIM1
SIM2
SIM3
SIM4
1
21
22
SIM5
SIM1
SIM2
SIM3
SIM4
1
21
22
SIM5
SIM1
SIM2
SIM3
SIM4
1
21
22
SIM5
SIM1
SIM2
SIM3
SIM4
1
21
22
SIM5
SIM1
SIM2
SIM3
SIM4
1
21
22
SIM5
SIM1
SIM2
SIM3
SIM4
1
21
22
SIM5
SIM1
SIM2
SIM3
SIM4
1
21
22
SIM5
SIM1
SIM2
SIM3
SIM4
1
21
22
SIM5
SIM1
SIM2
SIM3
SIM4
1
21
22
SIM5
SIM1
SIM2
SIM3
SIM4
1
21
22
SIM5
SIM1
SIM2
SIM3
SIM4
1
21
22
SIM5
SIM1
SIM2
SIM3
SIM4
1
21
22
SIM5
SIM1
SIM2
SIM3
SIM4
1
21
22
SIM5
SIM1
SIM2
SIM3
SIM4
1
21
22
SIM5
SIM1
SIM2
SIM3
SIM4
1
21
22
SIM5
SIM1
SIM2
SIM3
SIM4
1
21
22
SIM5
SIM1
SIM2
SIM3
SIM4
1
21
22
SIM5
SIM1
SIM2
SIM3
SIM4
1
21
22
SIM5
SIM1
SIM2
SIM3
SIM4
1
21
22
SIM5
SIM1
SIM2
SIM3
SIM4
1
21
22
SIM5
SIM1
SIM2
SIM3
SIM4
1
21
22
SIM5
SIM1
SIM2
SIM3
SIM4
1
21
22
SIM5
SIM1
SIM2
SIM3
SIM4
1
21
22
SIM5
SIM1
SIM2
SIM3
SIM4
1
21
22
SIM5
SIM1
SIM2
SIM3
SIM4
1
21
22
SIM5
SIM1
SIM2
SIM3
SIM4
1
21
22
SIM5
SIM1
SIM2
SIM3
SIM4
1
21
22
SIM5
SIM1
SIM2
SIM3
SIM4
1
21
22
SIM5
SIM1
SIM2
SIM3
SIM4
1
21
22
SIM5
SIM1
SIM2
SIM3
SIM4
1
21
22
SIM5
SIM1
SIM2
SIM3
SIM4
1
21
22
SIM5
SIM1
SIM2
SIM3
SIM4
1
21
22
SIM5
SIM1
SIM2
SIM3
SIM4
1
21
22
SIM5
SIM1
SIM2
SIM3
SIM4
1
21
22
SIM5
SIM1
SIM2
SIM3
SIM4
1
21
22
SIM5
SIM1
SIM2
SIM3
SIM4
1
21
22
SIM5
SIM1
SIM2
SIM3
SIM4
1
21
22
SIM5
SIM1
SIM2
SIM3
SIM4
1
21
22
SIM5
SIM1
SIM2
SIM3
SIM4
1
21
22
SIM5
SIM1
SIM2
SIM3
SIM4
1
21
22
SIM5
SIM1
SIM2
SIM3
SIM4
1
21
22
SIM5
SIM1
SIM2
SIM3
SIM4
1
21
22
SIM5
SIM1
SIM2
SIM3
SIM4
1
21
22
SIM5
SIM1
SIM2
SIM3
SIM4
1
21
22
SIM5
SIM1
SIM2
SIM3
SIM4
1
21
22
SIM5
SIM1
SIM2
SIM3
SIM4
1
21
22
SIM5
SIM1
SIM2
SIM3
SIM4
1
21
22
SIM5
SIM1
SIM2
SIM3
SIM4
1
21
22
SIM5
SIM1
SIM2
SIM3
SIM4
1
21
22
SIM5
SIM1
SIM2
SIM3
SIM4
1
21
22
SIM5
SIM1
SIM2
SIM3
SIM4
1
21
22
SIM5
SIM1
SIM2
SIM3
SIM4
1
21
22
SIM5
SIM1
SIM2
SIM3
SIM4
1
21
22
SIM5
SIM1
SIM2
SIM3
SIM4
1
21
22
SIM5
SIM1
SIM2
SIM3
SIM4
1
21
22
SIM5
SIM1
SIM2
SIM3
SIM4
1
21
22
SIM5
SIM1
SIM2
SIM3
SIM4
1
21
22
SIM5
SIM1
SIM2
SIM3
SIM4
1
21
22
SIM5
SIM1
SIM2
SIM3
SIM4
1
21
22
SIM5
SIM1
SIM2
SIM3
SIM4
1
21
22
SIM5
SIM1
SIM2
SIM3
SIM4
1
21
22
SIM5
SIM1
SIM2
SIM3
SIM4
1
21
22
SIM5
SIM1
SIM2
SIM3
SIM4
1
21
22
SIM5
SIM1
SIM2
SIM3
SIM4
1
21
22
SIM5
SIM1
SIM2
SIM3
SIM4
1
21
22
SIM5
SIM1
SIM2
SIM3
SIM4
1
21
22
SIM5
SIM1
SIM2
SIM3
SIM4
1
21
22
SIM5
SIM1
SIM2
SIM3
SIM4
1
21
22
SIM5
SIM1
SIM2
SIM3
SIM4
1
21
22
SIM5
SIM1
SIM2
SIM3
SIM4
1
21
22
SIM5
SIM1
SIM2
SIM3
SIM4
1
21
22
SIM5
SIM1
SIM2
SIM3
SIM4
1
21
22
SIM5
SIM1
SIM2
SIM3
SIM4
1
21
22
SIM5
SIM1
SIM2
SIM3
SIM4
1
21
22
SIM5
SIM1
SIM2
SIM3
SIM4
1
21
22
SIM5
SIM1
SIM2
SIM3
SIM4
1
21
22
SIM5
SIM1
SIM2
SIM3
SIM4
1
21
22
SIM5
SIM1
SIM2
SIM3
SIM4
1
21
22
SIM5
SIM1
SIM2
SIM3
SIM4
1
21
22
SIM5
SIM1
SIM2
SIM3
SIM4
1
21
22
SIM5
SIM1
SIM2
SIM3
SIM4
1
21
22
SIM5
SIM1
SIM2
SIM3
SIM4
1
21
22
SIM5
SIM1
SIM2
SIM3
SIM4
1
21
22
SIM5
SIM1
SIM2
SIM3
SIM4
1
21
22
SIM5
SIM1
SIM2
SIM3
SIM4
1
21
22
SIM5
SIM1
SIM2
SIM3
SIM4
1
21
22
SIM5
SIM1
SIM2
SIM3
SIM4
1
21
22
SIM5
SIM1
SIM2
SIM3
SIM4
1
21
22
SIM5
SIM1
SIM2
SIM3
SIM4
1
21
22
SIM5
SIM1
SIM2
SIM3
SIM4
1
21
22
SIM5
SIM1
SIM2
SIM3
SIM4
1
21
22
SIM5
SIM1
SIM2
SIM3
SIM4
1
21
22
SIM5
SIM1
SIM2
SIM3
SIM4
1
21
22
SIM5
SIM1
SIM2
SIM3
SIM4
1
21
22
SIM5
SIM1
SIM2
SIM3
SIM4
1
21
22
SIM5
SIM1
SIM2
SIM3
SIM4
1
21
22
SIM5
SIM1
SIM2
SIM3
SIM4
1
21
22
SIM5
SIM1
SIM2
SIM3
SIM4
1
21
22
SIM5
SIM1
SIM2
SIM3
SIM4
1
21
22
SIM5
SIM1
SIM2
SIM3
SIM4
1
21
22
SIM5
SIM1
SIM2
SIM3
SIM4
1
21
22
SIM5
SIM1
SIM2
SIM3
SIM4
1
21
22
SIM5
SIM1
SIM2
SIM3
SIM4
1
21
22
SIM5
SIM1
SIM2
SIM3
SIM4
1
21
22
SIM5
SIM1
SIM2
SIM3
SIM4
1
21
22
SIM5
SIM1
SIM2
SIM3
SIM4
1
21
22
SIM5
SIM1
SIM2
SIM3
SIM4
1
21
22
SIM5
SIM1
SIM2
SIM3
SIM4
1
21
22
SIM5
SIM1
SIM2
SIM3
SIM4
1
21
22
SIM5
SIM1
SIM2
SIM3
SIM4
1
21
22
SIM5
SIM1
SIM2
SIM3
SIM4
1
21
22
SIM5
SIM1
SIM2
SIM3
SIM4
1
21
22
SIM5
SIM1
SIM2
SIM3
SIM4
1
21
22
SIM5
SIM1
SIM2
SIM3
SIM4
1
21
22
SIM5
SIM1
SIM2
SIM3
SIM4
1
21
22
SIM5
SIM1
SIM2
SIM3
SIM4
1
21
22
SIM5
SIM1
SIM2
SIM3
SIM4
1
21
22
SIM5
SIM1
SIM2
SIM3
SIM4
1
21
22
SIM5
SIM1
SIM2
SIM3
SIM4
1
21
22
SIM5
SIM1
SIM2
SIM3
SIM4
1
21
22
SIM5
SIM1
SIM2
SIM3
SIM4
1
21
22
SIM5
SIM1
SIM2
SIM3
SIM4
1
21
22
SIM5
SIM1
SIM2
SIM3
SIM4
1
21
22
SIM5
SIM1
SIM2
SIM3
SIM4
1
21
22
SIM5
SIM1
SIM2
SIM3
SIM4
1
21
22
SIM5
SIM1
SIM2
SIM3
SIM4
1
21
22
SIM5
SIM1
SIM2
SIM3
SIM4
1
21
22
SIM5
SIM1
SIM2
SIM3
SIM4
1
21
22
SIM5
SIM1
SIM2
SIM3
SIM4
1
21
22
SIM5
SIM1
SIM2
SIM3
SIM4
1
21
22
SIM5
SIM1
SIM2
SIM3
SIM4
1
21
22
SIM5
SIM1
SIM2
SIM3
SIM4
1
21
22
SIM5
SIM1
SIM2
SIM3
SIM4
1
21
22
SIM5
SIM1
SIM2
SIM3
SIM4
1
21
22
SIM5
SIM1
SIM2
SIM3
SIM4
1
21
22
SIM5
SIM1
SIM2
SIM3
SIM4
1
21
22
SIM5
SIM1
SIM2
SIM3
SIM4
1
21
22
SIM5
SIM1
SIM2
SIM3
SIM4
1
21
22
SIM5
SIM1
SIM2
SIM3
SIM4
1
21
22
SIM5
SIM1
SIM2
SIM3
SIM4
1
21
22
SIM5
SIM1
SIM2
SIM3
SIM4
1
21
22
SIM5
SIM1
SIM2
SIM3
SIM4
1
21
22
SIM5
SIM1
SIM2
DEBUG 1 479
SIM1
SIM2
SIM3
SIM4
1
21
22
SIM5
SIM1
SIM2
SIM3
SIM4
1
21
22
SIM5
SIM1
SIM2
SIM3
SIM4
1
21
22
SIM5
SIM1
SIM2
SIM3
SIM4
1
21
22
SIM5
SIM1
SIM2
SIM3
SIM4
1
21
22
SIM5
SIM1
SIM2
SIM3
SIM4
1
21
22
SIM5
SIM1
SIM2
SIM3
SIM4
1
21
22
SIM5
SIM1
SIM2
SIM3
SIM4
1
21
22
SIM5
SIM1
SIM2
SIM3
SIM4
1
21
22
SIM5
SIM1
SIM2
SIM3
SIM4
1
21
22
SIM5
SIM1
SIM2
SIM3
SIM4
1
21
22
SIM5
SIM1
SIM2
SIM3
SIM4
1
21
22
SIM5
SIM1
SIM2
SIM3
SIM4
1
21
22
SIM5
SIM1
SIM2
SIM3
SIM4
1
21
22
SIM5
SIM1
SIM2
SIM3
SIM4
1
21
22
SIM5
SIM1
SIM2
SIM3
SIM4
1
21
22
SIM5
SIM1
SIM2
SIM3
SIM4
1
21
22
SIM5
SIM1
SIM2
SIM3
SIM4
1
21
22
SIM5
SIM1
SIM2
SIM3
SIM4
1
21
22
SIM5
SIM1
SIM2
SIM3
SIM4
1
21
22
SIM5
SIM1
SIM2
SIM3
SIM4
1
21
22
SIM5
SIM1
SIM2
SIM3
SIM4
1
21
22
SIM5
SIM1
SIM2
SIM3
SIM4
1
21
22
SIM5
SIM1
SIM2
SIM3
SIM4
1
21
22
SIM5
SIM1
SIM2
SIM3
SIM4
1
21
22
SIM5
SIM1
SIM2
SIM3
SIM4
1
21
22
SIM5
SIM1
SIM2
SIM3
SIM4
1
21
22
SIM5
SIM1
SIM2
SIM3
SIM4
1
21
22
SIM5
SIM1
SIM2
SIM3
SIM4
1
21
22
SIM5
SIM1
SIM2
SIM3
SIM4
1
21
22
SIM5
SIM1
SIM2
SIM3
SIM4
1
21
22
SIM5
SIM1
SIM2
SIM3
SIM4
1
21
22
SIM5
SIM1
SIM2
SIM3
SIM4
1
21
22
SIM5
SIM1
SIM2
SIM3
SIM4
1
21
22
SIM5
SIM1
SIM2
SIM3
SIM4
1
21
22
SIM5
SIM1
SIM2
SIM3
SIM4
1
21
22
SIM5
SIM1
SIM2
SIM3
SIM4
1
21
22
SIM5
SIM1
SIM2
SIM3
SIM4
1
21
22
SIM5
SIM1
SIM2
SIM3
SIM4
1
21
22
SIM5
SIM1
SIM2
SIM3
SIM4
1
21
22
SIM5
SIM1
SIM2
SIM3
SIM4
1
21
22
SIM5
SIM1
SIM2
SIM3
SIM4
1
21
22
SIM5
SIM1
SIM2
SIM3
SIM4
1
21
22
SIM5
SIM1
SIM2
SIM3
SIM4
1
21
22
SIM5
SIM1
SIM2
SIM3
SIM4
1
21
22
SIM5
SIM1
SIM2
SIM3
SIM4
1
21
22
SIM5
SIM1
SIM2
SIM3
SIM4
1
21
22
SIM5
SIM1
SIM2
SIM3
SIM4
1
21
22
SIM5
SIM1
SIM2
SIM3
SIM4
1
21
22
SIM5
SIM1
SIM2
SIM3
SIM4
1
21
22
SIM5
SIM1
SIM2
SIM3
SIM4
1
21
22
SIM5
SIM1
SIM2
SIM3
SIM4
1
21
22
SIM5
SIM1
SIM2
SIM3
SIM4
1
21
22
SIM5
SIM1
SIM2
SIM3
SIM4
1
21
22
SIM5
SIM1
SIM2
SIM3
SIM4
1
21
22
SIM5
SIM1
SIM2
SIM3
SIM4
1
21
22
SIM5
SIM1
SIM2
SIM3
SIM4
1
21
22
SIM5
SIM1
SIM2
SIM3
SIM4
1
21
22
SIM5
SIM1
SIM2
SIM3
SIM4
1
21
22
SIM5
SIM1
SIM2
SIM3
SIM4
1
21
22
SIM5
SIM1
SIM2
SIM3
SIM4
1
21
22
SIM5
SIM1
SIM2
SIM3
SIM4
1
21
22
SIM5
SIM1
SIM2
SIM3
SIM4
1
21
22
SIM5
SIM1
SIM2
SIM3
SIM4
1
21
22
SIM5
SIM1
SIM2
SIM3
SIM4
1
21
22
SIM5
SIM1
SIM2
SIM3
SIM4
1
21
22
SIM5
SIM1
SIM2
SIM3
SIM4
1
21
22
SIM5
SIM1
SIM2
SIM3
SIM4
1
21
22
SIM5
SIM1
SIM2
SIM3
SIM4
1
21
22
SIM5
SIM1
SIM2
SIM3
SIM4
1
21
22
SIM5
SIM1
SIM2
SIM3
SIM4
1
21
22
SIM5
SIM1
SIM2
SIM3
SIM4
1
21
22
SIM5
SIM1
SIM2
SIM3
SIM4
1
21
22
SIM5
SIM1
SIM2
SIM3
SIM4
1
21
22
SIM5
SIM1
SIM2
SIM3
SIM4
1
21
22
SIM5
SIM1
SIM2
SIM3
SIM4
1
21
22
SIM5
SIM1
SIM2
SIM3
SIM4
1
21
22
SIM5
SIM1
SIM2
SIM3
SIM4
1
21
22
SIM5
SIM1
SIM2
SIM3
SIM4
1
21
22
SIM5
SIM1
SIM2
SIM3
SIM4
1
21
22
SIM5
SIM1
SIM2
SIM3
SIM4
1
21
22
SIM5
SIM1
SIM2
SIM3
SIM4
1
21
22
SIM5
SIM1
SIM2
SIM3
SIM4
1
21
22
SIM5
SIM1
SIM2
SIM3
SIM4
1
21
22
SIM5
SIM1
SIM2
SIM3
SIM4
1
21
22
SIM5
SIM1
SIM2
SIM3
SIM4
1
21
22
SIM5
SIM1
SIM2
SIM3
SIM4
1
21
22
SIM5
SIM1
SIM2
SIM3
SIM4
1
21
22
SIM5
SIM1
SIM2
SIM3
SIM4
1
21
22
SIM5
SIM1
SIM2
SIM3
SIM4
1
21
22
SIM5
SIM1
SIM2
SIM3
SIM4
1
21
22
SIM5
SIM1
SIM2
SIM3
SIM4
1
21
22
SIM5
SIM1
SIM2
SIM3
SIM4
1
21
22
SIM5
SIM1
SIM2
SIM3
SIM4
1
21
22
SIM5
SIM1
SIM2
SIM3
SIM4
1
21
22
SIM5
SIM1
SIM2
SIM3
SIM4
1
21
22
SIM5
SIM1
SIM2
SIM3
SIM4
1
21
22
SIM5
SIM1
SIM2
SIM3
SIM4
1
21
22
SIM5
SIM1
SIM2
SIM3
SIM4
1
21
22
SIM5
SIM1
SIM2
SIM3
SIM4
1
21
22
SIM5
SIM1
SIM2
SIM3
SIM4
1
21
22
SIM5
SIM1
SIM2
SIM3
SIM4
1
21
22
SIM5
SIM1
SIM2
SIM3
SIM4
1
21
22
SIM5
SIM1
SIM2
SIM3
SIM4
1
21
22
SIM5
SIM1
SIM2
SIM3
SIM4
1
21
22
SIM5
SIM1
SIM2
SIM3
SIM4
1
21
22
SIM5
SIM1
SIM2
SIM3
SIM4
1
21
22
SIM5
SIM1
SIM2
SIM3
SIM4
1
21
22
SIM5
SIM1
SIM2
SIM3
SIM4
1
21
22
SIM5
SIM1
SIM2
SIM3
SIM4
1
21
22
SIM5
SIM1
SIM2
SIM3
SIM4
1
21
22
SIM5
SIM1
SIM2
SIM3
SIM4
1
21
22
SIM5
SIM1
SIM2
SIM3
SIM4
1
21
22
SIM5
SIM1
SIM2
SIM3
SIM4
1
21
22
SIM5
SIM1
SIM2
SIM3
SIM4
1
21
22
SIM5
SIM1
SIM2
SIM3
SIM4
1
21
22
SIM5
SIM1
SIM2
SIM3
SIM4
1
21
22
SIM5
SIM1
SIM2
SIM3
SIM4
1
21
22
SIM5
SIM1
SIM2
SIM3
SIM4
1
21
22
SIM5
SIM1
SIM2
SIM3
SIM4
1
21
22
SIM5
SIM1
SIM2
SIM3
SIM4
1
21
22
SIM5
SIM1
SIM2
SIM3
SIM4
1
21
22
SIM5
SIM1
SIM2
SIM3
SIM4
1
21
22
SIM5
SIM1
SIM2
DEBUG 1 480
SIM1
SIM2
SIM3
SIM4
1
21
22
SIM5
SIM1
SIM2
SIM3
SIM4
1
21
22
SIM5
SIM1
SIM2
SIM3
SIM4
1
21
22
SIM5
SIM1
SIM2
SIM3
SIM4
1
21
22
SIM5
SIM1
SIM2
SIM3
SIM4
1
21
22
SIM5
SIM1
SIM2
SIM3
SIM4
1
21
22
SIM5
SIM1
SIM2
SIM3
SIM4
1
21
22
SIM5
SIM1
SIM2
SIM3
SIM4
1
21
22
SIM5
SIM1
SIM2
SIM3
SIM4
1
21
22
SIM5
SIM1
SIM2
SIM3
SIM4
1
21
22
SIM5
SIM1
SIM2
SIM3
SIM4
1
21
22
SIM5
SIM1
SIM2
SIM3
SIM4
1
21
22
SIM5
SIM1
SIM2
SIM3
SIM4
1
21
22
SIM5
SIM1
SIM2
SIM3
SIM4
1
21
22
SIM5
SIM1
SIM2
SIM3
SIM4
1
21
22
SIM5
SIM1
SIM2
SIM3
SIM4
1
21
22
SIM5
SIM1
SIM2
SIM3
SIM4
1
21
22
SIM5
SIM1
SIM2
SIM3
SIM4
1
21
22
SIM5
SIM1
SIM2
SIM3
SIM4
1
21
22
SIM5
SIM1
SIM2
SIM3
SIM4
1
21
22
SIM5
SIM1
SIM2
SIM3
SIM4
1
21
22
SIM5
SIM1
SIM2
SIM3
SIM4
1
21
22
SIM5
SIM1
SIM2
SIM3
SIM4
1
21
22
SIM5
SIM1
SIM2
SIM3
SIM4
1
21
22
SIM5
SIM1
SIM2
SIM3
SIM4
1
21
22
SIM5
SIM1
SIM2
SIM3
SIM4
1
21
22
SIM5
SIM1
SIM2
SIM3
SIM4
1
21
22
SIM5
SIM1
SIM2
SIM3
SIM4
1
21
22
SIM5
SIM1
SIM2
SIM3
SIM4
1
21
22
SIM5
SIM1
SIM2
SIM3
SIM4
1
21
22
SIM5
SIM1
SIM2
SIM3
SIM4
1
21
22
SIM5
SIM1
SIM2
SIM3
SIM4
1
21
22
SIM5
SIM1
SIM2
SIM3
SIM4
1
21
22
SIM5
SIM1
SIM2
SIM3
SIM4
1
21
22
SIM5
SIM1
SIM2
SIM3
SIM4
1
21
22
SIM5
SIM1
SIM2
SIM3
SIM4
1
21
22
SIM5
SIM1
SIM2
SIM3
SIM4
1
21
22
SIM5
SIM1
SIM2
SIM3
SIM4
1
21
22
SIM5
SIM1
SIM2
SIM3
SIM4
1
21
22
SIM5
SIM1
SIM2
SIM3
SIM4
1
21
22
SIM5
SIM1
SIM2
SIM3
SIM4
1
21
22
SIM5
SIM1
SIM2
SIM3
SIM4
1
21
22
SIM5
SIM1
SIM2
SIM3
SIM4
1
21
22
SIM5
SIM1
SIM2
SIM3
SIM4
1
21
22
SIM5
SIM1
SIM2
SIM3
SIM4
1
21
22
SIM5
SIM1
SIM2
SIM3
SIM4
1
21
22
SIM5
SIM1
SIM2
SIM3
SIM4
1
21
22
SIM5
SIM1
SIM2
SIM3
SIM4
1
21
22
SIM5
SIM1
SIM2
SIM3
SIM4
1
21
22
SIM5
SIM1
SIM2
SIM3
SIM4
1
21
22
SIM5
SIM1
SIM2
SIM3
SIM4
1
21
22
SIM5
SIM1
SIM2
SIM3
SIM4
1
21
22
SIM5
SIM1
SIM2
SIM3
SIM4
1
21
22
SIM5
SIM1
SIM2
SIM3
SIM4
1
21
22
SIM5
SIM1
SIM2
SIM3
SIM4
1
21
22
SIM5
SIM1
SIM2
SIM3
SIM4
1
21
22
SIM5
SIM1
SIM2
SIM3
SIM4
1
21
22
SIM5
SIM1
SIM2
SIM3
SIM4
1
21
22
SIM5
SIM1
SIM2
SIM3
SIM4
1
21
22
SIM5
SIM1
SIM2
SIM3
SIM4
1
21
22
SIM5
SIM1
SIM2
SIM3
SIM4
1
21
22
SIM5
SIM1
SIM2
SIM3
SIM4
1
21
22
SIM5
SIM1
SIM2
SIM3
SIM4
1
21
22
SIM5
SIM1
SIM2
SIM3
SIM4
1
21
22
SIM5
SIM1
SIM2
SIM3
SIM4
1
21
22
SIM5
SIM1
SIM2
SIM3
SIM4
1
21
22
SIM5
SIM1
SIM2
SIM3
SIM4
1
21
22
SIM5
SIM1
SIM2
SIM3
SIM4
1
21
22
SIM5
SIM1
SIM2
SIM3
SIM4
1
21
22
SIM5
SIM1
SIM2
SIM3
SIM4
1
21
22
SIM5
SIM1
SIM2
SIM3
SIM4
1
21
22
SIM5
SIM1
SIM2
SIM3
SIM4
1
21
22
SIM5
SIM1
SIM2
SIM3
SIM4
1
21
22
SIM5
SIM1
SIM2
SIM3
SIM4
1
21
22
SIM5
SIM1
SIM2
SIM3
SIM4
1
21
22
SIM5
SIM1
SIM2
SIM3
SIM4
1
21
22
SIM5
SIM1
SIM2
SIM3
SIM4
1
21
22
SIM5
SIM1
SIM2
SIM3
SIM4
1
21
22
SIM5
SIM1
SIM2
SIM3
SIM4
1
21
22
SIM5
SIM1
SIM2
SIM3
SIM4
1
21
22
SIM5
SIM1
SIM2
SIM3
SIM4
1
21
22
SIM5
SIM1
SIM2
SIM3
SIM4
1
21
22
SIM5
SIM1
SIM2
SIM3
SIM4
1
21
22
SIM5
SIM1
SIM2
SIM3
SIM4
1
21
22
SIM5
SIM1
SIM2
SIM3
SIM4
1
21
22
SIM5
SIM1
SIM2
SIM3
SIM4
1
21
22
SIM5
SIM1
SIM2
SIM3
SIM4
1
21
22
SIM5
SIM1
SIM2
SIM3
SIM4
1
21
22
SIM5
SIM1
SIM2
SIM3
SIM4
1
21
22
SIM5
SIM1
SIM2
SIM3
SIM4
1
21
22
SIM5
SIM1
SIM2
SIM3
SIM4
1
21
22
SIM5
SIM1
SIM2
SIM3
SIM4
1
21
22
SIM5
SIM1
SIM2
SIM3
SIM4
1
21
22
SIM5
SIM1
SIM2
SIM3
SIM4
1
21
22
SIM5
SIM1
SIM2
SIM3
SIM4
1
21
22
SIM5
SIM1
SIM2
SIM3
SIM4
1
21
22
SIM5
SIM1
SIM2
SIM3
SIM4
1
21
22
SIM5
SIM1
SIM2
SIM3
SIM4
1
21
22
SIM5
SIM1
SIM2
SIM3
SIM4
1
21
22
SIM5
SIM1
SIM2
SIM3
SIM4
1
21
22
SIM5
SIM1
SIM2
SIM3
SIM4
1
21
22
SIM5
SIM1
SIM2
SIM3
SIM4
1
21
22
SIM5
SIM1
SIM2
SIM3
SIM4
1
21
22
SIM5
SIM1
SIM2
SIM3
SIM4
1
21
22
SIM5
SIM1
SIM2
SIM3
SIM4
1
21
22
SIM5
SIM1
SIM2
SIM3
SIM4
1
21
22
SIM5
SIM1
SIM2
SIM3
SIM4
1
21
22
SIM5
SIM1
SIM2
SIM3
SIM4
1
21
22
SIM5
SIM1
SIM2
SIM3
SIM4
1
21
22
SIM5
SIM1
SIM2
SIM3
SIM4
1
21
22
SIM5
SIM1
SIM2
SIM3
SIM4
1
21
22
SIM5
SIM1
SIM2
SIM3
SIM4
1
21
22
SIM5
SIM1
SIM2
SIM3
SIM4
1
21
22
SIM5
SIM1
SIM2
SIM3
SIM4
1
21
22
SIM5
SIM1
SIM2
DEBUG 1 481
SIM1
SIM2
SIM3
SIM4
1
21
22
SIM5
SIM1
SIM2
SIM3
SIM4
1
21
22
SIM5
SIM1
SIM2
SIM3
SIM4
1
21
22
SIM5
SIM1
SIM2
SIM3
SIM4
1
21
22
SIM5
SIM1
SIM2
SIM3
SIM4
1
21
22
SIM5
SIM1
SIM2
SIM3
SIM4
1
21
22
SIM5
SIM1
SIM2
SIM3
SIM4
1
21
22
SIM5
SIM1
SIM2
SIM3
SIM4
1
21
22
SIM5
SIM1
SIM2
SIM3
SIM4
1
21
22
SIM5
SIM1
SIM2
SIM3
SIM4
1
21
22
SIM5
SIM1
SIM2
SIM3
SIM4
1
21
22
SIM5
SIM1
SIM2
SIM3
SIM4
1
21
22
SIM5
SIM1
SIM2
SIM3
SIM4
1
21
22
SIM5
SIM1
SIM2
SIM3
SIM4
1
21
22
SIM5
SIM1
SIM2
SIM3
SIM4
1
21
22
SIM5
SIM1
SIM2
SIM3
SIM4
1
21
22
SIM5
SIM1
SIM2
SIM3
SIM4
1
21
22
SIM5
SIM1
SIM2
SIM3
SIM4
1
21
22
SIM5
SIM1
SIM2
SIM3
SIM4
1
21
22
SIM5
SIM1
SIM2
SIM3
SIM4
1
21
22
SIM5
SIM1
SIM2
SIM3
SIM4
1
21
22
SIM5
SIM1
SIM2
SIM3
SIM4
1
21
22
SIM5
SIM1
SIM2
SIM3
SIM4
1
21
22
SIM5
SIM1
SIM2
SIM3
SIM4
1
21
22
SIM5
SIM1
SIM2
SIM3
SIM4
1
21
22
SIM5
SIM1
SIM2
SIM3
SIM4
1
21
22
SIM5
SIM1
SIM2
SIM3
SIM4
1
21
22
SIM5
SIM1
SIM2
SIM3
SIM4
1
21
22
SIM5
SIM1
SIM2
SIM3
SIM4
1
21
22
SIM5
SIM1
SIM2
SIM3
SIM4
1
21
22
SIM5
SIM1
SIM2
SIM3
SIM4
1
21
22
SIM5
SIM1
SIM2
SIM3
SIM4
1
21
22
SIM5
SIM1
SIM2
SIM3
SIM4
1
21
22
SIM5
SIM1
SIM2
SIM3
SIM4
1
21
22
SIM5
SIM1
SIM2
SIM3
SIM4
1
21
22
SIM5
SIM1
SIM2
SIM3
SIM4
1
21
22
SIM5
SIM1
SIM2
SIM3
SIM4
1
21
22
SIM5
SIM1
SIM2
SIM3
SIM4
1
21
22
SIM5
SIM1
SIM2
SIM3
SIM4
1
21
22
SIM5
SIM1
SIM2
SIM3
SIM4
1
21
22
SIM5
SIM1
SIM2
SIM3
SIM4
1
21
22
SIM5
SIM1
SIM2
SIM3
SIM4
1
21
22
SIM5
SIM1
SIM2
SIM3
SIM4
1
21
22
SIM5
SIM1
SIM2
SIM3
SIM4
1
21
22
SIM5
SIM1
SIM2
SIM3
SIM4
1
21
22
SIM5
SIM1
SIM2
SIM3
SIM4
1
21
22
SIM5
SIM1
SIM2
SIM3
SIM4
1
21
22
SIM5
SIM1
SIM2
SIM3
SIM4
1
21
22
SIM5
SIM1
SIM2
SIM3
SIM4
1
21
22
SIM5
SIM1
SIM2
SIM3
SIM4
1
21
22
SIM5
SIM1
SIM2
SIM3
SIM4
1
21
22
SIM5
SIM1
SIM2
SIM3
SIM4
1
21
22
SIM5
SIM1
SIM2
SIM3
SIM4
1
21
22
SIM5
SIM1
SIM2
SIM3
SIM4
1
21
22
SIM5
SIM1
SIM2
SIM3
SIM4
1
21
22
SIM5
SIM1
SIM2
SIM3
SIM4
1
21
22
SIM5
SIM1
SIM2
SIM3
SIM4
1
21
22
SIM5
SIM1
SIM2
SIM3
SIM4
1
21
22
SIM5
SIM1
SIM2
SIM3
SIM4
1
21
22
SIM5
SIM1
SIM2
SIM3
SIM4
1
21
22
SIM5
SIM1
SIM2
SIM3
SIM4
1
21
22
SIM5
SIM1
SIM2
SIM3
SIM4
1
21
22
SIM5
SIM1
SIM2
SIM3
SIM4
1
21
22
SIM5
SIM1
SIM2
SIM3
SIM4
1
21
22
SIM5
SIM1
SIM2
SIM3
SIM4
1
21
22
SIM5
SIM1
SIM2
SIM3
SIM4
1
21
22
SIM5
SIM1
SIM2
SIM3
SIM4
1
21
22
SIM5
SIM1
SIM2
SIM3
SIM4
1
21
22
SIM5
SIM1
SIM2
SIM3
SIM4
1
21
22
SIM5
SIM1
SIM2
SIM3
SIM4
1
21
22
SIM5
SIM1
SIM2
SIM3
SIM4
1
21
22
SIM5
SIM1
SIM2
SIM3
SIM4
1
21
22
SIM5
SIM1
SIM2
SIM3
SIM4
1
21
22
SIM5
SIM1
SIM2
SIM3
SIM4
1
21
22
SIM5
SIM1
SIM2
SIM3
SIM4
1
21
22
SIM5
SIM1
SIM2
SIM3
SIM4
1
21
22
SIM5
SIM1
SIM2
SIM3
SIM4
1
21
22
SIM5
SIM1
SIM2
SIM3
SIM4
1
21
22
SIM5
SIM1
SIM2
SIM3
SIM4
1
21
22
SIM5
SIM1
SIM2
SIM3
SIM4
1
21
22
SIM5
SIM1
SIM2
SIM3
SIM4
1
21
22
SIM5
SIM1
SIM2
SIM3
SIM4
1
21
22
SIM5
SIM1
SIM2
SIM3
SIM4
1
21
22
SIM5
SIM1
SIM2
SIM3
SIM4
1
21
22
SIM5
SIM1
SIM2
SIM3
SIM4
1
21
22
SIM5
SIM1
SIM2
SIM3
SIM4
1
21
22
SIM5
SIM1
SIM2
SIM3
SIM4
1
21
22
SIM5
SIM1
SIM2
SIM3
SIM4
1
21
22
SIM5
SIM1
SIM2
SIM3
SIM4
1
21
22
SIM5
SIM1
SIM2
SIM3
SIM4
1
21
22
SIM5
SIM1
SIM2
SIM3
SIM4
1
21
22
SIM5
SIM1
SIM2
SIM3
SIM4
1
21
22
SIM5
SIM1
SIM2
SIM3
SIM4
1
21
22
SIM5
SIM1
SIM2
SIM3
SIM4
1
21
22
SIM5
SIM1
SIM2
SIM3
SIM4
1
21
22
SIM5
SIM1
SIM2
SIM3
SIM4
1
21
22
SIM5
SIM1
SIM2
SIM3
SIM4
1
21
22
SIM5
SIM1
SIM2
SIM3
SIM4
1
21
22
SIM5
SIM1
SIM2
SIM3
SIM4
1
21
22
SIM5
SIM1
SIM2
SIM3
SIM4
1
21
22
SIM5
SIM1
SIM2
SIM3
SIM4
1
21
22
SIM5
SIM1
SIM2
SIM3
SIM4
1
21
22
SIM5
SIM1
SIM2
SIM3
SIM4
1
21
22
SIM5
SIM1
SIM2
SIM3
SIM4
1
21
22
SIM5
SIM1
SIM2
SIM3
SIM4
1
21
22
SIM5
SIM1
SIM2
SIM3
SIM4
1
21
22
SIM5
SIM1
SIM2
SIM3
SIM4
1
21
22
SIM5
SIM1
SIM2
SIM3
SIM4
1
21
22
SIM5
SIM1
SIM2
SIM3
SIM4
1
21
22
SIM5
SIM1
SIM2
SIM3
SIM4
1
21
22
SIM5
SIM1
SIM2
SIM3
SIM4
1
21
22
SIM5
SIM1
SIM2
SIM3
SIM4
1
21
22
SIM5
SIM1
SIM2
SIM3
SIM4
1
21
22
SIM5
SIM1
SIM2
SIM3
SIM4
1
21
22
SIM5
SIM1
SIM2
SIM3
SIM4
1
21
22
SIM5
SIM1
SIM2
SIM3
SIM4
1
21
22
SIM5
SIM1
SIM2
SIM3
SIM4
1
21
22
SIM5
SIM1
SIM2
SIM3
SIM4
1
21
22
SIM5
SIM1
SIM2
SIM3
SIM4
1
21
22
SIM5
SIM1
SIM2
SIM3
SIM4
1
21
22
SIM5
SIM1
SIM2
SIM3
SIM4
1
21
22
SIM5
SIM1
SIM2
SIM3
SIM4
1
21
22
SIM5
SIM1
SIM2
SIM3
SIM4
1
21
22
SIM5
SIM1
SIM2
SIM3
SIM4
1
21
22
SIM5
SIM1
SIM2
SIM3
SIM4
1
21
22
SIM5
SIM1
SIM2
SIM3
SIM4
1
21
22
SIM5
SIM1
SIM2
SIM3
SIM4
1
21
22
SIM5
SIM1
SIM2
SIM3
SIM4
1
21
22
SIM5
SIM1
SIM2
SIM3
SIM4
1
21
22
SIM5
SIM1
SIM2
SIM3
SIM4
1
21
22
SIM5
SIM1
SIM2
SIM3
SIM4
1
21
22
SIM5
SIM1
SIM2
SIM3
SIM4
1
21
22
SIM5
SIM1
SIM2
SIM3
SIM4
1
21
22
SIM5
SIM1
SIM2
SIM3
SIM4
1
21
22
SIM5
SIM1
SIM2
SIM3
SIM4
1
21
22
SIM5
SIM1
SIM2
SIM3
SIM4
1
21
22
SIM5
SIM1
SIM2
SIM3
SIM4
1
21
22
SIM5
SIM1
SIM2
DEBUG 1 482
SIM1
SIM2
SIM3
SIM4
1
21
22
SIM5
SIM1
SIM2
SIM3
SIM4
1
21
22
SIM5
SIM1
SIM2
SIM3
SIM4
1
21
22
SIM5
SIM1
SIM2
SIM3
SIM4
1
21
22
SIM5
SIM1
SIM2
SIM3
SIM4
1
21
22
SIM5
SIM1
SIM2
SIM3
SIM4
1
21
22
SIM5
SIM1
SIM2
SIM3
SIM4
1
21
22
SIM5
SIM1
SIM2
SIM3
SIM4
1
21
22
SIM5
SIM1
SIM2
SIM3
SIM4
1
21
22
SIM5
SIM1
SIM2
SIM3
SIM4
1
21
22
SIM5
SIM1
SIM2
SIM3
SIM4
1
21
22
SIM5
SIM1
SIM2
SIM3
SIM4
1
21
22
SIM5
SIM1
SIM2
SIM3
SIM4
1
21
22
SIM5
SIM1
SIM2
SIM3
SIM4
1
21
22
SIM5
SIM1
SIM2
SIM3
SIM4
1
21
22
SIM5
SIM1
SIM2
SIM3
SIM4
1
21
22
SIM5
SIM1
SIM2
SIM3
SIM4
1
21
22
SIM5
SIM1
SIM2
SIM3
SIM4
1
21
22
SIM5
SIM1
SIM2
SIM3
SIM4
1
21
22
SIM5
SIM1
SIM2
SIM3
SIM4
1
21
22
SIM5
SIM1
SIM2
SIM3
SIM4
1
21
22
SIM5
SIM1
SIM2
SIM3
SIM4
1
21
22
SIM5
SIM1
SIM2
SIM3
SIM4
1
21
22
SIM5
SIM1
SIM2
SIM3
SIM4
1
21
22
SIM5
SIM1
SIM2
SIM3
SIM4
1
21
22
SIM5
SIM1
SIM2
SIM3
SIM4
1
21
22
SIM5
SIM1
SIM2
SIM3
SIM4
1
21
22
SIM5
SIM1
SIM2
SIM3
SIM4
1
21
22
SIM5
SIM1
SIM2
SIM3
SIM4
1
21
22
SIM5
SIM1
SIM2
SIM3
SIM4
1
21
22
SIM5
SIM1
SIM2
SIM3
SIM4
1
21
22
SIM5
SIM1
SIM2
SIM3
SIM4
1
21
22
SIM5
SIM1
SIM2
SIM3
SIM4
1
21
22
SIM5
SIM1
SIM2
SIM3
SIM4
1
21
22
SIM5
SIM1
SIM2
SIM3
SIM4
1
21
22
SIM5
SIM1
SIM2
SIM3
SIM4
1
21
22
SIM5
SIM1
SIM2
SIM3
SIM4
1
21
22
SIM5
SIM1
SIM2
SIM3
SIM4
1
21
22
SIM5
SIM1
SIM2
SIM3
SIM4
1
21
22
SIM5
SIM1
SIM2
SIM3
SIM4
1
21
22
SIM5
SIM1
SIM2
SIM3
SIM4
1
21
22
SIM5
SIM1
SIM2
SIM3
SIM4
1
21
22
SIM5
SIM1
SIM2
SIM3
SIM4
1
21
22
SIM5
SIM1
SIM2
SIM3
SIM4
1
21
22
SIM5
SIM1
SIM2
SIM3
SIM4
1
21
22
SIM5
SIM1
SIM2
SIM3
SIM4
1
21
22
SIM5
SIM1
SIM2
SIM3
SIM4
1
21
22
SIM5
SIM1
SIM2
SIM3
SIM4
1
21
22
SIM5
SIM1
SIM2
SIM3
SIM4
1
21
22
SIM5
SIM1
SIM2
SIM3
SIM4
1
21
22
SIM5
SIM1
SIM2
SIM3
SIM4
1
21
22
SIM5
SIM1
SIM2
SIM3
SIM4
1
21
22
SIM5
SIM1
SIM2
SIM3
SIM4
1
21
22
SIM5
SIM1
SIM2
SIM3
SIM4
1
21
22
SIM5
SIM1
SIM2
SIM3
SIM4
1
21
22
SIM5
SIM1
SIM2
SIM3
SIM4
1
21
22
SIM5
SIM1
SIM2
SIM3
SIM4
1
21
22
SIM5
SIM1
SIM2
SIM3
SIM4
1
21
22
SIM5
SIM1
SIM2
SIM3
SIM4
1
21
22
SIM5
SIM1
SIM2
SIM3
SIM4
1
21
22
SIM5
SIM1
SIM2
SIM3
SIM4
1
21
22
SIM5
SIM1
SIM2
SIM3
SIM4
1
21
22
SIM5
SIM1
SIM2
SIM3
SIM4
1
21
22
SIM5
SIM1
SIM2
SIM3
SIM4
1
21
22
SIM5
SIM1
SIM2
SIM3
SIM4
1
21
22
SIM5
SIM1
SIM2
SIM3
SIM4
1
21
22
SIM5
SIM1
SIM2
SIM3
SIM4
1
21
22
SIM5
SIM1
SIM2
SIM3
SIM4
1
21
22
SIM5
SIM1
SIM2
SIM3
SIM4
1
21
22
SIM5
SIM1
SIM2
SIM3
SIM4
1
21
22
SIM5
SIM1
SIM2
SIM3
SIM4
1
21
22
SIM5
SIM1
SIM2
SIM3
SIM4
1
21
22
SIM5
SIM1
SIM2
SIM3
SIM4
1
21
22
SIM5
SIM1
SIM2
SIM3
SIM4
1
21
22
SIM5
SIM1
SIM2
SIM3
SIM4
1
21
22
SIM5
SIM1
SIM2
SIM3
SIM4
1
21
22
SIM5
SIM1
SIM2
SIM3
SIM4
1
21
22
SIM5
SIM1
SIM2
SIM3
SIM4
1
21
22
SIM5
SIM1
SIM2
SIM3
SIM4
1
21
22
SIM5
SIM1
SIM2
SIM3
SIM4
1
21
22
SIM5
SIM1
SIM2
SIM3
SIM4
1
21
22
SIM5
SIM1
SIM2
SIM3
SIM4
1
21
22
SIM5
SIM1
SIM2
SIM3
SIM4
1
21
22
SIM5
SIM1
SIM2
SIM3
SIM4
1
21
22
SIM5
SIM1
SIM2
SIM3
SIM4
1
21
22
SIM5
SIM1
SIM2
SIM3
SIM4
1
21
22
SIM5
SIM1
SIM2
SIM3
SIM4
1
21
22
SIM5
SIM1
SIM2
SIM3
SIM4
1
21
22
SIM5
SIM1
SIM2
SIM3
SIM4
1
21
22
SIM5
SIM1
SIM2
SIM3
SIM4
1
21
22
SIM5
SIM1
SIM2
SIM3
SIM4
1
21
22
SIM5
SIM1
SIM2
SIM3
SIM4
1
21
22
SIM5
SIM1
SIM2
SIM3
SIM4
1
21
22
SIM5
SIM1
SIM2
SIM3
SIM4
1
21
22
SIM5
SIM1
SIM2
SIM3
SIM4
1
21
22
SIM5
SIM1
SIM2
SIM3
SIM4
1
21
22
SIM5
SIM1
SIM2
SIM3
SIM4
1
21
22
SIM5
SIM1
SIM2
SIM3
SIM4
1
21
22
SIM5
SIM1
SIM2
SIM3
SIM4
1
21
22
SIM5
SIM1
SIM2
SIM3
SIM4
1
21
22
SIM5
SIM1
SIM2
SIM3
SIM4
1
21
22
SIM5
SIM1
SIM2
SIM3
SIM4
1
21
22
SIM5
SIM1
SIM2
SIM3
SIM4
1
21
22
SIM5
SIM1
SIM2
SIM3
SIM4
1
21
22
SIM5
SIM1
SIM2
SIM3
SIM4
1
21
22
SIM5
SIM1
SIM2
SIM3
SIM4
1
21
22
SIM5
SIM1
SIM2
SIM3
SIM4
1
21
22
SIM5
SIM1
SIM2
SIM3
SIM4
1
21
22
SIM5
SIM1
SIM2
SIM3
SIM4
1
21
22
SIM5
SIM1
SIM2
SIM3
SIM4
1
21
22
SIM5
SIM1
SIM2
SIM3
SIM4
1
21
22
SIM5
SIM1
SIM2
SIM3
SIM4
1
21
22
SIM5
SIM1
SIM2
SIM3
SIM4
1
21
22
SIM5
SIM1
SIM2
SIM3
SIM4
1
21
22
SIM5
SIM1
SIM2
SIM3
SIM4
1
21
22
SIM5
SIM1
SIM2
SIM3
SIM4
1
21
22
SIM5
SIM1
SIM2
SIM3
SIM4
1
21
22
SIM5
SIM1
SIM2
SIM3
SIM4
1
21
22
SIM5
SIM1
SIM2
SIM3
SIM4
1
21
22
SIM5
SIM1
SIM2
SIM3
SIM4
1
21
22
SIM5
SIM1
SIM2
SIM3
SIM4
1
21
22
SIM5
SIM1
SIM2
SIM3
SIM4
1
21
22
SIM5
SIM1
SIM2
SIM3
SIM4
1
21
22
SIM5
SIM1
SIM2
SIM3
SIM4
1
21
22
SIM5
SIM1
SIM2
SIM3
SIM4
1
21
22
SIM5
SIM1
SIM2
SIM3
SIM4
1
21
22
SIM5
SIM1
SIM2
SIM3
SIM4
1
21
22
SIM5
SIM1
SIM2
SIM3
SIM4
1
21
22
SIM5
SIM1
SIM2
SIM3
SIM4
1
21
22
SIM5
SIM1
SIM2
SIM3
SIM4
1
21
22
SIM5
SIM1
SIM2
SIM3
SIM4
1
21
22
SIM5
SIM1
SIM2
SIM3
SIM4
1
21
22
SIM5
SIM1
SIM2
SIM3
SIM4
1
21
22
SIM5
SIM1
SIM2
SIM3
SIM4
1
21
22
SIM5
SIM1
SIM2
SIM3
SIM4
1
21
22
SIM5
SIM1
SIM2
SIM3
SIM4
1
21
22
SIM5
SIM1
SIM2
SIM3
SIM4
1
21
22
SIM5
SIM1
SIM2
SIM3
SIM4
1
21
22
SIM5
SIM1
SIM2
SIM3
SIM4
1
21
22
SIM5
SIM1
SIM2
SIM3
SIM4
1
21
22
SIM5
SIM1
SIM2
SIM3
SIM4
1
21
22
SIM5
SIM1
SIM2
SIM3
SIM4
1
21
22
SIM5
SIM1
SIM2
SIM3
SIM4
1
21
22
SIM5
SIM1
SIM2
SIM3
SIM4
1
21
22
SIM5
SIM1
SIM2
SIM3
SIM4
1
21
22
SIM5
SIM1
SIM2
SIM3
SIM4
1
21
22
SIM5
SIM1
SIM2
SIM3
SIM4
1
21
22
SIM5
SIM1
SIM2
SIM3
SIM4
1
21
22
SIM5
SIM1
SIM2
SIM3
SIM4
1
21
22
SIM5
SIM1
SIM2
SIM3
SIM4
1
21
22
SIM5
SIM1
SIM2
SIM3
SIM4
1
21
22
SIM5
SIM1
SIM2
SIM3
SIM4
1
21
22
SIM5
SIM1
SIM2
DEBUG 1 483
SIM1
SIM2
SIM3
SIM4
1
21
22
SIM5
SIM1
SIM2
SIM3
SIM4
1
21
22
SIM5
SIM1
SIM2
SIM3
SIM4
1
21
22
SIM5
SIM1
SIM2
SIM3
SIM4
1
21
22
SIM5
SIM1
SIM2
SIM3
SIM4
1
21
22
SIM5
SIM1
SIM2
SIM3
SIM4
1
21
22
SIM5
SIM1
SIM2
SIM3
SIM4
1
21
22
SIM5
SIM1
SIM2
SIM3
SIM4
1
21
22
SIM5
SIM1
SIM2
SIM3
SIM4
1
21
22
SIM5
SIM1
SIM2
SIM3
SIM4
1
21
22
SIM5
SIM1
SIM2
SIM3
SIM4
1
21
22
SIM5
SIM1
SIM2
SIM3
SIM4
1
21
22
SIM5
SIM1
SIM2
SIM3
SIM4
1
21
22
SIM5
SIM1
SIM2
SIM3
SIM4
1
21
22
SIM5
SIM1
SIM2
SIM3
SIM4
1
21
22
SIM5
SIM1
SIM2
SIM3
SIM4
1
21
22
SIM5
SIM1
SIM2
SIM3
SIM4
1
21
22
SIM5
SIM1
SIM2
SIM3
SIM4
1
21
22
SIM5
SIM1
SIM2
SIM3
SIM4
1
21
22
SIM5
SIM1
SIM2
SIM3
SIM4
1
21
22
SIM5
SIM1
SIM2
SIM3
SIM4
1
21
22
SIM5
SIM1
SIM2
SIM3
SIM4
1
21
22
SIM5
SIM1
SIM2
SIM3
SIM4
1
21
22
SIM5
SIM1
SIM2
SIM3
SIM4
1
21
22
SIM5
SIM1
SIM2
SIM3
SIM4
1
21
22
SIM5
SIM1
SIM2
SIM3
SIM4
1
21
22
SIM5
SIM1
SIM2
SIM3
SIM4
1
21
22
SIM5
SIM1
SIM2
SIM3
SIM4
1
21
22
SIM5
SIM1
SIM2
SIM3
SIM4
1
21
22
SIM5
SIM1
SIM2
SIM3
SIM4
1
21
22
SIM5
SIM1
SIM2
SIM3
SIM4
1
21
22
SIM5
SIM1
SIM2
SIM3
SIM4
1
21
22
SIM5
SIM1
SIM2
SIM3
SIM4
1
21
22
SIM5
SIM1
SIM2
SIM3
SIM4
1
21
22
SIM5
SIM1
SIM2
SIM3
SIM4
1
21
22
SIM5
SIM1
SIM2
SIM3
SIM4
1
21
22
SIM5
SIM1
SIM2
SIM3
SIM4
1
21
22
SIM5
SIM1
SIM2
SIM3
SIM4
1
21
22
SIM5
SIM1
SIM2
SIM3
SIM4
1
21
22
SIM5
SIM1
SIM2
SIM3
SIM4
1
21
22
SIM5
SIM1
SIM2
SIM3
SIM4
1
21
22
SIM5
SIM1
SIM2
SIM3
SIM4
1
21
22
SIM5
SIM1
SIM2
SIM3
SIM4
1
21
22
SIM5
SIM1
SIM2
SIM3
SIM4
1
21
22
SIM5
SIM1
SIM2
SIM3
SIM4
1
21
22
SIM5
SIM1
SIM2
SIM3
SIM4
1
21
22
SIM5
SIM1
SIM2
SIM3
SIM4
1
21
22
SIM5
SIM1
SIM2
SIM3
SIM4
1
21
22
SIM5
SIM1
SIM2
SIM3
SIM4
1
21
22
SIM5
SIM1
SIM2
SIM3
SIM4
1
21
22
SIM5
SIM1
SIM2
SIM3
SIM4
1
21
22
SIM5
SIM1
SIM2
SIM3
SIM4
1
21
22
SIM5
SIM1
SIM2
SIM3
SIM4
1
21
22
SIM5
SIM1
SIM2
SIM3
SIM4
1
21
22
SIM5
SIM1
SIM2
SIM3
SIM4
1
21
22
SIM5
SIM1
SIM2
SIM3
SIM4
1
21
22
SIM5
SIM1
SIM2
SIM3
SIM4
1
21
22
SIM5
SIM1
SIM2
SIM3
SIM4
1
21
22
SIM5
SIM1
SIM2
SIM3
SIM4
1
21
22
SIM5
SIM1
SIM2
SIM3
SIM4
1
21
22
SIM5
SIM1
SIM2
SIM3
SIM4
1
21
22
SIM5
SIM1
SIM2
SIM3
SIM4
1
21
22
SIM5
SIM1
SIM2
SIM3
SIM4
1
21
22
SIM5
SIM1
SIM2
SIM3
SIM4
1
21
22
SIM5
SIM1
SIM2
SIM3
SIM4
1
21
22
SIM5
SIM1
SIM2
SIM3
SIM4
1
21
22
SIM5
SIM1
SIM2
SIM3
SIM4
1
21
22
SIM5
SIM1
SIM2
SIM3
SIM4
1
21
22
SIM5
SIM1
SIM2
SIM3
SIM4
1
21
22
SIM5
SIM1
SIM2
SIM3
SIM4
1
21
22
SIM5
SIM1
SIM2
SIM3
SIM4
1
21
22
SIM5
SIM1
SIM2
SIM3
SIM4
1
21
22
SIM5
SIM1
SIM2
SIM3
SIM4
1
21
22
SIM5
SIM1
SIM2
SIM3
SIM4
1
21
22
SIM5
SIM1
SIM2
SIM3
SIM4
1
21
22
SIM5
SIM1
SIM2
SIM3
SIM4
1
21
22
SIM5
SIM1
SIM2
SIM3
SIM4
1
21
22
SIM5
SIM1
SIM2
SIM3
SIM4
1
21
22
SIM5
SIM1
SIM2
SIM3
SIM4
1
21
22
SIM5
SIM1
SIM2
SIM3
SIM4
1
21
22
SIM5
SIM1
SIM2
SIM3
SIM4
1
21
22
SIM5
SIM1
SIM2
SIM3
SIM4
1
21
22
SIM5
SIM1
SIM2
SIM3
SIM4
1
21
22
SIM5
SIM1
SIM2
SIM3
SIM4
1
21
22
SIM5
SIM1
SIM2
SIM3
SIM4
1
21
22
SIM5
SIM1
SIM2
SIM3
SIM4
1
21
22
SIM5
SIM1
SIM2
SIM3
SIM4
1
21
22
SIM5
SIM1
SIM2
SIM3
SIM4
1
21
22
SIM5
SIM1
SIM2
SIM3
SIM4
1
21
22
SIM5
SIM1
SIM2
SIM3
SIM4
1
21
22
SIM5
SIM1
SIM2
SIM3
SIM4
1
21
22
SIM5
SIM1
SIM2
SIM3
SIM4
1
21
22
SIM5
SIM1
SIM2
SIM3
SIM4
1
21
22
SIM5
SIM1
SIM2
SIM3
SIM4
1
21
22
SIM5
SIM1
SIM2
SIM3
SIM4
1
21
22
SIM5
SIM1
SIM2
SIM3
SIM4
1
21
22
SIM5
SIM1
SIM2
SIM3
SIM4
1
21
22
SIM5
SIM1
SIM2
SIM3
SIM4
1
21
22
SIM5
SIM1
SIM2
SIM3
SIM4
1
21
22
SIM5
SIM1
SIM2
SIM3
SIM4
1
21
22
SIM5
SIM1
SIM2
SIM3
SIM4
1
21
22
SIM5
SIM1
SIM2
SIM3
SIM4
1
21
22
SIM5
SIM1
SIM2
SIM3
SIM4
1
21
22
SIM5
SIM1
SIM2
SIM3
SIM4
1
21
22
SIM5
SIM1
SIM2
SIM3
SIM4
1
21
22
SIM5
SIM1
SIM2
SIM3
SIM4
1
21
22
SIM5
SIM1
SIM2
SIM3
SIM4
1
21
22
SIM5
SIM1
SIM2
SIM3
SIM4
1
21
22
SIM5
SIM1
SIM2
SIM3
SIM4
1
21
22
SIM5
SIM1
SIM2
SIM3
SIM4
1
21
22
SIM5
SIM1
SIM2
SIM3
SIM4
1
21
22
SIM5
SIM1
SIM2
SIM3
SIM4
1
21
22
SIM5
SIM1
SIM2
SIM3
SIM4
1
21
22
SIM5
SIM1
SIM2
SIM3
SIM4
1
21
22
SIM5
SIM1
SIM2
SIM3
SIM4
1
21
22
SIM5
SIM1
SIM2
SIM3
SIM4
1
21
22
SIM5
SIM1
SIM2
SIM3
SIM4
1
21
22
SIM5
SIM1
SIM2
SIM3
SIM4
1
21
22
SIM5
SIM1
SIM2
SIM3
SIM4
1
21
22
SIM5
SIM1
SIM2
SIM3
SIM4
1
21
22
SIM5
SIM1
SIM2
SIM3
SIM4
1
21
22
SIM5
SIM1
SIM2
SIM3
SIM4
1
21
22
SIM5
SIM1
SIM2
SIM3
SIM4
1
21
22
SIM5
SIM1
SIM2
SIM3
SIM4
1
21
22
SIM5
SIM1
SIM2
SIM3
SIM4
1
21
22
SIM5
SIM1
SIM2
SIM3
SIM4
1
21
22
SIM5
SIM1
SIM2
SIM3
SIM4
1
21
22
SIM5
SIM1
SIM2
SIM3
SIM4
1
21
22
SIM5
SIM1
SIM2
SIM3
SIM4
1
21
22
SIM5
SIM1
SIM2
SIM3
SIM4
1
21
22
SIM5
SIM1
SIM2
SIM3
SIM4
1
21
22
SIM5
SIM1
SIM2
SIM3
SIM4
1
21
22
SIM5
SIM1
SIM2
SIM3
SIM4
1
21
22
SIM5
SIM1
SIM2
SIM3
SIM4
1
21
22
SIM5
SIM1
SIM2
SIM3
SIM4
1
21
22
SIM5
SIM1
SIM2
SIM3
SIM4
1
21
22
SIM5
SIM1
SIM2
SIM3
SIM4
1
21
22
SIM5
SIM1
SIM2
SIM3
SIM4
1
21
22
SIM5
SIM1
SIM2
SIM3
SIM4
1
21
22
SIM5
SIM1
SIM2
SIM3
SIM4
1
21
22
SIM5
SIM1
SIM2
SIM3
SIM4
1
21
22
SIM5
SIM1
SIM2
SIM3
SIM4
1
21
22
SIM5
SIM1
SIM2
SIM3
SIM4
1
21
22
SIM5
SIM1
SIM2
SIM3
SIM4
1
21
22
SIM5
SIM1
SIM2
SIM3
SIM4
1
21
22
SIM5
SIM1
SIM2
SIM3
SIM4
1
21
22
SIM5
SIM1
SIM2
SIM3
SIM4
1
21
22
SIM5
SIM1
SIM2
SIM3
SIM4
1
21
22
SIM5
SIM1
SIM2
SIM3
SIM4
1
21
22
SIM5
SIM1
SIM2
SIM3
SIM4
1
21
22
SIM5
SIM1
SIM2
SIM3
SIM4
1
21
22
SIM5
SIM1
SIM2
SIM3
SIM4
1
21
22
SIM5
SIM1
SIM2
SIM3
SIM4
1
21
22
SIM5
SIM1
SIM2
SIM3
SIM4
1
21
22
SIM5
SIM1
SIM2
SIM3
SIM4
1
21
22
SIM5
SIM1
SIM2
SIM3
SIM4
1
21
22
SIM5
SIM1
SIM2
SIM3
SIM4
1
21
22
SIM5
SIM1
SIM2
SIM3
SIM4
1
21
22
SIM5
SIM1
SIM2
SIM3
SIM4
1
21
22
SIM5
SIM1
SIM2
DEBUG 1 484
SIM1
SIM2
SIM3
SIM4
1
21
22
SIM5
SIM1
SIM2
SIM3
SIM4
1
21
22
SIM5
SIM1
SIM2
SIM3
SIM4
1
21
22
SIM5
SIM1
SIM2
SIM3
SIM4
1
21
22
SIM5
SIM1
SIM2
SIM3
SIM4
1
21
22
SIM5
SIM1
SIM2
SIM3
SIM4
1
21
22
SIM5
SIM1
SIM2
SIM3
SIM4
1
21
22
SIM5
SIM1
SIM2
SIM3
SIM4
1
21
22
SIM5
SIM1
SIM2
SIM3
SIM4
1
21
22
SIM5
SIM1
SIM2
SIM3
SIM4
1
21
22
SIM5
SIM1
SIM2
SIM3
SIM4
1
21
22
SIM5
SIM1
SIM2
SIM3
SIM4
1
21
22
SIM5
SIM1
SIM2
SIM3
SIM4
1
21
22
SIM5
SIM1
SIM2
SIM3
SIM4
1
21
22
SIM5
SIM1
SIM2
SIM3
SIM4
1
21
22
SIM5
SIM1
SIM2
SIM3
SIM4
1
21
22
SIM5
SIM1
SIM2
SIM3
SIM4
1
21
22
SIM5
SIM1
SIM2
SIM3
SIM4
1
21
22
SIM5
SIM1
SIM2
SIM3
SIM4
1
21
22
SIM5
SIM1
SIM2
SIM3
SIM4
1
21
22
SIM5
SIM1
SIM2
SIM3
SIM4
1
21
22
SIM5
SIM1
SIM2
SIM3
SIM4
1
21
22
SIM5
SIM1
SIM2
SIM3
SIM4
1
21
22
SIM5
SIM1
SIM2
SIM3
SIM4
1
21
22
SIM5
SIM1
SIM2
SIM3
SIM4
1
21
22
SIM5
SIM1
SIM2
SIM3
SIM4
1
21
22
SIM5
SIM1
SIM2
SIM3
SIM4
1
21
22
SIM5
SIM1
SIM2
SIM3
SIM4
1
21
22
SIM5
SIM1
SIM2
SIM3
SIM4
1
21
22
SIM5
SIM1
SIM2
SIM3
SIM4
1
21
22
SIM5
SIM1
SIM2
SIM3
SIM4
1
21
22
SIM5
SIM1
SIM2
SIM3
SIM4
1
21
22
SIM5
SIM1
SIM2
SIM3
SIM4
1
21
22
SIM5
SIM1
SIM2
SIM3
SIM4
1
21
22
SIM5
SIM1
SIM2
SIM3
SIM4
1
21
22
SIM5
SIM1
SIM2
SIM3
SIM4
1
21
22
SIM5
SIM1
SIM2
SIM3
SIM4
1
21
22
SIM5
SIM1
SIM2
SIM3
SIM4
1
21
22
SIM5
SIM1
SIM2
SIM3
SIM4
1
21
22
SIM5
SIM1
SIM2
SIM3
SIM4
1
21
22
SIM5
SIM1
SIM2
SIM3
SIM4
1
21
22
SIM5
SIM1
SIM2
SIM3
SIM4
1
21
22
SIM5
SIM1
SIM2
SIM3
SIM4
1
21
22
SIM5
SIM1
SIM2
SIM3
SIM4
1
21
22
SIM5
SIM1
SIM2
SIM3
SIM4
1
21
22
SIM5
SIM1
SIM2
SIM3
SIM4
1
21
22
SIM5
SIM1
SIM2
SIM3
SIM4
1
21
22
SIM5
SIM1
SIM2
SIM3
SIM4
1
21
22
SIM5
SIM1
SIM2
SIM3
SIM4
1
21
22
SIM5
SIM1
SIM2
SIM3
SIM4
1
21
22
SIM5
SIM1
SIM2
SIM3
SIM4
1
21
22
SIM5
SIM1
SIM2
SIM3
SIM4
1
21
22
SIM5
SIM1
SIM2
SIM3
SIM4
1
21
22
SIM5
SIM1
SIM2
SIM3
SIM4
1
21
22
SIM5
SIM1
SIM2
SIM3
SIM4
1
21
22
SIM5
SIM1
SIM2
SIM3
SIM4
1
21
22
SIM5
SIM1
SIM2
SIM3
SIM4
1
21
22
SIM5
SIM1
SIM2
SIM3
SIM4
1
21
22
SIM5
SIM1
SIM2
SIM3
SIM4
1
21
22
SIM5
SIM1
SIM2
SIM3
SIM4
1
21
22
SIM5
SIM1
SIM2
SIM3
SIM4
1
21
22
SIM5
SIM1
SIM2
SIM3
SIM4
1
21
22
SIM5
SIM1
SIM2
SIM3
SIM4
1
21
22
SIM5
SIM1
SIM2
SIM3
SIM4
1
21
22
SIM5
SIM1
SIM2
SIM3
SIM4
1
21
22
SIM5
SIM1
SIM2
SIM3
SIM4
1
21
22
SIM5
SIM1
SIM2
SIM3
SIM4
1
21
22
SIM5
SIM1
SIM2
SIM3
SIM4
1
21
22
SIM5
SIM1
SIM2
SIM3
SIM4
1
21
22
SIM5
SIM1
SIM2
SIM3
SIM4
1
21
22
SIM5
SIM1
SIM2
SIM3
SIM4
1
21
22
SIM5
SIM1
SIM2
SIM3
SIM4
1
21
22
SIM5
SIM1
SIM2
SIM3
SIM4
1
21
22
SIM5
SIM1
SIM2
SIM3
SIM4
1
21
22
SIM5
SIM1
SIM2
SIM3
SIM4
1
21
22
SIM5
SIM1
SIM2
SIM3
SIM4
1
21
22
SIM5
SIM1
SIM2
SIM3
SIM4
1
21
22
SIM5
SIM1
SIM2
SIM3
SIM4
1
21
22
SIM5
SIM1
SIM2
SIM3
SIM4
1
21
22
SIM5
SIM1
SIM2
SIM3
SIM4
1
21
22
SIM5
SIM1
SIM2
SIM3
SIM4
1
21
22
SIM5
SIM1
SIM2
SIM3
SIM4
1
21
22
SIM5
SIM1
SIM2
SIM3
SIM4
1
21
22
SIM5
SIM1
SIM2
SIM3
SIM4
1
21
22
SIM5
SIM1
SIM2
SIM3
SIM4
1
21
22
SIM5
SIM1
SIM2
SIM3
SIM4
1
21
22
SIM5
SIM1
SIM2
SIM3
SIM4
1
21
22
SIM5
SIM1
SIM2
SIM3
SIM4
1
21
22
SIM5
SIM1
SIM2
SIM3
SIM4
1
21
22
SIM5
SIM1
SIM2
SIM3
SIM4
1
21
22
SIM5
SIM1
SIM2
SIM3
SIM4
1
21
22
SIM5
SIM1
SIM2
SIM3
SIM4
1
21
22
SIM5
SIM1
SIM2
SIM3
SIM4
1
21
22
SIM5
SIM1
SIM2
SIM3
SIM4
1
21
22
SIM5
SIM1
SIM2
SIM3
SIM4
1
21
22
SIM5
SIM1
SIM2
SIM3
SIM4
1
21
22
SIM5
SIM1
SIM2
SIM3
SIM4
1
21
22
SIM5
SIM1
SIM2
SIM3
SIM4
1
21
22
SIM5
SIM1
SIM2
DEBUG 1 485
SIM1
SIM2
SIM3
SIM4
1
21
22
SIM5
SIM1
SIM2
SIM3
SIM4
1
21
22
SIM5
SIM1
SIM2
SIM3
SIM4
1
21
22
SIM5
SIM1
SIM2
SIM3
SIM4
1
21
22
SIM5
SIM1
SIM2
SIM3
SIM4
1
21
22
SIM5
SIM1
SIM2
SIM3
SIM4
1
21
22
SIM5
SIM1
SIM2
SIM3
SIM4
1
21
22
SIM5
SIM1
SIM2
SIM3
SIM4
1
21
22
SIM5
SIM1
SIM2
SIM3
SIM4
1
21
22
SIM5
SIM1
SIM2
SIM3
SIM4
1
21
22
SIM5
SIM1
SIM2
SIM3
SIM4
1
21
22
SIM5
SIM1
SIM2
SIM3
SIM4
1
21
22
SIM5
SIM1
SIM2
SIM3
SIM4
1
21
22
SIM5
SIM1
SIM2
SIM3
SIM4
1
21
22
SIM5
SIM1
SIM2
SIM3
SIM4
1
21
22
SIM5
SIM1
SIM2
SIM3
SIM4
1
21
22
SIM5
SIM1
SIM2
SIM3
SIM4
1
21
22
SIM5
SIM1
SIM2
SIM3
SIM4
1
21
22
SIM5
SIM1
SIM2
SIM3
SIM4
1
21
22
SIM5
SIM1
SIM2
SIM3
SIM4
1
21
22
SIM5
SIM1
SIM2
SIM3
SIM4
1
21
22
SIM5
SIM1
SIM2
SIM3
SIM4
1
21
22
SIM5
SIM1
SIM2
SIM3
SIM4
1
21
22
SIM5
SIM1
SIM2
SIM3
SIM4
1
21
22
SIM5
SIM1
SIM2
SIM3
SIM4
1
21
22
SIM5
SIM1
SIM2
SIM3
SIM4
1
21
22
SIM5
SIM1
SIM2
SIM3
SIM4
1
21
22
SIM5
SIM1
SIM2
SIM3
SIM4
1
21
22
SIM5
SIM1
SIM2
SIM3
SIM4
1
21
22
SIM5
SIM1
SIM2
SIM3
SIM4
1
21
22
SIM5
SIM1
SIM2
SIM3
SIM4
1
21
22
SIM5
SIM1
SIM2
SIM3
SIM4
1
21
22
SIM5
SIM1
SIM2
SIM3
SIM4
1
21
22
SIM5
SIM1
SIM2
SIM3
SIM4
1
21
22
SIM5
SIM1
SIM2
SIM3
SIM4
1
21
22
SIM5
SIM1
SIM2
SIM3
SIM4
1
21
22
SIM5
SIM1
SIM2
SIM3
SIM4
1
21
22
SIM5
SIM1
SIM2
SIM3
SIM4
1
21
22
SIM5
SIM1
SIM2
SIM3
SIM4
1
21
22
SIM5
SIM1
SIM2
SIM3
SIM4
1
21
22
SIM5
SIM1
SIM2
SIM3
SIM4
1
21
22
SIM5
SIM1
SIM2
SIM3
SIM4
1
21
22
SIM5
SIM1
SIM2
SIM3
SIM4
1
21
22
SIM5
SIM1
SIM2
SIM3
SIM4
1
21
22
SIM5
SIM1
SIM2
SIM3
SIM4
1
21
22
SIM5
SIM1
SIM2
SIM3
SIM4
1
21
22
SIM5
SIM1
SIM2
SIM3
SIM4
1
21
22
SIM5
SIM1
SIM2
SIM3
SIM4
1
21
22
SIM5
SIM1
SIM2
SIM3
SIM4
1
21
22
SIM5
SIM1
SIM2
SIM3
SIM4
1
21
22
SIM5
SIM1
SIM2
SIM3
SIM4
1
21
22
SIM5
SIM1
SIM2
SIM3
SIM4
1
21
22
SIM5
SIM1
SIM2
SIM3
SIM4
1
21
22
SIM5
SIM1
SIM2
SIM3
SIM4
1
21
22
SIM5
SIM1
SIM2
SIM3
SIM4
1
21
22
SIM5
SIM1
SIM2
SIM3
SIM4
1
21
22
SIM5
SIM1
SIM2
SIM3
SIM4
1
21
22
SIM5
SIM1
SIM2
SIM3
SIM4
1
21
22
SIM5
SIM1
SIM2
SIM3
SIM4
1
21
22
SIM5
SIM1
SIM2
SIM3
SIM4
1
21
22
SIM5
SIM1
SIM2
SIM3
SIM4
1
21
22
SIM5
SIM1
SIM2
SIM3
SIM4
1
21
22
SIM5
SIM1
SIM2
SIM3
SIM4
1
21
22
SIM5
SIM1
SIM2
SIM3
SIM4
1
21
22
SIM5
SIM1
SIM2
SIM3
SIM4
1
21
22
SIM5
SIM1
SIM2
SIM3
SIM4
1
21
22
SIM5
SIM1
SIM2
SIM3
SIM4
1
21
22
SIM5
SIM1
SIM2
SIM3
SIM4
1
21
22
SIM5
SIM1
SIM2
SIM3
SIM4
1
21
22
SIM5
SIM1
SIM2
SIM3
SIM4
1
21
22
SIM5
SIM1
SIM2
SIM3
SIM4
1
21
22
SIM5
SIM1
SIM2
SIM3
SIM4
1
21
22
SIM5
SIM1
SIM2
SIM3
SIM4
1
21
22
SIM5
SIM1
SIM2
SIM3
SIM4
1
21
22
SIM5
SIM1
SIM2
SIM3
SIM4
1
21
22
SIM5
SIM1
SIM2
SIM3
SIM4
1
21
22
SIM5
SIM1
SIM2
SIM3
SIM4
1
21
22
SIM5
SIM1
SIM2
SIM3
SIM4
1
21
22
SIM5
SIM1
SIM2
SIM3
SIM4
1
21
22
SIM5
SIM1
SIM2
SIM3
SIM4
1
21
22
SIM5
SIM1
SIM2
SIM3
SIM4
1
21
22
SIM5
SIM1
SIM2
SIM3
SIM4
1
21
22
SIM5
SIM1
SIM2
SIM3
SIM4
1
21
22
SIM5
SIM1
SIM2
SIM3
SIM4
1
21
22
SIM5
SIM1
SIM2
SIM3
SIM4
1
21
22
SIM5
SIM1
SIM2
SIM3
SIM4
1
21
22
SIM5
SIM1
SIM2
SIM3
SIM4
1
21
22
SIM5
SIM1
SIM2
SIM3
SIM4
1
21
22
SIM5
SIM1
SIM2
SIM3
SIM4
1
21
22
SIM5
SIM1
SIM2
SIM3
SIM4
1
21
22
SIM5
SIM1
SIM2
SIM3
SIM4
1
21
22
SIM5
SIM1
SIM2
SIM3
SIM4
1
21
22
SIM5
SIM1
SIM2
SIM3
SIM4
1
21
22
SIM5
SIM1
SIM2
SIM3
SIM4
1
21
22
SIM5
SIM1
SIM2
SIM3
SIM4
1
21
22
SIM5
SIM1
SIM2
SIM3
SIM4
1
21
22
SIM5
SIM1
SIM2
SIM3
SIM4
1
21
22
SIM5
SIM1
SIM2
SIM3
SIM4
1
21
22
SIM5
SIM1
SIM2
SIM3
SIM4
1
21
22
SIM5
SIM1
SIM2
SIM3
SIM4
1
21
22
SIM5
SIM1
SIM2
SIM3
SIM4
1
21
22
SIM5
SIM1
SIM2
SIM3
SIM4
1
21
22
SIM5
SIM1
SIM2
SIM3
SIM4
1
21
22
SIM5
SIM1
SIM2
SIM3
SIM4
1
21
22
SIM5
SIM1
SIM2
SIM3
SIM4
1
21
22
SIM5
SIM1
SIM2
SIM3
SIM4
1
21
22
SIM5
SIM1
SIM2
SIM3
SIM4
1
21
22
SIM5
SIM1
SIM2
SIM3
SIM4
1
21
22
SIM5
SIM1
SIM2
SIM3
SIM4
1
21
22
SIM5
SIM1
SIM2
SIM3
SIM4
1
21
22
SIM5
SIM1
SIM2
SIM3
SIM4
1
21
22
SIM5
SIM1
SIM2
SIM3
SIM4
1
21
22
SIM5
SIM1
SIM2
SIM3
SIM4
1
21
22
SIM5
SIM1
SIM2
SIM3
SIM4
1
21
22
SIM5
SIM1
SIM2
SIM3
SIM4
1
21
22
SIM5
SIM1
SIM2
SIM3
SIM4
1
21
22
SIM5
SIM1
SIM2
SIM3
SIM4
1
21
22
SIM5
SIM1
SIM2
SIM3
SIM4
1
21
22
SIM5
SIM1
SIM2
SIM3
SIM4
1
21
22
SIM5
SIM1
SIM2
SIM3
SIM4
1
21
22
SIM5
SIM1
SIM2
SIM3
SIM4
1
21
22
SIM5
SIM1
SIM2
SIM3
SIM4
1
21
22
SIM5
SIM1
SIM2
SIM3
SIM4
1
21
22
SIM5
SIM1
SIM2
SIM3
SIM4
1
21
22
SIM5
SIM1
SIM2
SIM3
SIM4
1
21
22
SIM5
SIM1
SIM2
SIM3
SIM4
1
21
22
SIM5
SIM1
SIM2
SIM3
SIM4
1
21
22
SIM5
SIM1
SIM2
SIM3
SIM4
1
21
22
SIM5
SIM1
SIM2
SIM3
SIM4
1
21
22
SIM5
SIM1
SIM2
SIM3
SIM4
1
21
22
SIM5
SIM1
SIM2
SIM3
SIM4
1
21
22
SIM5
SIM1
SIM2
SIM3
SIM4
1
21
22
SIM5
SIM1
SIM2
SIM3
SIM4
1
21
22
SIM5
SIM1
SIM2
SIM3
SIM4
1
21
22
SIM5
SIM1
SIM2
SIM3
SIM4
1
21
22
SIM5
SIM1
SIM2
SIM3
SIM4
1
21
22
SIM5
SIM1
SIM2
SIM3
SIM4
1
21
22
SIM5
SIM1
SIM2
SIM3
SIM4
1
21
22
SIM5
SIM1
SIM2
SIM3
SIM4
1
21
22
SIM5
SIM1
SIM2
SIM3
SIM4
1
21
22
SIM5
SIM1
SIM2
SIM3
SIM4
1
21
22
SIM5
SIM1
SIM2
SIM3
SIM4
1
21
22
SIM5
SIM1
SIM2
SIM3
SIM4
1
21
22
SIM5
SIM1
SIM2
SIM3
SIM4
1
21
22
SIM5
SIM1
SIM2
SIM3
SIM4
1
21
22
SIM5
SIM1
SIM2
SIM3
SIM4
1
21
22
SIM5
SIM1
SIM2
SIM3
SIM4
1
21
22
SIM5
SIM1
SIM2
SIM3
SIM4
1
21
22
SIM5
SIM1
SIM2
SIM3
SIM4
1
21
22
SIM5
SIM1
SIM2
SIM3
SIM4
1
21
22
SIM5
SIM1
SIM2
SIM3
SIM4
1
21
22
SIM5
SIM1
SIM2
SIM3
SIM4
1
21
22
SIM5
SIM1
SIM2
SIM3
SIM4
1
21
22
SIM5
SIM1
SIM2
SIM3
SIM4
1
21
22
SIM5
SIM1
SIM2
SIM3
SIM4
1
21
22
SIM5
SIM1
SIM2
SIM3
SIM4
1
21
22
SIM5
SIM1
SIM2
SIM3
SIM4
1
21
22
SIM5
SIM1
SIM2
SIM3
SIM4
1
21
22
SIM5
SIM1
SIM2
SIM3
SIM4
1
21
22
SIM5
SIM1
SIM2
SIM3
SIM4
1
21
22
SIM5
SIM1
SIM2
SIM3
SIM4
1
21
22
SIM5
SIM1
SIM2
SIM3
SIM4
1
21
22
SIM5
SIM1
SIM2
SIM3
SIM4
1
21
22
SIM5
SIM1
SIM2
SIM3
SIM4
1
21
22
SIM5
SIM1
SIM2
SIM3
SIM4
1
21
22
SIM5
SIM1
SIM2
SIM3
SIM4
1
21
22
SIM5
SIM1
SIM2
SIM3
SIM4
1
21
22
SIM5
SIM1
SIM2
SIM3
SIM4
1
21
22
SIM5
SIM1
SIM2
DEBUG 1 486
SIM1
SIM2
SIM3
SIM4
1
21
22
SIM5
SIM1
SIM2
SIM3
SIM4
1
21
22
SIM5
SIM1
SIM2
SIM3
SIM4
1
21
22
SIM5
SIM1
SIM2
SIM3
SIM4
1
21
22
SIM5
SIM1
SIM2
SIM3
SIM4
1
21
22
SIM5
SIM1
SIM2
SIM3
SIM4
1
21
22
SIM5
SIM1
SIM2
SIM3
SIM4
1
21
22
SIM5
SIM1
SIM2
SIM3
SIM4
1
21
22
SIM5
SIM1
SIM2
SIM3
SIM4
1
21
22
SIM5
SIM1
SIM2
SIM3
SIM4
1
21
22
SIM5
SIM1
SIM2
SIM3
SIM4
1
21
22
SIM5
SIM1
SIM2
SIM3
SIM4
1
21
22
SIM5
SIM1
SIM2
SIM3
SIM4
1
21
22
SIM5
SIM1
SIM2
SIM3
SIM4
1
21
22
SIM5
SIM1
SIM2
SIM3
SIM4
1
21
22
SIM5
SIM1
SIM2
SIM3
SIM4
1
21
22
SIM5
SIM1
SIM2
SIM3
SIM4
1
21
22
SIM5
SIM1
SIM2
SIM3
SIM4
1
21
22
SIM5
SIM1
SIM2
SIM3
SIM4
1
21
22
SIM5
SIM1
SIM2
SIM3
SIM4
1
21
22
SIM5
SIM1
SIM2
SIM3
SIM4
1
21
22
SIM5
SIM1
SIM2
SIM3
SIM4
1
21
22
SIM5
SIM1
SIM2
SIM3
SIM4
1
21
22
SIM5
SIM1
SIM2
SIM3
SIM4
1
21
22
SIM5
SIM1
SIM2
SIM3
SIM4
1
21
22
SIM5
SIM1
SIM2
SIM3
SIM4
1
21
22
SIM5
SIM1
SIM2
SIM3
SIM4
1
21
22
SIM5
SIM1
SIM2
SIM3
SIM4
1
21
22
SIM5
SIM1
SIM2
SIM3
SIM4
1
21
22
SIM5
SIM1
SIM2
SIM3
SIM4
1
21
22
SIM5
SIM1
SIM2
SIM3
SIM4
1
21
22
SIM5
SIM1
SIM2
SIM3
SIM4
1
21
22
SIM5
SIM1
SIM2
SIM3
SIM4
1
21
22
SIM5
SIM1
SIM2
SIM3
SIM4
1
21
22
SIM5
SIM1
SIM2
SIM3
SIM4
1
21
22
SIM5
SIM1
SIM2
SIM3
SIM4
1
21
22
SIM5
SIM1
SIM2
SIM3
SIM4
1
21
22
SIM5
SIM1
SIM2
SIM3
SIM4
1
21
22
SIM5
SIM1
SIM2
SIM3
SIM4
1
21
22
SIM5
SIM1
SIM2
SIM3
SIM4
1
21
22
SIM5
SIM1
SIM2
SIM3
SIM4
1
21
22
SIM5
SIM1
SIM2
SIM3
SIM4
1
21
22
SIM5
SIM1
SIM2
SIM3
SIM4
1
21
22
SIM5
SIM1
SIM2
SIM3
SIM4
1
21
22
SIM5
SIM1
SIM2
SIM3
SIM4
1
21
22
SIM5
SIM1
SIM2
SIM3
SIM4
1
21
22
SIM5
SIM1
SIM2
SIM3
SIM4
1
21
22
SIM5
SIM1
SIM2
SIM3
SIM4
1
21
22
SIM5
SIM1
SIM2
SIM3
SIM4
1
21
22
SIM5
SIM1
SIM2
SIM3
SIM4
1
21
22
SIM5
SIM1
SIM2
SIM3
SIM4
1
21
22
SIM5
SIM1
SIM2
SIM3
SIM4
1
21
22
SIM5
SIM1
SIM2
SIM3
SIM4
1
21
22
SIM5
SIM1
SIM2
SIM3
SIM4
1
21
22
SIM5
SIM1
SIM2
SIM3
SIM4
1
21
22
SIM5
SIM1
SIM2
SIM3
SIM4
1
21
22
SIM5
SIM1
SIM2
SIM3
SIM4
1
21
22
SIM5
SIM1
SIM2
SIM3
SIM4
1
21
22
SIM5
SIM1
SIM2
SIM3
SIM4
1
21
22
SIM5
SIM1
SIM2
SIM3
SIM4
1
21
22
SIM5
SIM1
SIM2
SIM3
SIM4
1
21
22
SIM5
SIM1
SIM2
SIM3
SIM4
1
21
22
SIM5
SIM1
SIM2
SIM3
SIM4
1
21
22
SIM5
SIM1
SIM2
SIM3
SIM4
1
21
22
SIM5
SIM1
SIM2
SIM3
SIM4
1
21
22
SIM5
SIM1
SIM2
SIM3
SIM4
1
21
22
SIM5
SIM1
SIM2
SIM3
SIM4
1
21
22
SIM5
SIM1
SIM2
SIM3
SIM4
1
21
22
SIM5
SIM1
SIM2
SIM3
SIM4
1
21
22
SIM5
SIM1
SIM2
SIM3
SIM4
1
21
22
SIM5
SIM1
SIM2
SIM3
SIM4
1
21
22
SIM5
SIM1
SIM2
SIM3
SIM4
1
21
22
SIM5
SIM1
SIM2
SIM3
SIM4
1
21
22
SIM5
SIM1
SIM2
SIM3
SIM4
1
21
22
SIM5
SIM1
SIM2
SIM3
SIM4
1
21
22
SIM5
SIM1
SIM2
SIM3
SIM4
1
21
22
SIM5
SIM1
SIM2
SIM3
SIM4
1
21
22
SIM5
SIM1
SIM2
SIM3
SIM4
1
21
22
SIM5
SIM1
SIM2
SIM3
SIM4
1
21
22
SIM5
SIM1
SIM2
SIM3
SIM4
1
21
22
SIM5
SIM1
SIM2
SIM3
SIM4
1
21
22
SIM5
SIM1
SIM2
SIM3
SIM4
1
21
22
SIM5
SIM1
SIM2
SIM3
SIM4
1
21
22
SIM5
SIM1
SIM2
SIM3
SIM4
1
21
22
SIM5
SIM1
SIM2
SIM3
SIM4
1
21
22
SIM5
SIM1
SIM2
SIM3
SIM4
1
21
22
SIM5
SIM1
SIM2
SIM3
SIM4
1
21
22
SIM5
SIM1
SIM2
SIM3
SIM4
1
21
22
SIM5
SIM1
SIM2
SIM3
SIM4
1
21
22
SIM5
SIM1
SIM2
SIM3
SIM4
1
21
22
SIM5
SIM1
SIM2
SIM3
SIM4
1
21
22
SIM5
SIM1
SIM2
SIM3
SIM4
1
21
22
SIM5
SIM1
SIM2
SIM3
SIM4
1
21
22
SIM5
SIM1
SIM2
SIM3
SIM4
1
21
22
SIM5
SIM1
SIM2
SIM3
SIM4
1
21
22
SIM5
SIM1
SIM2
SIM3
SIM4
1
21
22
SIM5
SIM1
SIM2
SIM3
SIM4
1
21
22
SIM5
SIM1
SIM2
SIM3
SIM4
1
21
22
SIM5
SIM1
SIM2
SIM3
SIM4
1
21
22
SIM5
SIM1
SIM2
SIM3
SIM4
1
21
22
SIM5
SIM1
SIM2
SIM3
SIM4
1
21
22
SIM5
SIM1
SIM2
SIM3
SIM4
1
21
22
SIM5
SIM1
SIM2
SIM3
SIM4
1
21
22
SIM5
SIM1
SIM2
SIM3
SIM4
1
21
22
SIM5
SIM1
SIM2
SIM3
SIM4
1
21
22
SIM5
SIM1
SIM2
SIM3
SIM4
1
21
22
SIM5
SIM1
SIM2
SIM3
SIM4
1
21
22
SIM5
SIM1
SIM2
SIM3
SIM4
1
21
22
SIM5
SIM1
SIM2
SIM3
SIM4
1
21
22
SIM5
SIM1
SIM2
SIM3
SIM4
1
21
22
SIM5
SIM1
SIM2
SIM3
SIM4
1
21
22
SIM5
SIM1
SIM2
SIM3
SIM4
1
21
22
SIM5
SIM1
SIM2
SIM3
SIM4
1
21
22
SIM5
SIM1
SIM2
SIM3
SIM4
1
21
22
SIM5
SIM1
SIM2
SIM3
SIM4
1
21
22
SIM5
SIM1
SIM2
SIM3
SIM4
1
21
22
SIM5
SIM1
SIM2
SIM3
SIM4
1
21
22
SIM5
SIM1
SIM2
SIM3
SIM4
1
21
22
SIM5
SIM1
SIM2
SIM3
SIM4
1
21
22
SIM5
SIM1
SIM2
SIM3
SIM4
1
21
22
SIM5
SIM1
SIM2
SIM3
SIM4
1
21
22
SIM5
SIM1
SIM2
SIM3
SIM4
1
21
22
SIM5
SIM1
SIM2
SIM3
SIM4
1
21
22
SIM5
SIM1
SIM2
SIM3
SIM4
1
21
22
SIM5
SIM1
SIM2
SIM3
SIM4
1
21
22
SIM5
SIM1
SIM2
SIM3
SIM4
1
21
22
SIM5
SIM1
SIM2
SIM3
SIM4
1
21
22
SIM5
SIM1
SIM2
SIM3
SIM4
1
21
22
SIM5
SIM1
SIM2
SIM3
SIM4
1
21
22
SIM5
SIM1
SIM2
SIM3
SIM4
1
21
22
SIM5
SIM1
SIM2
SIM3
SIM4
1
21
22
SIM5
SIM1
SIM2
SIM3
SIM4
1
21
22
SIM5
SIM1
SIM2
SIM3
SIM4
1
21
22
SIM5
SIM1
SIM2
SIM3
SIM4
1
21
22
SIM5
SIM1
SIM2
SIM3
SIM4
1
21
22
SIM5
SIM1
SIM2
SIM3
SIM4
1
21
22
SIM5
SIM1
SIM2
SIM3
SIM4
1
21
22
SIM5
SIM1
SIM2
SIM3
SIM4
1
21
22
SIM5
SIM1
SIM2
SIM3
SIM4
1
21
22
SIM5
SIM1
SIM2
SIM3
SIM4
1
21
22
SIM5
SIM1
SIM2
SIM3
SIM4
1
21
22
SIM5
SIM1
SIM2
SIM3
SIM4
1
21
22
SIM5
SIM1
SIM2
SIM3
SIM4
1
21
22
SIM5
SIM1
SIM2
SIM3
SIM4
1
21
22
SIM5
SIM1
SIM2
SIM3
SIM4
1
21
22
SIM5
SIM1
SIM2
SIM3
SIM4
1
21
22
SIM5
SIM1
SIM2
SIM3
SIM4
1
21
22
SIM5
SIM1
SIM2
SIM3
SIM4
1
21
22
SIM5
SIM1
SIM2
SIM3
SIM4
1
21
22
SIM5
SIM1
SIM2
SIM3
SIM4
1
21
22
SIM5
SIM1
SIM2
SIM3
SIM4
1
21
22
SIM5
SIM1
SIM2
SIM3
SIM4
1
21
22
SIM5
SIM1
SIM2
SIM3
SIM4
1
21
22
SIM5
SIM1
SIM2
SIM3
SIM4
1
21
22
SIM5
SIM1
SIM2
DEBUG 1 487
SIM1
SIM2
SIM3
SIM4
1
21
22
SIM5
SIM1
SIM2
SIM3
SIM4
1
21
22
SIM5
SIM1
SIM2
SIM3
SIM4
1
21
22
SIM5
SIM1
SIM2
SIM3
SIM4
1
21
22
SIM5
SIM1
SIM2
SIM3
SIM4
1
21
22
SIM5
SIM1
SIM2
SIM3
SIM4
1
21
22
SIM5
SIM1
SIM2
SIM3
SIM4
1
21
22
SIM5
SIM1
SIM2
SIM3
SIM4
1
21
22
SIM5
SIM1
SIM2
SIM3
SIM4
1
21
22
SIM5
SIM1
SIM2
SIM3
SIM4
1
21
22
SIM5
SIM1
SIM2
SIM3
SIM4
1
21
22
SIM5
SIM1
SIM2
SIM3
SIM4
1
21
22
SIM5
SIM1
SIM2
SIM3
SIM4
1
21
22
SIM5
SIM1
SIM2
SIM3
SIM4
1
21
22
SIM5
SIM1
SIM2
SIM3
SIM4
1
21
22
SIM5
SIM1
SIM2
SIM3
SIM4
1
21
22
SIM5
SIM1
SIM2
SIM3
SIM4
1
21
22
SIM5
SIM1
SIM2
SIM3
SIM4
1
21
22
SIM5
SIM1
SIM2
SIM3
SIM4
1
21
22
SIM5
SIM1
SIM2
SIM3
SIM4
1
21
22
SIM5
SIM1
SIM2
SIM3
SIM4
1
21
22
SIM5
SIM1
SIM2
SIM3
SIM4
1
21
22
SIM5
SIM1
SIM2
SIM3
SIM4
1
21
22
SIM5
SIM1
SIM2
SIM3
SIM4
1
21
22
SIM5
SIM1
SIM2
SIM3
SIM4
1
21
22
SIM5
SIM1
SIM2
SIM3
SIM4
1
21
22
SIM5
SIM1
SIM2
SIM3
SIM4
1
21
22
SIM5
SIM1
SIM2
SIM3
SIM4
1
21
22
SIM5
SIM1
SIM2
SIM3
SIM4
1
21
22
SIM5
SIM1
SIM2
SIM3
SIM4
1
21
22
SIM5
SIM1
SIM2
SIM3
SIM4
1
21
22
SIM5
SIM1
SIM2
SIM3
SIM4
1
21
22
SIM5
SIM1
SIM2
SIM3
SIM4
1
21
22
SIM5
SIM1
SIM2
SIM3
SIM4
1
21
22
SIM5
SIM1
SIM2
SIM3
SIM4
1
21
22
SIM5
SIM1
SIM2
SIM3
SIM4
1
21
22
SIM5
SIM1
SIM2
SIM3
SIM4
1
21
22
SIM5
SIM1
SIM2
SIM3
SIM4
1
21
22
SIM5
SIM1
SIM2
SIM3
SIM4
1
21
22
SIM5
SIM1
SIM2
SIM3
SIM4
1
21
22
SIM5
SIM1
SIM2
SIM3
SIM4
1
21
22
SIM5
SIM1
SIM2
SIM3
SIM4
1
21
22
SIM5
SIM1
SIM2
SIM3
SIM4
1
21
22
SIM5
SIM1
SIM2
SIM3
SIM4
1
21
22
SIM5
SIM1
SIM2
SIM3
SIM4
1
21
22
SIM5
SIM1
SIM2
SIM3
SIM4
1
21
22
SIM5
SIM1
SIM2
SIM3
SIM4
1
21
22
SIM5
SIM1
SIM2
SIM3
SIM4
1
21
22
SIM5
SIM1
SIM2
SIM3
SIM4
1
21
22
SIM5
SIM1
SIM2
SIM3
SIM4
1
21
22
SIM5
SIM1
SIM2
SIM3
SIM4
1
21
22
SIM5
SIM1
SIM2
SIM3
SIM4
1
21
22
SIM5
SIM1
SIM2
SIM3
SIM4
1
21
22
SIM5
SIM1
SIM2
SIM3
SIM4
1
21
22
SIM5
SIM1
SIM2
SIM3
SIM4
1
21
22
SIM5
SIM1
SIM2
SIM3
SIM4
1
21
22
SIM5
SIM1
SIM2
SIM3
SIM4
1
21
22
SIM5
SIM1
SIM2
SIM3
SIM4
1
21
22
SIM5
SIM1
SIM2
SIM3
SIM4
1
21
22
SIM5
SIM1
SIM2
SIM3
SIM4
1
21
22
SIM5
SIM1
SIM2
SIM3
SIM4
1
21
22
SIM5
SIM1
SIM2
SIM3
SIM4
1
21
22
SIM5
SIM1
SIM2
SIM3
SIM4
1
21
22
SIM5
SIM1
SIM2
SIM3
SIM4
1
21
22
SIM5
SIM1
SIM2
SIM3
SIM4
1
21
22
SIM5
SIM1
SIM2
SIM3
SIM4
1
21
22
SIM5
SIM1
SIM2
SIM3
SIM4
1
21
22
SIM5
SIM1
SIM2
SIM3
SIM4
1
21
22
SIM5
SIM1
SIM2
SIM3
SIM4
1
21
22
SIM5
SIM1
SIM2
SIM3
SIM4
1
21
22
SIM5
SIM1
SIM2
SIM3
SIM4
1
21
22
SIM5
SIM1
SIM2
SIM3
SIM4
1
21
22
SIM5
SIM1
SIM2
SIM3
SIM4
1
21
22
SIM5
SIM1
SIM2
SIM3
SIM4
1
21
22
SIM5
SIM1
SIM2
SIM3
SIM4
1
21
22
SIM5
SIM1
SIM2
SIM3
SIM4
1
21
22
SIM5
SIM1
SIM2
SIM3
SIM4
1
21
22
SIM5
SIM1
SIM2
SIM3
SIM4
1
21
22
SIM5
SIM1
SIM2
SIM3
SIM4
1
21
22
SIM5
SIM1
SIM2
SIM3
SIM4
1
21
22
SIM5
SIM1
SIM2
SIM3
SIM4
1
21
22
SIM5
SIM1
SIM2
SIM3
SIM4
1
21
22
SIM5
SIM1
SIM2
SIM3
SIM4
1
21
22
SIM5
SIM1
SIM2
SIM3
SIM4
1
21
22
SIM5
SIM1
SIM2
SIM3
SIM4
1
21
22
SIM5
SIM1
SIM2
SIM3
SIM4
1
21
22
SIM5
SIM1
SIM2
SIM3
SIM4
1
21
22
SIM5
SIM1
SIM2
SIM3
SIM4
1
21
22
SIM5
SIM1
SIM2
SIM3
SIM4
1
21
22
SIM5
SIM1
SIM2
SIM3
SIM4
1
21
22
SIM5
SIM1
SIM2
SIM3
SIM4
1
21
22
SIM5
SIM1
SIM2
SIM3
SIM4
1
21
22
SIM5
SIM1
SIM2
SIM3
SIM4
1
21
22
SIM5
SIM1
SIM2
SIM3
SIM4
1
21
22
SIM5
SIM1
SIM2
SIM3
SIM4
1
21
22
SIM5
SIM1
SIM2
SIM3
SIM4
1
21
22
SIM5
SIM1
SIM2
SIM3
SIM4
1
21
22
SIM5
SIM1
SIM2
SIM3
SIM4
1
21
22
SIM5
SIM1
SIM2
SIM3
SIM4
1
21
22
SIM5
SIM1
SIM2
SIM3
SIM4
1
21
22
SIM5
SIM1
SIM2
SIM3
SIM4
1
21
22
SIM5
SIM1
SIM2
SIM3
SIM4
1
21
22
SIM5
SIM1
SIM2
SIM3
SIM4
1
21
22
SIM5
SIM1
SIM2
SIM3
SIM4
1
21
22
SIM5
SIM1
SIM2
SIM3
SIM4
1
21
22
SIM5
SIM1
SIM2
SIM3
SIM4
1
21
22
SIM5
SIM1
SIM2
SIM3
SIM4
1
21
22
SIM5
SIM1
SIM2
SIM3
SIM4
1
21
22
SIM5
SIM1
SIM2
SIM3
SIM4
1
21
22
SIM5
SIM1
SIM2
SIM3
SIM4
1
21
22
SIM5
SIM1
SIM2
SIM3
SIM4
1
21
22
SIM5
SIM1
SIM2
SIM3
SIM4
1
21
22
SIM5
SIM1
SIM2
SIM3
SIM4
1
21
22
SIM5
SIM1
SIM2
SIM3
SIM4
1
21
22
SIM5
SIM1
SIM2
SIM3
SIM4
1
21
22
SIM5
SIM1
SIM2
SIM3
SIM4
1
21
22
SIM5
SIM1
SIM2
SIM3
SIM4
1
21
22
SIM5
SIM1
SIM2
SIM3
SIM4
1
21
22
SIM5
SIM1
SIM2
SIM3
SIM4
1
21
22
SIM5
SIM1
SIM2
SIM3
SIM4
1
21
22
SIM5
SIM1
SIM2
SIM3
SIM4
1
21
22
SIM5
SIM1
SIM2
SIM3
SIM4
1
21
22
SIM5
SIM1
SIM2
SIM3
SIM4
1
21
22
SIM5
SIM1
SIM2
SIM3
SIM4
1
21
22
SIM5
SIM1
SIM2
SIM3
SIM4
1
21
22
SIM5
SIM1
SIM2
SIM3
SIM4
1
21
22
SIM5
SIM1
SIM2
SIM3
SIM4
1
21
22
SIM5
SIM1
SIM2
SIM3
SIM4
1
21
22
SIM5
SIM1
SIM2
SIM3
SIM4
1
21
22
SIM5
SIM1
SIM2
SIM3
SIM4
1
21
22
SIM5
SIM1
SIM2
SIM3
SIM4
1
21
22
SIM5
SIM1
SIM2
SIM3
SIM4
1
21
22
SIM5
SIM1
SIM2
SIM3
SIM4
1
21
22
SIM5
SIM1
SIM2
SIM3
SIM4
1
21
22
SIM5
SIM1
SIM2
SIM3
SIM4
1
21
22
SIM5
SIM1
SIM2
SIM3
SIM4
1
21
22
SIM5
SIM1
SIM2
SIM3
SIM4
1
21
22
SIM5
SIM1
SIM2
SIM3
SIM4
1
21
22
SIM5
SIM1
SIM2
SIM3
SIM4
1
21
22
SIM5
SIM1
SIM2
SIM3
SIM4
1
21
22
SIM5
SIM1
SIM2
SIM3
SIM4
1
21
22
SIM5
SIM1
SIM2
SIM3
SIM4
1
21
22
SIM5
SIM1
SIM2
SIM3
SIM4
1
21
22
SIM5
SIM1
SIM2
SIM3
SIM4
1
21
22
SIM5
SIM1
SIM2
SIM3
SIM4
1
21
22
SIM5
SIM1
SIM2
SIM3
SIM4
1
21
22
SIM5
SIM1
SIM2
SIM3
SIM4
1
21
22
SIM5
SIM1
SIM2
SIM3
SIM4
1
21
22
SIM5
SIM1
SIM2
SIM3
SIM4
1
21
22
SIM5
SIM1
SIM2
SIM3
SIM4
1
21
22
SIM5
SIM1
SIM2
SIM3
SIM4
1
21
22
SIM5
SIM1
SIM2
SIM3
SIM4
1
21
22
SIM5
SIM1
SIM2
SIM3
SIM4
1
21
22
SIM5
SIM1
SIM2
SIM3
SIM4
1
21
22
SIM5
SIM1
SIM2
SIM3
SIM4
1
21
22
SIM5
SIM1
SIM2
SIM3
SIM4
1
21
22
SIM5
SIM1
SIM2
SIM3
SIM4
1
21
22
SIM5
SIM1
SIM2
SIM3
SIM4
1
21
22
SIM5
SIM1
SIM2
SIM3
SIM4
1
21
22
SIM5
SIM1
SIM2
SIM3
SIM4
1
21
22
SIM5
SIM1
SIM2
SIM3
SIM4
1
21
22
SIM5
SIM1
SIM2
SIM3
SIM4
1
21
22
SIM5
SIM1
SIM2
SIM3
SIM4
1
21
22
SIM5
SIM1
SIM2
SIM3
SIM4
1
21
22
SIM5
SIM1
SIM2
SIM3
SIM4
1
21
22
SIM5
SIM1
SIM2
SIM3
SIM4
1
21
22
SIM5
SIM1
SIM2
SIM3
SIM4
1
21
22
SIM5
SIM1
SIM2
SIM3
SIM4
1
21
22
SIM5
SIM1
SIM2
SIM3
SIM4
1
21
22
SIM5
SIM1
SIM2
SIM3
SIM4
1
21
22
SIM5
SIM1
SIM2
SIM3
SIM4
1
21
22
SIM5
SIM1
SIM2
SIM3
SIM4
1
21
22
SIM5
SIM1
SIM2
SIM3
SIM4
1
21
22
SIM5
SIM1
SIM2
SIM3
SIM4
1
21
22
SIM5
SIM1
SIM2
SIM3
SIM4
1
21
22
SIM5
SIM1
SIM2
SIM3
SIM4
1
21
22
SIM5
SIM1
SIM2
SIM3
SIM4
1
21
22
SIM5
SIM1
SIM2
SIM3
SIM4
1
21
22
SIM5
SIM1
SIM2
SIM3
SIM4
1
21
22
SIM5
SIM1
SIM2
SIM3
SIM4
1
21
22
SIM5
SIM1
SIM2
SIM3
SIM4
1
21
22
SIM5
SIM1
SIM2
SIM3
SIM4
1
21
22
SIM5
SIM1
SIM2
SIM3
SIM4
1
21
22
SIM5
SIM1
SIM2
SIM3
SIM4
1
21
22
SIM5
SIM1
SIM2
SIM3
SIM4
1
21
22
SIM5
SIM1
SIM2
SIM3
SIM4
1
21
22
SIM5
SIM1
SIM2
SIM3
SIM4
1
21
22
SIM5
SIM1
SIM2
SIM3
SIM4
1
21
22
SIM5
SIM1
SIM2
SIM3
SIM4
1
21
22
SIM5
SIM1
SIM2
SIM3
SIM4
1
21
22
SIM5
SIM1
SIM2
SIM3
SIM4
1
21
22
SIM5
SIM1
SIM2
SIM3
SIM4
1
21
22
SIM5
SIM1
SIM2
SIM3
SIM4
1
21
22
SIM5
SIM1
SIM2
SIM3
SIM4
1
21
22
SIM5
SIM1
SIM2
SIM3
SIM4
1
21
22
SIM5
SIM1
SIM2
SIM3
SIM4
1
21
22
SIM5
SIM1
SIM2
SIM3
SIM4
1
21
22
SIM5
SIM1
SIM2
SIM3
SIM4
1
21
22
SIM5
SIM1
SIM2
SIM3
SIM4
1
21
22
SIM5
SIM1
SIM2
SIM3
SIM4
1
21
22
SIM5
SIM1
SIM2
SIM3
SIM4
1
21
22
SIM5
SIM1
SIM2
SIM3
SIM4
1
21
22
SIM5
SIM1
SIM2
SIM3
SIM4
1
21
22
SIM5
SIM1
SIM2
SIM3
SIM4
1
21
22
SIM5
SIM1
SIM2
SIM3
SIM4
1
21
22
SIM5
SIM1
SIM2
SIM3
SIM4
1
21
22
SIM5
SIM1
SIM2
SIM3
SIM4
1
21
22
SIM5
SIM1
SIM2
SIM3
SIM4
1
21
22
SIM5
SIM1
SIM2
SIM3
SIM4
1
21
22
SIM5
SIM1
SIM2
SIM3
SIM4
1
21
22
SIM5
SIM1
SIM2
SIM3
SIM4
1
21
22
SIM5
SIM1
SIM2
SIM3
SIM4
1
21
22
SIM5
SIM1
SIM2
SIM3
SIM4
1
21
22
SIM5
SIM1
SIM2
SIM3
SIM4
1
21
22
SIM5
SIM1
SIM2
SIM3
SIM4
1
21
22
SIM5
SIM1
SIM2
SIM3
SIM4
1
21
22
SIM5
SIM1
SIM2
SIM3
SIM4
1
21
22
SIM5
SIM1
SIM2
SIM3
SIM4
1
21
22
SIM5
SIM1
SIM2
SIM3
SIM4
1
21
22
SIM5
SIM1
SIM2
SIM3
SIM4
1
21
22
SIM5
SIM1
SIM2
SIM3
SIM4
1
21
22
SIM5
SIM1
SIM2
SIM3
SIM4
1
21
22
SIM5
SIM1
SIM2
SIM3
SIM4
1
21
22
SIM5
SIM1
SIM2
SIM3
SIM4
1
21
22
SIM5
SIM1
SIM2
SIM3
SIM4
1
21
22
SIM5
SIM1
SIM2
SIM3
SIM4
1
21
22
SIM5
SIM1
SIM2
SIM3
SIM4
1
21
22
SIM5
SIM1
SIM2
SIM3
SIM4
1
21
22
SIM5
SIM1
SIM2
SIM3
SIM4
1
21
22
SIM5
SIM1
SIM2
SIM3
SIM4
1
21
22
SIM5
SIM1
SIM2
SIM3
SIM4
1
21
22
SIM5
SIM1
SIM2
SIM3
SIM4
1
21
22
SIM5
SIM1
SIM2
SIM3
SIM4
1
21
22
SIM5
SIM1
SIM2
SIM3
SIM4
1
21
22
SIM5
SIM1
SIM2
SIM3
SIM4
1
21
22
SIM5
SIM1
SIM2
SIM3
SIM4
1
21
22
SIM5
SIM1
SIM2
SIM3
SIM4
1
21
22
SIM5
SIM1
SIM2
SIM3
SIM4
1
21
22
SIM5
SIM1
SIM2
SIM3
SIM4
1
21
22
SIM5
SIM1
SIM2
SIM3
SIM4
1
21
22
SIM5
SIM1
SIM2
SIM3
SIM4
1
21
22
SIM5
SIM1
SIM2
SIM3
SIM4
1
21
22
SIM5
SIM1
SIM2
SIM3
SIM4
1
21
22
SIM5
SIM1
SIM2
SIM3
SIM4
1
21
22
SIM5
SIM1
SIM2
DEBUG 1 488
SIM1
SIM2
SIM3
SIM4
1
21
22
SIM5
SIM1
SIM2
SIM3
SIM4
1
21
22
SIM5
SIM1
SIM2
SIM3
SIM4
1
21
22
SIM5
SIM1
SIM2
SIM3
SIM4
1
21
22
SIM5
SIM1
SIM2
SIM3
SIM4
1
21
22
SIM5
SIM1
SIM2
SIM3
SIM4
1
21
22
SIM5
SIM1
SIM2
SIM3
SIM4
1
21
22
SIM5
SIM1
SIM2
SIM3
SIM4
1
21
22
SIM5
SIM1
SIM2
SIM3
SIM4
1
21
22
SIM5
SIM1
SIM2
SIM3
SIM4
1
21
22
SIM5
SIM1
SIM2
SIM3
SIM4
1
21
22
SIM5
SIM1
SIM2
SIM3
SIM4
1
21
22
SIM5
SIM1
SIM2
SIM3
SIM4
1
21
22
SIM5
SIM1
SIM2
SIM3
SIM4
1
21
22
SIM5
SIM1
SIM2
SIM3
SIM4
1
21
22
SIM5
SIM1
SIM2
SIM3
SIM4
1
21
22
SIM5
SIM1
SIM2
SIM3
SIM4
1
21
22
SIM5
SIM1
SIM2
SIM3
SIM4
1
21
22
SIM5
SIM1
SIM2
SIM3
SIM4
1
21
22
SIM5
SIM1
SIM2
SIM3
SIM4
1
21
22
SIM5
SIM1
SIM2
SIM3
SIM4
1
21
22
SIM5
SIM1
SIM2
SIM3
SIM4
1
21
22
SIM5
SIM1
SIM2
SIM3
SIM4
1
21
22
SIM5
SIM1
SIM2
SIM3
SIM4
1
21
22
SIM5
SIM1
SIM2
SIM3
SIM4
1
21
22
SIM5
SIM1
SIM2
SIM3
SIM4
1
21
22
SIM5
SIM1
SIM2
SIM3
SIM4
1
21
22
SIM5
SIM1
SIM2
SIM3
SIM4
1
21
22
SIM5
SIM1
SIM2
SIM3
SIM4
1
21
22
SIM5
SIM1
SIM2
SIM3
SIM4
1
21
22
SIM5
SIM1
SIM2
SIM3
SIM4
1
21
22
SIM5
SIM1
SIM2
SIM3
SIM4
1
21
22
SIM5
SIM1
SIM2
SIM3
SIM4
1
21
22
SIM5
SIM1
SIM2
SIM3
SIM4
1
21
22
SIM5
SIM1
SIM2
SIM3
SIM4
1
21
22
SIM5
SIM1
SIM2
SIM3
SIM4
1
21
22
SIM5
SIM1
SIM2
SIM3
SIM4
1
21
22
SIM5
SIM1
SIM2
SIM3
SIM4
1
21
22
SIM5
SIM1
SIM2
SIM3
SIM4
1
21
22
SIM5
SIM1
SIM2
SIM3
SIM4
1
21
22
SIM5
SIM1
SIM2
SIM3
SIM4
1
21
22
SIM5
SIM1
SIM2
SIM3
SIM4
1
21
22
SIM5
SIM1
SIM2
SIM3
SIM4
1
21
22
SIM5
SIM1
SIM2
SIM3
SIM4
1
21
22
SIM5
SIM1
SIM2
SIM3
SIM4
1
21
22
SIM5
SIM1
SIM2
SIM3
SIM4
1
21
22
SIM5
SIM1
SIM2
SIM3
SIM4
1
21
22
SIM5
SIM1
SIM2
SIM3
SIM4
1
21
22
SIM5
SIM1
SIM2
SIM3
SIM4
1
21
22
SIM5
SIM1
SIM2
SIM3
SIM4
1
21
22
SIM5
SIM1
SIM2
SIM3
SIM4
1
21
22
SIM5
SIM1
SIM2
SIM3
SIM4
1
21
22
SIM5
SIM1
SIM2
SIM3
SIM4
1
21
22
SIM5
SIM1
SIM2
SIM3
SIM4
1
21
22
SIM5
SIM1
SIM2
SIM3
SIM4
1
21
22
SIM5
SIM1
SIM2
SIM3
SIM4
1
21
22
SIM5
SIM1
SIM2
SIM3
SIM4
1
21
22
SIM5
SIM1
SIM2
SIM3
SIM4
1
21
22
SIM5
SIM1
SIM2
SIM3
SIM4
1
21
22
SIM5
SIM1
SIM2
SIM3
SIM4
1
21
22
SIM5
SIM1
SIM2
SIM3
SIM4
1
21
22
SIM5
SIM1
SIM2
SIM3
SIM4
1
21
22
SIM5
SIM1
SIM2
SIM3
SIM4
1
21
22
SIM5
SIM1
SIM2
SIM3
SIM4
1
21
22
SIM5
SIM1
SIM2
SIM3
SIM4
1
21
22
SIM5
SIM1
SIM2
SIM3
SIM4
1
21
22
SIM5
SIM1
SIM2
SIM3
SIM4
1
21
22
SIM5
SIM1
SIM2
SIM3
SIM4
1
21
22
SIM5
SIM1
SIM2
SIM3
SIM4
1
21
22
SIM5
SIM1
SIM2
SIM3
SIM4
1
21
22
SIM5
SIM1
SIM2
SIM3
SIM4
1
21
22
SIM5
SIM1
SIM2
SIM3
SIM4
1
21
22
SIM5
SIM1
SIM2
SIM3
SIM4
1
21
22
SIM5
SIM1
SIM2
SIM3
SIM4
1
21
22
SIM5
SIM1
SIM2
SIM3
SIM4
1
21
22
SIM5
SIM1
SIM2
SIM3
SIM4
1
21
22
SIM5
SIM1
SIM2
SIM3
SIM4
1
21
22
SIM5
SIM1
SIM2
SIM3
SIM4
1
21
22
SIM5
SIM1
SIM2
SIM3
SIM4
1
21
22
SIM5
SIM1
SIM2
SIM3
SIM4
1
21
22
SIM5
SIM1
SIM2
SIM3
SIM4
1
21
22
SIM5
SIM1
SIM2
SIM3
SIM4
1
21
22
SIM5
SIM1
SIM2
SIM3
SIM4
1
21
22
SIM5
SIM1
SIM2
SIM3
SIM4
1
21
22
SIM5
SIM1
SIM2
SIM3
SIM4
1
21
22
SIM5
SIM1
SIM2
SIM3
SIM4
1
21
22
SIM5
SIM1
SIM2
SIM3
SIM4
1
21
22
SIM5
SIM1
SIM2
SIM3
SIM4
1
21
22
SIM5
SIM1
SIM2
SIM3
SIM4
1
21
22
SIM5
SIM1
SIM2
SIM3
SIM4
1
21
22
SIM5
SIM1
SIM2
SIM3
SIM4
1
21
22
SIM5
SIM1
SIM2
SIM3
SIM4
1
21
22
SIM5
SIM1
SIM2
SIM3
SIM4
1
21
22
SIM5
SIM1
SIM2
SIM3
SIM4
1
21
22
SIM5
SIM1
SIM2
SIM3
SIM4
1
21
22
SIM5
SIM1
SIM2
SIM3
SIM4
1
21
22
SIM5
SIM1
SIM2
SIM3
SIM4
1
21
22
SIM5
SIM1
SIM2
SIM3
SIM4
1
21
22
SIM5
SIM1
SIM2
SIM3
SIM4
1
21
22
SIM5
SIM1
SIM2
SIM3
SIM4
1
21
22
SIM5
SIM1
SIM2
SIM3
SIM4
1
21
22
SIM5
SIM1
SIM2
SIM3
SIM4
1
21
22
SIM5
SIM1
SIM2
SIM3
SIM4
1
21
22
SIM5
SIM1
SIM2
SIM3
SIM4
1
21
22
SIM5
SIM1
SIM2
SIM3
SIM4
1
21
22
SIM5
SIM1
SIM2
SIM3
SIM4
1
21
22
SIM5
SIM1
SIM2
SIM3
SIM4
1
21
22
SIM5
SIM1
SIM2
SIM3
SIM4
1
21
22
SIM5
SIM1
SIM2
SIM3
SIM4
1
21
22
SIM5
SIM1
SIM2
SIM3
SIM4
1
21
22
SIM5
SIM1
SIM2
SIM3
SIM4
1
21
22
SIM5
SIM1
SIM2
SIM3
SIM4
1
21
22
SIM5
SIM1
SIM2
SIM3
SIM4
1
21
22
SIM5
SIM1
SIM2
SIM3
SIM4
1
21
22
SIM5
SIM1
SIM2
SIM3
SIM4
1
21
22
SIM5
SIM1
SIM2
SIM3
SIM4
1
21
22
SIM5
SIM1
SIM2
SIM3
SIM4
1
21
22
SIM5
SIM1
SIM2
SIM3
SIM4
1
21
22
SIM5
SIM1
SIM2
SIM3
SIM4
1
21
22
SIM5
SIM1
SIM2
SIM3
SIM4
1
21
22
SIM5
SIM1
SIM2
SIM3
SIM4
1
21
22
SIM5
SIM1
SIM2
SIM3
SIM4
1
21
22
SIM5
SIM1
SIM2
SIM3
SIM4
1
21
22
SIM5
SIM1
SIM2
SIM3
SIM4
1
21
22
SIM5
SIM1
SIM2
SIM3
SIM4
1
21
22
SIM5
SIM1
SIM2
SIM3
SIM4
1
21
22
SIM5
SIM1
SIM2
SIM3
SIM4
1
21
22
SIM5
SIM1
SIM2
SIM3
SIM4
1
21
22
SIM5
SIM1
SIM2
SIM3
SIM4
1
21
22
SIM5
SIM1
SIM2
SIM3
SIM4
1
21
22
SIM5
SIM1
SIM2
SIM3
SIM4
1
21
22
SIM5
SIM1
SIM2
SIM3
SIM4
1
21
22
SIM5
SIM1
SIM2
SIM3
SIM4
1
21
22
SIM5
SIM1
SIM2
SIM3
SIM4
1
21
22
SIM5
SIM1
SIM2
SIM3
SIM4
1
21
22
SIM5
SIM1
SIM2
SIM3
SIM4
1
21
22
SIM5
SIM1
SIM2
SIM3
SIM4
1
21
22
SIM5
SIM1
SIM2
SIM3
SIM4
1
21
22
SIM5
SIM1
SIM2
SIM3
SIM4
1
21
22
SIM5
SIM1
SIM2
SIM3
SIM4
1
21
22
SIM5
SIM1
SIM2
SIM3
SIM4
1
21
22
SIM5
SIM1
SIM2
SIM3
SIM4
1
21
22
SIM5
SIM1
SIM2
SIM3
SIM4
1
21
22
SIM5
SIM1
SIM2
SIM3
SIM4
1
21
22
SIM5
SIM1
SIM2
SIM3
SIM4
1
21
22
SIM5
SIM1
SIM2
SIM3
SIM4
1
21
22
SIM5
SIM1
SIM2
SIM3
SIM4
1
21
22
SIM5
SIM1
SIM2
SIM3
SIM4
1
21
22
SIM5
SIM1
SIM2
SIM3
SIM4
1
21
22
SIM5
SIM1
SIM2
SIM3
SIM4
1
21
22
SIM5
SIM1
SIM2
SIM3
SIM4
1
21
22
SIM5
SIM1
SIM2
SIM3
SIM4
1
21
22
SIM5
SIM1
SIM2
SIM3
SIM4
1
21
22
SIM5
SIM1
SIM2
SIM3
SIM4
1
21
22
SIM5
SIM1
SIM2
SIM3
SIM4
1
21
22
SIM5
SIM1
SIM2
SIM3
SIM4
1
21
22
SIM5
SIM1
SIM2
SIM3
SIM4
1
21
22
SIM5
SIM1
SIM2
SIM3
SIM4
1
21
22
SIM5
SIM1
SIM2
SIM3
SIM4
1
21
22
SIM5
SIM1
SIM2
SIM3
SIM4
1
21
22
SIM5
SIM1
SIM2
SIM3
SIM4
1
21
22
SIM5
SIM1
SIM2
SIM3
SIM4
1
21
22
SIM5
SIM1
SIM2
SIM3
SIM4
1
21
22
SIM5
SIM1
SIM2
SIM3
SIM4
1
21
22
SIM5
SIM1
SIM2
SIM3
SIM4
1
21
22
SIM5
SIM1
SIM2
SIM3
SIM4
1
21
22
SIM5
SIM1
SIM2
SIM3
SIM4
1
21
22
SIM5
SIM1
SIM2
SIM3
SIM4
1
21
22
SIM5
SIM1
SIM2
SIM3
SIM4
1
21
22
SIM5
SIM1
SIM2
SIM3
SIM4
1
21
22
SIM5
SIM1
SIM2
SIM3
SIM4
1
21
22
SIM5
SIM1
SIM2
SIM3
SIM4
1
21
22
SIM5
SIM1
SIM2
SIM3
SIM4
1
21
22
SIM5
SIM1
SIM2
SIM3
SIM4
1
21
22
SIM5
SIM1
SIM2
SIM3
SIM4
1
21
22
SIM5
SIM1
SIM2
SIM3
SIM4
1
21
22
SIM5
SIM1
SIM2
SIM3
SIM4
1
21
22
SIM5
SIM1
SIM2
SIM3
SIM4
1
21
22
SIM5
SIM1
SIM2
SIM3
SIM4
1
21
22
SIM5
SIM1
SIM2
SIM3
SIM4
1
21
22
SIM5
SIM1
SIM2
SIM3
SIM4
1
21
22
SIM5
SIM1
SIM2
SIM3
SIM4
1
21
22
SIM5
SIM1
SIM2
SIM3
SIM4
1
21
22
SIM5
SIM1
SIM2
SIM3
SIM4
1
21
22
SIM5
SIM1
SIM2
SIM3
SIM4
1
21
22
SIM5
SIM1
SIM2
SIM3
SIM4
1
21
22
SIM5
SIM1
SIM2
SIM3
SIM4
1
21
22
SIM5
SIM1
SIM2
SIM3
SIM4
1
21
22
SIM5
SIM1
SIM2
SIM3
SIM4
1
21
22
SIM5
SIM1
SIM2
SIM3
SIM4
1
21
22
SIM5
SIM1
SIM2
SIM3
SIM4
1
21
22
SIM5
SIM1
SIM2
SIM3
SIM4
1
21
22
SIM5
SIM1
SIM2
SIM3
SIM4
1
21
22
SIM5
SIM1
SIM2
SIM3
SIM4
1
21
22
SIM5
SIM1
SIM2
SIM3
SIM4
1
21
22
SIM5
SIM1
SIM2
SIM3
SIM4
1
21
22
SIM5
SIM1
SIM2
SIM3
SIM4
1
21
22
SIM5
SIM1
SIM2
SIM3
SIM4
1
21
22
SIM5
SIM1
SIM2
SIM3
SIM4
1
21
22
SIM5
SIM1
SIM2
SIM3
SIM4
1
21
22
SIM5
SIM1
SIM2
SIM3
SIM4
1
21
22
SIM5
SIM1
SIM2
SIM3
SIM4
1
21
22
SIM5
SIM1
SIM2
SIM3
SIM4
1
21
22
SIM5
SIM1
SIM2
SIM3
SIM4
1
21
22
SIM5
SIM1
SIM2
SIM3
SIM4
1
21
22
SIM5
SIM1
SIM2
SIM3
SIM4
1
21
22
SIM5
SIM1
SIM2
SIM3
SIM4
1
21
22
SIM5
SIM1
SIM2
SIM3
SIM4
1
21
22
SIM5
SIM1
SIM2
SIM3
SIM4
1
21
22
SIM5
SIM1
SIM2
SIM3
SIM4
1
21
22
SIM5
SIM1
SIM2
SIM3
SIM4
1
21
22
SIM5
SIM1
SIM2
SIM3
SIM4
1
21
22
SIM5
SIM1
SIM2
SIM3
SIM4
1
21
22
SIM5
SIM1
SIM2
SIM3
SIM4
1
21
22
SIM5
SIM1
SIM2
SIM3
SIM4
1
21
22
SIM5
SIM1
SIM2
SIM3
SIM4
1
21
22
SIM5
SIM1
SIM2
SIM3
SIM4
1
21
22
SIM5
SIM1
SIM2
SIM3
SIM4
1
21
22
SIM5
SIM1
SIM2
SIM3
SIM4
1
21
22
SIM5
SIM1
SIM2
SIM3
SIM4
1
21
22
SIM5
SIM1
SIM2
SIM3
SIM4
1
21
22
SIM5
SIM1
SIM2
SIM3
SIM4
1
21
22
SIM5
SIM1
SIM2
SIM3
SIM4
1
21
22
SIM5
SIM1
SIM2
SIM3
SIM4
1
21
22
SIM5
SIM1
SIM2
SIM3
SIM4
1
21
22
SIM5
SIM1
SIM2
SIM3
SIM4
1
21
22
SIM5
SIM1
SIM2
SIM3
SIM4
1
21
22
SIM5
SIM1
SIM2
SIM3
SIM4
1
21
22
SIM5
SIM1
SIM2
SIM3
SIM4
1
21
22
SIM5
SIM1
SIM2
SIM3
SIM4
1
21
22
SIM5
SIM1
SIM2
SIM3
SIM4
1
21
22
SIM5
SIM1
SIM2
SIM3
SIM4
1
21
22
SIM5
SIM1
SIM2
SIM3
SIM4
1
21
22
SIM5
SIM1
SIM2
SIM3
SIM4
1
21
22
SIM5
SIM1
SIM2
SIM3
SIM4
1
21
22
SIM5
SIM1
SIM2
SIM3
SIM4
1
21
22
SIM5
SIM1
SIM2
SIM3
SIM4
1
21
22
SIM5
SIM1
SIM2
SIM3
SIM4
1
21
22
SIM5
SIM1
SIM2
SIM3
SIM4
1
21
22
SIM5
SIM1
SIM2
SIM3
SIM4
1
21
22
SIM5
SIM1
SIM2
SIM3
SIM4
1
21
22
SIM5
SIM1
SIM2
SIM3
SIM4
1
21
22
SIM5
SIM1
SIM2
SIM3
SIM4
1
21
22
SIM5
SIM1
SIM2
SIM3
SIM4
1
21
22
SIM5
SIM1
SIM2
SIM3
SIM4
1
21
22
SIM5
SIM1
SIM2
SIM3
SIM4
1
21
22
SIM5
SIM1
SIM2
SIM3
SIM4
1
21
22
SIM5
SIM1
SIM2
SIM3
SIM4
1
21
22
SIM5
SIM1
SIM2
SIM3
SIM4
1
21
22
SIM5
SIM1
SIM2
SIM3
SIM4
1
21
22
SIM5
SIM1
SIM2
SIM3
SIM4
1
21
22
SIM5
SIM1
SIM2
SIM3
SIM4
1
21
22
SIM5
SIM1
SIM2
SIM3
SIM4
1
21
22
SIM5
SIM1
SIM2
SIM3
SIM4
1
21
22
SIM5
SIM1
SIM2
SIM3
SIM4
1
21
22
SIM5
SIM1
SIM2
SIM3
SIM4
1
21
22
SIM5
SIM1
SIM2
SIM3
SIM4
1
21
22
SIM5
SIM1
SIM2
SIM3
SIM4
1
21
22
SIM5
SIM1
SIM2
SIM3
SIM4
1
21
22
SIM5
SIM1
SIM2
SIM3
SIM4
1
21
22
SIM5
SIM1
SIM2
SIM3
SIM4
1
21
22
SIM5
SIM1
SIM2
SIM3
SIM4
1
21
22
SIM5
SIM1
SIM2
SIM3
SIM4
1
21
22
SIM5
SIM1
SIM2
SIM3
SIM4
1
21
22
SIM5
SIM1
SIM2
SIM3
SIM4
1
21
22
SIM5
SIM1
SIM2
SIM3
SIM4
1
21
22
SIM5
SIM1
SIM2
SIM3
SIM4
1
21
22
SIM5
SIM1
SIM2
SIM3
SIM4
1
21
22
SIM5
SIM1
SIM2
SIM3
SIM4
1
21
22
SIM5
SIM1
SIM2
SIM3
SIM4
1
21
22
SIM5
SIM1
SIM2
SIM3
SIM4
1
21
22
SIM5
SIM1
SIM2
SIM3
SIM4
1
21
22
SIM5
SIM1
SIM2
SIM3
SIM4
1
21
22
SIM5
SIM1
SIM2
SIM3
SIM4
1
21
22
SIM5
SIM1
SIM2
SIM3
SIM4
1
21
22
SIM5
SIM1
SIM2
SIM3
SIM4
1
21
22
SIM5
SIM1
SIM2
SIM3
SIM4
1
21
22
SIM5
SIM1
SIM2
SIM3
SIM4
1
21
22
SIM5
SIM1
SIM2
SIM3
SIM4
1
21
22
SIM5
SIM1
SIM2
SIM3
SIM4
1
21
22
SIM5
SIM1
SIM2
SIM3
SIM4
1
21
22
SIM5
SIM1
SIM2
SIM3
SIM4
1
21
22
SIM5
SIM1
SIM2
SIM3
SIM4
1
21
22
SIM5
SIM1
SIM2
SIM3
SIM4
1
21
22
SIM5
SIM1
SIM2
SIM3
SIM4
1
21
22
SIM5
SIM1
SIM2
SIM3
SIM4
1
21
22
SIM5
SIM1
SIM2
SIM3
SIM4
1
21
22
SIM5
SIM1
SIM2
SIM3
SIM4
1
21
22
SIM5
SIM1
SIM2
SIM3
SIM4
1
21
22
SIM5
SIM1
SIM2
SIM3
SIM4
1
21
22
SIM5
SIM1
SIM2
SIM3
SIM4
1
21
22
SIM5
SIM1
SIM2
SIM3
SIM4
1
21
22
SIM5
SIM1
SIM2
SIM3
SIM4
1
21
22
SIM5
SIM1
SIM2
SIM3
SIM4
1
21
22
SIM5
SIM1
SIM2
SIM3
SIM4
1
21
22
SIM5
SIM1
SIM2
SIM3
SIM4
1
21
22
SIM5
SIM1
SIM2
SIM3
SIM4
1
21
22
SIM5
SIM1
SIM2
SIM3
SIM4
1
21
22
SIM5
SIM1
SIM2
SIM3
SIM4
1
21
22
SIM5
SIM1
SIM2
SIM3
SIM4
1
21
22
SIM5
SIM1
SIM2
DEBUG 1 489
SIM1
SIM2
SIM3
SIM4
1
21
22
SIM5
SIM1
SIM2
SIM3
SIM4
1
21
22
SIM5
SIM1
SIM2
SIM3
SIM4
1
21
22
SIM5
SIM1
SIM2
SIM3
SIM4
1
21
22
SIM5
SIM1
SIM2
SIM3
SIM4
1
21
22
SIM5
SIM1
SIM2
SIM3
SIM4
1
21
22
SIM5
SIM1
SIM2
SIM3
SIM4
1
21
22
SIM5
SIM1
SIM2
SIM3
SIM4
1
21
22
SIM5
SIM1
SIM2
SIM3
SIM4
1
21
22
SIM5
SIM1
SIM2
SIM3
SIM4
1
21
22
SIM5
SIM1
SIM2
SIM3
SIM4
1
21
22
SIM5
SIM1
SIM2
SIM3
SIM4
1
21
22
SIM5
SIM1
SIM2
SIM3
SIM4
1
21
22
SIM5
SIM1
SIM2
SIM3
SIM4
1
21
22
SIM5
SIM1
SIM2
SIM3
SIM4
1
21
22
SIM5
SIM1
SIM2
SIM3
SIM4
1
21
22
SIM5
SIM1
SIM2
SIM3
SIM4
1
21
22
SIM5
SIM1
SIM2
SIM3
SIM4
1
21
22
SIM5
SIM1
SIM2
SIM3
SIM4
1
21
22
SIM5
SIM1
SIM2
SIM3
SIM4
1
21
22
SIM5
SIM1
SIM2
SIM3
SIM4
1
21
22
SIM5
SIM1
SIM2
SIM3
SIM4
1
21
22
SIM5
SIM1
SIM2
SIM3
SIM4
1
21
22
SIM5
SIM1
SIM2
SIM3
SIM4
1
21
22
SIM5
SIM1
SIM2
SIM3
SIM4
1
21
22
SIM5
SIM1
SIM2
SIM3
SIM4
1
21
22
SIM5
SIM1
SIM2
SIM3
SIM4
1
21
22
SIM5
SIM1
SIM2
SIM3
SIM4
1
21
22
SIM5
SIM1
SIM2
SIM3
SIM4
1
21
22
SIM5
SIM1
SIM2
SIM3
SIM4
1
21
22
SIM5
SIM1
SIM2
SIM3
SIM4
1
21
22
SIM5
SIM1
SIM2
SIM3
SIM4
1
21
22
SIM5
SIM1
SIM2
SIM3
SIM4
1
21
22
SIM5
SIM1
SIM2
SIM3
SIM4
1
21
22
SIM5
SIM1
SIM2
SIM3
SIM4
1
21
22
SIM5
SIM1
SIM2
SIM3
SIM4
1
21
22
SIM5
SIM1
SIM2
SIM3
SIM4
1
21
22
SIM5
SIM1
SIM2
SIM3
SIM4
1
21
22
SIM5
SIM1
SIM2
SIM3
SIM4
1
21
22
SIM5
SIM1
SIM2
SIM3
SIM4
1
21
22
SIM5
SIM1
SIM2
SIM3
SIM4
1
21
22
SIM5
SIM1
SIM2
SIM3
SIM4
1
21
22
SIM5
SIM1
SIM2
SIM3
SIM4
1
21
22
SIM5
SIM1
SIM2
SIM3
SIM4
1
21
22
SIM5
SIM1
SIM2
SIM3
SIM4
1
21
22
SIM5
SIM1
SIM2
SIM3
SIM4
1
21
22
SIM5
SIM1
SIM2
SIM3
SIM4
1
21
22
SIM5
SIM1
SIM2
SIM3
SIM4
1
21
22
SIM5
SIM1
SIM2
SIM3
SIM4
1
21
22
SIM5
SIM1
SIM2
SIM3
SIM4
1
21
22
SIM5
SIM1
SIM2
SIM3
SIM4
1
21
22
SIM5
SIM1
SIM2
SIM3
SIM4
1
21
22
SIM5
SIM1
SIM2
SIM3
SIM4
1
21
22
SIM5
SIM1
SIM2
SIM3
SIM4
1
21
22
SIM5
SIM1
SIM2
SIM3
SIM4
1
21
22
SIM5
SIM1
SIM2
SIM3
SIM4
1
21
22
SIM5
SIM1
SIM2
SIM3
SIM4
1
21
22
SIM5
SIM1
SIM2
SIM3
SIM4
1
21
22
SIM5
SIM1
SIM2
SIM3
SIM4
1
21
22
SIM5
SIM1
SIM2
SIM3
SIM4
1
21
22
SIM5
SIM1
SIM2
SIM3
SIM4
1
21
22
SIM5
SIM1
SIM2
SIM3
SIM4
1
21
22
SIM5
SIM1
SIM2
SIM3
SIM4
1
21
22
SIM5
SIM1
SIM2
SIM3
SIM4
1
21
22
SIM5
SIM1
SIM2
SIM3
SIM4
1
21
22
SIM5
SIM1
SIM2
SIM3
SIM4
1
21
22
SIM5
SIM1
SIM2
SIM3
SIM4
1
21
22
SIM5
SIM1
SIM2
SIM3
SIM4
1
21
22
SIM5
SIM1
SIM2
SIM3
SIM4
1
21
22
SIM5
SIM1
SIM2
SIM3
SIM4
1
21
22
SIM5
SIM1
SIM2
SIM3
SIM4
1
21
22
SIM5
SIM1
SIM2
SIM3
SIM4
1
21
22
SIM5
SIM1
SIM2
SIM3
SIM4
1
21
22
SIM5
SIM1
SIM2
SIM3
SIM4
1
21
22
SIM5
SIM1
SIM2
SIM3
SIM4
1
21
22
SIM5
SIM1
SIM2
SIM3
SIM4
1
21
22
SIM5
SIM1
SIM2
SIM3
SIM4
1
21
22
SIM5
SIM1
SIM2
SIM3
SIM4
1
21
22
SIM5
SIM1
SIM2
SIM3
SIM4
1
21
22
SIM5
SIM1
SIM2
SIM3
SIM4
1
21
22
SIM5
SIM1
SIM2
SIM3
SIM4
1
21
22
SIM5
SIM1
SIM2
SIM3
SIM4
1
21
22
SIM5
SIM1
SIM2
SIM3
SIM4
1
21
22
SIM5
SIM1
SIM2
SIM3
SIM4
1
21
22
SIM5
SIM1
SIM2
SIM3
SIM4
1
21
22
SIM5
SIM1
SIM2
SIM3
SIM4
1
21
22
SIM5
SIM1
SIM2
SIM3
SIM4
1
21
22
SIM5
SIM1
SIM2
SIM3
SIM4
1
21
22
SIM5
SIM1
SIM2
SIM3
SIM4
1
21
22
SIM5
SIM1
SIM2
SIM3
SIM4
1
21
22
SIM5
SIM1
SIM2
SIM3
SIM4
1
21
22
SIM5
SIM1
SIM2
SIM3
SIM4
1
21
22
SIM5
SIM1
SIM2
SIM3
SIM4
1
21
22
SIM5
SIM1
SIM2
SIM3
SIM4
1
21
22
SIM5
SIM1
SIM2
SIM3
SIM4
1
21
22
SIM5
SIM1
SIM2
SIM3
SIM4
1
21
22
SIM5
SIM1
SIM2
SIM3
SIM4
1
21
22
SIM5
SIM1
SIM2
SIM3
SIM4
1
21
22
SIM5
SIM1
SIM2
SIM3
SIM4
1
21
22
SIM5
SIM1
SIM2
SIM3
SIM4
1
21
22
SIM5
SIM1
SIM2
SIM3
SIM4
1
21
22
SIM5
SIM1
SIM2
SIM3
SIM4
1
21
22
SIM5
SIM1
SIM2
SIM3
SIM4
1
21
22
SIM5
SIM1
SIM2
SIM3
SIM4
1
21
22
SIM5
SIM1
SIM2
SIM3
SIM4
1
21
22
SIM5
SIM1
SIM2
SIM3
SIM4
1
21
22
SIM5
SIM1
SIM2
SIM3
SIM4
1
21
22
SIM5
SIM1
SIM2
SIM3
SIM4
1
21
22
SIM5
SIM1
SIM2
SIM3
SIM4
1
21
22
SIM5
SIM1
SIM2
SIM3
SIM4
1
21
22
SIM5
SIM1
SIM2
SIM3
SIM4
1
21
22
SIM5
SIM1
SIM2
SIM3
SIM4
1
21
22
SIM5
SIM1
SIM2
SIM3
SIM4
1
21
22
SIM5
SIM1
SIM2
SIM3
SIM4
1
21
22
SIM5
SIM1
SIM2
SIM3
SIM4
1
21
22
SIM5
SIM1
SIM2
SIM3
SIM4
1
21
22
SIM5
SIM1
SIM2
SIM3
SIM4
1
21
22
SIM5
SIM1
SIM2
SIM3
SIM4
1
21
22
SIM5
SIM1
SIM2
SIM3
SIM4
1
21
22
SIM5
SIM1
SIM2
SIM3
SIM4
1
21
22
SIM5
SIM1
SIM2
SIM3
SIM4
1
21
22
SIM5
SIM1
SIM2
SIM3
SIM4
1
21
22
SIM5
SIM1
SIM2
SIM3
SIM4
1
21
22
SIM5
SIM1
SIM2
SIM3
SIM4
1
21
22
SIM5
SIM1
SIM2
SIM3
SIM4
1
21
22
SIM5
SIM1
SIM2
SIM3
SIM4
1
21
22
SIM5
SIM1
SIM2
SIM3
SIM4
1
21
22
SIM5
SIM1
SIM2
SIM3
SIM4
1
21
22
SIM5
SIM1
SIM2
SIM3
SIM4
1
21
22
SIM5
SIM1
SIM2
SIM3
SIM4
1
21
22
SIM5
SIM1
SIM2
SIM3
SIM4
1
21
22
SIM5
SIM1
SIM2
SIM3
SIM4
1
21
22
SIM5
SIM1
SIM2
SIM3
SIM4
1
21
22
SIM5
SIM1
SIM2
SIM3
SIM4
1
21
22
SIM5
SIM1
SIM2
SIM3
SIM4
1
21
22
SIM5
SIM1
SIM2
SIM3
SIM4
1
21
22
SIM5
SIM1
SIM2
SIM3
SIM4
1
21
22
SIM5
SIM1
SIM2
SIM3
SIM4
1
21
22
SIM5
SIM1
SIM2
SIM3
SIM4
1
21
22
SIM5
SIM1
SIM2
SIM3
SIM4
1
21
22
SIM5
SIM1
SIM2
SIM3
SIM4
1
21
22
SIM5
SIM1
SIM2
SIM3
SIM4
1
21
22
SIM5
SIM1
SIM2
SIM3
SIM4
1
21
22
SIM5
SIM1
SIM2
SIM3
SIM4
1
21
22
SIM5
SIM1
SIM2
SIM3
SIM4
1
21
22
SIM5
SIM1
SIM2
SIM3
SIM4
1
21
22
SIM5
SIM1
SIM2
SIM3
SIM4
1
21
22
SIM5
SIM1
SIM2
SIM3
SIM4
1
21
22
SIM5
SIM1
SIM2
SIM3
SIM4
1
21
22
SIM5
SIM1
SIM2
SIM3
SIM4
1
21
22
SIM5
SIM1
SIM2
SIM3
SIM4
1
21
22
SIM5
SIM1
SIM2
SIM3
SIM4
1
21
22
SIM5
SIM1
SIM2
SIM3
SIM4
1
21
22
SIM5
SIM1
SIM2
SIM3
SIM4
1
21
22
SIM5
SIM1
SIM2
SIM3
SIM4
1
21
22
SIM5
SIM1
SIM2
SIM3
SIM4
1
21
22
SIM5
SIM1
SIM2
SIM3
SIM4
1
21
22
SIM5
SIM1
SIM2
SIM3
SIM4
1
21
22
SIM5
SIM1
SIM2
SIM3
SIM4
1
21
22
SIM5
SIM1
SIM2
SIM3
SIM4
1
21
22
SIM5
SIM1
SIM2
SIM3
SIM4
1
21
22
SIM5
SIM1
SIM2
SIM3
SIM4
1
21
22
SIM5
SIM1
SIM2
SIM3
SIM4
1
21
22
SIM5
SIM1
SIM2
SIM3
SIM4
1
21
22
SIM5
SIM1
SIM2
SIM3
SIM4
1
21
22
SIM5
SIM1
SIM2
SIM3
SIM4
1
21
22
SIM5
SIM1
SIM2
SIM3
SIM4
1
21
22
SIM5
SIM1
SIM2
SIM3
SIM4
1
21
22
SIM5
SIM1
SIM2
SIM3
SIM4
1
21
22
SIM5
SIM1
SIM2
SIM3
SIM4
1
21
22
SIM5
SIM1
SIM2
SIM3
SIM4
1
21
22
SIM5
SIM1
SIM2
SIM3
SIM4
1
21
22
SIM5
SIM1
SIM2
SIM3
SIM4
1
21
22
SIM5
SIM1
SIM2
DEBUG 1 490
SIM1
SIM2
SIM3
SIM4
1
21
22
SIM5
SIM1
SIM2
SIM3
SIM4
1
21
22
SIM5
SIM1
SIM2
SIM3
SIM4
1
21
22
SIM5
SIM1
SIM2
SIM3
SIM4
1
21
22
SIM5
SIM1
SIM2
SIM3
SIM4
1
21
22
SIM5
SIM1
SIM2
SIM3
SIM4
1
21
22
SIM5
SIM1
SIM2
SIM3
SIM4
1
21
22
SIM5
SIM1
SIM2
SIM3
SIM4
1
21
22
SIM5
SIM1
SIM2
SIM3
SIM4
1
21
22
SIM5
SIM1
SIM2
SIM3
SIM4
1
21
22
SIM5
SIM1
SIM2
SIM3
SIM4
1
21
22
SIM5
SIM1
SIM2
SIM3
SIM4
1
21
22
SIM5
SIM1
SIM2
SIM3
SIM4
1
21
22
SIM5
SIM1
SIM2
SIM3
SIM4
1
21
22
SIM5
SIM1
SIM2
SIM3
SIM4
1
21
22
SIM5
SIM1
SIM2
SIM3
SIM4
1
21
22
SIM5
SIM1
SIM2
SIM3
SIM4
1
21
22
SIM5
SIM1
SIM2
SIM3
SIM4
1
21
22
SIM5
SIM1
SIM2
SIM3
SIM4
1
21
22
SIM5
SIM1
SIM2
SIM3
SIM4
1
21
22
SIM5
SIM1
SIM2
SIM3
SIM4
1
21
22
SIM5
SIM1
SIM2
SIM3
SIM4
1
21
22
SIM5
SIM1
SIM2
SIM3
SIM4
1
21
22
SIM5
SIM1
SIM2
SIM3
SIM4
1
21
22
SIM5
SIM1
SIM2
SIM3
SIM4
1
21
22
SIM5
SIM1
SIM2
SIM3
SIM4
1
21
22
SIM5
SIM1
SIM2
SIM3
SIM4
1
21
22
SIM5
SIM1
SIM2
SIM3
SIM4
1
21
22
SIM5
SIM1
SIM2
SIM3
SIM4
1
21
22
SIM5
SIM1
SIM2
SIM3
SIM4
1
21
22
SIM5
SIM1
SIM2
SIM3
SIM4
1
21
22
SIM5
SIM1
SIM2
SIM3
SIM4
1
21
22
SIM5
SIM1
SIM2
SIM3
SIM4
1
21
22
SIM5
SIM1
SIM2
SIM3
SIM4
1
21
22
SIM5
SIM1
SIM2
SIM3
SIM4
1
21
22
SIM5
SIM1
SIM2
SIM3
SIM4
1
21
22
SIM5
SIM1
SIM2
SIM3
SIM4
1
21
22
SIM5
SIM1
SIM2
SIM3
SIM4
1
21
22
SIM5
SIM1
SIM2
SIM3
SIM4
1
21
22
SIM5
SIM1
SIM2
SIM3
SIM4
1
21
22
SIM5
SIM1
SIM2
SIM3
SIM4
1
21
22
SIM5
SIM1
SIM2
SIM3
SIM4
1
21
22
SIM5
SIM1
SIM2
SIM3
SIM4
1
21
22
SIM5
SIM1
SIM2
SIM3
SIM4
1
21
22
SIM5
SIM1
SIM2
SIM3
SIM4
1
21
22
SIM5
SIM1
SIM2
SIM3
SIM4
1
21
22
SIM5
SIM1
SIM2
SIM3
SIM4
1
21
22
SIM5
SIM1
SIM2
SIM3
SIM4
1
21
22
SIM5
SIM1
SIM2
SIM3
SIM4
1
21
22
SIM5
SIM1
SIM2
SIM3
SIM4
1
21
22
SIM5
SIM1
SIM2
SIM3
SIM4
1
21
22
SIM5
SIM1
SIM2
SIM3
SIM4
1
21
22
SIM5
SIM1
SIM2
SIM3
SIM4
1
21
22
SIM5
SIM1
SIM2
SIM3
SIM4
1
21
22
SIM5
SIM1
SIM2
SIM3
SIM4
1
21
22
SIM5
SIM1
SIM2
SIM3
SIM4
1
21
22
SIM5
SIM1
SIM2
SIM3
SIM4
1
21
22
SIM5
SIM1
SIM2
SIM3
SIM4
1
21
22
SIM5
SIM1
SIM2
SIM3
SIM4
1
21
22
SIM5
SIM1
SIM2
SIM3
SIM4
1
21
22
SIM5
SIM1
SIM2
SIM3
SIM4
1
21
22
SIM5
SIM1
SIM2
SIM3
SIM4
1
21
22
SIM5
SIM1
SIM2
SIM3
SIM4
1
21
22
SIM5
SIM1
SIM2
SIM3
SIM4
1
21
22
SIM5
SIM1
SIM2
SIM3
SIM4
1
21
22
SIM5
SIM1
SIM2
SIM3
SIM4
1
21
22
SIM5
SIM1
SIM2
SIM3
SIM4
1
21
22
SIM5
SIM1
SIM2
SIM3
SIM4
1
21
22
SIM5
SIM1
SIM2
SIM3
SIM4
1
21
22
SIM5
SIM1
SIM2
SIM3
SIM4
1
21
22
SIM5
SIM1
SIM2
SIM3
SIM4
1
21
22
SIM5
SIM1
SIM2
SIM3
SIM4
1
21
22
SIM5
SIM1
SIM2
SIM3
SIM4
1
21
22
SIM5
SIM1
SIM2
SIM3
SIM4
1
21
22
SIM5
SIM1
SIM2
SIM3
SIM4
1
21
22
SIM5
SIM1
SIM2
SIM3
SIM4
1
21
22
SIM5
SIM1
SIM2
SIM3
SIM4
1
21
22
SIM5
SIM1
SIM2
SIM3
SIM4
1
21
22
SIM5
SIM1
SIM2
SIM3
SIM4
1
21
22
SIM5
SIM1
SIM2
SIM3
SIM4
1
21
22
SIM5
SIM1
SIM2
SIM3
SIM4
1
21
22
SIM5
SIM1
SIM2
SIM3
SIM4
1
21
22
SIM5
SIM1
SIM2
SIM3
SIM4
1
21
22
SIM5
SIM1
SIM2
SIM3
SIM4
1
21
22
SIM5
SIM1
SIM2
SIM3
SIM4
1
21
22
SIM5
SIM1
SIM2
SIM3
SIM4
1
21
22
SIM5
SIM1
SIM2
SIM3
SIM4
1
21
22
SIM5
SIM1
SIM2
SIM3
SIM4
1
21
22
SIM5
SIM1
SIM2
SIM3
SIM4
1
21
22
SIM5
SIM1
SIM2
SIM3
SIM4
1
21
22
SIM5
SIM1
SIM2
SIM3
SIM4
1
21
22
SIM5
SIM1
SIM2
SIM3
SIM4
1
21
22
SIM5
SIM1
SIM2
SIM3
SIM4
1
21
22
SIM5
SIM1
SIM2
SIM3
SIM4
1
21
22
SIM5
SIM1
SIM2
SIM3
SIM4
1
21
22
SIM5
SIM1
SIM2
SIM3
SIM4
1
21
22
SIM5
SIM1
SIM2
SIM3
SIM4
1
21
22
SIM5
SIM1
SIM2
SIM3
SIM4
1
21
22
SIM5
SIM1
SIM2
SIM3
SIM4
1
21
22
SIM5
SIM1
SIM2
SIM3
SIM4
1
21
22
SIM5
SIM1
SIM2
SIM3
SIM4
1
21
22
SIM5
SIM1
SIM2
SIM3
SIM4
1
21
22
SIM5
SIM1
SIM2
SIM3
SIM4
1
21
22
SIM5
SIM1
SIM2
SIM3
SIM4
1
21
22
SIM5
SIM1
SIM2
SIM3
SIM4
1
21
22
SIM5
SIM1
SIM2
SIM3
SIM4
1
21
22
SIM5
SIM1
SIM2
SIM3
SIM4
1
21
22
SIM5
SIM1
SIM2
SIM3
SIM4
1
21
22
SIM5
SIM1
SIM2
SIM3
SIM4
1
21
22
SIM5
SIM1
SIM2
SIM3
SIM4
1
21
22
SIM5
SIM1
SIM2
SIM3
SIM4
1
21
22
SIM5
SIM1
SIM2
SIM3
SIM4
1
21
22
SIM5
SIM1
SIM2
SIM3
SIM4
1
21
22
SIM5
SIM1
SIM2
SIM3
SIM4
1
21
22
SIM5
SIM1
SIM2
SIM3
SIM4
1
21
22
SIM5
SIM1
SIM2
SIM3
SIM4
1
21
22
SIM5
SIM1
SIM2
SIM3
SIM4
1
21
22
SIM5
SIM1
SIM2
SIM3
SIM4
1
21
22
SIM5
SIM1
SIM2
SIM3
SIM4
1
21
22
SIM5
SIM1
SIM2
SIM3
SIM4
1
21
22
SIM5
SIM1
SIM2
SIM3
SIM4
1
21
22
SIM5
SIM1
SIM2
SIM3
SIM4
1
21
22
SIM5
SIM1
SIM2
SIM3
SIM4
1
21
22
SIM5
SIM1
SIM2
SIM3
SIM4
1
21
22
SIM5
SIM1
SIM2
SIM3
SIM4
1
21
22
SIM5
SIM1
SIM2
SIM3
SIM4
1
21
22
SIM5
SIM1
SIM2
SIM3
SIM4
1
21
22
SIM5
SIM1
SIM2
SIM3
SIM4
1
21
22
SIM5
SIM1
SIM2
SIM3
SIM4
1
21
22
SIM5
SIM1
SIM2
SIM3
SIM4
1
21
22
SIM5
SIM1
SIM2
SIM3
SIM4
1
21
22
SIM5
SIM1
SIM2
SIM3
SIM4
1
21
22
SIM5
SIM1
SIM2
SIM3
SIM4
1
21
22
SIM5
SIM1
SIM2
SIM3
SIM4
1
21
22
SIM5
SIM1
SIM2
SIM3
SIM4
1
21
22
SIM5
SIM1
SIM2
SIM3
SIM4
1
21
22
SIM5
SIM1
SIM2
SIM3
SIM4
1
21
22
SIM5
SIM1
SIM2
SIM3
SIM4
1
21
22
SIM5
SIM1
SIM2
SIM3
SIM4
1
21
22
SIM5
SIM1
SIM2
SIM3
SIM4
1
21
22
SIM5
SIM1
SIM2
SIM3
SIM4
1
21
22
SIM5
SIM1
SIM2
SIM3
SIM4
1
21
22
SIM5
SIM1
SIM2
SIM3
SIM4
1
21
22
SIM5
SIM1
SIM2
SIM3
SIM4
1
21
22
SIM5
SIM1
SIM2
SIM3
SIM4
1
21
22
SIM5
SIM1
SIM2
SIM3
SIM4
1
21
22
SIM5
SIM1
SIM2
SIM3
SIM4
1
21
22
SIM5
SIM1
SIM2
SIM3
SIM4
1
21
22
SIM5
SIM1
SIM2
SIM3
SIM4
1
21
22
SIM5
SIM1
SIM2
SIM3
SIM4
1
21
22
SIM5
SIM1
SIM2
SIM3
SIM4
1
21
22
SIM5
SIM1
SIM2
SIM3
SIM4
1
21
22
SIM5
SIM1
SIM2
SIM3
SIM4
1
21
22
SIM5
SIM1
SIM2
SIM3
SIM4
1
21
22
SIM5
SIM1
SIM2
SIM3
SIM4
1
21
22
SIM5
SIM1
SIM2
SIM3
SIM4
1
21
22
SIM5
SIM1
SIM2
SIM3
SIM4
1
21
22
SIM5
SIM1
SIM2
SIM3
SIM4
1
21
22
SIM5
SIM1
SIM2
SIM3
SIM4
1
21
22
SIM5
SIM1
SIM2
SIM3
SIM4
1
21
22
SIM5
SIM1
SIM2
SIM3
SIM4
1
21
22
SIM5
SIM1
SIM2
SIM3
SIM4
1
21
22
SIM5
SIM1
SIM2
SIM3
SIM4
1
21
22
SIM5
SIM1
SIM2
SIM3
SIM4
1
21
22
SIM5
SIM1
SIM2
SIM3
SIM4
1
21
22
SIM5
SIM1
SIM2
SIM3
SIM4
1
21
22
SIM5
SIM1
SIM2
SIM3
SIM4
1
21
22
SIM5
SIM1
SIM2
SIM3
SIM4
1
21
22
SIM5
SIM1
SIM2
SIM3
SIM4
1
21
22
SIM5
SIM1
SIM2
SIM3
SIM4
1
21
22
SIM5
SIM1
SIM2
SIM3
SIM4
1
21
22
SIM5
SIM1
SIM2
SIM3
SIM4
1
21
22
SIM5
SIM1
SIM2
SIM3
SIM4
1
21
22
SIM5
SIM1
SIM2
SIM3
SIM4
1
21
22
SIM5
SIM1
SIM2
SIM3
SIM4
1
21
22
SIM5
SIM1
SIM2
SIM3
SIM4
1
21
22
SIM5
SIM1
SIM2
DEBUG 1 491
SIM1
SIM2
SIM3
SIM4
1
21
22
SIM5
SIM1
SIM2
SIM3
SIM4
1
21
22
SIM5
SIM1
SIM2
SIM3
SIM4
1
21
22
SIM5
SIM1
SIM2
SIM3
SIM4
1
21
22
SIM5
SIM1
SIM2
SIM3
SIM4
1
21
22
SIM5
SIM1
SIM2
SIM3
SIM4
1
21
22
SIM5
SIM1
SIM2
SIM3
SIM4
1
21
22
SIM5
SIM1
SIM2
SIM3
SIM4
1
21
22
SIM5
SIM1
SIM2
SIM3
SIM4
1
21
22
SIM5
SIM1
SIM2
SIM3
SIM4
1
21
22
SIM5
SIM1
SIM2
SIM3
SIM4
1
21
22
SIM5
SIM1
SIM2
SIM3
SIM4
1
21
22
SIM5
SIM1
SIM2
SIM3
SIM4
1
21
22
SIM5
SIM1
SIM2
SIM3
SIM4
1
21
22
SIM5
SIM1
SIM2
SIM3
SIM4
1
21
22
SIM5
SIM1
SIM2
SIM3
SIM4
1
21
22
SIM5
SIM1
SIM2
SIM3
SIM4
1
21
22
SIM5
SIM1
SIM2
SIM3
SIM4
1
21
22
SIM5
SIM1
SIM2
SIM3
SIM4
1
21
22
SIM5
SIM1
SIM2
SIM3
SIM4
1
21
22
SIM5
SIM1
SIM2
SIM3
SIM4
1
21
22
SIM5
SIM1
SIM2
SIM3
SIM4
1
21
22
SIM5
SIM1
SIM2
SIM3
SIM4
1
21
22
SIM5
SIM1
SIM2
SIM3
SIM4
1
21
22
SIM5
SIM1
SIM2
SIM3
SIM4
1
21
22
SIM5
SIM1
SIM2
SIM3
SIM4
1
21
22
SIM5
SIM1
SIM2
SIM3
SIM4
1
21
22
SIM5
SIM1
SIM2
SIM3
SIM4
1
21
22
SIM5
SIM1
SIM2
SIM3
SIM4
1
21
22
SIM5
SIM1
SIM2
SIM3
SIM4
1
21
22
SIM5
SIM1
SIM2
SIM3
SIM4
1
21
22
SIM5
SIM1
SIM2
SIM3
SIM4
1
21
22
SIM5
SIM1
SIM2
SIM3
SIM4
1
21
22
SIM5
SIM1
SIM2
SIM3
SIM4
1
21
22
SIM5
SIM1
SIM2
SIM3
SIM4
1
21
22
SIM5
SIM1
SIM2
SIM3
SIM4
1
21
22
SIM5
SIM1
SIM2
SIM3
SIM4
1
21
22
SIM5
SIM1
SIM2
SIM3
SIM4
1
21
22
SIM5
SIM1
SIM2
SIM3
SIM4
1
21
22
SIM5
SIM1
SIM2
SIM3
SIM4
1
21
22
SIM5
SIM1
SIM2
SIM3
SIM4
1
21
22
SIM5
SIM1
SIM2
SIM3
SIM4
1
21
22
SIM5
SIM1
SIM2
SIM3
SIM4
1
21
22
SIM5
SIM1
SIM2
SIM3
SIM4
1
21
22
SIM5
SIM1
SIM2
SIM3
SIM4
1
21
22
SIM5
SIM1
SIM2
SIM3
SIM4
1
21
22
SIM5
SIM1
SIM2
SIM3
SIM4
1
21
22
SIM5
SIM1
SIM2
SIM3
SIM4
1
21
22
SIM5
SIM1
SIM2
SIM3
SIM4
1
21
22
SIM5
SIM1
SIM2
SIM3
SIM4
1
21
22
SIM5
SIM1
SIM2
SIM3
SIM4
1
21
22
SIM5
SIM1
SIM2
SIM3
SIM4
1
21
22
SIM5
SIM1
SIM2
SIM3
SIM4
1
21
22
SIM5
SIM1
SIM2
SIM3
SIM4
1
21
22
SIM5
SIM1
SIM2
SIM3
SIM4
1
21
22
SIM5
SIM1
SIM2
SIM3
SIM4
1
21
22
SIM5
SIM1
SIM2
SIM3
SIM4
1
21
22
SIM5
SIM1
SIM2
SIM3
SIM4
1
21
22
SIM5
SIM1
SIM2
SIM3
SIM4
1
21
22
SIM5
SIM1
SIM2
SIM3
SIM4
1
21
22
SIM5
SIM1
SIM2
SIM3
SIM4
1
21
22
SIM5
SIM1
SIM2
SIM3
SIM4
1
21
22
SIM5
SIM1
SIM2
SIM3
SIM4
1
21
22
SIM5
SIM1
SIM2
SIM3
SIM4
1
21
22
SIM5
SIM1
SIM2
SIM3
SIM4
1
21
22
SIM5
SIM1
SIM2
SIM3
SIM4
1
21
22
SIM5
SIM1
SIM2
SIM3
SIM4
1
21
22
SIM5
SIM1
SIM2
SIM3
SIM4
1
21
22
SIM5
SIM1
SIM2
SIM3
SIM4
1
21
22
SIM5
SIM1
SIM2
SIM3
SIM4
1
21
22
SIM5
SIM1
SIM2
SIM3
SIM4
1
21
22
SIM5
SIM1
SIM2
SIM3
SIM4
1
21
22
SIM5
SIM1
SIM2
SIM3
SIM4
1
21
22
SIM5
SIM1
SIM2
SIM3
SIM4
1
21
22
SIM5
SIM1
SIM2
SIM3
SIM4
1
21
22
SIM5
SIM1
SIM2
SIM3
SIM4
1
21
22
SIM5
SIM1
SIM2
SIM3
SIM4
1
21
22
SIM5
SIM1
SIM2
SIM3
SIM4
1
21
22
SIM5
SIM1
SIM2
SIM3
SIM4
1
21
22
SIM5
SIM1
SIM2
SIM3
SIM4
1
21
22
SIM5
SIM1
SIM2
SIM3
SIM4
1
21
22
SIM5
SIM1
SIM2
SIM3
SIM4
1
21
22
SIM5
SIM1
SIM2
SIM3
SIM4
1
21
22
SIM5
SIM1
SIM2
SIM3
SIM4
1
21
22
SIM5
SIM1
SIM2
SIM3
SIM4
1
21
22
SIM5
SIM1
SIM2
SIM3
SIM4
1
21
22
SIM5
SIM1
SIM2
SIM3
SIM4
1
21
22
SIM5
SIM1
SIM2
SIM3
SIM4
1
21
22
SIM5
SIM1
SIM2
SIM3
SIM4
1
21
22
SIM5
SIM1
SIM2
SIM3
SIM4
1
21
22
SIM5
SIM1
SIM2
SIM3
SIM4
1
21
22
SIM5
SIM1
SIM2
SIM3
SIM4
1
21
22
SIM5
SIM1
SIM2
SIM3
SIM4
1
21
22
SIM5
SIM1
SIM2
SIM3
SIM4
1
21
22
SIM5
SIM1
SIM2
SIM3
SIM4
1
21
22
SIM5
SIM1
SIM2
SIM3
SIM4
1
21
22
SIM5
SIM1
SIM2
SIM3
SIM4
1
21
22
SIM5
SIM1
SIM2
SIM3
SIM4
1
21
22
SIM5
SIM1
SIM2
SIM3
SIM4
1
21
22
SIM5
SIM1
SIM2
SIM3
SIM4
1
21
22
SIM5
SIM1
SIM2
SIM3
SIM4
1
21
22
SIM5
SIM1
SIM2
SIM3
SIM4
1
21
22
SIM5
SIM1
SIM2
SIM3
SIM4
1
21
22
SIM5
SIM1
SIM2
SIM3
SIM4
1
21
22
SIM5
SIM1
SIM2
SIM3
SIM4
1
21
22
SIM5
SIM1
SIM2
SIM3
SIM4
1
21
22
SIM5
SIM1
SIM2
SIM3
SIM4
1
21
22
SIM5
SIM1
SIM2
SIM3
SIM4
1
21
22
SIM5
SIM1
SIM2
SIM3
SIM4
1
21
22
SIM5
SIM1
SIM2
SIM3
SIM4
1
21
22
SIM5
SIM1
SIM2
SIM3
SIM4
1
21
22
SIM5
SIM1
SIM2
SIM3
SIM4
1
21
22
SIM5
SIM1
SIM2
SIM3
SIM4
1
21
22
SIM5
SIM1
SIM2
SIM3
SIM4
1
21
22
SIM5
SIM1
SIM2
SIM3
SIM4
1
21
22
SIM5
SIM1
SIM2
SIM3
SIM4
1
21
22
SIM5
SIM1
SIM2
SIM3
SIM4
1
21
22
SIM5
SIM1
SIM2
SIM3
SIM4
1
21
22
SIM5
SIM1
SIM2
SIM3
SIM4
1
21
22
SIM5
SIM1
SIM2
SIM3
SIM4
1
21
22
SIM5
SIM1
SIM2
SIM3
SIM4
1
21
22
SIM5
SIM1
SIM2
SIM3
SIM4
1
21
22
SIM5
SIM1
SIM2
SIM3
SIM4
1
21
22
SIM5
SIM1
SIM2
SIM3
SIM4
1
21
22
SIM5
SIM1
SIM2
SIM3
SIM4
1
21
22
SIM5
SIM1
SIM2
SIM3
SIM4
1
21
22
SIM5
SIM1
SIM2
SIM3
SIM4
1
21
22
SIM5
SIM1
SIM2
SIM3
SIM4
1
21
22
SIM5
SIM1
SIM2
SIM3
SIM4
1
21
22
SIM5
SIM1
SIM2
SIM3
SIM4
1
21
22
SIM5
SIM1
SIM2
SIM3
SIM4
1
21
22
SIM5
SIM1
SIM2
SIM3
SIM4
1
21
22
SIM5
SIM1
SIM2
SIM3
SIM4
1
21
22
SIM5
SIM1
SIM2
SIM3
SIM4
1
21
22
SIM5
SIM1
SIM2
SIM3
SIM4
1
21
22
SIM5
SIM1
SIM2
SIM3
SIM4
1
21
22
SIM5
SIM1
SIM2
SIM3
SIM4
1
21
22
SIM5
SIM1
SIM2
SIM3
SIM4
1
21
22
SIM5
SIM1
SIM2
SIM3
SIM4
1
21
22
SIM5
SIM1
SIM2
SIM3
SIM4
1
21
22
SIM5
SIM1
SIM2
SIM3
SIM4
1
21
22
SIM5
SIM1
SIM2
SIM3
SIM4
1
21
22
SIM5
SIM1
SIM2
SIM3
SIM4
1
21
22
SIM5
SIM1
SIM2
SIM3
SIM4
1
21
22
SIM5
SIM1
SIM2
SIM3
SIM4
1
21
22
SIM5
SIM1
SIM2
SIM3
SIM4
1
21
22
SIM5
SIM1
SIM2
SIM3
SIM4
1
21
22
SIM5
SIM1
SIM2
SIM3
SIM4
1
21
22
SIM5
SIM1
SIM2
SIM3
SIM4
1
21
22
SIM5
SIM1
SIM2
SIM3
SIM4
1
21
22
SIM5
SIM1
SIM2
SIM3
SIM4
1
21
22
SIM5
SIM1
SIM2
SIM3
SIM4
1
21
22
SIM5
SIM1
SIM2
SIM3
SIM4
1
21
22
SIM5
SIM1
SIM2
SIM3
SIM4
1
21
22
SIM5
SIM1
SIM2
SIM3
SIM4
1
21
22
SIM5
SIM1
SIM2
SIM3
SIM4
1
21
22
SIM5
SIM1
SIM2
SIM3
SIM4
1
21
22
SIM5
SIM1
SIM2
SIM3
SIM4
1
21
22
SIM5
SIM1
SIM2
SIM3
SIM4
1
21
22
SIM5
SIM1
SIM2
SIM3
SIM4
1
21
22
SIM5
SIM1
SIM2
SIM3
SIM4
1
21
22
SIM5
SIM1
SIM2
SIM3
SIM4
1
21
22
SIM5
SIM1
SIM2
DEBUG 1 492
SIM1
SIM2
SIM3
SIM4
1
21
22
SIM5
SIM1
SIM2
SIM3
SIM4
1
21
22
SIM5
SIM1
SIM2
SIM3
SIM4
1
21
22
SIM5
SIM1
SIM2
SIM3
SIM4
1
21
22
SIM5
SIM1
SIM2
SIM3
SIM4
1
21
22
SIM5
SIM1
SIM2
SIM3
SIM4
1
21
22
SIM5
SIM1
SIM2
SIM3
SIM4
1
21
22
SIM5
SIM1
SIM2
SIM3
SIM4
1
21
22
SIM5
SIM1
SIM2
SIM3
SIM4
1
21
22
SIM5
SIM1
SIM2
SIM3
SIM4
1
21
22
SIM5
SIM1
SIM2
SIM3
SIM4
1
21
22
SIM5
SIM1
SIM2
SIM3
SIM4
1
21
22
SIM5
SIM1
SIM2
SIM3
SIM4
1
21
22
SIM5
SIM1
SIM2
SIM3
SIM4
1
21
22
SIM5
SIM1
SIM2
SIM3
SIM4
1
21
22
SIM5
SIM1
SIM2
SIM3
SIM4
1
21
22
SIM5
SIM1
SIM2
SIM3
SIM4
1
21
22
SIM5
SIM1
SIM2
SIM3
SIM4
1
21
22
SIM5
SIM1
SIM2
SIM3
SIM4
1
21
22
SIM5
SIM1
SIM2
SIM3
SIM4
1
21
22
SIM5
SIM1
SIM2
SIM3
SIM4
1
21
22
SIM5
SIM1
SIM2
SIM3
SIM4
1
21
22
SIM5
SIM1
SIM2
SIM3
SIM4
1
21
22
SIM5
SIM1
SIM2
SIM3
SIM4
1
21
22
SIM5
SIM1
SIM2
SIM3
SIM4
1
21
22
SIM5
SIM1
SIM2
SIM3
SIM4
1
21
22
SIM5
SIM1
SIM2
SIM3
SIM4
1
21
22
SIM5
SIM1
SIM2
SIM3
SIM4
1
21
22
SIM5
SIM1
SIM2
SIM3
SIM4
1
21
22
SIM5
SIM1
SIM2
SIM3
SIM4
1
21
22
SIM5
SIM1
SIM2
SIM3
SIM4
1
21
22
SIM5
SIM1
SIM2
SIM3
SIM4
1
21
22
SIM5
SIM1
SIM2
SIM3
SIM4
1
21
22
SIM5
SIM1
SIM2
SIM3
SIM4
1
21
22
SIM5
SIM1
SIM2
SIM3
SIM4
1
21
22
SIM5
SIM1
SIM2
SIM3
SIM4
1
21
22
SIM5
SIM1
SIM2
SIM3
SIM4
1
21
22
SIM5
SIM1
SIM2
SIM3
SIM4
1
21
22
SIM5
SIM1
SIM2
SIM3
SIM4
1
21
22
SIM5
SIM1
SIM2
SIM3
SIM4
1
21
22
SIM5
SIM1
SIM2
SIM3
SIM4
1
21
22
SIM5
SIM1
SIM2
SIM3
SIM4
1
21
22
SIM5
SIM1
SIM2
SIM3
SIM4
1
21
22
SIM5
SIM1
SIM2
SIM3
SIM4
1
21
22
SIM5
SIM1
SIM2
SIM3
SIM4
1
21
22
SIM5
SIM1
SIM2
SIM3
SIM4
1
21
22
SIM5
SIM1
SIM2
SIM3
SIM4
1
21
22
SIM5
SIM1
SIM2
SIM3
SIM4
1
21
22
SIM5
SIM1
SIM2
SIM3
SIM4
1
21
22
SIM5
SIM1
SIM2
SIM3
SIM4
1
21
22
SIM5
SIM1
SIM2
SIM3
SIM4
1
21
22
SIM5
SIM1
SIM2
SIM3
SIM4
1
21
22
SIM5
SIM1
SIM2
SIM3
SIM4
1
21
22
SIM5
SIM1
SIM2
SIM3
SIM4
1
21
22
SIM5
SIM1
SIM2
SIM3
SIM4
1
21
22
SIM5
SIM1
SIM2
SIM3
SIM4
1
21
22
SIM5
SIM1
SIM2
SIM3
SIM4
1
21
22
SIM5
SIM1
SIM2
SIM3
SIM4
1
21
22
SIM5
SIM1
SIM2
SIM3
SIM4
1
21
22
SIM5
SIM1
SIM2
SIM3
SIM4
1
21
22
SIM5
SIM1
SIM2
SIM3
SIM4
1
21
22
SIM5
SIM1
SIM2
SIM3
SIM4
1
21
22
SIM5
SIM1
SIM2
SIM3
SIM4
1
21
22
SIM5
SIM1
SIM2
SIM3
SIM4
1
21
22
SIM5
SIM1
SIM2
SIM3
SIM4
1
21
22
SIM5
SIM1
SIM2
SIM3
SIM4
1
21
22
SIM5
SIM1
SIM2
SIM3
SIM4
1
21
22
SIM5
SIM1
SIM2
SIM3
SIM4
1
21
22
SIM5
SIM1
SIM2
SIM3
SIM4
1
21
22
SIM5
SIM1
SIM2
SIM3
SIM4
1
21
22
SIM5
SIM1
SIM2
SIM3
SIM4
1
21
22
SIM5
SIM1
SIM2
SIM3
SIM4
1
21
22
SIM5
SIM1
SIM2
SIM3
SIM4
1
21
22
SIM5
SIM1
SIM2
SIM3
SIM4
1
21
22
SIM5
SIM1
SIM2
SIM3
SIM4
1
21
22
SIM5
SIM1
SIM2
SIM3
SIM4
1
21
22
SIM5
SIM1
SIM2
SIM3
SIM4
1
21
22
SIM5
SIM1
SIM2
SIM3
SIM4
1
21
22
SIM5
SIM1
SIM2
SIM3
SIM4
1
21
22
SIM5
SIM1
SIM2
SIM3
SIM4
1
21
22
SIM5
SIM1
SIM2
SIM3
SIM4
1
21
22
SIM5
SIM1
SIM2
SIM3
SIM4
1
21
22
SIM5
SIM1
SIM2
SIM3
SIM4
1
21
22
SIM5
SIM1
SIM2
SIM3
SIM4
1
21
22
SIM5
SIM1
SIM2
SIM3
SIM4
1
21
22
SIM5
SIM1
SIM2
SIM3
SIM4
1
21
22
SIM5
SIM1
SIM2
SIM3
SIM4
1
21
22
SIM5
SIM1
SIM2
SIM3
SIM4
1
21
22
SIM5
SIM1
SIM2
SIM3
SIM4
1
21
22
SIM5
SIM1
SIM2
SIM3
SIM4
1
21
22
SIM5
SIM1
SIM2
SIM3
SIM4
1
21
22
SIM5
SIM1
SIM2
SIM3
SIM4
1
21
22
SIM5
SIM1
SIM2
SIM3
SIM4
1
21
22
SIM5
SIM1
SIM2
SIM3
SIM4
1
21
22
SIM5
SIM1
SIM2
SIM3
SIM4
1
21
22
SIM5
SIM1
SIM2
SIM3
SIM4
1
21
22
SIM5
SIM1
SIM2
SIM3
SIM4
1
21
22
SIM5
SIM1
SIM2
SIM3
SIM4
1
21
22
SIM5
SIM1
SIM2
SIM3
SIM4
1
21
22
SIM5
SIM1
SIM2
SIM3
SIM4
1
21
22
SIM5
SIM1
SIM2
SIM3
SIM4
1
21
22
SIM5
SIM1
SIM2
SIM3
SIM4
1
21
22
SIM5
SIM1
SIM2
SIM3
SIM4
1
21
22
SIM5
SIM1
SIM2
SIM3
SIM4
1
21
22
SIM5
SIM1
SIM2
SIM3
SIM4
1
21
22
SIM5
SIM1
SIM2
SIM3
SIM4
1
21
22
SIM5
SIM1
SIM2
SIM3
SIM4
1
21
22
SIM5
SIM1
SIM2
SIM3
SIM4
1
21
22
SIM5
SIM1
SIM2
SIM3
SIM4
1
21
22
SIM5
SIM1
SIM2
SIM3
SIM4
1
21
22
SIM5
SIM1
SIM2
SIM3
SIM4
1
21
22
SIM5
SIM1
SIM2
SIM3
SIM4
1
21
22
SIM5
SIM1
SIM2
SIM3
SIM4
1
21
22
SIM5
SIM1
SIM2
SIM3
SIM4
1
21
22
SIM5
SIM1
SIM2
SIM3
SIM4
1
21
22
SIM5
SIM1
SIM2
SIM3
SIM4
1
21
22
SIM5
SIM1
SIM2
SIM3
SIM4
1
21
22
SIM5
SIM1
SIM2
SIM3
SIM4
1
21
22
SIM5
SIM1
SIM2
SIM3
SIM4
1
21
22
SIM5
SIM1
SIM2
SIM3
SIM4
1
21
22
SIM5
SIM1
SIM2
SIM3
SIM4
1
21
22
SIM5
SIM1
SIM2
SIM3
SIM4
1
21
22
SIM5
SIM1
SIM2
SIM3
SIM4
1
21
22
SIM5
SIM1
SIM2
SIM3
SIM4
1
21
22
SIM5
SIM1
SIM2
SIM3
SIM4
1
21
22
SIM5
SIM1
SIM2
SIM3
SIM4
1
21
22
SIM5
SIM1
SIM2
SIM3
SIM4
1
21
22
SIM5
SIM1
SIM2
SIM3
SIM4
1
21
22
SIM5
SIM1
SIM2
SIM3
SIM4
1
21
22
SIM5
SIM1
SIM2
SIM3
SIM4
1
21
22
SIM5
SIM1
SIM2
SIM3
SIM4
1
21
22
SIM5
SIM1
SIM2
SIM3
SIM4
1
21
22
SIM5
SIM1
SIM2
SIM3
SIM4
1
21
22
SIM5
SIM1
SIM2
SIM3
SIM4
1
21
22
SIM5
SIM1
SIM2
SIM3
SIM4
1
21
22
SIM5
SIM1
SIM2
SIM3
SIM4
1
21
22
SIM5
SIM1
SIM2
SIM3
SIM4
1
21
22
SIM5
SIM1
SIM2
SIM3
SIM4
1
21
22
SIM5
SIM1
SIM2
SIM3
SIM4
1
21
22
SIM5
SIM1
SIM2
SIM3
SIM4
1
21
22
SIM5
SIM1
SIM2
SIM3
SIM4
1
21
22
SIM5
SIM1
SIM2
SIM3
SIM4
1
21
22
SIM5
SIM1
SIM2
SIM3
SIM4
1
21
22
SIM5
SIM1
SIM2
SIM3
SIM4
1
21
22
SIM5
SIM1
SIM2
SIM3
SIM4
1
21
22
SIM5
SIM1
SIM2
SIM3
SIM4
1
21
22
SIM5
SIM1
SIM2
SIM3
SIM4
1
21
22
SIM5
SIM1
SIM2
SIM3
SIM4
1
21
22
SIM5
SIM1
SIM2
SIM3
SIM4
1
21
22
SIM5
SIM1
SIM2
SIM3
SIM4
1
21
22
SIM5
SIM1
SIM2
SIM3
SIM4
1
21
22
SIM5
SIM1
SIM2
SIM3
SIM4
1
21
22
SIM5
SIM1
SIM2
SIM3
SIM4
1
21
22
SIM5
SIM1
SIM2
SIM3
SIM4
1
21
22
SIM5
SIM1
SIM2
SIM3
SIM4
1
21
22
SIM5
SIM1
SIM2
SIM3
SIM4
1
21
22
SIM5
SIM1
SIM2
SIM3
SIM4
1
21
22
SIM5
SIM1
SIM2
SIM3
SIM4
1
21
22
SIM5
SIM1
SIM2
SIM3
SIM4
1
21
22
SIM5
SIM1
SIM2
SIM3
SIM4
1
21
22
SIM5
SIM1
SIM2
SIM3
SIM4
1
21
22
SIM5
SIM1
SIM2
SIM3
SIM4
1
21
22
SIM5
SIM1
SIM2
SIM3
SIM4
1
21
22
SIM5
SIM1
SIM2
SIM3
SIM4
1
21
22
SIM5
SIM1
SIM2
SIM3
SIM4
1
21
22
SIM5
SIM1
SIM2
SIM3
SIM4
1
21
22
SIM5
SIM1
SIM2
SIM3
SIM4
1
21
22
SIM5
SIM1
SIM2
SIM3
SIM4
1
21
22
SIM5
SIM1
SIM2
SIM3
SIM4
1
21
22
SIM5
SIM1
SIM2
SIM3
SIM4
1
21
22
SIM5
SIM1
SIM2
SIM3
SIM4
1
21
22
SIM5
SIM1
SIM2
SIM3
SIM4
1
21
22
SIM5
SIM1
SIM2
SIM3
SIM4
1
21
22
SIM5
SIM1
SIM2
SIM3
SIM4
1
21
22
SIM5
SIM1
SIM2
SIM3
SIM4
1
21
22
SIM5
SIM1
SIM2
SIM3
SIM4
1
21
22
SIM5
SIM1
SIM2
SIM3
SIM4
1
21
22
SIM5
SIM1
SIM2
SIM3
SIM4
1
21
22
SIM5
SIM1
SIM2
SIM3
SIM4
1
21
22
SIM5
SIM1
SIM2
SIM3
SIM4
1
21
22
SIM5
SIM1
SIM2
DEBUG 1 493
SIM1
SIM2
SIM3
SIM4
1
21
22
SIM5
SIM1
SIM2
SIM3
SIM4
1
21
22
SIM5
SIM1
SIM2
SIM3
SIM4
1
21
22
SIM5
SIM1
SIM2
SIM3
SIM4
1
21
22
SIM5
SIM1
SIM2
SIM3
SIM4
1
21
22
SIM5
SIM1
SIM2
SIM3
SIM4
1
21
22
SIM5
SIM1
SIM2
SIM3
SIM4
1
21
22
SIM5
SIM1
SIM2
SIM3
SIM4
1
21
22
SIM5
SIM1
SIM2
SIM3
SIM4
1
21
22
SIM5
SIM1
SIM2
SIM3
SIM4
1
21
22
SIM5
SIM1
SIM2
SIM3
SIM4
1
21
22
SIM5
SIM1
SIM2
SIM3
SIM4
1
21
22
SIM5
SIM1
SIM2
SIM3
SIM4
1
21
22
SIM5
SIM1
SIM2
SIM3
SIM4
1
21
22
SIM5
SIM1
SIM2
SIM3
SIM4
1
21
22
SIM5
SIM1
SIM2
SIM3
SIM4
1
21
22
SIM5
SIM1
SIM2
SIM3
SIM4
1
21
22
SIM5
SIM1
SIM2
SIM3
SIM4
1
21
22
SIM5
SIM1
SIM2
SIM3
SIM4
1
21
22
SIM5
SIM1
SIM2
SIM3
SIM4
1
21
22
SIM5
SIM1
SIM2
SIM3
SIM4
1
21
22
SIM5
SIM1
SIM2
SIM3
SIM4
1
21
22
SIM5
SIM1
SIM2
SIM3
SIM4
1
21
22
SIM5
SIM1
SIM2
SIM3
SIM4
1
21
22
SIM5
SIM1
SIM2
SIM3
SIM4
1
21
22
SIM5
SIM1
SIM2
SIM3
SIM4
1
21
22
SIM5
SIM1
SIM2
SIM3
SIM4
1
21
22
SIM5
SIM1
SIM2
SIM3
SIM4
1
21
22
SIM5
SIM1
SIM2
SIM3
SIM4
1
21
22
SIM5
SIM1
SIM2
SIM3
SIM4
1
21
22
SIM5
SIM1
SIM2
SIM3
SIM4
1
21
22
SIM5
SIM1
SIM2
SIM3
SIM4
1
21
22
SIM5
SIM1
SIM2
SIM3
SIM4
1
21
22
SIM5
SIM1
SIM2
SIM3
SIM4
1
21
22
SIM5
SIM1
SIM2
SIM3
SIM4
1
21
22
SIM5
SIM1
SIM2
SIM3
SIM4
1
21
22
SIM5
SIM1
SIM2
SIM3
SIM4
1
21
22
SIM5
SIM1
SIM2
SIM3
SIM4
1
21
22
SIM5
SIM1
SIM2
SIM3
SIM4
1
21
22
SIM5
SIM1
SIM2
SIM3
SIM4
1
21
22
SIM5
SIM1
SIM2
SIM3
SIM4
1
21
22
SIM5
SIM1
SIM2
SIM3
SIM4
1
21
22
SIM5
SIM1
SIM2
SIM3
SIM4
1
21
22
SIM5
SIM1
SIM2
SIM3
SIM4
1
21
22
SIM5
SIM1
SIM2
SIM3
SIM4
1
21
22
SIM5
SIM1
SIM2
SIM3
SIM4
1
21
22
SIM5
SIM1
SIM2
SIM3
SIM4
1
21
22
SIM5
SIM1
SIM2
SIM3
SIM4
1
21
22
SIM5
SIM1
SIM2
SIM3
SIM4
1
21
22
SIM5
SIM1
SIM2
SIM3
SIM4
1
21
22
SIM5
SIM1
SIM2
SIM3
SIM4
1
21
22
SIM5
SIM1
SIM2
SIM3
SIM4
1
21
22
SIM5
SIM1
SIM2
SIM3
SIM4
1
21
22
SIM5
SIM1
SIM2
SIM3
SIM4
1
21
22
SIM5
SIM1
SIM2
SIM3
SIM4
1
21
22
SIM5
SIM1
SIM2
SIM3
SIM4
1
21
22
SIM5
SIM1
SIM2
SIM3
SIM4
1
21
22
SIM5
SIM1
SIM2
SIM3
SIM4
1
21
22
SIM5
SIM1
SIM2
SIM3
SIM4
1
21
22
SIM5
SIM1
SIM2
SIM3
SIM4
1
21
22
SIM5
SIM1
SIM2
SIM3
SIM4
1
21
22
SIM5
SIM1
SIM2
SIM3
SIM4
1
21
22
SIM5
SIM1
SIM2
SIM3
SIM4
1
21
22
SIM5
SIM1
SIM2
SIM3
SIM4
1
21
22
SIM5
SIM1
SIM2
SIM3
SIM4
1
21
22
SIM5
SIM1
SIM2
SIM3
SIM4
1
21
22
SIM5
SIM1
SIM2
SIM3
SIM4
1
21
22
SIM5
SIM1
SIM2
SIM3
SIM4
1
21
22
SIM5
SIM1
SIM2
SIM3
SIM4
1
21
22
SIM5
SIM1
SIM2
SIM3
SIM4
1
21
22
SIM5
SIM1
SIM2
SIM3
SIM4
1
21
22
SIM5
SIM1
SIM2
SIM3
SIM4
1
21
22
SIM5
SIM1
SIM2
SIM3
SIM4
1
21
22
SIM5
SIM1
SIM2
SIM3
SIM4
1
21
22
SIM5
SIM1
SIM2
SIM3
SIM4
1
21
22
SIM5
SIM1
SIM2
SIM3
SIM4
1
21
22
SIM5
SIM1
SIM2
SIM3
SIM4
1
21
22
SIM5
SIM1
SIM2
SIM3
SIM4
1
21
22
SIM5
SIM1
SIM2
SIM3
SIM4
1
21
22
SIM5
SIM1
SIM2
SIM3
SIM4
1
21
22
SIM5
SIM1
SIM2
SIM3
SIM4
1
21
22
SIM5
SIM1
SIM2
SIM3
SIM4
1
21
22
SIM5
SIM1
SIM2
SIM3
SIM4
1
21
22
SIM5
SIM1
SIM2
SIM3
SIM4
1
21
22
SIM5
SIM1
SIM2
SIM3
SIM4
1
21
22
SIM5
SIM1
SIM2
SIM3
SIM4
1
21
22
SIM5
SIM1
SIM2
SIM3
SIM4
1
21
22
SIM5
SIM1
SIM2
SIM3
SIM4
1
21
22
SIM5
SIM1
SIM2
SIM3
SIM4
1
21
22
SIM5
SIM1
SIM2
SIM3
SIM4
1
21
22
SIM5
SIM1
SIM2
SIM3
SIM4
1
21
22
SIM5
SIM1
SIM2
SIM3
SIM4
1
21
22
SIM5
SIM1
SIM2
SIM3
SIM4
1
21
22
SIM5
SIM1
SIM2
SIM3
SIM4
1
21
22
SIM5
SIM1
SIM2
SIM3
SIM4
1
21
22
SIM5
SIM1
SIM2
SIM3
SIM4
1
21
22
SIM5
SIM1
SIM2
SIM3
SIM4
1
21
22
SIM5
SIM1
SIM2
SIM3
SIM4
1
21
22
SIM5
SIM1
SIM2
SIM3
SIM4
1
21
22
SIM5
SIM1
SIM2
SIM3
SIM4
1
21
22
SIM5
SIM1
SIM2
SIM3
SIM4
1
21
22
SIM5
SIM1
SIM2
SIM3
SIM4
1
21
22
SIM5
SIM1
SIM2
SIM3
SIM4
1
21
22
SIM5
SIM1
SIM2
SIM3
SIM4
1
21
22
SIM5
SIM1
SIM2
SIM3
SIM4
1
21
22
SIM5
SIM1
SIM2
SIM3
SIM4
1
21
22
SIM5
SIM1
SIM2
SIM3
SIM4
1
21
22
SIM5
SIM1
SIM2
SIM3
SIM4
1
21
22
SIM5
SIM1
SIM2
SIM3
SIM4
1
21
22
SIM5
SIM1
SIM2
SIM3
SIM4
1
21
22
SIM5
SIM1
SIM2
SIM3
SIM4
1
21
22
SIM5
SIM1
SIM2
SIM3
SIM4
1
21
22
SIM5
SIM1
SIM2
SIM3
SIM4
1
21
22
SIM5
SIM1
SIM2
SIM3
SIM4
1
21
22
SIM5
SIM1
SIM2
SIM3
SIM4
1
21
22
SIM5
SIM1
SIM2
SIM3
SIM4
1
21
22
SIM5
SIM1
SIM2
SIM3
SIM4
1
21
22
SIM5
SIM1
SIM2
SIM3
SIM4
1
21
22
SIM5
SIM1
SIM2
SIM3
SIM4
1
21
22
SIM5
SIM1
SIM2
SIM3
SIM4
1
21
22
SIM5
SIM1
SIM2
SIM3
SIM4
1
21
22
SIM5
SIM1
SIM2
SIM3
SIM4
1
21
22
SIM5
SIM1
SIM2
SIM3
SIM4
1
21
22
SIM5
SIM1
SIM2
SIM3
SIM4
1
21
22
SIM5
SIM1
SIM2
SIM3
SIM4
1
21
22
SIM5
SIM1
SIM2
SIM3
SIM4
1
21
22
SIM5
SIM1
SIM2
SIM3
SIM4
1
21
22
SIM5
SIM1
SIM2
SIM3
SIM4
1
21
22
SIM5
SIM1
SIM2
SIM3
SIM4
1
21
22
SIM5
SIM1
SIM2
SIM3
SIM4
1
21
22
SIM5
SIM1
SIM2
SIM3
SIM4
1
21
22
SIM5
SIM1
SIM2
SIM3
SIM4
1
21
22
SIM5
SIM1
SIM2
SIM3
SIM4
1
21
22
SIM5
SIM1
SIM2
SIM3
SIM4
1
21
22
SIM5
SIM1
SIM2
SIM3
SIM4
1
21
22
SIM5
SIM1
SIM2
SIM3
SIM4
1
21
22
SIM5
SIM1
SIM2
SIM3
SIM4
1
21
22
SIM5
SIM1
SIM2
SIM3
SIM4
1
21
22
SIM5
SIM1
SIM2
SIM3
SIM4
1
21
22
SIM5
SIM1
SIM2
SIM3
SIM4
1
21
22
SIM5
SIM1
SIM2
SIM3
SIM4
1
21
22
SIM5
SIM1
SIM2
SIM3
SIM4
1
21
22
SIM5
SIM1
SIM2
SIM3
SIM4
1
21
22
SIM5
SIM1
SIM2
SIM3
SIM4
1
21
22
SIM5
SIM1
SIM2
SIM3
SIM4
1
21
22
SIM5
SIM1
SIM2
SIM3
SIM4
1
21
22
SIM5
SIM1
SIM2
SIM3
SIM4
1
21
22
SIM5
SIM1
SIM2
SIM3
SIM4
1
21
22
SIM5
SIM1
SIM2
SIM3
SIM4
1
21
22
SIM5
SIM1
SIM2
SIM3
SIM4
1
21
22
SIM5
SIM1
SIM2
SIM3
SIM4
1
21
22
SIM5
SIM1
SIM2
SIM3
SIM4
1
21
22
SIM5
SIM1
SIM2
SIM3
SIM4
1
21
22
SIM5
SIM1
SIM2
SIM3
SIM4
1
21
22
SIM5
SIM1
SIM2
SIM3
SIM4
1
21
22
SIM5
SIM1
SIM2
SIM3
SIM4
1
21
22
SIM5
SIM1
SIM2
SIM3
SIM4
1
21
22
SIM5
SIM1
SIM2
SIM3
SIM4
1
21
22
SIM5
SIM1
SIM2
SIM3
SIM4
1
21
22
SIM5
SIM1
SIM2
SIM3
SIM4
1
21
22
SIM5
SIM1
SIM2
SIM3
SIM4
1
21
22
SIM5
SIM1
SIM2
SIM3
SIM4
1
21
22
SIM5
SIM1
SIM2
SIM3
SIM4
1
21
22
SIM5
SIM1
SIM2
SIM3
SIM4
1
21
22
SIM5
SIM1
SIM2
SIM3
SIM4
1
21
22
SIM5
SIM1
SIM2
SIM3
SIM4
1
21
22
SIM5
SIM1
SIM2
SIM3
SIM4
1
21
22
SIM5
SIM1
SIM2
SIM3
SIM4
1
21
22
SIM5
SIM1
SIM2
SIM3
SIM4
1
21
22
SIM5
SIM1
SIM2
SIM3
SIM4
1
21
22
SIM5
SIM1
SIM2
SIM3
SIM4
1
21
22
SIM5
SIM1
SIM2
SIM3
SIM4
1
21
22
SIM5
SIM1
SIM2
SIM3
SIM4
1
21
22
SIM5
SIM1
SIM2
SIM3
SIM4
1
21
22
SIM5
SIM1
SIM2
SIM3
SIM4
1
21
22
SIM5
SIM1
SIM2
SIM3
SIM4
1
21
22
SIM5
SIM1
SIM2
SIM3
SIM4
1
21
22
SIM5
SIM1
SIM2
SIM3
SIM4
1
21
22
SIM5
SIM1
SIM2
SIM3
SIM4
1
21
22
SIM5
SIM1
SIM2
SIM3
SIM4
1
21
22
SIM5
SIM1
SIM2
SIM3
SIM4
1
21
22
SIM5
SIM1
SIM2
SIM3
SIM4
1
21
22
SIM5
SIM1
SIM2
SIM3
SIM4
1
21
22
SIM5
SIM1
SIM2
SIM3
SIM4
1
21
22
SIM5
SIM1
SIM2
SIM3
SIM4
1
21
22
SIM5
SIM1
SIM2
SIM3
SIM4
1
21
22
SIM5
SIM1
SIM2
SIM3
SIM4
1
21
22
SIM5
SIM1
SIM2
SIM3
SIM4
1
21
22
SIM5
SIM1
SIM2
SIM3
SIM4
1
21
22
SIM5
SIM1
SIM2
SIM3
SIM4
1
21
22
SIM5
SIM1
SIM2
SIM3
SIM4
1
21
22
SIM5
SIM1
SIM2
SIM3
SIM4
1
21
22
SIM5
SIM1
SIM2
SIM3
SIM4
1
21
22
SIM5
SIM1
SIM2
SIM3
SIM4
1
21
22
SIM5
SIM1
SIM2
SIM3
SIM4
1
21
22
SIM5
SIM1
SIM2
SIM3
SIM4
1
21
22
SIM5
SIM1
SIM2
SIM3
SIM4
1
21
22
SIM5
SIM1
SIM2
SIM3
SIM4
1
21
22
SIM5
SIM1
SIM2
SIM3
SIM4
1
21
22
SIM5
SIM1
SIM2
SIM3
SIM4
1
21
22
SIM5
SIM1
SIM2
SIM3
SIM4
1
21
22
SIM5
SIM1
SIM2
SIM3
SIM4
1
21
22
SIM5
SIM1
SIM2
SIM3
SIM4
1
21
22
SIM5
SIM1
SIM2
SIM3
SIM4
1
21
22
SIM5
SIM1
SIM2
SIM3
SIM4
1
21
22
SIM5
SIM1
SIM2
SIM3
SIM4
1
21
22
SIM5
SIM1
SIM2
SIM3
SIM4
1
21
22
SIM5
SIM1
SIM2
SIM3
SIM4
1
21
22
SIM5
SIM1
SIM2
SIM3
SIM4
1
21
22
SIM5
SIM1
SIM2
SIM3
SIM4
1
21
22
SIM5
SIM1
SIM2
SIM3
SIM4
1
21
22
SIM5
SIM1
SIM2
SIM3
SIM4
1
21
22
SIM5
SIM1
SIM2
SIM3
SIM4
1
21
22
SIM5
SIM1
SIM2
SIM3
SIM4
1
21
22
SIM5
SIM1
SIM2
SIM3
SIM4
1
21
22
SIM5
SIM1
SIM2
SIM3
SIM4
1
21
22
SIM5
SIM1
SIM2
SIM3
SIM4
1
21
22
SIM5
SIM1
SIM2
SIM3
SIM4
1
21
22
SIM5
SIM1
SIM2
SIM3
SIM4
1
21
22
SIM5
SIM1
SIM2
SIM3
SIM4
1
21
22
SIM5
SIM1
SIM2
SIM3
SIM4
1
21
22
SIM5
SIM1
SIM2
SIM3
SIM4
1
21
22
SIM5
SIM1
SIM2
SIM3
SIM4
1
21
22
SIM5
SIM1
SIM2
SIM3
SIM4
1
21
22
SIM5
SIM1
SIM2
SIM3
SIM4
1
21
22
SIM5
SIM1
SIM2
SIM3
SIM4
1
21
22
SIM5
SIM1
SIM2
SIM3
SIM4
1
21
22
SIM5
SIM1
SIM2
SIM3
SIM4
1
21
22
SIM5
SIM1
SIM2
SIM3
SIM4
1
21
22
SIM5
SIM1
SIM2
SIM3
SIM4
1
21
22
SIM5
SIM1
SIM2
SIM3
SIM4
1
21
22
SIM5
SIM1
SIM2
SIM3
SIM4
1
21
22
SIM5
SIM1
SIM2
SIM3
SIM4
1
21
22
SIM5
SIM1
SIM2
SIM3
SIM4
1
21
22
SIM5
SIM1
SIM2
SIM3
SIM4
1
21
22
SIM5
SIM1
SIM2
SIM3
SIM4
1
21
22
SIM5
SIM1
SIM2
SIM3
SIM4
1
21
22
SIM5
SIM1
SIM2
SIM3
SIM4
1
21
22
SIM5
SIM1
SIM2
SIM3
SIM4
1
21
22
SIM5
SIM1
SIM2
SIM3
SIM4
1
21
22
SIM5
SIM1
SIM2
SIM3
SIM4
1
21
22
SIM5
SIM1
SIM2
SIM3
SIM4
1
21
22
SIM5
SIM1
SIM2
SIM3
SIM4
1
21
22
SIM5
SIM1
SIM2
SIM3
SIM4
1
21
22
SIM5
SIM1
SIM2
SIM3
SIM4
1
21
22
SIM5
SIM1
SIM2
SIM3
SIM4
1
21
22
SIM5
SIM1
SIM2
SIM3
SIM4
1
21
22
SIM5
SIM1
SIM2
SIM3
SIM4
1
21
22
SIM5
SIM1
SIM2
SIM3
SIM4
1
21
22
SIM5
SIM1
SIM2
SIM3
SIM4
1
21
22
SIM5
SIM1
SIM2
SIM3
SIM4
1
21
22
SIM5
SIM1
SIM2
SIM3
SIM4
1
21
22
SIM5
SIM1
SIM2
SIM3
SIM4
1
21
22
SIM5
SIM1
SIM2
SIM3
SIM4
1
21
22
SIM5
SIM1
SIM2
SIM3
SIM4
1
21
22
SIM5
SIM1
SIM2
SIM3
SIM4
1
21
22
SIM5
SIM1
SIM2
DEBUG 1 494
SIM1
SIM2
SIM3
SIM4
1
21
22
SIM5
SIM1
SIM2
SIM3
SIM4
1
21
22
SIM5
SIM1
SIM2
SIM3
SIM4
1
21
22
SIM5
SIM1
SIM2
SIM3
SIM4
1
21
22
SIM5
SIM1
SIM2
SIM3
SIM4
1
21
22
SIM5
SIM1
SIM2
SIM3
SIM4
1
21
22
SIM5
SIM1
SIM2
SIM3
SIM4
1
21
22
SIM5
SIM1
SIM2
SIM3
SIM4
1
21
22
SIM5
SIM1
SIM2
SIM3
SIM4
1
21
22
SIM5
SIM1
SIM2
SIM3
SIM4
1
21
22
SIM5
SIM1
SIM2
SIM3
SIM4
1
21
22
SIM5
SIM1
SIM2
SIM3
SIM4
1
21
22
SIM5
SIM1
SIM2
SIM3
SIM4
1
21
22
SIM5
SIM1
SIM2
SIM3
SIM4
1
21
22
SIM5
SIM1
SIM2
SIM3
SIM4
1
21
22
SIM5
SIM1
SIM2
SIM3
SIM4
1
21
22
SIM5
SIM1
SIM2
SIM3
SIM4
1
21
22
SIM5
SIM1
SIM2
SIM3
SIM4
1
21
22
SIM5
SIM1
SIM2
SIM3
SIM4
1
21
22
SIM5
SIM1
SIM2
SIM3
SIM4
1
21
22
SIM5
SIM1
SIM2
SIM3
SIM4
1
21
22
SIM5
SIM1
SIM2
SIM3
SIM4
1
21
22
SIM5
SIM1
SIM2
SIM3
SIM4
1
21
22
SIM5
SIM1
SIM2
SIM3
SIM4
1
21
22
SIM5
SIM1
SIM2
SIM3
SIM4
1
21
22
SIM5
SIM1
SIM2
SIM3
SIM4
1
21
22
SIM5
SIM1
SIM2
SIM3
SIM4
1
21
22
SIM5
SIM1
SIM2
SIM3
SIM4
1
21
22
SIM5
SIM1
SIM2
SIM3
SIM4
1
21
22
SIM5
SIM1
SIM2
SIM3
SIM4
1
21
22
SIM5
SIM1
SIM2
SIM3
SIM4
1
21
22
SIM5
SIM1
SIM2
SIM3
SIM4
1
21
22
SIM5
SIM1
SIM2
SIM3
SIM4
1
21
22
SIM5
SIM1
SIM2
SIM3
SIM4
1
21
22
SIM5
SIM1
SIM2
SIM3
SIM4
1
21
22
SIM5
SIM1
SIM2
SIM3
SIM4
1
21
22
SIM5
SIM1
SIM2
SIM3
SIM4
1
21
22
SIM5
SIM1
SIM2
SIM3
SIM4
1
21
22
SIM5
SIM1
SIM2
SIM3
SIM4
1
21
22
SIM5
SIM1
SIM2
SIM3
SIM4
1
21
22
SIM5
SIM1
SIM2
SIM3
SIM4
1
21
22
SIM5
SIM1
SIM2
SIM3
SIM4
1
21
22
SIM5
SIM1
SIM2
SIM3
SIM4
1
21
22
SIM5
SIM1
SIM2
SIM3
SIM4
1
21
22
SIM5
SIM1
SIM2
SIM3
SIM4
1
21
22
SIM5
SIM1
SIM2
SIM3
SIM4
1
21
22
SIM5
SIM1
SIM2
SIM3
SIM4
1
21
22
SIM5
SIM1
SIM2
SIM3
SIM4
1
21
22
SIM5
SIM1
SIM2
SIM3
SIM4
1
21
22
SIM5
SIM1
SIM2
SIM3
SIM4
1
21
22
SIM5
SIM1
SIM2
SIM3
SIM4
1
21
22
SIM5
SIM1
SIM2
SIM3
SIM4
1
21
22
SIM5
SIM1
SIM2
SIM3
SIM4
1
21
22
SIM5
SIM1
SIM2
SIM3
SIM4
1
21
22
SIM5
SIM1
SIM2
SIM3
SIM4
1
21
22
SIM5
SIM1
SIM2
SIM3
SIM4
1
21
22
SIM5
SIM1
SIM2
SIM3
SIM4
1
21
22
SIM5
SIM1
SIM2
SIM3
SIM4
1
21
22
SIM5
SIM1
SIM2
SIM3
SIM4
1
21
22
SIM5
SIM1
SIM2
SIM3
SIM4
1
21
22
SIM5
SIM1
SIM2
SIM3
SIM4
1
21
22
SIM5
SIM1
SIM2
SIM3
SIM4
1
21
22
SIM5
SIM1
SIM2
SIM3
SIM4
1
21
22
SIM5
SIM1
SIM2
SIM3
SIM4
1
21
22
SIM5
SIM1
SIM2
SIM3
SIM4
1
21
22
SIM5
SIM1
SIM2
SIM3
SIM4
1
21
22
SIM5
SIM1
SIM2
SIM3
SIM4
1
21
22
SIM5
SIM1
SIM2
SIM3
SIM4
1
21
22
SIM5
SIM1
SIM2
SIM3
SIM4
1
21
22
SIM5
SIM1
SIM2
SIM3
SIM4
1
21
22
SIM5
SIM1
SIM2
SIM3
SIM4
1
21
22
SIM5
SIM1
SIM2
SIM3
SIM4
1
21
22
SIM5
SIM1
SIM2
SIM3
SIM4
1
21
22
SIM5
SIM1
SIM2
SIM3
SIM4
1
21
22
SIM5
SIM1
SIM2
SIM3
SIM4
1
21
22
SIM5
SIM1
SIM2
SIM3
SIM4
1
21
22
SIM5
SIM1
SIM2
SIM3
SIM4
1
21
22
SIM5
SIM1
SIM2
SIM3
SIM4
1
21
22
SIM5
SIM1
SIM2
SIM3
SIM4
1
21
22
SIM5
SIM1
SIM2
SIM3
SIM4
1
21
22
SIM5
SIM1
SIM2
SIM3
SIM4
1
21
22
SIM5
SIM1
SIM2
SIM3
SIM4
1
21
22
SIM5
SIM1
SIM2
SIM3
SIM4
1
21
22
SIM5
SIM1
SIM2
SIM3
SIM4
1
21
22
SIM5
SIM1
SIM2
SIM3
SIM4
1
21
22
SIM5
SIM1
SIM2
SIM3
SIM4
1
21
22
SIM5
SIM1
SIM2
SIM3
SIM4
1
21
22
SIM5
SIM1
SIM2
SIM3
SIM4
1
21
22
SIM5
SIM1
SIM2
SIM3
SIM4
1
21
22
SIM5
SIM1
SIM2
SIM3
SIM4
1
21
22
SIM5
SIM1
SIM2
SIM3
SIM4
1
21
22
SIM5
SIM1
SIM2
SIM3
SIM4
1
21
22
SIM5
SIM1
SIM2
SIM3
SIM4
1
21
22
SIM5
SIM1
SIM2
SIM3
SIM4
1
21
22
SIM5
SIM1
SIM2
SIM3
SIM4
1
21
22
SIM5
SIM1
SIM2
SIM3
SIM4
1
21
22
SIM5
SIM1
SIM2
SIM3
SIM4
1
21
22
SIM5
SIM1
SIM2
SIM3
SIM4
1
21
22
SIM5
SIM1
SIM2
SIM3
SIM4
1
21
22
SIM5
SIM1
SIM2
SIM3
SIM4
1
21
22
SIM5
SIM1
SIM2
SIM3
SIM4
1
21
22
SIM5
SIM1
SIM2
SIM3
SIM4
1
21
22
SIM5
SIM1
SIM2
SIM3
SIM4
1
21
22
SIM5
SIM1
SIM2
SIM3
SIM4
1
21
22
SIM5
SIM1
SIM2
SIM3
SIM4
1
21
22
SIM5
SIM1
SIM2
SIM3
SIM4
1
21
22
SIM5
SIM1
SIM2
SIM3
SIM4
1
21
22
SIM5
SIM1
SIM2
SIM3
SIM4
1
21
22
SIM5
SIM1
SIM2
SIM3
SIM4
1
21
22
SIM5
SIM1
SIM2
SIM3
SIM4
1
21
22
SIM5
SIM1
SIM2
SIM3
SIM4
1
21
22
SIM5
SIM1
SIM2
SIM3
SIM4
1
21
22
SIM5
SIM1
SIM2
SIM3
SIM4
1
21
22
SIM5
SIM1
SIM2
SIM3
SIM4
1
21
22
SIM5
SIM1
SIM2
SIM3
SIM4
1
21
22
SIM5
SIM1
SIM2
SIM3
SIM4
1
21
22
SIM5
SIM1
SIM2
SIM3
SIM4
1
21
22
SIM5
SIM1
SIM2
SIM3
SIM4
1
21
22
SIM5
SIM1
SIM2
SIM3
SIM4
1
21
22
SIM5
SIM1
SIM2
SIM3
SIM4
1
21
22
SIM5
SIM1
SIM2
SIM3
SIM4
1
21
22
SIM5
SIM1
SIM2
SIM3
SIM4
1
21
22
SIM5
SIM1
SIM2
SIM3
SIM4
1
21
22
SIM5
SIM1
SIM2
SIM3
SIM4
1
21
22
SIM5
SIM1
SIM2
DEBUG 1 495
SIM1
SIM2
SIM3
SIM4
1
21
22
SIM5
SIM1
SIM2
SIM3
SIM4
1
21
22
SIM5
SIM1
SIM2
SIM3
SIM4
1
21
22
SIM5
SIM1
SIM2
SIM3
SIM4
1
21
22
SIM5
SIM1
SIM2
SIM3
SIM4
1
21
22
SIM5
SIM1
SIM2
SIM3
SIM4
1
21
22
SIM5
SIM1
SIM2
SIM3
SIM4
1
21
22
SIM5
SIM1
SIM2
SIM3
SIM4
1
21
22
SIM5
SIM1
SIM2
SIM3
SIM4
1
21
22
SIM5
SIM1
SIM2
SIM3
SIM4
1
21
22
SIM5
SIM1
SIM2
SIM3
SIM4
1
21
22
SIM5
SIM1
SIM2
SIM3
SIM4
1
21
22
SIM5
SIM1
SIM2
SIM3
SIM4
1
21
22
SIM5
SIM1
SIM2
SIM3
SIM4
1
21
22
SIM5
SIM1
SIM2
SIM3
SIM4
1
21
22
SIM5
SIM1
SIM2
SIM3
SIM4
1
21
22
SIM5
SIM1
SIM2
SIM3
SIM4
1
21
22
SIM5
SIM1
SIM2
SIM3
SIM4
1
21
22
SIM5
SIM1
SIM2
SIM3
SIM4
1
21
22
SIM5
SIM1
SIM2
SIM3
SIM4
1
21
22
SIM5
SIM1
SIM2
SIM3
SIM4
1
21
22
SIM5
SIM1
SIM2
SIM3
SIM4
1
21
22
SIM5
SIM1
SIM2
SIM3
SIM4
1
21
22
SIM5
SIM1
SIM2
SIM3
SIM4
1
21
22
SIM5
SIM1
SIM2
SIM3
SIM4
1
21
22
SIM5
SIM1
SIM2
SIM3
SIM4
1
21
22
SIM5
SIM1
SIM2
SIM3
SIM4
1
21
22
SIM5
SIM1
SIM2
SIM3
SIM4
1
21
22
SIM5
SIM1
SIM2
SIM3
SIM4
1
21
22
SIM5
SIM1
SIM2
SIM3
SIM4
1
21
22
SIM5
SIM1
SIM2
SIM3
SIM4
1
21
22
SIM5
SIM1
SIM2
SIM3
SIM4
1
21
22
SIM5
SIM1
SIM2
SIM3
SIM4
1
21
22
SIM5
SIM1
SIM2
SIM3
SIM4
1
21
22
SIM5
SIM1
SIM2
SIM3
SIM4
1
21
22
SIM5
SIM1
SIM2
SIM3
SIM4
1
21
22
SIM5
SIM1
SIM2
SIM3
SIM4
1
21
22
SIM5
SIM1
SIM2
SIM3
SIM4
1
21
22
SIM5
SIM1
SIM2
SIM3
SIM4
1
21
22
SIM5
SIM1
SIM2
SIM3
SIM4
1
21
22
SIM5
SIM1
SIM2
SIM3
SIM4
1
21
22
SIM5
SIM1
SIM2
SIM3
SIM4
1
21
22
SIM5
SIM1
SIM2
SIM3
SIM4
1
21
22
SIM5
SIM1
SIM2
SIM3
SIM4
1
21
22
SIM5
SIM1
SIM2
SIM3
SIM4
1
21
22
SIM5
SIM1
SIM2
SIM3
SIM4
1
21
22
SIM5
SIM1
SIM2
SIM3
SIM4
1
21
22
SIM5
SIM1
SIM2
SIM3
SIM4
1
21
22
SIM5
SIM1
SIM2
SIM3
SIM4
1
21
22
SIM5
SIM1
SIM2
SIM3
SIM4
1
21
22
SIM5
SIM1
SIM2
SIM3
SIM4
1
21
22
SIM5
SIM1
SIM2
SIM3
SIM4
1
21
22
SIM5
SIM1
SIM2
SIM3
SIM4
1
21
22
SIM5
SIM1
SIM2
SIM3
SIM4
1
21
22
SIM5
SIM1
SIM2
SIM3
SIM4
1
21
22
SIM5
SIM1
SIM2
SIM3
SIM4
1
21
22
SIM5
SIM1
SIM2
SIM3
SIM4
1
21
22
SIM5
SIM1
SIM2
SIM3
SIM4
1
21
22
SIM5
SIM1
SIM2
SIM3
SIM4
1
21
22
SIM5
SIM1
SIM2
SIM3
SIM4
1
21
22
SIM5
SIM1
SIM2
SIM3
SIM4
1
21
22
SIM5
SIM1
SIM2
SIM3
SIM4
1
21
22
SIM5
SIM1
SIM2
SIM3
SIM4
1
21
22
SIM5
SIM1
SIM2
SIM3
SIM4
1
21
22
SIM5
SIM1
SIM2
SIM3
SIM4
1
21
22
SIM5
SIM1
SIM2
SIM3
SIM4
1
21
22
SIM5
SIM1
SIM2
SIM3
SIM4
1
21
22
SIM5
SIM1
SIM2
SIM3
SIM4
1
21
22
SIM5
SIM1
SIM2
SIM3
SIM4
1
21
22
SIM5
SIM1
SIM2
SIM3
SIM4
1
21
22
SIM5
SIM1
SIM2
SIM3
SIM4
1
21
22
SIM5
SIM1
SIM2
SIM3
SIM4
1
21
22
SIM5
SIM1
SIM2
SIM3
SIM4
1
21
22
SIM5
SIM1
SIM2
SIM3
SIM4
1
21
22
SIM5
SIM1
SIM2
SIM3
SIM4
1
21
22
SIM5
SIM1
SIM2
SIM3
SIM4
1
21
22
SIM5
SIM1
SIM2
SIM3
SIM4
1
21
22
SIM5
SIM1
SIM2
SIM3
SIM4
1
21
22
SIM5
SIM1
SIM2
SIM3
SIM4
1
21
22
SIM5
SIM1
SIM2
SIM3
SIM4
1
21
22
SIM5
SIM1
SIM2
SIM3
SIM4
1
21
22
SIM5
SIM1
SIM2
SIM3
SIM4
1
21
22
SIM5
SIM1
SIM2
SIM3
SIM4
1
21
22
SIM5
SIM1
SIM2
SIM3
SIM4
1
21
22
SIM5
SIM1
SIM2
SIM3
SIM4
1
21
22
SIM5
SIM1
SIM2
SIM3
SIM4
1
21
22
SIM5
SIM1
SIM2
SIM3
SIM4
1
21
22
SIM5
SIM1
SIM2
SIM3
SIM4
1
21
22
SIM5
SIM1
SIM2
SIM3
SIM4
1
21
22
SIM5
SIM1
SIM2
SIM3
SIM4
1
21
22
SIM5
SIM1
SIM2
SIM3
SIM4
1
21
22
SIM5
SIM1
SIM2
SIM3
SIM4
1
21
22
SIM5
SIM1
SIM2
SIM3
SIM4
1
21
22
SIM5
SIM1
SIM2
SIM3
SIM4
1
21
22
SIM5
SIM1
SIM2
SIM3
SIM4
1
21
22
SIM5
SIM1
SIM2
SIM3
SIM4
1
21
22
SIM5
SIM1
SIM2
SIM3
SIM4
1
21
22
SIM5
SIM1
SIM2
SIM3
SIM4
1
21
22
SIM5
SIM1
SIM2
SIM3
SIM4
1
21
22
SIM5
SIM1
SIM2
SIM3
SIM4
1
21
22
SIM5
SIM1
SIM2
SIM3
SIM4
1
21
22
SIM5
SIM1
SIM2
SIM3
SIM4
1
21
22
SIM5
SIM1
SIM2
SIM3
SIM4
1
21
22
SIM5
SIM1
SIM2
SIM3
SIM4
1
21
22
SIM5
SIM1
SIM2
SIM3
SIM4
1
21
22
SIM5
SIM1
SIM2
SIM3
SIM4
1
21
22
SIM5
SIM1
SIM2
SIM3
SIM4
1
21
22
SIM5
SIM1
SIM2
SIM3
SIM4
1
21
22
SIM5
SIM1
SIM2
SIM3
SIM4
1
21
22
SIM5
SIM1
SIM2
SIM3
SIM4
1
21
22
SIM5
SIM1
SIM2
SIM3
SIM4
1
21
22
SIM5
SIM1
SIM2
SIM3
SIM4
1
21
22
SIM5
SIM1
SIM2
SIM3
SIM4
1
21
22
SIM5
SIM1
SIM2
SIM3
SIM4
1
21
22
SIM5
SIM1
SIM2
SIM3
SIM4
1
21
22
SIM5
SIM1
SIM2
SIM3
SIM4
1
21
22
SIM5
SIM1
SIM2
SIM3
SIM4
1
21
22
SIM5
SIM1
SIM2
SIM3
SIM4
1
21
22
SIM5
SIM1
SIM2
SIM3
SIM4
1
21
22
SIM5
SIM1
SIM2
SIM3
SIM4
1
21
22
SIM5
SIM1
SIM2
SIM3
SIM4
1
21
22
SIM5
SIM1
SIM2
SIM3
SIM4
1
21
22
SIM5
SIM1
SIM2
SIM3
SIM4
1
21
22
SIM5
SIM1
SIM2
SIM3
SIM4
1
21
22
SIM5
SIM1
SIM2
SIM3
SIM4
1
21
22
SIM5
SIM1
SIM2
SIM3
SIM4
1
21
22
SIM5
SIM1
SIM2
SIM3
SIM4
1
21
22
SIM5
SIM1
SIM2
SIM3
SIM4
1
21
22
SIM5
SIM1
SIM2
SIM3
SIM4
1
21
22
SIM5
SIM1
SIM2
SIM3
SIM4
1
21
22
SIM5
SIM1
SIM2
SIM3
SIM4
1
21
22
SIM5
SIM1
SIM2
SIM3
SIM4
1
21
22
SIM5
SIM1
SIM2
SIM3
SIM4
1
21
22
SIM5
SIM1
SIM2
SIM3
SIM4
1
21
22
SIM5
SIM1
SIM2
SIM3
SIM4
1
21
22
SIM5
SIM1
SIM2
SIM3
SIM4
1
21
22
SIM5
SIM1
SIM2
SIM3
SIM4
1
21
22
SIM5
SIM1
SIM2
SIM3
SIM4
1
21
22
SIM5
SIM1
SIM2
SIM3
SIM4
1
21
22
SIM5
SIM1
SIM2
SIM3
SIM4
1
21
22
SIM5
SIM1
SIM2
SIM3
SIM4
1
21
22
SIM5
SIM1
SIM2
SIM3
SIM4
1
21
22
SIM5
SIM1
SIM2
SIM3
SIM4
1
21
22
SIM5
SIM1
SIM2
SIM3
SIM4
1
21
22
SIM5
SIM1
SIM2
SIM3
SIM4
1
21
22
SIM5
SIM1
SIM2
SIM3
SIM4
1
21
22
SIM5
SIM1
SIM2
SIM3
SIM4
1
21
22
SIM5
SIM1
SIM2
SIM3
SIM4
1
21
22
SIM5
SIM1
SIM2
SIM3
SIM4
1
21
22
SIM5
SIM1
SIM2
SIM3
SIM4
1
21
22
SIM5
SIM1
SIM2
SIM3
SIM4
1
21
22
SIM5
SIM1
SIM2
SIM3
SIM4
1
21
22
SIM5
SIM1
SIM2
SIM3
SIM4
1
21
22
SIM5
SIM1
SIM2
SIM3
SIM4
1
21
22
SIM5
SIM1
SIM2
SIM3
SIM4
1
21
22
SIM5
SIM1
SIM2
SIM3
SIM4
1
21
22
SIM5
SIM1
SIM2
SIM3
SIM4
1
21
22
SIM5
SIM1
SIM2
SIM3
SIM4
1
21
22
SIM5
SIM1
SIM2
SIM3
SIM4
1
21
22
SIM5
SIM1
SIM2
SIM3
SIM4
1
21
22
SIM5
SIM1
SIM2
SIM3
SIM4
1
21
22
SIM5
SIM1
SIM2
SIM3
SIM4
1
21
22
SIM5
SIM1
SIM2
SIM3
SIM4
1
21
22
SIM5
SIM1
SIM2
SIM3
SIM4
1
21
22
SIM5
SIM1
SIM2
SIM3
SIM4
1
21
22
SIM5
SIM1
SIM2
SIM3
SIM4
1
21
22
SIM5
SIM1
SIM2
SIM3
SIM4
1
21
22
SIM5
SIM1
SIM2
SIM3
SIM4
1
21
22
SIM5
SIM1
SIM2
SIM3
SIM4
1
21
22
SIM5
SIM1
SIM2
SIM3
SIM4
1
21
22
SIM5
SIM1
SIM2
SIM3
SIM4
1
21
22
SIM5
SIM1
SIM2
SIM3
SIM4
1
21
22
SIM5
SIM1
SIM2
SIM3
SIM4
1
21
22
SIM5
SIM1
SIM2
SIM3
SIM4
1
21
22
SIM5
SIM1
SIM2
SIM3
SIM4
1
21
22
SIM5
SIM1
SIM2
SIM3
SIM4
1
21
22
SIM5
SIM1
SIM2
SIM3
SIM4
1
21
22
SIM5
SIM1
SIM2
SIM3
SIM4
1
21
22
SIM5
SIM1
SIM2
SIM3
SIM4
1
21
22
SIM5
SIM1
SIM2
SIM3
SIM4
1
21
22
SIM5
SIM1
SIM2
SIM3
SIM4
1
21
22
SIM5
SIM1
SIM2
SIM3
SIM4
1
21
22
SIM5
SIM1
SIM2
SIM3
SIM4
1
21
22
SIM5
SIM1
SIM2
SIM3
SIM4
1
21
22
SIM5
SIM1
SIM2
SIM3
SIM4
1
21
22
SIM5
SIM1
SIM2
SIM3
SIM4
1
21
22
SIM5
SIM1
SIM2
SIM3
SIM4
1
21
22
SIM5
SIM1
SIM2
SIM3
SIM4
1
21
22
SIM5
SIM1
SIM2
SIM3
SIM4
1
21
22
SIM5
SIM1
SIM2
SIM3
SIM4
1
21
22
SIM5
SIM1
SIM2
SIM3
SIM4
1
21
22
SIM5
SIM1
SIM2
SIM3
SIM4
1
21
22
SIM5
SIM1
SIM2
SIM3
SIM4
1
21
22
SIM5
SIM1
SIM2
SIM3
SIM4
1
21
22
SIM5
SIM1
SIM2
SIM3
SIM4
1
21
22
SIM5
SIM1
SIM2
SIM3
SIM4
1
21
22
SIM5
SIM1
SIM2
SIM3
SIM4
1
21
22
SIM5
SIM1
SIM2
SIM3
SIM4
1
21
22
SIM5
SIM1
SIM2
SIM3
SIM4
1
21
22
SIM5
SIM1
SIM2
SIM3
SIM4
1
21
22
SIM5
SIM1
SIM2
SIM3
SIM4
1
21
22
SIM5
SIM1
SIM2
SIM3
SIM4
1
21
22
SIM5
SIM1
SIM2
SIM3
SIM4
1
21
22
SIM5
SIM1
SIM2
SIM3
SIM4
1
21
22
SIM5
SIM1
SIM2
SIM3
SIM4
1
21
22
SIM5
SIM1
SIM2
SIM3
SIM4
1
21
22
SIM5
SIM1
SIM2
SIM3
SIM4
1
21
22
SIM5
SIM1
SIM2
SIM3
SIM4
1
21
22
SIM5
SIM1
SIM2
SIM3
SIM4
1
21
22
SIM5
SIM1
SIM2
SIM3
SIM4
1
21
22
SIM5
SIM1
SIM2
SIM3
SIM4
1
21
22
SIM5
SIM1
SIM2
SIM3
SIM4
1
21
22
SIM5
SIM1
SIM2
SIM3
SIM4
1
21
22
SIM5
SIM1
SIM2
SIM3
SIM4
1
21
22
SIM5
SIM1
SIM2
SIM3
SIM4
1
21
22
SIM5
SIM1
SIM2
SIM3
SIM4
1
21
22
SIM5
SIM1
SIM2
SIM3
SIM4
1
21
22
SIM5
SIM1
SIM2
SIM3
SIM4
1
21
22
SIM5
SIM1
SIM2
SIM3
SIM4
1
21
22
SIM5
SIM1
SIM2
SIM3
SIM4
1
21
22
SIM5
SIM1
SIM2
SIM3
SIM4
1
21
22
SIM5
SIM1
SIM2
SIM3
SIM4
1
21
22
SIM5
SIM1
SIM2
SIM3
SIM4
1
21
22
SIM5
SIM1
SIM2
SIM3
SIM4
1
21
22
SIM5
SIM1
SIM2
SIM3
SIM4
1
21
22
SIM5
SIM1
SIM2
SIM3
SIM4
1
21
22
SIM5
SIM1
SIM2
SIM3
SIM4
1
21
22
SIM5
SIM1
SIM2
SIM3
SIM4
1
21
22
SIM5
SIM1
SIM2
SIM3
SIM4
1
21
22
SIM5
SIM1
SIM2
SIM3
SIM4
1
21
22
SIM5
SIM1
SIM2
SIM3
SIM4
1
21
22
SIM5
SIM1
SIM2
SIM3
SIM4
1
21
22
SIM5
SIM1
SIM2
SIM3
SIM4
1
21
22
SIM5
SIM1
SIM2
SIM3
SIM4
1
21
22
SIM5
SIM1
SIM2
SIM3
SIM4
1
21
22
SIM5
SIM1
SIM2
SIM3
SIM4
1
21
22
SIM5
SIM1
SIM2
SIM3
SIM4
1
21
22
SIM5
SIM1
SIM2
SIM3
SIM4
1
21
22
SIM5
SIM1
SIM2
DEBUG 1 496
SIM1
SIM2
SIM3
SIM4
1
21
22
SIM5
SIM1
SIM2
SIM3
SIM4
1
21
22
SIM5
SIM1
SIM2
SIM3
SIM4
1
21
22
SIM5
SIM1
SIM2
SIM3
SIM4
1
21
22
SIM5
SIM1
SIM2
SIM3
SIM4
1
21
22
SIM5
SIM1
SIM2
SIM3
SIM4
1
21
22
SIM5
SIM1
SIM2
SIM3
SIM4
1
21
22
SIM5
SIM1
SIM2
SIM3
SIM4
1
21
22
SIM5
SIM1
SIM2
SIM3
SIM4
1
21
22
SIM5
SIM1
SIM2
SIM3
SIM4
1
21
22
SIM5
SIM1
SIM2
SIM3
SIM4
1
21
22
SIM5
SIM1
SIM2
SIM3
SIM4
1
21
22
SIM5
SIM1
SIM2
SIM3
SIM4
1
21
22
SIM5
SIM1
SIM2
SIM3
SIM4
1
21
22
SIM5
SIM1
SIM2
SIM3
SIM4
1
21
22
SIM5
SIM1
SIM2
SIM3
SIM4
1
21
22
SIM5
SIM1
SIM2
SIM3
SIM4
1
21
22
SIM5
SIM1
SIM2
SIM3
SIM4
1
21
22
SIM5
SIM1
SIM2
SIM3
SIM4
1
21
22
SIM5
SIM1
SIM2
SIM3
SIM4
1
21
22
SIM5
SIM1
SIM2
SIM3
SIM4
1
21
22
SIM5
SIM1
SIM2
SIM3
SIM4
1
21
22
SIM5
SIM1
SIM2
SIM3
SIM4
1
21
22
SIM5
SIM1
SIM2
SIM3
SIM4
1
21
22
SIM5
SIM1
SIM2
SIM3
SIM4
1
21
22
SIM5
SIM1
SIM2
SIM3
SIM4
1
21
22
SIM5
SIM1
SIM2
SIM3
SIM4
1
21
22
SIM5
SIM1
SIM2
SIM3
SIM4
1
21
22
SIM5
SIM1
SIM2
SIM3
SIM4
1
21
22
SIM5
SIM1
SIM2
SIM3
SIM4
1
21
22
SIM5
SIM1
SIM2
SIM3
SIM4
1
21
22
SIM5
SIM1
SIM2
SIM3
SIM4
1
21
22
SIM5
SIM1
SIM2
SIM3
SIM4
1
21
22
SIM5
SIM1
SIM2
SIM3
SIM4
1
21
22
SIM5
SIM1
SIM2
SIM3
SIM4
1
21
22
SIM5
SIM1
SIM2
SIM3
SIM4
1
21
22
SIM5
SIM1
SIM2
SIM3
SIM4
1
21
22
SIM5
SIM1
SIM2
SIM3
SIM4
1
21
22
SIM5
SIM1
SIM2
SIM3
SIM4
1
21
22
SIM5
SIM1
SIM2
SIM3
SIM4
1
21
22
SIM5
SIM1
SIM2
SIM3
SIM4
1
21
22
SIM5
SIM1
SIM2
SIM3
SIM4
1
21
22
SIM5
SIM1
SIM2
SIM3
SIM4
1
21
22
SIM5
SIM1
SIM2
SIM3
SIM4
1
21
22
SIM5
SIM1
SIM2
SIM3
SIM4
1
21
22
SIM5
SIM1
SIM2
SIM3
SIM4
1
21
22
SIM5
SIM1
SIM2
SIM3
SIM4
1
21
22
SIM5
SIM1
SIM2
SIM3
SIM4
1
21
22
SIM5
SIM1
SIM2
SIM3
SIM4
1
21
22
SIM5
SIM1
SIM2
SIM3
SIM4
1
21
22
SIM5
SIM1
SIM2
SIM3
SIM4
1
21
22
SIM5
SIM1
SIM2
SIM3
SIM4
1
21
22
SIM5
SIM1
SIM2
SIM3
SIM4
1
21
22
SIM5
SIM1
SIM2
SIM3
SIM4
1
21
22
SIM5
SIM1
SIM2
SIM3
SIM4
1
21
22
SIM5
SIM1
SIM2
SIM3
SIM4
1
21
22
SIM5
SIM1
SIM2
SIM3
SIM4
1
21
22
SIM5
SIM1
SIM2
SIM3
SIM4
1
21
22
SIM5
SIM1
SIM2
SIM3
SIM4
1
21
22
SIM5
SIM1
SIM2
SIM3
SIM4
1
21
22
SIM5
SIM1
SIM2
SIM3
SIM4
1
21
22
SIM5
SIM1
SIM2
SIM3
SIM4
1
21
22
SIM5
SIM1
SIM2
SIM3
SIM4
1
21
22
SIM5
SIM1
SIM2
SIM3
SIM4
1
21
22
SIM5
SIM1
SIM2
SIM3
SIM4
1
21
22
SIM5
SIM1
SIM2
SIM3
SIM4
1
21
22
SIM5
SIM1
SIM2
SIM3
SIM4
1
21
22
SIM5
SIM1
SIM2
SIM3
SIM4
1
21
22
SIM5
SIM1
SIM2
SIM3
SIM4
1
21
22
SIM5
SIM1
SIM2
SIM3
SIM4
1
21
22
SIM5
SIM1
SIM2
SIM3
SIM4
1
21
22
SIM5
SIM1
SIM2
SIM3
SIM4
1
21
22
SIM5
SIM1
SIM2
SIM3
SIM4
1
21
22
SIM5
SIM1
SIM2
SIM3
SIM4
1
21
22
SIM5
SIM1
SIM2
SIM3
SIM4
1
21
22
SIM5
SIM1
SIM2
SIM3
SIM4
1
21
22
SIM5
SIM1
SIM2
SIM3
SIM4
1
21
22
SIM5
SIM1
SIM2
SIM3
SIM4
1
21
22
SIM5
SIM1
SIM2
SIM3
SIM4
1
21
22
SIM5
SIM1
SIM2
SIM3
SIM4
1
21
22
SIM5
SIM1
SIM2
SIM3
SIM4
1
21
22
SIM5
SIM1
SIM2
SIM3
SIM4
1
21
22
SIM5
SIM1
SIM2
SIM3
SIM4
1
21
22
SIM5
SIM1
SIM2
SIM3
SIM4
1
21
22
SIM5
SIM1
SIM2
SIM3
SIM4
1
21
22
SIM5
SIM1
SIM2
SIM3
SIM4
1
21
22
SIM5
SIM1
SIM2
SIM3
SIM4
1
21
22
SIM5
SIM1
SIM2
SIM3
SIM4
1
21
22
SIM5
SIM1
SIM2
SIM3
SIM4
1
21
22
SIM5
SIM1
SIM2
SIM3
SIM4
1
21
22
SIM5
SIM1
SIM2
SIM3
SIM4
1
21
22
SIM5
SIM1
SIM2
SIM3
SIM4
1
21
22
SIM5
SIM1
SIM2
SIM3
SIM4
1
21
22
SIM5
SIM1
SIM2
SIM3
SIM4
1
21
22
SIM5
SIM1
SIM2
SIM3
SIM4
1
21
22
SIM5
SIM1
SIM2
SIM3
SIM4
1
21
22
SIM5
SIM1
SIM2
SIM3
SIM4
1
21
22
SIM5
SIM1
SIM2
SIM3
SIM4
1
21
22
SIM5
SIM1
SIM2
SIM3
SIM4
1
21
22
SIM5
SIM1
SIM2
SIM3
SIM4
1
21
22
SIM5
SIM1
SIM2
SIM3
SIM4
1
21
22
SIM5
SIM1
SIM2
SIM3
SIM4
1
21
22
SIM5
SIM1
SIM2
SIM3
SIM4
1
21
22
SIM5
SIM1
SIM2
SIM3
SIM4
1
21
22
SIM5
SIM1
SIM2
SIM3
SIM4
1
21
22
SIM5
SIM1
SIM2
SIM3
SIM4
1
21
22
SIM5
SIM1
SIM2
SIM3
SIM4
1
21
22
SIM5
SIM1
SIM2
SIM3
SIM4
1
21
22
SIM5
SIM1
SIM2
SIM3
SIM4
1
21
22
SIM5
SIM1
SIM2
SIM3
SIM4
1
21
22
SIM5
SIM1
SIM2
SIM3
SIM4
1
21
22
SIM5
SIM1
SIM2
SIM3
SIM4
1
21
22
SIM5
SIM1
SIM2
SIM3
SIM4
1
21
22
SIM5
SIM1
SIM2
SIM3
SIM4
1
21
22
SIM5
SIM1
SIM2
SIM3
SIM4
1
21
22
SIM5
SIM1
SIM2
SIM3
SIM4
1
21
22
SIM5
SIM1
SIM2
SIM3
SIM4
1
21
22
SIM5
SIM1
SIM2
SIM3
SIM4
1
21
22
SIM5
SIM1
SIM2
SIM3
SIM4
1
21
22
SIM5
SIM1
SIM2
SIM3
SIM4
1
21
22
SIM5
SIM1
SIM2
SIM3
SIM4
1
21
22
SIM5
SIM1
SIM2
SIM3
SIM4
1
21
22
SIM5
SIM1
SIM2
SIM3
SIM4
1
21
22
SIM5
SIM1
SIM2
SIM3
SIM4
1
21
22
SIM5
SIM1
SIM2
SIM3
SIM4
1
21
22
SIM5
SIM1
SIM2
SIM3
SIM4
1
21
22
SIM5
SIM1
SIM2
SIM3
SIM4
1
21
22
SIM5
SIM1
SIM2
SIM3
SIM4
1
21
22
SIM5
SIM1
SIM2
SIM3
SIM4
1
21
22
SIM5
SIM1
SIM2
SIM3
SIM4
1
21
22
SIM5
SIM1
SIM2
SIM3
SIM4
1
21
22
SIM5
SIM1
SIM2
SIM3
SIM4
1
21
22
SIM5
SIM1
SIM2
SIM3
SIM4
1
21
22
SIM5
SIM1
SIM2
SIM3
SIM4
1
21
22
SIM5
SIM1
SIM2
SIM3
SIM4
1
21
22
SIM5
SIM1
SIM2
SIM3
SIM4
1
21
22
SIM5
SIM1
SIM2
SIM3
SIM4
1
21
22
SIM5
SIM1
SIM2
SIM3
SIM4
1
21
22
SIM5
SIM1
SIM2
SIM3
SIM4
1
21
22
SIM5
SIM1
SIM2
SIM3
SIM4
1
21
22
SIM5
SIM1
SIM2
SIM3
SIM4
1
21
22
SIM5
SIM1
SIM2
SIM3
SIM4
1
21
22
SIM5
SIM1
SIM2
SIM3
SIM4
1
21
22
SIM5
SIM1
SIM2
SIM3
SIM4
1
21
22
SIM5
SIM1
SIM2
SIM3
SIM4
1
21
22
SIM5
SIM1
SIM2
SIM3
SIM4
1
21
22
SIM5
SIM1
SIM2
SIM3
SIM4
1
21
22
SIM5
SIM1
SIM2
SIM3
SIM4
1
21
22
SIM5
SIM1
SIM2
SIM3
SIM4
1
21
22
SIM5
SIM1
SIM2
SIM3
SIM4
1
21
22
SIM5
SIM1
SIM2
SIM3
SIM4
1
21
22
SIM5
SIM1
SIM2
SIM3
SIM4
1
21
22
SIM5
SIM1
SIM2
SIM3
SIM4
1
21
22
SIM5
SIM1
SIM2
SIM3
SIM4
1
21
22
SIM5
SIM1
SIM2
SIM3
SIM4
1
21
22
SIM5
SIM1
SIM2
SIM3
SIM4
1
21
22
SIM5
SIM1
SIM2
SIM3
SIM4
1
21
22
SIM5
SIM1
SIM2
SIM3
SIM4
1
21
22
SIM5
SIM1
SIM2
SIM3
SIM4
1
21
22
SIM5
SIM1
SIM2
SIM3
SIM4
1
21
22
SIM5
SIM1
SIM2
SIM3
SIM4
1
21
22
SIM5
SIM1
SIM2
SIM3
SIM4
1
21
22
SIM5
SIM1
SIM2
SIM3
SIM4
1
21
22
SIM5
SIM1
SIM2
SIM3
SIM4
1
21
22
SIM5
SIM1
SIM2
SIM3
SIM4
1
21
22
SIM5
SIM1
SIM2
SIM3
SIM4
1
21
22
SIM5
SIM1
SIM2
DEBUG 1 497
SIM1
SIM2
SIM3
SIM4
1
21
22
SIM5
SIM1
SIM2
SIM3
SIM4
1
21
22
SIM5
SIM1
SIM2
SIM3
SIM4
1
21
22
SIM5
SIM1
SIM2
SIM3
SIM4
1
21
22
SIM5
SIM1
SIM2
SIM3
SIM4
1
21
22
SIM5
SIM1
SIM2
SIM3
SIM4
1
21
22
SIM5
SIM1
SIM2
SIM3
SIM4
1
21
22
SIM5
SIM1
SIM2
SIM3
SIM4
1
21
22
SIM5
SIM1
SIM2
SIM3
SIM4
1
21
22
SIM5
SIM1
SIM2
SIM3
SIM4
1
21
22
SIM5
SIM1
SIM2
SIM3
SIM4
1
21
22
SIM5
SIM1
SIM2
SIM3
SIM4
1
21
22
SIM5
SIM1
SIM2
SIM3
SIM4
1
21
22
SIM5
SIM1
SIM2
SIM3
SIM4
1
21
22
SIM5
SIM1
SIM2
SIM3
SIM4
1
21
22
SIM5
SIM1
SIM2
SIM3
SIM4
1
21
22
SIM5
SIM1
SIM2
SIM3
SIM4
1
21
22
SIM5
SIM1
SIM2
SIM3
SIM4
1
21
22
SIM5
SIM1
SIM2
SIM3
SIM4
1
21
22
SIM5
SIM1
SIM2
SIM3
SIM4
1
21
22
SIM5
SIM1
SIM2
SIM3
SIM4
1
21
22
SIM5
SIM1
SIM2
SIM3
SIM4
1
21
22
SIM5
SIM1
SIM2
SIM3
SIM4
1
21
22
SIM5
SIM1
SIM2
SIM3
SIM4
1
21
22
SIM5
SIM1
SIM2
SIM3
SIM4
1
21
22
SIM5
SIM1
SIM2
SIM3
SIM4
1
21
22
SIM5
SIM1
SIM2
SIM3
SIM4
1
21
22
SIM5
SIM1
SIM2
SIM3
SIM4
1
21
22
SIM5
SIM1
SIM2
SIM3
SIM4
1
21
22
SIM5
SIM1
SIM2
SIM3
SIM4
1
21
22
SIM5
SIM1
SIM2
SIM3
SIM4
1
21
22
SIM5
SIM1
SIM2
SIM3
SIM4
1
21
22
SIM5
SIM1
SIM2
SIM3
SIM4
1
21
22
SIM5
SIM1
SIM2
SIM3
SIM4
1
21
22
SIM5
SIM1
SIM2
SIM3
SIM4
1
21
22
SIM5
SIM1
SIM2
SIM3
SIM4
1
21
22
SIM5
SIM1
SIM2
SIM3
SIM4
1
21
22
SIM5
SIM1
SIM2
SIM3
SIM4
1
21
22
SIM5
SIM1
SIM2
SIM3
SIM4
1
21
22
SIM5
SIM1
SIM2
SIM3
SIM4
1
21
22
SIM5
SIM1
SIM2
SIM3
SIM4
1
21
22
SIM5
SIM1
SIM2
SIM3
SIM4
1
21
22
SIM5
SIM1
SIM2
SIM3
SIM4
1
21
22
SIM5
SIM1
SIM2
SIM3
SIM4
1
21
22
SIM5
SIM1
SIM2
SIM3
SIM4
1
21
22
SIM5
SIM1
SIM2
SIM3
SIM4
1
21
22
SIM5
SIM1
SIM2
SIM3
SIM4
1
21
22
SIM5
SIM1
SIM2
SIM3
SIM4
1
21
22
SIM5
SIM1
SIM2
SIM3
SIM4
1
21
22
SIM5
SIM1
SIM2
SIM3
SIM4
1
21
22
SIM5
SIM1
SIM2
SIM3
SIM4
1
21
22
SIM5
SIM1
SIM2
SIM3
SIM4
1
21
22
SIM5
SIM1
SIM2
SIM3
SIM4
1
21
22
SIM5
SIM1
SIM2
SIM3
SIM4
1
21
22
SIM5
SIM1
SIM2
SIM3
SIM4
1
21
22
SIM5
SIM1
SIM2
SIM3
SIM4
1
21
22
SIM5
SIM1
SIM2
SIM3
SIM4
1
21
22
SIM5
SIM1
SIM2
SIM3
SIM4
1
21
22
SIM5
SIM1
SIM2
SIM3
SIM4
1
21
22
SIM5
SIM1
SIM2
SIM3
SIM4
1
21
22
SIM5
SIM1
SIM2
SIM3
SIM4
1
21
22
SIM5
SIM1
SIM2
SIM3
SIM4
1
21
22
SIM5
SIM1
SIM2
SIM3
SIM4
1
21
22
SIM5
SIM1
SIM2
SIM3
SIM4
1
21
22
SIM5
SIM1
SIM2
SIM3
SIM4
1
21
22
SIM5
SIM1
SIM2
SIM3
SIM4
1
21
22
SIM5
SIM1
SIM2
SIM3
SIM4
1
21
22
SIM5
SIM1
SIM2
SIM3
SIM4
1
21
22
SIM5
SIM1
SIM2
SIM3
SIM4
1
21
22
SIM5
SIM1
SIM2
SIM3
SIM4
1
21
22
SIM5
SIM1
SIM2
SIM3
SIM4
1
21
22
SIM5
SIM1
SIM2
SIM3
SIM4
1
21
22
SIM5
SIM1
SIM2
SIM3
SIM4
1
21
22
SIM5
SIM1
SIM2
SIM3
SIM4
1
21
22
SIM5
SIM1
SIM2
SIM3
SIM4
1
21
22
SIM5
SIM1
SIM2
SIM3
SIM4
1
21
22
SIM5
SIM1
SIM2
SIM3
SIM4
1
21
22
SIM5
SIM1
SIM2
SIM3
SIM4
1
21
22
SIM5
SIM1
SIM2
SIM3
SIM4
1
21
22
SIM5
SIM1
SIM2
SIM3
SIM4
1
21
22
SIM5
SIM1
SIM2
SIM3
SIM4
1
21
22
SIM5
SIM1
SIM2
SIM3
SIM4
1
21
22
SIM5
SIM1
SIM2
SIM3
SIM4
1
21
22
SIM5
SIM1
SIM2
SIM3
SIM4
1
21
22
SIM5
SIM1
SIM2
SIM3
SIM4
1
21
22
SIM5
SIM1
SIM2
SIM3
SIM4
1
21
22
SIM5
SIM1
SIM2
SIM3
SIM4
1
21
22
SIM5
SIM1
SIM2
SIM3
SIM4
1
21
22
SIM5
SIM1
SIM2
SIM3
SIM4
1
21
22
SIM5
SIM1
SIM2
SIM3
SIM4
1
21
22
SIM5
SIM1
SIM2
SIM3
SIM4
1
21
22
SIM5
SIM1
SIM2
SIM3
SIM4
1
21
22
SIM5
SIM1
SIM2
SIM3
SIM4
1
21
22
SIM5
SIM1
SIM2
SIM3
SIM4
1
21
22
SIM5
SIM1
SIM2
SIM3
SIM4
1
21
22
SIM5
SIM1
SIM2
SIM3
SIM4
1
21
22
SIM5
SIM1
SIM2
SIM3
SIM4
1
21
22
SIM5
SIM1
SIM2
SIM3
SIM4
1
21
22
SIM5
SIM1
SIM2
SIM3
SIM4
1
21
22
SIM5
SIM1
SIM2
SIM3
SIM4
1
21
22
SIM5
SIM1
SIM2
SIM3
SIM4
1
21
22
SIM5
SIM1
SIM2
SIM3
SIM4
1
21
22
SIM5
SIM1
SIM2
SIM3
SIM4
1
21
22
SIM5
SIM1
SIM2
SIM3
SIM4
1
21
22
SIM5
SIM1
SIM2
SIM3
SIM4
1
21
22
SIM5
SIM1
SIM2
SIM3
SIM4
1
21
22
SIM5
SIM1
SIM2
SIM3
SIM4
1
21
22
SIM5
SIM1
SIM2
SIM3
SIM4
1
21
22
SIM5
SIM1
SIM2
SIM3
SIM4
1
21
22
SIM5
SIM1
SIM2
SIM3
SIM4
1
21
22
SIM5
SIM1
SIM2
SIM3
SIM4
1
21
22
SIM5
SIM1
SIM2
SIM3
SIM4
1
21
22
SIM5
SIM1
SIM2
SIM3
SIM4
1
21
22
SIM5
SIM1
SIM2
SIM3
SIM4
1
21
22
SIM5
SIM1
SIM2
SIM3
SIM4
1
21
22
SIM5
SIM1
SIM2
SIM3
SIM4
1
21
22
SIM5
SIM1
SIM2
SIM3
SIM4
1
21
22
SIM5
SIM1
SIM2
SIM3
SIM4
1
21
22
SIM5
SIM1
SIM2
SIM3
SIM4
1
21
22
SIM5
SIM1
SIM2
SIM3
SIM4
1
21
22
SIM5
SIM1
SIM2
SIM3
SIM4
1
21
22
SIM5
SIM1
SIM2
SIM3
SIM4
1
21
22
SIM5
SIM1
SIM2
SIM3
SIM4
1
21
22
SIM5
SIM1
SIM2
SIM3
SIM4
1
21
22
SIM5
SIM1
SIM2
DEBUG 1 498
SIM1
SIM2
SIM3
SIM4
1
21
22
SIM5
SIM1
SIM2
SIM3
SIM4
1
21
22
SIM5
SIM1
SIM2
SIM3
SIM4
1
21
22
SIM5
SIM1
SIM2
SIM3
SIM4
1
21
22
SIM5
SIM1
SIM2
SIM3
SIM4
1
21
22
SIM5
SIM1
SIM2
SIM3
SIM4
1
21
22
SIM5
SIM1
SIM2
SIM3
SIM4
1
21
22
SIM5
SIM1
SIM2
SIM3
SIM4
1
21
22
SIM5
SIM1
SIM2
SIM3
SIM4
1
21
22
SIM5
SIM1
SIM2
SIM3
SIM4
1
21
22
SIM5
SIM1
SIM2
SIM3
SIM4
1
21
22
SIM5
SIM1
SIM2
SIM3
SIM4
1
21
22
SIM5
SIM1
SIM2
SIM3
SIM4
1
21
22
SIM5
SIM1
SIM2
SIM3
SIM4
1
21
22
SIM5
SIM1
SIM2
SIM3
SIM4
1
21
22
SIM5
SIM1
SIM2
SIM3
SIM4
1
21
22
SIM5
SIM1
SIM2
SIM3
SIM4
1
21
22
SIM5
SIM1
SIM2
SIM3
SIM4
1
21
22
SIM5
SIM1
SIM2
SIM3
SIM4
1
21
22
SIM5
SIM1
SIM2
SIM3
SIM4
1
21
22
SIM5
SIM1
SIM2
SIM3
SIM4
1
21
22
SIM5
SIM1
SIM2
SIM3
SIM4
1
21
22
SIM5
SIM1
SIM2
SIM3
SIM4
1
21
22
SIM5
SIM1
SIM2
SIM3
SIM4
1
21
22
SIM5
SIM1
SIM2
SIM3
SIM4
1
21
22
SIM5
SIM1
SIM2
SIM3
SIM4
1
21
22
SIM5
SIM1
SIM2
SIM3
SIM4
1
21
22
SIM5
SIM1
SIM2
SIM3
SIM4
1
21
22
SIM5
SIM1
SIM2
SIM3
SIM4
1
21
22
SIM5
SIM1
SIM2
SIM3
SIM4
1
21
22
SIM5
SIM1
SIM2
SIM3
SIM4
1
21
22
SIM5
SIM1
SIM2
SIM3
SIM4
1
21
22
SIM5
SIM1
SIM2
SIM3
SIM4
1
21
22
SIM5
SIM1
SIM2
SIM3
SIM4
1
21
22
SIM5
SIM1
SIM2
SIM3
SIM4
1
21
22
SIM5
SIM1
SIM2
SIM3
SIM4
1
21
22
SIM5
SIM1
SIM2
SIM3
SIM4
1
21
22
SIM5
SIM1
SIM2
SIM3
SIM4
1
21
22
SIM5
SIM1
SIM2
SIM3
SIM4
1
21
22
SIM5
SIM1
SIM2
SIM3
SIM4
1
21
22
SIM5
SIM1
SIM2
SIM3
SIM4
1
21
22
SIM5
SIM1
SIM2
SIM3
SIM4
1
21
22
SIM5
SIM1
SIM2
SIM3
SIM4
1
21
22
SIM5
SIM1
SIM2
SIM3
SIM4
1
21
22
SIM5
SIM1
SIM2
SIM3
SIM4
1
21
22
SIM5
SIM1
SIM2
SIM3
SIM4
1
21
22
SIM5
SIM1
SIM2
SIM3
SIM4
1
21
22
SIM5
SIM1
SIM2
SIM3
SIM4
1
21
22
SIM5
SIM1
SIM2
SIM3
SIM4
1
21
22
SIM5
SIM1
SIM2
SIM3
SIM4
1
21
22
SIM5
SIM1
SIM2
SIM3
SIM4
1
21
22
SIM5
SIM1
SIM2
SIM3
SIM4
1
21
22
SIM5
SIM1
SIM2
SIM3
SIM4
1
21
22
SIM5
SIM1
SIM2
SIM3
SIM4
1
21
22
SIM5
SIM1
SIM2
SIM3
SIM4
1
21
22
SIM5
SIM1
SIM2
SIM3
SIM4
1
21
22
SIM5
SIM1
SIM2
SIM3
SIM4
1
21
22
SIM5
SIM1
SIM2
SIM3
SIM4
1
21
22
SIM5
SIM1
SIM2
SIM3
SIM4
1
21
22
SIM5
SIM1
SIM2
SIM3
SIM4
1
21
22
SIM5
SIM1
SIM2
SIM3
SIM4
1
21
22
SIM5
SIM1
SIM2
SIM3
SIM4
1
21
22
SIM5
SIM1
SIM2
SIM3
SIM4
1
21
22
SIM5
SIM1
SIM2
SIM3
SIM4
1
21
22
SIM5
SIM1
SIM2
SIM3
SIM4
1
21
22
SIM5
SIM1
SIM2
SIM3
SIM4
1
21
22
SIM5
SIM1
SIM2
SIM3
SIM4
1
21
22
SIM5
SIM1
SIM2
SIM3
SIM4
1
21
22
SIM5
SIM1
SIM2
SIM3
SIM4
1
21
22
SIM5
SIM1
SIM2
SIM3
SIM4
1
21
22
SIM5
SIM1
SIM2
SIM3
SIM4
1
21
22
SIM5
SIM1
SIM2
SIM3
SIM4
1
21
22
SIM5
SIM1
SIM2
SIM3
SIM4
1
21
22
SIM5
SIM1
SIM2
SIM3
SIM4
1
21
22
SIM5
SIM1
SIM2
SIM3
SIM4
1
21
22
SIM5
SIM1
SIM2
SIM3
SIM4
1
21
22
SIM5
SIM1
SIM2
SIM3
SIM4
1
21
22
SIM5
SIM1
SIM2
SIM3
SIM4
1
21
22
SIM5
SIM1
SIM2
SIM3
SIM4
1
21
22
SIM5
SIM1
SIM2
SIM3
SIM4
1
21
22
SIM5
SIM1
SIM2
SIM3
SIM4
1
21
22
SIM5
SIM1
SIM2
SIM3
SIM4
1
21
22
SIM5
SIM1
SIM2
SIM3
SIM4
1
21
22
SIM5
SIM1
SIM2
SIM3
SIM4
1
21
22
SIM5
SIM1
SIM2
SIM3
SIM4
1
21
22
SIM5
SIM1
SIM2
SIM3
SIM4
1
21
22
SIM5
SIM1
SIM2
SIM3
SIM4
1
21
22
SIM5
SIM1
SIM2
SIM3
SIM4
1
21
22
SIM5
SIM1
SIM2
SIM3
SIM4
1
21
22
SIM5
SIM1
SIM2
SIM3
SIM4
1
21
22
SIM5
SIM1
SIM2
SIM3
SIM4
1
21
22
SIM5
SIM1
SIM2
SIM3
SIM4
1
21
22
SIM5
SIM1
SIM2
SIM3
SIM4
1
21
22
SIM5
SIM1
SIM2
SIM3
SIM4
1
21
22
SIM5
SIM1
SIM2
SIM3
SIM4
1
21
22
SIM5
SIM1
SIM2
SIM3
SIM4
1
21
22
SIM5
SIM1
SIM2
SIM3
SIM4
1
21
22
SIM5
SIM1
SIM2
SIM3
SIM4
1
21
22
SIM5
SIM1
SIM2
SIM3
SIM4
1
21
22
SIM5
SIM1
SIM2
SIM3
SIM4
1
21
22
SIM5
SIM1
SIM2
SIM3
SIM4
1
21
22
SIM5
SIM1
SIM2
SIM3
SIM4
1
21
22
SIM5
SIM1
SIM2
SIM3
SIM4
1
21
22
SIM5
SIM1
SIM2
SIM3
SIM4
1
21
22
SIM5
SIM1
SIM2
SIM3
SIM4
1
21
22
SIM5
SIM1
SIM2
SIM3
SIM4
1
21
22
SIM5
SIM1
SIM2
SIM3
SIM4
1
21
22
SIM5
SIM1
SIM2
SIM3
SIM4
1
21
22
SIM5
SIM1
SIM2
SIM3
SIM4
1
21
22
SIM5
SIM1
SIM2
SIM3
SIM4
1
21
22
SIM5
SIM1
SIM2
SIM3
SIM4
1
21
22
SIM5
SIM1
SIM2
SIM3
SIM4
1
21
22
SIM5
SIM1
SIM2
SIM3
SIM4
1
21
22
SIM5
SIM1
SIM2
SIM3
SIM4
1
21
22
SIM5
SIM1
SIM2
SIM3
SIM4
1
21
22
SIM5
SIM1
SIM2
SIM3
SIM4
1
21
22
SIM5
SIM1
SIM2
SIM3
SIM4
1
21
22
SIM5
SIM1
SIM2
SIM3
SIM4
1
21
22
SIM5
SIM1
SIM2
SIM3
SIM4
1
21
22
SIM5
SIM1
SIM2
SIM3
SIM4
1
21
22
SIM5
SIM1
SIM2
SIM3
SIM4
1
21
22
SIM5
SIM1
SIM2
SIM3
SIM4
1
21
22
SIM5
SIM1
SIM2
SIM3
SIM4
1
21
22
SIM5
SIM1
SIM2
SIM3
SIM4
1
21
22
SIM5
SIM1
SIM2
SIM3
SIM4
1
21
22
SIM5
SIM1
SIM2
SIM3
SIM4
1
21
22
SIM5
SIM1
SIM2
SIM3
SIM4
1
21
22
SIM5
SIM1
SIM2
SIM3
SIM4
1
21
22
SIM5
SIM1
SIM2
SIM3
SIM4
1
21
22
SIM5
SIM1
SIM2
SIM3
SIM4
1
21
22
SIM5
SIM1
SIM2
SIM3
SIM4
1
21
22
SIM5
SIM1
SIM2
SIM3
SIM4
1
21
22
SIM5
SIM1
SIM2
DEBUG 1 499
SIM1
SIM2
SIM3
SIM4
1
21
22
SIM5
SIM1
SIM2
SIM3
SIM4
1
21
22
SIM5
SIM1
SIM2
SIM3
SIM4
1
21
22
SIM5
SIM1
SIM2
SIM3
SIM4
1
21
22
SIM5
SIM1
SIM2
SIM3
SIM4
1
21
22
SIM5
SIM1
SIM2
SIM3
SIM4
1
21
22
SIM5
SIM1
SIM2
SIM3
SIM4
1
21
22
SIM5
SIM1
SIM2
SIM3
SIM4
1
21
22
SIM5
SIM1
SIM2
SIM3
SIM4
1
21
22
SIM5
SIM1
SIM2
SIM3
SIM4
1
21
22
SIM5
SIM1
SIM2
SIM3
SIM4
1
21
22
SIM5
SIM1
SIM2
SIM3
SIM4
1
21
22
SIM5
SIM1
SIM2
SIM3
SIM4
1
21
22
SIM5
SIM1
SIM2
SIM3
SIM4
1
21
22
SIM5
SIM1
SIM2
SIM3
SIM4
1
21
22
SIM5
SIM1
SIM2
SIM3
SIM4
1
21
22
SIM5
SIM1
SIM2
SIM3
SIM4
1
21
22
SIM5
SIM1
SIM2
SIM3
SIM4
1
21
22
SIM5
SIM1
SIM2
SIM3
SIM4
1
21
22
SIM5
SIM1
SIM2
SIM3
SIM4
1
21
22
SIM5
SIM1
SIM2
SIM3
SIM4
1
21
22
SIM5
SIM1
SIM2
SIM3
SIM4
1
21
22
SIM5
SIM1
SIM2
SIM3
SIM4
1
21
22
SIM5
SIM1
SIM2
SIM3
SIM4
1
21
22
SIM5
SIM1
SIM2
SIM3
SIM4
1
21
22
SIM5
SIM1
SIM2
SIM3
SIM4
1
21
22
SIM5
SIM1
SIM2
SIM3
SIM4
1
21
22
SIM5
SIM1
SIM2
SIM3
SIM4
1
21
22
SIM5
SIM1
SIM2
SIM3
SIM4
1
21
22
SIM5
SIM1
SIM2
SIM3
SIM4
1
21
22
SIM5
SIM1
SIM2
SIM3
SIM4
1
21
22
SIM5
SIM1
SIM2
SIM3
SIM4
1
21
22
SIM5
SIM1
SIM2
SIM3
SIM4
1
21
22
SIM5
SIM1
SIM2
SIM3
SIM4
1
21
22
SIM5
SIM1
SIM2
SIM3
SIM4
1
21
22
SIM5
SIM1
SIM2
SIM3
SIM4
1
21
22
SIM5
SIM1
SIM2
SIM3
SIM4
1
21
22
SIM5
SIM1
SIM2
SIM3
SIM4
1
21
22
SIM5
SIM1
SIM2
SIM3
SIM4
1
21
22
SIM5
SIM1
SIM2
SIM3
SIM4
1
21
22
SIM5
SIM1
SIM2
SIM3
SIM4
1
21
22
SIM5
SIM1
SIM2
SIM3
SIM4
1
21
22
SIM5
SIM1
SIM2
SIM3
SIM4
1
21
22
SIM5
SIM1
SIM2
SIM3
SIM4
1
21
22
SIM5
SIM1
SIM2
SIM3
SIM4
1
21
22
SIM5
SIM1
SIM2
SIM3
SIM4
1
21
22
SIM5
SIM1
SIM2
SIM3
SIM4
1
21
22
SIM5
SIM1
SIM2
SIM3
SIM4
1
21
22
SIM5
SIM1
SIM2
SIM3
SIM4
1
21
22
SIM5
SIM1
SIM2
SIM3
SIM4
1
21
22
SIM5
SIM1
SIM2
SIM3
SIM4
1
21
22
SIM5
SIM1
SIM2
SIM3
SIM4
1
21
22
SIM5
SIM1
SIM2
SIM3
SIM4
1
21
22
SIM5
SIM1
SIM2
SIM3
SIM4
1
21
22
SIM5
SIM1
SIM2
SIM3
SIM4
1
21
22
SIM5
SIM1
SIM2
SIM3
SIM4
1
21
22
SIM5
SIM1
SIM2
SIM3
SIM4
1
21
22
SIM5
SIM1
SIM2
SIM3
SIM4
1
21
22
SIM5
SIM1
SIM2
SIM3
SIM4
1
21
22
SIM5
SIM1
SIM2
SIM3
SIM4
1
21
22
SIM5
SIM1
SIM2
SIM3
SIM4
1
21
22
SIM5
SIM1
SIM2
SIM3
SIM4
1
21
22
SIM5
SIM1
SIM2
SIM3
SIM4
1
21
22
SIM5
SIM1
SIM2
SIM3
SIM4
1
21
22
SIM5
SIM1
SIM2
SIM3
SIM4
1
21
22
SIM5
SIM1
SIM2
SIM3
SIM4
1
21
22
SIM5
SIM1
SIM2
SIM3
SIM4
1
21
22
SIM5
SIM1
SIM2
SIM3
SIM4
1
21
22
SIM5
SIM1
SIM2
SIM3
SIM4
1
21
22
SIM5
SIM1
SIM2
SIM3
SIM4
1
21
22
SIM5
SIM1
SIM2
SIM3
SIM4
1
21
22
SIM5
SIM1
SIM2
SIM3
SIM4
1
21
22
SIM5
SIM1
SIM2
SIM3
SIM4
1
21
22
SIM5
SIM1
SIM2
SIM3
SIM4
1
21
22
SIM5
SIM1
SIM2
SIM3
SIM4
1
21
22
SIM5
SIM1
SIM2
SIM3
SIM4
1
21
22
SIM5
SIM1
SIM2
SIM3
SIM4
1
21
22
SIM5
SIM1
SIM2
SIM3
SIM4
1
21
22
SIM5
SIM1
SIM2
SIM3
SIM4
1
21
22
SIM5
SIM1
SIM2
SIM3
SIM4
1
21
22
SIM5
SIM1
SIM2
SIM3
SIM4
1
21
22
SIM5
SIM1
SIM2
SIM3
SIM4
1
21
22
SIM5
SIM1
SIM2
SIM3
SIM4
1
21
22
SIM5
SIM1
SIM2
SIM3
SIM4
1
21
22
SIM5
SIM1
SIM2
SIM3
SIM4
1
21
22
SIM5
SIM1
SIM2
SIM3
SIM4
1
21
22
SIM5
SIM1
SIM2
SIM3
SIM4
1
21
22
SIM5
SIM1
SIM2
SIM3
SIM4
1
21
22
SIM5
SIM1
SIM2
SIM3
SIM4
1
21
22
SIM5
SIM1
SIM2
SIM3
SIM4
1
21
22
SIM5
SIM1
SIM2
SIM3
SIM4
1
21
22
SIM5
SIM1
SIM2
SIM3
SIM4
1
21
22
SIM5
SIM1
SIM2
DEBUG 1 500
SIM1
SIM2
SIM3
SIM4
1
21
22
SIM5
SIM1
SIM2
SIM3
SIM4
1
21
22
SIM5
SIM1
SIM2
SIM3
SIM4
1
21
22
SIM5
SIM1
SIM2
SIM3
SIM4
1
21
22
SIM5
SIM1
SIM2
SIM3
SIM4
1
21
22
SIM5
SIM1
SIM2
SIM3
SIM4
1
21
22
SIM5
SIM1
SIM2
SIM3
SIM4
1
21
22
SIM5
SIM1
SIM2
SIM3
SIM4
1
21
22
SIM5
SIM1
SIM2
SIM3
SIM4
1
21
22
SIM5
SIM1
SIM2
SIM3
SIM4
1
21
22
SIM5
SIM1
SIM2
SIM3
SIM4
1
21
22
SIM5
SIM1
SIM2
SIM3
SIM4
1
21
22
SIM5
SIM1
SIM2
SIM3
SIM4
1
21
22
SIM5
SIM1
SIM2
SIM3
SIM4
1
21
22
SIM5
SIM1
SIM2
SIM3
SIM4
1
21
22
SIM5
SIM1
SIM2
SIM3
SIM4
1
21
22
SIM5
SIM1
SIM2
SIM3
SIM4
1
21
22
SIM5
SIM1
SIM2
SIM3
SIM4
1
21
22
SIM5
SIM1
SIM2
SIM3
SIM4
1
21
22
SIM5
SIM1
SIM2
SIM3
SIM4
1
21
22
SIM5
SIM1
SIM2
SIM3
SIM4
1
21
22
SIM5
SIM1
SIM2
SIM3
SIM4
1
21
22
SIM5
SIM1
SIM2
SIM3
SIM4
1
21
22
SIM5
SIM1
SIM2
SIM3
SIM4
1
21
22
SIM5
SIM1
SIM2
SIM3
SIM4
1
21
22
SIM5
SIM1
SIM2
SIM3
SIM4
1
21
22
SIM5
SIM1
SIM2
SIM3
SIM4
1
21
22
SIM5
SIM1
SIM2
SIM3
SIM4
1
21
22
SIM5
SIM1
SIM2
SIM3
SIM4
1
21
22
SIM5
SIM1
SIM2
SIM3
SIM4
1
21
22
SIM5
SIM1
SIM2
SIM3
SIM4
1
21
22
SIM5
SIM1
SIM2
SIM3
SIM4
1
21
22
SIM5
SIM1
SIM2
SIM3
SIM4
1
21
22
SIM5
SIM1
SIM2
SIM3
SIM4
1
21
22
SIM5
SIM1
SIM2
SIM3
SIM4
1
21
22
SIM5
SIM1
SIM2
SIM3
SIM4
1
21
22
SIM5
SIM1
SIM2
SIM3
SIM4
1
21
22
SIM5
SIM1
SIM2
SIM3
SIM4
1
21
22
SIM5
SIM1
SIM2
SIM3
SIM4
1
21
22
SIM5
SIM1
SIM2
SIM3
SIM4
1
21
22
SIM5
SIM1
SIM2
SIM3
SIM4
1
21
22
SIM5
SIM1
SIM2
SIM3
SIM4
1
21
22
SIM5
SIM1
SIM2
SIM3
SIM4
1
21
22
SIM5
SIM1
SIM2
SIM3
SIM4
1
21
22
SIM5
SIM1
SIM2
SIM3
SIM4
1
21
22
SIM5
SIM1
SIM2
SIM3
SIM4
1
21
22
SIM5
SIM1
SIM2
SIM3
SIM4
1
21
22
SIM5
SIM1
SIM2
SIM3
SIM4
1
21
22
SIM5
SIM1
SIM2
SIM3
SIM4
1
21
22
SIM5
SIM1
SIM2
SIM3
SIM4
1
21
22
SIM5
SIM1
SIM2
SIM3
SIM4
1
21
22
SIM5
SIM1
SIM2
SIM3
SIM4
1
21
22
SIM5
SIM1
SIM2
SIM3
SIM4
1
21
22
SIM5
SIM1
SIM2
SIM3
SIM4
1
21
22
SIM5
SIM1
SIM2
SIM3
SIM4
1
21
22
SIM5
SIM1
SIM2
SIM3
SIM4
1
21
22
SIM5
SIM1
SIM2
SIM3
SIM4
1
21
22
SIM5
SIM1
SIM2
SIM3
SIM4
1
21
22
SIM5
SIM1
SIM2
SIM3
SIM4
1
21
22
SIM5
SIM1
SIM2
SIM3
SIM4
1
21
22
SIM5
SIM1
SIM2
SIM3
SIM4
1
21
22
SIM5
SIM1
SIM2
SIM3
SIM4
1
21
22
SIM5
SIM1
SIM2
SIM3
SIM4
1
21
22
SIM5
SIM1
SIM2
SIM3
SIM4
1
21
22
SIM5
SIM1
SIM2
SIM3
SIM4
1
21
22
SIM5
SIM1
SIM2
SIM3
SIM4
1
21
22
SIM5
SIM1
SIM2
SIM3
SIM4
1
21
22
SIM5
SIM1
SIM2
SIM3
SIM4
1
21
22
SIM5
SIM1
SIM2
SIM3
SIM4
1
21
22
SIM5
SIM1
SIM2
SIM3
SIM4
1
21
22
SIM5
SIM1
SIM2
SIM3
SIM4
1
21
22
SIM5
SIM1
SIM2
SIM3
SIM4
1
21
22
SIM5
SIM1
SIM2
SIM3
SIM4
1
21
22
SIM5
SIM1
SIM2
SIM3
SIM4
1
21
22
SIM5
SIM1
SIM2
SIM3
SIM4
1
21
22
SIM5
SIM1
SIM2
SIM3
SIM4
1
21
22
SIM5
SIM1
SIM2
SIM3
SIM4
1
21
22
SIM5
SIM1
SIM2
SIM3
SIM4
1
21
22
SIM5
SIM1
SIM2
SIM3
SIM4
1
21
22
SIM5
SIM1
SIM2
SIM3
SIM4
1
21
22
SIM5
SIM1
SIM2
SIM3
SIM4
1
21
22
SIM5
SIM1
SIM2
SIM3
SIM4
1
21
22
SIM5
SIM1
SIM2
SIM3
SIM4
1
21
22
SIM5
SIM1
SIM2
SIM3
SIM4
1
21
22
SIM5
SIM1
SIM2
SIM3
SIM4
1
21
22
SIM5
SIM1
SIM2
SIM3
SIM4
1
21
22
SIM5
SIM1
SIM2
SIM3
SIM4
1
21
22
SIM5
SIM1
SIM2
SIM3
SIM4
1
21
22
SIM5
SIM1
SIM2
SIM3
SIM4
1
21
22
SIM5
SIM1
SIM2
SIM3
SIM4
1
21
22
SIM5
SIM1
SIM2
SIM3
SIM4
1
21
22
SIM5
SIM1
SIM2
SIM3
SIM4
1
21
22
SIM5
SIM1
SIM2
SIM3
SIM4
1
21
22
SIM5
SIM1
SIM2
SIM3
SIM4
1
21
22
SIM5
SIM1
SIM2
SIM3
SIM4
1
21
22
SIM5
SIM1
SIM2
SIM3
SIM4
1
21
22
SIM5
SIM1
SIM2
SIM3
SIM4
1
21
22
SIM5
SIM1
SIM2
SIM3
SIM4
1
21
22
SIM5
SIM1
SIM2
SIM3
SIM4
1
21
22
SIM5
SIM1
SIM2
SIM3
SIM4
1
21
22
SIM5
SIM1
SIM2
SIM3
SIM4
1
21
22
SIM5
SIM1
SIM2
SIM3
SIM4
1
21
22
SIM5
SIM1
SIM2
SIM3
SIM4
1
21
22
SIM5
SIM1
SIM2
SIM3
SIM4
1
21
22
SIM5
SIM1
SIM2
SIM3
SIM4
1
21
22
SIM5
SIM1
SIM2
SIM3
SIM4
1
21
22
SIM5
SIM1
SIM2
SIM3
SIM4
1
21
22
SIM5
SIM1
SIM2
SIM3
SIM4
1
21
22
SIM5
SIM1
SIM2
SIM3
SIM4
1
21
22
SIM5
SIM1
SIM2
SIM3
SIM4
1
21
22
SIM5
SIM1
SIM2
SIM3
SIM4
1
21
22
SIM5
SIM1
SIM2
SIM3
SIM4
1
21
22
SIM5
SIM1
SIM2
SIM3
SIM4
1
21
22
SIM5
SIM1
SIM2
SIM3
SIM4
1
21
22
SIM5
SIM1
SIM2
SIM3
SIM4
1
21
22
SIM5
SIM1
SIM2
SIM3
SIM4
1
21
22
SIM5
SIM1
SIM2
SIM3
SIM4
1
21
22
SIM5
SIM1
SIM2
SIM3
SIM4
1
21
22
SIM5
SIM1
SIM2
SIM3
SIM4
1
21
22
SIM5
SIM1
SIM2
SIM3
SIM4
1
21
22
SIM5
SIM1
SIM2
SIM3
SIM4
1
21
22
SIM5
SIM1
SIM2
SIM3
SIM4
1
21
22
SIM5
SIM1
SIM2
SIM3
SIM4
1
21
22
SIM5
SIM1
SIM2
SIM3
SIM4
1
21
22
SIM5
SIM1
SIM2
SIM3
SIM4
1
21
22
SIM5
SIM1
SIM2
SIM3
SIM4
1
21
22
SIM5
SIM1
SIM2
SIM3
SIM4
1
21
22
SIM5
SIM1
SIM2
SIM3
SIM4
1
21
22
SIM5
SIM1
SIM2
SIM3
SIM4
1
21
22
SIM5
SIM1
SIM2
SIM3
SIM4
1
21
22
SIM5
SIM1
SIM2
SIM3
SIM4
1
21
22
SIM5
SIM1
SIM2
SIM3
SIM4
1
21
22
SIM5
SIM1
SIM2
SIM3
SIM4
1
21
22
SIM5
SIM1
SIM2
SIM3
SIM4
1
21
22
SIM5
SIM1
SIM2
SIM3
SIM4
1
21
22
SIM5
SIM1
SIM2
SIM3
SIM4
1
21
22
SIM5
SIM1
SIM2
SIM3
SIM4
1
21
22
SIM5
SIM1
SIM2
SIM3
SIM4
1
21
22
SIM5
SIM1
SIM2
SIM3
SIM4
1
21
22
SIM5
SIM1
SIM2
SIM3
SIM4
1
21
22
SIM5
SIM1
SIM2
SIM3
SIM4
1
21
22
SIM5
SIM1
SIM2
SIM3
SIM4
1
21
22
SIM5
SIM1
SIM2
SIM3
SIM4
1
21
22
SIM5
SIM1
SIM2
SIM3
SIM4
1
21
22
SIM5
SIM1
SIM2
SIM3
SIM4
1
21
22
SIM5
SIM1
SIM2
SIM3
SIM4
1
21
22
SIM5
SIM1
SIM2
SIM3
SIM4
1
21
22
SIM5
SIM1
SIM2
DEBUG 1 501
SIM1
SIM2
SIM3
SIM4
1
21
22
SIM5
SIM1
SIM2
SIM3
SIM4
1
21
22
SIM5
SIM1
SIM2
SIM3
SIM4
1
21
22
SIM5
SIM1
SIM2
SIM3
SIM4
1
21
22
SIM5
SIM1
SIM2
SIM3
SIM4
1
21
22
SIM5
SIM1
SIM2
SIM3
SIM4
1
21
22
SIM5
SIM1
SIM2
SIM3
SIM4
1
21
22
SIM5
SIM1
SIM2
SIM3
SIM4
1
21
22
SIM5
SIM1
SIM2
SIM3
SIM4
1
21
22
SIM5
SIM1
SIM2
SIM3
SIM4
1
21
22
SIM5
SIM1
SIM2
SIM3
SIM4
1
21
22
SIM5
SIM1
SIM2
SIM3
SIM4
1
21
22
SIM5
SIM1
SIM2
SIM3
SIM4
1
21
22
SIM5
SIM1
SIM2
SIM3
SIM4
1
21
22
SIM5
SIM1
SIM2
SIM3
SIM4
1
21
22
SIM5
SIM1
SIM2
SIM3
SIM4
1
21
22
SIM5
SIM1
SIM2
SIM3
SIM4
1
21
22
SIM5
SIM1
SIM2
SIM3
SIM4
1
21
22
SIM5
SIM1
SIM2
SIM3
SIM4
1
21
22
SIM5
SIM1
SIM2
SIM3
SIM4
1
21
22
SIM5
SIM1
SIM2
SIM3
SIM4
1
21
22
SIM5
SIM1
SIM2
SIM3
SIM4
1
21
22
SIM5
SIM1
SIM2
SIM3
SIM4
1
21
22
SIM5
SIM1
SIM2
SIM3
SIM4
1
21
22
SIM5
SIM1
SIM2
SIM3
SIM4
1
21
22
SIM5
SIM1
SIM2
SIM3
SIM4
1
21
22
SIM5
SIM1
SIM2
SIM3
SIM4
1
21
22
SIM5
SIM1
SIM2
SIM3
SIM4
1
21
22
SIM5
SIM1
SIM2
SIM3
SIM4
1
21
22
SIM5
SIM1
SIM2
SIM3
SIM4
1
21
22
SIM5
SIM1
SIM2
SIM3
SIM4
1
21
22
SIM5
SIM1
SIM2
SIM3
SIM4
1
21
22
SIM5
SIM1
SIM2
SIM3
SIM4
1
21
22
SIM5
SIM1
SIM2
SIM3
SIM4
1
21
22
SIM5
SIM1
SIM2
SIM3
SIM4
1
21
22
SIM5
SIM1
SIM2
SIM3
SIM4
1
21
22
SIM5
SIM1
SIM2
SIM3
SIM4
1
21
22
SIM5
SIM1
SIM2
SIM3
SIM4
1
21
22
SIM5
SIM1
SIM2
SIM3
SIM4
1
21
22
SIM5
SIM1
SIM2
SIM3
SIM4
1
21
22
SIM5
SIM1
SIM2
SIM3
SIM4
1
21
22
SIM5
SIM1
SIM2
SIM3
SIM4
1
21
22
SIM5
SIM1
SIM2
SIM3
SIM4
1
21
22
SIM5
SIM1
SIM2
SIM3
SIM4
1
21
22
SIM5
SIM1
SIM2
SIM3
SIM4
1
21
22
SIM5
SIM1
SIM2
SIM3
SIM4
1
21
22
SIM5
SIM1
SIM2
SIM3
SIM4
1
21
22
SIM5
SIM1
SIM2
SIM3
SIM4
1
21
22
SIM5
SIM1
SIM2
SIM3
SIM4
1
21
22
SIM5
SIM1
SIM2
SIM3
SIM4
1
21
22
SIM5
SIM1
SIM2
SIM3
SIM4
1
21
22
SIM5
SIM1
SIM2
SIM3
SIM4
1
21
22
SIM5
SIM1
SIM2
SIM3
SIM4
1
21
22
SIM5
SIM1
SIM2
SIM3
SIM4
1
21
22
SIM5
SIM1
SIM2
SIM3
SIM4
1
21
22
SIM5
SIM1
SIM2
SIM3
SIM4
1
21
22
SIM5
SIM1
SIM2
SIM3
SIM4
1
21
22
SIM5
SIM1
SIM2
SIM3
SIM4
1
21
22
SIM5
SIM1
SIM2
SIM3
SIM4
1
21
22
SIM5
SIM1
SIM2
SIM3
SIM4
1
21
22
SIM5
SIM1
SIM2
SIM3
SIM4
1
21
22
SIM5
SIM1
SIM2
SIM3
SIM4
1
21
22
SIM5
SIM1
SIM2
SIM3
SIM4
1
21
22
SIM5
SIM1
SIM2
SIM3
SIM4
1
21
22
SIM5
SIM1
SIM2
SIM3
SIM4
1
21
22
SIM5
SIM1
SIM2
SIM3
SIM4
1
21
22
SIM5
SIM1
SIM2
SIM3
SIM4
1
21
22
SIM5
SIM1
SIM2
SIM3
SIM4
1
21
22
SIM5
SIM1
SIM2
SIM3
SIM4
1
21
22
SIM5
SIM1
SIM2
SIM3
SIM4
1
21
22
SIM5
SIM1
SIM2
SIM3
SIM4
1
21
22
SIM5
SIM1
SIM2
SIM3
SIM4
1
21
22
SIM5
SIM1
SIM2
SIM3
SIM4
1
21
22
SIM5
SIM1
SIM2
SIM3
SIM4
1
21
22
SIM5
SIM1
SIM2
SIM3
SIM4
1
21
22
SIM5
SIM1
SIM2
SIM3
SIM4
1
21
22
SIM5
SIM1
SIM2
SIM3
SIM4
1
21
22
SIM5
SIM1
SIM2
SIM3
SIM4
1
21
22
SIM5
SIM1
SIM2
SIM3
SIM4
1
21
22
SIM5
SIM1
SIM2
SIM3
SIM4
1
21
22
SIM5
SIM1
SIM2
SIM3
SIM4
1
21
22
SIM5
SIM1
SIM2
SIM3
SIM4
1
21
22
SIM5
SIM1
SIM2
SIM3
SIM4
1
21
22
SIM5
SIM1
SIM2
SIM3
SIM4
1
21
22
SIM5
SIM1
SIM2
SIM3
SIM4
1
21
22
SIM5
SIM1
SIM2
SIM3
SIM4
1
21
22
SIM5
SIM1
SIM2
SIM3
SIM4
1
21
22
SIM5
SIM1
SIM2
SIM3
SIM4
1
21
22
SIM5
SIM1
SIM2
SIM3
SIM4
1
21
22
SIM5
SIM1
SIM2
SIM3
SIM4
1
21
22
SIM5
SIM1
SIM2
SIM3
SIM4
1
21
22
SIM5
SIM1
SIM2
SIM3
SIM4
1
21
22
SIM5
SIM1
SIM2
SIM3
SIM4
1
21
22
SIM5
SIM1
SIM2
SIM3
SIM4
1
21
22
SIM5
SIM1
SIM2
SIM3
SIM4
1
21
22
SIM5
SIM1
SIM2
SIM3
SIM4
1
21
22
SIM5
SIM1
SIM2
SIM3
SIM4
1
21
22
SIM5
SIM1
SIM2
SIM3
SIM4
1
21
22
SIM5
SIM1
SIM2
SIM3
SIM4
1
21
22
SIM5
SIM1
SIM2
SIM3
SIM4
1
21
22
SIM5
SIM1
SIM2
SIM3
SIM4
1
21
22
SIM5
SIM1
SIM2
SIM3
SIM4
1
21
22
SIM5
SIM1
SIM2
SIM3
SIM4
1
21
22
SIM5
SIM1
SIM2
SIM3
SIM4
1
21
22
SIM5
SIM1
SIM2
SIM3
SIM4
1
21
22
SIM5
SIM1
SIM2
SIM3
SIM4
1
21
22
SIM5
SIM1
SIM2
SIM3
SIM4
1
21
22
SIM5
SIM1
SIM2
SIM3
SIM4
1
21
22
SIM5
SIM1
SIM2
SIM3
SIM4
1
21
22
SIM5
SIM1
SIM2
SIM3
SIM4
1
21
22
SIM5
SIM1
SIM2
SIM3
SIM4
1
21
22
SIM5
SIM1
SIM2
SIM3
SIM4
1
21
22
SIM5
SIM1
SIM2
SIM3
SIM4
1
21
22
SIM5
SIM1
SIM2
SIM3
SIM4
1
21
22
SIM5
SIM1
SIM2
SIM3
SIM4
1
21
22
SIM5
SIM1
SIM2
SIM3
SIM4
1
21
22
SIM5
SIM1
SIM2
SIM3
SIM4
1
21
22
SIM5
SIM1
SIM2
SIM3
SIM4
1
21
22
SIM5
SIM1
SIM2
SIM3
SIM4
1
21
22
SIM5
SIM1
SIM2
SIM3
SIM4
1
21
22
SIM5
SIM1
SIM2
SIM3
SIM4
1
21
22
SIM5
SIM1
SIM2
SIM3
SIM4
1
21
22
SIM5
SIM1
SIM2
SIM3
SIM4
1
21
22
SIM5
SIM1
SIM2
SIM3
SIM4
1
21
22
SIM5
SIM1
SIM2
SIM3
SIM4
1
21
22
SIM5
SIM1
SIM2
SIM3
SIM4
1
21
22
SIM5
SIM1
SIM2
SIM3
SIM4
1
21
22
SIM5
SIM1
SIM2
SIM3
SIM4
1
21
22
SIM5
SIM1
SIM2
SIM3
SIM4
1
21
22
SIM5
SIM1
SIM2
SIM3
SIM4
1
21
22
SIM5
SIM1
SIM2
SIM3
SIM4
1
21
22
SIM5
SIM1
SIM2
SIM3
SIM4
1
21
22
SIM5
SIM1
SIM2
SIM3
SIM4
1
21
22
SIM5
SIM1
SIM2
SIM3
SIM4
1
21
22
SIM5
SIM1
SIM2
SIM3
SIM4
1
21
22
SIM5
SIM1
SIM2
SIM3
SIM4
1
21
22
SIM5
SIM1
SIM2
SIM3
SIM4
1
21
22
SIM5
SIM1
SIM2
SIM3
SIM4
1
21
22
SIM5
SIM1
SIM2
SIM3
SIM4
1
21
22
SIM5
SIM1
SIM2
SIM3
SIM4
1
21
22
SIM5
SIM1
SIM2
SIM3
SIM4
1
21
22
SIM5
SIM1
SIM2
SIM3
SIM4
1
21
22
SIM5
SIM1
SIM2
SIM3
SIM4
1
21
22
SIM5
SIM1
SIM2
SIM3
SIM4
1
21
22
SIM5
SIM1
SIM2
SIM3
SIM4
1
21
22
SIM5
SIM1
SIM2
SIM3
SIM4
1
21
22
SIM5
SIM1
SIM2
SIM3
SIM4
1
21
22
SIM5
SIM1
SIM2
SIM3
SIM4
1
21
22
SIM5
SIM1
SIM2
SIM3
SIM4
1
21
22
SIM5
SIM1
SIM2
SIM3
SIM4
1
21
22
SIM5
SIM1
SIM2
SIM3
SIM4
1
21
22
SIM5
SIM1
SIM2
SIM3
SIM4
1
21
22
SIM5
SIM1
SIM2
SIM3
SIM4
1
21
22
SIM5
SIM1
SIM2
SIM3
SIM4
1
21
22
SIM5
SIM1
SIM2
SIM3
SIM4
1
21
22
SIM5
SIM1
SIM2
SIM3
SIM4
1
21
22
SIM5
SIM1
SIM2
SIM3
SIM4
1
21
22
SIM5
SIM1
SIM2
SIM3
SIM4
1
21
22
SIM5
SIM1
SIM2
SIM3
SIM4
1
21
22
SIM5
SIM1
SIM2
SIM3
SIM4
1
21
22
SIM5
SIM1
SIM2
SIM3
SIM4
1
21
22
SIM5
SIM1
SIM2
SIM3
SIM4
1
21
22
SIM5
SIM1
SIM2
SIM3
SIM4
1
21
22
SIM5
SIM1
SIM2
SIM3
SIM4
1
21
22
SIM5
SIM1
SIM2
SIM3
SIM4
1
21
22
SIM5
SIM1
SIM2
SIM3
SIM4
1
21
22
SIM5
SIM1
SIM2
SIM3
SIM4
1
21
22
SIM5
SIM1
SIM2
SIM3
SIM4
1
21
22
SIM5
SIM1
SIM2
SIM3
SIM4
1
21
22
SIM5
SIM1
SIM2
SIM3
SIM4
1
21
22
SIM5
SIM1
SIM2
SIM3
SIM4
1
21
22
SIM5
SIM1
SIM2
SIM3
SIM4
1
21
22
SIM5
SIM1
SIM2
SIM3
SIM4
1
21
22
SIM5
SIM1
SIM2
SIM3
SIM4
1
21
22
SIM5
SIM1
SIM2
DEBUG 1 502
SIM1
SIM2
SIM3
SIM4
1
21
22
SIM5
SIM1
SIM2
SIM3
SIM4
1
21
22
SIM5
SIM1
SIM2
SIM3
SIM4
1
21
22
SIM5
SIM1
SIM2
SIM3
SIM4
1
21
22
SIM5
SIM1
SIM2
SIM3
SIM4
1
21
22
SIM5
SIM1
SIM2
SIM3
SIM4
1
21
22
SIM5
SIM1
SIM2
SIM3
SIM4
1
21
22
SIM5
SIM1
SIM2
SIM3
SIM4
1
21
22
SIM5
SIM1
SIM2
SIM3
SIM4
1
21
22
SIM5
SIM1
SIM2
SIM3
SIM4
1
21
22
SIM5
SIM1
SIM2
SIM3
SIM4
1
21
22
SIM5
SIM1
SIM2
SIM3
SIM4
1
21
22
SIM5
SIM1
SIM2
SIM3
SIM4
1
21
22
SIM5
SIM1
SIM2
SIM3
SIM4
1
21
22
SIM5
SIM1
SIM2
SIM3
SIM4
1
21
22
SIM5
SIM1
SIM2
SIM3
SIM4
1
21
22
SIM5
SIM1
SIM2
SIM3
SIM4
1
21
22
SIM5
SIM1
SIM2
SIM3
SIM4
1
21
22
SIM5
SIM1
SIM2
SIM3
SIM4
1
21
22
SIM5
SIM1
SIM2
SIM3
SIM4
1
21
22
SIM5
SIM1
SIM2
SIM3
SIM4
1
21
22
SIM5
SIM1
SIM2
SIM3
SIM4
1
21
22
SIM5
SIM1
SIM2
SIM3
SIM4
1
21
22
SIM5
SIM1
SIM2
SIM3
SIM4
1
21
22
SIM5
SIM1
SIM2
SIM3
SIM4
1
21
22
SIM5
SIM1
SIM2
SIM3
SIM4
1
21
22
SIM5
SIM1
SIM2
SIM3
SIM4
1
21
22
SIM5
SIM1
SIM2
SIM3
SIM4
1
21
22
SIM5
SIM1
SIM2
SIM3
SIM4
1
21
22
SIM5
SIM1
SIM2
SIM3
SIM4
1
21
22
SIM5
SIM1
SIM2
SIM3
SIM4
1
21
22
SIM5
SIM1
SIM2
SIM3
SIM4
1
21
22
SIM5
SIM1
SIM2
SIM3
SIM4
1
21
22
SIM5
SIM1
SIM2
SIM3
SIM4
1
21
22
SIM5
SIM1
SIM2
SIM3
SIM4
1
21
22
SIM5
SIM1
SIM2
SIM3
SIM4
1
21
22
SIM5
SIM1
SIM2
SIM3
SIM4
1
21
22
SIM5
SIM1
SIM2
SIM3
SIM4
1
21
22
SIM5
SIM1
SIM2
SIM3
SIM4
1
21
22
SIM5
SIM1
SIM2
SIM3
SIM4
1
21
22
SIM5
SIM1
SIM2
SIM3
SIM4
1
21
22
SIM5
SIM1
SIM2
SIM3
SIM4
1
21
22
SIM5
SIM1
SIM2
SIM3
SIM4
1
21
22
SIM5
SIM1
SIM2
SIM3
SIM4
1
21
22
SIM5
SIM1
SIM2
SIM3
SIM4
1
21
22
SIM5
SIM1
SIM2
SIM3
SIM4
1
21
22
SIM5
SIM1
SIM2
SIM3
SIM4
1
21
22
SIM5
SIM1
SIM2
SIM3
SIM4
1
21
22
SIM5
SIM1
SIM2
SIM3
SIM4
1
21
22
SIM5
SIM1
SIM2
SIM3
SIM4
1
21
22
SIM5
SIM1
SIM2
SIM3
SIM4
1
21
22
SIM5
SIM1
SIM2
SIM3
SIM4
1
21
22
SIM5
SIM1
SIM2
SIM3
SIM4
1
21
22
SIM5
SIM1
SIM2
SIM3
SIM4
1
21
22
SIM5
SIM1
SIM2
SIM3
SIM4
1
21
22
SIM5
SIM1
SIM2
SIM3
SIM4
1
21
22
SIM5
SIM1
SIM2
SIM3
SIM4
1
21
22
SIM5
SIM1
SIM2
SIM3
SIM4
1
21
22
SIM5
SIM1
SIM2
SIM3
SIM4
1
21
22
SIM5
SIM1
SIM2
SIM3
SIM4
1
21
22
SIM5
SIM1
SIM2
SIM3
SIM4
1
21
22
SIM5
SIM1
SIM2
SIM3
SIM4
1
21
22
SIM5
SIM1
SIM2
SIM3
SIM4
1
21
22
SIM5
SIM1
SIM2
SIM3
SIM4
1
21
22
SIM5
SIM1
SIM2
SIM3
SIM4
1
21
22
SIM5
SIM1
SIM2
SIM3
SIM4
1
21
22
SIM5
SIM1
SIM2
SIM3
SIM4
1
21
22
SIM5
SIM1
SIM2
SIM3
SIM4
1
21
22
SIM5
SIM1
SIM2
SIM3
SIM4
1
21
22
SIM5
SIM1
SIM2
SIM3
SIM4
1
21
22
SIM5
SIM1
SIM2
SIM3
SIM4
1
21
22
SIM5
SIM1
SIM2
SIM3
SIM4
1
21
22
SIM5
SIM1
SIM2
SIM3
SIM4
1
21
22
SIM5
SIM1
SIM2
SIM3
SIM4
1
21
22
SIM5
SIM1
SIM2
SIM3
SIM4
1
21
22
SIM5
SIM1
SIM2
SIM3
SIM4
1
21
22
SIM5
SIM1
SIM2
SIM3
SIM4
1
21
22
SIM5
SIM1
SIM2
SIM3
SIM4
1
21
22
SIM5
SIM1
SIM2
SIM3
SIM4
1
21
22
SIM5
SIM1
SIM2
SIM3
SIM4
1
21
22
SIM5
SIM1
SIM2
SIM3
SIM4
1
21
22
SIM5
SIM1
SIM2
SIM3
SIM4
1
21
22
SIM5
SIM1
SIM2
SIM3
SIM4
1
21
22
SIM5
SIM1
SIM2
SIM3
SIM4
1
21
22
SIM5
SIM1
SIM2
SIM3
SIM4
1
21
22
SIM5
SIM1
SIM2
SIM3
SIM4
1
21
22
SIM5
SIM1
SIM2
SIM3
SIM4
1
21
22
SIM5
SIM1
SIM2
SIM3
SIM4
1
21
22
SIM5
SIM1
SIM2
SIM3
SIM4
1
21
22
SIM5
SIM1
SIM2
SIM3
SIM4
1
21
22
SIM5
SIM1
SIM2
SIM3
SIM4
1
21
22
SIM5
SIM1
SIM2
SIM3
SIM4
1
21
22
SIM5
SIM1
SIM2
SIM3
SIM4
1
21
22
SIM5
SIM1
SIM2
SIM3
SIM4
1
21
22
SIM5
SIM1
SIM2
SIM3
SIM4
1
21
22
SIM5
SIM1
SIM2
SIM3
SIM4
1
21
22
SIM5
SIM1
SIM2
SIM3
SIM4
1
21
22
SIM5
SIM1
SIM2
SIM3
SIM4
1
21
22
SIM5
SIM1
SIM2
SIM3
SIM4
1
21
22
SIM5
SIM1
SIM2
SIM3
SIM4
1
21
22
SIM5
SIM1
SIM2
SIM3
SIM4
1
21
22
SIM5
SIM1
SIM2
SIM3
SIM4
1
21
22
SIM5
SIM1
SIM2
SIM3
SIM4
1
21
22
SIM5
SIM1
SIM2
SIM3
SIM4
1
21
22
SIM5
SIM1
SIM2
SIM3
SIM4
1
21
22
SIM5
SIM1
SIM2
SIM3
SIM4
1
21
22
SIM5
SIM1
SIM2
SIM3
SIM4
1
21
22
SIM5
SIM1
SIM2
SIM3
SIM4
1
21
22
SIM5
SIM1
SIM2
SIM3
SIM4
1
21
22
SIM5
SIM1
SIM2
SIM3
SIM4
1
21
22
SIM5
SIM1
SIM2
SIM3
SIM4
1
21
22
SIM5
SIM1
SIM2
SIM3
SIM4
1
21
22
SIM5
SIM1
SIM2
SIM3
SIM4
1
21
22
SIM5
SIM1
SIM2
SIM3
SIM4
1
21
22
SIM5
SIM1
SIM2
SIM3
SIM4
1
21
22
SIM5
SIM1
SIM2
SIM3
SIM4
1
21
22
SIM5
SIM1
SIM2
SIM3
SIM4
1
21
22
SIM5
SIM1
SIM2
SIM3
SIM4
1
21
22
SIM5
SIM1
SIM2
SIM3
SIM4
1
21
22
SIM5
SIM1
SIM2
SIM3
SIM4
1
21
22
SIM5
SIM1
SIM2
SIM3
SIM4
1
21
22
SIM5
SIM1
SIM2
SIM3
SIM4
1
21
22
SIM5
SIM1
SIM2
SIM3
SIM4
1
21
22
SIM5
SIM1
SIM2
SIM3
SIM4
1
21
22
SIM5
SIM1
SIM2
SIM3
SIM4
1
21
22
SIM5
SIM1
SIM2
SIM3
SIM4
1
21
22
SIM5
SIM1
SIM2
SIM3
SIM4
1
21
22
SIM5
SIM1
SIM2
SIM3
SIM4
1
21
22
SIM5
SIM1
SIM2
DEBUG 1 503
SIM1
SIM2
SIM3
SIM4
1
21
22
SIM5
SIM1
SIM2
SIM3
SIM4
1
21
22
SIM5
SIM1
SIM2
SIM3
SIM4
1
21
22
SIM5
SIM1
SIM2
SIM3
SIM4
1
21
22
SIM5
SIM1
SIM2
SIM3
SIM4
1
21
22
SIM5
SIM1
SIM2
SIM3
SIM4
1
21
22
SIM5
SIM1
SIM2
SIM3
SIM4
1
21
22
SIM5
SIM1
SIM2
SIM3
SIM4
1
21
22
SIM5
SIM1
SIM2
SIM3
SIM4
1
21
22
SIM5
SIM1
SIM2
SIM3
SIM4
1
21
22
SIM5
SIM1
SIM2
SIM3
SIM4
1
21
22
SIM5
SIM1
SIM2
SIM3
SIM4
1
21
22
SIM5
SIM1
SIM2
SIM3
SIM4
1
21
22
SIM5
SIM1
SIM2
SIM3
SIM4
1
21
22
SIM5
SIM1
SIM2
SIM3
SIM4
1
21
22
SIM5
SIM1
SIM2
SIM3
SIM4
1
21
22
SIM5
SIM1
SIM2
SIM3
SIM4
1
21
22
SIM5
SIM1
SIM2
SIM3
SIM4
1
21
22
SIM5
SIM1
SIM2
SIM3
SIM4
1
21
22
SIM5
SIM1
SIM2
SIM3
SIM4
1
21
22
SIM5
SIM1
SIM2
SIM3
SIM4
1
21
22
SIM5
SIM1
SIM2
SIM3
SIM4
1
21
22
SIM5
SIM1
SIM2
SIM3
SIM4
1
21
22
SIM5
SIM1
SIM2
SIM3
SIM4
1
21
22
SIM5
SIM1
SIM2
SIM3
SIM4
1
21
22
SIM5
SIM1
SIM2
SIM3
SIM4
1
21
22
SIM5
SIM1
SIM2
SIM3
SIM4
1
21
22
SIM5
SIM1
SIM2
SIM3
SIM4
1
21
22
SIM5
SIM1
SIM2
SIM3
SIM4
1
21
22
SIM5
SIM1
SIM2
SIM3
SIM4
1
21
22
SIM5
SIM1
SIM2
SIM3
SIM4
1
21
22
SIM5
SIM1
SIM2
SIM3
SIM4
1
21
22
SIM5
SIM1
SIM2
SIM3
SIM4
1
21
22
SIM5
SIM1
SIM2
SIM3
SIM4
1
21
22
SIM5
SIM1
SIM2
SIM3
SIM4
1
21
22
SIM5
SIM1
SIM2
SIM3
SIM4
1
21
22
SIM5
SIM1
SIM2
SIM3
SIM4
1
21
22
SIM5
SIM1
SIM2
SIM3
SIM4
1
21
22
SIM5
SIM1
SIM2
SIM3
SIM4
1
21
22
SIM5
SIM1
SIM2
SIM3
SIM4
1
21
22
SIM5
SIM1
SIM2
SIM3
SIM4
1
21
22
SIM5
SIM1
SIM2
SIM3
SIM4
1
21
22
SIM5
SIM1
SIM2
SIM3
SIM4
1
21
22
SIM5
SIM1
SIM2
SIM3
SIM4
1
21
22
SIM5
SIM1
SIM2
SIM3
SIM4
1
21
22
SIM5
SIM1
SIM2
SIM3
SIM4
1
21
22
SIM5
SIM1
SIM2
SIM3
SIM4
1
21
22
SIM5
SIM1
SIM2
SIM3
SIM4
1
21
22
SIM5
SIM1
SIM2
SIM3
SIM4
1
21
22
SIM5
SIM1
SIM2
SIM3
SIM4
1
21
22
SIM5
SIM1
SIM2
SIM3
SIM4
1
21
22
SIM5
SIM1
SIM2
SIM3
SIM4
1
21
22
SIM5
SIM1
SIM2
SIM3
SIM4
1
21
22
SIM5
SIM1
SIM2
SIM3
SIM4
1
21
22
SIM5
SIM1
SIM2
SIM3
SIM4
1
21
22
SIM5
SIM1
SIM2
SIM3
SIM4
1
21
22
SIM5
SIM1
SIM2
SIM3
SIM4
1
21
22
SIM5
SIM1
SIM2
SIM3
SIM4
1
21
22
SIM5
SIM1
SIM2
SIM3
SIM4
1
21
22
SIM5
SIM1
SIM2
SIM3
SIM4
1
21
22
SIM5
SIM1
SIM2
SIM3
SIM4
1
21
22
SIM5
SIM1
SIM2
SIM3
SIM4
1
21
22
SIM5
SIM1
SIM2
SIM3
SIM4
1
21
22
SIM5
SIM1
SIM2
SIM3
SIM4
1
21
22
SIM5
SIM1
SIM2
SIM3
SIM4
1
21
22
SIM5
SIM1
SIM2
SIM3
SIM4
1
21
22
SIM5
SIM1
SIM2
SIM3
SIM4
1
21
22
SIM5
SIM1
SIM2
SIM3
SIM4
1
21
22
SIM5
SIM1
SIM2
SIM3
SIM4
1
21
22
SIM5
SIM1
SIM2
SIM3
SIM4
1
21
22
SIM5
SIM1
SIM2
SIM3
SIM4
1
21
22
SIM5
SIM1
SIM2
SIM3
SIM4
1
21
22
SIM5
SIM1
SIM2
SIM3
SIM4
1
21
22
SIM5
SIM1
SIM2
SIM3
SIM4
1
21
22
SIM5
SIM1
SIM2
SIM3
SIM4
1
21
22
SIM5
SIM1
SIM2
SIM3
SIM4
1
21
22
SIM5
SIM1
SIM2
SIM3
SIM4
1
21
22
SIM5
SIM1
SIM2
SIM3
SIM4
1
21
22
SIM5
SIM1
SIM2
SIM3
SIM4
1
21
22
SIM5
SIM1
SIM2
SIM3
SIM4
1
21
22
SIM5
SIM1
SIM2
SIM3
SIM4
1
21
22
SIM5
SIM1
SIM2
SIM3
SIM4
1
21
22
SIM5
SIM1
SIM2
SIM3
SIM4
1
21
22
SIM5
SIM1
SIM2
SIM3
SIM4
1
21
22
SIM5
SIM1
SIM2
SIM3
SIM4
1
21
22
SIM5
SIM1
SIM2
SIM3
SIM4
1
21
22
SIM5
SIM1
SIM2
SIM3
SIM4
1
21
22
SIM5
SIM1
SIM2
SIM3
SIM4
1
21
22
SIM5
SIM1
SIM2
SIM3
SIM4
1
21
22
SIM5
SIM1
SIM2
SIM3
SIM4
1
21
22
SIM5
SIM1
SIM2
SIM3
SIM4
1
21
22
SIM5
SIM1
SIM2
SIM3
SIM4
1
21
22
SIM5
SIM1
SIM2
SIM3
SIM4
1
21
22
SIM5
SIM1
SIM2
SIM3
SIM4
1
21
22
SIM5
SIM1
SIM2
SIM3
SIM4
1
21
22
SIM5
SIM1
SIM2
SIM3
SIM4
1
21
22
SIM5
SIM1
SIM2
SIM3
SIM4
1
21
22
SIM5
SIM1
SIM2
SIM3
SIM4
1
21
22
SIM5
SIM1
SIM2
SIM3
SIM4
1
21
22
SIM5
SIM1
SIM2
SIM3
SIM4
1
21
22
SIM5
SIM1
SIM2
SIM3
SIM4
1
21
22
SIM5
SIM1
SIM2
SIM3
SIM4
1
21
22
SIM5
SIM1
SIM2
SIM3
SIM4
1
21
22
SIM5
SIM1
SIM2
SIM3
SIM4
1
21
22
SIM5
SIM1
SIM2
SIM3
SIM4
1
21
22
SIM5
SIM1
SIM2
SIM3
SIM4
1
21
22
SIM5
SIM1
SIM2
SIM3
SIM4
1
21
22
SIM5
SIM1
SIM2
SIM3
SIM4
1
21
22
SIM5
SIM1
SIM2
SIM3
SIM4
1
21
22
SIM5
SIM1
SIM2
SIM3
SIM4
1
21
22
SIM5
SIM1
SIM2
SIM3
SIM4
1
21
22
SIM5
SIM1
SIM2
SIM3
SIM4
1
21
22
SIM5
SIM1
SIM2
SIM3
SIM4
1
21
22
SIM5
SIM1
SIM2
SIM3
SIM4
1
21
22
SIM5
SIM1
SIM2
SIM3
SIM4
1
21
22
SIM5
SIM1
SIM2
DEBUG 1 504
SIM1
SIM2
SIM3
SIM4
1
21
22
SIM5
SIM1
SIM2
SIM3
SIM4
1
21
22
SIM5
SIM1
SIM2
SIM3
SIM4
1
21
22
SIM5
SIM1
SIM2
SIM3
SIM4
1
21
22
SIM5
SIM1
SIM2
SIM3
SIM4
1
21
22
SIM5
SIM1
SIM2
SIM3
SIM4
1
21
22
SIM5
SIM1
SIM2
SIM3
SIM4
1
21
22
SIM5
SIM1
SIM2
SIM3
SIM4
1
21
22
SIM5
SIM1
SIM2
SIM3
SIM4
1
21
22
SIM5
SIM1
SIM2
SIM3
SIM4
1
21
22
SIM5
SIM1
SIM2
SIM3
SIM4
1
21
22
SIM5
SIM1
SIM2
SIM3
SIM4
1
21
22
SIM5
SIM1
SIM2
SIM3
SIM4
1
21
22
SIM5
SIM1
SIM2
SIM3
SIM4
1
21
22
SIM5
SIM1
SIM2
SIM3
SIM4
1
21
22
SIM5
SIM1
SIM2
SIM3
SIM4
1
21
22
SIM5
SIM1
SIM2
SIM3
SIM4
1
21
22
SIM5
SIM1
SIM2
SIM3
SIM4
1
21
22
SIM5
SIM1
SIM2
SIM3
SIM4
1
21
22
SIM5
SIM1
SIM2
SIM3
SIM4
1
21
22
SIM5
SIM1
SIM2
SIM3
SIM4
1
21
22
SIM5
SIM1
SIM2
SIM3
SIM4
1
21
22
SIM5
SIM1
SIM2
SIM3
SIM4
1
21
22
SIM5
SIM1
SIM2
SIM3
SIM4
1
21
22
SIM5
SIM1
SIM2
SIM3
SIM4
1
21
22
SIM5
SIM1
SIM2
SIM3
SIM4
1
21
22
SIM5
SIM1
SIM2
SIM3
SIM4
1
21
22
SIM5
SIM1
SIM2
SIM3
SIM4
1
21
22
SIM5
SIM1
SIM2
SIM3
SIM4
1
21
22
SIM5
SIM1
SIM2
SIM3
SIM4
1
21
22
SIM5
SIM1
SIM2
SIM3
SIM4
1
21
22
SIM5
SIM1
SIM2
SIM3
SIM4
1
21
22
SIM5
SIM1
SIM2
SIM3
SIM4
1
21
22
SIM5
SIM1
SIM2
SIM3
SIM4
1
21
22
SIM5
SIM1
SIM2
SIM3
SIM4
1
21
22
SIM5
SIM1
SIM2
SIM3
SIM4
1
21
22
SIM5
SIM1
SIM2
SIM3
SIM4
1
21
22
SIM5
SIM1
SIM2
SIM3
SIM4
1
21
22
SIM5
SIM1
SIM2
SIM3
SIM4
1
21
22
SIM5
SIM1
SIM2
SIM3
SIM4
1
21
22
SIM5
SIM1
SIM2
SIM3
SIM4
1
21
22
SIM5
SIM1
SIM2
SIM3
SIM4
1
21
22
SIM5
SIM1
SIM2
SIM3
SIM4
1
21
22
SIM5
SIM1
SIM2
SIM3
SIM4
1
21
22
SIM5
SIM1
SIM2
SIM3
SIM4
1
21
22
SIM5
SIM1
SIM2
SIM3
SIM4
1
21
22
SIM5
SIM1
SIM2
SIM3
SIM4
1
21
22
SIM5
SIM1
SIM2
SIM3
SIM4
1
21
22
SIM5
SIM1
SIM2
SIM3
SIM4
1
21
22
SIM5
SIM1
SIM2
SIM3
SIM4
1
21
22
SIM5
SIM1
SIM2
SIM3
SIM4
1
21
22
SIM5
SIM1
SIM2
SIM3
SIM4
1
21
22
SIM5
SIM1
SIM2
SIM3
SIM4
1
21
22
SIM5
SIM1
SIM2
SIM3
SIM4
1
21
22
SIM5
SIM1
SIM2
SIM3
SIM4
1
21
22
SIM5
SIM1
SIM2
SIM3
SIM4
1
21
22
SIM5
SIM1
SIM2
SIM3
SIM4
1
21
22
SIM5
SIM1
SIM2
SIM3
SIM4
1
21
22
SIM5
SIM1
SIM2
SIM3
SIM4
1
21
22
SIM5
SIM1
SIM2
SIM3
SIM4
1
21
22
SIM5
SIM1
SIM2
SIM3
SIM4
1
21
22
SIM5
SIM1
SIM2
SIM3
SIM4
1
21
22
SIM5
SIM1
SIM2
SIM3
SIM4
1
21
22
SIM5
SIM1
SIM2
SIM3
SIM4
1
21
22
SIM5
SIM1
SIM2
SIM3
SIM4
1
21
22
SIM5
SIM1
SIM2
SIM3
SIM4
1
21
22
SIM5
SIM1
SIM2
SIM3
SIM4
1
21
22
SIM5
SIM1
SIM2
SIM3
SIM4
1
21
22
SIM5
SIM1
SIM2
SIM3
SIM4
1
21
22
SIM5
SIM1
SIM2
SIM3
SIM4
1
21
22
SIM5
SIM1
SIM2
SIM3
SIM4
1
21
22
SIM5
SIM1
SIM2
SIM3
SIM4
1
21
22
SIM5
SIM1
SIM2
SIM3
SIM4
1
21
22
SIM5
SIM1
SIM2
SIM3
SIM4
1
21
22
SIM5
SIM1
SIM2
SIM3
SIM4
1
21
22
SIM5
SIM1
SIM2
SIM3
SIM4
1
21
22
SIM5
SIM1
SIM2
SIM3
SIM4
1
21
22
SIM5
SIM1
SIM2
SIM3
SIM4
1
21
22
SIM5
SIM1
SIM2
SIM3
SIM4
1
21
22
SIM5
SIM1
SIM2
SIM3
SIM4
1
21
22
SIM5
SIM1
SIM2
SIM3
SIM4
1
21
22
SIM5
SIM1
SIM2
SIM3
SIM4
1
21
22
SIM5
SIM1
SIM2
SIM3
SIM4
1
21
22
SIM5
SIM1
SIM2
SIM3
SIM4
1
21
22
SIM5
SIM1
SIM2
SIM3
SIM4
1
21
22
SIM5
SIM1
SIM2
SIM3
SIM4
1
21
22
SIM5
SIM1
SIM2
SIM3
SIM4
1
21
22
SIM5
SIM1
SIM2
SIM3
SIM4
1
21
22
SIM5
SIM1
SIM2
SIM3
SIM4
1
21
22
SIM5
SIM1
SIM2
SIM3
SIM4
1
21
22
SIM5
SIM1
SIM2
SIM3
SIM4
1
21
22
SIM5
SIM1
SIM2
SIM3
SIM4
1
21
22
SIM5
SIM1
SIM2
SIM3
SIM4
1
21
22
SIM5
SIM1
SIM2
SIM3
SIM4
1
21
22
SIM5
SIM1
SIM2
SIM3
SIM4
1
21
22
SIM5
SIM1
SIM2
SIM3
SIM4
1
21
22
SIM5
SIM1
SIM2
SIM3
SIM4
1
21
22
SIM5
SIM1
SIM2
SIM3
SIM4
1
21
22
SIM5
SIM1
SIM2
SIM3
SIM4
1
21
22
SIM5
SIM1
SIM2
SIM3
SIM4
1
21
22
SIM5
SIM1
SIM2
SIM3
SIM4
1
21
22
SIM5
SIM1
SIM2
SIM3
SIM4
1
21
22
SIM5
SIM1
SIM2
SIM3
SIM4
1
21
22
SIM5
SIM1
SIM2
SIM3
SIM4
1
21
22
SIM5
SIM1
SIM2
SIM3
SIM4
1
21
22
SIM5
SIM1
SIM2
SIM3
SIM4
1
21
22
SIM5
SIM1
SIM2
SIM3
SIM4
1
21
22
SIM5
SIM1
SIM2
SIM3
SIM4
1
21
22
SIM5
SIM1
SIM2
SIM3
SIM4
1
21
22
SIM5
SIM1
SIM2
SIM3
SIM4
1
21
22
SIM5
SIM1
SIM2
SIM3
SIM4
1
21
22
SIM5
SIM1
SIM2
SIM3
SIM4
1
21
22
SIM5
SIM1
SIM2
SIM3
SIM4
1
21
22
SIM5
SIM1
SIM2
SIM3
SIM4
1
21
22
SIM5
SIM1
SIM2
SIM3
SIM4
1
21
22
SIM5
SIM1
SIM2
SIM3
SIM4
1
21
22
SIM5
SIM1
SIM2
SIM3
SIM4
1
21
22
SIM5
SIM1
SIM2
SIM3
SIM4
1
21
22
SIM5
SIM1
SIM2
SIM3
SIM4
1
21
22
SIM5
SIM1
SIM2
SIM3
SIM4
1
21
22
SIM5
SIM1
SIM2
SIM3
SIM4
1
21
22
SIM5
SIM1
SIM2
SIM3
SIM4
1
21
22
SIM5
SIM1
SIM2
SIM3
SIM4
1
21
22
SIM5
SIM1
SIM2
SIM3
SIM4
1
21
22
SIM5
SIM1
SIM2
SIM3
SIM4
1
21
22
SIM5
SIM1
SIM2
SIM3
SIM4
1
21
22
SIM5
SIM1
SIM2
SIM3
SIM4
1
21
22
SIM5
SIM1
SIM2
SIM3
SIM4
1
21
22
SIM5
SIM1
SIM2
SIM3
SIM4
1
21
22
SIM5
SIM1
SIM2
SIM3
SIM4
1
21
22
SIM5
SIM1
SIM2
SIM3
SIM4
1
21
22
SIM5
SIM1
SIM2
SIM3
SIM4
1
21
22
SIM5
SIM1
SIM2
SIM3
SIM4
1
21
22
SIM5
SIM1
SIM2
SIM3
SIM4
1
21
22
SIM5
SIM1
SIM2
SIM3
SIM4
1
21
22
SIM5
SIM1
SIM2
SIM3
SIM4
1
21
22
SIM5
SIM1
SIM2
SIM3
SIM4
1
21
22
SIM5
SIM1
SIM2
SIM3
SIM4
1
21
22
SIM5
SIM1
SIM2
SIM3
SIM4
1
21
22
SIM5
SIM1
SIM2
SIM3
SIM4
1
21
22
SIM5
SIM1
SIM2
SIM3
SIM4
1
21
22
SIM5
SIM1
SIM2
SIM3
SIM4
1
21
22
SIM5
SIM1
SIM2
SIM3
SIM4
1
21
22
SIM5
SIM1
SIM2
SIM3
SIM4
1
21
22
SIM5
SIM1
SIM2
SIM3
SIM4
1
21
22
SIM5
SIM1
SIM2
SIM3
SIM4
1
21
22
SIM5
SIM1
SIM2
SIM3
SIM4
1
21
22
SIM5
SIM1
SIM2
SIM3
SIM4
1
21
22
SIM5
SIM1
SIM2
SIM3
SIM4
1
21
22
SIM5
SIM1
SIM2
SIM3
SIM4
1
21
22
SIM5
SIM1
SIM2
SIM3
SIM4
1
21
22
SIM5
SIM1
SIM2
SIM3
SIM4
1
21
22
SIM5
SIM1
SIM2
SIM3
SIM4
1
21
22
SIM5
SIM1
SIM2
SIM3
SIM4
1
21
22
SIM5
SIM1
SIM2
SIM3
SIM4
1
21
22
SIM5
SIM1
SIM2
SIM3
SIM4
1
21
22
SIM5
SIM1
SIM2
SIM3
SIM4
1
21
22
SIM5
SIM1
SIM2
SIM3
SIM4
1
21
22
SIM5
SIM1
SIM2
SIM3
SIM4
1
21
22
SIM5
SIM1
SIM2
SIM3
SIM4
1
21
22
SIM5
SIM1
SIM2
SIM3
SIM4
1
21
22
SIM5
SIM1
SIM2
SIM3
SIM4
1
21
22
SIM5
SIM1
SIM2
SIM3
SIM4
1
21
22
SIM5
SIM1
SIM2
SIM3
SIM4
1
21
22
SIM5
SIM1
SIM2
SIM3
SIM4
1
21
22
SIM5
SIM1
SIM2
SIM3
SIM4
1
21
22
SIM5
SIM1
SIM2
SIM3
SIM4
1
21
22
SIM5
SIM1
SIM2
SIM3
SIM4
1
21
22
SIM5
SIM1
SIM2
SIM3
SIM4
1
21
22
SIM5
SIM1
SIM2
SIM3
SIM4
1
21
22
SIM5
SIM1
SIM2
SIM3
SIM4
1
21
22
SIM5
SIM1
SIM2
SIM3
SIM4
1
21
22
SIM5
SIM1
SIM2
SIM3
SIM4
1
21
22
SIM5
SIM1
SIM2
SIM3
SIM4
1
21
22
SIM5
SIM1
SIM2
SIM3
SIM4
1
21
22
SIM5
SIM1
SIM2
SIM3
SIM4
1
21
22
SIM5
SIM1
SIM2
SIM3
SIM4
1
21
22
SIM5
SIM1
SIM2
SIM3
SIM4
1
21
22
SIM5
SIM1
SIM2
SIM3
SIM4
1
21
22
SIM5
SIM1
SIM2
SIM3
SIM4
1
21
22
SIM5
SIM1
SIM2
SIM3
SIM4
1
21
22
SIM5
SIM1
SIM2
SIM3
SIM4
1
21
22
SIM5
SIM1
SIM2
SIM3
SIM4
1
21
22
SIM5
SIM1
SIM2
SIM3
SIM4
1
21
22
SIM5
SIM1
SIM2
SIM3
SIM4
1
21
22
SIM5
SIM1
SIM2
SIM3
SIM4
1
21
22
SIM5
SIM1
SIM2
SIM3
SIM4
1
21
22
SIM5
SIM1
SIM2
SIM3
SIM4
1
21
22
SIM5
SIM1
SIM2
SIM3
SIM4
1
21
22
SIM5
SIM1
SIM2
SIM3
SIM4
1
21
22
SIM5
SIM1
SIM2
SIM3
SIM4
1
21
22
SIM5
SIM1
SIM2
DEBUG 1 505
SIM1
SIM2
SIM3
SIM4
1
21
22
SIM5
SIM1
SIM2
SIM3
SIM4
1
21
22
SIM5
SIM1
SIM2
SIM3
SIM4
1
21
22
SIM5
SIM1
SIM2
SIM3
SIM4
1
21
22
SIM5
SIM1
SIM2
SIM3
SIM4
1
21
22
SIM5
SIM1
SIM2
SIM3
SIM4
1
21
22
SIM5
SIM1
SIM2
SIM3
SIM4
1
21
22
SIM5
SIM1
SIM2
SIM3
SIM4
1
21
22
SIM5
SIM1
SIM2
SIM3
SIM4
1
21
22
SIM5
SIM1
SIM2
SIM3
SIM4
1
21
22
SIM5
SIM1
SIM2
SIM3
SIM4
1
21
22
SIM5
SIM1
SIM2
SIM3
SIM4
1
21
22
SIM5
SIM1
SIM2
SIM3
SIM4
1
21
22
SIM5
SIM1
SIM2
SIM3
SIM4
1
21
22
SIM5
SIM1
SIM2
SIM3
SIM4
1
21
22
SIM5
SIM1
SIM2
SIM3
SIM4
1
21
22
SIM5
SIM1
SIM2
SIM3
SIM4
1
21
22
SIM5
SIM1
SIM2
SIM3
SIM4
1
21
22
SIM5
SIM1
SIM2
SIM3
SIM4
1
21
22
SIM5
SIM1
SIM2
SIM3
SIM4
1
21
22
SIM5
SIM1
SIM2
SIM3
SIM4
1
21
22
SIM5
SIM1
SIM2
SIM3
SIM4
1
21
22
SIM5
SIM1
SIM2
SIM3
SIM4
1
21
22
SIM5
SIM1
SIM2
SIM3
SIM4
1
21
22
SIM5
SIM1
SIM2
SIM3
SIM4
1
21
22
SIM5
SIM1
SIM2
SIM3
SIM4
1
21
22
SIM5
SIM1
SIM2
SIM3
SIM4
1
21
22
SIM5
SIM1
SIM2
SIM3
SIM4
1
21
22
SIM5
SIM1
SIM2
SIM3
SIM4
1
21
22
SIM5
SIM1
SIM2
SIM3
SIM4
1
21
22
SIM5
SIM1
SIM2
SIM3
SIM4
1
21
22
SIM5
SIM1
SIM2
SIM3
SIM4
1
21
22
SIM5
SIM1
SIM2
SIM3
SIM4
1
21
22
SIM5
SIM1
SIM2
SIM3
SIM4
1
21
22
SIM5
SIM1
SIM2
SIM3
SIM4
1
21
22
SIM5
SIM1
SIM2
SIM3
SIM4
1
21
22
SIM5
SIM1
SIM2
SIM3
SIM4
1
21
22
SIM5
SIM1
SIM2
SIM3
SIM4
1
21
22
SIM5
SIM1
SIM2
SIM3
SIM4
1
21
22
SIM5
SIM1
SIM2
SIM3
SIM4
1
21
22
SIM5
SIM1
SIM2
SIM3
SIM4
1
21
22
SIM5
SIM1
SIM2
SIM3
SIM4
1
21
22
SIM5
SIM1
SIM2
SIM3
SIM4
1
21
22
SIM5
SIM1
SIM2
SIM3
SIM4
1
21
22
SIM5
SIM1
SIM2
SIM3
SIM4
1
21
22
SIM5
SIM1
SIM2
SIM3
SIM4
1
21
22
SIM5
SIM1
SIM2
SIM3
SIM4
1
21
22
SIM5
SIM1
SIM2
SIM3
SIM4
1
21
22
SIM5
SIM1
SIM2
SIM3
SIM4
1
21
22
SIM5
SIM1
SIM2
SIM3
SIM4
1
21
22
SIM5
SIM1
SIM2
SIM3
SIM4
1
21
22
SIM5
SIM1
SIM2
SIM3
SIM4
1
21
22
SIM5
SIM1
SIM2
SIM3
SIM4
1
21
22
SIM5
SIM1
SIM2
SIM3
SIM4
1
21
22
SIM5
SIM1
SIM2
SIM3
SIM4
1
21
22
SIM5
SIM1
SIM2
SIM3
SIM4
1
21
22
SIM5
SIM1
SIM2
SIM3
SIM4
1
21
22
SIM5
SIM1
SIM2
SIM3
SIM4
1
21
22
SIM5
SIM1
SIM2
SIM3
SIM4
1
21
22
SIM5
SIM1
SIM2
SIM3
SIM4
1
21
22
SIM5
SIM1
SIM2
SIM3
SIM4
1
21
22
SIM5
SIM1
SIM2
SIM3
SIM4
1
21
22
SIM5
SIM1
SIM2
SIM3
SIM4
1
21
22
SIM5
SIM1
SIM2
SIM3
SIM4
1
21
22
SIM5
SIM1
SIM2
SIM3
SIM4
1
21
22
SIM5
SIM1
SIM2
SIM3
SIM4
1
21
22
SIM5
SIM1
SIM2
SIM3
SIM4
1
21
22
SIM5
SIM1
SIM2
SIM3
SIM4
1
21
22
SIM5
SIM1
SIM2
SIM3
SIM4
1
21
22
SIM5
SIM1
SIM2
SIM3
SIM4
1
21
22
SIM5
SIM1
SIM2
SIM3
SIM4
1
21
22
SIM5
SIM1
SIM2
SIM3
SIM4
1
21
22
SIM5
SIM1
SIM2
SIM3
SIM4
1
21
22
SIM5
SIM1
SIM2
SIM3
SIM4
1
21
22
SIM5
SIM1
SIM2
SIM3
SIM4
1
21
22
SIM5
SIM1
SIM2
SIM3
SIM4
1
21
22
SIM5
SIM1
SIM2
SIM3
SIM4
1
21
22
SIM5
SIM1
SIM2
SIM3
SIM4
1
21
22
SIM5
SIM1
SIM2
SIM3
SIM4
1
21
22
SIM5
SIM1
SIM2
SIM3
SIM4
1
21
22
SIM5
SIM1
SIM2
SIM3
SIM4
1
21
22
SIM5
SIM1
SIM2
SIM3
SIM4
1
21
22
SIM5
SIM1
SIM2
SIM3
SIM4
1
21
22
SIM5
SIM1
SIM2
SIM3
SIM4
1
21
22
SIM5
SIM1
SIM2
SIM3
SIM4
1
21
22
SIM5
SIM1
SIM2
SIM3
SIM4
1
21
22
SIM5
SIM1
SIM2
SIM3
SIM4
1
21
22
SIM5
SIM1
SIM2
SIM3
SIM4
1
21
22
SIM5
SIM1
SIM2
SIM3
SIM4
1
21
22
SIM5
SIM1
SIM2
SIM3
SIM4
1
21
22
SIM5
SIM1
SIM2
SIM3
SIM4
1
21
22
SIM5
SIM1
SIM2
SIM3
SIM4
1
21
22
SIM5
SIM1
SIM2
SIM3
SIM4
1
21
22
SIM5
SIM1
SIM2
SIM3
SIM4
1
21
22
SIM5
SIM1
SIM2
SIM3
SIM4
1
21
22
SIM5
SIM1
SIM2
SIM3
SIM4
1
21
22
SIM5
SIM1
SIM2
SIM3
SIM4
1
21
22
SIM5
SIM1
SIM2
DEBUG 1 506
SIM1
SIM2
SIM3
SIM4
1
21
22
SIM5
SIM1
SIM2
SIM3
SIM4
1
21
22
SIM5
SIM1
SIM2
SIM3
SIM4
1
21
22
SIM5
SIM1
SIM2
SIM3
SIM4
1
21
22
SIM5
SIM1
SIM2
SIM3
SIM4
1
21
22
SIM5
SIM1
SIM2
SIM3
SIM4
1
21
22
SIM5
SIM1
SIM2
SIM3
SIM4
1
21
22
SIM5
SIM1
SIM2
SIM3
SIM4
1
21
22
SIM5
SIM1
SIM2
SIM3
SIM4
1
21
22
SIM5
SIM1
SIM2
SIM3
SIM4
1
21
22
SIM5
SIM1
SIM2
SIM3
SIM4
1
21
22
SIM5
SIM1
SIM2
SIM3
SIM4
1
21
22
SIM5
SIM1
SIM2
SIM3
SIM4
1
21
22
SIM5
SIM1
SIM2
SIM3
SIM4
1
21
22
SIM5
SIM1
SIM2
SIM3
SIM4
1
21
22
SIM5
SIM1
SIM2
SIM3
SIM4
1
21
22
SIM5
SIM1
SIM2
SIM3
SIM4
1
21
22
SIM5
SIM1
SIM2
SIM3
SIM4
1
21
22
SIM5
SIM1
SIM2
SIM3
SIM4
1
21
22
SIM5
SIM1
SIM2
SIM3
SIM4
1
21
22
SIM5
SIM1
SIM2
SIM3
SIM4
1
21
22
SIM5
SIM1
SIM2
SIM3
SIM4
1
21
22
SIM5
SIM1
SIM2
SIM3
SIM4
1
21
22
SIM5
SIM1
SIM2
SIM3
SIM4
1
21
22
SIM5
SIM1
SIM2
SIM3
SIM4
1
21
22
SIM5
SIM1
SIM2
SIM3
SIM4
1
21
22
SIM5
SIM1
SIM2
SIM3
SIM4
1
21
22
SIM5
SIM1
SIM2
SIM3
SIM4
1
21
22
SIM5
SIM1
SIM2
SIM3
SIM4
1
21
22
SIM5
SIM1
SIM2
SIM3
SIM4
1
21
22
SIM5
SIM1
SIM2
SIM3
SIM4
1
21
22
SIM5
SIM1
SIM2
SIM3
SIM4
1
21
22
SIM5
SIM1
SIM2
SIM3
SIM4
1
21
22
SIM5
SIM1
SIM2
SIM3
SIM4
1
21
22
SIM5
SIM1
SIM2
SIM3
SIM4
1
21
22
SIM5
SIM1
SIM2
SIM3
SIM4
1
21
22
SIM5
SIM1
SIM2
SIM3
SIM4
1
21
22
SIM5
SIM1
SIM2
SIM3
SIM4
1
21
22
SIM5
SIM1
SIM2
SIM3
SIM4
1
21
22
SIM5
SIM1
SIM2
SIM3
SIM4
1
21
22
SIM5
SIM1
SIM2
SIM3
SIM4
1
21
22
SIM5
SIM1
SIM2
SIM3
SIM4
1
21
22
SIM5
SIM1
SIM2
SIM3
SIM4
1
21
22
SIM5
SIM1
SIM2
SIM3
SIM4
1
21
22
SIM5
SIM1
SIM2
SIM3
SIM4
1
21
22
SIM5
SIM1
SIM2
SIM3
SIM4
1
21
22
SIM5
SIM1
SIM2
SIM3
SIM4
1
21
22
SIM5
SIM1
SIM2
SIM3
SIM4
1
21
22
SIM5
SIM1
SIM2
SIM3
SIM4
1
21
22
SIM5
SIM1
SIM2
SIM3
SIM4
1
21
22
SIM5
SIM1
SIM2
SIM3
SIM4
1
21
22
SIM5
SIM1
SIM2
SIM3
SIM4
1
21
22
SIM5
SIM1
SIM2
SIM3
SIM4
1
21
22
SIM5
SIM1
SIM2
SIM3
SIM4
1
21
22
SIM5
SIM1
SIM2
SIM3
SIM4
1
21
22
SIM5
SIM1
SIM2
SIM3
SIM4
1
21
22
SIM5
SIM1
SIM2
SIM3
SIM4
1
21
22
SIM5
SIM1
SIM2
SIM3
SIM4
1
21
22
SIM5
SIM1
SIM2
SIM3
SIM4
1
21
22
SIM5
SIM1
SIM2
SIM3
SIM4
1
21
22
SIM5
SIM1
SIM2
SIM3
SIM4
1
21
22
SIM5
SIM1
SIM2
SIM3
SIM4
1
21
22
SIM5
SIM1
SIM2
SIM3
SIM4
1
21
22
SIM5
SIM1
SIM2
SIM3
SIM4
1
21
22
SIM5
SIM1
SIM2
SIM3
SIM4
1
21
22
SIM5
SIM1
SIM2
SIM3
SIM4
1
21
22
SIM5
SIM1
SIM2
SIM3
SIM4
1
21
22
SIM5
SIM1
SIM2
SIM3
SIM4
1
21
22
SIM5
SIM1
SIM2
SIM3
SIM4
1
21
22
SIM5
SIM1
SIM2
SIM3
SIM4
1
21
22
SIM5
SIM1
SIM2
SIM3
SIM4
1
21
22
SIM5
SIM1
SIM2
SIM3
SIM4
1
21
22
SIM5
SIM1
SIM2
SIM3
SIM4
1
21
22
SIM5
SIM1
SIM2
SIM3
SIM4
1
21
22
SIM5
SIM1
SIM2
SIM3
SIM4
1
21
22
SIM5
SIM1
SIM2
SIM3
SIM4
1
21
22
SIM5
SIM1
SIM2
SIM3
SIM4
1
21
22
SIM5
SIM1
SIM2
SIM3
SIM4
1
21
22
SIM5
SIM1
SIM2
SIM3
SIM4
1
21
22
SIM5
SIM1
SIM2
SIM3
SIM4
1
21
22
SIM5
SIM1
SIM2
SIM3
SIM4
1
21
22
SIM5
SIM1
SIM2
SIM3
SIM4
1
21
22
SIM5
SIM1
SIM2
SIM3
SIM4
1
21
22
SIM5
SIM1
SIM2
SIM3
SIM4
1
21
22
SIM5
SIM1
SIM2
SIM3
SIM4
1
21
22
SIM5
SIM1
SIM2
SIM3
SIM4
1
21
22
SIM5
SIM1
SIM2
SIM3
SIM4
1
21
22
SIM5
SIM1
SIM2
SIM3
SIM4
1
21
22
SIM5
SIM1
SIM2
SIM3
SIM4
1
21
22
SIM5
SIM1
SIM2
SIM3
SIM4
1
21
22
SIM5
SIM1
SIM2
SIM3
SIM4
1
21
22
SIM5
SIM1
SIM2
SIM3
SIM4
1
21
22
SIM5
SIM1
SIM2
SIM3
SIM4
1
21
22
SIM5
SIM1
SIM2
SIM3
SIM4
1
21
22
SIM5
SIM1
SIM2
SIM3
SIM4
1
21
22
SIM5
SIM1
SIM2
SIM3
SIM4
1
21
22
SIM5
SIM1
SIM2
SIM3
SIM4
1
21
22
SIM5
SIM1
SIM2
SIM3
SIM4
1
21
22
SIM5
SIM1
SIM2
SIM3
SIM4
1
21
22
SIM5
SIM1
SIM2
SIM3
SIM4
1
21
22
SIM5
SIM1
SIM2
SIM3
SIM4
1
21
22
SIM5
SIM1
SIM2
SIM3
SIM4
1
21
22
SIM5
SIM1
SIM2
SIM3
SIM4
1
21
22
SIM5
SIM1
SIM2
SIM3
SIM4
1
21
22
SIM5
SIM1
SIM2
SIM3
SIM4
1
21
22
SIM5
SIM1
SIM2
SIM3
SIM4
1
21
22
SIM5
SIM1
SIM2
SIM3
SIM4
1
21
22
SIM5
SIM1
SIM2
SIM3
SIM4
1
21
22
SIM5
SIM1
SIM2
SIM3
SIM4
1
21
22
SIM5
SIM1
SIM2
SIM3
SIM4
1
21
22
SIM5
SIM1
SIM2
SIM3
SIM4
1
21
22
SIM5
SIM1
SIM2
SIM3
SIM4
1
21
22
SIM5
SIM1
SIM2
SIM3
SIM4
1
21
22
SIM5
SIM1
SIM2
SIM3
SIM4
1
21
22
SIM5
SIM1
SIM2
SIM3
SIM4
1
21
22
SIM5
SIM1
SIM2
SIM3
SIM4
1
21
22
SIM5
SIM1
SIM2
SIM3
SIM4
1
21
22
SIM5
SIM1
SIM2
SIM3
SIM4
1
21
22
SIM5
SIM1
SIM2
SIM3
SIM4
1
21
22
SIM5
SIM1
SIM2
SIM3
SIM4
1
21
22
SIM5
SIM1
SIM2
SIM3
SIM4
1
21
22
SIM5
SIM1
SIM2
SIM3
SIM4
1
21
22
SIM5
SIM1
SIM2
SIM3
SIM4
1
21
22
SIM5
SIM1
SIM2
SIM3
SIM4
1
21
22
SIM5
SIM1
SIM2
SIM3
SIM4
1
21
22
SIM5
SIM1
SIM2
SIM3
SIM4
1
21
22
SIM5
SIM1
SIM2
SIM3
SIM4
1
21
22
SIM5
SIM1
SIM2
SIM3
SIM4
1
21
22
SIM5
SIM1
SIM2
SIM3
SIM4
1
21
22
SIM5
SIM1
SIM2
SIM3
SIM4
1
21
22
SIM5
SIM1
SIM2
SIM3
SIM4
1
21
22
SIM5
SIM1
SIM2
SIM3
SIM4
1
21
22
SIM5
SIM1
SIM2
SIM3
SIM4
1
21
22
SIM5
SIM1
SIM2
SIM3
SIM4
1
21
22
SIM5
SIM1
SIM2
SIM3
SIM4
1
21
22
SIM5
SIM1
SIM2
SIM3
SIM4
1
21
22
SIM5
SIM1
SIM2
SIM3
SIM4
1
21
22
SIM5
SIM1
SIM2
SIM3
SIM4
1
21
22
SIM5
SIM1
SIM2
SIM3
SIM4
1
21
22
SIM5
SIM1
SIM2
SIM3
SIM4
1
21
22
SIM5
SIM1
SIM2
SIM3
SIM4
1
21
22
SIM5
SIM1
SIM2
SIM3
SIM4
1
21
22
SIM5
SIM1
SIM2
SIM3
SIM4
1
21
22
SIM5
SIM1
SIM2
SIM3
SIM4
1
21
22
SIM5
SIM1
SIM2
SIM3
SIM4
1
21
22
SIM5
SIM1
SIM2
SIM3
SIM4
1
21
22
SIM5
SIM1
SIM2
SIM3
SIM4
1
21
22
SIM5
SIM1
SIM2
SIM3
SIM4
1
21
22
SIM5
SIM1
SIM2
SIM3
SIM4
1
21
22
SIM5
SIM1
SIM2
SIM3
SIM4
1
21
22
SIM5
SIM1
SIM2
SIM3
SIM4
1
21
22
SIM5
SIM1
SIM2
SIM3
SIM4
1
21
22
SIM5
SIM1
SIM2
SIM3
SIM4
1
21
22
SIM5
SIM1
SIM2
SIM3
SIM4
1
21
22
SIM5
SIM1
SIM2
DEBUG 1 507
SIM1
SIM2
SIM3
SIM4
1
21
22
SIM5
SIM1
SIM2
SIM3
SIM4
1
21
22
SIM5
SIM1
SIM2
SIM3
SIM4
1
21
22
SIM5
SIM1
SIM2
SIM3
SIM4
1
21
22
SIM5
SIM1
SIM2
SIM3
SIM4
1
21
22
SIM5
SIM1
SIM2
SIM3
SIM4
1
21
22
SIM5
SIM1
SIM2
SIM3
SIM4
1
21
22
SIM5
SIM1
SIM2
SIM3
SIM4
1
21
22
SIM5
SIM1
SIM2
SIM3
SIM4
1
21
22
SIM5
SIM1
SIM2
SIM3
SIM4
1
21
22
SIM5
SIM1
SIM2
SIM3
SIM4
1
21
22
SIM5
SIM1
SIM2
SIM3
SIM4
1
21
22
SIM5
SIM1
SIM2
SIM3
SIM4
1
21
22
SIM5
SIM1
SIM2
SIM3
SIM4
1
21
22
SIM5
SIM1
SIM2
SIM3
SIM4
1
21
22
SIM5
SIM1
SIM2
SIM3
SIM4
1
21
22
SIM5
SIM1
SIM2
SIM3
SIM4
1
21
22
SIM5
SIM1
SIM2
SIM3
SIM4
1
21
22
SIM5
SIM1
SIM2
SIM3
SIM4
1
21
22
SIM5
SIM1
SIM2
SIM3
SIM4
1
21
22
SIM5
SIM1
SIM2
SIM3
SIM4
1
21
22
SIM5
SIM1
SIM2
SIM3
SIM4
1
21
22
SIM5
SIM1
SIM2
SIM3
SIM4
1
21
22
SIM5
SIM1
SIM2
SIM3
SIM4
1
21
22
SIM5
SIM1
SIM2
SIM3
SIM4
1
21
22
SIM5
SIM1
SIM2
SIM3
SIM4
1
21
22
SIM5
SIM1
SIM2
SIM3
SIM4
1
21
22
SIM5
SIM1
SIM2
SIM3
SIM4
1
21
22
SIM5
SIM1
SIM2
SIM3
SIM4
1
21
22
SIM5
SIM1
SIM2
SIM3
SIM4
1
21
22
SIM5
SIM1
SIM2
SIM3
SIM4
1
21
22
SIM5
SIM1
SIM2
SIM3
SIM4
1
21
22
SIM5
SIM1
SIM2
SIM3
SIM4
1
21
22
SIM5
SIM1
SIM2
SIM3
SIM4
1
21
22
SIM5
SIM1
SIM2
SIM3
SIM4
1
21
22
SIM5
SIM1
SIM2
SIM3
SIM4
1
21
22
SIM5
SIM1
SIM2
SIM3
SIM4
1
21
22
SIM5
SIM1
SIM2
SIM3
SIM4
1
21
22
SIM5
SIM1
SIM2
SIM3
SIM4
1
21
22
SIM5
SIM1
SIM2
SIM3
SIM4
1
21
22
SIM5
SIM1
SIM2
SIM3
SIM4
1
21
22
SIM5
SIM1
SIM2
SIM3
SIM4
1
21
22
SIM5
SIM1
SIM2
SIM3
SIM4
1
21
22
SIM5
SIM1
SIM2
SIM3
SIM4
1
21
22
SIM5
SIM1
SIM2
SIM3
SIM4
1
21
22
SIM5
SIM1
SIM2
SIM3
SIM4
1
21
22
SIM5
SIM1
SIM2
SIM3
SIM4
1
21
22
SIM5
SIM1
SIM2
SIM3
SIM4
1
21
22
SIM5
SIM1
SIM2
SIM3
SIM4
1
21
22
SIM5
SIM1
SIM2
SIM3
SIM4
1
21
22
SIM5
SIM1
SIM2
SIM3
SIM4
1
21
22
SIM5
SIM1
SIM2
SIM3
SIM4
1
21
22
SIM5
SIM1
SIM2
SIM3
SIM4
1
21
22
SIM5
SIM1
SIM2
SIM3
SIM4
1
21
22
SIM5
SIM1
SIM2
SIM3
SIM4
1
21
22
SIM5
SIM1
SIM2
SIM3
SIM4
1
21
22
SIM5
SIM1
SIM2
SIM3
SIM4
1
21
22
SIM5
SIM1
SIM2
SIM3
SIM4
1
21
22
SIM5
SIM1
SIM2
SIM3
SIM4
1
21
22
SIM5
SIM1
SIM2
SIM3
SIM4
1
21
22
SIM5
SIM1
SIM2
SIM3
SIM4
1
21
22
SIM5
SIM1
SIM2
SIM3
SIM4
1
21
22
SIM5
SIM1
SIM2
SIM3
SIM4
1
21
22
SIM5
SIM1
SIM2
SIM3
SIM4
1
21
22
SIM5
SIM1
SIM2
SIM3
SIM4
1
21
22
SIM5
SIM1
SIM2
SIM3
SIM4
1
21
22
SIM5
SIM1
SIM2
SIM3
SIM4
1
21
22
SIM5
SIM1
SIM2
SIM3
SIM4
1
21
22
SIM5
SIM1
SIM2
SIM3
SIM4
1
21
22
SIM5
SIM1
SIM2
SIM3
SIM4
1
21
22
SIM5
SIM1
SIM2
SIM3
SIM4
1
21
22
SIM5
SIM1
SIM2
SIM3
SIM4
1
21
22
SIM5
SIM1
SIM2
SIM3
SIM4
1
21
22
SIM5
SIM1
SIM2
SIM3
SIM4
1
21
22
SIM5
SIM1
SIM2
SIM3
SIM4
1
21
22
SIM5
SIM1
SIM2
SIM3
SIM4
1
21
22
SIM5
SIM1
SIM2
SIM3
SIM4
1
21
22
SIM5
SIM1
SIM2
SIM3
SIM4
1
21
22
SIM5
SIM1
SIM2
SIM3
SIM4
1
21
22
SIM5
SIM1
SIM2
SIM3
SIM4
1
21
22
SIM5
SIM1
SIM2
SIM3
SIM4
1
21
22
SIM5
SIM1
SIM2
SIM3
SIM4
1
21
22
SIM5
SIM1
SIM2
SIM3
SIM4
1
21
22
SIM5
SIM1
SIM2
SIM3
SIM4
1
21
22
SIM5
SIM1
SIM2
SIM3
SIM4
1
21
22
SIM5
SIM1
SIM2
SIM3
SIM4
1
21
22
SIM5
SIM1
SIM2
SIM3
SIM4
1
21
22
SIM5
SIM1
SIM2
SIM3
SIM4
1
21
22
SIM5
SIM1
SIM2
SIM3
SIM4
1
21
22
SIM5
SIM1
SIM2
SIM3
SIM4
1
21
22
SIM5
SIM1
SIM2
SIM3
SIM4
1
21
22
SIM5
SIM1
SIM2
SIM3
SIM4
1
21
22
SIM5
SIM1
SIM2
SIM3
SIM4
1
21
22
SIM5
SIM1
SIM2
SIM3
SIM4
1
21
22
SIM5
SIM1
SIM2
SIM3
SIM4
1
21
22
SIM5
SIM1
SIM2
SIM3
SIM4
1
21
22
SIM5
SIM1
SIM2
SIM3
SIM4
1
21
22
SIM5
SIM1
SIM2
SIM3
SIM4
1
21
22
SIM5
SIM1
SIM2
SIM3
SIM4
1
21
22
SIM5
SIM1
SIM2
SIM3
SIM4
1
21
22
SIM5
SIM1
SIM2
SIM3
SIM4
1
21
22
SIM5
SIM1
SIM2
SIM3
SIM4
1
21
22
SIM5
SIM1
SIM2
DEBUG 1 508
SIM1
SIM2
SIM3
SIM4
1
21
22
SIM5
SIM1
SIM2
SIM3
SIM4
1
21
22
SIM5
SIM1
SIM2
SIM3
SIM4
1
21
22
SIM5
SIM1
SIM2
SIM3
SIM4
1
21
22
SIM5
SIM1
SIM2
SIM3
SIM4
1
21
22
SIM5
SIM1
SIM2
SIM3
SIM4
1
21
22
SIM5
SIM1
SIM2
SIM3
SIM4
1
21
22
SIM5
SIM1
SIM2
SIM3
SIM4
1
21
22
SIM5
SIM1
SIM2
SIM3
SIM4
1
21
22
SIM5
SIM1
SIM2
SIM3
SIM4
1
21
22
SIM5
SIM1
SIM2
SIM3
SIM4
1
21
22
SIM5
SIM1
SIM2
SIM3
SIM4
1
21
22
SIM5
SIM1
SIM2
SIM3
SIM4
1
21
22
SIM5
SIM1
SIM2
SIM3
SIM4
1
21
22
SIM5
SIM1
SIM2
SIM3
SIM4
1
21
22
SIM5
SIM1
SIM2
SIM3
SIM4
1
21
22
SIM5
SIM1
SIM2
SIM3
SIM4
1
21
22
SIM5
SIM1
SIM2
SIM3
SIM4
1
21
22
SIM5
SIM1
SIM2
SIM3
SIM4
1
21
22
SIM5
SIM1
SIM2
SIM3
SIM4
1
21
22
SIM5
SIM1
SIM2
SIM3
SIM4
1
21
22
SIM5
SIM1
SIM2
SIM3
SIM4
1
21
22
SIM5
SIM1
SIM2
SIM3
SIM4
1
21
22
SIM5
SIM1
SIM2
SIM3
SIM4
1
21
22
SIM5
SIM1
SIM2
SIM3
SIM4
1
21
22
SIM5
SIM1
SIM2
SIM3
SIM4
1
21
22
SIM5
SIM1
SIM2
SIM3
SIM4
1
21
22
SIM5
SIM1
SIM2
SIM3
SIM4
1
21
22
SIM5
SIM1
SIM2
SIM3
SIM4
1
21
22
SIM5
SIM1
SIM2
SIM3
SIM4
1
21
22
SIM5
SIM1
SIM2
SIM3
SIM4
1
21
22
SIM5
SIM1
SIM2
SIM3
SIM4
1
21
22
SIM5
SIM1
SIM2
SIM3
SIM4
1
21
22
SIM5
SIM1
SIM2
SIM3
SIM4
1
21
22
SIM5
SIM1
SIM2
SIM3
SIM4
1
21
22
SIM5
SIM1
SIM2
SIM3
SIM4
1
21
22
SIM5
SIM1
SIM2
SIM3
SIM4
1
21
22
SIM5
SIM1
SIM2
SIM3
SIM4
1
21
22
SIM5
SIM1
SIM2
SIM3
SIM4
1
21
22
SIM5
SIM1
SIM2
SIM3
SIM4
1
21
22
SIM5
SIM1
SIM2
SIM3
SIM4
1
21
22
SIM5
SIM1
SIM2
SIM3
SIM4
1
21
22
SIM5
SIM1
SIM2
SIM3
SIM4
1
21
22
SIM5
SIM1
SIM2
SIM3
SIM4
1
21
22
SIM5
SIM1
SIM2
SIM3
SIM4
1
21
22
SIM5
SIM1
SIM2
SIM3
SIM4
1
21
22
SIM5
SIM1
SIM2
SIM3
SIM4
1
21
22
SIM5
SIM1
SIM2
SIM3
SIM4
1
21
22
SIM5
SIM1
SIM2
SIM3
SIM4
1
21
22
SIM5
SIM1
SIM2
SIM3
SIM4
1
21
22
SIM5
SIM1
SIM2
SIM3
SIM4
1
21
22
SIM5
SIM1
SIM2
SIM3
SIM4
1
21
22
SIM5
SIM1
SIM2
SIM3
SIM4
1
21
22
SIM5
SIM1
SIM2
SIM3
SIM4
1
21
22
SIM5
SIM1
SIM2
SIM3
SIM4
1
21
22
SIM5
SIM1
SIM2
SIM3
SIM4
1
21
22
SIM5
SIM1
SIM2
SIM3
SIM4
1
21
22
SIM5
SIM1
SIM2
SIM3
SIM4
1
21
22
SIM5
SIM1
SIM2
SIM3
SIM4
1
21
22
SIM5
SIM1
SIM2
SIM3
SIM4
1
21
22
SIM5
SIM1
SIM2
SIM3
SIM4
1
21
22
SIM5
SIM1
SIM2
SIM3
SIM4
1
21
22
SIM5
SIM1
SIM2
SIM3
SIM4
1
21
22
SIM5
SIM1
SIM2
SIM3
SIM4
1
21
22
SIM5
SIM1
SIM2
SIM3
SIM4
1
21
22
SIM5
SIM1
SIM2
SIM3
SIM4
1
21
22
SIM5
SIM1
SIM2
SIM3
SIM4
1
21
22
SIM5
SIM1
SIM2
SIM3
SIM4
1
21
22
SIM5
SIM1
SIM2
SIM3
SIM4
1
21
22
SIM5
SIM1
SIM2
SIM3
SIM4
1
21
22
SIM5
SIM1
SIM2
SIM3
SIM4
1
21
22
SIM5
SIM1
SIM2
SIM3
SIM4
1
21
22
SIM5
SIM1
SIM2
SIM3
SIM4
1
21
22
SIM5
SIM1
SIM2
SIM3
SIM4
1
21
22
SIM5
SIM1
SIM2
SIM3
SIM4
1
21
22
SIM5
SIM1
SIM2
SIM3
SIM4
1
21
22
SIM5
SIM1
SIM2
SIM3
SIM4
1
21
22
SIM5
SIM1
SIM2
SIM3
SIM4
1
21
22
SIM5
SIM1
SIM2
SIM3
SIM4
1
21
22
SIM5
SIM1
SIM2
SIM3
SIM4
1
21
22
SIM5
SIM1
SIM2
SIM3
SIM4
1
21
22
SIM5
SIM1
SIM2
SIM3
SIM4
1
21
22
SIM5
SIM1
SIM2
SIM3
SIM4
1
21
22
SIM5
SIM1
SIM2
SIM3
SIM4
1
21
22
SIM5
SIM1
SIM2
SIM3
SIM4
1
21
22
SIM5
SIM1
SIM2
SIM3
SIM4
1
21
22
SIM5
SIM1
SIM2
SIM3
SIM4
1
21
22
SIM5
SIM1
SIM2
SIM3
SIM4
1
21
22
SIM5
SIM1
SIM2
SIM3
SIM4
1
21
22
SIM5
SIM1
SIM2
SIM3
SIM4
1
21
22
SIM5
SIM1
SIM2
SIM3
SIM4
1
21
22
SIM5
SIM1
SIM2
SIM3
SIM4
1
21
22
SIM5
SIM1
SIM2
SIM3
SIM4
1
21
22
SIM5
SIM1
SIM2
SIM3
SIM4
1
21
22
SIM5
SIM1
SIM2
SIM3
SIM4
1
21
22
SIM5
SIM1
SIM2
SIM3
SIM4
1
21
22
SIM5
SIM1
SIM2
SIM3
SIM4
1
21
22
SIM5
SIM1
SIM2
SIM3
SIM4
1
21
22
SIM5
SIM1
SIM2
SIM3
SIM4
1
21
22
SIM5
SIM1
SIM2
SIM3
SIM4
1
21
22
SIM5
SIM1
SIM2
SIM3
SIM4
1
21
22
SIM5
SIM1
SIM2
SIM3
SIM4
1
21
22
SIM5
SIM1
SIM2
SIM3
SIM4
1
21
22
SIM5
SIM1
SIM2
SIM3
SIM4
1
21
22
SIM5
SIM1
SIM2
SIM3
SIM4
1
21
22
SIM5
SIM1
SIM2
SIM3
SIM4
1
21
22
SIM5
SIM1
SIM2
SIM3
SIM4
1
21
22
SIM5
SIM1
SIM2
SIM3
SIM4
1
21
22
SIM5
SIM1
SIM2
SIM3
SIM4
1
21
22
SIM5
SIM1
SIM2
SIM3
SIM4
1
21
22
SIM5
SIM1
SIM2
SIM3
SIM4
1
21
22
SIM5
SIM1
SIM2
SIM3
SIM4
1
21
22
SIM5
SIM1
SIM2
SIM3
SIM4
1
21
22
SIM5
SIM1
SIM2
SIM3
SIM4
1
21
22
SIM5
SIM1
SIM2
SIM3
SIM4
1
21
22
SIM5
SIM1
SIM2
SIM3
SIM4
1
21
22
SIM5
SIM1
SIM2
SIM3
SIM4
1
21
22
SIM5
SIM1
SIM2
SIM3
SIM4
1
21
22
SIM5
SIM1
SIM2
SIM3
SIM4
1
21
22
SIM5
SIM1
SIM2
SIM3
SIM4
1
21
22
SIM5
SIM1
SIM2
SIM3
SIM4
1
21
22
SIM5
SIM1
SIM2
SIM3
SIM4
1
21
22
SIM5
SIM1
SIM2
SIM3
SIM4
1
21
22
SIM5
SIM1
SIM2
SIM3
SIM4
1
21
22
SIM5
SIM1
SIM2
SIM3
SIM4
1
21
22
SIM5
SIM1
SIM2
SIM3
SIM4
1
21
22
SIM5
SIM1
SIM2
SIM3
SIM4
1
21
22
SIM5
SIM1
SIM2
SIM3
SIM4
1
21
22
SIM5
SIM1
SIM2
SIM3
SIM4
1
21
22
SIM5
SIM1
SIM2
SIM3
SIM4
1
21
22
SIM5
SIM1
SIM2
SIM3
SIM4
1
21
22
SIM5
SIM1
SIM2
SIM3
SIM4
1
21
22
SIM5
SIM1
SIM2
SIM3
SIM4
1
21
22
SIM5
SIM1
SIM2
SIM3
SIM4
1
21
22
SIM5
SIM1
SIM2
SIM3
SIM4
1
21
22
SIM5
SIM1
SIM2
SIM3
SIM4
1
21
22
SIM5
SIM1
SIM2
SIM3
SIM4
1
21
22
SIM5
SIM1
SIM2
SIM3
SIM4
1
21
22
SIM5
SIM1
SIM2
SIM3
SIM4
1
21
22
SIM5
SIM1
SIM2
SIM3
SIM4
1
21
22
SIM5
SIM1
SIM2
SIM3
SIM4
1
21
22
SIM5
SIM1
SIM2
SIM3
SIM4
1
21
22
SIM5
SIM1
SIM2
SIM3
SIM4
1
21
22
SIM5
SIM1
SIM2
SIM3
SIM4
1
21
22
SIM5
SIM1
SIM2
SIM3
SIM4
1
21
22
SIM5
SIM1
SIM2
SIM3
SIM4
1
21
22
SIM5
SIM1
SIM2
SIM3
SIM4
1
21
22
SIM5
SIM1
SIM2
SIM3
SIM4
1
21
22
SIM5
SIM1
SIM2
SIM3
SIM4
1
21
22
SIM5
SIM1
SIM2
SIM3
SIM4
1
21
22
SIM5
SIM1
SIM2
SIM3
SIM4
1
21
22
SIM5
SIM1
SIM2
SIM3
SIM4
1
21
22
SIM5
SIM1
SIM2
SIM3
SIM4
1
21
22
SIM5
SIM1
SIM2
SIM3
SIM4
1
21
22
SIM5
SIM1
SIM2
SIM3
SIM4
1
21
22
SIM5
SIM1
SIM2
SIM3
SIM4
1
21
22
SIM5
SIM1
SIM2
SIM3
SIM4
1
21
22
SIM5
SIM1
SIM2
SIM3
SIM4
1
21
22
SIM5
SIM1
SIM2
SIM3
SIM4
1
21
22
SIM5
SIM1
SIM2
SIM3
SIM4
1
21
22
SIM5
SIM1
SIM2
SIM3
SIM4
1
21
22
SIM5
SIM1
SIM2
SIM3
SIM4
1
21
22
SIM5
SIM1
SIM2
SIM3
SIM4
1
21
22
SIM5
SIM1
SIM2
SIM3
SIM4
1
21
22
SIM5
SIM1
SIM2
SIM3
SIM4
1
21
22
SIM5
SIM1
SIM2
SIM3
SIM4
1
21
22
SIM5
SIM1
SIM2
SIM3
SIM4
1
21
22
SIM5
SIM1
SIM2
SIM3
SIM4
1
21
22
SIM5
SIM1
SIM2
SIM3
SIM4
1
21
22
SIM5
SIM1
SIM2
SIM3
SIM4
1
21
22
SIM5
SIM1
SIM2
SIM3
SIM4
1
21
22
SIM5
SIM1
SIM2
SIM3
SIM4
1
21
22
SIM5
SIM1
SIM2
SIM3
SIM4
1
21
22
SIM5
SIM1
SIM2
SIM3
SIM4
1
21
22
SIM5
SIM1
SIM2
SIM3
SIM4
1
21
22
SIM5
SIM1
SIM2
SIM3
SIM4
1
21
22
SIM5
SIM1
SIM2
SIM3
SIM4
1
21
22
SIM5
SIM1
SIM2
SIM3
SIM4
1
21
22
SIM5
SIM1
SIM2
SIM3
SIM4
1
21
22
SIM5
SIM1
SIM2
SIM3
SIM4
1
21
22
SIM5
SIM1
SIM2
SIM3
SIM4
1
21
22
SIM5
SIM1
SIM2
SIM3
SIM4
1
21
22
SIM5
SIM1
SIM2
SIM3
SIM4
1
21
22
SIM5
SIM1
SIM2
SIM3
SIM4
1
21
22
SIM5
SIM1
SIM2
SIM3
SIM4
1
21
22
SIM5
SIM1
SIM2
SIM3
SIM4
1
21
22
SIM5
SIM1
SIM2
SIM3
SIM4
1
21
22
SIM5
SIM1
SIM2
SIM3
SIM4
1
21
22
SIM5
SIM1
SIM2
SIM3
SIM4
1
21
22
SIM5
SIM1
SIM2
SIM3
SIM4
1
21
22
SIM5
SIM1
SIM2
SIM3
SIM4
1
21
22
SIM5
SIM1
SIM2
SIM3
SIM4
1
21
22
SIM5
SIM1
SIM2
SIM3
SIM4
1
21
22
SIM5
SIM1
SIM2
SIM3
SIM4
1
21
22
SIM5
SIM1
SIM2
SIM3
SIM4
1
21
22
SIM5
SIM1
SIM2
SIM3
SIM4
1
21
22
SIM5
SIM1
SIM2
SIM3
SIM4
1
21
22
SIM5
SIM1
SIM2
SIM3
SIM4
1
21
22
SIM5
SIM1
SIM2
SIM3
SIM4
1
21
22
SIM5
SIM1
SIM2
SIM3
SIM4
1
21
22
SIM5
SIM1
SIM2
SIM3
SIM4
1
21
22
SIM5
SIM1
SIM2
SIM3
SIM4
1
21
22
SIM5
SIM1
SIM2
SIM3
SIM4
1
21
22
SIM5
SIM1
SIM2
SIM3
SIM4
1
21
22
SIM5
SIM1
SIM2
SIM3
SIM4
1
21
22
SIM5
SIM1
SIM2
SIM3
SIM4
1
21
22
SIM5
SIM1
SIM2
SIM3
SIM4
1
21
22
SIM5
SIM1
SIM2
SIM3
SIM4
1
21
22
SIM5
SIM1
SIM2
SIM3
SIM4
1
21
22
SIM5
SIM1
SIM2
SIM3
SIM4
1
21
22
SIM5
SIM1
SIM2
SIM3
SIM4
1
21
22
SIM5
SIM1
SIM2
SIM3
SIM4
1
21
22
SIM5
SIM1
SIM2
SIM3
SIM4
1
21
22
SIM5
SIM1
SIM2
SIM3
SIM4
1
21
22
SIM5
SIM1
SIM2
SIM3
SIM4
1
21
22
SIM5
SIM1
SIM2
SIM3
SIM4
1
21
22
SIM5
SIM1
SIM2
SIM3
SIM4
1
21
22
SIM5
SIM1
SIM2
SIM3
SIM4
1
21
22
SIM5
SIM1
SIM2
SIM3
SIM4
1
21
22
SIM5
SIM1
SIM2
SIM3
SIM4
1
21
22
SIM5
SIM1
SIM2
SIM3
SIM4
1
21
22
SIM5
SIM1
SIM2
SIM3
SIM4
1
21
22
SIM5
SIM1
SIM2
SIM3
SIM4
1
21
22
SIM5
SIM1
SIM2
SIM3
SIM4
1
21
22
SIM5
SIM1
SIM2
SIM3
SIM4
1
21
22
SIM5
SIM1
SIM2
SIM3
SIM4
1
21
22
SIM5
SIM1
SIM2
SIM3
SIM4
1
21
22
SIM5
SIM1
SIM2
SIM3
SIM4
1
21
22
SIM5
SIM1
SIM2
SIM3
SIM4
1
21
22
SIM5
SIM1
SIM2
SIM3
SIM4
1
21
22
SIM5
SIM1
SIM2
SIM3
SIM4
1
21
22
SIM5
SIM1
SIM2
SIM3
SIM4
1
21
22
SIM5
SIM1
SIM2
SIM3
SIM4
1
21
22
SIM5
SIM1
SIM2
SIM3
SIM4
1
21
22
SIM5
SIM1
SIM2
SIM3
SIM4
1
21
22
SIM5
SIM1
SIM2
SIM3
SIM4
1
21
22
SIM5
SIM1
SIM2
SIM3
SIM4
1
21
22
SIM5
SIM1
SIM2
SIM3
SIM4
1
21
22
SIM5
SIM1
SIM2
SIM3
SIM4
1
21
22
SIM5
SIM1
SIM2
SIM3
SIM4
1
21
22
SIM5
SIM1
SIM2
SIM3
SIM4
1
21
22
SIM5
SIM1
SIM2
SIM3
SIM4
1
21
22
SIM5
SIM1
SIM2
SIM3
SIM4
1
21
22
SIM5
SIM1
SIM2
SIM3
SIM4
1
21
22
SIM5
SIM1
SIM2
SIM3
SIM4
1
21
22
SIM5
SIM1
SIM2
SIM3
SIM4
1
21
22
SIM5
SIM1
SIM2
SIM3
SIM4
1
21
22
SIM5
SIM1
SIM2
SIM3
SIM4
1
21
22
SIM5
SIM1
SIM2
SIM3
SIM4
1
21
22
SIM5
SIM1
SIM2
SIM3
SIM4
1
21
22
SIM5
SIM1
SIM2
SIM3
SIM4
1
21
22
SIM5
SIM1
SIM2
SIM3
SIM4
1
21
22
SIM5
SIM1
SIM2
SIM3
SIM4
1
21
22
SIM5
SIM1
SIM2
SIM3
SIM4
1
21
22
SIM5
SIM1
SIM2
SIM3
SIM4
1
21
22
SIM5
SIM1
SIM2
SIM3
SIM4
1
21
22
SIM5
SIM1
SIM2
SIM3
SIM4
1
21
22
SIM5
SIM1
SIM2
SIM3
SIM4
1
21
22
SIM5
SIM1
SIM2
SIM3
SIM4
1
21
22
SIM5
SIM1
SIM2
SIM3
SIM4
1
21
22
SIM5
SIM1
SIM2
SIM3
SIM4
1
21
22
SIM5
SIM1
SIM2
SIM3
SIM4
1
21
22
SIM5
SIM1
SIM2
SIM3
SIM4
1
21
22
SIM5
SIM1
SIM2
SIM3
SIM4
1
21
22
SIM5
SIM1
SIM2
SIM3
SIM4
1
21
22
SIM5
SIM1
SIM2
SIM3
SIM4
1
21
22
SIM5
SIM1
SIM2
SIM3
SIM4
1
21
22
SIM5
SIM1
SIM2
SIM3
SIM4
1
21
22
SIM5
SIM1
SIM2
SIM3
SIM4
1
21
22
SIM5
SIM1
SIM2
SIM3
SIM4
1
21
22
SIM5
SIM1
SIM2
SIM3
SIM4
1
21
22
SIM5
SIM1
SIM2
SIM3
SIM4
1
21
22
SIM5
SIM1
SIM2
SIM3
SIM4
1
21
22
SIM5
SIM1
SIM2
SIM3
SIM4
1
21
22
SIM5
SIM1
SIM2
SIM3
SIM4
1
21
22
SIM5
SIM1
SIM2
SIM3
SIM4
1
21
22
SIM5
SIM1
SIM2
SIM3
SIM4
1
21
22
SIM5
SIM1
SIM2
SIM3
SIM4
1
21
22
SIM5
SIM1
SIM2
SIM3
SIM4
1
21
22
SIM5
SIM1
SIM2
SIM3
SIM4
1
21
22
SIM5
SIM1
SIM2
SIM3
SIM4
1
21
22
SIM5
SIM1
SIM2
SIM3
SIM4
1
21
22
SIM5
SIM1
SIM2
SIM3
SIM4
1
21
22
SIM5
SIM1
SIM2
SIM3
SIM4
1
21
22
SIM5
SIM1
SIM2
SIM3
SIM4
1
21
22
SIM5
SIM1
SIM2
SIM3
SIM4
1
21
22
SIM5
SIM1
SIM2
SIM3
SIM4
1
21
22
SIM5
SIM1
SIM2
SIM3
SIM4
1
21
22
SIM5
SIM1
SIM2
SIM3
SIM4
1
21
22
SIM5
SIM1
SIM2
SIM3
SIM4
1
21
22
SIM5
SIM1
SIM2
SIM3
SIM4
1
21
22
SIM5
SIM1
SIM2
SIM3
SIM4
1
21
22
SIM5
SIM1
SIM2
SIM3
SIM4
1
21
22
SIM5
SIM1
SIM2
SIM3
SIM4
1
21
22
SIM5
SIM1
SIM2
SIM3
SIM4
1
21
22
SIM5
SIM1
SIM2
SIM3
SIM4
1
21
22
SIM5
SIM1
SIM2
SIM3
SIM4
1
21
22
SIM5
SIM1
SIM2
SIM3
SIM4
1
21
22
SIM5
SIM1
SIM2
SIM3
SIM4
1
21
22
SIM5
SIM1
SIM2
SIM3
SIM4
1
21
22
SIM5
SIM1
SIM2
SIM3
SIM4
1
21
22
SIM5
SIM1
SIM2
SIM3
SIM4
1
21
22
SIM5
SIM1
SIM2
SIM3
SIM4
1
21
22
SIM5
SIM1
SIM2
SIM3
SIM4
1
21
22
SIM5
SIM1
SIM2
SIM3
SIM4
1
21
22
SIM5
SIM1
SIM2
SIM3
SIM4
1
21
22
SIM5
SIM1
SIM2
SIM3
SIM4
1
21
22
SIM5
SIM1
SIM2
SIM3
SIM4
1
21
22
SIM5
SIM1
SIM2
SIM3
SIM4
1
21
22
SIM5
SIM1
SIM2
DEBUG 1 509
SIM1
SIM2
SIM3
SIM4
1
21
22
SIM5
SIM1
SIM2
SIM3
SIM4
1
21
22
SIM5
SIM1
SIM2
SIM3
SIM4
1
21
22
SIM5
SIM1
SIM2
SIM3
SIM4
1
21
22
SIM5
SIM1
SIM2
SIM3
SIM4
1
21
22
SIM5
SIM1
SIM2
SIM3
SIM4
1
21
22
SIM5
SIM1
SIM2
SIM3
SIM4
1
21
22
SIM5
SIM1
SIM2
SIM3
SIM4
1
21
22
SIM5
SIM1
SIM2
SIM3
SIM4
1
21
22
SIM5
SIM1
SIM2
SIM3
SIM4
1
21
22
SIM5
SIM1
SIM2
SIM3
SIM4
1
21
22
SIM5
SIM1
SIM2
SIM3
SIM4
1
21
22
SIM5
SIM1
SIM2
SIM3
SIM4
1
21
22
SIM5
SIM1
SIM2
SIM3
SIM4
1
21
22
SIM5
SIM1
SIM2
SIM3
SIM4
1
21
22
SIM5
SIM1
SIM2
SIM3
SIM4
1
21
22
SIM5
SIM1
SIM2
SIM3
SIM4
1
21
22
SIM5
SIM1
SIM2
SIM3
SIM4
1
21
22
SIM5
SIM1
SIM2
SIM3
SIM4
1
21
22
SIM5
SIM1
SIM2
SIM3
SIM4
1
21
22
SIM5
SIM1
SIM2
SIM3
SIM4
1
21
22
SIM5
SIM1
SIM2
SIM3
SIM4
1
21
22
SIM5
SIM1
SIM2
SIM3
SIM4
1
21
22
SIM5
SIM1
SIM2
SIM3
SIM4
1
21
22
SIM5
SIM1
SIM2
SIM3
SIM4
1
21
22
SIM5
SIM1
SIM2
SIM3
SIM4
1
21
22
SIM5
SIM1
SIM2
SIM3
SIM4
1
21
22
SIM5
SIM1
SIM2
SIM3
SIM4
1
21
22
SIM5
SIM1
SIM2
SIM3
SIM4
1
21
22
SIM5
SIM1
SIM2
SIM3
SIM4
1
21
22
SIM5
SIM1
SIM2
SIM3
SIM4
1
21
22
SIM5
SIM1
SIM2
SIM3
SIM4
1
21
22
SIM5
SIM1
SIM2
SIM3
SIM4
1
21
22
SIM5
SIM1
SIM2
SIM3
SIM4
1
21
22
SIM5
SIM1
SIM2
SIM3
SIM4
1
21
22
SIM5
SIM1
SIM2
SIM3
SIM4
1
21
22
SIM5
SIM1
SIM2
SIM3
SIM4
1
21
22
SIM5
SIM1
SIM2
SIM3
SIM4
1
21
22
SIM5
SIM1
SIM2
SIM3
SIM4
1
21
22
SIM5
SIM1
SIM2
SIM3
SIM4
1
21
22
SIM5
SIM1
SIM2
SIM3
SIM4
1
21
22
SIM5
SIM1
SIM2
SIM3
SIM4
1
21
22
SIM5
SIM1
SIM2
SIM3
SIM4
1
21
22
SIM5
SIM1
SIM2
SIM3
SIM4
1
21
22
SIM5
SIM1
SIM2
SIM3
SIM4
1
21
22
SIM5
SIM1
SIM2
SIM3
SIM4
1
21
22
SIM5
SIM1
SIM2
SIM3
SIM4
1
21
22
SIM5
SIM1
SIM2
SIM3
SIM4
1
21
22
SIM5
SIM1
SIM2
SIM3
SIM4
1
21
22
SIM5
SIM1
SIM2
SIM3
SIM4
1
21
22
SIM5
SIM1
SIM2
SIM3
SIM4
1
21
22
SIM5
SIM1
SIM2
SIM3
SIM4
1
21
22
SIM5
SIM1
SIM2
SIM3
SIM4
1
21
22
SIM5
SIM1
SIM2
SIM3
SIM4
1
21
22
SIM5
SIM1
SIM2
SIM3
SIM4
1
21
22
SIM5
SIM1
SIM2
SIM3
SIM4
1
21
22
SIM5
SIM1
SIM2
SIM3
SIM4
1
21
22
SIM5
SIM1
SIM2
SIM3
SIM4
1
21
22
SIM5
SIM1
SIM2
SIM3
SIM4
1
21
22
SIM5
SIM1
SIM2
SIM3
SIM4
1
21
22
SIM5
SIM1
SIM2
SIM3
SIM4
1
21
22
SIM5
SIM1
SIM2
SIM3
SIM4
1
21
22
SIM5
SIM1
SIM2
SIM3
SIM4
1
21
22
SIM5
SIM1
SIM2
SIM3
SIM4
1
21
22
SIM5
SIM1
SIM2
SIM3
SIM4
1
21
22
SIM5
SIM1
SIM2
SIM3
SIM4
1
21
22
SIM5
SIM1
SIM2
SIM3
SIM4
1
21
22
SIM5
SIM1
SIM2
SIM3
SIM4
1
21
22
SIM5
SIM1
SIM2
SIM3
SIM4
1
21
22
SIM5
SIM1
SIM2
SIM3
SIM4
1
21
22
SIM5
SIM1
SIM2
SIM3
SIM4
1
21
22
SIM5
SIM1
SIM2
SIM3
SIM4
1
21
22
SIM5
SIM1
SIM2
SIM3
SIM4
1
21
22
SIM5
SIM1
SIM2
SIM3
SIM4
1
21
22
SIM5
SIM1
SIM2
SIM3
SIM4
1
21
22
SIM5
SIM1
SIM2
SIM3
SIM4
1
21
22
SIM5
SIM1
SIM2
SIM3
SIM4
1
21
22
SIM5
SIM1
SIM2
SIM3
SIM4
1
21
22
SIM5
SIM1
SIM2
SIM3
SIM4
1
21
22
SIM5
SIM1
SIM2
SIM3
SIM4
1
21
22
SIM5
SIM1
SIM2
SIM3
SIM4
1
21
22
SIM5
SIM1
SIM2
SIM3
SIM4
1
21
22
SIM5
SIM1
SIM2
SIM3
SIM4
1
21
22
SIM5
SIM1
SIM2
SIM3
SIM4
1
21
22
SIM5
SIM1
SIM2
SIM3
SIM4
1
21
22
SIM5
SIM1
SIM2
SIM3
SIM4
1
21
22
SIM5
SIM1
SIM2
SIM3
SIM4
1
21
22
SIM5
SIM1
SIM2
SIM3
SIM4
1
21
22
SIM5
SIM1
SIM2
SIM3
SIM4
1
21
22
SIM5
SIM1
SIM2
SIM3
SIM4
1
21
22
SIM5
SIM1
SIM2
SIM3
SIM4
1
21
22
SIM5
SIM1
SIM2
SIM3
SIM4
1
21
22
SIM5
SIM1
SIM2
SIM3
SIM4
1
21
22
SIM5
SIM1
SIM2
SIM3
SIM4
1
21
22
SIM5
SIM1
SIM2
SIM3
SIM4
1
21
22
SIM5
SIM1
SIM2
SIM3
SIM4
1
21
22
SIM5
SIM1
SIM2
SIM3
SIM4
1
21
22
SIM5
SIM1
SIM2
SIM3
SIM4
1
21
22
SIM5
SIM1
SIM2
SIM3
SIM4
1
21
22
SIM5
SIM1
SIM2
SIM3
SIM4
1
21
22
SIM5
SIM1
SIM2
SIM3
SIM4
1
21
22
SIM5
SIM1
SIM2
SIM3
SIM4
1
21
22
SIM5
SIM1
SIM2
SIM3
SIM4
1
21
22
SIM5
SIM1
SIM2
SIM3
SIM4
1
21
22
SIM5
SIM1
SIM2
SIM3
SIM4
1
21
22
SIM5
SIM1
SIM2
SIM3
SIM4
1
21
22
SIM5
SIM1
SIM2
SIM3
SIM4
1
21
22
SIM5
SIM1
SIM2
SIM3
SIM4
1
21
22
SIM5
SIM1
SIM2
SIM3
SIM4
1
21
22
SIM5
SIM1
SIM2
SIM3
SIM4
1
21
22
SIM5
SIM1
SIM2
SIM3
SIM4
1
21
22
SIM5
SIM1
SIM2
SIM3
SIM4
1
21
22
SIM5
SIM1
SIM2
SIM3
SIM4
1
21
22
SIM5
SIM1
SIM2
SIM3
SIM4
1
21
22
SIM5
SIM1
SIM2
SIM3
SIM4
1
21
22
SIM5
SIM1
SIM2
SIM3
SIM4
1
21
22
SIM5
SIM1
SIM2
SIM3
SIM4
1
21
22
SIM5
SIM1
SIM2
SIM3
SIM4
1
21
22
SIM5
SIM1
SIM2
SIM3
SIM4
1
21
22
SIM5
SIM1
SIM2
SIM3
SIM4
1
21
22
SIM5
SIM1
SIM2
SIM3
SIM4
1
21
22
SIM5
SIM1
SIM2
SIM3
SIM4
1
21
22
SIM5
SIM1
SIM2
SIM3
SIM4
1
21
22
SIM5
SIM1
SIM2
SIM3
SIM4
1
21
22
SIM5
SIM1
SIM2
SIM3
SIM4
1
21
22
SIM5
SIM1
SIM2
SIM3
SIM4
1
21
22
SIM5
SIM1
SIM2
SIM3
SIM4
1
21
22
SIM5
SIM1
SIM2
SIM3
SIM4
1
21
22
SIM5
SIM1
SIM2
SIM3
SIM4
1
21
22
SIM5
SIM1
SIM2
SIM3
SIM4
1
21
22
SIM5
SIM1
SIM2
SIM3
SIM4
1
21
22
SIM5
SIM1
SIM2
SIM3
SIM4
1
21
22
SIM5
SIM1
SIM2
SIM3
SIM4
1
21
22
SIM5
SIM1
SIM2
SIM3
SIM4
1
21
22
SIM5
SIM1
SIM2
SIM3
SIM4
1
21
22
SIM5
SIM1
SIM2
SIM3
SIM4
1
21
22
SIM5
SIM1
SIM2
SIM3
SIM4
1
21
22
SIM5
SIM1
SIM2
SIM3
SIM4
1
21
22
SIM5
SIM1
SIM2
SIM3
SIM4
1
21
22
SIM5
SIM1
SIM2
SIM3
SIM4
1
21
22
SIM5
SIM1
SIM2
SIM3
SIM4
1
21
22
SIM5
SIM1
SIM2
SIM3
SIM4
1
21
22
SIM5
SIM1
SIM2
SIM3
SIM4
1
21
22
SIM5
SIM1
SIM2
SIM3
SIM4
1
21
22
SIM5
SIM1
SIM2
SIM3
SIM4
1
21
22
SIM5
SIM1
SIM2
SIM3
SIM4
1
21
22
SIM5
SIM1
SIM2
SIM3
SIM4
1
21
22
SIM5
SIM1
SIM2
SIM3
SIM4
1
21
22
SIM5
SIM1
SIM2
SIM3
SIM4
1
21
22
SIM5
SIM1
SIM2
SIM3
SIM4
1
21
22
SIM5
SIM1
SIM2
SIM3
SIM4
1
21
22
SIM5
SIM1
SIM2
SIM3
SIM4
1
21
22
SIM5
SIM1
SIM2
SIM3
SIM4
1
21
22
SIM5
SIM1
SIM2
SIM3
SIM4
1
21
22
SIM5
SIM1
SIM2
SIM3
SIM4
1
21
22
SIM5
SIM1
SIM2
SIM3
SIM4
1
21
22
SIM5
SIM1
SIM2
SIM3
SIM4
1
21
22
SIM5
SIM1
SIM2
SIM3
SIM4
1
21
22
SIM5
SIM1
SIM2
SIM3
SIM4
1
21
22
SIM5
SIM1
SIM2
SIM3
SIM4
1
21
22
SIM5
SIM1
SIM2
SIM3
SIM4
1
21
22
SIM5
SIM1
SIM2
SIM3
SIM4
1
21
22
SIM5
SIM1
SIM2
SIM3
SIM4
1
21
22
SIM5
SIM1
SIM2
SIM3
SIM4
1
21
22
SIM5
SIM1
SIM2
SIM3
SIM4
1
21
22
SIM5
SIM1
SIM2
SIM3
SIM4
1
21
22
SIM5
SIM1
SIM2
SIM3
SIM4
1
21
22
SIM5
SIM1
SIM2
SIM3
SIM4
1
21
22
SIM5
SIM1
SIM2
SIM3
SIM4
1
21
22
SIM5
SIM1
SIM2
SIM3
SIM4
1
21
22
SIM5
SIM1
SIM2
SIM3
SIM4
1
21
22
SIM5
SIM1
SIM2
SIM3
SIM4
1
21
22
SIM5
SIM1
SIM2
SIM3
SIM4
1
21
22
SIM5
SIM1
SIM2
SIM3
SIM4
1
21
22
SIM5
SIM1
SIM2
SIM3
SIM4
1
21
22
SIM5
SIM1
SIM2
SIM3
SIM4
1
21
22
SIM5
SIM1
SIM2
SIM3
SIM4
1
21
22
SIM5
SIM1
SIM2
SIM3
SIM4
1
21
22
SIM5
SIM1
SIM2
SIM3
SIM4
1
21
22
SIM5
SIM1
SIM2
SIM3
SIM4
1
21
22
SIM5
SIM1
SIM2
SIM3
SIM4
1
21
22
SIM5
SIM1
SIM2
SIM3
SIM4
1
21
22
SIM5
SIM1
SIM2
SIM3
SIM4
1
21
22
SIM5
SIM1
SIM2
SIM3
SIM4
1
21
22
SIM5
SIM1
SIM2
SIM3
SIM4
1
21
22
SIM5
SIM1
SIM2
SIM3
SIM4
1
21
22
SIM5
SIM1
SIM2
SIM3
SIM4
1
21
22
SIM5
SIM1
SIM2
SIM3
SIM4
1
21
22
SIM5
SIM1
SIM2
SIM3
SIM4
1
21
22
SIM5
SIM1
SIM2
DEBUG 1 510
SIM1
SIM2
SIM3
SIM4
1
21
22
SIM5
SIM1
SIM2
SIM3
SIM4
1
21
22
SIM5
SIM1
SIM2
SIM3
SIM4
1
21
22
SIM5
SIM1
SIM2
SIM3
SIM4
1
21
22
SIM5
SIM1
SIM2
SIM3
SIM4
1
21
22
SIM5
SIM1
SIM2
SIM3
SIM4
1
21
22
SIM5
SIM1
SIM2
SIM3
SIM4
1
21
22
SIM5
SIM1
SIM2
SIM3
SIM4
1
21
22
SIM5
SIM1
SIM2
SIM3
SIM4
1
21
22
SIM5
SIM1
SIM2
SIM3
SIM4
1
21
22
SIM5
SIM1
SIM2
SIM3
SIM4
1
21
22
SIM5
SIM1
SIM2
SIM3
SIM4
1
21
22
SIM5
SIM1
SIM2
SIM3
SIM4
1
21
22
SIM5
SIM1
SIM2
SIM3
SIM4
1
21
22
SIM5
SIM1
SIM2
SIM3
SIM4
1
21
22
SIM5
SIM1
SIM2
SIM3
SIM4
1
21
22
SIM5
SIM1
SIM2
SIM3
SIM4
1
21
22
SIM5
SIM1
SIM2
SIM3
SIM4
1
21
22
SIM5
SIM1
SIM2
SIM3
SIM4
1
21
22
SIM5
SIM1
SIM2
SIM3
SIM4
1
21
22
SIM5
SIM1
SIM2
SIM3
SIM4
1
21
22
SIM5
SIM1
SIM2
SIM3
SIM4
1
21
22
SIM5
SIM1
SIM2
SIM3
SIM4
1
21
22
SIM5
SIM1
SIM2
SIM3
SIM4
1
21
22
SIM5
SIM1
SIM2
SIM3
SIM4
1
21
22
SIM5
SIM1
SIM2
SIM3
SIM4
1
21
22
SIM5
SIM1
SIM2
SIM3
SIM4
1
21
22
SIM5
SIM1
SIM2
SIM3
SIM4
1
21
22
SIM5
SIM1
SIM2
SIM3
SIM4
1
21
22
SIM5
SIM1
SIM2
SIM3
SIM4
1
21
22
SIM5
SIM1
SIM2
SIM3
SIM4
1
21
22
SIM5
SIM1
SIM2
SIM3
SIM4
1
21
22
SIM5
SIM1
SIM2
SIM3
SIM4
1
21
22
SIM5
SIM1
SIM2
SIM3
SIM4
1
21
22
SIM5
SIM1
SIM2
SIM3
SIM4
1
21
22
SIM5
SIM1
SIM2
SIM3
SIM4
1
21
22
SIM5
SIM1
SIM2
SIM3
SIM4
1
21
22
SIM5
SIM1
SIM2
SIM3
SIM4
1
21
22
SIM5
SIM1
SIM2
SIM3
SIM4
1
21
22
SIM5
SIM1
SIM2
SIM3
SIM4
1
21
22
SIM5
SIM1
SIM2
SIM3
SIM4
1
21
22
SIM5
SIM1
SIM2
SIM3
SIM4
1
21
22
SIM5
SIM1
SIM2
SIM3
SIM4
1
21
22
SIM5
SIM1
SIM2
SIM3
SIM4
1
21
22
SIM5
SIM1
SIM2
SIM3
SIM4
1
21
22
SIM5
SIM1
SIM2
SIM3
SIM4
1
21
22
SIM5
SIM1
SIM2
SIM3
SIM4
1
21
22
SIM5
SIM1
SIM2
SIM3
SIM4
1
21
22
SIM5
SIM1
SIM2
SIM3
SIM4
1
21
22
SIM5
SIM1
SIM2
SIM3
SIM4
1
21
22
SIM5
SIM1
SIM2
SIM3
SIM4
1
21
22
SIM5
SIM1
SIM2
SIM3
SIM4
1
21
22
SIM5
SIM1
SIM2
SIM3
SIM4
1
21
22
SIM5
SIM1
SIM2
SIM3
SIM4
1
21
22
SIM5
SIM1
SIM2
SIM3
SIM4
1
21
22
SIM5
SIM1
SIM2
SIM3
SIM4
1
21
22
SIM5
SIM1
SIM2
SIM3
SIM4
1
21
22
SIM5
SIM1
SIM2
SIM3
SIM4
1
21
22
SIM5
SIM1
SIM2
SIM3
SIM4
1
21
22
SIM5
SIM1
SIM2
SIM3
SIM4
1
21
22
SIM5
SIM1
SIM2
SIM3
SIM4
1
21
22
SIM5
SIM1
SIM2
SIM3
SIM4
1
21
22
SIM5
SIM1
SIM2
SIM3
SIM4
1
21
22
SIM5
SIM1
SIM2
SIM3
SIM4
1
21
22
SIM5
SIM1
SIM2
SIM3
SIM4
1
21
22
SIM5
SIM1
SIM2
SIM3
SIM4
1
21
22
SIM5
SIM1
SIM2
SIM3
SIM4
1
21
22
SIM5
SIM1
SIM2
SIM3
SIM4
1
21
22
SIM5
SIM1
SIM2
SIM3
SIM4
1
21
22
SIM5
SIM1
SIM2
SIM3
SIM4
1
21
22
SIM5
SIM1
SIM2
SIM3
SIM4
1
21
22
SIM5
SIM1
SIM2
SIM3
SIM4
1
21
22
SIM5
SIM1
SIM2
SIM3
SIM4
1
21
22
SIM5
SIM1
SIM2
SIM3
SIM4
1
21
22
SIM5
SIM1
SIM2
SIM3
SIM4
1
21
22
SIM5
SIM1
SIM2
SIM3
SIM4
1
21
22
SIM5
SIM1
SIM2
SIM3
SIM4
1
21
22
SIM5
SIM1
SIM2
SIM3
SIM4
1
21
22
SIM5
SIM1
SIM2
SIM3
SIM4
1
21
22
SIM5
SIM1
SIM2
SIM3
SIM4
1
21
22
SIM5
SIM1
SIM2
SIM3
SIM4
1
21
22
SIM5
SIM1
SIM2
SIM3
SIM4
1
21
22
SIM5
SIM1
SIM2
SIM3
SIM4
1
21
22
SIM5
SIM1
SIM2
SIM3
SIM4
1
21
22
SIM5
SIM1
SIM2
SIM3
SIM4
1
21
22
SIM5
SIM1
SIM2
SIM3
SIM4
1
21
22
SIM5
SIM1
SIM2
SIM3
SIM4
1
21
22
SIM5
SIM1
SIM2
SIM3
SIM4
1
21
22
SIM5
SIM1
SIM2
SIM3
SIM4
1
21
22
SIM5
SIM1
SIM2
SIM3
SIM4
1
21
22
SIM5
SIM1
SIM2
SIM3
SIM4
1
21
22
SIM5
SIM1
SIM2
SIM3
SIM4
1
21
22
SIM5
SIM1
SIM2
SIM3
SIM4
1
21
22
SIM5
SIM1
SIM2
SIM3
SIM4
1
21
22
SIM5
SIM1
SIM2
SIM3
SIM4
1
21
22
SIM5
SIM1
SIM2
SIM3
SIM4
1
21
22
SIM5
SIM1
SIM2
SIM3
SIM4
1
21
22
SIM5
SIM1
SIM2
SIM3
SIM4
1
21
22
SIM5
SIM1
SIM2
SIM3
SIM4
1
21
22
SIM5
SIM1
SIM2
SIM3
SIM4
1
21
22
SIM5
SIM1
SIM2
SIM3
SIM4
1
21
22
SIM5
SIM1
SIM2
SIM3
SIM4
1
21
22
SIM5
SIM1
SIM2
SIM3
SIM4
1
21
22
SIM5
SIM1
SIM2
SIM3
SIM4
1
21
22
SIM5
SIM1
SIM2
SIM3
SIM4
1
21
22
SIM5
SIM1
SIM2
SIM3
SIM4
1
21
22
SIM5
SIM1
SIM2
SIM3
SIM4
1
21
22
SIM5
SIM1
SIM2
SIM3
SIM4
1
21
22
SIM5
SIM1
SIM2
SIM3
SIM4
1
21
22
SIM5
SIM1
SIM2
SIM3
SIM4
1
21
22
SIM5
SIM1
SIM2
SIM3
SIM4
1
21
22
SIM5
SIM1
SIM2
SIM3
SIM4
1
21
22
SIM5
SIM1
SIM2
SIM3
SIM4
1
21
22
SIM5
SIM1
SIM2
SIM3
SIM4
1
21
22
SIM5
SIM1
SIM2
SIM3
SIM4
1
21
22
SIM5
SIM1
SIM2
SIM3
SIM4
1
21
22
SIM5
SIM1
SIM2
SIM3
SIM4
1
21
22
SIM5
SIM1
SIM2
SIM3
SIM4
1
21
22
SIM5
SIM1
SIM2
SIM3
SIM4
1
21
22
SIM5
SIM1
SIM2
SIM3
SIM4
1
21
22
SIM5
SIM1
SIM2
SIM3
SIM4
1
21
22
SIM5
SIM1
SIM2
SIM3
SIM4
1
21
22
SIM5
SIM1
SIM2
SIM3
SIM4
1
21
22
SIM5
SIM1
SIM2
SIM3
SIM4
1
21
22
SIM5
SIM1
SIM2
SIM3
SIM4
1
21
22
SIM5
SIM1
SIM2
SIM3
SIM4
1
21
22
SIM5
SIM1
SIM2
SIM3
SIM4
1
21
22
SIM5
SIM1
SIM2
SIM3
SIM4
1
21
22
SIM5
SIM1
SIM2
SIM3
SIM4
1
21
22
SIM5
SIM1
SIM2
SIM3
SIM4
1
21
22
SIM5
SIM1
SIM2
SIM3
SIM4
1
21
22
SIM5
SIM1
SIM2
SIM3
SIM4
1
21
22
SIM5
SIM1
SIM2
SIM3
SIM4
1
21
22
SIM5
SIM1
SIM2
SIM3
SIM4
1
21
22
SIM5
SIM1
SIM2
SIM3
SIM4
1
21
22
SIM5
SIM1
SIM2
DEBUG 1 511
SIM1
SIM2
SIM3
SIM4
1
21
22
SIM5
SIM1
SIM2
SIM3
SIM4
1
21
22
SIM5
SIM1
SIM2
SIM3
SIM4
1
21
22
SIM5
SIM1
SIM2
SIM3
SIM4
1
21
22
SIM5
SIM1
SIM2
SIM3
SIM4
1
21
22
SIM5
SIM1
SIM2
SIM3
SIM4
1
21
22
SIM5
SIM1
SIM2
SIM3
SIM4
1
21
22
SIM5
SIM1
SIM2
SIM3
SIM4
1
21
22
SIM5
SIM1
SIM2
SIM3
SIM4
1
21
22
SIM5
SIM1
SIM2
SIM3
SIM4
1
21
22
SIM5
SIM1
SIM2
SIM3
SIM4
1
21
22
SIM5
SIM1
SIM2
SIM3
SIM4
1
21
22
SIM5
SIM1
SIM2
SIM3
SIM4
1
21
22
SIM5
SIM1
SIM2
SIM3
SIM4
1
21
22
SIM5
SIM1
SIM2
SIM3
SIM4
1
21
22
SIM5
SIM1
SIM2
SIM3
SIM4
1
21
22
SIM5
SIM1
SIM2
SIM3
SIM4
1
21
22
SIM5
SIM1
SIM2
SIM3
SIM4
1
21
22
SIM5
SIM1
SIM2
SIM3
SIM4
1
21
22
SIM5
SIM1
SIM2
SIM3
SIM4
1
21
22
SIM5
SIM1
SIM2
SIM3
SIM4
1
21
22
SIM5
SIM1
SIM2
SIM3
SIM4
1
21
22
SIM5
SIM1
SIM2
SIM3
SIM4
1
21
22
SIM5
SIM1
SIM2
SIM3
SIM4
1
21
22
SIM5
SIM1
SIM2
SIM3
SIM4
1
21
22
SIM5
SIM1
SIM2
SIM3
SIM4
1
21
22
SIM5
SIM1
SIM2
SIM3
SIM4
1
21
22
SIM5
SIM1
SIM2
SIM3
SIM4
1
21
22
SIM5
SIM1
SIM2
SIM3
SIM4
1
21
22
SIM5
SIM1
SIM2
SIM3
SIM4
1
21
22
SIM5
SIM1
SIM2
SIM3
SIM4
1
21
22
SIM5
SIM1
SIM2
SIM3
SIM4
1
21
22
SIM5
SIM1
SIM2
SIM3
SIM4
1
21
22
SIM5
SIM1
SIM2
SIM3
SIM4
1
21
22
SIM5
SIM1
SIM2
SIM3
SIM4
1
21
22
SIM5
SIM1
SIM2
SIM3
SIM4
1
21
22
SIM5
SIM1
SIM2
SIM3
SIM4
1
21
22
SIM5
SIM1
SIM2
SIM3
SIM4
1
21
22
SIM5
SIM1
SIM2
SIM3
SIM4
1
21
22
SIM5
SIM1
SIM2
SIM3
SIM4
1
21
22
SIM5
SIM1
SIM2
SIM3
SIM4
1
21
22
SIM5
SIM1
SIM2
SIM3
SIM4
1
21
22
SIM5
SIM1
SIM2
SIM3
SIM4
1
21
22
SIM5
SIM1
SIM2
SIM3
SIM4
1
21
22
SIM5
SIM1
SIM2
SIM3
SIM4
1
21
22
SIM5
SIM1
SIM2
SIM3
SIM4
1
21
22
SIM5
SIM1
SIM2
SIM3
SIM4
1
21
22
SIM5
SIM1
SIM2
SIM3
SIM4
1
21
22
SIM5
SIM1
SIM2
SIM3
SIM4
1
21
22
SIM5
SIM1
SIM2
SIM3
SIM4
1
21
22
SIM5
SIM1
SIM2
SIM3
SIM4
1
21
22
SIM5
SIM1
SIM2
SIM3
SIM4
1
21
22
SIM5
SIM1
SIM2
SIM3
SIM4
1
21
22
SIM5
SIM1
SIM2
SIM3
SIM4
1
21
22
SIM5
SIM1
SIM2
SIM3
SIM4
1
21
22
SIM5
SIM1
SIM2
SIM3
SIM4
1
21
22
SIM5
SIM1
SIM2
SIM3
SIM4
1
21
22
SIM5
SIM1
SIM2
SIM3
SIM4
1
21
22
SIM5
SIM1
SIM2
SIM3
SIM4
1
21
22
SIM5
SIM1
SIM2
SIM3
SIM4
1
21
22
SIM5
SIM1
SIM2
SIM3
SIM4
1
21
22
SIM5
SIM1
SIM2
SIM3
SIM4
1
21
22
SIM5
SIM1
SIM2
SIM3
SIM4
1
21
22
SIM5
SIM1
SIM2
SIM3
SIM4
1
21
22
SIM5
SIM1
SIM2
SIM3
SIM4
1
21
22
SIM5
SIM1
SIM2
SIM3
SIM4
1
21
22
SIM5
SIM1
SIM2
SIM3
SIM4
1
21
22
SIM5
SIM1
SIM2
SIM3
SIM4
1
21
22
SIM5
SIM1
SIM2
SIM3
SIM4
1
21
22
SIM5
SIM1
SIM2
SIM3
SIM4
1
21
22
SIM5
SIM1
SIM2
SIM3
SIM4
1
21
22
SIM5
SIM1
SIM2
SIM3
SIM4
1
21
22
SIM5
SIM1
SIM2
SIM3
SIM4
1
21
22
SIM5
SIM1
SIM2
SIM3
SIM4
1
21
22
SIM5
SIM1
SIM2
SIM3
SIM4
1
21
22
SIM5
SIM1
SIM2
SIM3
SIM4
1
21
22
SIM5
SIM1
SIM2
SIM3
SIM4
1
21
22
SIM5
SIM1
SIM2
SIM3
SIM4
1
21
22
SIM5
SIM1
SIM2
SIM3
SIM4
1
21
22
SIM5
SIM1
SIM2
SIM3
SIM4
1
21
22
SIM5
SIM1
SIM2
SIM3
SIM4
1
21
22
SIM5
SIM1
SIM2
SIM3
SIM4
1
21
22
SIM5
SIM1
SIM2
SIM3
SIM4
1
21
22
SIM5
SIM1
SIM2
SIM3
SIM4
1
21
22
SIM5
SIM1
SIM2
SIM3
SIM4
1
21
22
SIM5
SIM1
SIM2
SIM3
SIM4
1
21
22
SIM5
SIM1
SIM2
SIM3
SIM4
1
21
22
SIM5
SIM1
SIM2
SIM3
SIM4
1
21
22
SIM5
SIM1
SIM2
SIM3
SIM4
1
21
22
SIM5
SIM1
SIM2
SIM3
SIM4
1
21
22
SIM5
SIM1
SIM2
SIM3
SIM4
1
21
22
SIM5
SIM1
SIM2
SIM3
SIM4
1
21
22
SIM5
SIM1
SIM2
SIM3
SIM4
1
21
22
SIM5
SIM1
SIM2
DEBUG 1 512
SIM1
SIM2
SIM3
SIM4
1
21
22
SIM5
SIM1
SIM2
SIM3
SIM4
1
21
22
SIM5
SIM1
SIM2
SIM3
SIM4
1
21
22
SIM5
SIM1
SIM2
SIM3
SIM4
1
21
22
SIM5
SIM1
SIM2
SIM3
SIM4
1
21
22
SIM5
SIM1
SIM2
SIM3
SIM4
1
21
22
SIM5
SIM1
SIM2
SIM3
SIM4
1
21
22
SIM5
SIM1
SIM2
SIM3
SIM4
1
21
22
SIM5
SIM1
SIM2
SIM3
SIM4
1
21
22
SIM5
SIM1
SIM2
SIM3
SIM4
1
21
22
SIM5
SIM1
SIM2
SIM3
SIM4
1
21
22
SIM5
SIM1
SIM2
SIM3
SIM4
1
21
22
SIM5
SIM1
SIM2
SIM3
SIM4
1
21
22
SIM5
SIM1
SIM2
SIM3
SIM4
1
21
22
SIM5
SIM1
SIM2
SIM3
SIM4
1
21
22
SIM5
SIM1
SIM2
SIM3
SIM4
1
21
22
SIM5
SIM1
SIM2
SIM3
SIM4
1
21
22
SIM5
SIM1
SIM2
SIM3
SIM4
1
21
22
SIM5
SIM1
SIM2
SIM3
SIM4
1
21
22
SIM5
SIM1
SIM2
SIM3
SIM4
1
21
22
SIM5
SIM1
SIM2
SIM3
SIM4
1
21
22
SIM5
SIM1
SIM2
SIM3
SIM4
1
21
22
SIM5
SIM1
SIM2
SIM3
SIM4
1
21
22
SIM5
SIM1
SIM2
SIM3
SIM4
1
21
22
SIM5
SIM1
SIM2
SIM3
SIM4
1
21
22
SIM5
SIM1
SIM2
SIM3
SIM4
1
21
22
SIM5
SIM1
SIM2
SIM3
SIM4
1
21
22
SIM5
SIM1
SIM2
SIM3
SIM4
1
21
22
SIM5
SIM1
SIM2
SIM3
SIM4
1
21
22
SIM5
SIM1
SIM2
SIM3
SIM4
1
21
22
SIM5
SIM1
SIM2
SIM3
SIM4
1
21
22
SIM5
SIM1
SIM2
SIM3
SIM4
1
21
22
SIM5
SIM1
SIM2
SIM3
SIM4
1
21
22
SIM5
SIM1
SIM2
SIM3
SIM4
1
21
22
SIM5
SIM1
SIM2
SIM3
SIM4
1
21
22
SIM5
SIM1
SIM2
SIM3
SIM4
1
21
22
SIM5
SIM1
SIM2
SIM3
SIM4
1
21
22
SIM5
SIM1
SIM2
SIM3
SIM4
1
21
22
SIM5
SIM1
SIM2
SIM3
SIM4
1
21
22
SIM5
SIM1
SIM2
SIM3
SIM4
1
21
22
SIM5
SIM1
SIM2
SIM3
SIM4
1
21
22
SIM5
SIM1
SIM2
SIM3
SIM4
1
21
22
SIM5
SIM1
SIM2
SIM3
SIM4
1
21
22
SIM5
SIM1
SIM2
SIM3
SIM4
1
21
22
SIM5
SIM1
SIM2
SIM3
SIM4
1
21
22
SIM5
SIM1
SIM2
SIM3
SIM4
1
21
22
SIM5
SIM1
SIM2
SIM3
SIM4
1
21
22
SIM5
SIM1
SIM2
SIM3
SIM4
1
21
22
SIM5
SIM1
SIM2
SIM3
SIM4
1
21
22
SIM5
SIM1
SIM2
SIM3
SIM4
1
21
22
SIM5
SIM1
SIM2
SIM3
SIM4
1
21
22
SIM5
SIM1
SIM2
SIM3
SIM4
1
21
22
SIM5
SIM1
SIM2
SIM3
SIM4
1
21
22
SIM5
SIM1
SIM2
SIM3
SIM4
1
21
22
SIM5
SIM1
SIM2
SIM3
SIM4
1
21
22
SIM5
SIM1
SIM2
SIM3
SIM4
1
21
22
SIM5
SIM1
SIM2
SIM3
SIM4
1
21
22
SIM5
SIM1
SIM2
SIM3
SIM4
1
21
22
SIM5
SIM1
SIM2
SIM3
SIM4
1
21
22
SIM5
SIM1
SIM2
SIM3
SIM4
1
21
22
SIM5
SIM1
SIM2
SIM3
SIM4
1
21
22
SIM5
SIM1
SIM2
SIM3
SIM4
1
21
22
SIM5
SIM1
SIM2
SIM3
SIM4
1
21
22
SIM5
SIM1
SIM2
SIM3
SIM4
1
21
22
SIM5
SIM1
SIM2
SIM3
SIM4
1
21
22
SIM5
SIM1
SIM2
SIM3
SIM4
1
21
22
SIM5
SIM1
SIM2
SIM3
SIM4
1
21
22
SIM5
SIM1
SIM2
SIM3
SIM4
1
21
22
SIM5
SIM1
SIM2
SIM3
SIM4
1
21
22
SIM5
SIM1
SIM2
SIM3
SIM4
1
21
22
SIM5
SIM1
SIM2
SIM3
SIM4
1
21
22
SIM5
SIM1
SIM2
SIM3
SIM4
1
21
22
SIM5
SIM1
SIM2
SIM3
SIM4
1
21
22
SIM5
SIM1
SIM2
SIM3
SIM4
1
21
22
SIM5
SIM1
SIM2
SIM3
SIM4
1
21
22
SIM5
SIM1
SIM2
SIM3
SIM4
1
21
22
SIM5
SIM1
SIM2
SIM3
SIM4
1
21
22
SIM5
SIM1
SIM2
SIM3
SIM4
1
21
22
SIM5
SIM1
SIM2
SIM3
SIM4
1
21
22
SIM5
SIM1
SIM2
SIM3
SIM4
1
21
22
SIM5
SIM1
SIM2
SIM3
SIM4
1
21
22
SIM5
SIM1
SIM2
SIM3
SIM4
1
21
22
SIM5
SIM1
SIM2
SIM3
SIM4
1
21
22
SIM5
SIM1
SIM2
SIM3
SIM4
1
21
22
SIM5
SIM1
SIM2
SIM3
SIM4
1
21
22
SIM5
SIM1
SIM2
SIM3
SIM4
1
21
22
SIM5
SIM1
SIM2
SIM3
SIM4
1
21
22
SIM5
SIM1
SIM2
SIM3
SIM4
1
21
22
SIM5
SIM1
SIM2
SIM3
SIM4
1
21
22
SIM5
SIM1
SIM2
SIM3
SIM4
1
21
22
SIM5
SIM1
SIM2
SIM3
SIM4
1
21
22
SIM5
SIM1
SIM2
SIM3
SIM4
1
21
22
SIM5
SIM1
SIM2
SIM3
SIM4
1
21
22
SIM5
SIM1
SIM2
SIM3
SIM4
1
21
22
SIM5
SIM1
SIM2
SIM3
SIM4
1
21
22
SIM5
SIM1
SIM2
SIM3
SIM4
1
21
22
SIM5
SIM1
SIM2
SIM3
SIM4
1
21
22
SIM5
SIM1
SIM2
SIM3
SIM4
1
21
22
SIM5
SIM1
SIM2
SIM3
SIM4
1
21
22
SIM5
SIM1
SIM2
SIM3
SIM4
1
21
22
SIM5
SIM1
SIM2
SIM3
SIM4
1
21
22
SIM5
SIM1
SIM2
SIM3
SIM4
1
21
22
SIM5
SIM1
SIM2
SIM3
SIM4
1
21
22
SIM5
SIM1
SIM2
SIM3
SIM4
1
21
22
SIM5
SIM1
SIM2
SIM3
SIM4
1
21
22
SIM5
SIM1
SIM2
SIM3
SIM4
1
21
22
SIM5
SIM1
SIM2
SIM3
SIM4
1
21
22
SIM5
SIM1
SIM2
SIM3
SIM4
1
21
22
SIM5
SIM1
SIM2
SIM3
SIM4
1
21
22
SIM5
SIM1
SIM2
SIM3
SIM4
1
21
22
SIM5
SIM1
SIM2
SIM3
SIM4
1
21
22
SIM5
SIM1
SIM2
SIM3
SIM4
1
21
22
SIM5
SIM1
SIM2
SIM3
SIM4
1
21
22
SIM5
SIM1
SIM2
SIM3
SIM4
1
21
22
SIM5
SIM1
SIM2
SIM3
SIM4
1
21
22
SIM5
SIM1
SIM2
SIM3
SIM4
1
21
22
SIM5
SIM1
SIM2
SIM3
SIM4
1
21
22
SIM5
SIM1
SIM2
SIM3
SIM4
1
21
22
SIM5
SIM1
SIM2
SIM3
SIM4
1
21
22
SIM5
SIM1
SIM2
SIM3
SIM4
1
21
22
SIM5
SIM1
SIM2
SIM3
SIM4
1
21
22
SIM5
SIM1
SIM2
SIM3
SIM4
1
21
22
SIM5
SIM1
SIM2
SIM3
SIM4
1
21
22
SIM5
SIM1
SIM2
SIM3
SIM4
1
21
22
SIM5
SIM1
SIM2
SIM3
SIM4
1
21
22
SIM5
SIM1
SIM2
SIM3
SIM4
1
21
22
SIM5
SIM1
SIM2
SIM3
SIM4
1
21
22
SIM5
SIM1
SIM2
SIM3
SIM4
1
21
22
SIM5
SIM1
SIM2
SIM3
SIM4
1
21
22
SIM5
SIM1
SIM2
SIM3
SIM4
1
21
22
SIM5
SIM1
SIM2
SIM3
SIM4
1
21
22
SIM5
SIM1
SIM2
SIM3
SIM4
1
21
22
SIM5
SIM1
SIM2
SIM3
SIM4
1
21
22
SIM5
SIM1
SIM2
SIM3
SIM4
1
21
22
SIM5
SIM1
SIM2
SIM3
SIM4
1
21
22
SIM5
SIM1
SIM2
SIM3
SIM4
1
21
22
SIM5
SIM1
SIM2
SIM3
SIM4
1
21
22
SIM5
SIM1
SIM2
SIM3
SIM4
1
21
22
SIM5
SIM1
SIM2
SIM3
SIM4
1
21
22
SIM5
SIM1
SIM2
SIM3
SIM4
1
21
22
SIM5
SIM1
SIM2
SIM3
SIM4
1
21
22
SIM5
SIM1
SIM2
SIM3
SIM4
1
21
22
SIM5
SIM1
SIM2
SIM3
SIM4
1
21
22
SIM5
SIM1
SIM2
SIM3
SIM4
1
21
22
SIM5
SIM1
SIM2
SIM3
SIM4
1
21
22
SIM5
SIM1
SIM2
SIM3
SIM4
1
21
22
SIM5
SIM1
SIM2
SIM3
SIM4
1
21
22
SIM5
SIM1
SIM2
SIM3
SIM4
1
21
22
SIM5
SIM1
SIM2
SIM3
SIM4
1
21
22
SIM5
SIM1
SIM2
SIM3
SIM4
1
21
22
SIM5
SIM1
SIM2
SIM3
SIM4
1
21
22
SIM5
SIM1
SIM2
SIM3
SIM4
1
21
22
SIM5
SIM1
SIM2
SIM3
SIM4
1
21
22
SIM5
SIM1
SIM2
SIM3
SIM4
1
21
22
SIM5
SIM1
SIM2
SIM3
SIM4
1
21
22
SIM5
SIM1
SIM2
SIM3
SIM4
1
21
22
SIM5
SIM1
SIM2
SIM3
SIM4
1
21
22
SIM5
SIM1
SIM2
SIM3
SIM4
1
21
22
SIM5
SIM1
SIM2
SIM3
SIM4
1
21
22
SIM5
SIM1
SIM2
SIM3
SIM4
1
21
22
SIM5
SIM1
SIM2
SIM3
SIM4
1
21
22
SIM5
SIM1
SIM2
SIM3
SIM4
1
21
22
SIM5
SIM1
SIM2
SIM3
SIM4
1
21
22
SIM5
SIM1
SIM2
SIM3
SIM4
1
21
22
SIM5
SIM1
SIM2
SIM3
SIM4
1
21
22
SIM5
SIM1
SIM2
SIM3
SIM4
1
21
22
SIM5
SIM1
SIM2
SIM3
SIM4
1
21
22
SIM5
SIM1
SIM2
SIM3
SIM4
1
21
22
SIM5
SIM1
SIM2
SIM3
SIM4
1
21
22
SIM5
SIM1
SIM2
SIM3
SIM4
1
21
22
SIM5
SIM1
SIM2
SIM3
SIM4
1
21
22
SIM5
SIM1
SIM2
SIM3
SIM4
1
21
22
SIM5
SIM1
SIM2
SIM3
SIM4
1
21
22
SIM5
SIM1
SIM2
SIM3
SIM4
1
21
22
SIM5
SIM1
SIM2
SIM3
SIM4
1
21
22
SIM5
SIM1
SIM2
SIM3
SIM4
1
21
22
SIM5
SIM1
SIM2
SIM3
SIM4
1
21
22
SIM5
SIM1
SIM2
SIM3
SIM4
1
21
22
SIM5
SIM1
SIM2
SIM3
SIM4
1
21
22
SIM5
SIM1
SIM2
SIM3
SIM4
1
21
22
SIM5
SIM1
SIM2
SIM3
SIM4
1
21
22
SIM5
SIM1
SIM2
SIM3
SIM4
1
21
22
SIM5
SIM1
SIM2
DEBUG 1 513
SIM1
SIM2
SIM3
SIM4
1
21
22
SIM5
SIM1
SIM2
SIM3
SIM4
1
21
22
SIM5
SIM1
SIM2
SIM3
SIM4
1
21
22
SIM5
SIM1
SIM2
SIM3
SIM4
1
21
22
SIM5
SIM1
SIM2
SIM3
SIM4
1
21
22
SIM5
SIM1
SIM2
SIM3
SIM4
1
21
22
SIM5
SIM1
SIM2
SIM3
SIM4
1
21
22
SIM5
SIM1
SIM2
SIM3
SIM4
1
21
22
SIM5
SIM1
SIM2
SIM3
SIM4
1
21
22
SIM5
SIM1
SIM2
SIM3
SIM4
1
21
22
SIM5
SIM1
SIM2
SIM3
SIM4
1
21
22
SIM5
SIM1
SIM2
SIM3
SIM4
1
21
22
SIM5
SIM1
SIM2
SIM3
SIM4
1
21
22
SIM5
SIM1
SIM2
SIM3
SIM4
1
21
22
SIM5
SIM1
SIM2
SIM3
SIM4
1
21
22
SIM5
SIM1
SIM2
SIM3
SIM4
1
21
22
SIM5
SIM1
SIM2
SIM3
SIM4
1
21
22
SIM5
SIM1
SIM2
SIM3
SIM4
1
21
22
SIM5
SIM1
SIM2
SIM3
SIM4
1
21
22
SIM5
SIM1
SIM2
SIM3
SIM4
1
21
22
SIM5
SIM1
SIM2
SIM3
SIM4
1
21
22
SIM5
SIM1
SIM2
SIM3
SIM4
1
21
22
SIM5
SIM1
SIM2
SIM3
SIM4
1
21
22
SIM5
SIM1
SIM2
SIM3
SIM4
1
21
22
SIM5
SIM1
SIM2
SIM3
SIM4
1
21
22
SIM5
SIM1
SIM2
SIM3
SIM4
1
21
22
SIM5
SIM1
SIM2
SIM3
SIM4
1
21
22
SIM5
SIM1
SIM2
SIM3
SIM4
1
21
22
SIM5
SIM1
SIM2
SIM3
SIM4
1
21
22
SIM5
SIM1
SIM2
SIM3
SIM4
1
21
22
SIM5
SIM1
SIM2
SIM3
SIM4
1
21
22
SIM5
SIM1
SIM2
SIM3
SIM4
1
21
22
SIM5
SIM1
SIM2
SIM3
SIM4
1
21
22
SIM5
SIM1
SIM2
SIM3
SIM4
1
21
22
SIM5
SIM1
SIM2
SIM3
SIM4
1
21
22
SIM5
SIM1
SIM2
SIM3
SIM4
1
21
22
SIM5
SIM1
SIM2
SIM3
SIM4
1
21
22
SIM5
SIM1
SIM2
SIM3
SIM4
1
21
22
SIM5
SIM1
SIM2
SIM3
SIM4
1
21
22
SIM5
SIM1
SIM2
SIM3
SIM4
1
21
22
SIM5
SIM1
SIM2
SIM3
SIM4
1
21
22
SIM5
SIM1
SIM2
SIM3
SIM4
1
21
22
SIM5
SIM1
SIM2
SIM3
SIM4
1
21
22
SIM5
SIM1
SIM2
SIM3
SIM4
1
21
22
SIM5
SIM1
SIM2
SIM3
SIM4
1
21
22
SIM5
SIM1
SIM2
SIM3
SIM4
1
21
22
SIM5
SIM1
SIM2
SIM3
SIM4
1
21
22
SIM5
SIM1
SIM2
SIM3
SIM4
1
21
22
SIM5
SIM1
SIM2
SIM3
SIM4
1
21
22
SIM5
SIM1
SIM2
SIM3
SIM4
1
21
22
SIM5
SIM1
SIM2
SIM3
SIM4
1
21
22
SIM5
SIM1
SIM2
SIM3
SIM4
1
21
22
SIM5
SIM1
SIM2
SIM3
SIM4
1
21
22
SIM5
SIM1
SIM2
SIM3
SIM4
1
21
22
SIM5
SIM1
SIM2
SIM3
SIM4
1
21
22
SIM5
SIM1
SIM2
SIM3
SIM4
1
21
22
SIM5
SIM1
SIM2
SIM3
SIM4
1
21
22
SIM5
SIM1
SIM2
SIM3
SIM4
1
21
22
SIM5
SIM1
SIM2
SIM3
SIM4
1
21
22
SIM5
SIM1
SIM2
SIM3
SIM4
1
21
22
SIM5
SIM1
SIM2
SIM3
SIM4
1
21
22
SIM5
SIM1
SIM2
SIM3
SIM4
1
21
22
SIM5
SIM1
SIM2
SIM3
SIM4
1
21
22
SIM5
SIM1
SIM2
SIM3
SIM4
1
21
22
SIM5
SIM1
SIM2
SIM3
SIM4
1
21
22
SIM5
SIM1
SIM2
SIM3
SIM4
1
21
22
SIM5
SIM1
SIM2
SIM3
SIM4
1
21
22
SIM5
SIM1
SIM2
SIM3
SIM4
1
21
22
SIM5
SIM1
SIM2
SIM3
SIM4
1
21
22
SIM5
SIM1
SIM2
SIM3
SIM4
1
21
22
SIM5
SIM1
SIM2
SIM3
SIM4
1
21
22
SIM5
SIM1
SIM2
SIM3
SIM4
1
21
22
SIM5
SIM1
SIM2
SIM3
SIM4
1
21
22
SIM5
SIM1
SIM2
SIM3
SIM4
1
21
22
SIM5
SIM1
SIM2
SIM3
SIM4
1
21
22
SIM5
SIM1
SIM2
SIM3
SIM4
1
21
22
SIM5
SIM1
SIM2
SIM3
SIM4
1
21
22
SIM5
SIM1
SIM2
SIM3
SIM4
1
21
22
SIM5
SIM1
SIM2
SIM3
SIM4
1
21
22
SIM5
SIM1
SIM2
SIM3
SIM4
1
21
22
SIM5
SIM1
SIM2
SIM3
SIM4
1
21
22
SIM5
SIM1
SIM2
SIM3
SIM4
1
21
22
SIM5
SIM1
SIM2
SIM3
SIM4
1
21
22
SIM5
SIM1
SIM2
SIM3
SIM4
1
21
22
SIM5
SIM1
SIM2
SIM3
SIM4
1
21
22
SIM5
SIM1
SIM2
SIM3
SIM4
1
21
22
SIM5
SIM1
SIM2
SIM3
SIM4
1
21
22
SIM5
SIM1
SIM2
SIM3
SIM4
1
21
22
SIM5
SIM1
SIM2
SIM3
SIM4
1
21
22
SIM5
SIM1
SIM2
SIM3
SIM4
1
21
22
SIM5
SIM1
SIM2
SIM3
SIM4
1
21
22
SIM5
SIM1
SIM2
SIM3
SIM4
1
21
22
SIM5
SIM1
SIM2
SIM3
SIM4
1
21
22
SIM5
SIM1
SIM2
SIM3
SIM4
1
21
22
SIM5
SIM1
SIM2
SIM3
SIM4
1
21
22
SIM5
SIM1
SIM2
SIM3
SIM4
1
21
22
SIM5
SIM1
SIM2
SIM3
SIM4
1
21
22
SIM5
SIM1
SIM2
DEBUG 1 514
SIM1
SIM2
SIM3
SIM4
1
21
22
SIM5
SIM1
SIM2
SIM3
SIM4
1
21
22
SIM5
SIM1
SIM2
SIM3
SIM4
1
21
22
SIM5
SIM1
SIM2
SIM3
SIM4
1
21
22
SIM5
SIM1
SIM2
SIM3
SIM4
1
21
22
SIM5
SIM1
SIM2
SIM3
SIM4
1
21
22
SIM5
SIM1
SIM2
SIM3
SIM4
1
21
22
SIM5
SIM1
SIM2
SIM3
SIM4
1
21
22
SIM5
SIM1
SIM2
SIM3
SIM4
1
21
22
SIM5
SIM1
SIM2
SIM3
SIM4
1
21
22
SIM5
SIM1
SIM2
SIM3
SIM4
1
21
22
SIM5
SIM1
SIM2
SIM3
SIM4
1
21
22
SIM5
SIM1
SIM2
SIM3
SIM4
1
21
22
SIM5
SIM1
SIM2
SIM3
SIM4
1
21
22
SIM5
SIM1
SIM2
SIM3
SIM4
1
21
22
SIM5
SIM1
SIM2
SIM3
SIM4
1
21
22
SIM5
SIM1
SIM2
SIM3
SIM4
1
21
22
SIM5
SIM1
SIM2
SIM3
SIM4
1
21
22
SIM5
SIM1
SIM2
SIM3
SIM4
1
21
22
SIM5
SIM1
SIM2
SIM3
SIM4
1
21
22
SIM5
SIM1
SIM2
SIM3
SIM4
1
21
22
SIM5
SIM1
SIM2
SIM3
SIM4
1
21
22
SIM5
SIM1
SIM2
SIM3
SIM4
1
21
22
SIM5
SIM1
SIM2
SIM3
SIM4
1
21
22
SIM5
SIM1
SIM2
SIM3
SIM4
1
21
22
SIM5
SIM1
SIM2
SIM3
SIM4
1
21
22
SIM5
SIM1
SIM2
SIM3
SIM4
1
21
22
SIM5
SIM1
SIM2
SIM3
SIM4
1
21
22
SIM5
SIM1
SIM2
SIM3
SIM4
1
21
22
SIM5
SIM1
SIM2
SIM3
SIM4
1
21
22
SIM5
SIM1
SIM2
SIM3
SIM4
1
21
22
SIM5
SIM1
SIM2
SIM3
SIM4
1
21
22
SIM5
SIM1
SIM2
SIM3
SIM4
1
21
22
SIM5
SIM1
SIM2
SIM3
SIM4
1
21
22
SIM5
SIM1
SIM2
SIM3
SIM4
1
21
22
SIM5
SIM1
SIM2
SIM3
SIM4
1
21
22
SIM5
SIM1
SIM2
SIM3
SIM4
1
21
22
SIM5
SIM1
SIM2
SIM3
SIM4
1
21
22
SIM5
SIM1
SIM2
SIM3
SIM4
1
21
22
SIM5
SIM1
SIM2
SIM3
SIM4
1
21
22
SIM5
SIM1
SIM2
SIM3
SIM4
1
21
22
SIM5
SIM1
SIM2
SIM3
SIM4
1
21
22
SIM5
SIM1
SIM2
SIM3
SIM4
1
21
22
SIM5
SIM1
SIM2
SIM3
SIM4
1
21
22
SIM5
SIM1
SIM2
SIM3
SIM4
1
21
22
SIM5
SIM1
SIM2
SIM3
SIM4
1
21
22
SIM5
SIM1
SIM2
SIM3
SIM4
1
21
22
SIM5
SIM1
SIM2
SIM3
SIM4
1
21
22
SIM5
SIM1
SIM2
SIM3
SIM4
1
21
22
SIM5
SIM1
SIM2
SIM3
SIM4
1
21
22
SIM5
SIM1
SIM2
SIM3
SIM4
1
21
22
SIM5
SIM1
SIM2
SIM3
SIM4
1
21
22
SIM5
SIM1
SIM2
SIM3
SIM4
1
21
22
SIM5
SIM1
SIM2
SIM3
SIM4
1
21
22
SIM5
SIM1
SIM2
SIM3
SIM4
1
21
22
SIM5
SIM1
SIM2
SIM3
SIM4
1
21
22
SIM5
SIM1
SIM2
SIM3
SIM4
1
21
22
SIM5
SIM1
SIM2
SIM3
SIM4
1
21
22
SIM5
SIM1
SIM2
SIM3
SIM4
1
21
22
SIM5
SIM1
SIM2
SIM3
SIM4
1
21
22
SIM5
SIM1
SIM2
SIM3
SIM4
1
21
22
SIM5
SIM1
SIM2
SIM3
SIM4
1
21
22
SIM5
SIM1
SIM2
SIM3
SIM4
1
21
22
SIM5
SIM1
SIM2
SIM3
SIM4
1
21
22
SIM5
SIM1
SIM2
SIM3
SIM4
1
21
22
SIM5
SIM1
SIM2
SIM3
SIM4
1
21
22
SIM5
SIM1
SIM2
SIM3
SIM4
1
21
22
SIM5
SIM1
SIM2
SIM3
SIM4
1
21
22
SIM5
SIM1
SIM2
SIM3
SIM4
1
21
22
SIM5
SIM1
SIM2
SIM3
SIM4
1
21
22
SIM5
SIM1
SIM2
SIM3
SIM4
1
21
22
SIM5
SIM1
SIM2
SIM3
SIM4
1
21
22
SIM5
SIM1
SIM2
SIM3
SIM4
1
21
22
SIM5
SIM1
SIM2
SIM3
SIM4
1
21
22
SIM5
SIM1
SIM2
SIM3
SIM4
1
21
22
SIM5
SIM1
SIM2
SIM3
SIM4
1
21
22
SIM5
SIM1
SIM2
SIM3
SIM4
1
21
22
SIM5
SIM1
SIM2
SIM3
SIM4
1
21
22
SIM5
SIM1
SIM2
SIM3
SIM4
1
21
22
SIM5
SIM1
SIM2
SIM3
SIM4
1
21
22
SIM5
SIM1
SIM2
SIM3
SIM4
1
21
22
SIM5
SIM1
SIM2
SIM3
SIM4
1
21
22
SIM5
SIM1
SIM2
SIM3
SIM4
1
21
22
SIM5
SIM1
SIM2
SIM3
SIM4
1
21
22
SIM5
SIM1
SIM2
SIM3
SIM4
1
21
22
SIM5
SIM1
SIM2
SIM3
SIM4
1
21
22
SIM5
SIM1
SIM2
SIM3
SIM4
1
21
22
SIM5
SIM1
SIM2
SIM3
SIM4
1
21
22
SIM5
SIM1
SIM2
SIM3
SIM4
1
21
22
SIM5
SIM1
SIM2
SIM3
SIM4
1
21
22
SIM5
SIM1
SIM2
SIM3
SIM4
1
21
22
SIM5
SIM1
SIM2
SIM3
SIM4
1
21
22
SIM5
SIM1
SIM2
SIM3
SIM4
1
21
22
SIM5
SIM1
SIM2
SIM3
SIM4
1
21
22
SIM5
SIM1
SIM2
SIM3
SIM4
1
21
22
SIM5
SIM1
SIM2
SIM3
SIM4
1
21
22
SIM5
SIM1
SIM2
SIM3
SIM4
1
21
22
SIM5
SIM1
SIM2
SIM3
SIM4
1
21
22
SIM5
SIM1
SIM2
SIM3
SIM4
1
21
22
SIM5
SIM1
SIM2
SIM3
SIM4
1
21
22
SIM5
SIM1
SIM2
SIM3
SIM4
1
21
22
SIM5
SIM1
SIM2
SIM3
SIM4
1
21
22
SIM5
SIM1
SIM2
SIM3
SIM4
1
21
22
SIM5
SIM1
SIM2
SIM3
SIM4
1
21
22
SIM5
SIM1
SIM2
SIM3
SIM4
1
21
22
SIM5
SIM1
SIM2
SIM3
SIM4
1
21
22
SIM5
SIM1
SIM2
SIM3
SIM4
1
21
22
SIM5
SIM1
SIM2
SIM3
SIM4
1
21
22
SIM5
SIM1
SIM2
SIM3
SIM4
1
21
22
SIM5
SIM1
SIM2
SIM3
SIM4
1
21
22
SIM5
SIM1
SIM2
SIM3
SIM4
1
21
22
SIM5
SIM1
SIM2
SIM3
SIM4
1
21
22
SIM5
SIM1
SIM2
SIM3
SIM4
1
21
22
SIM5
SIM1
SIM2
SIM3
SIM4
1
21
22
SIM5
SIM1
SIM2
SIM3
SIM4
1
21
22
SIM5
SIM1
SIM2
SIM3
SIM4
1
21
22
SIM5
SIM1
SIM2
SIM3
SIM4
1
21
22
SIM5
SIM1
SIM2
SIM3
SIM4
1
21
22
SIM5
SIM1
SIM2
SIM3
SIM4
1
21
22
SIM5
SIM1
SIM2
SIM3
SIM4
1
21
22
SIM5
SIM1
SIM2
SIM3
SIM4
1
21
22
SIM5
SIM1
SIM2
SIM3
SIM4
1
21
22
SIM5
SIM1
SIM2
SIM3
SIM4
1
21
22
SIM5
SIM1
SIM2
SIM3
SIM4
1
21
22
SIM5
SIM1
SIM2
SIM3
SIM4
1
21
22
SIM5
SIM1
SIM2
SIM3
SIM4
1
21
22
SIM5
SIM1
SIM2
SIM3
SIM4
1
21
22
SIM5
SIM1
SIM2
SIM3
SIM4
1
21
22
SIM5
SIM1
SIM2
SIM3
SIM4
1
21
22
SIM5
SIM1
SIM2
SIM3
SIM4
1
21
22
SIM5
SIM1
SIM2
SIM3
SIM4
1
21
22
SIM5
SIM1
SIM2
SIM3
SIM4
1
21
22
SIM5
SIM1
SIM2
SIM3
SIM4
1
21
22
SIM5
SIM1
SIM2
SIM3
SIM4
1
21
22
SIM5
SIM1
SIM2
SIM3
SIM4
1
21
22
SIM5
SIM1
SIM2
SIM3
SIM4
1
21
22
SIM5
SIM1
SIM2
SIM3
SIM4
1
21
22
SIM5
SIM1
SIM2
SIM3
SIM4
1
21
22
SIM5
SIM1
SIM2
SIM3
SIM4
1
21
22
SIM5
SIM1
SIM2
SIM3
SIM4
1
21
22
SIM5
SIM1
SIM2
SIM3
SIM4
1
21
22
SIM5
SIM1
SIM2
SIM3
SIM4
1
21
22
SIM5
SIM1
SIM2
SIM3
SIM4
1
21
22
SIM5
SIM1
SIM2
SIM3
SIM4
1
21
22
SIM5
SIM1
SIM2
SIM3
SIM4
1
21
22
SIM5
SIM1
SIM2
SIM3
SIM4
1
21
22
SIM5
SIM1
SIM2
SIM3
SIM4
1
21
22
SIM5
SIM1
SIM2
SIM3
SIM4
1
21
22
SIM5
SIM1
SIM2
SIM3
SIM4
1
21
22
SIM5
SIM1
SIM2
SIM3
SIM4
1
21
22
SIM5
SIM1
SIM2
SIM3
SIM4
1
21
22
SIM5
SIM1
SIM2
SIM3
SIM4
1
21
22
SIM5
SIM1
SIM2
SIM3
SIM4
1
21
22
SIM5
SIM1
SIM2
SIM3
SIM4
1
21
22
SIM5
SIM1
SIM2
SIM3
SIM4
1
21
22
SIM5
SIM1
SIM2
SIM3
SIM4
1
21
22
SIM5
SIM1
SIM2
SIM3
SIM4
1
21
22
SIM5
SIM1
SIM2
SIM3
SIM4
1
21
22
SIM5
SIM1
SIM2
SIM3
SIM4
1
21
22
SIM5
SIM1
SIM2
SIM3
SIM4
1
21
22
SIM5
SIM1
SIM2
DEBUG 1 515
SIM1
SIM2
SIM3
SIM4
1
21
22
SIM5
SIM1
SIM2
SIM3
SIM4
1
21
22
SIM5
SIM1
SIM2
SIM3
SIM4
1
21
22
SIM5
SIM1
SIM2
SIM3
SIM4
1
21
22
SIM5
SIM1
SIM2
SIM3
SIM4
1
21
22
SIM5
SIM1
SIM2
SIM3
SIM4
1
21
22
SIM5
SIM1
SIM2
SIM3
SIM4
1
21
22
SIM5
SIM1
SIM2
SIM3
SIM4
1
21
22
SIM5
SIM1
SIM2
SIM3
SIM4
1
21
22
SIM5
SIM1
SIM2
SIM3
SIM4
1
21
22
SIM5
SIM1
SIM2
SIM3
SIM4
1
21
22
SIM5
SIM1
SIM2
SIM3
SIM4
1
21
22
SIM5
SIM1
SIM2
SIM3
SIM4
1
21
22
SIM5
SIM1
SIM2
SIM3
SIM4
1
21
22
SIM5
SIM1
SIM2
SIM3
SIM4
1
21
22
SIM5
SIM1
SIM2
SIM3
SIM4
1
21
22
SIM5
SIM1
SIM2
SIM3
SIM4
1
21
22
SIM5
SIM1
SIM2
SIM3
SIM4
1
21
22
SIM5
SIM1
SIM2
SIM3
SIM4
1
21
22
SIM5
SIM1
SIM2
SIM3
SIM4
1
21
22
SIM5
SIM1
SIM2
SIM3
SIM4
1
21
22
SIM5
SIM1
SIM2
SIM3
SIM4
1
21
22
SIM5
SIM1
SIM2
SIM3
SIM4
1
21
22
SIM5
SIM1
SIM2
SIM3
SIM4
1
21
22
SIM5
SIM1
SIM2
SIM3
SIM4
1
21
22
SIM5
SIM1
SIM2
SIM3
SIM4
1
21
22
SIM5
SIM1
SIM2
SIM3
SIM4
1
21
22
SIM5
SIM1
SIM2
SIM3
SIM4
1
21
22
SIM5
SIM1
SIM2
SIM3
SIM4
1
21
22
SIM5
SIM1
SIM2
SIM3
SIM4
1
21
22
SIM5
SIM1
SIM2
SIM3
SIM4
1
21
22
SIM5
SIM1
SIM2
SIM3
SIM4
1
21
22
SIM5
SIM1
SIM2
SIM3
SIM4
1
21
22
SIM5
SIM1
SIM2
SIM3
SIM4
1
21
22
SIM5
SIM1
SIM2
SIM3
SIM4
1
21
22
SIM5
SIM1
SIM2
SIM3
SIM4
1
21
22
SIM5
SIM1
SIM2
SIM3
SIM4
1
21
22
SIM5
SIM1
SIM2
SIM3
SIM4
1
21
22
SIM5
SIM1
SIM2
SIM3
SIM4
1
21
22
SIM5
SIM1
SIM2
SIM3
SIM4
1
21
22
SIM5
SIM1
SIM2
SIM3
SIM4
1
21
22
SIM5
SIM1
SIM2
SIM3
SIM4
1
21
22
SIM5
SIM1
SIM2
SIM3
SIM4
1
21
22
SIM5
SIM1
SIM2
SIM3
SIM4
1
21
22
SIM5
SIM1
SIM2
SIM3
SIM4
1
21
22
SIM5
SIM1
SIM2
SIM3
SIM4
1
21
22
SIM5
SIM1
SIM2
SIM3
SIM4
1
21
22
SIM5
SIM1
SIM2
SIM3
SIM4
1
21
22
SIM5
SIM1
SIM2
SIM3
SIM4
1
21
22
SIM5
SIM1
SIM2
SIM3
SIM4
1
21
22
SIM5
SIM1
SIM2
SIM3
SIM4
1
21
22
SIM5
SIM1
SIM2
SIM3
SIM4
1
21
22
SIM5
SIM1
SIM2
SIM3
SIM4
1
21
22
SIM5
SIM1
SIM2
SIM3
SIM4
1
21
22
SIM5
SIM1
SIM2
SIM3
SIM4
1
21
22
SIM5
SIM1
SIM2
SIM3
SIM4
1
21
22
SIM5
SIM1
SIM2
SIM3
SIM4
1
21
22
SIM5
SIM1
SIM2
SIM3
SIM4
1
21
22
SIM5
SIM1
SIM2
SIM3
SIM4
1
21
22
SIM5
SIM1
SIM2
SIM3
SIM4
1
21
22
SIM5
SIM1
SIM2
SIM3
SIM4
1
21
22
SIM5
SIM1
SIM2
SIM3
SIM4
1
21
22
SIM5
SIM1
SIM2
SIM3
SIM4
1
21
22
SIM5
SIM1
SIM2
SIM3
SIM4
1
21
22
SIM5
SIM1
SIM2
SIM3
SIM4
1
21
22
SIM5
SIM1
SIM2
SIM3
SIM4
1
21
22
SIM5
SIM1
SIM2
SIM3
SIM4
1
21
22
SIM5
SIM1
SIM2
SIM3
SIM4
1
21
22
SIM5
SIM1
SIM2
SIM3
SIM4
1
21
22
SIM5
SIM1
SIM2
SIM3
SIM4
1
21
22
SIM5
SIM1
SIM2
SIM3
SIM4
1
21
22
SIM5
SIM1
SIM2
SIM3
SIM4
1
21
22
SIM5
SIM1
SIM2
SIM3
SIM4
1
21
22
SIM5
SIM1
SIM2
SIM3
SIM4
1
21
22
SIM5
SIM1
SIM2
SIM3
SIM4
1
21
22
SIM5
SIM1
SIM2
SIM3
SIM4
1
21
22
SIM5
SIM1
SIM2
SIM3
SIM4
1
21
22
SIM5
SIM1
SIM2
SIM3
SIM4
1
21
22
SIM5
SIM1
SIM2
SIM3
SIM4
1
21
22
SIM5
SIM1
SIM2
SIM3
SIM4
1
21
22
SIM5
SIM1
SIM2
SIM3
SIM4
1
21
22
SIM5
SIM1
SIM2
SIM3
SIM4
1
21
22
SIM5
SIM1
SIM2
SIM3
SIM4
1
21
22
SIM5
SIM1
SIM2
SIM3
SIM4
1
21
22
SIM5
SIM1
SIM2
SIM3
SIM4
1
21
22
SIM5
SIM1
SIM2
SIM3
SIM4
1
21
22
SIM5
SIM1
SIM2
SIM3
SIM4
1
21
22
SIM5
SIM1
SIM2
SIM3
SIM4
1
21
22
SIM5
SIM1
SIM2
SIM3
SIM4
1
21
22
SIM5
SIM1
SIM2
SIM3
SIM4
1
21
22
SIM5
SIM1
SIM2
SIM3
SIM4
1
21
22
SIM5
SIM1
SIM2
SIM3
SIM4
1
21
22
SIM5
SIM1
SIM2
SIM3
SIM4
1
21
22
SIM5
SIM1
SIM2
SIM3
SIM4
1
21
22
SIM5
SIM1
SIM2
SIM3
SIM4
1
21
22
SIM5
SIM1
SIM2
SIM3
SIM4
1
21
22
SIM5
SIM1
SIM2
SIM3
SIM4
1
21
22
SIM5
SIM1
SIM2
SIM3
SIM4
1
21
22
SIM5
SIM1
SIM2
SIM3
SIM4
1
21
22
SIM5
SIM1
SIM2
SIM3
SIM4
1
21
22
SIM5
SIM1
SIM2
SIM3
SIM4
1
21
22
SIM5
SIM1
SIM2
SIM3
SIM4
1
21
22
SIM5
SIM1
SIM2
SIM3
SIM4
1
21
22
SIM5
SIM1
SIM2
SIM3
SIM4
1
21
22
SIM5
SIM1
SIM2
SIM3
SIM4
1
21
22
SIM5
SIM1
SIM2
SIM3
SIM4
1
21
22
SIM5
SIM1
SIM2
SIM3
SIM4
1
21
22
SIM5
SIM1
SIM2
SIM3
SIM4
1
21
22
SIM5
SIM1
SIM2
SIM3
SIM4
1
21
22
SIM5
SIM1
SIM2
SIM3
SIM4
1
21
22
SIM5
SIM1
SIM2
SIM3
SIM4
1
21
22
SIM5
SIM1
SIM2
SIM3
SIM4
1
21
22
SIM5
SIM1
SIM2
SIM3
SIM4
1
21
22
SIM5
SIM1
SIM2
SIM3
SIM4
1
21
22
SIM5
SIM1
SIM2
SIM3
SIM4
1
21
22
SIM5
SIM1
SIM2
SIM3
SIM4
1
21
22
SIM5
SIM1
SIM2
SIM3
SIM4
1
21
22
SIM5
SIM1
SIM2
SIM3
SIM4
1
21
22
SIM5
SIM1
SIM2
SIM3
SIM4
1
21
22
SIM5
SIM1
SIM2
SIM3
SIM4
1
21
22
SIM5
SIM1
SIM2
SIM3
SIM4
1
21
22
SIM5
SIM1
SIM2
SIM3
SIM4
1
21
22
SIM5
SIM1
SIM2
SIM3
SIM4
1
21
22
SIM5
SIM1
SIM2
SIM3
SIM4
1
21
22
SIM5
SIM1
SIM2
SIM3
SIM4
1
21
22
SIM5
SIM1
SIM2
SIM3
SIM4
1
21
22
SIM5
SIM1
SIM2
SIM3
SIM4
1
21
22
SIM5
SIM1
SIM2
SIM3
SIM4
1
21
22
SIM5
SIM1
SIM2
SIM3
SIM4
1
21
22
SIM5
SIM1
SIM2
SIM3
SIM4
1
21
22
SIM5
SIM1
SIM2
SIM3
SIM4
1
21
22
SIM5
SIM1
SIM2
SIM3
SIM4
1
21
22
SIM5
SIM1
SIM2
SIM3
SIM4
1
21
22
SIM5
SIM1
SIM2
SIM3
SIM4
1
21
22
SIM5
SIM1
SIM2
SIM3
SIM4
1
21
22
SIM5
SIM1
SIM2
SIM3
SIM4
1
21
22
SIM5
SIM1
SIM2
SIM3
SIM4
1
21
22
SIM5
SIM1
SIM2
SIM3
SIM4
1
21
22
SIM5
SIM1
SIM2
SIM3
SIM4
1
21
22
SIM5
SIM1
SIM2
SIM3
SIM4
1
21
22
SIM5
SIM1
SIM2
SIM3
SIM4
1
21
22
SIM5
SIM1
SIM2
SIM3
SIM4
1
21
22
SIM5
SIM1
SIM2
SIM3
SIM4
1
21
22
SIM5
SIM1
SIM2
SIM3
SIM4
1
21
22
SIM5
SIM1
SIM2
SIM3
SIM4
1
21
22
SIM5
SIM1
SIM2
SIM3
SIM4
1
21
22
SIM5
SIM1
SIM2
SIM3
SIM4
1
21
22
SIM5
SIM1
SIM2
SIM3
SIM4
1
21
22
SIM5
SIM1
SIM2
SIM3
SIM4
1
21
22
SIM5
SIM1
SIM2
SIM3
SIM4
1
21
22
SIM5
SIM1
SIM2
SIM3
SIM4
1
21
22
SIM5
SIM1
SIM2
SIM3
SIM4
1
21
22
SIM5
SIM1
SIM2
SIM3
SIM4
1
21
22
SIM5
SIM1
SIM2
SIM3
SIM4
1
21
22
SIM5
SIM1
SIM2
SIM3
SIM4
1
21
22
SIM5
SIM1
SIM2
SIM3
SIM4
1
21
22
SIM5
SIM1
SIM2
SIM3
SIM4
1
21
22
SIM5
SIM1
SIM2
SIM3
SIM4
1
21
22
SIM5
SIM1
SIM2
SIM3
SIM4
1
21
22
SIM5
SIM1
SIM2
SIM3
SIM4
1
21
22
SIM5
SIM1
SIM2
SIM3
SIM4
1
21
22
SIM5
SIM1
SIM2
SIM3
SIM4
1
21
22
SIM5
SIM1
SIM2
SIM3
SIM4
1
21
22
SIM5
SIM1
SIM2
SIM3
SIM4
1
21
22
SIM5
SIM1
SIM2
SIM3
SIM4
1
21
22
SIM5
SIM1
SIM2
SIM3
SIM4
1
21
22
SIM5
SIM1
SIM2
SIM3
SIM4
1
21
22
SIM5
SIM1
SIM2
SIM3
SIM4
1
21
22
SIM5
SIM1
SIM2
SIM3
SIM4
1
21
22
SIM5
SIM1
SIM2
SIM3
SIM4
1
21
22
SIM5
SIM1
SIM2
SIM3
SIM4
1
21
22
SIM5
SIM1
SIM2
SIM3
SIM4
1
21
22
SIM5
SIM1
SIM2
SIM3
SIM4
1
21
22
SIM5
SIM1
SIM2
SIM3
SIM4
1
21
22
SIM5
SIM1
SIM2
SIM3
SIM4
1
21
22
SIM5
SIM1
SIM2
SIM3
SIM4
1
21
22
SIM5
SIM1
SIM2
SIM3
SIM4
1
21
22
SIM5
SIM1
SIM2
SIM3
SIM4
1
21
22
SIM5
SIM1
SIM2
SIM3
SIM4
1
21
22
SIM5
SIM1
SIM2
SIM3
SIM4
1
21
22
SIM5
SIM1
SIM2
SIM3
SIM4
1
21
22
SIM5
SIM1
SIM2
SIM3
SIM4
1
21
22
SIM5
SIM1
SIM2
SIM3
SIM4
1
21
22
SIM5
SIM1
SIM2
SIM3
SIM4
1
21
22
SIM5
SIM1
SIM2
SIM3
SIM4
1
21
22
SIM5
SIM1
SIM2
SIM3
SIM4
1
21
22
SIM5
SIM1
SIM2
DEBUG 1 516
SIM1
SIM2
SIM3
SIM4
1
21
22
SIM5
SIM1
SIM2
SIM3
SIM4
1
21
22
SIM5
SIM1
SIM2
SIM3
SIM4
1
21
22
SIM5
SIM1
SIM2
SIM3
SIM4
1
21
22
SIM5
SIM1
SIM2
SIM3
SIM4
1
21
22
SIM5
SIM1
SIM2
SIM3
SIM4
1
21
22
SIM5
SIM1
SIM2
SIM3
SIM4
1
21
22
SIM5
SIM1
SIM2
SIM3
SIM4
1
21
22
SIM5
SIM1
SIM2
SIM3
SIM4
1
21
22
SIM5
SIM1
SIM2
SIM3
SIM4
1
21
22
SIM5
SIM1
SIM2
SIM3
SIM4
1
21
22
SIM5
SIM1
SIM2
SIM3
SIM4
1
21
22
SIM5
SIM1
SIM2
SIM3
SIM4
1
21
22
SIM5
SIM1
SIM2
SIM3
SIM4
1
21
22
SIM5
SIM1
SIM2
SIM3
SIM4
1
21
22
SIM5
SIM1
SIM2
SIM3
SIM4
1
21
22
SIM5
SIM1
SIM2
SIM3
SIM4
1
21
22
SIM5
SIM1
SIM2
SIM3
SIM4
1
21
22
SIM5
SIM1
SIM2
SIM3
SIM4
1
21
22
SIM5
SIM1
SIM2
SIM3
SIM4
1
21
22
SIM5
SIM1
SIM2
SIM3
SIM4
1
21
22
SIM5
SIM1
SIM2
SIM3
SIM4
1
21
22
SIM5
SIM1
SIM2
SIM3
SIM4
1
21
22
SIM5
SIM1
SIM2
SIM3
SIM4
1
21
22
SIM5
SIM1
SIM2
SIM3
SIM4
1
21
22
SIM5
SIM1
SIM2
SIM3
SIM4
1
21
22
SIM5
SIM1
SIM2
SIM3
SIM4
1
21
22
SIM5
SIM1
SIM2
SIM3
SIM4
1
21
22
SIM5
SIM1
SIM2
SIM3
SIM4
1
21
22
SIM5
SIM1
SIM2
SIM3
SIM4
1
21
22
SIM5
SIM1
SIM2
SIM3
SIM4
1
21
22
SIM5
SIM1
SIM2
SIM3
SIM4
1
21
22
SIM5
SIM1
SIM2
SIM3
SIM4
1
21
22
SIM5
SIM1
SIM2
SIM3
SIM4
1
21
22
SIM5
SIM1
SIM2
SIM3
SIM4
1
21
22
SIM5
SIM1
SIM2
SIM3
SIM4
1
21
22
SIM5
SIM1
SIM2
SIM3
SIM4
1
21
22
SIM5
SIM1
SIM2
SIM3
SIM4
1
21
22
SIM5
SIM1
SIM2
SIM3
SIM4
1
21
22
SIM5
SIM1
SIM2
SIM3
SIM4
1
21
22
SIM5
SIM1
SIM2
SIM3
SIM4
1
21
22
SIM5
SIM1
SIM2
SIM3
SIM4
1
21
22
SIM5
SIM1
SIM2
SIM3
SIM4
1
21
22
SIM5
SIM1
SIM2
SIM3
SIM4
1
21
22
SIM5
SIM1
SIM2
SIM3
SIM4
1
21
22
SIM5
SIM1
SIM2
SIM3
SIM4
1
21
22
SIM5
SIM1
SIM2
SIM3
SIM4
1
21
22
SIM5
SIM1
SIM2
SIM3
SIM4
1
21
22
SIM5
SIM1
SIM2
SIM3
SIM4
1
21
22
SIM5
SIM1
SIM2
SIM3
SIM4
1
21
22
SIM5
SIM1
SIM2
SIM3
SIM4
1
21
22
SIM5
SIM1
SIM2
SIM3
SIM4
1
21
22
SIM5
SIM1
SIM2
SIM3
SIM4
1
21
22
SIM5
SIM1
SIM2
SIM3
SIM4
1
21
22
SIM5
SIM1
SIM2
SIM3
SIM4
1
21
22
SIM5
SIM1
SIM2
SIM3
SIM4
1
21
22
SIM5
SIM1
SIM2
SIM3
SIM4
1
21
22
SIM5
SIM1
SIM2
SIM3
SIM4
1
21
22
SIM5
SIM1
SIM2
SIM3
SIM4
1
21
22
SIM5
SIM1
SIM2
SIM3
SIM4
1
21
22
SIM5
SIM1
SIM2
SIM3
SIM4
1
21
22
SIM5
SIM1
SIM2
SIM3
SIM4
1
21
22
SIM5
SIM1
SIM2
SIM3
SIM4
1
21
22
SIM5
SIM1
SIM2
SIM3
SIM4
1
21
22
SIM5
SIM1
SIM2
SIM3
SIM4
1
21
22
SIM5
SIM1
SIM2
SIM3
SIM4
1
21
22
SIM5
SIM1
SIM2
SIM3
SIM4
1
21
22
SIM5
SIM1
SIM2
SIM3
SIM4
1
21
22
SIM5
SIM1
SIM2
SIM3
SIM4
1
21
22
SIM5
SIM1
SIM2
SIM3
SIM4
1
21
22
SIM5
SIM1
SIM2
SIM3
SIM4
1
21
22
SIM5
SIM1
SIM2
SIM3
SIM4
1
21
22
SIM5
SIM1
SIM2
SIM3
SIM4
1
21
22
SIM5
SIM1
SIM2
SIM3
SIM4
1
21
22
SIM5
SIM1
SIM2
SIM3
SIM4
1
21
22
SIM5
SIM1
SIM2
SIM3
SIM4
1
21
22
SIM5
SIM1
SIM2
SIM3
SIM4
1
21
22
SIM5
SIM1
SIM2
SIM3
SIM4
1
21
22
SIM5
SIM1
SIM2
SIM3
SIM4
1
21
22
SIM5
SIM1
SIM2
SIM3
SIM4
1
21
22
SIM5
SIM1
SIM2
SIM3
SIM4
1
21
22
SIM5
SIM1
SIM2
SIM3
SIM4
1
21
22
SIM5
SIM1
SIM2
SIM3
SIM4
1
21
22
SIM5
SIM1
SIM2
SIM3
SIM4
1
21
22
SIM5
SIM1
SIM2
SIM3
SIM4
1
21
22
SIM5
SIM1
SIM2
SIM3
SIM4
1
21
22
SIM5
SIM1
SIM2
SIM3
SIM4
1
21
22
SIM5
SIM1
SIM2
SIM3
SIM4
1
21
22
SIM5
SIM1
SIM2
SIM3
SIM4
1
21
22
SIM5
SIM1
SIM2
SIM3
SIM4
1
21
22
SIM5
SIM1
SIM2
SIM3
SIM4
1
21
22
SIM5
SIM1
SIM2
SIM3
SIM4
1
21
22
SIM5
SIM1
SIM2
SIM3
SIM4
1
21
22
SIM5
SIM1
SIM2
SIM3
SIM4
1
21
22
SIM5
SIM1
SIM2
SIM3
SIM4
1
21
22
SIM5
SIM1
SIM2
SIM3
SIM4
1
21
22
SIM5
SIM1
SIM2
SIM3
SIM4
1
21
22
SIM5
SIM1
SIM2
SIM3
SIM4
1
21
22
SIM5
SIM1
SIM2
SIM3
SIM4
1
21
22
SIM5
SIM1
SIM2
SIM3
SIM4
1
21
22
SIM5
SIM1
SIM2
SIM3
SIM4
1
21
22
SIM5
SIM1
SIM2
SIM3
SIM4
1
21
22
SIM5
SIM1
SIM2
SIM3
SIM4
1
21
22
SIM5
SIM1
SIM2
SIM3
SIM4
1
21
22
SIM5
SIM1
SIM2
SIM3
SIM4
1
21
22
SIM5
SIM1
SIM2
SIM3
SIM4
1
21
22
SIM5
SIM1
SIM2
SIM3
SIM4
1
21
22
SIM5
SIM1
SIM2
SIM3
SIM4
1
21
22
SIM5
SIM1
SIM2
SIM3
SIM4
1
21
22
SIM5
SIM1
SIM2
SIM3
SIM4
1
21
22
SIM5
SIM1
SIM2
SIM3
SIM4
1
21
22
SIM5
SIM1
SIM2
SIM3
SIM4
1
21
22
SIM5
SIM1
SIM2
SIM3
SIM4
1
21
22
SIM5
SIM1
SIM2
SIM3
SIM4
1
21
22
SIM5
SIM1
SIM2
SIM3
SIM4
1
21
22
SIM5
SIM1
SIM2
SIM3
SIM4
1
21
22
SIM5
SIM1
SIM2
SIM3
SIM4
1
21
22
SIM5
SIM1
SIM2
SIM3
SIM4
1
21
22
SIM5
SIM1
SIM2
SIM3
SIM4
1
21
22
SIM5
SIM1
SIM2
SIM3
SIM4
1
21
22
SIM5
SIM1
SIM2
SIM3
SIM4
1
21
22
SIM5
SIM1
SIM2
SIM3
SIM4
1
21
22
SIM5
SIM1
SIM2
SIM3
SIM4
1
21
22
SIM5
SIM1
SIM2
SIM3
SIM4
1
21
22
SIM5
SIM1
SIM2
SIM3
SIM4
1
21
22
SIM5
SIM1
SIM2
SIM3
SIM4
1
21
22
SIM5
SIM1
SIM2
SIM3
SIM4
1
21
22
SIM5
SIM1
SIM2
SIM3
SIM4
1
21
22
SIM5
SIM1
SIM2
SIM3
SIM4
1
21
22
SIM5
SIM1
SIM2
SIM3
SIM4
1
21
22
SIM5
SIM1
SIM2
SIM3
SIM4
1
21
22
SIM5
SIM1
SIM2
SIM3
SIM4
1
21
22
SIM5
SIM1
SIM2
SIM3
SIM4
1
21
22
SIM5
SIM1
SIM2
SIM3
SIM4
1
21
22
SIM5
SIM1
SIM2
SIM3
SIM4
1
21
22
SIM5
SIM1
SIM2
SIM3
SIM4
1
21
22
SIM5
SIM1
SIM2
SIM3
SIM4
1
21
22
SIM5
SIM1
SIM2
SIM3
SIM4
1
21
22
SIM5
SIM1
SIM2
SIM3
SIM4
1
21
22
SIM5
SIM1
SIM2
SIM3
SIM4
1
21
22
SIM5
SIM1
SIM2
SIM3
SIM4
1
21
22
SIM5
SIM1
SIM2
SIM3
SIM4
1
21
22
SIM5
SIM1
SIM2
SIM3
SIM4
1
21
22
SIM5
SIM1
SIM2
SIM3
SIM4
1
21
22
SIM5
SIM1
SIM2
SIM3
SIM4
1
21
22
SIM5
SIM1
SIM2
SIM3
SIM4
1
21
22
SIM5
SIM1
SIM2
SIM3
SIM4
1
21
22
SIM5
SIM1
SIM2
SIM3
SIM4
1
21
22
SIM5
SIM1
SIM2
SIM3
SIM4
1
21
22
SIM5
SIM1
SIM2
SIM3
SIM4
1
21
22
SIM5
SIM1
SIM2
SIM3
SIM4
1
21
22
SIM5
SIM1
SIM2
SIM3
SIM4
1
21
22
SIM5
SIM1
SIM2
SIM3
SIM4
1
21
22
SIM5
SIM1
SIM2
SIM3
SIM4
1
21
22
SIM5
SIM1
SIM2
SIM3
SIM4
1
21
22
SIM5
SIM1
SIM2
SIM3
SIM4
1
21
22
SIM5
SIM1
SIM2
SIM3
SIM4
1
21
22
SIM5
SIM1
SIM2
SIM3
SIM4
1
21
22
SIM5
SIM1
SIM2
SIM3
SIM4
1
21
22
SIM5
SIM1
SIM2
SIM3
SIM4
1
21
22
SIM5
SIM1
SIM2
SIM3
SIM4
1
21
22
SIM5
SIM1
SIM2
SIM3
SIM4
1
21
22
SIM5
SIM1
SIM2
SIM3
SIM4
1
21
22
SIM5
SIM1
SIM2
SIM3
SIM4
1
21
22
SIM5
SIM1
SIM2
SIM3
SIM4
1
21
22
SIM5
SIM1
SIM2
SIM3
SIM4
1
21
22
SIM5
SIM1
SIM2
SIM3
SIM4
1
21
22
SIM5
SIM1
SIM2
SIM3
SIM4
1
21
22
SIM5
SIM1
SIM2
SIM3
SIM4
1
21
22
SIM5
SIM1
SIM2
SIM3
SIM4
1
21
22
SIM5
SIM1
SIM2
SIM3
SIM4
1
21
22
SIM5
SIM1
SIM2
SIM3
SIM4
1
21
22
SIM5
SIM1
SIM2
SIM3
SIM4
1
21
22
SIM5
SIM1
SIM2
SIM3
SIM4
1
21
22
SIM5
SIM1
SIM2
SIM3
SIM4
1
21
22
SIM5
SIM1
SIM2
SIM3
SIM4
1
21
22
SIM5
SIM1
SIM2
SIM3
SIM4
1
21
22
SIM5
SIM1
SIM2
SIM3
SIM4
1
21
22
SIM5
SIM1
SIM2
SIM3
SIM4
1
21
22
SIM5
SIM1
SIM2
SIM3
SIM4
1
21
22
SIM5
SIM1
SIM2
SIM3
SIM4
1
21
22
SIM5
SIM1
SIM2
SIM3
SIM4
1
21
22
SIM5
SIM1
SIM2
SIM3
SIM4
1
21
22
SIM5
SIM1
SIM2
SIM3
SIM4
1
21
22
SIM5
SIM1
SIM2
SIM3
SIM4
1
21
22
SIM5
SIM1
SIM2
SIM3
SIM4
1
21
22
SIM5
SIM1
SIM2
SIM3
SIM4
1
21
22
SIM5
SIM1
SIM2
SIM3
SIM4
1
21
22
SIM5
SIM1
SIM2
SIM3
SIM4
1
21
22
SIM5
SIM1
SIM2
SIM3
SIM4
1
21
22
SIM5
SIM1
SIM2
SIM3
SIM4
1
21
22
SIM5
SIM1
SIM2
SIM3
SIM4
1
21
22
SIM5
SIM1
SIM2
SIM3
SIM4
1
21
22
SIM5
SIM1
SIM2
SIM3
SIM4
1
21
22
SIM5
SIM1
SIM2
SIM3
SIM4
1
21
22
SIM5
SIM1
SIM2
SIM3
SIM4
1
21
22
SIM5
SIM1
SIM2
SIM3
SIM4
1
21
22
SIM5
SIM1
SIM2
SIM3
SIM4
1
21
22
SIM5
SIM1
SIM2
SIM3
SIM4
1
21
22
SIM5
SIM1
SIM2
SIM3
SIM4
1
21
22
SIM5
SIM1
SIM2
SIM3
SIM4
1
21
22
SIM5
SIM1
SIM2
SIM3
SIM4
1
21
22
SIM5
SIM1
SIM2
SIM3
SIM4
1
21
22
SIM5
SIM1
SIM2
SIM3
SIM4
1
21
22
SIM5
SIM1
SIM2
SIM3
SIM4
1
21
22
SIM5
SIM1
SIM2
DEBUG 1 517
SIM1
SIM2
SIM3
SIM4
1
21
22
SIM5
SIM1
SIM2
SIM3
SIM4
1
21
22
SIM5
SIM1
SIM2
SIM3
SIM4
1
21
22
SIM5
SIM1
SIM2
SIM3
SIM4
1
21
22
SIM5
SIM1
SIM2
SIM3
SIM4
1
21
22
SIM5
SIM1
SIM2
SIM3
SIM4
1
21
22
SIM5
SIM1
SIM2
SIM3
SIM4
1
21
22
SIM5
SIM1
SIM2
SIM3
SIM4
1
21
22
SIM5
SIM1
SIM2
SIM3
SIM4
1
21
22
SIM5
SIM1
SIM2
SIM3
SIM4
1
21
22
SIM5
SIM1
SIM2
SIM3
SIM4
1
21
22
SIM5
SIM1
SIM2
SIM3
SIM4
1
21
22
SIM5
SIM1
SIM2
SIM3
SIM4
1
21
22
SIM5
SIM1
SIM2
SIM3
SIM4
1
21
22
SIM5
SIM1
SIM2
SIM3
SIM4
1
21
22
SIM5
SIM1
SIM2
SIM3
SIM4
1
21
22
SIM5
SIM1
SIM2
SIM3
SIM4
1
21
22
SIM5
SIM1
SIM2
SIM3
SIM4
1
21
22
SIM5
SIM1
SIM2
SIM3
SIM4
1
21
22
SIM5
SIM1
SIM2
SIM3
SIM4
1
21
22
SIM5
SIM1
SIM2
SIM3
SIM4
1
21
22
SIM5
SIM1
SIM2
SIM3
SIM4
1
21
22
SIM5
SIM1
SIM2
SIM3
SIM4
1
21
22
SIM5
SIM1
SIM2
SIM3
SIM4
1
21
22
SIM5
SIM1
SIM2
SIM3
SIM4
1
21
22
SIM5
SIM1
SIM2
SIM3
SIM4
1
21
22
SIM5
SIM1
SIM2
SIM3
SIM4
1
21
22
SIM5
SIM1
SIM2
SIM3
SIM4
1
21
22
SIM5
SIM1
SIM2
SIM3
SIM4
1
21
22
SIM5
SIM1
SIM2
SIM3
SIM4
1
21
22
SIM5
SIM1
SIM2
SIM3
SIM4
1
21
22
SIM5
SIM1
SIM2
SIM3
SIM4
1
21
22
SIM5
SIM1
SIM2
SIM3
SIM4
1
21
22
SIM5
SIM1
SIM2
SIM3
SIM4
1
21
22
SIM5
SIM1
SIM2
SIM3
SIM4
1
21
22
SIM5
SIM1
SIM2
SIM3
SIM4
1
21
22
SIM5
SIM1
SIM2
SIM3
SIM4
1
21
22
SIM5
SIM1
SIM2
SIM3
SIM4
1
21
22
SIM5
SIM1
SIM2
SIM3
SIM4
1
21
22
SIM5
SIM1
SIM2
SIM3
SIM4
1
21
22
SIM5
SIM1
SIM2
SIM3
SIM4
1
21
22
SIM5
SIM1
SIM2
SIM3
SIM4
1
21
22
SIM5
SIM1
SIM2
SIM3
SIM4
1
21
22
SIM5
SIM1
SIM2
SIM3
SIM4
1
21
22
SIM5
SIM1
SIM2
SIM3
SIM4
1
21
22
SIM5
SIM1
SIM2
SIM3
SIM4
1
21
22
SIM5
SIM1
SIM2
SIM3
SIM4
1
21
22
SIM5
SIM1
SIM2
SIM3
SIM4
1
21
22
SIM5
SIM1
SIM2
SIM3
SIM4
1
21
22
SIM5
SIM1
SIM2
SIM3
SIM4
1
21
22
SIM5
SIM1
SIM2
SIM3
SIM4
1
21
22
SIM5
SIM1
SIM2
SIM3
SIM4
1
21
22
SIM5
SIM1
SIM2
SIM3
SIM4
1
21
22
SIM5
SIM1
SIM2
SIM3
SIM4
1
21
22
SIM5
SIM1
SIM2
SIM3
SIM4
1
21
22
SIM5
SIM1
SIM2
SIM3
SIM4
1
21
22
SIM5
SIM1
SIM2
SIM3
SIM4
1
21
22
SIM5
SIM1
SIM2
SIM3
SIM4
1
21
22
SIM5
SIM1
SIM2
SIM3
SIM4
1
21
22
SIM5
SIM1
SIM2
SIM3
SIM4
1
21
22
SIM5
SIM1
SIM2
SIM3
SIM4
1
21
22
SIM5
SIM1
SIM2
SIM3
SIM4
1
21
22
SIM5
SIM1
SIM2
SIM3
SIM4
1
21
22
SIM5
SIM1
SIM2
SIM3
SIM4
1
21
22
SIM5
SIM1
SIM2
SIM3
SIM4
1
21
22
SIM5
SIM1
SIM2
SIM3
SIM4
1
21
22
SIM5
SIM1
SIM2
SIM3
SIM4
1
21
22
SIM5
SIM1
SIM2
SIM3
SIM4
1
21
22
SIM5
SIM1
SIM2
SIM3
SIM4
1
21
22
SIM5
SIM1
SIM2
SIM3
SIM4
1
21
22
SIM5
SIM1
SIM2
SIM3
SIM4
1
21
22
SIM5
SIM1
SIM2
SIM3
SIM4
1
21
22
SIM5
SIM1
SIM2
SIM3
SIM4
1
21
22
SIM5
SIM1
SIM2
SIM3
SIM4
1
21
22
SIM5
SIM1
SIM2
SIM3
SIM4
1
21
22
SIM5
SIM1
SIM2
SIM3
SIM4
1
21
22
SIM5
SIM1
SIM2
SIM3
SIM4
1
21
22
SIM5
SIM1
SIM2
SIM3
SIM4
1
21
22
SIM5
SIM1
SIM2
SIM3
SIM4
1
21
22
SIM5
SIM1
SIM2
SIM3
SIM4
1
21
22
SIM5
SIM1
SIM2
SIM3
SIM4
1
21
22
SIM5
SIM1
SIM2
SIM3
SIM4
1
21
22
SIM5
SIM1
SIM2
SIM3
SIM4
1
21
22
SIM5
SIM1
SIM2
SIM3
SIM4
1
21
22
SIM5
SIM1
SIM2
SIM3
SIM4
1
21
22
SIM5
SIM1
SIM2
SIM3
SIM4
1
21
22
SIM5
SIM1
SIM2
SIM3
SIM4
1
21
22
SIM5
SIM1
SIM2
SIM3
SIM4
1
21
22
SIM5
SIM1
SIM2
DEBUG 1 518
SIM1
SIM2
SIM3
SIM4
1
21
22
SIM5
SIM1
SIM2
SIM3
SIM4
1
21
22
SIM5
SIM1
SIM2
SIM3
SIM4
1
21
22
SIM5
SIM1
SIM2
SIM3
SIM4
1
21
22
SIM5
SIM1
SIM2
SIM3
SIM4
1
21
22
SIM5
SIM1
SIM2
SIM3
SIM4
1
21
22
SIM5
SIM1
SIM2
SIM3
SIM4
1
21
22
SIM5
SIM1
SIM2
SIM3
SIM4
1
21
22
SIM5
SIM1
SIM2
SIM3
SIM4
1
21
22
SIM5
SIM1
SIM2
SIM3
SIM4
1
21
22
SIM5
SIM1
SIM2
SIM3
SIM4
1
21
22
SIM5
SIM1
SIM2
SIM3
SIM4
1
21
22
SIM5
SIM1
SIM2
SIM3
SIM4
1
21
22
SIM5
SIM1
SIM2
SIM3
SIM4
1
21
22
SIM5
SIM1
SIM2
SIM3
SIM4
1
21
22
SIM5
SIM1
SIM2
SIM3
SIM4
1
21
22
SIM5
SIM1
SIM2
SIM3
SIM4
1
21
22
SIM5
SIM1
SIM2
SIM3
SIM4
1
21
22
SIM5
SIM1
SIM2
SIM3
SIM4
1
21
22
SIM5
SIM1
SIM2
SIM3
SIM4
1
21
22
SIM5
SIM1
SIM2
SIM3
SIM4
1
21
22
SIM5
SIM1
SIM2
SIM3
SIM4
1
21
22
SIM5
SIM1
SIM2
SIM3
SIM4
1
21
22
SIM5
SIM1
SIM2
SIM3
SIM4
1
21
22
SIM5
SIM1
SIM2
SIM3
SIM4
1
21
22
SIM5
SIM1
SIM2
SIM3
SIM4
1
21
22
SIM5
SIM1
SIM2
SIM3
SIM4
1
21
22
SIM5
SIM1
SIM2
SIM3
SIM4
1
21
22
SIM5
SIM1
SIM2
SIM3
SIM4
1
21
22
SIM5
SIM1
SIM2
SIM3
SIM4
1
21
22
SIM5
SIM1
SIM2
SIM3
SIM4
1
21
22
SIM5
SIM1
SIM2
SIM3
SIM4
1
21
22
SIM5
SIM1
SIM2
SIM3
SIM4
1
21
22
SIM5
SIM1
SIM2
SIM3
SIM4
1
21
22
SIM5
SIM1
SIM2
SIM3
SIM4
1
21
22
SIM5
SIM1
SIM2
SIM3
SIM4
1
21
22
SIM5
SIM1
SIM2
SIM3
SIM4
1
21
22
SIM5
SIM1
SIM2
SIM3
SIM4
1
21
22
SIM5
SIM1
SIM2
SIM3
SIM4
1
21
22
SIM5
SIM1
SIM2
SIM3
SIM4
1
21
22
SIM5
SIM1
SIM2
SIM3
SIM4
1
21
22
SIM5
SIM1
SIM2
SIM3
SIM4
1
21
22
SIM5
SIM1
SIM2
SIM3
SIM4
1
21
22
SIM5
SIM1
SIM2
SIM3
SIM4
1
21
22
SIM5
SIM1
SIM2
SIM3
SIM4
1
21
22
SIM5
SIM1
SIM2
SIM3
SIM4
1
21
22
SIM5
SIM1
SIM2
SIM3
SIM4
1
21
22
SIM5
SIM1
SIM2
SIM3
SIM4
1
21
22
SIM5
SIM1
SIM2
SIM3
SIM4
1
21
22
SIM5
SIM1
SIM2
SIM3
SIM4
1
21
22
SIM5
SIM1
SIM2
SIM3
SIM4
1
21
22
SIM5
SIM1
SIM2
SIM3
SIM4
1
21
22
SIM5
SIM1
SIM2
SIM3
SIM4
1
21
22
SIM5
SIM1
SIM2
SIM3
SIM4
1
21
22
SIM5
SIM1
SIM2
SIM3
SIM4
1
21
22
SIM5
SIM1
SIM2
SIM3
SIM4
1
21
22
SIM5
SIM1
SIM2
SIM3
SIM4
1
21
22
SIM5
SIM1
SIM2
SIM3
SIM4
1
21
22
SIM5
SIM1
SIM2
SIM3
SIM4
1
21
22
SIM5
SIM1
SIM2
SIM3
SIM4
1
21
22
SIM5
SIM1
SIM2
SIM3
SIM4
1
21
22
SIM5
SIM1
SIM2
SIM3
SIM4
1
21
22
SIM5
SIM1
SIM2
SIM3
SIM4
1
21
22
SIM5
SIM1
SIM2
SIM3
SIM4
1
21
22
SIM5
SIM1
SIM2
SIM3
SIM4
1
21
22
SIM5
SIM1
SIM2
SIM3
SIM4
1
21
22
SIM5
SIM1
SIM2
SIM3
SIM4
1
21
22
SIM5
SIM1
SIM2
SIM3
SIM4
1
21
22
SIM5
SIM1
SIM2
SIM3
SIM4
1
21
22
SIM5
SIM1
SIM2
SIM3
SIM4
1
21
22
SIM5
SIM1
SIM2
SIM3
SIM4
1
21
22
SIM5
SIM1
SIM2
SIM3
SIM4
1
21
22
SIM5
SIM1
SIM2
SIM3
SIM4
1
21
22
SIM5
SIM1
SIM2
SIM3
SIM4
1
21
22
SIM5
SIM1
SIM2
SIM3
SIM4
1
21
22
SIM5
SIM1
SIM2
SIM3
SIM4
1
21
22
SIM5
SIM1
SIM2
SIM3
SIM4
1
21
22
SIM5
SIM1
SIM2
SIM3
SIM4
1
21
22
SIM5
SIM1
SIM2
SIM3
SIM4
1
21
22
SIM5
SIM1
SIM2
SIM3
SIM4
1
21
22
SIM5
SIM1
SIM2
SIM3
SIM4
1
21
22
SIM5
SIM1
SIM2
SIM3
SIM4
1
21
22
SIM5
SIM1
SIM2
SIM3
SIM4
1
21
22
SIM5
SIM1
SIM2
SIM3
SIM4
1
21
22
SIM5
SIM1
SIM2
SIM3
SIM4
1
21
22
SIM5
SIM1
SIM2
SIM3
SIM4
1
21
22
SIM5
SIM1
SIM2
SIM3
SIM4
1
21
22
SIM5
SIM1
SIM2
SIM3
SIM4
1
21
22
SIM5
SIM1
SIM2
SIM3
SIM4
1
21
22
SIM5
SIM1
SIM2
SIM3
SIM4
1
21
22
SIM5
SIM1
SIM2
SIM3
SIM4
1
21
22
SIM5
SIM1
SIM2
SIM3
SIM4
1
21
22
SIM5
SIM1
SIM2
SIM3
SIM4
1
21
22
SIM5
SIM1
SIM2
SIM3
SIM4
1
21
22
SIM5
SIM1
SIM2
SIM3
SIM4
1
21
22
SIM5
SIM1
SIM2
SIM3
SIM4
1
21
22
SIM5
SIM1
SIM2
SIM3
SIM4
1
21
22
SIM5
SIM1
SIM2
SIM3
SIM4
1
21
22
SIM5
SIM1
SIM2
SIM3
SIM4
1
21
22
SIM5
SIM1
SIM2
SIM3
SIM4
1
21
22
SIM5
SIM1
SIM2
SIM3
SIM4
1
21
22
SIM5
SIM1
SIM2
SIM3
SIM4
1
21
22
SIM5
SIM1
SIM2
SIM3
SIM4
1
21
22
SIM5
SIM1
SIM2
SIM3
SIM4
1
21
22
SIM5
SIM1
SIM2
SIM3
SIM4
1
21
22
SIM5
SIM1
SIM2
SIM3
SIM4
1
21
22
SIM5
SIM1
SIM2
SIM3
SIM4
1
21
22
SIM5
SIM1
SIM2
SIM3
SIM4
1
21
22
SIM5
SIM1
SIM2
SIM3
SIM4
1
21
22
SIM5
SIM1
SIM2
SIM3
SIM4
1
21
22
SIM5
SIM1
SIM2
SIM3
SIM4
1
21
22
SIM5
SIM1
SIM2
SIM3
SIM4
1
21
22
SIM5
SIM1
SIM2
SIM3
SIM4
1
21
22
SIM5
SIM1
SIM2
SIM3
SIM4
1
21
22
SIM5
SIM1
SIM2
SIM3
SIM4
1
21
22
SIM5
SIM1
SIM2
SIM3
SIM4
1
21
22
SIM5
SIM1
SIM2
SIM3
SIM4
1
21
22
SIM5
SIM1
SIM2
SIM3
SIM4
1
21
22
SIM5
SIM1
SIM2
SIM3
SIM4
1
21
22
SIM5
SIM1
SIM2
SIM3
SIM4
1
21
22
SIM5
SIM1
SIM2
SIM3
SIM4
1
21
22
SIM5
SIM1
SIM2
SIM3
SIM4
1
21
22
SIM5
SIM1
SIM2
SIM3
SIM4
1
21
22
SIM5
SIM1
SIM2
SIM3
SIM4
1
21
22
SIM5
SIM1
SIM2
SIM3
SIM4
1
21
22
SIM5
SIM1
SIM2
SIM3
SIM4
1
21
22
SIM5
SIM1
SIM2
SIM3
SIM4
1
21
22
SIM5
SIM1
SIM2
SIM3
SIM4
1
21
22
SIM5
SIM1
SIM2
SIM3
SIM4
1
21
22
SIM5
SIM1
SIM2
SIM3
SIM4
1
21
22
SIM5
SIM1
SIM2
SIM3
SIM4
1
21
22
SIM5
SIM1
SIM2
SIM3
SIM4
1
21
22
SIM5
SIM1
SIM2
SIM3
SIM4
1
21
22
SIM5
SIM1
SIM2
SIM3
SIM4
1
21
22
SIM5
SIM1
SIM2
SIM3
SIM4
1
21
22
SIM5
SIM1
SIM2
SIM3
SIM4
1
21
22
SIM5
SIM1
SIM2
SIM3
SIM4
1
21
22
SIM5
SIM1
SIM2
SIM3
SIM4
1
21
22
SIM5
SIM1
SIM2
SIM3
SIM4
1
21
22
SIM5
SIM1
SIM2
SIM3
SIM4
1
21
22
SIM5
SIM1
SIM2
SIM3
SIM4
1
21
22
SIM5
SIM1
SIM2
SIM3
SIM4
1
21
22
SIM5
SIM1
SIM2
SIM3
SIM4
1
21
22
SIM5
SIM1
SIM2
SIM3
SIM4
1
21
22
SIM5
SIM1
SIM2
SIM3
SIM4
1
21
22
SIM5
SIM1
SIM2
SIM3
SIM4
1
21
22
SIM5
SIM1
SIM2
SIM3
SIM4
1
21
22
SIM5
SIM1
SIM2
SIM3
SIM4
1
21
22
SIM5
SIM1
SIM2
SIM3
SIM4
1
21
22
SIM5
SIM1
SIM2
SIM3
SIM4
1
21
22
SIM5
SIM1
SIM2
SIM3
SIM4
1
21
22
SIM5
SIM1
SIM2
SIM3
SIM4
1
21
22
SIM5
SIM1
SIM2
SIM3
SIM4
1
21
22
SIM5
SIM1
SIM2
DEBUG 1 519
SIM1
SIM2
SIM3
SIM4
1
21
22
SIM5
SIM1
SIM2
SIM3
SIM4
1
21
22
SIM5
SIM1
SIM2
SIM3
SIM4
1
21
22
SIM5
SIM1
SIM2
SIM3
SIM4
1
21
22
SIM5
SIM1
SIM2
SIM3
SIM4
1
21
22
SIM5
SIM1
SIM2
SIM3
SIM4
1
21
22
SIM5
SIM1
SIM2
SIM3
SIM4
1
21
22
SIM5
SIM1
SIM2
SIM3
SIM4
1
21
22
SIM5
SIM1
SIM2
SIM3
SIM4
1
21
22
SIM5
SIM1
SIM2
SIM3
SIM4
1
21
22
SIM5
SIM1
SIM2
SIM3
SIM4
1
21
22
SIM5
SIM1
SIM2
SIM3
SIM4
1
21
22
SIM5
SIM1
SIM2
SIM3
SIM4
1
21
22
SIM5
SIM1
SIM2
SIM3
SIM4
1
21
22
SIM5
SIM1
SIM2
SIM3
SIM4
1
21
22
SIM5
SIM1
SIM2
SIM3
SIM4
1
21
22
SIM5
SIM1
SIM2
SIM3
SIM4
1
21
22
SIM5
SIM1
SIM2
SIM3
SIM4
1
21
22
SIM5
SIM1
SIM2
SIM3
SIM4
1
21
22
SIM5
SIM1
SIM2
SIM3
SIM4
1
21
22
SIM5
SIM1
SIM2
SIM3
SIM4
1
21
22
SIM5
SIM1
SIM2
SIM3
SIM4
1
21
22
SIM5
SIM1
SIM2
SIM3
SIM4
1
21
22
SIM5
SIM1
SIM2
SIM3
SIM4
1
21
22
SIM5
SIM1
SIM2
SIM3
SIM4
1
21
22
SIM5
SIM1
SIM2
SIM3
SIM4
1
21
22
SIM5
SIM1
SIM2
SIM3
SIM4
1
21
22
SIM5
SIM1
SIM2
SIM3
SIM4
1
21
22
SIM5
SIM1
SIM2
SIM3
SIM4
1
21
22
SIM5
SIM1
SIM2
SIM3
SIM4
1
21
22
SIM5
SIM1
SIM2
SIM3
SIM4
1
21
22
SIM5
SIM1
SIM2
SIM3
SIM4
1
21
22
SIM5
SIM1
SIM2
SIM3
SIM4
1
21
22
SIM5
SIM1
SIM2
SIM3
SIM4
1
21
22
SIM5
SIM1
SIM2
SIM3
SIM4
1
21
22
SIM5
SIM1
SIM2
SIM3
SIM4
1
21
22
SIM5
SIM1
SIM2
SIM3
SIM4
1
21
22
SIM5
SIM1
SIM2
SIM3
SIM4
1
21
22
SIM5
SIM1
SIM2
SIM3
SIM4
1
21
22
SIM5
SIM1
SIM2
SIM3
SIM4
1
21
22
SIM5
SIM1
SIM2
SIM3
SIM4
1
21
22
SIM5
SIM1
SIM2
SIM3
SIM4
1
21
22
SIM5
SIM1
SIM2
SIM3
SIM4
1
21
22
SIM5
SIM1
SIM2
SIM3
SIM4
1
21
22
SIM5
SIM1
SIM2
SIM3
SIM4
1
21
22
SIM5
SIM1
SIM2
SIM3
SIM4
1
21
22
SIM5
SIM1
SIM2
SIM3
SIM4
1
21
22
SIM5
SIM1
SIM2
SIM3
SIM4
1
21
22
SIM5
SIM1
SIM2
SIM3
SIM4
1
21
22
SIM5
SIM1
SIM2
SIM3
SIM4
1
21
22
SIM5
SIM1
SIM2
SIM3
SIM4
1
21
22
SIM5
SIM1
SIM2
SIM3
SIM4
1
21
22
SIM5
SIM1
SIM2
SIM3
SIM4
1
21
22
SIM5
SIM1
SIM2
SIM3
SIM4
1
21
22
SIM5
SIM1
SIM2
SIM3
SIM4
1
21
22
SIM5
SIM1
SIM2
SIM3
SIM4
1
21
22
SIM5
SIM1
SIM2
SIM3
SIM4
1
21
22
SIM5
SIM1
SIM2
SIM3
SIM4
1
21
22
SIM5
SIM1
SIM2
SIM3
SIM4
1
21
22
SIM5
SIM1
SIM2
SIM3
SIM4
1
21
22
SIM5
SIM1
SIM2
SIM3
SIM4
1
21
22
SIM5
SIM1
SIM2
SIM3
SIM4
1
21
22
SIM5
SIM1
SIM2
SIM3
SIM4
1
21
22
SIM5
SIM1
SIM2
SIM3
SIM4
1
21
22
SIM5
SIM1
SIM2
SIM3
SIM4
1
21
22
SIM5
SIM1
SIM2
SIM3
SIM4
1
21
22
SIM5
SIM1
SIM2
SIM3
SIM4
1
21
22
SIM5
SIM1
SIM2
SIM3
SIM4
1
21
22
SIM5
SIM1
SIM2
SIM3
SIM4
1
21
22
SIM5
SIM1
SIM2
SIM3
SIM4
1
21
22
SIM5
SIM1
SIM2
SIM3
SIM4
1
21
22
SIM5
SIM1
SIM2
SIM3
SIM4
1
21
22
SIM5
SIM1
SIM2
SIM3
SIM4
1
21
22
SIM5
SIM1
SIM2
SIM3
SIM4
1
21
22
SIM5
SIM1
SIM2
SIM3
SIM4
1
21
22
SIM5
SIM1
SIM2
SIM3
SIM4
1
21
22
SIM5
SIM1
SIM2
SIM3
SIM4
1
21
22
SIM5
SIM1
SIM2
SIM3
SIM4
1
21
22
SIM5
SIM1
SIM2
SIM3
SIM4
1
21
22
SIM5
SIM1
SIM2
SIM3
SIM4
1
21
22
SIM5
SIM1
SIM2
SIM3
SIM4
1
21
22
SIM5
SIM1
SIM2
SIM3
SIM4
1
21
22
SIM5
SIM1
SIM2
SIM3
SIM4
1
21
22
SIM5
SIM1
SIM2
SIM3
SIM4
1
21
22
SIM5
SIM1
SIM2
SIM3
SIM4
1
21
22
SIM5
SIM1
SIM2
SIM3
SIM4
1
21
22
SIM5
SIM1
SIM2
SIM3
SIM4
1
21
22
SIM5
SIM1
SIM2
SIM3
SIM4
1
21
22
SIM5
SIM1
SIM2
SIM3
SIM4
1
21
22
SIM5
SIM1
SIM2
SIM3
SIM4
1
21
22
SIM5
SIM1
SIM2
SIM3
SIM4
1
21
22
SIM5
SIM1
SIM2
SIM3
SIM4
1
21
22
SIM5
SIM1
SIM2
SIM3
SIM4
1
21
22
SIM5
SIM1
SIM2
SIM3
SIM4
1
21
22
SIM5
SIM1
SIM2
SIM3
SIM4
1
21
22
SIM5
SIM1
SIM2
SIM3
SIM4
1
21
22
SIM5
SIM1
SIM2
SIM3
SIM4
1
21
22
SIM5
SIM1
SIM2
SIM3
SIM4
1
21
22
SIM5
SIM1
SIM2
SIM3
SIM4
1
21
22
SIM5
SIM1
SIM2
SIM3
SIM4
1
21
22
SIM5
SIM1
SIM2
SIM3
SIM4
1
21
22
SIM5
SIM1
SIM2
SIM3
SIM4
1
21
22
SIM5
SIM1
SIM2
SIM3
SIM4
1
21
22
SIM5
SIM1
SIM2
SIM3
SIM4
1
21
22
SIM5
SIM1
SIM2
SIM3
SIM4
1
21
22
SIM5
SIM1
SIM2
SIM3
SIM4
1
21
22
SIM5
SIM1
SIM2
SIM3
SIM4
1
21
22
SIM5
SIM1
SIM2
SIM3
SIM4
1
21
22
SIM5
SIM1
SIM2
SIM3
SIM4
1
21
22
SIM5
SIM1
SIM2
SIM3
SIM4
1
21
22
SIM5
SIM1
SIM2
SIM3
SIM4
1
21
22
SIM5
SIM1
SIM2
SIM3
SIM4
1
21
22
SIM5
SIM1
SIM2
SIM3
SIM4
1
21
22
SIM5
SIM1
SIM2
SIM3
SIM4
1
21
22
SIM5
SIM1
SIM2
SIM3
SIM4
1
21
22
SIM5
SIM1
SIM2
SIM3
SIM4
1
21
22
SIM5
SIM1
SIM2
SIM3
SIM4
1
21
22
SIM5
SIM1
SIM2
SIM3
SIM4
1
21
22
SIM5
SIM1
SIM2
SIM3
SIM4
1
21
22
SIM5
SIM1
SIM2
SIM3
SIM4
1
21
22
SIM5
SIM1
SIM2
SIM3
SIM4
1
21
22
SIM5
SIM1
SIM2
SIM3
SIM4
1
21
22
SIM5
SIM1
SIM2
SIM3
SIM4
1
21
22
SIM5
SIM1
SIM2
SIM3
SIM4
1
21
22
SIM5
SIM1
SIM2
SIM3
SIM4
1
21
22
SIM5
SIM1
SIM2
SIM3
SIM4
1
21
22
SIM5
SIM1
SIM2
SIM3
SIM4
1
21
22
SIM5
SIM1
SIM2
SIM3
SIM4
1
21
22
SIM5
SIM1
SIM2
SIM3
SIM4
1
21
22
SIM5
SIM1
SIM2
SIM3
SIM4
1
21
22
SIM5
SIM1
SIM2
SIM3
SIM4
1
21
22
SIM5
SIM1
SIM2
SIM3
SIM4
1
21
22
SIM5
SIM1
SIM2
SIM3
SIM4
1
21
22
SIM5
SIM1
SIM2
SIM3
SIM4
1
21
22
SIM5
SIM1
SIM2
SIM3
SIM4
1
21
22
SIM5
SIM1
SIM2
SIM3
SIM4
1
21
22
SIM5
SIM1
SIM2
SIM3
SIM4
1
21
22
SIM5
SIM1
SIM2
SIM3
SIM4
1
21
22
SIM5
SIM1
SIM2
SIM3
SIM4
1
21
22
SIM5
SIM1
SIM2
SIM3
SIM4
1
21
22
SIM5
SIM1
SIM2
SIM3
SIM4
1
21
22
SIM5
SIM1
SIM2
SIM3
SIM4
1
21
22
SIM5
SIM1
SIM2
SIM3
SIM4
1
21
22
SIM5
SIM1
SIM2
SIM3
SIM4
1
21
22
SIM5
SIM1
SIM2
SIM3
SIM4
1
21
22
SIM5
SIM1
SIM2
SIM3
SIM4
1
21
22
SIM5
SIM1
SIM2
SIM3
SIM4
1
21
22
SIM5
SIM1
SIM2
SIM3
SIM4
1
21
22
SIM5
SIM1
SIM2
SIM3
SIM4
1
21
22
SIM5
SIM1
SIM2
SIM3
SIM4
1
21
22
SIM5
SIM1
SIM2
SIM3
SIM4
1
21
22
SIM5
SIM1
SIM2
SIM3
SIM4
1
21
22
SIM5
SIM1
SIM2
SIM3
SIM4
1
21
22
SIM5
SIM1
SIM2
SIM3
SIM4
1
21
22
SIM5
SIM1
SIM2
SIM3
SIM4
1
21
22
SIM5
SIM1
SIM2
SIM3
SIM4
1
21
22
SIM5
SIM1
SIM2
SIM3
SIM4
1
21
22
SIM5
SIM1
SIM2
SIM3
SIM4
1
21
22
SIM5
SIM1
SIM2
SIM3
SIM4
1
21
22
SIM5
SIM1
SIM2
SIM3
SIM4
1
21
22
SIM5
SIM1
SIM2
SIM3
SIM4
1
21
22
SIM5
SIM1
SIM2
SIM3
SIM4
1
21
22
SIM5
SIM1
SIM2
SIM3
SIM4
1
21
22
SIM5
SIM1
SIM2
SIM3
SIM4
1
21
22
SIM5
SIM1
SIM2
SIM3
SIM4
1
21
22
SIM5
SIM1
SIM2
SIM3
SIM4
1
21
22
SIM5
SIM1
SIM2
SIM3
SIM4
1
21
22
SIM5
SIM1
SIM2
SIM3
SIM4
1
21
22
SIM5
SIM1
SIM2
SIM3
SIM4
1
21
22
SIM5
SIM1
SIM2
SIM3
SIM4
1
21
22
SIM5
SIM1
SIM2
SIM3
SIM4
1
21
22
SIM5
SIM1
SIM2
SIM3
SIM4
1
21
22
SIM5
SIM1
SIM2
SIM3
SIM4
1
21
22
SIM5
SIM1
SIM2
SIM3
SIM4
1
21
22
SIM5
SIM1
SIM2
SIM3
SIM4
1
21
22
SIM5
SIM1
SIM2
SIM3
SIM4
1
21
22
SIM5
SIM1
SIM2
SIM3
SIM4
1
21
22
SIM5
SIM1
SIM2
SIM3
SIM4
1
21
22
SIM5
SIM1
SIM2
SIM3
SIM4
1
21
22
SIM5
SIM1
SIM2
SIM3
SIM4
1
21
22
SIM5
SIM1
SIM2
SIM3
SIM4
1
21
22
SIM5
SIM1
SIM2
SIM3
SIM4
1
21
22
SIM5
SIM1
SIM2
SIM3
SIM4
1
21
22
SIM5
SIM1
SIM2
SIM3
SIM4
1
21
22
SIM5
SIM1
SIM2
SIM3
SIM4
1
21
22
SIM5
SIM1
SIM2
SIM3
SIM4
1
21
22
SIM5
SIM1
SIM2
SIM3
SIM4
1
21
22
SIM5
SIM1
SIM2
SIM3
SIM4
1
21
22
SIM5
SIM1
SIM2
SIM3
SIM4
1
21
22
SIM5
SIM1
SIM2
SIM3
SIM4
1
21
22
SIM5
SIM1
SIM2
SIM3
SIM4
1
21
22
SIM5
SIM1
SIM2
SIM3
SIM4
1
21
22
SIM5
SIM1
SIM2
SIM3
SIM4
1
21
22
SIM5
SIM1
SIM2
SIM3
SIM4
1
21
22
SIM5
SIM1
SIM2
SIM3
SIM4
1
21
22
SIM5
SIM1
SIM2
SIM3
SIM4
1
21
22
SIM5
SIM1
SIM2
SIM3
SIM4
1
21
22
SIM5
SIM1
SIM2
SIM3
SIM4
1
21
22
SIM5
SIM1
SIM2
SIM3
SIM4
1
21
22
SIM5
SIM1
SIM2
SIM3
SIM4
1
21
22
SIM5
SIM1
SIM2
SIM3
SIM4
1
21
22
SIM5
SIM1
SIM2
SIM3
SIM4
1
21
22
SIM5
SIM1
SIM2
SIM3
SIM4
1
21
22
SIM5
SIM1
SIM2
SIM3
SIM4
1
21
22
SIM5
SIM1
SIM2
SIM3
SIM4
1
21
22
SIM5
SIM1
SIM2
SIM3
SIM4
1
21
22
SIM5
SIM1
SIM2
SIM3
SIM4
1
21
22
SIM5
SIM1
SIM2
SIM3
SIM4
1
21
22
SIM5
SIM1
SIM2
SIM3
SIM4
1
21
22
SIM5
SIM1
SIM2
SIM3
SIM4
1
21
22
SIM5
SIM1
SIM2
SIM3
SIM4
1
21
22
SIM5
SIM1
SIM2
SIM3
SIM4
1
21
22
SIM5
SIM1
SIM2
SIM3
SIM4
1
21
22
SIM5
SIM1
SIM2
SIM3
SIM4
1
21
22
SIM5
SIM1
SIM2
SIM3
SIM4
1
21
22
SIM5
SIM1
SIM2
SIM3
SIM4
1
21
22
SIM5
SIM1
SIM2
SIM3
SIM4
1
21
22
SIM5
SIM1
SIM2
SIM3
SIM4
1
21
22
SIM5
SIM1
SIM2
SIM3
SIM4
1
21
22
SIM5
SIM1
SIM2
SIM3
SIM4
1
21
22
SIM5
SIM1
SIM2
SIM3
SIM4
1
21
22
SIM5
SIM1
SIM2
SIM3
SIM4
1
21
22
SIM5
SIM1
SIM2
SIM3
SIM4
1
21
22
SIM5
SIM1
SIM2
SIM3
SIM4
1
21
22
SIM5
SIM1
SIM2
SIM3
SIM4
1
21
22
SIM5
SIM1
SIM2
SIM3
SIM4
1
21
22
SIM5
SIM1
SIM2
SIM3
SIM4
1
21
22
SIM5
SIM1
SIM2
SIM3
SIM4
1
21
22
SIM5
SIM1
SIM2
SIM3
SIM4
1
21
22
SIM5
SIM1
SIM2
SIM3
SIM4
1
21
22
SIM5
SIM1
SIM2
SIM3
SIM4
1
21
22
SIM5
SIM1
SIM2
SIM3
SIM4
1
21
22
SIM5
SIM1
SIM2
SIM3
SIM4
1
21
22
SIM5
SIM1
SIM2
SIM3
SIM4
1
21
22
SIM5
SIM1
SIM2
SIM3
SIM4
1
21
22
SIM5
SIM1
SIM2
SIM3
SIM4
1
21
22
SIM5
SIM1
SIM2
SIM3
SIM4
1
21
22
SIM5
SIM1
SIM2
SIM3
SIM4
1
21
22
SIM5
SIM1
SIM2
SIM3
SIM4
1
21
22
SIM5
SIM1
SIM2
SIM3
SIM4
1
21
22
SIM5
SIM1
SIM2
SIM3
SIM4
1
21
22
SIM5
SIM1
SIM2
SIM3
SIM4
1
21
22
SIM5
SIM1
SIM2
SIM3
SIM4
1
21
22
SIM5
SIM1
SIM2
SIM3
SIM4
1
21
22
SIM5
SIM1
SIM2
SIM3
SIM4
1
21
22
SIM5
SIM1
SIM2
SIM3
SIM4
1
21
22
SIM5
SIM1
SIM2
SIM3
SIM4
1
21
22
SIM5
SIM1
SIM2
SIM3
SIM4
1
21
22
SIM5
SIM1
SIM2
SIM3
SIM4
1
21
22
SIM5
SIM1
SIM2
SIM3
SIM4
1
21
22
SIM5
SIM1
SIM2
SIM3
SIM4
1
21
22
SIM5
SIM1
SIM2
SIM3
SIM4
1
21
22
SIM5
SIM1
SIM2
SIM3
SIM4
1
21
22
SIM5
SIM1
SIM2
SIM3
SIM4
1
21
22
SIM5
SIM1
SIM2
SIM3
SIM4
1
21
22
SIM5
SIM1
SIM2
SIM3
SIM4
1
21
22
SIM5
SIM1
SIM2
SIM3
SIM4
1
21
22
SIM5
SIM1
SIM2
SIM3
SIM4
1
21
22
SIM5
SIM1
SIM2
SIM3
SIM4
1
21
22
SIM5
SIM1
SIM2
SIM3
SIM4
1
21
22
SIM5
SIM1
SIM2
SIM3
SIM4
1
21
22
SIM5
SIM1
SIM2
SIM3
SIM4
1
21
22
SIM5
SIM1
SIM2
SIM3
SIM4
1
21
22
SIM5
SIM1
SIM2
SIM3
SIM4
1
21
22
SIM5
SIM1
SIM2
SIM3
SIM4
1
21
22
SIM5
SIM1
SIM2
SIM3
SIM4
1
21
22
SIM5
SIM1
SIM2
SIM3
SIM4
1
21
22
SIM5
SIM1
SIM2
SIM3
SIM4
1
21
22
SIM5
SIM1
SIM2
DEBUG 1 520
SIM1
SIM2
SIM3
SIM4
1
21
22
SIM5
SIM1
SIM2
SIM3
SIM4
1
21
22
SIM5
SIM1
SIM2
SIM3
SIM4
1
21
22
SIM5
SIM1
SIM2
SIM3
SIM4
1
21
22
SIM5
SIM1
SIM2
SIM3
SIM4
1
21
22
SIM5
SIM1
SIM2
SIM3
SIM4
1
21
22
SIM5
SIM1
SIM2
SIM3
SIM4
1
21
22
SIM5
SIM1
SIM2
SIM3
SIM4
1
21
22
SIM5
SIM1
SIM2
SIM3
SIM4
1
21
22
SIM5
SIM1
SIM2
SIM3
SIM4
1
21
22
SIM5
SIM1
SIM2
SIM3
SIM4
1
21
22
SIM5
SIM1
SIM2
SIM3
SIM4
1
21
22
SIM5
SIM1
SIM2
SIM3
SIM4
1
21
22
SIM5
SIM1
SIM2
SIM3
SIM4
1
21
22
SIM5
SIM1
SIM2
SIM3
SIM4
1
21
22
SIM5
SIM1
SIM2
SIM3
SIM4
1
21
22
SIM5
SIM1
SIM2
SIM3
SIM4
1
21
22
SIM5
SIM1
SIM2
SIM3
SIM4
1
21
22
SIM5
SIM1
SIM2
SIM3
SIM4
1
21
22
SIM5
SIM1
SIM2
SIM3
SIM4
1
21
22
SIM5
SIM1
SIM2
SIM3
SIM4
1
21
22
SIM5
SIM1
SIM2
SIM3
SIM4
1
21
22
SIM5
SIM1
SIM2
SIM3
SIM4
1
21
22
SIM5
SIM1
SIM2
SIM3
SIM4
1
21
22
SIM5
SIM1
SIM2
SIM3
SIM4
1
21
22
SIM5
SIM1
SIM2
SIM3
SIM4
1
21
22
SIM5
SIM1
SIM2
SIM3
SIM4
1
21
22
SIM5
SIM1
SIM2
SIM3
SIM4
1
21
22
SIM5
SIM1
SIM2
SIM3
SIM4
1
21
22
SIM5
SIM1
SIM2
SIM3
SIM4
1
21
22
SIM5
SIM1
SIM2
SIM3
SIM4
1
21
22
SIM5
SIM1
SIM2
SIM3
SIM4
1
21
22
SIM5
SIM1
SIM2
SIM3
SIM4
1
21
22
SIM5
SIM1
SIM2
SIM3
SIM4
1
21
22
SIM5
SIM1
SIM2
SIM3
SIM4
1
21
22
SIM5
SIM1
SIM2
SIM3
SIM4
1
21
22
SIM5
SIM1
SIM2
SIM3
SIM4
1
21
22
SIM5
SIM1
SIM2
SIM3
SIM4
1
21
22
SIM5
SIM1
SIM2
SIM3
SIM4
1
21
22
SIM5
SIM1
SIM2
SIM3
SIM4
1
21
22
SIM5
SIM1
SIM2
SIM3
SIM4
1
21
22
SIM5
SIM1
SIM2
SIM3
SIM4
1
21
22
SIM5
SIM1
SIM2
SIM3
SIM4
1
21
22
SIM5
SIM1
SIM2
SIM3
SIM4
1
21
22
SIM5
SIM1
SIM2
SIM3
SIM4
1
21
22
SIM5
SIM1
SIM2
SIM3
SIM4
1
21
22
SIM5
SIM1
SIM2
SIM3
SIM4
1
21
22
SIM5
SIM1
SIM2
SIM3
SIM4
1
21
22
SIM5
SIM1
SIM2
SIM3
SIM4
1
21
22
SIM5
SIM1
SIM2
SIM3
SIM4
1
21
22
SIM5
SIM1
SIM2
SIM3
SIM4
1
21
22
SIM5
SIM1
SIM2
SIM3
SIM4
1
21
22
SIM5
SIM1
SIM2
SIM3
SIM4
1
21
22
SIM5
SIM1
SIM2
SIM3
SIM4
1
21
22
SIM5
SIM1
SIM2
SIM3
SIM4
1
21
22
SIM5
SIM1
SIM2
SIM3
SIM4
1
21
22
SIM5
SIM1
SIM2
SIM3
SIM4
1
21
22
SIM5
SIM1
SIM2
SIM3
SIM4
1
21
22
SIM5
SIM1
SIM2
SIM3
SIM4
1
21
22
SIM5
SIM1
SIM2
SIM3
SIM4
1
21
22
SIM5
SIM1
SIM2
SIM3
SIM4
1
21
22
SIM5
SIM1
SIM2
SIM3
SIM4
1
21
22
SIM5
SIM1
SIM2
SIM3
SIM4
1
21
22
SIM5
SIM1
SIM2
SIM3
SIM4
1
21
22
SIM5
SIM1
SIM2
SIM3
SIM4
1
21
22
SIM5
SIM1
SIM2
SIM3
SIM4
1
21
22
SIM5
SIM1
SIM2
SIM3
SIM4
1
21
22
SIM5
SIM1
SIM2
SIM3
SIM4
1
21
22
SIM5
SIM1
SIM2
SIM3
SIM4
1
21
22
SIM5
SIM1
SIM2
SIM3
SIM4
1
21
22
SIM5
SIM1
SIM2
SIM3
SIM4
1
21
22
SIM5
SIM1
SIM2
SIM3
SIM4
1
21
22
SIM5
SIM1
SIM2
SIM3
SIM4
1
21
22
SIM5
SIM1
SIM2
SIM3
SIM4
1
21
22
SIM5
SIM1
SIM2
SIM3
SIM4
1
21
22
SIM5
SIM1
SIM2
SIM3
SIM4
1
21
22
SIM5
SIM1
SIM2
SIM3
SIM4
1
21
22
SIM5
SIM1
SIM2
SIM3
SIM4
1
21
22
SIM5
SIM1
SIM2
SIM3
SIM4
1
21
22
SIM5
SIM1
SIM2
SIM3
SIM4
1
21
22
SIM5
SIM1
SIM2
SIM3
SIM4
1
21
22
SIM5
SIM1
SIM2
SIM3
SIM4
1
21
22
SIM5
SIM1
SIM2
SIM3
SIM4
1
21
22
SIM5
SIM1
SIM2
SIM3
SIM4
1
21
22
SIM5
SIM1
SIM2
SIM3
SIM4
1
21
22
SIM5
SIM1
SIM2
SIM3
SIM4
1
21
22
SIM5
SIM1
SIM2
SIM3
SIM4
1
21
22
SIM5
SIM1
SIM2
SIM3
SIM4
1
21
22
SIM5
SIM1
SIM2
SIM3
SIM4
1
21
22
SIM5
SIM1
SIM2
SIM3
SIM4
1
21
22
SIM5
SIM1
SIM2
SIM3
SIM4
1
21
22
SIM5
SIM1
SIM2
SIM3
SIM4
1
21
22
SIM5
SIM1
SIM2
SIM3
SIM4
1
21
22
SIM5
SIM1
SIM2
SIM3
SIM4
1
21
22
SIM5
SIM1
SIM2
SIM3
SIM4
1
21
22
SIM5
SIM1
SIM2
SIM3
SIM4
1
21
22
SIM5
SIM1
SIM2
SIM3
SIM4
1
21
22
SIM5
SIM1
SIM2
SIM3
SIM4
1
21
22
SIM5
SIM1
SIM2
SIM3
SIM4
1
21
22
SIM5
SIM1
SIM2
SIM3
SIM4
1
21
22
SIM5
SIM1
SIM2
SIM3
SIM4
1
21
22
SIM5
SIM1
SIM2
SIM3
SIM4
1
21
22
SIM5
SIM1
SIM2
SIM3
SIM4
1
21
22
SIM5
SIM1
SIM2
SIM3
SIM4
1
21
22
SIM5
SIM1
SIM2
SIM3
SIM4
1
21
22
SIM5
SIM1
SIM2
SIM3
SIM4
1
21
22
SIM5
SIM1
SIM2
SIM3
SIM4
1
21
22
SIM5
SIM1
SIM2
SIM3
SIM4
1
21
22
SIM5
SIM1
SIM2
SIM3
SIM4
1
21
22
SIM5
SIM1
SIM2
SIM3
SIM4
1
21
22
SIM5
SIM1
SIM2
SIM3
SIM4
1
21
22
SIM5
SIM1
SIM2
SIM3
SIM4
1
21
22
SIM5
SIM1
SIM2
SIM3
SIM4
1
21
22
SIM5
SIM1
SIM2
SIM3
SIM4
1
21
22
SIM5
SIM1
SIM2
SIM3
SIM4
1
21
22
SIM5
SIM1
SIM2
SIM3
SIM4
1
21
22
SIM5
SIM1
SIM2
SIM3
SIM4
1
21
22
SIM5
SIM1
SIM2
SIM3
SIM4
1
21
22
SIM5
SIM1
SIM2
SIM3
SIM4
1
21
22
SIM5
SIM1
SIM2
SIM3
SIM4
1
21
22
SIM5
SIM1
SIM2
SIM3
SIM4
1
21
22
SIM5
SIM1
SIM2
SIM3
SIM4
1
21
22
SIM5
SIM1
SIM2
SIM3
SIM4
1
21
22
SIM5
SIM1
SIM2
SIM3
SIM4
1
21
22
SIM5
SIM1
SIM2
SIM3
SIM4
1
21
22
SIM5
SIM1
SIM2
SIM3
SIM4
1
21
22
SIM5
SIM1
SIM2
SIM3
SIM4
1
21
22
SIM5
SIM1
SIM2
SIM3
SIM4
1
21
22
SIM5
SIM1
SIM2
SIM3
SIM4
1
21
22
SIM5
SIM1
SIM2
SIM3
SIM4
1
21
22
SIM5
SIM1
SIM2
SIM3
SIM4
1
21
22
SIM5
SIM1
SIM2
SIM3
SIM4
1
21
22
SIM5
SIM1
SIM2
SIM3
SIM4
1
21
22
SIM5
SIM1
SIM2
SIM3
SIM4
1
21
22
SIM5
SIM1
SIM2
SIM3
SIM4
1
21
22
SIM5
SIM1
SIM2
SIM3
SIM4
1
21
22
SIM5
SIM1
SIM2
SIM3
SIM4
1
21
22
SIM5
SIM1
SIM2
SIM3
SIM4
1
21
22
SIM5
SIM1
SIM2
SIM3
SIM4
1
21
22
SIM5
SIM1
SIM2
SIM3
SIM4
1
21
22
SIM5
SIM1
SIM2
SIM3
SIM4
1
21
22
SIM5
SIM1
SIM2
SIM3
SIM4
1
21
22
SIM5
SIM1
SIM2
SIM3
SIM4
1
21
22
SIM5
SIM1
SIM2
SIM3
SIM4
1
21
22
SIM5
SIM1
SIM2
SIM3
SIM4
1
21
22
SIM5
SIM1
SIM2
SIM3
SIM4
1
21
22
SIM5
SIM1
SIM2
SIM3
SIM4
1
21
22
SIM5
SIM1
SIM2
SIM3
SIM4
1
21
22
SIM5
SIM1
SIM2
SIM3
SIM4
1
21
22
SIM5
SIM1
SIM2
SIM3
SIM4
1
21
22
SIM5
SIM1
SIM2
SIM3
SIM4
1
21
22
SIM5
SIM1
SIM2
SIM3
SIM4
1
21
22
SIM5
SIM1
SIM2
SIM3
SIM4
1
21
22
SIM5
SIM1
SIM2
SIM3
SIM4
1
21
22
SIM5
SIM1
SIM2
SIM3
SIM4
1
21
22
SIM5
SIM1
SIM2
SIM3
SIM4
1
21
22
SIM5
SIM1
SIM2
SIM3
SIM4
1
21
22
SIM5
SIM1
SIM2
SIM3
SIM4
1
21
22
SIM5
SIM1
SIM2
SIM3
SIM4
1
21
22
SIM5
SIM1
SIM2
SIM3
SIM4
1
21
22
SIM5
SIM1
SIM2
SIM3
SIM4
1
21
22
SIM5
SIM1
SIM2
SIM3
SIM4
1
21
22
SIM5
SIM1
SIM2
SIM3
SIM4
1
21
22
SIM5
SIM1
SIM2
SIM3
SIM4
1
21
22
SIM5
SIM1
SIM2
SIM3
SIM4
1
21
22
SIM5
SIM1
SIM2
SIM3
SIM4
1
21
22
SIM5
SIM1
SIM2
SIM3
SIM4
1
21
22
SIM5
SIM1
SIM2
SIM3
SIM4
1
21
22
SIM5
SIM1
SIM2
SIM3
SIM4
1
21
22
SIM5
SIM1
SIM2
SIM3
SIM4
1
21
22
SIM5
SIM1
SIM2
SIM3
SIM4
1
21
22
SIM5
SIM1
SIM2
SIM3
SIM4
1
21
22
SIM5
SIM1
SIM2
SIM3
SIM4
1
21
22
SIM5
SIM1
SIM2
SIM3
SIM4
1
21
22
SIM5
SIM1
SIM2
SIM3
SIM4
1
21
22
SIM5
SIM1
SIM2
SIM3
SIM4
1
21
22
SIM5
SIM1
SIM2
SIM3
SIM4
1
21
22
SIM5
SIM1
SIM2
SIM3
SIM4
1
21
22
SIM5
SIM1
SIM2
SIM3
SIM4
1
21
22
SIM5
SIM1
SIM2
SIM3
SIM4
1
21
22
SIM5
SIM1
SIM2
SIM3
SIM4
1
21
22
SIM5
SIM1
SIM2
SIM3
SIM4
1
21
22
SIM5
SIM1
SIM2
SIM3
SIM4
1
21
22
SIM5
SIM1
SIM2
SIM3
SIM4
1
21
22
SIM5
SIM1
SIM2
SIM3
SIM4
1
21
22
SIM5
SIM1
SIM2
SIM3
SIM4
1
21
22
SIM5
SIM1
SIM2
SIM3
SIM4
1
21
22
SIM5
SIM1
SIM2
SIM3
SIM4
1
21
22
SIM5
SIM1
SIM2
SIM3
SIM4
1
21
22
SIM5
SIM1
SIM2
SIM3
SIM4
1
21
22
SIM5
SIM1
SIM2
SIM3
SIM4
1
21
22
SIM5
SIM1
SIM2
SIM3
SIM4
1
21
22
SIM5
SIM1
SIM2
SIM3
SIM4
1
21
22
SIM5
SIM1
SIM2
SIM3
SIM4
1
21
22
SIM5
SIM1
SIM2
SIM3
SIM4
1
21
22
SIM5
SIM1
SIM2
SIM3
SIM4
1
21
22
SIM5
SIM1
SIM2
DEBUG 1 521
SIM1
SIM2
SIM3
SIM4
1
21
22
SIM5
SIM1
SIM2
SIM3
SIM4
1
21
22
SIM5
SIM1
SIM2
SIM3
SIM4
1
21
22
SIM5
SIM1
SIM2
SIM3
SIM4
1
21
22
SIM5
SIM1
SIM2
SIM3
SIM4
1
21
22
SIM5
SIM1
SIM2
SIM3
SIM4
1
21
22
SIM5
SIM1
SIM2
SIM3
SIM4
1
21
22
SIM5
SIM1
SIM2
SIM3
SIM4
1
21
22
SIM5
SIM1
SIM2
SIM3
SIM4
1
21
22
SIM5
SIM1
SIM2
SIM3
SIM4
1
21
22
SIM5
SIM1
SIM2
SIM3
SIM4
1
21
22
SIM5
SIM1
SIM2
SIM3
SIM4
1
21
22
SIM5
SIM1
SIM2
SIM3
SIM4
1
21
22
SIM5
SIM1
SIM2
SIM3
SIM4
1
21
22
SIM5
SIM1
SIM2
SIM3
SIM4
1
21
22
SIM5
SIM1
SIM2
SIM3
SIM4
1
21
22
SIM5
SIM1
SIM2
SIM3
SIM4
1
21
22
SIM5
SIM1
SIM2
SIM3
SIM4
1
21
22
SIM5
SIM1
SIM2
SIM3
SIM4
1
21
22
SIM5
SIM1
SIM2
SIM3
SIM4
1
21
22
SIM5
SIM1
SIM2
SIM3
SIM4
1
21
22
SIM5
SIM1
SIM2
SIM3
SIM4
1
21
22
SIM5
SIM1
SIM2
SIM3
SIM4
1
21
22
SIM5
SIM1
SIM2
SIM3
SIM4
1
21
22
SIM5
SIM1
SIM2
SIM3
SIM4
1
21
22
SIM5
SIM1
SIM2
SIM3
SIM4
1
21
22
SIM5
SIM1
SIM2
SIM3
SIM4
1
21
22
SIM5
SIM1
SIM2
SIM3
SIM4
1
21
22
SIM5
SIM1
SIM2
SIM3
SIM4
1
21
22
SIM5
SIM1
SIM2
SIM3
SIM4
1
21
22
SIM5
SIM1
SIM2
SIM3
SIM4
1
21
22
SIM5
SIM1
SIM2
SIM3
SIM4
1
21
22
SIM5
SIM1
SIM2
SIM3
SIM4
1
21
22
SIM5
SIM1
SIM2
SIM3
SIM4
1
21
22
SIM5
SIM1
SIM2
SIM3
SIM4
1
21
22
SIM5
SIM1
SIM2
SIM3
SIM4
1
21
22
SIM5
SIM1
SIM2
SIM3
SIM4
1
21
22
SIM5
SIM1
SIM2
SIM3
SIM4
1
21
22
SIM5
SIM1
SIM2
SIM3
SIM4
1
21
22
SIM5
SIM1
SIM2
SIM3
SIM4
1
21
22
SIM5
SIM1
SIM2
SIM3
SIM4
1
21
22
SIM5
SIM1
SIM2
SIM3
SIM4
1
21
22
SIM5
SIM1
SIM2
SIM3
SIM4
1
21
22
SIM5
SIM1
SIM2
SIM3
SIM4
1
21
22
SIM5
SIM1
SIM2
SIM3
SIM4
1
21
22
SIM5
SIM1
SIM2
SIM3
SIM4
1
21
22
SIM5
SIM1
SIM2
SIM3
SIM4
1
21
22
SIM5
SIM1
SIM2
SIM3
SIM4
1
21
22
SIM5
SIM1
SIM2
SIM3
SIM4
1
21
22
SIM5
SIM1
SIM2
SIM3
SIM4
1
21
22
SIM5
SIM1
SIM2
SIM3
SIM4
1
21
22
SIM5
SIM1
SIM2
SIM3
SIM4
1
21
22
SIM5
SIM1
SIM2
SIM3
SIM4
1
21
22
SIM5
SIM1
SIM2
SIM3
SIM4
1
21
22
SIM5
SIM1
SIM2
SIM3
SIM4
1
21
22
SIM5
SIM1
SIM2
SIM3
SIM4
1
21
22
SIM5
SIM1
SIM2
SIM3
SIM4
1
21
22
SIM5
SIM1
SIM2
SIM3
SIM4
1
21
22
SIM5
SIM1
SIM2
SIM3
SIM4
1
21
22
SIM5
SIM1
SIM2
SIM3
SIM4
1
21
22
SIM5
SIM1
SIM2
SIM3
SIM4
1
21
22
SIM5
SIM1
SIM2
SIM3
SIM4
1
21
22
SIM5
SIM1
SIM2
SIM3
SIM4
1
21
22
SIM5
SIM1
SIM2
SIM3
SIM4
1
21
22
SIM5
SIM1
SIM2
SIM3
SIM4
1
21
22
SIM5
SIM1
SIM2
SIM3
SIM4
1
21
22
SIM5
SIM1
SIM2
SIM3
SIM4
1
21
22
SIM5
SIM1
SIM2
SIM3
SIM4
1
21
22
SIM5
SIM1
SIM2
SIM3
SIM4
1
21
22
SIM5
SIM1
SIM2
SIM3
SIM4
1
21
22
SIM5
SIM1
SIM2
SIM3
SIM4
1
21
22
SIM5
SIM1
SIM2
SIM3
SIM4
1
21
22
SIM5
SIM1
SIM2
SIM3
SIM4
1
21
22
SIM5
SIM1
SIM2
SIM3
SIM4
1
21
22
SIM5
SIM1
SIM2
SIM3
SIM4
1
21
22
SIM5
SIM1
SIM2
SIM3
SIM4
1
21
22
SIM5
SIM1
SIM2
SIM3
SIM4
1
21
22
SIM5
SIM1
SIM2
SIM3
SIM4
1
21
22
SIM5
SIM1
SIM2
SIM3
SIM4
1
21
22
SIM5
SIM1
SIM2
SIM3
SIM4
1
21
22
SIM5
SIM1
SIM2
SIM3
SIM4
1
21
22
SIM5
SIM1
SIM2
SIM3
SIM4
1
21
22
SIM5
SIM1
SIM2
SIM3
SIM4
1
21
22
SIM5
SIM1
SIM2
SIM3
SIM4
1
21
22
SIM5
SIM1
SIM2
SIM3
SIM4
1
21
22
SIM5
SIM1
SIM2
SIM3
SIM4
1
21
22
SIM5
SIM1
SIM2
SIM3
SIM4
1
21
22
SIM5
SIM1
SIM2
SIM3
SIM4
1
21
22
SIM5
SIM1
SIM2
SIM3
SIM4
1
21
22
SIM5
SIM1
SIM2
SIM3
SIM4
1
21
22
SIM5
SIM1
SIM2
SIM3
SIM4
1
21
22
SIM5
SIM1
SIM2
SIM3
SIM4
1
21
22
SIM5
SIM1
SIM2
SIM3
SIM4
1
21
22
SIM5
SIM1
SIM2
SIM3
SIM4
1
21
22
SIM5
SIM1
SIM2
SIM3
SIM4
1
21
22
SIM5
SIM1
SIM2
SIM3
SIM4
1
21
22
SIM5
SIM1
SIM2
SIM3
SIM4
1
21
22
SIM5
SIM1
SIM2
SIM3
SIM4
1
21
22
SIM5
SIM1
SIM2
SIM3
SIM4
1
21
22
SIM5
SIM1
SIM2
SIM3
SIM4
1
21
22
SIM5
SIM1
SIM2
SIM3
SIM4
1
21
22
SIM5
SIM1
SIM2
SIM3
SIM4
1
21
22
SIM5
SIM1
SIM2
SIM3
SIM4
1
21
22
SIM5
SIM1
SIM2
SIM3
SIM4
1
21
22
SIM5
SIM1
SIM2
SIM3
SIM4
1
21
22
SIM5
SIM1
SIM2
SIM3
SIM4
1
21
22
SIM5
SIM1
SIM2
SIM3
SIM4
1
21
22
SIM5
SIM1
SIM2
SIM3
SIM4
1
21
22
SIM5
SIM1
SIM2
SIM3
SIM4
1
21
22
SIM5
SIM1
SIM2
SIM3
SIM4
1
21
22
SIM5
SIM1
SIM2
SIM3
SIM4
1
21
22
SIM5
SIM1
SIM2
SIM3
SIM4
1
21
22
SIM5
SIM1
SIM2
SIM3
SIM4
1
21
22
SIM5
SIM1
SIM2
SIM3
SIM4
1
21
22
SIM5
SIM1
SIM2
SIM3
SIM4
1
21
22
SIM5
SIM1
SIM2
SIM3
SIM4
1
21
22
SIM5
SIM1
SIM2
SIM3
SIM4
1
21
22
SIM5
SIM1
SIM2
SIM3
SIM4
1
21
22
SIM5
SIM1
SIM2
SIM3
SIM4
1
21
22
SIM5
SIM1
SIM2
SIM3
SIM4
1
21
22
SIM5
SIM1
SIM2
SIM3
SIM4
1
21
22
SIM5
SIM1
SIM2
SIM3
SIM4
1
21
22
SIM5
SIM1
SIM2
SIM3
SIM4
1
21
22
SIM5
SIM1
SIM2
SIM3
SIM4
1
21
22
SIM5
SIM1
SIM2
SIM3
SIM4
1
21
22
SIM5
SIM1
SIM2
SIM3
SIM4
1
21
22
SIM5
SIM1
SIM2
SIM3
SIM4
1
21
22
SIM5
SIM1
SIM2
SIM3
SIM4
1
21
22
SIM5
SIM1
SIM2
SIM3
SIM4
1
21
22
SIM5
SIM1
SIM2
SIM3
SIM4
1
21
22
SIM5
SIM1
SIM2
SIM3
SIM4
1
21
22
SIM5
SIM1
SIM2
SIM3
SIM4
1
21
22
SIM5
SIM1
SIM2
SIM3
SIM4
1
21
22
SIM5
SIM1
SIM2
SIM3
SIM4
1
21
22
SIM5
SIM1
SIM2
SIM3
SIM4
1
21
22
SIM5
SIM1
SIM2
SIM3
SIM4
1
21
22
SIM5
SIM1
SIM2
SIM3
SIM4
1
21
22
SIM5
SIM1
SIM2
SIM3
SIM4
1
21
22
SIM5
SIM1
SIM2
SIM3
SIM4
1
21
22
SIM5
SIM1
SIM2
SIM3
SIM4
1
21
22
SIM5
SIM1
SIM2
SIM3
SIM4
1
21
22
SIM5
SIM1
SIM2
SIM3
SIM4
1
21
22
SIM5
SIM1
SIM2
SIM3
SIM4
1
21
22
SIM5
SIM1
SIM2
SIM3
SIM4
1
21
22
SIM5
SIM1
SIM2
SIM3
SIM4
1
21
22
SIM5
SIM1
SIM2
SIM3
SIM4
1
21
22
SIM5
SIM1
SIM2
SIM3
SIM4
1
21
22
SIM5
SIM1
SIM2
DEBUG 1 522
SIM1
SIM2
SIM3
SIM4
1
21
22
SIM5
SIM1
SIM2
SIM3
SIM4
1
21
22
SIM5
SIM1
SIM2
SIM3
SIM4
1
21
22
SIM5
SIM1
SIM2
SIM3
SIM4
1
21
22
SIM5
SIM1
SIM2
SIM3
SIM4
1
21
22
SIM5
SIM1
SIM2
SIM3
SIM4
1
21
22
SIM5
SIM1
SIM2
SIM3
SIM4
1
21
22
SIM5
SIM1
SIM2
SIM3
SIM4
1
21
22
SIM5
SIM1
SIM2
SIM3
SIM4
1
21
22
SIM5
SIM1
SIM2
SIM3
SIM4
1
21
22
SIM5
SIM1
SIM2
SIM3
SIM4
1
21
22
SIM5
SIM1
SIM2
SIM3
SIM4
1
21
22
SIM5
SIM1
SIM2
SIM3
SIM4
1
21
22
SIM5
SIM1
SIM2
SIM3
SIM4
1
21
22
SIM5
SIM1
SIM2
SIM3
SIM4
1
21
22
SIM5
SIM1
SIM2
SIM3
SIM4
1
21
22
SIM5
SIM1
SIM2
SIM3
SIM4
1
21
22
SIM5
SIM1
SIM2
SIM3
SIM4
1
21
22
SIM5
SIM1
SIM2
SIM3
SIM4
1
21
22
SIM5
SIM1
SIM2
SIM3
SIM4
1
21
22
SIM5
SIM1
SIM2
SIM3
SIM4
1
21
22
SIM5
SIM1
SIM2
SIM3
SIM4
1
21
22
SIM5
SIM1
SIM2
SIM3
SIM4
1
21
22
SIM5
SIM1
SIM2
SIM3
SIM4
1
21
22
SIM5
SIM1
SIM2
SIM3
SIM4
1
21
22
SIM5
SIM1
SIM2
SIM3
SIM4
1
21
22
SIM5
SIM1
SIM2
SIM3
SIM4
1
21
22
SIM5
SIM1
SIM2
SIM3
SIM4
1
21
22
SIM5
SIM1
SIM2
SIM3
SIM4
1
21
22
SIM5
SIM1
SIM2
SIM3
SIM4
1
21
22
SIM5
SIM1
SIM2
SIM3
SIM4
1
21
22
SIM5
SIM1
SIM2
SIM3
SIM4
1
21
22
SIM5
SIM1
SIM2
SIM3
SIM4
1
21
22
SIM5
SIM1
SIM2
SIM3
SIM4
1
21
22
SIM5
SIM1
SIM2
SIM3
SIM4
1
21
22
SIM5
SIM1
SIM2
SIM3
SIM4
1
21
22
SIM5
SIM1
SIM2
SIM3
SIM4
1
21
22
SIM5
SIM1
SIM2
SIM3
SIM4
1
21
22
SIM5
SIM1
SIM2
SIM3
SIM4
1
21
22
SIM5
SIM1
SIM2
SIM3
SIM4
1
21
22
SIM5
SIM1
SIM2
SIM3
SIM4
1
21
22
SIM5
SIM1
SIM2
SIM3
SIM4
1
21
22
SIM5
SIM1
SIM2
SIM3
SIM4
1
21
22
SIM5
SIM1
SIM2
SIM3
SIM4
1
21
22
SIM5
SIM1
SIM2
SIM3
SIM4
1
21
22
SIM5
SIM1
SIM2
SIM3
SIM4
1
21
22
SIM5
SIM1
SIM2
SIM3
SIM4
1
21
22
SIM5
SIM1
SIM2
SIM3
SIM4
1
21
22
SIM5
SIM1
SIM2
SIM3
SIM4
1
21
22
SIM5
SIM1
SIM2
SIM3
SIM4
1
21
22
SIM5
SIM1
SIM2
SIM3
SIM4
1
21
22
SIM5
SIM1
SIM2
SIM3
SIM4
1
21
22
SIM5
SIM1
SIM2
SIM3
SIM4
1
21
22
SIM5
SIM1
SIM2
SIM3
SIM4
1
21
22
SIM5
SIM1
SIM2
SIM3
SIM4
1
21
22
SIM5
SIM1
SIM2
SIM3
SIM4
1
21
22
SIM5
SIM1
SIM2
SIM3
SIM4
1
21
22
SIM5
SIM1
SIM2
SIM3
SIM4
1
21
22
SIM5
SIM1
SIM2
SIM3
SIM4
1
21
22
SIM5
SIM1
SIM2
SIM3
SIM4
1
21
22
SIM5
SIM1
SIM2
SIM3
SIM4
1
21
22
SIM5
SIM1
SIM2
SIM3
SIM4
1
21
22
SIM5
SIM1
SIM2
SIM3
SIM4
1
21
22
SIM5
SIM1
SIM2
SIM3
SIM4
1
21
22
SIM5
SIM1
SIM2
SIM3
SIM4
1
21
22
SIM5
SIM1
SIM2
SIM3
SIM4
1
21
22
SIM5
SIM1
SIM2
SIM3
SIM4
1
21
22
SIM5
SIM1
SIM2
SIM3
SIM4
1
21
22
SIM5
SIM1
SIM2
SIM3
SIM4
1
21
22
SIM5
SIM1
SIM2
SIM3
SIM4
1
21
22
SIM5
SIM1
SIM2
SIM3
SIM4
1
21
22
SIM5
SIM1
SIM2
SIM3
SIM4
1
21
22
SIM5
SIM1
SIM2
SIM3
SIM4
1
21
22
SIM5
SIM1
SIM2
SIM3
SIM4
1
21
22
SIM5
SIM1
SIM2
SIM3
SIM4
1
21
22
SIM5
SIM1
SIM2
SIM3
SIM4
1
21
22
SIM5
SIM1
SIM2
SIM3
SIM4
1
21
22
SIM5
SIM1
SIM2
SIM3
SIM4
1
21
22
SIM5
SIM1
SIM2
SIM3
SIM4
1
21
22
SIM5
SIM1
SIM2
SIM3
SIM4
1
21
22
SIM5
SIM1
SIM2
SIM3
SIM4
1
21
22
SIM5
SIM1
SIM2
SIM3
SIM4
1
21
22
SIM5
SIM1
SIM2
SIM3
SIM4
1
21
22
SIM5
SIM1
SIM2
SIM3
SIM4
1
21
22
SIM5
SIM1
SIM2
SIM3
SIM4
1
21
22
SIM5
SIM1
SIM2
SIM3
SIM4
1
21
22
SIM5
SIM1
SIM2
SIM3
SIM4
1
21
22
SIM5
SIM1
SIM2
SIM3
SIM4
1
21
22
SIM5
SIM1
SIM2
SIM3
SIM4
1
21
22
SIM5
SIM1
SIM2
SIM3
SIM4
1
21
22
SIM5
SIM1
SIM2
SIM3
SIM4
1
21
22
SIM5
SIM1
SIM2
SIM3
SIM4
1
21
22
SIM5
SIM1
SIM2
SIM3
SIM4
1
21
22
SIM5
SIM1
SIM2
SIM3
SIM4
1
21
22
SIM5
SIM1
SIM2
SIM3
SIM4
1
21
22
SIM5
SIM1
SIM2
SIM3
SIM4
1
21
22
SIM5
SIM1
SIM2
SIM3
SIM4
1
21
22
SIM5
SIM1
SIM2
SIM3
SIM4
1
21
22
SIM5
SIM1
SIM2
SIM3
SIM4
1
21
22
SIM5
SIM1
SIM2
SIM3
SIM4
1
21
22
SIM5
SIM1
SIM2
SIM3
SIM4
1
21
22
SIM5
SIM1
SIM2
SIM3
SIM4
1
21
22
SIM5
SIM1
SIM2
SIM3
SIM4
1
21
22
SIM5
SIM1
SIM2
SIM3
SIM4
1
21
22
SIM5
SIM1
SIM2
SIM3
SIM4
1
21
22
SIM5
SIM1
SIM2
SIM3
SIM4
1
21
22
SIM5
SIM1
SIM2
SIM3
SIM4
1
21
22
SIM5
SIM1
SIM2
SIM3
SIM4
1
21
22
SIM5
SIM1
SIM2
SIM3
SIM4
1
21
22
SIM5
SIM1
SIM2
SIM3
SIM4
1
21
22
SIM5
SIM1
SIM2
SIM3
SIM4
1
21
22
SIM5
SIM1
SIM2
SIM3
SIM4
1
21
22
SIM5
SIM1
SIM2
SIM3
SIM4
1
21
22
SIM5
SIM1
SIM2
SIM3
SIM4
1
21
22
SIM5
SIM1
SIM2
SIM3
SIM4
1
21
22
SIM5
SIM1
SIM2
SIM3
SIM4
1
21
22
SIM5
SIM1
SIM2
SIM3
SIM4
1
21
22
SIM5
SIM1
SIM2
SIM3
SIM4
1
21
22
SIM5
SIM1
SIM2
SIM3
SIM4
1
21
22
SIM5
SIM1
SIM2
SIM3
SIM4
1
21
22
SIM5
SIM1
SIM2
SIM3
SIM4
1
21
22
SIM5
SIM1
SIM2
SIM3
SIM4
1
21
22
SIM5
SIM1
SIM2
SIM3
SIM4
1
21
22
SIM5
SIM1
SIM2
SIM3
SIM4
1
21
22
SIM5
SIM1
SIM2
SIM3
SIM4
1
21
22
SIM5
SIM1
SIM2
SIM3
SIM4
1
21
22
SIM5
SIM1
SIM2
SIM3
SIM4
1
21
22
SIM5
SIM1
SIM2
SIM3
SIM4
1
21
22
SIM5
SIM1
SIM2
SIM3
SIM4
1
21
22
SIM5
SIM1
SIM2
SIM3
SIM4
1
21
22
SIM5
SIM1
SIM2
SIM3
SIM4
1
21
22
SIM5
SIM1
SIM2
SIM3
SIM4
1
21
22
SIM5
SIM1
SIM2
SIM3
SIM4
1
21
22
SIM5
SIM1
SIM2
SIM3
SIM4
1
21
22
SIM5
SIM1
SIM2
SIM3
SIM4
1
21
22
SIM5
SIM1
SIM2
SIM3
SIM4
1
21
22
SIM5
SIM1
SIM2
DEBUG 1 523
SIM1
SIM2
SIM3
SIM4
1
21
22
SIM5
SIM1
SIM2
SIM3
SIM4
1
21
22
SIM5
SIM1
SIM2
SIM3
SIM4
1
21
22
SIM5
SIM1
SIM2
SIM3
SIM4
1
21
22
SIM5
SIM1
SIM2
SIM3
SIM4
1
21
22
SIM5
SIM1
SIM2
SIM3
SIM4
1
21
22
SIM5
SIM1
SIM2
SIM3
SIM4
1
21
22
SIM5
SIM1
SIM2
SIM3
SIM4
1
21
22
SIM5
SIM1
SIM2
SIM3
SIM4
1
21
22
SIM5
SIM1
SIM2
SIM3
SIM4
1
21
22
SIM5
SIM1
SIM2
SIM3
SIM4
1
21
22
SIM5
SIM1
SIM2
SIM3
SIM4
1
21
22
SIM5
SIM1
SIM2
SIM3
SIM4
1
21
22
SIM5
SIM1
SIM2
SIM3
SIM4
1
21
22
SIM5
SIM1
SIM2
SIM3
SIM4
1
21
22
SIM5
SIM1
SIM2
SIM3
SIM4
1
21
22
SIM5
SIM1
SIM2
SIM3
SIM4
1
21
22
SIM5
SIM1
SIM2
SIM3
SIM4
1
21
22
SIM5
SIM1
SIM2
SIM3
SIM4
1
21
22
SIM5
SIM1
SIM2
SIM3
SIM4
1
21
22
SIM5
SIM1
SIM2
SIM3
SIM4
1
21
22
SIM5
SIM1
SIM2
SIM3
SIM4
1
21
22
SIM5
SIM1
SIM2
SIM3
SIM4
1
21
22
SIM5
SIM1
SIM2
SIM3
SIM4
1
21
22
SIM5
SIM1
SIM2
SIM3
SIM4
1
21
22
SIM5
SIM1
SIM2
SIM3
SIM4
1
21
22
SIM5
SIM1
SIM2
SIM3
SIM4
1
21
22
SIM5
SIM1
SIM2
SIM3
SIM4
1
21
22
SIM5
SIM1
SIM2
SIM3
SIM4
1
21
22
SIM5
SIM1
SIM2
SIM3
SIM4
1
21
22
SIM5
SIM1
SIM2
SIM3
SIM4
1
21
22
SIM5
SIM1
SIM2
SIM3
SIM4
1
21
22
SIM5
SIM1
SIM2
SIM3
SIM4
1
21
22
SIM5
SIM1
SIM2
SIM3
SIM4
1
21
22
SIM5
SIM1
SIM2
SIM3
SIM4
1
21
22
SIM5
SIM1
SIM2
SIM3
SIM4
1
21
22
SIM5
SIM1
SIM2
SIM3
SIM4
1
21
22
SIM5
SIM1
SIM2
SIM3
SIM4
1
21
22
SIM5
SIM1
SIM2
SIM3
SIM4
1
21
22
SIM5
SIM1
SIM2
SIM3
SIM4
1
21
22
SIM5
SIM1
SIM2
SIM3
SIM4
1
21
22
SIM5
SIM1
SIM2
SIM3
SIM4
1
21
22
SIM5
SIM1
SIM2
SIM3
SIM4
1
21
22
SIM5
SIM1
SIM2
SIM3
SIM4
1
21
22
SIM5
SIM1
SIM2
SIM3
SIM4
1
21
22
SIM5
SIM1
SIM2
SIM3
SIM4
1
21
22
SIM5
SIM1
SIM2
SIM3
SIM4
1
21
22
SIM5
SIM1
SIM2
SIM3
SIM4
1
21
22
SIM5
SIM1
SIM2
SIM3
SIM4
1
21
22
SIM5
SIM1
SIM2
SIM3
SIM4
1
21
22
SIM5
SIM1
SIM2
SIM3
SIM4
1
21
22
SIM5
SIM1
SIM2
SIM3
SIM4
1
21
22
SIM5
SIM1
SIM2
SIM3
SIM4
1
21
22
SIM5
SIM1
SIM2
SIM3
SIM4
1
21
22
SIM5
SIM1
SIM2
SIM3
SIM4
1
21
22
SIM5
SIM1
SIM2
SIM3
SIM4
1
21
22
SIM5
SIM1
SIM2
SIM3
SIM4
1
21
22
SIM5
SIM1
SIM2
SIM3
SIM4
1
21
22
SIM5
SIM1
SIM2
SIM3
SIM4
1
21
22
SIM5
SIM1
SIM2
SIM3
SIM4
1
21
22
SIM5
SIM1
SIM2
SIM3
SIM4
1
21
22
SIM5
SIM1
SIM2
SIM3
SIM4
1
21
22
SIM5
SIM1
SIM2
SIM3
SIM4
1
21
22
SIM5
SIM1
SIM2
SIM3
SIM4
1
21
22
SIM5
SIM1
SIM2
SIM3
SIM4
1
21
22
SIM5
SIM1
SIM2
SIM3
SIM4
1
21
22
SIM5
SIM1
SIM2
SIM3
SIM4
1
21
22
SIM5
SIM1
SIM2
SIM3
SIM4
1
21
22
SIM5
SIM1
SIM2
SIM3
SIM4
1
21
22
SIM5
SIM1
SIM2
SIM3
SIM4
1
21
22
SIM5
SIM1
SIM2
SIM3
SIM4
1
21
22
SIM5
SIM1
SIM2
SIM3
SIM4
1
21
22
SIM5
SIM1
SIM2
SIM3
SIM4
1
21
22
SIM5
SIM1
SIM2
SIM3
SIM4
1
21
22
SIM5
SIM1
SIM2
SIM3
SIM4
1
21
22
SIM5
SIM1
SIM2
SIM3
SIM4
1
21
22
SIM5
SIM1
SIM2
SIM3
SIM4
1
21
22
SIM5
SIM1
SIM2
SIM3
SIM4
1
21
22
SIM5
SIM1
SIM2
SIM3
SIM4
1
21
22
SIM5
SIM1
SIM2
SIM3
SIM4
1
21
22
SIM5
SIM1
SIM2
SIM3
SIM4
1
21
22
SIM5
SIM1
SIM2
SIM3
SIM4
1
21
22
SIM5
SIM1
SIM2
SIM3
SIM4
1
21
22
SIM5
SIM1
SIM2
SIM3
SIM4
1
21
22
SIM5
SIM1
SIM2
SIM3
SIM4
1
21
22
SIM5
SIM1
SIM2
SIM3
SIM4
1
21
22
SIM5
SIM1
SIM2
SIM3
SIM4
1
21
22
SIM5
SIM1
SIM2
SIM3
SIM4
1
21
22
SIM5
SIM1
SIM2
SIM3
SIM4
1
21
22
SIM5
SIM1
SIM2
SIM3
SIM4
1
21
22
SIM5
SIM1
SIM2
SIM3
SIM4
1
21
22
SIM5
SIM1
SIM2
SIM3
SIM4
1
21
22
SIM5
SIM1
SIM2
SIM3
SIM4
1
21
22
SIM5
SIM1
SIM2
SIM3
SIM4
1
21
22
SIM5
SIM1
SIM2
SIM3
SIM4
1
21
22
SIM5
SIM1
SIM2
SIM3
SIM4
1
21
22
SIM5
SIM1
SIM2
SIM3
SIM4
1
21
22
SIM5
SIM1
SIM2
SIM3
SIM4
1
21
22
SIM5
SIM1
SIM2
SIM3
SIM4
1
21
22
SIM5
SIM1
SIM2
SIM3
SIM4
1
21
22
SIM5
SIM1
SIM2
SIM3
SIM4
1
21
22
SIM5
SIM1
SIM2
SIM3
SIM4
1
21
22
SIM5
SIM1
SIM2
SIM3
SIM4
1
21
22
SIM5
SIM1
SIM2
SIM3
SIM4
1
21
22
SIM5
SIM1
SIM2
SIM3
SIM4
1
21
22
SIM5
SIM1
SIM2
SIM3
SIM4
1
21
22
SIM5
SIM1
SIM2
SIM3
SIM4
1
21
22
SIM5
SIM1
SIM2
SIM3
SIM4
1
21
22
SIM5
SIM1
SIM2
SIM3
SIM4
1
21
22
SIM5
SIM1
SIM2
SIM3
SIM4
1
21
22
SIM5
SIM1
SIM2
SIM3
SIM4
1
21
22
SIM5
SIM1
SIM2
SIM3
SIM4
1
21
22
SIM5
SIM1
SIM2
SIM3
SIM4
1
21
22
SIM5
SIM1
SIM2
SIM3
SIM4
1
21
22
SIM5
SIM1
SIM2
SIM3
SIM4
1
21
22
SIM5
SIM1
SIM2
SIM3
SIM4
1
21
22
SIM5
SIM1
SIM2
SIM3
SIM4
1
21
22
SIM5
SIM1
SIM2
SIM3
SIM4
1
21
22
SIM5
SIM1
SIM2
SIM3
SIM4
1
21
22
SIM5
SIM1
SIM2
SIM3
SIM4
1
21
22
SIM5
SIM1
SIM2
SIM3
SIM4
1
21
22
SIM5
SIM1
SIM2
SIM3
SIM4
1
21
22
SIM5
SIM1
SIM2
SIM3
SIM4
1
21
22
SIM5
SIM1
SIM2
SIM3
SIM4
1
21
22
SIM5
SIM1
SIM2
SIM3
SIM4
1
21
22
SIM5
SIM1
SIM2
SIM3
SIM4
1
21
22
SIM5
SIM1
SIM2
SIM3
SIM4
1
21
22
SIM5
SIM1
SIM2
SIM3
SIM4
1
21
22
SIM5
SIM1
SIM2
SIM3
SIM4
1
21
22
SIM5
SIM1
SIM2
SIM3
SIM4
1
21
22
SIM5
SIM1
SIM2
SIM3
SIM4
1
21
22
SIM5
SIM1
SIM2
SIM3
SIM4
1
21
22
SIM5
SIM1
SIM2
SIM3
SIM4
1
21
22
SIM5
SIM1
SIM2
SIM3
SIM4
1
21
22
SIM5
SIM1
SIM2
SIM3
SIM4
1
21
22
SIM5
SIM1
SIM2
SIM3
SIM4
1
21
22
SIM5
SIM1
SIM2
SIM3
SIM4
1
21
22
SIM5
SIM1
SIM2
SIM3
SIM4
1
21
22
SIM5
SIM1
SIM2
SIM3
SIM4
1
21
22
SIM5
SIM1
SIM2
SIM3
SIM4
1
21
22
SIM5
SIM1
SIM2
SIM3
SIM4
1
21
22
SIM5
SIM1
SIM2
SIM3
SIM4
1
21
22
SIM5
SIM1
SIM2
SIM3
SIM4
1
21
22
SIM5
SIM1
SIM2
SIM3
SIM4
1
21
22
SIM5
SIM1
SIM2
SIM3
SIM4
1
21
22
SIM5
SIM1
SIM2
SIM3
SIM4
1
21
22
SIM5
SIM1
SIM2
SIM3
SIM4
1
21
22
SIM5
SIM1
SIM2
SIM3
SIM4
1
21
22
SIM5
SIM1
SIM2
SIM3
SIM4
1
21
22
SIM5
SIM1
SIM2
SIM3
SIM4
1
21
22
SIM5
SIM1
SIM2
SIM3
SIM4
1
21
22
SIM5
SIM1
SIM2
SIM3
SIM4
1
21
22
SIM5
SIM1
SIM2
SIM3
SIM4
1
21
22
SIM5
SIM1
SIM2
SIM3
SIM4
1
21
22
SIM5
SIM1
SIM2
SIM3
SIM4
1
21
22
SIM5
SIM1
SIM2
SIM3
SIM4
1
21
22
SIM5
SIM1
SIM2
SIM3
SIM4
1
21
22
SIM5
SIM1
SIM2
SIM3
SIM4
1
21
22
SIM5
SIM1
SIM2
SIM3
SIM4
1
21
22
SIM5
SIM1
SIM2
SIM3
SIM4
1
21
22
SIM5
SIM1
SIM2
SIM3
SIM4
1
21
22
SIM5
SIM1
SIM2
SIM3
SIM4
1
21
22
SIM5
SIM1
SIM2
SIM3
SIM4
1
21
22
SIM5
SIM1
SIM2
SIM3
SIM4
1
21
22
SIM5
SIM1
SIM2
SIM3
SIM4
1
21
22
SIM5
SIM1
SIM2
DEBUG 1 524
SIM1
SIM2
SIM3
SIM4
1
21
22
SIM5
SIM1
SIM2
SIM3
SIM4
1
21
22
SIM5
SIM1
SIM2
SIM3
SIM4
1
21
22
SIM5
SIM1
SIM2
SIM3
SIM4
1
21
22
SIM5
SIM1
SIM2
SIM3
SIM4
1
21
22
SIM5
SIM1
SIM2
SIM3
SIM4
1
21
22
SIM5
SIM1
SIM2
SIM3
SIM4
1
21
22
SIM5
SIM1
SIM2
SIM3
SIM4
1
21
22
SIM5
SIM1
SIM2
SIM3
SIM4
1
21
22
SIM5
SIM1
SIM2
SIM3
SIM4
1
21
22
SIM5
SIM1
SIM2
SIM3
SIM4
1
21
22
SIM5
SIM1
SIM2
SIM3
SIM4
1
21
22
SIM5
SIM1
SIM2
SIM3
SIM4
1
21
22
SIM5
SIM1
SIM2
SIM3
SIM4
1
21
22
SIM5
SIM1
SIM2
SIM3
SIM4
1
21
22
SIM5
SIM1
SIM2
SIM3
SIM4
1
21
22
SIM5
SIM1
SIM2
SIM3
SIM4
1
21
22
SIM5
SIM1
SIM2
SIM3
SIM4
1
21
22
SIM5
SIM1
SIM2
SIM3
SIM4
1
21
22
SIM5
SIM1
SIM2
SIM3
SIM4
1
21
22
SIM5
SIM1
SIM2
SIM3
SIM4
1
21
22
SIM5
SIM1
SIM2
SIM3
SIM4
1
21
22
SIM5
SIM1
SIM2
SIM3
SIM4
1
21
22
SIM5
SIM1
SIM2
SIM3
SIM4
1
21
22
SIM5
SIM1
SIM2
SIM3
SIM4
1
21
22
SIM5
SIM1
SIM2
SIM3
SIM4
1
21
22
SIM5
SIM1
SIM2
SIM3
SIM4
1
21
22
SIM5
SIM1
SIM2
SIM3
SIM4
1
21
22
SIM5
SIM1
SIM2
SIM3
SIM4
1
21
22
SIM5
SIM1
SIM2
SIM3
SIM4
1
21
22
SIM5
SIM1
SIM2
SIM3
SIM4
1
21
22
SIM5
SIM1
SIM2
SIM3
SIM4
1
21
22
SIM5
SIM1
SIM2
SIM3
SIM4
1
21
22
SIM5
SIM1
SIM2
SIM3
SIM4
1
21
22
SIM5
SIM1
SIM2
SIM3
SIM4
1
21
22
SIM5
SIM1
SIM2
SIM3
SIM4
1
21
22
SIM5
SIM1
SIM2
SIM3
SIM4
1
21
22
SIM5
SIM1
SIM2
SIM3
SIM4
1
21
22
SIM5
SIM1
SIM2
SIM3
SIM4
1
21
22
SIM5
SIM1
SIM2
SIM3
SIM4
1
21
22
SIM5
SIM1
SIM2
SIM3
SIM4
1
21
22
SIM5
SIM1
SIM2
SIM3
SIM4
1
21
22
SIM5
SIM1
SIM2
SIM3
SIM4
1
21
22
SIM5
SIM1
SIM2
SIM3
SIM4
1
21
22
SIM5
SIM1
SIM2
SIM3
SIM4
1
21
22
SIM5
SIM1
SIM2
SIM3
SIM4
1
21
22
SIM5
SIM1
SIM2
SIM3
SIM4
1
21
22
SIM5
SIM1
SIM2
SIM3
SIM4
1
21
22
SIM5
SIM1
SIM2
SIM3
SIM4
1
21
22
SIM5
SIM1
SIM2
SIM3
SIM4
1
21
22
SIM5
SIM1
SIM2
SIM3
SIM4
1
21
22
SIM5
SIM1
SIM2
SIM3
SIM4
1
21
22
SIM5
SIM1
SIM2
SIM3
SIM4
1
21
22
SIM5
SIM1
SIM2
SIM3
SIM4
1
21
22
SIM5
SIM1
SIM2
SIM3
SIM4
1
21
22
SIM5
SIM1
SIM2
SIM3
SIM4
1
21
22
SIM5
SIM1
SIM2
SIM3
SIM4
1
21
22
SIM5
SIM1
SIM2
SIM3
SIM4
1
21
22
SIM5
SIM1
SIM2
SIM3
SIM4
1
21
22
SIM5
SIM1
SIM2
SIM3
SIM4
1
21
22
SIM5
SIM1
SIM2
SIM3
SIM4
1
21
22
SIM5
SIM1
SIM2
SIM3
SIM4
1
21
22
SIM5
SIM1
SIM2
SIM3
SIM4
1
21
22
SIM5
SIM1
SIM2
SIM3
SIM4
1
21
22
SIM5
SIM1
SIM2
SIM3
SIM4
1
21
22
SIM5
SIM1
SIM2
SIM3
SIM4
1
21
22
SIM5
SIM1
SIM2
SIM3
SIM4
1
21
22
SIM5
SIM1
SIM2
SIM3
SIM4
1
21
22
SIM5
SIM1
SIM2
SIM3
SIM4
1
21
22
SIM5
SIM1
SIM2
SIM3
SIM4
1
21
22
SIM5
SIM1
SIM2
SIM3
SIM4
1
21
22
SIM5
SIM1
SIM2
SIM3
SIM4
1
21
22
SIM5
SIM1
SIM2
SIM3
SIM4
1
21
22
SIM5
SIM1
SIM2
SIM3
SIM4
1
21
22
SIM5
SIM1
SIM2
SIM3
SIM4
1
21
22
SIM5
SIM1
SIM2
SIM3
SIM4
1
21
22
SIM5
SIM1
SIM2
SIM3
SIM4
1
21
22
SIM5
SIM1
SIM2
SIM3
SIM4
1
21
22
SIM5
SIM1
SIM2
SIM3
SIM4
1
21
22
SIM5
SIM1
SIM2
SIM3
SIM4
1
21
22
SIM5
SIM1
SIM2
SIM3
SIM4
1
21
22
SIM5
SIM1
SIM2
SIM3
SIM4
1
21
22
SIM5
SIM1
SIM2
SIM3
SIM4
1
21
22
SIM5
SIM1
SIM2
SIM3
SIM4
1
21
22
SIM5
SIM1
SIM2
SIM3
SIM4
1
21
22
SIM5
SIM1
SIM2
SIM3
SIM4
1
21
22
SIM5
SIM1
SIM2
SIM3
SIM4
1
21
22
SIM5
SIM1
SIM2
SIM3
SIM4
1
21
22
SIM5
SIM1
SIM2
SIM3
SIM4
1
21
22
SIM5
SIM1
SIM2
SIM3
SIM4
1
21
22
SIM5
SIM1
SIM2
SIM3
SIM4
1
21
22
SIM5
SIM1
SIM2
SIM3
SIM4
1
21
22
SIM5
SIM1
SIM2
SIM3
SIM4
1
21
22
SIM5
SIM1
SIM2
SIM3
SIM4
1
21
22
SIM5
SIM1
SIM2
SIM3
SIM4
1
21
22
SIM5
SIM1
SIM2
SIM3
SIM4
1
21
22
SIM5
SIM1
SIM2
SIM3
SIM4
1
21
22
SIM5
SIM1
SIM2
SIM3
SIM4
1
21
22
SIM5
SIM1
SIM2
SIM3
SIM4
1
21
22
SIM5
SIM1
SIM2
SIM3
SIM4
1
21
22
SIM5
SIM1
SIM2
SIM3
SIM4
1
21
22
SIM5
SIM1
SIM2
SIM3
SIM4
1
21
22
SIM5
SIM1
SIM2
SIM3
SIM4
1
21
22
SIM5
SIM1
SIM2
SIM3
SIM4
1
21
22
SIM5
SIM1
SIM2
SIM3
SIM4
1
21
22
SIM5
SIM1
SIM2
SIM3
SIM4
1
21
22
SIM5
SIM1
SIM2
SIM3
SIM4
1
21
22
SIM5
SIM1
SIM2
SIM3
SIM4
1
21
22
SIM5
SIM1
SIM2
SIM3
SIM4
1
21
22
SIM5
SIM1
SIM2
SIM3
SIM4
1
21
22
SIM5
SIM1
SIM2
SIM3
SIM4
1
21
22
SIM5
SIM1
SIM2
SIM3
SIM4
1
21
22
SIM5
SIM1
SIM2
SIM3
SIM4
1
21
22
SIM5
SIM1
SIM2
SIM3
SIM4
1
21
22
SIM5
SIM1
SIM2
SIM3
SIM4
1
21
22
SIM5
SIM1
SIM2
SIM3
SIM4
1
21
22
SIM5
SIM1
SIM2
SIM3
SIM4
1
21
22
SIM5
SIM1
SIM2
SIM3
SIM4
1
21
22
SIM5
SIM1
SIM2
SIM3
SIM4
1
21
22
SIM5
SIM1
SIM2
SIM3
SIM4
1
21
22
SIM5
SIM1
SIM2
SIM3
SIM4
1
21
22
SIM5
SIM1
SIM2
SIM3
SIM4
1
21
22
SIM5
SIM1
SIM2
SIM3
SIM4
1
21
22
SIM5
SIM1
SIM2
SIM3
SIM4
1
21
22
SIM5
SIM1
SIM2
SIM3
SIM4
1
21
22
SIM5
SIM1
SIM2
SIM3
SIM4
1
21
22
SIM5
SIM1
SIM2
SIM3
SIM4
1
21
22
SIM5
SIM1
SIM2
SIM3
SIM4
1
21
22
SIM5
SIM1
SIM2
SIM3
SIM4
1
21
22
SIM5
SIM1
SIM2
SIM3
SIM4
1
21
22
SIM5
SIM1
SIM2
SIM3
SIM4
1
21
22
SIM5
SIM1
SIM2
SIM3
SIM4
1
21
22
SIM5
SIM1
SIM2
SIM3
SIM4
1
21
22
SIM5
SIM1
SIM2
SIM3
SIM4
1
21
22
SIM5
SIM1
SIM2
SIM3
SIM4
1
21
22
SIM5
SIM1
SIM2
SIM3
SIM4
1
21
22
SIM5
SIM1
SIM2
SIM3
SIM4
1
21
22
SIM5
SIM1
SIM2
SIM3
SIM4
1
21
22
SIM5
SIM1
SIM2
SIM3
SIM4
1
21
22
SIM5
SIM1
SIM2
SIM3
SIM4
1
21
22
SIM5
SIM1
SIM2
SIM3
SIM4
1
21
22
SIM5
SIM1
SIM2
SIM3
SIM4
1
21
22
SIM5
SIM1
SIM2
SIM3
SIM4
1
21
22
SIM5
SIM1
SIM2
SIM3
SIM4
1
21
22
SIM5
SIM1
SIM2
SIM3
SIM4
1
21
22
SIM5
SIM1
SIM2
SIM3
SIM4
1
21
22
SIM5
SIM1
SIM2
SIM3
SIM4
1
21
22
SIM5
SIM1
SIM2
DEBUG 1 525
SIM1
SIM2
SIM3
SIM4
1
21
22
SIM5
SIM1
SIM2
SIM3
SIM4
1
21
22
SIM5
SIM1
SIM2
SIM3
SIM4
1
21
22
SIM5
SIM1
SIM2
SIM3
SIM4
1
21
22
SIM5
SIM1
SIM2
SIM3
SIM4
1
21
22
SIM5
SIM1
SIM2
SIM3
SIM4
1
21
22
SIM5
SIM1
SIM2
SIM3
SIM4
1
21
22
SIM5
SIM1
SIM2
SIM3
SIM4
1
21
22
SIM5
SIM1
SIM2
SIM3
SIM4
1
21
22
SIM5
SIM1
SIM2
SIM3
SIM4
1
21
22
SIM5
SIM1
SIM2
SIM3
SIM4
1
21
22
SIM5
SIM1
SIM2
SIM3
SIM4
1
21
22
SIM5
SIM1
SIM2
SIM3
SIM4
1
21
22
SIM5
SIM1
SIM2
SIM3
SIM4
1
21
22
SIM5
SIM1
SIM2
SIM3
SIM4
1
21
22
SIM5
SIM1
SIM2
SIM3
SIM4
1
21
22
SIM5
SIM1
SIM2
SIM3
SIM4
1
21
22
SIM5
SIM1
SIM2
SIM3
SIM4
1
21
22
SIM5
SIM1
SIM2
SIM3
SIM4
1
21
22
SIM5
SIM1
SIM2
SIM3
SIM4
1
21
22
SIM5
SIM1
SIM2
SIM3
SIM4
1
21
22
SIM5
SIM1
SIM2
SIM3
SIM4
1
21
22
SIM5
SIM1
SIM2
SIM3
SIM4
1
21
22
SIM5
SIM1
SIM2
SIM3
SIM4
1
21
22
SIM5
SIM1
SIM2
SIM3
SIM4
1
21
22
SIM5
SIM1
SIM2
SIM3
SIM4
1
21
22
SIM5
SIM1
SIM2
SIM3
SIM4
1
21
22
SIM5
SIM1
SIM2
SIM3
SIM4
1
21
22
SIM5
SIM1
SIM2
SIM3
SIM4
1
21
22
SIM5
SIM1
SIM2
SIM3
SIM4
1
21
22
SIM5
SIM1
SIM2
SIM3
SIM4
1
21
22
SIM5
SIM1
SIM2
SIM3
SIM4
1
21
22
SIM5
SIM1
SIM2
SIM3
SIM4
1
21
22
SIM5
SIM1
SIM2
SIM3
SIM4
1
21
22
SIM5
SIM1
SIM2
SIM3
SIM4
1
21
22
SIM5
SIM1
SIM2
SIM3
SIM4
1
21
22
SIM5
SIM1
SIM2
SIM3
SIM4
1
21
22
SIM5
SIM1
SIM2
SIM3
SIM4
1
21
22
SIM5
SIM1
SIM2
SIM3
SIM4
1
21
22
SIM5
SIM1
SIM2
SIM3
SIM4
1
21
22
SIM5
SIM1
SIM2
SIM3
SIM4
1
21
22
SIM5
SIM1
SIM2
SIM3
SIM4
1
21
22
SIM5
SIM1
SIM2
SIM3
SIM4
1
21
22
SIM5
SIM1
SIM2
SIM3
SIM4
1
21
22
SIM5
SIM1
SIM2
SIM3
SIM4
1
21
22
SIM5
SIM1
SIM2
SIM3
SIM4
1
21
22
SIM5
SIM1
SIM2
SIM3
SIM4
1
21
22
SIM5
SIM1
SIM2
SIM3
SIM4
1
21
22
SIM5
SIM1
SIM2
SIM3
SIM4
1
21
22
SIM5
SIM1
SIM2
SIM3
SIM4
1
21
22
SIM5
SIM1
SIM2
SIM3
SIM4
1
21
22
SIM5
SIM1
SIM2
SIM3
SIM4
1
21
22
SIM5
SIM1
SIM2
SIM3
SIM4
1
21
22
SIM5
SIM1
SIM2
SIM3
SIM4
1
21
22
SIM5
SIM1
SIM2
SIM3
SIM4
1
21
22
SIM5
SIM1
SIM2
SIM3
SIM4
1
21
22
SIM5
SIM1
SIM2
SIM3
SIM4
1
21
22
SIM5
SIM1
SIM2
SIM3
SIM4
1
21
22
SIM5
SIM1
SIM2
SIM3
SIM4
1
21
22
SIM5
SIM1
SIM2
SIM3
SIM4
1
21
22
SIM5
SIM1
SIM2
SIM3
SIM4
1
21
22
SIM5
SIM1
SIM2
SIM3
SIM4
1
21
22
SIM5
SIM1
SIM2
SIM3
SIM4
1
21
22
SIM5
SIM1
SIM2
SIM3
SIM4
1
21
22
SIM5
SIM1
SIM2
SIM3
SIM4
1
21
22
SIM5
SIM1
SIM2
SIM3
SIM4
1
21
22
SIM5
SIM1
SIM2
SIM3
SIM4
1
21
22
SIM5
SIM1
SIM2
SIM3
SIM4
1
21
22
SIM5
SIM1
SIM2
SIM3
SIM4
1
21
22
SIM5
SIM1
SIM2
SIM3
SIM4
1
21
22
SIM5
SIM1
SIM2
SIM3
SIM4
1
21
22
SIM5
SIM1
SIM2
SIM3
SIM4
1
21
22
SIM5
SIM1
SIM2
SIM3
SIM4
1
21
22
SIM5
SIM1
SIM2
SIM3
SIM4
1
21
22
SIM5
SIM1
SIM2
SIM3
SIM4
1
21
22
SIM5
SIM1
SIM2
SIM3
SIM4
1
21
22
SIM5
SIM1
SIM2
SIM3
SIM4
1
21
22
SIM5
SIM1
SIM2
SIM3
SIM4
1
21
22
SIM5
SIM1
SIM2
SIM3
SIM4
1
21
22
SIM5
SIM1
SIM2
SIM3
SIM4
1
21
22
SIM5
SIM1
SIM2
SIM3
SIM4
1
21
22
SIM5
SIM1
SIM2
SIM3
SIM4
1
21
22
SIM5
SIM1
SIM2
SIM3
SIM4
1
21
22
SIM5
SIM1
SIM2
SIM3
SIM4
1
21
22
SIM5
SIM1
SIM2
SIM3
SIM4
1
21
22
SIM5
SIM1
SIM2
SIM3
SIM4
1
21
22
SIM5
SIM1
SIM2
SIM3
SIM4
1
21
22
SIM5
SIM1
SIM2
SIM3
SIM4
1
21
22
SIM5
SIM1
SIM2
SIM3
SIM4
1
21
22
SIM5
SIM1
SIM2
SIM3
SIM4
1
21
22
SIM5
SIM1
SIM2
SIM3
SIM4
1
21
22
SIM5
SIM1
SIM2
SIM3
SIM4
1
21
22
SIM5
SIM1
SIM2
SIM3
SIM4
1
21
22
SIM5
SIM1
SIM2
SIM3
SIM4
1
21
22
SIM5
SIM1
SIM2
SIM3
SIM4
1
21
22
SIM5
SIM1
SIM2
SIM3
SIM4
1
21
22
SIM5
SIM1
SIM2
SIM3
SIM4
1
21
22
SIM5
SIM1
SIM2
SIM3
SIM4
1
21
22
SIM5
SIM1
SIM2
SIM3
SIM4
1
21
22
SIM5
SIM1
SIM2
SIM3
SIM4
1
21
22
SIM5
SIM1
SIM2
SIM3
SIM4
1
21
22
SIM5
SIM1
SIM2
SIM3
SIM4
1
21
22
SIM5
SIM1
SIM2
SIM3
SIM4
1
21
22
SIM5
SIM1
SIM2
SIM3
SIM4
1
21
22
SIM5
SIM1
SIM2
SIM3
SIM4
1
21
22
SIM5
SIM1
SIM2
SIM3
SIM4
1
21
22
SIM5
SIM1
SIM2
SIM3
SIM4
1
21
22
SIM5
SIM1
SIM2
SIM3
SIM4
1
21
22
SIM5
SIM1
SIM2
SIM3
SIM4
1
21
22
SIM5
SIM1
SIM2
SIM3
SIM4
1
21
22
SIM5
SIM1
SIM2
SIM3
SIM4
1
21
22
SIM5
SIM1
SIM2
SIM3
SIM4
1
21
22
SIM5
SIM1
SIM2
SIM3
SIM4
1
21
22
SIM5
SIM1
SIM2
SIM3
SIM4
1
21
22
SIM5
SIM1
SIM2
SIM3
SIM4
1
21
22
SIM5
SIM1
SIM2
SIM3
SIM4
1
21
22
SIM5
SIM1
SIM2
SIM3
SIM4
1
21
22
SIM5
SIM1
SIM2
SIM3
SIM4
1
21
22
SIM5
SIM1
SIM2
SIM3
SIM4
1
21
22
SIM5
SIM1
SIM2
SIM3
SIM4
1
21
22
SIM5
SIM1
SIM2
SIM3
SIM4
1
21
22
SIM5
SIM1
SIM2
SIM3
SIM4
1
21
22
SIM5
SIM1
SIM2
SIM3
SIM4
1
21
22
SIM5
SIM1
SIM2
SIM3
SIM4
1
21
22
SIM5
SIM1
SIM2
SIM3
SIM4
1
21
22
SIM5
SIM1
SIM2
SIM3
SIM4
1
21
22
SIM5
SIM1
SIM2
SIM3
SIM4
1
21
22
SIM5
SIM1
SIM2
SIM3
SIM4
1
21
22
SIM5
SIM1
SIM2
SIM3
SIM4
1
21
22
SIM5
SIM1
SIM2
SIM3
SIM4
1
21
22
SIM5
SIM1
SIM2
SIM3
SIM4
1
21
22
SIM5
SIM1
SIM2
SIM3
SIM4
1
21
22
SIM5
SIM1
SIM2
SIM3
SIM4
1
21
22
SIM5
SIM1
SIM2
SIM3
SIM4
1
21
22
SIM5
SIM1
SIM2
SIM3
SIM4
1
21
22
SIM5
SIM1
SIM2
SIM3
SIM4
1
21
22
SIM5
SIM1
SIM2
SIM3
SIM4
1
21
22
SIM5
SIM1
SIM2
SIM3
SIM4
1
21
22
SIM5
SIM1
SIM2
SIM3
SIM4
1
21
22
SIM5
SIM1
SIM2
SIM3
SIM4
1
21
22
SIM5
SIM1
SIM2
SIM3
SIM4
1
21
22
SIM5
SIM1
SIM2
SIM3
SIM4
1
21
22
SIM5
SIM1
SIM2
SIM3
SIM4
1
21
22
SIM5
SIM1
SIM2
SIM3
SIM4
1
21
22
SIM5
SIM1
SIM2
SIM3
SIM4
1
21
22
SIM5
SIM1
SIM2
SIM3
SIM4
1
21
22
SIM5
SIM1
SIM2
SIM3
SIM4
1
21
22
SIM5
SIM1
SIM2
SIM3
SIM4
1
21
22
SIM5
SIM1
SIM2
SIM3
SIM4
1
21
22
SIM5
SIM1
SIM2
SIM3
SIM4
1
21
22
SIM5
SIM1
SIM2
SIM3
SIM4
1
21
22
SIM5
SIM1
SIM2
SIM3
SIM4
1
21
22
SIM5
SIM1
SIM2
DEBUG 1 526
SIM1
SIM2
SIM3
SIM4
1
21
22
SIM5
SIM1
SIM2
SIM3
SIM4
1
21
22
SIM5
SIM1
SIM2
SIM3
SIM4
1
21
22
SIM5
SIM1
SIM2
SIM3
SIM4
1
21
22
SIM5
SIM1
SIM2
SIM3
SIM4
1
21
22
SIM5
SIM1
SIM2
SIM3
SIM4
1
21
22
SIM5
SIM1
SIM2
SIM3
SIM4
1
21
22
SIM5
SIM1
SIM2
SIM3
SIM4
1
21
22
SIM5
SIM1
SIM2
SIM3
SIM4
1
21
22
SIM5
SIM1
SIM2
SIM3
SIM4
1
21
22
SIM5
SIM1
SIM2
SIM3
SIM4
1
21
22
SIM5
SIM1
SIM2
SIM3
SIM4
1
21
22
SIM5
SIM1
SIM2
SIM3
SIM4
1
21
22
SIM5
SIM1
SIM2
SIM3
SIM4
1
21
22
SIM5
SIM1
SIM2
SIM3
SIM4
1
21
22
SIM5
SIM1
SIM2
SIM3
SIM4
1
21
22
SIM5
SIM1
SIM2
SIM3
SIM4
1
21
22
SIM5
SIM1
SIM2
SIM3
SIM4
1
21
22
SIM5
SIM1
SIM2
SIM3
SIM4
1
21
22
SIM5
SIM1
SIM2
SIM3
SIM4
1
21
22
SIM5
SIM1
SIM2
SIM3
SIM4
1
21
22
SIM5
SIM1
SIM2
SIM3
SIM4
1
21
22
SIM5
SIM1
SIM2
SIM3
SIM4
1
21
22
SIM5
SIM1
SIM2
SIM3
SIM4
1
21
22
SIM5
SIM1
SIM2
SIM3
SIM4
1
21
22
SIM5
SIM1
SIM2
SIM3
SIM4
1
21
22
SIM5
SIM1
SIM2
SIM3
SIM4
1
21
22
SIM5
SIM1
SIM2
SIM3
SIM4
1
21
22
SIM5
SIM1
SIM2
SIM3
SIM4
1
21
22
SIM5
SIM1
SIM2
SIM3
SIM4
1
21
22
SIM5
SIM1
SIM2
SIM3
SIM4
1
21
22
SIM5
SIM1
SIM2
SIM3
SIM4
1
21
22
SIM5
SIM1
SIM2
SIM3
SIM4
1
21
22
SIM5
SIM1
SIM2
SIM3
SIM4
1
21
22
SIM5
SIM1
SIM2
SIM3
SIM4
1
21
22
SIM5
SIM1
SIM2
SIM3
SIM4
1
21
22
SIM5
SIM1
SIM2
SIM3
SIM4
1
21
22
SIM5
SIM1
SIM2
SIM3
SIM4
1
21
22
SIM5
SIM1
SIM2
SIM3
SIM4
1
21
22
SIM5
SIM1
SIM2
SIM3
SIM4
1
21
22
SIM5
SIM1
SIM2
SIM3
SIM4
1
21
22
SIM5
SIM1
SIM2
SIM3
SIM4
1
21
22
SIM5
SIM1
SIM2
SIM3
SIM4
1
21
22
SIM5
SIM1
SIM2
SIM3
SIM4
1
21
22
SIM5
SIM1
SIM2
SIM3
SIM4
1
21
22
SIM5
SIM1
SIM2
SIM3
SIM4
1
21
22
SIM5
SIM1
SIM2
SIM3
SIM4
1
21
22
SIM5
SIM1
SIM2
SIM3
SIM4
1
21
22
SIM5
SIM1
SIM2
SIM3
SIM4
1
21
22
SIM5
SIM1
SIM2
SIM3
SIM4
1
21
22
SIM5
SIM1
SIM2
SIM3
SIM4
1
21
22
SIM5
SIM1
SIM2
SIM3
SIM4
1
21
22
SIM5
SIM1
SIM2
SIM3
SIM4
1
21
22
SIM5
SIM1
SIM2
SIM3
SIM4
1
21
22
SIM5
SIM1
SIM2
SIM3
SIM4
1
21
22
SIM5
SIM1
SIM2
SIM3
SIM4
1
21
22
SIM5
SIM1
SIM2
SIM3
SIM4
1
21
22
SIM5
SIM1
SIM2
SIM3
SIM4
1
21
22
SIM5
SIM1
SIM2
SIM3
SIM4
1
21
22
SIM5
SIM1
SIM2
SIM3
SIM4
1
21
22
SIM5
SIM1
SIM2
SIM3
SIM4
1
21
22
SIM5
SIM1
SIM2
SIM3
SIM4
1
21
22
SIM5
SIM1
SIM2
SIM3
SIM4
1
21
22
SIM5
SIM1
SIM2
SIM3
SIM4
1
21
22
SIM5
SIM1
SIM2
SIM3
SIM4
1
21
22
SIM5
SIM1
SIM2
SIM3
SIM4
1
21
22
SIM5
SIM1
SIM2
SIM3
SIM4
1
21
22
SIM5
SIM1
SIM2
SIM3
SIM4
1
21
22
SIM5
SIM1
SIM2
SIM3
SIM4
1
21
22
SIM5
SIM1
SIM2
SIM3
SIM4
1
21
22
SIM5
SIM1
SIM2
SIM3
SIM4
1
21
22
SIM5
SIM1
SIM2
SIM3
SIM4
1
21
22
SIM5
SIM1
SIM2
SIM3
SIM4
1
21
22
SIM5
SIM1
SIM2
SIM3
SIM4
1
21
22
SIM5
SIM1
SIM2
SIM3
SIM4
1
21
22
SIM5
SIM1
SIM2
SIM3
SIM4
1
21
22
SIM5
SIM1
SIM2
SIM3
SIM4
1
21
22
SIM5
SIM1
SIM2
SIM3
SIM4
1
21
22
SIM5
SIM1
SIM2
SIM3
SIM4
1
21
22
SIM5
SIM1
SIM2
SIM3
SIM4
1
21
22
SIM5
SIM1
SIM2
SIM3
SIM4
1
21
22
SIM5
SIM1
SIM2
SIM3
SIM4
1
21
22
SIM5
SIM1
SIM2
SIM3
SIM4
1
21
22
SIM5
SIM1
SIM2
SIM3
SIM4
1
21
22
SIM5
SIM1
SIM2
SIM3
SIM4
1
21
22
SIM5
SIM1
SIM2
SIM3
SIM4
1
21
22
SIM5
SIM1
SIM2
SIM3
SIM4
1
21
22
SIM5
SIM1
SIM2
SIM3
SIM4
1
21
22
SIM5
SIM1
SIM2
SIM3
SIM4
1
21
22
SIM5
SIM1
SIM2
SIM3
SIM4
1
21
22
SIM5
SIM1
SIM2
SIM3
SIM4
1
21
22
SIM5
SIM1
SIM2
SIM3
SIM4
1
21
22
SIM5
SIM1
SIM2
SIM3
SIM4
1
21
22
SIM5
SIM1
SIM2
SIM3
SIM4
1
21
22
SIM5
SIM1
SIM2
SIM3
SIM4
1
21
22
SIM5
SIM1
SIM2
SIM3
SIM4
1
21
22
SIM5
SIM1
SIM2
SIM3
SIM4
1
21
22
SIM5
SIM1
SIM2
SIM3
SIM4
1
21
22
SIM5
SIM1
SIM2
SIM3
SIM4
1
21
22
SIM5
SIM1
SIM2
SIM3
SIM4
1
21
22
SIM5
SIM1
SIM2
SIM3
SIM4
1
21
22
SIM5
SIM1
SIM2
SIM3
SIM4
1
21
22
SIM5
SIM1
SIM2
SIM3
SIM4
1
21
22
SIM5
SIM1
SIM2
SIM3
SIM4
1
21
22
SIM5
SIM1
SIM2
SIM3
SIM4
1
21
22
SIM5
SIM1
SIM2
SIM3
SIM4
1
21
22
SIM5
SIM1
SIM2
SIM3
SIM4
1
21
22
SIM5
SIM1
SIM2
SIM3
SIM4
1
21
22
SIM5
SIM1
SIM2
SIM3
SIM4
1
21
22
SIM5
SIM1
SIM2
SIM3
SIM4
1
21
22
SIM5
SIM1
SIM2
SIM3
SIM4
1
21
22
SIM5
SIM1
SIM2
SIM3
SIM4
1
21
22
SIM5
SIM1
SIM2
SIM3
SIM4
1
21
22
SIM5
SIM1
SIM2
SIM3
SIM4
1
21
22
SIM5
SIM1
SIM2
SIM3
SIM4
1
21
22
SIM5
SIM1
SIM2
SIM3
SIM4
1
21
22
SIM5
SIM1
SIM2
SIM3
SIM4
1
21
22
SIM5
SIM1
SIM2
SIM3
SIM4
1
21
22
SIM5
SIM1
SIM2
SIM3
SIM4
1
21
22
SIM5
SIM1
SIM2
SIM3
SIM4
1
21
22
SIM5
SIM1
SIM2
SIM3
SIM4
1
21
22
SIM5
SIM1
SIM2
SIM3
SIM4
1
21
22
SIM5
SIM1
SIM2
SIM3
SIM4
1
21
22
SIM5
SIM1
SIM2
SIM3
SIM4
1
21
22
SIM5
SIM1
SIM2
SIM3
SIM4
1
21
22
SIM5
SIM1
SIM2
SIM3
SIM4
1
21
22
SIM5
SIM1
SIM2
SIM3
SIM4
1
21
22
SIM5
SIM1
SIM2
SIM3
SIM4
1
21
22
SIM5
SIM1
SIM2
SIM3
SIM4
1
21
22
SIM5
SIM1
SIM2
SIM3
SIM4
1
21
22
SIM5
SIM1
SIM2
SIM3
SIM4
1
21
22
SIM5
SIM1
SIM2
SIM3
SIM4
1
21
22
SIM5
SIM1
SIM2
SIM3
SIM4
1
21
22
SIM5
SIM1
SIM2
SIM3
SIM4
1
21
22
SIM5
SIM1
SIM2
SIM3
SIM4
1
21
22
SIM5
SIM1
SIM2
SIM3
SIM4
1
21
22
SIM5
SIM1
SIM2
SIM3
SIM4
1
21
22
SIM5
SIM1
SIM2
SIM3
SIM4
1
21
22
SIM5
SIM1
SIM2
SIM3
SIM4
1
21
22
SIM5
SIM1
SIM2
SIM3
SIM4
1
21
22
SIM5
SIM1
SIM2
SIM3
SIM4
1
21
22
SIM5
SIM1
SIM2
SIM3
SIM4
1
21
22
SIM5
SIM1
SIM2
SIM3
SIM4
1
21
22
SIM5
SIM1
SIM2
SIM3
SIM4
1
21
22
SIM5
SIM1
SIM2
SIM3
SIM4
1
21
22
SIM5
SIM1
SIM2
SIM3
SIM4
1
21
22
SIM5
SIM1
SIM2
SIM3
SIM4
1
21
22
SIM5
SIM1
SIM2
SIM3
SIM4
1
21
22
SIM5
SIM1
SIM2
SIM3
SIM4
1
21
22
SIM5
SIM1
SIM2
SIM3
SIM4
1
21
22
SIM5
SIM1
SIM2
SIM3
SIM4
1
21
22
SIM5
SIM1
SIM2
SIM3
SIM4
1
21
22
SIM5
SIM1
SIM2
SIM3
SIM4
1
21
22
SIM5
SIM1
SIM2
DEBUG 1 527
SIM1
SIM2
SIM3
SIM4
1
21
22
SIM5
SIM1
SIM2
SIM3
SIM4
1
21
22
SIM5
SIM1
SIM2
SIM3
SIM4
1
21
22
SIM5
SIM1
SIM2
SIM3
SIM4
1
21
22
SIM5
SIM1
SIM2
SIM3
SIM4
1
21
22
SIM5
SIM1
SIM2
SIM3
SIM4
1
21
22
SIM5
SIM1
SIM2
SIM3
SIM4
1
21
22
SIM5
SIM1
SIM2
SIM3
SIM4
1
21
22
SIM5
SIM1
SIM2
SIM3
SIM4
1
21
22
SIM5
SIM1
SIM2
SIM3
SIM4
1
21
22
SIM5
SIM1
SIM2
SIM3
SIM4
1
21
22
SIM5
SIM1
SIM2
SIM3
SIM4
1
21
22
SIM5
SIM1
SIM2
SIM3
SIM4
1
21
22
SIM5
SIM1
SIM2
SIM3
SIM4
1
21
22
SIM5
SIM1
SIM2
SIM3
SIM4
1
21
22
SIM5
SIM1
SIM2
SIM3
SIM4
1
21
22
SIM5
SIM1
SIM2
SIM3
SIM4
1
21
22
SIM5
SIM1
SIM2
SIM3
SIM4
1
21
22
SIM5
SIM1
SIM2
SIM3
SIM4
1
21
22
SIM5
SIM1
SIM2
SIM3
SIM4
1
21
22
SIM5
SIM1
SIM2
SIM3
SIM4
1
21
22
SIM5
SIM1
SIM2
SIM3
SIM4
1
21
22
SIM5
SIM1
SIM2
SIM3
SIM4
1
21
22
SIM5
SIM1
SIM2
SIM3
SIM4
1
21
22
SIM5
SIM1
SIM2
SIM3
SIM4
1
21
22
SIM5
SIM1
SIM2
SIM3
SIM4
1
21
22
SIM5
SIM1
SIM2
SIM3
SIM4
1
21
22
SIM5
SIM1
SIM2
SIM3
SIM4
1
21
22
SIM5
SIM1
SIM2
SIM3
SIM4
1
21
22
SIM5
SIM1
SIM2
SIM3
SIM4
1
21
22
SIM5
SIM1
SIM2
SIM3
SIM4
1
21
22
SIM5
SIM1
SIM2
SIM3
SIM4
1
21
22
SIM5
SIM1
SIM2
SIM3
SIM4
1
21
22
SIM5
SIM1
SIM2
SIM3
SIM4
1
21
22
SIM5
SIM1
SIM2
SIM3
SIM4
1
21
22
SIM5
SIM1
SIM2
SIM3
SIM4
1
21
22
SIM5
SIM1
SIM2
SIM3
SIM4
1
21
22
SIM5
SIM1
SIM2
SIM3
SIM4
1
21
22
SIM5
SIM1
SIM2
SIM3
SIM4
1
21
22
SIM5
SIM1
SIM2
SIM3
SIM4
1
21
22
SIM5
SIM1
SIM2
SIM3
SIM4
1
21
22
SIM5
SIM1
SIM2
SIM3
SIM4
1
21
22
SIM5
SIM1
SIM2
SIM3
SIM4
1
21
22
SIM5
SIM1
SIM2
SIM3
SIM4
1
21
22
SIM5
SIM1
SIM2
SIM3
SIM4
1
21
22
SIM5
SIM1
SIM2
SIM3
SIM4
1
21
22
SIM5
SIM1
SIM2
SIM3
SIM4
1
21
22
SIM5
SIM1
SIM2
SIM3
SIM4
1
21
22
SIM5
SIM1
SIM2
SIM3
SIM4
1
21
22
SIM5
SIM1
SIM2
SIM3
SIM4
1
21
22
SIM5
SIM1
SIM2
SIM3
SIM4
1
21
22
SIM5
SIM1
SIM2
SIM3
SIM4
1
21
22
SIM5
SIM1
SIM2
SIM3
SIM4
1
21
22
SIM5
SIM1
SIM2
SIM3
SIM4
1
21
22
SIM5
SIM1
SIM2
SIM3
SIM4
1
21
22
SIM5
SIM1
SIM2
SIM3
SIM4
1
21
22
SIM5
SIM1
SIM2
SIM3
SIM4
1
21
22
SIM5
SIM1
SIM2
SIM3
SIM4
1
21
22
SIM5
SIM1
SIM2
SIM3
SIM4
1
21
22
SIM5
SIM1
SIM2
SIM3
SIM4
1
21
22
SIM5
SIM1
SIM2
SIM3
SIM4
1
21
22
SIM5
SIM1
SIM2
SIM3
SIM4
1
21
22
SIM5
SIM1
SIM2
SIM3
SIM4
1
21
22
SIM5
SIM1
SIM2
SIM3
SIM4
1
21
22
SIM5
SIM1
SIM2
SIM3
SIM4
1
21
22
SIM5
SIM1
SIM2
SIM3
SIM4
1
21
22
SIM5
SIM1
SIM2
SIM3
SIM4
1
21
22
SIM5
SIM1
SIM2
SIM3
SIM4
1
21
22
SIM5
SIM1
SIM2
SIM3
SIM4
1
21
22
SIM5
SIM1
SIM2
SIM3
SIM4
1
21
22
SIM5
SIM1
SIM2
SIM3
SIM4
1
21
22
SIM5
SIM1
SIM2
SIM3
SIM4
1
21
22
SIM5
SIM1
SIM2
SIM3
SIM4
1
21
22
SIM5
SIM1
SIM2
SIM3
SIM4
1
21
22
SIM5
SIM1
SIM2
SIM3
SIM4
1
21
22
SIM5
SIM1
SIM2
SIM3
SIM4
1
21
22
SIM5
SIM1
SIM2
SIM3
SIM4
1
21
22
SIM5
SIM1
SIM2
SIM3
SIM4
1
21
22
SIM5
SIM1
SIM2
SIM3
SIM4
1
21
22
SIM5
SIM1
SIM2
SIM3
SIM4
1
21
22
SIM5
SIM1
SIM2
SIM3
SIM4
1
21
22
SIM5
SIM1
SIM2
SIM3
SIM4
1
21
22
SIM5
SIM1
SIM2
SIM3
SIM4
1
21
22
SIM5
SIM1
SIM2
SIM3
SIM4
1
21
22
SIM5
SIM1
SIM2
SIM3
SIM4
1
21
22
SIM5
SIM1
SIM2
SIM3
SIM4
1
21
22
SIM5
SIM1
SIM2
SIM3
SIM4
1
21
22
SIM5
SIM1
SIM2
SIM3
SIM4
1
21
22
SIM5
SIM1
SIM2
SIM3
SIM4
1
21
22
SIM5
SIM1
SIM2
SIM3
SIM4
1
21
22
SIM5
SIM1
SIM2
SIM3
SIM4
1
21
22
SIM5
SIM1
SIM2
SIM3
SIM4
1
21
22
SIM5
SIM1
SIM2
SIM3
SIM4
1
21
22
SIM5
SIM1
SIM2
SIM3
SIM4
1
21
22
SIM5
SIM1
SIM2
SIM3
SIM4
1
21
22
SIM5
SIM1
SIM2
SIM3
SIM4
1
21
22
SIM5
SIM1
SIM2
SIM3
SIM4
1
21
22
SIM5
SIM1
SIM2
SIM3
SIM4
1
21
22
SIM5
SIM1
SIM2
SIM3
SIM4
1
21
22
SIM5
SIM1
SIM2
SIM3
SIM4
1
21
22
SIM5
SIM1
SIM2
SIM3
SIM4
1
21
22
SIM5
SIM1
SIM2
SIM3
SIM4
1
21
22
SIM5
SIM1
SIM2
SIM3
SIM4
1
21
22
SIM5
SIM1
SIM2
SIM3
SIM4
1
21
22
SIM5
SIM1
SIM2
SIM3
SIM4
1
21
22
SIM5
SIM1
SIM2
SIM3
SIM4
1
21
22
SIM5
SIM1
SIM2
SIM3
SIM4
1
21
22
SIM5
SIM1
SIM2
SIM3
SIM4
1
21
22
SIM5
SIM1
SIM2
SIM3
SIM4
1
21
22
SIM5
SIM1
SIM2
SIM3
SIM4
1
21
22
SIM5
SIM1
SIM2
SIM3
SIM4
1
21
22
SIM5
SIM1
SIM2
SIM3
SIM4
1
21
22
SIM5
SIM1
SIM2
SIM3
SIM4
1
21
22
SIM5
SIM1
SIM2
SIM3
SIM4
1
21
22
SIM5
SIM1
SIM2
SIM3
SIM4
1
21
22
SIM5
SIM1
SIM2
SIM3
SIM4
1
21
22
SIM5
SIM1
SIM2
SIM3
SIM4
1
21
22
SIM5
SIM1
SIM2
SIM3
SIM4
1
21
22
SIM5
SIM1
SIM2
SIM3
SIM4
1
21
22
SIM5
SIM1
SIM2
SIM3
SIM4
1
21
22
SIM5
SIM1
SIM2
SIM3
SIM4
1
21
22
SIM5
SIM1
SIM2
SIM3
SIM4
1
21
22
SIM5
SIM1
SIM2
SIM3
SIM4
1
21
22
SIM5
SIM1
SIM2
SIM3
SIM4
1
21
22
SIM5
SIM1
SIM2
SIM3
SIM4
1
21
22
SIM5
SIM1
SIM2
SIM3
SIM4
1
21
22
SIM5
SIM1
SIM2
SIM3
SIM4
1
21
22
SIM5
SIM1
SIM2
SIM3
SIM4
1
21
22
SIM5
SIM1
SIM2
SIM3
SIM4
1
21
22
SIM5
SIM1
SIM2
SIM3
SIM4
1
21
22
SIM5
SIM1
SIM2
SIM3
SIM4
1
21
22
SIM5
SIM1
SIM2
SIM3
SIM4
1
21
22
SIM5
SIM1
SIM2
SIM3
SIM4
1
21
22
SIM5
SIM1
SIM2
SIM3
SIM4
1
21
22
SIM5
SIM1
SIM2
SIM3
SIM4
1
21
22
SIM5
SIM1
SIM2
SIM3
SIM4
1
21
22
SIM5
SIM1
SIM2
SIM3
SIM4
1
21
22
SIM5
SIM1
SIM2
SIM3
SIM4
1
21
22
SIM5
SIM1
SIM2
SIM3
SIM4
1
21
22
SIM5
SIM1
SIM2
SIM3
SIM4
1
21
22
SIM5
SIM1
SIM2
SIM3
SIM4
1
21
22
SIM5
SIM1
SIM2
SIM3
SIM4
1
21
22
SIM5
SIM1
SIM2
SIM3
SIM4
1
21
22
SIM5
SIM1
SIM2
SIM3
SIM4
1
21
22
SIM5
SIM1
SIM2
SIM3
SIM4
1
21
22
SIM5
SIM1
SIM2
SIM3
SIM4
1
21
22
SIM5
SIM1
SIM2
SIM3
SIM4
1
21
22
SIM5
SIM1
SIM2
SIM3
SIM4
1
21
22
SIM5
SIM1
SIM2
SIM3
SIM4
1
21
22
SIM5
SIM1
SIM2
SIM3
SIM4
1
21
22
SIM5
SIM1
SIM2
SIM3
SIM4
1
21
22
SIM5
SIM1
SIM2
SIM3
SIM4
1
21
22
SIM5
SIM1
SIM2
SIM3
SIM4
1
21
22
SIM5
SIM1
SIM2
SIM3
SIM4
1
21
22
SIM5
SIM1
SIM2
SIM3
SIM4
1
21
22
SIM5
SIM1
SIM2
SIM3
SIM4
1
21
22
SIM5
SIM1
SIM2
SIM3
SIM4
1
21
22
SIM5
SIM1
SIM2
SIM3
SIM4
1
21
22
SIM5
SIM1
SIM2
SIM3
SIM4
1
21
22
SIM5
SIM1
SIM2
SIM3
SIM4
1
21
22
SIM5
SIM1
SIM2
SIM3
SIM4
1
21
22
SIM5
SIM1
SIM2
SIM3
SIM4
1
21
22
SIM5
SIM1
SIM2
SIM3
SIM4
1
21
22
SIM5
SIM1
SIM2
SIM3
SIM4
1
21
22
SIM5
SIM1
SIM2
SIM3
SIM4
1
21
22
SIM5
SIM1
SIM2
SIM3
SIM4
1
21
22
SIM5
SIM1
SIM2
SIM3
SIM4
1
21
22
SIM5
SIM1
SIM2
SIM3
SIM4
1
21
22
SIM5
SIM1
SIM2
SIM3
SIM4
1
21
22
SIM5
SIM1
SIM2
SIM3
SIM4
1
21
22
SIM5
SIM1
SIM2
SIM3
SIM4
1
21
22
SIM5
SIM1
SIM2
SIM3
SIM4
1
21
22
SIM5
SIM1
SIM2
SIM3
SIM4
1
21
22
SIM5
SIM1
SIM2
SIM3
SIM4
1
21
22
SIM5
SIM1
SIM2
SIM3
SIM4
1
21
22
SIM5
SIM1
SIM2
SIM3
SIM4
1
21
22
SIM5
SIM1
SIM2
SIM3
SIM4
1
21
22
SIM5
SIM1
SIM2
SIM3
SIM4
1
21
22
SIM5
SIM1
SIM2
SIM3
SIM4
1
21
22
SIM5
SIM1
SIM2
SIM3
SIM4
1
21
22
SIM5
SIM1
SIM2
SIM3
SIM4
1
21
22
SIM5
SIM1
SIM2
SIM3
SIM4
1
21
22
SIM5
SIM1
SIM2
SIM3
SIM4
1
21
22
SIM5
SIM1
SIM2
SIM3
SIM4
1
21
22
SIM5
SIM1
SIM2
SIM3
SIM4
1
21
22
SIM5
SIM1
SIM2
SIM3
SIM4
1
21
22
SIM5
SIM1
SIM2
SIM3
SIM4
1
21
22
SIM5
SIM1
SIM2
SIM3
SIM4
1
21
22
SIM5
SIM1
SIM2
SIM3
SIM4
1
21
22
SIM5
SIM1
SIM2
SIM3
SIM4
1
21
22
SIM5
SIM1
SIM2
SIM3
SIM4
1
21
22
SIM5
SIM1
SIM2
SIM3
SIM4
1
21
22
SIM5
SIM1
SIM2
SIM3
SIM4
1
21
22
SIM5
SIM1
SIM2
SIM3
SIM4
1
21
22
SIM5
SIM1
SIM2
SIM3
SIM4
1
21
22
SIM5
SIM1
SIM2
SIM3
SIM4
1
21
22
SIM5
SIM1
SIM2
SIM3
SIM4
1
21
22
SIM5
SIM1
SIM2
SIM3
SIM4
1
21
22
SIM5
SIM1
SIM2
SIM3
SIM4
1
21
22
SIM5
SIM1
SIM2
SIM3
SIM4
1
21
22
SIM5
SIM1
SIM2
SIM3
SIM4
1
21
22
SIM5
SIM1
SIM2
SIM3
SIM4
1
21
22
SIM5
SIM1
SIM2
SIM3
SIM4
1
21
22
SIM5
SIM1
SIM2
SIM3
SIM4
1
21
22
SIM5
SIM1
SIM2
SIM3
SIM4
1
21
22
SIM5
SIM1
SIM2
SIM3
SIM4
1
21
22
SIM5
SIM1
SIM2
SIM3
SIM4
1
21
22
SIM5
SIM1
SIM2
SIM3
SIM4
1
21
22
SIM5
SIM1
SIM2
SIM3
SIM4
1
21
22
SIM5
SIM1
SIM2
SIM3
SIM4
1
21
22
SIM5
SIM1
SIM2
SIM3
SIM4
1
21
22
SIM5
SIM1
SIM2
SIM3
SIM4
1
21
22
SIM5
SIM1
SIM2
SIM3
SIM4
1
21
22
SIM5
SIM1
SIM2
SIM3
SIM4
1
21
22
SIM5
SIM1
SIM2
SIM3
SIM4
1
21
22
SIM5
SIM1
SIM2
SIM3
SIM4
1
21
22
SIM5
SIM1
SIM2
SIM3
SIM4
1
21
22
SIM5
SIM1
SIM2
SIM3
SIM4
1
21
22
SIM5
SIM1
SIM2
SIM3
SIM4
1
21
22
SIM5
SIM1
SIM2
SIM3
SIM4
1
21
22
SIM5
SIM1
SIM2
SIM3
SIM4
1
21
22
SIM5
SIM1
SIM2
SIM3
SIM4
1
21
22
SIM5
SIM1
SIM2
SIM3
SIM4
1
21
22
SIM5
SIM1
SIM2
SIM3
SIM4
1
21
22
SIM5
SIM1
SIM2
SIM3
SIM4
1
21
22
SIM5
SIM1
SIM2
SIM3
SIM4
1
21
22
SIM5
SIM1
SIM2
SIM3
SIM4
1
21
22
SIM5
SIM1
SIM2
SIM3
SIM4
1
21
22
SIM5
SIM1
SIM2
SIM3
SIM4
1
21
22
SIM5
SIM1
SIM2
SIM3
SIM4
1
21
22
SIM5
SIM1
SIM2
SIM3
SIM4
1
21
22
SIM5
SIM1
SIM2
SIM3
SIM4
1
21
22
SIM5
SIM1
SIM2
SIM3
SIM4
1
21
22
SIM5
SIM1
SIM2
SIM3
SIM4
1
21
22
SIM5
SIM1
SIM2
SIM3
SIM4
1
21
22
SIM5
SIM1
SIM2
SIM3
SIM4
1
21
22
SIM5
SIM1
SIM2
SIM3
SIM4
1
21
22
SIM5
SIM1
SIM2
SIM3
SIM4
1
21
22
SIM5
SIM1
SIM2
SIM3
SIM4
1
21
22
SIM5
SIM1
SIM2
SIM3
SIM4
1
21
22
SIM5
SIM1
SIM2
SIM3
SIM4
1
21
22
SIM5
SIM1
SIM2
SIM3
SIM4
1
21
22
SIM5
SIM1
SIM2
SIM3
SIM4
1
21
22
SIM5
SIM1
SIM2
SIM3
SIM4
1
21
22
SIM5
SIM1
SIM2
SIM3
SIM4
1
21
22
SIM5
SIM1
SIM2
SIM3
SIM4
1
21
22
SIM5
SIM1
SIM2
SIM3
SIM4
1
21
22
SIM5
SIM1
SIM2
SIM3
SIM4
1
21
22
SIM5
SIM1
SIM2
SIM3
SIM4
1
21
22
SIM5
SIM1
SIM2
DEBUG 1 528
SIM1
SIM2
SIM3
SIM4
1
21
22
SIM5
SIM1
SIM2
SIM3
SIM4
1
21
22
SIM5
SIM1
SIM2
SIM3
SIM4
1
21
22
SIM5
SIM1
SIM2
SIM3
SIM4
1
21
22
SIM5
SIM1
SIM2
SIM3
SIM4
1
21
22
SIM5
SIM1
SIM2
SIM3
SIM4
1
21
22
SIM5
SIM1
SIM2
SIM3
SIM4
1
21
22
SIM5
SIM1
SIM2
SIM3
SIM4
1
21
22
SIM5
SIM1
SIM2
SIM3
SIM4
1
21
22
SIM5
SIM1
SIM2
SIM3
SIM4
1
21
22
SIM5
SIM1
SIM2
SIM3
SIM4
1
21
22
SIM5
SIM1
SIM2
SIM3
SIM4
1
21
22
SIM5
SIM1
SIM2
SIM3
SIM4
1
21
22
SIM5
SIM1
SIM2
SIM3
SIM4
1
21
22
SIM5
SIM1
SIM2
SIM3
SIM4
1
21
22
SIM5
SIM1
SIM2
SIM3
SIM4
1
21
22
SIM5
SIM1
SIM2
SIM3
SIM4
1
21
22
SIM5
SIM1
SIM2
SIM3
SIM4
1
21
22
SIM5
SIM1
SIM2
SIM3
SIM4
1
21
22
SIM5
SIM1
SIM2
SIM3
SIM4
1
21
22
SIM5
SIM1
SIM2
SIM3
SIM4
1
21
22
SIM5
SIM1
SIM2
SIM3
SIM4
1
21
22
SIM5
SIM1
SIM2
SIM3
SIM4
1
21
22
SIM5
SIM1
SIM2
SIM3
SIM4
1
21
22
SIM5
SIM1
SIM2
SIM3
SIM4
1
21
22
SIM5
SIM1
SIM2
SIM3
SIM4
1
21
22
SIM5
SIM1
SIM2
SIM3
SIM4
1
21
22
SIM5
SIM1
SIM2
SIM3
SIM4
1
21
22
SIM5
SIM1
SIM2
SIM3
SIM4
1
21
22
SIM5
SIM1
SIM2
SIM3
SIM4
1
21
22
SIM5
SIM1
SIM2
SIM3
SIM4
1
21
22
SIM5
SIM1
SIM2
SIM3
SIM4
1
21
22
SIM5
SIM1
SIM2
SIM3
SIM4
1
21
22
SIM5
SIM1
SIM2
SIM3
SIM4
1
21
22
SIM5
SIM1
SIM2
SIM3
SIM4
1
21
22
SIM5
SIM1
SIM2
SIM3
SIM4
1
21
22
SIM5
SIM1
SIM2
SIM3
SIM4
1
21
22
SIM5
SIM1
SIM2
SIM3
SIM4
1
21
22
SIM5
SIM1
SIM2
SIM3
SIM4
1
21
22
SIM5
SIM1
SIM2
SIM3
SIM4
1
21
22
SIM5
SIM1
SIM2
SIM3
SIM4
1
21
22
SIM5
SIM1
SIM2
SIM3
SIM4
1
21
22
SIM5
SIM1
SIM2
SIM3
SIM4
1
21
22
SIM5
SIM1
SIM2
SIM3
SIM4
1
21
22
SIM5
SIM1
SIM2
SIM3
SIM4
1
21
22
SIM5
SIM1
SIM2
SIM3
SIM4
1
21
22
SIM5
SIM1
SIM2
SIM3
SIM4
1
21
22
SIM5
SIM1
SIM2
SIM3
SIM4
1
21
22
SIM5
SIM1
SIM2
SIM3
SIM4
1
21
22
SIM5
SIM1
SIM2
SIM3
SIM4
1
21
22
SIM5
SIM1
SIM2
SIM3
SIM4
1
21
22
SIM5
SIM1
SIM2
SIM3
SIM4
1
21
22
SIM5
SIM1
SIM2
SIM3
SIM4
1
21
22
SIM5
SIM1
SIM2
SIM3
SIM4
1
21
22
SIM5
SIM1
SIM2
SIM3
SIM4
1
21
22
SIM5
SIM1
SIM2
SIM3
SIM4
1
21
22
SIM5
SIM1
SIM2
SIM3
SIM4
1
21
22
SIM5
SIM1
SIM2
SIM3
SIM4
1
21
22
SIM5
SIM1
SIM2
SIM3
SIM4
1
21
22
SIM5
SIM1
SIM2
SIM3
SIM4
1
21
22
SIM5
SIM1
SIM2
SIM3
SIM4
1
21
22
SIM5
SIM1
SIM2
SIM3
SIM4
1
21
22
SIM5
SIM1
SIM2
SIM3
SIM4
1
21
22
SIM5
SIM1
SIM2
SIM3
SIM4
1
21
22
SIM5
SIM1
SIM2
SIM3
SIM4
1
21
22
SIM5
SIM1
SIM2
SIM3
SIM4
1
21
22
SIM5
SIM1
SIM2
SIM3
SIM4
1
21
22
SIM5
SIM1
SIM2
SIM3
SIM4
1
21
22
SIM5
SIM1
SIM2
SIM3
SIM4
1
21
22
SIM5
SIM1
SIM2
SIM3
SIM4
1
21
22
SIM5
SIM1
SIM2
SIM3
SIM4
1
21
22
SIM5
SIM1
SIM2
SIM3
SIM4
1
21
22
SIM5
SIM1
SIM2
SIM3
SIM4
1
21
22
SIM5
SIM1
SIM2
SIM3
SIM4
1
21
22
SIM5
SIM1
SIM2
SIM3
SIM4
1
21
22
SIM5
SIM1
SIM2
SIM3
SIM4
1
21
22
SIM5
SIM1
SIM2
SIM3
SIM4
1
21
22
SIM5
SIM1
SIM2
SIM3
SIM4
1
21
22
SIM5
SIM1
SIM2
SIM3
SIM4
1
21
22
SIM5
SIM1
SIM2
SIM3
SIM4
1
21
22
SIM5
SIM1
SIM2
SIM3
SIM4
1
21
22
SIM5
SIM1
SIM2
SIM3
SIM4
1
21
22
SIM5
SIM1
SIM2
SIM3
SIM4
1
21
22
SIM5
SIM1
SIM2
SIM3
SIM4
1
21
22
SIM5
SIM1
SIM2
SIM3
SIM4
1
21
22
SIM5
SIM1
SIM2
SIM3
SIM4
1
21
22
SIM5
SIM1
SIM2
SIM3
SIM4
1
21
22
SIM5
SIM1
SIM2
SIM3
SIM4
1
21
22
SIM5
SIM1
SIM2
SIM3
SIM4
1
21
22
SIM5
SIM1
SIM2
SIM3
SIM4
1
21
22
SIM5
SIM1
SIM2
SIM3
SIM4
1
21
22
SIM5
SIM1
SIM2
SIM3
SIM4
1
21
22
SIM5
SIM1
SIM2
SIM3
SIM4
1
21
22
SIM5
SIM1
SIM2
SIM3
SIM4
1
21
22
SIM5
SIM1
SIM2
SIM3
SIM4
1
21
22
SIM5
SIM1
SIM2
SIM3
SIM4
1
21
22
SIM5
SIM1
SIM2
SIM3
SIM4
1
21
22
SIM5
SIM1
SIM2
SIM3
SIM4
1
21
22
SIM5
SIM1
SIM2
SIM3
SIM4
1
21
22
SIM5
SIM1
SIM2
SIM3
SIM4
1
21
22
SIM5
SIM1
SIM2
SIM3
SIM4
1
21
22
SIM5
SIM1
SIM2
SIM3
SIM4
1
21
22
SIM5
SIM1
SIM2
SIM3
SIM4
1
21
22
SIM5
SIM1
SIM2
SIM3
SIM4
1
21
22
SIM5
SIM1
SIM2
SIM3
SIM4
1
21
22
SIM5
SIM1
SIM2
SIM3
SIM4
1
21
22
SIM5
SIM1
SIM2
SIM3
SIM4
1
21
22
SIM5
SIM1
SIM2
SIM3
SIM4
1
21
22
SIM5
SIM1
SIM2
SIM3
SIM4
1
21
22
SIM5
SIM1
SIM2
SIM3
SIM4
1
21
22
SIM5
SIM1
SIM2
SIM3
SIM4
1
21
22
SIM5
SIM1
SIM2
SIM3
SIM4
1
21
22
SIM5
SIM1
SIM2
SIM3
SIM4
1
21
22
SIM5
SIM1
SIM2
SIM3
SIM4
1
21
22
SIM5
SIM1
SIM2
SIM3
SIM4
1
21
22
SIM5
SIM1
SIM2
SIM3
SIM4
1
21
22
SIM5
SIM1
SIM2
SIM3
SIM4
1
21
22
SIM5
SIM1
SIM2
SIM3
SIM4
1
21
22
SIM5
SIM1
SIM2
SIM3
SIM4
1
21
22
SIM5
SIM1
SIM2
SIM3
SIM4
1
21
22
SIM5
SIM1
SIM2
SIM3
SIM4
1
21
22
SIM5
SIM1
SIM2
SIM3
SIM4
1
21
22
SIM5
SIM1
SIM2
SIM3
SIM4
1
21
22
SIM5
SIM1
SIM2
SIM3
SIM4
1
21
22
SIM5
SIM1
SIM2
SIM3
SIM4
1
21
22
SIM5
SIM1
SIM2
SIM3
SIM4
1
21
22
SIM5
SIM1
SIM2
SIM3
SIM4
1
21
22
SIM5
SIM1
SIM2
SIM3
SIM4
1
21
22
SIM5
SIM1
SIM2
SIM3
SIM4
1
21
22
SIM5
SIM1
SIM2
SIM3
SIM4
1
21
22
SIM5
SIM1
SIM2
SIM3
SIM4
1
21
22
SIM5
SIM1
SIM2
SIM3
SIM4
1
21
22
SIM5
SIM1
SIM2
SIM3
SIM4
1
21
22
SIM5
SIM1
SIM2
SIM3
SIM4
1
21
22
SIM5
SIM1
SIM2
SIM3
SIM4
1
21
22
SIM5
SIM1
SIM2
SIM3
SIM4
1
21
22
SIM5
SIM1
SIM2
SIM3
SIM4
1
21
22
SIM5
SIM1
SIM2
SIM3
SIM4
1
21
22
SIM5
SIM1
SIM2
SIM3
SIM4
1
21
22
SIM5
SIM1
SIM2
SIM3
SIM4
1
21
22
SIM5
SIM1
SIM2
SIM3
SIM4
1
21
22
SIM5
SIM1
SIM2
SIM3
SIM4
1
21
22
SIM5
SIM1
SIM2
SIM3
SIM4
1
21
22
SIM5
SIM1
SIM2
SIM3
SIM4
1
21
22
SIM5
SIM1
SIM2
DEBUG 1 529
SIM1
SIM2
SIM3
SIM4
1
21
22
SIM5
SIM1
SIM2
SIM3
SIM4
1
21
22
SIM5
SIM1
SIM2
SIM3
SIM4
1
21
22
SIM5
SIM1
SIM2
SIM3
SIM4
1
21
22
SIM5
SIM1
SIM2
SIM3
SIM4
1
21
22
SIM5
SIM1
SIM2
SIM3
SIM4
1
21
22
SIM5
SIM1
SIM2
SIM3
SIM4
1
21
22
SIM5
SIM1
SIM2
SIM3
SIM4
1
21
22
SIM5
SIM1
SIM2
SIM3
SIM4
1
21
22
SIM5
SIM1
SIM2
SIM3
SIM4
1
21
22
SIM5
SIM1
SIM2
SIM3
SIM4
1
21
22
SIM5
SIM1
SIM2
SIM3
SIM4
1
21
22
SIM5
SIM1
SIM2
SIM3
SIM4
1
21
22
SIM5
SIM1
SIM2
SIM3
SIM4
1
21
22
SIM5
SIM1
SIM2
SIM3
SIM4
1
21
22
SIM5
SIM1
SIM2
SIM3
SIM4
1
21
22
SIM5
SIM1
SIM2
SIM3
SIM4
1
21
22
SIM5
SIM1
SIM2
SIM3
SIM4
1
21
22
SIM5
SIM1
SIM2
SIM3
SIM4
1
21
22
SIM5
SIM1
SIM2
SIM3
SIM4
1
21
22
SIM5
SIM1
SIM2
SIM3
SIM4
1
21
22
SIM5
SIM1
SIM2
SIM3
SIM4
1
21
22
SIM5
SIM1
SIM2
SIM3
SIM4
1
21
22
SIM5
SIM1
SIM2
SIM3
SIM4
1
21
22
SIM5
SIM1
SIM2
SIM3
SIM4
1
21
22
SIM5
SIM1
SIM2
SIM3
SIM4
1
21
22
SIM5
SIM1
SIM2
SIM3
SIM4
1
21
22
SIM5
SIM1
SIM2
SIM3
SIM4
1
21
22
SIM5
SIM1
SIM2
SIM3
SIM4
1
21
22
SIM5
SIM1
SIM2
SIM3
SIM4
1
21
22
SIM5
SIM1
SIM2
SIM3
SIM4
1
21
22
SIM5
SIM1
SIM2
SIM3
SIM4
1
21
22
SIM5
SIM1
SIM2
SIM3
SIM4
1
21
22
SIM5
SIM1
SIM2
SIM3
SIM4
1
21
22
SIM5
SIM1
SIM2
SIM3
SIM4
1
21
22
SIM5
SIM1
SIM2
SIM3
SIM4
1
21
22
SIM5
SIM1
SIM2
SIM3
SIM4
1
21
22
SIM5
SIM1
SIM2
SIM3
SIM4
1
21
22
SIM5
SIM1
SIM2
SIM3
SIM4
1
21
22
SIM5
SIM1
SIM2
SIM3
SIM4
1
21
22
SIM5
SIM1
SIM2
SIM3
SIM4
1
21
22
SIM5
SIM1
SIM2
SIM3
SIM4
1
21
22
SIM5
SIM1
SIM2
SIM3
SIM4
1
21
22
SIM5
SIM1
SIM2
SIM3
SIM4
1
21
22
SIM5
SIM1
SIM2
SIM3
SIM4
1
21
22
SIM5
SIM1
SIM2
SIM3
SIM4
1
21
22
SIM5
SIM1
SIM2
SIM3
SIM4
1
21
22
SIM5
SIM1
SIM2
SIM3
SIM4
1
21
22
SIM5
SIM1
SIM2
SIM3
SIM4
1
21
22
SIM5
SIM1
SIM2
SIM3
SIM4
1
21
22
SIM5
SIM1
SIM2
SIM3
SIM4
1
21
22
SIM5
SIM1
SIM2
SIM3
SIM4
1
21
22
SIM5
SIM1
SIM2
SIM3
SIM4
1
21
22
SIM5
SIM1
SIM2
SIM3
SIM4
1
21
22
SIM5
SIM1
SIM2
SIM3
SIM4
1
21
22
SIM5
SIM1
SIM2
SIM3
SIM4
1
21
22
SIM5
SIM1
SIM2
SIM3
SIM4
1
21
22
SIM5
SIM1
SIM2
SIM3
SIM4
1
21
22
SIM5
SIM1
SIM2
SIM3
SIM4
1
21
22
SIM5
SIM1
SIM2
DEBUG 1 530
SIM1
SIM2
SIM3
SIM4
1
21
22
SIM5
SIM1
SIM2
SIM3
SIM4
1
21
22
SIM5
SIM1
SIM2
SIM3
SIM4
1
21
22
SIM5
SIM1
SIM2
SIM3
SIM4
1
21
22
SIM5
SIM1
SIM2
SIM3
SIM4
1
21
22
SIM5
SIM1
SIM2
SIM3
SIM4
1
21
22
SIM5
SIM1
SIM2
SIM3
SIM4
1
21
22
SIM5
SIM1
SIM2
SIM3
SIM4
1
21
22
SIM5
SIM1
SIM2
SIM3
SIM4
1
21
22
SIM5
SIM1
SIM2
SIM3
SIM4
1
21
22
SIM5
SIM1
SIM2
SIM3
SIM4
1
21
22
SIM5
SIM1
SIM2
SIM3
SIM4
1
21
22
SIM5
SIM1
SIM2
SIM3
SIM4
1
21
22
SIM5
SIM1
SIM2
SIM3
SIM4
1
21
22
SIM5
SIM1
SIM2
SIM3
SIM4
1
21
22
SIM5
SIM1
SIM2
SIM3
SIM4
1
21
22
SIM5
SIM1
SIM2
SIM3
SIM4
1
21
22
SIM5
SIM1
SIM2
SIM3
SIM4
1
21
22
SIM5
SIM1
SIM2
SIM3
SIM4
1
21
22
SIM5
SIM1
SIM2
SIM3
SIM4
1
21
22
SIM5
SIM1
SIM2
SIM3
SIM4
1
21
22
SIM5
SIM1
SIM2
SIM3
SIM4
1
21
22
SIM5
SIM1
SIM2
SIM3
SIM4
1
21
22
SIM5
SIM1
SIM2
SIM3
SIM4
1
21
22
SIM5
SIM1
SIM2
SIM3
SIM4
1
21
22
SIM5
SIM1
SIM2
SIM3
SIM4
1
21
22
SIM5
SIM1
SIM2
SIM3
SIM4
1
21
22
SIM5
SIM1
SIM2
SIM3
SIM4
1
21
22
SIM5
SIM1
SIM2
SIM3
SIM4
1
21
22
SIM5
SIM1
SIM2
SIM3
SIM4
1
21
22
SIM5
SIM1
SIM2
SIM3
SIM4
1
21
22
SIM5
SIM1
SIM2
SIM3
SIM4
1
21
22
SIM5
SIM1
SIM2
SIM3
SIM4
1
21
22
SIM5
SIM1
SIM2
SIM3
SIM4
1
21
22
SIM5
SIM1
SIM2
SIM3
SIM4
1
21
22
SIM5
SIM1
SIM2
SIM3
SIM4
1
21
22
SIM5
SIM1
SIM2
SIM3
SIM4
1
21
22
SIM5
SIM1
SIM2
SIM3
SIM4
1
21
22
SIM5
SIM1
SIM2
SIM3
SIM4
1
21
22
SIM5
SIM1
SIM2
SIM3
SIM4
1
21
22
SIM5
SIM1
SIM2
SIM3
SIM4
1
21
22
SIM5
SIM1
SIM2
SIM3
SIM4
1
21
22
SIM5
SIM1
SIM2
SIM3
SIM4
1
21
22
SIM5
SIM1
SIM2
SIM3
SIM4
1
21
22
SIM5
SIM1
SIM2
SIM3
SIM4
1
21
22
SIM5
SIM1
SIM2
SIM3
SIM4
1
21
22
SIM5
SIM1
SIM2
SIM3
SIM4
1
21
22
SIM5
SIM1
SIM2
SIM3
SIM4
1
21
22
SIM5
SIM1
SIM2
SIM3
SIM4
1
21
22
SIM5
SIM1
SIM2
SIM3
SIM4
1
21
22
SIM5
SIM1
SIM2
SIM3
SIM4
1
21
22
SIM5
SIM1
SIM2
SIM3
SIM4
1
21
22
SIM5
SIM1
SIM2
SIM3
SIM4
1
21
22
SIM5
SIM1
SIM2
SIM3
SIM4
1
21
22
SIM5
SIM1
SIM2
SIM3
SIM4
1
21
22
SIM5
SIM1
SIM2
SIM3
SIM4
1
21
22
SIM5
SIM1
SIM2
SIM3
SIM4
1
21
22
SIM5
SIM1
SIM2
SIM3
SIM4
1
21
22
SIM5
SIM1
SIM2
SIM3
SIM4
1
21
22
SIM5
SIM1
SIM2
SIM3
SIM4
1
21
22
SIM5
SIM1
SIM2
SIM3
SIM4
1
21
22
SIM5
SIM1
SIM2
SIM3
SIM4
1
21
22
SIM5
SIM1
SIM2
SIM3
SIM4
1
21
22
SIM5
SIM1
SIM2
SIM3
SIM4
1
21
22
SIM5
SIM1
SIM2
SIM3
SIM4
1
21
22
SIM5
SIM1
SIM2
SIM3
SIM4
1
21
22
SIM5
SIM1
SIM2
SIM3
SIM4
1
21
22
SIM5
SIM1
SIM2
SIM3
SIM4
1
21
22
SIM5
SIM1
SIM2
SIM3
SIM4
1
21
22
SIM5
SIM1
SIM2
SIM3
SIM4
1
21
22
SIM5
SIM1
SIM2
SIM3
SIM4
1
21
22
SIM5
SIM1
SIM2
SIM3
SIM4
1
21
22
SIM5
SIM1
SIM2
SIM3
SIM4
1
21
22
SIM5
SIM1
SIM2
SIM3
SIM4
1
21
22
SIM5
SIM1
SIM2
SIM3
SIM4
1
21
22
SIM5
SIM1
SIM2
SIM3
SIM4
1
21
22
SIM5
SIM1
SIM2
SIM3
SIM4
1
21
22
SIM5
SIM1
SIM2
SIM3
SIM4
1
21
22
SIM5
SIM1
SIM2
SIM3
SIM4
1
21
22
SIM5
SIM1
SIM2
SIM3
SIM4
1
21
22
SIM5
SIM1
SIM2
SIM3
SIM4
1
21
22
SIM5
SIM1
SIM2
SIM3
SIM4
1
21
22
SIM5
SIM1
SIM2
SIM3
SIM4
1
21
22
SIM5
SIM1
SIM2
SIM3
SIM4
1
21
22
SIM5
SIM1
SIM2
SIM3
SIM4
1
21
22
SIM5
SIM1
SIM2
SIM3
SIM4
1
21
22
SIM5
SIM1
SIM2
SIM3
SIM4
1
21
22
SIM5
SIM1
SIM2
SIM3
SIM4
1
21
22
SIM5
SIM1
SIM2
SIM3
SIM4
1
21
22
SIM5
SIM1
SIM2
SIM3
SIM4
1
21
22
SIM5
SIM1
SIM2
SIM3
SIM4
1
21
22
SIM5
SIM1
SIM2
SIM3
SIM4
1
21
22
SIM5
SIM1
SIM2
SIM3
SIM4
1
21
22
SIM5
SIM1
SIM2
SIM3
SIM4
1
21
22
SIM5
SIM1
SIM2
SIM3
SIM4
1
21
22
SIM5
SIM1
SIM2
SIM3
SIM4
1
21
22
SIM5
SIM1
SIM2
SIM3
SIM4
1
21
22
SIM5
SIM1
SIM2
SIM3
SIM4
1
21
22
SIM5
SIM1
SIM2
SIM3
SIM4
1
21
22
SIM5
SIM1
SIM2
SIM3
SIM4
1
21
22
SIM5
SIM1
SIM2
SIM3
SIM4
1
21
22
SIM5
SIM1
SIM2
SIM3
SIM4
1
21
22
SIM5
SIM1
SIM2
SIM3
SIM4
1
21
22
SIM5
SIM1
SIM2
SIM3
SIM4
1
21
22
SIM5
SIM1
SIM2
SIM3
SIM4
1
21
22
SIM5
SIM1
SIM2
SIM3
SIM4
1
21
22
SIM5
SIM1
SIM2
SIM3
SIM4
1
21
22
SIM5
SIM1
SIM2
SIM3
SIM4
1
21
22
SIM5
SIM1
SIM2
SIM3
SIM4
1
21
22
SIM5
SIM1
SIM2
SIM3
SIM4
1
21
22
SIM5
SIM1
SIM2
SIM3
SIM4
1
21
22
SIM5
SIM1
SIM2
SIM3
SIM4
1
21
22
SIM5
SIM1
SIM2
SIM3
SIM4
1
21
22
SIM5
SIM1
SIM2
SIM3
SIM4
1
21
22
SIM5
SIM1
SIM2
SIM3
SIM4
1
21
22
SIM5
SIM1
SIM2
SIM3
SIM4
1
21
22
SIM5
SIM1
SIM2
SIM3
SIM4
1
21
22
SIM5
SIM1
SIM2
SIM3
SIM4
1
21
22
SIM5
SIM1
SIM2
SIM3
SIM4
1
21
22
SIM5
SIM1
SIM2
SIM3
SIM4
1
21
22
SIM5
SIM1
SIM2
SIM3
SIM4
1
21
22
SIM5
SIM1
SIM2
SIM3
SIM4
1
21
22
SIM5
SIM1
SIM2
SIM3
SIM4
1
21
22
SIM5
SIM1
SIM2
SIM3
SIM4
1
21
22
SIM5
SIM1
SIM2
SIM3
SIM4
1
21
22
SIM5
SIM1
SIM2
SIM3
SIM4
1
21
22
SIM5
SIM1
SIM2
SIM3
SIM4
1
21
22
SIM5
SIM1
SIM2
SIM3
SIM4
1
21
22
SIM5
SIM1
SIM2
SIM3
SIM4
1
21
22
SIM5
SIM1
SIM2
SIM3
SIM4
1
21
22
SIM5
SIM1
SIM2
SIM3
SIM4
1
21
22
SIM5
SIM1
SIM2
SIM3
SIM4
1
21
22
SIM5
SIM1
SIM2
SIM3
SIM4
1
21
22
SIM5
SIM1
SIM2
SIM3
SIM4
1
21
22
SIM5
SIM1
SIM2
SIM3
SIM4
1
21
22
SIM5
SIM1
SIM2
SIM3
SIM4
1
21
22
SIM5
SIM1
SIM2
SIM3
SIM4
1
21
22
SIM5
SIM1
SIM2
SIM3
SIM4
1
21
22
SIM5
SIM1
SIM2
SIM3
SIM4
1
21
22
SIM5
SIM1
SIM2
SIM3
SIM4
1
21
22
SIM5
SIM1
SIM2
SIM3
SIM4
1
21
22
SIM5
SIM1
SIM2
SIM3
SIM4
1
21
22
SIM5
SIM1
SIM2
SIM3
SIM4
1
21
22
SIM5
SIM1
SIM2
SIM3
SIM4
1
21
22
SIM5
SIM1
SIM2
SIM3
SIM4
1
21
22
SIM5
SIM1
SIM2
SIM3
SIM4
1
21
22
SIM5
SIM1
SIM2
SIM3
SIM4
1
21
22
SIM5
SIM1
SIM2
SIM3
SIM4
1
21
22
SIM5
SIM1
SIM2
SIM3
SIM4
1
21
22
SIM5
SIM1
SIM2
SIM3
SIM4
1
21
22
SIM5
SIM1
SIM2
SIM3
SIM4
1
21
22
SIM5
SIM1
SIM2
SIM3
SIM4
1
21
22
SIM5
SIM1
SIM2
SIM3
SIM4
1
21
22
SIM5
SIM1
SIM2
SIM3
SIM4
1
21
22
SIM5
SIM1
SIM2
SIM3
SIM4
1
21
22
SIM5
SIM1
SIM2
SIM3
SIM4
1
21
22
SIM5
SIM1
SIM2
SIM3
SIM4
1
21
22
SIM5
SIM1
SIM2
SIM3
SIM4
1
21
22
SIM5
SIM1
SIM2
SIM3
SIM4
1
21
22
SIM5
SIM1
SIM2
SIM3
SIM4
1
21
22
SIM5
SIM1
SIM2
SIM3
SIM4
1
21
22
SIM5
SIM1
SIM2
SIM3
SIM4
1
21
22
SIM5
SIM1
SIM2
SIM3
SIM4
1
21
22
SIM5
SIM1
SIM2
SIM3
SIM4
1
21
22
SIM5
SIM1
SIM2
SIM3
SIM4
1
21
22
SIM5
SIM1
SIM2
SIM3
SIM4
1
21
22
SIM5
SIM1
SIM2
SIM3
SIM4
1
21
22
SIM5
SIM1
SIM2
SIM3
SIM4
1
21
22
SIM5
SIM1
SIM2
SIM3
SIM4
1
21
22
SIM5
SIM1
SIM2
SIM3
SIM4
1
21
22
SIM5
SIM1
SIM2
SIM3
SIM4
1
21
22
SIM5
SIM1
SIM2
SIM3
SIM4
1
21
22
SIM5
SIM1
SIM2
SIM3
SIM4
1
21
22
SIM5
SIM1
SIM2
SIM3
SIM4
1
21
22
SIM5
SIM1
SIM2
SIM3
SIM4
1
21
22
SIM5
SIM1
SIM2
SIM3
SIM4
1
21
22
SIM5
SIM1
SIM2
SIM3
SIM4
1
21
22
SIM5
SIM1
SIM2
SIM3
SIM4
1
21
22
SIM5
SIM1
SIM2
SIM3
SIM4
1
21
22
SIM5
SIM1
SIM2
SIM3
SIM4
1
21
22
SIM5
SIM1
SIM2
SIM3
SIM4
1
21
22
SIM5
SIM1
SIM2
SIM3
SIM4
1
21
22
SIM5
SIM1
SIM2
SIM3
SIM4
1
21
22
SIM5
SIM1
SIM2
SIM3
SIM4
1
21
22
SIM5
SIM1
SIM2
SIM3
SIM4
1
21
22
SIM5
SIM1
SIM2
SIM3
SIM4
1
21
22
SIM5
SIM1
SIM2
SIM3
SIM4
1
21
22
SIM5
SIM1
SIM2
SIM3
SIM4
1
21
22
SIM5
SIM1
SIM2
SIM3
SIM4
1
21
22
SIM5
SIM1
SIM2
SIM3
SIM4
1
21
22
SIM5
SIM1
SIM2
SIM3
SIM4
1
21
22
SIM5
SIM1
SIM2
SIM3
SIM4
1
21
22
SIM5
SIM1
SIM2
SIM3
SIM4
1
21
22
SIM5
SIM1
SIM2
SIM3
SIM4
1
21
22
SIM5
SIM1
SIM2
SIM3
SIM4
1
21
22
SIM5
SIM1
SIM2
SIM3
SIM4
1
21
22
SIM5
SIM1
SIM2
SIM3
SIM4
1
21
22
SIM5
SIM1
SIM2
SIM3
SIM4
1
21
22
SIM5
SIM1
SIM2
SIM3
SIM4
1
21
22
SIM5
SIM1
SIM2
SIM3
SIM4
1
21
22
SIM5
SIM1
SIM2
SIM3
SIM4
1
21
22
SIM5
SIM1
SIM2
SIM3
SIM4
1
21
22
SIM5
SIM1
SIM2
SIM3
SIM4
1
21
22
SIM5
SIM1
SIM2
SIM3
SIM4
1
21
22
SIM5
SIM1
SIM2
DEBUG 1 531
SIM1
SIM2
SIM3
SIM4
1
21
22
SIM5
SIM1
SIM2
SIM3
SIM4
1
21
22
SIM5
SIM1
SIM2
SIM3
SIM4
1
21
22
SIM5
SIM1
SIM2
SIM3
SIM4
1
21
22
SIM5
SIM1
SIM2
SIM3
SIM4
1
21
22
SIM5
SIM1
SIM2
SIM3
SIM4
1
21
22
SIM5
SIM1
SIM2
SIM3
SIM4
1
21
22
SIM5
SIM1
SIM2
SIM3
SIM4
1
21
22
SIM5
SIM1
SIM2
SIM3
SIM4
1
21
22
SIM5
SIM1
SIM2
SIM3
SIM4
1
21
22
SIM5
SIM1
SIM2
SIM3
SIM4
1
21
22
SIM5
SIM1
SIM2
SIM3
SIM4
1
21
22
SIM5
SIM1
SIM2
SIM3
SIM4
1
21
22
SIM5
SIM1
SIM2
SIM3
SIM4
1
21
22
SIM5
SIM1
SIM2
SIM3
SIM4
1
21
22
SIM5
SIM1
SIM2
SIM3
SIM4
1
21
22
SIM5
SIM1
SIM2
SIM3
SIM4
1
21
22
SIM5
SIM1
SIM2
SIM3
SIM4
1
21
22
SIM5
SIM1
SIM2
SIM3
SIM4
1
21
22
SIM5
SIM1
SIM2
SIM3
SIM4
1
21
22
SIM5
SIM1
SIM2
SIM3
SIM4
1
21
22
SIM5
SIM1
SIM2
SIM3
SIM4
1
21
22
SIM5
SIM1
SIM2
SIM3
SIM4
1
21
22
SIM5
SIM1
SIM2
SIM3
SIM4
1
21
22
SIM5
SIM1
SIM2
SIM3
SIM4
1
21
22
SIM5
SIM1
SIM2
SIM3
SIM4
1
21
22
SIM5
SIM1
SIM2
SIM3
SIM4
1
21
22
SIM5
SIM1
SIM2
SIM3
SIM4
1
21
22
SIM5
SIM1
SIM2
SIM3
SIM4
1
21
22
SIM5
SIM1
SIM2
SIM3
SIM4
1
21
22
SIM5
SIM1
SIM2
SIM3
SIM4
1
21
22
SIM5
SIM1
SIM2
SIM3
SIM4
1
21
22
SIM5
SIM1
SIM2
SIM3
SIM4
1
21
22
SIM5
SIM1
SIM2
SIM3
SIM4
1
21
22
SIM5
SIM1
SIM2
SIM3
SIM4
1
21
22
SIM5
SIM1
SIM2
SIM3
SIM4
1
21
22
SIM5
SIM1
SIM2
SIM3
SIM4
1
21
22
SIM5
SIM1
SIM2
SIM3
SIM4
1
21
22
SIM5
SIM1
SIM2
SIM3
SIM4
1
21
22
SIM5
SIM1
SIM2
SIM3
SIM4
1
21
22
SIM5
SIM1
SIM2
SIM3
SIM4
1
21
22
SIM5
SIM1
SIM2
SIM3
SIM4
1
21
22
SIM5
SIM1
SIM2
SIM3
SIM4
1
21
22
SIM5
SIM1
SIM2
SIM3
SIM4
1
21
22
SIM5
SIM1
SIM2
SIM3
SIM4
1
21
22
SIM5
SIM1
SIM2
SIM3
SIM4
1
21
22
SIM5
SIM1
SIM2
SIM3
SIM4
1
21
22
SIM5
SIM1
SIM2
SIM3
SIM4
1
21
22
SIM5
SIM1
SIM2
SIM3
SIM4
1
21
22
SIM5
SIM1
SIM2
SIM3
SIM4
1
21
22
SIM5
SIM1
SIM2
SIM3
SIM4
1
21
22
SIM5
SIM1
SIM2
SIM3
SIM4
1
21
22
SIM5
SIM1
SIM2
SIM3
SIM4
1
21
22
SIM5
SIM1
SIM2
SIM3
SIM4
1
21
22
SIM5
SIM1
SIM2
SIM3
SIM4
1
21
22
SIM5
SIM1
SIM2
SIM3
SIM4
1
21
22
SIM5
SIM1
SIM2
SIM3
SIM4
1
21
22
SIM5
SIM1
SIM2
SIM3
SIM4
1
21
22
SIM5
SIM1
SIM2
SIM3
SIM4
1
21
22
SIM5
SIM1
SIM2
SIM3
SIM4
1
21
22
SIM5
SIM1
SIM2
SIM3
SIM4
1
21
22
SIM5
SIM1
SIM2
SIM3
SIM4
1
21
22
SIM5
SIM1
SIM2
SIM3
SIM4
1
21
22
SIM5
SIM1
SIM2
SIM3
SIM4
1
21
22
SIM5
SIM1
SIM2
SIM3
SIM4
1
21
22
SIM5
SIM1
SIM2
SIM3
SIM4
1
21
22
SIM5
SIM1
SIM2
SIM3
SIM4
1
21
22
SIM5
SIM1
SIM2
SIM3
SIM4
1
21
22
SIM5
SIM1
SIM2
SIM3
SIM4
1
21
22
SIM5
SIM1
SIM2
SIM3
SIM4
1
21
22
SIM5
SIM1
SIM2
SIM3
SIM4
1
21
22
SIM5
SIM1
SIM2
SIM3
SIM4
1
21
22
SIM5
SIM1
SIM2
SIM3
SIM4
1
21
22
SIM5
SIM1
SIM2
SIM3
SIM4
1
21
22
SIM5
SIM1
SIM2
SIM3
SIM4
1
21
22
SIM5
SIM1
SIM2
SIM3
SIM4
1
21
22
SIM5
SIM1
SIM2
SIM3
SIM4
1
21
22
SIM5
SIM1
SIM2
SIM3
SIM4
1
21
22
SIM5
SIM1
SIM2
SIM3
SIM4
1
21
22
SIM5
SIM1
SIM2
SIM3
SIM4
1
21
22
SIM5
SIM1
SIM2
SIM3
SIM4
1
21
22
SIM5
SIM1
SIM2
SIM3
SIM4
1
21
22
SIM5
SIM1
SIM2
SIM3
SIM4
1
21
22
SIM5
SIM1
SIM2
SIM3
SIM4
1
21
22
SIM5
SIM1
SIM2
SIM3
SIM4
1
21
22
SIM5
SIM1
SIM2
SIM3
SIM4
1
21
22
SIM5
SIM1
SIM2
SIM3
SIM4
1
21
22
SIM5
SIM1
SIM2
SIM3
SIM4
1
21
22
SIM5
SIM1
SIM2
SIM3
SIM4
1
21
22
SIM5
SIM1
SIM2
SIM3
SIM4
1
21
22
SIM5
SIM1
SIM2
SIM3
SIM4
1
21
22
SIM5
SIM1
SIM2
SIM3
SIM4
1
21
22
SIM5
SIM1
SIM2
SIM3
SIM4
1
21
22
SIM5
SIM1
SIM2
SIM3
SIM4
1
21
22
SIM5
SIM1
SIM2
SIM3
SIM4
1
21
22
SIM5
SIM1
SIM2
SIM3
SIM4
1
21
22
SIM5
SIM1
SIM2
SIM3
SIM4
1
21
22
SIM5
SIM1
SIM2
SIM3
SIM4
1
21
22
SIM5
SIM1
SIM2
SIM3
SIM4
1
21
22
SIM5
SIM1
SIM2
SIM3
SIM4
1
21
22
SIM5
SIM1
SIM2
SIM3
SIM4
1
21
22
SIM5
SIM1
SIM2
SIM3
SIM4
1
21
22
SIM5
SIM1
SIM2
SIM3
SIM4
1
21
22
SIM5
SIM1
SIM2
SIM3
SIM4
1
21
22
SIM5
SIM1
SIM2
SIM3
SIM4
1
21
22
SIM5
SIM1
SIM2
SIM3
SIM4
1
21
22
SIM5
SIM1
SIM2
SIM3
SIM4
1
21
22
SIM5
SIM1
SIM2
SIM3
SIM4
1
21
22
SIM5
SIM1
SIM2
SIM3
SIM4
1
21
22
SIM5
SIM1
SIM2
SIM3
SIM4
1
21
22
SIM5
SIM1
SIM2
SIM3
SIM4
1
21
22
SIM5
SIM1
SIM2
SIM3
SIM4
1
21
22
SIM5
SIM1
SIM2
SIM3
SIM4
1
21
22
SIM5
SIM1
SIM2
SIM3
SIM4
1
21
22
SIM5
SIM1
SIM2
SIM3
SIM4
1
21
22
SIM5
SIM1
SIM2
SIM3
SIM4
1
21
22
SIM5
SIM1
SIM2
SIM3
SIM4
1
21
22
SIM5
SIM1
SIM2
SIM3
SIM4
1
21
22
SIM5
SIM1
SIM2
SIM3
SIM4
1
21
22
SIM5
SIM1
SIM2
SIM3
SIM4
1
21
22
SIM5
SIM1
SIM2
SIM3
SIM4
1
21
22
SIM5
SIM1
SIM2
SIM3
SIM4
1
21
22
SIM5
SIM1
SIM2
SIM3
SIM4
1
21
22
SIM5
SIM1
SIM2
SIM3
SIM4
1
21
22
SIM5
SIM1
SIM2
SIM3
SIM4
1
21
22
SIM5
SIM1
SIM2
SIM3
SIM4
1
21
22
SIM5
SIM1
SIM2
SIM3
SIM4
1
21
22
SIM5
SIM1
SIM2
SIM3
SIM4
1
21
22
SIM5
SIM1
SIM2
SIM3
SIM4
1
21
22
SIM5
SIM1
SIM2
SIM3
SIM4
1
21
22
SIM5
SIM1
SIM2
SIM3
SIM4
1
21
22
SIM5
SIM1
SIM2
SIM3
SIM4
1
21
22
SIM5
SIM1
SIM2
SIM3
SIM4
1
21
22
SIM5
SIM1
SIM2
SIM3
SIM4
1
21
22
SIM5
SIM1
SIM2
SIM3
SIM4
1
21
22
SIM5
SIM1
SIM2
SIM3
SIM4
1
21
22
SIM5
SIM1
SIM2
SIM3
SIM4
1
21
22
SIM5
SIM1
SIM2
SIM3
SIM4
1
21
22
SIM5
SIM1
SIM2
SIM3
SIM4
1
21
22
SIM5
SIM1
SIM2
SIM3
SIM4
1
21
22
SIM5
SIM1
SIM2
SIM3
SIM4
1
21
22
SIM5
SIM1
SIM2
SIM3
SIM4
1
21
22
SIM5
SIM1
SIM2
SIM3
SIM4
1
21
22
SIM5
SIM1
SIM2
SIM3
SIM4
1
21
22
SIM5
SIM1
SIM2
SIM3
SIM4
1
21
22
SIM5
SIM1
SIM2
SIM3
SIM4
1
21
22
SIM5
SIM1
SIM2
SIM3
SIM4
1
21
22
SIM5
SIM1
SIM2
SIM3
SIM4
1
21
22
SIM5
SIM1
SIM2
SIM3
SIM4
1
21
22
SIM5
SIM1
SIM2
SIM3
SIM4
1
21
22
SIM5
SIM1
SIM2
SIM3
SIM4
1
21
22
SIM5
SIM1
SIM2
SIM3
SIM4
1
21
22
SIM5
SIM1
SIM2
SIM3
SIM4
1
21
22
SIM5
SIM1
SIM2
SIM3
SIM4
1
21
22
SIM5
SIM1
SIM2
SIM3
SIM4
1
21
22
SIM5
SIM1
SIM2
SIM3
SIM4
1
21
22
SIM5
SIM1
SIM2
SIM3
SIM4
1
21
22
SIM5
SIM1
SIM2
SIM3
SIM4
1
21
22
SIM5
SIM1
SIM2
SIM3
SIM4
1
21
22
SIM5
SIM1
SIM2
SIM3
SIM4
1
21
22
SIM5
SIM1
SIM2
SIM3
SIM4
1
21
22
SIM5
SIM1
SIM2
SIM3
SIM4
1
21
22
SIM5
SIM1
SIM2
SIM3
SIM4
1
21
22
SIM5
SIM1
SIM2
SIM3
SIM4
1
21
22
SIM5
SIM1
SIM2
SIM3
SIM4
1
21
22
SIM5
SIM1
SIM2
SIM3
SIM4
1
21
22
SIM5
SIM1
SIM2
SIM3
SIM4
1
21
22
SIM5
SIM1
SIM2
SIM3
SIM4
1
21
22
SIM5
SIM1
SIM2
SIM3
SIM4
1
21
22
SIM5
SIM1
SIM2
SIM3
SIM4
1
21
22
SIM5
SIM1
SIM2
SIM3
SIM4
1
21
22
SIM5
SIM1
SIM2
SIM3
SIM4
1
21
22
SIM5
SIM1
SIM2
SIM3
SIM4
1
21
22
SIM5
SIM1
SIM2
SIM3
SIM4
1
21
22
SIM5
SIM1
SIM2
SIM3
SIM4
1
21
22
SIM5
SIM1
SIM2
SIM3
SIM4
1
21
22
SIM5
SIM1
SIM2
SIM3
SIM4
1
21
22
SIM5
SIM1
SIM2
SIM3
SIM4
1
21
22
SIM5
SIM1
SIM2
SIM3
SIM4
1
21
22
SIM5
SIM1
SIM2
SIM3
SIM4
1
21
22
SIM5
SIM1
SIM2
SIM3
SIM4
1
21
22
SIM5
SIM1
SIM2
SIM3
SIM4
1
21
22
SIM5
SIM1
SIM2
SIM3
SIM4
1
21
22
SIM5
SIM1
SIM2
SIM3
SIM4
1
21
22
SIM5
SIM1
SIM2
SIM3
SIM4
1
21
22
SIM5
SIM1
SIM2
SIM3
SIM4
1
21
22
SIM5
SIM1
SIM2
SIM3
SIM4
1
21
22
SIM5
SIM1
SIM2
SIM3
SIM4
1
21
22
SIM5
SIM1
SIM2
DEBUG 1 532
SIM1
SIM2
SIM3
SIM4
1
21
22
SIM5
SIM1
SIM2
SIM3
SIM4
1
21
22
SIM5
SIM1
SIM2
SIM3
SIM4
1
21
22
SIM5
SIM1
SIM2
SIM3
SIM4
1
21
22
SIM5
SIM1
SIM2
SIM3
SIM4
1
21
22
SIM5
SIM1
SIM2
SIM3
SIM4
1
21
22
SIM5
SIM1
SIM2
SIM3
SIM4
1
21
22
SIM5
SIM1
SIM2
SIM3
SIM4
1
21
22
SIM5
SIM1
SIM2
SIM3
SIM4
1
21
22
SIM5
SIM1
SIM2
SIM3
SIM4
1
21
22
SIM5
SIM1
SIM2
SIM3
SIM4
1
21
22
SIM5
SIM1
SIM2
SIM3
SIM4
1
21
22
SIM5
SIM1
SIM2
SIM3
SIM4
1
21
22
SIM5
SIM1
SIM2
SIM3
SIM4
1
21
22
SIM5
SIM1
SIM2
SIM3
SIM4
1
21
22
SIM5
SIM1
SIM2
SIM3
SIM4
1
21
22
SIM5
SIM1
SIM2
SIM3
SIM4
1
21
22
SIM5
SIM1
SIM2
SIM3
SIM4
1
21
22
SIM5
SIM1
SIM2
SIM3
SIM4
1
21
22
SIM5
SIM1
SIM2
SIM3
SIM4
1
21
22
SIM5
SIM1
SIM2
SIM3
SIM4
1
21
22
SIM5
SIM1
SIM2
SIM3
SIM4
1
21
22
SIM5
SIM1
SIM2
SIM3
SIM4
1
21
22
SIM5
SIM1
SIM2
SIM3
SIM4
1
21
22
SIM5
SIM1
SIM2
SIM3
SIM4
1
21
22
SIM5
SIM1
SIM2
SIM3
SIM4
1
21
22
SIM5
SIM1
SIM2
SIM3
SIM4
1
21
22
SIM5
SIM1
SIM2
SIM3
SIM4
1
21
22
SIM5
SIM1
SIM2
SIM3
SIM4
1
21
22
SIM5
SIM1
SIM2
SIM3
SIM4
1
21
22
SIM5
SIM1
SIM2
SIM3
SIM4
1
21
22
SIM5
SIM1
SIM2
SIM3
SIM4
1
21
22
SIM5
SIM1
SIM2
SIM3
SIM4
1
21
22
SIM5
SIM1
SIM2
SIM3
SIM4
1
21
22
SIM5
SIM1
SIM2
SIM3
SIM4
1
21
22
SIM5
SIM1
SIM2
SIM3
SIM4
1
21
22
SIM5
SIM1
SIM2
SIM3
SIM4
1
21
22
SIM5
SIM1
SIM2
SIM3
SIM4
1
21
22
SIM5
SIM1
SIM2
SIM3
SIM4
1
21
22
SIM5
SIM1
SIM2
SIM3
SIM4
1
21
22
SIM5
SIM1
SIM2
SIM3
SIM4
1
21
22
SIM5
SIM1
SIM2
SIM3
SIM4
1
21
22
SIM5
SIM1
SIM2
SIM3
SIM4
1
21
22
SIM5
SIM1
SIM2
SIM3
SIM4
1
21
22
SIM5
SIM1
SIM2
SIM3
SIM4
1
21
22
SIM5
SIM1
SIM2
SIM3
SIM4
1
21
22
SIM5
SIM1
SIM2
SIM3
SIM4
1
21
22
SIM5
SIM1
SIM2
SIM3
SIM4
1
21
22
SIM5
SIM1
SIM2
SIM3
SIM4
1
21
22
SIM5
SIM1
SIM2
SIM3
SIM4
1
21
22
SIM5
SIM1
SIM2
SIM3
SIM4
1
21
22
SIM5
SIM1
SIM2
SIM3
SIM4
1
21
22
SIM5
SIM1
SIM2
SIM3
SIM4
1
21
22
SIM5
SIM1
SIM2
SIM3
SIM4
1
21
22
SIM5
SIM1
SIM2
SIM3
SIM4
1
21
22
SIM5
SIM1
SIM2
SIM3
SIM4
1
21
22
SIM5
SIM1
SIM2
SIM3
SIM4
1
21
22
SIM5
SIM1
SIM2
SIM3
SIM4
1
21
22
SIM5
SIM1
SIM2
SIM3
SIM4
1
21
22
SIM5
SIM1
SIM2
SIM3
SIM4
1
21
22
SIM5
SIM1
SIM2
SIM3
SIM4
1
21
22
SIM5
SIM1
SIM2
SIM3
SIM4
1
21
22
SIM5
SIM1
SIM2
SIM3
SIM4
1
21
22
SIM5
SIM1
SIM2
SIM3
SIM4
1
21
22
SIM5
SIM1
SIM2
SIM3
SIM4
1
21
22
SIM5
SIM1
SIM2
SIM3
SIM4
1
21
22
SIM5
SIM1
SIM2
SIM3
SIM4
1
21
22
SIM5
SIM1
SIM2
SIM3
SIM4
1
21
22
SIM5
SIM1
SIM2
SIM3
SIM4
1
21
22
SIM5
SIM1
SIM2
SIM3
SIM4
1
21
22
SIM5
SIM1
SIM2
SIM3
SIM4
1
21
22
SIM5
SIM1
SIM2
SIM3
SIM4
1
21
22
SIM5
SIM1
SIM2
SIM3
SIM4
1
21
22
SIM5
SIM1
SIM2
SIM3
SIM4
1
21
22
SIM5
SIM1
SIM2
SIM3
SIM4
1
21
22
SIM5
SIM1
SIM2
SIM3
SIM4
1
21
22
SIM5
SIM1
SIM2
SIM3
SIM4
1
21
22
SIM5
SIM1
SIM2
SIM3
SIM4
1
21
22
SIM5
SIM1
SIM2
SIM3
SIM4
1
21
22
SIM5
SIM1
SIM2
SIM3
SIM4
1
21
22
SIM5
SIM1
SIM2
SIM3
SIM4
1
21
22
SIM5
SIM1
SIM2
SIM3
SIM4
1
21
22
SIM5
SIM1
SIM2
SIM3
SIM4
1
21
22
SIM5
SIM1
SIM2
SIM3
SIM4
1
21
22
SIM5
SIM1
SIM2
SIM3
SIM4
1
21
22
SIM5
SIM1
SIM2
SIM3
SIM4
1
21
22
SIM5
SIM1
SIM2
SIM3
SIM4
1
21
22
SIM5
SIM1
SIM2
SIM3
SIM4
1
21
22
SIM5
SIM1
SIM2
SIM3
SIM4
1
21
22
SIM5
SIM1
SIM2
SIM3
SIM4
1
21
22
SIM5
SIM1
SIM2
SIM3
SIM4
1
21
22
SIM5
SIM1
SIM2
SIM3
SIM4
1
21
22
SIM5
SIM1
SIM2
SIM3
SIM4
1
21
22
SIM5
SIM1
SIM2
SIM3
SIM4
1
21
22
SIM5
SIM1
SIM2
SIM3
SIM4
1
21
22
SIM5
SIM1
SIM2
SIM3
SIM4
1
21
22
SIM5
SIM1
SIM2
SIM3
SIM4
1
21
22
SIM5
SIM1
SIM2
SIM3
SIM4
1
21
22
SIM5
SIM1
SIM2
SIM3
SIM4
1
21
22
SIM5
SIM1
SIM2
SIM3
SIM4
1
21
22
SIM5
SIM1
SIM2
SIM3
SIM4
1
21
22
SIM5
SIM1
SIM2
SIM3
SIM4
1
21
22
SIM5
SIM1
SIM2
SIM3
SIM4
1
21
22
SIM5
SIM1
SIM2
SIM3
SIM4
1
21
22
SIM5
SIM1
SIM2
SIM3
SIM4
1
21
22
SIM5
SIM1
SIM2
SIM3
SIM4
1
21
22
SIM5
SIM1
SIM2
SIM3
SIM4
1
21
22
SIM5
SIM1
SIM2
SIM3
SIM4
1
21
22
SIM5
SIM1
SIM2
SIM3
SIM4
1
21
22
SIM5
SIM1
SIM2
SIM3
SIM4
1
21
22
SIM5
SIM1
SIM2
SIM3
SIM4
1
21
22
SIM5
SIM1
SIM2
SIM3
SIM4
1
21
22
SIM5
SIM1
SIM2
SIM3
SIM4
1
21
22
SIM5
SIM1
SIM2
SIM3
SIM4
1
21
22
SIM5
SIM1
SIM2
SIM3
SIM4
1
21
22
SIM5
SIM1
SIM2
SIM3
SIM4
1
21
22
SIM5
SIM1
SIM2
SIM3
SIM4
1
21
22
SIM5
SIM1
SIM2
SIM3
SIM4
1
21
22
SIM5
SIM1
SIM2
SIM3
SIM4
1
21
22
SIM5
SIM1
SIM2
SIM3
SIM4
1
21
22
SIM5
SIM1
SIM2
SIM3
SIM4
1
21
22
SIM5
SIM1
SIM2
SIM3
SIM4
1
21
22
SIM5
SIM1
SIM2
SIM3
SIM4
1
21
22
SIM5
SIM1
SIM2
SIM3
SIM4
1
21
22
SIM5
SIM1
SIM2
SIM3
SIM4
1
21
22
SIM5
SIM1
SIM2
SIM3
SIM4
1
21
22
SIM5
SIM1
SIM2
SIM3
SIM4
1
21
22
SIM5
SIM1
SIM2
SIM3
SIM4
1
21
22
SIM5
SIM1
SIM2
SIM3
SIM4
1
21
22
SIM5
SIM1
SIM2
SIM3
SIM4
1
21
22
SIM5
SIM1
SIM2
SIM3
SIM4
1
21
22
SIM5
SIM1
SIM2
SIM3
SIM4
1
21
22
SIM5
SIM1
SIM2
SIM3
SIM4
1
21
22
SIM5
SIM1
SIM2
SIM3
SIM4
1
21
22
SIM5
SIM1
SIM2
SIM3
SIM4
1
21
22
SIM5
SIM1
SIM2
SIM3
SIM4
1
21
22
SIM5
SIM1
SIM2
SIM3
SIM4
1
21
22
SIM5
SIM1
SIM2
SIM3
SIM4
1
21
22
SIM5
SIM1
SIM2
SIM3
SIM4
1
21
22
SIM5
SIM1
SIM2
SIM3
SIM4
1
21
22
SIM5
SIM1
SIM2
SIM3
SIM4
1
21
22
SIM5
SIM1
SIM2
SIM3
SIM4
1
21
22
SIM5
SIM1
SIM2
SIM3
SIM4
1
21
22
SIM5
SIM1
SIM2
SIM3
SIM4
1
21
22
SIM5
SIM1
SIM2
SIM3
SIM4
1
21
22
SIM5
SIM1
SIM2
SIM3
SIM4
1
21
22
SIM5
SIM1
SIM2
SIM3
SIM4
1
21
22
SIM5
SIM1
SIM2
SIM3
SIM4
1
21
22
SIM5
SIM1
SIM2
SIM3
SIM4
1
21
22
SIM5
SIM1
SIM2
SIM3
SIM4
1
21
22
SIM5
SIM1
SIM2
SIM3
SIM4
1
21
22
SIM5
SIM1
SIM2
SIM3
SIM4
1
21
22
SIM5
SIM1
SIM2
SIM3
SIM4
1
21
22
SIM5
SIM1
SIM2
SIM3
SIM4
1
21
22
SIM5
SIM1
SIM2
SIM3
SIM4
1
21
22
SIM5
SIM1
SIM2
SIM3
SIM4
1
21
22
SIM5
SIM1
SIM2
SIM3
SIM4
1
21
22
SIM5
SIM1
SIM2
SIM3
SIM4
1
21
22
SIM5
SIM1
SIM2
SIM3
SIM4
1
21
22
SIM5
SIM1
SIM2
SIM3
SIM4
1
21
22
SIM5
SIM1
SIM2
SIM3
SIM4
1
21
22
SIM5
SIM1
SIM2
SIM3
SIM4
1
21
22
SIM5
SIM1
SIM2
SIM3
SIM4
1
21
22
SIM5
SIM1
SIM2
SIM3
SIM4
1
21
22
SIM5
SIM1
SIM2
SIM3
SIM4
1
21
22
SIM5
SIM1
SIM2
SIM3
SIM4
1
21
22
SIM5
SIM1
SIM2
SIM3
SIM4
1
21
22
SIM5
SIM1
SIM2
SIM3
SIM4
1
21
22
SIM5
SIM1
SIM2
SIM3
SIM4
1
21
22
SIM5
SIM1
SIM2
SIM3
SIM4
1
21
22
SIM5
SIM1
SIM2
SIM3
SIM4
1
21
22
SIM5
SIM1
SIM2
SIM3
SIM4
1
21
22
SIM5
SIM1
SIM2
SIM3
SIM4
1
21
22
SIM5
SIM1
SIM2
SIM3
SIM4
1
21
22
SIM5
SIM1
SIM2
SIM3
SIM4
1
21
22
SIM5
SIM1
SIM2
SIM3
SIM4
1
21
22
SIM5
SIM1
SIM2
SIM3
SIM4
1
21
22
SIM5
SIM1
SIM2
SIM3
SIM4
1
21
22
SIM5
SIM1
SIM2
SIM3
SIM4
1
21
22
SIM5
SIM1
SIM2
SIM3
SIM4
1
21
22
SIM5
SIM1
SIM2
SIM3
SIM4
1
21
22
SIM5
SIM1
SIM2
SIM3
SIM4
1
21
22
SIM5
SIM1
SIM2
SIM3
SIM4
1
21
22
SIM5
SIM1
SIM2
SIM3
SIM4
1
21
22
SIM5
SIM1
SIM2
SIM3
SIM4
1
21
22
SIM5
SIM1
SIM2
SIM3
SIM4
1
21
22
SIM5
SIM1
SIM2
SIM3
SIM4
1
21
22
SIM5
SIM1
SIM2
SIM3
SIM4
1
21
22
SIM5
SIM1
SIM2
SIM3
SIM4
1
21
22
SIM5
SIM1
SIM2
SIM3
SIM4
1
21
22
SIM5
SIM1
SIM2
SIM3
SIM4
1
21
22
SIM5
SIM1
SIM2
SIM3
SIM4
1
21
22
SIM5
SIM1
SIM2
SIM3
SIM4
1
21
22
SIM5
SIM1
SIM2
SIM3
SIM4
1
21
22
SIM5
SIM1
SIM2
SIM3
SIM4
1
21
22
SIM5
SIM1
SIM2
SIM3
SIM4
1
21
22
SIM5
SIM1
SIM2
SIM3
SIM4
1
21
22
SIM5
SIM1
SIM2
SIM3
SIM4
1
21
22
SIM5
SIM1
SIM2
SIM3
SIM4
1
21
22
SIM5
SIM1
SIM2
SIM3
SIM4
1
21
22
SIM5
SIM1
SIM2
SIM3
SIM4
1
21
22
SIM5
SIM1
SIM2
SIM3
SIM4
1
21
22
SIM5
SIM1
SIM2
SIM3
SIM4
1
21
22
SIM5
SIM1
SIM2
SIM3
SIM4
1
21
22
SIM5
SIM1
SIM2
SIM3
SIM4
1
21
22
SIM5
SIM1
SIM2
SIM3
SIM4
1
21
22
SIM5
SIM1
SIM2
SIM3
SIM4
1
21
22
SIM5
SIM1
SIM2
SIM3
SIM4
1
21
22
SIM5
SIM1
SIM2
SIM3
SIM4
1
21
22
SIM5
SIM1
SIM2
SIM3
SIM4
1
21
22
SIM5
SIM1
SIM2
SIM3
SIM4
1
21
22
SIM5
SIM1
SIM2
SIM3
SIM4
1
21
22
SIM5
SIM1
SIM2
SIM3
SIM4
1
21
22
SIM5
SIM1
SIM2
SIM3
SIM4
1
21
22
SIM5
SIM1
SIM2
SIM3
SIM4
1
21
22
SIM5
SIM1
SIM2
SIM3
SIM4
1
21
22
SIM5
SIM1
SIM2
SIM3
SIM4
1
21
22
SIM5
SIM1
SIM2
SIM3
SIM4
1
21
22
SIM5
SIM1
SIM2
SIM3
SIM4
1
21
22
SIM5
SIM1
SIM2
SIM3
SIM4
1
21
22
SIM5
SIM1
SIM2
SIM3
SIM4
1
21
22
SIM5
SIM1
SIM2
SIM3
SIM4
1
21
22
SIM5
SIM1
SIM2
SIM3
SIM4
1
21
22
SIM5
SIM1
SIM2
SIM3
SIM4
1
21
22
SIM5
SIM1
SIM2
SIM3
SIM4
1
21
22
SIM5
SIM1
SIM2
SIM3
SIM4
1
21
22
SIM5
SIM1
SIM2
SIM3
SIM4
1
21
22
SIM5
SIM1
SIM2
SIM3
SIM4
1
21
22
SIM5
SIM1
SIM2
SIM3
SIM4
1
21
22
SIM5
SIM1
SIM2
SIM3
SIM4
1
21
22
SIM5
SIM1
SIM2
SIM3
SIM4
1
21
22
SIM5
SIM1
SIM2
DEBUG 1 533
SIM1
SIM2
SIM3
SIM4
1
21
22
SIM5
SIM1
SIM2
SIM3
SIM4
1
21
22
SIM5
SIM1
SIM2
SIM3
SIM4
1
21
22
SIM5
SIM1
SIM2
SIM3
SIM4
1
21
22
SIM5
SIM1
SIM2
SIM3
SIM4
1
21
22
SIM5
SIM1
SIM2
SIM3
SIM4
1
21
22
SIM5
SIM1
SIM2
SIM3
SIM4
1
21
22
SIM5
SIM1
SIM2
SIM3
SIM4
1
21
22
SIM5
SIM1
SIM2
SIM3
SIM4
1
21
22
SIM5
SIM1
SIM2
SIM3
SIM4
1
21
22
SIM5
SIM1
SIM2
SIM3
SIM4
1
21
22
SIM5
SIM1
SIM2
SIM3
SIM4
1
21
22
SIM5
SIM1
SIM2
SIM3
SIM4
1
21
22
SIM5
SIM1
SIM2
SIM3
SIM4
1
21
22
SIM5
SIM1
SIM2
SIM3
SIM4
1
21
22
SIM5
SIM1
SIM2
SIM3
SIM4
1
21
22
SIM5
SIM1
SIM2
SIM3
SIM4
1
21
22
SIM5
SIM1
SIM2
SIM3
SIM4
1
21
22
SIM5
SIM1
SIM2
SIM3
SIM4
1
21
22
SIM5
SIM1
SIM2
SIM3
SIM4
1
21
22
SIM5
SIM1
SIM2
SIM3
SIM4
1
21
22
SIM5
SIM1
SIM2
SIM3
SIM4
1
21
22
SIM5
SIM1
SIM2
SIM3
SIM4
1
21
22
SIM5
SIM1
SIM2
SIM3
SIM4
1
21
22
SIM5
SIM1
SIM2
SIM3
SIM4
1
21
22
SIM5
SIM1
SIM2
SIM3
SIM4
1
21
22
SIM5
SIM1
SIM2
SIM3
SIM4
1
21
22
SIM5
SIM1
SIM2
SIM3
SIM4
1
21
22
SIM5
SIM1
SIM2
SIM3
SIM4
1
21
22
SIM5
SIM1
SIM2
SIM3
SIM4
1
21
22
SIM5
SIM1
SIM2
SIM3
SIM4
1
21
22
SIM5
SIM1
SIM2
SIM3
SIM4
1
21
22
SIM5
SIM1
SIM2
SIM3
SIM4
1
21
22
SIM5
SIM1
SIM2
SIM3
SIM4
1
21
22
SIM5
SIM1
SIM2
SIM3
SIM4
1
21
22
SIM5
SIM1
SIM2
SIM3
SIM4
1
21
22
SIM5
SIM1
SIM2
SIM3
SIM4
1
21
22
SIM5
SIM1
SIM2
SIM3
SIM4
1
21
22
SIM5
SIM1
SIM2
SIM3
SIM4
1
21
22
SIM5
SIM1
SIM2
SIM3
SIM4
1
21
22
SIM5
SIM1
SIM2
SIM3
SIM4
1
21
22
SIM5
SIM1
SIM2
SIM3
SIM4
1
21
22
SIM5
SIM1
SIM2
SIM3
SIM4
1
21
22
SIM5
SIM1
SIM2
SIM3
SIM4
1
21
22
SIM5
SIM1
SIM2
SIM3
SIM4
1
21
22
SIM5
SIM1
SIM2
SIM3
SIM4
1
21
22
SIM5
SIM1
SIM2
SIM3
SIM4
1
21
22
SIM5
SIM1
SIM2
SIM3
SIM4
1
21
22
SIM5
SIM1
SIM2
SIM3
SIM4
1
21
22
SIM5
SIM1
SIM2
SIM3
SIM4
1
21
22
SIM5
SIM1
SIM2
SIM3
SIM4
1
21
22
SIM5
SIM1
SIM2
SIM3
SIM4
1
21
22
SIM5
SIM1
SIM2
SIM3
SIM4
1
21
22
SIM5
SIM1
SIM2
SIM3
SIM4
1
21
22
SIM5
SIM1
SIM2
SIM3
SIM4
1
21
22
SIM5
SIM1
SIM2
SIM3
SIM4
1
21
22
SIM5
SIM1
SIM2
SIM3
SIM4
1
21
22
SIM5
SIM1
SIM2
SIM3
SIM4
1
21
22
SIM5
SIM1
SIM2
SIM3
SIM4
1
21
22
SIM5
SIM1
SIM2
SIM3
SIM4
1
21
22
SIM5
SIM1
SIM2
SIM3
SIM4
1
21
22
SIM5
SIM1
SIM2
SIM3
SIM4
1
21
22
SIM5
SIM1
SIM2
SIM3
SIM4
1
21
22
SIM5
SIM1
SIM2
SIM3
SIM4
1
21
22
SIM5
SIM1
SIM2
SIM3
SIM4
1
21
22
SIM5
SIM1
SIM2
SIM3
SIM4
1
21
22
SIM5
SIM1
SIM2
SIM3
SIM4
1
21
22
SIM5
SIM1
SIM2
SIM3
SIM4
1
21
22
SIM5
SIM1
SIM2
SIM3
SIM4
1
21
22
SIM5
SIM1
SIM2
SIM3
SIM4
1
21
22
SIM5
SIM1
SIM2
SIM3
SIM4
1
21
22
SIM5
SIM1
SIM2
SIM3
SIM4
1
21
22
SIM5
SIM1
SIM2
SIM3
SIM4
1
21
22
SIM5
SIM1
SIM2
SIM3
SIM4
1
21
22
SIM5
SIM1
SIM2
SIM3
SIM4
1
21
22
SIM5
SIM1
SIM2
SIM3
SIM4
1
21
22
SIM5
SIM1
SIM2
SIM3
SIM4
1
21
22
SIM5
SIM1
SIM2
SIM3
SIM4
1
21
22
SIM5
SIM1
SIM2
SIM3
SIM4
1
21
22
SIM5
SIM1
SIM2
SIM3
SIM4
1
21
22
SIM5
SIM1
SIM2
SIM3
SIM4
1
21
22
SIM5
SIM1
SIM2
SIM3
SIM4
1
21
22
SIM5
SIM1
SIM2
SIM3
SIM4
1
21
22
SIM5
SIM1
SIM2
SIM3
SIM4
1
21
22
SIM5
SIM1
SIM2
SIM3
SIM4
1
21
22
SIM5
SIM1
SIM2
SIM3
SIM4
1
21
22
SIM5
SIM1
SIM2
SIM3
SIM4
1
21
22
SIM5
SIM1
SIM2
SIM3
SIM4
1
21
22
SIM5
SIM1
SIM2
SIM3
SIM4
1
21
22
SIM5
SIM1
SIM2
SIM3
SIM4
1
21
22
SIM5
SIM1
SIM2
SIM3
SIM4
1
21
22
SIM5
SIM1
SIM2
SIM3
SIM4
1
21
22
SIM5
SIM1
SIM2
SIM3
SIM4
1
21
22
SIM5
SIM1
SIM2
SIM3
SIM4
1
21
22
SIM5
SIM1
SIM2
SIM3
SIM4
1
21
22
SIM5
SIM1
SIM2
SIM3
SIM4
1
21
22
SIM5
SIM1
SIM2
SIM3
SIM4
1
21
22
SIM5
SIM1
SIM2
SIM3
SIM4
1
21
22
SIM5
SIM1
SIM2
SIM3
SIM4
1
21
22
SIM5
SIM1
SIM2
SIM3
SIM4
1
21
22
SIM5
SIM1
SIM2
SIM3
SIM4
1
21
22
SIM5
SIM1
SIM2
SIM3
SIM4
1
21
22
SIM5
SIM1
SIM2
SIM3
SIM4
1
21
22
SIM5
SIM1
SIM2
SIM3
SIM4
1
21
22
SIM5
SIM1
SIM2
SIM3
SIM4
1
21
22
SIM5
SIM1
SIM2
SIM3
SIM4
1
21
22
SIM5
SIM1
SIM2
SIM3
SIM4
1
21
22
SIM5
SIM1
SIM2
SIM3
SIM4
1
21
22
SIM5
SIM1
SIM2
SIM3
SIM4
1
21
22
SIM5
SIM1
SIM2
SIM3
SIM4
1
21
22
SIM5
SIM1
SIM2
SIM3
SIM4
1
21
22
SIM5
SIM1
SIM2
SIM3
SIM4
1
21
22
SIM5
SIM1
SIM2
SIM3
SIM4
1
21
22
SIM5
SIM1
SIM2
SIM3
SIM4
1
21
22
SIM5
SIM1
SIM2
SIM3
SIM4
1
21
22
SIM5
SIM1
SIM2
SIM3
SIM4
1
21
22
SIM5
SIM1
SIM2
SIM3
SIM4
1
21
22
SIM5
SIM1
SIM2
SIM3
SIM4
1
21
22
SIM5
SIM1
SIM2
SIM3
SIM4
1
21
22
SIM5
SIM1
SIM2
SIM3
SIM4
1
21
22
SIM5
SIM1
SIM2
SIM3
SIM4
1
21
22
SIM5
SIM1
SIM2
SIM3
SIM4
1
21
22
SIM5
SIM1
SIM2
SIM3
SIM4
1
21
22
SIM5
SIM1
SIM2
SIM3
SIM4
1
21
22
SIM5
SIM1
SIM2
SIM3
SIM4
1
21
22
SIM5
SIM1
SIM2
SIM3
SIM4
1
21
22
SIM5
SIM1
SIM2
SIM3
SIM4
1
21
22
SIM5
SIM1
SIM2
SIM3
SIM4
1
21
22
SIM5
SIM1
SIM2
SIM3
SIM4
1
21
22
SIM5
SIM1
SIM2
SIM3
SIM4
1
21
22
SIM5
SIM1
SIM2
SIM3
SIM4
1
21
22
SIM5
SIM1
SIM2
SIM3
SIM4
1
21
22
SIM5
SIM1
SIM2
SIM3
SIM4
1
21
22
SIM5
SIM1
SIM2
SIM3
SIM4
1
21
22
SIM5
SIM1
SIM2
SIM3
SIM4
1
21
22
SIM5
SIM1
SIM2
SIM3
SIM4
1
21
22
SIM5
SIM1
SIM2
SIM3
SIM4
1
21
22
SIM5
SIM1
SIM2
SIM3
SIM4
1
21
22
SIM5
SIM1
SIM2
SIM3
SIM4
1
21
22
SIM5
SIM1
SIM2
SIM3
SIM4
1
21
22
SIM5
SIM1
SIM2
SIM3
SIM4
1
21
22
SIM5
SIM1
SIM2
SIM3
SIM4
1
21
22
SIM5
SIM1
SIM2
SIM3
SIM4
1
21
22
SIM5
SIM1
SIM2
SIM3
SIM4
1
21
22
SIM5
SIM1
SIM2
SIM3
SIM4
1
21
22
SIM5
SIM1
SIM2
SIM3
SIM4
1
21
22
SIM5
SIM1
SIM2
SIM3
SIM4
1
21
22
SIM5
SIM1
SIM2
SIM3
SIM4
1
21
22
SIM5
SIM1
SIM2
SIM3
SIM4
1
21
22
SIM5
SIM1
SIM2
SIM3
SIM4
1
21
22
SIM5
SIM1
SIM2
SIM3
SIM4
1
21
22
SIM5
SIM1
SIM2
SIM3
SIM4
1
21
22
SIM5
SIM1
SIM2
SIM3
SIM4
1
21
22
SIM5
SIM1
SIM2
SIM3
SIM4
1
21
22
SIM5
SIM1
SIM2
SIM3
SIM4
1
21
22
SIM5
SIM1
SIM2
SIM3
SIM4
1
21
22
SIM5
SIM1
SIM2
SIM3
SIM4
1
21
22
SIM5
SIM1
SIM2
SIM3
SIM4
1
21
22
SIM5
SIM1
SIM2
SIM3
SIM4
1
21
22
SIM5
SIM1
SIM2
SIM3
SIM4
1
21
22
SIM5
SIM1
SIM2
SIM3
SIM4
1
21
22
SIM5
SIM1
SIM2
SIM3
SIM4
1
21
22
SIM5
SIM1
SIM2
SIM3
SIM4
1
21
22
SIM5
SIM1
SIM2
SIM3
SIM4
1
21
22
SIM5
SIM1
SIM2
SIM3
SIM4
1
21
22
SIM5
SIM1
SIM2
SIM3
SIM4
1
21
22
SIM5
SIM1
SIM2
SIM3
SIM4
1
21
22
SIM5
SIM1
SIM2
SIM3
SIM4
1
21
22
SIM5
SIM1
SIM2
SIM3
SIM4
1
21
22
SIM5
SIM1
SIM2
SIM3
SIM4
1
21
22
SIM5
SIM1
SIM2
SIM3
SIM4
1
21
22
SIM5
SIM1
SIM2
SIM3
SIM4
1
21
22
SIM5
SIM1
SIM2
SIM3
SIM4
1
21
22
SIM5
SIM1
SIM2
SIM3
SIM4
1
21
22
SIM5
SIM1
SIM2
SIM3
SIM4
1
21
22
SIM5
SIM1
SIM2
SIM3
SIM4
1
21
22
SIM5
SIM1
SIM2
SIM3
SIM4
1
21
22
SIM5
SIM1
SIM2
SIM3
SIM4
1
21
22
SIM5
SIM1
SIM2
SIM3
SIM4
1
21
22
SIM5
SIM1
SIM2
SIM3
SIM4
1
21
22
SIM5
SIM1
SIM2
SIM3
SIM4
1
21
22
SIM5
SIM1
SIM2
SIM3
SIM4
1
21
22
SIM5
SIM1
SIM2
SIM3
SIM4
1
21
22
SIM5
SIM1
SIM2
SIM3
SIM4
1
21
22
SIM5
SIM1
SIM2
SIM3
SIM4
1
21
22
SIM5
SIM1
SIM2
SIM3
SIM4
1
21
22
SIM5
SIM1
SIM2
SIM3
SIM4
1
21
22
SIM5
SIM1
SIM2
SIM3
SIM4
1
21
22
SIM5
SIM1
SIM2
SIM3
SIM4
1
21
22
SIM5
SIM1
SIM2
SIM3
SIM4
1
21
22
SIM5
SIM1
SIM2
SIM3
SIM4
1
21
22
SIM5
SIM1
SIM2
SIM3
SIM4
1
21
22
SIM5
SIM1
SIM2
SIM3
SIM4
1
21
22
SIM5
SIM1
SIM2
SIM3
SIM4
1
21
22
SIM5
SIM1
SIM2
SIM3
SIM4
1
21
22
SIM5
SIM1
SIM2
SIM3
SIM4
1
21
22
SIM5
SIM1
SIM2
SIM3
SIM4
1
21
22
SIM5
SIM1
SIM2
SIM3
SIM4
1
21
22
SIM5
SIM1
SIM2
SIM3
SIM4
1
21
22
SIM5
SIM1
SIM2
SIM3
SIM4
1
21
22
SIM5
SIM1
SIM2
SIM3
SIM4
1
21
22
SIM5
SIM1
SIM2
SIM3
SIM4
1
21
22
SIM5
SIM1
SIM2
SIM3
SIM4
1
21
22
SIM5
SIM1
SIM2
SIM3
SIM4
1
21
22
SIM5
SIM1
SIM2
SIM3
SIM4
1
21
22
SIM5
SIM1
SIM2
SIM3
SIM4
1
21
22
SIM5
SIM1
SIM2
SIM3
SIM4
1
21
22
SIM5
SIM1
SIM2
SIM3
SIM4
1
21
22
SIM5
SIM1
SIM2
DEBUG 1 534
SIM1
SIM2
SIM3
SIM4
1
21
22
SIM5
SIM1
SIM2
SIM3
SIM4
1
21
22
SIM5
SIM1
SIM2
SIM3
SIM4
1
21
22
SIM5
SIM1
SIM2
SIM3
SIM4
1
21
22
SIM5
SIM1
SIM2
SIM3
SIM4
1
21
22
SIM5
SIM1
SIM2
SIM3
SIM4
1
21
22
SIM5
SIM1
SIM2
SIM3
SIM4
1
21
22
SIM5
SIM1
SIM2
SIM3
SIM4
1
21
22
SIM5
SIM1
SIM2
SIM3
SIM4
1
21
22
SIM5
SIM1
SIM2
SIM3
SIM4
1
21
22
SIM5
SIM1
SIM2
SIM3
SIM4
1
21
22
SIM5
SIM1
SIM2
SIM3
SIM4
1
21
22
SIM5
SIM1
SIM2
SIM3
SIM4
1
21
22
SIM5
SIM1
SIM2
SIM3
SIM4
1
21
22
SIM5
SIM1
SIM2
SIM3
SIM4
1
21
22
SIM5
SIM1
SIM2
SIM3
SIM4
1
21
22
SIM5
SIM1
SIM2
SIM3
SIM4
1
21
22
SIM5
SIM1
SIM2
SIM3
SIM4
1
21
22
SIM5
SIM1
SIM2
SIM3
SIM4
1
21
22
SIM5
SIM1
SIM2
SIM3
SIM4
1
21
22
SIM5
SIM1
SIM2
SIM3
SIM4
1
21
22
SIM5
SIM1
SIM2
SIM3
SIM4
1
21
22
SIM5
SIM1
SIM2
SIM3
SIM4
1
21
22
SIM5
SIM1
SIM2
SIM3
SIM4
1
21
22
SIM5
SIM1
SIM2
SIM3
SIM4
1
21
22
SIM5
SIM1
SIM2
SIM3
SIM4
1
21
22
SIM5
SIM1
SIM2
SIM3
SIM4
1
21
22
SIM5
SIM1
SIM2
SIM3
SIM4
1
21
22
SIM5
SIM1
SIM2
SIM3
SIM4
1
21
22
SIM5
SIM1
SIM2
SIM3
SIM4
1
21
22
SIM5
SIM1
SIM2
SIM3
SIM4
1
21
22
SIM5
SIM1
SIM2
SIM3
SIM4
1
21
22
SIM5
SIM1
SIM2
SIM3
SIM4
1
21
22
SIM5
SIM1
SIM2
SIM3
SIM4
1
21
22
SIM5
SIM1
SIM2
SIM3
SIM4
1
21
22
SIM5
SIM1
SIM2
SIM3
SIM4
1
21
22
SIM5
SIM1
SIM2
SIM3
SIM4
1
21
22
SIM5
SIM1
SIM2
SIM3
SIM4
1
21
22
SIM5
SIM1
SIM2
SIM3
SIM4
1
21
22
SIM5
SIM1
SIM2
SIM3
SIM4
1
21
22
SIM5
SIM1
SIM2
SIM3
SIM4
1
21
22
SIM5
SIM1
SIM2
SIM3
SIM4
1
21
22
SIM5
SIM1
SIM2
SIM3
SIM4
1
21
22
SIM5
SIM1
SIM2
SIM3
SIM4
1
21
22
SIM5
SIM1
SIM2
SIM3
SIM4
1
21
22
SIM5
SIM1
SIM2
SIM3
SIM4
1
21
22
SIM5
SIM1
SIM2
SIM3
SIM4
1
21
22
SIM5
SIM1
SIM2
SIM3
SIM4
1
21
22
SIM5
SIM1
SIM2
SIM3
SIM4
1
21
22
SIM5
SIM1
SIM2
SIM3
SIM4
1
21
22
SIM5
SIM1
SIM2
SIM3
SIM4
1
21
22
SIM5
SIM1
SIM2
SIM3
SIM4
1
21
22
SIM5
SIM1
SIM2
SIM3
SIM4
1
21
22
SIM5
SIM1
SIM2
SIM3
SIM4
1
21
22
SIM5
SIM1
SIM2
SIM3
SIM4
1
21
22
SIM5
SIM1
SIM2
SIM3
SIM4
1
21
22
SIM5
SIM1
SIM2
SIM3
SIM4
1
21
22
SIM5
SIM1
SIM2
SIM3
SIM4
1
21
22
SIM5
SIM1
SIM2
SIM3
SIM4
1
21
22
SIM5
SIM1
SIM2
SIM3
SIM4
1
21
22
SIM5
SIM1
SIM2
SIM3
SIM4
1
21
22
SIM5
SIM1
SIM2
SIM3
SIM4
1
21
22
SIM5
SIM1
SIM2
SIM3
SIM4
1
21
22
SIM5
SIM1
SIM2
SIM3
SIM4
1
21
22
SIM5
SIM1
SIM2
SIM3
SIM4
1
21
22
SIM5
SIM1
SIM2
SIM3
SIM4
1
21
22
SIM5
SIM1
SIM2
SIM3
SIM4
1
21
22
SIM5
SIM1
SIM2
SIM3
SIM4
1
21
22
SIM5
SIM1
SIM2
SIM3
SIM4
1
21
22
SIM5
SIM1
SIM2
SIM3
SIM4
1
21
22
SIM5
SIM1
SIM2
SIM3
SIM4
1
21
22
SIM5
SIM1
SIM2
SIM3
SIM4
1
21
22
SIM5
SIM1
SIM2
SIM3
SIM4
1
21
22
SIM5
SIM1
SIM2
SIM3
SIM4
1
21
22
SIM5
SIM1
SIM2
SIM3
SIM4
1
21
22
SIM5
SIM1
SIM2
SIM3
SIM4
1
21
22
SIM5
SIM1
SIM2
SIM3
SIM4
1
21
22
SIM5
SIM1
SIM2
SIM3
SIM4
1
21
22
SIM5
SIM1
SIM2
SIM3
SIM4
1
21
22
SIM5
SIM1
SIM2
SIM3
SIM4
1
21
22
SIM5
SIM1
SIM2
SIM3
SIM4
1
21
22
SIM5
SIM1
SIM2
SIM3
SIM4
1
21
22
SIM5
SIM1
SIM2
SIM3
SIM4
1
21
22
SIM5
SIM1
SIM2
SIM3
SIM4
1
21
22
SIM5
SIM1
SIM2
SIM3
SIM4
1
21
22
SIM5
SIM1
SIM2
SIM3
SIM4
1
21
22
SIM5
SIM1
SIM2
SIM3
SIM4
1
21
22
SIM5
SIM1
SIM2
SIM3
SIM4
1
21
22
SIM5
SIM1
SIM2
SIM3
SIM4
1
21
22
SIM5
SIM1
SIM2
SIM3
SIM4
1
21
22
SIM5
SIM1
SIM2
SIM3
SIM4
1
21
22
SIM5
SIM1
SIM2
SIM3
SIM4
1
21
22
SIM5
SIM1
SIM2
SIM3
SIM4
1
21
22
SIM5
SIM1
SIM2
SIM3
SIM4
1
21
22
SIM5
SIM1
SIM2
SIM3
SIM4
1
21
22
SIM5
SIM1
SIM2
SIM3
SIM4
1
21
22
SIM5
SIM1
SIM2
SIM3
SIM4
1
21
22
SIM5
SIM1
SIM2
SIM3
SIM4
1
21
22
SIM5
SIM1
SIM2
SIM3
SIM4
1
21
22
SIM5
SIM1
SIM2
SIM3
SIM4
1
21
22
SIM5
SIM1
SIM2
SIM3
SIM4
1
21
22
SIM5
SIM1
SIM2
SIM3
SIM4
1
21
22
SIM5
SIM1
SIM2
SIM3
SIM4
1
21
22
SIM5
SIM1
SIM2
SIM3
SIM4
1
21
22
SIM5
SIM1
SIM2
SIM3
SIM4
1
21
22
SIM5
SIM1
SIM2
SIM3
SIM4
1
21
22
SIM5
SIM1
SIM2
SIM3
SIM4
1
21
22
SIM5
SIM1
SIM2
SIM3
SIM4
1
21
22
SIM5
SIM1
SIM2
SIM3
SIM4
1
21
22
SIM5
SIM1
SIM2
SIM3
SIM4
1
21
22
SIM5
SIM1
SIM2
SIM3
SIM4
1
21
22
SIM5
SIM1
SIM2
SIM3
SIM4
1
21
22
SIM5
SIM1
SIM2
SIM3
SIM4
1
21
22
SIM5
SIM1
SIM2
SIM3
SIM4
1
21
22
SIM5
SIM1
SIM2
SIM3
SIM4
1
21
22
SIM5
SIM1
SIM2
SIM3
SIM4
1
21
22
SIM5
SIM1
SIM2
SIM3
SIM4
1
21
22
SIM5
SIM1
SIM2
SIM3
SIM4
1
21
22
SIM5
SIM1
SIM2
SIM3
SIM4
1
21
22
SIM5
SIM1
SIM2
SIM3
SIM4
1
21
22
SIM5
SIM1
SIM2
SIM3
SIM4
1
21
22
SIM5
SIM1
SIM2
SIM3
SIM4
1
21
22
SIM5
SIM1
SIM2
SIM3
SIM4
1
21
22
SIM5
SIM1
SIM2
SIM3
SIM4
1
21
22
SIM5
SIM1
SIM2
SIM3
SIM4
1
21
22
SIM5
SIM1
SIM2
SIM3
SIM4
1
21
22
SIM5
SIM1
SIM2
SIM3
SIM4
1
21
22
SIM5
SIM1
SIM2
SIM3
SIM4
1
21
22
SIM5
SIM1
SIM2
SIM3
SIM4
1
21
22
SIM5
SIM1
SIM2
SIM3
SIM4
1
21
22
SIM5
SIM1
SIM2
SIM3
SIM4
1
21
22
SIM5
SIM1
SIM2
SIM3
SIM4
1
21
22
SIM5
SIM1
SIM2
SIM3
SIM4
1
21
22
SIM5
SIM1
SIM2
SIM3
SIM4
1
21
22
SIM5
SIM1
SIM2
SIM3
SIM4
1
21
22
SIM5
SIM1
SIM2
SIM3
SIM4
1
21
22
SIM5
SIM1
SIM2
SIM3
SIM4
1
21
22
SIM5
SIM1
SIM2
SIM3
SIM4
1
21
22
SIM5
SIM1
SIM2
SIM3
SIM4
1
21
22
SIM5
SIM1
SIM2
SIM3
SIM4
1
21
22
SIM5
SIM1
SIM2
SIM3
SIM4
1
21
22
SIM5
SIM1
SIM2
SIM3
SIM4
1
21
22
SIM5
SIM1
SIM2
SIM3
SIM4
1
21
22
SIM5
SIM1
SIM2
SIM3
SIM4
1
21
22
SIM5
SIM1
SIM2
SIM3
SIM4
1
21
22
SIM5
SIM1
SIM2
SIM3
SIM4
1
21
22
SIM5
SIM1
SIM2
SIM3
SIM4
1
21
22
SIM5
SIM1
SIM2
SIM3
SIM4
1
21
22
SIM5
SIM1
SIM2
SIM3
SIM4
1
21
22
SIM5
SIM1
SIM2
SIM3
SIM4
1
21
22
SIM5
SIM1
SIM2
SIM3
SIM4
1
21
22
SIM5
SIM1
SIM2
SIM3
SIM4
1
21
22
SIM5
SIM1
SIM2
SIM3
SIM4
1
21
22
SIM5
SIM1
SIM2
SIM3
SIM4
1
21
22
SIM5
SIM1
SIM2
SIM3
SIM4
1
21
22
SIM5
SIM1
SIM2
SIM3
SIM4
1
21
22
SIM5
SIM1
SIM2
SIM3
SIM4
1
21
22
SIM5
SIM1
SIM2
SIM3
SIM4
1
21
22
SIM5
SIM1
SIM2
SIM3
SIM4
1
21
22
SIM5
SIM1
SIM2
SIM3
SIM4
1
21
22
SIM5
SIM1
SIM2
SIM3
SIM4
1
21
22
SIM5
SIM1
SIM2
SIM3
SIM4
1
21
22
SIM5
SIM1
SIM2
SIM3
SIM4
1
21
22
SIM5
SIM1
SIM2
SIM3
SIM4
1
21
22
SIM5
SIM1
SIM2
SIM3
SIM4
1
21
22
SIM5
SIM1
SIM2
SIM3
SIM4
1
21
22
SIM5
SIM1
SIM2
SIM3
SIM4
1
21
22
SIM5
SIM1
SIM2
SIM3
SIM4
1
21
22
SIM5
SIM1
SIM2
SIM3
SIM4
1
21
22
SIM5
SIM1
SIM2
SIM3
SIM4
1
21
22
SIM5
SIM1
SIM2
SIM3
SIM4
1
21
22
SIM5
SIM1
SIM2
SIM3
SIM4
1
21
22
SIM5
SIM1
SIM2
SIM3
SIM4
1
21
22
SIM5
SIM1
SIM2
SIM3
SIM4
1
21
22
SIM5
SIM1
SIM2
SIM3
SIM4
1
21
22
SIM5
SIM1
SIM2
SIM3
SIM4
1
21
22
SIM5
SIM1
SIM2
DEBUG 1 535
SIM1
SIM2
SIM3
SIM4
1
21
22
SIM5
SIM1
SIM2
SIM3
SIM4
1
21
22
SIM5
SIM1
SIM2
SIM3
SIM4
1
21
22
SIM5
SIM1
SIM2
SIM3
SIM4
1
21
22
SIM5
SIM1
SIM2
SIM3
SIM4
1
21
22
SIM5
SIM1
SIM2
SIM3
SIM4
1
21
22
SIM5
SIM1
SIM2
SIM3
SIM4
1
21
22
SIM5
SIM1
SIM2
SIM3
SIM4
1
21
22
SIM5
SIM1
SIM2
SIM3
SIM4
1
21
22
SIM5
SIM1
SIM2
SIM3
SIM4
1
21
22
SIM5
SIM1
SIM2
SIM3
SIM4
1
21
22
SIM5
SIM1
SIM2
SIM3
SIM4
1
21
22
SIM5
SIM1
SIM2
SIM3
SIM4
1
21
22
SIM5
SIM1
SIM2
SIM3
SIM4
1
21
22
SIM5
SIM1
SIM2
SIM3
SIM4
1
21
22
SIM5
SIM1
SIM2
SIM3
SIM4
1
21
22
SIM5
SIM1
SIM2
SIM3
SIM4
1
21
22
SIM5
SIM1
SIM2
SIM3
SIM4
1
21
22
SIM5
SIM1
SIM2
SIM3
SIM4
1
21
22
SIM5
SIM1
SIM2
SIM3
SIM4
1
21
22
SIM5
SIM1
SIM2
SIM3
SIM4
1
21
22
SIM5
SIM1
SIM2
SIM3
SIM4
1
21
22
SIM5
SIM1
SIM2
SIM3
SIM4
1
21
22
SIM5
SIM1
SIM2
SIM3
SIM4
1
21
22
SIM5
SIM1
SIM2
SIM3
SIM4
1
21
22
SIM5
SIM1
SIM2
SIM3
SIM4
1
21
22
SIM5
SIM1
SIM2
SIM3
SIM4
1
21
22
SIM5
SIM1
SIM2
SIM3
SIM4
1
21
22
SIM5
SIM1
SIM2
SIM3
SIM4
1
21
22
SIM5
SIM1
SIM2
SIM3
SIM4
1
21
22
SIM5
SIM1
SIM2
SIM3
SIM4
1
21
22
SIM5
SIM1
SIM2
SIM3
SIM4
1
21
22
SIM5
SIM1
SIM2
SIM3
SIM4
1
21
22
SIM5
SIM1
SIM2
SIM3
SIM4
1
21
22
SIM5
SIM1
SIM2
SIM3
SIM4
1
21
22
SIM5
SIM1
SIM2
SIM3
SIM4
1
21
22
SIM5
SIM1
SIM2
SIM3
SIM4
1
21
22
SIM5
SIM1
SIM2
SIM3
SIM4
1
21
22
SIM5
SIM1
SIM2
SIM3
SIM4
1
21
22
SIM5
SIM1
SIM2
SIM3
SIM4
1
21
22
SIM5
SIM1
SIM2
SIM3
SIM4
1
21
22
SIM5
SIM1
SIM2
SIM3
SIM4
1
21
22
SIM5
SIM1
SIM2
SIM3
SIM4
1
21
22
SIM5
SIM1
SIM2
SIM3
SIM4
1
21
22
SIM5
SIM1
SIM2
SIM3
SIM4
1
21
22
SIM5
SIM1
SIM2
SIM3
SIM4
1
21
22
SIM5
SIM1
SIM2
SIM3
SIM4
1
21
22
SIM5
SIM1
SIM2
SIM3
SIM4
1
21
22
SIM5
SIM1
SIM2
SIM3
SIM4
1
21
22
SIM5
SIM1
SIM2
SIM3
SIM4
1
21
22
SIM5
SIM1
SIM2
SIM3
SIM4
1
21
22
SIM5
SIM1
SIM2
SIM3
SIM4
1
21
22
SIM5
SIM1
SIM2
SIM3
SIM4
1
21
22
SIM5
SIM1
SIM2
SIM3
SIM4
1
21
22
SIM5
SIM1
SIM2
SIM3
SIM4
1
21
22
SIM5
SIM1
SIM2
SIM3
SIM4
1
21
22
SIM5
SIM1
SIM2
SIM3
SIM4
1
21
22
SIM5
SIM1
SIM2
SIM3
SIM4
1
21
22
SIM5
SIM1
SIM2
SIM3
SIM4
1
21
22
SIM5
SIM1
SIM2
SIM3
SIM4
1
21
22
SIM5
SIM1
SIM2
SIM3
SIM4
1
21
22
SIM5
SIM1
SIM2
SIM3
SIM4
1
21
22
SIM5
SIM1
SIM2
SIM3
SIM4
1
21
22
SIM5
SIM1
SIM2
SIM3
SIM4
1
21
22
SIM5
SIM1
SIM2
SIM3
SIM4
1
21
22
SIM5
SIM1
SIM2
SIM3
SIM4
1
21
22
SIM5
SIM1
SIM2
SIM3
SIM4
1
21
22
SIM5
SIM1
SIM2
SIM3
SIM4
1
21
22
SIM5
SIM1
SIM2
SIM3
SIM4
1
21
22
SIM5
SIM1
SIM2
SIM3
SIM4
1
21
22
SIM5
SIM1
SIM2
SIM3
SIM4
1
21
22
SIM5
SIM1
SIM2
SIM3
SIM4
1
21
22
SIM5
SIM1
SIM2
SIM3
SIM4
1
21
22
SIM5
SIM1
SIM2
SIM3
SIM4
1
21
22
SIM5
SIM1
SIM2
SIM3
SIM4
1
21
22
SIM5
SIM1
SIM2
SIM3
SIM4
1
21
22
SIM5
SIM1
SIM2
SIM3
SIM4
1
21
22
SIM5
SIM1
SIM2
SIM3
SIM4
1
21
22
SIM5
SIM1
SIM2
SIM3
SIM4
1
21
22
SIM5
SIM1
SIM2
SIM3
SIM4
1
21
22
SIM5
SIM1
SIM2
SIM3
SIM4
1
21
22
SIM5
SIM1
SIM2
SIM3
SIM4
1
21
22
SIM5
SIM1
SIM2
SIM3
SIM4
1
21
22
SIM5
SIM1
SIM2
SIM3
SIM4
1
21
22
SIM5
SIM1
SIM2
SIM3
SIM4
1
21
22
SIM5
SIM1
SIM2
SIM3
SIM4
1
21
22
SIM5
SIM1
SIM2
SIM3
SIM4
1
21
22
SIM5
SIM1
SIM2
SIM3
SIM4
1
21
22
SIM5
SIM1
SIM2
SIM3
SIM4
1
21
22
SIM5
SIM1
SIM2
SIM3
SIM4
1
21
22
SIM5
SIM1
SIM2
SIM3
SIM4
1
21
22
SIM5
SIM1
SIM2
SIM3
SIM4
1
21
22
SIM5
SIM1
SIM2
SIM3
SIM4
1
21
22
SIM5
SIM1
SIM2
SIM3
SIM4
1
21
22
SIM5
SIM1
SIM2
SIM3
SIM4
1
21
22
SIM5
SIM1
SIM2
SIM3
SIM4
1
21
22
SIM5
SIM1
SIM2
SIM3
SIM4
1
21
22
SIM5
SIM1
SIM2
SIM3
SIM4
1
21
22
SIM5
SIM1
SIM2
SIM3
SIM4
1
21
22
SIM5
SIM1
SIM2
SIM3
SIM4
1
21
22
SIM5
SIM1
SIM2
SIM3
SIM4
1
21
22
SIM5
SIM1
SIM2
SIM3
SIM4
1
21
22
SIM5
SIM1
SIM2
SIM3
SIM4
1
21
22
SIM5
SIM1
SIM2
SIM3
SIM4
1
21
22
SIM5
SIM1
SIM2
SIM3
SIM4
1
21
22
SIM5
SIM1
SIM2
SIM3
SIM4
1
21
22
SIM5
SIM1
SIM2
SIM3
SIM4
1
21
22
SIM5
SIM1
SIM2
SIM3
SIM4
1
21
22
SIM5
SIM1
SIM2
SIM3
SIM4
1
21
22
SIM5
SIM1
SIM2
SIM3
SIM4
1
21
22
SIM5
SIM1
SIM2
SIM3
SIM4
1
21
22
SIM5
SIM1
SIM2
SIM3
SIM4
1
21
22
SIM5
SIM1
SIM2
SIM3
SIM4
1
21
22
SIM5
SIM1
SIM2
SIM3
SIM4
1
21
22
SIM5
SIM1
SIM2
SIM3
SIM4
1
21
22
SIM5
SIM1
SIM2
SIM3
SIM4
1
21
22
SIM5
SIM1
SIM2
SIM3
SIM4
1
21
22
SIM5
SIM1
SIM2
SIM3
SIM4
1
21
22
SIM5
SIM1
SIM2
SIM3
SIM4
1
21
22
SIM5
SIM1
SIM2
SIM3
SIM4
1
21
22
SIM5
SIM1
SIM2
SIM3
SIM4
1
21
22
SIM5
SIM1
SIM2
SIM3
SIM4
1
21
22
SIM5
SIM1
SIM2
SIM3
SIM4
1
21
22
SIM5
SIM1
SIM2
SIM3
SIM4
1
21
22
SIM5
SIM1
SIM2
SIM3
SIM4
1
21
22
SIM5
SIM1
SIM2
SIM3
SIM4
1
21
22
SIM5
SIM1
SIM2
SIM3
SIM4
1
21
22
SIM5
SIM1
SIM2
SIM3
SIM4
1
21
22
SIM5
SIM1
SIM2
SIM3
SIM4
1
21
22
SIM5
SIM1
SIM2
SIM3
SIM4
1
21
22
SIM5
SIM1
SIM2
SIM3
SIM4
1
21
22
SIM5
SIM1
SIM2
SIM3
SIM4
1
21
22
SIM5
SIM1
SIM2
SIM3
SIM4
1
21
22
SIM5
SIM1
SIM2
SIM3
SIM4
1
21
22
SIM5
SIM1
SIM2
SIM3
SIM4
1
21
22
SIM5
SIM1
SIM2
SIM3
SIM4
1
21
22
SIM5
SIM1
SIM2
SIM3
SIM4
1
21
22
SIM5
SIM1
SIM2
SIM3
SIM4
1
21
22
SIM5
SIM1
SIM2
DEBUG 1 536
SIM1
SIM2
SIM3
SIM4
1
21
22
SIM5
SIM1
SIM2
SIM3
SIM4
1
21
22
SIM5
SIM1
SIM2
SIM3
SIM4
1
21
22
SIM5
SIM1
SIM2
SIM3
SIM4
1
21
22
SIM5
SIM1
SIM2
SIM3
SIM4
1
21
22
SIM5
SIM1
SIM2
SIM3
SIM4
1
21
22
SIM5
SIM1
SIM2
SIM3
SIM4
1
21
22
SIM5
SIM1
SIM2
SIM3
SIM4
1
21
22
SIM5
SIM1
SIM2
SIM3
SIM4
1
21
22
SIM5
SIM1
SIM2
SIM3
SIM4
1
21
22
SIM5
SIM1
SIM2
SIM3
SIM4
1
21
22
SIM5
SIM1
SIM2
SIM3
SIM4
1
21
22
SIM5
SIM1
SIM2
SIM3
SIM4
1
21
22
SIM5
SIM1
SIM2
SIM3
SIM4
1
21
22
SIM5
SIM1
SIM2
SIM3
SIM4
1
21
22
SIM5
SIM1
SIM2
SIM3
SIM4
1
21
22
SIM5
SIM1
SIM2
SIM3
SIM4
1
21
22
SIM5
SIM1
SIM2
SIM3
SIM4
1
21
22
SIM5
SIM1
SIM2
SIM3
SIM4
1
21
22
SIM5
SIM1
SIM2
SIM3
SIM4
1
21
22
SIM5
SIM1
SIM2
SIM3
SIM4
1
21
22
SIM5
SIM1
SIM2
SIM3
SIM4
1
21
22
SIM5
SIM1
SIM2
SIM3
SIM4
1
21
22
SIM5
SIM1
SIM2
SIM3
SIM4
1
21
22
SIM5
SIM1
SIM2
SIM3
SIM4
1
21
22
SIM5
SIM1
SIM2
SIM3
SIM4
1
21
22
SIM5
SIM1
SIM2
SIM3
SIM4
1
21
22
SIM5
SIM1
SIM2
SIM3
SIM4
1
21
22
SIM5
SIM1
SIM2
SIM3
SIM4
1
21
22
SIM5
SIM1
SIM2
SIM3
SIM4
1
21
22
SIM5
SIM1
SIM2
SIM3
SIM4
1
21
22
SIM5
SIM1
SIM2
SIM3
SIM4
1
21
22
SIM5
SIM1
SIM2
SIM3
SIM4
1
21
22
SIM5
SIM1
SIM2
SIM3
SIM4
1
21
22
SIM5
SIM1
SIM2
SIM3
SIM4
1
21
22
SIM5
SIM1
SIM2
SIM3
SIM4
1
21
22
SIM5
SIM1
SIM2
SIM3
SIM4
1
21
22
SIM5
SIM1
SIM2
SIM3
SIM4
1
21
22
SIM5
SIM1
SIM2
SIM3
SIM4
1
21
22
SIM5
SIM1
SIM2
SIM3
SIM4
1
21
22
SIM5
SIM1
SIM2
SIM3
SIM4
1
21
22
SIM5
SIM1
SIM2
SIM3
SIM4
1
21
22
SIM5
SIM1
SIM2
SIM3
SIM4
1
21
22
SIM5
SIM1
SIM2
SIM3
SIM4
1
21
22
SIM5
SIM1
SIM2
SIM3
SIM4
1
21
22
SIM5
SIM1
SIM2
SIM3
SIM4
1
21
22
SIM5
SIM1
SIM2
SIM3
SIM4
1
21
22
SIM5
SIM1
SIM2
SIM3
SIM4
1
21
22
SIM5
SIM1
SIM2
SIM3
SIM4
1
21
22
SIM5
SIM1
SIM2
SIM3
SIM4
1
21
22
SIM5
SIM1
SIM2
SIM3
SIM4
1
21
22
SIM5
SIM1
SIM2
SIM3
SIM4
1
21
22
SIM5
SIM1
SIM2
SIM3
SIM4
1
21
22
SIM5
SIM1
SIM2
SIM3
SIM4
1
21
22
SIM5
SIM1
SIM2
SIM3
SIM4
1
21
22
SIM5
SIM1
SIM2
SIM3
SIM4
1
21
22
SIM5
SIM1
SIM2
SIM3
SIM4
1
21
22
SIM5
SIM1
SIM2
SIM3
SIM4
1
21
22
SIM5
SIM1
SIM2
SIM3
SIM4
1
21
22
SIM5
SIM1
SIM2
SIM3
SIM4
1
21
22
SIM5
SIM1
SIM2
SIM3
SIM4
1
21
22
SIM5
SIM1
SIM2
SIM3
SIM4
1
21
22
SIM5
SIM1
SIM2
SIM3
SIM4
1
21
22
SIM5
SIM1
SIM2
SIM3
SIM4
1
21
22
SIM5
SIM1
SIM2
SIM3
SIM4
1
21
22
SIM5
SIM1
SIM2
SIM3
SIM4
1
21
22
SIM5
SIM1
SIM2
SIM3
SIM4
1
21
22
SIM5
SIM1
SIM2
SIM3
SIM4
1
21
22
SIM5
SIM1
SIM2
SIM3
SIM4
1
21
22
SIM5
SIM1
SIM2
SIM3
SIM4
1
21
22
SIM5
SIM1
SIM2
SIM3
SIM4
1
21
22
SIM5
SIM1
SIM2
SIM3
SIM4
1
21
22
SIM5
SIM1
SIM2
SIM3
SIM4
1
21
22
SIM5
SIM1
SIM2
SIM3
SIM4
1
21
22
SIM5
SIM1
SIM2
SIM3
SIM4
1
21
22
SIM5
SIM1
SIM2
SIM3
SIM4
1
21
22
SIM5
SIM1
SIM2
SIM3
SIM4
1
21
22
SIM5
SIM1
SIM2
SIM3
SIM4
1
21
22
SIM5
SIM1
SIM2
SIM3
SIM4
1
21
22
SIM5
SIM1
SIM2
SIM3
SIM4
1
21
22
SIM5
SIM1
SIM2
SIM3
SIM4
1
21
22
SIM5
SIM1
SIM2
SIM3
SIM4
1
21
22
SIM5
SIM1
SIM2
SIM3
SIM4
1
21
22
SIM5
SIM1
SIM2
SIM3
SIM4
1
21
22
SIM5
SIM1
SIM2
SIM3
SIM4
1
21
22
SIM5
SIM1
SIM2
SIM3
SIM4
1
21
22
SIM5
SIM1
SIM2
SIM3
SIM4
1
21
22
SIM5
SIM1
SIM2
SIM3
SIM4
1
21
22
SIM5
SIM1
SIM2
SIM3
SIM4
1
21
22
SIM5
SIM1
SIM2
SIM3
SIM4
1
21
22
SIM5
SIM1
SIM2
SIM3
SIM4
1
21
22
SIM5
SIM1
SIM2
SIM3
SIM4
1
21
22
SIM5
SIM1
SIM2
SIM3
SIM4
1
21
22
SIM5
SIM1
SIM2
SIM3
SIM4
1
21
22
SIM5
SIM1
SIM2
SIM3
SIM4
1
21
22
SIM5
SIM1
SIM2
SIM3
SIM4
1
21
22
SIM5
SIM1
SIM2
SIM3
SIM4
1
21
22
SIM5
SIM1
SIM2
SIM3
SIM4
1
21
22
SIM5
SIM1
SIM2
SIM3
SIM4
1
21
22
SIM5
SIM1
SIM2
SIM3
SIM4
1
21
22
SIM5
SIM1
SIM2
SIM3
SIM4
1
21
22
SIM5
SIM1
SIM2
SIM3
SIM4
1
21
22
SIM5
SIM1
SIM2
SIM3
SIM4
1
21
22
SIM5
SIM1
SIM2
SIM3
SIM4
1
21
22
SIM5
SIM1
SIM2
SIM3
SIM4
1
21
22
SIM5
SIM1
SIM2
SIM3
SIM4
1
21
22
SIM5
SIM1
SIM2
SIM3
SIM4
1
21
22
SIM5
SIM1
SIM2
SIM3
SIM4
1
21
22
SIM5
SIM1
SIM2
SIM3
SIM4
1
21
22
SIM5
SIM1
SIM2
SIM3
SIM4
1
21
22
SIM5
SIM1
SIM2
SIM3
SIM4
1
21
22
SIM5
SIM1
SIM2
SIM3
SIM4
1
21
22
SIM5
SIM1
SIM2
SIM3
SIM4
1
21
22
SIM5
SIM1
SIM2
SIM3
SIM4
1
21
22
SIM5
SIM1
SIM2
SIM3
SIM4
1
21
22
SIM5
SIM1
SIM2
SIM3
SIM4
1
21
22
SIM5
SIM1
SIM2
SIM3
SIM4
1
21
22
SIM5
SIM1
SIM2
SIM3
SIM4
1
21
22
SIM5
SIM1
SIM2
SIM3
SIM4
1
21
22
SIM5
SIM1
SIM2
SIM3
SIM4
1
21
22
SIM5
SIM1
SIM2
SIM3
SIM4
1
21
22
SIM5
SIM1
SIM2
SIM3
SIM4
1
21
22
SIM5
SIM1
SIM2
SIM3
SIM4
1
21
22
SIM5
SIM1
SIM2
SIM3
SIM4
1
21
22
SIM5
SIM1
SIM2
SIM3
SIM4
1
21
22
SIM5
SIM1
SIM2
SIM3
SIM4
1
21
22
SIM5
SIM1
SIM2
SIM3
SIM4
1
21
22
SIM5
SIM1
SIM2
SIM3
SIM4
1
21
22
SIM5
SIM1
SIM2
SIM3
SIM4
1
21
22
SIM5
SIM1
SIM2
SIM3
SIM4
1
21
22
SIM5
SIM1
SIM2
SIM3
SIM4
1
21
22
SIM5
SIM1
SIM2
SIM3
SIM4
1
21
22
SIM5
SIM1
SIM2
SIM3
SIM4
1
21
22
SIM5
SIM1
SIM2
SIM3
SIM4
1
21
22
SIM5
SIM1
SIM2
SIM3
SIM4
1
21
22
SIM5
SIM1
SIM2
SIM3
SIM4
1
21
22
SIM5
SIM1
SIM2
SIM3
SIM4
1
21
22
SIM5
SIM1
SIM2
SIM3
SIM4
1
21
22
SIM5
SIM1
SIM2
SIM3
SIM4
1
21
22
SIM5
SIM1
SIM2
SIM3
SIM4
1
21
22
SIM5
SIM1
SIM2
SIM3
SIM4
1
21
22
SIM5
SIM1
SIM2
SIM3
SIM4
1
21
22
SIM5
SIM1
SIM2
SIM3
SIM4
1
21
22
SIM5
SIM1
SIM2
SIM3
SIM4
1
21
22
SIM5
SIM1
SIM2
SIM3
SIM4
1
21
22
SIM5
SIM1
SIM2
SIM3
SIM4
1
21
22
SIM5
SIM1
SIM2
SIM3
SIM4
1
21
22
SIM5
SIM1
SIM2
SIM3
SIM4
1
21
22
SIM5
SIM1
SIM2
SIM3
SIM4
1
21
22
SIM5
SIM1
SIM2
SIM3
SIM4
1
21
22
SIM5
SIM1
SIM2
SIM3
SIM4
1
21
22
SIM5
SIM1
SIM2
SIM3
SIM4
1
21
22
SIM5
SIM1
SIM2
SIM3
SIM4
1
21
22
SIM5
SIM1
SIM2
SIM3
SIM4
1
21
22
SIM5
SIM1
SIM2
SIM3
SIM4
1
21
22
SIM5
SIM1
SIM2
SIM3
SIM4
1
21
22
SIM5
SIM1
SIM2
SIM3
SIM4
1
21
22
SIM5
SIM1
SIM2
DEBUG 1 537
SIM1
SIM2
SIM3
SIM4
1
21
22
SIM5
SIM1
SIM2
SIM3
SIM4
1
21
22
SIM5
SIM1
SIM2
SIM3
SIM4
1
21
22
SIM5
SIM1
SIM2
SIM3
SIM4
1
21
22
SIM5
SIM1
SIM2
SIM3
SIM4
1
21
22
SIM5
SIM1
SIM2
SIM3
SIM4
1
21
22
SIM5
SIM1
SIM2
SIM3
SIM4
1
21
22
SIM5
SIM1
SIM2
SIM3
SIM4
1
21
22
SIM5
SIM1
SIM2
SIM3
SIM4
1
21
22
SIM5
SIM1
SIM2
SIM3
SIM4
1
21
22
SIM5
SIM1
SIM2
SIM3
SIM4
1
21
22
SIM5
SIM1
SIM2
SIM3
SIM4
1
21
22
SIM5
SIM1
SIM2
SIM3
SIM4
1
21
22
SIM5
SIM1
SIM2
SIM3
SIM4
1
21
22
SIM5
SIM1
SIM2
SIM3
SIM4
1
21
22
SIM5
SIM1
SIM2
SIM3
SIM4
1
21
22
SIM5
SIM1
SIM2
SIM3
SIM4
1
21
22
SIM5
SIM1
SIM2
SIM3
SIM4
1
21
22
SIM5
SIM1
SIM2
SIM3
SIM4
1
21
22
SIM5
SIM1
SIM2
SIM3
SIM4
1
21
22
SIM5
SIM1
SIM2
SIM3
SIM4
1
21
22
SIM5
SIM1
SIM2
SIM3
SIM4
1
21
22
SIM5
SIM1
SIM2
SIM3
SIM4
1
21
22
SIM5
SIM1
SIM2
SIM3
SIM4
1
21
22
SIM5
SIM1
SIM2
SIM3
SIM4
1
21
22
SIM5
SIM1
SIM2
SIM3
SIM4
1
21
22
SIM5
SIM1
SIM2
SIM3
SIM4
1
21
22
SIM5
SIM1
SIM2
SIM3
SIM4
1
21
22
SIM5
SIM1
SIM2
SIM3
SIM4
1
21
22
SIM5
SIM1
SIM2
SIM3
SIM4
1
21
22
SIM5
SIM1
SIM2
SIM3
SIM4
1
21
22
SIM5
SIM1
SIM2
SIM3
SIM4
1
21
22
SIM5
SIM1
SIM2
SIM3
SIM4
1
21
22
SIM5
SIM1
SIM2
SIM3
SIM4
1
21
22
SIM5
SIM1
SIM2
SIM3
SIM4
1
21
22
SIM5
SIM1
SIM2
SIM3
SIM4
1
21
22
SIM5
SIM1
SIM2
SIM3
SIM4
1
21
22
SIM5
SIM1
SIM2
SIM3
SIM4
1
21
22
SIM5
SIM1
SIM2
SIM3
SIM4
1
21
22
SIM5
SIM1
SIM2
SIM3
SIM4
1
21
22
SIM5
SIM1
SIM2
SIM3
SIM4
1
21
22
SIM5
SIM1
SIM2
SIM3
SIM4
1
21
22
SIM5
SIM1
SIM2
SIM3
SIM4
1
21
22
SIM5
SIM1
SIM2
SIM3
SIM4
1
21
22
SIM5
SIM1
SIM2
SIM3
SIM4
1
21
22
SIM5
SIM1
SIM2
SIM3
SIM4
1
21
22
SIM5
SIM1
SIM2
SIM3
SIM4
1
21
22
SIM5
SIM1
SIM2
SIM3
SIM4
1
21
22
SIM5
SIM1
SIM2
SIM3
SIM4
1
21
22
SIM5
SIM1
SIM2
SIM3
SIM4
1
21
22
SIM5
SIM1
SIM2
SIM3
SIM4
1
21
22
SIM5
SIM1
SIM2
SIM3
SIM4
1
21
22
SIM5
SIM1
SIM2
SIM3
SIM4
1
21
22
SIM5
SIM1
SIM2
SIM3
SIM4
1
21
22
SIM5
SIM1
SIM2
SIM3
SIM4
1
21
22
SIM5
SIM1
SIM2
SIM3
SIM4
1
21
22
SIM5
SIM1
SIM2
SIM3
SIM4
1
21
22
SIM5
SIM1
SIM2
SIM3
SIM4
1
21
22
SIM5
SIM1
SIM2
SIM3
SIM4
1
21
22
SIM5
SIM1
SIM2
SIM3
SIM4
1
21
22
SIM5
SIM1
SIM2
SIM3
SIM4
1
21
22
SIM5
SIM1
SIM2
SIM3
SIM4
1
21
22
SIM5
SIM1
SIM2
SIM3
SIM4
1
21
22
SIM5
SIM1
SIM2
SIM3
SIM4
1
21
22
SIM5
SIM1
SIM2
SIM3
SIM4
1
21
22
SIM5
SIM1
SIM2
SIM3
SIM4
1
21
22
SIM5
SIM1
SIM2
SIM3
SIM4
1
21
22
SIM5
SIM1
SIM2
SIM3
SIM4
1
21
22
SIM5
SIM1
SIM2
SIM3
SIM4
1
21
22
SIM5
SIM1
SIM2
SIM3
SIM4
1
21
22
SIM5
SIM1
SIM2
SIM3
SIM4
1
21
22
SIM5
SIM1
SIM2
SIM3
SIM4
1
21
22
SIM5
SIM1
SIM2
SIM3
SIM4
1
21
22
SIM5
SIM1
SIM2
SIM3
SIM4
1
21
22
SIM5
SIM1
SIM2
SIM3
SIM4
1
21
22
SIM5
SIM1
SIM2
SIM3
SIM4
1
21
22
SIM5
SIM1
SIM2
SIM3
SIM4
1
21
22
SIM5
SIM1
SIM2
SIM3
SIM4
1
21
22
SIM5
SIM1
SIM2
SIM3
SIM4
1
21
22
SIM5
SIM1
SIM2
SIM3
SIM4
1
21
22
SIM5
SIM1
SIM2
SIM3
SIM4
1
21
22
SIM5
SIM1
SIM2
SIM3
SIM4
1
21
22
SIM5
SIM1
SIM2
SIM3
SIM4
1
21
22
SIM5
SIM1
SIM2
SIM3
SIM4
1
21
22
SIM5
SIM1
SIM2
SIM3
SIM4
1
21
22
SIM5
SIM1
SIM2
SIM3
SIM4
1
21
22
SIM5
SIM1
SIM2
SIM3
SIM4
1
21
22
SIM5
SIM1
SIM2
SIM3
SIM4
1
21
22
SIM5
SIM1
SIM2
SIM3
SIM4
1
21
22
SIM5
SIM1
SIM2
SIM3
SIM4
1
21
22
SIM5
SIM1
SIM2
SIM3
SIM4
1
21
22
SIM5
SIM1
SIM2
SIM3
SIM4
1
21
22
SIM5
SIM1
SIM2
SIM3
SIM4
1
21
22
SIM5
SIM1
SIM2
SIM3
SIM4
1
21
22
SIM5
SIM1
SIM2
SIM3
SIM4
1
21
22
SIM5
SIM1
SIM2
SIM3
SIM4
1
21
22
SIM5
SIM1
SIM2
SIM3
SIM4
1
21
22
SIM5
SIM1
SIM2
SIM3
SIM4
1
21
22
SIM5
SIM1
SIM2
SIM3
SIM4
1
21
22
SIM5
SIM1
SIM2
SIM3
SIM4
1
21
22
SIM5
SIM1
SIM2
SIM3
SIM4
1
21
22
SIM5
SIM1
SIM2
SIM3
SIM4
1
21
22
SIM5
SIM1
SIM2
SIM3
SIM4
1
21
22
SIM5
SIM1
SIM2
SIM3
SIM4
1
21
22
SIM5
SIM1
SIM2
SIM3
SIM4
1
21
22
SIM5
SIM1
SIM2
SIM3
SIM4
1
21
22
SIM5
SIM1
SIM2
SIM3
SIM4
1
21
22
SIM5
SIM1
SIM2
SIM3
SIM4
1
21
22
SIM5
SIM1
SIM2
SIM3
SIM4
1
21
22
SIM5
SIM1
SIM2
SIM3
SIM4
1
21
22
SIM5
SIM1
SIM2
SIM3
SIM4
1
21
22
SIM5
SIM1
SIM2
SIM3
SIM4
1
21
22
SIM5
SIM1
SIM2
SIM3
SIM4
1
21
22
SIM5
SIM1
SIM2
SIM3
SIM4
1
21
22
SIM5
SIM1
SIM2
SIM3
SIM4
1
21
22
SIM5
SIM1
SIM2
SIM3
SIM4
1
21
22
SIM5
SIM1
SIM2
SIM3
SIM4
1
21
22
SIM5
SIM1
SIM2
SIM3
SIM4
1
21
22
SIM5
SIM1
SIM2
SIM3
SIM4
1
21
22
SIM5
SIM1
SIM2
SIM3
SIM4
1
21
22
SIM5
SIM1
SIM2
SIM3
SIM4
1
21
22
SIM5
SIM1
SIM2
SIM3
SIM4
1
21
22
SIM5
SIM1
SIM2
SIM3
SIM4
1
21
22
SIM5
SIM1
SIM2
SIM3
SIM4
1
21
22
SIM5
SIM1
SIM2
SIM3
SIM4
1
21
22
SIM5
SIM1
SIM2
SIM3
SIM4
1
21
22
SIM5
SIM1
SIM2
SIM3
SIM4
1
21
22
SIM5
SIM1
SIM2
SIM3
SIM4
1
21
22
SIM5
SIM1
SIM2
SIM3
SIM4
1
21
22
SIM5
SIM1
SIM2
SIM3
SIM4
1
21
22
SIM5
SIM1
SIM2
SIM3
SIM4
1
21
22
SIM5
SIM1
SIM2
SIM3
SIM4
1
21
22
SIM5
SIM1
SIM2
SIM3
SIM4
1
21
22
SIM5
SIM1
SIM2
SIM3
SIM4
1
21
22
SIM5
SIM1
SIM2
SIM3
SIM4
1
21
22
SIM5
SIM1
SIM2
SIM3
SIM4
1
21
22
SIM5
SIM1
SIM2
SIM3
SIM4
1
21
22
SIM5
SIM1
SIM2
SIM3
SIM4
1
21
22
SIM5
SIM1
SIM2
SIM3
SIM4
1
21
22
SIM5
SIM1
SIM2
SIM3
SIM4
1
21
22
SIM5
SIM1
SIM2
SIM3
SIM4
1
21
22
SIM5
SIM1
SIM2
SIM3
SIM4
1
21
22
SIM5
SIM1
SIM2
SIM3
SIM4
1
21
22
SIM5
SIM1
SIM2
SIM3
SIM4
1
21
22
SIM5
SIM1
SIM2
SIM3
SIM4
1
21
22
SIM5
SIM1
SIM2
SIM3
SIM4
1
21
22
SIM5
SIM1
SIM2
SIM3
SIM4
1
21
22
SIM5
SIM1
SIM2
SIM3
SIM4
1
21
22
SIM5
SIM1
SIM2
SIM3
SIM4
1
21
22
SIM5
SIM1
SIM2
SIM3
SIM4
1
21
22
SIM5
SIM1
SIM2
SIM3
SIM4
1
21
22
SIM5
SIM1
SIM2
SIM3
SIM4
1
21
22
SIM5
SIM1
SIM2
SIM3
SIM4
1
21
22
SIM5
SIM1
SIM2
SIM3
SIM4
1
21
22
SIM5
SIM1
SIM2
SIM3
SIM4
1
21
22
SIM5
SIM1
SIM2
SIM3
SIM4
1
21
22
SIM5
SIM1
SIM2
SIM3
SIM4
1
21
22
SIM5
SIM1
SIM2
SIM3
SIM4
1
21
22
SIM5
SIM1
SIM2
SIM3
SIM4
1
21
22
SIM5
SIM1
SIM2
SIM3
SIM4
1
21
22
SIM5
SIM1
SIM2
SIM3
SIM4
1
21
22
SIM5
SIM1
SIM2
DEBUG 1 538
SIM1
SIM2
SIM3
SIM4
1
21
22
SIM5
SIM1
SIM2
SIM3
SIM4
1
21
22
SIM5
SIM1
SIM2
SIM3
SIM4
1
21
22
SIM5
SIM1
SIM2
SIM3
SIM4
1
21
22
SIM5
SIM1
SIM2
SIM3
SIM4
1
21
22
SIM5
SIM1
SIM2
SIM3
SIM4
1
21
22
SIM5
SIM1
SIM2
SIM3
SIM4
1
21
22
SIM5
SIM1
SIM2
SIM3
SIM4
1
21
22
SIM5
SIM1
SIM2
SIM3
SIM4
1
21
22
SIM5
SIM1
SIM2
SIM3
SIM4
1
21
22
SIM5
SIM1
SIM2
SIM3
SIM4
1
21
22
SIM5
SIM1
SIM2
SIM3
SIM4
1
21
22
SIM5
SIM1
SIM2
SIM3
SIM4
1
21
22
SIM5
SIM1
SIM2
SIM3
SIM4
1
21
22
SIM5
SIM1
SIM2
SIM3
SIM4
1
21
22
SIM5
SIM1
SIM2
SIM3
SIM4
1
21
22
SIM5
SIM1
SIM2
SIM3
SIM4
1
21
22
SIM5
SIM1
SIM2
SIM3
SIM4
1
21
22
SIM5
SIM1
SIM2
SIM3
SIM4
1
21
22
SIM5
SIM1
SIM2
SIM3
SIM4
1
21
22
SIM5
SIM1
SIM2
SIM3
SIM4
1
21
22
SIM5
SIM1
SIM2
SIM3
SIM4
1
21
22
SIM5
SIM1
SIM2
SIM3
SIM4
1
21
22
SIM5
SIM1
SIM2
SIM3
SIM4
1
21
22
SIM5
SIM1
SIM2
SIM3
SIM4
1
21
22
SIM5
SIM1
SIM2
SIM3
SIM4
1
21
22
SIM5
SIM1
SIM2
SIM3
SIM4
1
21
22
SIM5
SIM1
SIM2
SIM3
SIM4
1
21
22
SIM5
SIM1
SIM2
SIM3
SIM4
1
21
22
SIM5
SIM1
SIM2
SIM3
SIM4
1
21
22
SIM5
SIM1
SIM2
SIM3
SIM4
1
21
22
SIM5
SIM1
SIM2
SIM3
SIM4
1
21
22
SIM5
SIM1
SIM2
SIM3
SIM4
1
21
22
SIM5
SIM1
SIM2
SIM3
SIM4
1
21
22
SIM5
SIM1
SIM2
SIM3
SIM4
1
21
22
SIM5
SIM1
SIM2
SIM3
SIM4
1
21
22
SIM5
SIM1
SIM2
SIM3
SIM4
1
21
22
SIM5
SIM1
SIM2
SIM3
SIM4
1
21
22
SIM5
SIM1
SIM2
SIM3
SIM4
1
21
22
SIM5
SIM1
SIM2
SIM3
SIM4
1
21
22
SIM5
SIM1
SIM2
SIM3
SIM4
1
21
22
SIM5
SIM1
SIM2
SIM3
SIM4
1
21
22
SIM5
SIM1
SIM2
SIM3
SIM4
1
21
22
SIM5
SIM1
SIM2
SIM3
SIM4
1
21
22
SIM5
SIM1
SIM2
SIM3
SIM4
1
21
22
SIM5
SIM1
SIM2
SIM3
SIM4
1
21
22
SIM5
SIM1
SIM2
SIM3
SIM4
1
21
22
SIM5
SIM1
SIM2
SIM3
SIM4
1
21
22
SIM5
SIM1
SIM2
SIM3
SIM4
1
21
22
SIM5
SIM1
SIM2
SIM3
SIM4
1
21
22
SIM5
SIM1
SIM2
SIM3
SIM4
1
21
22
SIM5
SIM1
SIM2
SIM3
SIM4
1
21
22
SIM5
SIM1
SIM2
SIM3
SIM4
1
21
22
SIM5
SIM1
SIM2
SIM3
SIM4
1
21
22
SIM5
SIM1
SIM2
SIM3
SIM4
1
21
22
SIM5
SIM1
SIM2
SIM3
SIM4
1
21
22
SIM5
SIM1
SIM2
SIM3
SIM4
1
21
22
SIM5
SIM1
SIM2
SIM3
SIM4
1
21
22
SIM5
SIM1
SIM2
SIM3
SIM4
1
21
22
SIM5
SIM1
SIM2
SIM3
SIM4
1
21
22
SIM5
SIM1
SIM2
SIM3
SIM4
1
21
22
SIM5
SIM1
SIM2
SIM3
SIM4
1
21
22
SIM5
SIM1
SIM2
SIM3
SIM4
1
21
22
SIM5
SIM1
SIM2
SIM3
SIM4
1
21
22
SIM5
SIM1
SIM2
SIM3
SIM4
1
21
22
SIM5
SIM1
SIM2
SIM3
SIM4
1
21
22
SIM5
SIM1
SIM2
SIM3
SIM4
1
21
22
SIM5
SIM1
SIM2
SIM3
SIM4
1
21
22
SIM5
SIM1
SIM2
SIM3
SIM4
1
21
22
SIM5
SIM1
SIM2
SIM3
SIM4
1
21
22
SIM5
SIM1
SIM2
SIM3
SIM4
1
21
22
SIM5
SIM1
SIM2
SIM3
SIM4
1
21
22
SIM5
SIM1
SIM2
SIM3
SIM4
1
21
22
SIM5
SIM1
SIM2
SIM3
SIM4
1
21
22
SIM5
SIM1
SIM2
SIM3
SIM4
1
21
22
SIM5
SIM1
SIM2
SIM3
SIM4
1
21
22
SIM5
SIM1
SIM2
SIM3
SIM4
1
21
22
SIM5
SIM1
SIM2
SIM3
SIM4
1
21
22
SIM5
SIM1
SIM2
SIM3
SIM4
1
21
22
SIM5
SIM1
SIM2
SIM3
SIM4
1
21
22
SIM5
SIM1
SIM2
SIM3
SIM4
1
21
22
SIM5
SIM1
SIM2
SIM3
SIM4
1
21
22
SIM5
SIM1
SIM2
SIM3
SIM4
1
21
22
SIM5
SIM1
SIM2
SIM3
SIM4
1
21
22
SIM5
SIM1
SIM2
SIM3
SIM4
1
21
22
SIM5
SIM1
SIM2
SIM3
SIM4
1
21
22
SIM5
SIM1
SIM2
SIM3
SIM4
1
21
22
SIM5
SIM1
SIM2
SIM3
SIM4
1
21
22
SIM5
SIM1
SIM2
SIM3
SIM4
1
21
22
SIM5
SIM1
SIM2
SIM3
SIM4
1
21
22
SIM5
SIM1
SIM2
SIM3
SIM4
1
21
22
SIM5
SIM1
SIM2
SIM3
SIM4
1
21
22
SIM5
SIM1
SIM2
SIM3
SIM4
1
21
22
SIM5
SIM1
SIM2
SIM3
SIM4
1
21
22
SIM5
SIM1
SIM2
SIM3
SIM4
1
21
22
SIM5
SIM1
SIM2
SIM3
SIM4
1
21
22
SIM5
SIM1
SIM2
SIM3
SIM4
1
21
22
SIM5
SIM1
SIM2
SIM3
SIM4
1
21
22
SIM5
SIM1
SIM2
SIM3
SIM4
1
21
22
SIM5
SIM1
SIM2
SIM3
SIM4
1
21
22
SIM5
SIM1
SIM2
SIM3
SIM4
1
21
22
SIM5
SIM1
SIM2
SIM3
SIM4
1
21
22
SIM5
SIM1
SIM2
SIM3
SIM4
1
21
22
SIM5
SIM1
SIM2
SIM3
SIM4
1
21
22
SIM5
SIM1
SIM2
SIM3
SIM4
1
21
22
SIM5
SIM1
SIM2
SIM3
SIM4
1
21
22
SIM5
SIM1
SIM2
SIM3
SIM4
1
21
22
SIM5
SIM1
SIM2
SIM3
SIM4
1
21
22
SIM5
SIM1
SIM2
SIM3
SIM4
1
21
22
SIM5
SIM1
SIM2
SIM3
SIM4
1
21
22
SIM5
SIM1
SIM2
SIM3
SIM4
1
21
22
SIM5
SIM1
SIM2
SIM3
SIM4
1
21
22
SIM5
SIM1
SIM2
SIM3
SIM4
1
21
22
SIM5
SIM1
SIM2
SIM3
SIM4
1
21
22
SIM5
SIM1
SIM2
SIM3
SIM4
1
21
22
SIM5
SIM1
SIM2
SIM3
SIM4
1
21
22
SIM5
SIM1
SIM2
SIM3
SIM4
1
21
22
SIM5
SIM1
SIM2
SIM3
SIM4
1
21
22
SIM5
SIM1
SIM2
SIM3
SIM4
1
21
22
SIM5
SIM1
SIM2
SIM3
SIM4
1
21
22
SIM5
SIM1
SIM2
SIM3
SIM4
1
21
22
SIM5
SIM1
SIM2
SIM3
SIM4
1
21
22
SIM5
SIM1
SIM2
SIM3
SIM4
1
21
22
SIM5
SIM1
SIM2
SIM3
SIM4
1
21
22
SIM5
SIM1
SIM2
SIM3
SIM4
1
21
22
SIM5
SIM1
SIM2
SIM3
SIM4
1
21
22
SIM5
SIM1
SIM2
SIM3
SIM4
1
21
22
SIM5
SIM1
SIM2
SIM3
SIM4
1
21
22
SIM5
SIM1
SIM2
SIM3
SIM4
1
21
22
SIM5
SIM1
SIM2
SIM3
SIM4
1
21
22
SIM5
SIM1
SIM2
SIM3
SIM4
1
21
22
SIM5
SIM1
SIM2
SIM3
SIM4
1
21
22
SIM5
SIM1
SIM2
SIM3
SIM4
1
21
22
SIM5
SIM1
SIM2
SIM3
SIM4
1
21
22
SIM5
SIM1
SIM2
SIM3
SIM4
1
21
22
SIM5
SIM1
SIM2
SIM3
SIM4
1
21
22
SIM5
SIM1
SIM2
SIM3
SIM4
1
21
22
SIM5
SIM1
SIM2
SIM3
SIM4
1
21
22
SIM5
SIM1
SIM2
SIM3
SIM4
1
21
22
SIM5
SIM1
SIM2
SIM3
SIM4
1
21
22
SIM5
SIM1
SIM2
SIM3
SIM4
1
21
22
SIM5
SIM1
SIM2
SIM3
SIM4
1
21
22
SIM5
SIM1
SIM2
SIM3
SIM4
1
21
22
SIM5
SIM1
SIM2
SIM3
SIM4
1
21
22
SIM5
SIM1
SIM2
DEBUG 1 539
SIM1
SIM2
SIM3
SIM4
1
21
22
SIM5
SIM1
SIM2
SIM3
SIM4
1
21
22
SIM5
SIM1
SIM2
SIM3
SIM4
1
21
22
SIM5
SIM1
SIM2
SIM3
SIM4
1
21
22
SIM5
SIM1
SIM2
SIM3
SIM4
1
21
22
SIM5
SIM1
SIM2
SIM3
SIM4
1
21
22
SIM5
SIM1
SIM2
SIM3
SIM4
1
21
22
SIM5
SIM1
SIM2
SIM3
SIM4
1
21
22
SIM5
SIM1
SIM2
SIM3
SIM4
1
21
22
SIM5
SIM1
SIM2
SIM3
SIM4
1
21
22
SIM5
SIM1
SIM2
SIM3
SIM4
1
21
22
SIM5
SIM1
SIM2
SIM3
SIM4
1
21
22
SIM5
SIM1
SIM2
SIM3
SIM4
1
21
22
SIM5
SIM1
SIM2
SIM3
SIM4
1
21
22
SIM5
SIM1
SIM2
SIM3
SIM4
1
21
22
SIM5
SIM1
SIM2
SIM3
SIM4
1
21
22
SIM5
SIM1
SIM2
SIM3
SIM4
1
21
22
SIM5
SIM1
SIM2
SIM3
SIM4
1
21
22
SIM5
SIM1
SIM2
SIM3
SIM4
1
21
22
SIM5
SIM1
SIM2
SIM3
SIM4
1
21
22
SIM5
SIM1
SIM2
SIM3
SIM4
1
21
22
SIM5
SIM1
SIM2
SIM3
SIM4
1
21
22
SIM5
SIM1
SIM2
SIM3
SIM4
1
21
22
SIM5
SIM1
SIM2
SIM3
SIM4
1
21
22
SIM5
SIM1
SIM2
SIM3
SIM4
1
21
22
SIM5
SIM1
SIM2
SIM3
SIM4
1
21
22
SIM5
SIM1
SIM2
SIM3
SIM4
1
21
22
SIM5
SIM1
SIM2
SIM3
SIM4
1
21
22
SIM5
SIM1
SIM2
SIM3
SIM4
1
21
22
SIM5
SIM1
SIM2
SIM3
SIM4
1
21
22
SIM5
SIM1
SIM2
SIM3
SIM4
1
21
22
SIM5
SIM1
SIM2
SIM3
SIM4
1
21
22
SIM5
SIM1
SIM2
SIM3
SIM4
1
21
22
SIM5
SIM1
SIM2
SIM3
SIM4
1
21
22
SIM5
SIM1
SIM2
SIM3
SIM4
1
21
22
SIM5
SIM1
SIM2
SIM3
SIM4
1
21
22
SIM5
SIM1
SIM2
SIM3
SIM4
1
21
22
SIM5
SIM1
SIM2
SIM3
SIM4
1
21
22
SIM5
SIM1
SIM2
SIM3
SIM4
1
21
22
SIM5
SIM1
SIM2
SIM3
SIM4
1
21
22
SIM5
SIM1
SIM2
SIM3
SIM4
1
21
22
SIM5
SIM1
SIM2
SIM3
SIM4
1
21
22
SIM5
SIM1
SIM2
SIM3
SIM4
1
21
22
SIM5
SIM1
SIM2
SIM3
SIM4
1
21
22
SIM5
SIM1
SIM2
SIM3
SIM4
1
21
22
SIM5
SIM1
SIM2
SIM3
SIM4
1
21
22
SIM5
SIM1
SIM2
SIM3
SIM4
1
21
22
SIM5
SIM1
SIM2
SIM3
SIM4
1
21
22
SIM5
SIM1
SIM2
SIM3
SIM4
1
21
22
SIM5
SIM1
SIM2
SIM3
SIM4
1
21
22
SIM5
SIM1
SIM2
SIM3
SIM4
1
21
22
SIM5
SIM1
SIM2
SIM3
SIM4
1
21
22
SIM5
SIM1
SIM2
SIM3
SIM4
1
21
22
SIM5
SIM1
SIM2
SIM3
SIM4
1
21
22
SIM5
SIM1
SIM2
SIM3
SIM4
1
21
22
SIM5
SIM1
SIM2
SIM3
SIM4
1
21
22
SIM5
SIM1
SIM2
SIM3
SIM4
1
21
22
SIM5
SIM1
SIM2
SIM3
SIM4
1
21
22
SIM5
SIM1
SIM2
SIM3
SIM4
1
21
22
SIM5
SIM1
SIM2
SIM3
SIM4
1
21
22
SIM5
SIM1
SIM2
SIM3
SIM4
1
21
22
SIM5
SIM1
SIM2
SIM3
SIM4
1
21
22
SIM5
SIM1
SIM2
SIM3
SIM4
1
21
22
SIM5
SIM1
SIM2
SIM3
SIM4
1
21
22
SIM5
SIM1
SIM2
SIM3
SIM4
1
21
22
SIM5
SIM1
SIM2
SIM3
SIM4
1
21
22
SIM5
SIM1
SIM2
SIM3
SIM4
1
21
22
SIM5
SIM1
SIM2
SIM3
SIM4
1
21
22
SIM5
SIM1
SIM2
SIM3
SIM4
1
21
22
SIM5
SIM1
SIM2
SIM3
SIM4
1
21
22
SIM5
SIM1
SIM2
SIM3
SIM4
1
21
22
SIM5
SIM1
SIM2
SIM3
SIM4
1
21
22
SIM5
SIM1
SIM2
SIM3
SIM4
1
21
22
SIM5
SIM1
SIM2
SIM3
SIM4
1
21
22
SIM5
SIM1
SIM2
SIM3
SIM4
1
21
22
SIM5
SIM1
SIM2
SIM3
SIM4
1
21
22
SIM5
SIM1
SIM2
SIM3
SIM4
1
21
22
SIM5
SIM1
SIM2
SIM3
SIM4
1
21
22
SIM5
SIM1
SIM2
SIM3
SIM4
1
21
22
SIM5
SIM1
SIM2
SIM3
SIM4
1
21
22
SIM5
SIM1
SIM2
SIM3
SIM4
1
21
22
SIM5
SIM1
SIM2
SIM3
SIM4
1
21
22
SIM5
SIM1
SIM2
SIM3
SIM4
1
21
22
SIM5
SIM1
SIM2
SIM3
SIM4
1
21
22
SIM5
SIM1
SIM2
SIM3
SIM4
1
21
22
SIM5
SIM1
SIM2
SIM3
SIM4
1
21
22
SIM5
SIM1
SIM2
SIM3
SIM4
1
21
22
SIM5
SIM1
SIM2
SIM3
SIM4
1
21
22
SIM5
SIM1
SIM2
SIM3
SIM4
1
21
22
SIM5
SIM1
SIM2
SIM3
SIM4
1
21
22
SIM5
SIM1
SIM2
SIM3
SIM4
1
21
22
SIM5
SIM1
SIM2
SIM3
SIM4
1
21
22
SIM5
SIM1
SIM2
SIM3
SIM4
1
21
22
SIM5
SIM1
SIM2
SIM3
SIM4
1
21
22
SIM5
SIM1
SIM2
SIM3
SIM4
1
21
22
SIM5
SIM1
SIM2
SIM3
SIM4
1
21
22
SIM5
SIM1
SIM2
SIM3
SIM4
1
21
22
SIM5
SIM1
SIM2
SIM3
SIM4
1
21
22
SIM5
SIM1
SIM2
SIM3
SIM4
1
21
22
SIM5
SIM1
SIM2
SIM3
SIM4
1
21
22
SIM5
SIM1
SIM2
SIM3
SIM4
1
21
22
SIM5
SIM1
SIM2
SIM3
SIM4
1
21
22
SIM5
SIM1
SIM2
SIM3
SIM4
1
21
22
SIM5
SIM1
SIM2
SIM3
SIM4
1
21
22
SIM5
SIM1
SIM2
SIM3
SIM4
1
21
22
SIM5
SIM1
SIM2
SIM3
SIM4
1
21
22
SIM5
SIM1
SIM2
SIM3
SIM4
1
21
22
SIM5
SIM1
SIM2
SIM3
SIM4
1
21
22
SIM5
SIM1
SIM2
SIM3
SIM4
1
21
22
SIM5
SIM1
SIM2
SIM3
SIM4
1
21
22
SIM5
SIM1
SIM2
SIM3
SIM4
1
21
22
SIM5
SIM1
SIM2
SIM3
SIM4
1
21
22
SIM5
SIM1
SIM2
SIM3
SIM4
1
21
22
SIM5
SIM1
SIM2
SIM3
SIM4
1
21
22
SIM5
SIM1
SIM2
SIM3
SIM4
1
21
22
SIM5
SIM1
SIM2
SIM3
SIM4
1
21
22
SIM5
SIM1
SIM2
SIM3
SIM4
1
21
22
SIM5
SIM1
SIM2
SIM3
SIM4
1
21
22
SIM5
SIM1
SIM2
SIM3
SIM4
1
21
22
SIM5
SIM1
SIM2
SIM3
SIM4
1
21
22
SIM5
SIM1
SIM2
SIM3
SIM4
1
21
22
SIM5
SIM1
SIM2
SIM3
SIM4
1
21
22
SIM5
SIM1
SIM2
SIM3
SIM4
1
21
22
SIM5
SIM1
SIM2
SIM3
SIM4
1
21
22
SIM5
SIM1
SIM2
SIM3
SIM4
1
21
22
SIM5
SIM1
SIM2
SIM3
SIM4
1
21
22
SIM5
SIM1
SIM2
SIM3
SIM4
1
21
22
SIM5
SIM1
SIM2
SIM3
SIM4
1
21
22
SIM5
SIM1
SIM2
SIM3
SIM4
1
21
22
SIM5
SIM1
SIM2
SIM3
SIM4
1
21
22
SIM5
SIM1
SIM2
SIM3
SIM4
1
21
22
SIM5
SIM1
SIM2
SIM3
SIM4
1
21
22
SIM5
SIM1
SIM2
SIM3
SIM4
1
21
22
SIM5
SIM1
SIM2
SIM3
SIM4
1
21
22
SIM5
SIM1
SIM2
SIM3
SIM4
1
21
22
SIM5
SIM1
SIM2
SIM3
SIM4
1
21
22
SIM5
SIM1
SIM2
SIM3
SIM4
1
21
22
SIM5
SIM1
SIM2
SIM3
SIM4
1
21
22
SIM5
SIM1
SIM2
SIM3
SIM4
1
21
22
SIM5
SIM1
SIM2
SIM3
SIM4
1
21
22
SIM5
SIM1
SIM2
SIM3
SIM4
1
21
22
SIM5
SIM1
SIM2
SIM3
SIM4
1
21
22
SIM5
SIM1
SIM2
SIM3
SIM4
1
21
22
SIM5
SIM1
SIM2
SIM3
SIM4
1
21
22
SIM5
SIM1
SIM2
SIM3
SIM4
1
21
22
SIM5
SIM1
SIM2
SIM3
SIM4
1
21
22
SIM5
SIM1
SIM2
SIM3
SIM4
1
21
22
SIM5
SIM1
SIM2
SIM3
SIM4
1
21
22
SIM5
SIM1
SIM2
SIM3
SIM4
1
21
22
SIM5
SIM1
SIM2
SIM3
SIM4
1
21
22
SIM5
SIM1
SIM2
SIM3
SIM4
1
21
22
SIM5
SIM1
SIM2
SIM3
SIM4
1
21
22
SIM5
SIM1
SIM2
SIM3
SIM4
1
21
22
SIM5
SIM1
SIM2
SIM3
SIM4
1
21
22
SIM5
SIM1
SIM2
SIM3
SIM4
1
21
22
SIM5
SIM1
SIM2
SIM3
SIM4
1
21
22
SIM5
SIM1
SIM2
SIM3
SIM4
1
21
22
SIM5
SIM1
SIM2
SIM3
SIM4
1
21
22
SIM5
SIM1
SIM2
SIM3
SIM4
1
21
22
SIM5
SIM1
SIM2
SIM3
SIM4
1
21
22
SIM5
SIM1
SIM2
SIM3
SIM4
1
21
22
SIM5
SIM1
SIM2
SIM3
SIM4
1
21
22
SIM5
SIM1
SIM2
SIM3
SIM4
1
21
22
SIM5
SIM1
SIM2
SIM3
SIM4
1
21
22
SIM5
SIM1
SIM2
SIM3
SIM4
1
21
22
SIM5
SIM1
SIM2
SIM3
SIM4
1
21
22
SIM5
SIM1
SIM2
SIM3
SIM4
1
21
22
SIM5
SIM1
SIM2
SIM3
SIM4
1
21
22
SIM5
SIM1
SIM2
SIM3
SIM4
1
21
22
SIM5
SIM1
SIM2
SIM3
SIM4
1
21
22
SIM5
SIM1
SIM2
SIM3
SIM4
1
21
22
SIM5
SIM1
SIM2
SIM3
SIM4
1
21
22
SIM5
SIM1
SIM2
SIM3
SIM4
1
21
22
SIM5
SIM1
SIM2
SIM3
SIM4
1
21
22
SIM5
SIM1
SIM2
SIM3
SIM4
1
21
22
SIM5
SIM1
SIM2
SIM3
SIM4
1
21
22
SIM5
SIM1
SIM2
SIM3
SIM4
1
21
22
SIM5
SIM1
SIM2
SIM3
SIM4
1
21
22
SIM5
SIM1
SIM2
SIM3
SIM4
1
21
22
SIM5
SIM1
SIM2
SIM3
SIM4
1
21
22
SIM5
SIM1
SIM2
SIM3
SIM4
1
21
22
SIM5
SIM1
SIM2
SIM3
SIM4
1
21
22
SIM5
SIM1
SIM2
SIM3
SIM4
1
21
22
SIM5
SIM1
SIM2
SIM3
SIM4
1
21
22
SIM5
SIM1
SIM2
SIM3
SIM4
1
21
22
SIM5
SIM1
SIM2
SIM3
SIM4
1
21
22
SIM5
SIM1
SIM2
SIM3
SIM4
1
21
22
SIM5
SIM1
SIM2
SIM3
SIM4
1
21
22
SIM5
SIM1
SIM2
SIM3
SIM4
1
21
22
SIM5
SIM1
SIM2
SIM3
SIM4
1
21
22
SIM5
SIM1
SIM2
SIM3
SIM4
1
21
22
SIM5
SIM1
SIM2
SIM3
SIM4
1
21
22
SIM5
SIM1
SIM2
SIM3
SIM4
1
21
22
SIM5
SIM1
SIM2
SIM3
SIM4
1
21
22
SIM5
SIM1
SIM2
SIM3
SIM4
1
21
22
SIM5
SIM1
SIM2
SIM3
SIM4
1
21
22
SIM5
SIM1
SIM2
SIM3
SIM4
1
21
22
SIM5
SIM1
SIM2
SIM3
SIM4
1
21
22
SIM5
SIM1
SIM2
SIM3
SIM4
1
21
22
SIM5
SIM1
SIM2
SIM3
SIM4
1
21
22
SIM5
SIM1
SIM2
SIM3
SIM4
1
21
22
SIM5
SIM1
SIM2
SIM3
SIM4
1
21
22
SIM5
SIM1
SIM2
SIM3
SIM4
1
21
22
SIM5
SIM1
SIM2
SIM3
SIM4
1
21
22
SIM5
SIM1
SIM2
SIM3
SIM4
1
21
22
SIM5
SIM1
SIM2
SIM3
SIM4
1
21
22
SIM5
SIM1
SIM2
SIM3
SIM4
1
21
22
SIM5
SIM1
SIM2
SIM3
SIM4
1
21
22
SIM5
SIM1
SIM2
SIM3
SIM4
1
21
22
SIM5
SIM1
SIM2
SIM3
SIM4
1
21
22
SIM5
SIM1
SIM2
SIM3
SIM4
1
21
22
SIM5
SIM1
SIM2
SIM3
SIM4
1
21
22
SIM5
SIM1
SIM2
SIM3
SIM4
1
21
22
SIM5
SIM1
SIM2
SIM3
SIM4
1
21
22
SIM5
SIM1
SIM2
SIM3
SIM4
1
21
22
SIM5
SIM1
SIM2
SIM3
SIM4
1
21
22
SIM5
SIM1
SIM2
SIM3
SIM4
1
21
22
SIM5
SIM1
SIM2
SIM3
SIM4
1
21
22
SIM5
SIM1
SIM2
SIM3
SIM4
1
21
22
SIM5
SIM1
SIM2
SIM3
SIM4
1
21
22
SIM5
SIM1
SIM2
SIM3
SIM4
1
21
22
SIM5
SIM1
SIM2
SIM3
SIM4
1
21
22
SIM5
SIM1
SIM2
SIM3
SIM4
1
21
22
SIM5
SIM1
SIM2
SIM3
SIM4
1
21
22
SIM5
SIM1
SIM2
SIM3
SIM4
1
21
22
SIM5
SIM1
SIM2
SIM3
SIM4
1
21
22
SIM5
SIM1
SIM2
SIM3
SIM4
1
21
22
SIM5
SIM1
SIM2
SIM3
SIM4
1
21
22
SIM5
SIM1
SIM2
SIM3
SIM4
1
21
22
SIM5
SIM1
SIM2
SIM3
SIM4
1
21
22
SIM5
SIM1
SIM2
SIM3
SIM4
1
21
22
SIM5
SIM1
SIM2
SIM3
SIM4
1
21
22
SIM5
SIM1
SIM2
SIM3
SIM4
1
21
22
SIM5
SIM1
SIM2
SIM3
SIM4
1
21
22
SIM5
SIM1
SIM2
SIM3
SIM4
1
21
22
SIM5
SIM1
SIM2
SIM3
SIM4
1
21
22
SIM5
SIM1
SIM2
SIM3
SIM4
1
21
22
SIM5
SIM1
SIM2
SIM3
SIM4
1
21
22
SIM5
SIM1
SIM2
SIM3
SIM4
1
21
22
SIM5
SIM1
SIM2
SIM3
SIM4
1
21
22
SIM5
SIM1
SIM2
SIM3
SIM4
1
21
22
SIM5
SIM1
SIM2
SIM3
SIM4
1
21
22
SIM5
SIM1
SIM2
SIM3
SIM4
1
21
22
SIM5
SIM1
SIM2
SIM3
SIM4
1
21
22
SIM5
SIM1
SIM2
SIM3
SIM4
1
21
22
SIM5
SIM1
SIM2
SIM3
SIM4
1
21
22
SIM5
SIM1
SIM2
SIM3
SIM4
1
21
22
SIM5
SIM1
SIM2
SIM3
SIM4
1
21
22
SIM5
SIM1
SIM2
SIM3
SIM4
1
21
22
SIM5
SIM1
SIM2
SIM3
SIM4
1
21
22
SIM5
SIM1
SIM2
SIM3
SIM4
1
21
22
SIM5
SIM1
SIM2
SIM3
SIM4
1
21
22
SIM5
SIM1
SIM2
SIM3
SIM4
1
21
22
SIM5
SIM1
SIM2
SIM3
SIM4
1
21
22
SIM5
SIM1
SIM2
SIM3
SIM4
1
21
22
SIM5
SIM1
SIM2
SIM3
SIM4
1
21
22
SIM5
SIM1
SIM2
SIM3
SIM4
1
21
22
SIM5
SIM1
SIM2
SIM3
SIM4
1
21
22
SIM5
SIM1
SIM2
SIM3
SIM4
1
21
22
SIM5
SIM1
SIM2
SIM3
SIM4
1
21
22
SIM5
SIM1
SIM2
SIM3
SIM4
1
21
22
SIM5
SIM1
SIM2
SIM3
SIM4
1
21
22
SIM5
SIM1
SIM2
SIM3
SIM4
1
21
22
SIM5
SIM1
SIM2
SIM3
SIM4
1
21
22
SIM5
SIM1
SIM2
SIM3
SIM4
1
21
22
SIM5
SIM1
SIM2
SIM3
SIM4
1
21
22
SIM5
SIM1
SIM2
SIM3
SIM4
1
21
22
SIM5
SIM1
SIM2
SIM3
SIM4
1
21
22
SIM5
SIM1
SIM2
SIM3
SIM4
1
21
22
SIM5
SIM1
SIM2
SIM3
SIM4
1
21
22
SIM5
SIM1
SIM2
SIM3
SIM4
1
21
22
SIM5
SIM1
SIM2
SIM3
SIM4
1
21
22
SIM5
SIM1
SIM2
SIM3
SIM4
1
21
22
SIM5
SIM1
SIM2
SIM3
SIM4
1
21
22
SIM5
SIM1
SIM2
DEBUG 1 540
SIM1
SIM2
SIM3
SIM4
1
21
22
SIM5
SIM1
SIM2
SIM3
SIM4
1
21
22
SIM5
SIM1
SIM2
SIM3
SIM4
1
21
22
SIM5
SIM1
SIM2
SIM3
SIM4
1
21
22
SIM5
SIM1
SIM2
SIM3
SIM4
1
21
22
SIM5
SIM1
SIM2
SIM3
SIM4
1
21
22
SIM5
SIM1
SIM2
SIM3
SIM4
1
21
22
SIM5
SIM1
SIM2
SIM3
SIM4
1
21
22
SIM5
SIM1
SIM2
SIM3
SIM4
1
21
22
SIM5
SIM1
SIM2
SIM3
SIM4
1
21
22
SIM5
SIM1
SIM2
SIM3
SIM4
1
21
22
SIM5
SIM1
SIM2
SIM3
SIM4
1
21
22
SIM5
SIM1
SIM2
SIM3
SIM4
1
21
22
SIM5
SIM1
SIM2
SIM3
SIM4
1
21
22
SIM5
SIM1
SIM2
SIM3
SIM4
1
21
22
SIM5
SIM1
SIM2
SIM3
SIM4
1
21
22
SIM5
SIM1
SIM2
SIM3
SIM4
1
21
22
SIM5
SIM1
SIM2
SIM3
SIM4
1
21
22
SIM5
SIM1
SIM2
SIM3
SIM4
1
21
22
SIM5
SIM1
SIM2
SIM3
SIM4
1
21
22
SIM5
SIM1
SIM2
SIM3
SIM4
1
21
22
SIM5
SIM1
SIM2
SIM3
SIM4
1
21
22
SIM5
SIM1
SIM2
SIM3
SIM4
1
21
22
SIM5
SIM1
SIM2
SIM3
SIM4
1
21
22
SIM5
SIM1
SIM2
SIM3
SIM4
1
21
22
SIM5
SIM1
SIM2
SIM3
SIM4
1
21
22
SIM5
SIM1
SIM2
SIM3
SIM4
1
21
22
SIM5
SIM1
SIM2
SIM3
SIM4
1
21
22
SIM5
SIM1
SIM2
SIM3
SIM4
1
21
22
SIM5
SIM1
SIM2
SIM3
SIM4
1
21
22
SIM5
SIM1
SIM2
SIM3
SIM4
1
21
22
SIM5
SIM1
SIM2
SIM3
SIM4
1
21
22
SIM5
SIM1
SIM2
SIM3
SIM4
1
21
22
SIM5
SIM1
SIM2
SIM3
SIM4
1
21
22
SIM5
SIM1
SIM2
SIM3
SIM4
1
21
22
SIM5
SIM1
SIM2
SIM3
SIM4
1
21
22
SIM5
SIM1
SIM2
SIM3
SIM4
1
21
22
SIM5
SIM1
SIM2
SIM3
SIM4
1
21
22
SIM5
SIM1
SIM2
SIM3
SIM4
1
21
22
SIM5
SIM1
SIM2
SIM3
SIM4
1
21
22
SIM5
SIM1
SIM2
SIM3
SIM4
1
21
22
SIM5
SIM1
SIM2
SIM3
SIM4
1
21
22
SIM5
SIM1
SIM2
SIM3
SIM4
1
21
22
SIM5
SIM1
SIM2
SIM3
SIM4
1
21
22
SIM5
SIM1
SIM2
SIM3
SIM4
1
21
22
SIM5
SIM1
SIM2
SIM3
SIM4
1
21
22
SIM5
SIM1
SIM2
SIM3
SIM4
1
21
22
SIM5
SIM1
SIM2
SIM3
SIM4
1
21
22
SIM5
SIM1
SIM2
SIM3
SIM4
1
21
22
SIM5
SIM1
SIM2
SIM3
SIM4
1
21
22
SIM5
SIM1
SIM2
SIM3
SIM4
1
21
22
SIM5
SIM1
SIM2
SIM3
SIM4
1
21
22
SIM5
SIM1
SIM2
SIM3
SIM4
1
21
22
SIM5
SIM1
SIM2
SIM3
SIM4
1
21
22
SIM5
SIM1
SIM2
SIM3
SIM4
1
21
22
SIM5
SIM1
SIM2
SIM3
SIM4
1
21
22
SIM5
SIM1
SIM2
SIM3
SIM4
1
21
22
SIM5
SIM1
SIM2
SIM3
SIM4
1
21
22
SIM5
SIM1
SIM2
SIM3
SIM4
1
21
22
SIM5
SIM1
SIM2
SIM3
SIM4
1
21
22
SIM5
SIM1
SIM2
SIM3
SIM4
1
21
22
SIM5
SIM1
SIM2
SIM3
SIM4
1
21
22
SIM5
SIM1
SIM2
SIM3
SIM4
1
21
22
SIM5
SIM1
SIM2
SIM3
SIM4
1
21
22
SIM5
SIM1
SIM2
SIM3
SIM4
1
21
22
SIM5
SIM1
SIM2
SIM3
SIM4
1
21
22
SIM5
SIM1
SIM2
SIM3
SIM4
1
21
22
SIM5
SIM1
SIM2
SIM3
SIM4
1
21
22
SIM5
SIM1
SIM2
SIM3
SIM4
1
21
22
SIM5
SIM1
SIM2
SIM3
SIM4
1
21
22
SIM5
SIM1
SIM2
SIM3
SIM4
1
21
22
SIM5
SIM1
SIM2
SIM3
SIM4
1
21
22
SIM5
SIM1
SIM2
SIM3
SIM4
1
21
22
SIM5
SIM1
SIM2
SIM3
SIM4
1
21
22
SIM5
SIM1
SIM2
SIM3
SIM4
1
21
22
SIM5
SIM1
SIM2
SIM3
SIM4
1
21
22
SIM5
SIM1
SIM2
SIM3
SIM4
1
21
22
SIM5
SIM1
SIM2
SIM3
SIM4
1
21
22
SIM5
SIM1
SIM2
SIM3
SIM4
1
21
22
SIM5
SIM1
SIM2
SIM3
SIM4
1
21
22
SIM5
SIM1
SIM2
SIM3
SIM4
1
21
22
SIM5
SIM1
SIM2
SIM3
SIM4
1
21
22
SIM5
SIM1
SIM2
SIM3
SIM4
1
21
22
SIM5
SIM1
SIM2
SIM3
SIM4
1
21
22
SIM5
SIM1
SIM2
SIM3
SIM4
1
21
22
SIM5
SIM1
SIM2
SIM3
SIM4
1
21
22
SIM5
SIM1
SIM2
SIM3
SIM4
1
21
22
SIM5
SIM1
SIM2
SIM3
SIM4
1
21
22
SIM5
SIM1
SIM2
SIM3
SIM4
1
21
22
SIM5
SIM1
SIM2
SIM3
SIM4
1
21
22
SIM5
SIM1
SIM2
SIM3
SIM4
1
21
22
SIM5
SIM1
SIM2
SIM3
SIM4
1
21
22
SIM5
SIM1
SIM2
SIM3
SIM4
1
21
22
SIM5
SIM1
SIM2
SIM3
SIM4
1
21
22
SIM5
SIM1
SIM2
SIM3
SIM4
1
21
22
SIM5
SIM1
SIM2
SIM3
SIM4
1
21
22
SIM5
SIM1
SIM2
SIM3
SIM4
1
21
22
SIM5
SIM1
SIM2
SIM3
SIM4
1
21
22
SIM5
SIM1
SIM2
SIM3
SIM4
1
21
22
SIM5
SIM1
SIM2
SIM3
SIM4
1
21
22
SIM5
SIM1
SIM2
SIM3
SIM4
1
21
22
SIM5
SIM1
SIM2
SIM3
SIM4
1
21
22
SIM5
SIM1
SIM2
SIM3
SIM4
1
21
22
SIM5
SIM1
SIM2
SIM3
SIM4
1
21
22
SIM5
SIM1
SIM2
SIM3
SIM4
1
21
22
SIM5
SIM1
SIM2
SIM3
SIM4
1
21
22
SIM5
SIM1
SIM2
SIM3
SIM4
1
21
22
SIM5
SIM1
SIM2
SIM3
SIM4
1
21
22
SIM5
SIM1
SIM2
SIM3
SIM4
1
21
22
SIM5
SIM1
SIM2
SIM3
SIM4
1
21
22
SIM5
SIM1
SIM2
SIM3
SIM4
1
21
22
SIM5
SIM1
SIM2
SIM3
SIM4
1
21
22
SIM5
SIM1
SIM2
SIM3
SIM4
1
21
22
SIM5
SIM1
SIM2
SIM3
SIM4
1
21
22
SIM5
SIM1
SIM2
SIM3
SIM4
1
21
22
SIM5
SIM1
SIM2
SIM3
SIM4
1
21
22
SIM5
SIM1
SIM2
SIM3
SIM4
1
21
22
SIM5
SIM1
SIM2
SIM3
SIM4
1
21
22
SIM5
SIM1
SIM2
SIM3
SIM4
1
21
22
SIM5
SIM1
SIM2
SIM3
SIM4
1
21
22
SIM5
SIM1
SIM2
SIM3
SIM4
1
21
22
SIM5
SIM1
SIM2
SIM3
SIM4
1
21
22
SIM5
SIM1
SIM2
SIM3
SIM4
1
21
22
SIM5
SIM1
SIM2
SIM3
SIM4
1
21
22
SIM5
SIM1
SIM2
SIM3
SIM4
1
21
22
SIM5
SIM1
SIM2
SIM3
SIM4
1
21
22
SIM5
SIM1
SIM2
SIM3
SIM4
1
21
22
SIM5
SIM1
SIM2
SIM3
SIM4
1
21
22
SIM5
SIM1
SIM2
SIM3
SIM4
1
21
22
SIM5
SIM1
SIM2
SIM3
SIM4
1
21
22
SIM5
SIM1
SIM2
SIM3
SIM4
1
21
22
SIM5
SIM1
SIM2
SIM3
SIM4
1
21
22
SIM5
SIM1
SIM2
SIM3
SIM4
1
21
22
SIM5
SIM1
SIM2
SIM3
SIM4
1
21
22
SIM5
SIM1
SIM2
SIM3
SIM4
1
21
22
SIM5
SIM1
SIM2
SIM3
SIM4
1
21
22
SIM5
SIM1
SIM2
SIM3
SIM4
1
21
22
SIM5
SIM1
SIM2
SIM3
SIM4
1
21
22
SIM5
SIM1
SIM2
SIM3
SIM4
1
21
22
SIM5
SIM1
SIM2
SIM3
SIM4
1
21
22
SIM5
SIM1
SIM2
SIM3
SIM4
1
21
22
SIM5
SIM1
SIM2
SIM3
SIM4
1
21
22
SIM5
SIM1
SIM2
SIM3
SIM4
1
21
22
SIM5
SIM1
SIM2
SIM3
SIM4
1
21
22
SIM5
SIM1
SIM2
SIM3
SIM4
1
21
22
SIM5
SIM1
SIM2
SIM3
SIM4
1
21
22
SIM5
SIM1
SIM2
SIM3
SIM4
1
21
22
SIM5
SIM1
SIM2
SIM3
SIM4
1
21
22
SIM5
SIM1
SIM2
SIM3
SIM4
1
21
22
SIM5
SIM1
SIM2
SIM3
SIM4
1
21
22
SIM5
SIM1
SIM2
SIM3
SIM4
1
21
22
SIM5
SIM1
SIM2
SIM3
SIM4
1
21
22
SIM5
SIM1
SIM2
SIM3
SIM4
1
21
22
SIM5
SIM1
SIM2
SIM3
SIM4
1
21
22
SIM5
SIM1
SIM2
SIM3
SIM4
1
21
22
SIM5
SIM1
SIM2
SIM3
SIM4
1
21
22
SIM5
SIM1
SIM2
SIM3
SIM4
1
21
22
SIM5
SIM1
SIM2
SIM3
SIM4
1
21
22
SIM5
SIM1
SIM2
SIM3
SIM4
1
21
22
SIM5
SIM1
SIM2
SIM3
SIM4
1
21
22
SIM5
SIM1
SIM2
SIM3
SIM4
1
21
22
SIM5
SIM1
SIM2
SIM3
SIM4
1
21
22
SIM5
SIM1
SIM2
SIM3
SIM4
1
21
22
SIM5
SIM1
SIM2
SIM3
SIM4
1
21
22
SIM5
SIM1
SIM2
SIM3
SIM4
1
21
22
SIM5
SIM1
SIM2
SIM3
SIM4
1
21
22
SIM5
SIM1
SIM2
SIM3
SIM4
1
21
22
SIM5
SIM1
SIM2
SIM3
SIM4
1
21
22
SIM5
SIM1
SIM2
SIM3
SIM4
1
21
22
SIM5
SIM1
SIM2
SIM3
SIM4
1
21
22
SIM5
SIM1
SIM2
SIM3
SIM4
1
21
22
SIM5
SIM1
SIM2
SIM3
SIM4
1
21
22
SIM5
SIM1
SIM2
SIM3
SIM4
1
21
22
SIM5
SIM1
SIM2
SIM3
SIM4
1
21
22
SIM5
SIM1
SIM2
SIM3
SIM4
1
21
22
SIM5
SIM1
SIM2
SIM3
SIM4
1
21
22
SIM5
SIM1
SIM2
SIM3
SIM4
1
21
22
SIM5
SIM1
SIM2
SIM3
SIM4
1
21
22
SIM5
SIM1
SIM2
SIM3
SIM4
1
21
22
SIM5
SIM1
SIM2
SIM3
SIM4
1
21
22
SIM5
SIM1
SIM2
SIM3
SIM4
1
21
22
SIM5
SIM1
SIM2
SIM3
SIM4
1
21
22
SIM5
SIM1
SIM2
SIM3
SIM4
1
21
22
SIM5
SIM1
SIM2
SIM3
SIM4
1
21
22
SIM5
SIM1
SIM2
SIM3
SIM4
1
21
22
SIM5
SIM1
SIM2
SIM3
SIM4
1
21
22
SIM5
SIM1
SIM2
SIM3
SIM4
1
21
22
SIM5
SIM1
SIM2
SIM3
SIM4
1
21
22
SIM5
SIM1
SIM2
SIM3
SIM4
1
21
22
SIM5
SIM1
SIM2
SIM3
SIM4
1
21
22
SIM5
SIM1
SIM2
SIM3
SIM4
1
21
22
SIM5
SIM1
SIM2
SIM3
SIM4
1
21
22
SIM5
SIM1
SIM2
SIM3
SIM4
1
21
22
SIM5
SIM1
SIM2
SIM3
SIM4
1
21
22
SIM5
SIM1
SIM2
SIM3
SIM4
1
21
22
SIM5
SIM1
SIM2
SIM3
SIM4
1
21
22
SIM5
SIM1
SIM2
SIM3
SIM4
1
21
22
SIM5
SIM1
SIM2
SIM3
SIM4
1
21
22
SIM5
SIM1
SIM2
SIM3
SIM4
1
21
22
SIM5
SIM1
SIM2
SIM3
SIM4
1
21
22
SIM5
SIM1
SIM2
SIM3
SIM4
1
21
22
SIM5
SIM1
SIM2
SIM3
SIM4
1
21
22
SIM5
SIM1
SIM2
SIM3
SIM4
1
21
22
SIM5
SIM1
SIM2
SIM3
SIM4
1
21
22
SIM5
SIM1
SIM2
SIM3
SIM4
1
21
22
SIM5
SIM1
SIM2
SIM3
SIM4
1
21
22
SIM5
SIM1
SIM2
SIM3
SIM4
1
21
22
SIM5
SIM1
SIM2
SIM3
SIM4
1
21
22
SIM5
SIM1
SIM2
SIM3
SIM4
1
21
22
SIM5
SIM1
SIM2
SIM3
SIM4
1
21
22
SIM5
SIM1
SIM2
DEBUG 1 541
SIM1
SIM2
SIM3
SIM4
1
21
22
SIM5
SIM1
SIM2
SIM3
SIM4
1
21
22
SIM5
SIM1
SIM2
SIM3
SIM4
1
21
22
SIM5
SIM1
SIM2
SIM3
SIM4
1
21
22
SIM5
SIM1
SIM2
SIM3
SIM4
1
21
22
SIM5
SIM1
SIM2
SIM3
SIM4
1
21
22
SIM5
SIM1
SIM2
SIM3
SIM4
1
21
22
SIM5
SIM1
SIM2
SIM3
SIM4
1
21
22
SIM5
SIM1
SIM2
SIM3
SIM4
1
21
22
SIM5
SIM1
SIM2
SIM3
SIM4
1
21
22
SIM5
SIM1
SIM2
SIM3
SIM4
1
21
22
SIM5
SIM1
SIM2
SIM3
SIM4
1
21
22
SIM5
SIM1
SIM2
SIM3
SIM4
1
21
22
SIM5
SIM1
SIM2
SIM3
SIM4
1
21
22
SIM5
SIM1
SIM2
SIM3
SIM4
1
21
22
SIM5
SIM1
SIM2
SIM3
SIM4
1
21
22
SIM5
SIM1
SIM2
SIM3
SIM4
1
21
22
SIM5
SIM1
SIM2
SIM3
SIM4
1
21
22
SIM5
SIM1
SIM2
SIM3
SIM4
1
21
22
SIM5
SIM1
SIM2
SIM3
SIM4
1
21
22
SIM5
SIM1
SIM2
SIM3
SIM4
1
21
22
SIM5
SIM1
SIM2
SIM3
SIM4
1
21
22
SIM5
SIM1
SIM2
SIM3
SIM4
1
21
22
SIM5
SIM1
SIM2
SIM3
SIM4
1
21
22
SIM5
SIM1
SIM2
SIM3
SIM4
1
21
22
SIM5
SIM1
SIM2
SIM3
SIM4
1
21
22
SIM5
SIM1
SIM2
SIM3
SIM4
1
21
22
SIM5
SIM1
SIM2
SIM3
SIM4
1
21
22
SIM5
SIM1
SIM2
SIM3
SIM4
1
21
22
SIM5
SIM1
SIM2
SIM3
SIM4
1
21
22
SIM5
SIM1
SIM2
SIM3
SIM4
1
21
22
SIM5
SIM1
SIM2
SIM3
SIM4
1
21
22
SIM5
SIM1
SIM2
SIM3
SIM4
1
21
22
SIM5
SIM1
SIM2
SIM3
SIM4
1
21
22
SIM5
SIM1
SIM2
SIM3
SIM4
1
21
22
SIM5
SIM1
SIM2
SIM3
SIM4
1
21
22
SIM5
SIM1
SIM2
SIM3
SIM4
1
21
22
SIM5
SIM1
SIM2
SIM3
SIM4
1
21
22
SIM5
SIM1
SIM2
SIM3
SIM4
1
21
22
SIM5
SIM1
SIM2
SIM3
SIM4
1
21
22
SIM5
SIM1
SIM2
SIM3
SIM4
1
21
22
SIM5
SIM1
SIM2
SIM3
SIM4
1
21
22
SIM5
SIM1
SIM2
SIM3
SIM4
1
21
22
SIM5
SIM1
SIM2
SIM3
SIM4
1
21
22
SIM5
SIM1
SIM2
SIM3
SIM4
1
21
22
SIM5
SIM1
SIM2
SIM3
SIM4
1
21
22
SIM5
SIM1
SIM2
SIM3
SIM4
1
21
22
SIM5
SIM1
SIM2
SIM3
SIM4
1
21
22
SIM5
SIM1
SIM2
SIM3
SIM4
1
21
22
SIM5
SIM1
SIM2
SIM3
SIM4
1
21
22
SIM5
SIM1
SIM2
SIM3
SIM4
1
21
22
SIM5
SIM1
SIM2
SIM3
SIM4
1
21
22
SIM5
SIM1
SIM2
SIM3
SIM4
1
21
22
SIM5
SIM1
SIM2
SIM3
SIM4
1
21
22
SIM5
SIM1
SIM2
SIM3
SIM4
1
21
22
SIM5
SIM1
SIM2
SIM3
SIM4
1
21
22
SIM5
SIM1
SIM2
SIM3
SIM4
1
21
22
SIM5
SIM1
SIM2
SIM3
SIM4
1
21
22
SIM5
SIM1
SIM2
SIM3
SIM4
1
21
22
SIM5
SIM1
SIM2
SIM3
SIM4
1
21
22
SIM5
SIM1
SIM2
SIM3
SIM4
1
21
22
SIM5
SIM1
SIM2
SIM3
SIM4
1
21
22
SIM5
SIM1
SIM2
SIM3
SIM4
1
21
22
SIM5
SIM1
SIM2
SIM3
SIM4
1
21
22
SIM5
SIM1
SIM2
SIM3
SIM4
1
21
22
SIM5
SIM1
SIM2
SIM3
SIM4
1
21
22
SIM5
SIM1
SIM2
SIM3
SIM4
1
21
22
SIM5
SIM1
SIM2
SIM3
SIM4
1
21
22
SIM5
SIM1
SIM2
SIM3
SIM4
1
21
22
SIM5
SIM1
SIM2
SIM3
SIM4
1
21
22
SIM5
SIM1
SIM2
SIM3
SIM4
1
21
22
SIM5
SIM1
SIM2
SIM3
SIM4
1
21
22
SIM5
SIM1
SIM2
SIM3
SIM4
1
21
22
SIM5
SIM1
SIM2
SIM3
SIM4
1
21
22
SIM5
SIM1
SIM2
SIM3
SIM4
1
21
22
SIM5
SIM1
SIM2
SIM3
SIM4
1
21
22
SIM5
SIM1
SIM2
SIM3
SIM4
1
21
22
SIM5
SIM1
SIM2
SIM3
SIM4
1
21
22
SIM5
SIM1
SIM2
SIM3
SIM4
1
21
22
SIM5
SIM1
SIM2
SIM3
SIM4
1
21
22
SIM5
SIM1
SIM2
SIM3
SIM4
1
21
22
SIM5
SIM1
SIM2
SIM3
SIM4
1
21
22
SIM5
SIM1
SIM2
SIM3
SIM4
1
21
22
SIM5
SIM1
SIM2
SIM3
SIM4
1
21
22
SIM5
SIM1
SIM2
SIM3
SIM4
1
21
22
SIM5
SIM1
SIM2
SIM3
SIM4
1
21
22
SIM5
SIM1
SIM2
SIM3
SIM4
1
21
22
SIM5
SIM1
SIM2
SIM3
SIM4
1
21
22
SIM5
SIM1
SIM2
SIM3
SIM4
1
21
22
SIM5
SIM1
SIM2
SIM3
SIM4
1
21
22
SIM5
SIM1
SIM2
SIM3
SIM4
1
21
22
SIM5
SIM1
SIM2
SIM3
SIM4
1
21
22
SIM5
SIM1
SIM2
SIM3
SIM4
1
21
22
SIM5
SIM1
SIM2
SIM3
SIM4
1
21
22
SIM5
SIM1
SIM2
SIM3
SIM4
1
21
22
SIM5
SIM1
SIM2
SIM3
SIM4
1
21
22
SIM5
SIM1
SIM2
SIM3
SIM4
1
21
22
SIM5
SIM1
SIM2
SIM3
SIM4
1
21
22
SIM5
SIM1
SIM2
SIM3
SIM4
1
21
22
SIM5
SIM1
SIM2
SIM3
SIM4
1
21
22
SIM5
SIM1
SIM2
SIM3
SIM4
1
21
22
SIM5
SIM1
SIM2
SIM3
SIM4
1
21
22
SIM5
SIM1
SIM2
SIM3
SIM4
1
21
22
SIM5
SIM1
SIM2
SIM3
SIM4
1
21
22
SIM5
SIM1
SIM2
SIM3
SIM4
1
21
22
SIM5
SIM1
SIM2
SIM3
SIM4
1
21
22
SIM5
SIM1
SIM2
SIM3
SIM4
1
21
22
SIM5
SIM1
SIM2
SIM3
SIM4
1
21
22
SIM5
SIM1
SIM2
SIM3
SIM4
1
21
22
SIM5
SIM1
SIM2
SIM3
SIM4
1
21
22
SIM5
SIM1
SIM2
SIM3
SIM4
1
21
22
SIM5
SIM1
SIM2
SIM3
SIM4
1
21
22
SIM5
SIM1
SIM2
SIM3
SIM4
1
21
22
SIM5
SIM1
SIM2
SIM3
SIM4
1
21
22
SIM5
SIM1
SIM2
SIM3
SIM4
1
21
22
SIM5
SIM1
SIM2
SIM3
SIM4
1
21
22
SIM5
SIM1
SIM2
SIM3
SIM4
1
21
22
SIM5
SIM1
SIM2
SIM3
SIM4
1
21
22
SIM5
SIM1
SIM2
SIM3
SIM4
1
21
22
SIM5
SIM1
SIM2
SIM3
SIM4
1
21
22
SIM5
SIM1
SIM2
SIM3
SIM4
1
21
22
SIM5
SIM1
SIM2
SIM3
SIM4
1
21
22
SIM5
SIM1
SIM2
SIM3
SIM4
1
21
22
SIM5
SIM1
SIM2
SIM3
SIM4
1
21
22
SIM5
SIM1
SIM2
SIM3
SIM4
1
21
22
SIM5
SIM1
SIM2
SIM3
SIM4
1
21
22
SIM5
SIM1
SIM2
SIM3
SIM4
1
21
22
SIM5
SIM1
SIM2
SIM3
SIM4
1
21
22
SIM5
SIM1
SIM2
SIM3
SIM4
1
21
22
SIM5
SIM1
SIM2
SIM3
SIM4
1
21
22
SIM5
SIM1
SIM2
SIM3
SIM4
1
21
22
SIM5
SIM1
SIM2
SIM3
SIM4
1
21
22
SIM5
SIM1
SIM2
SIM3
SIM4
1
21
22
SIM5
SIM1
SIM2
SIM3
SIM4
1
21
22
SIM5
SIM1
SIM2
SIM3
SIM4
1
21
22
SIM5
SIM1
SIM2
SIM3
SIM4
1
21
22
SIM5
SIM1
SIM2
SIM3
SIM4
1
21
22
SIM5
SIM1
SIM2
SIM3
SIM4
1
21
22
SIM5
SIM1
SIM2
SIM3
SIM4
1
21
22
SIM5
SIM1
SIM2
SIM3
SIM4
1
21
22
SIM5
SIM1
SIM2
SIM3
SIM4
1
21
22
SIM5
SIM1
SIM2
SIM3
SIM4
1
21
22
SIM5
SIM1
SIM2
SIM3
SIM4
1
21
22
SIM5
SIM1
SIM2
SIM3
SIM4
1
21
22
SIM5
SIM1
SIM2
SIM3
SIM4
1
21
22
SIM5
SIM1
SIM2
SIM3
SIM4
1
21
22
SIM5
SIM1
SIM2
SIM3
SIM4
1
21
22
SIM5
SIM1
SIM2
SIM3
SIM4
1
21
22
SIM5
SIM1
SIM2
SIM3
SIM4
1
21
22
SIM5
SIM1
SIM2
SIM3
SIM4
1
21
22
SIM5
SIM1
SIM2
SIM3
SIM4
1
21
22
SIM5
SIM1
SIM2
SIM3
SIM4
1
21
22
SIM5
SIM1
SIM2
SIM3
SIM4
1
21
22
SIM5
SIM1
SIM2
SIM3
SIM4
1
21
22
SIM5
SIM1
SIM2
SIM3
SIM4
1
21
22
SIM5
SIM1
SIM2
SIM3
SIM4
1
21
22
SIM5
SIM1
SIM2
SIM3
SIM4
1
21
22
SIM5
SIM1
SIM2
SIM3
SIM4
1
21
22
SIM5
SIM1
SIM2
SIM3
SIM4
1
21
22
SIM5
SIM1
SIM2
SIM3
SIM4
1
21
22
SIM5
SIM1
SIM2
SIM3
SIM4
1
21
22
SIM5
SIM1
SIM2
SIM3
SIM4
1
21
22
SIM5
SIM1
SIM2
SIM3
SIM4
1
21
22
SIM5
SIM1
SIM2
SIM3
SIM4
1
21
22
SIM5
SIM1
SIM2
SIM3
SIM4
1
21
22
SIM5
SIM1
SIM2
SIM3
SIM4
1
21
22
SIM5
SIM1
SIM2
SIM3
SIM4
1
21
22
SIM5
SIM1
SIM2
SIM3
SIM4
1
21
22
SIM5
SIM1
SIM2
SIM3
SIM4
1
21
22
SIM5
SIM1
SIM2
SIM3
SIM4
1
21
22
SIM5
SIM1
SIM2
SIM3
SIM4
1
21
22
SIM5
SIM1
SIM2
SIM3
SIM4
1
21
22
SIM5
SIM1
SIM2
SIM3
SIM4
1
21
22
SIM5
SIM1
SIM2
SIM3
SIM4
1
21
22
SIM5
SIM1
SIM2
SIM3
SIM4
1
21
22
SIM5
SIM1
SIM2
SIM3
SIM4
1
21
22
SIM5
SIM1
SIM2
SIM3
SIM4
1
21
22
SIM5
SIM1
SIM2
SIM3
SIM4
1
21
22
SIM5
SIM1
SIM2
SIM3
SIM4
1
21
22
SIM5
SIM1
SIM2
SIM3
SIM4
1
21
22
SIM5
SIM1
SIM2
SIM3
SIM4
1
21
22
SIM5
SIM1
SIM2
SIM3
SIM4
1
21
22
SIM5
SIM1
SIM2
SIM3
SIM4
1
21
22
SIM5
SIM1
SIM2
SIM3
SIM4
1
21
22
SIM5
SIM1
SIM2
SIM3
SIM4
1
21
22
SIM5
SIM1
SIM2
SIM3
SIM4
1
21
22
SIM5
SIM1
SIM2
SIM3
SIM4
1
21
22
SIM5
SIM1
SIM2
SIM3
SIM4
1
21
22
SIM5
SIM1
SIM2
SIM3
SIM4
1
21
22
SIM5
SIM1
SIM2
SIM3
SIM4
1
21
22
SIM5
SIM1
SIM2
SIM3
SIM4
1
21
22
SIM5
SIM1
SIM2
SIM3
SIM4
1
21
22
SIM5
SIM1
SIM2
SIM3
SIM4
1
21
22
SIM5
SIM1
SIM2
SIM3
SIM4
1
21
22
SIM5
SIM1
SIM2
SIM3
SIM4
1
21
22
SIM5
SIM1
SIM2
SIM3
SIM4
1
21
22
SIM5
SIM1
SIM2
SIM3
SIM4
1
21
22
SIM5
SIM1
SIM2
SIM3
SIM4
1
21
22
SIM5
SIM1
SIM2
DEBUG 1 542
SIM1
SIM2
SIM3
SIM4
1
21
22
SIM5
SIM1
SIM2
SIM3
SIM4
1
21
22
SIM5
SIM1
SIM2
SIM3
SIM4
1
21
22
SIM5
SIM1
SIM2
SIM3
SIM4
1
21
22
SIM5
SIM1
SIM2
SIM3
SIM4
1
21
22
SIM5
SIM1
SIM2
SIM3
SIM4
1
21
22
SIM5
SIM1
SIM2
SIM3
SIM4
1
21
22
SIM5
SIM1
SIM2
SIM3
SIM4
1
21
22
SIM5
SIM1
SIM2
SIM3
SIM4
1
21
22
SIM5
SIM1
SIM2
SIM3
SIM4
1
21
22
SIM5
SIM1
SIM2
SIM3
SIM4
1
21
22
SIM5
SIM1
SIM2
SIM3
SIM4
1
21
22
SIM5
SIM1
SIM2
SIM3
SIM4
1
21
22
SIM5
SIM1
SIM2
SIM3
SIM4
1
21
22
SIM5
SIM1
SIM2
SIM3
SIM4
1
21
22
SIM5
SIM1
SIM2
SIM3
SIM4
1
21
22
SIM5
SIM1
SIM2
SIM3
SIM4
1
21
22
SIM5
SIM1
SIM2
SIM3
SIM4
1
21
22
SIM5
SIM1
SIM2
SIM3
SIM4
1
21
22
SIM5
SIM1
SIM2
SIM3
SIM4
1
21
22
SIM5
SIM1
SIM2
SIM3
SIM4
1
21
22
SIM5
SIM1
SIM2
SIM3
SIM4
1
21
22
SIM5
SIM1
SIM2
SIM3
SIM4
1
21
22
SIM5
SIM1
SIM2
SIM3
SIM4
1
21
22
SIM5
SIM1
SIM2
SIM3
SIM4
1
21
22
SIM5
SIM1
SIM2
SIM3
SIM4
1
21
22
SIM5
SIM1
SIM2
SIM3
SIM4
1
21
22
SIM5
SIM1
SIM2
SIM3
SIM4
1
21
22
SIM5
SIM1
SIM2
SIM3
SIM4
1
21
22
SIM5
SIM1
SIM2
SIM3
SIM4
1
21
22
SIM5
SIM1
SIM2
SIM3
SIM4
1
21
22
SIM5
SIM1
SIM2
SIM3
SIM4
1
21
22
SIM5
SIM1
SIM2
SIM3
SIM4
1
21
22
SIM5
SIM1
SIM2
SIM3
SIM4
1
21
22
SIM5
SIM1
SIM2
SIM3
SIM4
1
21
22
SIM5
SIM1
SIM2
SIM3
SIM4
1
21
22
SIM5
SIM1
SIM2
SIM3
SIM4
1
21
22
SIM5
SIM1
SIM2
SIM3
SIM4
1
21
22
SIM5
SIM1
SIM2
SIM3
SIM4
1
21
22
SIM5
SIM1
SIM2
SIM3
SIM4
1
21
22
SIM5
SIM1
SIM2
SIM3
SIM4
1
21
22
SIM5
SIM1
SIM2
SIM3
SIM4
1
21
22
SIM5
SIM1
SIM2
SIM3
SIM4
1
21
22
SIM5
SIM1
SIM2
SIM3
SIM4
1
21
22
SIM5
SIM1
SIM2
SIM3
SIM4
1
21
22
SIM5
SIM1
SIM2
SIM3
SIM4
1
21
22
SIM5
SIM1
SIM2
SIM3
SIM4
1
21
22
SIM5
SIM1
SIM2
SIM3
SIM4
1
21
22
SIM5
SIM1
SIM2
SIM3
SIM4
1
21
22
SIM5
SIM1
SIM2
SIM3
SIM4
1
21
22
SIM5
SIM1
SIM2
SIM3
SIM4
1
21
22
SIM5
SIM1
SIM2
SIM3
SIM4
1
21
22
SIM5
SIM1
SIM2
SIM3
SIM4
1
21
22
SIM5
SIM1
SIM2
SIM3
SIM4
1
21
22
SIM5
SIM1
SIM2
SIM3
SIM4
1
21
22
SIM5
SIM1
SIM2
SIM3
SIM4
1
21
22
SIM5
SIM1
SIM2
SIM3
SIM4
1
21
22
SIM5
SIM1
SIM2
SIM3
SIM4
1
21
22
SIM5
SIM1
SIM2
SIM3
SIM4
1
21
22
SIM5
SIM1
SIM2
SIM3
SIM4
1
21
22
SIM5
SIM1
SIM2
SIM3
SIM4
1
21
22
SIM5
SIM1
SIM2
SIM3
SIM4
1
21
22
SIM5
SIM1
SIM2
SIM3
SIM4
1
21
22
SIM5
SIM1
SIM2
SIM3
SIM4
1
21
22
SIM5
SIM1
SIM2
SIM3
SIM4
1
21
22
SIM5
SIM1
SIM2
SIM3
SIM4
1
21
22
SIM5
SIM1
SIM2
SIM3
SIM4
1
21
22
SIM5
SIM1
SIM2
SIM3
SIM4
1
21
22
SIM5
SIM1
SIM2
SIM3
SIM4
1
21
22
SIM5
SIM1
SIM2
SIM3
SIM4
1
21
22
SIM5
SIM1
SIM2
SIM3
SIM4
1
21
22
SIM5
SIM1
SIM2
SIM3
SIM4
1
21
22
SIM5
SIM1
SIM2
SIM3
SIM4
1
21
22
SIM5
SIM1
SIM2
SIM3
SIM4
1
21
22
SIM5
SIM1
SIM2
SIM3
SIM4
1
21
22
SIM5
SIM1
SIM2
SIM3
SIM4
1
21
22
SIM5
SIM1
SIM2
SIM3
SIM4
1
21
22
SIM5
SIM1
SIM2
SIM3
SIM4
1
21
22
SIM5
SIM1
SIM2
SIM3
SIM4
1
21
22
SIM5
SIM1
SIM2
SIM3
SIM4
1
21
22
SIM5
SIM1
SIM2
SIM3
SIM4
1
21
22
SIM5
SIM1
SIM2
SIM3
SIM4
1
21
22
SIM5
SIM1
SIM2
SIM3
SIM4
1
21
22
SIM5
SIM1
SIM2
SIM3
SIM4
1
21
22
SIM5
SIM1
SIM2
SIM3
SIM4
1
21
22
SIM5
SIM1
SIM2
SIM3
SIM4
1
21
22
SIM5
SIM1
SIM2
SIM3
SIM4
1
21
22
SIM5
SIM1
SIM2
SIM3
SIM4
1
21
22
SIM5
SIM1
SIM2
SIM3
SIM4
1
21
22
SIM5
SIM1
SIM2
SIM3
SIM4
1
21
22
SIM5
SIM1
SIM2
SIM3
SIM4
1
21
22
SIM5
SIM1
SIM2
SIM3
SIM4
1
21
22
SIM5
SIM1
SIM2
SIM3
SIM4
1
21
22
SIM5
SIM1
SIM2
SIM3
SIM4
1
21
22
SIM5
SIM1
SIM2
SIM3
SIM4
1
21
22
SIM5
SIM1
SIM2
SIM3
SIM4
1
21
22
SIM5
SIM1
SIM2
SIM3
SIM4
1
21
22
SIM5
SIM1
SIM2
SIM3
SIM4
1
21
22
SIM5
SIM1
SIM2
SIM3
SIM4
1
21
22
SIM5
SIM1
SIM2
SIM3
SIM4
1
21
22
SIM5
SIM1
SIM2
SIM3
SIM4
1
21
22
SIM5
SIM1
SIM2
SIM3
SIM4
1
21
22
SIM5
SIM1
SIM2
SIM3
SIM4
1
21
22
SIM5
SIM1
SIM2
SIM3
SIM4
1
21
22
SIM5
SIM1
SIM2
SIM3
SIM4
1
21
22
SIM5
SIM1
SIM2
SIM3
SIM4
1
21
22
SIM5
SIM1
SIM2
SIM3
SIM4
1
21
22
SIM5
SIM1
SIM2
SIM3
SIM4
1
21
22
SIM5
SIM1
SIM2
SIM3
SIM4
1
21
22
SIM5
SIM1
SIM2
SIM3
SIM4
1
21
22
SIM5
SIM1
SIM2
SIM3
SIM4
1
21
22
SIM5
SIM1
SIM2
SIM3
SIM4
1
21
22
SIM5
SIM1
SIM2
SIM3
SIM4
1
21
22
SIM5
SIM1
SIM2
SIM3
SIM4
1
21
22
SIM5
SIM1
SIM2
SIM3
SIM4
1
21
22
SIM5
SIM1
SIM2
SIM3
SIM4
1
21
22
SIM5
SIM1
SIM2
SIM3
SIM4
1
21
22
SIM5
SIM1
SIM2
SIM3
SIM4
1
21
22
SIM5
SIM1
SIM2
SIM3
SIM4
1
21
22
SIM5
SIM1
SIM2
SIM3
SIM4
1
21
22
SIM5
SIM1
SIM2
SIM3
SIM4
1
21
22
SIM5
SIM1
SIM2
SIM3
SIM4
1
21
22
SIM5
SIM1
SIM2
SIM3
SIM4
1
21
22
SIM5
SIM1
SIM2
SIM3
SIM4
1
21
22
SIM5
SIM1
SIM2
SIM3
SIM4
1
21
22
SIM5
SIM1
SIM2
SIM3
SIM4
1
21
22
SIM5
SIM1
SIM2
SIM3
SIM4
1
21
22
SIM5
SIM1
SIM2
SIM3
SIM4
1
21
22
SIM5
SIM1
SIM2
SIM3
SIM4
1
21
22
SIM5
SIM1
SIM2
SIM3
SIM4
1
21
22
SIM5
SIM1
SIM2
SIM3
SIM4
1
21
22
SIM5
SIM1
SIM2
SIM3
SIM4
1
21
22
SIM5
SIM1
SIM2
SIM3
SIM4
1
21
22
SIM5
SIM1
SIM2
SIM3
SIM4
1
21
22
SIM5
SIM1
SIM2
SIM3
SIM4
1
21
22
SIM5
SIM1
SIM2
SIM3
SIM4
1
21
22
SIM5
SIM1
SIM2
SIM3
SIM4
1
21
22
SIM5
SIM1
SIM2
SIM3
SIM4
1
21
22
SIM5
SIM1
SIM2
SIM3
SIM4
1
21
22
SIM5
SIM1
SIM2
SIM3
SIM4
1
21
22
SIM5
SIM1
SIM2
SIM3
SIM4
1
21
22
SIM5
SIM1
SIM2
SIM3
SIM4
1
21
22
SIM5
SIM1
SIM2
SIM3
SIM4
1
21
22
SIM5
SIM1
SIM2
SIM3
SIM4
1
21
22
SIM5
SIM1
SIM2
SIM3
SIM4
1
21
22
SIM5
SIM1
SIM2
SIM3
SIM4
1
21
22
SIM5
SIM1
SIM2
SIM3
SIM4
1
21
22
SIM5
SIM1
SIM2
SIM3
SIM4
1
21
22
SIM5
SIM1
SIM2
SIM3
SIM4
1
21
22
SIM5
SIM1
SIM2
SIM3
SIM4
1
21
22
SIM5
SIM1
SIM2
SIM3
SIM4
1
21
22
SIM5
SIM1
SIM2
SIM3
SIM4
1
21
22
SIM5
SIM1
SIM2
SIM3
SIM4
1
21
22
SIM5
SIM1
SIM2
SIM3
SIM4
1
21
22
SIM5
SIM1
SIM2
SIM3
SIM4
1
21
22
SIM5
SIM1
SIM2
SIM3
SIM4
1
21
22
SIM5
SIM1
SIM2
SIM3
SIM4
1
21
22
SIM5
SIM1
SIM2
SIM3
SIM4
1
21
22
SIM5
SIM1
SIM2
SIM3
SIM4
1
21
22
SIM5
SIM1
SIM2
SIM3
SIM4
1
21
22
SIM5
SIM1
SIM2
SIM3
SIM4
1
21
22
SIM5
SIM1
SIM2
SIM3
SIM4
1
21
22
SIM5
SIM1
SIM2
SIM3
SIM4
1
21
22
SIM5
SIM1
SIM2
SIM3
SIM4
1
21
22
SIM5
SIM1
SIM2
SIM3
SIM4
1
21
22
SIM5
SIM1
SIM2
SIM3
SIM4
1
21
22
SIM5
SIM1
SIM2
SIM3
SIM4
1
21
22
SIM5
SIM1
SIM2
SIM3
SIM4
1
21
22
SIM5
SIM1
SIM2
SIM3
SIM4
1
21
22
SIM5
SIM1
SIM2
SIM3
SIM4
1
21
22
SIM5
SIM1
SIM2
SIM3
SIM4
1
21
22
SIM5
SIM1
SIM2
SIM3
SIM4
1
21
22
SIM5
SIM1
SIM2
SIM3
SIM4
1
21
22
SIM5
SIM1
SIM2
SIM3
SIM4
1
21
22
SIM5
SIM1
SIM2
SIM3
SIM4
1
21
22
SIM5
SIM1
SIM2
SIM3
SIM4
1
21
22
SIM5
SIM1
SIM2
SIM3
SIM4
1
21
22
SIM5
SIM1
SIM2
SIM3
SIM4
1
21
22
SIM5
SIM1
SIM2
SIM3
SIM4
1
21
22
SIM5
SIM1
SIM2
SIM3
SIM4
1
21
22
SIM5
SIM1
SIM2
SIM3
SIM4
1
21
22
SIM5
SIM1
SIM2
SIM3
SIM4
1
21
22
SIM5
SIM1
SIM2
SIM3
SIM4
1
21
22
SIM5
SIM1
SIM2
SIM3
SIM4
1
21
22
SIM5
SIM1
SIM2
SIM3
SIM4
1
21
22
SIM5
SIM1
SIM2
SIM3
SIM4
1
21
22
SIM5
SIM1
SIM2
SIM3
SIM4
1
21
22
SIM5
SIM1
SIM2
SIM3
SIM4
1
21
22
SIM5
SIM1
SIM2
SIM3
SIM4
1
21
22
SIM5
SIM1
SIM2
SIM3
SIM4
1
21
22
SIM5
SIM1
SIM2
SIM3
SIM4
1
21
22
SIM5
SIM1
SIM2
SIM3
SIM4
1
21
22
SIM5
SIM1
SIM2
SIM3
SIM4
1
21
22
SIM5
SIM1
SIM2
SIM3
SIM4
1
21
22
SIM5
SIM1
SIM2
SIM3
SIM4
1
21
22
SIM5
SIM1
SIM2
SIM3
SIM4
1
21
22
SIM5
SIM1
SIM2
SIM3
SIM4
1
21
22
SIM5
SIM1
SIM2
SIM3
SIM4
1
21
22
SIM5
SIM1
SIM2
SIM3
SIM4
1
21
22
SIM5
SIM1
SIM2
SIM3
SIM4
1
21
22
SIM5
SIM1
SIM2
SIM3
SIM4
1
21
22
SIM5
SIM1
SIM2
SIM3
SIM4
1
21
22
SIM5
SIM1
SIM2
SIM3
SIM4
1
21
22
SIM5
SIM1
SIM2
SIM3
SIM4
1
21
22
SIM5
SIM1
SIM2
SIM3
SIM4
1
21
22
SIM5
SIM1
SIM2
SIM3
SIM4
1
21
22
SIM5
SIM1
SIM2
SIM3
SIM4
1
21
22
SIM5
SIM1
SIM2
SIM3
SIM4
1
21
22
SIM5
SIM1
SIM2
SIM3
SIM4
1
21
22
SIM5
SIM1
SIM2
SIM3
SIM4
1
21
22
SIM5
SIM1
SIM2
SIM3
SIM4
1
21
22
SIM5
SIM1
SIM2
SIM3
SIM4
1
21
22
SIM5
SIM1
SIM2
SIM3
SIM4
1
21
22
SIM5
SIM1
SIM2
SIM3
SIM4
1
21
22
SIM5
SIM1
SIM2
SIM3
SIM4
1
21
22
SIM5
SIM1
SIM2
SIM3
SIM4
1
21
22
SIM5
SIM1
SIM2
SIM3
SIM4
1
21
22
SIM5
SIM1
SIM2
SIM3
SIM4
1
21
22
SIM5
SIM1
SIM2
SIM3
SIM4
1
21
22
SIM5
SIM1
SIM2
SIM3
SIM4
1
21
22
SIM5
SIM1
SIM2
SIM3
SIM4
1
21
22
SIM5
SIM1
SIM2
SIM3
SIM4
1
21
22
SIM5
SIM1
SIM2
SIM3
SIM4
1
21
22
SIM5
SIM1
SIM2
SIM3
SIM4
1
21
22
SIM5
SIM1
SIM2
SIM3
SIM4
1
21
22
SIM5
SIM1
SIM2
SIM3
SIM4
1
21
22
SIM5
SIM1
SIM2
SIM3
SIM4
1
21
22
SIM5
SIM1
SIM2
SIM3
SIM4
1
21
22
SIM5
SIM1
SIM2
SIM3
SIM4
1
21
22
SIM5
SIM1
SIM2
SIM3
SIM4
1
21
22
SIM5
SIM1
SIM2
SIM3
SIM4
1
21
22
SIM5
SIM1
SIM2
SIM3
SIM4
1
21
22
SIM5
SIM1
SIM2
SIM3
SIM4
1
21
22
SIM5
SIM1
SIM2
SIM3
SIM4
1
21
22
SIM5
SIM1
SIM2
SIM3
SIM4
1
21
22
SIM5
SIM1
SIM2
SIM3
SIM4
1
21
22
SIM5
SIM1
SIM2
SIM3
SIM4
1
21
22
SIM5
SIM1
SIM2
SIM3
SIM4
1
21
22
SIM5
SIM1
SIM2
SIM3
SIM4
1
21
22
SIM5
SIM1
SIM2
SIM3
SIM4
1
21
22
SIM5
SIM1
SIM2
SIM3
SIM4
1
21
22
SIM5
SIM1
SIM2
SIM3
SIM4
1
21
22
SIM5
SIM1
SIM2
DEBUG 1 543
SIM1
SIM2
SIM3
SIM4
1
21
22
SIM5
SIM1
SIM2
SIM3
SIM4
1
21
22
SIM5
SIM1
SIM2
SIM3
SIM4
1
21
22
SIM5
SIM1
SIM2
SIM3
SIM4
1
21
22
SIM5
SIM1
SIM2
SIM3
SIM4
1
21
22
SIM5
SIM1
SIM2
SIM3
SIM4
1
21
22
SIM5
SIM1
SIM2
SIM3
SIM4
1
21
22
SIM5
SIM1
SIM2
SIM3
SIM4
1
21
22
SIM5
SIM1
SIM2
SIM3
SIM4
1
21
22
SIM5
SIM1
SIM2
SIM3
SIM4
1
21
22
SIM5
SIM1
SIM2
SIM3
SIM4
1
21
22
SIM5
SIM1
SIM2
SIM3
SIM4
1
21
22
SIM5
SIM1
SIM2
SIM3
SIM4
1
21
22
SIM5
SIM1
SIM2
SIM3
SIM4
1
21
22
SIM5
SIM1
SIM2
SIM3
SIM4
1
21
22
SIM5
SIM1
SIM2
SIM3
SIM4
1
21
22
SIM5
SIM1
SIM2
SIM3
SIM4
1
21
22
SIM5
SIM1
SIM2
SIM3
SIM4
1
21
22
SIM5
SIM1
SIM2
SIM3
SIM4
1
21
22
SIM5
SIM1
SIM2
SIM3
SIM4
1
21
22
SIM5
SIM1
SIM2
SIM3
SIM4
1
21
22
SIM5
SIM1
SIM2
SIM3
SIM4
1
21
22
SIM5
SIM1
SIM2
SIM3
SIM4
1
21
22
SIM5
SIM1
SIM2
SIM3
SIM4
1
21
22
SIM5
SIM1
SIM2
SIM3
SIM4
1
21
22
SIM5
SIM1
SIM2
SIM3
SIM4
1
21
22
SIM5
SIM1
SIM2
SIM3
SIM4
1
21
22
SIM5
SIM1
SIM2
SIM3
SIM4
1
21
22
SIM5
SIM1
SIM2
SIM3
SIM4
1
21
22
SIM5
SIM1
SIM2
SIM3
SIM4
1
21
22
SIM5
SIM1
SIM2
SIM3
SIM4
1
21
22
SIM5
SIM1
SIM2
SIM3
SIM4
1
21
22
SIM5
SIM1
SIM2
SIM3
SIM4
1
21
22
SIM5
SIM1
SIM2
SIM3
SIM4
1
21
22
SIM5
SIM1
SIM2
SIM3
SIM4
1
21
22
SIM5
SIM1
SIM2
SIM3
SIM4
1
21
22
SIM5
SIM1
SIM2
SIM3
SIM4
1
21
22
SIM5
SIM1
SIM2
SIM3
SIM4
1
21
22
SIM5
SIM1
SIM2
SIM3
SIM4
1
21
22
SIM5
SIM1
SIM2
SIM3
SIM4
1
21
22
SIM5
SIM1
SIM2
SIM3
SIM4
1
21
22
SIM5
SIM1
SIM2
SIM3
SIM4
1
21
22
SIM5
SIM1
SIM2
SIM3
SIM4
1
21
22
SIM5
SIM1
SIM2
SIM3
SIM4
1
21
22
SIM5
SIM1
SIM2
SIM3
SIM4
1
21
22
SIM5
SIM1
SIM2
SIM3
SIM4
1
21
22
SIM5
SIM1
SIM2
SIM3
SIM4
1
21
22
SIM5
SIM1
SIM2
SIM3
SIM4
1
21
22
SIM5
SIM1
SIM2
SIM3
SIM4
1
21
22
SIM5
SIM1
SIM2
SIM3
SIM4
1
21
22
SIM5
SIM1
SIM2
SIM3
SIM4
1
21
22
SIM5
SIM1
SIM2
SIM3
SIM4
1
21
22
SIM5
SIM1
SIM2
SIM3
SIM4
1
21
22
SIM5
SIM1
SIM2
SIM3
SIM4
1
21
22
SIM5
SIM1
SIM2
SIM3
SIM4
1
21
22
SIM5
SIM1
SIM2
SIM3
SIM4
1
21
22
SIM5
SIM1
SIM2
SIM3
SIM4
1
21
22
SIM5
SIM1
SIM2
SIM3
SIM4
1
21
22
SIM5
SIM1
SIM2
SIM3
SIM4
1
21
22
SIM5
SIM1
SIM2
SIM3
SIM4
1
21
22
SIM5
SIM1
SIM2
SIM3
SIM4
1
21
22
SIM5
SIM1
SIM2
SIM3
SIM4
1
21
22
SIM5
SIM1
SIM2
SIM3
SIM4
1
21
22
SIM5
SIM1
SIM2
SIM3
SIM4
1
21
22
SIM5
SIM1
SIM2
SIM3
SIM4
1
21
22
SIM5
SIM1
SIM2
SIM3
SIM4
1
21
22
SIM5
SIM1
SIM2
SIM3
SIM4
1
21
22
SIM5
SIM1
SIM2
SIM3
SIM4
1
21
22
SIM5
SIM1
SIM2
SIM3
SIM4
1
21
22
SIM5
SIM1
SIM2
SIM3
SIM4
1
21
22
SIM5
SIM1
SIM2
SIM3
SIM4
1
21
22
SIM5
SIM1
SIM2
SIM3
SIM4
1
21
22
SIM5
SIM1
SIM2
SIM3
SIM4
1
21
22
SIM5
SIM1
SIM2
SIM3
SIM4
1
21
22
SIM5
SIM1
SIM2
SIM3
SIM4
1
21
22
SIM5
SIM1
SIM2
SIM3
SIM4
1
21
22
SIM5
SIM1
SIM2
SIM3
SIM4
1
21
22
SIM5
SIM1
SIM2
SIM3
SIM4
1
21
22
SIM5
SIM1
SIM2
SIM3
SIM4
1
21
22
SIM5
SIM1
SIM2
SIM3
SIM4
1
21
22
SIM5
SIM1
SIM2
SIM3
SIM4
1
21
22
SIM5
SIM1
SIM2
SIM3
SIM4
1
21
22
SIM5
SIM1
SIM2
SIM3
SIM4
1
21
22
SIM5
SIM1
SIM2
SIM3
SIM4
1
21
22
SIM5
SIM1
SIM2
SIM3
SIM4
1
21
22
SIM5
SIM1
SIM2
SIM3
SIM4
1
21
22
SIM5
SIM1
SIM2
SIM3
SIM4
1
21
22
SIM5
SIM1
SIM2
SIM3
SIM4
1
21
22
SIM5
SIM1
SIM2
SIM3
SIM4
1
21
22
SIM5
SIM1
SIM2
SIM3
SIM4
1
21
22
SIM5
SIM1
SIM2
SIM3
SIM4
1
21
22
SIM5
SIM1
SIM2
SIM3
SIM4
1
21
22
SIM5
SIM1
SIM2
SIM3
SIM4
1
21
22
SIM5
SIM1
SIM2
SIM3
SIM4
1
21
22
SIM5
SIM1
SIM2
SIM3
SIM4
1
21
22
SIM5
SIM1
SIM2
SIM3
SIM4
1
21
22
SIM5
SIM1
SIM2
SIM3
SIM4
1
21
22
SIM5
SIM1
SIM2
SIM3
SIM4
1
21
22
SIM5
SIM1
SIM2
SIM3
SIM4
1
21
22
SIM5
SIM1
SIM2
SIM3
SIM4
1
21
22
SIM5
SIM1
SIM2
SIM3
SIM4
1
21
22
SIM5
SIM1
SIM2
SIM3
SIM4
1
21
22
SIM5
SIM1
SIM2
SIM3
SIM4
1
21
22
SIM5
SIM1
SIM2
SIM3
SIM4
1
21
22
SIM5
SIM1
SIM2
SIM3
SIM4
1
21
22
SIM5
SIM1
SIM2
SIM3
SIM4
1
21
22
SIM5
SIM1
SIM2
SIM3
SIM4
1
21
22
SIM5
SIM1
SIM2
SIM3
SIM4
1
21
22
SIM5
SIM1
SIM2
SIM3
SIM4
1
21
22
SIM5
SIM1
SIM2
SIM3
SIM4
1
21
22
SIM5
SIM1
SIM2
SIM3
SIM4
1
21
22
SIM5
SIM1
SIM2
SIM3
SIM4
1
21
22
SIM5
SIM1
SIM2
SIM3
SIM4
1
21
22
SIM5
SIM1
SIM2
SIM3
SIM4
1
21
22
SIM5
SIM1
SIM2
SIM3
SIM4
1
21
22
SIM5
SIM1
SIM2
SIM3
SIM4
1
21
22
SIM5
SIM1
SIM2
SIM3
SIM4
1
21
22
SIM5
SIM1
SIM2
SIM3
SIM4
1
21
22
SIM5
SIM1
SIM2
SIM3
SIM4
1
21
22
SIM5
SIM1
SIM2
SIM3
SIM4
1
21
22
SIM5
SIM1
SIM2
SIM3
SIM4
1
21
22
SIM5
SIM1
SIM2
SIM3
SIM4
1
21
22
SIM5
SIM1
SIM2
SIM3
SIM4
1
21
22
SIM5
SIM1
SIM2
SIM3
SIM4
1
21
22
SIM5
SIM1
SIM2
SIM3
SIM4
1
21
22
SIM5
SIM1
SIM2
SIM3
SIM4
1
21
22
SIM5
SIM1
SIM2
SIM3
SIM4
1
21
22
SIM5
SIM1
SIM2
SIM3
SIM4
1
21
22
SIM5
SIM1
SIM2
SIM3
SIM4
1
21
22
SIM5
SIM1
SIM2
SIM3
SIM4
1
21
22
SIM5
SIM1
SIM2
SIM3
SIM4
1
21
22
SIM5
SIM1
SIM2
SIM3
SIM4
1
21
22
SIM5
SIM1
SIM2
SIM3
SIM4
1
21
22
SIM5
SIM1
SIM2
SIM3
SIM4
1
21
22
SIM5
SIM1
SIM2
SIM3
SIM4
1
21
22
SIM5
SIM1
SIM2
SIM3
SIM4
1
21
22
SIM5
SIM1
SIM2
SIM3
SIM4
1
21
22
SIM5
SIM1
SIM2
SIM3
SIM4
1
21
22
SIM5
SIM1
SIM2
SIM3
SIM4
1
21
22
SIM5
SIM1
SIM2
SIM3
SIM4
1
21
22
SIM5
SIM1
SIM2
SIM3
SIM4
1
21
22
SIM5
SIM1
SIM2
SIM3
SIM4
1
21
22
SIM5
SIM1
SIM2
SIM3
SIM4
1
21
22
SIM5
SIM1
SIM2
SIM3
SIM4
1
21
22
SIM5
SIM1
SIM2
SIM3
SIM4
1
21
22
SIM5
SIM1
SIM2
SIM3
SIM4
1
21
22
SIM5
SIM1
SIM2
SIM3
SIM4
1
21
22
SIM5
SIM1
SIM2
SIM3
SIM4
1
21
22
SIM5
SIM1
SIM2
SIM3
SIM4
1
21
22
SIM5
SIM1
SIM2
SIM3
SIM4
1
21
22
SIM5
SIM1
SIM2
SIM3
SIM4
1
21
22
SIM5
SIM1
SIM2
SIM3
SIM4
1
21
22
SIM5
SIM1
SIM2
SIM3
SIM4
1
21
22
SIM5
SIM1
SIM2
SIM3
SIM4
1
21
22
SIM5
SIM1
SIM2
SIM3
SIM4
1
21
22
SIM5
SIM1
SIM2
SIM3
SIM4
1
21
22
SIM5
SIM1
SIM2
SIM3
SIM4
1
21
22
SIM5
SIM1
SIM2
SIM3
SIM4
1
21
22
SIM5
SIM1
SIM2
SIM3
SIM4
1
21
22
SIM5
SIM1
SIM2
SIM3
SIM4
1
21
22
SIM5
SIM1
SIM2
SIM3
SIM4
1
21
22
SIM5
SIM1
SIM2
SIM3
SIM4
1
21
22
SIM5
SIM1
SIM2
SIM3
SIM4
1
21
22
SIM5
SIM1
SIM2
SIM3
SIM4
1
21
22
SIM5
SIM1
SIM2
SIM3
SIM4
1
21
22
SIM5
SIM1
SIM2
SIM3
SIM4
1
21
22
SIM5
SIM1
SIM2
SIM3
SIM4
1
21
22
SIM5
SIM1
SIM2
SIM3
SIM4
1
21
22
SIM5
SIM1
SIM2
SIM3
SIM4
1
21
22
SIM5
SIM1
SIM2
SIM3
SIM4
1
21
22
SIM5
SIM1
SIM2
SIM3
SIM4
1
21
22
SIM5
SIM1
SIM2
SIM3
SIM4
1
21
22
SIM5
SIM1
SIM2
SIM3
SIM4
1
21
22
SIM5
SIM1
SIM2
DEBUG 1 544
SIM1
SIM2
SIM3
SIM4
1
21
22
SIM5
SIM1
SIM2
SIM3
SIM4
1
21
22
SIM5
SIM1
SIM2
SIM3
SIM4
1
21
22
SIM5
SIM1
SIM2
SIM3
SIM4
1
21
22
SIM5
SIM1
SIM2
SIM3
SIM4
1
21
22
SIM5
SIM1
SIM2
SIM3
SIM4
1
21
22
SIM5
SIM1
SIM2
SIM3
SIM4
1
21
22
SIM5
SIM1
SIM2
SIM3
SIM4
1
21
22
SIM5
SIM1
SIM2
SIM3
SIM4
1
21
22
SIM5
SIM1
SIM2
SIM3
SIM4
1
21
22
SIM5
SIM1
SIM2
SIM3
SIM4
1
21
22
SIM5
SIM1
SIM2
SIM3
SIM4
1
21
22
SIM5
SIM1
SIM2
SIM3
SIM4
1
21
22
SIM5
SIM1
SIM2
SIM3
SIM4
1
21
22
SIM5
SIM1
SIM2
SIM3
SIM4
1
21
22
SIM5
SIM1
SIM2
SIM3
SIM4
1
21
22
SIM5
SIM1
SIM2
SIM3
SIM4
1
21
22
SIM5
SIM1
SIM2
SIM3
SIM4
1
21
22
SIM5
SIM1
SIM2
SIM3
SIM4
1
21
22
SIM5
SIM1
SIM2
SIM3
SIM4
1
21
22
SIM5
SIM1
SIM2
SIM3
SIM4
1
21
22
SIM5
SIM1
SIM2
SIM3
SIM4
1
21
22
SIM5
SIM1
SIM2
SIM3
SIM4
1
21
22
SIM5
SIM1
SIM2
SIM3
SIM4
1
21
22
SIM5
SIM1
SIM2
SIM3
SIM4
1
21
22
SIM5
SIM1
SIM2
SIM3
SIM4
1
21
22
SIM5
SIM1
SIM2
SIM3
SIM4
1
21
22
SIM5
SIM1
SIM2
SIM3
SIM4
1
21
22
SIM5
SIM1
SIM2
SIM3
SIM4
1
21
22
SIM5
SIM1
SIM2
SIM3
SIM4
1
21
22
SIM5
SIM1
SIM2
SIM3
SIM4
1
21
22
SIM5
SIM1
SIM2
SIM3
SIM4
1
21
22
SIM5
SIM1
SIM2
SIM3
SIM4
1
21
22
SIM5
SIM1
SIM2
SIM3
SIM4
1
21
22
SIM5
SIM1
SIM2
SIM3
SIM4
1
21
22
SIM5
SIM1
SIM2
SIM3
SIM4
1
21
22
SIM5
SIM1
SIM2
SIM3
SIM4
1
21
22
SIM5
SIM1
SIM2
SIM3
SIM4
1
21
22
SIM5
SIM1
SIM2
SIM3
SIM4
1
21
22
SIM5
SIM1
SIM2
SIM3
SIM4
1
21
22
SIM5
SIM1
SIM2
SIM3
SIM4
1
21
22
SIM5
SIM1
SIM2
SIM3
SIM4
1
21
22
SIM5
SIM1
SIM2
SIM3
SIM4
1
21
22
SIM5
SIM1
SIM2
SIM3
SIM4
1
21
22
SIM5
SIM1
SIM2
SIM3
SIM4
1
21
22
SIM5
SIM1
SIM2
SIM3
SIM4
1
21
22
SIM5
SIM1
SIM2
SIM3
SIM4
1
21
22
SIM5
SIM1
SIM2
SIM3
SIM4
1
21
22
SIM5
SIM1
SIM2
SIM3
SIM4
1
21
22
SIM5
SIM1
SIM2
SIM3
SIM4
1
21
22
SIM5
SIM1
SIM2
SIM3
SIM4
1
21
22
SIM5
SIM1
SIM2
SIM3
SIM4
1
21
22
SIM5
SIM1
SIM2
SIM3
SIM4
1
21
22
SIM5
SIM1
SIM2
SIM3
SIM4
1
21
22
SIM5
SIM1
SIM2
SIM3
SIM4
1
21
22
SIM5
SIM1
SIM2
SIM3
SIM4
1
21
22
SIM5
SIM1
SIM2
SIM3
SIM4
1
21
22
SIM5
SIM1
SIM2
SIM3
SIM4
1
21
22
SIM5
SIM1
SIM2
SIM3
SIM4
1
21
22
SIM5
SIM1
SIM2
SIM3
SIM4
1
21
22
SIM5
SIM1
SIM2
SIM3
SIM4
1
21
22
SIM5
SIM1
SIM2
SIM3
SIM4
1
21
22
SIM5
SIM1
SIM2
SIM3
SIM4
1
21
22
SIM5
SIM1
SIM2
SIM3
SIM4
1
21
22
SIM5
SIM1
SIM2
SIM3
SIM4
1
21
22
SIM5
SIM1
SIM2
SIM3
SIM4
1
21
22
SIM5
SIM1
SIM2
SIM3
SIM4
1
21
22
SIM5
SIM1
SIM2
SIM3
SIM4
1
21
22
SIM5
SIM1
SIM2
SIM3
SIM4
1
21
22
SIM5
SIM1
SIM2
SIM3
SIM4
1
21
22
SIM5
SIM1
SIM2
SIM3
SIM4
1
21
22
SIM5
SIM1
SIM2
SIM3
SIM4
1
21
22
SIM5
SIM1
SIM2
SIM3
SIM4
1
21
22
SIM5
SIM1
SIM2
SIM3
SIM4
1
21
22
SIM5
SIM1
SIM2
SIM3
SIM4
1
21
22
SIM5
SIM1
SIM2
SIM3
SIM4
1
21
22
SIM5
SIM1
SIM2
SIM3
SIM4
1
21
22
SIM5
SIM1
SIM2
SIM3
SIM4
1
21
22
SIM5
SIM1
SIM2
SIM3
SIM4
1
21
22
SIM5
SIM1
SIM2
SIM3
SIM4
1
21
22
SIM5
SIM1
SIM2
SIM3
SIM4
1
21
22
SIM5
SIM1
SIM2
SIM3
SIM4
1
21
22
SIM5
SIM1
SIM2
SIM3
SIM4
1
21
22
SIM5
SIM1
SIM2
SIM3
SIM4
1
21
22
SIM5
SIM1
SIM2
SIM3
SIM4
1
21
22
SIM5
SIM1
SIM2
SIM3
SIM4
1
21
22
SIM5
SIM1
SIM2
SIM3
SIM4
1
21
22
SIM5
SIM1
SIM2
SIM3
SIM4
1
21
22
SIM5
SIM1
SIM2
SIM3
SIM4
1
21
22
SIM5
SIM1
SIM2
SIM3
SIM4
1
21
22
SIM5
SIM1
SIM2
SIM3
SIM4
1
21
22
SIM5
SIM1
SIM2
SIM3
SIM4
1
21
22
SIM5
SIM1
SIM2
SIM3
SIM4
1
21
22
SIM5
SIM1
SIM2
SIM3
SIM4
1
21
22
SIM5
SIM1
SIM2
SIM3
SIM4
1
21
22
SIM5
SIM1
SIM2
SIM3
SIM4
1
21
22
SIM5
SIM1
SIM2
SIM3
SIM4
1
21
22
SIM5
SIM1
SIM2
SIM3
SIM4
1
21
22
SIM5
SIM1
SIM2
SIM3
SIM4
1
21
22
SIM5
SIM1
SIM2
SIM3
SIM4
1
21
22
SIM5
SIM1
SIM2
SIM3
SIM4
1
21
22
SIM5
SIM1
SIM2
SIM3
SIM4
1
21
22
SIM5
SIM1
SIM2
SIM3
SIM4
1
21
22
SIM5
SIM1
SIM2
SIM3
SIM4
1
21
22
SIM5
SIM1
SIM2
SIM3
SIM4
1
21
22
SIM5
SIM1
SIM2
SIM3
SIM4
1
21
22
SIM5
SIM1
SIM2
SIM3
SIM4
1
21
22
SIM5
SIM1
SIM2
SIM3
SIM4
1
21
22
SIM5
SIM1
SIM2
SIM3
SIM4
1
21
22
SIM5
SIM1
SIM2
SIM3
SIM4
1
21
22
SIM5
SIM1
SIM2
SIM3
SIM4
1
21
22
SIM5
SIM1
SIM2
SIM3
SIM4
1
21
22
SIM5
SIM1
SIM2
SIM3
SIM4
1
21
22
SIM5
SIM1
SIM2
SIM3
SIM4
1
21
22
SIM5
SIM1
SIM2
SIM3
SIM4
1
21
22
SIM5
SIM1
SIM2
SIM3
SIM4
1
21
22
SIM5
SIM1
SIM2
SIM3
SIM4
1
21
22
SIM5
SIM1
SIM2
SIM3
SIM4
1
21
22
SIM5
SIM1
SIM2
SIM3
SIM4
1
21
22
SIM5
SIM1
SIM2
SIM3
SIM4
1
21
22
SIM5
SIM1
SIM2
SIM3
SIM4
1
21
22
SIM5
SIM1
SIM2
SIM3
SIM4
1
21
22
SIM5
SIM1
SIM2
SIM3
SIM4
1
21
22
SIM5
SIM1
SIM2
SIM3
SIM4
1
21
22
SIM5
SIM1
SIM2
SIM3
SIM4
1
21
22
SIM5
SIM1
SIM2
SIM3
SIM4
1
21
22
SIM5
SIM1
SIM2
SIM3
SIM4
1
21
22
SIM5
SIM1
SIM2
SIM3
SIM4
1
21
22
SIM5
SIM1
SIM2
SIM3
SIM4
1
21
22
SIM5
SIM1
SIM2
SIM3
SIM4
1
21
22
SIM5
SIM1
SIM2
SIM3
SIM4
1
21
22
SIM5
SIM1
SIM2
SIM3
SIM4
1
21
22
SIM5
SIM1
SIM2
SIM3
SIM4
1
21
22
SIM5
SIM1
SIM2
DEBUG 1 545
SIM1
SIM2
SIM3
SIM4
1
21
22
SIM5
SIM1
SIM2
SIM3
SIM4
1
21
22
SIM5
SIM1
SIM2
SIM3
SIM4
1
21
22
SIM5
SIM1
SIM2
SIM3
SIM4
1
21
22
SIM5
SIM1
SIM2
SIM3
SIM4
1
21
22
SIM5
SIM1
SIM2
SIM3
SIM4
1
21
22
SIM5
SIM1
SIM2
SIM3
SIM4
1
21
22
SIM5
SIM1
SIM2
SIM3
SIM4
1
21
22
SIM5
SIM1
SIM2
SIM3
SIM4
1
21
22
SIM5
SIM1
SIM2
SIM3
SIM4
1
21
22
SIM5
SIM1
SIM2
SIM3
SIM4
1
21
22
SIM5
SIM1
SIM2
SIM3
SIM4
1
21
22
SIM5
SIM1
SIM2
SIM3
SIM4
1
21
22
SIM5
SIM1
SIM2
SIM3
SIM4
1
21
22
SIM5
SIM1
SIM2
SIM3
SIM4
1
21
22
SIM5
SIM1
SIM2
SIM3
SIM4
1
21
22
SIM5
SIM1
SIM2
SIM3
SIM4
1
21
22
SIM5
SIM1
SIM2
SIM3
SIM4
1
21
22
SIM5
SIM1
SIM2
SIM3
SIM4
1
21
22
SIM5
SIM1
SIM2
SIM3
SIM4
1
21
22
SIM5
SIM1
SIM2
SIM3
SIM4
1
21
22
SIM5
SIM1
SIM2
SIM3
SIM4
1
21
22
SIM5
SIM1
SIM2
SIM3
SIM4
1
21
22
SIM5
SIM1
SIM2
SIM3
SIM4
1
21
22
SIM5
SIM1
SIM2
SIM3
SIM4
1
21
22
SIM5
SIM1
SIM2
SIM3
SIM4
1
21
22
SIM5
SIM1
SIM2
SIM3
SIM4
1
21
22
SIM5
SIM1
SIM2
SIM3
SIM4
1
21
22
SIM5
SIM1
SIM2
SIM3
SIM4
1
21
22
SIM5
SIM1
SIM2
SIM3
SIM4
1
21
22
SIM5
SIM1
SIM2
SIM3
SIM4
1
21
22
SIM5
SIM1
SIM2
SIM3
SIM4
1
21
22
SIM5
SIM1
SIM2
SIM3
SIM4
1
21
22
SIM5
SIM1
SIM2
SIM3
SIM4
1
21
22
SIM5
SIM1
SIM2
SIM3
SIM4
1
21
22
SIM5
SIM1
SIM2
SIM3
SIM4
1
21
22
SIM5
SIM1
SIM2
SIM3
SIM4
1
21
22
SIM5
SIM1
SIM2
SIM3
SIM4
1
21
22
SIM5
SIM1
SIM2
SIM3
SIM4
1
21
22
SIM5
SIM1
SIM2
SIM3
SIM4
1
21
22
SIM5
SIM1
SIM2
SIM3
SIM4
1
21
22
SIM5
SIM1
SIM2
SIM3
SIM4
1
21
22
SIM5
SIM1
SIM2
SIM3
SIM4
1
21
22
SIM5
SIM1
SIM2
SIM3
SIM4
1
21
22
SIM5
SIM1
SIM2
SIM3
SIM4
1
21
22
SIM5
SIM1
SIM2
SIM3
SIM4
1
21
22
SIM5
SIM1
SIM2
SIM3
SIM4
1
21
22
SIM5
SIM1
SIM2
SIM3
SIM4
1
21
22
SIM5
SIM1
SIM2
SIM3
SIM4
1
21
22
SIM5
SIM1
SIM2
SIM3
SIM4
1
21
22
SIM5
SIM1
SIM2
SIM3
SIM4
1
21
22
SIM5
SIM1
SIM2
SIM3
SIM4
1
21
22
SIM5
SIM1
SIM2
SIM3
SIM4
1
21
22
SIM5
SIM1
SIM2
SIM3
SIM4
1
21
22
SIM5
SIM1
SIM2
SIM3
SIM4
1
21
22
SIM5
SIM1
SIM2
SIM3
SIM4
1
21
22
SIM5
SIM1
SIM2
SIM3
SIM4
1
21
22
SIM5
SIM1
SIM2
SIM3
SIM4
1
21
22
SIM5
SIM1
SIM2
SIM3
SIM4
1
21
22
SIM5
SIM1
SIM2
SIM3
SIM4
1
21
22
SIM5
SIM1
SIM2
SIM3
SIM4
1
21
22
SIM5
SIM1
SIM2
SIM3
SIM4
1
21
22
SIM5
SIM1
SIM2
SIM3
SIM4
1
21
22
SIM5
SIM1
SIM2
SIM3
SIM4
1
21
22
SIM5
SIM1
SIM2
SIM3
SIM4
1
21
22
SIM5
SIM1
SIM2
SIM3
SIM4
1
21
22
SIM5
SIM1
SIM2
SIM3
SIM4
1
21
22
SIM5
SIM1
SIM2
SIM3
SIM4
1
21
22
SIM5
SIM1
SIM2
SIM3
SIM4
1
21
22
SIM5
SIM1
SIM2
SIM3
SIM4
1
21
22
SIM5
SIM1
SIM2
SIM3
SIM4
1
21
22
SIM5
SIM1
SIM2
SIM3
SIM4
1
21
22
SIM5
SIM1
SIM2
SIM3
SIM4
1
21
22
SIM5
SIM1
SIM2
SIM3
SIM4
1
21
22
SIM5
SIM1
SIM2
SIM3
SIM4
1
21
22
SIM5
SIM1
SIM2
SIM3
SIM4
1
21
22
SIM5
SIM1
SIM2
SIM3
SIM4
1
21
22
SIM5
SIM1
SIM2
SIM3
SIM4
1
21
22
SIM5
SIM1
SIM2
SIM3
SIM4
1
21
22
SIM5
SIM1
SIM2
SIM3
SIM4
1
21
22
SIM5
SIM1
SIM2
SIM3
SIM4
1
21
22
SIM5
SIM1
SIM2
SIM3
SIM4
1
21
22
SIM5
SIM1
SIM2
SIM3
SIM4
1
21
22
SIM5
SIM1
SIM2
SIM3
SIM4
1
21
22
SIM5
SIM1
SIM2
SIM3
SIM4
1
21
22
SIM5
SIM1
SIM2
SIM3
SIM4
1
21
22
SIM5
SIM1
SIM2
SIM3
SIM4
1
21
22
SIM5
SIM1
SIM2
SIM3
SIM4
1
21
22
SIM5
SIM1
SIM2
SIM3
SIM4
1
21
22
SIM5
SIM1
SIM2
SIM3
SIM4
1
21
22
SIM5
SIM1
SIM2
SIM3
SIM4
1
21
22
SIM5
SIM1
SIM2
SIM3
SIM4
1
21
22
SIM5
SIM1
SIM2
SIM3
SIM4
1
21
22
SIM5
SIM1
SIM2
SIM3
SIM4
1
21
22
SIM5
SIM1
SIM2
SIM3
SIM4
1
21
22
SIM5
SIM1
SIM2
SIM3
SIM4
1
21
22
SIM5
SIM1
SIM2
SIM3
SIM4
1
21
22
SIM5
SIM1
SIM2
SIM3
SIM4
1
21
22
SIM5
SIM1
SIM2
SIM3
SIM4
1
21
22
SIM5
SIM1
SIM2
SIM3
SIM4
1
21
22
SIM5
SIM1
SIM2
SIM3
SIM4
1
21
22
SIM5
SIM1
SIM2
SIM3
SIM4
1
21
22
SIM5
SIM1
SIM2
SIM3
SIM4
1
21
22
SIM5
SIM1
SIM2
SIM3
SIM4
1
21
22
SIM5
SIM1
SIM2
SIM3
SIM4
1
21
22
SIM5
SIM1
SIM2
SIM3
SIM4
1
21
22
SIM5
SIM1
SIM2
SIM3
SIM4
1
21
22
SIM5
SIM1
SIM2
SIM3
SIM4
1
21
22
SIM5
SIM1
SIM2
SIM3
SIM4
1
21
22
SIM5
SIM1
SIM2
SIM3
SIM4
1
21
22
SIM5
SIM1
SIM2
SIM3
SIM4
1
21
22
SIM5
SIM1
SIM2
SIM3
SIM4
1
21
22
SIM5
SIM1
SIM2
SIM3
SIM4
1
21
22
SIM5
SIM1
SIM2
SIM3
SIM4
1
21
22
SIM5
SIM1
SIM2
SIM3
SIM4
1
21
22
SIM5
SIM1
SIM2
SIM3
SIM4
1
21
22
SIM5
SIM1
SIM2
SIM3
SIM4
1
21
22
SIM5
SIM1
SIM2
SIM3
SIM4
1
21
22
SIM5
SIM1
SIM2
SIM3
SIM4
1
21
22
SIM5
SIM1
SIM2
SIM3
SIM4
1
21
22
SIM5
SIM1
SIM2
SIM3
SIM4
1
21
22
SIM5
SIM1
SIM2
SIM3
SIM4
1
21
22
SIM5
SIM1
SIM2
SIM3
SIM4
1
21
22
SIM5
SIM1
SIM2
SIM3
SIM4
1
21
22
SIM5
SIM1
SIM2
SIM3
SIM4
1
21
22
SIM5
SIM1
SIM2
SIM3
SIM4
1
21
22
SIM5
SIM1
SIM2
SIM3
SIM4
1
21
22
SIM5
SIM1
SIM2
SIM3
SIM4
1
21
22
SIM5
SIM1
SIM2
SIM3
SIM4
1
21
22
SIM5
SIM1
SIM2
SIM3
SIM4
1
21
22
SIM5
SIM1
SIM2
SIM3
SIM4
1
21
22
SIM5
SIM1
SIM2
SIM3
SIM4
1
21
22
SIM5
SIM1
SIM2
SIM3
SIM4
1
21
22
SIM5
SIM1
SIM2
SIM3
SIM4
1
21
22
SIM5
SIM1
SIM2
SIM3
SIM4
1
21
22
SIM5
SIM1
SIM2
SIM3
SIM4
1
21
22
SIM5
SIM1
SIM2
SIM3
SIM4
1
21
22
SIM5
SIM1
SIM2
SIM3
SIM4
1
21
22
SIM5
SIM1
SIM2
SIM3
SIM4
1
21
22
SIM5
SIM1
SIM2
SIM3
SIM4
1
21
22
SIM5
SIM1
SIM2
SIM3
SIM4
1
21
22
SIM5
SIM1
SIM2
SIM3
SIM4
1
21
22
SIM5
SIM1
SIM2
SIM3
SIM4
1
21
22
SIM5
SIM1
SIM2
SIM3
SIM4
1
21
22
SIM5
SIM1
SIM2
SIM3
SIM4
1
21
22
SIM5
SIM1
SIM2
SIM3
SIM4
1
21
22
SIM5
SIM1
SIM2
SIM3
SIM4
1
21
22
SIM5
SIM1
SIM2
SIM3
SIM4
1
21
22
SIM5
SIM1
SIM2
SIM3
SIM4
1
21
22
SIM5
SIM1
SIM2
SIM3
SIM4
1
21
22
SIM5
SIM1
SIM2
SIM3
SIM4
1
21
22
SIM5
SIM1
SIM2
SIM3
SIM4
1
21
22
SIM5
SIM1
SIM2
SIM3
SIM4
1
21
22
SIM5
SIM1
SIM2
SIM3
SIM4
1
21
22
SIM5
SIM1
SIM2
SIM3
SIM4
1
21
22
SIM5
SIM1
SIM2
SIM3
SIM4
1
21
22
SIM5
SIM1
SIM2
SIM3
SIM4
1
21
22
SIM5
SIM1
SIM2
SIM3
SIM4
1
21
22
SIM5
SIM1
SIM2
SIM3
SIM4
1
21
22
SIM5
SIM1
SIM2
SIM3
SIM4
1
21
22
SIM5
SIM1
SIM2
SIM3
SIM4
1
21
22
SIM5
SIM1
SIM2
SIM3
SIM4
1
21
22
SIM5
SIM1
SIM2
SIM3
SIM4
1
21
22
SIM5
SIM1
SIM2
SIM3
SIM4
1
21
22
SIM5
SIM1
SIM2
SIM3
SIM4
1
21
22
SIM5
SIM1
SIM2
DEBUG 1 546
SIM1
SIM2
SIM3
SIM4
1
21
22
SIM5
SIM1
SIM2
SIM3
SIM4
1
21
22
SIM5
SIM1
SIM2
SIM3
SIM4
1
21
22
SIM5
SIM1
SIM2
SIM3
SIM4
1
21
22
SIM5
SIM1
SIM2
SIM3
SIM4
1
21
22
SIM5
SIM1
SIM2
SIM3
SIM4
1
21
22
SIM5
SIM1
SIM2
SIM3
SIM4
1
21
22
SIM5
SIM1
SIM2
SIM3
SIM4
1
21
22
SIM5
SIM1
SIM2
SIM3
SIM4
1
21
22
SIM5
SIM1
SIM2
SIM3
SIM4
1
21
22
SIM5
SIM1
SIM2
SIM3
SIM4
1
21
22
SIM5
SIM1
SIM2
SIM3
SIM4
1
21
22
SIM5
SIM1
SIM2
SIM3
SIM4
1
21
22
SIM5
SIM1
SIM2
SIM3
SIM4
1
21
22
SIM5
SIM1
SIM2
SIM3
SIM4
1
21
22
SIM5
SIM1
SIM2
SIM3
SIM4
1
21
22
SIM5
SIM1
SIM2
SIM3
SIM4
1
21
22
SIM5
SIM1
SIM2
SIM3
SIM4
1
21
22
SIM5
SIM1
SIM2
SIM3
SIM4
1
21
22
SIM5
SIM1
SIM2
SIM3
SIM4
1
21
22
SIM5
SIM1
SIM2
SIM3
SIM4
1
21
22
SIM5
SIM1
SIM2
SIM3
SIM4
1
21
22
SIM5
SIM1
SIM2
SIM3
SIM4
1
21
22
SIM5
SIM1
SIM2
SIM3
SIM4
1
21
22
SIM5
SIM1
SIM2
SIM3
SIM4
1
21
22
SIM5
SIM1
SIM2
SIM3
SIM4
1
21
22
SIM5
SIM1
SIM2
SIM3
SIM4
1
21
22
SIM5
SIM1
SIM2
SIM3
SIM4
1
21
22
SIM5
SIM1
SIM2
SIM3
SIM4
1
21
22
SIM5
SIM1
SIM2
SIM3
SIM4
1
21
22
SIM5
SIM1
SIM2
SIM3
SIM4
1
21
22
SIM5
SIM1
SIM2
SIM3
SIM4
1
21
22
SIM5
SIM1
SIM2
SIM3
SIM4
1
21
22
SIM5
SIM1
SIM2
SIM3
SIM4
1
21
22
SIM5
SIM1
SIM2
SIM3
SIM4
1
21
22
SIM5
SIM1
SIM2
SIM3
SIM4
1
21
22
SIM5
SIM1
SIM2
SIM3
SIM4
1
21
22
SIM5
SIM1
SIM2
SIM3
SIM4
1
21
22
SIM5
SIM1
SIM2
SIM3
SIM4
1
21
22
SIM5
SIM1
SIM2
SIM3
SIM4
1
21
22
SIM5
SIM1
SIM2
SIM3
SIM4
1
21
22
SIM5
SIM1
SIM2
SIM3
SIM4
1
21
22
SIM5
SIM1
SIM2
SIM3
SIM4
1
21
22
SIM5
SIM1
SIM2
SIM3
SIM4
1
21
22
SIM5
SIM1
SIM2
SIM3
SIM4
1
21
22
SIM5
SIM1
SIM2
SIM3
SIM4
1
21
22
SIM5
SIM1
SIM2
SIM3
SIM4
1
21
22
SIM5
SIM1
SIM2
SIM3
SIM4
1
21
22
SIM5
SIM1
SIM2
SIM3
SIM4
1
21
22
SIM5
SIM1
SIM2
SIM3
SIM4
1
21
22
SIM5
SIM1
SIM2
SIM3
SIM4
1
21
22
SIM5
SIM1
SIM2
SIM3
SIM4
1
21
22
SIM5
SIM1
SIM2
SIM3
SIM4
1
21
22
SIM5
SIM1
SIM2
SIM3
SIM4
1
21
22
SIM5
SIM1
SIM2
SIM3
SIM4
1
21
22
SIM5
SIM1
SIM2
SIM3
SIM4
1
21
22
SIM5
SIM1
SIM2
SIM3
SIM4
1
21
22
SIM5
SIM1
SIM2
SIM3
SIM4
1
21
22
SIM5
SIM1
SIM2
SIM3
SIM4
1
21
22
SIM5
SIM1
SIM2
SIM3
SIM4
1
21
22
SIM5
SIM1
SIM2
SIM3
SIM4
1
21
22
SIM5
SIM1
SIM2
SIM3
SIM4
1
21
22
SIM5
SIM1
SIM2
SIM3
SIM4
1
21
22
SIM5
SIM1
SIM2
SIM3
SIM4
1
21
22
SIM5
SIM1
SIM2
SIM3
SIM4
1
21
22
SIM5
SIM1
SIM2
SIM3
SIM4
1
21
22
SIM5
SIM1
SIM2
SIM3
SIM4
1
21
22
SIM5
SIM1
SIM2
SIM3
SIM4
1
21
22
SIM5
SIM1
SIM2
SIM3
SIM4
1
21
22
SIM5
SIM1
SIM2
SIM3
SIM4
1
21
22
SIM5
SIM1
SIM2
SIM3
SIM4
1
21
22
SIM5
SIM1
SIM2
SIM3
SIM4
1
21
22
SIM5
SIM1
SIM2
SIM3
SIM4
1
21
22
SIM5
SIM1
SIM2
SIM3
SIM4
1
21
22
SIM5
SIM1
SIM2
SIM3
SIM4
1
21
22
SIM5
SIM1
SIM2
SIM3
SIM4
1
21
22
SIM5
SIM1
SIM2
SIM3
SIM4
1
21
22
SIM5
SIM1
SIM2
SIM3
SIM4
1
21
22
SIM5
SIM1
SIM2
SIM3
SIM4
1
21
22
SIM5
SIM1
SIM2
SIM3
SIM4
1
21
22
SIM5
SIM1
SIM2
SIM3
SIM4
1
21
22
SIM5
SIM1
SIM2
SIM3
SIM4
1
21
22
SIM5
SIM1
SIM2
SIM3
SIM4
1
21
22
SIM5
SIM1
SIM2
SIM3
SIM4
1
21
22
SIM5
SIM1
SIM2
SIM3
SIM4
1
21
22
SIM5
SIM1
SIM2
SIM3
SIM4
1
21
22
SIM5
SIM1
SIM2
SIM3
SIM4
1
21
22
SIM5
SIM1
SIM2
SIM3
SIM4
1
21
22
SIM5
SIM1
SIM2
SIM3
SIM4
1
21
22
SIM5
SIM1
SIM2
SIM3
SIM4
1
21
22
SIM5
SIM1
SIM2
SIM3
SIM4
1
21
22
SIM5
SIM1
SIM2
SIM3
SIM4
1
21
22
SIM5
SIM1
SIM2
SIM3
SIM4
1
21
22
SIM5
SIM1
SIM2
SIM3
SIM4
1
21
22
SIM5
SIM1
SIM2
SIM3
SIM4
1
21
22
SIM5
SIM1
SIM2
SIM3
SIM4
1
21
22
SIM5
SIM1
SIM2
SIM3
SIM4
1
21
22
SIM5
SIM1
SIM2
SIM3
SIM4
1
21
22
SIM5
SIM1
SIM2
SIM3
SIM4
1
21
22
SIM5
SIM1
SIM2
SIM3
SIM4
1
21
22
SIM5
SIM1
SIM2
SIM3
SIM4
1
21
22
SIM5
SIM1
SIM2
SIM3
SIM4
1
21
22
SIM5
SIM1
SIM2
SIM3
SIM4
1
21
22
SIM5
SIM1
SIM2
SIM3
SIM4
1
21
22
SIM5
SIM1
SIM2
SIM3
SIM4
1
21
22
SIM5
SIM1
SIM2
SIM3
SIM4
1
21
22
SIM5
SIM1
SIM2
SIM3
SIM4
1
21
22
SIM5
SIM1
SIM2
SIM3
SIM4
1
21
22
SIM5
SIM1
SIM2
SIM3
SIM4
1
21
22
SIM5
SIM1
SIM2
SIM3
SIM4
1
21
22
SIM5
SIM1
SIM2
SIM3
SIM4
1
21
22
SIM5
SIM1
SIM2
SIM3
SIM4
1
21
22
SIM5
SIM1
SIM2
SIM3
SIM4
1
21
22
SIM5
SIM1
SIM2
SIM3
SIM4
1
21
22
SIM5
SIM1
SIM2
SIM3
SIM4
1
21
22
SIM5
SIM1
SIM2
SIM3
SIM4
1
21
22
SIM5
SIM1
SIM2
SIM3
SIM4
1
21
22
SIM5
SIM1
SIM2
SIM3
SIM4
1
21
22
SIM5
SIM1
SIM2
SIM3
SIM4
1
21
22
SIM5
SIM1
SIM2
SIM3
SIM4
1
21
22
SIM5
SIM1
SIM2
SIM3
SIM4
1
21
22
SIM5
SIM1
SIM2
SIM3
SIM4
1
21
22
SIM5
SIM1
SIM2
SIM3
SIM4
1
21
22
SIM5
SIM1
SIM2
SIM3
SIM4
1
21
22
SIM5
SIM1
SIM2
SIM3
SIM4
1
21
22
SIM5
SIM1
SIM2
SIM3
SIM4
1
21
22
SIM5
SIM1
SIM2
SIM3
SIM4
1
21
22
SIM5
SIM1
SIM2
SIM3
SIM4
1
21
22
SIM5
SIM1
SIM2
SIM3
SIM4
1
21
22
SIM5
SIM1
SIM2
SIM3
SIM4
1
21
22
SIM5
SIM1
SIM2
SIM3
SIM4
1
21
22
SIM5
SIM1
SIM2
SIM3
SIM4
1
21
22
SIM5
SIM1
SIM2
SIM3
SIM4
1
21
22
SIM5
SIM1
SIM2
SIM3
SIM4
1
21
22
SIM5
SIM1
SIM2
SIM3
SIM4
1
21
22
SIM5
SIM1
SIM2
SIM3
SIM4
1
21
22
SIM5
SIM1
SIM2
SIM3
SIM4
1
21
22
SIM5
SIM1
SIM2
SIM3
SIM4
1
21
22
SIM5
SIM1
SIM2
SIM3
SIM4
1
21
22
SIM5
SIM1
SIM2
SIM3
SIM4
1
21
22
SIM5
SIM1
SIM2
SIM3
SIM4
1
21
22
SIM5
SIM1
SIM2
SIM3
SIM4
1
21
22
SIM5
SIM1
SIM2
SIM3
SIM4
1
21
22
SIM5
SIM1
SIM2
SIM3
SIM4
1
21
22
SIM5
SIM1
SIM2
SIM3
SIM4
1
21
22
SIM5
SIM1
SIM2
SIM3
SIM4
1
21
22
SIM5
SIM1
SIM2
SIM3
SIM4
1
21
22
SIM5
SIM1
SIM2
SIM3
SIM4
1
21
22
SIM5
SIM1
SIM2
SIM3
SIM4
1
21
22
SIM5
SIM1
SIM2
SIM3
SIM4
1
21
22
SIM5
SIM1
SIM2
SIM3
SIM4
1
21
22
SIM5
SIM1
SIM2
SIM3
SIM4
1
21
22
SIM5
SIM1
SIM2
SIM3
SIM4
1
21
22
SIM5
SIM1
SIM2
SIM3
SIM4
1
21
22
SIM5
SIM1
SIM2
SIM3
SIM4
1
21
22
SIM5
SIM1
SIM2
SIM3
SIM4
1
21
22
SIM5
SIM1
SIM2
SIM3
SIM4
1
21
22
SIM5
SIM1
SIM2
SIM3
SIM4
1
21
22
SIM5
SIM1
SIM2
SIM3
SIM4
1
21
22
SIM5
SIM1
SIM2
SIM3
SIM4
1
21
22
SIM5
SIM1
SIM2
SIM3
SIM4
1
21
22
SIM5
SIM1
SIM2
SIM3
SIM4
1
21
22
SIM5
SIM1
SIM2
SIM3
SIM4
1
21
22
SIM5
SIM1
SIM2
SIM3
SIM4
1
21
22
SIM5
SIM1
SIM2
DEBUG 1 547
SIM1
SIM2
SIM3
SIM4
1
21
22
SIM5
SIM1
SIM2
SIM3
SIM4
1
21
22
SIM5
SIM1
SIM2
SIM3
SIM4
1
21
22
SIM5
SIM1
SIM2
SIM3
SIM4
1
21
22
SIM5
SIM1
SIM2
SIM3
SIM4
1
21
22
SIM5
SIM1
SIM2
SIM3
SIM4
1
21
22
SIM5
SIM1
SIM2
SIM3
SIM4
1
21
22
SIM5
SIM1
SIM2
SIM3
SIM4
1
21
22
SIM5
SIM1
SIM2
SIM3
SIM4
1
21
22
SIM5
SIM1
SIM2
SIM3
SIM4
1
21
22
SIM5
SIM1
SIM2
SIM3
SIM4
1
21
22
SIM5
SIM1
SIM2
SIM3
SIM4
1
21
22
SIM5
SIM1
SIM2
SIM3
SIM4
1
21
22
SIM5
SIM1
SIM2
SIM3
SIM4
1
21
22
SIM5
SIM1
SIM2
SIM3
SIM4
1
21
22
SIM5
SIM1
SIM2
SIM3
SIM4
1
21
22
SIM5
SIM1
SIM2
SIM3
SIM4
1
21
22
SIM5
SIM1
SIM2
SIM3
SIM4
1
21
22
SIM5
SIM1
SIM2
SIM3
SIM4
1
21
22
SIM5
SIM1
SIM2
SIM3
SIM4
1
21
22
SIM5
SIM1
SIM2
SIM3
SIM4
1
21
22
SIM5
SIM1
SIM2
SIM3
SIM4
1
21
22
SIM5
SIM1
SIM2
SIM3
SIM4
1
21
22
SIM5
SIM1
SIM2
SIM3
SIM4
1
21
22
SIM5
SIM1
SIM2
SIM3
SIM4
1
21
22
SIM5
SIM1
SIM2
SIM3
SIM4
1
21
22
SIM5
SIM1
SIM2
SIM3
SIM4
1
21
22
SIM5
SIM1
SIM2
SIM3
SIM4
1
21
22
SIM5
SIM1
SIM2
SIM3
SIM4
1
21
22
SIM5
SIM1
SIM2
SIM3
SIM4
1
21
22
SIM5
SIM1
SIM2
SIM3
SIM4
1
21
22
SIM5
SIM1
SIM2
SIM3
SIM4
1
21
22
SIM5
SIM1
SIM2
SIM3
SIM4
1
21
22
SIM5
SIM1
SIM2
SIM3
SIM4
1
21
22
SIM5
SIM1
SIM2
SIM3
SIM4
1
21
22
SIM5
SIM1
SIM2
SIM3
SIM4
1
21
22
SIM5
SIM1
SIM2
SIM3
SIM4
1
21
22
SIM5
SIM1
SIM2
SIM3
SIM4
1
21
22
SIM5
SIM1
SIM2
SIM3
SIM4
1
21
22
SIM5
SIM1
SIM2
SIM3
SIM4
1
21
22
SIM5
SIM1
SIM2
SIM3
SIM4
1
21
22
SIM5
SIM1
SIM2
SIM3
SIM4
1
21
22
SIM5
SIM1
SIM2
SIM3
SIM4
1
21
22
SIM5
SIM1
SIM2
SIM3
SIM4
1
21
22
SIM5
SIM1
SIM2
SIM3
SIM4
1
21
22
SIM5
SIM1
SIM2
SIM3
SIM4
1
21
22
SIM5
SIM1
SIM2
SIM3
SIM4
1
21
22
SIM5
SIM1
SIM2
SIM3
SIM4
1
21
22
SIM5
SIM1
SIM2
SIM3
SIM4
1
21
22
SIM5
SIM1
SIM2
SIM3
SIM4
1
21
22
SIM5
SIM1
SIM2
SIM3
SIM4
1
21
22
SIM5
SIM1
SIM2
SIM3
SIM4
1
21
22
SIM5
SIM1
SIM2
SIM3
SIM4
1
21
22
SIM5
SIM1
SIM2
SIM3
SIM4
1
21
22
SIM5
SIM1
SIM2
SIM3
SIM4
1
21
22
SIM5
SIM1
SIM2
SIM3
SIM4
1
21
22
SIM5
SIM1
SIM2
SIM3
SIM4
1
21
22
SIM5
SIM1
SIM2
SIM3
SIM4
1
21
22
SIM5
SIM1
SIM2
SIM3
SIM4
1
21
22
SIM5
SIM1
SIM2
SIM3
SIM4
1
21
22
SIM5
SIM1
SIM2
SIM3
SIM4
1
21
22
SIM5
SIM1
SIM2
SIM3
SIM4
1
21
22
SIM5
SIM1
SIM2
SIM3
SIM4
1
21
22
SIM5
SIM1
SIM2
SIM3
SIM4
1
21
22
SIM5
SIM1
SIM2
SIM3
SIM4
1
21
22
SIM5
SIM1
SIM2
SIM3
SIM4
1
21
22
SIM5
SIM1
SIM2
SIM3
SIM4
1
21
22
SIM5
SIM1
SIM2
SIM3
SIM4
1
21
22
SIM5
SIM1
SIM2
SIM3
SIM4
1
21
22
SIM5
SIM1
SIM2
SIM3
SIM4
1
21
22
SIM5
SIM1
SIM2
SIM3
SIM4
1
21
22
SIM5
SIM1
SIM2
SIM3
SIM4
1
21
22
SIM5
SIM1
SIM2
SIM3
SIM4
1
21
22
SIM5
SIM1
SIM2
SIM3
SIM4
1
21
22
SIM5
SIM1
SIM2
SIM3
SIM4
1
21
22
SIM5
SIM1
SIM2
SIM3
SIM4
1
21
22
SIM5
SIM1
SIM2
SIM3
SIM4
1
21
22
SIM5
SIM1
SIM2
SIM3
SIM4
1
21
22
SIM5
SIM1
SIM2
SIM3
SIM4
1
21
22
SIM5
SIM1
SIM2
SIM3
SIM4
1
21
22
SIM5
SIM1
SIM2
SIM3
SIM4
1
21
22
SIM5
SIM1
SIM2
SIM3
SIM4
1
21
22
SIM5
SIM1
SIM2
SIM3
SIM4
1
21
22
SIM5
SIM1
SIM2
SIM3
SIM4
1
21
22
SIM5
SIM1
SIM2
SIM3
SIM4
1
21
22
SIM5
SIM1
SIM2
SIM3
SIM4
1
21
22
SIM5
SIM1
SIM2
SIM3
SIM4
1
21
22
SIM5
SIM1
SIM2
SIM3
SIM4
1
21
22
SIM5
SIM1
SIM2
SIM3
SIM4
1
21
22
SIM5
SIM1
SIM2
SIM3
SIM4
1
21
22
SIM5
SIM1
SIM2
SIM3
SIM4
1
21
22
SIM5
SIM1
SIM2
SIM3
SIM4
1
21
22
SIM5
SIM1
SIM2
SIM3
SIM4
1
21
22
SIM5
SIM1
SIM2
SIM3
SIM4
1
21
22
SIM5
SIM1
SIM2
SIM3
SIM4
1
21
22
SIM5
SIM1
SIM2
SIM3
SIM4
1
21
22
SIM5
SIM1
SIM2
SIM3
SIM4
1
21
22
SIM5
SIM1
SIM2
SIM3
SIM4
1
21
22
SIM5
SIM1
SIM2
SIM3
SIM4
1
21
22
SIM5
SIM1
SIM2
SIM3
SIM4
1
21
22
SIM5
SIM1
SIM2
SIM3
SIM4
1
21
22
SIM5
SIM1
SIM2
SIM3
SIM4
1
21
22
SIM5
SIM1
SIM2
SIM3
SIM4
1
21
22
SIM5
SIM1
SIM2
SIM3
SIM4
1
21
22
SIM5
SIM1
SIM2
SIM3
SIM4
1
21
22
SIM5
SIM1
SIM2
SIM3
SIM4
1
21
22
SIM5
SIM1
SIM2
SIM3
SIM4
1
21
22
SIM5
SIM1
SIM2
SIM3
SIM4
1
21
22
SIM5
SIM1
SIM2
SIM3
SIM4
1
21
22
SIM5
SIM1
SIM2
SIM3
SIM4
1
21
22
SIM5
SIM1
SIM2
SIM3
SIM4
1
21
22
SIM5
SIM1
SIM2
SIM3
SIM4
1
21
22
SIM5
SIM1
SIM2
SIM3
SIM4
1
21
22
SIM5
SIM1
SIM2
SIM3
SIM4
1
21
22
SIM5
SIM1
SIM2
SIM3
SIM4
1
21
22
SIM5
SIM1
SIM2
SIM3
SIM4
1
21
22
SIM5
SIM1
SIM2
SIM3
SIM4
1
21
22
SIM5
SIM1
SIM2
SIM3
SIM4
1
21
22
SIM5
SIM1
SIM2
SIM3
SIM4
1
21
22
SIM5
SIM1
SIM2
SIM3
SIM4
1
21
22
SIM5
SIM1
SIM2
SIM3
SIM4
1
21
22
SIM5
SIM1
SIM2
SIM3
SIM4
1
21
22
SIM5
SIM1
SIM2
SIM3
SIM4
1
21
22
SIM5
SIM1
SIM2
SIM3
SIM4
1
21
22
SIM5
SIM1
SIM2
SIM3
SIM4
1
21
22
SIM5
SIM1
SIM2
DEBUG 1 548
SIM1
SIM2
SIM3
SIM4
1
21
22
SIM5
SIM1
SIM2
SIM3
SIM4
1
21
22
SIM5
SIM1
SIM2
SIM3
SIM4
1
21
22
SIM5
SIM1
SIM2
SIM3
SIM4
1
21
22
SIM5
SIM1
SIM2
SIM3
SIM4
1
21
22
SIM5
SIM1
SIM2
SIM3
SIM4
1
21
22
SIM5
SIM1
SIM2
SIM3
SIM4
1
21
22
SIM5
SIM1
SIM2
SIM3
SIM4
1
21
22
SIM5
SIM1
SIM2
SIM3
SIM4
1
21
22
SIM5
SIM1
SIM2
SIM3
SIM4
1
21
22
SIM5
SIM1
SIM2
SIM3
SIM4
1
21
22
SIM5
SIM1
SIM2
SIM3
SIM4
1
21
22
SIM5
SIM1
SIM2
SIM3
SIM4
1
21
22
SIM5
SIM1
SIM2
SIM3
SIM4
1
21
22
SIM5
SIM1
SIM2
SIM3
SIM4
1
21
22
SIM5
SIM1
SIM2
SIM3
SIM4
1
21
22
SIM5
SIM1
SIM2
SIM3
SIM4
1
21
22
SIM5
SIM1
SIM2
SIM3
SIM4
1
21
22
SIM5
SIM1
SIM2
SIM3
SIM4
1
21
22
SIM5
SIM1
SIM2
SIM3
SIM4
1
21
22
SIM5
SIM1
SIM2
SIM3
SIM4
1
21
22
SIM5
SIM1
SIM2
SIM3
SIM4
1
21
22
SIM5
SIM1
SIM2
SIM3
SIM4
1
21
22
SIM5
SIM1
SIM2
SIM3
SIM4
1
21
22
SIM5
SIM1
SIM2
SIM3
SIM4
1
21
22
SIM5
SIM1
SIM2
SIM3
SIM4
1
21
22
SIM5
SIM1
SIM2
SIM3
SIM4
1
21
22
SIM5
SIM1
SIM2
SIM3
SIM4
1
21
22
SIM5
SIM1
SIM2
SIM3
SIM4
1
21
22
SIM5
SIM1
SIM2
SIM3
SIM4
1
21
22
SIM5
SIM1
SIM2
SIM3
SIM4
1
21
22
SIM5
SIM1
SIM2
SIM3
SIM4
1
21
22
SIM5
SIM1
SIM2
SIM3
SIM4
1
21
22
SIM5
SIM1
SIM2
SIM3
SIM4
1
21
22
SIM5
SIM1
SIM2
SIM3
SIM4
1
21
22
SIM5
SIM1
SIM2
SIM3
SIM4
1
21
22
SIM5
SIM1
SIM2
SIM3
SIM4
1
21
22
SIM5
SIM1
SIM2
SIM3
SIM4
1
21
22
SIM5
SIM1
SIM2
SIM3
SIM4
1
21
22
SIM5
SIM1
SIM2
SIM3
SIM4
1
21
22
SIM5
SIM1
SIM2
SIM3
SIM4
1
21
22
SIM5
SIM1
SIM2
SIM3
SIM4
1
21
22
SIM5
SIM1
SIM2
SIM3
SIM4
1
21
22
SIM5
SIM1
SIM2
SIM3
SIM4
1
21
22
SIM5
SIM1
SIM2
SIM3
SIM4
1
21
22
SIM5
SIM1
SIM2
SIM3
SIM4
1
21
22
SIM5
SIM1
SIM2
SIM3
SIM4
1
21
22
SIM5
SIM1
SIM2
SIM3
SIM4
1
21
22
SIM5
SIM1
SIM2
SIM3
SIM4
1
21
22
SIM5
SIM1
SIM2
SIM3
SIM4
1
21
22
SIM5
SIM1
SIM2
SIM3
SIM4
1
21
22
SIM5
SIM1
SIM2
SIM3
SIM4
1
21
22
SIM5
SIM1
SIM2
SIM3
SIM4
1
21
22
SIM5
SIM1
SIM2
SIM3
SIM4
1
21
22
SIM5
SIM1
SIM2
SIM3
SIM4
1
21
22
SIM5
SIM1
SIM2
SIM3
SIM4
1
21
22
SIM5
SIM1
SIM2
SIM3
SIM4
1
21
22
SIM5
SIM1
SIM2
SIM3
SIM4
1
21
22
SIM5
SIM1
SIM2
SIM3
SIM4
1
21
22
SIM5
SIM1
SIM2
SIM3
SIM4
1
21
22
SIM5
SIM1
SIM2
SIM3
SIM4
1
21
22
SIM5
SIM1
SIM2
SIM3
SIM4
1
21
22
SIM5
SIM1
SIM2
SIM3
SIM4
1
21
22
SIM5
SIM1
SIM2
SIM3
SIM4
1
21
22
SIM5
SIM1
SIM2
SIM3
SIM4
1
21
22
SIM5
SIM1
SIM2
SIM3
SIM4
1
21
22
SIM5
SIM1
SIM2
SIM3
SIM4
1
21
22
SIM5
SIM1
SIM2
SIM3
SIM4
1
21
22
SIM5
SIM1
SIM2
SIM3
SIM4
1
21
22
SIM5
SIM1
SIM2
SIM3
SIM4
1
21
22
SIM5
SIM1
SIM2
SIM3
SIM4
1
21
22
SIM5
SIM1
SIM2
SIM3
SIM4
1
21
22
SIM5
SIM1
SIM2
SIM3
SIM4
1
21
22
SIM5
SIM1
SIM2
SIM3
SIM4
1
21
22
SIM5
SIM1
SIM2
SIM3
SIM4
1
21
22
SIM5
SIM1
SIM2
SIM3
SIM4
1
21
22
SIM5
SIM1
SIM2
SIM3
SIM4
1
21
22
SIM5
SIM1
SIM2
SIM3
SIM4
1
21
22
SIM5
SIM1
SIM2
SIM3
SIM4
1
21
22
SIM5
SIM1
SIM2
SIM3
SIM4
1
21
22
SIM5
SIM1
SIM2
SIM3
SIM4
1
21
22
SIM5
SIM1
SIM2
SIM3
SIM4
1
21
22
SIM5
SIM1
SIM2
SIM3
SIM4
1
21
22
SIM5
SIM1
SIM2
SIM3
SIM4
1
21
22
SIM5
SIM1
SIM2
SIM3
SIM4
1
21
22
SIM5
SIM1
SIM2
SIM3
SIM4
1
21
22
SIM5
SIM1
SIM2
SIM3
SIM4
1
21
22
SIM5
SIM1
SIM2
SIM3
SIM4
1
21
22
SIM5
SIM1
SIM2
SIM3
SIM4
1
21
22
SIM5
SIM1
SIM2
SIM3
SIM4
1
21
22
SIM5
SIM1
SIM2
SIM3
SIM4
1
21
22
SIM5
SIM1
SIM2
SIM3
SIM4
1
21
22
SIM5
SIM1
SIM2
SIM3
SIM4
1
21
22
SIM5
SIM1
SIM2
SIM3
SIM4
1
21
22
SIM5
SIM1
SIM2
SIM3
SIM4
1
21
22
SIM5
SIM1
SIM2
SIM3
SIM4
1
21
22
SIM5
SIM1
SIM2
SIM3
SIM4
1
21
22
SIM5
SIM1
SIM2
SIM3
SIM4
1
21
22
SIM5
SIM1
SIM2
SIM3
SIM4
1
21
22
SIM5
SIM1
SIM2
SIM3
SIM4
1
21
22
SIM5
SIM1
SIM2
SIM3
SIM4
1
21
22
SIM5
SIM1
SIM2
SIM3
SIM4
1
21
22
SIM5
SIM1
SIM2
SIM3
SIM4
1
21
22
SIM5
SIM1
SIM2
SIM3
SIM4
1
21
22
SIM5
SIM1
SIM2
SIM3
SIM4
1
21
22
SIM5
SIM1
SIM2
SIM3
SIM4
1
21
22
SIM5
SIM1
SIM2
SIM3
SIM4
1
21
22
SIM5
SIM1
SIM2
SIM3
SIM4
1
21
22
SIM5
SIM1
SIM2
SIM3
SIM4
1
21
22
SIM5
SIM1
SIM2
SIM3
SIM4
1
21
22
SIM5
SIM1
SIM2
SIM3
SIM4
1
21
22
SIM5
SIM1
SIM2
SIM3
SIM4
1
21
22
SIM5
SIM1
SIM2
SIM3
SIM4
1
21
22
SIM5
SIM1
SIM2
SIM3
SIM4
1
21
22
SIM5
SIM1
SIM2
SIM3
SIM4
1
21
22
SIM5
SIM1
SIM2
SIM3
SIM4
1
21
22
SIM5
SIM1
SIM2
SIM3
SIM4
1
21
22
SIM5
SIM1
SIM2
SIM3
SIM4
1
21
22
SIM5
SIM1
SIM2
SIM3
SIM4
1
21
22
SIM5
SIM1
SIM2
SIM3
SIM4
1
21
22
SIM5
SIM1
SIM2
SIM3
SIM4
1
21
22
SIM5
SIM1
SIM2
SIM3
SIM4
1
21
22
SIM5
SIM1
SIM2
SIM3
SIM4
1
21
22
SIM5
SIM1
SIM2
SIM3
SIM4
1
21
22
SIM5
SIM1
SIM2
SIM3
SIM4
1
21
22
SIM5
SIM1
SIM2
SIM3
SIM4
1
21
22
SIM5
SIM1
SIM2
SIM3
SIM4
1
21
22
SIM5
SIM1
SIM2
SIM3
SIM4
1
21
22
SIM5
SIM1
SIM2
SIM3
SIM4
1
21
22
SIM5
SIM1
SIM2
SIM3
SIM4
1
21
22
SIM5
SIM1
SIM2
SIM3
SIM4
1
21
22
SIM5
SIM1
SIM2
SIM3
SIM4
1
21
22
SIM5
SIM1
SIM2
SIM3
SIM4
1
21
22
SIM5
SIM1
SIM2
SIM3
SIM4
1
21
22
SIM5
SIM1
SIM2
SIM3
SIM4
1
21
22
SIM5
SIM1
SIM2
SIM3
SIM4
1
21
22
SIM5
SIM1
SIM2
SIM3
SIM4
1
21
22
SIM5
SIM1
SIM2
SIM3
SIM4
1
21
22
SIM5
SIM1
SIM2
SIM3
SIM4
1
21
22
SIM5
SIM1
SIM2
SIM3
SIM4
1
21
22
SIM5
SIM1
SIM2
SIM3
SIM4
1
21
22
SIM5
SIM1
SIM2
SIM3
SIM4
1
21
22
SIM5
SIM1
SIM2
SIM3
SIM4
1
21
22
SIM5
SIM1
SIM2
SIM3
SIM4
1
21
22
SIM5
SIM1
SIM2
SIM3
SIM4
1
21
22
SIM5
SIM1
SIM2
SIM3
SIM4
1
21
22
SIM5
SIM1
SIM2
SIM3
SIM4
1
21
22
SIM5
SIM1
SIM2
SIM3
SIM4
1
21
22
SIM5
SIM1
SIM2
SIM3
SIM4
1
21
22
SIM5
SIM1
SIM2
SIM3
SIM4
1
21
22
SIM5
SIM1
SIM2
SIM3
SIM4
1
21
22
SIM5
SIM1
SIM2
SIM3
SIM4
1
21
22
SIM5
SIM1
SIM2
SIM3
SIM4
1
21
22
SIM5
SIM1
SIM2
SIM3
SIM4
1
21
22
SIM5
SIM1
SIM2
SIM3
SIM4
1
21
22
SIM5
SIM1
SIM2
SIM3
SIM4
1
21
22
SIM5
SIM1
SIM2
SIM3
SIM4
1
21
22
SIM5
SIM1
SIM2
SIM3
SIM4
1
21
22
SIM5
SIM1
SIM2
DEBUG 1 549
SIM1
SIM2
SIM3
SIM4
1
21
22
SIM5
SIM1
SIM2
SIM3
SIM4
1
21
22
SIM5
SIM1
SIM2
SIM3
SIM4
1
21
22
SIM5
SIM1
SIM2
SIM3
SIM4
1
21
22
SIM5
SIM1
SIM2
SIM3
SIM4
1
21
22
SIM5
SIM1
SIM2
SIM3
SIM4
1
21
22
SIM5
SIM1
SIM2
SIM3
SIM4
1
21
22
SIM5
SIM1
SIM2
SIM3
SIM4
1
21
22
SIM5
SIM1
SIM2
SIM3
SIM4
1
21
22
SIM5
SIM1
SIM2
SIM3
SIM4
1
21
22
SIM5
SIM1
SIM2
SIM3
SIM4
1
21
22
SIM5
SIM1
SIM2
SIM3
SIM4
1
21
22
SIM5
SIM1
SIM2
SIM3
SIM4
1
21
22
SIM5
SIM1
SIM2
SIM3
SIM4
1
21
22
SIM5
SIM1
SIM2
SIM3
SIM4
1
21
22
SIM5
SIM1
SIM2
SIM3
SIM4
1
21
22
SIM5
SIM1
SIM2
SIM3
SIM4
1
21
22
SIM5
SIM1
SIM2
SIM3
SIM4
1
21
22
SIM5
SIM1
SIM2
SIM3
SIM4
1
21
22
SIM5
SIM1
SIM2
SIM3
SIM4
1
21
22
SIM5
SIM1
SIM2
SIM3
SIM4
1
21
22
SIM5
SIM1
SIM2
SIM3
SIM4
1
21
22
SIM5
SIM1
SIM2
SIM3
SIM4
1
21
22
SIM5
SIM1
SIM2
SIM3
SIM4
1
21
22
SIM5
SIM1
SIM2
SIM3
SIM4
1
21
22
SIM5
SIM1
SIM2
SIM3
SIM4
1
21
22
SIM5
SIM1
SIM2
SIM3
SIM4
1
21
22
SIM5
SIM1
SIM2
SIM3
SIM4
1
21
22
SIM5
SIM1
SIM2
SIM3
SIM4
1
21
22
SIM5
SIM1
SIM2
SIM3
SIM4
1
21
22
SIM5
SIM1
SIM2
SIM3
SIM4
1
21
22
SIM5
SIM1
SIM2
SIM3
SIM4
1
21
22
SIM5
SIM1
SIM2
SIM3
SIM4
1
21
22
SIM5
SIM1
SIM2
SIM3
SIM4
1
21
22
SIM5
SIM1
SIM2
SIM3
SIM4
1
21
22
SIM5
SIM1
SIM2
SIM3
SIM4
1
21
22
SIM5
SIM1
SIM2
SIM3
SIM4
1
21
22
SIM5
SIM1
SIM2
SIM3
SIM4
1
21
22
SIM5
SIM1
SIM2
SIM3
SIM4
1
21
22
SIM5
SIM1
SIM2
SIM3
SIM4
1
21
22
SIM5
SIM1
SIM2
SIM3
SIM4
1
21
22
SIM5
SIM1
SIM2
SIM3
SIM4
1
21
22
SIM5
SIM1
SIM2
SIM3
SIM4
1
21
22
SIM5
SIM1
SIM2
SIM3
SIM4
1
21
22
SIM5
SIM1
SIM2
SIM3
SIM4
1
21
22
SIM5
SIM1
SIM2
SIM3
SIM4
1
21
22
SIM5
SIM1
SIM2
SIM3
SIM4
1
21
22
SIM5
SIM1
SIM2
SIM3
SIM4
1
21
22
SIM5
SIM1
SIM2
SIM3
SIM4
1
21
22
SIM5
SIM1
SIM2
SIM3
SIM4
1
21
22
SIM5
SIM1
SIM2
SIM3
SIM4
1
21
22
SIM5
SIM1
SIM2
SIM3
SIM4
1
21
22
SIM5
SIM1
SIM2
SIM3
SIM4
1
21
22
SIM5
SIM1
SIM2
SIM3
SIM4
1
21
22
SIM5
SIM1
SIM2
SIM3
SIM4
1
21
22
SIM5
SIM1
SIM2
SIM3
SIM4
1
21
22
SIM5
SIM1
SIM2
SIM3
SIM4
1
21
22
SIM5
SIM1
SIM2
SIM3
SIM4
1
21
22
SIM5
SIM1
SIM2
SIM3
SIM4
1
21
22
SIM5
SIM1
SIM2
SIM3
SIM4
1
21
22
SIM5
SIM1
SIM2
SIM3
SIM4
1
21
22
SIM5
SIM1
SIM2
SIM3
SIM4
1
21
22
SIM5
SIM1
SIM2
SIM3
SIM4
1
21
22
SIM5
SIM1
SIM2
SIM3
SIM4
1
21
22
SIM5
SIM1
SIM2
SIM3
SIM4
1
21
22
SIM5
SIM1
SIM2
SIM3
SIM4
1
21
22
SIM5
SIM1
SIM2
SIM3
SIM4
1
21
22
SIM5
SIM1
SIM2
SIM3
SIM4
1
21
22
SIM5
SIM1
SIM2
SIM3
SIM4
1
21
22
SIM5
SIM1
SIM2
SIM3
SIM4
1
21
22
SIM5
SIM1
SIM2
SIM3
SIM4
1
21
22
SIM5
SIM1
SIM2
SIM3
SIM4
1
21
22
SIM5
SIM1
SIM2
SIM3
SIM4
1
21
22
SIM5
SIM1
SIM2
SIM3
SIM4
1
21
22
SIM5
SIM1
SIM2
SIM3
SIM4
1
21
22
SIM5
SIM1
SIM2
SIM3
SIM4
1
21
22
SIM5
SIM1
SIM2
SIM3
SIM4
1
21
22
SIM5
SIM1
SIM2
SIM3
SIM4
1
21
22
SIM5
SIM1
SIM2
SIM3
SIM4
1
21
22
SIM5
SIM1
SIM2
SIM3
SIM4
1
21
22
SIM5
SIM1
SIM2
SIM3
SIM4
1
21
22
SIM5
SIM1
SIM2
SIM3
SIM4
1
21
22
SIM5
SIM1
SIM2
SIM3
SIM4
1
21
22
SIM5
SIM1
SIM2
SIM3
SIM4
1
21
22
SIM5
SIM1
SIM2
SIM3
SIM4
1
21
22
SIM5
SIM1
SIM2
SIM3
SIM4
1
21
22
SIM5
SIM1
SIM2
SIM3
SIM4
1
21
22
SIM5
SIM1
SIM2
SIM3
SIM4
1
21
22
SIM5
SIM1
SIM2
SIM3
SIM4
1
21
22
SIM5
SIM1
SIM2
SIM3
SIM4
1
21
22
SIM5
SIM1
SIM2
SIM3
SIM4
1
21
22
SIM5
SIM1
SIM2
SIM3
SIM4
1
21
22
SIM5
SIM1
SIM2
SIM3
SIM4
1
21
22
SIM5
SIM1
SIM2
SIM3
SIM4
1
21
22
SIM5
SIM1
SIM2
SIM3
SIM4
1
21
22
SIM5
SIM1
SIM2
SIM3
SIM4
1
21
22
SIM5
SIM1
SIM2
SIM3
SIM4
1
21
22
SIM5
SIM1
SIM2
SIM3
SIM4
1
21
22
SIM5
SIM1
SIM2
SIM3
SIM4
1
21
22
SIM5
SIM1
SIM2
SIM3
SIM4
1
21
22
SIM5
SIM1
SIM2
SIM3
SIM4
1
21
22
SIM5
SIM1
SIM2
SIM3
SIM4
1
21
22
SIM5
SIM1
SIM2
SIM3
SIM4
1
21
22
SIM5
SIM1
SIM2
SIM3
SIM4
1
21
22
SIM5
SIM1
SIM2
SIM3
SIM4
1
21
22
SIM5
SIM1
SIM2
SIM3
SIM4
1
21
22
SIM5
SIM1
SIM2
SIM3
SIM4
1
21
22
SIM5
SIM1
SIM2
SIM3
SIM4
1
21
22
SIM5
SIM1
SIM2
SIM3
SIM4
1
21
22
SIM5
SIM1
SIM2
SIM3
SIM4
1
21
22
SIM5
SIM1
SIM2
SIM3
SIM4
1
21
22
SIM5
SIM1
SIM2
SIM3
SIM4
1
21
22
SIM5
SIM1
SIM2
SIM3
SIM4
1
21
22
SIM5
SIM1
SIM2
SIM3
SIM4
1
21
22
SIM5
SIM1
SIM2
SIM3
SIM4
1
21
22
SIM5
SIM1
SIM2
SIM3
SIM4
1
21
22
SIM5
SIM1
SIM2
SIM3
SIM4
1
21
22
SIM5
SIM1
SIM2
SIM3
SIM4
1
21
22
SIM5
SIM1
SIM2
SIM3
SIM4
1
21
22
SIM5
SIM1
SIM2
SIM3
SIM4
1
21
22
SIM5
SIM1
SIM2
SIM3
SIM4
1
21
22
SIM5
SIM1
SIM2
SIM3
SIM4
1
21
22
SIM5
SIM1
SIM2
SIM3
SIM4
1
21
22
SIM5
SIM1
SIM2
SIM3
SIM4
1
21
22
SIM5
SIM1
SIM2
SIM3
SIM4
1
21
22
SIM5
SIM1
SIM2
SIM3
SIM4
1
21
22
SIM5
SIM1
SIM2
SIM3
SIM4
1
21
22
SIM5
SIM1
SIM2
SIM3
SIM4
1
21
22
SIM5
SIM1
SIM2
SIM3
SIM4
1
21
22
SIM5
SIM1
SIM2
SIM3
SIM4
1
21
22
SIM5
SIM1
SIM2
SIM3
SIM4
1
21
22
SIM5
SIM1
SIM2
SIM3
SIM4
1
21
22
SIM5
SIM1
SIM2
SIM3
SIM4
1
21
22
SIM5
SIM1
SIM2
SIM3
SIM4
1
21
22
SIM5
SIM1
SIM2
SIM3
SIM4
1
21
22
SIM5
SIM1
SIM2
SIM3
SIM4
1
21
22
SIM5
SIM1
SIM2
SIM3
SIM4
1
21
22
SIM5
SIM1
SIM2
SIM3
SIM4
1
21
22
SIM5
SIM1
SIM2
SIM3
SIM4
1
21
22
SIM5
SIM1
SIM2
SIM3
SIM4
1
21
22
SIM5
SIM1
SIM2
SIM3
SIM4
1
21
22
SIM5
SIM1
SIM2
SIM3
SIM4
1
21
22
SIM5
SIM1
SIM2
SIM3
SIM4
1
21
22
SIM5
SIM1
SIM2
SIM3
SIM4
1
21
22
SIM5
SIM1
SIM2
SIM3
SIM4
1
21
22
SIM5
SIM1
SIM2
SIM3
SIM4
1
21
22
SIM5
SIM1
SIM2
SIM3
SIM4
1
21
22
SIM5
SIM1
SIM2
SIM3
SIM4
1
21
22
SIM5
SIM1
SIM2
SIM3
SIM4
1
21
22
SIM5
SIM1
SIM2
SIM3
SIM4
1
21
22
SIM5
SIM1
SIM2
SIM3
SIM4
1
21
22
SIM5
SIM1
SIM2
SIM3
SIM4
1
21
22
SIM5
SIM1
SIM2
SIM3
SIM4
1
21
22
SIM5
SIM1
SIM2
SIM3
SIM4
1
21
22
SIM5
SIM1
SIM2
SIM3
SIM4
1
21
22
SIM5
SIM1
SIM2
SIM3
SIM4
1
21
22
SIM5
SIM1
SIM2
SIM3
SIM4
1
21
22
SIM5
SIM1
SIM2
SIM3
SIM4
1
21
22
SIM5
SIM1
SIM2
SIM3
SIM4
1
21
22
SIM5
SIM1
SIM2
SIM3
SIM4
1
21
22
SIM5
SIM1
SIM2
SIM3
SIM4
1
21
22
SIM5
SIM1
SIM2
SIM3
SIM4
1
21
22
SIM5
SIM1
SIM2
SIM3
SIM4
1
21
22
SIM5
SIM1
SIM2
SIM3
SIM4
1
21
22
SIM5
SIM1
SIM2
SIM3
SIM4
1
21
22
SIM5
SIM1
SIM2
SIM3
SIM4
1
21
22
SIM5
SIM1
SIM2
SIM3
SIM4
1
21
22
SIM5
SIM1
SIM2
SIM3
SIM4
1
21
22
SIM5
SIM1
SIM2
SIM3
SIM4
1
21
22
SIM5
SIM1
SIM2
SIM3
SIM4
1
21
22
SIM5
SIM1
SIM2
SIM3
SIM4
1
21
22
SIM5
SIM1
SIM2
SIM3
SIM4
1
21
22
SIM5
SIM1
SIM2
DEBUG 1 550
SIM1
SIM2
SIM3
SIM4
1
21
22
SIM5
SIM1
SIM2
SIM3
SIM4
1
21
22
SIM5
SIM1
SIM2
SIM3
SIM4
1
21
22
SIM5
SIM1
SIM2
SIM3
SIM4
1
21
22
SIM5
SIM1
SIM2
SIM3
SIM4
1
21
22
SIM5
SIM1
SIM2
SIM3
SIM4
1
21
22
SIM5
SIM1
SIM2
SIM3
SIM4
1
21
22
SIM5
SIM1
SIM2
SIM3
SIM4
1
21
22
SIM5
SIM1
SIM2
SIM3
SIM4
1
21
22
SIM5
SIM1
SIM2
SIM3
SIM4
1
21
22
SIM5
SIM1
SIM2
SIM3
SIM4
1
21
22
SIM5
SIM1
SIM2
SIM3
SIM4
1
21
22
SIM5
SIM1
SIM2
SIM3
SIM4
1
21
22
SIM5
SIM1
SIM2
SIM3
SIM4
1
21
22
SIM5
SIM1
SIM2
SIM3
SIM4
1
21
22
SIM5
SIM1
SIM2
SIM3
SIM4
1
21
22
SIM5
SIM1
SIM2
SIM3
SIM4
1
21
22
SIM5
SIM1
SIM2
SIM3
SIM4
1
21
22
SIM5
SIM1
SIM2
SIM3
SIM4
1
21
22
SIM5
SIM1
SIM2
SIM3
SIM4
1
21
22
SIM5
SIM1
SIM2
SIM3
SIM4
1
21
22
SIM5
SIM1
SIM2
SIM3
SIM4
1
21
22
SIM5
SIM1
SIM2
SIM3
SIM4
1
21
22
SIM5
SIM1
SIM2
SIM3
SIM4
1
21
22
SIM5
SIM1
SIM2
SIM3
SIM4
1
21
22
SIM5
SIM1
SIM2
SIM3
SIM4
1
21
22
SIM5
SIM1
SIM2
SIM3
SIM4
1
21
22
SIM5
SIM1
SIM2
SIM3
SIM4
1
21
22
SIM5
SIM1
SIM2
SIM3
SIM4
1
21
22
SIM5
SIM1
SIM2
SIM3
SIM4
1
21
22
SIM5
SIM1
SIM2
SIM3
SIM4
1
21
22
SIM5
SIM1
SIM2
SIM3
SIM4
1
21
22
SIM5
SIM1
SIM2
SIM3
SIM4
1
21
22
SIM5
SIM1
SIM2
SIM3
SIM4
1
21
22
SIM5
SIM1
SIM2
SIM3
SIM4
1
21
22
SIM5
SIM1
SIM2
SIM3
SIM4
1
21
22
SIM5
SIM1
SIM2
SIM3
SIM4
1
21
22
SIM5
SIM1
SIM2
SIM3
SIM4
1
21
22
SIM5
SIM1
SIM2
SIM3
SIM4
1
21
22
SIM5
SIM1
SIM2
SIM3
SIM4
1
21
22
SIM5
SIM1
SIM2
SIM3
SIM4
1
21
22
SIM5
SIM1
SIM2
SIM3
SIM4
1
21
22
SIM5
SIM1
SIM2
SIM3
SIM4
1
21
22
SIM5
SIM1
SIM2
SIM3
SIM4
1
21
22
SIM5
SIM1
SIM2
SIM3
SIM4
1
21
22
SIM5
SIM1
SIM2
SIM3
SIM4
1
21
22
SIM5
SIM1
SIM2
SIM3
SIM4
1
21
22
SIM5
SIM1
SIM2
SIM3
SIM4
1
21
22
SIM5
SIM1
SIM2
SIM3
SIM4
1
21
22
SIM5
SIM1
SIM2
SIM3
SIM4
1
21
22
SIM5
SIM1
SIM2
SIM3
SIM4
1
21
22
SIM5
SIM1
SIM2
SIM3
SIM4
1
21
22
SIM5
SIM1
SIM2
SIM3
SIM4
1
21
22
SIM5
SIM1
SIM2
SIM3
SIM4
1
21
22
SIM5
SIM1
SIM2
SIM3
SIM4
1
21
22
SIM5
SIM1
SIM2
SIM3
SIM4
1
21
22
SIM5
SIM1
SIM2
SIM3
SIM4
1
21
22
SIM5
SIM1
SIM2
SIM3
SIM4
1
21
22
SIM5
SIM1
SIM2
SIM3
SIM4
1
21
22
SIM5
SIM1
SIM2
SIM3
SIM4
1
21
22
SIM5
SIM1
SIM2
SIM3
SIM4
1
21
22
SIM5
SIM1
SIM2
SIM3
SIM4
1
21
22
SIM5
SIM1
SIM2
SIM3
SIM4
1
21
22
SIM5
SIM1
SIM2
SIM3
SIM4
1
21
22
SIM5
SIM1
SIM2
SIM3
SIM4
1
21
22
SIM5
SIM1
SIM2
SIM3
SIM4
1
21
22
SIM5
SIM1
SIM2
SIM3
SIM4
1
21
22
SIM5
SIM1
SIM2
SIM3
SIM4
1
21
22
SIM5
SIM1
SIM2
SIM3
SIM4
1
21
22
SIM5
SIM1
SIM2
SIM3
SIM4
1
21
22
SIM5
SIM1
SIM2
SIM3
SIM4
1
21
22
SIM5
SIM1
SIM2
SIM3
SIM4
1
21
22
SIM5
SIM1
SIM2
SIM3
SIM4
1
21
22
SIM5
SIM1
SIM2
SIM3
SIM4
1
21
22
SIM5
SIM1
SIM2
SIM3
SIM4
1
21
22
SIM5
SIM1
SIM2
SIM3
SIM4
1
21
22
SIM5
SIM1
SIM2
SIM3
SIM4
1
21
22
SIM5
SIM1
SIM2
SIM3
SIM4
1
21
22
SIM5
SIM1
SIM2
SIM3
SIM4
1
21
22
SIM5
SIM1
SIM2
SIM3
SIM4
1
21
22
SIM5
SIM1
SIM2
SIM3
SIM4
1
21
22
SIM5
SIM1
SIM2
SIM3
SIM4
1
21
22
SIM5
SIM1
SIM2
SIM3
SIM4
1
21
22
SIM5
SIM1
SIM2
SIM3
SIM4
1
21
22
SIM5
SIM1
SIM2
SIM3
SIM4
1
21
22
SIM5
SIM1
SIM2
SIM3
SIM4
1
21
22
SIM5
SIM1
SIM2
SIM3
SIM4
1
21
22
SIM5
SIM1
SIM2
SIM3
SIM4
1
21
22
SIM5
SIM1
SIM2
SIM3
SIM4
1
21
22
SIM5
SIM1
SIM2
SIM3
SIM4
1
21
22
SIM5
SIM1
SIM2
SIM3
SIM4
1
21
22
SIM5
SIM1
SIM2
SIM3
SIM4
1
21
22
SIM5
SIM1
SIM2
SIM3
SIM4
1
21
22
SIM5
SIM1
SIM2
SIM3
SIM4
1
21
22
SIM5
SIM1
SIM2
SIM3
SIM4
1
21
22
SIM5
SIM1
SIM2
SIM3
SIM4
1
21
22
SIM5
SIM1
SIM2
SIM3
SIM4
1
21
22
SIM5
SIM1
SIM2
SIM3
SIM4
1
21
22
SIM5
SIM1
SIM2
SIM3
SIM4
1
21
22
SIM5
SIM1
SIM2
SIM3
SIM4
1
21
22
SIM5
SIM1
SIM2
SIM3
SIM4
1
21
22
SIM5
SIM1
SIM2
SIM3
SIM4
1
21
22
SIM5
SIM1
SIM2
SIM3
SIM4
1
21
22
SIM5
SIM1
SIM2
SIM3
SIM4
1
21
22
SIM5
SIM1
SIM2
SIM3
SIM4
1
21
22
SIM5
SIM1
SIM2
SIM3
SIM4
1
21
22
SIM5
SIM1
SIM2
SIM3
SIM4
1
21
22
SIM5
SIM1
SIM2
SIM3
SIM4
1
21
22
SIM5
SIM1
SIM2
SIM3
SIM4
1
21
22
SIM5
SIM1
SIM2
SIM3
SIM4
1
21
22
SIM5
SIM1
SIM2
SIM3
SIM4
1
21
22
SIM5
SIM1
SIM2
SIM3
SIM4
1
21
22
SIM5
SIM1
SIM2
SIM3
SIM4
1
21
22
SIM5
SIM1
SIM2
SIM3
SIM4
1
21
22
SIM5
SIM1
SIM2
SIM3
SIM4
1
21
22
SIM5
SIM1
SIM2
SIM3
SIM4
1
21
22
SIM5
SIM1
SIM2
SIM3
SIM4
1
21
22
SIM5
SIM1
SIM2
SIM3
SIM4
1
21
22
SIM5
SIM1
SIM2
SIM3
SIM4
1
21
22
SIM5
SIM1
SIM2
SIM3
SIM4
1
21
22
SIM5
SIM1
SIM2
SIM3
SIM4
1
21
22
SIM5
SIM1
SIM2
SIM3
SIM4
1
21
22
SIM5
SIM1
SIM2
SIM3
SIM4
1
21
22
SIM5
SIM1
SIM2
SIM3
SIM4
1
21
22
SIM5
SIM1
SIM2
SIM3
SIM4
1
21
22
SIM5
SIM1
SIM2
SIM3
SIM4
1
21
22
SIM5
SIM1
SIM2
SIM3
SIM4
1
21
22
SIM5
SIM1
SIM2
SIM3
SIM4
1
21
22
SIM5
SIM1
SIM2
SIM3
SIM4
1
21
22
SIM5
SIM1
SIM2
DEBUG 1 551
SIM1
SIM2
SIM3
SIM4
1
21
22
SIM5
SIM1
SIM2
SIM3
SIM4
1
21
22
SIM5
SIM1
SIM2
SIM3
SIM4
1
21
22
SIM5
SIM1
SIM2
SIM3
SIM4
1
21
22
SIM5
SIM1
SIM2
SIM3
SIM4
1
21
22
SIM5
SIM1
SIM2
SIM3
SIM4
1
21
22
SIM5
SIM1
SIM2
SIM3
SIM4
1
21
22
SIM5
SIM1
SIM2
SIM3
SIM4
1
21
22
SIM5
SIM1
SIM2
SIM3
SIM4
1
21
22
SIM5
SIM1
SIM2
SIM3
SIM4
1
21
22
SIM5
SIM1
SIM2
SIM3
SIM4
1
21
22
SIM5
SIM1
SIM2
SIM3
SIM4
1
21
22
SIM5
SIM1
SIM2
SIM3
SIM4
1
21
22
SIM5
SIM1
SIM2
SIM3
SIM4
1
21
22
SIM5
SIM1
SIM2
SIM3
SIM4
1
21
22
SIM5
SIM1
SIM2
SIM3
SIM4
1
21
22
SIM5
SIM1
SIM2
SIM3
SIM4
1
21
22
SIM5
SIM1
SIM2
SIM3
SIM4
1
21
22
SIM5
SIM1
SIM2
SIM3
SIM4
1
21
22
SIM5
SIM1
SIM2
SIM3
SIM4
1
21
22
SIM5
SIM1
SIM2
SIM3
SIM4
1
21
22
SIM5
SIM1
SIM2
SIM3
SIM4
1
21
22
SIM5
SIM1
SIM2
SIM3
SIM4
1
21
22
SIM5
SIM1
SIM2
SIM3
SIM4
1
21
22
SIM5
SIM1
SIM2
SIM3
SIM4
1
21
22
SIM5
SIM1
SIM2
SIM3
SIM4
1
21
22
SIM5
SIM1
SIM2
SIM3
SIM4
1
21
22
SIM5
SIM1
SIM2
SIM3
SIM4
1
21
22
SIM5
SIM1
SIM2
SIM3
SIM4
1
21
22
SIM5
SIM1
SIM2
SIM3
SIM4
1
21
22
SIM5
SIM1
SIM2
SIM3
SIM4
1
21
22
SIM5
SIM1
SIM2
SIM3
SIM4
1
21
22
SIM5
SIM1
SIM2
SIM3
SIM4
1
21
22
SIM5
SIM1
SIM2
SIM3
SIM4
1
21
22
SIM5
SIM1
SIM2
SIM3
SIM4
1
21
22
SIM5
SIM1
SIM2
SIM3
SIM4
1
21
22
SIM5
SIM1
SIM2
SIM3
SIM4
1
21
22
SIM5
SIM1
SIM2
SIM3
SIM4
1
21
22
SIM5
SIM1
SIM2
SIM3
SIM4
1
21
22
SIM5
SIM1
SIM2
SIM3
SIM4
1
21
22
SIM5
SIM1
SIM2
SIM3
SIM4
1
21
22
SIM5
SIM1
SIM2
SIM3
SIM4
1
21
22
SIM5
SIM1
SIM2
SIM3
SIM4
1
21
22
SIM5
SIM1
SIM2
SIM3
SIM4
1
21
22
SIM5
SIM1
SIM2
SIM3
SIM4
1
21
22
SIM5
SIM1
SIM2
SIM3
SIM4
1
21
22
SIM5
SIM1
SIM2
SIM3
SIM4
1
21
22
SIM5
SIM1
SIM2
SIM3
SIM4
1
21
22
SIM5
SIM1
SIM2
SIM3
SIM4
1
21
22
SIM5
SIM1
SIM2
SIM3
SIM4
1
21
22
SIM5
SIM1
SIM2
SIM3
SIM4
1
21
22
SIM5
SIM1
SIM2
SIM3
SIM4
1
21
22
SIM5
SIM1
SIM2
SIM3
SIM4
1
21
22
SIM5
SIM1
SIM2
SIM3
SIM4
1
21
22
SIM5
SIM1
SIM2
SIM3
SIM4
1
21
22
SIM5
SIM1
SIM2
SIM3
SIM4
1
21
22
SIM5
SIM1
SIM2
SIM3
SIM4
1
21
22
SIM5
SIM1
SIM2
SIM3
SIM4
1
21
22
SIM5
SIM1
SIM2
SIM3
SIM4
1
21
22
SIM5
SIM1
SIM2
SIM3
SIM4
1
21
22
SIM5
SIM1
SIM2
SIM3
SIM4
1
21
22
SIM5
SIM1
SIM2
SIM3
SIM4
1
21
22
SIM5
SIM1
SIM2
SIM3
SIM4
1
21
22
SIM5
SIM1
SIM2
SIM3
SIM4
1
21
22
SIM5
SIM1
SIM2
SIM3
SIM4
1
21
22
SIM5
SIM1
SIM2
SIM3
SIM4
1
21
22
SIM5
SIM1
SIM2
SIM3
SIM4
1
21
22
SIM5
SIM1
SIM2
SIM3
SIM4
1
21
22
SIM5
SIM1
SIM2
SIM3
SIM4
1
21
22
SIM5
SIM1
SIM2
SIM3
SIM4
1
21
22
SIM5
SIM1
SIM2
SIM3
SIM4
1
21
22
SIM5
SIM1
SIM2
SIM3
SIM4
1
21
22
SIM5
SIM1
SIM2
SIM3
SIM4
1
21
22
SIM5
SIM1
SIM2
SIM3
SIM4
1
21
22
SIM5
SIM1
SIM2
SIM3
SIM4
1
21
22
SIM5
SIM1
SIM2
SIM3
SIM4
1
21
22
SIM5
SIM1
SIM2
SIM3
SIM4
1
21
22
SIM5
SIM1
SIM2
SIM3
SIM4
1
21
22
SIM5
SIM1
SIM2
SIM3
SIM4
1
21
22
SIM5
SIM1
SIM2
SIM3
SIM4
1
21
22
SIM5
SIM1
SIM2
SIM3
SIM4
1
21
22
SIM5
SIM1
SIM2
SIM3
SIM4
1
21
22
SIM5
SIM1
SIM2
SIM3
SIM4
1
21
22
SIM5
SIM1
SIM2
SIM3
SIM4
1
21
22
SIM5
SIM1
SIM2
SIM3
SIM4
1
21
22
SIM5
SIM1
SIM2
SIM3
SIM4
1
21
22
SIM5
SIM1
SIM2
SIM3
SIM4
1
21
22
SIM5
SIM1
SIM2
SIM3
SIM4
1
21
22
SIM5
SIM1
SIM2
SIM3
SIM4
1
21
22
SIM5
SIM1
SIM2
SIM3
SIM4
1
21
22
SIM5
SIM1
SIM2
SIM3
SIM4
1
21
22
SIM5
SIM1
SIM2
SIM3
SIM4
1
21
22
SIM5
SIM1
SIM2
SIM3
SIM4
1
21
22
SIM5
SIM1
SIM2
SIM3
SIM4
1
21
22
SIM5
SIM1
SIM2
SIM3
SIM4
1
21
22
SIM5
SIM1
SIM2
SIM3
SIM4
1
21
22
SIM5
SIM1
SIM2
SIM3
SIM4
1
21
22
SIM5
SIM1
SIM2
SIM3
SIM4
1
21
22
SIM5
SIM1
SIM2
SIM3
SIM4
1
21
22
SIM5
SIM1
SIM2
SIM3
SIM4
1
21
22
SIM5
SIM1
SIM2
SIM3
SIM4
1
21
22
SIM5
SIM1
SIM2
SIM3
SIM4
1
21
22
SIM5
SIM1
SIM2
SIM3
SIM4
1
21
22
SIM5
SIM1
SIM2
SIM3
SIM4
1
21
22
SIM5
SIM1
SIM2
SIM3
SIM4
1
21
22
SIM5
SIM1
SIM2
SIM3
SIM4
1
21
22
SIM5
SIM1
SIM2
SIM3
SIM4
1
21
22
SIM5
SIM1
SIM2
SIM3
SIM4
1
21
22
SIM5
SIM1
SIM2
SIM3
SIM4
1
21
22
SIM5
SIM1
SIM2
SIM3
SIM4
1
21
22
SIM5
SIM1
SIM2
SIM3
SIM4
1
21
22
SIM5
SIM1
SIM2
SIM3
SIM4
1
21
22
SIM5
SIM1
SIM2
SIM3
SIM4
1
21
22
SIM5
SIM1
SIM2
SIM3
SIM4
1
21
22
SIM5
SIM1
SIM2
SIM3
SIM4
1
21
22
SIM5
SIM1
SIM2
SIM3
SIM4
1
21
22
SIM5
SIM1
SIM2
SIM3
SIM4
1
21
22
SIM5
SIM1
SIM2
SIM3
SIM4
1
21
22
SIM5
SIM1
SIM2
SIM3
SIM4
1
21
22
SIM5
SIM1
SIM2
SIM3
SIM4
1
21
22
SIM5
SIM1
SIM2
SIM3
SIM4
1
21
22
SIM5
SIM1
SIM2
SIM3
SIM4
1
21
22
SIM5
SIM1
SIM2
SIM3
SIM4
1
21
22
SIM5
SIM1
SIM2
SIM3
SIM4
1
21
22
SIM5
SIM1
SIM2
SIM3
SIM4
1
21
22
SIM5
SIM1
SIM2
SIM3
SIM4
1
21
22
SIM5
SIM1
SIM2
SIM3
SIM4
1
21
22
SIM5
SIM1
SIM2
SIM3
SIM4
1
21
22
SIM5
SIM1
SIM2
SIM3
SIM4
1
21
22
SIM5
SIM1
SIM2
SIM3
SIM4
1
21
22
SIM5
SIM1
SIM2
SIM3
SIM4
1
21
22
SIM5
SIM1
SIM2
SIM3
SIM4
1
21
22
SIM5
SIM1
SIM2
SIM3
SIM4
1
21
22
SIM5
SIM1
SIM2
SIM3
SIM4
1
21
22
SIM5
SIM1
SIM2
SIM3
SIM4
1
21
22
SIM5
SIM1
SIM2
SIM3
SIM4
1
21
22
SIM5
SIM1
SIM2
SIM3
SIM4
1
21
22
SIM5
SIM1
SIM2
SIM3
SIM4
1
21
22
SIM5
SIM1
SIM2
SIM3
SIM4
1
21
22
SIM5
SIM1
SIM2
SIM3
SIM4
1
21
22
SIM5
SIM1
SIM2
SIM3
SIM4
1
21
22
SIM5
SIM1
SIM2
SIM3
SIM4
1
21
22
SIM5
SIM1
SIM2
SIM3
SIM4
1
21
22
SIM5
SIM1
SIM2
SIM3
SIM4
1
21
22
SIM5
SIM1
SIM2
SIM3
SIM4
1
21
22
SIM5
SIM1
SIM2
SIM3
SIM4
1
21
22
SIM5
SIM1
SIM2
SIM3
SIM4
1
21
22
SIM5
SIM1
SIM2
SIM3
SIM4
1
21
22
SIM5
SIM1
SIM2
SIM3
SIM4
1
21
22
SIM5
SIM1
SIM2
SIM3
SIM4
1
21
22
SIM5
SIM1
SIM2
SIM3
SIM4
1
21
22
SIM5
SIM1
SIM2
SIM3
SIM4
1
21
22
SIM5
SIM1
SIM2
SIM3
SIM4
1
21
22
SIM5
SIM1
SIM2
SIM3
SIM4
1
21
22
SIM5
SIM1
SIM2
SIM3
SIM4
1
21
22
SIM5
SIM1
SIM2
SIM3
SIM4
1
21
22
SIM5
SIM1
SIM2
SIM3
SIM4
1
21
22
SIM5
SIM1
SIM2
SIM3
SIM4
1
21
22
SIM5
SIM1
SIM2
SIM3
SIM4
1
21
22
SIM5
SIM1
SIM2
SIM3
SIM4
1
21
22
SIM5
SIM1
SIM2
SIM3
SIM4
1
21
22
SIM5
SIM1
SIM2
SIM3
SIM4
1
21
22
SIM5
SIM1
SIM2
SIM3
SIM4
1
21
22
SIM5
SIM1
SIM2
SIM3
SIM4
1
21
22
SIM5
SIM1
SIM2
SIM3
SIM4
1
21
22
SIM5
SIM1
SIM2
SIM3
SIM4
1
21
22
SIM5
SIM1
SIM2
SIM3
SIM4
1
21
22
SIM5
SIM1
SIM2
SIM3
SIM4
1
21
22
SIM5
SIM1
SIM2
SIM3
SIM4
1
21
22
SIM5
SIM1
SIM2
SIM3
SIM4
1
21
22
SIM5
SIM1
SIM2
SIM3
SIM4
1
21
22
SIM5
SIM1
SIM2
SIM3
SIM4
1
21
22
SIM5
SIM1
SIM2
SIM3
SIM4
1
21
22
SIM5
SIM1
SIM2
SIM3
SIM4
1
21
22
SIM5
SIM1
SIM2
SIM3
SIM4
1
21
22
SIM5
SIM1
SIM2
SIM3
SIM4
1
21
22
SIM5
SIM1
SIM2
SIM3
SIM4
1
21
22
SIM5
SIM1
SIM2
SIM3
SIM4
1
21
22
SIM5
SIM1
SIM2
SIM3
SIM4
1
21
22
SIM5
SIM1
SIM2
SIM3
SIM4
1
21
22
SIM5
SIM1
SIM2
SIM3
SIM4
1
21
22
SIM5
SIM1
SIM2
SIM3
SIM4
1
21
22
SIM5
SIM1
SIM2
SIM3
SIM4
1
21
22
SIM5
SIM1
SIM2
SIM3
SIM4
1
21
22
SIM5
SIM1
SIM2
SIM3
SIM4
1
21
22
SIM5
SIM1
SIM2
SIM3
SIM4
1
21
22
SIM5
SIM1
SIM2
SIM3
SIM4
1
21
22
SIM5
SIM1
SIM2
SIM3
SIM4
1
21
22
SIM5
SIM1
SIM2
SIM3
SIM4
1
21
22
SIM5
SIM1
SIM2
SIM3
SIM4
1
21
22
SIM5
SIM1
SIM2
SIM3
SIM4
1
21
22
SIM5
SIM1
SIM2
SIM3
SIM4
1
21
22
SIM5
SIM1
SIM2
SIM3
SIM4
1
21
22
SIM5
SIM1
SIM2
SIM3
SIM4
1
21
22
SIM5
SIM1
SIM2
SIM3
SIM4
1
21
22
SIM5
SIM1
SIM2
SIM3
SIM4
1
21
22
SIM5
SIM1
SIM2
SIM3
SIM4
1
21
22
SIM5
SIM1
SIM2
SIM3
SIM4
1
21
22
SIM5
SIM1
SIM2
SIM3
SIM4
1
21
22
SIM5
SIM1
SIM2
SIM3
SIM4
1
21
22
SIM5
SIM1
SIM2
SIM3
SIM4
1
21
22
SIM5
SIM1
SIM2
SIM3
SIM4
1
21
22
SIM5
SIM1
SIM2
SIM3
SIM4
1
21
22
SIM5
SIM1
SIM2
SIM3
SIM4
1
21
22
SIM5
SIM1
SIM2
SIM3
SIM4
1
21
22
SIM5
SIM1
SIM2
SIM3
SIM4
1
21
22
SIM5
SIM1
SIM2
SIM3
SIM4
1
21
22
SIM5
SIM1
SIM2
SIM3
SIM4
1
21
22
SIM5
SIM1
SIM2
SIM3
SIM4
1
21
22
SIM5
SIM1
SIM2
SIM3
SIM4
1
21
22
SIM5
SIM1
SIM2
SIM3
SIM4
1
21
22
SIM5
SIM1
SIM2
SIM3
SIM4
1
21
22
SIM5
SIM1
SIM2
SIM3
SIM4
1
21
22
SIM5
SIM1
SIM2
DEBUG 1 552
SIM1
SIM2
SIM3
SIM4
1
21
22
SIM5
SIM1
SIM2
SIM3
SIM4
1
21
22
SIM5
SIM1
SIM2
SIM3
SIM4
1
21
22
SIM5
SIM1
SIM2
SIM3
SIM4
1
21
22
SIM5
SIM1
SIM2
SIM3
SIM4
1
21
22
SIM5
SIM1
SIM2
SIM3
SIM4
1
21
22
SIM5
SIM1
SIM2
SIM3
SIM4
1
21
22
SIM5
SIM1
SIM2
SIM3
SIM4
1
21
22
SIM5
SIM1
SIM2
SIM3
SIM4
1
21
22
SIM5
SIM1
SIM2
SIM3
SIM4
1
21
22
SIM5
SIM1
SIM2
SIM3
SIM4
1
21
22
SIM5
SIM1
SIM2
SIM3
SIM4
1
21
22
SIM5
SIM1
SIM2
SIM3
SIM4
1
21
22
SIM5
SIM1
SIM2
SIM3
SIM4
1
21
22
SIM5
SIM1
SIM2
SIM3
SIM4
1
21
22
SIM5
SIM1
SIM2
SIM3
SIM4
1
21
22
SIM5
SIM1
SIM2
SIM3
SIM4
1
21
22
SIM5
SIM1
SIM2
SIM3
SIM4
1
21
22
SIM5
SIM1
SIM2
SIM3
SIM4
1
21
22
SIM5
SIM1
SIM2
SIM3
SIM4
1
21
22
SIM5
SIM1
SIM2
SIM3
SIM4
1
21
22
SIM5
SIM1
SIM2
SIM3
SIM4
1
21
22
SIM5
SIM1
SIM2
SIM3
SIM4
1
21
22
SIM5
SIM1
SIM2
SIM3
SIM4
1
21
22
SIM5
SIM1
SIM2
SIM3
SIM4
1
21
22
SIM5
SIM1
SIM2
SIM3
SIM4
1
21
22
SIM5
SIM1
SIM2
SIM3
SIM4
1
21
22
SIM5
SIM1
SIM2
SIM3
SIM4
1
21
22
SIM5
SIM1
SIM2
SIM3
SIM4
1
21
22
SIM5
SIM1
SIM2
SIM3
SIM4
1
21
22
SIM5
SIM1
SIM2
SIM3
SIM4
1
21
22
SIM5
SIM1
SIM2
SIM3
SIM4
1
21
22
SIM5
SIM1
SIM2
SIM3
SIM4
1
21
22
SIM5
SIM1
SIM2
SIM3
SIM4
1
21
22
SIM5
SIM1
SIM2
SIM3
SIM4
1
21
22
SIM5
SIM1
SIM2
SIM3
SIM4
1
21
22
SIM5
SIM1
SIM2
SIM3
SIM4
1
21
22
SIM5
SIM1
SIM2
SIM3
SIM4
1
21
22
SIM5
SIM1
SIM2
SIM3
SIM4
1
21
22
SIM5
SIM1
SIM2
SIM3
SIM4
1
21
22
SIM5
SIM1
SIM2
SIM3
SIM4
1
21
22
SIM5
SIM1
SIM2
SIM3
SIM4
1
21
22
SIM5
SIM1
SIM2
SIM3
SIM4
1
21
22
SIM5
SIM1
SIM2
SIM3
SIM4
1
21
22
SIM5
SIM1
SIM2
SIM3
SIM4
1
21
22
SIM5
SIM1
SIM2
SIM3
SIM4
1
21
22
SIM5
SIM1
SIM2
SIM3
SIM4
1
21
22
SIM5
SIM1
SIM2
SIM3
SIM4
1
21
22
SIM5
SIM1
SIM2
SIM3
SIM4
1
21
22
SIM5
SIM1
SIM2
SIM3
SIM4
1
21
22
SIM5
SIM1
SIM2
SIM3
SIM4
1
21
22
SIM5
SIM1
SIM2
SIM3
SIM4
1
21
22
SIM5
SIM1
SIM2
SIM3
SIM4
1
21
22
SIM5
SIM1
SIM2
SIM3
SIM4
1
21
22
SIM5
SIM1
SIM2
SIM3
SIM4
1
21
22
SIM5
SIM1
SIM2
SIM3
SIM4
1
21
22
SIM5
SIM1
SIM2
SIM3
SIM4
1
21
22
SIM5
SIM1
SIM2
SIM3
SIM4
1
21
22
SIM5
SIM1
SIM2
SIM3
SIM4
1
21
22
SIM5
SIM1
SIM2
SIM3
SIM4
1
21
22
SIM5
SIM1
SIM2
SIM3
SIM4
1
21
22
SIM5
SIM1
SIM2
SIM3
SIM4
1
21
22
SIM5
SIM1
SIM2
SIM3
SIM4
1
21
22
SIM5
SIM1
SIM2
SIM3
SIM4
1
21
22
SIM5
SIM1
SIM2
SIM3
SIM4
1
21
22
SIM5
SIM1
SIM2
SIM3
SIM4
1
21
22
SIM5
SIM1
SIM2
SIM3
SIM4
1
21
22
SIM5
SIM1
SIM2
SIM3
SIM4
1
21
22
SIM5
SIM1
SIM2
SIM3
SIM4
1
21
22
SIM5
SIM1
SIM2
SIM3
SIM4
1
21
22
SIM5
SIM1
SIM2
SIM3
SIM4
1
21
22
SIM5
SIM1
SIM2
SIM3
SIM4
1
21
22
SIM5
SIM1
SIM2
SIM3
SIM4
1
21
22
SIM5
SIM1
SIM2
SIM3
SIM4
1
21
22
SIM5
SIM1
SIM2
SIM3
SIM4
1
21
22
SIM5
SIM1
SIM2
SIM3
SIM4
1
21
22
SIM5
SIM1
SIM2
SIM3
SIM4
1
21
22
SIM5
SIM1
SIM2
SIM3
SIM4
1
21
22
SIM5
SIM1
SIM2
SIM3
SIM4
1
21
22
SIM5
SIM1
SIM2
SIM3
SIM4
1
21
22
SIM5
SIM1
SIM2
SIM3
SIM4
1
21
22
SIM5
SIM1
SIM2
SIM3
SIM4
1
21
22
SIM5
SIM1
SIM2
SIM3
SIM4
1
21
22
SIM5
SIM1
SIM2
SIM3
SIM4
1
21
22
SIM5
SIM1
SIM2
SIM3
SIM4
1
21
22
SIM5
SIM1
SIM2
SIM3
SIM4
1
21
22
SIM5
SIM1
SIM2
SIM3
SIM4
1
21
22
SIM5
SIM1
SIM2
SIM3
SIM4
1
21
22
SIM5
SIM1
SIM2
SIM3
SIM4
1
21
22
SIM5
SIM1
SIM2
SIM3
SIM4
1
21
22
SIM5
SIM1
SIM2
SIM3
SIM4
1
21
22
SIM5
SIM1
SIM2
SIM3
SIM4
1
21
22
SIM5
SIM1
SIM2
SIM3
SIM4
1
21
22
SIM5
SIM1
SIM2
SIM3
SIM4
1
21
22
SIM5
SIM1
SIM2
SIM3
SIM4
1
21
22
SIM5
SIM1
SIM2
SIM3
SIM4
1
21
22
SIM5
SIM1
SIM2
SIM3
SIM4
1
21
22
SIM5
SIM1
SIM2
SIM3
SIM4
1
21
22
SIM5
SIM1
SIM2
SIM3
SIM4
1
21
22
SIM5
SIM1
SIM2
SIM3
SIM4
1
21
22
SIM5
SIM1
SIM2
SIM3
SIM4
1
21
22
SIM5
SIM1
SIM2
SIM3
SIM4
1
21
22
SIM5
SIM1
SIM2
SIM3
SIM4
1
21
22
SIM5
SIM1
SIM2
SIM3
SIM4
1
21
22
SIM5
SIM1
SIM2
SIM3
SIM4
1
21
22
SIM5
SIM1
SIM2
SIM3
SIM4
1
21
22
SIM5
SIM1
SIM2
SIM3
SIM4
1
21
22
SIM5
SIM1
SIM2
SIM3
SIM4
1
21
22
SIM5
SIM1
SIM2
SIM3
SIM4
1
21
22
SIM5
SIM1
SIM2
SIM3
SIM4
1
21
22
SIM5
SIM1
SIM2
SIM3
SIM4
1
21
22
SIM5
SIM1
SIM2
SIM3
SIM4
1
21
22
SIM5
SIM1
SIM2
SIM3
SIM4
1
21
22
SIM5
SIM1
SIM2
SIM3
SIM4
1
21
22
SIM5
SIM1
SIM2
SIM3
SIM4
1
21
22
SIM5
SIM1
SIM2
SIM3
SIM4
1
21
22
SIM5
SIM1
SIM2
SIM3
SIM4
1
21
22
SIM5
SIM1
SIM2
SIM3
SIM4
1
21
22
SIM5
SIM1
SIM2
SIM3
SIM4
1
21
22
SIM5
SIM1
SIM2
SIM3
SIM4
1
21
22
SIM5
SIM1
SIM2
SIM3
SIM4
1
21
22
SIM5
SIM1
SIM2
SIM3
SIM4
1
21
22
SIM5
SIM1
SIM2
SIM3
SIM4
1
21
22
SIM5
SIM1
SIM2
SIM3
SIM4
1
21
22
SIM5
SIM1
SIM2
SIM3
SIM4
1
21
22
SIM5
SIM1
SIM2
SIM3
SIM4
1
21
22
SIM5
SIM1
SIM2
SIM3
SIM4
1
21
22
SIM5
SIM1
SIM2
SIM3
SIM4
1
21
22
SIM5
SIM1
SIM2
SIM3
SIM4
1
21
22
SIM5
SIM1
SIM2
SIM3
SIM4
1
21
22
SIM5
SIM1
SIM2
SIM3
SIM4
1
21
22
SIM5
SIM1
SIM2
SIM3
SIM4
1
21
22
SIM5
SIM1
SIM2
SIM3
SIM4
1
21
22
SIM5
SIM1
SIM2
SIM3
SIM4
1
21
22
SIM5
SIM1
SIM2
SIM3
SIM4
1
21
22
SIM5
SIM1
SIM2
SIM3
SIM4
1
21
22
SIM5
SIM1
SIM2
SIM3
SIM4
1
21
22
SIM5
SIM1
SIM2
SIM3
SIM4
1
21
22
SIM5
SIM1
SIM2
SIM3
SIM4
1
21
22
SIM5
SIM1
SIM2
SIM3
SIM4
1
21
22
SIM5
SIM1
SIM2
SIM3
SIM4
1
21
22
SIM5
SIM1
SIM2
SIM3
SIM4
1
21
22
SIM5
SIM1
SIM2
SIM3
SIM4
1
21
22
SIM5
SIM1
SIM2
SIM3
SIM4
1
21
22
SIM5
SIM1
SIM2
SIM3
SIM4
1
21
22
SIM5
SIM1
SIM2
SIM3
SIM4
1
21
22
SIM5
SIM1
SIM2
SIM3
SIM4
1
21
22
SIM5
SIM1
SIM2
SIM3
SIM4
1
21
22
SIM5
SIM1
SIM2
SIM3
SIM4
1
21
22
SIM5
SIM1
SIM2
SIM3
SIM4
1
21
22
SIM5
SIM1
SIM2
SIM3
SIM4
1
21
22
SIM5
SIM1
SIM2
SIM3
SIM4
1
21
22
SIM5
SIM1
SIM2
SIM3
SIM4
1
21
22
SIM5
SIM1
SIM2
SIM3
SIM4
1
21
22
SIM5
SIM1
SIM2
SIM3
SIM4
1
21
22
SIM5
SIM1
SIM2
SIM3
SIM4
1
21
22
SIM5
SIM1
SIM2
SIM3
SIM4
1
21
22
SIM5
SIM1
SIM2
DEBUG 1 553
SIM1
SIM2
SIM3
SIM4
1
21
22
SIM5
SIM1
SIM2
SIM3
SIM4
1
21
22
SIM5
SIM1
SIM2
SIM3
SIM4
1
21
22
SIM5
SIM1
SIM2
SIM3
SIM4
1
21
22
SIM5
SIM1
SIM2
SIM3
SIM4
1
21
22
SIM5
SIM1
SIM2
SIM3
SIM4
1
21
22
SIM5
SIM1
SIM2
SIM3
SIM4
1
21
22
SIM5
SIM1
SIM2
SIM3
SIM4
1
21
22
SIM5
SIM1
SIM2
SIM3
SIM4
1
21
22
SIM5
SIM1
SIM2
SIM3
SIM4
1
21
22
SIM5
SIM1
SIM2
SIM3
SIM4
1
21
22
SIM5
SIM1
SIM2
SIM3
SIM4
1
21
22
SIM5
SIM1
SIM2
SIM3
SIM4
1
21
22
SIM5
SIM1
SIM2
SIM3
SIM4
1
21
22
SIM5
SIM1
SIM2
SIM3
SIM4
1
21
22
SIM5
SIM1
SIM2
SIM3
SIM4
1
21
22
SIM5
SIM1
SIM2
SIM3
SIM4
1
21
22
SIM5
SIM1
SIM2
SIM3
SIM4
1
21
22
SIM5
SIM1
SIM2
SIM3
SIM4
1
21
22
SIM5
SIM1
SIM2
SIM3
SIM4
1
21
22
SIM5
SIM1
SIM2
SIM3
SIM4
1
21
22
SIM5
SIM1
SIM2
SIM3
SIM4
1
21
22
SIM5
SIM1
SIM2
SIM3
SIM4
1
21
22
SIM5
SIM1
SIM2
SIM3
SIM4
1
21
22
SIM5
SIM1
SIM2
SIM3
SIM4
1
21
22
SIM5
SIM1
SIM2
SIM3
SIM4
1
21
22
SIM5
SIM1
SIM2
SIM3
SIM4
1
21
22
SIM5
SIM1
SIM2
SIM3
SIM4
1
21
22
SIM5
SIM1
SIM2
SIM3
SIM4
1
21
22
SIM5
SIM1
SIM2
SIM3
SIM4
1
21
22
SIM5
SIM1
SIM2
SIM3
SIM4
1
21
22
SIM5
SIM1
SIM2
SIM3
SIM4
1
21
22
SIM5
SIM1
SIM2
SIM3
SIM4
1
21
22
SIM5
SIM1
SIM2
SIM3
SIM4
1
21
22
SIM5
SIM1
SIM2
SIM3
SIM4
1
21
22
SIM5
SIM1
SIM2
SIM3
SIM4
1
21
22
SIM5
SIM1
SIM2
SIM3
SIM4
1
21
22
SIM5
SIM1
SIM2
SIM3
SIM4
1
21
22
SIM5
SIM1
SIM2
SIM3
SIM4
1
21
22
SIM5
SIM1
SIM2
SIM3
SIM4
1
21
22
SIM5
SIM1
SIM2
SIM3
SIM4
1
21
22
SIM5
SIM1
SIM2
SIM3
SIM4
1
21
22
SIM5
SIM1
SIM2
SIM3
SIM4
1
21
22
SIM5
SIM1
SIM2
SIM3
SIM4
1
21
22
SIM5
SIM1
SIM2
SIM3
SIM4
1
21
22
SIM5
SIM1
SIM2
SIM3
SIM4
1
21
22
SIM5
SIM1
SIM2
SIM3
SIM4
1
21
22
SIM5
SIM1
SIM2
SIM3
SIM4
1
21
22
SIM5
SIM1
SIM2
SIM3
SIM4
1
21
22
SIM5
SIM1
SIM2
SIM3
SIM4
1
21
22
SIM5
SIM1
SIM2
SIM3
SIM4
1
21
22
SIM5
SIM1
SIM2
SIM3
SIM4
1
21
22
SIM5
SIM1
SIM2
SIM3
SIM4
1
21
22
SIM5
SIM1
SIM2
SIM3
SIM4
1
21
22
SIM5
SIM1
SIM2
SIM3
SIM4
1
21
22
SIM5
SIM1
SIM2
SIM3
SIM4
1
21
22
SIM5
SIM1
SIM2
SIM3
SIM4
1
21
22
SIM5
SIM1
SIM2
SIM3
SIM4
1
21
22
SIM5
SIM1
SIM2
SIM3
SIM4
1
21
22
SIM5
SIM1
SIM2
SIM3
SIM4
1
21
22
SIM5
SIM1
SIM2
SIM3
SIM4
1
21
22
SIM5
SIM1
SIM2
DEBUG 1 554
SIM1
SIM2
SIM3
SIM4
1
21
22
SIM5
SIM1
SIM2
SIM3
SIM4
1
21
22
SIM5
SIM1
SIM2
SIM3
SIM4
1
21
22
SIM5
SIM1
SIM2
SIM3
SIM4
1
21
22
SIM5
SIM1
SIM2
SIM3
SIM4
1
21
22
SIM5
SIM1
SIM2
SIM3
SIM4
1
21
22
SIM5
SIM1
SIM2
SIM3
SIM4
1
21
22
SIM5
SIM1
SIM2
SIM3
SIM4
1
21
22
SIM5
SIM1
SIM2
SIM3
SIM4
1
21
22
SIM5
SIM1
SIM2
SIM3
SIM4
1
21
22
SIM5
SIM1
SIM2
SIM3
SIM4
1
21
22
SIM5
SIM1
SIM2
SIM3
SIM4
1
21
22
SIM5
SIM1
SIM2
SIM3
SIM4
1
21
22
SIM5
SIM1
SIM2
SIM3
SIM4
1
21
22
SIM5
SIM1
SIM2
SIM3
SIM4
1
21
22
SIM5
SIM1
SIM2
SIM3
SIM4
1
21
22
SIM5
SIM1
SIM2
SIM3
SIM4
1
21
22
SIM5
SIM1
SIM2
SIM3
SIM4
1
21
22
SIM5
SIM1
SIM2
SIM3
SIM4
1
21
22
SIM5
SIM1
SIM2
SIM3
SIM4
1
21
22
SIM5
SIM1
SIM2
SIM3
SIM4
1
21
22
SIM5
SIM1
SIM2
SIM3
SIM4
1
21
22
SIM5
SIM1
SIM2
SIM3
SIM4
1
21
22
SIM5
SIM1
SIM2
SIM3
SIM4
1
21
22
SIM5
SIM1
SIM2
SIM3
SIM4
1
21
22
SIM5
SIM1
SIM2
SIM3
SIM4
1
21
22
SIM5
SIM1
SIM2
SIM3
SIM4
1
21
22
SIM5
SIM1
SIM2
SIM3
SIM4
1
21
22
SIM5
SIM1
SIM2
SIM3
SIM4
1
21
22
SIM5
SIM1
SIM2
SIM3
SIM4
1
21
22
SIM5
SIM1
SIM2
SIM3
SIM4
1
21
22
SIM5
SIM1
SIM2
SIM3
SIM4
1
21
22
SIM5
SIM1
SIM2
SIM3
SIM4
1
21
22
SIM5
SIM1
SIM2
SIM3
SIM4
1
21
22
SIM5
SIM1
SIM2
SIM3
SIM4
1
21
22
SIM5
SIM1
SIM2
SIM3
SIM4
1
21
22
SIM5
SIM1
SIM2
SIM3
SIM4
1
21
22
SIM5
SIM1
SIM2
SIM3
SIM4
1
21
22
SIM5
SIM1
SIM2
SIM3
SIM4
1
21
22
SIM5
SIM1
SIM2
SIM3
SIM4
1
21
22
SIM5
SIM1
SIM2
SIM3
SIM4
1
21
22
SIM5
SIM1
SIM2
SIM3
SIM4
1
21
22
SIM5
SIM1
SIM2
SIM3
SIM4
1
21
22
SIM5
SIM1
SIM2
SIM3
SIM4
1
21
22
SIM5
SIM1
SIM2
SIM3
SIM4
1
21
22
SIM5
SIM1
SIM2
SIM3
SIM4
1
21
22
SIM5
SIM1
SIM2
SIM3
SIM4
1
21
22
SIM5
SIM1
SIM2
SIM3
SIM4
1
21
22
SIM5
SIM1
SIM2
SIM3
SIM4
1
21
22
SIM5
SIM1
SIM2
SIM3
SIM4
1
21
22
SIM5
SIM1
SIM2
SIM3
SIM4
1
21
22
SIM5
SIM1
SIM2
SIM3
SIM4
1
21
22
SIM5
SIM1
SIM2
SIM3
SIM4
1
21
22
SIM5
SIM1
SIM2
SIM3
SIM4
1
21
22
SIM5
SIM1
SIM2
SIM3
SIM4
1
21
22
SIM5
SIM1
SIM2
SIM3
SIM4
1
21
22
SIM5
SIM1
SIM2
SIM3
SIM4
1
21
22
SIM5
SIM1
SIM2
SIM3
SIM4
1
21
22
SIM5
SIM1
SIM2
SIM3
SIM4
1
21
22
SIM5
SIM1
SIM2
SIM3
SIM4
1
21
22
SIM5
SIM1
SIM2
SIM3
SIM4
1
21
22
SIM5
SIM1
SIM2
SIM3
SIM4
1
21
22
SIM5
SIM1
SIM2
SIM3
SIM4
1
21
22
SIM5
SIM1
SIM2
SIM3
SIM4
1
21
22
SIM5
SIM1
SIM2
SIM3
SIM4
1
21
22
SIM5
SIM1
SIM2
SIM3
SIM4
1
21
22
SIM5
SIM1
SIM2
SIM3
SIM4
1
21
22
SIM5
SIM1
SIM2
SIM3
SIM4
1
21
22
SIM5
SIM1
SIM2
SIM3
SIM4
1
21
22
SIM5
SIM1
SIM2
SIM3
SIM4
1
21
22
SIM5
SIM1
SIM2
SIM3
SIM4
1
21
22
SIM5
SIM1
SIM2
SIM3
SIM4
1
21
22
SIM5
SIM1
SIM2
SIM3
SIM4
1
21
22
SIM5
SIM1
SIM2
SIM3
SIM4
1
21
22
SIM5
SIM1
SIM2
SIM3
SIM4
1
21
22
SIM5
SIM1
SIM2
SIM3
SIM4
1
21
22
SIM5
SIM1
SIM2
SIM3
SIM4
1
21
22
SIM5
SIM1
SIM2
SIM3
SIM4
1
21
22
SIM5
SIM1
SIM2
SIM3
SIM4
1
21
22
SIM5
SIM1
SIM2
SIM3
SIM4
1
21
22
SIM5
SIM1
SIM2
SIM3
SIM4
1
21
22
SIM5
SIM1
SIM2
SIM3
SIM4
1
21
22
SIM5
SIM1
SIM2
SIM3
SIM4
1
21
22
SIM5
SIM1
SIM2
SIM3
SIM4
1
21
22
SIM5
SIM1
SIM2
SIM3
SIM4
1
21
22
SIM5
SIM1
SIM2
SIM3
SIM4
1
21
22
SIM5
SIM1
SIM2
SIM3
SIM4
1
21
22
SIM5
SIM1
SIM2
SIM3
SIM4
1
21
22
SIM5
SIM1
SIM2
SIM3
SIM4
1
21
22
SIM5
SIM1
SIM2
SIM3
SIM4
1
21
22
SIM5
SIM1
SIM2
SIM3
SIM4
1
21
22
SIM5
SIM1
SIM2
SIM3
SIM4
1
21
22
SIM5
SIM1
SIM2
SIM3
SIM4
1
21
22
SIM5
SIM1
SIM2
SIM3
SIM4
1
21
22
SIM5
SIM1
SIM2
SIM3
SIM4
1
21
22
SIM5
SIM1
SIM2
SIM3
SIM4
1
21
22
SIM5
SIM1
SIM2
SIM3
SIM4
1
21
22
SIM5
SIM1
SIM2
SIM3
SIM4
1
21
22
SIM5
SIM1
SIM2
SIM3
SIM4
1
21
22
SIM5
SIM1
SIM2
SIM3
SIM4
1
21
22
SIM5
SIM1
SIM2
SIM3
SIM4
1
21
22
SIM5
SIM1
SIM2
SIM3
SIM4
1
21
22
SIM5
SIM1
SIM2
SIM3
SIM4
1
21
22
SIM5
SIM1
SIM2
SIM3
SIM4
1
21
22
SIM5
SIM1
SIM2
SIM3
SIM4
1
21
22
SIM5
SIM1
SIM2
SIM3
SIM4
1
21
22
SIM5
SIM1
SIM2
SIM3
SIM4
1
21
22
SIM5
SIM1
SIM2
SIM3
SIM4
1
21
22
SIM5
SIM1
SIM2
SIM3
SIM4
1
21
22
SIM5
SIM1
SIM2
SIM3
SIM4
1
21
22
SIM5
SIM1
SIM2
SIM3
SIM4
1
21
22
SIM5
SIM1
SIM2
SIM3
SIM4
1
21
22
SIM5
SIM1
SIM2
SIM3
SIM4
1
21
22
SIM5
SIM1
SIM2
SIM3
SIM4
1
21
22
SIM5
SIM1
SIM2
SIM3
SIM4
1
21
22
SIM5
SIM1
SIM2
SIM3
SIM4
1
21
22
SIM5
SIM1
SIM2
SIM3
SIM4
1
21
22
SIM5
SIM1
SIM2
SIM3
SIM4
1
21
22
SIM5
SIM1
SIM2
SIM3
SIM4
1
21
22
SIM5
SIM1
SIM2
SIM3
SIM4
1
21
22
SIM5
SIM1
SIM2
SIM3
SIM4
1
21
22
SIM5
SIM1
SIM2
SIM3
SIM4
1
21
22
SIM5
SIM1
SIM2
SIM3
SIM4
1
21
22
SIM5
SIM1
SIM2
SIM3
SIM4
1
21
22
SIM5
SIM1
SIM2
SIM3
SIM4
1
21
22
SIM5
SIM1
SIM2
SIM3
SIM4
1
21
22
SIM5
SIM1
SIM2
SIM3
SIM4
1
21
22
SIM5
SIM1
SIM2
SIM3
SIM4
1
21
22
SIM5
SIM1
SIM2
SIM3
SIM4
1
21
22
SIM5
SIM1
SIM2
SIM3
SIM4
1
21
22
SIM5
SIM1
SIM2
SIM3
SIM4
1
21
22
SIM5
SIM1
SIM2
SIM3
SIM4
1
21
22
SIM5
SIM1
SIM2
SIM3
SIM4
1
21
22
SIM5
SIM1
SIM2
SIM3
SIM4
1
21
22
SIM5
SIM1
SIM2
SIM3
SIM4
1
21
22
SIM5
SIM1
SIM2
SIM3
SIM4
1
21
22
SIM5
SIM1
SIM2
SIM3
SIM4
1
21
22
SIM5
SIM1
SIM2
SIM3
SIM4
1
21
22
SIM5
SIM1
SIM2
SIM3
SIM4
1
21
22
SIM5
SIM1
SIM2
SIM3
SIM4
1
21
22
SIM5
SIM1
SIM2
SIM3
SIM4
1
21
22
SIM5
SIM1
SIM2
SIM3
SIM4
1
21
22
SIM5
SIM1
SIM2
SIM3
SIM4
1
21
22
SIM5
SIM1
SIM2
SIM3
SIM4
1
21
22
SIM5
SIM1
SIM2
SIM3
SIM4
1
21
22
SIM5
SIM1
SIM2
SIM3
SIM4
1
21
22
SIM5
SIM1
SIM2
SIM3
SIM4
1
21
22
SIM5
SIM1
SIM2
SIM3
SIM4
1
21
22
SIM5
SIM1
SIM2
SIM3
SIM4
1
21
22
SIM5
SIM1
SIM2
SIM3
SIM4
1
21
22
SIM5
SIM1
SIM2
SIM3
SIM4
1
21
22
SIM5
SIM1
SIM2
SIM3
SIM4
1
21
22
SIM5
SIM1
SIM2
SIM3
SIM4
1
21
22
SIM5
SIM1
SIM2
SIM3
SIM4
1
21
22
SIM5
SIM1
SIM2
SIM3
SIM4
1
21
22
SIM5
SIM1
SIM2
SIM3
SIM4
1
21
22
SIM5
SIM1
SIM2
SIM3
SIM4
1
21
22
SIM5
SIM1
SIM2
SIM3
SIM4
1
21
22
SIM5
SIM1
SIM2
SIM3
SIM4
1
21
22
SIM5
SIM1
SIM2
SIM3
SIM4
1
21
22
SIM5
SIM1
SIM2
SIM3
SIM4
1
21
22
SIM5
SIM1
SIM2
SIM3
SIM4
1
21
22
SIM5
SIM1
SIM2
SIM3
SIM4
1
21
22
SIM5
SIM1
SIM2
SIM3
SIM4
1
21
22
SIM5
SIM1
SIM2
DEBUG 1 555
SIM1
SIM2
SIM3
SIM4
1
21
22
SIM5
SIM1
SIM2
SIM3
SIM4
1
21
22
SIM5
SIM1
SIM2
SIM3
SIM4
1
21
22
SIM5
SIM1
SIM2
SIM3
SIM4
1
21
22
SIM5
SIM1
SIM2
SIM3
SIM4
1
21
22
SIM5
SIM1
SIM2
SIM3
SIM4
1
21
22
SIM5
SIM1
SIM2
SIM3
SIM4
1
21
22
SIM5
SIM1
SIM2
SIM3
SIM4
1
21
22
SIM5
SIM1
SIM2
SIM3
SIM4
1
21
22
SIM5
SIM1
SIM2
SIM3
SIM4
1
21
22
SIM5
SIM1
SIM2
SIM3
SIM4
1
21
22
SIM5
SIM1
SIM2
SIM3
SIM4
1
21
22
SIM5
SIM1
SIM2
SIM3
SIM4
1
21
22
SIM5
SIM1
SIM2
SIM3
SIM4
1
21
22
SIM5
SIM1
SIM2
SIM3
SIM4
1
21
22
SIM5
SIM1
SIM2
SIM3
SIM4
1
21
22
SIM5
SIM1
SIM2
SIM3
SIM4
1
21
22
SIM5
SIM1
SIM2
SIM3
SIM4
1
21
22
SIM5
SIM1
SIM2
SIM3
SIM4
1
21
22
SIM5
SIM1
SIM2
SIM3
SIM4
1
21
22
SIM5
SIM1
SIM2
SIM3
SIM4
1
21
22
SIM5
SIM1
SIM2
SIM3
SIM4
1
21
22
SIM5
SIM1
SIM2
SIM3
SIM4
1
21
22
SIM5
SIM1
SIM2
SIM3
SIM4
1
21
22
SIM5
SIM1
SIM2
SIM3
SIM4
1
21
22
SIM5
SIM1
SIM2
SIM3
SIM4
1
21
22
SIM5
SIM1
SIM2
SIM3
SIM4
1
21
22
SIM5
SIM1
SIM2
SIM3
SIM4
1
21
22
SIM5
SIM1
SIM2
SIM3
SIM4
1
21
22
SIM5
SIM1
SIM2
SIM3
SIM4
1
21
22
SIM5
SIM1
SIM2
SIM3
SIM4
1
21
22
SIM5
SIM1
SIM2
SIM3
SIM4
1
21
22
SIM5
SIM1
SIM2
SIM3
SIM4
1
21
22
SIM5
SIM1
SIM2
SIM3
SIM4
1
21
22
SIM5
SIM1
SIM2
SIM3
SIM4
1
21
22
SIM5
SIM1
SIM2
SIM3
SIM4
1
21
22
SIM5
SIM1
SIM2
SIM3
SIM4
1
21
22
SIM5
SIM1
SIM2
SIM3
SIM4
1
21
22
SIM5
SIM1
SIM2
SIM3
SIM4
1
21
22
SIM5
SIM1
SIM2
SIM3
SIM4
1
21
22
SIM5
SIM1
SIM2
SIM3
SIM4
1
21
22
SIM5
SIM1
SIM2
SIM3
SIM4
1
21
22
SIM5
SIM1
SIM2
SIM3
SIM4
1
21
22
SIM5
SIM1
SIM2
SIM3
SIM4
1
21
22
SIM5
SIM1
SIM2
SIM3
SIM4
1
21
22
SIM5
SIM1
SIM2
SIM3
SIM4
1
21
22
SIM5
SIM1
SIM2
SIM3
SIM4
1
21
22
SIM5
SIM1
SIM2
SIM3
SIM4
1
21
22
SIM5
SIM1
SIM2
SIM3
SIM4
1
21
22
SIM5
SIM1
SIM2
SIM3
SIM4
1
21
22
SIM5
SIM1
SIM2
SIM3
SIM4
1
21
22
SIM5
SIM1
SIM2
SIM3
SIM4
1
21
22
SIM5
SIM1
SIM2
SIM3
SIM4
1
21
22
SIM5
SIM1
SIM2
SIM3
SIM4
1
21
22
SIM5
SIM1
SIM2
SIM3
SIM4
1
21
22
SIM5
SIM1
SIM2
SIM3
SIM4
1
21
22
SIM5
SIM1
SIM2
SIM3
SIM4
1
21
22
SIM5
SIM1
SIM2
SIM3
SIM4
1
21
22
SIM5
SIM1
SIM2
SIM3
SIM4
1
21
22
SIM5
SIM1
SIM2
SIM3
SIM4
1
21
22
SIM5
SIM1
SIM2
SIM3
SIM4
1
21
22
SIM5
SIM1
SIM2
SIM3
SIM4
1
21
22
SIM5
SIM1
SIM2
SIM3
SIM4
1
21
22
SIM5
SIM1
SIM2
SIM3
SIM4
1
21
22
SIM5
SIM1
SIM2
SIM3
SIM4
1
21
22
SIM5
SIM1
SIM2
SIM3
SIM4
1
21
22
SIM5
SIM1
SIM2
SIM3
SIM4
1
21
22
SIM5
SIM1
SIM2
SIM3
SIM4
1
21
22
SIM5
SIM1
SIM2
SIM3
SIM4
1
21
22
SIM5
SIM1
SIM2
SIM3
SIM4
1
21
22
SIM5
SIM1
SIM2
SIM3
SIM4
1
21
22
SIM5
SIM1
SIM2
SIM3
SIM4
1
21
22
SIM5
SIM1
SIM2
SIM3
SIM4
1
21
22
SIM5
SIM1
SIM2
SIM3
SIM4
1
21
22
SIM5
SIM1
SIM2
SIM3
SIM4
1
21
22
SIM5
SIM1
SIM2
SIM3
SIM4
1
21
22
SIM5
SIM1
SIM2
SIM3
SIM4
1
21
22
SIM5
SIM1
SIM2
SIM3
SIM4
1
21
22
SIM5
SIM1
SIM2
SIM3
SIM4
1
21
22
SIM5
SIM1
SIM2
SIM3
SIM4
1
21
22
SIM5
SIM1
SIM2
SIM3
SIM4
1
21
22
SIM5
SIM1
SIM2
SIM3
SIM4
1
21
22
SIM5
SIM1
SIM2
SIM3
SIM4
1
21
22
SIM5
SIM1
SIM2
SIM3
SIM4
1
21
22
SIM5
SIM1
SIM2
SIM3
SIM4
1
21
22
SIM5
SIM1
SIM2
SIM3
SIM4
1
21
22
SIM5
SIM1
SIM2
SIM3
SIM4
1
21
22
SIM5
SIM1
SIM2
SIM3
SIM4
1
21
22
SIM5
SIM1
SIM2
SIM3
SIM4
1
21
22
SIM5
SIM1
SIM2
SIM3
SIM4
1
21
22
SIM5
SIM1
SIM2
SIM3
SIM4
1
21
22
SIM5
SIM1
SIM2
SIM3
SIM4
1
21
22
SIM5
SIM1
SIM2
SIM3
SIM4
1
21
22
SIM5
SIM1
SIM2
SIM3
SIM4
1
21
22
SIM5
SIM1
SIM2
SIM3
SIM4
1
21
22
SIM5
SIM1
SIM2
SIM3
SIM4
1
21
22
SIM5
SIM1
SIM2
SIM3
SIM4
1
21
22
SIM5
SIM1
SIM2
SIM3
SIM4
1
21
22
SIM5
SIM1
SIM2
DEBUG 1 556
SIM1
SIM2
SIM3
SIM4
1
21
22
SIM5
SIM1
SIM2
SIM3
SIM4
1
21
22
SIM5
SIM1
SIM2
SIM3
SIM4
1
21
22
SIM5
SIM1
SIM2
SIM3
SIM4
1
21
22
SIM5
SIM1
SIM2
SIM3
SIM4
1
21
22
SIM5
SIM1
SIM2
SIM3
SIM4
1
21
22
SIM5
SIM1
SIM2
SIM3
SIM4
1
21
22
SIM5
SIM1
SIM2
SIM3
SIM4
1
21
22
SIM5
SIM1
SIM2
SIM3
SIM4
1
21
22
SIM5
SIM1
SIM2
SIM3
SIM4
1
21
22
SIM5
SIM1
SIM2
SIM3
SIM4
1
21
22
SIM5
SIM1
SIM2
SIM3
SIM4
1
21
22
SIM5
SIM1
SIM2
SIM3
SIM4
1
21
22
SIM5
SIM1
SIM2
SIM3
SIM4
1
21
22
SIM5
SIM1
SIM2
SIM3
SIM4
1
21
22
SIM5
SIM1
SIM2
SIM3
SIM4
1
21
22
SIM5
SIM1
SIM2
SIM3
SIM4
1
21
22
SIM5
SIM1
SIM2
SIM3
SIM4
1
21
22
SIM5
SIM1
SIM2
SIM3
SIM4
1
21
22
SIM5
SIM1
SIM2
SIM3
SIM4
1
21
22
SIM5
SIM1
SIM2
SIM3
SIM4
1
21
22
SIM5
SIM1
SIM2
SIM3
SIM4
1
21
22
SIM5
SIM1
SIM2
SIM3
SIM4
1
21
22
SIM5
SIM1
SIM2
SIM3
SIM4
1
21
22
SIM5
SIM1
SIM2
SIM3
SIM4
1
21
22
SIM5
SIM1
SIM2
SIM3
SIM4
1
21
22
SIM5
SIM1
SIM2
SIM3
SIM4
1
21
22
SIM5
SIM1
SIM2
SIM3
SIM4
1
21
22
SIM5
SIM1
SIM2
SIM3
SIM4
1
21
22
SIM5
SIM1
SIM2
SIM3
SIM4
1
21
22
SIM5
SIM1
SIM2
SIM3
SIM4
1
21
22
SIM5
SIM1
SIM2
SIM3
SIM4
1
21
22
SIM5
SIM1
SIM2
SIM3
SIM4
1
21
22
SIM5
SIM1
SIM2
SIM3
SIM4
1
21
22
SIM5
SIM1
SIM2
SIM3
SIM4
1
21
22
SIM5
SIM1
SIM2
SIM3
SIM4
1
21
22
SIM5
SIM1
SIM2
SIM3
SIM4
1
21
22
SIM5
SIM1
SIM2
SIM3
SIM4
1
21
22
SIM5
SIM1
SIM2
SIM3
SIM4
1
21
22
SIM5
SIM1
SIM2
SIM3
SIM4
1
21
22
SIM5
SIM1
SIM2
SIM3
SIM4
1
21
22
SIM5
SIM1
SIM2
SIM3
SIM4
1
21
22
SIM5
SIM1
SIM2
SIM3
SIM4
1
21
22
SIM5
SIM1
SIM2
SIM3
SIM4
1
21
22
SIM5
SIM1
SIM2
SIM3
SIM4
1
21
22
SIM5
SIM1
SIM2
SIM3
SIM4
1
21
22
SIM5
SIM1
SIM2
SIM3
SIM4
1
21
22
SIM5
SIM1
SIM2
SIM3
SIM4
1
21
22
SIM5
SIM1
SIM2
SIM3
SIM4
1
21
22
SIM5
SIM1
SIM2
SIM3
SIM4
1
21
22
SIM5
SIM1
SIM2
SIM3
SIM4
1
21
22
SIM5
SIM1
SIM2
SIM3
SIM4
1
21
22
SIM5
SIM1
SIM2
SIM3
SIM4
1
21
22
SIM5
SIM1
SIM2
SIM3
SIM4
1
21
22
SIM5
SIM1
SIM2
SIM3
SIM4
1
21
22
SIM5
SIM1
SIM2
SIM3
SIM4
1
21
22
SIM5
SIM1
SIM2
SIM3
SIM4
1
21
22
SIM5
SIM1
SIM2
SIM3
SIM4
1
21
22
SIM5
SIM1
SIM2
SIM3
SIM4
1
21
22
SIM5
SIM1
SIM2
SIM3
SIM4
1
21
22
SIM5
SIM1
SIM2
SIM3
SIM4
1
21
22
SIM5
SIM1
SIM2
SIM3
SIM4
1
21
22
SIM5
SIM1
SIM2
SIM3
SIM4
1
21
22
SIM5
SIM1
SIM2
SIM3
SIM4
1
21
22
SIM5
SIM1
SIM2
SIM3
SIM4
1
21
22
SIM5
SIM1
SIM2
SIM3
SIM4
1
21
22
SIM5
SIM1
SIM2
SIM3
SIM4
1
21
22
SIM5
SIM1
SIM2
SIM3
SIM4
1
21
22
SIM5
SIM1
SIM2
SIM3
SIM4
1
21
22
SIM5
SIM1
SIM2
SIM3
SIM4
1
21
22
SIM5
SIM1
SIM2
SIM3
SIM4
1
21
22
SIM5
SIM1
SIM2
SIM3
SIM4
1
21
22
SIM5
SIM1
SIM2
SIM3
SIM4
1
21
22
SIM5
SIM1
SIM2
SIM3
SIM4
1
21
22
SIM5
SIM1
SIM2
SIM3
SIM4
1
21
22
SIM5
SIM1
SIM2
SIM3
SIM4
1
21
22
SIM5
SIM1
SIM2
SIM3
SIM4
1
21
22
SIM5
SIM1
SIM2
SIM3
SIM4
1
21
22
SIM5
SIM1
SIM2
SIM3
SIM4
1
21
22
SIM5
SIM1
SIM2
SIM3
SIM4
1
21
22
SIM5
SIM1
SIM2
SIM3
SIM4
1
21
22
SIM5
SIM1
SIM2
SIM3
SIM4
1
21
22
SIM5
SIM1
SIM2
SIM3
SIM4
1
21
22
SIM5
SIM1
SIM2
SIM3
SIM4
1
21
22
SIM5
SIM1
SIM2
SIM3
SIM4
1
21
22
SIM5
SIM1
SIM2
SIM3
SIM4
1
21
22
SIM5
SIM1
SIM2
SIM3
SIM4
1
21
22
SIM5
SIM1
SIM2
SIM3
SIM4
1
21
22
SIM5
SIM1
SIM2
SIM3
SIM4
1
21
22
SIM5
SIM1
SIM2
SIM3
SIM4
1
21
22
SIM5
SIM1
SIM2
SIM3
SIM4
1
21
22
SIM5
SIM1
SIM2
SIM3
SIM4
1
21
22
SIM5
SIM1
SIM2
SIM3
SIM4
1
21
22
SIM5
SIM1
SIM2
SIM3
SIM4
1
21
22
SIM5
SIM1
SIM2
SIM3
SIM4
1
21
22
SIM5
SIM1
SIM2
SIM3
SIM4
1
21
22
SIM5
SIM1
SIM2
SIM3
SIM4
1
21
22
SIM5
SIM1
SIM2
SIM3
SIM4
1
21
22
SIM5
SIM1
SIM2
SIM3
SIM4
1
21
22
SIM5
SIM1
SIM2
SIM3
SIM4
1
21
22
SIM5
SIM1
SIM2
SIM3
SIM4
1
21
22
SIM5
SIM1
SIM2
SIM3
SIM4
1
21
22
SIM5
SIM1
SIM2
SIM3
SIM4
1
21
22
SIM5
SIM1
SIM2
SIM3
SIM4
1
21
22
SIM5
SIM1
SIM2
SIM3
SIM4
1
21
22
SIM5
SIM1
SIM2
SIM3
SIM4
1
21
22
SIM5
SIM1
SIM2
SIM3
SIM4
1
21
22
SIM5
SIM1
SIM2
SIM3
SIM4
1
21
22
SIM5
SIM1
SIM2
SIM3
SIM4
1
21
22
SIM5
SIM1
SIM2
SIM3
SIM4
1
21
22
SIM5
SIM1
SIM2
SIM3
SIM4
1
21
22
SIM5
SIM1
SIM2
SIM3
SIM4
1
21
22
SIM5
SIM1
SIM2
SIM3
SIM4
1
21
22
SIM5
SIM1
SIM2
SIM3
SIM4
1
21
22
SIM5
SIM1
SIM2
SIM3
SIM4
1
21
22
SIM5
SIM1
SIM2
SIM3
SIM4
1
21
22
SIM5
SIM1
SIM2
SIM3
SIM4
1
21
22
SIM5
SIM1
SIM2
SIM3
SIM4
1
21
22
SIM5
SIM1
SIM2
SIM3
SIM4
1
21
22
SIM5
SIM1
SIM2
SIM3
SIM4
1
21
22
SIM5
SIM1
SIM2
DEBUG 1 557
SIM1
SIM2
SIM3
SIM4
1
21
22
SIM5
SIM1
SIM2
SIM3
SIM4
1
21
22
SIM5
SIM1
SIM2
SIM3
SIM4
1
21
22
SIM5
SIM1
SIM2
SIM3
SIM4
1
21
22
SIM5
SIM1
SIM2
SIM3
SIM4
1
21
22
SIM5
SIM1
SIM2
SIM3
SIM4
1
21
22
SIM5
SIM1
SIM2
SIM3
SIM4
1
21
22
SIM5
SIM1
SIM2
SIM3
SIM4
1
21
22
SIM5
SIM1
SIM2
SIM3
SIM4
1
21
22
SIM5
SIM1
SIM2
SIM3
SIM4
1
21
22
SIM5
SIM1
SIM2
SIM3
SIM4
1
21
22
SIM5
SIM1
SIM2
SIM3
SIM4
1
21
22
SIM5
SIM1
SIM2
SIM3
SIM4
1
21
22
SIM5
SIM1
SIM2
SIM3
SIM4
1
21
22
SIM5
SIM1
SIM2
SIM3
SIM4
1
21
22
SIM5
SIM1
SIM2
SIM3
SIM4
1
21
22
SIM5
SIM1
SIM2
SIM3
SIM4
1
21
22
SIM5
SIM1
SIM2
SIM3
SIM4
1
21
22
SIM5
SIM1
SIM2
SIM3
SIM4
1
21
22
SIM5
SIM1
SIM2
SIM3
SIM4
1
21
22
SIM5
SIM1
SIM2
SIM3
SIM4
1
21
22
SIM5
SIM1
SIM2
SIM3
SIM4
1
21
22
SIM5
SIM1
SIM2
SIM3
SIM4
1
21
22
SIM5
SIM1
SIM2
SIM3
SIM4
1
21
22
SIM5
SIM1
SIM2
SIM3
SIM4
1
21
22
SIM5
SIM1
SIM2
SIM3
SIM4
1
21
22
SIM5
SIM1
SIM2
SIM3
SIM4
1
21
22
SIM5
SIM1
SIM2
SIM3
SIM4
1
21
22
SIM5
SIM1
SIM2
SIM3
SIM4
1
21
22
SIM5
SIM1
SIM2
SIM3
SIM4
1
21
22
SIM5
SIM1
SIM2
SIM3
SIM4
1
21
22
SIM5
SIM1
SIM2
SIM3
SIM4
1
21
22
SIM5
SIM1
SIM2
SIM3
SIM4
1
21
22
SIM5
SIM1
SIM2
SIM3
SIM4
1
21
22
SIM5
SIM1
SIM2
SIM3
SIM4
1
21
22
SIM5
SIM1
SIM2
SIM3
SIM4
1
21
22
SIM5
SIM1
SIM2
SIM3
SIM4
1
21
22
SIM5
SIM1
SIM2
SIM3
SIM4
1
21
22
SIM5
SIM1
SIM2
SIM3
SIM4
1
21
22
SIM5
SIM1
SIM2
SIM3
SIM4
1
21
22
SIM5
SIM1
SIM2
SIM3
SIM4
1
21
22
SIM5
SIM1
SIM2
SIM3
SIM4
1
21
22
SIM5
SIM1
SIM2
SIM3
SIM4
1
21
22
SIM5
SIM1
SIM2
SIM3
SIM4
1
21
22
SIM5
SIM1
SIM2
SIM3
SIM4
1
21
22
SIM5
SIM1
SIM2
SIM3
SIM4
1
21
22
SIM5
SIM1
SIM2
SIM3
SIM4
1
21
22
SIM5
SIM1
SIM2
SIM3
SIM4
1
21
22
SIM5
SIM1
SIM2
SIM3
SIM4
1
21
22
SIM5
SIM1
SIM2
SIM3
SIM4
1
21
22
SIM5
SIM1
SIM2
SIM3
SIM4
1
21
22
SIM5
SIM1
SIM2
SIM3
SIM4
1
21
22
SIM5
SIM1
SIM2
SIM3
SIM4
1
21
22
SIM5
SIM1
SIM2
SIM3
SIM4
1
21
22
SIM5
SIM1
SIM2
SIM3
SIM4
1
21
22
SIM5
SIM1
SIM2
SIM3
SIM4
1
21
22
SIM5
SIM1
SIM2
SIM3
SIM4
1
21
22
SIM5
SIM1
SIM2
SIM3
SIM4
1
21
22
SIM5
SIM1
SIM2
SIM3
SIM4
1
21
22
SIM5
SIM1
SIM2
SIM3
SIM4
1
21
22
SIM5
SIM1
SIM2
SIM3
SIM4
1
21
22
SIM5
SIM1
SIM2
SIM3
SIM4
1
21
22
SIM5
SIM1
SIM2
SIM3
SIM4
1
21
22
SIM5
SIM1
SIM2
SIM3
SIM4
1
21
22
SIM5
SIM1
SIM2
SIM3
SIM4
1
21
22
SIM5
SIM1
SIM2
SIM3
SIM4
1
21
22
SIM5
SIM1
SIM2
SIM3
SIM4
1
21
22
SIM5
SIM1
SIM2
SIM3
SIM4
1
21
22
SIM5
SIM1
SIM2
SIM3
SIM4
1
21
22
SIM5
SIM1
SIM2
SIM3
SIM4
1
21
22
SIM5
SIM1
SIM2
SIM3
SIM4
1
21
22
SIM5
SIM1
SIM2
SIM3
SIM4
1
21
22
SIM5
SIM1
SIM2
SIM3
SIM4
1
21
22
SIM5
SIM1
SIM2
SIM3
SIM4
1
21
22
SIM5
SIM1
SIM2
SIM3
SIM4
1
21
22
SIM5
SIM1
SIM2
SIM3
SIM4
1
21
22
SIM5
SIM1
SIM2
SIM3
SIM4
1
21
22
SIM5
SIM1
SIM2
SIM3
SIM4
1
21
22
SIM5
SIM1
SIM2
SIM3
SIM4
1
21
22
SIM5
SIM1
SIM2
SIM3
SIM4
1
21
22
SIM5
SIM1
SIM2
SIM3
SIM4
1
21
22
SIM5
SIM1
SIM2
SIM3
SIM4
1
21
22
SIM5
SIM1
SIM2
SIM3
SIM4
1
21
22
SIM5
SIM1
SIM2
SIM3
SIM4
1
21
22
SIM5
SIM1
SIM2
SIM3
SIM4
1
21
22
SIM5
SIM1
SIM2
SIM3
SIM4
1
21
22
SIM5
SIM1
SIM2
SIM3
SIM4
1
21
22
SIM5
SIM1
SIM2
SIM3
SIM4
1
21
22
SIM5
SIM1
SIM2
SIM3
SIM4
1
21
22
SIM5
SIM1
SIM2
SIM3
SIM4
1
21
22
SIM5
SIM1
SIM2
SIM3
SIM4
1
21
22
SIM5
SIM1
SIM2
SIM3
SIM4
1
21
22
SIM5
SIM1
SIM2
SIM3
SIM4
1
21
22
SIM5
SIM1
SIM2
SIM3
SIM4
1
21
22
SIM5
SIM1
SIM2
SIM3
SIM4
1
21
22
SIM5
SIM1
SIM2
SIM3
SIM4
1
21
22
SIM5
SIM1
SIM2
SIM3
SIM4
1
21
22
SIM5
SIM1
SIM2
SIM3
SIM4
1
21
22
SIM5
SIM1
SIM2
SIM3
SIM4
1
21
22
SIM5
SIM1
SIM2
SIM3
SIM4
1
21
22
SIM5
SIM1
SIM2
SIM3
SIM4
1
21
22
SIM5
SIM1
SIM2
SIM3
SIM4
1
21
22
SIM5
SIM1
SIM2
SIM3
SIM4
1
21
22
SIM5
SIM1
SIM2
SIM3
SIM4
1
21
22
SIM5
SIM1
SIM2
SIM3
SIM4
1
21
22
SIM5
SIM1
SIM2
SIM3
SIM4
1
21
22
SIM5
SIM1
SIM2
SIM3
SIM4
1
21
22
SIM5
SIM1
SIM2
SIM3
SIM4
1
21
22
SIM5
SIM1
SIM2
SIM3
SIM4
1
21
22
SIM5
SIM1
SIM2
SIM3
SIM4
1
21
22
SIM5
SIM1
SIM2
SIM3
SIM4
1
21
22
SIM5
SIM1
SIM2
SIM3
SIM4
1
21
22
SIM5
SIM1
SIM2
SIM3
SIM4
1
21
22
SIM5
SIM1
SIM2
SIM3
SIM4
1
21
22
SIM5
SIM1
SIM2
SIM3
SIM4
1
21
22
SIM5
SIM1
SIM2
SIM3
SIM4
1
21
22
SIM5
SIM1
SIM2
SIM3
SIM4
1
21
22
SIM5
SIM1
SIM2
SIM3
SIM4
1
21
22
SIM5
SIM1
SIM2
SIM3
SIM4
1
21
22
SIM5
SIM1
SIM2
SIM3
SIM4
1
21
22
SIM5
SIM1
SIM2
SIM3
SIM4
1
21
22
SIM5
SIM1
SIM2
SIM3
SIM4
1
21
22
SIM5
SIM1
SIM2
SIM3
SIM4
1
21
22
SIM5
SIM1
SIM2
SIM3
SIM4
1
21
22
SIM5
SIM1
SIM2
SIM3
SIM4
1
21
22
SIM5
SIM1
SIM2
SIM3
SIM4
1
21
22
SIM5
SIM1
SIM2
SIM3
SIM4
1
21
22
SIM5
SIM1
SIM2
SIM3
SIM4
1
21
22
SIM5
SIM1
SIM2
SIM3
SIM4
1
21
22
SIM5
SIM1
SIM2
SIM3
SIM4
1
21
22
SIM5
SIM1
SIM2
SIM3
SIM4
1
21
22
SIM5
SIM1
SIM2
SIM3
SIM4
1
21
22
SIM5
SIM1
SIM2
SIM3
SIM4
1
21
22
SIM5
SIM1
SIM2
SIM3
SIM4
1
21
22
SIM5
SIM1
SIM2
SIM3
SIM4
1
21
22
SIM5
SIM1
SIM2
SIM3
SIM4
1
21
22
SIM5
SIM1
SIM2
SIM3
SIM4
1
21
22
SIM5
SIM1
SIM2
DEBUG 1 558
SIM1
SIM2
SIM3
SIM4
1
21
22
SIM5
SIM1
SIM2
SIM3
SIM4
1
21
22
SIM5
SIM1
SIM2
SIM3
SIM4
1
21
22
SIM5
SIM1
SIM2
SIM3
SIM4
1
21
22
SIM5
SIM1
SIM2
SIM3
SIM4
1
21
22
SIM5
SIM1
SIM2
SIM3
SIM4
1
21
22
SIM5
SIM1
SIM2
SIM3
SIM4
1
21
22
SIM5
SIM1
SIM2
SIM3
SIM4
1
21
22
SIM5
SIM1
SIM2
SIM3
SIM4
1
21
22
SIM5
SIM1
SIM2
SIM3
SIM4
1
21
22
SIM5
SIM1
SIM2
SIM3
SIM4
1
21
22
SIM5
SIM1
SIM2
SIM3
SIM4
1
21
22
SIM5
SIM1
SIM2
SIM3
SIM4
1
21
22
SIM5
SIM1
SIM2
SIM3
SIM4
1
21
22
SIM5
SIM1
SIM2
SIM3
SIM4
1
21
22
SIM5
SIM1
SIM2
SIM3
SIM4
1
21
22
SIM5
SIM1
SIM2
SIM3
SIM4
1
21
22
SIM5
SIM1
SIM2
SIM3
SIM4
1
21
22
SIM5
SIM1
SIM2
SIM3
SIM4
1
21
22
SIM5
SIM1
SIM2
SIM3
SIM4
1
21
22
SIM5
SIM1
SIM2
SIM3
SIM4
1
21
22
SIM5
SIM1
SIM2
SIM3
SIM4
1
21
22
SIM5
SIM1
SIM2
SIM3
SIM4
1
21
22
SIM5
SIM1
SIM2
SIM3
SIM4
1
21
22
SIM5
SIM1
SIM2
SIM3
SIM4
1
21
22
SIM5
SIM1
SIM2
SIM3
SIM4
1
21
22
SIM5
SIM1
SIM2
SIM3
SIM4
1
21
22
SIM5
SIM1
SIM2
SIM3
SIM4
1
21
22
SIM5
SIM1
SIM2
SIM3
SIM4
1
21
22
SIM5
SIM1
SIM2
SIM3
SIM4
1
21
22
SIM5
SIM1
SIM2
SIM3
SIM4
1
21
22
SIM5
SIM1
SIM2
SIM3
SIM4
1
21
22
SIM5
SIM1
SIM2
SIM3
SIM4
1
21
22
SIM5
SIM1
SIM2
SIM3
SIM4
1
21
22
SIM5
SIM1
SIM2
SIM3
SIM4
1
21
22
SIM5
SIM1
SIM2
SIM3
SIM4
1
21
22
SIM5
SIM1
SIM2
SIM3
SIM4
1
21
22
SIM5
SIM1
SIM2
SIM3
SIM4
1
21
22
SIM5
SIM1
SIM2
SIM3
SIM4
1
21
22
SIM5
SIM1
SIM2
SIM3
SIM4
1
21
22
SIM5
SIM1
SIM2
SIM3
SIM4
1
21
22
SIM5
SIM1
SIM2
SIM3
SIM4
1
21
22
SIM5
SIM1
SIM2
SIM3
SIM4
1
21
22
SIM5
SIM1
SIM2
SIM3
SIM4
1
21
22
SIM5
SIM1
SIM2
SIM3
SIM4
1
21
22
SIM5
SIM1
SIM2
SIM3
SIM4
1
21
22
SIM5
SIM1
SIM2
SIM3
SIM4
1
21
22
SIM5
SIM1
SIM2
SIM3
SIM4
1
21
22
SIM5
SIM1
SIM2
SIM3
SIM4
1
21
22
SIM5
SIM1
SIM2
SIM3
SIM4
1
21
22
SIM5
SIM1
SIM2
SIM3
SIM4
1
21
22
SIM5
SIM1
SIM2
SIM3
SIM4
1
21
22
SIM5
SIM1
SIM2
SIM3
SIM4
1
21
22
SIM5
SIM1
SIM2
SIM3
SIM4
1
21
22
SIM5
SIM1
SIM2
SIM3
SIM4
1
21
22
SIM5
SIM1
SIM2
SIM3
SIM4
1
21
22
SIM5
SIM1
SIM2
SIM3
SIM4
1
21
22
SIM5
SIM1
SIM2
SIM3
SIM4
1
21
22
SIM5
SIM1
SIM2
SIM3
SIM4
1
21
22
SIM5
SIM1
SIM2
SIM3
SIM4
1
21
22
SIM5
SIM1
SIM2
SIM3
SIM4
1
21
22
SIM5
SIM1
SIM2
SIM3
SIM4
1
21
22
SIM5
SIM1
SIM2
SIM3
SIM4
1
21
22
SIM5
SIM1
SIM2
SIM3
SIM4
1
21
22
SIM5
SIM1
SIM2
SIM3
SIM4
1
21
22
SIM5
SIM1
SIM2
SIM3
SIM4
1
21
22
SIM5
SIM1
SIM2
SIM3
SIM4
1
21
22
SIM5
SIM1
SIM2
SIM3
SIM4
1
21
22
SIM5
SIM1
SIM2
SIM3
SIM4
1
21
22
SIM5
SIM1
SIM2
SIM3
SIM4
1
21
22
SIM5
SIM1
SIM2
SIM3
SIM4
1
21
22
SIM5
SIM1
SIM2
SIM3
SIM4
1
21
22
SIM5
SIM1
SIM2
SIM3
SIM4
1
21
22
SIM5
SIM1
SIM2
SIM3
SIM4
1
21
22
SIM5
SIM1
SIM2
SIM3
SIM4
1
21
22
SIM5
SIM1
SIM2
SIM3
SIM4
1
21
22
SIM5
SIM1
SIM2
SIM3
SIM4
1
21
22
SIM5
SIM1
SIM2
SIM3
SIM4
1
21
22
SIM5
SIM1
SIM2
SIM3
SIM4
1
21
22
SIM5
SIM1
SIM2
SIM3
SIM4
1
21
22
SIM5
SIM1
SIM2
SIM3
SIM4
1
21
22
SIM5
SIM1
SIM2
SIM3
SIM4
1
21
22
SIM5
SIM1
SIM2
SIM3
SIM4
1
21
22
SIM5
SIM1
SIM2
SIM3
SIM4
1
21
22
SIM5
SIM1
SIM2
SIM3
SIM4
1
21
22
SIM5
SIM1
SIM2
SIM3
SIM4
1
21
22
SIM5
SIM1
SIM2
SIM3
SIM4
1
21
22
SIM5
SIM1
SIM2
SIM3
SIM4
1
21
22
SIM5
SIM1
SIM2
DEBUG 1 559
SIM1
SIM2
SIM3
SIM4
1
21
22
SIM5
SIM1
SIM2
SIM3
SIM4
1
21
22
SIM5
SIM1
SIM2
SIM3
SIM4
1
21
22
SIM5
SIM1
SIM2
SIM3
SIM4
1
21
22
SIM5
SIM1
SIM2
SIM3
SIM4
1
21
22
SIM5
SIM1
SIM2
SIM3
SIM4
1
21
22
SIM5
SIM1
SIM2
SIM3
SIM4
1
21
22
SIM5
SIM1
SIM2
SIM3
SIM4
1
21
22
SIM5
SIM1
SIM2
SIM3
SIM4
1
21
22
SIM5
SIM1
SIM2
SIM3
SIM4
1
21
22
SIM5
SIM1
SIM2
SIM3
SIM4
1
21
22
SIM5
SIM1
SIM2
SIM3
SIM4
1
21
22
SIM5
SIM1
SIM2
SIM3
SIM4
1
21
22
SIM5
SIM1
SIM2
SIM3
SIM4
1
21
22
SIM5
SIM1
SIM2
SIM3
SIM4
1
21
22
SIM5
SIM1
SIM2
SIM3
SIM4
1
21
22
SIM5
SIM1
SIM2
SIM3
SIM4
1
21
22
SIM5
SIM1
SIM2
SIM3
SIM4
1
21
22
SIM5
SIM1
SIM2
SIM3
SIM4
1
21
22
SIM5
SIM1
SIM2
SIM3
SIM4
1
21
22
SIM5
SIM1
SIM2
SIM3
SIM4
1
21
22
SIM5
SIM1
SIM2
SIM3
SIM4
1
21
22
SIM5
SIM1
SIM2
SIM3
SIM4
1
21
22
SIM5
SIM1
SIM2
SIM3
SIM4
1
21
22
SIM5
SIM1
SIM2
SIM3
SIM4
1
21
22
SIM5
SIM1
SIM2
SIM3
SIM4
1
21
22
SIM5
SIM1
SIM2
SIM3
SIM4
1
21
22
SIM5
SIM1
SIM2
SIM3
SIM4
1
21
22
SIM5
SIM1
SIM2
SIM3
SIM4
1
21
22
SIM5
SIM1
SIM2
SIM3
SIM4
1
21
22
SIM5
SIM1
SIM2
SIM3
SIM4
1
21
22
SIM5
SIM1
SIM2
SIM3
SIM4
1
21
22
SIM5
SIM1
SIM2
SIM3
SIM4
1
21
22
SIM5
SIM1
SIM2
SIM3
SIM4
1
21
22
SIM5
SIM1
SIM2
SIM3
SIM4
1
21
22
SIM5
SIM1
SIM2
SIM3
SIM4
1
21
22
SIM5
SIM1
SIM2
SIM3
SIM4
1
21
22
SIM5
SIM1
SIM2
SIM3
SIM4
1
21
22
SIM5
SIM1
SIM2
SIM3
SIM4
1
21
22
SIM5
SIM1
SIM2
SIM3
SIM4
1
21
22
SIM5
SIM1
SIM2
SIM3
SIM4
1
21
22
SIM5
SIM1
SIM2
SIM3
SIM4
1
21
22
SIM5
SIM1
SIM2
SIM3
SIM4
1
21
22
SIM5
SIM1
SIM2
SIM3
SIM4
1
21
22
SIM5
SIM1
SIM2
SIM3
SIM4
1
21
22
SIM5
SIM1
SIM2
SIM3
SIM4
1
21
22
SIM5
SIM1
SIM2
SIM3
SIM4
1
21
22
SIM5
SIM1
SIM2
SIM3
SIM4
1
21
22
SIM5
SIM1
SIM2
SIM3
SIM4
1
21
22
SIM5
SIM1
SIM2
SIM3
SIM4
1
21
22
SIM5
SIM1
SIM2
SIM3
SIM4
1
21
22
SIM5
SIM1
SIM2
SIM3
SIM4
1
21
22
SIM5
SIM1
SIM2
SIM3
SIM4
1
21
22
SIM5
SIM1
SIM2
SIM3
SIM4
1
21
22
SIM5
SIM1
SIM2
SIM3
SIM4
1
21
22
SIM5
SIM1
SIM2
SIM3
SIM4
1
21
22
SIM5
SIM1
SIM2
SIM3
SIM4
1
21
22
SIM5
SIM1
SIM2
SIM3
SIM4
1
21
22
SIM5
SIM1
SIM2
SIM3
SIM4
1
21
22
SIM5
SIM1
SIM2
SIM3
SIM4
1
21
22
SIM5
SIM1
SIM2
SIM3
SIM4
1
21
22
SIM5
SIM1
SIM2
SIM3
SIM4
1
21
22
SIM5
SIM1
SIM2
SIM3
SIM4
1
21
22
SIM5
SIM1
SIM2
SIM3
SIM4
1
21
22
SIM5
SIM1
SIM2
SIM3
SIM4
1
21
22
SIM5
SIM1
SIM2
SIM3
SIM4
1
21
22
SIM5
SIM1
SIM2
SIM3
SIM4
1
21
22
SIM5
SIM1
SIM2
SIM3
SIM4
1
21
22
SIM5
SIM1
SIM2
SIM3
SIM4
1
21
22
SIM5
SIM1
SIM2
SIM3
SIM4
1
21
22
SIM5
SIM1
SIM2
SIM3
SIM4
1
21
22
SIM5
SIM1
SIM2
SIM3
SIM4
1
21
22
SIM5
SIM1
SIM2
SIM3
SIM4
1
21
22
SIM5
SIM1
SIM2
SIM3
SIM4
1
21
22
SIM5
SIM1
SIM2
SIM3
SIM4
1
21
22
SIM5
SIM1
SIM2
SIM3
SIM4
1
21
22
SIM5
SIM1
SIM2
SIM3
SIM4
1
21
22
SIM5
SIM1
SIM2
SIM3
SIM4
1
21
22
SIM5
SIM1
SIM2
SIM3
SIM4
1
21
22
SIM5
SIM1
SIM2
SIM3
SIM4
1
21
22
SIM5
SIM1
SIM2
SIM3
SIM4
1
21
22
SIM5
SIM1
SIM2
SIM3
SIM4
1
21
22
SIM5
SIM1
SIM2
SIM3
SIM4
1
21
22
SIM5
SIM1
SIM2
SIM3
SIM4
1
21
22
SIM5
SIM1
SIM2
SIM3
SIM4
1
21
22
SIM5
SIM1
SIM2
SIM3
SIM4
1
21
22
SIM5
SIM1
SIM2
SIM3
SIM4
1
21
22
SIM5
SIM1
SIM2
SIM3
SIM4
1
21
22
SIM5
SIM1
SIM2
SIM3
SIM4
1
21
22
SIM5
SIM1
SIM2
SIM3
SIM4
1
21
22
SIM5
SIM1
SIM2
SIM3
SIM4
1
21
22
SIM5
SIM1
SIM2
SIM3
SIM4
1
21
22
SIM5
SIM1
SIM2
SIM3
SIM4
1
21
22
SIM5
SIM1
SIM2
SIM3
SIM4
1
21
22
SIM5
SIM1
SIM2
SIM3
SIM4
1
21
22
SIM5
SIM1
SIM2
SIM3
SIM4
1
21
22
SIM5
SIM1
SIM2
SIM3
SIM4
1
21
22
SIM5
SIM1
SIM2
SIM3
SIM4
1
21
22
SIM5
SIM1
SIM2
SIM3
SIM4
1
21
22
SIM5
SIM1
SIM2
SIM3
SIM4
1
21
22
SIM5
SIM1
SIM2
SIM3
SIM4
1
21
22
SIM5
SIM1
SIM2
SIM3
SIM4
1
21
22
SIM5
SIM1
SIM2
SIM3
SIM4
1
21
22
SIM5
SIM1
SIM2
SIM3
SIM4
1
21
22
SIM5
SIM1
SIM2
SIM3
SIM4
1
21
22
SIM5
SIM1
SIM2
SIM3
SIM4
1
21
22
SIM5
SIM1
SIM2
SIM3
SIM4
1
21
22
SIM5
SIM1
SIM2
SIM3
SIM4
1
21
22
SIM5
SIM1
SIM2
SIM3
SIM4
1
21
22
SIM5
SIM1
SIM2
SIM3
SIM4
1
21
22
SIM5
SIM1
SIM2
SIM3
SIM4
1
21
22
SIM5
SIM1
SIM2
SIM3
SIM4
1
21
22
SIM5
SIM1
SIM2
SIM3
SIM4
1
21
22
SIM5
SIM1
SIM2
SIM3
SIM4
1
21
22
SIM5
SIM1
SIM2
SIM3
SIM4
1
21
22
SIM5
SIM1
SIM2
SIM3
SIM4
1
21
22
SIM5
SIM1
SIM2
SIM3
SIM4
1
21
22
SIM5
SIM1
SIM2
SIM3
SIM4
1
21
22
SIM5
SIM1
SIM2
SIM3
SIM4
1
21
22
SIM5
SIM1
SIM2
SIM3
SIM4
1
21
22
SIM5
SIM1
SIM2
SIM3
SIM4
1
21
22
SIM5
SIM1
SIM2
SIM3
SIM4
1
21
22
SIM5
SIM1
SIM2
SIM3
SIM4
1
21
22
SIM5
SIM1
SIM2
SIM3
SIM4
1
21
22
SIM5
SIM1
SIM2
SIM3
SIM4
1
21
22
SIM5
SIM1
SIM2
SIM3
SIM4
1
21
22
SIM5
SIM1
SIM2
SIM3
SIM4
1
21
22
SIM5
SIM1
SIM2
SIM3
SIM4
1
21
22
SIM5
SIM1
SIM2
SIM3
SIM4
1
21
22
SIM5
SIM1
SIM2
SIM3
SIM4
1
21
22
SIM5
SIM1
SIM2
SIM3
SIM4
1
21
22
SIM5
SIM1
SIM2
SIM3
SIM4
1
21
22
SIM5
SIM1
SIM2
SIM3
SIM4
1
21
22
SIM5
SIM1
SIM2
SIM3
SIM4
1
21
22
SIM5
SIM1
SIM2
SIM3
SIM4
1
21
22
SIM5
SIM1
SIM2
SIM3
SIM4
1
21
22
SIM5
SIM1
SIM2
SIM3
SIM4
1
21
22
SIM5
SIM1
SIM2
SIM3
SIM4
1
21
22
SIM5
SIM1
SIM2
SIM3
SIM4
1
21
22
SIM5
SIM1
SIM2
SIM3
SIM4
1
21
22
SIM5
SIM1
SIM2
SIM3
SIM4
1
21
22
SIM5
SIM1
SIM2
SIM3
SIM4
1
21
22
SIM5
SIM1
SIM2
SIM3
SIM4
1
21
22
SIM5
SIM1
SIM2
SIM3
SIM4
1
21
22
SIM5
SIM1
SIM2
SIM3
SIM4
1
21
22
SIM5
SIM1
SIM2
SIM3
SIM4
1
21
22
SIM5
SIM1
SIM2
SIM3
SIM4
1
21
22
SIM5
SIM1
SIM2
SIM3
SIM4
1
21
22
SIM5
SIM1
SIM2
SIM3
SIM4
1
21
22
SIM5
SIM1
SIM2
SIM3
SIM4
1
21
22
SIM5
SIM1
SIM2
SIM3
SIM4
1
21
22
SIM5
SIM1
SIM2
SIM3
SIM4
1
21
22
SIM5
SIM1
SIM2
SIM3
SIM4
1
21
22
SIM5
SIM1
SIM2
SIM3
SIM4
1
21
22
SIM5
SIM1
SIM2
SIM3
SIM4
1
21
22
SIM5
SIM1
SIM2
SIM3
SIM4
1
21
22
SIM5
SIM1
SIM2
SIM3
SIM4
1
21
22
SIM5
SIM1
SIM2
SIM3
SIM4
1
21
22
SIM5
SIM1
SIM2
SIM3
SIM4
1
21
22
SIM5
SIM1
SIM2
SIM3
SIM4
1
21
22
SIM5
SIM1
SIM2
SIM3
SIM4
1
21
22
SIM5
SIM1
SIM2
SIM3
SIM4
1
21
22
SIM5
SIM1
SIM2
SIM3
SIM4
1
21
22
SIM5
SIM1
SIM2
SIM3
SIM4
1
21
22
SIM5
SIM1
SIM2
SIM3
SIM4
1
21
22
SIM5
SIM1
SIM2
SIM3
SIM4
1
21
22
SIM5
SIM1
SIM2
SIM3
SIM4
1
21
22
SIM5
SIM1
SIM2
SIM3
SIM4
1
21
22
SIM5
SIM1
SIM2
DEBUG 1 560
SIM1
SIM2
SIM3
SIM4
1
21
22
SIM5
SIM1
SIM2
SIM3
SIM4
1
21
22
SIM5
SIM1
SIM2
SIM3
SIM4
1
21
22
SIM5
SIM1
SIM2
SIM3
SIM4
1
21
22
SIM5
SIM1
SIM2
SIM3
SIM4
1
21
22
SIM5
SIM1
SIM2
SIM3
SIM4
1
21
22
SIM5
SIM1
SIM2
SIM3
SIM4
1
21
22
SIM5
SIM1
SIM2
SIM3
SIM4
1
21
22
SIM5
SIM1
SIM2
SIM3
SIM4
1
21
22
SIM5
SIM1
SIM2
SIM3
SIM4
1
21
22
SIM5
SIM1
SIM2
SIM3
SIM4
1
21
22
SIM5
SIM1
SIM2
SIM3
SIM4
1
21
22
SIM5
SIM1
SIM2
SIM3
SIM4
1
21
22
SIM5
SIM1
SIM2
SIM3
SIM4
1
21
22
SIM5
SIM1
SIM2
SIM3
SIM4
1
21
22
SIM5
SIM1
SIM2
SIM3
SIM4
1
21
22
SIM5
SIM1
SIM2
SIM3
SIM4
1
21
22
SIM5
SIM1
SIM2
SIM3
SIM4
1
21
22
SIM5
SIM1
SIM2
SIM3
SIM4
1
21
22
SIM5
SIM1
SIM2
SIM3
SIM4
1
21
22
SIM5
SIM1
SIM2
SIM3
SIM4
1
21
22
SIM5
SIM1
SIM2
SIM3
SIM4
1
21
22
SIM5
SIM1
SIM2
SIM3
SIM4
1
21
22
SIM5
SIM1
SIM2
SIM3
SIM4
1
21
22
SIM5
SIM1
SIM2
SIM3
SIM4
1
21
22
SIM5
SIM1
SIM2
SIM3
SIM4
1
21
22
SIM5
SIM1
SIM2
SIM3
SIM4
1
21
22
SIM5
SIM1
SIM2
SIM3
SIM4
1
21
22
SIM5
SIM1
SIM2
SIM3
SIM4
1
21
22
SIM5
SIM1
SIM2
SIM3
SIM4
1
21
22
SIM5
SIM1
SIM2
SIM3
SIM4
1
21
22
SIM5
SIM1
SIM2
SIM3
SIM4
1
21
22
SIM5
SIM1
SIM2
SIM3
SIM4
1
21
22
SIM5
SIM1
SIM2
SIM3
SIM4
1
21
22
SIM5
SIM1
SIM2
SIM3
SIM4
1
21
22
SIM5
SIM1
SIM2
SIM3
SIM4
1
21
22
SIM5
SIM1
SIM2
SIM3
SIM4
1
21
22
SIM5
SIM1
SIM2
SIM3
SIM4
1
21
22
SIM5
SIM1
SIM2
SIM3
SIM4
1
21
22
SIM5
SIM1
SIM2
SIM3
SIM4
1
21
22
SIM5
SIM1
SIM2
SIM3
SIM4
1
21
22
SIM5
SIM1
SIM2
SIM3
SIM4
1
21
22
SIM5
SIM1
SIM2
SIM3
SIM4
1
21
22
SIM5
SIM1
SIM2
SIM3
SIM4
1
21
22
SIM5
SIM1
SIM2
SIM3
SIM4
1
21
22
SIM5
SIM1
SIM2
SIM3
SIM4
1
21
22
SIM5
SIM1
SIM2
SIM3
SIM4
1
21
22
SIM5
SIM1
SIM2
SIM3
SIM4
1
21
22
SIM5
SIM1
SIM2
SIM3
SIM4
1
21
22
SIM5
SIM1
SIM2
SIM3
SIM4
1
21
22
SIM5
SIM1
SIM2
SIM3
SIM4
1
21
22
SIM5
SIM1
SIM2
SIM3
SIM4
1
21
22
SIM5
SIM1
SIM2
SIM3
SIM4
1
21
22
SIM5
SIM1
SIM2
SIM3
SIM4
1
21
22
SIM5
SIM1
SIM2
SIM3
SIM4
1
21
22
SIM5
SIM1
SIM2
SIM3
SIM4
1
21
22
SIM5
SIM1
SIM2
SIM3
SIM4
1
21
22
SIM5
SIM1
SIM2
SIM3
SIM4
1
21
22
SIM5
SIM1
SIM2
SIM3
SIM4
1
21
22
SIM5
SIM1
SIM2
SIM3
SIM4
1
21
22
SIM5
SIM1
SIM2
SIM3
SIM4
1
21
22
SIM5
SIM1
SIM2
SIM3
SIM4
1
21
22
SIM5
SIM1
SIM2
SIM3
SIM4
1
21
22
SIM5
SIM1
SIM2
SIM3
SIM4
1
21
22
SIM5
SIM1
SIM2
SIM3
SIM4
1
21
22
SIM5
SIM1
SIM2
SIM3
SIM4
1
21
22
SIM5
SIM1
SIM2
SIM3
SIM4
1
21
22
SIM5
SIM1
SIM2
SIM3
SIM4
1
21
22
SIM5
SIM1
SIM2
SIM3
SIM4
1
21
22
SIM5
SIM1
SIM2
SIM3
SIM4
1
21
22
SIM5
SIM1
SIM2
SIM3
SIM4
1
21
22
SIM5
SIM1
SIM2
SIM3
SIM4
1
21
22
SIM5
SIM1
SIM2
SIM3
SIM4
1
21
22
SIM5
SIM1
SIM2
SIM3
SIM4
1
21
22
SIM5
SIM1
SIM2
SIM3
SIM4
1
21
22
SIM5
SIM1
SIM2
SIM3
SIM4
1
21
22
SIM5
SIM1
SIM2
SIM3
SIM4
1
21
22
SIM5
SIM1
SIM2
SIM3
SIM4
1
21
22
SIM5
SIM1
SIM2
SIM3
SIM4
1
21
22
SIM5
SIM1
SIM2
SIM3
SIM4
1
21
22
SIM5
SIM1
SIM2
SIM3
SIM4
1
21
22
SIM5
SIM1
SIM2
SIM3
SIM4
1
21
22
SIM5
SIM1
SIM2
SIM3
SIM4
1
21
22
SIM5
SIM1
SIM2
SIM3
SIM4
1
21
22
SIM5
SIM1
SIM2
SIM3
SIM4
1
21
22
SIM5
SIM1
SIM2
SIM3
SIM4
1
21
22
SIM5
SIM1
SIM2
SIM3
SIM4
1
21
22
SIM5
SIM1
SIM2
SIM3
SIM4
1
21
22
SIM5
SIM1
SIM2
SIM3
SIM4
1
21
22
SIM5
SIM1
SIM2
SIM3
SIM4
1
21
22
SIM5
SIM1
SIM2
SIM3
SIM4
1
21
22
SIM5
SIM1
SIM2
SIM3
SIM4
1
21
22
SIM5
SIM1
SIM2
SIM3
SIM4
1
21
22
SIM5
SIM1
SIM2
SIM3
SIM4
1
21
22
SIM5
SIM1
SIM2
SIM3
SIM4
1
21
22
SIM5
SIM1
SIM2
SIM3
SIM4
1
21
22
SIM5
SIM1
SIM2
SIM3
SIM4
1
21
22
SIM5
SIM1
SIM2
SIM3
SIM4
1
21
22
SIM5
SIM1
SIM2
SIM3
SIM4
1
21
22
SIM5
SIM1
SIM2
SIM3
SIM4
1
21
22
SIM5
SIM1
SIM2
SIM3
SIM4
1
21
22
SIM5
SIM1
SIM2
SIM3
SIM4
1
21
22
SIM5
SIM1
SIM2
SIM3
SIM4
1
21
22
SIM5
SIM1
SIM2
SIM3
SIM4
1
21
22
SIM5
SIM1
SIM2
SIM3
SIM4
1
21
22
SIM5
SIM1
SIM2
SIM3
SIM4
1
21
22
SIM5
SIM1
SIM2
SIM3
SIM4
1
21
22
SIM5
SIM1
SIM2
SIM3
SIM4
1
21
22
SIM5
SIM1
SIM2
SIM3
SIM4
1
21
22
SIM5
SIM1
SIM2
SIM3
SIM4
1
21
22
SIM5
SIM1
SIM2
SIM3
SIM4
1
21
22
SIM5
SIM1
SIM2
SIM3
SIM4
1
21
22
SIM5
SIM1
SIM2
SIM3
SIM4
1
21
22
SIM5
SIM1
SIM2
SIM3
SIM4
1
21
22
SIM5
SIM1
SIM2
SIM3
SIM4
1
21
22
SIM5
SIM1
SIM2
SIM3
SIM4
1
21
22
SIM5
SIM1
SIM2
SIM3
SIM4
1
21
22
SIM5
SIM1
SIM2
SIM3
SIM4
1
21
22
SIM5
SIM1
SIM2
SIM3
SIM4
1
21
22
SIM5
SIM1
SIM2
SIM3
SIM4
1
21
22
SIM5
SIM1
SIM2
SIM3
SIM4
1
21
22
SIM5
SIM1
SIM2
SIM3
SIM4
1
21
22
SIM5
SIM1
SIM2
SIM3
SIM4
1
21
22
SIM5
SIM1
SIM2
SIM3
SIM4
1
21
22
SIM5
SIM1
SIM2
SIM3
SIM4
1
21
22
SIM5
SIM1
SIM2
SIM3
SIM4
1
21
22
SIM5
SIM1
SIM2
SIM3
SIM4
1
21
22
SIM5
SIM1
SIM2
SIM3
SIM4
1
21
22
SIM5
SIM1
SIM2
SIM3
SIM4
1
21
22
SIM5
SIM1
SIM2
SIM3
SIM4
1
21
22
SIM5
SIM1
SIM2
SIM3
SIM4
1
21
22
SIM5
SIM1
SIM2
SIM3
SIM4
1
21
22
SIM5
SIM1
SIM2
SIM3
SIM4
1
21
22
SIM5
SIM1
SIM2
SIM3
SIM4
1
21
22
SIM5
SIM1
SIM2
SIM3
SIM4
1
21
22
SIM5
SIM1
SIM2
SIM3
SIM4
1
21
22
SIM5
SIM1
SIM2
SIM3
SIM4
1
21
22
SIM5
SIM1
SIM2
SIM3
SIM4
1
21
22
SIM5
SIM1
SIM2
SIM3
SIM4
1
21
22
SIM5
SIM1
SIM2
SIM3
SIM4
1
21
22
SIM5
SIM1
SIM2
SIM3
SIM4
1
21
22
SIM5
SIM1
SIM2
SIM3
SIM4
1
21
22
SIM5
SIM1
SIM2
SIM3
SIM4
1
21
22
SIM5
SIM1
SIM2
SIM3
SIM4
1
21
22
SIM5
SIM1
SIM2
SIM3
SIM4
1
21
22
SIM5
SIM1
SIM2
SIM3
SIM4
1
21
22
SIM5
SIM1
SIM2
SIM3
SIM4
1
21
22
SIM5
SIM1
SIM2
SIM3
SIM4
1
21
22
SIM5
SIM1
SIM2
SIM3
SIM4
1
21
22
SIM5
SIM1
SIM2
SIM3
SIM4
1
21
22
SIM5
SIM1
SIM2
SIM3
SIM4
1
21
22
SIM5
SIM1
SIM2
SIM3
SIM4
1
21
22
SIM5
SIM1
SIM2
SIM3
SIM4
1
21
22
SIM5
SIM1
SIM2
SIM3
SIM4
1
21
22
SIM5
SIM1
SIM2
SIM3
SIM4
1
21
22
SIM5
SIM1
SIM2
SIM3
SIM4
1
21
22
SIM5
SIM1
SIM2
SIM3
SIM4
1
21
22
SIM5
SIM1
SIM2
SIM3
SIM4
1
21
22
SIM5
SIM1
SIM2
SIM3
SIM4
1
21
22
SIM5
SIM1
SIM2
SIM3
SIM4
1
21
22
SIM5
SIM1
SIM2
SIM3
SIM4
1
21
22
SIM5
SIM1
SIM2
SIM3
SIM4
1
21
22
SIM5
SIM1
SIM2
SIM3
SIM4
1
21
22
SIM5
SIM1
SIM2
SIM3
SIM4
1
21
22
SIM5
SIM1
SIM2
SIM3
SIM4
1
21
22
SIM5
SIM1
SIM2
SIM3
SIM4
1
21
22
SIM5
SIM1
SIM2
SIM3
SIM4
1
21
22
SIM5
SIM1
SIM2
SIM3
SIM4
1
21
22
SIM5
SIM1
SIM2
SIM3
SIM4
1
21
22
SIM5
SIM1
SIM2
SIM3
SIM4
1
21
22
SIM5
SIM1
SIM2
SIM3
SIM4
1
21
22
SIM5
SIM1
SIM2
DEBUG 1 561
SIM1
SIM2
SIM3
SIM4
1
21
22
SIM5
SIM1
SIM2
SIM3
SIM4
1
21
22
SIM5
SIM1
SIM2
SIM3
SIM4
1
21
22
SIM5
SIM1
SIM2
SIM3
SIM4
1
21
22
SIM5
SIM1
SIM2
SIM3
SIM4
1
21
22
SIM5
SIM1
SIM2
SIM3
SIM4
1
21
22
SIM5
SIM1
SIM2
SIM3
SIM4
1
21
22
SIM5
SIM1
SIM2
SIM3
SIM4
1
21
22
SIM5
SIM1
SIM2
SIM3
SIM4
1
21
22
SIM5
SIM1
SIM2
SIM3
SIM4
1
21
22
SIM5
SIM1
SIM2
SIM3
SIM4
1
21
22
SIM5
SIM1
SIM2
SIM3
SIM4
1
21
22
SIM5
SIM1
SIM2
SIM3
SIM4
1
21
22
SIM5
SIM1
SIM2
SIM3
SIM4
1
21
22
SIM5
SIM1
SIM2
SIM3
SIM4
1
21
22
SIM5
SIM1
SIM2
SIM3
SIM4
1
21
22
SIM5
SIM1
SIM2
SIM3
SIM4
1
21
22
SIM5
SIM1
SIM2
SIM3
SIM4
1
21
22
SIM5
SIM1
SIM2
SIM3
SIM4
1
21
22
SIM5
SIM1
SIM2
SIM3
SIM4
1
21
22
SIM5
SIM1
SIM2
SIM3
SIM4
1
21
22
SIM5
SIM1
SIM2
SIM3
SIM4
1
21
22
SIM5
SIM1
SIM2
SIM3
SIM4
1
21
22
SIM5
SIM1
SIM2
SIM3
SIM4
1
21
22
SIM5
SIM1
SIM2
SIM3
SIM4
1
21
22
SIM5
SIM1
SIM2
SIM3
SIM4
1
21
22
SIM5
SIM1
SIM2
SIM3
SIM4
1
21
22
SIM5
SIM1
SIM2
SIM3
SIM4
1
21
22
SIM5
SIM1
SIM2
SIM3
SIM4
1
21
22
SIM5
SIM1
SIM2
SIM3
SIM4
1
21
22
SIM5
SIM1
SIM2
SIM3
SIM4
1
21
22
SIM5
SIM1
SIM2
SIM3
SIM4
1
21
22
SIM5
SIM1
SIM2
SIM3
SIM4
1
21
22
SIM5
SIM1
SIM2
SIM3
SIM4
1
21
22
SIM5
SIM1
SIM2
SIM3
SIM4
1
21
22
SIM5
SIM1
SIM2
SIM3
SIM4
1
21
22
SIM5
SIM1
SIM2
SIM3
SIM4
1
21
22
SIM5
SIM1
SIM2
SIM3
SIM4
1
21
22
SIM5
SIM1
SIM2
SIM3
SIM4
1
21
22
SIM5
SIM1
SIM2
SIM3
SIM4
1
21
22
SIM5
SIM1
SIM2
SIM3
SIM4
1
21
22
SIM5
SIM1
SIM2
SIM3
SIM4
1
21
22
SIM5
SIM1
SIM2
SIM3
SIM4
1
21
22
SIM5
SIM1
SIM2
SIM3
SIM4
1
21
22
SIM5
SIM1
SIM2
SIM3
SIM4
1
21
22
SIM5
SIM1
SIM2
SIM3
SIM4
1
21
22
SIM5
SIM1
SIM2
SIM3
SIM4
1
21
22
SIM5
SIM1
SIM2
SIM3
SIM4
1
21
22
SIM5
SIM1
SIM2
SIM3
SIM4
1
21
22
SIM5
SIM1
SIM2
SIM3
SIM4
1
21
22
SIM5
SIM1
SIM2
SIM3
SIM4
1
21
22
SIM5
SIM1
SIM2
SIM3
SIM4
1
21
22
SIM5
SIM1
SIM2
SIM3
SIM4
1
21
22
SIM5
SIM1
SIM2
SIM3
SIM4
1
21
22
SIM5
SIM1
SIM2
SIM3
SIM4
1
21
22
SIM5
SIM1
SIM2
SIM3
SIM4
1
21
22
SIM5
SIM1
SIM2
SIM3
SIM4
1
21
22
SIM5
SIM1
SIM2
SIM3
SIM4
1
21
22
SIM5
SIM1
SIM2
SIM3
SIM4
1
21
22
SIM5
SIM1
SIM2
SIM3
SIM4
1
21
22
SIM5
SIM1
SIM2
SIM3
SIM4
1
21
22
SIM5
SIM1
SIM2
SIM3
SIM4
1
21
22
SIM5
SIM1
SIM2
SIM3
SIM4
1
21
22
SIM5
SIM1
SIM2
SIM3
SIM4
1
21
22
SIM5
SIM1
SIM2
SIM3
SIM4
1
21
22
SIM5
SIM1
SIM2
SIM3
SIM4
1
21
22
SIM5
SIM1
SIM2
SIM3
SIM4
1
21
22
SIM5
SIM1
SIM2
SIM3
SIM4
1
21
22
SIM5
SIM1
SIM2
SIM3
SIM4
1
21
22
SIM5
SIM1
SIM2
SIM3
SIM4
1
21
22
SIM5
SIM1
SIM2
SIM3
SIM4
1
21
22
SIM5
SIM1
SIM2
SIM3
SIM4
1
21
22
SIM5
SIM1
SIM2
SIM3
SIM4
1
21
22
SIM5
SIM1
SIM2
SIM3
SIM4
1
21
22
SIM5
SIM1
SIM2
SIM3
SIM4
1
21
22
SIM5
SIM1
SIM2
SIM3
SIM4
1
21
22
SIM5
SIM1
SIM2
SIM3
SIM4
1
21
22
SIM5
SIM1
SIM2
SIM3
SIM4
1
21
22
SIM5
SIM1
SIM2
SIM3
SIM4
1
21
22
SIM5
SIM1
SIM2
SIM3
SIM4
1
21
22
SIM5
SIM1
SIM2
SIM3
SIM4
1
21
22
SIM5
SIM1
SIM2
SIM3
SIM4
1
21
22
SIM5
SIM1
SIM2
SIM3
SIM4
1
21
22
SIM5
SIM1
SIM2
SIM3
SIM4
1
21
22
SIM5
SIM1
SIM2
SIM3
SIM4
1
21
22
SIM5
SIM1
SIM2
SIM3
SIM4
1
21
22
SIM5
SIM1
SIM2
SIM3
SIM4
1
21
22
SIM5
SIM1
SIM2
SIM3
SIM4
1
21
22
SIM5
SIM1
SIM2
SIM3
SIM4
1
21
22
SIM5
SIM1
SIM2
SIM3
SIM4
1
21
22
SIM5
SIM1
SIM2
SIM3
SIM4
1
21
22
SIM5
SIM1
SIM2
SIM3
SIM4
1
21
22
SIM5
SIM1
SIM2
SIM3
SIM4
1
21
22
SIM5
SIM1
SIM2
SIM3
SIM4
1
21
22
SIM5
SIM1
SIM2
SIM3
SIM4
1
21
22
SIM5
SIM1
SIM2
SIM3
SIM4
1
21
22
SIM5
SIM1
SIM2
SIM3
SIM4
1
21
22
SIM5
SIM1
SIM2
SIM3
SIM4
1
21
22
SIM5
SIM1
SIM2
SIM3
SIM4
1
21
22
SIM5
SIM1
SIM2
SIM3
SIM4
1
21
22
SIM5
SIM1
SIM2
SIM3
SIM4
1
21
22
SIM5
SIM1
SIM2
SIM3
SIM4
1
21
22
SIM5
SIM1
SIM2
SIM3
SIM4
1
21
22
SIM5
SIM1
SIM2
SIM3
SIM4
1
21
22
SIM5
SIM1
SIM2
SIM3
SIM4
1
21
22
SIM5
SIM1
SIM2
SIM3
SIM4
1
21
22
SIM5
SIM1
SIM2
SIM3
SIM4
1
21
22
SIM5
SIM1
SIM2
SIM3
SIM4
1
21
22
SIM5
SIM1
SIM2
SIM3
SIM4
1
21
22
SIM5
SIM1
SIM2
SIM3
SIM4
1
21
22
SIM5
SIM1
SIM2
SIM3
SIM4
1
21
22
SIM5
SIM1
SIM2
SIM3
SIM4
1
21
22
SIM5
SIM1
SIM2
SIM3
SIM4
1
21
22
SIM5
SIM1
SIM2
SIM3
SIM4
1
21
22
SIM5
SIM1
SIM2
SIM3
SIM4
1
21
22
SIM5
SIM1
SIM2
SIM3
SIM4
1
21
22
SIM5
SIM1
SIM2
SIM3
SIM4
1
21
22
SIM5
SIM1
SIM2
SIM3
SIM4
1
21
22
SIM5
SIM1
SIM2
SIM3
SIM4
1
21
22
SIM5
SIM1
SIM2
SIM3
SIM4
1
21
22
SIM5
SIM1
SIM2
SIM3
SIM4
1
21
22
SIM5
SIM1
SIM2
SIM3
SIM4
1
21
22
SIM5
SIM1
SIM2
SIM3
SIM4
1
21
22
SIM5
SIM1
SIM2
SIM3
SIM4
1
21
22
SIM5
SIM1
SIM2
SIM3
SIM4
1
21
22
SIM5
SIM1
SIM2
SIM3
SIM4
1
21
22
SIM5
SIM1
SIM2
SIM3
SIM4
1
21
22
SIM5
SIM1
SIM2
SIM3
SIM4
1
21
22
SIM5
SIM1
SIM2
SIM3
SIM4
1
21
22
SIM5
SIM1
SIM2
SIM3
SIM4
1
21
22
SIM5
SIM1
SIM2
SIM3
SIM4
1
21
22
SIM5
SIM1
SIM2
SIM3
SIM4
1
21
22
SIM5
SIM1
SIM2
SIM3
SIM4
1
21
22
SIM5
SIM1
SIM2
SIM3
SIM4
1
21
22
SIM5
SIM1
SIM2
SIM3
SIM4
1
21
22
SIM5
SIM1
SIM2
SIM3
SIM4
1
21
22
SIM5
SIM1
SIM2
SIM3
SIM4
1
21
22
SIM5
SIM1
SIM2
SIM3
SIM4
1
21
22
SIM5
SIM1
SIM2
SIM3
SIM4
1
21
22
SIM5
SIM1
SIM2
SIM3
SIM4
1
21
22
SIM5
SIM1
SIM2
SIM3
SIM4
1
21
22
SIM5
SIM1
SIM2
SIM3
SIM4
1
21
22
SIM5
SIM1
SIM2
SIM3
SIM4
1
21
22
SIM5
SIM1
SIM2
SIM3
SIM4
1
21
22
SIM5
SIM1
SIM2
SIM3
SIM4
1
21
22
SIM5
SIM1
SIM2
SIM3
SIM4
1
21
22
SIM5
SIM1
SIM2
SIM3
SIM4
1
21
22
SIM5
SIM1
SIM2
SIM3
SIM4
1
21
22
SIM5
SIM1
SIM2
SIM3
SIM4
1
21
22
SIM5
SIM1
SIM2
SIM3
SIM4
1
21
22
SIM5
SIM1
SIM2
SIM3
SIM4
1
21
22
SIM5
SIM1
SIM2
SIM3
SIM4
1
21
22
SIM5
SIM1
SIM2
SIM3
SIM4
1
21
22
SIM5
SIM1
SIM2
SIM3
SIM4
1
21
22
SIM5
SIM1
SIM2
SIM3
SIM4
1
21
22
SIM5
SIM1
SIM2
SIM3
SIM4
1
21
22
SIM5
SIM1
SIM2
SIM3
SIM4
1
21
22
SIM5
SIM1
SIM2
SIM3
SIM4
1
21
22
SIM5
SIM1
SIM2
SIM3
SIM4
1
21
22
SIM5
SIM1
SIM2
SIM3
SIM4
1
21
22
SIM5
SIM1
SIM2
SIM3
SIM4
1
21
22
SIM5
SIM1
SIM2
SIM3
SIM4
1
21
22
SIM5
SIM1
SIM2
SIM3
SIM4
1
21
22
SIM5
SIM1
SIM2
SIM3
SIM4
1
21
22
SIM5
SIM1
SIM2
SIM3
SIM4
1
21
22
SIM5
SIM1
SIM2
SIM3
SIM4
1
21
22
SIM5
SIM1
SIM2
SIM3
SIM4
1
21
22
SIM5
SIM1
SIM2
SIM3
SIM4
1
21
22
SIM5
SIM1
SIM2
SIM3
SIM4
1
21
22
SIM5
SIM1
SIM2
SIM3
SIM4
1
21
22
SIM5
SIM1
SIM2
SIM3
SIM4
1
21
22
SIM5
SIM1
SIM2
SIM3
SIM4
1
21
22
SIM5
SIM1
SIM2
SIM3
SIM4
1
21
22
SIM5
SIM1
SIM2
SIM3
SIM4
1
21
22
SIM5
SIM1
SIM2
SIM3
SIM4
1
21
22
SIM5
SIM1
SIM2
SIM3
SIM4
1
21
22
SIM5
SIM1
SIM2
SIM3
SIM4
1
21
22
SIM5
SIM1
SIM2
SIM3
SIM4
1
21
22
SIM5
SIM1
SIM2
SIM3
SIM4
1
21
22
SIM5
SIM1
SIM2
SIM3
SIM4
1
21
22
SIM5
SIM1
SIM2
SIM3
SIM4
1
21
22
SIM5
SIM1
SIM2
SIM3
SIM4
1
21
22
SIM5
SIM1
SIM2
SIM3
SIM4
1
21
22
SIM5
SIM1
SIM2
SIM3
SIM4
1
21
22
SIM5
SIM1
SIM2
SIM3
SIM4
1
21
22
SIM5
SIM1
SIM2
SIM3
SIM4
1
21
22
SIM5
SIM1
SIM2
SIM3
SIM4
1
21
22
SIM5
SIM1
SIM2
SIM3
SIM4
1
21
22
SIM5
SIM1
SIM2
SIM3
SIM4
1
21
22
SIM5
SIM1
SIM2
SIM3
SIM4
1
21
22
SIM5
SIM1
SIM2
SIM3
SIM4
1
21
22
SIM5
SIM1
SIM2
SIM3
SIM4
1
21
22
SIM5
SIM1
SIM2
SIM3
SIM4
1
21
22
SIM5
SIM1
SIM2
SIM3
SIM4
1
21
22
SIM5
SIM1
SIM2
SIM3
SIM4
1
21
22
SIM5
SIM1
SIM2
SIM3
SIM4
1
21
22
SIM5
SIM1
SIM2
SIM3
SIM4
1
21
22
SIM5
SIM1
SIM2
SIM3
SIM4
1
21
22
SIM5
SIM1
SIM2
SIM3
SIM4
1
21
22
SIM5
SIM1
SIM2
SIM3
SIM4
1
21
22
SIM5
SIM1
SIM2
DEBUG 1 562
SIM1
SIM2
SIM3
SIM4
1
21
22
SIM5
SIM1
SIM2
SIM3
SIM4
1
21
22
SIM5
SIM1
SIM2
SIM3
SIM4
1
21
22
SIM5
SIM1
SIM2
SIM3
SIM4
1
21
22
SIM5
SIM1
SIM2
SIM3
SIM4
1
21
22
SIM5
SIM1
SIM2
SIM3
SIM4
1
21
22
SIM5
SIM1
SIM2
SIM3
SIM4
1
21
22
SIM5
SIM1
SIM2
SIM3
SIM4
1
21
22
SIM5
SIM1
SIM2
SIM3
SIM4
1
21
22
SIM5
SIM1
SIM2
SIM3
SIM4
1
21
22
SIM5
SIM1
SIM2
SIM3
SIM4
1
21
22
SIM5
SIM1
SIM2
SIM3
SIM4
1
21
22
SIM5
SIM1
SIM2
SIM3
SIM4
1
21
22
SIM5
SIM1
SIM2
SIM3
SIM4
1
21
22
SIM5
SIM1
SIM2
SIM3
SIM4
1
21
22
SIM5
SIM1
SIM2
SIM3
SIM4
1
21
22
SIM5
SIM1
SIM2
SIM3
SIM4
1
21
22
SIM5
SIM1
SIM2
SIM3
SIM4
1
21
22
SIM5
SIM1
SIM2
SIM3
SIM4
1
21
22
SIM5
SIM1
SIM2
SIM3
SIM4
1
21
22
SIM5
SIM1
SIM2
SIM3
SIM4
1
21
22
SIM5
SIM1
SIM2
SIM3
SIM4
1
21
22
SIM5
SIM1
SIM2
SIM3
SIM4
1
21
22
SIM5
SIM1
SIM2
SIM3
SIM4
1
21
22
SIM5
SIM1
SIM2
SIM3
SIM4
1
21
22
SIM5
SIM1
SIM2
SIM3
SIM4
1
21
22
SIM5
SIM1
SIM2
SIM3
SIM4
1
21
22
SIM5
SIM1
SIM2
SIM3
SIM4
1
21
22
SIM5
SIM1
SIM2
SIM3
SIM4
1
21
22
SIM5
SIM1
SIM2
SIM3
SIM4
1
21
22
SIM5
SIM1
SIM2
SIM3
SIM4
1
21
22
SIM5
SIM1
SIM2
SIM3
SIM4
1
21
22
SIM5
SIM1
SIM2
SIM3
SIM4
1
21
22
SIM5
SIM1
SIM2
SIM3
SIM4
1
21
22
SIM5
SIM1
SIM2
SIM3
SIM4
1
21
22
SIM5
SIM1
SIM2
SIM3
SIM4
1
21
22
SIM5
SIM1
SIM2
SIM3
SIM4
1
21
22
SIM5
SIM1
SIM2
SIM3
SIM4
1
21
22
SIM5
SIM1
SIM2
SIM3
SIM4
1
21
22
SIM5
SIM1
SIM2
SIM3
SIM4
1
21
22
SIM5
SIM1
SIM2
SIM3
SIM4
1
21
22
SIM5
SIM1
SIM2
SIM3
SIM4
1
21
22
SIM5
SIM1
SIM2
SIM3
SIM4
1
21
22
SIM5
SIM1
SIM2
SIM3
SIM4
1
21
22
SIM5
SIM1
SIM2
SIM3
SIM4
1
21
22
SIM5
SIM1
SIM2
SIM3
SIM4
1
21
22
SIM5
SIM1
SIM2
SIM3
SIM4
1
21
22
SIM5
SIM1
SIM2
SIM3
SIM4
1
21
22
SIM5
SIM1
SIM2
SIM3
SIM4
1
21
22
SIM5
SIM1
SIM2
SIM3
SIM4
1
21
22
SIM5
SIM1
SIM2
SIM3
SIM4
1
21
22
SIM5
SIM1
SIM2
SIM3
SIM4
1
21
22
SIM5
SIM1
SIM2
SIM3
SIM4
1
21
22
SIM5
SIM1
SIM2
SIM3
SIM4
1
21
22
SIM5
SIM1
SIM2
SIM3
SIM4
1
21
22
SIM5
SIM1
SIM2
SIM3
SIM4
1
21
22
SIM5
SIM1
SIM2
SIM3
SIM4
1
21
22
SIM5
SIM1
SIM2
SIM3
SIM4
1
21
22
SIM5
SIM1
SIM2
SIM3
SIM4
1
21
22
SIM5
SIM1
SIM2
SIM3
SIM4
1
21
22
SIM5
SIM1
SIM2
SIM3
SIM4
1
21
22
SIM5
SIM1
SIM2
SIM3
SIM4
1
21
22
SIM5
SIM1
SIM2
SIM3
SIM4
1
21
22
SIM5
SIM1
SIM2
SIM3
SIM4
1
21
22
SIM5
SIM1
SIM2
SIM3
SIM4
1
21
22
SIM5
SIM1
SIM2
SIM3
SIM4
1
21
22
SIM5
SIM1
SIM2
SIM3
SIM4
1
21
22
SIM5
SIM1
SIM2
SIM3
SIM4
1
21
22
SIM5
SIM1
SIM2
SIM3
SIM4
1
21
22
SIM5
SIM1
SIM2
SIM3
SIM4
1
21
22
SIM5
SIM1
SIM2
SIM3
SIM4
1
21
22
SIM5
SIM1
SIM2
SIM3
SIM4
1
21
22
SIM5
SIM1
SIM2
SIM3
SIM4
1
21
22
SIM5
SIM1
SIM2
SIM3
SIM4
1
21
22
SIM5
SIM1
SIM2
SIM3
SIM4
1
21
22
SIM5
SIM1
SIM2
SIM3
SIM4
1
21
22
SIM5
SIM1
SIM2
SIM3
SIM4
1
21
22
SIM5
SIM1
SIM2
SIM3
SIM4
1
21
22
SIM5
SIM1
SIM2
SIM3
SIM4
1
21
22
SIM5
SIM1
SIM2
SIM3
SIM4
1
21
22
SIM5
SIM1
SIM2
SIM3
SIM4
1
21
22
SIM5
SIM1
SIM2
SIM3
SIM4
1
21
22
SIM5
SIM1
SIM2
SIM3
SIM4
1
21
22
SIM5
SIM1
SIM2
SIM3
SIM4
1
21
22
SIM5
SIM1
SIM2
SIM3
SIM4
1
21
22
SIM5
SIM1
SIM2
SIM3
SIM4
1
21
22
SIM5
SIM1
SIM2
SIM3
SIM4
1
21
22
SIM5
SIM1
SIM2
SIM3
SIM4
1
21
22
SIM5
SIM1
SIM2
SIM3
SIM4
1
21
22
SIM5
SIM1
SIM2
SIM3
SIM4
1
21
22
SIM5
SIM1
SIM2
SIM3
SIM4
1
21
22
SIM5
SIM1
SIM2
SIM3
SIM4
1
21
22
SIM5
SIM1
SIM2
SIM3
SIM4
1
21
22
SIM5
SIM1
SIM2
SIM3
SIM4
1
21
22
SIM5
SIM1
SIM2
SIM3
SIM4
1
21
22
SIM5
SIM1
SIM2
SIM3
SIM4
1
21
22
SIM5
SIM1
SIM2
SIM3
SIM4
1
21
22
SIM5
SIM1
SIM2
SIM3
SIM4
1
21
22
SIM5
SIM1
SIM2
SIM3
SIM4
1
21
22
SIM5
SIM1
SIM2
SIM3
SIM4
1
21
22
SIM5
SIM1
SIM2
SIM3
SIM4
1
21
22
SIM5
SIM1
SIM2
SIM3
SIM4
1
21
22
SIM5
SIM1
SIM2
SIM3
SIM4
1
21
22
SIM5
SIM1
SIM2
SIM3
SIM4
1
21
22
SIM5
SIM1
SIM2
SIM3
SIM4
1
21
22
SIM5
SIM1
SIM2
SIM3
SIM4
1
21
22
SIM5
SIM1
SIM2
SIM3
SIM4
1
21
22
SIM5
SIM1
SIM2
SIM3
SIM4
1
21
22
SIM5
SIM1
SIM2
SIM3
SIM4
1
21
22
SIM5
SIM1
SIM2
SIM3
SIM4
1
21
22
SIM5
SIM1
SIM2
SIM3
SIM4
1
21
22
SIM5
SIM1
SIM2
SIM3
SIM4
1
21
22
SIM5
SIM1
SIM2
SIM3
SIM4
1
21
22
SIM5
SIM1
SIM2
SIM3
SIM4
1
21
22
SIM5
SIM1
SIM2
SIM3
SIM4
1
21
22
SIM5
SIM1
SIM2
SIM3
SIM4
1
21
22
SIM5
SIM1
SIM2
SIM3
SIM4
1
21
22
SIM5
SIM1
SIM2
SIM3
SIM4
1
21
22
SIM5
SIM1
SIM2
SIM3
SIM4
1
21
22
SIM5
SIM1
SIM2
SIM3
SIM4
1
21
22
SIM5
SIM1
SIM2
SIM3
SIM4
1
21
22
SIM5
SIM1
SIM2
SIM3
SIM4
1
21
22
SIM5
SIM1
SIM2
SIM3
SIM4
1
21
22
SIM5
SIM1
SIM2
SIM3
SIM4
1
21
22
SIM5
SIM1
SIM2
SIM3
SIM4
1
21
22
SIM5
SIM1
SIM2
SIM3
SIM4
1
21
22
SIM5
SIM1
SIM2
SIM3
SIM4
1
21
22
SIM5
SIM1
SIM2
SIM3
SIM4
1
21
22
SIM5
SIM1
SIM2
SIM3
SIM4
1
21
22
SIM5
SIM1
SIM2
SIM3
SIM4
1
21
22
SIM5
SIM1
SIM2
SIM3
SIM4
1
21
22
SIM5
SIM1
SIM2
SIM3
SIM4
1
21
22
SIM5
SIM1
SIM2
DEBUG 1 563
SIM1
SIM2
SIM3
SIM4
1
21
22
SIM5
SIM1
SIM2
SIM3
SIM4
1
21
22
SIM5
SIM1
SIM2
SIM3
SIM4
1
21
22
SIM5
SIM1
SIM2
SIM3
SIM4
1
21
22
SIM5
SIM1
SIM2
SIM3
SIM4
1
21
22
SIM5
SIM1
SIM2
SIM3
SIM4
1
21
22
SIM5
SIM1
SIM2
SIM3
SIM4
1
21
22
SIM5
SIM1
SIM2
SIM3
SIM4
1
21
22
SIM5
SIM1
SIM2
SIM3
SIM4
1
21
22
SIM5
SIM1
SIM2
SIM3
SIM4
1
21
22
SIM5
SIM1
SIM2
SIM3
SIM4
1
21
22
SIM5
SIM1
SIM2
SIM3
SIM4
1
21
22
SIM5
SIM1
SIM2
SIM3
SIM4
1
21
22
SIM5
SIM1
SIM2
SIM3
SIM4
1
21
22
SIM5
SIM1
SIM2
SIM3
SIM4
1
21
22
SIM5
SIM1
SIM2
SIM3
SIM4
1
21
22
SIM5
SIM1
SIM2
SIM3
SIM4
1
21
22
SIM5
SIM1
SIM2
SIM3
SIM4
1
21
22
SIM5
SIM1
SIM2
SIM3
SIM4
1
21
22
SIM5
SIM1
SIM2
SIM3
SIM4
1
21
22
SIM5
SIM1
SIM2
SIM3
SIM4
1
21
22
SIM5
SIM1
SIM2
SIM3
SIM4
1
21
22
SIM5
SIM1
SIM2
SIM3
SIM4
1
21
22
SIM5
SIM1
SIM2
SIM3
SIM4
1
21
22
SIM5
SIM1
SIM2
SIM3
SIM4
1
21
22
SIM5
SIM1
SIM2
SIM3
SIM4
1
21
22
SIM5
SIM1
SIM2
SIM3
SIM4
1
21
22
SIM5
SIM1
SIM2
SIM3
SIM4
1
21
22
SIM5
SIM1
SIM2
SIM3
SIM4
1
21
22
SIM5
SIM1
SIM2
SIM3
SIM4
1
21
22
SIM5
SIM1
SIM2
SIM3
SIM4
1
21
22
SIM5
SIM1
SIM2
SIM3
SIM4
1
21
22
SIM5
SIM1
SIM2
SIM3
SIM4
1
21
22
SIM5
SIM1
SIM2
SIM3
SIM4
1
21
22
SIM5
SIM1
SIM2
SIM3
SIM4
1
21
22
SIM5
SIM1
SIM2
SIM3
SIM4
1
21
22
SIM5
SIM1
SIM2
SIM3
SIM4
1
21
22
SIM5
SIM1
SIM2
SIM3
SIM4
1
21
22
SIM5
SIM1
SIM2
SIM3
SIM4
1
21
22
SIM5
SIM1
SIM2
SIM3
SIM4
1
21
22
SIM5
SIM1
SIM2
SIM3
SIM4
1
21
22
SIM5
SIM1
SIM2
SIM3
SIM4
1
21
22
SIM5
SIM1
SIM2
SIM3
SIM4
1
21
22
SIM5
SIM1
SIM2
SIM3
SIM4
1
21
22
SIM5
SIM1
SIM2
SIM3
SIM4
1
21
22
SIM5
SIM1
SIM2
SIM3
SIM4
1
21
22
SIM5
SIM1
SIM2
SIM3
SIM4
1
21
22
SIM5
SIM1
SIM2
SIM3
SIM4
1
21
22
SIM5
SIM1
SIM2
SIM3
SIM4
1
21
22
SIM5
SIM1
SIM2
SIM3
SIM4
1
21
22
SIM5
SIM1
SIM2
SIM3
SIM4
1
21
22
SIM5
SIM1
SIM2
SIM3
SIM4
1
21
22
SIM5
SIM1
SIM2
SIM3
SIM4
1
21
22
SIM5
SIM1
SIM2
SIM3
SIM4
1
21
22
SIM5
SIM1
SIM2
SIM3
SIM4
1
21
22
SIM5
SIM1
SIM2
SIM3
SIM4
1
21
22
SIM5
SIM1
SIM2
SIM3
SIM4
1
21
22
SIM5
SIM1
SIM2
SIM3
SIM4
1
21
22
SIM5
SIM1
SIM2
SIM3
SIM4
1
21
22
SIM5
SIM1
SIM2
SIM3
SIM4
1
21
22
SIM5
SIM1
SIM2
SIM3
SIM4
1
21
22
SIM5
SIM1
SIM2
SIM3
SIM4
1
21
22
SIM5
SIM1
SIM2
SIM3
SIM4
1
21
22
SIM5
SIM1
SIM2
SIM3
SIM4
1
21
22
SIM5
SIM1
SIM2
SIM3
SIM4
1
21
22
SIM5
SIM1
SIM2
SIM3
SIM4
1
21
22
SIM5
SIM1
SIM2
SIM3
SIM4
1
21
22
SIM5
SIM1
SIM2
SIM3
SIM4
1
21
22
SIM5
SIM1
SIM2
SIM3
SIM4
1
21
22
SIM5
SIM1
SIM2
SIM3
SIM4
1
21
22
SIM5
SIM1
SIM2
SIM3
SIM4
1
21
22
SIM5
SIM1
SIM2
SIM3
SIM4
1
21
22
SIM5
SIM1
SIM2
SIM3
SIM4
1
21
22
SIM5
SIM1
SIM2
SIM3
SIM4
1
21
22
SIM5
SIM1
SIM2
SIM3
SIM4
1
21
22
SIM5
SIM1
SIM2
SIM3
SIM4
1
21
22
SIM5
SIM1
SIM2
SIM3
SIM4
1
21
22
SIM5
SIM1
SIM2
SIM3
SIM4
1
21
22
SIM5
SIM1
SIM2
SIM3
SIM4
1
21
22
SIM5
SIM1
SIM2
SIM3
SIM4
1
21
22
SIM5
SIM1
SIM2
SIM3
SIM4
1
21
22
SIM5
SIM1
SIM2
SIM3
SIM4
1
21
22
SIM5
SIM1
SIM2
SIM3
SIM4
1
21
22
SIM5
SIM1
SIM2
SIM3
SIM4
1
21
22
SIM5
SIM1
SIM2
SIM3
SIM4
1
21
22
SIM5
SIM1
SIM2
SIM3
SIM4
1
21
22
SIM5
SIM1
SIM2
SIM3
SIM4
1
21
22
SIM5
SIM1
SIM2
SIM3
SIM4
1
21
22
SIM5
SIM1
SIM2
SIM3
SIM4
1
21
22
SIM5
SIM1
SIM2
SIM3
SIM4
1
21
22
SIM5
SIM1
SIM2
SIM3
SIM4
1
21
22
SIM5
SIM1
SIM2
SIM3
SIM4
1
21
22
SIM5
SIM1
SIM2
SIM3
SIM4
1
21
22
SIM5
SIM1
SIM2
SIM3
SIM4
1
21
22
SIM5
SIM1
SIM2
SIM3
SIM4
1
21
22
SIM5
SIM1
SIM2
SIM3
SIM4
1
21
22
SIM5
SIM1
SIM2
SIM3
SIM4
1
21
22
SIM5
SIM1
SIM2
SIM3
SIM4
1
21
22
SIM5
SIM1
SIM2
SIM3
SIM4
1
21
22
SIM5
SIM1
SIM2
SIM3
SIM4
1
21
22
SIM5
SIM1
SIM2
SIM3
SIM4
1
21
22
SIM5
SIM1
SIM2
SIM3
SIM4
1
21
22
SIM5
SIM1
SIM2
SIM3
SIM4
1
21
22
SIM5
SIM1
SIM2
SIM3
SIM4
1
21
22
SIM5
SIM1
SIM2
SIM3
SIM4
1
21
22
SIM5
SIM1
SIM2
SIM3
SIM4
1
21
22
SIM5
SIM1
SIM2
SIM3
SIM4
1
21
22
SIM5
SIM1
SIM2
SIM3
SIM4
1
21
22
SIM5
SIM1
SIM2
SIM3
SIM4
1
21
22
SIM5
SIM1
SIM2
SIM3
SIM4
1
21
22
SIM5
SIM1
SIM2
SIM3
SIM4
1
21
22
SIM5
SIM1
SIM2
SIM3
SIM4
1
21
22
SIM5
SIM1
SIM2
SIM3
SIM4
1
21
22
SIM5
SIM1
SIM2
SIM3
SIM4
1
21
22
SIM5
SIM1
SIM2
SIM3
SIM4
1
21
22
SIM5
SIM1
SIM2
SIM3
SIM4
1
21
22
SIM5
SIM1
SIM2
SIM3
SIM4
1
21
22
SIM5
SIM1
SIM2
SIM3
SIM4
1
21
22
SIM5
SIM1
SIM2
SIM3
SIM4
1
21
22
SIM5
SIM1
SIM2
SIM3
SIM4
1
21
22
SIM5
SIM1
SIM2
SIM3
SIM4
1
21
22
SIM5
SIM1
SIM2
SIM3
SIM4
1
21
22
SIM5
SIM1
SIM2
SIM3
SIM4
1
21
22
SIM5
SIM1
SIM2
SIM3
SIM4
1
21
22
SIM5
SIM1
SIM2
SIM3
SIM4
1
21
22
SIM5
SIM1
SIM2
SIM3
SIM4
1
21
22
SIM5
SIM1
SIM2
SIM3
SIM4
1
21
22
SIM5
SIM1
SIM2
SIM3
SIM4
1
21
22
SIM5
SIM1
SIM2
SIM3
SIM4
1
21
22
SIM5
SIM1
SIM2
SIM3
SIM4
1
21
22
SIM5
SIM1
SIM2
SIM3
SIM4
1
21
22
SIM5
SIM1
SIM2
SIM3
SIM4
1
21
22
SIM5
SIM1
SIM2
SIM3
SIM4
1
21
22
SIM5
SIM1
SIM2
SIM3
SIM4
1
21
22
SIM5
SIM1
SIM2
SIM3
SIM4
1
21
22
SIM5
SIM1
SIM2
SIM3
SIM4
1
21
22
SIM5
SIM1
SIM2
SIM3
SIM4
1
21
22
SIM5
SIM1
SIM2
SIM3
SIM4
1
21
22
SIM5
SIM1
SIM2
SIM3
SIM4
1
21
22
SIM5
SIM1
SIM2
SIM3
SIM4
1
21
22
SIM5
SIM1
SIM2
SIM3
SIM4
1
21
22
SIM5
SIM1
SIM2
SIM3
SIM4
1
21
22
SIM5
SIM1
SIM2
SIM3
SIM4
1
21
22
SIM5
SIM1
SIM2
SIM3
SIM4
1
21
22
SIM5
SIM1
SIM2
SIM3
SIM4
1
21
22
SIM5
SIM1
SIM2
SIM3
SIM4
1
21
22
SIM5
SIM1
SIM2
SIM3
SIM4
1
21
22
SIM5
SIM1
SIM2
SIM3
SIM4
1
21
22
SIM5
SIM1
SIM2
SIM3
SIM4
1
21
22
SIM5
SIM1
SIM2
SIM3
SIM4
1
21
22
SIM5
SIM1
SIM2
SIM3
SIM4
1
21
22
SIM5
SIM1
SIM2
SIM3
SIM4
1
21
22
SIM5
SIM1
SIM2
SIM3
SIM4
1
21
22
SIM5
SIM1
SIM2
SIM3
SIM4
1
21
22
SIM5
SIM1
SIM2
SIM3
SIM4
1
21
22
SIM5
SIM1
SIM2
SIM3
SIM4
1
21
22
SIM5
SIM1
SIM2
SIM3
SIM4
1
21
22
SIM5
SIM1
SIM2
SIM3
SIM4
1
21
22
SIM5
SIM1
SIM2
SIM3
SIM4
1
21
22
SIM5
SIM1
SIM2
SIM3
SIM4
1
21
22
SIM5
SIM1
SIM2
SIM3
SIM4
1
21
22
SIM5
SIM1
SIM2
SIM3
SIM4
1
21
22
SIM5
SIM1
SIM2
SIM3
SIM4
1
21
22
SIM5
SIM1
SIM2
SIM3
SIM4
1
21
22
SIM5
SIM1
SIM2
SIM3
SIM4
1
21
22
SIM5
SIM1
SIM2
SIM3
SIM4
1
21
22
SIM5
SIM1
SIM2
SIM3
SIM4
1
21
22
SIM5
SIM1
SIM2
SIM3
SIM4
1
21
22
SIM5
SIM1
SIM2
SIM3
SIM4
1
21
22
SIM5
SIM1
SIM2
SIM3
SIM4
1
21
22
SIM5
SIM1
SIM2
SIM3
SIM4
1
21
22
SIM5
SIM1
SIM2
SIM3
SIM4
1
21
22
SIM5
SIM1
SIM2
SIM3
SIM4
1
21
22
SIM5
SIM1
SIM2
SIM3
SIM4
1
21
22
SIM5
SIM1
SIM2
SIM3
SIM4
1
21
22
SIM5
SIM1
SIM2
SIM3
SIM4
1
21
22
SIM5
SIM1
SIM2
SIM3
SIM4
1
21
22
SIM5
SIM1
SIM2
SIM3
SIM4
1
21
22
SIM5
SIM1
SIM2
SIM3
SIM4
1
21
22
SIM5
SIM1
SIM2
SIM3
SIM4
1
21
22
SIM5
SIM1
SIM2
SIM3
SIM4
1
21
22
SIM5
SIM1
SIM2
SIM3
SIM4
1
21
22
SIM5
SIM1
SIM2
SIM3
SIM4
1
21
22
SIM5
SIM1
SIM2
SIM3
SIM4
1
21
22
SIM5
SIM1
SIM2
SIM3
SIM4
1
21
22
SIM5
SIM1
SIM2
SIM3
SIM4
1
21
22
SIM5
SIM1
SIM2
SIM3
SIM4
1
21
22
SIM5
SIM1
SIM2
SIM3
SIM4
1
21
22
SIM5
SIM1
SIM2
SIM3
SIM4
1
21
22
SIM5
SIM1
SIM2
SIM3
SIM4
1
21
22
SIM5
SIM1
SIM2
SIM3
SIM4
1
21
22
SIM5
SIM1
SIM2
SIM3
SIM4
1
21
22
SIM5
SIM1
SIM2
SIM3
SIM4
1
21
22
SIM5
SIM1
SIM2
SIM3
SIM4
1
21
22
SIM5
SIM1
SIM2
SIM3
SIM4
1
21
22
SIM5
SIM1
SIM2
SIM3
SIM4
1
21
22
SIM5
SIM1
SIM2
SIM3
SIM4
1
21
22
SIM5
SIM1
SIM2
SIM3
SIM4
1
21
22
SIM5
SIM1
SIM2
SIM3
SIM4
1
21
22
SIM5
SIM1
SIM2
SIM3
SIM4
1
21
22
SIM5
SIM1
SIM2
SIM3
SIM4
1
21
22
SIM5
SIM1
SIM2
SIM3
SIM4
1
21
22
SIM5
SIM1
SIM2
SIM3
SIM4
1
21
22
SIM5
SIM1
SIM2
SIM3
SIM4
1
21
22
SIM5
SIM1
SIM2
SIM3
SIM4
1
21
22
SIM5
SIM1
SIM2
SIM3
SIM4
1
21
22
SIM5
SIM1
SIM2
SIM3
SIM4
1
21
22
SIM5
SIM1
SIM2
SIM3
SIM4
1
21
22
SIM5
SIM1
SIM2
SIM3
SIM4
1
21
22
SIM5
SIM1
SIM2
SIM3
SIM4
1
21
22
SIM5
SIM1
SIM2
SIM3
SIM4
1
21
22
SIM5
SIM1
SIM2
SIM3
SIM4
1
21
22
SIM5
SIM1
SIM2
SIM3
SIM4
1
21
22
SIM5
SIM1
SIM2
SIM3
SIM4
1
21
22
SIM5
SIM1
SIM2
SIM3
SIM4
1
21
22
SIM5
SIM1
SIM2
SIM3
SIM4
1
21
22
SIM5
SIM1
SIM2
SIM3
SIM4
1
21
22
SIM5
SIM1
SIM2
SIM3
SIM4
1
21
22
SIM5
SIM1
SIM2
SIM3
SIM4
1
21
22
SIM5
SIM1
SIM2
SIM3
SIM4
1
21
22
SIM5
SIM1
SIM2
DEBUG 1 564
SIM1
SIM2
SIM3
SIM4
1
21
22
SIM5
SIM1
SIM2
SIM3
SIM4
1
21
22
SIM5
SIM1
SIM2
SIM3
SIM4
1
21
22
SIM5
SIM1
SIM2
SIM3
SIM4
1
21
22
SIM5
SIM1
SIM2
SIM3
SIM4
1
21
22
SIM5
SIM1
SIM2
SIM3
SIM4
1
21
22
SIM5
SIM1
SIM2
SIM3
SIM4
1
21
22
SIM5
SIM1
SIM2
SIM3
SIM4
1
21
22
SIM5
SIM1
SIM2
SIM3
SIM4
1
21
22
SIM5
SIM1
SIM2
SIM3
SIM4
1
21
22
SIM5
SIM1
SIM2
SIM3
SIM4
1
21
22
SIM5
SIM1
SIM2
SIM3
SIM4
1
21
22
SIM5
SIM1
SIM2
SIM3
SIM4
1
21
22
SIM5
SIM1
SIM2
SIM3
SIM4
1
21
22
SIM5
SIM1
SIM2
SIM3
SIM4
1
21
22
SIM5
SIM1
SIM2
SIM3
SIM4
1
21
22
SIM5
SIM1
SIM2
SIM3
SIM4
1
21
22
SIM5
SIM1
SIM2
SIM3
SIM4
1
21
22
SIM5
SIM1
SIM2
SIM3
SIM4
1
21
22
SIM5
SIM1
SIM2
SIM3
SIM4
1
21
22
SIM5
SIM1
SIM2
SIM3
SIM4
1
21
22
SIM5
SIM1
SIM2
SIM3
SIM4
1
21
22
SIM5
SIM1
SIM2
SIM3
SIM4
1
21
22
SIM5
SIM1
SIM2
SIM3
SIM4
1
21
22
SIM5
SIM1
SIM2
SIM3
SIM4
1
21
22
SIM5
SIM1
SIM2
SIM3
SIM4
1
21
22
SIM5
SIM1
SIM2
SIM3
SIM4
1
21
22
SIM5
SIM1
SIM2
SIM3
SIM4
1
21
22
SIM5
SIM1
SIM2
SIM3
SIM4
1
21
22
SIM5
SIM1
SIM2
SIM3
SIM4
1
21
22
SIM5
SIM1
SIM2
SIM3
SIM4
1
21
22
SIM5
SIM1
SIM2
SIM3
SIM4
1
21
22
SIM5
SIM1
SIM2
SIM3
SIM4
1
21
22
SIM5
SIM1
SIM2
SIM3
SIM4
1
21
22
SIM5
SIM1
SIM2
SIM3
SIM4
1
21
22
SIM5
SIM1
SIM2
SIM3
SIM4
1
21
22
SIM5
SIM1
SIM2
SIM3
SIM4
1
21
22
SIM5
SIM1
SIM2
SIM3
SIM4
1
21
22
SIM5
SIM1
SIM2
SIM3
SIM4
1
21
22
SIM5
SIM1
SIM2
SIM3
SIM4
1
21
22
SIM5
SIM1
SIM2
SIM3
SIM4
1
21
22
SIM5
SIM1
SIM2
SIM3
SIM4
1
21
22
SIM5
SIM1
SIM2
SIM3
SIM4
1
21
22
SIM5
SIM1
SIM2
SIM3
SIM4
1
21
22
SIM5
SIM1
SIM2
SIM3
SIM4
1
21
22
SIM5
SIM1
SIM2
SIM3
SIM4
1
21
22
SIM5
SIM1
SIM2
SIM3
SIM4
1
21
22
SIM5
SIM1
SIM2
SIM3
SIM4
1
21
22
SIM5
SIM1
SIM2
SIM3
SIM4
1
21
22
SIM5
SIM1
SIM2
SIM3
SIM4
1
21
22
SIM5
SIM1
SIM2
SIM3
SIM4
1
21
22
SIM5
SIM1
SIM2
SIM3
SIM4
1
21
22
SIM5
SIM1
SIM2
SIM3
SIM4
1
21
22
SIM5
SIM1
SIM2
SIM3
SIM4
1
21
22
SIM5
SIM1
SIM2
SIM3
SIM4
1
21
22
SIM5
SIM1
SIM2
SIM3
SIM4
1
21
22
SIM5
SIM1
SIM2
SIM3
SIM4
1
21
22
SIM5
SIM1
SIM2
SIM3
SIM4
1
21
22
SIM5
SIM1
SIM2
SIM3
SIM4
1
21
22
SIM5
SIM1
SIM2
SIM3
SIM4
1
21
22
SIM5
SIM1
SIM2
SIM3
SIM4
1
21
22
SIM5
SIM1
SIM2
SIM3
SIM4
1
21
22
SIM5
SIM1
SIM2
SIM3
SIM4
1
21
22
SIM5
SIM1
SIM2
SIM3
SIM4
1
21
22
SIM5
SIM1
SIM2
SIM3
SIM4
1
21
22
SIM5
SIM1
SIM2
SIM3
SIM4
1
21
22
SIM5
SIM1
SIM2
SIM3
SIM4
1
21
22
SIM5
SIM1
SIM2
SIM3
SIM4
1
21
22
SIM5
SIM1
SIM2
SIM3
SIM4
1
21
22
SIM5
SIM1
SIM2
SIM3
SIM4
1
21
22
SIM5
SIM1
SIM2
SIM3
SIM4
1
21
22
SIM5
SIM1
SIM2
SIM3
SIM4
1
21
22
SIM5
SIM1
SIM2
SIM3
SIM4
1
21
22
SIM5
SIM1
SIM2
SIM3
SIM4
1
21
22
SIM5
SIM1
SIM2
SIM3
SIM4
1
21
22
SIM5
SIM1
SIM2
SIM3
SIM4
1
21
22
SIM5
SIM1
SIM2
SIM3
SIM4
1
21
22
SIM5
SIM1
SIM2
SIM3
SIM4
1
21
22
SIM5
SIM1
SIM2
SIM3
SIM4
1
21
22
SIM5
SIM1
SIM2
SIM3
SIM4
1
21
22
SIM5
SIM1
SIM2
SIM3
SIM4
1
21
22
SIM5
SIM1
SIM2
SIM3
SIM4
1
21
22
SIM5
SIM1
SIM2
SIM3
SIM4
1
21
22
SIM5
SIM1
SIM2
SIM3
SIM4
1
21
22
SIM5
SIM1
SIM2
SIM3
SIM4
1
21
22
SIM5
SIM1
SIM2
SIM3
SIM4
1
21
22
SIM5
SIM1
SIM2
SIM3
SIM4
1
21
22
SIM5
SIM1
SIM2
SIM3
SIM4
1
21
22
SIM5
SIM1
SIM2
SIM3
SIM4
1
21
22
SIM5
SIM1
SIM2
SIM3
SIM4
1
21
22
SIM5
SIM1
SIM2
SIM3
SIM4
1
21
22
SIM5
SIM1
SIM2
SIM3
SIM4
1
21
22
SIM5
SIM1
SIM2
SIM3
SIM4
1
21
22
SIM5
SIM1
SIM2
SIM3
SIM4
1
21
22
SIM5
SIM1
SIM2
SIM3
SIM4
1
21
22
SIM5
SIM1
SIM2
SIM3
SIM4
1
21
22
SIM5
SIM1
SIM2
SIM3
SIM4
1
21
22
SIM5
SIM1
SIM2
SIM3
SIM4
1
21
22
SIM5
SIM1
SIM2
SIM3
SIM4
1
21
22
SIM5
SIM1
SIM2
SIM3
SIM4
1
21
22
SIM5
SIM1
SIM2
SIM3
SIM4
1
21
22
SIM5
SIM1
SIM2
SIM3
SIM4
1
21
22
SIM5
SIM1
SIM2
SIM3
SIM4
1
21
22
SIM5
SIM1
SIM2
SIM3
SIM4
1
21
22
SIM5
SIM1
SIM2
SIM3
SIM4
1
21
22
SIM5
SIM1
SIM2
SIM3
SIM4
1
21
22
SIM5
SIM1
SIM2
SIM3
SIM4
1
21
22
SIM5
SIM1
SIM2
SIM3
SIM4
1
21
22
SIM5
SIM1
SIM2
SIM3
SIM4
1
21
22
SIM5
SIM1
SIM2
SIM3
SIM4
1
21
22
SIM5
SIM1
SIM2
SIM3
SIM4
1
21
22
SIM5
SIM1
SIM2
SIM3
SIM4
1
21
22
SIM5
SIM1
SIM2
SIM3
SIM4
1
21
22
SIM5
SIM1
SIM2
SIM3
SIM4
1
21
22
SIM5
SIM1
SIM2
SIM3
SIM4
1
21
22
SIM5
SIM1
SIM2
SIM3
SIM4
1
21
22
SIM5
SIM1
SIM2
SIM3
SIM4
1
21
22
SIM5
SIM1
SIM2
SIM3
SIM4
1
21
22
SIM5
SIM1
SIM2
SIM3
SIM4
1
21
22
SIM5
SIM1
SIM2
SIM3
SIM4
1
21
22
SIM5
SIM1
SIM2
SIM3
SIM4
1
21
22
SIM5
SIM1
SIM2
SIM3
SIM4
1
21
22
SIM5
SIM1
SIM2
SIM3
SIM4
1
21
22
SIM5
SIM1
SIM2
DEBUG 1 565
SIM1
SIM2
SIM3
SIM4
1
21
22
SIM5
SIM1
SIM2
SIM3
SIM4
1
21
22
SIM5
SIM1
SIM2
SIM3
SIM4
1
21
22
SIM5
SIM1
SIM2
SIM3
SIM4
1
21
22
SIM5
SIM1
SIM2
SIM3
SIM4
1
21
22
SIM5
SIM1
SIM2
SIM3
SIM4
1
21
22
SIM5
SIM1
SIM2
SIM3
SIM4
1
21
22
SIM5
SIM1
SIM2
SIM3
SIM4
1
21
22
SIM5
SIM1
SIM2
SIM3
SIM4
1
21
22
SIM5
SIM1
SIM2
SIM3
SIM4
1
21
22
SIM5
SIM1
SIM2
SIM3
SIM4
1
21
22
SIM5
SIM1
SIM2
SIM3
SIM4
1
21
22
SIM5
SIM1
SIM2
SIM3
SIM4
1
21
22
SIM5
SIM1
SIM2
SIM3
SIM4
1
21
22
SIM5
SIM1
SIM2
SIM3
SIM4
1
21
22
SIM5
SIM1
SIM2
SIM3
SIM4
1
21
22
SIM5
SIM1
SIM2
SIM3
SIM4
1
21
22
SIM5
SIM1
SIM2
SIM3
SIM4
1
21
22
SIM5
SIM1
SIM2
SIM3
SIM4
1
21
22
SIM5
SIM1
SIM2
SIM3
SIM4
1
21
22
SIM5
SIM1
SIM2
SIM3
SIM4
1
21
22
SIM5
SIM1
SIM2
SIM3
SIM4
1
21
22
SIM5
SIM1
SIM2
SIM3
SIM4
1
21
22
SIM5
SIM1
SIM2
SIM3
SIM4
1
21
22
SIM5
SIM1
SIM2
SIM3
SIM4
1
21
22
SIM5
SIM1
SIM2
SIM3
SIM4
1
21
22
SIM5
SIM1
SIM2
SIM3
SIM4
1
21
22
SIM5
SIM1
SIM2
SIM3
SIM4
1
21
22
SIM5
SIM1
SIM2
SIM3
SIM4
1
21
22
SIM5
SIM1
SIM2
SIM3
SIM4
1
21
22
SIM5
SIM1
SIM2
SIM3
SIM4
1
21
22
SIM5
SIM1
SIM2
SIM3
SIM4
1
21
22
SIM5
SIM1
SIM2
SIM3
SIM4
1
21
22
SIM5
SIM1
SIM2
SIM3
SIM4
1
21
22
SIM5
SIM1
SIM2
SIM3
SIM4
1
21
22
SIM5
SIM1
SIM2
SIM3
SIM4
1
21
22
SIM5
SIM1
SIM2
SIM3
SIM4
1
21
22
SIM5
SIM1
SIM2
SIM3
SIM4
1
21
22
SIM5
SIM1
SIM2
SIM3
SIM4
1
21
22
SIM5
SIM1
SIM2
SIM3
SIM4
1
21
22
SIM5
SIM1
SIM2
SIM3
SIM4
1
21
22
SIM5
SIM1
SIM2
SIM3
SIM4
1
21
22
SIM5
SIM1
SIM2
SIM3
SIM4
1
21
22
SIM5
SIM1
SIM2
SIM3
SIM4
1
21
22
SIM5
SIM1
SIM2
SIM3
SIM4
1
21
22
SIM5
SIM1
SIM2
SIM3
SIM4
1
21
22
SIM5
SIM1
SIM2
SIM3
SIM4
1
21
22
SIM5
SIM1
SIM2
SIM3
SIM4
1
21
22
SIM5
SIM1
SIM2
SIM3
SIM4
1
21
22
SIM5
SIM1
SIM2
SIM3
SIM4
1
21
22
SIM5
SIM1
SIM2
SIM3
SIM4
1
21
22
SIM5
SIM1
SIM2
SIM3
SIM4
1
21
22
SIM5
SIM1
SIM2
SIM3
SIM4
1
21
22
SIM5
SIM1
SIM2
SIM3
SIM4
1
21
22
SIM5
SIM1
SIM2
SIM3
SIM4
1
21
22
SIM5
SIM1
SIM2
SIM3
SIM4
1
21
22
SIM5
SIM1
SIM2
SIM3
SIM4
1
21
22
SIM5
SIM1
SIM2
SIM3
SIM4
1
21
22
SIM5
SIM1
SIM2
SIM3
SIM4
1
21
22
SIM5
SIM1
SIM2
SIM3
SIM4
1
21
22
SIM5
SIM1
SIM2
SIM3
SIM4
1
21
22
SIM5
SIM1
SIM2
SIM3
SIM4
1
21
22
SIM5
SIM1
SIM2
SIM3
SIM4
1
21
22
SIM5
SIM1
SIM2
SIM3
SIM4
1
21
22
SIM5
SIM1
SIM2
SIM3
SIM4
1
21
22
SIM5
SIM1
SIM2
SIM3
SIM4
1
21
22
SIM5
SIM1
SIM2
SIM3
SIM4
1
21
22
SIM5
SIM1
SIM2
SIM3
SIM4
1
21
22
SIM5
SIM1
SIM2
SIM3
SIM4
1
21
22
SIM5
SIM1
SIM2
SIM3
SIM4
1
21
22
SIM5
SIM1
SIM2
SIM3
SIM4
1
21
22
SIM5
SIM1
SIM2
SIM3
SIM4
1
21
22
SIM5
SIM1
SIM2
SIM3
SIM4
1
21
22
SIM5
SIM1
SIM2
SIM3
SIM4
1
21
22
SIM5
SIM1
SIM2
SIM3
SIM4
1
21
22
SIM5
SIM1
SIM2
SIM3
SIM4
1
21
22
SIM5
SIM1
SIM2
SIM3
SIM4
1
21
22
SIM5
SIM1
SIM2
SIM3
SIM4
1
21
22
SIM5
SIM1
SIM2
SIM3
SIM4
1
21
22
SIM5
SIM1
SIM2
SIM3
SIM4
1
21
22
SIM5
SIM1
SIM2
SIM3
SIM4
1
21
22
SIM5
SIM1
SIM2
SIM3
SIM4
1
21
22
SIM5
SIM1
SIM2
SIM3
SIM4
1
21
22
SIM5
SIM1
SIM2
SIM3
SIM4
1
21
22
SIM5
SIM1
SIM2
SIM3
SIM4
1
21
22
SIM5
SIM1
SIM2
SIM3
SIM4
1
21
22
SIM5
SIM1
SIM2
SIM3
SIM4
1
21
22
SIM5
SIM1
SIM2
SIM3
SIM4
1
21
22
SIM5
SIM1
SIM2
SIM3
SIM4
1
21
22
SIM5
SIM1
SIM2
SIM3
SIM4
1
21
22
SIM5
SIM1
SIM2
SIM3
SIM4
1
21
22
SIM5
SIM1
SIM2
SIM3
SIM4
1
21
22
SIM5
SIM1
SIM2
SIM3
SIM4
1
21
22
SIM5
SIM1
SIM2
SIM3
SIM4
1
21
22
SIM5
SIM1
SIM2
SIM3
SIM4
1
21
22
SIM5
SIM1
SIM2
SIM3
SIM4
1
21
22
SIM5
SIM1
SIM2
SIM3
SIM4
1
21
22
SIM5
SIM1
SIM2
SIM3
SIM4
1
21
22
SIM5
SIM1
SIM2
SIM3
SIM4
1
21
22
SIM5
SIM1
SIM2
SIM3
SIM4
1
21
22
SIM5
SIM1
SIM2
SIM3
SIM4
1
21
22
SIM5
SIM1
SIM2
SIM3
SIM4
1
21
22
SIM5
SIM1
SIM2
SIM3
SIM4
1
21
22
SIM5
SIM1
SIM2
SIM3
SIM4
1
21
22
SIM5
SIM1
SIM2
SIM3
SIM4
1
21
22
SIM5
SIM1
SIM2
SIM3
SIM4
1
21
22
SIM5
SIM1
SIM2
SIM3
SIM4
1
21
22
SIM5
SIM1
SIM2
SIM3
SIM4
1
21
22
SIM5
SIM1
SIM2
SIM3
SIM4
1
21
22
SIM5
SIM1
SIM2
SIM3
SIM4
1
21
22
SIM5
SIM1
SIM2
SIM3
SIM4
1
21
22
SIM5
SIM1
SIM2
SIM3
SIM4
1
21
22
SIM5
SIM1
SIM2
SIM3
SIM4
1
21
22
SIM5
SIM1
SIM2
SIM3
SIM4
1
21
22
SIM5
SIM1
SIM2
SIM3
SIM4
1
21
22
SIM5
SIM1
SIM2
SIM3
SIM4
1
21
22
SIM5
SIM1
SIM2
SIM3
SIM4
1
21
22
SIM5
SIM1
SIM2
SIM3
SIM4
1
21
22
SIM5
SIM1
SIM2
SIM3
SIM4
1
21
22
SIM5
SIM1
SIM2
SIM3
SIM4
1
21
22
SIM5
SIM1
SIM2
SIM3
SIM4
1
21
22
SIM5
SIM1
SIM2
SIM3
SIM4
1
21
22
SIM5
SIM1
SIM2
SIM3
SIM4
1
21
22
SIM5
SIM1
SIM2
SIM3
SIM4
1
21
22
SIM5
SIM1
SIM2
SIM3
SIM4
1
21
22
SIM5
SIM1
SIM2
SIM3
SIM4
1
21
22
SIM5
SIM1
SIM2
SIM3
SIM4
1
21
22
SIM5
SIM1
SIM2
SIM3
SIM4
1
21
22
SIM5
SIM1
SIM2
SIM3
SIM4
1
21
22
SIM5
SIM1
SIM2
SIM3
SIM4
1
21
22
SIM5
SIM1
SIM2
SIM3
SIM4
1
21
22
SIM5
SIM1
SIM2
SIM3
SIM4
1
21
22
SIM5
SIM1
SIM2
SIM3
SIM4
1
21
22
SIM5
SIM1
SIM2
SIM3
SIM4
1
21
22
SIM5
SIM1
SIM2
SIM3
SIM4
1
21
22
SIM5
SIM1
SIM2
SIM3
SIM4
1
21
22
SIM5
SIM1
SIM2
SIM3
SIM4
1
21
22
SIM5
SIM1
SIM2
SIM3
SIM4
1
21
22
SIM5
SIM1
SIM2
SIM3
SIM4
1
21
22
SIM5
SIM1
SIM2
SIM3
SIM4
1
21
22
SIM5
SIM1
SIM2
SIM3
SIM4
1
21
22
SIM5
SIM1
SIM2
SIM3
SIM4
1
21
22
SIM5
SIM1
SIM2
SIM3
SIM4
1
21
22
SIM5
SIM1
SIM2
SIM3
SIM4
1
21
22
SIM5
SIM1
SIM2
SIM3
SIM4
1
21
22
SIM5
SIM1
SIM2
SIM3
SIM4
1
21
22
SIM5
SIM1
SIM2
SIM3
SIM4
1
21
22
SIM5
SIM1
SIM2
SIM3
SIM4
1
21
22
SIM5
SIM1
SIM2
SIM3
SIM4
1
21
22
SIM5
SIM1
SIM2
SIM3
SIM4
1
21
22
SIM5
SIM1
SIM2
SIM3
SIM4
1
21
22
SIM5
SIM1
SIM2
SIM3
SIM4
1
21
22
SIM5
SIM1
SIM2
SIM3
SIM4
1
21
22
SIM5
SIM1
SIM2
SIM3
SIM4
1
21
22
SIM5
SIM1
SIM2
SIM3
SIM4
1
21
22
SIM5
SIM1
SIM2
SIM3
SIM4
1
21
22
SIM5
SIM1
SIM2
SIM3
SIM4
1
21
22
SIM5
SIM1
SIM2
SIM3
SIM4
1
21
22
SIM5
SIM1
SIM2
SIM3
SIM4
1
21
22
SIM5
SIM1
SIM2
SIM3
SIM4
1
21
22
SIM5
SIM1
SIM2
SIM3
SIM4
1
21
22
SIM5
SIM1
SIM2
SIM3
SIM4
1
21
22
SIM5
SIM1
SIM2
SIM3
SIM4
1
21
22
SIM5
SIM1
SIM2
SIM3
SIM4
1
21
22
SIM5
SIM1
SIM2
SIM3
SIM4
1
21
22
SIM5
SIM1
SIM2
SIM3
SIM4
1
21
22
SIM5
SIM1
SIM2
SIM3
SIM4
1
21
22
SIM5
SIM1
SIM2
SIM3
SIM4
1
21
22
SIM5
SIM1
SIM2
SIM3
SIM4
1
21
22
SIM5
SIM1
SIM2
SIM3
SIM4
1
21
22
SIM5
SIM1
SIM2
SIM3
SIM4
1
21
22
SIM5
SIM1
SIM2
SIM3
SIM4
1
21
22
SIM5
SIM1
SIM2
SIM3
SIM4
1
21
22
SIM5
SIM1
SIM2
SIM3
SIM4
1
21
22
SIM5
SIM1
SIM2
SIM3
SIM4
1
21
22
SIM5
SIM1
SIM2
SIM3
SIM4
1
21
22
SIM5
SIM1
SIM2
SIM3
SIM4
1
21
22
SIM5
SIM1
SIM2
SIM3
SIM4
1
21
22
SIM5
SIM1
SIM2
SIM3
SIM4
1
21
22
SIM5
SIM1
SIM2
SIM3
SIM4
1
21
22
SIM5
SIM1
SIM2
DEBUG 1 566
SIM1
SIM2
SIM3
SIM4
1
21
22
SIM5
SIM1
SIM2
SIM3
SIM4
1
21
22
SIM5
SIM1
SIM2
SIM3
SIM4
1
21
22
SIM5
SIM1
SIM2
SIM3
SIM4
1
21
22
SIM5
SIM1
SIM2
SIM3
SIM4
1
21
22
SIM5
SIM1
SIM2
SIM3
SIM4
1
21
22
SIM5
SIM1
SIM2
SIM3
SIM4
1
21
22
SIM5
SIM1
SIM2
SIM3
SIM4
1
21
22
SIM5
SIM1
SIM2
SIM3
SIM4
1
21
22
SIM5
SIM1
SIM2
SIM3
SIM4
1
21
22
SIM5
SIM1
SIM2
SIM3
SIM4
1
21
22
SIM5
SIM1
SIM2
SIM3
SIM4
1
21
22
SIM5
SIM1
SIM2
SIM3
SIM4
1
21
22
SIM5
SIM1
SIM2
SIM3
SIM4
1
21
22
SIM5
SIM1
SIM2
SIM3
SIM4
1
21
22
SIM5
SIM1
SIM2
SIM3
SIM4
1
21
22
SIM5
SIM1
SIM2
SIM3
SIM4
1
21
22
SIM5
SIM1
SIM2
SIM3
SIM4
1
21
22
SIM5
SIM1
SIM2
SIM3
SIM4
1
21
22
SIM5
SIM1
SIM2
SIM3
SIM4
1
21
22
SIM5
SIM1
SIM2
SIM3
SIM4
1
21
22
SIM5
SIM1
SIM2
SIM3
SIM4
1
21
22
SIM5
SIM1
SIM2
SIM3
SIM4
1
21
22
SIM5
SIM1
SIM2
SIM3
SIM4
1
21
22
SIM5
SIM1
SIM2
SIM3
SIM4
1
21
22
SIM5
SIM1
SIM2
SIM3
SIM4
1
21
22
SIM5
SIM1
SIM2
SIM3
SIM4
1
21
22
SIM5
SIM1
SIM2
SIM3
SIM4
1
21
22
SIM5
SIM1
SIM2
SIM3
SIM4
1
21
22
SIM5
SIM1
SIM2
SIM3
SIM4
1
21
22
SIM5
SIM1
SIM2
SIM3
SIM4
1
21
22
SIM5
SIM1
SIM2
SIM3
SIM4
1
21
22
SIM5
SIM1
SIM2
SIM3
SIM4
1
21
22
SIM5
SIM1
SIM2
SIM3
SIM4
1
21
22
SIM5
SIM1
SIM2
SIM3
SIM4
1
21
22
SIM5
SIM1
SIM2
SIM3
SIM4
1
21
22
SIM5
SIM1
SIM2
SIM3
SIM4
1
21
22
SIM5
SIM1
SIM2
SIM3
SIM4
1
21
22
SIM5
SIM1
SIM2
SIM3
SIM4
1
21
22
SIM5
SIM1
SIM2
SIM3
SIM4
1
21
22
SIM5
SIM1
SIM2
SIM3
SIM4
1
21
22
SIM5
SIM1
SIM2
SIM3
SIM4
1
21
22
SIM5
SIM1
SIM2
SIM3
SIM4
1
21
22
SIM5
SIM1
SIM2
SIM3
SIM4
1
21
22
SIM5
SIM1
SIM2
SIM3
SIM4
1
21
22
SIM5
SIM1
SIM2
SIM3
SIM4
1
21
22
SIM5
SIM1
SIM2
SIM3
SIM4
1
21
22
SIM5
SIM1
SIM2
SIM3
SIM4
1
21
22
SIM5
SIM1
SIM2
SIM3
SIM4
1
21
22
SIM5
SIM1
SIM2
SIM3
SIM4
1
21
22
SIM5
SIM1
SIM2
SIM3
SIM4
1
21
22
SIM5
SIM1
SIM2
SIM3
SIM4
1
21
22
SIM5
SIM1
SIM2
SIM3
SIM4
1
21
22
SIM5
SIM1
SIM2
SIM3
SIM4
1
21
22
SIM5
SIM1
SIM2
SIM3
SIM4
1
21
22
SIM5
SIM1
SIM2
SIM3
SIM4
1
21
22
SIM5
SIM1
SIM2
SIM3
SIM4
1
21
22
SIM5
SIM1
SIM2
SIM3
SIM4
1
21
22
SIM5
SIM1
SIM2
SIM3
SIM4
1
21
22
SIM5
SIM1
SIM2
SIM3
SIM4
1
21
22
SIM5
SIM1
SIM2
SIM3
SIM4
1
21
22
SIM5
SIM1
SIM2
SIM3
SIM4
1
21
22
SIM5
SIM1
SIM2
SIM3
SIM4
1
21
22
SIM5
SIM1
SIM2
SIM3
SIM4
1
21
22
SIM5
SIM1
SIM2
SIM3
SIM4
1
21
22
SIM5
SIM1
SIM2
SIM3
SIM4
1
21
22
SIM5
SIM1
SIM2
SIM3
SIM4
1
21
22
SIM5
SIM1
SIM2
SIM3
SIM4
1
21
22
SIM5
SIM1
SIM2
SIM3
SIM4
1
21
22
SIM5
SIM1
SIM2
SIM3
SIM4
1
21
22
SIM5
SIM1
SIM2
SIM3
SIM4
1
21
22
SIM5
SIM1
SIM2
SIM3
SIM4
1
21
22
SIM5
SIM1
SIM2
SIM3
SIM4
1
21
22
SIM5
SIM1
SIM2
SIM3
SIM4
1
21
22
SIM5
SIM1
SIM2
SIM3
SIM4
1
21
22
SIM5
SIM1
SIM2
SIM3
SIM4
1
21
22
SIM5
SIM1
SIM2
SIM3
SIM4
1
21
22
SIM5
SIM1
SIM2
SIM3
SIM4
1
21
22
SIM5
SIM1
SIM2
SIM3
SIM4
1
21
22
SIM5
SIM1
SIM2
SIM3
SIM4
1
21
22
SIM5
SIM1
SIM2
SIM3
SIM4
1
21
22
SIM5
SIM1
SIM2
SIM3
SIM4
1
21
22
SIM5
SIM1
SIM2
SIM3
SIM4
1
21
22
SIM5
SIM1
SIM2
SIM3
SIM4
1
21
22
SIM5
SIM1
SIM2
SIM3
SIM4
1
21
22
SIM5
SIM1
SIM2
SIM3
SIM4
1
21
22
SIM5
SIM1
SIM2
SIM3
SIM4
1
21
22
SIM5
SIM1
SIM2
SIM3
SIM4
1
21
22
SIM5
SIM1
SIM2
SIM3
SIM4
1
21
22
SIM5
SIM1
SIM2
SIM3
SIM4
1
21
22
SIM5
SIM1
SIM2
SIM3
SIM4
1
21
22
SIM5
SIM1
SIM2
SIM3
SIM4
1
21
22
SIM5
SIM1
SIM2
SIM3
SIM4
1
21
22
SIM5
SIM1
SIM2
SIM3
SIM4
1
21
22
SIM5
SIM1
SIM2
SIM3
SIM4
1
21
22
SIM5
SIM1
SIM2
SIM3
SIM4
1
21
22
SIM5
SIM1
SIM2
SIM3
SIM4
1
21
22
SIM5
SIM1
SIM2
SIM3
SIM4
1
21
22
SIM5
SIM1
SIM2
SIM3
SIM4
1
21
22
SIM5
SIM1
SIM2
SIM3
SIM4
1
21
22
SIM5
SIM1
SIM2
SIM3
SIM4
1
21
22
SIM5
SIM1
SIM2
SIM3
SIM4
1
21
22
SIM5
SIM1
SIM2
SIM3
SIM4
1
21
22
SIM5
SIM1
SIM2
SIM3
SIM4
1
21
22
SIM5
SIM1
SIM2
SIM3
SIM4
1
21
22
SIM5
SIM1
SIM2
SIM3
SIM4
1
21
22
SIM5
SIM1
SIM2
SIM3
SIM4
1
21
22
SIM5
SIM1
SIM2
SIM3
SIM4
1
21
22
SIM5
SIM1
SIM2
SIM3
SIM4
1
21
22
SIM5
SIM1
SIM2
SIM3
SIM4
1
21
22
SIM5
SIM1
SIM2
SIM3
SIM4
1
21
22
SIM5
SIM1
SIM2
SIM3
SIM4
1
21
22
SIM5
SIM1
SIM2
SIM3
SIM4
1
21
22
SIM5
SIM1
SIM2
SIM3
SIM4
1
21
22
SIM5
SIM1
SIM2
SIM3
SIM4
1
21
22
SIM5
SIM1
SIM2
SIM3
SIM4
1
21
22
SIM5
SIM1
SIM2
SIM3
SIM4
1
21
22
SIM5
SIM1
SIM2
SIM3
SIM4
1
21
22
SIM5
SIM1
SIM2
SIM3
SIM4
1
21
22
SIM5
SIM1
SIM2
SIM3
SIM4
1
21
22
SIM5
SIM1
SIM2
SIM3
SIM4
1
21
22
SIM5
SIM1
SIM2
SIM3
SIM4
1
21
22
SIM5
SIM1
SIM2
SIM3
SIM4
1
21
22
SIM5
SIM1
SIM2
SIM3
SIM4
1
21
22
SIM5
SIM1
SIM2
SIM3
SIM4
1
21
22
SIM5
SIM1
SIM2
SIM3
SIM4
1
21
22
SIM5
SIM1
SIM2
SIM3
SIM4
1
21
22
SIM5
SIM1
SIM2
SIM3
SIM4
1
21
22
SIM5
SIM1
SIM2
SIM3
SIM4
1
21
22
SIM5
SIM1
SIM2
SIM3
SIM4
1
21
22
SIM5
SIM1
SIM2
SIM3
SIM4
1
21
22
SIM5
SIM1
SIM2
SIM3
SIM4
1
21
22
SIM5
SIM1
SIM2
SIM3
SIM4
1
21
22
SIM5
SIM1
SIM2
SIM3
SIM4
1
21
22
SIM5
SIM1
SIM2
SIM3
SIM4
1
21
22
SIM5
SIM1
SIM2
SIM3
SIM4
1
21
22
SIM5
SIM1
SIM2
SIM3
SIM4
1
21
22
SIM5
SIM1
SIM2
SIM3
SIM4
1
21
22
SIM5
SIM1
SIM2
SIM3
SIM4
1
21
22
SIM5
SIM1
SIM2
SIM3
SIM4
1
21
22
SIM5
SIM1
SIM2
SIM3
SIM4
1
21
22
SIM5
SIM1
SIM2
SIM3
SIM4
1
21
22
SIM5
SIM1
SIM2
SIM3
SIM4
1
21
22
SIM5
SIM1
SIM2
SIM3
SIM4
1
21
22
SIM5
SIM1
SIM2
SIM3
SIM4
1
21
22
SIM5
SIM1
SIM2
SIM3
SIM4
1
21
22
SIM5
SIM1
SIM2
SIM3
SIM4
1
21
22
SIM5
SIM1
SIM2
SIM3
SIM4
1
21
22
SIM5
SIM1
SIM2
SIM3
SIM4
1
21
22
SIM5
SIM1
SIM2
SIM3
SIM4
1
21
22
SIM5
SIM1
SIM2
SIM3
SIM4
1
21
22
SIM5
SIM1
SIM2
SIM3
SIM4
1
21
22
SIM5
SIM1
SIM2
SIM3
SIM4
1
21
22
SIM5
SIM1
SIM2
SIM3
SIM4
1
21
22
SIM5
SIM1
SIM2
SIM3
SIM4
1
21
22
SIM5
SIM1
SIM2
SIM3
SIM4
1
21
22
SIM5
SIM1
SIM2
SIM3
SIM4
1
21
22
SIM5
SIM1
SIM2
SIM3
SIM4
1
21
22
SIM5
SIM1
SIM2
SIM3
SIM4
1
21
22
SIM5
SIM1
SIM2
SIM3
SIM4
1
21
22
SIM5
SIM1
SIM2
SIM3
SIM4
1
21
22
SIM5
SIM1
SIM2
SIM3
SIM4
1
21
22
SIM5
SIM1
SIM2
SIM3
SIM4
1
21
22
SIM5
SIM1
SIM2
SIM3
SIM4
1
21
22
SIM5
SIM1
SIM2
SIM3
SIM4
1
21
22
SIM5
SIM1
SIM2
SIM3
SIM4
1
21
22
SIM5
SIM1
SIM2
SIM3
SIM4
1
21
22
SIM5
SIM1
SIM2
SIM3
SIM4
1
21
22
SIM5
SIM1
SIM2
SIM3
SIM4
1
21
22
SIM5
SIM1
SIM2
SIM3
SIM4
1
21
22
SIM5
SIM1
SIM2
SIM3
SIM4
1
21
22
SIM5
SIM1
SIM2
SIM3
SIM4
1
21
22
SIM5
SIM1
SIM2
SIM3
SIM4
1
21
22
SIM5
SIM1
SIM2
SIM3
SIM4
1
21
22
SIM5
SIM1
SIM2
SIM3
SIM4
1
21
22
SIM5
SIM1
SIM2
SIM3
SIM4
1
21
22
SIM5
SIM1
SIM2
SIM3
SIM4
1
21
22
SIM5
SIM1
SIM2
SIM3
SIM4
1
21
22
SIM5
SIM1
SIM2
SIM3
SIM4
1
21
22
SIM5
SIM1
SIM2
SIM3
SIM4
1
21
22
SIM5
SIM1
SIM2
SIM3
SIM4
1
21
22
SIM5
SIM1
SIM2
SIM3
SIM4
1
21
22
SIM5
SIM1
SIM2
SIM3
SIM4
1
21
22
SIM5
SIM1
SIM2
SIM3
SIM4
1
21
22
SIM5
SIM1
SIM2
SIM3
SIM4
1
21
22
SIM5
SIM1
SIM2
SIM3
SIM4
1
21
22
SIM5
SIM1
SIM2
SIM3
SIM4
1
21
22
SIM5
SIM1
SIM2
SIM3
SIM4
1
21
22
SIM5
SIM1
SIM2
SIM3
SIM4
1
21
22
SIM5
SIM1
SIM2
SIM3
SIM4
1
21
22
SIM5
SIM1
SIM2
SIM3
SIM4
1
21
22
SIM5
SIM1
SIM2
SIM3
SIM4
1
21
22
SIM5
SIM1
SIM2
SIM3
SIM4
1
21
22
SIM5
SIM1
SIM2
SIM3
SIM4
1
21
22
SIM5
SIM1
SIM2
SIM3
SIM4
1
21
22
SIM5
SIM1
SIM2
SIM3
SIM4
1
21
22
SIM5
SIM1
SIM2
SIM3
SIM4
1
21
22
SIM5
SIM1
SIM2
SIM3
SIM4
1
21
22
SIM5
SIM1
SIM2
SIM3
SIM4
1
21
22
SIM5
SIM1
SIM2
SIM3
SIM4
1
21
22
SIM5
SIM1
SIM2
SIM3
SIM4
1
21
22
SIM5
SIM1
SIM2
SIM3
SIM4
1
21
22
SIM5
SIM1
SIM2
DEBUG 1 567
SIM1
SIM2
SIM3
SIM4
1
21
22
SIM5
SIM1
SIM2
SIM3
SIM4
1
21
22
SIM5
SIM1
SIM2
SIM3
SIM4
1
21
22
SIM5
SIM1
SIM2
SIM3
SIM4
1
21
22
SIM5
SIM1
SIM2
SIM3
SIM4
1
21
22
SIM5
SIM1
SIM2
SIM3
SIM4
1
21
22
SIM5
SIM1
SIM2
SIM3
SIM4
1
21
22
SIM5
SIM1
SIM2
SIM3
SIM4
1
21
22
SIM5
SIM1
SIM2
SIM3
SIM4
1
21
22
SIM5
SIM1
SIM2
SIM3
SIM4
1
21
22
SIM5
SIM1
SIM2
SIM3
SIM4
1
21
22
SIM5
SIM1
SIM2
SIM3
SIM4
1
21
22
SIM5
SIM1
SIM2
SIM3
SIM4
1
21
22
SIM5
SIM1
SIM2
SIM3
SIM4
1
21
22
SIM5
SIM1
SIM2
SIM3
SIM4
1
21
22
SIM5
SIM1
SIM2
SIM3
SIM4
1
21
22
SIM5
SIM1
SIM2
SIM3
SIM4
1
21
22
SIM5
SIM1
SIM2
SIM3
SIM4
1
21
22
SIM5
SIM1
SIM2
SIM3
SIM4
1
21
22
SIM5
SIM1
SIM2
SIM3
SIM4
1
21
22
SIM5
SIM1
SIM2
SIM3
SIM4
1
21
22
SIM5
SIM1
SIM2
SIM3
SIM4
1
21
22
SIM5
SIM1
SIM2
SIM3
SIM4
1
21
22
SIM5
SIM1
SIM2
SIM3
SIM4
1
21
22
SIM5
SIM1
SIM2
SIM3
SIM4
1
21
22
SIM5
SIM1
SIM2
SIM3
SIM4
1
21
22
SIM5
SIM1
SIM2
SIM3
SIM4
1
21
22
SIM5
SIM1
SIM2
SIM3
SIM4
1
21
22
SIM5
SIM1
SIM2
SIM3
SIM4
1
21
22
SIM5
SIM1
SIM2
SIM3
SIM4
1
21
22
SIM5
SIM1
SIM2
SIM3
SIM4
1
21
22
SIM5
SIM1
SIM2
SIM3
SIM4
1
21
22
SIM5
SIM1
SIM2
SIM3
SIM4
1
21
22
SIM5
SIM1
SIM2
SIM3
SIM4
1
21
22
SIM5
SIM1
SIM2
SIM3
SIM4
1
21
22
SIM5
SIM1
SIM2
SIM3
SIM4
1
21
22
SIM5
SIM1
SIM2
SIM3
SIM4
1
21
22
SIM5
SIM1
SIM2
SIM3
SIM4
1
21
22
SIM5
SIM1
SIM2
SIM3
SIM4
1
21
22
SIM5
SIM1
SIM2
SIM3
SIM4
1
21
22
SIM5
SIM1
SIM2
SIM3
SIM4
1
21
22
SIM5
SIM1
SIM2
SIM3
SIM4
1
21
22
SIM5
SIM1
SIM2
SIM3
SIM4
1
21
22
SIM5
SIM1
SIM2
SIM3
SIM4
1
21
22
SIM5
SIM1
SIM2
SIM3
SIM4
1
21
22
SIM5
SIM1
SIM2
SIM3
SIM4
1
21
22
SIM5
SIM1
SIM2
SIM3
SIM4
1
21
22
SIM5
SIM1
SIM2
SIM3
SIM4
1
21
22
SIM5
SIM1
SIM2
SIM3
SIM4
1
21
22
SIM5
SIM1
SIM2
SIM3
SIM4
1
21
22
SIM5
SIM1
SIM2
SIM3
SIM4
1
21
22
SIM5
SIM1
SIM2
SIM3
SIM4
1
21
22
SIM5
SIM1
SIM2
SIM3
SIM4
1
21
22
SIM5
SIM1
SIM2
SIM3
SIM4
1
21
22
SIM5
SIM1
SIM2
SIM3
SIM4
1
21
22
SIM5
SIM1
SIM2
SIM3
SIM4
1
21
22
SIM5
SIM1
SIM2
SIM3
SIM4
1
21
22
SIM5
SIM1
SIM2
SIM3
SIM4
1
21
22
SIM5
SIM1
SIM2
SIM3
SIM4
1
21
22
SIM5
SIM1
SIM2
SIM3
SIM4
1
21
22
SIM5
SIM1
SIM2
SIM3
SIM4
1
21
22
SIM5
SIM1
SIM2
SIM3
SIM4
1
21
22
SIM5
SIM1
SIM2
SIM3
SIM4
1
21
22
SIM5
SIM1
SIM2
SIM3
SIM4
1
21
22
SIM5
SIM1
SIM2
SIM3
SIM4
1
21
22
SIM5
SIM1
SIM2
SIM3
SIM4
1
21
22
SIM5
SIM1
SIM2
SIM3
SIM4
1
21
22
SIM5
SIM1
SIM2
SIM3
SIM4
1
21
22
SIM5
SIM1
SIM2
SIM3
SIM4
1
21
22
SIM5
SIM1
SIM2
SIM3
SIM4
1
21
22
SIM5
SIM1
SIM2
SIM3
SIM4
1
21
22
SIM5
SIM1
SIM2
SIM3
SIM4
1
21
22
SIM5
SIM1
SIM2
SIM3
SIM4
1
21
22
SIM5
SIM1
SIM2
SIM3
SIM4
1
21
22
SIM5
SIM1
SIM2
SIM3
SIM4
1
21
22
SIM5
SIM1
SIM2
SIM3
SIM4
1
21
22
SIM5
SIM1
SIM2
SIM3
SIM4
1
21
22
SIM5
SIM1
SIM2
SIM3
SIM4
1
21
22
SIM5
SIM1
SIM2
SIM3
SIM4
1
21
22
SIM5
SIM1
SIM2
SIM3
SIM4
1
21
22
SIM5
SIM1
SIM2
SIM3
SIM4
1
21
22
SIM5
SIM1
SIM2
SIM3
SIM4
1
21
22
SIM5
SIM1
SIM2
SIM3
SIM4
1
21
22
SIM5
SIM1
SIM2
SIM3
SIM4
1
21
22
SIM5
SIM1
SIM2
SIM3
SIM4
1
21
22
SIM5
SIM1
SIM2
SIM3
SIM4
1
21
22
SIM5
SIM1
SIM2
SIM3
SIM4
1
21
22
SIM5
SIM1
SIM2
SIM3
SIM4
1
21
22
SIM5
SIM1
SIM2
SIM3
SIM4
1
21
22
SIM5
SIM1
SIM2
SIM3
SIM4
1
21
22
SIM5
SIM1
SIM2
SIM3
SIM4
1
21
22
SIM5
SIM1
SIM2
SIM3
SIM4
1
21
22
SIM5
SIM1
SIM2
SIM3
SIM4
1
21
22
SIM5
SIM1
SIM2
SIM3
SIM4
1
21
22
SIM5
SIM1
SIM2
SIM3
SIM4
1
21
22
SIM5
SIM1
SIM2
SIM3
SIM4
1
21
22
SIM5
SIM1
SIM2
SIM3
SIM4
1
21
22
SIM5
SIM1
SIM2
SIM3
SIM4
1
21
22
SIM5
SIM1
SIM2
SIM3
SIM4
1
21
22
SIM5
SIM1
SIM2
SIM3
SIM4
1
21
22
SIM5
SIM1
SIM2
SIM3
SIM4
1
21
22
SIM5
SIM1
SIM2
SIM3
SIM4
1
21
22
SIM5
SIM1
SIM2
SIM3
SIM4
1
21
22
SIM5
SIM1
SIM2
SIM3
SIM4
1
21
22
SIM5
SIM1
SIM2
SIM3
SIM4
1
21
22
SIM5
SIM1
SIM2
SIM3
SIM4
1
21
22
SIM5
SIM1
SIM2
SIM3
SIM4
1
21
22
SIM5
SIM1
SIM2
SIM3
SIM4
1
21
22
SIM5
SIM1
SIM2
SIM3
SIM4
1
21
22
SIM5
SIM1
SIM2
SIM3
SIM4
1
21
22
SIM5
SIM1
SIM2
SIM3
SIM4
1
21
22
SIM5
SIM1
SIM2
SIM3
SIM4
1
21
22
SIM5
SIM1
SIM2
SIM3
SIM4
1
21
22
SIM5
SIM1
SIM2
SIM3
SIM4
1
21
22
SIM5
SIM1
SIM2
SIM3
SIM4
1
21
22
SIM5
SIM1
SIM2
SIM3
SIM4
1
21
22
SIM5
SIM1
SIM2
SIM3
SIM4
1
21
22
SIM5
SIM1
SIM2
SIM3
SIM4
1
21
22
SIM5
SIM1
SIM2
SIM3
SIM4
1
21
22
SIM5
SIM1
SIM2
SIM3
SIM4
1
21
22
SIM5
SIM1
SIM2
SIM3
SIM4
1
21
22
SIM5
SIM1
SIM2
SIM3
SIM4
1
21
22
SIM5
SIM1
SIM2
SIM3
SIM4
1
21
22
SIM5
SIM1
SIM2
SIM3
SIM4
1
21
22
SIM5
SIM1
SIM2
SIM3
SIM4
1
21
22
SIM5
SIM1
SIM2
SIM3
SIM4
1
21
22
SIM5
SIM1
SIM2
SIM3
SIM4
1
21
22
SIM5
SIM1
SIM2
SIM3
SIM4
1
21
22
SIM5
SIM1
SIM2
SIM3
SIM4
1
21
22
SIM5
SIM1
SIM2
SIM3
SIM4
1
21
22
SIM5
SIM1
SIM2
SIM3
SIM4
1
21
22
SIM5
SIM1
SIM2
SIM3
SIM4
1
21
22
SIM5
SIM1
SIM2
SIM3
SIM4
1
21
22
SIM5
SIM1
SIM2
SIM3
SIM4
1
21
22
SIM5
SIM1
SIM2
SIM3
SIM4
1
21
22
SIM5
SIM1
SIM2
SIM3
SIM4
1
21
22
SIM5
SIM1
SIM2
SIM3
SIM4
1
21
22
SIM5
SIM1
SIM2
SIM3
SIM4
1
21
22
SIM5
SIM1
SIM2
SIM3
SIM4
1
21
22
SIM5
SIM1
SIM2
SIM3
SIM4
1
21
22
SIM5
SIM1
SIM2
SIM3
SIM4
1
21
22
SIM5
SIM1
SIM2
SIM3
SIM4
1
21
22
SIM5
SIM1
SIM2
SIM3
SIM4
1
21
22
SIM5
SIM1
SIM2
SIM3
SIM4
1
21
22
SIM5
SIM1
SIM2
SIM3
SIM4
1
21
22
SIM5
SIM1
SIM2
SIM3
SIM4
1
21
22
SIM5
SIM1
SIM2
SIM3
SIM4
1
21
22
SIM5
SIM1
SIM2
SIM3
SIM4
1
21
22
SIM5
SIM1
SIM2
SIM3
SIM4
1
21
22
SIM5
SIM1
SIM2
SIM3
SIM4
1
21
22
SIM5
SIM1
SIM2
SIM3
SIM4
1
21
22
SIM5
SIM1
SIM2
SIM3
SIM4
1
21
22
SIM5
SIM1
SIM2
SIM3
SIM4
1
21
22
SIM5
SIM1
SIM2
SIM3
SIM4
1
21
22
SIM5
SIM1
SIM2
SIM3
SIM4
1
21
22
SIM5
SIM1
SIM2
SIM3
SIM4
1
21
22
SIM5
SIM1
SIM2
SIM3
SIM4
1
21
22
SIM5
SIM1
SIM2
SIM3
SIM4
1
21
22
SIM5
SIM1
SIM2
SIM3
SIM4
1
21
22
SIM5
SIM1
SIM2
SIM3
SIM4
1
21
22
SIM5
SIM1
SIM2
SIM3
SIM4
1
21
22
SIM5
SIM1
SIM2
SIM3
SIM4
1
21
22
SIM5
SIM1
SIM2
SIM3
SIM4
1
21
22
SIM5
SIM1
SIM2
SIM3
SIM4
1
21
22
SIM5
SIM1
SIM2
SIM3
SIM4
1
21
22
SIM5
SIM1
SIM2
SIM3
SIM4
1
21
22
SIM5
SIM1
SIM2
SIM3
SIM4
1
21
22
SIM5
SIM1
SIM2
SIM3
SIM4
1
21
22
SIM5
SIM1
SIM2
SIM3
SIM4
1
21
22
SIM5
SIM1
SIM2
SIM3
SIM4
1
21
22
SIM5
SIM1
SIM2
SIM3
SIM4
1
21
22
SIM5
SIM1
SIM2
SIM3
SIM4
1
21
22
SIM5
SIM1
SIM2
SIM3
SIM4
1
21
22
SIM5
SIM1
SIM2
SIM3
SIM4
1
21
22
SIM5
SIM1
SIM2
SIM3
SIM4
1
21
22
SIM5
SIM1
SIM2
SIM3
SIM4
1
21
22
SIM5
SIM1
SIM2
SIM3
SIM4
1
21
22
SIM5
SIM1
SIM2
SIM3
SIM4
1
21
22
SIM5
SIM1
SIM2
SIM3
SIM4
1
21
22
SIM5
SIM1
SIM2
SIM3
SIM4
1
21
22
SIM5
SIM1
SIM2
SIM3
SIM4
1
21
22
SIM5
SIM1
SIM2
SIM3
SIM4
1
21
22
SIM5
SIM1
SIM2
SIM3
SIM4
1
21
22
SIM5
SIM1
SIM2
SIM3
SIM4
1
21
22
SIM5
SIM1
SIM2
SIM3
SIM4
1
21
22
SIM5
SIM1
SIM2
SIM3
SIM4
1
21
22
SIM5
SIM1
SIM2
SIM3
SIM4
1
21
22
SIM5
SIM1
SIM2
SIM3
SIM4
1
21
22
SIM5
SIM1
SIM2
SIM3
SIM4
1
21
22
SIM5
SIM1
SIM2
SIM3
SIM4
1
21
22
SIM5
SIM1
SIM2
SIM3
SIM4
1
21
22
SIM5
SIM1
SIM2
SIM3
SIM4
1
21
22
SIM5
SIM1
SIM2
SIM3
SIM4
1
21
22
SIM5
SIM1
SIM2
SIM3
SIM4
1
21
22
SIM5
SIM1
SIM2
SIM3
SIM4
1
21
22
SIM5
SIM1
SIM2
SIM3
SIM4
1
21
22
SIM5
SIM1
SIM2
SIM3
SIM4
1
21
22
SIM5
SIM1
SIM2
SIM3
SIM4
1
21
22
SIM5
SIM1
SIM2
SIM3
SIM4
1
21
22
SIM5
SIM1
SIM2
SIM3
SIM4
1
21
22
SIM5
SIM1
SIM2
SIM3
SIM4
1
21
22
SIM5
SIM1
SIM2
SIM3
SIM4
1
21
22
SIM5
SIM1
SIM2
SIM3
SIM4
1
21
22
SIM5
SIM1
SIM2
SIM3
SIM4
1
21
22
SIM5
SIM1
SIM2
SIM3
SIM4
1
21
22
SIM5
SIM1
SIM2
SIM3
SIM4
1
21
22
SIM5
SIM1
SIM2
SIM3
SIM4
1
21
22
SIM5
SIM1
SIM2
SIM3
SIM4
1
21
22
SIM5
SIM1
SIM2
SIM3
SIM4
1
21
22
SIM5
SIM1
SIM2
SIM3
SIM4
1
21
22
SIM5
SIM1
SIM2
SIM3
SIM4
1
21
22
SIM5
SIM1
SIM2
SIM3
SIM4
1
21
22
SIM5
SIM1
SIM2
SIM3
SIM4
1
21
22
SIM5
SIM1
SIM2
SIM3
SIM4
1
21
22
SIM5
SIM1
SIM2
SIM3
SIM4
1
21
22
SIM5
SIM1
SIM2
SIM3
SIM4
1
21
22
SIM5
SIM1
SIM2
SIM3
SIM4
1
21
22
SIM5
SIM1
SIM2
SIM3
SIM4
1
21
22
SIM5
SIM1
SIM2
SIM3
SIM4
1
21
22
SIM5
SIM1
SIM2
SIM3
SIM4
1
21
22
SIM5
SIM1
SIM2
SIM3
SIM4
1
21
22
SIM5
SIM1
SIM2
SIM3
SIM4
1
21
22
SIM5
SIM1
SIM2
SIM3
SIM4
1
21
22
SIM5
SIM1
SIM2
SIM3
SIM4
1
21
22
SIM5
SIM1
SIM2
SIM3
SIM4
1
21
22
SIM5
SIM1
SIM2
SIM3
SIM4
1
21
22
SIM5
SIM1
SIM2
SIM3
SIM4
1
21
22
SIM5
SIM1
SIM2
SIM3
SIM4
1
21
22
SIM5
SIM1
SIM2
SIM3
SIM4
1
21
22
SIM5
SIM1
SIM2
SIM3
SIM4
1
21
22
SIM5
SIM1
SIM2
SIM3
SIM4
1
21
22
SIM5
SIM1
SIM2
SIM3
SIM4
1
21
22
SIM5
SIM1
SIM2
SIM3
SIM4
1
21
22
SIM5
SIM1
SIM2
SIM3
SIM4
1
21
22
SIM5
SIM1
SIM2
SIM3
SIM4
1
21
22
SIM5
SIM1
SIM2
SIM3
SIM4
1
21
22
SIM5
SIM1
SIM2
SIM3
SIM4
1
21
22
SIM5
SIM1
SIM2
SIM3
SIM4
1
21
22
SIM5
SIM1
SIM2
SIM3
SIM4
1
21
22
SIM5
SIM1
SIM2
SIM3
SIM4
1
21
22
SIM5
SIM1
SIM2
SIM3
SIM4
1
21
22
SIM5
SIM1
SIM2
SIM3
SIM4
1
21
22
SIM5
SIM1
SIM2
SIM3
SIM4
1
21
22
SIM5
SIM1
SIM2
SIM3
SIM4
1
21
22
SIM5
SIM1
SIM2
SIM3
SIM4
1
21
22
SIM5
SIM1
SIM2
SIM3
SIM4
1
21
22
SIM5
SIM1
SIM2
SIM3
SIM4
1
21
22
SIM5
SIM1
SIM2
SIM3
SIM4
1
21
22
SIM5
SIM1
SIM2
SIM3
SIM4
1
21
22
SIM5
SIM1
SIM2
SIM3
SIM4
1
21
22
SIM5
SIM1
SIM2
SIM3
SIM4
1
21
22
SIM5
SIM1
SIM2
SIM3
SIM4
1
21
22
SIM5
SIM1
SIM2
SIM3
SIM4
1
21
22
SIM5
SIM1
SIM2
SIM3
SIM4
1
21
22
SIM5
SIM1
SIM2
SIM3
SIM4
1
21
22
SIM5
SIM1
SIM2
SIM3
SIM4
1
21
22
SIM5
SIM1
SIM2
SIM3
SIM4
1
21
22
SIM5
SIM1
SIM2
SIM3
SIM4
1
21
22
SIM5
SIM1
SIM2
SIM3
SIM4
1
21
22
SIM5
SIM1
SIM2
SIM3
SIM4
1
21
22
SIM5
SIM1
SIM2
SIM3
SIM4
1
21
22
SIM5
SIM1
SIM2
SIM3
SIM4
1
21
22
SIM5
SIM1
SIM2
SIM3
SIM4
1
21
22
SIM5
SIM1
SIM2
SIM3
SIM4
1
21
22
SIM5
SIM1
SIM2
SIM3
SIM4
1
21
22
SIM5
SIM1
SIM2
SIM3
SIM4
1
21
22
SIM5
SIM1
SIM2
SIM3
SIM4
1
21
22
SIM5
SIM1
SIM2
SIM3
SIM4
1
21
22
SIM5
SIM1
SIM2
SIM3
SIM4
1
21
22
SIM5
SIM1
SIM2
SIM3
SIM4
1
21
22
SIM5
SIM1
SIM2
SIM3
SIM4
1
21
22
SIM5
SIM1
SIM2
SIM3
SIM4
1
21
22
SIM5
SIM1
SIM2
SIM3
SIM4
1
21
22
SIM5
SIM1
SIM2
SIM3
SIM4
1
21
22
SIM5
SIM1
SIM2
SIM3
SIM4
1
21
22
SIM5
SIM1
SIM2
SIM3
SIM4
1
21
22
SIM5
SIM1
SIM2
SIM3
SIM4
1
21
22
SIM5
SIM1
SIM2
SIM3
SIM4
1
21
22
SIM5
SIM1
SIM2
SIM3
SIM4
1
21
22
SIM5
SIM1
SIM2
SIM3
SIM4
1
21
22
SIM5
SIM1
SIM2
SIM3
SIM4
1
21
22
SIM5
SIM1
SIM2
SIM3
SIM4
1
21
22
SIM5
SIM1
SIM2
SIM3
SIM4
1
21
22
SIM5
SIM1
SIM2
SIM3
SIM4
1
21
22
SIM5
SIM1
SIM2
SIM3
SIM4
1
21
22
SIM5
SIM1
SIM2
SIM3
SIM4
1
21
22
SIM5
SIM1
SIM2
SIM3
SIM4
1
21
22
SIM5
SIM1
SIM2
SIM3
SIM4
1
21
22
SIM5
SIM1
SIM2
SIM3
SIM4
1
21
22
SIM5
SIM1
SIM2
SIM3
SIM4
1
21
22
SIM5
SIM1
SIM2
SIM3
SIM4
1
21
22
SIM5
SIM1
SIM2
DEBUG 1 568
SIM1
SIM2
SIM3
SIM4
1
21
22
SIM5
SIM1
SIM2
SIM3
SIM4
1
21
22
SIM5
SIM1
SIM2
SIM3
SIM4
1
21
22
SIM5
SIM1
SIM2
SIM3
SIM4
1
21
22
SIM5
SIM1
SIM2
SIM3
SIM4
1
21
22
SIM5
SIM1
SIM2
SIM3
SIM4
1
21
22
SIM5
SIM1
SIM2
SIM3
SIM4
1
21
22
SIM5
SIM1
SIM2
SIM3
SIM4
1
21
22
SIM5
SIM1
SIM2
SIM3
SIM4
1
21
22
SIM5
SIM1
SIM2
SIM3
SIM4
1
21
22
SIM5
SIM1
SIM2
SIM3
SIM4
1
21
22
SIM5
SIM1
SIM2
SIM3
SIM4
1
21
22
SIM5
SIM1
SIM2
SIM3
SIM4
1
21
22
SIM5
SIM1
SIM2
SIM3
SIM4
1
21
22
SIM5
SIM1
SIM2
SIM3
SIM4
1
21
22
SIM5
SIM1
SIM2
SIM3
SIM4
1
21
22
SIM5
SIM1
SIM2
SIM3
SIM4
1
21
22
SIM5
SIM1
SIM2
SIM3
SIM4
1
21
22
SIM5
SIM1
SIM2
SIM3
SIM4
1
21
22
SIM5
SIM1
SIM2
SIM3
SIM4
1
21
22
SIM5
SIM1
SIM2
SIM3
SIM4
1
21
22
SIM5
SIM1
SIM2
SIM3
SIM4
1
21
22
SIM5
SIM1
SIM2
SIM3
SIM4
1
21
22
SIM5
SIM1
SIM2
SIM3
SIM4
1
21
22
SIM5
SIM1
SIM2
SIM3
SIM4
1
21
22
SIM5
SIM1
SIM2
SIM3
SIM4
1
21
22
SIM5
SIM1
SIM2
SIM3
SIM4
1
21
22
SIM5
SIM1
SIM2
SIM3
SIM4
1
21
22
SIM5
SIM1
SIM2
SIM3
SIM4
1
21
22
SIM5
SIM1
SIM2
SIM3
SIM4
1
21
22
SIM5
SIM1
SIM2
SIM3
SIM4
1
21
22
SIM5
SIM1
SIM2
SIM3
SIM4
1
21
22
SIM5
SIM1
SIM2
SIM3
SIM4
1
21
22
SIM5
SIM1
SIM2
SIM3
SIM4
1
21
22
SIM5
SIM1
SIM2
SIM3
SIM4
1
21
22
SIM5
SIM1
SIM2
SIM3
SIM4
1
21
22
SIM5
SIM1
SIM2
SIM3
SIM4
1
21
22
SIM5
SIM1
SIM2
SIM3
SIM4
1
21
22
SIM5
SIM1
SIM2
SIM3
SIM4
1
21
22
SIM5
SIM1
SIM2
SIM3
SIM4
1
21
22
SIM5
SIM1
SIM2
SIM3
SIM4
1
21
22
SIM5
SIM1
SIM2
SIM3
SIM4
1
21
22
SIM5
SIM1
SIM2
SIM3
SIM4
1
21
22
SIM5
SIM1
SIM2
SIM3
SIM4
1
21
22
SIM5
SIM1
SIM2
SIM3
SIM4
1
21
22
SIM5
SIM1
SIM2
SIM3
SIM4
1
21
22
SIM5
SIM1
SIM2
SIM3
SIM4
1
21
22
SIM5
SIM1
SIM2
SIM3
SIM4
1
21
22
SIM5
SIM1
SIM2
SIM3
SIM4
1
21
22
SIM5
SIM1
SIM2
SIM3
SIM4
1
21
22
SIM5
SIM1
SIM2
SIM3
SIM4
1
21
22
SIM5
SIM1
SIM2
SIM3
SIM4
1
21
22
SIM5
SIM1
SIM2
SIM3
SIM4
1
21
22
SIM5
SIM1
SIM2
SIM3
SIM4
1
21
22
SIM5
SIM1
SIM2
SIM3
SIM4
1
21
22
SIM5
SIM1
SIM2
SIM3
SIM4
1
21
22
SIM5
SIM1
SIM2
SIM3
SIM4
1
21
22
SIM5
SIM1
SIM2
SIM3
SIM4
1
21
22
SIM5
SIM1
SIM2
SIM3
SIM4
1
21
22
SIM5
SIM1
SIM2
SIM3
SIM4
1
21
22
SIM5
SIM1
SIM2
SIM3
SIM4
1
21
22
SIM5
SIM1
SIM2
SIM3
SIM4
1
21
22
SIM5
SIM1
SIM2
SIM3
SIM4
1
21
22
SIM5
SIM1
SIM2
SIM3
SIM4
1
21
22
SIM5
SIM1
SIM2
SIM3
SIM4
1
21
22
SIM5
SIM1
SIM2
SIM3
SIM4
1
21
22
SIM5
SIM1
SIM2
SIM3
SIM4
1
21
22
SIM5
SIM1
SIM2
SIM3
SIM4
1
21
22
SIM5
SIM1
SIM2
SIM3
SIM4
1
21
22
SIM5
SIM1
SIM2
SIM3
SIM4
1
21
22
SIM5
SIM1
SIM2
SIM3
SIM4
1
21
22
SIM5
SIM1
SIM2
SIM3
SIM4
1
21
22
SIM5
SIM1
SIM2
SIM3
SIM4
1
21
22
SIM5
SIM1
SIM2
SIM3
SIM4
1
21
22
SIM5
SIM1
SIM2
SIM3
SIM4
1
21
22
SIM5
SIM1
SIM2
SIM3
SIM4
1
21
22
SIM5
SIM1
SIM2
SIM3
SIM4
1
21
22
SIM5
SIM1
SIM2
SIM3
SIM4
1
21
22
SIM5
SIM1
SIM2
SIM3
SIM4
1
21
22
SIM5
SIM1
SIM2
SIM3
SIM4
1
21
22
SIM5
SIM1
SIM2
SIM3
SIM4
1
21
22
SIM5
SIM1
SIM2
SIM3
SIM4
1
21
22
SIM5
SIM1
SIM2
SIM3
SIM4
1
21
22
SIM5
SIM1
SIM2
SIM3
SIM4
1
21
22
SIM5
SIM1
SIM2
SIM3
SIM4
1
21
22
SIM5
SIM1
SIM2
SIM3
SIM4
1
21
22
SIM5
SIM1
SIM2
SIM3
SIM4
1
21
22
SIM5
SIM1
SIM2
SIM3
SIM4
1
21
22
SIM5
SIM1
SIM2
SIM3
SIM4
1
21
22
SIM5
SIM1
SIM2
SIM3
SIM4
1
21
22
SIM5
SIM1
SIM2
SIM3
SIM4
1
21
22
SIM5
SIM1
SIM2
DEBUG 1 569
SIM1
SIM2
SIM3
SIM4
1
21
22
SIM5
SIM1
SIM2
SIM3
SIM4
1
21
22
SIM5
SIM1
SIM2
SIM3
SIM4
1
21
22
SIM5
SIM1
SIM2
SIM3
SIM4
1
21
22
SIM5
SIM1
SIM2
SIM3
SIM4
1
21
22
SIM5
SIM1
SIM2
SIM3
SIM4
1
21
22
SIM5
SIM1
SIM2
SIM3
SIM4
1
21
22
SIM5
SIM1
SIM2
SIM3
SIM4
1
21
22
SIM5
SIM1
SIM2
SIM3
SIM4
1
21
22
SIM5
SIM1
SIM2
SIM3
SIM4
1
21
22
SIM5
SIM1
SIM2
SIM3
SIM4
1
21
22
SIM5
SIM1
SIM2
SIM3
SIM4
1
21
22
SIM5
SIM1
SIM2
SIM3
SIM4
1
21
22
SIM5
SIM1
SIM2
SIM3
SIM4
1
21
22
SIM5
SIM1
SIM2
SIM3
SIM4
1
21
22
SIM5
SIM1
SIM2
SIM3
SIM4
1
21
22
SIM5
SIM1
SIM2
SIM3
SIM4
1
21
22
SIM5
SIM1
SIM2
SIM3
SIM4
1
21
22
SIM5
SIM1
SIM2
SIM3
SIM4
1
21
22
SIM5
SIM1
SIM2
SIM3
SIM4
1
21
22
SIM5
SIM1
SIM2
SIM3
SIM4
1
21
22
SIM5
SIM1
SIM2
SIM3
SIM4
1
21
22
SIM5
SIM1
SIM2
SIM3
SIM4
1
21
22
SIM5
SIM1
SIM2
SIM3
SIM4
1
21
22
SIM5
SIM1
SIM2
SIM3
SIM4
1
21
22
SIM5
SIM1
SIM2
SIM3
SIM4
1
21
22
SIM5
SIM1
SIM2
SIM3
SIM4
1
21
22
SIM5
SIM1
SIM2
SIM3
SIM4
1
21
22
SIM5
SIM1
SIM2
SIM3
SIM4
1
21
22
SIM5
SIM1
SIM2
SIM3
SIM4
1
21
22
SIM5
SIM1
SIM2
SIM3
SIM4
1
21
22
SIM5
SIM1
SIM2
SIM3
SIM4
1
21
22
SIM5
SIM1
SIM2
SIM3
SIM4
1
21
22
SIM5
SIM1
SIM2
SIM3
SIM4
1
21
22
SIM5
SIM1
SIM2
SIM3
SIM4
1
21
22
SIM5
SIM1
SIM2
SIM3
SIM4
1
21
22
SIM5
SIM1
SIM2
SIM3
SIM4
1
21
22
SIM5
SIM1
SIM2
SIM3
SIM4
1
21
22
SIM5
SIM1
SIM2
SIM3
SIM4
1
21
22
SIM5
SIM1
SIM2
SIM3
SIM4
1
21
22
SIM5
SIM1
SIM2
SIM3
SIM4
1
21
22
SIM5
SIM1
SIM2
SIM3
SIM4
1
21
22
SIM5
SIM1
SIM2
SIM3
SIM4
1
21
22
SIM5
SIM1
SIM2
SIM3
SIM4
1
21
22
SIM5
SIM1
SIM2
SIM3
SIM4
1
21
22
SIM5
SIM1
SIM2
SIM3
SIM4
1
21
22
SIM5
SIM1
SIM2
SIM3
SIM4
1
21
22
SIM5
SIM1
SIM2
SIM3
SIM4
1
21
22
SIM5
SIM1
SIM2
SIM3
SIM4
1
21
22
SIM5
SIM1
SIM2
SIM3
SIM4
1
21
22
SIM5
SIM1
SIM2
SIM3
SIM4
1
21
22
SIM5
SIM1
SIM2
SIM3
SIM4
1
21
22
SIM5
SIM1
SIM2
SIM3
SIM4
1
21
22
SIM5
SIM1
SIM2
SIM3
SIM4
1
21
22
SIM5
SIM1
SIM2
SIM3
SIM4
1
21
22
SIM5
SIM1
SIM2
SIM3
SIM4
1
21
22
SIM5
SIM1
SIM2
SIM3
SIM4
1
21
22
SIM5
SIM1
SIM2
SIM3
SIM4
1
21
22
SIM5
SIM1
SIM2
SIM3
SIM4
1
21
22
SIM5
SIM1
SIM2
SIM3
SIM4
1
21
22
SIM5
SIM1
SIM2
SIM3
SIM4
1
21
22
SIM5
SIM1
SIM2
SIM3
SIM4
1
21
22
SIM5
SIM1
SIM2
SIM3
SIM4
1
21
22
SIM5
SIM1
SIM2
SIM3
SIM4
1
21
22
SIM5
SIM1
SIM2
SIM3
SIM4
1
21
22
SIM5
SIM1
SIM2
SIM3
SIM4
1
21
22
SIM5
SIM1
SIM2
SIM3
SIM4
1
21
22
SIM5
SIM1
SIM2
SIM3
SIM4
1
21
22
SIM5
SIM1
SIM2
SIM3
SIM4
1
21
22
SIM5
SIM1
SIM2
SIM3
SIM4
1
21
22
SIM5
SIM1
SIM2
SIM3
SIM4
1
21
22
SIM5
SIM1
SIM2
SIM3
SIM4
1
21
22
SIM5
SIM1
SIM2
SIM3
SIM4
1
21
22
SIM5
SIM1
SIM2
SIM3
SIM4
1
21
22
SIM5
SIM1
SIM2
SIM3
SIM4
1
21
22
SIM5
SIM1
SIM2
SIM3
SIM4
1
21
22
SIM5
SIM1
SIM2
SIM3
SIM4
1
21
22
SIM5
SIM1
SIM2
SIM3
SIM4
1
21
22
SIM5
SIM1
SIM2
SIM3
SIM4
1
21
22
SIM5
SIM1
SIM2
SIM3
SIM4
1
21
22
SIM5
SIM1
SIM2
SIM3
SIM4
1
21
22
SIM5
SIM1
SIM2
SIM3
SIM4
1
21
22
SIM5
SIM1
SIM2
SIM3
SIM4
1
21
22
SIM5
SIM1
SIM2
SIM3
SIM4
1
21
22
SIM5
SIM1
SIM2
SIM3
SIM4
1
21
22
SIM5
SIM1
SIM2
SIM3
SIM4
1
21
22
SIM5
SIM1
SIM2
SIM3
SIM4
1
21
22
SIM5
SIM1
SIM2
SIM3
SIM4
1
21
22
SIM5
SIM1
SIM2
SIM3
SIM4
1
21
22
SIM5
SIM1
SIM2
SIM3
SIM4
1
21
22
SIM5
SIM1
SIM2
SIM3
SIM4
1
21
22
SIM5
SIM1
SIM2
SIM3
SIM4
1
21
22
SIM5
SIM1
SIM2
SIM3
SIM4
1
21
22
SIM5
SIM1
SIM2
SIM3
SIM4
1
21
22
SIM5
SIM1
SIM2
SIM3
SIM4
1
21
22
SIM5
SIM1
SIM2
SIM3
SIM4
1
21
22
SIM5
SIM1
SIM2
SIM3
SIM4
1
21
22
SIM5
SIM1
SIM2
SIM3
SIM4
1
21
22
SIM5
SIM1
SIM2
SIM3
SIM4
1
21
22
SIM5
SIM1
SIM2
SIM3
SIM4
1
21
22
SIM5
SIM1
SIM2
SIM3
SIM4
1
21
22
SIM5
SIM1
SIM2
SIM3
SIM4
1
21
22
SIM5
SIM1
SIM2
SIM3
SIM4
1
21
22
SIM5
SIM1
SIM2
SIM3
SIM4
1
21
22
SIM5
SIM1
SIM2
DEBUG 1 570
SIM1
SIM2
SIM3
SIM4
1
21
22
SIM5
SIM1
SIM2
SIM3
SIM4
1
21
22
SIM5
SIM1
SIM2
SIM3
SIM4
1
21
22
SIM5
SIM1
SIM2
SIM3
SIM4
1
21
22
SIM5
SIM1
SIM2
SIM3
SIM4
1
21
22
SIM5
SIM1
SIM2
SIM3
SIM4
1
21
22
SIM5
SIM1
SIM2
SIM3
SIM4
1
21
22
SIM5
SIM1
SIM2
SIM3
SIM4
1
21
22
SIM5
SIM1
SIM2
SIM3
SIM4
1
21
22
SIM5
SIM1
SIM2
SIM3
SIM4
1
21
22
SIM5
SIM1
SIM2
SIM3
SIM4
1
21
22
SIM5
SIM1
SIM2
SIM3
SIM4
1
21
22
SIM5
SIM1
SIM2
SIM3
SIM4
1
21
22
SIM5
SIM1
SIM2
SIM3
SIM4
1
21
22
SIM5
SIM1
SIM2
SIM3
SIM4
1
21
22
SIM5
SIM1
SIM2
SIM3
SIM4
1
21
22
SIM5
SIM1
SIM2
SIM3
SIM4
1
21
22
SIM5
SIM1
SIM2
SIM3
SIM4
1
21
22
SIM5
SIM1
SIM2
SIM3
SIM4
1
21
22
SIM5
SIM1
SIM2
SIM3
SIM4
1
21
22
SIM5
SIM1
SIM2
SIM3
SIM4
1
21
22
SIM5
SIM1
SIM2
SIM3
SIM4
1
21
22
SIM5
SIM1
SIM2
SIM3
SIM4
1
21
22
SIM5
SIM1
SIM2
SIM3
SIM4
1
21
22
SIM5
SIM1
SIM2
SIM3
SIM4
1
21
22
SIM5
SIM1
SIM2
SIM3
SIM4
1
21
22
SIM5
SIM1
SIM2
SIM3
SIM4
1
21
22
SIM5
SIM1
SIM2
SIM3
SIM4
1
21
22
SIM5
SIM1
SIM2
SIM3
SIM4
1
21
22
SIM5
SIM1
SIM2
SIM3
SIM4
1
21
22
SIM5
SIM1
SIM2
SIM3
SIM4
1
21
22
SIM5
SIM1
SIM2
SIM3
SIM4
1
21
22
SIM5
SIM1
SIM2
SIM3
SIM4
1
21
22
SIM5
SIM1
SIM2
SIM3
SIM4
1
21
22
SIM5
SIM1
SIM2
SIM3
SIM4
1
21
22
SIM5
SIM1
SIM2
SIM3
SIM4
1
21
22
SIM5
SIM1
SIM2
SIM3
SIM4
1
21
22
SIM5
SIM1
SIM2
SIM3
SIM4
1
21
22
SIM5
SIM1
SIM2
SIM3
SIM4
1
21
22
SIM5
SIM1
SIM2
SIM3
SIM4
1
21
22
SIM5
SIM1
SIM2
SIM3
SIM4
1
21
22
SIM5
SIM1
SIM2
SIM3
SIM4
1
21
22
SIM5
SIM1
SIM2
SIM3
SIM4
1
21
22
SIM5
SIM1
SIM2
SIM3
SIM4
1
21
22
SIM5
SIM1
SIM2
SIM3
SIM4
1
21
22
SIM5
SIM1
SIM2
SIM3
SIM4
1
21
22
SIM5
SIM1
SIM2
SIM3
SIM4
1
21
22
SIM5
SIM1
SIM2
SIM3
SIM4
1
21
22
SIM5
SIM1
SIM2
SIM3
SIM4
1
21
22
SIM5
SIM1
SIM2
SIM3
SIM4
1
21
22
SIM5
SIM1
SIM2
SIM3
SIM4
1
21
22
SIM5
SIM1
SIM2
SIM3
SIM4
1
21
22
SIM5
SIM1
SIM2
SIM3
SIM4
1
21
22
SIM5
SIM1
SIM2
SIM3
SIM4
1
21
22
SIM5
SIM1
SIM2
SIM3
SIM4
1
21
22
SIM5
SIM1
SIM2
SIM3
SIM4
1
21
22
SIM5
SIM1
SIM2
SIM3
SIM4
1
21
22
SIM5
SIM1
SIM2
SIM3
SIM4
1
21
22
SIM5
SIM1
SIM2
SIM3
SIM4
1
21
22
SIM5
SIM1
SIM2
SIM3
SIM4
1
21
22
SIM5
SIM1
SIM2
SIM3
SIM4
1
21
22
SIM5
SIM1
SIM2
SIM3
SIM4
1
21
22
SIM5
SIM1
SIM2
SIM3
SIM4
1
21
22
SIM5
SIM1
SIM2
SIM3
SIM4
1
21
22
SIM5
SIM1
SIM2
SIM3
SIM4
1
21
22
SIM5
SIM1
SIM2
SIM3
SIM4
1
21
22
SIM5
SIM1
SIM2
SIM3
SIM4
1
21
22
SIM5
SIM1
SIM2
SIM3
SIM4
1
21
22
SIM5
SIM1
SIM2
SIM3
SIM4
1
21
22
SIM5
SIM1
SIM2
SIM3
SIM4
1
21
22
SIM5
SIM1
SIM2
SIM3
SIM4
1
21
22
SIM5
SIM1
SIM2
SIM3
SIM4
1
21
22
SIM5
SIM1
SIM2
SIM3
SIM4
1
21
22
SIM5
SIM1
SIM2
SIM3
SIM4
1
21
22
SIM5
SIM1
SIM2
SIM3
SIM4
1
21
22
SIM5
SIM1
SIM2
SIM3
SIM4
1
21
22
SIM5
SIM1
SIM2
SIM3
SIM4
1
21
22
SIM5
SIM1
SIM2
SIM3
SIM4
1
21
22
SIM5
SIM1
SIM2
SIM3
SIM4
1
21
22
SIM5
SIM1
SIM2
SIM3
SIM4
1
21
22
SIM5
SIM1
SIM2
SIM3
SIM4
1
21
22
SIM5
SIM1
SIM2
SIM3
SIM4
1
21
22
SIM5
SIM1
SIM2
SIM3
SIM4
1
21
22
SIM5
SIM1
SIM2
SIM3
SIM4
1
21
22
SIM5
SIM1
SIM2
SIM3
SIM4
1
21
22
SIM5
SIM1
SIM2
SIM3
SIM4
1
21
22
SIM5
SIM1
SIM2
SIM3
SIM4
1
21
22
SIM5
SIM1
SIM2
SIM3
SIM4
1
21
22
SIM5
SIM1
SIM2
SIM3
SIM4
1
21
22
SIM5
SIM1
SIM2
SIM3
SIM4
1
21
22
SIM5
SIM1
SIM2
SIM3
SIM4
1
21
22
SIM5
SIM1
SIM2
SIM3
SIM4
1
21
22
SIM5
SIM1
SIM2
SIM3
SIM4
1
21
22
SIM5
SIM1
SIM2
SIM3
SIM4
1
21
22
SIM5
SIM1
SIM2
SIM3
SIM4
1
21
22
SIM5
SIM1
SIM2
SIM3
SIM4
1
21
22
SIM5
SIM1
SIM2
SIM3
SIM4
1
21
22
SIM5
SIM1
SIM2
SIM3
SIM4
1
21
22
SIM5
SIM1
SIM2
SIM3
SIM4
1
21
22
SIM5
SIM1
SIM2
SIM3
SIM4
1
21
22
SIM5
SIM1
SIM2
SIM3
SIM4
1
21
22
SIM5
SIM1
SIM2
SIM3
SIM4
1
21
22
SIM5
SIM1
SIM2
SIM3
SIM4
1
21
22
SIM5
SIM1
SIM2
SIM3
SIM4
1
21
22
SIM5
SIM1
SIM2
SIM3
SIM4
1
21
22
SIM5
SIM1
SIM2
SIM3
SIM4
1
21
22
SIM5
SIM1
SIM2
SIM3
SIM4
1
21
22
SIM5
SIM1
SIM2
SIM3
SIM4
1
21
22
SIM5
SIM1
SIM2
SIM3
SIM4
1
21
22
SIM5
SIM1
SIM2
SIM3
SIM4
1
21
22
SIM5
SIM1
SIM2
SIM3
SIM4
1
21
22
SIM5
SIM1
SIM2
SIM3
SIM4
1
21
22
SIM5
SIM1
SIM2
SIM3
SIM4
1
21
22
SIM5
SIM1
SIM2
SIM3
SIM4
1
21
22
SIM5
SIM1
SIM2
SIM3
SIM4
1
21
22
SIM5
SIM1
SIM2
SIM3
SIM4
1
21
22
SIM5
SIM1
SIM2
SIM3
SIM4
1
21
22
SIM5
SIM1
SIM2
SIM3
SIM4
1
21
22
SIM5
SIM1
SIM2
SIM3
SIM4
1
21
22
SIM5
SIM1
SIM2
SIM3
SIM4
1
21
22
SIM5
SIM1
SIM2
SIM3
SIM4
1
21
22
SIM5
SIM1
SIM2
SIM3
SIM4
1
21
22
SIM5
SIM1
SIM2
SIM3
SIM4
1
21
22
SIM5
SIM1
SIM2
SIM3
SIM4
1
21
22
SIM5
SIM1
SIM2
SIM3
SIM4
1
21
22
SIM5
SIM1
SIM2
SIM3
SIM4
1
21
22
SIM5
SIM1
SIM2
SIM3
SIM4
1
21
22
SIM5
SIM1
SIM2
SIM3
SIM4
1
21
22
SIM5
SIM1
SIM2
SIM3
SIM4
1
21
22
SIM5
SIM1
SIM2
SIM3
SIM4
1
21
22
SIM5
SIM1
SIM2
SIM3
SIM4
1
21
22
SIM5
SIM1
SIM2
SIM3
SIM4
1
21
22
SIM5
SIM1
SIM2
SIM3
SIM4
1
21
22
SIM5
SIM1
SIM2
SIM3
SIM4
1
21
22
SIM5
SIM1
SIM2
SIM3
SIM4
1
21
22
SIM5
SIM1
SIM2
SIM3
SIM4
1
21
22
SIM5
SIM1
SIM2
SIM3
SIM4
1
21
22
SIM5
SIM1
SIM2
SIM3
SIM4
1
21
22
SIM5
SIM1
SIM2
SIM3
SIM4
1
21
22
SIM5
SIM1
SIM2
SIM3
SIM4
1
21
22
SIM5
SIM1
SIM2
SIM3
SIM4
1
21
22
SIM5
SIM1
SIM2
SIM3
SIM4
1
21
22
SIM5
SIM1
SIM2
SIM3
SIM4
1
21
22
SIM5
SIM1
SIM2
SIM3
SIM4
1
21
22
SIM5
SIM1
SIM2
SIM3
SIM4
1
21
22
SIM5
SIM1
SIM2
SIM3
SIM4
1
21
22
SIM5
SIM1
SIM2
SIM3
SIM4
1
21
22
SIM5
SIM1
SIM2
SIM3
SIM4
1
21
22
SIM5
SIM1
SIM2
SIM3
SIM4
1
21
22
SIM5
SIM1
SIM2
SIM3
SIM4
1
21
22
SIM5
SIM1
SIM2
SIM3
SIM4
1
21
22
SIM5
SIM1
SIM2
SIM3
SIM4
1
21
22
SIM5
SIM1
SIM2
SIM3
SIM4
1
21
22
SIM5
SIM1
SIM2
SIM3
SIM4
1
21
22
SIM5
SIM1
SIM2
SIM3
SIM4
1
21
22
SIM5
SIM1
SIM2
SIM3
SIM4
1
21
22
SIM5
SIM1
SIM2
SIM3
SIM4
1
21
22
SIM5
SIM1
SIM2
SIM3
SIM4
1
21
22
SIM5
SIM1
SIM2
SIM3
SIM4
1
21
22
SIM5
SIM1
SIM2
SIM3
SIM4
1
21
22
SIM5
SIM1
SIM2
SIM3
SIM4
1
21
22
SIM5
SIM1
SIM2
SIM3
SIM4
1
21
22
SIM5
SIM1
SIM2
SIM3
SIM4
1
21
22
SIM5
SIM1
SIM2
SIM3
SIM4
1
21
22
SIM5
SIM1
SIM2
SIM3
SIM4
1
21
22
SIM5
SIM1
SIM2
SIM3
SIM4
1
21
22
SIM5
SIM1
SIM2
SIM3
SIM4
1
21
22
SIM5
SIM1
SIM2
SIM3
SIM4
1
21
22
SIM5
SIM1
SIM2
SIM3
SIM4
1
21
22
SIM5
SIM1
SIM2
SIM3
SIM4
1
21
22
SIM5
SIM1
SIM2
SIM3
SIM4
1
21
22
SIM5
SIM1
SIM2
SIM3
SIM4
1
21
22
SIM5
SIM1
SIM2
SIM3
SIM4
1
21
22
SIM5
SIM1
SIM2
SIM3
SIM4
1
21
22
SIM5
SIM1
SIM2
SIM3
SIM4
1
21
22
SIM5
SIM1
SIM2
SIM3
SIM4
1
21
22
SIM5
SIM1
SIM2
SIM3
SIM4
1
21
22
SIM5
SIM1
SIM2
SIM3
SIM4
1
21
22
SIM5
SIM1
SIM2
SIM3
SIM4
1
21
22
SIM5
SIM1
SIM2
SIM3
SIM4
1
21
22
SIM5
SIM1
SIM2
SIM3
SIM4
1
21
22
SIM5
SIM1
SIM2
SIM3
SIM4
1
21
22
SIM5
SIM1
SIM2
SIM3
SIM4
1
21
22
SIM5
SIM1
SIM2
SIM3
SIM4
1
21
22
SIM5
SIM1
SIM2
SIM3
SIM4
1
21
22
SIM5
SIM1
SIM2
SIM3
SIM4
1
21
22
SIM5
SIM1
SIM2
SIM3
SIM4
1
21
22
SIM5
SIM1
SIM2
SIM3
SIM4
1
21
22
SIM5
SIM1
SIM2
SIM3
SIM4
1
21
22
SIM5
SIM1
SIM2
SIM3
SIM4
1
21
22
SIM5
SIM1
SIM2
SIM3
SIM4
1
21
22
SIM5
SIM1
SIM2
SIM3
SIM4
1
21
22
SIM5
SIM1
SIM2
SIM3
SIM4
1
21
22
SIM5
SIM1
SIM2
SIM3
SIM4
1
21
22
SIM5
SIM1
SIM2
SIM3
SIM4
1
21
22
SIM5
SIM1
SIM2
SIM3
SIM4
1
21
22
SIM5
SIM1
SIM2
SIM3
SIM4
1
21
22
SIM5
SIM1
SIM2
SIM3
SIM4
1
21
22
SIM5
SIM1
SIM2
SIM3
SIM4
1
21
22
SIM5
SIM1
SIM2
SIM3
SIM4
1
21
22
SIM5
SIM1
SIM2
SIM3
SIM4
1
21
22
SIM5
SIM1
SIM2
SIM3
SIM4
1
21
22
SIM5
SIM1
SIM2
SIM3
SIM4
1
21
22
SIM5
SIM1
SIM2
SIM3
SIM4
1
21
22
SIM5
SIM1
SIM2
SIM3
SIM4
1
21
22
SIM5
SIM1
SIM2
SIM3
SIM4
1
21
22
SIM5
SIM1
SIM2
SIM3
SIM4
1
21
22
SIM5
SIM1
SIM2
SIM3
SIM4
1
21
22
SIM5
SIM1
SIM2
SIM3
SIM4
1
21
22
SIM5
SIM1
SIM2
SIM3
SIM4
1
21
22
SIM5
SIM1
SIM2
SIM3
SIM4
1
21
22
SIM5
SIM1
SIM2
SIM3
SIM4
1
21
22
SIM5
SIM1
SIM2
SIM3
SIM4
1
21
22
SIM5
SIM1
SIM2
SIM3
SIM4
1
21
22
SIM5
SIM1
SIM2
SIM3
SIM4
1
21
22
SIM5
SIM1
SIM2
SIM3
SIM4
1
21
22
SIM5
SIM1
SIM2
SIM3
SIM4
1
21
22
SIM5
SIM1
SIM2
SIM3
SIM4
1
21
22
SIM5
SIM1
SIM2
SIM3
SIM4
1
21
22
SIM5
SIM1
SIM2
SIM3
SIM4
1
21
22
SIM5
SIM1
SIM2
SIM3
SIM4
1
21
22
SIM5
SIM1
SIM2
SIM3
SIM4
1
21
22
SIM5
SIM1
SIM2
SIM3
SIM4
1
21
22
SIM5
SIM1
SIM2
SIM3
SIM4
1
21
22
SIM5
SIM1
SIM2
SIM3
SIM4
1
21
22
SIM5
SIM1
SIM2
SIM3
SIM4
1
21
22
SIM5
SIM1
SIM2
SIM3
SIM4
1
21
22
SIM5
SIM1
SIM2
SIM3
SIM4
1
21
22
SIM5
SIM1
SIM2
SIM3
SIM4
1
21
22
SIM5
SIM1
SIM2
SIM3
SIM4
1
21
22
SIM5
SIM1
SIM2
SIM3
SIM4
1
21
22
SIM5
SIM1
SIM2
SIM3
SIM4
1
21
22
SIM5
SIM1
SIM2
SIM3
SIM4
1
21
22
SIM5
SIM1
SIM2
DEBUG 1 571
SIM1
SIM2
SIM3
SIM4
1
21
22
SIM5
SIM1
SIM2
SIM3
SIM4
1
21
22
SIM5
SIM1
SIM2
SIM3
SIM4
1
21
22
SIM5
SIM1
SIM2
SIM3
SIM4
1
21
22
SIM5
SIM1
SIM2
SIM3
SIM4
1
21
22
SIM5
SIM1
SIM2
SIM3
SIM4
1
21
22
SIM5
SIM1
SIM2
SIM3
SIM4
1
21
22
SIM5
SIM1
SIM2
SIM3
SIM4
1
21
22
SIM5
SIM1
SIM2
SIM3
SIM4
1
21
22
SIM5
SIM1
SIM2
SIM3
SIM4
1
21
22
SIM5
SIM1
SIM2
SIM3
SIM4
1
21
22
SIM5
SIM1
SIM2
SIM3
SIM4
1
21
22
SIM5
SIM1
SIM2
SIM3
SIM4
1
21
22
SIM5
SIM1
SIM2
SIM3
SIM4
1
21
22
SIM5
SIM1
SIM2
SIM3
SIM4
1
21
22
SIM5
SIM1
SIM2
SIM3
SIM4
1
21
22
SIM5
SIM1
SIM2
SIM3
SIM4
1
21
22
SIM5
SIM1
SIM2
SIM3
SIM4
1
21
22
SIM5
SIM1
SIM2
SIM3
SIM4
1
21
22
SIM5
SIM1
SIM2
SIM3
SIM4
1
21
22
SIM5
SIM1
SIM2
SIM3
SIM4
1
21
22
SIM5
SIM1
SIM2
SIM3
SIM4
1
21
22
SIM5
SIM1
SIM2
SIM3
SIM4
1
21
22
SIM5
SIM1
SIM2
SIM3
SIM4
1
21
22
SIM5
SIM1
SIM2
SIM3
SIM4
1
21
22
SIM5
SIM1
SIM2
SIM3
SIM4
1
21
22
SIM5
SIM1
SIM2
SIM3
SIM4
1
21
22
SIM5
SIM1
SIM2
SIM3
SIM4
1
21
22
SIM5
SIM1
SIM2
SIM3
SIM4
1
21
22
SIM5
SIM1
SIM2
SIM3
SIM4
1
21
22
SIM5
SIM1
SIM2
SIM3
SIM4
1
21
22
SIM5
SIM1
SIM2
SIM3
SIM4
1
21
22
SIM5
SIM1
SIM2
SIM3
SIM4
1
21
22
SIM5
SIM1
SIM2
SIM3
SIM4
1
21
22
SIM5
SIM1
SIM2
SIM3
SIM4
1
21
22
SIM5
SIM1
SIM2
SIM3
SIM4
1
21
22
SIM5
SIM1
SIM2
SIM3
SIM4
1
21
22
SIM5
SIM1
SIM2
SIM3
SIM4
1
21
22
SIM5
SIM1
SIM2
SIM3
SIM4
1
21
22
SIM5
SIM1
SIM2
SIM3
SIM4
1
21
22
SIM5
SIM1
SIM2
SIM3
SIM4
1
21
22
SIM5
SIM1
SIM2
SIM3
SIM4
1
21
22
SIM5
SIM1
SIM2
SIM3
SIM4
1
21
22
SIM5
SIM1
SIM2
SIM3
SIM4
1
21
22
SIM5
SIM1
SIM2
SIM3
SIM4
1
21
22
SIM5
SIM1
SIM2
SIM3
SIM4
1
21
22
SIM5
SIM1
SIM2
SIM3
SIM4
1
21
22
SIM5
SIM1
SIM2
SIM3
SIM4
1
21
22
SIM5
SIM1
SIM2
SIM3
SIM4
1
21
22
SIM5
SIM1
SIM2
SIM3
SIM4
1
21
22
SIM5
SIM1
SIM2
SIM3
SIM4
1
21
22
SIM5
SIM1
SIM2
SIM3
SIM4
1
21
22
SIM5
SIM1
SIM2
SIM3
SIM4
1
21
22
SIM5
SIM1
SIM2
SIM3
SIM4
1
21
22
SIM5
SIM1
SIM2
SIM3
SIM4
1
21
22
SIM5
SIM1
SIM2
SIM3
SIM4
1
21
22
SIM5
SIM1
SIM2
SIM3
SIM4
1
21
22
SIM5
SIM1
SIM2
SIM3
SIM4
1
21
22
SIM5
SIM1
SIM2
SIM3
SIM4
1
21
22
SIM5
SIM1
SIM2
SIM3
SIM4
1
21
22
SIM5
SIM1
SIM2
SIM3
SIM4
1
21
22
SIM5
SIM1
SIM2
SIM3
SIM4
1
21
22
SIM5
SIM1
SIM2
SIM3
SIM4
1
21
22
SIM5
SIM1
SIM2
SIM3
SIM4
1
21
22
SIM5
SIM1
SIM2
SIM3
SIM4
1
21
22
SIM5
SIM1
SIM2
SIM3
SIM4
1
21
22
SIM5
SIM1
SIM2
SIM3
SIM4
1
21
22
SIM5
SIM1
SIM2
SIM3
SIM4
1
21
22
SIM5
SIM1
SIM2
SIM3
SIM4
1
21
22
SIM5
SIM1
SIM2
SIM3
SIM4
1
21
22
SIM5
SIM1
SIM2
SIM3
SIM4
1
21
22
SIM5
SIM1
SIM2
SIM3
SIM4
1
21
22
SIM5
SIM1
SIM2
SIM3
SIM4
1
21
22
SIM5
SIM1
SIM2
SIM3
SIM4
1
21
22
SIM5
SIM1
SIM2
SIM3
SIM4
1
21
22
SIM5
SIM1
SIM2
SIM3
SIM4
1
21
22
SIM5
SIM1
SIM2
SIM3
SIM4
1
21
22
SIM5
SIM1
SIM2
SIM3
SIM4
1
21
22
SIM5
SIM1
SIM2
SIM3
SIM4
1
21
22
SIM5
SIM1
SIM2
SIM3
SIM4
1
21
22
SIM5
SIM1
SIM2
SIM3
SIM4
1
21
22
SIM5
SIM1
SIM2
SIM3
SIM4
1
21
22
SIM5
SIM1
SIM2
SIM3
SIM4
1
21
22
SIM5
SIM1
SIM2
SIM3
SIM4
1
21
22
SIM5
SIM1
SIM2
SIM3
SIM4
1
21
22
SIM5
SIM1
SIM2
SIM3
SIM4
1
21
22
SIM5
SIM1
SIM2
SIM3
SIM4
1
21
22
SIM5
SIM1
SIM2
SIM3
SIM4
1
21
22
SIM5
SIM1
SIM2
SIM3
SIM4
1
21
22
SIM5
SIM1
SIM2
SIM3
SIM4
1
21
22
SIM5
SIM1
SIM2
SIM3
SIM4
1
21
22
SIM5
SIM1
SIM2
SIM3
SIM4
1
21
22
SIM5
SIM1
SIM2
SIM3
SIM4
1
21
22
SIM5
SIM1
SIM2
SIM3
SIM4
1
21
22
SIM5
SIM1
SIM2
SIM3
SIM4
1
21
22
SIM5
SIM1
SIM2
SIM3
SIM4
1
21
22
SIM5
SIM1
SIM2
SIM3
SIM4
1
21
22
SIM5
SIM1
SIM2
SIM3
SIM4
1
21
22
SIM5
SIM1
SIM2
SIM3
SIM4
1
21
22
SIM5
SIM1
SIM2
SIM3
SIM4
1
21
22
SIM5
SIM1
SIM2
SIM3
SIM4
1
21
22
SIM5
SIM1
SIM2
SIM3
SIM4
1
21
22
SIM5
SIM1
SIM2
SIM3
SIM4
1
21
22
SIM5
SIM1
SIM2
SIM3
SIM4
1
21
22
SIM5
SIM1
SIM2
SIM3
SIM4
1
21
22
SIM5
SIM1
SIM2
SIM3
SIM4
1
21
22
SIM5
SIM1
SIM2
SIM3
SIM4
1
21
22
SIM5
SIM1
SIM2
SIM3
SIM4
1
21
22
SIM5
SIM1
SIM2
SIM3
SIM4
1
21
22
SIM5
SIM1
SIM2
SIM3
SIM4
1
21
22
SIM5
SIM1
SIM2
SIM3
SIM4
1
21
22
SIM5
SIM1
SIM2
SIM3
SIM4
1
21
22
SIM5
SIM1
SIM2
SIM3
SIM4
1
21
22
SIM5
SIM1
SIM2
SIM3
SIM4
1
21
22
SIM5
SIM1
SIM2
SIM3
SIM4
1
21
22
SIM5
SIM1
SIM2
SIM3
SIM4
1
21
22
SIM5
SIM1
SIM2
SIM3
SIM4
1
21
22
SIM5
SIM1
SIM2
SIM3
SIM4
1
21
22
SIM5
SIM1
SIM2
SIM3
SIM4
1
21
22
SIM5
SIM1
SIM2
SIM3
SIM4
1
21
22
SIM5
SIM1
SIM2
SIM3
SIM4
1
21
22
SIM5
SIM1
SIM2
SIM3
SIM4
1
21
22
SIM5
SIM1
SIM2
SIM3
SIM4
1
21
22
SIM5
SIM1
SIM2
SIM3
SIM4
1
21
22
SIM5
SIM1
SIM2
SIM3
SIM4
1
21
22
SIM5
SIM1
SIM2
SIM3
SIM4
1
21
22
SIM5
SIM1
SIM2
SIM3
SIM4
1
21
22
SIM5
SIM1
SIM2
SIM3
SIM4
1
21
22
SIM5
SIM1
SIM2
SIM3
SIM4
1
21
22
SIM5
SIM1
SIM2
SIM3
SIM4
1
21
22
SIM5
SIM1
SIM2
SIM3
SIM4
1
21
22
SIM5
SIM1
SIM2
SIM3
SIM4
1
21
22
SIM5
SIM1
SIM2
SIM3
SIM4
1
21
22
SIM5
SIM1
SIM2
SIM3
SIM4
1
21
22
SIM5
SIM1
SIM2
SIM3
SIM4
1
21
22
SIM5
SIM1
SIM2
SIM3
SIM4
1
21
22
SIM5
SIM1
SIM2
SIM3
SIM4
1
21
22
SIM5
SIM1
SIM2
SIM3
SIM4
1
21
22
SIM5
SIM1
SIM2
SIM3
SIM4
1
21
22
SIM5
SIM1
SIM2
SIM3
SIM4
1
21
22
SIM5
SIM1
SIM2
SIM3
SIM4
1
21
22
SIM5
SIM1
SIM2
DEBUG 1 572
SIM1
SIM2
SIM3
SIM4
1
21
22
SIM5
SIM1
SIM2
SIM3
SIM4
1
21
22
SIM5
SIM1
SIM2
SIM3
SIM4
1
21
22
SIM5
SIM1
SIM2
SIM3
SIM4
1
21
22
SIM5
SIM1
SIM2
SIM3
SIM4
1
21
22
SIM5
SIM1
SIM2
SIM3
SIM4
1
21
22
SIM5
SIM1
SIM2
SIM3
SIM4
1
21
22
SIM5
SIM1
SIM2
SIM3
SIM4
1
21
22
SIM5
SIM1
SIM2
SIM3
SIM4
1
21
22
SIM5
SIM1
SIM2
SIM3
SIM4
1
21
22
SIM5
SIM1
SIM2
SIM3
SIM4
1
21
22
SIM5
SIM1
SIM2
SIM3
SIM4
1
21
22
SIM5
SIM1
SIM2
SIM3
SIM4
1
21
22
SIM5
SIM1
SIM2
SIM3
SIM4
1
21
22
SIM5
SIM1
SIM2
SIM3
SIM4
1
21
22
SIM5
SIM1
SIM2
SIM3
SIM4
1
21
22
SIM5
SIM1
SIM2
SIM3
SIM4
1
21
22
SIM5
SIM1
SIM2
SIM3
SIM4
1
21
22
SIM5
SIM1
SIM2
SIM3
SIM4
1
21
22
SIM5
SIM1
SIM2
SIM3
SIM4
1
21
22
SIM5
SIM1
SIM2
SIM3
SIM4
1
21
22
SIM5
SIM1
SIM2
SIM3
SIM4
1
21
22
SIM5
SIM1
SIM2
SIM3
SIM4
1
21
22
SIM5
SIM1
SIM2
SIM3
SIM4
1
21
22
SIM5
SIM1
SIM2
SIM3
SIM4
1
21
22
SIM5
SIM1
SIM2
SIM3
SIM4
1
21
22
SIM5
SIM1
SIM2
SIM3
SIM4
1
21
22
SIM5
SIM1
SIM2
SIM3
SIM4
1
21
22
SIM5
SIM1
SIM2
SIM3
SIM4
1
21
22
SIM5
SIM1
SIM2
SIM3
SIM4
1
21
22
SIM5
SIM1
SIM2
SIM3
SIM4
1
21
22
SIM5
SIM1
SIM2
SIM3
SIM4
1
21
22
SIM5
SIM1
SIM2
SIM3
SIM4
1
21
22
SIM5
SIM1
SIM2
SIM3
SIM4
1
21
22
SIM5
SIM1
SIM2
SIM3
SIM4
1
21
22
SIM5
SIM1
SIM2
SIM3
SIM4
1
21
22
SIM5
SIM1
SIM2
SIM3
SIM4
1
21
22
SIM5
SIM1
SIM2
SIM3
SIM4
1
21
22
SIM5
SIM1
SIM2
SIM3
SIM4
1
21
22
SIM5
SIM1
SIM2
SIM3
SIM4
1
21
22
SIM5
SIM1
SIM2
SIM3
SIM4
1
21
22
SIM5
SIM1
SIM2
SIM3
SIM4
1
21
22
SIM5
SIM1
SIM2
SIM3
SIM4
1
21
22
SIM5
SIM1
SIM2
SIM3
SIM4
1
21
22
SIM5
SIM1
SIM2
SIM3
SIM4
1
21
22
SIM5
SIM1
SIM2
SIM3
SIM4
1
21
22
SIM5
SIM1
SIM2
SIM3
SIM4
1
21
22
SIM5
SIM1
SIM2
SIM3
SIM4
1
21
22
SIM5
SIM1
SIM2
SIM3
SIM4
1
21
22
SIM5
SIM1
SIM2
SIM3
SIM4
1
21
22
SIM5
SIM1
SIM2
SIM3
SIM4
1
21
22
SIM5
SIM1
SIM2
SIM3
SIM4
1
21
22
SIM5
SIM1
SIM2
SIM3
SIM4
1
21
22
SIM5
SIM1
SIM2
SIM3
SIM4
1
21
22
SIM5
SIM1
SIM2
SIM3
SIM4
1
21
22
SIM5
SIM1
SIM2
SIM3
SIM4
1
21
22
SIM5
SIM1
SIM2
SIM3
SIM4
1
21
22
SIM5
SIM1
SIM2
SIM3
SIM4
1
21
22
SIM5
SIM1
SIM2
SIM3
SIM4
1
21
22
SIM5
SIM1
SIM2
SIM3
SIM4
1
21
22
SIM5
SIM1
SIM2
SIM3
SIM4
1
21
22
SIM5
SIM1
SIM2
SIM3
SIM4
1
21
22
SIM5
SIM1
SIM2
SIM3
SIM4
1
21
22
SIM5
SIM1
SIM2
SIM3
SIM4
1
21
22
SIM5
SIM1
SIM2
SIM3
SIM4
1
21
22
SIM5
SIM1
SIM2
SIM3
SIM4
1
21
22
SIM5
SIM1
SIM2
SIM3
SIM4
1
21
22
SIM5
SIM1
SIM2
SIM3
SIM4
1
21
22
SIM5
SIM1
SIM2
SIM3
SIM4
1
21
22
SIM5
SIM1
SIM2
SIM3
SIM4
1
21
22
SIM5
SIM1
SIM2
SIM3
SIM4
1
21
22
SIM5
SIM1
SIM2
SIM3
SIM4
1
21
22
SIM5
SIM1
SIM2
SIM3
SIM4
1
21
22
SIM5
SIM1
SIM2
SIM3
SIM4
1
21
22
SIM5
SIM1
SIM2
SIM3
SIM4
1
21
22
SIM5
SIM1
SIM2
SIM3
SIM4
1
21
22
SIM5
SIM1
SIM2
SIM3
SIM4
1
21
22
SIM5
SIM1
SIM2
SIM3
SIM4
1
21
22
SIM5
SIM1
SIM2
SIM3
SIM4
1
21
22
SIM5
SIM1
SIM2
SIM3
SIM4
1
21
22
SIM5
SIM1
SIM2
SIM3
SIM4
1
21
22
SIM5
SIM1
SIM2
SIM3
SIM4
1
21
22
SIM5
SIM1
SIM2
SIM3
SIM4
1
21
22
SIM5
SIM1
SIM2
SIM3
SIM4
1
21
22
SIM5
SIM1
SIM2
SIM3
SIM4
1
21
22
SIM5
SIM1
SIM2
SIM3
SIM4
1
21
22
SIM5
SIM1
SIM2
SIM3
SIM4
1
21
22
SIM5
SIM1
SIM2
SIM3
SIM4
1
21
22
SIM5
SIM1
SIM2
SIM3
SIM4
1
21
22
SIM5
SIM1
SIM2
SIM3
SIM4
1
21
22
SIM5
SIM1
SIM2
SIM3
SIM4
1
21
22
SIM5
SIM1
SIM2
SIM3
SIM4
1
21
22
SIM5
SIM1
SIM2
SIM3
SIM4
1
21
22
SIM5
SIM1
SIM2
SIM3
SIM4
1
21
22
SIM5
SIM1
SIM2
SIM3
SIM4
1
21
22
SIM5
SIM1
SIM2
SIM3
SIM4
1
21
22
SIM5
SIM1
SIM2
SIM3
SIM4
1
21
22
SIM5
SIM1
SIM2
SIM3
SIM4
1
21
22
SIM5
SIM1
SIM2
SIM3
SIM4
1
21
22
SIM5
SIM1
SIM2
SIM3
SIM4
1
21
22
SIM5
SIM1
SIM2
SIM3
SIM4
1
21
22
SIM5
SIM1
SIM2
SIM3
SIM4
1
21
22
SIM5
SIM1
SIM2
SIM3
SIM4
1
21
22
SIM5
SIM1
SIM2
SIM3
SIM4
1
21
22
SIM5
SIM1
SIM2
SIM3
SIM4
1
21
22
SIM5
SIM1
SIM2
SIM3
SIM4
1
21
22
SIM5
SIM1
SIM2
SIM3
SIM4
1
21
22
SIM5
SIM1
SIM2
SIM3
SIM4
1
21
22
SIM5
SIM1
SIM2
SIM3
SIM4
1
21
22
SIM5
SIM1
SIM2
SIM3
SIM4
1
21
22
SIM5
SIM1
SIM2
SIM3
SIM4
1
21
22
SIM5
SIM1
SIM2
SIM3
SIM4
1
21
22
SIM5
SIM1
SIM2
SIM3
SIM4
1
21
22
SIM5
SIM1
SIM2
SIM3
SIM4
1
21
22
SIM5
SIM1
SIM2
SIM3
SIM4
1
21
22
SIM5
SIM1
SIM2
SIM3
SIM4
1
21
22
SIM5
SIM1
SIM2
SIM3
SIM4
1
21
22
SIM5
SIM1
SIM2
SIM3
SIM4
1
21
22
SIM5
SIM1
SIM2
SIM3
SIM4
1
21
22
SIM5
SIM1
SIM2
SIM3
SIM4
1
21
22
SIM5
SIM1
SIM2
SIM3
SIM4
1
21
22
SIM5
SIM1
SIM2
SIM3
SIM4
1
21
22
SIM5
SIM1
SIM2
SIM3
SIM4
1
21
22
SIM5
SIM1
SIM2
SIM3
SIM4
1
21
22
SIM5
SIM1
SIM2
SIM3
SIM4
1
21
22
SIM5
SIM1
SIM2
SIM3
SIM4
1
21
22
SIM5
SIM1
SIM2
SIM3
SIM4
1
21
22
SIM5
SIM1
SIM2
SIM3
SIM4
1
21
22
SIM5
SIM1
SIM2
SIM3
SIM4
1
21
22
SIM5
SIM1
SIM2
SIM3
SIM4
1
21
22
SIM5
SIM1
SIM2
SIM3
SIM4
1
21
22
SIM5
SIM1
SIM2
SIM3
SIM4
1
21
22
SIM5
SIM1
SIM2
SIM3
SIM4
1
21
22
SIM5
SIM1
SIM2
SIM3
SIM4
1
21
22
SIM5
SIM1
SIM2
SIM3
SIM4
1
21
22
SIM5
SIM1
SIM2
SIM3
SIM4
1
21
22
SIM5
SIM1
SIM2
SIM3
SIM4
1
21
22
SIM5
SIM1
SIM2
SIM3
SIM4
1
21
22
SIM5
SIM1
SIM2
SIM3
SIM4
1
21
22
SIM5
SIM1
SIM2
SIM3
SIM4
1
21
22
SIM5
SIM1
SIM2
SIM3
SIM4
1
21
22
SIM5
SIM1
SIM2
SIM3
SIM4
1
21
22
SIM5
SIM1
SIM2
SIM3
SIM4
1
21
22
SIM5
SIM1
SIM2
SIM3
SIM4
1
21
22
SIM5
SIM1
SIM2
SIM3
SIM4
1
21
22
SIM5
SIM1
SIM2
SIM3
SIM4
1
21
22
SIM5
SIM1
SIM2
SIM3
SIM4
1
21
22
SIM5
SIM1
SIM2
SIM3
SIM4
1
21
22
SIM5
SIM1
SIM2
SIM3
SIM4
1
21
22
SIM5
SIM1
SIM2
SIM3
SIM4
1
21
22
SIM5
SIM1
SIM2
SIM3
SIM4
1
21
22
SIM5
SIM1
SIM2
SIM3
SIM4
1
21
22
SIM5
SIM1
SIM2
SIM3
SIM4
1
21
22
SIM5
SIM1
SIM2
SIM3
SIM4
1
21
22
SIM5
SIM1
SIM2
SIM3
SIM4
1
21
22
SIM5
SIM1
SIM2
SIM3
SIM4
1
21
22
SIM5
SIM1
SIM2
SIM3
SIM4
1
21
22
SIM5
SIM1
SIM2
SIM3
SIM4
1
21
22
SIM5
SIM1
SIM2
SIM3
SIM4
1
21
22
SIM5
SIM1
SIM2
SIM3
SIM4
1
21
22
SIM5
SIM1
SIM2
SIM3
SIM4
1
21
22
SIM5
SIM1
SIM2
SIM3
SIM4
1
21
22
SIM5
SIM1
SIM2
SIM3
SIM4
1
21
22
SIM5
SIM1
SIM2
SIM3
SIM4
1
21
22
SIM5
SIM1
SIM2
SIM3
SIM4
1
21
22
SIM5
SIM1
SIM2
SIM3
SIM4
1
21
22
SIM5
SIM1
SIM2
SIM3
SIM4
1
21
22
SIM5
SIM1
SIM2
SIM3
SIM4
1
21
22
SIM5
SIM1
SIM2
SIM3
SIM4
1
21
22
SIM5
SIM1
SIM2
SIM3
SIM4
1
21
22
SIM5
SIM1
SIM2
SIM3
SIM4
1
21
22
SIM5
SIM1
SIM2
SIM3
SIM4
1
21
22
SIM5
SIM1
SIM2
SIM3
SIM4
1
21
22
SIM5
SIM1
SIM2
SIM3
SIM4
1
21
22
SIM5
SIM1
SIM2
SIM3
SIM4
1
21
22
SIM5
SIM1
SIM2
SIM3
SIM4
1
21
22
SIM5
SIM1
SIM2
SIM3
SIM4
1
21
22
SIM5
SIM1
SIM2
SIM3
SIM4
1
21
22
SIM5
SIM1
SIM2
SIM3
SIM4
1
21
22
SIM5
SIM1
SIM2
SIM3
SIM4
1
21
22
SIM5
SIM1
SIM2
SIM3
SIM4
1
21
22
SIM5
SIM1
SIM2
SIM3
SIM4
1
21
22
SIM5
SIM1
SIM2
SIM3
SIM4
1
21
22
SIM5
SIM1
SIM2
SIM3
SIM4
1
21
22
SIM5
SIM1
SIM2
SIM3
SIM4
1
21
22
SIM5
SIM1
SIM2
SIM3
SIM4
1
21
22
SIM5
SIM1
SIM2
SIM3
SIM4
1
21
22
SIM5
SIM1
SIM2
SIM3
SIM4
1
21
22
SIM5
SIM1
SIM2
SIM3
SIM4
1
21
22
SIM5
SIM1
SIM2
SIM3
SIM4
1
21
22
SIM5
SIM1
SIM2
SIM3
SIM4
1
21
22
SIM5
SIM1
SIM2
SIM3
SIM4
1
21
22
SIM5
SIM1
SIM2
SIM3
SIM4
1
21
22
SIM5
SIM1
SIM2
SIM3
SIM4
1
21
22
SIM5
SIM1
SIM2
SIM3
SIM4
1
21
22
SIM5
SIM1
SIM2
SIM3
SIM4
1
21
22
SIM5
SIM1
SIM2
SIM3
SIM4
1
21
22
SIM5
SIM1
SIM2
SIM3
SIM4
1
21
22
SIM5
SIM1
SIM2
SIM3
SIM4
1
21
22
SIM5
SIM1
SIM2
SIM3
SIM4
1
21
22
SIM5
SIM1
SIM2
SIM3
SIM4
1
21
22
SIM5
SIM1
SIM2
SIM3
SIM4
1
21
22
SIM5
SIM1
SIM2
SIM3
SIM4
1
21
22
SIM5
SIM1
SIM2
SIM3
SIM4
1
21
22
SIM5
SIM1
SIM2
SIM3
SIM4
1
21
22
SIM5
SIM1
SIM2
SIM3
SIM4
1
21
22
SIM5
SIM1
SIM2
SIM3
SIM4
1
21
22
SIM5
SIM1
SIM2
SIM3
SIM4
1
21
22
SIM5
SIM1
SIM2
SIM3
SIM4
1
21
22
SIM5
SIM1
SIM2
SIM3
SIM4
1
21
22
SIM5
SIM1
SIM2
SIM3
SIM4
1
21
22
SIM5
SIM1
SIM2
SIM3
SIM4
1
21
22
SIM5
SIM1
SIM2
SIM3
SIM4
1
21
22
SIM5
SIM1
SIM2
SIM3
SIM4
1
21
22
SIM5
SIM1
SIM2
SIM3
SIM4
1
21
22
SIM5
SIM1
SIM2
SIM3
SIM4
1
21
22
SIM5
SIM1
SIM2
SIM3
SIM4
1
21
22
SIM5
SIM1
SIM2
SIM3
SIM4
1
21
22
SIM5
SIM1
SIM2
SIM3
SIM4
1
21
22
SIM5
SIM1
SIM2
SIM3
SIM4
1
21
22
SIM5
SIM1
SIM2
SIM3
SIM4
1
21
22
SIM5
SIM1
SIM2
SIM3
SIM4
1
21
22
SIM5
SIM1
SIM2
SIM3
SIM4
1
21
22
SIM5
SIM1
SIM2
SIM3
SIM4
1
21
22
SIM5
SIM1
SIM2
SIM3
SIM4
1
21
22
SIM5
SIM1
SIM2
SIM3
SIM4
1
21
22
SIM5
SIM1
SIM2
SIM3
SIM4
1
21
22
SIM5
SIM1
SIM2
SIM3
SIM4
1
21
22
SIM5
SIM1
SIM2
SIM3
SIM4
1
21
22
SIM5
SIM1
SIM2
SIM3
SIM4
1
21
22
SIM5
SIM1
SIM2
SIM3
SIM4
1
21
22
SIM5
SIM1
SIM2
SIM3
SIM4
1
21
22
SIM5
SIM1
SIM2
SIM3
SIM4
1
21
22
SIM5
SIM1
SIM2
SIM3
SIM4
1
21
22
SIM5
SIM1
SIM2
SIM3
SIM4
1
21
22
SIM5
SIM1
SIM2
SIM3
SIM4
1
21
22
SIM5
SIM1
SIM2
SIM3
SIM4
1
21
22
SIM5
SIM1
SIM2
SIM3
SIM4
1
21
22
SIM5
SIM1
SIM2
SIM3
SIM4
1
21
22
SIM5
SIM1
SIM2
SIM3
SIM4
1
21
22
SIM5
SIM1
SIM2
SIM3
SIM4
1
21
22
SIM5
SIM1
SIM2
SIM3
SIM4
1
21
22
SIM5
SIM1
SIM2
SIM3
SIM4
1
21
22
SIM5
SIM1
SIM2
SIM3
SIM4
1
21
22
SIM5
SIM1
SIM2
SIM3
SIM4
1
21
22
SIM5
SIM1
SIM2
SIM3
SIM4
1
21
22
SIM5
SIM1
SIM2
SIM3
SIM4
1
21
22
SIM5
SIM1
SIM2
SIM3
SIM4
1
21
22
SIM5
SIM1
SIM2
SIM3
SIM4
1
21
22
SIM5
SIM1
SIM2
SIM3
SIM4
1
21
22
SIM5
SIM1
SIM2
SIM3
SIM4
1
21
22
SIM5
SIM1
SIM2
SIM3
SIM4
1
21
22
SIM5
SIM1
SIM2
SIM3
SIM4
1
21
22
SIM5
SIM1
SIM2
SIM3
SIM4
1
21
22
SIM5
SIM1
SIM2
DEBUG 1 573
SIM1
SIM2
SIM3
SIM4
1
21
22
SIM5
SIM1
SIM2
SIM3
SIM4
1
21
22
SIM5
SIM1
SIM2
SIM3
SIM4
1
21
22
SIM5
SIM1
SIM2
SIM3
SIM4
1
21
22
SIM5
SIM1
SIM2
SIM3
SIM4
1
21
22
SIM5
SIM1
SIM2
SIM3
SIM4
1
21
22
SIM5
SIM1
SIM2
SIM3
SIM4
1
21
22
SIM5
SIM1
SIM2
SIM3
SIM4
1
21
22
SIM5
SIM1
SIM2
SIM3
SIM4
1
21
22
SIM5
SIM1
SIM2
SIM3
SIM4
1
21
22
SIM5
SIM1
SIM2
SIM3
SIM4
1
21
22
SIM5
SIM1
SIM2
SIM3
SIM4
1
21
22
SIM5
SIM1
SIM2
SIM3
SIM4
1
21
22
SIM5
SIM1
SIM2
SIM3
SIM4
1
21
22
SIM5
SIM1
SIM2
SIM3
SIM4
1
21
22
SIM5
SIM1
SIM2
SIM3
SIM4
1
21
22
SIM5
SIM1
SIM2
SIM3
SIM4
1
21
22
SIM5
SIM1
SIM2
SIM3
SIM4
1
21
22
SIM5
SIM1
SIM2
SIM3
SIM4
1
21
22
SIM5
SIM1
SIM2
SIM3
SIM4
1
21
22
SIM5
SIM1
SIM2
SIM3
SIM4
1
21
22
SIM5
SIM1
SIM2
SIM3
SIM4
1
21
22
SIM5
SIM1
SIM2
SIM3
SIM4
1
21
22
SIM5
SIM1
SIM2
SIM3
SIM4
1
21
22
SIM5
SIM1
SIM2
SIM3
SIM4
1
21
22
SIM5
SIM1
SIM2
SIM3
SIM4
1
21
22
SIM5
SIM1
SIM2
SIM3
SIM4
1
21
22
SIM5
SIM1
SIM2
SIM3
SIM4
1
21
22
SIM5
SIM1
SIM2
SIM3
SIM4
1
21
22
SIM5
SIM1
SIM2
SIM3
SIM4
1
21
22
SIM5
SIM1
SIM2
SIM3
SIM4
1
21
22
SIM5
SIM1
SIM2
SIM3
SIM4
1
21
22
SIM5
SIM1
SIM2
SIM3
SIM4
1
21
22
SIM5
SIM1
SIM2
SIM3
SIM4
1
21
22
SIM5
SIM1
SIM2
SIM3
SIM4
1
21
22
SIM5
SIM1
SIM2
SIM3
SIM4
1
21
22
SIM5
SIM1
SIM2
SIM3
SIM4
1
21
22
SIM5
SIM1
SIM2
SIM3
SIM4
1
21
22
SIM5
SIM1
SIM2
SIM3
SIM4
1
21
22
SIM5
SIM1
SIM2
SIM3
SIM4
1
21
22
SIM5
SIM1
SIM2
SIM3
SIM4
1
21
22
SIM5
SIM1
SIM2
SIM3
SIM4
1
21
22
SIM5
SIM1
SIM2
SIM3
SIM4
1
21
22
SIM5
SIM1
SIM2
SIM3
SIM4
1
21
22
SIM5
SIM1
SIM2
SIM3
SIM4
1
21
22
SIM5
SIM1
SIM2
SIM3
SIM4
1
21
22
SIM5
SIM1
SIM2
SIM3
SIM4
1
21
22
SIM5
SIM1
SIM2
SIM3
SIM4
1
21
22
SIM5
SIM1
SIM2
SIM3
SIM4
1
21
22
SIM5
SIM1
SIM2
SIM3
SIM4
1
21
22
SIM5
SIM1
SIM2
SIM3
SIM4
1
21
22
SIM5
SIM1
SIM2
SIM3
SIM4
1
21
22
SIM5
SIM1
SIM2
SIM3
SIM4
1
21
22
SIM5
SIM1
SIM2
SIM3
SIM4
1
21
22
SIM5
SIM1
SIM2
SIM3
SIM4
1
21
22
SIM5
SIM1
SIM2
SIM3
SIM4
1
21
22
SIM5
SIM1
SIM2
SIM3
SIM4
1
21
22
SIM5
SIM1
SIM2
SIM3
SIM4
1
21
22
SIM5
SIM1
SIM2
SIM3
SIM4
1
21
22
SIM5
SIM1
SIM2
SIM3
SIM4
1
21
22
SIM5
SIM1
SIM2
SIM3
SIM4
1
21
22
SIM5
SIM1
SIM2
SIM3
SIM4
1
21
22
SIM5
SIM1
SIM2
SIM3
SIM4
1
21
22
SIM5
SIM1
SIM2
SIM3
SIM4
1
21
22
SIM5
SIM1
SIM2
SIM3
SIM4
1
21
22
SIM5
SIM1
SIM2
SIM3
SIM4
1
21
22
SIM5
SIM1
SIM2
SIM3
SIM4
1
21
22
SIM5
SIM1
SIM2
SIM3
SIM4
1
21
22
SIM5
SIM1
SIM2
SIM3
SIM4
1
21
22
SIM5
SIM1
SIM2
SIM3
SIM4
1
21
22
SIM5
SIM1
SIM2
SIM3
SIM4
1
21
22
SIM5
SIM1
SIM2
SIM3
SIM4
1
21
22
SIM5
SIM1
SIM2
SIM3
SIM4
1
21
22
SIM5
SIM1
SIM2
SIM3
SIM4
1
21
22
SIM5
SIM1
SIM2
SIM3
SIM4
1
21
22
SIM5
SIM1
SIM2
SIM3
SIM4
1
21
22
SIM5
SIM1
SIM2
SIM3
SIM4
1
21
22
SIM5
SIM1
SIM2
SIM3
SIM4
1
21
22
SIM5
SIM1
SIM2
SIM3
SIM4
1
21
22
SIM5
SIM1
SIM2
SIM3
SIM4
1
21
22
SIM5
SIM1
SIM2
SIM3
SIM4
1
21
22
SIM5
SIM1
SIM2
SIM3
SIM4
1
21
22
SIM5
SIM1
SIM2
SIM3
SIM4
1
21
22
SIM5
SIM1
SIM2
SIM3
SIM4
1
21
22
SIM5
SIM1
SIM2
SIM3
SIM4
1
21
22
SIM5
SIM1
SIM2
SIM3
SIM4
1
21
22
SIM5
SIM1
SIM2
SIM3
SIM4
1
21
22
SIM5
SIM1
SIM2
SIM3
SIM4
1
21
22
SIM5
SIM1
SIM2
SIM3
SIM4
1
21
22
SIM5
SIM1
SIM2
SIM3
SIM4
1
21
22
SIM5
SIM1
SIM2
SIM3
SIM4
1
21
22
SIM5
SIM1
SIM2
SIM3
SIM4
1
21
22
SIM5
SIM1
SIM2
SIM3
SIM4
1
21
22
SIM5
SIM1
SIM2
SIM3
SIM4
1
21
22
SIM5
SIM1
SIM2
SIM3
SIM4
1
21
22
SIM5
SIM1
SIM2
SIM3
SIM4
1
21
22
SIM5
SIM1
SIM2
SIM3
SIM4
1
21
22
SIM5
SIM1
SIM2
SIM3
SIM4
1
21
22
SIM5
SIM1
SIM2
SIM3
SIM4
1
21
22
SIM5
SIM1
SIM2
SIM3
SIM4
1
21
22
SIM5
SIM1
SIM2
SIM3
SIM4
1
21
22
SIM5
SIM1
SIM2
SIM3
SIM4
1
21
22
SIM5
SIM1
SIM2
SIM3
SIM4
1
21
22
SIM5
SIM1
SIM2
SIM3
SIM4
1
21
22
SIM5
SIM1
SIM2
SIM3
SIM4
1
21
22
SIM5
SIM1
SIM2
SIM3
SIM4
1
21
22
SIM5
SIM1
SIM2
SIM3
SIM4
1
21
22
SIM5
SIM1
SIM2
SIM3
SIM4
1
21
22
SIM5
SIM1
SIM2
SIM3
SIM4
1
21
22
SIM5
SIM1
SIM2
SIM3
SIM4
1
21
22
SIM5
SIM1
SIM2
SIM3
SIM4
1
21
22
SIM5
SIM1
SIM2
SIM3
SIM4
1
21
22
SIM5
SIM1
SIM2
SIM3
SIM4
1
21
22
SIM5
SIM1
SIM2
SIM3
SIM4
1
21
22
SIM5
SIM1
SIM2
SIM3
SIM4
1
21
22
SIM5
SIM1
SIM2
SIM3
SIM4
1
21
22
SIM5
SIM1
SIM2
SIM3
SIM4
1
21
22
SIM5
SIM1
SIM2
SIM3
SIM4
1
21
22
SIM5
SIM1
SIM2
SIM3
SIM4
1
21
22
SIM5
SIM1
SIM2
SIM3
SIM4
1
21
22
SIM5
SIM1
SIM2
SIM3
SIM4
1
21
22
SIM5
SIM1
SIM2
SIM3
SIM4
1
21
22
SIM5
SIM1
SIM2
SIM3
SIM4
1
21
22
SIM5
SIM1
SIM2
SIM3
SIM4
1
21
22
SIM5
SIM1
SIM2
SIM3
SIM4
1
21
22
SIM5
SIM1
SIM2
SIM3
SIM4
1
21
22
SIM5
SIM1
SIM2
SIM3
SIM4
1
21
22
SIM5
SIM1
SIM2
SIM3
SIM4
1
21
22
SIM5
SIM1
SIM2
SIM3
SIM4
1
21
22
SIM5
SIM1
SIM2
SIM3
SIM4
1
21
22
SIM5
SIM1
SIM2
SIM3
SIM4
1
21
22
SIM5
SIM1
SIM2
SIM3
SIM4
1
21
22
SIM5
SIM1
SIM2
DEBUG 1 574
SIM1
SIM2
SIM3
SIM4
1
21
22
SIM5
SIM1
SIM2
SIM3
SIM4
1
21
22
SIM5
SIM1
SIM2
SIM3
SIM4
1
21
22
SIM5
SIM1
SIM2
SIM3
SIM4
1
21
22
SIM5
SIM1
SIM2
SIM3
SIM4
1
21
22
SIM5
SIM1
SIM2
SIM3
SIM4
1
21
22
SIM5
SIM1
SIM2
SIM3
SIM4
1
21
22
SIM5
SIM1
SIM2
SIM3
SIM4
1
21
22
SIM5
SIM1
SIM2
SIM3
SIM4
1
21
22
SIM5
SIM1
SIM2
SIM3
SIM4
1
21
22
SIM5
SIM1
SIM2
SIM3
SIM4
1
21
22
SIM5
SIM1
SIM2
SIM3
SIM4
1
21
22
SIM5
SIM1
SIM2
SIM3
SIM4
1
21
22
SIM5
SIM1
SIM2
SIM3
SIM4
1
21
22
SIM5
SIM1
SIM2
SIM3
SIM4
1
21
22
SIM5
SIM1
SIM2
SIM3
SIM4
1
21
22
SIM5
SIM1
SIM2
SIM3
SIM4
1
21
22
SIM5
SIM1
SIM2
SIM3
SIM4
1
21
22
SIM5
SIM1
SIM2
SIM3
SIM4
1
21
22
SIM5
SIM1
SIM2
SIM3
SIM4
1
21
22
SIM5
SIM1
SIM2
SIM3
SIM4
1
21
22
SIM5
SIM1
SIM2
SIM3
SIM4
1
21
22
SIM5
SIM1
SIM2
SIM3
SIM4
1
21
22
SIM5
SIM1
SIM2
SIM3
SIM4
1
21
22
SIM5
SIM1
SIM2
SIM3
SIM4
1
21
22
SIM5
SIM1
SIM2
SIM3
SIM4
1
21
22
SIM5
SIM1
SIM2
SIM3
SIM4
1
21
22
SIM5
SIM1
SIM2
SIM3
SIM4
1
21
22
SIM5
SIM1
SIM2
SIM3
SIM4
1
21
22
SIM5
SIM1
SIM2
SIM3
SIM4
1
21
22
SIM5
SIM1
SIM2
SIM3
SIM4
1
21
22
SIM5
SIM1
SIM2
SIM3
SIM4
1
21
22
SIM5
SIM1
SIM2
SIM3
SIM4
1
21
22
SIM5
SIM1
SIM2
SIM3
SIM4
1
21
22
SIM5
SIM1
SIM2
SIM3
SIM4
1
21
22
SIM5
SIM1
SIM2
SIM3
SIM4
1
21
22
SIM5
SIM1
SIM2
SIM3
SIM4
1
21
22
SIM5
SIM1
SIM2
SIM3
SIM4
1
21
22
SIM5
SIM1
SIM2
SIM3
SIM4
1
21
22
SIM5
SIM1
SIM2
SIM3
SIM4
1
21
22
SIM5
SIM1
SIM2
SIM3
SIM4
1
21
22
SIM5
SIM1
SIM2
SIM3
SIM4
1
21
22
SIM5
SIM1
SIM2
SIM3
SIM4
1
21
22
SIM5
SIM1
SIM2
SIM3
SIM4
1
21
22
SIM5
SIM1
SIM2
SIM3
SIM4
1
21
22
SIM5
SIM1
SIM2
SIM3
SIM4
1
21
22
SIM5
SIM1
SIM2
SIM3
SIM4
1
21
22
SIM5
SIM1
SIM2
SIM3
SIM4
1
21
22
SIM5
SIM1
SIM2
SIM3
SIM4
1
21
22
SIM5
SIM1
SIM2
SIM3
SIM4
1
21
22
SIM5
SIM1
SIM2
SIM3
SIM4
1
21
22
SIM5
SIM1
SIM2
SIM3
SIM4
1
21
22
SIM5
SIM1
SIM2
SIM3
SIM4
1
21
22
SIM5
SIM1
SIM2
SIM3
SIM4
1
21
22
SIM5
SIM1
SIM2
SIM3
SIM4
1
21
22
SIM5
SIM1
SIM2
SIM3
SIM4
1
21
22
SIM5
SIM1
SIM2
SIM3
SIM4
1
21
22
SIM5
SIM1
SIM2
SIM3
SIM4
1
21
22
SIM5
SIM1
SIM2
SIM3
SIM4
1
21
22
SIM5
SIM1
SIM2
SIM3
SIM4
1
21
22
SIM5
SIM1
SIM2
SIM3
SIM4
1
21
22
SIM5
SIM1
SIM2
SIM3
SIM4
1
21
22
SIM5
SIM1
SIM2
SIM3
SIM4
1
21
22
SIM5
SIM1
SIM2
SIM3
SIM4
1
21
22
SIM5
SIM1
SIM2
SIM3
SIM4
1
21
22
SIM5
SIM1
SIM2
SIM3
SIM4
1
21
22
SIM5
SIM1
SIM2
SIM3
SIM4
1
21
22
SIM5
SIM1
SIM2
SIM3
SIM4
1
21
22
SIM5
SIM1
SIM2
SIM3
SIM4
1
21
22
SIM5
SIM1
SIM2
SIM3
SIM4
1
21
22
SIM5
SIM1
SIM2
SIM3
SIM4
1
21
22
SIM5
SIM1
SIM2
SIM3
SIM4
1
21
22
SIM5
SIM1
SIM2
SIM3
SIM4
1
21
22
SIM5
SIM1
SIM2
SIM3
SIM4
1
21
22
SIM5
SIM1
SIM2
SIM3
SIM4
1
21
22
SIM5
SIM1
SIM2
SIM3
SIM4
1
21
22
SIM5
SIM1
SIM2
SIM3
SIM4
1
21
22
SIM5
SIM1
SIM2
SIM3
SIM4
1
21
22
SIM5
SIM1
SIM2
SIM3
SIM4
1
21
22
SIM5
SIM1
SIM2
SIM3
SIM4
1
21
22
SIM5
SIM1
SIM2
SIM3
SIM4
1
21
22
SIM5
SIM1
SIM2
SIM3
SIM4
1
21
22
SIM5
SIM1
SIM2
SIM3
SIM4
1
21
22
SIM5
SIM1
SIM2
SIM3
SIM4
1
21
22
SIM5
SIM1
SIM2
SIM3
SIM4
1
21
22
SIM5
SIM1
SIM2
SIM3
SIM4
1
21
22
SIM5
SIM1
SIM2
SIM3
SIM4
1
21
22
SIM5
SIM1
SIM2
SIM3
SIM4
1
21
22
SIM5
SIM1
SIM2
SIM3
SIM4
1
21
22
SIM5
SIM1
SIM2
SIM3
SIM4
1
21
22
SIM5
SIM1
SIM2
SIM3
SIM4
1
21
22
SIM5
SIM1
SIM2
SIM3
SIM4
1
21
22
SIM5
SIM1
SIM2
SIM3
SIM4
1
21
22
SIM5
SIM1
SIM2
SIM3
SIM4
1
21
22
SIM5
SIM1
SIM2
SIM3
SIM4
1
21
22
SIM5
SIM1
SIM2
SIM3
SIM4
1
21
22
SIM5
SIM1
SIM2
SIM3
SIM4
1
21
22
SIM5
SIM1
SIM2
SIM3
SIM4
1
21
22
SIM5
SIM1
SIM2
SIM3
SIM4
1
21
22
SIM5
SIM1
SIM2
SIM3
SIM4
1
21
22
SIM5
SIM1
SIM2
SIM3
SIM4
1
21
22
SIM5
SIM1
SIM2
SIM3
SIM4
1
21
22
SIM5
SIM1
SIM2
SIM3
SIM4
1
21
22
SIM5
SIM1
SIM2
SIM3
SIM4
1
21
22
SIM5
SIM1
SIM2
SIM3
SIM4
1
21
22
SIM5
SIM1
SIM2
SIM3
SIM4
1
21
22
SIM5
SIM1
SIM2
SIM3
SIM4
1
21
22
SIM5
SIM1
SIM2
SIM3
SIM4
1
21
22
SIM5
SIM1
SIM2
SIM3
SIM4
1
21
22
SIM5
SIM1
SIM2
SIM3
SIM4
1
21
22
SIM5
SIM1
SIM2
SIM3
SIM4
1
21
22
SIM5
SIM1
SIM2
SIM3
SIM4
1
21
22
SIM5
SIM1
SIM2
SIM3
SIM4
1
21
22
SIM5
SIM1
SIM2
SIM3
SIM4
1
21
22
SIM5
SIM1
SIM2
SIM3
SIM4
1
21
22
SIM5
SIM1
SIM2
SIM3
SIM4
1
21
22
SIM5
SIM1
SIM2
SIM3
SIM4
1
21
22
SIM5
SIM1
SIM2
SIM3
SIM4
1
21
22
SIM5
SIM1
SIM2
SIM3
SIM4
1
21
22
SIM5
SIM1
SIM2
SIM3
SIM4
1
21
22
SIM5
SIM1
SIM2
SIM3
SIM4
1
21
22
SIM5
SIM1
SIM2
SIM3
SIM4
1
21
22
SIM5
SIM1
SIM2
SIM3
SIM4
1
21
22
SIM5
SIM1
SIM2
SIM3
SIM4
1
21
22
SIM5
SIM1
SIM2
SIM3
SIM4
1
21
22
SIM5
SIM1
SIM2
SIM3
SIM4
1
21
22
SIM5
SIM1
SIM2
SIM3
SIM4
1
21
22
SIM5
SIM1
SIM2
SIM3
SIM4
1
21
22
SIM5
SIM1
SIM2
SIM3
SIM4
1
21
22
SIM5
SIM1
SIM2
SIM3
SIM4
1
21
22
SIM5
SIM1
SIM2
SIM3
SIM4
1
21
22
SIM5
SIM1
SIM2
SIM3
SIM4
1
21
22
SIM5
SIM1
SIM2
SIM3
SIM4
1
21
22
SIM5
SIM1
SIM2
SIM3
SIM4
1
21
22
SIM5
SIM1
SIM2
SIM3
SIM4
1
21
22
SIM5
SIM1
SIM2
SIM3
SIM4
1
21
22
SIM5
SIM1
SIM2
SIM3
SIM4
1
21
22
SIM5
SIM1
SIM2
SIM3
SIM4
1
21
22
SIM5
SIM1
SIM2
SIM3
SIM4
1
21
22
SIM5
SIM1
SIM2
SIM3
SIM4
1
21
22
SIM5
SIM1
SIM2
SIM3
SIM4
1
21
22
SIM5
SIM1
SIM2
SIM3
SIM4
1
21
22
SIM5
SIM1
SIM2
SIM3
SIM4
1
21
22
SIM5
SIM1
SIM2
SIM3
SIM4
1
21
22
SIM5
SIM1
SIM2
SIM3
SIM4
1
21
22
SIM5
SIM1
SIM2
SIM3
SIM4
1
21
22
SIM5
SIM1
SIM2
DEBUG 1 575
SIM1
SIM2
SIM3
SIM4
1
21
22
SIM5
SIM1
SIM2
SIM3
SIM4
1
21
22
SIM5
SIM1
SIM2
SIM3
SIM4
1
21
22
SIM5
SIM1
SIM2
SIM3
SIM4
1
21
22
SIM5
SIM1
SIM2
SIM3
SIM4
1
21
22
SIM5
SIM1
SIM2
SIM3
SIM4
1
21
22
SIM5
SIM1
SIM2
SIM3
SIM4
1
21
22
SIM5
SIM1
SIM2
SIM3
SIM4
1
21
22
SIM5
SIM1
SIM2
SIM3
SIM4
1
21
22
SIM5
SIM1
SIM2
SIM3
SIM4
1
21
22
SIM5
SIM1
SIM2
SIM3
SIM4
1
21
22
SIM5
SIM1
SIM2
SIM3
SIM4
1
21
22
SIM5
SIM1
SIM2
SIM3
SIM4
1
21
22
SIM5
SIM1
SIM2
SIM3
SIM4
1
21
22
SIM5
SIM1
SIM2
SIM3
SIM4
1
21
22
SIM5
SIM1
SIM2
SIM3
SIM4
1
21
22
SIM5
SIM1
SIM2
SIM3
SIM4
1
21
22
SIM5
SIM1
SIM2
SIM3
SIM4
1
21
22
SIM5
SIM1
SIM2
SIM3
SIM4
1
21
22
SIM5
SIM1
SIM2
SIM3
SIM4
1
21
22
SIM5
SIM1
SIM2
SIM3
SIM4
1
21
22
SIM5
SIM1
SIM2
SIM3
SIM4
1
21
22
SIM5
SIM1
SIM2
SIM3
SIM4
1
21
22
SIM5
SIM1
SIM2
SIM3
SIM4
1
21
22
SIM5
SIM1
SIM2
SIM3
SIM4
1
21
22
SIM5
SIM1
SIM2
SIM3
SIM4
1
21
22
SIM5
SIM1
SIM2
SIM3
SIM4
1
21
22
SIM5
SIM1
SIM2
SIM3
SIM4
1
21
22
SIM5
SIM1
SIM2
SIM3
SIM4
1
21
22
SIM5
SIM1
SIM2
SIM3
SIM4
1
21
22
SIM5
SIM1
SIM2
SIM3
SIM4
1
21
22
SIM5
SIM1
SIM2
SIM3
SIM4
1
21
22
SIM5
SIM1
SIM2
SIM3
SIM4
1
21
22
SIM5
SIM1
SIM2
SIM3
SIM4
1
21
22
SIM5
SIM1
SIM2
SIM3
SIM4
1
21
22
SIM5
SIM1
SIM2
SIM3
SIM4
1
21
22
SIM5
SIM1
SIM2
SIM3
SIM4
1
21
22
SIM5
SIM1
SIM2
SIM3
SIM4
1
21
22
SIM5
SIM1
SIM2
SIM3
SIM4
1
21
22
SIM5
SIM1
SIM2
SIM3
SIM4
1
21
22
SIM5
SIM1
SIM2
SIM3
SIM4
1
21
22
SIM5
SIM1
SIM2
SIM3
SIM4
1
21
22
SIM5
SIM1
SIM2
SIM3
SIM4
1
21
22
SIM5
SIM1
SIM2
SIM3
SIM4
1
21
22
SIM5
SIM1
SIM2
SIM3
SIM4
1
21
22
SIM5
SIM1
SIM2
SIM3
SIM4
1
21
22
SIM5
SIM1
SIM2
SIM3
SIM4
1
21
22
SIM5
SIM1
SIM2
SIM3
SIM4
1
21
22
SIM5
SIM1
SIM2
SIM3
SIM4
1
21
22
SIM5
SIM1
SIM2
SIM3
SIM4
1
21
22
SIM5
SIM1
SIM2
SIM3
SIM4
1
21
22
SIM5
SIM1
SIM2
SIM3
SIM4
1
21
22
SIM5
SIM1
SIM2
SIM3
SIM4
1
21
22
SIM5
SIM1
SIM2
SIM3
SIM4
1
21
22
SIM5
SIM1
SIM2
SIM3
SIM4
1
21
22
SIM5
SIM1
SIM2
SIM3
SIM4
1
21
22
SIM5
SIM1
SIM2
SIM3
SIM4
1
21
22
SIM5
SIM1
SIM2
SIM3
SIM4
1
21
22
SIM5
SIM1
SIM2
SIM3
SIM4
1
21
22
SIM5
SIM1
SIM2
SIM3
SIM4
1
21
22
SIM5
SIM1
SIM2
SIM3
SIM4
1
21
22
SIM5
SIM1
SIM2
SIM3
SIM4
1
21
22
SIM5
SIM1
SIM2
SIM3
SIM4
1
21
22
SIM5
SIM1
SIM2
SIM3
SIM4
1
21
22
SIM5
SIM1
SIM2
SIM3
SIM4
1
21
22
SIM5
SIM1
SIM2
SIM3
SIM4
1
21
22
SIM5
SIM1
SIM2
SIM3
SIM4
1
21
22
SIM5
SIM1
SIM2
SIM3
SIM4
1
21
22
SIM5
SIM1
SIM2
SIM3
SIM4
1
21
22
SIM5
SIM1
SIM2
SIM3
SIM4
1
21
22
SIM5
SIM1
SIM2
SIM3
SIM4
1
21
22
SIM5
SIM1
SIM2
SIM3
SIM4
1
21
22
SIM5
SIM1
SIM2
SIM3
SIM4
1
21
22
SIM5
SIM1
SIM2
SIM3
SIM4
1
21
22
SIM5
SIM1
SIM2
SIM3
SIM4
1
21
22
SIM5
SIM1
SIM2
SIM3
SIM4
1
21
22
SIM5
SIM1
SIM2
SIM3
SIM4
1
21
22
SIM5
SIM1
SIM2
SIM3
SIM4
1
21
22
SIM5
SIM1
SIM2
SIM3
SIM4
1
21
22
SIM5
SIM1
SIM2
SIM3
SIM4
1
21
22
SIM5
SIM1
SIM2
SIM3
SIM4
1
21
22
SIM5
SIM1
SIM2
SIM3
SIM4
1
21
22
SIM5
SIM1
SIM2
SIM3
SIM4
1
21
22
SIM5
SIM1
SIM2
SIM3
SIM4
1
21
22
SIM5
SIM1
SIM2
SIM3
SIM4
1
21
22
SIM5
SIM1
SIM2
SIM3
SIM4
1
21
22
SIM5
SIM1
SIM2
SIM3
SIM4
1
21
22
SIM5
SIM1
SIM2
SIM3
SIM4
1
21
22
SIM5
SIM1
SIM2
SIM3
SIM4
1
21
22
SIM5
SIM1
SIM2
SIM3
SIM4
1
21
22
SIM5
SIM1
SIM2
SIM3
SIM4
1
21
22
SIM5
SIM1
SIM2
SIM3
SIM4
1
21
22
SIM5
SIM1
SIM2
SIM3
SIM4
1
21
22
SIM5
SIM1
SIM2
SIM3
SIM4
1
21
22
SIM5
SIM1
SIM2
SIM3
SIM4
1
21
22
SIM5
SIM1
SIM2
SIM3
SIM4
1
21
22
SIM5
SIM1
SIM2
SIM3
SIM4
1
21
22
SIM5
SIM1
SIM2
SIM3
SIM4
1
21
22
SIM5
SIM1
SIM2
SIM3
SIM4
1
21
22
SIM5
SIM1
SIM2
SIM3
SIM4
1
21
22
SIM5
SIM1
SIM2
SIM3
SIM4
1
21
22
SIM5
SIM1
SIM2
SIM3
SIM4
1
21
22
SIM5
SIM1
SIM2
SIM3
SIM4
1
21
22
SIM5
SIM1
SIM2
SIM3
SIM4
1
21
22
SIM5
SIM1
SIM2
SIM3
SIM4
1
21
22
SIM5
SIM1
SIM2
SIM3
SIM4
1
21
22
SIM5
SIM1
SIM2
SIM3
SIM4
1
21
22
SIM5
SIM1
SIM2
SIM3
SIM4
1
21
22
SIM5
SIM1
SIM2
SIM3
SIM4
1
21
22
SIM5
SIM1
SIM2
SIM3
SIM4
1
21
22
SIM5
SIM1
SIM2
SIM3
SIM4
1
21
22
SIM5
SIM1
SIM2
SIM3
SIM4
1
21
22
SIM5
SIM1
SIM2
SIM3
SIM4
1
21
22
SIM5
SIM1
SIM2
SIM3
SIM4
1
21
22
SIM5
SIM1
SIM2
SIM3
SIM4
1
21
22
SIM5
SIM1
SIM2
SIM3
SIM4
1
21
22
SIM5
SIM1
SIM2
SIM3
SIM4
1
21
22
SIM5
SIM1
SIM2
SIM3
SIM4
1
21
22
SIM5
SIM1
SIM2
SIM3
SIM4
1
21
22
SIM5
SIM1
SIM2
SIM3
SIM4
1
21
22
SIM5
SIM1
SIM2
SIM3
SIM4
1
21
22
SIM5
SIM1
SIM2
SIM3
SIM4
1
21
22
SIM5
SIM1
SIM2
SIM3
SIM4
1
21
22
SIM5
SIM1
SIM2
SIM3
SIM4
1
21
22
SIM5
SIM1
SIM2
SIM3
SIM4
1
21
22
SIM5
SIM1
SIM2
SIM3
SIM4
1
21
22
SIM5
SIM1
SIM2
SIM3
SIM4
1
21
22
SIM5
SIM1
SIM2
SIM3
SIM4
1
21
22
SIM5
SIM1
SIM2
SIM3
SIM4
1
21
22
SIM5
SIM1
SIM2
SIM3
SIM4
1
21
22
SIM5
SIM1
SIM2
SIM3
SIM4
1
21
22
SIM5
SIM1
SIM2
SIM3
SIM4
1
21
22
SIM5
SIM1
SIM2
SIM3
SIM4
1
21
22
SIM5
SIM1
SIM2
SIM3
SIM4
1
21
22
SIM5
SIM1
SIM2
SIM3
SIM4
1
21
22
SIM5
SIM1
SIM2
SIM3
SIM4
1
21
22
SIM5
SIM1
SIM2
SIM3
SIM4
1
21
22
SIM5
SIM1
SIM2
SIM3
SIM4
1
21
22
SIM5
SIM1
SIM2
SIM3
SIM4
1
21
22
SIM5
SIM1
SIM2
SIM3
SIM4
1
21
22
SIM5
SIM1
SIM2
SIM3
SIM4
1
21
22
SIM5
SIM1
SIM2
SIM3
SIM4
1
21
22
SIM5
SIM1
SIM2
SIM3
SIM4
1
21
22
SIM5
SIM1
SIM2
SIM3
SIM4
1
21
22
SIM5
SIM1
SIM2
SIM3
SIM4
1
21
22
SIM5
SIM1
SIM2
SIM3
SIM4
1
21
22
SIM5
SIM1
SIM2
SIM3
SIM4
1
21
22
SIM5
SIM1
SIM2
SIM3
SIM4
1
21
22
SIM5
SIM1
SIM2
SIM3
SIM4
1
21
22
SIM5
SIM1
SIM2
SIM3
SIM4
1
21
22
SIM5
SIM1
SIM2
SIM3
SIM4
1
21
22
SIM5
SIM1
SIM2
SIM3
SIM4
1
21
22
SIM5
SIM1
SIM2
SIM3
SIM4
1
21
22
SIM5
SIM1
SIM2
SIM3
SIM4
1
21
22
SIM5
SIM1
SIM2
SIM3
SIM4
1
21
22
SIM5
SIM1
SIM2
SIM3
SIM4
1
21
22
SIM5
SIM1
SIM2
SIM3
SIM4
1
21
22
SIM5
SIM1
SIM2
SIM3
SIM4
1
21
22
SIM5
SIM1
SIM2
SIM3
SIM4
1
21
22
SIM5
SIM1
SIM2
SIM3
SIM4
1
21
22
SIM5
SIM1
SIM2
SIM3
SIM4
1
21
22
SIM5
SIM1
SIM2
SIM3
SIM4
1
21
22
SIM5
SIM1
SIM2
SIM3
SIM4
1
21
22
SIM5
SIM1
SIM2
SIM3
SIM4
1
21
22
SIM5
SIM1
SIM2
SIM3
SIM4
1
21
22
SIM5
SIM1
SIM2
SIM3
SIM4
1
21
22
SIM5
SIM1
SIM2
SIM3
SIM4
1
21
22
SIM5
SIM1
SIM2
SIM3
SIM4
1
21
22
SIM5
SIM1
SIM2
SIM3
SIM4
1
21
22
SIM5
SIM1
SIM2
SIM3
SIM4
1
21
22
SIM5
SIM1
SIM2
SIM3
SIM4
1
21
22
SIM5
SIM1
SIM2
SIM3
SIM4
1
21
22
SIM5
SIM1
SIM2
SIM3
SIM4
1
21
22
SIM5
SIM1
SIM2
SIM3
SIM4
1
21
22
SIM5
SIM1
SIM2
SIM3
SIM4
1
21
22
SIM5
SIM1
SIM2
SIM3
SIM4
1
21
22
SIM5
SIM1
SIM2
SIM3
SIM4
1
21
22
SIM5
SIM1
SIM2
SIM3
SIM4
1
21
22
SIM5
SIM1
SIM2
SIM3
SIM4
1
21
22
SIM5
SIM1
SIM2
SIM3
SIM4
1
21
22
SIM5
SIM1
SIM2
SIM3
SIM4
1
21
22
SIM5
SIM1
SIM2
SIM3
SIM4
1
21
22
SIM5
SIM1
SIM2
SIM3
SIM4
1
21
22
SIM5
SIM1
SIM2
SIM3
SIM4
1
21
22
SIM5
SIM1
SIM2
SIM3
SIM4
1
21
22
SIM5
SIM1
SIM2
SIM3
SIM4
1
21
22
SIM5
SIM1
SIM2
SIM3
SIM4
1
21
22
SIM5
SIM1
SIM2
SIM3
SIM4
1
21
22
SIM5
SIM1
SIM2
SIM3
SIM4
1
21
22
SIM5
SIM1
SIM2
SIM3
SIM4
1
21
22
SIM5
SIM1
SIM2
SIM3
SIM4
1
21
22
SIM5
SIM1
SIM2
SIM3
SIM4
1
21
22
SIM5
SIM1
SIM2
SIM3
SIM4
1
21
22
SIM5
SIM1
SIM2
SIM3
SIM4
1
21
22
SIM5
SIM1
SIM2
SIM3
SIM4
1
21
22
SIM5
SIM1
SIM2
SIM3
SIM4
1
21
22
SIM5
SIM1
SIM2
SIM3
SIM4
1
21
22
SIM5
SIM1
SIM2
SIM3
SIM4
1
21
22
SIM5
SIM1
SIM2
SIM3
SIM4
1
21
22
SIM5
SIM1
SIM2
SIM3
SIM4
1
21
22
SIM5
SIM1
SIM2
SIM3
SIM4
1
21
22
SIM5
SIM1
SIM2
SIM3
SIM4
1
21
22
SIM5
SIM1
SIM2
SIM3
SIM4
1
21
22
SIM5
SIM1
SIM2
SIM3
SIM4
1
21
22
SIM5
SIM1
SIM2
SIM3
SIM4
1
21
22
SIM5
SIM1
SIM2
SIM3
SIM4
1
21
22
SIM5
SIM1
SIM2
SIM3
SIM4
1
21
22
SIM5
SIM1
SIM2
SIM3
SIM4
1
21
22
SIM5
SIM1
SIM2
SIM3
SIM4
1
21
22
SIM5
SIM1
SIM2
SIM3
SIM4
1
21
22
SIM5
SIM1
SIM2
SIM3
SIM4
1
21
22
SIM5
SIM1
SIM2
SIM3
SIM4
1
21
22
SIM5
SIM1
SIM2
SIM3
SIM4
1
21
22
SIM5
SIM1
SIM2
SIM3
SIM4
1
21
22
SIM5
SIM1
SIM2
SIM3
SIM4
1
21
22
SIM5
SIM1
SIM2
SIM3
SIM4
1
21
22
SIM5
SIM1
SIM2
SIM3
SIM4
1
21
22
SIM5
SIM1
SIM2
SIM3
SIM4
1
21
22
SIM5
SIM1
SIM2
SIM3
SIM4
1
21
22
SIM5
SIM1
SIM2
SIM3
SIM4
1
21
22
SIM5
SIM1
SIM2
SIM3
SIM4
1
21
22
SIM5
SIM1
SIM2
SIM3
SIM4
1
21
22
SIM5
SIM1
SIM2
SIM3
SIM4
1
21
22
SIM5
SIM1
SIM2
SIM3
SIM4
1
21
22
SIM5
SIM1
SIM2
SIM3
SIM4
1
21
22
SIM5
SIM1
SIM2
SIM3
SIM4
1
21
22
SIM5
SIM1
SIM2
SIM3
SIM4
1
21
22
SIM5
SIM1
SIM2
SIM3
SIM4
1
21
22
SIM5
SIM1
SIM2
SIM3
SIM4
1
21
22
SIM5
SIM1
SIM2
SIM3
SIM4
1
21
22
SIM5
SIM1
SIM2
SIM3
SIM4
1
21
22
SIM5
SIM1
SIM2
SIM3
SIM4
1
21
22
SIM5
SIM1
SIM2
SIM3
SIM4
1
21
22
SIM5
SIM1
SIM2
SIM3
SIM4
1
21
22
SIM5
SIM1
SIM2
DEBUG 1 576
SIM1
SIM2
SIM3
SIM4
1
21
22
SIM5
SIM1
SIM2
SIM3
SIM4
1
21
22
SIM5
SIM1
SIM2
SIM3
SIM4
1
21
22
SIM5
SIM1
SIM2
SIM3
SIM4
1
21
22
SIM5
SIM1
SIM2
SIM3
SIM4
1
21
22
SIM5
SIM1
SIM2
SIM3
SIM4
1
21
22
SIM5
SIM1
SIM2
SIM3
SIM4
1
21
22
SIM5
SIM1
SIM2
SIM3
SIM4
1
21
22
SIM5
SIM1
SIM2
SIM3
SIM4
1
21
22
SIM5
SIM1
SIM2
SIM3
SIM4
1
21
22
SIM5
SIM1
SIM2
SIM3
SIM4
1
21
22
SIM5
SIM1
SIM2
SIM3
SIM4
1
21
22
SIM5
SIM1
SIM2
SIM3
SIM4
1
21
22
SIM5
SIM1
SIM2
SIM3
SIM4
1
21
22
SIM5
SIM1
SIM2
SIM3
SIM4
1
21
22
SIM5
SIM1
SIM2
SIM3
SIM4
1
21
22
SIM5
SIM1
SIM2
SIM3
SIM4
1
21
22
SIM5
SIM1
SIM2
SIM3
SIM4
1
21
22
SIM5
SIM1
SIM2
SIM3
SIM4
1
21
22
SIM5
SIM1
SIM2
SIM3
SIM4
1
21
22
SIM5
SIM1
SIM2
SIM3
SIM4
1
21
22
SIM5
SIM1
SIM2
SIM3
SIM4
1
21
22
SIM5
SIM1
SIM2
SIM3
SIM4
1
21
22
SIM5
SIM1
SIM2
SIM3
SIM4
1
21
22
SIM5
SIM1
SIM2
SIM3
SIM4
1
21
22
SIM5
SIM1
SIM2
SIM3
SIM4
1
21
22
SIM5
SIM1
SIM2
SIM3
SIM4
1
21
22
SIM5
SIM1
SIM2
SIM3
SIM4
1
21
22
SIM5
SIM1
SIM2
SIM3
SIM4
1
21
22
SIM5
SIM1
SIM2
SIM3
SIM4
1
21
22
SIM5
SIM1
SIM2
SIM3
SIM4
1
21
22
SIM5
SIM1
SIM2
SIM3
SIM4
1
21
22
SIM5
SIM1
SIM2
SIM3
SIM4
1
21
22
SIM5
SIM1
SIM2
SIM3
SIM4
1
21
22
SIM5
SIM1
SIM2
SIM3
SIM4
1
21
22
SIM5
SIM1
SIM2
SIM3
SIM4
1
21
22
SIM5
SIM1
SIM2
SIM3
SIM4
1
21
22
SIM5
SIM1
SIM2
SIM3
SIM4
1
21
22
SIM5
SIM1
SIM2
SIM3
SIM4
1
21
22
SIM5
SIM1
SIM2
SIM3
SIM4
1
21
22
SIM5
SIM1
SIM2
SIM3
SIM4
1
21
22
SIM5
SIM1
SIM2
SIM3
SIM4
1
21
22
SIM5
SIM1
SIM2
SIM3
SIM4
1
21
22
SIM5
SIM1
SIM2
SIM3
SIM4
1
21
22
SIM5
SIM1
SIM2
SIM3
SIM4
1
21
22
SIM5
SIM1
SIM2
SIM3
SIM4
1
21
22
SIM5
SIM1
SIM2
SIM3
SIM4
1
21
22
SIM5
SIM1
SIM2
SIM3
SIM4
1
21
22
SIM5
SIM1
SIM2
SIM3
SIM4
1
21
22
SIM5
SIM1
SIM2
SIM3
SIM4
1
21
22
SIM5
SIM1
SIM2
SIM3
SIM4
1
21
22
SIM5
SIM1
SIM2
SIM3
SIM4
1
21
22
SIM5
SIM1
SIM2
SIM3
SIM4
1
21
22
SIM5
SIM1
SIM2
SIM3
SIM4
1
21
22
SIM5
SIM1
SIM2
SIM3
SIM4
1
21
22
SIM5
SIM1
SIM2
SIM3
SIM4
1
21
22
SIM5
SIM1
SIM2
SIM3
SIM4
1
21
22
SIM5
SIM1
SIM2
SIM3
SIM4
1
21
22
SIM5
SIM1
SIM2
SIM3
SIM4
1
21
22
SIM5
SIM1
SIM2
SIM3
SIM4
1
21
22
SIM5
SIM1
SIM2
SIM3
SIM4
1
21
22
SIM5
SIM1
SIM2
SIM3
SIM4
1
21
22
SIM5
SIM1
SIM2
SIM3
SIM4
1
21
22
SIM5
SIM1
SIM2
SIM3
SIM4
1
21
22
SIM5
SIM1
SIM2
SIM3
SIM4
1
21
22
SIM5
SIM1
SIM2
SIM3
SIM4
1
21
22
SIM5
SIM1
SIM2
SIM3
SIM4
1
21
22
SIM5
SIM1
SIM2
SIM3
SIM4
1
21
22
SIM5
SIM1
SIM2
SIM3
SIM4
1
21
22
SIM5
SIM1
SIM2
SIM3
SIM4
1
21
22
SIM5
SIM1
SIM2
SIM3
SIM4
1
21
22
SIM5
SIM1
SIM2
SIM3
SIM4
1
21
22
SIM5
SIM1
SIM2
SIM3
SIM4
1
21
22
SIM5
SIM1
SIM2
SIM3
SIM4
1
21
22
SIM5
SIM1
SIM2
SIM3
SIM4
1
21
22
SIM5
SIM1
SIM2
SIM3
SIM4
1
21
22
SIM5
SIM1
SIM2
SIM3
SIM4
1
21
22
SIM5
SIM1
SIM2
SIM3
SIM4
1
21
22
SIM5
SIM1
SIM2
SIM3
SIM4
1
21
22
SIM5
SIM1
SIM2
SIM3
SIM4
1
21
22
SIM5
SIM1
SIM2
SIM3
SIM4
1
21
22
SIM5
SIM1
SIM2
SIM3
SIM4
1
21
22
SIM5
SIM1
SIM2
SIM3
SIM4
1
21
22
SIM5
SIM1
SIM2
SIM3
SIM4
1
21
22
SIM5
SIM1
SIM2
SIM3
SIM4
1
21
22
SIM5
SIM1
SIM2
SIM3
SIM4
1
21
22
SIM5
SIM1
SIM2
SIM3
SIM4
1
21
22
SIM5
SIM1
SIM2
SIM3
SIM4
1
21
22
SIM5
SIM1
SIM2
SIM3
SIM4
1
21
22
SIM5
SIM1
SIM2
SIM3
SIM4
1
21
22
SIM5
SIM1
SIM2
SIM3
SIM4
1
21
22
SIM5
SIM1
SIM2
SIM3
SIM4
1
21
22
SIM5
SIM1
SIM2
SIM3
SIM4
1
21
22
SIM5
SIM1
SIM2
SIM3
SIM4
1
21
22
SIM5
SIM1
SIM2
SIM3
SIM4
1
21
22
SIM5
SIM1
SIM2
SIM3
SIM4
1
21
22
SIM5
SIM1
SIM2
SIM3
SIM4
1
21
22
SIM5
SIM1
SIM2
SIM3
SIM4
1
21
22
SIM5
SIM1
SIM2
SIM3
SIM4
1
21
22
SIM5
SIM1
SIM2
SIM3
SIM4
1
21
22
SIM5
SIM1
SIM2
SIM3
SIM4
1
21
22
SIM5
SIM1
SIM2
SIM3
SIM4
1
21
22
SIM5
SIM1
SIM2
SIM3
SIM4
1
21
22
SIM5
SIM1
SIM2
SIM3
SIM4
1
21
22
SIM5
SIM1
SIM2
SIM3
SIM4
1
21
22
SIM5
SIM1
SIM2
SIM3
SIM4
1
21
22
SIM5
SIM1
SIM2
SIM3
SIM4
1
21
22
SIM5
SIM1
SIM2
SIM3
SIM4
1
21
22
SIM5
SIM1
SIM2
SIM3
SIM4
1
21
22
SIM5
SIM1
SIM2
SIM3
SIM4
1
21
22
SIM5
SIM1
SIM2
SIM3
SIM4
1
21
22
SIM5
SIM1
SIM2
SIM3
SIM4
1
21
22
SIM5
SIM1
SIM2
SIM3
SIM4
1
21
22
SIM5
SIM1
SIM2
SIM3
SIM4
1
21
22
SIM5
SIM1
SIM2
SIM3
SIM4
1
21
22
SIM5
SIM1
SIM2
SIM3
SIM4
1
21
22
SIM5
SIM1
SIM2
SIM3
SIM4
1
21
22
SIM5
SIM1
SIM2
SIM3
SIM4
1
21
22
SIM5
SIM1
SIM2
SIM3
SIM4
1
21
22
SIM5
SIM1
SIM2
SIM3
SIM4
1
21
22
SIM5
SIM1
SIM2
SIM3
SIM4
1
21
22
SIM5
SIM1
SIM2
SIM3
SIM4
1
21
22
SIM5
SIM1
SIM2
SIM3
SIM4
1
21
22
SIM5
SIM1
SIM2
SIM3
SIM4
1
21
22
SIM5
SIM1
SIM2
SIM3
SIM4
1
21
22
SIM5
SIM1
SIM2
SIM3
SIM4
1
21
22
SIM5
SIM1
SIM2
SIM3
SIM4
1
21
22
SIM5
SIM1
SIM2
SIM3
SIM4
1
21
22
SIM5
SIM1
SIM2
SIM3
SIM4
1
21
22
SIM5
SIM1
SIM2
SIM3
SIM4
1
21
22
SIM5
SIM1
SIM2
SIM3
SIM4
1
21
22
SIM5
SIM1
SIM2
SIM3
SIM4
1
21
22
SIM5
SIM1
SIM2
SIM3
SIM4
1
21
22
SIM5
SIM1
SIM2
SIM3
SIM4
1
21
22
SIM5
SIM1
SIM2
SIM3
SIM4
1
21
22
SIM5
SIM1
SIM2
SIM3
SIM4
1
21
22
SIM5
SIM1
SIM2
SIM3
SIM4
1
21
22
SIM5
SIM1
SIM2
SIM3
SIM4
1
21
22
SIM5
SIM1
SIM2
SIM3
SIM4
1
21
22
SIM5
SIM1
SIM2
SIM3
SIM4
1
21
22
SIM5
SIM1
SIM2
SIM3
SIM4
1
21
22
SIM5
SIM1
SIM2
SIM3
SIM4
1
21
22
SIM5
SIM1
SIM2
SIM3
SIM4
1
21
22
SIM5
SIM1
SIM2
SIM3
SIM4
1
21
22
SIM5
SIM1
SIM2
SIM3
SIM4
1
21
22
SIM5
SIM1
SIM2
SIM3
SIM4
1
21
22
SIM5
SIM1
SIM2
SIM3
SIM4
1
21
22
SIM5
SIM1
SIM2
SIM3
SIM4
1
21
22
SIM5
SIM1
SIM2
SIM3
SIM4
1
21
22
SIM5
SIM1
SIM2
SIM3
SIM4
1
21
22
SIM5
SIM1
SIM2
SIM3
SIM4
1
21
22
SIM5
SIM1
SIM2
SIM3
SIM4
1
21
22
SIM5
SIM1
SIM2
SIM3
SIM4
1
21
22
SIM5
SIM1
SIM2
SIM3
SIM4
1
21
22
SIM5
SIM1
SIM2
SIM3
SIM4
1
21
22
SIM5
SIM1
SIM2
SIM3
SIM4
1
21
22
SIM5
SIM1
SIM2
SIM3
SIM4
1
21
22
SIM5
SIM1
SIM2
SIM3
SIM4
1
21
22
SIM5
SIM1
SIM2
SIM3
SIM4
1
21
22
SIM5
SIM1
SIM2
SIM3
SIM4
1
21
22
SIM5
SIM1
SIM2
SIM3
SIM4
1
21
22
SIM5
SIM1
SIM2
SIM3
SIM4
1
21
22
SIM5
SIM1
SIM2
SIM3
SIM4
1
21
22
SIM5
SIM1
SIM2
SIM3
SIM4
1
21
22
SIM5
SIM1
SIM2
SIM3
SIM4
1
21
22
SIM5
SIM1
SIM2
SIM3
SIM4
1
21
22
SIM5
SIM1
SIM2
SIM3
SIM4
1
21
22
SIM5
SIM1
SIM2
SIM3
SIM4
1
21
22
SIM5
SIM1
SIM2
SIM3
SIM4
1
21
22
SIM5
SIM1
SIM2
SIM3
SIM4
1
21
22
SIM5
SIM1
SIM2
SIM3
SIM4
1
21
22
SIM5
SIM1
SIM2
SIM3
SIM4
1
21
22
SIM5
SIM1
SIM2
SIM3
SIM4
1
21
22
SIM5
SIM1
SIM2
SIM3
SIM4
1
21
22
SIM5
SIM1
SIM2
SIM3
SIM4
1
21
22
SIM5
SIM1
SIM2
SIM3
SIM4
1
21
22
SIM5
SIM1
SIM2
SIM3
SIM4
1
21
22
SIM5
SIM1
SIM2
SIM3
SIM4
1
21
22
SIM5
SIM1
SIM2
SIM3
SIM4
1
21
22
SIM5
SIM1
SIM2
SIM3
SIM4
1
21
22
SIM5
SIM1
SIM2
SIM3
SIM4
1
21
22
SIM5
SIM1
SIM2
SIM3
SIM4
1
21
22
SIM5
SIM1
SIM2
SIM3
SIM4
1
21
22
SIM5
SIM1
SIM2
SIM3
SIM4
1
21
22
SIM5
SIM1
SIM2
SIM3
SIM4
1
21
22
SIM5
SIM1
SIM2
SIM3
SIM4
1
21
22
SIM5
SIM1
SIM2
SIM3
SIM4
1
21
22
SIM5
SIM1
SIM2
SIM3
SIM4
1
21
22
SIM5
SIM1
SIM2
SIM3
SIM4
1
21
22
SIM5
SIM1
SIM2
SIM3
SIM4
1
21
22
SIM5
SIM1
SIM2
SIM3
SIM4
1
21
22
SIM5
SIM1
SIM2
DEBUG 1 577
SIM1
SIM2
SIM3
SIM4
1
21
22
SIM5
SIM1
SIM2
SIM3
SIM4
1
21
22
SIM5
SIM1
SIM2
SIM3
SIM4
1
21
22
SIM5
SIM1
SIM2
SIM3
SIM4
1
21
22
SIM5
SIM1
SIM2
SIM3
SIM4
1
21
22
SIM5
SIM1
SIM2
SIM3
SIM4
1
21
22
SIM5
SIM1
SIM2
SIM3
SIM4
1
21
22
SIM5
SIM1
SIM2
SIM3
SIM4
1
21
22
SIM5
SIM1
SIM2
SIM3
SIM4
1
21
22
SIM5
SIM1
SIM2
SIM3
SIM4
1
21
22
SIM5
SIM1
SIM2
SIM3
SIM4
1
21
22
SIM5
SIM1
SIM2
SIM3
SIM4
1
21
22
SIM5
SIM1
SIM2
SIM3
SIM4
1
21
22
SIM5
SIM1
SIM2
SIM3
SIM4
1
21
22
SIM5
SIM1
SIM2
SIM3
SIM4
1
21
22
SIM5
SIM1
SIM2
SIM3
SIM4
1
21
22
SIM5
SIM1
SIM2
SIM3
SIM4
1
21
22
SIM5
SIM1
SIM2
SIM3
SIM4
1
21
22
SIM5
SIM1
SIM2
SIM3
SIM4
1
21
22
SIM5
SIM1
SIM2
SIM3
SIM4
1
21
22
SIM5
SIM1
SIM2
SIM3
SIM4
1
21
22
SIM5
SIM1
SIM2
SIM3
SIM4
1
21
22
SIM5
SIM1
SIM2
SIM3
SIM4
1
21
22
SIM5
SIM1
SIM2
SIM3
SIM4
1
21
22
SIM5
SIM1
SIM2
SIM3
SIM4
1
21
22
SIM5
SIM1
SIM2
SIM3
SIM4
1
21
22
SIM5
SIM1
SIM2
SIM3
SIM4
1
21
22
SIM5
SIM1
SIM2
SIM3
SIM4
1
21
22
SIM5
SIM1
SIM2
SIM3
SIM4
1
21
22
SIM5
SIM1
SIM2
SIM3
SIM4
1
21
22
SIM5
SIM1
SIM2
SIM3
SIM4
1
21
22
SIM5
SIM1
SIM2
SIM3
SIM4
1
21
22
SIM5
SIM1
SIM2
SIM3
SIM4
1
21
22
SIM5
SIM1
SIM2
SIM3
SIM4
1
21
22
SIM5
SIM1
SIM2
SIM3
SIM4
1
21
22
SIM5
SIM1
SIM2
SIM3
SIM4
1
21
22
SIM5
SIM1
SIM2
SIM3
SIM4
1
21
22
SIM5
SIM1
SIM2
SIM3
SIM4
1
21
22
SIM5
SIM1
SIM2
SIM3
SIM4
1
21
22
SIM5
SIM1
SIM2
SIM3
SIM4
1
21
22
SIM5
SIM1
SIM2
SIM3
SIM4
1
21
22
SIM5
SIM1
SIM2
SIM3
SIM4
1
21
22
SIM5
SIM1
SIM2
SIM3
SIM4
1
21
22
SIM5
SIM1
SIM2
SIM3
SIM4
1
21
22
SIM5
SIM1
SIM2
SIM3
SIM4
1
21
22
SIM5
SIM1
SIM2
SIM3
SIM4
1
21
22
SIM5
SIM1
SIM2
SIM3
SIM4
1
21
22
SIM5
SIM1
SIM2
SIM3
SIM4
1
21
22
SIM5
SIM1
SIM2
SIM3
SIM4
1
21
22
SIM5
SIM1
SIM2
SIM3
SIM4
1
21
22
SIM5
SIM1
SIM2
SIM3
SIM4
1
21
22
SIM5
SIM1
SIM2
SIM3
SIM4
1
21
22
SIM5
SIM1
SIM2
SIM3
SIM4
1
21
22
SIM5
SIM1
SIM2
SIM3
SIM4
1
21
22
SIM5
SIM1
SIM2
SIM3
SIM4
1
21
22
SIM5
SIM1
SIM2
SIM3
SIM4
1
21
22
SIM5
SIM1
SIM2
SIM3
SIM4
1
21
22
SIM5
SIM1
SIM2
SIM3
SIM4
1
21
22
SIM5
SIM1
SIM2
SIM3
SIM4
1
21
22
SIM5
SIM1
SIM2
SIM3
SIM4
1
21
22
SIM5
SIM1
SIM2
SIM3
SIM4
1
21
22
SIM5
SIM1
SIM2
SIM3
SIM4
1
21
22
SIM5
SIM1
SIM2
SIM3
SIM4
1
21
22
SIM5
SIM1
SIM2
SIM3
SIM4
1
21
22
SIM5
SIM1
SIM2
SIM3
SIM4
1
21
22
SIM5
SIM1
SIM2
SIM3
SIM4
1
21
22
SIM5
SIM1
SIM2
SIM3
SIM4
1
21
22
SIM5
SIM1
SIM2
SIM3
SIM4
1
21
22
SIM5
SIM1
SIM2
SIM3
SIM4
1
21
22
SIM5
SIM1
SIM2
SIM3
SIM4
1
21
22
SIM5
SIM1
SIM2
SIM3
SIM4
1
21
22
SIM5
SIM1
SIM2
SIM3
SIM4
1
21
22
SIM5
SIM1
SIM2
SIM3
SIM4
1
21
22
SIM5
SIM1
SIM2
SIM3
SIM4
1
21
22
SIM5
SIM1
SIM2
SIM3
SIM4
1
21
22
SIM5
SIM1
SIM2
SIM3
SIM4
1
21
22
SIM5
SIM1
SIM2
SIM3
SIM4
1
21
22
SIM5
SIM1
SIM2
SIM3
SIM4
1
21
22
SIM5
SIM1
SIM2
SIM3
SIM4
1
21
22
SIM5
SIM1
SIM2
SIM3
SIM4
1
21
22
SIM5
SIM1
SIM2
SIM3
SIM4
1
21
22
SIM5
SIM1
SIM2
SIM3
SIM4
1
21
22
SIM5
SIM1
SIM2
SIM3
SIM4
1
21
22
SIM5
SIM1
SIM2
SIM3
SIM4
1
21
22
SIM5
SIM1
SIM2
SIM3
SIM4
1
21
22
SIM5
SIM1
SIM2
SIM3
SIM4
1
21
22
SIM5
SIM1
SIM2
SIM3
SIM4
1
21
22
SIM5
SIM1
SIM2
SIM3
SIM4
1
21
22
SIM5
SIM1
SIM2
SIM3
SIM4
1
21
22
SIM5
SIM1
SIM2
SIM3
SIM4
1
21
22
SIM5
SIM1
SIM2
SIM3
SIM4
1
21
22
SIM5
SIM1
SIM2
SIM3
SIM4
1
21
22
SIM5
SIM1
SIM2
SIM3
SIM4
1
21
22
SIM5
SIM1
SIM2
SIM3
SIM4
1
21
22
SIM5
SIM1
SIM2
SIM3
SIM4
1
21
22
SIM5
SIM1
SIM2
SIM3
SIM4
1
21
22
SIM5
SIM1
SIM2
SIM3
SIM4
1
21
22
SIM5
SIM1
SIM2
SIM3
SIM4
1
21
22
SIM5
SIM1
SIM2
SIM3
SIM4
1
21
22
SIM5
SIM1
SIM2
SIM3
SIM4
1
21
22
SIM5
SIM1
SIM2
SIM3
SIM4
1
21
22
SIM5
SIM1
SIM2
SIM3
SIM4
1
21
22
SIM5
SIM1
SIM2
SIM3
SIM4
1
21
22
SIM5
SIM1
SIM2
SIM3
SIM4
1
21
22
SIM5
SIM1
SIM2
SIM3
SIM4
1
21
22
SIM5
SIM1
SIM2
SIM3
SIM4
1
21
22
SIM5
SIM1
SIM2
SIM3
SIM4
1
21
22
SIM5
SIM1
SIM2
SIM3
SIM4
1
21
22
SIM5
SIM1
SIM2
SIM3
SIM4
1
21
22
SIM5
SIM1
SIM2
SIM3
SIM4
1
21
22
SIM5
SIM1
SIM2
SIM3
SIM4
1
21
22
SIM5
SIM1
SIM2
SIM3
SIM4
1
21
22
SIM5
SIM1
SIM2
SIM3
SIM4
1
21
22
SIM5
SIM1
SIM2
SIM3
SIM4
1
21
22
SIM5
SIM1
SIM2
SIM3
SIM4
1
21
22
SIM5
SIM1
SIM2
SIM3
SIM4
1
21
22
SIM5
SIM1
SIM2
SIM3
SIM4
1
21
22
SIM5
SIM1
SIM2
SIM3
SIM4
1
21
22
SIM5
SIM1
SIM2
SIM3
SIM4
1
21
22
SIM5
SIM1
SIM2
SIM3
SIM4
1
21
22
SIM5
SIM1
SIM2
SIM3
SIM4
1
21
22
SIM5
SIM1
SIM2
SIM3
SIM4
1
21
22
SIM5
SIM1
SIM2
SIM3
SIM4
1
21
22
SIM5
SIM1
SIM2
SIM3
SIM4
1
21
22
SIM5
SIM1
SIM2
SIM3
SIM4
1
21
22
SIM5
SIM1
SIM2
SIM3
SIM4
1
21
22
SIM5
SIM1
SIM2
SIM3
SIM4
1
21
22
SIM5
SIM1
SIM2
SIM3
SIM4
1
21
22
SIM5
SIM1
SIM2
SIM3
SIM4
1
21
22
SIM5
SIM1
SIM2
SIM3
SIM4
1
21
22
SIM5
SIM1
SIM2
SIM3
SIM4
1
21
22
SIM5
SIM1
SIM2
SIM3
SIM4
1
21
22
SIM5
SIM1
SIM2
SIM3
SIM4
1
21
22
SIM5
SIM1
SIM2
SIM3
SIM4
1
21
22
SIM5
SIM1
SIM2
SIM3
SIM4
1
21
22
SIM5
SIM1
SIM2
SIM3
SIM4
1
21
22
SIM5
SIM1
SIM2
SIM3
SIM4
1
21
22
SIM5
SIM1
SIM2
SIM3
SIM4
1
21
22
SIM5
SIM1
SIM2
SIM3
SIM4
1
21
22
SIM5
SIM1
SIM2
SIM3
SIM4
1
21
22
SIM5
SIM1
SIM2
SIM3
SIM4
1
21
22
SIM5
SIM1
SIM2
SIM3
SIM4
1
21
22
SIM5
SIM1
SIM2
SIM3
SIM4
1
21
22
SIM5
SIM1
SIM2
SIM3
SIM4
1
21
22
SIM5
SIM1
SIM2
SIM3
SIM4
1
21
22
SIM5
SIM1
SIM2
SIM3
SIM4
1
21
22
SIM5
SIM1
SIM2
SIM3
SIM4
1
21
22
SIM5
SIM1
SIM2
SIM3
SIM4
1
21
22
SIM5
SIM1
SIM2
SIM3
SIM4
1
21
22
SIM5
SIM1
SIM2
SIM3
SIM4
1
21
22
SIM5
SIM1
SIM2
SIM3
SIM4
1
21
22
SIM5
SIM1
SIM2
SIM3
SIM4
1
21
22
SIM5
SIM1
SIM2
SIM3
SIM4
1
21
22
SIM5
SIM1
SIM2
SIM3
SIM4
1
21
22
SIM5
SIM1
SIM2
SIM3
SIM4
1
21
22
SIM5
SIM1
SIM2
SIM3
SIM4
1
21
22
SIM5
SIM1
SIM2
SIM3
SIM4
1
21
22
SIM5
SIM1
SIM2
SIM3
SIM4
1
21
22
SIM5
SIM1
SIM2
SIM3
SIM4
1
21
22
SIM5
SIM1
SIM2
SIM3
SIM4
1
21
22
SIM5
SIM1
SIM2
SIM3
SIM4
1
21
22
SIM5
SIM1
SIM2
SIM3
SIM4
1
21
22
SIM5
SIM1
SIM2
SIM3
SIM4
1
21
22
SIM5
SIM1
SIM2
SIM3
SIM4
1
21
22
SIM5
SIM1
SIM2
SIM3
SIM4
1
21
22
SIM5
SIM1
SIM2
SIM3
SIM4
1
21
22
SIM5
SIM1
SIM2
SIM3
SIM4
1
21
22
SIM5
SIM1
SIM2
SIM3
SIM4
1
21
22
SIM5
SIM1
SIM2
SIM3
SIM4
1
21
22
SIM5
SIM1
SIM2
SIM3
SIM4
1
21
22
SIM5
SIM1
SIM2
SIM3
SIM4
1
21
22
SIM5
SIM1
SIM2
SIM3
SIM4
1
21
22
SIM5
SIM1
SIM2
SIM3
SIM4
1
21
22
SIM5
SIM1
SIM2
SIM3
SIM4
1
21
22
SIM5
SIM1
SIM2
SIM3
SIM4
1
21
22
SIM5
SIM1
SIM2
SIM3
SIM4
1
21
22
SIM5
SIM1
SIM2
SIM3
SIM4
1
21
22
SIM5
SIM1
SIM2
SIM3
SIM4
1
21
22
SIM5
SIM1
SIM2
SIM3
SIM4
1
21
22
SIM5
SIM1
SIM2
SIM3
SIM4
1
21
22
SIM5
SIM1
SIM2
SIM3
SIM4
1
21
22
SIM5
SIM1
SIM2
SIM3
SIM4
1
21
22
SIM5
SIM1
SIM2
SIM3
SIM4
1
21
22
SIM5
SIM1
SIM2
SIM3
SIM4
1
21
22
SIM5
SIM1
SIM2
SIM3
SIM4
1
21
22
SIM5
SIM1
SIM2
SIM3
SIM4
1
21
22
SIM5
SIM1
SIM2
SIM3
SIM4
1
21
22
SIM5
SIM1
SIM2
SIM3
SIM4
1
21
22
SIM5
SIM1
SIM2
SIM3
SIM4
1
21
22
SIM5
SIM1
SIM2
SIM3
SIM4
1
21
22
SIM5
SIM1
SIM2
SIM3
SIM4
1
21
22
SIM5
SIM1
SIM2
SIM3
SIM4
1
21
22
SIM5
SIM1
SIM2
SIM3
SIM4
1
21
22
SIM5
SIM1
SIM2
SIM3
SIM4
1
21
22
SIM5
SIM1
SIM2
SIM3
SIM4
1
21
22
SIM5
SIM1
SIM2
SIM3
SIM4
1
21
22
SIM5
SIM1
SIM2
SIM3
SIM4
1
21
22
SIM5
SIM1
SIM2
SIM3
SIM4
1
21
22
SIM5
SIM1
SIM2
SIM3
SIM4
1
21
22
SIM5
SIM1
SIM2
SIM3
SIM4
1
21
22
SIM5
SIM1
SIM2
SIM3
SIM4
1
21
22
SIM5
SIM1
SIM2
SIM3
SIM4
1
21
22
SIM5
SIM1
SIM2
SIM3
SIM4
1
21
22
SIM5
SIM1
SIM2
SIM3
SIM4
1
21
22
SIM5
SIM1
SIM2
SIM3
SIM4
1
21
22
SIM5
SIM1
SIM2
SIM3
SIM4
1
21
22
SIM5
SIM1
SIM2
SIM3
SIM4
1
21
22
SIM5
SIM1
SIM2
SIM3
SIM4
1
21
22
SIM5
SIM1
SIM2
SIM3
SIM4
1
21
22
SIM5
SIM1
SIM2
SIM3
SIM4
1
21
22
SIM5
SIM1
SIM2
SIM3
SIM4
1
21
22
SIM5
SIM1
SIM2
SIM3
SIM4
1
21
22
SIM5
SIM1
SIM2
SIM3
SIM4
1
21
22
SIM5
SIM1
SIM2
SIM3
SIM4
1
21
22
SIM5
SIM1
SIM2
SIM3
SIM4
1
21
22
SIM5
SIM1
SIM2
SIM3
SIM4
1
21
22
SIM5
SIM1
SIM2
SIM3
SIM4
1
21
22
SIM5
SIM1
SIM2
SIM3
SIM4
1
21
22
SIM5
SIM1
SIM2
SIM3
SIM4
1
21
22
SIM5
SIM1
SIM2
SIM3
SIM4
1
21
22
SIM5
SIM1
SIM2
SIM3
SIM4
1
21
22
SIM5
SIM1
SIM2
SIM3
SIM4
1
21
22
SIM5
SIM1
SIM2
SIM3
SIM4
1
21
22
SIM5
SIM1
SIM2
SIM3
SIM4
1
21
22
SIM5
SIM1
SIM2
SIM3
SIM4
1
21
22
SIM5
SIM1
SIM2
SIM3
SIM4
1
21
22
SIM5
SIM1
SIM2
SIM3
SIM4
1
21
22
SIM5
SIM1
SIM2
SIM3
SIM4
1
21
22
SIM5
SIM1
SIM2
SIM3
SIM4
1
21
22
SIM5
SIM1
SIM2
SIM3
SIM4
1
21
22
SIM5
SIM1
SIM2
SIM3
SIM4
1
21
22
SIM5
SIM1
SIM2
SIM3
SIM4
1
21
22
SIM5
SIM1
SIM2
SIM3
SIM4
1
21
22
SIM5
SIM1
SIM2
SIM3
SIM4
1
21
22
SIM5
SIM1
SIM2
SIM3
SIM4
1
21
22
SIM5
SIM1
SIM2
SIM3
SIM4
1
21
22
SIM5
SIM1
SIM2
SIM3
SIM4
1
21
22
SIM5
SIM1
SIM2
SIM3
SIM4
1
21
22
SIM5
SIM1
SIM2
SIM3
SIM4
1
21
22
SIM5
SIM1
SIM2
SIM3
SIM4
1
21
22
SIM5
SIM1
SIM2
SIM3
SIM4
1
21
22
SIM5
SIM1
SIM2
DEBUG 1 578
SIM1
SIM2
SIM3
SIM4
1
21
22
SIM5
SIM1
SIM2
SIM3
SIM4
1
21
22
SIM5
SIM1
SIM2
SIM3
SIM4
1
21
22
SIM5
SIM1
SIM2
SIM3
SIM4
1
21
22
SIM5
SIM1
SIM2
SIM3
SIM4
1
21
22
SIM5
SIM1
SIM2
SIM3
SIM4
1
21
22
SIM5
SIM1
SIM2
SIM3
SIM4
1
21
22
SIM5
SIM1
SIM2
SIM3
SIM4
1
21
22
SIM5
SIM1
SIM2
SIM3
SIM4
1
21
22
SIM5
SIM1
SIM2
SIM3
SIM4
1
21
22
SIM5
SIM1
SIM2
SIM3
SIM4
1
21
22
SIM5
SIM1
SIM2
SIM3
SIM4
1
21
22
SIM5
SIM1
SIM2
SIM3
SIM4
1
21
22
SIM5
SIM1
SIM2
SIM3
SIM4
1
21
22
SIM5
SIM1
SIM2
SIM3
SIM4
1
21
22
SIM5
SIM1
SIM2
SIM3
SIM4
1
21
22
SIM5
SIM1
SIM2
SIM3
SIM4
1
21
22
SIM5
SIM1
SIM2
SIM3
SIM4
1
21
22
SIM5
SIM1
SIM2
SIM3
SIM4
1
21
22
SIM5
SIM1
SIM2
SIM3
SIM4
1
21
22
SIM5
SIM1
SIM2
SIM3
SIM4
1
21
22
SIM5
SIM1
SIM2
SIM3
SIM4
1
21
22
SIM5
SIM1
SIM2
SIM3
SIM4
1
21
22
SIM5
SIM1
SIM2
SIM3
SIM4
1
21
22
SIM5
SIM1
SIM2
SIM3
SIM4
1
21
22
SIM5
SIM1
SIM2
SIM3
SIM4
1
21
22
SIM5
SIM1
SIM2
SIM3
SIM4
1
21
22
SIM5
SIM1
SIM2
SIM3
SIM4
1
21
22
SIM5
SIM1
SIM2
SIM3
SIM4
1
21
22
SIM5
SIM1
SIM2
SIM3
SIM4
1
21
22
SIM5
SIM1
SIM2
SIM3
SIM4
1
21
22
SIM5
SIM1
SIM2
SIM3
SIM4
1
21
22
SIM5
SIM1
SIM2
SIM3
SIM4
1
21
22
SIM5
SIM1
SIM2
SIM3
SIM4
1
21
22
SIM5
SIM1
SIM2
SIM3
SIM4
1
21
22
SIM5
SIM1
SIM2
SIM3
SIM4
1
21
22
SIM5
SIM1
SIM2
SIM3
SIM4
1
21
22
SIM5
SIM1
SIM2
SIM3
SIM4
1
21
22
SIM5
SIM1
SIM2
SIM3
SIM4
1
21
22
SIM5
SIM1
SIM2
SIM3
SIM4
1
21
22
SIM5
SIM1
SIM2
SIM3
SIM4
1
21
22
SIM5
SIM1
SIM2
SIM3
SIM4
1
21
22
SIM5
SIM1
SIM2
SIM3
SIM4
1
21
22
SIM5
SIM1
SIM2
SIM3
SIM4
1
21
22
SIM5
SIM1
SIM2
SIM3
SIM4
1
21
22
SIM5
SIM1
SIM2
SIM3
SIM4
1
21
22
SIM5
SIM1
SIM2
SIM3
SIM4
1
21
22
SIM5
SIM1
SIM2
SIM3
SIM4
1
21
22
SIM5
SIM1
SIM2
SIM3
SIM4
1
21
22
SIM5
SIM1
SIM2
SIM3
SIM4
1
21
22
SIM5
SIM1
SIM2
SIM3
SIM4
1
21
22
SIM5
SIM1
SIM2
SIM3
SIM4
1
21
22
SIM5
SIM1
SIM2
SIM3
SIM4
1
21
22
SIM5
SIM1
SIM2
SIM3
SIM4
1
21
22
SIM5
SIM1
SIM2
SIM3
SIM4
1
21
22
SIM5
SIM1
SIM2
SIM3
SIM4
1
21
22
SIM5
SIM1
SIM2
SIM3
SIM4
1
21
22
SIM5
SIM1
SIM2
SIM3
SIM4
1
21
22
SIM5
SIM1
SIM2
SIM3
SIM4
1
21
22
SIM5
SIM1
SIM2
SIM3
SIM4
1
21
22
SIM5
SIM1
SIM2
SIM3
SIM4
1
21
22
SIM5
SIM1
SIM2
SIM3
SIM4
1
21
22
SIM5
SIM1
SIM2
SIM3
SIM4
1
21
22
SIM5
SIM1
SIM2
SIM3
SIM4
1
21
22
SIM5
SIM1
SIM2
SIM3
SIM4
1
21
22
SIM5
SIM1
SIM2
SIM3
SIM4
1
21
22
SIM5
SIM1
SIM2
SIM3
SIM4
1
21
22
SIM5
SIM1
SIM2
SIM3
SIM4
1
21
22
SIM5
SIM1
SIM2
SIM3
SIM4
1
21
22
SIM5
SIM1
SIM2
SIM3
SIM4
1
21
22
SIM5
SIM1
SIM2
SIM3
SIM4
1
21
22
SIM5
SIM1
SIM2
SIM3
SIM4
1
21
22
SIM5
SIM1
SIM2
SIM3
SIM4
1
21
22
SIM5
SIM1
SIM2
SIM3
SIM4
1
21
22
SIM5
SIM1
SIM2
SIM3
SIM4
1
21
22
SIM5
SIM1
SIM2
SIM3
SIM4
1
21
22
SIM5
SIM1
SIM2
SIM3
SIM4
1
21
22
SIM5
SIM1
SIM2
SIM3
SIM4
1
21
22
SIM5
SIM1
SIM2
SIM3
SIM4
1
21
22
SIM5
SIM1
SIM2
SIM3
SIM4
1
21
22
SIM5
SIM1
SIM2
SIM3
SIM4
1
21
22
SIM5
SIM1
SIM2
SIM3
SIM4
1
21
22
SIM5
SIM1
SIM2
SIM3
SIM4
1
21
22
SIM5
SIM1
SIM2
SIM3
SIM4
1
21
22
SIM5
SIM1
SIM2
SIM3
SIM4
1
21
22
SIM5
SIM1
SIM2
SIM3
SIM4
1
21
22
SIM5
SIM1
SIM2
SIM3
SIM4
1
21
22
SIM5
SIM1
SIM2
SIM3
SIM4
1
21
22
SIM5
SIM1
SIM2
SIM3
SIM4
1
21
22
SIM5
SIM1
SIM2
SIM3
SIM4
1
21
22
SIM5
SIM1
SIM2
SIM3
SIM4
1
21
22
SIM5
SIM1
SIM2
SIM3
SIM4
1
21
22
SIM5
SIM1
SIM2
SIM3
SIM4
1
21
22
SIM5
SIM1
SIM2
SIM3
SIM4
1
21
22
SIM5
SIM1
SIM2
SIM3
SIM4
1
21
22
SIM5
SIM1
SIM2
SIM3
SIM4
1
21
22
SIM5
SIM1
SIM2
SIM3
SIM4
1
21
22
SIM5
SIM1
SIM2
SIM3
SIM4
1
21
22
SIM5
SIM1
SIM2
SIM3
SIM4
1
21
22
SIM5
SIM1
SIM2
SIM3
SIM4
1
21
22
SIM5
SIM1
SIM2
SIM3
SIM4
1
21
22
SIM5
SIM1
SIM2
SIM3
SIM4
1
21
22
SIM5
SIM1
SIM2
SIM3
SIM4
1
21
22
SIM5
SIM1
SIM2
SIM3
SIM4
1
21
22
SIM5
SIM1
SIM2
SIM3
SIM4
1
21
22
SIM5
SIM1
SIM2
SIM3
SIM4
1
21
22
SIM5
SIM1
SIM2
SIM3
SIM4
1
21
22
SIM5
SIM1
SIM2
SIM3
SIM4
1
21
22
SIM5
SIM1
SIM2
SIM3
SIM4
1
21
22
SIM5
SIM1
SIM2
SIM3
SIM4
1
21
22
SIM5
SIM1
SIM2
SIM3
SIM4
1
21
22
SIM5
SIM1
SIM2
SIM3
SIM4
1
21
22
SIM5
SIM1
SIM2
SIM3
SIM4
1
21
22
SIM5
SIM1
SIM2
SIM3
SIM4
1
21
22
SIM5
SIM1
SIM2
SIM3
SIM4
1
21
22
SIM5
SIM1
SIM2
SIM3
SIM4
1
21
22
SIM5
SIM1
SIM2
DEBUG 1 579
SIM1
SIM2
SIM3
SIM4
1
21
22
SIM5
SIM1
SIM2
SIM3
SIM4
1
21
22
SIM5
SIM1
SIM2
SIM3
SIM4
1
21
22
SIM5
SIM1
SIM2
SIM3
SIM4
1
21
22
SIM5
SIM1
SIM2
SIM3
SIM4
1
21
22
SIM5
SIM1
SIM2
SIM3
SIM4
1
21
22
SIM5
SIM1
SIM2
SIM3
SIM4
1
21
22
SIM5
SIM1
SIM2
SIM3
SIM4
1
21
22
SIM5
SIM1
SIM2
SIM3
SIM4
1
21
22
SIM5
SIM1
SIM2
SIM3
SIM4
1
21
22
SIM5
SIM1
SIM2
SIM3
SIM4
1
21
22
SIM5
SIM1
SIM2
SIM3
SIM4
1
21
22
SIM5
SIM1
SIM2
SIM3
SIM4
1
21
22
SIM5
SIM1
SIM2
SIM3
SIM4
1
21
22
SIM5
SIM1
SIM2
SIM3
SIM4
1
21
22
SIM5
SIM1
SIM2
SIM3
SIM4
1
21
22
SIM5
SIM1
SIM2
SIM3
SIM4
1
21
22
SIM5
SIM1
SIM2
SIM3
SIM4
1
21
22
SIM5
SIM1
SIM2
SIM3
SIM4
1
21
22
SIM5
SIM1
SIM2
SIM3
SIM4
1
21
22
SIM5
SIM1
SIM2
SIM3
SIM4
1
21
22
SIM5
SIM1
SIM2
SIM3
SIM4
1
21
22
SIM5
SIM1
SIM2
SIM3
SIM4
1
21
22
SIM5
SIM1
SIM2
SIM3
SIM4
1
21
22
SIM5
SIM1
SIM2
SIM3
SIM4
1
21
22
SIM5
SIM1
SIM2
SIM3
SIM4
1
21
22
SIM5
SIM1
SIM2
SIM3
SIM4
1
21
22
SIM5
SIM1
SIM2
SIM3
SIM4
1
21
22
SIM5
SIM1
SIM2
SIM3
SIM4
1
21
22
SIM5
SIM1
SIM2
SIM3
SIM4
1
21
22
SIM5
SIM1
SIM2
SIM3
SIM4
1
21
22
SIM5
SIM1
SIM2
SIM3
SIM4
1
21
22
SIM5
SIM1
SIM2
SIM3
SIM4
1
21
22
SIM5
SIM1
SIM2
SIM3
SIM4
1
21
22
SIM5
SIM1
SIM2
SIM3
SIM4
1
21
22
SIM5
SIM1
SIM2
SIM3
SIM4
1
21
22
SIM5
SIM1
SIM2
SIM3
SIM4
1
21
22
SIM5
SIM1
SIM2
SIM3
SIM4
1
21
22
SIM5
SIM1
SIM2
SIM3
SIM4
1
21
22
SIM5
SIM1
SIM2
SIM3
SIM4
1
21
22
SIM5
SIM1
SIM2
SIM3
SIM4
1
21
22
SIM5
SIM1
SIM2
SIM3
SIM4
1
21
22
SIM5
SIM1
SIM2
SIM3
SIM4
1
21
22
SIM5
SIM1
SIM2
SIM3
SIM4
1
21
22
SIM5
SIM1
SIM2
SIM3
SIM4
1
21
22
SIM5
SIM1
SIM2
SIM3
SIM4
1
21
22
SIM5
SIM1
SIM2
SIM3
SIM4
1
21
22
SIM5
SIM1
SIM2
SIM3
SIM4
1
21
22
SIM5
SIM1
SIM2
SIM3
SIM4
1
21
22
SIM5
SIM1
SIM2
SIM3
SIM4
1
21
22
SIM5
SIM1
SIM2
SIM3
SIM4
1
21
22
SIM5
SIM1
SIM2
SIM3
SIM4
1
21
22
SIM5
SIM1
SIM2
SIM3
SIM4
1
21
22
SIM5
SIM1
SIM2
SIM3
SIM4
1
21
22
SIM5
SIM1
SIM2
SIM3
SIM4
1
21
22
SIM5
SIM1
SIM2
SIM3
SIM4
1
21
22
SIM5
SIM1
SIM2
SIM3
SIM4
1
21
22
SIM5
SIM1
SIM2
SIM3
SIM4
1
21
22
SIM5
SIM1
SIM2
SIM3
SIM4
1
21
22
SIM5
SIM1
SIM2
SIM3
SIM4
1
21
22
SIM5
SIM1
SIM2
SIM3
SIM4
1
21
22
SIM5
SIM1
SIM2
SIM3
SIM4
1
21
22
SIM5
SIM1
SIM2
SIM3
SIM4
1
21
22
SIM5
SIM1
SIM2
SIM3
SIM4
1
21
22
SIM5
SIM1
SIM2
SIM3
SIM4
1
21
22
SIM5
SIM1
SIM2
SIM3
SIM4
1
21
22
SIM5
SIM1
SIM2
SIM3
SIM4
1
21
22
SIM5
SIM1
SIM2
SIM3
SIM4
1
21
22
SIM5
SIM1
SIM2
SIM3
SIM4
1
21
22
SIM5
SIM1
SIM2
SIM3
SIM4
1
21
22
SIM5
SIM1
SIM2
SIM3
SIM4
1
21
22
SIM5
SIM1
SIM2
SIM3
SIM4
1
21
22
SIM5
SIM1
SIM2
SIM3
SIM4
1
21
22
SIM5
SIM1
SIM2
SIM3
SIM4
1
21
22
SIM5
SIM1
SIM2
SIM3
SIM4
1
21
22
SIM5
SIM1
SIM2
SIM3
SIM4
1
21
22
SIM5
SIM1
SIM2
SIM3
SIM4
1
21
22
SIM5
SIM1
SIM2
SIM3
SIM4
1
21
22
SIM5
SIM1
SIM2
SIM3
SIM4
1
21
22
SIM5
SIM1
SIM2
SIM3
SIM4
1
21
22
SIM5
SIM1
SIM2
SIM3
SIM4
1
21
22
SIM5
SIM1
SIM2
SIM3
SIM4
1
21
22
SIM5
SIM1
SIM2
SIM3
SIM4
1
21
22
SIM5
SIM1
SIM2
SIM3
SIM4
1
21
22
SIM5
SIM1
SIM2
SIM3
SIM4
1
21
22
SIM5
SIM1
SIM2
SIM3
SIM4
1
21
22
SIM5
SIM1
SIM2
SIM3
SIM4
1
21
22
SIM5
SIM1
SIM2
SIM3
SIM4
1
21
22
SIM5
SIM1
SIM2
SIM3
SIM4
1
21
22
SIM5
SIM1
SIM2
SIM3
SIM4
1
21
22
SIM5
SIM1
SIM2
SIM3
SIM4
1
21
22
SIM5
SIM1
SIM2
SIM3
SIM4
1
21
22
SIM5
SIM1
SIM2
SIM3
SIM4
1
21
22
SIM5
SIM1
SIM2
SIM3
SIM4
1
21
22
SIM5
SIM1
SIM2
SIM3
SIM4
1
21
22
SIM5
SIM1
SIM2
SIM3
SIM4
1
21
22
SIM5
SIM1
SIM2
SIM3
SIM4
1
21
22
SIM5
SIM1
SIM2
SIM3
SIM4
1
21
22
SIM5
SIM1
SIM2
SIM3
SIM4
1
21
22
SIM5
SIM1
SIM2
SIM3
SIM4
1
21
22
SIM5
SIM1
SIM2
SIM3
SIM4
1
21
22
SIM5
SIM1
SIM2
SIM3
SIM4
1
21
22
SIM5
SIM1
SIM2
SIM3
SIM4
1
21
22
SIM5
SIM1
SIM2
SIM3
SIM4
1
21
22
SIM5
SIM1
SIM2
SIM3
SIM4
1
21
22
SIM5
SIM1
SIM2
SIM3
SIM4
1
21
22
SIM5
SIM1
SIM2
SIM3
SIM4
1
21
22
SIM5
SIM1
SIM2
SIM3
SIM4
1
21
22
SIM5
SIM1
SIM2
SIM3
SIM4
1
21
22
SIM5
SIM1
SIM2
SIM3
SIM4
1
21
22
SIM5
SIM1
SIM2
SIM3
SIM4
1
21
22
SIM5
SIM1
SIM2
SIM3
SIM4
1
21
22
SIM5
SIM1
SIM2
SIM3
SIM4
1
21
22
SIM5
SIM1
SIM2
SIM3
SIM4
1
21
22
SIM5
SIM1
SIM2
SIM3
SIM4
1
21
22
SIM5
SIM1
SIM2
SIM3
SIM4
1
21
22
SIM5
SIM1
SIM2
SIM3
SIM4
1
21
22
SIM5
SIM1
SIM2
SIM3
SIM4
1
21
22
SIM5
SIM1
SIM2
SIM3
SIM4
1
21
22
SIM5
SIM1
SIM2
SIM3
SIM4
1
21
22
SIM5
SIM1
SIM2
SIM3
SIM4
1
21
22
SIM5
SIM1
SIM2
SIM3
SIM4
1
21
22
SIM5
SIM1
SIM2
SIM3
SIM4
1
21
22
SIM5
SIM1
SIM2
SIM3
SIM4
1
21
22
SIM5
SIM1
SIM2
SIM3
SIM4
1
21
22
SIM5
SIM1
SIM2
SIM3
SIM4
1
21
22
SIM5
SIM1
SIM2
SIM3
SIM4
1
21
22
SIM5
SIM1
SIM2
SIM3
SIM4
1
21
22
SIM5
SIM1
SIM2
SIM3
SIM4
1
21
22
SIM5
SIM1
SIM2
DEBUG 1 580
SIM1
SIM2
SIM3
SIM4
1
21
22
SIM5
SIM1
SIM2
SIM3
SIM4
1
21
22
SIM5
SIM1
SIM2
SIM3
SIM4
1
21
22
SIM5
SIM1
SIM2
SIM3
SIM4
1
21
22
SIM5
SIM1
SIM2
SIM3
SIM4
1
21
22
SIM5
SIM1
SIM2
SIM3
SIM4
1
21
22
SIM5
SIM1
SIM2
SIM3
SIM4
1
21
22
SIM5
SIM1
SIM2
SIM3
SIM4
1
21
22
SIM5
SIM1
SIM2
SIM3
SIM4
1
21
22
SIM5
SIM1
SIM2
SIM3
SIM4
1
21
22
SIM5
SIM1
SIM2
SIM3
SIM4
1
21
22
SIM5
SIM1
SIM2
SIM3
SIM4
1
21
22
SIM5
SIM1
SIM2
SIM3
SIM4
1
21
22
SIM5
SIM1
SIM2
SIM3
SIM4
1
21
22
SIM5
SIM1
SIM2
SIM3
SIM4
1
21
22
SIM5
SIM1
SIM2
SIM3
SIM4
1
21
22
SIM5
SIM1
SIM2
SIM3
SIM4
1
21
22
SIM5
SIM1
SIM2
SIM3
SIM4
1
21
22
SIM5
SIM1
SIM2
SIM3
SIM4
1
21
22
SIM5
SIM1
SIM2
SIM3
SIM4
1
21
22
SIM5
SIM1
SIM2
SIM3
SIM4
1
21
22
SIM5
SIM1
SIM2
SIM3
SIM4
1
21
22
SIM5
SIM1
SIM2
SIM3
SIM4
1
21
22
SIM5
SIM1
SIM2
SIM3
SIM4
1
21
22
SIM5
SIM1
SIM2
SIM3
SIM4
1
21
22
SIM5
SIM1
SIM2
SIM3
SIM4
1
21
22
SIM5
SIM1
SIM2
SIM3
SIM4
1
21
22
SIM5
SIM1
SIM2
SIM3
SIM4
1
21
22
SIM5
SIM1
SIM2
SIM3
SIM4
1
21
22
SIM5
SIM1
SIM2
SIM3
SIM4
1
21
22
SIM5
SIM1
SIM2
SIM3
SIM4
1
21
22
SIM5
SIM1
SIM2
SIM3
SIM4
1
21
22
SIM5
SIM1
SIM2
SIM3
SIM4
1
21
22
SIM5
SIM1
SIM2
SIM3
SIM4
1
21
22
SIM5
SIM1
SIM2
SIM3
SIM4
1
21
22
SIM5
SIM1
SIM2
SIM3
SIM4
1
21
22
SIM5
SIM1
SIM2
SIM3
SIM4
1
21
22
SIM5
SIM1
SIM2
SIM3
SIM4
1
21
22
SIM5
SIM1
SIM2
SIM3
SIM4
1
21
22
SIM5
SIM1
SIM2
SIM3
SIM4
1
21
22
SIM5
SIM1
SIM2
SIM3
SIM4
1
21
22
SIM5
SIM1
SIM2
SIM3
SIM4
1
21
22
SIM5
SIM1
SIM2
SIM3
SIM4
1
21
22
SIM5
SIM1
SIM2
SIM3
SIM4
1
21
22
SIM5
SIM1
SIM2
SIM3
SIM4
1
21
22
SIM5
SIM1
SIM2
SIM3
SIM4
1
21
22
SIM5
SIM1
SIM2
SIM3
SIM4
1
21
22
SIM5
SIM1
SIM2
SIM3
SIM4
1
21
22
SIM5
SIM1
SIM2
SIM3
SIM4
1
21
22
SIM5
SIM1
SIM2
SIM3
SIM4
1
21
22
SIM5
SIM1
SIM2
SIM3
SIM4
1
21
22
SIM5
SIM1
SIM2
SIM3
SIM4
1
21
22
SIM5
SIM1
SIM2
SIM3
SIM4
1
21
22
SIM5
SIM1
SIM2
SIM3
SIM4
1
21
22
SIM5
SIM1
SIM2
SIM3
SIM4
1
21
22
SIM5
SIM1
SIM2
SIM3
SIM4
1
21
22
SIM5
SIM1
SIM2
SIM3
SIM4
1
21
22
SIM5
SIM1
SIM2
SIM3
SIM4
1
21
22
SIM5
SIM1
SIM2
SIM3
SIM4
1
21
22
SIM5
SIM1
SIM2
SIM3
SIM4
1
21
22
SIM5
SIM1
SIM2
SIM3
SIM4
1
21
22
SIM5
SIM1
SIM2
SIM3
SIM4
1
21
22
SIM5
SIM1
SIM2
SIM3
SIM4
1
21
22
SIM5
SIM1
SIM2
SIM3
SIM4
1
21
22
SIM5
SIM1
SIM2
SIM3
SIM4
1
21
22
SIM5
SIM1
SIM2
SIM3
SIM4
1
21
22
SIM5
SIM1
SIM2
SIM3
SIM4
1
21
22
SIM5
SIM1
SIM2
SIM3
SIM4
1
21
22
SIM5
SIM1
SIM2
SIM3
SIM4
1
21
22
SIM5
SIM1
SIM2
SIM3
SIM4
1
21
22
SIM5
SIM1
SIM2
SIM3
SIM4
1
21
22
SIM5
SIM1
SIM2
SIM3
SIM4
1
21
22
SIM5
SIM1
SIM2
SIM3
SIM4
1
21
22
SIM5
SIM1
SIM2
SIM3
SIM4
1
21
22
SIM5
SIM1
SIM2
SIM3
SIM4
1
21
22
SIM5
SIM1
SIM2
SIM3
SIM4
1
21
22
SIM5
SIM1
SIM2
SIM3
SIM4
1
21
22
SIM5
SIM1
SIM2
SIM3
SIM4
1
21
22
SIM5
SIM1
SIM2
SIM3
SIM4
1
21
22
SIM5
SIM1
SIM2
SIM3
SIM4
1
21
22
SIM5
SIM1
SIM2
SIM3
SIM4
1
21
22
SIM5
SIM1
SIM2
SIM3
SIM4
1
21
22
SIM5
SIM1
SIM2
SIM3
SIM4
1
21
22
SIM5
SIM1
SIM2
SIM3
SIM4
1
21
22
SIM5
SIM1
SIM2
SIM3
SIM4
1
21
22
SIM5
SIM1
SIM2
SIM3
SIM4
1
21
22
SIM5
SIM1
SIM2
SIM3
SIM4
1
21
22
SIM5
SIM1
SIM2
SIM3
SIM4
1
21
22
SIM5
SIM1
SIM2
SIM3
SIM4
1
21
22
SIM5
SIM1
SIM2
SIM3
SIM4
1
21
22
SIM5
SIM1
SIM2
SIM3
SIM4
1
21
22
SIM5
SIM1
SIM2
SIM3
SIM4
1
21
22
SIM5
SIM1
SIM2
SIM3
SIM4
1
21
22
SIM5
SIM1
SIM2
SIM3
SIM4
1
21
22
SIM5
SIM1
SIM2
SIM3
SIM4
1
21
22
SIM5
SIM1
SIM2
SIM3
SIM4
1
21
22
SIM5
SIM1
SIM2
SIM3
SIM4
1
21
22
SIM5
SIM1
SIM2
SIM3
SIM4
1
21
22
SIM5
SIM1
SIM2
SIM3
SIM4
1
21
22
SIM5
SIM1
SIM2
SIM3
SIM4
1
21
22
SIM5
SIM1
SIM2
SIM3
SIM4
1
21
22
SIM5
SIM1
SIM2
SIM3
SIM4
1
21
22
SIM5
SIM1
SIM2
SIM3
SIM4
1
21
22
SIM5
SIM1
SIM2
SIM3
SIM4
1
21
22
SIM5
SIM1
SIM2
SIM3
SIM4
1
21
22
SIM5
SIM1
SIM2
SIM3
SIM4
1
21
22
SIM5
SIM1
SIM2
SIM3
SIM4
1
21
22
SIM5
SIM1
SIM2
SIM3
SIM4
1
21
22
SIM5
SIM1
SIM2
SIM3
SIM4
1
21
22
SIM5
SIM1
SIM2
SIM3
SIM4
1
21
22
SIM5
SIM1
SIM2
SIM3
SIM4
1
21
22
SIM5
SIM1
SIM2
SIM3
SIM4
1
21
22
SIM5
SIM1
SIM2
SIM3
SIM4
1
21
22
SIM5
SIM1
SIM2
SIM3
SIM4
1
21
22
SIM5
SIM1
SIM2
SIM3
SIM4
1
21
22
SIM5
SIM1
SIM2
SIM3
SIM4
1
21
22
SIM5
SIM1
SIM2
SIM3
SIM4
1
21
22
SIM5
SIM1
SIM2
SIM3
SIM4
1
21
22
SIM5
SIM1
SIM2
SIM3
SIM4
1
21
22
SIM5
SIM1
SIM2
SIM3
SIM4
1
21
22
SIM5
SIM1
SIM2
SIM3
SIM4
1
21
22
SIM5
SIM1
SIM2
SIM3
SIM4
1
21
22
SIM5
SIM1
SIM2
SIM3
SIM4
1
21
22
SIM5
SIM1
SIM2
SIM3
SIM4
1
21
22
SIM5
SIM1
SIM2
SIM3
SIM4
1
21
22
SIM5
SIM1
SIM2
SIM3
SIM4
1
21
22
SIM5
SIM1
SIM2
SIM3
SIM4
1
21
22
SIM5
SIM1
SIM2
SIM3
SIM4
1
21
22
SIM5
SIM1
SIM2
SIM3
SIM4
1
21
22
SIM5
SIM1
SIM2
SIM3
SIM4
1
21
22
SIM5
SIM1
SIM2
SIM3
SIM4
1
21
22
SIM5
SIM1
SIM2
SIM3
SIM4
1
21
22
SIM5
SIM1
SIM2
SIM3
SIM4
1
21
22
SIM5
SIM1
SIM2
SIM3
SIM4
1
21
22
SIM5
SIM1
SIM2
SIM3
SIM4
1
21
22
SIM5
SIM1
SIM2
SIM3
SIM4
1
21
22
SIM5
SIM1
SIM2
SIM3
SIM4
1
21
22
SIM5
SIM1
SIM2
SIM3
SIM4
1
21
22
SIM5
SIM1
SIM2
SIM3
SIM4
1
21
22
SIM5
SIM1
SIM2
SIM3
SIM4
1
21
22
SIM5
SIM1
SIM2
SIM3
SIM4
1
21
22
SIM5
SIM1
SIM2
SIM3
SIM4
1
21
22
SIM5
SIM1
SIM2
SIM3
SIM4
1
21
22
SIM5
SIM1
SIM2
SIM3
SIM4
1
21
22
SIM5
SIM1
SIM2
SIM3
SIM4
1
21
22
SIM5
SIM1
SIM2
SIM3
SIM4
1
21
22
SIM5
SIM1
SIM2
SIM3
SIM4
1
21
22
SIM5
SIM1
SIM2
SIM3
SIM4
1
21
22
SIM5
SIM1
SIM2
SIM3
SIM4
1
21
22
SIM5
SIM1
SIM2
SIM3
SIM4
1
21
22
SIM5
SIM1
SIM2
SIM3
SIM4
1
21
22
SIM5
SIM1
SIM2
SIM3
SIM4
1
21
22
SIM5
SIM1
SIM2
SIM3
SIM4
1
21
22
SIM5
SIM1
SIM2
SIM3
SIM4
1
21
22
SIM5
SIM1
SIM2
SIM3
SIM4
1
21
22
SIM5
SIM1
SIM2
SIM3
SIM4
1
21
22
SIM5
SIM1
SIM2
SIM3
SIM4
1
21
22
SIM5
SIM1
SIM2
SIM3
SIM4
1
21
22
SIM5
SIM1
SIM2
SIM3
SIM4
1
21
22
SIM5
SIM1
SIM2
SIM3
SIM4
1
21
22
SIM5
SIM1
SIM2
SIM3
SIM4
1
21
22
SIM5
SIM1
SIM2
SIM3
SIM4
1
21
22
SIM5
SIM1
SIM2
SIM3
SIM4
1
21
22
SIM5
SIM1
SIM2
SIM3
SIM4
1
21
22
SIM5
SIM1
SIM2
DEBUG 1 581
SIM1
SIM2
SIM3
SIM4
1
21
22
SIM5
SIM1
SIM2
SIM3
SIM4
1
21
22
SIM5
SIM1
SIM2
SIM3
SIM4
1
21
22
SIM5
SIM1
SIM2
SIM3
SIM4
1
21
22
SIM5
SIM1
SIM2
SIM3
SIM4
1
21
22
SIM5
SIM1
SIM2
SIM3
SIM4
1
21
22
SIM5
SIM1
SIM2
SIM3
SIM4
1
21
22
SIM5
SIM1
SIM2
SIM3
SIM4
1
21
22
SIM5
SIM1
SIM2
SIM3
SIM4
1
21
22
SIM5
SIM1
SIM2
SIM3
SIM4
1
21
22
SIM5
SIM1
SIM2
SIM3
SIM4
1
21
22
SIM5
SIM1
SIM2
SIM3
SIM4
1
21
22
SIM5
SIM1
SIM2
SIM3
SIM4
1
21
22
SIM5
SIM1
SIM2
SIM3
SIM4
1
21
22
SIM5
SIM1
SIM2
SIM3
SIM4
1
21
22
SIM5
SIM1
SIM2
SIM3
SIM4
1
21
22
SIM5
SIM1
SIM2
SIM3
SIM4
1
21
22
SIM5
SIM1
SIM2
SIM3
SIM4
1
21
22
SIM5
SIM1
SIM2
SIM3
SIM4
1
21
22
SIM5
SIM1
SIM2
SIM3
SIM4
1
21
22
SIM5
SIM1
SIM2
SIM3
SIM4
1
21
22
SIM5
SIM1
SIM2
SIM3
SIM4
1
21
22
SIM5
SIM1
SIM2
SIM3
SIM4
1
21
22
SIM5
SIM1
SIM2
SIM3
SIM4
1
21
22
SIM5
SIM1
SIM2
SIM3
SIM4
1
21
22
SIM5
SIM1
SIM2
SIM3
SIM4
1
21
22
SIM5
SIM1
SIM2
SIM3
SIM4
1
21
22
SIM5
SIM1
SIM2
SIM3
SIM4
1
21
22
SIM5
SIM1
SIM2
SIM3
SIM4
1
21
22
SIM5
SIM1
SIM2
SIM3
SIM4
1
21
22
SIM5
SIM1
SIM2
SIM3
SIM4
1
21
22
SIM5
SIM1
SIM2
SIM3
SIM4
1
21
22
SIM5
SIM1
SIM2
SIM3
SIM4
1
21
22
SIM5
SIM1
SIM2
SIM3
SIM4
1
21
22
SIM5
SIM1
SIM2
SIM3
SIM4
1
21
22
SIM5
SIM1
SIM2
SIM3
SIM4
1
21
22
SIM5
SIM1
SIM2
SIM3
SIM4
1
21
22
SIM5
SIM1
SIM2
SIM3
SIM4
1
21
22
SIM5
SIM1
SIM2
SIM3
SIM4
1
21
22
SIM5
SIM1
SIM2
SIM3
SIM4
1
21
22
SIM5
SIM1
SIM2
SIM3
SIM4
1
21
22
SIM5
SIM1
SIM2
SIM3
SIM4
1
21
22
SIM5
SIM1
SIM2
SIM3
SIM4
1
21
22
SIM5
SIM1
SIM2
SIM3
SIM4
1
21
22
SIM5
SIM1
SIM2
SIM3
SIM4
1
21
22
SIM5
SIM1
SIM2
SIM3
SIM4
1
21
22
SIM5
SIM1
SIM2
SIM3
SIM4
1
21
22
SIM5
SIM1
SIM2
SIM3
SIM4
1
21
22
SIM5
SIM1
SIM2
SIM3
SIM4
1
21
22
SIM5
SIM1
SIM2
SIM3
SIM4
1
21
22
SIM5
SIM1
SIM2
SIM3
SIM4
1
21
22
SIM5
SIM1
SIM2
SIM3
SIM4
1
21
22
SIM5
SIM1
SIM2
SIM3
SIM4
1
21
22
SIM5
SIM1
SIM2
SIM3
SIM4
1
21
22
SIM5
SIM1
SIM2
SIM3
SIM4
1
21
22
SIM5
SIM1
SIM2
SIM3
SIM4
1
21
22
SIM5
SIM1
SIM2
SIM3
SIM4
1
21
22
SIM5
SIM1
SIM2
SIM3
SIM4
1
21
22
SIM5
SIM1
SIM2
SIM3
SIM4
1
21
22
SIM5
SIM1
SIM2
SIM3
SIM4
1
21
22
SIM5
SIM1
SIM2
SIM3
SIM4
1
21
22
SIM5
SIM1
SIM2
SIM3
SIM4
1
21
22
SIM5
SIM1
SIM2
SIM3
SIM4
1
21
22
SIM5
SIM1
SIM2
SIM3
SIM4
1
21
22
SIM5
SIM1
SIM2
SIM3
SIM4
1
21
22
SIM5
SIM1
SIM2
SIM3
SIM4
1
21
22
SIM5
SIM1
SIM2
SIM3
SIM4
1
21
22
SIM5
SIM1
SIM2
SIM3
SIM4
1
21
22
SIM5
SIM1
SIM2
SIM3
SIM4
1
21
22
SIM5
SIM1
SIM2
SIM3
SIM4
1
21
22
SIM5
SIM1
SIM2
SIM3
SIM4
1
21
22
SIM5
SIM1
SIM2
SIM3
SIM4
1
21
22
SIM5
SIM1
SIM2
SIM3
SIM4
1
21
22
SIM5
SIM1
SIM2
SIM3
SIM4
1
21
22
SIM5
SIM1
SIM2
SIM3
SIM4
1
21
22
SIM5
SIM1
SIM2
SIM3
SIM4
1
21
22
SIM5
SIM1
SIM2
SIM3
SIM4
1
21
22
SIM5
SIM1
SIM2
SIM3
SIM4
1
21
22
SIM5
SIM1
SIM2
SIM3
SIM4
1
21
22
SIM5
SIM1
SIM2
SIM3
SIM4
1
21
22
SIM5
SIM1
SIM2
SIM3
SIM4
1
21
22
SIM5
SIM1
SIM2
SIM3
SIM4
1
21
22
SIM5
SIM1
SIM2
SIM3
SIM4
1
21
22
SIM5
SIM1
SIM2
SIM3
SIM4
1
21
22
SIM5
SIM1
SIM2
SIM3
SIM4
1
21
22
SIM5
SIM1
SIM2
SIM3
SIM4
1
21
22
SIM5
SIM1
SIM2
SIM3
SIM4
1
21
22
SIM5
SIM1
SIM2
SIM3
SIM4
1
21
22
SIM5
SIM1
SIM2
SIM3
SIM4
1
21
22
SIM5
SIM1
SIM2
SIM3
SIM4
1
21
22
SIM5
SIM1
SIM2
SIM3
SIM4
1
21
22
SIM5
SIM1
SIM2
SIM3
SIM4
1
21
22
SIM5
SIM1
SIM2
SIM3
SIM4
1
21
22
SIM5
SIM1
SIM2
SIM3
SIM4
1
21
22
SIM5
SIM1
SIM2
SIM3
SIM4
1
21
22
SIM5
SIM1
SIM2
SIM3
SIM4
1
21
22
SIM5
SIM1
SIM2
SIM3
SIM4
1
21
22
SIM5
SIM1
SIM2
SIM3
SIM4
1
21
22
SIM5
SIM1
SIM2
SIM3
SIM4
1
21
22
SIM5
SIM1
SIM2
SIM3
SIM4
1
21
22
SIM5
SIM1
SIM2
SIM3
SIM4
1
21
22
SIM5
SIM1
SIM2
SIM3
SIM4
1
21
22
SIM5
SIM1
SIM2
SIM3
SIM4
1
21
22
SIM5
SIM1
SIM2
SIM3
SIM4
1
21
22
SIM5
SIM1
SIM2
SIM3
SIM4
1
21
22
SIM5
SIM1
SIM2
SIM3
SIM4
1
21
22
SIM5
SIM1
SIM2
SIM3
SIM4
1
21
22
SIM5
SIM1
SIM2
SIM3
SIM4
1
21
22
SIM5
SIM1
SIM2
SIM3
SIM4
1
21
22
SIM5
SIM1
SIM2
SIM3
SIM4
1
21
22
SIM5
SIM1
SIM2
SIM3
SIM4
1
21
22
SIM5
SIM1
SIM2
SIM3
SIM4
1
21
22
SIM5
SIM1
SIM2
SIM3
SIM4
1
21
22
SIM5
SIM1
SIM2
SIM3
SIM4
1
21
22
SIM5
SIM1
SIM2
SIM3
SIM4
1
21
22
SIM5
SIM1
SIM2
SIM3
SIM4
1
21
22
SIM5
SIM1
SIM2
SIM3
SIM4
1
21
22
SIM5
SIM1
SIM2
SIM3
SIM4
1
21
22
SIM5
SIM1
SIM2
SIM3
SIM4
1
21
22
SIM5
SIM1
SIM2
SIM3
SIM4
1
21
22
SIM5
SIM1
SIM2
SIM3
SIM4
1
21
22
SIM5
SIM1
SIM2
SIM3
SIM4
1
21
22
SIM5
SIM1
SIM2
SIM3
SIM4
1
21
22
SIM5
SIM1
SIM2
SIM3
SIM4
1
21
22
SIM5
SIM1
SIM2
SIM3
SIM4
1
21
22
SIM5
SIM1
SIM2
SIM3
SIM4
1
21
22
SIM5
SIM1
SIM2
SIM3
SIM4
1
21
22
SIM5
SIM1
SIM2
SIM3
SIM4
1
21
22
SIM5
SIM1
SIM2
SIM3
SIM4
1
21
22
SIM5
SIM1
SIM2
SIM3
SIM4
1
21
22
SIM5
SIM1
SIM2
SIM3
SIM4
1
21
22
SIM5
SIM1
SIM2
SIM3
SIM4
1
21
22
SIM5
SIM1
SIM2
SIM3
SIM4
1
21
22
SIM5
SIM1
SIM2
SIM3
SIM4
1
21
22
SIM5
SIM1
SIM2
SIM3
SIM4
1
21
22
SIM5
SIM1
SIM2
SIM3
SIM4
1
21
22
SIM5
SIM1
SIM2
SIM3
SIM4
1
21
22
SIM5
SIM1
SIM2
SIM3
SIM4
1
21
22
SIM5
SIM1
SIM2
SIM3
SIM4
1
21
22
SIM5
SIM1
SIM2
SIM3
SIM4
1
21
22
SIM5
SIM1
SIM2
SIM3
SIM4
1
21
22
SIM5
SIM1
SIM2
SIM3
SIM4
1
21
22
SIM5
SIM1
SIM2
SIM3
SIM4
1
21
22
SIM5
SIM1
SIM2
SIM3
SIM4
1
21
22
SIM5
SIM1
SIM2
SIM3
SIM4
1
21
22
SIM5
SIM1
SIM2
SIM3
SIM4
1
21
22
SIM5
SIM1
SIM2
SIM3
SIM4
1
21
22
SIM5
SIM1
SIM2
SIM3
SIM4
1
21
22
SIM5
SIM1
SIM2
SIM3
SIM4
1
21
22
SIM5
SIM1
SIM2
SIM3
SIM4
1
21
22
SIM5
SIM1
SIM2
SIM3
SIM4
1
21
22
SIM5
SIM1
SIM2
SIM3
SIM4
1
21
22
SIM5
SIM1
SIM2
SIM3
SIM4
1
21
22
SIM5
SIM1
SIM2
SIM3
SIM4
1
21
22
SIM5
SIM1
SIM2
SIM3
SIM4
1
21
22
SIM5
SIM1
SIM2
SIM3
SIM4
1
21
22
SIM5
SIM1
SIM2
SIM3
SIM4
1
21
22
SIM5
SIM1
SIM2
SIM3
SIM4
1
21
22
SIM5
SIM1
SIM2
SIM3
SIM4
1
21
22
SIM5
SIM1
SIM2
SIM3
SIM4
1
21
22
SIM5
SIM1
SIM2
SIM3
SIM4
1
21
22
SIM5
SIM1
SIM2
SIM3
SIM4
1
21
22
SIM5
SIM1
SIM2
SIM3
SIM4
1
21
22
SIM5
SIM1
SIM2
SIM3
SIM4
1
21
22
SIM5
SIM1
SIM2
SIM3
SIM4
1
21
22
SIM5
SIM1
SIM2
SIM3
SIM4
1
21
22
SIM5
SIM1
SIM2
SIM3
SIM4
1
21
22
SIM5
SIM1
SIM2
SIM3
SIM4
1
21
22
SIM5
SIM1
SIM2
SIM3
SIM4
1
21
22
SIM5
SIM1
SIM2
SIM3
SIM4
1
21
22
SIM5
SIM1
SIM2
SIM3
SIM4
1
21
22
SIM5
SIM1
SIM2
SIM3
SIM4
1
21
22
SIM5
SIM1
SIM2
SIM3
SIM4
1
21
22
SIM5
SIM1
SIM2
SIM3
SIM4
1
21
22
SIM5
SIM1
SIM2
SIM3
SIM4
1
21
22
SIM5
SIM1
SIM2
SIM3
SIM4
1
21
22
SIM5
SIM1
SIM2
SIM3
SIM4
1
21
22
SIM5
SIM1
SIM2
SIM3
SIM4
1
21
22
SIM5
SIM1
SIM2
SIM3
SIM4
1
21
22
SIM5
SIM1
SIM2
SIM3
SIM4
1
21
22
SIM5
SIM1
SIM2
SIM3
SIM4
1
21
22
SIM5
SIM1
SIM2
SIM3
SIM4
1
21
22
SIM5
SIM1
SIM2
SIM3
SIM4
1
21
22
SIM5
SIM1
SIM2
SIM3
SIM4
1
21
22
SIM5
SIM1
SIM2
SIM3
SIM4
1
21
22
SIM5
SIM1
SIM2
SIM3
SIM4
1
21
22
SIM5
SIM1
SIM2
SIM3
SIM4
1
21
22
SIM5
SIM1
SIM2
SIM3
SIM4
1
21
22
SIM5
SIM1
SIM2
SIM3
SIM4
1
21
22
SIM5
SIM1
SIM2
SIM3
SIM4
1
21
22
SIM5
SIM1
SIM2
SIM3
SIM4
1
21
22
SIM5
SIM1
SIM2
SIM3
SIM4
1
21
22
SIM5
SIM1
SIM2
SIM3
SIM4
1
21
22
SIM5
SIM1
SIM2
SIM3
SIM4
1
21
22
SIM5
SIM1
SIM2
SIM3
SIM4
1
21
22
SIM5
SIM1
SIM2
SIM3
SIM4
1
21
22
SIM5
SIM1
SIM2
SIM3
SIM4
1
21
22
SIM5
SIM1
SIM2
SIM3
SIM4
1
21
22
SIM5
SIM1
SIM2
SIM3
SIM4
1
21
22
SIM5
SIM1
SIM2
SIM3
SIM4
1
21
22
SIM5
SIM1
SIM2
SIM3
SIM4
1
21
22
SIM5
SIM1
SIM2
SIM3
SIM4
1
21
22
SIM5
SIM1
SIM2
SIM3
SIM4
1
21
22
SIM5
SIM1
SIM2
SIM3
SIM4
1
21
22
SIM5
SIM1
SIM2
SIM3
SIM4
1
21
22
SIM5
SIM1
SIM2
SIM3
SIM4
1
21
22
SIM5
SIM1
SIM2
SIM3
SIM4
1
21
22
SIM5
SIM1
SIM2
SIM3
SIM4
1
21
22
SIM5
SIM1
SIM2
SIM3
SIM4
1
21
22
SIM5
SIM1
SIM2
SIM3
SIM4
1
21
22
SIM5
SIM1
SIM2
SIM3
SIM4
1
21
22
SIM5
SIM1
SIM2
SIM3
SIM4
1
21
22
SIM5
SIM1
SIM2
SIM3
SIM4
1
21
22
SIM5
SIM1
SIM2
SIM3
SIM4
1
21
22
SIM5
SIM1
SIM2
SIM3
SIM4
1
21
22
SIM5
SIM1
SIM2
SIM3
SIM4
1
21
22
SIM5
SIM1
SIM2
SIM3
SIM4
1
21
22
SIM5
SIM1
SIM2
SIM3
SIM4
1
21
22
SIM5
SIM1
SIM2
SIM3
SIM4
1
21
22
SIM5
SIM1
SIM2
SIM3
SIM4
1
21
22
SIM5
SIM1
SIM2
SIM3
SIM4
1
21
22
SIM5
SIM1
SIM2
SIM3
SIM4
1
21
22
SIM5
SIM1
SIM2
SIM3
SIM4
1
21
22
SIM5
SIM1
SIM2
SIM3
SIM4
1
21
22
SIM5
SIM1
SIM2
SIM3
SIM4
1
21
22
SIM5
SIM1
SIM2
SIM3
SIM4
1
21
22
SIM5
SIM1
SIM2
SIM3
SIM4
1
21
22
SIM5
SIM1
SIM2
SIM3
SIM4
1
21
22
SIM5
SIM1
SIM2
SIM3
SIM4
1
21
22
SIM5
SIM1
SIM2
SIM3
SIM4
1
21
22
SIM5
SIM1
SIM2
SIM3
SIM4
1
21
22
SIM5
SIM1
SIM2
SIM3
SIM4
1
21
22
SIM5
SIM1
SIM2
SIM3
SIM4
1
21
22
SIM5
SIM1
SIM2
SIM3
SIM4
1
21
22
SIM5
SIM1
SIM2
SIM3
SIM4
1
21
22
SIM5
SIM1
SIM2
SIM3
SIM4
1
21
22
SIM5
SIM1
SIM2
SIM3
SIM4
1
21
22
SIM5
SIM1
SIM2
SIM3
SIM4
1
21
22
SIM5
SIM1
SIM2
SIM3
SIM4
1
21
22
SIM5
SIM1
SIM2
SIM3
SIM4
1
21
22
SIM5
SIM1
SIM2
SIM3
SIM4
1
21
22
SIM5
SIM1
SIM2
SIM3
SIM4
1
21
22
SIM5
SIM1
SIM2
SIM3
SIM4
1
21
22
SIM5
SIM1
SIM2
SIM3
SIM4
1
21
22
SIM5
SIM1
SIM2
SIM3
SIM4
1
21
22
SIM5
SIM1
SIM2
SIM3
SIM4
1
21
22
SIM5
SIM1
SIM2
SIM3
SIM4
1
21
22
SIM5
SIM1
SIM2
SIM3
SIM4
1
21
22
SIM5
SIM1
SIM2
SIM3
SIM4
1
21
22
SIM5
SIM1
SIM2
SIM3
SIM4
1
21
22
SIM5
SIM1
SIM2
SIM3
SIM4
1
21
22
SIM5
SIM1
SIM2
DEBUG 1 582
SIM1
SIM2
SIM3
SIM4
1
21
22
SIM5
SIM1
SIM2
SIM3
SIM4
1
21
22
SIM5
SIM1
SIM2
SIM3
SIM4
1
21
22
SIM5
SIM1
SIM2
SIM3
SIM4
1
21
22
SIM5
SIM1
SIM2
SIM3
SIM4
1
21
22
SIM5
SIM1
SIM2
SIM3
SIM4
1
21
22
SIM5
SIM1
SIM2
SIM3
SIM4
1
21
22
SIM5
SIM1
SIM2
SIM3
SIM4
1
21
22
SIM5
SIM1
SIM2
SIM3
SIM4
1
21
22
SIM5
SIM1
SIM2
SIM3
SIM4
1
21
22
SIM5
SIM1
SIM2
SIM3
SIM4
1
21
22
SIM5
SIM1
SIM2
SIM3
SIM4
1
21
22
SIM5
SIM1
SIM2
SIM3
SIM4
1
21
22
SIM5
SIM1
SIM2
SIM3
SIM4
1
21
22
SIM5
SIM1
SIM2
SIM3
SIM4
1
21
22
SIM5
SIM1
SIM2
SIM3
SIM4
1
21
22
SIM5
SIM1
SIM2
SIM3
SIM4
1
21
22
SIM5
SIM1
SIM2
SIM3
SIM4
1
21
22
SIM5
SIM1
SIM2
SIM3
SIM4
1
21
22
SIM5
SIM1
SIM2
SIM3
SIM4
1
21
22
SIM5
SIM1
SIM2
SIM3
SIM4
1
21
22
SIM5
SIM1
SIM2
SIM3
SIM4
1
21
22
SIM5
SIM1
SIM2
SIM3
SIM4
1
21
22
SIM5
SIM1
SIM2
SIM3
SIM4
1
21
22
SIM5
SIM1
SIM2
SIM3
SIM4
1
21
22
SIM5
SIM1
SIM2
SIM3
SIM4
1
21
22
SIM5
SIM1
SIM2
SIM3
SIM4
1
21
22
SIM5
SIM1
SIM2
SIM3
SIM4
1
21
22
SIM5
SIM1
SIM2
SIM3
SIM4
1
21
22
SIM5
SIM1
SIM2
SIM3
SIM4
1
21
22
SIM5
SIM1
SIM2
SIM3
SIM4
1
21
22
SIM5
SIM1
SIM2
SIM3
SIM4
1
21
22
SIM5
SIM1
SIM2
SIM3
SIM4
1
21
22
SIM5
SIM1
SIM2
SIM3
SIM4
1
21
22
SIM5
SIM1
SIM2
SIM3
SIM4
1
21
22
SIM5
SIM1
SIM2
SIM3
SIM4
1
21
22
SIM5
SIM1
SIM2
SIM3
SIM4
1
21
22
SIM5
SIM1
SIM2
SIM3
SIM4
1
21
22
SIM5
SIM1
SIM2
SIM3
SIM4
1
21
22
SIM5
SIM1
SIM2
SIM3
SIM4
1
21
22
SIM5
SIM1
SIM2
SIM3
SIM4
1
21
22
SIM5
SIM1
SIM2
SIM3
SIM4
1
21
22
SIM5
SIM1
SIM2
SIM3
SIM4
1
21
22
SIM5
SIM1
SIM2
SIM3
SIM4
1
21
22
SIM5
SIM1
SIM2
SIM3
SIM4
1
21
22
SIM5
SIM1
SIM2
SIM3
SIM4
1
21
22
SIM5
SIM1
SIM2
SIM3
SIM4
1
21
22
SIM5
SIM1
SIM2
SIM3
SIM4
1
21
22
SIM5
SIM1
SIM2
SIM3
SIM4
1
21
22
SIM5
SIM1
SIM2
SIM3
SIM4
1
21
22
SIM5
SIM1
SIM2
SIM3
SIM4
1
21
22
SIM5
SIM1
SIM2
SIM3
SIM4
1
21
22
SIM5
SIM1
SIM2
SIM3
SIM4
1
21
22
SIM5
SIM1
SIM2
SIM3
SIM4
1
21
22
SIM5
SIM1
SIM2
SIM3
SIM4
1
21
22
SIM5
SIM1
SIM2
SIM3
SIM4
1
21
22
SIM5
SIM1
SIM2
SIM3
SIM4
1
21
22
SIM5
SIM1
SIM2
SIM3
SIM4
1
21
22
SIM5
SIM1
SIM2
SIM3
SIM4
1
21
22
SIM5
SIM1
SIM2
SIM3
SIM4
1
21
22
SIM5
SIM1
SIM2
SIM3
SIM4
1
21
22
SIM5
SIM1
SIM2
SIM3
SIM4
1
21
22
SIM5
SIM1
SIM2
SIM3
SIM4
1
21
22
SIM5
SIM1
SIM2
SIM3
SIM4
1
21
22
SIM5
SIM1
SIM2
SIM3
SIM4
1
21
22
SIM5
SIM1
SIM2
SIM3
SIM4
1
21
22
SIM5
SIM1
SIM2
SIM3
SIM4
1
21
22
SIM5
SIM1
SIM2
SIM3
SIM4
1
21
22
SIM5
SIM1
SIM2
SIM3
SIM4
1
21
22
SIM5
SIM1
SIM2
SIM3
SIM4
1
21
22
SIM5
SIM1
SIM2
SIM3
SIM4
1
21
22
SIM5
SIM1
SIM2
SIM3
SIM4
1
21
22
SIM5
SIM1
SIM2
SIM3
SIM4
1
21
22
SIM5
SIM1
SIM2
SIM3
SIM4
1
21
22
SIM5
SIM1
SIM2
SIM3
SIM4
1
21
22
SIM5
SIM1
SIM2
SIM3
SIM4
1
21
22
SIM5
SIM1
SIM2
SIM3
SIM4
1
21
22
SIM5
SIM1
SIM2
SIM3
SIM4
1
21
22
SIM5
SIM1
SIM2
SIM3
SIM4
1
21
22
SIM5
SIM1
SIM2
SIM3
SIM4
1
21
22
SIM5
SIM1
SIM2
SIM3
SIM4
1
21
22
SIM5
SIM1
SIM2
SIM3
SIM4
1
21
22
SIM5
SIM1
SIM2
SIM3
SIM4
1
21
22
SIM5
SIM1
SIM2
SIM3
SIM4
1
21
22
SIM5
SIM1
SIM2
SIM3
SIM4
1
21
22
SIM5
SIM1
SIM2
SIM3
SIM4
1
21
22
SIM5
SIM1
SIM2
SIM3
SIM4
1
21
22
SIM5
SIM1
SIM2
SIM3
SIM4
1
21
22
SIM5
SIM1
SIM2
SIM3
SIM4
1
21
22
SIM5
SIM1
SIM2
SIM3
SIM4
1
21
22
SIM5
SIM1
SIM2
SIM3
SIM4
1
21
22
SIM5
SIM1
SIM2
SIM3
SIM4
1
21
22
SIM5
SIM1
SIM2
SIM3
SIM4
1
21
22
SIM5
SIM1
SIM2
SIM3
SIM4
1
21
22
SIM5
SIM1
SIM2
SIM3
SIM4
1
21
22
SIM5
SIM1
SIM2
SIM3
SIM4
1
21
22
SIM5
SIM1
SIM2
SIM3
SIM4
1
21
22
SIM5
SIM1
SIM2
SIM3
SIM4
1
21
22
SIM5
SIM1
SIM2
SIM3
SIM4
1
21
22
SIM5
SIM1
SIM2
SIM3
SIM4
1
21
22
SIM5
SIM1
SIM2
SIM3
SIM4
1
21
22
SIM5
SIM1
SIM2
SIM3
SIM4
1
21
22
SIM5
SIM1
SIM2
SIM3
SIM4
1
21
22
SIM5
SIM1
SIM2
SIM3
SIM4
1
21
22
SIM5
SIM1
SIM2
SIM3
SIM4
1
21
22
SIM5
SIM1
SIM2
SIM3
SIM4
1
21
22
SIM5
SIM1
SIM2
SIM3
SIM4
1
21
22
SIM5
SIM1
SIM2
SIM3
SIM4
1
21
22
SIM5
SIM1
SIM2
SIM3
SIM4
1
21
22
SIM5
SIM1
SIM2
SIM3
SIM4
1
21
22
SIM5
SIM1
SIM2
SIM3
SIM4
1
21
22
SIM5
SIM1
SIM2
SIM3
SIM4
1
21
22
SIM5
SIM1
SIM2
SIM3
SIM4
1
21
22
SIM5
SIM1
SIM2
SIM3
SIM4
1
21
22
SIM5
SIM1
SIM2
SIM3
SIM4
1
21
22
SIM5
SIM1
SIM2
SIM3
SIM4
1
21
22
SIM5
SIM1
SIM2
SIM3
SIM4
1
21
22
SIM5
SIM1
SIM2
SIM3
SIM4
1
21
22
SIM5
SIM1
SIM2
SIM3
SIM4
1
21
22
SIM5
SIM1
SIM2
SIM3
SIM4
1
21
22
SIM5
SIM1
SIM2
SIM3
SIM4
1
21
22
SIM5
SIM1
SIM2
SIM3
SIM4
1
21
22
SIM5
SIM1
SIM2
SIM3
SIM4
1
21
22
SIM5
SIM1
SIM2
SIM3
SIM4
1
21
22
SIM5
SIM1
SIM2
SIM3
SIM4
1
21
22
SIM5
SIM1
SIM2
SIM3
SIM4
1
21
22
SIM5
SIM1
SIM2
SIM3
SIM4
1
21
22
SIM5
SIM1
SIM2
SIM3
SIM4
1
21
22
SIM5
SIM1
SIM2
SIM3
SIM4
1
21
22
SIM5
SIM1
SIM2
SIM3
SIM4
1
21
22
SIM5
SIM1
SIM2
SIM3
SIM4
1
21
22
SIM5
SIM1
SIM2
SIM3
SIM4
1
21
22
SIM5
SIM1
SIM2
SIM3
SIM4
1
21
22
SIM5
SIM1
SIM2
SIM3
SIM4
1
21
22
SIM5
SIM1
SIM2
SIM3
SIM4
1
21
22
SIM5
SIM1
SIM2
SIM3
SIM4
1
21
22
SIM5
SIM1
SIM2
SIM3
SIM4
1
21
22
SIM5
SIM1
SIM2
SIM3
SIM4
1
21
22
SIM5
SIM1
SIM2
SIM3
SIM4
1
21
22
SIM5
SIM1
SIM2
SIM3
SIM4
1
21
22
SIM5
SIM1
SIM2
SIM3
SIM4
1
21
22
SIM5
SIM1
SIM2
SIM3
SIM4
1
21
22
SIM5
SIM1
SIM2
SIM3
SIM4
1
21
22
SIM5
SIM1
SIM2
SIM3
SIM4
1
21
22
SIM5
SIM1
SIM2
SIM3
SIM4
1
21
22
SIM5
SIM1
SIM2
SIM3
SIM4
1
21
22
SIM5
SIM1
SIM2
SIM3
SIM4
1
21
22
SIM5
SIM1
SIM2
SIM3
SIM4
1
21
22
SIM5
SIM1
SIM2
SIM3
SIM4
1
21
22
SIM5
SIM1
SIM2
SIM3
SIM4
1
21
22
SIM5
SIM1
SIM2
SIM3
SIM4
1
21
22
SIM5
SIM1
SIM2
SIM3
SIM4
1
21
22
SIM5
SIM1
SIM2
SIM3
SIM4
1
21
22
SIM5
SIM1
SIM2
SIM3
SIM4
1
21
22
SIM5
SIM1
SIM2
SIM3
SIM4
1
21
22
SIM5
SIM1
SIM2
SIM3
SIM4
1
21
22
SIM5
SIM1
SIM2
SIM3
SIM4
1
21
22
SIM5
SIM1
SIM2
SIM3
SIM4
1
21
22
SIM5
SIM1
SIM2
SIM3
SIM4
1
21
22
SIM5
SIM1
SIM2
SIM3
SIM4
1
21
22
SIM5
SIM1
SIM2
SIM3
SIM4
1
21
22
SIM5
SIM1
SIM2
SIM3
SIM4
1
21
22
SIM5
SIM1
SIM2
SIM3
SIM4
1
21
22
SIM5
SIM1
SIM2
SIM3
SIM4
1
21
22
SIM5
SIM1
SIM2
SIM3
SIM4
1
21
22
SIM5
SIM1
SIM2
SIM3
SIM4
1
21
22
SIM5
SIM1
SIM2
SIM3
SIM4
1
21
22
SIM5
SIM1
SIM2
SIM3
SIM4
1
21
22
SIM5
SIM1
SIM2
SIM3
SIM4
1
21
22
SIM5
SIM1
SIM2
SIM3
SIM4
1
21
22
SIM5
SIM1
SIM2
SIM3
SIM4
1
21
22
SIM5
SIM1
SIM2
SIM3
SIM4
1
21
22
SIM5
SIM1
SIM2
SIM3
SIM4
1
21
22
SIM5
SIM1
SIM2
SIM3
SIM4
1
21
22
SIM5
SIM1
SIM2
SIM3
SIM4
1
21
22
SIM5
SIM1
SIM2
SIM3
SIM4
1
21
22
SIM5
SIM1
SIM2
SIM3
SIM4
1
21
22
SIM5
SIM1
SIM2
SIM3
SIM4
1
21
22
SIM5
SIM1
SIM2
SIM3
SIM4
1
21
22
SIM5
SIM1
SIM2
SIM3
SIM4
1
21
22
SIM5
SIM1
SIM2
SIM3
SIM4
1
21
22
SIM5
SIM1
SIM2
SIM3
SIM4
1
21
22
SIM5
SIM1
SIM2
SIM3
SIM4
1
21
22
SIM5
SIM1
SIM2
SIM3
SIM4
1
21
22
SIM5
SIM1
SIM2
SIM3
SIM4
1
21
22
SIM5
SIM1
SIM2
SIM3
SIM4
1
21
22
SIM5
SIM1
SIM2
SIM3
SIM4
1
21
22
SIM5
SIM1
SIM2
SIM3
SIM4
1
21
22
SIM5
SIM1
SIM2
SIM3
SIM4
1
21
22
SIM5
SIM1
SIM2
SIM3
SIM4
1
21
22
SIM5
SIM1
SIM2
SIM3
SIM4
1
21
22
SIM5
SIM1
SIM2
SIM3
SIM4
1
21
22
SIM5
SIM1
SIM2
SIM3
SIM4
1
21
22
SIM5
SIM1
SIM2
SIM3
SIM4
1
21
22
SIM5
SIM1
SIM2
SIM3
SIM4
1
21
22
SIM5
SIM1
SIM2
SIM3
SIM4
1
21
22
SIM5
SIM1
SIM2
SIM3
SIM4
1
21
22
SIM5
SIM1
SIM2
SIM3
SIM4
1
21
22
SIM5
SIM1
SIM2
SIM3
SIM4
1
21
22
SIM5
SIM1
SIM2
SIM3
SIM4
1
21
22
SIM5
SIM1
SIM2
SIM3
SIM4
1
21
22
SIM5
SIM1
SIM2
SIM3
SIM4
1
21
22
SIM5
SIM1
SIM2
SIM3
SIM4
1
21
22
SIM5
SIM1
SIM2
SIM3
SIM4
1
21
22
SIM5
SIM1
SIM2
SIM3
SIM4
1
21
22
SIM5
SIM1
SIM2
SIM3
SIM4
1
21
22
SIM5
SIM1
SIM2
SIM3
SIM4
1
21
22
SIM5
SIM1
SIM2
SIM3
SIM4
1
21
22
SIM5
SIM1
SIM2
SIM3
SIM4
1
21
22
SIM5
SIM1
SIM2
SIM3
SIM4
1
21
22
SIM5
SIM1
SIM2
SIM3
SIM4
1
21
22
SIM5
SIM1
SIM2
DEBUG 1 583
SIM1
SIM2
SIM3
SIM4
1
21
22
SIM5
SIM1
SIM2
SIM3
SIM4
1
21
22
SIM5
SIM1
SIM2
SIM3
SIM4
1
21
22
SIM5
SIM1
SIM2
SIM3
SIM4
1
21
22
SIM5
SIM1
SIM2
SIM3
SIM4
1
21
22
SIM5
SIM1
SIM2
SIM3
SIM4
1
21
22
SIM5
SIM1
SIM2
SIM3
SIM4
1
21
22
SIM5
SIM1
SIM2
SIM3
SIM4
1
21
22
SIM5
SIM1
SIM2
SIM3
SIM4
1
21
22
SIM5
SIM1
SIM2
SIM3
SIM4
1
21
22
SIM5
SIM1
SIM2
SIM3
SIM4
1
21
22
SIM5
SIM1
SIM2
SIM3
SIM4
1
21
22
SIM5
SIM1
SIM2
SIM3
SIM4
1
21
22
SIM5
SIM1
SIM2
SIM3
SIM4
1
21
22
SIM5
SIM1
SIM2
SIM3
SIM4
1
21
22
SIM5
SIM1
SIM2
SIM3
SIM4
1
21
22
SIM5
SIM1
SIM2
SIM3
SIM4
1
21
22
SIM5
SIM1
SIM2
SIM3
SIM4
1
21
22
SIM5
SIM1
SIM2
SIM3
SIM4
1
21
22
SIM5
SIM1
SIM2
SIM3
SIM4
1
21
22
SIM5
SIM1
SIM2
SIM3
SIM4
1
21
22
SIM5
SIM1
SIM2
SIM3
SIM4
1
21
22
SIM5
SIM1
SIM2
SIM3
SIM4
1
21
22
SIM5
SIM1
SIM2
SIM3
SIM4
1
21
22
SIM5
SIM1
SIM2
SIM3
SIM4
1
21
22
SIM5
SIM1
SIM2
SIM3
SIM4
1
21
22
SIM5
SIM1
SIM2
SIM3
SIM4
1
21
22
SIM5
SIM1
SIM2
SIM3
SIM4
1
21
22
SIM5
SIM1
SIM2
SIM3
SIM4
1
21
22
SIM5
SIM1
SIM2
SIM3
SIM4
1
21
22
SIM5
SIM1
SIM2
SIM3
SIM4
1
21
22
SIM5
SIM1
SIM2
SIM3
SIM4
1
21
22
SIM5
SIM1
SIM2
SIM3
SIM4
1
21
22
SIM5
SIM1
SIM2
SIM3
SIM4
1
21
22
SIM5
SIM1
SIM2
SIM3
SIM4
1
21
22
SIM5
SIM1
SIM2
SIM3
SIM4
1
21
22
SIM5
SIM1
SIM2
SIM3
SIM4
1
21
22
SIM5
SIM1
SIM2
SIM3
SIM4
1
21
22
SIM5
SIM1
SIM2
SIM3
SIM4
1
21
22
SIM5
SIM1
SIM2
SIM3
SIM4
1
21
22
SIM5
SIM1
SIM2
SIM3
SIM4
1
21
22
SIM5
SIM1
SIM2
SIM3
SIM4
1
21
22
SIM5
SIM1
SIM2
SIM3
SIM4
1
21
22
SIM5
SIM1
SIM2
SIM3
SIM4
1
21
22
SIM5
SIM1
SIM2
SIM3
SIM4
1
21
22
SIM5
SIM1
SIM2
SIM3
SIM4
1
21
22
SIM5
SIM1
SIM2
SIM3
SIM4
1
21
22
SIM5
SIM1
SIM2
SIM3
SIM4
1
21
22
SIM5
SIM1
SIM2
SIM3
SIM4
1
21
22
SIM5
SIM1
SIM2
SIM3
SIM4
1
21
22
SIM5
SIM1
SIM2
SIM3
SIM4
1
21
22
SIM5
SIM1
SIM2
SIM3
SIM4
1
21
22
SIM5
SIM1
SIM2
SIM3
SIM4
1
21
22
SIM5
SIM1
SIM2
SIM3
SIM4
1
21
22
SIM5
SIM1
SIM2
SIM3
SIM4
1
21
22
SIM5
SIM1
SIM2
SIM3
SIM4
1
21
22
SIM5
SIM1
SIM2
SIM3
SIM4
1
21
22
SIM5
SIM1
SIM2
SIM3
SIM4
1
21
22
SIM5
SIM1
SIM2
SIM3
SIM4
1
21
22
SIM5
SIM1
SIM2
SIM3
SIM4
1
21
22
SIM5
SIM1
SIM2
SIM3
SIM4
1
21
22
SIM5
SIM1
SIM2
SIM3
SIM4
1
21
22
SIM5
SIM1
SIM2
SIM3
SIM4
1
21
22
SIM5
SIM1
SIM2
SIM3
SIM4
1
21
22
SIM5
SIM1
SIM2
SIM3
SIM4
1
21
22
SIM5
SIM1
SIM2
SIM3
SIM4
1
21
22
SIM5
SIM1
SIM2
SIM3
SIM4
1
21
22
SIM5
SIM1
SIM2
SIM3
SIM4
1
21
22
SIM5
SIM1
SIM2
SIM3
SIM4
1
21
22
SIM5
SIM1
SIM2
SIM3
SIM4
1
21
22
SIM5
SIM1
SIM2
SIM3
SIM4
1
21
22
SIM5
SIM1
SIM2
SIM3
SIM4
1
21
22
SIM5
SIM1
SIM2
SIM3
SIM4
1
21
22
SIM5
SIM1
SIM2
SIM3
SIM4
1
21
22
SIM5
SIM1
SIM2
SIM3
SIM4
1
21
22
SIM5
SIM1
SIM2
SIM3
SIM4
1
21
22
SIM5
SIM1
SIM2
SIM3
SIM4
1
21
22
SIM5
SIM1
SIM2
SIM3
SIM4
1
21
22
SIM5
SIM1
SIM2
SIM3
SIM4
1
21
22
SIM5
SIM1
SIM2
SIM3
SIM4
1
21
22
SIM5
SIM1
SIM2
SIM3
SIM4
1
21
22
SIM5
SIM1
SIM2
SIM3
SIM4
1
21
22
SIM5
SIM1
SIM2
SIM3
SIM4
1
21
22
SIM5
SIM1
SIM2
SIM3
SIM4
1
21
22
SIM5
SIM1
SIM2
SIM3
SIM4
1
21
22
SIM5
SIM1
SIM2
SIM3
SIM4
1
21
22
SIM5
SIM1
SIM2
SIM3
SIM4
1
21
22
SIM5
SIM1
SIM2
SIM3
SIM4
1
21
22
SIM5
SIM1
SIM2
SIM3
SIM4
1
21
22
SIM5
SIM1
SIM2
SIM3
SIM4
1
21
22
SIM5
SIM1
SIM2
SIM3
SIM4
1
21
22
SIM5
SIM1
SIM2
SIM3
SIM4
1
21
22
SIM5
SIM1
SIM2
SIM3
SIM4
1
21
22
SIM5
SIM1
SIM2
SIM3
SIM4
1
21
22
SIM5
SIM1
SIM2
SIM3
SIM4
1
21
22
SIM5
SIM1
SIM2
SIM3
SIM4
1
21
22
SIM5
SIM1
SIM2
SIM3
SIM4
1
21
22
SIM5
SIM1
SIM2
SIM3
SIM4
1
21
22
SIM5
SIM1
SIM2
SIM3
SIM4
1
21
22
SIM5
SIM1
SIM2
SIM3
SIM4
1
21
22
SIM5
SIM1
SIM2
SIM3
SIM4
1
21
22
SIM5
SIM1
SIM2
SIM3
SIM4
1
21
22
SIM5
SIM1
SIM2
SIM3
SIM4
1
21
22
SIM5
SIM1
SIM2
SIM3
SIM4
1
21
22
SIM5
SIM1
SIM2
SIM3
SIM4
1
21
22
SIM5
SIM1
SIM2
SIM3
SIM4
1
21
22
SIM5
SIM1
SIM2
SIM3
SIM4
1
21
22
SIM5
SIM1
SIM2
SIM3
SIM4
1
21
22
SIM5
SIM1
SIM2
SIM3
SIM4
1
21
22
SIM5
SIM1
SIM2
SIM3
SIM4
1
21
22
SIM5
SIM1
SIM2
SIM3
SIM4
1
21
22
SIM5
SIM1
SIM2
SIM3
SIM4
1
21
22
SIM5
SIM1
SIM2
SIM3
SIM4
1
21
22
SIM5
SIM1
SIM2
SIM3
SIM4
1
21
22
SIM5
SIM1
SIM2
SIM3
SIM4
1
21
22
SIM5
SIM1
SIM2
SIM3
SIM4
1
21
22
SIM5
SIM1
SIM2
SIM3
SIM4
1
21
22
SIM5
SIM1
SIM2
SIM3
SIM4
1
21
22
SIM5
SIM1
SIM2
SIM3
SIM4
1
21
22
SIM5
SIM1
SIM2
SIM3
SIM4
1
21
22
SIM5
SIM1
SIM2
SIM3
SIM4
1
21
22
SIM5
SIM1
SIM2
SIM3
SIM4
1
21
22
SIM5
SIM1
SIM2
SIM3
SIM4
1
21
22
SIM5
SIM1
SIM2
SIM3
SIM4
1
21
22
SIM5
SIM1
SIM2
SIM3
SIM4
1
21
22
SIM5
SIM1
SIM2
SIM3
SIM4
1
21
22
SIM5
SIM1
SIM2
SIM3
SIM4
1
21
22
SIM5
SIM1
SIM2
SIM3
SIM4
1
21
22
SIM5
SIM1
SIM2
SIM3
SIM4
1
21
22
SIM5
SIM1
SIM2
SIM3
SIM4
1
21
22
SIM5
SIM1
SIM2
SIM3
SIM4
1
21
22
SIM5
SIM1
SIM2
SIM3
SIM4
1
21
22
SIM5
SIM1
SIM2
SIM3
SIM4
1
21
22
SIM5
SIM1
SIM2
SIM3
SIM4
1
21
22
SIM5
SIM1
SIM2
SIM3
SIM4
1
21
22
SIM5
SIM1
SIM2
SIM3
SIM4
1
21
22
SIM5
SIM1
SIM2
SIM3
SIM4
1
21
22
SIM5
SIM1
SIM2
SIM3
SIM4
1
21
22
SIM5
SIM1
SIM2
SIM3
SIM4
1
21
22
SIM5
SIM1
SIM2
SIM3
SIM4
1
21
22
SIM5
SIM1
SIM2
SIM3
SIM4
1
21
22
SIM5
SIM1
SIM2
SIM3
SIM4
1
21
22
SIM5
SIM1
SIM2
SIM3
SIM4
1
21
22
SIM5
SIM1
SIM2
SIM3
SIM4
1
21
22
SIM5
SIM1
SIM2
SIM3
SIM4
1
21
22
SIM5
SIM1
SIM2
SIM3
SIM4
1
21
22
SIM5
SIM1
SIM2
SIM3
SIM4
1
21
22
SIM5
SIM1
SIM2
SIM3
SIM4
1
21
22
SIM5
SIM1
SIM2
SIM3
SIM4
1
21
22
SIM5
SIM1
SIM2
SIM3
SIM4
1
21
22
SIM5
SIM1
SIM2
SIM3
SIM4
1
21
22
SIM5
SIM1
SIM2
SIM3
SIM4
1
21
22
SIM5
SIM1
SIM2
SIM3
SIM4
1
21
22
SIM5
SIM1
SIM2
SIM3
SIM4
1
21
22
SIM5
SIM1
SIM2
SIM3
SIM4
1
21
22
SIM5
SIM1
SIM2
SIM3
SIM4
1
21
22
SIM5
SIM1
SIM2
SIM3
SIM4
1
21
22
SIM5
SIM1
SIM2
SIM3
SIM4
1
21
22
SIM5
SIM1
SIM2
SIM3
SIM4
1
21
22
SIM5
SIM1
SIM2
SIM3
SIM4
1
21
22
SIM5
SIM1
SIM2
SIM3
SIM4
1
21
22
SIM5
SIM1
SIM2
SIM3
SIM4
1
21
22
SIM5
SIM1
SIM2
SIM3
SIM4
1
21
22
SIM5
SIM1
SIM2
SIM3
SIM4
1
21
22
SIM5
SIM1
SIM2
SIM3
SIM4
1
21
22
SIM5
SIM1
SIM2
SIM3
SIM4
1
21
22
SIM5
SIM1
SIM2
SIM3
SIM4
1
21
22
SIM5
SIM1
SIM2
SIM3
SIM4
1
21
22
SIM5
SIM1
SIM2
SIM3
SIM4
1
21
22
SIM5
SIM1
SIM2
SIM3
SIM4
1
21
22
SIM5
SIM1
SIM2
SIM3
SIM4
1
21
22
SIM5
SIM1
SIM2
SIM3
SIM4
1
21
22
SIM5
SIM1
SIM2
SIM3
SIM4
1
21
22
SIM5
SIM1
SIM2
SIM3
SIM4
1
21
22
SIM5
SIM1
SIM2
SIM3
SIM4
1
21
22
SIM5
SIM1
SIM2
SIM3
SIM4
1
21
22
SIM5
SIM1
SIM2
SIM3
SIM4
1
21
22
SIM5
SIM1
SIM2
SIM3
SIM4
1
21
22
SIM5
SIM1
SIM2
SIM3
SIM4
1
21
22
SIM5
SIM1
SIM2
SIM3
SIM4
1
21
22
SIM5
SIM1
SIM2
SIM3
SIM4
1
21
22
SIM5
SIM1
SIM2
SIM3
SIM4
1
21
22
SIM5
SIM1
SIM2
SIM3
SIM4
1
21
22
SIM5
SIM1
SIM2
SIM3
SIM4
1
21
22
SIM5
SIM1
SIM2
SIM3
SIM4
1
21
22
SIM5
SIM1
SIM2
SIM3
SIM4
1
21
22
SIM5
SIM1
SIM2
SIM3
SIM4
1
21
22
SIM5
SIM1
SIM2
SIM3
SIM4
1
21
22
SIM5
SIM1
SIM2
SIM3
SIM4
1
21
22
SIM5
SIM1
SIM2
SIM3
SIM4
1
21
22
SIM5
SIM1
SIM2
SIM3
SIM4
1
21
22
SIM5
SIM1
SIM2
SIM3
SIM4
1
21
22
SIM5
SIM1
SIM2
SIM3
SIM4
1
21
22
SIM5
SIM1
SIM2
SIM3
SIM4
1
21
22
SIM5
SIM1
SIM2
SIM3
SIM4
1
21
22
SIM5
SIM1
SIM2
SIM3
SIM4
1
21
22
SIM5
SIM1
SIM2
SIM3
SIM4
1
21
22
SIM5
SIM1
SIM2
SIM3
SIM4
1
21
22
SIM5
SIM1
SIM2
SIM3
SIM4
1
21
22
SIM5
SIM1
SIM2
SIM3
SIM4
1
21
22
SIM5
SIM1
SIM2
SIM3
SIM4
1
21
22
SIM5
SIM1
SIM2
SIM3
SIM4
1
21
22
SIM5
SIM1
SIM2
SIM3
SIM4
1
21
22
SIM5
SIM1
SIM2
SIM3
SIM4
1
21
22
SIM5
SIM1
SIM2
SIM3
SIM4
1
21
22
SIM5
SIM1
SIM2
SIM3
SIM4
1
21
22
SIM5
SIM1
SIM2
SIM3
SIM4
1
21
22
SIM5
SIM1
SIM2
SIM3
SIM4
1
21
22
SIM5
SIM1
SIM2
SIM3
SIM4
1
21
22
SIM5
SIM1
SIM2
SIM3
SIM4
1
21
22
SIM5
SIM1
SIM2
SIM3
SIM4
1
21
22
SIM5
SIM1
SIM2
SIM3
SIM4
1
21
22
SIM5
SIM1
SIM2
SIM3
SIM4
1
21
22
SIM5
SIM1
SIM2
SIM3
SIM4
1
21
22
SIM5
SIM1
SIM2
SIM3
SIM4
1
21
22
SIM5
SIM1
SIM2
SIM3
SIM4
1
21
22
SIM5
SIM1
SIM2
SIM3
SIM4
1
21
22
SIM5
SIM1
SIM2
SIM3
SIM4
1
21
22
SIM5
SIM1
SIM2
SIM3
SIM4
1
21
22
SIM5
SIM1
SIM2
SIM3
SIM4
1
21
22
SIM5
SIM1
SIM2
SIM3
SIM4
1
21
22
SIM5
SIM1
SIM2
SIM3
SIM4
1
21
22
SIM5
SIM1
SIM2
SIM3
SIM4
1
21
22
SIM5
SIM1
SIM2
SIM3
SIM4
1
21
22
SIM5
SIM1
SIM2
SIM3
SIM4
1
21
22
SIM5
SIM1
SIM2
SIM3
SIM4
1
21
22
SIM5
SIM1
SIM2
SIM3
SIM4
1
21
22
SIM5
SIM1
SIM2
SIM3
SIM4
1
21
22
SIM5
SIM1
SIM2
SIM3
SIM4
1
21
22
SIM5
SIM1
SIM2
SIM3
SIM4
1
21
22
SIM5
SIM1
SIM2
SIM3
SIM4
1
21
22
SIM5
SIM1
SIM2
SIM3
SIM4
1
21
22
SIM5
SIM1
SIM2
SIM3
SIM4
1
21
22
SIM5
SIM1
SIM2
SIM3
SIM4
1
21
22
SIM5
SIM1
SIM2
SIM3
SIM4
1
21
22
SIM5
SIM1
SIM2
SIM3
SIM4
1
21
22
SIM5
SIM1
SIM2
SIM3
SIM4
1
21
22
SIM5
SIM1
SIM2
SIM3
SIM4
1
21
22
SIM5
SIM1
SIM2
SIM3
SIM4
1
21
22
SIM5
SIM1
SIM2
SIM3
SIM4
1
21
22
SIM5
SIM1
SIM2
SIM3
SIM4
1
21
22
SIM5
SIM1
SIM2
SIM3
SIM4
1
21
22
SIM5
SIM1
SIM2
SIM3
SIM4
1
21
22
SIM5
SIM1
SIM2
SIM3
SIM4
1
21
22
SIM5
SIM1
SIM2
SIM3
SIM4
1
21
22
SIM5
SIM1
SIM2
SIM3
SIM4
1
21
22
SIM5
SIM1
SIM2
SIM3
SIM4
1
21
22
SIM5
SIM1
SIM2
SIM3
SIM4
1
21
22
SIM5
SIM1
SIM2
SIM3
SIM4
1
21
22
SIM5
SIM1
SIM2
SIM3
SIM4
1
21
22
SIM5
SIM1
SIM2
SIM3
SIM4
1
21
22
SIM5
SIM1
SIM2
SIM3
SIM4
1
21
22
SIM5
SIM1
SIM2
SIM3
SIM4
1
21
22
SIM5
SIM1
SIM2
SIM3
SIM4
1
21
22
SIM5
SIM1
SIM2
SIM3
SIM4
1
21
22
SIM5
SIM1
SIM2
SIM3
SIM4
1
21
22
SIM5
SIM1
SIM2
SIM3
SIM4
1
21
22
SIM5
SIM1
SIM2
SIM3
SIM4
1
21
22
SIM5
SIM1
SIM2
SIM3
SIM4
1
21
22
SIM5
SIM1
SIM2
SIM3
SIM4
1
21
22
SIM5
SIM1
SIM2
SIM3
SIM4
1
21
22
SIM5
SIM1
SIM2
DEBUG 1 584
SIM1
SIM2
SIM3
SIM4
1
21
22
SIM5
SIM1
SIM2
SIM3
SIM4
1
21
22
SIM5
SIM1
SIM2
SIM3
SIM4
1
21
22
SIM5
SIM1
SIM2
SIM3
SIM4
1
21
22
SIM5
SIM1
SIM2
SIM3
SIM4
1
21
22
SIM5
SIM1
SIM2
SIM3
SIM4
1
21
22
SIM5
SIM1
SIM2
SIM3
SIM4
1
21
22
SIM5
SIM1
SIM2
SIM3
SIM4
1
21
22
SIM5
SIM1
SIM2
SIM3
SIM4
1
21
22
SIM5
SIM1
SIM2
SIM3
SIM4
1
21
22
SIM5
SIM1
SIM2
SIM3
SIM4
1
21
22
SIM5
SIM1
SIM2
SIM3
SIM4
1
21
22
SIM5
SIM1
SIM2
SIM3
SIM4
1
21
22
SIM5
SIM1
SIM2
SIM3
SIM4
1
21
22
SIM5
SIM1
SIM2
SIM3
SIM4
1
21
22
SIM5
SIM1
SIM2
SIM3
SIM4
1
21
22
SIM5
SIM1
SIM2
SIM3
SIM4
1
21
22
SIM5
SIM1
SIM2
SIM3
SIM4
1
21
22
SIM5
SIM1
SIM2
SIM3
SIM4
1
21
22
SIM5
SIM1
SIM2
SIM3
SIM4
1
21
22
SIM5
SIM1
SIM2
SIM3
SIM4
1
21
22
SIM5
SIM1
SIM2
SIM3
SIM4
1
21
22
SIM5
SIM1
SIM2
SIM3
SIM4
1
21
22
SIM5
SIM1
SIM2
SIM3
SIM4
1
21
22
SIM5
SIM1
SIM2
SIM3
SIM4
1
21
22
SIM5
SIM1
SIM2
SIM3
SIM4
1
21
22
SIM5
SIM1
SIM2
SIM3
SIM4
1
21
22
SIM5
SIM1
SIM2
SIM3
SIM4
1
21
22
SIM5
SIM1
SIM2
SIM3
SIM4
1
21
22
SIM5
SIM1
SIM2
SIM3
SIM4
1
21
22
SIM5
SIM1
SIM2
SIM3
SIM4
1
21
22
SIM5
SIM1
SIM2
SIM3
SIM4
1
21
22
SIM5
SIM1
SIM2
SIM3
SIM4
1
21
22
SIM5
SIM1
SIM2
SIM3
SIM4
1
21
22
SIM5
SIM1
SIM2
SIM3
SIM4
1
21
22
SIM5
SIM1
SIM2
SIM3
SIM4
1
21
22
SIM5
SIM1
SIM2
SIM3
SIM4
1
21
22
SIM5
SIM1
SIM2
SIM3
SIM4
1
21
22
SIM5
SIM1
SIM2
SIM3
SIM4
1
21
22
SIM5
SIM1
SIM2
SIM3
SIM4
1
21
22
SIM5
SIM1
SIM2
SIM3
SIM4
1
21
22
SIM5
SIM1
SIM2
SIM3
SIM4
1
21
22
SIM5
SIM1
SIM2
SIM3
SIM4
1
21
22
SIM5
SIM1
SIM2
SIM3
SIM4
1
21
22
SIM5
SIM1
SIM2
SIM3
SIM4
1
21
22
SIM5
SIM1
SIM2
SIM3
SIM4
1
21
22
SIM5
SIM1
SIM2
SIM3
SIM4
1
21
22
SIM5
SIM1
SIM2
SIM3
SIM4
1
21
22
SIM5
SIM1
SIM2
SIM3
SIM4
1
21
22
SIM5
SIM1
SIM2
SIM3
SIM4
1
21
22
SIM5
SIM1
SIM2
SIM3
SIM4
1
21
22
SIM5
SIM1
SIM2
SIM3
SIM4
1
21
22
SIM5
SIM1
SIM2
SIM3
SIM4
1
21
22
SIM5
SIM1
SIM2
SIM3
SIM4
1
21
22
SIM5
SIM1
SIM2
SIM3
SIM4
1
21
22
SIM5
SIM1
SIM2
SIM3
SIM4
1
21
22
SIM5
SIM1
SIM2
SIM3
SIM4
1
21
22
SIM5
SIM1
SIM2
SIM3
SIM4
1
21
22
SIM5
SIM1
SIM2
SIM3
SIM4
1
21
22
SIM5
SIM1
SIM2
SIM3
SIM4
1
21
22
SIM5
SIM1
SIM2
SIM3
SIM4
1
21
22
SIM5
SIM1
SIM2
SIM3
SIM4
1
21
22
SIM5
SIM1
SIM2
SIM3
SIM4
1
21
22
SIM5
SIM1
SIM2
SIM3
SIM4
1
21
22
SIM5
SIM1
SIM2
SIM3
SIM4
1
21
22
SIM5
SIM1
SIM2
SIM3
SIM4
1
21
22
SIM5
SIM1
SIM2
SIM3
SIM4
1
21
22
SIM5
SIM1
SIM2
SIM3
SIM4
1
21
22
SIM5
SIM1
SIM2
SIM3
SIM4
1
21
22
SIM5
SIM1
SIM2
SIM3
SIM4
1
21
22
SIM5
SIM1
SIM2
SIM3
SIM4
1
21
22
SIM5
SIM1
SIM2
SIM3
SIM4
1
21
22
SIM5
SIM1
SIM2
SIM3
SIM4
1
21
22
SIM5
SIM1
SIM2
SIM3
SIM4
1
21
22
SIM5
SIM1
SIM2
SIM3
SIM4
1
21
22
SIM5
SIM1
SIM2
SIM3
SIM4
1
21
22
SIM5
SIM1
SIM2
SIM3
SIM4
1
21
22
SIM5
SIM1
SIM2
SIM3
SIM4
1
21
22
SIM5
SIM1
SIM2
SIM3
SIM4
1
21
22
SIM5
SIM1
SIM2
SIM3
SIM4
1
21
22
SIM5
SIM1
SIM2
SIM3
SIM4
1
21
22
SIM5
SIM1
SIM2
SIM3
SIM4
1
21
22
SIM5
SIM1
SIM2
SIM3
SIM4
1
21
22
SIM5
SIM1
SIM2
SIM3
SIM4
1
21
22
SIM5
SIM1
SIM2
SIM3
SIM4
1
21
22
SIM5
SIM1
SIM2
SIM3
SIM4
1
21
22
SIM5
SIM1
SIM2
SIM3
SIM4
1
21
22
SIM5
SIM1
SIM2
SIM3
SIM4
1
21
22
SIM5
SIM1
SIM2
SIM3
SIM4
1
21
22
SIM5
SIM1
SIM2
SIM3
SIM4
1
21
22
SIM5
SIM1
SIM2
SIM3
SIM4
1
21
22
SIM5
SIM1
SIM2
SIM3
SIM4
1
21
22
SIM5
SIM1
SIM2
SIM3
SIM4
1
21
22
SIM5
SIM1
SIM2
SIM3
SIM4
1
21
22
SIM5
SIM1
SIM2
SIM3
SIM4
1
21
22
SIM5
SIM1
SIM2
SIM3
SIM4
1
21
22
SIM5
SIM1
SIM2
SIM3
SIM4
1
21
22
SIM5
SIM1
SIM2
SIM3
SIM4
1
21
22
SIM5
SIM1
SIM2
SIM3
SIM4
1
21
22
SIM5
SIM1
SIM2
SIM3
SIM4
1
21
22
SIM5
SIM1
SIM2
SIM3
SIM4
1
21
22
SIM5
SIM1
SIM2
SIM3
SIM4
1
21
22
SIM5
SIM1
SIM2
SIM3
SIM4
1
21
22
SIM5
SIM1
SIM2
SIM3
SIM4
1
21
22
SIM5
SIM1
SIM2
SIM3
SIM4
1
21
22
SIM5
SIM1
SIM2
SIM3
SIM4
1
21
22
SIM5
SIM1
SIM2
SIM3
SIM4
1
21
22
SIM5
SIM1
SIM2
SIM3
SIM4
1
21
22
SIM5
SIM1
SIM2
SIM3
SIM4
1
21
22
SIM5
SIM1
SIM2
SIM3
SIM4
1
21
22
SIM5
SIM1
SIM2
SIM3
SIM4
1
21
22
SIM5
SIM1
SIM2
SIM3
SIM4
1
21
22
SIM5
SIM1
SIM2
SIM3
SIM4
1
21
22
SIM5
SIM1
SIM2
SIM3
SIM4
1
21
22
SIM5
SIM1
SIM2
SIM3
SIM4
1
21
22
SIM5
SIM1
SIM2
SIM3
SIM4
1
21
22
SIM5
SIM1
SIM2
SIM3
SIM4
1
21
22
SIM5
SIM1
SIM2
SIM3
SIM4
1
21
22
SIM5
SIM1
SIM2
SIM3
SIM4
1
21
22
SIM5
SIM1
SIM2
SIM3
SIM4
1
21
22
SIM5
SIM1
SIM2
SIM3
SIM4
1
21
22
SIM5
SIM1
SIM2
SIM3
SIM4
1
21
22
SIM5
SIM1
SIM2
SIM3
SIM4
1
21
22
SIM5
SIM1
SIM2
SIM3
SIM4
1
21
22
SIM5
SIM1
SIM2
SIM3
SIM4
1
21
22
SIM5
SIM1
SIM2
SIM3
SIM4
1
21
22
SIM5
SIM1
SIM2
SIM3
SIM4
1
21
22
SIM5
SIM1
SIM2
SIM3
SIM4
1
21
22
SIM5
SIM1
SIM2
SIM3
SIM4
1
21
22
SIM5
SIM1
SIM2
SIM3
SIM4
1
21
22
SIM5
SIM1
SIM2
SIM3
SIM4
1
21
22
SIM5
SIM1
SIM2
SIM3
SIM4
1
21
22
SIM5
SIM1
SIM2
SIM3
SIM4
1
21
22
SIM5
SIM1
SIM2
SIM3
SIM4
1
21
22
SIM5
SIM1
SIM2
SIM3
SIM4
1
21
22
SIM5
SIM1
SIM2
SIM3
SIM4
1
21
22
SIM5
SIM1
SIM2
SIM3
SIM4
1
21
22
SIM5
SIM1
SIM2
SIM3
SIM4
1
21
22
SIM5
SIM1
SIM2
SIM3
SIM4
1
21
22
SIM5
SIM1
SIM2
SIM3
SIM4
1
21
22
SIM5
SIM1
SIM2
SIM3
SIM4
1
21
22
SIM5
SIM1
SIM2
SIM3
SIM4
1
21
22
SIM5
SIM1
SIM2
SIM3
SIM4
1
21
22
SIM5
SIM1
SIM2
SIM3
SIM4
1
21
22
SIM5
SIM1
SIM2
SIM3
SIM4
1
21
22
SIM5
SIM1
SIM2
SIM3
SIM4
1
21
22
SIM5
SIM1
SIM2
SIM3
SIM4
1
21
22
SIM5
SIM1
SIM2
SIM3
SIM4
1
21
22
SIM5
SIM1
SIM2
SIM3
SIM4
1
21
22
SIM5
SIM1
SIM2
SIM3
SIM4
1
21
22
SIM5
SIM1
SIM2
SIM3
SIM4
1
21
22
SIM5
SIM1
SIM2
SIM3
SIM4
1
21
22
SIM5
SIM1
SIM2
SIM3
SIM4
1
21
22
SIM5
SIM1
SIM2
SIM3
SIM4
1
21
22
SIM5
SIM1
SIM2
SIM3
SIM4
1
21
22
SIM5
SIM1
SIM2
SIM3
SIM4
1
21
22
SIM5
SIM1
SIM2
SIM3
SIM4
1
21
22
SIM5
SIM1
SIM2
SIM3
SIM4
1
21
22
SIM5
SIM1
SIM2
SIM3
SIM4
1
21
22
SIM5
SIM1
SIM2
SIM3
SIM4
1
21
22
SIM5
SIM1
SIM2
SIM3
SIM4
1
21
22
SIM5
SIM1
SIM2
SIM3
SIM4
1
21
22
SIM5
SIM1
SIM2
SIM3
SIM4
1
21
22
SIM5
SIM1
SIM2
SIM3
SIM4
1
21
22
SIM5
SIM1
SIM2
SIM3
SIM4
1
21
22
SIM5
SIM1
SIM2
SIM3
SIM4
1
21
22
SIM5
SIM1
SIM2
SIM3
SIM4
1
21
22
SIM5
SIM1
SIM2
SIM3
SIM4
1
21
22
SIM5
SIM1
SIM2
SIM3
SIM4
1
21
22
SIM5
SIM1
SIM2
SIM3
SIM4
1
21
22
SIM5
SIM1
SIM2
SIM3
SIM4
1
21
22
SIM5
SIM1
SIM2
SIM3
SIM4
1
21
22
SIM5
SIM1
SIM2
SIM3
SIM4
1
21
22
SIM5
SIM1
SIM2
SIM3
SIM4
1
21
22
SIM5
SIM1
SIM2
SIM3
SIM4
1
21
22
SIM5
SIM1
SIM2
SIM3
SIM4
1
21
22
SIM5
SIM1
SIM2
SIM3
SIM4
1
21
22
SIM5
SIM1
SIM2
SIM3
SIM4
1
21
22
SIM5
SIM1
SIM2
SIM3
SIM4
1
21
22
SIM5
SIM1
SIM2
SIM3
SIM4
1
21
22
SIM5
SIM1
SIM2
SIM3
SIM4
1
21
22
SIM5
SIM1
SIM2
SIM3
SIM4
1
21
22
SIM5
SIM1
SIM2
SIM3
SIM4
1
21
22
SIM5
SIM1
SIM2
SIM3
SIM4
1
21
22
SIM5
SIM1
SIM2
SIM3
SIM4
1
21
22
SIM5
SIM1
SIM2
SIM3
SIM4
1
21
22
SIM5
SIM1
SIM2
SIM3
SIM4
1
21
22
SIM5
SIM1
SIM2
SIM3
SIM4
1
21
22
SIM5
SIM1
SIM2
SIM3
SIM4
1
21
22
SIM5
SIM1
SIM2
SIM3
SIM4
1
21
22
SIM5
SIM1
SIM2
SIM3
SIM4
1
21
22
SIM5
SIM1
SIM2
SIM3
SIM4
1
21
22
SIM5
SIM1
SIM2
SIM3
SIM4
1
21
22
SIM5
SIM1
SIM2
SIM3
SIM4
1
21
22
SIM5
SIM1
SIM2
SIM3
SIM4
1
21
22
SIM5
SIM1
SIM2
SIM3
SIM4
1
21
22
SIM5
SIM1
SIM2
SIM3
SIM4
1
21
22
SIM5
SIM1
SIM2
SIM3
SIM4
1
21
22
SIM5
SIM1
SIM2
SIM3
SIM4
1
21
22
SIM5
SIM1
SIM2
SIM3
SIM4
1
21
22
SIM5
SIM1
SIM2
SIM3
SIM4
1
21
22
SIM5
SIM1
SIM2
SIM3
SIM4
1
21
22
SIM5
SIM1
SIM2
SIM3
SIM4
1
21
22
SIM5
SIM1
SIM2
SIM3
SIM4
1
21
22
SIM5
SIM1
SIM2
SIM3
SIM4
1
21
22
SIM5
SIM1
SIM2
SIM3
SIM4
1
21
22
SIM5
SIM1
SIM2
SIM3
SIM4
1
21
22
SIM5
SIM1
SIM2
SIM3
SIM4
1
21
22
SIM5
SIM1
SIM2
DEBUG 1 585
SIM1
SIM2
SIM3
SIM4
1
21
22
SIM5
SIM1
SIM2
SIM3
SIM4
1
21
22
SIM5
SIM1
SIM2
SIM3
SIM4
1
21
22
SIM5
SIM1
SIM2
SIM3
SIM4
1
21
22
SIM5
SIM1
SIM2
SIM3
SIM4
1
21
22
SIM5
SIM1
SIM2
SIM3
SIM4
1
21
22
SIM5
SIM1
SIM2
SIM3
SIM4
1
21
22
SIM5
SIM1
SIM2
SIM3
SIM4
1
21
22
SIM5
SIM1
SIM2
SIM3
SIM4
1
21
22
SIM5
SIM1
SIM2
SIM3
SIM4
1
21
22
SIM5
SIM1
SIM2
SIM3
SIM4
1
21
22
SIM5
SIM1
SIM2
SIM3
SIM4
1
21
22
SIM5
SIM1
SIM2
SIM3
SIM4
1
21
22
SIM5
SIM1
SIM2
SIM3
SIM4
1
21
22
SIM5
SIM1
SIM2
SIM3
SIM4
1
21
22
SIM5
SIM1
SIM2
SIM3
SIM4
1
21
22
SIM5
SIM1
SIM2
SIM3
SIM4
1
21
22
SIM5
SIM1
SIM2
SIM3
SIM4
1
21
22
SIM5
SIM1
SIM2
SIM3
SIM4
1
21
22
SIM5
SIM1
SIM2
SIM3
SIM4
1
21
22
SIM5
SIM1
SIM2
SIM3
SIM4
1
21
22
SIM5
SIM1
SIM2
SIM3
SIM4
1
21
22
SIM5
SIM1
SIM2
SIM3
SIM4
1
21
22
SIM5
SIM1
SIM2
SIM3
SIM4
1
21
22
SIM5
SIM1
SIM2
SIM3
SIM4
1
21
22
SIM5
SIM1
SIM2
SIM3
SIM4
1
21
22
SIM5
SIM1
SIM2
SIM3
SIM4
1
21
22
SIM5
SIM1
SIM2
SIM3
SIM4
1
21
22
SIM5
SIM1
SIM2
SIM3
SIM4
1
21
22
SIM5
SIM1
SIM2
SIM3
SIM4
1
21
22
SIM5
SIM1
SIM2
SIM3
SIM4
1
21
22
SIM5
SIM1
SIM2
SIM3
SIM4
1
21
22
SIM5
SIM1
SIM2
SIM3
SIM4
1
21
22
SIM5
SIM1
SIM2
SIM3
SIM4
1
21
22
SIM5
SIM1
SIM2
SIM3
SIM4
1
21
22
SIM5
SIM1
SIM2
SIM3
SIM4
1
21
22
SIM5
SIM1
SIM2
SIM3
SIM4
1
21
22
SIM5
SIM1
SIM2
SIM3
SIM4
1
21
22
SIM5
SIM1
SIM2
SIM3
SIM4
1
21
22
SIM5
SIM1
SIM2
SIM3
SIM4
1
21
22
SIM5
SIM1
SIM2
SIM3
SIM4
1
21
22
SIM5
SIM1
SIM2
SIM3
SIM4
1
21
22
SIM5
SIM1
SIM2
SIM3
SIM4
1
21
22
SIM5
SIM1
SIM2
SIM3
SIM4
1
21
22
SIM5
SIM1
SIM2
SIM3
SIM4
1
21
22
SIM5
SIM1
SIM2
SIM3
SIM4
1
21
22
SIM5
SIM1
SIM2
SIM3
SIM4
1
21
22
SIM5
SIM1
SIM2
SIM3
SIM4
1
21
22
SIM5
SIM1
SIM2
SIM3
SIM4
1
21
22
SIM5
SIM1
SIM2
SIM3
SIM4
1
21
22
SIM5
SIM1
SIM2
SIM3
SIM4
1
21
22
SIM5
SIM1
SIM2
SIM3
SIM4
1
21
22
SIM5
SIM1
SIM2
SIM3
SIM4
1
21
22
SIM5
SIM1
SIM2
SIM3
SIM4
1
21
22
SIM5
SIM1
SIM2
SIM3
SIM4
1
21
22
SIM5
SIM1
SIM2
SIM3
SIM4
1
21
22
SIM5
SIM1
SIM2
SIM3
SIM4
1
21
22
SIM5
SIM1
SIM2
SIM3
SIM4
1
21
22
SIM5
SIM1
SIM2
SIM3
SIM4
1
21
22
SIM5
SIM1
SIM2
SIM3
SIM4
1
21
22
SIM5
SIM1
SIM2
SIM3
SIM4
1
21
22
SIM5
SIM1
SIM2
SIM3
SIM4
1
21
22
SIM5
SIM1
SIM2
SIM3
SIM4
1
21
22
SIM5
SIM1
SIM2
SIM3
SIM4
1
21
22
SIM5
SIM1
SIM2
SIM3
SIM4
1
21
22
SIM5
SIM1
SIM2
SIM3
SIM4
1
21
22
SIM5
SIM1
SIM2
SIM3
SIM4
1
21
22
SIM5
SIM1
SIM2
SIM3
SIM4
1
21
22
SIM5
SIM1
SIM2
SIM3
SIM4
1
21
22
SIM5
SIM1
SIM2
SIM3
SIM4
1
21
22
SIM5
SIM1
SIM2
SIM3
SIM4
1
21
22
SIM5
SIM1
SIM2
SIM3
SIM4
1
21
22
SIM5
SIM1
SIM2
SIM3
SIM4
1
21
22
SIM5
SIM1
SIM2
SIM3
SIM4
1
21
22
SIM5
SIM1
SIM2
SIM3
SIM4
1
21
22
SIM5
SIM1
SIM2
SIM3
SIM4
1
21
22
SIM5
SIM1
SIM2
SIM3
SIM4
1
21
22
SIM5
SIM1
SIM2
SIM3
SIM4
1
21
22
SIM5
SIM1
SIM2
SIM3
SIM4
1
21
22
SIM5
SIM1
SIM2
SIM3
SIM4
1
21
22
SIM5
SIM1
SIM2
SIM3
SIM4
1
21
22
SIM5
SIM1
SIM2
SIM3
SIM4
1
21
22
SIM5
SIM1
SIM2
SIM3
SIM4
1
21
22
SIM5
SIM1
SIM2
SIM3
SIM4
1
21
22
SIM5
SIM1
SIM2
SIM3
SIM4
1
21
22
SIM5
SIM1
SIM2
SIM3
SIM4
1
21
22
SIM5
SIM1
SIM2
SIM3
SIM4
1
21
22
SIM5
SIM1
SIM2
SIM3
SIM4
1
21
22
SIM5
SIM1
SIM2
SIM3
SIM4
1
21
22
SIM5
SIM1
SIM2
SIM3
SIM4
1
21
22
SIM5
SIM1
SIM2
SIM3
SIM4
1
21
22
SIM5
SIM1
SIM2
SIM3
SIM4
1
21
22
SIM5
SIM1
SIM2
SIM3
SIM4
1
21
22
SIM5
SIM1
SIM2
SIM3
SIM4
1
21
22
SIM5
SIM1
SIM2
SIM3
SIM4
1
21
22
SIM5
SIM1
SIM2
SIM3
SIM4
1
21
22
SIM5
SIM1
SIM2
SIM3
SIM4
1
21
22
SIM5
SIM1
SIM2
SIM3
SIM4
1
21
22
SIM5
SIM1
SIM2
SIM3
SIM4
1
21
22
SIM5
SIM1
SIM2
SIM3
SIM4
1
21
22
SIM5
SIM1
SIM2
SIM3
SIM4
1
21
22
SIM5
SIM1
SIM2
SIM3
SIM4
1
21
22
SIM5
SIM1
SIM2
SIM3
SIM4
1
21
22
SIM5
SIM1
SIM2
SIM3
SIM4
1
21
22
SIM5
SIM1
SIM2
SIM3
SIM4
1
21
22
SIM5
SIM1
SIM2
SIM3
SIM4
1
21
22
SIM5
SIM1
SIM2
SIM3
SIM4
1
21
22
SIM5
SIM1
SIM2
SIM3
SIM4
1
21
22
SIM5
SIM1
SIM2
SIM3
SIM4
1
21
22
SIM5
SIM1
SIM2
SIM3
SIM4
1
21
22
SIM5
SIM1
SIM2
SIM3
SIM4
1
21
22
SIM5
SIM1
SIM2
SIM3
SIM4
1
21
22
SIM5
SIM1
SIM2
SIM3
SIM4
1
21
22
SIM5
SIM1
SIM2
SIM3
SIM4
1
21
22
SIM5
SIM1
SIM2
SIM3
SIM4
1
21
22
SIM5
SIM1
SIM2
SIM3
SIM4
1
21
22
SIM5
SIM1
SIM2
SIM3
SIM4
1
21
22
SIM5
SIM1
SIM2
SIM3
SIM4
1
21
22
SIM5
SIM1
SIM2
SIM3
SIM4
1
21
22
SIM5
SIM1
SIM2
SIM3
SIM4
1
21
22
SIM5
SIM1
SIM2
SIM3
SIM4
1
21
22
SIM5
SIM1
SIM2
SIM3
SIM4
1
21
22
SIM5
SIM1
SIM2
SIM3
SIM4
1
21
22
SIM5
SIM1
SIM2
SIM3
SIM4
1
21
22
SIM5
SIM1
SIM2
SIM3
SIM4
1
21
22
SIM5
SIM1
SIM2
SIM3
SIM4
1
21
22
SIM5
SIM1
SIM2
SIM3
SIM4
1
21
22
SIM5
SIM1
SIM2
SIM3
SIM4
1
21
22
SIM5
SIM1
SIM2
SIM3
SIM4
1
21
22
SIM5
SIM1
SIM2
SIM3
SIM4
1
21
22
SIM5
SIM1
SIM2
SIM3
SIM4
1
21
22
SIM5
SIM1
SIM2
SIM3
SIM4
1
21
22
SIM5
SIM1
SIM2
SIM3
SIM4
1
21
22
SIM5
SIM1
SIM2
SIM3
SIM4
1
21
22
SIM5
SIM1
SIM2
SIM3
SIM4
1
21
22
SIM5
SIM1
SIM2
SIM3
SIM4
1
21
22
SIM5
SIM1
SIM2
SIM3
SIM4
1
21
22
SIM5
SIM1
SIM2
SIM3
SIM4
1
21
22
SIM5
SIM1
SIM2
SIM3
SIM4
1
21
22
SIM5
SIM1
SIM2
SIM3
SIM4
1
21
22
SIM5
SIM1
SIM2
SIM3
SIM4
1
21
22
SIM5
SIM1
SIM2
SIM3
SIM4
1
21
22
SIM5
SIM1
SIM2
SIM3
SIM4
1
21
22
SIM5
SIM1
SIM2
SIM3
SIM4
1
21
22
SIM5
SIM1
SIM2
SIM3
SIM4
1
21
22
SIM5
SIM1
SIM2
SIM3
SIM4
1
21
22
SIM5
SIM1
SIM2
SIM3
SIM4
1
21
22
SIM5
SIM1
SIM2
SIM3
SIM4
1
21
22
SIM5
SIM1
SIM2
SIM3
SIM4
1
21
22
SIM5
SIM1
SIM2
SIM3
SIM4
1
21
22
SIM5
SIM1
SIM2
SIM3
SIM4
1
21
22
SIM5
SIM1
SIM2
SIM3
SIM4
1
21
22
SIM5
SIM1
SIM2
SIM3
SIM4
1
21
22
SIM5
SIM1
SIM2
SIM3
SIM4
1
21
22
SIM5
SIM1
SIM2
SIM3
SIM4
1
21
22
SIM5
SIM1
SIM2
SIM3
SIM4
1
21
22
SIM5
SIM1
SIM2
SIM3
SIM4
1
21
22
SIM5
SIM1
SIM2
SIM3
SIM4
1
21
22
SIM5
SIM1
SIM2
SIM3
SIM4
1
21
22
SIM5
SIM1
SIM2
SIM3
SIM4
1
21
22
SIM5
SIM1
SIM2
SIM3
SIM4
1
21
22
SIM5
SIM1
SIM2
SIM3
SIM4
1
21
22
SIM5
SIM1
SIM2
SIM3
SIM4
1
21
22
SIM5
SIM1
SIM2
SIM3
SIM4
1
21
22
SIM5
SIM1
SIM2
SIM3
SIM4
1
21
22
SIM5
SIM1
SIM2
SIM3
SIM4
1
21
22
SIM5
SIM1
SIM2
SIM3
SIM4
1
21
22
SIM5
SIM1
SIM2
SIM3
SIM4
1
21
22
SIM5
SIM1
SIM2
SIM3
SIM4
1
21
22
SIM5
SIM1
SIM2
SIM3
SIM4
1
21
22
SIM5
SIM1
SIM2
SIM3
SIM4
1
21
22
SIM5
SIM1
SIM2
SIM3
SIM4
1
21
22
SIM5
SIM1
SIM2
SIM3
SIM4
1
21
22
SIM5
SIM1
SIM2
SIM3
SIM4
1
21
22
SIM5
SIM1
SIM2
SIM3
SIM4
1
21
22
SIM5
SIM1
SIM2
SIM3
SIM4
1
21
22
SIM5
SIM1
SIM2
SIM3
SIM4
1
21
22
SIM5
SIM1
SIM2
SIM3
SIM4
1
21
22
SIM5
SIM1
SIM2
SIM3
SIM4
1
21
22
SIM5
SIM1
SIM2
SIM3
SIM4
1
21
22
SIM5
SIM1
SIM2
SIM3
SIM4
1
21
22
SIM5
SIM1
SIM2
SIM3
SIM4
1
21
22
SIM5
SIM1
SIM2
SIM3
SIM4
1
21
22
SIM5
SIM1
SIM2
SIM3
SIM4
1
21
22
SIM5
SIM1
SIM2
SIM3
SIM4
1
21
22
SIM5
SIM1
SIM2
SIM3
SIM4
1
21
22
SIM5
SIM1
SIM2
SIM3
SIM4
1
21
22
SIM5
SIM1
SIM2
SIM3
SIM4
1
21
22
SIM5
SIM1
SIM2
SIM3
SIM4
1
21
22
SIM5
SIM1
SIM2
SIM3
SIM4
1
21
22
SIM5
SIM1
SIM2
SIM3
SIM4
1
21
22
SIM5
SIM1
SIM2
SIM3
SIM4
1
21
22
SIM5
SIM1
SIM2
SIM3
SIM4
1
21
22
SIM5
SIM1
SIM2
SIM3
SIM4
1
21
22
SIM5
SIM1
SIM2
SIM3
SIM4
1
21
22
SIM5
SIM1
SIM2
SIM3
SIM4
1
21
22
SIM5
SIM1
SIM2
SIM3
SIM4
1
21
22
SIM5
SIM1
SIM2
SIM3
SIM4
1
21
22
SIM5
SIM1
SIM2
SIM3
SIM4
1
21
22
SIM5
SIM1
SIM2
SIM3
SIM4
1
21
22
SIM5
SIM1
SIM2
SIM3
SIM4
1
21
22
SIM5
SIM1
SIM2
SIM3
SIM4
1
21
22
SIM5
SIM1
SIM2
SIM3
SIM4
1
21
22
SIM5
SIM1
SIM2
SIM3
SIM4
1
21
22
SIM5
SIM1
SIM2
SIM3
SIM4
1
21
22
SIM5
SIM1
SIM2
SIM3
SIM4
1
21
22
SIM5
SIM1
SIM2
SIM3
SIM4
1
21
22
SIM5
SIM1
SIM2
SIM3
SIM4
1
21
22
SIM5
SIM1
SIM2
SIM3
SIM4
1
21
22
SIM5
SIM1
SIM2
SIM3
SIM4
1
21
22
SIM5
SIM1
SIM2
SIM3
SIM4
1
21
22
SIM5
SIM1
SIM2
SIM3
SIM4
1
21
22
SIM5
SIM1
SIM2
SIM3
SIM4
1
21
22
SIM5
SIM1
SIM2
SIM3
SIM4
1
21
22
SIM5
SIM1
SIM2
SIM3
SIM4
1
21
22
SIM5
SIM1
SIM2
SIM3
SIM4
1
21
22
SIM5
SIM1
SIM2
SIM3
SIM4
1
21
22
SIM5
SIM1
SIM2
SIM3
SIM4
1
21
22
SIM5
SIM1
SIM2
SIM3
SIM4
1
21
22
SIM5
SIM1
SIM2
SIM3
SIM4
1
21
22
SIM5
SIM1
SIM2
SIM3
SIM4
1
21
22
SIM5
SIM1
SIM2
DEBUG 1 586
SIM1
SIM2
SIM3
SIM4
1
21
22
SIM5
SIM1
SIM2
SIM3
SIM4
1
21
22
SIM5
SIM1
SIM2
SIM3
SIM4
1
21
22
SIM5
SIM1
SIM2
SIM3
SIM4
1
21
22
SIM5
SIM1
SIM2
SIM3
SIM4
1
21
22
SIM5
SIM1
SIM2
SIM3
SIM4
1
21
22
SIM5
SIM1
SIM2
SIM3
SIM4
1
21
22
SIM5
SIM1
SIM2
SIM3
SIM4
1
21
22
SIM5
SIM1
SIM2
SIM3
SIM4
1
21
22
SIM5
SIM1
SIM2
SIM3
SIM4
1
21
22
SIM5
SIM1
SIM2
SIM3
SIM4
1
21
22
SIM5
SIM1
SIM2
SIM3
SIM4
1
21
22
SIM5
SIM1
SIM2
SIM3
SIM4
1
21
22
SIM5
SIM1
SIM2
SIM3
SIM4
1
21
22
SIM5
SIM1
SIM2
SIM3
SIM4
1
21
22
SIM5
SIM1
SIM2
SIM3
SIM4
1
21
22
SIM5
SIM1
SIM2
SIM3
SIM4
1
21
22
SIM5
SIM1
SIM2
SIM3
SIM4
1
21
22
SIM5
SIM1
SIM2
SIM3
SIM4
1
21
22
SIM5
SIM1
SIM2
SIM3
SIM4
1
21
22
SIM5
SIM1
SIM2
SIM3
SIM4
1
21
22
SIM5
SIM1
SIM2
SIM3
SIM4
1
21
22
SIM5
SIM1
SIM2
SIM3
SIM4
1
21
22
SIM5
SIM1
SIM2
SIM3
SIM4
1
21
22
SIM5
SIM1
SIM2
SIM3
SIM4
1
21
22
SIM5
SIM1
SIM2
SIM3
SIM4
1
21
22
SIM5
SIM1
SIM2
SIM3
SIM4
1
21
22
SIM5
SIM1
SIM2
SIM3
SIM4
1
21
22
SIM5
SIM1
SIM2
SIM3
SIM4
1
21
22
SIM5
SIM1
SIM2
SIM3
SIM4
1
21
22
SIM5
SIM1
SIM2
SIM3
SIM4
1
21
22
SIM5
SIM1
SIM2
SIM3
SIM4
1
21
22
SIM5
SIM1
SIM2
SIM3
SIM4
1
21
22
SIM5
SIM1
SIM2
SIM3
SIM4
1
21
22
SIM5
SIM1
SIM2
SIM3
SIM4
1
21
22
SIM5
SIM1
SIM2
SIM3
SIM4
1
21
22
SIM5
SIM1
SIM2
SIM3
SIM4
1
21
22
SIM5
SIM1
SIM2
SIM3
SIM4
1
21
22
SIM5
SIM1
SIM2
SIM3
SIM4
1
21
22
SIM5
SIM1
SIM2
SIM3
SIM4
1
21
22
SIM5
SIM1
SIM2
SIM3
SIM4
1
21
22
SIM5
SIM1
SIM2
SIM3
SIM4
1
21
22
SIM5
SIM1
SIM2
SIM3
SIM4
1
21
22
SIM5
SIM1
SIM2
SIM3
SIM4
1
21
22
SIM5
SIM1
SIM2
SIM3
SIM4
1
21
22
SIM5
SIM1
SIM2
SIM3
SIM4
1
21
22
SIM5
SIM1
SIM2
SIM3
SIM4
1
21
22
SIM5
SIM1
SIM2
SIM3
SIM4
1
21
22
SIM5
SIM1
SIM2
SIM3
SIM4
1
21
22
SIM5
SIM1
SIM2
SIM3
SIM4
1
21
22
SIM5
SIM1
SIM2
SIM3
SIM4
1
21
22
SIM5
SIM1
SIM2
SIM3
SIM4
1
21
22
SIM5
SIM1
SIM2
SIM3
SIM4
1
21
22
SIM5
SIM1
SIM2
SIM3
SIM4
1
21
22
SIM5
SIM1
SIM2
SIM3
SIM4
1
21
22
SIM5
SIM1
SIM2
SIM3
SIM4
1
21
22
SIM5
SIM1
SIM2
SIM3
SIM4
1
21
22
SIM5
SIM1
SIM2
SIM3
SIM4
1
21
22
SIM5
SIM1
SIM2
SIM3
SIM4
1
21
22
SIM5
SIM1
SIM2
SIM3
SIM4
1
21
22
SIM5
SIM1
SIM2
SIM3
SIM4
1
21
22
SIM5
SIM1
SIM2
SIM3
SIM4
1
21
22
SIM5
SIM1
SIM2
SIM3
SIM4
1
21
22
SIM5
SIM1
SIM2
SIM3
SIM4
1
21
22
SIM5
SIM1
SIM2
SIM3
SIM4
1
21
22
SIM5
SIM1
SIM2
SIM3
SIM4
1
21
22
SIM5
SIM1
SIM2
SIM3
SIM4
1
21
22
SIM5
SIM1
SIM2
SIM3
SIM4
1
21
22
SIM5
SIM1
SIM2
SIM3
SIM4
1
21
22
SIM5
SIM1
SIM2
SIM3
SIM4
1
21
22
SIM5
SIM1
SIM2
SIM3
SIM4
1
21
22
SIM5
SIM1
SIM2
SIM3
SIM4
1
21
22
SIM5
SIM1
SIM2
SIM3
SIM4
1
21
22
SIM5
SIM1
SIM2
SIM3
SIM4
1
21
22
SIM5
SIM1
SIM2
SIM3
SIM4
1
21
22
SIM5
SIM1
SIM2
SIM3
SIM4
1
21
22
SIM5
SIM1
SIM2
SIM3
SIM4
1
21
22
SIM5
SIM1
SIM2
SIM3
SIM4
1
21
22
SIM5
SIM1
SIM2
SIM3
SIM4
1
21
22
SIM5
SIM1
SIM2
SIM3
SIM4
1
21
22
SIM5
SIM1
SIM2
SIM3
SIM4
1
21
22
SIM5
SIM1
SIM2
SIM3
SIM4
1
21
22
SIM5
SIM1
SIM2
SIM3
SIM4
1
21
22
SIM5
SIM1
SIM2
SIM3
SIM4
1
21
22
SIM5
SIM1
SIM2
SIM3
SIM4
1
21
22
SIM5
SIM1
SIM2
SIM3
SIM4
1
21
22
SIM5
SIM1
SIM2
SIM3
SIM4
1
21
22
SIM5
SIM1
SIM2
SIM3
SIM4
1
21
22
SIM5
SIM1
SIM2
SIM3
SIM4
1
21
22
SIM5
SIM1
SIM2
DEBUG 1 587
SIM1
SIM2
SIM3
SIM4
1
21
22
SIM5
SIM1
SIM2
SIM3
SIM4
1
21
22
SIM5
SIM1
SIM2
SIM3
SIM4
1
21
22
SIM5
SIM1
SIM2
SIM3
SIM4
1
21
22
SIM5
SIM1
SIM2
SIM3
SIM4
1
21
22
SIM5
SIM1
SIM2
SIM3
SIM4
1
21
22
SIM5
SIM1
SIM2
SIM3
SIM4
1
21
22
SIM5
SIM1
SIM2
SIM3
SIM4
1
21
22
SIM5
SIM1
SIM2
SIM3
SIM4
1
21
22
SIM5
SIM1
SIM2
SIM3
SIM4
1
21
22
SIM5
SIM1
SIM2
SIM3
SIM4
1
21
22
SIM5
SIM1
SIM2
SIM3
SIM4
1
21
22
SIM5
SIM1
SIM2
SIM3
SIM4
1
21
22
SIM5
SIM1
SIM2
SIM3
SIM4
1
21
22
SIM5
SIM1
SIM2
SIM3
SIM4
1
21
22
SIM5
SIM1
SIM2
SIM3
SIM4
1
21
22
SIM5
SIM1
SIM2
SIM3
SIM4
1
21
22
SIM5
SIM1
SIM2
SIM3
SIM4
1
21
22
SIM5
SIM1
SIM2
SIM3
SIM4
1
21
22
SIM5
SIM1
SIM2
SIM3
SIM4
1
21
22
SIM5
SIM1
SIM2
SIM3
SIM4
1
21
22
SIM5
SIM1
SIM2
SIM3
SIM4
1
21
22
SIM5
SIM1
SIM2
SIM3
SIM4
1
21
22
SIM5
SIM1
SIM2
SIM3
SIM4
1
21
22
SIM5
SIM1
SIM2
SIM3
SIM4
1
21
22
SIM5
SIM1
SIM2
SIM3
SIM4
1
21
22
SIM5
SIM1
SIM2
SIM3
SIM4
1
21
22
SIM5
SIM1
SIM2
SIM3
SIM4
1
21
22
SIM5
SIM1
SIM2
SIM3
SIM4
1
21
22
SIM5
SIM1
SIM2
SIM3
SIM4
1
21
22
SIM5
SIM1
SIM2
SIM3
SIM4
1
21
22
SIM5
SIM1
SIM2
SIM3
SIM4
1
21
22
SIM5
SIM1
SIM2
SIM3
SIM4
1
21
22
SIM5
SIM1
SIM2
SIM3
SIM4
1
21
22
SIM5
SIM1
SIM2
SIM3
SIM4
1
21
22
SIM5
SIM1
SIM2
SIM3
SIM4
1
21
22
SIM5
SIM1
SIM2
SIM3
SIM4
1
21
22
SIM5
SIM1
SIM2
SIM3
SIM4
1
21
22
SIM5
SIM1
SIM2
SIM3
SIM4
1
21
22
SIM5
SIM1
SIM2
SIM3
SIM4
1
21
22
SIM5
SIM1
SIM2
SIM3
SIM4
1
21
22
SIM5
SIM1
SIM2
SIM3
SIM4
1
21
22
SIM5
SIM1
SIM2
SIM3
SIM4
1
21
22
SIM5
SIM1
SIM2
SIM3
SIM4
1
21
22
SIM5
SIM1
SIM2
SIM3
SIM4
1
21
22
SIM5
SIM1
SIM2
SIM3
SIM4
1
21
22
SIM5
SIM1
SIM2
SIM3
SIM4
1
21
22
SIM5
SIM1
SIM2
SIM3
SIM4
1
21
22
SIM5
SIM1
SIM2
SIM3
SIM4
1
21
22
SIM5
SIM1
SIM2
SIM3
SIM4
1
21
22
SIM5
SIM1
SIM2
SIM3
SIM4
1
21
22
SIM5
SIM1
SIM2
SIM3
SIM4
1
21
22
SIM5
SIM1
SIM2
SIM3
SIM4
1
21
22
SIM5
SIM1
SIM2
SIM3
SIM4
1
21
22
SIM5
SIM1
SIM2
SIM3
SIM4
1
21
22
SIM5
SIM1
SIM2
SIM3
SIM4
1
21
22
SIM5
SIM1
SIM2
SIM3
SIM4
1
21
22
SIM5
SIM1
SIM2
SIM3
SIM4
1
21
22
SIM5
SIM1
SIM2
SIM3
SIM4
1
21
22
SIM5
SIM1
SIM2
SIM3
SIM4
1
21
22
SIM5
SIM1
SIM2
SIM3
SIM4
1
21
22
SIM5
SIM1
SIM2
SIM3
SIM4
1
21
22
SIM5
SIM1
SIM2
SIM3
SIM4
1
21
22
SIM5
SIM1
SIM2
SIM3
SIM4
1
21
22
SIM5
SIM1
SIM2
SIM3
SIM4
1
21
22
SIM5
SIM1
SIM2
SIM3
SIM4
1
21
22
SIM5
SIM1
SIM2
SIM3
SIM4
1
21
22
SIM5
SIM1
SIM2
SIM3
SIM4
1
21
22
SIM5
SIM1
SIM2
SIM3
SIM4
1
21
22
SIM5
SIM1
SIM2
SIM3
SIM4
1
21
22
SIM5
SIM1
SIM2
SIM3
SIM4
1
21
22
SIM5
SIM1
SIM2
SIM3
SIM4
1
21
22
SIM5
SIM1
SIM2
SIM3
SIM4
1
21
22
SIM5
SIM1
SIM2
SIM3
SIM4
1
21
22
SIM5
SIM1
SIM2
SIM3
SIM4
1
21
22
SIM5
SIM1
SIM2
SIM3
SIM4
1
21
22
SIM5
SIM1
SIM2
SIM3
SIM4
1
21
22
SIM5
SIM1
SIM2
SIM3
SIM4
1
21
22
SIM5
SIM1
SIM2
SIM3
SIM4
1
21
22
SIM5
SIM1
SIM2
SIM3
SIM4
1
21
22
SIM5
SIM1
SIM2
SIM3
SIM4
1
21
22
SIM5
SIM1
SIM2
SIM3
SIM4
1
21
22
SIM5
SIM1
SIM2
SIM3
SIM4
1
21
22
SIM5
SIM1
SIM2
SIM3
SIM4
1
21
22
SIM5
SIM1
SIM2
SIM3
SIM4
1
21
22
SIM5
SIM1
SIM2
SIM3
SIM4
1
21
22
SIM5
SIM1
SIM2
SIM3
SIM4
1
21
22
SIM5
SIM1
SIM2
SIM3
SIM4
1
21
22
SIM5
SIM1
SIM2
SIM3
SIM4
1
21
22
SIM5
SIM1
SIM2
SIM3
SIM4
1
21
22
SIM5
SIM1
SIM2
SIM3
SIM4
1
21
22
SIM5
SIM1
SIM2
SIM3
SIM4
1
21
22
SIM5
SIM1
SIM2
SIM3
SIM4
1
21
22
SIM5
SIM1
SIM2
SIM3
SIM4
1
21
22
SIM5
SIM1
SIM2
SIM3
SIM4
1
21
22
SIM5
SIM1
SIM2
SIM3
SIM4
1
21
22
SIM5
SIM1
SIM2
SIM3
SIM4
1
21
22
SIM5
SIM1
SIM2
SIM3
SIM4
1
21
22
SIM5
SIM1
SIM2
SIM3
SIM4
1
21
22
SIM5
SIM1
SIM2
SIM3
SIM4
1
21
22
SIM5
SIM1
SIM2
SIM3
SIM4
1
21
22
SIM5
SIM1
SIM2
SIM3
SIM4
1
21
22
SIM5
SIM1
SIM2
SIM3
SIM4
1
21
22
SIM5
SIM1
SIM2
SIM3
SIM4
1
21
22
SIM5
SIM1
SIM2
SIM3
SIM4
1
21
22
SIM5
SIM1
SIM2
SIM3
SIM4
1
21
22
SIM5
SIM1
SIM2
SIM3
SIM4
1
21
22
SIM5
SIM1
SIM2
SIM3
SIM4
1
21
22
SIM5
SIM1
SIM2
SIM3
SIM4
1
21
22
SIM5
SIM1
SIM2
SIM3
SIM4
1
21
22
SIM5
SIM1
SIM2
SIM3
SIM4
1
21
22
SIM5
SIM1
SIM2
SIM3
SIM4
1
21
22
SIM5
SIM1
SIM2
SIM3
SIM4
1
21
22
SIM5
SIM1
SIM2
SIM3
SIM4
1
21
22
SIM5
SIM1
SIM2
SIM3
SIM4
1
21
22
SIM5
SIM1
SIM2
SIM3
SIM4
1
21
22
SIM5
SIM1
SIM2
SIM3
SIM4
1
21
22
SIM5
SIM1
SIM2
SIM3
SIM4
1
21
22
SIM5
SIM1
SIM2
SIM3
SIM4
1
21
22
SIM5
SIM1
SIM2
SIM3
SIM4
1
21
22
SIM5
SIM1
SIM2
SIM3
SIM4
1
21
22
SIM5
SIM1
SIM2
SIM3
SIM4
1
21
22
SIM5
SIM1
SIM2
SIM3
SIM4
1
21
22
SIM5
SIM1
SIM2
SIM3
SIM4
1
21
22
SIM5
SIM1
SIM2
SIM3
SIM4
1
21
22
SIM5
SIM1
SIM2
SIM3
SIM4
1
21
22
SIM5
SIM1
SIM2
SIM3
SIM4
1
21
22
SIM5
SIM1
SIM2
SIM3
SIM4
1
21
22
SIM5
SIM1
SIM2
SIM3
SIM4
1
21
22
SIM5
SIM1
SIM2
SIM3
SIM4
1
21
22
SIM5
SIM1
SIM2
SIM3
SIM4
1
21
22
SIM5
SIM1
SIM2
SIM3
SIM4
1
21
22
SIM5
SIM1
SIM2
SIM3
SIM4
1
21
22
SIM5
SIM1
SIM2
SIM3
SIM4
1
21
22
SIM5
SIM1
SIM2
SIM3
SIM4
1
21
22
SIM5
SIM1
SIM2
SIM3
SIM4
1
21
22
SIM5
SIM1
SIM2
SIM3
SIM4
1
21
22
SIM5
SIM1
SIM2
SIM3
SIM4
1
21
22
SIM5
SIM1
SIM2
SIM3
SIM4
1
21
22
SIM5
SIM1
SIM2
SIM3
SIM4
1
21
22
SIM5
SIM1
SIM2
SIM3
SIM4
1
21
22
SIM5
SIM1
SIM2
SIM3
SIM4
1
21
22
SIM5
SIM1
SIM2
SIM3
SIM4
1
21
22
SIM5
SIM1
SIM2
SIM3
SIM4
1
21
22
SIM5
SIM1
SIM2
SIM3
SIM4
1
21
22
SIM5
SIM1
SIM2
SIM3
SIM4
1
21
22
SIM5
SIM1
SIM2
SIM3
SIM4
1
21
22
SIM5
SIM1
SIM2
SIM3
SIM4
1
21
22
SIM5
SIM1
SIM2
SIM3
SIM4
1
21
22
SIM5
SIM1
SIM2
SIM3
SIM4
1
21
22
SIM5
SIM1
SIM2
SIM3
SIM4
1
21
22
SIM5
SIM1
SIM2
SIM3
SIM4
1
21
22
SIM5
SIM1
SIM2
SIM3
SIM4
1
21
22
SIM5
SIM1
SIM2
SIM3
SIM4
1
21
22
SIM5
SIM1
SIM2
SIM3
SIM4
1
21
22
SIM5
SIM1
SIM2
SIM3
SIM4
1
21
22
SIM5
SIM1
SIM2
SIM3
SIM4
1
21
22
SIM5
SIM1
SIM2
SIM3
SIM4
1
21
22
SIM5
SIM1
SIM2
SIM3
SIM4
1
21
22
SIM5
SIM1
SIM2
SIM3
SIM4
1
21
22
SIM5
SIM1
SIM2
SIM3
SIM4
1
21
22
SIM5
SIM1
SIM2
SIM3
SIM4
1
21
22
SIM5
SIM1
SIM2
SIM3
SIM4
1
21
22
SIM5
SIM1
SIM2
SIM3
SIM4
1
21
22
SIM5
SIM1
SIM2
SIM3
SIM4
1
21
22
SIM5
SIM1
SIM2
SIM3
SIM4
1
21
22
SIM5
SIM1
SIM2
SIM3
SIM4
1
21
22
SIM5
SIM1
SIM2
SIM3
SIM4
1
21
22
SIM5
SIM1
SIM2
SIM3
SIM4
1
21
22
SIM5
SIM1
SIM2
SIM3
SIM4
1
21
22
SIM5
SIM1
SIM2
SIM3
SIM4
1
21
22
SIM5
SIM1
SIM2
SIM3
SIM4
1
21
22
SIM5
SIM1
SIM2
SIM3
SIM4
1
21
22
SIM5
SIM1
SIM2
SIM3
SIM4
1
21
22
SIM5
SIM1
SIM2
SIM3
SIM4
1
21
22
SIM5
SIM1
SIM2
SIM3
SIM4
1
21
22
SIM5
SIM1
SIM2
SIM3
SIM4
1
21
22
SIM5
SIM1
SIM2
SIM3
SIM4
1
21
22
SIM5
SIM1
SIM2
SIM3
SIM4
1
21
22
SIM5
SIM1
SIM2
SIM3
SIM4
1
21
22
SIM5
SIM1
SIM2
SIM3
SIM4
1
21
22
SIM5
SIM1
SIM2
SIM3
SIM4
1
21
22
SIM5
SIM1
SIM2
SIM3
SIM4
1
21
22
SIM5
SIM1
SIM2
SIM3
SIM4
1
21
22
SIM5
SIM1
SIM2
SIM3
SIM4
1
21
22
SIM5
SIM1
SIM2
SIM3
SIM4
1
21
22
SIM5
SIM1
SIM2
SIM3
SIM4
1
21
22
SIM5
SIM1
SIM2
SIM3
SIM4
1
21
22
SIM5
SIM1
SIM2
SIM3
SIM4
1
21
22
SIM5
SIM1
SIM2
SIM3
SIM4
1
21
22
SIM5
SIM1
SIM2
SIM3
SIM4
1
21
22
SIM5
SIM1
SIM2
SIM3
SIM4
1
21
22
SIM5
SIM1
SIM2
SIM3
SIM4
1
21
22
SIM5
SIM1
SIM2
SIM3
SIM4
1
21
22
SIM5
SIM1
SIM2
SIM3
SIM4
1
21
22
SIM5
SIM1
SIM2
SIM3
SIM4
1
21
22
SIM5
SIM1
SIM2
SIM3
SIM4
1
21
22
SIM5
SIM1
SIM2
SIM3
SIM4
1
21
22
SIM5
SIM1
SIM2
SIM3
SIM4
1
21
22
SIM5
SIM1
SIM2
SIM3
SIM4
1
21
22
SIM5
SIM1
SIM2
SIM3
SIM4
1
21
22
SIM5
SIM1
SIM2
SIM3
SIM4
1
21
22
SIM5
SIM1
SIM2
SIM3
SIM4
1
21
22
SIM5
SIM1
SIM2
SIM3
SIM4
1
21
22
SIM5
SIM1
SIM2
SIM3
SIM4
1
21
22
SIM5
SIM1
SIM2
SIM3
SIM4
1
21
22
SIM5
SIM1
SIM2
SIM3
SIM4
1
21
22
SIM5
SIM1
SIM2
SIM3
SIM4
1
21
22
SIM5
SIM1
SIM2
SIM3
SIM4
1
21
22
SIM5
SIM1
SIM2
SIM3
SIM4
1
21
22
SIM5
SIM1
SIM2
SIM3
SIM4
1
21
22
SIM5
SIM1
SIM2
SIM3
SIM4
1
21
22
SIM5
SIM1
SIM2
SIM3
SIM4
1
21
22
SIM5
SIM1
SIM2
SIM3
SIM4
1
21
22
SIM5
SIM1
SIM2
SIM3
SIM4
1
21
22
SIM5
SIM1
SIM2
SIM3
SIM4
1
21
22
SIM5
SIM1
SIM2
SIM3
SIM4
1
21
22
SIM5
SIM1
SIM2
SIM3
SIM4
1
21
22
SIM5
SIM1
SIM2
SIM3
SIM4
1
21
22
SIM5
SIM1
SIM2
SIM3
SIM4
1
21
22
SIM5
SIM1
SIM2
SIM3
SIM4
1
21
22
SIM5
SIM1
SIM2
SIM3
SIM4
1
21
22
SIM5
SIM1
SIM2
SIM3
SIM4
1
21
22
SIM5
SIM1
SIM2
SIM3
SIM4
1
21
22
SIM5
SIM1
SIM2
SIM3
SIM4
1
21
22
SIM5
SIM1
SIM2
SIM3
SIM4
1
21
22
SIM5
SIM1
SIM2
SIM3
SIM4
1
21
22
SIM5
SIM1
SIM2
SIM3
SIM4
1
21
22
SIM5
SIM1
SIM2
SIM3
SIM4
1
21
22
SIM5
SIM1
SIM2
SIM3
SIM4
1
21
22
SIM5
SIM1
SIM2
SIM3
SIM4
1
21
22
SIM5
SIM1
SIM2
SIM3
SIM4
1
21
22
SIM5
SIM1
SIM2
SIM3
SIM4
1
21
22
SIM5
SIM1
SIM2
SIM3
SIM4
1
21
22
SIM5
SIM1
SIM2
SIM3
SIM4
1
21
22
SIM5
SIM1
SIM2
SIM3
SIM4
1
21
22
SIM5
SIM1
SIM2
SIM3
SIM4
1
21
22
SIM5
SIM1
SIM2
SIM3
SIM4
1
21
22
SIM5
SIM1
SIM2
DEBUG 1 588
SIM1
SIM2
SIM3
SIM4
1
21
22
SIM5
SIM1
SIM2
SIM3
SIM4
1
21
22
SIM5
SIM1
SIM2
SIM3
SIM4
1
21
22
SIM5
SIM1
SIM2
SIM3
SIM4
1
21
22
SIM5
SIM1
SIM2
SIM3
SIM4
1
21
22
SIM5
SIM1
SIM2
SIM3
SIM4
1
21
22
SIM5
SIM1
SIM2
SIM3
SIM4
1
21
22
SIM5
SIM1
SIM2
SIM3
SIM4
1
21
22
SIM5
SIM1
SIM2
SIM3
SIM4
1
21
22
SIM5
SIM1
SIM2
SIM3
SIM4
1
21
22
SIM5
SIM1
SIM2
SIM3
SIM4
1
21
22
SIM5
SIM1
SIM2
SIM3
SIM4
1
21
22
SIM5
SIM1
SIM2
SIM3
SIM4
1
21
22
SIM5
SIM1
SIM2
SIM3
SIM4
1
21
22
SIM5
SIM1
SIM2
SIM3
SIM4
1
21
22
SIM5
SIM1
SIM2
SIM3
SIM4
1
21
22
SIM5
SIM1
SIM2
SIM3
SIM4
1
21
22
SIM5
SIM1
SIM2
SIM3
SIM4
1
21
22
SIM5
SIM1
SIM2
SIM3
SIM4
1
21
22
SIM5
SIM1
SIM2
SIM3
SIM4
1
21
22
SIM5
SIM1
SIM2
SIM3
SIM4
1
21
22
SIM5
SIM1
SIM2
SIM3
SIM4
1
21
22
SIM5
SIM1
SIM2
SIM3
SIM4
1
21
22
SIM5
SIM1
SIM2
SIM3
SIM4
1
21
22
SIM5
SIM1
SIM2
SIM3
SIM4
1
21
22
SIM5
SIM1
SIM2
SIM3
SIM4
1
21
22
SIM5
SIM1
SIM2
SIM3
SIM4
1
21
22
SIM5
SIM1
SIM2
SIM3
SIM4
1
21
22
SIM5
SIM1
SIM2
SIM3
SIM4
1
21
22
SIM5
SIM1
SIM2
SIM3
SIM4
1
21
22
SIM5
SIM1
SIM2
SIM3
SIM4
1
21
22
SIM5
SIM1
SIM2
SIM3
SIM4
1
21
22
SIM5
SIM1
SIM2
SIM3
SIM4
1
21
22
SIM5
SIM1
SIM2
SIM3
SIM4
1
21
22
SIM5
SIM1
SIM2
SIM3
SIM4
1
21
22
SIM5
SIM1
SIM2
SIM3
SIM4
1
21
22
SIM5
SIM1
SIM2
SIM3
SIM4
1
21
22
SIM5
SIM1
SIM2
SIM3
SIM4
1
21
22
SIM5
SIM1
SIM2
SIM3
SIM4
1
21
22
SIM5
SIM1
SIM2
SIM3
SIM4
1
21
22
SIM5
SIM1
SIM2
SIM3
SIM4
1
21
22
SIM5
SIM1
SIM2
SIM3
SIM4
1
21
22
SIM5
SIM1
SIM2
SIM3
SIM4
1
21
22
SIM5
SIM1
SIM2
SIM3
SIM4
1
21
22
SIM5
SIM1
SIM2
SIM3
SIM4
1
21
22
SIM5
SIM1
SIM2
SIM3
SIM4
1
21
22
SIM5
SIM1
SIM2
SIM3
SIM4
1
21
22
SIM5
SIM1
SIM2
SIM3
SIM4
1
21
22
SIM5
SIM1
SIM2
SIM3
SIM4
1
21
22
SIM5
SIM1
SIM2
SIM3
SIM4
1
21
22
SIM5
SIM1
SIM2
SIM3
SIM4
1
21
22
SIM5
SIM1
SIM2
SIM3
SIM4
1
21
22
SIM5
SIM1
SIM2
SIM3
SIM4
1
21
22
SIM5
SIM1
SIM2
SIM3
SIM4
1
21
22
SIM5
SIM1
SIM2
SIM3
SIM4
1
21
22
SIM5
SIM1
SIM2
SIM3
SIM4
1
21
22
SIM5
SIM1
SIM2
SIM3
SIM4
1
21
22
SIM5
SIM1
SIM2
SIM3
SIM4
1
21
22
SIM5
SIM1
SIM2
SIM3
SIM4
1
21
22
SIM5
SIM1
SIM2
SIM3
SIM4
1
21
22
SIM5
SIM1
SIM2
SIM3
SIM4
1
21
22
SIM5
SIM1
SIM2
SIM3
SIM4
1
21
22
SIM5
SIM1
SIM2
SIM3
SIM4
1
21
22
SIM5
SIM1
SIM2
SIM3
SIM4
1
21
22
SIM5
SIM1
SIM2
SIM3
SIM4
1
21
22
SIM5
SIM1
SIM2
SIM3
SIM4
1
21
22
SIM5
SIM1
SIM2
SIM3
SIM4
1
21
22
SIM5
SIM1
SIM2
SIM3
SIM4
1
21
22
SIM5
SIM1
SIM2
SIM3
SIM4
1
21
22
SIM5
SIM1
SIM2
SIM3
SIM4
1
21
22
SIM5
SIM1
SIM2
SIM3
SIM4
1
21
22
SIM5
SIM1
SIM2
SIM3
SIM4
1
21
22
SIM5
SIM1
SIM2
SIM3
SIM4
1
21
22
SIM5
SIM1
SIM2
SIM3
SIM4
1
21
22
SIM5
SIM1
SIM2
SIM3
SIM4
1
21
22
SIM5
SIM1
SIM2
SIM3
SIM4
1
21
22
SIM5
SIM1
SIM2
SIM3
SIM4
1
21
22
SIM5
SIM1
SIM2
SIM3
SIM4
1
21
22
SIM5
SIM1
SIM2
SIM3
SIM4
1
21
22
SIM5
SIM1
SIM2
SIM3
SIM4
1
21
22
SIM5
SIM1
SIM2
SIM3
SIM4
1
21
22
SIM5
SIM1
SIM2
SIM3
SIM4
1
21
22
SIM5
SIM1
SIM2
SIM3
SIM4
1
21
22
SIM5
SIM1
SIM2
SIM3
SIM4
1
21
22
SIM5
SIM1
SIM2
SIM3
SIM4
1
21
22
SIM5
SIM1
SIM2
SIM3
SIM4
1
21
22
SIM5
SIM1
SIM2
SIM3
SIM4
1
21
22
SIM5
SIM1
SIM2
SIM3
SIM4
1
21
22
SIM5
SIM1
SIM2
SIM3
SIM4
1
21
22
SIM5
SIM1
SIM2
SIM3
SIM4
1
21
22
SIM5
SIM1
SIM2
SIM3
SIM4
1
21
22
SIM5
SIM1
SIM2
SIM3
SIM4
1
21
22
SIM5
SIM1
SIM2
SIM3
SIM4
1
21
22
SIM5
SIM1
SIM2
SIM3
SIM4
1
21
22
SIM5
SIM1
SIM2
SIM3
SIM4
1
21
22
SIM5
SIM1
SIM2
SIM3
SIM4
1
21
22
SIM5
SIM1
SIM2
SIM3
SIM4
1
21
22
SIM5
SIM1
SIM2
SIM3
SIM4
1
21
22
SIM5
SIM1
SIM2
SIM3
SIM4
1
21
22
SIM5
SIM1
SIM2
SIM3
SIM4
1
21
22
SIM5
SIM1
SIM2
SIM3
SIM4
1
21
22
SIM5
SIM1
SIM2
SIM3
SIM4
1
21
22
SIM5
SIM1
SIM2
SIM3
SIM4
1
21
22
SIM5
SIM1
SIM2
SIM3
SIM4
1
21
22
SIM5
SIM1
SIM2
SIM3
SIM4
1
21
22
SIM5
SIM1
SIM2
SIM3
SIM4
1
21
22
SIM5
SIM1
SIM2
SIM3
SIM4
1
21
22
SIM5
SIM1
SIM2
SIM3
SIM4
1
21
22
SIM5
SIM1
SIM2
SIM3
SIM4
1
21
22
SIM5
SIM1
SIM2
SIM3
SIM4
1
21
22
SIM5
SIM1
SIM2
SIM3
SIM4
1
21
22
SIM5
SIM1
SIM2
SIM3
SIM4
1
21
22
SIM5
SIM1
SIM2
SIM3
SIM4
1
21
22
SIM5
SIM1
SIM2
SIM3
SIM4
1
21
22
SIM5
SIM1
SIM2
SIM3
SIM4
1
21
22
SIM5
SIM1
SIM2
SIM3
SIM4
1
21
22
SIM5
SIM1
SIM2
SIM3
SIM4
1
21
22
SIM5
SIM1
SIM2
SIM3
SIM4
1
21
22
SIM5
SIM1
SIM2
SIM3
SIM4
1
21
22
SIM5
SIM1
SIM2
SIM3
SIM4
1
21
22
SIM5
SIM1
SIM2
SIM3
SIM4
1
21
22
SIM5
SIM1
SIM2
SIM3
SIM4
1
21
22
SIM5
SIM1
SIM2
SIM3
SIM4
1
21
22
SIM5
SIM1
SIM2
SIM3
SIM4
1
21
22
SIM5
SIM1
SIM2
SIM3
SIM4
1
21
22
SIM5
SIM1
SIM2
SIM3
SIM4
1
21
22
SIM5
SIM1
SIM2
SIM3
SIM4
1
21
22
SIM5
SIM1
SIM2
SIM3
SIM4
1
21
22
SIM5
SIM1
SIM2
SIM3
SIM4
1
21
22
SIM5
SIM1
SIM2
SIM3
SIM4
1
21
22
SIM5
SIM1
SIM2
SIM3
SIM4
1
21
22
SIM5
SIM1
SIM2
SIM3
SIM4
1
21
22
SIM5
SIM1
SIM2
SIM3
SIM4
1
21
22
SIM5
SIM1
SIM2
SIM3
SIM4
1
21
22
SIM5
SIM1
SIM2
SIM3
SIM4
1
21
22
SIM5
SIM1
SIM2
SIM3
SIM4
1
21
22
SIM5
SIM1
SIM2
SIM3
SIM4
1
21
22
SIM5
SIM1
SIM2
SIM3
SIM4
1
21
22
SIM5
SIM1
SIM2
SIM3
SIM4
1
21
22
SIM5
SIM1
SIM2
SIM3
SIM4
1
21
22
SIM5
SIM1
SIM2
SIM3
SIM4
1
21
22
SIM5
SIM1
SIM2
SIM3
SIM4
1
21
22
SIM5
SIM1
SIM2
SIM3
SIM4
1
21
22
SIM5
SIM1
SIM2
SIM3
SIM4
1
21
22
SIM5
SIM1
SIM2
SIM3
SIM4
1
21
22
SIM5
SIM1
SIM2
SIM3
SIM4
1
21
22
SIM5
SIM1
SIM2
SIM3
SIM4
1
21
22
SIM5
SIM1
SIM2
SIM3
SIM4
1
21
22
SIM5
SIM1
SIM2
SIM3
SIM4
1
21
22
SIM5
SIM1
SIM2
SIM3
SIM4
1
21
22
SIM5
SIM1
SIM2
SIM3
SIM4
1
21
22
SIM5
SIM1
SIM2
SIM3
SIM4
1
21
22
SIM5
SIM1
SIM2
SIM3
SIM4
1
21
22
SIM5
SIM1
SIM2
SIM3
SIM4
1
21
22
SIM5
SIM1
SIM2
SIM3
SIM4
1
21
22
SIM5
SIM1
SIM2
SIM3
SIM4
1
21
22
SIM5
SIM1
SIM2
SIM3
SIM4
1
21
22
SIM5
SIM1
SIM2
SIM3
SIM4
1
21
22
SIM5
SIM1
SIM2
SIM3
SIM4
1
21
22
SIM5
SIM1
SIM2
SIM3
SIM4
1
21
22
SIM5
SIM1
SIM2
SIM3
SIM4
1
21
22
SIM5
SIM1
SIM2
SIM3
SIM4
1
21
22
SIM5
SIM1
SIM2
SIM3
SIM4
1
21
22
SIM5
SIM1
SIM2
SIM3
SIM4
1
21
22
SIM5
SIM1
SIM2
SIM3
SIM4
1
21
22
SIM5
SIM1
SIM2
SIM3
SIM4
1
21
22
SIM5
SIM1
SIM2
SIM3
SIM4
1
21
22
SIM5
SIM1
SIM2
SIM3
SIM4
1
21
22
SIM5
SIM1
SIM2
SIM3
SIM4
1
21
22
SIM5
SIM1
SIM2
SIM3
SIM4
1
21
22
SIM5
SIM1
SIM2
SIM3
SIM4
1
21
22
SIM5
SIM1
SIM2
SIM3
SIM4
1
21
22
SIM5
SIM1
SIM2
SIM3
SIM4
1
21
22
SIM5
SIM1
SIM2
SIM3
SIM4
1
21
22
SIM5
SIM1
SIM2
SIM3
SIM4
1
21
22
SIM5
SIM1
SIM2
SIM3
SIM4
1
21
22
SIM5
SIM1
SIM2
SIM3
SIM4
1
21
22
SIM5
SIM1
SIM2
SIM3
SIM4
1
21
22
SIM5
SIM1
SIM2
SIM3
SIM4
1
21
22
SIM5
SIM1
SIM2
SIM3
SIM4
1
21
22
SIM5
SIM1
SIM2
SIM3
SIM4
1
21
22
SIM5
SIM1
SIM2
SIM3
SIM4
1
21
22
SIM5
SIM1
SIM2
SIM3
SIM4
1
21
22
SIM5
SIM1
SIM2
SIM3
SIM4
1
21
22
SIM5
SIM1
SIM2
SIM3
SIM4
1
21
22
SIM5
SIM1
SIM2
SIM3
SIM4
1
21
22
SIM5
SIM1
SIM2
SIM3
SIM4
1
21
22
SIM5
SIM1
SIM2
SIM3
SIM4
1
21
22
SIM5
SIM1
SIM2
DEBUG 1 589
SIM1
SIM2
SIM3
SIM4
1
21
22
SIM5
SIM1
SIM2
SIM3
SIM4
1
21
22
SIM5
SIM1
SIM2
SIM3
SIM4
1
21
22
SIM5
SIM1
SIM2
SIM3
SIM4
1
21
22
SIM5
SIM1
SIM2
SIM3
SIM4
1
21
22
SIM5
SIM1
SIM2
SIM3
SIM4
1
21
22
SIM5
SIM1
SIM2
SIM3
SIM4
1
21
22
SIM5
SIM1
SIM2
SIM3
SIM4
1
21
22
SIM5
SIM1
SIM2
SIM3
SIM4
1
21
22
SIM5
SIM1
SIM2
SIM3
SIM4
1
21
22
SIM5
SIM1
SIM2
SIM3
SIM4
1
21
22
SIM5
SIM1
SIM2
SIM3
SIM4
1
21
22
SIM5
SIM1
SIM2
SIM3
SIM4
1
21
22
SIM5
SIM1
SIM2
SIM3
SIM4
1
21
22
SIM5
SIM1
SIM2
SIM3
SIM4
1
21
22
SIM5
SIM1
SIM2
SIM3
SIM4
1
21
22
SIM5
SIM1
SIM2
SIM3
SIM4
1
21
22
SIM5
SIM1
SIM2
SIM3
SIM4
1
21
22
SIM5
SIM1
SIM2
SIM3
SIM4
1
21
22
SIM5
SIM1
SIM2
SIM3
SIM4
1
21
22
SIM5
SIM1
SIM2
SIM3
SIM4
1
21
22
SIM5
SIM1
SIM2
SIM3
SIM4
1
21
22
SIM5
SIM1
SIM2
SIM3
SIM4
1
21
22
SIM5
SIM1
SIM2
SIM3
SIM4
1
21
22
SIM5
SIM1
SIM2
SIM3
SIM4
1
21
22
SIM5
SIM1
SIM2
SIM3
SIM4
1
21
22
SIM5
SIM1
SIM2
SIM3
SIM4
1
21
22
SIM5
SIM1
SIM2
SIM3
SIM4
1
21
22
SIM5
SIM1
SIM2
SIM3
SIM4
1
21
22
SIM5
SIM1
SIM2
SIM3
SIM4
1
21
22
SIM5
SIM1
SIM2
SIM3
SIM4
1
21
22
SIM5
SIM1
SIM2
SIM3
SIM4
1
21
22
SIM5
SIM1
SIM2
SIM3
SIM4
1
21
22
SIM5
SIM1
SIM2
SIM3
SIM4
1
21
22
SIM5
SIM1
SIM2
SIM3
SIM4
1
21
22
SIM5
SIM1
SIM2
SIM3
SIM4
1
21
22
SIM5
SIM1
SIM2
SIM3
SIM4
1
21
22
SIM5
SIM1
SIM2
SIM3
SIM4
1
21
22
SIM5
SIM1
SIM2
SIM3
SIM4
1
21
22
SIM5
SIM1
SIM2
SIM3
SIM4
1
21
22
SIM5
SIM1
SIM2
SIM3
SIM4
1
21
22
SIM5
SIM1
SIM2
SIM3
SIM4
1
21
22
SIM5
SIM1
SIM2
SIM3
SIM4
1
21
22
SIM5
SIM1
SIM2
SIM3
SIM4
1
21
22
SIM5
SIM1
SIM2
SIM3
SIM4
1
21
22
SIM5
SIM1
SIM2
SIM3
SIM4
1
21
22
SIM5
SIM1
SIM2
SIM3
SIM4
1
21
22
SIM5
SIM1
SIM2
SIM3
SIM4
1
21
22
SIM5
SIM1
SIM2
SIM3
SIM4
1
21
22
SIM5
SIM1
SIM2
SIM3
SIM4
1
21
22
SIM5
SIM1
SIM2
SIM3
SIM4
1
21
22
SIM5
SIM1
SIM2
SIM3
SIM4
1
21
22
SIM5
SIM1
SIM2
SIM3
SIM4
1
21
22
SIM5
SIM1
SIM2
SIM3
SIM4
1
21
22
SIM5
SIM1
SIM2
SIM3
SIM4
1
21
22
SIM5
SIM1
SIM2
SIM3
SIM4
1
21
22
SIM5
SIM1
SIM2
SIM3
SIM4
1
21
22
SIM5
SIM1
SIM2
SIM3
SIM4
1
21
22
SIM5
SIM1
SIM2
SIM3
SIM4
1
21
22
SIM5
SIM1
SIM2
SIM3
SIM4
1
21
22
SIM5
SIM1
SIM2
SIM3
SIM4
1
21
22
SIM5
SIM1
SIM2
SIM3
SIM4
1
21
22
SIM5
SIM1
SIM2
SIM3
SIM4
1
21
22
SIM5
SIM1
SIM2
SIM3
SIM4
1
21
22
SIM5
SIM1
SIM2
SIM3
SIM4
1
21
22
SIM5
SIM1
SIM2
SIM3
SIM4
1
21
22
SIM5
SIM1
SIM2
SIM3
SIM4
1
21
22
SIM5
SIM1
SIM2
SIM3
SIM4
1
21
22
SIM5
SIM1
SIM2
SIM3
SIM4
1
21
22
SIM5
SIM1
SIM2
SIM3
SIM4
1
21
22
SIM5
SIM1
SIM2
SIM3
SIM4
1
21
22
SIM5
SIM1
SIM2
SIM3
SIM4
1
21
22
SIM5
SIM1
SIM2
SIM3
SIM4
1
21
22
SIM5
SIM1
SIM2
SIM3
SIM4
1
21
22
SIM5
SIM1
SIM2
SIM3
SIM4
1
21
22
SIM5
SIM1
SIM2
SIM3
SIM4
1
21
22
SIM5
SIM1
SIM2
SIM3
SIM4
1
21
22
SIM5
SIM1
SIM2
SIM3
SIM4
1
21
22
SIM5
SIM1
SIM2
SIM3
SIM4
1
21
22
SIM5
SIM1
SIM2
SIM3
SIM4
1
21
22
SIM5
SIM1
SIM2
SIM3
SIM4
1
21
22
SIM5
SIM1
SIM2
SIM3
SIM4
1
21
22
SIM5
SIM1
SIM2
SIM3
SIM4
1
21
22
SIM5
SIM1
SIM2
SIM3
SIM4
1
21
22
SIM5
SIM1
SIM2
SIM3
SIM4
1
21
22
SIM5
SIM1
SIM2
SIM3
SIM4
1
21
22
SIM5
SIM1
SIM2
SIM3
SIM4
1
21
22
SIM5
SIM1
SIM2
SIM3
SIM4
1
21
22
SIM5
SIM1
SIM2
SIM3
SIM4
1
21
22
SIM5
SIM1
SIM2
SIM3
SIM4
1
21
22
SIM5
SIM1
SIM2
SIM3
SIM4
1
21
22
SIM5
SIM1
SIM2
SIM3
SIM4
1
21
22
SIM5
SIM1
SIM2
SIM3
SIM4
1
21
22
SIM5
SIM1
SIM2
SIM3
SIM4
1
21
22
SIM5
SIM1
SIM2
SIM3
SIM4
1
21
22
SIM5
SIM1
SIM2
SIM3
SIM4
1
21
22
SIM5
SIM1
SIM2
SIM3
SIM4
1
21
22
SIM5
SIM1
SIM2
SIM3
SIM4
1
21
22
SIM5
SIM1
SIM2
SIM3
SIM4
1
21
22
SIM5
SIM1
SIM2
SIM3
SIM4
1
21
22
SIM5
SIM1
SIM2
SIM3
SIM4
1
21
22
SIM5
SIM1
SIM2
SIM3
SIM4
1
21
22
SIM5
SIM1
SIM2
SIM3
SIM4
1
21
22
SIM5
SIM1
SIM2
SIM3
SIM4
1
21
22
SIM5
SIM1
SIM2
SIM3
SIM4
1
21
22
SIM5
SIM1
SIM2
SIM3
SIM4
1
21
22
SIM5
SIM1
SIM2
SIM3
SIM4
1
21
22
SIM5
SIM1
SIM2
SIM3
SIM4
1
21
22
SIM5
SIM1
SIM2
SIM3
SIM4
1
21
22
SIM5
SIM1
SIM2
SIM3
SIM4
1
21
22
SIM5
SIM1
SIM2
SIM3
SIM4
1
21
22
SIM5
SIM1
SIM2
SIM3
SIM4
1
21
22
SIM5
SIM1
SIM2
SIM3
SIM4
1
21
22
SIM5
SIM1
SIM2
SIM3
SIM4
1
21
22
SIM5
SIM1
SIM2
SIM3
SIM4
1
21
22
SIM5
SIM1
SIM2
SIM3
SIM4
1
21
22
SIM5
SIM1
SIM2
SIM3
SIM4
1
21
22
SIM5
SIM1
SIM2
SIM3
SIM4
1
21
22
SIM5
SIM1
SIM2
SIM3
SIM4
1
21
22
SIM5
SIM1
SIM2
SIM3
SIM4
1
21
22
SIM5
SIM1
SIM2
SIM3
SIM4
1
21
22
SIM5
SIM1
SIM2
SIM3
SIM4
1
21
22
SIM5
SIM1
SIM2
SIM3
SIM4
1
21
22
SIM5
SIM1
SIM2
SIM3
SIM4
1
21
22
SIM5
SIM1
SIM2
SIM3
SIM4
1
21
22
SIM5
SIM1
SIM2
SIM3
SIM4
1
21
22
SIM5
SIM1
SIM2
SIM3
SIM4
1
21
22
SIM5
SIM1
SIM2
SIM3
SIM4
1
21
22
SIM5
SIM1
SIM2
SIM3
SIM4
1
21
22
SIM5
SIM1
SIM2
SIM3
SIM4
1
21
22
SIM5
SIM1
SIM2
SIM3
SIM4
1
21
22
SIM5
SIM1
SIM2
SIM3
SIM4
1
21
22
SIM5
SIM1
SIM2
SIM3
SIM4
1
21
22
SIM5
SIM1
SIM2
SIM3
SIM4
1
21
22
SIM5
SIM1
SIM2
SIM3
SIM4
1
21
22
SIM5
SIM1
SIM2
SIM3
SIM4
1
21
22
SIM5
SIM1
SIM2
SIM3
SIM4
1
21
22
SIM5
SIM1
SIM2
SIM3
SIM4
1
21
22
SIM5
SIM1
SIM2
SIM3
SIM4
1
21
22
SIM5
SIM1
SIM2
SIM3
SIM4
1
21
22
SIM5
SIM1
SIM2
SIM3
SIM4
1
21
22
SIM5
SIM1
SIM2
SIM3
SIM4
1
21
22
SIM5
SIM1
SIM2
SIM3
SIM4
1
21
22
SIM5
SIM1
SIM2
SIM3
SIM4
1
21
22
SIM5
SIM1
SIM2
SIM3
SIM4
1
21
22
SIM5
SIM1
SIM2
SIM3
SIM4
1
21
22
SIM5
SIM1
SIM2
SIM3
SIM4
1
21
22
SIM5
SIM1
SIM2
SIM3
SIM4
1
21
22
SIM5
SIM1
SIM2
SIM3
SIM4
1
21
22
SIM5
SIM1
SIM2
SIM3
SIM4
1
21
22
SIM5
SIM1
SIM2
SIM3
SIM4
1
21
22
SIM5
SIM1
SIM2
SIM3
SIM4
1
21
22
SIM5
SIM1
SIM2
SIM3
SIM4
1
21
22
SIM5
SIM1
SIM2
SIM3
SIM4
1
21
22
SIM5
SIM1
SIM2
SIM3
SIM4
1
21
22
SIM5
SIM1
SIM2
SIM3
SIM4
1
21
22
SIM5
SIM1
SIM2
SIM3
SIM4
1
21
22
SIM5
SIM1
SIM2
SIM3
SIM4
1
21
22
SIM5
SIM1
SIM2
SIM3
SIM4
1
21
22
SIM5
SIM1
SIM2
SIM3
SIM4
1
21
22
SIM5
SIM1
SIM2
SIM3
SIM4
1
21
22
SIM5
SIM1
SIM2
SIM3
SIM4
1
21
22
SIM5
SIM1
SIM2
SIM3
SIM4
1
21
22
SIM5
SIM1
SIM2
SIM3
SIM4
1
21
22
SIM5
SIM1
SIM2
SIM3
SIM4
1
21
22
SIM5
SIM1
SIM2
SIM3
SIM4
1
21
22
SIM5
SIM1
SIM2
SIM3
SIM4
1
21
22
SIM5
SIM1
SIM2
SIM3
SIM4
1
21
22
SIM5
SIM1
SIM2
SIM3
SIM4
1
21
22
SIM5
SIM1
SIM2
SIM3
SIM4
1
21
22
SIM5
SIM1
SIM2
SIM3
SIM4
1
21
22
SIM5
SIM1
SIM2
SIM3
SIM4
1
21
22
SIM5
SIM1
SIM2
SIM3
SIM4
1
21
22
SIM5
SIM1
SIM2
SIM3
SIM4
1
21
22
SIM5
SIM1
SIM2
SIM3
SIM4
1
21
22
SIM5
SIM1
SIM2
SIM3
SIM4
1
21
22
SIM5
SIM1
SIM2
SIM3
SIM4
1
21
22
SIM5
SIM1
SIM2
SIM3
SIM4
1
21
22
SIM5
SIM1
SIM2
SIM3
SIM4
1
21
22
SIM5
SIM1
SIM2
SIM3
SIM4
1
21
22
SIM5
SIM1
SIM2
SIM3
SIM4
1
21
22
SIM5
SIM1
SIM2
SIM3
SIM4
1
21
22
SIM5
SIM1
SIM2
SIM3
SIM4
1
21
22
SIM5
SIM1
SIM2
SIM3
SIM4
1
21
22
SIM5
SIM1
SIM2
SIM3
SIM4
1
21
22
SIM5
SIM1
SIM2
SIM3
SIM4
1
21
22
SIM5
SIM1
SIM2
SIM3
SIM4
1
21
22
SIM5
SIM1
SIM2
SIM3
SIM4
1
21
22
SIM5
SIM1
SIM2
SIM3
SIM4
1
21
22
SIM5
SIM1
SIM2
SIM3
SIM4
1
21
22
SIM5
SIM1
SIM2
SIM3
SIM4
1
21
22
SIM5
SIM1
SIM2
SIM3
SIM4
1
21
22
SIM5
SIM1
SIM2
SIM3
SIM4
1
21
22
SIM5
SIM1
SIM2
SIM3
SIM4
1
21
22
SIM5
SIM1
SIM2
SIM3
SIM4
1
21
22
SIM5
SIM1
SIM2
SIM3
SIM4
1
21
22
SIM5
SIM1
SIM2
SIM3
SIM4
1
21
22
SIM5
SIM1
SIM2
SIM3
SIM4
1
21
22
SIM5
SIM1
SIM2
SIM3
SIM4
1
21
22
SIM5
SIM1
SIM2
SIM3
SIM4
1
21
22
SIM5
SIM1
SIM2
SIM3
SIM4
1
21
22
SIM5
SIM1
SIM2
SIM3
SIM4
1
21
22
SIM5
SIM1
SIM2
SIM3
SIM4
1
21
22
SIM5
SIM1
SIM2
SIM3
SIM4
1
21
22
SIM5
SIM1
SIM2
SIM3
SIM4
1
21
22
SIM5
SIM1
SIM2
SIM3
SIM4
1
21
22
SIM5
SIM1
SIM2
DEBUG 1 590
SIM1
SIM2
SIM3
SIM4
1
21
22
SIM5
SIM1
SIM2
SIM3
SIM4
1
21
22
SIM5
SIM1
SIM2
SIM3
SIM4
1
21
22
SIM5
SIM1
SIM2
SIM3
SIM4
1
21
22
SIM5
SIM1
SIM2
SIM3
SIM4
1
21
22
SIM5
SIM1
SIM2
SIM3
SIM4
1
21
22
SIM5
SIM1
SIM2
SIM3
SIM4
1
21
22
SIM5
SIM1
SIM2
SIM3
SIM4
1
21
22
SIM5
SIM1
SIM2
SIM3
SIM4
1
21
22
SIM5
SIM1
SIM2
SIM3
SIM4
1
21
22
SIM5
SIM1
SIM2
SIM3
SIM4
1
21
22
SIM5
SIM1
SIM2
SIM3
SIM4
1
21
22
SIM5
SIM1
SIM2
SIM3
SIM4
1
21
22
SIM5
SIM1
SIM2
SIM3
SIM4
1
21
22
SIM5
SIM1
SIM2
SIM3
SIM4
1
21
22
SIM5
SIM1
SIM2
SIM3
SIM4
1
21
22
SIM5
SIM1
SIM2
SIM3
SIM4
1
21
22
SIM5
SIM1
SIM2
SIM3
SIM4
1
21
22
SIM5
SIM1
SIM2
SIM3
SIM4
1
21
22
SIM5
SIM1
SIM2
SIM3
SIM4
1
21
22
SIM5
SIM1
SIM2
SIM3
SIM4
1
21
22
SIM5
SIM1
SIM2
SIM3
SIM4
1
21
22
SIM5
SIM1
SIM2
SIM3
SIM4
1
21
22
SIM5
SIM1
SIM2
SIM3
SIM4
1
21
22
SIM5
SIM1
SIM2
SIM3
SIM4
1
21
22
SIM5
SIM1
SIM2
SIM3
SIM4
1
21
22
SIM5
SIM1
SIM2
SIM3
SIM4
1
21
22
SIM5
SIM1
SIM2
SIM3
SIM4
1
21
22
SIM5
SIM1
SIM2
SIM3
SIM4
1
21
22
SIM5
SIM1
SIM2
SIM3
SIM4
1
21
22
SIM5
SIM1
SIM2
SIM3
SIM4
1
21
22
SIM5
SIM1
SIM2
SIM3
SIM4
1
21
22
SIM5
SIM1
SIM2
SIM3
SIM4
1
21
22
SIM5
SIM1
SIM2
SIM3
SIM4
1
21
22
SIM5
SIM1
SIM2
SIM3
SIM4
1
21
22
SIM5
SIM1
SIM2
SIM3
SIM4
1
21
22
SIM5
SIM1
SIM2
SIM3
SIM4
1
21
22
SIM5
SIM1
SIM2
SIM3
SIM4
1
21
22
SIM5
SIM1
SIM2
SIM3
SIM4
1
21
22
SIM5
SIM1
SIM2
SIM3
SIM4
1
21
22
SIM5
SIM1
SIM2
SIM3
SIM4
1
21
22
SIM5
SIM1
SIM2
SIM3
SIM4
1
21
22
SIM5
SIM1
SIM2
SIM3
SIM4
1
21
22
SIM5
SIM1
SIM2
SIM3
SIM4
1
21
22
SIM5
SIM1
SIM2
SIM3
SIM4
1
21
22
SIM5
SIM1
SIM2
SIM3
SIM4
1
21
22
SIM5
SIM1
SIM2
SIM3
SIM4
1
21
22
SIM5
SIM1
SIM2
SIM3
SIM4
1
21
22
SIM5
SIM1
SIM2
SIM3
SIM4
1
21
22
SIM5
SIM1
SIM2
SIM3
SIM4
1
21
22
SIM5
SIM1
SIM2
SIM3
SIM4
1
21
22
SIM5
SIM1
SIM2
SIM3
SIM4
1
21
22
SIM5
SIM1
SIM2
SIM3
SIM4
1
21
22
SIM5
SIM1
SIM2
SIM3
SIM4
1
21
22
SIM5
SIM1
SIM2
SIM3
SIM4
1
21
22
SIM5
SIM1
SIM2
SIM3
SIM4
1
21
22
SIM5
SIM1
SIM2
SIM3
SIM4
1
21
22
SIM5
SIM1
SIM2
SIM3
SIM4
1
21
22
SIM5
SIM1
SIM2
SIM3
SIM4
1
21
22
SIM5
SIM1
SIM2
SIM3
SIM4
1
21
22
SIM5
SIM1
SIM2
SIM3
SIM4
1
21
22
SIM5
SIM1
SIM2
SIM3
SIM4
1
21
22
SIM5
SIM1
SIM2
SIM3
SIM4
1
21
22
SIM5
SIM1
SIM2
SIM3
SIM4
1
21
22
SIM5
SIM1
SIM2
SIM3
SIM4
1
21
22
SIM5
SIM1
SIM2
SIM3
SIM4
1
21
22
SIM5
SIM1
SIM2
SIM3
SIM4
1
21
22
SIM5
SIM1
SIM2
SIM3
SIM4
1
21
22
SIM5
SIM1
SIM2
SIM3
SIM4
1
21
22
SIM5
SIM1
SIM2
SIM3
SIM4
1
21
22
SIM5
SIM1
SIM2
SIM3
SIM4
1
21
22
SIM5
SIM1
SIM2
SIM3
SIM4
1
21
22
SIM5
SIM1
SIM2
SIM3
SIM4
1
21
22
SIM5
SIM1
SIM2
SIM3
SIM4
1
21
22
SIM5
SIM1
SIM2
SIM3
SIM4
1
21
22
SIM5
SIM1
SIM2
SIM3
SIM4
1
21
22
SIM5
SIM1
SIM2
SIM3
SIM4
1
21
22
SIM5
SIM1
SIM2
SIM3
SIM4
1
21
22
SIM5
SIM1
SIM2
SIM3
SIM4
1
21
22
SIM5
SIM1
SIM2
SIM3
SIM4
1
21
22
SIM5
SIM1
SIM2
SIM3
SIM4
1
21
22
SIM5
SIM1
SIM2
SIM3
SIM4
1
21
22
SIM5
SIM1
SIM2
SIM3
SIM4
1
21
22
SIM5
SIM1
SIM2
SIM3
SIM4
1
21
22
SIM5
SIM1
SIM2
SIM3
SIM4
1
21
22
SIM5
SIM1
SIM2
SIM3
SIM4
1
21
22
SIM5
SIM1
SIM2
SIM3
SIM4
1
21
22
SIM5
SIM1
SIM2
SIM3
SIM4
1
21
22
SIM5
SIM1
SIM2
SIM3
SIM4
1
21
22
SIM5
SIM1
SIM2
SIM3
SIM4
1
21
22
SIM5
SIM1
SIM2
SIM3
SIM4
1
21
22
SIM5
SIM1
SIM2
SIM3
SIM4
1
21
22
SIM5
SIM1
SIM2
SIM3
SIM4
1
21
22
SIM5
SIM1
SIM2
SIM3
SIM4
1
21
22
SIM5
SIM1
SIM2
SIM3
SIM4
1
21
22
SIM5
SIM1
SIM2
SIM3
SIM4
1
21
22
SIM5
SIM1
SIM2
SIM3
SIM4
1
21
22
SIM5
SIM1
SIM2
SIM3
SIM4
1
21
22
SIM5
SIM1
SIM2
SIM3
SIM4
1
21
22
SIM5
SIM1
SIM2
DEBUG 1 591
SIM1
SIM2
SIM3
SIM4
1
21
22
SIM5
SIM1
SIM2
SIM3
SIM4
1
21
22
SIM5
SIM1
SIM2
SIM3
SIM4
1
21
22
SIM5
SIM1
SIM2
SIM3
SIM4
1
21
22
SIM5
SIM1
SIM2
SIM3
SIM4
1
21
22
SIM5
SIM1
SIM2
SIM3
SIM4
1
21
22
SIM5
SIM1
SIM2
SIM3
SIM4
1
21
22
SIM5
SIM1
SIM2
SIM3
SIM4
1
21
22
SIM5
SIM1
SIM2
SIM3
SIM4
1
21
22
SIM5
SIM1
SIM2
SIM3
SIM4
1
21
22
SIM5
SIM1
SIM2
SIM3
SIM4
1
21
22
SIM5
SIM1
SIM2
SIM3
SIM4
1
21
22
SIM5
SIM1
SIM2
SIM3
SIM4
1
21
22
SIM5
SIM1
SIM2
SIM3
SIM4
1
21
22
SIM5
SIM1
SIM2
SIM3
SIM4
1
21
22
SIM5
SIM1
SIM2
SIM3
SIM4
1
21
22
SIM5
SIM1
SIM2
SIM3
SIM4
1
21
22
SIM5
SIM1
SIM2
SIM3
SIM4
1
21
22
SIM5
SIM1
SIM2
SIM3
SIM4
1
21
22
SIM5
SIM1
SIM2
SIM3
SIM4
1
21
22
SIM5
SIM1
SIM2
SIM3
SIM4
1
21
22
SIM5
SIM1
SIM2
SIM3
SIM4
1
21
22
SIM5
SIM1
SIM2
SIM3
SIM4
1
21
22
SIM5
SIM1
SIM2
SIM3
SIM4
1
21
22
SIM5
SIM1
SIM2
SIM3
SIM4
1
21
22
SIM5
SIM1
SIM2
SIM3
SIM4
1
21
22
SIM5
SIM1
SIM2
SIM3
SIM4
1
21
22
SIM5
SIM1
SIM2
SIM3
SIM4
1
21
22
SIM5
SIM1
SIM2
SIM3
SIM4
1
21
22
SIM5
SIM1
SIM2
SIM3
SIM4
1
21
22
SIM5
SIM1
SIM2
SIM3
SIM4
1
21
22
SIM5
SIM1
SIM2
SIM3
SIM4
1
21
22
SIM5
SIM1
SIM2
SIM3
SIM4
1
21
22
SIM5
SIM1
SIM2
SIM3
SIM4
1
21
22
SIM5
SIM1
SIM2
SIM3
SIM4
1
21
22
SIM5
SIM1
SIM2
SIM3
SIM4
1
21
22
SIM5
SIM1
SIM2
SIM3
SIM4
1
21
22
SIM5
SIM1
SIM2
SIM3
SIM4
1
21
22
SIM5
SIM1
SIM2
SIM3
SIM4
1
21
22
SIM5
SIM1
SIM2
SIM3
SIM4
1
21
22
SIM5
SIM1
SIM2
SIM3
SIM4
1
21
22
SIM5
SIM1
SIM2
SIM3
SIM4
1
21
22
SIM5
SIM1
SIM2
SIM3
SIM4
1
21
22
SIM5
SIM1
SIM2
SIM3
SIM4
1
21
22
SIM5
SIM1
SIM2
SIM3
SIM4
1
21
22
SIM5
SIM1
SIM2
SIM3
SIM4
1
21
22
SIM5
SIM1
SIM2
SIM3
SIM4
1
21
22
SIM5
SIM1
SIM2
SIM3
SIM4
1
21
22
SIM5
SIM1
SIM2
SIM3
SIM4
1
21
22
SIM5
SIM1
SIM2
SIM3
SIM4
1
21
22
SIM5
SIM1
SIM2
SIM3
SIM4
1
21
22
SIM5
SIM1
SIM2
SIM3
SIM4
1
21
22
SIM5
SIM1
SIM2
SIM3
SIM4
1
21
22
SIM5
SIM1
SIM2
SIM3
SIM4
1
21
22
SIM5
SIM1
SIM2
SIM3
SIM4
1
21
22
SIM5
SIM1
SIM2
SIM3
SIM4
1
21
22
SIM5
SIM1
SIM2
SIM3
SIM4
1
21
22
SIM5
SIM1
SIM2
SIM3
SIM4
1
21
22
SIM5
SIM1
SIM2
SIM3
SIM4
1
21
22
SIM5
SIM1
SIM2
SIM3
SIM4
1
21
22
SIM5
SIM1
SIM2
SIM3
SIM4
1
21
22
SIM5
SIM1
SIM2
SIM3
SIM4
1
21
22
SIM5
SIM1
SIM2
SIM3
SIM4
1
21
22
SIM5
SIM1
SIM2
SIM3
SIM4
1
21
22
SIM5
SIM1
SIM2
SIM3
SIM4
1
21
22
SIM5
SIM1
SIM2
SIM3
SIM4
1
21
22
SIM5
SIM1
SIM2
SIM3
SIM4
1
21
22
SIM5
SIM1
SIM2
SIM3
SIM4
1
21
22
SIM5
SIM1
SIM2
SIM3
SIM4
1
21
22
SIM5
SIM1
SIM2
SIM3
SIM4
1
21
22
SIM5
SIM1
SIM2
SIM3
SIM4
1
21
22
SIM5
SIM1
SIM2
SIM3
SIM4
1
21
22
SIM5
SIM1
SIM2
SIM3
SIM4
1
21
22
SIM5
SIM1
SIM2
SIM3
SIM4
1
21
22
SIM5
SIM1
SIM2
SIM3
SIM4
1
21
22
SIM5
SIM1
SIM2
SIM3
SIM4
1
21
22
SIM5
SIM1
SIM2
SIM3
SIM4
1
21
22
SIM5
SIM1
SIM2
SIM3
SIM4
1
21
22
SIM5
SIM1
SIM2
SIM3
SIM4
1
21
22
SIM5
SIM1
SIM2
SIM3
SIM4
1
21
22
SIM5
SIM1
SIM2
SIM3
SIM4
1
21
22
SIM5
SIM1
SIM2
SIM3
SIM4
1
21
22
SIM5
SIM1
SIM2
SIM3
SIM4
1
21
22
SIM5
SIM1
SIM2
SIM3
SIM4
1
21
22
SIM5
SIM1
SIM2
SIM3
SIM4
1
21
22
SIM5
SIM1
SIM2
SIM3
SIM4
1
21
22
SIM5
SIM1
SIM2
SIM3
SIM4
1
21
22
SIM5
SIM1
SIM2
SIM3
SIM4
1
21
22
SIM5
SIM1
SIM2
SIM3
SIM4
1
21
22
SIM5
SIM1
SIM2
SIM3
SIM4
1
21
22
SIM5
SIM1
SIM2
SIM3
SIM4
1
21
22
SIM5
SIM1
SIM2
SIM3
SIM4
1
21
22
SIM5
SIM1
SIM2
SIM3
SIM4
1
21
22
SIM5
SIM1
SIM2
SIM3
SIM4
1
21
22
SIM5
SIM1
SIM2
SIM3
SIM4
1
21
22
SIM5
SIM1
SIM2
SIM3
SIM4
1
21
22
SIM5
SIM1
SIM2
SIM3
SIM4
1
21
22
SIM5
SIM1
SIM2
SIM3
SIM4
1
21
22
SIM5
SIM1
SIM2
SIM3
SIM4
1
21
22
SIM5
SIM1
SIM2
SIM3
SIM4
1
21
22
SIM5
SIM1
SIM2
SIM3
SIM4
1
21
22
SIM5
SIM1
SIM2
SIM3
SIM4
1
21
22
SIM5
SIM1
SIM2
SIM3
SIM4
1
21
22
SIM5
SIM1
SIM2
SIM3
SIM4
1
21
22
SIM5
SIM1
SIM2
SIM3
SIM4
1
21
22
SIM5
SIM1
SIM2
SIM3
SIM4
1
21
22
SIM5
SIM1
SIM2
SIM3
SIM4
1
21
22
SIM5
SIM1
SIM2
SIM3
SIM4
1
21
22
SIM5
SIM1
SIM2
SIM3
SIM4
1
21
22
SIM5
SIM1
SIM2
SIM3
SIM4
1
21
22
SIM5
SIM1
SIM2
SIM3
SIM4
1
21
22
SIM5
SIM1
SIM2
SIM3
SIM4
1
21
22
SIM5
SIM1
SIM2
SIM3
SIM4
1
21
22
SIM5
SIM1
SIM2
SIM3
SIM4
1
21
22
SIM5
SIM1
SIM2
SIM3
SIM4
1
21
22
SIM5
SIM1
SIM2
SIM3
SIM4
1
21
22
SIM5
SIM1
SIM2
SIM3
SIM4
1
21
22
SIM5
SIM1
SIM2
SIM3
SIM4
1
21
22
SIM5
SIM1
SIM2
SIM3
SIM4
1
21
22
SIM5
SIM1
SIM2
SIM3
SIM4
1
21
22
SIM5
SIM1
SIM2
SIM3
SIM4
1
21
22
SIM5
SIM1
SIM2
SIM3
SIM4
1
21
22
SIM5
SIM1
SIM2
SIM3
SIM4
1
21
22
SIM5
SIM1
SIM2
SIM3
SIM4
1
21
22
SIM5
SIM1
SIM2
SIM3
SIM4
1
21
22
SIM5
SIM1
SIM2
SIM3
SIM4
1
21
22
SIM5
SIM1
SIM2
SIM3
SIM4
1
21
22
SIM5
SIM1
SIM2
SIM3
SIM4
1
21
22
SIM5
SIM1
SIM2
SIM3
SIM4
1
21
22
SIM5
SIM1
SIM2
SIM3
SIM4
1
21
22
SIM5
SIM1
SIM2
SIM3
SIM4
1
21
22
SIM5
SIM1
SIM2
SIM3
SIM4
1
21
22
SIM5
SIM1
SIM2
SIM3
SIM4
1
21
22
SIM5
SIM1
SIM2
SIM3
SIM4
1
21
22
SIM5
SIM1
SIM2
SIM3
SIM4
1
21
22
SIM5
SIM1
SIM2
SIM3
SIM4
1
21
22
SIM5
SIM1
SIM2
SIM3
SIM4
1
21
22
SIM5
SIM1
SIM2
SIM3
SIM4
1
21
22
SIM5
SIM1
SIM2
SIM3
SIM4
1
21
22
SIM5
SIM1
SIM2
SIM3
SIM4
1
21
22
SIM5
SIM1
SIM2
SIM3
SIM4
1
21
22
SIM5
SIM1
SIM2
SIM3
SIM4
1
21
22
SIM5
SIM1
SIM2
SIM3
SIM4
1
21
22
SIM5
SIM1
SIM2
SIM3
SIM4
1
21
22
SIM5
SIM1
SIM2
SIM3
SIM4
1
21
22
SIM5
SIM1
SIM2
SIM3
SIM4
1
21
22
SIM5
SIM1
SIM2
SIM3
SIM4
1
21
22
SIM5
SIM1
SIM2
SIM3
SIM4
1
21
22
SIM5
SIM1
SIM2
SIM3
SIM4
1
21
22
SIM5
SIM1
SIM2
SIM3
SIM4
1
21
22
SIM5
SIM1
SIM2
SIM3
SIM4
1
21
22
SIM5
SIM1
SIM2
SIM3
SIM4
1
21
22
SIM5
SIM1
SIM2
SIM3
SIM4
1
21
22
SIM5
SIM1
SIM2
SIM3
SIM4
1
21
22
SIM5
SIM1
SIM2
SIM3
SIM4
1
21
22
SIM5
SIM1
SIM2
SIM3
SIM4
1
21
22
SIM5
SIM1
SIM2
DEBUG 1 592
SIM1
SIM2
SIM3
SIM4
1
21
22
SIM5
SIM1
SIM2
SIM3
SIM4
1
21
22
SIM5
SIM1
SIM2
SIM3
SIM4
1
21
22
SIM5
SIM1
SIM2
SIM3
SIM4
1
21
22
SIM5
SIM1
SIM2
SIM3
SIM4
1
21
22
SIM5
SIM1
SIM2
SIM3
SIM4
1
21
22
SIM5
SIM1
SIM2
SIM3
SIM4
1
21
22
SIM5
SIM1
SIM2
SIM3
SIM4
1
21
22
SIM5
SIM1
SIM2
SIM3
SIM4
1
21
22
SIM5
SIM1
SIM2
SIM3
SIM4
1
21
22
SIM5
SIM1
SIM2
SIM3
SIM4
1
21
22
SIM5
SIM1
SIM2
SIM3
SIM4
1
21
22
SIM5
SIM1
SIM2
SIM3
SIM4
1
21
22
SIM5
SIM1
SIM2
SIM3
SIM4
1
21
22
SIM5
SIM1
SIM2
SIM3
SIM4
1
21
22
SIM5
SIM1
SIM2
SIM3
SIM4
1
21
22
SIM5
SIM1
SIM2
SIM3
SIM4
1
21
22
SIM5
SIM1
SIM2
SIM3
SIM4
1
21
22
SIM5
SIM1
SIM2
SIM3
SIM4
1
21
22
SIM5
SIM1
SIM2
SIM3
SIM4
1
21
22
SIM5
SIM1
SIM2
SIM3
SIM4
1
21
22
SIM5
SIM1
SIM2
SIM3
SIM4
1
21
22
SIM5
SIM1
SIM2
SIM3
SIM4
1
21
22
SIM5
SIM1
SIM2
SIM3
SIM4
1
21
22
SIM5
SIM1
SIM2
SIM3
SIM4
1
21
22
SIM5
SIM1
SIM2
SIM3
SIM4
1
21
22
SIM5
SIM1
SIM2
SIM3
SIM4
1
21
22
SIM5
SIM1
SIM2
SIM3
SIM4
1
21
22
SIM5
SIM1
SIM2
SIM3
SIM4
1
21
22
SIM5
SIM1
SIM2
SIM3
SIM4
1
21
22
SIM5
SIM1
SIM2
SIM3
SIM4
1
21
22
SIM5
SIM1
SIM2
SIM3
SIM4
1
21
22
SIM5
SIM1
SIM2
SIM3
SIM4
1
21
22
SIM5
SIM1
SIM2
SIM3
SIM4
1
21
22
SIM5
SIM1
SIM2
SIM3
SIM4
1
21
22
SIM5
SIM1
SIM2
SIM3
SIM4
1
21
22
SIM5
SIM1
SIM2
SIM3
SIM4
1
21
22
SIM5
SIM1
SIM2
SIM3
SIM4
1
21
22
SIM5
SIM1
SIM2
SIM3
SIM4
1
21
22
SIM5
SIM1
SIM2
SIM3
SIM4
1
21
22
SIM5
SIM1
SIM2
SIM3
SIM4
1
21
22
SIM5
SIM1
SIM2
SIM3
SIM4
1
21
22
SIM5
SIM1
SIM2
SIM3
SIM4
1
21
22
SIM5
SIM1
SIM2
SIM3
SIM4
1
21
22
SIM5
SIM1
SIM2
SIM3
SIM4
1
21
22
SIM5
SIM1
SIM2
SIM3
SIM4
1
21
22
SIM5
SIM1
SIM2
SIM3
SIM4
1
21
22
SIM5
SIM1
SIM2
SIM3
SIM4
1
21
22
SIM5
SIM1
SIM2
SIM3
SIM4
1
21
22
SIM5
SIM1
SIM2
SIM3
SIM4
1
21
22
SIM5
SIM1
SIM2
SIM3
SIM4
1
21
22
SIM5
SIM1
SIM2
SIM3
SIM4
1
21
22
SIM5
SIM1
SIM2
SIM3
SIM4
1
21
22
SIM5
SIM1
SIM2
SIM3
SIM4
1
21
22
SIM5
SIM1
SIM2
SIM3
SIM4
1
21
22
SIM5
SIM1
SIM2
SIM3
SIM4
1
21
22
SIM5
SIM1
SIM2
SIM3
SIM4
1
21
22
SIM5
SIM1
SIM2
SIM3
SIM4
1
21
22
SIM5
SIM1
SIM2
SIM3
SIM4
1
21
22
SIM5
SIM1
SIM2
SIM3
SIM4
1
21
22
SIM5
SIM1
SIM2
SIM3
SIM4
1
21
22
SIM5
SIM1
SIM2
SIM3
SIM4
1
21
22
SIM5
SIM1
SIM2
SIM3
SIM4
1
21
22
SIM5
SIM1
SIM2
SIM3
SIM4
1
21
22
SIM5
SIM1
SIM2
SIM3
SIM4
1
21
22
SIM5
SIM1
SIM2
SIM3
SIM4
1
21
22
SIM5
SIM1
SIM2
SIM3
SIM4
1
21
22
SIM5
SIM1
SIM2
SIM3
SIM4
1
21
22
SIM5
SIM1
SIM2
SIM3
SIM4
1
21
22
SIM5
SIM1
SIM2
SIM3
SIM4
1
21
22
SIM5
SIM1
SIM2
SIM3
SIM4
1
21
22
SIM5
SIM1
SIM2
SIM3
SIM4
1
21
22
SIM5
SIM1
SIM2
SIM3
SIM4
1
21
22
SIM5
SIM1
SIM2
SIM3
SIM4
1
21
22
SIM5
SIM1
SIM2
SIM3
SIM4
1
21
22
SIM5
SIM1
SIM2
SIM3
SIM4
1
21
22
SIM5
SIM1
SIM2
SIM3
SIM4
1
21
22
SIM5
SIM1
SIM2
SIM3
SIM4
1
21
22
SIM5
SIM1
SIM2
SIM3
SIM4
1
21
22
SIM5
SIM1
SIM2
SIM3
SIM4
1
21
22
SIM5
SIM1
SIM2
SIM3
SIM4
1
21
22
SIM5
SIM1
SIM2
SIM3
SIM4
1
21
22
SIM5
SIM1
SIM2
SIM3
SIM4
1
21
22
SIM5
SIM1
SIM2
SIM3
SIM4
1
21
22
SIM5
SIM1
SIM2
SIM3
SIM4
1
21
22
SIM5
SIM1
SIM2
SIM3
SIM4
1
21
22
SIM5
SIM1
SIM2
SIM3
SIM4
1
21
22
SIM5
SIM1
SIM2
SIM3
SIM4
1
21
22
SIM5
SIM1
SIM2
SIM3
SIM4
1
21
22
SIM5
SIM1
SIM2
SIM3
SIM4
1
21
22
SIM5
SIM1
SIM2
SIM3
SIM4
1
21
22
SIM5
SIM1
SIM2
SIM3
SIM4
1
21
22
SIM5
SIM1
SIM2
SIM3
SIM4
1
21
22
SIM5
SIM1
SIM2
SIM3
SIM4
1
21
22
SIM5
SIM1
SIM2
SIM3
SIM4
1
21
22
SIM5
SIM1
SIM2
SIM3
SIM4
1
21
22
SIM5
SIM1
SIM2
SIM3
SIM4
1
21
22
SIM5
SIM1
SIM2
SIM3
SIM4
1
21
22
SIM5
SIM1
SIM2
SIM3
SIM4
1
21
22
SIM5
SIM1
SIM2
SIM3
SIM4
1
21
22
SIM5
SIM1
SIM2
SIM3
SIM4
1
21
22
SIM5
SIM1
SIM2
SIM3
SIM4
1
21
22
SIM5
SIM1
SIM2
SIM3
SIM4
1
21
22
SIM5
SIM1
SIM2
SIM3
SIM4
1
21
22
SIM5
SIM1
SIM2
SIM3
SIM4
1
21
22
SIM5
SIM1
SIM2
SIM3
SIM4
1
21
22
SIM5
SIM1
SIM2
SIM3
SIM4
1
21
22
SIM5
SIM1
SIM2
SIM3
SIM4
1
21
22
SIM5
SIM1
SIM2
SIM3
SIM4
1
21
22
SIM5
SIM1
SIM2
SIM3
SIM4
1
21
22
SIM5
SIM1
SIM2
SIM3
SIM4
1
21
22
SIM5
SIM1
SIM2
SIM3
SIM4
1
21
22
SIM5
SIM1
SIM2
SIM3
SIM4
1
21
22
SIM5
SIM1
SIM2
SIM3
SIM4
1
21
22
SIM5
SIM1
SIM2
SIM3
SIM4
1
21
22
SIM5
SIM1
SIM2
SIM3
SIM4
1
21
22
SIM5
SIM1
SIM2
SIM3
SIM4
1
21
22
SIM5
SIM1
SIM2
SIM3
SIM4
1
21
22
SIM5
SIM1
SIM2
SIM3
SIM4
1
21
22
SIM5
SIM1
SIM2
SIM3
SIM4
1
21
22
SIM5
SIM1
SIM2
SIM3
SIM4
1
21
22
SIM5
SIM1
SIM2
SIM3
SIM4
1
21
22
SIM5
SIM1
SIM2
SIM3
SIM4
1
21
22
SIM5
SIM1
SIM2
SIM3
SIM4
1
21
22
SIM5
SIM1
SIM2
SIM3
SIM4
1
21
22
SIM5
SIM1
SIM2
SIM3
SIM4
1
21
22
SIM5
SIM1
SIM2
SIM3
SIM4
1
21
22
SIM5
SIM1
SIM2
SIM3
SIM4
1
21
22
SIM5
SIM1
SIM2
SIM3
SIM4
1
21
22
SIM5
SIM1
SIM2
SIM3
SIM4
1
21
22
SIM5
SIM1
SIM2
SIM3
SIM4
1
21
22
SIM5
SIM1
SIM2
SIM3
SIM4
1
21
22
SIM5
SIM1
SIM2
SIM3
SIM4
1
21
22
SIM5
SIM1
SIM2
SIM3
SIM4
1
21
22
SIM5
SIM1
SIM2
SIM3
SIM4
1
21
22
SIM5
SIM1
SIM2
SIM3
SIM4
1
21
22
SIM5
SIM1
SIM2
SIM3
SIM4
1
21
22
SIM5
SIM1
SIM2
SIM3
SIM4
1
21
22
SIM5
SIM1
SIM2
SIM3
SIM4
1
21
22
SIM5
SIM1
SIM2
SIM3
SIM4
1
21
22
SIM5
SIM1
SIM2
SIM3
SIM4
1
21
22
SIM5
SIM1
SIM2
SIM3
SIM4
1
21
22
SIM5
SIM1
SIM2
SIM3
SIM4
1
21
22
SIM5
SIM1
SIM2
SIM3
SIM4
1
21
22
SIM5
SIM1
SIM2
SIM3
SIM4
1
21
22
SIM5
SIM1
SIM2
SIM3
SIM4
1
21
22
SIM5
SIM1
SIM2
SIM3
SIM4
1
21
22
SIM5
SIM1
SIM2
SIM3
SIM4
1
21
22
SIM5
SIM1
SIM2
SIM3
SIM4
1
21
22
SIM5
SIM1
SIM2
SIM3
SIM4
1
21
22
SIM5
SIM1
SIM2
SIM3
SIM4
1
21
22
SIM5
SIM1
SIM2
SIM3
SIM4
1
21
22
SIM5
SIM1
SIM2
SIM3
SIM4
1
21
22
SIM5
SIM1
SIM2
SIM3
SIM4
1
21
22
SIM5
SIM1
SIM2
SIM3
SIM4
1
21
22
SIM5
SIM1
SIM2
SIM3
SIM4
1
21
22
SIM5
SIM1
SIM2
SIM3
SIM4
1
21
22
SIM5
SIM1
SIM2
SIM3
SIM4
1
21
22
SIM5
SIM1
SIM2
SIM3
SIM4
1
21
22
SIM5
SIM1
SIM2
SIM3
SIM4
1
21
22
SIM5
SIM1
SIM2
SIM3
SIM4
1
21
22
SIM5
SIM1
SIM2
SIM3
SIM4
1
21
22
SIM5
SIM1
SIM2
SIM3
SIM4
1
21
22
SIM5
SIM1
SIM2
SIM3
SIM4
1
21
22
SIM5
SIM1
SIM2
SIM3
SIM4
1
21
22
SIM5
SIM1
SIM2
SIM3
SIM4
1
21
22
SIM5
SIM1
SIM2
SIM3
SIM4
1
21
22
SIM5
SIM1
SIM2
SIM3
SIM4
1
21
22
SIM5
SIM1
SIM2
SIM3
SIM4
1
21
22
SIM5
SIM1
SIM2
SIM3
SIM4
1
21
22
SIM5
SIM1
SIM2
SIM3
SIM4
1
21
22
SIM5
SIM1
SIM2
SIM3
SIM4
1
21
22
SIM5
SIM1
SIM2
SIM3
SIM4
1
21
22
SIM5
SIM1
SIM2
SIM3
SIM4
1
21
22
SIM5
SIM1
SIM2
SIM3
SIM4
1
21
22
SIM5
SIM1
SIM2
SIM3
SIM4
1
21
22
SIM5
SIM1
SIM2
SIM3
SIM4
1
21
22
SIM5
SIM1
SIM2
SIM3
SIM4
1
21
22
SIM5
SIM1
SIM2
SIM3
SIM4
1
21
22
SIM5
SIM1
SIM2
SIM3
SIM4
1
21
22
SIM5
SIM1
SIM2
SIM3
SIM4
1
21
22
SIM5
SIM1
SIM2
SIM3
SIM4
1
21
22
SIM5
SIM1
SIM2
SIM3
SIM4
1
21
22
SIM5
SIM1
SIM2
SIM3
SIM4
1
21
22
SIM5
SIM1
SIM2
SIM3
SIM4
1
21
22
SIM5
SIM1
SIM2
SIM3
SIM4
1
21
22
SIM5
SIM1
SIM2
SIM3
SIM4
1
21
22
SIM5
SIM1
SIM2
SIM3
SIM4
1
21
22
SIM5
SIM1
SIM2
SIM3
SIM4
1
21
22
SIM5
SIM1
SIM2
SIM3
SIM4
1
21
22
SIM5
SIM1
SIM2
SIM3
SIM4
1
21
22
SIM5
SIM1
SIM2
SIM3
SIM4
1
21
22
SIM5
SIM1
SIM2
SIM3
SIM4
1
21
22
SIM5
SIM1
SIM2
SIM3
SIM4
1
21
22
SIM5
SIM1
SIM2
SIM3
SIM4
1
21
22
SIM5
SIM1
SIM2
SIM3
SIM4
1
21
22
SIM5
SIM1
SIM2
SIM3
SIM4
1
21
22
SIM5
SIM1
SIM2
SIM3
SIM4
1
21
22
SIM5
SIM1
SIM2
SIM3
SIM4
1
21
22
SIM5
SIM1
SIM2
SIM3
SIM4
1
21
22
SIM5
SIM1
SIM2
SIM3
SIM4
1
21
22
SIM5
SIM1
SIM2
SIM3
SIM4
1
21
22
SIM5
SIM1
SIM2
SIM3
SIM4
1
21
22
SIM5
SIM1
SIM2
SIM3
SIM4
1
21
22
SIM5
SIM1
SIM2
SIM3
SIM4
1
21
22
SIM5
SIM1
SIM2
SIM3
SIM4
1
21
22
SIM5
SIM1
SIM2
SIM3
SIM4
1
21
22
SIM5
SIM1
SIM2
SIM3
SIM4
1
21
22
SIM5
SIM1
SIM2
SIM3
SIM4
1
21
22
SIM5
SIM1
SIM2
SIM3
SIM4
1
21
22
SIM5
SIM1
SIM2
SIM3
SIM4
1
21
22
SIM5
SIM1
SIM2
SIM3
SIM4
1
21
22
SIM5
SIM1
SIM2
SIM3
SIM4
1
21
22
SIM5
SIM1
SIM2
SIM3
SIM4
1
21
22
SIM5
SIM1
SIM2
SIM3
SIM4
1
21
22
SIM5
SIM1
SIM2
SIM3
SIM4
1
21
22
SIM5
SIM1
SIM2
SIM3
SIM4
1
21
22
SIM5
SIM1
SIM2
SIM3
SIM4
1
21
22
SIM5
SIM1
SIM2
SIM3
SIM4
1
21
22
SIM5
SIM1
SIM2
SIM3
SIM4
1
21
22
SIM5
SIM1
SIM2
SIM3
SIM4
1
21
22
SIM5
SIM1
SIM2
DEBUG 1 593
SIM1
SIM2
SIM3
SIM4
1
21
22
SIM5
SIM1
SIM2
SIM3
SIM4
1
21
22
SIM5
SIM1
SIM2
SIM3
SIM4
1
21
22
SIM5
SIM1
SIM2
SIM3
SIM4
1
21
22
SIM5
SIM1
SIM2
SIM3
SIM4
1
21
22
SIM5
SIM1
SIM2
SIM3
SIM4
1
21
22
SIM5
SIM1
SIM2
SIM3
SIM4
1
21
22
SIM5
SIM1
SIM2
SIM3
SIM4
1
21
22
SIM5
SIM1
SIM2
SIM3
SIM4
1
21
22
SIM5
SIM1
SIM2
SIM3
SIM4
1
21
22
SIM5
SIM1
SIM2
SIM3
SIM4
1
21
22
SIM5
SIM1
SIM2
SIM3
SIM4
1
21
22
SIM5
SIM1
SIM2
SIM3
SIM4
1
21
22
SIM5
SIM1
SIM2
SIM3
SIM4
1
21
22
SIM5
SIM1
SIM2
SIM3
SIM4
1
21
22
SIM5
SIM1
SIM2
SIM3
SIM4
1
21
22
SIM5
SIM1
SIM2
SIM3
SIM4
1
21
22
SIM5
SIM1
SIM2
SIM3
SIM4
1
21
22
SIM5
SIM1
SIM2
SIM3
SIM4
1
21
22
SIM5
SIM1
SIM2
SIM3
SIM4
1
21
22
SIM5
SIM1
SIM2
SIM3
SIM4
1
21
22
SIM5
SIM1
SIM2
SIM3
SIM4
1
21
22
SIM5
SIM1
SIM2
SIM3
SIM4
1
21
22
SIM5
SIM1
SIM2
SIM3
SIM4
1
21
22
SIM5
SIM1
SIM2
SIM3
SIM4
1
21
22
SIM5
SIM1
SIM2
SIM3
SIM4
1
21
22
SIM5
SIM1
SIM2
SIM3
SIM4
1
21
22
SIM5
SIM1
SIM2
SIM3
SIM4
1
21
22
SIM5
SIM1
SIM2
SIM3
SIM4
1
21
22
SIM5
SIM1
SIM2
SIM3
SIM4
1
21
22
SIM5
SIM1
SIM2
SIM3
SIM4
1
21
22
SIM5
SIM1
SIM2
SIM3
SIM4
1
21
22
SIM5
SIM1
SIM2
SIM3
SIM4
1
21
22
SIM5
SIM1
SIM2
SIM3
SIM4
1
21
22
SIM5
SIM1
SIM2
SIM3
SIM4
1
21
22
SIM5
SIM1
SIM2
SIM3
SIM4
1
21
22
SIM5
SIM1
SIM2
SIM3
SIM4
1
21
22
SIM5
SIM1
SIM2
SIM3
SIM4
1
21
22
SIM5
SIM1
SIM2
SIM3
SIM4
1
21
22
SIM5
SIM1
SIM2
SIM3
SIM4
1
21
22
SIM5
SIM1
SIM2
SIM3
SIM4
1
21
22
SIM5
SIM1
SIM2
SIM3
SIM4
1
21
22
SIM5
SIM1
SIM2
SIM3
SIM4
1
21
22
SIM5
SIM1
SIM2
SIM3
SIM4
1
21
22
SIM5
SIM1
SIM2
SIM3
SIM4
1
21
22
SIM5
SIM1
SIM2
SIM3
SIM4
1
21
22
SIM5
SIM1
SIM2
SIM3
SIM4
1
21
22
SIM5
SIM1
SIM2
SIM3
SIM4
1
21
22
SIM5
SIM1
SIM2
SIM3
SIM4
1
21
22
SIM5
SIM1
SIM2
SIM3
SIM4
1
21
22
SIM5
SIM1
SIM2
SIM3
SIM4
1
21
22
SIM5
SIM1
SIM2
SIM3
SIM4
1
21
22
SIM5
SIM1
SIM2
SIM3
SIM4
1
21
22
SIM5
SIM1
SIM2
SIM3
SIM4
1
21
22
SIM5
SIM1
SIM2
SIM3
SIM4
1
21
22
SIM5
SIM1
SIM2
SIM3
SIM4
1
21
22
SIM5
SIM1
SIM2
SIM3
SIM4
1
21
22
SIM5
SIM1
SIM2
SIM3
SIM4
1
21
22
SIM5
SIM1
SIM2
SIM3
SIM4
1
21
22
SIM5
SIM1
SIM2
SIM3
SIM4
1
21
22
SIM5
SIM1
SIM2
SIM3
SIM4
1
21
22
SIM5
SIM1
SIM2
SIM3
SIM4
1
21
22
SIM5
SIM1
SIM2
SIM3
SIM4
1
21
22
SIM5
SIM1
SIM2
SIM3
SIM4
1
21
22
SIM5
SIM1
SIM2
SIM3
SIM4
1
21
22
SIM5
SIM1
SIM2
SIM3
SIM4
1
21
22
SIM5
SIM1
SIM2
SIM3
SIM4
1
21
22
SIM5
SIM1
SIM2
SIM3
SIM4
1
21
22
SIM5
SIM1
SIM2
SIM3
SIM4
1
21
22
SIM5
SIM1
SIM2
SIM3
SIM4
1
21
22
SIM5
SIM1
SIM2
SIM3
SIM4
1
21
22
SIM5
SIM1
SIM2
SIM3
SIM4
1
21
22
SIM5
SIM1
SIM2
SIM3
SIM4
1
21
22
SIM5
SIM1
SIM2
SIM3
SIM4
1
21
22
SIM5
SIM1
SIM2
SIM3
SIM4
1
21
22
SIM5
SIM1
SIM2
SIM3
SIM4
1
21
22
SIM5
SIM1
SIM2
SIM3
SIM4
1
21
22
SIM5
SIM1
SIM2
SIM3
SIM4
1
21
22
SIM5
SIM1
SIM2
SIM3
SIM4
1
21
22
SIM5
SIM1
SIM2
SIM3
SIM4
1
21
22
SIM5
SIM1
SIM2
SIM3
SIM4
1
21
22
SIM5
SIM1
SIM2
SIM3
SIM4
1
21
22
SIM5
SIM1
SIM2
SIM3
SIM4
1
21
22
SIM5
SIM1
SIM2
SIM3
SIM4
1
21
22
SIM5
SIM1
SIM2
SIM3
SIM4
1
21
22
SIM5
SIM1
SIM2
SIM3
SIM4
1
21
22
SIM5
SIM1
SIM2
SIM3
SIM4
1
21
22
SIM5
SIM1
SIM2
SIM3
SIM4
1
21
22
SIM5
SIM1
SIM2
SIM3
SIM4
1
21
22
SIM5
SIM1
SIM2
SIM3
SIM4
1
21
22
SIM5
SIM1
SIM2
SIM3
SIM4
1
21
22
SIM5
SIM1
SIM2
SIM3
SIM4
1
21
22
SIM5
SIM1
SIM2
SIM3
SIM4
1
21
22
SIM5
SIM1
SIM2
SIM3
SIM4
1
21
22
SIM5
SIM1
SIM2
SIM3
SIM4
1
21
22
SIM5
SIM1
SIM2
SIM3
SIM4
1
21
22
SIM5
SIM1
SIM2
SIM3
SIM4
1
21
22
SIM5
SIM1
SIM2
SIM3
SIM4
1
21
22
SIM5
SIM1
SIM2
SIM3
SIM4
1
21
22
SIM5
SIM1
SIM2
SIM3
SIM4
1
21
22
SIM5
SIM1
SIM2
SIM3
SIM4
1
21
22
SIM5
SIM1
SIM2
SIM3
SIM4
1
21
22
SIM5
SIM1
SIM2
SIM3
SIM4
1
21
22
SIM5
SIM1
SIM2
SIM3
SIM4
1
21
22
SIM5
SIM1
SIM2
SIM3
SIM4
1
21
22
SIM5
SIM1
SIM2
SIM3
SIM4
1
21
22
SIM5
SIM1
SIM2
SIM3
SIM4
1
21
22
SIM5
SIM1
SIM2
SIM3
SIM4
1
21
22
SIM5
SIM1
SIM2
SIM3
SIM4
1
21
22
SIM5
SIM1
SIM2
SIM3
SIM4
1
21
22
SIM5
SIM1
SIM2
SIM3
SIM4
1
21
22
SIM5
SIM1
SIM2
SIM3
SIM4
1
21
22
SIM5
SIM1
SIM2
SIM3
SIM4
1
21
22
SIM5
SIM1
SIM2
SIM3
SIM4
1
21
22
SIM5
SIM1
SIM2
SIM3
SIM4
1
21
22
SIM5
SIM1
SIM2
SIM3
SIM4
1
21
22
SIM5
SIM1
SIM2
SIM3
SIM4
1
21
22
SIM5
SIM1
SIM2
SIM3
SIM4
1
21
22
SIM5
SIM1
SIM2
SIM3
SIM4
1
21
22
SIM5
SIM1
SIM2
SIM3
SIM4
1
21
22
SIM5
SIM1
SIM2
SIM3
SIM4
1
21
22
SIM5
SIM1
SIM2
SIM3
SIM4
1
21
22
SIM5
SIM1
SIM2
SIM3
SIM4
1
21
22
SIM5
SIM1
SIM2
SIM3
SIM4
1
21
22
SIM5
SIM1
SIM2
SIM3
SIM4
1
21
22
SIM5
SIM1
SIM2
SIM3
SIM4
1
21
22
SIM5
SIM1
SIM2
SIM3
SIM4
1
21
22
SIM5
SIM1
SIM2
SIM3
SIM4
1
21
22
SIM5
SIM1
SIM2
SIM3
SIM4
1
21
22
SIM5
SIM1
SIM2
SIM3
SIM4
1
21
22
SIM5
SIM1
SIM2
SIM3
SIM4
1
21
22
SIM5
SIM1
SIM2
SIM3
SIM4
1
21
22
SIM5
SIM1
SIM2
SIM3
SIM4
1
21
22
SIM5
SIM1
SIM2
SIM3
SIM4
1
21
22
SIM5
SIM1
SIM2
SIM3
SIM4
1
21
22
SIM5
SIM1
SIM2
SIM3
SIM4
1
21
22
SIM5
SIM1
SIM2
SIM3
SIM4
1
21
22
SIM5
SIM1
SIM2
SIM3
SIM4
1
21
22
SIM5
SIM1
SIM2
SIM3
SIM4
1
21
22
SIM5
SIM1
SIM2
SIM3
SIM4
1
21
22
SIM5
SIM1
SIM2
SIM3
SIM4
1
21
22
SIM5
SIM1
SIM2
SIM3
SIM4
1
21
22
SIM5
SIM1
SIM2
SIM3
SIM4
1
21
22
SIM5
SIM1
SIM2
SIM3
SIM4
1
21
22
SIM5
SIM1
SIM2
SIM3
SIM4
1
21
22
SIM5
SIM1
SIM2
SIM3
SIM4
1
21
22
SIM5
SIM1
SIM2
SIM3
SIM4
1
21
22
SIM5
SIM1
SIM2
SIM3
SIM4
1
21
22
SIM5
SIM1
SIM2
SIM3
SIM4
1
21
22
SIM5
SIM1
SIM2
SIM3
SIM4
1
21
22
SIM5
SIM1
SIM2
SIM3
SIM4
1
21
22
SIM5
SIM1
SIM2
SIM3
SIM4
1
21
22
SIM5
SIM1
SIM2
SIM3
SIM4
1
21
22
SIM5
SIM1
SIM2
SIM3
SIM4
1
21
22
SIM5
SIM1
SIM2
SIM3
SIM4
1
21
22
SIM5
SIM1
SIM2
SIM3
SIM4
1
21
22
SIM5
SIM1
SIM2
SIM3
SIM4
1
21
22
SIM5
SIM1
SIM2
SIM3
SIM4
1
21
22
SIM5
SIM1
SIM2
SIM3
SIM4
1
21
22
SIM5
SIM1
SIM2
SIM3
SIM4
1
21
22
SIM5
SIM1
SIM2
SIM3
SIM4
1
21
22
SIM5
SIM1
SIM2
SIM3
SIM4
1
21
22
SIM5
SIM1
SIM2
SIM3
SIM4
1
21
22
SIM5
SIM1
SIM2
SIM3
SIM4
1
21
22
SIM5
SIM1
SIM2
SIM3
SIM4
1
21
22
SIM5
SIM1
SIM2
SIM3
SIM4
1
21
22
SIM5
SIM1
SIM2
SIM3
SIM4
1
21
22
SIM5
SIM1
SIM2
SIM3
SIM4
1
21
22
SIM5
SIM1
SIM2
SIM3
SIM4
1
21
22
SIM5
SIM1
SIM2
SIM3
SIM4
1
21
22
SIM5
SIM1
SIM2
SIM3
SIM4
1
21
22
SIM5
SIM1
SIM2
SIM3
SIM4
1
21
22
SIM5
SIM1
SIM2
SIM3
SIM4
1
21
22
SIM5
SIM1
SIM2
SIM3
SIM4
1
21
22
SIM5
SIM1
SIM2
SIM3
SIM4
1
21
22
SIM5
SIM1
SIM2
SIM3
SIM4
1
21
22
SIM5
SIM1
SIM2
SIM3
SIM4
1
21
22
SIM5
SIM1
SIM2
SIM3
SIM4
1
21
22
SIM5
SIM1
SIM2
SIM3
SIM4
1
21
22
SIM5
SIM1
SIM2
SIM3
SIM4
1
21
22
SIM5
SIM1
SIM2
SIM3
SIM4
1
21
22
SIM5
SIM1
SIM2
SIM3
SIM4
1
21
22
SIM5
SIM1
SIM2
SIM3
SIM4
1
21
22
SIM5
SIM1
SIM2
SIM3
SIM4
1
21
22
SIM5
SIM1
SIM2
SIM3
SIM4
1
21
22
SIM5
SIM1
SIM2
SIM3
SIM4
1
21
22
SIM5
SIM1
SIM2
SIM3
SIM4
1
21
22
SIM5
SIM1
SIM2
SIM3
SIM4
1
21
22
SIM5
SIM1
SIM2
SIM3
SIM4
1
21
22
SIM5
SIM1
SIM2
SIM3
SIM4
1
21
22
SIM5
SIM1
SIM2
SIM3
SIM4
1
21
22
SIM5
SIM1
SIM2
SIM3
SIM4
1
21
22
SIM5
SIM1
SIM2
SIM3
SIM4
1
21
22
SIM5
SIM1
SIM2
DEBUG 1 594
SIM1
SIM2
SIM3
SIM4
1
21
22
SIM5
SIM1
SIM2
SIM3
SIM4
1
21
22
SIM5
SIM1
SIM2
SIM3
SIM4
1
21
22
SIM5
SIM1
SIM2
SIM3
SIM4
1
21
22
SIM5
SIM1
SIM2
SIM3
SIM4
1
21
22
SIM5
SIM1
SIM2
SIM3
SIM4
1
21
22
SIM5
SIM1
SIM2
SIM3
SIM4
1
21
22
SIM5
SIM1
SIM2
SIM3
SIM4
1
21
22
SIM5
SIM1
SIM2
SIM3
SIM4
1
21
22
SIM5
SIM1
SIM2
SIM3
SIM4
1
21
22
SIM5
SIM1
SIM2
SIM3
SIM4
1
21
22
SIM5
SIM1
SIM2
SIM3
SIM4
1
21
22
SIM5
SIM1
SIM2
SIM3
SIM4
1
21
22
SIM5
SIM1
SIM2
SIM3
SIM4
1
21
22
SIM5
SIM1
SIM2
SIM3
SIM4
1
21
22
SIM5
SIM1
SIM2
SIM3
SIM4
1
21
22
SIM5
SIM1
SIM2
SIM3
SIM4
1
21
22
SIM5
SIM1
SIM2
SIM3
SIM4
1
21
22
SIM5
SIM1
SIM2
SIM3
SIM4
1
21
22
SIM5
SIM1
SIM2
SIM3
SIM4
1
21
22
SIM5
SIM1
SIM2
SIM3
SIM4
1
21
22
SIM5
SIM1
SIM2
SIM3
SIM4
1
21
22
SIM5
SIM1
SIM2
SIM3
SIM4
1
21
22
SIM5
SIM1
SIM2
SIM3
SIM4
1
21
22
SIM5
SIM1
SIM2
SIM3
SIM4
1
21
22
SIM5
SIM1
SIM2
SIM3
SIM4
1
21
22
SIM5
SIM1
SIM2
SIM3
SIM4
1
21
22
SIM5
SIM1
SIM2
SIM3
SIM4
1
21
22
SIM5
SIM1
SIM2
SIM3
SIM4
1
21
22
SIM5
SIM1
SIM2
SIM3
SIM4
1
21
22
SIM5
SIM1
SIM2
SIM3
SIM4
1
21
22
SIM5
SIM1
SIM2
SIM3
SIM4
1
21
22
SIM5
SIM1
SIM2
SIM3
SIM4
1
21
22
SIM5
SIM1
SIM2
SIM3
SIM4
1
21
22
SIM5
SIM1
SIM2
SIM3
SIM4
1
21
22
SIM5
SIM1
SIM2
SIM3
SIM4
1
21
22
SIM5
SIM1
SIM2
SIM3
SIM4
1
21
22
SIM5
SIM1
SIM2
SIM3
SIM4
1
21
22
SIM5
SIM1
SIM2
SIM3
SIM4
1
21
22
SIM5
SIM1
SIM2
SIM3
SIM4
1
21
22
SIM5
SIM1
SIM2
SIM3
SIM4
1
21
22
SIM5
SIM1
SIM2
SIM3
SIM4
1
21
22
SIM5
SIM1
SIM2
SIM3
SIM4
1
21
22
SIM5
SIM1
SIM2
SIM3
SIM4
1
21
22
SIM5
SIM1
SIM2
SIM3
SIM4
1
21
22
SIM5
SIM1
SIM2
SIM3
SIM4
1
21
22
SIM5
SIM1
SIM2
SIM3
SIM4
1
21
22
SIM5
SIM1
SIM2
SIM3
SIM4
1
21
22
SIM5
SIM1
SIM2
SIM3
SIM4
1
21
22
SIM5
SIM1
SIM2
SIM3
SIM4
1
21
22
SIM5
SIM1
SIM2
SIM3
SIM4
1
21
22
SIM5
SIM1
SIM2
SIM3
SIM4
1
21
22
SIM5
SIM1
SIM2
SIM3
SIM4
1
21
22
SIM5
SIM1
SIM2
SIM3
SIM4
1
21
22
SIM5
SIM1
SIM2
SIM3
SIM4
1
21
22
SIM5
SIM1
SIM2
SIM3
SIM4
1
21
22
SIM5
SIM1
SIM2
SIM3
SIM4
1
21
22
SIM5
SIM1
SIM2
SIM3
SIM4
1
21
22
SIM5
SIM1
SIM2
SIM3
SIM4
1
21
22
SIM5
SIM1
SIM2
SIM3
SIM4
1
21
22
SIM5
SIM1
SIM2
SIM3
SIM4
1
21
22
SIM5
SIM1
SIM2
SIM3
SIM4
1
21
22
SIM5
SIM1
SIM2
SIM3
SIM4
1
21
22
SIM5
SIM1
SIM2
SIM3
SIM4
1
21
22
SIM5
SIM1
SIM2
SIM3
SIM4
1
21
22
SIM5
SIM1
SIM2
SIM3
SIM4
1
21
22
SIM5
SIM1
SIM2
SIM3
SIM4
1
21
22
SIM5
SIM1
SIM2
SIM3
SIM4
1
21
22
SIM5
SIM1
SIM2
SIM3
SIM4
1
21
22
SIM5
SIM1
SIM2
SIM3
SIM4
1
21
22
SIM5
SIM1
SIM2
SIM3
SIM4
1
21
22
SIM5
SIM1
SIM2
SIM3
SIM4
1
21
22
SIM5
SIM1
SIM2
SIM3
SIM4
1
21
22
SIM5
SIM1
SIM2
SIM3
SIM4
1
21
22
SIM5
SIM1
SIM2
SIM3
SIM4
1
21
22
SIM5
SIM1
SIM2
SIM3
SIM4
1
21
22
SIM5
SIM1
SIM2
SIM3
SIM4
1
21
22
SIM5
SIM1
SIM2
SIM3
SIM4
1
21
22
SIM5
SIM1
SIM2
SIM3
SIM4
1
21
22
SIM5
SIM1
SIM2
SIM3
SIM4
1
21
22
SIM5
SIM1
SIM2
SIM3
SIM4
1
21
22
SIM5
SIM1
SIM2
SIM3
SIM4
1
21
22
SIM5
SIM1
SIM2
SIM3
SIM4
1
21
22
SIM5
SIM1
SIM2
SIM3
SIM4
1
21
22
SIM5
SIM1
SIM2
SIM3
SIM4
1
21
22
SIM5
SIM1
SIM2
SIM3
SIM4
1
21
22
SIM5
SIM1
SIM2
SIM3
SIM4
1
21
22
SIM5
SIM1
SIM2
SIM3
SIM4
1
21
22
SIM5
SIM1
SIM2
SIM3
SIM4
1
21
22
SIM5
SIM1
SIM2
SIM3
SIM4
1
21
22
SIM5
SIM1
SIM2
SIM3
SIM4
1
21
22
SIM5
SIM1
SIM2
SIM3
SIM4
1
21
22
SIM5
SIM1
SIM2
SIM3
SIM4
1
21
22
SIM5
SIM1
SIM2
SIM3
SIM4
1
21
22
SIM5
SIM1
SIM2
SIM3
SIM4
1
21
22
SIM5
SIM1
SIM2
SIM3
SIM4
1
21
22
SIM5
SIM1
SIM2
SIM3
SIM4
1
21
22
SIM5
SIM1
SIM2
SIM3
SIM4
1
21
22
SIM5
SIM1
SIM2
SIM3
SIM4
1
21
22
SIM5
SIM1
SIM2
SIM3
SIM4
1
21
22
SIM5
SIM1
SIM2
SIM3
SIM4
1
21
22
SIM5
SIM1
SIM2
SIM3
SIM4
1
21
22
SIM5
SIM1
SIM2
SIM3
SIM4
1
21
22
SIM5
SIM1
SIM2
SIM3
SIM4
1
21
22
SIM5
SIM1
SIM2
SIM3
SIM4
1
21
22
SIM5
SIM1
SIM2
SIM3
SIM4
1
21
22
SIM5
SIM1
SIM2
SIM3
SIM4
1
21
22
SIM5
SIM1
SIM2
SIM3
SIM4
1
21
22
SIM5
SIM1
SIM2
SIM3
SIM4
1
21
22
SIM5
SIM1
SIM2
SIM3
SIM4
1
21
22
SIM5
SIM1
SIM2
SIM3
SIM4
1
21
22
SIM5
SIM1
SIM2
SIM3
SIM4
1
21
22
SIM5
SIM1
SIM2
SIM3
SIM4
1
21
22
SIM5
SIM1
SIM2
SIM3
SIM4
1
21
22
SIM5
SIM1
SIM2
SIM3
SIM4
1
21
22
SIM5
SIM1
SIM2
SIM3
SIM4
1
21
22
SIM5
SIM1
SIM2
SIM3
SIM4
1
21
22
SIM5
SIM1
SIM2
SIM3
SIM4
1
21
22
SIM5
SIM1
SIM2
SIM3
SIM4
1
21
22
SIM5
SIM1
SIM2
SIM3
SIM4
1
21
22
SIM5
SIM1
SIM2
SIM3
SIM4
1
21
22
SIM5
SIM1
SIM2
SIM3
SIM4
1
21
22
SIM5
SIM1
SIM2
SIM3
SIM4
1
21
22
SIM5
SIM1
SIM2
SIM3
SIM4
1
21
22
SIM5
SIM1
SIM2
SIM3
SIM4
1
21
22
SIM5
SIM1
SIM2
SIM3
SIM4
1
21
22
SIM5
SIM1
SIM2
SIM3
SIM4
1
21
22
SIM5
SIM1
SIM2
SIM3
SIM4
1
21
22
SIM5
SIM1
SIM2
SIM3
SIM4
1
21
22
SIM5
SIM1
SIM2
SIM3
SIM4
1
21
22
SIM5
SIM1
SIM2
SIM3
SIM4
1
21
22
SIM5
SIM1
SIM2
SIM3
SIM4
1
21
22
SIM5
SIM1
SIM2
SIM3
SIM4
1
21
22
SIM5
SIM1
SIM2
SIM3
SIM4
1
21
22
SIM5
SIM1
SIM2
DEBUG 1 595
SIM1
SIM2
SIM3
SIM4
1
21
22
SIM5
SIM1
SIM2
SIM3
SIM4
1
21
22
SIM5
SIM1
SIM2
SIM3
SIM4
1
21
22
SIM5
SIM1
SIM2
SIM3
SIM4
1
21
22
SIM5
SIM1
SIM2
SIM3
SIM4
1
21
22
SIM5
SIM1
SIM2
SIM3
SIM4
1
21
22
SIM5
SIM1
SIM2
SIM3
SIM4
1
21
22
SIM5
SIM1
SIM2
SIM3
SIM4
1
21
22
SIM5
SIM1
SIM2
SIM3
SIM4
1
21
22
SIM5
SIM1
SIM2
SIM3
SIM4
1
21
22
SIM5
SIM1
SIM2
SIM3
SIM4
1
21
22
SIM5
SIM1
SIM2
SIM3
SIM4
1
21
22
SIM5
SIM1
SIM2
SIM3
SIM4
1
21
22
SIM5
SIM1
SIM2
SIM3
SIM4
1
21
22
SIM5
SIM1
SIM2
SIM3
SIM4
1
21
22
SIM5
SIM1
SIM2
SIM3
SIM4
1
21
22
SIM5
SIM1
SIM2
SIM3
SIM4
1
21
22
SIM5
SIM1
SIM2
SIM3
SIM4
1
21
22
SIM5
SIM1
SIM2
SIM3
SIM4
1
21
22
SIM5
SIM1
SIM2
SIM3
SIM4
1
21
22
SIM5
SIM1
SIM2
SIM3
SIM4
1
21
22
SIM5
SIM1
SIM2
SIM3
SIM4
1
21
22
SIM5
SIM1
SIM2
SIM3
SIM4
1
21
22
SIM5
SIM1
SIM2
SIM3
SIM4
1
21
22
SIM5
SIM1
SIM2
SIM3
SIM4
1
21
22
SIM5
SIM1
SIM2
SIM3
SIM4
1
21
22
SIM5
SIM1
SIM2
SIM3
SIM4
1
21
22
SIM5
SIM1
SIM2
SIM3
SIM4
1
21
22
SIM5
SIM1
SIM2
SIM3
SIM4
1
21
22
SIM5
SIM1
SIM2
SIM3
SIM4
1
21
22
SIM5
SIM1
SIM2
SIM3
SIM4
1
21
22
SIM5
SIM1
SIM2
SIM3
SIM4
1
21
22
SIM5
SIM1
SIM2
SIM3
SIM4
1
21
22
SIM5
SIM1
SIM2
SIM3
SIM4
1
21
22
SIM5
SIM1
SIM2
SIM3
SIM4
1
21
22
SIM5
SIM1
SIM2
SIM3
SIM4
1
21
22
SIM5
SIM1
SIM2
SIM3
SIM4
1
21
22
SIM5
SIM1
SIM2
SIM3
SIM4
1
21
22
SIM5
SIM1
SIM2
SIM3
SIM4
1
21
22
SIM5
SIM1
SIM2
SIM3
SIM4
1
21
22
SIM5
SIM1
SIM2
SIM3
SIM4
1
21
22
SIM5
SIM1
SIM2
SIM3
SIM4
1
21
22
SIM5
SIM1
SIM2
SIM3
SIM4
1
21
22
SIM5
SIM1
SIM2
SIM3
SIM4
1
21
22
SIM5
SIM1
SIM2
SIM3
SIM4
1
21
22
SIM5
SIM1
SIM2
SIM3
SIM4
1
21
22
SIM5
SIM1
SIM2
SIM3
SIM4
1
21
22
SIM5
SIM1
SIM2
SIM3
SIM4
1
21
22
SIM5
SIM1
SIM2
SIM3
SIM4
1
21
22
SIM5
SIM1
SIM2
SIM3
SIM4
1
21
22
SIM5
SIM1
SIM2
SIM3
SIM4
1
21
22
SIM5
SIM1
SIM2
SIM3
SIM4
1
21
22
SIM5
SIM1
SIM2
SIM3
SIM4
1
21
22
SIM5
SIM1
SIM2
SIM3
SIM4
1
21
22
SIM5
SIM1
SIM2
SIM3
SIM4
1
21
22
SIM5
SIM1
SIM2
SIM3
SIM4
1
21
22
SIM5
SIM1
SIM2
SIM3
SIM4
1
21
22
SIM5
SIM1
SIM2
SIM3
SIM4
1
21
22
SIM5
SIM1
SIM2
SIM3
SIM4
1
21
22
SIM5
SIM1
SIM2
SIM3
SIM4
1
21
22
SIM5
SIM1
SIM2
SIM3
SIM4
1
21
22
SIM5
SIM1
SIM2
SIM3
SIM4
1
21
22
SIM5
SIM1
SIM2
SIM3
SIM4
1
21
22
SIM5
SIM1
SIM2
SIM3
SIM4
1
21
22
SIM5
SIM1
SIM2
SIM3
SIM4
1
21
22
SIM5
SIM1
SIM2
SIM3
SIM4
1
21
22
SIM5
SIM1
SIM2
SIM3
SIM4
1
21
22
SIM5
SIM1
SIM2
SIM3
SIM4
1
21
22
SIM5
SIM1
SIM2
SIM3
SIM4
1
21
22
SIM5
SIM1
SIM2
SIM3
SIM4
1
21
22
SIM5
SIM1
SIM2
SIM3
SIM4
1
21
22
SIM5
SIM1
SIM2
SIM3
SIM4
1
21
22
SIM5
SIM1
SIM2
SIM3
SIM4
1
21
22
SIM5
SIM1
SIM2
SIM3
SIM4
1
21
22
SIM5
SIM1
SIM2
SIM3
SIM4
1
21
22
SIM5
SIM1
SIM2
SIM3
SIM4
1
21
22
SIM5
SIM1
SIM2
SIM3
SIM4
1
21
22
SIM5
SIM1
SIM2
SIM3
SIM4
1
21
22
SIM5
SIM1
SIM2
SIM3
SIM4
1
21
22
SIM5
SIM1
SIM2
SIM3
SIM4
1
21
22
SIM5
SIM1
SIM2
SIM3
SIM4
1
21
22
SIM5
SIM1
SIM2
SIM3
SIM4
1
21
22
SIM5
SIM1
SIM2
SIM3
SIM4
1
21
22
SIM5
SIM1
SIM2
SIM3
SIM4
1
21
22
SIM5
SIM1
SIM2
SIM3
SIM4
1
21
22
SIM5
SIM1
SIM2
SIM3
SIM4
1
21
22
SIM5
SIM1
SIM2
SIM3
SIM4
1
21
22
SIM5
SIM1
SIM2
SIM3
SIM4
1
21
22
SIM5
SIM1
SIM2
SIM3
SIM4
1
21
22
SIM5
SIM1
SIM2
SIM3
SIM4
1
21
22
SIM5
SIM1
SIM2
SIM3
SIM4
1
21
22
SIM5
SIM1
SIM2
SIM3
SIM4
1
21
22
SIM5
SIM1
SIM2
SIM3
SIM4
1
21
22
SIM5
SIM1
SIM2
SIM3
SIM4
1
21
22
SIM5
SIM1
SIM2
SIM3
SIM4
1
21
22
SIM5
SIM1
SIM2
SIM3
SIM4
1
21
22
SIM5
SIM1
SIM2
SIM3
SIM4
1
21
22
SIM5
SIM1
SIM2
SIM3
SIM4
1
21
22
SIM5
SIM1
SIM2
SIM3
SIM4
1
21
22
SIM5
SIM1
SIM2
SIM3
SIM4
1
21
22
SIM5
SIM1
SIM2
SIM3
SIM4
1
21
22
SIM5
SIM1
SIM2
SIM3
SIM4
1
21
22
SIM5
SIM1
SIM2
SIM3
SIM4
1
21
22
SIM5
SIM1
SIM2
SIM3
SIM4
1
21
22
SIM5
SIM1
SIM2
SIM3
SIM4
1
21
22
SIM5
SIM1
SIM2
SIM3
SIM4
1
21
22
SIM5
SIM1
SIM2
SIM3
SIM4
1
21
22
SIM5
SIM1
SIM2
SIM3
SIM4
1
21
22
SIM5
SIM1
SIM2
SIM3
SIM4
1
21
22
SIM5
SIM1
SIM2
SIM3
SIM4
1
21
22
SIM5
SIM1
SIM2
SIM3
SIM4
1
21
22
SIM5
SIM1
SIM2
SIM3
SIM4
1
21
22
SIM5
SIM1
SIM2
SIM3
SIM4
1
21
22
SIM5
SIM1
SIM2
SIM3
SIM4
1
21
22
SIM5
SIM1
SIM2
SIM3
SIM4
1
21
22
SIM5
SIM1
SIM2
SIM3
SIM4
1
21
22
SIM5
SIM1
SIM2
SIM3
SIM4
1
21
22
SIM5
SIM1
SIM2
SIM3
SIM4
1
21
22
SIM5
SIM1
SIM2
SIM3
SIM4
1
21
22
SIM5
SIM1
SIM2
SIM3
SIM4
1
21
22
SIM5
SIM1
SIM2
SIM3
SIM4
1
21
22
SIM5
SIM1
SIM2
SIM3
SIM4
1
21
22
SIM5
SIM1
SIM2
SIM3
SIM4
1
21
22
SIM5
SIM1
SIM2
SIM3
SIM4
1
21
22
SIM5
SIM1
SIM2
SIM3
SIM4
1
21
22
SIM5
SIM1
SIM2
SIM3
SIM4
1
21
22
SIM5
SIM1
SIM2
SIM3
SIM4
1
21
22
SIM5
SIM1
SIM2
SIM3
SIM4
1
21
22
SIM5
SIM1
SIM2
SIM3
SIM4
1
21
22
SIM5
SIM1
SIM2
SIM3
SIM4
1
21
22
SIM5
SIM1
SIM2
SIM3
SIM4
1
21
22
SIM5
SIM1
SIM2
SIM3
SIM4
1
21
22
SIM5
SIM1
SIM2
SIM3
SIM4
1
21
22
SIM5
SIM1
SIM2
SIM3
SIM4
1
21
22
SIM5
SIM1
SIM2
SIM3
SIM4
1
21
22
SIM5
SIM1
SIM2
SIM3
SIM4
1
21
22
SIM5
SIM1
SIM2
SIM3
SIM4
1
21
22
SIM5
SIM1
SIM2
SIM3
SIM4
1
21
22
SIM5
SIM1
SIM2
SIM3
SIM4
1
21
22
SIM5
SIM1
SIM2
SIM3
SIM4
1
21
22
SIM5
SIM1
SIM2
SIM3
SIM4
1
21
22
SIM5
SIM1
SIM2
SIM3
SIM4
1
21
22
SIM5
SIM1
SIM2
SIM3
SIM4
1
21
22
SIM5
SIM1
SIM2
SIM3
SIM4
1
21
22
SIM5
SIM1
SIM2
SIM3
SIM4
1
21
22
SIM5
SIM1
SIM2
SIM3
SIM4
1
21
22
SIM5
SIM1
SIM2
SIM3
SIM4
1
21
22
SIM5
SIM1
SIM2
SIM3
SIM4
1
21
22
SIM5
SIM1
SIM2
SIM3
SIM4
1
21
22
SIM5
SIM1
SIM2
SIM3
SIM4
1
21
22
SIM5
SIM1
SIM2
SIM3
SIM4
1
21
22
SIM5
SIM1
SIM2
SIM3
SIM4
1
21
22
SIM5
SIM1
SIM2
SIM3
SIM4
1
21
22
SIM5
SIM1
SIM2
SIM3
SIM4
1
21
22
SIM5
SIM1
SIM2
SIM3
SIM4
1
21
22
SIM5
SIM1
SIM2
SIM3
SIM4
1
21
22
SIM5
SIM1
SIM2
SIM3
SIM4
1
21
22
SIM5
SIM1
SIM2
SIM3
SIM4
1
21
22
SIM5
SIM1
SIM2
SIM3
SIM4
1
21
22
SIM5
SIM1
SIM2
SIM3
SIM4
1
21
22
SIM5
SIM1
SIM2
SIM3
SIM4
1
21
22
SIM5
SIM1
SIM2
SIM3
SIM4
1
21
22
SIM5
SIM1
SIM2
SIM3
SIM4
1
21
22
SIM5
SIM1
SIM2
SIM3
SIM4
1
21
22
SIM5
SIM1
SIM2
SIM3
SIM4
1
21
22
SIM5
SIM1
SIM2
SIM3
SIM4
1
21
22
SIM5
SIM1
SIM2
SIM3
SIM4
1
21
22
SIM5
SIM1
SIM2
SIM3
SIM4
1
21
22
SIM5
SIM1
SIM2
SIM3
SIM4
1
21
22
SIM5
SIM1
SIM2
SIM3
SIM4
1
21
22
SIM5
SIM1
SIM2
SIM3
SIM4
1
21
22
SIM5
SIM1
SIM2
SIM3
SIM4
1
21
22
SIM5
SIM1
SIM2
SIM3
SIM4
1
21
22
SIM5
SIM1
SIM2
SIM3
SIM4
1
21
22
SIM5
SIM1
SIM2
SIM3
SIM4
1
21
22
SIM5
SIM1
SIM2
SIM3
SIM4
1
21
22
SIM5
SIM1
SIM2
SIM3
SIM4
1
21
22
SIM5
SIM1
SIM2
SIM3
SIM4
1
21
22
SIM5
SIM1
SIM2
SIM3
SIM4
1
21
22
SIM5
SIM1
SIM2
SIM3
SIM4
1
21
22
SIM5
SIM1
SIM2
SIM3
SIM4
1
21
22
SIM5
SIM1
SIM2
SIM3
SIM4
1
21
22
SIM5
SIM1
SIM2
SIM3
SIM4
1
21
22
SIM5
SIM1
SIM2
SIM3
SIM4
1
21
22
SIM5
SIM1
SIM2
SIM3
SIM4
1
21
22
SIM5
SIM1
SIM2
SIM3
SIM4
1
21
22
SIM5
SIM1
SIM2
SIM3
SIM4
1
21
22
SIM5
SIM1
SIM2
SIM3
SIM4
1
21
22
SIM5
SIM1
SIM2
SIM3
SIM4
1
21
22
SIM5
SIM1
SIM2
SIM3
SIM4
1
21
22
SIM5
SIM1
SIM2
SIM3
SIM4
1
21
22
SIM5
SIM1
SIM2
SIM3
SIM4
1
21
22
SIM5
SIM1
SIM2
SIM3
SIM4
1
21
22
SIM5
SIM1
SIM2
SIM3
SIM4
1
21
22
SIM5
SIM1
SIM2
SIM3
SIM4
1
21
22
SIM5
SIM1
SIM2
DEBUG 1 596
SIM1
SIM2
SIM3
SIM4
1
21
22
SIM5
SIM1
SIM2
SIM3
SIM4
1
21
22
SIM5
SIM1
SIM2
SIM3
SIM4
1
21
22
SIM5
SIM1
SIM2
SIM3
SIM4
1
21
22
SIM5
SIM1
SIM2
SIM3
SIM4
1
21
22
SIM5
SIM1
SIM2
SIM3
SIM4
1
21
22
SIM5
SIM1
SIM2
SIM3
SIM4
1
21
22
SIM5
SIM1
SIM2
SIM3
SIM4
1
21
22
SIM5
SIM1
SIM2
SIM3
SIM4
1
21
22
SIM5
SIM1
SIM2
SIM3
SIM4
1
21
22
SIM5
SIM1
SIM2
SIM3
SIM4
1
21
22
SIM5
SIM1
SIM2
SIM3
SIM4
1
21
22
SIM5
SIM1
SIM2
SIM3
SIM4
1
21
22
SIM5
SIM1
SIM2
SIM3
SIM4
1
21
22
SIM5
SIM1
SIM2
SIM3
SIM4
1
21
22
SIM5
SIM1
SIM2
SIM3
SIM4
1
21
22
SIM5
SIM1
SIM2
SIM3
SIM4
1
21
22
SIM5
SIM1
SIM2
SIM3
SIM4
1
21
22
SIM5
SIM1
SIM2
SIM3
SIM4
1
21
22
SIM5
SIM1
SIM2
SIM3
SIM4
1
21
22
SIM5
SIM1
SIM2
SIM3
SIM4
1
21
22
SIM5
SIM1
SIM2
SIM3
SIM4
1
21
22
SIM5
SIM1
SIM2
SIM3
SIM4
1
21
22
SIM5
SIM1
SIM2
SIM3
SIM4
1
21
22
SIM5
SIM1
SIM2
SIM3
SIM4
1
21
22
SIM5
SIM1
SIM2
SIM3
SIM4
1
21
22
SIM5
SIM1
SIM2
SIM3
SIM4
1
21
22
SIM5
SIM1
SIM2
SIM3
SIM4
1
21
22
SIM5
SIM1
SIM2
SIM3
SIM4
1
21
22
SIM5
SIM1
SIM2
SIM3
SIM4
1
21
22
SIM5
SIM1
SIM2
SIM3
SIM4
1
21
22
SIM5
SIM1
SIM2
SIM3
SIM4
1
21
22
SIM5
SIM1
SIM2
SIM3
SIM4
1
21
22
SIM5
SIM1
SIM2
SIM3
SIM4
1
21
22
SIM5
SIM1
SIM2
SIM3
SIM4
1
21
22
SIM5
SIM1
SIM2
SIM3
SIM4
1
21
22
SIM5
SIM1
SIM2
SIM3
SIM4
1
21
22
SIM5
SIM1
SIM2
SIM3
SIM4
1
21
22
SIM5
SIM1
SIM2
SIM3
SIM4
1
21
22
SIM5
SIM1
SIM2
SIM3
SIM4
1
21
22
SIM5
SIM1
SIM2
SIM3
SIM4
1
21
22
SIM5
SIM1
SIM2
SIM3
SIM4
1
21
22
SIM5
SIM1
SIM2
SIM3
SIM4
1
21
22
SIM5
SIM1
SIM2
SIM3
SIM4
1
21
22
SIM5
SIM1
SIM2
SIM3
SIM4
1
21
22
SIM5
SIM1
SIM2
SIM3
SIM4
1
21
22
SIM5
SIM1
SIM2
SIM3
SIM4
1
21
22
SIM5
SIM1
SIM2
SIM3
SIM4
1
21
22
SIM5
SIM1
SIM2
SIM3
SIM4
1
21
22
SIM5
SIM1
SIM2
SIM3
SIM4
1
21
22
SIM5
SIM1
SIM2
SIM3
SIM4
1
21
22
SIM5
SIM1
SIM2
SIM3
SIM4
1
21
22
SIM5
SIM1
SIM2
SIM3
SIM4
1
21
22
SIM5
SIM1
SIM2
SIM3
SIM4
1
21
22
SIM5
SIM1
SIM2
SIM3
SIM4
1
21
22
SIM5
SIM1
SIM2
SIM3
SIM4
1
21
22
SIM5
SIM1
SIM2
SIM3
SIM4
1
21
22
SIM5
SIM1
SIM2
SIM3
SIM4
1
21
22
SIM5
SIM1
SIM2
SIM3
SIM4
1
21
22
SIM5
SIM1
SIM2
SIM3
SIM4
1
21
22
SIM5
SIM1
SIM2
SIM3
SIM4
1
21
22
SIM5
SIM1
SIM2
SIM3
SIM4
1
21
22
SIM5
SIM1
SIM2
SIM3
SIM4
1
21
22
SIM5
SIM1
SIM2
SIM3
SIM4
1
21
22
SIM5
SIM1
SIM2
SIM3
SIM4
1
21
22
SIM5
SIM1
SIM2
SIM3
SIM4
1
21
22
SIM5
SIM1
SIM2
SIM3
SIM4
1
21
22
SIM5
SIM1
SIM2
SIM3
SIM4
1
21
22
SIM5
SIM1
SIM2
SIM3
SIM4
1
21
22
SIM5
SIM1
SIM2
SIM3
SIM4
1
21
22
SIM5
SIM1
SIM2
SIM3
SIM4
1
21
22
SIM5
SIM1
SIM2
SIM3
SIM4
1
21
22
SIM5
SIM1
SIM2
SIM3
SIM4
1
21
22
SIM5
SIM1
SIM2
SIM3
SIM4
1
21
22
SIM5
SIM1
SIM2
SIM3
SIM4
1
21
22
SIM5
SIM1
SIM2
SIM3
SIM4
1
21
22
SIM5
SIM1
SIM2
SIM3
SIM4
1
21
22
SIM5
SIM1
SIM2
SIM3
SIM4
1
21
22
SIM5
SIM1
SIM2
SIM3
SIM4
1
21
22
SIM5
SIM1
SIM2
SIM3
SIM4
1
21
22
SIM5
SIM1
SIM2
SIM3
SIM4
1
21
22
SIM5
SIM1
SIM2
SIM3
SIM4
1
21
22
SIM5
SIM1
SIM2
SIM3
SIM4
1
21
22
SIM5
SIM1
SIM2
SIM3
SIM4
1
21
22
SIM5
SIM1
SIM2
SIM3
SIM4
1
21
22
SIM5
SIM1
SIM2
SIM3
SIM4
1
21
22
SIM5
SIM1
SIM2
SIM3
SIM4
1
21
22
SIM5
SIM1
SIM2
SIM3
SIM4
1
21
22
SIM5
SIM1
SIM2
SIM3
SIM4
1
21
22
SIM5
SIM1
SIM2
SIM3
SIM4
1
21
22
SIM5
SIM1
SIM2
SIM3
SIM4
1
21
22
SIM5
SIM1
SIM2
SIM3
SIM4
1
21
22
SIM5
SIM1
SIM2
SIM3
SIM4
1
21
22
SIM5
SIM1
SIM2
SIM3
SIM4
1
21
22
SIM5
SIM1
SIM2
SIM3
SIM4
1
21
22
SIM5
SIM1
SIM2
SIM3
SIM4
1
21
22
SIM5
SIM1
SIM2
SIM3
SIM4
1
21
22
SIM5
SIM1
SIM2
SIM3
SIM4
1
21
22
SIM5
SIM1
SIM2
SIM3
SIM4
1
21
22
SIM5
SIM1
SIM2
SIM3
SIM4
1
21
22
SIM5
SIM1
SIM2
SIM3
SIM4
1
21
22
SIM5
SIM1
SIM2
SIM3
SIM4
1
21
22
SIM5
SIM1
SIM2
SIM3
SIM4
1
21
22
SIM5
SIM1
SIM2
SIM3
SIM4
1
21
22
SIM5
SIM1
SIM2
SIM3
SIM4
1
21
22
SIM5
SIM1
SIM2
SIM3
SIM4
1
21
22
SIM5
SIM1
SIM2
SIM3
SIM4
1
21
22
SIM5
SIM1
SIM2
SIM3
SIM4
1
21
22
SIM5
SIM1
SIM2
SIM3
SIM4
1
21
22
SIM5
SIM1
SIM2
SIM3
SIM4
1
21
22
SIM5
SIM1
SIM2
SIM3
SIM4
1
21
22
SIM5
SIM1
SIM2
SIM3
SIM4
1
21
22
SIM5
SIM1
SIM2
SIM3
SIM4
1
21
22
SIM5
SIM1
SIM2
SIM3
SIM4
1
21
22
SIM5
SIM1
SIM2
SIM3
SIM4
1
21
22
SIM5
SIM1
SIM2
SIM3
SIM4
1
21
22
SIM5
SIM1
SIM2
SIM3
SIM4
1
21
22
SIM5
SIM1
SIM2
SIM3
SIM4
1
21
22
SIM5
SIM1
SIM2
SIM3
SIM4
1
21
22
SIM5
SIM1
SIM2
SIM3
SIM4
1
21
22
SIM5
SIM1
SIM2
SIM3
SIM4
1
21
22
SIM5
SIM1
SIM2
SIM3
SIM4
1
21
22
SIM5
SIM1
SIM2
SIM3
SIM4
1
21
22
SIM5
SIM1
SIM2
SIM3
SIM4
1
21
22
SIM5
SIM1
SIM2
SIM3
SIM4
1
21
22
SIM5
SIM1
SIM2
SIM3
SIM4
1
21
22
SIM5
SIM1
SIM2
SIM3
SIM4
1
21
22
SIM5
SIM1
SIM2
SIM3
SIM4
1
21
22
SIM5
SIM1
SIM2
SIM3
SIM4
1
21
22
SIM5
SIM1
SIM2
SIM3
SIM4
1
21
22
SIM5
SIM1
SIM2
SIM3
SIM4
1
21
22
SIM5
SIM1
SIM2
SIM3
SIM4
1
21
22
SIM5
SIM1
SIM2
SIM3
SIM4
1
21
22
SIM5
SIM1
SIM2
SIM3
SIM4
1
21
22
SIM5
SIM1
SIM2
SIM3
SIM4
1
21
22
SIM5
SIM1
SIM2
SIM3
SIM4
1
21
22
SIM5
SIM1
SIM2
SIM3
SIM4
1
21
22
SIM5
SIM1
SIM2
SIM3
SIM4
1
21
22
SIM5
SIM1
SIM2
SIM3
SIM4
1
21
22
SIM5
SIM1
SIM2
SIM3
SIM4
1
21
22
SIM5
SIM1
SIM2
SIM3
SIM4
1
21
22
SIM5
SIM1
SIM2
SIM3
SIM4
1
21
22
SIM5
SIM1
SIM2
SIM3
SIM4
1
21
22
SIM5
SIM1
SIM2
SIM3
SIM4
1
21
22
SIM5
SIM1
SIM2
SIM3
SIM4
1
21
22
SIM5
SIM1
SIM2
SIM3
SIM4
1
21
22
SIM5
SIM1
SIM2
SIM3
SIM4
1
21
22
SIM5
SIM1
SIM2
SIM3
SIM4
1
21
22
SIM5
SIM1
SIM2
SIM3
SIM4
1
21
22
SIM5
SIM1
SIM2
SIM3
SIM4
1
21
22
SIM5
SIM1
SIM2
SIM3
SIM4
1
21
22
SIM5
SIM1
SIM2
SIM3
SIM4
1
21
22
SIM5
SIM1
SIM2
SIM3
SIM4
1
21
22
SIM5
SIM1
SIM2
SIM3
SIM4
1
21
22
SIM5
SIM1
SIM2
SIM3
SIM4
1
21
22
SIM5
SIM1
SIM2
SIM3
SIM4
1
21
22
SIM5
SIM1
SIM2
SIM3
SIM4
1
21
22
SIM5
SIM1
SIM2
SIM3
SIM4
1
21
22
SIM5
SIM1
SIM2
SIM3
SIM4
1
21
22
SIM5
SIM1
SIM2
SIM3
SIM4
1
21
22
SIM5
SIM1
SIM2
SIM3
SIM4
1
21
22
SIM5
SIM1
SIM2
SIM3
SIM4
1
21
22
SIM5
SIM1
SIM2
SIM3
SIM4
1
21
22
SIM5
SIM1
SIM2
SIM3
SIM4
1
21
22
SIM5
SIM1
SIM2
SIM3
SIM4
1
21
22
SIM5
SIM1
SIM2
SIM3
SIM4
1
21
22
SIM5
SIM1
SIM2
SIM3
SIM4
1
21
22
SIM5
SIM1
SIM2
SIM3
SIM4
1
21
22
SIM5
SIM1
SIM2
SIM3
SIM4
1
21
22
SIM5
SIM1
SIM2
SIM3
SIM4
1
21
22
SIM5
SIM1
SIM2
SIM3
SIM4
1
21
22
SIM5
SIM1
SIM2
SIM3
SIM4
1
21
22
SIM5
SIM1
SIM2
SIM3
SIM4
1
21
22
SIM5
SIM1
SIM2
DEBUG 1 597
SIM1
SIM2
SIM3
SIM4
1
21
22
SIM5
SIM1
SIM2
SIM3
SIM4
1
21
22
SIM5
SIM1
SIM2
SIM3
SIM4
1
21
22
SIM5
SIM1
SIM2
SIM3
SIM4
1
21
22
SIM5
SIM1
SIM2
SIM3
SIM4
1
21
22
SIM5
SIM1
SIM2
SIM3
SIM4
1
21
22
SIM5
SIM1
SIM2
SIM3
SIM4
1
21
22
SIM5
SIM1
SIM2
SIM3
SIM4
1
21
22
SIM5
SIM1
SIM2
SIM3
SIM4
1
21
22
SIM5
SIM1
SIM2
SIM3
SIM4
1
21
22
SIM5
SIM1
SIM2
SIM3
SIM4
1
21
22
SIM5
SIM1
SIM2
SIM3
SIM4
1
21
22
SIM5
SIM1
SIM2
SIM3
SIM4
1
21
22
SIM5
SIM1
SIM2
SIM3
SIM4
1
21
22
SIM5
SIM1
SIM2
SIM3
SIM4
1
21
22
SIM5
SIM1
SIM2
SIM3
SIM4
1
21
22
SIM5
SIM1
SIM2
SIM3
SIM4
1
21
22
SIM5
SIM1
SIM2
SIM3
SIM4
1
21
22
SIM5
SIM1
SIM2
SIM3
SIM4
1
21
22
SIM5
SIM1
SIM2
SIM3
SIM4
1
21
22
SIM5
SIM1
SIM2
SIM3
SIM4
1
21
22
SIM5
SIM1
SIM2
SIM3
SIM4
1
21
22
SIM5
SIM1
SIM2
SIM3
SIM4
1
21
22
SIM5
SIM1
SIM2
SIM3
SIM4
1
21
22
SIM5
SIM1
SIM2
SIM3
SIM4
1
21
22
SIM5
SIM1
SIM2
SIM3
SIM4
1
21
22
SIM5
SIM1
SIM2
SIM3
SIM4
1
21
22
SIM5
SIM1
SIM2
SIM3
SIM4
1
21
22
SIM5
SIM1
SIM2
SIM3
SIM4
1
21
22
SIM5
SIM1
SIM2
SIM3
SIM4
1
21
22
SIM5
SIM1
SIM2
SIM3
SIM4
1
21
22
SIM5
SIM1
SIM2
SIM3
SIM4
1
21
22
SIM5
SIM1
SIM2
SIM3
SIM4
1
21
22
SIM5
SIM1
SIM2
SIM3
SIM4
1
21
22
SIM5
SIM1
SIM2
SIM3
SIM4
1
21
22
SIM5
SIM1
SIM2
SIM3
SIM4
1
21
22
SIM5
SIM1
SIM2
SIM3
SIM4
1
21
22
SIM5
SIM1
SIM2
SIM3
SIM4
1
21
22
SIM5
SIM1
SIM2
SIM3
SIM4
1
21
22
SIM5
SIM1
SIM2
SIM3
SIM4
1
21
22
SIM5
SIM1
SIM2
SIM3
SIM4
1
21
22
SIM5
SIM1
SIM2
SIM3
SIM4
1
21
22
SIM5
SIM1
SIM2
SIM3
SIM4
1
21
22
SIM5
SIM1
SIM2
SIM3
SIM4
1
21
22
SIM5
SIM1
SIM2
SIM3
SIM4
1
21
22
SIM5
SIM1
SIM2
SIM3
SIM4
1
21
22
SIM5
SIM1
SIM2
SIM3
SIM4
1
21
22
SIM5
SIM1
SIM2
SIM3
SIM4
1
21
22
SIM5
SIM1
SIM2
SIM3
SIM4
1
21
22
SIM5
SIM1
SIM2
SIM3
SIM4
1
21
22
SIM5
SIM1
SIM2
SIM3
SIM4
1
21
22
SIM5
SIM1
SIM2
SIM3
SIM4
1
21
22
SIM5
SIM1
SIM2
SIM3
SIM4
1
21
22
SIM5
SIM1
SIM2
SIM3
SIM4
1
21
22
SIM5
SIM1
SIM2
SIM3
SIM4
1
21
22
SIM5
SIM1
SIM2
SIM3
SIM4
1
21
22
SIM5
SIM1
SIM2
SIM3
SIM4
1
21
22
SIM5
SIM1
SIM2
SIM3
SIM4
1
21
22
SIM5
SIM1
SIM2
SIM3
SIM4
1
21
22
SIM5
SIM1
SIM2
SIM3
SIM4
1
21
22
SIM5
SIM1
SIM2
SIM3
SIM4
1
21
22
SIM5
SIM1
SIM2
SIM3
SIM4
1
21
22
SIM5
SIM1
SIM2
SIM3
SIM4
1
21
22
SIM5
SIM1
SIM2
SIM3
SIM4
1
21
22
SIM5
SIM1
SIM2
SIM3
SIM4
1
21
22
SIM5
SIM1
SIM2
SIM3
SIM4
1
21
22
SIM5
SIM1
SIM2
SIM3
SIM4
1
21
22
SIM5
SIM1
SIM2
SIM3
SIM4
1
21
22
SIM5
SIM1
SIM2
SIM3
SIM4
1
21
22
SIM5
SIM1
SIM2
SIM3
SIM4
1
21
22
SIM5
SIM1
SIM2
SIM3
SIM4
1
21
22
SIM5
SIM1
SIM2
SIM3
SIM4
1
21
22
SIM5
SIM1
SIM2
SIM3
SIM4
1
21
22
SIM5
SIM1
SIM2
SIM3
SIM4
1
21
22
SIM5
SIM1
SIM2
SIM3
SIM4
1
21
22
SIM5
SIM1
SIM2
SIM3
SIM4
1
21
22
SIM5
SIM1
SIM2
SIM3
SIM4
1
21
22
SIM5
SIM1
SIM2
SIM3
SIM4
1
21
22
SIM5
SIM1
SIM2
SIM3
SIM4
1
21
22
SIM5
SIM1
SIM2
SIM3
SIM4
1
21
22
SIM5
SIM1
SIM2
SIM3
SIM4
1
21
22
SIM5
SIM1
SIM2
SIM3
SIM4
1
21
22
SIM5
SIM1
SIM2
SIM3
SIM4
1
21
22
SIM5
SIM1
SIM2
SIM3
SIM4
1
21
22
SIM5
SIM1
SIM2
SIM3
SIM4
1
21
22
SIM5
SIM1
SIM2
SIM3
SIM4
1
21
22
SIM5
SIM1
SIM2
SIM3
SIM4
1
21
22
SIM5
SIM1
SIM2
SIM3
SIM4
1
21
22
SIM5
SIM1
SIM2
SIM3
SIM4
1
21
22
SIM5
SIM1
SIM2
SIM3
SIM4
1
21
22
SIM5
SIM1
SIM2
SIM3
SIM4
1
21
22
SIM5
SIM1
SIM2
SIM3
SIM4
1
21
22
SIM5
SIM1
SIM2
SIM3
SIM4
1
21
22
SIM5
SIM1
SIM2
SIM3
SIM4
1
21
22
SIM5
SIM1
SIM2
SIM3
SIM4
1
21
22
SIM5
SIM1
SIM2
SIM3
SIM4
1
21
22
SIM5
SIM1
SIM2
SIM3
SIM4
1
21
22
SIM5
SIM1
SIM2
SIM3
SIM4
1
21
22
SIM5
SIM1
SIM2
SIM3
SIM4
1
21
22
SIM5
SIM1
SIM2
SIM3
SIM4
1
21
22
SIM5
SIM1
SIM2
SIM3
SIM4
1
21
22
SIM5
SIM1
SIM2
SIM3
SIM4
1
21
22
SIM5
SIM1
SIM2
SIM3
SIM4
1
21
22
SIM5
SIM1
SIM2
SIM3
SIM4
1
21
22
SIM5
SIM1
SIM2
SIM3
SIM4
1
21
22
SIM5
SIM1
SIM2
SIM3
SIM4
1
21
22
SIM5
SIM1
SIM2
SIM3
SIM4
1
21
22
SIM5
SIM1
SIM2
SIM3
SIM4
1
21
22
SIM5
SIM1
SIM2
SIM3
SIM4
1
21
22
SIM5
SIM1
SIM2
SIM3
SIM4
1
21
22
SIM5
SIM1
SIM2
SIM3
SIM4
1
21
22
SIM5
SIM1
SIM2
SIM3
SIM4
1
21
22
SIM5
SIM1
SIM2
SIM3
SIM4
1
21
22
SIM5
SIM1
SIM2
SIM3
SIM4
1
21
22
SIM5
SIM1
SIM2
SIM3
SIM4
1
21
22
SIM5
SIM1
SIM2
SIM3
SIM4
1
21
22
SIM5
SIM1
SIM2
SIM3
SIM4
1
21
22
SIM5
SIM1
SIM2
SIM3
SIM4
1
21
22
SIM5
SIM1
SIM2
SIM3
SIM4
1
21
22
SIM5
SIM1
SIM2
SIM3
SIM4
1
21
22
SIM5
SIM1
SIM2
SIM3
SIM4
1
21
22
SIM5
SIM1
SIM2
SIM3
SIM4
1
21
22
SIM5
SIM1
SIM2
SIM3
SIM4
1
21
22
SIM5
SIM1
SIM2
SIM3
SIM4
1
21
22
SIM5
SIM1
SIM2
SIM3
SIM4
1
21
22
SIM5
SIM1
SIM2
SIM3
SIM4
1
21
22
SIM5
SIM1
SIM2
SIM3
SIM4
1
21
22
SIM5
SIM1
SIM2
SIM3
SIM4
1
21
22
SIM5
SIM1
SIM2
SIM3
SIM4
1
21
22
SIM5
SIM1
SIM2
SIM3
SIM4
1
21
22
SIM5
SIM1
SIM2
SIM3
SIM4
1
21
22
SIM5
SIM1
SIM2
SIM3
SIM4
1
21
22
SIM5
SIM1
SIM2
SIM3
SIM4
1
21
22
SIM5
SIM1
SIM2
SIM3
SIM4
1
21
22
SIM5
SIM1
SIM2
SIM3
SIM4
1
21
22
SIM5
SIM1
SIM2
SIM3
SIM4
1
21
22
SIM5
SIM1
SIM2
SIM3
SIM4
1
21
22
SIM5
SIM1
SIM2
SIM3
SIM4
1
21
22
SIM5
SIM1
SIM2
SIM3
SIM4
1
21
22
SIM5
SIM1
SIM2
SIM3
SIM4
1
21
22
SIM5
SIM1
SIM2
SIM3
SIM4
1
21
22
SIM5
SIM1
SIM2
SIM3
SIM4
1
21
22
SIM5
SIM1
SIM2
SIM3
SIM4
1
21
22
SIM5
SIM1
SIM2
SIM3
SIM4
1
21
22
SIM5
SIM1
SIM2
SIM3
SIM4
1
21
22
SIM5
SIM1
SIM2
SIM3
SIM4
1
21
22
SIM5
SIM1
SIM2
SIM3
SIM4
1
21
22
SIM5
SIM1
SIM2
SIM3
SIM4
1
21
22
SIM5
SIM1
SIM2
SIM3
SIM4
1
21
22
SIM5
SIM1
SIM2
SIM3
SIM4
1
21
22
SIM5
SIM1
SIM2
SIM3
SIM4
1
21
22
SIM5
SIM1
SIM2
SIM3
SIM4
1
21
22
SIM5
SIM1
SIM2
SIM3
SIM4
1
21
22
SIM5
SIM1
SIM2
SIM3
SIM4
1
21
22
SIM5
SIM1
SIM2
SIM3
SIM4
1
21
22
SIM5
SIM1
SIM2
SIM3
SIM4
1
21
22
SIM5
SIM1
SIM2
SIM3
SIM4
1
21
22
SIM5
SIM1
SIM2
SIM3
SIM4
1
21
22
SIM5
SIM1
SIM2
SIM3
SIM4
1
21
22
SIM5
SIM1
SIM2
SIM3
SIM4
1
21
22
SIM5
SIM1
SIM2
SIM3
SIM4
1
21
22
SIM5
SIM1
SIM2
SIM3
SIM4
1
21
22
SIM5
SIM1
SIM2
SIM3
SIM4
1
21
22
SIM5
SIM1
SIM2
SIM3
SIM4
1
21
22
SIM5
SIM1
SIM2
SIM3
SIM4
1
21
22
SIM5
SIM1
SIM2
SIM3
SIM4
1
21
22
SIM5
SIM1
SIM2
SIM3
SIM4
1
21
22
SIM5
SIM1
SIM2
SIM3
SIM4
1
21
22
SIM5
SIM1
SIM2
SIM3
SIM4
1
21
22
SIM5
SIM1
SIM2
DEBUG 1 598
SIM1
SIM2
SIM3
SIM4
1
21
22
SIM5
SIM1
SIM2
SIM3
SIM4
1
21
22
SIM5
SIM1
SIM2
SIM3
SIM4
1
21
22
SIM5
SIM1
SIM2
SIM3
SIM4
1
21
22
SIM5
SIM1
SIM2
SIM3
SIM4
1
21
22
SIM5
SIM1
SIM2
SIM3
SIM4
1
21
22
SIM5
SIM1
SIM2
SIM3
SIM4
1
21
22
SIM5
SIM1
SIM2
SIM3
SIM4
1
21
22
SIM5
SIM1
SIM2
SIM3
SIM4
1
21
22
SIM5
SIM1
SIM2
SIM3
SIM4
1
21
22
SIM5
SIM1
SIM2
SIM3
SIM4
1
21
22
SIM5
SIM1
SIM2
SIM3
SIM4
1
21
22
SIM5
SIM1
SIM2
SIM3
SIM4
1
21
22
SIM5
SIM1
SIM2
SIM3
SIM4
1
21
22
SIM5
SIM1
SIM2
SIM3
SIM4
1
21
22
SIM5
SIM1
SIM2
SIM3
SIM4
1
21
22
SIM5
SIM1
SIM2
SIM3
SIM4
1
21
22
SIM5
SIM1
SIM2
SIM3
SIM4
1
21
22
SIM5
SIM1
SIM2
SIM3
SIM4
1
21
22
SIM5
SIM1
SIM2
SIM3
SIM4
1
21
22
SIM5
SIM1
SIM2
SIM3
SIM4
1
21
22
SIM5
SIM1
SIM2
SIM3
SIM4
1
21
22
SIM5
SIM1
SIM2
SIM3
SIM4
1
21
22
SIM5
SIM1
SIM2
SIM3
SIM4
1
21
22
SIM5
SIM1
SIM2
SIM3
SIM4
1
21
22
SIM5
SIM1
SIM2
SIM3
SIM4
1
21
22
SIM5
SIM1
SIM2
SIM3
SIM4
1
21
22
SIM5
SIM1
SIM2
SIM3
SIM4
1
21
22
SIM5
SIM1
SIM2
SIM3
SIM4
1
21
22
SIM5
SIM1
SIM2
SIM3
SIM4
1
21
22
SIM5
SIM1
SIM2
SIM3
SIM4
1
21
22
SIM5
SIM1
SIM2
SIM3
SIM4
1
21
22
SIM5
SIM1
SIM2
SIM3
SIM4
1
21
22
SIM5
SIM1
SIM2
SIM3
SIM4
1
21
22
SIM5
SIM1
SIM2
SIM3
SIM4
1
21
22
SIM5
SIM1
SIM2
SIM3
SIM4
1
21
22
SIM5
SIM1
SIM2
SIM3
SIM4
1
21
22
SIM5
SIM1
SIM2
SIM3
SIM4
1
21
22
SIM5
SIM1
SIM2
SIM3
SIM4
1
21
22
SIM5
SIM1
SIM2
SIM3
SIM4
1
21
22
SIM5
SIM1
SIM2
SIM3
SIM4
1
21
22
SIM5
SIM1
SIM2
SIM3
SIM4
1
21
22
SIM5
SIM1
SIM2
SIM3
SIM4
1
21
22
SIM5
SIM1
SIM2
SIM3
SIM4
1
21
22
SIM5
SIM1
SIM2
SIM3
SIM4
1
21
22
SIM5
SIM1
SIM2
SIM3
SIM4
1
21
22
SIM5
SIM1
SIM2
SIM3
SIM4
1
21
22
SIM5
SIM1
SIM2
SIM3
SIM4
1
21
22
SIM5
SIM1
SIM2
SIM3
SIM4
1
21
22
SIM5
SIM1
SIM2
SIM3
SIM4
1
21
22
SIM5
SIM1
SIM2
SIM3
SIM4
1
21
22
SIM5
SIM1
SIM2
SIM3
SIM4
1
21
22
SIM5
SIM1
SIM2
SIM3
SIM4
1
21
22
SIM5
SIM1
SIM2
SIM3
SIM4
1
21
22
SIM5
SIM1
SIM2
SIM3
SIM4
1
21
22
SIM5
SIM1
SIM2
SIM3
SIM4
1
21
22
SIM5
SIM1
SIM2
SIM3
SIM4
1
21
22
SIM5
SIM1
SIM2
SIM3
SIM4
1
21
22
SIM5
SIM1
SIM2
SIM3
SIM4
1
21
22
SIM5
SIM1
SIM2
SIM3
SIM4
1
21
22
SIM5
SIM1
SIM2
SIM3
SIM4
1
21
22
SIM5
SIM1
SIM2
SIM3
SIM4
1
21
22
SIM5
SIM1
SIM2
SIM3
SIM4
1
21
22
SIM5
SIM1
SIM2
SIM3
SIM4
1
21
22
SIM5
SIM1
SIM2
SIM3
SIM4
1
21
22
SIM5
SIM1
SIM2
SIM3
SIM4
1
21
22
SIM5
SIM1
SIM2
SIM3
SIM4
1
21
22
SIM5
SIM1
SIM2
SIM3
SIM4
1
21
22
SIM5
SIM1
SIM2
SIM3
SIM4
1
21
22
SIM5
SIM1
SIM2
SIM3
SIM4
1
21
22
SIM5
SIM1
SIM2
SIM3
SIM4
1
21
22
SIM5
SIM1
SIM2
SIM3
SIM4
1
21
22
SIM5
SIM1
SIM2
SIM3
SIM4
1
21
22
SIM5
SIM1
SIM2
SIM3
SIM4
1
21
22
SIM5
SIM1
SIM2
SIM3
SIM4
1
21
22
SIM5
SIM1
SIM2
SIM3
SIM4
1
21
22
SIM5
SIM1
SIM2
SIM3
SIM4
1
21
22
SIM5
SIM1
SIM2
SIM3
SIM4
1
21
22
SIM5
SIM1
SIM2
SIM3
SIM4
1
21
22
SIM5
SIM1
SIM2
SIM3
SIM4
1
21
22
SIM5
SIM1
SIM2
SIM3
SIM4
1
21
22
SIM5
SIM1
SIM2
SIM3
SIM4
1
21
22
SIM5
SIM1
SIM2
SIM3
SIM4
1
21
22
SIM5
SIM1
SIM2
SIM3
SIM4
1
21
22
SIM5
SIM1
SIM2
SIM3
SIM4
1
21
22
SIM5
SIM1
SIM2
SIM3
SIM4
1
21
22
SIM5
SIM1
SIM2
SIM3
SIM4
1
21
22
SIM5
SIM1
SIM2
SIM3
SIM4
1
21
22
SIM5
SIM1
SIM2
SIM3
SIM4
1
21
22
SIM5
SIM1
SIM2
SIM3
SIM4
1
21
22
SIM5
SIM1
SIM2
SIM3
SIM4
1
21
22
SIM5
SIM1
SIM2
SIM3
SIM4
1
21
22
SIM5
SIM1
SIM2
SIM3
SIM4
1
21
22
SIM5
SIM1
SIM2
SIM3
SIM4
1
21
22
SIM5
SIM1
SIM2
SIM3
SIM4
1
21
22
SIM5
SIM1
SIM2
SIM3
SIM4
1
21
22
SIM5
SIM1
SIM2
SIM3
SIM4
1
21
22
SIM5
SIM1
SIM2
SIM3
SIM4
1
21
22
SIM5
SIM1
SIM2
SIM3
SIM4
1
21
22
SIM5
SIM1
SIM2
SIM3
SIM4
1
21
22
SIM5
SIM1
SIM2
SIM3
SIM4
1
21
22
SIM5
SIM1
SIM2
SIM3
SIM4
1
21
22
SIM5
SIM1
SIM2
SIM3
SIM4
1
21
22
SIM5
SIM1
SIM2
SIM3
SIM4
1
21
22
SIM5
SIM1
SIM2
SIM3
SIM4
1
21
22
SIM5
SIM1
SIM2
SIM3
SIM4
1
21
22
SIM5
SIM1
SIM2
SIM3
SIM4
1
21
22
SIM5
SIM1
SIM2
SIM3
SIM4
1
21
22
SIM5
SIM1
SIM2
SIM3
SIM4
1
21
22
SIM5
SIM1
SIM2
SIM3
SIM4
1
21
22
SIM5
SIM1
SIM2
SIM3
SIM4
1
21
22
SIM5
SIM1
SIM2
SIM3
SIM4
1
21
22
SIM5
SIM1
SIM2
SIM3
SIM4
1
21
22
SIM5
SIM1
SIM2
SIM3
SIM4
1
21
22
SIM5
SIM1
SIM2
SIM3
SIM4
1
21
22
SIM5
SIM1
SIM2
SIM3
SIM4
1
21
22
SIM5
SIM1
SIM2
SIM3
SIM4
1
21
22
SIM5
SIM1
SIM2
SIM3
SIM4
1
21
22
SIM5
SIM1
SIM2
SIM3
SIM4
1
21
22
SIM5
SIM1
SIM2
SIM3
SIM4
1
21
22
SIM5
SIM1
SIM2
SIM3
SIM4
1
21
22
SIM5
SIM1
SIM2
SIM3
SIM4
1
21
22
SIM5
SIM1
SIM2
SIM3
SIM4
1
21
22
SIM5
SIM1
SIM2
SIM3
SIM4
1
21
22
SIM5
SIM1
SIM2
SIM3
SIM4
1
21
22
SIM5
SIM1
SIM2
SIM3
SIM4
1
21
22
SIM5
SIM1
SIM2
SIM3
SIM4
1
21
22
SIM5
SIM1
SIM2
SIM3
SIM4
1
21
22
SIM5
SIM1
SIM2
SIM3
SIM4
1
21
22
SIM5
SIM1
SIM2
SIM3
SIM4
1
21
22
SIM5
SIM1
SIM2
SIM3
SIM4
1
21
22
SIM5
SIM1
SIM2
SIM3
SIM4
1
21
22
SIM5
SIM1
SIM2
SIM3
SIM4
1
21
22
SIM5
SIM1
SIM2
SIM3
SIM4
1
21
22
SIM5
SIM1
SIM2
SIM3
SIM4
1
21
22
SIM5
SIM1
SIM2
SIM3
SIM4
1
21
22
SIM5
SIM1
SIM2
SIM3
SIM4
1
21
22
SIM5
SIM1
SIM2
SIM3
SIM4
1
21
22
SIM5
SIM1
SIM2
SIM3
SIM4
1
21
22
SIM5
SIM1
SIM2
SIM3
SIM4
1
21
22
SIM5
SIM1
SIM2
SIM3
SIM4
1
21
22
SIM5
SIM1
SIM2
SIM3
SIM4
1
21
22
SIM5
SIM1
SIM2
SIM3
SIM4
1
21
22
SIM5
SIM1
SIM2
SIM3
SIM4
1
21
22
SIM5
SIM1
SIM2
DEBUG 1 599
SIM1
SIM2
SIM3
SIM4
1
21
22
SIM5
SIM1
SIM2
SIM3
SIM4
1
21
22
SIM5
SIM1
SIM2
SIM3
SIM4
1
21
22
SIM5
SIM1
SIM2
SIM3
SIM4
1
21
22
SIM5
SIM1
SIM2
SIM3
SIM4
1
21
22
SIM5
SIM1
SIM2
SIM3
SIM4
1
21
22
SIM5
SIM1
SIM2
SIM3
SIM4
1
21
22
SIM5
SIM1
SIM2
SIM3
SIM4
1
21
22
SIM5
SIM1
SIM2
SIM3
SIM4
1
21
22
SIM5
SIM1
SIM2
SIM3
SIM4
1
21
22
SIM5
SIM1
SIM2
SIM3
SIM4
1
21
22
SIM5
SIM1
SIM2
SIM3
SIM4
1
21
22
SIM5
SIM1
SIM2
SIM3
SIM4
1
21
22
SIM5
SIM1
SIM2
SIM3
SIM4
1
21
22
SIM5
SIM1
SIM2
SIM3
SIM4
1
21
22
SIM5
SIM1
SIM2
SIM3
SIM4
1
21
22
SIM5
SIM1
SIM2
SIM3
SIM4
1
21
22
SIM5
SIM1
SIM2
SIM3
SIM4
1
21
22
SIM5
SIM1
SIM2
SIM3
SIM4
1
21
22
SIM5
SIM1
SIM2
SIM3
SIM4
1
21
22
SIM5
SIM1
SIM2
SIM3
SIM4
1
21
22
SIM5
SIM1
SIM2
SIM3
SIM4
1
21
22
SIM5
SIM1
SIM2
SIM3
SIM4
1
21
22
SIM5
SIM1
SIM2
SIM3
SIM4
1
21
22
SIM5
SIM1
SIM2
SIM3
SIM4
1
21
22
SIM5
SIM1
SIM2
SIM3
SIM4
1
21
22
SIM5
SIM1
SIM2
SIM3
SIM4
1
21
22
SIM5
SIM1
SIM2
SIM3
SIM4
1
21
22
SIM5
SIM1
SIM2
SIM3
SIM4
1
21
22
SIM5
SIM1
SIM2
SIM3
SIM4
1
21
22
SIM5
SIM1
SIM2
SIM3
SIM4
1
21
22
SIM5
SIM1
SIM2
SIM3
SIM4
1
21
22
SIM5
SIM1
SIM2
SIM3
SIM4
1
21
22
SIM5
SIM1
SIM2
SIM3
SIM4
1
21
22
SIM5
SIM1
SIM2
SIM3
SIM4
1
21
22
SIM5
SIM1
SIM2
SIM3
SIM4
1
21
22
SIM5
SIM1
SIM2
SIM3
SIM4
1
21
22
SIM5
SIM1
SIM2
SIM3
SIM4
1
21
22
SIM5
SIM1
SIM2
SIM3
SIM4
1
21
22
SIM5
SIM1
SIM2
SIM3
SIM4
1
21
22
SIM5
SIM1
SIM2
SIM3
SIM4
1
21
22
SIM5
SIM1
SIM2
SIM3
SIM4
1
21
22
SIM5
SIM1
SIM2
SIM3
SIM4
1
21
22
SIM5
SIM1
SIM2
SIM3
SIM4
1
21
22
SIM5
SIM1
SIM2
SIM3
SIM4
1
21
22
SIM5
SIM1
SIM2
SIM3
SIM4
1
21
22
SIM5
SIM1
SIM2
SIM3
SIM4
1
21
22
SIM5
SIM1
SIM2
SIM3
SIM4
1
21
22
SIM5
SIM1
SIM2
SIM3
SIM4
1
21
22
SIM5
SIM1
SIM2
SIM3
SIM4
1
21
22
SIM5
SIM1
SIM2
SIM3
SIM4
1
21
22
SIM5
SIM1
SIM2
SIM3
SIM4
1
21
22
SIM5
SIM1
SIM2
SIM3
SIM4
1
21
22
SIM5
SIM1
SIM2
SIM3
SIM4
1
21
22
SIM5
SIM1
SIM2
SIM3
SIM4
1
21
22
SIM5
SIM1
SIM2
SIM3
SIM4
1
21
22
SIM5
SIM1
SIM2
SIM3
SIM4
1
21
22
SIM5
SIM1
SIM2
SIM3
SIM4
1
21
22
SIM5
SIM1
SIM2
SIM3
SIM4
1
21
22
SIM5
SIM1
SIM2
SIM3
SIM4
1
21
22
SIM5
SIM1
SIM2
SIM3
SIM4
1
21
22
SIM5
SIM1
SIM2
SIM3
SIM4
1
21
22
SIM5
SIM1
SIM2
SIM3
SIM4
1
21
22
SIM5
SIM1
SIM2
SIM3
SIM4
1
21
22
SIM5
SIM1
SIM2
SIM3
SIM4
1
21
22
SIM5
SIM1
SIM2
SIM3
SIM4
1
21
22
SIM5
SIM1
SIM2
SIM3
SIM4
1
21
22
SIM5
SIM1
SIM2
SIM3
SIM4
1
21
22
SIM5
SIM1
SIM2
SIM3
SIM4
1
21
22
SIM5
SIM1
SIM2
SIM3
SIM4
1
21
22
SIM5
SIM1
SIM2
SIM3
SIM4
1
21
22
SIM5
SIM1
SIM2
SIM3
SIM4
1
21
22
SIM5
SIM1
SIM2
SIM3
SIM4
1
21
22
SIM5
SIM1
SIM2
SIM3
SIM4
1
21
22
SIM5
SIM1
SIM2
SIM3
SIM4
1
21
22
SIM5
SIM1
SIM2
SIM3
SIM4
1
21
22
SIM5
SIM1
SIM2
SIM3
SIM4
1
21
22
SIM5
SIM1
SIM2
SIM3
SIM4
1
21
22
SIM5
SIM1
SIM2
SIM3
SIM4
1
21
22
SIM5
SIM1
SIM2
SIM3
SIM4
1
21
22
SIM5
SIM1
SIM2
SIM3
SIM4
1
21
22
SIM5
SIM1
SIM2
SIM3
SIM4
1
21
22
SIM5
SIM1
SIM2
SIM3
SIM4
1
21
22
SIM5
SIM1
SIM2
SIM3
SIM4
1
21
22
SIM5
SIM1
SIM2
SIM3
SIM4
1
21
22
SIM5
SIM1
SIM2
SIM3
SIM4
1
21
22
SIM5
SIM1
SIM2
SIM3
SIM4
1
21
22
SIM5
SIM1
SIM2
SIM3
SIM4
1
21
22
SIM5
SIM1
SIM2
SIM3
SIM4
1
21
22
SIM5
SIM1
SIM2
SIM3
SIM4
1
21
22
SIM5
SIM1
SIM2
SIM3
SIM4
1
21
22
SIM5
SIM1
SIM2
SIM3
SIM4
1
21
22
SIM5
SIM1
SIM2
SIM3
SIM4
1
21
22
SIM5
SIM1
SIM2
SIM3
SIM4
1
21
22
SIM5
SIM1
SIM2
SIM3
SIM4
1
21
22
SIM5
SIM1
SIM2
SIM3
SIM4
1
21
22
SIM5
SIM1
SIM2
SIM3
SIM4
1
21
22
SIM5
SIM1
SIM2
SIM3
SIM4
1
21
22
SIM5
SIM1
SIM2
SIM3
SIM4
1
21
22
SIM5
SIM1
SIM2
SIM3
SIM4
1
21
22
SIM5
SIM1
SIM2
SIM3
SIM4
1
21
22
SIM5
SIM1
SIM2
SIM3
SIM4
1
21
22
SIM5
SIM1
SIM2
SIM3
SIM4
1
21
22
SIM5
SIM1
SIM2
SIM3
SIM4
1
21
22
SIM5
SIM1
SIM2
SIM3
SIM4
1
21
22
SIM5
SIM1
SIM2
SIM3
SIM4
1
21
22
SIM5
SIM1
SIM2
SIM3
SIM4
1
21
22
SIM5
SIM1
SIM2
SIM3
SIM4
1
21
22
SIM5
SIM1
SIM2
SIM3
SIM4
1
21
22
SIM5
SIM1
SIM2
SIM3
SIM4
1
21
22
SIM5
SIM1
SIM2
SIM3
SIM4
1
21
22
SIM5
SIM1
SIM2
SIM3
SIM4
1
21
22
SIM5
SIM1
SIM2
SIM3
SIM4
1
21
22
SIM5
SIM1
SIM2
SIM3
SIM4
1
21
22
SIM5
SIM1
SIM2
SIM3
SIM4
1
21
22
SIM5
SIM1
SIM2
SIM3
SIM4
1
21
22
SIM5
SIM1
SIM2
SIM3
SIM4
1
21
22
SIM5
SIM1
SIM2
SIM3
SIM4
1
21
22
SIM5
SIM1
SIM2
SIM3
SIM4
1
21
22
SIM5
SIM1
SIM2
SIM3
SIM4
1
21
22
SIM5
SIM1
SIM2
SIM3
SIM4
1
21
22
SIM5
SIM1
SIM2
DEBUG 1 600
SIM1
SIM2
SIM3
SIM4
1
21
22
SIM5
SIM1
SIM2
SIM3
SIM4
1
21
22
SIM5
SIM1
SIM2
SIM3
SIM4
1
21
22
SIM5
SIM1
SIM2
SIM3
SIM4
1
21
22
SIM5
SIM1
SIM2
SIM3
SIM4
1
21
22
SIM5
SIM1
SIM2
SIM3
SIM4
1
21
22
SIM5
SIM1
SIM2
SIM3
SIM4
1
21
22
SIM5
SIM1
SIM2
SIM3
SIM4
1
21
22
SIM5
SIM1
SIM2
SIM3
SIM4
1
21
22
SIM5
SIM1
SIM2
SIM3
SIM4
1
21
22
SIM5
SIM1
SIM2
SIM3
SIM4
1
21
22
SIM5
SIM1
SIM2
SIM3
SIM4
1
21
22
SIM5
SIM1
SIM2
SIM3
SIM4
1
21
22
SIM5
SIM1
SIM2
SIM3
SIM4
1
21
22
SIM5
SIM1
SIM2
SIM3
SIM4
1
21
22
SIM5
SIM1
SIM2
SIM3
SIM4
1
21
22
SIM5
SIM1
SIM2
SIM3
SIM4
1
21
22
SIM5
SIM1
SIM2
SIM3
SIM4
1
21
22
SIM5
SIM1
SIM2
SIM3
SIM4
1
21
22
SIM5
SIM1
SIM2
SIM3
SIM4
1
21
22
SIM5
SIM1
SIM2
SIM3
SIM4
1
21
22
SIM5
SIM1
SIM2
SIM3
SIM4
1
21
22
SIM5
SIM1
SIM2
SIM3
SIM4
1
21
22
SIM5
SIM1
SIM2
SIM3
SIM4
1
21
22
SIM5
SIM1
SIM2
SIM3
SIM4
1
21
22
SIM5
SIM1
SIM2
SIM3
SIM4
1
21
22
SIM5
SIM1
SIM2
SIM3
SIM4
1
21
22
SIM5
SIM1
SIM2
SIM3
SIM4
1
21
22
SIM5
SIM1
SIM2
SIM3
SIM4
1
21
22
SIM5
SIM1
SIM2
SIM3
SIM4
1
21
22
SIM5
SIM1
SIM2
SIM3
SIM4
1
21
22
SIM5
SIM1
SIM2
SIM3
SIM4
1
21
22
SIM5
SIM1
SIM2
SIM3
SIM4
1
21
22
SIM5
SIM1
SIM2
SIM3
SIM4
1
21
22
SIM5
SIM1
SIM2
SIM3
SIM4
1
21
22
SIM5
SIM1
SIM2
SIM3
SIM4
1
21
22
SIM5
SIM1
SIM2
SIM3
SIM4
1
21
22
SIM5
SIM1
SIM2
SIM3
SIM4
1
21
22
SIM5
SIM1
SIM2
SIM3
SIM4
1
21
22
SIM5
SIM1
SIM2
SIM3
SIM4
1
21
22
SIM5
SIM1
SIM2
SIM3
SIM4
1
21
22
SIM5
SIM1
SIM2
SIM3
SIM4
1
21
22
SIM5
SIM1
SIM2
SIM3
SIM4
1
21
22
SIM5
SIM1
SIM2
SIM3
SIM4
1
21
22
SIM5
SIM1
SIM2
SIM3
SIM4
1
21
22
SIM5
SIM1
SIM2
SIM3
SIM4
1
21
22
SIM5
SIM1
SIM2
SIM3
SIM4
1
21
22
SIM5
SIM1
SIM2
SIM3
SIM4
1
21
22
SIM5
SIM1
SIM2
SIM3
SIM4
1
21
22
SIM5
SIM1
SIM2
SIM3
SIM4
1
21
22
SIM5
SIM1
SIM2
SIM3
SIM4
1
21
22
SIM5
SIM1
SIM2
SIM3
SIM4
1
21
22
SIM5
SIM1
SIM2
SIM3
SIM4
1
21
22
SIM5
SIM1
SIM2
SIM3
SIM4
1
21
22
SIM5
SIM1
SIM2
SIM3
SIM4
1
21
22
SIM5
SIM1
SIM2
SIM3
SIM4
1
21
22
SIM5
SIM1
SIM2
SIM3
SIM4
1
21
22
SIM5
SIM1
SIM2
SIM3
SIM4
1
21
22
SIM5
SIM1
SIM2
SIM3
SIM4
1
21
22
SIM5
SIM1
SIM2
SIM3
SIM4
1
21
22
SIM5
SIM1
SIM2
SIM3
SIM4
1
21
22
SIM5
SIM1
SIM2
SIM3
SIM4
1
21
22
SIM5
SIM1
SIM2
SIM3
SIM4
1
21
22
SIM5
SIM1
SIM2
SIM3
SIM4
1
21
22
SIM5
SIM1
SIM2
SIM3
SIM4
1
21
22
SIM5
SIM1
SIM2
SIM3
SIM4
1
21
22
SIM5
SIM1
SIM2
SIM3
SIM4
1
21
22
SIM5
SIM1
SIM2
SIM3
SIM4
1
21
22
SIM5
SIM1
SIM2
SIM3
SIM4
1
21
22
SIM5
SIM1
SIM2
SIM3
SIM4
1
21
22
SIM5
SIM1
SIM2
SIM3
SIM4
1
21
22
SIM5
SIM1
SIM2
SIM3
SIM4
1
21
22
SIM5
SIM1
SIM2
SIM3
SIM4
1
21
22
SIM5
SIM1
SIM2
SIM3
SIM4
1
21
22
SIM5
SIM1
SIM2
SIM3
SIM4
1
21
22
SIM5
SIM1
SIM2
SIM3
SIM4
1
21
22
SIM5
SIM1
SIM2
SIM3
SIM4
1
21
22
SIM5
SIM1
SIM2
SIM3
SIM4
1
21
22
SIM5
SIM1
SIM2
SIM3
SIM4
1
21
22
SIM5
SIM1
SIM2
SIM3
SIM4
1
21
22
SIM5
SIM1
SIM2
SIM3
SIM4
1
21
22
SIM5
SIM1
SIM2
SIM3
SIM4
1
21
22
SIM5
SIM1
SIM2
SIM3
SIM4
1
21
22
SIM5
SIM1
SIM2
SIM3
SIM4
1
21
22
SIM5
SIM1
SIM2
SIM3
SIM4
1
21
22
SIM5
SIM1
SIM2
SIM3
SIM4
1
21
22
SIM5
SIM1
SIM2
SIM3
SIM4
1
21
22
SIM5
SIM1
SIM2
SIM3
SIM4
1
21
22
SIM5
SIM1
SIM2
SIM3
SIM4
1
21
22
SIM5
SIM1
SIM2
SIM3
SIM4
1
21
22
SIM5
SIM1
SIM2
SIM3
SIM4
1
21
22
SIM5
SIM1
SIM2
SIM3
SIM4
1
21
22
SIM5
SIM1
SIM2
SIM3
SIM4
1
21
22
SIM5
SIM1
SIM2
SIM3
SIM4
1
21
22
SIM5
SIM1
SIM2
SIM3
SIM4
1
21
22
SIM5
SIM1
SIM2
SIM3
SIM4
1
21
22
SIM5
SIM1
SIM2
SIM3
SIM4
1
21
22
SIM5
SIM1
SIM2
SIM3
SIM4
1
21
22
SIM5
SIM1
SIM2
SIM3
SIM4
1
21
22
SIM5
SIM1
SIM2
SIM3
SIM4
1
21
22
SIM5
SIM1
SIM2
SIM3
SIM4
1
21
22
SIM5
SIM1
SIM2
SIM3
SIM4
1
21
22
SIM5
SIM1
SIM2
SIM3
SIM4
1
21
22
SIM5
SIM1
SIM2
DEBUG 1 601
SIM1
SIM2
SIM3
SIM4
1
21
22
SIM5
SIM1
SIM2
SIM3
SIM4
1
21
22
SIM5
SIM1
SIM2
SIM3
SIM4
1
21
22
SIM5
SIM1
SIM2
SIM3
SIM4
1
21
22
SIM5
SIM1
SIM2
SIM3
SIM4
1
21
22
SIM5
SIM1
SIM2
SIM3
SIM4
1
21
22
SIM5
SIM1
SIM2
SIM3
SIM4
1
21
22
SIM5
SIM1
SIM2
SIM3
SIM4
1
21
22
SIM5
SIM1
SIM2
SIM3
SIM4
1
21
22
SIM5
SIM1
SIM2
SIM3
SIM4
1
21
22
SIM5
SIM1
SIM2
SIM3
SIM4
1
21
22
SIM5
SIM1
SIM2
SIM3
SIM4
1
21
22
SIM5
SIM1
SIM2
SIM3
SIM4
1
21
22
SIM5
SIM1
SIM2
SIM3
SIM4
1
21
22
SIM5
SIM1
SIM2
SIM3
SIM4
1
21
22
SIM5
SIM1
SIM2
SIM3
SIM4
1
21
22
SIM5
SIM1
SIM2
SIM3
SIM4
1
21
22
SIM5
SIM1
SIM2
SIM3
SIM4
1
21
22
SIM5
SIM1
SIM2
SIM3
SIM4
1
21
22
SIM5
SIM1
SIM2
SIM3
SIM4
1
21
22
SIM5
SIM1
SIM2
SIM3
SIM4
1
21
22
SIM5
SIM1
SIM2
SIM3
SIM4
1
21
22
SIM5
SIM1
SIM2
SIM3
SIM4
1
21
22
SIM5
SIM1
SIM2
SIM3
SIM4
1
21
22
SIM5
SIM1
SIM2
SIM3
SIM4
1
21
22
SIM5
SIM1
SIM2
SIM3
SIM4
1
21
22
SIM5
SIM1
SIM2
SIM3
SIM4
1
21
22
SIM5
SIM1
SIM2
SIM3
SIM4
1
21
22
SIM5
SIM1
SIM2
SIM3
SIM4
1
21
22
SIM5
SIM1
SIM2
SIM3
SIM4
1
21
22
SIM5
SIM1
SIM2
SIM3
SIM4
1
21
22
SIM5
SIM1
SIM2
SIM3
SIM4
1
21
22
SIM5
SIM1
SIM2
SIM3
SIM4
1
21
22
SIM5
SIM1
SIM2
SIM3
SIM4
1
21
22
SIM5
SIM1
SIM2
SIM3
SIM4
1
21
22
SIM5
SIM1
SIM2
SIM3
SIM4
1
21
22
SIM5
SIM1
SIM2
SIM3
SIM4
1
21
22
SIM5
SIM1
SIM2
SIM3
SIM4
1
21
22
SIM5
SIM1
SIM2
SIM3
SIM4
1
21
22
SIM5
SIM1
SIM2
SIM3
SIM4
1
21
22
SIM5
SIM1
SIM2
SIM3
SIM4
1
21
22
SIM5
SIM1
SIM2
SIM3
SIM4
1
21
22
SIM5
SIM1
SIM2
SIM3
SIM4
1
21
22
SIM5
SIM1
SIM2
SIM3
SIM4
1
21
22
SIM5
SIM1
SIM2
SIM3
SIM4
1
21
22
SIM5
SIM1
SIM2
SIM3
SIM4
1
21
22
SIM5
SIM1
SIM2
SIM3
SIM4
1
21
22
SIM5
SIM1
SIM2
SIM3
SIM4
1
21
22
SIM5
SIM1
SIM2
SIM3
SIM4
1
21
22
SIM5
SIM1
SIM2
SIM3
SIM4
1
21
22
SIM5
SIM1
SIM2
SIM3
SIM4
1
21
22
SIM5
SIM1
SIM2
SIM3
SIM4
1
21
22
SIM5
SIM1
SIM2
SIM3
SIM4
1
21
22
SIM5
SIM1
SIM2
SIM3
SIM4
1
21
22
SIM5
SIM1
SIM2
SIM3
SIM4
1
21
22
SIM5
SIM1
SIM2
SIM3
SIM4
1
21
22
SIM5
SIM1
SIM2
SIM3
SIM4
1
21
22
SIM5
SIM1
SIM2
SIM3
SIM4
1
21
22
SIM5
SIM1
SIM2
SIM3
SIM4
1
21
22
SIM5
SIM1
SIM2
SIM3
SIM4
1
21
22
SIM5
SIM1
SIM2
SIM3
SIM4
1
21
22
SIM5
SIM1
SIM2
SIM3
SIM4
1
21
22
SIM5
SIM1
SIM2
SIM3
SIM4
1
21
22
SIM5
SIM1
SIM2
SIM3
SIM4
1
21
22
SIM5
SIM1
SIM2
SIM3
SIM4
1
21
22
SIM5
SIM1
SIM2
SIM3
SIM4
1
21
22
SIM5
SIM1
SIM2
SIM3
SIM4
1
21
22
SIM5
SIM1
SIM2
SIM3
SIM4
1
21
22
SIM5
SIM1
SIM2
SIM3
SIM4
1
21
22
SIM5
SIM1
SIM2
SIM3
SIM4
1
21
22
SIM5
SIM1
SIM2
SIM3
SIM4
1
21
22
SIM5
SIM1
SIM2
SIM3
SIM4
1
21
22
SIM5
SIM1
SIM2
SIM3
SIM4
1
21
22
SIM5
SIM1
SIM2
SIM3
SIM4
1
21
22
SIM5
SIM1
SIM2
SIM3
SIM4
1
21
22
SIM5
SIM1
SIM2
SIM3
SIM4
1
21
22
SIM5
SIM1
SIM2
SIM3
SIM4
1
21
22
SIM5
SIM1
SIM2
SIM3
SIM4
1
21
22
SIM5
SIM1
SIM2
SIM3
SIM4
1
21
22
SIM5
SIM1
SIM2
SIM3
SIM4
1
21
22
SIM5
SIM1
SIM2
SIM3
SIM4
1
21
22
SIM5
SIM1
SIM2
SIM3
SIM4
1
21
22
SIM5
SIM1
SIM2
SIM3
SIM4
1
21
22
SIM5
SIM1
SIM2
SIM3
SIM4
1
21
22
SIM5
SIM1
SIM2
SIM3
SIM4
1
21
22
SIM5
SIM1
SIM2
SIM3
SIM4
1
21
22
SIM5
SIM1
SIM2
SIM3
SIM4
1
21
22
SIM5
SIM1
SIM2
SIM3
SIM4
1
21
22
SIM5
SIM1
SIM2
SIM3
SIM4
1
21
22
SIM5
SIM1
SIM2
SIM3
SIM4
1
21
22
SIM5
SIM1
SIM2
SIM3
SIM4
1
21
22
SIM5
SIM1
SIM2
SIM3
SIM4
1
21
22
SIM5
SIM1
SIM2
SIM3
SIM4
1
21
22
SIM5
SIM1
SIM2
DEBUG 1 602
SIM1
SIM2
SIM3
SIM4
1
21
22
SIM5
SIM1
SIM2
SIM3
SIM4
1
21
22
SIM5
SIM1
SIM2
SIM3
SIM4
1
21
22
SIM5
SIM1
SIM2
SIM3
SIM4
1
21
22
SIM5
SIM1
SIM2
SIM3
SIM4
1
21
22
SIM5
SIM1
SIM2
SIM3
SIM4
1
21
22
SIM5
SIM1
SIM2
SIM3
SIM4
1
21
22
SIM5
SIM1
SIM2
SIM3
SIM4
1
21
22
SIM5
SIM1
SIM2
SIM3
SIM4
1
21
22
SIM5
SIM1
SIM2
SIM3
SIM4
1
21
22
SIM5
SIM1
SIM2
SIM3
SIM4
1
21
22
SIM5
SIM1
SIM2
SIM3
SIM4
1
21
22
SIM5
SIM1
SIM2
SIM3
SIM4
1
21
22
SIM5
SIM1
SIM2
SIM3
SIM4
1
21
22
SIM5
SIM1
SIM2
SIM3
SIM4
1
21
22
SIM5
SIM1
SIM2
SIM3
SIM4
1
21
22
SIM5
SIM1
SIM2
SIM3
SIM4
1
21
22
SIM5
SIM1
SIM2
SIM3
SIM4
1
21
22
SIM5
SIM1
SIM2
SIM3
SIM4
1
21
22
SIM5
SIM1
SIM2
SIM3
SIM4
1
21
22
SIM5
SIM1
SIM2
SIM3
SIM4
1
21
22
SIM5
SIM1
SIM2
SIM3
SIM4
1
21
22
SIM5
SIM1
SIM2
SIM3
SIM4
1
21
22
SIM5
SIM1
SIM2
SIM3
SIM4
1
21
22
SIM5
SIM1
SIM2
SIM3
SIM4
1
21
22
SIM5
SIM1
SIM2
SIM3
SIM4
1
21
22
SIM5
SIM1
SIM2
SIM3
SIM4
1
21
22
SIM5
SIM1
SIM2
SIM3
SIM4
1
21
22
SIM5
SIM1
SIM2
SIM3
SIM4
1
21
22
SIM5
SIM1
SIM2
SIM3
SIM4
1
21
22
SIM5
SIM1
SIM2
SIM3
SIM4
1
21
22
SIM5
SIM1
SIM2
SIM3
SIM4
1
21
22
SIM5
SIM1
SIM2
SIM3
SIM4
1
21
22
SIM5
SIM1
SIM2
SIM3
SIM4
1
21
22
SIM5
SIM1
SIM2
SIM3
SIM4
1
21
22
SIM5
SIM1
SIM2
SIM3
SIM4
1
21
22
SIM5
SIM1
SIM2
SIM3
SIM4
1
21
22
SIM5
SIM1
SIM2
SIM3
SIM4
1
21
22
SIM5
SIM1
SIM2
SIM3
SIM4
1
21
22
SIM5
SIM1
SIM2
SIM3
SIM4
1
21
22
SIM5
SIM1
SIM2
SIM3
SIM4
1
21
22
SIM5
SIM1
SIM2
SIM3
SIM4
1
21
22
SIM5
SIM1
SIM2
SIM3
SIM4
1
21
22
SIM5
SIM1
SIM2
SIM3
SIM4
1
21
22
SIM5
SIM1
SIM2
SIM3
SIM4
1
21
22
SIM5
SIM1
SIM2
SIM3
SIM4
1
21
22
SIM5
SIM1
SIM2
SIM3
SIM4
1
21
22
SIM5
SIM1
SIM2
SIM3
SIM4
1
21
22
SIM5
SIM1
SIM2
SIM3
SIM4
1
21
22
SIM5
SIM1
SIM2
SIM3
SIM4
1
21
22
SIM5
SIM1
SIM2
SIM3
SIM4
1
21
22
SIM5
SIM1
SIM2
SIM3
SIM4
1
21
22
SIM5
SIM1
SIM2
SIM3
SIM4
1
21
22
SIM5
SIM1
SIM2
SIM3
SIM4
1
21
22
SIM5
SIM1
SIM2
SIM3
SIM4
1
21
22
SIM5
SIM1
SIM2
SIM3
SIM4
1
21
22
SIM5
SIM1
SIM2
SIM3
SIM4
1
21
22
SIM5
SIM1
SIM2
SIM3
SIM4
1
21
22
SIM5
SIM1
SIM2
SIM3
SIM4
1
21
22
SIM5
SIM1
SIM2
SIM3
SIM4
1
21
22
SIM5
SIM1
SIM2
SIM3
SIM4
1
21
22
SIM5
SIM1
SIM2
SIM3
SIM4
1
21
22
SIM5
SIM1
SIM2
SIM3
SIM4
1
21
22
SIM5
SIM1
SIM2
SIM3
SIM4
1
21
22
SIM5
SIM1
SIM2
SIM3
SIM4
1
21
22
SIM5
SIM1
SIM2
SIM3
SIM4
1
21
22
SIM5
SIM1
SIM2
SIM3
SIM4
1
21
22
SIM5
SIM1
SIM2
SIM3
SIM4
1
21
22
SIM5
SIM1
SIM2
SIM3
SIM4
1
21
22
SIM5
SIM1
SIM2
SIM3
SIM4
1
21
22
SIM5
SIM1
SIM2
SIM3
SIM4
1
21
22
SIM5
SIM1
SIM2
SIM3
SIM4
1
21
22
SIM5
SIM1
SIM2
SIM3
SIM4
1
21
22
SIM5
SIM1
SIM2
SIM3
SIM4
1
21
22
SIM5
SIM1
SIM2
SIM3
SIM4
1
21
22
SIM5
SIM1
SIM2
SIM3
SIM4
1
21
22
SIM5
SIM1
SIM2
SIM3
SIM4
1
21
22
SIM5
SIM1
SIM2
SIM3
SIM4
1
21
22
SIM5
SIM1
SIM2
SIM3
SIM4
1
21
22
SIM5
SIM1
SIM2
SIM3
SIM4
1
21
22
SIM5
SIM1
SIM2
SIM3
SIM4
1
21
22
SIM5
SIM1
SIM2
SIM3
SIM4
1
21
22
SIM5
SIM1
SIM2
SIM3
SIM4
1
21
22
SIM5
SIM1
SIM2
SIM3
SIM4
1
21
22
SIM5
SIM1
SIM2
SIM3
SIM4
1
21
22
SIM5
SIM1
SIM2
SIM3
SIM4
1
21
22
SIM5
SIM1
SIM2
SIM3
SIM4
1
21
22
SIM5
SIM1
SIM2
SIM3
SIM4
1
21
22
SIM5
SIM1
SIM2
SIM3
SIM4
1
21
22
SIM5
SIM1
SIM2
SIM3
SIM4
1
21
22
SIM5
SIM1
SIM2
SIM3
SIM4
1
21
22
SIM5
SIM1
SIM2
SIM3
SIM4
1
21
22
SIM5
SIM1
SIM2
SIM3
SIM4
1
21
22
SIM5
SIM1
SIM2
SIM3
SIM4
1
21
22
SIM5
SIM1
SIM2
SIM3
SIM4
1
21
22
SIM5
SIM1
SIM2
SIM3
SIM4
1
21
22
SIM5
SIM1
SIM2
SIM3
SIM4
1
21
22
SIM5
SIM1
SIM2
SIM3
SIM4
1
21
22
SIM5
SIM1
SIM2
SIM3
SIM4
1
21
22
SIM5
SIM1
SIM2
SIM3
SIM4
1
21
22
SIM5
SIM1
SIM2
SIM3
SIM4
1
21
22
SIM5
SIM1
SIM2
SIM3
SIM4
1
21
22
SIM5
SIM1
SIM2
SIM3
SIM4
1
21
22
SIM5
SIM1
SIM2
SIM3
SIM4
1
21
22
SIM5
SIM1
SIM2
SIM3
SIM4
1
21
22
SIM5
SIM1
SIM2
SIM3
SIM4
1
21
22
SIM5
SIM1
SIM2
SIM3
SIM4
1
21
22
SIM5
SIM1
SIM2
SIM3
SIM4
1
21
22
SIM5
SIM1
SIM2
SIM3
SIM4
1
21
22
SIM5
SIM1
SIM2
SIM3
SIM4
1
21
22
SIM5
SIM1
SIM2
SIM3
SIM4
1
21
22
SIM5
SIM1
SIM2
SIM3
SIM4
1
21
22
SIM5
SIM1
SIM2
SIM3
SIM4
1
21
22
SIM5
SIM1
SIM2
SIM3
SIM4
1
21
22
SIM5
SIM1
SIM2
SIM3
SIM4
1
21
22
SIM5
SIM1
SIM2
SIM3
SIM4
1
21
22
SIM5
SIM1
SIM2
SIM3
SIM4
1
21
22
SIM5
SIM1
SIM2
SIM3
SIM4
1
21
22
SIM5
SIM1
SIM2
SIM3
SIM4
1
21
22
SIM5
SIM1
SIM2
SIM3
SIM4
1
21
22
SIM5
SIM1
SIM2
SIM3
SIM4
1
21
22
SIM5
SIM1
SIM2
SIM3
SIM4
1
21
22
SIM5
SIM1
SIM2
SIM3
SIM4
1
21
22
SIM5
SIM1
SIM2
SIM3
SIM4
1
21
22
SIM5
SIM1
SIM2
SIM3
SIM4
1
21
22
SIM5
SIM1
SIM2
SIM3
SIM4
1
21
22
SIM5
SIM1
SIM2
SIM3
SIM4
1
21
22
SIM5
SIM1
SIM2
SIM3
SIM4
1
21
22
SIM5
SIM1
SIM2
SIM3
SIM4
1
21
22
SIM5
SIM1
SIM2
SIM3
SIM4
1
21
22
SIM5
SIM1
SIM2
SIM3
SIM4
1
21
22
SIM5
SIM1
SIM2
SIM3
SIM4
1
21
22
SIM5
SIM1
SIM2
SIM3
SIM4
1
21
22
SIM5
SIM1
SIM2
SIM3
SIM4
1
21
22
SIM5
SIM1
SIM2
SIM3
SIM4
1
21
22
SIM5
SIM1
SIM2
SIM3
SIM4
1
21
22
SIM5
SIM1
SIM2
SIM3
SIM4
1
21
22
SIM5
SIM1
SIM2
SIM3
SIM4
1
21
22
SIM5
SIM1
SIM2
SIM3
SIM4
1
21
22
SIM5
SIM1
SIM2
SIM3
SIM4
1
21
22
SIM5
SIM1
SIM2
SIM3
SIM4
1
21
22
SIM5
SIM1
SIM2
SIM3
SIM4
1
21
22
SIM5
SIM1
SIM2
SIM3
SIM4
1
21
22
SIM5
SIM1
SIM2
SIM3
SIM4
1
21
22
SIM5
SIM1
SIM2
SIM3
SIM4
1
21
22
SIM5
SIM1
SIM2
SIM3
SIM4
1
21
22
SIM5
SIM1
SIM2
SIM3
SIM4
1
21
22
SIM5
SIM1
SIM2
SIM3
SIM4
1
21
22
SIM5
SIM1
SIM2
SIM3
SIM4
1
21
22
SIM5
SIM1
SIM2
SIM3
SIM4
1
21
22
SIM5
SIM1
SIM2
SIM3
SIM4
1
21
22
SIM5
SIM1
SIM2
SIM3
SIM4
1
21
22
SIM5
SIM1
SIM2
SIM3
SIM4
1
21
22
SIM5
SIM1
SIM2
SIM3
SIM4
1
21
22
SIM5
SIM1
SIM2
SIM3
SIM4
1
21
22
SIM5
SIM1
SIM2
SIM3
SIM4
1
21
22
SIM5
SIM1
SIM2
SIM3
SIM4
1
21
22
SIM5
SIM1
SIM2
SIM3
SIM4
1
21
22
SIM5
SIM1
SIM2
SIM3
SIM4
1
21
22
SIM5
SIM1
SIM2
SIM3
SIM4
1
21
22
SIM5
SIM1
SIM2
SIM3
SIM4
1
21
22
SIM5
SIM1
SIM2
SIM3
SIM4
1
21
22
SIM5
SIM1
SIM2
SIM3
SIM4
1
21
22
SIM5
SIM1
SIM2
SIM3
SIM4
1
21
22
SIM5
SIM1
SIM2
SIM3
SIM4
1
21
22
SIM5
SIM1
SIM2
SIM3
SIM4
1
21
22
SIM5
SIM1
SIM2
SIM3
SIM4
1
21
22
SIM5
SIM1
SIM2
SIM3
SIM4
1
21
22
SIM5
SIM1
SIM2
SIM3
SIM4
1
21
22
SIM5
SIM1
SIM2
SIM3
SIM4
1
21
22
SIM5
SIM1
SIM2
SIM3
SIM4
1
21
22
SIM5
SIM1
SIM2
SIM3
SIM4
1
21
22
SIM5
SIM1
SIM2
SIM3
SIM4
1
21
22
SIM5
SIM1
SIM2
SIM3
SIM4
1
21
22
SIM5
SIM1
SIM2
SIM3
SIM4
1
21
22
SIM5
SIM1
SIM2
SIM3
SIM4
1
21
22
SIM5
SIM1
SIM2
SIM3
SIM4
1
21
22
SIM5
SIM1
SIM2
SIM3
SIM4
1
21
22
SIM5
SIM1
SIM2
SIM3
SIM4
1
21
22
SIM5
SIM1
SIM2
SIM3
SIM4
1
21
22
SIM5
SIM1
SIM2
SIM3
SIM4
1
21
22
SIM5
SIM1
SIM2
SIM3
SIM4
1
21
22
SIM5
SIM1
SIM2
SIM3
SIM4
1
21
22
SIM5
SIM1
SIM2
SIM3
SIM4
1
21
22
SIM5
SIM1
SIM2
SIM3
SIM4
1
21
22
SIM5
SIM1
SIM2
SIM3
SIM4
1
21
22
SIM5
SIM1
SIM2
SIM3
SIM4
1
21
22
SIM5
SIM1
SIM2
SIM3
SIM4
1
21
22
SIM5
SIM1
SIM2
SIM3
SIM4
1
21
22
SIM5
SIM1
SIM2
SIM3
SIM4
1
21
22
SIM5
SIM1
SIM2
SIM3
SIM4
1
21
22
SIM5
SIM1
SIM2
SIM3
SIM4
1
21
22
SIM5
SIM1
SIM2
SIM3
SIM4
1
21
22
SIM5
SIM1
SIM2
SIM3
SIM4
1
21
22
SIM5
SIM1
SIM2
SIM3
SIM4
1
21
22
SIM5
SIM1
SIM2
SIM3
SIM4
1
21
22
SIM5
SIM1
SIM2
SIM3
SIM4
1
21
22
SIM5
SIM1
SIM2
SIM3
SIM4
1
21
22
SIM5
SIM1
SIM2
SIM3
SIM4
1
21
22
SIM5
SIM1
SIM2
SIM3
SIM4
1
21
22
SIM5
SIM1
SIM2
SIM3
SIM4
1
21
22
SIM5
SIM1
SIM2
SIM3
SIM4
1
21
22
SIM5
SIM1
SIM2
SIM3
SIM4
1
21
22
SIM5
SIM1
SIM2
SIM3
SIM4
1
21
22
SIM5
SIM1
SIM2
DEBUG 1 603
SIM1
SIM2
SIM3
SIM4
1
21
22
SIM5
SIM1
SIM2
SIM3
SIM4
1
21
22
SIM5
SIM1
SIM2
SIM3
SIM4
1
21
22
SIM5
SIM1
SIM2
SIM3
SIM4
1
21
22
SIM5
SIM1
SIM2
SIM3
SIM4
1
21
22
SIM5
SIM1
SIM2
SIM3
SIM4
1
21
22
SIM5
SIM1
SIM2
SIM3
SIM4
1
21
22
SIM5
SIM1
SIM2
SIM3
SIM4
1
21
22
SIM5
SIM1
SIM2
SIM3
SIM4
1
21
22
SIM5
SIM1
SIM2
SIM3
SIM4
1
21
22
SIM5
SIM1
SIM2
SIM3
SIM4
1
21
22
SIM5
SIM1
SIM2
SIM3
SIM4
1
21
22
SIM5
SIM1
SIM2
SIM3
SIM4
1
21
22
SIM5
SIM1
SIM2
SIM3
SIM4
1
21
22
SIM5
SIM1
SIM2
SIM3
SIM4
1
21
22
SIM5
SIM1
SIM2
SIM3
SIM4
1
21
22
SIM5
SIM1
SIM2
SIM3
SIM4
1
21
22
SIM5
SIM1
SIM2
SIM3
SIM4
1
21
22
SIM5
SIM1
SIM2
SIM3
SIM4
1
21
22
SIM5
SIM1
SIM2
SIM3
SIM4
1
21
22
SIM5
SIM1
SIM2
SIM3
SIM4
1
21
22
SIM5
SIM1
SIM2
SIM3
SIM4
1
21
22
SIM5
SIM1
SIM2
SIM3
SIM4
1
21
22
SIM5
SIM1
SIM2
SIM3
SIM4
1
21
22
SIM5
SIM1
SIM2
SIM3
SIM4
1
21
22
SIM5
SIM1
SIM2
SIM3
SIM4
1
21
22
SIM5
SIM1
SIM2
SIM3
SIM4
1
21
22
SIM5
SIM1
SIM2
SIM3
SIM4
1
21
22
SIM5
SIM1
SIM2
SIM3
SIM4
1
21
22
SIM5
SIM1
SIM2
SIM3
SIM4
1
21
22
SIM5
SIM1
SIM2
SIM3
SIM4
1
21
22
SIM5
SIM1
SIM2
SIM3
SIM4
1
21
22
SIM5
SIM1
SIM2
SIM3
SIM4
1
21
22
SIM5
SIM1
SIM2
SIM3
SIM4
1
21
22
SIM5
SIM1
SIM2
SIM3
SIM4
1
21
22
SIM5
SIM1
SIM2
SIM3
SIM4
1
21
22
SIM5
SIM1
SIM2
SIM3
SIM4
1
21
22
SIM5
SIM1
SIM2
SIM3
SIM4
1
21
22
SIM5
SIM1
SIM2
SIM3
SIM4
1
21
22
SIM5
SIM1
SIM2
SIM3
SIM4
1
21
22
SIM5
SIM1
SIM2
SIM3
SIM4
1
21
22
SIM5
SIM1
SIM2
SIM3
SIM4
1
21
22
SIM5
SIM1
SIM2
SIM3
SIM4
1
21
22
SIM5
SIM1
SIM2
SIM3
SIM4
1
21
22
SIM5
SIM1
SIM2
SIM3
SIM4
1
21
22
SIM5
SIM1
SIM2
SIM3
SIM4
1
21
22
SIM5
SIM1
SIM2
SIM3
SIM4
1
21
22
SIM5
SIM1
SIM2
SIM3
SIM4
1
21
22
SIM5
SIM1
SIM2
SIM3
SIM4
1
21
22
SIM5
SIM1
SIM2
SIM3
SIM4
1
21
22
SIM5
SIM1
SIM2
SIM3
SIM4
1
21
22
SIM5
SIM1
SIM2
SIM3
SIM4
1
21
22
SIM5
SIM1
SIM2
SIM3
SIM4
1
21
22
SIM5
SIM1
SIM2
SIM3
SIM4
1
21
22
SIM5
SIM1
SIM2
SIM3
SIM4
1
21
22
SIM5
SIM1
SIM2
SIM3
SIM4
1
21
22
SIM5
SIM1
SIM2
SIM3
SIM4
1
21
22
SIM5
SIM1
SIM2
SIM3
SIM4
1
21
22
SIM5
SIM1
SIM2
SIM3
SIM4
1
21
22
SIM5
SIM1
SIM2
SIM3
SIM4
1
21
22
SIM5
SIM1
SIM2
SIM3
SIM4
1
21
22
SIM5
SIM1
SIM2
SIM3
SIM4
1
21
22
SIM5
SIM1
SIM2
SIM3
SIM4
1
21
22
SIM5
SIM1
SIM2
SIM3
SIM4
1
21
22
SIM5
SIM1
SIM2
SIM3
SIM4
1
21
22
SIM5
SIM1
SIM2
SIM3
SIM4
1
21
22
SIM5
SIM1
SIM2
SIM3
SIM4
1
21
22
SIM5
SIM1
SIM2
SIM3
SIM4
1
21
22
SIM5
SIM1
SIM2
SIM3
SIM4
1
21
22
SIM5
SIM1
SIM2
SIM3
SIM4
1
21
22
SIM5
SIM1
SIM2
SIM3
SIM4
1
21
22
SIM5
SIM1
SIM2
SIM3
SIM4
1
21
22
SIM5
SIM1
SIM2
SIM3
SIM4
1
21
22
SIM5
SIM1
SIM2
SIM3
SIM4
1
21
22
SIM5
SIM1
SIM2
SIM3
SIM4
1
21
22
SIM5
SIM1
SIM2
SIM3
SIM4
1
21
22
SIM5
SIM1
SIM2
SIM3
SIM4
1
21
22
SIM5
SIM1
SIM2
SIM3
SIM4
1
21
22
SIM5
SIM1
SIM2
SIM3
SIM4
1
21
22
SIM5
SIM1
SIM2
SIM3
SIM4
1
21
22
SIM5
SIM1
SIM2
SIM3
SIM4
1
21
22
SIM5
SIM1
SIM2
SIM3
SIM4
1
21
22
SIM5
SIM1
SIM2
SIM3
SIM4
1
21
22
SIM5
SIM1
SIM2
SIM3
SIM4
1
21
22
SIM5
SIM1
SIM2
SIM3
SIM4
1
21
22
SIM5
SIM1
SIM2
SIM3
SIM4
1
21
22
SIM5
SIM1
SIM2
SIM3
SIM4
1
21
22
SIM5
SIM1
SIM2
SIM3
SIM4
1
21
22
SIM5
SIM1
SIM2
SIM3
SIM4
1
21
22
SIM5
SIM1
SIM2
SIM3
SIM4
1
21
22
SIM5
SIM1
SIM2
SIM3
SIM4
1
21
22
SIM5
SIM1
SIM2
SIM3
SIM4
1
21
22
SIM5
SIM1
SIM2
SIM3
SIM4
1
21
22
SIM5
SIM1
SIM2
SIM3
SIM4
1
21
22
SIM5
SIM1
SIM2
SIM3
SIM4
1
21
22
SIM5
SIM1
SIM2
SIM3
SIM4
1
21
22
SIM5
SIM1
SIM2
SIM3
SIM4
1
21
22
SIM5
SIM1
SIM2
SIM3
SIM4
1
21
22
SIM5
SIM1
SIM2
SIM3
SIM4
1
21
22
SIM5
SIM1
SIM2
SIM3
SIM4
1
21
22
SIM5
SIM1
SIM2
SIM3
SIM4
1
21
22
SIM5
SIM1
SIM2
SIM3
SIM4
1
21
22
SIM5
SIM1
SIM2
SIM3
SIM4
1
21
22
SIM5
SIM1
SIM2
SIM3
SIM4
1
21
22
SIM5
SIM1
SIM2
SIM3
SIM4
1
21
22
SIM5
SIM1
SIM2
SIM3
SIM4
1
21
22
SIM5
SIM1
SIM2
SIM3
SIM4
1
21
22
SIM5
SIM1
SIM2
SIM3
SIM4
1
21
22
SIM5
SIM1
SIM2
SIM3
SIM4
1
21
22
SIM5
SIM1
SIM2
SIM3
SIM4
1
21
22
SIM5
SIM1
SIM2
SIM3
SIM4
1
21
22
SIM5
SIM1
SIM2
SIM3
SIM4
1
21
22
SIM5
SIM1
SIM2
SIM3
SIM4
1
21
22
SIM5
SIM1
SIM2
SIM3
SIM4
1
21
22
SIM5
SIM1
SIM2
SIM3
SIM4
1
21
22
SIM5
SIM1
SIM2
SIM3
SIM4
1
21
22
SIM5
SIM1
SIM2
SIM3
SIM4
1
21
22
SIM5
SIM1
SIM2
SIM3
SIM4
1
21
22
SIM5
SIM1
SIM2
SIM3
SIM4
1
21
22
SIM5
SIM1
SIM2
SIM3
SIM4
1
21
22
SIM5
SIM1
SIM2
DEBUG 1 604
SIM1
SIM2
SIM3
SIM4
1
21
22
SIM5
SIM1
SIM2
SIM3
SIM4
1
21
22
SIM5
SIM1
SIM2
SIM3
SIM4
1
21
22
SIM5
SIM1
SIM2
SIM3
SIM4
1
21
22
SIM5
SIM1
SIM2
SIM3
SIM4
1
21
22
SIM5
SIM1
SIM2
SIM3
SIM4
1
21
22
SIM5
SIM1
SIM2
SIM3
SIM4
1
21
22
SIM5
SIM1
SIM2
SIM3
SIM4
1
21
22
SIM5
SIM1
SIM2
SIM3
SIM4
1
21
22
SIM5
SIM1
SIM2
SIM3
SIM4
1
21
22
SIM5
SIM1
SIM2
SIM3
SIM4
1
21
22
SIM5
SIM1
SIM2
SIM3
SIM4
1
21
22
SIM5
SIM1
SIM2
SIM3
SIM4
1
21
22
SIM5
SIM1
SIM2
SIM3
SIM4
1
21
22
SIM5
SIM1
SIM2
SIM3
SIM4
1
21
22
SIM5
SIM1
SIM2
SIM3
SIM4
1
21
22
SIM5
SIM1
SIM2
SIM3
SIM4
1
21
22
SIM5
SIM1
SIM2
SIM3
SIM4
1
21
22
SIM5
SIM1
SIM2
SIM3
SIM4
1
21
22
SIM5
SIM1
SIM2
SIM3
SIM4
1
21
22
SIM5
SIM1
SIM2
SIM3
SIM4
1
21
22
SIM5
SIM1
SIM2
SIM3
SIM4
1
21
22
SIM5
SIM1
SIM2
SIM3
SIM4
1
21
22
SIM5
SIM1
SIM2
SIM3
SIM4
1
21
22
SIM5
SIM1
SIM2
SIM3
SIM4
1
21
22
SIM5
SIM1
SIM2
SIM3
SIM4
1
21
22
SIM5
SIM1
SIM2
SIM3
SIM4
1
21
22
SIM5
SIM1
SIM2
SIM3
SIM4
1
21
22
SIM5
SIM1
SIM2
SIM3
SIM4
1
21
22
SIM5
SIM1
SIM2
SIM3
SIM4
1
21
22
SIM5
SIM1
SIM2
SIM3
SIM4
1
21
22
SIM5
SIM1
SIM2
SIM3
SIM4
1
21
22
SIM5
SIM1
SIM2
SIM3
SIM4
1
21
22
SIM5
SIM1
SIM2
SIM3
SIM4
1
21
22
SIM5
SIM1
SIM2
SIM3
SIM4
1
21
22
SIM5
SIM1
SIM2
SIM3
SIM4
1
21
22
SIM5
SIM1
SIM2
SIM3
SIM4
1
21
22
SIM5
SIM1
SIM2
SIM3
SIM4
1
21
22
SIM5
SIM1
SIM2
SIM3
SIM4
1
21
22
SIM5
SIM1
SIM2
SIM3
SIM4
1
21
22
SIM5
SIM1
SIM2
SIM3
SIM4
1
21
22
SIM5
SIM1
SIM2
SIM3
SIM4
1
21
22
SIM5
SIM1
SIM2
SIM3
SIM4
1
21
22
SIM5
SIM1
SIM2
SIM3
SIM4
1
21
22
SIM5
SIM1
SIM2
SIM3
SIM4
1
21
22
SIM5
SIM1
SIM2
SIM3
SIM4
1
21
22
SIM5
SIM1
SIM2
SIM3
SIM4
1
21
22
SIM5
SIM1
SIM2
SIM3
SIM4
1
21
22
SIM5
SIM1
SIM2
SIM3
SIM4
1
21
22
SIM5
SIM1
SIM2
SIM3
SIM4
1
21
22
SIM5
SIM1
SIM2
SIM3
SIM4
1
21
22
SIM5
SIM1
SIM2
SIM3
SIM4
1
21
22
SIM5
SIM1
SIM2
SIM3
SIM4
1
21
22
SIM5
SIM1
SIM2
SIM3
SIM4
1
21
22
SIM5
SIM1
SIM2
SIM3
SIM4
1
21
22
SIM5
SIM1
SIM2
SIM3
SIM4
1
21
22
SIM5
SIM1
SIM2
SIM3
SIM4
1
21
22
SIM5
SIM1
SIM2
SIM3
SIM4
1
21
22
SIM5
SIM1
SIM2
SIM3
SIM4
1
21
22
SIM5
SIM1
SIM2
SIM3
SIM4
1
21
22
SIM5
SIM1
SIM2
SIM3
SIM4
1
21
22
SIM5
SIM1
SIM2
SIM3
SIM4
1
21
22
SIM5
SIM1
SIM2
SIM3
SIM4
1
21
22
SIM5
SIM1
SIM2
SIM3
SIM4
1
21
22
SIM5
SIM1
SIM2
SIM3
SIM4
1
21
22
SIM5
SIM1
SIM2
SIM3
SIM4
1
21
22
SIM5
SIM1
SIM2
SIM3
SIM4
1
21
22
SIM5
SIM1
SIM2
SIM3
SIM4
1
21
22
SIM5
SIM1
SIM2
SIM3
SIM4
1
21
22
SIM5
SIM1
SIM2
SIM3
SIM4
1
21
22
SIM5
SIM1
SIM2
SIM3
SIM4
1
21
22
SIM5
SIM1
SIM2
SIM3
SIM4
1
21
22
SIM5
SIM1
SIM2
SIM3
SIM4
1
21
22
SIM5
SIM1
SIM2
SIM3
SIM4
1
21
22
SIM5
SIM1
SIM2
SIM3
SIM4
1
21
22
SIM5
SIM1
SIM2
SIM3
SIM4
1
21
22
SIM5
SIM1
SIM2
SIM3
SIM4
1
21
22
SIM5
SIM1
SIM2
SIM3
SIM4
1
21
22
SIM5
SIM1
SIM2
SIM3
SIM4
1
21
22
SIM5
SIM1
SIM2
SIM3
SIM4
1
21
22
SIM5
SIM1
SIM2
SIM3
SIM4
1
21
22
SIM5
SIM1
SIM2
SIM3
SIM4
1
21
22
SIM5
SIM1
SIM2
SIM3
SIM4
1
21
22
SIM5
SIM1
SIM2
SIM3
SIM4
1
21
22
SIM5
SIM1
SIM2
SIM3
SIM4
1
21
22
SIM5
SIM1
SIM2
SIM3
SIM4
1
21
22
SIM5
SIM1
SIM2
SIM3
SIM4
1
21
22
SIM5
SIM1
SIM2
SIM3
SIM4
1
21
22
SIM5
SIM1
SIM2
SIM3
SIM4
1
21
22
SIM5
SIM1
SIM2
SIM3
SIM4
1
21
22
SIM5
SIM1
SIM2
SIM3
SIM4
1
21
22
SIM5
SIM1
SIM2
SIM3
SIM4
1
21
22
SIM5
SIM1
SIM2
SIM3
SIM4
1
21
22
SIM5
SIM1
SIM2
SIM3
SIM4
1
21
22
SIM5
SIM1
SIM2
SIM3
SIM4
1
21
22
SIM5
SIM1
SIM2
SIM3
SIM4
1
21
22
SIM5
SIM1
SIM2
SIM3
SIM4
1
21
22
SIM5
SIM1
SIM2
SIM3
SIM4
1
21
22
SIM5
SIM1
SIM2
SIM3
SIM4
1
21
22
SIM5
SIM1
SIM2
SIM3
SIM4
1
21
22
SIM5
SIM1
SIM2
SIM3
SIM4
1
21
22
SIM5
SIM1
SIM2
SIM3
SIM4
1
21
22
SIM5
SIM1
SIM2
SIM3
SIM4
1
21
22
SIM5
SIM1
SIM2
SIM3
SIM4
1
21
22
SIM5
SIM1
SIM2
SIM3
SIM4
1
21
22
SIM5
SIM1
SIM2
SIM3
SIM4
1
21
22
SIM5
SIM1
SIM2
SIM3
SIM4
1
21
22
SIM5
SIM1
SIM2
SIM3
SIM4
1
21
22
SIM5
SIM1
SIM2
DEBUG 1 605
SIM1
SIM2
SIM3
SIM4
1
21
22
SIM5
SIM1
SIM2
SIM3
SIM4
1
21
22
SIM5
SIM1
SIM2
SIM3
SIM4
1
21
22
SIM5
SIM1
SIM2
SIM3
SIM4
1
21
22
SIM5
SIM1
SIM2
SIM3
SIM4
1
21
22
SIM5
SIM1
SIM2
SIM3
SIM4
1
21
22
SIM5
SIM1
SIM2
SIM3
SIM4
1
21
22
SIM5
SIM1
SIM2
SIM3
SIM4
1
21
22
SIM5
SIM1
SIM2
SIM3
SIM4
1
21
22
SIM5
SIM1
SIM2
SIM3
SIM4
1
21
22
SIM5
SIM1
SIM2
SIM3
SIM4
1
21
22
SIM5
SIM1
SIM2
SIM3
SIM4
1
21
22
SIM5
SIM1
SIM2
SIM3
SIM4
1
21
22
SIM5
SIM1
SIM2
SIM3
SIM4
1
21
22
SIM5
SIM1
SIM2
SIM3
SIM4
1
21
22
SIM5
SIM1
SIM2
SIM3
SIM4
1
21
22
SIM5
SIM1
SIM2
SIM3
SIM4
1
21
22
SIM5
SIM1
SIM2
SIM3
SIM4
1
21
22
SIM5
SIM1
SIM2
SIM3
SIM4
1
21
22
SIM5
SIM1
SIM2
SIM3
SIM4
1
21
22
SIM5
SIM1
SIM2
SIM3
SIM4
1
21
22
SIM5
SIM1
SIM2
SIM3
SIM4
1
21
22
SIM5
SIM1
SIM2
SIM3
SIM4
1
21
22
SIM5
SIM1
SIM2
SIM3
SIM4
1
21
22
SIM5
SIM1
SIM2
SIM3
SIM4
1
21
22
SIM5
SIM1
SIM2
SIM3
SIM4
1
21
22
SIM5
SIM1
SIM2
SIM3
SIM4
1
21
22
SIM5
SIM1
SIM2
SIM3
SIM4
1
21
22
SIM5
SIM1
SIM2
SIM3
SIM4
1
21
22
SIM5
SIM1
SIM2
SIM3
SIM4
1
21
22
SIM5
SIM1
SIM2
SIM3
SIM4
1
21
22
SIM5
SIM1
SIM2
SIM3
SIM4
1
21
22
SIM5
SIM1
SIM2
SIM3
SIM4
1
21
22
SIM5
SIM1
SIM2
SIM3
SIM4
1
21
22
SIM5
SIM1
SIM2
SIM3
SIM4
1
21
22
SIM5
SIM1
SIM2
SIM3
SIM4
1
21
22
SIM5
SIM1
SIM2
SIM3
SIM4
1
21
22
SIM5
SIM1
SIM2
SIM3
SIM4
1
21
22
SIM5
SIM1
SIM2
SIM3
SIM4
1
21
22
SIM5
SIM1
SIM2
SIM3
SIM4
1
21
22
SIM5
SIM1
SIM2
SIM3
SIM4
1
21
22
SIM5
SIM1
SIM2
SIM3
SIM4
1
21
22
SIM5
SIM1
SIM2
SIM3
SIM4
1
21
22
SIM5
SIM1
SIM2
SIM3
SIM4
1
21
22
SIM5
SIM1
SIM2
SIM3
SIM4
1
21
22
SIM5
SIM1
SIM2
SIM3
SIM4
1
21
22
SIM5
SIM1
SIM2
SIM3
SIM4
1
21
22
SIM5
SIM1
SIM2
SIM3
SIM4
1
21
22
SIM5
SIM1
SIM2
SIM3
SIM4
1
21
22
SIM5
SIM1
SIM2
SIM3
SIM4
1
21
22
SIM5
SIM1
SIM2
SIM3
SIM4
1
21
22
SIM5
SIM1
SIM2
SIM3
SIM4
1
21
22
SIM5
SIM1
SIM2
SIM3
SIM4
1
21
22
SIM5
SIM1
SIM2
SIM3
SIM4
1
21
22
SIM5
SIM1
SIM2
SIM3
SIM4
1
21
22
SIM5
SIM1
SIM2
SIM3
SIM4
1
21
22
SIM5
SIM1
SIM2
SIM3
SIM4
1
21
22
SIM5
SIM1
SIM2
SIM3
SIM4
1
21
22
SIM5
SIM1
SIM2
SIM3
SIM4
1
21
22
SIM5
SIM1
SIM2
SIM3
SIM4
1
21
22
SIM5
SIM1
SIM2
SIM3
SIM4
1
21
22
SIM5
SIM1
SIM2
SIM3
SIM4
1
21
22
SIM5
SIM1
SIM2
SIM3
SIM4
1
21
22
SIM5
SIM1
SIM2
SIM3
SIM4
1
21
22
SIM5
SIM1
SIM2
SIM3
SIM4
1
21
22
SIM5
SIM1
SIM2
SIM3
SIM4
1
21
22
SIM5
SIM1
SIM2
SIM3
SIM4
1
21
22
SIM5
SIM1
SIM2
SIM3
SIM4
1
21
22
SIM5
SIM1
SIM2
SIM3
SIM4
1
21
22
SIM5
SIM1
SIM2
SIM3
SIM4
1
21
22
SIM5
SIM1
SIM2
SIM3
SIM4
1
21
22
SIM5
SIM1
SIM2
SIM3
SIM4
1
21
22
SIM5
SIM1
SIM2
SIM3
SIM4
1
21
22
SIM5
SIM1
SIM2
SIM3
SIM4
1
21
22
SIM5
SIM1
SIM2
SIM3
SIM4
1
21
22
SIM5
SIM1
SIM2
SIM3
SIM4
1
21
22
SIM5
SIM1
SIM2
SIM3
SIM4
1
21
22
SIM5
SIM1
SIM2
SIM3
SIM4
1
21
22
SIM5
SIM1
SIM2
SIM3
SIM4
1
21
22
SIM5
SIM1
SIM2
SIM3
SIM4
1
21
22
SIM5
SIM1
SIM2
SIM3
SIM4
1
21
22
SIM5
SIM1
SIM2
SIM3
SIM4
1
21
22
SIM5
SIM1
SIM2
SIM3
SIM4
1
21
22
SIM5
SIM1
SIM2
SIM3
SIM4
1
21
22
SIM5
SIM1
SIM2
SIM3
SIM4
1
21
22
SIM5
SIM1
SIM2
SIM3
SIM4
1
21
22
SIM5
SIM1
SIM2
SIM3
SIM4
1
21
22
SIM5
SIM1
SIM2
SIM3
SIM4
1
21
22
SIM5
SIM1
SIM2
SIM3
SIM4
1
21
22
SIM5
SIM1
SIM2
SIM3
SIM4
1
21
22
SIM5
SIM1
SIM2
SIM3
SIM4
1
21
22
SIM5
SIM1
SIM2
SIM3
SIM4
1
21
22
SIM5
SIM1
SIM2
SIM3
SIM4
1
21
22
SIM5
SIM1
SIM2
SIM3
SIM4
1
21
22
SIM5
SIM1
SIM2
SIM3
SIM4
1
21
22
SIM5
SIM1
SIM2
SIM3
SIM4
1
21
22
SIM5
SIM1
SIM2
SIM3
SIM4
1
21
22
SIM5
SIM1
SIM2
SIM3
SIM4
1
21
22
SIM5
SIM1
SIM2
SIM3
SIM4
1
21
22
SIM5
SIM1
SIM2
SIM3
SIM4
1
21
22
SIM5
SIM1
SIM2
SIM3
SIM4
1
21
22
SIM5
SIM1
SIM2
SIM3
SIM4
1
21
22
SIM5
SIM1
SIM2
SIM3
SIM4
1
21
22
SIM5
SIM1
SIM2
SIM3
SIM4
1
21
22
SIM5
SIM1
SIM2
SIM3
SIM4
1
21
22
SIM5
SIM1
SIM2
DEBUG 1 606
SIM1
SIM2
SIM3
SIM4
1
21
22
SIM5
SIM1
SIM2
SIM3
SIM4
1
21
22
SIM5
SIM1
SIM2
SIM3
SIM4
1
21
22
SIM5
SIM1
SIM2
SIM3
SIM4
1
21
22
SIM5
SIM1
SIM2
SIM3
SIM4
1
21
22
SIM5
SIM1
SIM2
SIM3
SIM4
1
21
22
SIM5
SIM1
SIM2
SIM3
SIM4
1
21
22
SIM5
SIM1
SIM2
SIM3
SIM4
1
21
22
SIM5
SIM1
SIM2
SIM3
SIM4
1
21
22
SIM5
SIM1
SIM2
SIM3
SIM4
1
21
22
SIM5
SIM1
SIM2
SIM3
SIM4
1
21
22
SIM5
SIM1
SIM2
SIM3
SIM4
1
21
22
SIM5
SIM1
SIM2
SIM3
SIM4
1
21
22
SIM5
SIM1
SIM2
SIM3
SIM4
1
21
22
SIM5
SIM1
SIM2
SIM3
SIM4
1
21
22
SIM5
SIM1
SIM2
SIM3
SIM4
1
21
22
SIM5
SIM1
SIM2
SIM3
SIM4
1
21
22
SIM5
SIM1
SIM2
SIM3
SIM4
1
21
22
SIM5
SIM1
SIM2
SIM3
SIM4
1
21
22
SIM5
SIM1
SIM2
SIM3
SIM4
1
21
22
SIM5
SIM1
SIM2
SIM3
SIM4
1
21
22
SIM5
SIM1
SIM2
SIM3
SIM4
1
21
22
SIM5
SIM1
SIM2
SIM3
SIM4
1
21
22
SIM5
SIM1
SIM2
SIM3
SIM4
1
21
22
SIM5
SIM1
SIM2
SIM3
SIM4
1
21
22
SIM5
SIM1
SIM2
SIM3
SIM4
1
21
22
SIM5
SIM1
SIM2
SIM3
SIM4
1
21
22
SIM5
SIM1
SIM2
SIM3
SIM4
1
21
22
SIM5
SIM1
SIM2
SIM3
SIM4
1
21
22
SIM5
SIM1
SIM2
SIM3
SIM4
1
21
22
SIM5
SIM1
SIM2
SIM3
SIM4
1
21
22
SIM5
SIM1
SIM2
SIM3
SIM4
1
21
22
SIM5
SIM1
SIM2
SIM3
SIM4
1
21
22
SIM5
SIM1
SIM2
SIM3
SIM4
1
21
22
SIM5
SIM1
SIM2
SIM3
SIM4
1
21
22
SIM5
SIM1
SIM2
SIM3
SIM4
1
21
22
SIM5
SIM1
SIM2
SIM3
SIM4
1
21
22
SIM5
SIM1
SIM2
SIM3
SIM4
1
21
22
SIM5
SIM1
SIM2
SIM3
SIM4
1
21
22
SIM5
SIM1
SIM2
SIM3
SIM4
1
21
22
SIM5
SIM1
SIM2
SIM3
SIM4
1
21
22
SIM5
SIM1
SIM2
SIM3
SIM4
1
21
22
SIM5
SIM1
SIM2
SIM3
SIM4
1
21
22
SIM5
SIM1
SIM2
SIM3
SIM4
1
21
22
SIM5
SIM1
SIM2
SIM3
SIM4
1
21
22
SIM5
SIM1
SIM2
SIM3
SIM4
1
21
22
SIM5
SIM1
SIM2
SIM3
SIM4
1
21
22
SIM5
SIM1
SIM2
SIM3
SIM4
1
21
22
SIM5
SIM1
SIM2
SIM3
SIM4
1
21
22
SIM5
SIM1
SIM2
SIM3
SIM4
1
21
22
SIM5
SIM1
SIM2
SIM3
SIM4
1
21
22
SIM5
SIM1
SIM2
SIM3
SIM4
1
21
22
SIM5
SIM1
SIM2
SIM3
SIM4
1
21
22
SIM5
SIM1
SIM2
SIM3
SIM4
1
21
22
SIM5
SIM1
SIM2
SIM3
SIM4
1
21
22
SIM5
SIM1
SIM2
SIM3
SIM4
1
21
22
SIM5
SIM1
SIM2
SIM3
SIM4
1
21
22
SIM5
SIM1
SIM2
SIM3
SIM4
1
21
22
SIM5
SIM1
SIM2
SIM3
SIM4
1
21
22
SIM5
SIM1
SIM2
SIM3
SIM4
1
21
22
SIM5
SIM1
SIM2
SIM3
SIM4
1
21
22
SIM5
SIM1
SIM2
SIM3
SIM4
1
21
22
SIM5
SIM1
SIM2
SIM3
SIM4
1
21
22
SIM5
SIM1
SIM2
SIM3
SIM4
1
21
22
SIM5
SIM1
SIM2
SIM3
SIM4
1
21
22
SIM5
SIM1
SIM2
SIM3
SIM4
1
21
22
SIM5
SIM1
SIM2
SIM3
SIM4
1
21
22
SIM5
SIM1
SIM2
SIM3
SIM4
1
21
22
SIM5
SIM1
SIM2
SIM3
SIM4
1
21
22
SIM5
SIM1
SIM2
SIM3
SIM4
1
21
22
SIM5
SIM1
SIM2
SIM3
SIM4
1
21
22
SIM5
SIM1
SIM2
SIM3
SIM4
1
21
22
SIM5
SIM1
SIM2
SIM3
SIM4
1
21
22
SIM5
SIM1
SIM2
SIM3
SIM4
1
21
22
SIM5
SIM1
SIM2
SIM3
SIM4
1
21
22
SIM5
SIM1
SIM2
SIM3
SIM4
1
21
22
SIM5
SIM1
SIM2
SIM3
SIM4
1
21
22
SIM5
SIM1
SIM2
SIM3
SIM4
1
21
22
SIM5
SIM1
SIM2
SIM3
SIM4
1
21
22
SIM5
SIM1
SIM2
SIM3
SIM4
1
21
22
SIM5
SIM1
SIM2
SIM3
SIM4
1
21
22
SIM5
SIM1
SIM2
SIM3
SIM4
1
21
22
SIM5
SIM1
SIM2
SIM3
SIM4
1
21
22
SIM5
SIM1
SIM2
SIM3
SIM4
1
21
22
SIM5
SIM1
SIM2
SIM3
SIM4
1
21
22
SIM5
SIM1
SIM2
SIM3
SIM4
1
21
22
SIM5
SIM1
SIM2
SIM3
SIM4
1
21
22
SIM5
SIM1
SIM2
SIM3
SIM4
1
21
22
SIM5
SIM1
SIM2
SIM3
SIM4
1
21
22
SIM5
SIM1
SIM2
SIM3
SIM4
1
21
22
SIM5
SIM1
SIM2
SIM3
SIM4
1
21
22
SIM5
SIM1
SIM2
SIM3
SIM4
1
21
22
SIM5
SIM1
SIM2
SIM3
SIM4
1
21
22
SIM5
SIM1
SIM2
SIM3
SIM4
1
21
22
SIM5
SIM1
SIM2
SIM3
SIM4
1
21
22
SIM5
SIM1
SIM2
SIM3
SIM4
1
21
22
SIM5
SIM1
SIM2
SIM3
SIM4
1
21
22
SIM5
SIM1
SIM2
SIM3
SIM4
1
21
22
SIM5
SIM1
SIM2
SIM3
SIM4
1
21
22
SIM5
SIM1
SIM2
SIM3
SIM4
1
21
22
SIM5
SIM1
SIM2
SIM3
SIM4
1
21
22
SIM5
SIM1
SIM2
SIM3
SIM4
1
21
22
SIM5
SIM1
SIM2
SIM3
SIM4
1
21
22
SIM5
SIM1
SIM2
SIM3
SIM4
1
21
22
SIM5
SIM1
SIM2
SIM3
SIM4
1
21
22
SIM5
SIM1
SIM2
SIM3
SIM4
1
21
22
SIM5
SIM1
SIM2
SIM3
SIM4
1
21
22
SIM5
SIM1
SIM2
SIM3
SIM4
1
21
22
SIM5
SIM1
SIM2
SIM3
SIM4
1
21
22
SIM5
SIM1
SIM2
SIM3
SIM4
1
21
22
SIM5
SIM1
SIM2
SIM3
SIM4
1
21
22
SIM5
SIM1
SIM2
SIM3
SIM4
1
21
22
SIM5
SIM1
SIM2
SIM3
SIM4
1
21
22
SIM5
SIM1
SIM2
SIM3
SIM4
1
21
22
SIM5
SIM1
SIM2
SIM3
SIM4
1
21
22
SIM5
SIM1
SIM2
SIM3
SIM4
1
21
22
SIM5
SIM1
SIM2
SIM3
SIM4
1
21
22
SIM5
SIM1
SIM2
SIM3
SIM4
1
21
22
SIM5
SIM1
SIM2
SIM3
SIM4
1
21
22
SIM5
SIM1
SIM2
SIM3
SIM4
1
21
22
SIM5
SIM1
SIM2
SIM3
SIM4
1
21
22
SIM5
SIM1
SIM2
SIM3
SIM4
1
21
22
SIM5
SIM1
SIM2
SIM3
SIM4
1
21
22
SIM5
SIM1
SIM2
SIM3
SIM4
1
21
22
SIM5
SIM1
SIM2
SIM3
SIM4
1
21
22
SIM5
SIM1
SIM2
SIM3
SIM4
1
21
22
SIM5
SIM1
SIM2
SIM3
SIM4
1
21
22
SIM5
SIM1
SIM2
SIM3
SIM4
1
21
22
SIM5
SIM1
SIM2
SIM3
SIM4
1
21
22
SIM5
SIM1
SIM2
SIM3
SIM4
1
21
22
SIM5
SIM1
SIM2
SIM3
SIM4
1
21
22
SIM5
SIM1
SIM2
SIM3
SIM4
1
21
22
SIM5
SIM1
SIM2
SIM3
SIM4
1
21
22
SIM5
SIM1
SIM2
SIM3
SIM4
1
21
22
SIM5
SIM1
SIM2
SIM3
SIM4
1
21
22
SIM5
SIM1
SIM2
SIM3
SIM4
1
21
22
SIM5
SIM1
SIM2
SIM3
SIM4
1
21
22
SIM5
SIM1
SIM2
SIM3
SIM4
1
21
22
SIM5
SIM1
SIM2
SIM3
SIM4
1
21
22
SIM5
SIM1
SIM2
SIM3
SIM4
1
21
22
SIM5
SIM1
SIM2
SIM3
SIM4
1
21
22
SIM5
SIM1
SIM2
SIM3
SIM4
1
21
22
SIM5
SIM1
SIM2
SIM3
SIM4
1
21
22
SIM5
SIM1
SIM2
SIM3
SIM4
1
21
22
SIM5
SIM1
SIM2
SIM3
SIM4
1
21
22
SIM5
SIM1
SIM2
SIM3
SIM4
1
21
22
SIM5
SIM1
SIM2
SIM3
SIM4
1
21
22
SIM5
SIM1
SIM2
SIM3
SIM4
1
21
22
SIM5
SIM1
SIM2
SIM3
SIM4
1
21
22
SIM5
SIM1
SIM2
SIM3
SIM4
1
21
22
SIM5
SIM1
SIM2
SIM3
SIM4
1
21
22
SIM5
SIM1
SIM2
SIM3
SIM4
1
21
22
SIM5
SIM1
SIM2
SIM3
SIM4
1
21
22
SIM5
SIM1
SIM2
SIM3
SIM4
1
21
22
SIM5
SIM1
SIM2
SIM3
SIM4
1
21
22
SIM5
SIM1
SIM2
SIM3
SIM4
1
21
22
SIM5
SIM1
SIM2
DEBUG 1 607
SIM1
SIM2
SIM3
SIM4
1
21
22
SIM5
SIM1
SIM2
SIM3
SIM4
1
21
22
SIM5
SIM1
SIM2
SIM3
SIM4
1
21
22
SIM5
SIM1
SIM2
SIM3
SIM4
1
21
22
SIM5
SIM1
SIM2
SIM3
SIM4
1
21
22
SIM5
SIM1
SIM2
SIM3
SIM4
1
21
22
SIM5
SIM1
SIM2
SIM3
SIM4
1
21
22
SIM5
SIM1
SIM2
SIM3
SIM4
1
21
22
SIM5
SIM1
SIM2
SIM3
SIM4
1
21
22
SIM5
SIM1
SIM2
SIM3
SIM4
1
21
22
SIM5
SIM1
SIM2
SIM3
SIM4
1
21
22
SIM5
SIM1
SIM2
SIM3
SIM4
1
21
22
SIM5
SIM1
SIM2
SIM3
SIM4
1
21
22
SIM5
SIM1
SIM2
SIM3
SIM4
1
21
22
SIM5
SIM1
SIM2
SIM3
SIM4
1
21
22
SIM5
SIM1
SIM2
SIM3
SIM4
1
21
22
SIM5
SIM1
SIM2
SIM3
SIM4
1
21
22
SIM5
SIM1
SIM2
SIM3
SIM4
1
21
22
SIM5
SIM1
SIM2
SIM3
SIM4
1
21
22
SIM5
SIM1
SIM2
SIM3
SIM4
1
21
22
SIM5
SIM1
SIM2
SIM3
SIM4
1
21
22
SIM5
SIM1
SIM2
SIM3
SIM4
1
21
22
SIM5
SIM1
SIM2
SIM3
SIM4
1
21
22
SIM5
SIM1
SIM2
SIM3
SIM4
1
21
22
SIM5
SIM1
SIM2
SIM3
SIM4
1
21
22
SIM5
SIM1
SIM2
SIM3
SIM4
1
21
22
SIM5
SIM1
SIM2
SIM3
SIM4
1
21
22
SIM5
SIM1
SIM2
SIM3
SIM4
1
21
22
SIM5
SIM1
SIM2
SIM3
SIM4
1
21
22
SIM5
SIM1
SIM2
SIM3
SIM4
1
21
22
SIM5
SIM1
SIM2
SIM3
SIM4
1
21
22
SIM5
SIM1
SIM2
SIM3
SIM4
1
21
22
SIM5
SIM1
SIM2
SIM3
SIM4
1
21
22
SIM5
SIM1
SIM2
SIM3
SIM4
1
21
22
SIM5
SIM1
SIM2
SIM3
SIM4
1
21
22
SIM5
SIM1
SIM2
SIM3
SIM4
1
21
22
SIM5
SIM1
SIM2
SIM3
SIM4
1
21
22
SIM5
SIM1
SIM2
SIM3
SIM4
1
21
22
SIM5
SIM1
SIM2
SIM3
SIM4
1
21
22
SIM5
SIM1
SIM2
SIM3
SIM4
1
21
22
SIM5
SIM1
SIM2
SIM3
SIM4
1
21
22
SIM5
SIM1
SIM2
SIM3
SIM4
1
21
22
SIM5
SIM1
SIM2
SIM3
SIM4
1
21
22
SIM5
SIM1
SIM2
SIM3
SIM4
1
21
22
SIM5
SIM1
SIM2
SIM3
SIM4
1
21
22
SIM5
SIM1
SIM2
SIM3
SIM4
1
21
22
SIM5
SIM1
SIM2
SIM3
SIM4
1
21
22
SIM5
SIM1
SIM2
SIM3
SIM4
1
21
22
SIM5
SIM1
SIM2
SIM3
SIM4
1
21
22
SIM5
SIM1
SIM2
SIM3
SIM4
1
21
22
SIM5
SIM1
SIM2
SIM3
SIM4
1
21
22
SIM5
SIM1
SIM2
SIM3
SIM4
1
21
22
SIM5
SIM1
SIM2
SIM3
SIM4
1
21
22
SIM5
SIM1
SIM2
SIM3
SIM4
1
21
22
SIM5
SIM1
SIM2
SIM3
SIM4
1
21
22
SIM5
SIM1
SIM2
SIM3
SIM4
1
21
22
SIM5
SIM1
SIM2
SIM3
SIM4
1
21
22
SIM5
SIM1
SIM2
SIM3
SIM4
1
21
22
SIM5
SIM1
SIM2
SIM3
SIM4
1
21
22
SIM5
SIM1
SIM2
SIM3
SIM4
1
21
22
SIM5
SIM1
SIM2
SIM3
SIM4
1
21
22
SIM5
SIM1
SIM2
SIM3
SIM4
1
21
22
SIM5
SIM1
SIM2
SIM3
SIM4
1
21
22
SIM5
SIM1
SIM2
SIM3
SIM4
1
21
22
SIM5
SIM1
SIM2
SIM3
SIM4
1
21
22
SIM5
SIM1
SIM2
SIM3
SIM4
1
21
22
SIM5
SIM1
SIM2
SIM3
SIM4
1
21
22
SIM5
SIM1
SIM2
SIM3
SIM4
1
21
22
SIM5
SIM1
SIM2
SIM3
SIM4
1
21
22
SIM5
SIM1
SIM2
SIM3
SIM4
1
21
22
SIM5
SIM1
SIM2
SIM3
SIM4
1
21
22
SIM5
SIM1
SIM2
SIM3
SIM4
1
21
22
SIM5
SIM1
SIM2
SIM3
SIM4
1
21
22
SIM5
SIM1
SIM2
SIM3
SIM4
1
21
22
SIM5
SIM1
SIM2
SIM3
SIM4
1
21
22
SIM5
SIM1
SIM2
SIM3
SIM4
1
21
22
SIM5
SIM1
SIM2
SIM3
SIM4
1
21
22
SIM5
SIM1
SIM2
SIM3
SIM4
1
21
22
SIM5
SIM1
SIM2
SIM3
SIM4
1
21
22
SIM5
SIM1
SIM2
SIM3
SIM4
1
21
22
SIM5
SIM1
SIM2
SIM3
SIM4
1
21
22
SIM5
SIM1
SIM2
SIM3
SIM4
1
21
22
SIM5
SIM1
SIM2
SIM3
SIM4
1
21
22
SIM5
SIM1
SIM2
SIM3
SIM4
1
21
22
SIM5
SIM1
SIM2
SIM3
SIM4
1
21
22
SIM5
SIM1
SIM2
SIM3
SIM4
1
21
22
SIM5
SIM1
SIM2
SIM3
SIM4
1
21
22
SIM5
SIM1
SIM2
SIM3
SIM4
1
21
22
SIM5
SIM1
SIM2
SIM3
SIM4
1
21
22
SIM5
SIM1
SIM2
SIM3
SIM4
1
21
22
SIM5
SIM1
SIM2
SIM3
SIM4
1
21
22
SIM5
SIM1
SIM2
SIM3
SIM4
1
21
22
SIM5
SIM1
SIM2
SIM3
SIM4
1
21
22
SIM5
SIM1
SIM2
SIM3
SIM4
1
21
22
SIM5
SIM1
SIM2
SIM3
SIM4
1
21
22
SIM5
SIM1
SIM2
SIM3
SIM4
1
21
22
SIM5
SIM1
SIM2
SIM3
SIM4
1
21
22
SIM5
SIM1
SIM2
SIM3
SIM4
1
21
22
SIM5
SIM1
SIM2
SIM3
SIM4
1
21
22
SIM5
SIM1
SIM2
SIM3
SIM4
1
21
22
SIM5
SIM1
SIM2
SIM3
SIM4
1
21
22
SIM5
SIM1
SIM2
SIM3
SIM4
1
21
22
SIM5
SIM1
SIM2
SIM3
SIM4
1
21
22
SIM5
SIM1
SIM2
SIM3
SIM4
1
21
22
SIM5
SIM1
SIM2
SIM3
SIM4
1
21
22
SIM5
SIM1
SIM2
SIM3
SIM4
1
21
22
SIM5
SIM1
SIM2
SIM3
SIM4
1
21
22
SIM5
SIM1
SIM2
SIM3
SIM4
1
21
22
SIM5
SIM1
SIM2
SIM3
SIM4
1
21
22
SIM5
SIM1
SIM2
SIM3
SIM4
1
21
22
SIM5
SIM1
SIM2
SIM3
SIM4
1
21
22
SIM5
SIM1
SIM2
SIM3
SIM4
1
21
22
SIM5
SIM1
SIM2
SIM3
SIM4
1
21
22
SIM5
SIM1
SIM2
SIM3
SIM4
1
21
22
SIM5
SIM1
SIM2
SIM3
SIM4
1
21
22
SIM5
SIM1
SIM2
SIM3
SIM4
1
21
22
SIM5
SIM1
SIM2
SIM3
SIM4
1
21
22
SIM5
SIM1
SIM2
SIM3
SIM4
1
21
22
SIM5
SIM1
SIM2
SIM3
SIM4
1
21
22
SIM5
SIM1
SIM2
SIM3
SIM4
1
21
22
SIM5
SIM1
SIM2
SIM3
SIM4
1
21
22
SIM5
SIM1
SIM2
SIM3
SIM4
1
21
22
SIM5
SIM1
SIM2
SIM3
SIM4
1
21
22
SIM5
SIM1
SIM2
SIM3
SIM4
1
21
22
SIM5
SIM1
SIM2
SIM3
SIM4
1
21
22
SIM5
SIM1
SIM2
SIM3
SIM4
1
21
22
SIM5
SIM1
SIM2
SIM3
SIM4
1
21
22
SIM5
SIM1
SIM2
SIM3
SIM4
1
21
22
SIM5
SIM1
SIM2
SIM3
SIM4
1
21
22
SIM5
SIM1
SIM2
SIM3
SIM4
1
21
22
SIM5
SIM1
SIM2
SIM3
SIM4
1
21
22
SIM5
SIM1
SIM2
SIM3
SIM4
1
21
22
SIM5
SIM1
SIM2
SIM3
SIM4
1
21
22
SIM5
SIM1
SIM2
SIM3
SIM4
1
21
22
SIM5
SIM1
SIM2
SIM3
SIM4
1
21
22
SIM5
SIM1
SIM2
SIM3
SIM4
1
21
22
SIM5
SIM1
SIM2
SIM3
SIM4
1
21
22
SIM5
SIM1
SIM2
SIM3
SIM4
1
21
22
SIM5
SIM1
SIM2
SIM3
SIM4
1
21
22
SIM5
SIM1
SIM2
SIM3
SIM4
1
21
22
SIM5
SIM1
SIM2
SIM3
SIM4
1
21
22
SIM5
SIM1
SIM2
SIM3
SIM4
1
21
22
SIM5
SIM1
SIM2
SIM3
SIM4
1
21
22
SIM5
SIM1
SIM2
SIM3
SIM4
1
21
22
SIM5
SIM1
SIM2
SIM3
SIM4
1
21
22
SIM5
SIM1
SIM2
SIM3
SIM4
1
21
22
SIM5
SIM1
SIM2
SIM3
SIM4
1
21
22
SIM5
SIM1
SIM2
SIM3
SIM4
1
21
22
SIM5
SIM1
SIM2
SIM3
SIM4
1
21
22
SIM5
SIM1
SIM2
SIM3
SIM4
1
21
22
SIM5
SIM1
SIM2
SIM3
SIM4
1
21
22
SIM5
SIM1
SIM2
SIM3
SIM4
1
21
22
SIM5
SIM1
SIM2
SIM3
SIM4
1
21
22
SIM5
SIM1
SIM2
SIM3
SIM4
1
21
22
SIM5
SIM1
SIM2
SIM3
SIM4
1
21
22
SIM5
SIM1
SIM2
SIM3
SIM4
1
21
22
SIM5
SIM1
SIM2
SIM3
SIM4
1
21
22
SIM5
SIM1
SIM2
SIM3
SIM4
1
21
22
SIM5
SIM1
SIM2
SIM3
SIM4
1
21
22
SIM5
SIM1
SIM2
SIM3
SIM4
1
21
22
SIM5
SIM1
SIM2
SIM3
SIM4
1
21
22
SIM5
SIM1
SIM2
SIM3
SIM4
1
21
22
SIM5
SIM1
SIM2
SIM3
SIM4
1
21
22
SIM5
SIM1
SIM2
SIM3
SIM4
1
21
22
SIM5
SIM1
SIM2
SIM3
SIM4
1
21
22
SIM5
SIM1
SIM2
SIM3
SIM4
1
21
22
SIM5
SIM1
SIM2
SIM3
SIM4
1
21
22
SIM5
SIM1
SIM2
SIM3
SIM4
1
21
22
SIM5
SIM1
SIM2
SIM3
SIM4
1
21
22
SIM5
SIM1
SIM2
SIM3
SIM4
1
21
22
SIM5
SIM1
SIM2
SIM3
SIM4
1
21
22
SIM5
SIM1
SIM2
SIM3
SIM4
1
21
22
SIM5
SIM1
SIM2
SIM3
SIM4
1
21
22
SIM5
SIM1
SIM2
SIM3
SIM4
1
21
22
SIM5
SIM1
SIM2
SIM3
SIM4
1
21
22
SIM5
SIM1
SIM2
SIM3
SIM4
1
21
22
SIM5
SIM1
SIM2
SIM3
SIM4
1
21
22
SIM5
SIM1
SIM2
SIM3
SIM4
1
21
22
SIM5
SIM1
SIM2
SIM3
SIM4
1
21
22
SIM5
SIM1
SIM2
SIM3
SIM4
1
21
22
SIM5
SIM1
SIM2
SIM3
SIM4
1
21
22
SIM5
SIM1
SIM2
SIM3
SIM4
1
21
22
SIM5
SIM1
SIM2
SIM3
SIM4
1
21
22
SIM5
SIM1
SIM2
SIM3
SIM4
1
21
22
SIM5
SIM1
SIM2
SIM3
SIM4
1
21
22
SIM5
SIM1
SIM2
SIM3
SIM4
1
21
22
SIM5
SIM1
SIM2
SIM3
SIM4
1
21
22
SIM5
SIM1
SIM2
SIM3
SIM4
1
21
22
SIM5
SIM1
SIM2
SIM3
SIM4
1
21
22
SIM5
SIM1
SIM2
SIM3
SIM4
1
21
22
SIM5
SIM1
SIM2
SIM3
SIM4
1
21
22
SIM5
SIM1
SIM2
SIM3
SIM4
1
21
22
SIM5
SIM1
SIM2
SIM3
SIM4
1
21
22
SIM5
SIM1
SIM2
SIM3
SIM4
1
21
22
SIM5
SIM1
SIM2
SIM3
SIM4
1
21
22
SIM5
SIM1
SIM2
SIM3
SIM4
1
21
22
SIM5
SIM1
SIM2
SIM3
SIM4
1
21
22
SIM5
SIM1
SIM2
SIM3
SIM4
1
21
22
SIM5
SIM1
SIM2
SIM3
SIM4
1
21
22
SIM5
SIM1
SIM2
SIM3
SIM4
1
21
22
SIM5
SIM1
SIM2
SIM3
SIM4
1
21
22
SIM5
SIM1
SIM2
SIM3
SIM4
1
21
22
SIM5
SIM1
SIM2
SIM3
SIM4
1
21
22
SIM5
SIM1
SIM2
SIM3
SIM4
1
21
22
SIM5
SIM1
SIM2
SIM3
SIM4
1
21
22
SIM5
SIM1
SIM2
SIM3
SIM4
1
21
22
SIM5
SIM1
SIM2
SIM3
SIM4
1
21
22
SIM5
SIM1
SIM2
SIM3
SIM4
1
21
22
SIM5
SIM1
SIM2
SIM3
SIM4
1
21
22
SIM5
SIM1
SIM2
SIM3
SIM4
1
21
22
SIM5
SIM1
SIM2
SIM3
SIM4
1
21
22
SIM5
SIM1
SIM2
SIM3
SIM4
1
21
22
SIM5
SIM1
SIM2
SIM3
SIM4
1
21
22
SIM5
SIM1
SIM2
SIM3
SIM4
1
21
22
SIM5
SIM1
SIM2
SIM3
SIM4
1
21
22
SIM5
SIM1
SIM2
SIM3
SIM4
1
21
22
SIM5
SIM1
SIM2
SIM3
SIM4
1
21
22
SIM5
SIM1
SIM2
SIM3
SIM4
1
21
22
SIM5
SIM1
SIM2
SIM3
SIM4
1
21
22
SIM5
SIM1
SIM2
SIM3
SIM4
1
21
22
SIM5
SIM1
SIM2
SIM3
SIM4
1
21
22
SIM5
SIM1
SIM2
SIM3
SIM4
1
21
22
SIM5
SIM1
SIM2
SIM3
SIM4
1
21
22
SIM5
SIM1
SIM2
SIM3
SIM4
1
21
22
SIM5
SIM1
SIM2
SIM3
SIM4
1
21
22
SIM5
SIM1
SIM2
SIM3
SIM4
1
21
22
SIM5
SIM1
SIM2
SIM3
SIM4
1
21
22
SIM5
SIM1
SIM2
SIM3
SIM4
1
21
22
SIM5
SIM1
SIM2
SIM3
SIM4
1
21
22
SIM5
SIM1
SIM2
SIM3
SIM4
1
21
22
SIM5
SIM1
SIM2
SIM3
SIM4
1
21
22
SIM5
SIM1
SIM2
SIM3
SIM4
1
21
22
SIM5
SIM1
SIM2
SIM3
SIM4
1
21
22
SIM5
SIM1
SIM2
SIM3
SIM4
1
21
22
SIM5
SIM1
SIM2
SIM3
SIM4
1
21
22
SIM5
SIM1
SIM2
SIM3
SIM4
1
21
22
SIM5
SIM1
SIM2
SIM3
SIM4
1
21
22
SIM5
SIM1
SIM2
SIM3
SIM4
1
21
22
SIM5
SIM1
SIM2
SIM3
SIM4
1
21
22
SIM5
SIM1
SIM2
SIM3
SIM4
1
21
22
SIM5
SIM1
SIM2
SIM3
SIM4
1
21
22
SIM5
SIM1
SIM2
SIM3
SIM4
1
21
22
SIM5
SIM1
SIM2
SIM3
SIM4
1
21
22
SIM5
SIM1
SIM2
SIM3
SIM4
1
21
22
SIM5
SIM1
SIM2
SIM3
SIM4
1
21
22
SIM5
SIM1
SIM2
SIM3
SIM4
1
21
22
SIM5
SIM1
SIM2
SIM3
SIM4
1
21
22
SIM5
SIM1
SIM2
SIM3
SIM4
1
21
22
SIM5
SIM1
SIM2
SIM3
SIM4
1
21
22
SIM5
SIM1
SIM2
SIM3
SIM4
1
21
22
SIM5
SIM1
SIM2
SIM3
SIM4
1
21
22
SIM5
SIM1
SIM2
SIM3
SIM4
1
21
22
SIM5
SIM1
SIM2
SIM3
SIM4
1
21
22
SIM5
SIM1
SIM2
SIM3
SIM4
1
21
22
SIM5
SIM1
SIM2
SIM3
SIM4
1
21
22
SIM5
SIM1
SIM2
SIM3
SIM4
1
21
22
SIM5
SIM1
SIM2
SIM3
SIM4
1
21
22
SIM5
SIM1
SIM2
SIM3
SIM4
1
21
22
SIM5
SIM1
SIM2
SIM3
SIM4
1
21
22
SIM5
SIM1
SIM2
SIM3
SIM4
1
21
22
SIM5
SIM1
SIM2
SIM3
SIM4
1
21
22
SIM5
SIM1
SIM2
DEBUG 1 608
SIM1
SIM2
SIM3
SIM4
1
21
22
SIM5
SIM1
SIM2
SIM3
SIM4
1
21
22
SIM5
SIM1
SIM2
SIM3
SIM4
1
21
22
SIM5
SIM1
SIM2
SIM3
SIM4
1
21
22
SIM5
SIM1
SIM2
SIM3
SIM4
1
21
22
SIM5
SIM1
SIM2
SIM3
SIM4
1
21
22
SIM5
SIM1
SIM2
SIM3
SIM4
1
21
22
SIM5
SIM1
SIM2
SIM3
SIM4
1
21
22
SIM5
SIM1
SIM2
SIM3
SIM4
1
21
22
SIM5
SIM1
SIM2
SIM3
SIM4
1
21
22
SIM5
SIM1
SIM2
SIM3
SIM4
1
21
22
SIM5
SIM1
SIM2
SIM3
SIM4
1
21
22
SIM5
SIM1
SIM2
SIM3
SIM4
1
21
22
SIM5
SIM1
SIM2
SIM3
SIM4
1
21
22
SIM5
SIM1
SIM2
SIM3
SIM4
1
21
22
SIM5
SIM1
SIM2
SIM3
SIM4
1
21
22
SIM5
SIM1
SIM2
SIM3
SIM4
1
21
22
SIM5
SIM1
SIM2
SIM3
SIM4
1
21
22
SIM5
SIM1
SIM2
SIM3
SIM4
1
21
22
SIM5
SIM1
SIM2
SIM3
SIM4
1
21
22
SIM5
SIM1
SIM2
SIM3
SIM4
1
21
22
SIM5
SIM1
SIM2
SIM3
SIM4
1
21
22
SIM5
SIM1
SIM2
SIM3
SIM4
1
21
22
SIM5
SIM1
SIM2
SIM3
SIM4
1
21
22
SIM5
SIM1
SIM2
SIM3
SIM4
1
21
22
SIM5
SIM1
SIM2
SIM3
SIM4
1
21
22
SIM5
SIM1
SIM2
SIM3
SIM4
1
21
22
SIM5
SIM1
SIM2
SIM3
SIM4
1
21
22
SIM5
SIM1
SIM2
SIM3
SIM4
1
21
22
SIM5
SIM1
SIM2
SIM3
SIM4
1
21
22
SIM5
SIM1
SIM2
SIM3
SIM4
1
21
22
SIM5
SIM1
SIM2
SIM3
SIM4
1
21
22
SIM5
SIM1
SIM2
SIM3
SIM4
1
21
22
SIM5
SIM1
SIM2
SIM3
SIM4
1
21
22
SIM5
SIM1
SIM2
SIM3
SIM4
1
21
22
SIM5
SIM1
SIM2
SIM3
SIM4
1
21
22
SIM5
SIM1
SIM2
SIM3
SIM4
1
21
22
SIM5
SIM1
SIM2
SIM3
SIM4
1
21
22
SIM5
SIM1
SIM2
SIM3
SIM4
1
21
22
SIM5
SIM1
SIM2
SIM3
SIM4
1
21
22
SIM5
SIM1
SIM2
SIM3
SIM4
1
21
22
SIM5
SIM1
SIM2
SIM3
SIM4
1
21
22
SIM5
SIM1
SIM2
SIM3
SIM4
1
21
22
SIM5
SIM1
SIM2
SIM3
SIM4
1
21
22
SIM5
SIM1
SIM2
SIM3
SIM4
1
21
22
SIM5
SIM1
SIM2
SIM3
SIM4
1
21
22
SIM5
SIM1
SIM2
SIM3
SIM4
1
21
22
SIM5
SIM1
SIM2
SIM3
SIM4
1
21
22
SIM5
SIM1
SIM2
SIM3
SIM4
1
21
22
SIM5
SIM1
SIM2
SIM3
SIM4
1
21
22
SIM5
SIM1
SIM2
SIM3
SIM4
1
21
22
SIM5
SIM1
SIM2
SIM3
SIM4
1
21
22
SIM5
SIM1
SIM2
SIM3
SIM4
1
21
22
SIM5
SIM1
SIM2
SIM3
SIM4
1
21
22
SIM5
SIM1
SIM2
SIM3
SIM4
1
21
22
SIM5
SIM1
SIM2
SIM3
SIM4
1
21
22
SIM5
SIM1
SIM2
SIM3
SIM4
1
21
22
SIM5
SIM1
SIM2
SIM3
SIM4
1
21
22
SIM5
SIM1
SIM2
SIM3
SIM4
1
21
22
SIM5
SIM1
SIM2
SIM3
SIM4
1
21
22
SIM5
SIM1
SIM2
SIM3
SIM4
1
21
22
SIM5
SIM1
SIM2
SIM3
SIM4
1
21
22
SIM5
SIM1
SIM2
SIM3
SIM4
1
21
22
SIM5
SIM1
SIM2
SIM3
SIM4
1
21
22
SIM5
SIM1
SIM2
SIM3
SIM4
1
21
22
SIM5
SIM1
SIM2
SIM3
SIM4
1
21
22
SIM5
SIM1
SIM2
SIM3
SIM4
1
21
22
SIM5
SIM1
SIM2
SIM3
SIM4
1
21
22
SIM5
SIM1
SIM2
SIM3
SIM4
1
21
22
SIM5
SIM1
SIM2
SIM3
SIM4
1
21
22
SIM5
SIM1
SIM2
SIM3
SIM4
1
21
22
SIM5
SIM1
SIM2
SIM3
SIM4
1
21
22
SIM5
SIM1
SIM2
SIM3
SIM4
1
21
22
SIM5
SIM1
SIM2
SIM3
SIM4
1
21
22
SIM5
SIM1
SIM2
SIM3
SIM4
1
21
22
SIM5
SIM1
SIM2
SIM3
SIM4
1
21
22
SIM5
SIM1
SIM2
SIM3
SIM4
1
21
22
SIM5
SIM1
SIM2
SIM3
SIM4
1
21
22
SIM5
SIM1
SIM2
SIM3
SIM4
1
21
22
SIM5
SIM1
SIM2
SIM3
SIM4
1
21
22
SIM5
SIM1
SIM2
SIM3
SIM4
1
21
22
SIM5
SIM1
SIM2
SIM3
SIM4
1
21
22
SIM5
SIM1
SIM2
SIM3
SIM4
1
21
22
SIM5
SIM1
SIM2
SIM3
SIM4
1
21
22
SIM5
SIM1
SIM2
SIM3
SIM4
1
21
22
SIM5
SIM1
SIM2
SIM3
SIM4
1
21
22
SIM5
SIM1
SIM2
SIM3
SIM4
1
21
22
SIM5
SIM1
SIM2
SIM3
SIM4
1
21
22
SIM5
SIM1
SIM2
SIM3
SIM4
1
21
22
SIM5
SIM1
SIM2
SIM3
SIM4
1
21
22
SIM5
SIM1
SIM2
SIM3
SIM4
1
21
22
SIM5
SIM1
SIM2
SIM3
SIM4
1
21
22
SIM5
SIM1
SIM2
SIM3
SIM4
1
21
22
SIM5
SIM1
SIM2
SIM3
SIM4
1
21
22
SIM5
SIM1
SIM2
SIM3
SIM4
1
21
22
SIM5
SIM1
SIM2
SIM3
SIM4
1
21
22
SIM5
SIM1
SIM2
SIM3
SIM4
1
21
22
SIM5
SIM1
SIM2
SIM3
SIM4
1
21
22
SIM5
SIM1
SIM2
SIM3
SIM4
1
21
22
SIM5
SIM1
SIM2
SIM3
SIM4
1
21
22
SIM5
SIM1
SIM2
SIM3
SIM4
1
21
22
SIM5
SIM1
SIM2
SIM3
SIM4
1
21
22
SIM5
SIM1
SIM2
SIM3
SIM4
1
21
22
SIM5
SIM1
SIM2
SIM3
SIM4
1
21
22
SIM5
SIM1
SIM2
SIM3
SIM4
1
21
22
SIM5
SIM1
SIM2
SIM3
SIM4
1
21
22
SIM5
SIM1
SIM2
SIM3
SIM4
1
21
22
SIM5
SIM1
SIM2
SIM3
SIM4
1
21
22
SIM5
SIM1
SIM2
SIM3
SIM4
1
21
22
SIM5
SIM1
SIM2
SIM3
SIM4
1
21
22
SIM5
SIM1
SIM2
SIM3
SIM4
1
21
22
SIM5
SIM1
SIM2
SIM3
SIM4
1
21
22
SIM5
SIM1
SIM2
SIM3
SIM4
1
21
22
SIM5
SIM1
SIM2
SIM3
SIM4
1
21
22
SIM5
SIM1
SIM2
SIM3
SIM4
1
21
22
SIM5
SIM1
SIM2
SIM3
SIM4
1
21
22
SIM5
SIM1
SIM2
SIM3
SIM4
1
21
22
SIM5
SIM1
SIM2
SIM3
SIM4
1
21
22
SIM5
SIM1
SIM2
SIM3
SIM4
1
21
22
SIM5
SIM1
SIM2
SIM3
SIM4
1
21
22
SIM5
SIM1
SIM2
SIM3
SIM4
1
21
22
SIM5
SIM1
SIM2
SIM3
SIM4
1
21
22
SIM5
SIM1
SIM2
SIM3
SIM4
1
21
22
SIM5
SIM1
SIM2
SIM3
SIM4
1
21
22
SIM5
SIM1
SIM2
SIM3
SIM4
1
21
22
SIM5
SIM1
SIM2
SIM3
SIM4
1
21
22
SIM5
SIM1
SIM2
SIM3
SIM4
1
21
22
SIM5
SIM1
SIM2
SIM3
SIM4
1
21
22
SIM5
SIM1
SIM2
SIM3
SIM4
1
21
22
SIM5
SIM1
SIM2
SIM3
SIM4
1
21
22
SIM5
SIM1
SIM2
SIM3
SIM4
1
21
22
SIM5
SIM1
SIM2
SIM3
SIM4
1
21
22
SIM5
SIM1
SIM2
SIM3
SIM4
1
21
22
SIM5
SIM1
SIM2
SIM3
SIM4
1
21
22
SIM5
SIM1
SIM2
SIM3
SIM4
1
21
22
SIM5
SIM1
SIM2
SIM3
SIM4
1
21
22
SIM5
SIM1
SIM2
SIM3
SIM4
1
21
22
SIM5
SIM1
SIM2
SIM3
SIM4
1
21
22
SIM5
SIM1
SIM2
SIM3
SIM4
1
21
22
SIM5
SIM1
SIM2
SIM3
SIM4
1
21
22
SIM5
SIM1
SIM2
SIM3
SIM4
1
21
22
SIM5
SIM1
SIM2
SIM3
SIM4
1
21
22
SIM5
SIM1
SIM2
SIM3
SIM4
1
21
22
SIM5
SIM1
SIM2
SIM3
SIM4
1
21
22
SIM5
SIM1
SIM2
SIM3
SIM4
1
21
22
SIM5
SIM1
SIM2
SIM3
SIM4
1
21
22
SIM5
SIM1
SIM2
SIM3
SIM4
1
21
22
SIM5
SIM1
SIM2
SIM3
SIM4
1
21
22
SIM5
SIM1
SIM2
SIM3
SIM4
1
21
22
SIM5
SIM1
SIM2
SIM3
SIM4
1
21
22
SIM5
SIM1
SIM2
SIM3
SIM4
1
21
22
SIM5
SIM1
SIM2
SIM3
SIM4
1
21
22
SIM5
SIM1
SIM2
SIM3
SIM4
1
21
22
SIM5
SIM1
SIM2
SIM3
SIM4
1
21
22
SIM5
SIM1
SIM2
SIM3
SIM4
1
21
22
SIM5
SIM1
SIM2
SIM3
SIM4
1
21
22
SIM5
SIM1
SIM2
SIM3
SIM4
1
21
22
SIM5
SIM1
SIM2
SIM3
SIM4
1
21
22
SIM5
SIM1
SIM2
SIM3
SIM4
1
21
22
SIM5
SIM1
SIM2
SIM3
SIM4
1
21
22
SIM5
SIM1
SIM2
SIM3
SIM4
1
21
22
SIM5
SIM1
SIM2
SIM3
SIM4
1
21
22
SIM5
SIM1
SIM2
SIM3
SIM4
1
21
22
SIM5
SIM1
SIM2
SIM3
SIM4
1
21
22
SIM5
SIM1
SIM2
SIM3
SIM4
1
21
22
SIM5
SIM1
SIM2
SIM3
SIM4
1
21
22
SIM5
SIM1
SIM2
SIM3
SIM4
1
21
22
SIM5
SIM1
SIM2
SIM3
SIM4
1
21
22
SIM5
SIM1
SIM2
SIM3
SIM4
1
21
22
SIM5
SIM1
SIM2
SIM3
SIM4
1
21
22
SIM5
SIM1
SIM2
SIM3
SIM4
1
21
22
SIM5
SIM1
SIM2
SIM3
SIM4
1
21
22
SIM5
SIM1
SIM2
SIM3
SIM4
1
21
22
SIM5
SIM1
SIM2
SIM3
SIM4
1
21
22
SIM5
SIM1
SIM2
SIM3
SIM4
1
21
22
SIM5
SIM1
SIM2
SIM3
SIM4
1
21
22
SIM5
SIM1
SIM2
SIM3
SIM4
1
21
22
SIM5
SIM1
SIM2
SIM3
SIM4
1
21
22
SIM5
SIM1
SIM2
SIM3
SIM4
1
21
22
SIM5
SIM1
SIM2
SIM3
SIM4
1
21
22
SIM5
SIM1
SIM2
SIM3
SIM4
1
21
22
SIM5
SIM1
SIM2
SIM3
SIM4
1
21
22
SIM5
SIM1
SIM2
SIM3
SIM4
1
21
22
SIM5
SIM1
SIM2
SIM3
SIM4
1
21
22
SIM5
SIM1
SIM2
SIM3
SIM4
1
21
22
SIM5
SIM1
SIM2
SIM3
SIM4
1
21
22
SIM5
SIM1
SIM2
SIM3
SIM4
1
21
22
SIM5
SIM1
SIM2
SIM3
SIM4
1
21
22
SIM5
SIM1
SIM2
SIM3
SIM4
1
21
22
SIM5
SIM1
SIM2
SIM3
SIM4
1
21
22
SIM5
SIM1
SIM2
SIM3
SIM4
1
21
22
SIM5
SIM1
SIM2
SIM3
SIM4
1
21
22
SIM5
SIM1
SIM2
SIM3
SIM4
1
21
22
SIM5
SIM1
SIM2
SIM3
SIM4
1
21
22
SIM5
SIM1
SIM2
SIM3
SIM4
1
21
22
SIM5
SIM1
SIM2
SIM3
SIM4
1
21
22
SIM5
SIM1
SIM2
SIM3
SIM4
1
21
22
SIM5
SIM1
SIM2
SIM3
SIM4
1
21
22
SIM5
SIM1
SIM2
SIM3
SIM4
1
21
22
SIM5
SIM1
SIM2
SIM3
SIM4
1
21
22
SIM5
SIM1
SIM2
SIM3
SIM4
1
21
22
SIM5
SIM1
SIM2
SIM3
SIM4
1
21
22
SIM5
SIM1
SIM2
SIM3
SIM4
1
21
22
SIM5
SIM1
SIM2
SIM3
SIM4
1
21
22
SIM5
SIM1
SIM2
SIM3
SIM4
1
21
22
SIM5
SIM1
SIM2
SIM3
SIM4
1
21
22
SIM5
SIM1
SIM2
SIM3
SIM4
1
21
22
SIM5
SIM1
SIM2
SIM3
SIM4
1
21
22
SIM5
SIM1
SIM2
SIM3
SIM4
1
21
22
SIM5
SIM1
SIM2
SIM3
SIM4
1
21
22
SIM5
SIM1
SIM2
SIM3
SIM4
1
21
22
SIM5
SIM1
SIM2
SIM3
SIM4
1
21
22
SIM5
SIM1
SIM2
SIM3
SIM4
1
21
22
SIM5
SIM1
SIM2
SIM3
SIM4
1
21
22
SIM5
SIM1
SIM2
SIM3
SIM4
1
21
22
SIM5
SIM1
SIM2
SIM3
SIM4
1
21
22
SIM5
SIM1
SIM2
SIM3
SIM4
1
21
22
SIM5
SIM1
SIM2
SIM3
SIM4
1
21
22
SIM5
SIM1
SIM2
SIM3
SIM4
1
21
22
SIM5
SIM1
SIM2
SIM3
SIM4
1
21
22
SIM5
SIM1
SIM2
SIM3
SIM4
1
21
22
SIM5
SIM1
SIM2
SIM3
SIM4
1
21
22
SIM5
SIM1
SIM2
SIM3
SIM4
1
21
22
SIM5
SIM1
SIM2
SIM3
SIM4
1
21
22
SIM5
SIM1
SIM2
SIM3
SIM4
1
21
22
SIM5
SIM1
SIM2
SIM3
SIM4
1
21
22
SIM5
SIM1
SIM2
SIM3
SIM4
1
21
22
SIM5
SIM1
SIM2
SIM3
SIM4
1
21
22
SIM5
SIM1
SIM2
SIM3
SIM4
1
21
22
SIM5
SIM1
SIM2
SIM3
SIM4
1
21
22
SIM5
SIM1
SIM2
SIM3
SIM4
1
21
22
SIM5
SIM1
SIM2
SIM3
SIM4
1
21
22
SIM5
SIM1
SIM2
SIM3
SIM4
1
21
22
SIM5
SIM1
SIM2
SIM3
SIM4
1
21
22
SIM5
SIM1
SIM2
SIM3
SIM4
1
21
22
SIM5
SIM1
SIM2
SIM3
SIM4
1
21
22
SIM5
SIM1
SIM2
SIM3
SIM4
1
21
22
SIM5
SIM1
SIM2
SIM3
SIM4
1
21
22
SIM5
SIM1
SIM2
DEBUG 1 609
SIM1
SIM2
SIM3
SIM4
1
21
22
SIM5
SIM1
SIM2
SIM3
SIM4
1
21
22
SIM5
SIM1
SIM2
SIM3
SIM4
1
21
22
SIM5
SIM1
SIM2
SIM3
SIM4
1
21
22
SIM5
SIM1
SIM2
SIM3
SIM4
1
21
22
SIM5
SIM1
SIM2
SIM3
SIM4
1
21
22
SIM5
SIM1
SIM2
SIM3
SIM4
1
21
22
SIM5
SIM1
SIM2
SIM3
SIM4
1
21
22
SIM5
SIM1
SIM2
SIM3
SIM4
1
21
22
SIM5
SIM1
SIM2
SIM3
SIM4
1
21
22
SIM5
SIM1
SIM2
SIM3
SIM4
1
21
22
SIM5
SIM1
SIM2
SIM3
SIM4
1
21
22
SIM5
SIM1
SIM2
SIM3
SIM4
1
21
22
SIM5
SIM1
SIM2
SIM3
SIM4
1
21
22
SIM5
SIM1
SIM2
SIM3
SIM4
1
21
22
SIM5
SIM1
SIM2
SIM3
SIM4
1
21
22
SIM5
SIM1
SIM2
SIM3
SIM4
1
21
22
SIM5
SIM1
SIM2
SIM3
SIM4
1
21
22
SIM5
SIM1
SIM2
SIM3
SIM4
1
21
22
SIM5
SIM1
SIM2
SIM3
SIM4
1
21
22
SIM5
SIM1
SIM2
SIM3
SIM4
1
21
22
SIM5
SIM1
SIM2
SIM3
SIM4
1
21
22
SIM5
SIM1
SIM2
SIM3
SIM4
1
21
22
SIM5
SIM1
SIM2
SIM3
SIM4
1
21
22
SIM5
SIM1
SIM2
SIM3
SIM4
1
21
22
SIM5
SIM1
SIM2
SIM3
SIM4
1
21
22
SIM5
SIM1
SIM2
SIM3
SIM4
1
21
22
SIM5
SIM1
SIM2
SIM3
SIM4
1
21
22
SIM5
SIM1
SIM2
SIM3
SIM4
1
21
22
SIM5
SIM1
SIM2
SIM3
SIM4
1
21
22
SIM5
SIM1
SIM2
SIM3
SIM4
1
21
22
SIM5
SIM1
SIM2
SIM3
SIM4
1
21
22
SIM5
SIM1
SIM2
SIM3
SIM4
1
21
22
SIM5
SIM1
SIM2
SIM3
SIM4
1
21
22
SIM5
SIM1
SIM2
SIM3
SIM4
1
21
22
SIM5
SIM1
SIM2
SIM3
SIM4
1
21
22
SIM5
SIM1
SIM2
SIM3
SIM4
1
21
22
SIM5
SIM1
SIM2
SIM3
SIM4
1
21
22
SIM5
SIM1
SIM2
SIM3
SIM4
1
21
22
SIM5
SIM1
SIM2
SIM3
SIM4
1
21
22
SIM5
SIM1
SIM2
SIM3
SIM4
1
21
22
SIM5
SIM1
SIM2
SIM3
SIM4
1
21
22
SIM5
SIM1
SIM2
SIM3
SIM4
1
21
22
SIM5
SIM1
SIM2
SIM3
SIM4
1
21
22
SIM5
SIM1
SIM2
SIM3
SIM4
1
21
22
SIM5
SIM1
SIM2
SIM3
SIM4
1
21
22
SIM5
SIM1
SIM2
SIM3
SIM4
1
21
22
SIM5
SIM1
SIM2
SIM3
SIM4
1
21
22
SIM5
SIM1
SIM2
DEBUG 1 610
SIM1
SIM2
SIM3
SIM4
1
21
22
SIM5
SIM1
SIM2
SIM3
SIM4
1
21
22
SIM5
SIM1
SIM2
SIM3
SIM4
1
21
22
SIM5
SIM1
SIM2
SIM3
SIM4
1
21
22
SIM5
SIM1
SIM2
SIM3
SIM4
1
21
22
SIM5
SIM1
SIM2
SIM3
SIM4
1
21
22
SIM5
SIM1
SIM2
SIM3
SIM4
1
21
22
SIM5
SIM1
SIM2
SIM3
SIM4
1
21
22
SIM5
SIM1
SIM2
SIM3
SIM4
1
21
22
SIM5
SIM1
SIM2
SIM3
SIM4
1
21
22
SIM5
SIM1
SIM2
SIM3
SIM4
1
21
22
SIM5
SIM1
SIM2
SIM3
SIM4
1
21
22
SIM5
SIM1
SIM2
SIM3
SIM4
1
21
22
SIM5
SIM1
SIM2
SIM3
SIM4
1
21
22
SIM5
SIM1
SIM2
SIM3
SIM4
1
21
22
SIM5
SIM1
SIM2
SIM3
SIM4
1
21
22
SIM5
SIM1
SIM2
SIM3
SIM4
1
21
22
SIM5
SIM1
SIM2
SIM3
SIM4
1
21
22
SIM5
SIM1
SIM2
SIM3
SIM4
1
21
22
SIM5
SIM1
SIM2
SIM3
SIM4
1
21
22
SIM5
SIM1
SIM2
SIM3
SIM4
1
21
22
SIM5
SIM1
SIM2
SIM3
SIM4
1
21
22
SIM5
SIM1
SIM2
SIM3
SIM4
1
21
22
SIM5
SIM1
SIM2
SIM3
SIM4
1
21
22
SIM5
SIM1
SIM2
SIM3
SIM4
1
21
22
SIM5
SIM1
SIM2
SIM3
SIM4
1
21
22
SIM5
SIM1
SIM2
SIM3
SIM4
1
21
22
SIM5
SIM1
SIM2
SIM3
SIM4
1
21
22
SIM5
SIM1
SIM2
SIM3
SIM4
1
21
22
SIM5
SIM1
SIM2
SIM3
SIM4
1
21
22
SIM5
SIM1
SIM2
SIM3
SIM4
1
21
22
SIM5
SIM1
SIM2
SIM3
SIM4
1
21
22
SIM5
SIM1
SIM2
SIM3
SIM4
1
21
22
SIM5
SIM1
SIM2
SIM3
SIM4
1
21
22
SIM5
SIM1
SIM2
SIM3
SIM4
1
21
22
SIM5
SIM1
SIM2
SIM3
SIM4
1
21
22
SIM5
SIM1
SIM2
SIM3
SIM4
1
21
22
SIM5
SIM1
SIM2
SIM3
SIM4
1
21
22
SIM5
SIM1
SIM2
SIM3
SIM4
1
21
22
SIM5
SIM1
SIM2
SIM3
SIM4
1
21
22
SIM5
SIM1
SIM2
SIM3
SIM4
1
21
22
SIM5
SIM1
SIM2
SIM3
SIM4
1
21
22
SIM5
SIM1
SIM2
SIM3
SIM4
1
21
22
SIM5
SIM1
SIM2
SIM3
SIM4
1
21
22
SIM5
SIM1
SIM2
SIM3
SIM4
1
21
22
SIM5
SIM1
SIM2
SIM3
SIM4
1
21
22
SIM5
SIM1
SIM2
SIM3
SIM4
1
21
22
SIM5
SIM1
SIM2
SIM3
SIM4
1
21
22
SIM5
SIM1
SIM2
SIM3
SIM4
1
21
22
SIM5
SIM1
SIM2
SIM3
SIM4
1
21
22
SIM5
SIM1
SIM2
SIM3
SIM4
1
21
22
SIM5
SIM1
SIM2
SIM3
SIM4
1
21
22
SIM5
SIM1
SIM2
SIM3
SIM4
1
21
22
SIM5
SIM1
SIM2
SIM3
SIM4
1
21
22
SIM5
SIM1
SIM2
SIM3
SIM4
1
21
22
SIM5
SIM1
SIM2
SIM3
SIM4
1
21
22
SIM5
SIM1
SIM2
SIM3
SIM4
1
21
22
SIM5
SIM1
SIM2
SIM3
SIM4
1
21
22
SIM5
SIM1
SIM2
SIM3
SIM4
1
21
22
SIM5
SIM1
SIM2
SIM3
SIM4
1
21
22
SIM5
SIM1
SIM2
SIM3
SIM4
1
21
22
SIM5
SIM1
SIM2
SIM3
SIM4
1
21
22
SIM5
SIM1
SIM2
SIM3
SIM4
1
21
22
SIM5
SIM1
SIM2
SIM3
SIM4
1
21
22
SIM5
SIM1
SIM2
SIM3
SIM4
1
21
22
SIM5
SIM1
SIM2
SIM3
SIM4
1
21
22
SIM5
SIM1
SIM2
SIM3
SIM4
1
21
22
SIM5
SIM1
SIM2
SIM3
SIM4
1
21
22
SIM5
SIM1
SIM2
SIM3
SIM4
1
21
22
SIM5
SIM1
SIM2
SIM3
SIM4
1
21
22
SIM5
SIM1
SIM2
SIM3
SIM4
1
21
22
SIM5
SIM1
SIM2
SIM3
SIM4
1
21
22
SIM5
SIM1
SIM2
SIM3
SIM4
1
21
22
SIM5
SIM1
SIM2
SIM3
SIM4
1
21
22
SIM5
SIM1
SIM2
SIM3
SIM4
1
21
22
SIM5
SIM1
SIM2
SIM3
SIM4
1
21
22
SIM5
SIM1
SIM2
SIM3
SIM4
1
21
22
SIM5
SIM1
SIM2
SIM3
SIM4
1
21
22
SIM5
SIM1
SIM2
SIM3
SIM4
1
21
22
SIM5
SIM1
SIM2
SIM3
SIM4
1
21
22
SIM5
SIM1
SIM2
SIM3
SIM4
1
21
22
SIM5
SIM1
SIM2
SIM3
SIM4
1
21
22
SIM5
SIM1
SIM2
SIM3
SIM4
1
21
22
SIM5
SIM1
SIM2
SIM3
SIM4
1
21
22
SIM5
SIM1
SIM2
SIM3
SIM4
1
21
22
SIM5
SIM1
SIM2
SIM3
SIM4
1
21
22
SIM5
SIM1
SIM2
SIM3
SIM4
1
21
22
SIM5
SIM1
SIM2
SIM3
SIM4
1
21
22
SIM5
SIM1
SIM2
SIM3
SIM4
1
21
22
SIM5
SIM1
SIM2
SIM3
SIM4
1
21
22
SIM5
SIM1
SIM2
SIM3
SIM4
1
21
22
SIM5
SIM1
SIM2
SIM3
SIM4
1
21
22
SIM5
SIM1
SIM2
SIM3
SIM4
1
21
22
SIM5
SIM1
SIM2
SIM3
SIM4
1
21
22
SIM5
SIM1
SIM2
SIM3
SIM4
1
21
22
SIM5
SIM1
SIM2
SIM3
SIM4
1
21
22
SIM5
SIM1
SIM2
SIM3
SIM4
1
21
22
SIM5
SIM1
SIM2
SIM3
SIM4
1
21
22
SIM5
SIM1
SIM2
SIM3
SIM4
1
21
22
SIM5
SIM1
SIM2
SIM3
SIM4
1
21
22
SIM5
SIM1
SIM2
SIM3
SIM4
1
21
22
SIM5
SIM1
SIM2
SIM3
SIM4
1
21
22
SIM5
SIM1
SIM2
SIM3
SIM4
1
21
22
SIM5
SIM1
SIM2
SIM3
SIM4
1
21
22
SIM5
SIM1
SIM2
SIM3
SIM4
1
21
22
SIM5
SIM1
SIM2
SIM3
SIM4
1
21
22
SIM5
SIM1
SIM2
SIM3
SIM4
1
21
22
SIM5
SIM1
SIM2
SIM3
SIM4
1
21
22
SIM5
SIM1
SIM2
SIM3
SIM4
1
21
22
SIM5
SIM1
SIM2
SIM3
SIM4
1
21
22
SIM5
SIM1
SIM2
SIM3
SIM4
1
21
22
SIM5
SIM1
SIM2
SIM3
SIM4
1
21
22
SIM5
SIM1
SIM2
SIM3
SIM4
1
21
22
SIM5
SIM1
SIM2
SIM3
SIM4
1
21
22
SIM5
SIM1
SIM2
SIM3
SIM4
1
21
22
SIM5
SIM1
SIM2
SIM3
SIM4
1
21
22
SIM5
SIM1
SIM2
SIM3
SIM4
1
21
22
SIM5
SIM1
SIM2
SIM3
SIM4
1
21
22
SIM5
SIM1
SIM2
SIM3
SIM4
1
21
22
SIM5
SIM1
SIM2
SIM3
SIM4
1
21
22
SIM5
SIM1
SIM2
SIM3
SIM4
1
21
22
SIM5
SIM1
SIM2
SIM3
SIM4
1
21
22
SIM5
SIM1
SIM2
SIM3
SIM4
1
21
22
SIM5
SIM1
SIM2
SIM3
SIM4
1
21
22
SIM5
SIM1
SIM2
SIM3
SIM4
1
21
22
SIM5
SIM1
SIM2
SIM3
SIM4
1
21
22
SIM5
SIM1
SIM2
SIM3
SIM4
1
21
22
SIM5
SIM1
SIM2
SIM3
SIM4
1
21
22
SIM5
SIM1
SIM2
SIM3
SIM4
1
21
22
SIM5
SIM1
SIM2
SIM3
SIM4
1
21
22
SIM5
SIM1
SIM2
SIM3
SIM4
1
21
22
SIM5
SIM1
SIM2
SIM3
SIM4
1
21
22
SIM5
SIM1
SIM2
SIM3
SIM4
1
21
22
SIM5
SIM1
SIM2
SIM3
SIM4
1
21
22
SIM5
SIM1
SIM2
SIM3
SIM4
1
21
22
SIM5
SIM1
SIM2
SIM3
SIM4
1
21
22
SIM5
SIM1
SIM2
SIM3
SIM4
1
21
22
SIM5
SIM1
SIM2
SIM3
SIM4
1
21
22
SIM5
SIM1
SIM2
SIM3
SIM4
1
21
22
SIM5
SIM1
SIM2
SIM3
SIM4
1
21
22
SIM5
SIM1
SIM2
SIM3
SIM4
1
21
22
SIM5
SIM1
SIM2
SIM3
SIM4
1
21
22
SIM5
SIM1
SIM2
SIM3
SIM4
1
21
22
SIM5
SIM1
SIM2
SIM3
SIM4
1
21
22
SIM5
SIM1
SIM2
SIM3
SIM4
1
21
22
SIM5
SIM1
SIM2
SIM3
SIM4
1
21
22
SIM5
SIM1
SIM2
SIM3
SIM4
1
21
22
SIM5
SIM1
SIM2
SIM3
SIM4
1
21
22
SIM5
SIM1
SIM2
SIM3
SIM4
1
21
22
SIM5
SIM1
SIM2
SIM3
SIM4
1
21
22
SIM5
SIM1
SIM2
SIM3
SIM4
1
21
22
SIM5
SIM1
SIM2
SIM3
SIM4
1
21
22
SIM5
SIM1
SIM2
SIM3
SIM4
1
21
22
SIM5
SIM1
SIM2
SIM3
SIM4
1
21
22
SIM5
SIM1
SIM2
SIM3
SIM4
1
21
22
SIM5
SIM1
SIM2
DEBUG 1 611
SIM1
SIM2
SIM3
SIM4
1
21
22
SIM5
SIM1
SIM2
SIM3
SIM4
1
21
22
SIM5
SIM1
SIM2
SIM3
SIM4
1
21
22
SIM5
SIM1
SIM2
SIM3
SIM4
1
21
22
SIM5
SIM1
SIM2
SIM3
SIM4
1
21
22
SIM5
SIM1
SIM2
SIM3
SIM4
1
21
22
SIM5
SIM1
SIM2
SIM3
SIM4
1
21
22
SIM5
SIM1
SIM2
SIM3
SIM4
1
21
22
SIM5
SIM1
SIM2
SIM3
SIM4
1
21
22
SIM5
SIM1
SIM2
SIM3
SIM4
1
21
22
SIM5
SIM1
SIM2
SIM3
SIM4
1
21
22
SIM5
SIM1
SIM2
SIM3
SIM4
1
21
22
SIM5
SIM1
SIM2
SIM3
SIM4
1
21
22
SIM5
SIM1
SIM2
SIM3
SIM4
1
21
22
SIM5
SIM1
SIM2
SIM3
SIM4
1
21
22
SIM5
SIM1
SIM2
SIM3
SIM4
1
21
22
SIM5
SIM1
SIM2
SIM3
SIM4
1
21
22
SIM5
SIM1
SIM2
SIM3
SIM4
1
21
22
SIM5
SIM1
SIM2
SIM3
SIM4
1
21
22
SIM5
SIM1
SIM2
SIM3
SIM4
1
21
22
SIM5
SIM1
SIM2
SIM3
SIM4
1
21
22
SIM5
SIM1
SIM2
SIM3
SIM4
1
21
22
SIM5
SIM1
SIM2
SIM3
SIM4
1
21
22
SIM5
SIM1
SIM2
SIM3
SIM4
1
21
22
SIM5
SIM1
SIM2
SIM3
SIM4
1
21
22
SIM5
SIM1
SIM2
SIM3
SIM4
1
21
22
SIM5
SIM1
SIM2
SIM3
SIM4
1
21
22
SIM5
SIM1
SIM2
SIM3
SIM4
1
21
22
SIM5
SIM1
SIM2
SIM3
SIM4
1
21
22
SIM5
SIM1
SIM2
SIM3
SIM4
1
21
22
SIM5
SIM1
SIM2
SIM3
SIM4
1
21
22
SIM5
SIM1
SIM2
SIM3
SIM4
1
21
22
SIM5
SIM1
SIM2
SIM3
SIM4
1
21
22
SIM5
SIM1
SIM2
SIM3
SIM4
1
21
22
SIM5
SIM1
SIM2
SIM3
SIM4
1
21
22
SIM5
SIM1
SIM2
SIM3
SIM4
1
21
22
SIM5
SIM1
SIM2
SIM3
SIM4
1
21
22
SIM5
SIM1
SIM2
SIM3
SIM4
1
21
22
SIM5
SIM1
SIM2
SIM3
SIM4
1
21
22
SIM5
SIM1
SIM2
SIM3
SIM4
1
21
22
SIM5
SIM1
SIM2
SIM3
SIM4
1
21
22
SIM5
SIM1
SIM2
SIM3
SIM4
1
21
22
SIM5
SIM1
SIM2
SIM3
SIM4
1
21
22
SIM5
SIM1
SIM2
SIM3
SIM4
1
21
22
SIM5
SIM1
SIM2
SIM3
SIM4
1
21
22
SIM5
SIM1
SIM2
SIM3
SIM4
1
21
22
SIM5
SIM1
SIM2
SIM3
SIM4
1
21
22
SIM5
SIM1
SIM2
SIM3
SIM4
1
21
22
SIM5
SIM1
SIM2
SIM3
SIM4
1
21
22
SIM5
SIM1
SIM2
SIM3
SIM4
1
21
22
SIM5
SIM1
SIM2
SIM3
SIM4
1
21
22
SIM5
SIM1
SIM2
SIM3
SIM4
1
21
22
SIM5
SIM1
SIM2
SIM3
SIM4
1
21
22
SIM5
SIM1
SIM2
SIM3
SIM4
1
21
22
SIM5
SIM1
SIM2
SIM3
SIM4
1
21
22
SIM5
SIM1
SIM2
SIM3
SIM4
1
21
22
SIM5
SIM1
SIM2
SIM3
SIM4
1
21
22
SIM5
SIM1
SIM2
SIM3
SIM4
1
21
22
SIM5
SIM1
SIM2
SIM3
SIM4
1
21
22
SIM5
SIM1
SIM2
SIM3
SIM4
1
21
22
SIM5
SIM1
SIM2
SIM3
SIM4
1
21
22
SIM5
SIM1
SIM2
SIM3
SIM4
1
21
22
SIM5
SIM1
SIM2
SIM3
SIM4
1
21
22
SIM5
SIM1
SIM2
SIM3
SIM4
1
21
22
SIM5
SIM1
SIM2
SIM3
SIM4
1
21
22
SIM5
SIM1
SIM2
SIM3
SIM4
1
21
22
SIM5
SIM1
SIM2
SIM3
SIM4
1
21
22
SIM5
SIM1
SIM2
SIM3
SIM4
1
21
22
SIM5
SIM1
SIM2
SIM3
SIM4
1
21
22
SIM5
SIM1
SIM2
SIM3
SIM4
1
21
22
SIM5
SIM1
SIM2
SIM3
SIM4
1
21
22
SIM5
SIM1
SIM2
SIM3
SIM4
1
21
22
SIM5
SIM1
SIM2
SIM3
SIM4
1
21
22
SIM5
SIM1
SIM2
SIM3
SIM4
1
21
22
SIM5
SIM1
SIM2
SIM3
SIM4
1
21
22
SIM5
SIM1
SIM2
SIM3
SIM4
1
21
22
SIM5
SIM1
SIM2
SIM3
SIM4
1
21
22
SIM5
SIM1
SIM2
SIM3
SIM4
1
21
22
SIM5
SIM1
SIM2
SIM3
SIM4
1
21
22
SIM5
SIM1
SIM2
SIM3
SIM4
1
21
22
SIM5
SIM1
SIM2
SIM3
SIM4
1
21
22
SIM5
SIM1
SIM2
SIM3
SIM4
1
21
22
SIM5
SIM1
SIM2
SIM3
SIM4
1
21
22
SIM5
SIM1
SIM2
SIM3
SIM4
1
21
22
SIM5
SIM1
SIM2
SIM3
SIM4
1
21
22
SIM5
SIM1
SIM2
SIM3
SIM4
1
21
22
SIM5
SIM1
SIM2
SIM3
SIM4
1
21
22
SIM5
SIM1
SIM2
SIM3
SIM4
1
21
22
SIM5
SIM1
SIM2
SIM3
SIM4
1
21
22
SIM5
SIM1
SIM2
DEBUG 1 612
SIM1
SIM2
SIM3
SIM4
1
21
22
SIM5
SIM1
SIM2
SIM3
SIM4
1
21
22
SIM5
SIM1
SIM2
SIM3
SIM4
1
21
22
SIM5
SIM1
SIM2
SIM3
SIM4
1
21
22
SIM5
SIM1
SIM2
SIM3
SIM4
1
21
22
SIM5
SIM1
SIM2
SIM3
SIM4
1
21
22
SIM5
SIM1
SIM2
SIM3
SIM4
1
21
22
SIM5
SIM1
SIM2
SIM3
SIM4
1
21
22
SIM5
SIM1
SIM2
SIM3
SIM4
1
21
22
SIM5
SIM1
SIM2
SIM3
SIM4
1
21
22
SIM5
SIM1
SIM2
SIM3
SIM4
1
21
22
SIM5
SIM1
SIM2
SIM3
SIM4
1
21
22
SIM5
SIM1
SIM2
SIM3
SIM4
1
21
22
SIM5
SIM1
SIM2
SIM3
SIM4
1
21
22
SIM5
SIM1
SIM2
SIM3
SIM4
1
21
22
SIM5
SIM1
SIM2
SIM3
SIM4
1
21
22
SIM5
SIM1
SIM2
SIM3
SIM4
1
21
22
SIM5
SIM1
SIM2
SIM3
SIM4
1
21
22
SIM5
SIM1
SIM2
SIM3
SIM4
1
21
22
SIM5
SIM1
SIM2
SIM3
SIM4
1
21
22
SIM5
SIM1
SIM2
SIM3
SIM4
1
21
22
SIM5
SIM1
SIM2
SIM3
SIM4
1
21
22
SIM5
SIM1
SIM2
SIM3
SIM4
1
21
22
SIM5
SIM1
SIM2
SIM3
SIM4
1
21
22
SIM5
SIM1
SIM2
SIM3
SIM4
1
21
22
SIM5
SIM1
SIM2
SIM3
SIM4
1
21
22
SIM5
SIM1
SIM2
SIM3
SIM4
1
21
22
SIM5
SIM1
SIM2
SIM3
SIM4
1
21
22
SIM5
SIM1
SIM2
SIM3
SIM4
1
21
22
SIM5
SIM1
SIM2
SIM3
SIM4
1
21
22
SIM5
SIM1
SIM2
SIM3
SIM4
1
21
22
SIM5
SIM1
SIM2
SIM3
SIM4
1
21
22
SIM5
SIM1
SIM2
SIM3
SIM4
1
21
22
SIM5
SIM1
SIM2
SIM3
SIM4
1
21
22
SIM5
SIM1
SIM2
SIM3
SIM4
1
21
22
SIM5
SIM1
SIM2
SIM3
SIM4
1
21
22
SIM5
SIM1
SIM2
SIM3
SIM4
1
21
22
SIM5
SIM1
SIM2
SIM3
SIM4
1
21
22
SIM5
SIM1
SIM2
SIM3
SIM4
1
21
22
SIM5
SIM1
SIM2
SIM3
SIM4
1
21
22
SIM5
SIM1
SIM2
SIM3
SIM4
1
21
22
SIM5
SIM1
SIM2
SIM3
SIM4
1
21
22
SIM5
SIM1
SIM2
SIM3
SIM4
1
21
22
SIM5
SIM1
SIM2
SIM3
SIM4
1
21
22
SIM5
SIM1
SIM2
SIM3
SIM4
1
21
22
SIM5
SIM1
SIM2
SIM3
SIM4
1
21
22
SIM5
SIM1
SIM2
SIM3
SIM4
1
21
22
SIM5
SIM1
SIM2
SIM3
SIM4
1
21
22
SIM5
SIM1
SIM2
SIM3
SIM4
1
21
22
SIM5
SIM1
SIM2
SIM3
SIM4
1
21
22
SIM5
SIM1
SIM2
SIM3
SIM4
1
21
22
SIM5
SIM1
SIM2
SIM3
SIM4
1
21
22
SIM5
SIM1
SIM2
SIM3
SIM4
1
21
22
SIM5
SIM1
SIM2
SIM3
SIM4
1
21
22
SIM5
SIM1
SIM2
SIM3
SIM4
1
21
22
SIM5
SIM1
SIM2
SIM3
SIM4
1
21
22
SIM5
SIM1
SIM2
SIM3
SIM4
1
21
22
SIM5
SIM1
SIM2
SIM3
SIM4
1
21
22
SIM5
SIM1
SIM2
SIM3
SIM4
1
21
22
SIM5
SIM1
SIM2
SIM3
SIM4
1
21
22
SIM5
SIM1
SIM2
SIM3
SIM4
1
21
22
SIM5
SIM1
SIM2
SIM3
SIM4
1
21
22
SIM5
SIM1
SIM2
SIM3
SIM4
1
21
22
SIM5
SIM1
SIM2
SIM3
SIM4
1
21
22
SIM5
SIM1
SIM2
SIM3
SIM4
1
21
22
SIM5
SIM1
SIM2
SIM3
SIM4
1
21
22
SIM5
SIM1
SIM2
SIM3
SIM4
1
21
22
SIM5
SIM1
SIM2
SIM3
SIM4
1
21
22
SIM5
SIM1
SIM2
SIM3
SIM4
1
21
22
SIM5
SIM1
SIM2
SIM3
SIM4
1
21
22
SIM5
SIM1
SIM2
SIM3
SIM4
1
21
22
SIM5
SIM1
SIM2
SIM3
SIM4
1
21
22
SIM5
SIM1
SIM2
SIM3
SIM4
1
21
22
SIM5
SIM1
SIM2
SIM3
SIM4
1
21
22
SIM5
SIM1
SIM2
SIM3
SIM4
1
21
22
SIM5
SIM1
SIM2
SIM3
SIM4
1
21
22
SIM5
SIM1
SIM2
SIM3
SIM4
1
21
22
SIM5
SIM1
SIM2
SIM3
SIM4
1
21
22
SIM5
SIM1
SIM2
SIM3
SIM4
1
21
22
SIM5
SIM1
SIM2
SIM3
SIM4
1
21
22
SIM5
SIM1
SIM2
SIM3
SIM4
1
21
22
SIM5
SIM1
SIM2
SIM3
SIM4
1
21
22
SIM5
SIM1
SIM2
SIM3
SIM4
1
21
22
SIM5
SIM1
SIM2
SIM3
SIM4
1
21
22
SIM5
SIM1
SIM2
SIM3
SIM4
1
21
22
SIM5
SIM1
SIM2
SIM3
SIM4
1
21
22
SIM5
SIM1
SIM2
SIM3
SIM4
1
21
22
SIM5
SIM1
SIM2
SIM3
SIM4
1
21
22
SIM5
SIM1
SIM2
SIM3
SIM4
1
21
22
SIM5
SIM1
SIM2
SIM3
SIM4
1
21
22
SIM5
SIM1
SIM2
SIM3
SIM4
1
21
22
SIM5
SIM1
SIM2
SIM3
SIM4
1
21
22
SIM5
SIM1
SIM2
SIM3
SIM4
1
21
22
SIM5
SIM1
SIM2
SIM3
SIM4
1
21
22
SIM5
SIM1
SIM2
SIM3
SIM4
1
21
22
SIM5
SIM1
SIM2
SIM3
SIM4
1
21
22
SIM5
SIM1
SIM2
SIM3
SIM4
1
21
22
SIM5
SIM1
SIM2
SIM3
SIM4
1
21
22
SIM5
SIM1
SIM2
SIM3
SIM4
1
21
22
SIM5
SIM1
SIM2
SIM3
SIM4
1
21
22
SIM5
SIM1
SIM2
SIM3
SIM4
1
21
22
SIM5
SIM1
SIM2
SIM3
SIM4
1
21
22
SIM5
SIM1
SIM2
SIM3
SIM4
1
21
22
SIM5
SIM1
SIM2
SIM3
SIM4
1
21
22
SIM5
SIM1
SIM2
SIM3
SIM4
1
21
22
SIM5
SIM1
SIM2
SIM3
SIM4
1
21
22
SIM5
SIM1
SIM2
SIM3
SIM4
1
21
22
SIM5
SIM1
SIM2
SIM3
SIM4
1
21
22
SIM5
SIM1
SIM2
SIM3
SIM4
1
21
22
SIM5
SIM1
SIM2
SIM3
SIM4
1
21
22
SIM5
SIM1
SIM2
SIM3
SIM4
1
21
22
SIM5
SIM1
SIM2
SIM3
SIM4
1
21
22
SIM5
SIM1
SIM2
SIM3
SIM4
1
21
22
SIM5
SIM1
SIM2
SIM3
SIM4
1
21
22
SIM5
SIM1
SIM2
SIM3
SIM4
1
21
22
SIM5
SIM1
SIM2
SIM3
SIM4
1
21
22
SIM5
SIM1
SIM2
SIM3
SIM4
1
21
22
SIM5
SIM1
SIM2
SIM3
SIM4
1
21
22
SIM5
SIM1
SIM2
SIM3
SIM4
1
21
22
SIM5
SIM1
SIM2
SIM3
SIM4
1
21
22
SIM5
SIM1
SIM2
SIM3
SIM4
1
21
22
SIM5
SIM1
SIM2
SIM3
SIM4
1
21
22
SIM5
SIM1
SIM2
SIM3
SIM4
1
21
22
SIM5
SIM1
SIM2
SIM3
SIM4
1
21
22
SIM5
SIM1
SIM2
SIM3
SIM4
1
21
22
SIM5
SIM1
SIM2
SIM3
SIM4
1
21
22
SIM5
SIM1
SIM2
SIM3
SIM4
1
21
22
SIM5
SIM1
SIM2
SIM3
SIM4
1
21
22
SIM5
SIM1
SIM2
SIM3
SIM4
1
21
22
SIM5
SIM1
SIM2
SIM3
SIM4
1
21
22
SIM5
SIM1
SIM2
SIM3
SIM4
1
21
22
SIM5
SIM1
SIM2
SIM3
SIM4
1
21
22
SIM5
SIM1
SIM2
SIM3
SIM4
1
21
22
SIM5
SIM1
SIM2
SIM3
SIM4
1
21
22
SIM5
SIM1
SIM2
SIM3
SIM4
1
21
22
SIM5
SIM1
SIM2
SIM3
SIM4
1
21
22
SIM5
SIM1
SIM2
SIM3
SIM4
1
21
22
SIM5
SIM1
SIM2
SIM3
SIM4
1
21
22
SIM5
SIM1
SIM2
SIM3
SIM4
1
21
22
SIM5
SIM1
SIM2
SIM3
SIM4
1
21
22
SIM5
SIM1
SIM2
SIM3
SIM4
1
21
22
SIM5
SIM1
SIM2
SIM3
SIM4
1
21
22
SIM5
SIM1
SIM2
SIM3
SIM4
1
21
22
SIM5
SIM1
SIM2
SIM3
SIM4
1
21
22
SIM5
SIM1
SIM2
SIM3
SIM4
1
21
22
SIM5
SIM1
SIM2
SIM3
SIM4
1
21
22
SIM5
SIM1
SIM2
SIM3
SIM4
1
21
22
SIM5
SIM1
SIM2
SIM3
SIM4
1
21
22
SIM5
SIM1
SIM2
SIM3
SIM4
1
21
22
SIM5
SIM1
SIM2
SIM3
SIM4
1
21
22
SIM5
SIM1
SIM2
SIM3
SIM4
1
21
22
SIM5
SIM1
SIM2
SIM3
SIM4
1
21
22
SIM5
SIM1
SIM2
SIM3
SIM4
1
21
22
SIM5
SIM1
SIM2
DEBUG 1 613
SIM1
SIM2
SIM3
SIM4
1
21
22
SIM5
SIM1
SIM2
SIM3
SIM4
1
21
22
SIM5
SIM1
SIM2
SIM3
SIM4
1
21
22
SIM5
SIM1
SIM2
SIM3
SIM4
1
21
22
SIM5
SIM1
SIM2
SIM3
SIM4
1
21
22
SIM5
SIM1
SIM2
SIM3
SIM4
1
21
22
SIM5
SIM1
SIM2
SIM3
SIM4
1
21
22
SIM5
SIM1
SIM2
SIM3
SIM4
1
21
22
SIM5
SIM1
SIM2
SIM3
SIM4
1
21
22
SIM5
SIM1
SIM2
SIM3
SIM4
1
21
22
SIM5
SIM1
SIM2
SIM3
SIM4
1
21
22
SIM5
SIM1
SIM2
SIM3
SIM4
1
21
22
SIM5
SIM1
SIM2
SIM3
SIM4
1
21
22
SIM5
SIM1
SIM2
SIM3
SIM4
1
21
22
SIM5
SIM1
SIM2
SIM3
SIM4
1
21
22
SIM5
SIM1
SIM2
SIM3
SIM4
1
21
22
SIM5
SIM1
SIM2
SIM3
SIM4
1
21
22
SIM5
SIM1
SIM2
SIM3
SIM4
1
21
22
SIM5
SIM1
SIM2
SIM3
SIM4
1
21
22
SIM5
SIM1
SIM2
SIM3
SIM4
1
21
22
SIM5
SIM1
SIM2
SIM3
SIM4
1
21
22
SIM5
SIM1
SIM2
SIM3
SIM4
1
21
22
SIM5
SIM1
SIM2
SIM3
SIM4
1
21
22
SIM5
SIM1
SIM2
SIM3
SIM4
1
21
22
SIM5
SIM1
SIM2
SIM3
SIM4
1
21
22
SIM5
SIM1
SIM2
SIM3
SIM4
1
21
22
SIM5
SIM1
SIM2
SIM3
SIM4
1
21
22
SIM5
SIM1
SIM2
SIM3
SIM4
1
21
22
SIM5
SIM1
SIM2
SIM3
SIM4
1
21
22
SIM5
SIM1
SIM2
SIM3
SIM4
1
21
22
SIM5
SIM1
SIM2
SIM3
SIM4
1
21
22
SIM5
SIM1
SIM2
SIM3
SIM4
1
21
22
SIM5
SIM1
SIM2
SIM3
SIM4
1
21
22
SIM5
SIM1
SIM2
SIM3
SIM4
1
21
22
SIM5
SIM1
SIM2
SIM3
SIM4
1
21
22
SIM5
SIM1
SIM2
SIM3
SIM4
1
21
22
SIM5
SIM1
SIM2
SIM3
SIM4
1
21
22
SIM5
SIM1
SIM2
SIM3
SIM4
1
21
22
SIM5
SIM1
SIM2
SIM3
SIM4
1
21
22
SIM5
SIM1
SIM2
SIM3
SIM4
1
21
22
SIM5
SIM1
SIM2
SIM3
SIM4
1
21
22
SIM5
SIM1
SIM2
SIM3
SIM4
1
21
22
SIM5
SIM1
SIM2
SIM3
SIM4
1
21
22
SIM5
SIM1
SIM2
SIM3
SIM4
1
21
22
SIM5
SIM1
SIM2
SIM3
SIM4
1
21
22
SIM5
SIM1
SIM2
SIM3
SIM4
1
21
22
SIM5
SIM1
SIM2
SIM3
SIM4
1
21
22
SIM5
SIM1
SIM2
SIM3
SIM4
1
21
22
SIM5
SIM1
SIM2
SIM3
SIM4
1
21
22
SIM5
SIM1
SIM2
SIM3
SIM4
1
21
22
SIM5
SIM1
SIM2
SIM3
SIM4
1
21
22
SIM5
SIM1
SIM2
SIM3
SIM4
1
21
22
SIM5
SIM1
SIM2
SIM3
SIM4
1
21
22
SIM5
SIM1
SIM2
DEBUG 1 614
SIM1
SIM2
SIM3
SIM4
1
21
22
SIM5
SIM1
SIM2
SIM3
SIM4
1
21
22
SIM5
SIM1
SIM2
SIM3
SIM4
1
21
22
SIM5
SIM1
SIM2
SIM3
SIM4
1
21
22
SIM5
SIM1
SIM2
SIM3
SIM4
1
21
22
SIM5
SIM1
SIM2
SIM3
SIM4
1
21
22
SIM5
SIM1
SIM2
SIM3
SIM4
1
21
22
SIM5
SIM1
SIM2
SIM3
SIM4
1
21
22
SIM5
SIM1
SIM2
SIM3
SIM4
1
21
22
SIM5
SIM1
SIM2
SIM3
SIM4
1
21
22
SIM5
SIM1
SIM2
SIM3
SIM4
1
21
22
SIM5
SIM1
SIM2
SIM3
SIM4
1
21
22
SIM5
SIM1
SIM2
SIM3
SIM4
1
21
22
SIM5
SIM1
SIM2
SIM3
SIM4
1
21
22
SIM5
SIM1
SIM2
SIM3
SIM4
1
21
22
SIM5
SIM1
SIM2
SIM3
SIM4
1
21
22
SIM5
SIM1
SIM2
SIM3
SIM4
1
21
22
SIM5
SIM1
SIM2
SIM3
SIM4
1
21
22
SIM5
SIM1
SIM2
SIM3
SIM4
1
21
22
SIM5
SIM1
SIM2
SIM3
SIM4
1
21
22
SIM5
SIM1
SIM2
SIM3
SIM4
1
21
22
SIM5
SIM1
SIM2
SIM3
SIM4
1
21
22
SIM5
SIM1
SIM2
SIM3
SIM4
1
21
22
SIM5
SIM1
SIM2
SIM3
SIM4
1
21
22
SIM5
SIM1
SIM2
SIM3
SIM4
1
21
22
SIM5
SIM1
SIM2
SIM3
SIM4
1
21
22
SIM5
SIM1
SIM2
SIM3
SIM4
1
21
22
SIM5
SIM1
SIM2
SIM3
SIM4
1
21
22
SIM5
SIM1
SIM2
SIM3
SIM4
1
21
22
SIM5
SIM1
SIM2
SIM3
SIM4
1
21
22
SIM5
SIM1
SIM2
SIM3
SIM4
1
21
22
SIM5
SIM1
SIM2
SIM3
SIM4
1
21
22
SIM5
SIM1
SIM2
SIM3
SIM4
1
21
22
SIM5
SIM1
SIM2
SIM3
SIM4
1
21
22
SIM5
SIM1
SIM2
SIM3
SIM4
1
21
22
SIM5
SIM1
SIM2
SIM3
SIM4
1
21
22
SIM5
SIM1
SIM2
SIM3
SIM4
1
21
22
SIM5
SIM1
SIM2
SIM3
SIM4
1
21
22
SIM5
SIM1
SIM2
SIM3
SIM4
1
21
22
SIM5
SIM1
SIM2
SIM3
SIM4
1
21
22
SIM5
SIM1
SIM2
SIM3
SIM4
1
21
22
SIM5
SIM1
SIM2
SIM3
SIM4
1
21
22
SIM5
SIM1
SIM2
SIM3
SIM4
1
21
22
SIM5
SIM1
SIM2
SIM3
SIM4
1
21
22
SIM5
SIM1
SIM2
SIM3
SIM4
1
21
22
SIM5
SIM1
SIM2
SIM3
SIM4
1
21
22
SIM5
SIM1
SIM2
SIM3
SIM4
1
21
22
SIM5
SIM1
SIM2
SIM3
SIM4
1
21
22
SIM5
SIM1
SIM2
SIM3
SIM4
1
21
22
SIM5
SIM1
SIM2
SIM3
SIM4
1
21
22
SIM5
SIM1
SIM2
SIM3
SIM4
1
21
22
SIM5
SIM1
SIM2
SIM3
SIM4
1
21
22
SIM5
SIM1
SIM2
SIM3
SIM4
1
21
22
SIM5
SIM1
SIM2
SIM3
SIM4
1
21
22
SIM5
SIM1
SIM2
SIM3
SIM4
1
21
22
SIM5
SIM1
SIM2
SIM3
SIM4
1
21
22
SIM5
SIM1
SIM2
SIM3
SIM4
1
21
22
SIM5
SIM1
SIM2
SIM3
SIM4
1
21
22
SIM5
SIM1
SIM2
SIM3
SIM4
1
21
22
SIM5
SIM1
SIM2
SIM3
SIM4
1
21
22
SIM5
SIM1
SIM2
SIM3
SIM4
1
21
22
SIM5
SIM1
SIM2
SIM3
SIM4
1
21
22
SIM5
SIM1
SIM2
SIM3
SIM4
1
21
22
SIM5
SIM1
SIM2
SIM3
SIM4
1
21
22
SIM5
SIM1
SIM2
SIM3
SIM4
1
21
22
SIM5
SIM1
SIM2
SIM3
SIM4
1
21
22
SIM5
SIM1
SIM2
SIM3
SIM4
1
21
22
SIM5
SIM1
SIM2
SIM3
SIM4
1
21
22
SIM5
SIM1
SIM2
SIM3
SIM4
1
21
22
SIM5
SIM1
SIM2
SIM3
SIM4
1
21
22
SIM5
SIM1
SIM2
SIM3
SIM4
1
21
22
SIM5
SIM1
SIM2
SIM3
SIM4
1
21
22
SIM5
SIM1
SIM2
SIM3
SIM4
1
21
22
SIM5
SIM1
SIM2
SIM3
SIM4
1
21
22
SIM5
SIM1
SIM2
SIM3
SIM4
1
21
22
SIM5
SIM1
SIM2
SIM3
SIM4
1
21
22
SIM5
SIM1
SIM2
SIM3
SIM4
1
21
22
SIM5
SIM1
SIM2
SIM3
SIM4
1
21
22
SIM5
SIM1
SIM2
SIM3
SIM4
1
21
22
SIM5
SIM1
SIM2
SIM3
SIM4
1
21
22
SIM5
SIM1
SIM2
SIM3
SIM4
1
21
22
SIM5
SIM1
SIM2
SIM3
SIM4
1
21
22
SIM5
SIM1
SIM2
SIM3
SIM4
1
21
22
SIM5
SIM1
SIM2
SIM3
SIM4
1
21
22
SIM5
SIM1
SIM2
SIM3
SIM4
1
21
22
SIM5
SIM1
SIM2
SIM3
SIM4
1
21
22
SIM5
SIM1
SIM2
SIM3
SIM4
1
21
22
SIM5
SIM1
SIM2
SIM3
SIM4
1
21
22
SIM5
SIM1
SIM2
SIM3
SIM4
1
21
22
SIM5
SIM1
SIM2
SIM3
SIM4
1
21
22
SIM5
SIM1
SIM2
SIM3
SIM4
1
21
22
SIM5
SIM1
SIM2
SIM3
SIM4
1
21
22
SIM5
SIM1
SIM2
SIM3
SIM4
1
21
22
SIM5
SIM1
SIM2
SIM3
SIM4
1
21
22
SIM5
SIM1
SIM2
SIM3
SIM4
1
21
22
SIM5
SIM1
SIM2
SIM3
SIM4
1
21
22
SIM5
SIM1
SIM2
SIM3
SIM4
1
21
22
SIM5
SIM1
SIM2
SIM3
SIM4
1
21
22
SIM5
SIM1
SIM2
SIM3
SIM4
1
21
22
SIM5
SIM1
SIM2
SIM3
SIM4
1
21
22
SIM5
SIM1
SIM2
SIM3
SIM4
1
21
22
SIM5
SIM1
SIM2
SIM3
SIM4
1
21
22
SIM5
SIM1
SIM2
SIM3
SIM4
1
21
22
SIM5
SIM1
SIM2
SIM3
SIM4
1
21
22
SIM5
SIM1
SIM2
SIM3
SIM4
1
21
22
SIM5
SIM1
SIM2
SIM3
SIM4
1
21
22
SIM5
SIM1
SIM2
SIM3
SIM4
1
21
22
SIM5
SIM1
SIM2
SIM3
SIM4
1
21
22
SIM5
SIM1
SIM2
SIM3
SIM4
1
21
22
SIM5
SIM1
SIM2
SIM3
SIM4
1
21
22
SIM5
SIM1
SIM2
SIM3
SIM4
1
21
22
SIM5
SIM1
SIM2
SIM3
SIM4
1
21
22
SIM5
SIM1
SIM2
SIM3
SIM4
1
21
22
SIM5
SIM1
SIM2
SIM3
SIM4
1
21
22
SIM5
SIM1
SIM2
SIM3
SIM4
1
21
22
SIM5
SIM1
SIM2
SIM3
SIM4
1
21
22
SIM5
SIM1
SIM2
SIM3
SIM4
1
21
22
SIM5
SIM1
SIM2
SIM3
SIM4
1
21
22
SIM5
SIM1
SIM2
SIM3
SIM4
1
21
22
SIM5
SIM1
SIM2
SIM3
SIM4
1
21
22
SIM5
SIM1
SIM2
SIM3
SIM4
1
21
22
SIM5
SIM1
SIM2
SIM3
SIM4
1
21
22
SIM5
SIM1
SIM2
SIM3
SIM4
1
21
22
SIM5
SIM1
SIM2
SIM3
SIM4
1
21
22
SIM5
SIM1
SIM2
SIM3
SIM4
1
21
22
SIM5
SIM1
SIM2
SIM3
SIM4
1
21
22
SIM5
SIM1
SIM2
SIM3
SIM4
1
21
22
SIM5
SIM1
SIM2
DEBUG 1 615
SIM1
SIM2
SIM3
SIM4
1
21
22
SIM5
SIM1
SIM2
SIM3
SIM4
1
21
22
SIM5
SIM1
SIM2
SIM3
SIM4
1
21
22
SIM5
SIM1
SIM2
SIM3
SIM4
1
21
22
SIM5
SIM1
SIM2
SIM3
SIM4
1
21
22
SIM5
SIM1
SIM2
SIM3
SIM4
1
21
22
SIM5
SIM1
SIM2
SIM3
SIM4
1
21
22
SIM5
SIM1
SIM2
SIM3
SIM4
1
21
22
SIM5
SIM1
SIM2
SIM3
SIM4
1
21
22
SIM5
SIM1
SIM2
SIM3
SIM4
1
21
22
SIM5
SIM1
SIM2
SIM3
SIM4
1
21
22
SIM5
SIM1
SIM2
SIM3
SIM4
1
21
22
SIM5
SIM1
SIM2
SIM3
SIM4
1
21
22
SIM5
SIM1
SIM2
SIM3
SIM4
1
21
22
SIM5
SIM1
SIM2
SIM3
SIM4
1
21
22
SIM5
SIM1
SIM2
SIM3
SIM4
1
21
22
SIM5
SIM1
SIM2
SIM3
SIM4
1
21
22
SIM5
SIM1
SIM2
SIM3
SIM4
1
21
22
SIM5
SIM1
SIM2
SIM3
SIM4
1
21
22
SIM5
SIM1
SIM2
SIM3
SIM4
1
21
22
SIM5
SIM1
SIM2
SIM3
SIM4
1
21
22
SIM5
SIM1
SIM2
SIM3
SIM4
1
21
22
SIM5
SIM1
SIM2
SIM3
SIM4
1
21
22
SIM5
SIM1
SIM2
SIM3
SIM4
1
21
22
SIM5
SIM1
SIM2
SIM3
SIM4
1
21
22
SIM5
SIM1
SIM2
SIM3
SIM4
1
21
22
SIM5
SIM1
SIM2
SIM3
SIM4
1
21
22
SIM5
SIM1
SIM2
SIM3
SIM4
1
21
22
SIM5
SIM1
SIM2
SIM3
SIM4
1
21
22
SIM5
SIM1
SIM2
SIM3
SIM4
1
21
22
SIM5
SIM1
SIM2
SIM3
SIM4
1
21
22
SIM5
SIM1
SIM2
SIM3
SIM4
1
21
22
SIM5
SIM1
SIM2
SIM3
SIM4
1
21
22
SIM5
SIM1
SIM2
SIM3
SIM4
1
21
22
SIM5
SIM1
SIM2
SIM3
SIM4
1
21
22
SIM5
SIM1
SIM2
SIM3
SIM4
1
21
22
SIM5
SIM1
SIM2
SIM3
SIM4
1
21
22
SIM5
SIM1
SIM2
SIM3
SIM4
1
21
22
SIM5
SIM1
SIM2
SIM3
SIM4
1
21
22
SIM5
SIM1
SIM2
SIM3
SIM4
1
21
22
SIM5
SIM1
SIM2
SIM3
SIM4
1
21
22
SIM5
SIM1
SIM2
SIM3
SIM4
1
21
22
SIM5
SIM1
SIM2
SIM3
SIM4
1
21
22
SIM5
SIM1
SIM2
SIM3
SIM4
1
21
22
SIM5
SIM1
SIM2
SIM3
SIM4
1
21
22
SIM5
SIM1
SIM2
SIM3
SIM4
1
21
22
SIM5
SIM1
SIM2
SIM3
SIM4
1
21
22
SIM5
SIM1
SIM2
SIM3
SIM4
1
21
22
SIM5
SIM1
SIM2
SIM3
SIM4
1
21
22
SIM5
SIM1
SIM2
SIM3
SIM4
1
21
22
SIM5
SIM1
SIM2
SIM3
SIM4
1
21
22
SIM5
SIM1
SIM2
SIM3
SIM4
1
21
22
SIM5
SIM1
SIM2
SIM3
SIM4
1
21
22
SIM5
SIM1
SIM2
SIM3
SIM4
1
21
22
SIM5
SIM1
SIM2
SIM3
SIM4
1
21
22
SIM5
SIM1
SIM2
SIM3
SIM4
1
21
22
SIM5
SIM1
SIM2
SIM3
SIM4
1
21
22
SIM5
SIM1
SIM2
SIM3
SIM4
1
21
22
SIM5
SIM1
SIM2
SIM3
SIM4
1
21
22
SIM5
SIM1
SIM2
SIM3
SIM4
1
21
22
SIM5
SIM1
SIM2
SIM3
SIM4
1
21
22
SIM5
SIM1
SIM2
SIM3
SIM4
1
21
22
SIM5
SIM1
SIM2
SIM3
SIM4
1
21
22
SIM5
SIM1
SIM2
SIM3
SIM4
1
21
22
SIM5
SIM1
SIM2
SIM3
SIM4
1
21
22
SIM5
SIM1
SIM2
SIM3
SIM4
1
21
22
SIM5
SIM1
SIM2
SIM3
SIM4
1
21
22
SIM5
SIM1
SIM2
SIM3
SIM4
1
21
22
SIM5
SIM1
SIM2
SIM3
SIM4
1
21
22
SIM5
SIM1
SIM2
SIM3
SIM4
1
21
22
SIM5
SIM1
SIM2
SIM3
SIM4
1
21
22
SIM5
SIM1
SIM2
SIM3
SIM4
1
21
22
SIM5
SIM1
SIM2
SIM3
SIM4
1
21
22
SIM5
SIM1
SIM2
SIM3
SIM4
1
21
22
SIM5
SIM1
SIM2
SIM3
SIM4
1
21
22
SIM5
SIM1
SIM2
SIM3
SIM4
1
21
22
SIM5
SIM1
SIM2
SIM3
SIM4
1
21
22
SIM5
SIM1
SIM2
SIM3
SIM4
1
21
22
SIM5
SIM1
SIM2
SIM3
SIM4
1
21
22
SIM5
SIM1
SIM2
SIM3
SIM4
1
21
22
SIM5
SIM1
SIM2
SIM3
SIM4
1
21
22
SIM5
SIM1
SIM2
SIM3
SIM4
1
21
22
SIM5
SIM1
SIM2
SIM3
SIM4
1
21
22
SIM5
SIM1
SIM2
SIM3
SIM4
1
21
22
SIM5
SIM1
SIM2
SIM3
SIM4
1
21
22
SIM5
SIM1
SIM2
SIM3
SIM4
1
21
22
SIM5
SIM1
SIM2
SIM3
SIM4
1
21
22
SIM5
SIM1
SIM2
SIM3
SIM4
1
21
22
SIM5
SIM1
SIM2
SIM3
SIM4
1
21
22
SIM5
SIM1
SIM2
SIM3
SIM4
1
21
22
SIM5
SIM1
SIM2
SIM3
SIM4
1
21
22
SIM5
SIM1
SIM2
SIM3
SIM4
1
21
22
SIM5
SIM1
SIM2
SIM3
SIM4
1
21
22
SIM5
SIM1
SIM2
SIM3
SIM4
1
21
22
SIM5
SIM1
SIM2
SIM3
SIM4
1
21
22
SIM5
SIM1
SIM2
SIM3
SIM4
1
21
22
SIM5
SIM1
SIM2
SIM3
SIM4
1
21
22
SIM5
SIM1
SIM2
SIM3
SIM4
1
21
22
SIM5
SIM1
SIM2
SIM3
SIM4
1
21
22
SIM5
SIM1
SIM2
SIM3
SIM4
1
21
22
SIM5
SIM1
SIM2
SIM3
SIM4
1
21
22
SIM5
SIM1
SIM2
SIM3
SIM4
1
21
22
SIM5
SIM1
SIM2
SIM3
SIM4
1
21
22
SIM5
SIM1
SIM2
SIM3
SIM4
1
21
22
SIM5
SIM1
SIM2
SIM3
SIM4
1
21
22
SIM5
SIM1
SIM2
SIM3
SIM4
1
21
22
SIM5
SIM1
SIM2
SIM3
SIM4
1
21
22
SIM5
SIM1
SIM2
SIM3
SIM4
1
21
22
SIM5
SIM1
SIM2
SIM3
SIM4
1
21
22
SIM5
SIM1
SIM2
SIM3
SIM4
1
21
22
SIM5
SIM1
SIM2
SIM3
SIM4
1
21
22
SIM5
SIM1
SIM2
SIM3
SIM4
1
21
22
SIM5
SIM1
SIM2
SIM3
SIM4
1
21
22
SIM5
SIM1
SIM2
SIM3
SIM4
1
21
22
SIM5
SIM1
SIM2
SIM3
SIM4
1
21
22
SIM5
SIM1
SIM2
SIM3
SIM4
1
21
22
SIM5
SIM1
SIM2
SIM3
SIM4
1
21
22
SIM5
SIM1
SIM2
SIM3
SIM4
1
21
22
SIM5
SIM1
SIM2
SIM3
SIM4
1
21
22
SIM5
SIM1
SIM2
SIM3
SIM4
1
21
22
SIM5
SIM1
SIM2
SIM3
SIM4
1
21
22
SIM5
SIM1
SIM2
SIM3
SIM4
1
21
22
SIM5
SIM1
SIM2
SIM3
SIM4
1
21
22
SIM5
SIM1
SIM2
SIM3
SIM4
1
21
22
SIM5
SIM1
SIM2
SIM3
SIM4
1
21
22
SIM5
SIM1
SIM2
SIM3
SIM4
1
21
22
SIM5
SIM1
SIM2
SIM3
SIM4
1
21
22
SIM5
SIM1
SIM2
SIM3
SIM4
1
21
22
SIM5
SIM1
SIM2
SIM3
SIM4
1
21
22
SIM5
SIM1
SIM2
SIM3
SIM4
1
21
22
SIM5
SIM1
SIM2
SIM3
SIM4
1
21
22
SIM5
SIM1
SIM2
SIM3
SIM4
1
21
22
SIM5
SIM1
SIM2
SIM3
SIM4
1
21
22
SIM5
SIM1
SIM2
SIM3
SIM4
1
21
22
SIM5
SIM1
SIM2
SIM3
SIM4
1
21
22
SIM5
SIM1
SIM2
SIM3
SIM4
1
21
22
SIM5
SIM1
SIM2
SIM3
SIM4
1
21
22
SIM5
SIM1
SIM2
SIM3
SIM4
1
21
22
SIM5
SIM1
SIM2
SIM3
SIM4
1
21
22
SIM5
SIM1
SIM2
SIM3
SIM4
1
21
22
SIM5
SIM1
SIM2
SIM3
SIM4
1
21
22
SIM5
SIM1
SIM2
SIM3
SIM4
1
21
22
SIM5
SIM1
SIM2
SIM3
SIM4
1
21
22
SIM5
SIM1
SIM2
SIM3
SIM4
1
21
22
SIM5
SIM1
SIM2
SIM3
SIM4
1
21
22
SIM5
SIM1
SIM2
SIM3
SIM4
1
21
22
SIM5
SIM1
SIM2
SIM3
SIM4
1
21
22
SIM5
SIM1
SIM2
SIM3
SIM4
1
21
22
SIM5
SIM1
SIM2
SIM3
SIM4
1
21
22
SIM5
SIM1
SIM2
SIM3
SIM4
1
21
22
SIM5
SIM1
SIM2
SIM3
SIM4
1
21
22
SIM5
SIM1
SIM2
SIM3
SIM4
1
21
22
SIM5
SIM1
SIM2
SIM3
SIM4
1
21
22
SIM5
SIM1
SIM2
SIM3
SIM4
1
21
22
SIM5
SIM1
SIM2
SIM3
SIM4
1
21
22
SIM5
SIM1
SIM2
SIM3
SIM4
1
21
22
SIM5
SIM1
SIM2
SIM3
SIM4
1
21
22
SIM5
SIM1
SIM2
SIM3
SIM4
1
21
22
SIM5
SIM1
SIM2
SIM3
SIM4
1
21
22
SIM5
SIM1
SIM2
SIM3
SIM4
1
21
22
SIM5
SIM1
SIM2
SIM3
SIM4
1
21
22
SIM5
SIM1
SIM2
SIM3
SIM4
1
21
22
SIM5
SIM1
SIM2
SIM3
SIM4
1
21
22
SIM5
SIM1
SIM2
SIM3
SIM4
1
21
22
SIM5
SIM1
SIM2
SIM3
SIM4
1
21
22
SIM5
SIM1
SIM2
SIM3
SIM4
1
21
22
SIM5
SIM1
SIM2
SIM3
SIM4
1
21
22
SIM5
SIM1
SIM2
SIM3
SIM4
1
21
22
SIM5
SIM1
SIM2
SIM3
SIM4
1
21
22
SIM5
SIM1
SIM2
SIM3
SIM4
1
21
22
SIM5
SIM1
SIM2
SIM3
SIM4
1
21
22
SIM5
SIM1
SIM2
SIM3
SIM4
1
21
22
SIM5
SIM1
SIM2
SIM3
SIM4
1
21
22
SIM5
SIM1
SIM2
SIM3
SIM4
1
21
22
SIM5
SIM1
SIM2
SIM3
SIM4
1
21
22
SIM5
SIM1
SIM2
SIM3
SIM4
1
21
22
SIM5
SIM1
SIM2
SIM3
SIM4
1
21
22
SIM5
SIM1
SIM2
SIM3
SIM4
1
21
22
SIM5
SIM1
SIM2
SIM3
SIM4
1
21
22
SIM5
SIM1
SIM2
SIM3
SIM4
1
21
22
SIM5
SIM1
SIM2
SIM3
SIM4
1
21
22
SIM5
SIM1
SIM2
SIM3
SIM4
1
21
22
SIM5
SIM1
SIM2
SIM3
SIM4
1
21
22
SIM5
SIM1
SIM2
SIM3
SIM4
1
21
22
SIM5
SIM1
SIM2
SIM3
SIM4
1
21
22
SIM5
SIM1
SIM2
SIM3
SIM4
1
21
22
SIM5
SIM1
SIM2
SIM3
SIM4
1
21
22
SIM5
SIM1
SIM2
SIM3
SIM4
1
21
22
SIM5
SIM1
SIM2
SIM3
SIM4
1
21
22
SIM5
SIM1
SIM2
SIM3
SIM4
1
21
22
SIM5
SIM1
SIM2
SIM3
SIM4
1
21
22
SIM5
SIM1
SIM2
SIM3
SIM4
1
21
22
SIM5
SIM1
SIM2
SIM3
SIM4
1
21
22
SIM5
SIM1
SIM2
DEBUG 1 616
SIM1
SIM2
SIM3
SIM4
1
21
22
SIM5
SIM1
SIM2
SIM3
SIM4
1
21
22
SIM5
SIM1
SIM2
SIM3
SIM4
1
21
22
SIM5
SIM1
SIM2
SIM3
SIM4
1
21
22
SIM5
SIM1
SIM2
SIM3
SIM4
1
21
22
SIM5
SIM1
SIM2
SIM3
SIM4
1
21
22
SIM5
SIM1
SIM2
SIM3
SIM4
1
21
22
SIM5
SIM1
SIM2
SIM3
SIM4
1
21
22
SIM5
SIM1
SIM2
SIM3
SIM4
1
21
22
SIM5
SIM1
SIM2
SIM3
SIM4
1
21
22
SIM5
SIM1
SIM2
SIM3
SIM4
1
21
22
SIM5
SIM1
SIM2
SIM3
SIM4
1
21
22
SIM5
SIM1
SIM2
SIM3
SIM4
1
21
22
SIM5
SIM1
SIM2
SIM3
SIM4
1
21
22
SIM5
SIM1
SIM2
SIM3
SIM4
1
21
22
SIM5
SIM1
SIM2
SIM3
SIM4
1
21
22
SIM5
SIM1
SIM2
SIM3
SIM4
1
21
22
SIM5
SIM1
SIM2
SIM3
SIM4
1
21
22
SIM5
SIM1
SIM2
SIM3
SIM4
1
21
22
SIM5
SIM1
SIM2
SIM3
SIM4
1
21
22
SIM5
SIM1
SIM2
SIM3
SIM4
1
21
22
SIM5
SIM1
SIM2
SIM3
SIM4
1
21
22
SIM5
SIM1
SIM2
SIM3
SIM4
1
21
22
SIM5
SIM1
SIM2
SIM3
SIM4
1
21
22
SIM5
SIM1
SIM2
SIM3
SIM4
1
21
22
SIM5
SIM1
SIM2
SIM3
SIM4
1
21
22
SIM5
SIM1
SIM2
SIM3
SIM4
1
21
22
SIM5
SIM1
SIM2
SIM3
SIM4
1
21
22
SIM5
SIM1
SIM2
SIM3
SIM4
1
21
22
SIM5
SIM1
SIM2
SIM3
SIM4
1
21
22
SIM5
SIM1
SIM2
SIM3
SIM4
1
21
22
SIM5
SIM1
SIM2
SIM3
SIM4
1
21
22
SIM5
SIM1
SIM2
SIM3
SIM4
1
21
22
SIM5
SIM1
SIM2
SIM3
SIM4
1
21
22
SIM5
SIM1
SIM2
SIM3
SIM4
1
21
22
SIM5
SIM1
SIM2
SIM3
SIM4
1
21
22
SIM5
SIM1
SIM2
SIM3
SIM4
1
21
22
SIM5
SIM1
SIM2
SIM3
SIM4
1
21
22
SIM5
SIM1
SIM2
SIM3
SIM4
1
21
22
SIM5
SIM1
SIM2
SIM3
SIM4
1
21
22
SIM5
SIM1
SIM2
SIM3
SIM4
1
21
22
SIM5
SIM1
SIM2
SIM3
SIM4
1
21
22
SIM5
SIM1
SIM2
SIM3
SIM4
1
21
22
SIM5
SIM1
SIM2
SIM3
SIM4
1
21
22
SIM5
SIM1
SIM2
SIM3
SIM4
1
21
22
SIM5
SIM1
SIM2
SIM3
SIM4
1
21
22
SIM5
SIM1
SIM2
SIM3
SIM4
1
21
22
SIM5
SIM1
SIM2
SIM3
SIM4
1
21
22
SIM5
SIM1
SIM2
SIM3
SIM4
1
21
22
SIM5
SIM1
SIM2
SIM3
SIM4
1
21
22
SIM5
SIM1
SIM2
SIM3
SIM4
1
21
22
SIM5
SIM1
SIM2
SIM3
SIM4
1
21
22
SIM5
SIM1
SIM2
SIM3
SIM4
1
21
22
SIM5
SIM1
SIM2
SIM3
SIM4
1
21
22
SIM5
SIM1
SIM2
SIM3
SIM4
1
21
22
SIM5
SIM1
SIM2
SIM3
SIM4
1
21
22
SIM5
SIM1
SIM2
SIM3
SIM4
1
21
22
SIM5
SIM1
SIM2
SIM3
SIM4
1
21
22
SIM5
SIM1
SIM2
SIM3
SIM4
1
21
22
SIM5
SIM1
SIM2
SIM3
SIM4
1
21
22
SIM5
SIM1
SIM2
SIM3
SIM4
1
21
22
SIM5
SIM1
SIM2
SIM3
SIM4
1
21
22
SIM5
SIM1
SIM2
SIM3
SIM4
1
21
22
SIM5
SIM1
SIM2
SIM3
SIM4
1
21
22
SIM5
SIM1
SIM2
SIM3
SIM4
1
21
22
SIM5
SIM1
SIM2
SIM3
SIM4
1
21
22
SIM5
SIM1
SIM2
SIM3
SIM4
1
21
22
SIM5
SIM1
SIM2
SIM3
SIM4
1
21
22
SIM5
SIM1
SIM2
SIM3
SIM4
1
21
22
SIM5
SIM1
SIM2
SIM3
SIM4
1
21
22
SIM5
SIM1
SIM2
SIM3
SIM4
1
21
22
SIM5
SIM1
SIM2
SIM3
SIM4
1
21
22
SIM5
SIM1
SIM2
SIM3
SIM4
1
21
22
SIM5
SIM1
SIM2
SIM3
SIM4
1
21
22
SIM5
SIM1
SIM2
SIM3
SIM4
1
21
22
SIM5
SIM1
SIM2
SIM3
SIM4
1
21
22
SIM5
SIM1
SIM2
SIM3
SIM4
1
21
22
SIM5
SIM1
SIM2
SIM3
SIM4
1
21
22
SIM5
SIM1
SIM2
SIM3
SIM4
1
21
22
SIM5
SIM1
SIM2
SIM3
SIM4
1
21
22
SIM5
SIM1
SIM2
SIM3
SIM4
1
21
22
SIM5
SIM1
SIM2
SIM3
SIM4
1
21
22
SIM5
SIM1
SIM2
SIM3
SIM4
1
21
22
SIM5
SIM1
SIM2
SIM3
SIM4
1
21
22
SIM5
SIM1
SIM2
SIM3
SIM4
1
21
22
SIM5
SIM1
SIM2
SIM3
SIM4
1
21
22
SIM5
SIM1
SIM2
SIM3
SIM4
1
21
22
SIM5
SIM1
SIM2
SIM3
SIM4
1
21
22
SIM5
SIM1
SIM2
SIM3
SIM4
1
21
22
SIM5
SIM1
SIM2
SIM3
SIM4
1
21
22
SIM5
SIM1
SIM2
SIM3
SIM4
1
21
22
SIM5
SIM1
SIM2
SIM3
SIM4
1
21
22
SIM5
SIM1
SIM2
SIM3
SIM4
1
21
22
SIM5
SIM1
SIM2
SIM3
SIM4
1
21
22
SIM5
SIM1
SIM2
SIM3
SIM4
1
21
22
SIM5
SIM1
SIM2
SIM3
SIM4
1
21
22
SIM5
SIM1
SIM2
SIM3
SIM4
1
21
22
SIM5
SIM1
SIM2
SIM3
SIM4
1
21
22
SIM5
SIM1
SIM2
SIM3
SIM4
1
21
22
SIM5
SIM1
SIM2
SIM3
SIM4
1
21
22
SIM5
SIM1
SIM2
SIM3
SIM4
1
21
22
SIM5
SIM1
SIM2
SIM3
SIM4
1
21
22
SIM5
SIM1
SIM2
SIM3
SIM4
1
21
22
SIM5
SIM1
SIM2
SIM3
SIM4
1
21
22
SIM5
SIM1
SIM2
SIM3
SIM4
1
21
22
SIM5
SIM1
SIM2
SIM3
SIM4
1
21
22
SIM5
SIM1
SIM2
SIM3
SIM4
1
21
22
SIM5
SIM1
SIM2
SIM3
SIM4
1
21
22
SIM5
SIM1
SIM2
SIM3
SIM4
1
21
22
SIM5
SIM1
SIM2
SIM3
SIM4
1
21
22
SIM5
SIM1
SIM2
SIM3
SIM4
1
21
22
SIM5
SIM1
SIM2
SIM3
SIM4
1
21
22
SIM5
SIM1
SIM2
SIM3
SIM4
1
21
22
SIM5
SIM1
SIM2
SIM3
SIM4
1
21
22
SIM5
SIM1
SIM2
SIM3
SIM4
1
21
22
SIM5
SIM1
SIM2
SIM3
SIM4
1
21
22
SIM5
SIM1
SIM2
SIM3
SIM4
1
21
22
SIM5
SIM1
SIM2
SIM3
SIM4
1
21
22
SIM5
SIM1
SIM2
SIM3
SIM4
1
21
22
SIM5
SIM1
SIM2
SIM3
SIM4
1
21
22
SIM5
SIM1
SIM2
SIM3
SIM4
1
21
22
SIM5
SIM1
SIM2
SIM3
SIM4
1
21
22
SIM5
SIM1
SIM2
SIM3
SIM4
1
21
22
SIM5
SIM1
SIM2
SIM3
SIM4
1
21
22
SIM5
SIM1
SIM2
SIM3
SIM4
1
21
22
SIM5
SIM1
SIM2
SIM3
SIM4
1
21
22
SIM5
SIM1
SIM2
SIM3
SIM4
1
21
22
SIM5
SIM1
SIM2
SIM3
SIM4
1
21
22
SIM5
SIM1
SIM2
SIM3
SIM4
1
21
22
SIM5
SIM1
SIM2
SIM3
SIM4
1
21
22
SIM5
SIM1
SIM2
SIM3
SIM4
1
21
22
SIM5
SIM1
SIM2
SIM3
SIM4
1
21
22
SIM5
SIM1
SIM2
SIM3
SIM4
1
21
22
SIM5
SIM1
SIM2
SIM3
SIM4
1
21
22
SIM5
SIM1
SIM2
SIM3
SIM4
1
21
22
SIM5
SIM1
SIM2
SIM3
SIM4
1
21
22
SIM5
SIM1
SIM2
SIM3
SIM4
1
21
22
SIM5
SIM1
SIM2
SIM3
SIM4
1
21
22
SIM5
SIM1
SIM2
SIM3
SIM4
1
21
22
SIM5
SIM1
SIM2
SIM3
SIM4
1
21
22
SIM5
SIM1
SIM2
SIM3
SIM4
1
21
22
SIM5
SIM1
SIM2
SIM3
SIM4
1
21
22
SIM5
SIM1
SIM2
SIM3
SIM4
1
21
22
SIM5
SIM1
SIM2
SIM3
SIM4
1
21
22
SIM5
SIM1
SIM2
SIM3
SIM4
1
21
22
SIM5
SIM1
SIM2
SIM3
SIM4
1
21
22
SIM5
SIM1
SIM2
SIM3
SIM4
1
21
22
SIM5
SIM1
SIM2
SIM3
SIM4
1
21
22
SIM5
SIM1
SIM2
DEBUG 1 617
SIM1
SIM2
SIM3
SIM4
1
21
22
SIM5
SIM1
SIM2
SIM3
SIM4
1
21
22
SIM5
SIM1
SIM2
SIM3
SIM4
1
21
22
SIM5
SIM1
SIM2
SIM3
SIM4
1
21
22
SIM5
SIM1
SIM2
SIM3
SIM4
1
21
22
SIM5
SIM1
SIM2
SIM3
SIM4
1
21
22
SIM5
SIM1
SIM2
SIM3
SIM4
1
21
22
SIM5
SIM1
SIM2
SIM3
SIM4
1
21
22
SIM5
SIM1
SIM2
SIM3
SIM4
1
21
22
SIM5
SIM1
SIM2
SIM3
SIM4
1
21
22
SIM5
SIM1
SIM2
SIM3
SIM4
1
21
22
SIM5
SIM1
SIM2
SIM3
SIM4
1
21
22
SIM5
SIM1
SIM2
SIM3
SIM4
1
21
22
SIM5
SIM1
SIM2
SIM3
SIM4
1
21
22
SIM5
SIM1
SIM2
SIM3
SIM4
1
21
22
SIM5
SIM1
SIM2
SIM3
SIM4
1
21
22
SIM5
SIM1
SIM2
SIM3
SIM4
1
21
22
SIM5
SIM1
SIM2
SIM3
SIM4
1
21
22
SIM5
SIM1
SIM2
SIM3
SIM4
1
21
22
SIM5
SIM1
SIM2
SIM3
SIM4
1
21
22
SIM5
SIM1
SIM2
SIM3
SIM4
1
21
22
SIM5
SIM1
SIM2
SIM3
SIM4
1
21
22
SIM5
SIM1
SIM2
SIM3
SIM4
1
21
22
SIM5
SIM1
SIM2
SIM3
SIM4
1
21
22
SIM5
SIM1
SIM2
SIM3
SIM4
1
21
22
SIM5
SIM1
SIM2
SIM3
SIM4
1
21
22
SIM5
SIM1
SIM2
SIM3
SIM4
1
21
22
SIM5
SIM1
SIM2
SIM3
SIM4
1
21
22
SIM5
SIM1
SIM2
SIM3
SIM4
1
21
22
SIM5
SIM1
SIM2
SIM3
SIM4
1
21
22
SIM5
SIM1
SIM2
SIM3
SIM4
1
21
22
SIM5
SIM1
SIM2
SIM3
SIM4
1
21
22
SIM5
SIM1
SIM2
SIM3
SIM4
1
21
22
SIM5
SIM1
SIM2
SIM3
SIM4
1
21
22
SIM5
SIM1
SIM2
SIM3
SIM4
1
21
22
SIM5
SIM1
SIM2
SIM3
SIM4
1
21
22
SIM5
SIM1
SIM2
SIM3
SIM4
1
21
22
SIM5
SIM1
SIM2
SIM3
SIM4
1
21
22
SIM5
SIM1
SIM2
SIM3
SIM4
1
21
22
SIM5
SIM1
SIM2
SIM3
SIM4
1
21
22
SIM5
SIM1
SIM2
SIM3
SIM4
1
21
22
SIM5
SIM1
SIM2
SIM3
SIM4
1
21
22
SIM5
SIM1
SIM2
SIM3
SIM4
1
21
22
SIM5
SIM1
SIM2
SIM3
SIM4
1
21
22
SIM5
SIM1
SIM2
SIM3
SIM4
1
21
22
SIM5
SIM1
SIM2
SIM3
SIM4
1
21
22
SIM5
SIM1
SIM2
SIM3
SIM4
1
21
22
SIM5
SIM1
SIM2
SIM3
SIM4
1
21
22
SIM5
SIM1
SIM2
SIM3
SIM4
1
21
22
SIM5
SIM1
SIM2
SIM3
SIM4
1
21
22
SIM5
SIM1
SIM2
SIM3
SIM4
1
21
22
SIM5
SIM1
SIM2
SIM3
SIM4
1
21
22
SIM5
SIM1
SIM2
SIM3
SIM4
1
21
22
SIM5
SIM1
SIM2
SIM3
SIM4
1
21
22
SIM5
SIM1
SIM2
SIM3
SIM4
1
21
22
SIM5
SIM1
SIM2
SIM3
SIM4
1
21
22
SIM5
SIM1
SIM2
SIM3
SIM4
1
21
22
SIM5
SIM1
SIM2
SIM3
SIM4
1
21
22
SIM5
SIM1
SIM2
SIM3
SIM4
1
21
22
SIM5
SIM1
SIM2
SIM3
SIM4
1
21
22
SIM5
SIM1
SIM2
SIM3
SIM4
1
21
22
SIM5
SIM1
SIM2
SIM3
SIM4
1
21
22
SIM5
SIM1
SIM2
SIM3
SIM4
1
21
22
SIM5
SIM1
SIM2
SIM3
SIM4
1
21
22
SIM5
SIM1
SIM2
SIM3
SIM4
1
21
22
SIM5
SIM1
SIM2
SIM3
SIM4
1
21
22
SIM5
SIM1
SIM2
SIM3
SIM4
1
21
22
SIM5
SIM1
SIM2
SIM3
SIM4
1
21
22
SIM5
SIM1
SIM2
SIM3
SIM4
1
21
22
SIM5
SIM1
SIM2
SIM3
SIM4
1
21
22
SIM5
SIM1
SIM2
SIM3
SIM4
1
21
22
SIM5
SIM1
SIM2
SIM3
SIM4
1
21
22
SIM5
SIM1
SIM2
SIM3
SIM4
1
21
22
SIM5
SIM1
SIM2
SIM3
SIM4
1
21
22
SIM5
SIM1
SIM2
SIM3
SIM4
1
21
22
SIM5
SIM1
SIM2
SIM3
SIM4
1
21
22
SIM5
SIM1
SIM2
SIM3
SIM4
1
21
22
SIM5
SIM1
SIM2
SIM3
SIM4
1
21
22
SIM5
SIM1
SIM2
SIM3
SIM4
1
21
22
SIM5
SIM1
SIM2
SIM3
SIM4
1
21
22
SIM5
SIM1
SIM2
SIM3
SIM4
1
21
22
SIM5
SIM1
SIM2
SIM3
SIM4
1
21
22
SIM5
SIM1
SIM2
SIM3
SIM4
1
21
22
SIM5
SIM1
SIM2
SIM3
SIM4
1
21
22
SIM5
SIM1
SIM2
SIM3
SIM4
1
21
22
SIM5
SIM1
SIM2
SIM3
SIM4
1
21
22
SIM5
SIM1
SIM2
SIM3
SIM4
1
21
22
SIM5
SIM1
SIM2
SIM3
SIM4
1
21
22
SIM5
SIM1
SIM2
SIM3
SIM4
1
21
22
SIM5
SIM1
SIM2
SIM3
SIM4
1
21
22
SIM5
SIM1
SIM2
SIM3
SIM4
1
21
22
SIM5
SIM1
SIM2
SIM3
SIM4
1
21
22
SIM5
SIM1
SIM2
SIM3
SIM4
1
21
22
SIM5
SIM1
SIM2
SIM3
SIM4
1
21
22
SIM5
SIM1
SIM2
SIM3
SIM4
1
21
22
SIM5
SIM1
SIM2
SIM3
SIM4
1
21
22
SIM5
SIM1
SIM2
SIM3
SIM4
1
21
22
SIM5
SIM1
SIM2
SIM3
SIM4
1
21
22
SIM5
SIM1
SIM2
SIM3
SIM4
1
21
22
SIM5
SIM1
SIM2
SIM3
SIM4
1
21
22
SIM5
SIM1
SIM2
SIM3
SIM4
1
21
22
SIM5
SIM1
SIM2
SIM3
SIM4
1
21
22
SIM5
SIM1
SIM2
SIM3
SIM4
1
21
22
SIM5
SIM1
SIM2
SIM3
SIM4
1
21
22
SIM5
SIM1
SIM2
SIM3
SIM4
1
21
22
SIM5
SIM1
SIM2
SIM3
SIM4
1
21
22
SIM5
SIM1
SIM2
SIM3
SIM4
1
21
22
SIM5
SIM1
SIM2
SIM3
SIM4
1
21
22
SIM5
SIM1
SIM2
SIM3
SIM4
1
21
22
SIM5
SIM1
SIM2
SIM3
SIM4
1
21
22
SIM5
SIM1
SIM2
SIM3
SIM4
1
21
22
SIM5
SIM1
SIM2
SIM3
SIM4
1
21
22
SIM5
SIM1
SIM2
SIM3
SIM4
1
21
22
SIM5
SIM1
SIM2
SIM3
SIM4
1
21
22
SIM5
SIM1
SIM2
SIM3
SIM4
1
21
22
SIM5
SIM1
SIM2
SIM3
SIM4
1
21
22
SIM5
SIM1
SIM2
SIM3
SIM4
1
21
22
SIM5
SIM1
SIM2
SIM3
SIM4
1
21
22
SIM5
SIM1
SIM2
SIM3
SIM4
1
21
22
SIM5
SIM1
SIM2
SIM3
SIM4
1
21
22
SIM5
SIM1
SIM2
SIM3
SIM4
1
21
22
SIM5
SIM1
SIM2
SIM3
SIM4
1
21
22
SIM5
SIM1
SIM2
SIM3
SIM4
1
21
22
SIM5
SIM1
SIM2
SIM3
SIM4
1
21
22
SIM5
SIM1
SIM2
SIM3
SIM4
1
21
22
SIM5
SIM1
SIM2
SIM3
SIM4
1
21
22
SIM5
SIM1
SIM2
SIM3
SIM4
1
21
22
SIM5
SIM1
SIM2
SIM3
SIM4
1
21
22
SIM5
SIM1
SIM2
SIM3
SIM4
1
21
22
SIM5
SIM1
SIM2
SIM3
SIM4
1
21
22
SIM5
SIM1
SIM2
SIM3
SIM4
1
21
22
SIM5
SIM1
SIM2
SIM3
SIM4
1
21
22
SIM5
SIM1
SIM2
SIM3
SIM4
1
21
22
SIM5
SIM1
SIM2
SIM3
SIM4
1
21
22
SIM5
SIM1
SIM2
SIM3
SIM4
1
21
22
SIM5
SIM1
SIM2
SIM3
SIM4
1
21
22
SIM5
SIM1
SIM2
SIM3
SIM4
1
21
22
SIM5
SIM1
SIM2
SIM3
SIM4
1
21
22
SIM5
SIM1
SIM2
SIM3
SIM4
1
21
22
SIM5
SIM1
SIM2
SIM3
SIM4
1
21
22
SIM5
SIM1
SIM2
SIM3
SIM4
1
21
22
SIM5
SIM1
SIM2
SIM3
SIM4
1
21
22
SIM5
SIM1
SIM2
SIM3
SIM4
1
21
22
SIM5
SIM1
SIM2
SIM3
SIM4
1
21
22
SIM5
SIM1
SIM2
SIM3
SIM4
1
21
22
SIM5
SIM1
SIM2
SIM3
SIM4
1
21
22
SIM5
SIM1
SIM2
SIM3
SIM4
1
21
22
SIM5
SIM1
SIM2
SIM3
SIM4
1
21
22
SIM5
SIM1
SIM2
SIM3
SIM4
1
21
22
SIM5
SIM1
SIM2
SIM3
SIM4
1
21
22
SIM5
SIM1
SIM2
SIM3
SIM4
1
21
22
SIM5
SIM1
SIM2
SIM3
SIM4
1
21
22
SIM5
SIM1
SIM2
SIM3
SIM4
1
21
22
SIM5
SIM1
SIM2
SIM3
SIM4
1
21
22
SIM5
SIM1
SIM2
SIM3
SIM4
1
21
22
SIM5
SIM1
SIM2
SIM3
SIM4
1
21
22
SIM5
SIM1
SIM2
SIM3
SIM4
1
21
22
SIM5
SIM1
SIM2
SIM3
SIM4
1
21
22
SIM5
SIM1
SIM2
SIM3
SIM4
1
21
22
SIM5
SIM1
SIM2
SIM3
SIM4
1
21
22
SIM5
SIM1
SIM2
SIM3
SIM4
1
21
22
SIM5
SIM1
SIM2
SIM3
SIM4
1
21
22
SIM5
SIM1
SIM2
SIM3
SIM4
1
21
22
SIM5
SIM1
SIM2
SIM3
SIM4
1
21
22
SIM5
SIM1
SIM2
SIM3
SIM4
1
21
22
SIM5
SIM1
SIM2
SIM3
SIM4
1
21
22
SIM5
SIM1
SIM2
SIM3
SIM4
1
21
22
SIM5
SIM1
SIM2
SIM3
SIM4
1
21
22
SIM5
SIM1
SIM2
SIM3
SIM4
1
21
22
SIM5
SIM1
SIM2
SIM3
SIM4
1
21
22
SIM5
SIM1
SIM2
SIM3
SIM4
1
21
22
SIM5
SIM1
SIM2
SIM3
SIM4
1
21
22
SIM5
SIM1
SIM2
DEBUG 1 618
SIM1
SIM2
SIM3
SIM4
1
21
22
SIM5
SIM1
SIM2
SIM3
SIM4
1
21
22
SIM5
SIM1
SIM2
SIM3
SIM4
1
21
22
SIM5
SIM1
SIM2
SIM3
SIM4
1
21
22
SIM5
SIM1
SIM2
SIM3
SIM4
1
21
22
SIM5
SIM1
SIM2
SIM3
SIM4
1
21
22
SIM5
SIM1
SIM2
SIM3
SIM4
1
21
22
SIM5
SIM1
SIM2
SIM3
SIM4
1
21
22
SIM5
SIM1
SIM2
SIM3
SIM4
1
21
22
SIM5
SIM1
SIM2
SIM3
SIM4
1
21
22
SIM5
SIM1
SIM2
SIM3
SIM4
1
21
22
SIM5
SIM1
SIM2
SIM3
SIM4
1
21
22
SIM5
SIM1
SIM2
SIM3
SIM4
1
21
22
SIM5
SIM1
SIM2
SIM3
SIM4
1
21
22
SIM5
SIM1
SIM2
SIM3
SIM4
1
21
22
SIM5
SIM1
SIM2
SIM3
SIM4
1
21
22
SIM5
SIM1
SIM2
SIM3
SIM4
1
21
22
SIM5
SIM1
SIM2
SIM3
SIM4
1
21
22
SIM5
SIM1
SIM2
SIM3
SIM4
1
21
22
SIM5
SIM1
SIM2
SIM3
SIM4
1
21
22
SIM5
SIM1
SIM2
SIM3
SIM4
1
21
22
SIM5
SIM1
SIM2
SIM3
SIM4
1
21
22
SIM5
SIM1
SIM2
SIM3
SIM4
1
21
22
SIM5
SIM1
SIM2
SIM3
SIM4
1
21
22
SIM5
SIM1
SIM2
SIM3
SIM4
1
21
22
SIM5
SIM1
SIM2
SIM3
SIM4
1
21
22
SIM5
SIM1
SIM2
SIM3
SIM4
1
21
22
SIM5
SIM1
SIM2
SIM3
SIM4
1
21
22
SIM5
SIM1
SIM2
SIM3
SIM4
1
21
22
SIM5
SIM1
SIM2
SIM3
SIM4
1
21
22
SIM5
SIM1
SIM2
SIM3
SIM4
1
21
22
SIM5
SIM1
SIM2
SIM3
SIM4
1
21
22
SIM5
SIM1
SIM2
SIM3
SIM4
1
21
22
SIM5
SIM1
SIM2
SIM3
SIM4
1
21
22
SIM5
SIM1
SIM2
SIM3
SIM4
1
21
22
SIM5
SIM1
SIM2
SIM3
SIM4
1
21
22
SIM5
SIM1
SIM2
SIM3
SIM4
1
21
22
SIM5
SIM1
SIM2
SIM3
SIM4
1
21
22
SIM5
SIM1
SIM2
SIM3
SIM4
1
21
22
SIM5
SIM1
SIM2
SIM3
SIM4
1
21
22
SIM5
SIM1
SIM2
SIM3
SIM4
1
21
22
SIM5
SIM1
SIM2
SIM3
SIM4
1
21
22
SIM5
SIM1
SIM2
SIM3
SIM4
1
21
22
SIM5
SIM1
SIM2
SIM3
SIM4
1
21
22
SIM5
SIM1
SIM2
SIM3
SIM4
1
21
22
SIM5
SIM1
SIM2
SIM3
SIM4
1
21
22
SIM5
SIM1
SIM2
SIM3
SIM4
1
21
22
SIM5
SIM1
SIM2
SIM3
SIM4
1
21
22
SIM5
SIM1
SIM2
SIM3
SIM4
1
21
22
SIM5
SIM1
SIM2
SIM3
SIM4
1
21
22
SIM5
SIM1
SIM2
SIM3
SIM4
1
21
22
SIM5
SIM1
SIM2
SIM3
SIM4
1
21
22
SIM5
SIM1
SIM2
SIM3
SIM4
1
21
22
SIM5
SIM1
SIM2
SIM3
SIM4
1
21
22
SIM5
SIM1
SIM2
SIM3
SIM4
1
21
22
SIM5
SIM1
SIM2
SIM3
SIM4
1
21
22
SIM5
SIM1
SIM2
SIM3
SIM4
1
21
22
SIM5
SIM1
SIM2
SIM3
SIM4
1
21
22
SIM5
SIM1
SIM2
SIM3
SIM4
1
21
22
SIM5
SIM1
SIM2
SIM3
SIM4
1
21
22
SIM5
SIM1
SIM2
SIM3
SIM4
1
21
22
SIM5
SIM1
SIM2
SIM3
SIM4
1
21
22
SIM5
SIM1
SIM2
SIM3
SIM4
1
21
22
SIM5
SIM1
SIM2
SIM3
SIM4
1
21
22
SIM5
SIM1
SIM2
SIM3
SIM4
1
21
22
SIM5
SIM1
SIM2
SIM3
SIM4
1
21
22
SIM5
SIM1
SIM2
SIM3
SIM4
1
21
22
SIM5
SIM1
SIM2
SIM3
SIM4
1
21
22
SIM5
SIM1
SIM2
SIM3
SIM4
1
21
22
SIM5
SIM1
SIM2
SIM3
SIM4
1
21
22
SIM5
SIM1
SIM2
SIM3
SIM4
1
21
22
SIM5
SIM1
SIM2
SIM3
SIM4
1
21
22
SIM5
SIM1
SIM2
SIM3
SIM4
1
21
22
SIM5
SIM1
SIM2
SIM3
SIM4
1
21
22
SIM5
SIM1
SIM2
SIM3
SIM4
1
21
22
SIM5
SIM1
SIM2
SIM3
SIM4
1
21
22
SIM5
SIM1
SIM2
SIM3
SIM4
1
21
22
SIM5
SIM1
SIM2
SIM3
SIM4
1
21
22
SIM5
SIM1
SIM2
SIM3
SIM4
1
21
22
SIM5
SIM1
SIM2
SIM3
SIM4
1
21
22
SIM5
SIM1
SIM2
SIM3
SIM4
1
21
22
SIM5
SIM1
SIM2
SIM3
SIM4
1
21
22
SIM5
SIM1
SIM2
SIM3
SIM4
1
21
22
SIM5
SIM1
SIM2
SIM3
SIM4
1
21
22
SIM5
SIM1
SIM2
SIM3
SIM4
1
21
22
SIM5
SIM1
SIM2
SIM3
SIM4
1
21
22
SIM5
SIM1
SIM2
SIM3
SIM4
1
21
22
SIM5
SIM1
SIM2
SIM3
SIM4
1
21
22
SIM5
SIM1
SIM2
SIM3
SIM4
1
21
22
SIM5
SIM1
SIM2
SIM3
SIM4
1
21
22
SIM5
SIM1
SIM2
SIM3
SIM4
1
21
22
SIM5
SIM1
SIM2
SIM3
SIM4
1
21
22
SIM5
SIM1
SIM2
SIM3
SIM4
1
21
22
SIM5
SIM1
SIM2
SIM3
SIM4
1
21
22
SIM5
SIM1
SIM2
SIM3
SIM4
1
21
22
SIM5
SIM1
SIM2
SIM3
SIM4
1
21
22
SIM5
SIM1
SIM2
SIM3
SIM4
1
21
22
SIM5
SIM1
SIM2
SIM3
SIM4
1
21
22
SIM5
SIM1
SIM2
SIM3
SIM4
1
21
22
SIM5
SIM1
SIM2
SIM3
SIM4
1
21
22
SIM5
SIM1
SIM2
SIM3
SIM4
1
21
22
SIM5
SIM1
SIM2
SIM3
SIM4
1
21
22
SIM5
SIM1
SIM2
SIM3
SIM4
1
21
22
SIM5
SIM1
SIM2
SIM3
SIM4
1
21
22
SIM5
SIM1
SIM2
SIM3
SIM4
1
21
22
SIM5
SIM1
SIM2
SIM3
SIM4
1
21
22
SIM5
SIM1
SIM2
SIM3
SIM4
1
21
22
SIM5
SIM1
SIM2
SIM3
SIM4
1
21
22
SIM5
SIM1
SIM2
SIM3
SIM4
1
21
22
SIM5
SIM1
SIM2
SIM3
SIM4
1
21
22
SIM5
SIM1
SIM2
SIM3
SIM4
1
21
22
SIM5
SIM1
SIM2
SIM3
SIM4
1
21
22
SIM5
SIM1
SIM2
SIM3
SIM4
1
21
22
SIM5
SIM1
SIM2
SIM3
SIM4
1
21
22
SIM5
SIM1
SIM2
SIM3
SIM4
1
21
22
SIM5
SIM1
SIM2
SIM3
SIM4
1
21
22
SIM5
SIM1
SIM2
SIM3
SIM4
1
21
22
SIM5
SIM1
SIM2
SIM3
SIM4
1
21
22
SIM5
SIM1
SIM2
SIM3
SIM4
1
21
22
SIM5
SIM1
SIM2
SIM3
SIM4
1
21
22
SIM5
SIM1
SIM2
SIM3
SIM4
1
21
22
SIM5
SIM1
SIM2
SIM3
SIM4
1
21
22
SIM5
SIM1
SIM2
SIM3
SIM4
1
21
22
SIM5
SIM1
SIM2
SIM3
SIM4
1
21
22
SIM5
SIM1
SIM2
SIM3
SIM4
1
21
22
SIM5
SIM1
SIM2
SIM3
SIM4
1
21
22
SIM5
SIM1
SIM2
SIM3
SIM4
1
21
22
SIM5
SIM1
SIM2
SIM3
SIM4
1
21
22
SIM5
SIM1
SIM2
SIM3
SIM4
1
21
22
SIM5
SIM1
SIM2
SIM3
SIM4
1
21
22
SIM5
SIM1
SIM2
SIM3
SIM4
1
21
22
SIM5
SIM1
SIM2
SIM3
SIM4
1
21
22
SIM5
SIM1
SIM2
SIM3
SIM4
1
21
22
SIM5
SIM1
SIM2
SIM3
SIM4
1
21
22
SIM5
SIM1
SIM2
SIM3
SIM4
1
21
22
SIM5
SIM1
SIM2
SIM3
SIM4
1
21
22
SIM5
SIM1
SIM2
SIM3
SIM4
1
21
22
SIM5
SIM1
SIM2
SIM3
SIM4
1
21
22
SIM5
SIM1
SIM2
SIM3
SIM4
1
21
22
SIM5
SIM1
SIM2
SIM3
SIM4
1
21
22
SIM5
SIM1
SIM2
SIM3
SIM4
1
21
22
SIM5
SIM1
SIM2
SIM3
SIM4
1
21
22
SIM5
SIM1
SIM2
SIM3
SIM4
1
21
22
SIM5
SIM1
SIM2
SIM3
SIM4
1
21
22
SIM5
SIM1
SIM2
SIM3
SIM4
1
21
22
SIM5
SIM1
SIM2
SIM3
SIM4
1
21
22
SIM5
SIM1
SIM2
SIM3
SIM4
1
21
22
SIM5
SIM1
SIM2
SIM3
SIM4
1
21
22
SIM5
SIM1
SIM2
SIM3
SIM4
1
21
22
SIM5
SIM1
SIM2
SIM3
SIM4
1
21
22
SIM5
SIM1
SIM2
SIM3
SIM4
1
21
22
SIM5
SIM1
SIM2
SIM3
SIM4
1
21
22
SIM5
SIM1
SIM2
SIM3
SIM4
1
21
22
SIM5
SIM1
SIM2
SIM3
SIM4
1
21
22
SIM5
SIM1
SIM2
SIM3
SIM4
1
21
22
SIM5
SIM1
SIM2
SIM3
SIM4
1
21
22
SIM5
SIM1
SIM2
SIM3
SIM4
1
21
22
SIM5
SIM1
SIM2
SIM3
SIM4
1
21
22
SIM5
SIM1
SIM2
SIM3
SIM4
1
21
22
SIM5
SIM1
SIM2
SIM3
SIM4
1
21
22
SIM5
SIM1
SIM2
SIM3
SIM4
1
21
22
SIM5
SIM1
SIM2
SIM3
SIM4
1
21
22
SIM5
SIM1
SIM2
SIM3
SIM4
1
21
22
SIM5
SIM1
SIM2
SIM3
SIM4
1
21
22
SIM5
SIM1
SIM2
SIM3
SIM4
1
21
22
SIM5
SIM1
SIM2
SIM3
SIM4
1
21
22
SIM5
SIM1
SIM2
SIM3
SIM4
1
21
22
SIM5
SIM1
SIM2
SIM3
SIM4
1
21
22
SIM5
SIM1
SIM2
SIM3
SIM4
1
21
22
SIM5
SIM1
SIM2
SIM3
SIM4
1
21
22
SIM5
SIM1
SIM2
SIM3
SIM4
1
21
22
SIM5
SIM1
SIM2
SIM3
SIM4
1
21
22
SIM5
SIM1
SIM2
SIM3
SIM4
1
21
22
SIM5
SIM1
SIM2
SIM3
SIM4
1
21
22
SIM5
SIM1
SIM2
SIM3
SIM4
1
21
22
SIM5
SIM1
SIM2
SIM3
SIM4
1
21
22
SIM5
SIM1
SIM2
SIM3
SIM4
1
21
22
SIM5
SIM1
SIM2
SIM3
SIM4
1
21
22
SIM5
SIM1
SIM2
SIM3
SIM4
1
21
22
SIM5
SIM1
SIM2
SIM3
SIM4
1
21
22
SIM5
SIM1
SIM2
SIM3
SIM4
1
21
22
SIM5
SIM1
SIM2
SIM3
SIM4
1
21
22
SIM5
SIM1
SIM2
SIM3
SIM4
1
21
22
SIM5
SIM1
SIM2
SIM3
SIM4
1
21
22
SIM5
SIM1
SIM2
SIM3
SIM4
1
21
22
SIM5
SIM1
SIM2
SIM3
SIM4
1
21
22
SIM5
SIM1
SIM2
SIM3
SIM4
1
21
22
SIM5
SIM1
SIM2
SIM3
SIM4
1
21
22
SIM5
SIM1
SIM2
SIM3
SIM4
1
21
22
SIM5
SIM1
SIM2
SIM3
SIM4
1
21
22
SIM5
SIM1
SIM2
SIM3
SIM4
1
21
22
SIM5
SIM1
SIM2
SIM3
SIM4
1
21
22
SIM5
SIM1
SIM2
SIM3
SIM4
1
21
22
SIM5
SIM1
SIM2
SIM3
SIM4
1
21
22
SIM5
SIM1
SIM2
SIM3
SIM4
1
21
22
SIM5
SIM1
SIM2
SIM3
SIM4
1
21
22
SIM5
SIM1
SIM2
SIM3
SIM4
1
21
22
SIM5
SIM1
SIM2
SIM3
SIM4
1
21
22
SIM5
SIM1
SIM2
SIM3
SIM4
1
21
22
SIM5
SIM1
SIM2
SIM3
SIM4
1
21
22
SIM5
SIM1
SIM2
SIM3
SIM4
1
21
22
SIM5
SIM1
SIM2
SIM3
SIM4
1
21
22
SIM5
SIM1
SIM2
SIM3
SIM4
1
21
22
SIM5
SIM1
SIM2
SIM3
SIM4
1
21
22
SIM5
SIM1
SIM2
SIM3
SIM4
1
21
22
SIM5
SIM1
SIM2
SIM3
SIM4
1
21
22
SIM5
SIM1
SIM2
SIM3
SIM4
1
21
22
SIM5
SIM1
SIM2
SIM3
SIM4
1
21
22
SIM5
SIM1
SIM2
SIM3
SIM4
1
21
22
SIM5
SIM1
SIM2
DEBUG 1 619
SIM1
SIM2
SIM3
SIM4
1
21
22
SIM5
SIM1
SIM2
SIM3
SIM4
1
21
22
SIM5
SIM1
SIM2
SIM3
SIM4
1
21
22
SIM5
SIM1
SIM2
SIM3
SIM4
1
21
22
SIM5
SIM1
SIM2
SIM3
SIM4
1
21
22
SIM5
SIM1
SIM2
SIM3
SIM4
1
21
22
SIM5
SIM1
SIM2
SIM3
SIM4
1
21
22
SIM5
SIM1
SIM2
SIM3
SIM4
1
21
22
SIM5
SIM1
SIM2
SIM3
SIM4
1
21
22
SIM5
SIM1
SIM2
SIM3
SIM4
1
21
22
SIM5
SIM1
SIM2
SIM3
SIM4
1
21
22
SIM5
SIM1
SIM2
SIM3
SIM4
1
21
22
SIM5
SIM1
SIM2
SIM3
SIM4
1
21
22
SIM5
SIM1
SIM2
SIM3
SIM4
1
21
22
SIM5
SIM1
SIM2
SIM3
SIM4
1
21
22
SIM5
SIM1
SIM2
SIM3
SIM4
1
21
22
SIM5
SIM1
SIM2
SIM3
SIM4
1
21
22
SIM5
SIM1
SIM2
SIM3
SIM4
1
21
22
SIM5
SIM1
SIM2
SIM3
SIM4
1
21
22
SIM5
SIM1
SIM2
SIM3
SIM4
1
21
22
SIM5
SIM1
SIM2
SIM3
SIM4
1
21
22
SIM5
SIM1
SIM2
SIM3
SIM4
1
21
22
SIM5
SIM1
SIM2
SIM3
SIM4
1
21
22
SIM5
SIM1
SIM2
SIM3
SIM4
1
21
22
SIM5
SIM1
SIM2
SIM3
SIM4
1
21
22
SIM5
SIM1
SIM2
SIM3
SIM4
1
21
22
SIM5
SIM1
SIM2
SIM3
SIM4
1
21
22
SIM5
SIM1
SIM2
SIM3
SIM4
1
21
22
SIM5
SIM1
SIM2
SIM3
SIM4
1
21
22
SIM5
SIM1
SIM2
SIM3
SIM4
1
21
22
SIM5
SIM1
SIM2
SIM3
SIM4
1
21
22
SIM5
SIM1
SIM2
SIM3
SIM4
1
21
22
SIM5
SIM1
SIM2
SIM3
SIM4
1
21
22
SIM5
SIM1
SIM2
SIM3
SIM4
1
21
22
SIM5
SIM1
SIM2
SIM3
SIM4
1
21
22
SIM5
SIM1
SIM2
SIM3
SIM4
1
21
22
SIM5
SIM1
SIM2
SIM3
SIM4
1
21
22
SIM5
SIM1
SIM2
SIM3
SIM4
1
21
22
SIM5
SIM1
SIM2
SIM3
SIM4
1
21
22
SIM5
SIM1
SIM2
SIM3
SIM4
1
21
22
SIM5
SIM1
SIM2
SIM3
SIM4
1
21
22
SIM5
SIM1
SIM2
SIM3
SIM4
1
21
22
SIM5
SIM1
SIM2
SIM3
SIM4
1
21
22
SIM5
SIM1
SIM2
SIM3
SIM4
1
21
22
SIM5
SIM1
SIM2
SIM3
SIM4
1
21
22
SIM5
SIM1
SIM2
SIM3
SIM4
1
21
22
SIM5
SIM1
SIM2
SIM3
SIM4
1
21
22
SIM5
SIM1
SIM2
SIM3
SIM4
1
21
22
SIM5
SIM1
SIM2
SIM3
SIM4
1
21
22
SIM5
SIM1
SIM2
SIM3
SIM4
1
21
22
SIM5
SIM1
SIM2
SIM3
SIM4
1
21
22
SIM5
SIM1
SIM2
SIM3
SIM4
1
21
22
SIM5
SIM1
SIM2
SIM3
SIM4
1
21
22
SIM5
SIM1
SIM2
SIM3
SIM4
1
21
22
SIM5
SIM1
SIM2
SIM3
SIM4
1
21
22
SIM5
SIM1
SIM2
SIM3
SIM4
1
21
22
SIM5
SIM1
SIM2
SIM3
SIM4
1
21
22
SIM5
SIM1
SIM2
SIM3
SIM4
1
21
22
SIM5
SIM1
SIM2
SIM3
SIM4
1
21
22
SIM5
SIM1
SIM2
SIM3
SIM4
1
21
22
SIM5
SIM1
SIM2
SIM3
SIM4
1
21
22
SIM5
SIM1
SIM2
SIM3
SIM4
1
21
22
SIM5
SIM1
SIM2
SIM3
SIM4
1
21
22
SIM5
SIM1
SIM2
SIM3
SIM4
1
21
22
SIM5
SIM1
SIM2
SIM3
SIM4
1
21
22
SIM5
SIM1
SIM2
SIM3
SIM4
1
21
22
SIM5
SIM1
SIM2
SIM3
SIM4
1
21
22
SIM5
SIM1
SIM2
SIM3
SIM4
1
21
22
SIM5
SIM1
SIM2
SIM3
SIM4
1
21
22
SIM5
SIM1
SIM2
SIM3
SIM4
1
21
22
SIM5
SIM1
SIM2
SIM3
SIM4
1
21
22
SIM5
SIM1
SIM2
SIM3
SIM4
1
21
22
SIM5
SIM1
SIM2
SIM3
SIM4
1
21
22
SIM5
SIM1
SIM2
SIM3
SIM4
1
21
22
SIM5
SIM1
SIM2
SIM3
SIM4
1
21
22
SIM5
SIM1
SIM2
SIM3
SIM4
1
21
22
SIM5
SIM1
SIM2
SIM3
SIM4
1
21
22
SIM5
SIM1
SIM2
SIM3
SIM4
1
21
22
SIM5
SIM1
SIM2
SIM3
SIM4
1
21
22
SIM5
SIM1
SIM2
SIM3
SIM4
1
21
22
SIM5
SIM1
SIM2
SIM3
SIM4
1
21
22
SIM5
SIM1
SIM2
SIM3
SIM4
1
21
22
SIM5
SIM1
SIM2
SIM3
SIM4
1
21
22
SIM5
SIM1
SIM2
SIM3
SIM4
1
21
22
SIM5
SIM1
SIM2
SIM3
SIM4
1
21
22
SIM5
SIM1
SIM2
SIM3
SIM4
1
21
22
SIM5
SIM1
SIM2
SIM3
SIM4
1
21
22
SIM5
SIM1
SIM2
SIM3
SIM4
1
21
22
SIM5
SIM1
SIM2
SIM3
SIM4
1
21
22
SIM5
SIM1
SIM2
SIM3
SIM4
1
21
22
SIM5
SIM1
SIM2
SIM3
SIM4
1
21
22
SIM5
SIM1
SIM2
SIM3
SIM4
1
21
22
SIM5
SIM1
SIM2
SIM3
SIM4
1
21
22
SIM5
SIM1
SIM2
SIM3
SIM4
1
21
22
SIM5
SIM1
SIM2
SIM3
SIM4
1
21
22
SIM5
SIM1
SIM2
SIM3
SIM4
1
21
22
SIM5
SIM1
SIM2
SIM3
SIM4
1
21
22
SIM5
SIM1
SIM2
SIM3
SIM4
1
21
22
SIM5
SIM1
SIM2
SIM3
SIM4
1
21
22
SIM5
SIM1
SIM2
SIM3
SIM4
1
21
22
SIM5
SIM1
SIM2
SIM3
SIM4
1
21
22
SIM5
SIM1
SIM2
SIM3
SIM4
1
21
22
SIM5
SIM1
SIM2
SIM3
SIM4
1
21
22
SIM5
SIM1
SIM2
SIM3
SIM4
1
21
22
SIM5
SIM1
SIM2
SIM3
SIM4
1
21
22
SIM5
SIM1
SIM2
SIM3
SIM4
1
21
22
SIM5
SIM1
SIM2
SIM3
SIM4
1
21
22
SIM5
SIM1
SIM2
SIM3
SIM4
1
21
22
SIM5
SIM1
SIM2
SIM3
SIM4
1
21
22
SIM5
SIM1
SIM2
SIM3
SIM4
1
21
22
SIM5
SIM1
SIM2
SIM3
SIM4
1
21
22
SIM5
SIM1
SIM2
SIM3
SIM4
1
21
22
SIM5
SIM1
SIM2
SIM3
SIM4
1
21
22
SIM5
SIM1
SIM2
SIM3
SIM4
1
21
22
SIM5
SIM1
SIM2
SIM3
SIM4
1
21
22
SIM5
SIM1
SIM2
SIM3
SIM4
1
21
22
SIM5
SIM1
SIM2
SIM3
SIM4
1
21
22
SIM5
SIM1
SIM2
SIM3
SIM4
1
21
22
SIM5
SIM1
SIM2
SIM3
SIM4
1
21
22
SIM5
SIM1
SIM2
SIM3
SIM4
1
21
22
SIM5
SIM1
SIM2
SIM3
SIM4
1
21
22
SIM5
SIM1
SIM2
SIM3
SIM4
1
21
22
SIM5
SIM1
SIM2
SIM3
SIM4
1
21
22
SIM5
SIM1
SIM2
SIM3
SIM4
1
21
22
SIM5
SIM1
SIM2
SIM3
SIM4
1
21
22
SIM5
SIM1
SIM2
SIM3
SIM4
1
21
22
SIM5
SIM1
SIM2
SIM3
SIM4
1
21
22
SIM5
SIM1
SIM2
SIM3
SIM4
1
21
22
SIM5
SIM1
SIM2
SIM3
SIM4
1
21
22
SIM5
SIM1
SIM2
SIM3
SIM4
1
21
22
SIM5
SIM1
SIM2
SIM3
SIM4
1
21
22
SIM5
SIM1
SIM2
SIM3
SIM4
1
21
22
SIM5
SIM1
SIM2
SIM3
SIM4
1
21
22
SIM5
SIM1
SIM2
SIM3
SIM4
1
21
22
SIM5
SIM1
SIM2
SIM3
SIM4
1
21
22
SIM5
SIM1
SIM2
SIM3
SIM4
1
21
22
SIM5
SIM1
SIM2
SIM3
SIM4
1
21
22
SIM5
SIM1
SIM2
SIM3
SIM4
1
21
22
SIM5
SIM1
SIM2
SIM3
SIM4
1
21
22
SIM5
SIM1
SIM2
SIM3
SIM4
1
21
22
SIM5
SIM1
SIM2
SIM3
SIM4
1
21
22
SIM5
SIM1
SIM2
SIM3
SIM4
1
21
22
SIM5
SIM1
SIM2
SIM3
SIM4
1
21
22
SIM5
SIM1
SIM2
SIM3
SIM4
1
21
22
SIM5
SIM1
SIM2
SIM3
SIM4
1
21
22
SIM5
SIM1
SIM2
SIM3
SIM4
1
21
22
SIM5
SIM1
SIM2
SIM3
SIM4
1
21
22
SIM5
SIM1
SIM2
SIM3
SIM4
1
21
22
SIM5
SIM1
SIM2
SIM3
SIM4
1
21
22
SIM5
SIM1
SIM2
SIM3
SIM4
1
21
22
SIM5
SIM1
SIM2
SIM3
SIM4
1
21
22
SIM5
SIM1
SIM2
SIM3
SIM4
1
21
22
SIM5
SIM1
SIM2
SIM3
SIM4
1
21
22
SIM5
SIM1
SIM2
SIM3
SIM4
1
21
22
SIM5
SIM1
SIM2
SIM3
SIM4
1
21
22
SIM5
SIM1
SIM2
SIM3
SIM4
1
21
22
SIM5
SIM1
SIM2
SIM3
SIM4
1
21
22
SIM5
SIM1
SIM2
SIM3
SIM4
1
21
22
SIM5
SIM1
SIM2
SIM3
SIM4
1
21
22
SIM5
SIM1
SIM2
SIM3
SIM4
1
21
22
SIM5
SIM1
SIM2
SIM3
SIM4
1
21
22
SIM5
SIM1
SIM2
SIM3
SIM4
1
21
22
SIM5
SIM1
SIM2
SIM3
SIM4
1
21
22
SIM5
SIM1
SIM2
SIM3
SIM4
1
21
22
SIM5
SIM1
SIM2
SIM3
SIM4
1
21
22
SIM5
SIM1
SIM2
SIM3
SIM4
1
21
22
SIM5
SIM1
SIM2
SIM3
SIM4
1
21
22
SIM5
SIM1
SIM2
SIM3
SIM4
1
21
22
SIM5
SIM1
SIM2
SIM3
SIM4
1
21
22
SIM5
SIM1
SIM2
SIM3
SIM4
1
21
22
SIM5
SIM1
SIM2
SIM3
SIM4
1
21
22
SIM5
SIM1
SIM2
SIM3
SIM4
1
21
22
SIM5
SIM1
SIM2
SIM3
SIM4
1
21
22
SIM5
SIM1
SIM2
SIM3
SIM4
1
21
22
SIM5
SIM1
SIM2
SIM3
SIM4
1
21
22
SIM5
SIM1
SIM2
SIM3
SIM4
1
21
22
SIM5
SIM1
SIM2
SIM3
SIM4
1
21
22
SIM5
SIM1
SIM2
SIM3
SIM4
1
21
22
SIM5
SIM1
SIM2
SIM3
SIM4
1
21
22
SIM5
SIM1
SIM2
SIM3
SIM4
1
21
22
SIM5
SIM1
SIM2
SIM3
SIM4
1
21
22
SIM5
SIM1
SIM2
SIM3
SIM4
1
21
22
SIM5
SIM1
SIM2
SIM3
SIM4
1
21
22
SIM5
SIM1
SIM2
SIM3
SIM4
1
21
22
SIM5
SIM1
SIM2
SIM3
SIM4
1
21
22
SIM5
SIM1
SIM2
SIM3
SIM4
1
21
22
SIM5
SIM1
SIM2
SIM3
SIM4
1
21
22
SIM5
SIM1
SIM2
SIM3
SIM4
1
21
22
SIM5
SIM1
SIM2
SIM3
SIM4
1
21
22
SIM5
SIM1
SIM2
SIM3
SIM4
1
21
22
SIM5
SIM1
SIM2
SIM3
SIM4
1
21
22
SIM5
SIM1
SIM2
SIM3
SIM4
1
21
22
SIM5
SIM1
SIM2
SIM3
SIM4
1
21
22
SIM5
SIM1
SIM2
SIM3
SIM4
1
21
22
SIM5
SIM1
SIM2
SIM3
SIM4
1
21
22
SIM5
SIM1
SIM2
SIM3
SIM4
1
21
22
SIM5
SIM1
SIM2
SIM3
SIM4
1
21
22
SIM5
SIM1
SIM2
SIM3
SIM4
1
21
22
SIM5
SIM1
SIM2
SIM3
SIM4
1
21
22
SIM5
SIM1
SIM2
SIM3
SIM4
1
21
22
SIM5
SIM1
SIM2
SIM3
SIM4
1
21
22
SIM5
SIM1
SIM2
SIM3
SIM4
1
21
22
SIM5
SIM1
SIM2
SIM3
SIM4
1
21
22
SIM5
SIM1
SIM2
SIM3
SIM4
1
21
22
SIM5
SIM1
SIM2
SIM3
SIM4
1
21
22
SIM5
SIM1
SIM2
SIM3
SIM4
1
21
22
SIM5
SIM1
SIM2
SIM3
SIM4
1
21
22
SIM5
SIM1
SIM2
SIM3
SIM4
1
21
22
SIM5
SIM1
SIM2
SIM3
SIM4
1
21
22
SIM5
SIM1
SIM2
SIM3
SIM4
1
21
22
SIM5
SIM1
SIM2
SIM3
SIM4
1
21
22
SIM5
SIM1
SIM2
SIM3
SIM4
1
21
22
SIM5
SIM1
SIM2
SIM3
SIM4
1
21
22
SIM5
SIM1
SIM2
SIM3
SIM4
1
21
22
SIM5
SIM1
SIM2
SIM3
SIM4
1
21
22
SIM5
SIM1
SIM2
SIM3
SIM4
1
21
22
SIM5
SIM1
SIM2
SIM3
SIM4
1
21
22
SIM5
SIM1
SIM2
SIM3
SIM4
1
21
22
SIM5
SIM1
SIM2
SIM3
SIM4
1
21
22
SIM5
SIM1
SIM2
SIM3
SIM4
1
21
22
SIM5
SIM1
SIM2
DEBUG 1 620
SIM1
SIM2
SIM3
SIM4
1
21
22
SIM5
SIM1
SIM2
SIM3
SIM4
1
21
22
SIM5
SIM1
SIM2
SIM3
SIM4
1
21
22
SIM5
SIM1
SIM2
SIM3
SIM4
1
21
22
SIM5
SIM1
SIM2
SIM3
SIM4
1
21
22
SIM5
SIM1
SIM2
SIM3
SIM4
1
21
22
SIM5
SIM1
SIM2
SIM3
SIM4
1
21
22
SIM5
SIM1
SIM2
SIM3
SIM4
1
21
22
SIM5
SIM1
SIM2
SIM3
SIM4
1
21
22
SIM5
SIM1
SIM2
SIM3
SIM4
1
21
22
SIM5
SIM1
SIM2
SIM3
SIM4
1
21
22
SIM5
SIM1
SIM2
SIM3
SIM4
1
21
22
SIM5
SIM1
SIM2
SIM3
SIM4
1
21
22
SIM5
SIM1
SIM2
SIM3
SIM4
1
21
22
SIM5
SIM1
SIM2
SIM3
SIM4
1
21
22
SIM5
SIM1
SIM2
SIM3
SIM4
1
21
22
SIM5
SIM1
SIM2
SIM3
SIM4
1
21
22
SIM5
SIM1
SIM2
SIM3
SIM4
1
21
22
SIM5
SIM1
SIM2
SIM3
SIM4
1
21
22
SIM5
SIM1
SIM2
SIM3
SIM4
1
21
22
SIM5
SIM1
SIM2
SIM3
SIM4
1
21
22
SIM5
SIM1
SIM2
SIM3
SIM4
1
21
22
SIM5
SIM1
SIM2
SIM3
SIM4
1
21
22
SIM5
SIM1
SIM2
SIM3
SIM4
1
21
22
SIM5
SIM1
SIM2
SIM3
SIM4
1
21
22
SIM5
SIM1
SIM2
SIM3
SIM4
1
21
22
SIM5
SIM1
SIM2
SIM3
SIM4
1
21
22
SIM5
SIM1
SIM2
SIM3
SIM4
1
21
22
SIM5
SIM1
SIM2
SIM3
SIM4
1
21
22
SIM5
SIM1
SIM2
SIM3
SIM4
1
21
22
SIM5
SIM1
SIM2
SIM3
SIM4
1
21
22
SIM5
SIM1
SIM2
SIM3
SIM4
1
21
22
SIM5
SIM1
SIM2
SIM3
SIM4
1
21
22
SIM5
SIM1
SIM2
SIM3
SIM4
1
21
22
SIM5
SIM1
SIM2
SIM3
SIM4
1
21
22
SIM5
SIM1
SIM2
SIM3
SIM4
1
21
22
SIM5
SIM1
SIM2
SIM3
SIM4
1
21
22
SIM5
SIM1
SIM2
SIM3
SIM4
1
21
22
SIM5
SIM1
SIM2
SIM3
SIM4
1
21
22
SIM5
SIM1
SIM2
SIM3
SIM4
1
21
22
SIM5
SIM1
SIM2
SIM3
SIM4
1
21
22
SIM5
SIM1
SIM2
SIM3
SIM4
1
21
22
SIM5
SIM1
SIM2
SIM3
SIM4
1
21
22
SIM5
SIM1
SIM2
SIM3
SIM4
1
21
22
SIM5
SIM1
SIM2
SIM3
SIM4
1
21
22
SIM5
SIM1
SIM2
SIM3
SIM4
1
21
22
SIM5
SIM1
SIM2
SIM3
SIM4
1
21
22
SIM5
SIM1
SIM2
SIM3
SIM4
1
21
22
SIM5
SIM1
SIM2
SIM3
SIM4
1
21
22
SIM5
SIM1
SIM2
SIM3
SIM4
1
21
22
SIM5
SIM1
SIM2
SIM3
SIM4
1
21
22
SIM5
SIM1
SIM2
SIM3
SIM4
1
21
22
SIM5
SIM1
SIM2
SIM3
SIM4
1
21
22
SIM5
SIM1
SIM2
SIM3
SIM4
1
21
22
SIM5
SIM1
SIM2
SIM3
SIM4
1
21
22
SIM5
SIM1
SIM2
SIM3
SIM4
1
21
22
SIM5
SIM1
SIM2
SIM3
SIM4
1
21
22
SIM5
SIM1
SIM2
SIM3
SIM4
1
21
22
SIM5
SIM1
SIM2
SIM3
SIM4
1
21
22
SIM5
SIM1
SIM2
SIM3
SIM4
1
21
22
SIM5
SIM1
SIM2
SIM3
SIM4
1
21
22
SIM5
SIM1
SIM2
SIM3
SIM4
1
21
22
SIM5
SIM1
SIM2
SIM3
SIM4
1
21
22
SIM5
SIM1
SIM2
SIM3
SIM4
1
21
22
SIM5
SIM1
SIM2
SIM3
SIM4
1
21
22
SIM5
SIM1
SIM2
SIM3
SIM4
1
21
22
SIM5
SIM1
SIM2
SIM3
SIM4
1
21
22
SIM5
SIM1
SIM2
SIM3
SIM4
1
21
22
SIM5
SIM1
SIM2
SIM3
SIM4
1
21
22
SIM5
SIM1
SIM2
SIM3
SIM4
1
21
22
SIM5
SIM1
SIM2
SIM3
SIM4
1
21
22
SIM5
SIM1
SIM2
SIM3
SIM4
1
21
22
SIM5
SIM1
SIM2
SIM3
SIM4
1
21
22
SIM5
SIM1
SIM2
SIM3
SIM4
1
21
22
SIM5
SIM1
SIM2
SIM3
SIM4
1
21
22
SIM5
SIM1
SIM2
SIM3
SIM4
1
21
22
SIM5
SIM1
SIM2
SIM3
SIM4
1
21
22
SIM5
SIM1
SIM2
SIM3
SIM4
1
21
22
SIM5
SIM1
SIM2
SIM3
SIM4
1
21
22
SIM5
SIM1
SIM2
SIM3
SIM4
1
21
22
SIM5
SIM1
SIM2
SIM3
SIM4
1
21
22
SIM5
SIM1
SIM2
SIM3
SIM4
1
21
22
SIM5
SIM1
SIM2
SIM3
SIM4
1
21
22
SIM5
SIM1
SIM2
SIM3
SIM4
1
21
22
SIM5
SIM1
SIM2
SIM3
SIM4
1
21
22
SIM5
SIM1
SIM2
SIM3
SIM4
1
21
22
SIM5
SIM1
SIM2
SIM3
SIM4
1
21
22
SIM5
SIM1
SIM2
SIM3
SIM4
1
21
22
SIM5
SIM1
SIM2
SIM3
SIM4
1
21
22
SIM5
SIM1
SIM2
SIM3
SIM4
1
21
22
SIM5
SIM1
SIM2
SIM3
SIM4
1
21
22
SIM5
SIM1
SIM2
SIM3
SIM4
1
21
22
SIM5
SIM1
SIM2
SIM3
SIM4
1
21
22
SIM5
SIM1
SIM2
SIM3
SIM4
1
21
22
SIM5
SIM1
SIM2
SIM3
SIM4
1
21
22
SIM5
SIM1
SIM2
SIM3
SIM4
1
21
22
SIM5
SIM1
SIM2
SIM3
SIM4
1
21
22
SIM5
SIM1
SIM2
SIM3
SIM4
1
21
22
SIM5
SIM1
SIM2
SIM3
SIM4
1
21
22
SIM5
SIM1
SIM2
SIM3
SIM4
1
21
22
SIM5
SIM1
SIM2
SIM3
SIM4
1
21
22
SIM5
SIM1
SIM2
SIM3
SIM4
1
21
22
SIM5
SIM1
SIM2
SIM3
SIM4
1
21
22
SIM5
SIM1
SIM2
SIM3
SIM4
1
21
22
SIM5
SIM1
SIM2
SIM3
SIM4
1
21
22
SIM5
SIM1
SIM2
SIM3
SIM4
1
21
22
SIM5
SIM1
SIM2
SIM3
SIM4
1
21
22
SIM5
SIM1
SIM2
SIM3
SIM4
1
21
22
SIM5
SIM1
SIM2
SIM3
SIM4
1
21
22
SIM5
SIM1
SIM2
SIM3
SIM4
1
21
22
SIM5
SIM1
SIM2
SIM3
SIM4
1
21
22
SIM5
SIM1
SIM2
SIM3
SIM4
1
21
22
SIM5
SIM1
SIM2
SIM3
SIM4
1
21
22
SIM5
SIM1
SIM2
SIM3
SIM4
1
21
22
SIM5
SIM1
SIM2
SIM3
SIM4
1
21
22
SIM5
SIM1
SIM2
SIM3
SIM4
1
21
22
SIM5
SIM1
SIM2
SIM3
SIM4
1
21
22
SIM5
SIM1
SIM2
SIM3
SIM4
1
21
22
SIM5
SIM1
SIM2
SIM3
SIM4
1
21
22
SIM5
SIM1
SIM2
SIM3
SIM4
1
21
22
SIM5
SIM1
SIM2
SIM3
SIM4
1
21
22
SIM5
SIM1
SIM2
SIM3
SIM4
1
21
22
SIM5
SIM1
SIM2
SIM3
SIM4
1
21
22
SIM5
SIM1
SIM2
SIM3
SIM4
1
21
22
SIM5
SIM1
SIM2
SIM3
SIM4
1
21
22
SIM5
SIM1
SIM2
SIM3
SIM4
1
21
22
SIM5
SIM1
SIM2
SIM3
SIM4
1
21
22
SIM5
SIM1
SIM2
SIM3
SIM4
1
21
22
SIM5
SIM1
SIM2
SIM3
SIM4
1
21
22
SIM5
SIM1
SIM2
SIM3
SIM4
1
21
22
SIM5
SIM1
SIM2
SIM3
SIM4
1
21
22
SIM5
SIM1
SIM2
SIM3
SIM4
1
21
22
SIM5
SIM1
SIM2
SIM3
SIM4
1
21
22
SIM5
SIM1
SIM2
SIM3
SIM4
1
21
22
SIM5
SIM1
SIM2
SIM3
SIM4
1
21
22
SIM5
SIM1
SIM2
SIM3
SIM4
1
21
22
SIM5
SIM1
SIM2
DEBUG 1 621
SIM1
SIM2
SIM3
SIM4
1
21
22
SIM5
SIM1
SIM2
SIM3
SIM4
1
21
22
SIM5
SIM1
SIM2
SIM3
SIM4
1
21
22
SIM5
SIM1
SIM2
SIM3
SIM4
1
21
22
SIM5
SIM1
SIM2
SIM3
SIM4
1
21
22
SIM5
SIM1
SIM2
SIM3
SIM4
1
21
22
SIM5
SIM1
SIM2
SIM3
SIM4
1
21
22
SIM5
SIM1
SIM2
SIM3
SIM4
1
21
22
SIM5
SIM1
SIM2
SIM3
SIM4
1
21
22
SIM5
SIM1
SIM2
SIM3
SIM4
1
21
22
SIM5
SIM1
SIM2
SIM3
SIM4
1
21
22
SIM5
SIM1
SIM2
SIM3
SIM4
1
21
22
SIM5
SIM1
SIM2
SIM3
SIM4
1
21
22
SIM5
SIM1
SIM2
SIM3
SIM4
1
21
22
SIM5
SIM1
SIM2
SIM3
SIM4
1
21
22
SIM5
SIM1
SIM2
SIM3
SIM4
1
21
22
SIM5
SIM1
SIM2
SIM3
SIM4
1
21
22
SIM5
SIM1
SIM2
SIM3
SIM4
1
21
22
SIM5
SIM1
SIM2
SIM3
SIM4
1
21
22
SIM5
SIM1
SIM2
SIM3
SIM4
1
21
22
SIM5
SIM1
SIM2
SIM3
SIM4
1
21
22
SIM5
SIM1
SIM2
SIM3
SIM4
1
21
22
SIM5
SIM1
SIM2
SIM3
SIM4
1
21
22
SIM5
SIM1
SIM2
SIM3
SIM4
1
21
22
SIM5
SIM1
SIM2
SIM3
SIM4
1
21
22
SIM5
SIM1
SIM2
SIM3
SIM4
1
21
22
SIM5
SIM1
SIM2
SIM3
SIM4
1
21
22
SIM5
SIM1
SIM2
SIM3
SIM4
1
21
22
SIM5
SIM1
SIM2
SIM3
SIM4
1
21
22
SIM5
SIM1
SIM2
SIM3
SIM4
1
21
22
SIM5
SIM1
SIM2
SIM3
SIM4
1
21
22
SIM5
SIM1
SIM2
SIM3
SIM4
1
21
22
SIM5
SIM1
SIM2
SIM3
SIM4
1
21
22
SIM5
SIM1
SIM2
SIM3
SIM4
1
21
22
SIM5
SIM1
SIM2
SIM3
SIM4
1
21
22
SIM5
SIM1
SIM2
SIM3
SIM4
1
21
22
SIM5
SIM1
SIM2
SIM3
SIM4
1
21
22
SIM5
SIM1
SIM2
SIM3
SIM4
1
21
22
SIM5
SIM1
SIM2
SIM3
SIM4
1
21
22
SIM5
SIM1
SIM2
SIM3
SIM4
1
21
22
SIM5
SIM1
SIM2
SIM3
SIM4
1
21
22
SIM5
SIM1
SIM2
SIM3
SIM4
1
21
22
SIM5
SIM1
SIM2
SIM3
SIM4
1
21
22
SIM5
SIM1
SIM2
SIM3
SIM4
1
21
22
SIM5
SIM1
SIM2
SIM3
SIM4
1
21
22
SIM5
SIM1
SIM2
SIM3
SIM4
1
21
22
SIM5
SIM1
SIM2
SIM3
SIM4
1
21
22
SIM5
SIM1
SIM2
SIM3
SIM4
1
21
22
SIM5
SIM1
SIM2
SIM3
SIM4
1
21
22
SIM5
SIM1
SIM2
SIM3
SIM4
1
21
22
SIM5
SIM1
SIM2
SIM3
SIM4
1
21
22
SIM5
SIM1
SIM2
SIM3
SIM4
1
21
22
SIM5
SIM1
SIM2
SIM3
SIM4
1
21
22
SIM5
SIM1
SIM2
SIM3
SIM4
1
21
22
SIM5
SIM1
SIM2
SIM3
SIM4
1
21
22
SIM5
SIM1
SIM2
SIM3
SIM4
1
21
22
SIM5
SIM1
SIM2
SIM3
SIM4
1
21
22
SIM5
SIM1
SIM2
SIM3
SIM4
1
21
22
SIM5
SIM1
SIM2
SIM3
SIM4
1
21
22
SIM5
SIM1
SIM2
SIM3
SIM4
1
21
22
SIM5
SIM1
SIM2
SIM3
SIM4
1
21
22
SIM5
SIM1
SIM2
SIM3
SIM4
1
21
22
SIM5
SIM1
SIM2
SIM3
SIM4
1
21
22
SIM5
SIM1
SIM2
SIM3
SIM4
1
21
22
SIM5
SIM1
SIM2
SIM3
SIM4
1
21
22
SIM5
SIM1
SIM2
SIM3
SIM4
1
21
22
SIM5
SIM1
SIM2
SIM3
SIM4
1
21
22
SIM5
SIM1
SIM2
SIM3
SIM4
1
21
22
SIM5
SIM1
SIM2
SIM3
SIM4
1
21
22
SIM5
SIM1
SIM2
SIM3
SIM4
1
21
22
SIM5
SIM1
SIM2
SIM3
SIM4
1
21
22
SIM5
SIM1
SIM2
SIM3
SIM4
1
21
22
SIM5
SIM1
SIM2
SIM3
SIM4
1
21
22
SIM5
SIM1
SIM2
SIM3
SIM4
1
21
22
SIM5
SIM1
SIM2
SIM3
SIM4
1
21
22
SIM5
SIM1
SIM2
SIM3
SIM4
1
21
22
SIM5
SIM1
SIM2
SIM3
SIM4
1
21
22
SIM5
SIM1
SIM2
SIM3
SIM4
1
21
22
SIM5
SIM1
SIM2
SIM3
SIM4
1
21
22
SIM5
SIM1
SIM2
SIM3
SIM4
1
21
22
SIM5
SIM1
SIM2
SIM3
SIM4
1
21
22
SIM5
SIM1
SIM2
SIM3
SIM4
1
21
22
SIM5
SIM1
SIM2
SIM3
SIM4
1
21
22
SIM5
SIM1
SIM2
SIM3
SIM4
1
21
22
SIM5
SIM1
SIM2
SIM3
SIM4
1
21
22
SIM5
SIM1
SIM2
SIM3
SIM4
1
21
22
SIM5
SIM1
SIM2
SIM3
SIM4
1
21
22
SIM5
SIM1
SIM2
SIM3
SIM4
1
21
22
SIM5
SIM1
SIM2
SIM3
SIM4
1
21
22
SIM5
SIM1
SIM2
SIM3
SIM4
1
21
22
SIM5
SIM1
SIM2
SIM3
SIM4
1
21
22
SIM5
SIM1
SIM2
SIM3
SIM4
1
21
22
SIM5
SIM1
SIM2
SIM3
SIM4
1
21
22
SIM5
SIM1
SIM2
SIM3
SIM4
1
21
22
SIM5
SIM1
SIM2
SIM3
SIM4
1
21
22
SIM5
SIM1
SIM2
SIM3
SIM4
1
21
22
SIM5
SIM1
SIM2
SIM3
SIM4
1
21
22
SIM5
SIM1
SIM2
SIM3
SIM4
1
21
22
SIM5
SIM1
SIM2
SIM3
SIM4
1
21
22
SIM5
SIM1
SIM2
SIM3
SIM4
1
21
22
SIM5
SIM1
SIM2
SIM3
SIM4
1
21
22
SIM5
SIM1
SIM2
SIM3
SIM4
1
21
22
SIM5
SIM1
SIM2
SIM3
SIM4
1
21
22
SIM5
SIM1
SIM2
SIM3
SIM4
1
21
22
SIM5
SIM1
SIM2
SIM3
SIM4
1
21
22
SIM5
SIM1
SIM2
SIM3
SIM4
1
21
22
SIM5
SIM1
SIM2
SIM3
SIM4
1
21
22
SIM5
SIM1
SIM2
SIM3
SIM4
1
21
22
SIM5
SIM1
SIM2
SIM3
SIM4
1
21
22
SIM5
SIM1
SIM2
SIM3
SIM4
1
21
22
SIM5
SIM1
SIM2
SIM3
SIM4
1
21
22
SIM5
SIM1
SIM2
SIM3
SIM4
1
21
22
SIM5
SIM1
SIM2
SIM3
SIM4
1
21
22
SIM5
SIM1
SIM2
SIM3
SIM4
1
21
22
SIM5
SIM1
SIM2
SIM3
SIM4
1
21
22
SIM5
SIM1
SIM2
SIM3
SIM4
1
21
22
SIM5
SIM1
SIM2
SIM3
SIM4
1
21
22
SIM5
SIM1
SIM2
SIM3
SIM4
1
21
22
SIM5
SIM1
SIM2
SIM3
SIM4
1
21
22
SIM5
SIM1
SIM2
SIM3
SIM4
1
21
22
SIM5
SIM1
SIM2
SIM3
SIM4
1
21
22
SIM5
SIM1
SIM2
SIM3
SIM4
1
21
22
SIM5
SIM1
SIM2
SIM3
SIM4
1
21
22
SIM5
SIM1
SIM2
SIM3
SIM4
1
21
22
SIM5
SIM1
SIM2
SIM3
SIM4
1
21
22
SIM5
SIM1
SIM2
SIM3
SIM4
1
21
22
SIM5
SIM1
SIM2
SIM3
SIM4
1
21
22
SIM5
SIM1
SIM2
SIM3
SIM4
1
21
22
SIM5
SIM1
SIM2
SIM3
SIM4
1
21
22
SIM5
SIM1
SIM2
SIM3
SIM4
1
21
22
SIM5
SIM1
SIM2
SIM3
SIM4
1
21
22
SIM5
SIM1
SIM2
SIM3
SIM4
1
21
22
SIM5
SIM1
SIM2
SIM3
SIM4
1
21
22
SIM5
SIM1
SIM2
SIM3
SIM4
1
21
22
SIM5
SIM1
SIM2
SIM3
SIM4
1
21
22
SIM5
SIM1
SIM2
SIM3
SIM4
1
21
22
SIM5
SIM1
SIM2
SIM3
SIM4
1
21
22
SIM5
SIM1
SIM2
SIM3
SIM4
1
21
22
SIM5
SIM1
SIM2
SIM3
SIM4
1
21
22
SIM5
SIM1
SIM2
SIM3
SIM4
1
21
22
SIM5
SIM1
SIM2
SIM3
SIM4
1
21
22
SIM5
SIM1
SIM2
SIM3
SIM4
1
21
22
SIM5
SIM1
SIM2
SIM3
SIM4
1
21
22
SIM5
SIM1
SIM2
SIM3
SIM4
1
21
22
SIM5
SIM1
SIM2
SIM3
SIM4
1
21
22
SIM5
SIM1
SIM2
SIM3
SIM4
1
21
22
SIM5
SIM1
SIM2
SIM3
SIM4
1
21
22
SIM5
SIM1
SIM2
SIM3
SIM4
1
21
22
SIM5
SIM1
SIM2
SIM3
SIM4
1
21
22
SIM5
SIM1
SIM2
SIM3
SIM4
1
21
22
SIM5
SIM1
SIM2
SIM3
SIM4
1
21
22
SIM5
SIM1
SIM2
SIM3
SIM4
1
21
22
SIM5
SIM1
SIM2
SIM3
SIM4
1
21
22
SIM5
SIM1
SIM2
SIM3
SIM4
1
21
22
SIM5
SIM1
SIM2
SIM3
SIM4
1
21
22
SIM5
SIM1
SIM2
SIM3
SIM4
1
21
22
SIM5
SIM1
SIM2
SIM3
SIM4
1
21
22
SIM5
SIM1
SIM2
SIM3
SIM4
1
21
22
SIM5
SIM1
SIM2
SIM3
SIM4
1
21
22
SIM5
SIM1
SIM2
SIM3
SIM4
1
21
22
SIM5
SIM1
SIM2
SIM3
SIM4
1
21
22
SIM5
SIM1
SIM2
SIM3
SIM4
1
21
22
SIM5
SIM1
SIM2
SIM3
SIM4
1
21
22
SIM5
SIM1
SIM2
SIM3
SIM4
1
21
22
SIM5
SIM1
SIM2
SIM3
SIM4
1
21
22
SIM5
SIM1
SIM2
SIM3
SIM4
1
21
22
SIM5
SIM1
SIM2
SIM3
SIM4
1
21
22
SIM5
SIM1
SIM2
SIM3
SIM4
1
21
22
SIM5
SIM1
SIM2
SIM3
SIM4
1
21
22
SIM5
SIM1
SIM2
SIM3
SIM4
1
21
22
SIM5
SIM1
SIM2
SIM3
SIM4
1
21
22
SIM5
SIM1
SIM2
SIM3
SIM4
1
21
22
SIM5
SIM1
SIM2
SIM3
SIM4
1
21
22
SIM5
SIM1
SIM2
SIM3
SIM4
1
21
22
SIM5
SIM1
SIM2
SIM3
SIM4
1
21
22
SIM5
SIM1
SIM2
SIM3
SIM4
1
21
22
SIM5
SIM1
SIM2
SIM3
SIM4
1
21
22
SIM5
SIM1
SIM2
SIM3
SIM4
1
21
22
SIM5
SIM1
SIM2
SIM3
SIM4
1
21
22
SIM5
SIM1
SIM2
SIM3
SIM4
1
21
22
SIM5
SIM1
SIM2
SIM3
SIM4
1
21
22
SIM5
SIM1
SIM2
SIM3
SIM4
1
21
22
SIM5
SIM1
SIM2
SIM3
SIM4
1
21
22
SIM5
SIM1
SIM2
SIM3
SIM4
1
21
22
SIM5
SIM1
SIM2
SIM3
SIM4
1
21
22
SIM5
SIM1
SIM2
SIM3
SIM4
1
21
22
SIM5
SIM1
SIM2
SIM3
SIM4
1
21
22
SIM5
SIM1
SIM2
SIM3
SIM4
1
21
22
SIM5
SIM1
SIM2
SIM3
SIM4
1
21
22
SIM5
SIM1
SIM2
SIM3
SIM4
1
21
22
SIM5
SIM1
SIM2
SIM3
SIM4
1
21
22
SIM5
SIM1
SIM2
SIM3
SIM4
1
21
22
SIM5
SIM1
SIM2
SIM3
SIM4
1
21
22
SIM5
SIM1
SIM2
SIM3
SIM4
1
21
22
SIM5
SIM1
SIM2
SIM3
SIM4
1
21
22
SIM5
SIM1
SIM2
SIM3
SIM4
1
21
22
SIM5
SIM1
SIM2
SIM3
SIM4
1
21
22
SIM5
SIM1
SIM2
SIM3
SIM4
1
21
22
SIM5
SIM1
SIM2
SIM3
SIM4
1
21
22
SIM5
SIM1
SIM2
SIM3
SIM4
1
21
22
SIM5
SIM1
SIM2
SIM3
SIM4
1
21
22
SIM5
SIM1
SIM2
SIM3
SIM4
1
21
22
SIM5
SIM1
SIM2
SIM3
SIM4
1
21
22
SIM5
SIM1
SIM2
SIM3
SIM4
1
21
22
SIM5
SIM1
SIM2
SIM3
SIM4
1
21
22
SIM5
SIM1
SIM2
SIM3
SIM4
1
21
22
SIM5
SIM1
SIM2
SIM3
SIM4
1
21
22
SIM5
SIM1
SIM2
SIM3
SIM4
1
21
22
SIM5
SIM1
SIM2
SIM3
SIM4
1
21
22
SIM5
SIM1
SIM2
SIM3
SIM4
1
21
22
SIM5
SIM1
SIM2
SIM3
SIM4
1
21
22
SIM5
SIM1
SIM2
SIM3
SIM4
1
21
22
SIM5
SIM1
SIM2
SIM3
SIM4
1
21
22
SIM5
SIM1
SIM2
SIM3
SIM4
1
21
22
SIM5
SIM1
SIM2
SIM3
SIM4
1
21
22
SIM5
SIM1
SIM2
SIM3
SIM4
1
21
22
SIM5
SIM1
SIM2
SIM3
SIM4
1
21
22
SIM5
SIM1
SIM2
SIM3
SIM4
1
21
22
SIM5
SIM1
SIM2
SIM3
SIM4
1
21
22
SIM5
SIM1
SIM2
SIM3
SIM4
1
21
22
SIM5
SIM1
SIM2
SIM3
SIM4
1
21
22
SIM5
SIM1
SIM2
SIM3
SIM4
1
21
22
SIM5
SIM1
SIM2
SIM3
SIM4
1
21
22
SIM5
SIM1
SIM2
SIM3
SIM4
1
21
22
SIM5
SIM1
SIM2
SIM3
SIM4
1
21
22
SIM5
SIM1
SIM2
SIM3
SIM4
1
21
22
SIM5
SIM1
SIM2
SIM3
SIM4
1
21
22
SIM5
SIM1
SIM2
SIM3
SIM4
1
21
22
SIM5
SIM1
SIM2
SIM3
SIM4
1
21
22
SIM5
SIM1
SIM2
SIM3
SIM4
1
21
22
SIM5
SIM1
SIM2
SIM3
SIM4
1
21
22
SIM5
SIM1
SIM2
SIM3
SIM4
1
21
22
SIM5
SIM1
SIM2
SIM3
SIM4
1
21
22
SIM5
SIM1
SIM2
SIM3
SIM4
1
21
22
SIM5
SIM1
SIM2
SIM3
SIM4
1
21
22
SIM5
SIM1
SIM2
SIM3
SIM4
1
21
22
SIM5
SIM1
SIM2
SIM3
SIM4
1
21
22
SIM5
SIM1
SIM2
SIM3
SIM4
1
21
22
SIM5
SIM1
SIM2
SIM3
SIM4
1
21
22
SIM5
SIM1
SIM2
SIM3
SIM4
1
21
22
SIM5
SIM1
SIM2
SIM3
SIM4
1
21
22
SIM5
SIM1
SIM2
SIM3
SIM4
1
21
22
SIM5
SIM1
SIM2
SIM3
SIM4
1
21
22
SIM5
SIM1
SIM2
SIM3
SIM4
1
21
22
SIM5
SIM1
SIM2
SIM3
SIM4
1
21
22
SIM5
SIM1
SIM2
SIM3
SIM4
1
21
22
SIM5
SIM1
SIM2
SIM3
SIM4
1
21
22
SIM5
SIM1
SIM2
SIM3
SIM4
1
21
22
SIM5
SIM1
SIM2
SIM3
SIM4
1
21
22
SIM5
SIM1
SIM2
SIM3
SIM4
1
21
22
SIM5
SIM1
SIM2
SIM3
SIM4
1
21
22
SIM5
SIM1
SIM2
SIM3
SIM4
1
21
22
SIM5
SIM1
SIM2
SIM3
SIM4
1
21
22
SIM5
SIM1
SIM2
SIM3
SIM4
1
21
22
SIM5
SIM1
SIM2
SIM3
SIM4
1
21
22
SIM5
SIM1
SIM2
DEBUG 1 622
SIM1
SIM2
SIM3
SIM4
1
21
22
SIM5
SIM1
SIM2
SIM3
SIM4
1
21
22
SIM5
SIM1
SIM2
SIM3
SIM4
1
21
22
SIM5
SIM1
SIM2
SIM3
SIM4
1
21
22
SIM5
SIM1
SIM2
SIM3
SIM4
1
21
22
SIM5
SIM1
SIM2
SIM3
SIM4
1
21
22
SIM5
SIM1
SIM2
SIM3
SIM4
1
21
22
SIM5
SIM1
SIM2
SIM3
SIM4
1
21
22
SIM5
SIM1
SIM2
SIM3
SIM4
1
21
22
SIM5
SIM1
SIM2
SIM3
SIM4
1
21
22
SIM5
SIM1
SIM2
SIM3
SIM4
1
21
22
SIM5
SIM1
SIM2
SIM3
SIM4
1
21
22
SIM5
SIM1
SIM2
SIM3
SIM4
1
21
22
SIM5
SIM1
SIM2
SIM3
SIM4
1
21
22
SIM5
SIM1
SIM2
SIM3
SIM4
1
21
22
SIM5
SIM1
SIM2
SIM3
SIM4
1
21
22
SIM5
SIM1
SIM2
SIM3
SIM4
1
21
22
SIM5
SIM1
SIM2
SIM3
SIM4
1
21
22
SIM5
SIM1
SIM2
SIM3
SIM4
1
21
22
SIM5
SIM1
SIM2
SIM3
SIM4
1
21
22
SIM5
SIM1
SIM2
SIM3
SIM4
1
21
22
SIM5
SIM1
SIM2
SIM3
SIM4
1
21
22
SIM5
SIM1
SIM2
SIM3
SIM4
1
21
22
SIM5
SIM1
SIM2
SIM3
SIM4
1
21
22
SIM5
SIM1
SIM2
SIM3
SIM4
1
21
22
SIM5
SIM1
SIM2
SIM3
SIM4
1
21
22
SIM5
SIM1
SIM2
SIM3
SIM4
1
21
22
SIM5
SIM1
SIM2
SIM3
SIM4
1
21
22
SIM5
SIM1
SIM2
SIM3
SIM4
1
21
22
SIM5
SIM1
SIM2
SIM3
SIM4
1
21
22
SIM5
SIM1
SIM2
SIM3
SIM4
1
21
22
SIM5
SIM1
SIM2
SIM3
SIM4
1
21
22
SIM5
SIM1
SIM2
SIM3
SIM4
1
21
22
SIM5
SIM1
SIM2
SIM3
SIM4
1
21
22
SIM5
SIM1
SIM2
SIM3
SIM4
1
21
22
SIM5
SIM1
SIM2
SIM3
SIM4
1
21
22
SIM5
SIM1
SIM2
SIM3
SIM4
1
21
22
SIM5
SIM1
SIM2
SIM3
SIM4
1
21
22
SIM5
SIM1
SIM2
SIM3
SIM4
1
21
22
SIM5
SIM1
SIM2
SIM3
SIM4
1
21
22
SIM5
SIM1
SIM2
SIM3
SIM4
1
21
22
SIM5
SIM1
SIM2
SIM3
SIM4
1
21
22
SIM5
SIM1
SIM2
SIM3
SIM4
1
21
22
SIM5
SIM1
SIM2
SIM3
SIM4
1
21
22
SIM5
SIM1
SIM2
SIM3
SIM4
1
21
22
SIM5
SIM1
SIM2
SIM3
SIM4
1
21
22
SIM5
SIM1
SIM2
SIM3
SIM4
1
21
22
SIM5
SIM1
SIM2
SIM3
SIM4
1
21
22
SIM5
SIM1
SIM2
SIM3
SIM4
1
21
22
SIM5
SIM1
SIM2
SIM3
SIM4
1
21
22
SIM5
SIM1
SIM2
SIM3
SIM4
1
21
22
SIM5
SIM1
SIM2
SIM3
SIM4
1
21
22
SIM5
SIM1
SIM2
SIM3
SIM4
1
21
22
SIM5
SIM1
SIM2
SIM3
SIM4
1
21
22
SIM5
SIM1
SIM2
SIM3
SIM4
1
21
22
SIM5
SIM1
SIM2
SIM3
SIM4
1
21
22
SIM5
SIM1
SIM2
SIM3
SIM4
1
21
22
SIM5
SIM1
SIM2
SIM3
SIM4
1
21
22
SIM5
SIM1
SIM2
SIM3
SIM4
1
21
22
SIM5
SIM1
SIM2
SIM3
SIM4
1
21
22
SIM5
SIM1
SIM2
SIM3
SIM4
1
21
22
SIM5
SIM1
SIM2
SIM3
SIM4
1
21
22
SIM5
SIM1
SIM2
SIM3
SIM4
1
21
22
SIM5
SIM1
SIM2
SIM3
SIM4
1
21
22
SIM5
SIM1
SIM2
SIM3
SIM4
1
21
22
SIM5
SIM1
SIM2
SIM3
SIM4
1
21
22
SIM5
SIM1
SIM2
SIM3
SIM4
1
21
22
SIM5
SIM1
SIM2
SIM3
SIM4
1
21
22
SIM5
SIM1
SIM2
SIM3
SIM4
1
21
22
SIM5
SIM1
SIM2
SIM3
SIM4
1
21
22
SIM5
SIM1
SIM2
SIM3
SIM4
1
21
22
SIM5
SIM1
SIM2
SIM3
SIM4
1
21
22
SIM5
SIM1
SIM2
SIM3
SIM4
1
21
22
SIM5
SIM1
SIM2
SIM3
SIM4
1
21
22
SIM5
SIM1
SIM2
SIM3
SIM4
1
21
22
SIM5
SIM1
SIM2
SIM3
SIM4
1
21
22
SIM5
SIM1
SIM2
SIM3
SIM4
1
21
22
SIM5
SIM1
SIM2
SIM3
SIM4
1
21
22
SIM5
SIM1
SIM2
SIM3
SIM4
1
21
22
SIM5
SIM1
SIM2
SIM3
SIM4
1
21
22
SIM5
SIM1
SIM2
SIM3
SIM4
1
21
22
SIM5
SIM1
SIM2
SIM3
SIM4
1
21
22
SIM5
SIM1
SIM2
SIM3
SIM4
1
21
22
SIM5
SIM1
SIM2
SIM3
SIM4
1
21
22
SIM5
SIM1
SIM2
SIM3
SIM4
1
21
22
SIM5
SIM1
SIM2
SIM3
SIM4
1
21
22
SIM5
SIM1
SIM2
SIM3
SIM4
1
21
22
SIM5
SIM1
SIM2
SIM3
SIM4
1
21
22
SIM5
SIM1
SIM2
SIM3
SIM4
1
21
22
SIM5
SIM1
SIM2
SIM3
SIM4
1
21
22
SIM5
SIM1
SIM2
SIM3
SIM4
1
21
22
SIM5
SIM1
SIM2
SIM3
SIM4
1
21
22
SIM5
SIM1
SIM2
SIM3
SIM4
1
21
22
SIM5
SIM1
SIM2
SIM3
SIM4
1
21
22
SIM5
SIM1
SIM2
SIM3
SIM4
1
21
22
SIM5
SIM1
SIM2
SIM3
SIM4
1
21
22
SIM5
SIM1
SIM2
SIM3
SIM4
1
21
22
SIM5
SIM1
SIM2
SIM3
SIM4
1
21
22
SIM5
SIM1
SIM2
SIM3
SIM4
1
21
22
SIM5
SIM1
SIM2
SIM3
SIM4
1
21
22
SIM5
SIM1
SIM2
SIM3
SIM4
1
21
22
SIM5
SIM1
SIM2
SIM3
SIM4
1
21
22
SIM5
SIM1
SIM2
SIM3
SIM4
1
21
22
SIM5
SIM1
SIM2
SIM3
SIM4
1
21
22
SIM5
SIM1
SIM2
SIM3
SIM4
1
21
22
SIM5
SIM1
SIM2
SIM3
SIM4
1
21
22
SIM5
SIM1
SIM2
SIM3
SIM4
1
21
22
SIM5
SIM1
SIM2
SIM3
SIM4
1
21
22
SIM5
SIM1
SIM2
SIM3
SIM4
1
21
22
SIM5
SIM1
SIM2
SIM3
SIM4
1
21
22
SIM5
SIM1
SIM2
SIM3
SIM4
1
21
22
SIM5
SIM1
SIM2
SIM3
SIM4
1
21
22
SIM5
SIM1
SIM2
SIM3
SIM4
1
21
22
SIM5
SIM1
SIM2
SIM3
SIM4
1
21
22
SIM5
SIM1
SIM2
SIM3
SIM4
1
21
22
SIM5
SIM1
SIM2
SIM3
SIM4
1
21
22
SIM5
SIM1
SIM2
SIM3
SIM4
1
21
22
SIM5
SIM1
SIM2
SIM3
SIM4
1
21
22
SIM5
SIM1
SIM2
SIM3
SIM4
1
21
22
SIM5
SIM1
SIM2
SIM3
SIM4
1
21
22
SIM5
SIM1
SIM2
SIM3
SIM4
1
21
22
SIM5
SIM1
SIM2
SIM3
SIM4
1
21
22
SIM5
SIM1
SIM2
SIM3
SIM4
1
21
22
SIM5
SIM1
SIM2
SIM3
SIM4
1
21
22
SIM5
SIM1
SIM2
SIM3
SIM4
1
21
22
SIM5
SIM1
SIM2
SIM3
SIM4
1
21
22
SIM5
SIM1
SIM2
SIM3
SIM4
1
21
22
SIM5
SIM1
SIM2
SIM3
SIM4
1
21
22
SIM5
SIM1
SIM2
SIM3
SIM4
1
21
22
SIM5
SIM1
SIM2
SIM3
SIM4
1
21
22
SIM5
SIM1
SIM2
SIM3
SIM4
1
21
22
SIM5
SIM1
SIM2
SIM3
SIM4
1
21
22
SIM5
SIM1
SIM2
SIM3
SIM4
1
21
22
SIM5
SIM1
SIM2
SIM3
SIM4
1
21
22
SIM5
SIM1
SIM2
SIM3
SIM4
1
21
22
SIM5
SIM1
SIM2
SIM3
SIM4
1
21
22
SIM5
SIM1
SIM2
SIM3
SIM4
1
21
22
SIM5
SIM1
SIM2
SIM3
SIM4
1
21
22
SIM5
SIM1
SIM2
SIM3
SIM4
1
21
22
SIM5
SIM1
SIM2
DEBUG 1 623
SIM1
SIM2
SIM3
SIM4
1
21
22
SIM5
SIM1
SIM2
SIM3
SIM4
1
21
22
SIM5
SIM1
SIM2
SIM3
SIM4
1
21
22
SIM5
SIM1
SIM2
SIM3
SIM4
1
21
22
SIM5
SIM1
SIM2
SIM3
SIM4
1
21
22
SIM5
SIM1
SIM2
SIM3
SIM4
1
21
22
SIM5
SIM1
SIM2
SIM3
SIM4
1
21
22
SIM5
SIM1
SIM2
SIM3
SIM4
1
21
22
SIM5
SIM1
SIM2
SIM3
SIM4
1
21
22
SIM5
SIM1
SIM2
SIM3
SIM4
1
21
22
SIM5
SIM1
SIM2
SIM3
SIM4
1
21
22
SIM5
SIM1
SIM2
SIM3
SIM4
1
21
22
SIM5
SIM1
SIM2
SIM3
SIM4
1
21
22
SIM5
SIM1
SIM2
SIM3
SIM4
1
21
22
SIM5
SIM1
SIM2
SIM3
SIM4
1
21
22
SIM5
SIM1
SIM2
SIM3
SIM4
1
21
22
SIM5
SIM1
SIM2
SIM3
SIM4
1
21
22
SIM5
SIM1
SIM2
SIM3
SIM4
1
21
22
SIM5
SIM1
SIM2
SIM3
SIM4
1
21
22
SIM5
SIM1
SIM2
SIM3
SIM4
1
21
22
SIM5
SIM1
SIM2
SIM3
SIM4
1
21
22
SIM5
SIM1
SIM2
SIM3
SIM4
1
21
22
SIM5
SIM1
SIM2
SIM3
SIM4
1
21
22
SIM5
SIM1
SIM2
SIM3
SIM4
1
21
22
SIM5
SIM1
SIM2
SIM3
SIM4
1
21
22
SIM5
SIM1
SIM2
SIM3
SIM4
1
21
22
SIM5
SIM1
SIM2
SIM3
SIM4
1
21
22
SIM5
SIM1
SIM2
SIM3
SIM4
1
21
22
SIM5
SIM1
SIM2
SIM3
SIM4
1
21
22
SIM5
SIM1
SIM2
SIM3
SIM4
1
21
22
SIM5
SIM1
SIM2
SIM3
SIM4
1
21
22
SIM5
SIM1
SIM2
SIM3
SIM4
1
21
22
SIM5
SIM1
SIM2
SIM3
SIM4
1
21
22
SIM5
SIM1
SIM2
SIM3
SIM4
1
21
22
SIM5
SIM1
SIM2
SIM3
SIM4
1
21
22
SIM5
SIM1
SIM2
SIM3
SIM4
1
21
22
SIM5
SIM1
SIM2
SIM3
SIM4
1
21
22
SIM5
SIM1
SIM2
SIM3
SIM4
1
21
22
SIM5
SIM1
SIM2
SIM3
SIM4
1
21
22
SIM5
SIM1
SIM2
SIM3
SIM4
1
21
22
SIM5
SIM1
SIM2
SIM3
SIM4
1
21
22
SIM5
SIM1
SIM2
SIM3
SIM4
1
21
22
SIM5
SIM1
SIM2
SIM3
SIM4
1
21
22
SIM5
SIM1
SIM2
SIM3
SIM4
1
21
22
SIM5
SIM1
SIM2
SIM3
SIM4
1
21
22
SIM5
SIM1
SIM2
SIM3
SIM4
1
21
22
SIM5
SIM1
SIM2
SIM3
SIM4
1
21
22
SIM5
SIM1
SIM2
SIM3
SIM4
1
21
22
SIM5
SIM1
SIM2
SIM3
SIM4
1
21
22
SIM5
SIM1
SIM2
SIM3
SIM4
1
21
22
SIM5
SIM1
SIM2
SIM3
SIM4
1
21
22
SIM5
SIM1
SIM2
SIM3
SIM4
1
21
22
SIM5
SIM1
SIM2
SIM3
SIM4
1
21
22
SIM5
SIM1
SIM2
SIM3
SIM4
1
21
22
SIM5
SIM1
SIM2
SIM3
SIM4
1
21
22
SIM5
SIM1
SIM2
SIM3
SIM4
1
21
22
SIM5
SIM1
SIM2
SIM3
SIM4
1
21
22
SIM5
SIM1
SIM2
SIM3
SIM4
1
21
22
SIM5
SIM1
SIM2
SIM3
SIM4
1
21
22
SIM5
SIM1
SIM2
SIM3
SIM4
1
21
22
SIM5
SIM1
SIM2
SIM3
SIM4
1
21
22
SIM5
SIM1
SIM2
SIM3
SIM4
1
21
22
SIM5
SIM1
SIM2
SIM3
SIM4
1
21
22
SIM5
SIM1
SIM2
SIM3
SIM4
1
21
22
SIM5
SIM1
SIM2
SIM3
SIM4
1
21
22
SIM5
SIM1
SIM2
SIM3
SIM4
1
21
22
SIM5
SIM1
SIM2
SIM3
SIM4
1
21
22
SIM5
SIM1
SIM2
SIM3
SIM4
1
21
22
SIM5
SIM1
SIM2
SIM3
SIM4
1
21
22
SIM5
SIM1
SIM2
SIM3
SIM4
1
21
22
SIM5
SIM1
SIM2
SIM3
SIM4
1
21
22
SIM5
SIM1
SIM2
SIM3
SIM4
1
21
22
SIM5
SIM1
SIM2
SIM3
SIM4
1
21
22
SIM5
SIM1
SIM2
SIM3
SIM4
1
21
22
SIM5
SIM1
SIM2
SIM3
SIM4
1
21
22
SIM5
SIM1
SIM2
SIM3
SIM4
1
21
22
SIM5
SIM1
SIM2
SIM3
SIM4
1
21
22
SIM5
SIM1
SIM2
SIM3
SIM4
1
21
22
SIM5
SIM1
SIM2
SIM3
SIM4
1
21
22
SIM5
SIM1
SIM2
SIM3
SIM4
1
21
22
SIM5
SIM1
SIM2
SIM3
SIM4
1
21
22
SIM5
SIM1
SIM2
SIM3
SIM4
1
21
22
SIM5
SIM1
SIM2
SIM3
SIM4
1
21
22
SIM5
SIM1
SIM2
SIM3
SIM4
1
21
22
SIM5
SIM1
SIM2
SIM3
SIM4
1
21
22
SIM5
SIM1
SIM2
SIM3
SIM4
1
21
22
SIM5
SIM1
SIM2
SIM3
SIM4
1
21
22
SIM5
SIM1
SIM2
SIM3
SIM4
1
21
22
SIM5
SIM1
SIM2
SIM3
SIM4
1
21
22
SIM5
SIM1
SIM2
SIM3
SIM4
1
21
22
SIM5
SIM1
SIM2
SIM3
SIM4
1
21
22
SIM5
SIM1
SIM2
SIM3
SIM4
1
21
22
SIM5
SIM1
SIM2
SIM3
SIM4
1
21
22
SIM5
SIM1
SIM2
SIM3
SIM4
1
21
22
SIM5
SIM1
SIM2
SIM3
SIM4
1
21
22
SIM5
SIM1
SIM2
SIM3
SIM4
1
21
22
SIM5
SIM1
SIM2
SIM3
SIM4
1
21
22
SIM5
SIM1
SIM2
SIM3
SIM4
1
21
22
SIM5
SIM1
SIM2
SIM3
SIM4
1
21
22
SIM5
SIM1
SIM2
SIM3
SIM4
1
21
22
SIM5
SIM1
SIM2
SIM3
SIM4
1
21
22
SIM5
SIM1
SIM2
SIM3
SIM4
1
21
22
SIM5
SIM1
SIM2
SIM3
SIM4
1
21
22
SIM5
SIM1
SIM2
SIM3
SIM4
1
21
22
SIM5
SIM1
SIM2
SIM3
SIM4
1
21
22
SIM5
SIM1
SIM2
SIM3
SIM4
1
21
22
SIM5
SIM1
SIM2
SIM3
SIM4
1
21
22
SIM5
SIM1
SIM2
SIM3
SIM4
1
21
22
SIM5
SIM1
SIM2
SIM3
SIM4
1
21
22
SIM5
SIM1
SIM2
SIM3
SIM4
1
21
22
SIM5
SIM1
SIM2
SIM3
SIM4
1
21
22
SIM5
SIM1
SIM2
SIM3
SIM4
1
21
22
SIM5
SIM1
SIM2
SIM3
SIM4
1
21
22
SIM5
SIM1
SIM2
SIM3
SIM4
1
21
22
SIM5
SIM1
SIM2
SIM3
SIM4
1
21
22
SIM5
SIM1
SIM2
SIM3
SIM4
1
21
22
SIM5
SIM1
SIM2
SIM3
SIM4
1
21
22
SIM5
SIM1
SIM2
SIM3
SIM4
1
21
22
SIM5
SIM1
SIM2
SIM3
SIM4
1
21
22
SIM5
SIM1
SIM2
SIM3
SIM4
1
21
22
SIM5
SIM1
SIM2
SIM3
SIM4
1
21
22
SIM5
SIM1
SIM2
SIM3
SIM4
1
21
22
SIM5
SIM1
SIM2
SIM3
SIM4
1
21
22
SIM5
SIM1
SIM2
SIM3
SIM4
1
21
22
SIM5
SIM1
SIM2
SIM3
SIM4
1
21
22
SIM5
SIM1
SIM2
SIM3
SIM4
1
21
22
SIM5
SIM1
SIM2
SIM3
SIM4
1
21
22
SIM5
SIM1
SIM2
SIM3
SIM4
1
21
22
SIM5
SIM1
SIM2
SIM3
SIM4
1
21
22
SIM5
SIM1
SIM2
SIM3
SIM4
1
21
22
SIM5
SIM1
SIM2
SIM3
SIM4
1
21
22
SIM5
SIM1
SIM2
SIM3
SIM4
1
21
22
SIM5
SIM1
SIM2
SIM3
SIM4
1
21
22
SIM5
SIM1
SIM2
SIM3
SIM4
1
21
22
SIM5
SIM1
SIM2
SIM3
SIM4
1
21
22
SIM5
SIM1
SIM2
SIM3
SIM4
1
21
22
SIM5
SIM1
SIM2
SIM3
SIM4
1
21
22
SIM5
SIM1
SIM2
SIM3
SIM4
1
21
22
SIM5
SIM1
SIM2
SIM3
SIM4
1
21
22
SIM5
SIM1
SIM2
SIM3
SIM4
1
21
22
SIM5
SIM1
SIM2
SIM3
SIM4
1
21
22
SIM5
SIM1
SIM2
SIM3
SIM4
1
21
22
SIM5
SIM1
SIM2
SIM3
SIM4
1
21
22
SIM5
SIM1
SIM2
SIM3
SIM4
1
21
22
SIM5
SIM1
SIM2
SIM3
SIM4
1
21
22
SIM5
SIM1
SIM2
SIM3
SIM4
1
21
22
SIM5
SIM1
SIM2
SIM3
SIM4
1
21
22
SIM5
SIM1
SIM2
SIM3
SIM4
1
21
22
SIM5
SIM1
SIM2
SIM3
SIM4
1
21
22
SIM5
SIM1
SIM2
SIM3
SIM4
1
21
22
SIM5
SIM1
SIM2
SIM3
SIM4
1
21
22
SIM5
SIM1
SIM2
SIM3
SIM4
1
21
22
SIM5
SIM1
SIM2
SIM3
SIM4
1
21
22
SIM5
SIM1
SIM2
SIM3
SIM4
1
21
22
SIM5
SIM1
SIM2
SIM3
SIM4
1
21
22
SIM5
SIM1
SIM2
SIM3
SIM4
1
21
22
SIM5
SIM1
SIM2
SIM3
SIM4
1
21
22
SIM5
SIM1
SIM2
SIM3
SIM4
1
21
22
SIM5
SIM1
SIM2
SIM3
SIM4
1
21
22
SIM5
SIM1
SIM2
SIM3
SIM4
1
21
22
SIM5
SIM1
SIM2
SIM3
SIM4
1
21
22
SIM5
SIM1
SIM2
SIM3
SIM4
1
21
22
SIM5
SIM1
SIM2
SIM3
SIM4
1
21
22
SIM5
SIM1
SIM2
SIM3
SIM4
1
21
22
SIM5
SIM1
SIM2
SIM3
SIM4
1
21
22
SIM5
SIM1
SIM2
SIM3
SIM4
1
21
22
SIM5
SIM1
SIM2
SIM3
SIM4
1
21
22
SIM5
SIM1
SIM2
SIM3
SIM4
1
21
22
SIM5
SIM1
SIM2
SIM3
SIM4
1
21
22
SIM5
SIM1
SIM2
SIM3
SIM4
1
21
22
SIM5
SIM1
SIM2
SIM3
SIM4
1
21
22
SIM5
SIM1
SIM2
SIM3
SIM4
1
21
22
SIM5
SIM1
SIM2
SIM3
SIM4
1
21
22
SIM5
SIM1
SIM2
SIM3
SIM4
1
21
22
SIM5
SIM1
SIM2
SIM3
SIM4
1
21
22
SIM5
SIM1
SIM2
SIM3
SIM4
1
21
22
SIM5
SIM1
SIM2
SIM3
SIM4
1
21
22
SIM5
SIM1
SIM2
SIM3
SIM4
1
21
22
SIM5
SIM1
SIM2
SIM3
SIM4
1
21
22
SIM5
SIM1
SIM2
SIM3
SIM4
1
21
22
SIM5
SIM1
SIM2
SIM3
SIM4
1
21
22
SIM5
SIM1
SIM2
SIM3
SIM4
1
21
22
SIM5
SIM1
SIM2
SIM3
SIM4
1
21
22
SIM5
SIM1
SIM2
SIM3
SIM4
1
21
22
SIM5
SIM1
SIM2
SIM3
SIM4
1
21
22
SIM5
SIM1
SIM2
SIM3
SIM4
1
21
22
SIM5
SIM1
SIM2
SIM3
SIM4
1
21
22
SIM5
SIM1
SIM2
SIM3
SIM4
1
21
22
SIM5
SIM1
SIM2
SIM3
SIM4
1
21
22
SIM5
SIM1
SIM2
SIM3
SIM4
1
21
22
SIM5
SIM1
SIM2
SIM3
SIM4
1
21
22
SIM5
SIM1
SIM2
SIM3
SIM4
1
21
22
SIM5
SIM1
SIM2
SIM3
SIM4
1
21
22
SIM5
SIM1
SIM2
SIM3
SIM4
1
21
22
SIM5
SIM1
SIM2
SIM3
SIM4
1
21
22
SIM5
SIM1
SIM2
SIM3
SIM4
1
21
22
SIM5
SIM1
SIM2
SIM3
SIM4
1
21
22
SIM5
SIM1
SIM2
SIM3
SIM4
1
21
22
SIM5
SIM1
SIM2
SIM3
SIM4
1
21
22
SIM5
SIM1
SIM2
SIM3
SIM4
1
21
22
SIM5
SIM1
SIM2
SIM3
SIM4
1
21
22
SIM5
SIM1
SIM2
SIM3
SIM4
1
21
22
SIM5
SIM1
SIM2
SIM3
SIM4
1
21
22
SIM5
SIM1
SIM2
SIM3
SIM4
1
21
22
SIM5
SIM1
SIM2
SIM3
SIM4
1
21
22
SIM5
SIM1
SIM2
SIM3
SIM4
1
21
22
SIM5
SIM1
SIM2
SIM3
SIM4
1
21
22
SIM5
SIM1
SIM2
SIM3
SIM4
1
21
22
SIM5
SIM1
SIM2
SIM3
SIM4
1
21
22
SIM5
SIM1
SIM2
SIM3
SIM4
1
21
22
SIM5
SIM1
SIM2
DEBUG 1 624
SIM1
SIM2
SIM3
SIM4
1
21
22
SIM5
SIM1
SIM2
SIM3
SIM4
1
21
22
SIM5
SIM1
SIM2
SIM3
SIM4
1
21
22
SIM5
SIM1
SIM2
SIM3
SIM4
1
21
22
SIM5
SIM1
SIM2
SIM3
SIM4
1
21
22
SIM5
SIM1
SIM2
SIM3
SIM4
1
21
22
SIM5
SIM1
SIM2
SIM3
SIM4
1
21
22
SIM5
SIM1
SIM2
SIM3
SIM4
1
21
22
SIM5
SIM1
SIM2
SIM3
SIM4
1
21
22
SIM5
SIM1
SIM2
SIM3
SIM4
1
21
22
SIM5
SIM1
SIM2
SIM3
SIM4
1
21
22
SIM5
SIM1
SIM2
SIM3
SIM4
1
21
22
SIM5
SIM1
SIM2
SIM3
SIM4
1
21
22
SIM5
SIM1
SIM2
SIM3
SIM4
1
21
22
SIM5
SIM1
SIM2
SIM3
SIM4
1
21
22
SIM5
SIM1
SIM2
SIM3
SIM4
1
21
22
SIM5
SIM1
SIM2
SIM3
SIM4
1
21
22
SIM5
SIM1
SIM2
SIM3
SIM4
1
21
22
SIM5
SIM1
SIM2
SIM3
SIM4
1
21
22
SIM5
SIM1
SIM2
SIM3
SIM4
1
21
22
SIM5
SIM1
SIM2
SIM3
SIM4
1
21
22
SIM5
SIM1
SIM2
SIM3
SIM4
1
21
22
SIM5
SIM1
SIM2
SIM3
SIM4
1
21
22
SIM5
SIM1
SIM2
SIM3
SIM4
1
21
22
SIM5
SIM1
SIM2
SIM3
SIM4
1
21
22
SIM5
SIM1
SIM2
SIM3
SIM4
1
21
22
SIM5
SIM1
SIM2
SIM3
SIM4
1
21
22
SIM5
SIM1
SIM2
SIM3
SIM4
1
21
22
SIM5
SIM1
SIM2
SIM3
SIM4
1
21
22
SIM5
SIM1
SIM2
SIM3
SIM4
1
21
22
SIM5
SIM1
SIM2
SIM3
SIM4
1
21
22
SIM5
SIM1
SIM2
SIM3
SIM4
1
21
22
SIM5
SIM1
SIM2
SIM3
SIM4
1
21
22
SIM5
SIM1
SIM2
SIM3
SIM4
1
21
22
SIM5
SIM1
SIM2
SIM3
SIM4
1
21
22
SIM5
SIM1
SIM2
SIM3
SIM4
1
21
22
SIM5
SIM1
SIM2
SIM3
SIM4
1
21
22
SIM5
SIM1
SIM2
SIM3
SIM4
1
21
22
SIM5
SIM1
SIM2
SIM3
SIM4
1
21
22
SIM5
SIM1
SIM2
SIM3
SIM4
1
21
22
SIM5
SIM1
SIM2
SIM3
SIM4
1
21
22
SIM5
SIM1
SIM2
SIM3
SIM4
1
21
22
SIM5
SIM1
SIM2
SIM3
SIM4
1
21
22
SIM5
SIM1
SIM2
SIM3
SIM4
1
21
22
SIM5
SIM1
SIM2
SIM3
SIM4
1
21
22
SIM5
SIM1
SIM2
SIM3
SIM4
1
21
22
SIM5
SIM1
SIM2
SIM3
SIM4
1
21
22
SIM5
SIM1
SIM2
SIM3
SIM4
1
21
22
SIM5
SIM1
SIM2
SIM3
SIM4
1
21
22
SIM5
SIM1
SIM2
SIM3
SIM4
1
21
22
SIM5
SIM1
SIM2
SIM3
SIM4
1
21
22
SIM5
SIM1
SIM2
SIM3
SIM4
1
21
22
SIM5
SIM1
SIM2
SIM3
SIM4
1
21
22
SIM5
SIM1
SIM2
SIM3
SIM4
1
21
22
SIM5
SIM1
SIM2
SIM3
SIM4
1
21
22
SIM5
SIM1
SIM2
SIM3
SIM4
1
21
22
SIM5
SIM1
SIM2
SIM3
SIM4
1
21
22
SIM5
SIM1
SIM2
SIM3
SIM4
1
21
22
SIM5
SIM1
SIM2
SIM3
SIM4
1
21
22
SIM5
SIM1
SIM2
SIM3
SIM4
1
21
22
SIM5
SIM1
SIM2
SIM3
SIM4
1
21
22
SIM5
SIM1
SIM2
SIM3
SIM4
1
21
22
SIM5
SIM1
SIM2
SIM3
SIM4
1
21
22
SIM5
SIM1
SIM2
SIM3
SIM4
1
21
22
SIM5
SIM1
SIM2
SIM3
SIM4
1
21
22
SIM5
SIM1
SIM2
SIM3
SIM4
1
21
22
SIM5
SIM1
SIM2
SIM3
SIM4
1
21
22
SIM5
SIM1
SIM2
SIM3
SIM4
1
21
22
SIM5
SIM1
SIM2
SIM3
SIM4
1
21
22
SIM5
SIM1
SIM2
SIM3
SIM4
1
21
22
SIM5
SIM1
SIM2
SIM3
SIM4
1
21
22
SIM5
SIM1
SIM2
SIM3
SIM4
1
21
22
SIM5
SIM1
SIM2
SIM3
SIM4
1
21
22
SIM5
SIM1
SIM2
SIM3
SIM4
1
21
22
SIM5
SIM1
SIM2
SIM3
SIM4
1
21
22
SIM5
SIM1
SIM2
SIM3
SIM4
1
21
22
SIM5
SIM1
SIM2
SIM3
SIM4
1
21
22
SIM5
SIM1
SIM2
SIM3
SIM4
1
21
22
SIM5
SIM1
SIM2
SIM3
SIM4
1
21
22
SIM5
SIM1
SIM2
SIM3
SIM4
1
21
22
SIM5
SIM1
SIM2
SIM3
SIM4
1
21
22
SIM5
SIM1
SIM2
SIM3
SIM4
1
21
22
SIM5
SIM1
SIM2
SIM3
SIM4
1
21
22
SIM5
SIM1
SIM2
SIM3
SIM4
1
21
22
SIM5
SIM1
SIM2
SIM3
SIM4
1
21
22
SIM5
SIM1
SIM2
SIM3
SIM4
1
21
22
SIM5
SIM1
SIM2
SIM3
SIM4
1
21
22
SIM5
SIM1
SIM2
SIM3
SIM4
1
21
22
SIM5
SIM1
SIM2
SIM3
SIM4
1
21
22
SIM5
SIM1
SIM2
SIM3
SIM4
1
21
22
SIM5
SIM1
SIM2
SIM3
SIM4
1
21
22
SIM5
SIM1
SIM2
SIM3
SIM4
1
21
22
SIM5
SIM1
SIM2
SIM3
SIM4
1
21
22
SIM5
SIM1
SIM2
SIM3
SIM4
1
21
22
SIM5
SIM1
SIM2
SIM3
SIM4
1
21
22
SIM5
SIM1
SIM2
SIM3
SIM4
1
21
22
SIM5
SIM1
SIM2
SIM3
SIM4
1
21
22
SIM5
SIM1
SIM2
SIM3
SIM4
1
21
22
SIM5
SIM1
SIM2
SIM3
SIM4
1
21
22
SIM5
SIM1
SIM2
SIM3
SIM4
1
21
22
SIM5
SIM1
SIM2
SIM3
SIM4
1
21
22
SIM5
SIM1
SIM2
SIM3
SIM4
1
21
22
SIM5
SIM1
SIM2
SIM3
SIM4
1
21
22
SIM5
SIM1
SIM2
SIM3
SIM4
1
21
22
SIM5
SIM1
SIM2
SIM3
SIM4
1
21
22
SIM5
SIM1
SIM2
SIM3
SIM4
1
21
22
SIM5
SIM1
SIM2
SIM3
SIM4
1
21
22
SIM5
SIM1
SIM2
SIM3
SIM4
1
21
22
SIM5
SIM1
SIM2
SIM3
SIM4
1
21
22
SIM5
SIM1
SIM2
SIM3
SIM4
1
21
22
SIM5
SIM1
SIM2
SIM3
SIM4
1
21
22
SIM5
SIM1
SIM2
SIM3
SIM4
1
21
22
SIM5
SIM1
SIM2
SIM3
SIM4
1
21
22
SIM5
SIM1
SIM2
SIM3
SIM4
1
21
22
SIM5
SIM1
SIM2
SIM3
SIM4
1
21
22
SIM5
SIM1
SIM2
SIM3
SIM4
1
21
22
SIM5
SIM1
SIM2
SIM3
SIM4
1
21
22
SIM5
SIM1
SIM2
SIM3
SIM4
1
21
22
SIM5
SIM1
SIM2
SIM3
SIM4
1
21
22
SIM5
SIM1
SIM2
SIM3
SIM4
1
21
22
SIM5
SIM1
SIM2
SIM3
SIM4
1
21
22
SIM5
SIM1
SIM2
SIM3
SIM4
1
21
22
SIM5
SIM1
SIM2
SIM3
SIM4
1
21
22
SIM5
SIM1
SIM2
SIM3
SIM4
1
21
22
SIM5
SIM1
SIM2
SIM3
SIM4
1
21
22
SIM5
SIM1
SIM2
SIM3
SIM4
1
21
22
SIM5
SIM1
SIM2
SIM3
SIM4
1
21
22
SIM5
SIM1
SIM2
SIM3
SIM4
1
21
22
SIM5
SIM1
SIM2
SIM3
SIM4
1
21
22
SIM5
SIM1
SIM2
SIM3
SIM4
1
21
22
SIM5
SIM1
SIM2
SIM3
SIM4
1
21
22
SIM5
SIM1
SIM2
SIM3
SIM4
1
21
22
SIM5
SIM1
SIM2
SIM3
SIM4
1
21
22
SIM5
SIM1
SIM2
SIM3
SIM4
1
21
22
SIM5
SIM1
SIM2
SIM3
SIM4
1
21
22
SIM5
SIM1
SIM2
DEBUG 1 625
SIM1
SIM2
SIM3
SIM4
1
21
22
SIM5
SIM1
SIM2
SIM3
SIM4
1
21
22
SIM5
SIM1
SIM2
SIM3
SIM4
1
21
22
SIM5
SIM1
SIM2
SIM3
SIM4
1
21
22
SIM5
SIM1
SIM2
SIM3
SIM4
1
21
22
SIM5
SIM1
SIM2
SIM3
SIM4
1
21
22
SIM5
SIM1
SIM2
SIM3
SIM4
1
21
22
SIM5
SIM1
SIM2
SIM3
SIM4
1
21
22
SIM5
SIM1
SIM2
SIM3
SIM4
1
21
22
SIM5
SIM1
SIM2
SIM3
SIM4
1
21
22
SIM5
SIM1
SIM2
SIM3
SIM4
1
21
22
SIM5
SIM1
SIM2
SIM3
SIM4
1
21
22
SIM5
SIM1
SIM2
SIM3
SIM4
1
21
22
SIM5
SIM1
SIM2
SIM3
SIM4
1
21
22
SIM5
SIM1
SIM2
SIM3
SIM4
1
21
22
SIM5
SIM1
SIM2
SIM3
SIM4
1
21
22
SIM5
SIM1
SIM2
SIM3
SIM4
1
21
22
SIM5
SIM1
SIM2
SIM3
SIM4
1
21
22
SIM5
SIM1
SIM2
SIM3
SIM4
1
21
22
SIM5
SIM1
SIM2
SIM3
SIM4
1
21
22
SIM5
SIM1
SIM2
SIM3
SIM4
1
21
22
SIM5
SIM1
SIM2
SIM3
SIM4
1
21
22
SIM5
SIM1
SIM2
SIM3
SIM4
1
21
22
SIM5
SIM1
SIM2
SIM3
SIM4
1
21
22
SIM5
SIM1
SIM2
SIM3
SIM4
1
21
22
SIM5
SIM1
SIM2
SIM3
SIM4
1
21
22
SIM5
SIM1
SIM2
SIM3
SIM4
1
21
22
SIM5
SIM1
SIM2
SIM3
SIM4
1
21
22
SIM5
SIM1
SIM2
SIM3
SIM4
1
21
22
SIM5
SIM1
SIM2
SIM3
SIM4
1
21
22
SIM5
SIM1
SIM2
SIM3
SIM4
1
21
22
SIM5
SIM1
SIM2
SIM3
SIM4
1
21
22
SIM5
SIM1
SIM2
SIM3
SIM4
1
21
22
SIM5
SIM1
SIM2
SIM3
SIM4
1
21
22
SIM5
SIM1
SIM2
SIM3
SIM4
1
21
22
SIM5
SIM1
SIM2
SIM3
SIM4
1
21
22
SIM5
SIM1
SIM2
SIM3
SIM4
1
21
22
SIM5
SIM1
SIM2
SIM3
SIM4
1
21
22
SIM5
SIM1
SIM2
SIM3
SIM4
1
21
22
SIM5
SIM1
SIM2
SIM3
SIM4
1
21
22
SIM5
SIM1
SIM2
SIM3
SIM4
1
21
22
SIM5
SIM1
SIM2
SIM3
SIM4
1
21
22
SIM5
SIM1
SIM2
SIM3
SIM4
1
21
22
SIM5
SIM1
SIM2
SIM3
SIM4
1
21
22
SIM5
SIM1
SIM2
SIM3
SIM4
1
21
22
SIM5
SIM1
SIM2
SIM3
SIM4
1
21
22
SIM5
SIM1
SIM2
SIM3
SIM4
1
21
22
SIM5
SIM1
SIM2
SIM3
SIM4
1
21
22
SIM5
SIM1
SIM2
SIM3
SIM4
1
21
22
SIM5
SIM1
SIM2
SIM3
SIM4
1
21
22
SIM5
SIM1
SIM2
SIM3
SIM4
1
21
22
SIM5
SIM1
SIM2
SIM3
SIM4
1
21
22
SIM5
SIM1
SIM2
SIM3
SIM4
1
21
22
SIM5
SIM1
SIM2
SIM3
SIM4
1
21
22
SIM5
SIM1
SIM2
SIM3
SIM4
1
21
22
SIM5
SIM1
SIM2
SIM3
SIM4
1
21
22
SIM5
SIM1
SIM2
SIM3
SIM4
1
21
22
SIM5
SIM1
SIM2
SIM3
SIM4
1
21
22
SIM5
SIM1
SIM2
SIM3
SIM4
1
21
22
SIM5
SIM1
SIM2
SIM3
SIM4
1
21
22
SIM5
SIM1
SIM2
SIM3
SIM4
1
21
22
SIM5
SIM1
SIM2
SIM3
SIM4
1
21
22
SIM5
SIM1
SIM2
SIM3
SIM4
1
21
22
SIM5
SIM1
SIM2
SIM3
SIM4
1
21
22
SIM5
SIM1
SIM2
SIM3
SIM4
1
21
22
SIM5
SIM1
SIM2
SIM3
SIM4
1
21
22
SIM5
SIM1
SIM2
SIM3
SIM4
1
21
22
SIM5
SIM1
SIM2
SIM3
SIM4
1
21
22
SIM5
SIM1
SIM2
SIM3
SIM4
1
21
22
SIM5
SIM1
SIM2
SIM3
SIM4
1
21
22
SIM5
SIM1
SIM2
SIM3
SIM4
1
21
22
SIM5
SIM1
SIM2
SIM3
SIM4
1
21
22
SIM5
SIM1
SIM2
SIM3
SIM4
1
21
22
SIM5
SIM1
SIM2
SIM3
SIM4
1
21
22
SIM5
SIM1
SIM2
SIM3
SIM4
1
21
22
SIM5
SIM1
SIM2
SIM3
SIM4
1
21
22
SIM5
SIM1
SIM2
SIM3
SIM4
1
21
22
SIM5
SIM1
SIM2
SIM3
SIM4
1
21
22
SIM5
SIM1
SIM2
SIM3
SIM4
1
21
22
SIM5
SIM1
SIM2
SIM3
SIM4
1
21
22
SIM5
SIM1
SIM2
SIM3
SIM4
1
21
22
SIM5
SIM1
SIM2
SIM3
SIM4
1
21
22
SIM5
SIM1
SIM2
SIM3
SIM4
1
21
22
SIM5
SIM1
SIM2
SIM3
SIM4
1
21
22
SIM5
SIM1
SIM2
SIM3
SIM4
1
21
22
SIM5
SIM1
SIM2
SIM3
SIM4
1
21
22
SIM5
SIM1
SIM2
SIM3
SIM4
1
21
22
SIM5
SIM1
SIM2
SIM3
SIM4
1
21
22
SIM5
SIM1
SIM2
SIM3
SIM4
1
21
22
SIM5
SIM1
SIM2
SIM3
SIM4
1
21
22
SIM5
SIM1
SIM2
SIM3
SIM4
1
21
22
SIM5
SIM1
SIM2
SIM3
SIM4
1
21
22
SIM5
SIM1
SIM2
SIM3
SIM4
1
21
22
SIM5
SIM1
SIM2
SIM3
SIM4
1
21
22
SIM5
SIM1
SIM2
SIM3
SIM4
1
21
22
SIM5
SIM1
SIM2
SIM3
SIM4
1
21
22
SIM5
SIM1
SIM2
SIM3
SIM4
1
21
22
SIM5
SIM1
SIM2
SIM3
SIM4
1
21
22
SIM5
SIM1
SIM2
SIM3
SIM4
1
21
22
SIM5
SIM1
SIM2
SIM3
SIM4
1
21
22
SIM5
SIM1
SIM2
SIM3
SIM4
1
21
22
SIM5
SIM1
SIM2
SIM3
SIM4
1
21
22
SIM5
SIM1
SIM2
SIM3
SIM4
1
21
22
SIM5
SIM1
SIM2
SIM3
SIM4
1
21
22
SIM5
SIM1
SIM2
SIM3
SIM4
1
21
22
SIM5
SIM1
SIM2
SIM3
SIM4
1
21
22
SIM5
SIM1
SIM2
SIM3
SIM4
1
21
22
SIM5
SIM1
SIM2
SIM3
SIM4
1
21
22
SIM5
SIM1
SIM2
SIM3
SIM4
1
21
22
SIM5
SIM1
SIM2
SIM3
SIM4
1
21
22
SIM5
SIM1
SIM2
SIM3
SIM4
1
21
22
SIM5
SIM1
SIM2
SIM3
SIM4
1
21
22
SIM5
SIM1
SIM2
SIM3
SIM4
1
21
22
SIM5
SIM1
SIM2
SIM3
SIM4
1
21
22
SIM5
SIM1
SIM2
SIM3
SIM4
1
21
22
SIM5
SIM1
SIM2
SIM3
SIM4
1
21
22
SIM5
SIM1
SIM2
SIM3
SIM4
1
21
22
SIM5
SIM1
SIM2
SIM3
SIM4
1
21
22
SIM5
SIM1
SIM2
SIM3
SIM4
1
21
22
SIM5
SIM1
SIM2
SIM3
SIM4
1
21
22
SIM5
SIM1
SIM2
SIM3
SIM4
1
21
22
SIM5
SIM1
SIM2
SIM3
SIM4
1
21
22
SIM5
SIM1
SIM2
SIM3
SIM4
1
21
22
SIM5
SIM1
SIM2
SIM3
SIM4
1
21
22
SIM5
SIM1
SIM2
SIM3
SIM4
1
21
22
SIM5
SIM1
SIM2
SIM3
SIM4
1
21
22
SIM5
SIM1
SIM2
SIM3
SIM4
1
21
22
SIM5
SIM1
SIM2
SIM3
SIM4
1
21
22
SIM5
SIM1
SIM2
SIM3
SIM4
1
21
22
SIM5
SIM1
SIM2
SIM3
SIM4
1
21
22
SIM5
SIM1
SIM2
SIM3
SIM4
1
21
22
SIM5
SIM1
SIM2
SIM3
SIM4
1
21
22
SIM5
SIM1
SIM2
SIM3
SIM4
1
21
22
SIM5
SIM1
SIM2
SIM3
SIM4
1
21
22
SIM5
SIM1
SIM2
SIM3
SIM4
1
21
22
SIM5
SIM1
SIM2
SIM3
SIM4
1
21
22
SIM5
SIM1
SIM2
SIM3
SIM4
1
21
22
SIM5
SIM1
SIM2
SIM3
SIM4
1
21
22
SIM5
SIM1
SIM2
SIM3
SIM4
1
21
22
SIM5
SIM1
SIM2
SIM3
SIM4
1
21
22
SIM5
SIM1
SIM2
SIM3
SIM4
1
21
22
SIM5
SIM1
SIM2
SIM3
SIM4
1
21
22
SIM5
SIM1
SIM2
SIM3
SIM4
1
21
22
SIM5
SIM1
SIM2
SIM3
SIM4
1
21
22
SIM5
SIM1
SIM2
SIM3
SIM4
1
21
22
SIM5
SIM1
SIM2
SIM3
SIM4
1
21
22
SIM5
SIM1
SIM2
SIM3
SIM4
1
21
22
SIM5
SIM1
SIM2
SIM3
SIM4
1
21
22
SIM5
SIM1
SIM2
SIM3
SIM4
1
21
22
SIM5
SIM1
SIM2
SIM3
SIM4
1
21
22
SIM5
SIM1
SIM2
SIM3
SIM4
1
21
22
SIM5
SIM1
SIM2
SIM3
SIM4
1
21
22
SIM5
SIM1
SIM2
SIM3
SIM4
1
21
22
SIM5
SIM1
SIM2
SIM3
SIM4
1
21
22
SIM5
SIM1
SIM2
SIM3
SIM4
1
21
22
SIM5
SIM1
SIM2
SIM3
SIM4
1
21
22
SIM5
SIM1
SIM2
SIM3
SIM4
1
21
22
SIM5
SIM1
SIM2
SIM3
SIM4
1
21
22
SIM5
SIM1
SIM2
SIM3
SIM4
1
21
22
SIM5
SIM1
SIM2
SIM3
SIM4
1
21
22
SIM5
SIM1
SIM2
SIM3
SIM4
1
21
22
SIM5
SIM1
SIM2
SIM3
SIM4
1
21
22
SIM5
SIM1
SIM2
SIM3
SIM4
1
21
22
SIM5
SIM1
SIM2
SIM3
SIM4
1
21
22
SIM5
SIM1
SIM2
SIM3
SIM4
1
21
22
SIM5
SIM1
SIM2
SIM3
SIM4
1
21
22
SIM5
SIM1
SIM2
SIM3
SIM4
1
21
22
SIM5
SIM1
SIM2
SIM3
SIM4
1
21
22
SIM5
SIM1
SIM2
SIM3
SIM4
1
21
22
SIM5
SIM1
SIM2
SIM3
SIM4
1
21
22
SIM5
SIM1
SIM2
SIM3
SIM4
1
21
22
SIM5
SIM1
SIM2
SIM3
SIM4
1
21
22
SIM5
SIM1
SIM2
SIM3
SIM4
1
21
22
SIM5
SIM1
SIM2
SIM3
SIM4
1
21
22
SIM5
SIM1
SIM2
SIM3
SIM4
1
21
22
SIM5
SIM1
SIM2
SIM3
SIM4
1
21
22
SIM5
SIM1
SIM2
SIM3
SIM4
1
21
22
SIM5
SIM1
SIM2
DEBUG 1 626
SIM1
SIM2
SIM3
SIM4
1
21
22
SIM5
SIM1
SIM2
SIM3
SIM4
1
21
22
SIM5
SIM1
SIM2
SIM3
SIM4
1
21
22
SIM5
SIM1
SIM2
SIM3
SIM4
1
21
22
SIM5
SIM1
SIM2
SIM3
SIM4
1
21
22
SIM5
SIM1
SIM2
SIM3
SIM4
1
21
22
SIM5
SIM1
SIM2
SIM3
SIM4
1
21
22
SIM5
SIM1
SIM2
SIM3
SIM4
1
21
22
SIM5
SIM1
SIM2
SIM3
SIM4
1
21
22
SIM5
SIM1
SIM2
SIM3
SIM4
1
21
22
SIM5
SIM1
SIM2
SIM3
SIM4
1
21
22
SIM5
SIM1
SIM2
SIM3
SIM4
1
21
22
SIM5
SIM1
SIM2
SIM3
SIM4
1
21
22
SIM5
SIM1
SIM2
SIM3
SIM4
1
21
22
SIM5
SIM1
SIM2
SIM3
SIM4
1
21
22
SIM5
SIM1
SIM2
SIM3
SIM4
1
21
22
SIM5
SIM1
SIM2
SIM3
SIM4
1
21
22
SIM5
SIM1
SIM2
SIM3
SIM4
1
21
22
SIM5
SIM1
SIM2
SIM3
SIM4
1
21
22
SIM5
SIM1
SIM2
SIM3
SIM4
1
21
22
SIM5
SIM1
SIM2
SIM3
SIM4
1
21
22
SIM5
SIM1
SIM2
SIM3
SIM4
1
21
22
SIM5
SIM1
SIM2
SIM3
SIM4
1
21
22
SIM5
SIM1
SIM2
SIM3
SIM4
1
21
22
SIM5
SIM1
SIM2
SIM3
SIM4
1
21
22
SIM5
SIM1
SIM2
SIM3
SIM4
1
21
22
SIM5
SIM1
SIM2
SIM3
SIM4
1
21
22
SIM5
SIM1
SIM2
SIM3
SIM4
1
21
22
SIM5
SIM1
SIM2
SIM3
SIM4
1
21
22
SIM5
SIM1
SIM2
SIM3
SIM4
1
21
22
SIM5
SIM1
SIM2
SIM3
SIM4
1
21
22
SIM5
SIM1
SIM2
SIM3
SIM4
1
21
22
SIM5
SIM1
SIM2
SIM3
SIM4
1
21
22
SIM5
SIM1
SIM2
SIM3
SIM4
1
21
22
SIM5
SIM1
SIM2
SIM3
SIM4
1
21
22
SIM5
SIM1
SIM2
SIM3
SIM4
1
21
22
SIM5
SIM1
SIM2
SIM3
SIM4
1
21
22
SIM5
SIM1
SIM2
SIM3
SIM4
1
21
22
SIM5
SIM1
SIM2
SIM3
SIM4
1
21
22
SIM5
SIM1
SIM2
SIM3
SIM4
1
21
22
SIM5
SIM1
SIM2
SIM3
SIM4
1
21
22
SIM5
SIM1
SIM2
SIM3
SIM4
1
21
22
SIM5
SIM1
SIM2
SIM3
SIM4
1
21
22
SIM5
SIM1
SIM2
SIM3
SIM4
1
21
22
SIM5
SIM1
SIM2
SIM3
SIM4
1
21
22
SIM5
SIM1
SIM2
SIM3
SIM4
1
21
22
SIM5
SIM1
SIM2
SIM3
SIM4
1
21
22
SIM5
SIM1
SIM2
SIM3
SIM4
1
21
22
SIM5
SIM1
SIM2
SIM3
SIM4
1
21
22
SIM5
SIM1
SIM2
SIM3
SIM4
1
21
22
SIM5
SIM1
SIM2
SIM3
SIM4
1
21
22
SIM5
SIM1
SIM2
SIM3
SIM4
1
21
22
SIM5
SIM1
SIM2
SIM3
SIM4
1
21
22
SIM5
SIM1
SIM2
SIM3
SIM4
1
21
22
SIM5
SIM1
SIM2
SIM3
SIM4
1
21
22
SIM5
SIM1
SIM2
SIM3
SIM4
1
21
22
SIM5
SIM1
SIM2
SIM3
SIM4
1
21
22
SIM5
SIM1
SIM2
SIM3
SIM4
1
21
22
SIM5
SIM1
SIM2
SIM3
SIM4
1
21
22
SIM5
SIM1
SIM2
SIM3
SIM4
1
21
22
SIM5
SIM1
SIM2
SIM3
SIM4
1
21
22
SIM5
SIM1
SIM2
SIM3
SIM4
1
21
22
SIM5
SIM1
SIM2
SIM3
SIM4
1
21
22
SIM5
SIM1
SIM2
SIM3
SIM4
1
21
22
SIM5
SIM1
SIM2
SIM3
SIM4
1
21
22
SIM5
SIM1
SIM2
SIM3
SIM4
1
21
22
SIM5
SIM1
SIM2
SIM3
SIM4
1
21
22
SIM5
SIM1
SIM2
SIM3
SIM4
1
21
22
SIM5
SIM1
SIM2
SIM3
SIM4
1
21
22
SIM5
SIM1
SIM2
SIM3
SIM4
1
21
22
SIM5
SIM1
SIM2
SIM3
SIM4
1
21
22
SIM5
SIM1
SIM2
SIM3
SIM4
1
21
22
SIM5
SIM1
SIM2
SIM3
SIM4
1
21
22
SIM5
SIM1
SIM2
SIM3
SIM4
1
21
22
SIM5
SIM1
SIM2
SIM3
SIM4
1
21
22
SIM5
SIM1
SIM2
SIM3
SIM4
1
21
22
SIM5
SIM1
SIM2
SIM3
SIM4
1
21
22
SIM5
SIM1
SIM2
SIM3
SIM4
1
21
22
SIM5
SIM1
SIM2
SIM3
SIM4
1
21
22
SIM5
SIM1
SIM2
SIM3
SIM4
1
21
22
SIM5
SIM1
SIM2
SIM3
SIM4
1
21
22
SIM5
SIM1
SIM2
SIM3
SIM4
1
21
22
SIM5
SIM1
SIM2
SIM3
SIM4
1
21
22
SIM5
SIM1
SIM2
SIM3
SIM4
1
21
22
SIM5
SIM1
SIM2
SIM3
SIM4
1
21
22
SIM5
SIM1
SIM2
SIM3
SIM4
1
21
22
SIM5
SIM1
SIM2
SIM3
SIM4
1
21
22
SIM5
SIM1
SIM2
SIM3
SIM4
1
21
22
SIM5
SIM1
SIM2
SIM3
SIM4
1
21
22
SIM5
SIM1
SIM2
SIM3
SIM4
1
21
22
SIM5
SIM1
SIM2
SIM3
SIM4
1
21
22
SIM5
SIM1
SIM2
SIM3
SIM4
1
21
22
SIM5
SIM1
SIM2
SIM3
SIM4
1
21
22
SIM5
SIM1
SIM2
SIM3
SIM4
1
21
22
SIM5
SIM1
SIM2
SIM3
SIM4
1
21
22
SIM5
SIM1
SIM2
SIM3
SIM4
1
21
22
SIM5
SIM1
SIM2
SIM3
SIM4
1
21
22
SIM5
SIM1
SIM2
SIM3
SIM4
1
21
22
SIM5
SIM1
SIM2
SIM3
SIM4
1
21
22
SIM5
SIM1
SIM2
SIM3
SIM4
1
21
22
SIM5
SIM1
SIM2
SIM3
SIM4
1
21
22
SIM5
SIM1
SIM2
SIM3
SIM4
1
21
22
SIM5
SIM1
SIM2
SIM3
SIM4
1
21
22
SIM5
SIM1
SIM2
SIM3
SIM4
1
21
22
SIM5
SIM1
SIM2
SIM3
SIM4
1
21
22
SIM5
SIM1
SIM2
SIM3
SIM4
1
21
22
SIM5
SIM1
SIM2
SIM3
SIM4
1
21
22
SIM5
SIM1
SIM2
SIM3
SIM4
1
21
22
SIM5
SIM1
SIM2
SIM3
SIM4
1
21
22
SIM5
SIM1
SIM2
SIM3
SIM4
1
21
22
SIM5
SIM1
SIM2
SIM3
SIM4
1
21
22
SIM5
SIM1
SIM2
SIM3
SIM4
1
21
22
SIM5
SIM1
SIM2
SIM3
SIM4
1
21
22
SIM5
SIM1
SIM2
SIM3
SIM4
1
21
22
SIM5
SIM1
SIM2
SIM3
SIM4
1
21
22
SIM5
SIM1
SIM2
SIM3
SIM4
1
21
22
SIM5
SIM1
SIM2
SIM3
SIM4
1
21
22
SIM5
SIM1
SIM2
SIM3
SIM4
1
21
22
SIM5
SIM1
SIM2
SIM3
SIM4
1
21
22
SIM5
SIM1
SIM2
SIM3
SIM4
1
21
22
SIM5
SIM1
SIM2
SIM3
SIM4
1
21
22
SIM5
SIM1
SIM2
SIM3
SIM4
1
21
22
SIM5
SIM1
SIM2
SIM3
SIM4
1
21
22
SIM5
SIM1
SIM2
SIM3
SIM4
1
21
22
SIM5
SIM1
SIM2
SIM3
SIM4
1
21
22
SIM5
SIM1
SIM2
SIM3
SIM4
1
21
22
SIM5
SIM1
SIM2
SIM3
SIM4
1
21
22
SIM5
SIM1
SIM2
SIM3
SIM4
1
21
22
SIM5
SIM1
SIM2
SIM3
SIM4
1
21
22
SIM5
SIM1
SIM2
SIM3
SIM4
1
21
22
SIM5
SIM1
SIM2
SIM3
SIM4
1
21
22
SIM5
SIM1
SIM2
SIM3
SIM4
1
21
22
SIM5
SIM1
SIM2
SIM3
SIM4
1
21
22
SIM5
SIM1
SIM2
SIM3
SIM4
1
21
22
SIM5
SIM1
SIM2
SIM3
SIM4
1
21
22
SIM5
SIM1
SIM2
SIM3
SIM4
1
21
22
SIM5
SIM1
SIM2
SIM3
SIM4
1
21
22
SIM5
SIM1
SIM2
SIM3
SIM4
1
21
22
SIM5
SIM1
SIM2
SIM3
SIM4
1
21
22
SIM5
SIM1
SIM2
SIM3
SIM4
1
21
22
SIM5
SIM1
SIM2
SIM3
SIM4
1
21
22
SIM5
SIM1
SIM2
SIM3
SIM4
1
21
22
SIM5
SIM1
SIM2
SIM3
SIM4
1
21
22
SIM5
SIM1
SIM2
SIM3
SIM4
1
21
22
SIM5
SIM1
SIM2
SIM3
SIM4
1
21
22
SIM5
SIM1
SIM2
SIM3
SIM4
1
21
22
SIM5
SIM1
SIM2
SIM3
SIM4
1
21
22
SIM5
SIM1
SIM2
SIM3
SIM4
1
21
22
SIM5
SIM1
SIM2
SIM3
SIM4
1
21
22
SIM5
SIM1
SIM2
SIM3
SIM4
1
21
22
SIM5
SIM1
SIM2
SIM3
SIM4
1
21
22
SIM5
SIM1
SIM2
SIM3
SIM4
1
21
22
SIM5
SIM1
SIM2
SIM3
SIM4
1
21
22
SIM5
SIM1
SIM2
SIM3
SIM4
1
21
22
SIM5
SIM1
SIM2
SIM3
SIM4
1
21
22
SIM5
SIM1
SIM2
SIM3
SIM4
1
21
22
SIM5
SIM1
SIM2
SIM3
SIM4
1
21
22
SIM5
SIM1
SIM2
SIM3
SIM4
1
21
22
SIM5
SIM1
SIM2
SIM3
SIM4
1
21
22
SIM5
SIM1
SIM2
SIM3
SIM4
1
21
22
SIM5
SIM1
SIM2
SIM3
SIM4
1
21
22
SIM5
SIM1
SIM2
SIM3
SIM4
1
21
22
SIM5
SIM1
SIM2
SIM3
SIM4
1
21
22
SIM5
SIM1
SIM2
SIM3
SIM4
1
21
22
SIM5
SIM1
SIM2
SIM3
SIM4
1
21
22
SIM5
SIM1
SIM2
SIM3
SIM4
1
21
22
SIM5
SIM1
SIM2
SIM3
SIM4
1
21
22
SIM5
SIM1
SIM2
SIM3
SIM4
1
21
22
SIM5
SIM1
SIM2
SIM3
SIM4
1
21
22
SIM5
SIM1
SIM2
SIM3
SIM4
1
21
22
SIM5
SIM1
SIM2
SIM3
SIM4
1
21
22
SIM5
SIM1
SIM2
SIM3
SIM4
1
21
22
SIM5
SIM1
SIM2
SIM3
SIM4
1
21
22
SIM5
SIM1
SIM2
SIM3
SIM4
1
21
22
SIM5
SIM1
SIM2
SIM3
SIM4
1
21
22
SIM5
SIM1
SIM2
SIM3
SIM4
1
21
22
SIM5
SIM1
SIM2
SIM3
SIM4
1
21
22
SIM5
SIM1
SIM2
SIM3
SIM4
1
21
22
SIM5
SIM1
SIM2
SIM3
SIM4
1
21
22
SIM5
SIM1
SIM2
SIM3
SIM4
1
21
22
SIM5
SIM1
SIM2
SIM3
SIM4
1
21
22
SIM5
SIM1
SIM2
SIM3
SIM4
1
21
22
SIM5
SIM1
SIM2
SIM3
SIM4
1
21
22
SIM5
SIM1
SIM2
SIM3
SIM4
1
21
22
SIM5
SIM1
SIM2
SIM3
SIM4
1
21
22
SIM5
SIM1
SIM2
SIM3
SIM4
1
21
22
SIM5
SIM1
SIM2
SIM3
SIM4
1
21
22
SIM5
SIM1
SIM2
SIM3
SIM4
1
21
22
SIM5
SIM1
SIM2
SIM3
SIM4
1
21
22
SIM5
SIM1
SIM2
SIM3
SIM4
1
21
22
SIM5
SIM1
SIM2
SIM3
SIM4
1
21
22
SIM5
SIM1
SIM2
SIM3
SIM4
1
21
22
SIM5
SIM1
SIM2
SIM3
SIM4
1
21
22
SIM5
SIM1
SIM2
SIM3
SIM4
1
21
22
SIM5
SIM1
SIM2
SIM3
SIM4
1
21
22
SIM5
SIM1
SIM2
SIM3
SIM4
1
21
22
SIM5
SIM1
SIM2
SIM3
SIM4
1
21
22
SIM5
SIM1
SIM2
SIM3
SIM4
1
21
22
SIM5
SIM1
SIM2
SIM3
SIM4
1
21
22
SIM5
SIM1
SIM2
SIM3
SIM4
1
21
22
SIM5
SIM1
SIM2
SIM3
SIM4
1
21
22
SIM5
SIM1
SIM2
SIM3
SIM4
1
21
22
SIM5
SIM1
SIM2
DEBUG 1 627
SIM1
SIM2
SIM3
SIM4
1
21
22
SIM5
SIM1
SIM2
SIM3
SIM4
1
21
22
SIM5
SIM1
SIM2
SIM3
SIM4
1
21
22
SIM5
SIM1
SIM2
SIM3
SIM4
1
21
22
SIM5
SIM1
SIM2
SIM3
SIM4
1
21
22
SIM5
SIM1
SIM2
SIM3
SIM4
1
21
22
SIM5
SIM1
SIM2
SIM3
SIM4
1
21
22
SIM5
SIM1
SIM2
SIM3
SIM4
1
21
22
SIM5
SIM1
SIM2
SIM3
SIM4
1
21
22
SIM5
SIM1
SIM2
SIM3
SIM4
1
21
22
SIM5
SIM1
SIM2
SIM3
SIM4
1
21
22
SIM5
SIM1
SIM2
SIM3
SIM4
1
21
22
SIM5
SIM1
SIM2
SIM3
SIM4
1
21
22
SIM5
SIM1
SIM2
SIM3
SIM4
1
21
22
SIM5
SIM1
SIM2
SIM3
SIM4
1
21
22
SIM5
SIM1
SIM2
SIM3
SIM4
1
21
22
SIM5
SIM1
SIM2
SIM3
SIM4
1
21
22
SIM5
SIM1
SIM2
SIM3
SIM4
1
21
22
SIM5
SIM1
SIM2
SIM3
SIM4
1
21
22
SIM5
SIM1
SIM2
SIM3
SIM4
1
21
22
SIM5
SIM1
SIM2
SIM3
SIM4
1
21
22
SIM5
SIM1
SIM2
SIM3
SIM4
1
21
22
SIM5
SIM1
SIM2
SIM3
SIM4
1
21
22
SIM5
SIM1
SIM2
SIM3
SIM4
1
21
22
SIM5
SIM1
SIM2
SIM3
SIM4
1
21
22
SIM5
SIM1
SIM2
SIM3
SIM4
1
21
22
SIM5
SIM1
SIM2
SIM3
SIM4
1
21
22
SIM5
SIM1
SIM2
SIM3
SIM4
1
21
22
SIM5
SIM1
SIM2
SIM3
SIM4
1
21
22
SIM5
SIM1
SIM2
SIM3
SIM4
1
21
22
SIM5
SIM1
SIM2
SIM3
SIM4
1
21
22
SIM5
SIM1
SIM2
SIM3
SIM4
1
21
22
SIM5
SIM1
SIM2
SIM3
SIM4
1
21
22
SIM5
SIM1
SIM2
SIM3
SIM4
1
21
22
SIM5
SIM1
SIM2
SIM3
SIM4
1
21
22
SIM5
SIM1
SIM2
SIM3
SIM4
1
21
22
SIM5
SIM1
SIM2
SIM3
SIM4
1
21
22
SIM5
SIM1
SIM2
SIM3
SIM4
1
21
22
SIM5
SIM1
SIM2
SIM3
SIM4
1
21
22
SIM5
SIM1
SIM2
SIM3
SIM4
1
21
22
SIM5
SIM1
SIM2
SIM3
SIM4
1
21
22
SIM5
SIM1
SIM2
SIM3
SIM4
1
21
22
SIM5
SIM1
SIM2
SIM3
SIM4
1
21
22
SIM5
SIM1
SIM2
SIM3
SIM4
1
21
22
SIM5
SIM1
SIM2
SIM3
SIM4
1
21
22
SIM5
SIM1
SIM2
SIM3
SIM4
1
21
22
SIM5
SIM1
SIM2
SIM3
SIM4
1
21
22
SIM5
SIM1
SIM2
SIM3
SIM4
1
21
22
SIM5
SIM1
SIM2
SIM3
SIM4
1
21
22
SIM5
SIM1
SIM2
SIM3
SIM4
1
21
22
SIM5
SIM1
SIM2
SIM3
SIM4
1
21
22
SIM5
SIM1
SIM2
SIM3
SIM4
1
21
22
SIM5
SIM1
SIM2
SIM3
SIM4
1
21
22
SIM5
SIM1
SIM2
SIM3
SIM4
1
21
22
SIM5
SIM1
SIM2
SIM3
SIM4
1
21
22
SIM5
SIM1
SIM2
SIM3
SIM4
1
21
22
SIM5
SIM1
SIM2
SIM3
SIM4
1
21
22
SIM5
SIM1
SIM2
SIM3
SIM4
1
21
22
SIM5
SIM1
SIM2
SIM3
SIM4
1
21
22
SIM5
SIM1
SIM2
SIM3
SIM4
1
21
22
SIM5
SIM1
SIM2
SIM3
SIM4
1
21
22
SIM5
SIM1
SIM2
SIM3
SIM4
1
21
22
SIM5
SIM1
SIM2
SIM3
SIM4
1
21
22
SIM5
SIM1
SIM2
SIM3
SIM4
1
21
22
SIM5
SIM1
SIM2
SIM3
SIM4
1
21
22
SIM5
SIM1
SIM2
SIM3
SIM4
1
21
22
SIM5
SIM1
SIM2
SIM3
SIM4
1
21
22
SIM5
SIM1
SIM2
SIM3
SIM4
1
21
22
SIM5
SIM1
SIM2
SIM3
SIM4
1
21
22
SIM5
SIM1
SIM2
SIM3
SIM4
1
21
22
SIM5
SIM1
SIM2
SIM3
SIM4
1
21
22
SIM5
SIM1
SIM2
SIM3
SIM4
1
21
22
SIM5
SIM1
SIM2
SIM3
SIM4
1
21
22
SIM5
SIM1
SIM2
SIM3
SIM4
1
21
22
SIM5
SIM1
SIM2
SIM3
SIM4
1
21
22
SIM5
SIM1
SIM2
SIM3
SIM4
1
21
22
SIM5
SIM1
SIM2
SIM3
SIM4
1
21
22
SIM5
SIM1
SIM2
SIM3
SIM4
1
21
22
SIM5
SIM1
SIM2
SIM3
SIM4
1
21
22
SIM5
SIM1
SIM2
SIM3
SIM4
1
21
22
SIM5
SIM1
SIM2
SIM3
SIM4
1
21
22
SIM5
SIM1
SIM2
SIM3
SIM4
1
21
22
SIM5
SIM1
SIM2
SIM3
SIM4
1
21
22
SIM5
SIM1
SIM2
SIM3
SIM4
1
21
22
SIM5
SIM1
SIM2
SIM3
SIM4
1
21
22
SIM5
SIM1
SIM2
SIM3
SIM4
1
21
22
SIM5
SIM1
SIM2
SIM3
SIM4
1
21
22
SIM5
SIM1
SIM2
SIM3
SIM4
1
21
22
SIM5
SIM1
SIM2
SIM3
SIM4
1
21
22
SIM5
SIM1
SIM2
SIM3
SIM4
1
21
22
SIM5
SIM1
SIM2
SIM3
SIM4
1
21
22
SIM5
SIM1
SIM2
SIM3
SIM4
1
21
22
SIM5
SIM1
SIM2
SIM3
SIM4
1
21
22
SIM5
SIM1
SIM2
SIM3
SIM4
1
21
22
SIM5
SIM1
SIM2
SIM3
SIM4
1
21
22
SIM5
SIM1
SIM2
SIM3
SIM4
1
21
22
SIM5
SIM1
SIM2
SIM3
SIM4
1
21
22
SIM5
SIM1
SIM2
SIM3
SIM4
1
21
22
SIM5
SIM1
SIM2
SIM3
SIM4
1
21
22
SIM5
SIM1
SIM2
SIM3
SIM4
1
21
22
SIM5
SIM1
SIM2
SIM3
SIM4
1
21
22
SIM5
SIM1
SIM2
SIM3
SIM4
1
21
22
SIM5
SIM1
SIM2
SIM3
SIM4
1
21
22
SIM5
SIM1
SIM2
SIM3
SIM4
1
21
22
SIM5
SIM1
SIM2
SIM3
SIM4
1
21
22
SIM5
SIM1
SIM2
SIM3
SIM4
1
21
22
SIM5
SIM1
SIM2
SIM3
SIM4
1
21
22
SIM5
SIM1
SIM2
SIM3
SIM4
1
21
22
SIM5
SIM1
SIM2
SIM3
SIM4
1
21
22
SIM5
SIM1
SIM2
SIM3
SIM4
1
21
22
SIM5
SIM1
SIM2
SIM3
SIM4
1
21
22
SIM5
SIM1
SIM2
SIM3
SIM4
1
21
22
SIM5
SIM1
SIM2
SIM3
SIM4
1
21
22
SIM5
SIM1
SIM2
SIM3
SIM4
1
21
22
SIM5
SIM1
SIM2
SIM3
SIM4
1
21
22
SIM5
SIM1
SIM2
SIM3
SIM4
1
21
22
SIM5
SIM1
SIM2
SIM3
SIM4
1
21
22
SIM5
SIM1
SIM2
SIM3
SIM4
1
21
22
SIM5
SIM1
SIM2
SIM3
SIM4
1
21
22
SIM5
SIM1
SIM2
SIM3
SIM4
1
21
22
SIM5
SIM1
SIM2
SIM3
SIM4
1
21
22
SIM5
SIM1
SIM2
SIM3
SIM4
1
21
22
SIM5
SIM1
SIM2
SIM3
SIM4
1
21
22
SIM5
SIM1
SIM2
SIM3
SIM4
1
21
22
SIM5
SIM1
SIM2
SIM3
SIM4
1
21
22
SIM5
SIM1
SIM2
SIM3
SIM4
1
21
22
SIM5
SIM1
SIM2
SIM3
SIM4
1
21
22
SIM5
SIM1
SIM2
DEBUG 1 628
SIM1
SIM2
SIM3
SIM4
1
21
22
SIM5
SIM1
SIM2
SIM3
SIM4
1
21
22
SIM5
SIM1
SIM2
SIM3
SIM4
1
21
22
SIM5
SIM1
SIM2
SIM3
SIM4
1
21
22
SIM5
SIM1
SIM2
SIM3
SIM4
1
21
22
SIM5
SIM1
SIM2
SIM3
SIM4
1
21
22
SIM5
SIM1
SIM2
SIM3
SIM4
1
21
22
SIM5
SIM1
SIM2
SIM3
SIM4
1
21
22
SIM5
SIM1
SIM2
SIM3
SIM4
1
21
22
SIM5
SIM1
SIM2
SIM3
SIM4
1
21
22
SIM5
SIM1
SIM2
SIM3
SIM4
1
21
22
SIM5
SIM1
SIM2
SIM3
SIM4
1
21
22
SIM5
SIM1
SIM2
SIM3
SIM4
1
21
22
SIM5
SIM1
SIM2
SIM3
SIM4
1
21
22
SIM5
SIM1
SIM2
SIM3
SIM4
1
21
22
SIM5
SIM1
SIM2
SIM3
SIM4
1
21
22
SIM5
SIM1
SIM2
SIM3
SIM4
1
21
22
SIM5
SIM1
SIM2
SIM3
SIM4
1
21
22
SIM5
SIM1
SIM2
SIM3
SIM4
1
21
22
SIM5
SIM1
SIM2
SIM3
SIM4
1
21
22
SIM5
SIM1
SIM2
SIM3
SIM4
1
21
22
SIM5
SIM1
SIM2
SIM3
SIM4
1
21
22
SIM5
SIM1
SIM2
SIM3
SIM4
1
21
22
SIM5
SIM1
SIM2
SIM3
SIM4
1
21
22
SIM5
SIM1
SIM2
SIM3
SIM4
1
21
22
SIM5
SIM1
SIM2
SIM3
SIM4
1
21
22
SIM5
SIM1
SIM2
SIM3
SIM4
1
21
22
SIM5
SIM1
SIM2
SIM3
SIM4
1
21
22
SIM5
SIM1
SIM2
SIM3
SIM4
1
21
22
SIM5
SIM1
SIM2
SIM3
SIM4
1
21
22
SIM5
SIM1
SIM2
SIM3
SIM4
1
21
22
SIM5
SIM1
SIM2
SIM3
SIM4
1
21
22
SIM5
SIM1
SIM2
SIM3
SIM4
1
21
22
SIM5
SIM1
SIM2
SIM3
SIM4
1
21
22
SIM5
SIM1
SIM2
SIM3
SIM4
1
21
22
SIM5
SIM1
SIM2
SIM3
SIM4
1
21
22
SIM5
SIM1
SIM2
SIM3
SIM4
1
21
22
SIM5
SIM1
SIM2
SIM3
SIM4
1
21
22
SIM5
SIM1
SIM2
SIM3
SIM4
1
21
22
SIM5
SIM1
SIM2
SIM3
SIM4
1
21
22
SIM5
SIM1
SIM2
SIM3
SIM4
1
21
22
SIM5
SIM1
SIM2
SIM3
SIM4
1
21
22
SIM5
SIM1
SIM2
SIM3
SIM4
1
21
22
SIM5
SIM1
SIM2
SIM3
SIM4
1
21
22
SIM5
SIM1
SIM2
SIM3
SIM4
1
21
22
SIM5
SIM1
SIM2
SIM3
SIM4
1
21
22
SIM5
SIM1
SIM2
SIM3
SIM4
1
21
22
SIM5
SIM1
SIM2
SIM3
SIM4
1
21
22
SIM5
SIM1
SIM2
SIM3
SIM4
1
21
22
SIM5
SIM1
SIM2
SIM3
SIM4
1
21
22
SIM5
SIM1
SIM2
SIM3
SIM4
1
21
22
SIM5
SIM1
SIM2
SIM3
SIM4
1
21
22
SIM5
SIM1
SIM2
SIM3
SIM4
1
21
22
SIM5
SIM1
SIM2
SIM3
SIM4
1
21
22
SIM5
SIM1
SIM2
SIM3
SIM4
1
21
22
SIM5
SIM1
SIM2
SIM3
SIM4
1
21
22
SIM5
SIM1
SIM2
SIM3
SIM4
1
21
22
SIM5
SIM1
SIM2
SIM3
SIM4
1
21
22
SIM5
SIM1
SIM2
SIM3
SIM4
1
21
22
SIM5
SIM1
SIM2
SIM3
SIM4
1
21
22
SIM5
SIM1
SIM2
SIM3
SIM4
1
21
22
SIM5
SIM1
SIM2
SIM3
SIM4
1
21
22
SIM5
SIM1
SIM2
SIM3
SIM4
1
21
22
SIM5
SIM1
SIM2
SIM3
SIM4
1
21
22
SIM5
SIM1
SIM2
SIM3
SIM4
1
21
22
SIM5
SIM1
SIM2
SIM3
SIM4
1
21
22
SIM5
SIM1
SIM2
SIM3
SIM4
1
21
22
SIM5
SIM1
SIM2
SIM3
SIM4
1
21
22
SIM5
SIM1
SIM2
SIM3
SIM4
1
21
22
SIM5
SIM1
SIM2
SIM3
SIM4
1
21
22
SIM5
SIM1
SIM2
SIM3
SIM4
1
21
22
SIM5
SIM1
SIM2
SIM3
SIM4
1
21
22
SIM5
SIM1
SIM2
SIM3
SIM4
1
21
22
SIM5
SIM1
SIM2
SIM3
SIM4
1
21
22
SIM5
SIM1
SIM2
SIM3
SIM4
1
21
22
SIM5
SIM1
SIM2
SIM3
SIM4
1
21
22
SIM5
SIM1
SIM2
SIM3
SIM4
1
21
22
SIM5
SIM1
SIM2
SIM3
SIM4
1
21
22
SIM5
SIM1
SIM2
SIM3
SIM4
1
21
22
SIM5
SIM1
SIM2
SIM3
SIM4
1
21
22
SIM5
SIM1
SIM2
SIM3
SIM4
1
21
22
SIM5
SIM1
SIM2
SIM3
SIM4
1
21
22
SIM5
SIM1
SIM2
SIM3
SIM4
1
21
22
SIM5
SIM1
SIM2
SIM3
SIM4
1
21
22
SIM5
SIM1
SIM2
SIM3
SIM4
1
21
22
SIM5
SIM1
SIM2
SIM3
SIM4
1
21
22
SIM5
SIM1
SIM2
SIM3
SIM4
1
21
22
SIM5
SIM1
SIM2
SIM3
SIM4
1
21
22
SIM5
SIM1
SIM2
SIM3
SIM4
1
21
22
SIM5
SIM1
SIM2
SIM3
SIM4
1
21
22
SIM5
SIM1
SIM2
SIM3
SIM4
1
21
22
SIM5
SIM1
SIM2
SIM3
SIM4
1
21
22
SIM5
SIM1
SIM2
SIM3
SIM4
1
21
22
SIM5
SIM1
SIM2
SIM3
SIM4
1
21
22
SIM5
SIM1
SIM2
SIM3
SIM4
1
21
22
SIM5
SIM1
SIM2
SIM3
SIM4
1
21
22
SIM5
SIM1
SIM2
SIM3
SIM4
1
21
22
SIM5
SIM1
SIM2
SIM3
SIM4
1
21
22
SIM5
SIM1
SIM2
SIM3
SIM4
1
21
22
SIM5
SIM1
SIM2
SIM3
SIM4
1
21
22
SIM5
SIM1
SIM2
SIM3
SIM4
1
21
22
SIM5
SIM1
SIM2
SIM3
SIM4
1
21
22
SIM5
SIM1
SIM2
SIM3
SIM4
1
21
22
SIM5
SIM1
SIM2
SIM3
SIM4
1
21
22
SIM5
SIM1
SIM2
SIM3
SIM4
1
21
22
SIM5
SIM1
SIM2
DEBUG 1 629
SIM1
SIM2
SIM3
SIM4
1
21
22
SIM5
SIM1
SIM2
SIM3
SIM4
1
21
22
SIM5
SIM1
SIM2
SIM3
SIM4
1
21
22
SIM5
SIM1
SIM2
SIM3
SIM4
1
21
22
SIM5
SIM1
SIM2
SIM3
SIM4
1
21
22
SIM5
SIM1
SIM2
SIM3
SIM4
1
21
22
SIM5
SIM1
SIM2
SIM3
SIM4
1
21
22
SIM5
SIM1
SIM2
SIM3
SIM4
1
21
22
SIM5
SIM1
SIM2
SIM3
SIM4
1
21
22
SIM5
SIM1
SIM2
SIM3
SIM4
1
21
22
SIM5
SIM1
SIM2
SIM3
SIM4
1
21
22
SIM5
SIM1
SIM2
SIM3
SIM4
1
21
22
SIM5
SIM1
SIM2
SIM3
SIM4
1
21
22
SIM5
SIM1
SIM2
SIM3
SIM4
1
21
22
SIM5
SIM1
SIM2
SIM3
SIM4
1
21
22
SIM5
SIM1
SIM2
SIM3
SIM4
1
21
22
SIM5
SIM1
SIM2
SIM3
SIM4
1
21
22
SIM5
SIM1
SIM2
SIM3
SIM4
1
21
22
SIM5
SIM1
SIM2
SIM3
SIM4
1
21
22
SIM5
SIM1
SIM2
SIM3
SIM4
1
21
22
SIM5
SIM1
SIM2
SIM3
SIM4
1
21
22
SIM5
SIM1
SIM2
SIM3
SIM4
1
21
22
SIM5
SIM1
SIM2
SIM3
SIM4
1
21
22
SIM5
SIM1
SIM2
SIM3
SIM4
1
21
22
SIM5
SIM1
SIM2
SIM3
SIM4
1
21
22
SIM5
SIM1
SIM2
SIM3
SIM4
1
21
22
SIM5
SIM1
SIM2
SIM3
SIM4
1
21
22
SIM5
SIM1
SIM2
SIM3
SIM4
1
21
22
SIM5
SIM1
SIM2
SIM3
SIM4
1
21
22
SIM5
SIM1
SIM2
SIM3
SIM4
1
21
22
SIM5
SIM1
SIM2
SIM3
SIM4
1
21
22
SIM5
SIM1
SIM2
SIM3
SIM4
1
21
22
SIM5
SIM1
SIM2
SIM3
SIM4
1
21
22
SIM5
SIM1
SIM2
SIM3
SIM4
1
21
22
SIM5
SIM1
SIM2
SIM3
SIM4
1
21
22
SIM5
SIM1
SIM2
SIM3
SIM4
1
21
22
SIM5
SIM1
SIM2
SIM3
SIM4
1
21
22
SIM5
SIM1
SIM2
SIM3
SIM4
1
21
22
SIM5
SIM1
SIM2
SIM3
SIM4
1
21
22
SIM5
SIM1
SIM2
SIM3
SIM4
1
21
22
SIM5
SIM1
SIM2
SIM3
SIM4
1
21
22
SIM5
SIM1
SIM2
SIM3
SIM4
1
21
22
SIM5
SIM1
SIM2
SIM3
SIM4
1
21
22
SIM5
SIM1
SIM2
SIM3
SIM4
1
21
22
SIM5
SIM1
SIM2
SIM3
SIM4
1
21
22
SIM5
SIM1
SIM2
SIM3
SIM4
1
21
22
SIM5
SIM1
SIM2
SIM3
SIM4
1
21
22
SIM5
SIM1
SIM2
SIM3
SIM4
1
21
22
SIM5
SIM1
SIM2
SIM3
SIM4
1
21
22
SIM5
SIM1
SIM2
SIM3
SIM4
1
21
22
SIM5
SIM1
SIM2
SIM3
SIM4
1
21
22
SIM5
SIM1
SIM2
SIM3
SIM4
1
21
22
SIM5
SIM1
SIM2
SIM3
SIM4
1
21
22
SIM5
SIM1
SIM2
SIM3
SIM4
1
21
22
SIM5
SIM1
SIM2
SIM3
SIM4
1
21
22
SIM5
SIM1
SIM2
SIM3
SIM4
1
21
22
SIM5
SIM1
SIM2
SIM3
SIM4
1
21
22
SIM5
SIM1
SIM2
SIM3
SIM4
1
21
22
SIM5
SIM1
SIM2
SIM3
SIM4
1
21
22
SIM5
SIM1
SIM2
SIM3
SIM4
1
21
22
SIM5
SIM1
SIM2
SIM3
SIM4
1
21
22
SIM5
SIM1
SIM2
SIM3
SIM4
1
21
22
SIM5
SIM1
SIM2
SIM3
SIM4
1
21
22
SIM5
SIM1
SIM2
SIM3
SIM4
1
21
22
SIM5
SIM1
SIM2
SIM3
SIM4
1
21
22
SIM5
SIM1
SIM2
SIM3
SIM4
1
21
22
SIM5
SIM1
SIM2
SIM3
SIM4
1
21
22
SIM5
SIM1
SIM2
SIM3
SIM4
1
21
22
SIM5
SIM1
SIM2
SIM3
SIM4
1
21
22
SIM5
SIM1
SIM2
SIM3
SIM4
1
21
22
SIM5
SIM1
SIM2
SIM3
SIM4
1
21
22
SIM5
SIM1
SIM2
SIM3
SIM4
1
21
22
SIM5
SIM1
SIM2
SIM3
SIM4
1
21
22
SIM5
SIM1
SIM2
SIM3
SIM4
1
21
22
SIM5
SIM1
SIM2
SIM3
SIM4
1
21
22
SIM5
SIM1
SIM2
SIM3
SIM4
1
21
22
SIM5
SIM1
SIM2
SIM3
SIM4
1
21
22
SIM5
SIM1
SIM2
SIM3
SIM4
1
21
22
SIM5
SIM1
SIM2
SIM3
SIM4
1
21
22
SIM5
SIM1
SIM2
SIM3
SIM4
1
21
22
SIM5
SIM1
SIM2
SIM3
SIM4
1
21
22
SIM5
SIM1
SIM2
SIM3
SIM4
1
21
22
SIM5
SIM1
SIM2
SIM3
SIM4
1
21
22
SIM5
SIM1
SIM2
SIM3
SIM4
1
21
22
SIM5
SIM1
SIM2
SIM3
SIM4
1
21
22
SIM5
SIM1
SIM2
SIM3
SIM4
1
21
22
SIM5
SIM1
SIM2
SIM3
SIM4
1
21
22
SIM5
SIM1
SIM2
SIM3
SIM4
1
21
22
SIM5
SIM1
SIM2
SIM3
SIM4
1
21
22
SIM5
SIM1
SIM2
SIM3
SIM4
1
21
22
SIM5
SIM1
SIM2
SIM3
SIM4
1
21
22
SIM5
SIM1
SIM2
SIM3
SIM4
1
21
22
SIM5
SIM1
SIM2
SIM3
SIM4
1
21
22
SIM5
SIM1
SIM2
SIM3
SIM4
1
21
22
SIM5
SIM1
SIM2
SIM3
SIM4
1
21
22
SIM5
SIM1
SIM2
SIM3
SIM4
1
21
22
SIM5
SIM1
SIM2
SIM3
SIM4
1
21
22
SIM5
SIM1
SIM2
SIM3
SIM4
1
21
22
SIM5
SIM1
SIM2
SIM3
SIM4
1
21
22
SIM5
SIM1
SIM2
SIM3
SIM4
1
21
22
SIM5
SIM1
SIM2
SIM3
SIM4
1
21
22
SIM5
SIM1
SIM2
SIM3
SIM4
1
21
22
SIM5
SIM1
SIM2
SIM3
SIM4
1
21
22
SIM5
SIM1
SIM2
DEBUG 1 630
SIM1
SIM2
SIM3
SIM4
1
21
22
SIM5
SIM1
SIM2
SIM3
SIM4
1
21
22
SIM5
SIM1
SIM2
SIM3
SIM4
1
21
22
SIM5
SIM1
SIM2
SIM3
SIM4
1
21
22
SIM5
SIM1
SIM2
SIM3
SIM4
1
21
22
SIM5
SIM1
SIM2
SIM3
SIM4
1
21
22
SIM5
SIM1
SIM2
SIM3
SIM4
1
21
22
SIM5
SIM1
SIM2
SIM3
SIM4
1
21
22
SIM5
SIM1
SIM2
SIM3
SIM4
1
21
22
SIM5
SIM1
SIM2
SIM3
SIM4
1
21
22
SIM5
SIM1
SIM2
SIM3
SIM4
1
21
22
SIM5
SIM1
SIM2
SIM3
SIM4
1
21
22
SIM5
SIM1
SIM2
SIM3
SIM4
1
21
22
SIM5
SIM1
SIM2
SIM3
SIM4
1
21
22
SIM5
SIM1
SIM2
SIM3
SIM4
1
21
22
SIM5
SIM1
SIM2
SIM3
SIM4
1
21
22
SIM5
SIM1
SIM2
SIM3
SIM4
1
21
22
SIM5
SIM1
SIM2
SIM3
SIM4
1
21
22
SIM5
SIM1
SIM2
SIM3
SIM4
1
21
22
SIM5
SIM1
SIM2
SIM3
SIM4
1
21
22
SIM5
SIM1
SIM2
SIM3
SIM4
1
21
22
SIM5
SIM1
SIM2
SIM3
SIM4
1
21
22
SIM5
SIM1
SIM2
SIM3
SIM4
1
21
22
SIM5
SIM1
SIM2
SIM3
SIM4
1
21
22
SIM5
SIM1
SIM2
SIM3
SIM4
1
21
22
SIM5
SIM1
SIM2
SIM3
SIM4
1
21
22
SIM5
SIM1
SIM2
SIM3
SIM4
1
21
22
SIM5
SIM1
SIM2
SIM3
SIM4
1
21
22
SIM5
SIM1
SIM2
SIM3
SIM4
1
21
22
SIM5
SIM1
SIM2
SIM3
SIM4
1
21
22
SIM5
SIM1
SIM2
SIM3
SIM4
1
21
22
SIM5
SIM1
SIM2
SIM3
SIM4
1
21
22
SIM5
SIM1
SIM2
SIM3
SIM4
1
21
22
SIM5
SIM1
SIM2
SIM3
SIM4
1
21
22
SIM5
SIM1
SIM2
SIM3
SIM4
1
21
22
SIM5
SIM1
SIM2
SIM3
SIM4
1
21
22
SIM5
SIM1
SIM2
SIM3
SIM4
1
21
22
SIM5
SIM1
SIM2
SIM3
SIM4
1
21
22
SIM5
SIM1
SIM2
SIM3
SIM4
1
21
22
SIM5
SIM1
SIM2
SIM3
SIM4
1
21
22
SIM5
SIM1
SIM2
SIM3
SIM4
1
21
22
SIM5
SIM1
SIM2
SIM3
SIM4
1
21
22
SIM5
SIM1
SIM2
SIM3
SIM4
1
21
22
SIM5
SIM1
SIM2
SIM3
SIM4
1
21
22
SIM5
SIM1
SIM2
SIM3
SIM4
1
21
22
SIM5
SIM1
SIM2
SIM3
SIM4
1
21
22
SIM5
SIM1
SIM2
SIM3
SIM4
1
21
22
SIM5
SIM1
SIM2
SIM3
SIM4
1
21
22
SIM5
SIM1
SIM2
SIM3
SIM4
1
21
22
SIM5
SIM1
SIM2
SIM3
SIM4
1
21
22
SIM5
SIM1
SIM2
SIM3
SIM4
1
21
22
SIM5
SIM1
SIM2
SIM3
SIM4
1
21
22
SIM5
SIM1
SIM2
SIM3
SIM4
1
21
22
SIM5
SIM1
SIM2
SIM3
SIM4
1
21
22
SIM5
SIM1
SIM2
SIM3
SIM4
1
21
22
SIM5
SIM1
SIM2
SIM3
SIM4
1
21
22
SIM5
SIM1
SIM2
SIM3
SIM4
1
21
22
SIM5
SIM1
SIM2
SIM3
SIM4
1
21
22
SIM5
SIM1
SIM2
SIM3
SIM4
1
21
22
SIM5
SIM1
SIM2
SIM3
SIM4
1
21
22
SIM5
SIM1
SIM2
SIM3
SIM4
1
21
22
SIM5
SIM1
SIM2
SIM3
SIM4
1
21
22
SIM5
SIM1
SIM2
SIM3
SIM4
1
21
22
SIM5
SIM1
SIM2
SIM3
SIM4
1
21
22
SIM5
SIM1
SIM2
SIM3
SIM4
1
21
22
SIM5
SIM1
SIM2
SIM3
SIM4
1
21
22
SIM5
SIM1
SIM2
SIM3
SIM4
1
21
22
SIM5
SIM1
SIM2
SIM3
SIM4
1
21
22
SIM5
SIM1
SIM2
SIM3
SIM4
1
21
22
SIM5
SIM1
SIM2
SIM3
SIM4
1
21
22
SIM5
SIM1
SIM2
SIM3
SIM4
1
21
22
SIM5
SIM1
SIM2
SIM3
SIM4
1
21
22
SIM5
SIM1
SIM2
SIM3
SIM4
1
21
22
SIM5
SIM1
SIM2
SIM3
SIM4
1
21
22
SIM5
SIM1
SIM2
SIM3
SIM4
1
21
22
SIM5
SIM1
SIM2
SIM3
SIM4
1
21
22
SIM5
SIM1
SIM2
SIM3
SIM4
1
21
22
SIM5
SIM1
SIM2
SIM3
SIM4
1
21
22
SIM5
SIM1
SIM2
SIM3
SIM4
1
21
22
SIM5
SIM1
SIM2
SIM3
SIM4
1
21
22
SIM5
SIM1
SIM2
SIM3
SIM4
1
21
22
SIM5
SIM1
SIM2
SIM3
SIM4
1
21
22
SIM5
SIM1
SIM2
SIM3
SIM4
1
21
22
SIM5
SIM1
SIM2
SIM3
SIM4
1
21
22
SIM5
SIM1
SIM2
SIM3
SIM4
1
21
22
SIM5
SIM1
SIM2
SIM3
SIM4
1
21
22
SIM5
SIM1
SIM2
SIM3
SIM4
1
21
22
SIM5
SIM1
SIM2
SIM3
SIM4
1
21
22
SIM5
SIM1
SIM2
SIM3
SIM4
1
21
22
SIM5
SIM1
SIM2
SIM3
SIM4
1
21
22
SIM5
SIM1
SIM2
SIM3
SIM4
1
21
22
SIM5
SIM1
SIM2
SIM3
SIM4
1
21
22
SIM5
SIM1
SIM2
SIM3
SIM4
1
21
22
SIM5
SIM1
SIM2
SIM3
SIM4
1
21
22
SIM5
SIM1
SIM2
SIM3
SIM4
1
21
22
SIM5
SIM1
SIM2
SIM3
SIM4
1
21
22
SIM5
SIM1
SIM2
SIM3
SIM4
1
21
22
SIM5
SIM1
SIM2
SIM3
SIM4
1
21
22
SIM5
SIM1
SIM2
SIM3
SIM4
1
21
22
SIM5
SIM1
SIM2
SIM3
SIM4
1
21
22
SIM5
SIM1
SIM2
SIM3
SIM4
1
21
22
SIM5
SIM1
SIM2
SIM3
SIM4
1
21
22
SIM5
SIM1
SIM2
SIM3
SIM4
1
21
22
SIM5
SIM1
SIM2
SIM3
SIM4
1
21
22
SIM5
SIM1
SIM2
SIM3
SIM4
1
21
22
SIM5
SIM1
SIM2
SIM3
SIM4
1
21
22
SIM5
SIM1
SIM2
SIM3
SIM4
1
21
22
SIM5
SIM1
SIM2
SIM3
SIM4
1
21
22
SIM5
SIM1
SIM2
SIM3
SIM4
1
21
22
SIM5
SIM1
SIM2
SIM3
SIM4
1
21
22
SIM5
SIM1
SIM2
SIM3
SIM4
1
21
22
SIM5
SIM1
SIM2
SIM3
SIM4
1
21
22
SIM5
SIM1
SIM2
SIM3
SIM4
1
21
22
SIM5
SIM1
SIM2
SIM3
SIM4
1
21
22
SIM5
SIM1
SIM2
SIM3
SIM4
1
21
22
SIM5
SIM1
SIM2
SIM3
SIM4
1
21
22
SIM5
SIM1
SIM2
SIM3
SIM4
1
21
22
SIM5
SIM1
SIM2
SIM3
SIM4
1
21
22
SIM5
SIM1
SIM2
SIM3
SIM4
1
21
22
SIM5
SIM1
SIM2
SIM3
SIM4
1
21
22
SIM5
SIM1
SIM2
DEBUG 1 631
SIM1
SIM2
SIM3
SIM4
1
21
22
SIM5
SIM1
SIM2
SIM3
SIM4
1
21
22
SIM5
SIM1
SIM2
SIM3
SIM4
1
21
22
SIM5
SIM1
SIM2
SIM3
SIM4
1
21
22
SIM5
SIM1
SIM2
SIM3
SIM4
1
21
22
SIM5
SIM1
SIM2
SIM3
SIM4
1
21
22
SIM5
SIM1
SIM2
SIM3
SIM4
1
21
22
SIM5
SIM1
SIM2
SIM3
SIM4
1
21
22
SIM5
SIM1
SIM2
SIM3
SIM4
1
21
22
SIM5
SIM1
SIM2
SIM3
SIM4
1
21
22
SIM5
SIM1
SIM2
SIM3
SIM4
1
21
22
SIM5
SIM1
SIM2
SIM3
SIM4
1
21
22
SIM5
SIM1
SIM2
SIM3
SIM4
1
21
22
SIM5
SIM1
SIM2
SIM3
SIM4
1
21
22
SIM5
SIM1
SIM2
SIM3
SIM4
1
21
22
SIM5
SIM1
SIM2
SIM3
SIM4
1
21
22
SIM5
SIM1
SIM2
SIM3
SIM4
1
21
22
SIM5
SIM1
SIM2
SIM3
SIM4
1
21
22
SIM5
SIM1
SIM2
SIM3
SIM4
1
21
22
SIM5
SIM1
SIM2
SIM3
SIM4
1
21
22
SIM5
SIM1
SIM2
SIM3
SIM4
1
21
22
SIM5
SIM1
SIM2
SIM3
SIM4
1
21
22
SIM5
SIM1
SIM2
SIM3
SIM4
1
21
22
SIM5
SIM1
SIM2
SIM3
SIM4
1
21
22
SIM5
SIM1
SIM2
SIM3
SIM4
1
21
22
SIM5
SIM1
SIM2
SIM3
SIM4
1
21
22
SIM5
SIM1
SIM2
SIM3
SIM4
1
21
22
SIM5
SIM1
SIM2
SIM3
SIM4
1
21
22
SIM5
SIM1
SIM2
SIM3
SIM4
1
21
22
SIM5
SIM1
SIM2
SIM3
SIM4
1
21
22
SIM5
SIM1
SIM2
SIM3
SIM4
1
21
22
SIM5
SIM1
SIM2
SIM3
SIM4
1
21
22
SIM5
SIM1
SIM2
SIM3
SIM4
1
21
22
SIM5
SIM1
SIM2
SIM3
SIM4
1
21
22
SIM5
SIM1
SIM2
SIM3
SIM4
1
21
22
SIM5
SIM1
SIM2
SIM3
SIM4
1
21
22
SIM5
SIM1
SIM2
SIM3
SIM4
1
21
22
SIM5
SIM1
SIM2
SIM3
SIM4
1
21
22
SIM5
SIM1
SIM2
SIM3
SIM4
1
21
22
SIM5
SIM1
SIM2
SIM3
SIM4
1
21
22
SIM5
SIM1
SIM2
SIM3
SIM4
1
21
22
SIM5
SIM1
SIM2
SIM3
SIM4
1
21
22
SIM5
SIM1
SIM2
SIM3
SIM4
1
21
22
SIM5
SIM1
SIM2
SIM3
SIM4
1
21
22
SIM5
SIM1
SIM2
SIM3
SIM4
1
21
22
SIM5
SIM1
SIM2
SIM3
SIM4
1
21
22
SIM5
SIM1
SIM2
SIM3
SIM4
1
21
22
SIM5
SIM1
SIM2
SIM3
SIM4
1
21
22
SIM5
SIM1
SIM2
SIM3
SIM4
1
21
22
SIM5
SIM1
SIM2
SIM3
SIM4
1
21
22
SIM5
SIM1
SIM2
SIM3
SIM4
1
21
22
SIM5
SIM1
SIM2
SIM3
SIM4
1
21
22
SIM5
SIM1
SIM2
SIM3
SIM4
1
21
22
SIM5
SIM1
SIM2
SIM3
SIM4
1
21
22
SIM5
SIM1
SIM2
SIM3
SIM4
1
21
22
SIM5
SIM1
SIM2
SIM3
SIM4
1
21
22
SIM5
SIM1
SIM2
SIM3
SIM4
1
21
22
SIM5
SIM1
SIM2
SIM3
SIM4
1
21
22
SIM5
SIM1
SIM2
SIM3
SIM4
1
21
22
SIM5
SIM1
SIM2
SIM3
SIM4
1
21
22
SIM5
SIM1
SIM2
SIM3
SIM4
1
21
22
SIM5
SIM1
SIM2
SIM3
SIM4
1
21
22
SIM5
SIM1
SIM2
SIM3
SIM4
1
21
22
SIM5
SIM1
SIM2
SIM3
SIM4
1
21
22
SIM5
SIM1
SIM2
SIM3
SIM4
1
21
22
SIM5
SIM1
SIM2
SIM3
SIM4
1
21
22
SIM5
SIM1
SIM2
SIM3
SIM4
1
21
22
SIM5
SIM1
SIM2
SIM3
SIM4
1
21
22
SIM5
SIM1
SIM2
SIM3
SIM4
1
21
22
SIM5
SIM1
SIM2
SIM3
SIM4
1
21
22
SIM5
SIM1
SIM2
SIM3
SIM4
1
21
22
SIM5
SIM1
SIM2
SIM3
SIM4
1
21
22
SIM5
SIM1
SIM2
SIM3
SIM4
1
21
22
SIM5
SIM1
SIM2
SIM3
SIM4
1
21
22
SIM5
SIM1
SIM2
SIM3
SIM4
1
21
22
SIM5
SIM1
SIM2
SIM3
SIM4
1
21
22
SIM5
SIM1
SIM2
SIM3
SIM4
1
21
22
SIM5
SIM1
SIM2
SIM3
SIM4
1
21
22
SIM5
SIM1
SIM2
SIM3
SIM4
1
21
22
SIM5
SIM1
SIM2
SIM3
SIM4
1
21
22
SIM5
SIM1
SIM2
SIM3
SIM4
1
21
22
SIM5
SIM1
SIM2
SIM3
SIM4
1
21
22
SIM5
SIM1
SIM2
SIM3
SIM4
1
21
22
SIM5
SIM1
SIM2
SIM3
SIM4
1
21
22
SIM5
SIM1
SIM2
SIM3
SIM4
1
21
22
SIM5
SIM1
SIM2
SIM3
SIM4
1
21
22
SIM5
SIM1
SIM2
SIM3
SIM4
1
21
22
SIM5
SIM1
SIM2
SIM3
SIM4
1
21
22
SIM5
SIM1
SIM2
SIM3
SIM4
1
21
22
SIM5
SIM1
SIM2
SIM3
SIM4
1
21
22
SIM5
SIM1
SIM2
SIM3
SIM4
1
21
22
SIM5
SIM1
SIM2
SIM3
SIM4
1
21
22
SIM5
SIM1
SIM2
SIM3
SIM4
1
21
22
SIM5
SIM1
SIM2
SIM3
SIM4
1
21
22
SIM5
SIM1
SIM2
SIM3
SIM4
1
21
22
SIM5
SIM1
SIM2
SIM3
SIM4
1
21
22
SIM5
SIM1
SIM2
SIM3
SIM4
1
21
22
SIM5
SIM1
SIM2
SIM3
SIM4
1
21
22
SIM5
SIM1
SIM2
SIM3
SIM4
1
21
22
SIM5
SIM1
SIM2
SIM3
SIM4
1
21
22
SIM5
SIM1
SIM2
SIM3
SIM4
1
21
22
SIM5
SIM1
SIM2
SIM3
SIM4
1
21
22
SIM5
SIM1
SIM2
SIM3
SIM4
1
21
22
SIM5
SIM1
SIM2
SIM3
SIM4
1
21
22
SIM5
SIM1
SIM2
SIM3
SIM4
1
21
22
SIM5
SIM1
SIM2
SIM3
SIM4
1
21
22
SIM5
SIM1
SIM2
SIM3
SIM4
1
21
22
SIM5
SIM1
SIM2
SIM3
SIM4
1
21
22
SIM5
SIM1
SIM2
SIM3
SIM4
1
21
22
SIM5
SIM1
SIM2
SIM3
SIM4
1
21
22
SIM5
SIM1
SIM2
SIM3
SIM4
1
21
22
SIM5
SIM1
SIM2
SIM3
SIM4
1
21
22
SIM5
SIM1
SIM2
SIM3
SIM4
1
21
22
SIM5
SIM1
SIM2
SIM3
SIM4
1
21
22
SIM5
SIM1
SIM2
SIM3
SIM4
1
21
22
SIM5
SIM1
SIM2
SIM3
SIM4
1
21
22
SIM5
SIM1
SIM2
SIM3
SIM4
1
21
22
SIM5
SIM1
SIM2
SIM3
SIM4
1
21
22
SIM5
SIM1
SIM2
SIM3
SIM4
1
21
22
SIM5
SIM1
SIM2
SIM3
SIM4
1
21
22
SIM5
SIM1
SIM2
SIM3
SIM4
1
21
22
SIM5
SIM1
SIM2
SIM3
SIM4
1
21
22
SIM5
SIM1
SIM2
SIM3
SIM4
1
21
22
SIM5
SIM1
SIM2
SIM3
SIM4
1
21
22
SIM5
SIM1
SIM2
SIM3
SIM4
1
21
22
SIM5
SIM1
SIM2
SIM3
SIM4
1
21
22
SIM5
SIM1
SIM2
SIM3
SIM4
1
21
22
SIM5
SIM1
SIM2
SIM3
SIM4
1
21
22
SIM5
SIM1
SIM2
SIM3
SIM4
1
21
22
SIM5
SIM1
SIM2
SIM3
SIM4
1
21
22
SIM5
SIM1
SIM2
SIM3
SIM4
1
21
22
SIM5
SIM1
SIM2
SIM3
SIM4
1
21
22
SIM5
SIM1
SIM2
SIM3
SIM4
1
21
22
SIM5
SIM1
SIM2
SIM3
SIM4
1
21
22
SIM5
SIM1
SIM2
SIM3
SIM4
1
21
22
SIM5
SIM1
SIM2
SIM3
SIM4
1
21
22
SIM5
SIM1
SIM2
SIM3
SIM4
1
21
22
SIM5
SIM1
SIM2
SIM3
SIM4
1
21
22
SIM5
SIM1
SIM2
SIM3
SIM4
1
21
22
SIM5
SIM1
SIM2
SIM3
SIM4
1
21
22
SIM5
SIM1
SIM2
SIM3
SIM4
1
21
22
SIM5
SIM1
SIM2
SIM3
SIM4
1
21
22
SIM5
SIM1
SIM2
SIM3
SIM4
1
21
22
SIM5
SIM1
SIM2
SIM3
SIM4
1
21
22
SIM5
SIM1
SIM2
SIM3
SIM4
1
21
22
SIM5
SIM1
SIM2
SIM3
SIM4
1
21
22
SIM5
SIM1
SIM2
SIM3
SIM4
1
21
22
SIM5
SIM1
SIM2
SIM3
SIM4
1
21
22
SIM5
SIM1
SIM2
SIM3
SIM4
1
21
22
SIM5
SIM1
SIM2
SIM3
SIM4
1
21
22
SIM5
SIM1
SIM2
SIM3
SIM4
1
21
22
SIM5
SIM1
SIM2
SIM3
SIM4
1
21
22
SIM5
SIM1
SIM2
SIM3
SIM4
1
21
22
SIM5
SIM1
SIM2
SIM3
SIM4
1
21
22
SIM5
SIM1
SIM2
SIM3
SIM4
1
21
22
SIM5
SIM1
SIM2
SIM3
SIM4
1
21
22
SIM5
SIM1
SIM2
SIM3
SIM4
1
21
22
SIM5
SIM1
SIM2
SIM3
SIM4
1
21
22
SIM5
SIM1
SIM2
SIM3
SIM4
1
21
22
SIM5
SIM1
SIM2
SIM3
SIM4
1
21
22
SIM5
SIM1
SIM2
SIM3
SIM4
1
21
22
SIM5
SIM1
SIM2
SIM3
SIM4
1
21
22
SIM5
SIM1
SIM2
SIM3
SIM4
1
21
22
SIM5
SIM1
SIM2
SIM3
SIM4
1
21
22
SIM5
SIM1
SIM2
SIM3
SIM4
1
21
22
SIM5
SIM1
SIM2
SIM3
SIM4
1
21
22
SIM5
SIM1
SIM2
SIM3
SIM4
1
21
22
SIM5
SIM1
SIM2
SIM3
SIM4
1
21
22
SIM5
SIM1
SIM2
SIM3
SIM4
1
21
22
SIM5
SIM1
SIM2
SIM3
SIM4
1
21
22
SIM5
SIM1
SIM2
DEBUG 1 632
SIM1
SIM2
SIM3
SIM4
1
21
22
SIM5
SIM1
SIM2
SIM3
SIM4
1
21
22
SIM5
SIM1
SIM2
SIM3
SIM4
1
21
22
SIM5
SIM1
SIM2
SIM3
SIM4
1
21
22
SIM5
SIM1
SIM2
SIM3
SIM4
1
21
22
SIM5
SIM1
SIM2
SIM3
SIM4
1
21
22
SIM5
SIM1
SIM2
SIM3
SIM4
1
21
22
SIM5
SIM1
SIM2
SIM3
SIM4
1
21
22
SIM5
SIM1
SIM2
SIM3
SIM4
1
21
22
SIM5
SIM1
SIM2
SIM3
SIM4
1
21
22
SIM5
SIM1
SIM2
SIM3
SIM4
1
21
22
SIM5
SIM1
SIM2
SIM3
SIM4
1
21
22
SIM5
SIM1
SIM2
SIM3
SIM4
1
21
22
SIM5
SIM1
SIM2
SIM3
SIM4
1
21
22
SIM5
SIM1
SIM2
SIM3
SIM4
1
21
22
SIM5
SIM1
SIM2
SIM3
SIM4
1
21
22
SIM5
SIM1
SIM2
SIM3
SIM4
1
21
22
SIM5
SIM1
SIM2
SIM3
SIM4
1
21
22
SIM5
SIM1
SIM2
SIM3
SIM4
1
21
22
SIM5
SIM1
SIM2
SIM3
SIM4
1
21
22
SIM5
SIM1
SIM2
SIM3
SIM4
1
21
22
SIM5
SIM1
SIM2
SIM3
SIM4
1
21
22
SIM5
SIM1
SIM2
SIM3
SIM4
1
21
22
SIM5
SIM1
SIM2
SIM3
SIM4
1
21
22
SIM5
SIM1
SIM2
SIM3
SIM4
1
21
22
SIM5
SIM1
SIM2
SIM3
SIM4
1
21
22
SIM5
SIM1
SIM2
SIM3
SIM4
1
21
22
SIM5
SIM1
SIM2
SIM3
SIM4
1
21
22
SIM5
SIM1
SIM2
SIM3
SIM4
1
21
22
SIM5
SIM1
SIM2
SIM3
SIM4
1
21
22
SIM5
SIM1
SIM2
SIM3
SIM4
1
21
22
SIM5
SIM1
SIM2
SIM3
SIM4
1
21
22
SIM5
SIM1
SIM2
SIM3
SIM4
1
21
22
SIM5
SIM1
SIM2
SIM3
SIM4
1
21
22
SIM5
SIM1
SIM2
SIM3
SIM4
1
21
22
SIM5
SIM1
SIM2
SIM3
SIM4
1
21
22
SIM5
SIM1
SIM2
SIM3
SIM4
1
21
22
SIM5
SIM1
SIM2
SIM3
SIM4
1
21
22
SIM5
SIM1
SIM2
SIM3
SIM4
1
21
22
SIM5
SIM1
SIM2
SIM3
SIM4
1
21
22
SIM5
SIM1
SIM2
SIM3
SIM4
1
21
22
SIM5
SIM1
SIM2
SIM3
SIM4
1
21
22
SIM5
SIM1
SIM2
SIM3
SIM4
1
21
22
SIM5
SIM1
SIM2
SIM3
SIM4
1
21
22
SIM5
SIM1
SIM2
SIM3
SIM4
1
21
22
SIM5
SIM1
SIM2
SIM3
SIM4
1
21
22
SIM5
SIM1
SIM2
SIM3
SIM4
1
21
22
SIM5
SIM1
SIM2
SIM3
SIM4
1
21
22
SIM5
SIM1
SIM2
SIM3
SIM4
1
21
22
SIM5
SIM1
SIM2
SIM3
SIM4
1
21
22
SIM5
SIM1
SIM2
SIM3
SIM4
1
21
22
SIM5
SIM1
SIM2
SIM3
SIM4
1
21
22
SIM5
SIM1
SIM2
SIM3
SIM4
1
21
22
SIM5
SIM1
SIM2
SIM3
SIM4
1
21
22
SIM5
SIM1
SIM2
SIM3
SIM4
1
21
22
SIM5
SIM1
SIM2
SIM3
SIM4
1
21
22
SIM5
SIM1
SIM2
SIM3
SIM4
1
21
22
SIM5
SIM1
SIM2
SIM3
SIM4
1
21
22
SIM5
SIM1
SIM2
SIM3
SIM4
1
21
22
SIM5
SIM1
SIM2
SIM3
SIM4
1
21
22
SIM5
SIM1
SIM2
SIM3
SIM4
1
21
22
SIM5
SIM1
SIM2
SIM3
SIM4
1
21
22
SIM5
SIM1
SIM2
SIM3
SIM4
1
21
22
SIM5
SIM1
SIM2
SIM3
SIM4
1
21
22
SIM5
SIM1
SIM2
SIM3
SIM4
1
21
22
SIM5
SIM1
SIM2
SIM3
SIM4
1
21
22
SIM5
SIM1
SIM2
SIM3
SIM4
1
21
22
SIM5
SIM1
SIM2
SIM3
SIM4
1
21
22
SIM5
SIM1
SIM2
SIM3
SIM4
1
21
22
SIM5
SIM1
SIM2
SIM3
SIM4
1
21
22
SIM5
SIM1
SIM2
SIM3
SIM4
1
21
22
SIM5
SIM1
SIM2
SIM3
SIM4
1
21
22
SIM5
SIM1
SIM2
SIM3
SIM4
1
21
22
SIM5
SIM1
SIM2
SIM3
SIM4
1
21
22
SIM5
SIM1
SIM2
SIM3
SIM4
1
21
22
SIM5
SIM1
SIM2
SIM3
SIM4
1
21
22
SIM5
SIM1
SIM2
SIM3
SIM4
1
21
22
SIM5
SIM1
SIM2
SIM3
SIM4
1
21
22
SIM5
SIM1
SIM2
SIM3
SIM4
1
21
22
SIM5
SIM1
SIM2
SIM3
SIM4
1
21
22
SIM5
SIM1
SIM2
SIM3
SIM4
1
21
22
SIM5
SIM1
SIM2
SIM3
SIM4
1
21
22
SIM5
SIM1
SIM2
SIM3
SIM4
1
21
22
SIM5
SIM1
SIM2
SIM3
SIM4
1
21
22
SIM5
SIM1
SIM2
SIM3
SIM4
1
21
22
SIM5
SIM1
SIM2
SIM3
SIM4
1
21
22
SIM5
SIM1
SIM2
SIM3
SIM4
1
21
22
SIM5
SIM1
SIM2
SIM3
SIM4
1
21
22
SIM5
SIM1
SIM2
SIM3
SIM4
1
21
22
SIM5
SIM1
SIM2
SIM3
SIM4
1
21
22
SIM5
SIM1
SIM2
SIM3
SIM4
1
21
22
SIM5
SIM1
SIM2
SIM3
SIM4
1
21
22
SIM5
SIM1
SIM2
SIM3
SIM4
1
21
22
SIM5
SIM1
SIM2
SIM3
SIM4
1
21
22
SIM5
SIM1
SIM2
SIM3
SIM4
1
21
22
SIM5
SIM1
SIM2
SIM3
SIM4
1
21
22
SIM5
SIM1
SIM2
SIM3
SIM4
1
21
22
SIM5
SIM1
SIM2
SIM3
SIM4
1
21
22
SIM5
SIM1
SIM2
SIM3
SIM4
1
21
22
SIM5
SIM1
SIM2
SIM3
SIM4
1
21
22
SIM5
SIM1
SIM2
SIM3
SIM4
1
21
22
SIM5
SIM1
SIM2
SIM3
SIM4
1
21
22
SIM5
SIM1
SIM2
SIM3
SIM4
1
21
22
SIM5
SIM1
SIM2
SIM3
SIM4
1
21
22
SIM5
SIM1
SIM2
SIM3
SIM4
1
21
22
SIM5
SIM1
SIM2
SIM3
SIM4
1
21
22
SIM5
SIM1
SIM2
SIM3
SIM4
1
21
22
SIM5
SIM1
SIM2
SIM3
SIM4
1
21
22
SIM5
SIM1
SIM2
SIM3
SIM4
1
21
22
SIM5
SIM1
SIM2
SIM3
SIM4
1
21
22
SIM5
SIM1
SIM2
SIM3
SIM4
1
21
22
SIM5
SIM1
SIM2
SIM3
SIM4
1
21
22
SIM5
SIM1
SIM2
SIM3
SIM4
1
21
22
SIM5
SIM1
SIM2
SIM3
SIM4
1
21
22
SIM5
SIM1
SIM2
SIM3
SIM4
1
21
22
SIM5
SIM1
SIM2
SIM3
SIM4
1
21
22
SIM5
SIM1
SIM2
SIM3
SIM4
1
21
22
SIM5
SIM1
SIM2
SIM3
SIM4
1
21
22
SIM5
SIM1
SIM2
SIM3
SIM4
1
21
22
SIM5
SIM1
SIM2
SIM3
SIM4
1
21
22
SIM5
SIM1
SIM2
SIM3
SIM4
1
21
22
SIM5
SIM1
SIM2
SIM3
SIM4
1
21
22
SIM5
SIM1
SIM2
SIM3
SIM4
1
21
22
SIM5
SIM1
SIM2
SIM3
SIM4
1
21
22
SIM5
SIM1
SIM2
SIM3
SIM4
1
21
22
SIM5
SIM1
SIM2
SIM3
SIM4
1
21
22
SIM5
SIM1
SIM2
SIM3
SIM4
1
21
22
SIM5
SIM1
SIM2
SIM3
SIM4
1
21
22
SIM5
SIM1
SIM2
SIM3
SIM4
1
21
22
SIM5
SIM1
SIM2
SIM3
SIM4
1
21
22
SIM5
SIM1
SIM2
SIM3
SIM4
1
21
22
SIM5
SIM1
SIM2
SIM3
SIM4
1
21
22
SIM5
SIM1
SIM2
SIM3
SIM4
1
21
22
SIM5
SIM1
SIM2
SIM3
SIM4
1
21
22
SIM5
SIM1
SIM2
SIM3
SIM4
1
21
22
SIM5
SIM1
SIM2
SIM3
SIM4
1
21
22
SIM5
SIM1
SIM2
SIM3
SIM4
1
21
22
SIM5
SIM1
SIM2
SIM3
SIM4
1
21
22
SIM5
SIM1
SIM2
SIM3
SIM4
1
21
22
SIM5
SIM1
SIM2
SIM3
SIM4
1
21
22
SIM5
SIM1
SIM2
SIM3
SIM4
1
21
22
SIM5
SIM1
SIM2
SIM3
SIM4
1
21
22
SIM5
SIM1
SIM2
SIM3
SIM4
1
21
22
SIM5
SIM1
SIM2
SIM3
SIM4
1
21
22
SIM5
SIM1
SIM2
SIM3
SIM4
1
21
22
SIM5
SIM1
SIM2
SIM3
SIM4
1
21
22
SIM5
SIM1
SIM2
SIM3
SIM4
1
21
22
SIM5
SIM1
SIM2
SIM3
SIM4
1
21
22
SIM5
SIM1
SIM2
SIM3
SIM4
1
21
22
SIM5
SIM1
SIM2
SIM3
SIM4
1
21
22
SIM5
SIM1
SIM2
SIM3
SIM4
1
21
22
SIM5
SIM1
SIM2
SIM3
SIM4
1
21
22
SIM5
SIM1
SIM2
SIM3
SIM4
1
21
22
SIM5
SIM1
SIM2
SIM3
SIM4
1
21
22
SIM5
SIM1
SIM2
SIM3
SIM4
1
21
22
SIM5
SIM1
SIM2
SIM3
SIM4
1
21
22
SIM5
SIM1
SIM2
SIM3
SIM4
1
21
22
SIM5
SIM1
SIM2
DEBUG 1 633
SIM1
SIM2
SIM3
SIM4
1
21
22
SIM5
SIM1
SIM2
SIM3
SIM4
1
21
22
SIM5
SIM1
SIM2
SIM3
SIM4
1
21
22
SIM5
SIM1
SIM2
SIM3
SIM4
1
21
22
SIM5
SIM1
SIM2
SIM3
SIM4
1
21
22
SIM5
SIM1
SIM2
SIM3
SIM4
1
21
22
SIM5
SIM1
SIM2
SIM3
SIM4
1
21
22
SIM5
SIM1
SIM2
SIM3
SIM4
1
21
22
SIM5
SIM1
SIM2
SIM3
SIM4
1
21
22
SIM5
SIM1
SIM2
SIM3
SIM4
1
21
22
SIM5
SIM1
SIM2
SIM3
SIM4
1
21
22
SIM5
SIM1
SIM2
SIM3
SIM4
1
21
22
SIM5
SIM1
SIM2
SIM3
SIM4
1
21
22
SIM5
SIM1
SIM2
SIM3
SIM4
1
21
22
SIM5
SIM1
SIM2
SIM3
SIM4
1
21
22
SIM5
SIM1
SIM2
SIM3
SIM4
1
21
22
SIM5
SIM1
SIM2
SIM3
SIM4
1
21
22
SIM5
SIM1
SIM2
SIM3
SIM4
1
21
22
SIM5
SIM1
SIM2
SIM3
SIM4
1
21
22
SIM5
SIM1
SIM2
SIM3
SIM4
1
21
22
SIM5
SIM1
SIM2
SIM3
SIM4
1
21
22
SIM5
SIM1
SIM2
SIM3
SIM4
1
21
22
SIM5
SIM1
SIM2
SIM3
SIM4
1
21
22
SIM5
SIM1
SIM2
SIM3
SIM4
1
21
22
SIM5
SIM1
SIM2
SIM3
SIM4
1
21
22
SIM5
SIM1
SIM2
SIM3
SIM4
1
21
22
SIM5
SIM1
SIM2
SIM3
SIM4
1
21
22
SIM5
SIM1
SIM2
SIM3
SIM4
1
21
22
SIM5
SIM1
SIM2
SIM3
SIM4
1
21
22
SIM5
SIM1
SIM2
SIM3
SIM4
1
21
22
SIM5
SIM1
SIM2
SIM3
SIM4
1
21
22
SIM5
SIM1
SIM2
SIM3
SIM4
1
21
22
SIM5
SIM1
SIM2
SIM3
SIM4
1
21
22
SIM5
SIM1
SIM2
SIM3
SIM4
1
21
22
SIM5
SIM1
SIM2
SIM3
SIM4
1
21
22
SIM5
SIM1
SIM2
SIM3
SIM4
1
21
22
SIM5
SIM1
SIM2
SIM3
SIM4
1
21
22
SIM5
SIM1
SIM2
SIM3
SIM4
1
21
22
SIM5
SIM1
SIM2
SIM3
SIM4
1
21
22
SIM5
SIM1
SIM2
SIM3
SIM4
1
21
22
SIM5
SIM1
SIM2
SIM3
SIM4
1
21
22
SIM5
SIM1
SIM2
SIM3
SIM4
1
21
22
SIM5
SIM1
SIM2
SIM3
SIM4
1
21
22
SIM5
SIM1
SIM2
SIM3
SIM4
1
21
22
SIM5
SIM1
SIM2
SIM3
SIM4
1
21
22
SIM5
SIM1
SIM2
SIM3
SIM4
1
21
22
SIM5
SIM1
SIM2
SIM3
SIM4
1
21
22
SIM5
SIM1
SIM2
SIM3
SIM4
1
21
22
SIM5
SIM1
SIM2
SIM3
SIM4
1
21
22
SIM5
SIM1
SIM2
SIM3
SIM4
1
21
22
SIM5
SIM1
SIM2
SIM3
SIM4
1
21
22
SIM5
SIM1
SIM2
SIM3
SIM4
1
21
22
SIM5
SIM1
SIM2
SIM3
SIM4
1
21
22
SIM5
SIM1
SIM2
SIM3
SIM4
1
21
22
SIM5
SIM1
SIM2
SIM3
SIM4
1
21
22
SIM5
SIM1
SIM2
SIM3
SIM4
1
21
22
SIM5
SIM1
SIM2
SIM3
SIM4
1
21
22
SIM5
SIM1
SIM2
SIM3
SIM4
1
21
22
SIM5
SIM1
SIM2
SIM3
SIM4
1
21
22
SIM5
SIM1
SIM2
SIM3
SIM4
1
21
22
SIM5
SIM1
SIM2
SIM3
SIM4
1
21
22
SIM5
SIM1
SIM2
SIM3
SIM4
1
21
22
SIM5
SIM1
SIM2
SIM3
SIM4
1
21
22
SIM5
SIM1
SIM2
SIM3
SIM4
1
21
22
SIM5
SIM1
SIM2
SIM3
SIM4
1
21
22
SIM5
SIM1
SIM2
SIM3
SIM4
1
21
22
SIM5
SIM1
SIM2
SIM3
SIM4
1
21
22
SIM5
SIM1
SIM2
SIM3
SIM4
1
21
22
SIM5
SIM1
SIM2
SIM3
SIM4
1
21
22
SIM5
SIM1
SIM2
SIM3
SIM4
1
21
22
SIM5
SIM1
SIM2
SIM3
SIM4
1
21
22
SIM5
SIM1
SIM2
SIM3
SIM4
1
21
22
SIM5
SIM1
SIM2
SIM3
SIM4
1
21
22
SIM5
SIM1
SIM2
SIM3
SIM4
1
21
22
SIM5
SIM1
SIM2
SIM3
SIM4
1
21
22
SIM5
SIM1
SIM2
SIM3
SIM4
1
21
22
SIM5
SIM1
SIM2
SIM3
SIM4
1
21
22
SIM5
SIM1
SIM2
SIM3
SIM4
1
21
22
SIM5
SIM1
SIM2
SIM3
SIM4
1
21
22
SIM5
SIM1
SIM2
SIM3
SIM4
1
21
22
SIM5
SIM1
SIM2
SIM3
SIM4
1
21
22
SIM5
SIM1
SIM2
SIM3
SIM4
1
21
22
SIM5
SIM1
SIM2
SIM3
SIM4
1
21
22
SIM5
SIM1
SIM2
SIM3
SIM4
1
21
22
SIM5
SIM1
SIM2
SIM3
SIM4
1
21
22
SIM5
SIM1
SIM2
SIM3
SIM4
1
21
22
SIM5
SIM1
SIM2
SIM3
SIM4
1
21
22
SIM5
SIM1
SIM2
SIM3
SIM4
1
21
22
SIM5
SIM1
SIM2
SIM3
SIM4
1
21
22
SIM5
SIM1
SIM2
SIM3
SIM4
1
21
22
SIM5
SIM1
SIM2
SIM3
SIM4
1
21
22
SIM5
SIM1
SIM2
SIM3
SIM4
1
21
22
SIM5
SIM1
SIM2
SIM3
SIM4
1
21
22
SIM5
SIM1
SIM2
SIM3
SIM4
1
21
22
SIM5
SIM1
SIM2
SIM3
SIM4
1
21
22
SIM5
SIM1
SIM2
SIM3
SIM4
1
21
22
SIM5
SIM1
SIM2
SIM3
SIM4
1
21
22
SIM5
SIM1
SIM2
SIM3
SIM4
1
21
22
SIM5
SIM1
SIM2
SIM3
SIM4
1
21
22
SIM5
SIM1
SIM2
SIM3
SIM4
1
21
22
SIM5
SIM1
SIM2
SIM3
SIM4
1
21
22
SIM5
SIM1
SIM2
SIM3
SIM4
1
21
22
SIM5
SIM1
SIM2
SIM3
SIM4
1
21
22
SIM5
SIM1
SIM2
SIM3
SIM4
1
21
22
SIM5
SIM1
SIM2
SIM3
SIM4
1
21
22
SIM5
SIM1
SIM2
SIM3
SIM4
1
21
22
SIM5
SIM1
SIM2
SIM3
SIM4
1
21
22
SIM5
SIM1
SIM2
SIM3
SIM4
1
21
22
SIM5
SIM1
SIM2
SIM3
SIM4
1
21
22
SIM5
SIM1
SIM2
SIM3
SIM4
1
21
22
SIM5
SIM1
SIM2
SIM3
SIM4
1
21
22
SIM5
SIM1
SIM2
SIM3
SIM4
1
21
22
SIM5
SIM1
SIM2
SIM3
SIM4
1
21
22
SIM5
SIM1
SIM2
SIM3
SIM4
1
21
22
SIM5
SIM1
SIM2
SIM3
SIM4
1
21
22
SIM5
SIM1
SIM2
SIM3
SIM4
1
21
22
SIM5
SIM1
SIM2
SIM3
SIM4
1
21
22
SIM5
SIM1
SIM2
SIM3
SIM4
1
21
22
SIM5
SIM1
SIM2
SIM3
SIM4
1
21
22
SIM5
SIM1
SIM2
SIM3
SIM4
1
21
22
SIM5
SIM1
SIM2
SIM3
SIM4
1
21
22
SIM5
SIM1
SIM2
SIM3
SIM4
1
21
22
SIM5
SIM1
SIM2
SIM3
SIM4
1
21
22
SIM5
SIM1
SIM2
SIM3
SIM4
1
21
22
SIM5
SIM1
SIM2
SIM3
SIM4
1
21
22
SIM5
SIM1
SIM2
SIM3
SIM4
1
21
22
SIM5
SIM1
SIM2
SIM3
SIM4
1
21
22
SIM5
SIM1
SIM2
SIM3
SIM4
1
21
22
SIM5
SIM1
SIM2
SIM3
SIM4
1
21
22
SIM5
SIM1
SIM2
SIM3
SIM4
1
21
22
SIM5
SIM1
SIM2
SIM3
SIM4
1
21
22
SIM5
SIM1
SIM2
SIM3
SIM4
1
21
22
SIM5
SIM1
SIM2
SIM3
SIM4
1
21
22
SIM5
SIM1
SIM2
SIM3
SIM4
1
21
22
SIM5
SIM1
SIM2
SIM3
SIM4
1
21
22
SIM5
SIM1
SIM2
SIM3
SIM4
1
21
22
SIM5
SIM1
SIM2
SIM3
SIM4
1
21
22
SIM5
SIM1
SIM2
SIM3
SIM4
1
21
22
SIM5
SIM1
SIM2
SIM3
SIM4
1
21
22
SIM5
SIM1
SIM2
SIM3
SIM4
1
21
22
SIM5
SIM1
SIM2
SIM3
SIM4
1
21
22
SIM5
SIM1
SIM2
SIM3
SIM4
1
21
22
SIM5
SIM1
SIM2
SIM3
SIM4
1
21
22
SIM5
SIM1
SIM2
SIM3
SIM4
1
21
22
SIM5
SIM1
SIM2
SIM3
SIM4
1
21
22
SIM5
SIM1
SIM2
SIM3
SIM4
1
21
22
SIM5
SIM1
SIM2
SIM3
SIM4
1
21
22
SIM5
SIM1
SIM2
SIM3
SIM4
1
21
22
SIM5
SIM1
SIM2
SIM3
SIM4
1
21
22
SIM5
SIM1
SIM2
SIM3
SIM4
1
21
22
SIM5
SIM1
SIM2
SIM3
SIM4
1
21
22
SIM5
SIM1
SIM2
SIM3
SIM4
1
21
22
SIM5
SIM1
SIM2
SIM3
SIM4
1
21
22
SIM5
SIM1
SIM2
SIM3
SIM4
1
21
22
SIM5
SIM1
SIM2
SIM3
SIM4
1
21
22
SIM5
SIM1
SIM2
SIM3
SIM4
1
21
22
SIM5
SIM1
SIM2
SIM3
SIM4
1
21
22
SIM5
SIM1
SIM2
SIM3
SIM4
1
21
22
SIM5
SIM1
SIM2
SIM3
SIM4
1
21
22
SIM5
SIM1
SIM2
SIM3
SIM4
1
21
22
SIM5
SIM1
SIM2
SIM3
SIM4
1
21
22
SIM5
SIM1
SIM2
SIM3
SIM4
1
21
22
SIM5
SIM1
SIM2
SIM3
SIM4
1
21
22
SIM5
SIM1
SIM2
SIM3
SIM4
1
21
22
SIM5
SIM1
SIM2
SIM3
SIM4
1
21
22
SIM5
SIM1
SIM2
SIM3
SIM4
1
21
22
SIM5
SIM1
SIM2
SIM3
SIM4
1
21
22
SIM5
SIM1
SIM2
SIM3
SIM4
1
21
22
SIM5
SIM1
SIM2
SIM3
SIM4
1
21
22
SIM5
SIM1
SIM2
SIM3
SIM4
1
21
22
SIM5
SIM1
SIM2
SIM3
SIM4
1
21
22
SIM5
SIM1
SIM2
SIM3
SIM4
1
21
22
SIM5
SIM1
SIM2
SIM3
SIM4
1
21
22
SIM5
SIM1
SIM2
SIM3
SIM4
1
21
22
SIM5
SIM1
SIM2
SIM3
SIM4
1
21
22
SIM5
SIM1
SIM2
SIM3
SIM4
1
21
22
SIM5
SIM1
SIM2
SIM3
SIM4
1
21
22
SIM5
SIM1
SIM2
SIM3
SIM4
1
21
22
SIM5
SIM1
SIM2
SIM3
SIM4
1
21
22
SIM5
SIM1
SIM2
SIM3
SIM4
1
21
22
SIM5
SIM1
SIM2
SIM3
SIM4
1
21
22
SIM5
SIM1
SIM2
SIM3
SIM4
1
21
22
SIM5
SIM1
SIM2
SIM3
SIM4
1
21
22
SIM5
SIM1
SIM2
SIM3
SIM4
1
21
22
SIM5
SIM1
SIM2
SIM3
SIM4
1
21
22
SIM5
SIM1
SIM2
SIM3
SIM4
1
21
22
SIM5
SIM1
SIM2
SIM3
SIM4
1
21
22
SIM5
SIM1
SIM2
SIM3
SIM4
1
21
22
SIM5
SIM1
SIM2
SIM3
SIM4
1
21
22
SIM5
SIM1
SIM2
SIM3
SIM4
1
21
22
SIM5
SIM1
SIM2
SIM3
SIM4
1
21
22
SIM5
SIM1
SIM2
SIM3
SIM4
1
21
22
SIM5
SIM1
SIM2
SIM3
SIM4
1
21
22
SIM5
SIM1
SIM2
SIM3
SIM4
1
21
22
SIM5
SIM1
SIM2
SIM3
SIM4
1
21
22
SIM5
SIM1
SIM2
SIM3
SIM4
1
21
22
SIM5
SIM1
SIM2
SIM3
SIM4
1
21
22
SIM5
SIM1
SIM2
SIM3
SIM4
1
21
22
SIM5
SIM1
SIM2
SIM3
SIM4
1
21
22
SIM5
SIM1
SIM2
SIM3
SIM4
1
21
22
SIM5
SIM1
SIM2
SIM3
SIM4
1
21
22
SIM5
SIM1
SIM2
SIM3
SIM4
1
21
22
SIM5
SIM1
SIM2
SIM3
SIM4
1
21
22
SIM5
SIM1
SIM2
SIM3
SIM4
1
21
22
SIM5
SIM1
SIM2
SIM3
SIM4
1
21
22
SIM5
SIM1
SIM2
SIM3
SIM4
1
21
22
SIM5
SIM1
SIM2
SIM3
SIM4
1
21
22
SIM5
SIM1
SIM2
SIM3
SIM4
1
21
22
SIM5
SIM1
SIM2
SIM3
SIM4
1
21
22
SIM5
SIM1
SIM2
SIM3
SIM4
1
21
22
SIM5
SIM1
SIM2
SIM3
SIM4
1
21
22
SIM5
SIM1
SIM2
SIM3
SIM4
1
21
22
SIM5
SIM1
SIM2
SIM3
SIM4
1
21
22
SIM5
SIM1
SIM2
SIM3
SIM4
1
21
22
SIM5
SIM1
SIM2
SIM3
SIM4
1
21
22
SIM5
SIM1
SIM2
SIM3
SIM4
1
21
22
SIM5
SIM1
SIM2
SIM3
SIM4
1
21
22
SIM5
SIM1
SIM2
SIM3
SIM4
1
21
22
SIM5
SIM1
SIM2
SIM3
SIM4
1
21
22
SIM5
SIM1
SIM2
SIM3
SIM4
1
21
22
SIM5
SIM1
SIM2
SIM3
SIM4
1
21
22
SIM5
SIM1
SIM2
SIM3
SIM4
1
21
22
SIM5
SIM1
SIM2
SIM3
SIM4
1
21
22
SIM5
SIM1
SIM2
SIM3
SIM4
1
21
22
SIM5
SIM1
SIM2
SIM3
SIM4
1
21
22
SIM5
SIM1
SIM2
SIM3
SIM4
1
21
22
SIM5
SIM1
SIM2
SIM3
SIM4
1
21
22
SIM5
SIM1
SIM2
SIM3
SIM4
1
21
22
SIM5
SIM1
SIM2
SIM3
SIM4
1
21
22
SIM5
SIM1
SIM2
SIM3
SIM4
1
21
22
SIM5
SIM1
SIM2
SIM3
SIM4
1
21
22
SIM5
SIM1
SIM2
SIM3
SIM4
1
21
22
SIM5
SIM1
SIM2
SIM3
SIM4
1
21
22
SIM5
SIM1
SIM2
SIM3
SIM4
1
21
22
SIM5
SIM1
SIM2
SIM3
SIM4
1
21
22
SIM5
SIM1
SIM2
SIM3
SIM4
1
21
22
SIM5
SIM1
SIM2
SIM3
SIM4
1
21
22
SIM5
SIM1
SIM2
SIM3
SIM4
1
21
22
SIM5
SIM1
SIM2
SIM3
SIM4
1
21
22
SIM5
SIM1
SIM2
SIM3
SIM4
1
21
22
SIM5
SIM1
SIM2
SIM3
SIM4
1
21
22
SIM5
SIM1
SIM2
SIM3
SIM4
1
21
22
SIM5
SIM1
SIM2
SIM3
SIM4
1
21
22
SIM5
SIM1
SIM2
SIM3
SIM4
1
21
22
SIM5
SIM1
SIM2
SIM3
SIM4
1
21
22
SIM5
SIM1
SIM2
SIM3
SIM4
1
21
22
SIM5
SIM1
SIM2
SIM3
SIM4
1
21
22
SIM5
SIM1
SIM2
SIM3
SIM4
1
21
22
SIM5
SIM1
SIM2
SIM3
SIM4
1
21
22
SIM5
SIM1
SIM2
SIM3
SIM4
1
21
22
SIM5
SIM1
SIM2
SIM3
SIM4
1
21
22
SIM5
SIM1
SIM2
SIM3
SIM4
1
21
22
SIM5
SIM1
SIM2
SIM3
SIM4
1
21
22
SIM5
SIM1
SIM2
SIM3
SIM4
1
21
22
SIM5
SIM1
SIM2
SIM3
SIM4
1
21
22
SIM5
SIM1
SIM2
SIM3
SIM4
1
21
22
SIM5
SIM1
SIM2
SIM3
SIM4
1
21
22
SIM5
SIM1
SIM2
SIM3
SIM4
1
21
22
SIM5
SIM1
SIM2
SIM3
SIM4
1
21
22
SIM5
SIM1
SIM2
SIM3
SIM4
1
21
22
SIM5
SIM1
SIM2
DEBUG 1 634
SIM1
SIM2
SIM3
SIM4
1
21
22
SIM5
SIM1
SIM2
SIM3
SIM4
1
21
22
SIM5
SIM1
SIM2
SIM3
SIM4
1
21
22
SIM5
SIM1
SIM2
SIM3
SIM4
1
21
22
SIM5
SIM1
SIM2
SIM3
SIM4
1
21
22
SIM5
SIM1
SIM2
SIM3
SIM4
1
21
22
SIM5
SIM1
SIM2
SIM3
SIM4
1
21
22
SIM5
SIM1
SIM2
SIM3
SIM4
1
21
22
SIM5
SIM1
SIM2
SIM3
SIM4
1
21
22
SIM5
SIM1
SIM2
SIM3
SIM4
1
21
22
SIM5
SIM1
SIM2
SIM3
SIM4
1
21
22
SIM5
SIM1
SIM2
SIM3
SIM4
1
21
22
SIM5
SIM1
SIM2
SIM3
SIM4
1
21
22
SIM5
SIM1
SIM2
SIM3
SIM4
1
21
22
SIM5
SIM1
SIM2
SIM3
SIM4
1
21
22
SIM5
SIM1
SIM2
SIM3
SIM4
1
21
22
SIM5
SIM1
SIM2
SIM3
SIM4
1
21
22
SIM5
SIM1
SIM2
SIM3
SIM4
1
21
22
SIM5
SIM1
SIM2
SIM3
SIM4
1
21
22
SIM5
SIM1
SIM2
SIM3
SIM4
1
21
22
SIM5
SIM1
SIM2
SIM3
SIM4
1
21
22
SIM5
SIM1
SIM2
SIM3
SIM4
1
21
22
SIM5
SIM1
SIM2
SIM3
SIM4
1
21
22
SIM5
SIM1
SIM2
SIM3
SIM4
1
21
22
SIM5
SIM1
SIM2
SIM3
SIM4
1
21
22
SIM5
SIM1
SIM2
SIM3
SIM4
1
21
22
SIM5
SIM1
SIM2
SIM3
SIM4
1
21
22
SIM5
SIM1
SIM2
SIM3
SIM4
1
21
22
SIM5
SIM1
SIM2
SIM3
SIM4
1
21
22
SIM5
SIM1
SIM2
SIM3
SIM4
1
21
22
SIM5
SIM1
SIM2
SIM3
SIM4
1
21
22
SIM5
SIM1
SIM2
SIM3
SIM4
1
21
22
SIM5
SIM1
SIM2
SIM3
SIM4
1
21
22
SIM5
SIM1
SIM2
SIM3
SIM4
1
21
22
SIM5
SIM1
SIM2
SIM3
SIM4
1
21
22
SIM5
SIM1
SIM2
SIM3
SIM4
1
21
22
SIM5
SIM1
SIM2
SIM3
SIM4
1
21
22
SIM5
SIM1
SIM2
SIM3
SIM4
1
21
22
SIM5
SIM1
SIM2
SIM3
SIM4
1
21
22
SIM5
SIM1
SIM2
SIM3
SIM4
1
21
22
SIM5
SIM1
SIM2
SIM3
SIM4
1
21
22
SIM5
SIM1
SIM2
SIM3
SIM4
1
21
22
SIM5
SIM1
SIM2
SIM3
SIM4
1
21
22
SIM5
SIM1
SIM2
SIM3
SIM4
1
21
22
SIM5
SIM1
SIM2
SIM3
SIM4
1
21
22
SIM5
SIM1
SIM2
SIM3
SIM4
1
21
22
SIM5
SIM1
SIM2
SIM3
SIM4
1
21
22
SIM5
SIM1
SIM2
SIM3
SIM4
1
21
22
SIM5
SIM1
SIM2
SIM3
SIM4
1
21
22
SIM5
SIM1
SIM2
SIM3
SIM4
1
21
22
SIM5
SIM1
SIM2
SIM3
SIM4
1
21
22
SIM5
SIM1
SIM2
SIM3
SIM4
1
21
22
SIM5
SIM1
SIM2
SIM3
SIM4
1
21
22
SIM5
SIM1
SIM2
SIM3
SIM4
1
21
22
SIM5
SIM1
SIM2
SIM3
SIM4
1
21
22
SIM5
SIM1
SIM2
SIM3
SIM4
1
21
22
SIM5
SIM1
SIM2
SIM3
SIM4
1
21
22
SIM5
SIM1
SIM2
SIM3
SIM4
1
21
22
SIM5
SIM1
SIM2
SIM3
SIM4
1
21
22
SIM5
SIM1
SIM2
SIM3
SIM4
1
21
22
SIM5
SIM1
SIM2
SIM3
SIM4
1
21
22
SIM5
SIM1
SIM2
SIM3
SIM4
1
21
22
SIM5
SIM1
SIM2
SIM3
SIM4
1
21
22
SIM5
SIM1
SIM2
SIM3
SIM4
1
21
22
SIM5
SIM1
SIM2
SIM3
SIM4
1
21
22
SIM5
SIM1
SIM2
SIM3
SIM4
1
21
22
SIM5
SIM1
SIM2
SIM3
SIM4
1
21
22
SIM5
SIM1
SIM2
SIM3
SIM4
1
21
22
SIM5
SIM1
SIM2
SIM3
SIM4
1
21
22
SIM5
SIM1
SIM2
SIM3
SIM4
1
21
22
SIM5
SIM1
SIM2
SIM3
SIM4
1
21
22
SIM5
SIM1
SIM2
SIM3
SIM4
1
21
22
SIM5
SIM1
SIM2
SIM3
SIM4
1
21
22
SIM5
SIM1
SIM2
SIM3
SIM4
1
21
22
SIM5
SIM1
SIM2
SIM3
SIM4
1
21
22
SIM5
SIM1
SIM2
SIM3
SIM4
1
21
22
SIM5
SIM1
SIM2
SIM3
SIM4
1
21
22
SIM5
SIM1
SIM2
SIM3
SIM4
1
21
22
SIM5
SIM1
SIM2
SIM3
SIM4
1
21
22
SIM5
SIM1
SIM2
SIM3
SIM4
1
21
22
SIM5
SIM1
SIM2
SIM3
SIM4
1
21
22
SIM5
SIM1
SIM2
SIM3
SIM4
1
21
22
SIM5
SIM1
SIM2
SIM3
SIM4
1
21
22
SIM5
SIM1
SIM2
SIM3
SIM4
1
21
22
SIM5
SIM1
SIM2
SIM3
SIM4
1
21
22
SIM5
SIM1
SIM2
SIM3
SIM4
1
21
22
SIM5
SIM1
SIM2
SIM3
SIM4
1
21
22
SIM5
SIM1
SIM2
SIM3
SIM4
1
21
22
SIM5
SIM1
SIM2
SIM3
SIM4
1
21
22
SIM5
SIM1
SIM2
SIM3
SIM4
1
21
22
SIM5
SIM1
SIM2
SIM3
SIM4
1
21
22
SIM5
SIM1
SIM2
SIM3
SIM4
1
21
22
SIM5
SIM1
SIM2
SIM3
SIM4
1
21
22
SIM5
SIM1
SIM2
SIM3
SIM4
1
21
22
SIM5
SIM1
SIM2
SIM3
SIM4
1
21
22
SIM5
SIM1
SIM2
SIM3
SIM4
1
21
22
SIM5
SIM1
SIM2
SIM3
SIM4
1
21
22
SIM5
SIM1
SIM2
SIM3
SIM4
1
21
22
SIM5
SIM1
SIM2
SIM3
SIM4
1
21
22
SIM5
SIM1
SIM2
SIM3
SIM4
1
21
22
SIM5
SIM1
SIM2
SIM3
SIM4
1
21
22
SIM5
SIM1
SIM2
SIM3
SIM4
1
21
22
SIM5
SIM1
SIM2
SIM3
SIM4
1
21
22
SIM5
SIM1
SIM2
SIM3
SIM4
1
21
22
SIM5
SIM1
SIM2
SIM3
SIM4
1
21
22
SIM5
SIM1
SIM2
SIM3
SIM4
1
21
22
SIM5
SIM1
SIM2
SIM3
SIM4
1
21
22
SIM5
SIM1
SIM2
SIM3
SIM4
1
21
22
SIM5
SIM1
SIM2
SIM3
SIM4
1
21
22
SIM5
SIM1
SIM2
SIM3
SIM4
1
21
22
SIM5
SIM1
SIM2
SIM3
SIM4
1
21
22
SIM5
SIM1
SIM2
SIM3
SIM4
1
21
22
SIM5
SIM1
SIM2
SIM3
SIM4
1
21
22
SIM5
SIM1
SIM2
SIM3
SIM4
1
21
22
SIM5
SIM1
SIM2
SIM3
SIM4
1
21
22
SIM5
SIM1
SIM2
SIM3
SIM4
1
21
22
SIM5
SIM1
SIM2
SIM3
SIM4
1
21
22
SIM5
SIM1
SIM2
SIM3
SIM4
1
21
22
SIM5
SIM1
SIM2
SIM3
SIM4
1
21
22
SIM5
SIM1
SIM2
SIM3
SIM4
1
21
22
SIM5
SIM1
SIM2
DEBUG 1 635
SIM1
SIM2
SIM3
SIM4
1
21
22
SIM5
SIM1
SIM2
SIM3
SIM4
1
21
22
SIM5
SIM1
SIM2
SIM3
SIM4
1
21
22
SIM5
SIM1
SIM2
SIM3
SIM4
1
21
22
SIM5
SIM1
SIM2
SIM3
SIM4
1
21
22
SIM5
SIM1
SIM2
SIM3
SIM4
1
21
22
SIM5
SIM1
SIM2
SIM3
SIM4
1
21
22
SIM5
SIM1
SIM2
SIM3
SIM4
1
21
22
SIM5
SIM1
SIM2
SIM3
SIM4
1
21
22
SIM5
SIM1
SIM2
SIM3
SIM4
1
21
22
SIM5
SIM1
SIM2
SIM3
SIM4
1
21
22
SIM5
SIM1
SIM2
SIM3
SIM4
1
21
22
SIM5
SIM1
SIM2
SIM3
SIM4
1
21
22
SIM5
SIM1
SIM2
SIM3
SIM4
1
21
22
SIM5
SIM1
SIM2
SIM3
SIM4
1
21
22
SIM5
SIM1
SIM2
SIM3
SIM4
1
21
22
SIM5
SIM1
SIM2
SIM3
SIM4
1
21
22
SIM5
SIM1
SIM2
SIM3
SIM4
1
21
22
SIM5
SIM1
SIM2
SIM3
SIM4
1
21
22
SIM5
SIM1
SIM2
SIM3
SIM4
1
21
22
SIM5
SIM1
SIM2
SIM3
SIM4
1
21
22
SIM5
SIM1
SIM2
SIM3
SIM4
1
21
22
SIM5
SIM1
SIM2
SIM3
SIM4
1
21
22
SIM5
SIM1
SIM2
SIM3
SIM4
1
21
22
SIM5
SIM1
SIM2
SIM3
SIM4
1
21
22
SIM5
SIM1
SIM2
SIM3
SIM4
1
21
22
SIM5
SIM1
SIM2
SIM3
SIM4
1
21
22
SIM5
SIM1
SIM2
SIM3
SIM4
1
21
22
SIM5
SIM1
SIM2
SIM3
SIM4
1
21
22
SIM5
SIM1
SIM2
SIM3
SIM4
1
21
22
SIM5
SIM1
SIM2
SIM3
SIM4
1
21
22
SIM5
SIM1
SIM2
SIM3
SIM4
1
21
22
SIM5
SIM1
SIM2
SIM3
SIM4
1
21
22
SIM5
SIM1
SIM2
SIM3
SIM4
1
21
22
SIM5
SIM1
SIM2
SIM3
SIM4
1
21
22
SIM5
SIM1
SIM2
SIM3
SIM4
1
21
22
SIM5
SIM1
SIM2
SIM3
SIM4
1
21
22
SIM5
SIM1
SIM2
SIM3
SIM4
1
21
22
SIM5
SIM1
SIM2
SIM3
SIM4
1
21
22
SIM5
SIM1
SIM2
SIM3
SIM4
1
21
22
SIM5
SIM1
SIM2
SIM3
SIM4
1
21
22
SIM5
SIM1
SIM2
SIM3
SIM4
1
21
22
SIM5
SIM1
SIM2
SIM3
SIM4
1
21
22
SIM5
SIM1
SIM2
SIM3
SIM4
1
21
22
SIM5
SIM1
SIM2
SIM3
SIM4
1
21
22
SIM5
SIM1
SIM2
SIM3
SIM4
1
21
22
SIM5
SIM1
SIM2
SIM3
SIM4
1
21
22
SIM5
SIM1
SIM2
SIM3
SIM4
1
21
22
SIM5
SIM1
SIM2
SIM3
SIM4
1
21
22
SIM5
SIM1
SIM2
SIM3
SIM4
1
21
22
SIM5
SIM1
SIM2
SIM3
SIM4
1
21
22
SIM5
SIM1
SIM2
SIM3
SIM4
1
21
22
SIM5
SIM1
SIM2
SIM3
SIM4
1
21
22
SIM5
SIM1
SIM2
SIM3
SIM4
1
21
22
SIM5
SIM1
SIM2
SIM3
SIM4
1
21
22
SIM5
SIM1
SIM2
SIM3
SIM4
1
21
22
SIM5
SIM1
SIM2
SIM3
SIM4
1
21
22
SIM5
SIM1
SIM2
SIM3
SIM4
1
21
22
SIM5
SIM1
SIM2
SIM3
SIM4
1
21
22
SIM5
SIM1
SIM2
SIM3
SIM4
1
21
22
SIM5
SIM1
SIM2
SIM3
SIM4
1
21
22
SIM5
SIM1
SIM2
SIM3
SIM4
1
21
22
SIM5
SIM1
SIM2
SIM3
SIM4
1
21
22
SIM5
SIM1
SIM2
SIM3
SIM4
1
21
22
SIM5
SIM1
SIM2
SIM3
SIM4
1
21
22
SIM5
SIM1
SIM2
SIM3
SIM4
1
21
22
SIM5
SIM1
SIM2
SIM3
SIM4
1
21
22
SIM5
SIM1
SIM2
SIM3
SIM4
1
21
22
SIM5
SIM1
SIM2
SIM3
SIM4
1
21
22
SIM5
SIM1
SIM2
SIM3
SIM4
1
21
22
SIM5
SIM1
SIM2
SIM3
SIM4
1
21
22
SIM5
SIM1
SIM2
SIM3
SIM4
1
21
22
SIM5
SIM1
SIM2
SIM3
SIM4
1
21
22
SIM5
SIM1
SIM2
SIM3
SIM4
1
21
22
SIM5
SIM1
SIM2
SIM3
SIM4
1
21
22
SIM5
SIM1
SIM2
SIM3
SIM4
1
21
22
SIM5
SIM1
SIM2
SIM3
SIM4
1
21
22
SIM5
SIM1
SIM2
SIM3
SIM4
1
21
22
SIM5
SIM1
SIM2
SIM3
SIM4
1
21
22
SIM5
SIM1
SIM2
SIM3
SIM4
1
21
22
SIM5
SIM1
SIM2
SIM3
SIM4
1
21
22
SIM5
SIM1
SIM2
SIM3
SIM4
1
21
22
SIM5
SIM1
SIM2
SIM3
SIM4
1
21
22
SIM5
SIM1
SIM2
SIM3
SIM4
1
21
22
SIM5
SIM1
SIM2
SIM3
SIM4
1
21
22
SIM5
SIM1
SIM2
SIM3
SIM4
1
21
22
SIM5
SIM1
SIM2
SIM3
SIM4
1
21
22
SIM5
SIM1
SIM2
SIM3
SIM4
1
21
22
SIM5
SIM1
SIM2
SIM3
SIM4
1
21
22
SIM5
SIM1
SIM2
SIM3
SIM4
1
21
22
SIM5
SIM1
SIM2
SIM3
SIM4
1
21
22
SIM5
SIM1
SIM2
SIM3
SIM4
1
21
22
SIM5
SIM1
SIM2
SIM3
SIM4
1
21
22
SIM5
SIM1
SIM2
SIM3
SIM4
1
21
22
SIM5
SIM1
SIM2
SIM3
SIM4
1
21
22
SIM5
SIM1
SIM2
SIM3
SIM4
1
21
22
SIM5
SIM1
SIM2
SIM3
SIM4
1
21
22
SIM5
SIM1
SIM2
SIM3
SIM4
1
21
22
SIM5
SIM1
SIM2
SIM3
SIM4
1
21
22
SIM5
SIM1
SIM2
SIM3
SIM4
1
21
22
SIM5
SIM1
SIM2
SIM3
SIM4
1
21
22
SIM5
SIM1
SIM2
SIM3
SIM4
1
21
22
SIM5
SIM1
SIM2
SIM3
SIM4
1
21
22
SIM5
SIM1
SIM2
SIM3
SIM4
1
21
22
SIM5
SIM1
SIM2
SIM3
SIM4
1
21
22
SIM5
SIM1
SIM2
SIM3
SIM4
1
21
22
SIM5
SIM1
SIM2
SIM3
SIM4
1
21
22
SIM5
SIM1
SIM2
SIM3
SIM4
1
21
22
SIM5
SIM1
SIM2
SIM3
SIM4
1
21
22
SIM5
SIM1
SIM2
SIM3
SIM4
1
21
22
SIM5
SIM1
SIM2
SIM3
SIM4
1
21
22
SIM5
SIM1
SIM2
SIM3
SIM4
1
21
22
SIM5
SIM1
SIM2
SIM3
SIM4
1
21
22
SIM5
SIM1
SIM2
SIM3
SIM4
1
21
22
SIM5
SIM1
SIM2
SIM3
SIM4
1
21
22
SIM5
SIM1
SIM2
SIM3
SIM4
1
21
22
SIM5
SIM1
SIM2
SIM3
SIM4
1
21
22
SIM5
SIM1
SIM2
SIM3
SIM4
1
21
22
SIM5
SIM1
SIM2
SIM3
SIM4
1
21
22
SIM5
SIM1
SIM2
SIM3
SIM4
1
21
22
SIM5
SIM1
SIM2
SIM3
SIM4
1
21
22
SIM5
SIM1
SIM2
SIM3
SIM4
1
21
22
SIM5
SIM1
SIM2
SIM3
SIM4
1
21
22
SIM5
SIM1
SIM2
SIM3
SIM4
1
21
22
SIM5
SIM1
SIM2
SIM3
SIM4
1
21
22
SIM5
SIM1
SIM2
SIM3
SIM4
1
21
22
SIM5
SIM1
SIM2
SIM3
SIM4
1
21
22
SIM5
SIM1
SIM2
SIM3
SIM4
1
21
22
SIM5
SIM1
SIM2
SIM3
SIM4
1
21
22
SIM5
SIM1
SIM2
SIM3
SIM4
1
21
22
SIM5
SIM1
SIM2
SIM3
SIM4
1
21
22
SIM5
SIM1
SIM2
SIM3
SIM4
1
21
22
SIM5
SIM1
SIM2
SIM3
SIM4
1
21
22
SIM5
SIM1
SIM2
SIM3
SIM4
1
21
22
SIM5
SIM1
SIM2
SIM3
SIM4
1
21
22
SIM5
SIM1
SIM2
SIM3
SIM4
1
21
22
SIM5
SIM1
SIM2
SIM3
SIM4
1
21
22
SIM5
SIM1
SIM2
SIM3
SIM4
1
21
22
SIM5
SIM1
SIM2
SIM3
SIM4
1
21
22
SIM5
SIM1
SIM2
SIM3
SIM4
1
21
22
SIM5
SIM1
SIM2
SIM3
SIM4
1
21
22
SIM5
SIM1
SIM2
SIM3
SIM4
1
21
22
SIM5
SIM1
SIM2
SIM3
SIM4
1
21
22
SIM5
SIM1
SIM2
SIM3
SIM4
1
21
22
SIM5
SIM1
SIM2
SIM3
SIM4
1
21
22
SIM5
SIM1
SIM2
SIM3
SIM4
1
21
22
SIM5
SIM1
SIM2
SIM3
SIM4
1
21
22
SIM5
SIM1
SIM2
SIM3
SIM4
1
21
22
SIM5
SIM1
SIM2
SIM3
SIM4
1
21
22
SIM5
SIM1
SIM2
SIM3
SIM4
1
21
22
SIM5
SIM1
SIM2
SIM3
SIM4
1
21
22
SIM5
SIM1
SIM2
SIM3
SIM4
1
21
22
SIM5
SIM1
SIM2
SIM3
SIM4
1
21
22
SIM5
SIM1
SIM2
SIM3
SIM4
1
21
22
SIM5
SIM1
SIM2
SIM3
SIM4
1
21
22
SIM5
SIM1
SIM2
SIM3
SIM4
1
21
22
SIM5
SIM1
SIM2
SIM3
SIM4
1
21
22
SIM5
SIM1
SIM2
SIM3
SIM4
1
21
22
SIM5
SIM1
SIM2
SIM3
SIM4
1
21
22
SIM5
SIM1
SIM2
SIM3
SIM4
1
21
22
SIM5
SIM1
SIM2
SIM3
SIM4
1
21
22
SIM5
SIM1
SIM2
SIM3
SIM4
1
21
22
SIM5
SIM1
SIM2
SIM3
SIM4
1
21
22
SIM5
SIM1
SIM2
SIM3
SIM4
1
21
22
SIM5
SIM1
SIM2
SIM3
SIM4
1
21
22
SIM5
SIM1
SIM2
SIM3
SIM4
1
21
22
SIM5
SIM1
SIM2
SIM3
SIM4
1
21
22
SIM5
SIM1
SIM2
SIM3
SIM4
1
21
22
SIM5
SIM1
SIM2
SIM3
SIM4
1
21
22
SIM5
SIM1
SIM2
SIM3
SIM4
1
21
22
SIM5
SIM1
SIM2
SIM3
SIM4
1
21
22
SIM5
SIM1
SIM2
SIM3
SIM4
1
21
22
SIM5
SIM1
SIM2
SIM3
SIM4
1
21
22
SIM5
SIM1
SIM2
SIM3
SIM4
1
21
22
SIM5
SIM1
SIM2
SIM3
SIM4
1
21
22
SIM5
SIM1
SIM2
SIM3
SIM4
1
21
22
SIM5
SIM1
SIM2
SIM3
SIM4
1
21
22
SIM5
SIM1
SIM2
SIM3
SIM4
1
21
22
SIM5
SIM1
SIM2
SIM3
SIM4
1
21
22
SIM5
SIM1
SIM2
SIM3
SIM4
1
21
22
SIM5
SIM1
SIM2
SIM3
SIM4
1
21
22
SIM5
SIM1
SIM2
SIM3
SIM4
1
21
22
SIM5
SIM1
SIM2
SIM3
SIM4
1
21
22
SIM5
SIM1
SIM2
SIM3
SIM4
1
21
22
SIM5
SIM1
SIM2
SIM3
SIM4
1
21
22
SIM5
SIM1
SIM2
SIM3
SIM4
1
21
22
SIM5
SIM1
SIM2
SIM3
SIM4
1
21
22
SIM5
SIM1
SIM2
SIM3
SIM4
1
21
22
SIM5
SIM1
SIM2
SIM3
SIM4
1
21
22
SIM5
SIM1
SIM2
SIM3
SIM4
1
21
22
SIM5
SIM1
SIM2
SIM3
SIM4
1
21
22
SIM5
SIM1
SIM2
SIM3
SIM4
1
21
22
SIM5
SIM1
SIM2
DEBUG 1 636
SIM1
SIM2
SIM3
SIM4
1
21
22
SIM5
SIM1
SIM2
SIM3
SIM4
1
21
22
SIM5
SIM1
SIM2
SIM3
SIM4
1
21
22
SIM5
SIM1
SIM2
SIM3
SIM4
1
21
22
SIM5
SIM1
SIM2
SIM3
SIM4
1
21
22
SIM5
SIM1
SIM2
SIM3
SIM4
1
21
22
SIM5
SIM1
SIM2
SIM3
SIM4
1
21
22
SIM5
SIM1
SIM2
SIM3
SIM4
1
21
22
SIM5
SIM1
SIM2
SIM3
SIM4
1
21
22
SIM5
SIM1
SIM2
SIM3
SIM4
1
21
22
SIM5
SIM1
SIM2
SIM3
SIM4
1
21
22
SIM5
SIM1
SIM2
SIM3
SIM4
1
21
22
SIM5
SIM1
SIM2
SIM3
SIM4
1
21
22
SIM5
SIM1
SIM2
SIM3
SIM4
1
21
22
SIM5
SIM1
SIM2
SIM3
SIM4
1
21
22
SIM5
SIM1
SIM2
SIM3
SIM4
1
21
22
SIM5
SIM1
SIM2
SIM3
SIM4
1
21
22
SIM5
SIM1
SIM2
SIM3
SIM4
1
21
22
SIM5
SIM1
SIM2
SIM3
SIM4
1
21
22
SIM5
SIM1
SIM2
SIM3
SIM4
1
21
22
SIM5
SIM1
SIM2
SIM3
SIM4
1
21
22
SIM5
SIM1
SIM2
SIM3
SIM4
1
21
22
SIM5
SIM1
SIM2
SIM3
SIM4
1
21
22
SIM5
SIM1
SIM2
SIM3
SIM4
1
21
22
SIM5
SIM1
SIM2
SIM3
SIM4
1
21
22
SIM5
SIM1
SIM2
SIM3
SIM4
1
21
22
SIM5
SIM1
SIM2
SIM3
SIM4
1
21
22
SIM5
SIM1
SIM2
SIM3
SIM4
1
21
22
SIM5
SIM1
SIM2
SIM3
SIM4
1
21
22
SIM5
SIM1
SIM2
SIM3
SIM4
1
21
22
SIM5
SIM1
SIM2
SIM3
SIM4
1
21
22
SIM5
SIM1
SIM2
SIM3
SIM4
1
21
22
SIM5
SIM1
SIM2
SIM3
SIM4
1
21
22
SIM5
SIM1
SIM2
SIM3
SIM4
1
21
22
SIM5
SIM1
SIM2
SIM3
SIM4
1
21
22
SIM5
SIM1
SIM2
SIM3
SIM4
1
21
22
SIM5
SIM1
SIM2
SIM3
SIM4
1
21
22
SIM5
SIM1
SIM2
SIM3
SIM4
1
21
22
SIM5
SIM1
SIM2
SIM3
SIM4
1
21
22
SIM5
SIM1
SIM2
SIM3
SIM4
1
21
22
SIM5
SIM1
SIM2
SIM3
SIM4
1
21
22
SIM5
SIM1
SIM2
SIM3
SIM4
1
21
22
SIM5
SIM1
SIM2
SIM3
SIM4
1
21
22
SIM5
SIM1
SIM2
SIM3
SIM4
1
21
22
SIM5
SIM1
SIM2
SIM3
SIM4
1
21
22
SIM5
SIM1
SIM2
SIM3
SIM4
1
21
22
SIM5
SIM1
SIM2
SIM3
SIM4
1
21
22
SIM5
SIM1
SIM2
SIM3
SIM4
1
21
22
SIM5
SIM1
SIM2
SIM3
SIM4
1
21
22
SIM5
SIM1
SIM2
SIM3
SIM4
1
21
22
SIM5
SIM1
SIM2
SIM3
SIM4
1
21
22
SIM5
SIM1
SIM2
SIM3
SIM4
1
21
22
SIM5
SIM1
SIM2
SIM3
SIM4
1
21
22
SIM5
SIM1
SIM2
SIM3
SIM4
1
21
22
SIM5
SIM1
SIM2
SIM3
SIM4
1
21
22
SIM5
SIM1
SIM2
SIM3
SIM4
1
21
22
SIM5
SIM1
SIM2
SIM3
SIM4
1
21
22
SIM5
SIM1
SIM2
SIM3
SIM4
1
21
22
SIM5
SIM1
SIM2
SIM3
SIM4
1
21
22
SIM5
SIM1
SIM2
SIM3
SIM4
1
21
22
SIM5
SIM1
SIM2
SIM3
SIM4
1
21
22
SIM5
SIM1
SIM2
SIM3
SIM4
1
21
22
SIM5
SIM1
SIM2
SIM3
SIM4
1
21
22
SIM5
SIM1
SIM2
SIM3
SIM4
1
21
22
SIM5
SIM1
SIM2
SIM3
SIM4
1
21
22
SIM5
SIM1
SIM2
SIM3
SIM4
1
21
22
SIM5
SIM1
SIM2
SIM3
SIM4
1
21
22
SIM5
SIM1
SIM2
SIM3
SIM4
1
21
22
SIM5
SIM1
SIM2
SIM3
SIM4
1
21
22
SIM5
SIM1
SIM2
SIM3
SIM4
1
21
22
SIM5
SIM1
SIM2
SIM3
SIM4
1
21
22
SIM5
SIM1
SIM2
SIM3
SIM4
1
21
22
SIM5
SIM1
SIM2
SIM3
SIM4
1
21
22
SIM5
SIM1
SIM2
SIM3
SIM4
1
21
22
SIM5
SIM1
SIM2
SIM3
SIM4
1
21
22
SIM5
SIM1
SIM2
SIM3
SIM4
1
21
22
SIM5
SIM1
SIM2
SIM3
SIM4
1
21
22
SIM5
SIM1
SIM2
SIM3
SIM4
1
21
22
SIM5
SIM1
SIM2
SIM3
SIM4
1
21
22
SIM5
SIM1
SIM2
SIM3
SIM4
1
21
22
SIM5
SIM1
SIM2
SIM3
SIM4
1
21
22
SIM5
SIM1
SIM2
SIM3
SIM4
1
21
22
SIM5
SIM1
SIM2
SIM3
SIM4
1
21
22
SIM5
SIM1
SIM2
SIM3
SIM4
1
21
22
SIM5
SIM1
SIM2
SIM3
SIM4
1
21
22
SIM5
SIM1
SIM2
SIM3
SIM4
1
21
22
SIM5
SIM1
SIM2
SIM3
SIM4
1
21
22
SIM5
SIM1
SIM2
SIM3
SIM4
1
21
22
SIM5
SIM1
SIM2
SIM3
SIM4
1
21
22
SIM5
SIM1
SIM2
SIM3
SIM4
1
21
22
SIM5
SIM1
SIM2
SIM3
SIM4
1
21
22
SIM5
SIM1
SIM2
SIM3
SIM4
1
21
22
SIM5
SIM1
SIM2
SIM3
SIM4
1
21
22
SIM5
SIM1
SIM2
SIM3
SIM4
1
21
22
SIM5
SIM1
SIM2
SIM3
SIM4
1
21
22
SIM5
SIM1
SIM2
SIM3
SIM4
1
21
22
SIM5
SIM1
SIM2
SIM3
SIM4
1
21
22
SIM5
SIM1
SIM2
SIM3
SIM4
1
21
22
SIM5
SIM1
SIM2
SIM3
SIM4
1
21
22
SIM5
SIM1
SIM2
SIM3
SIM4
1
21
22
SIM5
SIM1
SIM2
SIM3
SIM4
1
21
22
SIM5
SIM1
SIM2
SIM3
SIM4
1
21
22
SIM5
SIM1
SIM2
SIM3
SIM4
1
21
22
SIM5
SIM1
SIM2
SIM3
SIM4
1
21
22
SIM5
SIM1
SIM2
SIM3
SIM4
1
21
22
SIM5
SIM1
SIM2
SIM3
SIM4
1
21
22
SIM5
SIM1
SIM2
SIM3
SIM4
1
21
22
SIM5
SIM1
SIM2
SIM3
SIM4
1
21
22
SIM5
SIM1
SIM2
SIM3
SIM4
1
21
22
SIM5
SIM1
SIM2
SIM3
SIM4
1
21
22
SIM5
SIM1
SIM2
SIM3
SIM4
1
21
22
SIM5
SIM1
SIM2
SIM3
SIM4
1
21
22
SIM5
SIM1
SIM2
DEBUG 1 637
SIM1
SIM2
SIM3
SIM4
1
21
22
SIM5
SIM1
SIM2
SIM3
SIM4
1
21
22
SIM5
SIM1
SIM2
SIM3
SIM4
1
21
22
SIM5
SIM1
SIM2
SIM3
SIM4
1
21
22
SIM5
SIM1
SIM2
SIM3
SIM4
1
21
22
SIM5
SIM1
SIM2
SIM3
SIM4
1
21
22
SIM5
SIM1
SIM2
SIM3
SIM4
1
21
22
SIM5
SIM1
SIM2
SIM3
SIM4
1
21
22
SIM5
SIM1
SIM2
SIM3
SIM4
1
21
22
SIM5
SIM1
SIM2
SIM3
SIM4
1
21
22
SIM5
SIM1
SIM2
SIM3
SIM4
1
21
22
SIM5
SIM1
SIM2
SIM3
SIM4
1
21
22
SIM5
SIM1
SIM2
SIM3
SIM4
1
21
22
SIM5
SIM1
SIM2
SIM3
SIM4
1
21
22
SIM5
SIM1
SIM2
SIM3
SIM4
1
21
22
SIM5
SIM1
SIM2
SIM3
SIM4
1
21
22
SIM5
SIM1
SIM2
SIM3
SIM4
1
21
22
SIM5
SIM1
SIM2
SIM3
SIM4
1
21
22
SIM5
SIM1
SIM2
SIM3
SIM4
1
21
22
SIM5
SIM1
SIM2
SIM3
SIM4
1
21
22
SIM5
SIM1
SIM2
SIM3
SIM4
1
21
22
SIM5
SIM1
SIM2
SIM3
SIM4
1
21
22
SIM5
SIM1
SIM2
SIM3
SIM4
1
21
22
SIM5
SIM1
SIM2
SIM3
SIM4
1
21
22
SIM5
SIM1
SIM2
SIM3
SIM4
1
21
22
SIM5
SIM1
SIM2
SIM3
SIM4
1
21
22
SIM5
SIM1
SIM2
SIM3
SIM4
1
21
22
SIM5
SIM1
SIM2
SIM3
SIM4
1
21
22
SIM5
SIM1
SIM2
SIM3
SIM4
1
21
22
SIM5
SIM1
SIM2
SIM3
SIM4
1
21
22
SIM5
SIM1
SIM2
SIM3
SIM4
1
21
22
SIM5
SIM1
SIM2
SIM3
SIM4
1
21
22
SIM5
SIM1
SIM2
SIM3
SIM4
1
21
22
SIM5
SIM1
SIM2
SIM3
SIM4
1
21
22
SIM5
SIM1
SIM2
SIM3
SIM4
1
21
22
SIM5
SIM1
SIM2
SIM3
SIM4
1
21
22
SIM5
SIM1
SIM2
SIM3
SIM4
1
21
22
SIM5
SIM1
SIM2
SIM3
SIM4
1
21
22
SIM5
SIM1
SIM2
SIM3
SIM4
1
21
22
SIM5
SIM1
SIM2
SIM3
SIM4
1
21
22
SIM5
SIM1
SIM2
SIM3
SIM4
1
21
22
SIM5
SIM1
SIM2
SIM3
SIM4
1
21
22
SIM5
SIM1
SIM2
SIM3
SIM4
1
21
22
SIM5
SIM1
SIM2
SIM3
SIM4
1
21
22
SIM5
SIM1
SIM2
SIM3
SIM4
1
21
22
SIM5
SIM1
SIM2
SIM3
SIM4
1
21
22
SIM5
SIM1
SIM2
SIM3
SIM4
1
21
22
SIM5
SIM1
SIM2
SIM3
SIM4
1
21
22
SIM5
SIM1
SIM2
SIM3
SIM4
1
21
22
SIM5
SIM1
SIM2
SIM3
SIM4
1
21
22
SIM5
SIM1
SIM2
SIM3
SIM4
1
21
22
SIM5
SIM1
SIM2
SIM3
SIM4
1
21
22
SIM5
SIM1
SIM2
SIM3
SIM4
1
21
22
SIM5
SIM1
SIM2
SIM3
SIM4
1
21
22
SIM5
SIM1
SIM2
SIM3
SIM4
1
21
22
SIM5
SIM1
SIM2
SIM3
SIM4
1
21
22
SIM5
SIM1
SIM2
SIM3
SIM4
1
21
22
SIM5
SIM1
SIM2
SIM3
SIM4
1
21
22
SIM5
SIM1
SIM2
SIM3
SIM4
1
21
22
SIM5
SIM1
SIM2
SIM3
SIM4
1
21
22
SIM5
SIM1
SIM2
SIM3
SIM4
1
21
22
SIM5
SIM1
SIM2
SIM3
SIM4
1
21
22
SIM5
SIM1
SIM2
SIM3
SIM4
1
21
22
SIM5
SIM1
SIM2
SIM3
SIM4
1
21
22
SIM5
SIM1
SIM2
SIM3
SIM4
1
21
22
SIM5
SIM1
SIM2
SIM3
SIM4
1
21
22
SIM5
SIM1
SIM2
SIM3
SIM4
1
21
22
SIM5
SIM1
SIM2
SIM3
SIM4
1
21
22
SIM5
SIM1
SIM2
SIM3
SIM4
1
21
22
SIM5
SIM1
SIM2
SIM3
SIM4
1
21
22
SIM5
SIM1
SIM2
SIM3
SIM4
1
21
22
SIM5
SIM1
SIM2
SIM3
SIM4
1
21
22
SIM5
SIM1
SIM2
SIM3
SIM4
1
21
22
SIM5
SIM1
SIM2
SIM3
SIM4
1
21
22
SIM5
SIM1
SIM2
SIM3
SIM4
1
21
22
SIM5
SIM1
SIM2
SIM3
SIM4
1
21
22
SIM5
SIM1
SIM2
SIM3
SIM4
1
21
22
SIM5
SIM1
SIM2
SIM3
SIM4
1
21
22
SIM5
SIM1
SIM2
SIM3
SIM4
1
21
22
SIM5
SIM1
SIM2
SIM3
SIM4
1
21
22
SIM5
SIM1
SIM2
SIM3
SIM4
1
21
22
SIM5
SIM1
SIM2
SIM3
SIM4
1
21
22
SIM5
SIM1
SIM2
SIM3
SIM4
1
21
22
SIM5
SIM1
SIM2
SIM3
SIM4
1
21
22
SIM5
SIM1
SIM2
SIM3
SIM4
1
21
22
SIM5
SIM1
SIM2
SIM3
SIM4
1
21
22
SIM5
SIM1
SIM2
SIM3
SIM4
1
21
22
SIM5
SIM1
SIM2
SIM3
SIM4
1
21
22
SIM5
SIM1
SIM2
SIM3
SIM4
1
21
22
SIM5
SIM1
SIM2
SIM3
SIM4
1
21
22
SIM5
SIM1
SIM2
SIM3
SIM4
1
21
22
SIM5
SIM1
SIM2
SIM3
SIM4
1
21
22
SIM5
SIM1
SIM2
SIM3
SIM4
1
21
22
SIM5
SIM1
SIM2
SIM3
SIM4
1
21
22
SIM5
SIM1
SIM2
SIM3
SIM4
1
21
22
SIM5
SIM1
SIM2
SIM3
SIM4
1
21
22
SIM5
SIM1
SIM2
SIM3
SIM4
1
21
22
SIM5
SIM1
SIM2
SIM3
SIM4
1
21
22
SIM5
SIM1
SIM2
SIM3
SIM4
1
21
22
SIM5
SIM1
SIM2
SIM3
SIM4
1
21
22
SIM5
SIM1
SIM2
SIM3
SIM4
1
21
22
SIM5
SIM1
SIM2
SIM3
SIM4
1
21
22
SIM5
SIM1
SIM2
SIM3
SIM4
1
21
22
SIM5
SIM1
SIM2
SIM3
SIM4
1
21
22
SIM5
SIM1
SIM2
SIM3
SIM4
1
21
22
SIM5
SIM1
SIM2
SIM3
SIM4
1
21
22
SIM5
SIM1
SIM2
SIM3
SIM4
1
21
22
SIM5
SIM1
SIM2
SIM3
SIM4
1
21
22
SIM5
SIM1
SIM2
SIM3
SIM4
1
21
22
SIM5
SIM1
SIM2
SIM3
SIM4
1
21
22
SIM5
SIM1
SIM2
SIM3
SIM4
1
21
22
SIM5
SIM1
SIM2
SIM3
SIM4
1
21
22
SIM5
SIM1
SIM2
SIM3
SIM4
1
21
22
SIM5
SIM1
SIM2
SIM3
SIM4
1
21
22
SIM5
SIM1
SIM2
SIM3
SIM4
1
21
22
SIM5
SIM1
SIM2
SIM3
SIM4
1
21
22
SIM5
SIM1
SIM2
SIM3
SIM4
1
21
22
SIM5
SIM1
SIM2
SIM3
SIM4
1
21
22
SIM5
SIM1
SIM2
SIM3
SIM4
1
21
22
SIM5
SIM1
SIM2
SIM3
SIM4
1
21
22
SIM5
SIM1
SIM2
SIM3
SIM4
1
21
22
SIM5
SIM1
SIM2
SIM3
SIM4
1
21
22
SIM5
SIM1
SIM2
SIM3
SIM4
1
21
22
SIM5
SIM1
SIM2
SIM3
SIM4
1
21
22
SIM5
SIM1
SIM2
SIM3
SIM4
1
21
22
SIM5
SIM1
SIM2
SIM3
SIM4
1
21
22
SIM5
SIM1
SIM2
SIM3
SIM4
1
21
22
SIM5
SIM1
SIM2
SIM3
SIM4
1
21
22
SIM5
SIM1
SIM2
SIM3
SIM4
1
21
22
SIM5
SIM1
SIM2
SIM3
SIM4
1
21
22
SIM5
SIM1
SIM2
SIM3
SIM4
1
21
22
SIM5
SIM1
SIM2
SIM3
SIM4
1
21
22
SIM5
SIM1
SIM2
SIM3
SIM4
1
21
22
SIM5
SIM1
SIM2
SIM3
SIM4
1
21
22
SIM5
SIM1
SIM2
SIM3
SIM4
1
21
22
SIM5
SIM1
SIM2
SIM3
SIM4
1
21
22
SIM5
SIM1
SIM2
SIM3
SIM4
1
21
22
SIM5
SIM1
SIM2
SIM3
SIM4
1
21
22
SIM5
SIM1
SIM2
SIM3
SIM4
1
21
22
SIM5
SIM1
SIM2
SIM3
SIM4
1
21
22
SIM5
SIM1
SIM2
SIM3
SIM4
1
21
22
SIM5
SIM1
SIM2
SIM3
SIM4
1
21
22
SIM5
SIM1
SIM2
SIM3
SIM4
1
21
22
SIM5
SIM1
SIM2
SIM3
SIM4
1
21
22
SIM5
SIM1
SIM2
SIM3
SIM4
1
21
22
SIM5
SIM1
SIM2
SIM3
SIM4
1
21
22
SIM5
SIM1
SIM2
SIM3
SIM4
1
21
22
SIM5
SIM1
SIM2
SIM3
SIM4
1
21
22
SIM5
SIM1
SIM2
SIM3
SIM4
1
21
22
SIM5
SIM1
SIM2
SIM3
SIM4
1
21
22
SIM5
SIM1
SIM2
SIM3
SIM4
1
21
22
SIM5
SIM1
SIM2
SIM3
SIM4
1
21
22
SIM5
SIM1
SIM2
SIM3
SIM4
1
21
22
SIM5
SIM1
SIM2
SIM3
SIM4
1
21
22
SIM5
SIM1
SIM2
SIM3
SIM4
1
21
22
SIM5
SIM1
SIM2
SIM3
SIM4
1
21
22
SIM5
SIM1
SIM2
SIM3
SIM4
1
21
22
SIM5
SIM1
SIM2
SIM3
SIM4
1
21
22
SIM5
SIM1
SIM2
SIM3
SIM4
1
21
22
SIM5
SIM1
SIM2
SIM3
SIM4
1
21
22
SIM5
SIM1
SIM2
SIM3
SIM4
1
21
22
SIM5
SIM1
SIM2
DEBUG 1 638
SIM1
SIM2
SIM3
SIM4
1
21
22
SIM5
SIM1
SIM2
SIM3
SIM4
1
21
22
SIM5
SIM1
SIM2
SIM3
SIM4
1
21
22
SIM5
SIM1
SIM2
SIM3
SIM4
1
21
22
SIM5
SIM1
SIM2
SIM3
SIM4
1
21
22
SIM5
SIM1
SIM2
SIM3
SIM4
1
21
22
SIM5
SIM1
SIM2
SIM3
SIM4
1
21
22
SIM5
SIM1
SIM2
SIM3
SIM4
1
21
22
SIM5
SIM1
SIM2
SIM3
SIM4
1
21
22
SIM5
SIM1
SIM2
SIM3
SIM4
1
21
22
SIM5
SIM1
SIM2
SIM3
SIM4
1
21
22
SIM5
SIM1
SIM2
SIM3
SIM4
1
21
22
SIM5
SIM1
SIM2
SIM3
SIM4
1
21
22
SIM5
SIM1
SIM2
SIM3
SIM4
1
21
22
SIM5
SIM1
SIM2
SIM3
SIM4
1
21
22
SIM5
SIM1
SIM2
SIM3
SIM4
1
21
22
SIM5
SIM1
SIM2
SIM3
SIM4
1
21
22
SIM5
SIM1
SIM2
SIM3
SIM4
1
21
22
SIM5
SIM1
SIM2
SIM3
SIM4
1
21
22
SIM5
SIM1
SIM2
SIM3
SIM4
1
21
22
SIM5
SIM1
SIM2
SIM3
SIM4
1
21
22
SIM5
SIM1
SIM2
SIM3
SIM4
1
21
22
SIM5
SIM1
SIM2
SIM3
SIM4
1
21
22
SIM5
SIM1
SIM2
SIM3
SIM4
1
21
22
SIM5
SIM1
SIM2
SIM3
SIM4
1
21
22
SIM5
SIM1
SIM2
SIM3
SIM4
1
21
22
SIM5
SIM1
SIM2
SIM3
SIM4
1
21
22
SIM5
SIM1
SIM2
SIM3
SIM4
1
21
22
SIM5
SIM1
SIM2
SIM3
SIM4
1
21
22
SIM5
SIM1
SIM2
SIM3
SIM4
1
21
22
SIM5
SIM1
SIM2
SIM3
SIM4
1
21
22
SIM5
SIM1
SIM2
SIM3
SIM4
1
21
22
SIM5
SIM1
SIM2
SIM3
SIM4
1
21
22
SIM5
SIM1
SIM2
SIM3
SIM4
1
21
22
SIM5
SIM1
SIM2
SIM3
SIM4
1
21
22
SIM5
SIM1
SIM2
SIM3
SIM4
1
21
22
SIM5
SIM1
SIM2
SIM3
SIM4
1
21
22
SIM5
SIM1
SIM2
SIM3
SIM4
1
21
22
SIM5
SIM1
SIM2
SIM3
SIM4
1
21
22
SIM5
SIM1
SIM2
SIM3
SIM4
1
21
22
SIM5
SIM1
SIM2
SIM3
SIM4
1
21
22
SIM5
SIM1
SIM2
SIM3
SIM4
1
21
22
SIM5
SIM1
SIM2
SIM3
SIM4
1
21
22
SIM5
SIM1
SIM2
SIM3
SIM4
1
21
22
SIM5
SIM1
SIM2
SIM3
SIM4
1
21
22
SIM5
SIM1
SIM2
SIM3
SIM4
1
21
22
SIM5
SIM1
SIM2
SIM3
SIM4
1
21
22
SIM5
SIM1
SIM2
SIM3
SIM4
1
21
22
SIM5
SIM1
SIM2
SIM3
SIM4
1
21
22
SIM5
SIM1
SIM2
SIM3
SIM4
1
21
22
SIM5
SIM1
SIM2
SIM3
SIM4
1
21
22
SIM5
SIM1
SIM2
SIM3
SIM4
1
21
22
SIM5
SIM1
SIM2
SIM3
SIM4
1
21
22
SIM5
SIM1
SIM2
SIM3
SIM4
1
21
22
SIM5
SIM1
SIM2
SIM3
SIM4
1
21
22
SIM5
SIM1
SIM2
SIM3
SIM4
1
21
22
SIM5
SIM1
SIM2
SIM3
SIM4
1
21
22
SIM5
SIM1
SIM2
SIM3
SIM4
1
21
22
SIM5
SIM1
SIM2
SIM3
SIM4
1
21
22
SIM5
SIM1
SIM2
SIM3
SIM4
1
21
22
SIM5
SIM1
SIM2
SIM3
SIM4
1
21
22
SIM5
SIM1
SIM2
SIM3
SIM4
1
21
22
SIM5
SIM1
SIM2
SIM3
SIM4
1
21
22
SIM5
SIM1
SIM2
SIM3
SIM4
1
21
22
SIM5
SIM1
SIM2
SIM3
SIM4
1
21
22
SIM5
SIM1
SIM2
SIM3
SIM4
1
21
22
SIM5
SIM1
SIM2
SIM3
SIM4
1
21
22
SIM5
SIM1
SIM2
SIM3
SIM4
1
21
22
SIM5
SIM1
SIM2
SIM3
SIM4
1
21
22
SIM5
SIM1
SIM2
SIM3
SIM4
1
21
22
SIM5
SIM1
SIM2
SIM3
SIM4
1
21
22
SIM5
SIM1
SIM2
SIM3
SIM4
1
21
22
SIM5
SIM1
SIM2
SIM3
SIM4
1
21
22
SIM5
SIM1
SIM2
SIM3
SIM4
1
21
22
SIM5
SIM1
SIM2
SIM3
SIM4
1
21
22
SIM5
SIM1
SIM2
SIM3
SIM4
1
21
22
SIM5
SIM1
SIM2
SIM3
SIM4
1
21
22
SIM5
SIM1
SIM2
SIM3
SIM4
1
21
22
SIM5
SIM1
SIM2
SIM3
SIM4
1
21
22
SIM5
SIM1
SIM2
SIM3
SIM4
1
21
22
SIM5
SIM1
SIM2
SIM3
SIM4
1
21
22
SIM5
SIM1
SIM2
SIM3
SIM4
1
21
22
SIM5
SIM1
SIM2
SIM3
SIM4
1
21
22
SIM5
SIM1
SIM2
SIM3
SIM4
1
21
22
SIM5
SIM1
SIM2
SIM3
SIM4
1
21
22
SIM5
SIM1
SIM2
SIM3
SIM4
1
21
22
SIM5
SIM1
SIM2
SIM3
SIM4
1
21
22
SIM5
SIM1
SIM2
SIM3
SIM4
1
21
22
SIM5
SIM1
SIM2
SIM3
SIM4
1
21
22
SIM5
SIM1
SIM2
SIM3
SIM4
1
21
22
SIM5
SIM1
SIM2
SIM3
SIM4
1
21
22
SIM5
SIM1
SIM2
SIM3
SIM4
1
21
22
SIM5
SIM1
SIM2
SIM3
SIM4
1
21
22
SIM5
SIM1
SIM2
SIM3
SIM4
1
21
22
SIM5
SIM1
SIM2
SIM3
SIM4
1
21
22
SIM5
SIM1
SIM2
SIM3
SIM4
1
21
22
SIM5
SIM1
SIM2
SIM3
SIM4
1
21
22
SIM5
SIM1
SIM2
SIM3
SIM4
1
21
22
SIM5
SIM1
SIM2
SIM3
SIM4
1
21
22
SIM5
SIM1
SIM2
SIM3
SIM4
1
21
22
SIM5
SIM1
SIM2
SIM3
SIM4
1
21
22
SIM5
SIM1
SIM2
DEBUG 1 639
SIM1
SIM2
SIM3
SIM4
1
21
22
SIM5
SIM1
SIM2
SIM3
SIM4
1
21
22
SIM5
SIM1
SIM2
SIM3
SIM4
1
21
22
SIM5
SIM1
SIM2
SIM3
SIM4
1
21
22
SIM5
SIM1
SIM2
SIM3
SIM4
1
21
22
SIM5
SIM1
SIM2
SIM3
SIM4
1
21
22
SIM5
SIM1
SIM2
SIM3
SIM4
1
21
22
SIM5
SIM1
SIM2
SIM3
SIM4
1
21
22
SIM5
SIM1
SIM2
SIM3
SIM4
1
21
22
SIM5
SIM1
SIM2
SIM3
SIM4
1
21
22
SIM5
SIM1
SIM2
SIM3
SIM4
1
21
22
SIM5
SIM1
SIM2
SIM3
SIM4
1
21
22
SIM5
SIM1
SIM2
SIM3
SIM4
1
21
22
SIM5
SIM1
SIM2
SIM3
SIM4
1
21
22
SIM5
SIM1
SIM2
SIM3
SIM4
1
21
22
SIM5
SIM1
SIM2
SIM3
SIM4
1
21
22
SIM5
SIM1
SIM2
SIM3
SIM4
1
21
22
SIM5
SIM1
SIM2
SIM3
SIM4
1
21
22
SIM5
SIM1
SIM2
SIM3
SIM4
1
21
22
SIM5
SIM1
SIM2
SIM3
SIM4
1
21
22
SIM5
SIM1
SIM2
SIM3
SIM4
1
21
22
SIM5
SIM1
SIM2
SIM3
SIM4
1
21
22
SIM5
SIM1
SIM2
SIM3
SIM4
1
21
22
SIM5
SIM1
SIM2
SIM3
SIM4
1
21
22
SIM5
SIM1
SIM2
SIM3
SIM4
1
21
22
SIM5
SIM1
SIM2
SIM3
SIM4
1
21
22
SIM5
SIM1
SIM2
SIM3
SIM4
1
21
22
SIM5
SIM1
SIM2
SIM3
SIM4
1
21
22
SIM5
SIM1
SIM2
SIM3
SIM4
1
21
22
SIM5
SIM1
SIM2
SIM3
SIM4
1
21
22
SIM5
SIM1
SIM2
SIM3
SIM4
1
21
22
SIM5
SIM1
SIM2
SIM3
SIM4
1
21
22
SIM5
SIM1
SIM2
SIM3
SIM4
1
21
22
SIM5
SIM1
SIM2
SIM3
SIM4
1
21
22
SIM5
SIM1
SIM2
SIM3
SIM4
1
21
22
SIM5
SIM1
SIM2
SIM3
SIM4
1
21
22
SIM5
SIM1
SIM2
SIM3
SIM4
1
21
22
SIM5
SIM1
SIM2
SIM3
SIM4
1
21
22
SIM5
SIM1
SIM2
SIM3
SIM4
1
21
22
SIM5
SIM1
SIM2
SIM3
SIM4
1
21
22
SIM5
SIM1
SIM2
SIM3
SIM4
1
21
22
SIM5
SIM1
SIM2
SIM3
SIM4
1
21
22
SIM5
SIM1
SIM2
SIM3
SIM4
1
21
22
SIM5
SIM1
SIM2
SIM3
SIM4
1
21
22
SIM5
SIM1
SIM2
SIM3
SIM4
1
21
22
SIM5
SIM1
SIM2
SIM3
SIM4
1
21
22
SIM5
SIM1
SIM2
SIM3
SIM4
1
21
22
SIM5
SIM1
SIM2
SIM3
SIM4
1
21
22
SIM5
SIM1
SIM2
SIM3
SIM4
1
21
22
SIM5
SIM1
SIM2
SIM3
SIM4
1
21
22
SIM5
SIM1
SIM2
SIM3
SIM4
1
21
22
SIM5
SIM1
SIM2
SIM3
SIM4
1
21
22
SIM5
SIM1
SIM2
SIM3
SIM4
1
21
22
SIM5
SIM1
SIM2
SIM3
SIM4
1
21
22
SIM5
SIM1
SIM2
SIM3
SIM4
1
21
22
SIM5
SIM1
SIM2
SIM3
SIM4
1
21
22
SIM5
SIM1
SIM2
SIM3
SIM4
1
21
22
SIM5
SIM1
SIM2
SIM3
SIM4
1
21
22
SIM5
SIM1
SIM2
SIM3
SIM4
1
21
22
SIM5
SIM1
SIM2
SIM3
SIM4
1
21
22
SIM5
SIM1
SIM2
SIM3
SIM4
1
21
22
SIM5
SIM1
SIM2
SIM3
SIM4
1
21
22
SIM5
SIM1
SIM2
SIM3
SIM4
1
21
22
SIM5
SIM1
SIM2
SIM3
SIM4
1
21
22
SIM5
SIM1
SIM2
SIM3
SIM4
1
21
22
SIM5
SIM1
SIM2
SIM3
SIM4
1
21
22
SIM5
SIM1
SIM2
SIM3
SIM4
1
21
22
SIM5
SIM1
SIM2
SIM3
SIM4
1
21
22
SIM5
SIM1
SIM2
SIM3
SIM4
1
21
22
SIM5
SIM1
SIM2
SIM3
SIM4
1
21
22
SIM5
SIM1
SIM2
SIM3
SIM4
1
21
22
SIM5
SIM1
SIM2
SIM3
SIM4
1
21
22
SIM5
SIM1
SIM2
SIM3
SIM4
1
21
22
SIM5
SIM1
SIM2
SIM3
SIM4
1
21
22
SIM5
SIM1
SIM2
SIM3
SIM4
1
21
22
SIM5
SIM1
SIM2
SIM3
SIM4
1
21
22
SIM5
SIM1
SIM2
SIM3
SIM4
1
21
22
SIM5
SIM1
SIM2
SIM3
SIM4
1
21
22
SIM5
SIM1
SIM2
SIM3
SIM4
1
21
22
SIM5
SIM1
SIM2
SIM3
SIM4
1
21
22
SIM5
SIM1
SIM2
SIM3
SIM4
1
21
22
SIM5
SIM1
SIM2
SIM3
SIM4
1
21
22
SIM5
SIM1
SIM2
SIM3
SIM4
1
21
22
SIM5
SIM1
SIM2
SIM3
SIM4
1
21
22
SIM5
SIM1
SIM2
SIM3
SIM4
1
21
22
SIM5
SIM1
SIM2
SIM3
SIM4
1
21
22
SIM5
SIM1
SIM2
SIM3
SIM4
1
21
22
SIM5
SIM1
SIM2
SIM3
SIM4
1
21
22
SIM5
SIM1
SIM2
SIM3
SIM4
1
21
22
SIM5
SIM1
SIM2
SIM3
SIM4
1
21
22
SIM5
SIM1
SIM2
SIM3
SIM4
1
21
22
SIM5
SIM1
SIM2
SIM3
SIM4
1
21
22
SIM5
SIM1
SIM2
SIM3
SIM4
1
21
22
SIM5
SIM1
SIM2
SIM3
SIM4
1
21
22
SIM5
SIM1
SIM2
SIM3
SIM4
1
21
22
SIM5
SIM1
SIM2
SIM3
SIM4
1
21
22
SIM5
SIM1
SIM2
SIM3
SIM4
1
21
22
SIM5
SIM1
SIM2
SIM3
SIM4
1
21
22
SIM5
SIM1
SIM2
SIM3
SIM4
1
21
22
SIM5
SIM1
SIM2
SIM3
SIM4
1
21
22
SIM5
SIM1
SIM2
SIM3
SIM4
1
21
22
SIM5
SIM1
SIM2
SIM3
SIM4
1
21
22
SIM5
SIM1
SIM2
SIM3
SIM4
1
21
22
SIM5
SIM1
SIM2
SIM3
SIM4
1
21
22
SIM5
SIM1
SIM2
SIM3
SIM4
1
21
22
SIM5
SIM1
SIM2
SIM3
SIM4
1
21
22
SIM5
SIM1
SIM2
SIM3
SIM4
1
21
22
SIM5
SIM1
SIM2
SIM3
SIM4
1
21
22
SIM5
SIM1
SIM2
SIM3
SIM4
1
21
22
SIM5
SIM1
SIM2
SIM3
SIM4
1
21
22
SIM5
SIM1
SIM2
SIM3
SIM4
1
21
22
SIM5
SIM1
SIM2
SIM3
SIM4
1
21
22
SIM5
SIM1
SIM2
SIM3
SIM4
1
21
22
SIM5
SIM1
SIM2
SIM3
SIM4
1
21
22
SIM5
SIM1
SIM2
SIM3
SIM4
1
21
22
SIM5
SIM1
SIM2
SIM3
SIM4
1
21
22
SIM5
SIM1
SIM2
SIM3
SIM4
1
21
22
SIM5
SIM1
SIM2
SIM3
SIM4
1
21
22
SIM5
SIM1
SIM2
SIM3
SIM4
1
21
22
SIM5
SIM1
SIM2
SIM3
SIM4
1
21
22
SIM5
SIM1
SIM2
SIM3
SIM4
1
21
22
SIM5
SIM1
SIM2
SIM3
SIM4
1
21
22
SIM5
SIM1
SIM2
SIM3
SIM4
1
21
22
SIM5
SIM1
SIM2
SIM3
SIM4
1
21
22
SIM5
SIM1
SIM2
SIM3
SIM4
1
21
22
SIM5
SIM1
SIM2
SIM3
SIM4
1
21
22
SIM5
SIM1
SIM2
SIM3
SIM4
1
21
22
SIM5
SIM1
SIM2
SIM3
SIM4
1
21
22
SIM5
SIM1
SIM2
SIM3
SIM4
1
21
22
SIM5
SIM1
SIM2
SIM3
SIM4
1
21
22
SIM5
SIM1
SIM2
SIM3
SIM4
1
21
22
SIM5
SIM1
SIM2
SIM3
SIM4
1
21
22
SIM5
SIM1
SIM2
SIM3
SIM4
1
21
22
SIM5
SIM1
SIM2
SIM3
SIM4
1
21
22
SIM5
SIM1
SIM2
SIM3
SIM4
1
21
22
SIM5
SIM1
SIM2
SIM3
SIM4
1
21
22
SIM5
SIM1
SIM2
SIM3
SIM4
1
21
22
SIM5
SIM1
SIM2
SIM3
SIM4
1
21
22
SIM5
SIM1
SIM2
SIM3
SIM4
1
21
22
SIM5
SIM1
SIM2
SIM3
SIM4
1
21
22
SIM5
SIM1
SIM2
SIM3
SIM4
1
21
22
SIM5
SIM1
SIM2
SIM3
SIM4
1
21
22
SIM5
SIM1
SIM2
SIM3
SIM4
1
21
22
SIM5
SIM1
SIM2
DEBUG 1 640
SIM1
SIM2
SIM3
SIM4
1
21
22
SIM5
SIM1
SIM2
SIM3
SIM4
1
21
22
SIM5
SIM1
SIM2
SIM3
SIM4
1
21
22
SIM5
SIM1
SIM2
SIM3
SIM4
1
21
22
SIM5
SIM1
SIM2
SIM3
SIM4
1
21
22
SIM5
SIM1
SIM2
SIM3
SIM4
1
21
22
SIM5
SIM1
SIM2
SIM3
SIM4
1
21
22
SIM5
SIM1
SIM2
SIM3
SIM4
1
21
22
SIM5
SIM1
SIM2
SIM3
SIM4
1
21
22
SIM5
SIM1
SIM2
SIM3
SIM4
1
21
22
SIM5
SIM1
SIM2
SIM3
SIM4
1
21
22
SIM5
SIM1
SIM2
SIM3
SIM4
1
21
22
SIM5
SIM1
SIM2
SIM3
SIM4
1
21
22
SIM5
SIM1
SIM2
SIM3
SIM4
1
21
22
SIM5
SIM1
SIM2
SIM3
SIM4
1
21
22
SIM5
SIM1
SIM2
SIM3
SIM4
1
21
22
SIM5
SIM1
SIM2
SIM3
SIM4
1
21
22
SIM5
SIM1
SIM2
SIM3
SIM4
1
21
22
SIM5
SIM1
SIM2
SIM3
SIM4
1
21
22
SIM5
SIM1
SIM2
SIM3
SIM4
1
21
22
SIM5
SIM1
SIM2
SIM3
SIM4
1
21
22
SIM5
SIM1
SIM2
SIM3
SIM4
1
21
22
SIM5
SIM1
SIM2
SIM3
SIM4
1
21
22
SIM5
SIM1
SIM2
SIM3
SIM4
1
21
22
SIM5
SIM1
SIM2
SIM3
SIM4
1
21
22
SIM5
SIM1
SIM2
SIM3
SIM4
1
21
22
SIM5
SIM1
SIM2
SIM3
SIM4
1
21
22
SIM5
SIM1
SIM2
SIM3
SIM4
1
21
22
SIM5
SIM1
SIM2
SIM3
SIM4
1
21
22
SIM5
SIM1
SIM2
SIM3
SIM4
1
21
22
SIM5
SIM1
SIM2
SIM3
SIM4
1
21
22
SIM5
SIM1
SIM2
SIM3
SIM4
1
21
22
SIM5
SIM1
SIM2
SIM3
SIM4
1
21
22
SIM5
SIM1
SIM2
SIM3
SIM4
1
21
22
SIM5
SIM1
SIM2
SIM3
SIM4
1
21
22
SIM5
SIM1
SIM2
SIM3
SIM4
1
21
22
SIM5
SIM1
SIM2
SIM3
SIM4
1
21
22
SIM5
SIM1
SIM2
SIM3
SIM4
1
21
22
SIM5
SIM1
SIM2
SIM3
SIM4
1
21
22
SIM5
SIM1
SIM2
SIM3
SIM4
1
21
22
SIM5
SIM1
SIM2
SIM3
SIM4
1
21
22
SIM5
SIM1
SIM2
SIM3
SIM4
1
21
22
SIM5
SIM1
SIM2
SIM3
SIM4
1
21
22
SIM5
SIM1
SIM2
SIM3
SIM4
1
21
22
SIM5
SIM1
SIM2
SIM3
SIM4
1
21
22
SIM5
SIM1
SIM2
SIM3
SIM4
1
21
22
SIM5
SIM1
SIM2
SIM3
SIM4
1
21
22
SIM5
SIM1
SIM2
SIM3
SIM4
1
21
22
SIM5
SIM1
SIM2
SIM3
SIM4
1
21
22
SIM5
SIM1
SIM2
SIM3
SIM4
1
21
22
SIM5
SIM1
SIM2
SIM3
SIM4
1
21
22
SIM5
SIM1
SIM2
SIM3
SIM4
1
21
22
SIM5
SIM1
SIM2
SIM3
SIM4
1
21
22
SIM5
SIM1
SIM2
SIM3
SIM4
1
21
22
SIM5
SIM1
SIM2
SIM3
SIM4
1
21
22
SIM5
SIM1
SIM2
SIM3
SIM4
1
21
22
SIM5
SIM1
SIM2
SIM3
SIM4
1
21
22
SIM5
SIM1
SIM2
SIM3
SIM4
1
21
22
SIM5
SIM1
SIM2
SIM3
SIM4
1
21
22
SIM5
SIM1
SIM2
SIM3
SIM4
1
21
22
SIM5
SIM1
SIM2
SIM3
SIM4
1
21
22
SIM5
SIM1
SIM2
SIM3
SIM4
1
21
22
SIM5
SIM1
SIM2
SIM3
SIM4
1
21
22
SIM5
SIM1
SIM2
SIM3
SIM4
1
21
22
SIM5
SIM1
SIM2
SIM3
SIM4
1
21
22
SIM5
SIM1
SIM2
SIM3
SIM4
1
21
22
SIM5
SIM1
SIM2
SIM3
SIM4
1
21
22
SIM5
SIM1
SIM2
SIM3
SIM4
1
21
22
SIM5
SIM1
SIM2
SIM3
SIM4
1
21
22
SIM5
SIM1
SIM2
SIM3
SIM4
1
21
22
SIM5
SIM1
SIM2
SIM3
SIM4
1
21
22
SIM5
SIM1
SIM2
SIM3
SIM4
1
21
22
SIM5
SIM1
SIM2
SIM3
SIM4
1
21
22
SIM5
SIM1
SIM2
SIM3
SIM4
1
21
22
SIM5
SIM1
SIM2
SIM3
SIM4
1
21
22
SIM5
SIM1
SIM2
SIM3
SIM4
1
21
22
SIM5
SIM1
SIM2
SIM3
SIM4
1
21
22
SIM5
SIM1
SIM2
SIM3
SIM4
1
21
22
SIM5
SIM1
SIM2
SIM3
SIM4
1
21
22
SIM5
SIM1
SIM2
SIM3
SIM4
1
21
22
SIM5
SIM1
SIM2
SIM3
SIM4
1
21
22
SIM5
SIM1
SIM2
SIM3
SIM4
1
21
22
SIM5
SIM1
SIM2
SIM3
SIM4
1
21
22
SIM5
SIM1
SIM2
SIM3
SIM4
1
21
22
SIM5
SIM1
SIM2
SIM3
SIM4
1
21
22
SIM5
SIM1
SIM2
SIM3
SIM4
1
21
22
SIM5
SIM1
SIM2
SIM3
SIM4
1
21
22
SIM5
SIM1
SIM2
SIM3
SIM4
1
21
22
SIM5
SIM1
SIM2
SIM3
SIM4
1
21
22
SIM5
SIM1
SIM2
SIM3
SIM4
1
21
22
SIM5
SIM1
SIM2
SIM3
SIM4
1
21
22
SIM5
SIM1
SIM2
SIM3
SIM4
1
21
22
SIM5
SIM1
SIM2
SIM3
SIM4
1
21
22
SIM5
SIM1
SIM2
SIM3
SIM4
1
21
22
SIM5
SIM1
SIM2
SIM3
SIM4
1
21
22
SIM5
SIM1
SIM2
SIM3
SIM4
1
21
22
SIM5
SIM1
SIM2
SIM3
SIM4
1
21
22
SIM5
SIM1
SIM2
SIM3
SIM4
1
21
22
SIM5
SIM1
SIM2
SIM3
SIM4
1
21
22
SIM5
SIM1
SIM2
SIM3
SIM4
1
21
22
SIM5
SIM1
SIM2
SIM3
SIM4
1
21
22
SIM5
SIM1
SIM2
SIM3
SIM4
1
21
22
SIM5
SIM1
SIM2
SIM3
SIM4
1
21
22
SIM5
SIM1
SIM2
SIM3
SIM4
1
21
22
SIM5
SIM1
SIM2
SIM3
SIM4
1
21
22
SIM5
SIM1
SIM2
SIM3
SIM4
1
21
22
SIM5
SIM1
SIM2
SIM3
SIM4
1
21
22
SIM5
SIM1
SIM2
SIM3
SIM4
1
21
22
SIM5
SIM1
SIM2
SIM3
SIM4
1
21
22
SIM5
SIM1
SIM2
SIM3
SIM4
1
21
22
SIM5
SIM1
SIM2
SIM3
SIM4
1
21
22
SIM5
SIM1
SIM2
SIM3
SIM4
1
21
22
SIM5
SIM1
SIM2
SIM3
SIM4
1
21
22
SIM5
SIM1
SIM2
DEBUG 1 641
SIM1
SIM2
SIM3
SIM4
1
21
22
SIM5
SIM1
SIM2
SIM3
SIM4
1
21
22
SIM5
SIM1
SIM2
SIM3
SIM4
1
21
22
SIM5
SIM1
SIM2
SIM3
SIM4
1
21
22
SIM5
SIM1
SIM2
SIM3
SIM4
1
21
22
SIM5
SIM1
SIM2
SIM3
SIM4
1
21
22
SIM5
SIM1
SIM2
SIM3
SIM4
1
21
22
SIM5
SIM1
SIM2
SIM3
SIM4
1
21
22
SIM5
SIM1
SIM2
SIM3
SIM4
1
21
22
SIM5
SIM1
SIM2
SIM3
SIM4
1
21
22
SIM5
SIM1
SIM2
SIM3
SIM4
1
21
22
SIM5
SIM1
SIM2
SIM3
SIM4
1
21
22
SIM5
SIM1
SIM2
SIM3
SIM4
1
21
22
SIM5
SIM1
SIM2
SIM3
SIM4
1
21
22
SIM5
SIM1
SIM2
SIM3
SIM4
1
21
22
SIM5
SIM1
SIM2
SIM3
SIM4
1
21
22
SIM5
SIM1
SIM2
SIM3
SIM4
1
21
22
SIM5
SIM1
SIM2
SIM3
SIM4
1
21
22
SIM5
SIM1
SIM2
SIM3
SIM4
1
21
22
SIM5
SIM1
SIM2
SIM3
SIM4
1
21
22
SIM5
SIM1
SIM2
SIM3
SIM4
1
21
22
SIM5
SIM1
SIM2
SIM3
SIM4
1
21
22
SIM5
SIM1
SIM2
SIM3
SIM4
1
21
22
SIM5
SIM1
SIM2
SIM3
SIM4
1
21
22
SIM5
SIM1
SIM2
SIM3
SIM4
1
21
22
SIM5
SIM1
SIM2
SIM3
SIM4
1
21
22
SIM5
SIM1
SIM2
SIM3
SIM4
1
21
22
SIM5
SIM1
SIM2
SIM3
SIM4
1
21
22
SIM5
SIM1
SIM2
SIM3
SIM4
1
21
22
SIM5
SIM1
SIM2
SIM3
SIM4
1
21
22
SIM5
SIM1
SIM2
SIM3
SIM4
1
21
22
SIM5
SIM1
SIM2
SIM3
SIM4
1
21
22
SIM5
SIM1
SIM2
SIM3
SIM4
1
21
22
SIM5
SIM1
SIM2
SIM3
SIM4
1
21
22
SIM5
SIM1
SIM2
SIM3
SIM4
1
21
22
SIM5
SIM1
SIM2
SIM3
SIM4
1
21
22
SIM5
SIM1
SIM2
SIM3
SIM4
1
21
22
SIM5
SIM1
SIM2
SIM3
SIM4
1
21
22
SIM5
SIM1
SIM2
SIM3
SIM4
1
21
22
SIM5
SIM1
SIM2
SIM3
SIM4
1
21
22
SIM5
SIM1
SIM2
SIM3
SIM4
1
21
22
SIM5
SIM1
SIM2
SIM3
SIM4
1
21
22
SIM5
SIM1
SIM2
SIM3
SIM4
1
21
22
SIM5
SIM1
SIM2
SIM3
SIM4
1
21
22
SIM5
SIM1
SIM2
SIM3
SIM4
1
21
22
SIM5
SIM1
SIM2
SIM3
SIM4
1
21
22
SIM5
SIM1
SIM2
SIM3
SIM4
1
21
22
SIM5
SIM1
SIM2
SIM3
SIM4
1
21
22
SIM5
SIM1
SIM2
SIM3
SIM4
1
21
22
SIM5
SIM1
SIM2
SIM3
SIM4
1
21
22
SIM5
SIM1
SIM2
SIM3
SIM4
1
21
22
SIM5
SIM1
SIM2
SIM3
SIM4
1
21
22
SIM5
SIM1
SIM2
SIM3
SIM4
1
21
22
SIM5
SIM1
SIM2
SIM3
SIM4
1
21
22
SIM5
SIM1
SIM2
SIM3
SIM4
1
21
22
SIM5
SIM1
SIM2
SIM3
SIM4
1
21
22
SIM5
SIM1
SIM2
SIM3
SIM4
1
21
22
SIM5
SIM1
SIM2
SIM3
SIM4
1
21
22
SIM5
SIM1
SIM2
SIM3
SIM4
1
21
22
SIM5
SIM1
SIM2
SIM3
SIM4
1
21
22
SIM5
SIM1
SIM2
SIM3
SIM4
1
21
22
SIM5
SIM1
SIM2
SIM3
SIM4
1
21
22
SIM5
SIM1
SIM2
SIM3
SIM4
1
21
22
SIM5
SIM1
SIM2
SIM3
SIM4
1
21
22
SIM5
SIM1
SIM2
SIM3
SIM4
1
21
22
SIM5
SIM1
SIM2
SIM3
SIM4
1
21
22
SIM5
SIM1
SIM2
SIM3
SIM4
1
21
22
SIM5
SIM1
SIM2
SIM3
SIM4
1
21
22
SIM5
SIM1
SIM2
SIM3
SIM4
1
21
22
SIM5
SIM1
SIM2
SIM3
SIM4
1
21
22
SIM5
SIM1
SIM2
SIM3
SIM4
1
21
22
SIM5
SIM1
SIM2
SIM3
SIM4
1
21
22
SIM5
SIM1
SIM2
SIM3
SIM4
1
21
22
SIM5
SIM1
SIM2
SIM3
SIM4
1
21
22
SIM5
SIM1
SIM2
SIM3
SIM4
1
21
22
SIM5
SIM1
SIM2
SIM3
SIM4
1
21
22
SIM5
SIM1
SIM2
SIM3
SIM4
1
21
22
SIM5
SIM1
SIM2
SIM3
SIM4
1
21
22
SIM5
SIM1
SIM2
SIM3
SIM4
1
21
22
SIM5
SIM1
SIM2
SIM3
SIM4
1
21
22
SIM5
SIM1
SIM2
SIM3
SIM4
1
21
22
SIM5
SIM1
SIM2
SIM3
SIM4
1
21
22
SIM5
SIM1
SIM2
SIM3
SIM4
1
21
22
SIM5
SIM1
SIM2
SIM3
SIM4
1
21
22
SIM5
SIM1
SIM2
SIM3
SIM4
1
21
22
SIM5
SIM1
SIM2
SIM3
SIM4
1
21
22
SIM5
SIM1
SIM2
SIM3
SIM4
1
21
22
SIM5
SIM1
SIM2
SIM3
SIM4
1
21
22
SIM5
SIM1
SIM2
SIM3
SIM4
1
21
22
SIM5
SIM1
SIM2
SIM3
SIM4
1
21
22
SIM5
SIM1
SIM2
SIM3
SIM4
1
21
22
SIM5
SIM1
SIM2
SIM3
SIM4
1
21
22
SIM5
SIM1
SIM2
SIM3
SIM4
1
21
22
SIM5
SIM1
SIM2
SIM3
SIM4
1
21
22
SIM5
SIM1
SIM2
SIM3
SIM4
1
21
22
SIM5
SIM1
SIM2
SIM3
SIM4
1
21
22
SIM5
SIM1
SIM2
SIM3
SIM4
1
21
22
SIM5
SIM1
SIM2
SIM3
SIM4
1
21
22
SIM5
SIM1
SIM2
SIM3
SIM4
1
21
22
SIM5
SIM1
SIM2
SIM3
SIM4
1
21
22
SIM5
SIM1
SIM2
SIM3
SIM4
1
21
22
SIM5
SIM1
SIM2
SIM3
SIM4
1
21
22
SIM5
SIM1
SIM2
SIM3
SIM4
1
21
22
SIM5
SIM1
SIM2
SIM3
SIM4
1
21
22
SIM5
SIM1
SIM2
SIM3
SIM4
1
21
22
SIM5
SIM1
SIM2
SIM3
SIM4
1
21
22
SIM5
SIM1
SIM2
SIM3
SIM4
1
21
22
SIM5
SIM1
SIM2
SIM3
SIM4
1
21
22
SIM5
SIM1
SIM2
SIM3
SIM4
1
21
22
SIM5
SIM1
SIM2
SIM3
SIM4
1
21
22
SIM5
SIM1
SIM2
SIM3
SIM4
1
21
22
SIM5
SIM1
SIM2
SIM3
SIM4
1
21
22
SIM5
SIM1
SIM2
SIM3
SIM4
1
21
22
SIM5
SIM1
SIM2
SIM3
SIM4
1
21
22
SIM5
SIM1
SIM2
SIM3
SIM4
1
21
22
SIM5
SIM1
SIM2
SIM3
SIM4
1
21
22
SIM5
SIM1
SIM2
SIM3
SIM4
1
21
22
SIM5
SIM1
SIM2
SIM3
SIM4
1
21
22
SIM5
SIM1
SIM2
SIM3
SIM4
1
21
22
SIM5
SIM1
SIM2
SIM3
SIM4
1
21
22
SIM5
SIM1
SIM2
SIM3
SIM4
1
21
22
SIM5
SIM1
SIM2
SIM3
SIM4
1
21
22
SIM5
SIM1
SIM2
SIM3
SIM4
1
21
22
SIM5
SIM1
SIM2
SIM3
SIM4
1
21
22
SIM5
SIM1
SIM2
SIM3
SIM4
1
21
22
SIM5
SIM1
SIM2
SIM3
SIM4
1
21
22
SIM5
SIM1
SIM2
SIM3
SIM4
1
21
22
SIM5
SIM1
SIM2
SIM3
SIM4
1
21
22
SIM5
SIM1
SIM2
SIM3
SIM4
1
21
22
SIM5
SIM1
SIM2
SIM3
SIM4
1
21
22
SIM5
SIM1
SIM2
SIM3
SIM4
1
21
22
SIM5
SIM1
SIM2
SIM3
SIM4
1
21
22
SIM5
SIM1
SIM2
SIM3
SIM4
1
21
22
SIM5
SIM1
SIM2
SIM3
SIM4
1
21
22
SIM5
SIM1
SIM2
SIM3
SIM4
1
21
22
SIM5
SIM1
SIM2
SIM3
SIM4
1
21
22
SIM5
SIM1
SIM2
SIM3
SIM4
1
21
22
SIM5
SIM1
SIM2
SIM3
SIM4
1
21
22
SIM5
SIM1
SIM2
SIM3
SIM4
1
21
22
SIM5
SIM1
SIM2
SIM3
SIM4
1
21
22
SIM5
SIM1
SIM2
SIM3
SIM4
1
21
22
SIM5
SIM1
SIM2
SIM3
SIM4
1
21
22
SIM5
SIM1
SIM2
SIM3
SIM4
1
21
22
SIM5
SIM1
SIM2
SIM3
SIM4
1
21
22
SIM5
SIM1
SIM2
SIM3
SIM4
1
21
22
SIM5
SIM1
SIM2
SIM3
SIM4
1
21
22
SIM5
SIM1
SIM2
SIM3
SIM4
1
21
22
SIM5
SIM1
SIM2
SIM3
SIM4
1
21
22
SIM5
SIM1
SIM2
SIM3
SIM4
1
21
22
SIM5
SIM1
SIM2
SIM3
SIM4
1
21
22
SIM5
SIM1
SIM2
SIM3
SIM4
1
21
22
SIM5
SIM1
SIM2
SIM3
SIM4
1
21
22
SIM5
SIM1
SIM2
SIM3
SIM4
1
21
22
SIM5
SIM1
SIM2
SIM3
SIM4
1
21
22
SIM5
SIM1
SIM2
SIM3
SIM4
1
21
22
SIM5
SIM1
SIM2
SIM3
SIM4
1
21
22
SIM5
SIM1
SIM2
SIM3
SIM4
1
21
22
SIM5
SIM1
SIM2
SIM3
SIM4
1
21
22
SIM5
SIM1
SIM2
SIM3
SIM4
1
21
22
SIM5
SIM1
SIM2
SIM3
SIM4
1
21
22
SIM5
SIM1
SIM2
SIM3
SIM4
1
21
22
SIM5
SIM1
SIM2
SIM3
SIM4
1
21
22
SIM5
SIM1
SIM2
SIM3
SIM4
1
21
22
SIM5
SIM1
SIM2
SIM3
SIM4
1
21
22
SIM5
SIM1
SIM2
SIM3
SIM4
1
21
22
SIM5
SIM1
SIM2
DEBUG 1 642
SIM1
SIM2
SIM3
SIM4
1
21
22
SIM5
SIM1
SIM2
SIM3
SIM4
1
21
22
SIM5
SIM1
SIM2
SIM3
SIM4
1
21
22
SIM5
SIM1
SIM2
SIM3
SIM4
1
21
22
SIM5
SIM1
SIM2
SIM3
SIM4
1
21
22
SIM5
SIM1
SIM2
SIM3
SIM4
1
21
22
SIM5
SIM1
SIM2
SIM3
SIM4
1
21
22
SIM5
SIM1
SIM2
SIM3
SIM4
1
21
22
SIM5
SIM1
SIM2
SIM3
SIM4
1
21
22
SIM5
SIM1
SIM2
SIM3
SIM4
1
21
22
SIM5
SIM1
SIM2
SIM3
SIM4
1
21
22
SIM5
SIM1
SIM2
SIM3
SIM4
1
21
22
SIM5
SIM1
SIM2
SIM3
SIM4
1
21
22
SIM5
SIM1
SIM2
SIM3
SIM4
1
21
22
SIM5
SIM1
SIM2
SIM3
SIM4
1
21
22
SIM5
SIM1
SIM2
SIM3
SIM4
1
21
22
SIM5
SIM1
SIM2
SIM3
SIM4
1
21
22
SIM5
SIM1
SIM2
SIM3
SIM4
1
21
22
SIM5
SIM1
SIM2
SIM3
SIM4
1
21
22
SIM5
SIM1
SIM2
SIM3
SIM4
1
21
22
SIM5
SIM1
SIM2
SIM3
SIM4
1
21
22
SIM5
SIM1
SIM2
SIM3
SIM4
1
21
22
SIM5
SIM1
SIM2
SIM3
SIM4
1
21
22
SIM5
SIM1
SIM2
SIM3
SIM4
1
21
22
SIM5
SIM1
SIM2
SIM3
SIM4
1
21
22
SIM5
SIM1
SIM2
SIM3
SIM4
1
21
22
SIM5
SIM1
SIM2
SIM3
SIM4
1
21
22
SIM5
SIM1
SIM2
SIM3
SIM4
1
21
22
SIM5
SIM1
SIM2
SIM3
SIM4
1
21
22
SIM5
SIM1
SIM2
SIM3
SIM4
1
21
22
SIM5
SIM1
SIM2
SIM3
SIM4
1
21
22
SIM5
SIM1
SIM2
SIM3
SIM4
1
21
22
SIM5
SIM1
SIM2
SIM3
SIM4
1
21
22
SIM5
SIM1
SIM2
SIM3
SIM4
1
21
22
SIM5
SIM1
SIM2
SIM3
SIM4
1
21
22
SIM5
SIM1
SIM2
SIM3
SIM4
1
21
22
SIM5
SIM1
SIM2
SIM3
SIM4
1
21
22
SIM5
SIM1
SIM2
SIM3
SIM4
1
21
22
SIM5
SIM1
SIM2
SIM3
SIM4
1
21
22
SIM5
SIM1
SIM2
SIM3
SIM4
1
21
22
SIM5
SIM1
SIM2
SIM3
SIM4
1
21
22
SIM5
SIM1
SIM2
SIM3
SIM4
1
21
22
SIM5
SIM1
SIM2
SIM3
SIM4
1
21
22
SIM5
SIM1
SIM2
SIM3
SIM4
1
21
22
SIM5
SIM1
SIM2
SIM3
SIM4
1
21
22
SIM5
SIM1
SIM2
SIM3
SIM4
1
21
22
SIM5
SIM1
SIM2
SIM3
SIM4
1
21
22
SIM5
SIM1
SIM2
SIM3
SIM4
1
21
22
SIM5
SIM1
SIM2
SIM3
SIM4
1
21
22
SIM5
SIM1
SIM2
SIM3
SIM4
1
21
22
SIM5
SIM1
SIM2
SIM3
SIM4
1
21
22
SIM5
SIM1
SIM2
SIM3
SIM4
1
21
22
SIM5
SIM1
SIM2
SIM3
SIM4
1
21
22
SIM5
SIM1
SIM2
SIM3
SIM4
1
21
22
SIM5
SIM1
SIM2
SIM3
SIM4
1
21
22
SIM5
SIM1
SIM2
SIM3
SIM4
1
21
22
SIM5
SIM1
SIM2
SIM3
SIM4
1
21
22
SIM5
SIM1
SIM2
SIM3
SIM4
1
21
22
SIM5
SIM1
SIM2
SIM3
SIM4
1
21
22
SIM5
SIM1
SIM2
SIM3
SIM4
1
21
22
SIM5
SIM1
SIM2
SIM3
SIM4
1
21
22
SIM5
SIM1
SIM2
SIM3
SIM4
1
21
22
SIM5
SIM1
SIM2
SIM3
SIM4
1
21
22
SIM5
SIM1
SIM2
SIM3
SIM4
1
21
22
SIM5
SIM1
SIM2
SIM3
SIM4
1
21
22
SIM5
SIM1
SIM2
SIM3
SIM4
1
21
22
SIM5
SIM1
SIM2
SIM3
SIM4
1
21
22
SIM5
SIM1
SIM2
SIM3
SIM4
1
21
22
SIM5
SIM1
SIM2
SIM3
SIM4
1
21
22
SIM5
SIM1
SIM2
SIM3
SIM4
1
21
22
SIM5
SIM1
SIM2
SIM3
SIM4
1
21
22
SIM5
SIM1
SIM2
SIM3
SIM4
1
21
22
SIM5
SIM1
SIM2
SIM3
SIM4
1
21
22
SIM5
SIM1
SIM2
SIM3
SIM4
1
21
22
SIM5
SIM1
SIM2
SIM3
SIM4
1
21
22
SIM5
SIM1
SIM2
SIM3
SIM4
1
21
22
SIM5
SIM1
SIM2
SIM3
SIM4
1
21
22
SIM5
SIM1
SIM2
SIM3
SIM4
1
21
22
SIM5
SIM1
SIM2
SIM3
SIM4
1
21
22
SIM5
SIM1
SIM2
SIM3
SIM4
1
21
22
SIM5
SIM1
SIM2
SIM3
SIM4
1
21
22
SIM5
SIM1
SIM2
SIM3
SIM4
1
21
22
SIM5
SIM1
SIM2
SIM3
SIM4
1
21
22
SIM5
SIM1
SIM2
SIM3
SIM4
1
21
22
SIM5
SIM1
SIM2
SIM3
SIM4
1
21
22
SIM5
SIM1
SIM2
SIM3
SIM4
1
21
22
SIM5
SIM1
SIM2
SIM3
SIM4
1
21
22
SIM5
SIM1
SIM2
SIM3
SIM4
1
21
22
SIM5
SIM1
SIM2
SIM3
SIM4
1
21
22
SIM5
SIM1
SIM2
SIM3
SIM4
1
21
22
SIM5
SIM1
SIM2
SIM3
SIM4
1
21
22
SIM5
SIM1
SIM2
SIM3
SIM4
1
21
22
SIM5
SIM1
SIM2
SIM3
SIM4
1
21
22
SIM5
SIM1
SIM2
SIM3
SIM4
1
21
22
SIM5
SIM1
SIM2
SIM3
SIM4
1
21
22
SIM5
SIM1
SIM2
SIM3
SIM4
1
21
22
SIM5
SIM1
SIM2
SIM3
SIM4
1
21
22
SIM5
SIM1
SIM2
SIM3
SIM4
1
21
22
SIM5
SIM1
SIM2
SIM3
SIM4
1
21
22
SIM5
SIM1
SIM2
SIM3
SIM4
1
21
22
SIM5
SIM1
SIM2
SIM3
SIM4
1
21
22
SIM5
SIM1
SIM2
SIM3
SIM4
1
21
22
SIM5
SIM1
SIM2
SIM3
SIM4
1
21
22
SIM5
SIM1
SIM2
SIM3
SIM4
1
21
22
SIM5
SIM1
SIM2
SIM3
SIM4
1
21
22
SIM5
SIM1
SIM2
SIM3
SIM4
1
21
22
SIM5
SIM1
SIM2
SIM3
SIM4
1
21
22
SIM5
SIM1
SIM2
SIM3
SIM4
1
21
22
SIM5
SIM1
SIM2
SIM3
SIM4
1
21
22
SIM5
SIM1
SIM2
SIM3
SIM4
1
21
22
SIM5
SIM1
SIM2
SIM3
SIM4
1
21
22
SIM5
SIM1
SIM2
SIM3
SIM4
1
21
22
SIM5
SIM1
SIM2
SIM3
SIM4
1
21
22
SIM5
SIM1
SIM2
SIM3
SIM4
1
21
22
SIM5
SIM1
SIM2
SIM3
SIM4
1
21
22
SIM5
SIM1
SIM2
SIM3
SIM4
1
21
22
SIM5
SIM1
SIM2
SIM3
SIM4
1
21
22
SIM5
SIM1
SIM2
SIM3
SIM4
1
21
22
SIM5
SIM1
SIM2
SIM3
SIM4
1
21
22
SIM5
SIM1
SIM2
SIM3
SIM4
1
21
22
SIM5
SIM1
SIM2
SIM3
SIM4
1
21
22
SIM5
SIM1
SIM2
SIM3
SIM4
1
21
22
SIM5
SIM1
SIM2
SIM3
SIM4
1
21
22
SIM5
SIM1
SIM2
SIM3
SIM4
1
21
22
SIM5
SIM1
SIM2
SIM3
SIM4
1
21
22
SIM5
SIM1
SIM2
SIM3
SIM4
1
21
22
SIM5
SIM1
SIM2
SIM3
SIM4
1
21
22
SIM5
SIM1
SIM2
SIM3
SIM4
1
21
22
SIM5
SIM1
SIM2
SIM3
SIM4
1
21
22
SIM5
SIM1
SIM2
SIM3
SIM4
1
21
22
SIM5
SIM1
SIM2
SIM3
SIM4
1
21
22
SIM5
SIM1
SIM2
SIM3
SIM4
1
21
22
SIM5
SIM1
SIM2
SIM3
SIM4
1
21
22
SIM5
SIM1
SIM2
SIM3
SIM4
1
21
22
SIM5
SIM1
SIM2
SIM3
SIM4
1
21
22
SIM5
SIM1
SIM2
SIM3
SIM4
1
21
22
SIM5
SIM1
SIM2
SIM3
SIM4
1
21
22
SIM5
SIM1
SIM2
SIM3
SIM4
1
21
22
SIM5
SIM1
SIM2
DEBUG 1 643
SIM1
SIM2
SIM3
SIM4
1
21
22
SIM5
SIM1
SIM2
SIM3
SIM4
1
21
22
SIM5
SIM1
SIM2
SIM3
SIM4
1
21
22
SIM5
SIM1
SIM2
SIM3
SIM4
1
21
22
SIM5
SIM1
SIM2
SIM3
SIM4
1
21
22
SIM5
SIM1
SIM2
SIM3
SIM4
1
21
22
SIM5
SIM1
SIM2
SIM3
SIM4
1
21
22
SIM5
SIM1
SIM2
SIM3
SIM4
1
21
22
SIM5
SIM1
SIM2
SIM3
SIM4
1
21
22
SIM5
SIM1
SIM2
SIM3
SIM4
1
21
22
SIM5
SIM1
SIM2
SIM3
SIM4
1
21
22
SIM5
SIM1
SIM2
SIM3
SIM4
1
21
22
SIM5
SIM1
SIM2
SIM3
SIM4
1
21
22
SIM5
SIM1
SIM2
SIM3
SIM4
1
21
22
SIM5
SIM1
SIM2
SIM3
SIM4
1
21
22
SIM5
SIM1
SIM2
SIM3
SIM4
1
21
22
SIM5
SIM1
SIM2
SIM3
SIM4
1
21
22
SIM5
SIM1
SIM2
SIM3
SIM4
1
21
22
SIM5
SIM1
SIM2
SIM3
SIM4
1
21
22
SIM5
SIM1
SIM2
SIM3
SIM4
1
21
22
SIM5
SIM1
SIM2
SIM3
SIM4
1
21
22
SIM5
SIM1
SIM2
SIM3
SIM4
1
21
22
SIM5
SIM1
SIM2
SIM3
SIM4
1
21
22
SIM5
SIM1
SIM2
SIM3
SIM4
1
21
22
SIM5
SIM1
SIM2
SIM3
SIM4
1
21
22
SIM5
SIM1
SIM2
SIM3
SIM4
1
21
22
SIM5
SIM1
SIM2
SIM3
SIM4
1
21
22
SIM5
SIM1
SIM2
SIM3
SIM4
1
21
22
SIM5
SIM1
SIM2
SIM3
SIM4
1
21
22
SIM5
SIM1
SIM2
SIM3
SIM4
1
21
22
SIM5
SIM1
SIM2
SIM3
SIM4
1
21
22
SIM5
SIM1
SIM2
SIM3
SIM4
1
21
22
SIM5
SIM1
SIM2
SIM3
SIM4
1
21
22
SIM5
SIM1
SIM2
SIM3
SIM4
1
21
22
SIM5
SIM1
SIM2
SIM3
SIM4
1
21
22
SIM5
SIM1
SIM2
SIM3
SIM4
1
21
22
SIM5
SIM1
SIM2
SIM3
SIM4
1
21
22
SIM5
SIM1
SIM2
SIM3
SIM4
1
21
22
SIM5
SIM1
SIM2
SIM3
SIM4
1
21
22
SIM5
SIM1
SIM2
SIM3
SIM4
1
21
22
SIM5
SIM1
SIM2
SIM3
SIM4
1
21
22
SIM5
SIM1
SIM2
SIM3
SIM4
1
21
22
SIM5
SIM1
SIM2
SIM3
SIM4
1
21
22
SIM5
SIM1
SIM2
SIM3
SIM4
1
21
22
SIM5
SIM1
SIM2
SIM3
SIM4
1
21
22
SIM5
SIM1
SIM2
SIM3
SIM4
1
21
22
SIM5
SIM1
SIM2
SIM3
SIM4
1
21
22
SIM5
SIM1
SIM2
SIM3
SIM4
1
21
22
SIM5
SIM1
SIM2
SIM3
SIM4
1
21
22
SIM5
SIM1
SIM2
SIM3
SIM4
1
21
22
SIM5
SIM1
SIM2
SIM3
SIM4
1
21
22
SIM5
SIM1
SIM2
SIM3
SIM4
1
21
22
SIM5
SIM1
SIM2
SIM3
SIM4
1
21
22
SIM5
SIM1
SIM2
SIM3
SIM4
1
21
22
SIM5
SIM1
SIM2
SIM3
SIM4
1
21
22
SIM5
SIM1
SIM2
SIM3
SIM4
1
21
22
SIM5
SIM1
SIM2
SIM3
SIM4
1
21
22
SIM5
SIM1
SIM2
SIM3
SIM4
1
21
22
SIM5
SIM1
SIM2
SIM3
SIM4
1
21
22
SIM5
SIM1
SIM2
SIM3
SIM4
1
21
22
SIM5
SIM1
SIM2
SIM3
SIM4
1
21
22
SIM5
SIM1
SIM2
SIM3
SIM4
1
21
22
SIM5
SIM1
SIM2
SIM3
SIM4
1
21
22
SIM5
SIM1
SIM2
SIM3
SIM4
1
21
22
SIM5
SIM1
SIM2
SIM3
SIM4
1
21
22
SIM5
SIM1
SIM2
SIM3
SIM4
1
21
22
SIM5
SIM1
SIM2
SIM3
SIM4
1
21
22
SIM5
SIM1
SIM2
SIM3
SIM4
1
21
22
SIM5
SIM1
SIM2
SIM3
SIM4
1
21
22
SIM5
SIM1
SIM2
SIM3
SIM4
1
21
22
SIM5
SIM1
SIM2
SIM3
SIM4
1
21
22
SIM5
SIM1
SIM2
SIM3
SIM4
1
21
22
SIM5
SIM1
SIM2
SIM3
SIM4
1
21
22
SIM5
SIM1
SIM2
SIM3
SIM4
1
21
22
SIM5
SIM1
SIM2
SIM3
SIM4
1
21
22
SIM5
SIM1
SIM2
SIM3
SIM4
1
21
22
SIM5
SIM1
SIM2
SIM3
SIM4
1
21
22
SIM5
SIM1
SIM2
SIM3
SIM4
1
21
22
SIM5
SIM1
SIM2
SIM3
SIM4
1
21
22
SIM5
SIM1
SIM2
SIM3
SIM4
1
21
22
SIM5
SIM1
SIM2
SIM3
SIM4
1
21
22
SIM5
SIM1
SIM2
SIM3
SIM4
1
21
22
SIM5
SIM1
SIM2
SIM3
SIM4
1
21
22
SIM5
SIM1
SIM2
SIM3
SIM4
1
21
22
SIM5
SIM1
SIM2
SIM3
SIM4
1
21
22
SIM5
SIM1
SIM2
SIM3
SIM4
1
21
22
SIM5
SIM1
SIM2
SIM3
SIM4
1
21
22
SIM5
SIM1
SIM2
SIM3
SIM4
1
21
22
SIM5
SIM1
SIM2
SIM3
SIM4
1
21
22
SIM5
SIM1
SIM2
SIM3
SIM4
1
21
22
SIM5
SIM1
SIM2
SIM3
SIM4
1
21
22
SIM5
SIM1
SIM2
SIM3
SIM4
1
21
22
SIM5
SIM1
SIM2
SIM3
SIM4
1
21
22
SIM5
SIM1
SIM2
SIM3
SIM4
1
21
22
SIM5
SIM1
SIM2
SIM3
SIM4
1
21
22
SIM5
SIM1
SIM2
SIM3
SIM4
1
21
22
SIM5
SIM1
SIM2
SIM3
SIM4
1
21
22
SIM5
SIM1
SIM2
SIM3
SIM4
1
21
22
SIM5
SIM1
SIM2
SIM3
SIM4
1
21
22
SIM5
SIM1
SIM2
SIM3
SIM4
1
21
22
SIM5
SIM1
SIM2
SIM3
SIM4
1
21
22
SIM5
SIM1
SIM2
SIM3
SIM4
1
21
22
SIM5
SIM1
SIM2
SIM3
SIM4
1
21
22
SIM5
SIM1
SIM2
SIM3
SIM4
1
21
22
SIM5
SIM1
SIM2
SIM3
SIM4
1
21
22
SIM5
SIM1
SIM2
SIM3
SIM4
1
21
22
SIM5
SIM1
SIM2
SIM3
SIM4
1
21
22
SIM5
SIM1
SIM2
SIM3
SIM4
1
21
22
SIM5
SIM1
SIM2
SIM3
SIM4
1
21
22
SIM5
SIM1
SIM2
SIM3
SIM4
1
21
22
SIM5
SIM1
SIM2
SIM3
SIM4
1
21
22
SIM5
SIM1
SIM2
SIM3
SIM4
1
21
22
SIM5
SIM1
SIM2
SIM3
SIM4
1
21
22
SIM5
SIM1
SIM2
SIM3
SIM4
1
21
22
SIM5
SIM1
SIM2
SIM3
SIM4
1
21
22
SIM5
SIM1
SIM2
SIM3
SIM4
1
21
22
SIM5
SIM1
SIM2
SIM3
SIM4
1
21
22
SIM5
SIM1
SIM2
SIM3
SIM4
1
21
22
SIM5
SIM1
SIM2
SIM3
SIM4
1
21
22
SIM5
SIM1
SIM2
SIM3
SIM4
1
21
22
SIM5
SIM1
SIM2
SIM3
SIM4
1
21
22
SIM5
SIM1
SIM2
SIM3
SIM4
1
21
22
SIM5
SIM1
SIM2
SIM3
SIM4
1
21
22
SIM5
SIM1
SIM2
SIM3
SIM4
1
21
22
SIM5
SIM1
SIM2
SIM3
SIM4
1
21
22
SIM5
SIM1
SIM2
SIM3
SIM4
1
21
22
SIM5
SIM1
SIM2
SIM3
SIM4
1
21
22
SIM5
SIM1
SIM2
SIM3
SIM4
1
21
22
SIM5
SIM1
SIM2
SIM3
SIM4
1
21
22
SIM5
SIM1
SIM2
SIM3
SIM4
1
21
22
SIM5
SIM1
SIM2
SIM3
SIM4
1
21
22
SIM5
SIM1
SIM2
SIM3
SIM4
1
21
22
SIM5
SIM1
SIM2
SIM3
SIM4
1
21
22
SIM5
SIM1
SIM2
SIM3
SIM4
1
21
22
SIM5
SIM1
SIM2
SIM3
SIM4
1
21
22
SIM5
SIM1
SIM2
SIM3
SIM4
1
21
22
SIM5
SIM1
SIM2
SIM3
SIM4
1
21
22
SIM5
SIM1
SIM2
SIM3
SIM4
1
21
22
SIM5
SIM1
SIM2
SIM3
SIM4
1
21
22
SIM5
SIM1
SIM2
SIM3
SIM4
1
21
22
SIM5
SIM1
SIM2
SIM3
SIM4
1
21
22
SIM5
SIM1
SIM2
SIM3
SIM4
1
21
22
SIM5
SIM1
SIM2
SIM3
SIM4
1
21
22
SIM5
SIM1
SIM2
SIM3
SIM4
1
21
22
SIM5
SIM1
SIM2
SIM3
SIM4
1
21
22
SIM5
SIM1
SIM2
SIM3
SIM4
1
21
22
SIM5
SIM1
SIM2
SIM3
SIM4
1
21
22
SIM5
SIM1
SIM2
SIM3
SIM4
1
21
22
SIM5
SIM1
SIM2
SIM3
SIM4
1
21
22
SIM5
SIM1
SIM2
SIM3
SIM4
1
21
22
SIM5
SIM1
SIM2
SIM3
SIM4
1
21
22
SIM5
SIM1
SIM2
SIM3
SIM4
1
21
22
SIM5
SIM1
SIM2
SIM3
SIM4
1
21
22
SIM5
SIM1
SIM2
SIM3
SIM4
1
21
22
SIM5
SIM1
SIM2
SIM3
SIM4
1
21
22
SIM5
SIM1
SIM2
SIM3
SIM4
1
21
22
SIM5
SIM1
SIM2
SIM3
SIM4
1
21
22
SIM5
SIM1
SIM2
SIM3
SIM4
1
21
22
SIM5
SIM1
SIM2
SIM3
SIM4
1
21
22
SIM5
SIM1
SIM2
SIM3
SIM4
1
21
22
SIM5
SIM1
SIM2
SIM3
SIM4
1
21
22
SIM5
SIM1
SIM2
SIM3
SIM4
1
21
22
SIM5
SIM1
SIM2
SIM3
SIM4
1
21
22
SIM5
SIM1
SIM2
SIM3
SIM4
1
21
22
SIM5
SIM1
SIM2
DEBUG 1 644
SIM1
SIM2
SIM3
SIM4
1
21
22
SIM5
SIM1
SIM2
SIM3
SIM4
1
21
22
SIM5
SIM1
SIM2
SIM3
SIM4
1
21
22
SIM5
SIM1
SIM2
SIM3
SIM4
1
21
22
SIM5
SIM1
SIM2
SIM3
SIM4
1
21
22
SIM5
SIM1
SIM2
SIM3
SIM4
1
21
22
SIM5
SIM1
SIM2
SIM3
SIM4
1
21
22
SIM5
SIM1
SIM2
SIM3
SIM4
1
21
22
SIM5
SIM1
SIM2
SIM3
SIM4
1
21
22
SIM5
SIM1
SIM2
SIM3
SIM4
1
21
22
SIM5
SIM1
SIM2
SIM3
SIM4
1
21
22
SIM5
SIM1
SIM2
SIM3
SIM4
1
21
22
SIM5
SIM1
SIM2
SIM3
SIM4
1
21
22
SIM5
SIM1
SIM2
SIM3
SIM4
1
21
22
SIM5
SIM1
SIM2
SIM3
SIM4
1
21
22
SIM5
SIM1
SIM2
SIM3
SIM4
1
21
22
SIM5
SIM1
SIM2
SIM3
SIM4
1
21
22
SIM5
SIM1
SIM2
SIM3
SIM4
1
21
22
SIM5
SIM1
SIM2
SIM3
SIM4
1
21
22
SIM5
SIM1
SIM2
SIM3
SIM4
1
21
22
SIM5
SIM1
SIM2
SIM3
SIM4
1
21
22
SIM5
SIM1
SIM2
SIM3
SIM4
1
21
22
SIM5
SIM1
SIM2
SIM3
SIM4
1
21
22
SIM5
SIM1
SIM2
SIM3
SIM4
1
21
22
SIM5
SIM1
SIM2
SIM3
SIM4
1
21
22
SIM5
SIM1
SIM2
SIM3
SIM4
1
21
22
SIM5
SIM1
SIM2
SIM3
SIM4
1
21
22
SIM5
SIM1
SIM2
SIM3
SIM4
1
21
22
SIM5
SIM1
SIM2
SIM3
SIM4
1
21
22
SIM5
SIM1
SIM2
SIM3
SIM4
1
21
22
SIM5
SIM1
SIM2
SIM3
SIM4
1
21
22
SIM5
SIM1
SIM2
SIM3
SIM4
1
21
22
SIM5
SIM1
SIM2
SIM3
SIM4
1
21
22
SIM5
SIM1
SIM2
SIM3
SIM4
1
21
22
SIM5
SIM1
SIM2
SIM3
SIM4
1
21
22
SIM5
SIM1
SIM2
SIM3
SIM4
1
21
22
SIM5
SIM1
SIM2
SIM3
SIM4
1
21
22
SIM5
SIM1
SIM2
SIM3
SIM4
1
21
22
SIM5
SIM1
SIM2
SIM3
SIM4
1
21
22
SIM5
SIM1
SIM2
SIM3
SIM4
1
21
22
SIM5
SIM1
SIM2
SIM3
SIM4
1
21
22
SIM5
SIM1
SIM2
SIM3
SIM4
1
21
22
SIM5
SIM1
SIM2
SIM3
SIM4
1
21
22
SIM5
SIM1
SIM2
SIM3
SIM4
1
21
22
SIM5
SIM1
SIM2
SIM3
SIM4
1
21
22
SIM5
SIM1
SIM2
SIM3
SIM4
1
21
22
SIM5
SIM1
SIM2
SIM3
SIM4
1
21
22
SIM5
SIM1
SIM2
SIM3
SIM4
1
21
22
SIM5
SIM1
SIM2
SIM3
SIM4
1
21
22
SIM5
SIM1
SIM2
SIM3
SIM4
1
21
22
SIM5
SIM1
SIM2
SIM3
SIM4
1
21
22
SIM5
SIM1
SIM2
SIM3
SIM4
1
21
22
SIM5
SIM1
SIM2
SIM3
SIM4
1
21
22
SIM5
SIM1
SIM2
SIM3
SIM4
1
21
22
SIM5
SIM1
SIM2
SIM3
SIM4
1
21
22
SIM5
SIM1
SIM2
SIM3
SIM4
1
21
22
SIM5
SIM1
SIM2
SIM3
SIM4
1
21
22
SIM5
SIM1
SIM2
SIM3
SIM4
1
21
22
SIM5
SIM1
SIM2
SIM3
SIM4
1
21
22
SIM5
SIM1
SIM2
SIM3
SIM4
1
21
22
SIM5
SIM1
SIM2
SIM3
SIM4
1
21
22
SIM5
SIM1
SIM2
SIM3
SIM4
1
21
22
SIM5
SIM1
SIM2
SIM3
SIM4
1
21
22
SIM5
SIM1
SIM2
SIM3
SIM4
1
21
22
SIM5
SIM1
SIM2
SIM3
SIM4
1
21
22
SIM5
SIM1
SIM2
SIM3
SIM4
1
21
22
SIM5
SIM1
SIM2
SIM3
SIM4
1
21
22
SIM5
SIM1
SIM2
SIM3
SIM4
1
21
22
SIM5
SIM1
SIM2
SIM3
SIM4
1
21
22
SIM5
SIM1
SIM2
SIM3
SIM4
1
21
22
SIM5
SIM1
SIM2
SIM3
SIM4
1
21
22
SIM5
SIM1
SIM2
SIM3
SIM4
1
21
22
SIM5
SIM1
SIM2
SIM3
SIM4
1
21
22
SIM5
SIM1
SIM2
SIM3
SIM4
1
21
22
SIM5
SIM1
SIM2
SIM3
SIM4
1
21
22
SIM5
SIM1
SIM2
SIM3
SIM4
1
21
22
SIM5
SIM1
SIM2
SIM3
SIM4
1
21
22
SIM5
SIM1
SIM2
SIM3
SIM4
1
21
22
SIM5
SIM1
SIM2
SIM3
SIM4
1
21
22
SIM5
SIM1
SIM2
SIM3
SIM4
1
21
22
SIM5
SIM1
SIM2
SIM3
SIM4
1
21
22
SIM5
SIM1
SIM2
SIM3
SIM4
1
21
22
SIM5
SIM1
SIM2
SIM3
SIM4
1
21
22
SIM5
SIM1
SIM2
SIM3
SIM4
1
21
22
SIM5
SIM1
SIM2
SIM3
SIM4
1
21
22
SIM5
SIM1
SIM2
SIM3
SIM4
1
21
22
SIM5
SIM1
SIM2
SIM3
SIM4
1
21
22
SIM5
SIM1
SIM2
SIM3
SIM4
1
21
22
SIM5
SIM1
SIM2
SIM3
SIM4
1
21
22
SIM5
SIM1
SIM2
SIM3
SIM4
1
21
22
SIM5
SIM1
SIM2
SIM3
SIM4
1
21
22
SIM5
SIM1
SIM2
SIM3
SIM4
1
21
22
SIM5
SIM1
SIM2
SIM3
SIM4
1
21
22
SIM5
SIM1
SIM2
SIM3
SIM4
1
21
22
SIM5
SIM1
SIM2
SIM3
SIM4
1
21
22
SIM5
SIM1
SIM2
SIM3
SIM4
1
21
22
SIM5
SIM1
SIM2
SIM3
SIM4
1
21
22
SIM5
SIM1
SIM2
SIM3
SIM4
1
21
22
SIM5
SIM1
SIM2
SIM3
SIM4
1
21
22
SIM5
SIM1
SIM2
SIM3
SIM4
1
21
22
SIM5
SIM1
SIM2
SIM3
SIM4
1
21
22
SIM5
SIM1
SIM2
SIM3
SIM4
1
21
22
SIM5
SIM1
SIM2
SIM3
SIM4
1
21
22
SIM5
SIM1
SIM2
SIM3
SIM4
1
21
22
SIM5
SIM1
SIM2
SIM3
SIM4
1
21
22
SIM5
SIM1
SIM2
SIM3
SIM4
1
21
22
SIM5
SIM1
SIM2
SIM3
SIM4
1
21
22
SIM5
SIM1
SIM2
SIM3
SIM4
1
21
22
SIM5
SIM1
SIM2
SIM3
SIM4
1
21
22
SIM5
SIM1
SIM2
SIM3
SIM4
1
21
22
SIM5
SIM1
SIM2
SIM3
SIM4
1
21
22
SIM5
SIM1
SIM2
SIM3
SIM4
1
21
22
SIM5
SIM1
SIM2
SIM3
SIM4
1
21
22
SIM5
SIM1
SIM2
SIM3
SIM4
1
21
22
SIM5
SIM1
SIM2
SIM3
SIM4
1
21
22
SIM5
SIM1
SIM2
SIM3
SIM4
1
21
22
SIM5
SIM1
SIM2
SIM3
SIM4
1
21
22
SIM5
SIM1
SIM2
SIM3
SIM4
1
21
22
SIM5
SIM1
SIM2
SIM3
SIM4
1
21
22
SIM5
SIM1
SIM2
SIM3
SIM4
1
21
22
SIM5
SIM1
SIM2
SIM3
SIM4
1
21
22
SIM5
SIM1
SIM2
SIM3
SIM4
1
21
22
SIM5
SIM1
SIM2
SIM3
SIM4
1
21
22
SIM5
SIM1
SIM2
SIM3
SIM4
1
21
22
SIM5
SIM1
SIM2
SIM3
SIM4
1
21
22
SIM5
SIM1
SIM2
SIM3
SIM4
1
21
22
SIM5
SIM1
SIM2
SIM3
SIM4
1
21
22
SIM5
SIM1
SIM2
SIM3
SIM4
1
21
22
SIM5
SIM1
SIM2
SIM3
SIM4
1
21
22
SIM5
SIM1
SIM2
SIM3
SIM4
1
21
22
SIM5
SIM1
SIM2
SIM3
SIM4
1
21
22
SIM5
SIM1
SIM2
SIM3
SIM4
1
21
22
SIM5
SIM1
SIM2
SIM3
SIM4
1
21
22
SIM5
SIM1
SIM2
SIM3
SIM4
1
21
22
SIM5
SIM1
SIM2
SIM3
SIM4
1
21
22
SIM5
SIM1
SIM2
SIM3
SIM4
1
21
22
SIM5
SIM1
SIM2
SIM3
SIM4
1
21
22
SIM5
SIM1
SIM2
SIM3
SIM4
1
21
22
SIM5
SIM1
SIM2
SIM3
SIM4
1
21
22
SIM5
SIM1
SIM2
SIM3
SIM4
1
21
22
SIM5
SIM1
SIM2
SIM3
SIM4
1
21
22
SIM5
SIM1
SIM2
SIM3
SIM4
1
21
22
SIM5
SIM1
SIM2
SIM3
SIM4
1
21
22
SIM5
SIM1
SIM2
SIM3
SIM4
1
21
22
SIM5
SIM1
SIM2
SIM3
SIM4
1
21
22
SIM5
SIM1
SIM2
SIM3
SIM4
1
21
22
SIM5
SIM1
SIM2
SIM3
SIM4
1
21
22
SIM5
SIM1
SIM2
DEBUG 1 645
SIM1
SIM2
SIM3
SIM4
1
21
22
SIM5
SIM1
SIM2
SIM3
SIM4
1
21
22
SIM5
SIM1
SIM2
SIM3
SIM4
1
21
22
SIM5
SIM1
SIM2
SIM3
SIM4
1
21
22
SIM5
SIM1
SIM2
SIM3
SIM4
1
21
22
SIM5
SIM1
SIM2
SIM3
SIM4
1
21
22
SIM5
SIM1
SIM2
SIM3
SIM4
1
21
22
SIM5
SIM1
SIM2
SIM3
SIM4
1
21
22
SIM5
SIM1
SIM2
SIM3
SIM4
1
21
22
SIM5
SIM1
SIM2
SIM3
SIM4
1
21
22
SIM5
SIM1
SIM2
SIM3
SIM4
1
21
22
SIM5
SIM1
SIM2
SIM3
SIM4
1
21
22
SIM5
SIM1
SIM2
SIM3
SIM4
1
21
22
SIM5
SIM1
SIM2
SIM3
SIM4
1
21
22
SIM5
SIM1
SIM2
SIM3
SIM4
1
21
22
SIM5
SIM1
SIM2
SIM3
SIM4
1
21
22
SIM5
SIM1
SIM2
SIM3
SIM4
1
21
22
SIM5
SIM1
SIM2
SIM3
SIM4
1
21
22
SIM5
SIM1
SIM2
SIM3
SIM4
1
21
22
SIM5
SIM1
SIM2
SIM3
SIM4
1
21
22
SIM5
SIM1
SIM2
SIM3
SIM4
1
21
22
SIM5
SIM1
SIM2
SIM3
SIM4
1
21
22
SIM5
SIM1
SIM2
SIM3
SIM4
1
21
22
SIM5
SIM1
SIM2
SIM3
SIM4
1
21
22
SIM5
SIM1
SIM2
SIM3
SIM4
1
21
22
SIM5
SIM1
SIM2
SIM3
SIM4
1
21
22
SIM5
SIM1
SIM2
SIM3
SIM4
1
21
22
SIM5
SIM1
SIM2
SIM3
SIM4
1
21
22
SIM5
SIM1
SIM2
SIM3
SIM4
1
21
22
SIM5
SIM1
SIM2
SIM3
SIM4
1
21
22
SIM5
SIM1
SIM2
SIM3
SIM4
1
21
22
SIM5
SIM1
SIM2
SIM3
SIM4
1
21
22
SIM5
SIM1
SIM2
SIM3
SIM4
1
21
22
SIM5
SIM1
SIM2
SIM3
SIM4
1
21
22
SIM5
SIM1
SIM2
SIM3
SIM4
1
21
22
SIM5
SIM1
SIM2
SIM3
SIM4
1
21
22
SIM5
SIM1
SIM2
SIM3
SIM4
1
21
22
SIM5
SIM1
SIM2
SIM3
SIM4
1
21
22
SIM5
SIM1
SIM2
SIM3
SIM4
1
21
22
SIM5
SIM1
SIM2
SIM3
SIM4
1
21
22
SIM5
SIM1
SIM2
SIM3
SIM4
1
21
22
SIM5
SIM1
SIM2
SIM3
SIM4
1
21
22
SIM5
SIM1
SIM2
SIM3
SIM4
1
21
22
SIM5
SIM1
SIM2
SIM3
SIM4
1
21
22
SIM5
SIM1
SIM2
SIM3
SIM4
1
21
22
SIM5
SIM1
SIM2
SIM3
SIM4
1
21
22
SIM5
SIM1
SIM2
SIM3
SIM4
1
21
22
SIM5
SIM1
SIM2
SIM3
SIM4
1
21
22
SIM5
SIM1
SIM2
SIM3
SIM4
1
21
22
SIM5
SIM1
SIM2
SIM3
SIM4
1
21
22
SIM5
SIM1
SIM2
SIM3
SIM4
1
21
22
SIM5
SIM1
SIM2
SIM3
SIM4
1
21
22
SIM5
SIM1
SIM2
SIM3
SIM4
1
21
22
SIM5
SIM1
SIM2
SIM3
SIM4
1
21
22
SIM5
SIM1
SIM2
SIM3
SIM4
1
21
22
SIM5
SIM1
SIM2
SIM3
SIM4
1
21
22
SIM5
SIM1
SIM2
SIM3
SIM4
1
21
22
SIM5
SIM1
SIM2
SIM3
SIM4
1
21
22
SIM5
SIM1
SIM2
SIM3
SIM4
1
21
22
SIM5
SIM1
SIM2
SIM3
SIM4
1
21
22
SIM5
SIM1
SIM2
SIM3
SIM4
1
21
22
SIM5
SIM1
SIM2
SIM3
SIM4
1
21
22
SIM5
SIM1
SIM2
SIM3
SIM4
1
21
22
SIM5
SIM1
SIM2
SIM3
SIM4
1
21
22
SIM5
SIM1
SIM2
SIM3
SIM4
1
21
22
SIM5
SIM1
SIM2
SIM3
SIM4
1
21
22
SIM5
SIM1
SIM2
SIM3
SIM4
1
21
22
SIM5
SIM1
SIM2
SIM3
SIM4
1
21
22
SIM5
SIM1
SIM2
SIM3
SIM4
1
21
22
SIM5
SIM1
SIM2
SIM3
SIM4
1
21
22
SIM5
SIM1
SIM2
SIM3
SIM4
1
21
22
SIM5
SIM1
SIM2
SIM3
SIM4
1
21
22
SIM5
SIM1
SIM2
SIM3
SIM4
1
21
22
SIM5
SIM1
SIM2
SIM3
SIM4
1
21
22
SIM5
SIM1
SIM2
SIM3
SIM4
1
21
22
SIM5
SIM1
SIM2
SIM3
SIM4
1
21
22
SIM5
SIM1
SIM2
SIM3
SIM4
1
21
22
SIM5
SIM1
SIM2
SIM3
SIM4
1
21
22
SIM5
SIM1
SIM2
SIM3
SIM4
1
21
22
SIM5
SIM1
SIM2
SIM3
SIM4
1
21
22
SIM5
SIM1
SIM2
SIM3
SIM4
1
21
22
SIM5
SIM1
SIM2
SIM3
SIM4
1
21
22
SIM5
SIM1
SIM2
SIM3
SIM4
1
21
22
SIM5
SIM1
SIM2
SIM3
SIM4
1
21
22
SIM5
SIM1
SIM2
SIM3
SIM4
1
21
22
SIM5
SIM1
SIM2
SIM3
SIM4
1
21
22
SIM5
SIM1
SIM2
SIM3
SIM4
1
21
22
SIM5
SIM1
SIM2
SIM3
SIM4
1
21
22
SIM5
SIM1
SIM2
SIM3
SIM4
1
21
22
SIM5
SIM1
SIM2
SIM3
SIM4
1
21
22
SIM5
SIM1
SIM2
SIM3
SIM4
1
21
22
SIM5
SIM1
SIM2
SIM3
SIM4
1
21
22
SIM5
SIM1
SIM2
SIM3
SIM4
1
21
22
SIM5
SIM1
SIM2
SIM3
SIM4
1
21
22
SIM5
SIM1
SIM2
SIM3
SIM4
1
21
22
SIM5
SIM1
SIM2
SIM3
SIM4
1
21
22
SIM5
SIM1
SIM2
SIM3
SIM4
1
21
22
SIM5
SIM1
SIM2
SIM3
SIM4
1
21
22
SIM5
SIM1
SIM2
SIM3
SIM4
1
21
22
SIM5
SIM1
SIM2
SIM3
SIM4
1
21
22
SIM5
SIM1
SIM2
SIM3
SIM4
1
21
22
SIM5
SIM1
SIM2
SIM3
SIM4
1
21
22
SIM5
SIM1
SIM2
SIM3
SIM4
1
21
22
SIM5
SIM1
SIM2
SIM3
SIM4
1
21
22
SIM5
SIM1
SIM2
SIM3
SIM4
1
21
22
SIM5
SIM1
SIM2
SIM3
SIM4
1
21
22
SIM5
SIM1
SIM2
SIM3
SIM4
1
21
22
SIM5
SIM1
SIM2
SIM3
SIM4
1
21
22
SIM5
SIM1
SIM2
SIM3
SIM4
1
21
22
SIM5
SIM1
SIM2
SIM3
SIM4
1
21
22
SIM5
SIM1
SIM2
SIM3
SIM4
1
21
22
SIM5
SIM1
SIM2
SIM3
SIM4
1
21
22
SIM5
SIM1
SIM2
SIM3
SIM4
1
21
22
SIM5
SIM1
SIM2
SIM3
SIM4
1
21
22
SIM5
SIM1
SIM2
SIM3
SIM4
1
21
22
SIM5
SIM1
SIM2
SIM3
SIM4
1
21
22
SIM5
SIM1
SIM2
SIM3
SIM4
1
21
22
SIM5
SIM1
SIM2
SIM3
SIM4
1
21
22
SIM5
SIM1
SIM2
SIM3
SIM4
1
21
22
SIM5
SIM1
SIM2
SIM3
SIM4
1
21
22
SIM5
SIM1
SIM2
SIM3
SIM4
1
21
22
SIM5
SIM1
SIM2
SIM3
SIM4
1
21
22
SIM5
SIM1
SIM2
SIM3
SIM4
1
21
22
SIM5
SIM1
SIM2
SIM3
SIM4
1
21
22
SIM5
SIM1
SIM2
SIM3
SIM4
1
21
22
SIM5
SIM1
SIM2
DEBUG 1 646
SIM1
SIM2
SIM3
SIM4
1
21
22
SIM5
SIM1
SIM2
SIM3
SIM4
1
21
22
SIM5
SIM1
SIM2
SIM3
SIM4
1
21
22
SIM5
SIM1
SIM2
SIM3
SIM4
1
21
22
SIM5
SIM1
SIM2
SIM3
SIM4
1
21
22
SIM5
SIM1
SIM2
SIM3
SIM4
1
21
22
SIM5
SIM1
SIM2
SIM3
SIM4
1
21
22
SIM5
SIM1
SIM2
SIM3
SIM4
1
21
22
SIM5
SIM1
SIM2
SIM3
SIM4
1
21
22
SIM5
SIM1
SIM2
SIM3
SIM4
1
21
22
SIM5
SIM1
SIM2
SIM3
SIM4
1
21
22
SIM5
SIM1
SIM2
SIM3
SIM4
1
21
22
SIM5
SIM1
SIM2
SIM3
SIM4
1
21
22
SIM5
SIM1
SIM2
SIM3
SIM4
1
21
22
SIM5
SIM1
SIM2
SIM3
SIM4
1
21
22
SIM5
SIM1
SIM2
SIM3
SIM4
1
21
22
SIM5
SIM1
SIM2
SIM3
SIM4
1
21
22
SIM5
SIM1
SIM2
SIM3
SIM4
1
21
22
SIM5
SIM1
SIM2
SIM3
SIM4
1
21
22
SIM5
SIM1
SIM2
SIM3
SIM4
1
21
22
SIM5
SIM1
SIM2
SIM3
SIM4
1
21
22
SIM5
SIM1
SIM2
SIM3
SIM4
1
21
22
SIM5
SIM1
SIM2
SIM3
SIM4
1
21
22
SIM5
SIM1
SIM2
SIM3
SIM4
1
21
22
SIM5
SIM1
SIM2
SIM3
SIM4
1
21
22
SIM5
SIM1
SIM2
SIM3
SIM4
1
21
22
SIM5
SIM1
SIM2
SIM3
SIM4
1
21
22
SIM5
SIM1
SIM2
SIM3
SIM4
1
21
22
SIM5
SIM1
SIM2
SIM3
SIM4
1
21
22
SIM5
SIM1
SIM2
SIM3
SIM4
1
21
22
SIM5
SIM1
SIM2
SIM3
SIM4
1
21
22
SIM5
SIM1
SIM2
SIM3
SIM4
1
21
22
SIM5
SIM1
SIM2
SIM3
SIM4
1
21
22
SIM5
SIM1
SIM2
SIM3
SIM4
1
21
22
SIM5
SIM1
SIM2
SIM3
SIM4
1
21
22
SIM5
SIM1
SIM2
SIM3
SIM4
1
21
22
SIM5
SIM1
SIM2
SIM3
SIM4
1
21
22
SIM5
SIM1
SIM2
SIM3
SIM4
1
21
22
SIM5
SIM1
SIM2
SIM3
SIM4
1
21
22
SIM5
SIM1
SIM2
SIM3
SIM4
1
21
22
SIM5
SIM1
SIM2
SIM3
SIM4
1
21
22
SIM5
SIM1
SIM2
SIM3
SIM4
1
21
22
SIM5
SIM1
SIM2
SIM3
SIM4
1
21
22
SIM5
SIM1
SIM2
SIM3
SIM4
1
21
22
SIM5
SIM1
SIM2
SIM3
SIM4
1
21
22
SIM5
SIM1
SIM2
SIM3
SIM4
1
21
22
SIM5
SIM1
SIM2
SIM3
SIM4
1
21
22
SIM5
SIM1
SIM2
SIM3
SIM4
1
21
22
SIM5
SIM1
SIM2
SIM3
SIM4
1
21
22
SIM5
SIM1
SIM2
SIM3
SIM4
1
21
22
SIM5
SIM1
SIM2
SIM3
SIM4
1
21
22
SIM5
SIM1
SIM2
SIM3
SIM4
1
21
22
SIM5
SIM1
SIM2
SIM3
SIM4
1
21
22
SIM5
SIM1
SIM2
SIM3
SIM4
1
21
22
SIM5
SIM1
SIM2
SIM3
SIM4
1
21
22
SIM5
SIM1
SIM2
SIM3
SIM4
1
21
22
SIM5
SIM1
SIM2
SIM3
SIM4
1
21
22
SIM5
SIM1
SIM2
SIM3
SIM4
1
21
22
SIM5
SIM1
SIM2
SIM3
SIM4
1
21
22
SIM5
SIM1
SIM2
SIM3
SIM4
1
21
22
SIM5
SIM1
SIM2
SIM3
SIM4
1
21
22
SIM5
SIM1
SIM2
SIM3
SIM4
1
21
22
SIM5
SIM1
SIM2
SIM3
SIM4
1
21
22
SIM5
SIM1
SIM2
SIM3
SIM4
1
21
22
SIM5
SIM1
SIM2
SIM3
SIM4
1
21
22
SIM5
SIM1
SIM2
SIM3
SIM4
1
21
22
SIM5
SIM1
SIM2
SIM3
SIM4
1
21
22
SIM5
SIM1
SIM2
SIM3
SIM4
1
21
22
SIM5
SIM1
SIM2
SIM3
SIM4
1
21
22
SIM5
SIM1
SIM2
SIM3
SIM4
1
21
22
SIM5
SIM1
SIM2
SIM3
SIM4
1
21
22
SIM5
SIM1
SIM2
SIM3
SIM4
1
21
22
SIM5
SIM1
SIM2
SIM3
SIM4
1
21
22
SIM5
SIM1
SIM2
SIM3
SIM4
1
21
22
SIM5
SIM1
SIM2
SIM3
SIM4
1
21
22
SIM5
SIM1
SIM2
SIM3
SIM4
1
21
22
SIM5
SIM1
SIM2
SIM3
SIM4
1
21
22
SIM5
SIM1
SIM2
SIM3
SIM4
1
21
22
SIM5
SIM1
SIM2
SIM3
SIM4
1
21
22
SIM5
SIM1
SIM2
SIM3
SIM4
1
21
22
SIM5
SIM1
SIM2
SIM3
SIM4
1
21
22
SIM5
SIM1
SIM2
SIM3
SIM4
1
21
22
SIM5
SIM1
SIM2
SIM3
SIM4
1
21
22
SIM5
SIM1
SIM2
SIM3
SIM4
1
21
22
SIM5
SIM1
SIM2
SIM3
SIM4
1
21
22
SIM5
SIM1
SIM2
SIM3
SIM4
1
21
22
SIM5
SIM1
SIM2
SIM3
SIM4
1
21
22
SIM5
SIM1
SIM2
SIM3
SIM4
1
21
22
SIM5
SIM1
SIM2
SIM3
SIM4
1
21
22
SIM5
SIM1
SIM2
SIM3
SIM4
1
21
22
SIM5
SIM1
SIM2
SIM3
SIM4
1
21
22
SIM5
SIM1
SIM2
SIM3
SIM4
1
21
22
SIM5
SIM1
SIM2
SIM3
SIM4
1
21
22
SIM5
SIM1
SIM2
SIM3
SIM4
1
21
22
SIM5
SIM1
SIM2
SIM3
SIM4
1
21
22
SIM5
SIM1
SIM2
SIM3
SIM4
1
21
22
SIM5
SIM1
SIM2
SIM3
SIM4
1
21
22
SIM5
SIM1
SIM2
SIM3
SIM4
1
21
22
SIM5
SIM1
SIM2
SIM3
SIM4
1
21
22
SIM5
SIM1
SIM2
SIM3
SIM4
1
21
22
SIM5
SIM1
SIM2
SIM3
SIM4
1
21
22
SIM5
SIM1
SIM2
SIM3
SIM4
1
21
22
SIM5
SIM1
SIM2
SIM3
SIM4
1
21
22
SIM5
SIM1
SIM2
SIM3
SIM4
1
21
22
SIM5
SIM1
SIM2
SIM3
SIM4
1
21
22
SIM5
SIM1
SIM2
SIM3
SIM4
1
21
22
SIM5
SIM1
SIM2
SIM3
SIM4
1
21
22
SIM5
SIM1
SIM2
SIM3
SIM4
1
21
22
SIM5
SIM1
SIM2
SIM3
SIM4
1
21
22
SIM5
SIM1
SIM2
SIM3
SIM4
1
21
22
SIM5
SIM1
SIM2
SIM3
SIM4
1
21
22
SIM5
SIM1
SIM2
SIM3
SIM4
1
21
22
SIM5
SIM1
SIM2
SIM3
SIM4
1
21
22
SIM5
SIM1
SIM2
SIM3
SIM4
1
21
22
SIM5
SIM1
SIM2
SIM3
SIM4
1
21
22
SIM5
SIM1
SIM2
SIM3
SIM4
1
21
22
SIM5
SIM1
SIM2
SIM3
SIM4
1
21
22
SIM5
SIM1
SIM2
SIM3
SIM4
1
21
22
SIM5
SIM1
SIM2
SIM3
SIM4
1
21
22
SIM5
SIM1
SIM2
SIM3
SIM4
1
21
22
SIM5
SIM1
SIM2
SIM3
SIM4
1
21
22
SIM5
SIM1
SIM2
SIM3
SIM4
1
21
22
SIM5
SIM1
SIM2
SIM3
SIM4
1
21
22
SIM5
SIM1
SIM2
SIM3
SIM4
1
21
22
SIM5
SIM1
SIM2
SIM3
SIM4
1
21
22
SIM5
SIM1
SIM2
SIM3
SIM4
1
21
22
SIM5
SIM1
SIM2
SIM3
SIM4
1
21
22
SIM5
SIM1
SIM2
SIM3
SIM4
1
21
22
SIM5
SIM1
SIM2
SIM3
SIM4
1
21
22
SIM5
SIM1
SIM2
SIM3
SIM4
1
21
22
SIM5
SIM1
SIM2
SIM3
SIM4
1
21
22
SIM5
SIM1
SIM2
SIM3
SIM4
1
21
22
SIM5
SIM1
SIM2
SIM3
SIM4
1
21
22
SIM5
SIM1
SIM2
SIM3
SIM4
1
21
22
SIM5
SIM1
SIM2
SIM3
SIM4
1
21
22
SIM5
SIM1
SIM2
SIM3
SIM4
1
21
22
SIM5
SIM1
SIM2
SIM3
SIM4
1
21
22
SIM5
SIM1
SIM2
SIM3
SIM4
1
21
22
SIM5
SIM1
SIM2
SIM3
SIM4
1
21
22
SIM5
SIM1
SIM2
SIM3
SIM4
1
21
22
SIM5
SIM1
SIM2
SIM3
SIM4
1
21
22
SIM5
SIM1
SIM2
SIM3
SIM4
1
21
22
SIM5
SIM1
SIM2
SIM3
SIM4
1
21
22
SIM5
SIM1
SIM2
SIM3
SIM4
1
21
22
SIM5
SIM1
SIM2
SIM3
SIM4
1
21
22
SIM5
SIM1
SIM2
SIM3
SIM4
1
21
22
SIM5
SIM1
SIM2
SIM3
SIM4
1
21
22
SIM5
SIM1
SIM2
SIM3
SIM4
1
21
22
SIM5
SIM1
SIM2
SIM3
SIM4
1
21
22
SIM5
SIM1
SIM2
SIM3
SIM4
1
21
22
SIM5
SIM1
SIM2
DEBUG 1 647
SIM1
SIM2
SIM3
SIM4
1
21
22
SIM5
SIM1
SIM2
SIM3
SIM4
1
21
22
SIM5
SIM1
SIM2
SIM3
SIM4
1
21
22
SIM5
SIM1
SIM2
SIM3
SIM4
1
21
22
SIM5
SIM1
SIM2
SIM3
SIM4
1
21
22
SIM5
SIM1
SIM2
SIM3
SIM4
1
21
22
SIM5
SIM1
SIM2
SIM3
SIM4
1
21
22
SIM5
SIM1
SIM2
SIM3
SIM4
1
21
22
SIM5
SIM1
SIM2
SIM3
SIM4
1
21
22
SIM5
SIM1
SIM2
SIM3
SIM4
1
21
22
SIM5
SIM1
SIM2
SIM3
SIM4
1
21
22
SIM5
SIM1
SIM2
SIM3
SIM4
1
21
22
SIM5
SIM1
SIM2
SIM3
SIM4
1
21
22
SIM5
SIM1
SIM2
SIM3
SIM4
1
21
22
SIM5
SIM1
SIM2
SIM3
SIM4
1
21
22
SIM5
SIM1
SIM2
SIM3
SIM4
1
21
22
SIM5
SIM1
SIM2
SIM3
SIM4
1
21
22
SIM5
SIM1
SIM2
SIM3
SIM4
1
21
22
SIM5
SIM1
SIM2
SIM3
SIM4
1
21
22
SIM5
SIM1
SIM2
SIM3
SIM4
1
21
22
SIM5
SIM1
SIM2
SIM3
SIM4
1
21
22
SIM5
SIM1
SIM2
SIM3
SIM4
1
21
22
SIM5
SIM1
SIM2
SIM3
SIM4
1
21
22
SIM5
SIM1
SIM2
SIM3
SIM4
1
21
22
SIM5
SIM1
SIM2
SIM3
SIM4
1
21
22
SIM5
SIM1
SIM2
SIM3
SIM4
1
21
22
SIM5
SIM1
SIM2
SIM3
SIM4
1
21
22
SIM5
SIM1
SIM2
SIM3
SIM4
1
21
22
SIM5
SIM1
SIM2
SIM3
SIM4
1
21
22
SIM5
SIM1
SIM2
SIM3
SIM4
1
21
22
SIM5
SIM1
SIM2
SIM3
SIM4
1
21
22
SIM5
SIM1
SIM2
SIM3
SIM4
1
21
22
SIM5
SIM1
SIM2
SIM3
SIM4
1
21
22
SIM5
SIM1
SIM2
SIM3
SIM4
1
21
22
SIM5
SIM1
SIM2
SIM3
SIM4
1
21
22
SIM5
SIM1
SIM2
SIM3
SIM4
1
21
22
SIM5
SIM1
SIM2
SIM3
SIM4
1
21
22
SIM5
SIM1
SIM2
SIM3
SIM4
1
21
22
SIM5
SIM1
SIM2
SIM3
SIM4
1
21
22
SIM5
SIM1
SIM2
SIM3
SIM4
1
21
22
SIM5
SIM1
SIM2
SIM3
SIM4
1
21
22
SIM5
SIM1
SIM2
SIM3
SIM4
1
21
22
SIM5
SIM1
SIM2
SIM3
SIM4
1
21
22
SIM5
SIM1
SIM2
SIM3
SIM4
1
21
22
SIM5
SIM1
SIM2
SIM3
SIM4
1
21
22
SIM5
SIM1
SIM2
SIM3
SIM4
1
21
22
SIM5
SIM1
SIM2
SIM3
SIM4
1
21
22
SIM5
SIM1
SIM2
SIM3
SIM4
1
21
22
SIM5
SIM1
SIM2
SIM3
SIM4
1
21
22
SIM5
SIM1
SIM2
SIM3
SIM4
1
21
22
SIM5
SIM1
SIM2
SIM3
SIM4
1
21
22
SIM5
SIM1
SIM2
SIM3
SIM4
1
21
22
SIM5
SIM1
SIM2
SIM3
SIM4
1
21
22
SIM5
SIM1
SIM2
SIM3
SIM4
1
21
22
SIM5
SIM1
SIM2
SIM3
SIM4
1
21
22
SIM5
SIM1
SIM2
SIM3
SIM4
1
21
22
SIM5
SIM1
SIM2
SIM3
SIM4
1
21
22
SIM5
SIM1
SIM2
SIM3
SIM4
1
21
22
SIM5
SIM1
SIM2
SIM3
SIM4
1
21
22
SIM5
SIM1
SIM2
SIM3
SIM4
1
21
22
SIM5
SIM1
SIM2
SIM3
SIM4
1
21
22
SIM5
SIM1
SIM2
SIM3
SIM4
1
21
22
SIM5
SIM1
SIM2
SIM3
SIM4
1
21
22
SIM5
SIM1
SIM2
SIM3
SIM4
1
21
22
SIM5
SIM1
SIM2
SIM3
SIM4
1
21
22
SIM5
SIM1
SIM2
SIM3
SIM4
1
21
22
SIM5
SIM1
SIM2
SIM3
SIM4
1
21
22
SIM5
SIM1
SIM2
SIM3
SIM4
1
21
22
SIM5
SIM1
SIM2
SIM3
SIM4
1
21
22
SIM5
SIM1
SIM2
SIM3
SIM4
1
21
22
SIM5
SIM1
SIM2
SIM3
SIM4
1
21
22
SIM5
SIM1
SIM2
SIM3
SIM4
1
21
22
SIM5
SIM1
SIM2
SIM3
SIM4
1
21
22
SIM5
SIM1
SIM2
SIM3
SIM4
1
21
22
SIM5
SIM1
SIM2
SIM3
SIM4
1
21
22
SIM5
SIM1
SIM2
SIM3
SIM4
1
21
22
SIM5
SIM1
SIM2
SIM3
SIM4
1
21
22
SIM5
SIM1
SIM2
SIM3
SIM4
1
21
22
SIM5
SIM1
SIM2
SIM3
SIM4
1
21
22
SIM5
SIM1
SIM2
SIM3
SIM4
1
21
22
SIM5
SIM1
SIM2
SIM3
SIM4
1
21
22
SIM5
SIM1
SIM2
SIM3
SIM4
1
21
22
SIM5
SIM1
SIM2
SIM3
SIM4
1
21
22
SIM5
SIM1
SIM2
SIM3
SIM4
1
21
22
SIM5
SIM1
SIM2
SIM3
SIM4
1
21
22
SIM5
SIM1
SIM2
SIM3
SIM4
1
21
22
SIM5
SIM1
SIM2
SIM3
SIM4
1
21
22
SIM5
SIM1
SIM2
SIM3
SIM4
1
21
22
SIM5
SIM1
SIM2
SIM3
SIM4
1
21
22
SIM5
SIM1
SIM2
SIM3
SIM4
1
21
22
SIM5
SIM1
SIM2
SIM3
SIM4
1
21
22
SIM5
SIM1
SIM2
SIM3
SIM4
1
21
22
SIM5
SIM1
SIM2
SIM3
SIM4
1
21
22
SIM5
SIM1
SIM2
SIM3
SIM4
1
21
22
SIM5
SIM1
SIM2
SIM3
SIM4
1
21
22
SIM5
SIM1
SIM2
SIM3
SIM4
1
21
22
SIM5
SIM1
SIM2
SIM3
SIM4
1
21
22
SIM5
SIM1
SIM2
SIM3
SIM4
1
21
22
SIM5
SIM1
SIM2
SIM3
SIM4
1
21
22
SIM5
SIM1
SIM2
SIM3
SIM4
1
21
22
SIM5
SIM1
SIM2
SIM3
SIM4
1
21
22
SIM5
SIM1
SIM2
SIM3
SIM4
1
21
22
SIM5
SIM1
SIM2
SIM3
SIM4
1
21
22
SIM5
SIM1
SIM2
SIM3
SIM4
1
21
22
SIM5
SIM1
SIM2
SIM3
SIM4
1
21
22
SIM5
SIM1
SIM2
SIM3
SIM4
1
21
22
SIM5
SIM1
SIM2
SIM3
SIM4
1
21
22
SIM5
SIM1
SIM2
SIM3
SIM4
1
21
22
SIM5
SIM1
SIM2
SIM3
SIM4
1
21
22
SIM5
SIM1
SIM2
SIM3
SIM4
1
21
22
SIM5
SIM1
SIM2
SIM3
SIM4
1
21
22
SIM5
SIM1
SIM2
SIM3
SIM4
1
21
22
SIM5
SIM1
SIM2
SIM3
SIM4
1
21
22
SIM5
SIM1
SIM2
SIM3
SIM4
1
21
22
SIM5
SIM1
SIM2
SIM3
SIM4
1
21
22
SIM5
SIM1
SIM2
SIM3
SIM4
1
21
22
SIM5
SIM1
SIM2
SIM3
SIM4
1
21
22
SIM5
SIM1
SIM2
SIM3
SIM4
1
21
22
SIM5
SIM1
SIM2
SIM3
SIM4
1
21
22
SIM5
SIM1
SIM2
SIM3
SIM4
1
21
22
SIM5
SIM1
SIM2
SIM3
SIM4
1
21
22
SIM5
SIM1
SIM2
SIM3
SIM4
1
21
22
SIM5
SIM1
SIM2
SIM3
SIM4
1
21
22
SIM5
SIM1
SIM2
SIM3
SIM4
1
21
22
SIM5
SIM1
SIM2
SIM3
SIM4
1
21
22
SIM5
SIM1
SIM2
SIM3
SIM4
1
21
22
SIM5
SIM1
SIM2
SIM3
SIM4
1
21
22
SIM5
SIM1
SIM2
SIM3
SIM4
1
21
22
SIM5
SIM1
SIM2
SIM3
SIM4
1
21
22
SIM5
SIM1
SIM2
SIM3
SIM4
1
21
22
SIM5
SIM1
SIM2
SIM3
SIM4
1
21
22
SIM5
SIM1
SIM2
SIM3
SIM4
1
21
22
SIM5
SIM1
SIM2
SIM3
SIM4
1
21
22
SIM5
SIM1
SIM2
SIM3
SIM4
1
21
22
SIM5
SIM1
SIM2
SIM3
SIM4
1
21
22
SIM5
SIM1
SIM2
SIM3
SIM4
1
21
22
SIM5
SIM1
SIM2
SIM3
SIM4
1
21
22
SIM5
SIM1
SIM2
SIM3
SIM4
1
21
22
SIM5
SIM1
SIM2
DEBUG 1 648
SIM1
SIM2
SIM3
SIM4
1
21
22
SIM5
SIM1
SIM2
SIM3
SIM4
1
21
22
SIM5
SIM1
SIM2
SIM3
SIM4
1
21
22
SIM5
SIM1
SIM2
SIM3
SIM4
1
21
22
SIM5
SIM1
SIM2
SIM3
SIM4
1
21
22
SIM5
SIM1
SIM2
SIM3
SIM4
1
21
22
SIM5
SIM1
SIM2
SIM3
SIM4
1
21
22
SIM5
SIM1
SIM2
SIM3
SIM4
1
21
22
SIM5
SIM1
SIM2
SIM3
SIM4
1
21
22
SIM5
SIM1
SIM2
SIM3
SIM4
1
21
22
SIM5
SIM1
SIM2
SIM3
SIM4
1
21
22
SIM5
SIM1
SIM2
SIM3
SIM4
1
21
22
SIM5
SIM1
SIM2
SIM3
SIM4
1
21
22
SIM5
SIM1
SIM2
SIM3
SIM4
1
21
22
SIM5
SIM1
SIM2
SIM3
SIM4
1
21
22
SIM5
SIM1
SIM2
SIM3
SIM4
1
21
22
SIM5
SIM1
SIM2
SIM3
SIM4
1
21
22
SIM5
SIM1
SIM2
SIM3
SIM4
1
21
22
SIM5
SIM1
SIM2
SIM3
SIM4
1
21
22
SIM5
SIM1
SIM2
SIM3
SIM4
1
21
22
SIM5
SIM1
SIM2
SIM3
SIM4
1
21
22
SIM5
SIM1
SIM2
SIM3
SIM4
1
21
22
SIM5
SIM1
SIM2
SIM3
SIM4
1
21
22
SIM5
SIM1
SIM2
SIM3
SIM4
1
21
22
SIM5
SIM1
SIM2
SIM3
SIM4
1
21
22
SIM5
SIM1
SIM2
SIM3
SIM4
1
21
22
SIM5
SIM1
SIM2
SIM3
SIM4
1
21
22
SIM5
SIM1
SIM2
SIM3
SIM4
1
21
22
SIM5
SIM1
SIM2
SIM3
SIM4
1
21
22
SIM5
SIM1
SIM2
SIM3
SIM4
1
21
22
SIM5
SIM1
SIM2
SIM3
SIM4
1
21
22
SIM5
SIM1
SIM2
SIM3
SIM4
1
21
22
SIM5
SIM1
SIM2
SIM3
SIM4
1
21
22
SIM5
SIM1
SIM2
SIM3
SIM4
1
21
22
SIM5
SIM1
SIM2
SIM3
SIM4
1
21
22
SIM5
SIM1
SIM2
SIM3
SIM4
1
21
22
SIM5
SIM1
SIM2
SIM3
SIM4
1
21
22
SIM5
SIM1
SIM2
SIM3
SIM4
1
21
22
SIM5
SIM1
SIM2
SIM3
SIM4
1
21
22
SIM5
SIM1
SIM2
SIM3
SIM4
1
21
22
SIM5
SIM1
SIM2
SIM3
SIM4
1
21
22
SIM5
SIM1
SIM2
SIM3
SIM4
1
21
22
SIM5
SIM1
SIM2
SIM3
SIM4
1
21
22
SIM5
SIM1
SIM2
SIM3
SIM4
1
21
22
SIM5
SIM1
SIM2
SIM3
SIM4
1
21
22
SIM5
SIM1
SIM2
SIM3
SIM4
1
21
22
SIM5
SIM1
SIM2
SIM3
SIM4
1
21
22
SIM5
SIM1
SIM2
SIM3
SIM4
1
21
22
SIM5
SIM1
SIM2
SIM3
SIM4
1
21
22
SIM5
SIM1
SIM2
SIM3
SIM4
1
21
22
SIM5
SIM1
SIM2
SIM3
SIM4
1
21
22
SIM5
SIM1
SIM2
SIM3
SIM4
1
21
22
SIM5
SIM1
SIM2
SIM3
SIM4
1
21
22
SIM5
SIM1
SIM2
SIM3
SIM4
1
21
22
SIM5
SIM1
SIM2
SIM3
SIM4
1
21
22
SIM5
SIM1
SIM2
SIM3
SIM4
1
21
22
SIM5
SIM1
SIM2
SIM3
SIM4
1
21
22
SIM5
SIM1
SIM2
SIM3
SIM4
1
21
22
SIM5
SIM1
SIM2
SIM3
SIM4
1
21
22
SIM5
SIM1
SIM2
SIM3
SIM4
1
21
22
SIM5
SIM1
SIM2
SIM3
SIM4
1
21
22
SIM5
SIM1
SIM2
SIM3
SIM4
1
21
22
SIM5
SIM1
SIM2
SIM3
SIM4
1
21
22
SIM5
SIM1
SIM2
SIM3
SIM4
1
21
22
SIM5
SIM1
SIM2
SIM3
SIM4
1
21
22
SIM5
SIM1
SIM2
SIM3
SIM4
1
21
22
SIM5
SIM1
SIM2
SIM3
SIM4
1
21
22
SIM5
SIM1
SIM2
SIM3
SIM4
1
21
22
SIM5
SIM1
SIM2
SIM3
SIM4
1
21
22
SIM5
SIM1
SIM2
SIM3
SIM4
1
21
22
SIM5
SIM1
SIM2
SIM3
SIM4
1
21
22
SIM5
SIM1
SIM2
SIM3
SIM4
1
21
22
SIM5
SIM1
SIM2
SIM3
SIM4
1
21
22
SIM5
SIM1
SIM2
SIM3
SIM4
1
21
22
SIM5
SIM1
SIM2
SIM3
SIM4
1
21
22
SIM5
SIM1
SIM2
SIM3
SIM4
1
21
22
SIM5
SIM1
SIM2
SIM3
SIM4
1
21
22
SIM5
SIM1
SIM2
SIM3
SIM4
1
21
22
SIM5
SIM1
SIM2
SIM3
SIM4
1
21
22
SIM5
SIM1
SIM2
SIM3
SIM4
1
21
22
SIM5
SIM1
SIM2
SIM3
SIM4
1
21
22
SIM5
SIM1
SIM2
SIM3
SIM4
1
21
22
SIM5
SIM1
SIM2
SIM3
SIM4
1
21
22
SIM5
SIM1
SIM2
SIM3
SIM4
1
21
22
SIM5
SIM1
SIM2
SIM3
SIM4
1
21
22
SIM5
SIM1
SIM2
SIM3
SIM4
1
21
22
SIM5
SIM1
SIM2
SIM3
SIM4
1
21
22
SIM5
SIM1
SIM2
SIM3
SIM4
1
21
22
SIM5
SIM1
SIM2
SIM3
SIM4
1
21
22
SIM5
SIM1
SIM2
SIM3
SIM4
1
21
22
SIM5
SIM1
SIM2
SIM3
SIM4
1
21
22
SIM5
SIM1
SIM2
SIM3
SIM4
1
21
22
SIM5
SIM1
SIM2
SIM3
SIM4
1
21
22
SIM5
SIM1
SIM2
SIM3
SIM4
1
21
22
SIM5
SIM1
SIM2
SIM3
SIM4
1
21
22
SIM5
SIM1
SIM2
SIM3
SIM4
1
21
22
SIM5
SIM1
SIM2
SIM3
SIM4
1
21
22
SIM5
SIM1
SIM2
SIM3
SIM4
1
21
22
SIM5
SIM1
SIM2
SIM3
SIM4
1
21
22
SIM5
SIM1
SIM2
SIM3
SIM4
1
21
22
SIM5
SIM1
SIM2
SIM3
SIM4
1
21
22
SIM5
SIM1
SIM2
SIM3
SIM4
1
21
22
SIM5
SIM1
SIM2
SIM3
SIM4
1
21
22
SIM5
SIM1
SIM2
SIM3
SIM4
1
21
22
SIM5
SIM1
SIM2
SIM3
SIM4
1
21
22
SIM5
SIM1
SIM2
SIM3
SIM4
1
21
22
SIM5
SIM1
SIM2
SIM3
SIM4
1
21
22
SIM5
SIM1
SIM2
SIM3
SIM4
1
21
22
SIM5
SIM1
SIM2
SIM3
SIM4
1
21
22
SIM5
SIM1
SIM2
SIM3
SIM4
1
21
22
SIM5
SIM1
SIM2
SIM3
SIM4
1
21
22
SIM5
SIM1
SIM2
SIM3
SIM4
1
21
22
SIM5
SIM1
SIM2
SIM3
SIM4
1
21
22
SIM5
SIM1
SIM2
SIM3
SIM4
1
21
22
SIM5
SIM1
SIM2
SIM3
SIM4
1
21
22
SIM5
SIM1
SIM2
SIM3
SIM4
1
21
22
SIM5
SIM1
SIM2
SIM3
SIM4
1
21
22
SIM5
SIM1
SIM2
SIM3
SIM4
1
21
22
SIM5
SIM1
SIM2
SIM3
SIM4
1
21
22
SIM5
SIM1
SIM2
SIM3
SIM4
1
21
22
SIM5
SIM1
SIM2
SIM3
SIM4
1
21
22
SIM5
SIM1
SIM2
SIM3
SIM4
1
21
22
SIM5
SIM1
SIM2
SIM3
SIM4
1
21
22
SIM5
SIM1
SIM2
SIM3
SIM4
1
21
22
SIM5
SIM1
SIM2
SIM3
SIM4
1
21
22
SIM5
SIM1
SIM2
SIM3
SIM4
1
21
22
SIM5
SIM1
SIM2
SIM3
SIM4
1
21
22
SIM5
SIM1
SIM2
SIM3
SIM4
1
21
22
SIM5
SIM1
SIM2
SIM3
SIM4
1
21
22
SIM5
SIM1
SIM2
SIM3
SIM4
1
21
22
SIM5
SIM1
SIM2
SIM3
SIM4
1
21
22
SIM5
SIM1
SIM2
SIM3
SIM4
1
21
22
SIM5
SIM1
SIM2
SIM3
SIM4
1
21
22
SIM5
SIM1
SIM2
SIM3
SIM4
1
21
22
SIM5
SIM1
SIM2
SIM3
SIM4
1
21
22
SIM5
SIM1
SIM2
SIM3
SIM4
1
21
22
SIM5
SIM1
SIM2
SIM3
SIM4
1
21
22
SIM5
SIM1
SIM2
SIM3
SIM4
1
21
22
SIM5
SIM1
SIM2
SIM3
SIM4
1
21
22
SIM5
SIM1
SIM2
SIM3
SIM4
1
21
22
SIM5
SIM1
SIM2
SIM3
SIM4
1
21
22
SIM5
SIM1
SIM2
SIM3
SIM4
1
21
22
SIM5
SIM1
SIM2
SIM3
SIM4
1
21
22
SIM5
SIM1
SIM2
SIM3
SIM4
1
21
22
SIM5
SIM1
SIM2
SIM3
SIM4
1
21
22
SIM5
SIM1
SIM2
SIM3
SIM4
1
21
22
SIM5
SIM1
SIM2
SIM3
SIM4
1
21
22
SIM5
SIM1
SIM2
SIM3
SIM4
1
21
22
SIM5
SIM1
SIM2
SIM3
SIM4
1
21
22
SIM5
SIM1
SIM2
SIM3
SIM4
1
21
22
SIM5
SIM1
SIM2
SIM3
SIM4
1
21
22
SIM5
SIM1
SIM2
SIM3
SIM4
1
21
22
SIM5
SIM1
SIM2
SIM3
SIM4
1
21
22
SIM5
SIM1
SIM2
SIM3
SIM4
1
21
22
SIM5
SIM1
SIM2
SIM3
SIM4
1
21
22
SIM5
SIM1
SIM2
SIM3
SIM4
1
21
22
SIM5
SIM1
SIM2
SIM3
SIM4
1
21
22
SIM5
SIM1
SIM2
SIM3
SIM4
1
21
22
SIM5
SIM1
SIM2
SIM3
SIM4
1
21
22
SIM5
SIM1
SIM2
SIM3
SIM4
1
21
22
SIM5
SIM1
SIM2
SIM3
SIM4
1
21
22
SIM5
SIM1
SIM2
SIM3
SIM4
1
21
22
SIM5
SIM1
SIM2
SIM3
SIM4
1
21
22
SIM5
SIM1
SIM2
SIM3
SIM4
1
21
22
SIM5
SIM1
SIM2
SIM3
SIM4
1
21
22
SIM5
SIM1
SIM2
SIM3
SIM4
1
21
22
SIM5
SIM1
SIM2
SIM3
SIM4
1
21
22
SIM5
SIM1
SIM2
SIM3
SIM4
1
21
22
SIM5
SIM1
SIM2
SIM3
SIM4
1
21
22
SIM5
SIM1
SIM2
SIM3
SIM4
1
21
22
SIM5
SIM1
SIM2
SIM3
SIM4
1
21
22
SIM5
SIM1
SIM2
SIM3
SIM4
1
21
22
SIM5
SIM1
SIM2
SIM3
SIM4
1
21
22
SIM5
SIM1
SIM2
SIM3
SIM4
1
21
22
SIM5
SIM1
SIM2
SIM3
SIM4
1
21
22
SIM5
SIM1
SIM2
SIM3
SIM4
1
21
22
SIM5
SIM1
SIM2
SIM3
SIM4
1
21
22
SIM5
SIM1
SIM2
DEBUG 1 649
SIM1
SIM2
SIM3
SIM4
1
21
22
SIM5
SIM1
SIM2
SIM3
SIM4
1
21
22
SIM5
SIM1
SIM2
SIM3
SIM4
1
21
22
SIM5
SIM1
SIM2
SIM3
SIM4
1
21
22
SIM5
SIM1
SIM2
SIM3
SIM4
1
21
22
SIM5
SIM1
SIM2
SIM3
SIM4
1
21
22
SIM5
SIM1
SIM2
SIM3
SIM4
1
21
22
SIM5
SIM1
SIM2
SIM3
SIM4
1
21
22
SIM5
SIM1
SIM2
SIM3
SIM4
1
21
22
SIM5
SIM1
SIM2
SIM3
SIM4
1
21
22
SIM5
SIM1
SIM2
SIM3
SIM4
1
21
22
SIM5
SIM1
SIM2
SIM3
SIM4
1
21
22
SIM5
SIM1
SIM2
SIM3
SIM4
1
21
22
SIM5
SIM1
SIM2
SIM3
SIM4
1
21
22
SIM5
SIM1
SIM2
SIM3
SIM4
1
21
22
SIM5
SIM1
SIM2
SIM3
SIM4
1
21
22
SIM5
SIM1
SIM2
SIM3
SIM4
1
21
22
SIM5
SIM1
SIM2
SIM3
SIM4
1
21
22
SIM5
SIM1
SIM2
SIM3
SIM4
1
21
22
SIM5
SIM1
SIM2
SIM3
SIM4
1
21
22
SIM5
SIM1
SIM2
SIM3
SIM4
1
21
22
SIM5
SIM1
SIM2
SIM3
SIM4
1
21
22
SIM5
SIM1
SIM2
SIM3
SIM4
1
21
22
SIM5
SIM1
SIM2
SIM3
SIM4
1
21
22
SIM5
SIM1
SIM2
SIM3
SIM4
1
21
22
SIM5
SIM1
SIM2
SIM3
SIM4
1
21
22
SIM5
SIM1
SIM2
SIM3
SIM4
1
21
22
SIM5
SIM1
SIM2
SIM3
SIM4
1
21
22
SIM5
SIM1
SIM2
SIM3
SIM4
1
21
22
SIM5
SIM1
SIM2
SIM3
SIM4
1
21
22
SIM5
SIM1
SIM2
SIM3
SIM4
1
21
22
SIM5
SIM1
SIM2
SIM3
SIM4
1
21
22
SIM5
SIM1
SIM2
SIM3
SIM4
1
21
22
SIM5
SIM1
SIM2
SIM3
SIM4
1
21
22
SIM5
SIM1
SIM2
SIM3
SIM4
1
21
22
SIM5
SIM1
SIM2
SIM3
SIM4
1
21
22
SIM5
SIM1
SIM2
SIM3
SIM4
1
21
22
SIM5
SIM1
SIM2
SIM3
SIM4
1
21
22
SIM5
SIM1
SIM2
SIM3
SIM4
1
21
22
SIM5
SIM1
SIM2
SIM3
SIM4
1
21
22
SIM5
SIM1
SIM2
SIM3
SIM4
1
21
22
SIM5
SIM1
SIM2
SIM3
SIM4
1
21
22
SIM5
SIM1
SIM2
SIM3
SIM4
1
21
22
SIM5
SIM1
SIM2
SIM3
SIM4
1
21
22
SIM5
SIM1
SIM2
SIM3
SIM4
1
21
22
SIM5
SIM1
SIM2
SIM3
SIM4
1
21
22
SIM5
SIM1
SIM2
SIM3
SIM4
1
21
22
SIM5
SIM1
SIM2
SIM3
SIM4
1
21
22
SIM5
SIM1
SIM2
SIM3
SIM4
1
21
22
SIM5
SIM1
SIM2
SIM3
SIM4
1
21
22
SIM5
SIM1
SIM2
SIM3
SIM4
1
21
22
SIM5
SIM1
SIM2
SIM3
SIM4
1
21
22
SIM5
SIM1
SIM2
SIM3
SIM4
1
21
22
SIM5
SIM1
SIM2
SIM3
SIM4
1
21
22
SIM5
SIM1
SIM2
SIM3
SIM4
1
21
22
SIM5
SIM1
SIM2
SIM3
SIM4
1
21
22
SIM5
SIM1
SIM2
SIM3
SIM4
1
21
22
SIM5
SIM1
SIM2
SIM3
SIM4
1
21
22
SIM5
SIM1
SIM2
SIM3
SIM4
1
21
22
SIM5
SIM1
SIM2
SIM3
SIM4
1
21
22
SIM5
SIM1
SIM2
SIM3
SIM4
1
21
22
SIM5
SIM1
SIM2
SIM3
SIM4
1
21
22
SIM5
SIM1
SIM2
SIM3
SIM4
1
21
22
SIM5
SIM1
SIM2
SIM3
SIM4
1
21
22
SIM5
SIM1
SIM2
SIM3
SIM4
1
21
22
SIM5
SIM1
SIM2
SIM3
SIM4
1
21
22
SIM5
SIM1
SIM2
SIM3
SIM4
1
21
22
SIM5
SIM1
SIM2
SIM3
SIM4
1
21
22
SIM5
SIM1
SIM2
SIM3
SIM4
1
21
22
SIM5
SIM1
SIM2
SIM3
SIM4
1
21
22
SIM5
SIM1
SIM2
SIM3
SIM4
1
21
22
SIM5
SIM1
SIM2
SIM3
SIM4
1
21
22
SIM5
SIM1
SIM2
SIM3
SIM4
1
21
22
SIM5
SIM1
SIM2
SIM3
SIM4
1
21
22
SIM5
SIM1
SIM2
SIM3
SIM4
1
21
22
SIM5
SIM1
SIM2
SIM3
SIM4
1
21
22
SIM5
SIM1
SIM2
SIM3
SIM4
1
21
22
SIM5
SIM1
SIM2
SIM3
SIM4
1
21
22
SIM5
SIM1
SIM2
SIM3
SIM4
1
21
22
SIM5
SIM1
SIM2
SIM3
SIM4
1
21
22
SIM5
SIM1
SIM2
SIM3
SIM4
1
21
22
SIM5
SIM1
SIM2
SIM3
SIM4
1
21
22
SIM5
SIM1
SIM2
SIM3
SIM4
1
21
22
SIM5
SIM1
SIM2
SIM3
SIM4
1
21
22
SIM5
SIM1
SIM2
SIM3
SIM4
1
21
22
SIM5
SIM1
SIM2
SIM3
SIM4
1
21
22
SIM5
SIM1
SIM2
SIM3
SIM4
1
21
22
SIM5
SIM1
SIM2
SIM3
SIM4
1
21
22
SIM5
SIM1
SIM2
SIM3
SIM4
1
21
22
SIM5
SIM1
SIM2
SIM3
SIM4
1
21
22
SIM5
SIM1
SIM2
SIM3
SIM4
1
21
22
SIM5
SIM1
SIM2
SIM3
SIM4
1
21
22
SIM5
SIM1
SIM2
SIM3
SIM4
1
21
22
SIM5
SIM1
SIM2
SIM3
SIM4
1
21
22
SIM5
SIM1
SIM2
SIM3
SIM4
1
21
22
SIM5
SIM1
SIM2
SIM3
SIM4
1
21
22
SIM5
SIM1
SIM2
SIM3
SIM4
1
21
22
SIM5
SIM1
SIM2
SIM3
SIM4
1
21
22
SIM5
SIM1
SIM2
SIM3
SIM4
1
21
22
SIM5
SIM1
SIM2
SIM3
SIM4
1
21
22
SIM5
SIM1
SIM2
SIM3
SIM4
1
21
22
SIM5
SIM1
SIM2
SIM3
SIM4
1
21
22
SIM5
SIM1
SIM2
SIM3
SIM4
1
21
22
SIM5
SIM1
SIM2
SIM3
SIM4
1
21
22
SIM5
SIM1
SIM2
SIM3
SIM4
1
21
22
SIM5
SIM1
SIM2
SIM3
SIM4
1
21
22
SIM5
SIM1
SIM2
SIM3
SIM4
1
21
22
SIM5
SIM1
SIM2
SIM3
SIM4
1
21
22
SIM5
SIM1
SIM2
SIM3
SIM4
1
21
22
SIM5
SIM1
SIM2
SIM3
SIM4
1
21
22
SIM5
SIM1
SIM2
SIM3
SIM4
1
21
22
SIM5
SIM1
SIM2
SIM3
SIM4
1
21
22
SIM5
SIM1
SIM2
SIM3
SIM4
1
21
22
SIM5
SIM1
SIM2
SIM3
SIM4
1
21
22
SIM5
SIM1
SIM2
SIM3
SIM4
1
21
22
SIM5
SIM1
SIM2
SIM3
SIM4
1
21
22
SIM5
SIM1
SIM2
SIM3
SIM4
1
21
22
SIM5
SIM1
SIM2
SIM3
SIM4
1
21
22
SIM5
SIM1
SIM2
SIM3
SIM4
1
21
22
SIM5
SIM1
SIM2
SIM3
SIM4
1
21
22
SIM5
SIM1
SIM2
SIM3
SIM4
1
21
22
SIM5
SIM1
SIM2
SIM3
SIM4
1
21
22
SIM5
SIM1
SIM2
SIM3
SIM4
1
21
22
SIM5
SIM1
SIM2
SIM3
SIM4
1
21
22
SIM5
SIM1
SIM2
SIM3
SIM4
1
21
22
SIM5
SIM1
SIM2
SIM3
SIM4
1
21
22
SIM5
SIM1
SIM2
SIM3
SIM4
1
21
22
SIM5
SIM1
SIM2
SIM3
SIM4
1
21
22
SIM5
SIM1
SIM2
SIM3
SIM4
1
21
22
SIM5
SIM1
SIM2
SIM3
SIM4
1
21
22
SIM5
SIM1
SIM2
SIM3
SIM4
1
21
22
SIM5
SIM1
SIM2
SIM3
SIM4
1
21
22
SIM5
SIM1
SIM2
SIM3
SIM4
1
21
22
SIM5
SIM1
SIM2
SIM3
SIM4
1
21
22
SIM5
SIM1
SIM2
SIM3
SIM4
1
21
22
SIM5
SIM1
SIM2
SIM3
SIM4
1
21
22
SIM5
SIM1
SIM2
SIM3
SIM4
1
21
22
SIM5
SIM1
SIM2
SIM3
SIM4
1
21
22
SIM5
SIM1
SIM2
SIM3
SIM4
1
21
22
SIM5
SIM1
SIM2
SIM3
SIM4
1
21
22
SIM5
SIM1
SIM2
SIM3
SIM4
1
21
22
SIM5
SIM1
SIM2
SIM3
SIM4
1
21
22
SIM5
SIM1
SIM2
SIM3
SIM4
1
21
22
SIM5
SIM1
SIM2
SIM3
SIM4
1
21
22
SIM5
SIM1
SIM2
SIM3
SIM4
1
21
22
SIM5
SIM1
SIM2
SIM3
SIM4
1
21
22
SIM5
SIM1
SIM2
SIM3
SIM4
1
21
22
SIM5
SIM1
SIM2
SIM3
SIM4
1
21
22
SIM5
SIM1
SIM2
SIM3
SIM4
1
21
22
SIM5
SIM1
SIM2
SIM3
SIM4
1
21
22
SIM5
SIM1
SIM2
SIM3
SIM4
1
21
22
SIM5
SIM1
SIM2
SIM3
SIM4
1
21
22
SIM5
SIM1
SIM2
SIM3
SIM4
1
21
22
SIM5
SIM1
SIM2
SIM3
SIM4
1
21
22
SIM5
SIM1
SIM2
SIM3
SIM4
1
21
22
SIM5
SIM1
SIM2
SIM3
SIM4
1
21
22
SIM5
SIM1
SIM2
SIM3
SIM4
1
21
22
SIM5
SIM1
SIM2
SIM3
SIM4
1
21
22
SIM5
SIM1
SIM2
SIM3
SIM4
1
21
22
SIM5
SIM1
SIM2
SIM3
SIM4
1
21
22
SIM5
SIM1
SIM2
SIM3
SIM4
1
21
22
SIM5
SIM1
SIM2
SIM3
SIM4
1
21
22
SIM5
SIM1
SIM2
SIM3
SIM4
1
21
22
SIM5
SIM1
SIM2
SIM3
SIM4
1
21
22
SIM5
SIM1
SIM2
SIM3
SIM4
1
21
22
SIM5
SIM1
SIM2
SIM3
SIM4
1
21
22
SIM5
SIM1
SIM2
SIM3
SIM4
1
21
22
SIM5
SIM1
SIM2
SIM3
SIM4
1
21
22
SIM5
SIM1
SIM2
SIM3
SIM4
1
21
22
SIM5
SIM1
SIM2
SIM3
SIM4
1
21
22
SIM5
SIM1
SIM2
SIM3
SIM4
1
21
22
SIM5
SIM1
SIM2
SIM3
SIM4
1
21
22
SIM5
SIM1
SIM2
SIM3
SIM4
1
21
22
SIM5
SIM1
SIM2
SIM3
SIM4
1
21
22
SIM5
SIM1
SIM2
SIM3
SIM4
1
21
22
SIM5
SIM1
SIM2
SIM3
SIM4
1
21
22
SIM5
SIM1
SIM2
SIM3
SIM4
1
21
22
SIM5
SIM1
SIM2
SIM3
SIM4
1
21
22
SIM5
SIM1
SIM2
SIM3
SIM4
1
21
22
SIM5
SIM1
SIM2
SIM3
SIM4
1
21
22
SIM5
SIM1
SIM2
SIM3
SIM4
1
21
22
SIM5
SIM1
SIM2
SIM3
SIM4
1
21
22
SIM5
SIM1
SIM2
SIM3
SIM4
1
21
22
SIM5
SIM1
SIM2
SIM3
SIM4
1
21
22
SIM5
SIM1
SIM2
SIM3
SIM4
1
21
22
SIM5
SIM1
SIM2
DEBUG 1 650
SIM1
SIM2
SIM3
SIM4
1
21
22
SIM5
SIM1
SIM2
SIM3
SIM4
1
21
22
SIM5
SIM1
SIM2
SIM3
SIM4
1
21
22
SIM5
SIM1
SIM2
SIM3
SIM4
1
21
22
SIM5
SIM1
SIM2
SIM3
SIM4
1
21
22
SIM5
SIM1
SIM2
SIM3
SIM4
1
21
22
SIM5
SIM1
SIM2
SIM3
SIM4
1
21
22
SIM5
SIM1
SIM2
SIM3
SIM4
1
21
22
SIM5
SIM1
SIM2
SIM3
SIM4
1
21
22
SIM5
SIM1
SIM2
SIM3
SIM4
1
21
22
SIM5
SIM1
SIM2
SIM3
SIM4
1
21
22
SIM5
SIM1
SIM2
SIM3
SIM4
1
21
22
SIM5
SIM1
SIM2
SIM3
SIM4
1
21
22
SIM5
SIM1
SIM2
SIM3
SIM4
1
21
22
SIM5
SIM1
SIM2
SIM3
SIM4
1
21
22
SIM5
SIM1
SIM2
SIM3
SIM4
1
21
22
SIM5
SIM1
SIM2
SIM3
SIM4
1
21
22
SIM5
SIM1
SIM2
SIM3
SIM4
1
21
22
SIM5
SIM1
SIM2
SIM3
SIM4
1
21
22
SIM5
SIM1
SIM2
SIM3
SIM4
1
21
22
SIM5
SIM1
SIM2
SIM3
SIM4
1
21
22
SIM5
SIM1
SIM2
SIM3
SIM4
1
21
22
SIM5
SIM1
SIM2
SIM3
SIM4
1
21
22
SIM5
SIM1
SIM2
SIM3
SIM4
1
21
22
SIM5
SIM1
SIM2
SIM3
SIM4
1
21
22
SIM5
SIM1
SIM2
SIM3
SIM4
1
21
22
SIM5
SIM1
SIM2
SIM3
SIM4
1
21
22
SIM5
SIM1
SIM2
SIM3
SIM4
1
21
22
SIM5
SIM1
SIM2
SIM3
SIM4
1
21
22
SIM5
SIM1
SIM2
SIM3
SIM4
1
21
22
SIM5
SIM1
SIM2
SIM3
SIM4
1
21
22
SIM5
SIM1
SIM2
SIM3
SIM4
1
21
22
SIM5
SIM1
SIM2
SIM3
SIM4
1
21
22
SIM5
SIM1
SIM2
SIM3
SIM4
1
21
22
SIM5
SIM1
SIM2
SIM3
SIM4
1
21
22
SIM5
SIM1
SIM2
SIM3
SIM4
1
21
22
SIM5
SIM1
SIM2
SIM3
SIM4
1
21
22
SIM5
SIM1
SIM2
SIM3
SIM4
1
21
22
SIM5
SIM1
SIM2
SIM3
SIM4
1
21
22
SIM5
SIM1
SIM2
SIM3
SIM4
1
21
22
SIM5
SIM1
SIM2
SIM3
SIM4
1
21
22
SIM5
SIM1
SIM2
SIM3
SIM4
1
21
22
SIM5
SIM1
SIM2
SIM3
SIM4
1
21
22
SIM5
SIM1
SIM2
SIM3
SIM4
1
21
22
SIM5
SIM1
SIM2
SIM3
SIM4
1
21
22
SIM5
SIM1
SIM2
SIM3
SIM4
1
21
22
SIM5
SIM1
SIM2
SIM3
SIM4
1
21
22
SIM5
SIM1
SIM2
SIM3
SIM4
1
21
22
SIM5
SIM1
SIM2
SIM3
SIM4
1
21
22
SIM5
SIM1
SIM2
SIM3
SIM4
1
21
22
SIM5
SIM1
SIM2
SIM3
SIM4
1
21
22
SIM5
SIM1
SIM2
SIM3
SIM4
1
21
22
SIM5
SIM1
SIM2
SIM3
SIM4
1
21
22
SIM5
SIM1
SIM2
SIM3
SIM4
1
21
22
SIM5
SIM1
SIM2
SIM3
SIM4
1
21
22
SIM5
SIM1
SIM2
SIM3
SIM4
1
21
22
SIM5
SIM1
SIM2
SIM3
SIM4
1
21
22
SIM5
SIM1
SIM2
SIM3
SIM4
1
21
22
SIM5
SIM1
SIM2
SIM3
SIM4
1
21
22
SIM5
SIM1
SIM2
SIM3
SIM4
1
21
22
SIM5
SIM1
SIM2
SIM3
SIM4
1
21
22
SIM5
SIM1
SIM2
SIM3
SIM4
1
21
22
SIM5
SIM1
SIM2
SIM3
SIM4
1
21
22
SIM5
SIM1
SIM2
SIM3
SIM4
1
21
22
SIM5
SIM1
SIM2
SIM3
SIM4
1
21
22
SIM5
SIM1
SIM2
SIM3
SIM4
1
21
22
SIM5
SIM1
SIM2
SIM3
SIM4
1
21
22
SIM5
SIM1
SIM2
SIM3
SIM4
1
21
22
SIM5
SIM1
SIM2
SIM3
SIM4
1
21
22
SIM5
SIM1
SIM2
SIM3
SIM4
1
21
22
SIM5
SIM1
SIM2
SIM3
SIM4
1
21
22
SIM5
SIM1
SIM2
SIM3
SIM4
1
21
22
SIM5
SIM1
SIM2
SIM3
SIM4
1
21
22
SIM5
SIM1
SIM2
SIM3
SIM4
1
21
22
SIM5
SIM1
SIM2
SIM3
SIM4
1
21
22
SIM5
SIM1
SIM2
SIM3
SIM4
1
21
22
SIM5
SIM1
SIM2
SIM3
SIM4
1
21
22
SIM5
SIM1
SIM2
SIM3
SIM4
1
21
22
SIM5
SIM1
SIM2
SIM3
SIM4
1
21
22
SIM5
SIM1
SIM2
SIM3
SIM4
1
21
22
SIM5
SIM1
SIM2
SIM3
SIM4
1
21
22
SIM5
SIM1
SIM2
SIM3
SIM4
1
21
22
SIM5
SIM1
SIM2
SIM3
SIM4
1
21
22
SIM5
SIM1
SIM2
SIM3
SIM4
1
21
22
SIM5
SIM1
SIM2
SIM3
SIM4
1
21
22
SIM5
SIM1
SIM2
SIM3
SIM4
1
21
22
SIM5
SIM1
SIM2
SIM3
SIM4
1
21
22
SIM5
SIM1
SIM2
SIM3
SIM4
1
21
22
SIM5
SIM1
SIM2
SIM3
SIM4
1
21
22
SIM5
SIM1
SIM2
SIM3
SIM4
1
21
22
SIM5
SIM1
SIM2
SIM3
SIM4
1
21
22
SIM5
SIM1
SIM2
SIM3
SIM4
1
21
22
SIM5
SIM1
SIM2
SIM3
SIM4
1
21
22
SIM5
SIM1
SIM2
SIM3
SIM4
1
21
22
SIM5
SIM1
SIM2
SIM3
SIM4
1
21
22
SIM5
SIM1
SIM2
SIM3
SIM4
1
21
22
SIM5
SIM1
SIM2
SIM3
SIM4
1
21
22
SIM5
SIM1
SIM2
SIM3
SIM4
1
21
22
SIM5
SIM1
SIM2
SIM3
SIM4
1
21
22
SIM5
SIM1
SIM2
SIM3
SIM4
1
21
22
SIM5
SIM1
SIM2
SIM3
SIM4
1
21
22
SIM5
SIM1
SIM2
SIM3
SIM4
1
21
22
SIM5
SIM1
SIM2
SIM3
SIM4
1
21
22
SIM5
SIM1
SIM2
SIM3
SIM4
1
21
22
SIM5
SIM1
SIM2
SIM3
SIM4
1
21
22
SIM5
SIM1
SIM2
SIM3
SIM4
1
21
22
SIM5
SIM1
SIM2
SIM3
SIM4
1
21
22
SIM5
SIM1
SIM2
SIM3
SIM4
1
21
22
SIM5
SIM1
SIM2
SIM3
SIM4
1
21
22
SIM5
SIM1
SIM2
SIM3
SIM4
1
21
22
SIM5
SIM1
SIM2
SIM3
SIM4
1
21
22
SIM5
SIM1
SIM2
SIM3
SIM4
1
21
22
SIM5
SIM1
SIM2
SIM3
SIM4
1
21
22
SIM5
SIM1
SIM2
SIM3
SIM4
1
21
22
SIM5
SIM1
SIM2
SIM3
SIM4
1
21
22
SIM5
SIM1
SIM2
SIM3
SIM4
1
21
22
SIM5
SIM1
SIM2
SIM3
SIM4
1
21
22
SIM5
SIM1
SIM2
SIM3
SIM4
1
21
22
SIM5
SIM1
SIM2
SIM3
SIM4
1
21
22
SIM5
SIM1
SIM2
SIM3
SIM4
1
21
22
SIM5
SIM1
SIM2
SIM3
SIM4
1
21
22
SIM5
SIM1
SIM2
SIM3
SIM4
1
21
22
SIM5
SIM1
SIM2
SIM3
SIM4
1
21
22
SIM5
SIM1
SIM2
SIM3
SIM4
1
21
22
SIM5
SIM1
SIM2
SIM3
SIM4
1
21
22
SIM5
SIM1
SIM2
SIM3
SIM4
1
21
22
SIM5
SIM1
SIM2
SIM3
SIM4
1
21
22
SIM5
SIM1
SIM2
SIM3
SIM4
1
21
22
SIM5
SIM1
SIM2
SIM3
SIM4
1
21
22
SIM5
SIM1
SIM2
SIM3
SIM4
1
21
22
SIM5
SIM1
SIM2
SIM3
SIM4
1
21
22
SIM5
SIM1
SIM2
SIM3
SIM4
1
21
22
SIM5
SIM1
SIM2
SIM3
SIM4
1
21
22
SIM5
SIM1
SIM2
SIM3
SIM4
1
21
22
SIM5
SIM1
SIM2
SIM3
SIM4
1
21
22
SIM5
SIM1
SIM2
SIM3
SIM4
1
21
22
SIM5
SIM1
SIM2
SIM3
SIM4
1
21
22
SIM5
SIM1
SIM2
SIM3
SIM4
1
21
22
SIM5
SIM1
SIM2
SIM3
SIM4
1
21
22
SIM5
SIM1
SIM2
SIM3
SIM4
1
21
22
SIM5
SIM1
SIM2
SIM3
SIM4
1
21
22
SIM5
SIM1
SIM2
SIM3
SIM4
1
21
22
SIM5
SIM1
SIM2
SIM3
SIM4
1
21
22
SIM5
SIM1
SIM2
SIM3
SIM4
1
21
22
SIM5
SIM1
SIM2
SIM3
SIM4
1
21
22
SIM5
SIM1
SIM2
SIM3
SIM4
1
21
22
SIM5
SIM1
SIM2
SIM3
SIM4
1
21
22
SIM5
SIM1
SIM2
SIM3
SIM4
1
21
22
SIM5
SIM1
SIM2
SIM3
SIM4
1
21
22
SIM5
SIM1
SIM2
SIM3
SIM4
1
21
22
SIM5
SIM1
SIM2
SIM3
SIM4
1
21
22
SIM5
SIM1
SIM2
SIM3
SIM4
1
21
22
SIM5
SIM1
SIM2
SIM3
SIM4
1
21
22
SIM5
SIM1
SIM2
SIM3
SIM4
1
21
22
SIM5
SIM1
SIM2
SIM3
SIM4
1
21
22
SIM5
SIM1
SIM2
SIM3
SIM4
1
21
22
SIM5
SIM1
SIM2
SIM3
SIM4
1
21
22
SIM5
SIM1
SIM2
SIM3
SIM4
1
21
22
SIM5
SIM1
SIM2
SIM3
SIM4
1
21
22
SIM5
SIM1
SIM2
SIM3
SIM4
1
21
22
SIM5
SIM1
SIM2
SIM3
SIM4
1
21
22
SIM5
SIM1
SIM2
SIM3
SIM4
1
21
22
SIM5
SIM1
SIM2
SIM3
SIM4
1
21
22
SIM5
SIM1
SIM2
SIM3
SIM4
1
21
22
SIM5
SIM1
SIM2
SIM3
SIM4
1
21
22
SIM5
SIM1
SIM2
SIM3
SIM4
1
21
22
SIM5
SIM1
SIM2
SIM3
SIM4
1
21
22
SIM5
SIM1
SIM2
SIM3
SIM4
1
21
22
SIM5
SIM1
SIM2
SIM3
SIM4
1
21
22
SIM5
SIM1
SIM2
SIM3
SIM4
1
21
22
SIM5
SIM1
SIM2
SIM3
SIM4
1
21
22
SIM5
SIM1
SIM2
SIM3
SIM4
1
21
22
SIM5
SIM1
SIM2
SIM3
SIM4
1
21
22
SIM5
SIM1
SIM2
SIM3
SIM4
1
21
22
SIM5
SIM1
SIM2
SIM3
SIM4
1
21
22
SIM5
SIM1
SIM2
SIM3
SIM4
1
21
22
SIM5
SIM1
SIM2
SIM3
SIM4
1
21
22
SIM5
SIM1
SIM2
SIM3
SIM4
1
21
22
SIM5
SIM1
SIM2
SIM3
SIM4
1
21
22
SIM5
SIM1
SIM2
SIM3
SIM4
1
21
22
SIM5
SIM1
SIM2
SIM3
SIM4
1
21
22
SIM5
SIM1
SIM2
SIM3
SIM4
1
21
22
SIM5
SIM1
SIM2
SIM3
SIM4
1
21
22
SIM5
SIM1
SIM2
SIM3
SIM4
1
21
22
SIM5
SIM1
SIM2
SIM3
SIM4
1
21
22
SIM5
SIM1
SIM2
SIM3
SIM4
1
21
22
SIM5
SIM1
SIM2
SIM3
SIM4
1
21
22
SIM5
SIM1
SIM2
SIM3
SIM4
1
21
22
SIM5
SIM1
SIM2
SIM3
SIM4
1
21
22
SIM5
SIM1
SIM2
SIM3
SIM4
1
21
22
SIM5
SIM1
SIM2
SIM3
SIM4
1
21
22
SIM5
SIM1
SIM2
DEBUG 1 651
SIM1
SIM2
SIM3
SIM4
1
21
22
SIM5
SIM1
SIM2
SIM3
SIM4
1
21
22
SIM5
SIM1
SIM2
SIM3
SIM4
1
21
22
SIM5
SIM1
SIM2
SIM3
SIM4
1
21
22
SIM5
SIM1
SIM2
SIM3
SIM4
1
21
22
SIM5
SIM1
SIM2
SIM3
SIM4
1
21
22
SIM5
SIM1
SIM2
SIM3
SIM4
1
21
22
SIM5
SIM1
SIM2
SIM3
SIM4
1
21
22
SIM5
SIM1
SIM2
SIM3
SIM4
1
21
22
SIM5
SIM1
SIM2
SIM3
SIM4
1
21
22
SIM5
SIM1
SIM2
SIM3
SIM4
1
21
22
SIM5
SIM1
SIM2
SIM3
SIM4
1
21
22
SIM5
SIM1
SIM2
SIM3
SIM4
1
21
22
SIM5
SIM1
SIM2
SIM3
SIM4
1
21
22
SIM5
SIM1
SIM2
SIM3
SIM4
1
21
22
SIM5
SIM1
SIM2
SIM3
SIM4
1
21
22
SIM5
SIM1
SIM2
SIM3
SIM4
1
21
22
SIM5
SIM1
SIM2
SIM3
SIM4
1
21
22
SIM5
SIM1
SIM2
SIM3
SIM4
1
21
22
SIM5
SIM1
SIM2
SIM3
SIM4
1
21
22
SIM5
SIM1
SIM2
SIM3
SIM4
1
21
22
SIM5
SIM1
SIM2
SIM3
SIM4
1
21
22
SIM5
SIM1
SIM2
SIM3
SIM4
1
21
22
SIM5
SIM1
SIM2
SIM3
SIM4
1
21
22
SIM5
SIM1
SIM2
SIM3
SIM4
1
21
22
SIM5
SIM1
SIM2
SIM3
SIM4
1
21
22
SIM5
SIM1
SIM2
SIM3
SIM4
1
21
22
SIM5
SIM1
SIM2
SIM3
SIM4
1
21
22
SIM5
SIM1
SIM2
SIM3
SIM4
1
21
22
SIM5
SIM1
SIM2
SIM3
SIM4
1
21
22
SIM5
SIM1
SIM2
SIM3
SIM4
1
21
22
SIM5
SIM1
SIM2
SIM3
SIM4
1
21
22
SIM5
SIM1
SIM2
SIM3
SIM4
1
21
22
SIM5
SIM1
SIM2
SIM3
SIM4
1
21
22
SIM5
SIM1
SIM2
SIM3
SIM4
1
21
22
SIM5
SIM1
SIM2
SIM3
SIM4
1
21
22
SIM5
SIM1
SIM2
SIM3
SIM4
1
21
22
SIM5
SIM1
SIM2
SIM3
SIM4
1
21
22
SIM5
SIM1
SIM2
SIM3
SIM4
1
21
22
SIM5
SIM1
SIM2
SIM3
SIM4
1
21
22
SIM5
SIM1
SIM2
SIM3
SIM4
1
21
22
SIM5
SIM1
SIM2
SIM3
SIM4
1
21
22
SIM5
SIM1
SIM2
SIM3
SIM4
1
21
22
SIM5
SIM1
SIM2
SIM3
SIM4
1
21
22
SIM5
SIM1
SIM2
SIM3
SIM4
1
21
22
SIM5
SIM1
SIM2
SIM3
SIM4
1
21
22
SIM5
SIM1
SIM2
SIM3
SIM4
1
21
22
SIM5
SIM1
SIM2
SIM3
SIM4
1
21
22
SIM5
SIM1
SIM2
SIM3
SIM4
1
21
22
SIM5
SIM1
SIM2
SIM3
SIM4
1
21
22
SIM5
SIM1
SIM2
SIM3
SIM4
1
21
22
SIM5
SIM1
SIM2
SIM3
SIM4
1
21
22
SIM5
SIM1
SIM2
SIM3
SIM4
1
21
22
SIM5
SIM1
SIM2
SIM3
SIM4
1
21
22
SIM5
SIM1
SIM2
SIM3
SIM4
1
21
22
SIM5
SIM1
SIM2
SIM3
SIM4
1
21
22
SIM5
SIM1
SIM2
SIM3
SIM4
1
21
22
SIM5
SIM1
SIM2
SIM3
SIM4
1
21
22
SIM5
SIM1
SIM2
SIM3
SIM4
1
21
22
SIM5
SIM1
SIM2
SIM3
SIM4
1
21
22
SIM5
SIM1
SIM2
SIM3
SIM4
1
21
22
SIM5
SIM1
SIM2
SIM3
SIM4
1
21
22
SIM5
SIM1
SIM2
SIM3
SIM4
1
21
22
SIM5
SIM1
SIM2
SIM3
SIM4
1
21
22
SIM5
SIM1
SIM2
SIM3
SIM4
1
21
22
SIM5
SIM1
SIM2
SIM3
SIM4
1
21
22
SIM5
SIM1
SIM2
SIM3
SIM4
1
21
22
SIM5
SIM1
SIM2
SIM3
SIM4
1
21
22
SIM5
SIM1
SIM2
SIM3
SIM4
1
21
22
SIM5
SIM1
SIM2
SIM3
SIM4
1
21
22
SIM5
SIM1
SIM2
SIM3
SIM4
1
21
22
SIM5
SIM1
SIM2
SIM3
SIM4
1
21
22
SIM5
SIM1
SIM2
SIM3
SIM4
1
21
22
SIM5
SIM1
SIM2
SIM3
SIM4
1
21
22
SIM5
SIM1
SIM2
SIM3
SIM4
1
21
22
SIM5
SIM1
SIM2
SIM3
SIM4
1
21
22
SIM5
SIM1
SIM2
SIM3
SIM4
1
21
22
SIM5
SIM1
SIM2
SIM3
SIM4
1
21
22
SIM5
SIM1
SIM2
SIM3
SIM4
1
21
22
SIM5
SIM1
SIM2
SIM3
SIM4
1
21
22
SIM5
SIM1
SIM2
SIM3
SIM4
1
21
22
SIM5
SIM1
SIM2
SIM3
SIM4
1
21
22
SIM5
SIM1
SIM2
SIM3
SIM4
1
21
22
SIM5
SIM1
SIM2
SIM3
SIM4
1
21
22
SIM5
SIM1
SIM2
SIM3
SIM4
1
21
22
SIM5
SIM1
SIM2
SIM3
SIM4
1
21
22
SIM5
SIM1
SIM2
SIM3
SIM4
1
21
22
SIM5
SIM1
SIM2
SIM3
SIM4
1
21
22
SIM5
SIM1
SIM2
SIM3
SIM4
1
21
22
SIM5
SIM1
SIM2
SIM3
SIM4
1
21
22
SIM5
SIM1
SIM2
SIM3
SIM4
1
21
22
SIM5
SIM1
SIM2
SIM3
SIM4
1
21
22
SIM5
SIM1
SIM2
SIM3
SIM4
1
21
22
SIM5
SIM1
SIM2
SIM3
SIM4
1
21
22
SIM5
SIM1
SIM2
SIM3
SIM4
1
21
22
SIM5
SIM1
SIM2
SIM3
SIM4
1
21
22
SIM5
SIM1
SIM2
SIM3
SIM4
1
21
22
SIM5
SIM1
SIM2
SIM3
SIM4
1
21
22
SIM5
SIM1
SIM2
SIM3
SIM4
1
21
22
SIM5
SIM1
SIM2
SIM3
SIM4
1
21
22
SIM5
SIM1
SIM2
SIM3
SIM4
1
21
22
SIM5
SIM1
SIM2
SIM3
SIM4
1
21
22
SIM5
SIM1
SIM2
SIM3
SIM4
1
21
22
SIM5
SIM1
SIM2
SIM3
SIM4
1
21
22
SIM5
SIM1
SIM2
SIM3
SIM4
1
21
22
SIM5
SIM1
SIM2
SIM3
SIM4
1
21
22
SIM5
SIM1
SIM2
SIM3
SIM4
1
21
22
SIM5
SIM1
SIM2
SIM3
SIM4
1
21
22
SIM5
SIM1
SIM2
SIM3
SIM4
1
21
22
SIM5
SIM1
SIM2
SIM3
SIM4
1
21
22
SIM5
SIM1
SIM2
SIM3
SIM4
1
21
22
SIM5
SIM1
SIM2
SIM3
SIM4
1
21
22
SIM5
SIM1
SIM2
SIM3
SIM4
1
21
22
SIM5
SIM1
SIM2
SIM3
SIM4
1
21
22
SIM5
SIM1
SIM2
SIM3
SIM4
1
21
22
SIM5
SIM1
SIM2
SIM3
SIM4
1
21
22
SIM5
SIM1
SIM2
SIM3
SIM4
1
21
22
SIM5
SIM1
SIM2
SIM3
SIM4
1
21
22
SIM5
SIM1
SIM2
SIM3
SIM4
1
21
22
SIM5
SIM1
SIM2
SIM3
SIM4
1
21
22
SIM5
SIM1
SIM2
SIM3
SIM4
1
21
22
SIM5
SIM1
SIM2
SIM3
SIM4
1
21
22
SIM5
SIM1
SIM2
SIM3
SIM4
1
21
22
SIM5
SIM1
SIM2
SIM3
SIM4
1
21
22
SIM5
SIM1
SIM2
SIM3
SIM4
1
21
22
SIM5
SIM1
SIM2
SIM3
SIM4
1
21
22
SIM5
SIM1
SIM2
SIM3
SIM4
1
21
22
SIM5
SIM1
SIM2
SIM3
SIM4
1
21
22
SIM5
SIM1
SIM2
SIM3
SIM4
1
21
22
SIM5
SIM1
SIM2
SIM3
SIM4
1
21
22
SIM5
SIM1
SIM2
SIM3
SIM4
1
21
22
SIM5
SIM1
SIM2
SIM3
SIM4
1
21
22
SIM5
SIM1
SIM2
SIM3
SIM4
1
21
22
SIM5
SIM1
SIM2
SIM3
SIM4
1
21
22
SIM5
SIM1
SIM2
SIM3
SIM4
1
21
22
SIM5
SIM1
SIM2
SIM3
SIM4
1
21
22
SIM5
SIM1
SIM2
SIM3
SIM4
1
21
22
SIM5
SIM1
SIM2
SIM3
SIM4
1
21
22
SIM5
SIM1
SIM2
SIM3
SIM4
1
21
22
SIM5
SIM1
SIM2
SIM3
SIM4
1
21
22
SIM5
SIM1
SIM2
SIM3
SIM4
1
21
22
SIM5
SIM1
SIM2
DEBUG 1 652
SIM1
SIM2
SIM3
SIM4
1
21
22
SIM5
SIM1
SIM2
SIM3
SIM4
1
21
22
SIM5
SIM1
SIM2
SIM3
SIM4
1
21
22
SIM5
SIM1
SIM2
SIM3
SIM4
1
21
22
SIM5
SIM1
SIM2
SIM3
SIM4
1
21
22
SIM5
SIM1
SIM2
SIM3
SIM4
1
21
22
SIM5
SIM1
SIM2
SIM3
SIM4
1
21
22
SIM5
SIM1
SIM2
SIM3
SIM4
1
21
22
SIM5
SIM1
SIM2
SIM3
SIM4
1
21
22
SIM5
SIM1
SIM2
SIM3
SIM4
1
21
22
SIM5
SIM1
SIM2
SIM3
SIM4
1
21
22
SIM5
SIM1
SIM2
SIM3
SIM4
1
21
22
SIM5
SIM1
SIM2
SIM3
SIM4
1
21
22
SIM5
SIM1
SIM2
SIM3
SIM4
1
21
22
SIM5
SIM1
SIM2
SIM3
SIM4
1
21
22
SIM5
SIM1
SIM2
SIM3
SIM4
1
21
22
SIM5
SIM1
SIM2
SIM3
SIM4
1
21
22
SIM5
SIM1
SIM2
SIM3
SIM4
1
21
22
SIM5
SIM1
SIM2
SIM3
SIM4
1
21
22
SIM5
SIM1
SIM2
SIM3
SIM4
1
21
22
SIM5
SIM1
SIM2
SIM3
SIM4
1
21
22
SIM5
SIM1
SIM2
SIM3
SIM4
1
21
22
SIM5
SIM1
SIM2
SIM3
SIM4
1
21
22
SIM5
SIM1
SIM2
SIM3
SIM4
1
21
22
SIM5
SIM1
SIM2
SIM3
SIM4
1
21
22
SIM5
SIM1
SIM2
SIM3
SIM4
1
21
22
SIM5
SIM1
SIM2
SIM3
SIM4
1
21
22
SIM5
SIM1
SIM2
SIM3
SIM4
1
21
22
SIM5
SIM1
SIM2
SIM3
SIM4
1
21
22
SIM5
SIM1
SIM2
SIM3
SIM4
1
21
22
SIM5
SIM1
SIM2
SIM3
SIM4
1
21
22
SIM5
SIM1
SIM2
SIM3
SIM4
1
21
22
SIM5
SIM1
SIM2
SIM3
SIM4
1
21
22
SIM5
SIM1
SIM2
SIM3
SIM4
1
21
22
SIM5
SIM1
SIM2
SIM3
SIM4
1
21
22
SIM5
SIM1
SIM2
SIM3
SIM4
1
21
22
SIM5
SIM1
SIM2
SIM3
SIM4
1
21
22
SIM5
SIM1
SIM2
SIM3
SIM4
1
21
22
SIM5
SIM1
SIM2
SIM3
SIM4
1
21
22
SIM5
SIM1
SIM2
SIM3
SIM4
1
21
22
SIM5
SIM1
SIM2
SIM3
SIM4
1
21
22
SIM5
SIM1
SIM2
SIM3
SIM4
1
21
22
SIM5
SIM1
SIM2
SIM3
SIM4
1
21
22
SIM5
SIM1
SIM2
SIM3
SIM4
1
21
22
SIM5
SIM1
SIM2
SIM3
SIM4
1
21
22
SIM5
SIM1
SIM2
SIM3
SIM4
1
21
22
SIM5
SIM1
SIM2
SIM3
SIM4
1
21
22
SIM5
SIM1
SIM2
SIM3
SIM4
1
21
22
SIM5
SIM1
SIM2
SIM3
SIM4
1
21
22
SIM5
SIM1
SIM2
SIM3
SIM4
1
21
22
SIM5
SIM1
SIM2
SIM3
SIM4
1
21
22
SIM5
SIM1
SIM2
SIM3
SIM4
1
21
22
SIM5
SIM1
SIM2
SIM3
SIM4
1
21
22
SIM5
SIM1
SIM2
SIM3
SIM4
1
21
22
SIM5
SIM1
SIM2
SIM3
SIM4
1
21
22
SIM5
SIM1
SIM2
SIM3
SIM4
1
21
22
SIM5
SIM1
SIM2
SIM3
SIM4
1
21
22
SIM5
SIM1
SIM2
SIM3
SIM4
1
21
22
SIM5
SIM1
SIM2
SIM3
SIM4
1
21
22
SIM5
SIM1
SIM2
SIM3
SIM4
1
21
22
SIM5
SIM1
SIM2
SIM3
SIM4
1
21
22
SIM5
SIM1
SIM2
SIM3
SIM4
1
21
22
SIM5
SIM1
SIM2
SIM3
SIM4
1
21
22
SIM5
SIM1
SIM2
SIM3
SIM4
1
21
22
SIM5
SIM1
SIM2
SIM3
SIM4
1
21
22
SIM5
SIM1
SIM2
SIM3
SIM4
1
21
22
SIM5
SIM1
SIM2
SIM3
SIM4
1
21
22
SIM5
SIM1
SIM2
SIM3
SIM4
1
21
22
SIM5
SIM1
SIM2
SIM3
SIM4
1
21
22
SIM5
SIM1
SIM2
SIM3
SIM4
1
21
22
SIM5
SIM1
SIM2
SIM3
SIM4
1
21
22
SIM5
SIM1
SIM2
SIM3
SIM4
1
21
22
SIM5
SIM1
SIM2
SIM3
SIM4
1
21
22
SIM5
SIM1
SIM2
SIM3
SIM4
1
21
22
SIM5
SIM1
SIM2
SIM3
SIM4
1
21
22
SIM5
SIM1
SIM2
SIM3
SIM4
1
21
22
SIM5
SIM1
SIM2
SIM3
SIM4
1
21
22
SIM5
SIM1
SIM2
SIM3
SIM4
1
21
22
SIM5
SIM1
SIM2
SIM3
SIM4
1
21
22
SIM5
SIM1
SIM2
SIM3
SIM4
1
21
22
SIM5
SIM1
SIM2
SIM3
SIM4
1
21
22
SIM5
SIM1
SIM2
SIM3
SIM4
1
21
22
SIM5
SIM1
SIM2
SIM3
SIM4
1
21
22
SIM5
SIM1
SIM2
SIM3
SIM4
1
21
22
SIM5
SIM1
SIM2
SIM3
SIM4
1
21
22
SIM5
SIM1
SIM2
SIM3
SIM4
1
21
22
SIM5
SIM1
SIM2
SIM3
SIM4
1
21
22
SIM5
SIM1
SIM2
SIM3
SIM4
1
21
22
SIM5
SIM1
SIM2
SIM3
SIM4
1
21
22
SIM5
SIM1
SIM2
SIM3
SIM4
1
21
22
SIM5
SIM1
SIM2
SIM3
SIM4
1
21
22
SIM5
SIM1
SIM2
SIM3
SIM4
1
21
22
SIM5
SIM1
SIM2
SIM3
SIM4
1
21
22
SIM5
SIM1
SIM2
SIM3
SIM4
1
21
22
SIM5
SIM1
SIM2
SIM3
SIM4
1
21
22
SIM5
SIM1
SIM2
SIM3
SIM4
1
21
22
SIM5
SIM1
SIM2
SIM3
SIM4
1
21
22
SIM5
SIM1
SIM2
SIM3
SIM4
1
21
22
SIM5
SIM1
SIM2
SIM3
SIM4
1
21
22
SIM5
SIM1
SIM2
SIM3
SIM4
1
21
22
SIM5
SIM1
SIM2
SIM3
SIM4
1
21
22
SIM5
SIM1
SIM2
SIM3
SIM4
1
21
22
SIM5
SIM1
SIM2
SIM3
SIM4
1
21
22
SIM5
SIM1
SIM2
SIM3
SIM4
1
21
22
SIM5
SIM1
SIM2
SIM3
SIM4
1
21
22
SIM5
SIM1
SIM2
SIM3
SIM4
1
21
22
SIM5
SIM1
SIM2
SIM3
SIM4
1
21
22
SIM5
SIM1
SIM2
SIM3
SIM4
1
21
22
SIM5
SIM1
SIM2
SIM3
SIM4
1
21
22
SIM5
SIM1
SIM2
SIM3
SIM4
1
21
22
SIM5
SIM1
SIM2
SIM3
SIM4
1
21
22
SIM5
SIM1
SIM2
SIM3
SIM4
1
21
22
SIM5
SIM1
SIM2
SIM3
SIM4
1
21
22
SIM5
SIM1
SIM2
SIM3
SIM4
1
21
22
SIM5
SIM1
SIM2
SIM3
SIM4
1
21
22
SIM5
SIM1
SIM2
SIM3
SIM4
1
21
22
SIM5
SIM1
SIM2
SIM3
SIM4
1
21
22
SIM5
SIM1
SIM2
SIM3
SIM4
1
21
22
SIM5
SIM1
SIM2
SIM3
SIM4
1
21
22
SIM5
SIM1
SIM2
SIM3
SIM4
1
21
22
SIM5
SIM1
SIM2
SIM3
SIM4
1
21
22
SIM5
SIM1
SIM2
SIM3
SIM4
1
21
22
SIM5
SIM1
SIM2
SIM3
SIM4
1
21
22
SIM5
SIM1
SIM2
SIM3
SIM4
1
21
22
SIM5
SIM1
SIM2
SIM3
SIM4
1
21
22
SIM5
SIM1
SIM2
SIM3
SIM4
1
21
22
SIM5
SIM1
SIM2
SIM3
SIM4
1
21
22
SIM5
SIM1
SIM2
SIM3
SIM4
1
21
22
SIM5
SIM1
SIM2
SIM3
SIM4
1
21
22
SIM5
SIM1
SIM2
SIM3
SIM4
1
21
22
SIM5
SIM1
SIM2
SIM3
SIM4
1
21
22
SIM5
SIM1
SIM2
SIM3
SIM4
1
21
22
SIM5
SIM1
SIM2
SIM3
SIM4
1
21
22
SIM5
SIM1
SIM2
SIM3
SIM4
1
21
22
SIM5
SIM1
SIM2
SIM3
SIM4
1
21
22
SIM5
SIM1
SIM2
SIM3
SIM4
1
21
22
SIM5
SIM1
SIM2
SIM3
SIM4
1
21
22
SIM5
SIM1
SIM2
SIM3
SIM4
1
21
22
SIM5
SIM1
SIM2
SIM3
SIM4
1
21
22
SIM5
SIM1
SIM2
SIM3
SIM4
1
21
22
SIM5
SIM1
SIM2
SIM3
SIM4
1
21
22
SIM5
SIM1
SIM2
SIM3
SIM4
1
21
22
SIM5
SIM1
SIM2
SIM3
SIM4
1
21
22
SIM5
SIM1
SIM2
SIM3
SIM4
1
21
22
SIM5
SIM1
SIM2
SIM3
SIM4
1
21
22
SIM5
SIM1
SIM2
SIM3
SIM4
1
21
22
SIM5
SIM1
SIM2
SIM3
SIM4
1
21
22
SIM5
SIM1
SIM2
SIM3
SIM4
1
21
22
SIM5
SIM1
SIM2
SIM3
SIM4
1
21
22
SIM5
SIM1
SIM2
SIM3
SIM4
1
21
22
SIM5
SIM1
SIM2
SIM3
SIM4
1
21
22
SIM5
SIM1
SIM2
SIM3
SIM4
1
21
22
SIM5
SIM1
SIM2
SIM3
SIM4
1
21
22
SIM5
SIM1
SIM2
SIM3
SIM4
1
21
22
SIM5
SIM1
SIM2
SIM3
SIM4
1
21
22
SIM5
SIM1
SIM2
SIM3
SIM4
1
21
22
SIM5
SIM1
SIM2
SIM3
SIM4
1
21
22
SIM5
SIM1
SIM2
SIM3
SIM4
1
21
22
SIM5
SIM1
SIM2
SIM3
SIM4
1
21
22
SIM5
SIM1
SIM2
SIM3
SIM4
1
21
22
SIM5
SIM1
SIM2
SIM3
SIM4
1
21
22
SIM5
SIM1
SIM2
SIM3
SIM4
1
21
22
SIM5
SIM1
SIM2
SIM3
SIM4
1
21
22
SIM5
SIM1
SIM2
SIM3
SIM4
1
21
22
SIM5
SIM1
SIM2
SIM3
SIM4
1
21
22
SIM5
SIM1
SIM2
SIM3
SIM4
1
21
22
SIM5
SIM1
SIM2
SIM3
SIM4
1
21
22
SIM5
SIM1
SIM2
SIM3
SIM4
1
21
22
SIM5
SIM1
SIM2
SIM3
SIM4
1
21
22
SIM5
SIM1
SIM2
SIM3
SIM4
1
21
22
SIM5
SIM1
SIM2
SIM3
SIM4
1
21
22
SIM5
SIM1
SIM2
SIM3
SIM4
1
21
22
SIM5
SIM1
SIM2
DEBUG 1 653
SIM1
SIM2
SIM3
SIM4
1
21
22
SIM5
SIM1
SIM2
SIM3
SIM4
1
21
22
SIM5
SIM1
SIM2
SIM3
SIM4
1
21
22
SIM5
SIM1
SIM2
SIM3
SIM4
1
21
22
SIM5
SIM1
SIM2
SIM3
SIM4
1
21
22
SIM5
SIM1
SIM2
SIM3
SIM4
1
21
22
SIM5
SIM1
SIM2
SIM3
SIM4
1
21
22
SIM5
SIM1
SIM2
SIM3
SIM4
1
21
22
SIM5
SIM1
SIM2
SIM3
SIM4
1
21
22
SIM5
SIM1
SIM2
SIM3
SIM4
1
21
22
SIM5
SIM1
SIM2
SIM3
SIM4
1
21
22
SIM5
SIM1
SIM2
SIM3
SIM4
1
21
22
SIM5
SIM1
SIM2
SIM3
SIM4
1
21
22
SIM5
SIM1
SIM2
SIM3
SIM4
1
21
22
SIM5
SIM1
SIM2
SIM3
SIM4
1
21
22
SIM5
SIM1
SIM2
SIM3
SIM4
1
21
22
SIM5
SIM1
SIM2
SIM3
SIM4
1
21
22
SIM5
SIM1
SIM2
SIM3
SIM4
1
21
22
SIM5
SIM1
SIM2
SIM3
SIM4
1
21
22
SIM5
SIM1
SIM2
SIM3
SIM4
1
21
22
SIM5
SIM1
SIM2
SIM3
SIM4
1
21
22
SIM5
SIM1
SIM2
SIM3
SIM4
1
21
22
SIM5
SIM1
SIM2
SIM3
SIM4
1
21
22
SIM5
SIM1
SIM2
SIM3
SIM4
1
21
22
SIM5
SIM1
SIM2
SIM3
SIM4
1
21
22
SIM5
SIM1
SIM2
SIM3
SIM4
1
21
22
SIM5
SIM1
SIM2
SIM3
SIM4
1
21
22
SIM5
SIM1
SIM2
SIM3
SIM4
1
21
22
SIM5
SIM1
SIM2
SIM3
SIM4
1
21
22
SIM5
SIM1
SIM2
SIM3
SIM4
1
21
22
SIM5
SIM1
SIM2
SIM3
SIM4
1
21
22
SIM5
SIM1
SIM2
SIM3
SIM4
1
21
22
SIM5
SIM1
SIM2
SIM3
SIM4
1
21
22
SIM5
SIM1
SIM2
SIM3
SIM4
1
21
22
SIM5
SIM1
SIM2
SIM3
SIM4
1
21
22
SIM5
SIM1
SIM2
SIM3
SIM4
1
21
22
SIM5
SIM1
SIM2
SIM3
SIM4
1
21
22
SIM5
SIM1
SIM2
SIM3
SIM4
1
21
22
SIM5
SIM1
SIM2
SIM3
SIM4
1
21
22
SIM5
SIM1
SIM2
SIM3
SIM4
1
21
22
SIM5
SIM1
SIM2
SIM3
SIM4
1
21
22
SIM5
SIM1
SIM2
SIM3
SIM4
1
21
22
SIM5
SIM1
SIM2
SIM3
SIM4
1
21
22
SIM5
SIM1
SIM2
SIM3
SIM4
1
21
22
SIM5
SIM1
SIM2
SIM3
SIM4
1
21
22
SIM5
SIM1
SIM2
SIM3
SIM4
1
21
22
SIM5
SIM1
SIM2
SIM3
SIM4
1
21
22
SIM5
SIM1
SIM2
SIM3
SIM4
1
21
22
SIM5
SIM1
SIM2
SIM3
SIM4
1
21
22
SIM5
SIM1
SIM2
SIM3
SIM4
1
21
22
SIM5
SIM1
SIM2
SIM3
SIM4
1
21
22
SIM5
SIM1
SIM2
SIM3
SIM4
1
21
22
SIM5
SIM1
SIM2
SIM3
SIM4
1
21
22
SIM5
SIM1
SIM2
SIM3
SIM4
1
21
22
SIM5
SIM1
SIM2
SIM3
SIM4
1
21
22
SIM5
SIM1
SIM2
SIM3
SIM4
1
21
22
SIM5
SIM1
SIM2
SIM3
SIM4
1
21
22
SIM5
SIM1
SIM2
SIM3
SIM4
1
21
22
SIM5
SIM1
SIM2
SIM3
SIM4
1
21
22
SIM5
SIM1
SIM2
SIM3
SIM4
1
21
22
SIM5
SIM1
SIM2
SIM3
SIM4
1
21
22
SIM5
SIM1
SIM2
SIM3
SIM4
1
21
22
SIM5
SIM1
SIM2
SIM3
SIM4
1
21
22
SIM5
SIM1
SIM2
SIM3
SIM4
1
21
22
SIM5
SIM1
SIM2
SIM3
SIM4
1
21
22
SIM5
SIM1
SIM2
SIM3
SIM4
1
21
22
SIM5
SIM1
SIM2
SIM3
SIM4
1
21
22
SIM5
SIM1
SIM2
SIM3
SIM4
1
21
22
SIM5
SIM1
SIM2
SIM3
SIM4
1
21
22
SIM5
SIM1
SIM2
SIM3
SIM4
1
21
22
SIM5
SIM1
SIM2
SIM3
SIM4
1
21
22
SIM5
SIM1
SIM2
SIM3
SIM4
1
21
22
SIM5
SIM1
SIM2
SIM3
SIM4
1
21
22
SIM5
SIM1
SIM2
SIM3
SIM4
1
21
22
SIM5
SIM1
SIM2
SIM3
SIM4
1
21
22
SIM5
SIM1
SIM2
SIM3
SIM4
1
21
22
SIM5
SIM1
SIM2
SIM3
SIM4
1
21
22
SIM5
SIM1
SIM2
SIM3
SIM4
1
21
22
SIM5
SIM1
SIM2
SIM3
SIM4
1
21
22
SIM5
SIM1
SIM2
SIM3
SIM4
1
21
22
SIM5
SIM1
SIM2
SIM3
SIM4
1
21
22
SIM5
SIM1
SIM2
SIM3
SIM4
1
21
22
SIM5
SIM1
SIM2
SIM3
SIM4
1
21
22
SIM5
SIM1
SIM2
SIM3
SIM4
1
21
22
SIM5
SIM1
SIM2
SIM3
SIM4
1
21
22
SIM5
SIM1
SIM2
SIM3
SIM4
1
21
22
SIM5
SIM1
SIM2
SIM3
SIM4
1
21
22
SIM5
SIM1
SIM2
SIM3
SIM4
1
21
22
SIM5
SIM1
SIM2
SIM3
SIM4
1
21
22
SIM5
SIM1
SIM2
SIM3
SIM4
1
21
22
SIM5
SIM1
SIM2
SIM3
SIM4
1
21
22
SIM5
SIM1
SIM2
SIM3
SIM4
1
21
22
SIM5
SIM1
SIM2
SIM3
SIM4
1
21
22
SIM5
SIM1
SIM2
SIM3
SIM4
1
21
22
SIM5
SIM1
SIM2
SIM3
SIM4
1
21
22
SIM5
SIM1
SIM2
SIM3
SIM4
1
21
22
SIM5
SIM1
SIM2
SIM3
SIM4
1
21
22
SIM5
SIM1
SIM2
SIM3
SIM4
1
21
22
SIM5
SIM1
SIM2
SIM3
SIM4
1
21
22
SIM5
SIM1
SIM2
SIM3
SIM4
1
21
22
SIM5
SIM1
SIM2
SIM3
SIM4
1
21
22
SIM5
SIM1
SIM2
SIM3
SIM4
1
21
22
SIM5
SIM1
SIM2
SIM3
SIM4
1
21
22
SIM5
SIM1
SIM2
SIM3
SIM4
1
21
22
SIM5
SIM1
SIM2
SIM3
SIM4
1
21
22
SIM5
SIM1
SIM2
SIM3
SIM4
1
21
22
SIM5
SIM1
SIM2
SIM3
SIM4
1
21
22
SIM5
SIM1
SIM2
SIM3
SIM4
1
21
22
SIM5
SIM1
SIM2
SIM3
SIM4
1
21
22
SIM5
SIM1
SIM2
SIM3
SIM4
1
21
22
SIM5
SIM1
SIM2
SIM3
SIM4
1
21
22
SIM5
SIM1
SIM2
SIM3
SIM4
1
21
22
SIM5
SIM1
SIM2
SIM3
SIM4
1
21
22
SIM5
SIM1
SIM2
SIM3
SIM4
1
21
22
SIM5
SIM1
SIM2
SIM3
SIM4
1
21
22
SIM5
SIM1
SIM2
SIM3
SIM4
1
21
22
SIM5
SIM1
SIM2
SIM3
SIM4
1
21
22
SIM5
SIM1
SIM2
SIM3
SIM4
1
21
22
SIM5
SIM1
SIM2
SIM3
SIM4
1
21
22
SIM5
SIM1
SIM2
SIM3
SIM4
1
21
22
SIM5
SIM1
SIM2
SIM3
SIM4
1
21
22
SIM5
SIM1
SIM2
SIM3
SIM4
1
21
22
SIM5
SIM1
SIM2
SIM3
SIM4
1
21
22
SIM5
SIM1
SIM2
SIM3
SIM4
1
21
22
SIM5
SIM1
SIM2
SIM3
SIM4
1
21
22
SIM5
SIM1
SIM2
SIM3
SIM4
1
21
22
SIM5
SIM1
SIM2
SIM3
SIM4
1
21
22
SIM5
SIM1
SIM2
SIM3
SIM4
1
21
22
SIM5
SIM1
SIM2
SIM3
SIM4
1
21
22
SIM5
SIM1
SIM2
SIM3
SIM4
1
21
22
SIM5
SIM1
SIM2
SIM3
SIM4
1
21
22
SIM5
SIM1
SIM2
SIM3
SIM4
1
21
22
SIM5
SIM1
SIM2
SIM3
SIM4
1
21
22
SIM5
SIM1
SIM2
SIM3
SIM4
1
21
22
SIM5
SIM1
SIM2
SIM3
SIM4
1
21
22
SIM5
SIM1
SIM2
SIM3
SIM4
1
21
22
SIM5
SIM1
SIM2
SIM3
SIM4
1
21
22
SIM5
SIM1
SIM2
SIM3
SIM4
1
21
22
SIM5
SIM1
SIM2
SIM3
SIM4
1
21
22
SIM5
SIM1
SIM2
SIM3
SIM4
1
21
22
SIM5
SIM1
SIM2
SIM3
SIM4
1
21
22
SIM5
SIM1
SIM2
SIM3
SIM4
1
21
22
SIM5
SIM1
SIM2
SIM3
SIM4
1
21
22
SIM5
SIM1
SIM2
SIM3
SIM4
1
21
22
SIM5
SIM1
SIM2
SIM3
SIM4
1
21
22
SIM5
SIM1
SIM2
SIM3
SIM4
1
21
22
SIM5
SIM1
SIM2
SIM3
SIM4
1
21
22
SIM5
SIM1
SIM2
SIM3
SIM4
1
21
22
SIM5
SIM1
SIM2
SIM3
SIM4
1
21
22
SIM5
SIM1
SIM2
SIM3
SIM4
1
21
22
SIM5
SIM1
SIM2
SIM3
SIM4
1
21
22
SIM5
SIM1
SIM2
SIM3
SIM4
1
21
22
SIM5
SIM1
SIM2
SIM3
SIM4
1
21
22
SIM5
SIM1
SIM2
SIM3
SIM4
1
21
22
SIM5
SIM1
SIM2
SIM3
SIM4
1
21
22
SIM5
SIM1
SIM2
SIM3
SIM4
1
21
22
SIM5
SIM1
SIM2
SIM3
SIM4
1
21
22
SIM5
SIM1
SIM2
SIM3
SIM4
1
21
22
SIM5
SIM1
SIM2
SIM3
SIM4
1
21
22
SIM5
SIM1
SIM2
SIM3
SIM4
1
21
22
SIM5
SIM1
SIM2
SIM3
SIM4
1
21
22
SIM5
SIM1
SIM2
SIM3
SIM4
1
21
22
SIM5
SIM1
SIM2
SIM3
SIM4
1
21
22
SIM5
SIM1
SIM2
SIM3
SIM4
1
21
22
SIM5
SIM1
SIM2
SIM3
SIM4
1
21
22
SIM5
SIM1
SIM2
SIM3
SIM4
1
21
22
SIM5
SIM1
SIM2
SIM3
SIM4
1
21
22
SIM5
SIM1
SIM2
SIM3
SIM4
1
21
22
SIM5
SIM1
SIM2
SIM3
SIM4
1
21
22
SIM5
SIM1
SIM2
SIM3
SIM4
1
21
22
SIM5
SIM1
SIM2
SIM3
SIM4
1
21
22
SIM5
SIM1
SIM2
SIM3
SIM4
1
21
22
SIM5
SIM1
SIM2
SIM3
SIM4
1
21
22
SIM5
SIM1
SIM2
SIM3
SIM4
1
21
22
SIM5
SIM1
SIM2
SIM3
SIM4
1
21
22
SIM5
SIM1
SIM2
SIM3
SIM4
1
21
22
SIM5
SIM1
SIM2
SIM3
SIM4
1
21
22
SIM5
SIM1
SIM2
DEBUG 1 654
SIM1
SIM2
SIM3
SIM4
1
21
22
SIM5
SIM1
SIM2
SIM3
SIM4
1
21
22
SIM5
SIM1
SIM2
SIM3
SIM4
1
21
22
SIM5
SIM1
SIM2
SIM3
SIM4
1
21
22
SIM5
SIM1
SIM2
SIM3
SIM4
1
21
22
SIM5
SIM1
SIM2
SIM3
SIM4
1
21
22
SIM5
SIM1
SIM2
SIM3
SIM4
1
21
22
SIM5
SIM1
SIM2
SIM3
SIM4
1
21
22
SIM5
SIM1
SIM2
SIM3
SIM4
1
21
22
SIM5
SIM1
SIM2
SIM3
SIM4
1
21
22
SIM5
SIM1
SIM2
SIM3
SIM4
1
21
22
SIM5
SIM1
SIM2
SIM3
SIM4
1
21
22
SIM5
SIM1
SIM2
SIM3
SIM4
1
21
22
SIM5
SIM1
SIM2
SIM3
SIM4
1
21
22
SIM5
SIM1
SIM2
SIM3
SIM4
1
21
22
SIM5
SIM1
SIM2
SIM3
SIM4
1
21
22
SIM5
SIM1
SIM2
SIM3
SIM4
1
21
22
SIM5
SIM1
SIM2
SIM3
SIM4
1
21
22
SIM5
SIM1
SIM2
SIM3
SIM4
1
21
22
SIM5
SIM1
SIM2
SIM3
SIM4
1
21
22
SIM5
SIM1
SIM2
SIM3
SIM4
1
21
22
SIM5
SIM1
SIM2
SIM3
SIM4
1
21
22
SIM5
SIM1
SIM2
SIM3
SIM4
1
21
22
SIM5
SIM1
SIM2
SIM3
SIM4
1
21
22
SIM5
SIM1
SIM2
SIM3
SIM4
1
21
22
SIM5
SIM1
SIM2
SIM3
SIM4
1
21
22
SIM5
SIM1
SIM2
SIM3
SIM4
1
21
22
SIM5
SIM1
SIM2
SIM3
SIM4
1
21
22
SIM5
SIM1
SIM2
SIM3
SIM4
1
21
22
SIM5
SIM1
SIM2
SIM3
SIM4
1
21
22
SIM5
SIM1
SIM2
SIM3
SIM4
1
21
22
SIM5
SIM1
SIM2
SIM3
SIM4
1
21
22
SIM5
SIM1
SIM2
SIM3
SIM4
1
21
22
SIM5
SIM1
SIM2
SIM3
SIM4
1
21
22
SIM5
SIM1
SIM2
SIM3
SIM4
1
21
22
SIM5
SIM1
SIM2
SIM3
SIM4
1
21
22
SIM5
SIM1
SIM2
SIM3
SIM4
1
21
22
SIM5
SIM1
SIM2
SIM3
SIM4
1
21
22
SIM5
SIM1
SIM2
SIM3
SIM4
1
21
22
SIM5
SIM1
SIM2
SIM3
SIM4
1
21
22
SIM5
SIM1
SIM2
SIM3
SIM4
1
21
22
SIM5
SIM1
SIM2
SIM3
SIM4
1
21
22
SIM5
SIM1
SIM2
SIM3
SIM4
1
21
22
SIM5
SIM1
SIM2
SIM3
SIM4
1
21
22
SIM5
SIM1
SIM2
SIM3
SIM4
1
21
22
SIM5
SIM1
SIM2
SIM3
SIM4
1
21
22
SIM5
SIM1
SIM2
SIM3
SIM4
1
21
22
SIM5
SIM1
SIM2
SIM3
SIM4
1
21
22
SIM5
SIM1
SIM2
SIM3
SIM4
1
21
22
SIM5
SIM1
SIM2
SIM3
SIM4
1
21
22
SIM5
SIM1
SIM2
SIM3
SIM4
1
21
22
SIM5
SIM1
SIM2
SIM3
SIM4
1
21
22
SIM5
SIM1
SIM2
SIM3
SIM4
1
21
22
SIM5
SIM1
SIM2
SIM3
SIM4
1
21
22
SIM5
SIM1
SIM2
SIM3
SIM4
1
21
22
SIM5
SIM1
SIM2
SIM3
SIM4
1
21
22
SIM5
SIM1
SIM2
SIM3
SIM4
1
21
22
SIM5
SIM1
SIM2
SIM3
SIM4
1
21
22
SIM5
SIM1
SIM2
SIM3
SIM4
1
21
22
SIM5
SIM1
SIM2
SIM3
SIM4
1
21
22
SIM5
SIM1
SIM2
SIM3
SIM4
1
21
22
SIM5
SIM1
SIM2
SIM3
SIM4
1
21
22
SIM5
SIM1
SIM2
SIM3
SIM4
1
21
22
SIM5
SIM1
SIM2
SIM3
SIM4
1
21
22
SIM5
SIM1
SIM2
SIM3
SIM4
1
21
22
SIM5
SIM1
SIM2
SIM3
SIM4
1
21
22
SIM5
SIM1
SIM2
SIM3
SIM4
1
21
22
SIM5
SIM1
SIM2
SIM3
SIM4
1
21
22
SIM5
SIM1
SIM2
SIM3
SIM4
1
21
22
SIM5
SIM1
SIM2
SIM3
SIM4
1
21
22
SIM5
SIM1
SIM2
SIM3
SIM4
1
21
22
SIM5
SIM1
SIM2
SIM3
SIM4
1
21
22
SIM5
SIM1
SIM2
SIM3
SIM4
1
21
22
SIM5
SIM1
SIM2
SIM3
SIM4
1
21
22
SIM5
SIM1
SIM2
SIM3
SIM4
1
21
22
SIM5
SIM1
SIM2
SIM3
SIM4
1
21
22
SIM5
SIM1
SIM2
SIM3
SIM4
1
21
22
SIM5
SIM1
SIM2
SIM3
SIM4
1
21
22
SIM5
SIM1
SIM2
SIM3
SIM4
1
21
22
SIM5
SIM1
SIM2
SIM3
SIM4
1
21
22
SIM5
SIM1
SIM2
SIM3
SIM4
1
21
22
SIM5
SIM1
SIM2
SIM3
SIM4
1
21
22
SIM5
SIM1
SIM2
SIM3
SIM4
1
21
22
SIM5
SIM1
SIM2
SIM3
SIM4
1
21
22
SIM5
SIM1
SIM2
SIM3
SIM4
1
21
22
SIM5
SIM1
SIM2
SIM3
SIM4
1
21
22
SIM5
SIM1
SIM2
SIM3
SIM4
1
21
22
SIM5
SIM1
SIM2
SIM3
SIM4
1
21
22
SIM5
SIM1
SIM2
SIM3
SIM4
1
21
22
SIM5
SIM1
SIM2
SIM3
SIM4
1
21
22
SIM5
SIM1
SIM2
SIM3
SIM4
1
21
22
SIM5
SIM1
SIM2
SIM3
SIM4
1
21
22
SIM5
SIM1
SIM2
SIM3
SIM4
1
21
22
SIM5
SIM1
SIM2
SIM3
SIM4
1
21
22
SIM5
SIM1
SIM2
SIM3
SIM4
1
21
22
SIM5
SIM1
SIM2
SIM3
SIM4
1
21
22
SIM5
SIM1
SIM2
SIM3
SIM4
1
21
22
SIM5
SIM1
SIM2
DEBUG 1 655
SIM1
SIM2
SIM3
SIM4
1
21
22
SIM5
SIM1
SIM2
SIM3
SIM4
1
21
22
SIM5
SIM1
SIM2
SIM3
SIM4
1
21
22
SIM5
SIM1
SIM2
SIM3
SIM4
1
21
22
SIM5
SIM1
SIM2
SIM3
SIM4
1
21
22
SIM5
SIM1
SIM2
SIM3
SIM4
1
21
22
SIM5
SIM1
SIM2
SIM3
SIM4
1
21
22
SIM5
SIM1
SIM2
SIM3
SIM4
1
21
22
SIM5
SIM1
SIM2
SIM3
SIM4
1
21
22
SIM5
SIM1
SIM2
SIM3
SIM4
1
21
22
SIM5
SIM1
SIM2
SIM3
SIM4
1
21
22
SIM5
SIM1
SIM2
SIM3
SIM4
1
21
22
SIM5
SIM1
SIM2
SIM3
SIM4
1
21
22
SIM5
SIM1
SIM2
SIM3
SIM4
1
21
22
SIM5
SIM1
SIM2
SIM3
SIM4
1
21
22
SIM5
SIM1
SIM2
SIM3
SIM4
1
21
22
SIM5
SIM1
SIM2
SIM3
SIM4
1
21
22
SIM5
SIM1
SIM2
SIM3
SIM4
1
21
22
SIM5
SIM1
SIM2
SIM3
SIM4
1
21
22
SIM5
SIM1
SIM2
SIM3
SIM4
1
21
22
SIM5
SIM1
SIM2
SIM3
SIM4
1
21
22
SIM5
SIM1
SIM2
SIM3
SIM4
1
21
22
SIM5
SIM1
SIM2
SIM3
SIM4
1
21
22
SIM5
SIM1
SIM2
SIM3
SIM4
1
21
22
SIM5
SIM1
SIM2
SIM3
SIM4
1
21
22
SIM5
SIM1
SIM2
SIM3
SIM4
1
21
22
SIM5
SIM1
SIM2
SIM3
SIM4
1
21
22
SIM5
SIM1
SIM2
SIM3
SIM4
1
21
22
SIM5
SIM1
SIM2
SIM3
SIM4
1
21
22
SIM5
SIM1
SIM2
SIM3
SIM4
1
21
22
SIM5
SIM1
SIM2
SIM3
SIM4
1
21
22
SIM5
SIM1
SIM2
SIM3
SIM4
1
21
22
SIM5
SIM1
SIM2
SIM3
SIM4
1
21
22
SIM5
SIM1
SIM2
SIM3
SIM4
1
21
22
SIM5
SIM1
SIM2
SIM3
SIM4
1
21
22
SIM5
SIM1
SIM2
SIM3
SIM4
1
21
22
SIM5
SIM1
SIM2
SIM3
SIM4
1
21
22
SIM5
SIM1
SIM2
SIM3
SIM4
1
21
22
SIM5
SIM1
SIM2
SIM3
SIM4
1
21
22
SIM5
SIM1
SIM2
SIM3
SIM4
1
21
22
SIM5
SIM1
SIM2
SIM3
SIM4
1
21
22
SIM5
SIM1
SIM2
SIM3
SIM4
1
21
22
SIM5
SIM1
SIM2
SIM3
SIM4
1
21
22
SIM5
SIM1
SIM2
SIM3
SIM4
1
21
22
SIM5
SIM1
SIM2
SIM3
SIM4
1
21
22
SIM5
SIM1
SIM2
SIM3
SIM4
1
21
22
SIM5
SIM1
SIM2
SIM3
SIM4
1
21
22
SIM5
SIM1
SIM2
SIM3
SIM4
1
21
22
SIM5
SIM1
SIM2
SIM3
SIM4
1
21
22
SIM5
SIM1
SIM2
SIM3
SIM4
1
21
22
SIM5
SIM1
SIM2
SIM3
SIM4
1
21
22
SIM5
SIM1
SIM2
SIM3
SIM4
1
21
22
SIM5
SIM1
SIM2
SIM3
SIM4
1
21
22
SIM5
SIM1
SIM2
SIM3
SIM4
1
21
22
SIM5
SIM1
SIM2
SIM3
SIM4
1
21
22
SIM5
SIM1
SIM2
SIM3
SIM4
1
21
22
SIM5
SIM1
SIM2
SIM3
SIM4
1
21
22
SIM5
SIM1
SIM2
SIM3
SIM4
1
21
22
SIM5
SIM1
SIM2
SIM3
SIM4
1
21
22
SIM5
SIM1
SIM2
SIM3
SIM4
1
21
22
SIM5
SIM1
SIM2
SIM3
SIM4
1
21
22
SIM5
SIM1
SIM2
SIM3
SIM4
1
21
22
SIM5
SIM1
SIM2
SIM3
SIM4
1
21
22
SIM5
SIM1
SIM2
SIM3
SIM4
1
21
22
SIM5
SIM1
SIM2
SIM3
SIM4
1
21
22
SIM5
SIM1
SIM2
SIM3
SIM4
1
21
22
SIM5
SIM1
SIM2
SIM3
SIM4
1
21
22
SIM5
SIM1
SIM2
SIM3
SIM4
1
21
22
SIM5
SIM1
SIM2
SIM3
SIM4
1
21
22
SIM5
SIM1
SIM2
SIM3
SIM4
1
21
22
SIM5
SIM1
SIM2
SIM3
SIM4
1
21
22
SIM5
SIM1
SIM2
SIM3
SIM4
1
21
22
SIM5
SIM1
SIM2
SIM3
SIM4
1
21
22
SIM5
SIM1
SIM2
SIM3
SIM4
1
21
22
SIM5
SIM1
SIM2
SIM3
SIM4
1
21
22
SIM5
SIM1
SIM2
SIM3
SIM4
1
21
22
SIM5
SIM1
SIM2
SIM3
SIM4
1
21
22
SIM5
SIM1
SIM2
SIM3
SIM4
1
21
22
SIM5
SIM1
SIM2
SIM3
SIM4
1
21
22
SIM5
SIM1
SIM2
SIM3
SIM4
1
21
22
SIM5
SIM1
SIM2
SIM3
SIM4
1
21
22
SIM5
SIM1
SIM2
SIM3
SIM4
1
21
22
SIM5
SIM1
SIM2
SIM3
SIM4
1
21
22
SIM5
SIM1
SIM2
SIM3
SIM4
1
21
22
SIM5
SIM1
SIM2
SIM3
SIM4
1
21
22
SIM5
SIM1
SIM2
SIM3
SIM4
1
21
22
SIM5
SIM1
SIM2
SIM3
SIM4
1
21
22
SIM5
SIM1
SIM2
SIM3
SIM4
1
21
22
SIM5
SIM1
SIM2
SIM3
SIM4
1
21
22
SIM5
SIM1
SIM2
SIM3
SIM4
1
21
22
SIM5
SIM1
SIM2
SIM3
SIM4
1
21
22
SIM5
SIM1
SIM2
SIM3
SIM4
1
21
22
SIM5
SIM1
SIM2
SIM3
SIM4
1
21
22
SIM5
SIM1
SIM2
SIM3
SIM4
1
21
22
SIM5
SIM1
SIM2
SIM3
SIM4
1
21
22
SIM5
SIM1
SIM2
SIM3
SIM4
1
21
22
SIM5
SIM1
SIM2
SIM3
SIM4
1
21
22
SIM5
SIM1
SIM2
SIM3
SIM4
1
21
22
SIM5
SIM1
SIM2
SIM3
SIM4
1
21
22
SIM5
SIM1
SIM2
SIM3
SIM4
1
21
22
SIM5
SIM1
SIM2
SIM3
SIM4
1
21
22
SIM5
SIM1
SIM2
SIM3
SIM4
1
21
22
SIM5
SIM1
SIM2
SIM3
SIM4
1
21
22
SIM5
SIM1
SIM2
SIM3
SIM4
1
21
22
SIM5
SIM1
SIM2
SIM3
SIM4
1
21
22
SIM5
SIM1
SIM2
SIM3
SIM4
1
21
22
SIM5
SIM1
SIM2
SIM3
SIM4
1
21
22
SIM5
SIM1
SIM2
SIM3
SIM4
1
21
22
SIM5
SIM1
SIM2
SIM3
SIM4
1
21
22
SIM5
SIM1
SIM2
SIM3
SIM4
1
21
22
SIM5
SIM1
SIM2
SIM3
SIM4
1
21
22
SIM5
SIM1
SIM2
SIM3
SIM4
1
21
22
SIM5
SIM1
SIM2
SIM3
SIM4
1
21
22
SIM5
SIM1
SIM2
SIM3
SIM4
1
21
22
SIM5
SIM1
SIM2
SIM3
SIM4
1
21
22
SIM5
SIM1
SIM2
SIM3
SIM4
1
21
22
SIM5
SIM1
SIM2
SIM3
SIM4
1
21
22
SIM5
SIM1
SIM2
SIM3
SIM4
1
21
22
SIM5
SIM1
SIM2
SIM3
SIM4
1
21
22
SIM5
SIM1
SIM2
SIM3
SIM4
1
21
22
SIM5
SIM1
SIM2
SIM3
SIM4
1
21
22
SIM5
SIM1
SIM2
SIM3
SIM4
1
21
22
SIM5
SIM1
SIM2
SIM3
SIM4
1
21
22
SIM5
SIM1
SIM2
SIM3
SIM4
1
21
22
SIM5
SIM1
SIM2
SIM3
SIM4
1
21
22
SIM5
SIM1
SIM2
SIM3
SIM4
1
21
22
SIM5
SIM1
SIM2
SIM3
SIM4
1
21
22
SIM5
SIM1
SIM2
SIM3
SIM4
1
21
22
SIM5
SIM1
SIM2
SIM3
SIM4
1
21
22
SIM5
SIM1
SIM2
SIM3
SIM4
1
21
22
SIM5
SIM1
SIM2
SIM3
SIM4
1
21
22
SIM5
SIM1
SIM2
SIM3
SIM4
1
21
22
SIM5
SIM1
SIM2
SIM3
SIM4
1
21
22
SIM5
SIM1
SIM2
SIM3
SIM4
1
21
22
SIM5
SIM1
SIM2
SIM3
SIM4
1
21
22
SIM5
SIM1
SIM2
SIM3
SIM4
1
21
22
SIM5
SIM1
SIM2
SIM3
SIM4
1
21
22
SIM5
SIM1
SIM2
SIM3
SIM4
1
21
22
SIM5
SIM1
SIM2
SIM3
SIM4
1
21
22
SIM5
SIM1
SIM2
SIM3
SIM4
1
21
22
SIM5
SIM1
SIM2
SIM3
SIM4
1
21
22
SIM5
SIM1
SIM2
SIM3
SIM4
1
21
22
SIM5
SIM1
SIM2
SIM3
SIM4
1
21
22
SIM5
SIM1
SIM2
SIM3
SIM4
1
21
22
SIM5
SIM1
SIM2
SIM3
SIM4
1
21
22
SIM5
SIM1
SIM2
SIM3
SIM4
1
21
22
SIM5
SIM1
SIM2
SIM3
SIM4
1
21
22
SIM5
SIM1
SIM2
SIM3
SIM4
1
21
22
SIM5
SIM1
SIM2
SIM3
SIM4
1
21
22
SIM5
SIM1
SIM2
SIM3
SIM4
1
21
22
SIM5
SIM1
SIM2
SIM3
SIM4
1
21
22
SIM5
SIM1
SIM2
SIM3
SIM4
1
21
22
SIM5
SIM1
SIM2
SIM3
SIM4
1
21
22
SIM5
SIM1
SIM2
SIM3
SIM4
1
21
22
SIM5
SIM1
SIM2
SIM3
SIM4
1
21
22
SIM5
SIM1
SIM2
SIM3
SIM4
1
21
22
SIM5
SIM1
SIM2
SIM3
SIM4
1
21
22
SIM5
SIM1
SIM2
SIM3
SIM4
1
21
22
SIM5
SIM1
SIM2
SIM3
SIM4
1
21
22
SIM5
SIM1
SIM2
SIM3
SIM4
1
21
22
SIM5
SIM1
SIM2
SIM3
SIM4
1
21
22
SIM5
SIM1
SIM2
SIM3
SIM4
1
21
22
SIM5
SIM1
SIM2
SIM3
SIM4
1
21
22
SIM5
SIM1
SIM2
SIM3
SIM4
1
21
22
SIM5
SIM1
SIM2
SIM3
SIM4
1
21
22
SIM5
SIM1
SIM2
SIM3
SIM4
1
21
22
SIM5
SIM1
SIM2
SIM3
SIM4
1
21
22
SIM5
SIM1
SIM2
SIM3
SIM4
1
21
22
SIM5
SIM1
SIM2
SIM3
SIM4
1
21
22
SIM5
SIM1
SIM2
SIM3
SIM4
1
21
22
SIM5
SIM1
SIM2
SIM3
SIM4
1
21
22
SIM5
SIM1
SIM2
SIM3
SIM4
1
21
22
SIM5
SIM1
SIM2
SIM3
SIM4
1
21
22
SIM5
SIM1
SIM2
SIM3
SIM4
1
21
22
SIM5
SIM1
SIM2
SIM3
SIM4
1
21
22
SIM5
SIM1
SIM2
SIM3
SIM4
1
21
22
SIM5
SIM1
SIM2
SIM3
SIM4
1
21
22
SIM5
SIM1
SIM2
SIM3
SIM4
1
21
22
SIM5
SIM1
SIM2
SIM3
SIM4
1
21
22
SIM5
SIM1
SIM2
SIM3
SIM4
1
21
22
SIM5
SIM1
SIM2
SIM3
SIM4
1
21
22
SIM5
SIM1
SIM2
SIM3
SIM4
1
21
22
SIM5
SIM1
SIM2
SIM3
SIM4
1
21
22
SIM5
SIM1
SIM2
SIM3
SIM4
1
21
22
SIM5
SIM1
SIM2
SIM3
SIM4
1
21
22
SIM5
SIM1
SIM2
SIM3
SIM4
1
21
22
SIM5
SIM1
SIM2
DEBUG 1 656
SIM1
SIM2
SIM3
SIM4
1
21
22
SIM5
SIM1
SIM2
SIM3
SIM4
1
21
22
SIM5
SIM1
SIM2
SIM3
SIM4
1
21
22
SIM5
SIM1
SIM2
SIM3
SIM4
1
21
22
SIM5
SIM1
SIM2
SIM3
SIM4
1
21
22
SIM5
SIM1
SIM2
SIM3
SIM4
1
21
22
SIM5
SIM1
SIM2
SIM3
SIM4
1
21
22
SIM5
SIM1
SIM2
SIM3
SIM4
1
21
22
SIM5
SIM1
SIM2
SIM3
SIM4
1
21
22
SIM5
SIM1
SIM2
SIM3
SIM4
1
21
22
SIM5
SIM1
SIM2
SIM3
SIM4
1
21
22
SIM5
SIM1
SIM2
SIM3
SIM4
1
21
22
SIM5
SIM1
SIM2
SIM3
SIM4
1
21
22
SIM5
SIM1
SIM2
SIM3
SIM4
1
21
22
SIM5
SIM1
SIM2
SIM3
SIM4
1
21
22
SIM5
SIM1
SIM2
SIM3
SIM4
1
21
22
SIM5
SIM1
SIM2
SIM3
SIM4
1
21
22
SIM5
SIM1
SIM2
SIM3
SIM4
1
21
22
SIM5
SIM1
SIM2
SIM3
SIM4
1
21
22
SIM5
SIM1
SIM2
SIM3
SIM4
1
21
22
SIM5
SIM1
SIM2
SIM3
SIM4
1
21
22
SIM5
SIM1
SIM2
SIM3
SIM4
1
21
22
SIM5
SIM1
SIM2
SIM3
SIM4
1
21
22
SIM5
SIM1
SIM2
SIM3
SIM4
1
21
22
SIM5
SIM1
SIM2
SIM3
SIM4
1
21
22
SIM5
SIM1
SIM2
SIM3
SIM4
1
21
22
SIM5
SIM1
SIM2
SIM3
SIM4
1
21
22
SIM5
SIM1
SIM2
SIM3
SIM4
1
21
22
SIM5
SIM1
SIM2
SIM3
SIM4
1
21
22
SIM5
SIM1
SIM2
SIM3
SIM4
1
21
22
SIM5
SIM1
SIM2
SIM3
SIM4
1
21
22
SIM5
SIM1
SIM2
SIM3
SIM4
1
21
22
SIM5
SIM1
SIM2
SIM3
SIM4
1
21
22
SIM5
SIM1
SIM2
SIM3
SIM4
1
21
22
SIM5
SIM1
SIM2
SIM3
SIM4
1
21
22
SIM5
SIM1
SIM2
SIM3
SIM4
1
21
22
SIM5
SIM1
SIM2
SIM3
SIM4
1
21
22
SIM5
SIM1
SIM2
SIM3
SIM4
1
21
22
SIM5
SIM1
SIM2
SIM3
SIM4
1
21
22
SIM5
SIM1
SIM2
SIM3
SIM4
1
21
22
SIM5
SIM1
SIM2
SIM3
SIM4
1
21
22
SIM5
SIM1
SIM2
SIM3
SIM4
1
21
22
SIM5
SIM1
SIM2
SIM3
SIM4
1
21
22
SIM5
SIM1
SIM2
SIM3
SIM4
1
21
22
SIM5
SIM1
SIM2
SIM3
SIM4
1
21
22
SIM5
SIM1
SIM2
SIM3
SIM4
1
21
22
SIM5
SIM1
SIM2
SIM3
SIM4
1
21
22
SIM5
SIM1
SIM2
SIM3
SIM4
1
21
22
SIM5
SIM1
SIM2
SIM3
SIM4
1
21
22
SIM5
SIM1
SIM2
SIM3
SIM4
1
21
22
SIM5
SIM1
SIM2
SIM3
SIM4
1
21
22
SIM5
SIM1
SIM2
SIM3
SIM4
1
21
22
SIM5
SIM1
SIM2
SIM3
SIM4
1
21
22
SIM5
SIM1
SIM2
SIM3
SIM4
1
21
22
SIM5
SIM1
SIM2
SIM3
SIM4
1
21
22
SIM5
SIM1
SIM2
SIM3
SIM4
1
21
22
SIM5
SIM1
SIM2
SIM3
SIM4
1
21
22
SIM5
SIM1
SIM2
SIM3
SIM4
1
21
22
SIM5
SIM1
SIM2
SIM3
SIM4
1
21
22
SIM5
SIM1
SIM2
SIM3
SIM4
1
21
22
SIM5
SIM1
SIM2
SIM3
SIM4
1
21
22
SIM5
SIM1
SIM2
SIM3
SIM4
1
21
22
SIM5
SIM1
SIM2
SIM3
SIM4
1
21
22
SIM5
SIM1
SIM2
SIM3
SIM4
1
21
22
SIM5
SIM1
SIM2
SIM3
SIM4
1
21
22
SIM5
SIM1
SIM2
SIM3
SIM4
1
21
22
SIM5
SIM1
SIM2
SIM3
SIM4
1
21
22
SIM5
SIM1
SIM2
SIM3
SIM4
1
21
22
SIM5
SIM1
SIM2
SIM3
SIM4
1
21
22
SIM5
SIM1
SIM2
SIM3
SIM4
1
21
22
SIM5
SIM1
SIM2
SIM3
SIM4
1
21
22
SIM5
SIM1
SIM2
SIM3
SIM4
1
21
22
SIM5
SIM1
SIM2
SIM3
SIM4
1
21
22
SIM5
SIM1
SIM2
SIM3
SIM4
1
21
22
SIM5
SIM1
SIM2
SIM3
SIM4
1
21
22
SIM5
SIM1
SIM2
SIM3
SIM4
1
21
22
SIM5
SIM1
SIM2
SIM3
SIM4
1
21
22
SIM5
SIM1
SIM2
SIM3
SIM4
1
21
22
SIM5
SIM1
SIM2
SIM3
SIM4
1
21
22
SIM5
SIM1
SIM2
SIM3
SIM4
1
21
22
SIM5
SIM1
SIM2
SIM3
SIM4
1
21
22
SIM5
SIM1
SIM2
SIM3
SIM4
1
21
22
SIM5
SIM1
SIM2
SIM3
SIM4
1
21
22
SIM5
SIM1
SIM2
SIM3
SIM4
1
21
22
SIM5
SIM1
SIM2
SIM3
SIM4
1
21
22
SIM5
SIM1
SIM2
SIM3
SIM4
1
21
22
SIM5
SIM1
SIM2
SIM3
SIM4
1
21
22
SIM5
SIM1
SIM2
SIM3
SIM4
1
21
22
SIM5
SIM1
SIM2
SIM3
SIM4
1
21
22
SIM5
SIM1
SIM2
SIM3
SIM4
1
21
22
SIM5
SIM1
SIM2
SIM3
SIM4
1
21
22
SIM5
SIM1
SIM2
SIM3
SIM4
1
21
22
SIM5
SIM1
SIM2
SIM3
SIM4
1
21
22
SIM5
SIM1
SIM2
SIM3
SIM4
1
21
22
SIM5
SIM1
SIM2
SIM3
SIM4
1
21
22
SIM5
SIM1
SIM2
SIM3
SIM4
1
21
22
SIM5
SIM1
SIM2
SIM3
SIM4
1
21
22
SIM5
SIM1
SIM2
SIM3
SIM4
1
21
22
SIM5
SIM1
SIM2
SIM3
SIM4
1
21
22
SIM5
SIM1
SIM2
SIM3
SIM4
1
21
22
SIM5
SIM1
SIM2
SIM3
SIM4
1
21
22
SIM5
SIM1
SIM2
SIM3
SIM4
1
21
22
SIM5
SIM1
SIM2
SIM3
SIM4
1
21
22
SIM5
SIM1
SIM2
SIM3
SIM4
1
21
22
SIM5
SIM1
SIM2
SIM3
SIM4
1
21
22
SIM5
SIM1
SIM2
SIM3
SIM4
1
21
22
SIM5
SIM1
SIM2
SIM3
SIM4
1
21
22
SIM5
SIM1
SIM2
SIM3
SIM4
1
21
22
SIM5
SIM1
SIM2
SIM3
SIM4
1
21
22
SIM5
SIM1
SIM2
SIM3
SIM4
1
21
22
SIM5
SIM1
SIM2
SIM3
SIM4
1
21
22
SIM5
SIM1
SIM2
SIM3
SIM4
1
21
22
SIM5
SIM1
SIM2
SIM3
SIM4
1
21
22
SIM5
SIM1
SIM2
SIM3
SIM4
1
21
22
SIM5
SIM1
SIM2
SIM3
SIM4
1
21
22
SIM5
SIM1
SIM2
SIM3
SIM4
1
21
22
SIM5
SIM1
SIM2
SIM3
SIM4
1
21
22
SIM5
SIM1
SIM2
SIM3
SIM4
1
21
22
SIM5
SIM1
SIM2
SIM3
SIM4
1
21
22
SIM5
SIM1
SIM2
SIM3
SIM4
1
21
22
SIM5
SIM1
SIM2
SIM3
SIM4
1
21
22
SIM5
SIM1
SIM2
SIM3
SIM4
1
21
22
SIM5
SIM1
SIM2
SIM3
SIM4
1
21
22
SIM5
SIM1
SIM2
SIM3
SIM4
1
21
22
SIM5
SIM1
SIM2
SIM3
SIM4
1
21
22
SIM5
SIM1
SIM2
SIM3
SIM4
1
21
22
SIM5
SIM1
SIM2
SIM3
SIM4
1
21
22
SIM5
SIM1
SIM2
SIM3
SIM4
1
21
22
SIM5
SIM1
SIM2
SIM3
SIM4
1
21
22
SIM5
SIM1
SIM2
SIM3
SIM4
1
21
22
SIM5
SIM1
SIM2
SIM3
SIM4
1
21
22
SIM5
SIM1
SIM2
SIM3
SIM4
1
21
22
SIM5
SIM1
SIM2
SIM3
SIM4
1
21
22
SIM5
SIM1
SIM2
SIM3
SIM4
1
21
22
SIM5
SIM1
SIM2
SIM3
SIM4
1
21
22
SIM5
SIM1
SIM2
SIM3
SIM4
1
21
22
SIM5
SIM1
SIM2
SIM3
SIM4
1
21
22
SIM5
SIM1
SIM2
SIM3
SIM4
1
21
22
SIM5
SIM1
SIM2
SIM3
SIM4
1
21
22
SIM5
SIM1
SIM2
SIM3
SIM4
1
21
22
SIM5
SIM1
SIM2
SIM3
SIM4
1
21
22
SIM5
SIM1
SIM2
SIM3
SIM4
1
21
22
SIM5
SIM1
SIM2
SIM3
SIM4
1
21
22
SIM5
SIM1
SIM2
SIM3
SIM4
1
21
22
SIM5
SIM1
SIM2
SIM3
SIM4
1
21
22
SIM5
SIM1
SIM2
SIM3
SIM4
1
21
22
SIM5
SIM1
SIM2
SIM3
SIM4
1
21
22
SIM5
SIM1
SIM2
SIM3
SIM4
1
21
22
SIM5
SIM1
SIM2
SIM3
SIM4
1
21
22
SIM5
SIM1
SIM2
SIM3
SIM4
1
21
22
SIM5
SIM1
SIM2
SIM3
SIM4
1
21
22
SIM5
SIM1
SIM2
SIM3
SIM4
1
21
22
SIM5
SIM1
SIM2
SIM3
SIM4
1
21
22
SIM5
SIM1
SIM2
SIM3
SIM4
1
21
22
SIM5
SIM1
SIM2
SIM3
SIM4
1
21
22
SIM5
SIM1
SIM2
DEBUG 1 657
SIM1
SIM2
SIM3
SIM4
1
21
22
SIM5
SIM1
SIM2
SIM3
SIM4
1
21
22
SIM5
SIM1
SIM2
SIM3
SIM4
1
21
22
SIM5
SIM1
SIM2
SIM3
SIM4
1
21
22
SIM5
SIM1
SIM2
SIM3
SIM4
1
21
22
SIM5
SIM1
SIM2
SIM3
SIM4
1
21
22
SIM5
SIM1
SIM2
SIM3
SIM4
1
21
22
SIM5
SIM1
SIM2
SIM3
SIM4
1
21
22
SIM5
SIM1
SIM2
SIM3
SIM4
1
21
22
SIM5
SIM1
SIM2
SIM3
SIM4
1
21
22
SIM5
SIM1
SIM2
SIM3
SIM4
1
21
22
SIM5
SIM1
SIM2
SIM3
SIM4
1
21
22
SIM5
SIM1
SIM2
SIM3
SIM4
1
21
22
SIM5
SIM1
SIM2
SIM3
SIM4
1
21
22
SIM5
SIM1
SIM2
SIM3
SIM4
1
21
22
SIM5
SIM1
SIM2
SIM3
SIM4
1
21
22
SIM5
SIM1
SIM2
SIM3
SIM4
1
21
22
SIM5
SIM1
SIM2
SIM3
SIM4
1
21
22
SIM5
SIM1
SIM2
SIM3
SIM4
1
21
22
SIM5
SIM1
SIM2
SIM3
SIM4
1
21
22
SIM5
SIM1
SIM2
SIM3
SIM4
1
21
22
SIM5
SIM1
SIM2
SIM3
SIM4
1
21
22
SIM5
SIM1
SIM2
SIM3
SIM4
1
21
22
SIM5
SIM1
SIM2
SIM3
SIM4
1
21
22
SIM5
SIM1
SIM2
SIM3
SIM4
1
21
22
SIM5
SIM1
SIM2
SIM3
SIM4
1
21
22
SIM5
SIM1
SIM2
SIM3
SIM4
1
21
22
SIM5
SIM1
SIM2
SIM3
SIM4
1
21
22
SIM5
SIM1
SIM2
SIM3
SIM4
1
21
22
SIM5
SIM1
SIM2
SIM3
SIM4
1
21
22
SIM5
SIM1
SIM2
SIM3
SIM4
1
21
22
SIM5
SIM1
SIM2
SIM3
SIM4
1
21
22
SIM5
SIM1
SIM2
SIM3
SIM4
1
21
22
SIM5
SIM1
SIM2
SIM3
SIM4
1
21
22
SIM5
SIM1
SIM2
SIM3
SIM4
1
21
22
SIM5
SIM1
SIM2
SIM3
SIM4
1
21
22
SIM5
SIM1
SIM2
SIM3
SIM4
1
21
22
SIM5
SIM1
SIM2
SIM3
SIM4
1
21
22
SIM5
SIM1
SIM2
SIM3
SIM4
1
21
22
SIM5
SIM1
SIM2
SIM3
SIM4
1
21
22
SIM5
SIM1
SIM2
SIM3
SIM4
1
21
22
SIM5
SIM1
SIM2
SIM3
SIM4
1
21
22
SIM5
SIM1
SIM2
SIM3
SIM4
1
21
22
SIM5
SIM1
SIM2
SIM3
SIM4
1
21
22
SIM5
SIM1
SIM2
SIM3
SIM4
1
21
22
SIM5
SIM1
SIM2
SIM3
SIM4
1
21
22
SIM5
SIM1
SIM2
SIM3
SIM4
1
21
22
SIM5
SIM1
SIM2
SIM3
SIM4
1
21
22
SIM5
SIM1
SIM2
SIM3
SIM4
1
21
22
SIM5
SIM1
SIM2
SIM3
SIM4
1
21
22
SIM5
SIM1
SIM2
SIM3
SIM4
1
21
22
SIM5
SIM1
SIM2
SIM3
SIM4
1
21
22
SIM5
SIM1
SIM2
SIM3
SIM4
1
21
22
SIM5
SIM1
SIM2
SIM3
SIM4
1
21
22
SIM5
SIM1
SIM2
SIM3
SIM4
1
21
22
SIM5
SIM1
SIM2
SIM3
SIM4
1
21
22
SIM5
SIM1
SIM2
SIM3
SIM4
1
21
22
SIM5
SIM1
SIM2
SIM3
SIM4
1
21
22
SIM5
SIM1
SIM2
SIM3
SIM4
1
21
22
SIM5
SIM1
SIM2
SIM3
SIM4
1
21
22
SIM5
SIM1
SIM2
SIM3
SIM4
1
21
22
SIM5
SIM1
SIM2
SIM3
SIM4
1
21
22
SIM5
SIM1
SIM2
SIM3
SIM4
1
21
22
SIM5
SIM1
SIM2
SIM3
SIM4
1
21
22
SIM5
SIM1
SIM2
SIM3
SIM4
1
21
22
SIM5
SIM1
SIM2
SIM3
SIM4
1
21
22
SIM5
SIM1
SIM2
SIM3
SIM4
1
21
22
SIM5
SIM1
SIM2
SIM3
SIM4
1
21
22
SIM5
SIM1
SIM2
SIM3
SIM4
1
21
22
SIM5
SIM1
SIM2
SIM3
SIM4
1
21
22
SIM5
SIM1
SIM2
SIM3
SIM4
1
21
22
SIM5
SIM1
SIM2
SIM3
SIM4
1
21
22
SIM5
SIM1
SIM2
SIM3
SIM4
1
21
22
SIM5
SIM1
SIM2
SIM3
SIM4
1
21
22
SIM5
SIM1
SIM2
SIM3
SIM4
1
21
22
SIM5
SIM1
SIM2
SIM3
SIM4
1
21
22
SIM5
SIM1
SIM2
SIM3
SIM4
1
21
22
SIM5
SIM1
SIM2
SIM3
SIM4
1
21
22
SIM5
SIM1
SIM2
SIM3
SIM4
1
21
22
SIM5
SIM1
SIM2
SIM3
SIM4
1
21
22
SIM5
SIM1
SIM2
SIM3
SIM4
1
21
22
SIM5
SIM1
SIM2
SIM3
SIM4
1
21
22
SIM5
SIM1
SIM2
SIM3
SIM4
1
21
22
SIM5
SIM1
SIM2
SIM3
SIM4
1
21
22
SIM5
SIM1
SIM2
SIM3
SIM4
1
21
22
SIM5
SIM1
SIM2
SIM3
SIM4
1
21
22
SIM5
SIM1
SIM2
SIM3
SIM4
1
21
22
SIM5
SIM1
SIM2
SIM3
SIM4
1
21
22
SIM5
SIM1
SIM2
SIM3
SIM4
1
21
22
SIM5
SIM1
SIM2
SIM3
SIM4
1
21
22
SIM5
SIM1
SIM2
SIM3
SIM4
1
21
22
SIM5
SIM1
SIM2
SIM3
SIM4
1
21
22
SIM5
SIM1
SIM2
SIM3
SIM4
1
21
22
SIM5
SIM1
SIM2
SIM3
SIM4
1
21
22
SIM5
SIM1
SIM2
SIM3
SIM4
1
21
22
SIM5
SIM1
SIM2
SIM3
SIM4
1
21
22
SIM5
SIM1
SIM2
SIM3
SIM4
1
21
22
SIM5
SIM1
SIM2
SIM3
SIM4
1
21
22
SIM5
SIM1
SIM2
SIM3
SIM4
1
21
22
SIM5
SIM1
SIM2
SIM3
SIM4
1
21
22
SIM5
SIM1
SIM2
SIM3
SIM4
1
21
22
SIM5
SIM1
SIM2
SIM3
SIM4
1
21
22
SIM5
SIM1
SIM2
SIM3
SIM4
1
21
22
SIM5
SIM1
SIM2
SIM3
SIM4
1
21
22
SIM5
SIM1
SIM2
SIM3
SIM4
1
21
22
SIM5
SIM1
SIM2
SIM3
SIM4
1
21
22
SIM5
SIM1
SIM2
SIM3
SIM4
1
21
22
SIM5
SIM1
SIM2
SIM3
SIM4
1
21
22
SIM5
SIM1
SIM2
SIM3
SIM4
1
21
22
SIM5
SIM1
SIM2
SIM3
SIM4
1
21
22
SIM5
SIM1
SIM2
SIM3
SIM4
1
21
22
SIM5
SIM1
SIM2
SIM3
SIM4
1
21
22
SIM5
SIM1
SIM2
SIM3
SIM4
1
21
22
SIM5
SIM1
SIM2
SIM3
SIM4
1
21
22
SIM5
SIM1
SIM2
SIM3
SIM4
1
21
22
SIM5
SIM1
SIM2
SIM3
SIM4
1
21
22
SIM5
SIM1
SIM2
SIM3
SIM4
1
21
22
SIM5
SIM1
SIM2
SIM3
SIM4
1
21
22
SIM5
SIM1
SIM2
SIM3
SIM4
1
21
22
SIM5
SIM1
SIM2
SIM3
SIM4
1
21
22
SIM5
SIM1
SIM2
SIM3
SIM4
1
21
22
SIM5
SIM1
SIM2
SIM3
SIM4
1
21
22
SIM5
SIM1
SIM2
SIM3
SIM4
1
21
22
SIM5
SIM1
SIM2
SIM3
SIM4
1
21
22
SIM5
SIM1
SIM2
SIM3
SIM4
1
21
22
SIM5
SIM1
SIM2
SIM3
SIM4
1
21
22
SIM5
SIM1
SIM2
SIM3
SIM4
1
21
22
SIM5
SIM1
SIM2
SIM3
SIM4
1
21
22
SIM5
SIM1
SIM2
SIM3
SIM4
1
21
22
SIM5
SIM1
SIM2
SIM3
SIM4
1
21
22
SIM5
SIM1
SIM2
SIM3
SIM4
1
21
22
SIM5
SIM1
SIM2
SIM3
SIM4
1
21
22
SIM5
SIM1
SIM2
SIM3
SIM4
1
21
22
SIM5
SIM1
SIM2
SIM3
SIM4
1
21
22
SIM5
SIM1
SIM2
SIM3
SIM4
1
21
22
SIM5
SIM1
SIM2
SIM3
SIM4
1
21
22
SIM5
SIM1
SIM2
SIM3
SIM4
1
21
22
SIM5
SIM1
SIM2
SIM3
SIM4
1
21
22
SIM5
SIM1
SIM2
SIM3
SIM4
1
21
22
SIM5
SIM1
SIM2
SIM3
SIM4
1
21
22
SIM5
SIM1
SIM2
SIM3
SIM4
1
21
22
SIM5
SIM1
SIM2
SIM3
SIM4
1
21
22
SIM5
SIM1
SIM2
SIM3
SIM4
1
21
22
SIM5
SIM1
SIM2
SIM3
SIM4
1
21
22
SIM5
SIM1
SIM2
SIM3
SIM4
1
21
22
SIM5
SIM1
SIM2
SIM3
SIM4
1
21
22
SIM5
SIM1
SIM2
SIM3
SIM4
1
21
22
SIM5
SIM1
SIM2
SIM3
SIM4
1
21
22
SIM5
SIM1
SIM2
SIM3
SIM4
1
21
22
SIM5
SIM1
SIM2
SIM3
SIM4
1
21
22
SIM5
SIM1
SIM2
SIM3
SIM4
1
21
22
SIM5
SIM1
SIM2
SIM3
SIM4
1
21
22
SIM5
SIM1
SIM2
SIM3
SIM4
1
21
22
SIM5
SIM1
SIM2
SIM3
SIM4
1
21
22
SIM5
SIM1
SIM2
SIM3
SIM4
1
21
22
SIM5
SIM1
SIM2
SIM3
SIM4
1
21
22
SIM5
SIM1
SIM2
SIM3
SIM4
1
21
22
SIM5
SIM1
SIM2
SIM3
SIM4
1
21
22
SIM5
SIM1
SIM2
SIM3
SIM4
1
21
22
SIM5
SIM1
SIM2
SIM3
SIM4
1
21
22
SIM5
SIM1
SIM2
SIM3
SIM4
1
21
22
SIM5
SIM1
SIM2
SIM3
SIM4
1
21
22
SIM5
SIM1
SIM2
SIM3
SIM4
1
21
22
SIM5
SIM1
SIM2
SIM3
SIM4
1
21
22
SIM5
SIM1
SIM2
SIM3
SIM4
1
21
22
SIM5
SIM1
SIM2
SIM3
SIM4
1
21
22
SIM5
SIM1
SIM2
SIM3
SIM4
1
21
22
SIM5
SIM1
SIM2
SIM3
SIM4
1
21
22
SIM5
SIM1
SIM2
SIM3
SIM4
1
21
22
SIM5
SIM1
SIM2
SIM3
SIM4
1
21
22
SIM5
SIM1
SIM2
SIM3
SIM4
1
21
22
SIM5
SIM1
SIM2
SIM3
SIM4
1
21
22
SIM5
SIM1
SIM2
SIM3
SIM4
1
21
22
SIM5
SIM1
SIM2
SIM3
SIM4
1
21
22
SIM5
SIM1
SIM2
SIM3
SIM4
1
21
22
SIM5
SIM1
SIM2
SIM3
SIM4
1
21
22
SIM5
SIM1
SIM2
SIM3
SIM4
1
21
22
SIM5
SIM1
SIM2
SIM3
SIM4
1
21
22
SIM5
SIM1
SIM2
SIM3
SIM4
1
21
22
SIM5
SIM1
SIM2
SIM3
SIM4
1
21
22
SIM5
SIM1
SIM2
SIM3
SIM4
1
21
22
SIM5
SIM1
SIM2
SIM3
SIM4
1
21
22
SIM5
SIM1
SIM2
SIM3
SIM4
1
21
22
SIM5
SIM1
SIM2
SIM3
SIM4
1
21
22
SIM5
SIM1
SIM2
SIM3
SIM4
1
21
22
SIM5
SIM1
SIM2
SIM3
SIM4
1
21
22
SIM5
SIM1
SIM2
SIM3
SIM4
1
21
22
SIM5
SIM1
SIM2
SIM3
SIM4
1
21
22
SIM5
SIM1
SIM2
SIM3
SIM4
1
21
22
SIM5
SIM1
SIM2
SIM3
SIM4
1
21
22
SIM5
SIM1
SIM2
SIM3
SIM4
1
21
22
SIM5
SIM1
SIM2
SIM3
SIM4
1
21
22
SIM5
SIM1
SIM2
SIM3
SIM4
1
21
22
SIM5
SIM1
SIM2
SIM3
SIM4
1
21
22
SIM5
SIM1
SIM2
SIM3
SIM4
1
21
22
SIM5
SIM1
SIM2
SIM3
SIM4
1
21
22
SIM5
SIM1
SIM2
SIM3
SIM4
1
21
22
SIM5
SIM1
SIM2
SIM3
SIM4
1
21
22
SIM5
SIM1
SIM2
SIM3
SIM4
1
21
22
SIM5
SIM1
SIM2
SIM3
SIM4
1
21
22
SIM5
SIM1
SIM2
SIM3
SIM4
1
21
22
SIM5
SIM1
SIM2
SIM3
SIM4
1
21
22
SIM5
SIM1
SIM2
SIM3
SIM4
1
21
22
SIM5
SIM1
SIM2
SIM3
SIM4
1
21
22
SIM5
SIM1
SIM2
SIM3
SIM4
1
21
22
SIM5
SIM1
SIM2
SIM3
SIM4
1
21
22
SIM5
SIM1
SIM2
SIM3
SIM4
1
21
22
SIM5
SIM1
SIM2
SIM3
SIM4
1
21
22
SIM5
SIM1
SIM2
SIM3
SIM4
1
21
22
SIM5
SIM1
SIM2
SIM3
SIM4
1
21
22
SIM5
SIM1
SIM2
SIM3
SIM4
1
21
22
SIM5
SIM1
SIM2
SIM3
SIM4
1
21
22
SIM5
SIM1
SIM2
SIM3
SIM4
1
21
22
SIM5
SIM1
SIM2
SIM3
SIM4
1
21
22
SIM5
SIM1
SIM2
SIM3
SIM4
1
21
22
SIM5
SIM1
SIM2
SIM3
SIM4
1
21
22
SIM5
SIM1
SIM2
SIM3
SIM4
1
21
22
SIM5
SIM1
SIM2
SIM3
SIM4
1
21
22
SIM5
SIM1
SIM2
SIM3
SIM4
1
21
22
SIM5
SIM1
SIM2
SIM3
SIM4
1
21
22
SIM5
SIM1
SIM2
SIM3
SIM4
1
21
22
SIM5
SIM1
SIM2
SIM3
SIM4
1
21
22
SIM5
SIM1
SIM2
SIM3
SIM4
1
21
22
SIM5
SIM1
SIM2
SIM3
SIM4
1
21
22
SIM5
SIM1
SIM2
SIM3
SIM4
1
21
22
SIM5
SIM1
SIM2
SIM3
SIM4
1
21
22
SIM5
SIM1
SIM2
SIM3
SIM4
1
21
22
SIM5
SIM1
SIM2
SIM3
SIM4
1
21
22
SIM5
SIM1
SIM2
SIM3
SIM4
1
21
22
SIM5
SIM1
SIM2
SIM3
SIM4
1
21
22
SIM5
SIM1
SIM2
SIM3
SIM4
1
21
22
SIM5
SIM1
SIM2
SIM3
SIM4
1
21
22
SIM5
SIM1
SIM2
SIM3
SIM4
1
21
22
SIM5
SIM1
SIM2
SIM3
SIM4
1
21
22
SIM5
SIM1
SIM2
SIM3
SIM4
1
21
22
SIM5
SIM1
SIM2
SIM3
SIM4
1
21
22
SIM5
SIM1
SIM2
SIM3
SIM4
1
21
22
SIM5
SIM1
SIM2
SIM3
SIM4
1
21
22
SIM5
SIM1
SIM2
SIM3
SIM4
1
21
22
SIM5
SIM1
SIM2
SIM3
SIM4
1
21
22
SIM5
SIM1
SIM2
SIM3
SIM4
1
21
22
SIM5
SIM1
SIM2
SIM3
SIM4
1
21
22
SIM5
SIM1
SIM2
SIM3
SIM4
1
21
22
SIM5
SIM1
SIM2
SIM3
SIM4
1
21
22
SIM5
SIM1
SIM2
SIM3
SIM4
1
21
22
SIM5
SIM1
SIM2
SIM3
SIM4
1
21
22
SIM5
SIM1
SIM2
SIM3
SIM4
1
21
22
SIM5
SIM1
SIM2
SIM3
SIM4
1
21
22
SIM5
SIM1
SIM2
SIM3
SIM4
1
21
22
SIM5
SIM1
SIM2
SIM3
SIM4
1
21
22
SIM5
SIM1
SIM2
SIM3
SIM4
1
21
22
SIM5
SIM1
SIM2
SIM3
SIM4
1
21
22
SIM5
SIM1
SIM2
SIM3
SIM4
1
21
22
SIM5
SIM1
SIM2
SIM3
SIM4
1
21
22
SIM5
SIM1
SIM2
SIM3
SIM4
1
21
22
SIM5
SIM1
SIM2
SIM3
SIM4
1
21
22
SIM5
SIM1
SIM2
SIM3
SIM4
1
21
22
SIM5
SIM1
SIM2
SIM3
SIM4
1
21
22
SIM5
SIM1
SIM2
SIM3
SIM4
1
21
22
SIM5
SIM1
SIM2
SIM3
SIM4
1
21
22
SIM5
SIM1
SIM2
SIM3
SIM4
1
21
22
SIM5
SIM1
SIM2
SIM3
SIM4
1
21
22
SIM5
SIM1
SIM2
SIM3
SIM4
1
21
22
SIM5
SIM1
SIM2
SIM3
SIM4
1
21
22
SIM5
SIM1
SIM2
SIM3
SIM4
1
21
22
SIM5
SIM1
SIM2
SIM3
SIM4
1
21
22
SIM5
SIM1
SIM2
SIM3
SIM4
1
21
22
SIM5
SIM1
SIM2
SIM3
SIM4
1
21
22
SIM5
SIM1
SIM2
SIM3
SIM4
1
21
22
SIM5
SIM1
SIM2
SIM3
SIM4
1
21
22
SIM5
SIM1
SIM2
SIM3
SIM4
1
21
22
SIM5
SIM1
SIM2
SIM3
SIM4
1
21
22
SIM5
SIM1
SIM2
SIM3
SIM4
1
21
22
SIM5
SIM1
SIM2
SIM3
SIM4
1
21
22
SIM5
SIM1
SIM2
SIM3
SIM4
1
21
22
SIM5
SIM1
SIM2
SIM3
SIM4
1
21
22
SIM5
SIM1
SIM2
SIM3
SIM4
1
21
22
SIM5
SIM1
SIM2
SIM3
SIM4
1
21
22
SIM5
SIM1
SIM2
SIM3
SIM4
1
21
22
SIM5
SIM1
SIM2
SIM3
SIM4
1
21
22
SIM5
SIM1
SIM2
SIM3
SIM4
1
21
22
SIM5
SIM1
SIM2
SIM3
SIM4
1
21
22
SIM5
SIM1
SIM2
SIM3
SIM4
1
21
22
SIM5
SIM1
SIM2
SIM3
SIM4
1
21
22
SIM5
SIM1
SIM2
SIM3
SIM4
1
21
22
SIM5
SIM1
SIM2
SIM3
SIM4
1
21
22
SIM5
SIM1
SIM2
SIM3
SIM4
1
21
22
SIM5
SIM1
SIM2
SIM3
SIM4
1
21
22
SIM5
SIM1
SIM2
DEBUG 1 658
SIM1
SIM2
SIM3
SIM4
1
21
22
SIM5
SIM1
SIM2
SIM3
SIM4
1
21
22
SIM5
SIM1
SIM2
SIM3
SIM4
1
21
22
SIM5
SIM1
SIM2
SIM3
SIM4
1
21
22
SIM5
SIM1
SIM2
SIM3
SIM4
1
21
22
SIM5
SIM1
SIM2
SIM3
SIM4
1
21
22
SIM5
SIM1
SIM2
SIM3
SIM4
1
21
22
SIM5
SIM1
SIM2
SIM3
SIM4
1
21
22
SIM5
SIM1
SIM2
SIM3
SIM4
1
21
22
SIM5
SIM1
SIM2
SIM3
SIM4
1
21
22
SIM5
SIM1
SIM2
SIM3
SIM4
1
21
22
SIM5
SIM1
SIM2
SIM3
SIM4
1
21
22
SIM5
SIM1
SIM2
SIM3
SIM4
1
21
22
SIM5
SIM1
SIM2
SIM3
SIM4
1
21
22
SIM5
SIM1
SIM2
SIM3
SIM4
1
21
22
SIM5
SIM1
SIM2
SIM3
SIM4
1
21
22
SIM5
SIM1
SIM2
SIM3
SIM4
1
21
22
SIM5
SIM1
SIM2
SIM3
SIM4
1
21
22
SIM5
SIM1
SIM2
SIM3
SIM4
1
21
22
SIM5
SIM1
SIM2
SIM3
SIM4
1
21
22
SIM5
SIM1
SIM2
SIM3
SIM4
1
21
22
SIM5
SIM1
SIM2
SIM3
SIM4
1
21
22
SIM5
SIM1
SIM2
SIM3
SIM4
1
21
22
SIM5
SIM1
SIM2
SIM3
SIM4
1
21
22
SIM5
SIM1
SIM2
SIM3
SIM4
1
21
22
SIM5
SIM1
SIM2
SIM3
SIM4
1
21
22
SIM5
SIM1
SIM2
SIM3
SIM4
1
21
22
SIM5
SIM1
SIM2
SIM3
SIM4
1
21
22
SIM5
SIM1
SIM2
SIM3
SIM4
1
21
22
SIM5
SIM1
SIM2
SIM3
SIM4
1
21
22
SIM5
SIM1
SIM2
SIM3
SIM4
1
21
22
SIM5
SIM1
SIM2
SIM3
SIM4
1
21
22
SIM5
SIM1
SIM2
SIM3
SIM4
1
21
22
SIM5
SIM1
SIM2
SIM3
SIM4
1
21
22
SIM5
SIM1
SIM2
SIM3
SIM4
1
21
22
SIM5
SIM1
SIM2
SIM3
SIM4
1
21
22
SIM5
SIM1
SIM2
SIM3
SIM4
1
21
22
SIM5
SIM1
SIM2
SIM3
SIM4
1
21
22
SIM5
SIM1
SIM2
SIM3
SIM4
1
21
22
SIM5
SIM1
SIM2
SIM3
SIM4
1
21
22
SIM5
SIM1
SIM2
SIM3
SIM4
1
21
22
SIM5
SIM1
SIM2
SIM3
SIM4
1
21
22
SIM5
SIM1
SIM2
SIM3
SIM4
1
21
22
SIM5
SIM1
SIM2
SIM3
SIM4
1
21
22
SIM5
SIM1
SIM2
SIM3
SIM4
1
21
22
SIM5
SIM1
SIM2
SIM3
SIM4
1
21
22
SIM5
SIM1
SIM2
SIM3
SIM4
1
21
22
SIM5
SIM1
SIM2
SIM3
SIM4
1
21
22
SIM5
SIM1
SIM2
SIM3
SIM4
1
21
22
SIM5
SIM1
SIM2
SIM3
SIM4
1
21
22
SIM5
SIM1
SIM2
SIM3
SIM4
1
21
22
SIM5
SIM1
SIM2
SIM3
SIM4
1
21
22
SIM5
SIM1
SIM2
SIM3
SIM4
1
21
22
SIM5
SIM1
SIM2
SIM3
SIM4
1
21
22
SIM5
SIM1
SIM2
SIM3
SIM4
1
21
22
SIM5
SIM1
SIM2
SIM3
SIM4
1
21
22
SIM5
SIM1
SIM2
SIM3
SIM4
1
21
22
SIM5
SIM1
SIM2
SIM3
SIM4
1
21
22
SIM5
SIM1
SIM2
SIM3
SIM4
1
21
22
SIM5
SIM1
SIM2
SIM3
SIM4
1
21
22
SIM5
SIM1
SIM2
SIM3
SIM4
1
21
22
SIM5
SIM1
SIM2
SIM3
SIM4
1
21
22
SIM5
SIM1
SIM2
SIM3
SIM4
1
21
22
SIM5
SIM1
SIM2
SIM3
SIM4
1
21
22
SIM5
SIM1
SIM2
SIM3
SIM4
1
21
22
SIM5
SIM1
SIM2
SIM3
SIM4
1
21
22
SIM5
SIM1
SIM2
SIM3
SIM4
1
21
22
SIM5
SIM1
SIM2
SIM3
SIM4
1
21
22
SIM5
SIM1
SIM2
SIM3
SIM4
1
21
22
SIM5
SIM1
SIM2
SIM3
SIM4
1
21
22
SIM5
SIM1
SIM2
SIM3
SIM4
1
21
22
SIM5
SIM1
SIM2
SIM3
SIM4
1
21
22
SIM5
SIM1
SIM2
SIM3
SIM4
1
21
22
SIM5
SIM1
SIM2
SIM3
SIM4
1
21
22
SIM5
SIM1
SIM2
SIM3
SIM4
1
21
22
SIM5
SIM1
SIM2
SIM3
SIM4
1
21
22
SIM5
SIM1
SIM2
SIM3
SIM4
1
21
22
SIM5
SIM1
SIM2
SIM3
SIM4
1
21
22
SIM5
SIM1
SIM2
SIM3
SIM4
1
21
22
SIM5
SIM1
SIM2
SIM3
SIM4
1
21
22
SIM5
SIM1
SIM2
SIM3
SIM4
1
21
22
SIM5
SIM1
SIM2
SIM3
SIM4
1
21
22
SIM5
SIM1
SIM2
SIM3
SIM4
1
21
22
SIM5
SIM1
SIM2
SIM3
SIM4
1
21
22
SIM5
SIM1
SIM2
SIM3
SIM4
1
21
22
SIM5
SIM1
SIM2
SIM3
SIM4
1
21
22
SIM5
SIM1
SIM2
SIM3
SIM4
1
21
22
SIM5
SIM1
SIM2
SIM3
SIM4
1
21
22
SIM5
SIM1
SIM2
SIM3
SIM4
1
21
22
SIM5
SIM1
SIM2
SIM3
SIM4
1
21
22
SIM5
SIM1
SIM2
SIM3
SIM4
1
21
22
SIM5
SIM1
SIM2
SIM3
SIM4
1
21
22
SIM5
SIM1
SIM2
SIM3
SIM4
1
21
22
SIM5
SIM1
SIM2
SIM3
SIM4
1
21
22
SIM5
SIM1
SIM2
SIM3
SIM4
1
21
22
SIM5
SIM1
SIM2
SIM3
SIM4
1
21
22
SIM5
SIM1
SIM2
SIM3
SIM4
1
21
22
SIM5
SIM1
SIM2
SIM3
SIM4
1
21
22
SIM5
SIM1
SIM2
SIM3
SIM4
1
21
22
SIM5
SIM1
SIM2
SIM3
SIM4
1
21
22
SIM5
SIM1
SIM2
SIM3
SIM4
1
21
22
SIM5
SIM1
SIM2
SIM3
SIM4
1
21
22
SIM5
SIM1
SIM2
SIM3
SIM4
1
21
22
SIM5
SIM1
SIM2
SIM3
SIM4
1
21
22
SIM5
SIM1
SIM2
SIM3
SIM4
1
21
22
SIM5
SIM1
SIM2
SIM3
SIM4
1
21
22
SIM5
SIM1
SIM2
SIM3
SIM4
1
21
22
SIM5
SIM1
SIM2
SIM3
SIM4
1
21
22
SIM5
SIM1
SIM2
SIM3
SIM4
1
21
22
SIM5
SIM1
SIM2
SIM3
SIM4
1
21
22
SIM5
SIM1
SIM2
SIM3
SIM4
1
21
22
SIM5
SIM1
SIM2
SIM3
SIM4
1
21
22
SIM5
SIM1
SIM2
SIM3
SIM4
1
21
22
SIM5
SIM1
SIM2
SIM3
SIM4
1
21
22
SIM5
SIM1
SIM2
SIM3
SIM4
1
21
22
SIM5
SIM1
SIM2
SIM3
SIM4
1
21
22
SIM5
SIM1
SIM2
SIM3
SIM4
1
21
22
SIM5
SIM1
SIM2
SIM3
SIM4
1
21
22
SIM5
SIM1
SIM2
SIM3
SIM4
1
21
22
SIM5
SIM1
SIM2
SIM3
SIM4
1
21
22
SIM5
SIM1
SIM2
SIM3
SIM4
1
21
22
SIM5
SIM1
SIM2
SIM3
SIM4
1
21
22
SIM5
SIM1
SIM2
SIM3
SIM4
1
21
22
SIM5
SIM1
SIM2
SIM3
SIM4
1
21
22
SIM5
SIM1
SIM2
SIM3
SIM4
1
21
22
SIM5
SIM1
SIM2
SIM3
SIM4
1
21
22
SIM5
SIM1
SIM2
SIM3
SIM4
1
21
22
SIM5
SIM1
SIM2
SIM3
SIM4
1
21
22
SIM5
SIM1
SIM2
SIM3
SIM4
1
21
22
SIM5
SIM1
SIM2
SIM3
SIM4
1
21
22
SIM5
SIM1
SIM2
SIM3
SIM4
1
21
22
SIM5
SIM1
SIM2
SIM3
SIM4
1
21
22
SIM5
SIM1
SIM2
SIM3
SIM4
1
21
22
SIM5
SIM1
SIM2
SIM3
SIM4
1
21
22
SIM5
SIM1
SIM2
SIM3
SIM4
1
21
22
SIM5
SIM1
SIM2
SIM3
SIM4
1
21
22
SIM5
SIM1
SIM2
SIM3
SIM4
1
21
22
SIM5
SIM1
SIM2
SIM3
SIM4
1
21
22
SIM5
SIM1
SIM2
SIM3
SIM4
1
21
22
SIM5
SIM1
SIM2
SIM3
SIM4
1
21
22
SIM5
SIM1
SIM2
SIM3
SIM4
1
21
22
SIM5
SIM1
SIM2
SIM3
SIM4
1
21
22
SIM5
SIM1
SIM2
SIM3
SIM4
1
21
22
SIM5
SIM1
SIM2
SIM3
SIM4
1
21
22
SIM5
SIM1
SIM2
SIM3
SIM4
1
21
22
SIM5
SIM1
SIM2
SIM3
SIM4
1
21
22
SIM5
SIM1
SIM2
SIM3
SIM4
1
21
22
SIM5
SIM1
SIM2
SIM3
SIM4
1
21
22
SIM5
SIM1
SIM2
SIM3
SIM4
1
21
22
SIM5
SIM1
SIM2
SIM3
SIM4
1
21
22
SIM5
SIM1
SIM2
SIM3
SIM4
1
21
22
SIM5
SIM1
SIM2
SIM3
SIM4
1
21
22
SIM5
SIM1
SIM2
SIM3
SIM4
1
21
22
SIM5
SIM1
SIM2
SIM3
SIM4
1
21
22
SIM5
SIM1
SIM2
SIM3
SIM4
1
21
22
SIM5
SIM1
SIM2
SIM3
SIM4
1
21
22
SIM5
SIM1
SIM2
SIM3
SIM4
1
21
22
SIM5
SIM1
SIM2
SIM3
SIM4
1
21
22
SIM5
SIM1
SIM2
SIM3
SIM4
1
21
22
SIM5
SIM1
SIM2
SIM3
SIM4
1
21
22
SIM5
SIM1
SIM2
SIM3
SIM4
1
21
22
SIM5
SIM1
SIM2
SIM3
SIM4
1
21
22
SIM5
SIM1
SIM2
SIM3
SIM4
1
21
22
SIM5
SIM1
SIM2
SIM3
SIM4
1
21
22
SIM5
SIM1
SIM2
SIM3
SIM4
1
21
22
SIM5
SIM1
SIM2
SIM3
SIM4
1
21
22
SIM5
SIM1
SIM2
SIM3
SIM4
1
21
22
SIM5
SIM1
SIM2
SIM3
SIM4
1
21
22
SIM5
SIM1
SIM2
SIM3
SIM4
1
21
22
SIM5
SIM1
SIM2
SIM3
SIM4
1
21
22
SIM5
SIM1
SIM2
SIM3
SIM4
1
21
22
SIM5
SIM1
SIM2
SIM3
SIM4
1
21
22
SIM5
SIM1
SIM2
SIM3
SIM4
1
21
22
SIM5
SIM1
SIM2
SIM3
SIM4
1
21
22
SIM5
SIM1
SIM2
SIM3
SIM4
1
21
22
SIM5
SIM1
SIM2
SIM3
SIM4
1
21
22
SIM5
SIM1
SIM2
SIM3
SIM4
1
21
22
SIM5
SIM1
SIM2
SIM3
SIM4
1
21
22
SIM5
SIM1
SIM2
SIM3
SIM4
1
21
22
SIM5
SIM1
SIM2
SIM3
SIM4
1
21
22
SIM5
SIM1
SIM2
SIM3
SIM4
1
21
22
SIM5
SIM1
SIM2
SIM3
SIM4
1
21
22
SIM5
SIM1
SIM2
SIM3
SIM4
1
21
22
SIM5
SIM1
SIM2
SIM3
SIM4
1
21
22
SIM5
SIM1
SIM2
SIM3
SIM4
1
21
22
SIM5
SIM1
SIM2
SIM3
SIM4
1
21
22
SIM5
SIM1
SIM2
SIM3
SIM4
1
21
22
SIM5
SIM1
SIM2
SIM3
SIM4
1
21
22
SIM5
SIM1
SIM2
SIM3
SIM4
1
21
22
SIM5
SIM1
SIM2
SIM3
SIM4
1
21
22
SIM5
SIM1
SIM2
SIM3
SIM4
1
21
22
SIM5
SIM1
SIM2
SIM3
SIM4
1
21
22
SIM5
SIM1
SIM2
SIM3
SIM4
1
21
22
SIM5
SIM1
SIM2
SIM3
SIM4
1
21
22
SIM5
SIM1
SIM2
SIM3
SIM4
1
21
22
SIM5
SIM1
SIM2
SIM3
SIM4
1
21
22
SIM5
SIM1
SIM2
SIM3
SIM4
1
21
22
SIM5
SIM1
SIM2
SIM3
SIM4
1
21
22
SIM5
SIM1
SIM2
SIM3
SIM4
1
21
22
SIM5
SIM1
SIM2
SIM3
SIM4
1
21
22
SIM5
SIM1
SIM2
SIM3
SIM4
1
21
22
SIM5
SIM1
SIM2
SIM3
SIM4
1
21
22
SIM5
SIM1
SIM2
SIM3
SIM4
1
21
22
SIM5
SIM1
SIM2
SIM3
SIM4
1
21
22
SIM5
SIM1
SIM2
SIM3
SIM4
1
21
22
SIM5
SIM1
SIM2
SIM3
SIM4
1
21
22
SIM5
SIM1
SIM2
SIM3
SIM4
1
21
22
SIM5
SIM1
SIM2
SIM3
SIM4
1
21
22
SIM5
SIM1
SIM2
SIM3
SIM4
1
21
22
SIM5
SIM1
SIM2
SIM3
SIM4
1
21
22
SIM5
SIM1
SIM2
SIM3
SIM4
1
21
22
SIM5
SIM1
SIM2
SIM3
SIM4
1
21
22
SIM5
SIM1
SIM2
SIM3
SIM4
1
21
22
SIM5
SIM1
SIM2
SIM3
SIM4
1
21
22
SIM5
SIM1
SIM2
SIM3
SIM4
1
21
22
SIM5
SIM1
SIM2
SIM3
SIM4
1
21
22
SIM5
SIM1
SIM2
SIM3
SIM4
1
21
22
SIM5
SIM1
SIM2
SIM3
SIM4
1
21
22
SIM5
SIM1
SIM2
SIM3
SIM4
1
21
22
SIM5
SIM1
SIM2
SIM3
SIM4
1
21
22
SIM5
SIM1
SIM2
SIM3
SIM4
1
21
22
SIM5
SIM1
SIM2
SIM3
SIM4
1
21
22
SIM5
SIM1
SIM2
SIM3
SIM4
1
21
22
SIM5
SIM1
SIM2
SIM3
SIM4
1
21
22
SIM5
SIM1
SIM2
SIM3
SIM4
1
21
22
SIM5
SIM1
SIM2
SIM3
SIM4
1
21
22
SIM5
SIM1
SIM2
SIM3
SIM4
1
21
22
SIM5
SIM1
SIM2
SIM3
SIM4
1
21
22
SIM5
SIM1
SIM2
SIM3
SIM4
1
21
22
SIM5
SIM1
SIM2
SIM3
SIM4
1
21
22
SIM5
SIM1
SIM2
SIM3
SIM4
1
21
22
SIM5
SIM1
SIM2
SIM3
SIM4
1
21
22
SIM5
SIM1
SIM2
SIM3
SIM4
1
21
22
SIM5
SIM1
SIM2
SIM3
SIM4
1
21
22
SIM5
SIM1
SIM2
SIM3
SIM4
1
21
22
SIM5
SIM1
SIM2
SIM3
SIM4
1
21
22
SIM5
SIM1
SIM2
SIM3
SIM4
1
21
22
SIM5
SIM1
SIM2
SIM3
SIM4
1
21
22
SIM5
SIM1
SIM2
SIM3
SIM4
1
21
22
SIM5
SIM1
SIM2
SIM3
SIM4
1
21
22
SIM5
SIM1
SIM2
SIM3
SIM4
1
21
22
SIM5
SIM1
SIM2
SIM3
SIM4
1
21
22
SIM5
SIM1
SIM2
SIM3
SIM4
1
21
22
SIM5
SIM1
SIM2
SIM3
SIM4
1
21
22
SIM5
SIM1
SIM2
SIM3
SIM4
1
21
22
SIM5
SIM1
SIM2
SIM3
SIM4
1
21
22
SIM5
SIM1
SIM2
SIM3
SIM4
1
21
22
SIM5
SIM1
SIM2
SIM3
SIM4
1
21
22
SIM5
SIM1
SIM2
SIM3
SIM4
1
21
22
SIM5
SIM1
SIM2
SIM3
SIM4
1
21
22
SIM5
SIM1
SIM2
SIM3
SIM4
1
21
22
SIM5
SIM1
SIM2
SIM3
SIM4
1
21
22
SIM5
SIM1
SIM2
SIM3
SIM4
1
21
22
SIM5
SIM1
SIM2
SIM3
SIM4
1
21
22
SIM5
SIM1
SIM2
SIM3
SIM4
1
21
22
SIM5
SIM1
SIM2
DEBUG 1 659
SIM1
SIM2
SIM3
SIM4
1
21
22
SIM5
SIM1
SIM2
SIM3
SIM4
1
21
22
SIM5
SIM1
SIM2
SIM3
SIM4
1
21
22
SIM5
SIM1
SIM2
SIM3
SIM4
1
21
22
SIM5
SIM1
SIM2
SIM3
SIM4
1
21
22
SIM5
SIM1
SIM2
SIM3
SIM4
1
21
22
SIM5
SIM1
SIM2
SIM3
SIM4
1
21
22
SIM5
SIM1
SIM2
SIM3
SIM4
1
21
22
SIM5
SIM1
SIM2
SIM3
SIM4
1
21
22
SIM5
SIM1
SIM2
SIM3
SIM4
1
21
22
SIM5
SIM1
SIM2
SIM3
SIM4
1
21
22
SIM5
SIM1
SIM2
SIM3
SIM4
1
21
22
SIM5
SIM1
SIM2
SIM3
SIM4
1
21
22
SIM5
SIM1
SIM2
SIM3
SIM4
1
21
22
SIM5
SIM1
SIM2
SIM3
SIM4
1
21
22
SIM5
SIM1
SIM2
SIM3
SIM4
1
21
22
SIM5
SIM1
SIM2
SIM3
SIM4
1
21
22
SIM5
SIM1
SIM2
SIM3
SIM4
1
21
22
SIM5
SIM1
SIM2
SIM3
SIM4
1
21
22
SIM5
SIM1
SIM2
SIM3
SIM4
1
21
22
SIM5
SIM1
SIM2
SIM3
SIM4
1
21
22
SIM5
SIM1
SIM2
SIM3
SIM4
1
21
22
SIM5
SIM1
SIM2
SIM3
SIM4
1
21
22
SIM5
SIM1
SIM2
SIM3
SIM4
1
21
22
SIM5
SIM1
SIM2
SIM3
SIM4
1
21
22
SIM5
SIM1
SIM2
SIM3
SIM4
1
21
22
SIM5
SIM1
SIM2
SIM3
SIM4
1
21
22
SIM5
SIM1
SIM2
SIM3
SIM4
1
21
22
SIM5
SIM1
SIM2
SIM3
SIM4
1
21
22
SIM5
SIM1
SIM2
SIM3
SIM4
1
21
22
SIM5
SIM1
SIM2
SIM3
SIM4
1
21
22
SIM5
SIM1
SIM2
SIM3
SIM4
1
21
22
SIM5
SIM1
SIM2
SIM3
SIM4
1
21
22
SIM5
SIM1
SIM2
SIM3
SIM4
1
21
22
SIM5
SIM1
SIM2
SIM3
SIM4
1
21
22
SIM5
SIM1
SIM2
SIM3
SIM4
1
21
22
SIM5
SIM1
SIM2
SIM3
SIM4
1
21
22
SIM5
SIM1
SIM2
SIM3
SIM4
1
21
22
SIM5
SIM1
SIM2
SIM3
SIM4
1
21
22
SIM5
SIM1
SIM2
SIM3
SIM4
1
21
22
SIM5
SIM1
SIM2
SIM3
SIM4
1
21
22
SIM5
SIM1
SIM2
SIM3
SIM4
1
21
22
SIM5
SIM1
SIM2
SIM3
SIM4
1
21
22
SIM5
SIM1
SIM2
SIM3
SIM4
1
21
22
SIM5
SIM1
SIM2
SIM3
SIM4
1
21
22
SIM5
SIM1
SIM2
SIM3
SIM4
1
21
22
SIM5
SIM1
SIM2
SIM3
SIM4
1
21
22
SIM5
SIM1
SIM2
SIM3
SIM4
1
21
22
SIM5
SIM1
SIM2
SIM3
SIM4
1
21
22
SIM5
SIM1
SIM2
SIM3
SIM4
1
21
22
SIM5
SIM1
SIM2
SIM3
SIM4
1
21
22
SIM5
SIM1
SIM2
SIM3
SIM4
1
21
22
SIM5
SIM1
SIM2
SIM3
SIM4
1
21
22
SIM5
SIM1
SIM2
SIM3
SIM4
1
21
22
SIM5
SIM1
SIM2
SIM3
SIM4
1
21
22
SIM5
SIM1
SIM2
SIM3
SIM4
1
21
22
SIM5
SIM1
SIM2
SIM3
SIM4
1
21
22
SIM5
SIM1
SIM2
SIM3
SIM4
1
21
22
SIM5
SIM1
SIM2
SIM3
SIM4
1
21
22
SIM5
SIM1
SIM2
SIM3
SIM4
1
21
22
SIM5
SIM1
SIM2
SIM3
SIM4
1
21
22
SIM5
SIM1
SIM2
SIM3
SIM4
1
21
22
SIM5
SIM1
SIM2
SIM3
SIM4
1
21
22
SIM5
SIM1
SIM2
SIM3
SIM4
1
21
22
SIM5
SIM1
SIM2
SIM3
SIM4
1
21
22
SIM5
SIM1
SIM2
SIM3
SIM4
1
21
22
SIM5
SIM1
SIM2
SIM3
SIM4
1
21
22
SIM5
SIM1
SIM2
SIM3
SIM4
1
21
22
SIM5
SIM1
SIM2
SIM3
SIM4
1
21
22
SIM5
SIM1
SIM2
SIM3
SIM4
1
21
22
SIM5
SIM1
SIM2
SIM3
SIM4
1
21
22
SIM5
SIM1
SIM2
SIM3
SIM4
1
21
22
SIM5
SIM1
SIM2
SIM3
SIM4
1
21
22
SIM5
SIM1
SIM2
SIM3
SIM4
1
21
22
SIM5
SIM1
SIM2
SIM3
SIM4
1
21
22
SIM5
SIM1
SIM2
SIM3
SIM4
1
21
22
SIM5
SIM1
SIM2
SIM3
SIM4
1
21
22
SIM5
SIM1
SIM2
SIM3
SIM4
1
21
22
SIM5
SIM1
SIM2
SIM3
SIM4
1
21
22
SIM5
SIM1
SIM2
SIM3
SIM4
1
21
22
SIM5
SIM1
SIM2
SIM3
SIM4
1
21
22
SIM5
SIM1
SIM2
SIM3
SIM4
1
21
22
SIM5
SIM1
SIM2
SIM3
SIM4
1
21
22
SIM5
SIM1
SIM2
SIM3
SIM4
1
21
22
SIM5
SIM1
SIM2
SIM3
SIM4
1
21
22
SIM5
SIM1
SIM2
SIM3
SIM4
1
21
22
SIM5
SIM1
SIM2
SIM3
SIM4
1
21
22
SIM5
SIM1
SIM2
SIM3
SIM4
1
21
22
SIM5
SIM1
SIM2
SIM3
SIM4
1
21
22
SIM5
SIM1
SIM2
SIM3
SIM4
1
21
22
SIM5
SIM1
SIM2
SIM3
SIM4
1
21
22
SIM5
SIM1
SIM2
SIM3
SIM4
1
21
22
SIM5
SIM1
SIM2
SIM3
SIM4
1
21
22
SIM5
SIM1
SIM2
SIM3
SIM4
1
21
22
SIM5
SIM1
SIM2
SIM3
SIM4
1
21
22
SIM5
SIM1
SIM2
SIM3
SIM4
1
21
22
SIM5
SIM1
SIM2
SIM3
SIM4
1
21
22
SIM5
SIM1
SIM2
SIM3
SIM4
1
21
22
SIM5
SIM1
SIM2
SIM3
SIM4
1
21
22
SIM5
SIM1
SIM2
SIM3
SIM4
1
21
22
SIM5
SIM1
SIM2
SIM3
SIM4
1
21
22
SIM5
SIM1
SIM2
SIM3
SIM4
1
21
22
SIM5
SIM1
SIM2
SIM3
SIM4
1
21
22
SIM5
SIM1
SIM2
SIM3
SIM4
1
21
22
SIM5
SIM1
SIM2
SIM3
SIM4
1
21
22
SIM5
SIM1
SIM2
SIM3
SIM4
1
21
22
SIM5
SIM1
SIM2
SIM3
SIM4
1
21
22
SIM5
SIM1
SIM2
SIM3
SIM4
1
21
22
SIM5
SIM1
SIM2
SIM3
SIM4
1
21
22
SIM5
SIM1
SIM2
SIM3
SIM4
1
21
22
SIM5
SIM1
SIM2
SIM3
SIM4
1
21
22
SIM5
SIM1
SIM2
SIM3
SIM4
1
21
22
SIM5
SIM1
SIM2
SIM3
SIM4
1
21
22
SIM5
SIM1
SIM2
SIM3
SIM4
1
21
22
SIM5
SIM1
SIM2
SIM3
SIM4
1
21
22
SIM5
SIM1
SIM2
SIM3
SIM4
1
21
22
SIM5
SIM1
SIM2
SIM3
SIM4
1
21
22
SIM5
SIM1
SIM2
SIM3
SIM4
1
21
22
SIM5
SIM1
SIM2
SIM3
SIM4
1
21
22
SIM5
SIM1
SIM2
SIM3
SIM4
1
21
22
SIM5
SIM1
SIM2
SIM3
SIM4
1
21
22
SIM5
SIM1
SIM2
SIM3
SIM4
1
21
22
SIM5
SIM1
SIM2
SIM3
SIM4
1
21
22
SIM5
SIM1
SIM2
SIM3
SIM4
1
21
22
SIM5
SIM1
SIM2
SIM3
SIM4
1
21
22
SIM5
SIM1
SIM2
SIM3
SIM4
1
21
22
SIM5
SIM1
SIM2
SIM3
SIM4
1
21
22
SIM5
SIM1
SIM2
SIM3
SIM4
1
21
22
SIM5
SIM1
SIM2
SIM3
SIM4
1
21
22
SIM5
SIM1
SIM2
SIM3
SIM4
1
21
22
SIM5
SIM1
SIM2
SIM3
SIM4
1
21
22
SIM5
SIM1
SIM2
SIM3
SIM4
1
21
22
SIM5
SIM1
SIM2
SIM3
SIM4
1
21
22
SIM5
SIM1
SIM2
SIM3
SIM4
1
21
22
SIM5
SIM1
SIM2
SIM3
SIM4
1
21
22
SIM5
SIM1
SIM2
SIM3
SIM4
1
21
22
SIM5
SIM1
SIM2
SIM3
SIM4
1
21
22
SIM5
SIM1
SIM2
SIM3
SIM4
1
21
22
SIM5
SIM1
SIM2
SIM3
SIM4
1
21
22
SIM5
SIM1
SIM2
SIM3
SIM4
1
21
22
SIM5
SIM1
SIM2
SIM3
SIM4
1
21
22
SIM5
SIM1
SIM2
SIM3
SIM4
1
21
22
SIM5
SIM1
SIM2
SIM3
SIM4
1
21
22
SIM5
SIM1
SIM2
SIM3
SIM4
1
21
22
SIM5
SIM1
SIM2
SIM3
SIM4
1
21
22
SIM5
SIM1
SIM2
SIM3
SIM4
1
21
22
SIM5
SIM1
SIM2
SIM3
SIM4
1
21
22
SIM5
SIM1
SIM2
SIM3
SIM4
1
21
22
SIM5
SIM1
SIM2
SIM3
SIM4
1
21
22
SIM5
SIM1
SIM2
SIM3
SIM4
1
21
22
SIM5
SIM1
SIM2
SIM3
SIM4
1
21
22
SIM5
SIM1
SIM2
SIM3
SIM4
1
21
22
SIM5
SIM1
SIM2
SIM3
SIM4
1
21
22
SIM5
SIM1
SIM2
SIM3
SIM4
1
21
22
SIM5
SIM1
SIM2
SIM3
SIM4
1
21
22
SIM5
SIM1
SIM2
SIM3
SIM4
1
21
22
SIM5
SIM1
SIM2
SIM3
SIM4
1
21
22
SIM5
SIM1
SIM2
SIM3
SIM4
1
21
22
SIM5
SIM1
SIM2
SIM3
SIM4
1
21
22
SIM5
SIM1
SIM2
SIM3
SIM4
1
21
22
SIM5
SIM1
SIM2
SIM3
SIM4
1
21
22
SIM5
SIM1
SIM2
SIM3
SIM4
1
21
22
SIM5
SIM1
SIM2
SIM3
SIM4
1
21
22
SIM5
SIM1
SIM2
SIM3
SIM4
1
21
22
SIM5
SIM1
SIM2
SIM3
SIM4
1
21
22
SIM5
SIM1
SIM2
SIM3
SIM4
1
21
22
SIM5
SIM1
SIM2
SIM3
SIM4
1
21
22
SIM5
SIM1
SIM2
SIM3
SIM4
1
21
22
SIM5
SIM1
SIM2
SIM3
SIM4
1
21
22
SIM5
SIM1
SIM2
SIM3
SIM4
1
21
22
SIM5
SIM1
SIM2
SIM3
SIM4
1
21
22
SIM5
SIM1
SIM2
SIM3
SIM4
1
21
22
SIM5
SIM1
SIM2
SIM3
SIM4
1
21
22
SIM5
SIM1
SIM2
SIM3
SIM4
1
21
22
SIM5
SIM1
SIM2
SIM3
SIM4
1
21
22
SIM5
SIM1
SIM2
SIM3
SIM4
1
21
22
SIM5
SIM1
SIM2
SIM3
SIM4
1
21
22
SIM5
SIM1
SIM2
DEBUG 1 660
SIM1
SIM2
SIM3
SIM4
1
21
22
SIM5
SIM1
SIM2
SIM3
SIM4
1
21
22
SIM5
SIM1
SIM2
SIM3
SIM4
1
21
22
SIM5
SIM1
SIM2
SIM3
SIM4
1
21
22
SIM5
SIM1
SIM2
SIM3
SIM4
1
21
22
SIM5
SIM1
SIM2
SIM3
SIM4
1
21
22
SIM5
SIM1
SIM2
SIM3
SIM4
1
21
22
SIM5
SIM1
SIM2
SIM3
SIM4
1
21
22
SIM5
SIM1
SIM2
SIM3
SIM4
1
21
22
SIM5
SIM1
SIM2
SIM3
SIM4
1
21
22
SIM5
SIM1
SIM2
SIM3
SIM4
1
21
22
SIM5
SIM1
SIM2
SIM3
SIM4
1
21
22
SIM5
SIM1
SIM2
SIM3
SIM4
1
21
22
SIM5
SIM1
SIM2
SIM3
SIM4
1
21
22
SIM5
SIM1
SIM2
SIM3
SIM4
1
21
22
SIM5
SIM1
SIM2
SIM3
SIM4
1
21
22
SIM5
SIM1
SIM2
SIM3
SIM4
1
21
22
SIM5
SIM1
SIM2
SIM3
SIM4
1
21
22
SIM5
SIM1
SIM2
SIM3
SIM4
1
21
22
SIM5
SIM1
SIM2
SIM3
SIM4
1
21
22
SIM5
SIM1
SIM2
SIM3
SIM4
1
21
22
SIM5
SIM1
SIM2
SIM3
SIM4
1
21
22
SIM5
SIM1
SIM2
SIM3
SIM4
1
21
22
SIM5
SIM1
SIM2
SIM3
SIM4
1
21
22
SIM5
SIM1
SIM2
SIM3
SIM4
1
21
22
SIM5
SIM1
SIM2
SIM3
SIM4
1
21
22
SIM5
SIM1
SIM2
SIM3
SIM4
1
21
22
SIM5
SIM1
SIM2
SIM3
SIM4
1
21
22
SIM5
SIM1
SIM2
SIM3
SIM4
1
21
22
SIM5
SIM1
SIM2
SIM3
SIM4
1
21
22
SIM5
SIM1
SIM2
SIM3
SIM4
1
21
22
SIM5
SIM1
SIM2
SIM3
SIM4
1
21
22
SIM5
SIM1
SIM2
SIM3
SIM4
1
21
22
SIM5
SIM1
SIM2
SIM3
SIM4
1
21
22
SIM5
SIM1
SIM2
SIM3
SIM4
1
21
22
SIM5
SIM1
SIM2
SIM3
SIM4
1
21
22
SIM5
SIM1
SIM2
SIM3
SIM4
1
21
22
SIM5
SIM1
SIM2
SIM3
SIM4
1
21
22
SIM5
SIM1
SIM2
SIM3
SIM4
1
21
22
SIM5
SIM1
SIM2
SIM3
SIM4
1
21
22
SIM5
SIM1
SIM2
SIM3
SIM4
1
21
22
SIM5
SIM1
SIM2
SIM3
SIM4
1
21
22
SIM5
SIM1
SIM2
SIM3
SIM4
1
21
22
SIM5
SIM1
SIM2
SIM3
SIM4
1
21
22
SIM5
SIM1
SIM2
SIM3
SIM4
1
21
22
SIM5
SIM1
SIM2
SIM3
SIM4
1
21
22
SIM5
SIM1
SIM2
SIM3
SIM4
1
21
22
SIM5
SIM1
SIM2
SIM3
SIM4
1
21
22
SIM5
SIM1
SIM2
SIM3
SIM4
1
21
22
SIM5
SIM1
SIM2
SIM3
SIM4
1
21
22
SIM5
SIM1
SIM2
SIM3
SIM4
1
21
22
SIM5
SIM1
SIM2
SIM3
SIM4
1
21
22
SIM5
SIM1
SIM2
SIM3
SIM4
1
21
22
SIM5
SIM1
SIM2
SIM3
SIM4
1
21
22
SIM5
SIM1
SIM2
SIM3
SIM4
1
21
22
SIM5
SIM1
SIM2
SIM3
SIM4
1
21
22
SIM5
SIM1
SIM2
SIM3
SIM4
1
21
22
SIM5
SIM1
SIM2
SIM3
SIM4
1
21
22
SIM5
SIM1
SIM2
SIM3
SIM4
1
21
22
SIM5
SIM1
SIM2
SIM3
SIM4
1
21
22
SIM5
SIM1
SIM2
SIM3
SIM4
1
21
22
SIM5
SIM1
SIM2
SIM3
SIM4
1
21
22
SIM5
SIM1
SIM2
SIM3
SIM4
1
21
22
SIM5
SIM1
SIM2
SIM3
SIM4
1
21
22
SIM5
SIM1
SIM2
SIM3
SIM4
1
21
22
SIM5
SIM1
SIM2
SIM3
SIM4
1
21
22
SIM5
SIM1
SIM2
SIM3
SIM4
1
21
22
SIM5
SIM1
SIM2
SIM3
SIM4
1
21
22
SIM5
SIM1
SIM2
SIM3
SIM4
1
21
22
SIM5
SIM1
SIM2
SIM3
SIM4
1
21
22
SIM5
SIM1
SIM2
SIM3
SIM4
1
21
22
SIM5
SIM1
SIM2
SIM3
SIM4
1
21
22
SIM5
SIM1
SIM2
SIM3
SIM4
1
21
22
SIM5
SIM1
SIM2
SIM3
SIM4
1
21
22
SIM5
SIM1
SIM2
SIM3
SIM4
1
21
22
SIM5
SIM1
SIM2
SIM3
SIM4
1
21
22
SIM5
SIM1
SIM2
SIM3
SIM4
1
21
22
SIM5
SIM1
SIM2
SIM3
SIM4
1
21
22
SIM5
SIM1
SIM2
SIM3
SIM4
1
21
22
SIM5
SIM1
SIM2
SIM3
SIM4
1
21
22
SIM5
SIM1
SIM2
SIM3
SIM4
1
21
22
SIM5
SIM1
SIM2
SIM3
SIM4
1
21
22
SIM5
SIM1
SIM2
SIM3
SIM4
1
21
22
SIM5
SIM1
SIM2
SIM3
SIM4
1
21
22
SIM5
SIM1
SIM2
SIM3
SIM4
1
21
22
SIM5
SIM1
SIM2
SIM3
SIM4
1
21
22
SIM5
SIM1
SIM2
SIM3
SIM4
1
21
22
SIM5
SIM1
SIM2
SIM3
SIM4
1
21
22
SIM5
SIM1
SIM2
SIM3
SIM4
1
21
22
SIM5
SIM1
SIM2
SIM3
SIM4
1
21
22
SIM5
SIM1
SIM2
SIM3
SIM4
1
21
22
SIM5
SIM1
SIM2
SIM3
SIM4
1
21
22
SIM5
SIM1
SIM2
SIM3
SIM4
1
21
22
SIM5
SIM1
SIM2
SIM3
SIM4
1
21
22
SIM5
SIM1
SIM2
SIM3
SIM4
1
21
22
SIM5
SIM1
SIM2
SIM3
SIM4
1
21
22
SIM5
SIM1
SIM2
SIM3
SIM4
1
21
22
SIM5
SIM1
SIM2
SIM3
SIM4
1
21
22
SIM5
SIM1
SIM2
SIM3
SIM4
1
21
22
SIM5
SIM1
SIM2
SIM3
SIM4
1
21
22
SIM5
SIM1
SIM2
SIM3
SIM4
1
21
22
SIM5
SIM1
SIM2
SIM3
SIM4
1
21
22
SIM5
SIM1
SIM2
SIM3
SIM4
1
21
22
SIM5
SIM1
SIM2
SIM3
SIM4
1
21
22
SIM5
SIM1
SIM2
SIM3
SIM4
1
21
22
SIM5
SIM1
SIM2
SIM3
SIM4
1
21
22
SIM5
SIM1
SIM2
SIM3
SIM4
1
21
22
SIM5
SIM1
SIM2
SIM3
SIM4
1
21
22
SIM5
SIM1
SIM2
SIM3
SIM4
1
21
22
SIM5
SIM1
SIM2
SIM3
SIM4
1
21
22
SIM5
SIM1
SIM2
SIM3
SIM4
1
21
22
SIM5
SIM1
SIM2
SIM3
SIM4
1
21
22
SIM5
SIM1
SIM2
SIM3
SIM4
1
21
22
SIM5
SIM1
SIM2
SIM3
SIM4
1
21
22
SIM5
SIM1
SIM2
SIM3
SIM4
1
21
22
SIM5
SIM1
SIM2
SIM3
SIM4
1
21
22
SIM5
SIM1
SIM2
SIM3
SIM4
1
21
22
SIM5
SIM1
SIM2
SIM3
SIM4
1
21
22
SIM5
SIM1
SIM2
SIM3
SIM4
1
21
22
SIM5
SIM1
SIM2
SIM3
SIM4
1
21
22
SIM5
SIM1
SIM2
SIM3
SIM4
1
21
22
SIM5
SIM1
SIM2
SIM3
SIM4
1
21
22
SIM5
SIM1
SIM2
SIM3
SIM4
1
21
22
SIM5
SIM1
SIM2
SIM3
SIM4
1
21
22
SIM5
SIM1
SIM2
SIM3
SIM4
1
21
22
SIM5
SIM1
SIM2
SIM3
SIM4
1
21
22
SIM5
SIM1
SIM2
SIM3
SIM4
1
21
22
SIM5
SIM1
SIM2
SIM3
SIM4
1
21
22
SIM5
SIM1
SIM2
SIM3
SIM4
1
21
22
SIM5
SIM1
SIM2
SIM3
SIM4
1
21
22
SIM5
SIM1
SIM2
SIM3
SIM4
1
21
22
SIM5
SIM1
SIM2
SIM3
SIM4
1
21
22
SIM5
SIM1
SIM2
SIM3
SIM4
1
21
22
SIM5
SIM1
SIM2
SIM3
SIM4
1
21
22
SIM5
SIM1
SIM2
SIM3
SIM4
1
21
22
SIM5
SIM1
SIM2
SIM3
SIM4
1
21
22
SIM5
SIM1
SIM2
SIM3
SIM4
1
21
22
SIM5
SIM1
SIM2
SIM3
SIM4
1
21
22
SIM5
SIM1
SIM2
SIM3
SIM4
1
21
22
SIM5
SIM1
SIM2
SIM3
SIM4
1
21
22
SIM5
SIM1
SIM2
SIM3
SIM4
1
21
22
SIM5
SIM1
SIM2
SIM3
SIM4
1
21
22
SIM5
SIM1
SIM2
SIM3
SIM4
1
21
22
SIM5
SIM1
SIM2
SIM3
SIM4
1
21
22
SIM5
SIM1
SIM2
SIM3
SIM4
1
21
22
SIM5
SIM1
SIM2
SIM3
SIM4
1
21
22
SIM5
SIM1
SIM2
SIM3
SIM4
1
21
22
SIM5
SIM1
SIM2
SIM3
SIM4
1
21
22
SIM5
SIM1
SIM2
SIM3
SIM4
1
21
22
SIM5
SIM1
SIM2
SIM3
SIM4
1
21
22
SIM5
SIM1
SIM2
SIM3
SIM4
1
21
22
SIM5
SIM1
SIM2
SIM3
SIM4
1
21
22
SIM5
SIM1
SIM2
SIM3
SIM4
1
21
22
SIM5
SIM1
SIM2
SIM3
SIM4
1
21
22
SIM5
SIM1
SIM2
SIM3
SIM4
1
21
22
SIM5
SIM1
SIM2
SIM3
SIM4
1
21
22
SIM5
SIM1
SIM2
SIM3
SIM4
1
21
22
SIM5
SIM1
SIM2
SIM3
SIM4
1
21
22
SIM5
SIM1
SIM2
SIM3
SIM4
1
21
22
SIM5
SIM1
SIM2
SIM3
SIM4
1
21
22
SIM5
SIM1
SIM2
SIM3
SIM4
1
21
22
SIM5
SIM1
SIM2
SIM3
SIM4
1
21
22
SIM5
SIM1
SIM2
SIM3
SIM4
1
21
22
SIM5
SIM1
SIM2
SIM3
SIM4
1
21
22
SIM5
SIM1
SIM2
SIM3
SIM4
1
21
22
SIM5
SIM1
SIM2
SIM3
SIM4
1
21
22
SIM5
SIM1
SIM2
SIM3
SIM4
1
21
22
SIM5
SIM1
SIM2
SIM3
SIM4
1
21
22
SIM5
SIM1
SIM2
SIM3
SIM4
1
21
22
SIM5
SIM1
SIM2
SIM3
SIM4
1
21
22
SIM5
SIM1
SIM2
SIM3
SIM4
1
21
22
SIM5
SIM1
SIM2
SIM3
SIM4
1
21
22
SIM5
SIM1
SIM2
SIM3
SIM4
1
21
22
SIM5
SIM1
SIM2
SIM3
SIM4
1
21
22
SIM5
SIM1
SIM2
SIM3
SIM4
1
21
22
SIM5
SIM1
SIM2
SIM3
SIM4
1
21
22
SIM5
SIM1
SIM2
SIM3
SIM4
1
21
22
SIM5
SIM1
SIM2
SIM3
SIM4
1
21
22
SIM5
SIM1
SIM2
SIM3
SIM4
1
21
22
SIM5
SIM1
SIM2
SIM3
SIM4
1
21
22
SIM5
SIM1
SIM2
SIM3
SIM4
1
21
22
SIM5
SIM1
SIM2
SIM3
SIM4
1
21
22
SIM5
SIM1
SIM2
SIM3
SIM4
1
21
22
SIM5
SIM1
SIM2
DEBUG 1 661
SIM1
SIM2
SIM3
SIM4
1
21
22
SIM5
SIM1
SIM2
SIM3
SIM4
1
21
22
SIM5
SIM1
SIM2
SIM3
SIM4
1
21
22
SIM5
SIM1
SIM2
SIM3
SIM4
1
21
22
SIM5
SIM1
SIM2
SIM3
SIM4
1
21
22
SIM5
SIM1
SIM2
SIM3
SIM4
1
21
22
SIM5
SIM1
SIM2
SIM3
SIM4
1
21
22
SIM5
SIM1
SIM2
SIM3
SIM4
1
21
22
SIM5
SIM1
SIM2
SIM3
SIM4
1
21
22
SIM5
SIM1
SIM2
SIM3
SIM4
1
21
22
SIM5
SIM1
SIM2
SIM3
SIM4
1
21
22
SIM5
SIM1
SIM2
SIM3
SIM4
1
21
22
SIM5
SIM1
SIM2
SIM3
SIM4
1
21
22
SIM5
SIM1
SIM2
SIM3
SIM4
1
21
22
SIM5
SIM1
SIM2
SIM3
SIM4
1
21
22
SIM5
SIM1
SIM2
SIM3
SIM4
1
21
22
SIM5
SIM1
SIM2
SIM3
SIM4
1
21
22
SIM5
SIM1
SIM2
SIM3
SIM4
1
21
22
SIM5
SIM1
SIM2
SIM3
SIM4
1
21
22
SIM5
SIM1
SIM2
SIM3
SIM4
1
21
22
SIM5
SIM1
SIM2
SIM3
SIM4
1
21
22
SIM5
SIM1
SIM2
SIM3
SIM4
1
21
22
SIM5
SIM1
SIM2
SIM3
SIM4
1
21
22
SIM5
SIM1
SIM2
SIM3
SIM4
1
21
22
SIM5
SIM1
SIM2
SIM3
SIM4
1
21
22
SIM5
SIM1
SIM2
SIM3
SIM4
1
21
22
SIM5
SIM1
SIM2
SIM3
SIM4
1
21
22
SIM5
SIM1
SIM2
SIM3
SIM4
1
21
22
SIM5
SIM1
SIM2
SIM3
SIM4
1
21
22
SIM5
SIM1
SIM2
SIM3
SIM4
1
21
22
SIM5
SIM1
SIM2
SIM3
SIM4
1
21
22
SIM5
SIM1
SIM2
SIM3
SIM4
1
21
22
SIM5
SIM1
SIM2
SIM3
SIM4
1
21
22
SIM5
SIM1
SIM2
SIM3
SIM4
1
21
22
SIM5
SIM1
SIM2
SIM3
SIM4
1
21
22
SIM5
SIM1
SIM2
SIM3
SIM4
1
21
22
SIM5
SIM1
SIM2
SIM3
SIM4
1
21
22
SIM5
SIM1
SIM2
SIM3
SIM4
1
21
22
SIM5
SIM1
SIM2
SIM3
SIM4
1
21
22
SIM5
SIM1
SIM2
SIM3
SIM4
1
21
22
SIM5
SIM1
SIM2
SIM3
SIM4
1
21
22
SIM5
SIM1
SIM2
SIM3
SIM4
1
21
22
SIM5
SIM1
SIM2
SIM3
SIM4
1
21
22
SIM5
SIM1
SIM2
SIM3
SIM4
1
21
22
SIM5
SIM1
SIM2
SIM3
SIM4
1
21
22
SIM5
SIM1
SIM2
SIM3
SIM4
1
21
22
SIM5
SIM1
SIM2
SIM3
SIM4
1
21
22
SIM5
SIM1
SIM2
SIM3
SIM4
1
21
22
SIM5
SIM1
SIM2
SIM3
SIM4
1
21
22
SIM5
SIM1
SIM2
SIM3
SIM4
1
21
22
SIM5
SIM1
SIM2
SIM3
SIM4
1
21
22
SIM5
SIM1
SIM2
SIM3
SIM4
1
21
22
SIM5
SIM1
SIM2
SIM3
SIM4
1
21
22
SIM5
SIM1
SIM2
SIM3
SIM4
1
21
22
SIM5
SIM1
SIM2
SIM3
SIM4
1
21
22
SIM5
SIM1
SIM2
SIM3
SIM4
1
21
22
SIM5
SIM1
SIM2
SIM3
SIM4
1
21
22
SIM5
SIM1
SIM2
SIM3
SIM4
1
21
22
SIM5
SIM1
SIM2
SIM3
SIM4
1
21
22
SIM5
SIM1
SIM2
SIM3
SIM4
1
21
22
SIM5
SIM1
SIM2
SIM3
SIM4
1
21
22
SIM5
SIM1
SIM2
SIM3
SIM4
1
21
22
SIM5
SIM1
SIM2
SIM3
SIM4
1
21
22
SIM5
SIM1
SIM2
SIM3
SIM4
1
21
22
SIM5
SIM1
SIM2
SIM3
SIM4
1
21
22
SIM5
SIM1
SIM2
SIM3
SIM4
1
21
22
SIM5
SIM1
SIM2
SIM3
SIM4
1
21
22
SIM5
SIM1
SIM2
SIM3
SIM4
1
21
22
SIM5
SIM1
SIM2
SIM3
SIM4
1
21
22
SIM5
SIM1
SIM2
SIM3
SIM4
1
21
22
SIM5
SIM1
SIM2
SIM3
SIM4
1
21
22
SIM5
SIM1
SIM2
SIM3
SIM4
1
21
22
SIM5
SIM1
SIM2
SIM3
SIM4
1
21
22
SIM5
SIM1
SIM2
SIM3
SIM4
1
21
22
SIM5
SIM1
SIM2
SIM3
SIM4
1
21
22
SIM5
SIM1
SIM2
SIM3
SIM4
1
21
22
SIM5
SIM1
SIM2
SIM3
SIM4
1
21
22
SIM5
SIM1
SIM2
SIM3
SIM4
1
21
22
SIM5
SIM1
SIM2
SIM3
SIM4
1
21
22
SIM5
SIM1
SIM2
SIM3
SIM4
1
21
22
SIM5
SIM1
SIM2
SIM3
SIM4
1
21
22
SIM5
SIM1
SIM2
SIM3
SIM4
1
21
22
SIM5
SIM1
SIM2
SIM3
SIM4
1
21
22
SIM5
SIM1
SIM2
SIM3
SIM4
1
21
22
SIM5
SIM1
SIM2
SIM3
SIM4
1
21
22
SIM5
SIM1
SIM2
SIM3
SIM4
1
21
22
SIM5
SIM1
SIM2
SIM3
SIM4
1
21
22
SIM5
SIM1
SIM2
SIM3
SIM4
1
21
22
SIM5
SIM1
SIM2
SIM3
SIM4
1
21
22
SIM5
SIM1
SIM2
SIM3
SIM4
1
21
22
SIM5
SIM1
SIM2
SIM3
SIM4
1
21
22
SIM5
SIM1
SIM2
SIM3
SIM4
1
21
22
SIM5
SIM1
SIM2
SIM3
SIM4
1
21
22
SIM5
SIM1
SIM2
SIM3
SIM4
1
21
22
SIM5
SIM1
SIM2
SIM3
SIM4
1
21
22
SIM5
SIM1
SIM2
SIM3
SIM4
1
21
22
SIM5
SIM1
SIM2
SIM3
SIM4
1
21
22
SIM5
SIM1
SIM2
SIM3
SIM4
1
21
22
SIM5
SIM1
SIM2
SIM3
SIM4
1
21
22
SIM5
SIM1
SIM2
SIM3
SIM4
1
21
22
SIM5
SIM1
SIM2
SIM3
SIM4
1
21
22
SIM5
SIM1
SIM2
SIM3
SIM4
1
21
22
SIM5
SIM1
SIM2
SIM3
SIM4
1
21
22
SIM5
SIM1
SIM2
SIM3
SIM4
1
21
22
SIM5
SIM1
SIM2
SIM3
SIM4
1
21
22
SIM5
SIM1
SIM2
SIM3
SIM4
1
21
22
SIM5
SIM1
SIM2
SIM3
SIM4
1
21
22
SIM5
SIM1
SIM2
SIM3
SIM4
1
21
22
SIM5
SIM1
SIM2
SIM3
SIM4
1
21
22
SIM5
SIM1
SIM2
SIM3
SIM4
1
21
22
SIM5
SIM1
SIM2
SIM3
SIM4
1
21
22
SIM5
SIM1
SIM2
SIM3
SIM4
1
21
22
SIM5
SIM1
SIM2
SIM3
SIM4
1
21
22
SIM5
SIM1
SIM2
SIM3
SIM4
1
21
22
SIM5
SIM1
SIM2
SIM3
SIM4
1
21
22
SIM5
SIM1
SIM2
SIM3
SIM4
1
21
22
SIM5
SIM1
SIM2
SIM3
SIM4
1
21
22
SIM5
SIM1
SIM2
SIM3
SIM4
1
21
22
SIM5
SIM1
SIM2
SIM3
SIM4
1
21
22
SIM5
SIM1
SIM2
SIM3
SIM4
1
21
22
SIM5
SIM1
SIM2
SIM3
SIM4
1
21
22
SIM5
SIM1
SIM2
SIM3
SIM4
1
21
22
SIM5
SIM1
SIM2
SIM3
SIM4
1
21
22
SIM5
SIM1
SIM2
SIM3
SIM4
1
21
22
SIM5
SIM1
SIM2
SIM3
SIM4
1
21
22
SIM5
SIM1
SIM2
SIM3
SIM4
1
21
22
SIM5
SIM1
SIM2
SIM3
SIM4
1
21
22
SIM5
SIM1
SIM2
SIM3
SIM4
1
21
22
SIM5
SIM1
SIM2
SIM3
SIM4
1
21
22
SIM5
SIM1
SIM2
SIM3
SIM4
1
21
22
SIM5
SIM1
SIM2
SIM3
SIM4
1
21
22
SIM5
SIM1
SIM2
SIM3
SIM4
1
21
22
SIM5
SIM1
SIM2
SIM3
SIM4
1
21
22
SIM5
SIM1
SIM2
SIM3
SIM4
1
21
22
SIM5
SIM1
SIM2
SIM3
SIM4
1
21
22
SIM5
SIM1
SIM2
SIM3
SIM4
1
21
22
SIM5
SIM1
SIM2
SIM3
SIM4
1
21
22
SIM5
SIM1
SIM2
SIM3
SIM4
1
21
22
SIM5
SIM1
SIM2
SIM3
SIM4
1
21
22
SIM5
SIM1
SIM2
SIM3
SIM4
1
21
22
SIM5
SIM1
SIM2
SIM3
SIM4
1
21
22
SIM5
SIM1
SIM2
SIM3
SIM4
1
21
22
SIM5
SIM1
SIM2
SIM3
SIM4
1
21
22
SIM5
SIM1
SIM2
SIM3
SIM4
1
21
22
SIM5
SIM1
SIM2
SIM3
SIM4
1
21
22
SIM5
SIM1
SIM2
SIM3
SIM4
1
21
22
SIM5
SIM1
SIM2
SIM3
SIM4
1
21
22
SIM5
SIM1
SIM2
SIM3
SIM4
1
21
22
SIM5
SIM1
SIM2
SIM3
SIM4
1
21
22
SIM5
SIM1
SIM2
SIM3
SIM4
1
21
22
SIM5
SIM1
SIM2
SIM3
SIM4
1
21
22
SIM5
SIM1
SIM2
SIM3
SIM4
1
21
22
SIM5
SIM1
SIM2
SIM3
SIM4
1
21
22
SIM5
SIM1
SIM2
SIM3
SIM4
1
21
22
SIM5
SIM1
SIM2
SIM3
SIM4
1
21
22
SIM5
SIM1
SIM2
SIM3
SIM4
1
21
22
SIM5
SIM1
SIM2
SIM3
SIM4
1
21
22
SIM5
SIM1
SIM2
SIM3
SIM4
1
21
22
SIM5
SIM1
SIM2
SIM3
SIM4
1
21
22
SIM5
SIM1
SIM2
SIM3
SIM4
1
21
22
SIM5
SIM1
SIM2
SIM3
SIM4
1
21
22
SIM5
SIM1
SIM2
SIM3
SIM4
1
21
22
SIM5
SIM1
SIM2
SIM3
SIM4
1
21
22
SIM5
SIM1
SIM2
SIM3
SIM4
1
21
22
SIM5
SIM1
SIM2
SIM3
SIM4
1
21
22
SIM5
SIM1
SIM2
SIM3
SIM4
1
21
22
SIM5
SIM1
SIM2
SIM3
SIM4
1
21
22
SIM5
SIM1
SIM2
SIM3
SIM4
1
21
22
SIM5
SIM1
SIM2
SIM3
SIM4
1
21
22
SIM5
SIM1
SIM2
SIM3
SIM4
1
21
22
SIM5
SIM1
SIM2
SIM3
SIM4
1
21
22
SIM5
SIM1
SIM2
SIM3
SIM4
1
21
22
SIM5
SIM1
SIM2
SIM3
SIM4
1
21
22
SIM5
SIM1
SIM2
SIM3
SIM4
1
21
22
SIM5
SIM1
SIM2
SIM3
SIM4
1
21
22
SIM5
SIM1
SIM2
SIM3
SIM4
1
21
22
SIM5
SIM1
SIM2
SIM3
SIM4
1
21
22
SIM5
SIM1
SIM2
SIM3
SIM4
1
21
22
SIM5
SIM1
SIM2
SIM3
SIM4
1
21
22
SIM5
SIM1
SIM2
SIM3
SIM4
1
21
22
SIM5
SIM1
SIM2
SIM3
SIM4
1
21
22
SIM5
SIM1
SIM2
SIM3
SIM4
1
21
22
SIM5
SIM1
SIM2
SIM3
SIM4
1
21
22
SIM5
SIM1
SIM2
SIM3
SIM4
1
21
22
SIM5
SIM1
SIM2
SIM3
SIM4
1
21
22
SIM5
SIM1
SIM2
SIM3
SIM4
1
21
22
SIM5
SIM1
SIM2
SIM3
SIM4
1
21
22
SIM5
SIM1
SIM2
SIM3
SIM4
1
21
22
SIM5
SIM1
SIM2
SIM3
SIM4
1
21
22
SIM5
SIM1
SIM2
SIM3
SIM4
1
21
22
SIM5
SIM1
SIM2
SIM3
SIM4
1
21
22
SIM5
SIM1
SIM2
SIM3
SIM4
1
21
22
SIM5
SIM1
SIM2
SIM3
SIM4
1
21
22
SIM5
SIM1
SIM2
SIM3
SIM4
1
21
22
SIM5
SIM1
SIM2
SIM3
SIM4
1
21
22
SIM5
SIM1
SIM2
SIM3
SIM4
1
21
22
SIM5
SIM1
SIM2
SIM3
SIM4
1
21
22
SIM5
SIM1
SIM2
SIM3
SIM4
1
21
22
SIM5
SIM1
SIM2
SIM3
SIM4
1
21
22
SIM5
SIM1
SIM2
SIM3
SIM4
1
21
22
SIM5
SIM1
SIM2
SIM3
SIM4
1
21
22
SIM5
SIM1
SIM2
SIM3
SIM4
1
21
22
SIM5
SIM1
SIM2
SIM3
SIM4
1
21
22
SIM5
SIM1
SIM2
SIM3
SIM4
1
21
22
SIM5
SIM1
SIM2
SIM3
SIM4
1
21
22
SIM5
SIM1
SIM2
SIM3
SIM4
1
21
22
SIM5
SIM1
SIM2
SIM3
SIM4
1
21
22
SIM5
SIM1
SIM2
SIM3
SIM4
1
21
22
SIM5
SIM1
SIM2
SIM3
SIM4
1
21
22
SIM5
SIM1
SIM2
SIM3
SIM4
1
21
22
SIM5
SIM1
SIM2
SIM3
SIM4
1
21
22
SIM5
SIM1
SIM2
SIM3
SIM4
1
21
22
SIM5
SIM1
SIM2
SIM3
SIM4
1
21
22
SIM5
SIM1
SIM2
SIM3
SIM4
1
21
22
SIM5
SIM1
SIM2
SIM3
SIM4
1
21
22
SIM5
SIM1
SIM2
SIM3
SIM4
1
21
22
SIM5
SIM1
SIM2
SIM3
SIM4
1
21
22
SIM5
SIM1
SIM2
SIM3
SIM4
1
21
22
SIM5
SIM1
SIM2
SIM3
SIM4
1
21
22
SIM5
SIM1
SIM2
SIM3
SIM4
1
21
22
SIM5
SIM1
SIM2
SIM3
SIM4
1
21
22
SIM5
SIM1
SIM2
DEBUG 1 662
SIM1
SIM2
SIM3
SIM4
1
21
22
SIM5
SIM1
SIM2
SIM3
SIM4
1
21
22
SIM5
SIM1
SIM2
SIM3
SIM4
1
21
22
SIM5
SIM1
SIM2
SIM3
SIM4
1
21
22
SIM5
SIM1
SIM2
SIM3
SIM4
1
21
22
SIM5
SIM1
SIM2
SIM3
SIM4
1
21
22
SIM5
SIM1
SIM2
SIM3
SIM4
1
21
22
SIM5
SIM1
SIM2
SIM3
SIM4
1
21
22
SIM5
SIM1
SIM2
SIM3
SIM4
1
21
22
SIM5
SIM1
SIM2
SIM3
SIM4
1
21
22
SIM5
SIM1
SIM2
SIM3
SIM4
1
21
22
SIM5
SIM1
SIM2
SIM3
SIM4
1
21
22
SIM5
SIM1
SIM2
SIM3
SIM4
1
21
22
SIM5
SIM1
SIM2
SIM3
SIM4
1
21
22
SIM5
SIM1
SIM2
SIM3
SIM4
1
21
22
SIM5
SIM1
SIM2
SIM3
SIM4
1
21
22
SIM5
SIM1
SIM2
SIM3
SIM4
1
21
22
SIM5
SIM1
SIM2
SIM3
SIM4
1
21
22
SIM5
SIM1
SIM2
SIM3
SIM4
1
21
22
SIM5
SIM1
SIM2
SIM3
SIM4
1
21
22
SIM5
SIM1
SIM2
SIM3
SIM4
1
21
22
SIM5
SIM1
SIM2
SIM3
SIM4
1
21
22
SIM5
SIM1
SIM2
SIM3
SIM4
1
21
22
SIM5
SIM1
SIM2
SIM3
SIM4
1
21
22
SIM5
SIM1
SIM2
SIM3
SIM4
1
21
22
SIM5
SIM1
SIM2
SIM3
SIM4
1
21
22
SIM5
SIM1
SIM2
SIM3
SIM4
1
21
22
SIM5
SIM1
SIM2
SIM3
SIM4
1
21
22
SIM5
SIM1
SIM2
SIM3
SIM4
1
21
22
SIM5
SIM1
SIM2
SIM3
SIM4
1
21
22
SIM5
SIM1
SIM2
SIM3
SIM4
1
21
22
SIM5
SIM1
SIM2
SIM3
SIM4
1
21
22
SIM5
SIM1
SIM2
SIM3
SIM4
1
21
22
SIM5
SIM1
SIM2
SIM3
SIM4
1
21
22
SIM5
SIM1
SIM2
SIM3
SIM4
1
21
22
SIM5
SIM1
SIM2
SIM3
SIM4
1
21
22
SIM5
SIM1
SIM2
SIM3
SIM4
1
21
22
SIM5
SIM1
SIM2
SIM3
SIM4
1
21
22
SIM5
SIM1
SIM2
SIM3
SIM4
1
21
22
SIM5
SIM1
SIM2
SIM3
SIM4
1
21
22
SIM5
SIM1
SIM2
SIM3
SIM4
1
21
22
SIM5
SIM1
SIM2
SIM3
SIM4
1
21
22
SIM5
SIM1
SIM2
SIM3
SIM4
1
21
22
SIM5
SIM1
SIM2
SIM3
SIM4
1
21
22
SIM5
SIM1
SIM2
SIM3
SIM4
1
21
22
SIM5
SIM1
SIM2
SIM3
SIM4
1
21
22
SIM5
SIM1
SIM2
SIM3
SIM4
1
21
22
SIM5
SIM1
SIM2
SIM3
SIM4
1
21
22
SIM5
SIM1
SIM2
SIM3
SIM4
1
21
22
SIM5
SIM1
SIM2
SIM3
SIM4
1
21
22
SIM5
SIM1
SIM2
SIM3
SIM4
1
21
22
SIM5
SIM1
SIM2
SIM3
SIM4
1
21
22
SIM5
SIM1
SIM2
SIM3
SIM4
1
21
22
SIM5
SIM1
SIM2
SIM3
SIM4
1
21
22
SIM5
SIM1
SIM2
SIM3
SIM4
1
21
22
SIM5
SIM1
SIM2
SIM3
SIM4
1
21
22
SIM5
SIM1
SIM2
SIM3
SIM4
1
21
22
SIM5
SIM1
SIM2
SIM3
SIM4
1
21
22
SIM5
SIM1
SIM2
SIM3
SIM4
1
21
22
SIM5
SIM1
SIM2
SIM3
SIM4
1
21
22
SIM5
SIM1
SIM2
SIM3
SIM4
1
21
22
SIM5
SIM1
SIM2
SIM3
SIM4
1
21
22
SIM5
SIM1
SIM2
SIM3
SIM4
1
21
22
SIM5
SIM1
SIM2
SIM3
SIM4
1
21
22
SIM5
SIM1
SIM2
SIM3
SIM4
1
21
22
SIM5
SIM1
SIM2
SIM3
SIM4
1
21
22
SIM5
SIM1
SIM2
SIM3
SIM4
1
21
22
SIM5
SIM1
SIM2
SIM3
SIM4
1
21
22
SIM5
SIM1
SIM2
SIM3
SIM4
1
21
22
SIM5
SIM1
SIM2
SIM3
SIM4
1
21
22
SIM5
SIM1
SIM2
SIM3
SIM4
1
21
22
SIM5
SIM1
SIM2
SIM3
SIM4
1
21
22
SIM5
SIM1
SIM2
SIM3
SIM4
1
21
22
SIM5
SIM1
SIM2
SIM3
SIM4
1
21
22
SIM5
SIM1
SIM2
SIM3
SIM4
1
21
22
SIM5
SIM1
SIM2
SIM3
SIM4
1
21
22
SIM5
SIM1
SIM2
SIM3
SIM4
1
21
22
SIM5
SIM1
SIM2
SIM3
SIM4
1
21
22
SIM5
SIM1
SIM2
SIM3
SIM4
1
21
22
SIM5
SIM1
SIM2
SIM3
SIM4
1
21
22
SIM5
SIM1
SIM2
SIM3
SIM4
1
21
22
SIM5
SIM1
SIM2
SIM3
SIM4
1
21
22
SIM5
SIM1
SIM2
SIM3
SIM4
1
21
22
SIM5
SIM1
SIM2
SIM3
SIM4
1
21
22
SIM5
SIM1
SIM2
SIM3
SIM4
1
21
22
SIM5
SIM1
SIM2
SIM3
SIM4
1
21
22
SIM5
SIM1
SIM2
SIM3
SIM4
1
21
22
SIM5
SIM1
SIM2
SIM3
SIM4
1
21
22
SIM5
SIM1
SIM2
SIM3
SIM4
1
21
22
SIM5
SIM1
SIM2
SIM3
SIM4
1
21
22
SIM5
SIM1
SIM2
SIM3
SIM4
1
21
22
SIM5
SIM1
SIM2
SIM3
SIM4
1
21
22
SIM5
SIM1
SIM2
SIM3
SIM4
1
21
22
SIM5
SIM1
SIM2
SIM3
SIM4
1
21
22
SIM5
SIM1
SIM2
SIM3
SIM4
1
21
22
SIM5
SIM1
SIM2
SIM3
SIM4
1
21
22
SIM5
SIM1
SIM2
SIM3
SIM4
1
21
22
SIM5
SIM1
SIM2
SIM3
SIM4
1
21
22
SIM5
SIM1
SIM2
SIM3
SIM4
1
21
22
SIM5
SIM1
SIM2
SIM3
SIM4
1
21
22
SIM5
SIM1
SIM2
SIM3
SIM4
1
21
22
SIM5
SIM1
SIM2
SIM3
SIM4
1
21
22
SIM5
SIM1
SIM2
SIM3
SIM4
1
21
22
SIM5
SIM1
SIM2
SIM3
SIM4
1
21
22
SIM5
SIM1
SIM2
SIM3
SIM4
1
21
22
SIM5
SIM1
SIM2
SIM3
SIM4
1
21
22
SIM5
SIM1
SIM2
SIM3
SIM4
1
21
22
SIM5
SIM1
SIM2
SIM3
SIM4
1
21
22
SIM5
SIM1
SIM2
SIM3
SIM4
1
21
22
SIM5
SIM1
SIM2
SIM3
SIM4
1
21
22
SIM5
SIM1
SIM2
SIM3
SIM4
1
21
22
SIM5
SIM1
SIM2
SIM3
SIM4
1
21
22
SIM5
SIM1
SIM2
SIM3
SIM4
1
21
22
SIM5
SIM1
SIM2
SIM3
SIM4
1
21
22
SIM5
SIM1
SIM2
SIM3
SIM4
1
21
22
SIM5
SIM1
SIM2
SIM3
SIM4
1
21
22
SIM5
SIM1
SIM2
SIM3
SIM4
1
21
22
SIM5
SIM1
SIM2
SIM3
SIM4
1
21
22
SIM5
SIM1
SIM2
SIM3
SIM4
1
21
22
SIM5
SIM1
SIM2
SIM3
SIM4
1
21
22
SIM5
SIM1
SIM2
SIM3
SIM4
1
21
22
SIM5
SIM1
SIM2
SIM3
SIM4
1
21
22
SIM5
SIM1
SIM2
SIM3
SIM4
1
21
22
SIM5
SIM1
SIM2
SIM3
SIM4
1
21
22
SIM5
SIM1
SIM2
SIM3
SIM4
1
21
22
SIM5
SIM1
SIM2
SIM3
SIM4
1
21
22
SIM5
SIM1
SIM2
SIM3
SIM4
1
21
22
SIM5
SIM1
SIM2
SIM3
SIM4
1
21
22
SIM5
SIM1
SIM2
SIM3
SIM4
1
21
22
SIM5
SIM1
SIM2
SIM3
SIM4
1
21
22
SIM5
SIM1
SIM2
SIM3
SIM4
1
21
22
SIM5
SIM1
SIM2
SIM3
SIM4
1
21
22
SIM5
SIM1
SIM2
SIM3
SIM4
1
21
22
SIM5
SIM1
SIM2
SIM3
SIM4
1
21
22
SIM5
SIM1
SIM2
SIM3
SIM4
1
21
22
SIM5
SIM1
SIM2
SIM3
SIM4
1
21
22
SIM5
SIM1
SIM2
SIM3
SIM4
1
21
22
SIM5
SIM1
SIM2
DEBUG 1 663
SIM1
SIM2
SIM3
SIM4
1
21
22
SIM5
SIM1
SIM2
SIM3
SIM4
1
21
22
SIM5
SIM1
SIM2
SIM3
SIM4
1
21
22
SIM5
SIM1
SIM2
SIM3
SIM4
1
21
22
SIM5
SIM1
SIM2
SIM3
SIM4
1
21
22
SIM5
SIM1
SIM2
SIM3
SIM4
1
21
22
SIM5
SIM1
SIM2
SIM3
SIM4
1
21
22
SIM5
SIM1
SIM2
SIM3
SIM4
1
21
22
SIM5
SIM1
SIM2
SIM3
SIM4
1
21
22
SIM5
SIM1
SIM2
SIM3
SIM4
1
21
22
SIM5
SIM1
SIM2
SIM3
SIM4
1
21
22
SIM5
SIM1
SIM2
SIM3
SIM4
1
21
22
SIM5
SIM1
SIM2
SIM3
SIM4
1
21
22
SIM5
SIM1
SIM2
SIM3
SIM4
1
21
22
SIM5
SIM1
SIM2
SIM3
SIM4
1
21
22
SIM5
SIM1
SIM2
SIM3
SIM4
1
21
22
SIM5
SIM1
SIM2
SIM3
SIM4
1
21
22
SIM5
SIM1
SIM2
SIM3
SIM4
1
21
22
SIM5
SIM1
SIM2
SIM3
SIM4
1
21
22
SIM5
SIM1
SIM2
SIM3
SIM4
1
21
22
SIM5
SIM1
SIM2
SIM3
SIM4
1
21
22
SIM5
SIM1
SIM2
SIM3
SIM4
1
21
22
SIM5
SIM1
SIM2
SIM3
SIM4
1
21
22
SIM5
SIM1
SIM2
SIM3
SIM4
1
21
22
SIM5
SIM1
SIM2
SIM3
SIM4
1
21
22
SIM5
SIM1
SIM2
SIM3
SIM4
1
21
22
SIM5
SIM1
SIM2
SIM3
SIM4
1
21
22
SIM5
SIM1
SIM2
SIM3
SIM4
1
21
22
SIM5
SIM1
SIM2
SIM3
SIM4
1
21
22
SIM5
SIM1
SIM2
SIM3
SIM4
1
21
22
SIM5
SIM1
SIM2
SIM3
SIM4
1
21
22
SIM5
SIM1
SIM2
SIM3
SIM4
1
21
22
SIM5
SIM1
SIM2
SIM3
SIM4
1
21
22
SIM5
SIM1
SIM2
SIM3
SIM4
1
21
22
SIM5
SIM1
SIM2
SIM3
SIM4
1
21
22
SIM5
SIM1
SIM2
SIM3
SIM4
1
21
22
SIM5
SIM1
SIM2
SIM3
SIM4
1
21
22
SIM5
SIM1
SIM2
SIM3
SIM4
1
21
22
SIM5
SIM1
SIM2
SIM3
SIM4
1
21
22
SIM5
SIM1
SIM2
SIM3
SIM4
1
21
22
SIM5
SIM1
SIM2
SIM3
SIM4
1
21
22
SIM5
SIM1
SIM2
SIM3
SIM4
1
21
22
SIM5
SIM1
SIM2
SIM3
SIM4
1
21
22
SIM5
SIM1
SIM2
SIM3
SIM4
1
21
22
SIM5
SIM1
SIM2
SIM3
SIM4
1
21
22
SIM5
SIM1
SIM2
SIM3
SIM4
1
21
22
SIM5
SIM1
SIM2
SIM3
SIM4
1
21
22
SIM5
SIM1
SIM2
SIM3
SIM4
1
21
22
SIM5
SIM1
SIM2
SIM3
SIM4
1
21
22
SIM5
SIM1
SIM2
SIM3
SIM4
1
21
22
SIM5
SIM1
SIM2
SIM3
SIM4
1
21
22
SIM5
SIM1
SIM2
SIM3
SIM4
1
21
22
SIM5
SIM1
SIM2
SIM3
SIM4
1
21
22
SIM5
SIM1
SIM2
SIM3
SIM4
1
21
22
SIM5
SIM1
SIM2
SIM3
SIM4
1
21
22
SIM5
SIM1
SIM2
SIM3
SIM4
1
21
22
SIM5
SIM1
SIM2
SIM3
SIM4
1
21
22
SIM5
SIM1
SIM2
SIM3
SIM4
1
21
22
SIM5
SIM1
SIM2
SIM3
SIM4
1
21
22
SIM5
SIM1
SIM2
SIM3
SIM4
1
21
22
SIM5
SIM1
SIM2
SIM3
SIM4
1
21
22
SIM5
SIM1
SIM2
SIM3
SIM4
1
21
22
SIM5
SIM1
SIM2
SIM3
SIM4
1
21
22
SIM5
SIM1
SIM2
SIM3
SIM4
1
21
22
SIM5
SIM1
SIM2
SIM3
SIM4
1
21
22
SIM5
SIM1
SIM2
SIM3
SIM4
1
21
22
SIM5
SIM1
SIM2
SIM3
SIM4
1
21
22
SIM5
SIM1
SIM2
SIM3
SIM4
1
21
22
SIM5
SIM1
SIM2
SIM3
SIM4
1
21
22
SIM5
SIM1
SIM2
SIM3
SIM4
1
21
22
SIM5
SIM1
SIM2
SIM3
SIM4
1
21
22
SIM5
SIM1
SIM2
SIM3
SIM4
1
21
22
SIM5
SIM1
SIM2
SIM3
SIM4
1
21
22
SIM5
SIM1
SIM2
SIM3
SIM4
1
21
22
SIM5
SIM1
SIM2
SIM3
SIM4
1
21
22
SIM5
SIM1
SIM2
SIM3
SIM4
1
21
22
SIM5
SIM1
SIM2
SIM3
SIM4
1
21
22
SIM5
SIM1
SIM2
SIM3
SIM4
1
21
22
SIM5
SIM1
SIM2
SIM3
SIM4
1
21
22
SIM5
SIM1
SIM2
SIM3
SIM4
1
21
22
SIM5
SIM1
SIM2
SIM3
SIM4
1
21
22
SIM5
SIM1
SIM2
SIM3
SIM4
1
21
22
SIM5
SIM1
SIM2
SIM3
SIM4
1
21
22
SIM5
SIM1
SIM2
SIM3
SIM4
1
21
22
SIM5
SIM1
SIM2
SIM3
SIM4
1
21
22
SIM5
SIM1
SIM2
SIM3
SIM4
1
21
22
SIM5
SIM1
SIM2
SIM3
SIM4
1
21
22
SIM5
SIM1
SIM2
SIM3
SIM4
1
21
22
SIM5
SIM1
SIM2
SIM3
SIM4
1
21
22
SIM5
SIM1
SIM2
SIM3
SIM4
1
21
22
SIM5
SIM1
SIM2
SIM3
SIM4
1
21
22
SIM5
SIM1
SIM2
SIM3
SIM4
1
21
22
SIM5
SIM1
SIM2
SIM3
SIM4
1
21
22
SIM5
SIM1
SIM2
SIM3
SIM4
1
21
22
SIM5
SIM1
SIM2
SIM3
SIM4
1
21
22
SIM5
SIM1
SIM2
SIM3
SIM4
1
21
22
SIM5
SIM1
SIM2
SIM3
SIM4
1
21
22
SIM5
SIM1
SIM2
SIM3
SIM4
1
21
22
SIM5
SIM1
SIM2
SIM3
SIM4
1
21
22
SIM5
SIM1
SIM2
SIM3
SIM4
1
21
22
SIM5
SIM1
SIM2
SIM3
SIM4
1
21
22
SIM5
SIM1
SIM2
SIM3
SIM4
1
21
22
SIM5
SIM1
SIM2
SIM3
SIM4
1
21
22
SIM5
SIM1
SIM2
SIM3
SIM4
1
21
22
SIM5
SIM1
SIM2
SIM3
SIM4
1
21
22
SIM5
SIM1
SIM2
SIM3
SIM4
1
21
22
SIM5
SIM1
SIM2
SIM3
SIM4
1
21
22
SIM5
SIM1
SIM2
SIM3
SIM4
1
21
22
SIM5
SIM1
SIM2
SIM3
SIM4
1
21
22
SIM5
SIM1
SIM2
SIM3
SIM4
1
21
22
SIM5
SIM1
SIM2
SIM3
SIM4
1
21
22
SIM5
SIM1
SIM2
SIM3
SIM4
1
21
22
SIM5
SIM1
SIM2
SIM3
SIM4
1
21
22
SIM5
SIM1
SIM2
SIM3
SIM4
1
21
22
SIM5
SIM1
SIM2
SIM3
SIM4
1
21
22
SIM5
SIM1
SIM2
SIM3
SIM4
1
21
22
SIM5
SIM1
SIM2
SIM3
SIM4
1
21
22
SIM5
SIM1
SIM2
SIM3
SIM4
1
21
22
SIM5
SIM1
SIM2
SIM3
SIM4
1
21
22
SIM5
SIM1
SIM2
SIM3
SIM4
1
21
22
SIM5
SIM1
SIM2
SIM3
SIM4
1
21
22
SIM5
SIM1
SIM2
SIM3
SIM4
1
21
22
SIM5
SIM1
SIM2
SIM3
SIM4
1
21
22
SIM5
SIM1
SIM2
DEBUG 1 664
SIM1
SIM2
SIM3
SIM4
1
21
22
SIM5
SIM1
SIM2
SIM3
SIM4
1
21
22
SIM5
SIM1
SIM2
SIM3
SIM4
1
21
22
SIM5
SIM1
SIM2
SIM3
SIM4
1
21
22
SIM5
SIM1
SIM2
SIM3
SIM4
1
21
22
SIM5
SIM1
SIM2
SIM3
SIM4
1
21
22
SIM5
SIM1
SIM2
SIM3
SIM4
1
21
22
SIM5
SIM1
SIM2
SIM3
SIM4
1
21
22
SIM5
SIM1
SIM2
SIM3
SIM4
1
21
22
SIM5
SIM1
SIM2
SIM3
SIM4
1
21
22
SIM5
SIM1
SIM2
SIM3
SIM4
1
21
22
SIM5
SIM1
SIM2
SIM3
SIM4
1
21
22
SIM5
SIM1
SIM2
SIM3
SIM4
1
21
22
SIM5
SIM1
SIM2
SIM3
SIM4
1
21
22
SIM5
SIM1
SIM2
SIM3
SIM4
1
21
22
SIM5
SIM1
SIM2
SIM3
SIM4
1
21
22
SIM5
SIM1
SIM2
SIM3
SIM4
1
21
22
SIM5
SIM1
SIM2
SIM3
SIM4
1
21
22
SIM5
SIM1
SIM2
SIM3
SIM4
1
21
22
SIM5
SIM1
SIM2
SIM3
SIM4
1
21
22
SIM5
SIM1
SIM2
SIM3
SIM4
1
21
22
SIM5
SIM1
SIM2
SIM3
SIM4
1
21
22
SIM5
SIM1
SIM2
SIM3
SIM4
1
21
22
SIM5
SIM1
SIM2
SIM3
SIM4
1
21
22
SIM5
SIM1
SIM2
SIM3
SIM4
1
21
22
SIM5
SIM1
SIM2
SIM3
SIM4
1
21
22
SIM5
SIM1
SIM2
SIM3
SIM4
1
21
22
SIM5
SIM1
SIM2
SIM3
SIM4
1
21
22
SIM5
SIM1
SIM2
SIM3
SIM4
1
21
22
SIM5
SIM1
SIM2
SIM3
SIM4
1
21
22
SIM5
SIM1
SIM2
SIM3
SIM4
1
21
22
SIM5
SIM1
SIM2
SIM3
SIM4
1
21
22
SIM5
SIM1
SIM2
SIM3
SIM4
1
21
22
SIM5
SIM1
SIM2
SIM3
SIM4
1
21
22
SIM5
SIM1
SIM2
SIM3
SIM4
1
21
22
SIM5
SIM1
SIM2
SIM3
SIM4
1
21
22
SIM5
SIM1
SIM2
SIM3
SIM4
1
21
22
SIM5
SIM1
SIM2
SIM3
SIM4
1
21
22
SIM5
SIM1
SIM2
SIM3
SIM4
1
21
22
SIM5
SIM1
SIM2
SIM3
SIM4
1
21
22
SIM5
SIM1
SIM2
SIM3
SIM4
1
21
22
SIM5
SIM1
SIM2
SIM3
SIM4
1
21
22
SIM5
SIM1
SIM2
SIM3
SIM4
1
21
22
SIM5
SIM1
SIM2
SIM3
SIM4
1
21
22
SIM5
SIM1
SIM2
SIM3
SIM4
1
21
22
SIM5
SIM1
SIM2
SIM3
SIM4
1
21
22
SIM5
SIM1
SIM2
SIM3
SIM4
1
21
22
SIM5
SIM1
SIM2
SIM3
SIM4
1
21
22
SIM5
SIM1
SIM2
SIM3
SIM4
1
21
22
SIM5
SIM1
SIM2
SIM3
SIM4
1
21
22
SIM5
SIM1
SIM2
SIM3
SIM4
1
21
22
SIM5
SIM1
SIM2
SIM3
SIM4
1
21
22
SIM5
SIM1
SIM2
SIM3
SIM4
1
21
22
SIM5
SIM1
SIM2
SIM3
SIM4
1
21
22
SIM5
SIM1
SIM2
SIM3
SIM4
1
21
22
SIM5
SIM1
SIM2
SIM3
SIM4
1
21
22
SIM5
SIM1
SIM2
SIM3
SIM4
1
21
22
SIM5
SIM1
SIM2
SIM3
SIM4
1
21
22
SIM5
SIM1
SIM2
SIM3
SIM4
1
21
22
SIM5
SIM1
SIM2
SIM3
SIM4
1
21
22
SIM5
SIM1
SIM2
SIM3
SIM4
1
21
22
SIM5
SIM1
SIM2
SIM3
SIM4
1
21
22
SIM5
SIM1
SIM2
SIM3
SIM4
1
21
22
SIM5
SIM1
SIM2
SIM3
SIM4
1
21
22
SIM5
SIM1
SIM2
SIM3
SIM4
1
21
22
SIM5
SIM1
SIM2
SIM3
SIM4
1
21
22
SIM5
SIM1
SIM2
SIM3
SIM4
1
21
22
SIM5
SIM1
SIM2
SIM3
SIM4
1
21
22
SIM5
SIM1
SIM2
SIM3
SIM4
1
21
22
SIM5
SIM1
SIM2
SIM3
SIM4
1
21
22
SIM5
SIM1
SIM2
SIM3
SIM4
1
21
22
SIM5
SIM1
SIM2
SIM3
SIM4
1
21
22
SIM5
SIM1
SIM2
SIM3
SIM4
1
21
22
SIM5
SIM1
SIM2
SIM3
SIM4
1
21
22
SIM5
SIM1
SIM2
SIM3
SIM4
1
21
22
SIM5
SIM1
SIM2
SIM3
SIM4
1
21
22
SIM5
SIM1
SIM2
SIM3
SIM4
1
21
22
SIM5
SIM1
SIM2
SIM3
SIM4
1
21
22
SIM5
SIM1
SIM2
SIM3
SIM4
1
21
22
SIM5
SIM1
SIM2
SIM3
SIM4
1
21
22
SIM5
SIM1
SIM2
SIM3
SIM4
1
21
22
SIM5
SIM1
SIM2
SIM3
SIM4
1
21
22
SIM5
SIM1
SIM2
SIM3
SIM4
1
21
22
SIM5
SIM1
SIM2
SIM3
SIM4
1
21
22
SIM5
SIM1
SIM2
SIM3
SIM4
1
21
22
SIM5
SIM1
SIM2
SIM3
SIM4
1
21
22
SIM5
SIM1
SIM2
SIM3
SIM4
1
21
22
SIM5
SIM1
SIM2
SIM3
SIM4
1
21
22
SIM5
SIM1
SIM2
SIM3
SIM4
1
21
22
SIM5
SIM1
SIM2
SIM3
SIM4
1
21
22
SIM5
SIM1
SIM2
SIM3
SIM4
1
21
22
SIM5
SIM1
SIM2
SIM3
SIM4
1
21
22
SIM5
SIM1
SIM2
SIM3
SIM4
1
21
22
SIM5
SIM1
SIM2
SIM3
SIM4
1
21
22
SIM5
SIM1
SIM2
SIM3
SIM4
1
21
22
SIM5
SIM1
SIM2
SIM3
SIM4
1
21
22
SIM5
SIM1
SIM2
SIM3
SIM4
1
21
22
SIM5
SIM1
SIM2
SIM3
SIM4
1
21
22
SIM5
SIM1
SIM2
SIM3
SIM4
1
21
22
SIM5
SIM1
SIM2
SIM3
SIM4
1
21
22
SIM5
SIM1
SIM2
SIM3
SIM4
1
21
22
SIM5
SIM1
SIM2
SIM3
SIM4
1
21
22
SIM5
SIM1
SIM2
SIM3
SIM4
1
21
22
SIM5
SIM1
SIM2
SIM3
SIM4
1
21
22
SIM5
SIM1
SIM2
SIM3
SIM4
1
21
22
SIM5
SIM1
SIM2
SIM3
SIM4
1
21
22
SIM5
SIM1
SIM2
SIM3
SIM4
1
21
22
SIM5
SIM1
SIM2
SIM3
SIM4
1
21
22
SIM5
SIM1
SIM2
SIM3
SIM4
1
21
22
SIM5
SIM1
SIM2
SIM3
SIM4
1
21
22
SIM5
SIM1
SIM2
SIM3
SIM4
1
21
22
SIM5
SIM1
SIM2
SIM3
SIM4
1
21
22
SIM5
SIM1
SIM2
SIM3
SIM4
1
21
22
SIM5
SIM1
SIM2
SIM3
SIM4
1
21
22
SIM5
SIM1
SIM2
SIM3
SIM4
1
21
22
SIM5
SIM1
SIM2
SIM3
SIM4
1
21
22
SIM5
SIM1
SIM2
SIM3
SIM4
1
21
22
SIM5
SIM1
SIM2
SIM3
SIM4
1
21
22
SIM5
SIM1
SIM2
SIM3
SIM4
1
21
22
SIM5
SIM1
SIM2
SIM3
SIM4
1
21
22
SIM5
SIM1
SIM2
SIM3
SIM4
1
21
22
SIM5
SIM1
SIM2
SIM3
SIM4
1
21
22
SIM5
SIM1
SIM2
SIM3
SIM4
1
21
22
SIM5
SIM1
SIM2
SIM3
SIM4
1
21
22
SIM5
SIM1
SIM2
SIM3
SIM4
1
21
22
SIM5
SIM1
SIM2
SIM3
SIM4
1
21
22
SIM5
SIM1
SIM2
SIM3
SIM4
1
21
22
SIM5
SIM1
SIM2
SIM3
SIM4
1
21
22
SIM5
SIM1
SIM2
SIM3
SIM4
1
21
22
SIM5
SIM1
SIM2
SIM3
SIM4
1
21
22
SIM5
SIM1
SIM2
SIM3
SIM4
1
21
22
SIM5
SIM1
SIM2
SIM3
SIM4
1
21
22
SIM5
SIM1
SIM2
SIM3
SIM4
1
21
22
SIM5
SIM1
SIM2
SIM3
SIM4
1
21
22
SIM5
SIM1
SIM2
SIM3
SIM4
1
21
22
SIM5
SIM1
SIM2
SIM3
SIM4
1
21
22
SIM5
SIM1
SIM2
SIM3
SIM4
1
21
22
SIM5
SIM1
SIM2
SIM3
SIM4
1
21
22
SIM5
SIM1
SIM2
SIM3
SIM4
1
21
22
SIM5
SIM1
SIM2
SIM3
SIM4
1
21
22
SIM5
SIM1
SIM2
SIM3
SIM4
1
21
22
SIM5
SIM1
SIM2
SIM3
SIM4
1
21
22
SIM5
SIM1
SIM2
SIM3
SIM4
1
21
22
SIM5
SIM1
SIM2
SIM3
SIM4
1
21
22
SIM5
SIM1
SIM2
SIM3
SIM4
1
21
22
SIM5
SIM1
SIM2
SIM3
SIM4
1
21
22
SIM5
SIM1
SIM2
SIM3
SIM4
1
21
22
SIM5
SIM1
SIM2
SIM3
SIM4
1
21
22
SIM5
SIM1
SIM2
SIM3
SIM4
1
21
22
SIM5
SIM1
SIM2
SIM3
SIM4
1
21
22
SIM5
SIM1
SIM2
SIM3
SIM4
1
21
22
SIM5
SIM1
SIM2
SIM3
SIM4
1
21
22
SIM5
SIM1
SIM2
SIM3
SIM4
1
21
22
SIM5
SIM1
SIM2
SIM3
SIM4
1
21
22
SIM5
SIM1
SIM2
SIM3
SIM4
1
21
22
SIM5
SIM1
SIM2
SIM3
SIM4
1
21
22
SIM5
SIM1
SIM2
SIM3
SIM4
1
21
22
SIM5
SIM1
SIM2
SIM3
SIM4
1
21
22
SIM5
SIM1
SIM2
SIM3
SIM4
1
21
22
SIM5
SIM1
SIM2
SIM3
SIM4
1
21
22
SIM5
SIM1
SIM2
SIM3
SIM4
1
21
22
SIM5
SIM1
SIM2
SIM3
SIM4
1
21
22
SIM5
SIM1
SIM2
SIM3
SIM4
1
21
22
SIM5
SIM1
SIM2
SIM3
SIM4
1
21
22
SIM5
SIM1
SIM2
SIM3
SIM4
1
21
22
SIM5
SIM1
SIM2
SIM3
SIM4
1
21
22
SIM5
SIM1
SIM2
SIM3
SIM4
1
21
22
SIM5
SIM1
SIM2
SIM3
SIM4
1
21
22
SIM5
SIM1
SIM2
SIM3
SIM4
1
21
22
SIM5
SIM1
SIM2
SIM3
SIM4
1
21
22
SIM5
SIM1
SIM2
SIM3
SIM4
1
21
22
SIM5
SIM1
SIM2
SIM3
SIM4
1
21
22
SIM5
SIM1
SIM2
SIM3
SIM4
1
21
22
SIM5
SIM1
SIM2
SIM3
SIM4
1
21
22
SIM5
SIM1
SIM2
SIM3
SIM4
1
21
22
SIM5
SIM1
SIM2
SIM3
SIM4
1
21
22
SIM5
SIM1
SIM2
SIM3
SIM4
1
21
22
SIM5
SIM1
SIM2
SIM3
SIM4
1
21
22
SIM5
SIM1
SIM2
SIM3
SIM4
1
21
22
SIM5
SIM1
SIM2
SIM3
SIM4
1
21
22
SIM5
SIM1
SIM2
SIM3
SIM4
1
21
22
SIM5
SIM1
SIM2
SIM3
SIM4
1
21
22
SIM5
SIM1
SIM2
SIM3
SIM4
1
21
22
SIM5
SIM1
SIM2
SIM3
SIM4
1
21
22
SIM5
SIM1
SIM2
SIM3
SIM4
1
21
22
SIM5
SIM1
SIM2
SIM3
SIM4
1
21
22
SIM5
SIM1
SIM2
SIM3
SIM4
1
21
22
SIM5
SIM1
SIM2
SIM3
SIM4
1
21
22
SIM5
SIM1
SIM2
SIM3
SIM4
1
21
22
SIM5
SIM1
SIM2
SIM3
SIM4
1
21
22
SIM5
SIM1
SIM2
SIM3
SIM4
1
21
22
SIM5
SIM1
SIM2
SIM3
SIM4
1
21
22
SIM5
SIM1
SIM2
SIM3
SIM4
1
21
22
SIM5
SIM1
SIM2
SIM3
SIM4
1
21
22
SIM5
SIM1
SIM2
SIM3
SIM4
1
21
22
SIM5
SIM1
SIM2
SIM3
SIM4
1
21
22
SIM5
SIM1
SIM2
SIM3
SIM4
1
21
22
SIM5
SIM1
SIM2
SIM3
SIM4
1
21
22
SIM5
SIM1
SIM2
SIM3
SIM4
1
21
22
SIM5
SIM1
SIM2
SIM3
SIM4
1
21
22
SIM5
SIM1
SIM2
SIM3
SIM4
1
21
22
SIM5
SIM1
SIM2
SIM3
SIM4
1
21
22
SIM5
SIM1
SIM2
SIM3
SIM4
1
21
22
SIM5
SIM1
SIM2
SIM3
SIM4
1
21
22
SIM5
SIM1
SIM2
SIM3
SIM4
1
21
22
SIM5
SIM1
SIM2
SIM3
SIM4
1
21
22
SIM5
SIM1
SIM2
SIM3
SIM4
1
21
22
SIM5
SIM1
SIM2
SIM3
SIM4
1
21
22
SIM5
SIM1
SIM2
SIM3
SIM4
1
21
22
SIM5
SIM1
SIM2
SIM3
SIM4
1
21
22
SIM5
SIM1
SIM2
SIM3
SIM4
1
21
22
SIM5
SIM1
SIM2
SIM3
SIM4
1
21
22
SIM5
SIM1
SIM2
SIM3
SIM4
1
21
22
SIM5
SIM1
SIM2
SIM3
SIM4
1
21
22
SIM5
SIM1
SIM2
SIM3
SIM4
1
21
22
SIM5
SIM1
SIM2
SIM3
SIM4
1
21
22
SIM5
SIM1
SIM2
SIM3
SIM4
1
21
22
SIM5
SIM1
SIM2
SIM3
SIM4
1
21
22
SIM5
SIM1
SIM2
SIM3
SIM4
1
21
22
SIM5
SIM1
SIM2
SIM3
SIM4
1
21
22
SIM5
SIM1
SIM2
SIM3
SIM4
1
21
22
SIM5
SIM1
SIM2
SIM3
SIM4
1
21
22
SIM5
SIM1
SIM2
SIM3
SIM4
1
21
22
SIM5
SIM1
SIM2
SIM3
SIM4
1
21
22
SIM5
SIM1
SIM2
SIM3
SIM4
1
21
22
SIM5
SIM1
SIM2
SIM3
SIM4
1
21
22
SIM5
SIM1
SIM2
SIM3
SIM4
1
21
22
SIM5
SIM1
SIM2
SIM3
SIM4
1
21
22
SIM5
SIM1
SIM2
SIM3
SIM4
1
21
22
SIM5
SIM1
SIM2
SIM3
SIM4
1
21
22
SIM5
SIM1
SIM2
DEBUG 1 665
SIM1
SIM2
SIM3
SIM4
1
21
22
SIM5
SIM1
SIM2
SIM3
SIM4
1
21
22
SIM5
SIM1
SIM2
SIM3
SIM4
1
21
22
SIM5
SIM1
SIM2
SIM3
SIM4
1
21
22
SIM5
SIM1
SIM2
SIM3
SIM4
1
21
22
SIM5
SIM1
SIM2
SIM3
SIM4
1
21
22
SIM5
SIM1
SIM2
SIM3
SIM4
1
21
22
SIM5
SIM1
SIM2
SIM3
SIM4
1
21
22
SIM5
SIM1
SIM2
SIM3
SIM4
1
21
22
SIM5
SIM1
SIM2
SIM3
SIM4
1
21
22
SIM5
SIM1
SIM2
SIM3
SIM4
1
21
22
SIM5
SIM1
SIM2
SIM3
SIM4
1
21
22
SIM5
SIM1
SIM2
SIM3
SIM4
1
21
22
SIM5
SIM1
SIM2
SIM3
SIM4
1
21
22
SIM5
SIM1
SIM2
SIM3
SIM4
1
21
22
SIM5
SIM1
SIM2
SIM3
SIM4
1
21
22
SIM5
SIM1
SIM2
SIM3
SIM4
1
21
22
SIM5
SIM1
SIM2
SIM3
SIM4
1
21
22
SIM5
SIM1
SIM2
SIM3
SIM4
1
21
22
SIM5
SIM1
SIM2
SIM3
SIM4
1
21
22
SIM5
SIM1
SIM2
SIM3
SIM4
1
21
22
SIM5
SIM1
SIM2
SIM3
SIM4
1
21
22
SIM5
SIM1
SIM2
SIM3
SIM4
1
21
22
SIM5
SIM1
SIM2
SIM3
SIM4
1
21
22
SIM5
SIM1
SIM2
SIM3
SIM4
1
21
22
SIM5
SIM1
SIM2
SIM3
SIM4
1
21
22
SIM5
SIM1
SIM2
SIM3
SIM4
1
21
22
SIM5
SIM1
SIM2
SIM3
SIM4
1
21
22
SIM5
SIM1
SIM2
SIM3
SIM4
1
21
22
SIM5
SIM1
SIM2
SIM3
SIM4
1
21
22
SIM5
SIM1
SIM2
SIM3
SIM4
1
21
22
SIM5
SIM1
SIM2
SIM3
SIM4
1
21
22
SIM5
SIM1
SIM2
SIM3
SIM4
1
21
22
SIM5
SIM1
SIM2
SIM3
SIM4
1
21
22
SIM5
SIM1
SIM2
SIM3
SIM4
1
21
22
SIM5
SIM1
SIM2
SIM3
SIM4
1
21
22
SIM5
SIM1
SIM2
SIM3
SIM4
1
21
22
SIM5
SIM1
SIM2
SIM3
SIM4
1
21
22
SIM5
SIM1
SIM2
SIM3
SIM4
1
21
22
SIM5
SIM1
SIM2
SIM3
SIM4
1
21
22
SIM5
SIM1
SIM2
SIM3
SIM4
1
21
22
SIM5
SIM1
SIM2
SIM3
SIM4
1
21
22
SIM5
SIM1
SIM2
SIM3
SIM4
1
21
22
SIM5
SIM1
SIM2
SIM3
SIM4
1
21
22
SIM5
SIM1
SIM2
SIM3
SIM4
1
21
22
SIM5
SIM1
SIM2
SIM3
SIM4
1
21
22
SIM5
SIM1
SIM2
SIM3
SIM4
1
21
22
SIM5
SIM1
SIM2
SIM3
SIM4
1
21
22
SIM5
SIM1
SIM2
SIM3
SIM4
1
21
22
SIM5
SIM1
SIM2
SIM3
SIM4
1
21
22
SIM5
SIM1
SIM2
SIM3
SIM4
1
21
22
SIM5
SIM1
SIM2
SIM3
SIM4
1
21
22
SIM5
SIM1
SIM2
SIM3
SIM4
1
21
22
SIM5
SIM1
SIM2
SIM3
SIM4
1
21
22
SIM5
SIM1
SIM2
SIM3
SIM4
1
21
22
SIM5
SIM1
SIM2
SIM3
SIM4
1
21
22
SIM5
SIM1
SIM2
SIM3
SIM4
1
21
22
SIM5
SIM1
SIM2
SIM3
SIM4
1
21
22
SIM5
SIM1
SIM2
SIM3
SIM4
1
21
22
SIM5
SIM1
SIM2
SIM3
SIM4
1
21
22
SIM5
SIM1
SIM2
SIM3
SIM4
1
21
22
SIM5
SIM1
SIM2
SIM3
SIM4
1
21
22
SIM5
SIM1
SIM2
SIM3
SIM4
1
21
22
SIM5
SIM1
SIM2
SIM3
SIM4
1
21
22
SIM5
SIM1
SIM2
SIM3
SIM4
1
21
22
SIM5
SIM1
SIM2
SIM3
SIM4
1
21
22
SIM5
SIM1
SIM2
SIM3
SIM4
1
21
22
SIM5
SIM1
SIM2
SIM3
SIM4
1
21
22
SIM5
SIM1
SIM2
SIM3
SIM4
1
21
22
SIM5
SIM1
SIM2
SIM3
SIM4
1
21
22
SIM5
SIM1
SIM2
SIM3
SIM4
1
21
22
SIM5
SIM1
SIM2
SIM3
SIM4
1
21
22
SIM5
SIM1
SIM2
SIM3
SIM4
1
21
22
SIM5
SIM1
SIM2
SIM3
SIM4
1
21
22
SIM5
SIM1
SIM2
SIM3
SIM4
1
21
22
SIM5
SIM1
SIM2
SIM3
SIM4
1
21
22
SIM5
SIM1
SIM2
SIM3
SIM4
1
21
22
SIM5
SIM1
SIM2
SIM3
SIM4
1
21
22
SIM5
SIM1
SIM2
SIM3
SIM4
1
21
22
SIM5
SIM1
SIM2
SIM3
SIM4
1
21
22
SIM5
SIM1
SIM2
SIM3
SIM4
1
21
22
SIM5
SIM1
SIM2
SIM3
SIM4
1
21
22
SIM5
SIM1
SIM2
SIM3
SIM4
1
21
22
SIM5
SIM1
SIM2
SIM3
SIM4
1
21
22
SIM5
SIM1
SIM2
SIM3
SIM4
1
21
22
SIM5
SIM1
SIM2
SIM3
SIM4
1
21
22
SIM5
SIM1
SIM2
SIM3
SIM4
1
21
22
SIM5
SIM1
SIM2
SIM3
SIM4
1
21
22
SIM5
SIM1
SIM2
SIM3
SIM4
1
21
22
SIM5
SIM1
SIM2
SIM3
SIM4
1
21
22
SIM5
SIM1
SIM2
SIM3
SIM4
1
21
22
SIM5
SIM1
SIM2
SIM3
SIM4
1
21
22
SIM5
SIM1
SIM2
SIM3
SIM4
1
21
22
SIM5
SIM1
SIM2
SIM3
SIM4
1
21
22
SIM5
SIM1
SIM2
SIM3
SIM4
1
21
22
SIM5
SIM1
SIM2
SIM3
SIM4
1
21
22
SIM5
SIM1
SIM2
SIM3
SIM4
1
21
22
SIM5
SIM1
SIM2
SIM3
SIM4
1
21
22
SIM5
SIM1
SIM2
SIM3
SIM4
1
21
22
SIM5
SIM1
SIM2
SIM3
SIM4
1
21
22
SIM5
SIM1
SIM2
SIM3
SIM4
1
21
22
SIM5
SIM1
SIM2
SIM3
SIM4
1
21
22
SIM5
SIM1
SIM2
SIM3
SIM4
1
21
22
SIM5
SIM1
SIM2
SIM3
SIM4
1
21
22
SIM5
SIM1
SIM2
SIM3
SIM4
1
21
22
SIM5
SIM1
SIM2
SIM3
SIM4
1
21
22
SIM5
SIM1
SIM2
SIM3
SIM4
1
21
22
SIM5
SIM1
SIM2
SIM3
SIM4
1
21
22
SIM5
SIM1
SIM2
SIM3
SIM4
1
21
22
SIM5
SIM1
SIM2
SIM3
SIM4
1
21
22
SIM5
SIM1
SIM2
SIM3
SIM4
1
21
22
SIM5
SIM1
SIM2
SIM3
SIM4
1
21
22
SIM5
SIM1
SIM2
SIM3
SIM4
1
21
22
SIM5
SIM1
SIM2
SIM3
SIM4
1
21
22
SIM5
SIM1
SIM2
SIM3
SIM4
1
21
22
SIM5
SIM1
SIM2
SIM3
SIM4
1
21
22
SIM5
SIM1
SIM2
DEBUG 1 666
SIM1
SIM2
SIM3
SIM4
1
21
22
SIM5
SIM1
SIM2
SIM3
SIM4
1
21
22
SIM5
SIM1
SIM2
SIM3
SIM4
1
21
22
SIM5
SIM1
SIM2
SIM3
SIM4
1
21
22
SIM5
SIM1
SIM2
SIM3
SIM4
1
21
22
SIM5
SIM1
SIM2
SIM3
SIM4
1
21
22
SIM5
SIM1
SIM2
SIM3
SIM4
1
21
22
SIM5
SIM1
SIM2
SIM3
SIM4
1
21
22
SIM5
SIM1
SIM2
SIM3
SIM4
1
21
22
SIM5
SIM1
SIM2
SIM3
SIM4
1
21
22
SIM5
SIM1
SIM2
SIM3
SIM4
1
21
22
SIM5
SIM1
SIM2
SIM3
SIM4
1
21
22
SIM5
SIM1
SIM2
SIM3
SIM4
1
21
22
SIM5
SIM1
SIM2
SIM3
SIM4
1
21
22
SIM5
SIM1
SIM2
SIM3
SIM4
1
21
22
SIM5
SIM1
SIM2
SIM3
SIM4
1
21
22
SIM5
SIM1
SIM2
SIM3
SIM4
1
21
22
SIM5
SIM1
SIM2
SIM3
SIM4
1
21
22
SIM5
SIM1
SIM2
SIM3
SIM4
1
21
22
SIM5
SIM1
SIM2
SIM3
SIM4
1
21
22
SIM5
SIM1
SIM2
SIM3
SIM4
1
21
22
SIM5
SIM1
SIM2
SIM3
SIM4
1
21
22
SIM5
SIM1
SIM2
SIM3
SIM4
1
21
22
SIM5
SIM1
SIM2
SIM3
SIM4
1
21
22
SIM5
SIM1
SIM2
SIM3
SIM4
1
21
22
SIM5
SIM1
SIM2
SIM3
SIM4
1
21
22
SIM5
SIM1
SIM2
SIM3
SIM4
1
21
22
SIM5
SIM1
SIM2
SIM3
SIM4
1
21
22
SIM5
SIM1
SIM2
SIM3
SIM4
1
21
22
SIM5
SIM1
SIM2
SIM3
SIM4
1
21
22
SIM5
SIM1
SIM2
SIM3
SIM4
1
21
22
SIM5
SIM1
SIM2
SIM3
SIM4
1
21
22
SIM5
SIM1
SIM2
SIM3
SIM4
1
21
22
SIM5
SIM1
SIM2
SIM3
SIM4
1
21
22
SIM5
SIM1
SIM2
SIM3
SIM4
1
21
22
SIM5
SIM1
SIM2
SIM3
SIM4
1
21
22
SIM5
SIM1
SIM2
SIM3
SIM4
1
21
22
SIM5
SIM1
SIM2
SIM3
SIM4
1
21
22
SIM5
SIM1
SIM2
SIM3
SIM4
1
21
22
SIM5
SIM1
SIM2
SIM3
SIM4
1
21
22
SIM5
SIM1
SIM2
SIM3
SIM4
1
21
22
SIM5
SIM1
SIM2
SIM3
SIM4
1
21
22
SIM5
SIM1
SIM2
SIM3
SIM4
1
21
22
SIM5
SIM1
SIM2
SIM3
SIM4
1
21
22
SIM5
SIM1
SIM2
SIM3
SIM4
1
21
22
SIM5
SIM1
SIM2
SIM3
SIM4
1
21
22
SIM5
SIM1
SIM2
SIM3
SIM4
1
21
22
SIM5
SIM1
SIM2
SIM3
SIM4
1
21
22
SIM5
SIM1
SIM2
SIM3
SIM4
1
21
22
SIM5
SIM1
SIM2
SIM3
SIM4
1
21
22
SIM5
SIM1
SIM2
SIM3
SIM4
1
21
22
SIM5
SIM1
SIM2
SIM3
SIM4
1
21
22
SIM5
SIM1
SIM2
SIM3
SIM4
1
21
22
SIM5
SIM1
SIM2
SIM3
SIM4
1
21
22
SIM5
SIM1
SIM2
SIM3
SIM4
1
21
22
SIM5
SIM1
SIM2
SIM3
SIM4
1
21
22
SIM5
SIM1
SIM2
SIM3
SIM4
1
21
22
SIM5
SIM1
SIM2
SIM3
SIM4
1
21
22
SIM5
SIM1
SIM2
SIM3
SIM4
1
21
22
SIM5
SIM1
SIM2
SIM3
SIM4
1
21
22
SIM5
SIM1
SIM2
SIM3
SIM4
1
21
22
SIM5
SIM1
SIM2
SIM3
SIM4
1
21
22
SIM5
SIM1
SIM2
SIM3
SIM4
1
21
22
SIM5
SIM1
SIM2
SIM3
SIM4
1
21
22
SIM5
SIM1
SIM2
SIM3
SIM4
1
21
22
SIM5
SIM1
SIM2
SIM3
SIM4
1
21
22
SIM5
SIM1
SIM2
SIM3
SIM4
1
21
22
SIM5
SIM1
SIM2
SIM3
SIM4
1
21
22
SIM5
SIM1
SIM2
SIM3
SIM4
1
21
22
SIM5
SIM1
SIM2
SIM3
SIM4
1
21
22
SIM5
SIM1
SIM2
SIM3
SIM4
1
21
22
SIM5
SIM1
SIM2
SIM3
SIM4
1
21
22
SIM5
SIM1
SIM2
SIM3
SIM4
1
21
22
SIM5
SIM1
SIM2
SIM3
SIM4
1
21
22
SIM5
SIM1
SIM2
SIM3
SIM4
1
21
22
SIM5
SIM1
SIM2
SIM3
SIM4
1
21
22
SIM5
SIM1
SIM2
SIM3
SIM4
1
21
22
SIM5
SIM1
SIM2
SIM3
SIM4
1
21
22
SIM5
SIM1
SIM2
SIM3
SIM4
1
21
22
SIM5
SIM1
SIM2
SIM3
SIM4
1
21
22
SIM5
SIM1
SIM2
SIM3
SIM4
1
21
22
SIM5
SIM1
SIM2
SIM3
SIM4
1
21
22
SIM5
SIM1
SIM2
SIM3
SIM4
1
21
22
SIM5
SIM1
SIM2
SIM3
SIM4
1
21
22
SIM5
SIM1
SIM2
SIM3
SIM4
1
21
22
SIM5
SIM1
SIM2
SIM3
SIM4
1
21
22
SIM5
SIM1
SIM2
SIM3
SIM4
1
21
22
SIM5
SIM1
SIM2
SIM3
SIM4
1
21
22
SIM5
SIM1
SIM2
SIM3
SIM4
1
21
22
SIM5
SIM1
SIM2
SIM3
SIM4
1
21
22
SIM5
SIM1
SIM2
SIM3
SIM4
1
21
22
SIM5
SIM1
SIM2
SIM3
SIM4
1
21
22
SIM5
SIM1
SIM2
SIM3
SIM4
1
21
22
SIM5
SIM1
SIM2
SIM3
SIM4
1
21
22
SIM5
SIM1
SIM2
SIM3
SIM4
1
21
22
SIM5
SIM1
SIM2
SIM3
SIM4
1
21
22
SIM5
SIM1
SIM2
SIM3
SIM4
1
21
22
SIM5
SIM1
SIM2
SIM3
SIM4
1
21
22
SIM5
SIM1
SIM2
SIM3
SIM4
1
21
22
SIM5
SIM1
SIM2
SIM3
SIM4
1
21
22
SIM5
SIM1
SIM2
SIM3
SIM4
1
21
22
SIM5
SIM1
SIM2
SIM3
SIM4
1
21
22
SIM5
SIM1
SIM2
SIM3
SIM4
1
21
22
SIM5
SIM1
SIM2
SIM3
SIM4
1
21
22
SIM5
SIM1
SIM2
SIM3
SIM4
1
21
22
SIM5
SIM1
SIM2
SIM3
SIM4
1
21
22
SIM5
SIM1
SIM2
SIM3
SIM4
1
21
22
SIM5
SIM1
SIM2
SIM3
SIM4
1
21
22
SIM5
SIM1
SIM2
SIM3
SIM4
1
21
22
SIM5
SIM1
SIM2
SIM3
SIM4
1
21
22
SIM5
SIM1
SIM2
SIM3
SIM4
1
21
22
SIM5
SIM1
SIM2
SIM3
SIM4
1
21
22
SIM5
SIM1
SIM2
SIM3
SIM4
1
21
22
SIM5
SIM1
SIM2
SIM3
SIM4
1
21
22
SIM5
SIM1
SIM2
SIM3
SIM4
1
21
22
SIM5
SIM1
SIM2
SIM3
SIM4
1
21
22
SIM5
SIM1
SIM2
SIM3
SIM4
1
21
22
SIM5
SIM1
SIM2
SIM3
SIM4
1
21
22
SIM5
SIM1
SIM2
SIM3
SIM4
1
21
22
SIM5
SIM1
SIM2
SIM3
SIM4
1
21
22
SIM5
SIM1
SIM2
SIM3
SIM4
1
21
22
SIM5
SIM1
SIM2
SIM3
SIM4
1
21
22
SIM5
SIM1
SIM2
SIM3
SIM4
1
21
22
SIM5
SIM1
SIM2
SIM3
SIM4
1
21
22
SIM5
SIM1
SIM2
SIM3
SIM4
1
21
22
SIM5
SIM1
SIM2
SIM3
SIM4
1
21
22
SIM5
SIM1
SIM2
SIM3
SIM4
1
21
22
SIM5
SIM1
SIM2
SIM3
SIM4
1
21
22
SIM5
SIM1
SIM2
SIM3
SIM4
1
21
22
SIM5
SIM1
SIM2
SIM3
SIM4
1
21
22
SIM5
SIM1
SIM2
SIM3
SIM4
1
21
22
SIM5
SIM1
SIM2
SIM3
SIM4
1
21
22
SIM5
SIM1
SIM2
SIM3
SIM4
1
21
22
SIM5
SIM1
SIM2
SIM3
SIM4
1
21
22
SIM5
SIM1
SIM2
SIM3
SIM4
1
21
22
SIM5
SIM1
SIM2
SIM3
SIM4
1
21
22
SIM5
SIM1
SIM2
SIM3
SIM4
1
21
22
SIM5
SIM1
SIM2
SIM3
SIM4
1
21
22
SIM5
SIM1
SIM2
SIM3
SIM4
1
21
22
SIM5
SIM1
SIM2
SIM3
SIM4
1
21
22
SIM5
SIM1
SIM2
SIM3
SIM4
1
21
22
SIM5
SIM1
SIM2
SIM3
SIM4
1
21
22
SIM5
SIM1
SIM2
SIM3
SIM4
1
21
22
SIM5
SIM1
SIM2
SIM3
SIM4
1
21
22
SIM5
SIM1
SIM2
SIM3
SIM4
1
21
22
SIM5
SIM1
SIM2
SIM3
SIM4
1
21
22
SIM5
SIM1
SIM2
SIM3
SIM4
1
21
22
SIM5
SIM1
SIM2
SIM3
SIM4
1
21
22
SIM5
SIM1
SIM2
SIM3
SIM4
1
21
22
SIM5
SIM1
SIM2
SIM3
SIM4
1
21
22
SIM5
SIM1
SIM2
SIM3
SIM4
1
21
22
SIM5
SIM1
SIM2
SIM3
SIM4
1
21
22
SIM5
SIM1
SIM2
SIM3
SIM4
1
21
22
SIM5
SIM1
SIM2
SIM3
SIM4
1
21
22
SIM5
SIM1
SIM2
SIM3
SIM4
1
21
22
SIM5
SIM1
SIM2
SIM3
SIM4
1
21
22
SIM5
SIM1
SIM2
SIM3
SIM4
1
21
22
SIM5
SIM1
SIM2
SIM3
SIM4
1
21
22
SIM5
SIM1
SIM2
SIM3
SIM4
1
21
22
SIM5
SIM1
SIM2
SIM3
SIM4
1
21
22
SIM5
SIM1
SIM2
SIM3
SIM4
1
21
22
SIM5
SIM1
SIM2
SIM3
SIM4
1
21
22
SIM5
SIM1
SIM2
SIM3
SIM4
1
21
22
SIM5
SIM1
SIM2
SIM3
SIM4
1
21
22
SIM5
SIM1
SIM2
SIM3
SIM4
1
21
22
SIM5
SIM1
SIM2
SIM3
SIM4
1
21
22
SIM5
SIM1
SIM2
SIM3
SIM4
1
21
22
SIM5
SIM1
SIM2
SIM3
SIM4
1
21
22
SIM5
SIM1
SIM2
SIM3
SIM4
1
21
22
SIM5
SIM1
SIM2
SIM3
SIM4
1
21
22
SIM5
SIM1
SIM2
SIM3
SIM4
1
21
22
SIM5
SIM1
SIM2
SIM3
SIM4
1
21
22
SIM5
SIM1
SIM2
SIM3
SIM4
1
21
22
SIM5
SIM1
SIM2
SIM3
SIM4
1
21
22
SIM5
SIM1
SIM2
SIM3
SIM4
1
21
22
SIM5
SIM1
SIM2
SIM3
SIM4
1
21
22
SIM5
SIM1
SIM2
SIM3
SIM4
1
21
22
SIM5
SIM1
SIM2
SIM3
SIM4
1
21
22
SIM5
SIM1
SIM2
SIM3
SIM4
1
21
22
SIM5
SIM1
SIM2
SIM3
SIM4
1
21
22
SIM5
SIM1
SIM2
SIM3
SIM4
1
21
22
SIM5
SIM1
SIM2
SIM3
SIM4
1
21
22
SIM5
SIM1
SIM2
SIM3
SIM4
1
21
22
SIM5
SIM1
SIM2
SIM3
SIM4
1
21
22
SIM5
SIM1
SIM2
SIM3
SIM4
1
21
22
SIM5
SIM1
SIM2
SIM3
SIM4
1
21
22
SIM5
SIM1
SIM2
SIM3
SIM4
1
21
22
SIM5
SIM1
SIM2
SIM3
SIM4
1
21
22
SIM5
SIM1
SIM2
SIM3
SIM4
1
21
22
SIM5
SIM1
SIM2
SIM3
SIM4
1
21
22
SIM5
SIM1
SIM2
SIM3
SIM4
1
21
22
SIM5
SIM1
SIM2
SIM3
SIM4
1
21
22
SIM5
SIM1
SIM2
SIM3
SIM4
1
21
22
SIM5
SIM1
SIM2
SIM3
SIM4
1
21
22
SIM5
SIM1
SIM2
SIM3
SIM4
1
21
22
SIM5
SIM1
SIM2
SIM3
SIM4
1
21
22
SIM5
SIM1
SIM2
SIM3
SIM4
1
21
22
SIM5
SIM1
SIM2
SIM3
SIM4
1
21
22
SIM5
SIM1
SIM2
SIM3
SIM4
1
21
22
SIM5
SIM1
SIM2
SIM3
SIM4
1
21
22
SIM5
SIM1
SIM2
SIM3
SIM4
1
21
22
SIM5
SIM1
SIM2
SIM3
SIM4
1
21
22
SIM5
SIM1
SIM2
SIM3
SIM4
1
21
22
SIM5
SIM1
SIM2
SIM3
SIM4
1
21
22
SIM5
SIM1
SIM2
SIM3
SIM4
1
21
22
SIM5
SIM1
SIM2
SIM3
SIM4
1
21
22
SIM5
SIM1
SIM2
SIM3
SIM4
1
21
22
SIM5
SIM1
SIM2
SIM3
SIM4
1
21
22
SIM5
SIM1
SIM2
SIM3
SIM4
1
21
22
SIM5
SIM1
SIM2
SIM3
SIM4
1
21
22
SIM5
SIM1
SIM2
SIM3
SIM4
1
21
22
SIM5
SIM1
SIM2
SIM3
SIM4
1
21
22
SIM5
SIM1
SIM2
SIM3
SIM4
1
21
22
SIM5
SIM1
SIM2
SIM3
SIM4
1
21
22
SIM5
SIM1
SIM2
SIM3
SIM4
1
21
22
SIM5
SIM1
SIM2
SIM3
SIM4
1
21
22
SIM5
SIM1
SIM2
SIM3
SIM4
1
21
22
SIM5
SIM1
SIM2
SIM3
SIM4
1
21
22
SIM5
SIM1
SIM2
SIM3
SIM4
1
21
22
SIM5
SIM1
SIM2
SIM3
SIM4
1
21
22
SIM5
SIM1
SIM2
SIM3
SIM4
1
21
22
SIM5
SIM1
SIM2
SIM3
SIM4
1
21
22
SIM5
SIM1
SIM2
SIM3
SIM4
1
21
22
SIM5
SIM1
SIM2
SIM3
SIM4
1
21
22
SIM5
SIM1
SIM2
SIM3
SIM4
1
21
22
SIM5
SIM1
SIM2
SIM3
SIM4
1
21
22
SIM5
SIM1
SIM2
DEBUG 1 667
SIM1
SIM2
SIM3
SIM4
1
21
22
SIM5
SIM1
SIM2
SIM3
SIM4
1
21
22
SIM5
SIM1
SIM2
SIM3
SIM4
1
21
22
SIM5
SIM1
SIM2
SIM3
SIM4
1
21
22
SIM5
SIM1
SIM2
SIM3
SIM4
1
21
22
SIM5
SIM1
SIM2
SIM3
SIM4
1
21
22
SIM5
SIM1
SIM2
SIM3
SIM4
1
21
22
SIM5
SIM1
SIM2
SIM3
SIM4
1
21
22
SIM5
SIM1
SIM2
SIM3
SIM4
1
21
22
SIM5
SIM1
SIM2
SIM3
SIM4
1
21
22
SIM5
SIM1
SIM2
SIM3
SIM4
1
21
22
SIM5
SIM1
SIM2
SIM3
SIM4
1
21
22
SIM5
SIM1
SIM2
SIM3
SIM4
1
21
22
SIM5
SIM1
SIM2
SIM3
SIM4
1
21
22
SIM5
SIM1
SIM2
SIM3
SIM4
1
21
22
SIM5
SIM1
SIM2
SIM3
SIM4
1
21
22
SIM5
SIM1
SIM2
SIM3
SIM4
1
21
22
SIM5
SIM1
SIM2
SIM3
SIM4
1
21
22
SIM5
SIM1
SIM2
SIM3
SIM4
1
21
22
SIM5
SIM1
SIM2
SIM3
SIM4
1
21
22
SIM5
SIM1
SIM2
SIM3
SIM4
1
21
22
SIM5
SIM1
SIM2
SIM3
SIM4
1
21
22
SIM5
SIM1
SIM2
SIM3
SIM4
1
21
22
SIM5
SIM1
SIM2
SIM3
SIM4
1
21
22
SIM5
SIM1
SIM2
SIM3
SIM4
1
21
22
SIM5
SIM1
SIM2
SIM3
SIM4
1
21
22
SIM5
SIM1
SIM2
SIM3
SIM4
1
21
22
SIM5
SIM1
SIM2
SIM3
SIM4
1
21
22
SIM5
SIM1
SIM2
SIM3
SIM4
1
21
22
SIM5
SIM1
SIM2
SIM3
SIM4
1
21
22
SIM5
SIM1
SIM2
SIM3
SIM4
1
21
22
SIM5
SIM1
SIM2
SIM3
SIM4
1
21
22
SIM5
SIM1
SIM2
SIM3
SIM4
1
21
22
SIM5
SIM1
SIM2
SIM3
SIM4
1
21
22
SIM5
SIM1
SIM2
SIM3
SIM4
1
21
22
SIM5
SIM1
SIM2
SIM3
SIM4
1
21
22
SIM5
SIM1
SIM2
SIM3
SIM4
1
21
22
SIM5
SIM1
SIM2
SIM3
SIM4
1
21
22
SIM5
SIM1
SIM2
SIM3
SIM4
1
21
22
SIM5
SIM1
SIM2
SIM3
SIM4
1
21
22
SIM5
SIM1
SIM2
SIM3
SIM4
1
21
22
SIM5
SIM1
SIM2
SIM3
SIM4
1
21
22
SIM5
SIM1
SIM2
SIM3
SIM4
1
21
22
SIM5
SIM1
SIM2
SIM3
SIM4
1
21
22
SIM5
SIM1
SIM2
SIM3
SIM4
1
21
22
SIM5
SIM1
SIM2
SIM3
SIM4
1
21
22
SIM5
SIM1
SIM2
SIM3
SIM4
1
21
22
SIM5
SIM1
SIM2
SIM3
SIM4
1
21
22
SIM5
SIM1
SIM2
SIM3
SIM4
1
21
22
SIM5
SIM1
SIM2
SIM3
SIM4
1
21
22
SIM5
SIM1
SIM2
SIM3
SIM4
1
21
22
SIM5
SIM1
SIM2
SIM3
SIM4
1
21
22
SIM5
SIM1
SIM2
SIM3
SIM4
1
21
22
SIM5
SIM1
SIM2
SIM3
SIM4
1
21
22
SIM5
SIM1
SIM2
SIM3
SIM4
1
21
22
SIM5
SIM1
SIM2
SIM3
SIM4
1
21
22
SIM5
SIM1
SIM2
SIM3
SIM4
1
21
22
SIM5
SIM1
SIM2
SIM3
SIM4
1
21
22
SIM5
SIM1
SIM2
SIM3
SIM4
1
21
22
SIM5
SIM1
SIM2
SIM3
SIM4
1
21
22
SIM5
SIM1
SIM2
SIM3
SIM4
1
21
22
SIM5
SIM1
SIM2
SIM3
SIM4
1
21
22
SIM5
SIM1
SIM2
SIM3
SIM4
1
21
22
SIM5
SIM1
SIM2
SIM3
SIM4
1
21
22
SIM5
SIM1
SIM2
SIM3
SIM4
1
21
22
SIM5
SIM1
SIM2
SIM3
SIM4
1
21
22
SIM5
SIM1
SIM2
SIM3
SIM4
1
21
22
SIM5
SIM1
SIM2
SIM3
SIM4
1
21
22
SIM5
SIM1
SIM2
SIM3
SIM4
1
21
22
SIM5
SIM1
SIM2
SIM3
SIM4
1
21
22
SIM5
SIM1
SIM2
SIM3
SIM4
1
21
22
SIM5
SIM1
SIM2
SIM3
SIM4
1
21
22
SIM5
SIM1
SIM2
SIM3
SIM4
1
21
22
SIM5
SIM1
SIM2
SIM3
SIM4
1
21
22
SIM5
SIM1
SIM2
SIM3
SIM4
1
21
22
SIM5
SIM1
SIM2
SIM3
SIM4
1
21
22
SIM5
SIM1
SIM2
SIM3
SIM4
1
21
22
SIM5
SIM1
SIM2
SIM3
SIM4
1
21
22
SIM5
SIM1
SIM2
SIM3
SIM4
1
21
22
SIM5
SIM1
SIM2
SIM3
SIM4
1
21
22
SIM5
SIM1
SIM2
SIM3
SIM4
1
21
22
SIM5
SIM1
SIM2
SIM3
SIM4
1
21
22
SIM5
SIM1
SIM2
SIM3
SIM4
1
21
22
SIM5
SIM1
SIM2
SIM3
SIM4
1
21
22
SIM5
SIM1
SIM2
SIM3
SIM4
1
21
22
SIM5
SIM1
SIM2
SIM3
SIM4
1
21
22
SIM5
SIM1
SIM2
SIM3
SIM4
1
21
22
SIM5
SIM1
SIM2
SIM3
SIM4
1
21
22
SIM5
SIM1
SIM2
SIM3
SIM4
1
21
22
SIM5
SIM1
SIM2
SIM3
SIM4
1
21
22
SIM5
SIM1
SIM2
SIM3
SIM4
1
21
22
SIM5
SIM1
SIM2
SIM3
SIM4
1
21
22
SIM5
SIM1
SIM2
SIM3
SIM4
1
21
22
SIM5
SIM1
SIM2
SIM3
SIM4
1
21
22
SIM5
SIM1
SIM2
SIM3
SIM4
1
21
22
SIM5
SIM1
SIM2
SIM3
SIM4
1
21
22
SIM5
SIM1
SIM2
SIM3
SIM4
1
21
22
SIM5
SIM1
SIM2
SIM3
SIM4
1
21
22
SIM5
SIM1
SIM2
SIM3
SIM4
1
21
22
SIM5
SIM1
SIM2
SIM3
SIM4
1
21
22
SIM5
SIM1
SIM2
SIM3
SIM4
1
21
22
SIM5
SIM1
SIM2
SIM3
SIM4
1
21
22
SIM5
SIM1
SIM2
SIM3
SIM4
1
21
22
SIM5
SIM1
SIM2
SIM3
SIM4
1
21
22
SIM5
SIM1
SIM2
SIM3
SIM4
1
21
22
SIM5
SIM1
SIM2
SIM3
SIM4
1
21
22
SIM5
SIM1
SIM2
SIM3
SIM4
1
21
22
SIM5
SIM1
SIM2
SIM3
SIM4
1
21
22
SIM5
SIM1
SIM2
SIM3
SIM4
1
21
22
SIM5
SIM1
SIM2
SIM3
SIM4
1
21
22
SIM5
SIM1
SIM2
SIM3
SIM4
1
21
22
SIM5
SIM1
SIM2
SIM3
SIM4
1
21
22
SIM5
SIM1
SIM2
SIM3
SIM4
1
21
22
SIM5
SIM1
SIM2
SIM3
SIM4
1
21
22
SIM5
SIM1
SIM2
SIM3
SIM4
1
21
22
SIM5
SIM1
SIM2
SIM3
SIM4
1
21
22
SIM5
SIM1
SIM2
SIM3
SIM4
1
21
22
SIM5
SIM1
SIM2
SIM3
SIM4
1
21
22
SIM5
SIM1
SIM2
SIM3
SIM4
1
21
22
SIM5
SIM1
SIM2
SIM3
SIM4
1
21
22
SIM5
SIM1
SIM2
SIM3
SIM4
1
21
22
SIM5
SIM1
SIM2
SIM3
SIM4
1
21
22
SIM5
SIM1
SIM2
SIM3
SIM4
1
21
22
SIM5
SIM1
SIM2
SIM3
SIM4
1
21
22
SIM5
SIM1
SIM2
SIM3
SIM4
1
21
22
SIM5
SIM1
SIM2
SIM3
SIM4
1
21
22
SIM5
SIM1
SIM2
SIM3
SIM4
1
21
22
SIM5
SIM1
SIM2
SIM3
SIM4
1
21
22
SIM5
SIM1
SIM2
SIM3
SIM4
1
21
22
SIM5
SIM1
SIM2
SIM3
SIM4
1
21
22
SIM5
SIM1
SIM2
SIM3
SIM4
1
21
22
SIM5
SIM1
SIM2
SIM3
SIM4
1
21
22
SIM5
SIM1
SIM2
SIM3
SIM4
1
21
22
SIM5
SIM1
SIM2
SIM3
SIM4
1
21
22
SIM5
SIM1
SIM2
SIM3
SIM4
1
21
22
SIM5
SIM1
SIM2
SIM3
SIM4
1
21
22
SIM5
SIM1
SIM2
SIM3
SIM4
1
21
22
SIM5
SIM1
SIM2
SIM3
SIM4
1
21
22
SIM5
SIM1
SIM2
SIM3
SIM4
1
21
22
SIM5
SIM1
SIM2
SIM3
SIM4
1
21
22
SIM5
SIM1
SIM2
SIM3
SIM4
1
21
22
SIM5
SIM1
SIM2
SIM3
SIM4
1
21
22
SIM5
SIM1
SIM2
SIM3
SIM4
1
21
22
SIM5
SIM1
SIM2
SIM3
SIM4
1
21
22
SIM5
SIM1
SIM2
SIM3
SIM4
1
21
22
SIM5
SIM1
SIM2
SIM3
SIM4
1
21
22
SIM5
SIM1
SIM2
SIM3
SIM4
1
21
22
SIM5
SIM1
SIM2
SIM3
SIM4
1
21
22
SIM5
SIM1
SIM2
SIM3
SIM4
1
21
22
SIM5
SIM1
SIM2
SIM3
SIM4
1
21
22
SIM5
SIM1
SIM2
SIM3
SIM4
1
21
22
SIM5
SIM1
SIM2
SIM3
SIM4
1
21
22
SIM5
SIM1
SIM2
SIM3
SIM4
1
21
22
SIM5
SIM1
SIM2
SIM3
SIM4
1
21
22
SIM5
SIM1
SIM2
SIM3
SIM4
1
21
22
SIM5
SIM1
SIM2
SIM3
SIM4
1
21
22
SIM5
SIM1
SIM2
SIM3
SIM4
1
21
22
SIM5
SIM1
SIM2
SIM3
SIM4
1
21
22
SIM5
SIM1
SIM2
SIM3
SIM4
1
21
22
SIM5
SIM1
SIM2
SIM3
SIM4
1
21
22
SIM5
SIM1
SIM2
SIM3
SIM4
1
21
22
SIM5
SIM1
SIM2
SIM3
SIM4
1
21
22
SIM5
SIM1
SIM2
SIM3
SIM4
1
21
22
SIM5
SIM1
SIM2
SIM3
SIM4
1
21
22
SIM5
SIM1
SIM2
SIM3
SIM4
1
21
22
SIM5
SIM1
SIM2
SIM3
SIM4
1
21
22
SIM5
SIM1
SIM2
SIM3
SIM4
1
21
22
SIM5
SIM1
SIM2
SIM3
SIM4
1
21
22
SIM5
SIM1
SIM2
SIM3
SIM4
1
21
22
SIM5
SIM1
SIM2
SIM3
SIM4
1
21
22
SIM5
SIM1
SIM2
SIM3
SIM4
1
21
22
SIM5
SIM1
SIM2
SIM3
SIM4
1
21
22
SIM5
SIM1
SIM2
SIM3
SIM4
1
21
22
SIM5
SIM1
SIM2
SIM3
SIM4
1
21
22
SIM5
SIM1
SIM2
SIM3
SIM4
1
21
22
SIM5
SIM1
SIM2
SIM3
SIM4
1
21
22
SIM5
SIM1
SIM2
SIM3
SIM4
1
21
22
SIM5
SIM1
SIM2
SIM3
SIM4
1
21
22
SIM5
SIM1
SIM2
SIM3
SIM4
1
21
22
SIM5
SIM1
SIM2
SIM3
SIM4
1
21
22
SIM5
SIM1
SIM2
SIM3
SIM4
1
21
22
SIM5
SIM1
SIM2
SIM3
SIM4
1
21
22
SIM5
SIM1
SIM2
SIM3
SIM4
1
21
22
SIM5
SIM1
SIM2
SIM3
SIM4
1
21
22
SIM5
SIM1
SIM2
SIM3
SIM4
1
21
22
SIM5
SIM1
SIM2
SIM3
SIM4
1
21
22
SIM5
SIM1
SIM2
SIM3
SIM4
1
21
22
SIM5
SIM1
SIM2
SIM3
SIM4
1
21
22
SIM5
SIM1
SIM2
SIM3
SIM4
1
21
22
SIM5
SIM1
SIM2
SIM3
SIM4
1
21
22
SIM5
SIM1
SIM2
SIM3
SIM4
1
21
22
SIM5
SIM1
SIM2
SIM3
SIM4
1
21
22
SIM5
SIM1
SIM2
SIM3
SIM4
1
21
22
SIM5
SIM1
SIM2
SIM3
SIM4
1
21
22
SIM5
SIM1
SIM2
SIM3
SIM4
1
21
22
SIM5
SIM1
SIM2
SIM3
SIM4
1
21
22
SIM5
SIM1
SIM2
SIM3
SIM4
1
21
22
SIM5
SIM1
SIM2
SIM3
SIM4
1
21
22
SIM5
SIM1
SIM2
SIM3
SIM4
1
21
22
SIM5
SIM1
SIM2
SIM3
SIM4
1
21
22
SIM5
SIM1
SIM2
SIM3
SIM4
1
21
22
SIM5
SIM1
SIM2
SIM3
SIM4
1
21
22
SIM5
SIM1
SIM2
SIM3
SIM4
1
21
22
SIM5
SIM1
SIM2
SIM3
SIM4
1
21
22
SIM5
SIM1
SIM2
SIM3
SIM4
1
21
22
SIM5
SIM1
SIM2
SIM3
SIM4
1
21
22
SIM5
SIM1
SIM2
SIM3
SIM4
1
21
22
SIM5
SIM1
SIM2
SIM3
SIM4
1
21
22
SIM5
SIM1
SIM2
DEBUG 1 668
SIM1
SIM2
SIM3
SIM4
1
21
22
SIM5
SIM1
SIM2
SIM3
SIM4
1
21
22
SIM5
SIM1
SIM2
SIM3
SIM4
1
21
22
SIM5
SIM1
SIM2
SIM3
SIM4
1
21
22
SIM5
SIM1
SIM2
SIM3
SIM4
1
21
22
SIM5
SIM1
SIM2
SIM3
SIM4
1
21
22
SIM5
SIM1
SIM2
SIM3
SIM4
1
21
22
SIM5
SIM1
SIM2
SIM3
SIM4
1
21
22
SIM5
SIM1
SIM2
SIM3
SIM4
1
21
22
SIM5
SIM1
SIM2
SIM3
SIM4
1
21
22
SIM5
SIM1
SIM2
SIM3
SIM4
1
21
22
SIM5
SIM1
SIM2
SIM3
SIM4
1
21
22
SIM5
SIM1
SIM2
SIM3
SIM4
1
21
22
SIM5
SIM1
SIM2
SIM3
SIM4
1
21
22
SIM5
SIM1
SIM2
SIM3
SIM4
1
21
22
SIM5
SIM1
SIM2
SIM3
SIM4
1
21
22
SIM5
SIM1
SIM2
SIM3
SIM4
1
21
22
SIM5
SIM1
SIM2
SIM3
SIM4
1
21
22
SIM5
SIM1
SIM2
SIM3
SIM4
1
21
22
SIM5
SIM1
SIM2
SIM3
SIM4
1
21
22
SIM5
SIM1
SIM2
SIM3
SIM4
1
21
22
SIM5
SIM1
SIM2
SIM3
SIM4
1
21
22
SIM5
SIM1
SIM2
SIM3
SIM4
1
21
22
SIM5
SIM1
SIM2
SIM3
SIM4
1
21
22
SIM5
SIM1
SIM2
SIM3
SIM4
1
21
22
SIM5
SIM1
SIM2
SIM3
SIM4
1
21
22
SIM5
SIM1
SIM2
SIM3
SIM4
1
21
22
SIM5
SIM1
SIM2
SIM3
SIM4
1
21
22
SIM5
SIM1
SIM2
SIM3
SIM4
1
21
22
SIM5
SIM1
SIM2
SIM3
SIM4
1
21
22
SIM5
SIM1
SIM2
SIM3
SIM4
1
21
22
SIM5
SIM1
SIM2
SIM3
SIM4
1
21
22
SIM5
SIM1
SIM2
SIM3
SIM4
1
21
22
SIM5
SIM1
SIM2
SIM3
SIM4
1
21
22
SIM5
SIM1
SIM2
SIM3
SIM4
1
21
22
SIM5
SIM1
SIM2
SIM3
SIM4
1
21
22
SIM5
SIM1
SIM2
SIM3
SIM4
1
21
22
SIM5
SIM1
SIM2
SIM3
SIM4
1
21
22
SIM5
SIM1
SIM2
SIM3
SIM4
1
21
22
SIM5
SIM1
SIM2
SIM3
SIM4
1
21
22
SIM5
SIM1
SIM2
SIM3
SIM4
1
21
22
SIM5
SIM1
SIM2
SIM3
SIM4
1
21
22
SIM5
SIM1
SIM2
SIM3
SIM4
1
21
22
SIM5
SIM1
SIM2
SIM3
SIM4
1
21
22
SIM5
SIM1
SIM2
SIM3
SIM4
1
21
22
SIM5
SIM1
SIM2
SIM3
SIM4
1
21
22
SIM5
SIM1
SIM2
SIM3
SIM4
1
21
22
SIM5
SIM1
SIM2
SIM3
SIM4
1
21
22
SIM5
SIM1
SIM2
SIM3
SIM4
1
21
22
SIM5
SIM1
SIM2
SIM3
SIM4
1
21
22
SIM5
SIM1
SIM2
SIM3
SIM4
1
21
22
SIM5
SIM1
SIM2
SIM3
SIM4
1
21
22
SIM5
SIM1
SIM2
SIM3
SIM4
1
21
22
SIM5
SIM1
SIM2
SIM3
SIM4
1
21
22
SIM5
SIM1
SIM2
SIM3
SIM4
1
21
22
SIM5
SIM1
SIM2
SIM3
SIM4
1
21
22
SIM5
SIM1
SIM2
SIM3
SIM4
1
21
22
SIM5
SIM1
SIM2
SIM3
SIM4
1
21
22
SIM5
SIM1
SIM2
SIM3
SIM4
1
21
22
SIM5
SIM1
SIM2
SIM3
SIM4
1
21
22
SIM5
SIM1
SIM2
SIM3
SIM4
1
21
22
SIM5
SIM1
SIM2
SIM3
SIM4
1
21
22
SIM5
SIM1
SIM2
SIM3
SIM4
1
21
22
SIM5
SIM1
SIM2
SIM3
SIM4
1
21
22
SIM5
SIM1
SIM2
SIM3
SIM4
1
21
22
SIM5
SIM1
SIM2
SIM3
SIM4
1
21
22
SIM5
SIM1
SIM2
SIM3
SIM4
1
21
22
SIM5
SIM1
SIM2
SIM3
SIM4
1
21
22
SIM5
SIM1
SIM2
SIM3
SIM4
1
21
22
SIM5
SIM1
SIM2
SIM3
SIM4
1
21
22
SIM5
SIM1
SIM2
SIM3
SIM4
1
21
22
SIM5
SIM1
SIM2
SIM3
SIM4
1
21
22
SIM5
SIM1
SIM2
SIM3
SIM4
1
21
22
SIM5
SIM1
SIM2
SIM3
SIM4
1
21
22
SIM5
SIM1
SIM2
SIM3
SIM4
1
21
22
SIM5
SIM1
SIM2
SIM3
SIM4
1
21
22
SIM5
SIM1
SIM2
SIM3
SIM4
1
21
22
SIM5
SIM1
SIM2
SIM3
SIM4
1
21
22
SIM5
SIM1
SIM2
SIM3
SIM4
1
21
22
SIM5
SIM1
SIM2
SIM3
SIM4
1
21
22
SIM5
SIM1
SIM2
SIM3
SIM4
1
21
22
SIM5
SIM1
SIM2
SIM3
SIM4
1
21
22
SIM5
SIM1
SIM2
SIM3
SIM4
1
21
22
SIM5
SIM1
SIM2
SIM3
SIM4
1
21
22
SIM5
SIM1
SIM2
SIM3
SIM4
1
21
22
SIM5
SIM1
SIM2
SIM3
SIM4
1
21
22
SIM5
SIM1
SIM2
SIM3
SIM4
1
21
22
SIM5
SIM1
SIM2
SIM3
SIM4
1
21
22
SIM5
SIM1
SIM2
SIM3
SIM4
1
21
22
SIM5
SIM1
SIM2
SIM3
SIM4
1
21
22
SIM5
SIM1
SIM2
SIM3
SIM4
1
21
22
SIM5
SIM1
SIM2
SIM3
SIM4
1
21
22
SIM5
SIM1
SIM2
SIM3
SIM4
1
21
22
SIM5
SIM1
SIM2
SIM3
SIM4
1
21
22
SIM5
SIM1
SIM2
SIM3
SIM4
1
21
22
SIM5
SIM1
SIM2
SIM3
SIM4
1
21
22
SIM5
SIM1
SIM2
SIM3
SIM4
1
21
22
SIM5
SIM1
SIM2
SIM3
SIM4
1
21
22
SIM5
SIM1
SIM2
SIM3
SIM4
1
21
22
SIM5
SIM1
SIM2
SIM3
SIM4
1
21
22
SIM5
SIM1
SIM2
SIM3
SIM4
1
21
22
SIM5
SIM1
SIM2
SIM3
SIM4
1
21
22
SIM5
SIM1
SIM2
SIM3
SIM4
1
21
22
SIM5
SIM1
SIM2
SIM3
SIM4
1
21
22
SIM5
SIM1
SIM2
SIM3
SIM4
1
21
22
SIM5
SIM1
SIM2
SIM3
SIM4
1
21
22
SIM5
SIM1
SIM2
SIM3
SIM4
1
21
22
SIM5
SIM1
SIM2
SIM3
SIM4
1
21
22
SIM5
SIM1
SIM2
SIM3
SIM4
1
21
22
SIM5
SIM1
SIM2
SIM3
SIM4
1
21
22
SIM5
SIM1
SIM2
SIM3
SIM4
1
21
22
SIM5
SIM1
SIM2
SIM3
SIM4
1
21
22
SIM5
SIM1
SIM2
SIM3
SIM4
1
21
22
SIM5
SIM1
SIM2
SIM3
SIM4
1
21
22
SIM5
SIM1
SIM2
SIM3
SIM4
1
21
22
SIM5
SIM1
SIM2
SIM3
SIM4
1
21
22
SIM5
SIM1
SIM2
SIM3
SIM4
1
21
22
SIM5
SIM1
SIM2
SIM3
SIM4
1
21
22
SIM5
SIM1
SIM2
SIM3
SIM4
1
21
22
SIM5
SIM1
SIM2
SIM3
SIM4
1
21
22
SIM5
SIM1
SIM2
SIM3
SIM4
1
21
22
SIM5
SIM1
SIM2
SIM3
SIM4
1
21
22
SIM5
SIM1
SIM2
SIM3
SIM4
1
21
22
SIM5
SIM1
SIM2
SIM3
SIM4
1
21
22
SIM5
SIM1
SIM2
SIM3
SIM4
1
21
22
SIM5
SIM1
SIM2
SIM3
SIM4
1
21
22
SIM5
SIM1
SIM2
SIM3
SIM4
1
21
22
SIM5
SIM1
SIM2
SIM3
SIM4
1
21
22
SIM5
SIM1
SIM2
SIM3
SIM4
1
21
22
SIM5
SIM1
SIM2
SIM3
SIM4
1
21
22
SIM5
SIM1
SIM2
SIM3
SIM4
1
21
22
SIM5
SIM1
SIM2
SIM3
SIM4
1
21
22
SIM5
SIM1
SIM2
SIM3
SIM4
1
21
22
SIM5
SIM1
SIM2
SIM3
SIM4
1
21
22
SIM5
SIM1
SIM2
SIM3
SIM4
1
21
22
SIM5
SIM1
SIM2
SIM3
SIM4
1
21
22
SIM5
SIM1
SIM2
SIM3
SIM4
1
21
22
SIM5
SIM1
SIM2
SIM3
SIM4
1
21
22
SIM5
SIM1
SIM2
SIM3
SIM4
1
21
22
SIM5
SIM1
SIM2
SIM3
SIM4
1
21
22
SIM5
SIM1
SIM2
SIM3
SIM4
1
21
22
SIM5
SIM1
SIM2
SIM3
SIM4
1
21
22
SIM5
SIM1
SIM2
SIM3
SIM4
1
21
22
SIM5
SIM1
SIM2
SIM3
SIM4
1
21
22
SIM5
SIM1
SIM2
SIM3
SIM4
1
21
22
SIM5
SIM1
SIM2
SIM3
SIM4
1
21
22
SIM5
SIM1
SIM2
SIM3
SIM4
1
21
22
SIM5
SIM1
SIM2
SIM3
SIM4
1
21
22
SIM5
SIM1
SIM2
SIM3
SIM4
1
21
22
SIM5
SIM1
SIM2
SIM3
SIM4
1
21
22
SIM5
SIM1
SIM2
SIM3
SIM4
1
21
22
SIM5
SIM1
SIM2
SIM3
SIM4
1
21
22
SIM5
SIM1
SIM2
SIM3
SIM4
1
21
22
SIM5
SIM1
SIM2
SIM3
SIM4
1
21
22
SIM5
SIM1
SIM2
SIM3
SIM4
1
21
22
SIM5
SIM1
SIM2
SIM3
SIM4
1
21
22
SIM5
SIM1
SIM2
SIM3
SIM4
1
21
22
SIM5
SIM1
SIM2
SIM3
SIM4
1
21
22
SIM5
SIM1
SIM2
SIM3
SIM4
1
21
22
SIM5
SIM1
SIM2
SIM3
SIM4
1
21
22
SIM5
SIM1
SIM2
SIM3
SIM4
1
21
22
SIM5
SIM1
SIM2
SIM3
SIM4
1
21
22
SIM5
SIM1
SIM2
SIM3
SIM4
1
21
22
SIM5
SIM1
SIM2
SIM3
SIM4
1
21
22
SIM5
SIM1
SIM2
SIM3
SIM4
1
21
22
SIM5
SIM1
SIM2
SIM3
SIM4
1
21
22
SIM5
SIM1
SIM2
SIM3
SIM4
1
21
22
SIM5
SIM1
SIM2
SIM3
SIM4
1
21
22
SIM5
SIM1
SIM2
SIM3
SIM4
1
21
22
SIM5
SIM1
SIM2
SIM3
SIM4
1
21
22
SIM5
SIM1
SIM2
SIM3
SIM4
1
21
22
SIM5
SIM1
SIM2
SIM3
SIM4
1
21
22
SIM5
SIM1
SIM2
SIM3
SIM4
1
21
22
SIM5
SIM1
SIM2
SIM3
SIM4
1
21
22
SIM5
SIM1
SIM2
SIM3
SIM4
1
21
22
SIM5
SIM1
SIM2
SIM3
SIM4
1
21
22
SIM5
SIM1
SIM2
SIM3
SIM4
1
21
22
SIM5
SIM1
SIM2
SIM3
SIM4
1
21
22
SIM5
SIM1
SIM2
SIM3
SIM4
1
21
22
SIM5
SIM1
SIM2
SIM3
SIM4
1
21
22
SIM5
SIM1
SIM2
SIM3
SIM4
1
21
22
SIM5
SIM1
SIM2
SIM3
SIM4
1
21
22
SIM5
SIM1
SIM2
SIM3
SIM4
1
21
22
SIM5
SIM1
SIM2
SIM3
SIM4
1
21
22
SIM5
SIM1
SIM2
SIM3
SIM4
1
21
22
SIM5
SIM1
SIM2
SIM3
SIM4
1
21
22
SIM5
SIM1
SIM2
DEBUG 1 669
SIM1
SIM2
SIM3
SIM4
1
21
22
SIM5
SIM1
SIM2
SIM3
SIM4
1
21
22
SIM5
SIM1
SIM2
SIM3
SIM4
1
21
22
SIM5
SIM1
SIM2
SIM3
SIM4
1
21
22
SIM5
SIM1
SIM2
SIM3
SIM4
1
21
22
SIM5
SIM1
SIM2
SIM3
SIM4
1
21
22
SIM5
SIM1
SIM2
SIM3
SIM4
1
21
22
SIM5
SIM1
SIM2
SIM3
SIM4
1
21
22
SIM5
SIM1
SIM2
SIM3
SIM4
1
21
22
SIM5
SIM1
SIM2
SIM3
SIM4
1
21
22
SIM5
SIM1
SIM2
SIM3
SIM4
1
21
22
SIM5
SIM1
SIM2
SIM3
SIM4
1
21
22
SIM5
SIM1
SIM2
SIM3
SIM4
1
21
22
SIM5
SIM1
SIM2
SIM3
SIM4
1
21
22
SIM5
SIM1
SIM2
SIM3
SIM4
1
21
22
SIM5
SIM1
SIM2
SIM3
SIM4
1
21
22
SIM5
SIM1
SIM2
SIM3
SIM4
1
21
22
SIM5
SIM1
SIM2
SIM3
SIM4
1
21
22
SIM5
SIM1
SIM2
SIM3
SIM4
1
21
22
SIM5
SIM1
SIM2
SIM3
SIM4
1
21
22
SIM5
SIM1
SIM2
SIM3
SIM4
1
21
22
SIM5
SIM1
SIM2
SIM3
SIM4
1
21
22
SIM5
SIM1
SIM2
SIM3
SIM4
1
21
22
SIM5
SIM1
SIM2
SIM3
SIM4
1
21
22
SIM5
SIM1
SIM2
SIM3
SIM4
1
21
22
SIM5
SIM1
SIM2
SIM3
SIM4
1
21
22
SIM5
SIM1
SIM2
SIM3
SIM4
1
21
22
SIM5
SIM1
SIM2
SIM3
SIM4
1
21
22
SIM5
SIM1
SIM2
SIM3
SIM4
1
21
22
SIM5
SIM1
SIM2
SIM3
SIM4
1
21
22
SIM5
SIM1
SIM2
SIM3
SIM4
1
21
22
SIM5
SIM1
SIM2
SIM3
SIM4
1
21
22
SIM5
SIM1
SIM2
SIM3
SIM4
1
21
22
SIM5
SIM1
SIM2
SIM3
SIM4
1
21
22
SIM5
SIM1
SIM2
SIM3
SIM4
1
21
22
SIM5
SIM1
SIM2
SIM3
SIM4
1
21
22
SIM5
SIM1
SIM2
SIM3
SIM4
1
21
22
SIM5
SIM1
SIM2
SIM3
SIM4
1
21
22
SIM5
SIM1
SIM2
SIM3
SIM4
1
21
22
SIM5
SIM1
SIM2
SIM3
SIM4
1
21
22
SIM5
SIM1
SIM2
SIM3
SIM4
1
21
22
SIM5
SIM1
SIM2
SIM3
SIM4
1
21
22
SIM5
SIM1
SIM2
SIM3
SIM4
1
21
22
SIM5
SIM1
SIM2
SIM3
SIM4
1
21
22
SIM5
SIM1
SIM2
SIM3
SIM4
1
21
22
SIM5
SIM1
SIM2
SIM3
SIM4
1
21
22
SIM5
SIM1
SIM2
SIM3
SIM4
1
21
22
SIM5
SIM1
SIM2
SIM3
SIM4
1
21
22
SIM5
SIM1
SIM2
SIM3
SIM4
1
21
22
SIM5
SIM1
SIM2
SIM3
SIM4
1
21
22
SIM5
SIM1
SIM2
SIM3
SIM4
1
21
22
SIM5
SIM1
SIM2
SIM3
SIM4
1
21
22
SIM5
SIM1
SIM2
SIM3
SIM4
1
21
22
SIM5
SIM1
SIM2
SIM3
SIM4
1
21
22
SIM5
SIM1
SIM2
SIM3
SIM4
1
21
22
SIM5
SIM1
SIM2
SIM3
SIM4
1
21
22
SIM5
SIM1
SIM2
SIM3
SIM4
1
21
22
SIM5
SIM1
SIM2
SIM3
SIM4
1
21
22
SIM5
SIM1
SIM2
SIM3
SIM4
1
21
22
SIM5
SIM1
SIM2
SIM3
SIM4
1
21
22
SIM5
SIM1
SIM2
SIM3
SIM4
1
21
22
SIM5
SIM1
SIM2
SIM3
SIM4
1
21
22
SIM5
SIM1
SIM2
SIM3
SIM4
1
21
22
SIM5
SIM1
SIM2
SIM3
SIM4
1
21
22
SIM5
SIM1
SIM2
SIM3
SIM4
1
21
22
SIM5
SIM1
SIM2
SIM3
SIM4
1
21
22
SIM5
SIM1
SIM2
SIM3
SIM4
1
21
22
SIM5
SIM1
SIM2
SIM3
SIM4
1
21
22
SIM5
SIM1
SIM2
SIM3
SIM4
1
21
22
SIM5
SIM1
SIM2
SIM3
SIM4
1
21
22
SIM5
SIM1
SIM2
SIM3
SIM4
1
21
22
SIM5
SIM1
SIM2
SIM3
SIM4
1
21
22
SIM5
SIM1
SIM2
SIM3
SIM4
1
21
22
SIM5
SIM1
SIM2
SIM3
SIM4
1
21
22
SIM5
SIM1
SIM2
SIM3
SIM4
1
21
22
SIM5
SIM1
SIM2
SIM3
SIM4
1
21
22
SIM5
SIM1
SIM2
SIM3
SIM4
1
21
22
SIM5
SIM1
SIM2
SIM3
SIM4
1
21
22
SIM5
SIM1
SIM2
SIM3
SIM4
1
21
22
SIM5
SIM1
SIM2
SIM3
SIM4
1
21
22
SIM5
SIM1
SIM2
SIM3
SIM4
1
21
22
SIM5
SIM1
SIM2
SIM3
SIM4
1
21
22
SIM5
SIM1
SIM2
SIM3
SIM4
1
21
22
SIM5
SIM1
SIM2
SIM3
SIM4
1
21
22
SIM5
SIM1
SIM2
SIM3
SIM4
1
21
22
SIM5
SIM1
SIM2
SIM3
SIM4
1
21
22
SIM5
SIM1
SIM2
SIM3
SIM4
1
21
22
SIM5
SIM1
SIM2
SIM3
SIM4
1
21
22
SIM5
SIM1
SIM2
SIM3
SIM4
1
21
22
SIM5
SIM1
SIM2
SIM3
SIM4
1
21
22
SIM5
SIM1
SIM2
SIM3
SIM4
1
21
22
SIM5
SIM1
SIM2
SIM3
SIM4
1
21
22
SIM5
SIM1
SIM2
SIM3
SIM4
1
21
22
SIM5
SIM1
SIM2
SIM3
SIM4
1
21
22
SIM5
SIM1
SIM2
SIM3
SIM4
1
21
22
SIM5
SIM1
SIM2
SIM3
SIM4
1
21
22
SIM5
SIM1
SIM2
SIM3
SIM4
1
21
22
SIM5
SIM1
SIM2
SIM3
SIM4
1
21
22
SIM5
SIM1
SIM2
SIM3
SIM4
1
21
22
SIM5
SIM1
SIM2
SIM3
SIM4
1
21
22
SIM5
SIM1
SIM2
SIM3
SIM4
1
21
22
SIM5
SIM1
SIM2
SIM3
SIM4
1
21
22
SIM5
SIM1
SIM2
SIM3
SIM4
1
21
22
SIM5
SIM1
SIM2
SIM3
SIM4
1
21
22
SIM5
SIM1
SIM2
SIM3
SIM4
1
21
22
SIM5
SIM1
SIM2
SIM3
SIM4
1
21
22
SIM5
SIM1
SIM2
SIM3
SIM4
1
21
22
SIM5
SIM1
SIM2
SIM3
SIM4
1
21
22
SIM5
SIM1
SIM2
SIM3
SIM4
1
21
22
SIM5
SIM1
SIM2
SIM3
SIM4
1
21
22
SIM5
SIM1
SIM2
SIM3
SIM4
1
21
22
SIM5
SIM1
SIM2
SIM3
SIM4
1
21
22
SIM5
SIM1
SIM2
SIM3
SIM4
1
21
22
SIM5
SIM1
SIM2
SIM3
SIM4
1
21
22
SIM5
SIM1
SIM2
SIM3
SIM4
1
21
22
SIM5
SIM1
SIM2
SIM3
SIM4
1
21
22
SIM5
SIM1
SIM2
SIM3
SIM4
1
21
22
SIM5
SIM1
SIM2
SIM3
SIM4
1
21
22
SIM5
SIM1
SIM2
SIM3
SIM4
1
21
22
SIM5
SIM1
SIM2
SIM3
SIM4
1
21
22
SIM5
SIM1
SIM2
SIM3
SIM4
1
21
22
SIM5
SIM1
SIM2
SIM3
SIM4
1
21
22
SIM5
SIM1
SIM2
SIM3
SIM4
1
21
22
SIM5
SIM1
SIM2
SIM3
SIM4
1
21
22
SIM5
SIM1
SIM2
SIM3
SIM4
1
21
22
SIM5
SIM1
SIM2
SIM3
SIM4
1
21
22
SIM5
SIM1
SIM2
SIM3
SIM4
1
21
22
SIM5
SIM1
SIM2
SIM3
SIM4
1
21
22
SIM5
SIM1
SIM2
SIM3
SIM4
1
21
22
SIM5
SIM1
SIM2
SIM3
SIM4
1
21
22
SIM5
SIM1
SIM2
SIM3
SIM4
1
21
22
SIM5
SIM1
SIM2
SIM3
SIM4
1
21
22
SIM5
SIM1
SIM2
SIM3
SIM4
1
21
22
SIM5
SIM1
SIM2
SIM3
SIM4
1
21
22
SIM5
SIM1
SIM2
SIM3
SIM4
1
21
22
SIM5
SIM1
SIM2
SIM3
SIM4
1
21
22
SIM5
SIM1
SIM2
SIM3
SIM4
1
21
22
SIM5
SIM1
SIM2
SIM3
SIM4
1
21
22
SIM5
SIM1
SIM2
SIM3
SIM4
1
21
22
SIM5
SIM1
SIM2
SIM3
SIM4
1
21
22
SIM5
SIM1
SIM2
SIM3
SIM4
1
21
22
SIM5
SIM1
SIM2
SIM3
SIM4
1
21
22
SIM5
SIM1
SIM2
SIM3
SIM4
1
21
22
SIM5
SIM1
SIM2
SIM3
SIM4
1
21
22
SIM5
SIM1
SIM2
SIM3
SIM4
1
21
22
SIM5
SIM1
SIM2
DEBUG 1 670
SIM1
SIM2
SIM3
SIM4
1
21
22
SIM5
SIM1
SIM2
SIM3
SIM4
1
21
22
SIM5
SIM1
SIM2
SIM3
SIM4
1
21
22
SIM5
SIM1
SIM2
SIM3
SIM4
1
21
22
SIM5
SIM1
SIM2
SIM3
SIM4
1
21
22
SIM5
SIM1
SIM2
SIM3
SIM4
1
21
22
SIM5
SIM1
SIM2
SIM3
SIM4
1
21
22
SIM5
SIM1
SIM2
SIM3
SIM4
1
21
22
SIM5
SIM1
SIM2
SIM3
SIM4
1
21
22
SIM5
SIM1
SIM2
SIM3
SIM4
1
21
22
SIM5
SIM1
SIM2
SIM3
SIM4
1
21
22
SIM5
SIM1
SIM2
SIM3
SIM4
1
21
22
SIM5
SIM1
SIM2
SIM3
SIM4
1
21
22
SIM5
SIM1
SIM2
SIM3
SIM4
1
21
22
SIM5
SIM1
SIM2
SIM3
SIM4
1
21
22
SIM5
SIM1
SIM2
SIM3
SIM4
1
21
22
SIM5
SIM1
SIM2
SIM3
SIM4
1
21
22
SIM5
SIM1
SIM2
SIM3
SIM4
1
21
22
SIM5
SIM1
SIM2
SIM3
SIM4
1
21
22
SIM5
SIM1
SIM2
SIM3
SIM4
1
21
22
SIM5
SIM1
SIM2
SIM3
SIM4
1
21
22
SIM5
SIM1
SIM2
SIM3
SIM4
1
21
22
SIM5
SIM1
SIM2
SIM3
SIM4
1
21
22
SIM5
SIM1
SIM2
SIM3
SIM4
1
21
22
SIM5
SIM1
SIM2
SIM3
SIM4
1
21
22
SIM5
SIM1
SIM2
SIM3
SIM4
1
21
22
SIM5
SIM1
SIM2
SIM3
SIM4
1
21
22
SIM5
SIM1
SIM2
SIM3
SIM4
1
21
22
SIM5
SIM1
SIM2
SIM3
SIM4
1
21
22
SIM5
SIM1
SIM2
SIM3
SIM4
1
21
22
SIM5
SIM1
SIM2
SIM3
SIM4
1
21
22
SIM5
SIM1
SIM2
SIM3
SIM4
1
21
22
SIM5
SIM1
SIM2
SIM3
SIM4
1
21
22
SIM5
SIM1
SIM2
SIM3
SIM4
1
21
22
SIM5
SIM1
SIM2
SIM3
SIM4
1
21
22
SIM5
SIM1
SIM2
SIM3
SIM4
1
21
22
SIM5
SIM1
SIM2
SIM3
SIM4
1
21
22
SIM5
SIM1
SIM2
SIM3
SIM4
1
21
22
SIM5
SIM1
SIM2
SIM3
SIM4
1
21
22
SIM5
SIM1
SIM2
SIM3
SIM4
1
21
22
SIM5
SIM1
SIM2
SIM3
SIM4
1
21
22
SIM5
SIM1
SIM2
SIM3
SIM4
1
21
22
SIM5
SIM1
SIM2
SIM3
SIM4
1
21
22
SIM5
SIM1
SIM2
SIM3
SIM4
1
21
22
SIM5
SIM1
SIM2
SIM3
SIM4
1
21
22
SIM5
SIM1
SIM2
SIM3
SIM4
1
21
22
SIM5
SIM1
SIM2
SIM3
SIM4
1
21
22
SIM5
SIM1
SIM2
SIM3
SIM4
1
21
22
SIM5
SIM1
SIM2
SIM3
SIM4
1
21
22
SIM5
SIM1
SIM2
SIM3
SIM4
1
21
22
SIM5
SIM1
SIM2
SIM3
SIM4
1
21
22
SIM5
SIM1
SIM2
SIM3
SIM4
1
21
22
SIM5
SIM1
SIM2
SIM3
SIM4
1
21
22
SIM5
SIM1
SIM2
SIM3
SIM4
1
21
22
SIM5
SIM1
SIM2
SIM3
SIM4
1
21
22
SIM5
SIM1
SIM2
SIM3
SIM4
1
21
22
SIM5
SIM1
SIM2
SIM3
SIM4
1
21
22
SIM5
SIM1
SIM2
SIM3
SIM4
1
21
22
SIM5
SIM1
SIM2
SIM3
SIM4
1
21
22
SIM5
SIM1
SIM2
SIM3
SIM4
1
21
22
SIM5
SIM1
SIM2
SIM3
SIM4
1
21
22
SIM5
SIM1
SIM2
SIM3
SIM4
1
21
22
SIM5
SIM1
SIM2
SIM3
SIM4
1
21
22
SIM5
SIM1
SIM2
SIM3
SIM4
1
21
22
SIM5
SIM1
SIM2
SIM3
SIM4
1
21
22
SIM5
SIM1
SIM2
SIM3
SIM4
1
21
22
SIM5
SIM1
SIM2
SIM3
SIM4
1
21
22
SIM5
SIM1
SIM2
SIM3
SIM4
1
21
22
SIM5
SIM1
SIM2
SIM3
SIM4
1
21
22
SIM5
SIM1
SIM2
SIM3
SIM4
1
21
22
SIM5
SIM1
SIM2
SIM3
SIM4
1
21
22
SIM5
SIM1
SIM2
SIM3
SIM4
1
21
22
SIM5
SIM1
SIM2
SIM3
SIM4
1
21
22
SIM5
SIM1
SIM2
SIM3
SIM4
1
21
22
SIM5
SIM1
SIM2
SIM3
SIM4
1
21
22
SIM5
SIM1
SIM2
SIM3
SIM4
1
21
22
SIM5
SIM1
SIM2
SIM3
SIM4
1
21
22
SIM5
SIM1
SIM2
SIM3
SIM4
1
21
22
SIM5
SIM1
SIM2
SIM3
SIM4
1
21
22
SIM5
SIM1
SIM2
SIM3
SIM4
1
21
22
SIM5
SIM1
SIM2
SIM3
SIM4
1
21
22
SIM5
SIM1
SIM2
SIM3
SIM4
1
21
22
SIM5
SIM1
SIM2
SIM3
SIM4
1
21
22
SIM5
SIM1
SIM2
SIM3
SIM4
1
21
22
SIM5
SIM1
SIM2
SIM3
SIM4
1
21
22
SIM5
SIM1
SIM2
SIM3
SIM4
1
21
22
SIM5
SIM1
SIM2
SIM3
SIM4
1
21
22
SIM5
SIM1
SIM2
SIM3
SIM4
1
21
22
SIM5
SIM1
SIM2
SIM3
SIM4
1
21
22
SIM5
SIM1
SIM2
SIM3
SIM4
1
21
22
SIM5
SIM1
SIM2
SIM3
SIM4
1
21
22
SIM5
SIM1
SIM2
SIM3
SIM4
1
21
22
SIM5
SIM1
SIM2
SIM3
SIM4
1
21
22
SIM5
SIM1
SIM2
SIM3
SIM4
1
21
22
SIM5
SIM1
SIM2
SIM3
SIM4
1
21
22
SIM5
SIM1
SIM2
SIM3
SIM4
1
21
22
SIM5
SIM1
SIM2
SIM3
SIM4
1
21
22
SIM5
SIM1
SIM2
SIM3
SIM4
1
21
22
SIM5
SIM1
SIM2
SIM3
SIM4
1
21
22
SIM5
SIM1
SIM2
SIM3
SIM4
1
21
22
SIM5
SIM1
SIM2
SIM3
SIM4
1
21
22
SIM5
SIM1
SIM2
SIM3
SIM4
1
21
22
SIM5
SIM1
SIM2
SIM3
SIM4
1
21
22
SIM5
SIM1
SIM2
SIM3
SIM4
1
21
22
SIM5
SIM1
SIM2
SIM3
SIM4
1
21
22
SIM5
SIM1
SIM2
SIM3
SIM4
1
21
22
SIM5
SIM1
SIM2
SIM3
SIM4
1
21
22
SIM5
SIM1
SIM2
SIM3
SIM4
1
21
22
SIM5
SIM1
SIM2
SIM3
SIM4
1
21
22
SIM5
SIM1
SIM2
SIM3
SIM4
1
21
22
SIM5
SIM1
SIM2
SIM3
SIM4
1
21
22
SIM5
SIM1
SIM2
SIM3
SIM4
1
21
22
SIM5
SIM1
SIM2
SIM3
SIM4
1
21
22
SIM5
SIM1
SIM2
SIM3
SIM4
1
21
22
SIM5
SIM1
SIM2
SIM3
SIM4
1
21
22
SIM5
SIM1
SIM2
SIM3
SIM4
1
21
22
SIM5
SIM1
SIM2
SIM3
SIM4
1
21
22
SIM5
SIM1
SIM2
SIM3
SIM4
1
21
22
SIM5
SIM1
SIM2
DEBUG 1 671
SIM1
SIM2
SIM3
SIM4
1
21
22
SIM5
SIM1
SIM2
SIM3
SIM4
1
21
22
SIM5
SIM1
SIM2
SIM3
SIM4
1
21
22
SIM5
SIM1
SIM2
SIM3
SIM4
1
21
22
SIM5
SIM1
SIM2
SIM3
SIM4
1
21
22
SIM5
SIM1
SIM2
SIM3
SIM4
1
21
22
SIM5
SIM1
SIM2
SIM3
SIM4
1
21
22
SIM5
SIM1
SIM2
SIM3
SIM4
1
21
22
SIM5
SIM1
SIM2
SIM3
SIM4
1
21
22
SIM5
SIM1
SIM2
SIM3
SIM4
1
21
22
SIM5
SIM1
SIM2
SIM3
SIM4
1
21
22
SIM5
SIM1
SIM2
SIM3
SIM4
1
21
22
SIM5
SIM1
SIM2
SIM3
SIM4
1
21
22
SIM5
SIM1
SIM2
SIM3
SIM4
1
21
22
SIM5
SIM1
SIM2
SIM3
SIM4
1
21
22
SIM5
SIM1
SIM2
SIM3
SIM4
1
21
22
SIM5
SIM1
SIM2
SIM3
SIM4
1
21
22
SIM5
SIM1
SIM2
SIM3
SIM4
1
21
22
SIM5
SIM1
SIM2
SIM3
SIM4
1
21
22
SIM5
SIM1
SIM2
SIM3
SIM4
1
21
22
SIM5
SIM1
SIM2
SIM3
SIM4
1
21
22
SIM5
SIM1
SIM2
SIM3
SIM4
1
21
22
SIM5
SIM1
SIM2
SIM3
SIM4
1
21
22
SIM5
SIM1
SIM2
SIM3
SIM4
1
21
22
SIM5
SIM1
SIM2
SIM3
SIM4
1
21
22
SIM5
SIM1
SIM2
SIM3
SIM4
1
21
22
SIM5
SIM1
SIM2
SIM3
SIM4
1
21
22
SIM5
SIM1
SIM2
SIM3
SIM4
1
21
22
SIM5
SIM1
SIM2
SIM3
SIM4
1
21
22
SIM5
SIM1
SIM2
SIM3
SIM4
1
21
22
SIM5
SIM1
SIM2
SIM3
SIM4
1
21
22
SIM5
SIM1
SIM2
SIM3
SIM4
1
21
22
SIM5
SIM1
SIM2
SIM3
SIM4
1
21
22
SIM5
SIM1
SIM2
SIM3
SIM4
1
21
22
SIM5
SIM1
SIM2
SIM3
SIM4
1
21
22
SIM5
SIM1
SIM2
SIM3
SIM4
1
21
22
SIM5
SIM1
SIM2
SIM3
SIM4
1
21
22
SIM5
SIM1
SIM2
SIM3
SIM4
1
21
22
SIM5
SIM1
SIM2
SIM3
SIM4
1
21
22
SIM5
SIM1
SIM2
SIM3
SIM4
1
21
22
SIM5
SIM1
SIM2
SIM3
SIM4
1
21
22
SIM5
SIM1
SIM2
SIM3
SIM4
1
21
22
SIM5
SIM1
SIM2
SIM3
SIM4
1
21
22
SIM5
SIM1
SIM2
SIM3
SIM4
1
21
22
SIM5
SIM1
SIM2
SIM3
SIM4
1
21
22
SIM5
SIM1
SIM2
SIM3
SIM4
1
21
22
SIM5
SIM1
SIM2
SIM3
SIM4
1
21
22
SIM5
SIM1
SIM2
SIM3
SIM4
1
21
22
SIM5
SIM1
SIM2
SIM3
SIM4
1
21
22
SIM5
SIM1
SIM2
SIM3
SIM4
1
21
22
SIM5
SIM1
SIM2
SIM3
SIM4
1
21
22
SIM5
SIM1
SIM2
SIM3
SIM4
1
21
22
SIM5
SIM1
SIM2
SIM3
SIM4
1
21
22
SIM5
SIM1
SIM2
SIM3
SIM4
1
21
22
SIM5
SIM1
SIM2
SIM3
SIM4
1
21
22
SIM5
SIM1
SIM2
SIM3
SIM4
1
21
22
SIM5
SIM1
SIM2
SIM3
SIM4
1
21
22
SIM5
SIM1
SIM2
SIM3
SIM4
1
21
22
SIM5
SIM1
SIM2
SIM3
SIM4
1
21
22
SIM5
SIM1
SIM2
SIM3
SIM4
1
21
22
SIM5
SIM1
SIM2
SIM3
SIM4
1
21
22
SIM5
SIM1
SIM2
SIM3
SIM4
1
21
22
SIM5
SIM1
SIM2
SIM3
SIM4
1
21
22
SIM5
SIM1
SIM2
SIM3
SIM4
1
21
22
SIM5
SIM1
SIM2
SIM3
SIM4
1
21
22
SIM5
SIM1
SIM2
SIM3
SIM4
1
21
22
SIM5
SIM1
SIM2
SIM3
SIM4
1
21
22
SIM5
SIM1
SIM2
SIM3
SIM4
1
21
22
SIM5
SIM1
SIM2
SIM3
SIM4
1
21
22
SIM5
SIM1
SIM2
SIM3
SIM4
1
21
22
SIM5
SIM1
SIM2
SIM3
SIM4
1
21
22
SIM5
SIM1
SIM2
SIM3
SIM4
1
21
22
SIM5
SIM1
SIM2
SIM3
SIM4
1
21
22
SIM5
SIM1
SIM2
SIM3
SIM4
1
21
22
SIM5
SIM1
SIM2
SIM3
SIM4
1
21
22
SIM5
SIM1
SIM2
SIM3
SIM4
1
21
22
SIM5
SIM1
SIM2
SIM3
SIM4
1
21
22
SIM5
SIM1
SIM2
SIM3
SIM4
1
21
22
SIM5
SIM1
SIM2
SIM3
SIM4
1
21
22
SIM5
SIM1
SIM2
SIM3
SIM4
1
21
22
SIM5
SIM1
SIM2
SIM3
SIM4
1
21
22
SIM5
SIM1
SIM2
SIM3
SIM4
1
21
22
SIM5
SIM1
SIM2
SIM3
SIM4
1
21
22
SIM5
SIM1
SIM2
SIM3
SIM4
1
21
22
SIM5
SIM1
SIM2
SIM3
SIM4
1
21
22
SIM5
SIM1
SIM2
SIM3
SIM4
1
21
22
SIM5
SIM1
SIM2
SIM3
SIM4
1
21
22
SIM5
SIM1
SIM2
SIM3
SIM4
1
21
22
SIM5
SIM1
SIM2
SIM3
SIM4
1
21
22
SIM5
SIM1
SIM2
SIM3
SIM4
1
21
22
SIM5
SIM1
SIM2
SIM3
SIM4
1
21
22
SIM5
SIM1
SIM2
SIM3
SIM4
1
21
22
SIM5
SIM1
SIM2
SIM3
SIM4
1
21
22
SIM5
SIM1
SIM2
SIM3
SIM4
1
21
22
SIM5
SIM1
SIM2
SIM3
SIM4
1
21
22
SIM5
SIM1
SIM2
SIM3
SIM4
1
21
22
SIM5
SIM1
SIM2
SIM3
SIM4
1
21
22
SIM5
SIM1
SIM2
SIM3
SIM4
1
21
22
SIM5
SIM1
SIM2
SIM3
SIM4
1
21
22
SIM5
SIM1
SIM2
SIM3
SIM4
1
21
22
SIM5
SIM1
SIM2
SIM3
SIM4
1
21
22
SIM5
SIM1
SIM2
SIM3
SIM4
1
21
22
SIM5
SIM1
SIM2
SIM3
SIM4
1
21
22
SIM5
SIM1
SIM2
SIM3
SIM4
1
21
22
SIM5
SIM1
SIM2
SIM3
SIM4
1
21
22
SIM5
SIM1
SIM2
SIM3
SIM4
1
21
22
SIM5
SIM1
SIM2
SIM3
SIM4
1
21
22
SIM5
SIM1
SIM2
SIM3
SIM4
1
21
22
SIM5
SIM1
SIM2
SIM3
SIM4
1
21
22
SIM5
SIM1
SIM2
SIM3
SIM4
1
21
22
SIM5
SIM1
SIM2
SIM3
SIM4
1
21
22
SIM5
SIM1
SIM2
SIM3
SIM4
1
21
22
SIM5
SIM1
SIM2
SIM3
SIM4
1
21
22
SIM5
SIM1
SIM2
SIM3
SIM4
1
21
22
SIM5
SIM1
SIM2
SIM3
SIM4
1
21
22
SIM5
SIM1
SIM2
SIM3
SIM4
1
21
22
SIM5
SIM1
SIM2
SIM3
SIM4
1
21
22
SIM5
SIM1
SIM2
SIM3
SIM4
1
21
22
SIM5
SIM1
SIM2
SIM3
SIM4
1
21
22
SIM5
SIM1
SIM2
SIM3
SIM4
1
21
22
SIM5
SIM1
SIM2
SIM3
SIM4
1
21
22
SIM5
SIM1
SIM2
SIM3
SIM4
1
21
22
SIM5
SIM1
SIM2
SIM3
SIM4
1
21
22
SIM5
SIM1
SIM2
SIM3
SIM4
1
21
22
SIM5
SIM1
SIM2
SIM3
SIM4
1
21
22
SIM5
SIM1
SIM2
SIM3
SIM4
1
21
22
SIM5
SIM1
SIM2
SIM3
SIM4
1
21
22
SIM5
SIM1
SIM2
SIM3
SIM4
1
21
22
SIM5
SIM1
SIM2
SIM3
SIM4
1
21
22
SIM5
SIM1
SIM2
SIM3
SIM4
1
21
22
SIM5
SIM1
SIM2
SIM3
SIM4
1
21
22
SIM5
SIM1
SIM2
SIM3
SIM4
1
21
22
SIM5
SIM1
SIM2
SIM3
SIM4
1
21
22
SIM5
SIM1
SIM2
SIM3
SIM4
1
21
22
SIM5
SIM1
SIM2
SIM3
SIM4
1
21
22
SIM5
SIM1
SIM2
SIM3
SIM4
1
21
22
SIM5
SIM1
SIM2
SIM3
SIM4
1
21
22
SIM5
SIM1
SIM2
SIM3
SIM4
1
21
22
SIM5
SIM1
SIM2
SIM3
SIM4
1
21
22
SIM5
SIM1
SIM2
SIM3
SIM4
1
21
22
SIM5
SIM1
SIM2
SIM3
SIM4
1
21
22
SIM5
SIM1
SIM2
SIM3
SIM4
1
21
22
SIM5
SIM1
SIM2
SIM3
SIM4
1
21
22
SIM5
SIM1
SIM2
SIM3
SIM4
1
21
22
SIM5
SIM1
SIM2
SIM3
SIM4
1
21
22
SIM5
SIM1
SIM2
SIM3
SIM4
1
21
22
SIM5
SIM1
SIM2
SIM3
SIM4
1
21
22
SIM5
SIM1
SIM2
SIM3
SIM4
1
21
22
SIM5
SIM1
SIM2
SIM3
SIM4
1
21
22
SIM5
SIM1
SIM2
SIM3
SIM4
1
21
22
SIM5
SIM1
SIM2
SIM3
SIM4
1
21
22
SIM5
SIM1
SIM2
SIM3
SIM4
1
21
22
SIM5
SIM1
SIM2
SIM3
SIM4
1
21
22
SIM5
SIM1
SIM2
SIM3
SIM4
1
21
22
SIM5
SIM1
SIM2
SIM3
SIM4
1
21
22
SIM5
SIM1
SIM2
SIM3
SIM4
1
21
22
SIM5
SIM1
SIM2
SIM3
SIM4
1
21
22
SIM5
SIM1
SIM2
SIM3
SIM4
1
21
22
SIM5
SIM1
SIM2
SIM3
SIM4
1
21
22
SIM5
SIM1
SIM2
SIM3
SIM4
1
21
22
SIM5
SIM1
SIM2
SIM3
SIM4
1
21
22
SIM5
SIM1
SIM2
SIM3
SIM4
1
21
22
SIM5
SIM1
SIM2
SIM3
SIM4
1
21
22
SIM5
SIM1
SIM2
SIM3
SIM4
1
21
22
SIM5
SIM1
SIM2
SIM3
SIM4
1
21
22
SIM5
SIM1
SIM2
SIM3
SIM4
1
21
22
SIM5
SIM1
SIM2
SIM3
SIM4
1
21
22
SIM5
SIM1
SIM2
SIM3
SIM4
1
21
22
SIM5
SIM1
SIM2
SIM3
SIM4
1
21
22
SIM5
SIM1
SIM2
SIM3
SIM4
1
21
22
SIM5
SIM1
SIM2
SIM3
SIM4
1
21
22
SIM5
SIM1
SIM2
SIM3
SIM4
1
21
22
SIM5
SIM1
SIM2
SIM3
SIM4
1
21
22
SIM5
SIM1
SIM2
SIM3
SIM4
1
21
22
SIM5
SIM1
SIM2
SIM3
SIM4
1
21
22
SIM5
SIM1
SIM2
SIM3
SIM4
1
21
22
SIM5
SIM1
SIM2
SIM3
SIM4
1
21
22
SIM5
SIM1
SIM2
SIM3
SIM4
1
21
22
SIM5
SIM1
SIM2
SIM3
SIM4
1
21
22
SIM5
SIM1
SIM2
SIM3
SIM4
1
21
22
SIM5
SIM1
SIM2
SIM3
SIM4
1
21
22
SIM5
SIM1
SIM2
SIM3
SIM4
1
21
22
SIM5
SIM1
SIM2
SIM3
SIM4
1
21
22
SIM5
SIM1
SIM2
SIM3
SIM4
1
21
22
SIM5
SIM1
SIM2
SIM3
SIM4
1
21
22
SIM5
SIM1
SIM2
SIM3
SIM4
1
21
22
SIM5
SIM1
SIM2
SIM3
SIM4
1
21
22
SIM5
SIM1
SIM2
SIM3
SIM4
1
21
22
SIM5
SIM1
SIM2
SIM3
SIM4
1
21
22
SIM5
SIM1
SIM2
SIM3
SIM4
1
21
22
SIM5
SIM1
SIM2
SIM3
SIM4
1
21
22
SIM5
SIM1
SIM2
SIM3
SIM4
1
21
22
SIM5
SIM1
SIM2
SIM3
SIM4
1
21
22
SIM5
SIM1
SIM2
SIM3
SIM4
1
21
22
SIM5
SIM1
SIM2
SIM3
SIM4
1
21
22
SIM5
SIM1
SIM2
SIM3
SIM4
1
21
22
SIM5
SIM1
SIM2
SIM3
SIM4
1
21
22
SIM5
SIM1
SIM2
SIM3
SIM4
1
21
22
SIM5
SIM1
SIM2
SIM3
SIM4
1
21
22
SIM5
SIM1
SIM2
SIM3
SIM4
1
21
22
SIM5
SIM1
SIM2
SIM3
SIM4
1
21
22
SIM5
SIM1
SIM2
SIM3
SIM4
1
21
22
SIM5
SIM1
SIM2
SIM3
SIM4
1
21
22
SIM5
SIM1
SIM2
SIM3
SIM4
1
21
22
SIM5
SIM1
SIM2
SIM3
SIM4
1
21
22
SIM5
SIM1
SIM2
SIM3
SIM4
1
21
22
SIM5
SIM1
SIM2
SIM3
SIM4
1
21
22
SIM5
SIM1
SIM2
SIM3
SIM4
1
21
22
SIM5
SIM1
SIM2
SIM3
SIM4
1
21
22
SIM5
SIM1
SIM2
SIM3
SIM4
1
21
22
SIM5
SIM1
SIM2
SIM3
SIM4
1
21
22
SIM5
SIM1
SIM2
SIM3
SIM4
1
21
22
SIM5
SIM1
SIM2
SIM3
SIM4
1
21
22
SIM5
SIM1
SIM2
SIM3
SIM4
1
21
22
SIM5
SIM1
SIM2
DEBUG 1 672
SIM1
SIM2
SIM3
SIM4
1
21
22
SIM5
SIM1
SIM2
SIM3
SIM4
1
21
22
SIM5
SIM1
SIM2
SIM3
SIM4
1
21
22
SIM5
SIM1
SIM2
SIM3
SIM4
1
21
22
SIM5
SIM1
SIM2
SIM3
SIM4
1
21
22
SIM5
SIM1
SIM2
SIM3
SIM4
1
21
22
SIM5
SIM1
SIM2
SIM3
SIM4
1
21
22
SIM5
SIM1
SIM2
SIM3
SIM4
1
21
22
SIM5
SIM1
SIM2
SIM3
SIM4
1
21
22
SIM5
SIM1
SIM2
SIM3
SIM4
1
21
22
SIM5
SIM1
SIM2
SIM3
SIM4
1
21
22
SIM5
SIM1
SIM2
SIM3
SIM4
1
21
22
SIM5
SIM1
SIM2
SIM3
SIM4
1
21
22
SIM5
SIM1
SIM2
SIM3
SIM4
1
21
22
SIM5
SIM1
SIM2
SIM3
SIM4
1
21
22
SIM5
SIM1
SIM2
SIM3
SIM4
1
21
22
SIM5
SIM1
SIM2
SIM3
SIM4
1
21
22
SIM5
SIM1
SIM2
SIM3
SIM4
1
21
22
SIM5
SIM1
SIM2
SIM3
SIM4
1
21
22
SIM5
SIM1
SIM2
SIM3
SIM4
1
21
22
SIM5
SIM1
SIM2
SIM3
SIM4
1
21
22
SIM5
SIM1
SIM2
SIM3
SIM4
1
21
22
SIM5
SIM1
SIM2
SIM3
SIM4
1
21
22
SIM5
SIM1
SIM2
SIM3
SIM4
1
21
22
SIM5
SIM1
SIM2
SIM3
SIM4
1
21
22
SIM5
SIM1
SIM2
SIM3
SIM4
1
21
22
SIM5
SIM1
SIM2
SIM3
SIM4
1
21
22
SIM5
SIM1
SIM2
SIM3
SIM4
1
21
22
SIM5
SIM1
SIM2
SIM3
SIM4
1
21
22
SIM5
SIM1
SIM2
SIM3
SIM4
1
21
22
SIM5
SIM1
SIM2
SIM3
SIM4
1
21
22
SIM5
SIM1
SIM2
SIM3
SIM4
1
21
22
SIM5
SIM1
SIM2
SIM3
SIM4
1
21
22
SIM5
SIM1
SIM2
SIM3
SIM4
1
21
22
SIM5
SIM1
SIM2
SIM3
SIM4
1
21
22
SIM5
SIM1
SIM2
SIM3
SIM4
1
21
22
SIM5
SIM1
SIM2
SIM3
SIM4
1
21
22
SIM5
SIM1
SIM2
SIM3
SIM4
1
21
22
SIM5
SIM1
SIM2
SIM3
SIM4
1
21
22
SIM5
SIM1
SIM2
SIM3
SIM4
1
21
22
SIM5
SIM1
SIM2
SIM3
SIM4
1
21
22
SIM5
SIM1
SIM2
SIM3
SIM4
1
21
22
SIM5
SIM1
SIM2
SIM3
SIM4
1
21
22
SIM5
SIM1
SIM2
SIM3
SIM4
1
21
22
SIM5
SIM1
SIM2
SIM3
SIM4
1
21
22
SIM5
SIM1
SIM2
SIM3
SIM4
1
21
22
SIM5
SIM1
SIM2
SIM3
SIM4
1
21
22
SIM5
SIM1
SIM2
SIM3
SIM4
1
21
22
SIM5
SIM1
SIM2
SIM3
SIM4
1
21
22
SIM5
SIM1
SIM2
SIM3
SIM4
1
21
22
SIM5
SIM1
SIM2
SIM3
SIM4
1
21
22
SIM5
SIM1
SIM2
SIM3
SIM4
1
21
22
SIM5
SIM1
SIM2
SIM3
SIM4
1
21
22
SIM5
SIM1
SIM2
SIM3
SIM4
1
21
22
SIM5
SIM1
SIM2
SIM3
SIM4
1
21
22
SIM5
SIM1
SIM2
SIM3
SIM4
1
21
22
SIM5
SIM1
SIM2
SIM3
SIM4
1
21
22
SIM5
SIM1
SIM2
SIM3
SIM4
1
21
22
SIM5
SIM1
SIM2
SIM3
SIM4
1
21
22
SIM5
SIM1
SIM2
SIM3
SIM4
1
21
22
SIM5
SIM1
SIM2
SIM3
SIM4
1
21
22
SIM5
SIM1
SIM2
SIM3
SIM4
1
21
22
SIM5
SIM1
SIM2
SIM3
SIM4
1
21
22
SIM5
SIM1
SIM2
SIM3
SIM4
1
21
22
SIM5
SIM1
SIM2
SIM3
SIM4
1
21
22
SIM5
SIM1
SIM2
SIM3
SIM4
1
21
22
SIM5
SIM1
SIM2
SIM3
SIM4
1
21
22
SIM5
SIM1
SIM2
SIM3
SIM4
1
21
22
SIM5
SIM1
SIM2
SIM3
SIM4
1
21
22
SIM5
SIM1
SIM2
SIM3
SIM4
1
21
22
SIM5
SIM1
SIM2
SIM3
SIM4
1
21
22
SIM5
SIM1
SIM2
SIM3
SIM4
1
21
22
SIM5
SIM1
SIM2
SIM3
SIM4
1
21
22
SIM5
SIM1
SIM2
SIM3
SIM4
1
21
22
SIM5
SIM1
SIM2
SIM3
SIM4
1
21
22
SIM5
SIM1
SIM2
SIM3
SIM4
1
21
22
SIM5
SIM1
SIM2
SIM3
SIM4
1
21
22
SIM5
SIM1
SIM2
SIM3
SIM4
1
21
22
SIM5
SIM1
SIM2
SIM3
SIM4
1
21
22
SIM5
SIM1
SIM2
SIM3
SIM4
1
21
22
SIM5
SIM1
SIM2
SIM3
SIM4
1
21
22
SIM5
SIM1
SIM2
SIM3
SIM4
1
21
22
SIM5
SIM1
SIM2
SIM3
SIM4
1
21
22
SIM5
SIM1
SIM2
SIM3
SIM4
1
21
22
SIM5
SIM1
SIM2
SIM3
SIM4
1
21
22
SIM5
SIM1
SIM2
SIM3
SIM4
1
21
22
SIM5
SIM1
SIM2
SIM3
SIM4
1
21
22
SIM5
SIM1
SIM2
SIM3
SIM4
1
21
22
SIM5
SIM1
SIM2
SIM3
SIM4
1
21
22
SIM5
SIM1
SIM2
SIM3
SIM4
1
21
22
SIM5
SIM1
SIM2
SIM3
SIM4
1
21
22
SIM5
SIM1
SIM2
SIM3
SIM4
1
21
22
SIM5
SIM1
SIM2
SIM3
SIM4
1
21
22
SIM5
SIM1
SIM2
SIM3
SIM4
1
21
22
SIM5
SIM1
SIM2
SIM3
SIM4
1
21
22
SIM5
SIM1
SIM2
SIM3
SIM4
1
21
22
SIM5
SIM1
SIM2
SIM3
SIM4
1
21
22
SIM5
SIM1
SIM2
SIM3
SIM4
1
21
22
SIM5
SIM1
SIM2
SIM3
SIM4
1
21
22
SIM5
SIM1
SIM2
SIM3
SIM4
1
21
22
SIM5
SIM1
SIM2
SIM3
SIM4
1
21
22
SIM5
SIM1
SIM2
SIM3
SIM4
1
21
22
SIM5
SIM1
SIM2
SIM3
SIM4
1
21
22
SIM5
SIM1
SIM2
SIM3
SIM4
1
21
22
SIM5
SIM1
SIM2
SIM3
SIM4
1
21
22
SIM5
SIM1
SIM2
SIM3
SIM4
1
21
22
SIM5
SIM1
SIM2
SIM3
SIM4
1
21
22
SIM5
SIM1
SIM2
SIM3
SIM4
1
21
22
SIM5
SIM1
SIM2
SIM3
SIM4
1
21
22
SIM5
SIM1
SIM2
SIM3
SIM4
1
21
22
SIM5
SIM1
SIM2
SIM3
SIM4
1
21
22
SIM5
SIM1
SIM2
SIM3
SIM4
1
21
22
SIM5
SIM1
SIM2
SIM3
SIM4
1
21
22
SIM5
SIM1
SIM2
SIM3
SIM4
1
21
22
SIM5
SIM1
SIM2
SIM3
SIM4
1
21
22
SIM5
SIM1
SIM2
SIM3
SIM4
1
21
22
SIM5
SIM1
SIM2
SIM3
SIM4
1
21
22
SIM5
SIM1
SIM2
SIM3
SIM4
1
21
22
SIM5
SIM1
SIM2
SIM3
SIM4
1
21
22
SIM5
SIM1
SIM2
SIM3
SIM4
1
21
22
SIM5
SIM1
SIM2
SIM3
SIM4
1
21
22
SIM5
SIM1
SIM2
SIM3
SIM4
1
21
22
SIM5
SIM1
SIM2
SIM3
SIM4
1
21
22
SIM5
SIM1
SIM2
SIM3
SIM4
1
21
22
SIM5
SIM1
SIM2
SIM3
SIM4
1
21
22
SIM5
SIM1
SIM2
SIM3
SIM4
1
21
22
SIM5
SIM1
SIM2
SIM3
SIM4
1
21
22
SIM5
SIM1
SIM2
SIM3
SIM4
1
21
22
SIM5
SIM1
SIM2
SIM3
SIM4
1
21
22
SIM5
SIM1
SIM2
SIM3
SIM4
1
21
22
SIM5
SIM1
SIM2
SIM3
SIM4
1
21
22
SIM5
SIM1
SIM2
SIM3
SIM4
1
21
22
SIM5
SIM1
SIM2
SIM3
SIM4
1
21
22
SIM5
SIM1
SIM2
SIM3
SIM4
1
21
22
SIM5
SIM1
SIM2
SIM3
SIM4
1
21
22
SIM5
SIM1
SIM2
SIM3
SIM4
1
21
22
SIM5
SIM1
SIM2
DEBUG 1 673
SIM1
SIM2
SIM3
SIM4
1
21
22
SIM5
SIM1
SIM2
SIM3
SIM4
1
21
22
SIM5
SIM1
SIM2
SIM3
SIM4
1
21
22
SIM5
SIM1
SIM2
SIM3
SIM4
1
21
22
SIM5
SIM1
SIM2
SIM3
SIM4
1
21
22
SIM5
SIM1
SIM2
SIM3
SIM4
1
21
22
SIM5
SIM1
SIM2
SIM3
SIM4
1
21
22
SIM5
SIM1
SIM2
SIM3
SIM4
1
21
22
SIM5
SIM1
SIM2
SIM3
SIM4
1
21
22
SIM5
SIM1
SIM2
SIM3
SIM4
1
21
22
SIM5
SIM1
SIM2
SIM3
SIM4
1
21
22
SIM5
SIM1
SIM2
SIM3
SIM4
1
21
22
SIM5
SIM1
SIM2
SIM3
SIM4
1
21
22
SIM5
SIM1
SIM2
SIM3
SIM4
1
21
22
SIM5
SIM1
SIM2
SIM3
SIM4
1
21
22
SIM5
SIM1
SIM2
SIM3
SIM4
1
21
22
SIM5
SIM1
SIM2
SIM3
SIM4
1
21
22
SIM5
SIM1
SIM2
SIM3
SIM4
1
21
22
SIM5
SIM1
SIM2
SIM3
SIM4
1
21
22
SIM5
SIM1
SIM2
SIM3
SIM4
1
21
22
SIM5
SIM1
SIM2
SIM3
SIM4
1
21
22
SIM5
SIM1
SIM2
SIM3
SIM4
1
21
22
SIM5
SIM1
SIM2
SIM3
SIM4
1
21
22
SIM5
SIM1
SIM2
SIM3
SIM4
1
21
22
SIM5
SIM1
SIM2
SIM3
SIM4
1
21
22
SIM5
SIM1
SIM2
SIM3
SIM4
1
21
22
SIM5
SIM1
SIM2
SIM3
SIM4
1
21
22
SIM5
SIM1
SIM2
SIM3
SIM4
1
21
22
SIM5
SIM1
SIM2
SIM3
SIM4
1
21
22
SIM5
SIM1
SIM2
SIM3
SIM4
1
21
22
SIM5
SIM1
SIM2
SIM3
SIM4
1
21
22
SIM5
SIM1
SIM2
SIM3
SIM4
1
21
22
SIM5
SIM1
SIM2
SIM3
SIM4
1
21
22
SIM5
SIM1
SIM2
SIM3
SIM4
1
21
22
SIM5
SIM1
SIM2
SIM3
SIM4
1
21
22
SIM5
SIM1
SIM2
SIM3
SIM4
1
21
22
SIM5
SIM1
SIM2
SIM3
SIM4
1
21
22
SIM5
SIM1
SIM2
SIM3
SIM4
1
21
22
SIM5
SIM1
SIM2
SIM3
SIM4
1
21
22
SIM5
SIM1
SIM2
SIM3
SIM4
1
21
22
SIM5
SIM1
SIM2
SIM3
SIM4
1
21
22
SIM5
SIM1
SIM2
SIM3
SIM4
1
21
22
SIM5
SIM1
SIM2
SIM3
SIM4
1
21
22
SIM5
SIM1
SIM2
SIM3
SIM4
1
21
22
SIM5
SIM1
SIM2
SIM3
SIM4
1
21
22
SIM5
SIM1
SIM2
SIM3
SIM4
1
21
22
SIM5
SIM1
SIM2
SIM3
SIM4
1
21
22
SIM5
SIM1
SIM2
SIM3
SIM4
1
21
22
SIM5
SIM1
SIM2
SIM3
SIM4
1
21
22
SIM5
SIM1
SIM2
SIM3
SIM4
1
21
22
SIM5
SIM1
SIM2
SIM3
SIM4
1
21
22
SIM5
SIM1
SIM2
SIM3
SIM4
1
21
22
SIM5
SIM1
SIM2
SIM3
SIM4
1
21
22
SIM5
SIM1
SIM2
SIM3
SIM4
1
21
22
SIM5
SIM1
SIM2
SIM3
SIM4
1
21
22
SIM5
SIM1
SIM2
SIM3
SIM4
1
21
22
SIM5
SIM1
SIM2
SIM3
SIM4
1
21
22
SIM5
SIM1
SIM2
SIM3
SIM4
1
21
22
SIM5
SIM1
SIM2
SIM3
SIM4
1
21
22
SIM5
SIM1
SIM2
SIM3
SIM4
1
21
22
SIM5
SIM1
SIM2
SIM3
SIM4
1
21
22
SIM5
SIM1
SIM2
SIM3
SIM4
1
21
22
SIM5
SIM1
SIM2
SIM3
SIM4
1
21
22
SIM5
SIM1
SIM2
SIM3
SIM4
1
21
22
SIM5
SIM1
SIM2
SIM3
SIM4
1
21
22
SIM5
SIM1
SIM2
SIM3
SIM4
1
21
22
SIM5
SIM1
SIM2
SIM3
SIM4
1
21
22
SIM5
SIM1
SIM2
SIM3
SIM4
1
21
22
SIM5
SIM1
SIM2
SIM3
SIM4
1
21
22
SIM5
SIM1
SIM2
SIM3
SIM4
1
21
22
SIM5
SIM1
SIM2
SIM3
SIM4
1
21
22
SIM5
SIM1
SIM2
SIM3
SIM4
1
21
22
SIM5
SIM1
SIM2
SIM3
SIM4
1
21
22
SIM5
SIM1
SIM2
SIM3
SIM4
1
21
22
SIM5
SIM1
SIM2
SIM3
SIM4
1
21
22
SIM5
SIM1
SIM2
SIM3
SIM4
1
21
22
SIM5
SIM1
SIM2
SIM3
SIM4
1
21
22
SIM5
SIM1
SIM2
SIM3
SIM4
1
21
22
SIM5
SIM1
SIM2
SIM3
SIM4
1
21
22
SIM5
SIM1
SIM2
SIM3
SIM4
1
21
22
SIM5
SIM1
SIM2
SIM3
SIM4
1
21
22
SIM5
SIM1
SIM2
SIM3
SIM4
1
21
22
SIM5
SIM1
SIM2
SIM3
SIM4
1
21
22
SIM5
SIM1
SIM2
SIM3
SIM4
1
21
22
SIM5
SIM1
SIM2
SIM3
SIM4
1
21
22
SIM5
SIM1
SIM2
SIM3
SIM4
1
21
22
SIM5
SIM1
SIM2
SIM3
SIM4
1
21
22
SIM5
SIM1
SIM2
SIM3
SIM4
1
21
22
SIM5
SIM1
SIM2
SIM3
SIM4
1
21
22
SIM5
SIM1
SIM2
SIM3
SIM4
1
21
22
SIM5
SIM1
SIM2
SIM3
SIM4
1
21
22
SIM5
SIM1
SIM2
SIM3
SIM4
1
21
22
SIM5
SIM1
SIM2
SIM3
SIM4
1
21
22
SIM5
SIM1
SIM2
SIM3
SIM4
1
21
22
SIM5
SIM1
SIM2
SIM3
SIM4
1
21
22
SIM5
SIM1
SIM2
SIM3
SIM4
1
21
22
SIM5
SIM1
SIM2
SIM3
SIM4
1
21
22
SIM5
SIM1
SIM2
SIM3
SIM4
1
21
22
SIM5
SIM1
SIM2
SIM3
SIM4
1
21
22
SIM5
SIM1
SIM2
SIM3
SIM4
1
21
22
SIM5
SIM1
SIM2
SIM3
SIM4
1
21
22
SIM5
SIM1
SIM2
SIM3
SIM4
1
21
22
SIM5
SIM1
SIM2
SIM3
SIM4
1
21
22
SIM5
SIM1
SIM2
SIM3
SIM4
1
21
22
SIM5
SIM1
SIM2
SIM3
SIM4
1
21
22
SIM5
SIM1
SIM2
SIM3
SIM4
1
21
22
SIM5
SIM1
SIM2
SIM3
SIM4
1
21
22
SIM5
SIM1
SIM2
SIM3
SIM4
1
21
22
SIM5
SIM1
SIM2
SIM3
SIM4
1
21
22
SIM5
SIM1
SIM2
SIM3
SIM4
1
21
22
SIM5
SIM1
SIM2
SIM3
SIM4
1
21
22
SIM5
SIM1
SIM2
SIM3
SIM4
1
21
22
SIM5
SIM1
SIM2
SIM3
SIM4
1
21
22
SIM5
SIM1
SIM2
SIM3
SIM4
1
21
22
SIM5
SIM1
SIM2
SIM3
SIM4
1
21
22
SIM5
SIM1
SIM2
SIM3
SIM4
1
21
22
SIM5
SIM1
SIM2
SIM3
SIM4
1
21
22
SIM5
SIM1
SIM2
SIM3
SIM4
1
21
22
SIM5
SIM1
SIM2
SIM3
SIM4
1
21
22
SIM5
SIM1
SIM2
SIM3
SIM4
1
21
22
SIM5
SIM1
SIM2
SIM3
SIM4
1
21
22
SIM5
SIM1
SIM2
SIM3
SIM4
1
21
22
SIM5
SIM1
SIM2
SIM3
SIM4
1
21
22
SIM5
SIM1
SIM2
SIM3
SIM4
1
21
22
SIM5
SIM1
SIM2
SIM3
SIM4
1
21
22
SIM5
SIM1
SIM2
SIM3
SIM4
1
21
22
SIM5
SIM1
SIM2
SIM3
SIM4
1
21
22
SIM5
SIM1
SIM2
SIM3
SIM4
1
21
22
SIM5
SIM1
SIM2
SIM3
SIM4
1
21
22
SIM5
SIM1
SIM2
SIM3
SIM4
1
21
22
SIM5
SIM1
SIM2
SIM3
SIM4
1
21
22
SIM5
SIM1
SIM2
SIM3
SIM4
1
21
22
SIM5
SIM1
SIM2
SIM3
SIM4
1
21
22
SIM5
SIM1
SIM2
SIM3
SIM4
1
21
22
SIM5
SIM1
SIM2
SIM3
SIM4
1
21
22
SIM5
SIM1
SIM2
SIM3
SIM4
1
21
22
SIM5
SIM1
SIM2
SIM3
SIM4
1
21
22
SIM5
SIM1
SIM2
SIM3
SIM4
1
21
22
SIM5
SIM1
SIM2
SIM3
SIM4
1
21
22
SIM5
SIM1
SIM2
SIM3
SIM4
1
21
22
SIM5
SIM1
SIM2
SIM3
SIM4
1
21
22
SIM5
SIM1
SIM2
SIM3
SIM4
1
21
22
SIM5
SIM1
SIM2
DEBUG 1 674
SIM1
SIM2
SIM3
SIM4
1
21
22
SIM5
SIM1
SIM2
SIM3
SIM4
1
21
22
SIM5
SIM1
SIM2
SIM3
SIM4
1
21
22
SIM5
SIM1
SIM2
SIM3
SIM4
1
21
22
SIM5
SIM1
SIM2
SIM3
SIM4
1
21
22
SIM5
SIM1
SIM2
SIM3
SIM4
1
21
22
SIM5
SIM1
SIM2
SIM3
SIM4
1
21
22
SIM5
SIM1
SIM2
SIM3
SIM4
1
21
22
SIM5
SIM1
SIM2
SIM3
SIM4
1
21
22
SIM5
SIM1
SIM2
SIM3
SIM4
1
21
22
SIM5
SIM1
SIM2
SIM3
SIM4
1
21
22
SIM5
SIM1
SIM2
SIM3
SIM4
1
21
22
SIM5
SIM1
SIM2
SIM3
SIM4
1
21
22
SIM5
SIM1
SIM2
SIM3
SIM4
1
21
22
SIM5
SIM1
SIM2
SIM3
SIM4
1
21
22
SIM5
SIM1
SIM2
SIM3
SIM4
1
21
22
SIM5
SIM1
SIM2
SIM3
SIM4
1
21
22
SIM5
SIM1
SIM2
SIM3
SIM4
1
21
22
SIM5
SIM1
SIM2
SIM3
SIM4
1
21
22
SIM5
SIM1
SIM2
SIM3
SIM4
1
21
22
SIM5
SIM1
SIM2
SIM3
SIM4
1
21
22
SIM5
SIM1
SIM2
SIM3
SIM4
1
21
22
SIM5
SIM1
SIM2
SIM3
SIM4
1
21
22
SIM5
SIM1
SIM2
SIM3
SIM4
1
21
22
SIM5
SIM1
SIM2
SIM3
SIM4
1
21
22
SIM5
SIM1
SIM2
SIM3
SIM4
1
21
22
SIM5
SIM1
SIM2
SIM3
SIM4
1
21
22
SIM5
SIM1
SIM2
SIM3
SIM4
1
21
22
SIM5
SIM1
SIM2
SIM3
SIM4
1
21
22
SIM5
SIM1
SIM2
SIM3
SIM4
1
21
22
SIM5
SIM1
SIM2
SIM3
SIM4
1
21
22
SIM5
SIM1
SIM2
SIM3
SIM4
1
21
22
SIM5
SIM1
SIM2
SIM3
SIM4
1
21
22
SIM5
SIM1
SIM2
SIM3
SIM4
1
21
22
SIM5
SIM1
SIM2
SIM3
SIM4
1
21
22
SIM5
SIM1
SIM2
SIM3
SIM4
1
21
22
SIM5
SIM1
SIM2
SIM3
SIM4
1
21
22
SIM5
SIM1
SIM2
SIM3
SIM4
1
21
22
SIM5
SIM1
SIM2
SIM3
SIM4
1
21
22
SIM5
SIM1
SIM2
SIM3
SIM4
1
21
22
SIM5
SIM1
SIM2
SIM3
SIM4
1
21
22
SIM5
SIM1
SIM2
SIM3
SIM4
1
21
22
SIM5
SIM1
SIM2
SIM3
SIM4
1
21
22
SIM5
SIM1
SIM2
SIM3
SIM4
1
21
22
SIM5
SIM1
SIM2
SIM3
SIM4
1
21
22
SIM5
SIM1
SIM2
SIM3
SIM4
1
21
22
SIM5
SIM1
SIM2
SIM3
SIM4
1
21
22
SIM5
SIM1
SIM2
SIM3
SIM4
1
21
22
SIM5
SIM1
SIM2
SIM3
SIM4
1
21
22
SIM5
SIM1
SIM2
SIM3
SIM4
1
21
22
SIM5
SIM1
SIM2
SIM3
SIM4
1
21
22
SIM5
SIM1
SIM2
SIM3
SIM4
1
21
22
SIM5
SIM1
SIM2
SIM3
SIM4
1
21
22
SIM5
SIM1
SIM2
SIM3
SIM4
1
21
22
SIM5
SIM1
SIM2
SIM3
SIM4
1
21
22
SIM5
SIM1
SIM2
SIM3
SIM4
1
21
22
SIM5
SIM1
SIM2
SIM3
SIM4
1
21
22
SIM5
SIM1
SIM2
SIM3
SIM4
1
21
22
SIM5
SIM1
SIM2
SIM3
SIM4
1
21
22
SIM5
SIM1
SIM2
SIM3
SIM4
1
21
22
SIM5
SIM1
SIM2
SIM3
SIM4
1
21
22
SIM5
SIM1
SIM2
SIM3
SIM4
1
21
22
SIM5
SIM1
SIM2
SIM3
SIM4
1
21
22
SIM5
SIM1
SIM2
SIM3
SIM4
1
21
22
SIM5
SIM1
SIM2
SIM3
SIM4
1
21
22
SIM5
SIM1
SIM2
SIM3
SIM4
1
21
22
SIM5
SIM1
SIM2
SIM3
SIM4
1
21
22
SIM5
SIM1
SIM2
SIM3
SIM4
1
21
22
SIM5
SIM1
SIM2
SIM3
SIM4
1
21
22
SIM5
SIM1
SIM2
SIM3
SIM4
1
21
22
SIM5
SIM1
SIM2
SIM3
SIM4
1
21
22
SIM5
SIM1
SIM2
SIM3
SIM4
1
21
22
SIM5
SIM1
SIM2
SIM3
SIM4
1
21
22
SIM5
SIM1
SIM2
SIM3
SIM4
1
21
22
SIM5
SIM1
SIM2
SIM3
SIM4
1
21
22
SIM5
SIM1
SIM2
SIM3
SIM4
1
21
22
SIM5
SIM1
SIM2
SIM3
SIM4
1
21
22
SIM5
SIM1
SIM2
SIM3
SIM4
1
21
22
SIM5
SIM1
SIM2
SIM3
SIM4
1
21
22
SIM5
SIM1
SIM2
SIM3
SIM4
1
21
22
SIM5
SIM1
SIM2
SIM3
SIM4
1
21
22
SIM5
SIM1
SIM2
SIM3
SIM4
1
21
22
SIM5
SIM1
SIM2
SIM3
SIM4
1
21
22
SIM5
SIM1
SIM2
SIM3
SIM4
1
21
22
SIM5
SIM1
SIM2
SIM3
SIM4
1
21
22
SIM5
SIM1
SIM2
SIM3
SIM4
1
21
22
SIM5
SIM1
SIM2
SIM3
SIM4
1
21
22
SIM5
SIM1
SIM2
SIM3
SIM4
1
21
22
SIM5
SIM1
SIM2
SIM3
SIM4
1
21
22
SIM5
SIM1
SIM2
SIM3
SIM4
1
21
22
SIM5
SIM1
SIM2
SIM3
SIM4
1
21
22
SIM5
SIM1
SIM2
SIM3
SIM4
1
21
22
SIM5
SIM1
SIM2
SIM3
SIM4
1
21
22
SIM5
SIM1
SIM2
SIM3
SIM4
1
21
22
SIM5
SIM1
SIM2
SIM3
SIM4
1
21
22
SIM5
SIM1
SIM2
SIM3
SIM4
1
21
22
SIM5
SIM1
SIM2
SIM3
SIM4
1
21
22
SIM5
SIM1
SIM2
SIM3
SIM4
1
21
22
SIM5
SIM1
SIM2
SIM3
SIM4
1
21
22
SIM5
SIM1
SIM2
SIM3
SIM4
1
21
22
SIM5
SIM1
SIM2
SIM3
SIM4
1
21
22
SIM5
SIM1
SIM2
SIM3
SIM4
1
21
22
SIM5
SIM1
SIM2
SIM3
SIM4
1
21
22
SIM5
SIM1
SIM2
SIM3
SIM4
1
21
22
SIM5
SIM1
SIM2
SIM3
SIM4
1
21
22
SIM5
SIM1
SIM2
SIM3
SIM4
1
21
22
SIM5
SIM1
SIM2
SIM3
SIM4
1
21
22
SIM5
SIM1
SIM2
SIM3
SIM4
1
21
22
SIM5
SIM1
SIM2
SIM3
SIM4
1
21
22
SIM5
SIM1
SIM2
SIM3
SIM4
1
21
22
SIM5
SIM1
SIM2
SIM3
SIM4
1
21
22
SIM5
SIM1
SIM2
SIM3
SIM4
1
21
22
SIM5
SIM1
SIM2
SIM3
SIM4
1
21
22
SIM5
SIM1
SIM2
SIM3
SIM4
1
21
22
SIM5
SIM1
SIM2
SIM3
SIM4
1
21
22
SIM5
SIM1
SIM2
SIM3
SIM4
1
21
22
SIM5
SIM1
SIM2
SIM3
SIM4
1
21
22
SIM5
SIM1
SIM2
SIM3
SIM4
1
21
22
SIM5
SIM1
SIM2
SIM3
SIM4
1
21
22
SIM5
SIM1
SIM2
SIM3
SIM4
1
21
22
SIM5
SIM1
SIM2
SIM3
SIM4
1
21
22
SIM5
SIM1
SIM2
SIM3
SIM4
1
21
22
SIM5
SIM1
SIM2
SIM3
SIM4
1
21
22
SIM5
SIM1
SIM2
SIM3
SIM4
1
21
22
SIM5
SIM1
SIM2
SIM3
SIM4
1
21
22
SIM5
SIM1
SIM2
SIM3
SIM4
1
21
22
SIM5
SIM1
SIM2
SIM3
SIM4
1
21
22
SIM5
SIM1
SIM2
SIM3
SIM4
1
21
22
SIM5
SIM1
SIM2
SIM3
SIM4
1
21
22
SIM5
SIM1
SIM2
SIM3
SIM4
1
21
22
SIM5
SIM1
SIM2
SIM3
SIM4
1
21
22
SIM5
SIM1
SIM2
SIM3
SIM4
1
21
22
SIM5
SIM1
SIM2
SIM3
SIM4
1
21
22
SIM5
SIM1
SIM2
SIM3
SIM4
1
21
22
SIM5
SIM1
SIM2
SIM3
SIM4
1
21
22
SIM5
SIM1
SIM2
DEBUG 1 675
SIM1
SIM2
SIM3
SIM4
1
21
22
SIM5
SIM1
SIM2
SIM3
SIM4
1
21
22
SIM5
SIM1
SIM2
SIM3
SIM4
1
21
22
SIM5
SIM1
SIM2
SIM3
SIM4
1
21
22
SIM5
SIM1
SIM2
SIM3
SIM4
1
21
22
SIM5
SIM1
SIM2
SIM3
SIM4
1
21
22
SIM5
SIM1
SIM2
SIM3
SIM4
1
21
22
SIM5
SIM1
SIM2
SIM3
SIM4
1
21
22
SIM5
SIM1
SIM2
SIM3
SIM4
1
21
22
SIM5
SIM1
SIM2
SIM3
SIM4
1
21
22
SIM5
SIM1
SIM2
SIM3
SIM4
1
21
22
SIM5
SIM1
SIM2
SIM3
SIM4
1
21
22
SIM5
SIM1
SIM2
SIM3
SIM4
1
21
22
SIM5
SIM1
SIM2
SIM3
SIM4
1
21
22
SIM5
SIM1
SIM2
SIM3
SIM4
1
21
22
SIM5
SIM1
SIM2
SIM3
SIM4
1
21
22
SIM5
SIM1
SIM2
SIM3
SIM4
1
21
22
SIM5
SIM1
SIM2
SIM3
SIM4
1
21
22
SIM5
SIM1
SIM2
SIM3
SIM4
1
21
22
SIM5
SIM1
SIM2
SIM3
SIM4
1
21
22
SIM5
SIM1
SIM2
SIM3
SIM4
1
21
22
SIM5
SIM1
SIM2
SIM3
SIM4
1
21
22
SIM5
SIM1
SIM2
SIM3
SIM4
1
21
22
SIM5
SIM1
SIM2
SIM3
SIM4
1
21
22
SIM5
SIM1
SIM2
SIM3
SIM4
1
21
22
SIM5
SIM1
SIM2
SIM3
SIM4
1
21
22
SIM5
SIM1
SIM2
SIM3
SIM4
1
21
22
SIM5
SIM1
SIM2
SIM3
SIM4
1
21
22
SIM5
SIM1
SIM2
SIM3
SIM4
1
21
22
SIM5
SIM1
SIM2
SIM3
SIM4
1
21
22
SIM5
SIM1
SIM2
SIM3
SIM4
1
21
22
SIM5
SIM1
SIM2
SIM3
SIM4
1
21
22
SIM5
SIM1
SIM2
SIM3
SIM4
1
21
22
SIM5
SIM1
SIM2
SIM3
SIM4
1
21
22
SIM5
SIM1
SIM2
SIM3
SIM4
1
21
22
SIM5
SIM1
SIM2
SIM3
SIM4
1
21
22
SIM5
SIM1
SIM2
SIM3
SIM4
1
21
22
SIM5
SIM1
SIM2
SIM3
SIM4
1
21
22
SIM5
SIM1
SIM2
SIM3
SIM4
1
21
22
SIM5
SIM1
SIM2
SIM3
SIM4
1
21
22
SIM5
SIM1
SIM2
SIM3
SIM4
1
21
22
SIM5
SIM1
SIM2
SIM3
SIM4
1
21
22
SIM5
SIM1
SIM2
SIM3
SIM4
1
21
22
SIM5
SIM1
SIM2
SIM3
SIM4
1
21
22
SIM5
SIM1
SIM2
SIM3
SIM4
1
21
22
SIM5
SIM1
SIM2
SIM3
SIM4
1
21
22
SIM5
SIM1
SIM2
SIM3
SIM4
1
21
22
SIM5
SIM1
SIM2
SIM3
SIM4
1
21
22
SIM5
SIM1
SIM2
SIM3
SIM4
1
21
22
SIM5
SIM1
SIM2
SIM3
SIM4
1
21
22
SIM5
SIM1
SIM2
SIM3
SIM4
1
21
22
SIM5
SIM1
SIM2
SIM3
SIM4
1
21
22
SIM5
SIM1
SIM2
SIM3
SIM4
1
21
22
SIM5
SIM1
SIM2
SIM3
SIM4
1
21
22
SIM5
SIM1
SIM2
SIM3
SIM4
1
21
22
SIM5
SIM1
SIM2
SIM3
SIM4
1
21
22
SIM5
SIM1
SIM2
SIM3
SIM4
1
21
22
SIM5
SIM1
SIM2
SIM3
SIM4
1
21
22
SIM5
SIM1
SIM2
SIM3
SIM4
1
21
22
SIM5
SIM1
SIM2
SIM3
SIM4
1
21
22
SIM5
SIM1
SIM2
SIM3
SIM4
1
21
22
SIM5
SIM1
SIM2
SIM3
SIM4
1
21
22
SIM5
SIM1
SIM2
SIM3
SIM4
1
21
22
SIM5
SIM1
SIM2
SIM3
SIM4
1
21
22
SIM5
SIM1
SIM2
SIM3
SIM4
1
21
22
SIM5
SIM1
SIM2
SIM3
SIM4
1
21
22
SIM5
SIM1
SIM2
SIM3
SIM4
1
21
22
SIM5
SIM1
SIM2
SIM3
SIM4
1
21
22
SIM5
SIM1
SIM2
SIM3
SIM4
1
21
22
SIM5
SIM1
SIM2
SIM3
SIM4
1
21
22
SIM5
SIM1
SIM2
SIM3
SIM4
1
21
22
SIM5
SIM1
SIM2
SIM3
SIM4
1
21
22
SIM5
SIM1
SIM2
SIM3
SIM4
1
21
22
SIM5
SIM1
SIM2
SIM3
SIM4
1
21
22
SIM5
SIM1
SIM2
SIM3
SIM4
1
21
22
SIM5
SIM1
SIM2
SIM3
SIM4
1
21
22
SIM5
SIM1
SIM2
SIM3
SIM4
1
21
22
SIM5
SIM1
SIM2
SIM3
SIM4
1
21
22
SIM5
SIM1
SIM2
SIM3
SIM4
1
21
22
SIM5
SIM1
SIM2
SIM3
SIM4
1
21
22
SIM5
SIM1
SIM2
SIM3
SIM4
1
21
22
SIM5
SIM1
SIM2
SIM3
SIM4
1
21
22
SIM5
SIM1
SIM2
SIM3
SIM4
1
21
22
SIM5
SIM1
SIM2
SIM3
SIM4
1
21
22
SIM5
SIM1
SIM2
SIM3
SIM4
1
21
22
SIM5
SIM1
SIM2
SIM3
SIM4
1
21
22
SIM5
SIM1
SIM2
SIM3
SIM4
1
21
22
SIM5
SIM1
SIM2
SIM3
SIM4
1
21
22
SIM5
SIM1
SIM2
SIM3
SIM4
1
21
22
SIM5
SIM1
SIM2
SIM3
SIM4
1
21
22
SIM5
SIM1
SIM2
SIM3
SIM4
1
21
22
SIM5
SIM1
SIM2
SIM3
SIM4
1
21
22
SIM5
SIM1
SIM2
SIM3
SIM4
1
21
22
SIM5
SIM1
SIM2
SIM3
SIM4
1
21
22
SIM5
SIM1
SIM2
SIM3
SIM4
1
21
22
SIM5
SIM1
SIM2
SIM3
SIM4
1
21
22
SIM5
SIM1
SIM2
SIM3
SIM4
1
21
22
SIM5
SIM1
SIM2
SIM3
SIM4
1
21
22
SIM5
SIM1
SIM2
SIM3
SIM4
1
21
22
SIM5
SIM1
SIM2
SIM3
SIM4
1
21
22
SIM5
SIM1
SIM2
SIM3
SIM4
1
21
22
SIM5
SIM1
SIM2
SIM3
SIM4
1
21
22
SIM5
SIM1
SIM2
SIM3
SIM4
1
21
22
SIM5
SIM1
SIM2
SIM3
SIM4
1
21
22
SIM5
SIM1
SIM2
SIM3
SIM4
1
21
22
SIM5
SIM1
SIM2
SIM3
SIM4
1
21
22
SIM5
SIM1
SIM2
SIM3
SIM4
1
21
22
SIM5
SIM1
SIM2
SIM3
SIM4
1
21
22
SIM5
SIM1
SIM2
SIM3
SIM4
1
21
22
SIM5
SIM1
SIM2
SIM3
SIM4
1
21
22
SIM5
SIM1
SIM2
SIM3
SIM4
1
21
22
SIM5
SIM1
SIM2
SIM3
SIM4
1
21
22
SIM5
SIM1
SIM2
SIM3
SIM4
1
21
22
SIM5
SIM1
SIM2
SIM3
SIM4
1
21
22
SIM5
SIM1
SIM2
SIM3
SIM4
1
21
22
SIM5
SIM1
SIM2
SIM3
SIM4
1
21
22
SIM5
SIM1
SIM2
SIM3
SIM4
1
21
22
SIM5
SIM1
SIM2
SIM3
SIM4
1
21
22
SIM5
SIM1
SIM2
SIM3
SIM4
1
21
22
SIM5
SIM1
SIM2
SIM3
SIM4
1
21
22
SIM5
SIM1
SIM2
SIM3
SIM4
1
21
22
SIM5
SIM1
SIM2
SIM3
SIM4
1
21
22
SIM5
SIM1
SIM2
SIM3
SIM4
1
21
22
SIM5
SIM1
SIM2
SIM3
SIM4
1
21
22
SIM5
SIM1
SIM2
SIM3
SIM4
1
21
22
SIM5
SIM1
SIM2
SIM3
SIM4
1
21
22
SIM5
SIM1
SIM2
SIM3
SIM4
1
21
22
SIM5
SIM1
SIM2
SIM3
SIM4
1
21
22
SIM5
SIM1
SIM2
SIM3
SIM4
1
21
22
SIM5
SIM1
SIM2
SIM3
SIM4
1
21
22
SIM5
SIM1
SIM2
SIM3
SIM4
1
21
22
SIM5
SIM1
SIM2
SIM3
SIM4
1
21
22
SIM5
SIM1
SIM2
SIM3
SIM4
1
21
22
SIM5
SIM1
SIM2
SIM3
SIM4
1
21
22
SIM5
SIM1
SIM2
SIM3
SIM4
1
21
22
SIM5
SIM1
SIM2
SIM3
SIM4
1
21
22
SIM5
SIM1
SIM2
SIM3
SIM4
1
21
22
SIM5
SIM1
SIM2
SIM3
SIM4
1
21
22
SIM5
SIM1
SIM2
SIM3
SIM4
1
21
22
SIM5
SIM1
SIM2
SIM3
SIM4
1
21
22
SIM5
SIM1
SIM2
SIM3
SIM4
1
21
22
SIM5
SIM1
SIM2
SIM3
SIM4
1
21
22
SIM5
SIM1
SIM2
SIM3
SIM4
1
21
22
SIM5
SIM1
SIM2
SIM3
SIM4
1
21
22
SIM5
SIM1
SIM2
SIM3
SIM4
1
21
22
SIM5
SIM1
SIM2
SIM3
SIM4
1
21
22
SIM5
SIM1
SIM2
SIM3
SIM4
1
21
22
SIM5
SIM1
SIM2
SIM3
SIM4
1
21
22
SIM5
SIM1
SIM2
SIM3
SIM4
1
21
22
SIM5
SIM1
SIM2
SIM3
SIM4
1
21
22
SIM5
SIM1
SIM2
SIM3
SIM4
1
21
22
SIM5
SIM1
SIM2
SIM3
SIM4
1
21
22
SIM5
SIM1
SIM2
SIM3
SIM4
1
21
22
SIM5
SIM1
SIM2
SIM3
SIM4
1
21
22
SIM5
SIM1
SIM2
SIM3
SIM4
1
21
22
SIM5
SIM1
SIM2
SIM3
SIM4
1
21
22
SIM5
SIM1
SIM2
SIM3
SIM4
1
21
22
SIM5
SIM1
SIM2
SIM3
SIM4
1
21
22
SIM5
SIM1
SIM2
SIM3
SIM4
1
21
22
SIM5
SIM1
SIM2
SIM3
SIM4
1
21
22
SIM5
SIM1
SIM2
SIM3
SIM4
1
21
22
SIM5
SIM1
SIM2
SIM3
SIM4
1
21
22
SIM5
SIM1
SIM2
SIM3
SIM4
1
21
22
SIM5
SIM1
SIM2
SIM3
SIM4
1
21
22
SIM5
SIM1
SIM2
SIM3
SIM4
1
21
22
SIM5
SIM1
SIM2
SIM3
SIM4
1
21
22
SIM5
SIM1
SIM2
SIM3
SIM4
1
21
22
SIM5
SIM1
SIM2
SIM3
SIM4
1
21
22
SIM5
SIM1
SIM2
SIM3
SIM4
1
21
22
SIM5
SIM1
SIM2
SIM3
SIM4
1
21
22
SIM5
SIM1
SIM2
SIM3
SIM4
1
21
22
SIM5
SIM1
SIM2
SIM3
SIM4
1
21
22
SIM5
SIM1
SIM2
SIM3
SIM4
1
21
22
SIM5
SIM1
SIM2
SIM3
SIM4
1
21
22
SIM5
SIM1
SIM2
SIM3
SIM4
1
21
22
SIM5
SIM1
SIM2
SIM3
SIM4
1
21
22
SIM5
SIM1
SIM2
SIM3
SIM4
1
21
22
SIM5
SIM1
SIM2
SIM3
SIM4
1
21
22
SIM5
SIM1
SIM2
SIM3
SIM4
1
21
22
SIM5
SIM1
SIM2
SIM3
SIM4
1
21
22
SIM5
SIM1
SIM2
SIM3
SIM4
1
21
22
SIM5
SIM1
SIM2
SIM3
SIM4
1
21
22
SIM5
SIM1
SIM2
SIM3
SIM4
1
21
22
SIM5
SIM1
SIM2
SIM3
SIM4
1
21
22
SIM5
SIM1
SIM2
SIM3
SIM4
1
21
22
SIM5
SIM1
SIM2
SIM3
SIM4
1
21
22
SIM5
SIM1
SIM2
SIM3
SIM4
1
21
22
SIM5
SIM1
SIM2
SIM3
SIM4
1
21
22
SIM5
SIM1
SIM2
SIM3
SIM4
1
21
22
SIM5
SIM1
SIM2
SIM3
SIM4
1
21
22
SIM5
SIM1
SIM2
SIM3
SIM4
1
21
22
SIM5
SIM1
SIM2
SIM3
SIM4
1
21
22
SIM5
SIM1
SIM2
SIM3
SIM4
1
21
22
SIM5
SIM1
SIM2
SIM3
SIM4
1
21
22
SIM5
SIM1
SIM2
SIM3
SIM4
1
21
22
SIM5
SIM1
SIM2
SIM3
SIM4
1
21
22
SIM5
SIM1
SIM2
SIM3
SIM4
1
21
22
SIM5
SIM1
SIM2
SIM3
SIM4
1
21
22
SIM5
SIM1
SIM2
SIM3
SIM4
1
21
22
SIM5
SIM1
SIM2
SIM3
SIM4
1
21
22
SIM5
SIM1
SIM2
SIM3
SIM4
1
21
22
SIM5
SIM1
SIM2
SIM3
SIM4
1
21
22
SIM5
SIM1
SIM2
SIM3
SIM4
1
21
22
SIM5
SIM1
SIM2
SIM3
SIM4
1
21
22
SIM5
SIM1
SIM2
SIM3
SIM4
1
21
22
SIM5
SIM1
SIM2
SIM3
SIM4
1
21
22
SIM5
SIM1
SIM2
SIM3
SIM4
1
21
22
SIM5
SIM1
SIM2
SIM3
SIM4
1
21
22
SIM5
SIM1
SIM2
SIM3
SIM4
1
21
22
SIM5
SIM1
SIM2
SIM3
SIM4
1
21
22
SIM5
SIM1
SIM2
SIM3
SIM4
1
21
22
SIM5
SIM1
SIM2
SIM3
SIM4
1
21
22
SIM5
SIM1
SIM2
SIM3
SIM4
1
21
22
SIM5
SIM1
SIM2
SIM3
SIM4
1
21
22
SIM5
SIM1
SIM2
SIM3
SIM4
1
21
22
SIM5
SIM1
SIM2
SIM3
SIM4
1
21
22
SIM5
SIM1
SIM2
SIM3
SIM4
1
21
22
SIM5
SIM1
SIM2
SIM3
SIM4
1
21
22
SIM5
SIM1
SIM2
SIM3
SIM4
1
21
22
SIM5
SIM1
SIM2
SIM3
SIM4
1
21
22
SIM5
SIM1
SIM2
SIM3
SIM4
1
21
22
SIM5
SIM1
SIM2
SIM3
SIM4
1
21
22
SIM5
SIM1
SIM2
SIM3
SIM4
1
21
22
SIM5
SIM1
SIM2
SIM3
SIM4
1
21
22
SIM5
SIM1
SIM2
SIM3
SIM4
1
21
22
SIM5
SIM1
SIM2
SIM3
SIM4
1
21
22
SIM5
SIM1
SIM2
SIM3
SIM4
1
21
22
SIM5
SIM1
SIM2
SIM3
SIM4
1
21
22
SIM5
SIM1
SIM2
SIM3
SIM4
1
21
22
SIM5
SIM1
SIM2
SIM3
SIM4
1
21
22
SIM5
SIM1
SIM2
SIM3
SIM4
1
21
22
SIM5
SIM1
SIM2
SIM3
SIM4
1
21
22
SIM5
SIM1
SIM2
SIM3
SIM4
1
21
22
SIM5
SIM1
SIM2
SIM3
SIM4
1
21
22
SIM5
SIM1
SIM2
SIM3
SIM4
1
21
22
SIM5
SIM1
SIM2
SIM3
SIM4
1
21
22
SIM5
SIM1
SIM2
SIM3
SIM4
1
21
22
SIM5
SIM1
SIM2
SIM3
SIM4
1
21
22
SIM5
SIM1
SIM2
SIM3
SIM4
1
21
22
SIM5
SIM1
SIM2
SIM3
SIM4
1
21
22
SIM5
SIM1
SIM2
SIM3
SIM4
1
21
22
SIM5
SIM1
SIM2
SIM3
SIM4
1
21
22
SIM5
SIM1
SIM2
SIM3
SIM4
1
21
22
SIM5
SIM1
SIM2
SIM3
SIM4
1
21
22
SIM5
SIM1
SIM2
SIM3
SIM4
1
21
22
SIM5
SIM1
SIM2
SIM3
SIM4
1
21
22
SIM5
SIM1
SIM2
SIM3
SIM4
1
21
22
SIM5
SIM1
SIM2
SIM3
SIM4
1
21
22
SIM5
SIM1
SIM2
SIM3
SIM4
1
21
22
SIM5
SIM1
SIM2
SIM3
SIM4
1
21
22
SIM5
SIM1
SIM2
SIM3
SIM4
1
21
22
SIM5
SIM1
SIM2
SIM3
SIM4
1
21
22
SIM5
SIM1
SIM2
SIM3
SIM4
1
21
22
SIM5
SIM1
SIM2
SIM3
SIM4
1
21
22
SIM5
SIM1
SIM2
SIM3
SIM4
1
21
22
SIM5
SIM1
SIM2
SIM3
SIM4
1
21
22
SIM5
SIM1
SIM2
SIM3
SIM4
1
21
22
SIM5
SIM1
SIM2
SIM3
SIM4
1
21
22
SIM5
SIM1
SIM2
SIM3
SIM4
1
21
22
SIM5
SIM1
SIM2
SIM3
SIM4
1
21
22
SIM5
SIM1
SIM2
SIM3
SIM4
1
21
22
SIM5
SIM1
SIM2
SIM3
SIM4
1
21
22
SIM5
SIM1
SIM2
SIM3
SIM4
1
21
22
SIM5
SIM1
SIM2
SIM3
SIM4
1
21
22
SIM5
SIM1
SIM2
SIM3
SIM4
1
21
22
SIM5
SIM1
SIM2
SIM3
SIM4
1
21
22
SIM5
SIM1
SIM2
SIM3
SIM4
1
21
22
SIM5
SIM1
SIM2
SIM3
SIM4
1
21
22
SIM5
SIM1
SIM2
SIM3
SIM4
1
21
22
SIM5
SIM1
SIM2
SIM3
SIM4
1
21
22
SIM5
SIM1
SIM2
SIM3
SIM4
1
21
22
SIM5
SIM1
SIM2
SIM3
SIM4
1
21
22
SIM5
SIM1
SIM2
SIM3
SIM4
1
21
22
SIM5
SIM1
SIM2
SIM3
SIM4
1
21
22
SIM5
SIM1
SIM2
SIM3
SIM4
1
21
22
SIM5
SIM1
SIM2
SIM3
SIM4
1
21
22
SIM5
SIM1
SIM2
SIM3
SIM4
1
21
22
SIM5
SIM1
SIM2
SIM3
SIM4
1
21
22
SIM5
SIM1
SIM2
SIM3
SIM4
1
21
22
SIM5
SIM1
SIM2
DEBUG 1 676
SIM1
SIM2
SIM3
SIM4
1
21
22
SIM5
SIM1
SIM2
SIM3
SIM4
1
21
22
SIM5
SIM1
SIM2
SIM3
SIM4
1
21
22
SIM5
SIM1
SIM2
SIM3
SIM4
1
21
22
SIM5
SIM1
SIM2
SIM3
SIM4
1
21
22
SIM5
SIM1
SIM2
SIM3
SIM4
1
21
22
SIM5
SIM1
SIM2
SIM3
SIM4
1
21
22
SIM5
SIM1
SIM2
SIM3
SIM4
1
21
22
SIM5
SIM1
SIM2
SIM3
SIM4
1
21
22
SIM5
SIM1
SIM2
SIM3
SIM4
1
21
22
SIM5
SIM1
SIM2
SIM3
SIM4
1
21
22
SIM5
SIM1
SIM2
SIM3
SIM4
1
21
22
SIM5
SIM1
SIM2
SIM3
SIM4
1
21
22
SIM5
SIM1
SIM2
SIM3
SIM4
1
21
22
SIM5
SIM1
SIM2
SIM3
SIM4
1
21
22
SIM5
SIM1
SIM2
SIM3
SIM4
1
21
22
SIM5
SIM1
SIM2
SIM3
SIM4
1
21
22
SIM5
SIM1
SIM2
SIM3
SIM4
1
21
22
SIM5
SIM1
SIM2
SIM3
SIM4
1
21
22
SIM5
SIM1
SIM2
SIM3
SIM4
1
21
22
SIM5
SIM1
SIM2
SIM3
SIM4
1
21
22
SIM5
SIM1
SIM2
SIM3
SIM4
1
21
22
SIM5
SIM1
SIM2
SIM3
SIM4
1
21
22
SIM5
SIM1
SIM2
SIM3
SIM4
1
21
22
SIM5
SIM1
SIM2
SIM3
SIM4
1
21
22
SIM5
SIM1
SIM2
SIM3
SIM4
1
21
22
SIM5
SIM1
SIM2
SIM3
SIM4
1
21
22
SIM5
SIM1
SIM2
SIM3
SIM4
1
21
22
SIM5
SIM1
SIM2
SIM3
SIM4
1
21
22
SIM5
SIM1
SIM2
SIM3
SIM4
1
21
22
SIM5
SIM1
SIM2
SIM3
SIM4
1
21
22
SIM5
SIM1
SIM2
SIM3
SIM4
1
21
22
SIM5
SIM1
SIM2
SIM3
SIM4
1
21
22
SIM5
SIM1
SIM2
SIM3
SIM4
1
21
22
SIM5
SIM1
SIM2
SIM3
SIM4
1
21
22
SIM5
SIM1
SIM2
SIM3
SIM4
1
21
22
SIM5
SIM1
SIM2
SIM3
SIM4
1
21
22
SIM5
SIM1
SIM2
SIM3
SIM4
1
21
22
SIM5
SIM1
SIM2
SIM3
SIM4
1
21
22
SIM5
SIM1
SIM2
SIM3
SIM4
1
21
22
SIM5
SIM1
SIM2
SIM3
SIM4
1
21
22
SIM5
SIM1
SIM2
SIM3
SIM4
1
21
22
SIM5
SIM1
SIM2
SIM3
SIM4
1
21
22
SIM5
SIM1
SIM2
SIM3
SIM4
1
21
22
SIM5
SIM1
SIM2
SIM3
SIM4
1
21
22
SIM5
SIM1
SIM2
SIM3
SIM4
1
21
22
SIM5
SIM1
SIM2
SIM3
SIM4
1
21
22
SIM5
SIM1
SIM2
SIM3
SIM4
1
21
22
SIM5
SIM1
SIM2
SIM3
SIM4
1
21
22
SIM5
SIM1
SIM2
SIM3
SIM4
1
21
22
SIM5
SIM1
SIM2
SIM3
SIM4
1
21
22
SIM5
SIM1
SIM2
SIM3
SIM4
1
21
22
SIM5
SIM1
SIM2
SIM3
SIM4
1
21
22
SIM5
SIM1
SIM2
SIM3
SIM4
1
21
22
SIM5
SIM1
SIM2
SIM3
SIM4
1
21
22
SIM5
SIM1
SIM2
SIM3
SIM4
1
21
22
SIM5
SIM1
SIM2
SIM3
SIM4
1
21
22
SIM5
SIM1
SIM2
SIM3
SIM4
1
21
22
SIM5
SIM1
SIM2
SIM3
SIM4
1
21
22
SIM5
SIM1
SIM2
SIM3
SIM4
1
21
22
SIM5
SIM1
SIM2
SIM3
SIM4
1
21
22
SIM5
SIM1
SIM2
SIM3
SIM4
1
21
22
SIM5
SIM1
SIM2
SIM3
SIM4
1
21
22
SIM5
SIM1
SIM2
SIM3
SIM4
1
21
22
SIM5
SIM1
SIM2
SIM3
SIM4
1
21
22
SIM5
SIM1
SIM2
SIM3
SIM4
1
21
22
SIM5
SIM1
SIM2
SIM3
SIM4
1
21
22
SIM5
SIM1
SIM2
SIM3
SIM4
1
21
22
SIM5
SIM1
SIM2
SIM3
SIM4
1
21
22
SIM5
SIM1
SIM2
SIM3
SIM4
1
21
22
SIM5
SIM1
SIM2
SIM3
SIM4
1
21
22
SIM5
SIM1
SIM2
SIM3
SIM4
1
21
22
SIM5
SIM1
SIM2
SIM3
SIM4
1
21
22
SIM5
SIM1
SIM2
SIM3
SIM4
1
21
22
SIM5
SIM1
SIM2
SIM3
SIM4
1
21
22
SIM5
SIM1
SIM2
SIM3
SIM4
1
21
22
SIM5
SIM1
SIM2
SIM3
SIM4
1
21
22
SIM5
SIM1
SIM2
SIM3
SIM4
1
21
22
SIM5
SIM1
SIM2
SIM3
SIM4
1
21
22
SIM5
SIM1
SIM2
SIM3
SIM4
1
21
22
SIM5
SIM1
SIM2
SIM3
SIM4
1
21
22
SIM5
SIM1
SIM2
SIM3
SIM4
1
21
22
SIM5
SIM1
SIM2
SIM3
SIM4
1
21
22
SIM5
SIM1
SIM2
SIM3
SIM4
1
21
22
SIM5
SIM1
SIM2
SIM3
SIM4
1
21
22
SIM5
SIM1
SIM2
SIM3
SIM4
1
21
22
SIM5
SIM1
SIM2
SIM3
SIM4
1
21
22
SIM5
SIM1
SIM2
SIM3
SIM4
1
21
22
SIM5
SIM1
SIM2
SIM3
SIM4
1
21
22
SIM5
SIM1
SIM2
SIM3
SIM4
1
21
22
SIM5
SIM1
SIM2
SIM3
SIM4
1
21
22
SIM5
SIM1
SIM2
SIM3
SIM4
1
21
22
SIM5
SIM1
SIM2
SIM3
SIM4
1
21
22
SIM5
SIM1
SIM2
SIM3
SIM4
1
21
22
SIM5
SIM1
SIM2
SIM3
SIM4
1
21
22
SIM5
SIM1
SIM2
SIM3
SIM4
1
21
22
SIM5
SIM1
SIM2
SIM3
SIM4
1
21
22
SIM5
SIM1
SIM2
SIM3
SIM4
1
21
22
SIM5
SIM1
SIM2
SIM3
SIM4
1
21
22
SIM5
SIM1
SIM2
SIM3
SIM4
1
21
22
SIM5
SIM1
SIM2
SIM3
SIM4
1
21
22
SIM5
SIM1
SIM2
SIM3
SIM4
1
21
22
SIM5
SIM1
SIM2
SIM3
SIM4
1
21
22
SIM5
SIM1
SIM2
SIM3
SIM4
1
21
22
SIM5
SIM1
SIM2
SIM3
SIM4
1
21
22
SIM5
SIM1
SIM2
SIM3
SIM4
1
21
22
SIM5
SIM1
SIM2
SIM3
SIM4
1
21
22
SIM5
SIM1
SIM2
SIM3
SIM4
1
21
22
SIM5
SIM1
SIM2
SIM3
SIM4
1
21
22
SIM5
SIM1
SIM2
SIM3
SIM4
1
21
22
SIM5
SIM1
SIM2
SIM3
SIM4
1
21
22
SIM5
SIM1
SIM2
SIM3
SIM4
1
21
22
SIM5
SIM1
SIM2
SIM3
SIM4
1
21
22
SIM5
SIM1
SIM2
SIM3
SIM4
1
21
22
SIM5
SIM1
SIM2
SIM3
SIM4
1
21
22
SIM5
SIM1
SIM2
SIM3
SIM4
1
21
22
SIM5
SIM1
SIM2
SIM3
SIM4
1
21
22
SIM5
SIM1
SIM2
SIM3
SIM4
1
21
22
SIM5
SIM1
SIM2
SIM3
SIM4
1
21
22
SIM5
SIM1
SIM2
SIM3
SIM4
1
21
22
SIM5
SIM1
SIM2
SIM3
SIM4
1
21
22
SIM5
SIM1
SIM2
SIM3
SIM4
1
21
22
SIM5
SIM1
SIM2
SIM3
SIM4
1
21
22
SIM5
SIM1
SIM2
SIM3
SIM4
1
21
22
SIM5
SIM1
SIM2
SIM3
SIM4
1
21
22
SIM5
SIM1
SIM2
SIM3
SIM4
1
21
22
SIM5
SIM1
SIM2
SIM3
SIM4
1
21
22
SIM5
SIM1
SIM2
SIM3
SIM4
1
21
22
SIM5
SIM1
SIM2
SIM3
SIM4
1
21
22
SIM5
SIM1
SIM2
SIM3
SIM4
1
21
22
SIM5
SIM1
SIM2
SIM3
SIM4
1
21
22
SIM5
SIM1
SIM2
DEBUG 1 677
SIM1
SIM2
SIM3
SIM4
1
21
22
SIM5
SIM1
SIM2
SIM3
SIM4
1
21
22
SIM5
SIM1
SIM2
SIM3
SIM4
1
21
22
SIM5
SIM1
SIM2
SIM3
SIM4
1
21
22
SIM5
SIM1
SIM2
SIM3
SIM4
1
21
22
SIM5
SIM1
SIM2
SIM3
SIM4
1
21
22
SIM5
SIM1
SIM2
SIM3
SIM4
1
21
22
SIM5
SIM1
SIM2
SIM3
SIM4
1
21
22
SIM5
SIM1
SIM2
SIM3
SIM4
1
21
22
SIM5
SIM1
SIM2
SIM3
SIM4
1
21
22
SIM5
SIM1
SIM2
SIM3
SIM4
1
21
22
SIM5
SIM1
SIM2
SIM3
SIM4
1
21
22
SIM5
SIM1
SIM2
SIM3
SIM4
1
21
22
SIM5
SIM1
SIM2
SIM3
SIM4
1
21
22
SIM5
SIM1
SIM2
SIM3
SIM4
1
21
22
SIM5
SIM1
SIM2
SIM3
SIM4
1
21
22
SIM5
SIM1
SIM2
SIM3
SIM4
1
21
22
SIM5
SIM1
SIM2
SIM3
SIM4
1
21
22
SIM5
SIM1
SIM2
SIM3
SIM4
1
21
22
SIM5
SIM1
SIM2
SIM3
SIM4
1
21
22
SIM5
SIM1
SIM2
SIM3
SIM4
1
21
22
SIM5
SIM1
SIM2
SIM3
SIM4
1
21
22
SIM5
SIM1
SIM2
SIM3
SIM4
1
21
22
SIM5
SIM1
SIM2
SIM3
SIM4
1
21
22
SIM5
SIM1
SIM2
SIM3
SIM4
1
21
22
SIM5
SIM1
SIM2
SIM3
SIM4
1
21
22
SIM5
SIM1
SIM2
SIM3
SIM4
1
21
22
SIM5
SIM1
SIM2
SIM3
SIM4
1
21
22
SIM5
SIM1
SIM2
SIM3
SIM4
1
21
22
SIM5
SIM1
SIM2
SIM3
SIM4
1
21
22
SIM5
SIM1
SIM2
SIM3
SIM4
1
21
22
SIM5
SIM1
SIM2
SIM3
SIM4
1
21
22
SIM5
SIM1
SIM2
SIM3
SIM4
1
21
22
SIM5
SIM1
SIM2
SIM3
SIM4
1
21
22
SIM5
SIM1
SIM2
SIM3
SIM4
1
21
22
SIM5
SIM1
SIM2
SIM3
SIM4
1
21
22
SIM5
SIM1
SIM2
SIM3
SIM4
1
21
22
SIM5
SIM1
SIM2
SIM3
SIM4
1
21
22
SIM5
SIM1
SIM2
SIM3
SIM4
1
21
22
SIM5
SIM1
SIM2
SIM3
SIM4
1
21
22
SIM5
SIM1
SIM2
SIM3
SIM4
1
21
22
SIM5
SIM1
SIM2
SIM3
SIM4
1
21
22
SIM5
SIM1
SIM2
SIM3
SIM4
1
21
22
SIM5
SIM1
SIM2
SIM3
SIM4
1
21
22
SIM5
SIM1
SIM2
SIM3
SIM4
1
21
22
SIM5
SIM1
SIM2
SIM3
SIM4
1
21
22
SIM5
SIM1
SIM2
SIM3
SIM4
1
21
22
SIM5
SIM1
SIM2
SIM3
SIM4
1
21
22
SIM5
SIM1
SIM2
SIM3
SIM4
1
21
22
SIM5
SIM1
SIM2
SIM3
SIM4
1
21
22
SIM5
SIM1
SIM2
SIM3
SIM4
1
21
22
SIM5
SIM1
SIM2
SIM3
SIM4
1
21
22
SIM5
SIM1
SIM2
SIM3
SIM4
1
21
22
SIM5
SIM1
SIM2
SIM3
SIM4
1
21
22
SIM5
SIM1
SIM2
SIM3
SIM4
1
21
22
SIM5
SIM1
SIM2
SIM3
SIM4
1
21
22
SIM5
SIM1
SIM2
SIM3
SIM4
1
21
22
SIM5
SIM1
SIM2
SIM3
SIM4
1
21
22
SIM5
SIM1
SIM2
SIM3
SIM4
1
21
22
SIM5
SIM1
SIM2
SIM3
SIM4
1
21
22
SIM5
SIM1
SIM2
SIM3
SIM4
1
21
22
SIM5
SIM1
SIM2
SIM3
SIM4
1
21
22
SIM5
SIM1
SIM2
SIM3
SIM4
1
21
22
SIM5
SIM1
SIM2
SIM3
SIM4
1
21
22
SIM5
SIM1
SIM2
SIM3
SIM4
1
21
22
SIM5
SIM1
SIM2
SIM3
SIM4
1
21
22
SIM5
SIM1
SIM2
SIM3
SIM4
1
21
22
SIM5
SIM1
SIM2
SIM3
SIM4
1
21
22
SIM5
SIM1
SIM2
SIM3
SIM4
1
21
22
SIM5
SIM1
SIM2
SIM3
SIM4
1
21
22
SIM5
SIM1
SIM2
SIM3
SIM4
1
21
22
SIM5
SIM1
SIM2
SIM3
SIM4
1
21
22
SIM5
SIM1
SIM2
SIM3
SIM4
1
21
22
SIM5
SIM1
SIM2
SIM3
SIM4
1
21
22
SIM5
SIM1
SIM2
SIM3
SIM4
1
21
22
SIM5
SIM1
SIM2
SIM3
SIM4
1
21
22
SIM5
SIM1
SIM2
SIM3
SIM4
1
21
22
SIM5
SIM1
SIM2
SIM3
SIM4
1
21
22
SIM5
SIM1
SIM2
SIM3
SIM4
1
21
22
SIM5
SIM1
SIM2
SIM3
SIM4
1
21
22
SIM5
SIM1
SIM2
SIM3
SIM4
1
21
22
SIM5
SIM1
SIM2
SIM3
SIM4
1
21
22
SIM5
SIM1
SIM2
SIM3
SIM4
1
21
22
SIM5
SIM1
SIM2
SIM3
SIM4
1
21
22
SIM5
SIM1
SIM2
SIM3
SIM4
1
21
22
SIM5
SIM1
SIM2
SIM3
SIM4
1
21
22
SIM5
SIM1
SIM2
SIM3
SIM4
1
21
22
SIM5
SIM1
SIM2
SIM3
SIM4
1
21
22
SIM5
SIM1
SIM2
SIM3
SIM4
1
21
22
SIM5
SIM1
SIM2
SIM3
SIM4
1
21
22
SIM5
SIM1
SIM2
SIM3
SIM4
1
21
22
SIM5
SIM1
SIM2
SIM3
SIM4
1
21
22
SIM5
SIM1
SIM2
SIM3
SIM4
1
21
22
SIM5
SIM1
SIM2
SIM3
SIM4
1
21
22
SIM5
SIM1
SIM2
SIM3
SIM4
1
21
22
SIM5
SIM1
SIM2
SIM3
SIM4
1
21
22
SIM5
SIM1
SIM2
SIM3
SIM4
1
21
22
SIM5
SIM1
SIM2
SIM3
SIM4
1
21
22
SIM5
SIM1
SIM2
SIM3
SIM4
1
21
22
SIM5
SIM1
SIM2
SIM3
SIM4
1
21
22
SIM5
SIM1
SIM2
SIM3
SIM4
1
21
22
SIM5
SIM1
SIM2
SIM3
SIM4
1
21
22
SIM5
SIM1
SIM2
SIM3
SIM4
1
21
22
SIM5
SIM1
SIM2
SIM3
SIM4
1
21
22
SIM5
SIM1
SIM2
SIM3
SIM4
1
21
22
SIM5
SIM1
SIM2
SIM3
SIM4
1
21
22
SIM5
SIM1
SIM2
SIM3
SIM4
1
21
22
SIM5
SIM1
SIM2
SIM3
SIM4
1
21
22
SIM5
SIM1
SIM2
SIM3
SIM4
1
21
22
SIM5
SIM1
SIM2
SIM3
SIM4
1
21
22
SIM5
SIM1
SIM2
SIM3
SIM4
1
21
22
SIM5
SIM1
SIM2
SIM3
SIM4
1
21
22
SIM5
SIM1
SIM2
SIM3
SIM4
1
21
22
SIM5
SIM1
SIM2
SIM3
SIM4
1
21
22
SIM5
SIM1
SIM2
SIM3
SIM4
1
21
22
SIM5
SIM1
SIM2
SIM3
SIM4
1
21
22
SIM5
SIM1
SIM2
SIM3
SIM4
1
21
22
SIM5
SIM1
SIM2
SIM3
SIM4
1
21
22
SIM5
SIM1
SIM2
SIM3
SIM4
1
21
22
SIM5
SIM1
SIM2
SIM3
SIM4
1
21
22
SIM5
SIM1
SIM2
SIM3
SIM4
1
21
22
SIM5
SIM1
SIM2
SIM3
SIM4
1
21
22
SIM5
SIM1
SIM2
SIM3
SIM4
1
21
22
SIM5
SIM1
SIM2
SIM3
SIM4
1
21
22
SIM5
SIM1
SIM2
SIM3
SIM4
1
21
22
SIM5
SIM1
SIM2
SIM3
SIM4
1
21
22
SIM5
SIM1
SIM2
SIM3
SIM4
1
21
22
SIM5
SIM1
SIM2
SIM3
SIM4
1
21
22
SIM5
SIM1
SIM2
SIM3
SIM4
1
21
22
SIM5
SIM1
SIM2
SIM3
SIM4
1
21
22
SIM5
SIM1
SIM2
SIM3
SIM4
1
21
22
SIM5
SIM1
SIM2
SIM3
SIM4
1
21
22
SIM5
SIM1
SIM2
SIM3
SIM4
1
21
22
SIM5
SIM1
SIM2
SIM3
SIM4
1
21
22
SIM5
SIM1
SIM2
SIM3
SIM4
1
21
22
SIM5
SIM1
SIM2
SIM3
SIM4
1
21
22
SIM5
SIM1
SIM2
SIM3
SIM4
1
21
22
SIM5
SIM1
SIM2
SIM3
SIM4
1
21
22
SIM5
SIM1
SIM2
SIM3
SIM4
1
21
22
SIM5
SIM1
SIM2
SIM3
SIM4
1
21
22
SIM5
SIM1
SIM2
SIM3
SIM4
1
21
22
SIM5
SIM1
SIM2
SIM3
SIM4
1
21
22
SIM5
SIM1
SIM2
SIM3
SIM4
1
21
22
SIM5
SIM1
SIM2
SIM3
SIM4
1
21
22
SIM5
SIM1
SIM2
SIM3
SIM4
1
21
22
SIM5
SIM1
SIM2
SIM3
SIM4
1
21
22
SIM5
SIM1
SIM2
SIM3
SIM4
1
21
22
SIM5
SIM1
SIM2
SIM3
SIM4
1
21
22
SIM5
SIM1
SIM2
SIM3
SIM4
1
21
22
SIM5
SIM1
SIM2
SIM3
SIM4
1
21
22
SIM5
SIM1
SIM2
SIM3
SIM4
1
21
22
SIM5
SIM1
SIM2
SIM3
SIM4
1
21
22
SIM5
SIM1
SIM2
SIM3
SIM4
1
21
22
SIM5
SIM1
SIM2
SIM3
SIM4
1
21
22
SIM5
SIM1
SIM2
SIM3
SIM4
1
21
22
SIM5
SIM1
SIM2
SIM3
SIM4
1
21
22
SIM5
SIM1
SIM2
SIM3
SIM4
1
21
22
SIM5
SIM1
SIM2
SIM3
SIM4
1
21
22
SIM5
SIM1
SIM2
SIM3
SIM4
1
21
22
SIM5
SIM1
SIM2
SIM3
SIM4
1
21
22
SIM5
SIM1
SIM2
SIM3
SIM4
1
21
22
SIM5
SIM1
SIM2
SIM3
SIM4
1
21
22
SIM5
SIM1
SIM2
SIM3
SIM4
1
21
22
SIM5
SIM1
SIM2
SIM3
SIM4
1
21
22
SIM5
SIM1
SIM2
SIM3
SIM4
1
21
22
SIM5
SIM1
SIM2
DEBUG 1 678
SIM1
SIM2
SIM3
SIM4
1
21
22
SIM5
SIM1
SIM2
SIM3
SIM4
1
21
22
SIM5
SIM1
SIM2
SIM3
SIM4
1
21
22
SIM5
SIM1
SIM2
SIM3
SIM4
1
21
22
SIM5
SIM1
SIM2
SIM3
SIM4
1
21
22
SIM5
SIM1
SIM2
SIM3
SIM4
1
21
22
SIM5
SIM1
SIM2
SIM3
SIM4
1
21
22
SIM5
SIM1
SIM2
SIM3
SIM4
1
21
22
SIM5
SIM1
SIM2
SIM3
SIM4
1
21
22
SIM5
SIM1
SIM2
SIM3
SIM4
1
21
22
SIM5
SIM1
SIM2
SIM3
SIM4
1
21
22
SIM5
SIM1
SIM2
SIM3
SIM4
1
21
22
SIM5
SIM1
SIM2
SIM3
SIM4
1
21
22
SIM5
SIM1
SIM2
SIM3
SIM4
1
21
22
SIM5
SIM1
SIM2
SIM3
SIM4
1
21
22
SIM5
SIM1
SIM2
SIM3
SIM4
1
21
22
SIM5
SIM1
SIM2
SIM3
SIM4
1
21
22
SIM5
SIM1
SIM2
SIM3
SIM4
1
21
22
SIM5
SIM1
SIM2
SIM3
SIM4
1
21
22
SIM5
SIM1
SIM2
SIM3
SIM4
1
21
22
SIM5
SIM1
SIM2
SIM3
SIM4
1
21
22
SIM5
SIM1
SIM2
SIM3
SIM4
1
21
22
SIM5
SIM1
SIM2
SIM3
SIM4
1
21
22
SIM5
SIM1
SIM2
SIM3
SIM4
1
21
22
SIM5
SIM1
SIM2
SIM3
SIM4
1
21
22
SIM5
SIM1
SIM2
SIM3
SIM4
1
21
22
SIM5
SIM1
SIM2
SIM3
SIM4
1
21
22
SIM5
SIM1
SIM2
SIM3
SIM4
1
21
22
SIM5
SIM1
SIM2
SIM3
SIM4
1
21
22
SIM5
SIM1
SIM2
SIM3
SIM4
1
21
22
SIM5
SIM1
SIM2
SIM3
SIM4
1
21
22
SIM5
SIM1
SIM2
SIM3
SIM4
1
21
22
SIM5
SIM1
SIM2
SIM3
SIM4
1
21
22
SIM5
SIM1
SIM2
SIM3
SIM4
1
21
22
SIM5
SIM1
SIM2
SIM3
SIM4
1
21
22
SIM5
SIM1
SIM2
SIM3
SIM4
1
21
22
SIM5
SIM1
SIM2
SIM3
SIM4
1
21
22
SIM5
SIM1
SIM2
SIM3
SIM4
1
21
22
SIM5
SIM1
SIM2
SIM3
SIM4
1
21
22
SIM5
SIM1
SIM2
SIM3
SIM4
1
21
22
SIM5
SIM1
SIM2
SIM3
SIM4
1
21
22
SIM5
SIM1
SIM2
SIM3
SIM4
1
21
22
SIM5
SIM1
SIM2
SIM3
SIM4
1
21
22
SIM5
SIM1
SIM2
SIM3
SIM4
1
21
22
SIM5
SIM1
SIM2
SIM3
SIM4
1
21
22
SIM5
SIM1
SIM2
SIM3
SIM4
1
21
22
SIM5
SIM1
SIM2
SIM3
SIM4
1
21
22
SIM5
SIM1
SIM2
SIM3
SIM4
1
21
22
SIM5
SIM1
SIM2
SIM3
SIM4
1
21
22
SIM5
SIM1
SIM2
SIM3
SIM4
1
21
22
SIM5
SIM1
SIM2
SIM3
SIM4
1
21
22
SIM5
SIM1
SIM2
SIM3
SIM4
1
21
22
SIM5
SIM1
SIM2
SIM3
SIM4
1
21
22
SIM5
SIM1
SIM2
SIM3
SIM4
1
21
22
SIM5
SIM1
SIM2
SIM3
SIM4
1
21
22
SIM5
SIM1
SIM2
SIM3
SIM4
1
21
22
SIM5
SIM1
SIM2
SIM3
SIM4
1
21
22
SIM5
SIM1
SIM2
SIM3
SIM4
1
21
22
SIM5
SIM1
SIM2
SIM3
SIM4
1
21
22
SIM5
SIM1
SIM2
SIM3
SIM4
1
21
22
SIM5
SIM1
SIM2
SIM3
SIM4
1
21
22
SIM5
SIM1
SIM2
SIM3
SIM4
1
21
22
SIM5
SIM1
SIM2
SIM3
SIM4
1
21
22
SIM5
SIM1
SIM2
SIM3
SIM4
1
21
22
SIM5
SIM1
SIM2
SIM3
SIM4
1
21
22
SIM5
SIM1
SIM2
SIM3
SIM4
1
21
22
SIM5
SIM1
SIM2
SIM3
SIM4
1
21
22
SIM5
SIM1
SIM2
SIM3
SIM4
1
21
22
SIM5
SIM1
SIM2
SIM3
SIM4
1
21
22
SIM5
SIM1
SIM2
SIM3
SIM4
1
21
22
SIM5
SIM1
SIM2
SIM3
SIM4
1
21
22
SIM5
SIM1
SIM2
SIM3
SIM4
1
21
22
SIM5
SIM1
SIM2
SIM3
SIM4
1
21
22
SIM5
SIM1
SIM2
SIM3
SIM4
1
21
22
SIM5
SIM1
SIM2
SIM3
SIM4
1
21
22
SIM5
SIM1
SIM2
SIM3
SIM4
1
21
22
SIM5
SIM1
SIM2
SIM3
SIM4
1
21
22
SIM5
SIM1
SIM2
SIM3
SIM4
1
21
22
SIM5
SIM1
SIM2
SIM3
SIM4
1
21
22
SIM5
SIM1
SIM2
SIM3
SIM4
1
21
22
SIM5
SIM1
SIM2
SIM3
SIM4
1
21
22
SIM5
SIM1
SIM2
SIM3
SIM4
1
21
22
SIM5
SIM1
SIM2
SIM3
SIM4
1
21
22
SIM5
SIM1
SIM2
SIM3
SIM4
1
21
22
SIM5
SIM1
SIM2
SIM3
SIM4
1
21
22
SIM5
SIM1
SIM2
SIM3
SIM4
1
21
22
SIM5
SIM1
SIM2
SIM3
SIM4
1
21
22
SIM5
SIM1
SIM2
SIM3
SIM4
1
21
22
SIM5
SIM1
SIM2
SIM3
SIM4
1
21
22
SIM5
SIM1
SIM2
SIM3
SIM4
1
21
22
SIM5
SIM1
SIM2
SIM3
SIM4
1
21
22
SIM5
SIM1
SIM2
SIM3
SIM4
1
21
22
SIM5
SIM1
SIM2
SIM3
SIM4
1
21
22
SIM5
SIM1
SIM2
SIM3
SIM4
1
21
22
SIM5
SIM1
SIM2
SIM3
SIM4
1
21
22
SIM5
SIM1
SIM2
SIM3
SIM4
1
21
22
SIM5
SIM1
SIM2
SIM3
SIM4
1
21
22
SIM5
SIM1
SIM2
SIM3
SIM4
1
21
22
SIM5
SIM1
SIM2
SIM3
SIM4
1
21
22
SIM5
SIM1
SIM2
SIM3
SIM4
1
21
22
SIM5
SIM1
SIM2
SIM3
SIM4
1
21
22
SIM5
SIM1
SIM2
SIM3
SIM4
1
21
22
SIM5
SIM1
SIM2
SIM3
SIM4
1
21
22
SIM5
SIM1
SIM2
SIM3
SIM4
1
21
22
SIM5
SIM1
SIM2
SIM3
SIM4
1
21
22
SIM5
SIM1
SIM2
SIM3
SIM4
1
21
22
SIM5
SIM1
SIM2
SIM3
SIM4
1
21
22
SIM5
SIM1
SIM2
SIM3
SIM4
1
21
22
SIM5
SIM1
SIM2
SIM3
SIM4
1
21
22
SIM5
SIM1
SIM2
SIM3
SIM4
1
21
22
SIM5
SIM1
SIM2
SIM3
SIM4
1
21
22
SIM5
SIM1
SIM2
SIM3
SIM4
1
21
22
SIM5
SIM1
SIM2
SIM3
SIM4
1
21
22
SIM5
SIM1
SIM2
SIM3
SIM4
1
21
22
SIM5
SIM1
SIM2
SIM3
SIM4
1
21
22
SIM5
SIM1
SIM2
SIM3
SIM4
1
21
22
SIM5
SIM1
SIM2
SIM3
SIM4
1
21
22
SIM5
SIM1
SIM2
SIM3
SIM4
1
21
22
SIM5
SIM1
SIM2
SIM3
SIM4
1
21
22
SIM5
SIM1
SIM2
SIM3
SIM4
1
21
22
SIM5
SIM1
SIM2
SIM3
SIM4
1
21
22
SIM5
SIM1
SIM2
SIM3
SIM4
1
21
22
SIM5
SIM1
SIM2
SIM3
SIM4
1
21
22
SIM5
SIM1
SIM2
SIM3
SIM4
1
21
22
SIM5
SIM1
SIM2
SIM3
SIM4
1
21
22
SIM5
SIM1
SIM2
SIM3
SIM4
1
21
22
SIM5
SIM1
SIM2
SIM3
SIM4
1
21
22
SIM5
SIM1
SIM2
SIM3
SIM4
1
21
22
SIM5
SIM1
SIM2
SIM3
SIM4
1
21
22
SIM5
SIM1
SIM2
SIM3
SIM4
1
21
22
SIM5
SIM1
SIM2
SIM3
SIM4
1
21
22
SIM5
SIM1
SIM2
SIM3
SIM4
1
21
22
SIM5
SIM1
SIM2
SIM3
SIM4
1
21
22
SIM5
SIM1
SIM2
SIM3
SIM4
1
21
22
SIM5
SIM1
SIM2
SIM3
SIM4
1
21
22
SIM5
SIM1
SIM2
SIM3
SIM4
1
21
22
SIM5
SIM1
SIM2
SIM3
SIM4
1
21
22
SIM5
SIM1
SIM2
SIM3
SIM4
1
21
22
SIM5
SIM1
SIM2
SIM3
SIM4
1
21
22
SIM5
SIM1
SIM2
SIM3
SIM4
1
21
22
SIM5
SIM1
SIM2
SIM3
SIM4
1
21
22
SIM5
SIM1
SIM2
SIM3
SIM4
1
21
22
SIM5
SIM1
SIM2
SIM3
SIM4
1
21
22
SIM5
SIM1
SIM2
SIM3
SIM4
1
21
22
SIM5
SIM1
SIM2
SIM3
SIM4
1
21
22
SIM5
SIM1
SIM2
SIM3
SIM4
1
21
22
SIM5
SIM1
SIM2
SIM3
SIM4
1
21
22
SIM5
SIM1
SIM2
SIM3
SIM4
1
21
22
SIM5
SIM1
SIM2
SIM3
SIM4
1
21
22
SIM5
SIM1
SIM2
SIM3
SIM4
1
21
22
SIM5
SIM1
SIM2
SIM3
SIM4
1
21
22
SIM5
SIM1
SIM2
SIM3
SIM4
1
21
22
SIM5
SIM1
SIM2
SIM3
SIM4
1
21
22
SIM5
SIM1
SIM2
SIM3
SIM4
1
21
22
SIM5
SIM1
SIM2
SIM3
SIM4
1
21
22
SIM5
SIM1
SIM2
SIM3
SIM4
1
21
22
SIM5
SIM1
SIM2
SIM3
SIM4
1
21
22
SIM5
SIM1
SIM2
SIM3
SIM4
1
21
22
SIM5
SIM1
SIM2
SIM3
SIM4
1
21
22
SIM5
SIM1
SIM2
SIM3
SIM4
1
21
22
SIM5
SIM1
SIM2
SIM3
SIM4
1
21
22
SIM5
SIM1
SIM2
SIM3
SIM4
1
21
22
SIM5
SIM1
SIM2
SIM3
SIM4
1
21
22
SIM5
SIM1
SIM2
SIM3
SIM4
1
21
22
SIM5
SIM1
SIM2
SIM3
SIM4
1
21
22
SIM5
SIM1
SIM2
SIM3
SIM4
1
21
22
SIM5
SIM1
SIM2
SIM3
SIM4
1
21
22
SIM5
SIM1
SIM2
SIM3
SIM4
1
21
22
SIM5
SIM1
SIM2
SIM3
SIM4
1
21
22
SIM5
SIM1
SIM2
SIM3
SIM4
1
21
22
SIM5
SIM1
SIM2
SIM3
SIM4
1
21
22
SIM5
SIM1
SIM2
SIM3
SIM4
1
21
22
SIM5
SIM1
SIM2
SIM3
SIM4
1
21
22
SIM5
SIM1
SIM2
SIM3
SIM4
1
21
22
SIM5
SIM1
SIM2
SIM3
SIM4
1
21
22
SIM5
SIM1
SIM2
SIM3
SIM4
1
21
22
SIM5
SIM1
SIM2
SIM3
SIM4
1
21
22
SIM5
SIM1
SIM2
SIM3
SIM4
1
21
22
SIM5
SIM1
SIM2
SIM3
SIM4
1
21
22
SIM5
SIM1
SIM2
SIM3
SIM4
1
21
22
SIM5
SIM1
SIM2
SIM3
SIM4
1
21
22
SIM5
SIM1
SIM2
SIM3
SIM4
1
21
22
SIM5
SIM1
SIM2
SIM3
SIM4
1
21
22
SIM5
SIM1
SIM2
SIM3
SIM4
1
21
22
SIM5
SIM1
SIM2
SIM3
SIM4
1
21
22
SIM5
SIM1
SIM2
SIM3
SIM4
1
21
22
SIM5
SIM1
SIM2
SIM3
SIM4
1
21
22
SIM5
SIM1
SIM2
SIM3
SIM4
1
21
22
SIM5
SIM1
SIM2
SIM3
SIM4
1
21
22
SIM5
SIM1
SIM2
SIM3
SIM4
1
21
22
SIM5
SIM1
SIM2
SIM3
SIM4
1
21
22
SIM5
SIM1
SIM2
SIM3
SIM4
1
21
22
SIM5
SIM1
SIM2
SIM3
SIM4
1
21
22
SIM5
SIM1
SIM2
SIM3
SIM4
1
21
22
SIM5
SIM1
SIM2
SIM3
SIM4
1
21
22
SIM5
SIM1
SIM2
SIM3
SIM4
1
21
22
SIM5
SIM1
SIM2
SIM3
SIM4
1
21
22
SIM5
SIM1
SIM2
SIM3
SIM4
1
21
22
SIM5
SIM1
SIM2
SIM3
SIM4
1
21
22
SIM5
SIM1
SIM2
SIM3
SIM4
1
21
22
SIM5
SIM1
SIM2
SIM3
SIM4
1
21
22
SIM5
SIM1
SIM2
SIM3
SIM4
1
21
22
SIM5
SIM1
SIM2
SIM3
SIM4
1
21
22
SIM5
SIM1
SIM2
SIM3
SIM4
1
21
22
SIM5
SIM1
SIM2
SIM3
SIM4
1
21
22
SIM5
SIM1
SIM2
SIM3
SIM4
1
21
22
SIM5
SIM1
SIM2
SIM3
SIM4
1
21
22
SIM5
SIM1
SIM2
SIM3
SIM4
1
21
22
SIM5
SIM1
SIM2
SIM3
SIM4
1
21
22
SIM5
SIM1
SIM2
SIM3
SIM4
1
21
22
SIM5
SIM1
SIM2
SIM3
SIM4
1
21
22
SIM5
SIM1
SIM2
SIM3
SIM4
1
21
22
SIM5
SIM1
SIM2
SIM3
SIM4
1
21
22
SIM5
SIM1
SIM2
SIM3
SIM4
1
21
22
SIM5
SIM1
SIM2
SIM3
SIM4
1
21
22
SIM5
SIM1
SIM2
SIM3
SIM4
1
21
22
SIM5
SIM1
SIM2
SIM3
SIM4
1
21
22
SIM5
SIM1
SIM2
SIM3
SIM4
1
21
22
SIM5
SIM1
SIM2
DEBUG 1 679
SIM1
SIM2
SIM3
SIM4
1
21
22
SIM5
SIM1
SIM2
SIM3
SIM4
1
21
22
SIM5
SIM1
SIM2
SIM3
SIM4
1
21
22
SIM5
SIM1
SIM2
SIM3
SIM4
1
21
22
SIM5
SIM1
SIM2
SIM3
SIM4
1
21
22
SIM5
SIM1
SIM2
SIM3
SIM4
1
21
22
SIM5
SIM1
SIM2
SIM3
SIM4
1
21
22
SIM5
SIM1
SIM2
SIM3
SIM4
1
21
22
SIM5
SIM1
SIM2
SIM3
SIM4
1
21
22
SIM5
SIM1
SIM2
SIM3
SIM4
1
21
22
SIM5
SIM1
SIM2
SIM3
SIM4
1
21
22
SIM5
SIM1
SIM2
SIM3
SIM4
1
21
22
SIM5
SIM1
SIM2
SIM3
SIM4
1
21
22
SIM5
SIM1
SIM2
SIM3
SIM4
1
21
22
SIM5
SIM1
SIM2
SIM3
SIM4
1
21
22
SIM5
SIM1
SIM2
SIM3
SIM4
1
21
22
SIM5
SIM1
SIM2
SIM3
SIM4
1
21
22
SIM5
SIM1
SIM2
SIM3
SIM4
1
21
22
SIM5
SIM1
SIM2
SIM3
SIM4
1
21
22
SIM5
SIM1
SIM2
SIM3
SIM4
1
21
22
SIM5
SIM1
SIM2
SIM3
SIM4
1
21
22
SIM5
SIM1
SIM2
SIM3
SIM4
1
21
22
SIM5
SIM1
SIM2
SIM3
SIM4
1
21
22
SIM5
SIM1
SIM2
SIM3
SIM4
1
21
22
SIM5
SIM1
SIM2
SIM3
SIM4
1
21
22
SIM5
SIM1
SIM2
SIM3
SIM4
1
21
22
SIM5
SIM1
SIM2
SIM3
SIM4
1
21
22
SIM5
SIM1
SIM2
SIM3
SIM4
1
21
22
SIM5
SIM1
SIM2
SIM3
SIM4
1
21
22
SIM5
SIM1
SIM2
SIM3
SIM4
1
21
22
SIM5
SIM1
SIM2
SIM3
SIM4
1
21
22
SIM5
SIM1
SIM2
SIM3
SIM4
1
21
22
SIM5
SIM1
SIM2
SIM3
SIM4
1
21
22
SIM5
SIM1
SIM2
SIM3
SIM4
1
21
22
SIM5
SIM1
SIM2
SIM3
SIM4
1
21
22
SIM5
SIM1
SIM2
SIM3
SIM4
1
21
22
SIM5
SIM1
SIM2
SIM3
SIM4
1
21
22
SIM5
SIM1
SIM2
SIM3
SIM4
1
21
22
SIM5
SIM1
SIM2
SIM3
SIM4
1
21
22
SIM5
SIM1
SIM2
SIM3
SIM4
1
21
22
SIM5
SIM1
SIM2
SIM3
SIM4
1
21
22
SIM5
SIM1
SIM2
SIM3
SIM4
1
21
22
SIM5
SIM1
SIM2
SIM3
SIM4
1
21
22
SIM5
SIM1
SIM2
SIM3
SIM4
1
21
22
SIM5
SIM1
SIM2
SIM3
SIM4
1
21
22
SIM5
SIM1
SIM2
SIM3
SIM4
1
21
22
SIM5
SIM1
SIM2
SIM3
SIM4
1
21
22
SIM5
SIM1
SIM2
SIM3
SIM4
1
21
22
SIM5
SIM1
SIM2
SIM3
SIM4
1
21
22
SIM5
SIM1
SIM2
SIM3
SIM4
1
21
22
SIM5
SIM1
SIM2
SIM3
SIM4
1
21
22
SIM5
SIM1
SIM2
SIM3
SIM4
1
21
22
SIM5
SIM1
SIM2
SIM3
SIM4
1
21
22
SIM5
SIM1
SIM2
SIM3
SIM4
1
21
22
SIM5
SIM1
SIM2
SIM3
SIM4
1
21
22
SIM5
SIM1
SIM2
SIM3
SIM4
1
21
22
SIM5
SIM1
SIM2
SIM3
SIM4
1
21
22
SIM5
SIM1
SIM2
SIM3
SIM4
1
21
22
SIM5
SIM1
SIM2
SIM3
SIM4
1
21
22
SIM5
SIM1
SIM2
SIM3
SIM4
1
21
22
SIM5
SIM1
SIM2
SIM3
SIM4
1
21
22
SIM5
SIM1
SIM2
SIM3
SIM4
1
21
22
SIM5
SIM1
SIM2
SIM3
SIM4
1
21
22
SIM5
SIM1
SIM2
SIM3
SIM4
1
21
22
SIM5
SIM1
SIM2
SIM3
SIM4
1
21
22
SIM5
SIM1
SIM2
SIM3
SIM4
1
21
22
SIM5
SIM1
SIM2
SIM3
SIM4
1
21
22
SIM5
SIM1
SIM2
SIM3
SIM4
1
21
22
SIM5
SIM1
SIM2
SIM3
SIM4
1
21
22
SIM5
SIM1
SIM2
SIM3
SIM4
1
21
22
SIM5
SIM1
SIM2
SIM3
SIM4
1
21
22
SIM5
SIM1
SIM2
SIM3
SIM4
1
21
22
SIM5
SIM1
SIM2
SIM3
SIM4
1
21
22
SIM5
SIM1
SIM2
SIM3
SIM4
1
21
22
SIM5
SIM1
SIM2
SIM3
SIM4
1
21
22
SIM5
SIM1
SIM2
SIM3
SIM4
1
21
22
SIM5
SIM1
SIM2
SIM3
SIM4
1
21
22
SIM5
SIM1
SIM2
SIM3
SIM4
1
21
22
SIM5
SIM1
SIM2
SIM3
SIM4
1
21
22
SIM5
SIM1
SIM2
SIM3
SIM4
1
21
22
SIM5
SIM1
SIM2
SIM3
SIM4
1
21
22
SIM5
SIM1
SIM2
SIM3
SIM4
1
21
22
SIM5
SIM1
SIM2
SIM3
SIM4
1
21
22
SIM5
SIM1
SIM2
SIM3
SIM4
1
21
22
SIM5
SIM1
SIM2
SIM3
SIM4
1
21
22
SIM5
SIM1
SIM2
SIM3
SIM4
1
21
22
SIM5
SIM1
SIM2
SIM3
SIM4
1
21
22
SIM5
SIM1
SIM2
SIM3
SIM4
1
21
22
SIM5
SIM1
SIM2
SIM3
SIM4
1
21
22
SIM5
SIM1
SIM2
SIM3
SIM4
1
21
22
SIM5
SIM1
SIM2
SIM3
SIM4
1
21
22
SIM5
SIM1
SIM2
SIM3
SIM4
1
21
22
SIM5
SIM1
SIM2
SIM3
SIM4
1
21
22
SIM5
SIM1
SIM2
SIM3
SIM4
1
21
22
SIM5
SIM1
SIM2
SIM3
SIM4
1
21
22
SIM5
SIM1
SIM2
SIM3
SIM4
1
21
22
SIM5
SIM1
SIM2
SIM3
SIM4
1
21
22
SIM5
SIM1
SIM2
SIM3
SIM4
1
21
22
SIM5
SIM1
SIM2
SIM3
SIM4
1
21
22
SIM5
SIM1
SIM2
SIM3
SIM4
1
21
22
SIM5
SIM1
SIM2
SIM3
SIM4
1
21
22
SIM5
SIM1
SIM2
SIM3
SIM4
1
21
22
SIM5
SIM1
SIM2
SIM3
SIM4
1
21
22
SIM5
SIM1
SIM2
SIM3
SIM4
1
21
22
SIM5
SIM1
SIM2
SIM3
SIM4
1
21
22
SIM5
SIM1
SIM2
SIM3
SIM4
1
21
22
SIM5
SIM1
SIM2
SIM3
SIM4
1
21
22
SIM5
SIM1
SIM2
SIM3
SIM4
1
21
22
SIM5
SIM1
SIM2
SIM3
SIM4
1
21
22
SIM5
SIM1
SIM2
SIM3
SIM4
1
21
22
SIM5
SIM1
SIM2
SIM3
SIM4
1
21
22
SIM5
SIM1
SIM2
SIM3
SIM4
1
21
22
SIM5
SIM1
SIM2
SIM3
SIM4
1
21
22
SIM5
SIM1
SIM2
SIM3
SIM4
1
21
22
SIM5
SIM1
SIM2
SIM3
SIM4
1
21
22
SIM5
SIM1
SIM2
SIM3
SIM4
1
21
22
SIM5
SIM1
SIM2
SIM3
SIM4
1
21
22
SIM5
SIM1
SIM2
SIM3
SIM4
1
21
22
SIM5
SIM1
SIM2
SIM3
SIM4
1
21
22
SIM5
SIM1
SIM2
SIM3
SIM4
1
21
22
SIM5
SIM1
SIM2
SIM3
SIM4
1
21
22
SIM5
SIM1
SIM2
SIM3
SIM4
1
21
22
SIM5
SIM1
SIM2
SIM3
SIM4
1
21
22
SIM5
SIM1
SIM2
SIM3
SIM4
1
21
22
SIM5
SIM1
SIM2
SIM3
SIM4
1
21
22
SIM5
SIM1
SIM2
SIM3
SIM4
1
21
22
SIM5
SIM1
SIM2
SIM3
SIM4
1
21
22
SIM5
SIM1
SIM2
SIM3
SIM4
1
21
22
SIM5
SIM1
SIM2
SIM3
SIM4
1
21
22
SIM5
SIM1
SIM2
SIM3
SIM4
1
21
22
SIM5
SIM1
SIM2
SIM3
SIM4
1
21
22
SIM5
SIM1
SIM2
SIM3
SIM4
1
21
22
SIM5
SIM1
SIM2
SIM3
SIM4
1
21
22
SIM5
SIM1
SIM2
SIM3
SIM4
1
21
22
SIM5
SIM1
SIM2
SIM3
SIM4
1
21
22
SIM5
SIM1
SIM2
SIM3
SIM4
1
21
22
SIM5
SIM1
SIM2
SIM3
SIM4
1
21
22
SIM5
SIM1
SIM2
SIM3
SIM4
1
21
22
SIM5
SIM1
SIM2
SIM3
SIM4
1
21
22
SIM5
SIM1
SIM2
SIM3
SIM4
1
21
22
SIM5
SIM1
SIM2
SIM3
SIM4
1
21
22
SIM5
SIM1
SIM2
SIM3
SIM4
1
21
22
SIM5
SIM1
SIM2
SIM3
SIM4
1
21
22
SIM5
SIM1
SIM2
SIM3
SIM4
1
21
22
SIM5
SIM1
SIM2
SIM3
SIM4
1
21
22
SIM5
SIM1
SIM2
SIM3
SIM4
1
21
22
SIM5
SIM1
SIM2
SIM3
SIM4
1
21
22
SIM5
SIM1
SIM2
SIM3
SIM4
1
21
22
SIM5
SIM1
SIM2
SIM3
SIM4
1
21
22
SIM5
SIM1
SIM2
SIM3
SIM4
1
21
22
SIM5
SIM1
SIM2
SIM3
SIM4
1
21
22
SIM5
SIM1
SIM2
SIM3
SIM4
1
21
22
SIM5
SIM1
SIM2
SIM3
SIM4
1
21
22
SIM5
SIM1
SIM2
SIM3
SIM4
1
21
22
SIM5
SIM1
SIM2
SIM3
SIM4
1
21
22
SIM5
SIM1
SIM2
SIM3
SIM4
1
21
22
SIM5
SIM1
SIM2
SIM3
SIM4
1
21
22
SIM5
SIM1
SIM2
SIM3
SIM4
1
21
22
SIM5
SIM1
SIM2
SIM3
SIM4
1
21
22
SIM5
SIM1
SIM2
SIM3
SIM4
1
21
22
SIM5
SIM1
SIM2
SIM3
SIM4
1
21
22
SIM5
SIM1
SIM2
SIM3
SIM4
1
21
22
SIM5
SIM1
SIM2
SIM3
SIM4
1
21
22
SIM5
SIM1
SIM2
SIM3
SIM4
1
21
22
SIM5
SIM1
SIM2
SIM3
SIM4
1
21
22
SIM5
SIM1
SIM2
SIM3
SIM4
1
21
22
SIM5
SIM1
SIM2
SIM3
SIM4
1
21
22
SIM5
SIM1
SIM2
SIM3
SIM4
1
21
22
SIM5
SIM1
SIM2
SIM3
SIM4
1
21
22
SIM5
SIM1
SIM2
SIM3
SIM4
1
21
22
SIM5
SIM1
SIM2
SIM3
SIM4
1
21
22
SIM5
SIM1
SIM2
SIM3
SIM4
1
21
22
SIM5
SIM1
SIM2
SIM3
SIM4
1
21
22
SIM5
SIM1
SIM2
SIM3
SIM4
1
21
22
SIM5
SIM1
SIM2
SIM3
SIM4
1
21
22
SIM5
SIM1
SIM2
SIM3
SIM4
1
21
22
SIM5
SIM1
SIM2
SIM3
SIM4
1
21
22
SIM5
SIM1
SIM2
SIM3
SIM4
1
21
22
SIM5
SIM1
SIM2
SIM3
SIM4
1
21
22
SIM5
SIM1
SIM2
SIM3
SIM4
1
21
22
SIM5
SIM1
SIM2
SIM3
SIM4
1
21
22
SIM5
SIM1
SIM2
SIM3
SIM4
1
21
22
SIM5
SIM1
SIM2
SIM3
SIM4
1
21
22
SIM5
SIM1
SIM2
SIM3
SIM4
1
21
22
SIM5
SIM1
SIM2
SIM3
SIM4
1
21
22
SIM5
SIM1
SIM2
SIM3
SIM4
1
21
22
SIM5
SIM1
SIM2
SIM3
SIM4
1
21
22
SIM5
SIM1
SIM2
SIM3
SIM4
1
21
22
SIM5
SIM1
SIM2
SIM3
SIM4
1
21
22
SIM5
SIM1
SIM2
SIM3
SIM4
1
21
22
SIM5
SIM1
SIM2
SIM3
SIM4
1
21
22
SIM5
SIM1
SIM2
SIM3
SIM4
1
21
22
SIM5
SIM1
SIM2
SIM3
SIM4
1
21
22
SIM5
SIM1
SIM2
SIM3
SIM4
1
21
22
SIM5
SIM1
SIM2
SIM3
SIM4
1
21
22
SIM5
SIM1
SIM2
SIM3
SIM4
1
21
22
SIM5
SIM1
SIM2
SIM3
SIM4
1
21
22
SIM5
SIM1
SIM2
SIM3
SIM4
1
21
22
SIM5
SIM1
SIM2
SIM3
SIM4
1
21
22
SIM5
SIM1
SIM2
DEBUG 1 680
SIM1
SIM2
SIM3
SIM4
1
21
22
SIM5
SIM1
SIM2
SIM3
SIM4
1
21
22
SIM5
SIM1
SIM2
SIM3
SIM4
1
21
22
SIM5
SIM1
SIM2
SIM3
SIM4
1
21
22
SIM5
SIM1
SIM2
SIM3
SIM4
1
21
22
SIM5
SIM1
SIM2
SIM3
SIM4
1
21
22
SIM5
SIM1
SIM2
SIM3
SIM4
1
21
22
SIM5
SIM1
SIM2
SIM3
SIM4
1
21
22
SIM5
SIM1
SIM2
SIM3
SIM4
1
21
22
SIM5
SIM1
SIM2
SIM3
SIM4
1
21
22
SIM5
SIM1
SIM2
SIM3
SIM4
1
21
22
SIM5
SIM1
SIM2
SIM3
SIM4
1
21
22
SIM5
SIM1
SIM2
SIM3
SIM4
1
21
22
SIM5
SIM1
SIM2
SIM3
SIM4
1
21
22
SIM5
SIM1
SIM2
SIM3
SIM4
1
21
22
SIM5
SIM1
SIM2
SIM3
SIM4
1
21
22
SIM5
SIM1
SIM2
SIM3
SIM4
1
21
22
SIM5
SIM1
SIM2
SIM3
SIM4
1
21
22
SIM5
SIM1
SIM2
SIM3
SIM4
1
21
22
SIM5
SIM1
SIM2
SIM3
SIM4
1
21
22
SIM5
SIM1
SIM2
SIM3
SIM4
1
21
22
SIM5
SIM1
SIM2
SIM3
SIM4
1
21
22
SIM5
SIM1
SIM2
SIM3
SIM4
1
21
22
SIM5
SIM1
SIM2
SIM3
SIM4
1
21
22
SIM5
SIM1
SIM2
SIM3
SIM4
1
21
22
SIM5
SIM1
SIM2
SIM3
SIM4
1
21
22
SIM5
SIM1
SIM2
SIM3
SIM4
1
21
22
SIM5
SIM1
SIM2
SIM3
SIM4
1
21
22
SIM5
SIM1
SIM2
SIM3
SIM4
1
21
22
SIM5
SIM1
SIM2
SIM3
SIM4
1
21
22
SIM5
SIM1
SIM2
SIM3
SIM4
1
21
22
SIM5
SIM1
SIM2
SIM3
SIM4
1
21
22
SIM5
SIM1
SIM2
SIM3
SIM4
1
21
22
SIM5
SIM1
SIM2
SIM3
SIM4
1
21
22
SIM5
SIM1
SIM2
SIM3
SIM4
1
21
22
SIM5
SIM1
SIM2
SIM3
SIM4
1
21
22
SIM5
SIM1
SIM2
SIM3
SIM4
1
21
22
SIM5
SIM1
SIM2
SIM3
SIM4
1
21
22
SIM5
SIM1
SIM2
SIM3
SIM4
1
21
22
SIM5
SIM1
SIM2
SIM3
SIM4
1
21
22
SIM5
SIM1
SIM2
SIM3
SIM4
1
21
22
SIM5
SIM1
SIM2
SIM3
SIM4
1
21
22
SIM5
SIM1
SIM2
SIM3
SIM4
1
21
22
SIM5
SIM1
SIM2
SIM3
SIM4
1
21
22
SIM5
SIM1
SIM2
SIM3
SIM4
1
21
22
SIM5
SIM1
SIM2
SIM3
SIM4
1
21
22
SIM5
SIM1
SIM2
SIM3
SIM4
1
21
22
SIM5
SIM1
SIM2
SIM3
SIM4
1
21
22
SIM5
SIM1
SIM2
SIM3
SIM4
1
21
22
SIM5
SIM1
SIM2
SIM3
SIM4
1
21
22
SIM5
SIM1
SIM2
SIM3
SIM4
1
21
22
SIM5
SIM1
SIM2
SIM3
SIM4
1
21
22
SIM5
SIM1
SIM2
SIM3
SIM4
1
21
22
SIM5
SIM1
SIM2
SIM3
SIM4
1
21
22
SIM5
SIM1
SIM2
SIM3
SIM4
1
21
22
SIM5
SIM1
SIM2
SIM3
SIM4
1
21
22
SIM5
SIM1
SIM2
SIM3
SIM4
1
21
22
SIM5
SIM1
SIM2
SIM3
SIM4
1
21
22
SIM5
SIM1
SIM2
SIM3
SIM4
1
21
22
SIM5
SIM1
SIM2
SIM3
SIM4
1
21
22
SIM5
SIM1
SIM2
SIM3
SIM4
1
21
22
SIM5
SIM1
SIM2
SIM3
SIM4
1
21
22
SIM5
SIM1
SIM2
SIM3
SIM4
1
21
22
SIM5
SIM1
SIM2
SIM3
SIM4
1
21
22
SIM5
SIM1
SIM2
SIM3
SIM4
1
21
22
SIM5
SIM1
SIM2
SIM3
SIM4
1
21
22
SIM5
SIM1
SIM2
SIM3
SIM4
1
21
22
SIM5
SIM1
SIM2
SIM3
SIM4
1
21
22
SIM5
SIM1
SIM2
SIM3
SIM4
1
21
22
SIM5
SIM1
SIM2
SIM3
SIM4
1
21
22
SIM5
SIM1
SIM2
SIM3
SIM4
1
21
22
SIM5
SIM1
SIM2
SIM3
SIM4
1
21
22
SIM5
SIM1
SIM2
SIM3
SIM4
1
21
22
SIM5
SIM1
SIM2
SIM3
SIM4
1
21
22
SIM5
SIM1
SIM2
SIM3
SIM4
1
21
22
SIM5
SIM1
SIM2
SIM3
SIM4
1
21
22
SIM5
SIM1
SIM2
SIM3
SIM4
1
21
22
SIM5
SIM1
SIM2
SIM3
SIM4
1
21
22
SIM5
SIM1
SIM2
SIM3
SIM4
1
21
22
SIM5
SIM1
SIM2
SIM3
SIM4
1
21
22
SIM5
SIM1
SIM2
SIM3
SIM4
1
21
22
SIM5
SIM1
SIM2
SIM3
SIM4
1
21
22
SIM5
SIM1
SIM2
SIM3
SIM4
1
21
22
SIM5
SIM1
SIM2
SIM3
SIM4
1
21
22
SIM5
SIM1
SIM2
SIM3
SIM4
1
21
22
SIM5
SIM1
SIM2
SIM3
SIM4
1
21
22
SIM5
SIM1
SIM2
SIM3
SIM4
1
21
22
SIM5
SIM1
SIM2
SIM3
SIM4
1
21
22
SIM5
SIM1
SIM2
SIM3
SIM4
1
21
22
SIM5
SIM1
SIM2
SIM3
SIM4
1
21
22
SIM5
SIM1
SIM2
SIM3
SIM4
1
21
22
SIM5
SIM1
SIM2
SIM3
SIM4
1
21
22
SIM5
SIM1
SIM2
SIM3
SIM4
1
21
22
SIM5
SIM1
SIM2
SIM3
SIM4
1
21
22
SIM5
SIM1
SIM2
SIM3
SIM4
1
21
22
SIM5
SIM1
SIM2
SIM3
SIM4
1
21
22
SIM5
SIM1
SIM2
SIM3
SIM4
1
21
22
SIM5
SIM1
SIM2
SIM3
SIM4
1
21
22
SIM5
SIM1
SIM2
SIM3
SIM4
1
21
22
SIM5
SIM1
SIM2
SIM3
SIM4
1
21
22
SIM5
SIM1
SIM2
SIM3
SIM4
1
21
22
SIM5
SIM1
SIM2
SIM3
SIM4
1
21
22
SIM5
SIM1
SIM2
SIM3
SIM4
1
21
22
SIM5
SIM1
SIM2
SIM3
SIM4
1
21
22
SIM5
SIM1
SIM2
SIM3
SIM4
1
21
22
SIM5
SIM1
SIM2
SIM3
SIM4
1
21
22
SIM5
SIM1
SIM2
SIM3
SIM4
1
21
22
SIM5
SIM1
SIM2
SIM3
SIM4
1
21
22
SIM5
SIM1
SIM2
SIM3
SIM4
1
21
22
SIM5
SIM1
SIM2
SIM3
SIM4
1
21
22
SIM5
SIM1
SIM2
SIM3
SIM4
1
21
22
SIM5
SIM1
SIM2
SIM3
SIM4
1
21
22
SIM5
SIM1
SIM2
SIM3
SIM4
1
21
22
SIM5
SIM1
SIM2
SIM3
SIM4
1
21
22
SIM5
SIM1
SIM2
SIM3
SIM4
1
21
22
SIM5
SIM1
SIM2
SIM3
SIM4
1
21
22
SIM5
SIM1
SIM2
SIM3
SIM4
1
21
22
SIM5
SIM1
SIM2
SIM3
SIM4
1
21
22
SIM5
SIM1
SIM2
SIM3
SIM4
1
21
22
SIM5
SIM1
SIM2
SIM3
SIM4
1
21
22
SIM5
SIM1
SIM2
SIM3
SIM4
1
21
22
SIM5
SIM1
SIM2
SIM3
SIM4
1
21
22
SIM5
SIM1
SIM2
SIM3
SIM4
1
21
22
SIM5
SIM1
SIM2
SIM3
SIM4
1
21
22
SIM5
SIM1
SIM2
SIM3
SIM4
1
21
22
SIM5
SIM1
SIM2
SIM3
SIM4
1
21
22
SIM5
SIM1
SIM2
SIM3
SIM4
1
21
22
SIM5
SIM1
SIM2
SIM3
SIM4
1
21
22
SIM5
SIM1
SIM2
SIM3
SIM4
1
21
22
SIM5
SIM1
SIM2
SIM3
SIM4
1
21
22
SIM5
SIM1
SIM2
SIM3
SIM4
1
21
22
SIM5
SIM1
SIM2
SIM3
SIM4
1
21
22
SIM5
SIM1
SIM2
SIM3
SIM4
1
21
22
SIM5
SIM1
SIM2
SIM3
SIM4
1
21
22
SIM5
SIM1
SIM2
SIM3
SIM4
1
21
22
SIM5
SIM1
SIM2
SIM3
SIM4
1
21
22
SIM5
SIM1
SIM2
SIM3
SIM4
1
21
22
SIM5
SIM1
SIM2
SIM3
SIM4
1
21
22
SIM5
SIM1
SIM2
SIM3
SIM4
1
21
22
SIM5
SIM1
SIM2
SIM3
SIM4
1
21
22
SIM5
SIM1
SIM2
SIM3
SIM4
1
21
22
SIM5
SIM1
SIM2
SIM3
SIM4
1
21
22
SIM5
SIM1
SIM2
SIM3
SIM4
1
21
22
SIM5
SIM1
SIM2
SIM3
SIM4
1
21
22
SIM5
SIM1
SIM2
SIM3
SIM4
1
21
22
SIM5
SIM1
SIM2
SIM3
SIM4
1
21
22
SIM5
SIM1
SIM2
SIM3
SIM4
1
21
22
SIM5
SIM1
SIM2
SIM3
SIM4
1
21
22
SIM5
SIM1
SIM2
SIM3
SIM4
1
21
22
SIM5
SIM1
SIM2
SIM3
SIM4
1
21
22
SIM5
SIM1
SIM2
SIM3
SIM4
1
21
22
SIM5
SIM1
SIM2
SIM3
SIM4
1
21
22
SIM5
SIM1
SIM2
SIM3
SIM4
1
21
22
SIM5
SIM1
SIM2
SIM3
SIM4
1
21
22
SIM5
SIM1
SIM2
SIM3
SIM4
1
21
22
SIM5
SIM1
SIM2
SIM3
SIM4
1
21
22
SIM5
SIM1
SIM2
SIM3
SIM4
1
21
22
SIM5
SIM1
SIM2
SIM3
SIM4
1
21
22
SIM5
SIM1
SIM2
SIM3
SIM4
1
21
22
SIM5
SIM1
SIM2
SIM3
SIM4
1
21
22
SIM5
SIM1
SIM2
SIM3
SIM4
1
21
22
SIM5
SIM1
SIM2
SIM3
SIM4
1
21
22
SIM5
SIM1
SIM2
SIM3
SIM4
1
21
22
SIM5
SIM1
SIM2
SIM3
SIM4
1
21
22
SIM5
SIM1
SIM2
SIM3
SIM4
1
21
22
SIM5
SIM1
SIM2
SIM3
SIM4
1
21
22
SIM5
SIM1
SIM2
SIM3
SIM4
1
21
22
SIM5
SIM1
SIM2
SIM3
SIM4
1
21
22
SIM5
SIM1
SIM2
SIM3
SIM4
1
21
22
SIM5
SIM1
SIM2
SIM3
SIM4
1
21
22
SIM5
SIM1
SIM2
SIM3
SIM4
1
21
22
SIM5
SIM1
SIM2
SIM3
SIM4
1
21
22
SIM5
SIM1
SIM2
SIM3
SIM4
1
21
22
SIM5
SIM1
SIM2
SIM3
SIM4
1
21
22
SIM5
SIM1
SIM2
SIM3
SIM4
1
21
22
SIM5
SIM1
SIM2
SIM3
SIM4
1
21
22
SIM5
SIM1
SIM2
SIM3
SIM4
1
21
22
SIM5
SIM1
SIM2
SIM3
SIM4
1
21
22
SIM5
SIM1
SIM2
SIM3
SIM4
1
21
22
SIM5
SIM1
SIM2
SIM3
SIM4
1
21
22
SIM5
SIM1
SIM2
SIM3
SIM4
1
21
22
SIM5
SIM1
SIM2
SIM3
SIM4
1
21
22
SIM5
SIM1
SIM2
SIM3
SIM4
1
21
22
SIM5
SIM1
SIM2
SIM3
SIM4
1
21
22
SIM5
SIM1
SIM2
DEBUG 1 681
SIM1
SIM2
SIM3
SIM4
1
21
22
SIM5
SIM1
SIM2
SIM3
SIM4
1
21
22
SIM5
SIM1
SIM2
SIM3
SIM4
1
21
22
SIM5
SIM1
SIM2
SIM3
SIM4
1
21
22
SIM5
SIM1
SIM2
SIM3
SIM4
1
21
22
SIM5
SIM1
SIM2
SIM3
SIM4
1
21
22
SIM5
SIM1
SIM2
SIM3
SIM4
1
21
22
SIM5
SIM1
SIM2
SIM3
SIM4
1
21
22
SIM5
SIM1
SIM2
SIM3
SIM4
1
21
22
SIM5
SIM1
SIM2
SIM3
SIM4
1
21
22
SIM5
SIM1
SIM2
SIM3
SIM4
1
21
22
SIM5
SIM1
SIM2
SIM3
SIM4
1
21
22
SIM5
SIM1
SIM2
SIM3
SIM4
1
21
22
SIM5
SIM1
SIM2
SIM3
SIM4
1
21
22
SIM5
SIM1
SIM2
SIM3
SIM4
1
21
22
SIM5
SIM1
SIM2
SIM3
SIM4
1
21
22
SIM5
SIM1
SIM2
SIM3
SIM4
1
21
22
SIM5
SIM1
SIM2
SIM3
SIM4
1
21
22
SIM5
SIM1
SIM2
SIM3
SIM4
1
21
22
SIM5
SIM1
SIM2
SIM3
SIM4
1
21
22
SIM5
SIM1
SIM2
SIM3
SIM4
1
21
22
SIM5
SIM1
SIM2
SIM3
SIM4
1
21
22
SIM5
SIM1
SIM2
SIM3
SIM4
1
21
22
SIM5
SIM1
SIM2
SIM3
SIM4
1
21
22
SIM5
SIM1
SIM2
SIM3
SIM4
1
21
22
SIM5
SIM1
SIM2
SIM3
SIM4
1
21
22
SIM5
SIM1
SIM2
SIM3
SIM4
1
21
22
SIM5
SIM1
SIM2
SIM3
SIM4
1
21
22
SIM5
SIM1
SIM2
SIM3
SIM4
1
21
22
SIM5
SIM1
SIM2
SIM3
SIM4
1
21
22
SIM5
SIM1
SIM2
SIM3
SIM4
1
21
22
SIM5
SIM1
SIM2
SIM3
SIM4
1
21
22
SIM5
SIM1
SIM2
SIM3
SIM4
1
21
22
SIM5
SIM1
SIM2
SIM3
SIM4
1
21
22
SIM5
SIM1
SIM2
SIM3
SIM4
1
21
22
SIM5
SIM1
SIM2
SIM3
SIM4
1
21
22
SIM5
SIM1
SIM2
SIM3
SIM4
1
21
22
SIM5
SIM1
SIM2
SIM3
SIM4
1
21
22
SIM5
SIM1
SIM2
SIM3
SIM4
1
21
22
SIM5
SIM1
SIM2
SIM3
SIM4
1
21
22
SIM5
SIM1
SIM2
SIM3
SIM4
1
21
22
SIM5
SIM1
SIM2
SIM3
SIM4
1
21
22
SIM5
SIM1
SIM2
SIM3
SIM4
1
21
22
SIM5
SIM1
SIM2
SIM3
SIM4
1
21
22
SIM5
SIM1
SIM2
SIM3
SIM4
1
21
22
SIM5
SIM1
SIM2
SIM3
SIM4
1
21
22
SIM5
SIM1
SIM2
SIM3
SIM4
1
21
22
SIM5
SIM1
SIM2
SIM3
SIM4
1
21
22
SIM5
SIM1
SIM2
SIM3
SIM4
1
21
22
SIM5
SIM1
SIM2
SIM3
SIM4
1
21
22
SIM5
SIM1
SIM2
SIM3
SIM4
1
21
22
SIM5
SIM1
SIM2
SIM3
SIM4
1
21
22
SIM5
SIM1
SIM2
SIM3
SIM4
1
21
22
SIM5
SIM1
SIM2
SIM3
SIM4
1
21
22
SIM5
SIM1
SIM2
SIM3
SIM4
1
21
22
SIM5
SIM1
SIM2
SIM3
SIM4
1
21
22
SIM5
SIM1
SIM2
SIM3
SIM4
1
21
22
SIM5
SIM1
SIM2
SIM3
SIM4
1
21
22
SIM5
SIM1
SIM2
SIM3
SIM4
1
21
22
SIM5
SIM1
SIM2
SIM3
SIM4
1
21
22
SIM5
SIM1
SIM2
SIM3
SIM4
1
21
22
SIM5
SIM1
SIM2
SIM3
SIM4
1
21
22
SIM5
SIM1
SIM2
SIM3
SIM4
1
21
22
SIM5
SIM1
SIM2
SIM3
SIM4
1
21
22
SIM5
SIM1
SIM2
SIM3
SIM4
1
21
22
SIM5
SIM1
SIM2
SIM3
SIM4
1
21
22
SIM5
SIM1
SIM2
SIM3
SIM4
1
21
22
SIM5
SIM1
SIM2
SIM3
SIM4
1
21
22
SIM5
SIM1
SIM2
SIM3
SIM4
1
21
22
SIM5
SIM1
SIM2
SIM3
SIM4
1
21
22
SIM5
SIM1
SIM2
SIM3
SIM4
1
21
22
SIM5
SIM1
SIM2
SIM3
SIM4
1
21
22
SIM5
SIM1
SIM2
SIM3
SIM4
1
21
22
SIM5
SIM1
SIM2
SIM3
SIM4
1
21
22
SIM5
SIM1
SIM2
SIM3
SIM4
1
21
22
SIM5
SIM1
SIM2
SIM3
SIM4
1
21
22
SIM5
SIM1
SIM2
SIM3
SIM4
1
21
22
SIM5
SIM1
SIM2
SIM3
SIM4
1
21
22
SIM5
SIM1
SIM2
SIM3
SIM4
1
21
22
SIM5
SIM1
SIM2
SIM3
SIM4
1
21
22
SIM5
SIM1
SIM2
SIM3
SIM4
1
21
22
SIM5
SIM1
SIM2
SIM3
SIM4
1
21
22
SIM5
SIM1
SIM2
SIM3
SIM4
1
21
22
SIM5
SIM1
SIM2
SIM3
SIM4
1
21
22
SIM5
SIM1
SIM2
SIM3
SIM4
1
21
22
SIM5
SIM1
SIM2
SIM3
SIM4
1
21
22
SIM5
SIM1
SIM2
SIM3
SIM4
1
21
22
SIM5
SIM1
SIM2
SIM3
SIM4
1
21
22
SIM5
SIM1
SIM2
SIM3
SIM4
1
21
22
SIM5
SIM1
SIM2
SIM3
SIM4
1
21
22
SIM5
SIM1
SIM2
SIM3
SIM4
1
21
22
SIM5
SIM1
SIM2
SIM3
SIM4
1
21
22
SIM5
SIM1
SIM2
SIM3
SIM4
1
21
22
SIM5
SIM1
SIM2
SIM3
SIM4
1
21
22
SIM5
SIM1
SIM2
SIM3
SIM4
1
21
22
SIM5
SIM1
SIM2
SIM3
SIM4
1
21
22
SIM5
SIM1
SIM2
SIM3
SIM4
1
21
22
SIM5
SIM1
SIM2
SIM3
SIM4
1
21
22
SIM5
SIM1
SIM2
SIM3
SIM4
1
21
22
SIM5
SIM1
SIM2
SIM3
SIM4
1
21
22
SIM5
SIM1
SIM2
SIM3
SIM4
1
21
22
SIM5
SIM1
SIM2
SIM3
SIM4
1
21
22
SIM5
SIM1
SIM2
SIM3
SIM4
1
21
22
SIM5
SIM1
SIM2
SIM3
SIM4
1
21
22
SIM5
SIM1
SIM2
SIM3
SIM4
1
21
22
SIM5
SIM1
SIM2
SIM3
SIM4
1
21
22
SIM5
SIM1
SIM2
SIM3
SIM4
1
21
22
SIM5
SIM1
SIM2
SIM3
SIM4
1
21
22
SIM5
SIM1
SIM2
SIM3
SIM4
1
21
22
SIM5
SIM1
SIM2
SIM3
SIM4
1
21
22
SIM5
SIM1
SIM2
SIM3
SIM4
1
21
22
SIM5
SIM1
SIM2
SIM3
SIM4
1
21
22
SIM5
SIM1
SIM2
SIM3
SIM4
1
21
22
SIM5
SIM1
SIM2
SIM3
SIM4
1
21
22
SIM5
SIM1
SIM2
SIM3
SIM4
1
21
22
SIM5
SIM1
SIM2
SIM3
SIM4
1
21
22
SIM5
SIM1
SIM2
SIM3
SIM4
1
21
22
SIM5
SIM1
SIM2
SIM3
SIM4
1
21
22
SIM5
SIM1
SIM2
SIM3
SIM4
1
21
22
SIM5
SIM1
SIM2
SIM3
SIM4
1
21
22
SIM5
SIM1
SIM2
SIM3
SIM4
1
21
22
SIM5
SIM1
SIM2
SIM3
SIM4
1
21
22
SIM5
SIM1
SIM2
SIM3
SIM4
1
21
22
SIM5
SIM1
SIM2
SIM3
SIM4
1
21
22
SIM5
SIM1
SIM2
SIM3
SIM4
1
21
22
SIM5
SIM1
SIM2
SIM3
SIM4
1
21
22
SIM5
SIM1
SIM2
SIM3
SIM4
1
21
22
SIM5
SIM1
SIM2
SIM3
SIM4
1
21
22
SIM5
SIM1
SIM2
SIM3
SIM4
1
21
22
SIM5
SIM1
SIM2
SIM3
SIM4
1
21
22
SIM5
SIM1
SIM2
SIM3
SIM4
1
21
22
SIM5
SIM1
SIM2
SIM3
SIM4
1
21
22
SIM5
SIM1
SIM2
SIM3
SIM4
1
21
22
SIM5
SIM1
SIM2
SIM3
SIM4
1
21
22
SIM5
SIM1
SIM2
SIM3
SIM4
1
21
22
SIM5
SIM1
SIM2
SIM3
SIM4
1
21
22
SIM5
SIM1
SIM2
SIM3
SIM4
1
21
22
SIM5
SIM1
SIM2
SIM3
SIM4
1
21
22
SIM5
SIM1
SIM2
SIM3
SIM4
1
21
22
SIM5
SIM1
SIM2
SIM3
SIM4
1
21
22
SIM5
SIM1
SIM2
SIM3
SIM4
1
21
22
SIM5
SIM1
SIM2
SIM3
SIM4
1
21
22
SIM5
SIM1
SIM2
SIM3
SIM4
1
21
22
SIM5
SIM1
SIM2
SIM3
SIM4
1
21
22
SIM5
SIM1
SIM2
SIM3
SIM4
1
21
22
SIM5
SIM1
SIM2
SIM3
SIM4
1
21
22
SIM5
SIM1
SIM2
SIM3
SIM4
1
21
22
SIM5
SIM1
SIM2
SIM3
SIM4
1
21
22
SIM5
SIM1
SIM2
SIM3
SIM4
1
21
22
SIM5
SIM1
SIM2
SIM3
SIM4
1
21
22
SIM5
SIM1
SIM2
SIM3
SIM4
1
21
22
SIM5
SIM1
SIM2
SIM3
SIM4
1
21
22
SIM5
SIM1
SIM2
SIM3
SIM4
1
21
22
SIM5
SIM1
SIM2
SIM3
SIM4
1
21
22
SIM5
SIM1
SIM2
SIM3
SIM4
1
21
22
SIM5
SIM1
SIM2
SIM3
SIM4
1
21
22
SIM5
SIM1
SIM2
SIM3
SIM4
1
21
22
SIM5
SIM1
SIM2
SIM3
SIM4
1
21
22
SIM5
SIM1
SIM2
SIM3
SIM4
1
21
22
SIM5
SIM1
SIM2
SIM3
SIM4
1
21
22
SIM5
SIM1
SIM2
SIM3
SIM4
1
21
22
SIM5
SIM1
SIM2
SIM3
SIM4
1
21
22
SIM5
SIM1
SIM2
SIM3
SIM4
1
21
22
SIM5
SIM1
SIM2
SIM3
SIM4
1
21
22
SIM5
SIM1
SIM2
SIM3
SIM4
1
21
22
SIM5
SIM1
SIM2
SIM3
SIM4
1
21
22
SIM5
SIM1
SIM2
SIM3
SIM4
1
21
22
SIM5
SIM1
SIM2
DEBUG 1 682
SIM1
SIM2
SIM3
SIM4
1
21
22
SIM5
SIM1
SIM2
SIM3
SIM4
1
21
22
SIM5
SIM1
SIM2
SIM3
SIM4
1
21
22
SIM5
SIM1
SIM2
SIM3
SIM4
1
21
22
SIM5
SIM1
SIM2
SIM3
SIM4
1
21
22
SIM5
SIM1
SIM2
SIM3
SIM4
1
21
22
SIM5
SIM1
SIM2
SIM3
SIM4
1
21
22
SIM5
SIM1
SIM2
SIM3
SIM4
1
21
22
SIM5
SIM1
SIM2
SIM3
SIM4
1
21
22
SIM5
SIM1
SIM2
SIM3
SIM4
1
21
22
SIM5
SIM1
SIM2
SIM3
SIM4
1
21
22
SIM5
SIM1
SIM2
SIM3
SIM4
1
21
22
SIM5
SIM1
SIM2
SIM3
SIM4
1
21
22
SIM5
SIM1
SIM2
SIM3
SIM4
1
21
22
SIM5
SIM1
SIM2
SIM3
SIM4
1
21
22
SIM5
SIM1
SIM2
SIM3
SIM4
1
21
22
SIM5
SIM1
SIM2
SIM3
SIM4
1
21
22
SIM5
SIM1
SIM2
SIM3
SIM4
1
21
22
SIM5
SIM1
SIM2
SIM3
SIM4
1
21
22
SIM5
SIM1
SIM2
SIM3
SIM4
1
21
22
SIM5
SIM1
SIM2
SIM3
SIM4
1
21
22
SIM5
SIM1
SIM2
SIM3
SIM4
1
21
22
SIM5
SIM1
SIM2
SIM3
SIM4
1
21
22
SIM5
SIM1
SIM2
SIM3
SIM4
1
21
22
SIM5
SIM1
SIM2
SIM3
SIM4
1
21
22
SIM5
SIM1
SIM2
SIM3
SIM4
1
21
22
SIM5
SIM1
SIM2
SIM3
SIM4
1
21
22
SIM5
SIM1
SIM2
SIM3
SIM4
1
21
22
SIM5
SIM1
SIM2
SIM3
SIM4
1
21
22
SIM5
SIM1
SIM2
SIM3
SIM4
1
21
22
SIM5
SIM1
SIM2
SIM3
SIM4
1
21
22
SIM5
SIM1
SIM2
SIM3
SIM4
1
21
22
SIM5
SIM1
SIM2
SIM3
SIM4
1
21
22
SIM5
SIM1
SIM2
SIM3
SIM4
1
21
22
SIM5
SIM1
SIM2
SIM3
SIM4
1
21
22
SIM5
SIM1
SIM2
SIM3
SIM4
1
21
22
SIM5
SIM1
SIM2
SIM3
SIM4
1
21
22
SIM5
SIM1
SIM2
SIM3
SIM4
1
21
22
SIM5
SIM1
SIM2
SIM3
SIM4
1
21
22
SIM5
SIM1
SIM2
SIM3
SIM4
1
21
22
SIM5
SIM1
SIM2
SIM3
SIM4
1
21
22
SIM5
SIM1
SIM2
SIM3
SIM4
1
21
22
SIM5
SIM1
SIM2
SIM3
SIM4
1
21
22
SIM5
SIM1
SIM2
SIM3
SIM4
1
21
22
SIM5
SIM1
SIM2
SIM3
SIM4
1
21
22
SIM5
SIM1
SIM2
SIM3
SIM4
1
21
22
SIM5
SIM1
SIM2
SIM3
SIM4
1
21
22
SIM5
SIM1
SIM2
SIM3
SIM4
1
21
22
SIM5
SIM1
SIM2
SIM3
SIM4
1
21
22
SIM5
SIM1
SIM2
SIM3
SIM4
1
21
22
SIM5
SIM1
SIM2
SIM3
SIM4
1
21
22
SIM5
SIM1
SIM2
SIM3
SIM4
1
21
22
SIM5
SIM1
SIM2
SIM3
SIM4
1
21
22
SIM5
SIM1
SIM2
SIM3
SIM4
1
21
22
SIM5
SIM1
SIM2
SIM3
SIM4
1
21
22
SIM5
SIM1
SIM2
SIM3
SIM4
1
21
22
SIM5
SIM1
SIM2
SIM3
SIM4
1
21
22
SIM5
SIM1
SIM2
SIM3
SIM4
1
21
22
SIM5
SIM1
SIM2
SIM3
SIM4
1
21
22
SIM5
SIM1
SIM2
SIM3
SIM4
1
21
22
SIM5
SIM1
SIM2
SIM3
SIM4
1
21
22
SIM5
SIM1
SIM2
SIM3
SIM4
1
21
22
SIM5
SIM1
SIM2
SIM3
SIM4
1
21
22
SIM5
SIM1
SIM2
SIM3
SIM4
1
21
22
SIM5
SIM1
SIM2
SIM3
SIM4
1
21
22
SIM5
SIM1
SIM2
SIM3
SIM4
1
21
22
SIM5
SIM1
SIM2
SIM3
SIM4
1
21
22
SIM5
SIM1
SIM2
SIM3
SIM4
1
21
22
SIM5
SIM1
SIM2
SIM3
SIM4
1
21
22
SIM5
SIM1
SIM2
SIM3
SIM4
1
21
22
SIM5
SIM1
SIM2
SIM3
SIM4
1
21
22
SIM5
SIM1
SIM2
SIM3
SIM4
1
21
22
SIM5
SIM1
SIM2
SIM3
SIM4
1
21
22
SIM5
SIM1
SIM2
SIM3
SIM4
1
21
22
SIM5
SIM1
SIM2
SIM3
SIM4
1
21
22
SIM5
SIM1
SIM2
SIM3
SIM4
1
21
22
SIM5
SIM1
SIM2
SIM3
SIM4
1
21
22
SIM5
SIM1
SIM2
SIM3
SIM4
1
21
22
SIM5
SIM1
SIM2
SIM3
SIM4
1
21
22
SIM5
SIM1
SIM2
SIM3
SIM4
1
21
22
SIM5
SIM1
SIM2
SIM3
SIM4
1
21
22
SIM5
SIM1
SIM2
SIM3
SIM4
1
21
22
SIM5
SIM1
SIM2
SIM3
SIM4
1
21
22
SIM5
SIM1
SIM2
SIM3
SIM4
1
21
22
SIM5
SIM1
SIM2
SIM3
SIM4
1
21
22
SIM5
SIM1
SIM2
SIM3
SIM4
1
21
22
SIM5
SIM1
SIM2
SIM3
SIM4
1
21
22
SIM5
SIM1
SIM2
SIM3
SIM4
1
21
22
SIM5
SIM1
SIM2
SIM3
SIM4
1
21
22
SIM5
SIM1
SIM2
SIM3
SIM4
1
21
22
SIM5
SIM1
SIM2
SIM3
SIM4
1
21
22
SIM5
SIM1
SIM2
SIM3
SIM4
1
21
22
SIM5
SIM1
SIM2
SIM3
SIM4
1
21
22
SIM5
SIM1
SIM2
SIM3
SIM4
1
21
22
SIM5
SIM1
SIM2
SIM3
SIM4
1
21
22
SIM5
SIM1
SIM2
SIM3
SIM4
1
21
22
SIM5
SIM1
SIM2
SIM3
SIM4
1
21
22
SIM5
SIM1
SIM2
SIM3
SIM4
1
21
22
SIM5
SIM1
SIM2
SIM3
SIM4
1
21
22
SIM5
SIM1
SIM2
SIM3
SIM4
1
21
22
SIM5
SIM1
SIM2
SIM3
SIM4
1
21
22
SIM5
SIM1
SIM2
SIM3
SIM4
1
21
22
SIM5
SIM1
SIM2
SIM3
SIM4
1
21
22
SIM5
SIM1
SIM2
SIM3
SIM4
1
21
22
SIM5
SIM1
SIM2
SIM3
SIM4
1
21
22
SIM5
SIM1
SIM2
SIM3
SIM4
1
21
22
SIM5
SIM1
SIM2
SIM3
SIM4
1
21
22
SIM5
SIM1
SIM2
SIM3
SIM4
1
21
22
SIM5
SIM1
SIM2
SIM3
SIM4
1
21
22
SIM5
SIM1
SIM2
SIM3
SIM4
1
21
22
SIM5
SIM1
SIM2
SIM3
SIM4
1
21
22
SIM5
SIM1
SIM2
SIM3
SIM4
1
21
22
SIM5
SIM1
SIM2
SIM3
SIM4
1
21
22
SIM5
SIM1
SIM2
SIM3
SIM4
1
21
22
SIM5
SIM1
SIM2
SIM3
SIM4
1
21
22
SIM5
SIM1
SIM2
SIM3
SIM4
1
21
22
SIM5
SIM1
SIM2
SIM3
SIM4
1
21
22
SIM5
SIM1
SIM2
SIM3
SIM4
1
21
22
SIM5
SIM1
SIM2
SIM3
SIM4
1
21
22
SIM5
SIM1
SIM2
SIM3
SIM4
1
21
22
SIM5
SIM1
SIM2
SIM3
SIM4
1
21
22
SIM5
SIM1
SIM2
SIM3
SIM4
1
21
22
SIM5
SIM1
SIM2
SIM3
SIM4
1
21
22
SIM5
SIM1
SIM2
SIM3
SIM4
1
21
22
SIM5
SIM1
SIM2
SIM3
SIM4
1
21
22
SIM5
SIM1
SIM2
SIM3
SIM4
1
21
22
SIM5
SIM1
SIM2
SIM3
SIM4
1
21
22
SIM5
SIM1
SIM2
SIM3
SIM4
1
21
22
SIM5
SIM1
SIM2
SIM3
SIM4
1
21
22
SIM5
SIM1
SIM2
SIM3
SIM4
1
21
22
SIM5
SIM1
SIM2
SIM3
SIM4
1
21
22
SIM5
SIM1
SIM2
SIM3
SIM4
1
21
22
SIM5
SIM1
SIM2
SIM3
SIM4
1
21
22
SIM5
SIM1
SIM2
SIM3
SIM4
1
21
22
SIM5
SIM1
SIM2
SIM3
SIM4
1
21
22
SIM5
SIM1
SIM2
SIM3
SIM4
1
21
22
SIM5
SIM1
SIM2
SIM3
SIM4
1
21
22
SIM5
SIM1
SIM2
SIM3
SIM4
1
21
22
SIM5
SIM1
SIM2
SIM3
SIM4
1
21
22
SIM5
SIM1
SIM2
SIM3
SIM4
1
21
22
SIM5
SIM1
SIM2
SIM3
SIM4
1
21
22
SIM5
SIM1
SIM2
SIM3
SIM4
1
21
22
SIM5
SIM1
SIM2
SIM3
SIM4
1
21
22
SIM5
SIM1
SIM2
SIM3
SIM4
1
21
22
SIM5
SIM1
SIM2
SIM3
SIM4
1
21
22
SIM5
SIM1
SIM2
SIM3
SIM4
1
21
22
SIM5
SIM1
SIM2
SIM3
SIM4
1
21
22
SIM5
SIM1
SIM2
SIM3
SIM4
1
21
22
SIM5
SIM1
SIM2
SIM3
SIM4
1
21
22
SIM5
SIM1
SIM2
SIM3
SIM4
1
21
22
SIM5
SIM1
SIM2
SIM3
SIM4
1
21
22
SIM5
SIM1
SIM2
SIM3
SIM4
1
21
22
SIM5
SIM1
SIM2
SIM3
SIM4
1
21
22
SIM5
SIM1
SIM2
SIM3
SIM4
1
21
22
SIM5
SIM1
SIM2
SIM3
SIM4
1
21
22
SIM5
SIM1
SIM2
SIM3
SIM4
1
21
22
SIM5
SIM1
SIM2
SIM3
SIM4
1
21
22
SIM5
SIM1
SIM2
SIM3
SIM4
1
21
22
SIM5
SIM1
SIM2
SIM3
SIM4
1
21
22
SIM5
SIM1
SIM2
SIM3
SIM4
1
21
22
SIM5
SIM1
SIM2
SIM3
SIM4
1
21
22
SIM5
SIM1
SIM2
SIM3
SIM4
1
21
22
SIM5
SIM1
SIM2
SIM3
SIM4
1
21
22
SIM5
SIM1
SIM2
SIM3
SIM4
1
21
22
SIM5
SIM1
SIM2
SIM3
SIM4
1
21
22
SIM5
SIM1
SIM2
SIM3
SIM4
1
21
22
SIM5
SIM1
SIM2
SIM3
SIM4
1
21
22
SIM5
SIM1
SIM2
SIM3
SIM4
1
21
22
SIM5
SIM1
SIM2
SIM3
SIM4
1
21
22
SIM5
SIM1
SIM2
SIM3
SIM4
1
21
22
SIM5
SIM1
SIM2
SIM3
SIM4
1
21
22
SIM5
SIM1
SIM2
SIM3
SIM4
1
21
22
SIM5
SIM1
SIM2
SIM3
SIM4
1
21
22
SIM5
SIM1
SIM2
SIM3
SIM4
1
21
22
SIM5
SIM1
SIM2
SIM3
SIM4
1
21
22
SIM5
SIM1
SIM2
SIM3
SIM4
1
21
22
SIM5
SIM1
SIM2
SIM3
SIM4
1
21
22
SIM5
SIM1
SIM2
SIM3
SIM4
1
21
22
SIM5
SIM1
SIM2
SIM3
SIM4
1
21
22
SIM5
SIM1
SIM2
SIM3
SIM4
1
21
22
SIM5
SIM1
SIM2
SIM3
SIM4
1
21
22
SIM5
SIM1
SIM2
SIM3
SIM4
1
21
22
SIM5
SIM1
SIM2
SIM3
SIM4
1
21
22
SIM5
SIM1
SIM2
SIM3
SIM4
1
21
22
SIM5
SIM1
SIM2
SIM3
SIM4
1
21
22
SIM5
SIM1
SIM2
SIM3
SIM4
1
21
22
SIM5
SIM1
SIM2
SIM3
SIM4
1
21
22
SIM5
SIM1
SIM2
SIM3
SIM4
1
21
22
SIM5
SIM1
SIM2
SIM3
SIM4
1
21
22
SIM5
SIM1
SIM2
SIM3
SIM4
1
21
22
SIM5
SIM1
SIM2
SIM3
SIM4
1
21
22
SIM5
SIM1
SIM2
SIM3
SIM4
1
21
22
SIM5
SIM1
SIM2
SIM3
SIM4
1
21
22
SIM5
SIM1
SIM2
SIM3
SIM4
1
21
22
SIM5
SIM1
SIM2
SIM3
SIM4
1
21
22
SIM5
SIM1
SIM2
SIM3
SIM4
1
21
22
SIM5
SIM1
SIM2
SIM3
SIM4
1
21
22
SIM5
SIM1
SIM2
SIM3
SIM4
1
21
22
SIM5
SIM1
SIM2
SIM3
SIM4
1
21
22
SIM5
SIM1
SIM2
SIM3
SIM4
1
21
22
SIM5
SIM1
SIM2
SIM3
SIM4
1
21
22
SIM5
SIM1
SIM2
SIM3
SIM4
1
21
22
SIM5
SIM1
SIM2
SIM3
SIM4
1
21
22
SIM5
SIM1
SIM2
SIM3
SIM4
1
21
22
SIM5
SIM1
SIM2
SIM3
SIM4
1
21
22
SIM5
SIM1
SIM2
SIM3
SIM4
1
21
22
SIM5
SIM1
SIM2
SIM3
SIM4
1
21
22
SIM5
SIM1
SIM2
SIM3
SIM4
1
21
22
SIM5
SIM1
SIM2
SIM3
SIM4
1
21
22
SIM5
SIM1
SIM2
SIM3
SIM4
1
21
22
SIM5
SIM1
SIM2
SIM3
SIM4
1
21
22
SIM5
SIM1
SIM2
SIM3
SIM4
1
21
22
SIM5
SIM1
SIM2
SIM3
SIM4
1
21
22
SIM5
SIM1
SIM2
SIM3
SIM4
1
21
22
SIM5
SIM1
SIM2
SIM3
SIM4
1
21
22
SIM5
SIM1
SIM2
SIM3
SIM4
1
21
22
SIM5
SIM1
SIM2
SIM3
SIM4
1
21
22
SIM5
SIM1
SIM2
SIM3
SIM4
1
21
22
SIM5
SIM1
SIM2
SIM3
SIM4
1
21
22
SIM5
SIM1
SIM2
SIM3
SIM4
1
21
22
SIM5
SIM1
SIM2
SIM3
SIM4
1
21
22
SIM5
SIM1
SIM2
SIM3
SIM4
1
21
22
SIM5
SIM1
SIM2
SIM3
SIM4
1
21
22
SIM5
SIM1
SIM2
SIM3
SIM4
1
21
22
SIM5
SIM1
SIM2
SIM3
SIM4
1
21
22
SIM5
SIM1
SIM2
SIM3
SIM4
1
21
22
SIM5
SIM1
SIM2
SIM3
SIM4
1
21
22
SIM5
SIM1
SIM2
SIM3
SIM4
1
21
22
SIM5
SIM1
SIM2
SIM3
SIM4
1
21
22
SIM5
SIM1
SIM2
DEBUG 1 683
SIM1
SIM2
SIM3
SIM4
1
21
22
SIM5
SIM1
SIM2
SIM3
SIM4
1
21
22
SIM5
SIM1
SIM2
SIM3
SIM4
1
21
22
SIM5
SIM1
SIM2
SIM3
SIM4
1
21
22
SIM5
SIM1
SIM2
SIM3
SIM4
1
21
22
SIM5
SIM1
SIM2
SIM3
SIM4
1
21
22
SIM5
SIM1
SIM2
SIM3
SIM4
1
21
22
SIM5
SIM1
SIM2
SIM3
SIM4
1
21
22
SIM5
SIM1
SIM2
SIM3
SIM4
1
21
22
SIM5
SIM1
SIM2
SIM3
SIM4
1
21
22
SIM5
SIM1
SIM2
SIM3
SIM4
1
21
22
SIM5
SIM1
SIM2
SIM3
SIM4
1
21
22
SIM5
SIM1
SIM2
SIM3
SIM4
1
21
22
SIM5
SIM1
SIM2
SIM3
SIM4
1
21
22
SIM5
SIM1
SIM2
SIM3
SIM4
1
21
22
SIM5
SIM1
SIM2
SIM3
SIM4
1
21
22
SIM5
SIM1
SIM2
SIM3
SIM4
1
21
22
SIM5
SIM1
SIM2
SIM3
SIM4
1
21
22
SIM5
SIM1
SIM2
SIM3
SIM4
1
21
22
SIM5
SIM1
SIM2
SIM3
SIM4
1
21
22
SIM5
SIM1
SIM2
SIM3
SIM4
1
21
22
SIM5
SIM1
SIM2
SIM3
SIM4
1
21
22
SIM5
SIM1
SIM2
SIM3
SIM4
1
21
22
SIM5
SIM1
SIM2
SIM3
SIM4
1
21
22
SIM5
SIM1
SIM2
SIM3
SIM4
1
21
22
SIM5
SIM1
SIM2
SIM3
SIM4
1
21
22
SIM5
SIM1
SIM2
SIM3
SIM4
1
21
22
SIM5
SIM1
SIM2
SIM3
SIM4
1
21
22
SIM5
SIM1
SIM2
SIM3
SIM4
1
21
22
SIM5
SIM1
SIM2
SIM3
SIM4
1
21
22
SIM5
SIM1
SIM2
SIM3
SIM4
1
21
22
SIM5
SIM1
SIM2
SIM3
SIM4
1
21
22
SIM5
SIM1
SIM2
SIM3
SIM4
1
21
22
SIM5
SIM1
SIM2
SIM3
SIM4
1
21
22
SIM5
SIM1
SIM2
SIM3
SIM4
1
21
22
SIM5
SIM1
SIM2
SIM3
SIM4
1
21
22
SIM5
SIM1
SIM2
SIM3
SIM4
1
21
22
SIM5
SIM1
SIM2
SIM3
SIM4
1
21
22
SIM5
SIM1
SIM2
SIM3
SIM4
1
21
22
SIM5
SIM1
SIM2
SIM3
SIM4
1
21
22
SIM5
SIM1
SIM2
SIM3
SIM4
1
21
22
SIM5
SIM1
SIM2
SIM3
SIM4
1
21
22
SIM5
SIM1
SIM2
SIM3
SIM4
1
21
22
SIM5
SIM1
SIM2
SIM3
SIM4
1
21
22
SIM5
SIM1
SIM2
SIM3
SIM4
1
21
22
SIM5
SIM1
SIM2
SIM3
SIM4
1
21
22
SIM5
SIM1
SIM2
SIM3
SIM4
1
21
22
SIM5
SIM1
SIM2
SIM3
SIM4
1
21
22
SIM5
SIM1
SIM2
SIM3
SIM4
1
21
22
SIM5
SIM1
SIM2
SIM3
SIM4
1
21
22
SIM5
SIM1
SIM2
SIM3
SIM4
1
21
22
SIM5
SIM1
SIM2
SIM3
SIM4
1
21
22
SIM5
SIM1
SIM2
SIM3
SIM4
1
21
22
SIM5
SIM1
SIM2
SIM3
SIM4
1
21
22
SIM5
SIM1
SIM2
SIM3
SIM4
1
21
22
SIM5
SIM1
SIM2
SIM3
SIM4
1
21
22
SIM5
SIM1
SIM2
SIM3
SIM4
1
21
22
SIM5
SIM1
SIM2
SIM3
SIM4
1
21
22
SIM5
SIM1
SIM2
SIM3
SIM4
1
21
22
SIM5
SIM1
SIM2
SIM3
SIM4
1
21
22
SIM5
SIM1
SIM2
SIM3
SIM4
1
21
22
SIM5
SIM1
SIM2
SIM3
SIM4
1
21
22
SIM5
SIM1
SIM2
SIM3
SIM4
1
21
22
SIM5
SIM1
SIM2
SIM3
SIM4
1
21
22
SIM5
SIM1
SIM2
SIM3
SIM4
1
21
22
SIM5
SIM1
SIM2
SIM3
SIM4
1
21
22
SIM5
SIM1
SIM2
SIM3
SIM4
1
21
22
SIM5
SIM1
SIM2
SIM3
SIM4
1
21
22
SIM5
SIM1
SIM2
SIM3
SIM4
1
21
22
SIM5
SIM1
SIM2
SIM3
SIM4
1
21
22
SIM5
SIM1
SIM2
SIM3
SIM4
1
21
22
SIM5
SIM1
SIM2
SIM3
SIM4
1
21
22
SIM5
SIM1
SIM2
SIM3
SIM4
1
21
22
SIM5
SIM1
SIM2
SIM3
SIM4
1
21
22
SIM5
SIM1
SIM2
SIM3
SIM4
1
21
22
SIM5
SIM1
SIM2
SIM3
SIM4
1
21
22
SIM5
SIM1
SIM2
SIM3
SIM4
1
21
22
SIM5
SIM1
SIM2
SIM3
SIM4
1
21
22
SIM5
SIM1
SIM2
SIM3
SIM4
1
21
22
SIM5
SIM1
SIM2
SIM3
SIM4
1
21
22
SIM5
SIM1
SIM2
SIM3
SIM4
1
21
22
SIM5
SIM1
SIM2
SIM3
SIM4
1
21
22
SIM5
SIM1
SIM2
SIM3
SIM4
1
21
22
SIM5
SIM1
SIM2
SIM3
SIM4
1
21
22
SIM5
SIM1
SIM2
SIM3
SIM4
1
21
22
SIM5
SIM1
SIM2
SIM3
SIM4
1
21
22
SIM5
SIM1
SIM2
SIM3
SIM4
1
21
22
SIM5
SIM1
SIM2
SIM3
SIM4
1
21
22
SIM5
SIM1
SIM2
SIM3
SIM4
1
21
22
SIM5
SIM1
SIM2
SIM3
SIM4
1
21
22
SIM5
SIM1
SIM2
SIM3
SIM4
1
21
22
SIM5
SIM1
SIM2
SIM3
SIM4
1
21
22
SIM5
SIM1
SIM2
SIM3
SIM4
1
21
22
SIM5
SIM1
SIM2
SIM3
SIM4
1
21
22
SIM5
SIM1
SIM2
SIM3
SIM4
1
21
22
SIM5
SIM1
SIM2
SIM3
SIM4
1
21
22
SIM5
SIM1
SIM2
SIM3
SIM4
1
21
22
SIM5
SIM1
SIM2
SIM3
SIM4
1
21
22
SIM5
SIM1
SIM2
SIM3
SIM4
1
21
22
SIM5
SIM1
SIM2
SIM3
SIM4
1
21
22
SIM5
SIM1
SIM2
SIM3
SIM4
1
21
22
SIM5
SIM1
SIM2
SIM3
SIM4
1
21
22
SIM5
SIM1
SIM2
SIM3
SIM4
1
21
22
SIM5
SIM1
SIM2
SIM3
SIM4
1
21
22
SIM5
SIM1
SIM2
SIM3
SIM4
1
21
22
SIM5
SIM1
SIM2
SIM3
SIM4
1
21
22
SIM5
SIM1
SIM2
SIM3
SIM4
1
21
22
SIM5
SIM1
SIM2
SIM3
SIM4
1
21
22
SIM5
SIM1
SIM2
SIM3
SIM4
1
21
22
SIM5
SIM1
SIM2
SIM3
SIM4
1
21
22
SIM5
SIM1
SIM2
SIM3
SIM4
1
21
22
SIM5
SIM1
SIM2
SIM3
SIM4
1
21
22
SIM5
SIM1
SIM2
SIM3
SIM4
1
21
22
SIM5
SIM1
SIM2
SIM3
SIM4
1
21
22
SIM5
SIM1
SIM2
SIM3
SIM4
1
21
22
SIM5
SIM1
SIM2
SIM3
SIM4
1
21
22
SIM5
SIM1
SIM2
SIM3
SIM4
1
21
22
SIM5
SIM1
SIM2
SIM3
SIM4
1
21
22
SIM5
SIM1
SIM2
SIM3
SIM4
1
21
22
SIM5
SIM1
SIM2
SIM3
SIM4
1
21
22
SIM5
SIM1
SIM2
SIM3
SIM4
1
21
22
SIM5
SIM1
SIM2
SIM3
SIM4
1
21
22
SIM5
SIM1
SIM2
SIM3
SIM4
1
21
22
SIM5
SIM1
SIM2
SIM3
SIM4
1
21
22
SIM5
SIM1
SIM2
SIM3
SIM4
1
21
22
SIM5
SIM1
SIM2
SIM3
SIM4
1
21
22
SIM5
SIM1
SIM2
SIM3
SIM4
1
21
22
SIM5
SIM1
SIM2
SIM3
SIM4
1
21
22
SIM5
SIM1
SIM2
DEBUG 1 684
SIM1
SIM2
SIM3
SIM4
1
21
22
SIM5
SIM1
SIM2
SIM3
SIM4
1
21
22
SIM5
SIM1
SIM2
SIM3
SIM4
1
21
22
SIM5
SIM1
SIM2
SIM3
SIM4
1
21
22
SIM5
SIM1
SIM2
SIM3
SIM4
1
21
22
SIM5
SIM1
SIM2
SIM3
SIM4
1
21
22
SIM5
SIM1
SIM2
SIM3
SIM4
1
21
22
SIM5
SIM1
SIM2
SIM3
SIM4
1
21
22
SIM5
SIM1
SIM2
SIM3
SIM4
1
21
22
SIM5
SIM1
SIM2
SIM3
SIM4
1
21
22
SIM5
SIM1
SIM2
SIM3
SIM4
1
21
22
SIM5
SIM1
SIM2
SIM3
SIM4
1
21
22
SIM5
SIM1
SIM2
SIM3
SIM4
1
21
22
SIM5
SIM1
SIM2
SIM3
SIM4
1
21
22
SIM5
SIM1
SIM2
SIM3
SIM4
1
21
22
SIM5
SIM1
SIM2
SIM3
SIM4
1
21
22
SIM5
SIM1
SIM2
SIM3
SIM4
1
21
22
SIM5
SIM1
SIM2
SIM3
SIM4
1
21
22
SIM5
SIM1
SIM2
SIM3
SIM4
1
21
22
SIM5
SIM1
SIM2
SIM3
SIM4
1
21
22
SIM5
SIM1
SIM2
SIM3
SIM4
1
21
22
SIM5
SIM1
SIM2
SIM3
SIM4
1
21
22
SIM5
SIM1
SIM2
SIM3
SIM4
1
21
22
SIM5
SIM1
SIM2
SIM3
SIM4
1
21
22
SIM5
SIM1
SIM2
SIM3
SIM4
1
21
22
SIM5
SIM1
SIM2
SIM3
SIM4
1
21
22
SIM5
SIM1
SIM2
SIM3
SIM4
1
21
22
SIM5
SIM1
SIM2
SIM3
SIM4
1
21
22
SIM5
SIM1
SIM2
SIM3
SIM4
1
21
22
SIM5
SIM1
SIM2
SIM3
SIM4
1
21
22
SIM5
SIM1
SIM2
SIM3
SIM4
1
21
22
SIM5
SIM1
SIM2
SIM3
SIM4
1
21
22
SIM5
SIM1
SIM2
SIM3
SIM4
1
21
22
SIM5
SIM1
SIM2
SIM3
SIM4
1
21
22
SIM5
SIM1
SIM2
SIM3
SIM4
1
21
22
SIM5
SIM1
SIM2
SIM3
SIM4
1
21
22
SIM5
SIM1
SIM2
SIM3
SIM4
1
21
22
SIM5
SIM1
SIM2
SIM3
SIM4
1
21
22
SIM5
SIM1
SIM2
SIM3
SIM4
1
21
22
SIM5
SIM1
SIM2
SIM3
SIM4
1
21
22
SIM5
SIM1
SIM2
SIM3
SIM4
1
21
22
SIM5
SIM1
SIM2
SIM3
SIM4
1
21
22
SIM5
SIM1
SIM2
SIM3
SIM4
1
21
22
SIM5
SIM1
SIM2
SIM3
SIM4
1
21
22
SIM5
SIM1
SIM2
SIM3
SIM4
1
21
22
SIM5
SIM1
SIM2
SIM3
SIM4
1
21
22
SIM5
SIM1
SIM2
SIM3
SIM4
1
21
22
SIM5
SIM1
SIM2
SIM3
SIM4
1
21
22
SIM5
SIM1
SIM2
SIM3
SIM4
1
21
22
SIM5
SIM1
SIM2
SIM3
SIM4
1
21
22
SIM5
SIM1
SIM2
SIM3
SIM4
1
21
22
SIM5
SIM1
SIM2
SIM3
SIM4
1
21
22
SIM5
SIM1
SIM2
SIM3
SIM4
1
21
22
SIM5
SIM1
SIM2
SIM3
SIM4
1
21
22
SIM5
SIM1
SIM2
SIM3
SIM4
1
21
22
SIM5
SIM1
SIM2
SIM3
SIM4
1
21
22
SIM5
SIM1
SIM2
SIM3
SIM4
1
21
22
SIM5
SIM1
SIM2
SIM3
SIM4
1
21
22
SIM5
SIM1
SIM2
SIM3
SIM4
1
21
22
SIM5
SIM1
SIM2
SIM3
SIM4
1
21
22
SIM5
SIM1
SIM2
SIM3
SIM4
1
21
22
SIM5
SIM1
SIM2
SIM3
SIM4
1
21
22
SIM5
SIM1
SIM2
SIM3
SIM4
1
21
22
SIM5
SIM1
SIM2
SIM3
SIM4
1
21
22
SIM5
SIM1
SIM2
SIM3
SIM4
1
21
22
SIM5
SIM1
SIM2
SIM3
SIM4
1
21
22
SIM5
SIM1
SIM2
SIM3
SIM4
1
21
22
SIM5
SIM1
SIM2
SIM3
SIM4
1
21
22
SIM5
SIM1
SIM2
SIM3
SIM4
1
21
22
SIM5
SIM1
SIM2
SIM3
SIM4
1
21
22
SIM5
SIM1
SIM2
SIM3
SIM4
1
21
22
SIM5
SIM1
SIM2
SIM3
SIM4
1
21
22
SIM5
SIM1
SIM2
SIM3
SIM4
1
21
22
SIM5
SIM1
SIM2
SIM3
SIM4
1
21
22
SIM5
SIM1
SIM2
SIM3
SIM4
1
21
22
SIM5
SIM1
SIM2
SIM3
SIM4
1
21
22
SIM5
SIM1
SIM2
SIM3
SIM4
1
21
22
SIM5
SIM1
SIM2
SIM3
SIM4
1
21
22
SIM5
SIM1
SIM2
SIM3
SIM4
1
21
22
SIM5
SIM1
SIM2
SIM3
SIM4
1
21
22
SIM5
SIM1
SIM2
SIM3
SIM4
1
21
22
SIM5
SIM1
SIM2
SIM3
SIM4
1
21
22
SIM5
SIM1
SIM2
SIM3
SIM4
1
21
22
SIM5
SIM1
SIM2
SIM3
SIM4
1
21
22
SIM5
SIM1
SIM2
SIM3
SIM4
1
21
22
SIM5
SIM1
SIM2
SIM3
SIM4
1
21
22
SIM5
SIM1
SIM2
SIM3
SIM4
1
21
22
SIM5
SIM1
SIM2
SIM3
SIM4
1
21
22
SIM5
SIM1
SIM2
SIM3
SIM4
1
21
22
SIM5
SIM1
SIM2
SIM3
SIM4
1
21
22
SIM5
SIM1
SIM2
SIM3
SIM4
1
21
22
SIM5
SIM1
SIM2
SIM3
SIM4
1
21
22
SIM5
SIM1
SIM2
SIM3
SIM4
1
21
22
SIM5
SIM1
SIM2
SIM3
SIM4
1
21
22
SIM5
SIM1
SIM2
SIM3
SIM4
1
21
22
SIM5
SIM1
SIM2
SIM3
SIM4
1
21
22
SIM5
SIM1
SIM2
SIM3
SIM4
1
21
22
SIM5
SIM1
SIM2
SIM3
SIM4
1
21
22
SIM5
SIM1
SIM2
SIM3
SIM4
1
21
22
SIM5
SIM1
SIM2
SIM3
SIM4
1
21
22
SIM5
SIM1
SIM2
SIM3
SIM4
1
21
22
SIM5
SIM1
SIM2
SIM3
SIM4
1
21
22
SIM5
SIM1
SIM2
SIM3
SIM4
1
21
22
SIM5
SIM1
SIM2
SIM3
SIM4
1
21
22
SIM5
SIM1
SIM2
SIM3
SIM4
1
21
22
SIM5
SIM1
SIM2
SIM3
SIM4
1
21
22
SIM5
SIM1
SIM2
SIM3
SIM4
1
21
22
SIM5
SIM1
SIM2
SIM3
SIM4
1
21
22
SIM5
SIM1
SIM2
SIM3
SIM4
1
21
22
SIM5
SIM1
SIM2
SIM3
SIM4
1
21
22
SIM5
SIM1
SIM2
SIM3
SIM4
1
21
22
SIM5
SIM1
SIM2
SIM3
SIM4
1
21
22
SIM5
SIM1
SIM2
SIM3
SIM4
1
21
22
SIM5
SIM1
SIM2
SIM3
SIM4
1
21
22
SIM5
SIM1
SIM2
SIM3
SIM4
1
21
22
SIM5
SIM1
SIM2
SIM3
SIM4
1
21
22
SIM5
SIM1
SIM2
SIM3
SIM4
1
21
22
SIM5
SIM1
SIM2
SIM3
SIM4
1
21
22
SIM5
SIM1
SIM2
SIM3
SIM4
1
21
22
SIM5
SIM1
SIM2
SIM3
SIM4
1
21
22
SIM5
SIM1
SIM2
SIM3
SIM4
1
21
22
SIM5
SIM1
SIM2
SIM3
SIM4
1
21
22
SIM5
SIM1
SIM2
SIM3
SIM4
1
21
22
SIM5
SIM1
SIM2
SIM3
SIM4
1
21
22
SIM5
SIM1
SIM2
SIM3
SIM4
1
21
22
SIM5
SIM1
SIM2
SIM3
SIM4
1
21
22
SIM5
SIM1
SIM2
SIM3
SIM4
1
21
22
SIM5
SIM1
SIM2
SIM3
SIM4
1
21
22
SIM5
SIM1
SIM2
SIM3
SIM4
1
21
22
SIM5
SIM1
SIM2
SIM3
SIM4
1
21
22
SIM5
SIM1
SIM2
SIM3
SIM4
1
21
22
SIM5
SIM1
SIM2
SIM3
SIM4
1
21
22
SIM5
SIM1
SIM2
SIM3
SIM4
1
21
22
SIM5
SIM1
SIM2
SIM3
SIM4
1
21
22
SIM5
SIM1
SIM2
SIM3
SIM4
1
21
22
SIM5
SIM1
SIM2
SIM3
SIM4
1
21
22
SIM5
SIM1
SIM2
SIM3
SIM4
1
21
22
SIM5
SIM1
SIM2
SIM3
SIM4
1
21
22
SIM5
SIM1
SIM2
SIM3
SIM4
1
21
22
SIM5
SIM1
SIM2
SIM3
SIM4
1
21
22
SIM5
SIM1
SIM2
SIM3
SIM4
1
21
22
SIM5
SIM1
SIM2
SIM3
SIM4
1
21
22
SIM5
SIM1
SIM2
SIM3
SIM4
1
21
22
SIM5
SIM1
SIM2
SIM3
SIM4
1
21
22
SIM5
SIM1
SIM2
SIM3
SIM4
1
21
22
SIM5
SIM1
SIM2
SIM3
SIM4
1
21
22
SIM5
SIM1
SIM2
SIM3
SIM4
1
21
22
SIM5
SIM1
SIM2
SIM3
SIM4
1
21
22
SIM5
SIM1
SIM2
SIM3
SIM4
1
21
22
SIM5
SIM1
SIM2
SIM3
SIM4
1
21
22
SIM5
SIM1
SIM2
SIM3
SIM4
1
21
22
SIM5
SIM1
SIM2
SIM3
SIM4
1
21
22
SIM5
SIM1
SIM2
SIM3
SIM4
1
21
22
SIM5
SIM1
SIM2
SIM3
SIM4
1
21
22
SIM5
SIM1
SIM2
SIM3
SIM4
1
21
22
SIM5
SIM1
SIM2
SIM3
SIM4
1
21
22
SIM5
SIM1
SIM2
SIM3
SIM4
1
21
22
SIM5
SIM1
SIM2
SIM3
SIM4
1
21
22
SIM5
SIM1
SIM2
SIM3
SIM4
1
21
22
SIM5
SIM1
SIM2
SIM3
SIM4
1
21
22
SIM5
SIM1
SIM2
SIM3
SIM4
1
21
22
SIM5
SIM1
SIM2
SIM3
SIM4
1
21
22
SIM5
SIM1
SIM2
SIM3
SIM4
1
21
22
SIM5
SIM1
SIM2
SIM3
SIM4
1
21
22
SIM5
SIM1
SIM2
SIM3
SIM4
1
21
22
SIM5
SIM1
SIM2
SIM3
SIM4
1
21
22
SIM5
SIM1
SIM2
SIM3
SIM4
1
21
22
SIM5
SIM1
SIM2
SIM3
SIM4
1
21
22
SIM5
SIM1
SIM2
SIM3
SIM4
1
21
22
SIM5
SIM1
SIM2
SIM3
SIM4
1
21
22
SIM5
SIM1
SIM2
SIM3
SIM4
1
21
22
SIM5
SIM1
SIM2
SIM3
SIM4
1
21
22
SIM5
SIM1
SIM2
SIM3
SIM4
1
21
22
SIM5
SIM1
SIM2
DEBUG 1 685
SIM1
SIM2
SIM3
SIM4
1
21
22
SIM5
SIM1
SIM2
SIM3
SIM4
1
21
22
SIM5
SIM1
SIM2
SIM3
SIM4
1
21
22
SIM5
SIM1
SIM2
SIM3
SIM4
1
21
22
SIM5
SIM1
SIM2
SIM3
SIM4
1
21
22
SIM5
SIM1
SIM2
SIM3
SIM4
1
21
22
SIM5
SIM1
SIM2
SIM3
SIM4
1
21
22
SIM5
SIM1
SIM2
SIM3
SIM4
1
21
22
SIM5
SIM1
SIM2
SIM3
SIM4
1
21
22
SIM5
SIM1
SIM2
SIM3
SIM4
1
21
22
SIM5
SIM1
SIM2
SIM3
SIM4
1
21
22
SIM5
SIM1
SIM2
SIM3
SIM4
1
21
22
SIM5
SIM1
SIM2
SIM3
SIM4
1
21
22
SIM5
SIM1
SIM2
SIM3
SIM4
1
21
22
SIM5
SIM1
SIM2
SIM3
SIM4
1
21
22
SIM5
SIM1
SIM2
SIM3
SIM4
1
21
22
SIM5
SIM1
SIM2
SIM3
SIM4
1
21
22
SIM5
SIM1
SIM2
SIM3
SIM4
1
21
22
SIM5
SIM1
SIM2
SIM3
SIM4
1
21
22
SIM5
SIM1
SIM2
SIM3
SIM4
1
21
22
SIM5
SIM1
SIM2
SIM3
SIM4
1
21
22
SIM5
SIM1
SIM2
SIM3
SIM4
1
21
22
SIM5
SIM1
SIM2
SIM3
SIM4
1
21
22
SIM5
SIM1
SIM2
SIM3
SIM4
1
21
22
SIM5
SIM1
SIM2
SIM3
SIM4
1
21
22
SIM5
SIM1
SIM2
SIM3
SIM4
1
21
22
SIM5
SIM1
SIM2
SIM3
SIM4
1
21
22
SIM5
SIM1
SIM2
SIM3
SIM4
1
21
22
SIM5
SIM1
SIM2
SIM3
SIM4
1
21
22
SIM5
SIM1
SIM2
SIM3
SIM4
1
21
22
SIM5
SIM1
SIM2
SIM3
SIM4
1
21
22
SIM5
SIM1
SIM2
SIM3
SIM4
1
21
22
SIM5
SIM1
SIM2
SIM3
SIM4
1
21
22
SIM5
SIM1
SIM2
SIM3
SIM4
1
21
22
SIM5
SIM1
SIM2
SIM3
SIM4
1
21
22
SIM5
SIM1
SIM2
SIM3
SIM4
1
21
22
SIM5
SIM1
SIM2
SIM3
SIM4
1
21
22
SIM5
SIM1
SIM2
SIM3
SIM4
1
21
22
SIM5
SIM1
SIM2
SIM3
SIM4
1
21
22
SIM5
SIM1
SIM2
SIM3
SIM4
1
21
22
SIM5
SIM1
SIM2
SIM3
SIM4
1
21
22
SIM5
SIM1
SIM2
SIM3
SIM4
1
21
22
SIM5
SIM1
SIM2
SIM3
SIM4
1
21
22
SIM5
SIM1
SIM2
SIM3
SIM4
1
21
22
SIM5
SIM1
SIM2
SIM3
SIM4
1
21
22
SIM5
SIM1
SIM2
SIM3
SIM4
1
21
22
SIM5
SIM1
SIM2
SIM3
SIM4
1
21
22
SIM5
SIM1
SIM2
SIM3
SIM4
1
21
22
SIM5
SIM1
SIM2
SIM3
SIM4
1
21
22
SIM5
SIM1
SIM2
SIM3
SIM4
1
21
22
SIM5
SIM1
SIM2
SIM3
SIM4
1
21
22
SIM5
SIM1
SIM2
SIM3
SIM4
1
21
22
SIM5
SIM1
SIM2
SIM3
SIM4
1
21
22
SIM5
SIM1
SIM2
SIM3
SIM4
1
21
22
SIM5
SIM1
SIM2
SIM3
SIM4
1
21
22
SIM5
SIM1
SIM2
SIM3
SIM4
1
21
22
SIM5
SIM1
SIM2
SIM3
SIM4
1
21
22
SIM5
SIM1
SIM2
SIM3
SIM4
1
21
22
SIM5
SIM1
SIM2
SIM3
SIM4
1
21
22
SIM5
SIM1
SIM2
SIM3
SIM4
1
21
22
SIM5
SIM1
SIM2
SIM3
SIM4
1
21
22
SIM5
SIM1
SIM2
SIM3
SIM4
1
21
22
SIM5
SIM1
SIM2
SIM3
SIM4
1
21
22
SIM5
SIM1
SIM2
SIM3
SIM4
1
21
22
SIM5
SIM1
SIM2
SIM3
SIM4
1
21
22
SIM5
SIM1
SIM2
SIM3
SIM4
1
21
22
SIM5
SIM1
SIM2
SIM3
SIM4
1
21
22
SIM5
SIM1
SIM2
SIM3
SIM4
1
21
22
SIM5
SIM1
SIM2
SIM3
SIM4
1
21
22
SIM5
SIM1
SIM2
SIM3
SIM4
1
21
22
SIM5
SIM1
SIM2
SIM3
SIM4
1
21
22
SIM5
SIM1
SIM2
SIM3
SIM4
1
21
22
SIM5
SIM1
SIM2
SIM3
SIM4
1
21
22
SIM5
SIM1
SIM2
SIM3
SIM4
1
21
22
SIM5
SIM1
SIM2
SIM3
SIM4
1
21
22
SIM5
SIM1
SIM2
SIM3
SIM4
1
21
22
SIM5
SIM1
SIM2
SIM3
SIM4
1
21
22
SIM5
SIM1
SIM2
SIM3
SIM4
1
21
22
SIM5
SIM1
SIM2
SIM3
SIM4
1
21
22
SIM5
SIM1
SIM2
SIM3
SIM4
1
21
22
SIM5
SIM1
SIM2
SIM3
SIM4
1
21
22
SIM5
SIM1
SIM2
SIM3
SIM4
1
21
22
SIM5
SIM1
SIM2
SIM3
SIM4
1
21
22
SIM5
SIM1
SIM2
SIM3
SIM4
1
21
22
SIM5
SIM1
SIM2
SIM3
SIM4
1
21
22
SIM5
SIM1
SIM2
SIM3
SIM4
1
21
22
SIM5
SIM1
SIM2
SIM3
SIM4
1
21
22
SIM5
SIM1
SIM2
SIM3
SIM4
1
21
22
SIM5
SIM1
SIM2
SIM3
SIM4
1
21
22
SIM5
SIM1
SIM2
SIM3
SIM4
1
21
22
SIM5
SIM1
SIM2
SIM3
SIM4
1
21
22
SIM5
SIM1
SIM2
SIM3
SIM4
1
21
22
SIM5
SIM1
SIM2
SIM3
SIM4
1
21
22
SIM5
SIM1
SIM2
SIM3
SIM4
1
21
22
SIM5
SIM1
SIM2
SIM3
SIM4
1
21
22
SIM5
SIM1
SIM2
SIM3
SIM4
1
21
22
SIM5
SIM1
SIM2
SIM3
SIM4
1
21
22
SIM5
SIM1
SIM2
SIM3
SIM4
1
21
22
SIM5
SIM1
SIM2
SIM3
SIM4
1
21
22
SIM5
SIM1
SIM2
SIM3
SIM4
1
21
22
SIM5
SIM1
SIM2
SIM3
SIM4
1
21
22
SIM5
SIM1
SIM2
SIM3
SIM4
1
21
22
SIM5
SIM1
SIM2
SIM3
SIM4
1
21
22
SIM5
SIM1
SIM2
SIM3
SIM4
1
21
22
SIM5
SIM1
SIM2
SIM3
SIM4
1
21
22
SIM5
SIM1
SIM2
SIM3
SIM4
1
21
22
SIM5
SIM1
SIM2
SIM3
SIM4
1
21
22
SIM5
SIM1
SIM2
SIM3
SIM4
1
21
22
SIM5
SIM1
SIM2
SIM3
SIM4
1
21
22
SIM5
SIM1
SIM2
SIM3
SIM4
1
21
22
SIM5
SIM1
SIM2
SIM3
SIM4
1
21
22
SIM5
SIM1
SIM2
SIM3
SIM4
1
21
22
SIM5
SIM1
SIM2
SIM3
SIM4
1
21
22
SIM5
SIM1
SIM2
SIM3
SIM4
1
21
22
SIM5
SIM1
SIM2
SIM3
SIM4
1
21
22
SIM5
SIM1
SIM2
SIM3
SIM4
1
21
22
SIM5
SIM1
SIM2
SIM3
SIM4
1
21
22
SIM5
SIM1
SIM2
SIM3
SIM4
1
21
22
SIM5
SIM1
SIM2
SIM3
SIM4
1
21
22
SIM5
SIM1
SIM2
SIM3
SIM4
1
21
22
SIM5
SIM1
SIM2
SIM3
SIM4
1
21
22
SIM5
SIM1
SIM2
SIM3
SIM4
1
21
22
SIM5
SIM1
SIM2
SIM3
SIM4
1
21
22
SIM5
SIM1
SIM2
SIM3
SIM4
1
21
22
SIM5
SIM1
SIM2
SIM3
SIM4
1
21
22
SIM5
SIM1
SIM2
SIM3
SIM4
1
21
22
SIM5
SIM1
SIM2
SIM3
SIM4
1
21
22
SIM5
SIM1
SIM2
SIM3
SIM4
1
21
22
SIM5
SIM1
SIM2
SIM3
SIM4
1
21
22
SIM5
SIM1
SIM2
SIM3
SIM4
1
21
22
SIM5
SIM1
SIM2
SIM3
SIM4
1
21
22
SIM5
SIM1
SIM2
SIM3
SIM4
1
21
22
SIM5
SIM1
SIM2
SIM3
SIM4
1
21
22
SIM5
SIM1
SIM2
SIM3
SIM4
1
21
22
SIM5
SIM1
SIM2
SIM3
SIM4
1
21
22
SIM5
SIM1
SIM2
SIM3
SIM4
1
21
22
SIM5
SIM1
SIM2
SIM3
SIM4
1
21
22
SIM5
SIM1
SIM2
SIM3
SIM4
1
21
22
SIM5
SIM1
SIM2
SIM3
SIM4
1
21
22
SIM5
SIM1
SIM2
SIM3
SIM4
1
21
22
SIM5
SIM1
SIM2
SIM3
SIM4
1
21
22
SIM5
SIM1
SIM2
SIM3
SIM4
1
21
22
SIM5
SIM1
SIM2
SIM3
SIM4
1
21
22
SIM5
SIM1
SIM2
SIM3
SIM4
1
21
22
SIM5
SIM1
SIM2
SIM3
SIM4
1
21
22
SIM5
SIM1
SIM2
SIM3
SIM4
1
21
22
SIM5
SIM1
SIM2
SIM3
SIM4
1
21
22
SIM5
SIM1
SIM2
SIM3
SIM4
1
21
22
SIM5
SIM1
SIM2
SIM3
SIM4
1
21
22
SIM5
SIM1
SIM2
SIM3
SIM4
1
21
22
SIM5
SIM1
SIM2
SIM3
SIM4
1
21
22
SIM5
SIM1
SIM2
SIM3
SIM4
1
21
22
SIM5
SIM1
SIM2
SIM3
SIM4
1
21
22
SIM5
SIM1
SIM2
SIM3
SIM4
1
21
22
SIM5
SIM1
SIM2
SIM3
SIM4
1
21
22
SIM5
SIM1
SIM2
SIM3
SIM4
1
21
22
SIM5
SIM1
SIM2
SIM3
SIM4
1
21
22
SIM5
SIM1
SIM2
SIM3
SIM4
1
21
22
SIM5
SIM1
SIM2
SIM3
SIM4
1
21
22
SIM5
SIM1
SIM2
SIM3
SIM4
1
21
22
SIM5
SIM1
SIM2
SIM3
SIM4
1
21
22
SIM5
SIM1
SIM2
SIM3
SIM4
1
21
22
SIM5
SIM1
SIM2
SIM3
SIM4
1
21
22
SIM5
SIM1
SIM2
SIM3
SIM4
1
21
22
SIM5
SIM1
SIM2
SIM3
SIM4
1
21
22
SIM5
SIM1
SIM2
SIM3
SIM4
1
21
22
SIM5
SIM1
SIM2
SIM3
SIM4
1
21
22
SIM5
SIM1
SIM2
SIM3
SIM4
1
21
22
SIM5
SIM1
SIM2
SIM3
SIM4
1
21
22
SIM5
SIM1
SIM2
SIM3
SIM4
1
21
22
SIM5
SIM1
SIM2
SIM3
SIM4
1
21
22
SIM5
SIM1
SIM2
SIM3
SIM4
1
21
22
SIM5
SIM1
SIM2
SIM3
SIM4
1
21
22
SIM5
SIM1
SIM2
SIM3
SIM4
1
21
22
SIM5
SIM1
SIM2
SIM3
SIM4
1
21
22
SIM5
SIM1
SIM2
SIM3
SIM4
1
21
22
SIM5
SIM1
SIM2
SIM3
SIM4
1
21
22
SIM5
SIM1
SIM2
SIM3
SIM4
1
21
22
SIM5
SIM1
SIM2
SIM3
SIM4
1
21
22
SIM5
SIM1
SIM2
SIM3
SIM4
1
21
22
SIM5
SIM1
SIM2
SIM3
SIM4
1
21
22
SIM5
SIM1
SIM2
SIM3
SIM4
1
21
22
SIM5
SIM1
SIM2
SIM3
SIM4
1
21
22
SIM5
SIM1
SIM2
SIM3
SIM4
1
21
22
SIM5
SIM1
SIM2
SIM3
SIM4
1
21
22
SIM5
SIM1
SIM2
SIM3
SIM4
1
21
22
SIM5
SIM1
SIM2
SIM3
SIM4
1
21
22
SIM5
SIM1
SIM2
SIM3
SIM4
1
21
22
SIM5
SIM1
SIM2
SIM3
SIM4
1
21
22
SIM5
SIM1
SIM2
SIM3
SIM4
1
21
22
SIM5
SIM1
SIM2
SIM3
SIM4
1
21
22
SIM5
SIM1
SIM2
SIM3
SIM4
1
21
22
SIM5
SIM1
SIM2
SIM3
SIM4
1
21
22
SIM5
SIM1
SIM2
SIM3
SIM4
1
21
22
SIM5
SIM1
SIM2
SIM3
SIM4
1
21
22
SIM5
SIM1
SIM2
SIM3
SIM4
1
21
22
SIM5
SIM1
SIM2
SIM3
SIM4
1
21
22
SIM5
SIM1
SIM2
SIM3
SIM4
1
21
22
SIM5
SIM1
SIM2
SIM3
SIM4
1
21
22
SIM5
SIM1
SIM2
SIM3
SIM4
1
21
22
SIM5
SIM1
SIM2
SIM3
SIM4
1
21
22
SIM5
SIM1
SIM2
SIM3
SIM4
1
21
22
SIM5
SIM1
SIM2
SIM3
SIM4
1
21
22
SIM5
SIM1
SIM2
SIM3
SIM4
1
21
22
SIM5
SIM1
SIM2
SIM3
SIM4
1
21
22
SIM5
SIM1
SIM2
SIM3
SIM4
1
21
22
SIM5
SIM1
SIM2
SIM3
SIM4
1
21
22
SIM5
SIM1
SIM2
SIM3
SIM4
1
21
22
SIM5
SIM1
SIM2
SIM3
SIM4
1
21
22
SIM5
SIM1
SIM2
SIM3
SIM4
1
21
22
SIM5
SIM1
SIM2
SIM3
SIM4
1
21
22
SIM5
SIM1
SIM2
SIM3
SIM4
1
21
22
SIM5
SIM1
SIM2
SIM3
SIM4
1
21
22
SIM5
SIM1
SIM2
SIM3
SIM4
1
21
22
SIM5
SIM1
SIM2
SIM3
SIM4
1
21
22
SIM5
SIM1
SIM2
SIM3
SIM4
1
21
22
SIM5
SIM1
SIM2
SIM3
SIM4
1
21
22
SIM5
SIM1
SIM2
SIM3
SIM4
1
21
22
SIM5
SIM1
SIM2
SIM3
SIM4
1
21
22
SIM5
SIM1
SIM2
SIM3
SIM4
1
21
22
SIM5
SIM1
SIM2
SIM3
SIM4
1
21
22
SIM5
SIM1
SIM2
SIM3
SIM4
1
21
22
SIM5
SIM1
SIM2
SIM3
SIM4
1
21
22
SIM5
SIM1
SIM2
SIM3
SIM4
1
21
22
SIM5
SIM1
SIM2
SIM3
SIM4
1
21
22
SIM5
SIM1
SIM2
SIM3
SIM4
1
21
22
SIM5
SIM1
SIM2
SIM3
SIM4
1
21
22
SIM5
SIM1
SIM2
SIM3
SIM4
1
21
22
SIM5
SIM1
SIM2
SIM3
SIM4
1
21
22
SIM5
SIM1
SIM2
SIM3
SIM4
1
21
22
SIM5
SIM1
SIM2
SIM3
SIM4
1
21
22
SIM5
SIM1
SIM2
SIM3
SIM4
1
21
22
SIM5
SIM1
SIM2
SIM3
SIM4
1
21
22
SIM5
SIM1
SIM2
SIM3
SIM4
1
21
22
SIM5
SIM1
SIM2
SIM3
SIM4
1
21
22
SIM5
SIM1
SIM2
SIM3
SIM4
1
21
22
SIM5
SIM1
SIM2
DEBUG 1 686
SIM1
SIM2
SIM3
SIM4
1
21
22
SIM5
SIM1
SIM2
SIM3
SIM4
1
21
22
SIM5
SIM1
SIM2
SIM3
SIM4
1
21
22
SIM5
SIM1
SIM2
SIM3
SIM4
1
21
22
SIM5
SIM1
SIM2
SIM3
SIM4
1
21
22
SIM5
SIM1
SIM2
SIM3
SIM4
1
21
22
SIM5
SIM1
SIM2
SIM3
SIM4
1
21
22
SIM5
SIM1
SIM2
SIM3
SIM4
1
21
22
SIM5
SIM1
SIM2
SIM3
SIM4
1
21
22
SIM5
SIM1
SIM2
SIM3
SIM4
1
21
22
SIM5
SIM1
SIM2
SIM3
SIM4
1
21
22
SIM5
SIM1
SIM2
SIM3
SIM4
1
21
22
SIM5
SIM1
SIM2
SIM3
SIM4
1
21
22
SIM5
SIM1
SIM2
SIM3
SIM4
1
21
22
SIM5
SIM1
SIM2
SIM3
SIM4
1
21
22
SIM5
SIM1
SIM2
SIM3
SIM4
1
21
22
SIM5
SIM1
SIM2
SIM3
SIM4
1
21
22
SIM5
SIM1
SIM2
SIM3
SIM4
1
21
22
SIM5
SIM1
SIM2
SIM3
SIM4
1
21
22
SIM5
SIM1
SIM2
SIM3
SIM4
1
21
22
SIM5
SIM1
SIM2
SIM3
SIM4
1
21
22
SIM5
SIM1
SIM2
SIM3
SIM4
1
21
22
SIM5
SIM1
SIM2
SIM3
SIM4
1
21
22
SIM5
SIM1
SIM2
SIM3
SIM4
1
21
22
SIM5
SIM1
SIM2
SIM3
SIM4
1
21
22
SIM5
SIM1
SIM2
SIM3
SIM4
1
21
22
SIM5
SIM1
SIM2
SIM3
SIM4
1
21
22
SIM5
SIM1
SIM2
SIM3
SIM4
1
21
22
SIM5
SIM1
SIM2
SIM3
SIM4
1
21
22
SIM5
SIM1
SIM2
SIM3
SIM4
1
21
22
SIM5
SIM1
SIM2
SIM3
SIM4
1
21
22
SIM5
SIM1
SIM2
SIM3
SIM4
1
21
22
SIM5
SIM1
SIM2
SIM3
SIM4
1
21
22
SIM5
SIM1
SIM2
SIM3
SIM4
1
21
22
SIM5
SIM1
SIM2
SIM3
SIM4
1
21
22
SIM5
SIM1
SIM2
SIM3
SIM4
1
21
22
SIM5
SIM1
SIM2
SIM3
SIM4
1
21
22
SIM5
SIM1
SIM2
SIM3
SIM4
1
21
22
SIM5
SIM1
SIM2
SIM3
SIM4
1
21
22
SIM5
SIM1
SIM2
SIM3
SIM4
1
21
22
SIM5
SIM1
SIM2
SIM3
SIM4
1
21
22
SIM5
SIM1
SIM2
SIM3
SIM4
1
21
22
SIM5
SIM1
SIM2
SIM3
SIM4
1
21
22
SIM5
SIM1
SIM2
SIM3
SIM4
1
21
22
SIM5
SIM1
SIM2
SIM3
SIM4
1
21
22
SIM5
SIM1
SIM2
SIM3
SIM4
1
21
22
SIM5
SIM1
SIM2
SIM3
SIM4
1
21
22
SIM5
SIM1
SIM2
SIM3
SIM4
1
21
22
SIM5
SIM1
SIM2
SIM3
SIM4
1
21
22
SIM5
SIM1
SIM2
SIM3
SIM4
1
21
22
SIM5
SIM1
SIM2
SIM3
SIM4
1
21
22
SIM5
SIM1
SIM2
SIM3
SIM4
1
21
22
SIM5
SIM1
SIM2
SIM3
SIM4
1
21
22
SIM5
SIM1
SIM2
SIM3
SIM4
1
21
22
SIM5
SIM1
SIM2
SIM3
SIM4
1
21
22
SIM5
SIM1
SIM2
SIM3
SIM4
1
21
22
SIM5
SIM1
SIM2
SIM3
SIM4
1
21
22
SIM5
SIM1
SIM2
SIM3
SIM4
1
21
22
SIM5
SIM1
SIM2
SIM3
SIM4
1
21
22
SIM5
SIM1
SIM2
SIM3
SIM4
1
21
22
SIM5
SIM1
SIM2
SIM3
SIM4
1
21
22
SIM5
SIM1
SIM2
SIM3
SIM4
1
21
22
SIM5
SIM1
SIM2
SIM3
SIM4
1
21
22
SIM5
SIM1
SIM2
SIM3
SIM4
1
21
22
SIM5
SIM1
SIM2
SIM3
SIM4
1
21
22
SIM5
SIM1
SIM2
SIM3
SIM4
1
21
22
SIM5
SIM1
SIM2
SIM3
SIM4
1
21
22
SIM5
SIM1
SIM2
SIM3
SIM4
1
21
22
SIM5
SIM1
SIM2
SIM3
SIM4
1
21
22
SIM5
SIM1
SIM2
SIM3
SIM4
1
21
22
SIM5
SIM1
SIM2
SIM3
SIM4
1
21
22
SIM5
SIM1
SIM2
SIM3
SIM4
1
21
22
SIM5
SIM1
SIM2
SIM3
SIM4
1
21
22
SIM5
SIM1
SIM2
SIM3
SIM4
1
21
22
SIM5
SIM1
SIM2
SIM3
SIM4
1
21
22
SIM5
SIM1
SIM2
SIM3
SIM4
1
21
22
SIM5
SIM1
SIM2
SIM3
SIM4
1
21
22
SIM5
SIM1
SIM2
SIM3
SIM4
1
21
22
SIM5
SIM1
SIM2
SIM3
SIM4
1
21
22
SIM5
SIM1
SIM2
SIM3
SIM4
1
21
22
SIM5
SIM1
SIM2
SIM3
SIM4
1
21
22
SIM5
SIM1
SIM2
SIM3
SIM4
1
21
22
SIM5
SIM1
SIM2
SIM3
SIM4
1
21
22
SIM5
SIM1
SIM2
SIM3
SIM4
1
21
22
SIM5
SIM1
SIM2
SIM3
SIM4
1
21
22
SIM5
SIM1
SIM2
SIM3
SIM4
1
21
22
SIM5
SIM1
SIM2
SIM3
SIM4
1
21
22
SIM5
SIM1
SIM2
SIM3
SIM4
1
21
22
SIM5
SIM1
SIM2
SIM3
SIM4
1
21
22
SIM5
SIM1
SIM2
SIM3
SIM4
1
21
22
SIM5
SIM1
SIM2
SIM3
SIM4
1
21
22
SIM5
SIM1
SIM2
SIM3
SIM4
1
21
22
SIM5
SIM1
SIM2
SIM3
SIM4
1
21
22
SIM5
SIM1
SIM2
SIM3
SIM4
1
21
22
SIM5
SIM1
SIM2
SIM3
SIM4
1
21
22
SIM5
SIM1
SIM2
SIM3
SIM4
1
21
22
SIM5
SIM1
SIM2
SIM3
SIM4
1
21
22
SIM5
SIM1
SIM2
SIM3
SIM4
1
21
22
SIM5
SIM1
SIM2
SIM3
SIM4
1
21
22
SIM5
SIM1
SIM2
SIM3
SIM4
1
21
22
SIM5
SIM1
SIM2
SIM3
SIM4
1
21
22
SIM5
SIM1
SIM2
SIM3
SIM4
1
21
22
SIM5
SIM1
SIM2
SIM3
SIM4
1
21
22
SIM5
SIM1
SIM2
SIM3
SIM4
1
21
22
SIM5
SIM1
SIM2
SIM3
SIM4
1
21
22
SIM5
SIM1
SIM2
SIM3
SIM4
1
21
22
SIM5
SIM1
SIM2
SIM3
SIM4
1
21
22
SIM5
SIM1
SIM2
SIM3
SIM4
1
21
22
SIM5
SIM1
SIM2
SIM3
SIM4
1
21
22
SIM5
SIM1
SIM2
SIM3
SIM4
1
21
22
SIM5
SIM1
SIM2
SIM3
SIM4
1
21
22
SIM5
SIM1
SIM2
SIM3
SIM4
1
21
22
SIM5
SIM1
SIM2
SIM3
SIM4
1
21
22
SIM5
SIM1
SIM2
SIM3
SIM4
1
21
22
SIM5
SIM1
SIM2
SIM3
SIM4
1
21
22
SIM5
SIM1
SIM2
SIM3
SIM4
1
21
22
SIM5
SIM1
SIM2
SIM3
SIM4
1
21
22
SIM5
SIM1
SIM2
SIM3
SIM4
1
21
22
SIM5
SIM1
SIM2
SIM3
SIM4
1
21
22
SIM5
SIM1
SIM2
SIM3
SIM4
1
21
22
SIM5
SIM1
SIM2
SIM3
SIM4
1
21
22
SIM5
SIM1
SIM2
SIM3
SIM4
1
21
22
SIM5
SIM1
SIM2
SIM3
SIM4
1
21
22
SIM5
SIM1
SIM2
SIM3
SIM4
1
21
22
SIM5
SIM1
SIM2
SIM3
SIM4
1
21
22
SIM5
SIM1
SIM2
SIM3
SIM4
1
21
22
SIM5
SIM1
SIM2
SIM3
SIM4
1
21
22
SIM5
SIM1
SIM2
SIM3
SIM4
1
21
22
SIM5
SIM1
SIM2
SIM3
SIM4
1
21
22
SIM5
SIM1
SIM2
SIM3
SIM4
1
21
22
SIM5
SIM1
SIM2
DEBUG 1 687
SIM1
SIM2
SIM3
SIM4
1
21
22
SIM5
SIM1
SIM2
SIM3
SIM4
1
21
22
SIM5
SIM1
SIM2
SIM3
SIM4
1
21
22
SIM5
SIM1
SIM2
SIM3
SIM4
1
21
22
SIM5
SIM1
SIM2
SIM3
SIM4
1
21
22
SIM5
SIM1
SIM2
SIM3
SIM4
1
21
22
SIM5
SIM1
SIM2
SIM3
SIM4
1
21
22
SIM5
SIM1
SIM2
SIM3
SIM4
1
21
22
SIM5
SIM1
SIM2
SIM3
SIM4
1
21
22
SIM5
SIM1
SIM2
SIM3
SIM4
1
21
22
SIM5
SIM1
SIM2
SIM3
SIM4
1
21
22
SIM5
SIM1
SIM2
SIM3
SIM4
1
21
22
SIM5
SIM1
SIM2
SIM3
SIM4
1
21
22
SIM5
SIM1
SIM2
SIM3
SIM4
1
21
22
SIM5
SIM1
SIM2
SIM3
SIM4
1
21
22
SIM5
SIM1
SIM2
SIM3
SIM4
1
21
22
SIM5
SIM1
SIM2
SIM3
SIM4
1
21
22
SIM5
SIM1
SIM2
SIM3
SIM4
1
21
22
SIM5
SIM1
SIM2
SIM3
SIM4
1
21
22
SIM5
SIM1
SIM2
SIM3
SIM4
1
21
22
SIM5
SIM1
SIM2
SIM3
SIM4
1
21
22
SIM5
SIM1
SIM2
SIM3
SIM4
1
21
22
SIM5
SIM1
SIM2
SIM3
SIM4
1
21
22
SIM5
SIM1
SIM2
SIM3
SIM4
1
21
22
SIM5
SIM1
SIM2
SIM3
SIM4
1
21
22
SIM5
SIM1
SIM2
SIM3
SIM4
1
21
22
SIM5
SIM1
SIM2
SIM3
SIM4
1
21
22
SIM5
SIM1
SIM2
SIM3
SIM4
1
21
22
SIM5
SIM1
SIM2
SIM3
SIM4
1
21
22
SIM5
SIM1
SIM2
SIM3
SIM4
1
21
22
SIM5
SIM1
SIM2
SIM3
SIM4
1
21
22
SIM5
SIM1
SIM2
SIM3
SIM4
1
21
22
SIM5
SIM1
SIM2
SIM3
SIM4
1
21
22
SIM5
SIM1
SIM2
SIM3
SIM4
1
21
22
SIM5
SIM1
SIM2
SIM3
SIM4
1
21
22
SIM5
SIM1
SIM2
SIM3
SIM4
1
21
22
SIM5
SIM1
SIM2
SIM3
SIM4
1
21
22
SIM5
SIM1
SIM2
SIM3
SIM4
1
21
22
SIM5
SIM1
SIM2
SIM3
SIM4
1
21
22
SIM5
SIM1
SIM2
SIM3
SIM4
1
21
22
SIM5
SIM1
SIM2
SIM3
SIM4
1
21
22
SIM5
SIM1
SIM2
SIM3
SIM4
1
21
22
SIM5
SIM1
SIM2
SIM3
SIM4
1
21
22
SIM5
SIM1
SIM2
SIM3
SIM4
1
21
22
SIM5
SIM1
SIM2
SIM3
SIM4
1
21
22
SIM5
SIM1
SIM2
SIM3
SIM4
1
21
22
SIM5
SIM1
SIM2
SIM3
SIM4
1
21
22
SIM5
SIM1
SIM2
SIM3
SIM4
1
21
22
SIM5
SIM1
SIM2
SIM3
SIM4
1
21
22
SIM5
SIM1
SIM2
SIM3
SIM4
1
21
22
SIM5
SIM1
SIM2
SIM3
SIM4
1
21
22
SIM5
SIM1
SIM2
SIM3
SIM4
1
21
22
SIM5
SIM1
SIM2
SIM3
SIM4
1
21
22
SIM5
SIM1
SIM2
SIM3
SIM4
1
21
22
SIM5
SIM1
SIM2
SIM3
SIM4
1
21
22
SIM5
SIM1
SIM2
SIM3
SIM4
1
21
22
SIM5
SIM1
SIM2
SIM3
SIM4
1
21
22
SIM5
SIM1
SIM2
SIM3
SIM4
1
21
22
SIM5
SIM1
SIM2
SIM3
SIM4
1
21
22
SIM5
SIM1
SIM2
SIM3
SIM4
1
21
22
SIM5
SIM1
SIM2
SIM3
SIM4
1
21
22
SIM5
SIM1
SIM2
SIM3
SIM4
1
21
22
SIM5
SIM1
SIM2
SIM3
SIM4
1
21
22
SIM5
SIM1
SIM2
SIM3
SIM4
1
21
22
SIM5
SIM1
SIM2
SIM3
SIM4
1
21
22
SIM5
SIM1
SIM2
SIM3
SIM4
1
21
22
SIM5
SIM1
SIM2
SIM3
SIM4
1
21
22
SIM5
SIM1
SIM2
SIM3
SIM4
1
21
22
SIM5
SIM1
SIM2
SIM3
SIM4
1
21
22
SIM5
SIM1
SIM2
SIM3
SIM4
1
21
22
SIM5
SIM1
SIM2
SIM3
SIM4
1
21
22
SIM5
SIM1
SIM2
SIM3
SIM4
1
21
22
SIM5
SIM1
SIM2
SIM3
SIM4
1
21
22
SIM5
SIM1
SIM2
SIM3
SIM4
1
21
22
SIM5
SIM1
SIM2
SIM3
SIM4
1
21
22
SIM5
SIM1
SIM2
SIM3
SIM4
1
21
22
SIM5
SIM1
SIM2
SIM3
SIM4
1
21
22
SIM5
SIM1
SIM2
SIM3
SIM4
1
21
22
SIM5
SIM1
SIM2
SIM3
SIM4
1
21
22
SIM5
SIM1
SIM2
SIM3
SIM4
1
21
22
SIM5
SIM1
SIM2
SIM3
SIM4
1
21
22
SIM5
SIM1
SIM2
SIM3
SIM4
1
21
22
SIM5
SIM1
SIM2
SIM3
SIM4
1
21
22
SIM5
SIM1
SIM2
SIM3
SIM4
1
21
22
SIM5
SIM1
SIM2
SIM3
SIM4
1
21
22
SIM5
SIM1
SIM2
SIM3
SIM4
1
21
22
SIM5
SIM1
SIM2
SIM3
SIM4
1
21
22
SIM5
SIM1
SIM2
SIM3
SIM4
1
21
22
SIM5
SIM1
SIM2
SIM3
SIM4
1
21
22
SIM5
SIM1
SIM2
SIM3
SIM4
1
21
22
SIM5
SIM1
SIM2
SIM3
SIM4
1
21
22
SIM5
SIM1
SIM2
SIM3
SIM4
1
21
22
SIM5
SIM1
SIM2
SIM3
SIM4
1
21
22
SIM5
SIM1
SIM2
SIM3
SIM4
1
21
22
SIM5
SIM1
SIM2
SIM3
SIM4
1
21
22
SIM5
SIM1
SIM2
SIM3
SIM4
1
21
22
SIM5
SIM1
SIM2
SIM3
SIM4
1
21
22
SIM5
SIM1
SIM2
SIM3
SIM4
1
21
22
SIM5
SIM1
SIM2
SIM3
SIM4
1
21
22
SIM5
SIM1
SIM2
SIM3
SIM4
1
21
22
SIM5
SIM1
SIM2
SIM3
SIM4
1
21
22
SIM5
SIM1
SIM2
SIM3
SIM4
1
21
22
SIM5
SIM1
SIM2
SIM3
SIM4
1
21
22
SIM5
SIM1
SIM2
SIM3
SIM4
1
21
22
SIM5
SIM1
SIM2
SIM3
SIM4
1
21
22
SIM5
SIM1
SIM2
SIM3
SIM4
1
21
22
SIM5
SIM1
SIM2
SIM3
SIM4
1
21
22
SIM5
SIM1
SIM2
SIM3
SIM4
1
21
22
SIM5
SIM1
SIM2
SIM3
SIM4
1
21
22
SIM5
SIM1
SIM2
SIM3
SIM4
1
21
22
SIM5
SIM1
SIM2
SIM3
SIM4
1
21
22
SIM5
SIM1
SIM2
SIM3
SIM4
1
21
22
SIM5
SIM1
SIM2
SIM3
SIM4
1
21
22
SIM5
SIM1
SIM2
SIM3
SIM4
1
21
22
SIM5
SIM1
SIM2
SIM3
SIM4
1
21
22
SIM5
SIM1
SIM2
SIM3
SIM4
1
21
22
SIM5
SIM1
SIM2
SIM3
SIM4
1
21
22
SIM5
SIM1
SIM2
SIM3
SIM4
1
21
22
SIM5
SIM1
SIM2
SIM3
SIM4
1
21
22
SIM5
SIM1
SIM2
SIM3
SIM4
1
21
22
SIM5
SIM1
SIM2
SIM3
SIM4
1
21
22
SIM5
SIM1
SIM2
SIM3
SIM4
1
21
22
SIM5
SIM1
SIM2
SIM3
SIM4
1
21
22
SIM5
SIM1
SIM2
SIM3
SIM4
1
21
22
SIM5
SIM1
SIM2
SIM3
SIM4
1
21
22
SIM5
SIM1
SIM2
SIM3
SIM4
1
21
22
SIM5
SIM1
SIM2
SIM3
SIM4
1
21
22
SIM5
SIM1
SIM2
SIM3
SIM4
1
21
22
SIM5
SIM1
SIM2
SIM3
SIM4
1
21
22
SIM5
SIM1
SIM2
SIM3
SIM4
1
21
22
SIM5
SIM1
SIM2
SIM3
SIM4
1
21
22
SIM5
SIM1
SIM2
SIM3
SIM4
1
21
22
SIM5
SIM1
SIM2
SIM3
SIM4
1
21
22
SIM5
SIM1
SIM2
SIM3
SIM4
1
21
22
SIM5
SIM1
SIM2
SIM3
SIM4
1
21
22
SIM5
SIM1
SIM2
SIM3
SIM4
1
21
22
SIM5
SIM1
SIM2
SIM3
SIM4
1
21
22
SIM5
SIM1
SIM2
SIM3
SIM4
1
21
22
SIM5
SIM1
SIM2
SIM3
SIM4
1
21
22
SIM5
SIM1
SIM2
SIM3
SIM4
1
21
22
SIM5
SIM1
SIM2
SIM3
SIM4
1
21
22
SIM5
SIM1
SIM2
SIM3
SIM4
1
21
22
SIM5
SIM1
SIM2
SIM3
SIM4
1
21
22
SIM5
SIM1
SIM2
SIM3
SIM4
1
21
22
SIM5
SIM1
SIM2
SIM3
SIM4
1
21
22
SIM5
SIM1
SIM2
SIM3
SIM4
1
21
22
SIM5
SIM1
SIM2
SIM3
SIM4
1
21
22
SIM5
SIM1
SIM2
SIM3
SIM4
1
21
22
SIM5
SIM1
SIM2
SIM3
SIM4
1
21
22
SIM5
SIM1
SIM2
SIM3
SIM4
1
21
22
SIM5
SIM1
SIM2
SIM3
SIM4
1
21
22
SIM5
SIM1
SIM2
SIM3
SIM4
1
21
22
SIM5
SIM1
SIM2
SIM3
SIM4
1
21
22
SIM5
SIM1
SIM2
SIM3
SIM4
1
21
22
SIM5
SIM1
SIM2
SIM3
SIM4
1
21
22
SIM5
SIM1
SIM2
SIM3
SIM4
1
21
22
SIM5
SIM1
SIM2
SIM3
SIM4
1
21
22
SIM5
SIM1
SIM2
SIM3
SIM4
1
21
22
SIM5
SIM1
SIM2
SIM3
SIM4
1
21
22
SIM5
SIM1
SIM2
SIM3
SIM4
1
21
22
SIM5
SIM1
SIM2
SIM3
SIM4
1
21
22
SIM5
SIM1
SIM2
SIM3
SIM4
1
21
22
SIM5
SIM1
SIM2
SIM3
SIM4
1
21
22
SIM5
SIM1
SIM2
SIM3
SIM4
1
21
22
SIM5
SIM1
SIM2
SIM3
SIM4
1
21
22
SIM5
SIM1
SIM2
SIM3
SIM4
1
21
22
SIM5
SIM1
SIM2
SIM3
SIM4
1
21
22
SIM5
SIM1
SIM2
SIM3
SIM4
1
21
22
SIM5
SIM1
SIM2
SIM3
SIM4
1
21
22
SIM5
SIM1
SIM2
SIM3
SIM4
1
21
22
SIM5
SIM1
SIM2
SIM3
SIM4
1
21
22
SIM5
SIM1
SIM2
SIM3
SIM4
1
21
22
SIM5
SIM1
SIM2
SIM3
SIM4
1
21
22
SIM5
SIM1
SIM2
SIM3
SIM4
1
21
22
SIM5
SIM1
SIM2
SIM3
SIM4
1
21
22
SIM5
SIM1
SIM2
SIM3
SIM4
1
21
22
SIM5
SIM1
SIM2
SIM3
SIM4
1
21
22
SIM5
SIM1
SIM2
SIM3
SIM4
1
21
22
SIM5
SIM1
SIM2
SIM3
SIM4
1
21
22
SIM5
SIM1
SIM2
SIM3
SIM4
1
21
22
SIM5
SIM1
SIM2
SIM3
SIM4
1
21
22
SIM5
SIM1
SIM2
SIM3
SIM4
1
21
22
SIM5
SIM1
SIM2
SIM3
SIM4
1
21
22
SIM5
SIM1
SIM2
SIM3
SIM4
1
21
22
SIM5
SIM1
SIM2
SIM3
SIM4
1
21
22
SIM5
SIM1
SIM2
SIM3
SIM4
1
21
22
SIM5
SIM1
SIM2
SIM3
SIM4
1
21
22
SIM5
SIM1
SIM2
SIM3
SIM4
1
21
22
SIM5
SIM1
SIM2
SIM3
SIM4
1
21
22
SIM5
SIM1
SIM2
SIM3
SIM4
1
21
22
SIM5
SIM1
SIM2
SIM3
SIM4
1
21
22
SIM5
SIM1
SIM2
SIM3
SIM4
1
21
22
SIM5
SIM1
SIM2
SIM3
SIM4
1
21
22
SIM5
SIM1
SIM2
SIM3
SIM4
1
21
22
SIM5
SIM1
SIM2
SIM3
SIM4
1
21
22
SIM5
SIM1
SIM2
SIM3
SIM4
1
21
22
SIM5
SIM1
SIM2
SIM3
SIM4
1
21
22
SIM5
SIM1
SIM2
SIM3
SIM4
1
21
22
SIM5
SIM1
SIM2
SIM3
SIM4
1
21
22
SIM5
SIM1
SIM2
SIM3
SIM4
1
21
22
SIM5
SIM1
SIM2
SIM3
SIM4
1
21
22
SIM5
SIM1
SIM2
SIM3
SIM4
1
21
22
SIM5
SIM1
SIM2
SIM3
SIM4
1
21
22
SIM5
SIM1
SIM2
SIM3
SIM4
1
21
22
SIM5
SIM1
SIM2
SIM3
SIM4
1
21
22
SIM5
SIM1
SIM2
SIM3
SIM4
1
21
22
SIM5
SIM1
SIM2
SIM3
SIM4
1
21
22
SIM5
SIM1
SIM2
SIM3
SIM4
1
21
22
SIM5
SIM1
SIM2
SIM3
SIM4
1
21
22
SIM5
SIM1
SIM2
SIM3
SIM4
1
21
22
SIM5
SIM1
SIM2
SIM3
SIM4
1
21
22
SIM5
SIM1
SIM2
SIM3
SIM4
1
21
22
SIM5
SIM1
SIM2
SIM3
SIM4
1
21
22
SIM5
SIM1
SIM2
SIM3
SIM4
1
21
22
SIM5
SIM1
SIM2
SIM3
SIM4
1
21
22
SIM5
SIM1
SIM2
SIM3
SIM4
1
21
22
SIM5
SIM1
SIM2
SIM3
SIM4
1
21
22
SIM5
SIM1
SIM2
SIM3
SIM4
1
21
22
SIM5
SIM1
SIM2
SIM3
SIM4
1
21
22
SIM5
SIM1
SIM2
SIM3
SIM4
1
21
22
SIM5
SIM1
SIM2
SIM3
SIM4
1
21
22
SIM5
SIM1
SIM2
SIM3
SIM4
1
21
22
SIM5
SIM1
SIM2
SIM3
SIM4
1
21
22
SIM5
SIM1
SIM2
SIM3
SIM4
1
21
22
SIM5
SIM1
SIM2
SIM3
SIM4
1
21
22
SIM5
SIM1
SIM2
SIM3
SIM4
1
21
22
SIM5
SIM1
SIM2
SIM3
SIM4
1
21
22
SIM5
SIM1
SIM2
SIM3
SIM4
1
21
22
SIM5
SIM1
SIM2
SIM3
SIM4
1
21
22
SIM5
SIM1
SIM2
SIM3
SIM4
1
21
22
SIM5
SIM1
SIM2
SIM3
SIM4
1
21
22
SIM5
SIM1
SIM2
SIM3
SIM4
1
21
22
SIM5
SIM1
SIM2
SIM3
SIM4
1
21
22
SIM5
SIM1
SIM2
SIM3
SIM4
1
21
22
SIM5
SIM1
SIM2
SIM3
SIM4
1
21
22
SIM5
SIM1
SIM2
SIM3
SIM4
1
21
22
SIM5
SIM1
SIM2
SIM3
SIM4
1
21
22
SIM5
SIM1
SIM2
SIM3
SIM4
1
21
22
SIM5
SIM1
SIM2
SIM3
SIM4
1
21
22
SIM5
SIM1
SIM2
SIM3
SIM4
1
21
22
SIM5
SIM1
SIM2
SIM3
SIM4
1
21
22
SIM5
SIM1
SIM2
SIM3
SIM4
1
21
22
SIM5
SIM1
SIM2
SIM3
SIM4
1
21
22
SIM5
SIM1
SIM2
SIM3
SIM4
1
21
22
SIM5
SIM1
SIM2
SIM3
SIM4
1
21
22
SIM5
SIM1
SIM2
SIM3
SIM4
1
21
22
SIM5
SIM1
SIM2
SIM3
SIM4
1
21
22
SIM5
SIM1
SIM2
SIM3
SIM4
1
21
22
SIM5
SIM1
SIM2
SIM3
SIM4
1
21
22
SIM5
SIM1
SIM2
SIM3
SIM4
1
21
22
SIM5
SIM1
SIM2
SIM3
SIM4
1
21
22
SIM5
SIM1
SIM2
SIM3
SIM4
1
21
22
SIM5
SIM1
SIM2
SIM3
SIM4
1
21
22
SIM5
SIM1
SIM2
SIM3
SIM4
1
21
22
SIM5
SIM1
SIM2
SIM3
SIM4
1
21
22
SIM5
SIM1
SIM2
SIM3
SIM4
1
21
22
SIM5
SIM1
SIM2
SIM3
SIM4
1
21
22
SIM5
SIM1
SIM2
SIM3
SIM4
1
21
22
SIM5
SIM1
SIM2
SIM3
SIM4
1
21
22
SIM5
SIM1
SIM2
SIM3
SIM4
1
21
22
SIM5
SIM1
SIM2
SIM3
SIM4
1
21
22
SIM5
SIM1
SIM2
SIM3
SIM4
1
21
22
SIM5
SIM1
SIM2
SIM3
SIM4
1
21
22
SIM5
SIM1
SIM2
SIM3
SIM4
1
21
22
SIM5
SIM1
SIM2
SIM3
SIM4
1
21
22
SIM5
SIM1
SIM2
SIM3
SIM4
1
21
22
SIM5
SIM1
SIM2
SIM3
SIM4
1
21
22
SIM5
SIM1
SIM2
SIM3
SIM4
1
21
22
SIM5
SIM1
SIM2
SIM3
SIM4
1
21
22
SIM5
SIM1
SIM2
SIM3
SIM4
1
21
22
SIM5
SIM1
SIM2
DEBUG 1 688
SIM1
SIM2
SIM3
SIM4
1
21
22
SIM5
SIM1
SIM2
SIM3
SIM4
1
21
22
SIM5
SIM1
SIM2
SIM3
SIM4
1
21
22
SIM5
SIM1
SIM2
SIM3
SIM4
1
21
22
SIM5
SIM1
SIM2
SIM3
SIM4
1
21
22
SIM5
SIM1
SIM2
SIM3
SIM4
1
21
22
SIM5
SIM1
SIM2
SIM3
SIM4
1
21
22
SIM5
SIM1
SIM2
SIM3
SIM4
1
21
22
SIM5
SIM1
SIM2
SIM3
SIM4
1
21
22
SIM5
SIM1
SIM2
SIM3
SIM4
1
21
22
SIM5
SIM1
SIM2
SIM3
SIM4
1
21
22
SIM5
SIM1
SIM2
SIM3
SIM4
1
21
22
SIM5
SIM1
SIM2
SIM3
SIM4
1
21
22
SIM5
SIM1
SIM2
SIM3
SIM4
1
21
22
SIM5
SIM1
SIM2
SIM3
SIM4
1
21
22
SIM5
SIM1
SIM2
SIM3
SIM4
1
21
22
SIM5
SIM1
SIM2
SIM3
SIM4
1
21
22
SIM5
SIM1
SIM2
SIM3
SIM4
1
21
22
SIM5
SIM1
SIM2
SIM3
SIM4
1
21
22
SIM5
SIM1
SIM2
SIM3
SIM4
1
21
22
SIM5
SIM1
SIM2
SIM3
SIM4
1
21
22
SIM5
SIM1
SIM2
SIM3
SIM4
1
21
22
SIM5
SIM1
SIM2
SIM3
SIM4
1
21
22
SIM5
SIM1
SIM2
SIM3
SIM4
1
21
22
SIM5
SIM1
SIM2
SIM3
SIM4
1
21
22
SIM5
SIM1
SIM2
SIM3
SIM4
1
21
22
SIM5
SIM1
SIM2
SIM3
SIM4
1
21
22
SIM5
SIM1
SIM2
SIM3
SIM4
1
21
22
SIM5
SIM1
SIM2
SIM3
SIM4
1
21
22
SIM5
SIM1
SIM2
SIM3
SIM4
1
21
22
SIM5
SIM1
SIM2
SIM3
SIM4
1
21
22
SIM5
SIM1
SIM2
SIM3
SIM4
1
21
22
SIM5
SIM1
SIM2
SIM3
SIM4
1
21
22
SIM5
SIM1
SIM2
SIM3
SIM4
1
21
22
SIM5
SIM1
SIM2
SIM3
SIM4
1
21
22
SIM5
SIM1
SIM2
SIM3
SIM4
1
21
22
SIM5
SIM1
SIM2
SIM3
SIM4
1
21
22
SIM5
SIM1
SIM2
SIM3
SIM4
1
21
22
SIM5
SIM1
SIM2
SIM3
SIM4
1
21
22
SIM5
SIM1
SIM2
SIM3
SIM4
1
21
22
SIM5
SIM1
SIM2
SIM3
SIM4
1
21
22
SIM5
SIM1
SIM2
SIM3
SIM4
1
21
22
SIM5
SIM1
SIM2
SIM3
SIM4
1
21
22
SIM5
SIM1
SIM2
SIM3
SIM4
1
21
22
SIM5
SIM1
SIM2
SIM3
SIM4
1
21
22
SIM5
SIM1
SIM2
SIM3
SIM4
1
21
22
SIM5
SIM1
SIM2
SIM3
SIM4
1
21
22
SIM5
SIM1
SIM2
SIM3
SIM4
1
21
22
SIM5
SIM1
SIM2
SIM3
SIM4
1
21
22
SIM5
SIM1
SIM2
SIM3
SIM4
1
21
22
SIM5
SIM1
SIM2
SIM3
SIM4
1
21
22
SIM5
SIM1
SIM2
SIM3
SIM4
1
21
22
SIM5
SIM1
SIM2
SIM3
SIM4
1
21
22
SIM5
SIM1
SIM2
SIM3
SIM4
1
21
22
SIM5
SIM1
SIM2
SIM3
SIM4
1
21
22
SIM5
SIM1
SIM2
SIM3
SIM4
1
21
22
SIM5
SIM1
SIM2
SIM3
SIM4
1
21
22
SIM5
SIM1
SIM2
SIM3
SIM4
1
21
22
SIM5
SIM1
SIM2
SIM3
SIM4
1
21
22
SIM5
SIM1
SIM2
SIM3
SIM4
1
21
22
SIM5
SIM1
SIM2
SIM3
SIM4
1
21
22
SIM5
SIM1
SIM2
SIM3
SIM4
1
21
22
SIM5
SIM1
SIM2
SIM3
SIM4
1
21
22
SIM5
SIM1
SIM2
SIM3
SIM4
1
21
22
SIM5
SIM1
SIM2
SIM3
SIM4
1
21
22
SIM5
SIM1
SIM2
SIM3
SIM4
1
21
22
SIM5
SIM1
SIM2
SIM3
SIM4
1
21
22
SIM5
SIM1
SIM2
SIM3
SIM4
1
21
22
SIM5
SIM1
SIM2
SIM3
SIM4
1
21
22
SIM5
SIM1
SIM2
SIM3
SIM4
1
21
22
SIM5
SIM1
SIM2
SIM3
SIM4
1
21
22
SIM5
SIM1
SIM2
SIM3
SIM4
1
21
22
SIM5
SIM1
SIM2
SIM3
SIM4
1
21
22
SIM5
SIM1
SIM2
SIM3
SIM4
1
21
22
SIM5
SIM1
SIM2
SIM3
SIM4
1
21
22
SIM5
SIM1
SIM2
SIM3
SIM4
1
21
22
SIM5
SIM1
SIM2
SIM3
SIM4
1
21
22
SIM5
SIM1
SIM2
SIM3
SIM4
1
21
22
SIM5
SIM1
SIM2
SIM3
SIM4
1
21
22
SIM5
SIM1
SIM2
SIM3
SIM4
1
21
22
SIM5
SIM1
SIM2
SIM3
SIM4
1
21
22
SIM5
SIM1
SIM2
SIM3
SIM4
1
21
22
SIM5
SIM1
SIM2
SIM3
SIM4
1
21
22
SIM5
SIM1
SIM2
SIM3
SIM4
1
21
22
SIM5
SIM1
SIM2
SIM3
SIM4
1
21
22
SIM5
SIM1
SIM2
SIM3
SIM4
1
21
22
SIM5
SIM1
SIM2
SIM3
SIM4
1
21
22
SIM5
SIM1
SIM2
SIM3
SIM4
1
21
22
SIM5
SIM1
SIM2
SIM3
SIM4
1
21
22
SIM5
SIM1
SIM2
SIM3
SIM4
1
21
22
SIM5
SIM1
SIM2
SIM3
SIM4
1
21
22
SIM5
SIM1
SIM2
SIM3
SIM4
1
21
22
SIM5
SIM1
SIM2
SIM3
SIM4
1
21
22
SIM5
SIM1
SIM2
SIM3
SIM4
1
21
22
SIM5
SIM1
SIM2
SIM3
SIM4
1
21
22
SIM5
SIM1
SIM2
SIM3
SIM4
1
21
22
SIM5
SIM1
SIM2
SIM3
SIM4
1
21
22
SIM5
SIM1
SIM2
SIM3
SIM4
1
21
22
SIM5
SIM1
SIM2
SIM3
SIM4
1
21
22
SIM5
SIM1
SIM2
SIM3
SIM4
1
21
22
SIM5
SIM1
SIM2
SIM3
SIM4
1
21
22
SIM5
SIM1
SIM2
SIM3
SIM4
1
21
22
SIM5
SIM1
SIM2
SIM3
SIM4
1
21
22
SIM5
SIM1
SIM2
SIM3
SIM4
1
21
22
SIM5
SIM1
SIM2
SIM3
SIM4
1
21
22
SIM5
SIM1
SIM2
SIM3
SIM4
1
21
22
SIM5
SIM1
SIM2
SIM3
SIM4
1
21
22
SIM5
SIM1
SIM2
SIM3
SIM4
1
21
22
SIM5
SIM1
SIM2
SIM3
SIM4
1
21
22
SIM5
SIM1
SIM2
SIM3
SIM4
1
21
22
SIM5
SIM1
SIM2
SIM3
SIM4
1
21
22
SIM5
SIM1
SIM2
SIM3
SIM4
1
21
22
SIM5
SIM1
SIM2
SIM3
SIM4
1
21
22
SIM5
SIM1
SIM2
SIM3
SIM4
1
21
22
SIM5
SIM1
SIM2
SIM3
SIM4
1
21
22
SIM5
SIM1
SIM2
SIM3
SIM4
1
21
22
SIM5
SIM1
SIM2
SIM3
SIM4
1
21
22
SIM5
SIM1
SIM2
SIM3
SIM4
1
21
22
SIM5
SIM1
SIM2
SIM3
SIM4
1
21
22
SIM5
SIM1
SIM2
SIM3
SIM4
1
21
22
SIM5
SIM1
SIM2
SIM3
SIM4
1
21
22
SIM5
SIM1
SIM2
SIM3
SIM4
1
21
22
SIM5
SIM1
SIM2
SIM3
SIM4
1
21
22
SIM5
SIM1
SIM2
SIM3
SIM4
1
21
22
SIM5
SIM1
SIM2
SIM3
SIM4
1
21
22
SIM5
SIM1
SIM2
SIM3
SIM4
1
21
22
SIM5
SIM1
SIM2
SIM3
SIM4
1
21
22
SIM5
SIM1
SIM2
SIM3
SIM4
1
21
22
SIM5
SIM1
SIM2
SIM3
SIM4
1
21
22
SIM5
SIM1
SIM2
SIM3
SIM4
1
21
22
SIM5
SIM1
SIM2
SIM3
SIM4
1
21
22
SIM5
SIM1
SIM2
SIM3
SIM4
1
21
22
SIM5
SIM1
SIM2
SIM3
SIM4
1
21
22
SIM5
SIM1
SIM2
SIM3
SIM4
1
21
22
SIM5
SIM1
SIM2
SIM3
SIM4
1
21
22
SIM5
SIM1
SIM2
SIM3
SIM4
1
21
22
SIM5
SIM1
SIM2
SIM3
SIM4
1
21
22
SIM5
SIM1
SIM2
SIM3
SIM4
1
21
22
SIM5
SIM1
SIM2
SIM3
SIM4
1
21
22
SIM5
SIM1
SIM2
SIM3
SIM4
1
21
22
SIM5
SIM1
SIM2
SIM3
SIM4
1
21
22
SIM5
SIM1
SIM2
SIM3
SIM4
1
21
22
SIM5
SIM1
SIM2
SIM3
SIM4
1
21
22
SIM5
SIM1
SIM2
SIM3
SIM4
1
21
22
SIM5
SIM1
SIM2
SIM3
SIM4
1
21
22
SIM5
SIM1
SIM2
SIM3
SIM4
1
21
22
SIM5
SIM1
SIM2
SIM3
SIM4
1
21
22
SIM5
SIM1
SIM2
SIM3
SIM4
1
21
22
SIM5
SIM1
SIM2
SIM3
SIM4
1
21
22
SIM5
SIM1
SIM2
SIM3
SIM4
1
21
22
SIM5
SIM1
SIM2
SIM3
SIM4
1
21
22
SIM5
SIM1
SIM2
SIM3
SIM4
1
21
22
SIM5
SIM1
SIM2
SIM3
SIM4
1
21
22
SIM5
SIM1
SIM2
SIM3
SIM4
1
21
22
SIM5
SIM1
SIM2
SIM3
SIM4
1
21
22
SIM5
SIM1
SIM2
SIM3
SIM4
1
21
22
SIM5
SIM1
SIM2
SIM3
SIM4
1
21
22
SIM5
SIM1
SIM2
SIM3
SIM4
1
21
22
SIM5
SIM1
SIM2
SIM3
SIM4
1
21
22
SIM5
SIM1
SIM2
SIM3
SIM4
1
21
22
SIM5
SIM1
SIM2
SIM3
SIM4
1
21
22
SIM5
SIM1
SIM2
SIM3
SIM4
1
21
22
SIM5
SIM1
SIM2
SIM3
SIM4
1
21
22
SIM5
SIM1
SIM2
SIM3
SIM4
1
21
22
SIM5
SIM1
SIM2
SIM3
SIM4
1
21
22
SIM5
SIM1
SIM2
SIM3
SIM4
1
21
22
SIM5
SIM1
SIM2
SIM3
SIM4
1
21
22
SIM5
SIM1
SIM2
SIM3
SIM4
1
21
22
SIM5
SIM1
SIM2
SIM3
SIM4
1
21
22
SIM5
SIM1
SIM2
SIM3
SIM4
1
21
22
SIM5
SIM1
SIM2
SIM3
SIM4
1
21
22
SIM5
SIM1
SIM2
SIM3
SIM4
1
21
22
SIM5
SIM1
SIM2
SIM3
SIM4
1
21
22
SIM5
SIM1
SIM2
SIM3
SIM4
1
21
22
SIM5
SIM1
SIM2
SIM3
SIM4
1
21
22
SIM5
SIM1
SIM2
SIM3
SIM4
1
21
22
SIM5
SIM1
SIM2
SIM3
SIM4
1
21
22
SIM5
SIM1
SIM2
SIM3
SIM4
1
21
22
SIM5
SIM1
SIM2
SIM3
SIM4
1
21
22
SIM5
SIM1
SIM2
SIM3
SIM4
1
21
22
SIM5
SIM1
SIM2
SIM3
SIM4
1
21
22
SIM5
SIM1
SIM2
SIM3
SIM4
1
21
22
SIM5
SIM1
SIM2
SIM3
SIM4
1
21
22
SIM5
SIM1
SIM2
SIM3
SIM4
1
21
22
SIM5
SIM1
SIM2
SIM3
SIM4
1
21
22
SIM5
SIM1
SIM2
SIM3
SIM4
1
21
22
SIM5
SIM1
SIM2
SIM3
SIM4
1
21
22
SIM5
SIM1
SIM2
SIM3
SIM4
1
21
22
SIM5
SIM1
SIM2
SIM3
SIM4
1
21
22
SIM5
SIM1
SIM2
SIM3
SIM4
1
21
22
SIM5
SIM1
SIM2
SIM3
SIM4
1
21
22
SIM5
SIM1
SIM2
SIM3
SIM4
1
21
22
SIM5
SIM1
SIM2
SIM3
SIM4
1
21
22
SIM5
SIM1
SIM2
SIM3
SIM4
1
21
22
SIM5
SIM1
SIM2
SIM3
SIM4
1
21
22
SIM5
SIM1
SIM2
SIM3
SIM4
1
21
22
SIM5
SIM1
SIM2
DEBUG 1 689
SIM1
SIM2
SIM3
SIM4
1
21
22
SIM5
SIM1
SIM2
SIM3
SIM4
1
21
22
SIM5
SIM1
SIM2
SIM3
SIM4
1
21
22
SIM5
SIM1
SIM2
SIM3
SIM4
1
21
22
SIM5
SIM1
SIM2
SIM3
SIM4
1
21
22
SIM5
SIM1
SIM2
SIM3
SIM4
1
21
22
SIM5
SIM1
SIM2
SIM3
SIM4
1
21
22
SIM5
SIM1
SIM2
SIM3
SIM4
1
21
22
SIM5
SIM1
SIM2
SIM3
SIM4
1
21
22
SIM5
SIM1
SIM2
SIM3
SIM4
1
21
22
SIM5
SIM1
SIM2
SIM3
SIM4
1
21
22
SIM5
SIM1
SIM2
SIM3
SIM4
1
21
22
SIM5
SIM1
SIM2
SIM3
SIM4
1
21
22
SIM5
SIM1
SIM2
SIM3
SIM4
1
21
22
SIM5
SIM1
SIM2
SIM3
SIM4
1
21
22
SIM5
SIM1
SIM2
SIM3
SIM4
1
21
22
SIM5
SIM1
SIM2
SIM3
SIM4
1
21
22
SIM5
SIM1
SIM2
SIM3
SIM4
1
21
22
SIM5
SIM1
SIM2
SIM3
SIM4
1
21
22
SIM5
SIM1
SIM2
SIM3
SIM4
1
21
22
SIM5
SIM1
SIM2
SIM3
SIM4
1
21
22
SIM5
SIM1
SIM2
SIM3
SIM4
1
21
22
SIM5
SIM1
SIM2
SIM3
SIM4
1
21
22
SIM5
SIM1
SIM2
SIM3
SIM4
1
21
22
SIM5
SIM1
SIM2
SIM3
SIM4
1
21
22
SIM5
SIM1
SIM2
SIM3
SIM4
1
21
22
SIM5
SIM1
SIM2
SIM3
SIM4
1
21
22
SIM5
SIM1
SIM2
SIM3
SIM4
1
21
22
SIM5
SIM1
SIM2
SIM3
SIM4
1
21
22
SIM5
SIM1
SIM2
SIM3
SIM4
1
21
22
SIM5
SIM1
SIM2
SIM3
SIM4
1
21
22
SIM5
SIM1
SIM2
SIM3
SIM4
1
21
22
SIM5
SIM1
SIM2
SIM3
SIM4
1
21
22
SIM5
SIM1
SIM2
SIM3
SIM4
1
21
22
SIM5
SIM1
SIM2
SIM3
SIM4
1
21
22
SIM5
SIM1
SIM2
SIM3
SIM4
1
21
22
SIM5
SIM1
SIM2
SIM3
SIM4
1
21
22
SIM5
SIM1
SIM2
SIM3
SIM4
1
21
22
SIM5
SIM1
SIM2
SIM3
SIM4
1
21
22
SIM5
SIM1
SIM2
SIM3
SIM4
1
21
22
SIM5
SIM1
SIM2
SIM3
SIM4
1
21
22
SIM5
SIM1
SIM2
SIM3
SIM4
1
21
22
SIM5
SIM1
SIM2
SIM3
SIM4
1
21
22
SIM5
SIM1
SIM2
SIM3
SIM4
1
21
22
SIM5
SIM1
SIM2
SIM3
SIM4
1
21
22
SIM5
SIM1
SIM2
SIM3
SIM4
1
21
22
SIM5
SIM1
SIM2
SIM3
SIM4
1
21
22
SIM5
SIM1
SIM2
SIM3
SIM4
1
21
22
SIM5
SIM1
SIM2
SIM3
SIM4
1
21
22
SIM5
SIM1
SIM2
SIM3
SIM4
1
21
22
SIM5
SIM1
SIM2
SIM3
SIM4
1
21
22
SIM5
SIM1
SIM2
SIM3
SIM4
1
21
22
SIM5
SIM1
SIM2
SIM3
SIM4
1
21
22
SIM5
SIM1
SIM2
SIM3
SIM4
1
21
22
SIM5
SIM1
SIM2
SIM3
SIM4
1
21
22
SIM5
SIM1
SIM2
SIM3
SIM4
1
21
22
SIM5
SIM1
SIM2
SIM3
SIM4
1
21
22
SIM5
SIM1
SIM2
SIM3
SIM4
1
21
22
SIM5
SIM1
SIM2
SIM3
SIM4
1
21
22
SIM5
SIM1
SIM2
SIM3
SIM4
1
21
22
SIM5
SIM1
SIM2
SIM3
SIM4
1
21
22
SIM5
SIM1
SIM2
SIM3
SIM4
1
21
22
SIM5
SIM1
SIM2
SIM3
SIM4
1
21
22
SIM5
SIM1
SIM2
SIM3
SIM4
1
21
22
SIM5
SIM1
SIM2
SIM3
SIM4
1
21
22
SIM5
SIM1
SIM2
SIM3
SIM4
1
21
22
SIM5
SIM1
SIM2
SIM3
SIM4
1
21
22
SIM5
SIM1
SIM2
SIM3
SIM4
1
21
22
SIM5
SIM1
SIM2
SIM3
SIM4
1
21
22
SIM5
SIM1
SIM2
SIM3
SIM4
1
21
22
SIM5
SIM1
SIM2
SIM3
SIM4
1
21
22
SIM5
SIM1
SIM2
SIM3
SIM4
1
21
22
SIM5
SIM1
SIM2
SIM3
SIM4
1
21
22
SIM5
SIM1
SIM2
SIM3
SIM4
1
21
22
SIM5
SIM1
SIM2
SIM3
SIM4
1
21
22
SIM5
SIM1
SIM2
SIM3
SIM4
1
21
22
SIM5
SIM1
SIM2
SIM3
SIM4
1
21
22
SIM5
SIM1
SIM2
SIM3
SIM4
1
21
22
SIM5
SIM1
SIM2
SIM3
SIM4
1
21
22
SIM5
SIM1
SIM2
SIM3
SIM4
1
21
22
SIM5
SIM1
SIM2
SIM3
SIM4
1
21
22
SIM5
SIM1
SIM2
SIM3
SIM4
1
21
22
SIM5
SIM1
SIM2
SIM3
SIM4
1
21
22
SIM5
SIM1
SIM2
SIM3
SIM4
1
21
22
SIM5
SIM1
SIM2
SIM3
SIM4
1
21
22
SIM5
SIM1
SIM2
SIM3
SIM4
1
21
22
SIM5
SIM1
SIM2
SIM3
SIM4
1
21
22
SIM5
SIM1
SIM2
SIM3
SIM4
1
21
22
SIM5
SIM1
SIM2
SIM3
SIM4
1
21
22
SIM5
SIM1
SIM2
SIM3
SIM4
1
21
22
SIM5
SIM1
SIM2
SIM3
SIM4
1
21
22
SIM5
SIM1
SIM2
SIM3
SIM4
1
21
22
SIM5
SIM1
SIM2
SIM3
SIM4
1
21
22
SIM5
SIM1
SIM2
SIM3
SIM4
1
21
22
SIM5
SIM1
SIM2
SIM3
SIM4
1
21
22
SIM5
SIM1
SIM2
SIM3
SIM4
1
21
22
SIM5
SIM1
SIM2
SIM3
SIM4
1
21
22
SIM5
SIM1
SIM2
SIM3
SIM4
1
21
22
SIM5
SIM1
SIM2
SIM3
SIM4
1
21
22
SIM5
SIM1
SIM2
SIM3
SIM4
1
21
22
SIM5
SIM1
SIM2
SIM3
SIM4
1
21
22
SIM5
SIM1
SIM2
SIM3
SIM4
1
21
22
SIM5
SIM1
SIM2
SIM3
SIM4
1
21
22
SIM5
SIM1
SIM2
SIM3
SIM4
1
21
22
SIM5
SIM1
SIM2
SIM3
SIM4
1
21
22
SIM5
SIM1
SIM2
SIM3
SIM4
1
21
22
SIM5
SIM1
SIM2
SIM3
SIM4
1
21
22
SIM5
SIM1
SIM2
SIM3
SIM4
1
21
22
SIM5
SIM1
SIM2
SIM3
SIM4
1
21
22
SIM5
SIM1
SIM2
SIM3
SIM4
1
21
22
SIM5
SIM1
SIM2
SIM3
SIM4
1
21
22
SIM5
SIM1
SIM2
SIM3
SIM4
1
21
22
SIM5
SIM1
SIM2
SIM3
SIM4
1
21
22
SIM5
SIM1
SIM2
SIM3
SIM4
1
21
22
SIM5
SIM1
SIM2
SIM3
SIM4
1
21
22
SIM5
SIM1
SIM2
SIM3
SIM4
1
21
22
SIM5
SIM1
SIM2
SIM3
SIM4
1
21
22
SIM5
SIM1
SIM2
SIM3
SIM4
1
21
22
SIM5
SIM1
SIM2
SIM3
SIM4
1
21
22
SIM5
SIM1
SIM2
SIM3
SIM4
1
21
22
SIM5
SIM1
SIM2
SIM3
SIM4
1
21
22
SIM5
SIM1
SIM2
SIM3
SIM4
1
21
22
SIM5
SIM1
SIM2
SIM3
SIM4
1
21
22
SIM5
SIM1
SIM2
SIM3
SIM4
1
21
22
SIM5
SIM1
SIM2
SIM3
SIM4
1
21
22
SIM5
SIM1
SIM2
SIM3
SIM4
1
21
22
SIM5
SIM1
SIM2
SIM3
SIM4
1
21
22
SIM5
SIM1
SIM2
SIM3
SIM4
1
21
22
SIM5
SIM1
SIM2
SIM3
SIM4
1
21
22
SIM5
SIM1
SIM2
SIM3
SIM4
1
21
22
SIM5
SIM1
SIM2
SIM3
SIM4
1
21
22
SIM5
SIM1
SIM2
SIM3
SIM4
1
21
22
SIM5
SIM1
SIM2
SIM3
SIM4
1
21
22
SIM5
SIM1
SIM2
SIM3
SIM4
1
21
22
SIM5
SIM1
SIM2
SIM3
SIM4
1
21
22
SIM5
SIM1
SIM2
SIM3
SIM4
1
21
22
SIM5
SIM1
SIM2
SIM3
SIM4
1
21
22
SIM5
SIM1
SIM2
SIM3
SIM4
1
21
22
SIM5
SIM1
SIM2
SIM3
SIM4
1
21
22
SIM5
SIM1
SIM2
SIM3
SIM4
1
21
22
SIM5
SIM1
SIM2
SIM3
SIM4
1
21
22
SIM5
SIM1
SIM2
SIM3
SIM4
1
21
22
SIM5
SIM1
SIM2
SIM3
SIM4
1
21
22
SIM5
SIM1
SIM2
SIM3
SIM4
1
21
22
SIM5
SIM1
SIM2
SIM3
SIM4
1
21
22
SIM5
SIM1
SIM2
SIM3
SIM4
1
21
22
SIM5
SIM1
SIM2
SIM3
SIM4
1
21
22
SIM5
SIM1
SIM2
SIM3
SIM4
1
21
22
SIM5
SIM1
SIM2
SIM3
SIM4
1
21
22
SIM5
SIM1
SIM2
SIM3
SIM4
1
21
22
SIM5
SIM1
SIM2
SIM3
SIM4
1
21
22
SIM5
SIM1
SIM2
SIM3
SIM4
1
21
22
SIM5
SIM1
SIM2
SIM3
SIM4
1
21
22
SIM5
SIM1
SIM2
SIM3
SIM4
1
21
22
SIM5
SIM1
SIM2
SIM3
SIM4
1
21
22
SIM5
SIM1
SIM2
SIM3
SIM4
1
21
22
SIM5
SIM1
SIM2
SIM3
SIM4
1
21
22
SIM5
SIM1
SIM2
SIM3
SIM4
1
21
22
SIM5
SIM1
SIM2
SIM3
SIM4
1
21
22
SIM5
SIM1
SIM2
SIM3
SIM4
1
21
22
SIM5
SIM1
SIM2
SIM3
SIM4
1
21
22
SIM5
SIM1
SIM2
SIM3
SIM4
1
21
22
SIM5
SIM1
SIM2
SIM3
SIM4
1
21
22
SIM5
SIM1
SIM2
SIM3
SIM4
1
21
22
SIM5
SIM1
SIM2
SIM3
SIM4
1
21
22
SIM5
SIM1
SIM2
SIM3
SIM4
1
21
22
SIM5
SIM1
SIM2
SIM3
SIM4
1
21
22
SIM5
SIM1
SIM2
SIM3
SIM4
1
21
22
SIM5
SIM1
SIM2
SIM3
SIM4
1
21
22
SIM5
SIM1
SIM2
SIM3
SIM4
1
21
22
SIM5
SIM1
SIM2
SIM3
SIM4
1
21
22
SIM5
SIM1
SIM2
SIM3
SIM4
1
21
22
SIM5
SIM1
SIM2
SIM3
SIM4
1
21
22
SIM5
SIM1
SIM2
SIM3
SIM4
1
21
22
SIM5
SIM1
SIM2
SIM3
SIM4
1
21
22
SIM5
SIM1
SIM2
SIM3
SIM4
1
21
22
SIM5
SIM1
SIM2
SIM3
SIM4
1
21
22
SIM5
SIM1
SIM2
SIM3
SIM4
1
21
22
SIM5
SIM1
SIM2
SIM3
SIM4
1
21
22
SIM5
SIM1
SIM2
SIM3
SIM4
1
21
22
SIM5
SIM1
SIM2
SIM3
SIM4
1
21
22
SIM5
SIM1
SIM2
SIM3
SIM4
1
21
22
SIM5
SIM1
SIM2
SIM3
SIM4
1
21
22
SIM5
SIM1
SIM2
SIM3
SIM4
1
21
22
SIM5
SIM1
SIM2
SIM3
SIM4
1
21
22
SIM5
SIM1
SIM2
SIM3
SIM4
1
21
22
SIM5
SIM1
SIM2
SIM3
SIM4
1
21
22
SIM5
SIM1
SIM2
SIM3
SIM4
1
21
22
SIM5
SIM1
SIM2
SIM3
SIM4
1
21
22
SIM5
SIM1
SIM2
SIM3
SIM4
1
21
22
SIM5
SIM1
SIM2
SIM3
SIM4
1
21
22
SIM5
SIM1
SIM2
SIM3
SIM4
1
21
22
SIM5
SIM1
SIM2
SIM3
SIM4
1
21
22
SIM5
SIM1
SIM2
SIM3
SIM4
1
21
22
SIM5
SIM1
SIM2
SIM3
SIM4
1
21
22
SIM5
SIM1
SIM2
SIM3
SIM4
1
21
22
SIM5
SIM1
SIM2
SIM3
SIM4
1
21
22
SIM5
SIM1
SIM2
SIM3
SIM4
1
21
22
SIM5
SIM1
SIM2
SIM3
SIM4
1
21
22
SIM5
SIM1
SIM2
SIM3
SIM4
1
21
22
SIM5
SIM1
SIM2
SIM3
SIM4
1
21
22
SIM5
SIM1
SIM2
SIM3
SIM4
1
21
22
SIM5
SIM1
SIM2
SIM3
SIM4
1
21
22
SIM5
SIM1
SIM2
SIM3
SIM4
1
21
22
SIM5
SIM1
SIM2
SIM3
SIM4
1
21
22
SIM5
SIM1
SIM2
SIM3
SIM4
1
21
22
SIM5
SIM1
SIM2
SIM3
SIM4
1
21
22
SIM5
SIM1
SIM2
SIM3
SIM4
1
21
22
SIM5
SIM1
SIM2
SIM3
SIM4
1
21
22
SIM5
SIM1
SIM2
SIM3
SIM4
1
21
22
SIM5
SIM1
SIM2
SIM3
SIM4
1
21
22
SIM5
SIM1
SIM2
SIM3
SIM4
1
21
22
SIM5
SIM1
SIM2
SIM3
SIM4
1
21
22
SIM5
SIM1
SIM2
SIM3
SIM4
1
21
22
SIM5
SIM1
SIM2
SIM3
SIM4
1
21
22
SIM5
SIM1
SIM2
SIM3
SIM4
1
21
22
SIM5
SIM1
SIM2
SIM3
SIM4
1
21
22
SIM5
SIM1
SIM2
SIM3
SIM4
1
21
22
SIM5
SIM1
SIM2
SIM3
SIM4
1
21
22
SIM5
SIM1
SIM2
SIM3
SIM4
1
21
22
SIM5
SIM1
SIM2
SIM3
SIM4
1
21
22
SIM5
SIM1
SIM2
SIM3
SIM4
1
21
22
SIM5
SIM1
SIM2
SIM3
SIM4
1
21
22
SIM5
SIM1
SIM2
SIM3
SIM4
1
21
22
SIM5
SIM1
SIM2
SIM3
SIM4
1
21
22
SIM5
SIM1
SIM2
SIM3
SIM4
1
21
22
SIM5
SIM1
SIM2
SIM3
SIM4
1
21
22
SIM5
SIM1
SIM2
SIM3
SIM4
1
21
22
SIM5
SIM1
SIM2
SIM3
SIM4
1
21
22
SIM5
SIM1
SIM2
SIM3
SIM4
1
21
22
SIM5
SIM1
SIM2
SIM3
SIM4
1
21
22
SIM5
SIM1
SIM2
SIM3
SIM4
1
21
22
SIM5
SIM1
SIM2
SIM3
SIM4
1
21
22
SIM5
SIM1
SIM2
SIM3
SIM4
1
21
22
SIM5
SIM1
SIM2
SIM3
SIM4
1
21
22
SIM5
SIM1
SIM2
SIM3
SIM4
1
21
22
SIM5
SIM1
SIM2
SIM3
SIM4
1
21
22
SIM5
SIM1
SIM2
SIM3
SIM4
1
21
22
SIM5
SIM1
SIM2
SIM3
SIM4
1
21
22
SIM5
SIM1
SIM2
SIM3
SIM4
1
21
22
SIM5
SIM1
SIM2
SIM3
SIM4
1
21
22
SIM5
SIM1
SIM2
SIM3
SIM4
1
21
22
SIM5
SIM1
SIM2
SIM3
SIM4
1
21
22
SIM5
SIM1
SIM2
SIM3
SIM4
1
21
22
SIM5
SIM1
SIM2
SIM3
SIM4
1
21
22
SIM5
SIM1
SIM2
SIM3
SIM4
1
21
22
SIM5
SIM1
SIM2
SIM3
SIM4
1
21
22
SIM5
SIM1
SIM2
SIM3
SIM4
1
21
22
SIM5
SIM1
SIM2
SIM3
SIM4
1
21
22
SIM5
SIM1
SIM2
SIM3
SIM4
1
21
22
SIM5
SIM1
SIM2
SIM3
SIM4
1
21
22
SIM5
SIM1
SIM2
SIM3
SIM4
1
21
22
SIM5
SIM1
SIM2
SIM3
SIM4
1
21
22
SIM5
SIM1
SIM2
SIM3
SIM4
1
21
22
SIM5
SIM1
SIM2
SIM3
SIM4
1
21
22
SIM5
SIM1
SIM2
SIM3
SIM4
1
21
22
SIM5
SIM1
SIM2
SIM3
SIM4
1
21
22
SIM5
SIM1
SIM2
SIM3
SIM4
1
21
22
SIM5
SIM1
SIM2
SIM3
SIM4
1
21
22
SIM5
SIM1
SIM2
SIM3
SIM4
1
21
22
SIM5
SIM1
SIM2
SIM3
SIM4
1
21
22
SIM5
SIM1
SIM2
SIM3
SIM4
1
21
22
SIM5
SIM1
SIM2
SIM3
SIM4
1
21
22
SIM5
SIM1
SIM2
SIM3
SIM4
1
21
22
SIM5
SIM1
SIM2
SIM3
SIM4
1
21
22
SIM5
SIM1
SIM2
SIM3
SIM4
1
21
22
SIM5
SIM1
SIM2
SIM3
SIM4
1
21
22
SIM5
SIM1
SIM2
SIM3
SIM4
1
21
22
SIM5
SIM1
SIM2
SIM3
SIM4
1
21
22
SIM5
SIM1
SIM2
SIM3
SIM4
1
21
22
SIM5
SIM1
SIM2
SIM3
SIM4
1
21
22
SIM5
SIM1
SIM2
SIM3
SIM4
1
21
22
SIM5
SIM1
SIM2
SIM3
SIM4
1
21
22
SIM5
SIM1
SIM2
SIM3
SIM4
1
21
22
SIM5
SIM1
SIM2
SIM3
SIM4
1
21
22
SIM5
SIM1
SIM2
SIM3
SIM4
1
21
22
SIM5
SIM1
SIM2
SIM3
SIM4
1
21
22
SIM5
SIM1
SIM2
SIM3
SIM4
1
21
22
SIM5
SIM1
SIM2
SIM3
SIM4
1
21
22
SIM5
SIM1
SIM2
SIM3
SIM4
1
21
22
SIM5
SIM1
SIM2
SIM3
SIM4
1
21
22
SIM5
SIM1
SIM2
SIM3
SIM4
1
21
22
SIM5
SIM1
SIM2
SIM3
SIM4
1
21
22
SIM5
SIM1
SIM2
DEBUG 1 690
SIM1
SIM2
SIM3
SIM4
1
21
22
SIM5
SIM1
SIM2
SIM3
SIM4
1
21
22
SIM5
SIM1
SIM2
SIM3
SIM4
1
21
22
SIM5
SIM1
SIM2
SIM3
SIM4
1
21
22
SIM5
SIM1
SIM2
SIM3
SIM4
1
21
22
SIM5
SIM1
SIM2
SIM3
SIM4
1
21
22
SIM5
SIM1
SIM2
SIM3
SIM4
1
21
22
SIM5
SIM1
SIM2
SIM3
SIM4
1
21
22
SIM5
SIM1
SIM2
SIM3
SIM4
1
21
22
SIM5
SIM1
SIM2
SIM3
SIM4
1
21
22
SIM5
SIM1
SIM2
SIM3
SIM4
1
21
22
SIM5
SIM1
SIM2
SIM3
SIM4
1
21
22
SIM5
SIM1
SIM2
SIM3
SIM4
1
21
22
SIM5
SIM1
SIM2
SIM3
SIM4
1
21
22
SIM5
SIM1
SIM2
SIM3
SIM4
1
21
22
SIM5
SIM1
SIM2
SIM3
SIM4
1
21
22
SIM5
SIM1
SIM2
SIM3
SIM4
1
21
22
SIM5
SIM1
SIM2
SIM3
SIM4
1
21
22
SIM5
SIM1
SIM2
SIM3
SIM4
1
21
22
SIM5
SIM1
SIM2
SIM3
SIM4
1
21
22
SIM5
SIM1
SIM2
SIM3
SIM4
1
21
22
SIM5
SIM1
SIM2
SIM3
SIM4
1
21
22
SIM5
SIM1
SIM2
SIM3
SIM4
1
21
22
SIM5
SIM1
SIM2
SIM3
SIM4
1
21
22
SIM5
SIM1
SIM2
SIM3
SIM4
1
21
22
SIM5
SIM1
SIM2
SIM3
SIM4
1
21
22
SIM5
SIM1
SIM2
SIM3
SIM4
1
21
22
SIM5
SIM1
SIM2
SIM3
SIM4
1
21
22
SIM5
SIM1
SIM2
SIM3
SIM4
1
21
22
SIM5
SIM1
SIM2
SIM3
SIM4
1
21
22
SIM5
SIM1
SIM2
SIM3
SIM4
1
21
22
SIM5
SIM1
SIM2
SIM3
SIM4
1
21
22
SIM5
SIM1
SIM2
SIM3
SIM4
1
21
22
SIM5
SIM1
SIM2
SIM3
SIM4
1
21
22
SIM5
SIM1
SIM2
SIM3
SIM4
1
21
22
SIM5
SIM1
SIM2
SIM3
SIM4
1
21
22
SIM5
SIM1
SIM2
SIM3
SIM4
1
21
22
SIM5
SIM1
SIM2
SIM3
SIM4
1
21
22
SIM5
SIM1
SIM2
SIM3
SIM4
1
21
22
SIM5
SIM1
SIM2
SIM3
SIM4
1
21
22
SIM5
SIM1
SIM2
SIM3
SIM4
1
21
22
SIM5
SIM1
SIM2
SIM3
SIM4
1
21
22
SIM5
SIM1
SIM2
SIM3
SIM4
1
21
22
SIM5
SIM1
SIM2
SIM3
SIM4
1
21
22
SIM5
SIM1
SIM2
SIM3
SIM4
1
21
22
SIM5
SIM1
SIM2
SIM3
SIM4
1
21
22
SIM5
SIM1
SIM2
SIM3
SIM4
1
21
22
SIM5
SIM1
SIM2
SIM3
SIM4
1
21
22
SIM5
SIM1
SIM2
SIM3
SIM4
1
21
22
SIM5
SIM1
SIM2
SIM3
SIM4
1
21
22
SIM5
SIM1
SIM2
SIM3
SIM4
1
21
22
SIM5
SIM1
SIM2
SIM3
SIM4
1
21
22
SIM5
SIM1
SIM2
SIM3
SIM4
1
21
22
SIM5
SIM1
SIM2
SIM3
SIM4
1
21
22
SIM5
SIM1
SIM2
SIM3
SIM4
1
21
22
SIM5
SIM1
SIM2
SIM3
SIM4
1
21
22
SIM5
SIM1
SIM2
SIM3
SIM4
1
21
22
SIM5
SIM1
SIM2
SIM3
SIM4
1
21
22
SIM5
SIM1
SIM2
SIM3
SIM4
1
21
22
SIM5
SIM1
SIM2
SIM3
SIM4
1
21
22
SIM5
SIM1
SIM2
SIM3
SIM4
1
21
22
SIM5
SIM1
SIM2
SIM3
SIM4
1
21
22
SIM5
SIM1
SIM2
SIM3
SIM4
1
21
22
SIM5
SIM1
SIM2
SIM3
SIM4
1
21
22
SIM5
SIM1
SIM2
SIM3
SIM4
1
21
22
SIM5
SIM1
SIM2
SIM3
SIM4
1
21
22
SIM5
SIM1
SIM2
SIM3
SIM4
1
21
22
SIM5
SIM1
SIM2
SIM3
SIM4
1
21
22
SIM5
SIM1
SIM2
SIM3
SIM4
1
21
22
SIM5
SIM1
SIM2
SIM3
SIM4
1
21
22
SIM5
SIM1
SIM2
SIM3
SIM4
1
21
22
SIM5
SIM1
SIM2
SIM3
SIM4
1
21
22
SIM5
SIM1
SIM2
SIM3
SIM4
1
21
22
SIM5
SIM1
SIM2
SIM3
SIM4
1
21
22
SIM5
SIM1
SIM2
SIM3
SIM4
1
21
22
SIM5
SIM1
SIM2
SIM3
SIM4
1
21
22
SIM5
SIM1
SIM2
SIM3
SIM4
1
21
22
SIM5
SIM1
SIM2
SIM3
SIM4
1
21
22
SIM5
SIM1
SIM2
SIM3
SIM4
1
21
22
SIM5
SIM1
SIM2
SIM3
SIM4
1
21
22
SIM5
SIM1
SIM2
SIM3
SIM4
1
21
22
SIM5
SIM1
SIM2
SIM3
SIM4
1
21
22
SIM5
SIM1
SIM2
SIM3
SIM4
1
21
22
SIM5
SIM1
SIM2
SIM3
SIM4
1
21
22
SIM5
SIM1
SIM2
SIM3
SIM4
1
21
22
SIM5
SIM1
SIM2
SIM3
SIM4
1
21
22
SIM5
SIM1
SIM2
SIM3
SIM4
1
21
22
SIM5
SIM1
SIM2
SIM3
SIM4
1
21
22
SIM5
SIM1
SIM2
SIM3
SIM4
1
21
22
SIM5
SIM1
SIM2
SIM3
SIM4
1
21
22
SIM5
SIM1
SIM2
SIM3
SIM4
1
21
22
SIM5
SIM1
SIM2
SIM3
SIM4
1
21
22
SIM5
SIM1
SIM2
SIM3
SIM4
1
21
22
SIM5
SIM1
SIM2
SIM3
SIM4
1
21
22
SIM5
SIM1
SIM2
SIM3
SIM4
1
21
22
SIM5
SIM1
SIM2
SIM3
SIM4
1
21
22
SIM5
SIM1
SIM2
SIM3
SIM4
1
21
22
SIM5
SIM1
SIM2
SIM3
SIM4
1
21
22
SIM5
SIM1
SIM2
SIM3
SIM4
1
21
22
SIM5
SIM1
SIM2
SIM3
SIM4
1
21
22
SIM5
SIM1
SIM2
SIM3
SIM4
1
21
22
SIM5
SIM1
SIM2
SIM3
SIM4
1
21
22
SIM5
SIM1
SIM2
SIM3
SIM4
1
21
22
SIM5
SIM1
SIM2
SIM3
SIM4
1
21
22
SIM5
SIM1
SIM2
SIM3
SIM4
1
21
22
SIM5
SIM1
SIM2
SIM3
SIM4
1
21
22
SIM5
SIM1
SIM2
SIM3
SIM4
1
21
22
SIM5
SIM1
SIM2
SIM3
SIM4
1
21
22
SIM5
SIM1
SIM2
SIM3
SIM4
1
21
22
SIM5
SIM1
SIM2
SIM3
SIM4
1
21
22
SIM5
SIM1
SIM2
SIM3
SIM4
1
21
22
SIM5
SIM1
SIM2
SIM3
SIM4
1
21
22
SIM5
SIM1
SIM2
SIM3
SIM4
1
21
22
SIM5
SIM1
SIM2
SIM3
SIM4
1
21
22
SIM5
SIM1
SIM2
SIM3
SIM4
1
21
22
SIM5
SIM1
SIM2
SIM3
SIM4
1
21
22
SIM5
SIM1
SIM2
SIM3
SIM4
1
21
22
SIM5
SIM1
SIM2
SIM3
SIM4
1
21
22
SIM5
SIM1
SIM2
SIM3
SIM4
1
21
22
SIM5
SIM1
SIM2
SIM3
SIM4
1
21
22
SIM5
SIM1
SIM2
SIM3
SIM4
1
21
22
SIM5
SIM1
SIM2
SIM3
SIM4
1
21
22
SIM5
SIM1
SIM2
SIM3
SIM4
1
21
22
SIM5
SIM1
SIM2
SIM3
SIM4
1
21
22
SIM5
SIM1
SIM2
SIM3
SIM4
1
21
22
SIM5
SIM1
SIM2
SIM3
SIM4
1
21
22
SIM5
SIM1
SIM2
SIM3
SIM4
1
21
22
SIM5
SIM1
SIM2
SIM3
SIM4
1
21
22
SIM5
SIM1
SIM2
SIM3
SIM4
1
21
22
SIM5
SIM1
SIM2
SIM3
SIM4
1
21
22
SIM5
SIM1
SIM2
SIM3
SIM4
1
21
22
SIM5
SIM1
SIM2
SIM3
SIM4
1
21
22
SIM5
SIM1
SIM2
SIM3
SIM4
1
21
22
SIM5
SIM1
SIM2
SIM3
SIM4
1
21
22
SIM5
SIM1
SIM2
SIM3
SIM4
1
21
22
SIM5
SIM1
SIM2
SIM3
SIM4
1
21
22
SIM5
SIM1
SIM2
SIM3
SIM4
1
21
22
SIM5
SIM1
SIM2
SIM3
SIM4
1
21
22
SIM5
SIM1
SIM2
SIM3
SIM4
1
21
22
SIM5
SIM1
SIM2
SIM3
SIM4
1
21
22
SIM5
SIM1
SIM2
SIM3
SIM4
1
21
22
SIM5
SIM1
SIM2
SIM3
SIM4
1
21
22
SIM5
SIM1
SIM2
SIM3
SIM4
1
21
22
SIM5
SIM1
SIM2
SIM3
SIM4
1
21
22
SIM5
SIM1
SIM2
SIM3
SIM4
1
21
22
SIM5
SIM1
SIM2
SIM3
SIM4
1
21
22
SIM5
SIM1
SIM2
SIM3
SIM4
1
21
22
SIM5
SIM1
SIM2
SIM3
SIM4
1
21
22
SIM5
SIM1
SIM2
SIM3
SIM4
1
21
22
SIM5
SIM1
SIM2
SIM3
SIM4
1
21
22
SIM5
SIM1
SIM2
SIM3
SIM4
1
21
22
SIM5
SIM1
SIM2
SIM3
SIM4
1
21
22
SIM5
SIM1
SIM2
SIM3
SIM4
1
21
22
SIM5
SIM1
SIM2
SIM3
SIM4
1
21
22
SIM5
SIM1
SIM2
SIM3
SIM4
1
21
22
SIM5
SIM1
SIM2
SIM3
SIM4
1
21
22
SIM5
SIM1
SIM2
SIM3
SIM4
1
21
22
SIM5
SIM1
SIM2
SIM3
SIM4
1
21
22
SIM5
SIM1
SIM2
SIM3
SIM4
1
21
22
SIM5
SIM1
SIM2
SIM3
SIM4
1
21
22
SIM5
SIM1
SIM2
SIM3
SIM4
1
21
22
SIM5
SIM1
SIM2
SIM3
SIM4
1
21
22
SIM5
SIM1
SIM2
SIM3
SIM4
1
21
22
SIM5
SIM1
SIM2
SIM3
SIM4
1
21
22
SIM5
SIM1
SIM2
SIM3
SIM4
1
21
22
SIM5
SIM1
SIM2
SIM3
SIM4
1
21
22
SIM5
SIM1
SIM2
SIM3
SIM4
1
21
22
SIM5
SIM1
SIM2
SIM3
SIM4
1
21
22
SIM5
SIM1
SIM2
SIM3
SIM4
1
21
22
SIM5
SIM1
SIM2
SIM3
SIM4
1
21
22
SIM5
SIM1
SIM2
SIM3
SIM4
1
21
22
SIM5
SIM1
SIM2
SIM3
SIM4
1
21
22
SIM5
SIM1
SIM2
SIM3
SIM4
1
21
22
SIM5
SIM1
SIM2
SIM3
SIM4
1
21
22
SIM5
SIM1
SIM2
SIM3
SIM4
1
21
22
SIM5
SIM1
SIM2
SIM3
SIM4
1
21
22
SIM5
SIM1
SIM2
SIM3
SIM4
1
21
22
SIM5
SIM1
SIM2
SIM3
SIM4
1
21
22
SIM5
SIM1
SIM2
SIM3
SIM4
1
21
22
SIM5
SIM1
SIM2
SIM3
SIM4
1
21
22
SIM5
SIM1
SIM2
SIM3
SIM4
1
21
22
SIM5
SIM1
SIM2
SIM3
SIM4
1
21
22
SIM5
SIM1
SIM2
SIM3
SIM4
1
21
22
SIM5
SIM1
SIM2
SIM3
SIM4
1
21
22
SIM5
SIM1
SIM2
SIM3
SIM4
1
21
22
SIM5
SIM1
SIM2
SIM3
SIM4
1
21
22
SIM5
SIM1
SIM2
SIM3
SIM4
1
21
22
SIM5
SIM1
SIM2
SIM3
SIM4
1
21
22
SIM5
SIM1
SIM2
SIM3
SIM4
1
21
22
SIM5
SIM1
SIM2
SIM3
SIM4
1
21
22
SIM5
SIM1
SIM2
SIM3
SIM4
1
21
22
SIM5
SIM1
SIM2
SIM3
SIM4
1
21
22
SIM5
SIM1
SIM2
SIM3
SIM4
1
21
22
SIM5
SIM1
SIM2
SIM3
SIM4
1
21
22
SIM5
SIM1
SIM2
SIM3
SIM4
1
21
22
SIM5
SIM1
SIM2
SIM3
SIM4
1
21
22
SIM5
SIM1
SIM2
SIM3
SIM4
1
21
22
SIM5
SIM1
SIM2
SIM3
SIM4
1
21
22
SIM5
SIM1
SIM2
SIM3
SIM4
1
21
22
SIM5
SIM1
SIM2
SIM3
SIM4
1
21
22
SIM5
SIM1
SIM2
SIM3
SIM4
1
21
22
SIM5
SIM1
SIM2
SIM3
SIM4
1
21
22
SIM5
SIM1
SIM2
SIM3
SIM4
1
21
22
SIM5
SIM1
SIM2
SIM3
SIM4
1
21
22
SIM5
SIM1
SIM2
SIM3
SIM4
1
21
22
SIM5
SIM1
SIM2
SIM3
SIM4
1
21
22
SIM5
SIM1
SIM2
SIM3
SIM4
1
21
22
SIM5
SIM1
SIM2
SIM3
SIM4
1
21
22
SIM5
SIM1
SIM2
SIM3
SIM4
1
21
22
SIM5
SIM1
SIM2
SIM3
SIM4
1
21
22
SIM5
SIM1
SIM2
SIM3
SIM4
1
21
22
SIM5
SIM1
SIM2
SIM3
SIM4
1
21
22
SIM5
SIM1
SIM2
SIM3
SIM4
1
21
22
SIM5
SIM1
SIM2
SIM3
SIM4
1
21
22
SIM5
SIM1
SIM2
SIM3
SIM4
1
21
22
SIM5
SIM1
SIM2
SIM3
SIM4
1
21
22
SIM5
SIM1
SIM2
SIM3
SIM4
1
21
22
SIM5
SIM1
SIM2
SIM3
SIM4
1
21
22
SIM5
SIM1
SIM2
SIM3
SIM4
1
21
22
SIM5
SIM1
SIM2
SIM3
SIM4
1
21
22
SIM5
SIM1
SIM2
SIM3
SIM4
1
21
22
SIM5
SIM1
SIM2
SIM3
SIM4
1
21
22
SIM5
SIM1
SIM2
SIM3
SIM4
1
21
22
SIM5
SIM1
SIM2
SIM3
SIM4
1
21
22
SIM5
SIM1
SIM2
SIM3
SIM4
1
21
22
SIM5
SIM1
SIM2
SIM3
SIM4
1
21
22
SIM5
SIM1
SIM2
SIM3
SIM4
1
21
22
SIM5
SIM1
SIM2
SIM3
SIM4
1
21
22
SIM5
SIM1
SIM2
DEBUG 1 691
SIM1
SIM2
SIM3
SIM4
1
21
22
SIM5
SIM1
SIM2
SIM3
SIM4
1
21
22
SIM5
SIM1
SIM2
SIM3
SIM4
1
21
22
SIM5
SIM1
SIM2
SIM3
SIM4
1
21
22
SIM5
SIM1
SIM2
SIM3
SIM4
1
21
22
SIM5
SIM1
SIM2
SIM3
SIM4
1
21
22
SIM5
SIM1
SIM2
SIM3
SIM4
1
21
22
SIM5
SIM1
SIM2
SIM3
SIM4
1
21
22
SIM5
SIM1
SIM2
SIM3
SIM4
1
21
22
SIM5
SIM1
SIM2
SIM3
SIM4
1
21
22
SIM5
SIM1
SIM2
SIM3
SIM4
1
21
22
SIM5
SIM1
SIM2
SIM3
SIM4
1
21
22
SIM5
SIM1
SIM2
SIM3
SIM4
1
21
22
SIM5
SIM1
SIM2
SIM3
SIM4
1
21
22
SIM5
SIM1
SIM2
SIM3
SIM4
1
21
22
SIM5
SIM1
SIM2
SIM3
SIM4
1
21
22
SIM5
SIM1
SIM2
SIM3
SIM4
1
21
22
SIM5
SIM1
SIM2
SIM3
SIM4
1
21
22
SIM5
SIM1
SIM2
SIM3
SIM4
1
21
22
SIM5
SIM1
SIM2
SIM3
SIM4
1
21
22
SIM5
SIM1
SIM2
SIM3
SIM4
1
21
22
SIM5
SIM1
SIM2
SIM3
SIM4
1
21
22
SIM5
SIM1
SIM2
SIM3
SIM4
1
21
22
SIM5
SIM1
SIM2
SIM3
SIM4
1
21
22
SIM5
SIM1
SIM2
SIM3
SIM4
1
21
22
SIM5
SIM1
SIM2
SIM3
SIM4
1
21
22
SIM5
SIM1
SIM2
SIM3
SIM4
1
21
22
SIM5
SIM1
SIM2
SIM3
SIM4
1
21
22
SIM5
SIM1
SIM2
SIM3
SIM4
1
21
22
SIM5
SIM1
SIM2
SIM3
SIM4
1
21
22
SIM5
SIM1
SIM2
SIM3
SIM4
1
21
22
SIM5
SIM1
SIM2
SIM3
SIM4
1
21
22
SIM5
SIM1
SIM2
SIM3
SIM4
1
21
22
SIM5
SIM1
SIM2
SIM3
SIM4
1
21
22
SIM5
SIM1
SIM2
SIM3
SIM4
1
21
22
SIM5
SIM1
SIM2
SIM3
SIM4
1
21
22
SIM5
SIM1
SIM2
SIM3
SIM4
1
21
22
SIM5
SIM1
SIM2
SIM3
SIM4
1
21
22
SIM5
SIM1
SIM2
SIM3
SIM4
1
21
22
SIM5
SIM1
SIM2
SIM3
SIM4
1
21
22
SIM5
SIM1
SIM2
SIM3
SIM4
1
21
22
SIM5
SIM1
SIM2
SIM3
SIM4
1
21
22
SIM5
SIM1
SIM2
SIM3
SIM4
1
21
22
SIM5
SIM1
SIM2
SIM3
SIM4
1
21
22
SIM5
SIM1
SIM2
SIM3
SIM4
1
21
22
SIM5
SIM1
SIM2
SIM3
SIM4
1
21
22
SIM5
SIM1
SIM2
SIM3
SIM4
1
21
22
SIM5
SIM1
SIM2
SIM3
SIM4
1
21
22
SIM5
SIM1
SIM2
SIM3
SIM4
1
21
22
SIM5
SIM1
SIM2
SIM3
SIM4
1
21
22
SIM5
SIM1
SIM2
SIM3
SIM4
1
21
22
SIM5
SIM1
SIM2
SIM3
SIM4
1
21
22
SIM5
SIM1
SIM2
SIM3
SIM4
1
21
22
SIM5
SIM1
SIM2
SIM3
SIM4
1
21
22
SIM5
SIM1
SIM2
SIM3
SIM4
1
21
22
SIM5
SIM1
SIM2
SIM3
SIM4
1
21
22
SIM5
SIM1
SIM2
SIM3
SIM4
1
21
22
SIM5
SIM1
SIM2
SIM3
SIM4
1
21
22
SIM5
SIM1
SIM2
SIM3
SIM4
1
21
22
SIM5
SIM1
SIM2
SIM3
SIM4
1
21
22
SIM5
SIM1
SIM2
SIM3
SIM4
1
21
22
SIM5
SIM1
SIM2
SIM3
SIM4
1
21
22
SIM5
SIM1
SIM2
SIM3
SIM4
1
21
22
SIM5
SIM1
SIM2
SIM3
SIM4
1
21
22
SIM5
SIM1
SIM2
SIM3
SIM4
1
21
22
SIM5
SIM1
SIM2
SIM3
SIM4
1
21
22
SIM5
SIM1
SIM2
SIM3
SIM4
1
21
22
SIM5
SIM1
SIM2
SIM3
SIM4
1
21
22
SIM5
SIM1
SIM2
SIM3
SIM4
1
21
22
SIM5
SIM1
SIM2
SIM3
SIM4
1
21
22
SIM5
SIM1
SIM2
SIM3
SIM4
1
21
22
SIM5
SIM1
SIM2
SIM3
SIM4
1
21
22
SIM5
SIM1
SIM2
SIM3
SIM4
1
21
22
SIM5
SIM1
SIM2
SIM3
SIM4
1
21
22
SIM5
SIM1
SIM2
SIM3
SIM4
1
21
22
SIM5
SIM1
SIM2
SIM3
SIM4
1
21
22
SIM5
SIM1
SIM2
SIM3
SIM4
1
21
22
SIM5
SIM1
SIM2
SIM3
SIM4
1
21
22
SIM5
SIM1
SIM2
SIM3
SIM4
1
21
22
SIM5
SIM1
SIM2
SIM3
SIM4
1
21
22
SIM5
SIM1
SIM2
SIM3
SIM4
1
21
22
SIM5
SIM1
SIM2
SIM3
SIM4
1
21
22
SIM5
SIM1
SIM2
SIM3
SIM4
1
21
22
SIM5
SIM1
SIM2
SIM3
SIM4
1
21
22
SIM5
SIM1
SIM2
SIM3
SIM4
1
21
22
SIM5
SIM1
SIM2
SIM3
SIM4
1
21
22
SIM5
SIM1
SIM2
SIM3
SIM4
1
21
22
SIM5
SIM1
SIM2
SIM3
SIM4
1
21
22
SIM5
SIM1
SIM2
SIM3
SIM4
1
21
22
SIM5
SIM1
SIM2
SIM3
SIM4
1
21
22
SIM5
SIM1
SIM2
SIM3
SIM4
1
21
22
SIM5
SIM1
SIM2
SIM3
SIM4
1
21
22
SIM5
SIM1
SIM2
SIM3
SIM4
1
21
22
SIM5
SIM1
SIM2
SIM3
SIM4
1
21
22
SIM5
SIM1
SIM2
SIM3
SIM4
1
21
22
SIM5
SIM1
SIM2
SIM3
SIM4
1
21
22
SIM5
SIM1
SIM2
SIM3
SIM4
1
21
22
SIM5
SIM1
SIM2
SIM3
SIM4
1
21
22
SIM5
SIM1
SIM2
SIM3
SIM4
1
21
22
SIM5
SIM1
SIM2
SIM3
SIM4
1
21
22
SIM5
SIM1
SIM2
SIM3
SIM4
1
21
22
SIM5
SIM1
SIM2
SIM3
SIM4
1
21
22
SIM5
SIM1
SIM2
SIM3
SIM4
1
21
22
SIM5
SIM1
SIM2
SIM3
SIM4
1
21
22
SIM5
SIM1
SIM2
SIM3
SIM4
1
21
22
SIM5
SIM1
SIM2
SIM3
SIM4
1
21
22
SIM5
SIM1
SIM2
SIM3
SIM4
1
21
22
SIM5
SIM1
SIM2
SIM3
SIM4
1
21
22
SIM5
SIM1
SIM2
SIM3
SIM4
1
21
22
SIM5
SIM1
SIM2
SIM3
SIM4
1
21
22
SIM5
SIM1
SIM2
SIM3
SIM4
1
21
22
SIM5
SIM1
SIM2
SIM3
SIM4
1
21
22
SIM5
SIM1
SIM2
SIM3
SIM4
1
21
22
SIM5
SIM1
SIM2
SIM3
SIM4
1
21
22
SIM5
SIM1
SIM2
SIM3
SIM4
1
21
22
SIM5
SIM1
SIM2
SIM3
SIM4
1
21
22
SIM5
SIM1
SIM2
SIM3
SIM4
1
21
22
SIM5
SIM1
SIM2
SIM3
SIM4
1
21
22
SIM5
SIM1
SIM2
SIM3
SIM4
1
21
22
SIM5
SIM1
SIM2
SIM3
SIM4
1
21
22
SIM5
SIM1
SIM2
SIM3
SIM4
1
21
22
SIM5
SIM1
SIM2
SIM3
SIM4
1
21
22
SIM5
SIM1
SIM2
SIM3
SIM4
1
21
22
SIM5
SIM1
SIM2
SIM3
SIM4
1
21
22
SIM5
SIM1
SIM2
SIM3
SIM4
1
21
22
SIM5
SIM1
SIM2
SIM3
SIM4
1
21
22
SIM5
SIM1
SIM2
SIM3
SIM4
1
21
22
SIM5
SIM1
SIM2
SIM3
SIM4
1
21
22
SIM5
SIM1
SIM2
SIM3
SIM4
1
21
22
SIM5
SIM1
SIM2
SIM3
SIM4
1
21
22
SIM5
SIM1
SIM2
SIM3
SIM4
1
21
22
SIM5
SIM1
SIM2
SIM3
SIM4
1
21
22
SIM5
SIM1
SIM2
SIM3
SIM4
1
21
22
SIM5
SIM1
SIM2
SIM3
SIM4
1
21
22
SIM5
SIM1
SIM2
SIM3
SIM4
1
21
22
SIM5
SIM1
SIM2
SIM3
SIM4
1
21
22
SIM5
SIM1
SIM2
SIM3
SIM4
1
21
22
SIM5
SIM1
SIM2
SIM3
SIM4
1
21
22
SIM5
SIM1
SIM2
SIM3
SIM4
1
21
22
SIM5
SIM1
SIM2
SIM3
SIM4
1
21
22
SIM5
SIM1
SIM2
SIM3
SIM4
1
21
22
SIM5
SIM1
SIM2
SIM3
SIM4
1
21
22
SIM5
SIM1
SIM2
SIM3
SIM4
1
21
22
SIM5
SIM1
SIM2
SIM3
SIM4
1
21
22
SIM5
SIM1
SIM2
SIM3
SIM4
1
21
22
SIM5
SIM1
SIM2
SIM3
SIM4
1
21
22
SIM5
SIM1
SIM2
SIM3
SIM4
1
21
22
SIM5
SIM1
SIM2
SIM3
SIM4
1
21
22
SIM5
SIM1
SIM2
SIM3
SIM4
1
21
22
SIM5
SIM1
SIM2
SIM3
SIM4
1
21
22
SIM5
SIM1
SIM2
SIM3
SIM4
1
21
22
SIM5
SIM1
SIM2
SIM3
SIM4
1
21
22
SIM5
SIM1
SIM2
DEBUG 1 692
SIM1
SIM2
SIM3
SIM4
1
21
22
SIM5
SIM1
SIM2
SIM3
SIM4
1
21
22
SIM5
SIM1
SIM2
SIM3
SIM4
1
21
22
SIM5
SIM1
SIM2
SIM3
SIM4
1
21
22
SIM5
SIM1
SIM2
SIM3
SIM4
1
21
22
SIM5
SIM1
SIM2
SIM3
SIM4
1
21
22
SIM5
SIM1
SIM2
SIM3
SIM4
1
21
22
SIM5
SIM1
SIM2
SIM3
SIM4
1
21
22
SIM5
SIM1
SIM2
SIM3
SIM4
1
21
22
SIM5
SIM1
SIM2
SIM3
SIM4
1
21
22
SIM5
SIM1
SIM2
SIM3
SIM4
1
21
22
SIM5
SIM1
SIM2
SIM3
SIM4
1
21
22
SIM5
SIM1
SIM2
SIM3
SIM4
1
21
22
SIM5
SIM1
SIM2
SIM3
SIM4
1
21
22
SIM5
SIM1
SIM2
SIM3
SIM4
1
21
22
SIM5
SIM1
SIM2
SIM3
SIM4
1
21
22
SIM5
SIM1
SIM2
SIM3
SIM4
1
21
22
SIM5
SIM1
SIM2
SIM3
SIM4
1
21
22
SIM5
SIM1
SIM2
SIM3
SIM4
1
21
22
SIM5
SIM1
SIM2
SIM3
SIM4
1
21
22
SIM5
SIM1
SIM2
SIM3
SIM4
1
21
22
SIM5
SIM1
SIM2
SIM3
SIM4
1
21
22
SIM5
SIM1
SIM2
SIM3
SIM4
1
21
22
SIM5
SIM1
SIM2
SIM3
SIM4
1
21
22
SIM5
SIM1
SIM2
SIM3
SIM4
1
21
22
SIM5
SIM1
SIM2
SIM3
SIM4
1
21
22
SIM5
SIM1
SIM2
SIM3
SIM4
1
21
22
SIM5
SIM1
SIM2
SIM3
SIM4
1
21
22
SIM5
SIM1
SIM2
SIM3
SIM4
1
21
22
SIM5
SIM1
SIM2
SIM3
SIM4
1
21
22
SIM5
SIM1
SIM2
SIM3
SIM4
1
21
22
SIM5
SIM1
SIM2
SIM3
SIM4
1
21
22
SIM5
SIM1
SIM2
SIM3
SIM4
1
21
22
SIM5
SIM1
SIM2
SIM3
SIM4
1
21
22
SIM5
SIM1
SIM2
SIM3
SIM4
1
21
22
SIM5
SIM1
SIM2
SIM3
SIM4
1
21
22
SIM5
SIM1
SIM2
SIM3
SIM4
1
21
22
SIM5
SIM1
SIM2
SIM3
SIM4
1
21
22
SIM5
SIM1
SIM2
SIM3
SIM4
1
21
22
SIM5
SIM1
SIM2
SIM3
SIM4
1
21
22
SIM5
SIM1
SIM2
SIM3
SIM4
1
21
22
SIM5
SIM1
SIM2
SIM3
SIM4
1
21
22
SIM5
SIM1
SIM2
SIM3
SIM4
1
21
22
SIM5
SIM1
SIM2
SIM3
SIM4
1
21
22
SIM5
SIM1
SIM2
SIM3
SIM4
1
21
22
SIM5
SIM1
SIM2
SIM3
SIM4
1
21
22
SIM5
SIM1
SIM2
SIM3
SIM4
1
21
22
SIM5
SIM1
SIM2
SIM3
SIM4
1
21
22
SIM5
SIM1
SIM2
SIM3
SIM4
1
21
22
SIM5
SIM1
SIM2
SIM3
SIM4
1
21
22
SIM5
SIM1
SIM2
SIM3
SIM4
1
21
22
SIM5
SIM1
SIM2
SIM3
SIM4
1
21
22
SIM5
SIM1
SIM2
SIM3
SIM4
1
21
22
SIM5
SIM1
SIM2
SIM3
SIM4
1
21
22
SIM5
SIM1
SIM2
SIM3
SIM4
1
21
22
SIM5
SIM1
SIM2
SIM3
SIM4
1
21
22
SIM5
SIM1
SIM2
SIM3
SIM4
1
21
22
SIM5
SIM1
SIM2
SIM3
SIM4
1
21
22
SIM5
SIM1
SIM2
SIM3
SIM4
1
21
22
SIM5
SIM1
SIM2
SIM3
SIM4
1
21
22
SIM5
SIM1
SIM2
SIM3
SIM4
1
21
22
SIM5
SIM1
SIM2
SIM3
SIM4
1
21
22
SIM5
SIM1
SIM2
SIM3
SIM4
1
21
22
SIM5
SIM1
SIM2
SIM3
SIM4
1
21
22
SIM5
SIM1
SIM2
SIM3
SIM4
1
21
22
SIM5
SIM1
SIM2
SIM3
SIM4
1
21
22
SIM5
SIM1
SIM2
SIM3
SIM4
1
21
22
SIM5
SIM1
SIM2
SIM3
SIM4
1
21
22
SIM5
SIM1
SIM2
SIM3
SIM4
1
21
22
SIM5
SIM1
SIM2
SIM3
SIM4
1
21
22
SIM5
SIM1
SIM2
SIM3
SIM4
1
21
22
SIM5
SIM1
SIM2
SIM3
SIM4
1
21
22
SIM5
SIM1
SIM2
SIM3
SIM4
1
21
22
SIM5
SIM1
SIM2
SIM3
SIM4
1
21
22
SIM5
SIM1
SIM2
SIM3
SIM4
1
21
22
SIM5
SIM1
SIM2
SIM3
SIM4
1
21
22
SIM5
SIM1
SIM2
SIM3
SIM4
1
21
22
SIM5
SIM1
SIM2
SIM3
SIM4
1
21
22
SIM5
SIM1
SIM2
SIM3
SIM4
1
21
22
SIM5
SIM1
SIM2
SIM3
SIM4
1
21
22
SIM5
SIM1
SIM2
SIM3
SIM4
1
21
22
SIM5
SIM1
SIM2
SIM3
SIM4
1
21
22
SIM5
SIM1
SIM2
SIM3
SIM4
1
21
22
SIM5
SIM1
SIM2
SIM3
SIM4
1
21
22
SIM5
SIM1
SIM2
SIM3
SIM4
1
21
22
SIM5
SIM1
SIM2
SIM3
SIM4
1
21
22
SIM5
SIM1
SIM2
SIM3
SIM4
1
21
22
SIM5
SIM1
SIM2
SIM3
SIM4
1
21
22
SIM5
SIM1
SIM2
SIM3
SIM4
1
21
22
SIM5
SIM1
SIM2
SIM3
SIM4
1
21
22
SIM5
SIM1
SIM2
SIM3
SIM4
1
21
22
SIM5
SIM1
SIM2
SIM3
SIM4
1
21
22
SIM5
SIM1
SIM2
SIM3
SIM4
1
21
22
SIM5
SIM1
SIM2
SIM3
SIM4
1
21
22
SIM5
SIM1
SIM2
SIM3
SIM4
1
21
22
SIM5
SIM1
SIM2
SIM3
SIM4
1
21
22
SIM5
SIM1
SIM2
SIM3
SIM4
1
21
22
SIM5
SIM1
SIM2
SIM3
SIM4
1
21
22
SIM5
SIM1
SIM2
SIM3
SIM4
1
21
22
SIM5
SIM1
SIM2
SIM3
SIM4
1
21
22
SIM5
SIM1
SIM2
SIM3
SIM4
1
21
22
SIM5
SIM1
SIM2
SIM3
SIM4
1
21
22
SIM5
SIM1
SIM2
SIM3
SIM4
1
21
22
SIM5
SIM1
SIM2
SIM3
SIM4
1
21
22
SIM5
SIM1
SIM2
SIM3
SIM4
1
21
22
SIM5
SIM1
SIM2
SIM3
SIM4
1
21
22
SIM5
SIM1
SIM2
SIM3
SIM4
1
21
22
SIM5
SIM1
SIM2
SIM3
SIM4
1
21
22
SIM5
SIM1
SIM2
SIM3
SIM4
1
21
22
SIM5
SIM1
SIM2
SIM3
SIM4
1
21
22
SIM5
SIM1
SIM2
SIM3
SIM4
1
21
22
SIM5
SIM1
SIM2
SIM3
SIM4
1
21
22
SIM5
SIM1
SIM2
SIM3
SIM4
1
21
22
SIM5
SIM1
SIM2
SIM3
SIM4
1
21
22
SIM5
SIM1
SIM2
SIM3
SIM4
1
21
22
SIM5
SIM1
SIM2
SIM3
SIM4
1
21
22
SIM5
SIM1
SIM2
SIM3
SIM4
1
21
22
SIM5
SIM1
SIM2
SIM3
SIM4
1
21
22
SIM5
SIM1
SIM2
SIM3
SIM4
1
21
22
SIM5
SIM1
SIM2
SIM3
SIM4
1
21
22
SIM5
SIM1
SIM2
SIM3
SIM4
1
21
22
SIM5
SIM1
SIM2
SIM3
SIM4
1
21
22
SIM5
SIM1
SIM2
SIM3
SIM4
1
21
22
SIM5
SIM1
SIM2
SIM3
SIM4
1
21
22
SIM5
SIM1
SIM2
SIM3
SIM4
1
21
22
SIM5
SIM1
SIM2
SIM3
SIM4
1
21
22
SIM5
SIM1
SIM2
SIM3
SIM4
1
21
22
SIM5
SIM1
SIM2
SIM3
SIM4
1
21
22
SIM5
SIM1
SIM2
SIM3
SIM4
1
21
22
SIM5
SIM1
SIM2
SIM3
SIM4
1
21
22
SIM5
SIM1
SIM2
SIM3
SIM4
1
21
22
SIM5
SIM1
SIM2
SIM3
SIM4
1
21
22
SIM5
SIM1
SIM2
SIM3
SIM4
1
21
22
SIM5
SIM1
SIM2
SIM3
SIM4
1
21
22
SIM5
SIM1
SIM2
SIM3
SIM4
1
21
22
SIM5
SIM1
SIM2
SIM3
SIM4
1
21
22
SIM5
SIM1
SIM2
SIM3
SIM4
1
21
22
SIM5
SIM1
SIM2
SIM3
SIM4
1
21
22
SIM5
SIM1
SIM2
SIM3
SIM4
1
21
22
SIM5
SIM1
SIM2
SIM3
SIM4
1
21
22
SIM5
SIM1
SIM2
SIM3
SIM4
1
21
22
SIM5
SIM1
SIM2
SIM3
SIM4
1
21
22
SIM5
SIM1
SIM2
SIM3
SIM4
1
21
22
SIM5
SIM1
SIM2
SIM3
SIM4
1
21
22
SIM5
SIM1
SIM2
SIM3
SIM4
1
21
22
SIM5
SIM1
SIM2
SIM3
SIM4
1
21
22
SIM5
SIM1
SIM2
SIM3
SIM4
1
21
22
SIM5
SIM1
SIM2
SIM3
SIM4
1
21
22
SIM5
SIM1
SIM2
SIM3
SIM4
1
21
22
SIM5
SIM1
SIM2
SIM3
SIM4
1
21
22
SIM5
SIM1
SIM2
SIM3
SIM4
1
21
22
SIM5
SIM1
SIM2
SIM3
SIM4
1
21
22
SIM5
SIM1
SIM2
SIM3
SIM4
1
21
22
SIM5
SIM1
SIM2
SIM3
SIM4
1
21
22
SIM5
SIM1
SIM2
SIM3
SIM4
1
21
22
SIM5
SIM1
SIM2
SIM3
SIM4
1
21
22
SIM5
SIM1
SIM2
SIM3
SIM4
1
21
22
SIM5
SIM1
SIM2
SIM3
SIM4
1
21
22
SIM5
SIM1
SIM2
SIM3
SIM4
1
21
22
SIM5
SIM1
SIM2
SIM3
SIM4
1
21
22
SIM5
SIM1
SIM2
SIM3
SIM4
1
21
22
SIM5
SIM1
SIM2
SIM3
SIM4
1
21
22
SIM5
SIM1
SIM2
SIM3
SIM4
1
21
22
SIM5
SIM1
SIM2
SIM3
SIM4
1
21
22
SIM5
SIM1
SIM2
SIM3
SIM4
1
21
22
SIM5
SIM1
SIM2
SIM3
SIM4
1
21
22
SIM5
SIM1
SIM2
SIM3
SIM4
1
21
22
SIM5
SIM1
SIM2
SIM3
SIM4
1
21
22
SIM5
SIM1
SIM2
SIM3
SIM4
1
21
22
SIM5
SIM1
SIM2
SIM3
SIM4
1
21
22
SIM5
SIM1
SIM2
SIM3
SIM4
1
21
22
SIM5
SIM1
SIM2
SIM3
SIM4
1
21
22
SIM5
SIM1
SIM2
SIM3
SIM4
1
21
22
SIM5
SIM1
SIM2
SIM3
SIM4
1
21
22
SIM5
SIM1
SIM2
DEBUG 1 693
SIM1
SIM2
SIM3
SIM4
1
21
22
SIM5
SIM1
SIM2
SIM3
SIM4
1
21
22
SIM5
SIM1
SIM2
SIM3
SIM4
1
21
22
SIM5
SIM1
SIM2
SIM3
SIM4
1
21
22
SIM5
SIM1
SIM2
SIM3
SIM4
1
21
22
SIM5
SIM1
SIM2
SIM3
SIM4
1
21
22
SIM5
SIM1
SIM2
SIM3
SIM4
1
21
22
SIM5
SIM1
SIM2
SIM3
SIM4
1
21
22
SIM5
SIM1
SIM2
SIM3
SIM4
1
21
22
SIM5
SIM1
SIM2
SIM3
SIM4
1
21
22
SIM5
SIM1
SIM2
SIM3
SIM4
1
21
22
SIM5
SIM1
SIM2
SIM3
SIM4
1
21
22
SIM5
SIM1
SIM2
SIM3
SIM4
1
21
22
SIM5
SIM1
SIM2
SIM3
SIM4
1
21
22
SIM5
SIM1
SIM2
SIM3
SIM4
1
21
22
SIM5
SIM1
SIM2
SIM3
SIM4
1
21
22
SIM5
SIM1
SIM2
SIM3
SIM4
1
21
22
SIM5
SIM1
SIM2
SIM3
SIM4
1
21
22
SIM5
SIM1
SIM2
SIM3
SIM4
1
21
22
SIM5
SIM1
SIM2
SIM3
SIM4
1
21
22
SIM5
SIM1
SIM2
SIM3
SIM4
1
21
22
SIM5
SIM1
SIM2
SIM3
SIM4
1
21
22
SIM5
SIM1
SIM2
SIM3
SIM4
1
21
22
SIM5
SIM1
SIM2
SIM3
SIM4
1
21
22
SIM5
SIM1
SIM2
SIM3
SIM4
1
21
22
SIM5
SIM1
SIM2
SIM3
SIM4
1
21
22
SIM5
SIM1
SIM2
SIM3
SIM4
1
21
22
SIM5
SIM1
SIM2
SIM3
SIM4
1
21
22
SIM5
SIM1
SIM2
SIM3
SIM4
1
21
22
SIM5
SIM1
SIM2
SIM3
SIM4
1
21
22
SIM5
SIM1
SIM2
SIM3
SIM4
1
21
22
SIM5
SIM1
SIM2
SIM3
SIM4
1
21
22
SIM5
SIM1
SIM2
SIM3
SIM4
1
21
22
SIM5
SIM1
SIM2
SIM3
SIM4
1
21
22
SIM5
SIM1
SIM2
SIM3
SIM4
1
21
22
SIM5
SIM1
SIM2
SIM3
SIM4
1
21
22
SIM5
SIM1
SIM2
SIM3
SIM4
1
21
22
SIM5
SIM1
SIM2
SIM3
SIM4
1
21
22
SIM5
SIM1
SIM2
SIM3
SIM4
1
21
22
SIM5
SIM1
SIM2
SIM3
SIM4
1
21
22
SIM5
SIM1
SIM2
SIM3
SIM4
1
21
22
SIM5
SIM1
SIM2
SIM3
SIM4
1
21
22
SIM5
SIM1
SIM2
SIM3
SIM4
1
21
22
SIM5
SIM1
SIM2
SIM3
SIM4
1
21
22
SIM5
SIM1
SIM2
SIM3
SIM4
1
21
22
SIM5
SIM1
SIM2
SIM3
SIM4
1
21
22
SIM5
SIM1
SIM2
SIM3
SIM4
1
21
22
SIM5
SIM1
SIM2
SIM3
SIM4
1
21
22
SIM5
SIM1
SIM2
SIM3
SIM4
1
21
22
SIM5
SIM1
SIM2
SIM3
SIM4
1
21
22
SIM5
SIM1
SIM2
SIM3
SIM4
1
21
22
SIM5
SIM1
SIM2
SIM3
SIM4
1
21
22
SIM5
SIM1
SIM2
SIM3
SIM4
1
21
22
SIM5
SIM1
SIM2
SIM3
SIM4
1
21
22
SIM5
SIM1
SIM2
SIM3
SIM4
1
21
22
SIM5
SIM1
SIM2
SIM3
SIM4
1
21
22
SIM5
SIM1
SIM2
SIM3
SIM4
1
21
22
SIM5
SIM1
SIM2
SIM3
SIM4
1
21
22
SIM5
SIM1
SIM2
SIM3
SIM4
1
21
22
SIM5
SIM1
SIM2
SIM3
SIM4
1
21
22
SIM5
SIM1
SIM2
SIM3
SIM4
1
21
22
SIM5
SIM1
SIM2
SIM3
SIM4
1
21
22
SIM5
SIM1
SIM2
SIM3
SIM4
1
21
22
SIM5
SIM1
SIM2
SIM3
SIM4
1
21
22
SIM5
SIM1
SIM2
SIM3
SIM4
1
21
22
SIM5
SIM1
SIM2
SIM3
SIM4
1
21
22
SIM5
SIM1
SIM2
SIM3
SIM4
1
21
22
SIM5
SIM1
SIM2
SIM3
SIM4
1
21
22
SIM5
SIM1
SIM2
SIM3
SIM4
1
21
22
SIM5
SIM1
SIM2
SIM3
SIM4
1
21
22
SIM5
SIM1
SIM2
SIM3
SIM4
1
21
22
SIM5
SIM1
SIM2
SIM3
SIM4
1
21
22
SIM5
SIM1
SIM2
SIM3
SIM4
1
21
22
SIM5
SIM1
SIM2
SIM3
SIM4
1
21
22
SIM5
SIM1
SIM2
SIM3
SIM4
1
21
22
SIM5
SIM1
SIM2
SIM3
SIM4
1
21
22
SIM5
SIM1
SIM2
SIM3
SIM4
1
21
22
SIM5
SIM1
SIM2
SIM3
SIM4
1
21
22
SIM5
SIM1
SIM2
SIM3
SIM4
1
21
22
SIM5
SIM1
SIM2
SIM3
SIM4
1
21
22
SIM5
SIM1
SIM2
SIM3
SIM4
1
21
22
SIM5
SIM1
SIM2
SIM3
SIM4
1
21
22
SIM5
SIM1
SIM2
SIM3
SIM4
1
21
22
SIM5
SIM1
SIM2
SIM3
SIM4
1
21
22
SIM5
SIM1
SIM2
SIM3
SIM4
1
21
22
SIM5
SIM1
SIM2
SIM3
SIM4
1
21
22
SIM5
SIM1
SIM2
SIM3
SIM4
1
21
22
SIM5
SIM1
SIM2
SIM3
SIM4
1
21
22
SIM5
SIM1
SIM2
SIM3
SIM4
1
21
22
SIM5
SIM1
SIM2
SIM3
SIM4
1
21
22
SIM5
SIM1
SIM2
SIM3
SIM4
1
21
22
SIM5
SIM1
SIM2
SIM3
SIM4
1
21
22
SIM5
SIM1
SIM2
SIM3
SIM4
1
21
22
SIM5
SIM1
SIM2
SIM3
SIM4
1
21
22
SIM5
SIM1
SIM2
SIM3
SIM4
1
21
22
SIM5
SIM1
SIM2
SIM3
SIM4
1
21
22
SIM5
SIM1
SIM2
SIM3
SIM4
1
21
22
SIM5
SIM1
SIM2
SIM3
SIM4
1
21
22
SIM5
SIM1
SIM2
SIM3
SIM4
1
21
22
SIM5
SIM1
SIM2
SIM3
SIM4
1
21
22
SIM5
SIM1
SIM2
SIM3
SIM4
1
21
22
SIM5
SIM1
SIM2
SIM3
SIM4
1
21
22
SIM5
SIM1
SIM2
SIM3
SIM4
1
21
22
SIM5
SIM1
SIM2
SIM3
SIM4
1
21
22
SIM5
SIM1
SIM2
SIM3
SIM4
1
21
22
SIM5
SIM1
SIM2
SIM3
SIM4
1
21
22
SIM5
SIM1
SIM2
SIM3
SIM4
1
21
22
SIM5
SIM1
SIM2
SIM3
SIM4
1
21
22
SIM5
SIM1
SIM2
SIM3
SIM4
1
21
22
SIM5
SIM1
SIM2
SIM3
SIM4
1
21
22
SIM5
SIM1
SIM2
SIM3
SIM4
1
21
22
SIM5
SIM1
SIM2
SIM3
SIM4
1
21
22
SIM5
SIM1
SIM2
SIM3
SIM4
1
21
22
SIM5
SIM1
SIM2
SIM3
SIM4
1
21
22
SIM5
SIM1
SIM2
SIM3
SIM4
1
21
22
SIM5
SIM1
SIM2
SIM3
SIM4
1
21
22
SIM5
SIM1
SIM2
SIM3
SIM4
1
21
22
SIM5
SIM1
SIM2
SIM3
SIM4
1
21
22
SIM5
SIM1
SIM2
SIM3
SIM4
1
21
22
SIM5
SIM1
SIM2
SIM3
SIM4
1
21
22
SIM5
SIM1
SIM2
SIM3
SIM4
1
21
22
SIM5
SIM1
SIM2
SIM3
SIM4
1
21
22
SIM5
SIM1
SIM2
SIM3
SIM4
1
21
22
SIM5
SIM1
SIM2
SIM3
SIM4
1
21
22
SIM5
SIM1
SIM2
SIM3
SIM4
1
21
22
SIM5
SIM1
SIM2
SIM3
SIM4
1
21
22
SIM5
SIM1
SIM2
SIM3
SIM4
1
21
22
SIM5
SIM1
SIM2
SIM3
SIM4
1
21
22
SIM5
SIM1
SIM2
SIM3
SIM4
1
21
22
SIM5
SIM1
SIM2
SIM3
SIM4
1
21
22
SIM5
SIM1
SIM2
SIM3
SIM4
1
21
22
SIM5
SIM1
SIM2
SIM3
SIM4
1
21
22
SIM5
SIM1
SIM2
SIM3
SIM4
1
21
22
SIM5
SIM1
SIM2
SIM3
SIM4
1
21
22
SIM5
SIM1
SIM2
SIM3
SIM4
1
21
22
SIM5
SIM1
SIM2
SIM3
SIM4
1
21
22
SIM5
SIM1
SIM2
SIM3
SIM4
1
21
22
SIM5
SIM1
SIM2
SIM3
SIM4
1
21
22
SIM5
SIM1
SIM2
SIM3
SIM4
1
21
22
SIM5
SIM1
SIM2
SIM3
SIM4
1
21
22
SIM5
SIM1
SIM2
SIM3
SIM4
1
21
22
SIM5
SIM1
SIM2
SIM3
SIM4
1
21
22
SIM5
SIM1
SIM2
SIM3
SIM4
1
21
22
SIM5
SIM1
SIM2
SIM3
SIM4
1
21
22
SIM5
SIM1
SIM2
SIM3
SIM4
1
21
22
SIM5
SIM1
SIM2
SIM3
SIM4
1
21
22
SIM5
SIM1
SIM2
SIM3
SIM4
1
21
22
SIM5
SIM1
SIM2
SIM3
SIM4
1
21
22
SIM5
SIM1
SIM2
SIM3
SIM4
1
21
22
SIM5
SIM1
SIM2
SIM3
SIM4
1
21
22
SIM5
SIM1
SIM2
SIM3
SIM4
1
21
22
SIM5
SIM1
SIM2
SIM3
SIM4
1
21
22
SIM5
SIM1
SIM2
SIM3
SIM4
1
21
22
SIM5
SIM1
SIM2
SIM3
SIM4
1
21
22
SIM5
SIM1
SIM2
SIM3
SIM4
1
21
22
SIM5
SIM1
SIM2
SIM3
SIM4
1
21
22
SIM5
SIM1
SIM2
SIM3
SIM4
1
21
22
SIM5
SIM1
SIM2
SIM3
SIM4
1
21
22
SIM5
SIM1
SIM2
DEBUG 1 694
SIM1
SIM2
SIM3
SIM4
1
21
22
SIM5
SIM1
SIM2
SIM3
SIM4
1
21
22
SIM5
SIM1
SIM2
SIM3
SIM4
1
21
22
SIM5
SIM1
SIM2
SIM3
SIM4
1
21
22
SIM5
SIM1
SIM2
SIM3
SIM4
1
21
22
SIM5
SIM1
SIM2
SIM3
SIM4
1
21
22
SIM5
SIM1
SIM2
SIM3
SIM4
1
21
22
SIM5
SIM1
SIM2
SIM3
SIM4
1
21
22
SIM5
SIM1
SIM2
SIM3
SIM4
1
21
22
SIM5
SIM1
SIM2
SIM3
SIM4
1
21
22
SIM5
SIM1
SIM2
SIM3
SIM4
1
21
22
SIM5
SIM1
SIM2
SIM3
SIM4
1
21
22
SIM5
SIM1
SIM2
SIM3
SIM4
1
21
22
SIM5
SIM1
SIM2
SIM3
SIM4
1
21
22
SIM5
SIM1
SIM2
SIM3
SIM4
1
21
22
SIM5
SIM1
SIM2
SIM3
SIM4
1
21
22
SIM5
SIM1
SIM2
SIM3
SIM4
1
21
22
SIM5
SIM1
SIM2
SIM3
SIM4
1
21
22
SIM5
SIM1
SIM2
SIM3
SIM4
1
21
22
SIM5
SIM1
SIM2
SIM3
SIM4
1
21
22
SIM5
SIM1
SIM2
SIM3
SIM4
1
21
22
SIM5
SIM1
SIM2
SIM3
SIM4
1
21
22
SIM5
SIM1
SIM2
SIM3
SIM4
1
21
22
SIM5
SIM1
SIM2
SIM3
SIM4
1
21
22
SIM5
SIM1
SIM2
SIM3
SIM4
1
21
22
SIM5
SIM1
SIM2
SIM3
SIM4
1
21
22
SIM5
SIM1
SIM2
SIM3
SIM4
1
21
22
SIM5
SIM1
SIM2
SIM3
SIM4
1
21
22
SIM5
SIM1
SIM2
SIM3
SIM4
1
21
22
SIM5
SIM1
SIM2
SIM3
SIM4
1
21
22
SIM5
SIM1
SIM2
SIM3
SIM4
1
21
22
SIM5
SIM1
SIM2
SIM3
SIM4
1
21
22
SIM5
SIM1
SIM2
SIM3
SIM4
1
21
22
SIM5
SIM1
SIM2
SIM3
SIM4
1
21
22
SIM5
SIM1
SIM2
SIM3
SIM4
1
21
22
SIM5
SIM1
SIM2
SIM3
SIM4
1
21
22
SIM5
SIM1
SIM2
SIM3
SIM4
1
21
22
SIM5
SIM1
SIM2
SIM3
SIM4
1
21
22
SIM5
SIM1
SIM2
SIM3
SIM4
1
21
22
SIM5
SIM1
SIM2
SIM3
SIM4
1
21
22
SIM5
SIM1
SIM2
SIM3
SIM4
1
21
22
SIM5
SIM1
SIM2
SIM3
SIM4
1
21
22
SIM5
SIM1
SIM2
SIM3
SIM4
1
21
22
SIM5
SIM1
SIM2
SIM3
SIM4
1
21
22
SIM5
SIM1
SIM2
SIM3
SIM4
1
21
22
SIM5
SIM1
SIM2
SIM3
SIM4
1
21
22
SIM5
SIM1
SIM2
SIM3
SIM4
1
21
22
SIM5
SIM1
SIM2
SIM3
SIM4
1
21
22
SIM5
SIM1
SIM2
SIM3
SIM4
1
21
22
SIM5
SIM1
SIM2
SIM3
SIM4
1
21
22
SIM5
SIM1
SIM2
SIM3
SIM4
1
21
22
SIM5
SIM1
SIM2
SIM3
SIM4
1
21
22
SIM5
SIM1
SIM2
SIM3
SIM4
1
21
22
SIM5
SIM1
SIM2
SIM3
SIM4
1
21
22
SIM5
SIM1
SIM2
SIM3
SIM4
1
21
22
SIM5
SIM1
SIM2
SIM3
SIM4
1
21
22
SIM5
SIM1
SIM2
SIM3
SIM4
1
21
22
SIM5
SIM1
SIM2
SIM3
SIM4
1
21
22
SIM5
SIM1
SIM2
SIM3
SIM4
1
21
22
SIM5
SIM1
SIM2
SIM3
SIM4
1
21
22
SIM5
SIM1
SIM2
SIM3
SIM4
1
21
22
SIM5
SIM1
SIM2
SIM3
SIM4
1
21
22
SIM5
SIM1
SIM2
SIM3
SIM4
1
21
22
SIM5
SIM1
SIM2
SIM3
SIM4
1
21
22
SIM5
SIM1
SIM2
SIM3
SIM4
1
21
22
SIM5
SIM1
SIM2
SIM3
SIM4
1
21
22
SIM5
SIM1
SIM2
SIM3
SIM4
1
21
22
SIM5
SIM1
SIM2
SIM3
SIM4
1
21
22
SIM5
SIM1
SIM2
SIM3
SIM4
1
21
22
SIM5
SIM1
SIM2
SIM3
SIM4
1
21
22
SIM5
SIM1
SIM2
SIM3
SIM4
1
21
22
SIM5
SIM1
SIM2
SIM3
SIM4
1
21
22
SIM5
SIM1
SIM2
SIM3
SIM4
1
21
22
SIM5
SIM1
SIM2
SIM3
SIM4
1
21
22
SIM5
SIM1
SIM2
SIM3
SIM4
1
21
22
SIM5
SIM1
SIM2
SIM3
SIM4
1
21
22
SIM5
SIM1
SIM2
SIM3
SIM4
1
21
22
SIM5
SIM1
SIM2
SIM3
SIM4
1
21
22
SIM5
SIM1
SIM2
SIM3
SIM4
1
21
22
SIM5
SIM1
SIM2
SIM3
SIM4
1
21
22
SIM5
SIM1
SIM2
SIM3
SIM4
1
21
22
SIM5
SIM1
SIM2
SIM3
SIM4
1
21
22
SIM5
SIM1
SIM2
SIM3
SIM4
1
21
22
SIM5
SIM1
SIM2
SIM3
SIM4
1
21
22
SIM5
SIM1
SIM2
SIM3
SIM4
1
21
22
SIM5
SIM1
SIM2
SIM3
SIM4
1
21
22
SIM5
SIM1
SIM2
SIM3
SIM4
1
21
22
SIM5
SIM1
SIM2
SIM3
SIM4
1
21
22
SIM5
SIM1
SIM2
SIM3
SIM4
1
21
22
SIM5
SIM1
SIM2
SIM3
SIM4
1
21
22
SIM5
SIM1
SIM2
SIM3
SIM4
1
21
22
SIM5
SIM1
SIM2
SIM3
SIM4
1
21
22
SIM5
SIM1
SIM2
SIM3
SIM4
1
21
22
SIM5
SIM1
SIM2
SIM3
SIM4
1
21
22
SIM5
SIM1
SIM2
SIM3
SIM4
1
21
22
SIM5
SIM1
SIM2
SIM3
SIM4
1
21
22
SIM5
SIM1
SIM2
SIM3
SIM4
1
21
22
SIM5
SIM1
SIM2
SIM3
SIM4
1
21
22
SIM5
SIM1
SIM2
SIM3
SIM4
1
21
22
SIM5
SIM1
SIM2
SIM3
SIM4
1
21
22
SIM5
SIM1
SIM2
SIM3
SIM4
1
21
22
SIM5
SIM1
SIM2
SIM3
SIM4
1
21
22
SIM5
SIM1
SIM2
SIM3
SIM4
1
21
22
SIM5
SIM1
SIM2
SIM3
SIM4
1
21
22
SIM5
SIM1
SIM2
SIM3
SIM4
1
21
22
SIM5
SIM1
SIM2
SIM3
SIM4
1
21
22
SIM5
SIM1
SIM2
SIM3
SIM4
1
21
22
SIM5
SIM1
SIM2
SIM3
SIM4
1
21
22
SIM5
SIM1
SIM2
SIM3
SIM4
1
21
22
SIM5
SIM1
SIM2
SIM3
SIM4
1
21
22
SIM5
SIM1
SIM2
SIM3
SIM4
1
21
22
SIM5
SIM1
SIM2
SIM3
SIM4
1
21
22
SIM5
SIM1
SIM2
SIM3
SIM4
1
21
22
SIM5
SIM1
SIM2
SIM3
SIM4
1
21
22
SIM5
SIM1
SIM2
SIM3
SIM4
1
21
22
SIM5
SIM1
SIM2
SIM3
SIM4
1
21
22
SIM5
SIM1
SIM2
SIM3
SIM4
1
21
22
SIM5
SIM1
SIM2
SIM3
SIM4
1
21
22
SIM5
SIM1
SIM2
SIM3
SIM4
1
21
22
SIM5
SIM1
SIM2
SIM3
SIM4
1
21
22
SIM5
SIM1
SIM2
SIM3
SIM4
1
21
22
SIM5
SIM1
SIM2
SIM3
SIM4
1
21
22
SIM5
SIM1
SIM2
SIM3
SIM4
1
21
22
SIM5
SIM1
SIM2
SIM3
SIM4
1
21
22
SIM5
SIM1
SIM2
SIM3
SIM4
1
21
22
SIM5
SIM1
SIM2
SIM3
SIM4
1
21
22
SIM5
SIM1
SIM2
SIM3
SIM4
1
21
22
SIM5
SIM1
SIM2
SIM3
SIM4
1
21
22
SIM5
SIM1
SIM2
SIM3
SIM4
1
21
22
SIM5
SIM1
SIM2
SIM3
SIM4
1
21
22
SIM5
SIM1
SIM2
SIM3
SIM4
1
21
22
SIM5
SIM1
SIM2
SIM3
SIM4
1
21
22
SIM5
SIM1
SIM2
SIM3
SIM4
1
21
22
SIM5
SIM1
SIM2
SIM3
SIM4
1
21
22
SIM5
SIM1
SIM2
SIM3
SIM4
1
21
22
SIM5
SIM1
SIM2
SIM3
SIM4
1
21
22
SIM5
SIM1
SIM2
SIM3
SIM4
1
21
22
SIM5
SIM1
SIM2
SIM3
SIM4
1
21
22
SIM5
SIM1
SIM2
SIM3
SIM4
1
21
22
SIM5
SIM1
SIM2
SIM3
SIM4
1
21
22
SIM5
SIM1
SIM2
SIM3
SIM4
1
21
22
SIM5
SIM1
SIM2
SIM3
SIM4
1
21
22
SIM5
SIM1
SIM2
SIM3
SIM4
1
21
22
SIM5
SIM1
SIM2
SIM3
SIM4
1
21
22
SIM5
SIM1
SIM2
SIM3
SIM4
1
21
22
SIM5
SIM1
SIM2
SIM3
SIM4
1
21
22
SIM5
SIM1
SIM2
SIM3
SIM4
1
21
22
SIM5
SIM1
SIM2
SIM3
SIM4
1
21
22
SIM5
SIM1
SIM2
SIM3
SIM4
1
21
22
SIM5
SIM1
SIM2
SIM3
SIM4
1
21
22
SIM5
SIM1
SIM2
SIM3
SIM4
1
21
22
SIM5
SIM1
SIM2
SIM3
SIM4
1
21
22
SIM5
SIM1
SIM2
SIM3
SIM4
1
21
22
SIM5
SIM1
SIM2
SIM3
SIM4
1
21
22
SIM5
SIM1
SIM2
SIM3
SIM4
1
21
22
SIM5
SIM1
SIM2
SIM3
SIM4
1
21
22
SIM5
SIM1
SIM2
SIM3
SIM4
1
21
22
SIM5
SIM1
SIM2
SIM3
SIM4
1
21
22
SIM5
SIM1
SIM2
SIM3
SIM4
1
21
22
SIM5
SIM1
SIM2
SIM3
SIM4
1
21
22
SIM5
SIM1
SIM2
SIM3
SIM4
1
21
22
SIM5
SIM1
SIM2
SIM3
SIM4
1
21
22
SIM5
SIM1
SIM2
SIM3
SIM4
1
21
22
SIM5
SIM1
SIM2
SIM3
SIM4
1
21
22
SIM5
SIM1
SIM2
SIM3
SIM4
1
21
22
SIM5
SIM1
SIM2
SIM3
SIM4
1
21
22
SIM5
SIM1
SIM2
SIM3
SIM4
1
21
22
SIM5
SIM1
SIM2
SIM3
SIM4
1
21
22
SIM5
SIM1
SIM2
SIM3
SIM4
1
21
22
SIM5
SIM1
SIM2
SIM3
SIM4
1
21
22
SIM5
SIM1
SIM2
SIM3
SIM4
1
21
22
SIM5
SIM1
SIM2
SIM3
SIM4
1
21
22
SIM5
SIM1
SIM2
SIM3
SIM4
1
21
22
SIM5
SIM1
SIM2
SIM3
SIM4
1
21
22
SIM5
SIM1
SIM2
SIM3
SIM4
1
21
22
SIM5
SIM1
SIM2
SIM3
SIM4
1
21
22
SIM5
SIM1
SIM2
SIM3
SIM4
1
21
22
SIM5
SIM1
SIM2
SIM3
SIM4
1
21
22
SIM5
SIM1
SIM2
SIM3
SIM4
1
21
22
SIM5
SIM1
SIM2
SIM3
SIM4
1
21
22
SIM5
SIM1
SIM2
SIM3
SIM4
1
21
22
SIM5
SIM1
SIM2
SIM3
SIM4
1
21
22
SIM5
SIM1
SIM2
SIM3
SIM4
1
21
22
SIM5
SIM1
SIM2
SIM3
SIM4
1
21
22
SIM5
SIM1
SIM2
SIM3
SIM4
1
21
22
SIM5
SIM1
SIM2
SIM3
SIM4
1
21
22
SIM5
SIM1
SIM2
SIM3
SIM4
1
21
22
SIM5
SIM1
SIM2
SIM3
SIM4
1
21
22
SIM5
SIM1
SIM2
SIM3
SIM4
1
21
22
SIM5
SIM1
SIM2
SIM3
SIM4
1
21
22
SIM5
SIM1
SIM2
SIM3
SIM4
1
21
22
SIM5
SIM1
SIM2
SIM3
SIM4
1
21
22
SIM5
SIM1
SIM2
SIM3
SIM4
1
21
22
SIM5
SIM1
SIM2
SIM3
SIM4
1
21
22
SIM5
SIM1
SIM2
SIM3
SIM4
1
21
22
SIM5
SIM1
SIM2
SIM3
SIM4
1
21
22
SIM5
SIM1
SIM2
SIM3
SIM4
1
21
22
SIM5
SIM1
SIM2
SIM3
SIM4
1
21
22
SIM5
SIM1
SIM2
SIM3
SIM4
1
21
22
SIM5
SIM1
SIM2
SIM3
SIM4
1
21
22
SIM5
SIM1
SIM2
SIM3
SIM4
1
21
22
SIM5
SIM1
SIM2
SIM3
SIM4
1
21
22
SIM5
SIM1
SIM2
SIM3
SIM4
1
21
22
SIM5
SIM1
SIM2
SIM3
SIM4
1
21
22
SIM5
SIM1
SIM2
SIM3
SIM4
1
21
22
SIM5
SIM1
SIM2
SIM3
SIM4
1
21
22
SIM5
SIM1
SIM2
SIM3
SIM4
1
21
22
SIM5
SIM1
SIM2
DEBUG 1 695
SIM1
SIM2
SIM3
SIM4
1
21
22
SIM5
SIM1
SIM2
SIM3
SIM4
1
21
22
SIM5
SIM1
SIM2
SIM3
SIM4
1
21
22
SIM5
SIM1
SIM2
SIM3
SIM4
1
21
22
SIM5
SIM1
SIM2
SIM3
SIM4
1
21
22
SIM5
SIM1
SIM2
SIM3
SIM4
1
21
22
SIM5
SIM1
SIM2
SIM3
SIM4
1
21
22
SIM5
SIM1
SIM2
SIM3
SIM4
1
21
22
SIM5
SIM1
SIM2
SIM3
SIM4
1
21
22
SIM5
SIM1
SIM2
SIM3
SIM4
1
21
22
SIM5
SIM1
SIM2
SIM3
SIM4
1
21
22
SIM5
SIM1
SIM2
SIM3
SIM4
1
21
22
SIM5
SIM1
SIM2
SIM3
SIM4
1
21
22
SIM5
SIM1
SIM2
SIM3
SIM4
1
21
22
SIM5
SIM1
SIM2
SIM3
SIM4
1
21
22
SIM5
SIM1
SIM2
SIM3
SIM4
1
21
22
SIM5
SIM1
SIM2
SIM3
SIM4
1
21
22
SIM5
SIM1
SIM2
SIM3
SIM4
1
21
22
SIM5
SIM1
SIM2
SIM3
SIM4
1
21
22
SIM5
SIM1
SIM2
SIM3
SIM4
1
21
22
SIM5
SIM1
SIM2
SIM3
SIM4
1
21
22
SIM5
SIM1
SIM2
SIM3
SIM4
1
21
22
SIM5
SIM1
SIM2
SIM3
SIM4
1
21
22
SIM5
SIM1
SIM2
SIM3
SIM4
1
21
22
SIM5
SIM1
SIM2
SIM3
SIM4
1
21
22
SIM5
SIM1
SIM2
SIM3
SIM4
1
21
22
SIM5
SIM1
SIM2
SIM3
SIM4
1
21
22
SIM5
SIM1
SIM2
SIM3
SIM4
1
21
22
SIM5
SIM1
SIM2
SIM3
SIM4
1
21
22
SIM5
SIM1
SIM2
SIM3
SIM4
1
21
22
SIM5
SIM1
SIM2
SIM3
SIM4
1
21
22
SIM5
SIM1
SIM2
SIM3
SIM4
1
21
22
SIM5
SIM1
SIM2
SIM3
SIM4
1
21
22
SIM5
SIM1
SIM2
SIM3
SIM4
1
21
22
SIM5
SIM1
SIM2
SIM3
SIM4
1
21
22
SIM5
SIM1
SIM2
SIM3
SIM4
1
21
22
SIM5
SIM1
SIM2
SIM3
SIM4
1
21
22
SIM5
SIM1
SIM2
SIM3
SIM4
1
21
22
SIM5
SIM1
SIM2
SIM3
SIM4
1
21
22
SIM5
SIM1
SIM2
SIM3
SIM4
1
21
22
SIM5
SIM1
SIM2
SIM3
SIM4
1
21
22
SIM5
SIM1
SIM2
SIM3
SIM4
1
21
22
SIM5
SIM1
SIM2
SIM3
SIM4
1
21
22
SIM5
SIM1
SIM2
SIM3
SIM4
1
21
22
SIM5
SIM1
SIM2
SIM3
SIM4
1
21
22
SIM5
SIM1
SIM2
SIM3
SIM4
1
21
22
SIM5
SIM1
SIM2
SIM3
SIM4
1
21
22
SIM5
SIM1
SIM2
SIM3
SIM4
1
21
22
SIM5
SIM1
SIM2
SIM3
SIM4
1
21
22
SIM5
SIM1
SIM2
SIM3
SIM4
1
21
22
SIM5
SIM1
SIM2
SIM3
SIM4
1
21
22
SIM5
SIM1
SIM2
SIM3
SIM4
1
21
22
SIM5
SIM1
SIM2
SIM3
SIM4
1
21
22
SIM5
SIM1
SIM2
SIM3
SIM4
1
21
22
SIM5
SIM1
SIM2
SIM3
SIM4
1
21
22
SIM5
SIM1
SIM2
SIM3
SIM4
1
21
22
SIM5
SIM1
SIM2
SIM3
SIM4
1
21
22
SIM5
SIM1
SIM2
SIM3
SIM4
1
21
22
SIM5
SIM1
SIM2
SIM3
SIM4
1
21
22
SIM5
SIM1
SIM2
SIM3
SIM4
1
21
22
SIM5
SIM1
SIM2
SIM3
SIM4
1
21
22
SIM5
SIM1
SIM2
SIM3
SIM4
1
21
22
SIM5
SIM1
SIM2
SIM3
SIM4
1
21
22
SIM5
SIM1
SIM2
SIM3
SIM4
1
21
22
SIM5
SIM1
SIM2
SIM3
SIM4
1
21
22
SIM5
SIM1
SIM2
SIM3
SIM4
1
21
22
SIM5
SIM1
SIM2
SIM3
SIM4
1
21
22
SIM5
SIM1
SIM2
SIM3
SIM4
1
21
22
SIM5
SIM1
SIM2
SIM3
SIM4
1
21
22
SIM5
SIM1
SIM2
SIM3
SIM4
1
21
22
SIM5
SIM1
SIM2
SIM3
SIM4
1
21
22
SIM5
SIM1
SIM2
SIM3
SIM4
1
21
22
SIM5
SIM1
SIM2
SIM3
SIM4
1
21
22
SIM5
SIM1
SIM2
SIM3
SIM4
1
21
22
SIM5
SIM1
SIM2
SIM3
SIM4
1
21
22
SIM5
SIM1
SIM2
SIM3
SIM4
1
21
22
SIM5
SIM1
SIM2
SIM3
SIM4
1
21
22
SIM5
SIM1
SIM2
SIM3
SIM4
1
21
22
SIM5
SIM1
SIM2
SIM3
SIM4
1
21
22
SIM5
SIM1
SIM2
SIM3
SIM4
1
21
22
SIM5
SIM1
SIM2
SIM3
SIM4
1
21
22
SIM5
SIM1
SIM2
SIM3
SIM4
1
21
22
SIM5
SIM1
SIM2
SIM3
SIM4
1
21
22
SIM5
SIM1
SIM2
SIM3
SIM4
1
21
22
SIM5
SIM1
SIM2
SIM3
SIM4
1
21
22
SIM5
SIM1
SIM2
SIM3
SIM4
1
21
22
SIM5
SIM1
SIM2
SIM3
SIM4
1
21
22
SIM5
SIM1
SIM2
SIM3
SIM4
1
21
22
SIM5
SIM1
SIM2
SIM3
SIM4
1
21
22
SIM5
SIM1
SIM2
SIM3
SIM4
1
21
22
SIM5
SIM1
SIM2
SIM3
SIM4
1
21
22
SIM5
SIM1
SIM2
SIM3
SIM4
1
21
22
SIM5
SIM1
SIM2
SIM3
SIM4
1
21
22
SIM5
SIM1
SIM2
SIM3
SIM4
1
21
22
SIM5
SIM1
SIM2
SIM3
SIM4
1
21
22
SIM5
SIM1
SIM2
SIM3
SIM4
1
21
22
SIM5
SIM1
SIM2
SIM3
SIM4
1
21
22
SIM5
SIM1
SIM2
SIM3
SIM4
1
21
22
SIM5
SIM1
SIM2
SIM3
SIM4
1
21
22
SIM5
SIM1
SIM2
SIM3
SIM4
1
21
22
SIM5
SIM1
SIM2
SIM3
SIM4
1
21
22
SIM5
SIM1
SIM2
SIM3
SIM4
1
21
22
SIM5
SIM1
SIM2
SIM3
SIM4
1
21
22
SIM5
SIM1
SIM2
SIM3
SIM4
1
21
22
SIM5
SIM1
SIM2
SIM3
SIM4
1
21
22
SIM5
SIM1
SIM2
SIM3
SIM4
1
21
22
SIM5
SIM1
SIM2
SIM3
SIM4
1
21
22
SIM5
SIM1
SIM2
SIM3
SIM4
1
21
22
SIM5
SIM1
SIM2
SIM3
SIM4
1
21
22
SIM5
SIM1
SIM2
SIM3
SIM4
1
21
22
SIM5
SIM1
SIM2
SIM3
SIM4
1
21
22
SIM5
SIM1
SIM2
SIM3
SIM4
1
21
22
SIM5
SIM1
SIM2
SIM3
SIM4
1
21
22
SIM5
SIM1
SIM2
SIM3
SIM4
1
21
22
SIM5
SIM1
SIM2
SIM3
SIM4
1
21
22
SIM5
SIM1
SIM2
SIM3
SIM4
1
21
22
SIM5
SIM1
SIM2
SIM3
SIM4
1
21
22
SIM5
SIM1
SIM2
SIM3
SIM4
1
21
22
SIM5
SIM1
SIM2
SIM3
SIM4
1
21
22
SIM5
SIM1
SIM2
SIM3
SIM4
1
21
22
SIM5
SIM1
SIM2
SIM3
SIM4
1
21
22
SIM5
SIM1
SIM2
SIM3
SIM4
1
21
22
SIM5
SIM1
SIM2
SIM3
SIM4
1
21
22
SIM5
SIM1
SIM2
SIM3
SIM4
1
21
22
SIM5
SIM1
SIM2
SIM3
SIM4
1
21
22
SIM5
SIM1
SIM2
SIM3
SIM4
1
21
22
SIM5
SIM1
SIM2
SIM3
SIM4
1
21
22
SIM5
SIM1
SIM2
SIM3
SIM4
1
21
22
SIM5
SIM1
SIM2
SIM3
SIM4
1
21
22
SIM5
SIM1
SIM2
SIM3
SIM4
1
21
22
SIM5
SIM1
SIM2
SIM3
SIM4
1
21
22
SIM5
SIM1
SIM2
SIM3
SIM4
1
21
22
SIM5
SIM1
SIM2
SIM3
SIM4
1
21
22
SIM5
SIM1
SIM2
SIM3
SIM4
1
21
22
SIM5
SIM1
SIM2
SIM3
SIM4
1
21
22
SIM5
SIM1
SIM2
SIM3
SIM4
1
21
22
SIM5
SIM1
SIM2
SIM3
SIM4
1
21
22
SIM5
SIM1
SIM2
SIM3
SIM4
1
21
22
SIM5
SIM1
SIM2
SIM3
SIM4
1
21
22
SIM5
SIM1
SIM2
SIM3
SIM4
1
21
22
SIM5
SIM1
SIM2
SIM3
SIM4
1
21
22
SIM5
SIM1
SIM2
SIM3
SIM4
1
21
22
SIM5
SIM1
SIM2
SIM3
SIM4
1
21
22
SIM5
SIM1
SIM2
SIM3
SIM4
1
21
22
SIM5
SIM1
SIM2
SIM3
SIM4
1
21
22
SIM5
SIM1
SIM2
SIM3
SIM4
1
21
22
SIM5
SIM1
SIM2
SIM3
SIM4
1
21
22
SIM5
SIM1
SIM2
SIM3
SIM4
1
21
22
SIM5
SIM1
SIM2
SIM3
SIM4
1
21
22
SIM5
SIM1
SIM2
SIM3
SIM4
1
21
22
SIM5
SIM1
SIM2
SIM3
SIM4
1
21
22
SIM5
SIM1
SIM2
SIM3
SIM4
1
21
22
SIM5
SIM1
SIM2
SIM3
SIM4
1
21
22
SIM5
SIM1
SIM2
SIM3
SIM4
1
21
22
SIM5
SIM1
SIM2
SIM3
SIM4
1
21
22
SIM5
SIM1
SIM2
SIM3
SIM4
1
21
22
SIM5
SIM1
SIM2
SIM3
SIM4
1
21
22
SIM5
SIM1
SIM2
SIM3
SIM4
1
21
22
SIM5
SIM1
SIM2
SIM3
SIM4
1
21
22
SIM5
SIM1
SIM2
SIM3
SIM4
1
21
22
SIM5
SIM1
SIM2
SIM3
SIM4
1
21
22
SIM5
SIM1
SIM2
SIM3
SIM4
1
21
22
SIM5
SIM1
SIM2
SIM3
SIM4
1
21
22
SIM5
SIM1
SIM2
SIM3
SIM4
1
21
22
SIM5
SIM1
SIM2
SIM3
SIM4
1
21
22
SIM5
SIM1
SIM2
SIM3
SIM4
1
21
22
SIM5
SIM1
SIM2
SIM3
SIM4
1
21
22
SIM5
SIM1
SIM2
SIM3
SIM4
1
21
22
SIM5
SIM1
SIM2
SIM3
SIM4
1
21
22
SIM5
SIM1
SIM2
SIM3
SIM4
1
21
22
SIM5
SIM1
SIM2
SIM3
SIM4
1
21
22
SIM5
SIM1
SIM2
SIM3
SIM4
1
21
22
SIM5
SIM1
SIM2
SIM3
SIM4
1
21
22
SIM5
SIM1
SIM2
SIM3
SIM4
1
21
22
SIM5
SIM1
SIM2
SIM3
SIM4
1
21
22
SIM5
SIM1
SIM2
SIM3
SIM4
1
21
22
SIM5
SIM1
SIM2
DEBUG 1 696
SIM1
SIM2
SIM3
SIM4
1
21
22
SIM5
SIM1
SIM2
SIM3
SIM4
1
21
22
SIM5
SIM1
SIM2
SIM3
SIM4
1
21
22
SIM5
SIM1
SIM2
SIM3
SIM4
1
21
22
SIM5
SIM1
SIM2
SIM3
SIM4
1
21
22
SIM5
SIM1
SIM2
SIM3
SIM4
1
21
22
SIM5
SIM1
SIM2
SIM3
SIM4
1
21
22
SIM5
SIM1
SIM2
SIM3
SIM4
1
21
22
SIM5
SIM1
SIM2
SIM3
SIM4
1
21
22
SIM5
SIM1
SIM2
SIM3
SIM4
1
21
22
SIM5
SIM1
SIM2
SIM3
SIM4
1
21
22
SIM5
SIM1
SIM2
SIM3
SIM4
1
21
22
SIM5
SIM1
SIM2
SIM3
SIM4
1
21
22
SIM5
SIM1
SIM2
SIM3
SIM4
1
21
22
SIM5
SIM1
SIM2
SIM3
SIM4
1
21
22
SIM5
SIM1
SIM2
SIM3
SIM4
1
21
22
SIM5
SIM1
SIM2
SIM3
SIM4
1
21
22
SIM5
SIM1
SIM2
SIM3
SIM4
1
21
22
SIM5
SIM1
SIM2
SIM3
SIM4
1
21
22
SIM5
SIM1
SIM2
SIM3
SIM4
1
21
22
SIM5
SIM1
SIM2
SIM3
SIM4
1
21
22
SIM5
SIM1
SIM2
SIM3
SIM4
1
21
22
SIM5
SIM1
SIM2
SIM3
SIM4
1
21
22
SIM5
SIM1
SIM2
SIM3
SIM4
1
21
22
SIM5
SIM1
SIM2
SIM3
SIM4
1
21
22
SIM5
SIM1
SIM2
SIM3
SIM4
1
21
22
SIM5
SIM1
SIM2
SIM3
SIM4
1
21
22
SIM5
SIM1
SIM2
SIM3
SIM4
1
21
22
SIM5
SIM1
SIM2
SIM3
SIM4
1
21
22
SIM5
SIM1
SIM2
SIM3
SIM4
1
21
22
SIM5
SIM1
SIM2
SIM3
SIM4
1
21
22
SIM5
SIM1
SIM2
SIM3
SIM4
1
21
22
SIM5
SIM1
SIM2
SIM3
SIM4
1
21
22
SIM5
SIM1
SIM2
SIM3
SIM4
1
21
22
SIM5
SIM1
SIM2
SIM3
SIM4
1
21
22
SIM5
SIM1
SIM2
SIM3
SIM4
1
21
22
SIM5
SIM1
SIM2
SIM3
SIM4
1
21
22
SIM5
SIM1
SIM2
SIM3
SIM4
1
21
22
SIM5
SIM1
SIM2
SIM3
SIM4
1
21
22
SIM5
SIM1
SIM2
SIM3
SIM4
1
21
22
SIM5
SIM1
SIM2
SIM3
SIM4
1
21
22
SIM5
SIM1
SIM2
SIM3
SIM4
1
21
22
SIM5
SIM1
SIM2
SIM3
SIM4
1
21
22
SIM5
SIM1
SIM2
SIM3
SIM4
1
21
22
SIM5
SIM1
SIM2
SIM3
SIM4
1
21
22
SIM5
SIM1
SIM2
SIM3
SIM4
1
21
22
SIM5
SIM1
SIM2
SIM3
SIM4
1
21
22
SIM5
SIM1
SIM2
SIM3
SIM4
1
21
22
SIM5
SIM1
SIM2
SIM3
SIM4
1
21
22
SIM5
SIM1
SIM2
SIM3
SIM4
1
21
22
SIM5
SIM1
SIM2
SIM3
SIM4
1
21
22
SIM5
SIM1
SIM2
SIM3
SIM4
1
21
22
SIM5
SIM1
SIM2
SIM3
SIM4
1
21
22
SIM5
SIM1
SIM2
SIM3
SIM4
1
21
22
SIM5
SIM1
SIM2
SIM3
SIM4
1
21
22
SIM5
SIM1
SIM2
SIM3
SIM4
1
21
22
SIM5
SIM1
SIM2
SIM3
SIM4
1
21
22
SIM5
SIM1
SIM2
SIM3
SIM4
1
21
22
SIM5
SIM1
SIM2
SIM3
SIM4
1
21
22
SIM5
SIM1
SIM2
SIM3
SIM4
1
21
22
SIM5
SIM1
SIM2
SIM3
SIM4
1
21
22
SIM5
SIM1
SIM2
SIM3
SIM4
1
21
22
SIM5
SIM1
SIM2
SIM3
SIM4
1
21
22
SIM5
SIM1
SIM2
SIM3
SIM4
1
21
22
SIM5
SIM1
SIM2
SIM3
SIM4
1
21
22
SIM5
SIM1
SIM2
SIM3
SIM4
1
21
22
SIM5
SIM1
SIM2
SIM3
SIM4
1
21
22
SIM5
SIM1
SIM2
SIM3
SIM4
1
21
22
SIM5
SIM1
SIM2
SIM3
SIM4
1
21
22
SIM5
SIM1
SIM2
SIM3
SIM4
1
21
22
SIM5
SIM1
SIM2
SIM3
SIM4
1
21
22
SIM5
SIM1
SIM2
SIM3
SIM4
1
21
22
SIM5
SIM1
SIM2
SIM3
SIM4
1
21
22
SIM5
SIM1
SIM2
SIM3
SIM4
1
21
22
SIM5
SIM1
SIM2
SIM3
SIM4
1
21
22
SIM5
SIM1
SIM2
SIM3
SIM4
1
21
22
SIM5
SIM1
SIM2
SIM3
SIM4
1
21
22
SIM5
SIM1
SIM2
SIM3
SIM4
1
21
22
SIM5
SIM1
SIM2
SIM3
SIM4
1
21
22
SIM5
SIM1
SIM2
SIM3
SIM4
1
21
22
SIM5
SIM1
SIM2
SIM3
SIM4
1
21
22
SIM5
SIM1
SIM2
SIM3
SIM4
1
21
22
SIM5
SIM1
SIM2
SIM3
SIM4
1
21
22
SIM5
SIM1
SIM2
SIM3
SIM4
1
21
22
SIM5
SIM1
SIM2
SIM3
SIM4
1
21
22
SIM5
SIM1
SIM2
SIM3
SIM4
1
21
22
SIM5
SIM1
SIM2
SIM3
SIM4
1
21
22
SIM5
SIM1
SIM2
SIM3
SIM4
1
21
22
SIM5
SIM1
SIM2
SIM3
SIM4
1
21
22
SIM5
SIM1
SIM2
SIM3
SIM4
1
21
22
SIM5
SIM1
SIM2
SIM3
SIM4
1
21
22
SIM5
SIM1
SIM2
SIM3
SIM4
1
21
22
SIM5
SIM1
SIM2
SIM3
SIM4
1
21
22
SIM5
SIM1
SIM2
SIM3
SIM4
1
21
22
SIM5
SIM1
SIM2
SIM3
SIM4
1
21
22
SIM5
SIM1
SIM2
SIM3
SIM4
1
21
22
SIM5
SIM1
SIM2
SIM3
SIM4
1
21
22
SIM5
SIM1
SIM2
SIM3
SIM4
1
21
22
SIM5
SIM1
SIM2
SIM3
SIM4
1
21
22
SIM5
SIM1
SIM2
SIM3
SIM4
1
21
22
SIM5
SIM1
SIM2
SIM3
SIM4
1
21
22
SIM5
SIM1
SIM2
SIM3
SIM4
1
21
22
SIM5
SIM1
SIM2
SIM3
SIM4
1
21
22
SIM5
SIM1
SIM2
SIM3
SIM4
1
21
22
SIM5
SIM1
SIM2
SIM3
SIM4
1
21
22
SIM5
SIM1
SIM2
SIM3
SIM4
1
21
22
SIM5
SIM1
SIM2
SIM3
SIM4
1
21
22
SIM5
SIM1
SIM2
SIM3
SIM4
1
21
22
SIM5
SIM1
SIM2
SIM3
SIM4
1
21
22
SIM5
SIM1
SIM2
SIM3
SIM4
1
21
22
SIM5
SIM1
SIM2
SIM3
SIM4
1
21
22
SIM5
SIM1
SIM2
SIM3
SIM4
1
21
22
SIM5
SIM1
SIM2
SIM3
SIM4
1
21
22
SIM5
SIM1
SIM2
SIM3
SIM4
1
21
22
SIM5
SIM1
SIM2
SIM3
SIM4
1
21
22
SIM5
SIM1
SIM2
SIM3
SIM4
1
21
22
SIM5
SIM1
SIM2
SIM3
SIM4
1
21
22
SIM5
SIM1
SIM2
SIM3
SIM4
1
21
22
SIM5
SIM1
SIM2
SIM3
SIM4
1
21
22
SIM5
SIM1
SIM2
SIM3
SIM4
1
21
22
SIM5
SIM1
SIM2
SIM3
SIM4
1
21
22
SIM5
SIM1
SIM2
SIM3
SIM4
1
21
22
SIM5
SIM1
SIM2
SIM3
SIM4
1
21
22
SIM5
SIM1
SIM2
SIM3
SIM4
1
21
22
SIM5
SIM1
SIM2
SIM3
SIM4
1
21
22
SIM5
SIM1
SIM2
SIM3
SIM4
1
21
22
SIM5
SIM1
SIM2
SIM3
SIM4
1
21
22
SIM5
SIM1
SIM2
SIM3
SIM4
1
21
22
SIM5
SIM1
SIM2
SIM3
SIM4
1
21
22
SIM5
SIM1
SIM2
SIM3
SIM4
1
21
22
SIM5
SIM1
SIM2
SIM3
SIM4
1
21
22
SIM5
SIM1
SIM2
SIM3
SIM4
1
21
22
SIM5
SIM1
SIM2
SIM3
SIM4
1
21
22
SIM5
SIM1
SIM2
SIM3
SIM4
1
21
22
SIM5
SIM1
SIM2
SIM3
SIM4
1
21
22
SIM5
SIM1
SIM2
SIM3
SIM4
1
21
22
SIM5
SIM1
SIM2
SIM3
SIM4
1
21
22
SIM5
SIM1
SIM2
SIM3
SIM4
1
21
22
SIM5
SIM1
SIM2
SIM3
SIM4
1
21
22
SIM5
SIM1
SIM2
SIM3
SIM4
1
21
22
SIM5
SIM1
SIM2
SIM3
SIM4
1
21
22
SIM5
SIM1
SIM2
SIM3
SIM4
1
21
22
SIM5
SIM1
SIM2
SIM3
SIM4
1
21
22
SIM5
SIM1
SIM2
SIM3
SIM4
1
21
22
SIM5
SIM1
SIM2
SIM3
SIM4
1
21
22
SIM5
SIM1
SIM2
SIM3
SIM4
1
21
22
SIM5
SIM1
SIM2
SIM3
SIM4
1
21
22
SIM5
SIM1
SIM2
SIM3
SIM4
1
21
22
SIM5
SIM1
SIM2
SIM3
SIM4
1
21
22
SIM5
SIM1
SIM2
SIM3
SIM4
1
21
22
SIM5
SIM1
SIM2
SIM3
SIM4
1
21
22
SIM5
SIM1
SIM2
SIM3
SIM4
1
21
22
SIM5
SIM1
SIM2
SIM3
SIM4
1
21
22
SIM5
SIM1
SIM2
SIM3
SIM4
1
21
22
SIM5
SIM1
SIM2
SIM3
SIM4
1
21
22
SIM5
SIM1
SIM2
SIM3
SIM4
1
21
22
SIM5
SIM1
SIM2
SIM3
SIM4
1
21
22
SIM5
SIM1
SIM2
SIM3
SIM4
1
21
22
SIM5
SIM1
SIM2
SIM3
SIM4
1
21
22
SIM5
SIM1
SIM2
SIM3
SIM4
1
21
22
SIM5
SIM1
SIM2
SIM3
SIM4
1
21
22
SIM5
SIM1
SIM2
SIM3
SIM4
1
21
22
SIM5
SIM1
SIM2
SIM3
SIM4
1
21
22
SIM5
SIM1
SIM2
SIM3
SIM4
1
21
22
SIM5
SIM1
SIM2
SIM3
SIM4
1
21
22
SIM5
SIM1
SIM2
SIM3
SIM4
1
21
22
SIM5
SIM1
SIM2
SIM3
SIM4
1
21
22
SIM5
SIM1
SIM2
SIM3
SIM4
1
21
22
SIM5
SIM1
SIM2
SIM3
SIM4
1
21
22
SIM5
SIM1
SIM2
SIM3
SIM4
1
21
22
SIM5
SIM1
SIM2
SIM3
SIM4
1
21
22
SIM5
SIM1
SIM2
SIM3
SIM4
1
21
22
SIM5
SIM1
SIM2
SIM3
SIM4
1
21
22
SIM5
SIM1
SIM2
SIM3
SIM4
1
21
22
SIM5
SIM1
SIM2
SIM3
SIM4
1
21
22
SIM5
SIM1
SIM2
SIM3
SIM4
1
21
22
SIM5
SIM1
SIM2
SIM3
SIM4
1
21
22
SIM5
SIM1
SIM2
SIM3
SIM4
1
21
22
SIM5
SIM1
SIM2
SIM3
SIM4
1
21
22
SIM5
SIM1
SIM2
SIM3
SIM4
1
21
22
SIM5
SIM1
SIM2
SIM3
SIM4
1
21
22
SIM5
SIM1
SIM2
SIM3
SIM4
1
21
22
SIM5
SIM1
SIM2
SIM3
SIM4
1
21
22
SIM5
SIM1
SIM2
SIM3
SIM4
1
21
22
SIM5
SIM1
SIM2
SIM3
SIM4
1
21
22
SIM5
SIM1
SIM2
SIM3
SIM4
1
21
22
SIM5
SIM1
SIM2
SIM3
SIM4
1
21
22
SIM5
SIM1
SIM2
SIM3
SIM4
1
21
22
SIM5
SIM1
SIM2
SIM3
SIM4
1
21
22
SIM5
SIM1
SIM2
SIM3
SIM4
1
21
22
SIM5
SIM1
SIM2
SIM3
SIM4
1
21
22
SIM5
SIM1
SIM2
SIM3
SIM4
1
21
22
SIM5
SIM1
SIM2
SIM3
SIM4
1
21
22
SIM5
SIM1
SIM2
SIM3
SIM4
1
21
22
SIM5
SIM1
SIM2
SIM3
SIM4
1
21
22
SIM5
SIM1
SIM2
SIM3
SIM4
1
21
22
SIM5
SIM1
SIM2
SIM3
SIM4
1
21
22
SIM5
SIM1
SIM2
SIM3
SIM4
1
21
22
SIM5
SIM1
SIM2
SIM3
SIM4
1
21
22
SIM5
SIM1
SIM2
SIM3
SIM4
1
21
22
SIM5
SIM1
SIM2
SIM3
SIM4
1
21
22
SIM5
SIM1
SIM2
SIM3
SIM4
1
21
22
SIM5
SIM1
SIM2
SIM3
SIM4
1
21
22
SIM5
SIM1
SIM2
SIM3
SIM4
1
21
22
SIM5
SIM1
SIM2
SIM3
SIM4
1
21
22
SIM5
SIM1
SIM2
SIM3
SIM4
1
21
22
SIM5
SIM1
SIM2
SIM3
SIM4
1
21
22
SIM5
SIM1
SIM2
SIM3
SIM4
1
21
22
SIM5
SIM1
SIM2
SIM3
SIM4
1
21
22
SIM5
SIM1
SIM2
SIM3
SIM4
1
21
22
SIM5
SIM1
SIM2
SIM3
SIM4
1
21
22
SIM5
SIM1
SIM2
SIM3
SIM4
1
21
22
SIM5
SIM1
SIM2
SIM3
SIM4
1
21
22
SIM5
SIM1
SIM2
SIM3
SIM4
1
21
22
SIM5
SIM1
SIM2
SIM3
SIM4
1
21
22
SIM5
SIM1
SIM2
SIM3
SIM4
1
21
22
SIM5
SIM1
SIM2
SIM3
SIM4
1
21
22
SIM5
SIM1
SIM2
SIM3
SIM4
1
21
22
SIM5
SIM1
SIM2
DEBUG 1 697
SIM1
SIM2
SIM3
SIM4
1
21
22
SIM5
SIM1
SIM2
SIM3
SIM4
1
21
22
SIM5
SIM1
SIM2
SIM3
SIM4
1
21
22
SIM5
SIM1
SIM2
SIM3
SIM4
1
21
22
SIM5
SIM1
SIM2
SIM3
SIM4
1
21
22
SIM5
SIM1
SIM2
SIM3
SIM4
1
21
22
SIM5
SIM1
SIM2
SIM3
SIM4
1
21
22
SIM5
SIM1
SIM2
SIM3
SIM4
1
21
22
SIM5
SIM1
SIM2
SIM3
SIM4
1
21
22
SIM5
SIM1
SIM2
SIM3
SIM4
1
21
22
SIM5
SIM1
SIM2
SIM3
SIM4
1
21
22
SIM5
SIM1
SIM2
SIM3
SIM4
1
21
22
SIM5
SIM1
SIM2
SIM3
SIM4
1
21
22
SIM5
SIM1
SIM2
SIM3
SIM4
1
21
22
SIM5
SIM1
SIM2
SIM3
SIM4
1
21
22
SIM5
SIM1
SIM2
SIM3
SIM4
1
21
22
SIM5
SIM1
SIM2
SIM3
SIM4
1
21
22
SIM5
SIM1
SIM2
SIM3
SIM4
1
21
22
SIM5
SIM1
SIM2
SIM3
SIM4
1
21
22
SIM5
SIM1
SIM2
SIM3
SIM4
1
21
22
SIM5
SIM1
SIM2
SIM3
SIM4
1
21
22
SIM5
SIM1
SIM2
SIM3
SIM4
1
21
22
SIM5
SIM1
SIM2
SIM3
SIM4
1
21
22
SIM5
SIM1
SIM2
SIM3
SIM4
1
21
22
SIM5
SIM1
SIM2
SIM3
SIM4
1
21
22
SIM5
SIM1
SIM2
SIM3
SIM4
1
21
22
SIM5
SIM1
SIM2
SIM3
SIM4
1
21
22
SIM5
SIM1
SIM2
SIM3
SIM4
1
21
22
SIM5
SIM1
SIM2
SIM3
SIM4
1
21
22
SIM5
SIM1
SIM2
SIM3
SIM4
1
21
22
SIM5
SIM1
SIM2
SIM3
SIM4
1
21
22
SIM5
SIM1
SIM2
SIM3
SIM4
1
21
22
SIM5
SIM1
SIM2
SIM3
SIM4
1
21
22
SIM5
SIM1
SIM2
SIM3
SIM4
1
21
22
SIM5
SIM1
SIM2
SIM3
SIM4
1
21
22
SIM5
SIM1
SIM2
SIM3
SIM4
1
21
22
SIM5
SIM1
SIM2
SIM3
SIM4
1
21
22
SIM5
SIM1
SIM2
SIM3
SIM4
1
21
22
SIM5
SIM1
SIM2
SIM3
SIM4
1
21
22
SIM5
SIM1
SIM2
SIM3
SIM4
1
21
22
SIM5
SIM1
SIM2
SIM3
SIM4
1
21
22
SIM5
SIM1
SIM2
SIM3
SIM4
1
21
22
SIM5
SIM1
SIM2
SIM3
SIM4
1
21
22
SIM5
SIM1
SIM2
SIM3
SIM4
1
21
22
SIM5
SIM1
SIM2
SIM3
SIM4
1
21
22
SIM5
SIM1
SIM2
SIM3
SIM4
1
21
22
SIM5
SIM1
SIM2
SIM3
SIM4
1
21
22
SIM5
SIM1
SIM2
SIM3
SIM4
1
21
22
SIM5
SIM1
SIM2
SIM3
SIM4
1
21
22
SIM5
SIM1
SIM2
SIM3
SIM4
1
21
22
SIM5
SIM1
SIM2
SIM3
SIM4
1
21
22
SIM5
SIM1
SIM2
SIM3
SIM4
1
21
22
SIM5
SIM1
SIM2
SIM3
SIM4
1
21
22
SIM5
SIM1
SIM2
SIM3
SIM4
1
21
22
SIM5
SIM1
SIM2
SIM3
SIM4
1
21
22
SIM5
SIM1
SIM2
SIM3
SIM4
1
21
22
SIM5
SIM1
SIM2
SIM3
SIM4
1
21
22
SIM5
SIM1
SIM2
SIM3
SIM4
1
21
22
SIM5
SIM1
SIM2
SIM3
SIM4
1
21
22
SIM5
SIM1
SIM2
SIM3
SIM4
1
21
22
SIM5
SIM1
SIM2
SIM3
SIM4
1
21
22
SIM5
SIM1
SIM2
SIM3
SIM4
1
21
22
SIM5
SIM1
SIM2
SIM3
SIM4
1
21
22
SIM5
SIM1
SIM2
SIM3
SIM4
1
21
22
SIM5
SIM1
SIM2
SIM3
SIM4
1
21
22
SIM5
SIM1
SIM2
SIM3
SIM4
1
21
22
SIM5
SIM1
SIM2
SIM3
SIM4
1
21
22
SIM5
SIM1
SIM2
SIM3
SIM4
1
21
22
SIM5
SIM1
SIM2
SIM3
SIM4
1
21
22
SIM5
SIM1
SIM2
SIM3
SIM4
1
21
22
SIM5
SIM1
SIM2
SIM3
SIM4
1
21
22
SIM5
SIM1
SIM2
SIM3
SIM4
1
21
22
SIM5
SIM1
SIM2
SIM3
SIM4
1
21
22
SIM5
SIM1
SIM2
SIM3
SIM4
1
21
22
SIM5
SIM1
SIM2
SIM3
SIM4
1
21
22
SIM5
SIM1
SIM2
SIM3
SIM4
1
21
22
SIM5
SIM1
SIM2
SIM3
SIM4
1
21
22
SIM5
SIM1
SIM2
SIM3
SIM4
1
21
22
SIM5
SIM1
SIM2
SIM3
SIM4
1
21
22
SIM5
SIM1
SIM2
SIM3
SIM4
1
21
22
SIM5
SIM1
SIM2
SIM3
SIM4
1
21
22
SIM5
SIM1
SIM2
SIM3
SIM4
1
21
22
SIM5
SIM1
SIM2
SIM3
SIM4
1
21
22
SIM5
SIM1
SIM2
SIM3
SIM4
1
21
22
SIM5
SIM1
SIM2
SIM3
SIM4
1
21
22
SIM5
SIM1
SIM2
SIM3
SIM4
1
21
22
SIM5
SIM1
SIM2
SIM3
SIM4
1
21
22
SIM5
SIM1
SIM2
SIM3
SIM4
1
21
22
SIM5
SIM1
SIM2
SIM3
SIM4
1
21
22
SIM5
SIM1
SIM2
SIM3
SIM4
1
21
22
SIM5
SIM1
SIM2
SIM3
SIM4
1
21
22
SIM5
SIM1
SIM2
SIM3
SIM4
1
21
22
SIM5
SIM1
SIM2
SIM3
SIM4
1
21
22
SIM5
SIM1
SIM2
SIM3
SIM4
1
21
22
SIM5
SIM1
SIM2
SIM3
SIM4
1
21
22
SIM5
SIM1
SIM2
SIM3
SIM4
1
21
22
SIM5
SIM1
SIM2
SIM3
SIM4
1
21
22
SIM5
SIM1
SIM2
SIM3
SIM4
1
21
22
SIM5
SIM1
SIM2
SIM3
SIM4
1
21
22
SIM5
SIM1
SIM2
SIM3
SIM4
1
21
22
SIM5
SIM1
SIM2
SIM3
SIM4
1
21
22
SIM5
SIM1
SIM2
SIM3
SIM4
1
21
22
SIM5
SIM1
SIM2
SIM3
SIM4
1
21
22
SIM5
SIM1
SIM2
SIM3
SIM4
1
21
22
SIM5
SIM1
SIM2
SIM3
SIM4
1
21
22
SIM5
SIM1
SIM2
SIM3
SIM4
1
21
22
SIM5
SIM1
SIM2
SIM3
SIM4
1
21
22
SIM5
SIM1
SIM2
SIM3
SIM4
1
21
22
SIM5
SIM1
SIM2
SIM3
SIM4
1
21
22
SIM5
SIM1
SIM2
SIM3
SIM4
1
21
22
SIM5
SIM1
SIM2
SIM3
SIM4
1
21
22
SIM5
SIM1
SIM2
SIM3
SIM4
1
21
22
SIM5
SIM1
SIM2
SIM3
SIM4
1
21
22
SIM5
SIM1
SIM2
SIM3
SIM4
1
21
22
SIM5
SIM1
SIM2
SIM3
SIM4
1
21
22
SIM5
SIM1
SIM2
SIM3
SIM4
1
21
22
SIM5
SIM1
SIM2
SIM3
SIM4
1
21
22
SIM5
SIM1
SIM2
SIM3
SIM4
1
21
22
SIM5
SIM1
SIM2
SIM3
SIM4
1
21
22
SIM5
SIM1
SIM2
SIM3
SIM4
1
21
22
SIM5
SIM1
SIM2
SIM3
SIM4
1
21
22
SIM5
SIM1
SIM2
SIM3
SIM4
1
21
22
SIM5
SIM1
SIM2
SIM3
SIM4
1
21
22
SIM5
SIM1
SIM2
SIM3
SIM4
1
21
22
SIM5
SIM1
SIM2
SIM3
SIM4
1
21
22
SIM5
SIM1
SIM2
SIM3
SIM4
1
21
22
SIM5
SIM1
SIM2
SIM3
SIM4
1
21
22
SIM5
SIM1
SIM2
SIM3
SIM4
1
21
22
SIM5
SIM1
SIM2
SIM3
SIM4
1
21
22
SIM5
SIM1
SIM2
SIM3
SIM4
1
21
22
SIM5
SIM1
SIM2
SIM3
SIM4
1
21
22
SIM5
SIM1
SIM2
SIM3
SIM4
1
21
22
SIM5
SIM1
SIM2
SIM3
SIM4
1
21
22
SIM5
SIM1
SIM2
SIM3
SIM4
1
21
22
SIM5
SIM1
SIM2
SIM3
SIM4
1
21
22
SIM5
SIM1
SIM2
SIM3
SIM4
1
21
22
SIM5
SIM1
SIM2
SIM3
SIM4
1
21
22
SIM5
SIM1
SIM2
SIM3
SIM4
1
21
22
SIM5
SIM1
SIM2
SIM3
SIM4
1
21
22
SIM5
SIM1
SIM2
SIM3
SIM4
1
21
22
SIM5
SIM1
SIM2
SIM3
SIM4
1
21
22
SIM5
SIM1
SIM2
SIM3
SIM4
1
21
22
SIM5
SIM1
SIM2
SIM3
SIM4
1
21
22
SIM5
SIM1
SIM2
SIM3
SIM4
1
21
22
SIM5
SIM1
SIM2
SIM3
SIM4
1
21
22
SIM5
SIM1
SIM2
SIM3
SIM4
1
21
22
SIM5
SIM1
SIM2
SIM3
SIM4
1
21
22
SIM5
SIM1
SIM2
SIM3
SIM4
1
21
22
SIM5
SIM1
SIM2
SIM3
SIM4
1
21
22
SIM5
SIM1
SIM2
SIM3
SIM4
1
21
22
SIM5
SIM1
SIM2
SIM3
SIM4
1
21
22
SIM5
SIM1
SIM2
SIM3
SIM4
1
21
22
SIM5
SIM1
SIM2
SIM3
SIM4
1
21
22
SIM5
SIM1
SIM2
SIM3
SIM4
1
21
22
SIM5
SIM1
SIM2
SIM3
SIM4
1
21
22
SIM5
SIM1
SIM2
SIM3
SIM4
1
21
22
SIM5
SIM1
SIM2
SIM3
SIM4
1
21
22
SIM5
SIM1
SIM2
SIM3
SIM4
1
21
22
SIM5
SIM1
SIM2
SIM3
SIM4
1
21
22
SIM5
SIM1
SIM2
SIM3
SIM4
1
21
22
SIM5
SIM1
SIM2
SIM3
SIM4
1
21
22
SIM5
SIM1
SIM2
SIM3
SIM4
1
21
22
SIM5
SIM1
SIM2
SIM3
SIM4
1
21
22
SIM5
SIM1
SIM2
SIM3
SIM4
1
21
22
SIM5
SIM1
SIM2
SIM3
SIM4
1
21
22
SIM5
SIM1
SIM2
SIM3
SIM4
1
21
22
SIM5
SIM1
SIM2
SIM3
SIM4
1
21
22
SIM5
SIM1
SIM2
SIM3
SIM4
1
21
22
SIM5
SIM1
SIM2
SIM3
SIM4
1
21
22
SIM5
SIM1
SIM2
SIM3
SIM4
1
21
22
SIM5
SIM1
SIM2
SIM3
SIM4
1
21
22
SIM5
SIM1
SIM2
SIM3
SIM4
1
21
22
SIM5
SIM1
SIM2
SIM3
SIM4
1
21
22
SIM5
SIM1
SIM2
SIM3
SIM4
1
21
22
SIM5
SIM1
SIM2
SIM3
SIM4
1
21
22
SIM5
SIM1
SIM2
SIM3
SIM4
1
21
22
SIM5
SIM1
SIM2
SIM3
SIM4
1
21
22
SIM5
SIM1
SIM2
SIM3
SIM4
1
21
22
SIM5
SIM1
SIM2
SIM3
SIM4
1
21
22
SIM5
SIM1
SIM2
SIM3
SIM4
1
21
22
SIM5
SIM1
SIM2
SIM3
SIM4
1
21
22
SIM5
SIM1
SIM2
SIM3
SIM4
1
21
22
SIM5
SIM1
SIM2
SIM3
SIM4
1
21
22
SIM5
SIM1
SIM2
SIM3
SIM4
1
21
22
SIM5
SIM1
SIM2
SIM3
SIM4
1
21
22
SIM5
SIM1
SIM2
SIM3
SIM4
1
21
22
SIM5
SIM1
SIM2
SIM3
SIM4
1
21
22
SIM5
SIM1
SIM2
SIM3
SIM4
1
21
22
SIM5
SIM1
SIM2
SIM3
SIM4
1
21
22
SIM5
SIM1
SIM2
SIM3
SIM4
1
21
22
SIM5
SIM1
SIM2
SIM3
SIM4
1
21
22
SIM5
SIM1
SIM2
SIM3
SIM4
1
21
22
SIM5
SIM1
SIM2
SIM3
SIM4
1
21
22
SIM5
SIM1
SIM2
SIM3
SIM4
1
21
22
SIM5
SIM1
SIM2
SIM3
SIM4
1
21
22
SIM5
SIM1
SIM2
SIM3
SIM4
1
21
22
SIM5
SIM1
SIM2
SIM3
SIM4
1
21
22
SIM5
SIM1
SIM2
SIM3
SIM4
1
21
22
SIM5
SIM1
SIM2
SIM3
SIM4
1
21
22
SIM5
SIM1
SIM2
SIM3
SIM4
1
21
22
SIM5
SIM1
SIM2
SIM3
SIM4
1
21
22
SIM5
SIM1
SIM2
SIM3
SIM4
1
21
22
SIM5
SIM1
SIM2
SIM3
SIM4
1
21
22
SIM5
SIM1
SIM2
SIM3
SIM4
1
21
22
SIM5
SIM1
SIM2
SIM3
SIM4
1
21
22
SIM5
SIM1
SIM2
SIM3
SIM4
1
21
22
SIM5
SIM1
SIM2
SIM3
SIM4
1
21
22
SIM5
SIM1
SIM2
SIM3
SIM4
1
21
22
SIM5
SIM1
SIM2
SIM3
SIM4
1
21
22
SIM5
SIM1
SIM2
SIM3
SIM4
1
21
22
SIM5
SIM1
SIM2
SIM3
SIM4
1
21
22
SIM5
SIM1
SIM2
DEBUG 1 698
SIM1
SIM2
SIM3
SIM4
1
21
22
SIM5
SIM1
SIM2
SIM3
SIM4
1
21
22
SIM5
SIM1
SIM2
SIM3
SIM4
1
21
22
SIM5
SIM1
SIM2
SIM3
SIM4
1
21
22
SIM5
SIM1
SIM2
SIM3
SIM4
1
21
22
SIM5
SIM1
SIM2
SIM3
SIM4
1
21
22
SIM5
SIM1
SIM2
SIM3
SIM4
1
21
22
SIM5
SIM1
SIM2
SIM3
SIM4
1
21
22
SIM5
SIM1
SIM2
SIM3
SIM4
1
21
22
SIM5
SIM1
SIM2
SIM3
SIM4
1
21
22
SIM5
SIM1
SIM2
SIM3
SIM4
1
21
22
SIM5
SIM1
SIM2
SIM3
SIM4
1
21
22
SIM5
SIM1
SIM2
SIM3
SIM4
1
21
22
SIM5
SIM1
SIM2
SIM3
SIM4
1
21
22
SIM5
SIM1
SIM2
SIM3
SIM4
1
21
22
SIM5
SIM1
SIM2
SIM3
SIM4
1
21
22
SIM5
SIM1
SIM2
SIM3
SIM4
1
21
22
SIM5
SIM1
SIM2
SIM3
SIM4
1
21
22
SIM5
SIM1
SIM2
SIM3
SIM4
1
21
22
SIM5
SIM1
SIM2
SIM3
SIM4
1
21
22
SIM5
SIM1
SIM2
SIM3
SIM4
1
21
22
SIM5
SIM1
SIM2
SIM3
SIM4
1
21
22
SIM5
SIM1
SIM2
SIM3
SIM4
1
21
22
SIM5
SIM1
SIM2
SIM3
SIM4
1
21
22
SIM5
SIM1
SIM2
SIM3
SIM4
1
21
22
SIM5
SIM1
SIM2
SIM3
SIM4
1
21
22
SIM5
SIM1
SIM2
SIM3
SIM4
1
21
22
SIM5
SIM1
SIM2
SIM3
SIM4
1
21
22
SIM5
SIM1
SIM2
SIM3
SIM4
1
21
22
SIM5
SIM1
SIM2
SIM3
SIM4
1
21
22
SIM5
SIM1
SIM2
SIM3
SIM4
1
21
22
SIM5
SIM1
SIM2
SIM3
SIM4
1
21
22
SIM5
SIM1
SIM2
SIM3
SIM4
1
21
22
SIM5
SIM1
SIM2
SIM3
SIM4
1
21
22
SIM5
SIM1
SIM2
SIM3
SIM4
1
21
22
SIM5
SIM1
SIM2
SIM3
SIM4
1
21
22
SIM5
SIM1
SIM2
SIM3
SIM4
1
21
22
SIM5
SIM1
SIM2
SIM3
SIM4
1
21
22
SIM5
SIM1
SIM2
SIM3
SIM4
1
21
22
SIM5
SIM1
SIM2
SIM3
SIM4
1
21
22
SIM5
SIM1
SIM2
SIM3
SIM4
1
21
22
SIM5
SIM1
SIM2
SIM3
SIM4
1
21
22
SIM5
SIM1
SIM2
SIM3
SIM4
1
21
22
SIM5
SIM1
SIM2
SIM3
SIM4
1
21
22
SIM5
SIM1
SIM2
SIM3
SIM4
1
21
22
SIM5
SIM1
SIM2
SIM3
SIM4
1
21
22
SIM5
SIM1
SIM2
SIM3
SIM4
1
21
22
SIM5
SIM1
SIM2
SIM3
SIM4
1
21
22
SIM5
SIM1
SIM2
SIM3
SIM4
1
21
22
SIM5
SIM1
SIM2
SIM3
SIM4
1
21
22
SIM5
SIM1
SIM2
SIM3
SIM4
1
21
22
SIM5
SIM1
SIM2
SIM3
SIM4
1
21
22
SIM5
SIM1
SIM2
SIM3
SIM4
1
21
22
SIM5
SIM1
SIM2
SIM3
SIM4
1
21
22
SIM5
SIM1
SIM2
SIM3
SIM4
1
21
22
SIM5
SIM1
SIM2
SIM3
SIM4
1
21
22
SIM5
SIM1
SIM2
SIM3
SIM4
1
21
22
SIM5
SIM1
SIM2
SIM3
SIM4
1
21
22
SIM5
SIM1
SIM2
SIM3
SIM4
1
21
22
SIM5
SIM1
SIM2
SIM3
SIM4
1
21
22
SIM5
SIM1
SIM2
SIM3
SIM4
1
21
22
SIM5
SIM1
SIM2
SIM3
SIM4
1
21
22
SIM5
SIM1
SIM2
SIM3
SIM4
1
21
22
SIM5
SIM1
SIM2
SIM3
SIM4
1
21
22
SIM5
SIM1
SIM2
SIM3
SIM4
1
21
22
SIM5
SIM1
SIM2
SIM3
SIM4
1
21
22
SIM5
SIM1
SIM2
SIM3
SIM4
1
21
22
SIM5
SIM1
SIM2
SIM3
SIM4
1
21
22
SIM5
SIM1
SIM2
SIM3
SIM4
1
21
22
SIM5
SIM1
SIM2
SIM3
SIM4
1
21
22
SIM5
SIM1
SIM2
SIM3
SIM4
1
21
22
SIM5
SIM1
SIM2
SIM3
SIM4
1
21
22
SIM5
SIM1
SIM2
SIM3
SIM4
1
21
22
SIM5
SIM1
SIM2
SIM3
SIM4
1
21
22
SIM5
SIM1
SIM2
SIM3
SIM4
1
21
22
SIM5
SIM1
SIM2
SIM3
SIM4
1
21
22
SIM5
SIM1
SIM2
SIM3
SIM4
1
21
22
SIM5
SIM1
SIM2
SIM3
SIM4
1
21
22
SIM5
SIM1
SIM2
SIM3
SIM4
1
21
22
SIM5
SIM1
SIM2
SIM3
SIM4
1
21
22
SIM5
SIM1
SIM2
SIM3
SIM4
1
21
22
SIM5
SIM1
SIM2
SIM3
SIM4
1
21
22
SIM5
SIM1
SIM2
SIM3
SIM4
1
21
22
SIM5
SIM1
SIM2
SIM3
SIM4
1
21
22
SIM5
SIM1
SIM2
SIM3
SIM4
1
21
22
SIM5
SIM1
SIM2
SIM3
SIM4
1
21
22
SIM5
SIM1
SIM2
SIM3
SIM4
1
21
22
SIM5
SIM1
SIM2
SIM3
SIM4
1
21
22
SIM5
SIM1
SIM2
SIM3
SIM4
1
21
22
SIM5
SIM1
SIM2
SIM3
SIM4
1
21
22
SIM5
SIM1
SIM2
SIM3
SIM4
1
21
22
SIM5
SIM1
SIM2
SIM3
SIM4
1
21
22
SIM5
SIM1
SIM2
SIM3
SIM4
1
21
22
SIM5
SIM1
SIM2
SIM3
SIM4
1
21
22
SIM5
SIM1
SIM2
SIM3
SIM4
1
21
22
SIM5
SIM1
SIM2
SIM3
SIM4
1
21
22
SIM5
SIM1
SIM2
SIM3
SIM4
1
21
22
SIM5
SIM1
SIM2
SIM3
SIM4
1
21
22
SIM5
SIM1
SIM2
SIM3
SIM4
1
21
22
SIM5
SIM1
SIM2
SIM3
SIM4
1
21
22
SIM5
SIM1
SIM2
SIM3
SIM4
1
21
22
SIM5
SIM1
SIM2
SIM3
SIM4
1
21
22
SIM5
SIM1
SIM2
SIM3
SIM4
1
21
22
SIM5
SIM1
SIM2
SIM3
SIM4
1
21
22
SIM5
SIM1
SIM2
SIM3
SIM4
1
21
22
SIM5
SIM1
SIM2
SIM3
SIM4
1
21
22
SIM5
SIM1
SIM2
SIM3
SIM4
1
21
22
SIM5
SIM1
SIM2
SIM3
SIM4
1
21
22
SIM5
SIM1
SIM2
SIM3
SIM4
1
21
22
SIM5
SIM1
SIM2
SIM3
SIM4
1
21
22
SIM5
SIM1
SIM2
SIM3
SIM4
1
21
22
SIM5
SIM1
SIM2
SIM3
SIM4
1
21
22
SIM5
SIM1
SIM2
SIM3
SIM4
1
21
22
SIM5
SIM1
SIM2
SIM3
SIM4
1
21
22
SIM5
SIM1
SIM2
SIM3
SIM4
1
21
22
SIM5
SIM1
SIM2
SIM3
SIM4
1
21
22
SIM5
SIM1
SIM2
SIM3
SIM4
1
21
22
SIM5
SIM1
SIM2
SIM3
SIM4
1
21
22
SIM5
SIM1
SIM2
SIM3
SIM4
1
21
22
SIM5
SIM1
SIM2
SIM3
SIM4
1
21
22
SIM5
SIM1
SIM2
SIM3
SIM4
1
21
22
SIM5
SIM1
SIM2
SIM3
SIM4
1
21
22
SIM5
SIM1
SIM2
SIM3
SIM4
1
21
22
SIM5
SIM1
SIM2
SIM3
SIM4
1
21
22
SIM5
SIM1
SIM2
SIM3
SIM4
1
21
22
SIM5
SIM1
SIM2
SIM3
SIM4
1
21
22
SIM5
SIM1
SIM2
SIM3
SIM4
1
21
22
SIM5
SIM1
SIM2
SIM3
SIM4
1
21
22
SIM5
SIM1
SIM2
SIM3
SIM4
1
21
22
SIM5
SIM1
SIM2
SIM3
SIM4
1
21
22
SIM5
SIM1
SIM2
SIM3
SIM4
1
21
22
SIM5
SIM1
SIM2
SIM3
SIM4
1
21
22
SIM5
SIM1
SIM2
SIM3
SIM4
1
21
22
SIM5
SIM1
SIM2
SIM3
SIM4
1
21
22
SIM5
SIM1
SIM2
SIM3
SIM4
1
21
22
SIM5
SIM1
SIM2
SIM3
SIM4
1
21
22
SIM5
SIM1
SIM2
SIM3
SIM4
1
21
22
SIM5
SIM1
SIM2
SIM3
SIM4
1
21
22
SIM5
SIM1
SIM2
SIM3
SIM4
1
21
22
SIM5
SIM1
SIM2
SIM3
SIM4
1
21
22
SIM5
SIM1
SIM2
SIM3
SIM4
1
21
22
SIM5
SIM1
SIM2
SIM3
SIM4
1
21
22
SIM5
SIM1
SIM2
SIM3
SIM4
1
21
22
SIM5
SIM1
SIM2
SIM3
SIM4
1
21
22
SIM5
SIM1
SIM2
SIM3
SIM4
1
21
22
SIM5
SIM1
SIM2
SIM3
SIM4
1
21
22
SIM5
SIM1
SIM2
SIM3
SIM4
1
21
22
SIM5
SIM1
SIM2
SIM3
SIM4
1
21
22
SIM5
SIM1
SIM2
SIM3
SIM4
1
21
22
SIM5
SIM1
SIM2
SIM3
SIM4
1
21
22
SIM5
SIM1
SIM2
SIM3
SIM4
1
21
22
SIM5
SIM1
SIM2
SIM3
SIM4
1
21
22
SIM5
SIM1
SIM2
SIM3
SIM4
1
21
22
SIM5
SIM1
SIM2
SIM3
SIM4
1
21
22
SIM5
SIM1
SIM2
SIM3
SIM4
1
21
22
SIM5
SIM1
SIM2
SIM3
SIM4
1
21
22
SIM5
SIM1
SIM2
SIM3
SIM4
1
21
22
SIM5
SIM1
SIM2
SIM3
SIM4
1
21
22
SIM5
SIM1
SIM2
SIM3
SIM4
1
21
22
SIM5
SIM1
SIM2
SIM3
SIM4
1
21
22
SIM5
SIM1
SIM2
SIM3
SIM4
1
21
22
SIM5
SIM1
SIM2
SIM3
SIM4
1
21
22
SIM5
SIM1
SIM2
SIM3
SIM4
1
21
22
SIM5
SIM1
SIM2
SIM3
SIM4
1
21
22
SIM5
SIM1
SIM2
SIM3
SIM4
1
21
22
SIM5
SIM1
SIM2
SIM3
SIM4
1
21
22
SIM5
SIM1
SIM2
SIM3
SIM4
1
21
22
SIM5
SIM1
SIM2
SIM3
SIM4
1
21
22
SIM5
SIM1
SIM2
SIM3
SIM4
1
21
22
SIM5
SIM1
SIM2
SIM3
SIM4
1
21
22
SIM5
SIM1
SIM2
SIM3
SIM4
1
21
22
SIM5
SIM1
SIM2
SIM3
SIM4
1
21
22
SIM5
SIM1
SIM2
SIM3
SIM4
1
21
22
SIM5
SIM1
SIM2
SIM3
SIM4
1
21
22
SIM5
SIM1
SIM2
SIM3
SIM4
1
21
22
SIM5
SIM1
SIM2
SIM3
SIM4
1
21
22
SIM5
SIM1
SIM2
SIM3
SIM4
1
21
22
SIM5
SIM1
SIM2
SIM3
SIM4
1
21
22
SIM5
SIM1
SIM2
SIM3
SIM4
1
21
22
SIM5
SIM1
SIM2
SIM3
SIM4
1
21
22
SIM5
SIM1
SIM2
SIM3
SIM4
1
21
22
SIM5
SIM1
SIM2
SIM3
SIM4
1
21
22
SIM5
SIM1
SIM2
SIM3
SIM4
1
21
22
SIM5
SIM1
SIM2
SIM3
SIM4
1
21
22
SIM5
SIM1
SIM2
SIM3
SIM4
1
21
22
SIM5
SIM1
SIM2
SIM3
SIM4
1
21
22
SIM5
SIM1
SIM2
SIM3
SIM4
1
21
22
SIM5
SIM1
SIM2
SIM3
SIM4
1
21
22
SIM5
SIM1
SIM2
SIM3
SIM4
1
21
22
SIM5
SIM1
SIM2
SIM3
SIM4
1
21
22
SIM5
SIM1
SIM2
SIM3
SIM4
1
21
22
SIM5
SIM1
SIM2
DEBUG 1 699
SIM1
SIM2
SIM3
SIM4
1
21
22
SIM5
SIM1
SIM2
SIM3
SIM4
1
21
22
SIM5
SIM1
SIM2
SIM3
SIM4
1
21
22
SIM5
SIM1
SIM2
SIM3
SIM4
1
21
22
SIM5
SIM1
SIM2
SIM3
SIM4
1
21
22
SIM5
SIM1
SIM2
SIM3
SIM4
1
21
22
SIM5
SIM1
SIM2
SIM3
SIM4
1
21
22
SIM5
SIM1
SIM2
SIM3
SIM4
1
21
22
SIM5
SIM1
SIM2
SIM3
SIM4
1
21
22
SIM5
SIM1
SIM2
SIM3
SIM4
1
21
22
SIM5
SIM1
SIM2
SIM3
SIM4
1
21
22
SIM5
SIM1
SIM2
SIM3
SIM4
1
21
22
SIM5
SIM1
SIM2
SIM3
SIM4
1
21
22
SIM5
SIM1
SIM2
SIM3
SIM4
1
21
22
SIM5
SIM1
SIM2
SIM3
SIM4
1
21
22
SIM5
SIM1
SIM2
SIM3
SIM4
1
21
22
SIM5
SIM1
SIM2
SIM3
SIM4
1
21
22
SIM5
SIM1
SIM2
SIM3
SIM4
1
21
22
SIM5
SIM1
SIM2
SIM3
SIM4
1
21
22
SIM5
SIM1
SIM2
SIM3
SIM4
1
21
22
SIM5
SIM1
SIM2
SIM3
SIM4
1
21
22
SIM5
SIM1
SIM2
SIM3
SIM4
1
21
22
SIM5
SIM1
SIM2
SIM3
SIM4
1
21
22
SIM5
SIM1
SIM2
SIM3
SIM4
1
21
22
SIM5
SIM1
SIM2
SIM3
SIM4
1
21
22
SIM5
SIM1
SIM2
SIM3
SIM4
1
21
22
SIM5
SIM1
SIM2
SIM3
SIM4
1
21
22
SIM5
SIM1
SIM2
SIM3
SIM4
1
21
22
SIM5
SIM1
SIM2
SIM3
SIM4
1
21
22
SIM5
SIM1
SIM2
SIM3
SIM4
1
21
22
SIM5
SIM1
SIM2
SIM3
SIM4
1
21
22
SIM5
SIM1
SIM2
SIM3
SIM4
1
21
22
SIM5
SIM1
SIM2
SIM3
SIM4
1
21
22
SIM5
SIM1
SIM2
SIM3
SIM4
1
21
22
SIM5
SIM1
SIM2
SIM3
SIM4
1
21
22
SIM5
SIM1
SIM2
SIM3
SIM4
1
21
22
SIM5
SIM1
SIM2
SIM3
SIM4
1
21
22
SIM5
SIM1
SIM2
SIM3
SIM4
1
21
22
SIM5
SIM1
SIM2
SIM3
SIM4
1
21
22
SIM5
SIM1
SIM2
SIM3
SIM4
1
21
22
SIM5
SIM1
SIM2
SIM3
SIM4
1
21
22
SIM5
SIM1
SIM2
SIM3
SIM4
1
21
22
SIM5
SIM1
SIM2
SIM3
SIM4
1
21
22
SIM5
SIM1
SIM2
SIM3
SIM4
1
21
22
SIM5
SIM1
SIM2
SIM3
SIM4
1
21
22
SIM5
SIM1
SIM2
SIM3
SIM4
1
21
22
SIM5
SIM1
SIM2
SIM3
SIM4
1
21
22
SIM5
SIM1
SIM2
SIM3
SIM4
1
21
22
SIM5
SIM1
SIM2
SIM3
SIM4
1
21
22
SIM5
SIM1
SIM2
SIM3
SIM4
1
21
22
SIM5
SIM1
SIM2
SIM3
SIM4
1
21
22
SIM5
SIM1
SIM2
SIM3
SIM4
1
21
22
SIM5
SIM1
SIM2
SIM3
SIM4
1
21
22
SIM5
SIM1
SIM2
SIM3
SIM4
1
21
22
SIM5
SIM1
SIM2
SIM3
SIM4
1
21
22
SIM5
SIM1
SIM2
SIM3
SIM4
1
21
22
SIM5
SIM1
SIM2
SIM3
SIM4
1
21
22
SIM5
SIM1
SIM2
SIM3
SIM4
1
21
22
SIM5
SIM1
SIM2
SIM3
SIM4
1
21
22
SIM5
SIM1
SIM2
SIM3
SIM4
1
21
22
SIM5
SIM1
SIM2
SIM3
SIM4
1
21
22
SIM5
SIM1
SIM2
SIM3
SIM4
1
21
22
SIM5
SIM1
SIM2
SIM3
SIM4
1
21
22
SIM5
SIM1
SIM2
SIM3
SIM4
1
21
22
SIM5
SIM1
SIM2
SIM3
SIM4
1
21
22
SIM5
SIM1
SIM2
SIM3
SIM4
1
21
22
SIM5
SIM1
SIM2
SIM3
SIM4
1
21
22
SIM5
SIM1
SIM2
SIM3
SIM4
1
21
22
SIM5
SIM1
SIM2
SIM3
SIM4
1
21
22
SIM5
SIM1
SIM2
SIM3
SIM4
1
21
22
SIM5
SIM1
SIM2
SIM3
SIM4
1
21
22
SIM5
SIM1
SIM2
SIM3
SIM4
1
21
22
SIM5
SIM1
SIM2
SIM3
SIM4
1
21
22
SIM5
SIM1
SIM2
SIM3
SIM4
1
21
22
SIM5
SIM1
SIM2
SIM3
SIM4
1
21
22
SIM5
SIM1
SIM2
SIM3
SIM4
1
21
22
SIM5
SIM1
SIM2
SIM3
SIM4
1
21
22
SIM5
SIM1
SIM2
SIM3
SIM4
1
21
22
SIM5
SIM1
SIM2
SIM3
SIM4
1
21
22
SIM5
SIM1
SIM2
SIM3
SIM4
1
21
22
SIM5
SIM1
SIM2
SIM3
SIM4
1
21
22
SIM5
SIM1
SIM2
SIM3
SIM4
1
21
22
SIM5
SIM1
SIM2
SIM3
SIM4
1
21
22
SIM5
SIM1
SIM2
SIM3
SIM4
1
21
22
SIM5
SIM1
SIM2
SIM3
SIM4
1
21
22
SIM5
SIM1
SIM2
SIM3
SIM4
1
21
22
SIM5
SIM1
SIM2
SIM3
SIM4
1
21
22
SIM5
SIM1
SIM2
SIM3
SIM4
1
21
22
SIM5
SIM1
SIM2
SIM3
SIM4
1
21
22
SIM5
SIM1
SIM2
SIM3
SIM4
1
21
22
SIM5
SIM1
SIM2
SIM3
SIM4
1
21
22
SIM5
SIM1
SIM2
SIM3
SIM4
1
21
22
SIM5
SIM1
SIM2
SIM3
SIM4
1
21
22
SIM5
SIM1
SIM2
SIM3
SIM4
1
21
22
SIM5
SIM1
SIM2
SIM3
SIM4
1
21
22
SIM5
SIM1
SIM2
SIM3
SIM4
1
21
22
SIM5
SIM1
SIM2
SIM3
SIM4
1
21
22
SIM5
SIM1
SIM2
SIM3
SIM4
1
21
22
SIM5
SIM1
SIM2
SIM3
SIM4
1
21
22
SIM5
SIM1
SIM2
SIM3
SIM4
1
21
22
SIM5
SIM1
SIM2
SIM3
SIM4
1
21
22
SIM5
SIM1
SIM2
SIM3
SIM4
1
21
22
SIM5
SIM1
SIM2
SIM3
SIM4
1
21
22
SIM5
SIM1
SIM2
SIM3
SIM4
1
21
22
SIM5
SIM1
SIM2
SIM3
SIM4
1
21
22
SIM5
SIM1
SIM2
SIM3
SIM4
1
21
22
SIM5
SIM1
SIM2
SIM3
SIM4
1
21
22
SIM5
SIM1
SIM2
SIM3
SIM4
1
21
22
SIM5
SIM1
SIM2
SIM3
SIM4
1
21
22
SIM5
SIM1
SIM2
SIM3
SIM4
1
21
22
SIM5
SIM1
SIM2
SIM3
SIM4
1
21
22
SIM5
SIM1
SIM2
SIM3
SIM4
1
21
22
SIM5
SIM1
SIM2
SIM3
SIM4
1
21
22
SIM5
SIM1
SIM2
SIM3
SIM4
1
21
22
SIM5
SIM1
SIM2
SIM3
SIM4
1
21
22
SIM5
SIM1
SIM2
SIM3
SIM4
1
21
22
SIM5
SIM1
SIM2
SIM3
SIM4
1
21
22
SIM5
SIM1
SIM2
SIM3
SIM4
1
21
22
SIM5
SIM1
SIM2
SIM3
SIM4
1
21
22
SIM5
SIM1
SIM2
SIM3
SIM4
1
21
22
SIM5
SIM1
SIM2
SIM3
SIM4
1
21
22
SIM5
SIM1
SIM2
SIM3
SIM4
1
21
22
SIM5
SIM1
SIM2
SIM3
SIM4
1
21
22
SIM5
SIM1
SIM2
DEBUG 1 700
SIM1
SIM2
SIM3
SIM4
1
21
22
SIM5
SIM1
SIM2
SIM3
SIM4
1
21
22
SIM5
SIM1
SIM2
SIM3
SIM4
1
21
22
SIM5
SIM1
SIM2
SIM3
SIM4
1
21
22
SIM5
SIM1
SIM2
SIM3
SIM4
1
21
22
SIM5
SIM1
SIM2
SIM3
SIM4
1
21
22
SIM5
SIM1
SIM2
SIM3
SIM4
1
21
22
SIM5
SIM1
SIM2
SIM3
SIM4
1
21
22
SIM5
SIM1
SIM2
SIM3
SIM4
1
21
22
SIM5
SIM1
SIM2
SIM3
SIM4
1
21
22
SIM5
SIM1
SIM2
SIM3
SIM4
1
21
22
SIM5
SIM1
SIM2
SIM3
SIM4
1
21
22
SIM5
SIM1
SIM2
SIM3
SIM4
1
21
22
SIM5
SIM1
SIM2
SIM3
SIM4
1
21
22
SIM5
SIM1
SIM2
SIM3
SIM4
1
21
22
SIM5
SIM1
SIM2
SIM3
SIM4
1
21
22
SIM5
SIM1
SIM2
SIM3
SIM4
1
21
22
SIM5
SIM1
SIM2
SIM3
SIM4
1
21
22
SIM5
SIM1
SIM2
SIM3
SIM4
1
21
22
SIM5
SIM1
SIM2
SIM3
SIM4
1
21
22
SIM5
SIM1
SIM2
SIM3
SIM4
1
21
22
SIM5
SIM1
SIM2
SIM3
SIM4
1
21
22
SIM5
SIM1
SIM2
SIM3
SIM4
1
21
22
SIM5
SIM1
SIM2
SIM3
SIM4
1
21
22
SIM5
SIM1
SIM2
SIM3
SIM4
1
21
22
SIM5
SIM1
SIM2
SIM3
SIM4
1
21
22
SIM5
SIM1
SIM2
SIM3
SIM4
1
21
22
SIM5
SIM1
SIM2
SIM3
SIM4
1
21
22
SIM5
SIM1
SIM2
SIM3
SIM4
1
21
22
SIM5
SIM1
SIM2
SIM3
SIM4
1
21
22
SIM5
SIM1
SIM2
SIM3
SIM4
1
21
22
SIM5
SIM1
SIM2
SIM3
SIM4
1
21
22
SIM5
SIM1
SIM2
SIM3
SIM4
1
21
22
SIM5
SIM1
SIM2
SIM3
SIM4
1
21
22
SIM5
SIM1
SIM2
SIM3
SIM4
1
21
22
SIM5
SIM1
SIM2
SIM3
SIM4
1
21
22
SIM5
SIM1
SIM2
SIM3
SIM4
1
21
22
SIM5
SIM1
SIM2
SIM3
SIM4
1
21
22
SIM5
SIM1
SIM2
SIM3
SIM4
1
21
22
SIM5
SIM1
SIM2
SIM3
SIM4
1
21
22
SIM5
SIM1
SIM2
SIM3
SIM4
1
21
22
SIM5
SIM1
SIM2
SIM3
SIM4
1
21
22
SIM5
SIM1
SIM2
SIM3
SIM4
1
21
22
SIM5
SIM1
SIM2
SIM3
SIM4
1
21
22
SIM5
SIM1
SIM2
SIM3
SIM4
1
21
22
SIM5
SIM1
SIM2
SIM3
SIM4
1
21
22
SIM5
SIM1
SIM2
SIM3
SIM4
1
21
22
SIM5
SIM1
SIM2
SIM3
SIM4
1
21
22
SIM5
SIM1
SIM2
SIM3
SIM4
1
21
22
SIM5
SIM1
SIM2
SIM3
SIM4
1
21
22
SIM5
SIM1
SIM2
SIM3
SIM4
1
21
22
SIM5
SIM1
SIM2
SIM3
SIM4
1
21
22
SIM5
SIM1
SIM2
SIM3
SIM4
1
21
22
SIM5
SIM1
SIM2
SIM3
SIM4
1
21
22
SIM5
SIM1
SIM2
SIM3
SIM4
1
21
22
SIM5
SIM1
SIM2
SIM3
SIM4
1
21
22
SIM5
SIM1
SIM2
SIM3
SIM4
1
21
22
SIM5
SIM1
SIM2
SIM3
SIM4
1
21
22
SIM5
SIM1
SIM2
SIM3
SIM4
1
21
22
SIM5
SIM1
SIM2
SIM3
SIM4
1
21
22
SIM5
SIM1
SIM2
SIM3
SIM4
1
21
22
SIM5
SIM1
SIM2
SIM3
SIM4
1
21
22
SIM5
SIM1
SIM2
SIM3
SIM4
1
21
22
SIM5
SIM1
SIM2
SIM3
SIM4
1
21
22
SIM5
SIM1
SIM2
SIM3
SIM4
1
21
22
SIM5
SIM1
SIM2
SIM3
SIM4
1
21
22
SIM5
SIM1
SIM2
SIM3
SIM4
1
21
22
SIM5
SIM1
SIM2
SIM3
SIM4
1
21
22
SIM5
SIM1
SIM2
SIM3
SIM4
1
21
22
SIM5
SIM1
SIM2
SIM3
SIM4
1
21
22
SIM5
SIM1
SIM2
SIM3
SIM4
1
21
22
SIM5
SIM1
SIM2
SIM3
SIM4
1
21
22
SIM5
SIM1
SIM2
SIM3
SIM4
1
21
22
SIM5
SIM1
SIM2
SIM3
SIM4
1
21
22
SIM5
SIM1
SIM2
SIM3
SIM4
1
21
22
SIM5
SIM1
SIM2
SIM3
SIM4
1
21
22
SIM5
SIM1
SIM2
SIM3
SIM4
1
21
22
SIM5
SIM1
SIM2
SIM3
SIM4
1
21
22
SIM5
SIM1
SIM2
SIM3
SIM4
1
21
22
SIM5
SIM1
SIM2
SIM3
SIM4
1
21
22
SIM5
SIM1
SIM2
SIM3
SIM4
1
21
22
SIM5
SIM1
SIM2
SIM3
SIM4
1
21
22
SIM5
SIM1
SIM2
SIM3
SIM4
1
21
22
SIM5
SIM1
SIM2
SIM3
SIM4
1
21
22
SIM5
SIM1
SIM2
SIM3
SIM4
1
21
22
SIM5
SIM1
SIM2
SIM3
SIM4
1
21
22
SIM5
SIM1
SIM2
SIM3
SIM4
1
21
22
SIM5
SIM1
SIM2
SIM3
SIM4
1
21
22
SIM5
SIM1
SIM2
SIM3
SIM4
1
21
22
SIM5
SIM1
SIM2
SIM3
SIM4
1
21
22
SIM5
SIM1
SIM2
SIM3
SIM4
1
21
22
SIM5
SIM1
SIM2
SIM3
SIM4
1
21
22
SIM5
SIM1
SIM2
SIM3
SIM4
1
21
22
SIM5
SIM1
SIM2
SIM3
SIM4
1
21
22
SIM5
SIM1
SIM2
SIM3
SIM4
1
21
22
SIM5
SIM1
SIM2
SIM3
SIM4
1
21
22
SIM5
SIM1
SIM2
SIM3
SIM4
1
21
22
SIM5
SIM1
SIM2
SIM3
SIM4
1
21
22
SIM5
SIM1
SIM2
SIM3
SIM4
1
21
22
SIM5
SIM1
SIM2
SIM3
SIM4
1
21
22
SIM5
SIM1
SIM2
SIM3
SIM4
1
21
22
SIM5
SIM1
SIM2
SIM3
SIM4
1
21
22
SIM5
SIM1
SIM2
SIM3
SIM4
1
21
22
SIM5
SIM1
SIM2
SIM3
SIM4
1
21
22
SIM5
SIM1
SIM2
SIM3
SIM4
1
21
22
SIM5
SIM1
SIM2
SIM3
SIM4
1
21
22
SIM5
SIM1
SIM2
SIM3
SIM4
1
21
22
SIM5
SIM1
SIM2
SIM3
SIM4
1
21
22
SIM5
SIM1
SIM2
SIM3
SIM4
1
21
22
SIM5
SIM1
SIM2
SIM3
SIM4
1
21
22
SIM5
SIM1
SIM2
SIM3
SIM4
1
21
22
SIM5
SIM1
SIM2
SIM3
SIM4
1
21
22
SIM5
SIM1
SIM2
SIM3
SIM4
1
21
22
SIM5
SIM1
SIM2
SIM3
SIM4
1
21
22
SIM5
SIM1
SIM2
SIM3
SIM4
1
21
22
SIM5
SIM1
SIM2
SIM3
SIM4
1
21
22
SIM5
SIM1
SIM2
SIM3
SIM4
1
21
22
SIM5
SIM1
SIM2
SIM3
SIM4
1
21
22
SIM5
SIM1
SIM2
SIM3
SIM4
1
21
22
SIM5
SIM1
SIM2
SIM3
SIM4
1
21
22
SIM5
SIM1
SIM2
SIM3
SIM4
1
21
22
SIM5
SIM1
SIM2
SIM3
SIM4
1
21
22
SIM5
SIM1
SIM2
SIM3
SIM4
1
21
22
SIM5
SIM1
SIM2
SIM3
SIM4
1
21
22
SIM5
SIM1
SIM2
SIM3
SIM4
1
21
22
SIM5
SIM1
SIM2
SIM3
SIM4
1
21
22
SIM5
SIM1
SIM2
SIM3
SIM4
1
21
22
SIM5
SIM1
SIM2
SIM3
SIM4
1
21
22
SIM5
SIM1
SIM2
SIM3
SIM4
1
21
22
SIM5
SIM1
SIM2
SIM3
SIM4
1
21
22
SIM5
SIM1
SIM2
SIM3
SIM4
1
21
22
SIM5
SIM1
SIM2
SIM3
SIM4
1
21
22
SIM5
SIM1
SIM2
SIM3
SIM4
1
21
22
SIM5
SIM1
SIM2
SIM3
SIM4
1
21
22
SIM5
SIM1
SIM2
SIM3
SIM4
1
21
22
SIM5
SIM1
SIM2
SIM3
SIM4
1
21
22
SIM5
SIM1
SIM2
SIM3
SIM4
1
21
22
SIM5
SIM1
SIM2
SIM3
SIM4
1
21
22
SIM5
SIM1
SIM2
SIM3
SIM4
1
21
22
SIM5
SIM1
SIM2
SIM3
SIM4
1
21
22
SIM5
SIM1
SIM2
SIM3
SIM4
1
21
22
SIM5
SIM1
SIM2
SIM3
SIM4
1
21
22
SIM5
SIM1
SIM2
SIM3
SIM4
1
21
22
SIM5
SIM1
SIM2
SIM3
SIM4
1
21
22
SIM5
SIM1
SIM2
SIM3
SIM4
1
21
22
SIM5
SIM1
SIM2
SIM3
SIM4
1
21
22
SIM5
SIM1
SIM2
SIM3
SIM4
1
21
22
SIM5
SIM1
SIM2
SIM3
SIM4
1
21
22
SIM5
SIM1
SIM2
SIM3
SIM4
1
21
22
SIM5
SIM1
SIM2
SIM3
SIM4
1
21
22
SIM5
SIM1
SIM2
SIM3
SIM4
1
21
22
SIM5
SIM1
SIM2
SIM3
SIM4
1
21
22
SIM5
SIM1
SIM2
SIM3
SIM4
1
21
22
SIM5
SIM1
SIM2
SIM3
SIM4
1
21
22
SIM5
SIM1
SIM2
SIM3
SIM4
1
21
22
SIM5
SIM1
SIM2
SIM3
SIM4
1
21
22
SIM5
SIM1
SIM2
SIM3
SIM4
1
21
22
SIM5
SIM1
SIM2
SIM3
SIM4
1
21
22
SIM5
SIM1
SIM2
SIM3
SIM4
1
21
22
SIM5
SIM1
SIM2
SIM3
SIM4
1
21
22
SIM5
SIM1
SIM2
SIM3
SIM4
1
21
22
SIM5
SIM1
SIM2
SIM3
SIM4
1
21
22
SIM5
SIM1
SIM2
SIM3
SIM4
1
21
22
SIM5
SIM1
SIM2
SIM3
SIM4
1
21
22
SIM5
SIM1
SIM2
SIM3
SIM4
1
21
22
SIM5
SIM1
SIM2
SIM3
SIM4
1
21
22
SIM5
SIM1
SIM2
SIM3
SIM4
1
21
22
SIM5
SIM1
SIM2
SIM3
SIM4
1
21
22
SIM5
SIM1
SIM2
SIM3
SIM4
1
21
22
SIM5
SIM1
SIM2
SIM3
SIM4
1
21
22
SIM5
SIM1
SIM2
SIM3
SIM4
1
21
22
SIM5
SIM1
SIM2
SIM3
SIM4
1
21
22
SIM5
SIM1
SIM2
SIM3
SIM4
1
21
22
SIM5
SIM1
SIM2
SIM3
SIM4
1
21
22
SIM5
SIM1
SIM2
SIM3
SIM4
1
21
22
SIM5
SIM1
SIM2
SIM3
SIM4
1
21
22
SIM5
SIM1
SIM2
SIM3
SIM4
1
21
22
SIM5
SIM1
SIM2
SIM3
SIM4
1
21
22
SIM5
SIM1
SIM2
SIM3
SIM4
1
21
22
SIM5
SIM1
SIM2
SIM3
SIM4
1
21
22
SIM5
SIM1
SIM2
SIM3
SIM4
1
21
22
SIM5
SIM1
SIM2
SIM3
SIM4
1
21
22
SIM5
SIM1
SIM2
SIM3
SIM4
1
21
22
SIM5
SIM1
SIM2
SIM3
SIM4
1
21
22
SIM5
SIM1
SIM2
SIM3
SIM4
1
21
22
SIM5
SIM1
SIM2
SIM3
SIM4
1
21
22
SIM5
SIM1
SIM2
SIM3
SIM4
1
21
22
SIM5
SIM1
SIM2
SIM3
SIM4
1
21
22
SIM5
SIM1
SIM2
SIM3
SIM4
1
21
22
SIM5
SIM1
SIM2
SIM3
SIM4
1
21
22
SIM5
SIM1
SIM2
SIM3
SIM4
1
21
22
SIM5
SIM1
SIM2
SIM3
SIM4
1
21
22
SIM5
SIM1
SIM2
SIM3
SIM4
1
21
22
SIM5
SIM1
SIM2
SIM3
SIM4
1
21
22
SIM5
SIM1
SIM2
SIM3
SIM4
1
21
22
SIM5
SIM1
SIM2
SIM3
SIM4
1
21
22
SIM5
SIM1
SIM2
SIM3
SIM4
1
21
22
SIM5
SIM1
SIM2
SIM3
SIM4
1
21
22
SIM5
SIM1
SIM2
SIM3
SIM4
1
21
22
SIM5
SIM1
SIM2
DEBUG 1 701
SIM1
SIM2
SIM3
SIM4
1
21
22
SIM5
SIM1
SIM2
SIM3
SIM4
1
21
22
SIM5
SIM1
SIM2
SIM3
SIM4
1
21
22
SIM5
SIM1
SIM2
SIM3
SIM4
1
21
22
SIM5
SIM1
SIM2
SIM3
SIM4
1
21
22
SIM5
SIM1
SIM2
SIM3
SIM4
1
21
22
SIM5
SIM1
SIM2
SIM3
SIM4
1
21
22
SIM5
SIM1
SIM2
SIM3
SIM4
1
21
22
SIM5
SIM1
SIM2
SIM3
SIM4
1
21
22
SIM5
SIM1
SIM2
SIM3
SIM4
1
21
22
SIM5
SIM1
SIM2
SIM3
SIM4
1
21
22
SIM5
SIM1
SIM2
SIM3
SIM4
1
21
22
SIM5
SIM1
SIM2
SIM3
SIM4
1
21
22
SIM5
SIM1
SIM2
SIM3
SIM4
1
21
22
SIM5
SIM1
SIM2
SIM3
SIM4
1
21
22
SIM5
SIM1
SIM2
SIM3
SIM4
1
21
22
SIM5
SIM1
SIM2
SIM3
SIM4
1
21
22
SIM5
SIM1
SIM2
SIM3
SIM4
1
21
22
SIM5
SIM1
SIM2
SIM3
SIM4
1
21
22
SIM5
SIM1
SIM2
SIM3
SIM4
1
21
22
SIM5
SIM1
SIM2
SIM3
SIM4
1
21
22
SIM5
SIM1
SIM2
SIM3
SIM4
1
21
22
SIM5
SIM1
SIM2
SIM3
SIM4
1
21
22
SIM5
SIM1
SIM2
SIM3
SIM4
1
21
22
SIM5
SIM1
SIM2
SIM3
SIM4
1
21
22
SIM5
SIM1
SIM2
SIM3
SIM4
1
21
22
SIM5
SIM1
SIM2
SIM3
SIM4
1
21
22
SIM5
SIM1
SIM2
SIM3
SIM4
1
21
22
SIM5
SIM1
SIM2
SIM3
SIM4
1
21
22
SIM5
SIM1
SIM2
SIM3
SIM4
1
21
22
SIM5
SIM1
SIM2
SIM3
SIM4
1
21
22
SIM5
SIM1
SIM2
SIM3
SIM4
1
21
22
SIM5
SIM1
SIM2
SIM3
SIM4
1
21
22
SIM5
SIM1
SIM2
SIM3
SIM4
1
21
22
SIM5
SIM1
SIM2
SIM3
SIM4
1
21
22
SIM5
SIM1
SIM2
SIM3
SIM4
1
21
22
SIM5
SIM1
SIM2
SIM3
SIM4
1
21
22
SIM5
SIM1
SIM2
SIM3
SIM4
1
21
22
SIM5
SIM1
SIM2
SIM3
SIM4
1
21
22
SIM5
SIM1
SIM2
SIM3
SIM4
1
21
22
SIM5
SIM1
SIM2
SIM3
SIM4
1
21
22
SIM5
SIM1
SIM2
SIM3
SIM4
1
21
22
SIM5
SIM1
SIM2
SIM3
SIM4
1
21
22
SIM5
SIM1
SIM2
SIM3
SIM4
1
21
22
SIM5
SIM1
SIM2
SIM3
SIM4
1
21
22
SIM5
SIM1
SIM2
SIM3
SIM4
1
21
22
SIM5
SIM1
SIM2
SIM3
SIM4
1
21
22
SIM5
SIM1
SIM2
SIM3
SIM4
1
21
22
SIM5
SIM1
SIM2
SIM3
SIM4
1
21
22
SIM5
SIM1
SIM2
SIM3
SIM4
1
21
22
SIM5
SIM1
SIM2
SIM3
SIM4
1
21
22
SIM5
SIM1
SIM2
SIM3
SIM4
1
21
22
SIM5
SIM1
SIM2
SIM3
SIM4
1
21
22
SIM5
SIM1
SIM2
SIM3
SIM4
1
21
22
SIM5
SIM1
SIM2
SIM3
SIM4
1
21
22
SIM5
SIM1
SIM2
SIM3
SIM4
1
21
22
SIM5
SIM1
SIM2
SIM3
SIM4
1
21
22
SIM5
SIM1
SIM2
SIM3
SIM4
1
21
22
SIM5
SIM1
SIM2
SIM3
SIM4
1
21
22
SIM5
SIM1
SIM2
SIM3
SIM4
1
21
22
SIM5
SIM1
SIM2
SIM3
SIM4
1
21
22
SIM5
SIM1
SIM2
SIM3
SIM4
1
21
22
SIM5
SIM1
SIM2
SIM3
SIM4
1
21
22
SIM5
SIM1
SIM2
SIM3
SIM4
1
21
22
SIM5
SIM1
SIM2
SIM3
SIM4
1
21
22
SIM5
SIM1
SIM2
SIM3
SIM4
1
21
22
SIM5
SIM1
SIM2
SIM3
SIM4
1
21
22
SIM5
SIM1
SIM2
SIM3
SIM4
1
21
22
SIM5
SIM1
SIM2
SIM3
SIM4
1
21
22
SIM5
SIM1
SIM2
SIM3
SIM4
1
21
22
SIM5
SIM1
SIM2
SIM3
SIM4
1
21
22
SIM5
SIM1
SIM2
SIM3
SIM4
1
21
22
SIM5
SIM1
SIM2
SIM3
SIM4
1
21
22
SIM5
SIM1
SIM2
SIM3
SIM4
1
21
22
SIM5
SIM1
SIM2
SIM3
SIM4
1
21
22
SIM5
SIM1
SIM2
SIM3
SIM4
1
21
22
SIM5
SIM1
SIM2
SIM3
SIM4
1
21
22
SIM5
SIM1
SIM2
SIM3
SIM4
1
21
22
SIM5
SIM1
SIM2
SIM3
SIM4
1
21
22
SIM5
SIM1
SIM2
SIM3
SIM4
1
21
22
SIM5
SIM1
SIM2
SIM3
SIM4
1
21
22
SIM5
SIM1
SIM2
SIM3
SIM4
1
21
22
SIM5
SIM1
SIM2
SIM3
SIM4
1
21
22
SIM5
SIM1
SIM2
SIM3
SIM4
1
21
22
SIM5
SIM1
SIM2
SIM3
SIM4
1
21
22
SIM5
SIM1
SIM2
SIM3
SIM4
1
21
22
SIM5
SIM1
SIM2
SIM3
SIM4
1
21
22
SIM5
SIM1
SIM2
SIM3
SIM4
1
21
22
SIM5
SIM1
SIM2
SIM3
SIM4
1
21
22
SIM5
SIM1
SIM2
SIM3
SIM4
1
21
22
SIM5
SIM1
SIM2
SIM3
SIM4
1
21
22
SIM5
SIM1
SIM2
SIM3
SIM4
1
21
22
SIM5
SIM1
SIM2
SIM3
SIM4
1
21
22
SIM5
SIM1
SIM2
SIM3
SIM4
1
21
22
SIM5
SIM1
SIM2
SIM3
SIM4
1
21
22
SIM5
SIM1
SIM2
SIM3
SIM4
1
21
22
SIM5
SIM1
SIM2
SIM3
SIM4
1
21
22
SIM5
SIM1
SIM2
SIM3
SIM4
1
21
22
SIM5
SIM1
SIM2
SIM3
SIM4
1
21
22
SIM5
SIM1
SIM2
SIM3
SIM4
1
21
22
SIM5
SIM1
SIM2
SIM3
SIM4
1
21
22
SIM5
SIM1
SIM2
SIM3
SIM4
1
21
22
SIM5
SIM1
SIM2
SIM3
SIM4
1
21
22
SIM5
SIM1
SIM2
SIM3
SIM4
1
21
22
SIM5
SIM1
SIM2
SIM3
SIM4
1
21
22
SIM5
SIM1
SIM2
SIM3
SIM4
1
21
22
SIM5
SIM1
SIM2
SIM3
SIM4
1
21
22
SIM5
SIM1
SIM2
SIM3
SIM4
1
21
22
SIM5
SIM1
SIM2
SIM3
SIM4
1
21
22
SIM5
SIM1
SIM2
SIM3
SIM4
1
21
22
SIM5
SIM1
SIM2
SIM3
SIM4
1
21
22
SIM5
SIM1
SIM2
SIM3
SIM4
1
21
22
SIM5
SIM1
SIM2
SIM3
SIM4
1
21
22
SIM5
SIM1
SIM2
SIM3
SIM4
1
21
22
SIM5
SIM1
SIM2
SIM3
SIM4
1
21
22
SIM5
SIM1
SIM2
SIM3
SIM4
1
21
22
SIM5
SIM1
SIM2
SIM3
SIM4
1
21
22
SIM5
SIM1
SIM2
SIM3
SIM4
1
21
22
SIM5
SIM1
SIM2
SIM3
SIM4
1
21
22
SIM5
SIM1
SIM2
SIM3
SIM4
1
21
22
SIM5
SIM1
SIM2
SIM3
SIM4
1
21
22
SIM5
SIM1
SIM2
SIM3
SIM4
1
21
22
SIM5
SIM1
SIM2
SIM3
SIM4
1
21
22
SIM5
SIM1
SIM2
SIM3
SIM4
1
21
22
SIM5
SIM1
SIM2
SIM3
SIM4
1
21
22
SIM5
SIM1
SIM2
SIM3
SIM4
1
21
22
SIM5
SIM1
SIM2
SIM3
SIM4
1
21
22
SIM5
SIM1
SIM2
SIM3
SIM4
1
21
22
SIM5
SIM1
SIM2
SIM3
SIM4
1
21
22
SIM5
SIM1
SIM2
SIM3
SIM4
1
21
22
SIM5
SIM1
SIM2
SIM3
SIM4
1
21
22
SIM5
SIM1
SIM2
SIM3
SIM4
1
21
22
SIM5
SIM1
SIM2
SIM3
SIM4
1
21
22
SIM5
SIM1
SIM2
DEBUG 1 702
SIM1
SIM2
SIM3
SIM4
1
21
22
SIM5
SIM1
SIM2
SIM3
SIM4
1
21
22
SIM5
SIM1
SIM2
SIM3
SIM4
1
21
22
SIM5
SIM1
SIM2
SIM3
SIM4
1
21
22
SIM5
SIM1
SIM2
SIM3
SIM4
1
21
22
SIM5
SIM1
SIM2
SIM3
SIM4
1
21
22
SIM5
SIM1
SIM2
SIM3
SIM4
1
21
22
SIM5
SIM1
SIM2
SIM3
SIM4
1
21
22
SIM5
SIM1
SIM2
SIM3
SIM4
1
21
22
SIM5
SIM1
SIM2
SIM3
SIM4
1
21
22
SIM5
SIM1
SIM2
SIM3
SIM4
1
21
22
SIM5
SIM1
SIM2
SIM3
SIM4
1
21
22
SIM5
SIM1
SIM2
SIM3
SIM4
1
21
22
SIM5
SIM1
SIM2
SIM3
SIM4
1
21
22
SIM5
SIM1
SIM2
SIM3
SIM4
1
21
22
SIM5
SIM1
SIM2
SIM3
SIM4
1
21
22
SIM5
SIM1
SIM2
SIM3
SIM4
1
21
22
SIM5
SIM1
SIM2
SIM3
SIM4
1
21
22
SIM5
SIM1
SIM2
SIM3
SIM4
1
21
22
SIM5
SIM1
SIM2
SIM3
SIM4
1
21
22
SIM5
SIM1
SIM2
SIM3
SIM4
1
21
22
SIM5
SIM1
SIM2
SIM3
SIM4
1
21
22
SIM5
SIM1
SIM2
SIM3
SIM4
1
21
22
SIM5
SIM1
SIM2
SIM3
SIM4
1
21
22
SIM5
SIM1
SIM2
SIM3
SIM4
1
21
22
SIM5
SIM1
SIM2
SIM3
SIM4
1
21
22
SIM5
SIM1
SIM2
SIM3
SIM4
1
21
22
SIM5
SIM1
SIM2
SIM3
SIM4
1
21
22
SIM5
SIM1
SIM2
SIM3
SIM4
1
21
22
SIM5
SIM1
SIM2
SIM3
SIM4
1
21
22
SIM5
SIM1
SIM2
SIM3
SIM4
1
21
22
SIM5
SIM1
SIM2
SIM3
SIM4
1
21
22
SIM5
SIM1
SIM2
SIM3
SIM4
1
21
22
SIM5
SIM1
SIM2
SIM3
SIM4
1
21
22
SIM5
SIM1
SIM2
SIM3
SIM4
1
21
22
SIM5
SIM1
SIM2
SIM3
SIM4
1
21
22
SIM5
SIM1
SIM2
SIM3
SIM4
1
21
22
SIM5
SIM1
SIM2
SIM3
SIM4
1
21
22
SIM5
SIM1
SIM2
SIM3
SIM4
1
21
22
SIM5
SIM1
SIM2
SIM3
SIM4
1
21
22
SIM5
SIM1
SIM2
SIM3
SIM4
1
21
22
SIM5
SIM1
SIM2
SIM3
SIM4
1
21
22
SIM5
SIM1
SIM2
SIM3
SIM4
1
21
22
SIM5
SIM1
SIM2
SIM3
SIM4
1
21
22
SIM5
SIM1
SIM2
SIM3
SIM4
1
21
22
SIM5
SIM1
SIM2
SIM3
SIM4
1
21
22
SIM5
SIM1
SIM2
SIM3
SIM4
1
21
22
SIM5
SIM1
SIM2
SIM3
SIM4
1
21
22
SIM5
SIM1
SIM2
SIM3
SIM4
1
21
22
SIM5
SIM1
SIM2
SIM3
SIM4
1
21
22
SIM5
SIM1
SIM2
SIM3
SIM4
1
21
22
SIM5
SIM1
SIM2
SIM3
SIM4
1
21
22
SIM5
SIM1
SIM2
SIM3
SIM4
1
21
22
SIM5
SIM1
SIM2
SIM3
SIM4
1
21
22
SIM5
SIM1
SIM2
SIM3
SIM4
1
21
22
SIM5
SIM1
SIM2
SIM3
SIM4
1
21
22
SIM5
SIM1
SIM2
SIM3
SIM4
1
21
22
SIM5
SIM1
SIM2
SIM3
SIM4
1
21
22
SIM5
SIM1
SIM2
SIM3
SIM4
1
21
22
SIM5
SIM1
SIM2
SIM3
SIM4
1
21
22
SIM5
SIM1
SIM2
SIM3
SIM4
1
21
22
SIM5
SIM1
SIM2
SIM3
SIM4
1
21
22
SIM5
SIM1
SIM2
SIM3
SIM4
1
21
22
SIM5
SIM1
SIM2
SIM3
SIM4
1
21
22
SIM5
SIM1
SIM2
SIM3
SIM4
1
21
22
SIM5
SIM1
SIM2
SIM3
SIM4
1
21
22
SIM5
SIM1
SIM2
SIM3
SIM4
1
21
22
SIM5
SIM1
SIM2
SIM3
SIM4
1
21
22
SIM5
SIM1
SIM2
SIM3
SIM4
1
21
22
SIM5
SIM1
SIM2
SIM3
SIM4
1
21
22
SIM5
SIM1
SIM2
SIM3
SIM4
1
21
22
SIM5
SIM1
SIM2
SIM3
SIM4
1
21
22
SIM5
SIM1
SIM2
SIM3
SIM4
1
21
22
SIM5
SIM1
SIM2
SIM3
SIM4
1
21
22
SIM5
SIM1
SIM2
SIM3
SIM4
1
21
22
SIM5
SIM1
SIM2
SIM3
SIM4
1
21
22
SIM5
SIM1
SIM2
SIM3
SIM4
1
21
22
SIM5
SIM1
SIM2
SIM3
SIM4
1
21
22
SIM5
SIM1
SIM2
SIM3
SIM4
1
21
22
SIM5
SIM1
SIM2
SIM3
SIM4
1
21
22
SIM5
SIM1
SIM2
SIM3
SIM4
1
21
22
SIM5
SIM1
SIM2
SIM3
SIM4
1
21
22
SIM5
SIM1
SIM2
SIM3
SIM4
1
21
22
SIM5
SIM1
SIM2
SIM3
SIM4
1
21
22
SIM5
SIM1
SIM2
SIM3
SIM4
1
21
22
SIM5
SIM1
SIM2
SIM3
SIM4
1
21
22
SIM5
SIM1
SIM2
SIM3
SIM4
1
21
22
SIM5
SIM1
SIM2
SIM3
SIM4
1
21
22
SIM5
SIM1
SIM2
SIM3
SIM4
1
21
22
SIM5
SIM1
SIM2
SIM3
SIM4
1
21
22
SIM5
SIM1
SIM2
SIM3
SIM4
1
21
22
SIM5
SIM1
SIM2
SIM3
SIM4
1
21
22
SIM5
SIM1
SIM2
SIM3
SIM4
1
21
22
SIM5
SIM1
SIM2
SIM3
SIM4
1
21
22
SIM5
SIM1
SIM2
SIM3
SIM4
1
21
22
SIM5
SIM1
SIM2
SIM3
SIM4
1
21
22
SIM5
SIM1
SIM2
SIM3
SIM4
1
21
22
SIM5
SIM1
SIM2
SIM3
SIM4
1
21
22
SIM5
SIM1
SIM2
SIM3
SIM4
1
21
22
SIM5
SIM1
SIM2
SIM3
SIM4
1
21
22
SIM5
SIM1
SIM2
SIM3
SIM4
1
21
22
SIM5
SIM1
SIM2
SIM3
SIM4
1
21
22
SIM5
SIM1
SIM2
SIM3
SIM4
1
21
22
SIM5
SIM1
SIM2
SIM3
SIM4
1
21
22
SIM5
SIM1
SIM2
SIM3
SIM4
1
21
22
SIM5
SIM1
SIM2
SIM3
SIM4
1
21
22
SIM5
SIM1
SIM2
SIM3
SIM4
1
21
22
SIM5
SIM1
SIM2
SIM3
SIM4
1
21
22
SIM5
SIM1
SIM2
SIM3
SIM4
1
21
22
SIM5
SIM1
SIM2
SIM3
SIM4
1
21
22
SIM5
SIM1
SIM2
SIM3
SIM4
1
21
22
SIM5
SIM1
SIM2
SIM3
SIM4
1
21
22
SIM5
SIM1
SIM2
SIM3
SIM4
1
21
22
SIM5
SIM1
SIM2
SIM3
SIM4
1
21
22
SIM5
SIM1
SIM2
SIM3
SIM4
1
21
22
SIM5
SIM1
SIM2
SIM3
SIM4
1
21
22
SIM5
SIM1
SIM2
SIM3
SIM4
1
21
22
SIM5
SIM1
SIM2
SIM3
SIM4
1
21
22
SIM5
SIM1
SIM2
SIM3
SIM4
1
21
22
SIM5
SIM1
SIM2
SIM3
SIM4
1
21
22
SIM5
SIM1
SIM2
SIM3
SIM4
1
21
22
SIM5
SIM1
SIM2
SIM3
SIM4
1
21
22
SIM5
SIM1
SIM2
SIM3
SIM4
1
21
22
SIM5
SIM1
SIM2
SIM3
SIM4
1
21
22
SIM5
SIM1
SIM2
SIM3
SIM4
1
21
22
SIM5
SIM1
SIM2
SIM3
SIM4
1
21
22
SIM5
SIM1
SIM2
SIM3
SIM4
1
21
22
SIM5
SIM1
SIM2
SIM3
SIM4
1
21
22
SIM5
SIM1
SIM2
SIM3
SIM4
1
21
22
SIM5
SIM1
SIM2
SIM3
SIM4
1
21
22
SIM5
SIM1
SIM2
SIM3
SIM4
1
21
22
SIM5
SIM1
SIM2
SIM3
SIM4
1
21
22
SIM5
SIM1
SIM2
SIM3
SIM4
1
21
22
SIM5
SIM1
SIM2
SIM3
SIM4
1
21
22
SIM5
SIM1
SIM2
SIM3
SIM4
1
21
22
SIM5
SIM1
SIM2
SIM3
SIM4
1
21
22
SIM5
SIM1
SIM2
SIM3
SIM4
1
21
22
SIM5
SIM1
SIM2
SIM3
SIM4
1
21
22
SIM5
SIM1
SIM2
SIM3
SIM4
1
21
22
SIM5
SIM1
SIM2
SIM3
SIM4
1
21
22
SIM5
SIM1
SIM2
SIM3
SIM4
1
21
22
SIM5
SIM1
SIM2
SIM3
SIM4
1
21
22
SIM5
SIM1
SIM2
SIM3
SIM4
1
21
22
SIM5
SIM1
SIM2
SIM3
SIM4
1
21
22
SIM5
SIM1
SIM2
SIM3
SIM4
1
21
22
SIM5
SIM1
SIM2
SIM3
SIM4
1
21
22
SIM5
SIM1
SIM2
SIM3
SIM4
1
21
22
SIM5
SIM1
SIM2
SIM3
SIM4
1
21
22
SIM5
SIM1
SIM2
SIM3
SIM4
1
21
22
SIM5
SIM1
SIM2
SIM3
SIM4
1
21
22
SIM5
SIM1
SIM2
SIM3
SIM4
1
21
22
SIM5
SIM1
SIM2
SIM3
SIM4
1
21
22
SIM5
SIM1
SIM2
SIM3
SIM4
1
21
22
SIM5
SIM1
SIM2
SIM3
SIM4
1
21
22
SIM5
SIM1
SIM2
SIM3
SIM4
1
21
22
SIM5
SIM1
SIM2
SIM3
SIM4
1
21
22
SIM5
SIM1
SIM2
SIM3
SIM4
1
21
22
SIM5
SIM1
SIM2
SIM3
SIM4
1
21
22
SIM5
SIM1
SIM2
SIM3
SIM4
1
21
22
SIM5
SIM1
SIM2
SIM3
SIM4
1
21
22
SIM5
SIM1
SIM2
SIM3
SIM4
1
21
22
SIM5
SIM1
SIM2
SIM3
SIM4
1
21
22
SIM5
SIM1
SIM2
SIM3
SIM4
1
21
22
SIM5
SIM1
SIM2
SIM3
SIM4
1
21
22
SIM5
SIM1
SIM2
SIM3
SIM4
1
21
22
SIM5
SIM1
SIM2
SIM3
SIM4
1
21
22
SIM5
SIM1
SIM2
DEBUG 1 703
SIM1
SIM2
SIM3
SIM4
1
21
22
SIM5
SIM1
SIM2
SIM3
SIM4
1
21
22
SIM5
SIM1
SIM2
SIM3
SIM4
1
21
22
SIM5
SIM1
SIM2
SIM3
SIM4
1
21
22
SIM5
SIM1
SIM2
SIM3
SIM4
1
21
22
SIM5
SIM1
SIM2
SIM3
SIM4
1
21
22
SIM5
SIM1
SIM2
SIM3
SIM4
1
21
22
SIM5
SIM1
SIM2
SIM3
SIM4
1
21
22
SIM5
SIM1
SIM2
SIM3
SIM4
1
21
22
SIM5
SIM1
SIM2
SIM3
SIM4
1
21
22
SIM5
SIM1
SIM2
SIM3
SIM4
1
21
22
SIM5
SIM1
SIM2
SIM3
SIM4
1
21
22
SIM5
SIM1
SIM2
SIM3
SIM4
1
21
22
SIM5
SIM1
SIM2
SIM3
SIM4
1
21
22
SIM5
SIM1
SIM2
SIM3
SIM4
1
21
22
SIM5
SIM1
SIM2
SIM3
SIM4
1
21
22
SIM5
SIM1
SIM2
SIM3
SIM4
1
21
22
SIM5
SIM1
SIM2
SIM3
SIM4
1
21
22
SIM5
SIM1
SIM2
SIM3
SIM4
1
21
22
SIM5
SIM1
SIM2
SIM3
SIM4
1
21
22
SIM5
SIM1
SIM2
SIM3
SIM4
1
21
22
SIM5
SIM1
SIM2
SIM3
SIM4
1
21
22
SIM5
SIM1
SIM2
SIM3
SIM4
1
21
22
SIM5
SIM1
SIM2
SIM3
SIM4
1
21
22
SIM5
SIM1
SIM2
SIM3
SIM4
1
21
22
SIM5
SIM1
SIM2
SIM3
SIM4
1
21
22
SIM5
SIM1
SIM2
SIM3
SIM4
1
21
22
SIM5
SIM1
SIM2
SIM3
SIM4
1
21
22
SIM5
SIM1
SIM2
SIM3
SIM4
1
21
22
SIM5
SIM1
SIM2
SIM3
SIM4
1
21
22
SIM5
SIM1
SIM2
SIM3
SIM4
1
21
22
SIM5
SIM1
SIM2
SIM3
SIM4
1
21
22
SIM5
SIM1
SIM2
SIM3
SIM4
1
21
22
SIM5
SIM1
SIM2
SIM3
SIM4
1
21
22
SIM5
SIM1
SIM2
SIM3
SIM4
1
21
22
SIM5
SIM1
SIM2
SIM3
SIM4
1
21
22
SIM5
SIM1
SIM2
SIM3
SIM4
1
21
22
SIM5
SIM1
SIM2
SIM3
SIM4
1
21
22
SIM5
SIM1
SIM2
SIM3
SIM4
1
21
22
SIM5
SIM1
SIM2
SIM3
SIM4
1
21
22
SIM5
SIM1
SIM2
SIM3
SIM4
1
21
22
SIM5
SIM1
SIM2
SIM3
SIM4
1
21
22
SIM5
SIM1
SIM2
SIM3
SIM4
1
21
22
SIM5
SIM1
SIM2
SIM3
SIM4
1
21
22
SIM5
SIM1
SIM2
SIM3
SIM4
1
21
22
SIM5
SIM1
SIM2
SIM3
SIM4
1
21
22
SIM5
SIM1
SIM2
SIM3
SIM4
1
21
22
SIM5
SIM1
SIM2
SIM3
SIM4
1
21
22
SIM5
SIM1
SIM2
SIM3
SIM4
1
21
22
SIM5
SIM1
SIM2
SIM3
SIM4
1
21
22
SIM5
SIM1
SIM2
SIM3
SIM4
1
21
22
SIM5
SIM1
SIM2
SIM3
SIM4
1
21
22
SIM5
SIM1
SIM2
SIM3
SIM4
1
21
22
SIM5
SIM1
SIM2
SIM3
SIM4
1
21
22
SIM5
SIM1
SIM2
SIM3
SIM4
1
21
22
SIM5
SIM1
SIM2
SIM3
SIM4
1
21
22
SIM5
SIM1
SIM2
SIM3
SIM4
1
21
22
SIM5
SIM1
SIM2
SIM3
SIM4
1
21
22
SIM5
SIM1
SIM2
SIM3
SIM4
1
21
22
SIM5
SIM1
SIM2
SIM3
SIM4
1
21
22
SIM5
SIM1
SIM2
SIM3
SIM4
1
21
22
SIM5
SIM1
SIM2
SIM3
SIM4
1
21
22
SIM5
SIM1
SIM2
SIM3
SIM4
1
21
22
SIM5
SIM1
SIM2
SIM3
SIM4
1
21
22
SIM5
SIM1
SIM2
SIM3
SIM4
1
21
22
SIM5
SIM1
SIM2
SIM3
SIM4
1
21
22
SIM5
SIM1
SIM2
SIM3
SIM4
1
21
22
SIM5
SIM1
SIM2
SIM3
SIM4
1
21
22
SIM5
SIM1
SIM2
SIM3
SIM4
1
21
22
SIM5
SIM1
SIM2
SIM3
SIM4
1
21
22
SIM5
SIM1
SIM2
SIM3
SIM4
1
21
22
SIM5
SIM1
SIM2
SIM3
SIM4
1
21
22
SIM5
SIM1
SIM2
SIM3
SIM4
1
21
22
SIM5
SIM1
SIM2
SIM3
SIM4
1
21
22
SIM5
SIM1
SIM2
SIM3
SIM4
1
21
22
SIM5
SIM1
SIM2
SIM3
SIM4
1
21
22
SIM5
SIM1
SIM2
SIM3
SIM4
1
21
22
SIM5
SIM1
SIM2
SIM3
SIM4
1
21
22
SIM5
SIM1
SIM2
SIM3
SIM4
1
21
22
SIM5
SIM1
SIM2
SIM3
SIM4
1
21
22
SIM5
SIM1
SIM2
SIM3
SIM4
1
21
22
SIM5
SIM1
SIM2
SIM3
SIM4
1
21
22
SIM5
SIM1
SIM2
SIM3
SIM4
1
21
22
SIM5
SIM1
SIM2
SIM3
SIM4
1
21
22
SIM5
SIM1
SIM2
SIM3
SIM4
1
21
22
SIM5
SIM1
SIM2
SIM3
SIM4
1
21
22
SIM5
SIM1
SIM2
SIM3
SIM4
1
21
22
SIM5
SIM1
SIM2
SIM3
SIM4
1
21
22
SIM5
SIM1
SIM2
SIM3
SIM4
1
21
22
SIM5
SIM1
SIM2
SIM3
SIM4
1
21
22
SIM5
SIM1
SIM2
SIM3
SIM4
1
21
22
SIM5
SIM1
SIM2
SIM3
SIM4
1
21
22
SIM5
SIM1
SIM2
SIM3
SIM4
1
21
22
SIM5
SIM1
SIM2
SIM3
SIM4
1
21
22
SIM5
SIM1
SIM2
SIM3
SIM4
1
21
22
SIM5
SIM1
SIM2
SIM3
SIM4
1
21
22
SIM5
SIM1
SIM2
SIM3
SIM4
1
21
22
SIM5
SIM1
SIM2
SIM3
SIM4
1
21
22
SIM5
SIM1
SIM2
SIM3
SIM4
1
21
22
SIM5
SIM1
SIM2
SIM3
SIM4
1
21
22
SIM5
SIM1
SIM2
DEBUG 1 704
SIM1
SIM2
SIM3
SIM4
1
21
22
SIM5
SIM1
SIM2
SIM3
SIM4
1
21
22
SIM5
SIM1
SIM2
SIM3
SIM4
1
21
22
SIM5
SIM1
SIM2
SIM3
SIM4
1
21
22
SIM5
SIM1
SIM2
SIM3
SIM4
1
21
22
SIM5
SIM1
SIM2
SIM3
SIM4
1
21
22
SIM5
SIM1
SIM2
SIM3
SIM4
1
21
22
SIM5
SIM1
SIM2
SIM3
SIM4
1
21
22
SIM5
SIM1
SIM2
SIM3
SIM4
1
21
22
SIM5
SIM1
SIM2
SIM3
SIM4
1
21
22
SIM5
SIM1
SIM2
SIM3
SIM4
1
21
22
SIM5
SIM1
SIM2
SIM3
SIM4
1
21
22
SIM5
SIM1
SIM2
SIM3
SIM4
1
21
22
SIM5
SIM1
SIM2
SIM3
SIM4
1
21
22
SIM5
SIM1
SIM2
SIM3
SIM4
1
21
22
SIM5
SIM1
SIM2
SIM3
SIM4
1
21
22
SIM5
SIM1
SIM2
SIM3
SIM4
1
21
22
SIM5
SIM1
SIM2
SIM3
SIM4
1
21
22
SIM5
SIM1
SIM2
SIM3
SIM4
1
21
22
SIM5
SIM1
SIM2
SIM3
SIM4
1
21
22
SIM5
SIM1
SIM2
SIM3
SIM4
1
21
22
SIM5
SIM1
SIM2
SIM3
SIM4
1
21
22
SIM5
SIM1
SIM2
SIM3
SIM4
1
21
22
SIM5
SIM1
SIM2
SIM3
SIM4
1
21
22
SIM5
SIM1
SIM2
SIM3
SIM4
1
21
22
SIM5
SIM1
SIM2
SIM3
SIM4
1
21
22
SIM5
SIM1
SIM2
SIM3
SIM4
1
21
22
SIM5
SIM1
SIM2
SIM3
SIM4
1
21
22
SIM5
SIM1
SIM2
SIM3
SIM4
1
21
22
SIM5
SIM1
SIM2
SIM3
SIM4
1
21
22
SIM5
SIM1
SIM2
SIM3
SIM4
1
21
22
SIM5
SIM1
SIM2
SIM3
SIM4
1
21
22
SIM5
SIM1
SIM2
SIM3
SIM4
1
21
22
SIM5
SIM1
SIM2
SIM3
SIM4
1
21
22
SIM5
SIM1
SIM2
SIM3
SIM4
1
21
22
SIM5
SIM1
SIM2
SIM3
SIM4
1
21
22
SIM5
SIM1
SIM2
SIM3
SIM4
1
21
22
SIM5
SIM1
SIM2
SIM3
SIM4
1
21
22
SIM5
SIM1
SIM2
SIM3
SIM4
1
21
22
SIM5
SIM1
SIM2
SIM3
SIM4
1
21
22
SIM5
SIM1
SIM2
SIM3
SIM4
1
21
22
SIM5
SIM1
SIM2
SIM3
SIM4
1
21
22
SIM5
SIM1
SIM2
SIM3
SIM4
1
21
22
SIM5
SIM1
SIM2
SIM3
SIM4
1
21
22
SIM5
SIM1
SIM2
SIM3
SIM4
1
21
22
SIM5
SIM1
SIM2
SIM3
SIM4
1
21
22
SIM5
SIM1
SIM2
SIM3
SIM4
1
21
22
SIM5
SIM1
SIM2
SIM3
SIM4
1
21
22
SIM5
SIM1
SIM2
SIM3
SIM4
1
21
22
SIM5
SIM1
SIM2
SIM3
SIM4
1
21
22
SIM5
SIM1
SIM2
SIM3
SIM4
1
21
22
SIM5
SIM1
SIM2
SIM3
SIM4
1
21
22
SIM5
SIM1
SIM2
SIM3
SIM4
1
21
22
SIM5
SIM1
SIM2
SIM3
SIM4
1
21
22
SIM5
SIM1
SIM2
SIM3
SIM4
1
21
22
SIM5
SIM1
SIM2
SIM3
SIM4
1
21
22
SIM5
SIM1
SIM2
SIM3
SIM4
1
21
22
SIM5
SIM1
SIM2
SIM3
SIM4
1
21
22
SIM5
SIM1
SIM2
SIM3
SIM4
1
21
22
SIM5
SIM1
SIM2
SIM3
SIM4
1
21
22
SIM5
SIM1
SIM2
SIM3
SIM4
1
21
22
SIM5
SIM1
SIM2
SIM3
SIM4
1
21
22
SIM5
SIM1
SIM2
SIM3
SIM4
1
21
22
SIM5
SIM1
SIM2
SIM3
SIM4
1
21
22
SIM5
SIM1
SIM2
SIM3
SIM4
1
21
22
SIM5
SIM1
SIM2
SIM3
SIM4
1
21
22
SIM5
SIM1
SIM2
SIM3
SIM4
1
21
22
SIM5
SIM1
SIM2
SIM3
SIM4
1
21
22
SIM5
SIM1
SIM2
SIM3
SIM4
1
21
22
SIM5
SIM1
SIM2
SIM3
SIM4
1
21
22
SIM5
SIM1
SIM2
SIM3
SIM4
1
21
22
SIM5
SIM1
SIM2
SIM3
SIM4
1
21
22
SIM5
SIM1
SIM2
SIM3
SIM4
1
21
22
SIM5
SIM1
SIM2
SIM3
SIM4
1
21
22
SIM5
SIM1
SIM2
SIM3
SIM4
1
21
22
SIM5
SIM1
SIM2
SIM3
SIM4
1
21
22
SIM5
SIM1
SIM2
SIM3
SIM4
1
21
22
SIM5
SIM1
SIM2
SIM3
SIM4
1
21
22
SIM5
SIM1
SIM2
SIM3
SIM4
1
21
22
SIM5
SIM1
SIM2
SIM3
SIM4
1
21
22
SIM5
SIM1
SIM2
SIM3
SIM4
1
21
22
SIM5
SIM1
SIM2
SIM3
SIM4
1
21
22
SIM5
SIM1
SIM2
SIM3
SIM4
1
21
22
SIM5
SIM1
SIM2
SIM3
SIM4
1
21
22
SIM5
SIM1
SIM2
SIM3
SIM4
1
21
22
SIM5
SIM1
SIM2
SIM3
SIM4
1
21
22
SIM5
SIM1
SIM2
SIM3
SIM4
1
21
22
SIM5
SIM1
SIM2
SIM3
SIM4
1
21
22
SIM5
SIM1
SIM2
SIM3
SIM4
1
21
22
SIM5
SIM1
SIM2
SIM3
SIM4
1
21
22
SIM5
SIM1
SIM2
SIM3
SIM4
1
21
22
SIM5
SIM1
SIM2
SIM3
SIM4
1
21
22
SIM5
SIM1
SIM2
SIM3
SIM4
1
21
22
SIM5
SIM1
SIM2
SIM3
SIM4
1
21
22
SIM5
SIM1
SIM2
SIM3
SIM4
1
21
22
SIM5
SIM1
SIM2
SIM3
SIM4
1
21
22
SIM5
SIM1
SIM2
SIM3
SIM4
1
21
22
SIM5
SIM1
SIM2
SIM3
SIM4
1
21
22
SIM5
SIM1
SIM2
SIM3
SIM4
1
21
22
SIM5
SIM1
SIM2
SIM3
SIM4
1
21
22
SIM5
SIM1
SIM2
SIM3
SIM4
1
21
22
SIM5
SIM1
SIM2
SIM3
SIM4
1
21
22
SIM5
SIM1
SIM2
SIM3
SIM4
1
21
22
SIM5
SIM1
SIM2
SIM3
SIM4
1
21
22
SIM5
SIM1
SIM2
SIM3
SIM4
1
21
22
SIM5
SIM1
SIM2
SIM3
SIM4
1
21
22
SIM5
SIM1
SIM2
SIM3
SIM4
1
21
22
SIM5
SIM1
SIM2
SIM3
SIM4
1
21
22
SIM5
SIM1
SIM2
SIM3
SIM4
1
21
22
SIM5
SIM1
SIM2
SIM3
SIM4
1
21
22
SIM5
SIM1
SIM2
SIM3
SIM4
1
21
22
SIM5
SIM1
SIM2
SIM3
SIM4
1
21
22
SIM5
SIM1
SIM2
SIM3
SIM4
1
21
22
SIM5
SIM1
SIM2
SIM3
SIM4
1
21
22
SIM5
SIM1
SIM2
SIM3
SIM4
1
21
22
SIM5
SIM1
SIM2
SIM3
SIM4
1
21
22
SIM5
SIM1
SIM2
SIM3
SIM4
1
21
22
SIM5
SIM1
SIM2
SIM3
SIM4
1
21
22
SIM5
SIM1
SIM2
SIM3
SIM4
1
21
22
SIM5
SIM1
SIM2
SIM3
SIM4
1
21
22
SIM5
SIM1
SIM2
SIM3
SIM4
1
21
22
SIM5
SIM1
SIM2
SIM3
SIM4
1
21
22
SIM5
SIM1
SIM2
SIM3
SIM4
1
21
22
SIM5
SIM1
SIM2
SIM3
SIM4
1
21
22
SIM5
SIM1
SIM2
SIM3
SIM4
1
21
22
SIM5
SIM1
SIM2
SIM3
SIM4
1
21
22
SIM5
SIM1
SIM2
SIM3
SIM4
1
21
22
SIM5
SIM1
SIM2
SIM3
SIM4
1
21
22
SIM5
SIM1
SIM2
SIM3
SIM4
1
21
22
SIM5
SIM1
SIM2
SIM3
SIM4
1
21
22
SIM5
SIM1
SIM2
SIM3
SIM4
1
21
22
SIM5
SIM1
SIM2
SIM3
SIM4
1
21
22
SIM5
SIM1
SIM2
SIM3
SIM4
1
21
22
SIM5
SIM1
SIM2
SIM3
SIM4
1
21
22
SIM5
SIM1
SIM2
SIM3
SIM4
1
21
22
SIM5
SIM1
SIM2
SIM3
SIM4
1
21
22
SIM5
SIM1
SIM2
SIM3
SIM4
1
21
22
SIM5
SIM1
SIM2
SIM3
SIM4
1
21
22
SIM5
SIM1
SIM2
SIM3
SIM4
1
21
22
SIM5
SIM1
SIM2
SIM3
SIM4
1
21
22
SIM5
SIM1
SIM2
SIM3
SIM4
1
21
22
SIM5
SIM1
SIM2
SIM3
SIM4
1
21
22
SIM5
SIM1
SIM2
SIM3
SIM4
1
21
22
SIM5
SIM1
SIM2
SIM3
SIM4
1
21
22
SIM5
SIM1
SIM2
SIM3
SIM4
1
21
22
SIM5
SIM1
SIM2
SIM3
SIM4
1
21
22
SIM5
SIM1
SIM2
SIM3
SIM4
1
21
22
SIM5
SIM1
SIM2
SIM3
SIM4
1
21
22
SIM5
SIM1
SIM2
SIM3
SIM4
1
21
22
SIM5
SIM1
SIM2
SIM3
SIM4
1
21
22
SIM5
SIM1
SIM2
SIM3
SIM4
1
21
22
SIM5
SIM1
SIM2
SIM3
SIM4
1
21
22
SIM5
SIM1
SIM2
SIM3
SIM4
1
21
22
SIM5
SIM1
SIM2
SIM3
SIM4
1
21
22
SIM5
SIM1
SIM2
SIM3
SIM4
1
21
22
SIM5
SIM1
SIM2
SIM3
SIM4
1
21
22
SIM5
SIM1
SIM2
DEBUG 1 705
SIM1
SIM2
SIM3
SIM4
1
21
22
SIM5
SIM1
SIM2
SIM3
SIM4
1
21
22
SIM5
SIM1
SIM2
SIM3
SIM4
1
21
22
SIM5
SIM1
SIM2
SIM3
SIM4
1
21
22
SIM5
SIM1
SIM2
SIM3
SIM4
1
21
22
SIM5
SIM1
SIM2
SIM3
SIM4
1
21
22
SIM5
SIM1
SIM2
SIM3
SIM4
1
21
22
SIM5
SIM1
SIM2
SIM3
SIM4
1
21
22
SIM5
SIM1
SIM2
SIM3
SIM4
1
21
22
SIM5
SIM1
SIM2
SIM3
SIM4
1
21
22
SIM5
SIM1
SIM2
SIM3
SIM4
1
21
22
SIM5
SIM1
SIM2
SIM3
SIM4
1
21
22
SIM5
SIM1
SIM2
SIM3
SIM4
1
21
22
SIM5
SIM1
SIM2
SIM3
SIM4
1
21
22
SIM5
SIM1
SIM2
SIM3
SIM4
1
21
22
SIM5
SIM1
SIM2
SIM3
SIM4
1
21
22
SIM5
SIM1
SIM2
SIM3
SIM4
1
21
22
SIM5
SIM1
SIM2
SIM3
SIM4
1
21
22
SIM5
SIM1
SIM2
SIM3
SIM4
1
21
22
SIM5
SIM1
SIM2
SIM3
SIM4
1
21
22
SIM5
SIM1
SIM2
SIM3
SIM4
1
21
22
SIM5
SIM1
SIM2
SIM3
SIM4
1
21
22
SIM5
SIM1
SIM2
SIM3
SIM4
1
21
22
SIM5
SIM1
SIM2
SIM3
SIM4
1
21
22
SIM5
SIM1
SIM2
SIM3
SIM4
1
21
22
SIM5
SIM1
SIM2
SIM3
SIM4
1
21
22
SIM5
SIM1
SIM2
SIM3
SIM4
1
21
22
SIM5
SIM1
SIM2
SIM3
SIM4
1
21
22
SIM5
SIM1
SIM2
SIM3
SIM4
1
21
22
SIM5
SIM1
SIM2
SIM3
SIM4
1
21
22
SIM5
SIM1
SIM2
SIM3
SIM4
1
21
22
SIM5
SIM1
SIM2
SIM3
SIM4
1
21
22
SIM5
SIM1
SIM2
SIM3
SIM4
1
21
22
SIM5
SIM1
SIM2
SIM3
SIM4
1
21
22
SIM5
SIM1
SIM2
SIM3
SIM4
1
21
22
SIM5
SIM1
SIM2
SIM3
SIM4
1
21
22
SIM5
SIM1
SIM2
SIM3
SIM4
1
21
22
SIM5
SIM1
SIM2
SIM3
SIM4
1
21
22
SIM5
SIM1
SIM2
SIM3
SIM4
1
21
22
SIM5
SIM1
SIM2
SIM3
SIM4
1
21
22
SIM5
SIM1
SIM2
SIM3
SIM4
1
21
22
SIM5
SIM1
SIM2
SIM3
SIM4
1
21
22
SIM5
SIM1
SIM2
SIM3
SIM4
1
21
22
SIM5
SIM1
SIM2
SIM3
SIM4
1
21
22
SIM5
SIM1
SIM2
SIM3
SIM4
1
21
22
SIM5
SIM1
SIM2
SIM3
SIM4
1
21
22
SIM5
SIM1
SIM2
SIM3
SIM4
1
21
22
SIM5
SIM1
SIM2
SIM3
SIM4
1
21
22
SIM5
SIM1
SIM2
SIM3
SIM4
1
21
22
SIM5
SIM1
SIM2
SIM3
SIM4
1
21
22
SIM5
SIM1
SIM2
SIM3
SIM4
1
21
22
SIM5
SIM1
SIM2
SIM3
SIM4
1
21
22
SIM5
SIM1
SIM2
SIM3
SIM4
1
21
22
SIM5
SIM1
SIM2
SIM3
SIM4
1
21
22
SIM5
SIM1
SIM2
SIM3
SIM4
1
21
22
SIM5
SIM1
SIM2
SIM3
SIM4
1
21
22
SIM5
SIM1
SIM2
SIM3
SIM4
1
21
22
SIM5
SIM1
SIM2
SIM3
SIM4
1
21
22
SIM5
SIM1
SIM2
SIM3
SIM4
1
21
22
SIM5
SIM1
SIM2
SIM3
SIM4
1
21
22
SIM5
SIM1
SIM2
SIM3
SIM4
1
21
22
SIM5
SIM1
SIM2
SIM3
SIM4
1
21
22
SIM5
SIM1
SIM2
SIM3
SIM4
1
21
22
SIM5
SIM1
SIM2
SIM3
SIM4
1
21
22
SIM5
SIM1
SIM2
SIM3
SIM4
1
21
22
SIM5
SIM1
SIM2
SIM3
SIM4
1
21
22
SIM5
SIM1
SIM2
SIM3
SIM4
1
21
22
SIM5
SIM1
SIM2
SIM3
SIM4
1
21
22
SIM5
SIM1
SIM2
SIM3
SIM4
1
21
22
SIM5
SIM1
SIM2
SIM3
SIM4
1
21
22
SIM5
SIM1
SIM2
SIM3
SIM4
1
21
22
SIM5
SIM1
SIM2
SIM3
SIM4
1
21
22
SIM5
SIM1
SIM2
SIM3
SIM4
1
21
22
SIM5
SIM1
SIM2
SIM3
SIM4
1
21
22
SIM5
SIM1
SIM2
SIM3
SIM4
1
21
22
SIM5
SIM1
SIM2
SIM3
SIM4
1
21
22
SIM5
SIM1
SIM2
SIM3
SIM4
1
21
22
SIM5
SIM1
SIM2
SIM3
SIM4
1
21
22
SIM5
SIM1
SIM2
SIM3
SIM4
1
21
22
SIM5
SIM1
SIM2
SIM3
SIM4
1
21
22
SIM5
SIM1
SIM2
SIM3
SIM4
1
21
22
SIM5
SIM1
SIM2
SIM3
SIM4
1
21
22
SIM5
SIM1
SIM2
SIM3
SIM4
1
21
22
SIM5
SIM1
SIM2
SIM3
SIM4
1
21
22
SIM5
SIM1
SIM2
SIM3
SIM4
1
21
22
SIM5
SIM1
SIM2
SIM3
SIM4
1
21
22
SIM5
SIM1
SIM2
SIM3
SIM4
1
21
22
SIM5
SIM1
SIM2
SIM3
SIM4
1
21
22
SIM5
SIM1
SIM2
SIM3
SIM4
1
21
22
SIM5
SIM1
SIM2
SIM3
SIM4
1
21
22
SIM5
SIM1
SIM2
SIM3
SIM4
1
21
22
SIM5
SIM1
SIM2
SIM3
SIM4
1
21
22
SIM5
SIM1
SIM2
SIM3
SIM4
1
21
22
SIM5
SIM1
SIM2
SIM3
SIM4
1
21
22
SIM5
SIM1
SIM2
SIM3
SIM4
1
21
22
SIM5
SIM1
SIM2
SIM3
SIM4
1
21
22
SIM5
SIM1
SIM2
SIM3
SIM4
1
21
22
SIM5
SIM1
SIM2
SIM3
SIM4
1
21
22
SIM5
SIM1
SIM2
SIM3
SIM4
1
21
22
SIM5
SIM1
SIM2
SIM3
SIM4
1
21
22
SIM5
SIM1
SIM2
SIM3
SIM4
1
21
22
SIM5
SIM1
SIM2
SIM3
SIM4
1
21
22
SIM5
SIM1
SIM2
SIM3
SIM4
1
21
22
SIM5
SIM1
SIM2
SIM3
SIM4
1
21
22
SIM5
SIM1
SIM2
SIM3
SIM4
1
21
22
SIM5
SIM1
SIM2
SIM3
SIM4
1
21
22
SIM5
SIM1
SIM2
SIM3
SIM4
1
21
22
SIM5
SIM1
SIM2
SIM3
SIM4
1
21
22
SIM5
SIM1
SIM2
SIM3
SIM4
1
21
22
SIM5
SIM1
SIM2
SIM3
SIM4
1
21
22
SIM5
SIM1
SIM2
SIM3
SIM4
1
21
22
SIM5
SIM1
SIM2
SIM3
SIM4
1
21
22
SIM5
SIM1
SIM2
SIM3
SIM4
1
21
22
SIM5
SIM1
SIM2
SIM3
SIM4
1
21
22
SIM5
SIM1
SIM2
SIM3
SIM4
1
21
22
SIM5
SIM1
SIM2
SIM3
SIM4
1
21
22
SIM5
SIM1
SIM2
SIM3
SIM4
1
21
22
SIM5
SIM1
SIM2
SIM3
SIM4
1
21
22
SIM5
SIM1
SIM2
SIM3
SIM4
1
21
22
SIM5
SIM1
SIM2
SIM3
SIM4
1
21
22
SIM5
SIM1
SIM2
SIM3
SIM4
1
21
22
SIM5
SIM1
SIM2
SIM3
SIM4
1
21
22
SIM5
SIM1
SIM2
SIM3
SIM4
1
21
22
SIM5
SIM1
SIM2
SIM3
SIM4
1
21
22
SIM5
SIM1
SIM2
SIM3
SIM4
1
21
22
SIM5
SIM1
SIM2
SIM3
SIM4
1
21
22
SIM5
SIM1
SIM2
SIM3
SIM4
1
21
22
SIM5
SIM1
SIM2
SIM3
SIM4
1
21
22
SIM5
SIM1
SIM2
SIM3
SIM4
1
21
22
SIM5
SIM1
SIM2
SIM3
SIM4
1
21
22
SIM5
SIM1
SIM2
SIM3
SIM4
1
21
22
SIM5
SIM1
SIM2
SIM3
SIM4
1
21
22
SIM5
SIM1
SIM2
SIM3
SIM4
1
21
22
SIM5
SIM1
SIM2
SIM3
SIM4
1
21
22
SIM5
SIM1
SIM2
SIM3
SIM4
1
21
22
SIM5
SIM1
SIM2
SIM3
SIM4
1
21
22
SIM5
SIM1
SIM2
SIM3
SIM4
1
21
22
SIM5
SIM1
SIM2
SIM3
SIM4
1
21
22
SIM5
SIM1
SIM2
SIM3
SIM4
1
21
22
SIM5
SIM1
SIM2
SIM3
SIM4
1
21
22
SIM5
SIM1
SIM2
SIM3
SIM4
1
21
22
SIM5
SIM1
SIM2
SIM3
SIM4
1
21
22
SIM5
SIM1
SIM2
SIM3
SIM4
1
21
22
SIM5
SIM1
SIM2
SIM3
SIM4
1
21
22
SIM5
SIM1
SIM2
SIM3
SIM4
1
21
22
SIM5
SIM1
SIM2
SIM3
SIM4
1
21
22
SIM5
SIM1
SIM2
SIM3
SIM4
1
21
22
SIM5
SIM1
SIM2
SIM3
SIM4
1
21
22
SIM5
SIM1
SIM2
SIM3
SIM4
1
21
22
SIM5
SIM1
SIM2
SIM3
SIM4
1
21
22
SIM5
SIM1
SIM2
SIM3
SIM4
1
21
22
SIM5
SIM1
SIM2
SIM3
SIM4
1
21
22
SIM5
SIM1
SIM2
SIM3
SIM4
1
21
22
SIM5
SIM1
SIM2
SIM3
SIM4
1
21
22
SIM5
SIM1
SIM2
SIM3
SIM4
1
21
22
SIM5
SIM1
SIM2
SIM3
SIM4
1
21
22
SIM5
SIM1
SIM2
SIM3
SIM4
1
21
22
SIM5
SIM1
SIM2
SIM3
SIM4
1
21
22
SIM5
SIM1
SIM2
SIM3
SIM4
1
21
22
SIM5
SIM1
SIM2
SIM3
SIM4
1
21
22
SIM5
SIM1
SIM2
SIM3
SIM4
1
21
22
SIM5
SIM1
SIM2
SIM3
SIM4
1
21
22
SIM5
SIM1
SIM2
SIM3
SIM4
1
21
22
SIM5
SIM1
SIM2
SIM3
SIM4
1
21
22
SIM5
SIM1
SIM2
DEBUG 1 706
SIM1
SIM2
SIM3
SIM4
1
21
22
SIM5
SIM1
SIM2
SIM3
SIM4
1
21
22
SIM5
SIM1
SIM2
SIM3
SIM4
1
21
22
SIM5
SIM1
SIM2
SIM3
SIM4
1
21
22
SIM5
SIM1
SIM2
SIM3
SIM4
1
21
22
SIM5
SIM1
SIM2
SIM3
SIM4
1
21
22
SIM5
SIM1
SIM2
SIM3
SIM4
1
21
22
SIM5
SIM1
SIM2
SIM3
SIM4
1
21
22
SIM5
SIM1
SIM2
SIM3
SIM4
1
21
22
SIM5
SIM1
SIM2
SIM3
SIM4
1
21
22
SIM5
SIM1
SIM2
SIM3
SIM4
1
21
22
SIM5
SIM1
SIM2
SIM3
SIM4
1
21
22
SIM5
SIM1
SIM2
SIM3
SIM4
1
21
22
SIM5
SIM1
SIM2
SIM3
SIM4
1
21
22
SIM5
SIM1
SIM2
SIM3
SIM4
1
21
22
SIM5
SIM1
SIM2
SIM3
SIM4
1
21
22
SIM5
SIM1
SIM2
SIM3
SIM4
1
21
22
SIM5
SIM1
SIM2
SIM3
SIM4
1
21
22
SIM5
SIM1
SIM2
SIM3
SIM4
1
21
22
SIM5
SIM1
SIM2
SIM3
SIM4
1
21
22
SIM5
SIM1
SIM2
SIM3
SIM4
1
21
22
SIM5
SIM1
SIM2
SIM3
SIM4
1
21
22
SIM5
SIM1
SIM2
SIM3
SIM4
1
21
22
SIM5
SIM1
SIM2
SIM3
SIM4
1
21
22
SIM5
SIM1
SIM2
SIM3
SIM4
1
21
22
SIM5
SIM1
SIM2
SIM3
SIM4
1
21
22
SIM5
SIM1
SIM2
SIM3
SIM4
1
21
22
SIM5
SIM1
SIM2
SIM3
SIM4
1
21
22
SIM5
SIM1
SIM2
SIM3
SIM4
1
21
22
SIM5
SIM1
SIM2
SIM3
SIM4
1
21
22
SIM5
SIM1
SIM2
SIM3
SIM4
1
21
22
SIM5
SIM1
SIM2
SIM3
SIM4
1
21
22
SIM5
SIM1
SIM2
SIM3
SIM4
1
21
22
SIM5
SIM1
SIM2
SIM3
SIM4
1
21
22
SIM5
SIM1
SIM2
SIM3
SIM4
1
21
22
SIM5
SIM1
SIM2
SIM3
SIM4
1
21
22
SIM5
SIM1
SIM2
SIM3
SIM4
1
21
22
SIM5
SIM1
SIM2
SIM3
SIM4
1
21
22
SIM5
SIM1
SIM2
SIM3
SIM4
1
21
22
SIM5
SIM1
SIM2
SIM3
SIM4
1
21
22
SIM5
SIM1
SIM2
SIM3
SIM4
1
21
22
SIM5
SIM1
SIM2
SIM3
SIM4
1
21
22
SIM5
SIM1
SIM2
SIM3
SIM4
1
21
22
SIM5
SIM1
SIM2
SIM3
SIM4
1
21
22
SIM5
SIM1
SIM2
SIM3
SIM4
1
21
22
SIM5
SIM1
SIM2
SIM3
SIM4
1
21
22
SIM5
SIM1
SIM2
SIM3
SIM4
1
21
22
SIM5
SIM1
SIM2
SIM3
SIM4
1
21
22
SIM5
SIM1
SIM2
SIM3
SIM4
1
21
22
SIM5
SIM1
SIM2
SIM3
SIM4
1
21
22
SIM5
SIM1
SIM2
SIM3
SIM4
1
21
22
SIM5
SIM1
SIM2
SIM3
SIM4
1
21
22
SIM5
SIM1
SIM2
SIM3
SIM4
1
21
22
SIM5
SIM1
SIM2
SIM3
SIM4
1
21
22
SIM5
SIM1
SIM2
SIM3
SIM4
1
21
22
SIM5
SIM1
SIM2
SIM3
SIM4
1
21
22
SIM5
SIM1
SIM2
SIM3
SIM4
1
21
22
SIM5
SIM1
SIM2
SIM3
SIM4
1
21
22
SIM5
SIM1
SIM2
SIM3
SIM4
1
21
22
SIM5
SIM1
SIM2
SIM3
SIM4
1
21
22
SIM5
SIM1
SIM2
SIM3
SIM4
1
21
22
SIM5
SIM1
SIM2
SIM3
SIM4
1
21
22
SIM5
SIM1
SIM2
SIM3
SIM4
1
21
22
SIM5
SIM1
SIM2
SIM3
SIM4
1
21
22
SIM5
SIM1
SIM2
SIM3
SIM4
1
21
22
SIM5
SIM1
SIM2
SIM3
SIM4
1
21
22
SIM5
SIM1
SIM2
SIM3
SIM4
1
21
22
SIM5
SIM1
SIM2
SIM3
SIM4
1
21
22
SIM5
SIM1
SIM2
SIM3
SIM4
1
21
22
SIM5
SIM1
SIM2
SIM3
SIM4
1
21
22
SIM5
SIM1
SIM2
SIM3
SIM4
1
21
22
SIM5
SIM1
SIM2
SIM3
SIM4
1
21
22
SIM5
SIM1
SIM2
SIM3
SIM4
1
21
22
SIM5
SIM1
SIM2
SIM3
SIM4
1
21
22
SIM5
SIM1
SIM2
SIM3
SIM4
1
21
22
SIM5
SIM1
SIM2
SIM3
SIM4
1
21
22
SIM5
SIM1
SIM2
SIM3
SIM4
1
21
22
SIM5
SIM1
SIM2
SIM3
SIM4
1
21
22
SIM5
SIM1
SIM2
SIM3
SIM4
1
21
22
SIM5
SIM1
SIM2
SIM3
SIM4
1
21
22
SIM5
SIM1
SIM2
SIM3
SIM4
1
21
22
SIM5
SIM1
SIM2
SIM3
SIM4
1
21
22
SIM5
SIM1
SIM2
SIM3
SIM4
1
21
22
SIM5
SIM1
SIM2
SIM3
SIM4
1
21
22
SIM5
SIM1
SIM2
SIM3
SIM4
1
21
22
SIM5
SIM1
SIM2
SIM3
SIM4
1
21
22
SIM5
SIM1
SIM2
SIM3
SIM4
1
21
22
SIM5
SIM1
SIM2
SIM3
SIM4
1
21
22
SIM5
SIM1
SIM2
SIM3
SIM4
1
21
22
SIM5
SIM1
SIM2
SIM3
SIM4
1
21
22
SIM5
SIM1
SIM2
SIM3
SIM4
1
21
22
SIM5
SIM1
SIM2
SIM3
SIM4
1
21
22
SIM5
SIM1
SIM2
SIM3
SIM4
1
21
22
SIM5
SIM1
SIM2
SIM3
SIM4
1
21
22
SIM5
SIM1
SIM2
SIM3
SIM4
1
21
22
SIM5
SIM1
SIM2
SIM3
SIM4
1
21
22
SIM5
SIM1
SIM2
SIM3
SIM4
1
21
22
SIM5
SIM1
SIM2
SIM3
SIM4
1
21
22
SIM5
SIM1
SIM2
SIM3
SIM4
1
21
22
SIM5
SIM1
SIM2
SIM3
SIM4
1
21
22
SIM5
SIM1
SIM2
SIM3
SIM4
1
21
22
SIM5
SIM1
SIM2
SIM3
SIM4
1
21
22
SIM5
SIM1
SIM2
SIM3
SIM4
1
21
22
SIM5
SIM1
SIM2
SIM3
SIM4
1
21
22
SIM5
SIM1
SIM2
SIM3
SIM4
1
21
22
SIM5
SIM1
SIM2
SIM3
SIM4
1
21
22
SIM5
SIM1
SIM2
SIM3
SIM4
1
21
22
SIM5
SIM1
SIM2
SIM3
SIM4
1
21
22
SIM5
SIM1
SIM2
SIM3
SIM4
1
21
22
SIM5
SIM1
SIM2
SIM3
SIM4
1
21
22
SIM5
SIM1
SIM2
SIM3
SIM4
1
21
22
SIM5
SIM1
SIM2
SIM3
SIM4
1
21
22
SIM5
SIM1
SIM2
SIM3
SIM4
1
21
22
SIM5
SIM1
SIM2
SIM3
SIM4
1
21
22
SIM5
SIM1
SIM2
SIM3
SIM4
1
21
22
SIM5
SIM1
SIM2
SIM3
SIM4
1
21
22
SIM5
SIM1
SIM2
SIM3
SIM4
1
21
22
SIM5
SIM1
SIM2
SIM3
SIM4
1
21
22
SIM5
SIM1
SIM2
SIM3
SIM4
1
21
22
SIM5
SIM1
SIM2
SIM3
SIM4
1
21
22
SIM5
SIM1
SIM2
SIM3
SIM4
1
21
22
SIM5
SIM1
SIM2
SIM3
SIM4
1
21
22
SIM5
SIM1
SIM2
SIM3
SIM4
1
21
22
SIM5
SIM1
SIM2
SIM3
SIM4
1
21
22
SIM5
SIM1
SIM2
SIM3
SIM4
1
21
22
SIM5
SIM1
SIM2
SIM3
SIM4
1
21
22
SIM5
SIM1
SIM2
SIM3
SIM4
1
21
22
SIM5
SIM1
SIM2
SIM3
SIM4
1
21
22
SIM5
SIM1
SIM2
SIM3
SIM4
1
21
22
SIM5
SIM1
SIM2
SIM3
SIM4
1
21
22
SIM5
SIM1
SIM2
SIM3
SIM4
1
21
22
SIM5
SIM1
SIM2
SIM3
SIM4
1
21
22
SIM5
SIM1
SIM2
SIM3
SIM4
1
21
22
SIM5
SIM1
SIM2
SIM3
SIM4
1
21
22
SIM5
SIM1
SIM2
SIM3
SIM4
1
21
22
SIM5
SIM1
SIM2
DEBUG 1 707
SIM1
SIM2
SIM3
SIM4
1
21
22
SIM5
SIM1
SIM2
SIM3
SIM4
1
21
22
SIM5
SIM1
SIM2
SIM3
SIM4
1
21
22
SIM5
SIM1
SIM2
SIM3
SIM4
1
21
22
SIM5
SIM1
SIM2
SIM3
SIM4
1
21
22
SIM5
SIM1
SIM2
SIM3
SIM4
1
21
22
SIM5
SIM1
SIM2
SIM3
SIM4
1
21
22
SIM5
SIM1
SIM2
SIM3
SIM4
1
21
22
SIM5
SIM1
SIM2
SIM3
SIM4
1
21
22
SIM5
SIM1
SIM2
SIM3
SIM4
1
21
22
SIM5
SIM1
SIM2
SIM3
SIM4
1
21
22
SIM5
SIM1
SIM2
SIM3
SIM4
1
21
22
SIM5
SIM1
SIM2
SIM3
SIM4
1
21
22
SIM5
SIM1
SIM2
SIM3
SIM4
1
21
22
SIM5
SIM1
SIM2
SIM3
SIM4
1
21
22
SIM5
SIM1
SIM2
SIM3
SIM4
1
21
22
SIM5
SIM1
SIM2
SIM3
SIM4
1
21
22
SIM5
SIM1
SIM2
SIM3
SIM4
1
21
22
SIM5
SIM1
SIM2
SIM3
SIM4
1
21
22
SIM5
SIM1
SIM2
SIM3
SIM4
1
21
22
SIM5
SIM1
SIM2
SIM3
SIM4
1
21
22
SIM5
SIM1
SIM2
SIM3
SIM4
1
21
22
SIM5
SIM1
SIM2
SIM3
SIM4
1
21
22
SIM5
SIM1
SIM2
SIM3
SIM4
1
21
22
SIM5
SIM1
SIM2
SIM3
SIM4
1
21
22
SIM5
SIM1
SIM2
SIM3
SIM4
1
21
22
SIM5
SIM1
SIM2
SIM3
SIM4
1
21
22
SIM5
SIM1
SIM2
SIM3
SIM4
1
21
22
SIM5
SIM1
SIM2
SIM3
SIM4
1
21
22
SIM5
SIM1
SIM2
SIM3
SIM4
1
21
22
SIM5
SIM1
SIM2
SIM3
SIM4
1
21
22
SIM5
SIM1
SIM2
SIM3
SIM4
1
21
22
SIM5
SIM1
SIM2
SIM3
SIM4
1
21
22
SIM5
SIM1
SIM2
SIM3
SIM4
1
21
22
SIM5
SIM1
SIM2
SIM3
SIM4
1
21
22
SIM5
SIM1
SIM2
SIM3
SIM4
1
21
22
SIM5
SIM1
SIM2
SIM3
SIM4
1
21
22
SIM5
SIM1
SIM2
SIM3
SIM4
1
21
22
SIM5
SIM1
SIM2
SIM3
SIM4
1
21
22
SIM5
SIM1
SIM2
SIM3
SIM4
1
21
22
SIM5
SIM1
SIM2
SIM3
SIM4
1
21
22
SIM5
SIM1
SIM2
SIM3
SIM4
1
21
22
SIM5
SIM1
SIM2
SIM3
SIM4
1
21
22
SIM5
SIM1
SIM2
SIM3
SIM4
1
21
22
SIM5
SIM1
SIM2
SIM3
SIM4
1
21
22
SIM5
SIM1
SIM2
SIM3
SIM4
1
21
22
SIM5
SIM1
SIM2
SIM3
SIM4
1
21
22
SIM5
SIM1
SIM2
SIM3
SIM4
1
21
22
SIM5
SIM1
SIM2
SIM3
SIM4
1
21
22
SIM5
SIM1
SIM2
SIM3
SIM4
1
21
22
SIM5
SIM1
SIM2
SIM3
SIM4
1
21
22
SIM5
SIM1
SIM2
SIM3
SIM4
1
21
22
SIM5
SIM1
SIM2
SIM3
SIM4
1
21
22
SIM5
SIM1
SIM2
SIM3
SIM4
1
21
22
SIM5
SIM1
SIM2
SIM3
SIM4
1
21
22
SIM5
SIM1
SIM2
SIM3
SIM4
1
21
22
SIM5
SIM1
SIM2
SIM3
SIM4
1
21
22
SIM5
SIM1
SIM2
SIM3
SIM4
1
21
22
SIM5
SIM1
SIM2
SIM3
SIM4
1
21
22
SIM5
SIM1
SIM2
SIM3
SIM4
1
21
22
SIM5
SIM1
SIM2
SIM3
SIM4
1
21
22
SIM5
SIM1
SIM2
SIM3
SIM4
1
21
22
SIM5
SIM1
SIM2
SIM3
SIM4
1
21
22
SIM5
SIM1
SIM2
SIM3
SIM4
1
21
22
SIM5
SIM1
SIM2
SIM3
SIM4
1
21
22
SIM5
SIM1
SIM2
SIM3
SIM4
1
21
22
SIM5
SIM1
SIM2
SIM3
SIM4
1
21
22
SIM5
SIM1
SIM2
SIM3
SIM4
1
21
22
SIM5
SIM1
SIM2
SIM3
SIM4
1
21
22
SIM5
SIM1
SIM2
SIM3
SIM4
1
21
22
SIM5
SIM1
SIM2
SIM3
SIM4
1
21
22
SIM5
SIM1
SIM2
SIM3
SIM4
1
21
22
SIM5
SIM1
SIM2
SIM3
SIM4
1
21
22
SIM5
SIM1
SIM2
SIM3
SIM4
1
21
22
SIM5
SIM1
SIM2
SIM3
SIM4
1
21
22
SIM5
SIM1
SIM2
SIM3
SIM4
1
21
22
SIM5
SIM1
SIM2
SIM3
SIM4
1
21
22
SIM5
SIM1
SIM2
SIM3
SIM4
1
21
22
SIM5
SIM1
SIM2
SIM3
SIM4
1
21
22
SIM5
SIM1
SIM2
SIM3
SIM4
1
21
22
SIM5
SIM1
SIM2
SIM3
SIM4
1
21
22
SIM5
SIM1
SIM2
SIM3
SIM4
1
21
22
SIM5
SIM1
SIM2
SIM3
SIM4
1
21
22
SIM5
SIM1
SIM2
SIM3
SIM4
1
21
22
SIM5
SIM1
SIM2
SIM3
SIM4
1
21
22
SIM5
SIM1
SIM2
SIM3
SIM4
1
21
22
SIM5
SIM1
SIM2
SIM3
SIM4
1
21
22
SIM5
SIM1
SIM2
SIM3
SIM4
1
21
22
SIM5
SIM1
SIM2
SIM3
SIM4
1
21
22
SIM5
SIM1
SIM2
SIM3
SIM4
1
21
22
SIM5
SIM1
SIM2
SIM3
SIM4
1
21
22
SIM5
SIM1
SIM2
SIM3
SIM4
1
21
22
SIM5
SIM1
SIM2
SIM3
SIM4
1
21
22
SIM5
SIM1
SIM2
SIM3
SIM4
1
21
22
SIM5
SIM1
SIM2
SIM3
SIM4
1
21
22
SIM5
SIM1
SIM2
SIM3
SIM4
1
21
22
SIM5
SIM1
SIM2
SIM3
SIM4
1
21
22
SIM5
SIM1
SIM2
SIM3
SIM4
1
21
22
SIM5
SIM1
SIM2
SIM3
SIM4
1
21
22
SIM5
SIM1
SIM2
SIM3
SIM4
1
21
22
SIM5
SIM1
SIM2
SIM3
SIM4
1
21
22
SIM5
SIM1
SIM2
SIM3
SIM4
1
21
22
SIM5
SIM1
SIM2
SIM3
SIM4
1
21
22
SIM5
SIM1
SIM2
SIM3
SIM4
1
21
22
SIM5
SIM1
SIM2
SIM3
SIM4
1
21
22
SIM5
SIM1
SIM2
SIM3
SIM4
1
21
22
SIM5
SIM1
SIM2
SIM3
SIM4
1
21
22
SIM5
SIM1
SIM2
SIM3
SIM4
1
21
22
SIM5
SIM1
SIM2
SIM3
SIM4
1
21
22
SIM5
SIM1
SIM2
SIM3
SIM4
1
21
22
SIM5
SIM1
SIM2
SIM3
SIM4
1
21
22
SIM5
SIM1
SIM2
SIM3
SIM4
1
21
22
SIM5
SIM1
SIM2
SIM3
SIM4
1
21
22
SIM5
SIM1
SIM2
SIM3
SIM4
1
21
22
SIM5
SIM1
SIM2
SIM3
SIM4
1
21
22
SIM5
SIM1
SIM2
SIM3
SIM4
1
21
22
SIM5
SIM1
SIM2
SIM3
SIM4
1
21
22
SIM5
SIM1
SIM2
SIM3
SIM4
1
21
22
SIM5
SIM1
SIM2
SIM3
SIM4
1
21
22
SIM5
SIM1
SIM2
SIM3
SIM4
1
21
22
SIM5
SIM1
SIM2
SIM3
SIM4
1
21
22
SIM5
SIM1
SIM2
SIM3
SIM4
1
21
22
SIM5
SIM1
SIM2
SIM3
SIM4
1
21
22
SIM5
SIM1
SIM2
SIM3
SIM4
1
21
22
SIM5
SIM1
SIM2
SIM3
SIM4
1
21
22
SIM5
SIM1
SIM2
SIM3
SIM4
1
21
22
SIM5
SIM1
SIM2
SIM3
SIM4
1
21
22
SIM5
SIM1
SIM2
SIM3
SIM4
1
21
22
SIM5
SIM1
SIM2
SIM3
SIM4
1
21
22
SIM5
SIM1
SIM2
SIM3
SIM4
1
21
22
SIM5
SIM1
SIM2
SIM3
SIM4
1
21
22
SIM5
SIM1
SIM2
SIM3
SIM4
1
21
22
SIM5
SIM1
SIM2
SIM3
SIM4
1
21
22
SIM5
SIM1
SIM2
SIM3
SIM4
1
21
22
SIM5
SIM1
SIM2
SIM3
SIM4
1
21
22
SIM5
SIM1
SIM2
SIM3
SIM4
1
21
22
SIM5
SIM1
SIM2
SIM3
SIM4
1
21
22
SIM5
SIM1
SIM2
SIM3
SIM4
1
21
22
SIM5
SIM1
SIM2
SIM3
SIM4
1
21
22
SIM5
SIM1
SIM2
SIM3
SIM4
1
21
22
SIM5
SIM1
SIM2
SIM3
SIM4
1
21
22
SIM5
SIM1
SIM2
SIM3
SIM4
1
21
22
SIM5
SIM1
SIM2
SIM3
SIM4
1
21
22
SIM5
SIM1
SIM2
SIM3
SIM4
1
21
22
SIM5
SIM1
SIM2
SIM3
SIM4
1
21
22
SIM5
SIM1
SIM2
SIM3
SIM4
1
21
22
SIM5
SIM1
SIM2
SIM3
SIM4
1
21
22
SIM5
SIM1
SIM2
SIM3
SIM4
1
21
22
SIM5
SIM1
SIM2
SIM3
SIM4
1
21
22
SIM5
SIM1
SIM2
SIM3
SIM4
1
21
22
SIM5
SIM1
SIM2
SIM3
SIM4
1
21
22
SIM5
SIM1
SIM2
SIM3
SIM4
1
21
22
SIM5
SIM1
SIM2
SIM3
SIM4
1
21
22
SIM5
SIM1
SIM2
SIM3
SIM4
1
21
22
SIM5
SIM1
SIM2
SIM3
SIM4
1
21
22
SIM5
SIM1
SIM2
SIM3
SIM4
1
21
22
SIM5
SIM1
SIM2
SIM3
SIM4
1
21
22
SIM5
SIM1
SIM2
SIM3
SIM4
1
21
22
SIM5
SIM1
SIM2
SIM3
SIM4
1
21
22
SIM5
SIM1
SIM2
SIM3
SIM4
1
21
22
SIM5
SIM1
SIM2
SIM3
SIM4
1
21
22
SIM5
SIM1
SIM2
SIM3
SIM4
1
21
22
SIM5
SIM1
SIM2
SIM3
SIM4
1
21
22
SIM5
SIM1
SIM2
SIM3
SIM4
1
21
22
SIM5
SIM1
SIM2
SIM3
SIM4
1
21
22
SIM5
SIM1
SIM2
SIM3
SIM4
1
21
22
SIM5
SIM1
SIM2
SIM3
SIM4
1
21
22
SIM5
SIM1
SIM2
SIM3
SIM4
1
21
22
SIM5
SIM1
SIM2
SIM3
SIM4
1
21
22
SIM5
SIM1
SIM2
SIM3
SIM4
1
21
22
SIM5
SIM1
SIM2
SIM3
SIM4
1
21
22
SIM5
SIM1
SIM2
SIM3
SIM4
1
21
22
SIM5
SIM1
SIM2
SIM3
SIM4
1
21
22
SIM5
SIM1
SIM2
SIM3
SIM4
1
21
22
SIM5
SIM1
SIM2
SIM3
SIM4
1
21
22
SIM5
SIM1
SIM2
SIM3
SIM4
1
21
22
SIM5
SIM1
SIM2
SIM3
SIM4
1
21
22
SIM5
SIM1
SIM2
SIM3
SIM4
1
21
22
SIM5
SIM1
SIM2
SIM3
SIM4
1
21
22
SIM5
SIM1
SIM2
SIM3
SIM4
1
21
22
SIM5
SIM1
SIM2
SIM3
SIM4
1
21
22
SIM5
SIM1
SIM2
SIM3
SIM4
1
21
22
SIM5
SIM1
SIM2
SIM3
SIM4
1
21
22
SIM5
SIM1
SIM2
SIM3
SIM4
1
21
22
SIM5
SIM1
SIM2
SIM3
SIM4
1
21
22
SIM5
SIM1
SIM2
DEBUG 1 708
SIM1
SIM2
SIM3
SIM4
1
21
22
SIM5
SIM1
SIM2
SIM3
SIM4
1
21
22
SIM5
SIM1
SIM2
SIM3
SIM4
1
21
22
SIM5
SIM1
SIM2
SIM3
SIM4
1
21
22
SIM5
SIM1
SIM2
SIM3
SIM4
1
21
22
SIM5
SIM1
SIM2
SIM3
SIM4
1
21
22
SIM5
SIM1
SIM2
SIM3
SIM4
1
21
22
SIM5
SIM1
SIM2
SIM3
SIM4
1
21
22
SIM5
SIM1
SIM2
SIM3
SIM4
1
21
22
SIM5
SIM1
SIM2
SIM3
SIM4
1
21
22
SIM5
SIM1
SIM2
SIM3
SIM4
1
21
22
SIM5
SIM1
SIM2
SIM3
SIM4
1
21
22
SIM5
SIM1
SIM2
SIM3
SIM4
1
21
22
SIM5
SIM1
SIM2
SIM3
SIM4
1
21
22
SIM5
SIM1
SIM2
SIM3
SIM4
1
21
22
SIM5
SIM1
SIM2
SIM3
SIM4
1
21
22
SIM5
SIM1
SIM2
SIM3
SIM4
1
21
22
SIM5
SIM1
SIM2
SIM3
SIM4
1
21
22
SIM5
SIM1
SIM2
SIM3
SIM4
1
21
22
SIM5
SIM1
SIM2
SIM3
SIM4
1
21
22
SIM5
SIM1
SIM2
SIM3
SIM4
1
21
22
SIM5
SIM1
SIM2
SIM3
SIM4
1
21
22
SIM5
SIM1
SIM2
SIM3
SIM4
1
21
22
SIM5
SIM1
SIM2
SIM3
SIM4
1
21
22
SIM5
SIM1
SIM2
SIM3
SIM4
1
21
22
SIM5
SIM1
SIM2
SIM3
SIM4
1
21
22
SIM5
SIM1
SIM2
SIM3
SIM4
1
21
22
SIM5
SIM1
SIM2
SIM3
SIM4
1
21
22
SIM5
SIM1
SIM2
SIM3
SIM4
1
21
22
SIM5
SIM1
SIM2
SIM3
SIM4
1
21
22
SIM5
SIM1
SIM2
SIM3
SIM4
1
21
22
SIM5
SIM1
SIM2
SIM3
SIM4
1
21
22
SIM5
SIM1
SIM2
SIM3
SIM4
1
21
22
SIM5
SIM1
SIM2
SIM3
SIM4
1
21
22
SIM5
SIM1
SIM2
SIM3
SIM4
1
21
22
SIM5
SIM1
SIM2
SIM3
SIM4
1
21
22
SIM5
SIM1
SIM2
SIM3
SIM4
1
21
22
SIM5
SIM1
SIM2
SIM3
SIM4
1
21
22
SIM5
SIM1
SIM2
SIM3
SIM4
1
21
22
SIM5
SIM1
SIM2
SIM3
SIM4
1
21
22
SIM5
SIM1
SIM2
SIM3
SIM4
1
21
22
SIM5
SIM1
SIM2
SIM3
SIM4
1
21
22
SIM5
SIM1
SIM2
SIM3
SIM4
1
21
22
SIM5
SIM1
SIM2
SIM3
SIM4
1
21
22
SIM5
SIM1
SIM2
SIM3
SIM4
1
21
22
SIM5
SIM1
SIM2
SIM3
SIM4
1
21
22
SIM5
SIM1
SIM2
SIM3
SIM4
1
21
22
SIM5
SIM1
SIM2
SIM3
SIM4
1
21
22
SIM5
SIM1
SIM2
SIM3
SIM4
1
21
22
SIM5
SIM1
SIM2
SIM3
SIM4
1
21
22
SIM5
SIM1
SIM2
SIM3
SIM4
1
21
22
SIM5
SIM1
SIM2
SIM3
SIM4
1
21
22
SIM5
SIM1
SIM2
SIM3
SIM4
1
21
22
SIM5
SIM1
SIM2
SIM3
SIM4
1
21
22
SIM5
SIM1
SIM2
SIM3
SIM4
1
21
22
SIM5
SIM1
SIM2
SIM3
SIM4
1
21
22
SIM5
SIM1
SIM2
SIM3
SIM4
1
21
22
SIM5
SIM1
SIM2
SIM3
SIM4
1
21
22
SIM5
SIM1
SIM2
SIM3
SIM4
1
21
22
SIM5
SIM1
SIM2
SIM3
SIM4
1
21
22
SIM5
SIM1
SIM2
SIM3
SIM4
1
21
22
SIM5
SIM1
SIM2
SIM3
SIM4
1
21
22
SIM5
SIM1
SIM2
SIM3
SIM4
1
21
22
SIM5
SIM1
SIM2
SIM3
SIM4
1
21
22
SIM5
SIM1
SIM2
SIM3
SIM4
1
21
22
SIM5
SIM1
SIM2
SIM3
SIM4
1
21
22
SIM5
SIM1
SIM2
SIM3
SIM4
1
21
22
SIM5
SIM1
SIM2
SIM3
SIM4
1
21
22
SIM5
SIM1
SIM2
SIM3
SIM4
1
21
22
SIM5
SIM1
SIM2
SIM3
SIM4
1
21
22
SIM5
SIM1
SIM2
SIM3
SIM4
1
21
22
SIM5
SIM1
SIM2
SIM3
SIM4
1
21
22
SIM5
SIM1
SIM2
SIM3
SIM4
1
21
22
SIM5
SIM1
SIM2
SIM3
SIM4
1
21
22
SIM5
SIM1
SIM2
SIM3
SIM4
1
21
22
SIM5
SIM1
SIM2
SIM3
SIM4
1
21
22
SIM5
SIM1
SIM2
SIM3
SIM4
1
21
22
SIM5
SIM1
SIM2
SIM3
SIM4
1
21
22
SIM5
SIM1
SIM2
SIM3
SIM4
1
21
22
SIM5
SIM1
SIM2
SIM3
SIM4
1
21
22
SIM5
SIM1
SIM2
SIM3
SIM4
1
21
22
SIM5
SIM1
SIM2
SIM3
SIM4
1
21
22
SIM5
SIM1
SIM2
SIM3
SIM4
1
21
22
SIM5
SIM1
SIM2
SIM3
SIM4
1
21
22
SIM5
SIM1
SIM2
SIM3
SIM4
1
21
22
SIM5
SIM1
SIM2
SIM3
SIM4
1
21
22
SIM5
SIM1
SIM2
SIM3
SIM4
1
21
22
SIM5
SIM1
SIM2
SIM3
SIM4
1
21
22
SIM5
SIM1
SIM2
SIM3
SIM4
1
21
22
SIM5
SIM1
SIM2
SIM3
SIM4
1
21
22
SIM5
SIM1
SIM2
SIM3
SIM4
1
21
22
SIM5
SIM1
SIM2
SIM3
SIM4
1
21
22
SIM5
SIM1
SIM2
SIM3
SIM4
1
21
22
SIM5
SIM1
SIM2
SIM3
SIM4
1
21
22
SIM5
SIM1
SIM2
SIM3
SIM4
1
21
22
SIM5
SIM1
SIM2
SIM3
SIM4
1
21
22
SIM5
SIM1
SIM2
SIM3
SIM4
1
21
22
SIM5
SIM1
SIM2
SIM3
SIM4
1
21
22
SIM5
SIM1
SIM2
SIM3
SIM4
1
21
22
SIM5
SIM1
SIM2
SIM3
SIM4
1
21
22
SIM5
SIM1
SIM2
SIM3
SIM4
1
21
22
SIM5
SIM1
SIM2
SIM3
SIM4
1
21
22
SIM5
SIM1
SIM2
SIM3
SIM4
1
21
22
SIM5
SIM1
SIM2
SIM3
SIM4
1
21
22
SIM5
SIM1
SIM2
SIM3
SIM4
1
21
22
SIM5
SIM1
SIM2
SIM3
SIM4
1
21
22
SIM5
SIM1
SIM2
SIM3
SIM4
1
21
22
SIM5
SIM1
SIM2
SIM3
SIM4
1
21
22
SIM5
SIM1
SIM2
SIM3
SIM4
1
21
22
SIM5
SIM1
SIM2
SIM3
SIM4
1
21
22
SIM5
SIM1
SIM2
SIM3
SIM4
1
21
22
SIM5
SIM1
SIM2
SIM3
SIM4
1
21
22
SIM5
SIM1
SIM2
SIM3
SIM4
1
21
22
SIM5
SIM1
SIM2
SIM3
SIM4
1
21
22
SIM5
SIM1
SIM2
SIM3
SIM4
1
21
22
SIM5
SIM1
SIM2
SIM3
SIM4
1
21
22
SIM5
SIM1
SIM2
SIM3
SIM4
1
21
22
SIM5
SIM1
SIM2
SIM3
SIM4
1
21
22
SIM5
SIM1
SIM2
SIM3
SIM4
1
21
22
SIM5
SIM1
SIM2
SIM3
SIM4
1
21
22
SIM5
SIM1
SIM2
SIM3
SIM4
1
21
22
SIM5
SIM1
SIM2
SIM3
SIM4
1
21
22
SIM5
SIM1
SIM2
SIM3
SIM4
1
21
22
SIM5
SIM1
SIM2
SIM3
SIM4
1
21
22
SIM5
SIM1
SIM2
SIM3
SIM4
1
21
22
SIM5
SIM1
SIM2
SIM3
SIM4
1
21
22
SIM5
SIM1
SIM2
SIM3
SIM4
1
21
22
SIM5
SIM1
SIM2
SIM3
SIM4
1
21
22
SIM5
SIM1
SIM2
SIM3
SIM4
1
21
22
SIM5
SIM1
SIM2
SIM3
SIM4
1
21
22
SIM5
SIM1
SIM2
SIM3
SIM4
1
21
22
SIM5
SIM1
SIM2
SIM3
SIM4
1
21
22
SIM5
SIM1
SIM2
SIM3
SIM4
1
21
22
SIM5
SIM1
SIM2
SIM3
SIM4
1
21
22
SIM5
SIM1
SIM2
SIM3
SIM4
1
21
22
SIM5
SIM1
SIM2
SIM3
SIM4
1
21
22
SIM5
SIM1
SIM2
SIM3
SIM4
1
21
22
SIM5
SIM1
SIM2
SIM3
SIM4
1
21
22
SIM5
SIM1
SIM2
SIM3
SIM4
1
21
22
SIM5
SIM1
SIM2
SIM3
SIM4
1
21
22
SIM5
SIM1
SIM2
SIM3
SIM4
1
21
22
SIM5
SIM1
SIM2
SIM3
SIM4
1
21
22
SIM5
SIM1
SIM2
SIM3
SIM4
1
21
22
SIM5
SIM1
SIM2
SIM3
SIM4
1
21
22
SIM5
SIM1
SIM2
SIM3
SIM4
1
21
22
SIM5
SIM1
SIM2
DEBUG 1 709
SIM1
SIM2
SIM3
SIM4
1
21
22
SIM5
SIM1
SIM2
SIM3
SIM4
1
21
22
SIM5
SIM1
SIM2
SIM3
SIM4
1
21
22
SIM5
SIM1
SIM2
SIM3
SIM4
1
21
22
SIM5
SIM1
SIM2
SIM3
SIM4
1
21
22
SIM5
SIM1
SIM2
SIM3
SIM4
1
21
22
SIM5
SIM1
SIM2
SIM3
SIM4
1
21
22
SIM5
SIM1
SIM2
SIM3
SIM4
1
21
22
SIM5
SIM1
SIM2
SIM3
SIM4
1
21
22
SIM5
SIM1
SIM2
SIM3
SIM4
1
21
22
SIM5
SIM1
SIM2
SIM3
SIM4
1
21
22
SIM5
SIM1
SIM2
SIM3
SIM4
1
21
22
SIM5
SIM1
SIM2
SIM3
SIM4
1
21
22
SIM5
SIM1
SIM2
SIM3
SIM4
1
21
22
SIM5
SIM1
SIM2
SIM3
SIM4
1
21
22
SIM5
SIM1
SIM2
SIM3
SIM4
1
21
22
SIM5
SIM1
SIM2
SIM3
SIM4
1
21
22
SIM5
SIM1
SIM2
SIM3
SIM4
1
21
22
SIM5
SIM1
SIM2
SIM3
SIM4
1
21
22
SIM5
SIM1
SIM2
SIM3
SIM4
1
21
22
SIM5
SIM1
SIM2
SIM3
SIM4
1
21
22
SIM5
SIM1
SIM2
SIM3
SIM4
1
21
22
SIM5
SIM1
SIM2
SIM3
SIM4
1
21
22
SIM5
SIM1
SIM2
SIM3
SIM4
1
21
22
SIM5
SIM1
SIM2
SIM3
SIM4
1
21
22
SIM5
SIM1
SIM2
SIM3
SIM4
1
21
22
SIM5
SIM1
SIM2
SIM3
SIM4
1
21
22
SIM5
SIM1
SIM2
SIM3
SIM4
1
21
22
SIM5
SIM1
SIM2
SIM3
SIM4
1
21
22
SIM5
SIM1
SIM2
SIM3
SIM4
1
21
22
SIM5
SIM1
SIM2
SIM3
SIM4
1
21
22
SIM5
SIM1
SIM2
SIM3
SIM4
1
21
22
SIM5
SIM1
SIM2
SIM3
SIM4
1
21
22
SIM5
SIM1
SIM2
SIM3
SIM4
1
21
22
SIM5
SIM1
SIM2
SIM3
SIM4
1
21
22
SIM5
SIM1
SIM2
SIM3
SIM4
1
21
22
SIM5
SIM1
SIM2
SIM3
SIM4
1
21
22
SIM5
SIM1
SIM2
SIM3
SIM4
1
21
22
SIM5
SIM1
SIM2
SIM3
SIM4
1
21
22
SIM5
SIM1
SIM2
SIM3
SIM4
1
21
22
SIM5
SIM1
SIM2
SIM3
SIM4
1
21
22
SIM5
SIM1
SIM2
SIM3
SIM4
1
21
22
SIM5
SIM1
SIM2
SIM3
SIM4
1
21
22
SIM5
SIM1
SIM2
SIM3
SIM4
1
21
22
SIM5
SIM1
SIM2
SIM3
SIM4
1
21
22
SIM5
SIM1
SIM2
SIM3
SIM4
1
21
22
SIM5
SIM1
SIM2
SIM3
SIM4
1
21
22
SIM5
SIM1
SIM2
SIM3
SIM4
1
21
22
SIM5
SIM1
SIM2
SIM3
SIM4
1
21
22
SIM5
SIM1
SIM2
SIM3
SIM4
1
21
22
SIM5
SIM1
SIM2
SIM3
SIM4
1
21
22
SIM5
SIM1
SIM2
SIM3
SIM4
1
21
22
SIM5
SIM1
SIM2
SIM3
SIM4
1
21
22
SIM5
SIM1
SIM2
SIM3
SIM4
1
21
22
SIM5
SIM1
SIM2
SIM3
SIM4
1
21
22
SIM5
SIM1
SIM2
SIM3
SIM4
1
21
22
SIM5
SIM1
SIM2
SIM3
SIM4
1
21
22
SIM5
SIM1
SIM2
SIM3
SIM4
1
21
22
SIM5
SIM1
SIM2
SIM3
SIM4
1
21
22
SIM5
SIM1
SIM2
SIM3
SIM4
1
21
22
SIM5
SIM1
SIM2
SIM3
SIM4
1
21
22
SIM5
SIM1
SIM2
SIM3
SIM4
1
21
22
SIM5
SIM1
SIM2
SIM3
SIM4
1
21
22
SIM5
SIM1
SIM2
SIM3
SIM4
1
21
22
SIM5
SIM1
SIM2
SIM3
SIM4
1
21
22
SIM5
SIM1
SIM2
SIM3
SIM4
1
21
22
SIM5
SIM1
SIM2
SIM3
SIM4
1
21
22
SIM5
SIM1
SIM2
SIM3
SIM4
1
21
22
SIM5
SIM1
SIM2
SIM3
SIM4
1
21
22
SIM5
SIM1
SIM2
SIM3
SIM4
1
21
22
SIM5
SIM1
SIM2
SIM3
SIM4
1
21
22
SIM5
SIM1
SIM2
SIM3
SIM4
1
21
22
SIM5
SIM1
SIM2
SIM3
SIM4
1
21
22
SIM5
SIM1
SIM2
SIM3
SIM4
1
21
22
SIM5
SIM1
SIM2
SIM3
SIM4
1
21
22
SIM5
SIM1
SIM2
SIM3
SIM4
1
21
22
SIM5
SIM1
SIM2
SIM3
SIM4
1
21
22
SIM5
SIM1
SIM2
SIM3
SIM4
1
21
22
SIM5
SIM1
SIM2
SIM3
SIM4
1
21
22
SIM5
SIM1
SIM2
SIM3
SIM4
1
21
22
SIM5
SIM1
SIM2
SIM3
SIM4
1
21
22
SIM5
SIM1
SIM2
SIM3
SIM4
1
21
22
SIM5
SIM1
SIM2
SIM3
SIM4
1
21
22
SIM5
SIM1
SIM2
SIM3
SIM4
1
21
22
SIM5
SIM1
SIM2
SIM3
SIM4
1
21
22
SIM5
SIM1
SIM2
SIM3
SIM4
1
21
22
SIM5
SIM1
SIM2
SIM3
SIM4
1
21
22
SIM5
SIM1
SIM2
SIM3
SIM4
1
21
22
SIM5
SIM1
SIM2
SIM3
SIM4
1
21
22
SIM5
SIM1
SIM2
SIM3
SIM4
1
21
22
SIM5
SIM1
SIM2
SIM3
SIM4
1
21
22
SIM5
SIM1
SIM2
SIM3
SIM4
1
21
22
SIM5
SIM1
SIM2
SIM3
SIM4
1
21
22
SIM5
SIM1
SIM2
SIM3
SIM4
1
21
22
SIM5
SIM1
SIM2
SIM3
SIM4
1
21
22
SIM5
SIM1
SIM2
SIM3
SIM4
1
21
22
SIM5
SIM1
SIM2
SIM3
SIM4
1
21
22
SIM5
SIM1
SIM2
SIM3
SIM4
1
21
22
SIM5
SIM1
SIM2
SIM3
SIM4
1
21
22
SIM5
SIM1
SIM2
SIM3
SIM4
1
21
22
SIM5
SIM1
SIM2
SIM3
SIM4
1
21
22
SIM5
SIM1
SIM2
SIM3
SIM4
1
21
22
SIM5
SIM1
SIM2
SIM3
SIM4
1
21
22
SIM5
SIM1
SIM2
SIM3
SIM4
1
21
22
SIM5
SIM1
SIM2
SIM3
SIM4
1
21
22
SIM5
SIM1
SIM2
SIM3
SIM4
1
21
22
SIM5
SIM1
SIM2
SIM3
SIM4
1
21
22
SIM5
SIM1
SIM2
SIM3
SIM4
1
21
22
SIM5
SIM1
SIM2
SIM3
SIM4
1
21
22
SIM5
SIM1
SIM2
SIM3
SIM4
1
21
22
SIM5
SIM1
SIM2
SIM3
SIM4
1
21
22
SIM5
SIM1
SIM2
SIM3
SIM4
1
21
22
SIM5
SIM1
SIM2
SIM3
SIM4
1
21
22
SIM5
SIM1
SIM2
SIM3
SIM4
1
21
22
SIM5
SIM1
SIM2
SIM3
SIM4
1
21
22
SIM5
SIM1
SIM2
SIM3
SIM4
1
21
22
SIM5
SIM1
SIM2
SIM3
SIM4
1
21
22
SIM5
SIM1
SIM2
SIM3
SIM4
1
21
22
SIM5
SIM1
SIM2
SIM3
SIM4
1
21
22
SIM5
SIM1
SIM2
SIM3
SIM4
1
21
22
SIM5
SIM1
SIM2
SIM3
SIM4
1
21
22
SIM5
SIM1
SIM2
SIM3
SIM4
1
21
22
SIM5
SIM1
SIM2
SIM3
SIM4
1
21
22
SIM5
SIM1
SIM2
SIM3
SIM4
1
21
22
SIM5
SIM1
SIM2
SIM3
SIM4
1
21
22
SIM5
SIM1
SIM2
SIM3
SIM4
1
21
22
SIM5
SIM1
SIM2
SIM3
SIM4
1
21
22
SIM5
SIM1
SIM2
SIM3
SIM4
1
21
22
SIM5
SIM1
SIM2
SIM3
SIM4
1
21
22
SIM5
SIM1
SIM2
SIM3
SIM4
1
21
22
SIM5
SIM1
SIM2
SIM3
SIM4
1
21
22
SIM5
SIM1
SIM2
SIM3
SIM4
1
21
22
SIM5
SIM1
SIM2
SIM3
SIM4
1
21
22
SIM5
SIM1
SIM2
SIM3
SIM4
1
21
22
SIM5
SIM1
SIM2
SIM3
SIM4
1
21
22
SIM5
SIM1
SIM2
SIM3
SIM4
1
21
22
SIM5
SIM1
SIM2
SIM3
SIM4
1
21
22
SIM5
SIM1
SIM2
SIM3
SIM4
1
21
22
SIM5
SIM1
SIM2
SIM3
SIM4
1
21
22
SIM5
SIM1
SIM2
SIM3
SIM4
1
21
22
SIM5
SIM1
SIM2
SIM3
SIM4
1
21
22
SIM5
SIM1
SIM2
SIM3
SIM4
1
21
22
SIM5
SIM1
SIM2
SIM3
SIM4
1
21
22
SIM5
SIM1
SIM2
SIM3
SIM4
1
21
22
SIM5
SIM1
SIM2
SIM3
SIM4
1
21
22
SIM5
SIM1
SIM2
SIM3
SIM4
1
21
22
SIM5
SIM1
SIM2
SIM3
SIM4
1
21
22
SIM5
SIM1
SIM2
SIM3
SIM4
1
21
22
SIM5
SIM1
SIM2
SIM3
SIM4
1
21
22
SIM5
SIM1
SIM2
DEBUG 1 710
SIM1
SIM2
SIM3
SIM4
1
21
22
SIM5
SIM1
SIM2
SIM3
SIM4
1
21
22
SIM5
SIM1
SIM2
SIM3
SIM4
1
21
22
SIM5
SIM1
SIM2
SIM3
SIM4
1
21
22
SIM5
SIM1
SIM2
SIM3
SIM4
1
21
22
SIM5
SIM1
SIM2
SIM3
SIM4
1
21
22
SIM5
SIM1
SIM2
SIM3
SIM4
1
21
22
SIM5
SIM1
SIM2
SIM3
SIM4
1
21
22
SIM5
SIM1
SIM2
SIM3
SIM4
1
21
22
SIM5
SIM1
SIM2
SIM3
SIM4
1
21
22
SIM5
SIM1
SIM2
SIM3
SIM4
1
21
22
SIM5
SIM1
SIM2
SIM3
SIM4
1
21
22
SIM5
SIM1
SIM2
SIM3
SIM4
1
21
22
SIM5
SIM1
SIM2
SIM3
SIM4
1
21
22
SIM5
SIM1
SIM2
SIM3
SIM4
1
21
22
SIM5
SIM1
SIM2
SIM3
SIM4
1
21
22
SIM5
SIM1
SIM2
SIM3
SIM4
1
21
22
SIM5
SIM1
SIM2
SIM3
SIM4
1
21
22
SIM5
SIM1
SIM2
SIM3
SIM4
1
21
22
SIM5
SIM1
SIM2
SIM3
SIM4
1
21
22
SIM5
SIM1
SIM2
SIM3
SIM4
1
21
22
SIM5
SIM1
SIM2
SIM3
SIM4
1
21
22
SIM5
SIM1
SIM2
SIM3
SIM4
1
21
22
SIM5
SIM1
SIM2
SIM3
SIM4
1
21
22
SIM5
SIM1
SIM2
SIM3
SIM4
1
21
22
SIM5
SIM1
SIM2
SIM3
SIM4
1
21
22
SIM5
SIM1
SIM2
SIM3
SIM4
1
21
22
SIM5
SIM1
SIM2
SIM3
SIM4
1
21
22
SIM5
SIM1
SIM2
SIM3
SIM4
1
21
22
SIM5
SIM1
SIM2
SIM3
SIM4
1
21
22
SIM5
SIM1
SIM2
SIM3
SIM4
1
21
22
SIM5
SIM1
SIM2
SIM3
SIM4
1
21
22
SIM5
SIM1
SIM2
SIM3
SIM4
1
21
22
SIM5
SIM1
SIM2
SIM3
SIM4
1
21
22
SIM5
SIM1
SIM2
SIM3
SIM4
1
21
22
SIM5
SIM1
SIM2
SIM3
SIM4
1
21
22
SIM5
SIM1
SIM2
SIM3
SIM4
1
21
22
SIM5
SIM1
SIM2
SIM3
SIM4
1
21
22
SIM5
SIM1
SIM2
SIM3
SIM4
1
21
22
SIM5
SIM1
SIM2
SIM3
SIM4
1
21
22
SIM5
SIM1
SIM2
SIM3
SIM4
1
21
22
SIM5
SIM1
SIM2
SIM3
SIM4
1
21
22
SIM5
SIM1
SIM2
SIM3
SIM4
1
21
22
SIM5
SIM1
SIM2
SIM3
SIM4
1
21
22
SIM5
SIM1
SIM2
SIM3
SIM4
1
21
22
SIM5
SIM1
SIM2
SIM3
SIM4
1
21
22
SIM5
SIM1
SIM2
SIM3
SIM4
1
21
22
SIM5
SIM1
SIM2
SIM3
SIM4
1
21
22
SIM5
SIM1
SIM2
SIM3
SIM4
1
21
22
SIM5
SIM1
SIM2
SIM3
SIM4
1
21
22
SIM5
SIM1
SIM2
SIM3
SIM4
1
21
22
SIM5
SIM1
SIM2
SIM3
SIM4
1
21
22
SIM5
SIM1
SIM2
SIM3
SIM4
1
21
22
SIM5
SIM1
SIM2
SIM3
SIM4
1
21
22
SIM5
SIM1
SIM2
SIM3
SIM4
1
21
22
SIM5
SIM1
SIM2
SIM3
SIM4
1
21
22
SIM5
SIM1
SIM2
SIM3
SIM4
1
21
22
SIM5
SIM1
SIM2
SIM3
SIM4
1
21
22
SIM5
SIM1
SIM2
SIM3
SIM4
1
21
22
SIM5
SIM1
SIM2
SIM3
SIM4
1
21
22
SIM5
SIM1
SIM2
SIM3
SIM4
1
21
22
SIM5
SIM1
SIM2
SIM3
SIM4
1
21
22
SIM5
SIM1
SIM2
SIM3
SIM4
1
21
22
SIM5
SIM1
SIM2
SIM3
SIM4
1
21
22
SIM5
SIM1
SIM2
SIM3
SIM4
1
21
22
SIM5
SIM1
SIM2
SIM3
SIM4
1
21
22
SIM5
SIM1
SIM2
SIM3
SIM4
1
21
22
SIM5
SIM1
SIM2
SIM3
SIM4
1
21
22
SIM5
SIM1
SIM2
SIM3
SIM4
1
21
22
SIM5
SIM1
SIM2
SIM3
SIM4
1
21
22
SIM5
SIM1
SIM2
SIM3
SIM4
1
21
22
SIM5
SIM1
SIM2
SIM3
SIM4
1
21
22
SIM5
SIM1
SIM2
SIM3
SIM4
1
21
22
SIM5
SIM1
SIM2
SIM3
SIM4
1
21
22
SIM5
SIM1
SIM2
SIM3
SIM4
1
21
22
SIM5
SIM1
SIM2
SIM3
SIM4
1
21
22
SIM5
SIM1
SIM2
SIM3
SIM4
1
21
22
SIM5
SIM1
SIM2
SIM3
SIM4
1
21
22
SIM5
SIM1
SIM2
SIM3
SIM4
1
21
22
SIM5
SIM1
SIM2
SIM3
SIM4
1
21
22
SIM5
SIM1
SIM2
SIM3
SIM4
1
21
22
SIM5
SIM1
SIM2
SIM3
SIM4
1
21
22
SIM5
SIM1
SIM2
SIM3
SIM4
1
21
22
SIM5
SIM1
SIM2
SIM3
SIM4
1
21
22
SIM5
SIM1
SIM2
SIM3
SIM4
1
21
22
SIM5
SIM1
SIM2
SIM3
SIM4
1
21
22
SIM5
SIM1
SIM2
SIM3
SIM4
1
21
22
SIM5
SIM1
SIM2
SIM3
SIM4
1
21
22
SIM5
SIM1
SIM2
SIM3
SIM4
1
21
22
SIM5
SIM1
SIM2
SIM3
SIM4
1
21
22
SIM5
SIM1
SIM2
SIM3
SIM4
1
21
22
SIM5
SIM1
SIM2
SIM3
SIM4
1
21
22
SIM5
SIM1
SIM2
SIM3
SIM4
1
21
22
SIM5
SIM1
SIM2
SIM3
SIM4
1
21
22
SIM5
SIM1
SIM2
SIM3
SIM4
1
21
22
SIM5
SIM1
SIM2
SIM3
SIM4
1
21
22
SIM5
SIM1
SIM2
SIM3
SIM4
1
21
22
SIM5
SIM1
SIM2
SIM3
SIM4
1
21
22
SIM5
SIM1
SIM2
SIM3
SIM4
1
21
22
SIM5
SIM1
SIM2
SIM3
SIM4
1
21
22
SIM5
SIM1
SIM2
SIM3
SIM4
1
21
22
SIM5
SIM1
SIM2
SIM3
SIM4
1
21
22
SIM5
SIM1
SIM2
SIM3
SIM4
1
21
22
SIM5
SIM1
SIM2
SIM3
SIM4
1
21
22
SIM5
SIM1
SIM2
SIM3
SIM4
1
21
22
SIM5
SIM1
SIM2
SIM3
SIM4
1
21
22
SIM5
SIM1
SIM2
SIM3
SIM4
1
21
22
SIM5
SIM1
SIM2
SIM3
SIM4
1
21
22
SIM5
SIM1
SIM2
SIM3
SIM4
1
21
22
SIM5
SIM1
SIM2
SIM3
SIM4
1
21
22
SIM5
SIM1
SIM2
SIM3
SIM4
1
21
22
SIM5
SIM1
SIM2
SIM3
SIM4
1
21
22
SIM5
SIM1
SIM2
SIM3
SIM4
1
21
22
SIM5
SIM1
SIM2
SIM3
SIM4
1
21
22
SIM5
SIM1
SIM2
SIM3
SIM4
1
21
22
SIM5
SIM1
SIM2
SIM3
SIM4
1
21
22
SIM5
SIM1
SIM2
SIM3
SIM4
1
21
22
SIM5
SIM1
SIM2
SIM3
SIM4
1
21
22
SIM5
SIM1
SIM2
SIM3
SIM4
1
21
22
SIM5
SIM1
SIM2
SIM3
SIM4
1
21
22
SIM5
SIM1
SIM2
SIM3
SIM4
1
21
22
SIM5
SIM1
SIM2
SIM3
SIM4
1
21
22
SIM5
SIM1
SIM2
SIM3
SIM4
1
21
22
SIM5
SIM1
SIM2
SIM3
SIM4
1
21
22
SIM5
SIM1
SIM2
SIM3
SIM4
1
21
22
SIM5
SIM1
SIM2
SIM3
SIM4
1
21
22
SIM5
SIM1
SIM2
SIM3
SIM4
1
21
22
SIM5
SIM1
SIM2
SIM3
SIM4
1
21
22
SIM5
SIM1
SIM2
SIM3
SIM4
1
21
22
SIM5
SIM1
SIM2
SIM3
SIM4
1
21
22
SIM5
SIM1
SIM2
SIM3
SIM4
1
21
22
SIM5
SIM1
SIM2
SIM3
SIM4
1
21
22
SIM5
SIM1
SIM2
SIM3
SIM4
1
21
22
SIM5
SIM1
SIM2
SIM3
SIM4
1
21
22
SIM5
SIM1
SIM2
SIM3
SIM4
1
21
22
SIM5
SIM1
SIM2
SIM3
SIM4
1
21
22
SIM5
SIM1
SIM2
SIM3
SIM4
1
21
22
SIM5
SIM1
SIM2
SIM3
SIM4
1
21
22
SIM5
SIM1
SIM2
SIM3
SIM4
1
21
22
SIM5
SIM1
SIM2
SIM3
SIM4
1
21
22
SIM5
SIM1
SIM2
SIM3
SIM4
1
21
22
SIM5
SIM1
SIM2
SIM3
SIM4
1
21
22
SIM5
SIM1
SIM2
SIM3
SIM4
1
21
22
SIM5
SIM1
SIM2
SIM3
SIM4
1
21
22
SIM5
SIM1
SIM2
SIM3
SIM4
1
21
22
SIM5
SIM1
SIM2
SIM3
SIM4
1
21
22
SIM5
SIM1
SIM2
SIM3
SIM4
1
21
22
SIM5
SIM1
SIM2
SIM3
SIM4
1
21
22
SIM5
SIM1
SIM2
SIM3
SIM4
1
21
22
SIM5
SIM1
SIM2
SIM3
SIM4
1
21
22
SIM5
SIM1
SIM2
SIM3
SIM4
1
21
22
SIM5
SIM1
SIM2
SIM3
SIM4
1
21
22
SIM5
SIM1
SIM2
SIM3
SIM4
1
21
22
SIM5
SIM1
SIM2
SIM3
SIM4
1
21
22
SIM5
SIM1
SIM2
SIM3
SIM4
1
21
22
SIM5
SIM1
SIM2
SIM3
SIM4
1
21
22
SIM5
SIM1
SIM2
SIM3
SIM4
1
21
22
SIM5
SIM1
SIM2
SIM3
SIM4
1
21
22
SIM5
SIM1
SIM2
SIM3
SIM4
1
21
22
SIM5
SIM1
SIM2
SIM3
SIM4
1
21
22
SIM5
SIM1
SIM2
SIM3
SIM4
1
21
22
SIM5
SIM1
SIM2
SIM3
SIM4
1
21
22
SIM5
SIM1
SIM2
SIM3
SIM4
1
21
22
SIM5
SIM1
SIM2
SIM3
SIM4
1
21
22
SIM5
SIM1
SIM2
SIM3
SIM4
1
21
22
SIM5
SIM1
SIM2
SIM3
SIM4
1
21
22
SIM5
SIM1
SIM2
SIM3
SIM4
1
21
22
SIM5
SIM1
SIM2
SIM3
SIM4
1
21
22
SIM5
SIM1
SIM2
SIM3
SIM4
1
21
22
SIM5
SIM1
SIM2
SIM3
SIM4
1
21
22
SIM5
SIM1
SIM2
SIM3
SIM4
1
21
22
SIM5
SIM1
SIM2
SIM3
SIM4
1
21
22
SIM5
SIM1
SIM2
SIM3
SIM4
1
21
22
SIM5
SIM1
SIM2
SIM3
SIM4
1
21
22
SIM5
SIM1
SIM2
SIM3
SIM4
1
21
22
SIM5
SIM1
SIM2
SIM3
SIM4
1
21
22
SIM5
SIM1
SIM2
SIM3
SIM4
1
21
22
SIM5
SIM1
SIM2
SIM3
SIM4
1
21
22
SIM5
SIM1
SIM2
SIM3
SIM4
1
21
22
SIM5
SIM1
SIM2
SIM3
SIM4
1
21
22
SIM5
SIM1
SIM2
DEBUG 1 711
SIM1
SIM2
SIM3
SIM4
1
21
22
SIM5
SIM1
SIM2
SIM3
SIM4
1
21
22
SIM5
SIM1
SIM2
SIM3
SIM4
1
21
22
SIM5
SIM1
SIM2
SIM3
SIM4
1
21
22
SIM5
SIM1
SIM2
SIM3
SIM4
1
21
22
SIM5
SIM1
SIM2
SIM3
SIM4
1
21
22
SIM5
SIM1
SIM2
SIM3
SIM4
1
21
22
SIM5
SIM1
SIM2
SIM3
SIM4
1
21
22
SIM5
SIM1
SIM2
SIM3
SIM4
1
21
22
SIM5
SIM1
SIM2
SIM3
SIM4
1
21
22
SIM5
SIM1
SIM2
SIM3
SIM4
1
21
22
SIM5
SIM1
SIM2
SIM3
SIM4
1
21
22
SIM5
SIM1
SIM2
SIM3
SIM4
1
21
22
SIM5
SIM1
SIM2
SIM3
SIM4
1
21
22
SIM5
SIM1
SIM2
SIM3
SIM4
1
21
22
SIM5
SIM1
SIM2
SIM3
SIM4
1
21
22
SIM5
SIM1
SIM2
SIM3
SIM4
1
21
22
SIM5
SIM1
SIM2
SIM3
SIM4
1
21
22
SIM5
SIM1
SIM2
SIM3
SIM4
1
21
22
SIM5
SIM1
SIM2
SIM3
SIM4
1
21
22
SIM5
SIM1
SIM2
SIM3
SIM4
1
21
22
SIM5
SIM1
SIM2
SIM3
SIM4
1
21
22
SIM5
SIM1
SIM2
SIM3
SIM4
1
21
22
SIM5
SIM1
SIM2
SIM3
SIM4
1
21
22
SIM5
SIM1
SIM2
SIM3
SIM4
1
21
22
SIM5
SIM1
SIM2
SIM3
SIM4
1
21
22
SIM5
SIM1
SIM2
SIM3
SIM4
1
21
22
SIM5
SIM1
SIM2
SIM3
SIM4
1
21
22
SIM5
SIM1
SIM2
SIM3
SIM4
1
21
22
SIM5
SIM1
SIM2
SIM3
SIM4
1
21
22
SIM5
SIM1
SIM2
SIM3
SIM4
1
21
22
SIM5
SIM1
SIM2
SIM3
SIM4
1
21
22
SIM5
SIM1
SIM2
SIM3
SIM4
1
21
22
SIM5
SIM1
SIM2
SIM3
SIM4
1
21
22
SIM5
SIM1
SIM2
SIM3
SIM4
1
21
22
SIM5
SIM1
SIM2
SIM3
SIM4
1
21
22
SIM5
SIM1
SIM2
SIM3
SIM4
1
21
22
SIM5
SIM1
SIM2
SIM3
SIM4
1
21
22
SIM5
SIM1
SIM2
SIM3
SIM4
1
21
22
SIM5
SIM1
SIM2
SIM3
SIM4
1
21
22
SIM5
SIM1
SIM2
SIM3
SIM4
1
21
22
SIM5
SIM1
SIM2
SIM3
SIM4
1
21
22
SIM5
SIM1
SIM2
SIM3
SIM4
1
21
22
SIM5
SIM1
SIM2
SIM3
SIM4
1
21
22
SIM5
SIM1
SIM2
SIM3
SIM4
1
21
22
SIM5
SIM1
SIM2
SIM3
SIM4
1
21
22
SIM5
SIM1
SIM2
SIM3
SIM4
1
21
22
SIM5
SIM1
SIM2
SIM3
SIM4
1
21
22
SIM5
SIM1
SIM2
SIM3
SIM4
1
21
22
SIM5
SIM1
SIM2
SIM3
SIM4
1
21
22
SIM5
SIM1
SIM2
SIM3
SIM4
1
21
22
SIM5
SIM1
SIM2
SIM3
SIM4
1
21
22
SIM5
SIM1
SIM2
SIM3
SIM4
1
21
22
SIM5
SIM1
SIM2
SIM3
SIM4
1
21
22
SIM5
SIM1
SIM2
SIM3
SIM4
1
21
22
SIM5
SIM1
SIM2
SIM3
SIM4
1
21
22
SIM5
SIM1
SIM2
SIM3
SIM4
1
21
22
SIM5
SIM1
SIM2
SIM3
SIM4
1
21
22
SIM5
SIM1
SIM2
SIM3
SIM4
1
21
22
SIM5
SIM1
SIM2
SIM3
SIM4
1
21
22
SIM5
SIM1
SIM2
SIM3
SIM4
1
21
22
SIM5
SIM1
SIM2
SIM3
SIM4
1
21
22
SIM5
SIM1
SIM2
SIM3
SIM4
1
21
22
SIM5
SIM1
SIM2
SIM3
SIM4
1
21
22
SIM5
SIM1
SIM2
SIM3
SIM4
1
21
22
SIM5
SIM1
SIM2
SIM3
SIM4
1
21
22
SIM5
SIM1
SIM2
SIM3
SIM4
1
21
22
SIM5
SIM1
SIM2
SIM3
SIM4
1
21
22
SIM5
SIM1
SIM2
SIM3
SIM4
1
21
22
SIM5
SIM1
SIM2
SIM3
SIM4
1
21
22
SIM5
SIM1
SIM2
SIM3
SIM4
1
21
22
SIM5
SIM1
SIM2
SIM3
SIM4
1
21
22
SIM5
SIM1
SIM2
SIM3
SIM4
1
21
22
SIM5
SIM1
SIM2
SIM3
SIM4
1
21
22
SIM5
SIM1
SIM2
SIM3
SIM4
1
21
22
SIM5
SIM1
SIM2
SIM3
SIM4
1
21
22
SIM5
SIM1
SIM2
SIM3
SIM4
1
21
22
SIM5
SIM1
SIM2
SIM3
SIM4
1
21
22
SIM5
SIM1
SIM2
SIM3
SIM4
1
21
22
SIM5
SIM1
SIM2
SIM3
SIM4
1
21
22
SIM5
SIM1
SIM2
SIM3
SIM4
1
21
22
SIM5
SIM1
SIM2
SIM3
SIM4
1
21
22
SIM5
SIM1
SIM2
SIM3
SIM4
1
21
22
SIM5
SIM1
SIM2
SIM3
SIM4
1
21
22
SIM5
SIM1
SIM2
SIM3
SIM4
1
21
22
SIM5
SIM1
SIM2
SIM3
SIM4
1
21
22
SIM5
SIM1
SIM2
SIM3
SIM4
1
21
22
SIM5
SIM1
SIM2
SIM3
SIM4
1
21
22
SIM5
SIM1
SIM2
SIM3
SIM4
1
21
22
SIM5
SIM1
SIM2
SIM3
SIM4
1
21
22
SIM5
SIM1
SIM2
SIM3
SIM4
1
21
22
SIM5
SIM1
SIM2
SIM3
SIM4
1
21
22
SIM5
SIM1
SIM2
SIM3
SIM4
1
21
22
SIM5
SIM1
SIM2
SIM3
SIM4
1
21
22
SIM5
SIM1
SIM2
SIM3
SIM4
1
21
22
SIM5
SIM1
SIM2
SIM3
SIM4
1
21
22
SIM5
SIM1
SIM2
SIM3
SIM4
1
21
22
SIM5
SIM1
SIM2
SIM3
SIM4
1
21
22
SIM5
SIM1
SIM2
SIM3
SIM4
1
21
22
SIM5
SIM1
SIM2
SIM3
SIM4
1
21
22
SIM5
SIM1
SIM2
SIM3
SIM4
1
21
22
SIM5
SIM1
SIM2
SIM3
SIM4
1
21
22
SIM5
SIM1
SIM2
SIM3
SIM4
1
21
22
SIM5
SIM1
SIM2
SIM3
SIM4
1
21
22
SIM5
SIM1
SIM2
SIM3
SIM4
1
21
22
SIM5
SIM1
SIM2
SIM3
SIM4
1
21
22
SIM5
SIM1
SIM2
SIM3
SIM4
1
21
22
SIM5
SIM1
SIM2
SIM3
SIM4
1
21
22
SIM5
SIM1
SIM2
SIM3
SIM4
1
21
22
SIM5
SIM1
SIM2
SIM3
SIM4
1
21
22
SIM5
SIM1
SIM2
SIM3
SIM4
1
21
22
SIM5
SIM1
SIM2
SIM3
SIM4
1
21
22
SIM5
SIM1
SIM2
SIM3
SIM4
1
21
22
SIM5
SIM1
SIM2
SIM3
SIM4
1
21
22
SIM5
SIM1
SIM2
SIM3
SIM4
1
21
22
SIM5
SIM1
SIM2
SIM3
SIM4
1
21
22
SIM5
SIM1
SIM2
SIM3
SIM4
1
21
22
SIM5
SIM1
SIM2
SIM3
SIM4
1
21
22
SIM5
SIM1
SIM2
SIM3
SIM4
1
21
22
SIM5
SIM1
SIM2
SIM3
SIM4
1
21
22
SIM5
SIM1
SIM2
SIM3
SIM4
1
21
22
SIM5
SIM1
SIM2
SIM3
SIM4
1
21
22
SIM5
SIM1
SIM2
SIM3
SIM4
1
21
22
SIM5
SIM1
SIM2
SIM3
SIM4
1
21
22
SIM5
SIM1
SIM2
SIM3
SIM4
1
21
22
SIM5
SIM1
SIM2
SIM3
SIM4
1
21
22
SIM5
SIM1
SIM2
SIM3
SIM4
1
21
22
SIM5
SIM1
SIM2
SIM3
SIM4
1
21
22
SIM5
SIM1
SIM2
SIM3
SIM4
1
21
22
SIM5
SIM1
SIM2
SIM3
SIM4
1
21
22
SIM5
SIM1
SIM2
SIM3
SIM4
1
21
22
SIM5
SIM1
SIM2
SIM3
SIM4
1
21
22
SIM5
SIM1
SIM2
SIM3
SIM4
1
21
22
SIM5
SIM1
SIM2
SIM3
SIM4
1
21
22
SIM5
SIM1
SIM2
SIM3
SIM4
1
21
22
SIM5
SIM1
SIM2
SIM3
SIM4
1
21
22
SIM5
SIM1
SIM2
SIM3
SIM4
1
21
22
SIM5
SIM1
SIM2
SIM3
SIM4
1
21
22
SIM5
SIM1
SIM2
SIM3
SIM4
1
21
22
SIM5
SIM1
SIM2
SIM3
SIM4
1
21
22
SIM5
SIM1
SIM2
SIM3
SIM4
1
21
22
SIM5
SIM1
SIM2
SIM3
SIM4
1
21
22
SIM5
SIM1
SIM2
SIM3
SIM4
1
21
22
SIM5
SIM1
SIM2
SIM3
SIM4
1
21
22
SIM5
SIM1
SIM2
SIM3
SIM4
1
21
22
SIM5
SIM1
SIM2
SIM3
SIM4
1
21
22
SIM5
SIM1
SIM2
SIM3
SIM4
1
21
22
SIM5
SIM1
SIM2
SIM3
SIM4
1
21
22
SIM5
SIM1
SIM2
SIM3
SIM4
1
21
22
SIM5
SIM1
SIM2
SIM3
SIM4
1
21
22
SIM5
SIM1
SIM2
SIM3
SIM4
1
21
22
SIM5
SIM1
SIM2
SIM3
SIM4
1
21
22
SIM5
SIM1
SIM2
SIM3
SIM4
1
21
22
SIM5
SIM1
SIM2
SIM3
SIM4
1
21
22
SIM5
SIM1
SIM2
SIM3
SIM4
1
21
22
SIM5
SIM1
SIM2
SIM3
SIM4
1
21
22
SIM5
SIM1
SIM2
DEBUG 1 712
SIM1
SIM2
SIM3
SIM4
1
21
22
SIM5
SIM1
SIM2
SIM3
SIM4
1
21
22
SIM5
SIM1
SIM2
SIM3
SIM4
1
21
22
SIM5
SIM1
SIM2
SIM3
SIM4
1
21
22
SIM5
SIM1
SIM2
SIM3
SIM4
1
21
22
SIM5
SIM1
SIM2
SIM3
SIM4
1
21
22
SIM5
SIM1
SIM2
SIM3
SIM4
1
21
22
SIM5
SIM1
SIM2
SIM3
SIM4
1
21
22
SIM5
SIM1
SIM2
SIM3
SIM4
1
21
22
SIM5
SIM1
SIM2
SIM3
SIM4
1
21
22
SIM5
SIM1
SIM2
SIM3
SIM4
1
21
22
SIM5
SIM1
SIM2
SIM3
SIM4
1
21
22
SIM5
SIM1
SIM2
SIM3
SIM4
1
21
22
SIM5
SIM1
SIM2
SIM3
SIM4
1
21
22
SIM5
SIM1
SIM2
SIM3
SIM4
1
21
22
SIM5
SIM1
SIM2
SIM3
SIM4
1
21
22
SIM5
SIM1
SIM2
SIM3
SIM4
1
21
22
SIM5
SIM1
SIM2
SIM3
SIM4
1
21
22
SIM5
SIM1
SIM2
SIM3
SIM4
1
21
22
SIM5
SIM1
SIM2
SIM3
SIM4
1
21
22
SIM5
SIM1
SIM2
SIM3
SIM4
1
21
22
SIM5
SIM1
SIM2
SIM3
SIM4
1
21
22
SIM5
SIM1
SIM2
SIM3
SIM4
1
21
22
SIM5
SIM1
SIM2
SIM3
SIM4
1
21
22
SIM5
SIM1
SIM2
SIM3
SIM4
1
21
22
SIM5
SIM1
SIM2
SIM3
SIM4
1
21
22
SIM5
SIM1
SIM2
SIM3
SIM4
1
21
22
SIM5
SIM1
SIM2
SIM3
SIM4
1
21
22
SIM5
SIM1
SIM2
SIM3
SIM4
1
21
22
SIM5
SIM1
SIM2
SIM3
SIM4
1
21
22
SIM5
SIM1
SIM2
SIM3
SIM4
1
21
22
SIM5
SIM1
SIM2
SIM3
SIM4
1
21
22
SIM5
SIM1
SIM2
SIM3
SIM4
1
21
22
SIM5
SIM1
SIM2
SIM3
SIM4
1
21
22
SIM5
SIM1
SIM2
SIM3
SIM4
1
21
22
SIM5
SIM1
SIM2
SIM3
SIM4
1
21
22
SIM5
SIM1
SIM2
SIM3
SIM4
1
21
22
SIM5
SIM1
SIM2
SIM3
SIM4
1
21
22
SIM5
SIM1
SIM2
SIM3
SIM4
1
21
22
SIM5
SIM1
SIM2
SIM3
SIM4
1
21
22
SIM5
SIM1
SIM2
SIM3
SIM4
1
21
22
SIM5
SIM1
SIM2
SIM3
SIM4
1
21
22
SIM5
SIM1
SIM2
SIM3
SIM4
1
21
22
SIM5
SIM1
SIM2
SIM3
SIM4
1
21
22
SIM5
SIM1
SIM2
SIM3
SIM4
1
21
22
SIM5
SIM1
SIM2
SIM3
SIM4
1
21
22
SIM5
SIM1
SIM2
SIM3
SIM4
1
21
22
SIM5
SIM1
SIM2
SIM3
SIM4
1
21
22
SIM5
SIM1
SIM2
SIM3
SIM4
1
21
22
SIM5
SIM1
SIM2
SIM3
SIM4
1
21
22
SIM5
SIM1
SIM2
SIM3
SIM4
1
21
22
SIM5
SIM1
SIM2
SIM3
SIM4
1
21
22
SIM5
SIM1
SIM2
SIM3
SIM4
1
21
22
SIM5
SIM1
SIM2
SIM3
SIM4
1
21
22
SIM5
SIM1
SIM2
SIM3
SIM4
1
21
22
SIM5
SIM1
SIM2
SIM3
SIM4
1
21
22
SIM5
SIM1
SIM2
SIM3
SIM4
1
21
22
SIM5
SIM1
SIM2
SIM3
SIM4
1
21
22
SIM5
SIM1
SIM2
SIM3
SIM4
1
21
22
SIM5
SIM1
SIM2
SIM3
SIM4
1
21
22
SIM5
SIM1
SIM2
SIM3
SIM4
1
21
22
SIM5
SIM1
SIM2
SIM3
SIM4
1
21
22
SIM5
SIM1
SIM2
SIM3
SIM4
1
21
22
SIM5
SIM1
SIM2
SIM3
SIM4
1
21
22
SIM5
SIM1
SIM2
SIM3
SIM4
1
21
22
SIM5
SIM1
SIM2
SIM3
SIM4
1
21
22
SIM5
SIM1
SIM2
SIM3
SIM4
1
21
22
SIM5
SIM1
SIM2
SIM3
SIM4
1
21
22
SIM5
SIM1
SIM2
SIM3
SIM4
1
21
22
SIM5
SIM1
SIM2
SIM3
SIM4
1
21
22
SIM5
SIM1
SIM2
SIM3
SIM4
1
21
22
SIM5
SIM1
SIM2
SIM3
SIM4
1
21
22
SIM5
SIM1
SIM2
SIM3
SIM4
1
21
22
SIM5
SIM1
SIM2
SIM3
SIM4
1
21
22
SIM5
SIM1
SIM2
SIM3
SIM4
1
21
22
SIM5
SIM1
SIM2
SIM3
SIM4
1
21
22
SIM5
SIM1
SIM2
SIM3
SIM4
1
21
22
SIM5
SIM1
SIM2
SIM3
SIM4
1
21
22
SIM5
SIM1
SIM2
SIM3
SIM4
1
21
22
SIM5
SIM1
SIM2
SIM3
SIM4
1
21
22
SIM5
SIM1
SIM2
SIM3
SIM4
1
21
22
SIM5
SIM1
SIM2
SIM3
SIM4
1
21
22
SIM5
SIM1
SIM2
DEBUG 1 713
SIM1
SIM2
SIM3
SIM4
1
21
22
SIM5
SIM1
SIM2
SIM3
SIM4
1
21
22
SIM5
SIM1
SIM2
SIM3
SIM4
1
21
22
SIM5
SIM1
SIM2
SIM3
SIM4
1
21
22
SIM5
SIM1
SIM2
SIM3
SIM4
1
21
22
SIM5
SIM1
SIM2
SIM3
SIM4
1
21
22
SIM5
SIM1
SIM2
SIM3
SIM4
1
21
22
SIM5
SIM1
SIM2
SIM3
SIM4
1
21
22
SIM5
SIM1
SIM2
SIM3
SIM4
1
21
22
SIM5
SIM1
SIM2
SIM3
SIM4
1
21
22
SIM5
SIM1
SIM2
SIM3
SIM4
1
21
22
SIM5
SIM1
SIM2
SIM3
SIM4
1
21
22
SIM5
SIM1
SIM2
SIM3
SIM4
1
21
22
SIM5
SIM1
SIM2
SIM3
SIM4
1
21
22
SIM5
SIM1
SIM2
SIM3
SIM4
1
21
22
SIM5
SIM1
SIM2
SIM3
SIM4
1
21
22
SIM5
SIM1
SIM2
SIM3
SIM4
1
21
22
SIM5
SIM1
SIM2
SIM3
SIM4
1
21
22
SIM5
SIM1
SIM2
SIM3
SIM4
1
21
22
SIM5
SIM1
SIM2
SIM3
SIM4
1
21
22
SIM5
SIM1
SIM2
SIM3
SIM4
1
21
22
SIM5
SIM1
SIM2
SIM3
SIM4
1
21
22
SIM5
SIM1
SIM2
SIM3
SIM4
1
21
22
SIM5
SIM1
SIM2
SIM3
SIM4
1
21
22
SIM5
SIM1
SIM2
SIM3
SIM4
1
21
22
SIM5
SIM1
SIM2
SIM3
SIM4
1
21
22
SIM5
SIM1
SIM2
SIM3
SIM4
1
21
22
SIM5
SIM1
SIM2
SIM3
SIM4
1
21
22
SIM5
SIM1
SIM2
SIM3
SIM4
1
21
22
SIM5
SIM1
SIM2
SIM3
SIM4
1
21
22
SIM5
SIM1
SIM2
SIM3
SIM4
1
21
22
SIM5
SIM1
SIM2
SIM3
SIM4
1
21
22
SIM5
SIM1
SIM2
SIM3
SIM4
1
21
22
SIM5
SIM1
SIM2
SIM3
SIM4
1
21
22
SIM5
SIM1
SIM2
SIM3
SIM4
1
21
22
SIM5
SIM1
SIM2
SIM3
SIM4
1
21
22
SIM5
SIM1
SIM2
SIM3
SIM4
1
21
22
SIM5
SIM1
SIM2
SIM3
SIM4
1
21
22
SIM5
SIM1
SIM2
SIM3
SIM4
1
21
22
SIM5
SIM1
SIM2
SIM3
SIM4
1
21
22
SIM5
SIM1
SIM2
SIM3
SIM4
1
21
22
SIM5
SIM1
SIM2
SIM3
SIM4
1
21
22
SIM5
SIM1
SIM2
SIM3
SIM4
1
21
22
SIM5
SIM1
SIM2
SIM3
SIM4
1
21
22
SIM5
SIM1
SIM2
SIM3
SIM4
1
21
22
SIM5
SIM1
SIM2
SIM3
SIM4
1
21
22
SIM5
SIM1
SIM2
SIM3
SIM4
1
21
22
SIM5
SIM1
SIM2
SIM3
SIM4
1
21
22
SIM5
SIM1
SIM2
SIM3
SIM4
1
21
22
SIM5
SIM1
SIM2
SIM3
SIM4
1
21
22
SIM5
SIM1
SIM2
SIM3
SIM4
1
21
22
SIM5
SIM1
SIM2
SIM3
SIM4
1
21
22
SIM5
SIM1
SIM2
SIM3
SIM4
1
21
22
SIM5
SIM1
SIM2
SIM3
SIM4
1
21
22
SIM5
SIM1
SIM2
SIM3
SIM4
1
21
22
SIM5
SIM1
SIM2
SIM3
SIM4
1
21
22
SIM5
SIM1
SIM2
SIM3
SIM4
1
21
22
SIM5
SIM1
SIM2
SIM3
SIM4
1
21
22
SIM5
SIM1
SIM2
SIM3
SIM4
1
21
22
SIM5
SIM1
SIM2
SIM3
SIM4
1
21
22
SIM5
SIM1
SIM2
SIM3
SIM4
1
21
22
SIM5
SIM1
SIM2
SIM3
SIM4
1
21
22
SIM5
SIM1
SIM2
SIM3
SIM4
1
21
22
SIM5
SIM1
SIM2
SIM3
SIM4
1
21
22
SIM5
SIM1
SIM2
SIM3
SIM4
1
21
22
SIM5
SIM1
SIM2
SIM3
SIM4
1
21
22
SIM5
SIM1
SIM2
SIM3
SIM4
1
21
22
SIM5
SIM1
SIM2
SIM3
SIM4
1
21
22
SIM5
SIM1
SIM2
SIM3
SIM4
1
21
22
SIM5
SIM1
SIM2
SIM3
SIM4
1
21
22
SIM5
SIM1
SIM2
SIM3
SIM4
1
21
22
SIM5
SIM1
SIM2
SIM3
SIM4
1
21
22
SIM5
SIM1
SIM2
SIM3
SIM4
1
21
22
SIM5
SIM1
SIM2
SIM3
SIM4
1
21
22
SIM5
SIM1
SIM2
SIM3
SIM4
1
21
22
SIM5
SIM1
SIM2
SIM3
SIM4
1
21
22
SIM5
SIM1
SIM2
SIM3
SIM4
1
21
22
SIM5
SIM1
SIM2
SIM3
SIM4
1
21
22
SIM5
SIM1
SIM2
SIM3
SIM4
1
21
22
SIM5
SIM1
SIM2
SIM3
SIM4
1
21
22
SIM5
SIM1
SIM2
SIM3
SIM4
1
21
22
SIM5
SIM1
SIM2
SIM3
SIM4
1
21
22
SIM5
SIM1
SIM2
SIM3
SIM4
1
21
22
SIM5
SIM1
SIM2
SIM3
SIM4
1
21
22
SIM5
SIM1
SIM2
SIM3
SIM4
1
21
22
SIM5
SIM1
SIM2
SIM3
SIM4
1
21
22
SIM5
SIM1
SIM2
SIM3
SIM4
1
21
22
SIM5
SIM1
SIM2
SIM3
SIM4
1
21
22
SIM5
SIM1
SIM2
SIM3
SIM4
1
21
22
SIM5
SIM1
SIM2
SIM3
SIM4
1
21
22
SIM5
SIM1
SIM2
SIM3
SIM4
1
21
22
SIM5
SIM1
SIM2
SIM3
SIM4
1
21
22
SIM5
SIM1
SIM2
SIM3
SIM4
1
21
22
SIM5
SIM1
SIM2
SIM3
SIM4
1
21
22
SIM5
SIM1
SIM2
SIM3
SIM4
1
21
22
SIM5
SIM1
SIM2
SIM3
SIM4
1
21
22
SIM5
SIM1
SIM2
SIM3
SIM4
1
21
22
SIM5
SIM1
SIM2
SIM3
SIM4
1
21
22
SIM5
SIM1
SIM2
SIM3
SIM4
1
21
22
SIM5
SIM1
SIM2
SIM3
SIM4
1
21
22
SIM5
SIM1
SIM2
SIM3
SIM4
1
21
22
SIM5
SIM1
SIM2
SIM3
SIM4
1
21
22
SIM5
SIM1
SIM2
SIM3
SIM4
1
21
22
SIM5
SIM1
SIM2
SIM3
SIM4
1
21
22
SIM5
SIM1
SIM2
SIM3
SIM4
1
21
22
SIM5
SIM1
SIM2
SIM3
SIM4
1
21
22
SIM5
SIM1
SIM2
SIM3
SIM4
1
21
22
SIM5
SIM1
SIM2
SIM3
SIM4
1
21
22
SIM5
SIM1
SIM2
SIM3
SIM4
1
21
22
SIM5
SIM1
SIM2
SIM3
SIM4
1
21
22
SIM5
SIM1
SIM2
SIM3
SIM4
1
21
22
SIM5
SIM1
SIM2
SIM3
SIM4
1
21
22
SIM5
SIM1
SIM2
SIM3
SIM4
1
21
22
SIM5
SIM1
SIM2
SIM3
SIM4
1
21
22
SIM5
SIM1
SIM2
SIM3
SIM4
1
21
22
SIM5
SIM1
SIM2
SIM3
SIM4
1
21
22
SIM5
SIM1
SIM2
SIM3
SIM4
1
21
22
SIM5
SIM1
SIM2
SIM3
SIM4
1
21
22
SIM5
SIM1
SIM2
SIM3
SIM4
1
21
22
SIM5
SIM1
SIM2
SIM3
SIM4
1
21
22
SIM5
SIM1
SIM2
SIM3
SIM4
1
21
22
SIM5
SIM1
SIM2
SIM3
SIM4
1
21
22
SIM5
SIM1
SIM2
SIM3
SIM4
1
21
22
SIM5
SIM1
SIM2
SIM3
SIM4
1
21
22
SIM5
SIM1
SIM2
SIM3
SIM4
1
21
22
SIM5
SIM1
SIM2
SIM3
SIM4
1
21
22
SIM5
SIM1
SIM2
SIM3
SIM4
1
21
22
SIM5
SIM1
SIM2
SIM3
SIM4
1
21
22
SIM5
SIM1
SIM2
SIM3
SIM4
1
21
22
SIM5
SIM1
SIM2
SIM3
SIM4
1
21
22
SIM5
SIM1
SIM2
SIM3
SIM4
1
21
22
SIM5
SIM1
SIM2
SIM3
SIM4
1
21
22
SIM5
SIM1
SIM2
SIM3
SIM4
1
21
22
SIM5
SIM1
SIM2
SIM3
SIM4
1
21
22
SIM5
SIM1
SIM2
SIM3
SIM4
1
21
22
SIM5
SIM1
SIM2
SIM3
SIM4
1
21
22
SIM5
SIM1
SIM2
SIM3
SIM4
1
21
22
SIM5
SIM1
SIM2
SIM3
SIM4
1
21
22
SIM5
SIM1
SIM2
SIM3
SIM4
1
21
22
SIM5
SIM1
SIM2
SIM3
SIM4
1
21
22
SIM5
SIM1
SIM2
SIM3
SIM4
1
21
22
SIM5
SIM1
SIM2
SIM3
SIM4
1
21
22
SIM5
SIM1
SIM2
SIM3
SIM4
1
21
22
SIM5
SIM1
SIM2
SIM3
SIM4
1
21
22
SIM5
SIM1
SIM2
SIM3
SIM4
1
21
22
SIM5
SIM1
SIM2
SIM3
SIM4
1
21
22
SIM5
SIM1
SIM2
SIM3
SIM4
1
21
22
SIM5
SIM1
SIM2
SIM3
SIM4
1
21
22
SIM5
SIM1
SIM2
SIM3
SIM4
1
21
22
SIM5
SIM1
SIM2
SIM3
SIM4
1
21
22
SIM5
SIM1
SIM2
SIM3
SIM4
1
21
22
SIM5
SIM1
SIM2
DEBUG 1 714
SIM1
SIM2
SIM3
SIM4
1
21
22
SIM5
SIM1
SIM2
SIM3
SIM4
1
21
22
SIM5
SIM1
SIM2
SIM3
SIM4
1
21
22
SIM5
SIM1
SIM2
SIM3
SIM4
1
21
22
SIM5
SIM1
SIM2
SIM3
SIM4
1
21
22
SIM5
SIM1
SIM2
SIM3
SIM4
1
21
22
SIM5
SIM1
SIM2
SIM3
SIM4
1
21
22
SIM5
SIM1
SIM2
SIM3
SIM4
1
21
22
SIM5
SIM1
SIM2
SIM3
SIM4
1
21
22
SIM5
SIM1
SIM2
SIM3
SIM4
1
21
22
SIM5
SIM1
SIM2
SIM3
SIM4
1
21
22
SIM5
SIM1
SIM2
SIM3
SIM4
1
21
22
SIM5
SIM1
SIM2
SIM3
SIM4
1
21
22
SIM5
SIM1
SIM2
SIM3
SIM4
1
21
22
SIM5
SIM1
SIM2
SIM3
SIM4
1
21
22
SIM5
SIM1
SIM2
SIM3
SIM4
1
21
22
SIM5
SIM1
SIM2
SIM3
SIM4
1
21
22
SIM5
SIM1
SIM2
SIM3
SIM4
1
21
22
SIM5
SIM1
SIM2
SIM3
SIM4
1
21
22
SIM5
SIM1
SIM2
SIM3
SIM4
1
21
22
SIM5
SIM1
SIM2
SIM3
SIM4
1
21
22
SIM5
SIM1
SIM2
SIM3
SIM4
1
21
22
SIM5
SIM1
SIM2
SIM3
SIM4
1
21
22
SIM5
SIM1
SIM2
SIM3
SIM4
1
21
22
SIM5
SIM1
SIM2
SIM3
SIM4
1
21
22
SIM5
SIM1
SIM2
SIM3
SIM4
1
21
22
SIM5
SIM1
SIM2
SIM3
SIM4
1
21
22
SIM5
SIM1
SIM2
SIM3
SIM4
1
21
22
SIM5
SIM1
SIM2
SIM3
SIM4
1
21
22
SIM5
SIM1
SIM2
SIM3
SIM4
1
21
22
SIM5
SIM1
SIM2
SIM3
SIM4
1
21
22
SIM5
SIM1
SIM2
SIM3
SIM4
1
21
22
SIM5
SIM1
SIM2
SIM3
SIM4
1
21
22
SIM5
SIM1
SIM2
SIM3
SIM4
1
21
22
SIM5
SIM1
SIM2
SIM3
SIM4
1
21
22
SIM5
SIM1
SIM2
SIM3
SIM4
1
21
22
SIM5
SIM1
SIM2
SIM3
SIM4
1
21
22
SIM5
SIM1
SIM2
SIM3
SIM4
1
21
22
SIM5
SIM1
SIM2
SIM3
SIM4
1
21
22
SIM5
SIM1
SIM2
SIM3
SIM4
1
21
22
SIM5
SIM1
SIM2
SIM3
SIM4
1
21
22
SIM5
SIM1
SIM2
SIM3
SIM4
1
21
22
SIM5
SIM1
SIM2
SIM3
SIM4
1
21
22
SIM5
SIM1
SIM2
SIM3
SIM4
1
21
22
SIM5
SIM1
SIM2
SIM3
SIM4
1
21
22
SIM5
SIM1
SIM2
SIM3
SIM4
1
21
22
SIM5
SIM1
SIM2
SIM3
SIM4
1
21
22
SIM5
SIM1
SIM2
SIM3
SIM4
1
21
22
SIM5
SIM1
SIM2
SIM3
SIM4
1
21
22
SIM5
SIM1
SIM2
SIM3
SIM4
1
21
22
SIM5
SIM1
SIM2
SIM3
SIM4
1
21
22
SIM5
SIM1
SIM2
SIM3
SIM4
1
21
22
SIM5
SIM1
SIM2
SIM3
SIM4
1
21
22
SIM5
SIM1
SIM2
SIM3
SIM4
1
21
22
SIM5
SIM1
SIM2
SIM3
SIM4
1
21
22
SIM5
SIM1
SIM2
SIM3
SIM4
1
21
22
SIM5
SIM1
SIM2
SIM3
SIM4
1
21
22
SIM5
SIM1
SIM2
SIM3
SIM4
1
21
22
SIM5
SIM1
SIM2
SIM3
SIM4
1
21
22
SIM5
SIM1
SIM2
SIM3
SIM4
1
21
22
SIM5
SIM1
SIM2
SIM3
SIM4
1
21
22
SIM5
SIM1
SIM2
SIM3
SIM4
1
21
22
SIM5
SIM1
SIM2
SIM3
SIM4
1
21
22
SIM5
SIM1
SIM2
SIM3
SIM4
1
21
22
SIM5
SIM1
SIM2
SIM3
SIM4
1
21
22
SIM5
SIM1
SIM2
SIM3
SIM4
1
21
22
SIM5
SIM1
SIM2
SIM3
SIM4
1
21
22
SIM5
SIM1
SIM2
SIM3
SIM4
1
21
22
SIM5
SIM1
SIM2
SIM3
SIM4
1
21
22
SIM5
SIM1
SIM2
SIM3
SIM4
1
21
22
SIM5
SIM1
SIM2
SIM3
SIM4
1
21
22
SIM5
SIM1
SIM2
SIM3
SIM4
1
21
22
SIM5
SIM1
SIM2
SIM3
SIM4
1
21
22
SIM5
SIM1
SIM2
SIM3
SIM4
1
21
22
SIM5
SIM1
SIM2
SIM3
SIM4
1
21
22
SIM5
SIM1
SIM2
SIM3
SIM4
1
21
22
SIM5
SIM1
SIM2
SIM3
SIM4
1
21
22
SIM5
SIM1
SIM2
SIM3
SIM4
1
21
22
SIM5
SIM1
SIM2
SIM3
SIM4
1
21
22
SIM5
SIM1
SIM2
SIM3
SIM4
1
21
22
SIM5
SIM1
SIM2
SIM3
SIM4
1
21
22
SIM5
SIM1
SIM2
SIM3
SIM4
1
21
22
SIM5
SIM1
SIM2
SIM3
SIM4
1
21
22
SIM5
SIM1
SIM2
SIM3
SIM4
1
21
22
SIM5
SIM1
SIM2
SIM3
SIM4
1
21
22
SIM5
SIM1
SIM2
SIM3
SIM4
1
21
22
SIM5
SIM1
SIM2
SIM3
SIM4
1
21
22
SIM5
SIM1
SIM2
SIM3
SIM4
1
21
22
SIM5
SIM1
SIM2
SIM3
SIM4
1
21
22
SIM5
SIM1
SIM2
SIM3
SIM4
1
21
22
SIM5
SIM1
SIM2
SIM3
SIM4
1
21
22
SIM5
SIM1
SIM2
SIM3
SIM4
1
21
22
SIM5
SIM1
SIM2
SIM3
SIM4
1
21
22
SIM5
SIM1
SIM2
SIM3
SIM4
1
21
22
SIM5
SIM1
SIM2
SIM3
SIM4
1
21
22
SIM5
SIM1
SIM2
SIM3
SIM4
1
21
22
SIM5
SIM1
SIM2
SIM3
SIM4
1
21
22
SIM5
SIM1
SIM2
SIM3
SIM4
1
21
22
SIM5
SIM1
SIM2
SIM3
SIM4
1
21
22
SIM5
SIM1
SIM2
SIM3
SIM4
1
21
22
SIM5
SIM1
SIM2
SIM3
SIM4
1
21
22
SIM5
SIM1
SIM2
SIM3
SIM4
1
21
22
SIM5
SIM1
SIM2
SIM3
SIM4
1
21
22
SIM5
SIM1
SIM2
SIM3
SIM4
1
21
22
SIM5
SIM1
SIM2
SIM3
SIM4
1
21
22
SIM5
SIM1
SIM2
SIM3
SIM4
1
21
22
SIM5
SIM1
SIM2
SIM3
SIM4
1
21
22
SIM5
SIM1
SIM2
SIM3
SIM4
1
21
22
SIM5
SIM1
SIM2
SIM3
SIM4
1
21
22
SIM5
SIM1
SIM2
SIM3
SIM4
1
21
22
SIM5
SIM1
SIM2
SIM3
SIM4
1
21
22
SIM5
SIM1
SIM2
SIM3
SIM4
1
21
22
SIM5
SIM1
SIM2
SIM3
SIM4
1
21
22
SIM5
SIM1
SIM2
SIM3
SIM4
1
21
22
SIM5
SIM1
SIM2
SIM3
SIM4
1
21
22
SIM5
SIM1
SIM2
SIM3
SIM4
1
21
22
SIM5
SIM1
SIM2
SIM3
SIM4
1
21
22
SIM5
SIM1
SIM2
SIM3
SIM4
1
21
22
SIM5
SIM1
SIM2
SIM3
SIM4
1
21
22
SIM5
SIM1
SIM2
SIM3
SIM4
1
21
22
SIM5
SIM1
SIM2
SIM3
SIM4
1
21
22
SIM5
SIM1
SIM2
SIM3
SIM4
1
21
22
SIM5
SIM1
SIM2
SIM3
SIM4
1
21
22
SIM5
SIM1
SIM2
SIM3
SIM4
1
21
22
SIM5
SIM1
SIM2
SIM3
SIM4
1
21
22
SIM5
SIM1
SIM2
SIM3
SIM4
1
21
22
SIM5
SIM1
SIM2
SIM3
SIM4
1
21
22
SIM5
SIM1
SIM2
SIM3
SIM4
1
21
22
SIM5
SIM1
SIM2
SIM3
SIM4
1
21
22
SIM5
SIM1
SIM2
SIM3
SIM4
1
21
22
SIM5
SIM1
SIM2
SIM3
SIM4
1
21
22
SIM5
SIM1
SIM2
SIM3
SIM4
1
21
22
SIM5
SIM1
SIM2
SIM3
SIM4
1
21
22
SIM5
SIM1
SIM2
SIM3
SIM4
1
21
22
SIM5
SIM1
SIM2
SIM3
SIM4
1
21
22
SIM5
SIM1
SIM2
SIM3
SIM4
1
21
22
SIM5
SIM1
SIM2
SIM3
SIM4
1
21
22
SIM5
SIM1
SIM2
SIM3
SIM4
1
21
22
SIM5
SIM1
SIM2
SIM3
SIM4
1
21
22
SIM5
SIM1
SIM2
SIM3
SIM4
1
21
22
SIM5
SIM1
SIM2
SIM3
SIM4
1
21
22
SIM5
SIM1
SIM2
SIM3
SIM4
1
21
22
SIM5
SIM1
SIM2
SIM3
SIM4
1
21
22
SIM5
SIM1
SIM2
SIM3
SIM4
1
21
22
SIM5
SIM1
SIM2
SIM3
SIM4
1
21
22
SIM5
SIM1
SIM2
SIM3
SIM4
1
21
22
SIM5
SIM1
SIM2
SIM3
SIM4
1
21
22
SIM5
SIM1
SIM2
SIM3
SIM4
1
21
22
SIM5
SIM1
SIM2
SIM3
SIM4
1
21
22
SIM5
SIM1
SIM2
SIM3
SIM4
1
21
22
SIM5
SIM1
SIM2
SIM3
SIM4
1
21
22
SIM5
SIM1
SIM2
SIM3
SIM4
1
21
22
SIM5
SIM1
SIM2
SIM3
SIM4
1
21
22
SIM5
SIM1
SIM2
SIM3
SIM4
1
21
22
SIM5
SIM1
SIM2
SIM3
SIM4
1
21
22
SIM5
SIM1
SIM2
SIM3
SIM4
1
21
22
SIM5
SIM1
SIM2
SIM3
SIM4
1
21
22
SIM5
SIM1
SIM2
SIM3
SIM4
1
21
22
SIM5
SIM1
SIM2
SIM3
SIM4
1
21
22
SIM5
SIM1
SIM2
SIM3
SIM4
1
21
22
SIM5
SIM1
SIM2
SIM3
SIM4
1
21
22
SIM5
SIM1
SIM2
DEBUG 1 715
SIM1
SIM2
SIM3
SIM4
1
21
22
SIM5
SIM1
SIM2
SIM3
SIM4
1
21
22
SIM5
SIM1
SIM2
SIM3
SIM4
1
21
22
SIM5
SIM1
SIM2
SIM3
SIM4
1
21
22
SIM5
SIM1
SIM2
SIM3
SIM4
1
21
22
SIM5
SIM1
SIM2
SIM3
SIM4
1
21
22
SIM5
SIM1
SIM2
SIM3
SIM4
1
21
22
SIM5
SIM1
SIM2
SIM3
SIM4
1
21
22
SIM5
SIM1
SIM2
SIM3
SIM4
1
21
22
SIM5
SIM1
SIM2
SIM3
SIM4
1
21
22
SIM5
SIM1
SIM2
SIM3
SIM4
1
21
22
SIM5
SIM1
SIM2
SIM3
SIM4
1
21
22
SIM5
SIM1
SIM2
SIM3
SIM4
1
21
22
SIM5
SIM1
SIM2
SIM3
SIM4
1
21
22
SIM5
SIM1
SIM2
SIM3
SIM4
1
21
22
SIM5
SIM1
SIM2
SIM3
SIM4
1
21
22
SIM5
SIM1
SIM2
SIM3
SIM4
1
21
22
SIM5
SIM1
SIM2
SIM3
SIM4
1
21
22
SIM5
SIM1
SIM2
SIM3
SIM4
1
21
22
SIM5
SIM1
SIM2
SIM3
SIM4
1
21
22
SIM5
SIM1
SIM2
SIM3
SIM4
1
21
22
SIM5
SIM1
SIM2
SIM3
SIM4
1
21
22
SIM5
SIM1
SIM2
SIM3
SIM4
1
21
22
SIM5
SIM1
SIM2
SIM3
SIM4
1
21
22
SIM5
SIM1
SIM2
SIM3
SIM4
1
21
22
SIM5
SIM1
SIM2
SIM3
SIM4
1
21
22
SIM5
SIM1
SIM2
SIM3
SIM4
1
21
22
SIM5
SIM1
SIM2
SIM3
SIM4
1
21
22
SIM5
SIM1
SIM2
SIM3
SIM4
1
21
22
SIM5
SIM1
SIM2
SIM3
SIM4
1
21
22
SIM5
SIM1
SIM2
SIM3
SIM4
1
21
22
SIM5
SIM1
SIM2
SIM3
SIM4
1
21
22
SIM5
SIM1
SIM2
SIM3
SIM4
1
21
22
SIM5
SIM1
SIM2
SIM3
SIM4
1
21
22
SIM5
SIM1
SIM2
SIM3
SIM4
1
21
22
SIM5
SIM1
SIM2
SIM3
SIM4
1
21
22
SIM5
SIM1
SIM2
SIM3
SIM4
1
21
22
SIM5
SIM1
SIM2
SIM3
SIM4
1
21
22
SIM5
SIM1
SIM2
SIM3
SIM4
1
21
22
SIM5
SIM1
SIM2
SIM3
SIM4
1
21
22
SIM5
SIM1
SIM2
SIM3
SIM4
1
21
22
SIM5
SIM1
SIM2
SIM3
SIM4
1
21
22
SIM5
SIM1
SIM2
SIM3
SIM4
1
21
22
SIM5
SIM1
SIM2
SIM3
SIM4
1
21
22
SIM5
SIM1
SIM2
SIM3
SIM4
1
21
22
SIM5
SIM1
SIM2
SIM3
SIM4
1
21
22
SIM5
SIM1
SIM2
SIM3
SIM4
1
21
22
SIM5
SIM1
SIM2
SIM3
SIM4
1
21
22
SIM5
SIM1
SIM2
SIM3
SIM4
1
21
22
SIM5
SIM1
SIM2
SIM3
SIM4
1
21
22
SIM5
SIM1
SIM2
SIM3
SIM4
1
21
22
SIM5
SIM1
SIM2
SIM3
SIM4
1
21
22
SIM5
SIM1
SIM2
SIM3
SIM4
1
21
22
SIM5
SIM1
SIM2
SIM3
SIM4
1
21
22
SIM5
SIM1
SIM2
SIM3
SIM4
1
21
22
SIM5
SIM1
SIM2
SIM3
SIM4
1
21
22
SIM5
SIM1
SIM2
SIM3
SIM4
1
21
22
SIM5
SIM1
SIM2
SIM3
SIM4
1
21
22
SIM5
SIM1
SIM2
SIM3
SIM4
1
21
22
SIM5
SIM1
SIM2
SIM3
SIM4
1
21
22
SIM5
SIM1
SIM2
SIM3
SIM4
1
21
22
SIM5
SIM1
SIM2
SIM3
SIM4
1
21
22
SIM5
SIM1
SIM2
SIM3
SIM4
1
21
22
SIM5
SIM1
SIM2
SIM3
SIM4
1
21
22
SIM5
SIM1
SIM2
SIM3
SIM4
1
21
22
SIM5
SIM1
SIM2
SIM3
SIM4
1
21
22
SIM5
SIM1
SIM2
SIM3
SIM4
1
21
22
SIM5
SIM1
SIM2
SIM3
SIM4
1
21
22
SIM5
SIM1
SIM2
SIM3
SIM4
1
21
22
SIM5
SIM1
SIM2
SIM3
SIM4
1
21
22
SIM5
SIM1
SIM2
SIM3
SIM4
1
21
22
SIM5
SIM1
SIM2
SIM3
SIM4
1
21
22
SIM5
SIM1
SIM2
SIM3
SIM4
1
21
22
SIM5
SIM1
SIM2
SIM3
SIM4
1
21
22
SIM5
SIM1
SIM2
SIM3
SIM4
1
21
22
SIM5
SIM1
SIM2
SIM3
SIM4
1
21
22
SIM5
SIM1
SIM2
SIM3
SIM4
1
21
22
SIM5
SIM1
SIM2
SIM3
SIM4
1
21
22
SIM5
SIM1
SIM2
SIM3
SIM4
1
21
22
SIM5
SIM1
SIM2
SIM3
SIM4
1
21
22
SIM5
SIM1
SIM2
SIM3
SIM4
1
21
22
SIM5
SIM1
SIM2
SIM3
SIM4
1
21
22
SIM5
SIM1
SIM2
SIM3
SIM4
1
21
22
SIM5
SIM1
SIM2
SIM3
SIM4
1
21
22
SIM5
SIM1
SIM2
SIM3
SIM4
1
21
22
SIM5
SIM1
SIM2
SIM3
SIM4
1
21
22
SIM5
SIM1
SIM2
SIM3
SIM4
1
21
22
SIM5
SIM1
SIM2
SIM3
SIM4
1
21
22
SIM5
SIM1
SIM2
SIM3
SIM4
1
21
22
SIM5
SIM1
SIM2
SIM3
SIM4
1
21
22
SIM5
SIM1
SIM2
SIM3
SIM4
1
21
22
SIM5
SIM1
SIM2
SIM3
SIM4
1
21
22
SIM5
SIM1
SIM2
SIM3
SIM4
1
21
22
SIM5
SIM1
SIM2
SIM3
SIM4
1
21
22
SIM5
SIM1
SIM2
SIM3
SIM4
1
21
22
SIM5
SIM1
SIM2
SIM3
SIM4
1
21
22
SIM5
SIM1
SIM2
SIM3
SIM4
1
21
22
SIM5
SIM1
SIM2
SIM3
SIM4
1
21
22
SIM5
SIM1
SIM2
SIM3
SIM4
1
21
22
SIM5
SIM1
SIM2
SIM3
SIM4
1
21
22
SIM5
SIM1
SIM2
SIM3
SIM4
1
21
22
SIM5
SIM1
SIM2
SIM3
SIM4
1
21
22
SIM5
SIM1
SIM2
SIM3
SIM4
1
21
22
SIM5
SIM1
SIM2
SIM3
SIM4
1
21
22
SIM5
SIM1
SIM2
SIM3
SIM4
1
21
22
SIM5
SIM1
SIM2
SIM3
SIM4
1
21
22
SIM5
SIM1
SIM2
SIM3
SIM4
1
21
22
SIM5
SIM1
SIM2
SIM3
SIM4
1
21
22
SIM5
SIM1
SIM2
SIM3
SIM4
1
21
22
SIM5
SIM1
SIM2
SIM3
SIM4
1
21
22
SIM5
SIM1
SIM2
SIM3
SIM4
1
21
22
SIM5
SIM1
SIM2
SIM3
SIM4
1
21
22
SIM5
SIM1
SIM2
SIM3
SIM4
1
21
22
SIM5
SIM1
SIM2
SIM3
SIM4
1
21
22
SIM5
SIM1
SIM2
SIM3
SIM4
1
21
22
SIM5
SIM1
SIM2
SIM3
SIM4
1
21
22
SIM5
SIM1
SIM2
SIM3
SIM4
1
21
22
SIM5
SIM1
SIM2
SIM3
SIM4
1
21
22
SIM5
SIM1
SIM2
SIM3
SIM4
1
21
22
SIM5
SIM1
SIM2
SIM3
SIM4
1
21
22
SIM5
SIM1
SIM2
SIM3
SIM4
1
21
22
SIM5
SIM1
SIM2
SIM3
SIM4
1
21
22
SIM5
SIM1
SIM2
SIM3
SIM4
1
21
22
SIM5
SIM1
SIM2
SIM3
SIM4
1
21
22
SIM5
SIM1
SIM2
SIM3
SIM4
1
21
22
SIM5
SIM1
SIM2
SIM3
SIM4
1
21
22
SIM5
SIM1
SIM2
SIM3
SIM4
1
21
22
SIM5
SIM1
SIM2
SIM3
SIM4
1
21
22
SIM5
SIM1
SIM2
SIM3
SIM4
1
21
22
SIM5
SIM1
SIM2
SIM3
SIM4
1
21
22
SIM5
SIM1
SIM2
SIM3
SIM4
1
21
22
SIM5
SIM1
SIM2
SIM3
SIM4
1
21
22
SIM5
SIM1
SIM2
SIM3
SIM4
1
21
22
SIM5
SIM1
SIM2
SIM3
SIM4
1
21
22
SIM5
SIM1
SIM2
SIM3
SIM4
1
21
22
SIM5
SIM1
SIM2
SIM3
SIM4
1
21
22
SIM5
SIM1
SIM2
SIM3
SIM4
1
21
22
SIM5
SIM1
SIM2
SIM3
SIM4
1
21
22
SIM5
SIM1
SIM2
SIM3
SIM4
1
21
22
SIM5
SIM1
SIM2
SIM3
SIM4
1
21
22
SIM5
SIM1
SIM2
SIM3
SIM4
1
21
22
SIM5
SIM1
SIM2
SIM3
SIM4
1
21
22
SIM5
SIM1
SIM2
SIM3
SIM4
1
21
22
SIM5
SIM1
SIM2
SIM3
SIM4
1
21
22
SIM5
SIM1
SIM2
SIM3
SIM4
1
21
22
SIM5
SIM1
SIM2
SIM3
SIM4
1
21
22
SIM5
SIM1
SIM2
SIM3
SIM4
1
21
22
SIM5
SIM1
SIM2
SIM3
SIM4
1
21
22
SIM5
SIM1
SIM2
SIM3
SIM4
1
21
22
SIM5
SIM1
SIM2
SIM3
SIM4
1
21
22
SIM5
SIM1
SIM2
SIM3
SIM4
1
21
22
SIM5
SIM1
SIM2
SIM3
SIM4
1
21
22
SIM5
SIM1
SIM2
SIM3
SIM4
1
21
22
SIM5
SIM1
SIM2
SIM3
SIM4
1
21
22
SIM5
SIM1
SIM2
SIM3
SIM4
1
21
22
SIM5
SIM1
SIM2
SIM3
SIM4
1
21
22
SIM5
SIM1
SIM2
SIM3
SIM4
1
21
22
SIM5
SIM1
SIM2
SIM3
SIM4
1
21
22
SIM5
SIM1
SIM2
SIM3
SIM4
1
21
22
SIM5
SIM1
SIM2
SIM3
SIM4
1
21
22
SIM5
SIM1
SIM2
SIM3
SIM4
1
21
22
SIM5
SIM1
SIM2
SIM3
SIM4
1
21
22
SIM5
SIM1
SIM2
SIM3
SIM4
1
21
22
SIM5
SIM1
SIM2
SIM3
SIM4
1
21
22
SIM5
SIM1
SIM2
SIM3
SIM4
1
21
22
SIM5
SIM1
SIM2
SIM3
SIM4
1
21
22
SIM5
SIM1
SIM2
DEBUG 1 716
SIM1
SIM2
SIM3
SIM4
1
21
22
SIM5
SIM1
SIM2
SIM3
SIM4
1
21
22
SIM5
SIM1
SIM2
SIM3
SIM4
1
21
22
SIM5
SIM1
SIM2
SIM3
SIM4
1
21
22
SIM5
SIM1
SIM2
SIM3
SIM4
1
21
22
SIM5
SIM1
SIM2
SIM3
SIM4
1
21
22
SIM5
SIM1
SIM2
SIM3
SIM4
1
21
22
SIM5
SIM1
SIM2
SIM3
SIM4
1
21
22
SIM5
SIM1
SIM2
SIM3
SIM4
1
21
22
SIM5
SIM1
SIM2
SIM3
SIM4
1
21
22
SIM5
SIM1
SIM2
SIM3
SIM4
1
21
22
SIM5
SIM1
SIM2
SIM3
SIM4
1
21
22
SIM5
SIM1
SIM2
SIM3
SIM4
1
21
22
SIM5
SIM1
SIM2
SIM3
SIM4
1
21
22
SIM5
SIM1
SIM2
SIM3
SIM4
1
21
22
SIM5
SIM1
SIM2
SIM3
SIM4
1
21
22
SIM5
SIM1
SIM2
SIM3
SIM4
1
21
22
SIM5
SIM1
SIM2
SIM3
SIM4
1
21
22
SIM5
SIM1
SIM2
SIM3
SIM4
1
21
22
SIM5
SIM1
SIM2
SIM3
SIM4
1
21
22
SIM5
SIM1
SIM2
SIM3
SIM4
1
21
22
SIM5
SIM1
SIM2
SIM3
SIM4
1
21
22
SIM5
SIM1
SIM2
SIM3
SIM4
1
21
22
SIM5
SIM1
SIM2
SIM3
SIM4
1
21
22
SIM5
SIM1
SIM2
SIM3
SIM4
1
21
22
SIM5
SIM1
SIM2
SIM3
SIM4
1
21
22
SIM5
SIM1
SIM2
SIM3
SIM4
1
21
22
SIM5
SIM1
SIM2
SIM3
SIM4
1
21
22
SIM5
SIM1
SIM2
SIM3
SIM4
1
21
22
SIM5
SIM1
SIM2
SIM3
SIM4
1
21
22
SIM5
SIM1
SIM2
SIM3
SIM4
1
21
22
SIM5
SIM1
SIM2
SIM3
SIM4
1
21
22
SIM5
SIM1
SIM2
SIM3
SIM4
1
21
22
SIM5
SIM1
SIM2
SIM3
SIM4
1
21
22
SIM5
SIM1
SIM2
SIM3
SIM4
1
21
22
SIM5
SIM1
SIM2
SIM3
SIM4
1
21
22
SIM5
SIM1
SIM2
SIM3
SIM4
1
21
22
SIM5
SIM1
SIM2
SIM3
SIM4
1
21
22
SIM5
SIM1
SIM2
SIM3
SIM4
1
21
22
SIM5
SIM1
SIM2
SIM3
SIM4
1
21
22
SIM5
SIM1
SIM2
SIM3
SIM4
1
21
22
SIM5
SIM1
SIM2
SIM3
SIM4
1
21
22
SIM5
SIM1
SIM2
SIM3
SIM4
1
21
22
SIM5
SIM1
SIM2
SIM3
SIM4
1
21
22
SIM5
SIM1
SIM2
SIM3
SIM4
1
21
22
SIM5
SIM1
SIM2
SIM3
SIM4
1
21
22
SIM5
SIM1
SIM2
SIM3
SIM4
1
21
22
SIM5
SIM1
SIM2
SIM3
SIM4
1
21
22
SIM5
SIM1
SIM2
SIM3
SIM4
1
21
22
SIM5
SIM1
SIM2
SIM3
SIM4
1
21
22
SIM5
SIM1
SIM2
SIM3
SIM4
1
21
22
SIM5
SIM1
SIM2
SIM3
SIM4
1
21
22
SIM5
SIM1
SIM2
SIM3
SIM4
1
21
22
SIM5
SIM1
SIM2
SIM3
SIM4
1
21
22
SIM5
SIM1
SIM2
SIM3
SIM4
1
21
22
SIM5
SIM1
SIM2
SIM3
SIM4
1
21
22
SIM5
SIM1
SIM2
SIM3
SIM4
1
21
22
SIM5
SIM1
SIM2
SIM3
SIM4
1
21
22
SIM5
SIM1
SIM2
SIM3
SIM4
1
21
22
SIM5
SIM1
SIM2
SIM3
SIM4
1
21
22
SIM5
SIM1
SIM2
SIM3
SIM4
1
21
22
SIM5
SIM1
SIM2
SIM3
SIM4
1
21
22
SIM5
SIM1
SIM2
SIM3
SIM4
1
21
22
SIM5
SIM1
SIM2
SIM3
SIM4
1
21
22
SIM5
SIM1
SIM2
SIM3
SIM4
1
21
22
SIM5
SIM1
SIM2
SIM3
SIM4
1
21
22
SIM5
SIM1
SIM2
SIM3
SIM4
1
21
22
SIM5
SIM1
SIM2
SIM3
SIM4
1
21
22
SIM5
SIM1
SIM2
SIM3
SIM4
1
21
22
SIM5
SIM1
SIM2
SIM3
SIM4
1
21
22
SIM5
SIM1
SIM2
SIM3
SIM4
1
21
22
SIM5
SIM1
SIM2
SIM3
SIM4
1
21
22
SIM5
SIM1
SIM2
SIM3
SIM4
1
21
22
SIM5
SIM1
SIM2
SIM3
SIM4
1
21
22
SIM5
SIM1
SIM2
SIM3
SIM4
1
21
22
SIM5
SIM1
SIM2
SIM3
SIM4
1
21
22
SIM5
SIM1
SIM2
SIM3
SIM4
1
21
22
SIM5
SIM1
SIM2
SIM3
SIM4
1
21
22
SIM5
SIM1
SIM2
SIM3
SIM4
1
21
22
SIM5
SIM1
SIM2
SIM3
SIM4
1
21
22
SIM5
SIM1
SIM2
SIM3
SIM4
1
21
22
SIM5
SIM1
SIM2
SIM3
SIM4
1
21
22
SIM5
SIM1
SIM2
SIM3
SIM4
1
21
22
SIM5
SIM1
SIM2
SIM3
SIM4
1
21
22
SIM5
SIM1
SIM2
SIM3
SIM4
1
21
22
SIM5
SIM1
SIM2
SIM3
SIM4
1
21
22
SIM5
SIM1
SIM2
SIM3
SIM4
1
21
22
SIM5
SIM1
SIM2
SIM3
SIM4
1
21
22
SIM5
SIM1
SIM2
SIM3
SIM4
1
21
22
SIM5
SIM1
SIM2
SIM3
SIM4
1
21
22
SIM5
SIM1
SIM2
SIM3
SIM4
1
21
22
SIM5
SIM1
SIM2
SIM3
SIM4
1
21
22
SIM5
SIM1
SIM2
SIM3
SIM4
1
21
22
SIM5
SIM1
SIM2
SIM3
SIM4
1
21
22
SIM5
SIM1
SIM2
SIM3
SIM4
1
21
22
SIM5
SIM1
SIM2
SIM3
SIM4
1
21
22
SIM5
SIM1
SIM2
SIM3
SIM4
1
21
22
SIM5
SIM1
SIM2
SIM3
SIM4
1
21
22
SIM5
SIM1
SIM2
SIM3
SIM4
1
21
22
SIM5
SIM1
SIM2
SIM3
SIM4
1
21
22
SIM5
SIM1
SIM2
SIM3
SIM4
1
21
22
SIM5
SIM1
SIM2
SIM3
SIM4
1
21
22
SIM5
SIM1
SIM2
SIM3
SIM4
1
21
22
SIM5
SIM1
SIM2
SIM3
SIM4
1
21
22
SIM5
SIM1
SIM2
SIM3
SIM4
1
21
22
SIM5
SIM1
SIM2
SIM3
SIM4
1
21
22
SIM5
SIM1
SIM2
SIM3
SIM4
1
21
22
SIM5
SIM1
SIM2
SIM3
SIM4
1
21
22
SIM5
SIM1
SIM2
SIM3
SIM4
1
21
22
SIM5
SIM1
SIM2
SIM3
SIM4
1
21
22
SIM5
SIM1
SIM2
SIM3
SIM4
1
21
22
SIM5
SIM1
SIM2
SIM3
SIM4
1
21
22
SIM5
SIM1
SIM2
SIM3
SIM4
1
21
22
SIM5
SIM1
SIM2
SIM3
SIM4
1
21
22
SIM5
SIM1
SIM2
SIM3
SIM4
1
21
22
SIM5
SIM1
SIM2
SIM3
SIM4
1
21
22
SIM5
SIM1
SIM2
SIM3
SIM4
1
21
22
SIM5
SIM1
SIM2
SIM3
SIM4
1
21
22
SIM5
SIM1
SIM2
SIM3
SIM4
1
21
22
SIM5
SIM1
SIM2
SIM3
SIM4
1
21
22
SIM5
SIM1
SIM2
SIM3
SIM4
1
21
22
SIM5
SIM1
SIM2
SIM3
SIM4
1
21
22
SIM5
SIM1
SIM2
SIM3
SIM4
1
21
22
SIM5
SIM1
SIM2
SIM3
SIM4
1
21
22
SIM5
SIM1
SIM2
SIM3
SIM4
1
21
22
SIM5
SIM1
SIM2
SIM3
SIM4
1
21
22
SIM5
SIM1
SIM2
SIM3
SIM4
1
21
22
SIM5
SIM1
SIM2
SIM3
SIM4
1
21
22
SIM5
SIM1
SIM2
SIM3
SIM4
1
21
22
SIM5
SIM1
SIM2
SIM3
SIM4
1
21
22
SIM5
SIM1
SIM2
SIM3
SIM4
1
21
22
SIM5
SIM1
SIM2
SIM3
SIM4
1
21
22
SIM5
SIM1
SIM2
SIM3
SIM4
1
21
22
SIM5
SIM1
SIM2
SIM3
SIM4
1
21
22
SIM5
SIM1
SIM2
SIM3
SIM4
1
21
22
SIM5
SIM1
SIM2
SIM3
SIM4
1
21
22
SIM5
SIM1
SIM2
SIM3
SIM4
1
21
22
SIM5
SIM1
SIM2
SIM3
SIM4
1
21
22
SIM5
SIM1
SIM2
SIM3
SIM4
1
21
22
SIM5
SIM1
SIM2
SIM3
SIM4
1
21
22
SIM5
SIM1
SIM2
SIM3
SIM4
1
21
22
SIM5
SIM1
SIM2
SIM3
SIM4
1
21
22
SIM5
SIM1
SIM2
SIM3
SIM4
1
21
22
SIM5
SIM1
SIM2
SIM3
SIM4
1
21
22
SIM5
SIM1
SIM2
SIM3
SIM4
1
21
22
SIM5
SIM1
SIM2
SIM3
SIM4
1
21
22
SIM5
SIM1
SIM2
SIM3
SIM4
1
21
22
SIM5
SIM1
SIM2
SIM3
SIM4
1
21
22
SIM5
SIM1
SIM2
SIM3
SIM4
1
21
22
SIM5
SIM1
SIM2
SIM3
SIM4
1
21
22
SIM5
SIM1
SIM2
SIM3
SIM4
1
21
22
SIM5
SIM1
SIM2
SIM3
SIM4
1
21
22
SIM5
SIM1
SIM2
SIM3
SIM4
1
21
22
SIM5
SIM1
SIM2
SIM3
SIM4
1
21
22
SIM5
SIM1
SIM2
SIM3
SIM4
1
21
22
SIM5
SIM1
SIM2
SIM3
SIM4
1
21
22
SIM5
SIM1
SIM2
SIM3
SIM4
1
21
22
SIM5
SIM1
SIM2
DEBUG 1 717
SIM1
SIM2
SIM3
SIM4
1
21
22
SIM5
SIM1
SIM2
SIM3
SIM4
1
21
22
SIM5
SIM1
SIM2
SIM3
SIM4
1
21
22
SIM5
SIM1
SIM2
SIM3
SIM4
1
21
22
SIM5
SIM1
SIM2
SIM3
SIM4
1
21
22
SIM5
SIM1
SIM2
SIM3
SIM4
1
21
22
SIM5
SIM1
SIM2
SIM3
SIM4
1
21
22
SIM5
SIM1
SIM2
SIM3
SIM4
1
21
22
SIM5
SIM1
SIM2
SIM3
SIM4
1
21
22
SIM5
SIM1
SIM2
SIM3
SIM4
1
21
22
SIM5
SIM1
SIM2
SIM3
SIM4
1
21
22
SIM5
SIM1
SIM2
SIM3
SIM4
1
21
22
SIM5
SIM1
SIM2
SIM3
SIM4
1
21
22
SIM5
SIM1
SIM2
SIM3
SIM4
1
21
22
SIM5
SIM1
SIM2
SIM3
SIM4
1
21
22
SIM5
SIM1
SIM2
SIM3
SIM4
1
21
22
SIM5
SIM1
SIM2
SIM3
SIM4
1
21
22
SIM5
SIM1
SIM2
SIM3
SIM4
1
21
22
SIM5
SIM1
SIM2
SIM3
SIM4
1
21
22
SIM5
SIM1
SIM2
SIM3
SIM4
1
21
22
SIM5
SIM1
SIM2
SIM3
SIM4
1
21
22
SIM5
SIM1
SIM2
SIM3
SIM4
1
21
22
SIM5
SIM1
SIM2
SIM3
SIM4
1
21
22
SIM5
SIM1
SIM2
SIM3
SIM4
1
21
22
SIM5
SIM1
SIM2
SIM3
SIM4
1
21
22
SIM5
SIM1
SIM2
SIM3
SIM4
1
21
22
SIM5
SIM1
SIM2
SIM3
SIM4
1
21
22
SIM5
SIM1
SIM2
SIM3
SIM4
1
21
22
SIM5
SIM1
SIM2
SIM3
SIM4
1
21
22
SIM5
SIM1
SIM2
SIM3
SIM4
1
21
22
SIM5
SIM1
SIM2
SIM3
SIM4
1
21
22
SIM5
SIM1
SIM2
SIM3
SIM4
1
21
22
SIM5
SIM1
SIM2
SIM3
SIM4
1
21
22
SIM5
SIM1
SIM2
SIM3
SIM4
1
21
22
SIM5
SIM1
SIM2
SIM3
SIM4
1
21
22
SIM5
SIM1
SIM2
SIM3
SIM4
1
21
22
SIM5
SIM1
SIM2
SIM3
SIM4
1
21
22
SIM5
SIM1
SIM2
SIM3
SIM4
1
21
22
SIM5
SIM1
SIM2
SIM3
SIM4
1
21
22
SIM5
SIM1
SIM2
SIM3
SIM4
1
21
22
SIM5
SIM1
SIM2
SIM3
SIM4
1
21
22
SIM5
SIM1
SIM2
SIM3
SIM4
1
21
22
SIM5
SIM1
SIM2
SIM3
SIM4
1
21
22
SIM5
SIM1
SIM2
SIM3
SIM4
1
21
22
SIM5
SIM1
SIM2
SIM3
SIM4
1
21
22
SIM5
SIM1
SIM2
SIM3
SIM4
1
21
22
SIM5
SIM1
SIM2
SIM3
SIM4
1
21
22
SIM5
SIM1
SIM2
SIM3
SIM4
1
21
22
SIM5
SIM1
SIM2
SIM3
SIM4
1
21
22
SIM5
SIM1
SIM2
SIM3
SIM4
1
21
22
SIM5
SIM1
SIM2
SIM3
SIM4
1
21
22
SIM5
SIM1
SIM2
SIM3
SIM4
1
21
22
SIM5
SIM1
SIM2
SIM3
SIM4
1
21
22
SIM5
SIM1
SIM2
SIM3
SIM4
1
21
22
SIM5
SIM1
SIM2
SIM3
SIM4
1
21
22
SIM5
SIM1
SIM2
SIM3
SIM4
1
21
22
SIM5
SIM1
SIM2
SIM3
SIM4
1
21
22
SIM5
SIM1
SIM2
SIM3
SIM4
1
21
22
SIM5
SIM1
SIM2
SIM3
SIM4
1
21
22
SIM5
SIM1
SIM2
SIM3
SIM4
1
21
22
SIM5
SIM1
SIM2
SIM3
SIM4
1
21
22
SIM5
SIM1
SIM2
SIM3
SIM4
1
21
22
SIM5
SIM1
SIM2
SIM3
SIM4
1
21
22
SIM5
SIM1
SIM2
SIM3
SIM4
1
21
22
SIM5
SIM1
SIM2
SIM3
SIM4
1
21
22
SIM5
SIM1
SIM2
SIM3
SIM4
1
21
22
SIM5
SIM1
SIM2
SIM3
SIM4
1
21
22
SIM5
SIM1
SIM2
SIM3
SIM4
1
21
22
SIM5
SIM1
SIM2
SIM3
SIM4
1
21
22
SIM5
SIM1
SIM2
SIM3
SIM4
1
21
22
SIM5
SIM1
SIM2
SIM3
SIM4
1
21
22
SIM5
SIM1
SIM2
SIM3
SIM4
1
21
22
SIM5
SIM1
SIM2
SIM3
SIM4
1
21
22
SIM5
SIM1
SIM2
SIM3
SIM4
1
21
22
SIM5
SIM1
SIM2
SIM3
SIM4
1
21
22
SIM5
SIM1
SIM2
SIM3
SIM4
1
21
22
SIM5
SIM1
SIM2
SIM3
SIM4
1
21
22
SIM5
SIM1
SIM2
SIM3
SIM4
1
21
22
SIM5
SIM1
SIM2
SIM3
SIM4
1
21
22
SIM5
SIM1
SIM2
SIM3
SIM4
1
21
22
SIM5
SIM1
SIM2
SIM3
SIM4
1
21
22
SIM5
SIM1
SIM2
SIM3
SIM4
1
21
22
SIM5
SIM1
SIM2
SIM3
SIM4
1
21
22
SIM5
SIM1
SIM2
SIM3
SIM4
1
21
22
SIM5
SIM1
SIM2
SIM3
SIM4
1
21
22
SIM5
SIM1
SIM2
SIM3
SIM4
1
21
22
SIM5
SIM1
SIM2
SIM3
SIM4
1
21
22
SIM5
SIM1
SIM2
SIM3
SIM4
1
21
22
SIM5
SIM1
SIM2
SIM3
SIM4
1
21
22
SIM5
SIM1
SIM2
SIM3
SIM4
1
21
22
SIM5
SIM1
SIM2
SIM3
SIM4
1
21
22
SIM5
SIM1
SIM2
SIM3
SIM4
1
21
22
SIM5
SIM1
SIM2
SIM3
SIM4
1
21
22
SIM5
SIM1
SIM2
SIM3
SIM4
1
21
22
SIM5
SIM1
SIM2
SIM3
SIM4
1
21
22
SIM5
SIM1
SIM2
SIM3
SIM4
1
21
22
SIM5
SIM1
SIM2
SIM3
SIM4
1
21
22
SIM5
SIM1
SIM2
SIM3
SIM4
1
21
22
SIM5
SIM1
SIM2
SIM3
SIM4
1
21
22
SIM5
SIM1
SIM2
SIM3
SIM4
1
21
22
SIM5
SIM1
SIM2
SIM3
SIM4
1
21
22
SIM5
SIM1
SIM2
SIM3
SIM4
1
21
22
SIM5
SIM1
SIM2
SIM3
SIM4
1
21
22
SIM5
SIM1
SIM2
SIM3
SIM4
1
21
22
SIM5
SIM1
SIM2
SIM3
SIM4
1
21
22
SIM5
SIM1
SIM2
SIM3
SIM4
1
21
22
SIM5
SIM1
SIM2
SIM3
SIM4
1
21
22
SIM5
SIM1
SIM2
SIM3
SIM4
1
21
22
SIM5
SIM1
SIM2
SIM3
SIM4
1
21
22
SIM5
SIM1
SIM2
SIM3
SIM4
1
21
22
SIM5
SIM1
SIM2
SIM3
SIM4
1
21
22
SIM5
SIM1
SIM2
SIM3
SIM4
1
21
22
SIM5
SIM1
SIM2
SIM3
SIM4
1
21
22
SIM5
SIM1
SIM2
SIM3
SIM4
1
21
22
SIM5
SIM1
SIM2
SIM3
SIM4
1
21
22
SIM5
SIM1
SIM2
SIM3
SIM4
1
21
22
SIM5
SIM1
SIM2
SIM3
SIM4
1
21
22
SIM5
SIM1
SIM2
SIM3
SIM4
1
21
22
SIM5
SIM1
SIM2
SIM3
SIM4
1
21
22
SIM5
SIM1
SIM2
SIM3
SIM4
1
21
22
SIM5
SIM1
SIM2
SIM3
SIM4
1
21
22
SIM5
SIM1
SIM2
SIM3
SIM4
1
21
22
SIM5
SIM1
SIM2
SIM3
SIM4
1
21
22
SIM5
SIM1
SIM2
SIM3
SIM4
1
21
22
SIM5
SIM1
SIM2
SIM3
SIM4
1
21
22
SIM5
SIM1
SIM2
SIM3
SIM4
1
21
22
SIM5
SIM1
SIM2
SIM3
SIM4
1
21
22
SIM5
SIM1
SIM2
SIM3
SIM4
1
21
22
SIM5
SIM1
SIM2
SIM3
SIM4
1
21
22
SIM5
SIM1
SIM2
SIM3
SIM4
1
21
22
SIM5
SIM1
SIM2
SIM3
SIM4
1
21
22
SIM5
SIM1
SIM2
SIM3
SIM4
1
21
22
SIM5
SIM1
SIM2
SIM3
SIM4
1
21
22
SIM5
SIM1
SIM2
SIM3
SIM4
1
21
22
SIM5
SIM1
SIM2
SIM3
SIM4
1
21
22
SIM5
SIM1
SIM2
SIM3
SIM4
1
21
22
SIM5
SIM1
SIM2
SIM3
SIM4
1
21
22
SIM5
SIM1
SIM2
SIM3
SIM4
1
21
22
SIM5
SIM1
SIM2
SIM3
SIM4
1
21
22
SIM5
SIM1
SIM2
SIM3
SIM4
1
21
22
SIM5
SIM1
SIM2
SIM3
SIM4
1
21
22
SIM5
SIM1
SIM2
SIM3
SIM4
1
21
22
SIM5
SIM1
SIM2
SIM3
SIM4
1
21
22
SIM5
SIM1
SIM2
SIM3
SIM4
1
21
22
SIM5
SIM1
SIM2
SIM3
SIM4
1
21
22
SIM5
SIM1
SIM2
SIM3
SIM4
1
21
22
SIM5
SIM1
SIM2
SIM3
SIM4
1
21
22
SIM5
SIM1
SIM2
SIM3
SIM4
1
21
22
SIM5
SIM1
SIM2
SIM3
SIM4
1
21
22
SIM5
SIM1
SIM2
SIM3
SIM4
1
21
22
SIM5
SIM1
SIM2
SIM3
SIM4
1
21
22
SIM5
SIM1
SIM2
SIM3
SIM4
1
21
22
SIM5
SIM1
SIM2
SIM3
SIM4
1
21
22
SIM5
SIM1
SIM2
SIM3
SIM4
1
21
22
SIM5
SIM1
SIM2
DEBUG 1 718
SIM1
SIM2
SIM3
SIM4
1
21
22
SIM5
SIM1
SIM2
SIM3
SIM4
1
21
22
SIM5
SIM1
SIM2
SIM3
SIM4
1
21
22
SIM5
SIM1
SIM2
SIM3
SIM4
1
21
22
SIM5
SIM1
SIM2
SIM3
SIM4
1
21
22
SIM5
SIM1
SIM2
SIM3
SIM4
1
21
22
SIM5
SIM1
SIM2
SIM3
SIM4
1
21
22
SIM5
SIM1
SIM2
SIM3
SIM4
1
21
22
SIM5
SIM1
SIM2
SIM3
SIM4
1
21
22
SIM5
SIM1
SIM2
SIM3
SIM4
1
21
22
SIM5
SIM1
SIM2
SIM3
SIM4
1
21
22
SIM5
SIM1
SIM2
SIM3
SIM4
1
21
22
SIM5
SIM1
SIM2
SIM3
SIM4
1
21
22
SIM5
SIM1
SIM2
SIM3
SIM4
1
21
22
SIM5
SIM1
SIM2
SIM3
SIM4
1
21
22
SIM5
SIM1
SIM2
SIM3
SIM4
1
21
22
SIM5
SIM1
SIM2
SIM3
SIM4
1
21
22
SIM5
SIM1
SIM2
SIM3
SIM4
1
21
22
SIM5
SIM1
SIM2
SIM3
SIM4
1
21
22
SIM5
SIM1
SIM2
SIM3
SIM4
1
21
22
SIM5
SIM1
SIM2
SIM3
SIM4
1
21
22
SIM5
SIM1
SIM2
SIM3
SIM4
1
21
22
SIM5
SIM1
SIM2
SIM3
SIM4
1
21
22
SIM5
SIM1
SIM2
SIM3
SIM4
1
21
22
SIM5
SIM1
SIM2
SIM3
SIM4
1
21
22
SIM5
SIM1
SIM2
SIM3
SIM4
1
21
22
SIM5
SIM1
SIM2
SIM3
SIM4
1
21
22
SIM5
SIM1
SIM2
SIM3
SIM4
1
21
22
SIM5
SIM1
SIM2
SIM3
SIM4
1
21
22
SIM5
SIM1
SIM2
SIM3
SIM4
1
21
22
SIM5
SIM1
SIM2
SIM3
SIM4
1
21
22
SIM5
SIM1
SIM2
SIM3
SIM4
1
21
22
SIM5
SIM1
SIM2
SIM3
SIM4
1
21
22
SIM5
SIM1
SIM2
SIM3
SIM4
1
21
22
SIM5
SIM1
SIM2
SIM3
SIM4
1
21
22
SIM5
SIM1
SIM2
SIM3
SIM4
1
21
22
SIM5
SIM1
SIM2
SIM3
SIM4
1
21
22
SIM5
SIM1
SIM2
SIM3
SIM4
1
21
22
SIM5
SIM1
SIM2
SIM3
SIM4
1
21
22
SIM5
SIM1
SIM2
SIM3
SIM4
1
21
22
SIM5
SIM1
SIM2
SIM3
SIM4
1
21
22
SIM5
SIM1
SIM2
SIM3
SIM4
1
21
22
SIM5
SIM1
SIM2
SIM3
SIM4
1
21
22
SIM5
SIM1
SIM2
SIM3
SIM4
1
21
22
SIM5
SIM1
SIM2
SIM3
SIM4
1
21
22
SIM5
SIM1
SIM2
SIM3
SIM4
1
21
22
SIM5
SIM1
SIM2
SIM3
SIM4
1
21
22
SIM5
SIM1
SIM2
SIM3
SIM4
1
21
22
SIM5
SIM1
SIM2
SIM3
SIM4
1
21
22
SIM5
SIM1
SIM2
SIM3
SIM4
1
21
22
SIM5
SIM1
SIM2
SIM3
SIM4
1
21
22
SIM5
SIM1
SIM2
SIM3
SIM4
1
21
22
SIM5
SIM1
SIM2
SIM3
SIM4
1
21
22
SIM5
SIM1
SIM2
SIM3
SIM4
1
21
22
SIM5
SIM1
SIM2
SIM3
SIM4
1
21
22
SIM5
SIM1
SIM2
SIM3
SIM4
1
21
22
SIM5
SIM1
SIM2
SIM3
SIM4
1
21
22
SIM5
SIM1
SIM2
SIM3
SIM4
1
21
22
SIM5
SIM1
SIM2
SIM3
SIM4
1
21
22
SIM5
SIM1
SIM2
SIM3
SIM4
1
21
22
SIM5
SIM1
SIM2
SIM3
SIM4
1
21
22
SIM5
SIM1
SIM2
SIM3
SIM4
1
21
22
SIM5
SIM1
SIM2
SIM3
SIM4
1
21
22
SIM5
SIM1
SIM2
SIM3
SIM4
1
21
22
SIM5
SIM1
SIM2
SIM3
SIM4
1
21
22
SIM5
SIM1
SIM2
SIM3
SIM4
1
21
22
SIM5
SIM1
SIM2
SIM3
SIM4
1
21
22
SIM5
SIM1
SIM2
SIM3
SIM4
1
21
22
SIM5
SIM1
SIM2
SIM3
SIM4
1
21
22
SIM5
SIM1
SIM2
SIM3
SIM4
1
21
22
SIM5
SIM1
SIM2
SIM3
SIM4
1
21
22
SIM5
SIM1
SIM2
SIM3
SIM4
1
21
22
SIM5
SIM1
SIM2
SIM3
SIM4
1
21
22
SIM5
SIM1
SIM2
SIM3
SIM4
1
21
22
SIM5
SIM1
SIM2
SIM3
SIM4
1
21
22
SIM5
SIM1
SIM2
SIM3
SIM4
1
21
22
SIM5
SIM1
SIM2
SIM3
SIM4
1
21
22
SIM5
SIM1
SIM2
SIM3
SIM4
1
21
22
SIM5
SIM1
SIM2
SIM3
SIM4
1
21
22
SIM5
SIM1
SIM2
SIM3
SIM4
1
21
22
SIM5
SIM1
SIM2
SIM3
SIM4
1
21
22
SIM5
SIM1
SIM2
SIM3
SIM4
1
21
22
SIM5
SIM1
SIM2
SIM3
SIM4
1
21
22
SIM5
SIM1
SIM2
SIM3
SIM4
1
21
22
SIM5
SIM1
SIM2
SIM3
SIM4
1
21
22
SIM5
SIM1
SIM2
SIM3
SIM4
1
21
22
SIM5
SIM1
SIM2
SIM3
SIM4
1
21
22
SIM5
SIM1
SIM2
SIM3
SIM4
1
21
22
SIM5
SIM1
SIM2
SIM3
SIM4
1
21
22
SIM5
SIM1
SIM2
SIM3
SIM4
1
21
22
SIM5
SIM1
SIM2
SIM3
SIM4
1
21
22
SIM5
SIM1
SIM2
SIM3
SIM4
1
21
22
SIM5
SIM1
SIM2
SIM3
SIM4
1
21
22
SIM5
SIM1
SIM2
SIM3
SIM4
1
21
22
SIM5
SIM1
SIM2
SIM3
SIM4
1
21
22
SIM5
SIM1
SIM2
SIM3
SIM4
1
21
22
SIM5
SIM1
SIM2
SIM3
SIM4
1
21
22
SIM5
SIM1
SIM2
SIM3
SIM4
1
21
22
SIM5
SIM1
SIM2
SIM3
SIM4
1
21
22
SIM5
SIM1
SIM2
SIM3
SIM4
1
21
22
SIM5
SIM1
SIM2
SIM3
SIM4
1
21
22
SIM5
SIM1
SIM2
SIM3
SIM4
1
21
22
SIM5
SIM1
SIM2
SIM3
SIM4
1
21
22
SIM5
SIM1
SIM2
SIM3
SIM4
1
21
22
SIM5
SIM1
SIM2
SIM3
SIM4
1
21
22
SIM5
SIM1
SIM2
SIM3
SIM4
1
21
22
SIM5
SIM1
SIM2
SIM3
SIM4
1
21
22
SIM5
SIM1
SIM2
SIM3
SIM4
1
21
22
SIM5
SIM1
SIM2
SIM3
SIM4
1
21
22
SIM5
SIM1
SIM2
SIM3
SIM4
1
21
22
SIM5
SIM1
SIM2
SIM3
SIM4
1
21
22
SIM5
SIM1
SIM2
SIM3
SIM4
1
21
22
SIM5
SIM1
SIM2
SIM3
SIM4
1
21
22
SIM5
SIM1
SIM2
SIM3
SIM4
1
21
22
SIM5
SIM1
SIM2
SIM3
SIM4
1
21
22
SIM5
SIM1
SIM2
SIM3
SIM4
1
21
22
SIM5
SIM1
SIM2
SIM3
SIM4
1
21
22
SIM5
SIM1
SIM2
SIM3
SIM4
1
21
22
SIM5
SIM1
SIM2
SIM3
SIM4
1
21
22
SIM5
SIM1
SIM2
SIM3
SIM4
1
21
22
SIM5
SIM1
SIM2
SIM3
SIM4
1
21
22
SIM5
SIM1
SIM2
SIM3
SIM4
1
21
22
SIM5
SIM1
SIM2
SIM3
SIM4
1
21
22
SIM5
SIM1
SIM2
SIM3
SIM4
1
21
22
SIM5
SIM1
SIM2
SIM3
SIM4
1
21
22
SIM5
SIM1
SIM2
SIM3
SIM4
1
21
22
SIM5
SIM1
SIM2
SIM3
SIM4
1
21
22
SIM5
SIM1
SIM2
SIM3
SIM4
1
21
22
SIM5
SIM1
SIM2
SIM3
SIM4
1
21
22
SIM5
SIM1
SIM2
SIM3
SIM4
1
21
22
SIM5
SIM1
SIM2
SIM3
SIM4
1
21
22
SIM5
SIM1
SIM2
SIM3
SIM4
1
21
22
SIM5
SIM1
SIM2
SIM3
SIM4
1
21
22
SIM5
SIM1
SIM2
SIM3
SIM4
1
21
22
SIM5
SIM1
SIM2
SIM3
SIM4
1
21
22
SIM5
SIM1
SIM2
SIM3
SIM4
1
21
22
SIM5
SIM1
SIM2
SIM3
SIM4
1
21
22
SIM5
SIM1
SIM2
SIM3
SIM4
1
21
22
SIM5
SIM1
SIM2
SIM3
SIM4
1
21
22
SIM5
SIM1
SIM2
SIM3
SIM4
1
21
22
SIM5
SIM1
SIM2
SIM3
SIM4
1
21
22
SIM5
SIM1
SIM2
SIM3
SIM4
1
21
22
SIM5
SIM1
SIM2
SIM3
SIM4
1
21
22
SIM5
SIM1
SIM2
SIM3
SIM4
1
21
22
SIM5
SIM1
SIM2
SIM3
SIM4
1
21
22
SIM5
SIM1
SIM2
SIM3
SIM4
1
21
22
SIM5
SIM1
SIM2
SIM3
SIM4
1
21
22
SIM5
SIM1
SIM2
SIM3
SIM4
1
21
22
SIM5
SIM1
SIM2
SIM3
SIM4
1
21
22
SIM5
SIM1
SIM2
SIM3
SIM4
1
21
22
SIM5
SIM1
SIM2
SIM3
SIM4
1
21
22
SIM5
SIM1
SIM2
SIM3
SIM4
1
21
22
SIM5
SIM1
SIM2
SIM3
SIM4
1
21
22
SIM5
SIM1
SIM2
SIM3
SIM4
1
21
22
SIM5
SIM1
SIM2
DEBUG 1 719
SIM1
SIM2
SIM3
SIM4
1
21
22
SIM5
SIM1
SIM2
SIM3
SIM4
1
21
22
SIM5
SIM1
SIM2
SIM3
SIM4
1
21
22
SIM5
SIM1
SIM2
SIM3
SIM4
1
21
22
SIM5
SIM1
SIM2
SIM3
SIM4
1
21
22
SIM5
SIM1
SIM2
SIM3
SIM4
1
21
22
SIM5
SIM1
SIM2
SIM3
SIM4
1
21
22
SIM5
SIM1
SIM2
SIM3
SIM4
1
21
22
SIM5
SIM1
SIM2
SIM3
SIM4
1
21
22
SIM5
SIM1
SIM2
SIM3
SIM4
1
21
22
SIM5
SIM1
SIM2
SIM3
SIM4
1
21
22
SIM5
SIM1
SIM2
SIM3
SIM4
1
21
22
SIM5
SIM1
SIM2
SIM3
SIM4
1
21
22
SIM5
SIM1
SIM2
SIM3
SIM4
1
21
22
SIM5
SIM1
SIM2
SIM3
SIM4
1
21
22
SIM5
SIM1
SIM2
SIM3
SIM4
1
21
22
SIM5
SIM1
SIM2
SIM3
SIM4
1
21
22
SIM5
SIM1
SIM2
SIM3
SIM4
1
21
22
SIM5
SIM1
SIM2
SIM3
SIM4
1
21
22
SIM5
SIM1
SIM2
SIM3
SIM4
1
21
22
SIM5
SIM1
SIM2
SIM3
SIM4
1
21
22
SIM5
SIM1
SIM2
SIM3
SIM4
1
21
22
SIM5
SIM1
SIM2
SIM3
SIM4
1
21
22
SIM5
SIM1
SIM2
SIM3
SIM4
1
21
22
SIM5
SIM1
SIM2
SIM3
SIM4
1
21
22
SIM5
SIM1
SIM2
SIM3
SIM4
1
21
22
SIM5
SIM1
SIM2
SIM3
SIM4
1
21
22
SIM5
SIM1
SIM2
SIM3
SIM4
1
21
22
SIM5
SIM1
SIM2
SIM3
SIM4
1
21
22
SIM5
SIM1
SIM2
SIM3
SIM4
1
21
22
SIM5
SIM1
SIM2
SIM3
SIM4
1
21
22
SIM5
SIM1
SIM2
SIM3
SIM4
1
21
22
SIM5
SIM1
SIM2
SIM3
SIM4
1
21
22
SIM5
SIM1
SIM2
SIM3
SIM4
1
21
22
SIM5
SIM1
SIM2
SIM3
SIM4
1
21
22
SIM5
SIM1
SIM2
SIM3
SIM4
1
21
22
SIM5
SIM1
SIM2
SIM3
SIM4
1
21
22
SIM5
SIM1
SIM2
SIM3
SIM4
1
21
22
SIM5
SIM1
SIM2
SIM3
SIM4
1
21
22
SIM5
SIM1
SIM2
SIM3
SIM4
1
21
22
SIM5
SIM1
SIM2
SIM3
SIM4
1
21
22
SIM5
SIM1
SIM2
SIM3
SIM4
1
21
22
SIM5
SIM1
SIM2
SIM3
SIM4
1
21
22
SIM5
SIM1
SIM2
SIM3
SIM4
1
21
22
SIM5
SIM1
SIM2
SIM3
SIM4
1
21
22
SIM5
SIM1
SIM2
SIM3
SIM4
1
21
22
SIM5
SIM1
SIM2
SIM3
SIM4
1
21
22
SIM5
SIM1
SIM2
SIM3
SIM4
1
21
22
SIM5
SIM1
SIM2
SIM3
SIM4
1
21
22
SIM5
SIM1
SIM2
SIM3
SIM4
1
21
22
SIM5
SIM1
SIM2
SIM3
SIM4
1
21
22
SIM5
SIM1
SIM2
SIM3
SIM4
1
21
22
SIM5
SIM1
SIM2
SIM3
SIM4
1
21
22
SIM5
SIM1
SIM2
SIM3
SIM4
1
21
22
SIM5
SIM1
SIM2
SIM3
SIM4
1
21
22
SIM5
SIM1
SIM2
SIM3
SIM4
1
21
22
SIM5
SIM1
SIM2
SIM3
SIM4
1
21
22
SIM5
SIM1
SIM2
SIM3
SIM4
1
21
22
SIM5
SIM1
SIM2
SIM3
SIM4
1
21
22
SIM5
SIM1
SIM2
SIM3
SIM4
1
21
22
SIM5
SIM1
SIM2
SIM3
SIM4
1
21
22
SIM5
SIM1
SIM2
SIM3
SIM4
1
21
22
SIM5
SIM1
SIM2
SIM3
SIM4
1
21
22
SIM5
SIM1
SIM2
SIM3
SIM4
1
21
22
SIM5
SIM1
SIM2
SIM3
SIM4
1
21
22
SIM5
SIM1
SIM2
SIM3
SIM4
1
21
22
SIM5
SIM1
SIM2
SIM3
SIM4
1
21
22
SIM5
SIM1
SIM2
SIM3
SIM4
1
21
22
SIM5
SIM1
SIM2
SIM3
SIM4
1
21
22
SIM5
SIM1
SIM2
SIM3
SIM4
1
21
22
SIM5
SIM1
SIM2
SIM3
SIM4
1
21
22
SIM5
SIM1
SIM2
SIM3
SIM4
1
21
22
SIM5
SIM1
SIM2
SIM3
SIM4
1
21
22
SIM5
SIM1
SIM2
SIM3
SIM4
1
21
22
SIM5
SIM1
SIM2
SIM3
SIM4
1
21
22
SIM5
SIM1
SIM2
SIM3
SIM4
1
21
22
SIM5
SIM1
SIM2
SIM3
SIM4
1
21
22
SIM5
SIM1
SIM2
SIM3
SIM4
1
21
22
SIM5
SIM1
SIM2
SIM3
SIM4
1
21
22
SIM5
SIM1
SIM2
SIM3
SIM4
1
21
22
SIM5
SIM1
SIM2
SIM3
SIM4
1
21
22
SIM5
SIM1
SIM2
SIM3
SIM4
1
21
22
SIM5
SIM1
SIM2
SIM3
SIM4
1
21
22
SIM5
SIM1
SIM2
SIM3
SIM4
1
21
22
SIM5
SIM1
SIM2
SIM3
SIM4
1
21
22
SIM5
SIM1
SIM2
SIM3
SIM4
1
21
22
SIM5
SIM1
SIM2
SIM3
SIM4
1
21
22
SIM5
SIM1
SIM2
SIM3
SIM4
1
21
22
SIM5
SIM1
SIM2
SIM3
SIM4
1
21
22
SIM5
SIM1
SIM2
SIM3
SIM4
1
21
22
SIM5
SIM1
SIM2
SIM3
SIM4
1
21
22
SIM5
SIM1
SIM2
SIM3
SIM4
1
21
22
SIM5
SIM1
SIM2
SIM3
SIM4
1
21
22
SIM5
SIM1
SIM2
SIM3
SIM4
1
21
22
SIM5
SIM1
SIM2
SIM3
SIM4
1
21
22
SIM5
SIM1
SIM2
SIM3
SIM4
1
21
22
SIM5
SIM1
SIM2
SIM3
SIM4
1
21
22
SIM5
SIM1
SIM2
SIM3
SIM4
1
21
22
SIM5
SIM1
SIM2
SIM3
SIM4
1
21
22
SIM5
SIM1
SIM2
SIM3
SIM4
1
21
22
SIM5
SIM1
SIM2
SIM3
SIM4
1
21
22
SIM5
SIM1
SIM2
SIM3
SIM4
1
21
22
SIM5
SIM1
SIM2
SIM3
SIM4
1
21
22
SIM5
SIM1
SIM2
SIM3
SIM4
1
21
22
SIM5
SIM1
SIM2
SIM3
SIM4
1
21
22
SIM5
SIM1
SIM2
SIM3
SIM4
1
21
22
SIM5
SIM1
SIM2
SIM3
SIM4
1
21
22
SIM5
SIM1
SIM2
SIM3
SIM4
1
21
22
SIM5
SIM1
SIM2
SIM3
SIM4
1
21
22
SIM5
SIM1
SIM2
SIM3
SIM4
1
21
22
SIM5
SIM1
SIM2
SIM3
SIM4
1
21
22
SIM5
SIM1
SIM2
SIM3
SIM4
1
21
22
SIM5
SIM1
SIM2
SIM3
SIM4
1
21
22
SIM5
SIM1
SIM2
SIM3
SIM4
1
21
22
SIM5
SIM1
SIM2
SIM3
SIM4
1
21
22
SIM5
SIM1
SIM2
SIM3
SIM4
1
21
22
SIM5
SIM1
SIM2
SIM3
SIM4
1
21
22
SIM5
SIM1
SIM2
SIM3
SIM4
1
21
22
SIM5
SIM1
SIM2
SIM3
SIM4
1
21
22
SIM5
SIM1
SIM2
SIM3
SIM4
1
21
22
SIM5
SIM1
SIM2
SIM3
SIM4
1
21
22
SIM5
SIM1
SIM2
SIM3
SIM4
1
21
22
SIM5
SIM1
SIM2
SIM3
SIM4
1
21
22
SIM5
SIM1
SIM2
SIM3
SIM4
1
21
22
SIM5
SIM1
SIM2
SIM3
SIM4
1
21
22
SIM5
SIM1
SIM2
SIM3
SIM4
1
21
22
SIM5
SIM1
SIM2
SIM3
SIM4
1
21
22
SIM5
SIM1
SIM2
SIM3
SIM4
1
21
22
SIM5
SIM1
SIM2
SIM3
SIM4
1
21
22
SIM5
SIM1
SIM2
SIM3
SIM4
1
21
22
SIM5
SIM1
SIM2
SIM3
SIM4
1
21
22
SIM5
SIM1
SIM2
SIM3
SIM4
1
21
22
SIM5
SIM1
SIM2
SIM3
SIM4
1
21
22
SIM5
SIM1
SIM2
SIM3
SIM4
1
21
22
SIM5
SIM1
SIM2
SIM3
SIM4
1
21
22
SIM5
SIM1
SIM2
SIM3
SIM4
1
21
22
SIM5
SIM1
SIM2
SIM3
SIM4
1
21
22
SIM5
SIM1
SIM2
SIM3
SIM4
1
21
22
SIM5
SIM1
SIM2
SIM3
SIM4
1
21
22
SIM5
SIM1
SIM2
SIM3
SIM4
1
21
22
SIM5
SIM1
SIM2
SIM3
SIM4
1
21
22
SIM5
SIM1
SIM2
SIM3
SIM4
1
21
22
SIM5
SIM1
SIM2
SIM3
SIM4
1
21
22
SIM5
SIM1
SIM2
SIM3
SIM4
1
21
22
SIM5
SIM1
SIM2
SIM3
SIM4
1
21
22
SIM5
SIM1
SIM2
SIM3
SIM4
1
21
22
SIM5
SIM1
SIM2
SIM3
SIM4
1
21
22
SIM5
SIM1
SIM2
SIM3
SIM4
1
21
22
SIM5
SIM1
SIM2
SIM3
SIM4
1
21
22
SIM5
SIM1
SIM2
SIM3
SIM4
1
21
22
SIM5
SIM1
SIM2
SIM3
SIM4
1
21
22
SIM5
SIM1
SIM2
SIM3
SIM4
1
21
22
SIM5
SIM1
SIM2
SIM3
SIM4
1
21
22
SIM5
SIM1
SIM2
SIM3
SIM4
1
21
22
SIM5
SIM1
SIM2
SIM3
SIM4
1
21
22
SIM5
SIM1
SIM2
SIM3
SIM4
1
21
22
SIM5
SIM1
SIM2
SIM3
SIM4
1
21
22
SIM5
SIM1
SIM2
SIM3
SIM4
1
21
22
SIM5
SIM1
SIM2
SIM3
SIM4
1
21
22
SIM5
SIM1
SIM2
SIM3
SIM4
1
21
22
SIM5
SIM1
SIM2
SIM3
SIM4
1
21
22
SIM5
SIM1
SIM2
SIM3
SIM4
1
21
22
SIM5
SIM1
SIM2
SIM3
SIM4
1
21
22
SIM5
SIM1
SIM2
SIM3
SIM4
1
21
22
SIM5
SIM1
SIM2
SIM3
SIM4
1
21
22
SIM5
SIM1
SIM2
SIM3
SIM4
1
21
22
SIM5
SIM1
SIM2
SIM3
SIM4
1
21
22
SIM5
SIM1
SIM2
SIM3
SIM4
1
21
22
SIM5
SIM1
SIM2
SIM3
SIM4
1
21
22
SIM5
SIM1
SIM2
SIM3
SIM4
1
21
22
SIM5
SIM1
SIM2
SIM3
SIM4
1
21
22
SIM5
SIM1
SIM2
SIM3
SIM4
1
21
22
SIM5
SIM1
SIM2
SIM3
SIM4
1
21
22
SIM5
SIM1
SIM2
SIM3
SIM4
1
21
22
SIM5
SIM1
SIM2
SIM3
SIM4
1
21
22
SIM5
SIM1
SIM2
SIM3
SIM4
1
21
22
SIM5
SIM1
SIM2
SIM3
SIM4
1
21
22
SIM5
SIM1
SIM2
SIM3
SIM4
1
21
22
SIM5
SIM1
SIM2
SIM3
SIM4
1
21
22
SIM5
SIM1
SIM2
SIM3
SIM4
1
21
22
SIM5
SIM1
SIM2
SIM3
SIM4
1
21
22
SIM5
SIM1
SIM2
SIM3
SIM4
1
21
22
SIM5
SIM1
SIM2
SIM3
SIM4
1
21
22
SIM5
SIM1
SIM2
SIM3
SIM4
1
21
22
SIM5
SIM1
SIM2
SIM3
SIM4
1
21
22
SIM5
SIM1
SIM2
SIM3
SIM4
1
21
22
SIM5
SIM1
SIM2
DEBUG 1 720
SIM1
SIM2
SIM3
SIM4
1
21
22
SIM5
SIM1
SIM2
SIM3
SIM4
1
21
22
SIM5
SIM1
SIM2
SIM3
SIM4
1
21
22
SIM5
SIM1
SIM2
SIM3
SIM4
1
21
22
SIM5
SIM1
SIM2
SIM3
SIM4
1
21
22
SIM5
SIM1
SIM2
SIM3
SIM4
1
21
22
SIM5
SIM1
SIM2
SIM3
SIM4
1
21
22
SIM5
SIM1
SIM2
SIM3
SIM4
1
21
22
SIM5
SIM1
SIM2
SIM3
SIM4
1
21
22
SIM5
SIM1
SIM2
SIM3
SIM4
1
21
22
SIM5
SIM1
SIM2
SIM3
SIM4
1
21
22
SIM5
SIM1
SIM2
SIM3
SIM4
1
21
22
SIM5
SIM1
SIM2
SIM3
SIM4
1
21
22
SIM5
SIM1
SIM2
SIM3
SIM4
1
21
22
SIM5
SIM1
SIM2
SIM3
SIM4
1
21
22
SIM5
SIM1
SIM2
SIM3
SIM4
1
21
22
SIM5
SIM1
SIM2
SIM3
SIM4
1
21
22
SIM5
SIM1
SIM2
SIM3
SIM4
1
21
22
SIM5
SIM1
SIM2
SIM3
SIM4
1
21
22
SIM5
SIM1
SIM2
SIM3
SIM4
1
21
22
SIM5
SIM1
SIM2
SIM3
SIM4
1
21
22
SIM5
SIM1
SIM2
SIM3
SIM4
1
21
22
SIM5
SIM1
SIM2
SIM3
SIM4
1
21
22
SIM5
SIM1
SIM2
SIM3
SIM4
1
21
22
SIM5
SIM1
SIM2
SIM3
SIM4
1
21
22
SIM5
SIM1
SIM2
SIM3
SIM4
1
21
22
SIM5
SIM1
SIM2
SIM3
SIM4
1
21
22
SIM5
SIM1
SIM2
SIM3
SIM4
1
21
22
SIM5
SIM1
SIM2
SIM3
SIM4
1
21
22
SIM5
SIM1
SIM2
SIM3
SIM4
1
21
22
SIM5
SIM1
SIM2
SIM3
SIM4
1
21
22
SIM5
SIM1
SIM2
SIM3
SIM4
1
21
22
SIM5
SIM1
SIM2
SIM3
SIM4
1
21
22
SIM5
SIM1
SIM2
SIM3
SIM4
1
21
22
SIM5
SIM1
SIM2
SIM3
SIM4
1
21
22
SIM5
SIM1
SIM2
SIM3
SIM4
1
21
22
SIM5
SIM1
SIM2
SIM3
SIM4
1
21
22
SIM5
SIM1
SIM2
SIM3
SIM4
1
21
22
SIM5
SIM1
SIM2
SIM3
SIM4
1
21
22
SIM5
SIM1
SIM2
SIM3
SIM4
1
21
22
SIM5
SIM1
SIM2
SIM3
SIM4
1
21
22
SIM5
SIM1
SIM2
SIM3
SIM4
1
21
22
SIM5
SIM1
SIM2
SIM3
SIM4
1
21
22
SIM5
SIM1
SIM2
SIM3
SIM4
1
21
22
SIM5
SIM1
SIM2
SIM3
SIM4
1
21
22
SIM5
SIM1
SIM2
SIM3
SIM4
1
21
22
SIM5
SIM1
SIM2
SIM3
SIM4
1
21
22
SIM5
SIM1
SIM2
SIM3
SIM4
1
21
22
SIM5
SIM1
SIM2
SIM3
SIM4
1
21
22
SIM5
SIM1
SIM2
SIM3
SIM4
1
21
22
SIM5
SIM1
SIM2
SIM3
SIM4
1
21
22
SIM5
SIM1
SIM2
SIM3
SIM4
1
21
22
SIM5
SIM1
SIM2
SIM3
SIM4
1
21
22
SIM5
SIM1
SIM2
SIM3
SIM4
1
21
22
SIM5
SIM1
SIM2
SIM3
SIM4
1
21
22
SIM5
SIM1
SIM2
SIM3
SIM4
1
21
22
SIM5
SIM1
SIM2
SIM3
SIM4
1
21
22
SIM5
SIM1
SIM2
SIM3
SIM4
1
21
22
SIM5
SIM1
SIM2
SIM3
SIM4
1
21
22
SIM5
SIM1
SIM2
SIM3
SIM4
1
21
22
SIM5
SIM1
SIM2
SIM3
SIM4
1
21
22
SIM5
SIM1
SIM2
SIM3
SIM4
1
21
22
SIM5
SIM1
SIM2
SIM3
SIM4
1
21
22
SIM5
SIM1
SIM2
SIM3
SIM4
1
21
22
SIM5
SIM1
SIM2
SIM3
SIM4
1
21
22
SIM5
SIM1
SIM2
SIM3
SIM4
1
21
22
SIM5
SIM1
SIM2
SIM3
SIM4
1
21
22
SIM5
SIM1
SIM2
SIM3
SIM4
1
21
22
SIM5
SIM1
SIM2
SIM3
SIM4
1
21
22
SIM5
SIM1
SIM2
SIM3
SIM4
1
21
22
SIM5
SIM1
SIM2
SIM3
SIM4
1
21
22
SIM5
SIM1
SIM2
SIM3
SIM4
1
21
22
SIM5
SIM1
SIM2
SIM3
SIM4
1
21
22
SIM5
SIM1
SIM2
SIM3
SIM4
1
21
22
SIM5
SIM1
SIM2
SIM3
SIM4
1
21
22
SIM5
SIM1
SIM2
SIM3
SIM4
1
21
22
SIM5
SIM1
SIM2
SIM3
SIM4
1
21
22
SIM5
SIM1
SIM2
SIM3
SIM4
1
21
22
SIM5
SIM1
SIM2
SIM3
SIM4
1
21
22
SIM5
SIM1
SIM2
SIM3
SIM4
1
21
22
SIM5
SIM1
SIM2
SIM3
SIM4
1
21
22
SIM5
SIM1
SIM2
SIM3
SIM4
1
21
22
SIM5
SIM1
SIM2
SIM3
SIM4
1
21
22
SIM5
SIM1
SIM2
SIM3
SIM4
1
21
22
SIM5
SIM1
SIM2
SIM3
SIM4
1
21
22
SIM5
SIM1
SIM2
SIM3
SIM4
1
21
22
SIM5
SIM1
SIM2
SIM3
SIM4
1
21
22
SIM5
SIM1
SIM2
SIM3
SIM4
1
21
22
SIM5
SIM1
SIM2
SIM3
SIM4
1
21
22
SIM5
SIM1
SIM2
SIM3
SIM4
1
21
22
SIM5
SIM1
SIM2
SIM3
SIM4
1
21
22
SIM5
SIM1
SIM2
SIM3
SIM4
1
21
22
SIM5
SIM1
SIM2
SIM3
SIM4
1
21
22
SIM5
SIM1
SIM2
SIM3
SIM4
1
21
22
SIM5
SIM1
SIM2
SIM3
SIM4
1
21
22
SIM5
SIM1
SIM2
SIM3
SIM4
1
21
22
SIM5
SIM1
SIM2
SIM3
SIM4
1
21
22
SIM5
SIM1
SIM2
SIM3
SIM4
1
21
22
SIM5
SIM1
SIM2
SIM3
SIM4
1
21
22
SIM5
SIM1
SIM2
SIM3
SIM4
1
21
22
SIM5
SIM1
SIM2
SIM3
SIM4
1
21
22
SIM5
SIM1
SIM2
SIM3
SIM4
1
21
22
SIM5
SIM1
SIM2
SIM3
SIM4
1
21
22
SIM5
SIM1
SIM2
SIM3
SIM4
1
21
22
SIM5
SIM1
SIM2
SIM3
SIM4
1
21
22
SIM5
SIM1
SIM2
SIM3
SIM4
1
21
22
SIM5
SIM1
SIM2
SIM3
SIM4
1
21
22
SIM5
SIM1
SIM2
SIM3
SIM4
1
21
22
SIM5
SIM1
SIM2
SIM3
SIM4
1
21
22
SIM5
SIM1
SIM2
SIM3
SIM4
1
21
22
SIM5
SIM1
SIM2
SIM3
SIM4
1
21
22
SIM5
SIM1
SIM2
SIM3
SIM4
1
21
22
SIM5
SIM1
SIM2
SIM3
SIM4
1
21
22
SIM5
SIM1
SIM2
SIM3
SIM4
1
21
22
SIM5
SIM1
SIM2
SIM3
SIM4
1
21
22
SIM5
SIM1
SIM2
SIM3
SIM4
1
21
22
SIM5
SIM1
SIM2
SIM3
SIM4
1
21
22
SIM5
SIM1
SIM2
SIM3
SIM4
1
21
22
SIM5
SIM1
SIM2
SIM3
SIM4
1
21
22
SIM5
SIM1
SIM2
SIM3
SIM4
1
21
22
SIM5
SIM1
SIM2
SIM3
SIM4
1
21
22
SIM5
SIM1
SIM2
SIM3
SIM4
1
21
22
SIM5
SIM1
SIM2
SIM3
SIM4
1
21
22
SIM5
SIM1
SIM2
SIM3
SIM4
1
21
22
SIM5
SIM1
SIM2
SIM3
SIM4
1
21
22
SIM5
SIM1
SIM2
SIM3
SIM4
1
21
22
SIM5
SIM1
SIM2
SIM3
SIM4
1
21
22
SIM5
SIM1
SIM2
DEBUG 1 721
SIM1
SIM2
SIM3
SIM4
1
21
22
SIM5
SIM1
SIM2
SIM3
SIM4
1
21
22
SIM5
SIM1
SIM2
SIM3
SIM4
1
21
22
SIM5
SIM1
SIM2
SIM3
SIM4
1
21
22
SIM5
SIM1
SIM2
SIM3
SIM4
1
21
22
SIM5
SIM1
SIM2
SIM3
SIM4
1
21
22
SIM5
SIM1
SIM2
SIM3
SIM4
1
21
22
SIM5
SIM1
SIM2
SIM3
SIM4
1
21
22
SIM5
SIM1
SIM2
SIM3
SIM4
1
21
22
SIM5
SIM1
SIM2
SIM3
SIM4
1
21
22
SIM5
SIM1
SIM2
SIM3
SIM4
1
21
22
SIM5
SIM1
SIM2
SIM3
SIM4
1
21
22
SIM5
SIM1
SIM2
SIM3
SIM4
1
21
22
SIM5
SIM1
SIM2
SIM3
SIM4
1
21
22
SIM5
SIM1
SIM2
SIM3
SIM4
1
21
22
SIM5
SIM1
SIM2
SIM3
SIM4
1
21
22
SIM5
SIM1
SIM2
SIM3
SIM4
1
21
22
SIM5
SIM1
SIM2
SIM3
SIM4
1
21
22
SIM5
SIM1
SIM2
SIM3
SIM4
1
21
22
SIM5
SIM1
SIM2
SIM3
SIM4
1
21
22
SIM5
SIM1
SIM2
SIM3
SIM4
1
21
22
SIM5
SIM1
SIM2
SIM3
SIM4
1
21
22
SIM5
SIM1
SIM2
SIM3
SIM4
1
21
22
SIM5
SIM1
SIM2
SIM3
SIM4
1
21
22
SIM5
SIM1
SIM2
SIM3
SIM4
1
21
22
SIM5
SIM1
SIM2
SIM3
SIM4
1
21
22
SIM5
SIM1
SIM2
SIM3
SIM4
1
21
22
SIM5
SIM1
SIM2
SIM3
SIM4
1
21
22
SIM5
SIM1
SIM2
SIM3
SIM4
1
21
22
SIM5
SIM1
SIM2
SIM3
SIM4
1
21
22
SIM5
SIM1
SIM2
SIM3
SIM4
1
21
22
SIM5
SIM1
SIM2
SIM3
SIM4
1
21
22
SIM5
SIM1
SIM2
SIM3
SIM4
1
21
22
SIM5
SIM1
SIM2
SIM3
SIM4
1
21
22
SIM5
SIM1
SIM2
SIM3
SIM4
1
21
22
SIM5
SIM1
SIM2
SIM3
SIM4
1
21
22
SIM5
SIM1
SIM2
SIM3
SIM4
1
21
22
SIM5
SIM1
SIM2
SIM3
SIM4
1
21
22
SIM5
SIM1
SIM2
SIM3
SIM4
1
21
22
SIM5
SIM1
SIM2
SIM3
SIM4
1
21
22
SIM5
SIM1
SIM2
SIM3
SIM4
1
21
22
SIM5
SIM1
SIM2
SIM3
SIM4
1
21
22
SIM5
SIM1
SIM2
SIM3
SIM4
1
21
22
SIM5
SIM1
SIM2
SIM3
SIM4
1
21
22
SIM5
SIM1
SIM2
SIM3
SIM4
1
21
22
SIM5
SIM1
SIM2
SIM3
SIM4
1
21
22
SIM5
SIM1
SIM2
SIM3
SIM4
1
21
22
SIM5
SIM1
SIM2
SIM3
SIM4
1
21
22
SIM5
SIM1
SIM2
SIM3
SIM4
1
21
22
SIM5
SIM1
SIM2
SIM3
SIM4
1
21
22
SIM5
SIM1
SIM2
SIM3
SIM4
1
21
22
SIM5
SIM1
SIM2
SIM3
SIM4
1
21
22
SIM5
SIM1
SIM2
SIM3
SIM4
1
21
22
SIM5
SIM1
SIM2
SIM3
SIM4
1
21
22
SIM5
SIM1
SIM2
SIM3
SIM4
1
21
22
SIM5
SIM1
SIM2
SIM3
SIM4
1
21
22
SIM5
SIM1
SIM2
SIM3
SIM4
1
21
22
SIM5
SIM1
SIM2
SIM3
SIM4
1
21
22
SIM5
SIM1
SIM2
SIM3
SIM4
1
21
22
SIM5
SIM1
SIM2
SIM3
SIM4
1
21
22
SIM5
SIM1
SIM2
SIM3
SIM4
1
21
22
SIM5
SIM1
SIM2
SIM3
SIM4
1
21
22
SIM5
SIM1
SIM2
SIM3
SIM4
1
21
22
SIM5
SIM1
SIM2
SIM3
SIM4
1
21
22
SIM5
SIM1
SIM2
SIM3
SIM4
1
21
22
SIM5
SIM1
SIM2
SIM3
SIM4
1
21
22
SIM5
SIM1
SIM2
SIM3
SIM4
1
21
22
SIM5
SIM1
SIM2
SIM3
SIM4
1
21
22
SIM5
SIM1
SIM2
SIM3
SIM4
1
21
22
SIM5
SIM1
SIM2
SIM3
SIM4
1
21
22
SIM5
SIM1
SIM2
SIM3
SIM4
1
21
22
SIM5
SIM1
SIM2
SIM3
SIM4
1
21
22
SIM5
SIM1
SIM2
SIM3
SIM4
1
21
22
SIM5
SIM1
SIM2
SIM3
SIM4
1
21
22
SIM5
SIM1
SIM2
SIM3
SIM4
1
21
22
SIM5
SIM1
SIM2
SIM3
SIM4
1
21
22
SIM5
SIM1
SIM2
SIM3
SIM4
1
21
22
SIM5
SIM1
SIM2
SIM3
SIM4
1
21
22
SIM5
SIM1
SIM2
SIM3
SIM4
1
21
22
SIM5
SIM1
SIM2
SIM3
SIM4
1
21
22
SIM5
SIM1
SIM2
SIM3
SIM4
1
21
22
SIM5
SIM1
SIM2
SIM3
SIM4
1
21
22
SIM5
SIM1
SIM2
SIM3
SIM4
1
21
22
SIM5
SIM1
SIM2
SIM3
SIM4
1
21
22
SIM5
SIM1
SIM2
SIM3
SIM4
1
21
22
SIM5
SIM1
SIM2
SIM3
SIM4
1
21
22
SIM5
SIM1
SIM2
SIM3
SIM4
1
21
22
SIM5
SIM1
SIM2
SIM3
SIM4
1
21
22
SIM5
SIM1
SIM2
SIM3
SIM4
1
21
22
SIM5
SIM1
SIM2
SIM3
SIM4
1
21
22
SIM5
SIM1
SIM2
SIM3
SIM4
1
21
22
SIM5
SIM1
SIM2
SIM3
SIM4
1
21
22
SIM5
SIM1
SIM2
SIM3
SIM4
1
21
22
SIM5
SIM1
SIM2
SIM3
SIM4
1
21
22
SIM5
SIM1
SIM2
SIM3
SIM4
1
21
22
SIM5
SIM1
SIM2
SIM3
SIM4
1
21
22
SIM5
SIM1
SIM2
SIM3
SIM4
1
21
22
SIM5
SIM1
SIM2
SIM3
SIM4
1
21
22
SIM5
SIM1
SIM2
SIM3
SIM4
1
21
22
SIM5
SIM1
SIM2
SIM3
SIM4
1
21
22
SIM5
SIM1
SIM2
SIM3
SIM4
1
21
22
SIM5
SIM1
SIM2
SIM3
SIM4
1
21
22
SIM5
SIM1
SIM2
SIM3
SIM4
1
21
22
SIM5
SIM1
SIM2
SIM3
SIM4
1
21
22
SIM5
SIM1
SIM2
SIM3
SIM4
1
21
22
SIM5
SIM1
SIM2
SIM3
SIM4
1
21
22
SIM5
SIM1
SIM2
SIM3
SIM4
1
21
22
SIM5
SIM1
SIM2
SIM3
SIM4
1
21
22
SIM5
SIM1
SIM2
SIM3
SIM4
1
21
22
SIM5
SIM1
SIM2
SIM3
SIM4
1
21
22
SIM5
SIM1
SIM2
SIM3
SIM4
1
21
22
SIM5
SIM1
SIM2
SIM3
SIM4
1
21
22
SIM5
SIM1
SIM2
SIM3
SIM4
1
21
22
SIM5
SIM1
SIM2
SIM3
SIM4
1
21
22
SIM5
SIM1
SIM2
SIM3
SIM4
1
21
22
SIM5
SIM1
SIM2
SIM3
SIM4
1
21
22
SIM5
SIM1
SIM2
SIM3
SIM4
1
21
22
SIM5
SIM1
SIM2
SIM3
SIM4
1
21
22
SIM5
SIM1
SIM2
SIM3
SIM4
1
21
22
SIM5
SIM1
SIM2
SIM3
SIM4
1
21
22
SIM5
SIM1
SIM2
SIM3
SIM4
1
21
22
SIM5
SIM1
SIM2
SIM3
SIM4
1
21
22
SIM5
SIM1
SIM2
SIM3
SIM4
1
21
22
SIM5
SIM1
SIM2
SIM3
SIM4
1
21
22
SIM5
SIM1
SIM2
SIM3
SIM4
1
21
22
SIM5
SIM1
SIM2
SIM3
SIM4
1
21
22
SIM5
SIM1
SIM2
SIM3
SIM4
1
21
22
SIM5
SIM1
SIM2
SIM3
SIM4
1
21
22
SIM5
SIM1
SIM2
SIM3
SIM4
1
21
22
SIM5
SIM1
SIM2
SIM3
SIM4
1
21
22
SIM5
SIM1
SIM2
SIM3
SIM4
1
21
22
SIM5
SIM1
SIM2
SIM3
SIM4
1
21
22
SIM5
SIM1
SIM2
SIM3
SIM4
1
21
22
SIM5
SIM1
SIM2
SIM3
SIM4
1
21
22
SIM5
SIM1
SIM2
SIM3
SIM4
1
21
22
SIM5
SIM1
SIM2
SIM3
SIM4
1
21
22
SIM5
SIM1
SIM2
SIM3
SIM4
1
21
22
SIM5
SIM1
SIM2
SIM3
SIM4
1
21
22
SIM5
SIM1
SIM2
SIM3
SIM4
1
21
22
SIM5
SIM1
SIM2
SIM3
SIM4
1
21
22
SIM5
SIM1
SIM2
SIM3
SIM4
1
21
22
SIM5
SIM1
SIM2
SIM3
SIM4
1
21
22
SIM5
SIM1
SIM2
SIM3
SIM4
1
21
22
SIM5
SIM1
SIM2
SIM3
SIM4
1
21
22
SIM5
SIM1
SIM2
SIM3
SIM4
1
21
22
SIM5
SIM1
SIM2
SIM3
SIM4
1
21
22
SIM5
SIM1
SIM2
SIM3
SIM4
1
21
22
SIM5
SIM1
SIM2
SIM3
SIM4
1
21
22
SIM5
SIM1
SIM2
SIM3
SIM4
1
21
22
SIM5
SIM1
SIM2
SIM3
SIM4
1
21
22
SIM5
SIM1
SIM2
SIM3
SIM4
1
21
22
SIM5
SIM1
SIM2
SIM3
SIM4
1
21
22
SIM5
SIM1
SIM2
SIM3
SIM4
1
21
22
SIM5
SIM1
SIM2
SIM3
SIM4
1
21
22
SIM5
SIM1
SIM2
SIM3
SIM4
1
21
22
SIM5
SIM1
SIM2
SIM3
SIM4
1
21
22
SIM5
SIM1
SIM2
SIM3
SIM4
1
21
22
SIM5
SIM1
SIM2
SIM3
SIM4
1
21
22
SIM5
SIM1
SIM2
SIM3
SIM4
1
21
22
SIM5
SIM1
SIM2
SIM3
SIM4
1
21
22
SIM5
SIM1
SIM2
SIM3
SIM4
1
21
22
SIM5
SIM1
SIM2
SIM3
SIM4
1
21
22
SIM5
SIM1
SIM2
SIM3
SIM4
1
21
22
SIM5
SIM1
SIM2
SIM3
SIM4
1
21
22
SIM5
SIM1
SIM2
SIM3
SIM4
1
21
22
SIM5
SIM1
SIM2
SIM3
SIM4
1
21
22
SIM5
SIM1
SIM2
SIM3
SIM4
1
21
22
SIM5
SIM1
SIM2
SIM3
SIM4
1
21
22
SIM5
SIM1
SIM2
SIM3
SIM4
1
21
22
SIM5
SIM1
SIM2
SIM3
SIM4
1
21
22
SIM5
SIM1
SIM2
SIM3
SIM4
1
21
22
SIM5
SIM1
SIM2
SIM3
SIM4
1
21
22
SIM5
SIM1
SIM2
SIM3
SIM4
1
21
22
SIM5
SIM1
SIM2
SIM3
SIM4
1
21
22
SIM5
SIM1
SIM2
SIM3
SIM4
1
21
22
SIM5
SIM1
SIM2
SIM3
SIM4
1
21
22
SIM5
SIM1
SIM2
SIM3
SIM4
1
21
22
SIM5
SIM1
SIM2
SIM3
SIM4
1
21
22
SIM5
SIM1
SIM2
SIM3
SIM4
1
21
22
SIM5
SIM1
SIM2
SIM3
SIM4
1
21
22
SIM5
SIM1
SIM2
SIM3
SIM4
1
21
22
SIM5
SIM1
SIM2
SIM3
SIM4
1
21
22
SIM5
SIM1
SIM2
SIM3
SIM4
1
21
22
SIM5
SIM1
SIM2
SIM3
SIM4
1
21
22
SIM5
SIM1
SIM2
SIM3
SIM4
1
21
22
SIM5
SIM1
SIM2
SIM3
SIM4
1
21
22
SIM5
SIM1
SIM2
SIM3
SIM4
1
21
22
SIM5
SIM1
SIM2
SIM3
SIM4
1
21
22
SIM5
SIM1
SIM2
SIM3
SIM4
1
21
22
SIM5
SIM1
SIM2
SIM3
SIM4
1
21
22
SIM5
SIM1
SIM2
SIM3
SIM4
1
21
22
SIM5
SIM1
SIM2
SIM3
SIM4
1
21
22
SIM5
SIM1
SIM2
SIM3
SIM4
1
21
22
SIM5
SIM1
SIM2
SIM3
SIM4
1
21
22
SIM5
SIM1
SIM2
SIM3
SIM4
1
21
22
SIM5
SIM1
SIM2
SIM3
SIM4
1
21
22
SIM5
SIM1
SIM2
SIM3
SIM4
1
21
22
SIM5
SIM1
SIM2
SIM3
SIM4
1
21
22
SIM5
SIM1
SIM2
SIM3
SIM4
1
21
22
SIM5
SIM1
SIM2
SIM3
SIM4
1
21
22
SIM5
SIM1
SIM2
SIM3
SIM4
1
21
22
SIM5
SIM1
SIM2
SIM3
SIM4
1
21
22
SIM5
SIM1
SIM2
SIM3
SIM4
1
21
22
SIM5
SIM1
SIM2
SIM3
SIM4
1
21
22
SIM5
SIM1
SIM2
SIM3
SIM4
1
21
22
SIM5
SIM1
SIM2
SIM3
SIM4
1
21
22
SIM5
SIM1
SIM2
SIM3
SIM4
1
21
22
SIM5
SIM1
SIM2
SIM3
SIM4
1
21
22
SIM5
SIM1
SIM2
SIM3
SIM4
1
21
22
SIM5
SIM1
SIM2
SIM3
SIM4
1
21
22
SIM5
SIM1
SIM2
SIM3
SIM4
1
21
22
SIM5
SIM1
SIM2
SIM3
SIM4
1
21
22
SIM5
SIM1
SIM2
SIM3
SIM4
1
21
22
SIM5
SIM1
SIM2
SIM3
SIM4
1
21
22
SIM5
SIM1
SIM2
SIM3
SIM4
1
21
22
SIM5
SIM1
SIM2
SIM3
SIM4
1
21
22
SIM5
SIM1
SIM2
SIM3
SIM4
1
21
22
SIM5
SIM1
SIM2
SIM3
SIM4
1
21
22
SIM5
SIM1
SIM2
SIM3
SIM4
1
21
22
SIM5
SIM1
SIM2
SIM3
SIM4
1
21
22
SIM5
SIM1
SIM2
SIM3
SIM4
1
21
22
SIM5
SIM1
SIM2
SIM3
SIM4
1
21
22
SIM5
SIM1
SIM2
SIM3
SIM4
1
21
22
SIM5
SIM1
SIM2
SIM3
SIM4
1
21
22
SIM5
SIM1
SIM2
SIM3
SIM4
1
21
22
SIM5
SIM1
SIM2
SIM3
SIM4
1
21
22
SIM5
SIM1
SIM2
SIM3
SIM4
1
21
22
SIM5
SIM1
SIM2
SIM3
SIM4
1
21
22
SIM5
SIM1
SIM2
SIM3
SIM4
1
21
22
SIM5
SIM1
SIM2
SIM3
SIM4
1
21
22
SIM5
SIM1
SIM2
SIM3
SIM4
1
21
22
SIM5
SIM1
SIM2
SIM3
SIM4
1
21
22
SIM5
SIM1
SIM2
SIM3
SIM4
1
21
22
SIM5
SIM1
SIM2
SIM3
SIM4
1
21
22
SIM5
SIM1
SIM2
SIM3
SIM4
1
21
22
SIM5
SIM1
SIM2
SIM3
SIM4
1
21
22
SIM5
SIM1
SIM2
SIM3
SIM4
1
21
22
SIM5
SIM1
SIM2
SIM3
SIM4
1
21
22
SIM5
SIM1
SIM2
SIM3
SIM4
1
21
22
SIM5
SIM1
SIM2
SIM3
SIM4
1
21
22
SIM5
SIM1
SIM2
SIM3
SIM4
1
21
22
SIM5
SIM1
SIM2
SIM3
SIM4
1
21
22
SIM5
SIM1
SIM2
DEBUG 1 722
SIM1
SIM2
SIM3
SIM4
1
21
22
SIM5
SIM1
SIM2
SIM3
SIM4
1
21
22
SIM5
SIM1
SIM2
SIM3
SIM4
1
21
22
SIM5
SIM1
SIM2
SIM3
SIM4
1
21
22
SIM5
SIM1
SIM2
SIM3
SIM4
1
21
22
SIM5
SIM1
SIM2
SIM3
SIM4
1
21
22
SIM5
SIM1
SIM2
SIM3
SIM4
1
21
22
SIM5
SIM1
SIM2
SIM3
SIM4
1
21
22
SIM5
SIM1
SIM2
SIM3
SIM4
1
21
22
SIM5
SIM1
SIM2
SIM3
SIM4
1
21
22
SIM5
SIM1
SIM2
SIM3
SIM4
1
21
22
SIM5
SIM1
SIM2
SIM3
SIM4
1
21
22
SIM5
SIM1
SIM2
SIM3
SIM4
1
21
22
SIM5
SIM1
SIM2
SIM3
SIM4
1
21
22
SIM5
SIM1
SIM2
SIM3
SIM4
1
21
22
SIM5
SIM1
SIM2
SIM3
SIM4
1
21
22
SIM5
SIM1
SIM2
SIM3
SIM4
1
21
22
SIM5
SIM1
SIM2
SIM3
SIM4
1
21
22
SIM5
SIM1
SIM2
SIM3
SIM4
1
21
22
SIM5
SIM1
SIM2
SIM3
SIM4
1
21
22
SIM5
SIM1
SIM2
SIM3
SIM4
1
21
22
SIM5
SIM1
SIM2
SIM3
SIM4
1
21
22
SIM5
SIM1
SIM2
SIM3
SIM4
1
21
22
SIM5
SIM1
SIM2
SIM3
SIM4
1
21
22
SIM5
SIM1
SIM2
SIM3
SIM4
1
21
22
SIM5
SIM1
SIM2
SIM3
SIM4
1
21
22
SIM5
SIM1
SIM2
SIM3
SIM4
1
21
22
SIM5
SIM1
SIM2
SIM3
SIM4
1
21
22
SIM5
SIM1
SIM2
SIM3
SIM4
1
21
22
SIM5
SIM1
SIM2
SIM3
SIM4
1
21
22
SIM5
SIM1
SIM2
SIM3
SIM4
1
21
22
SIM5
SIM1
SIM2
SIM3
SIM4
1
21
22
SIM5
SIM1
SIM2
SIM3
SIM4
1
21
22
SIM5
SIM1
SIM2
SIM3
SIM4
1
21
22
SIM5
SIM1
SIM2
SIM3
SIM4
1
21
22
SIM5
SIM1
SIM2
SIM3
SIM4
1
21
22
SIM5
SIM1
SIM2
SIM3
SIM4
1
21
22
SIM5
SIM1
SIM2
SIM3
SIM4
1
21
22
SIM5
SIM1
SIM2
SIM3
SIM4
1
21
22
SIM5
SIM1
SIM2
SIM3
SIM4
1
21
22
SIM5
SIM1
SIM2
SIM3
SIM4
1
21
22
SIM5
SIM1
SIM2
SIM3
SIM4
1
21
22
SIM5
SIM1
SIM2
SIM3
SIM4
1
21
22
SIM5
SIM1
SIM2
SIM3
SIM4
1
21
22
SIM5
SIM1
SIM2
SIM3
SIM4
1
21
22
SIM5
SIM1
SIM2
SIM3
SIM4
1
21
22
SIM5
SIM1
SIM2
SIM3
SIM4
1
21
22
SIM5
SIM1
SIM2
SIM3
SIM4
1
21
22
SIM5
SIM1
SIM2
SIM3
SIM4
1
21
22
SIM5
SIM1
SIM2
SIM3
SIM4
1
21
22
SIM5
SIM1
SIM2
SIM3
SIM4
1
21
22
SIM5
SIM1
SIM2
SIM3
SIM4
1
21
22
SIM5
SIM1
SIM2
SIM3
SIM4
1
21
22
SIM5
SIM1
SIM2
SIM3
SIM4
1
21
22
SIM5
SIM1
SIM2
SIM3
SIM4
1
21
22
SIM5
SIM1
SIM2
SIM3
SIM4
1
21
22
SIM5
SIM1
SIM2
SIM3
SIM4
1
21
22
SIM5
SIM1
SIM2
SIM3
SIM4
1
21
22
SIM5
SIM1
SIM2
SIM3
SIM4
1
21
22
SIM5
SIM1
SIM2
SIM3
SIM4
1
21
22
SIM5
SIM1
SIM2
SIM3
SIM4
1
21
22
SIM5
SIM1
SIM2
SIM3
SIM4
1
21
22
SIM5
SIM1
SIM2
SIM3
SIM4
1
21
22
SIM5
SIM1
SIM2
SIM3
SIM4
1
21
22
SIM5
SIM1
SIM2
SIM3
SIM4
1
21
22
SIM5
SIM1
SIM2
SIM3
SIM4
1
21
22
SIM5
SIM1
SIM2
SIM3
SIM4
1
21
22
SIM5
SIM1
SIM2
SIM3
SIM4
1
21
22
SIM5
SIM1
SIM2
SIM3
SIM4
1
21
22
SIM5
SIM1
SIM2
SIM3
SIM4
1
21
22
SIM5
SIM1
SIM2
SIM3
SIM4
1
21
22
SIM5
SIM1
SIM2
SIM3
SIM4
1
21
22
SIM5
SIM1
SIM2
SIM3
SIM4
1
21
22
SIM5
SIM1
SIM2
SIM3
SIM4
1
21
22
SIM5
SIM1
SIM2
SIM3
SIM4
1
21
22
SIM5
SIM1
SIM2
SIM3
SIM4
1
21
22
SIM5
SIM1
SIM2
SIM3
SIM4
1
21
22
SIM5
SIM1
SIM2
SIM3
SIM4
1
21
22
SIM5
SIM1
SIM2
SIM3
SIM4
1
21
22
SIM5
SIM1
SIM2
SIM3
SIM4
1
21
22
SIM5
SIM1
SIM2
SIM3
SIM4
1
21
22
SIM5
SIM1
SIM2
SIM3
SIM4
1
21
22
SIM5
SIM1
SIM2
SIM3
SIM4
1
21
22
SIM5
SIM1
SIM2
SIM3
SIM4
1
21
22
SIM5
SIM1
SIM2
SIM3
SIM4
1
21
22
SIM5
SIM1
SIM2
SIM3
SIM4
1
21
22
SIM5
SIM1
SIM2
SIM3
SIM4
1
21
22
SIM5
SIM1
SIM2
SIM3
SIM4
1
21
22
SIM5
SIM1
SIM2
SIM3
SIM4
1
21
22
SIM5
SIM1
SIM2
SIM3
SIM4
1
21
22
SIM5
SIM1
SIM2
SIM3
SIM4
1
21
22
SIM5
SIM1
SIM2
SIM3
SIM4
1
21
22
SIM5
SIM1
SIM2
SIM3
SIM4
1
21
22
SIM5
SIM1
SIM2
SIM3
SIM4
1
21
22
SIM5
SIM1
SIM2
SIM3
SIM4
1
21
22
SIM5
SIM1
SIM2
SIM3
SIM4
1
21
22
SIM5
SIM1
SIM2
SIM3
SIM4
1
21
22
SIM5
SIM1
SIM2
SIM3
SIM4
1
21
22
SIM5
SIM1
SIM2
SIM3
SIM4
1
21
22
SIM5
SIM1
SIM2
SIM3
SIM4
1
21
22
SIM5
SIM1
SIM2
SIM3
SIM4
1
21
22
SIM5
SIM1
SIM2
SIM3
SIM4
1
21
22
SIM5
SIM1
SIM2
SIM3
SIM4
1
21
22
SIM5
SIM1
SIM2
SIM3
SIM4
1
21
22
SIM5
SIM1
SIM2
SIM3
SIM4
1
21
22
SIM5
SIM1
SIM2
SIM3
SIM4
1
21
22
SIM5
SIM1
SIM2
SIM3
SIM4
1
21
22
SIM5
SIM1
SIM2
SIM3
SIM4
1
21
22
SIM5
SIM1
SIM2
SIM3
SIM4
1
21
22
SIM5
SIM1
SIM2
SIM3
SIM4
1
21
22
SIM5
SIM1
SIM2
SIM3
SIM4
1
21
22
SIM5
SIM1
SIM2
SIM3
SIM4
1
21
22
SIM5
SIM1
SIM2
SIM3
SIM4
1
21
22
SIM5
SIM1
SIM2
SIM3
SIM4
1
21
22
SIM5
SIM1
SIM2
SIM3
SIM4
1
21
22
SIM5
SIM1
SIM2
SIM3
SIM4
1
21
22
SIM5
SIM1
SIM2
SIM3
SIM4
1
21
22
SIM5
SIM1
SIM2
SIM3
SIM4
1
21
22
SIM5
SIM1
SIM2
SIM3
SIM4
1
21
22
SIM5
SIM1
SIM2
SIM3
SIM4
1
21
22
SIM5
SIM1
SIM2
SIM3
SIM4
1
21
22
SIM5
SIM1
SIM2
SIM3
SIM4
1
21
22
SIM5
SIM1
SIM2
SIM3
SIM4
1
21
22
SIM5
SIM1
SIM2
SIM3
SIM4
1
21
22
SIM5
SIM1
SIM2
SIM3
SIM4
1
21
22
SIM5
SIM1
SIM2
SIM3
SIM4
1
21
22
SIM5
SIM1
SIM2
SIM3
SIM4
1
21
22
SIM5
SIM1
SIM2
SIM3
SIM4
1
21
22
SIM5
SIM1
SIM2
SIM3
SIM4
1
21
22
SIM5
SIM1
SIM2
SIM3
SIM4
1
21
22
SIM5
SIM1
SIM2
SIM3
SIM4
1
21
22
SIM5
SIM1
SIM2
SIM3
SIM4
1
21
22
SIM5
SIM1
SIM2
SIM3
SIM4
1
21
22
SIM5
SIM1
SIM2
SIM3
SIM4
1
21
22
SIM5
SIM1
SIM2
SIM3
SIM4
1
21
22
SIM5
SIM1
SIM2
SIM3
SIM4
1
21
22
SIM5
SIM1
SIM2
SIM3
SIM4
1
21
22
SIM5
SIM1
SIM2
SIM3
SIM4
1
21
22
SIM5
SIM1
SIM2
SIM3
SIM4
1
21
22
SIM5
SIM1
SIM2
SIM3
SIM4
1
21
22
SIM5
SIM1
SIM2
SIM3
SIM4
1
21
22
SIM5
SIM1
SIM2
SIM3
SIM4
1
21
22
SIM5
SIM1
SIM2
SIM3
SIM4
1
21
22
SIM5
SIM1
SIM2
SIM3
SIM4
1
21
22
SIM5
SIM1
SIM2
SIM3
SIM4
1
21
22
SIM5
SIM1
SIM2
SIM3
SIM4
1
21
22
SIM5
SIM1
SIM2
SIM3
SIM4
1
21
22
SIM5
SIM1
SIM2
SIM3
SIM4
1
21
22
SIM5
SIM1
SIM2
SIM3
SIM4
1
21
22
SIM5
SIM1
SIM2
SIM3
SIM4
1
21
22
SIM5
SIM1
SIM2
SIM3
SIM4
1
21
22
SIM5
SIM1
SIM2
SIM3
SIM4
1
21
22
SIM5
SIM1
SIM2
DEBUG 1 723
SIM1
SIM2
SIM3
SIM4
1
21
22
SIM5
SIM1
SIM2
SIM3
SIM4
1
21
22
SIM5
SIM1
SIM2
SIM3
SIM4
1
21
22
SIM5
SIM1
SIM2
SIM3
SIM4
1
21
22
SIM5
SIM1
SIM2
SIM3
SIM4
1
21
22
SIM5
SIM1
SIM2
SIM3
SIM4
1
21
22
SIM5
SIM1
SIM2
SIM3
SIM4
1
21
22
SIM5
SIM1
SIM2
SIM3
SIM4
1
21
22
SIM5
SIM1
SIM2
SIM3
SIM4
1
21
22
SIM5
SIM1
SIM2
SIM3
SIM4
1
21
22
SIM5
SIM1
SIM2
SIM3
SIM4
1
21
22
SIM5
SIM1
SIM2
SIM3
SIM4
1
21
22
SIM5
SIM1
SIM2
SIM3
SIM4
1
21
22
SIM5
SIM1
SIM2
SIM3
SIM4
1
21
22
SIM5
SIM1
SIM2
SIM3
SIM4
1
21
22
SIM5
SIM1
SIM2
SIM3
SIM4
1
21
22
SIM5
SIM1
SIM2
SIM3
SIM4
1
21
22
SIM5
SIM1
SIM2
SIM3
SIM4
1
21
22
SIM5
SIM1
SIM2
SIM3
SIM4
1
21
22
SIM5
SIM1
SIM2
SIM3
SIM4
1
21
22
SIM5
SIM1
SIM2
SIM3
SIM4
1
21
22
SIM5
SIM1
SIM2
SIM3
SIM4
1
21
22
SIM5
SIM1
SIM2
SIM3
SIM4
1
21
22
SIM5
SIM1
SIM2
SIM3
SIM4
1
21
22
SIM5
SIM1
SIM2
SIM3
SIM4
1
21
22
SIM5
SIM1
SIM2
SIM3
SIM4
1
21
22
SIM5
SIM1
SIM2
SIM3
SIM4
1
21
22
SIM5
SIM1
SIM2
SIM3
SIM4
1
21
22
SIM5
SIM1
SIM2
SIM3
SIM4
1
21
22
SIM5
SIM1
SIM2
SIM3
SIM4
1
21
22
SIM5
SIM1
SIM2
SIM3
SIM4
1
21
22
SIM5
SIM1
SIM2
SIM3
SIM4
1
21
22
SIM5
SIM1
SIM2
SIM3
SIM4
1
21
22
SIM5
SIM1
SIM2
SIM3
SIM4
1
21
22
SIM5
SIM1
SIM2
SIM3
SIM4
1
21
22
SIM5
SIM1
SIM2
SIM3
SIM4
1
21
22
SIM5
SIM1
SIM2
SIM3
SIM4
1
21
22
SIM5
SIM1
SIM2
SIM3
SIM4
1
21
22
SIM5
SIM1
SIM2
SIM3
SIM4
1
21
22
SIM5
SIM1
SIM2
SIM3
SIM4
1
21
22
SIM5
SIM1
SIM2
SIM3
SIM4
1
21
22
SIM5
SIM1
SIM2
SIM3
SIM4
1
21
22
SIM5
SIM1
SIM2
SIM3
SIM4
1
21
22
SIM5
SIM1
SIM2
SIM3
SIM4
1
21
22
SIM5
SIM1
SIM2
SIM3
SIM4
1
21
22
SIM5
SIM1
SIM2
SIM3
SIM4
1
21
22
SIM5
SIM1
SIM2
SIM3
SIM4
1
21
22
SIM5
SIM1
SIM2
SIM3
SIM4
1
21
22
SIM5
SIM1
SIM2
SIM3
SIM4
1
21
22
SIM5
SIM1
SIM2
SIM3
SIM4
1
21
22
SIM5
SIM1
SIM2
SIM3
SIM4
1
21
22
SIM5
SIM1
SIM2
SIM3
SIM4
1
21
22
SIM5
SIM1
SIM2
SIM3
SIM4
1
21
22
SIM5
SIM1
SIM2
SIM3
SIM4
1
21
22
SIM5
SIM1
SIM2
SIM3
SIM4
1
21
22
SIM5
SIM1
SIM2
SIM3
SIM4
1
21
22
SIM5
SIM1
SIM2
SIM3
SIM4
1
21
22
SIM5
SIM1
SIM2
SIM3
SIM4
1
21
22
SIM5
SIM1
SIM2
SIM3
SIM4
1
21
22
SIM5
SIM1
SIM2
SIM3
SIM4
1
21
22
SIM5
SIM1
SIM2
SIM3
SIM4
1
21
22
SIM5
SIM1
SIM2
SIM3
SIM4
1
21
22
SIM5
SIM1
SIM2
SIM3
SIM4
1
21
22
SIM5
SIM1
SIM2
SIM3
SIM4
1
21
22
SIM5
SIM1
SIM2
SIM3
SIM4
1
21
22
SIM5
SIM1
SIM2
SIM3
SIM4
1
21
22
SIM5
SIM1
SIM2
SIM3
SIM4
1
21
22
SIM5
SIM1
SIM2
SIM3
SIM4
1
21
22
SIM5
SIM1
SIM2
SIM3
SIM4
1
21
22
SIM5
SIM1
SIM2
SIM3
SIM4
1
21
22
SIM5
SIM1
SIM2
SIM3
SIM4
1
21
22
SIM5
SIM1
SIM2
SIM3
SIM4
1
21
22
SIM5
SIM1
SIM2
SIM3
SIM4
1
21
22
SIM5
SIM1
SIM2
SIM3
SIM4
1
21
22
SIM5
SIM1
SIM2
SIM3
SIM4
1
21
22
SIM5
SIM1
SIM2
SIM3
SIM4
1
21
22
SIM5
SIM1
SIM2
SIM3
SIM4
1
21
22
SIM5
SIM1
SIM2
SIM3
SIM4
1
21
22
SIM5
SIM1
SIM2
SIM3
SIM4
1
21
22
SIM5
SIM1
SIM2
SIM3
SIM4
1
21
22
SIM5
SIM1
SIM2
SIM3
SIM4
1
21
22
SIM5
SIM1
SIM2
SIM3
SIM4
1
21
22
SIM5
SIM1
SIM2
SIM3
SIM4
1
21
22
SIM5
SIM1
SIM2
SIM3
SIM4
1
21
22
SIM5
SIM1
SIM2
SIM3
SIM4
1
21
22
SIM5
SIM1
SIM2
SIM3
SIM4
1
21
22
SIM5
SIM1
SIM2
SIM3
SIM4
1
21
22
SIM5
SIM1
SIM2
SIM3
SIM4
1
21
22
SIM5
SIM1
SIM2
SIM3
SIM4
1
21
22
SIM5
SIM1
SIM2
SIM3
SIM4
1
21
22
SIM5
SIM1
SIM2
SIM3
SIM4
1
21
22
SIM5
SIM1
SIM2
SIM3
SIM4
1
21
22
SIM5
SIM1
SIM2
SIM3
SIM4
1
21
22
SIM5
SIM1
SIM2
SIM3
SIM4
1
21
22
SIM5
SIM1
SIM2
SIM3
SIM4
1
21
22
SIM5
SIM1
SIM2
SIM3
SIM4
1
21
22
SIM5
SIM1
SIM2
SIM3
SIM4
1
21
22
SIM5
SIM1
SIM2
SIM3
SIM4
1
21
22
SIM5
SIM1
SIM2
SIM3
SIM4
1
21
22
SIM5
SIM1
SIM2
SIM3
SIM4
1
21
22
SIM5
SIM1
SIM2
SIM3
SIM4
1
21
22
SIM5
SIM1
SIM2
SIM3
SIM4
1
21
22
SIM5
SIM1
SIM2
SIM3
SIM4
1
21
22
SIM5
SIM1
SIM2
SIM3
SIM4
1
21
22
SIM5
SIM1
SIM2
SIM3
SIM4
1
21
22
SIM5
SIM1
SIM2
SIM3
SIM4
1
21
22
SIM5
SIM1
SIM2
SIM3
SIM4
1
21
22
SIM5
SIM1
SIM2
SIM3
SIM4
1
21
22
SIM5
SIM1
SIM2
SIM3
SIM4
1
21
22
SIM5
SIM1
SIM2
SIM3
SIM4
1
21
22
SIM5
SIM1
SIM2
SIM3
SIM4
1
21
22
SIM5
SIM1
SIM2
SIM3
SIM4
1
21
22
SIM5
SIM1
SIM2
SIM3
SIM4
1
21
22
SIM5
SIM1
SIM2
SIM3
SIM4
1
21
22
SIM5
SIM1
SIM2
SIM3
SIM4
1
21
22
SIM5
SIM1
SIM2
SIM3
SIM4
1
21
22
SIM5
SIM1
SIM2
SIM3
SIM4
1
21
22
SIM5
SIM1
SIM2
SIM3
SIM4
1
21
22
SIM5
SIM1
SIM2
SIM3
SIM4
1
21
22
SIM5
SIM1
SIM2
SIM3
SIM4
1
21
22
SIM5
SIM1
SIM2
SIM3
SIM4
1
21
22
SIM5
SIM1
SIM2
SIM3
SIM4
1
21
22
SIM5
SIM1
SIM2
SIM3
SIM4
1
21
22
SIM5
SIM1
SIM2
SIM3
SIM4
1
21
22
SIM5
SIM1
SIM2
SIM3
SIM4
1
21
22
SIM5
SIM1
SIM2
SIM3
SIM4
1
21
22
SIM5
SIM1
SIM2
SIM3
SIM4
1
21
22
SIM5
SIM1
SIM2
SIM3
SIM4
1
21
22
SIM5
SIM1
SIM2
SIM3
SIM4
1
21
22
SIM5
SIM1
SIM2
SIM3
SIM4
1
21
22
SIM5
SIM1
SIM2
SIM3
SIM4
1
21
22
SIM5
SIM1
SIM2
SIM3
SIM4
1
21
22
SIM5
SIM1
SIM2
SIM3
SIM4
1
21
22
SIM5
SIM1
SIM2
SIM3
SIM4
1
21
22
SIM5
SIM1
SIM2
SIM3
SIM4
1
21
22
SIM5
SIM1
SIM2
SIM3
SIM4
1
21
22
SIM5
SIM1
SIM2
SIM3
SIM4
1
21
22
SIM5
SIM1
SIM2
SIM3
SIM4
1
21
22
SIM5
SIM1
SIM2
SIM3
SIM4
1
21
22
SIM5
SIM1
SIM2
SIM3
SIM4
1
21
22
SIM5
SIM1
SIM2
SIM3
SIM4
1
21
22
SIM5
SIM1
SIM2
SIM3
SIM4
1
21
22
SIM5
SIM1
SIM2
SIM3
SIM4
1
21
22
SIM5
SIM1
SIM2
SIM3
SIM4
1
21
22
SIM5
SIM1
SIM2
SIM3
SIM4
1
21
22
SIM5
SIM1
SIM2
SIM3
SIM4
1
21
22
SIM5
SIM1
SIM2
SIM3
SIM4
1
21
22
SIM5
SIM1
SIM2
SIM3
SIM4
1
21
22
SIM5
SIM1
SIM2
SIM3
SIM4
1
21
22
SIM5
SIM1
SIM2
SIM3
SIM4
1
21
22
SIM5
SIM1
SIM2
SIM3
SIM4
1
21
22
SIM5
SIM1
SIM2
SIM3
SIM4
1
21
22
SIM5
SIM1
SIM2
SIM3
SIM4
1
21
22
SIM5
SIM1
SIM2
SIM3
SIM4
1
21
22
SIM5
SIM1
SIM2
SIM3
SIM4
1
21
22
SIM5
SIM1
SIM2
SIM3
SIM4
1
21
22
SIM5
SIM1
SIM2
SIM3
SIM4
1
21
22
SIM5
SIM1
SIM2
SIM3
SIM4
1
21
22
SIM5
SIM1
SIM2
SIM3
SIM4
1
21
22
SIM5
SIM1
SIM2
SIM3
SIM4
1
21
22
SIM5
SIM1
SIM2
SIM3
SIM4
1
21
22
SIM5
SIM1
SIM2
SIM3
SIM4
1
21
22
SIM5
SIM1
SIM2
SIM3
SIM4
1
21
22
SIM5
SIM1
SIM2
SIM3
SIM4
1
21
22
SIM5
SIM1
SIM2
SIM3
SIM4
1
21
22
SIM5
SIM1
SIM2
SIM3
SIM4
1
21
22
SIM5
SIM1
SIM2
SIM3
SIM4
1
21
22
SIM5
SIM1
SIM2
SIM3
SIM4
1
21
22
SIM5
SIM1
SIM2
SIM3
SIM4
1
21
22
SIM5
SIM1
SIM2
SIM3
SIM4
1
21
22
SIM5
SIM1
SIM2
SIM3
SIM4
1
21
22
SIM5
SIM1
SIM2
SIM3
SIM4
1
21
22
SIM5
SIM1
SIM2
SIM3
SIM4
1
21
22
SIM5
SIM1
SIM2
SIM3
SIM4
1
21
22
SIM5
SIM1
SIM2
SIM3
SIM4
1
21
22
SIM5
SIM1
SIM2
SIM3
SIM4
1
21
22
SIM5
SIM1
SIM2
DEBUG 1 724
SIM1
SIM2
SIM3
SIM4
1
21
22
SIM5
SIM1
SIM2
SIM3
SIM4
1
21
22
SIM5
SIM1
SIM2
SIM3
SIM4
1
21
22
SIM5
SIM1
SIM2
SIM3
SIM4
1
21
22
SIM5
SIM1
SIM2
SIM3
SIM4
1
21
22
SIM5
SIM1
SIM2
SIM3
SIM4
1
21
22
SIM5
SIM1
SIM2
SIM3
SIM4
1
21
22
SIM5
SIM1
SIM2
SIM3
SIM4
1
21
22
SIM5
SIM1
SIM2
SIM3
SIM4
1
21
22
SIM5
SIM1
SIM2
SIM3
SIM4
1
21
22
SIM5
SIM1
SIM2
SIM3
SIM4
1
21
22
SIM5
SIM1
SIM2
SIM3
SIM4
1
21
22
SIM5
SIM1
SIM2
SIM3
SIM4
1
21
22
SIM5
SIM1
SIM2
SIM3
SIM4
1
21
22
SIM5
SIM1
SIM2
SIM3
SIM4
1
21
22
SIM5
SIM1
SIM2
SIM3
SIM4
1
21
22
SIM5
SIM1
SIM2
SIM3
SIM4
1
21
22
SIM5
SIM1
SIM2
SIM3
SIM4
1
21
22
SIM5
SIM1
SIM2
SIM3
SIM4
1
21
22
SIM5
SIM1
SIM2
SIM3
SIM4
1
21
22
SIM5
SIM1
SIM2
SIM3
SIM4
1
21
22
SIM5
SIM1
SIM2
SIM3
SIM4
1
21
22
SIM5
SIM1
SIM2
SIM3
SIM4
1
21
22
SIM5
SIM1
SIM2
SIM3
SIM4
1
21
22
SIM5
SIM1
SIM2
SIM3
SIM4
1
21
22
SIM5
SIM1
SIM2
SIM3
SIM4
1
21
22
SIM5
SIM1
SIM2
SIM3
SIM4
1
21
22
SIM5
SIM1
SIM2
SIM3
SIM4
1
21
22
SIM5
SIM1
SIM2
SIM3
SIM4
1
21
22
SIM5
SIM1
SIM2
SIM3
SIM4
1
21
22
SIM5
SIM1
SIM2
SIM3
SIM4
1
21
22
SIM5
SIM1
SIM2
SIM3
SIM4
1
21
22
SIM5
SIM1
SIM2
SIM3
SIM4
1
21
22
SIM5
SIM1
SIM2
SIM3
SIM4
1
21
22
SIM5
SIM1
SIM2
SIM3
SIM4
1
21
22
SIM5
SIM1
SIM2
SIM3
SIM4
1
21
22
SIM5
SIM1
SIM2
SIM3
SIM4
1
21
22
SIM5
SIM1
SIM2
SIM3
SIM4
1
21
22
SIM5
SIM1
SIM2
SIM3
SIM4
1
21
22
SIM5
SIM1
SIM2
SIM3
SIM4
1
21
22
SIM5
SIM1
SIM2
SIM3
SIM4
1
21
22
SIM5
SIM1
SIM2
SIM3
SIM4
1
21
22
SIM5
SIM1
SIM2
SIM3
SIM4
1
21
22
SIM5
SIM1
SIM2
SIM3
SIM4
1
21
22
SIM5
SIM1
SIM2
SIM3
SIM4
1
21
22
SIM5
SIM1
SIM2
SIM3
SIM4
1
21
22
SIM5
SIM1
SIM2
SIM3
SIM4
1
21
22
SIM5
SIM1
SIM2
SIM3
SIM4
1
21
22
SIM5
SIM1
SIM2
SIM3
SIM4
1
21
22
SIM5
SIM1
SIM2
SIM3
SIM4
1
21
22
SIM5
SIM1
SIM2
SIM3
SIM4
1
21
22
SIM5
SIM1
SIM2
SIM3
SIM4
1
21
22
SIM5
SIM1
SIM2
SIM3
SIM4
1
21
22
SIM5
SIM1
SIM2
SIM3
SIM4
1
21
22
SIM5
SIM1
SIM2
SIM3
SIM4
1
21
22
SIM5
SIM1
SIM2
SIM3
SIM4
1
21
22
SIM5
SIM1
SIM2
SIM3
SIM4
1
21
22
SIM5
SIM1
SIM2
SIM3
SIM4
1
21
22
SIM5
SIM1
SIM2
SIM3
SIM4
1
21
22
SIM5
SIM1
SIM2
SIM3
SIM4
1
21
22
SIM5
SIM1
SIM2
SIM3
SIM4
1
21
22
SIM5
SIM1
SIM2
SIM3
SIM4
1
21
22
SIM5
SIM1
SIM2
SIM3
SIM4
1
21
22
SIM5
SIM1
SIM2
SIM3
SIM4
1
21
22
SIM5
SIM1
SIM2
SIM3
SIM4
1
21
22
SIM5
SIM1
SIM2
SIM3
SIM4
1
21
22
SIM5
SIM1
SIM2
SIM3
SIM4
1
21
22
SIM5
SIM1
SIM2
SIM3
SIM4
1
21
22
SIM5
SIM1
SIM2
SIM3
SIM4
1
21
22
SIM5
SIM1
SIM2
SIM3
SIM4
1
21
22
SIM5
SIM1
SIM2
SIM3
SIM4
1
21
22
SIM5
SIM1
SIM2
SIM3
SIM4
1
21
22
SIM5
SIM1
SIM2
SIM3
SIM4
1
21
22
SIM5
SIM1
SIM2
SIM3
SIM4
1
21
22
SIM5
SIM1
SIM2
SIM3
SIM4
1
21
22
SIM5
SIM1
SIM2
SIM3
SIM4
1
21
22
SIM5
SIM1
SIM2
SIM3
SIM4
1
21
22
SIM5
SIM1
SIM2
SIM3
SIM4
1
21
22
SIM5
SIM1
SIM2
SIM3
SIM4
1
21
22
SIM5
SIM1
SIM2
SIM3
SIM4
1
21
22
SIM5
SIM1
SIM2
SIM3
SIM4
1
21
22
SIM5
SIM1
SIM2
SIM3
SIM4
1
21
22
SIM5
SIM1
SIM2
SIM3
SIM4
1
21
22
SIM5
SIM1
SIM2
SIM3
SIM4
1
21
22
SIM5
SIM1
SIM2
SIM3
SIM4
1
21
22
SIM5
SIM1
SIM2
SIM3
SIM4
1
21
22
SIM5
SIM1
SIM2
SIM3
SIM4
1
21
22
SIM5
SIM1
SIM2
SIM3
SIM4
1
21
22
SIM5
SIM1
SIM2
SIM3
SIM4
1
21
22
SIM5
SIM1
SIM2
SIM3
SIM4
1
21
22
SIM5
SIM1
SIM2
SIM3
SIM4
1
21
22
SIM5
SIM1
SIM2
SIM3
SIM4
1
21
22
SIM5
SIM1
SIM2
SIM3
SIM4
1
21
22
SIM5
SIM1
SIM2
SIM3
SIM4
1
21
22
SIM5
SIM1
SIM2
SIM3
SIM4
1
21
22
SIM5
SIM1
SIM2
SIM3
SIM4
1
21
22
SIM5
SIM1
SIM2
SIM3
SIM4
1
21
22
SIM5
SIM1
SIM2
SIM3
SIM4
1
21
22
SIM5
SIM1
SIM2
SIM3
SIM4
1
21
22
SIM5
SIM1
SIM2
SIM3
SIM4
1
21
22
SIM5
SIM1
SIM2
SIM3
SIM4
1
21
22
SIM5
SIM1
SIM2
SIM3
SIM4
1
21
22
SIM5
SIM1
SIM2
SIM3
SIM4
1
21
22
SIM5
SIM1
SIM2
SIM3
SIM4
1
21
22
SIM5
SIM1
SIM2
SIM3
SIM4
1
21
22
SIM5
SIM1
SIM2
SIM3
SIM4
1
21
22
SIM5
SIM1
SIM2
SIM3
SIM4
1
21
22
SIM5
SIM1
SIM2
SIM3
SIM4
1
21
22
SIM5
SIM1
SIM2
SIM3
SIM4
1
21
22
SIM5
SIM1
SIM2
SIM3
SIM4
1
21
22
SIM5
SIM1
SIM2
SIM3
SIM4
1
21
22
SIM5
SIM1
SIM2
SIM3
SIM4
1
21
22
SIM5
SIM1
SIM2
SIM3
SIM4
1
21
22
SIM5
SIM1
SIM2
SIM3
SIM4
1
21
22
SIM5
SIM1
SIM2
SIM3
SIM4
1
21
22
SIM5
SIM1
SIM2
SIM3
SIM4
1
21
22
SIM5
SIM1
SIM2
SIM3
SIM4
1
21
22
SIM5
SIM1
SIM2
SIM3
SIM4
1
21
22
SIM5
SIM1
SIM2
SIM3
SIM4
1
21
22
SIM5
SIM1
SIM2
SIM3
SIM4
1
21
22
SIM5
SIM1
SIM2
SIM3
SIM4
1
21
22
SIM5
SIM1
SIM2
SIM3
SIM4
1
21
22
SIM5
SIM1
SIM2
SIM3
SIM4
1
21
22
SIM5
SIM1
SIM2
SIM3
SIM4
1
21
22
SIM5
SIM1
SIM2
SIM3
SIM4
1
21
22
SIM5
SIM1
SIM2
SIM3
SIM4
1
21
22
SIM5
SIM1
SIM2
SIM3
SIM4
1
21
22
SIM5
SIM1
SIM2
SIM3
SIM4
1
21
22
SIM5
SIM1
SIM2
SIM3
SIM4
1
21
22
SIM5
SIM1
SIM2
SIM3
SIM4
1
21
22
SIM5
SIM1
SIM2
SIM3
SIM4
1
21
22
SIM5
SIM1
SIM2
SIM3
SIM4
1
21
22
SIM5
SIM1
SIM2
SIM3
SIM4
1
21
22
SIM5
SIM1
SIM2
SIM3
SIM4
1
21
22
SIM5
SIM1
SIM2
SIM3
SIM4
1
21
22
SIM5
SIM1
SIM2
SIM3
SIM4
1
21
22
SIM5
SIM1
SIM2
SIM3
SIM4
1
21
22
SIM5
SIM1
SIM2
SIM3
SIM4
1
21
22
SIM5
SIM1
SIM2
SIM3
SIM4
1
21
22
SIM5
SIM1
SIM2
SIM3
SIM4
1
21
22
SIM5
SIM1
SIM2
SIM3
SIM4
1
21
22
SIM5
SIM1
SIM2
SIM3
SIM4
1
21
22
SIM5
SIM1
SIM2
SIM3
SIM4
1
21
22
SIM5
SIM1
SIM2
SIM3
SIM4
1
21
22
SIM5
SIM1
SIM2
SIM3
SIM4
1
21
22
SIM5
SIM1
SIM2
SIM3
SIM4
1
21
22
SIM5
SIM1
SIM2
SIM3
SIM4
1
21
22
SIM5
SIM1
SIM2
SIM3
SIM4
1
21
22
SIM5
SIM1
SIM2
SIM3
SIM4
1
21
22
SIM5
SIM1
SIM2
SIM3
SIM4
1
21
22
SIM5
SIM1
SIM2
SIM3
SIM4
1
21
22
SIM5
SIM1
SIM2
SIM3
SIM4
1
21
22
SIM5
SIM1
SIM2
SIM3
SIM4
1
21
22
SIM5
SIM1
SIM2
SIM3
SIM4
1
21
22
SIM5
SIM1
SIM2
SIM3
SIM4
1
21
22
SIM5
SIM1
SIM2
SIM3
SIM4
1
21
22
SIM5
SIM1
SIM2
DEBUG 1 725
SIM1
SIM2
SIM3
SIM4
1
21
22
SIM5
SIM1
SIM2
SIM3
SIM4
1
21
22
SIM5
SIM1
SIM2
SIM3
SIM4
1
21
22
SIM5
SIM1
SIM2
SIM3
SIM4
1
21
22
SIM5
SIM1
SIM2
SIM3
SIM4
1
21
22
SIM5
SIM1
SIM2
SIM3
SIM4
1
21
22
SIM5
SIM1
SIM2
SIM3
SIM4
1
21
22
SIM5
SIM1
SIM2
SIM3
SIM4
1
21
22
SIM5
SIM1
SIM2
SIM3
SIM4
1
21
22
SIM5
SIM1
SIM2
SIM3
SIM4
1
21
22
SIM5
SIM1
SIM2
SIM3
SIM4
1
21
22
SIM5
SIM1
SIM2
SIM3
SIM4
1
21
22
SIM5
SIM1
SIM2
SIM3
SIM4
1
21
22
SIM5
SIM1
SIM2
SIM3
SIM4
1
21
22
SIM5
SIM1
SIM2
SIM3
SIM4
1
21
22
SIM5
SIM1
SIM2
SIM3
SIM4
1
21
22
SIM5
SIM1
SIM2
SIM3
SIM4
1
21
22
SIM5
SIM1
SIM2
SIM3
SIM4
1
21
22
SIM5
SIM1
SIM2
SIM3
SIM4
1
21
22
SIM5
SIM1
SIM2
SIM3
SIM4
1
21
22
SIM5
SIM1
SIM2
SIM3
SIM4
1
21
22
SIM5
SIM1
SIM2
SIM3
SIM4
1
21
22
SIM5
SIM1
SIM2
SIM3
SIM4
1
21
22
SIM5
SIM1
SIM2
SIM3
SIM4
1
21
22
SIM5
SIM1
SIM2
SIM3
SIM4
1
21
22
SIM5
SIM1
SIM2
SIM3
SIM4
1
21
22
SIM5
SIM1
SIM2
SIM3
SIM4
1
21
22
SIM5
SIM1
SIM2
SIM3
SIM4
1
21
22
SIM5
SIM1
SIM2
SIM3
SIM4
1
21
22
SIM5
SIM1
SIM2
SIM3
SIM4
1
21
22
SIM5
SIM1
SIM2
SIM3
SIM4
1
21
22
SIM5
SIM1
SIM2
SIM3
SIM4
1
21
22
SIM5
SIM1
SIM2
SIM3
SIM4
1
21
22
SIM5
SIM1
SIM2
SIM3
SIM4
1
21
22
SIM5
SIM1
SIM2
SIM3
SIM4
1
21
22
SIM5
SIM1
SIM2
SIM3
SIM4
1
21
22
SIM5
SIM1
SIM2
SIM3
SIM4
1
21
22
SIM5
SIM1
SIM2
SIM3
SIM4
1
21
22
SIM5
SIM1
SIM2
SIM3
SIM4
1
21
22
SIM5
SIM1
SIM2
SIM3
SIM4
1
21
22
SIM5
SIM1
SIM2
SIM3
SIM4
1
21
22
SIM5
SIM1
SIM2
SIM3
SIM4
1
21
22
SIM5
SIM1
SIM2
SIM3
SIM4
1
21
22
SIM5
SIM1
SIM2
SIM3
SIM4
1
21
22
SIM5
SIM1
SIM2
SIM3
SIM4
1
21
22
SIM5
SIM1
SIM2
SIM3
SIM4
1
21
22
SIM5
SIM1
SIM2
SIM3
SIM4
1
21
22
SIM5
SIM1
SIM2
SIM3
SIM4
1
21
22
SIM5
SIM1
SIM2
SIM3
SIM4
1
21
22
SIM5
SIM1
SIM2
SIM3
SIM4
1
21
22
SIM5
SIM1
SIM2
SIM3
SIM4
1
21
22
SIM5
SIM1
SIM2
SIM3
SIM4
1
21
22
SIM5
SIM1
SIM2
SIM3
SIM4
1
21
22
SIM5
SIM1
SIM2
SIM3
SIM4
1
21
22
SIM5
SIM1
SIM2
SIM3
SIM4
1
21
22
SIM5
SIM1
SIM2
SIM3
SIM4
1
21
22
SIM5
SIM1
SIM2
SIM3
SIM4
1
21
22
SIM5
SIM1
SIM2
SIM3
SIM4
1
21
22
SIM5
SIM1
SIM2
SIM3
SIM4
1
21
22
SIM5
SIM1
SIM2
SIM3
SIM4
1
21
22
SIM5
SIM1
SIM2
SIM3
SIM4
1
21
22
SIM5
SIM1
SIM2
SIM3
SIM4
1
21
22
SIM5
SIM1
SIM2
SIM3
SIM4
1
21
22
SIM5
SIM1
SIM2
SIM3
SIM4
1
21
22
SIM5
SIM1
SIM2
SIM3
SIM4
1
21
22
SIM5
SIM1
SIM2
SIM3
SIM4
1
21
22
SIM5
SIM1
SIM2
SIM3
SIM4
1
21
22
SIM5
SIM1
SIM2
SIM3
SIM4
1
21
22
SIM5
SIM1
SIM2
SIM3
SIM4
1
21
22
SIM5
SIM1
SIM2
SIM3
SIM4
1
21
22
SIM5
SIM1
SIM2
SIM3
SIM4
1
21
22
SIM5
SIM1
SIM2
SIM3
SIM4
1
21
22
SIM5
SIM1
SIM2
SIM3
SIM4
1
21
22
SIM5
SIM1
SIM2
SIM3
SIM4
1
21
22
SIM5
SIM1
SIM2
SIM3
SIM4
1
21
22
SIM5
SIM1
SIM2
SIM3
SIM4
1
21
22
SIM5
SIM1
SIM2
SIM3
SIM4
1
21
22
SIM5
SIM1
SIM2
SIM3
SIM4
1
21
22
SIM5
SIM1
SIM2
SIM3
SIM4
1
21
22
SIM5
SIM1
SIM2
SIM3
SIM4
1
21
22
SIM5
SIM1
SIM2
SIM3
SIM4
1
21
22
SIM5
SIM1
SIM2
SIM3
SIM4
1
21
22
SIM5
SIM1
SIM2
SIM3
SIM4
1
21
22
SIM5
SIM1
SIM2
SIM3
SIM4
1
21
22
SIM5
SIM1
SIM2
SIM3
SIM4
1
21
22
SIM5
SIM1
SIM2
SIM3
SIM4
1
21
22
SIM5
SIM1
SIM2
SIM3
SIM4
1
21
22
SIM5
SIM1
SIM2
SIM3
SIM4
1
21
22
SIM5
SIM1
SIM2
SIM3
SIM4
1
21
22
SIM5
SIM1
SIM2
SIM3
SIM4
1
21
22
SIM5
SIM1
SIM2
SIM3
SIM4
1
21
22
SIM5
SIM1
SIM2
SIM3
SIM4
1
21
22
SIM5
SIM1
SIM2
SIM3
SIM4
1
21
22
SIM5
SIM1
SIM2
SIM3
SIM4
1
21
22
SIM5
SIM1
SIM2
SIM3
SIM4
1
21
22
SIM5
SIM1
SIM2
SIM3
SIM4
1
21
22
SIM5
SIM1
SIM2
SIM3
SIM4
1
21
22
SIM5
SIM1
SIM2
SIM3
SIM4
1
21
22
SIM5
SIM1
SIM2
SIM3
SIM4
1
21
22
SIM5
SIM1
SIM2
SIM3
SIM4
1
21
22
SIM5
SIM1
SIM2
SIM3
SIM4
1
21
22
SIM5
SIM1
SIM2
SIM3
SIM4
1
21
22
SIM5
SIM1
SIM2
SIM3
SIM4
1
21
22
SIM5
SIM1
SIM2
SIM3
SIM4
1
21
22
SIM5
SIM1
SIM2
SIM3
SIM4
1
21
22
SIM5
SIM1
SIM2
SIM3
SIM4
1
21
22
SIM5
SIM1
SIM2
SIM3
SIM4
1
21
22
SIM5
SIM1
SIM2
SIM3
SIM4
1
21
22
SIM5
SIM1
SIM2
SIM3
SIM4
1
21
22
SIM5
SIM1
SIM2
SIM3
SIM4
1
21
22
SIM5
SIM1
SIM2
SIM3
SIM4
1
21
22
SIM5
SIM1
SIM2
SIM3
SIM4
1
21
22
SIM5
SIM1
SIM2
SIM3
SIM4
1
21
22
SIM5
SIM1
SIM2
SIM3
SIM4
1
21
22
SIM5
SIM1
SIM2
SIM3
SIM4
1
21
22
SIM5
SIM1
SIM2
SIM3
SIM4
1
21
22
SIM5
SIM1
SIM2
SIM3
SIM4
1
21
22
SIM5
SIM1
SIM2
SIM3
SIM4
1
21
22
SIM5
SIM1
SIM2
DEBUG 1 726
SIM1
SIM2
SIM3
SIM4
1
21
22
SIM5
SIM1
SIM2
SIM3
SIM4
1
21
22
SIM5
SIM1
SIM2
SIM3
SIM4
1
21
22
SIM5
SIM1
SIM2
SIM3
SIM4
1
21
22
SIM5
SIM1
SIM2
SIM3
SIM4
1
21
22
SIM5
SIM1
SIM2
SIM3
SIM4
1
21
22
SIM5
SIM1
SIM2
SIM3
SIM4
1
21
22
SIM5
SIM1
SIM2
SIM3
SIM4
1
21
22
SIM5
SIM1
SIM2
SIM3
SIM4
1
21
22
SIM5
SIM1
SIM2
SIM3
SIM4
1
21
22
SIM5
SIM1
SIM2
SIM3
SIM4
1
21
22
SIM5
SIM1
SIM2
SIM3
SIM4
1
21
22
SIM5
SIM1
SIM2
SIM3
SIM4
1
21
22
SIM5
SIM1
SIM2
SIM3
SIM4
1
21
22
SIM5
SIM1
SIM2
SIM3
SIM4
1
21
22
SIM5
SIM1
SIM2
SIM3
SIM4
1
21
22
SIM5
SIM1
SIM2
SIM3
SIM4
1
21
22
SIM5
SIM1
SIM2
SIM3
SIM4
1
21
22
SIM5
SIM1
SIM2
SIM3
SIM4
1
21
22
SIM5
SIM1
SIM2
SIM3
SIM4
1
21
22
SIM5
SIM1
SIM2
SIM3
SIM4
1
21
22
SIM5
SIM1
SIM2
SIM3
SIM4
1
21
22
SIM5
SIM1
SIM2
SIM3
SIM4
1
21
22
SIM5
SIM1
SIM2
SIM3
SIM4
1
21
22
SIM5
SIM1
SIM2
SIM3
SIM4
1
21
22
SIM5
SIM1
SIM2
SIM3
SIM4
1
21
22
SIM5
SIM1
SIM2
SIM3
SIM4
1
21
22
SIM5
SIM1
SIM2
SIM3
SIM4
1
21
22
SIM5
SIM1
SIM2
SIM3
SIM4
1
21
22
SIM5
SIM1
SIM2
SIM3
SIM4
1
21
22
SIM5
SIM1
SIM2
SIM3
SIM4
1
21
22
SIM5
SIM1
SIM2
SIM3
SIM4
1
21
22
SIM5
SIM1
SIM2
SIM3
SIM4
1
21
22
SIM5
SIM1
SIM2
SIM3
SIM4
1
21
22
SIM5
SIM1
SIM2
SIM3
SIM4
1
21
22
SIM5
SIM1
SIM2
SIM3
SIM4
1
21
22
SIM5
SIM1
SIM2
SIM3
SIM4
1
21
22
SIM5
SIM1
SIM2
SIM3
SIM4
1
21
22
SIM5
SIM1
SIM2
SIM3
SIM4
1
21
22
SIM5
SIM1
SIM2
SIM3
SIM4
1
21
22
SIM5
SIM1
SIM2
SIM3
SIM4
1
21
22
SIM5
SIM1
SIM2
SIM3
SIM4
1
21
22
SIM5
SIM1
SIM2
SIM3
SIM4
1
21
22
SIM5
SIM1
SIM2
SIM3
SIM4
1
21
22
SIM5
SIM1
SIM2
SIM3
SIM4
1
21
22
SIM5
SIM1
SIM2
SIM3
SIM4
1
21
22
SIM5
SIM1
SIM2
SIM3
SIM4
1
21
22
SIM5
SIM1
SIM2
SIM3
SIM4
1
21
22
SIM5
SIM1
SIM2
SIM3
SIM4
1
21
22
SIM5
SIM1
SIM2
SIM3
SIM4
1
21
22
SIM5
SIM1
SIM2
SIM3
SIM4
1
21
22
SIM5
SIM1
SIM2
SIM3
SIM4
1
21
22
SIM5
SIM1
SIM2
SIM3
SIM4
1
21
22
SIM5
SIM1
SIM2
SIM3
SIM4
1
21
22
SIM5
SIM1
SIM2
SIM3
SIM4
1
21
22
SIM5
SIM1
SIM2
SIM3
SIM4
1
21
22
SIM5
SIM1
SIM2
SIM3
SIM4
1
21
22
SIM5
SIM1
SIM2
SIM3
SIM4
1
21
22
SIM5
SIM1
SIM2
SIM3
SIM4
1
21
22
SIM5
SIM1
SIM2
SIM3
SIM4
1
21
22
SIM5
SIM1
SIM2
SIM3
SIM4
1
21
22
SIM5
SIM1
SIM2
SIM3
SIM4
1
21
22
SIM5
SIM1
SIM2
SIM3
SIM4
1
21
22
SIM5
SIM1
SIM2
SIM3
SIM4
1
21
22
SIM5
SIM1
SIM2
SIM3
SIM4
1
21
22
SIM5
SIM1
SIM2
SIM3
SIM4
1
21
22
SIM5
SIM1
SIM2
SIM3
SIM4
1
21
22
SIM5
SIM1
SIM2
SIM3
SIM4
1
21
22
SIM5
SIM1
SIM2
SIM3
SIM4
1
21
22
SIM5
SIM1
SIM2
SIM3
SIM4
1
21
22
SIM5
SIM1
SIM2
SIM3
SIM4
1
21
22
SIM5
SIM1
SIM2
SIM3
SIM4
1
21
22
SIM5
SIM1
SIM2
SIM3
SIM4
1
21
22
SIM5
SIM1
SIM2
SIM3
SIM4
1
21
22
SIM5
SIM1
SIM2
SIM3
SIM4
1
21
22
SIM5
SIM1
SIM2
SIM3
SIM4
1
21
22
SIM5
SIM1
SIM2
SIM3
SIM4
1
21
22
SIM5
SIM1
SIM2
SIM3
SIM4
1
21
22
SIM5
SIM1
SIM2
SIM3
SIM4
1
21
22
SIM5
SIM1
SIM2
SIM3
SIM4
1
21
22
SIM5
SIM1
SIM2
SIM3
SIM4
1
21
22
SIM5
SIM1
SIM2
SIM3
SIM4
1
21
22
SIM5
SIM1
SIM2
SIM3
SIM4
1
21
22
SIM5
SIM1
SIM2
SIM3
SIM4
1
21
22
SIM5
SIM1
SIM2
SIM3
SIM4
1
21
22
SIM5
SIM1
SIM2
SIM3
SIM4
1
21
22
SIM5
SIM1
SIM2
SIM3
SIM4
1
21
22
SIM5
SIM1
SIM2
SIM3
SIM4
1
21
22
SIM5
SIM1
SIM2
SIM3
SIM4
1
21
22
SIM5
SIM1
SIM2
SIM3
SIM4
1
21
22
SIM5
SIM1
SIM2
SIM3
SIM4
1
21
22
SIM5
SIM1
SIM2
SIM3
SIM4
1
21
22
SIM5
SIM1
SIM2
SIM3
SIM4
1
21
22
SIM5
SIM1
SIM2
SIM3
SIM4
1
21
22
SIM5
SIM1
SIM2
SIM3
SIM4
1
21
22
SIM5
SIM1
SIM2
SIM3
SIM4
1
21
22
SIM5
SIM1
SIM2
SIM3
SIM4
1
21
22
SIM5
SIM1
SIM2
SIM3
SIM4
1
21
22
SIM5
SIM1
SIM2
SIM3
SIM4
1
21
22
SIM5
SIM1
SIM2
SIM3
SIM4
1
21
22
SIM5
SIM1
SIM2
SIM3
SIM4
1
21
22
SIM5
SIM1
SIM2
SIM3
SIM4
1
21
22
SIM5
SIM1
SIM2
SIM3
SIM4
1
21
22
SIM5
SIM1
SIM2
SIM3
SIM4
1
21
22
SIM5
SIM1
SIM2
SIM3
SIM4
1
21
22
SIM5
SIM1
SIM2
SIM3
SIM4
1
21
22
SIM5
SIM1
SIM2
SIM3
SIM4
1
21
22
SIM5
SIM1
SIM2
SIM3
SIM4
1
21
22
SIM5
SIM1
SIM2
SIM3
SIM4
1
21
22
SIM5
SIM1
SIM2
SIM3
SIM4
1
21
22
SIM5
SIM1
SIM2
SIM3
SIM4
1
21
22
SIM5
SIM1
SIM2
SIM3
SIM4
1
21
22
SIM5
SIM1
SIM2
SIM3
SIM4
1
21
22
SIM5
SIM1
SIM2
SIM3
SIM4
1
21
22
SIM5
SIM1
SIM2
SIM3
SIM4
1
21
22
SIM5
SIM1
SIM2
SIM3
SIM4
1
21
22
SIM5
SIM1
SIM2
SIM3
SIM4
1
21
22
SIM5
SIM1
SIM2
SIM3
SIM4
1
21
22
SIM5
SIM1
SIM2
SIM3
SIM4
1
21
22
SIM5
SIM1
SIM2
SIM3
SIM4
1
21
22
SIM5
SIM1
SIM2
SIM3
SIM4
1
21
22
SIM5
SIM1
SIM2
SIM3
SIM4
1
21
22
SIM5
SIM1
SIM2
SIM3
SIM4
1
21
22
SIM5
SIM1
SIM2
SIM3
SIM4
1
21
22
SIM5
SIM1
SIM2
SIM3
SIM4
1
21
22
SIM5
SIM1
SIM2
SIM3
SIM4
1
21
22
SIM5
SIM1
SIM2
SIM3
SIM4
1
21
22
SIM5
SIM1
SIM2
SIM3
SIM4
1
21
22
SIM5
SIM1
SIM2
SIM3
SIM4
1
21
22
SIM5
SIM1
SIM2
SIM3
SIM4
1
21
22
SIM5
SIM1
SIM2
SIM3
SIM4
1
21
22
SIM5
SIM1
SIM2
SIM3
SIM4
1
21
22
SIM5
SIM1
SIM2
SIM3
SIM4
1
21
22
SIM5
SIM1
SIM2
SIM3
SIM4
1
21
22
SIM5
SIM1
SIM2
SIM3
SIM4
1
21
22
SIM5
SIM1
SIM2
SIM3
SIM4
1
21
22
SIM5
SIM1
SIM2
DEBUG 1 727
SIM1
SIM2
SIM3
SIM4
1
21
22
SIM5
SIM1
SIM2
SIM3
SIM4
1
21
22
SIM5
SIM1
SIM2
SIM3
SIM4
1
21
22
SIM5
SIM1
SIM2
SIM3
SIM4
1
21
22
SIM5
SIM1
SIM2
SIM3
SIM4
1
21
22
SIM5
SIM1
SIM2
SIM3
SIM4
1
21
22
SIM5
SIM1
SIM2
SIM3
SIM4
1
21
22
SIM5
SIM1
SIM2
SIM3
SIM4
1
21
22
SIM5
SIM1
SIM2
SIM3
SIM4
1
21
22
SIM5
SIM1
SIM2
SIM3
SIM4
1
21
22
SIM5
SIM1
SIM2
SIM3
SIM4
1
21
22
SIM5
SIM1
SIM2
SIM3
SIM4
1
21
22
SIM5
SIM1
SIM2
SIM3
SIM4
1
21
22
SIM5
SIM1
SIM2
SIM3
SIM4
1
21
22
SIM5
SIM1
SIM2
SIM3
SIM4
1
21
22
SIM5
SIM1
SIM2
SIM3
SIM4
1
21
22
SIM5
SIM1
SIM2
SIM3
SIM4
1
21
22
SIM5
SIM1
SIM2
SIM3
SIM4
1
21
22
SIM5
SIM1
SIM2
SIM3
SIM4
1
21
22
SIM5
SIM1
SIM2
SIM3
SIM4
1
21
22
SIM5
SIM1
SIM2
SIM3
SIM4
1
21
22
SIM5
SIM1
SIM2
SIM3
SIM4
1
21
22
SIM5
SIM1
SIM2
SIM3
SIM4
1
21
22
SIM5
SIM1
SIM2
SIM3
SIM4
1
21
22
SIM5
SIM1
SIM2
SIM3
SIM4
1
21
22
SIM5
SIM1
SIM2
SIM3
SIM4
1
21
22
SIM5
SIM1
SIM2
SIM3
SIM4
1
21
22
SIM5
SIM1
SIM2
SIM3
SIM4
1
21
22
SIM5
SIM1
SIM2
SIM3
SIM4
1
21
22
SIM5
SIM1
SIM2
SIM3
SIM4
1
21
22
SIM5
SIM1
SIM2
SIM3
SIM4
1
21
22
SIM5
SIM1
SIM2
SIM3
SIM4
1
21
22
SIM5
SIM1
SIM2
SIM3
SIM4
1
21
22
SIM5
SIM1
SIM2
SIM3
SIM4
1
21
22
SIM5
SIM1
SIM2
SIM3
SIM4
1
21
22
SIM5
SIM1
SIM2
SIM3
SIM4
1
21
22
SIM5
SIM1
SIM2
SIM3
SIM4
1
21
22
SIM5
SIM1
SIM2
SIM3
SIM4
1
21
22
SIM5
SIM1
SIM2
SIM3
SIM4
1
21
22
SIM5
SIM1
SIM2
SIM3
SIM4
1
21
22
SIM5
SIM1
SIM2
SIM3
SIM4
1
21
22
SIM5
SIM1
SIM2
SIM3
SIM4
1
21
22
SIM5
SIM1
SIM2
SIM3
SIM4
1
21
22
SIM5
SIM1
SIM2
SIM3
SIM4
1
21
22
SIM5
SIM1
SIM2
SIM3
SIM4
1
21
22
SIM5
SIM1
SIM2
SIM3
SIM4
1
21
22
SIM5
SIM1
SIM2
SIM3
SIM4
1
21
22
SIM5
SIM1
SIM2
SIM3
SIM4
1
21
22
SIM5
SIM1
SIM2
SIM3
SIM4
1
21
22
SIM5
SIM1
SIM2
SIM3
SIM4
1
21
22
SIM5
SIM1
SIM2
SIM3
SIM4
1
21
22
SIM5
SIM1
SIM2
SIM3
SIM4
1
21
22
SIM5
SIM1
SIM2
SIM3
SIM4
1
21
22
SIM5
SIM1
SIM2
SIM3
SIM4
1
21
22
SIM5
SIM1
SIM2
SIM3
SIM4
1
21
22
SIM5
SIM1
SIM2
SIM3
SIM4
1
21
22
SIM5
SIM1
SIM2
SIM3
SIM4
1
21
22
SIM5
SIM1
SIM2
SIM3
SIM4
1
21
22
SIM5
SIM1
SIM2
SIM3
SIM4
1
21
22
SIM5
SIM1
SIM2
SIM3
SIM4
1
21
22
SIM5
SIM1
SIM2
SIM3
SIM4
1
21
22
SIM5
SIM1
SIM2
SIM3
SIM4
1
21
22
SIM5
SIM1
SIM2
SIM3
SIM4
1
21
22
SIM5
SIM1
SIM2
SIM3
SIM4
1
21
22
SIM5
SIM1
SIM2
SIM3
SIM4
1
21
22
SIM5
SIM1
SIM2
SIM3
SIM4
1
21
22
SIM5
SIM1
SIM2
SIM3
SIM4
1
21
22
SIM5
SIM1
SIM2
SIM3
SIM4
1
21
22
SIM5
SIM1
SIM2
SIM3
SIM4
1
21
22
SIM5
SIM1
SIM2
SIM3
SIM4
1
21
22
SIM5
SIM1
SIM2
SIM3
SIM4
1
21
22
SIM5
SIM1
SIM2
SIM3
SIM4
1
21
22
SIM5
SIM1
SIM2
SIM3
SIM4
1
21
22
SIM5
SIM1
SIM2
SIM3
SIM4
1
21
22
SIM5
SIM1
SIM2
SIM3
SIM4
1
21
22
SIM5
SIM1
SIM2
SIM3
SIM4
1
21
22
SIM5
SIM1
SIM2
SIM3
SIM4
1
21
22
SIM5
SIM1
SIM2
SIM3
SIM4
1
21
22
SIM5
SIM1
SIM2
SIM3
SIM4
1
21
22
SIM5
SIM1
SIM2
SIM3
SIM4
1
21
22
SIM5
SIM1
SIM2
SIM3
SIM4
1
21
22
SIM5
SIM1
SIM2
SIM3
SIM4
1
21
22
SIM5
SIM1
SIM2
SIM3
SIM4
1
21
22
SIM5
SIM1
SIM2
SIM3
SIM4
1
21
22
SIM5
SIM1
SIM2
SIM3
SIM4
1
21
22
SIM5
SIM1
SIM2
SIM3
SIM4
1
21
22
SIM5
SIM1
SIM2
SIM3
SIM4
1
21
22
SIM5
SIM1
SIM2
SIM3
SIM4
1
21
22
SIM5
SIM1
SIM2
SIM3
SIM4
1
21
22
SIM5
SIM1
SIM2
SIM3
SIM4
1
21
22
SIM5
SIM1
SIM2
SIM3
SIM4
1
21
22
SIM5
SIM1
SIM2
SIM3
SIM4
1
21
22
SIM5
SIM1
SIM2
SIM3
SIM4
1
21
22
SIM5
SIM1
SIM2
SIM3
SIM4
1
21
22
SIM5
SIM1
SIM2
SIM3
SIM4
1
21
22
SIM5
SIM1
SIM2
SIM3
SIM4
1
21
22
SIM5
SIM1
SIM2
SIM3
SIM4
1
21
22
SIM5
SIM1
SIM2
SIM3
SIM4
1
21
22
SIM5
SIM1
SIM2
SIM3
SIM4
1
21
22
SIM5
SIM1
SIM2
SIM3
SIM4
1
21
22
SIM5
SIM1
SIM2
SIM3
SIM4
1
21
22
SIM5
SIM1
SIM2
SIM3
SIM4
1
21
22
SIM5
SIM1
SIM2
SIM3
SIM4
1
21
22
SIM5
SIM1
SIM2
SIM3
SIM4
1
21
22
SIM5
SIM1
SIM2
SIM3
SIM4
1
21
22
SIM5
SIM1
SIM2
SIM3
SIM4
1
21
22
SIM5
SIM1
SIM2
SIM3
SIM4
1
21
22
SIM5
SIM1
SIM2
SIM3
SIM4
1
21
22
SIM5
SIM1
SIM2
SIM3
SIM4
1
21
22
SIM5
SIM1
SIM2
SIM3
SIM4
1
21
22
SIM5
SIM1
SIM2
SIM3
SIM4
1
21
22
SIM5
SIM1
SIM2
SIM3
SIM4
1
21
22
SIM5
SIM1
SIM2
SIM3
SIM4
1
21
22
SIM5
SIM1
SIM2
SIM3
SIM4
1
21
22
SIM5
SIM1
SIM2
SIM3
SIM4
1
21
22
SIM5
SIM1
SIM2
SIM3
SIM4
1
21
22
SIM5
SIM1
SIM2
SIM3
SIM4
1
21
22
SIM5
SIM1
SIM2
SIM3
SIM4
1
21
22
SIM5
SIM1
SIM2
SIM3
SIM4
1
21
22
SIM5
SIM1
SIM2
SIM3
SIM4
1
21
22
SIM5
SIM1
SIM2
SIM3
SIM4
1
21
22
SIM5
SIM1
SIM2
SIM3
SIM4
1
21
22
SIM5
SIM1
SIM2
SIM3
SIM4
1
21
22
SIM5
SIM1
SIM2
SIM3
SIM4
1
21
22
SIM5
SIM1
SIM2
SIM3
SIM4
1
21
22
SIM5
SIM1
SIM2
SIM3
SIM4
1
21
22
SIM5
SIM1
SIM2
SIM3
SIM4
1
21
22
SIM5
SIM1
SIM2
SIM3
SIM4
1
21
22
SIM5
SIM1
SIM2
SIM3
SIM4
1
21
22
SIM5
SIM1
SIM2
SIM3
SIM4
1
21
22
SIM5
SIM1
SIM2
SIM3
SIM4
1
21
22
SIM5
SIM1
SIM2
SIM3
SIM4
1
21
22
SIM5
SIM1
SIM2
SIM3
SIM4
1
21
22
SIM5
SIM1
SIM2
SIM3
SIM4
1
21
22
SIM5
SIM1
SIM2
SIM3
SIM4
1
21
22
SIM5
SIM1
SIM2
SIM3
SIM4
1
21
22
SIM5
SIM1
SIM2
SIM3
SIM4
1
21
22
SIM5
SIM1
SIM2
SIM3
SIM4
1
21
22
SIM5
SIM1
SIM2
SIM3
SIM4
1
21
22
SIM5
SIM1
SIM2
SIM3
SIM4
1
21
22
SIM5
SIM1
SIM2
SIM3
SIM4
1
21
22
SIM5
SIM1
SIM2
SIM3
SIM4
1
21
22
SIM5
SIM1
SIM2
SIM3
SIM4
1
21
22
SIM5
SIM1
SIM2
SIM3
SIM4
1
21
22
SIM5
SIM1
SIM2
SIM3
SIM4
1
21
22
SIM5
SIM1
SIM2
SIM3
SIM4
1
21
22
SIM5
SIM1
SIM2
SIM3
SIM4
1
21
22
SIM5
SIM1
SIM2
SIM3
SIM4
1
21
22
SIM5
SIM1
SIM2
SIM3
SIM4
1
21
22
SIM5
SIM1
SIM2
SIM3
SIM4
1
21
22
SIM5
SIM1
SIM2
SIM3
SIM4
1
21
22
SIM5
SIM1
SIM2
SIM3
SIM4
1
21
22
SIM5
SIM1
SIM2
SIM3
SIM4
1
21
22
SIM5
SIM1
SIM2
SIM3
SIM4
1
21
22
SIM5
SIM1
SIM2
SIM3
SIM4
1
21
22
SIM5
SIM1
SIM2
SIM3
SIM4
1
21
22
SIM5
SIM1
SIM2
SIM3
SIM4
1
21
22
SIM5
SIM1
SIM2
SIM3
SIM4
1
21
22
SIM5
SIM1
SIM2
SIM3
SIM4
1
21
22
SIM5
SIM1
SIM2
SIM3
SIM4
1
21
22
SIM5
SIM1
SIM2
SIM3
SIM4
1
21
22
SIM5
SIM1
SIM2
SIM3
SIM4
1
21
22
SIM5
SIM1
SIM2
SIM3
SIM4
1
21
22
SIM5
SIM1
SIM2
SIM3
SIM4
1
21
22
SIM5
SIM1
SIM2
SIM3
SIM4
1
21
22
SIM5
SIM1
SIM2
SIM3
SIM4
1
21
22
SIM5
SIM1
SIM2
SIM3
SIM4
1
21
22
SIM5
SIM1
SIM2
SIM3
SIM4
1
21
22
SIM5
SIM1
SIM2
SIM3
SIM4
1
21
22
SIM5
SIM1
SIM2
SIM3
SIM4
1
21
22
SIM5
SIM1
SIM2
SIM3
SIM4
1
21
22
SIM5
SIM1
SIM2
SIM3
SIM4
1
21
22
SIM5
SIM1
SIM2
SIM3
SIM4
1
21
22
SIM5
SIM1
SIM2
SIM3
SIM4
1
21
22
SIM5
SIM1
SIM2
SIM3
SIM4
1
21
22
SIM5
SIM1
SIM2
SIM3
SIM4
1
21
22
SIM5
SIM1
SIM2
SIM3
SIM4
1
21
22
SIM5
SIM1
SIM2
SIM3
SIM4
1
21
22
SIM5
SIM1
SIM2
SIM3
SIM4
1
21
22
SIM5
SIM1
SIM2
SIM3
SIM4
1
21
22
SIM5
SIM1
SIM2
SIM3
SIM4
1
21
22
SIM5
SIM1
SIM2
SIM3
SIM4
1
21
22
SIM5
SIM1
SIM2
DEBUG 1 728
SIM1
SIM2
SIM3
SIM4
1
21
22
SIM5
SIM1
SIM2
SIM3
SIM4
1
21
22
SIM5
SIM1
SIM2
SIM3
SIM4
1
21
22
SIM5
SIM1
SIM2
SIM3
SIM4
1
21
22
SIM5
SIM1
SIM2
SIM3
SIM4
1
21
22
SIM5
SIM1
SIM2
SIM3
SIM4
1
21
22
SIM5
SIM1
SIM2
SIM3
SIM4
1
21
22
SIM5
SIM1
SIM2
SIM3
SIM4
1
21
22
SIM5
SIM1
SIM2
SIM3
SIM4
1
21
22
SIM5
SIM1
SIM2
SIM3
SIM4
1
21
22
SIM5
SIM1
SIM2
SIM3
SIM4
1
21
22
SIM5
SIM1
SIM2
SIM3
SIM4
1
21
22
SIM5
SIM1
SIM2
SIM3
SIM4
1
21
22
SIM5
SIM1
SIM2
SIM3
SIM4
1
21
22
SIM5
SIM1
SIM2
SIM3
SIM4
1
21
22
SIM5
SIM1
SIM2
SIM3
SIM4
1
21
22
SIM5
SIM1
SIM2
SIM3
SIM4
1
21
22
SIM5
SIM1
SIM2
SIM3
SIM4
1
21
22
SIM5
SIM1
SIM2
SIM3
SIM4
1
21
22
SIM5
SIM1
SIM2
SIM3
SIM4
1
21
22
SIM5
SIM1
SIM2
SIM3
SIM4
1
21
22
SIM5
SIM1
SIM2
SIM3
SIM4
1
21
22
SIM5
SIM1
SIM2
SIM3
SIM4
1
21
22
SIM5
SIM1
SIM2
SIM3
SIM4
1
21
22
SIM5
SIM1
SIM2
SIM3
SIM4
1
21
22
SIM5
SIM1
SIM2
SIM3
SIM4
1
21
22
SIM5
SIM1
SIM2
SIM3
SIM4
1
21
22
SIM5
SIM1
SIM2
SIM3
SIM4
1
21
22
SIM5
SIM1
SIM2
SIM3
SIM4
1
21
22
SIM5
SIM1
SIM2
SIM3
SIM4
1
21
22
SIM5
SIM1
SIM2
SIM3
SIM4
1
21
22
SIM5
SIM1
SIM2
SIM3
SIM4
1
21
22
SIM5
SIM1
SIM2
SIM3
SIM4
1
21
22
SIM5
SIM1
SIM2
SIM3
SIM4
1
21
22
SIM5
SIM1
SIM2
SIM3
SIM4
1
21
22
SIM5
SIM1
SIM2
SIM3
SIM4
1
21
22
SIM5
SIM1
SIM2
SIM3
SIM4
1
21
22
SIM5
SIM1
SIM2
SIM3
SIM4
1
21
22
SIM5
SIM1
SIM2
SIM3
SIM4
1
21
22
SIM5
SIM1
SIM2
SIM3
SIM4
1
21
22
SIM5
SIM1
SIM2
SIM3
SIM4
1
21
22
SIM5
SIM1
SIM2
SIM3
SIM4
1
21
22
SIM5
SIM1
SIM2
SIM3
SIM4
1
21
22
SIM5
SIM1
SIM2
SIM3
SIM4
1
21
22
SIM5
SIM1
SIM2
SIM3
SIM4
1
21
22
SIM5
SIM1
SIM2
SIM3
SIM4
1
21
22
SIM5
SIM1
SIM2
SIM3
SIM4
1
21
22
SIM5
SIM1
SIM2
SIM3
SIM4
1
21
22
SIM5
SIM1
SIM2
SIM3
SIM4
1
21
22
SIM5
SIM1
SIM2
SIM3
SIM4
1
21
22
SIM5
SIM1
SIM2
SIM3
SIM4
1
21
22
SIM5
SIM1
SIM2
SIM3
SIM4
1
21
22
SIM5
SIM1
SIM2
SIM3
SIM4
1
21
22
SIM5
SIM1
SIM2
SIM3
SIM4
1
21
22
SIM5
SIM1
SIM2
SIM3
SIM4
1
21
22
SIM5
SIM1
SIM2
SIM3
SIM4
1
21
22
SIM5
SIM1
SIM2
SIM3
SIM4
1
21
22
SIM5
SIM1
SIM2
SIM3
SIM4
1
21
22
SIM5
SIM1
SIM2
SIM3
SIM4
1
21
22
SIM5
SIM1
SIM2
SIM3
SIM4
1
21
22
SIM5
SIM1
SIM2
SIM3
SIM4
1
21
22
SIM5
SIM1
SIM2
SIM3
SIM4
1
21
22
SIM5
SIM1
SIM2
SIM3
SIM4
1
21
22
SIM5
SIM1
SIM2
SIM3
SIM4
1
21
22
SIM5
SIM1
SIM2
SIM3
SIM4
1
21
22
SIM5
SIM1
SIM2
SIM3
SIM4
1
21
22
SIM5
SIM1
SIM2
SIM3
SIM4
1
21
22
SIM5
SIM1
SIM2
SIM3
SIM4
1
21
22
SIM5
SIM1
SIM2
SIM3
SIM4
1
21
22
SIM5
SIM1
SIM2
SIM3
SIM4
1
21
22
SIM5
SIM1
SIM2
SIM3
SIM4
1
21
22
SIM5
SIM1
SIM2
SIM3
SIM4
1
21
22
SIM5
SIM1
SIM2
SIM3
SIM4
1
21
22
SIM5
SIM1
SIM2
SIM3
SIM4
1
21
22
SIM5
SIM1
SIM2
SIM3
SIM4
1
21
22
SIM5
SIM1
SIM2
SIM3
SIM4
1
21
22
SIM5
SIM1
SIM2
SIM3
SIM4
1
21
22
SIM5
SIM1
SIM2
SIM3
SIM4
1
21
22
SIM5
SIM1
SIM2
SIM3
SIM4
1
21
22
SIM5
SIM1
SIM2
SIM3
SIM4
1
21
22
SIM5
SIM1
SIM2
SIM3
SIM4
1
21
22
SIM5
SIM1
SIM2
SIM3
SIM4
1
21
22
SIM5
SIM1
SIM2
SIM3
SIM4
1
21
22
SIM5
SIM1
SIM2
SIM3
SIM4
1
21
22
SIM5
SIM1
SIM2
SIM3
SIM4
1
21
22
SIM5
SIM1
SIM2
SIM3
SIM4
1
21
22
SIM5
SIM1
SIM2
SIM3
SIM4
1
21
22
SIM5
SIM1
SIM2
SIM3
SIM4
1
21
22
SIM5
SIM1
SIM2
SIM3
SIM4
1
21
22
SIM5
SIM1
SIM2
SIM3
SIM4
1
21
22
SIM5
SIM1
SIM2
SIM3
SIM4
1
21
22
SIM5
SIM1
SIM2
SIM3
SIM4
1
21
22
SIM5
SIM1
SIM2
SIM3
SIM4
1
21
22
SIM5
SIM1
SIM2
SIM3
SIM4
1
21
22
SIM5
SIM1
SIM2
SIM3
SIM4
1
21
22
SIM5
SIM1
SIM2
SIM3
SIM4
1
21
22
SIM5
SIM1
SIM2
SIM3
SIM4
1
21
22
SIM5
SIM1
SIM2
SIM3
SIM4
1
21
22
SIM5
SIM1
SIM2
SIM3
SIM4
1
21
22
SIM5
SIM1
SIM2
SIM3
SIM4
1
21
22
SIM5
SIM1
SIM2
SIM3
SIM4
1
21
22
SIM5
SIM1
SIM2
SIM3
SIM4
1
21
22
SIM5
SIM1
SIM2
SIM3
SIM4
1
21
22
SIM5
SIM1
SIM2
SIM3
SIM4
1
21
22
SIM5
SIM1
SIM2
SIM3
SIM4
1
21
22
SIM5
SIM1
SIM2
SIM3
SIM4
1
21
22
SIM5
SIM1
SIM2
SIM3
SIM4
1
21
22
SIM5
SIM1
SIM2
SIM3
SIM4
1
21
22
SIM5
SIM1
SIM2
SIM3
SIM4
1
21
22
SIM5
SIM1
SIM2
SIM3
SIM4
1
21
22
SIM5
SIM1
SIM2
SIM3
SIM4
1
21
22
SIM5
SIM1
SIM2
SIM3
SIM4
1
21
22
SIM5
SIM1
SIM2
SIM3
SIM4
1
21
22
SIM5
SIM1
SIM2
SIM3
SIM4
1
21
22
SIM5
SIM1
SIM2
SIM3
SIM4
1
21
22
SIM5
SIM1
SIM2
SIM3
SIM4
1
21
22
SIM5
SIM1
SIM2
SIM3
SIM4
1
21
22
SIM5
SIM1
SIM2
SIM3
SIM4
1
21
22
SIM5
SIM1
SIM2
SIM3
SIM4
1
21
22
SIM5
SIM1
SIM2
SIM3
SIM4
1
21
22
SIM5
SIM1
SIM2
SIM3
SIM4
1
21
22
SIM5
SIM1
SIM2
SIM3
SIM4
1
21
22
SIM5
SIM1
SIM2
SIM3
SIM4
1
21
22
SIM5
SIM1
SIM2
SIM3
SIM4
1
21
22
SIM5
SIM1
SIM2
SIM3
SIM4
1
21
22
SIM5
SIM1
SIM2
SIM3
SIM4
1
21
22
SIM5
SIM1
SIM2
SIM3
SIM4
1
21
22
SIM5
SIM1
SIM2
SIM3
SIM4
1
21
22
SIM5
SIM1
SIM2
SIM3
SIM4
1
21
22
SIM5
SIM1
SIM2
SIM3
SIM4
1
21
22
SIM5
SIM1
SIM2
SIM3
SIM4
1
21
22
SIM5
SIM1
SIM2
SIM3
SIM4
1
21
22
SIM5
SIM1
SIM2
SIM3
SIM4
1
21
22
SIM5
SIM1
SIM2
SIM3
SIM4
1
21
22
SIM5
SIM1
SIM2
SIM3
SIM4
1
21
22
SIM5
SIM1
SIM2
SIM3
SIM4
1
21
22
SIM5
SIM1
SIM2
SIM3
SIM4
1
21
22
SIM5
SIM1
SIM2
SIM3
SIM4
1
21
22
SIM5
SIM1
SIM2
SIM3
SIM4
1
21
22
SIM5
SIM1
SIM2
SIM3
SIM4
1
21
22
SIM5
SIM1
SIM2
SIM3
SIM4
1
21
22
SIM5
SIM1
SIM2
SIM3
SIM4
1
21
22
SIM5
SIM1
SIM2
SIM3
SIM4
1
21
22
SIM5
SIM1
SIM2
SIM3
SIM4
1
21
22
SIM5
SIM1
SIM2
SIM3
SIM4
1
21
22
SIM5
SIM1
SIM2
SIM3
SIM4
1
21
22
SIM5
SIM1
SIM2
SIM3
SIM4
1
21
22
SIM5
SIM1
SIM2
SIM3
SIM4
1
21
22
SIM5
SIM1
SIM2
SIM3
SIM4
1
21
22
SIM5
SIM1
SIM2
SIM3
SIM4
1
21
22
SIM5
SIM1
SIM2
SIM3
SIM4
1
21
22
SIM5
SIM1
SIM2
SIM3
SIM4
1
21
22
SIM5
SIM1
SIM2
SIM3
SIM4
1
21
22
SIM5
SIM1
SIM2
SIM3
SIM4
1
21
22
SIM5
SIM1
SIM2
SIM3
SIM4
1
21
22
SIM5
SIM1
SIM2
SIM3
SIM4
1
21
22
SIM5
SIM1
SIM2
SIM3
SIM4
1
21
22
SIM5
SIM1
SIM2
SIM3
SIM4
1
21
22
SIM5
SIM1
SIM2
SIM3
SIM4
1
21
22
SIM5
SIM1
SIM2
SIM3
SIM4
1
21
22
SIM5
SIM1
SIM2
SIM3
SIM4
1
21
22
SIM5
SIM1
SIM2
SIM3
SIM4
1
21
22
SIM5
SIM1
SIM2
SIM3
SIM4
1
21
22
SIM5
SIM1
SIM2
SIM3
SIM4
1
21
22
SIM5
SIM1
SIM2
SIM3
SIM4
1
21
22
SIM5
SIM1
SIM2
SIM3
SIM4
1
21
22
SIM5
SIM1
SIM2
SIM3
SIM4
1
21
22
SIM5
SIM1
SIM2
SIM3
SIM4
1
21
22
SIM5
SIM1
SIM2
SIM3
SIM4
1
21
22
SIM5
SIM1
SIM2
SIM3
SIM4
1
21
22
SIM5
SIM1
SIM2
SIM3
SIM4
1
21
22
SIM5
SIM1
SIM2
SIM3
SIM4
1
21
22
SIM5
SIM1
SIM2
SIM3
SIM4
1
21
22
SIM5
SIM1
SIM2
SIM3
SIM4
1
21
22
SIM5
SIM1
SIM2
SIM3
SIM4
1
21
22
SIM5
SIM1
SIM2
SIM3
SIM4
1
21
22
SIM5
SIM1
SIM2
SIM3
SIM4
1
21
22
SIM5
SIM1
SIM2
SIM3
SIM4
1
21
22
SIM5
SIM1
SIM2
SIM3
SIM4
1
21
22
SIM5
SIM1
SIM2
SIM3
SIM4
1
21
22
SIM5
SIM1
SIM2
SIM3
SIM4
1
21
22
SIM5
SIM1
SIM2
SIM3
SIM4
1
21
22
SIM5
SIM1
SIM2
SIM3
SIM4
1
21
22
SIM5
SIM1
SIM2
SIM3
SIM4
1
21
22
SIM5
SIM1
SIM2
SIM3
SIM4
1
21
22
SIM5
SIM1
SIM2
SIM3
SIM4
1
21
22
SIM5
SIM1
SIM2
SIM3
SIM4
1
21
22
SIM5
SIM1
SIM2
SIM3
SIM4
1
21
22
SIM5
SIM1
SIM2
SIM3
SIM4
1
21
22
SIM5
SIM1
SIM2
SIM3
SIM4
1
21
22
SIM5
SIM1
SIM2
SIM3
SIM4
1
21
22
SIM5
SIM1
SIM2
SIM3
SIM4
1
21
22
SIM5
SIM1
SIM2
SIM3
SIM4
1
21
22
SIM5
SIM1
SIM2
SIM3
SIM4
1
21
22
SIM5
SIM1
SIM2
SIM3
SIM4
1
21
22
SIM5
SIM1
SIM2
SIM3
SIM4
1
21
22
SIM5
SIM1
SIM2
SIM3
SIM4
1
21
22
SIM5
SIM1
SIM2
SIM3
SIM4
1
21
22
SIM5
SIM1
SIM2
SIM3
SIM4
1
21
22
SIM5
SIM1
SIM2
SIM3
SIM4
1
21
22
SIM5
SIM1
SIM2
SIM3
SIM4
1
21
22
SIM5
SIM1
SIM2
SIM3
SIM4
1
21
22
SIM5
SIM1
SIM2
SIM3
SIM4
1
21
22
SIM5
SIM1
SIM2
DEBUG 1 729
SIM1
SIM2
SIM3
SIM4
1
21
22
SIM5
SIM1
SIM2
SIM3
SIM4
1
21
22
SIM5
SIM1
SIM2
SIM3
SIM4
1
21
22
SIM5
SIM1
SIM2
SIM3
SIM4
1
21
22
SIM5
SIM1
SIM2
SIM3
SIM4
1
21
22
SIM5
SIM1
SIM2
SIM3
SIM4
1
21
22
SIM5
SIM1
SIM2
SIM3
SIM4
1
21
22
SIM5
SIM1
SIM2
SIM3
SIM4
1
21
22
SIM5
SIM1
SIM2
SIM3
SIM4
1
21
22
SIM5
SIM1
SIM2
SIM3
SIM4
1
21
22
SIM5
SIM1
SIM2
SIM3
SIM4
1
21
22
SIM5
SIM1
SIM2
SIM3
SIM4
1
21
22
SIM5
SIM1
SIM2
SIM3
SIM4
1
21
22
SIM5
SIM1
SIM2
SIM3
SIM4
1
21
22
SIM5
SIM1
SIM2
SIM3
SIM4
1
21
22
SIM5
SIM1
SIM2
SIM3
SIM4
1
21
22
SIM5
SIM1
SIM2
SIM3
SIM4
1
21
22
SIM5
SIM1
SIM2
SIM3
SIM4
1
21
22
SIM5
SIM1
SIM2
SIM3
SIM4
1
21
22
SIM5
SIM1
SIM2
SIM3
SIM4
1
21
22
SIM5
SIM1
SIM2
SIM3
SIM4
1
21
22
SIM5
SIM1
SIM2
SIM3
SIM4
1
21
22
SIM5
SIM1
SIM2
SIM3
SIM4
1
21
22
SIM5
SIM1
SIM2
SIM3
SIM4
1
21
22
SIM5
SIM1
SIM2
SIM3
SIM4
1
21
22
SIM5
SIM1
SIM2
SIM3
SIM4
1
21
22
SIM5
SIM1
SIM2
SIM3
SIM4
1
21
22
SIM5
SIM1
SIM2
SIM3
SIM4
1
21
22
SIM5
SIM1
SIM2
SIM3
SIM4
1
21
22
SIM5
SIM1
SIM2
SIM3
SIM4
1
21
22
SIM5
SIM1
SIM2
SIM3
SIM4
1
21
22
SIM5
SIM1
SIM2
SIM3
SIM4
1
21
22
SIM5
SIM1
SIM2
SIM3
SIM4
1
21
22
SIM5
SIM1
SIM2
SIM3
SIM4
1
21
22
SIM5
SIM1
SIM2
SIM3
SIM4
1
21
22
SIM5
SIM1
SIM2
SIM3
SIM4
1
21
22
SIM5
SIM1
SIM2
SIM3
SIM4
1
21
22
SIM5
SIM1
SIM2
SIM3
SIM4
1
21
22
SIM5
SIM1
SIM2
SIM3
SIM4
1
21
22
SIM5
SIM1
SIM2
SIM3
SIM4
1
21
22
SIM5
SIM1
SIM2
SIM3
SIM4
1
21
22
SIM5
SIM1
SIM2
SIM3
SIM4
1
21
22
SIM5
SIM1
SIM2
SIM3
SIM4
1
21
22
SIM5
SIM1
SIM2
SIM3
SIM4
1
21
22
SIM5
SIM1
SIM2
SIM3
SIM4
1
21
22
SIM5
SIM1
SIM2
SIM3
SIM4
1
21
22
SIM5
SIM1
SIM2
SIM3
SIM4
1
21
22
SIM5
SIM1
SIM2
SIM3
SIM4
1
21
22
SIM5
SIM1
SIM2
SIM3
SIM4
1
21
22
SIM5
SIM1
SIM2
SIM3
SIM4
1
21
22
SIM5
SIM1
SIM2
SIM3
SIM4
1
21
22
SIM5
SIM1
SIM2
SIM3
SIM4
1
21
22
SIM5
SIM1
SIM2
SIM3
SIM4
1
21
22
SIM5
SIM1
SIM2
SIM3
SIM4
1
21
22
SIM5
SIM1
SIM2
SIM3
SIM4
1
21
22
SIM5
SIM1
SIM2
SIM3
SIM4
1
21
22
SIM5
SIM1
SIM2
SIM3
SIM4
1
21
22
SIM5
SIM1
SIM2
SIM3
SIM4
1
21
22
SIM5
SIM1
SIM2
SIM3
SIM4
1
21
22
SIM5
SIM1
SIM2
SIM3
SIM4
1
21
22
SIM5
SIM1
SIM2
SIM3
SIM4
1
21
22
SIM5
SIM1
SIM2
SIM3
SIM4
1
21
22
SIM5
SIM1
SIM2
SIM3
SIM4
1
21
22
SIM5
SIM1
SIM2
SIM3
SIM4
1
21
22
SIM5
SIM1
SIM2
SIM3
SIM4
1
21
22
SIM5
SIM1
SIM2
SIM3
SIM4
1
21
22
SIM5
SIM1
SIM2
SIM3
SIM4
1
21
22
SIM5
SIM1
SIM2
SIM3
SIM4
1
21
22
SIM5
SIM1
SIM2
SIM3
SIM4
1
21
22
SIM5
SIM1
SIM2
SIM3
SIM4
1
21
22
SIM5
SIM1
SIM2
SIM3
SIM4
1
21
22
SIM5
SIM1
SIM2
SIM3
SIM4
1
21
22
SIM5
SIM1
SIM2
SIM3
SIM4
1
21
22
SIM5
SIM1
SIM2
SIM3
SIM4
1
21
22
SIM5
SIM1
SIM2
SIM3
SIM4
1
21
22
SIM5
SIM1
SIM2
SIM3
SIM4
1
21
22
SIM5
SIM1
SIM2
SIM3
SIM4
1
21
22
SIM5
SIM1
SIM2
SIM3
SIM4
1
21
22
SIM5
SIM1
SIM2
SIM3
SIM4
1
21
22
SIM5
SIM1
SIM2
SIM3
SIM4
1
21
22
SIM5
SIM1
SIM2
SIM3
SIM4
1
21
22
SIM5
SIM1
SIM2
SIM3
SIM4
1
21
22
SIM5
SIM1
SIM2
SIM3
SIM4
1
21
22
SIM5
SIM1
SIM2
SIM3
SIM4
1
21
22
SIM5
SIM1
SIM2
SIM3
SIM4
1
21
22
SIM5
SIM1
SIM2
SIM3
SIM4
1
21
22
SIM5
SIM1
SIM2
SIM3
SIM4
1
21
22
SIM5
SIM1
SIM2
SIM3
SIM4
1
21
22
SIM5
SIM1
SIM2
SIM3
SIM4
1
21
22
SIM5
SIM1
SIM2
SIM3
SIM4
1
21
22
SIM5
SIM1
SIM2
SIM3
SIM4
1
21
22
SIM5
SIM1
SIM2
SIM3
SIM4
1
21
22
SIM5
SIM1
SIM2
SIM3
SIM4
1
21
22
SIM5
SIM1
SIM2
SIM3
SIM4
1
21
22
SIM5
SIM1
SIM2
SIM3
SIM4
1
21
22
SIM5
SIM1
SIM2
SIM3
SIM4
1
21
22
SIM5
SIM1
SIM2
SIM3
SIM4
1
21
22
SIM5
SIM1
SIM2
SIM3
SIM4
1
21
22
SIM5
SIM1
SIM2
SIM3
SIM4
1
21
22
SIM5
SIM1
SIM2
SIM3
SIM4
1
21
22
SIM5
SIM1
SIM2
SIM3
SIM4
1
21
22
SIM5
SIM1
SIM2
SIM3
SIM4
1
21
22
SIM5
SIM1
SIM2
SIM3
SIM4
1
21
22
SIM5
SIM1
SIM2
SIM3
SIM4
1
21
22
SIM5
SIM1
SIM2
SIM3
SIM4
1
21
22
SIM5
SIM1
SIM2
SIM3
SIM4
1
21
22
SIM5
SIM1
SIM2
SIM3
SIM4
1
21
22
SIM5
SIM1
SIM2
SIM3
SIM4
1
21
22
SIM5
SIM1
SIM2
SIM3
SIM4
1
21
22
SIM5
SIM1
SIM2
SIM3
SIM4
1
21
22
SIM5
SIM1
SIM2
SIM3
SIM4
1
21
22
SIM5
SIM1
SIM2
SIM3
SIM4
1
21
22
SIM5
SIM1
SIM2
SIM3
SIM4
1
21
22
SIM5
SIM1
SIM2
SIM3
SIM4
1
21
22
SIM5
SIM1
SIM2
SIM3
SIM4
1
21
22
SIM5
SIM1
SIM2
SIM3
SIM4
1
21
22
SIM5
SIM1
SIM2
SIM3
SIM4
1
21
22
SIM5
SIM1
SIM2
SIM3
SIM4
1
21
22
SIM5
SIM1
SIM2
SIM3
SIM4
1
21
22
SIM5
SIM1
SIM2
SIM3
SIM4
1
21
22
SIM5
SIM1
SIM2
SIM3
SIM4
1
21
22
SIM5
SIM1
SIM2
SIM3
SIM4
1
21
22
SIM5
SIM1
SIM2
SIM3
SIM4
1
21
22
SIM5
SIM1
SIM2
SIM3
SIM4
1
21
22
SIM5
SIM1
SIM2
SIM3
SIM4
1
21
22
SIM5
SIM1
SIM2
SIM3
SIM4
1
21
22
SIM5
SIM1
SIM2
SIM3
SIM4
1
21
22
SIM5
SIM1
SIM2
SIM3
SIM4
1
21
22
SIM5
SIM1
SIM2
SIM3
SIM4
1
21
22
SIM5
SIM1
SIM2
SIM3
SIM4
1
21
22
SIM5
SIM1
SIM2
SIM3
SIM4
1
21
22
SIM5
SIM1
SIM2
SIM3
SIM4
1
21
22
SIM5
SIM1
SIM2
SIM3
SIM4
1
21
22
SIM5
SIM1
SIM2
SIM3
SIM4
1
21
22
SIM5
SIM1
SIM2
SIM3
SIM4
1
21
22
SIM5
SIM1
SIM2
SIM3
SIM4
1
21
22
SIM5
SIM1
SIM2
SIM3
SIM4
1
21
22
SIM5
SIM1
SIM2
SIM3
SIM4
1
21
22
SIM5
SIM1
SIM2
SIM3
SIM4
1
21
22
SIM5
SIM1
SIM2
SIM3
SIM4
1
21
22
SIM5
SIM1
SIM2
SIM3
SIM4
1
21
22
SIM5
SIM1
SIM2
SIM3
SIM4
1
21
22
SIM5
SIM1
SIM2
SIM3
SIM4
1
21
22
SIM5
SIM1
SIM2
SIM3
SIM4
1
21
22
SIM5
SIM1
SIM2
SIM3
SIM4
1
21
22
SIM5
SIM1
SIM2
SIM3
SIM4
1
21
22
SIM5
SIM1
SIM2
SIM3
SIM4
1
21
22
SIM5
SIM1
SIM2
SIM3
SIM4
1
21
22
SIM5
SIM1
SIM2
SIM3
SIM4
1
21
22
SIM5
SIM1
SIM2
SIM3
SIM4
1
21
22
SIM5
SIM1
SIM2
SIM3
SIM4
1
21
22
SIM5
SIM1
SIM2
SIM3
SIM4
1
21
22
SIM5
SIM1
SIM2
SIM3
SIM4
1
21
22
SIM5
SIM1
SIM2
SIM3
SIM4
1
21
22
SIM5
SIM1
SIM2
SIM3
SIM4
1
21
22
SIM5
SIM1
SIM2
SIM3
SIM4
1
21
22
SIM5
SIM1
SIM2
SIM3
SIM4
1
21
22
SIM5
SIM1
SIM2
SIM3
SIM4
1
21
22
SIM5
SIM1
SIM2
SIM3
SIM4
1
21
22
SIM5
SIM1
SIM2
SIM3
SIM4
1
21
22
SIM5
SIM1
SIM2
SIM3
SIM4
1
21
22
SIM5
SIM1
SIM2
SIM3
SIM4
1
21
22
SIM5
SIM1
SIM2
DEBUG 1 730
SIM1
SIM2
SIM3
SIM4
1
21
22
SIM5
SIM1
SIM2
SIM3
SIM4
1
21
22
SIM5
SIM1
SIM2
SIM3
SIM4
1
21
22
SIM5
SIM1
SIM2
SIM3
SIM4
1
21
22
SIM5
SIM1
SIM2
SIM3
SIM4
1
21
22
SIM5
SIM1
SIM2
SIM3
SIM4
1
21
22
SIM5
SIM1
SIM2
SIM3
SIM4
1
21
22
SIM5
SIM1
SIM2
SIM3
SIM4
1
21
22
SIM5
SIM1
SIM2
SIM3
SIM4
1
21
22
SIM5
SIM1
SIM2
SIM3
SIM4
1
21
22
SIM5
SIM1
SIM2
SIM3
SIM4
1
21
22
SIM5
SIM1
SIM2
SIM3
SIM4
1
21
22
SIM5
SIM1
SIM2
SIM3
SIM4
1
21
22
SIM5
SIM1
SIM2
SIM3
SIM4
1
21
22
SIM5
SIM1
SIM2
SIM3
SIM4
1
21
22
SIM5
SIM1
SIM2
SIM3
SIM4
1
21
22
SIM5
SIM1
SIM2
SIM3
SIM4
1
21
22
SIM5
SIM1
SIM2
SIM3
SIM4
1
21
22
SIM5
SIM1
SIM2
SIM3
SIM4
1
21
22
SIM5
SIM1
SIM2
SIM3
SIM4
1
21
22
SIM5
SIM1
SIM2
SIM3
SIM4
1
21
22
SIM5
SIM1
SIM2
SIM3
SIM4
1
21
22
SIM5
SIM1
SIM2
SIM3
SIM4
1
21
22
SIM5
SIM1
SIM2
SIM3
SIM4
1
21
22
SIM5
SIM1
SIM2
SIM3
SIM4
1
21
22
SIM5
SIM1
SIM2
SIM3
SIM4
1
21
22
SIM5
SIM1
SIM2
SIM3
SIM4
1
21
22
SIM5
SIM1
SIM2
SIM3
SIM4
1
21
22
SIM5
SIM1
SIM2
SIM3
SIM4
1
21
22
SIM5
SIM1
SIM2
SIM3
SIM4
1
21
22
SIM5
SIM1
SIM2
SIM3
SIM4
1
21
22
SIM5
SIM1
SIM2
SIM3
SIM4
1
21
22
SIM5
SIM1
SIM2
SIM3
SIM4
1
21
22
SIM5
SIM1
SIM2
SIM3
SIM4
1
21
22
SIM5
SIM1
SIM2
SIM3
SIM4
1
21
22
SIM5
SIM1
SIM2
SIM3
SIM4
1
21
22
SIM5
SIM1
SIM2
SIM3
SIM4
1
21
22
SIM5
SIM1
SIM2
SIM3
SIM4
1
21
22
SIM5
SIM1
SIM2
SIM3
SIM4
1
21
22
SIM5
SIM1
SIM2
SIM3
SIM4
1
21
22
SIM5
SIM1
SIM2
SIM3
SIM4
1
21
22
SIM5
SIM1
SIM2
SIM3
SIM4
1
21
22
SIM5
SIM1
SIM2
SIM3
SIM4
1
21
22
SIM5
SIM1
SIM2
SIM3
SIM4
1
21
22
SIM5
SIM1
SIM2
SIM3
SIM4
1
21
22
SIM5
SIM1
SIM2
SIM3
SIM4
1
21
22
SIM5
SIM1
SIM2
SIM3
SIM4
1
21
22
SIM5
SIM1
SIM2
SIM3
SIM4
1
21
22
SIM5
SIM1
SIM2
SIM3
SIM4
1
21
22
SIM5
SIM1
SIM2
SIM3
SIM4
1
21
22
SIM5
SIM1
SIM2
SIM3
SIM4
1
21
22
SIM5
SIM1
SIM2
SIM3
SIM4
1
21
22
SIM5
SIM1
SIM2
SIM3
SIM4
1
21
22
SIM5
SIM1
SIM2
SIM3
SIM4
1
21
22
SIM5
SIM1
SIM2
SIM3
SIM4
1
21
22
SIM5
SIM1
SIM2
SIM3
SIM4
1
21
22
SIM5
SIM1
SIM2
SIM3
SIM4
1
21
22
SIM5
SIM1
SIM2
SIM3
SIM4
1
21
22
SIM5
SIM1
SIM2
SIM3
SIM4
1
21
22
SIM5
SIM1
SIM2
SIM3
SIM4
1
21
22
SIM5
SIM1
SIM2
SIM3
SIM4
1
21
22
SIM5
SIM1
SIM2
SIM3
SIM4
1
21
22
SIM5
SIM1
SIM2
SIM3
SIM4
1
21
22
SIM5
SIM1
SIM2
SIM3
SIM4
1
21
22
SIM5
SIM1
SIM2
SIM3
SIM4
1
21
22
SIM5
SIM1
SIM2
SIM3
SIM4
1
21
22
SIM5
SIM1
SIM2
SIM3
SIM4
1
21
22
SIM5
SIM1
SIM2
SIM3
SIM4
1
21
22
SIM5
SIM1
SIM2
SIM3
SIM4
1
21
22
SIM5
SIM1
SIM2
SIM3
SIM4
1
21
22
SIM5
SIM1
SIM2
SIM3
SIM4
1
21
22
SIM5
SIM1
SIM2
SIM3
SIM4
1
21
22
SIM5
SIM1
SIM2
SIM3
SIM4
1
21
22
SIM5
SIM1
SIM2
SIM3
SIM4
1
21
22
SIM5
SIM1
SIM2
SIM3
SIM4
1
21
22
SIM5
SIM1
SIM2
SIM3
SIM4
1
21
22
SIM5
SIM1
SIM2
SIM3
SIM4
1
21
22
SIM5
SIM1
SIM2
SIM3
SIM4
1
21
22
SIM5
SIM1
SIM2
SIM3
SIM4
1
21
22
SIM5
SIM1
SIM2
SIM3
SIM4
1
21
22
SIM5
SIM1
SIM2
SIM3
SIM4
1
21
22
SIM5
SIM1
SIM2
SIM3
SIM4
1
21
22
SIM5
SIM1
SIM2
SIM3
SIM4
1
21
22
SIM5
SIM1
SIM2
SIM3
SIM4
1
21
22
SIM5
SIM1
SIM2
SIM3
SIM4
1
21
22
SIM5
SIM1
SIM2
SIM3
SIM4
1
21
22
SIM5
SIM1
SIM2
SIM3
SIM4
1
21
22
SIM5
SIM1
SIM2
SIM3
SIM4
1
21
22
SIM5
SIM1
SIM2
SIM3
SIM4
1
21
22
SIM5
SIM1
SIM2
SIM3
SIM4
1
21
22
SIM5
SIM1
SIM2
SIM3
SIM4
1
21
22
SIM5
SIM1
SIM2
SIM3
SIM4
1
21
22
SIM5
SIM1
SIM2
SIM3
SIM4
1
21
22
SIM5
SIM1
SIM2
SIM3
SIM4
1
21
22
SIM5
SIM1
SIM2
SIM3
SIM4
1
21
22
SIM5
SIM1
SIM2
SIM3
SIM4
1
21
22
SIM5
SIM1
SIM2
SIM3
SIM4
1
21
22
SIM5
SIM1
SIM2
SIM3
SIM4
1
21
22
SIM5
SIM1
SIM2
SIM3
SIM4
1
21
22
SIM5
SIM1
SIM2
SIM3
SIM4
1
21
22
SIM5
SIM1
SIM2
SIM3
SIM4
1
21
22
SIM5
SIM1
SIM2
SIM3
SIM4
1
21
22
SIM5
SIM1
SIM2
SIM3
SIM4
1
21
22
SIM5
SIM1
SIM2
SIM3
SIM4
1
21
22
SIM5
SIM1
SIM2
SIM3
SIM4
1
21
22
SIM5
SIM1
SIM2
SIM3
SIM4
1
21
22
SIM5
SIM1
SIM2
SIM3
SIM4
1
21
22
SIM5
SIM1
SIM2
SIM3
SIM4
1
21
22
SIM5
SIM1
SIM2
SIM3
SIM4
1
21
22
SIM5
SIM1
SIM2
SIM3
SIM4
1
21
22
SIM5
SIM1
SIM2
DEBUG 1 731
SIM1
SIM2
SIM3
SIM4
1
21
22
SIM5
SIM1
SIM2
SIM3
SIM4
1
21
22
SIM5
SIM1
SIM2
SIM3
SIM4
1
21
22
SIM5
SIM1
SIM2
SIM3
SIM4
1
21
22
SIM5
SIM1
SIM2
SIM3
SIM4
1
21
22
SIM5
SIM1
SIM2
SIM3
SIM4
1
21
22
SIM5
SIM1
SIM2
SIM3
SIM4
1
21
22
SIM5
SIM1
SIM2
SIM3
SIM4
1
21
22
SIM5
SIM1
SIM2
SIM3
SIM4
1
21
22
SIM5
SIM1
SIM2
SIM3
SIM4
1
21
22
SIM5
SIM1
SIM2
SIM3
SIM4
1
21
22
SIM5
SIM1
SIM2
SIM3
SIM4
1
21
22
SIM5
SIM1
SIM2
SIM3
SIM4
1
21
22
SIM5
SIM1
SIM2
SIM3
SIM4
1
21
22
SIM5
SIM1
SIM2
SIM3
SIM4
1
21
22
SIM5
SIM1
SIM2
SIM3
SIM4
1
21
22
SIM5
SIM1
SIM2
SIM3
SIM4
1
21
22
SIM5
SIM1
SIM2
SIM3
SIM4
1
21
22
SIM5
SIM1
SIM2
SIM3
SIM4
1
21
22
SIM5
SIM1
SIM2
SIM3
SIM4
1
21
22
SIM5
SIM1
SIM2
SIM3
SIM4
1
21
22
SIM5
SIM1
SIM2
SIM3
SIM4
1
21
22
SIM5
SIM1
SIM2
SIM3
SIM4
1
21
22
SIM5
SIM1
SIM2
SIM3
SIM4
1
21
22
SIM5
SIM1
SIM2
SIM3
SIM4
1
21
22
SIM5
SIM1
SIM2
SIM3
SIM4
1
21
22
SIM5
SIM1
SIM2
SIM3
SIM4
1
21
22
SIM5
SIM1
SIM2
SIM3
SIM4
1
21
22
SIM5
SIM1
SIM2
SIM3
SIM4
1
21
22
SIM5
SIM1
SIM2
SIM3
SIM4
1
21
22
SIM5
SIM1
SIM2
SIM3
SIM4
1
21
22
SIM5
SIM1
SIM2
SIM3
SIM4
1
21
22
SIM5
SIM1
SIM2
SIM3
SIM4
1
21
22
SIM5
SIM1
SIM2
SIM3
SIM4
1
21
22
SIM5
SIM1
SIM2
SIM3
SIM4
1
21
22
SIM5
SIM1
SIM2
SIM3
SIM4
1
21
22
SIM5
SIM1
SIM2
SIM3
SIM4
1
21
22
SIM5
SIM1
SIM2
SIM3
SIM4
1
21
22
SIM5
SIM1
SIM2
SIM3
SIM4
1
21
22
SIM5
SIM1
SIM2
SIM3
SIM4
1
21
22
SIM5
SIM1
SIM2
SIM3
SIM4
1
21
22
SIM5
SIM1
SIM2
SIM3
SIM4
1
21
22
SIM5
SIM1
SIM2
SIM3
SIM4
1
21
22
SIM5
SIM1
SIM2
SIM3
SIM4
1
21
22
SIM5
SIM1
SIM2
SIM3
SIM4
1
21
22
SIM5
SIM1
SIM2
SIM3
SIM4
1
21
22
SIM5
SIM1
SIM2
SIM3
SIM4
1
21
22
SIM5
SIM1
SIM2
SIM3
SIM4
1
21
22
SIM5
SIM1
SIM2
SIM3
SIM4
1
21
22
SIM5
SIM1
SIM2
SIM3
SIM4
1
21
22
SIM5
SIM1
SIM2
SIM3
SIM4
1
21
22
SIM5
SIM1
SIM2
SIM3
SIM4
1
21
22
SIM5
SIM1
SIM2
SIM3
SIM4
1
21
22
SIM5
SIM1
SIM2
SIM3
SIM4
1
21
22
SIM5
SIM1
SIM2
SIM3
SIM4
1
21
22
SIM5
SIM1
SIM2
SIM3
SIM4
1
21
22
SIM5
SIM1
SIM2
SIM3
SIM4
1
21
22
SIM5
SIM1
SIM2
SIM3
SIM4
1
21
22
SIM5
SIM1
SIM2
SIM3
SIM4
1
21
22
SIM5
SIM1
SIM2
SIM3
SIM4
1
21
22
SIM5
SIM1
SIM2
SIM3
SIM4
1
21
22
SIM5
SIM1
SIM2
SIM3
SIM4
1
21
22
SIM5
SIM1
SIM2
SIM3
SIM4
1
21
22
SIM5
SIM1
SIM2
SIM3
SIM4
1
21
22
SIM5
SIM1
SIM2
SIM3
SIM4
1
21
22
SIM5
SIM1
SIM2
SIM3
SIM4
1
21
22
SIM5
SIM1
SIM2
SIM3
SIM4
1
21
22
SIM5
SIM1
SIM2
SIM3
SIM4
1
21
22
SIM5
SIM1
SIM2
SIM3
SIM4
1
21
22
SIM5
SIM1
SIM2
SIM3
SIM4
1
21
22
SIM5
SIM1
SIM2
SIM3
SIM4
1
21
22
SIM5
SIM1
SIM2
SIM3
SIM4
1
21
22
SIM5
SIM1
SIM2
SIM3
SIM4
1
21
22
SIM5
SIM1
SIM2
SIM3
SIM4
1
21
22
SIM5
SIM1
SIM2
SIM3
SIM4
1
21
22
SIM5
SIM1
SIM2
SIM3
SIM4
1
21
22
SIM5
SIM1
SIM2
SIM3
SIM4
1
21
22
SIM5
SIM1
SIM2
SIM3
SIM4
1
21
22
SIM5
SIM1
SIM2
SIM3
SIM4
1
21
22
SIM5
SIM1
SIM2
SIM3
SIM4
1
21
22
SIM5
SIM1
SIM2
SIM3
SIM4
1
21
22
SIM5
SIM1
SIM2
SIM3
SIM4
1
21
22
SIM5
SIM1
SIM2
SIM3
SIM4
1
21
22
SIM5
SIM1
SIM2
SIM3
SIM4
1
21
22
SIM5
SIM1
SIM2
SIM3
SIM4
1
21
22
SIM5
SIM1
SIM2
SIM3
SIM4
1
21
22
SIM5
SIM1
SIM2
SIM3
SIM4
1
21
22
SIM5
SIM1
SIM2
SIM3
SIM4
1
21
22
SIM5
SIM1
SIM2
SIM3
SIM4
1
21
22
SIM5
SIM1
SIM2
SIM3
SIM4
1
21
22
SIM5
SIM1
SIM2
SIM3
SIM4
1
21
22
SIM5
SIM1
SIM2
SIM3
SIM4
1
21
22
SIM5
SIM1
SIM2
SIM3
SIM4
1
21
22
SIM5
SIM1
SIM2
SIM3
SIM4
1
21
22
SIM5
SIM1
SIM2
SIM3
SIM4
1
21
22
SIM5
SIM1
SIM2
SIM3
SIM4
1
21
22
SIM5
SIM1
SIM2
SIM3
SIM4
1
21
22
SIM5
SIM1
SIM2
SIM3
SIM4
1
21
22
SIM5
SIM1
SIM2
SIM3
SIM4
1
21
22
SIM5
SIM1
SIM2
SIM3
SIM4
1
21
22
SIM5
SIM1
SIM2
SIM3
SIM4
1
21
22
SIM5
SIM1
SIM2
SIM3
SIM4
1
21
22
SIM5
SIM1
SIM2
SIM3
SIM4
1
21
22
SIM5
SIM1
SIM2
SIM3
SIM4
1
21
22
SIM5
SIM1
SIM2
SIM3
SIM4
1
21
22
SIM5
SIM1
SIM2
SIM3
SIM4
1
21
22
SIM5
SIM1
SIM2
SIM3
SIM4
1
21
22
SIM5
SIM1
SIM2
SIM3
SIM4
1
21
22
SIM5
SIM1
SIM2
SIM3
SIM4
1
21
22
SIM5
SIM1
SIM2
SIM3
SIM4
1
21
22
SIM5
SIM1
SIM2
SIM3
SIM4
1
21
22
SIM5
SIM1
SIM2
SIM3
SIM4
1
21
22
SIM5
SIM1
SIM2
SIM3
SIM4
1
21
22
SIM5
SIM1
SIM2
SIM3
SIM4
1
21
22
SIM5
SIM1
SIM2
SIM3
SIM4
1
21
22
SIM5
SIM1
SIM2
SIM3
SIM4
1
21
22
SIM5
SIM1
SIM2
SIM3
SIM4
1
21
22
SIM5
SIM1
SIM2
SIM3
SIM4
1
21
22
SIM5
SIM1
SIM2
SIM3
SIM4
1
21
22
SIM5
SIM1
SIM2
SIM3
SIM4
1
21
22
SIM5
SIM1
SIM2
SIM3
SIM4
1
21
22
SIM5
SIM1
SIM2
SIM3
SIM4
1
21
22
SIM5
SIM1
SIM2
SIM3
SIM4
1
21
22
SIM5
SIM1
SIM2
SIM3
SIM4
1
21
22
SIM5
SIM1
SIM2
SIM3
SIM4
1
21
22
SIM5
SIM1
SIM2
SIM3
SIM4
1
21
22
SIM5
SIM1
SIM2
SIM3
SIM4
1
21
22
SIM5
SIM1
SIM2
SIM3
SIM4
1
21
22
SIM5
SIM1
SIM2
SIM3
SIM4
1
21
22
SIM5
SIM1
SIM2
SIM3
SIM4
1
21
22
SIM5
SIM1
SIM2
SIM3
SIM4
1
21
22
SIM5
SIM1
SIM2
SIM3
SIM4
1
21
22
SIM5
SIM1
SIM2
SIM3
SIM4
1
21
22
SIM5
SIM1
SIM2
SIM3
SIM4
1
21
22
SIM5
SIM1
SIM2
SIM3
SIM4
1
21
22
SIM5
SIM1
SIM2
SIM3
SIM4
1
21
22
SIM5
SIM1
SIM2
SIM3
SIM4
1
21
22
SIM5
SIM1
SIM2
SIM3
SIM4
1
21
22
SIM5
SIM1
SIM2
SIM3
SIM4
1
21
22
SIM5
SIM1
SIM2
SIM3
SIM4
1
21
22
SIM5
SIM1
SIM2
SIM3
SIM4
1
21
22
SIM5
SIM1
SIM2
SIM3
SIM4
1
21
22
SIM5
SIM1
SIM2
SIM3
SIM4
1
21
22
SIM5
SIM1
SIM2
SIM3
SIM4
1
21
22
SIM5
SIM1
SIM2
SIM3
SIM4
1
21
22
SIM5
SIM1
SIM2
SIM3
SIM4
1
21
22
SIM5
SIM1
SIM2
SIM3
SIM4
1
21
22
SIM5
SIM1
SIM2
SIM3
SIM4
1
21
22
SIM5
SIM1
SIM2
SIM3
SIM4
1
21
22
SIM5
SIM1
SIM2
SIM3
SIM4
1
21
22
SIM5
SIM1
SIM2
SIM3
SIM4
1
21
22
SIM5
SIM1
SIM2
SIM3
SIM4
1
21
22
SIM5
SIM1
SIM2
SIM3
SIM4
1
21
22
SIM5
SIM1
SIM2
SIM3
SIM4
1
21
22
SIM5
SIM1
SIM2
SIM3
SIM4
1
21
22
SIM5
SIM1
SIM2
SIM3
SIM4
1
21
22
SIM5
SIM1
SIM2
SIM3
SIM4
1
21
22
SIM5
SIM1
SIM2
SIM3
SIM4
1
21
22
SIM5
SIM1
SIM2
SIM3
SIM4
1
21
22
SIM5
SIM1
SIM2
SIM3
SIM4
1
21
22
SIM5
SIM1
SIM2
SIM3
SIM4
1
21
22
SIM5
SIM1
SIM2
SIM3
SIM4
1
21
22
SIM5
SIM1
SIM2
SIM3
SIM4
1
21
22
SIM5
SIM1
SIM2
SIM3
SIM4
1
21
22
SIM5
SIM1
SIM2
SIM3
SIM4
1
21
22
SIM5
SIM1
SIM2
SIM3
SIM4
1
21
22
SIM5
SIM1
SIM2
SIM3
SIM4
1
21
22
SIM5
SIM1
SIM2
SIM3
SIM4
1
21
22
SIM5
SIM1
SIM2
SIM3
SIM4
1
21
22
SIM5
SIM1
SIM2
SIM3
SIM4
1
21
22
SIM5
SIM1
SIM2
SIM3
SIM4
1
21
22
SIM5
SIM1
SIM2
SIM3
SIM4
1
21
22
SIM5
SIM1
SIM2
SIM3
SIM4
1
21
22
SIM5
SIM1
SIM2
SIM3
SIM4
1
21
22
SIM5
SIM1
SIM2
SIM3
SIM4
1
21
22
SIM5
SIM1
SIM2
SIM3
SIM4
1
21
22
SIM5
SIM1
SIM2
SIM3
SIM4
1
21
22
SIM5
SIM1
SIM2
SIM3
SIM4
1
21
22
SIM5
SIM1
SIM2
SIM3
SIM4
1
21
22
SIM5
SIM1
SIM2
DEBUG 1 732
SIM1
SIM2
SIM3
SIM4
1
21
22
SIM5
SIM1
SIM2
SIM3
SIM4
1
21
22
SIM5
SIM1
SIM2
SIM3
SIM4
1
21
22
SIM5
SIM1
SIM2
SIM3
SIM4
1
21
22
SIM5
SIM1
SIM2
SIM3
SIM4
1
21
22
SIM5
SIM1
SIM2
SIM3
SIM4
1
21
22
SIM5
SIM1
SIM2
SIM3
SIM4
1
21
22
SIM5
SIM1
SIM2
SIM3
SIM4
1
21
22
SIM5
SIM1
SIM2
SIM3
SIM4
1
21
22
SIM5
SIM1
SIM2
SIM3
SIM4
1
21
22
SIM5
SIM1
SIM2
SIM3
SIM4
1
21
22
SIM5
SIM1
SIM2
SIM3
SIM4
1
21
22
SIM5
SIM1
SIM2
SIM3
SIM4
1
21
22
SIM5
SIM1
SIM2
SIM3
SIM4
1
21
22
SIM5
SIM1
SIM2
SIM3
SIM4
1
21
22
SIM5
SIM1
SIM2
SIM3
SIM4
1
21
22
SIM5
SIM1
SIM2
SIM3
SIM4
1
21
22
SIM5
SIM1
SIM2
SIM3
SIM4
1
21
22
SIM5
SIM1
SIM2
SIM3
SIM4
1
21
22
SIM5
SIM1
SIM2
SIM3
SIM4
1
21
22
SIM5
SIM1
SIM2
SIM3
SIM4
1
21
22
SIM5
SIM1
SIM2
SIM3
SIM4
1
21
22
SIM5
SIM1
SIM2
SIM3
SIM4
1
21
22
SIM5
SIM1
SIM2
SIM3
SIM4
1
21
22
SIM5
SIM1
SIM2
SIM3
SIM4
1
21
22
SIM5
SIM1
SIM2
SIM3
SIM4
1
21
22
SIM5
SIM1
SIM2
SIM3
SIM4
1
21
22
SIM5
SIM1
SIM2
SIM3
SIM4
1
21
22
SIM5
SIM1
SIM2
SIM3
SIM4
1
21
22
SIM5
SIM1
SIM2
SIM3
SIM4
1
21
22
SIM5
SIM1
SIM2
SIM3
SIM4
1
21
22
SIM5
SIM1
SIM2
SIM3
SIM4
1
21
22
SIM5
SIM1
SIM2
SIM3
SIM4
1
21
22
SIM5
SIM1
SIM2
SIM3
SIM4
1
21
22
SIM5
SIM1
SIM2
SIM3
SIM4
1
21
22
SIM5
SIM1
SIM2
SIM3
SIM4
1
21
22
SIM5
SIM1
SIM2
SIM3
SIM4
1
21
22
SIM5
SIM1
SIM2
SIM3
SIM4
1
21
22
SIM5
SIM1
SIM2
SIM3
SIM4
1
21
22
SIM5
SIM1
SIM2
SIM3
SIM4
1
21
22
SIM5
SIM1
SIM2
SIM3
SIM4
1
21
22
SIM5
SIM1
SIM2
SIM3
SIM4
1
21
22
SIM5
SIM1
SIM2
SIM3
SIM4
1
21
22
SIM5
SIM1
SIM2
SIM3
SIM4
1
21
22
SIM5
SIM1
SIM2
SIM3
SIM4
1
21
22
SIM5
SIM1
SIM2
SIM3
SIM4
1
21
22
SIM5
SIM1
SIM2
SIM3
SIM4
1
21
22
SIM5
SIM1
SIM2
SIM3
SIM4
1
21
22
SIM5
SIM1
SIM2
SIM3
SIM4
1
21
22
SIM5
SIM1
SIM2
SIM3
SIM4
1
21
22
SIM5
SIM1
SIM2
SIM3
SIM4
1
21
22
SIM5
SIM1
SIM2
SIM3
SIM4
1
21
22
SIM5
SIM1
SIM2
SIM3
SIM4
1
21
22
SIM5
SIM1
SIM2
SIM3
SIM4
1
21
22
SIM5
SIM1
SIM2
SIM3
SIM4
1
21
22
SIM5
SIM1
SIM2
SIM3
SIM4
1
21
22
SIM5
SIM1
SIM2
SIM3
SIM4
1
21
22
SIM5
SIM1
SIM2
SIM3
SIM4
1
21
22
SIM5
SIM1
SIM2
SIM3
SIM4
1
21
22
SIM5
SIM1
SIM2
SIM3
SIM4
1
21
22
SIM5
SIM1
SIM2
SIM3
SIM4
1
21
22
SIM5
SIM1
SIM2
SIM3
SIM4
1
21
22
SIM5
SIM1
SIM2
SIM3
SIM4
1
21
22
SIM5
SIM1
SIM2
SIM3
SIM4
1
21
22
SIM5
SIM1
SIM2
SIM3
SIM4
1
21
22
SIM5
SIM1
SIM2
SIM3
SIM4
1
21
22
SIM5
SIM1
SIM2
SIM3
SIM4
1
21
22
SIM5
SIM1
SIM2
SIM3
SIM4
1
21
22
SIM5
SIM1
SIM2
SIM3
SIM4
1
21
22
SIM5
SIM1
SIM2
SIM3
SIM4
1
21
22
SIM5
SIM1
SIM2
SIM3
SIM4
1
21
22
SIM5
SIM1
SIM2
SIM3
SIM4
1
21
22
SIM5
SIM1
SIM2
SIM3
SIM4
1
21
22
SIM5
SIM1
SIM2
SIM3
SIM4
1
21
22
SIM5
SIM1
SIM2
SIM3
SIM4
1
21
22
SIM5
SIM1
SIM2
SIM3
SIM4
1
21
22
SIM5
SIM1
SIM2
SIM3
SIM4
1
21
22
SIM5
SIM1
SIM2
SIM3
SIM4
1
21
22
SIM5
SIM1
SIM2
SIM3
SIM4
1
21
22
SIM5
SIM1
SIM2
SIM3
SIM4
1
21
22
SIM5
SIM1
SIM2
SIM3
SIM4
1
21
22
SIM5
SIM1
SIM2
SIM3
SIM4
1
21
22
SIM5
SIM1
SIM2
SIM3
SIM4
1
21
22
SIM5
SIM1
SIM2
SIM3
SIM4
1
21
22
SIM5
SIM1
SIM2
SIM3
SIM4
1
21
22
SIM5
SIM1
SIM2
SIM3
SIM4
1
21
22
SIM5
SIM1
SIM2
SIM3
SIM4
1
21
22
SIM5
SIM1
SIM2
SIM3
SIM4
1
21
22
SIM5
SIM1
SIM2
SIM3
SIM4
1
21
22
SIM5
SIM1
SIM2
SIM3
SIM4
1
21
22
SIM5
SIM1
SIM2
SIM3
SIM4
1
21
22
SIM5
SIM1
SIM2
SIM3
SIM4
1
21
22
SIM5
SIM1
SIM2
SIM3
SIM4
1
21
22
SIM5
SIM1
SIM2
SIM3
SIM4
1
21
22
SIM5
SIM1
SIM2
SIM3
SIM4
1
21
22
SIM5
SIM1
SIM2
SIM3
SIM4
1
21
22
SIM5
SIM1
SIM2
SIM3
SIM4
1
21
22
SIM5
SIM1
SIM2
SIM3
SIM4
1
21
22
SIM5
SIM1
SIM2
SIM3
SIM4
1
21
22
SIM5
SIM1
SIM2
SIM3
SIM4
1
21
22
SIM5
SIM1
SIM2
SIM3
SIM4
1
21
22
SIM5
SIM1
SIM2
SIM3
SIM4
1
21
22
SIM5
SIM1
SIM2
SIM3
SIM4
1
21
22
SIM5
SIM1
SIM2
SIM3
SIM4
1
21
22
SIM5
SIM1
SIM2
SIM3
SIM4
1
21
22
SIM5
SIM1
SIM2
SIM3
SIM4
1
21
22
SIM5
SIM1
SIM2
SIM3
SIM4
1
21
22
SIM5
SIM1
SIM2
SIM3
SIM4
1
21
22
SIM5
SIM1
SIM2
SIM3
SIM4
1
21
22
SIM5
SIM1
SIM2
SIM3
SIM4
1
21
22
SIM5
SIM1
SIM2
SIM3
SIM4
1
21
22
SIM5
SIM1
SIM2
SIM3
SIM4
1
21
22
SIM5
SIM1
SIM2
SIM3
SIM4
1
21
22
SIM5
SIM1
SIM2
SIM3
SIM4
1
21
22
SIM5
SIM1
SIM2
SIM3
SIM4
1
21
22
SIM5
SIM1
SIM2
DEBUG 1 733
SIM1
SIM2
SIM3
SIM4
1
21
22
SIM5
SIM1
SIM2
SIM3
SIM4
1
21
22
SIM5
SIM1
SIM2
SIM3
SIM4
1
21
22
SIM5
SIM1
SIM2
SIM3
SIM4
1
21
22
SIM5
SIM1
SIM2
SIM3
SIM4
1
21
22
SIM5
SIM1
SIM2
SIM3
SIM4
1
21
22
SIM5
SIM1
SIM2
SIM3
SIM4
1
21
22
SIM5
SIM1
SIM2
SIM3
SIM4
1
21
22
SIM5
SIM1
SIM2
SIM3
SIM4
1
21
22
SIM5
SIM1
SIM2
SIM3
SIM4
1
21
22
SIM5
SIM1
SIM2
SIM3
SIM4
1
21
22
SIM5
SIM1
SIM2
SIM3
SIM4
1
21
22
SIM5
SIM1
SIM2
SIM3
SIM4
1
21
22
SIM5
SIM1
SIM2
SIM3
SIM4
1
21
22
SIM5
SIM1
SIM2
SIM3
SIM4
1
21
22
SIM5
SIM1
SIM2
SIM3
SIM4
1
21
22
SIM5
SIM1
SIM2
SIM3
SIM4
1
21
22
SIM5
SIM1
SIM2
SIM3
SIM4
1
21
22
SIM5
SIM1
SIM2
SIM3
SIM4
1
21
22
SIM5
SIM1
SIM2
SIM3
SIM4
1
21
22
SIM5
SIM1
SIM2
SIM3
SIM4
1
21
22
SIM5
SIM1
SIM2
SIM3
SIM4
1
21
22
SIM5
SIM1
SIM2
SIM3
SIM4
1
21
22
SIM5
SIM1
SIM2
SIM3
SIM4
1
21
22
SIM5
SIM1
SIM2
SIM3
SIM4
1
21
22
SIM5
SIM1
SIM2
SIM3
SIM4
1
21
22
SIM5
SIM1
SIM2
SIM3
SIM4
1
21
22
SIM5
SIM1
SIM2
SIM3
SIM4
1
21
22
SIM5
SIM1
SIM2
SIM3
SIM4
1
21
22
SIM5
SIM1
SIM2
SIM3
SIM4
1
21
22
SIM5
SIM1
SIM2
SIM3
SIM4
1
21
22
SIM5
SIM1
SIM2
SIM3
SIM4
1
21
22
SIM5
SIM1
SIM2
SIM3
SIM4
1
21
22
SIM5
SIM1
SIM2
SIM3
SIM4
1
21
22
SIM5
SIM1
SIM2
SIM3
SIM4
1
21
22
SIM5
SIM1
SIM2
SIM3
SIM4
1
21
22
SIM5
SIM1
SIM2
SIM3
SIM4
1
21
22
SIM5
SIM1
SIM2
SIM3
SIM4
1
21
22
SIM5
SIM1
SIM2
SIM3
SIM4
1
21
22
SIM5
SIM1
SIM2
SIM3
SIM4
1
21
22
SIM5
SIM1
SIM2
SIM3
SIM4
1
21
22
SIM5
SIM1
SIM2
SIM3
SIM4
1
21
22
SIM5
SIM1
SIM2
SIM3
SIM4
1
21
22
SIM5
SIM1
SIM2
SIM3
SIM4
1
21
22
SIM5
SIM1
SIM2
SIM3
SIM4
1
21
22
SIM5
SIM1
SIM2
SIM3
SIM4
1
21
22
SIM5
SIM1
SIM2
SIM3
SIM4
1
21
22
SIM5
SIM1
SIM2
SIM3
SIM4
1
21
22
SIM5
SIM1
SIM2
SIM3
SIM4
1
21
22
SIM5
SIM1
SIM2
SIM3
SIM4
1
21
22
SIM5
SIM1
SIM2
SIM3
SIM4
1
21
22
SIM5
SIM1
SIM2
SIM3
SIM4
1
21
22
SIM5
SIM1
SIM2
SIM3
SIM4
1
21
22
SIM5
SIM1
SIM2
SIM3
SIM4
1
21
22
SIM5
SIM1
SIM2
SIM3
SIM4
1
21
22
SIM5
SIM1
SIM2
SIM3
SIM4
1
21
22
SIM5
SIM1
SIM2
SIM3
SIM4
1
21
22
SIM5
SIM1
SIM2
SIM3
SIM4
1
21
22
SIM5
SIM1
SIM2
SIM3
SIM4
1
21
22
SIM5
SIM1
SIM2
SIM3
SIM4
1
21
22
SIM5
SIM1
SIM2
SIM3
SIM4
1
21
22
SIM5
SIM1
SIM2
SIM3
SIM4
1
21
22
SIM5
SIM1
SIM2
SIM3
SIM4
1
21
22
SIM5
SIM1
SIM2
SIM3
SIM4
1
21
22
SIM5
SIM1
SIM2
SIM3
SIM4
1
21
22
SIM5
SIM1
SIM2
SIM3
SIM4
1
21
22
SIM5
SIM1
SIM2
SIM3
SIM4
1
21
22
SIM5
SIM1
SIM2
SIM3
SIM4
1
21
22
SIM5
SIM1
SIM2
SIM3
SIM4
1
21
22
SIM5
SIM1
SIM2
SIM3
SIM4
1
21
22
SIM5
SIM1
SIM2
SIM3
SIM4
1
21
22
SIM5
SIM1
SIM2
SIM3
SIM4
1
21
22
SIM5
SIM1
SIM2
SIM3
SIM4
1
21
22
SIM5
SIM1
SIM2
SIM3
SIM4
1
21
22
SIM5
SIM1
SIM2
SIM3
SIM4
1
21
22
SIM5
SIM1
SIM2
SIM3
SIM4
1
21
22
SIM5
SIM1
SIM2
SIM3
SIM4
1
21
22
SIM5
SIM1
SIM2
SIM3
SIM4
1
21
22
SIM5
SIM1
SIM2
SIM3
SIM4
1
21
22
SIM5
SIM1
SIM2
SIM3
SIM4
1
21
22
SIM5
SIM1
SIM2
DEBUG 1 734
SIM1
SIM2
SIM3
SIM4
1
21
22
SIM5
SIM1
SIM2
SIM3
SIM4
1
21
22
SIM5
SIM1
SIM2
SIM3
SIM4
1
21
22
SIM5
SIM1
SIM2
SIM3
SIM4
1
21
22
SIM5
SIM1
SIM2
SIM3
SIM4
1
21
22
SIM5
SIM1
SIM2
SIM3
SIM4
1
21
22
SIM5
SIM1
SIM2
SIM3
SIM4
1
21
22
SIM5
SIM1
SIM2
SIM3
SIM4
1
21
22
SIM5
SIM1
SIM2
SIM3
SIM4
1
21
22
SIM5
SIM1
SIM2
SIM3
SIM4
1
21
22
SIM5
SIM1
SIM2
SIM3
SIM4
1
21
22
SIM5
SIM1
SIM2
SIM3
SIM4
1
21
22
SIM5
SIM1
SIM2
SIM3
SIM4
1
21
22
SIM5
SIM1
SIM2
SIM3
SIM4
1
21
22
SIM5
SIM1
SIM2
SIM3
SIM4
1
21
22
SIM5
SIM1
SIM2
SIM3
SIM4
1
21
22
SIM5
SIM1
SIM2
SIM3
SIM4
1
21
22
SIM5
SIM1
SIM2
SIM3
SIM4
1
21
22
SIM5
SIM1
SIM2
SIM3
SIM4
1
21
22
SIM5
SIM1
SIM2
SIM3
SIM4
1
21
22
SIM5
SIM1
SIM2
SIM3
SIM4
1
21
22
SIM5
SIM1
SIM2
SIM3
SIM4
1
21
22
SIM5
SIM1
SIM2
SIM3
SIM4
1
21
22
SIM5
SIM1
SIM2
SIM3
SIM4
1
21
22
SIM5
SIM1
SIM2
SIM3
SIM4
1
21
22
SIM5
SIM1
SIM2
SIM3
SIM4
1
21
22
SIM5
SIM1
SIM2
SIM3
SIM4
1
21
22
SIM5
SIM1
SIM2
SIM3
SIM4
1
21
22
SIM5
SIM1
SIM2
SIM3
SIM4
1
21
22
SIM5
SIM1
SIM2
SIM3
SIM4
1
21
22
SIM5
SIM1
SIM2
SIM3
SIM4
1
21
22
SIM5
SIM1
SIM2
SIM3
SIM4
1
21
22
SIM5
SIM1
SIM2
SIM3
SIM4
1
21
22
SIM5
SIM1
SIM2
SIM3
SIM4
1
21
22
SIM5
SIM1
SIM2
SIM3
SIM4
1
21
22
SIM5
SIM1
SIM2
SIM3
SIM4
1
21
22
SIM5
SIM1
SIM2
SIM3
SIM4
1
21
22
SIM5
SIM1
SIM2
SIM3
SIM4
1
21
22
SIM5
SIM1
SIM2
SIM3
SIM4
1
21
22
SIM5
SIM1
SIM2
SIM3
SIM4
1
21
22
SIM5
SIM1
SIM2
SIM3
SIM4
1
21
22
SIM5
SIM1
SIM2
SIM3
SIM4
1
21
22
SIM5
SIM1
SIM2
SIM3
SIM4
1
21
22
SIM5
SIM1
SIM2
SIM3
SIM4
1
21
22
SIM5
SIM1
SIM2
SIM3
SIM4
1
21
22
SIM5
SIM1
SIM2
SIM3
SIM4
1
21
22
SIM5
SIM1
SIM2
SIM3
SIM4
1
21
22
SIM5
SIM1
SIM2
SIM3
SIM4
1
21
22
SIM5
SIM1
SIM2
SIM3
SIM4
1
21
22
SIM5
SIM1
SIM2
SIM3
SIM4
1
21
22
SIM5
SIM1
SIM2
SIM3
SIM4
1
21
22
SIM5
SIM1
SIM2
SIM3
SIM4
1
21
22
SIM5
SIM1
SIM2
SIM3
SIM4
1
21
22
SIM5
SIM1
SIM2
SIM3
SIM4
1
21
22
SIM5
SIM1
SIM2
SIM3
SIM4
1
21
22
SIM5
SIM1
SIM2
SIM3
SIM4
1
21
22
SIM5
SIM1
SIM2
SIM3
SIM4
1
21
22
SIM5
SIM1
SIM2
SIM3
SIM4
1
21
22
SIM5
SIM1
SIM2
SIM3
SIM4
1
21
22
SIM5
SIM1
SIM2
SIM3
SIM4
1
21
22
SIM5
SIM1
SIM2
SIM3
SIM4
1
21
22
SIM5
SIM1
SIM2
SIM3
SIM4
1
21
22
SIM5
SIM1
SIM2
SIM3
SIM4
1
21
22
SIM5
SIM1
SIM2
SIM3
SIM4
1
21
22
SIM5
SIM1
SIM2
SIM3
SIM4
1
21
22
SIM5
SIM1
SIM2
SIM3
SIM4
1
21
22
SIM5
SIM1
SIM2
SIM3
SIM4
1
21
22
SIM5
SIM1
SIM2
SIM3
SIM4
1
21
22
SIM5
SIM1
SIM2
SIM3
SIM4
1
21
22
SIM5
SIM1
SIM2
SIM3
SIM4
1
21
22
SIM5
SIM1
SIM2
SIM3
SIM4
1
21
22
SIM5
SIM1
SIM2
SIM3
SIM4
1
21
22
SIM5
SIM1
SIM2
SIM3
SIM4
1
21
22
SIM5
SIM1
SIM2
SIM3
SIM4
1
21
22
SIM5
SIM1
SIM2
SIM3
SIM4
1
21
22
SIM5
SIM1
SIM2
SIM3
SIM4
1
21
22
SIM5
SIM1
SIM2
SIM3
SIM4
1
21
22
SIM5
SIM1
SIM2
SIM3
SIM4
1
21
22
SIM5
SIM1
SIM2
SIM3
SIM4
1
21
22
SIM5
SIM1
SIM2
SIM3
SIM4
1
21
22
SIM5
SIM1
SIM2
SIM3
SIM4
1
21
22
SIM5
SIM1
SIM2
SIM3
SIM4
1
21
22
SIM5
SIM1
SIM2
SIM3
SIM4
1
21
22
SIM5
SIM1
SIM2
SIM3
SIM4
1
21
22
SIM5
SIM1
SIM2
SIM3
SIM4
1
21
22
SIM5
SIM1
SIM2
SIM3
SIM4
1
21
22
SIM5
SIM1
SIM2
SIM3
SIM4
1
21
22
SIM5
SIM1
SIM2
SIM3
SIM4
1
21
22
SIM5
SIM1
SIM2
SIM3
SIM4
1
21
22
SIM5
SIM1
SIM2
SIM3
SIM4
1
21
22
SIM5
SIM1
SIM2
SIM3
SIM4
1
21
22
SIM5
SIM1
SIM2
SIM3
SIM4
1
21
22
SIM5
SIM1
SIM2
SIM3
SIM4
1
21
22
SIM5
SIM1
SIM2
SIM3
SIM4
1
21
22
SIM5
SIM1
SIM2
SIM3
SIM4
1
21
22
SIM5
SIM1
SIM2
SIM3
SIM4
1
21
22
SIM5
SIM1
SIM2
SIM3
SIM4
1
21
22
SIM5
SIM1
SIM2
SIM3
SIM4
1
21
22
SIM5
SIM1
SIM2
SIM3
SIM4
1
21
22
SIM5
SIM1
SIM2
SIM3
SIM4
1
21
22
SIM5
SIM1
SIM2
SIM3
SIM4
1
21
22
SIM5
SIM1
SIM2
SIM3
SIM4
1
21
22
SIM5
SIM1
SIM2
SIM3
SIM4
1
21
22
SIM5
SIM1
SIM2
SIM3
SIM4
1
21
22
SIM5
SIM1
SIM2
SIM3
SIM4
1
21
22
SIM5
SIM1
SIM2
SIM3
SIM4
1
21
22
SIM5
SIM1
SIM2
SIM3
SIM4
1
21
22
SIM5
SIM1
SIM2
SIM3
SIM4
1
21
22
SIM5
SIM1
SIM2
SIM3
SIM4
1
21
22
SIM5
SIM1
SIM2
SIM3
SIM4
1
21
22
SIM5
SIM1
SIM2
SIM3
SIM4
1
21
22
SIM5
SIM1
SIM2
SIM3
SIM4
1
21
22
SIM5
SIM1
SIM2
SIM3
SIM4
1
21
22
SIM5
SIM1
SIM2
SIM3
SIM4
1
21
22
SIM5
SIM1
SIM2
SIM3
SIM4
1
21
22
SIM5
SIM1
SIM2
SIM3
SIM4
1
21
22
SIM5
SIM1
SIM2
SIM3
SIM4
1
21
22
SIM5
SIM1
SIM2
SIM3
SIM4
1
21
22
SIM5
SIM1
SIM2
SIM3
SIM4
1
21
22
SIM5
SIM1
SIM2
SIM3
SIM4
1
21
22
SIM5
SIM1
SIM2
SIM3
SIM4
1
21
22
SIM5
SIM1
SIM2
SIM3
SIM4
1
21
22
SIM5
SIM1
SIM2
SIM3
SIM4
1
21
22
SIM5
SIM1
SIM2
SIM3
SIM4
1
21
22
SIM5
SIM1
SIM2
SIM3
SIM4
1
21
22
SIM5
SIM1
SIM2
SIM3
SIM4
1
21
22
SIM5
SIM1
SIM2
SIM3
SIM4
1
21
22
SIM5
SIM1
SIM2
SIM3
SIM4
1
21
22
SIM5
SIM1
SIM2
SIM3
SIM4
1
21
22
SIM5
SIM1
SIM2
SIM3
SIM4
1
21
22
SIM5
SIM1
SIM2
SIM3
SIM4
1
21
22
SIM5
SIM1
SIM2
SIM3
SIM4
1
21
22
SIM5
SIM1
SIM2
SIM3
SIM4
1
21
22
SIM5
SIM1
SIM2
SIM3
SIM4
1
21
22
SIM5
SIM1
SIM2
SIM3
SIM4
1
21
22
SIM5
SIM1
SIM2
SIM3
SIM4
1
21
22
SIM5
SIM1
SIM2
SIM3
SIM4
1
21
22
SIM5
SIM1
SIM2
SIM3
SIM4
1
21
22
SIM5
SIM1
SIM2
SIM3
SIM4
1
21
22
SIM5
SIM1
SIM2
SIM3
SIM4
1
21
22
SIM5
SIM1
SIM2
SIM3
SIM4
1
21
22
SIM5
SIM1
SIM2
SIM3
SIM4
1
21
22
SIM5
SIM1
SIM2
SIM3
SIM4
1
21
22
SIM5
SIM1
SIM2
SIM3
SIM4
1
21
22
SIM5
SIM1
SIM2
SIM3
SIM4
1
21
22
SIM5
SIM1
SIM2
SIM3
SIM4
1
21
22
SIM5
SIM1
SIM2
SIM3
SIM4
1
21
22
SIM5
SIM1
SIM2
SIM3
SIM4
1
21
22
SIM5
SIM1
SIM2
SIM3
SIM4
1
21
22
SIM5
SIM1
SIM2
SIM3
SIM4
1
21
22
SIM5
SIM1
SIM2
SIM3
SIM4
1
21
22
SIM5
SIM1
SIM2
SIM3
SIM4
1
21
22
SIM5
SIM1
SIM2
SIM3
SIM4
1
21
22
SIM5
SIM1
SIM2
SIM3
SIM4
1
21
22
SIM5
SIM1
SIM2
SIM3
SIM4
1
21
22
SIM5
SIM1
SIM2
SIM3
SIM4
1
21
22
SIM5
SIM1
SIM2
SIM3
SIM4
1
21
22
SIM5
SIM1
SIM2
SIM3
SIM4
1
21
22
SIM5
SIM1
SIM2
SIM3
SIM4
1
21
22
SIM5
SIM1
SIM2
SIM3
SIM4
1
21
22
SIM5
SIM1
SIM2
SIM3
SIM4
1
21
22
SIM5
SIM1
SIM2
SIM3
SIM4
1
21
22
SIM5
SIM1
SIM2
SIM3
SIM4
1
21
22
SIM5
SIM1
SIM2
SIM3
SIM4
1
21
22
SIM5
SIM1
SIM2
SIM3
SIM4
1
21
22
SIM5
SIM1
SIM2
SIM3
SIM4
1
21
22
SIM5
SIM1
SIM2
SIM3
SIM4
1
21
22
SIM5
SIM1
SIM2
SIM3
SIM4
1
21
22
SIM5
SIM1
SIM2
SIM3
SIM4
1
21
22
SIM5
SIM1
SIM2
SIM3
SIM4
1
21
22
SIM5
SIM1
SIM2
SIM3
SIM4
1
21
22
SIM5
SIM1
SIM2
SIM3
SIM4
1
21
22
SIM5
SIM1
SIM2
SIM3
SIM4
1
21
22
SIM5
SIM1
SIM2
SIM3
SIM4
1
21
22
SIM5
SIM1
SIM2
SIM3
SIM4
1
21
22
SIM5
SIM1
SIM2
SIM3
SIM4
1
21
22
SIM5
SIM1
SIM2
SIM3
SIM4
1
21
22
SIM5
SIM1
SIM2
SIM3
SIM4
1
21
22
SIM5
SIM1
SIM2
SIM3
SIM4
1
21
22
SIM5
SIM1
SIM2
SIM3
SIM4
1
21
22
SIM5
SIM1
SIM2
SIM3
SIM4
1
21
22
SIM5
SIM1
SIM2
SIM3
SIM4
1
21
22
SIM5
SIM1
SIM2
SIM3
SIM4
1
21
22
SIM5
SIM1
SIM2
SIM3
SIM4
1
21
22
SIM5
SIM1
SIM2
SIM3
SIM4
1
21
22
SIM5
SIM1
SIM2
SIM3
SIM4
1
21
22
SIM5
SIM1
SIM2
SIM3
SIM4
1
21
22
SIM5
SIM1
SIM2
SIM3
SIM4
1
21
22
SIM5
SIM1
SIM2
SIM3
SIM4
1
21
22
SIM5
SIM1
SIM2
SIM3
SIM4
1
21
22
SIM5
SIM1
SIM2
SIM3
SIM4
1
21
22
SIM5
SIM1
SIM2
SIM3
SIM4
1
21
22
SIM5
SIM1
SIM2
SIM3
SIM4
1
21
22
SIM5
SIM1
SIM2
SIM3
SIM4
1
21
22
SIM5
SIM1
SIM2
SIM3
SIM4
1
21
22
SIM5
SIM1
SIM2
SIM3
SIM4
1
21
22
SIM5
SIM1
SIM2
SIM3
SIM4
1
21
22
SIM5
SIM1
SIM2
SIM3
SIM4
1
21
22
SIM5
SIM1
SIM2
SIM3
SIM4
1
21
22
SIM5
SIM1
SIM2
SIM3
SIM4
1
21
22
SIM5
SIM1
SIM2
SIM3
SIM4
1
21
22
SIM5
SIM1
SIM2
SIM3
SIM4
1
21
22
SIM5
SIM1
SIM2
SIM3
SIM4
1
21
22
SIM5
SIM1
SIM2
SIM3
SIM4
1
21
22
SIM5
SIM1
SIM2
SIM3
SIM4
1
21
22
SIM5
SIM1
SIM2
SIM3
SIM4
1
21
22
SIM5
SIM1
SIM2
SIM3
SIM4
1
21
22
SIM5
SIM1
SIM2
SIM3
SIM4
1
21
22
SIM5
SIM1
SIM2
SIM3
SIM4
1
21
22
SIM5
SIM1
SIM2
SIM3
SIM4
1
21
22
SIM5
SIM1
SIM2
SIM3
SIM4
1
21
22
SIM5
SIM1
SIM2
SIM3
SIM4
1
21
22
SIM5
SIM1
SIM2
SIM3
SIM4
1
21
22
SIM5
SIM1
SIM2
SIM3
SIM4
1
21
22
SIM5
SIM1
SIM2
SIM3
SIM4
1
21
22
SIM5
SIM1
SIM2
SIM3
SIM4
1
21
22
SIM5
SIM1
SIM2
SIM3
SIM4
1
21
22
SIM5
SIM1
SIM2
SIM3
SIM4
1
21
22
SIM5
SIM1
SIM2
SIM3
SIM4
1
21
22
SIM5
SIM1
SIM2
SIM3
SIM4
1
21
22
SIM5
SIM1
SIM2
SIM3
SIM4
1
21
22
SIM5
SIM1
SIM2
SIM3
SIM4
1
21
22
SIM5
SIM1
SIM2
SIM3
SIM4
1
21
22
SIM5
SIM1
SIM2
SIM3
SIM4
1
21
22
SIM5
SIM1
SIM2
SIM3
SIM4
1
21
22
SIM5
SIM1
SIM2
SIM3
SIM4
1
21
22
SIM5
SIM1
SIM2
SIM3
SIM4
1
21
22
SIM5
SIM1
SIM2
SIM3
SIM4
1
21
22
SIM5
SIM1
SIM2
SIM3
SIM4
1
21
22
SIM5
SIM1
SIM2
SIM3
SIM4
1
21
22
SIM5
SIM1
SIM2
SIM3
SIM4
1
21
22
SIM5
SIM1
SIM2
SIM3
SIM4
1
21
22
SIM5
SIM1
SIM2
SIM3
SIM4
1
21
22
SIM5
SIM1
SIM2
SIM3
SIM4
1
21
22
SIM5
SIM1
SIM2
SIM3
SIM4
1
21
22
SIM5
SIM1
SIM2
SIM3
SIM4
1
21
22
SIM5
SIM1
SIM2
SIM3
SIM4
1
21
22
SIM5
SIM1
SIM2
SIM3
SIM4
1
21
22
SIM5
SIM1
SIM2
SIM3
SIM4
1
21
22
SIM5
SIM1
SIM2
DEBUG 1 735
SIM1
SIM2
SIM3
SIM4
1
21
22
SIM5
SIM1
SIM2
SIM3
SIM4
1
21
22
SIM5
SIM1
SIM2
SIM3
SIM4
1
21
22
SIM5
SIM1
SIM2
SIM3
SIM4
1
21
22
SIM5
SIM1
SIM2
SIM3
SIM4
1
21
22
SIM5
SIM1
SIM2
SIM3
SIM4
1
21
22
SIM5
SIM1
SIM2
SIM3
SIM4
1
21
22
SIM5
SIM1
SIM2
SIM3
SIM4
1
21
22
SIM5
SIM1
SIM2
SIM3
SIM4
1
21
22
SIM5
SIM1
SIM2
SIM3
SIM4
1
21
22
SIM5
SIM1
SIM2
SIM3
SIM4
1
21
22
SIM5
SIM1
SIM2
SIM3
SIM4
1
21
22
SIM5
SIM1
SIM2
SIM3
SIM4
1
21
22
SIM5
SIM1
SIM2
SIM3
SIM4
1
21
22
SIM5
SIM1
SIM2
SIM3
SIM4
1
21
22
SIM5
SIM1
SIM2
SIM3
SIM4
1
21
22
SIM5
SIM1
SIM2
SIM3
SIM4
1
21
22
SIM5
SIM1
SIM2
SIM3
SIM4
1
21
22
SIM5
SIM1
SIM2
SIM3
SIM4
1
21
22
SIM5
SIM1
SIM2
SIM3
SIM4
1
21
22
SIM5
SIM1
SIM2
SIM3
SIM4
1
21
22
SIM5
SIM1
SIM2
SIM3
SIM4
1
21
22
SIM5
SIM1
SIM2
SIM3
SIM4
1
21
22
SIM5
SIM1
SIM2
SIM3
SIM4
1
21
22
SIM5
SIM1
SIM2
SIM3
SIM4
1
21
22
SIM5
SIM1
SIM2
SIM3
SIM4
1
21
22
SIM5
SIM1
SIM2
SIM3
SIM4
1
21
22
SIM5
SIM1
SIM2
SIM3
SIM4
1
21
22
SIM5
SIM1
SIM2
SIM3
SIM4
1
21
22
SIM5
SIM1
SIM2
SIM3
SIM4
1
21
22
SIM5
SIM1
SIM2
SIM3
SIM4
1
21
22
SIM5
SIM1
SIM2
SIM3
SIM4
1
21
22
SIM5
SIM1
SIM2
SIM3
SIM4
1
21
22
SIM5
SIM1
SIM2
SIM3
SIM4
1
21
22
SIM5
SIM1
SIM2
SIM3
SIM4
1
21
22
SIM5
SIM1
SIM2
SIM3
SIM4
1
21
22
SIM5
SIM1
SIM2
SIM3
SIM4
1
21
22
SIM5
SIM1
SIM2
SIM3
SIM4
1
21
22
SIM5
SIM1
SIM2
SIM3
SIM4
1
21
22
SIM5
SIM1
SIM2
SIM3
SIM4
1
21
22
SIM5
SIM1
SIM2
SIM3
SIM4
1
21
22
SIM5
SIM1
SIM2
SIM3
SIM4
1
21
22
SIM5
SIM1
SIM2
SIM3
SIM4
1
21
22
SIM5
SIM1
SIM2
SIM3
SIM4
1
21
22
SIM5
SIM1
SIM2
SIM3
SIM4
1
21
22
SIM5
SIM1
SIM2
SIM3
SIM4
1
21
22
SIM5
SIM1
SIM2
SIM3
SIM4
1
21
22
SIM5
SIM1
SIM2
SIM3
SIM4
1
21
22
SIM5
SIM1
SIM2
SIM3
SIM4
1
21
22
SIM5
SIM1
SIM2
SIM3
SIM4
1
21
22
SIM5
SIM1
SIM2
SIM3
SIM4
1
21
22
SIM5
SIM1
SIM2
SIM3
SIM4
1
21
22
SIM5
SIM1
SIM2
SIM3
SIM4
1
21
22
SIM5
SIM1
SIM2
SIM3
SIM4
1
21
22
SIM5
SIM1
SIM2
SIM3
SIM4
1
21
22
SIM5
SIM1
SIM2
SIM3
SIM4
1
21
22
SIM5
SIM1
SIM2
SIM3
SIM4
1
21
22
SIM5
SIM1
SIM2
SIM3
SIM4
1
21
22
SIM5
SIM1
SIM2
SIM3
SIM4
1
21
22
SIM5
SIM1
SIM2
SIM3
SIM4
1
21
22
SIM5
SIM1
SIM2
SIM3
SIM4
1
21
22
SIM5
SIM1
SIM2
SIM3
SIM4
1
21
22
SIM5
SIM1
SIM2
SIM3
SIM4
1
21
22
SIM5
SIM1
SIM2
SIM3
SIM4
1
21
22
SIM5
SIM1
SIM2
SIM3
SIM4
1
21
22
SIM5
SIM1
SIM2
SIM3
SIM4
1
21
22
SIM5
SIM1
SIM2
SIM3
SIM4
1
21
22
SIM5
SIM1
SIM2
SIM3
SIM4
1
21
22
SIM5
SIM1
SIM2
SIM3
SIM4
1
21
22
SIM5
SIM1
SIM2
SIM3
SIM4
1
21
22
SIM5
SIM1
SIM2
SIM3
SIM4
1
21
22
SIM5
SIM1
SIM2
SIM3
SIM4
1
21
22
SIM5
SIM1
SIM2
SIM3
SIM4
1
21
22
SIM5
SIM1
SIM2
SIM3
SIM4
1
21
22
SIM5
SIM1
SIM2
SIM3
SIM4
1
21
22
SIM5
SIM1
SIM2
SIM3
SIM4
1
21
22
SIM5
SIM1
SIM2
SIM3
SIM4
1
21
22
SIM5
SIM1
SIM2
SIM3
SIM4
1
21
22
SIM5
SIM1
SIM2
SIM3
SIM4
1
21
22
SIM5
SIM1
SIM2
SIM3
SIM4
1
21
22
SIM5
SIM1
SIM2
SIM3
SIM4
1
21
22
SIM5
SIM1
SIM2
SIM3
SIM4
1
21
22
SIM5
SIM1
SIM2
SIM3
SIM4
1
21
22
SIM5
SIM1
SIM2
SIM3
SIM4
1
21
22
SIM5
SIM1
SIM2
SIM3
SIM4
1
21
22
SIM5
SIM1
SIM2
SIM3
SIM4
1
21
22
SIM5
SIM1
SIM2
SIM3
SIM4
1
21
22
SIM5
SIM1
SIM2
SIM3
SIM4
1
21
22
SIM5
SIM1
SIM2
SIM3
SIM4
1
21
22
SIM5
SIM1
SIM2
SIM3
SIM4
1
21
22
SIM5
SIM1
SIM2
SIM3
SIM4
1
21
22
SIM5
SIM1
SIM2
SIM3
SIM4
1
21
22
SIM5
SIM1
SIM2
SIM3
SIM4
1
21
22
SIM5
SIM1
SIM2
SIM3
SIM4
1
21
22
SIM5
SIM1
SIM2
SIM3
SIM4
1
21
22
SIM5
SIM1
SIM2
SIM3
SIM4
1
21
22
SIM5
SIM1
SIM2
SIM3
SIM4
1
21
22
SIM5
SIM1
SIM2
SIM3
SIM4
1
21
22
SIM5
SIM1
SIM2
SIM3
SIM4
1
21
22
SIM5
SIM1
SIM2
SIM3
SIM4
1
21
22
SIM5
SIM1
SIM2
SIM3
SIM4
1
21
22
SIM5
SIM1
SIM2
SIM3
SIM4
1
21
22
SIM5
SIM1
SIM2
SIM3
SIM4
1
21
22
SIM5
SIM1
SIM2
SIM3
SIM4
1
21
22
SIM5
SIM1
SIM2
SIM3
SIM4
1
21
22
SIM5
SIM1
SIM2
SIM3
SIM4
1
21
22
SIM5
SIM1
SIM2
SIM3
SIM4
1
21
22
SIM5
SIM1
SIM2
SIM3
SIM4
1
21
22
SIM5
SIM1
SIM2
SIM3
SIM4
1
21
22
SIM5
SIM1
SIM2
SIM3
SIM4
1
21
22
SIM5
SIM1
SIM2
SIM3
SIM4
1
21
22
SIM5
SIM1
SIM2
SIM3
SIM4
1
21
22
SIM5
SIM1
SIM2
SIM3
SIM4
1
21
22
SIM5
SIM1
SIM2
SIM3
SIM4
1
21
22
SIM5
SIM1
SIM2
SIM3
SIM4
1
21
22
SIM5
SIM1
SIM2
SIM3
SIM4
1
21
22
SIM5
SIM1
SIM2
SIM3
SIM4
1
21
22
SIM5
SIM1
SIM2
SIM3
SIM4
1
21
22
SIM5
SIM1
SIM2
SIM3
SIM4
1
21
22
SIM5
SIM1
SIM2
SIM3
SIM4
1
21
22
SIM5
SIM1
SIM2
SIM3
SIM4
1
21
22
SIM5
SIM1
SIM2
SIM3
SIM4
1
21
22
SIM5
SIM1
SIM2
SIM3
SIM4
1
21
22
SIM5
SIM1
SIM2
SIM3
SIM4
1
21
22
SIM5
SIM1
SIM2
SIM3
SIM4
1
21
22
SIM5
SIM1
SIM2
SIM3
SIM4
1
21
22
SIM5
SIM1
SIM2
SIM3
SIM4
1
21
22
SIM5
SIM1
SIM2
SIM3
SIM4
1
21
22
SIM5
SIM1
SIM2
SIM3
SIM4
1
21
22
SIM5
SIM1
SIM2
SIM3
SIM4
1
21
22
SIM5
SIM1
SIM2
SIM3
SIM4
1
21
22
SIM5
SIM1
SIM2
SIM3
SIM4
1
21
22
SIM5
SIM1
SIM2
SIM3
SIM4
1
21
22
SIM5
SIM1
SIM2
SIM3
SIM4
1
21
22
SIM5
SIM1
SIM2
SIM3
SIM4
1
21
22
SIM5
SIM1
SIM2
SIM3
SIM4
1
21
22
SIM5
SIM1
SIM2
SIM3
SIM4
1
21
22
SIM5
SIM1
SIM2
SIM3
SIM4
1
21
22
SIM5
SIM1
SIM2
SIM3
SIM4
1
21
22
SIM5
SIM1
SIM2
SIM3
SIM4
1
21
22
SIM5
SIM1
SIM2
SIM3
SIM4
1
21
22
SIM5
SIM1
SIM2
SIM3
SIM4
1
21
22
SIM5
SIM1
SIM2
SIM3
SIM4
1
21
22
SIM5
SIM1
SIM2
SIM3
SIM4
1
21
22
SIM5
SIM1
SIM2
SIM3
SIM4
1
21
22
SIM5
SIM1
SIM2
SIM3
SIM4
1
21
22
SIM5
SIM1
SIM2
SIM3
SIM4
1
21
22
SIM5
SIM1
SIM2
SIM3
SIM4
1
21
22
SIM5
SIM1
SIM2
SIM3
SIM4
1
21
22
SIM5
SIM1
SIM2
SIM3
SIM4
1
21
22
SIM5
SIM1
SIM2
SIM3
SIM4
1
21
22
SIM5
SIM1
SIM2
SIM3
SIM4
1
21
22
SIM5
SIM1
SIM2
SIM3
SIM4
1
21
22
SIM5
SIM1
SIM2
SIM3
SIM4
1
21
22
SIM5
SIM1
SIM2
DEBUG 1 736
SIM1
SIM2
SIM3
SIM4
1
21
22
SIM5
SIM1
SIM2
SIM3
SIM4
1
21
22
SIM5
SIM1
SIM2
SIM3
SIM4
1
21
22
SIM5
SIM1
SIM2
SIM3
SIM4
1
21
22
SIM5
SIM1
SIM2
SIM3
SIM4
1
21
22
SIM5
SIM1
SIM2
SIM3
SIM4
1
21
22
SIM5
SIM1
SIM2
SIM3
SIM4
1
21
22
SIM5
SIM1
SIM2
SIM3
SIM4
1
21
22
SIM5
SIM1
SIM2
SIM3
SIM4
1
21
22
SIM5
SIM1
SIM2
SIM3
SIM4
1
21
22
SIM5
SIM1
SIM2
SIM3
SIM4
1
21
22
SIM5
SIM1
SIM2
SIM3
SIM4
1
21
22
SIM5
SIM1
SIM2
SIM3
SIM4
1
21
22
SIM5
SIM1
SIM2
SIM3
SIM4
1
21
22
SIM5
SIM1
SIM2
SIM3
SIM4
1
21
22
SIM5
SIM1
SIM2
SIM3
SIM4
1
21
22
SIM5
SIM1
SIM2
SIM3
SIM4
1
21
22
SIM5
SIM1
SIM2
SIM3
SIM4
1
21
22
SIM5
SIM1
SIM2
SIM3
SIM4
1
21
22
SIM5
SIM1
SIM2
SIM3
SIM4
1
21
22
SIM5
SIM1
SIM2
SIM3
SIM4
1
21
22
SIM5
SIM1
SIM2
SIM3
SIM4
1
21
22
SIM5
SIM1
SIM2
SIM3
SIM4
1
21
22
SIM5
SIM1
SIM2
SIM3
SIM4
1
21
22
SIM5
SIM1
SIM2
SIM3
SIM4
1
21
22
SIM5
SIM1
SIM2
SIM3
SIM4
1
21
22
SIM5
SIM1
SIM2
SIM3
SIM4
1
21
22
SIM5
SIM1
SIM2
SIM3
SIM4
1
21
22
SIM5
SIM1
SIM2
SIM3
SIM4
1
21
22
SIM5
SIM1
SIM2
SIM3
SIM4
1
21
22
SIM5
SIM1
SIM2
SIM3
SIM4
1
21
22
SIM5
SIM1
SIM2
SIM3
SIM4
1
21
22
SIM5
SIM1
SIM2
SIM3
SIM4
1
21
22
SIM5
SIM1
SIM2
SIM3
SIM4
1
21
22
SIM5
SIM1
SIM2
SIM3
SIM4
1
21
22
SIM5
SIM1
SIM2
SIM3
SIM4
1
21
22
SIM5
SIM1
SIM2
SIM3
SIM4
1
21
22
SIM5
SIM1
SIM2
SIM3
SIM4
1
21
22
SIM5
SIM1
SIM2
SIM3
SIM4
1
21
22
SIM5
SIM1
SIM2
SIM3
SIM4
1
21
22
SIM5
SIM1
SIM2
SIM3
SIM4
1
21
22
SIM5
SIM1
SIM2
SIM3
SIM4
1
21
22
SIM5
SIM1
SIM2
SIM3
SIM4
1
21
22
SIM5
SIM1
SIM2
SIM3
SIM4
1
21
22
SIM5
SIM1
SIM2
SIM3
SIM4
1
21
22
SIM5
SIM1
SIM2
SIM3
SIM4
1
21
22
SIM5
SIM1
SIM2
SIM3
SIM4
1
21
22
SIM5
SIM1
SIM2
SIM3
SIM4
1
21
22
SIM5
SIM1
SIM2
SIM3
SIM4
1
21
22
SIM5
SIM1
SIM2
SIM3
SIM4
1
21
22
SIM5
SIM1
SIM2
SIM3
SIM4
1
21
22
SIM5
SIM1
SIM2
SIM3
SIM4
1
21
22
SIM5
SIM1
SIM2
SIM3
SIM4
1
21
22
SIM5
SIM1
SIM2
SIM3
SIM4
1
21
22
SIM5
SIM1
SIM2
SIM3
SIM4
1
21
22
SIM5
SIM1
SIM2
SIM3
SIM4
1
21
22
SIM5
SIM1
SIM2
SIM3
SIM4
1
21
22
SIM5
SIM1
SIM2
SIM3
SIM4
1
21
22
SIM5
SIM1
SIM2
SIM3
SIM4
1
21
22
SIM5
SIM1
SIM2
SIM3
SIM4
1
21
22
SIM5
SIM1
SIM2
SIM3
SIM4
1
21
22
SIM5
SIM1
SIM2
SIM3
SIM4
1
21
22
SIM5
SIM1
SIM2
SIM3
SIM4
1
21
22
SIM5
SIM1
SIM2
SIM3
SIM4
1
21
22
SIM5
SIM1
SIM2
SIM3
SIM4
1
21
22
SIM5
SIM1
SIM2
SIM3
SIM4
1
21
22
SIM5
SIM1
SIM2
SIM3
SIM4
1
21
22
SIM5
SIM1
SIM2
SIM3
SIM4
1
21
22
SIM5
SIM1
SIM2
SIM3
SIM4
1
21
22
SIM5
SIM1
SIM2
SIM3
SIM4
1
21
22
SIM5
SIM1
SIM2
SIM3
SIM4
1
21
22
SIM5
SIM1
SIM2
SIM3
SIM4
1
21
22
SIM5
SIM1
SIM2
SIM3
SIM4
1
21
22
SIM5
SIM1
SIM2
SIM3
SIM4
1
21
22
SIM5
SIM1
SIM2
SIM3
SIM4
1
21
22
SIM5
SIM1
SIM2
SIM3
SIM4
1
21
22
SIM5
SIM1
SIM2
SIM3
SIM4
1
21
22
SIM5
SIM1
SIM2
SIM3
SIM4
1
21
22
SIM5
SIM1
SIM2
SIM3
SIM4
1
21
22
SIM5
SIM1
SIM2
SIM3
SIM4
1
21
22
SIM5
SIM1
SIM2
SIM3
SIM4
1
21
22
SIM5
SIM1
SIM2
SIM3
SIM4
1
21
22
SIM5
SIM1
SIM2
SIM3
SIM4
1
21
22
SIM5
SIM1
SIM2
SIM3
SIM4
1
21
22
SIM5
SIM1
SIM2
SIM3
SIM4
1
21
22
SIM5
SIM1
SIM2
SIM3
SIM4
1
21
22
SIM5
SIM1
SIM2
SIM3
SIM4
1
21
22
SIM5
SIM1
SIM2
SIM3
SIM4
1
21
22
SIM5
SIM1
SIM2
SIM3
SIM4
1
21
22
SIM5
SIM1
SIM2
SIM3
SIM4
1
21
22
SIM5
SIM1
SIM2
SIM3
SIM4
1
21
22
SIM5
SIM1
SIM2
SIM3
SIM4
1
21
22
SIM5
SIM1
SIM2
SIM3
SIM4
1
21
22
SIM5
SIM1
SIM2
SIM3
SIM4
1
21
22
SIM5
SIM1
SIM2
SIM3
SIM4
1
21
22
SIM5
SIM1
SIM2
SIM3
SIM4
1
21
22
SIM5
SIM1
SIM2
SIM3
SIM4
1
21
22
SIM5
SIM1
SIM2
SIM3
SIM4
1
21
22
SIM5
SIM1
SIM2
SIM3
SIM4
1
21
22
SIM5
SIM1
SIM2
SIM3
SIM4
1
21
22
SIM5
SIM1
SIM2
SIM3
SIM4
1
21
22
SIM5
SIM1
SIM2
SIM3
SIM4
1
21
22
SIM5
SIM1
SIM2
SIM3
SIM4
1
21
22
SIM5
SIM1
SIM2
SIM3
SIM4
1
21
22
SIM5
SIM1
SIM2
SIM3
SIM4
1
21
22
SIM5
SIM1
SIM2
SIM3
SIM4
1
21
22
SIM5
SIM1
SIM2
SIM3
SIM4
1
21
22
SIM5
SIM1
SIM2
SIM3
SIM4
1
21
22
SIM5
SIM1
SIM2
SIM3
SIM4
1
21
22
SIM5
SIM1
SIM2
SIM3
SIM4
1
21
22
SIM5
SIM1
SIM2
SIM3
SIM4
1
21
22
SIM5
SIM1
SIM2
SIM3
SIM4
1
21
22
SIM5
SIM1
SIM2
SIM3
SIM4
1
21
22
SIM5
SIM1
SIM2
SIM3
SIM4
1
21
22
SIM5
SIM1
SIM2
SIM3
SIM4
1
21
22
SIM5
SIM1
SIM2
SIM3
SIM4
1
21
22
SIM5
SIM1
SIM2
SIM3
SIM4
1
21
22
SIM5
SIM1
SIM2
SIM3
SIM4
1
21
22
SIM5
SIM1
SIM2
SIM3
SIM4
1
21
22
SIM5
SIM1
SIM2
SIM3
SIM4
1
21
22
SIM5
SIM1
SIM2
SIM3
SIM4
1
21
22
SIM5
SIM1
SIM2
SIM3
SIM4
1
21
22
SIM5
SIM1
SIM2
SIM3
SIM4
1
21
22
SIM5
SIM1
SIM2
SIM3
SIM4
1
21
22
SIM5
SIM1
SIM2
SIM3
SIM4
1
21
22
SIM5
SIM1
SIM2
SIM3
SIM4
1
21
22
SIM5
SIM1
SIM2
SIM3
SIM4
1
21
22
SIM5
SIM1
SIM2
SIM3
SIM4
1
21
22
SIM5
SIM1
SIM2
SIM3
SIM4
1
21
22
SIM5
SIM1
SIM2
SIM3
SIM4
1
21
22
SIM5
SIM1
SIM2
SIM3
SIM4
1
21
22
SIM5
SIM1
SIM2
SIM3
SIM4
1
21
22
SIM5
SIM1
SIM2
SIM3
SIM4
1
21
22
SIM5
SIM1
SIM2
SIM3
SIM4
1
21
22
SIM5
SIM1
SIM2
SIM3
SIM4
1
21
22
SIM5
SIM1
SIM2
SIM3
SIM4
1
21
22
SIM5
SIM1
SIM2
SIM3
SIM4
1
21
22
SIM5
SIM1
SIM2
SIM3
SIM4
1
21
22
SIM5
SIM1
SIM2
SIM3
SIM4
1
21
22
SIM5
SIM1
SIM2
SIM3
SIM4
1
21
22
SIM5
SIM1
SIM2
SIM3
SIM4
1
21
22
SIM5
SIM1
SIM2
SIM3
SIM4
1
21
22
SIM5
SIM1
SIM2
SIM3
SIM4
1
21
22
SIM5
SIM1
SIM2
SIM3
SIM4
1
21
22
SIM5
SIM1
SIM2
SIM3
SIM4
1
21
22
SIM5
SIM1
SIM2
SIM3
SIM4
1
21
22
SIM5
SIM1
SIM2
SIM3
SIM4
1
21
22
SIM5
SIM1
SIM2
SIM3
SIM4
1
21
22
SIM5
SIM1
SIM2
SIM3
SIM4
1
21
22
SIM5
SIM1
SIM2
SIM3
SIM4
1
21
22
SIM5
SIM1
SIM2
SIM3
SIM4
1
21
22
SIM5
SIM1
SIM2
SIM3
SIM4
1
21
22
SIM5
SIM1
SIM2
SIM3
SIM4
1
21
22
SIM5
SIM1
SIM2
SIM3
SIM4
1
21
22
SIM5
SIM1
SIM2
SIM3
SIM4
1
21
22
SIM5
SIM1
SIM2
SIM3
SIM4
1
21
22
SIM5
SIM1
SIM2
SIM3
SIM4
1
21
22
SIM5
SIM1
SIM2
SIM3
SIM4
1
21
22
SIM5
SIM1
SIM2
SIM3
SIM4
1
21
22
SIM5
SIM1
SIM2
SIM3
SIM4
1
21
22
SIM5
SIM1
SIM2
SIM3
SIM4
1
21
22
SIM5
SIM1
SIM2
SIM3
SIM4
1
21
22
SIM5
SIM1
SIM2
SIM3
SIM4
1
21
22
SIM5
SIM1
SIM2
SIM3
SIM4
1
21
22
SIM5
SIM1
SIM2
SIM3
SIM4
1
21
22
SIM5
SIM1
SIM2
SIM3
SIM4
1
21
22
SIM5
SIM1
SIM2
SIM3
SIM4
1
21
22
SIM5
SIM1
SIM2
SIM3
SIM4
1
21
22
SIM5
SIM1
SIM2
SIM3
SIM4
1
21
22
SIM5
SIM1
SIM2
SIM3
SIM4
1
21
22
SIM5
SIM1
SIM2
SIM3
SIM4
1
21
22
SIM5
SIM1
SIM2
SIM3
SIM4
1
21
22
SIM5
SIM1
SIM2
SIM3
SIM4
1
21
22
SIM5
SIM1
SIM2
SIM3
SIM4
1
21
22
SIM5
SIM1
SIM2
SIM3
SIM4
1
21
22
SIM5
SIM1
SIM2
SIM3
SIM4
1
21
22
SIM5
SIM1
SIM2
SIM3
SIM4
1
21
22
SIM5
SIM1
SIM2
SIM3
SIM4
1
21
22
SIM5
SIM1
SIM2
SIM3
SIM4
1
21
22
SIM5
SIM1
SIM2
SIM3
SIM4
1
21
22
SIM5
SIM1
SIM2
SIM3
SIM4
1
21
22
SIM5
SIM1
SIM2
SIM3
SIM4
1
21
22
SIM5
SIM1
SIM2
SIM3
SIM4
1
21
22
SIM5
SIM1
SIM2
SIM3
SIM4
1
21
22
SIM5
SIM1
SIM2
SIM3
SIM4
1
21
22
SIM5
SIM1
SIM2
SIM3
SIM4
1
21
22
SIM5
SIM1
SIM2
SIM3
SIM4
1
21
22
SIM5
SIM1
SIM2
SIM3
SIM4
1
21
22
SIM5
SIM1
SIM2
SIM3
SIM4
1
21
22
SIM5
SIM1
SIM2
SIM3
SIM4
1
21
22
SIM5
SIM1
SIM2
SIM3
SIM4
1
21
22
SIM5
SIM1
SIM2
SIM3
SIM4
1
21
22
SIM5
SIM1
SIM2
SIM3
SIM4
1
21
22
SIM5
SIM1
SIM2
SIM3
SIM4
1
21
22
SIM5
SIM1
SIM2
SIM3
SIM4
1
21
22
SIM5
SIM1
SIM2
SIM3
SIM4
1
21
22
SIM5
SIM1
SIM2
SIM3
SIM4
1
21
22
SIM5
SIM1
SIM2
SIM3
SIM4
1
21
22
SIM5
SIM1
SIM2
SIM3
SIM4
1
21
22
SIM5
SIM1
SIM2
SIM3
SIM4
1
21
22
SIM5
SIM1
SIM2
SIM3
SIM4
1
21
22
SIM5
SIM1
SIM2
SIM3
SIM4
1
21
22
SIM5
SIM1
SIM2
SIM3
SIM4
1
21
22
SIM5
SIM1
SIM2
SIM3
SIM4
1
21
22
SIM5
SIM1
SIM2
SIM3
SIM4
1
21
22
SIM5
SIM1
SIM2
SIM3
SIM4
1
21
22
SIM5
SIM1
SIM2
SIM3
SIM4
1
21
22
SIM5
SIM1
SIM2
SIM3
SIM4
1
21
22
SIM5
SIM1
SIM2
SIM3
SIM4
1
21
22
SIM5
SIM1
SIM2
SIM3
SIM4
1
21
22
SIM5
SIM1
SIM2
SIM3
SIM4
1
21
22
SIM5
SIM1
SIM2
SIM3
SIM4
1
21
22
SIM5
SIM1
SIM2
SIM3
SIM4
1
21
22
SIM5
SIM1
SIM2
SIM3
SIM4
1
21
22
SIM5
SIM1
SIM2
SIM3
SIM4
1
21
22
SIM5
SIM1
SIM2
SIM3
SIM4
1
21
22
SIM5
SIM1
SIM2
DEBUG 1 737
SIM1
SIM2
SIM3
SIM4
1
21
22
SIM5
SIM1
SIM2
SIM3
SIM4
1
21
22
SIM5
SIM1
SIM2
SIM3
SIM4
1
21
22
SIM5
SIM1
SIM2
SIM3
SIM4
1
21
22
SIM5
SIM1
SIM2
SIM3
SIM4
1
21
22
SIM5
SIM1
SIM2
SIM3
SIM4
1
21
22
SIM5
SIM1
SIM2
SIM3
SIM4
1
21
22
SIM5
SIM1
SIM2
SIM3
SIM4
1
21
22
SIM5
SIM1
SIM2
SIM3
SIM4
1
21
22
SIM5
SIM1
SIM2
SIM3
SIM4
1
21
22
SIM5
SIM1
SIM2
SIM3
SIM4
1
21
22
SIM5
SIM1
SIM2
SIM3
SIM4
1
21
22
SIM5
SIM1
SIM2
SIM3
SIM4
1
21
22
SIM5
SIM1
SIM2
SIM3
SIM4
1
21
22
SIM5
SIM1
SIM2
SIM3
SIM4
1
21
22
SIM5
SIM1
SIM2
SIM3
SIM4
1
21
22
SIM5
SIM1
SIM2
SIM3
SIM4
1
21
22
SIM5
SIM1
SIM2
SIM3
SIM4
1
21
22
SIM5
SIM1
SIM2
SIM3
SIM4
1
21
22
SIM5
SIM1
SIM2
SIM3
SIM4
1
21
22
SIM5
SIM1
SIM2
SIM3
SIM4
1
21
22
SIM5
SIM1
SIM2
SIM3
SIM4
1
21
22
SIM5
SIM1
SIM2
SIM3
SIM4
1
21
22
SIM5
SIM1
SIM2
SIM3
SIM4
1
21
22
SIM5
SIM1
SIM2
SIM3
SIM4
1
21
22
SIM5
SIM1
SIM2
SIM3
SIM4
1
21
22
SIM5
SIM1
SIM2
SIM3
SIM4
1
21
22
SIM5
SIM1
SIM2
SIM3
SIM4
1
21
22
SIM5
SIM1
SIM2
SIM3
SIM4
1
21
22
SIM5
SIM1
SIM2
SIM3
SIM4
1
21
22
SIM5
SIM1
SIM2
SIM3
SIM4
1
21
22
SIM5
SIM1
SIM2
SIM3
SIM4
1
21
22
SIM5
SIM1
SIM2
SIM3
SIM4
1
21
22
SIM5
SIM1
SIM2
SIM3
SIM4
1
21
22
SIM5
SIM1
SIM2
SIM3
SIM4
1
21
22
SIM5
SIM1
SIM2
SIM3
SIM4
1
21
22
SIM5
SIM1
SIM2
SIM3
SIM4
1
21
22
SIM5
SIM1
SIM2
SIM3
SIM4
1
21
22
SIM5
SIM1
SIM2
SIM3
SIM4
1
21
22
SIM5
SIM1
SIM2
SIM3
SIM4
1
21
22
SIM5
SIM1
SIM2
SIM3
SIM4
1
21
22
SIM5
SIM1
SIM2
SIM3
SIM4
1
21
22
SIM5
SIM1
SIM2
SIM3
SIM4
1
21
22
SIM5
SIM1
SIM2
SIM3
SIM4
1
21
22
SIM5
SIM1
SIM2
SIM3
SIM4
1
21
22
SIM5
SIM1
SIM2
SIM3
SIM4
1
21
22
SIM5
SIM1
SIM2
SIM3
SIM4
1
21
22
SIM5
SIM1
SIM2
SIM3
SIM4
1
21
22
SIM5
SIM1
SIM2
SIM3
SIM4
1
21
22
SIM5
SIM1
SIM2
SIM3
SIM4
1
21
22
SIM5
SIM1
SIM2
SIM3
SIM4
1
21
22
SIM5
SIM1
SIM2
SIM3
SIM4
1
21
22
SIM5
SIM1
SIM2
SIM3
SIM4
1
21
22
SIM5
SIM1
SIM2
SIM3
SIM4
1
21
22
SIM5
SIM1
SIM2
SIM3
SIM4
1
21
22
SIM5
SIM1
SIM2
SIM3
SIM4
1
21
22
SIM5
SIM1
SIM2
SIM3
SIM4
1
21
22
SIM5
SIM1
SIM2
SIM3
SIM4
1
21
22
SIM5
SIM1
SIM2
SIM3
SIM4
1
21
22
SIM5
SIM1
SIM2
SIM3
SIM4
1
21
22
SIM5
SIM1
SIM2
SIM3
SIM4
1
21
22
SIM5
SIM1
SIM2
SIM3
SIM4
1
21
22
SIM5
SIM1
SIM2
SIM3
SIM4
1
21
22
SIM5
SIM1
SIM2
SIM3
SIM4
1
21
22
SIM5
SIM1
SIM2
SIM3
SIM4
1
21
22
SIM5
SIM1
SIM2
SIM3
SIM4
1
21
22
SIM5
SIM1
SIM2
SIM3
SIM4
1
21
22
SIM5
SIM1
SIM2
SIM3
SIM4
1
21
22
SIM5
SIM1
SIM2
SIM3
SIM4
1
21
22
SIM5
SIM1
SIM2
SIM3
SIM4
1
21
22
SIM5
SIM1
SIM2
SIM3
SIM4
1
21
22
SIM5
SIM1
SIM2
SIM3
SIM4
1
21
22
SIM5
SIM1
SIM2
SIM3
SIM4
1
21
22
SIM5
SIM1
SIM2
SIM3
SIM4
1
21
22
SIM5
SIM1
SIM2
SIM3
SIM4
1
21
22
SIM5
SIM1
SIM2
SIM3
SIM4
1
21
22
SIM5
SIM1
SIM2
SIM3
SIM4
1
21
22
SIM5
SIM1
SIM2
SIM3
SIM4
1
21
22
SIM5
SIM1
SIM2
SIM3
SIM4
1
21
22
SIM5
SIM1
SIM2
SIM3
SIM4
1
21
22
SIM5
SIM1
SIM2
SIM3
SIM4
1
21
22
SIM5
SIM1
SIM2
SIM3
SIM4
1
21
22
SIM5
SIM1
SIM2
SIM3
SIM4
1
21
22
SIM5
SIM1
SIM2
SIM3
SIM4
1
21
22
SIM5
SIM1
SIM2
SIM3
SIM4
1
21
22
SIM5
SIM1
SIM2
SIM3
SIM4
1
21
22
SIM5
SIM1
SIM2
SIM3
SIM4
1
21
22
SIM5
SIM1
SIM2
SIM3
SIM4
1
21
22
SIM5
SIM1
SIM2
SIM3
SIM4
1
21
22
SIM5
SIM1
SIM2
SIM3
SIM4
1
21
22
SIM5
SIM1
SIM2
SIM3
SIM4
1
21
22
SIM5
SIM1
SIM2
SIM3
SIM4
1
21
22
SIM5
SIM1
SIM2
SIM3
SIM4
1
21
22
SIM5
SIM1
SIM2
SIM3
SIM4
1
21
22
SIM5
SIM1
SIM2
SIM3
SIM4
1
21
22
SIM5
SIM1
SIM2
SIM3
SIM4
1
21
22
SIM5
SIM1
SIM2
SIM3
SIM4
1
21
22
SIM5
SIM1
SIM2
SIM3
SIM4
1
21
22
SIM5
SIM1
SIM2
SIM3
SIM4
1
21
22
SIM5
SIM1
SIM2
SIM3
SIM4
1
21
22
SIM5
SIM1
SIM2
SIM3
SIM4
1
21
22
SIM5
SIM1
SIM2
SIM3
SIM4
1
21
22
SIM5
SIM1
SIM2
SIM3
SIM4
1
21
22
SIM5
SIM1
SIM2
SIM3
SIM4
1
21
22
SIM5
SIM1
SIM2
SIM3
SIM4
1
21
22
SIM5
SIM1
SIM2
SIM3
SIM4
1
21
22
SIM5
SIM1
SIM2
SIM3
SIM4
1
21
22
SIM5
SIM1
SIM2
SIM3
SIM4
1
21
22
SIM5
SIM1
SIM2
SIM3
SIM4
1
21
22
SIM5
SIM1
SIM2
SIM3
SIM4
1
21
22
SIM5
SIM1
SIM2
SIM3
SIM4
1
21
22
SIM5
SIM1
SIM2
SIM3
SIM4
1
21
22
SIM5
SIM1
SIM2
SIM3
SIM4
1
21
22
SIM5
SIM1
SIM2
SIM3
SIM4
1
21
22
SIM5
SIM1
SIM2
SIM3
SIM4
1
21
22
SIM5
SIM1
SIM2
SIM3
SIM4
1
21
22
SIM5
SIM1
SIM2
SIM3
SIM4
1
21
22
SIM5
SIM1
SIM2
SIM3
SIM4
1
21
22
SIM5
SIM1
SIM2
SIM3
SIM4
1
21
22
SIM5
SIM1
SIM2
SIM3
SIM4
1
21
22
SIM5
SIM1
SIM2
SIM3
SIM4
1
21
22
SIM5
SIM1
SIM2
SIM3
SIM4
1
21
22
SIM5
SIM1
SIM2
SIM3
SIM4
1
21
22
SIM5
SIM1
SIM2
SIM3
SIM4
1
21
22
SIM5
SIM1
SIM2
SIM3
SIM4
1
21
22
SIM5
SIM1
SIM2
SIM3
SIM4
1
21
22
SIM5
SIM1
SIM2
SIM3
SIM4
1
21
22
SIM5
SIM1
SIM2
SIM3
SIM4
1
21
22
SIM5
SIM1
SIM2
SIM3
SIM4
1
21
22
SIM5
SIM1
SIM2
SIM3
SIM4
1
21
22
SIM5
SIM1
SIM2
SIM3
SIM4
1
21
22
SIM5
SIM1
SIM2
SIM3
SIM4
1
21
22
SIM5
SIM1
SIM2
SIM3
SIM4
1
21
22
SIM5
SIM1
SIM2
SIM3
SIM4
1
21
22
SIM5
SIM1
SIM2
SIM3
SIM4
1
21
22
SIM5
SIM1
SIM2
SIM3
SIM4
1
21
22
SIM5
SIM1
SIM2
SIM3
SIM4
1
21
22
SIM5
SIM1
SIM2
SIM3
SIM4
1
21
22
SIM5
SIM1
SIM2
SIM3
SIM4
1
21
22
SIM5
SIM1
SIM2
SIM3
SIM4
1
21
22
SIM5
SIM1
SIM2
SIM3
SIM4
1
21
22
SIM5
SIM1
SIM2
SIM3
SIM4
1
21
22
SIM5
SIM1
SIM2
SIM3
SIM4
1
21
22
SIM5
SIM1
SIM2
SIM3
SIM4
1
21
22
SIM5
SIM1
SIM2
SIM3
SIM4
1
21
22
SIM5
SIM1
SIM2
SIM3
SIM4
1
21
22
SIM5
SIM1
SIM2
SIM3
SIM4
1
21
22
SIM5
SIM1
SIM2
SIM3
SIM4
1
21
22
SIM5
SIM1
SIM2
SIM3
SIM4
1
21
22
SIM5
SIM1
SIM2
SIM3
SIM4
1
21
22
SIM5
SIM1
SIM2
SIM3
SIM4
1
21
22
SIM5
SIM1
SIM2
SIM3
SIM4
1
21
22
SIM5
SIM1
SIM2
SIM3
SIM4
1
21
22
SIM5
SIM1
SIM2
SIM3
SIM4
1
21
22
SIM5
SIM1
SIM2
SIM3
SIM4
1
21
22
SIM5
SIM1
SIM2
SIM3
SIM4
1
21
22
SIM5
SIM1
SIM2
SIM3
SIM4
1
21
22
SIM5
SIM1
SIM2
SIM3
SIM4
1
21
22
SIM5
SIM1
SIM2
SIM3
SIM4
1
21
22
SIM5
SIM1
SIM2
SIM3
SIM4
1
21
22
SIM5
SIM1
SIM2
SIM3
SIM4
1
21
22
SIM5
SIM1
SIM2
SIM3
SIM4
1
21
22
SIM5
SIM1
SIM2
SIM3
SIM4
1
21
22
SIM5
SIM1
SIM2
SIM3
SIM4
1
21
22
SIM5
SIM1
SIM2
SIM3
SIM4
1
21
22
SIM5
SIM1
SIM2
SIM3
SIM4
1
21
22
SIM5
SIM1
SIM2
SIM3
SIM4
1
21
22
SIM5
SIM1
SIM2
SIM3
SIM4
1
21
22
SIM5
SIM1
SIM2
SIM3
SIM4
1
21
22
SIM5
SIM1
SIM2
SIM3
SIM4
1
21
22
SIM5
SIM1
SIM2
SIM3
SIM4
1
21
22
SIM5
SIM1
SIM2
SIM3
SIM4
1
21
22
SIM5
SIM1
SIM2
SIM3
SIM4
1
21
22
SIM5
SIM1
SIM2
SIM3
SIM4
1
21
22
SIM5
SIM1
SIM2
SIM3
SIM4
1
21
22
SIM5
SIM1
SIM2
SIM3
SIM4
1
21
22
SIM5
SIM1
SIM2
SIM3
SIM4
1
21
22
SIM5
SIM1
SIM2
SIM3
SIM4
1
21
22
SIM5
SIM1
SIM2
SIM3
SIM4
1
21
22
SIM5
SIM1
SIM2
SIM3
SIM4
1
21
22
SIM5
SIM1
SIM2
SIM3
SIM4
1
21
22
SIM5
SIM1
SIM2
SIM3
SIM4
1
21
22
SIM5
SIM1
SIM2
SIM3
SIM4
1
21
22
SIM5
SIM1
SIM2
SIM3
SIM4
1
21
22
SIM5
SIM1
SIM2
SIM3
SIM4
1
21
22
SIM5
SIM1
SIM2
SIM3
SIM4
1
21
22
SIM5
SIM1
SIM2
SIM3
SIM4
1
21
22
SIM5
SIM1
SIM2
SIM3
SIM4
1
21
22
SIM5
SIM1
SIM2
SIM3
SIM4
1
21
22
SIM5
SIM1
SIM2
SIM3
SIM4
1
21
22
SIM5
SIM1
SIM2
SIM3
SIM4
1
21
22
SIM5
SIM1
SIM2
SIM3
SIM4
1
21
22
SIM5
SIM1
SIM2
SIM3
SIM4
1
21
22
SIM5
SIM1
SIM2
SIM3
SIM4
1
21
22
SIM5
SIM1
SIM2
SIM3
SIM4
1
21
22
SIM5
SIM1
SIM2
SIM3
SIM4
1
21
22
SIM5
SIM1
SIM2
SIM3
SIM4
1
21
22
SIM5
SIM1
SIM2
SIM3
SIM4
1
21
22
SIM5
SIM1
SIM2
SIM3
SIM4
1
21
22
SIM5
SIM1
SIM2
SIM3
SIM4
1
21
22
SIM5
SIM1
SIM2
SIM3
SIM4
1
21
22
SIM5
SIM1
SIM2
SIM3
SIM4
1
21
22
SIM5
SIM1
SIM2
SIM3
SIM4
1
21
22
SIM5
SIM1
SIM2
SIM3
SIM4
1
21
22
SIM5
SIM1
SIM2
SIM3
SIM4
1
21
22
SIM5
SIM1
SIM2
SIM3
SIM4
1
21
22
SIM5
SIM1
SIM2
SIM3
SIM4
1
21
22
SIM5
SIM1
SIM2
SIM3
SIM4
1
21
22
SIM5
SIM1
SIM2
SIM3
SIM4
1
21
22
SIM5
SIM1
SIM2
SIM3
SIM4
1
21
22
SIM5
SIM1
SIM2
SIM3
SIM4
1
21
22
SIM5
SIM1
SIM2
SIM3
SIM4
1
21
22
SIM5
SIM1
SIM2
SIM3
SIM4
1
21
22
SIM5
SIM1
SIM2
SIM3
SIM4
1
21
22
SIM5
SIM1
SIM2
SIM3
SIM4
1
21
22
SIM5
SIM1
SIM2
SIM3
SIM4
1
21
22
SIM5
SIM1
SIM2
SIM3
SIM4
1
21
22
SIM5
SIM1
SIM2
SIM3
SIM4
1
21
22
SIM5
SIM1
SIM2
SIM3
SIM4
1
21
22
SIM5
SIM1
SIM2
SIM3
SIM4
1
21
22
SIM5
SIM1
SIM2
SIM3
SIM4
1
21
22
SIM5
SIM1
SIM2
SIM3
SIM4
1
21
22
SIM5
SIM1
SIM2
SIM3
SIM4
1
21
22
SIM5
SIM1
SIM2
SIM3
SIM4
1
21
22
SIM5
SIM1
SIM2
SIM3
SIM4
1
21
22
SIM5
SIM1
SIM2
SIM3
SIM4
1
21
22
SIM5
SIM1
SIM2
SIM3
SIM4
1
21
22
SIM5
SIM1
SIM2
SIM3
SIM4
1
21
22
SIM5
SIM1
SIM2
SIM3
SIM4
1
21
22
SIM5
SIM1
SIM2
SIM3
SIM4
1
21
22
SIM5
SIM1
SIM2
SIM3
SIM4
1
21
22
SIM5
SIM1
SIM2
SIM3
SIM4
1
21
22
SIM5
SIM1
SIM2
SIM3
SIM4
1
21
22
SIM5
SIM1
SIM2
SIM3
SIM4
1
21
22
SIM5
SIM1
SIM2
SIM3
SIM4
1
21
22
SIM5
SIM1
SIM2
SIM3
SIM4
1
21
22
SIM5
SIM1
SIM2
SIM3
SIM4
1
21
22
SIM5
SIM1
SIM2
SIM3
SIM4
1
21
22
SIM5
SIM1
SIM2
SIM3
SIM4
1
21
22
SIM5
SIM1
SIM2
SIM3
SIM4
1
21
22
SIM5
SIM1
SIM2
SIM3
SIM4
1
21
22
SIM5
SIM1
SIM2
SIM3
SIM4
1
21
22
SIM5
SIM1
SIM2
SIM3
SIM4
1
21
22
SIM5
SIM1
SIM2
SIM3
SIM4
1
21
22
SIM5
SIM1
SIM2
SIM3
SIM4
1
21
22
SIM5
SIM1
SIM2
SIM3
SIM4
1
21
22
SIM5
SIM1
SIM2
SIM3
SIM4
1
21
22
SIM5
SIM1
SIM2
SIM3
SIM4
1
21
22
SIM5
SIM1
SIM2
SIM3
SIM4
1
21
22
SIM5
SIM1
SIM2
SIM3
SIM4
1
21
22
SIM5
SIM1
SIM2
SIM3
SIM4
1
21
22
SIM5
SIM1
SIM2
SIM3
SIM4
1
21
22
SIM5
SIM1
SIM2
SIM3
SIM4
1
21
22
SIM5
SIM1
SIM2
SIM3
SIM4
1
21
22
SIM5
SIM1
SIM2
SIM3
SIM4
1
21
22
SIM5
SIM1
SIM2
SIM3
SIM4
1
21
22
SIM5
SIM1
SIM2
SIM3
SIM4
1
21
22
SIM5
SIM1
SIM2
SIM3
SIM4
1
21
22
SIM5
SIM1
SIM2
SIM3
SIM4
1
21
22
SIM5
SIM1
SIM2
SIM3
SIM4
1
21
22
SIM5
SIM1
SIM2
SIM3
SIM4
1
21
22
SIM5
SIM1
SIM2
SIM3
SIM4
1
21
22
SIM5
SIM1
SIM2
SIM3
SIM4
1
21
22
SIM5
SIM1
SIM2
SIM3
SIM4
1
21
22
SIM5
SIM1
SIM2
SIM3
SIM4
1
21
22
SIM5
SIM1
SIM2
SIM3
SIM4
1
21
22
SIM5
SIM1
SIM2
SIM3
SIM4
1
21
22
SIM5
SIM1
SIM2
SIM3
SIM4
1
21
22
SIM5
SIM1
SIM2
SIM3
SIM4
1
21
22
SIM5
SIM1
SIM2
SIM3
SIM4
1
21
22
SIM5
SIM1
SIM2
SIM3
SIM4
1
21
22
SIM5
SIM1
SIM2
SIM3
SIM4
1
21
22
SIM5
SIM1
SIM2
SIM3
SIM4
1
21
22
SIM5
SIM1
SIM2
SIM3
SIM4
1
21
22
SIM5
SIM1
SIM2
SIM3
SIM4
1
21
22
SIM5
SIM1
SIM2
SIM3
SIM4
1
21
22
SIM5
SIM1
SIM2
SIM3
SIM4
1
21
22
SIM5
SIM1
SIM2
SIM3
SIM4
1
21
22
SIM5
SIM1
SIM2
SIM3
SIM4
1
21
22
SIM5
SIM1
SIM2
SIM3
SIM4
1
21
22
SIM5
SIM1
SIM2
SIM3
SIM4
1
21
22
SIM5
SIM1
SIM2
SIM3
SIM4
1
21
22
SIM5
SIM1
SIM2
SIM3
SIM4
1
21
22
SIM5
SIM1
SIM2
SIM3
SIM4
1
21
22
SIM5
SIM1
SIM2
SIM3
SIM4
1
21
22
SIM5
SIM1
SIM2
DEBUG 1 738
SIM1
SIM2
SIM3
SIM4
1
21
22
SIM5
SIM1
SIM2
SIM3
SIM4
1
21
22
SIM5
SIM1
SIM2
SIM3
SIM4
1
21
22
SIM5
SIM1
SIM2
SIM3
SIM4
1
21
22
SIM5
SIM1
SIM2
SIM3
SIM4
1
21
22
SIM5
SIM1
SIM2
SIM3
SIM4
1
21
22
SIM5
SIM1
SIM2
SIM3
SIM4
1
21
22
SIM5
SIM1
SIM2
SIM3
SIM4
1
21
22
SIM5
SIM1
SIM2
SIM3
SIM4
1
21
22
SIM5
SIM1
SIM2
SIM3
SIM4
1
21
22
SIM5
SIM1
SIM2
SIM3
SIM4
1
21
22
SIM5
SIM1
SIM2
SIM3
SIM4
1
21
22
SIM5
SIM1
SIM2
SIM3
SIM4
1
21
22
SIM5
SIM1
SIM2
SIM3
SIM4
1
21
22
SIM5
SIM1
SIM2
SIM3
SIM4
1
21
22
SIM5
SIM1
SIM2
SIM3
SIM4
1
21
22
SIM5
SIM1
SIM2
SIM3
SIM4
1
21
22
SIM5
SIM1
SIM2
SIM3
SIM4
1
21
22
SIM5
SIM1
SIM2
SIM3
SIM4
1
21
22
SIM5
SIM1
SIM2
SIM3
SIM4
1
21
22
SIM5
SIM1
SIM2
SIM3
SIM4
1
21
22
SIM5
SIM1
SIM2
SIM3
SIM4
1
21
22
SIM5
SIM1
SIM2
SIM3
SIM4
1
21
22
SIM5
SIM1
SIM2
SIM3
SIM4
1
21
22
SIM5
SIM1
SIM2
SIM3
SIM4
1
21
22
SIM5
SIM1
SIM2
SIM3
SIM4
1
21
22
SIM5
SIM1
SIM2
SIM3
SIM4
1
21
22
SIM5
SIM1
SIM2
SIM3
SIM4
1
21
22
SIM5
SIM1
SIM2
SIM3
SIM4
1
21
22
SIM5
SIM1
SIM2
SIM3
SIM4
1
21
22
SIM5
SIM1
SIM2
SIM3
SIM4
1
21
22
SIM5
SIM1
SIM2
SIM3
SIM4
1
21
22
SIM5
SIM1
SIM2
SIM3
SIM4
1
21
22
SIM5
SIM1
SIM2
SIM3
SIM4
1
21
22
SIM5
SIM1
SIM2
SIM3
SIM4
1
21
22
SIM5
SIM1
SIM2
SIM3
SIM4
1
21
22
SIM5
SIM1
SIM2
SIM3
SIM4
1
21
22
SIM5
SIM1
SIM2
SIM3
SIM4
1
21
22
SIM5
SIM1
SIM2
SIM3
SIM4
1
21
22
SIM5
SIM1
SIM2
SIM3
SIM4
1
21
22
SIM5
SIM1
SIM2
SIM3
SIM4
1
21
22
SIM5
SIM1
SIM2
SIM3
SIM4
1
21
22
SIM5
SIM1
SIM2
SIM3
SIM4
1
21
22
SIM5
SIM1
SIM2
SIM3
SIM4
1
21
22
SIM5
SIM1
SIM2
SIM3
SIM4
1
21
22
SIM5
SIM1
SIM2
SIM3
SIM4
1
21
22
SIM5
SIM1
SIM2
SIM3
SIM4
1
21
22
SIM5
SIM1
SIM2
SIM3
SIM4
1
21
22
SIM5
SIM1
SIM2
SIM3
SIM4
1
21
22
SIM5
SIM1
SIM2
SIM3
SIM4
1
21
22
SIM5
SIM1
SIM2
SIM3
SIM4
1
21
22
SIM5
SIM1
SIM2
SIM3
SIM4
1
21
22
SIM5
SIM1
SIM2
SIM3
SIM4
1
21
22
SIM5
SIM1
SIM2
SIM3
SIM4
1
21
22
SIM5
SIM1
SIM2
SIM3
SIM4
1
21
22
SIM5
SIM1
SIM2
SIM3
SIM4
1
21
22
SIM5
SIM1
SIM2
SIM3
SIM4
1
21
22
SIM5
SIM1
SIM2
SIM3
SIM4
1
21
22
SIM5
SIM1
SIM2
SIM3
SIM4
1
21
22
SIM5
SIM1
SIM2
SIM3
SIM4
1
21
22
SIM5
SIM1
SIM2
SIM3
SIM4
1
21
22
SIM5
SIM1
SIM2
SIM3
SIM4
1
21
22
SIM5
SIM1
SIM2
SIM3
SIM4
1
21
22
SIM5
SIM1
SIM2
SIM3
SIM4
1
21
22
SIM5
SIM1
SIM2
SIM3
SIM4
1
21
22
SIM5
SIM1
SIM2
SIM3
SIM4
1
21
22
SIM5
SIM1
SIM2
SIM3
SIM4
1
21
22
SIM5
SIM1
SIM2
SIM3
SIM4
1
21
22
SIM5
SIM1
SIM2
SIM3
SIM4
1
21
22
SIM5
SIM1
SIM2
SIM3
SIM4
1
21
22
SIM5
SIM1
SIM2
SIM3
SIM4
1
21
22
SIM5
SIM1
SIM2
SIM3
SIM4
1
21
22
SIM5
SIM1
SIM2
SIM3
SIM4
1
21
22
SIM5
SIM1
SIM2
SIM3
SIM4
1
21
22
SIM5
SIM1
SIM2
SIM3
SIM4
1
21
22
SIM5
SIM1
SIM2
SIM3
SIM4
1
21
22
SIM5
SIM1
SIM2
SIM3
SIM4
1
21
22
SIM5
SIM1
SIM2
SIM3
SIM4
1
21
22
SIM5
SIM1
SIM2
SIM3
SIM4
1
21
22
SIM5
SIM1
SIM2
SIM3
SIM4
1
21
22
SIM5
SIM1
SIM2
SIM3
SIM4
1
21
22
SIM5
SIM1
SIM2
SIM3
SIM4
1
21
22
SIM5
SIM1
SIM2
SIM3
SIM4
1
21
22
SIM5
SIM1
SIM2
SIM3
SIM4
1
21
22
SIM5
SIM1
SIM2
SIM3
SIM4
1
21
22
SIM5
SIM1
SIM2
SIM3
SIM4
1
21
22
SIM5
SIM1
SIM2
SIM3
SIM4
1
21
22
SIM5
SIM1
SIM2
SIM3
SIM4
1
21
22
SIM5
SIM1
SIM2
SIM3
SIM4
1
21
22
SIM5
SIM1
SIM2
SIM3
SIM4
1
21
22
SIM5
SIM1
SIM2
SIM3
SIM4
1
21
22
SIM5
SIM1
SIM2
SIM3
SIM4
1
21
22
SIM5
SIM1
SIM2
SIM3
SIM4
1
21
22
SIM5
SIM1
SIM2
SIM3
SIM4
1
21
22
SIM5
SIM1
SIM2
SIM3
SIM4
1
21
22
SIM5
SIM1
SIM2
SIM3
SIM4
1
21
22
SIM5
SIM1
SIM2
SIM3
SIM4
1
21
22
SIM5
SIM1
SIM2
SIM3
SIM4
1
21
22
SIM5
SIM1
SIM2
SIM3
SIM4
1
21
22
SIM5
SIM1
SIM2
SIM3
SIM4
1
21
22
SIM5
SIM1
SIM2
SIM3
SIM4
1
21
22
SIM5
SIM1
SIM2
SIM3
SIM4
1
21
22
SIM5
SIM1
SIM2
SIM3
SIM4
1
21
22
SIM5
SIM1
SIM2
SIM3
SIM4
1
21
22
SIM5
SIM1
SIM2
SIM3
SIM4
1
21
22
SIM5
SIM1
SIM2
SIM3
SIM4
1
21
22
SIM5
SIM1
SIM2
SIM3
SIM4
1
21
22
SIM5
SIM1
SIM2
SIM3
SIM4
1
21
22
SIM5
SIM1
SIM2
SIM3
SIM4
1
21
22
SIM5
SIM1
SIM2
SIM3
SIM4
1
21
22
SIM5
SIM1
SIM2
SIM3
SIM4
1
21
22
SIM5
SIM1
SIM2
SIM3
SIM4
1
21
22
SIM5
SIM1
SIM2
SIM3
SIM4
1
21
22
SIM5
SIM1
SIM2
SIM3
SIM4
1
21
22
SIM5
SIM1
SIM2
SIM3
SIM4
1
21
22
SIM5
SIM1
SIM2
SIM3
SIM4
1
21
22
SIM5
SIM1
SIM2
SIM3
SIM4
1
21
22
SIM5
SIM1
SIM2
SIM3
SIM4
1
21
22
SIM5
SIM1
SIM2
SIM3
SIM4
1
21
22
SIM5
SIM1
SIM2
SIM3
SIM4
1
21
22
SIM5
SIM1
SIM2
SIM3
SIM4
1
21
22
SIM5
SIM1
SIM2
SIM3
SIM4
1
21
22
SIM5
SIM1
SIM2
SIM3
SIM4
1
21
22
SIM5
SIM1
SIM2
SIM3
SIM4
1
21
22
SIM5
SIM1
SIM2
SIM3
SIM4
1
21
22
SIM5
SIM1
SIM2
SIM3
SIM4
1
21
22
SIM5
SIM1
SIM2
SIM3
SIM4
1
21
22
SIM5
SIM1
SIM2
SIM3
SIM4
1
21
22
SIM5
SIM1
SIM2
SIM3
SIM4
1
21
22
SIM5
SIM1
SIM2
SIM3
SIM4
1
21
22
SIM5
SIM1
SIM2
SIM3
SIM4
1
21
22
SIM5
SIM1
SIM2
SIM3
SIM4
1
21
22
SIM5
SIM1
SIM2
SIM3
SIM4
1
21
22
SIM5
SIM1
SIM2
SIM3
SIM4
1
21
22
SIM5
SIM1
SIM2
SIM3
SIM4
1
21
22
SIM5
SIM1
SIM2
SIM3
SIM4
1
21
22
SIM5
SIM1
SIM2
SIM3
SIM4
1
21
22
SIM5
SIM1
SIM2
SIM3
SIM4
1
21
22
SIM5
SIM1
SIM2
SIM3
SIM4
1
21
22
SIM5
SIM1
SIM2
SIM3
SIM4
1
21
22
SIM5
SIM1
SIM2
SIM3
SIM4
1
21
22
SIM5
SIM1
SIM2
SIM3
SIM4
1
21
22
SIM5
SIM1
SIM2
SIM3
SIM4
1
21
22
SIM5
SIM1
SIM2
SIM3
SIM4
1
21
22
SIM5
SIM1
SIM2
SIM3
SIM4
1
21
22
SIM5
SIM1
SIM2
SIM3
SIM4
1
21
22
SIM5
SIM1
SIM2
SIM3
SIM4
1
21
22
SIM5
SIM1
SIM2
SIM3
SIM4
1
21
22
SIM5
SIM1
SIM2
SIM3
SIM4
1
21
22
SIM5
SIM1
SIM2
SIM3
SIM4
1
21
22
SIM5
SIM1
SIM2
SIM3
SIM4
1
21
22
SIM5
SIM1
SIM2
SIM3
SIM4
1
21
22
SIM5
SIM1
SIM2
SIM3
SIM4
1
21
22
SIM5
SIM1
SIM2
SIM3
SIM4
1
21
22
SIM5
SIM1
SIM2
SIM3
SIM4
1
21
22
SIM5
SIM1
SIM2
SIM3
SIM4
1
21
22
SIM5
SIM1
SIM2
SIM3
SIM4
1
21
22
SIM5
SIM1
SIM2
SIM3
SIM4
1
21
22
SIM5
SIM1
SIM2
SIM3
SIM4
1
21
22
SIM5
SIM1
SIM2
SIM3
SIM4
1
21
22
SIM5
SIM1
SIM2
SIM3
SIM4
1
21
22
SIM5
SIM1
SIM2
SIM3
SIM4
1
21
22
SIM5
SIM1
SIM2
SIM3
SIM4
1
21
22
SIM5
SIM1
SIM2
SIM3
SIM4
1
21
22
SIM5
SIM1
SIM2
SIM3
SIM4
1
21
22
SIM5
SIM1
SIM2
SIM3
SIM4
1
21
22
SIM5
SIM1
SIM2
SIM3
SIM4
1
21
22
SIM5
SIM1
SIM2
SIM3
SIM4
1
21
22
SIM5
SIM1
SIM2
SIM3
SIM4
1
21
22
SIM5
SIM1
SIM2
SIM3
SIM4
1
21
22
SIM5
SIM1
SIM2
SIM3
SIM4
1
21
22
SIM5
SIM1
SIM2
SIM3
SIM4
1
21
22
SIM5
SIM1
SIM2
SIM3
SIM4
1
21
22
SIM5
SIM1
SIM2
SIM3
SIM4
1
21
22
SIM5
SIM1
SIM2
SIM3
SIM4
1
21
22
SIM5
SIM1
SIM2
SIM3
SIM4
1
21
22
SIM5
SIM1
SIM2
SIM3
SIM4
1
21
22
SIM5
SIM1
SIM2
SIM3
SIM4
1
21
22
SIM5
SIM1
SIM2
SIM3
SIM4
1
21
22
SIM5
SIM1
SIM2
SIM3
SIM4
1
21
22
SIM5
SIM1
SIM2
SIM3
SIM4
1
21
22
SIM5
SIM1
SIM2
SIM3
SIM4
1
21
22
SIM5
SIM1
SIM2
DEBUG 1 739
SIM1
SIM2
SIM3
SIM4
1
21
22
SIM5
SIM1
SIM2
SIM3
SIM4
1
21
22
SIM5
SIM1
SIM2
SIM3
SIM4
1
21
22
SIM5
SIM1
SIM2
SIM3
SIM4
1
21
22
SIM5
SIM1
SIM2
SIM3
SIM4
1
21
22
SIM5
SIM1
SIM2
SIM3
SIM4
1
21
22
SIM5
SIM1
SIM2
SIM3
SIM4
1
21
22
SIM5
SIM1
SIM2
SIM3
SIM4
1
21
22
SIM5
SIM1
SIM2
SIM3
SIM4
1
21
22
SIM5
SIM1
SIM2
SIM3
SIM4
1
21
22
SIM5
SIM1
SIM2
SIM3
SIM4
1
21
22
SIM5
SIM1
SIM2
SIM3
SIM4
1
21
22
SIM5
SIM1
SIM2
SIM3
SIM4
1
21
22
SIM5
SIM1
SIM2
SIM3
SIM4
1
21
22
SIM5
SIM1
SIM2
SIM3
SIM4
1
21
22
SIM5
SIM1
SIM2
SIM3
SIM4
1
21
22
SIM5
SIM1
SIM2
SIM3
SIM4
1
21
22
SIM5
SIM1
SIM2
SIM3
SIM4
1
21
22
SIM5
SIM1
SIM2
SIM3
SIM4
1
21
22
SIM5
SIM1
SIM2
SIM3
SIM4
1
21
22
SIM5
SIM1
SIM2
SIM3
SIM4
1
21
22
SIM5
SIM1
SIM2
SIM3
SIM4
1
21
22
SIM5
SIM1
SIM2
SIM3
SIM4
1
21
22
SIM5
SIM1
SIM2
SIM3
SIM4
1
21
22
SIM5
SIM1
SIM2
SIM3
SIM4
1
21
22
SIM5
SIM1
SIM2
SIM3
SIM4
1
21
22
SIM5
SIM1
SIM2
SIM3
SIM4
1
21
22
SIM5
SIM1
SIM2
SIM3
SIM4
1
21
22
SIM5
SIM1
SIM2
SIM3
SIM4
1
21
22
SIM5
SIM1
SIM2
SIM3
SIM4
1
21
22
SIM5
SIM1
SIM2
SIM3
SIM4
1
21
22
SIM5
SIM1
SIM2
SIM3
SIM4
1
21
22
SIM5
SIM1
SIM2
SIM3
SIM4
1
21
22
SIM5
SIM1
SIM2
SIM3
SIM4
1
21
22
SIM5
SIM1
SIM2
SIM3
SIM4
1
21
22
SIM5
SIM1
SIM2
SIM3
SIM4
1
21
22
SIM5
SIM1
SIM2
SIM3
SIM4
1
21
22
SIM5
SIM1
SIM2
SIM3
SIM4
1
21
22
SIM5
SIM1
SIM2
SIM3
SIM4
1
21
22
SIM5
SIM1
SIM2
SIM3
SIM4
1
21
22
SIM5
SIM1
SIM2
SIM3
SIM4
1
21
22
SIM5
SIM1
SIM2
SIM3
SIM4
1
21
22
SIM5
SIM1
SIM2
SIM3
SIM4
1
21
22
SIM5
SIM1
SIM2
SIM3
SIM4
1
21
22
SIM5
SIM1
SIM2
SIM3
SIM4
1
21
22
SIM5
SIM1
SIM2
SIM3
SIM4
1
21
22
SIM5
SIM1
SIM2
SIM3
SIM4
1
21
22
SIM5
SIM1
SIM2
SIM3
SIM4
1
21
22
SIM5
SIM1
SIM2
SIM3
SIM4
1
21
22
SIM5
SIM1
SIM2
SIM3
SIM4
1
21
22
SIM5
SIM1
SIM2
SIM3
SIM4
1
21
22
SIM5
SIM1
SIM2
SIM3
SIM4
1
21
22
SIM5
SIM1
SIM2
SIM3
SIM4
1
21
22
SIM5
SIM1
SIM2
SIM3
SIM4
1
21
22
SIM5
SIM1
SIM2
SIM3
SIM4
1
21
22
SIM5
SIM1
SIM2
SIM3
SIM4
1
21
22
SIM5
SIM1
SIM2
SIM3
SIM4
1
21
22
SIM5
SIM1
SIM2
SIM3
SIM4
1
21
22
SIM5
SIM1
SIM2
SIM3
SIM4
1
21
22
SIM5
SIM1
SIM2
SIM3
SIM4
1
21
22
SIM5
SIM1
SIM2
SIM3
SIM4
1
21
22
SIM5
SIM1
SIM2
SIM3
SIM4
1
21
22
SIM5
SIM1
SIM2
SIM3
SIM4
1
21
22
SIM5
SIM1
SIM2
SIM3
SIM4
1
21
22
SIM5
SIM1
SIM2
SIM3
SIM4
1
21
22
SIM5
SIM1
SIM2
SIM3
SIM4
1
21
22
SIM5
SIM1
SIM2
SIM3
SIM4
1
21
22
SIM5
SIM1
SIM2
SIM3
SIM4
1
21
22
SIM5
SIM1
SIM2
SIM3
SIM4
1
21
22
SIM5
SIM1
SIM2
SIM3
SIM4
1
21
22
SIM5
SIM1
SIM2
SIM3
SIM4
1
21
22
SIM5
SIM1
SIM2
SIM3
SIM4
1
21
22
SIM5
SIM1
SIM2
SIM3
SIM4
1
21
22
SIM5
SIM1
SIM2
SIM3
SIM4
1
21
22
SIM5
SIM1
SIM2
SIM3
SIM4
1
21
22
SIM5
SIM1
SIM2
SIM3
SIM4
1
21
22
SIM5
SIM1
SIM2
SIM3
SIM4
1
21
22
SIM5
SIM1
SIM2
SIM3
SIM4
1
21
22
SIM5
SIM1
SIM2
SIM3
SIM4
1
21
22
SIM5
SIM1
SIM2
SIM3
SIM4
1
21
22
SIM5
SIM1
SIM2
SIM3
SIM4
1
21
22
SIM5
SIM1
SIM2
SIM3
SIM4
1
21
22
SIM5
SIM1
SIM2
SIM3
SIM4
1
21
22
SIM5
SIM1
SIM2
SIM3
SIM4
1
21
22
SIM5
SIM1
SIM2
SIM3
SIM4
1
21
22
SIM5
SIM1
SIM2
SIM3
SIM4
1
21
22
SIM5
SIM1
SIM2
SIM3
SIM4
1
21
22
SIM5
SIM1
SIM2
SIM3
SIM4
1
21
22
SIM5
SIM1
SIM2
SIM3
SIM4
1
21
22
SIM5
SIM1
SIM2
SIM3
SIM4
1
21
22
SIM5
SIM1
SIM2
SIM3
SIM4
1
21
22
SIM5
SIM1
SIM2
SIM3
SIM4
1
21
22
SIM5
SIM1
SIM2
SIM3
SIM4
1
21
22
SIM5
SIM1
SIM2
SIM3
SIM4
1
21
22
SIM5
SIM1
SIM2
SIM3
SIM4
1
21
22
SIM5
SIM1
SIM2
SIM3
SIM4
1
21
22
SIM5
SIM1
SIM2
SIM3
SIM4
1
21
22
SIM5
SIM1
SIM2
SIM3
SIM4
1
21
22
SIM5
SIM1
SIM2
SIM3
SIM4
1
21
22
SIM5
SIM1
SIM2
SIM3
SIM4
1
21
22
SIM5
SIM1
SIM2
SIM3
SIM4
1
21
22
SIM5
SIM1
SIM2
SIM3
SIM4
1
21
22
SIM5
SIM1
SIM2
SIM3
SIM4
1
21
22
SIM5
SIM1
SIM2
SIM3
SIM4
1
21
22
SIM5
SIM1
SIM2
SIM3
SIM4
1
21
22
SIM5
SIM1
SIM2
SIM3
SIM4
1
21
22
SIM5
SIM1
SIM2
SIM3
SIM4
1
21
22
SIM5
SIM1
SIM2
SIM3
SIM4
1
21
22
SIM5
SIM1
SIM2
SIM3
SIM4
1
21
22
SIM5
SIM1
SIM2
SIM3
SIM4
1
21
22
SIM5
SIM1
SIM2
SIM3
SIM4
1
21
22
SIM5
SIM1
SIM2
SIM3
SIM4
1
21
22
SIM5
SIM1
SIM2
SIM3
SIM4
1
21
22
SIM5
SIM1
SIM2
SIM3
SIM4
1
21
22
SIM5
SIM1
SIM2
SIM3
SIM4
1
21
22
SIM5
SIM1
SIM2
SIM3
SIM4
1
21
22
SIM5
SIM1
SIM2
SIM3
SIM4
1
21
22
SIM5
SIM1
SIM2
SIM3
SIM4
1
21
22
SIM5
SIM1
SIM2
SIM3
SIM4
1
21
22
SIM5
SIM1
SIM2
SIM3
SIM4
1
21
22
SIM5
SIM1
SIM2
SIM3
SIM4
1
21
22
SIM5
SIM1
SIM2
SIM3
SIM4
1
21
22
SIM5
SIM1
SIM2
SIM3
SIM4
1
21
22
SIM5
SIM1
SIM2
SIM3
SIM4
1
21
22
SIM5
SIM1
SIM2
SIM3
SIM4
1
21
22
SIM5
SIM1
SIM2
SIM3
SIM4
1
21
22
SIM5
SIM1
SIM2
SIM3
SIM4
1
21
22
SIM5
SIM1
SIM2
SIM3
SIM4
1
21
22
SIM5
SIM1
SIM2
SIM3
SIM4
1
21
22
SIM5
SIM1
SIM2
SIM3
SIM4
1
21
22
SIM5
SIM1
SIM2
SIM3
SIM4
1
21
22
SIM5
SIM1
SIM2
SIM3
SIM4
1
21
22
SIM5
SIM1
SIM2
SIM3
SIM4
1
21
22
SIM5
SIM1
SIM2
SIM3
SIM4
1
21
22
SIM5
SIM1
SIM2
SIM3
SIM4
1
21
22
SIM5
SIM1
SIM2
SIM3
SIM4
1
21
22
SIM5
SIM1
SIM2
SIM3
SIM4
1
21
22
SIM5
SIM1
SIM2
SIM3
SIM4
1
21
22
SIM5
SIM1
SIM2
SIM3
SIM4
1
21
22
SIM5
SIM1
SIM2
SIM3
SIM4
1
21
22
SIM5
SIM1
SIM2
SIM3
SIM4
1
21
22
SIM5
SIM1
SIM2
SIM3
SIM4
1
21
22
SIM5
SIM1
SIM2
SIM3
SIM4
1
21
22
SIM5
SIM1
SIM2
SIM3
SIM4
1
21
22
SIM5
SIM1
SIM2
SIM3
SIM4
1
21
22
SIM5
SIM1
SIM2
SIM3
SIM4
1
21
22
SIM5
SIM1
SIM2
SIM3
SIM4
1
21
22
SIM5
SIM1
SIM2
SIM3
SIM4
1
21
22
SIM5
SIM1
SIM2
SIM3
SIM4
1
21
22
SIM5
SIM1
SIM2
SIM3
SIM4
1
21
22
SIM5
SIM1
SIM2
SIM3
SIM4
1
21
22
SIM5
SIM1
SIM2
SIM3
SIM4
1
21
22
SIM5
SIM1
SIM2
SIM3
SIM4
1
21
22
SIM5
SIM1
SIM2
SIM3
SIM4
1
21
22
SIM5
SIM1
SIM2
SIM3
SIM4
1
21
22
SIM5
SIM1
SIM2
SIM3
SIM4
1
21
22
SIM5
SIM1
SIM2
SIM3
SIM4
1
21
22
SIM5
SIM1
SIM2
SIM3
SIM4
1
21
22
SIM5
SIM1
SIM2
SIM3
SIM4
1
21
22
SIM5
SIM1
SIM2
SIM3
SIM4
1
21
22
SIM5
SIM1
SIM2
SIM3
SIM4
1
21
22
SIM5
SIM1
SIM2
SIM3
SIM4
1
21
22
SIM5
SIM1
SIM2
SIM3
SIM4
1
21
22
SIM5
SIM1
SIM2
SIM3
SIM4
1
21
22
SIM5
SIM1
SIM2
SIM3
SIM4
1
21
22
SIM5
SIM1
SIM2
SIM3
SIM4
1
21
22
SIM5
SIM1
SIM2
SIM3
SIM4
1
21
22
SIM5
SIM1
SIM2
DEBUG 1 740
SIM1
SIM2
SIM3
SIM4
1
21
22
SIM5
SIM1
SIM2
SIM3
SIM4
1
21
22
SIM5
SIM1
SIM2
SIM3
SIM4
1
21
22
SIM5
SIM1
SIM2
SIM3
SIM4
1
21
22
SIM5
SIM1
SIM2
SIM3
SIM4
1
21
22
SIM5
SIM1
SIM2
SIM3
SIM4
1
21
22
SIM5
SIM1
SIM2
SIM3
SIM4
1
21
22
SIM5
SIM1
SIM2
SIM3
SIM4
1
21
22
SIM5
SIM1
SIM2
SIM3
SIM4
1
21
22
SIM5
SIM1
SIM2
SIM3
SIM4
1
21
22
SIM5
SIM1
SIM2
SIM3
SIM4
1
21
22
SIM5
SIM1
SIM2
SIM3
SIM4
1
21
22
SIM5
SIM1
SIM2
SIM3
SIM4
1
21
22
SIM5
SIM1
SIM2
SIM3
SIM4
1
21
22
SIM5
SIM1
SIM2
SIM3
SIM4
1
21
22
SIM5
SIM1
SIM2
SIM3
SIM4
1
21
22
SIM5
SIM1
SIM2
SIM3
SIM4
1
21
22
SIM5
SIM1
SIM2
SIM3
SIM4
1
21
22
SIM5
SIM1
SIM2
SIM3
SIM4
1
21
22
SIM5
SIM1
SIM2
SIM3
SIM4
1
21
22
SIM5
SIM1
SIM2
SIM3
SIM4
1
21
22
SIM5
SIM1
SIM2
SIM3
SIM4
1
21
22
SIM5
SIM1
SIM2
SIM3
SIM4
1
21
22
SIM5
SIM1
SIM2
SIM3
SIM4
1
21
22
SIM5
SIM1
SIM2
SIM3
SIM4
1
21
22
SIM5
SIM1
SIM2
SIM3
SIM4
1
21
22
SIM5
SIM1
SIM2
SIM3
SIM4
1
21
22
SIM5
SIM1
SIM2
SIM3
SIM4
1
21
22
SIM5
SIM1
SIM2
SIM3
SIM4
1
21
22
SIM5
SIM1
SIM2
SIM3
SIM4
1
21
22
SIM5
SIM1
SIM2
SIM3
SIM4
1
21
22
SIM5
SIM1
SIM2
SIM3
SIM4
1
21
22
SIM5
SIM1
SIM2
SIM3
SIM4
1
21
22
SIM5
SIM1
SIM2
SIM3
SIM4
1
21
22
SIM5
SIM1
SIM2
SIM3
SIM4
1
21
22
SIM5
SIM1
SIM2
SIM3
SIM4
1
21
22
SIM5
SIM1
SIM2
SIM3
SIM4
1
21
22
SIM5
SIM1
SIM2
SIM3
SIM4
1
21
22
SIM5
SIM1
SIM2
SIM3
SIM4
1
21
22
SIM5
SIM1
SIM2
SIM3
SIM4
1
21
22
SIM5
SIM1
SIM2
SIM3
SIM4
1
21
22
SIM5
SIM1
SIM2
SIM3
SIM4
1
21
22
SIM5
SIM1
SIM2
SIM3
SIM4
1
21
22
SIM5
SIM1
SIM2
SIM3
SIM4
1
21
22
SIM5
SIM1
SIM2
SIM3
SIM4
1
21
22
SIM5
SIM1
SIM2
SIM3
SIM4
1
21
22
SIM5
SIM1
SIM2
SIM3
SIM4
1
21
22
SIM5
SIM1
SIM2
SIM3
SIM4
1
21
22
SIM5
SIM1
SIM2
SIM3
SIM4
1
21
22
SIM5
SIM1
SIM2
SIM3
SIM4
1
21
22
SIM5
SIM1
SIM2
SIM3
SIM4
1
21
22
SIM5
SIM1
SIM2
SIM3
SIM4
1
21
22
SIM5
SIM1
SIM2
SIM3
SIM4
1
21
22
SIM5
SIM1
SIM2
SIM3
SIM4
1
21
22
SIM5
SIM1
SIM2
SIM3
SIM4
1
21
22
SIM5
SIM1
SIM2
SIM3
SIM4
1
21
22
SIM5
SIM1
SIM2
SIM3
SIM4
1
21
22
SIM5
SIM1
SIM2
SIM3
SIM4
1
21
22
SIM5
SIM1
SIM2
SIM3
SIM4
1
21
22
SIM5
SIM1
SIM2
SIM3
SIM4
1
21
22
SIM5
SIM1
SIM2
SIM3
SIM4
1
21
22
SIM5
SIM1
SIM2
SIM3
SIM4
1
21
22
SIM5
SIM1
SIM2
SIM3
SIM4
1
21
22
SIM5
SIM1
SIM2
SIM3
SIM4
1
21
22
SIM5
SIM1
SIM2
SIM3
SIM4
1
21
22
SIM5
SIM1
SIM2
SIM3
SIM4
1
21
22
SIM5
SIM1
SIM2
SIM3
SIM4
1
21
22
SIM5
SIM1
SIM2
SIM3
SIM4
1
21
22
SIM5
SIM1
SIM2
SIM3
SIM4
1
21
22
SIM5
SIM1
SIM2
SIM3
SIM4
1
21
22
SIM5
SIM1
SIM2
SIM3
SIM4
1
21
22
SIM5
SIM1
SIM2
SIM3
SIM4
1
21
22
SIM5
SIM1
SIM2
SIM3
SIM4
1
21
22
SIM5
SIM1
SIM2
SIM3
SIM4
1
21
22
SIM5
SIM1
SIM2
SIM3
SIM4
1
21
22
SIM5
SIM1
SIM2
SIM3
SIM4
1
21
22
SIM5
SIM1
SIM2
SIM3
SIM4
1
21
22
SIM5
SIM1
SIM2
SIM3
SIM4
1
21
22
SIM5
SIM1
SIM2
SIM3
SIM4
1
21
22
SIM5
SIM1
SIM2
SIM3
SIM4
1
21
22
SIM5
SIM1
SIM2
SIM3
SIM4
1
21
22
SIM5
SIM1
SIM2
SIM3
SIM4
1
21
22
SIM5
SIM1
SIM2
SIM3
SIM4
1
21
22
SIM5
SIM1
SIM2
SIM3
SIM4
1
21
22
SIM5
SIM1
SIM2
SIM3
SIM4
1
21
22
SIM5
SIM1
SIM2
SIM3
SIM4
1
21
22
SIM5
SIM1
SIM2
SIM3
SIM4
1
21
22
SIM5
SIM1
SIM2
SIM3
SIM4
1
21
22
SIM5
SIM1
SIM2
SIM3
SIM4
1
21
22
SIM5
SIM1
SIM2
SIM3
SIM4
1
21
22
SIM5
SIM1
SIM2
SIM3
SIM4
1
21
22
SIM5
SIM1
SIM2
SIM3
SIM4
1
21
22
SIM5
SIM1
SIM2
SIM3
SIM4
1
21
22
SIM5
SIM1
SIM2
SIM3
SIM4
1
21
22
SIM5
SIM1
SIM2
SIM3
SIM4
1
21
22
SIM5
SIM1
SIM2
SIM3
SIM4
1
21
22
SIM5
SIM1
SIM2
SIM3
SIM4
1
21
22
SIM5
SIM1
SIM2
SIM3
SIM4
1
21
22
SIM5
SIM1
SIM2
SIM3
SIM4
1
21
22
SIM5
SIM1
SIM2
SIM3
SIM4
1
21
22
SIM5
SIM1
SIM2
SIM3
SIM4
1
21
22
SIM5
SIM1
SIM2
SIM3
SIM4
1
21
22
SIM5
SIM1
SIM2
SIM3
SIM4
1
21
22
SIM5
SIM1
SIM2
SIM3
SIM4
1
21
22
SIM5
SIM1
SIM2
SIM3
SIM4
1
21
22
SIM5
SIM1
SIM2
SIM3
SIM4
1
21
22
SIM5
SIM1
SIM2
SIM3
SIM4
1
21
22
SIM5
SIM1
SIM2
SIM3
SIM4
1
21
22
SIM5
SIM1
SIM2
SIM3
SIM4
1
21
22
SIM5
SIM1
SIM2
SIM3
SIM4
1
21
22
SIM5
SIM1
SIM2
SIM3
SIM4
1
21
22
SIM5
SIM1
SIM2
SIM3
SIM4
1
21
22
SIM5
SIM1
SIM2
SIM3
SIM4
1
21
22
SIM5
SIM1
SIM2
SIM3
SIM4
1
21
22
SIM5
SIM1
SIM2
SIM3
SIM4
1
21
22
SIM5
SIM1
SIM2
SIM3
SIM4
1
21
22
SIM5
SIM1
SIM2
SIM3
SIM4
1
21
22
SIM5
SIM1
SIM2
SIM3
SIM4
1
21
22
SIM5
SIM1
SIM2
SIM3
SIM4
1
21
22
SIM5
SIM1
SIM2
SIM3
SIM4
1
21
22
SIM5
SIM1
SIM2
SIM3
SIM4
1
21
22
SIM5
SIM1
SIM2
SIM3
SIM4
1
21
22
SIM5
SIM1
SIM2
SIM3
SIM4
1
21
22
SIM5
SIM1
SIM2
SIM3
SIM4
1
21
22
SIM5
SIM1
SIM2
SIM3
SIM4
1
21
22
SIM5
SIM1
SIM2
SIM3
SIM4
1
21
22
SIM5
SIM1
SIM2
SIM3
SIM4
1
21
22
SIM5
SIM1
SIM2
SIM3
SIM4
1
21
22
SIM5
SIM1
SIM2
SIM3
SIM4
1
21
22
SIM5
SIM1
SIM2
SIM3
SIM4
1
21
22
SIM5
SIM1
SIM2
SIM3
SIM4
1
21
22
SIM5
SIM1
SIM2
SIM3
SIM4
1
21
22
SIM5
SIM1
SIM2
SIM3
SIM4
1
21
22
SIM5
SIM1
SIM2
SIM3
SIM4
1
21
22
SIM5
SIM1
SIM2
SIM3
SIM4
1
21
22
SIM5
SIM1
SIM2
SIM3
SIM4
1
21
22
SIM5
SIM1
SIM2
SIM3
SIM4
1
21
22
SIM5
SIM1
SIM2
SIM3
SIM4
1
21
22
SIM5
SIM1
SIM2
SIM3
SIM4
1
21
22
SIM5
SIM1
SIM2
SIM3
SIM4
1
21
22
SIM5
SIM1
SIM2
SIM3
SIM4
1
21
22
SIM5
SIM1
SIM2
SIM3
SIM4
1
21
22
SIM5
SIM1
SIM2
SIM3
SIM4
1
21
22
SIM5
SIM1
SIM2
SIM3
SIM4
1
21
22
SIM5
SIM1
SIM2
SIM3
SIM4
1
21
22
SIM5
SIM1
SIM2
SIM3
SIM4
1
21
22
SIM5
SIM1
SIM2
SIM3
SIM4
1
21
22
SIM5
SIM1
SIM2
SIM3
SIM4
1
21
22
SIM5
SIM1
SIM2
SIM3
SIM4
1
21
22
SIM5
SIM1
SIM2
SIM3
SIM4
1
21
22
SIM5
SIM1
SIM2
SIM3
SIM4
1
21
22
SIM5
SIM1
SIM2
DEBUG 1 741
SIM1
SIM2
SIM3
SIM4
1
21
22
SIM5
SIM1
SIM2
SIM3
SIM4
1
21
22
SIM5
SIM1
SIM2
SIM3
SIM4
1
21
22
SIM5
SIM1
SIM2
SIM3
SIM4
1
21
22
SIM5
SIM1
SIM2
SIM3
SIM4
1
21
22
SIM5
SIM1
SIM2
SIM3
SIM4
1
21
22
SIM5
SIM1
SIM2
SIM3
SIM4
1
21
22
SIM5
SIM1
SIM2
SIM3
SIM4
1
21
22
SIM5
SIM1
SIM2
SIM3
SIM4
1
21
22
SIM5
SIM1
SIM2
SIM3
SIM4
1
21
22
SIM5
SIM1
SIM2
SIM3
SIM4
1
21
22
SIM5
SIM1
SIM2
SIM3
SIM4
1
21
22
SIM5
SIM1
SIM2
SIM3
SIM4
1
21
22
SIM5
SIM1
SIM2
SIM3
SIM4
1
21
22
SIM5
SIM1
SIM2
SIM3
SIM4
1
21
22
SIM5
SIM1
SIM2
SIM3
SIM4
1
21
22
SIM5
SIM1
SIM2
SIM3
SIM4
1
21
22
SIM5
SIM1
SIM2
SIM3
SIM4
1
21
22
SIM5
SIM1
SIM2
SIM3
SIM4
1
21
22
SIM5
SIM1
SIM2
SIM3
SIM4
1
21
22
SIM5
SIM1
SIM2
SIM3
SIM4
1
21
22
SIM5
SIM1
SIM2
SIM3
SIM4
1
21
22
SIM5
SIM1
SIM2
SIM3
SIM4
1
21
22
SIM5
SIM1
SIM2
SIM3
SIM4
1
21
22
SIM5
SIM1
SIM2
SIM3
SIM4
1
21
22
SIM5
SIM1
SIM2
SIM3
SIM4
1
21
22
SIM5
SIM1
SIM2
SIM3
SIM4
1
21
22
SIM5
SIM1
SIM2
SIM3
SIM4
1
21
22
SIM5
SIM1
SIM2
SIM3
SIM4
1
21
22
SIM5
SIM1
SIM2
SIM3
SIM4
1
21
22
SIM5
SIM1
SIM2
SIM3
SIM4
1
21
22
SIM5
SIM1
SIM2
SIM3
SIM4
1
21
22
SIM5
SIM1
SIM2
SIM3
SIM4
1
21
22
SIM5
SIM1
SIM2
SIM3
SIM4
1
21
22
SIM5
SIM1
SIM2
SIM3
SIM4
1
21
22
SIM5
SIM1
SIM2
SIM3
SIM4
1
21
22
SIM5
SIM1
SIM2
SIM3
SIM4
1
21
22
SIM5
SIM1
SIM2
SIM3
SIM4
1
21
22
SIM5
SIM1
SIM2
SIM3
SIM4
1
21
22
SIM5
SIM1
SIM2
SIM3
SIM4
1
21
22
SIM5
SIM1
SIM2
SIM3
SIM4
1
21
22
SIM5
SIM1
SIM2
SIM3
SIM4
1
21
22
SIM5
SIM1
SIM2
SIM3
SIM4
1
21
22
SIM5
SIM1
SIM2
SIM3
SIM4
1
21
22
SIM5
SIM1
SIM2
SIM3
SIM4
1
21
22
SIM5
SIM1
SIM2
SIM3
SIM4
1
21
22
SIM5
SIM1
SIM2
SIM3
SIM4
1
21
22
SIM5
SIM1
SIM2
SIM3
SIM4
1
21
22
SIM5
SIM1
SIM2
SIM3
SIM4
1
21
22
SIM5
SIM1
SIM2
SIM3
SIM4
1
21
22
SIM5
SIM1
SIM2
SIM3
SIM4
1
21
22
SIM5
SIM1
SIM2
SIM3
SIM4
1
21
22
SIM5
SIM1
SIM2
SIM3
SIM4
1
21
22
SIM5
SIM1
SIM2
SIM3
SIM4
1
21
22
SIM5
SIM1
SIM2
SIM3
SIM4
1
21
22
SIM5
SIM1
SIM2
SIM3
SIM4
1
21
22
SIM5
SIM1
SIM2
SIM3
SIM4
1
21
22
SIM5
SIM1
SIM2
SIM3
SIM4
1
21
22
SIM5
SIM1
SIM2
SIM3
SIM4
1
21
22
SIM5
SIM1
SIM2
SIM3
SIM4
1
21
22
SIM5
SIM1
SIM2
SIM3
SIM4
1
21
22
SIM5
SIM1
SIM2
SIM3
SIM4
1
21
22
SIM5
SIM1
SIM2
SIM3
SIM4
1
21
22
SIM5
SIM1
SIM2
SIM3
SIM4
1
21
22
SIM5
SIM1
SIM2
SIM3
SIM4
1
21
22
SIM5
SIM1
SIM2
SIM3
SIM4
1
21
22
SIM5
SIM1
SIM2
SIM3
SIM4
1
21
22
SIM5
SIM1
SIM2
SIM3
SIM4
1
21
22
SIM5
SIM1
SIM2
SIM3
SIM4
1
21
22
SIM5
SIM1
SIM2
SIM3
SIM4
1
21
22
SIM5
SIM1
SIM2
SIM3
SIM4
1
21
22
SIM5
SIM1
SIM2
SIM3
SIM4
1
21
22
SIM5
SIM1
SIM2
SIM3
SIM4
1
21
22
SIM5
SIM1
SIM2
SIM3
SIM4
1
21
22
SIM5
SIM1
SIM2
SIM3
SIM4
1
21
22
SIM5
SIM1
SIM2
SIM3
SIM4
1
21
22
SIM5
SIM1
SIM2
SIM3
SIM4
1
21
22
SIM5
SIM1
SIM2
SIM3
SIM4
1
21
22
SIM5
SIM1
SIM2
SIM3
SIM4
1
21
22
SIM5
SIM1
SIM2
SIM3
SIM4
1
21
22
SIM5
SIM1
SIM2
SIM3
SIM4
1
21
22
SIM5
SIM1
SIM2
SIM3
SIM4
1
21
22
SIM5
SIM1
SIM2
SIM3
SIM4
1
21
22
SIM5
SIM1
SIM2
SIM3
SIM4
1
21
22
SIM5
SIM1
SIM2
SIM3
SIM4
1
21
22
SIM5
SIM1
SIM2
SIM3
SIM4
1
21
22
SIM5
SIM1
SIM2
SIM3
SIM4
1
21
22
SIM5
SIM1
SIM2
SIM3
SIM4
1
21
22
SIM5
SIM1
SIM2
SIM3
SIM4
1
21
22
SIM5
SIM1
SIM2
SIM3
SIM4
1
21
22
SIM5
SIM1
SIM2
SIM3
SIM4
1
21
22
SIM5
SIM1
SIM2
SIM3
SIM4
1
21
22
SIM5
SIM1
SIM2
SIM3
SIM4
1
21
22
SIM5
SIM1
SIM2
SIM3
SIM4
1
21
22
SIM5
SIM1
SIM2
SIM3
SIM4
1
21
22
SIM5
SIM1
SIM2
SIM3
SIM4
1
21
22
SIM5
SIM1
SIM2
SIM3
SIM4
1
21
22
SIM5
SIM1
SIM2
SIM3
SIM4
1
21
22
SIM5
SIM1
SIM2
SIM3
SIM4
1
21
22
SIM5
SIM1
SIM2
SIM3
SIM4
1
21
22
SIM5
SIM1
SIM2
SIM3
SIM4
1
21
22
SIM5
SIM1
SIM2
SIM3
SIM4
1
21
22
SIM5
SIM1
SIM2
SIM3
SIM4
1
21
22
SIM5
SIM1
SIM2
SIM3
SIM4
1
21
22
SIM5
SIM1
SIM2
SIM3
SIM4
1
21
22
SIM5
SIM1
SIM2
SIM3
SIM4
1
21
22
SIM5
SIM1
SIM2
SIM3
SIM4
1
21
22
SIM5
SIM1
SIM2
SIM3
SIM4
1
21
22
SIM5
SIM1
SIM2
SIM3
SIM4
1
21
22
SIM5
SIM1
SIM2
SIM3
SIM4
1
21
22
SIM5
SIM1
SIM2
SIM3
SIM4
1
21
22
SIM5
SIM1
SIM2
SIM3
SIM4
1
21
22
SIM5
SIM1
SIM2
SIM3
SIM4
1
21
22
SIM5
SIM1
SIM2
SIM3
SIM4
1
21
22
SIM5
SIM1
SIM2
SIM3
SIM4
1
21
22
SIM5
SIM1
SIM2
SIM3
SIM4
1
21
22
SIM5
SIM1
SIM2
SIM3
SIM4
1
21
22
SIM5
SIM1
SIM2
SIM3
SIM4
1
21
22
SIM5
SIM1
SIM2
SIM3
SIM4
1
21
22
SIM5
SIM1
SIM2
SIM3
SIM4
1
21
22
SIM5
SIM1
SIM2
SIM3
SIM4
1
21
22
SIM5
SIM1
SIM2
SIM3
SIM4
1
21
22
SIM5
SIM1
SIM2
SIM3
SIM4
1
21
22
SIM5
SIM1
SIM2
SIM3
SIM4
1
21
22
SIM5
SIM1
SIM2
SIM3
SIM4
1
21
22
SIM5
SIM1
SIM2
SIM3
SIM4
1
21
22
SIM5
SIM1
SIM2
SIM3
SIM4
1
21
22
SIM5
SIM1
SIM2
SIM3
SIM4
1
21
22
SIM5
SIM1
SIM2
SIM3
SIM4
1
21
22
SIM5
SIM1
SIM2
SIM3
SIM4
1
21
22
SIM5
SIM1
SIM2
SIM3
SIM4
1
21
22
SIM5
SIM1
SIM2
SIM3
SIM4
1
21
22
SIM5
SIM1
SIM2
SIM3
SIM4
1
21
22
SIM5
SIM1
SIM2
SIM3
SIM4
1
21
22
SIM5
SIM1
SIM2
SIM3
SIM4
1
21
22
SIM5
SIM1
SIM2
SIM3
SIM4
1
21
22
SIM5
SIM1
SIM2
SIM3
SIM4
1
21
22
SIM5
SIM1
SIM2
SIM3
SIM4
1
21
22
SIM5
SIM1
SIM2
SIM3
SIM4
1
21
22
SIM5
SIM1
SIM2
SIM3
SIM4
1
21
22
SIM5
SIM1
SIM2
SIM3
SIM4
1
21
22
SIM5
SIM1
SIM2
SIM3
SIM4
1
21
22
SIM5
SIM1
SIM2
SIM3
SIM4
1
21
22
SIM5
SIM1
SIM2
SIM3
SIM4
1
21
22
SIM5
SIM1
SIM2
SIM3
SIM4
1
21
22
SIM5
SIM1
SIM2
SIM3
SIM4
1
21
22
SIM5
SIM1
SIM2
SIM3
SIM4
1
21
22
SIM5
SIM1
SIM2
SIM3
SIM4
1
21
22
SIM5
SIM1
SIM2
SIM3
SIM4
1
21
22
SIM5
SIM1
SIM2
SIM3
SIM4
1
21
22
SIM5
SIM1
SIM2
SIM3
SIM4
1
21
22
SIM5
SIM1
SIM2
SIM3
SIM4
1
21
22
SIM5
SIM1
SIM2
SIM3
SIM4
1
21
22
SIM5
SIM1
SIM2
SIM3
SIM4
1
21
22
SIM5
SIM1
SIM2
SIM3
SIM4
1
21
22
SIM5
SIM1
SIM2
SIM3
SIM4
1
21
22
SIM5
SIM1
SIM2
SIM3
SIM4
1
21
22
SIM5
SIM1
SIM2
SIM3
SIM4
1
21
22
SIM5
SIM1
SIM2
SIM3
SIM4
1
21
22
SIM5
SIM1
SIM2
SIM3
SIM4
1
21
22
SIM5
SIM1
SIM2
SIM3
SIM4
1
21
22
SIM5
SIM1
SIM2
SIM3
SIM4
1
21
22
SIM5
SIM1
SIM2
SIM3
SIM4
1
21
22
SIM5
SIM1
SIM2
SIM3
SIM4
1
21
22
SIM5
SIM1
SIM2
DEBUG 1 742
SIM1
SIM2
SIM3
SIM4
1
21
22
SIM5
SIM1
SIM2
SIM3
SIM4
1
21
22
SIM5
SIM1
SIM2
SIM3
SIM4
1
21
22
SIM5
SIM1
SIM2
SIM3
SIM4
1
21
22
SIM5
SIM1
SIM2
SIM3
SIM4
1
21
22
SIM5
SIM1
SIM2
SIM3
SIM4
1
21
22
SIM5
SIM1
SIM2
SIM3
SIM4
1
21
22
SIM5
SIM1
SIM2
SIM3
SIM4
1
21
22
SIM5
SIM1
SIM2
SIM3
SIM4
1
21
22
SIM5
SIM1
SIM2
SIM3
SIM4
1
21
22
SIM5
SIM1
SIM2
SIM3
SIM4
1
21
22
SIM5
SIM1
SIM2
SIM3
SIM4
1
21
22
SIM5
SIM1
SIM2
SIM3
SIM4
1
21
22
SIM5
SIM1
SIM2
SIM3
SIM4
1
21
22
SIM5
SIM1
SIM2
SIM3
SIM4
1
21
22
SIM5
SIM1
SIM2
SIM3
SIM4
1
21
22
SIM5
SIM1
SIM2
SIM3
SIM4
1
21
22
SIM5
SIM1
SIM2
SIM3
SIM4
1
21
22
SIM5
SIM1
SIM2
SIM3
SIM4
1
21
22
SIM5
SIM1
SIM2
SIM3
SIM4
1
21
22
SIM5
SIM1
SIM2
SIM3
SIM4
1
21
22
SIM5
SIM1
SIM2
SIM3
SIM4
1
21
22
SIM5
SIM1
SIM2
SIM3
SIM4
1
21
22
SIM5
SIM1
SIM2
SIM3
SIM4
1
21
22
SIM5
SIM1
SIM2
SIM3
SIM4
1
21
22
SIM5
SIM1
SIM2
SIM3
SIM4
1
21
22
SIM5
SIM1
SIM2
SIM3
SIM4
1
21
22
SIM5
SIM1
SIM2
SIM3
SIM4
1
21
22
SIM5
SIM1
SIM2
SIM3
SIM4
1
21
22
SIM5
SIM1
SIM2
SIM3
SIM4
1
21
22
SIM5
SIM1
SIM2
SIM3
SIM4
1
21
22
SIM5
SIM1
SIM2
SIM3
SIM4
1
21
22
SIM5
SIM1
SIM2
SIM3
SIM4
1
21
22
SIM5
SIM1
SIM2
SIM3
SIM4
1
21
22
SIM5
SIM1
SIM2
SIM3
SIM4
1
21
22
SIM5
SIM1
SIM2
SIM3
SIM4
1
21
22
SIM5
SIM1
SIM2
SIM3
SIM4
1
21
22
SIM5
SIM1
SIM2
SIM3
SIM4
1
21
22
SIM5
SIM1
SIM2
SIM3
SIM4
1
21
22
SIM5
SIM1
SIM2
SIM3
SIM4
1
21
22
SIM5
SIM1
SIM2
SIM3
SIM4
1
21
22
SIM5
SIM1
SIM2
SIM3
SIM4
1
21
22
SIM5
SIM1
SIM2
SIM3
SIM4
1
21
22
SIM5
SIM1
SIM2
SIM3
SIM4
1
21
22
SIM5
SIM1
SIM2
SIM3
SIM4
1
21
22
SIM5
SIM1
SIM2
SIM3
SIM4
1
21
22
SIM5
SIM1
SIM2
SIM3
SIM4
1
21
22
SIM5
SIM1
SIM2
SIM3
SIM4
1
21
22
SIM5
SIM1
SIM2
SIM3
SIM4
1
21
22
SIM5
SIM1
SIM2
SIM3
SIM4
1
21
22
SIM5
SIM1
SIM2
SIM3
SIM4
1
21
22
SIM5
SIM1
SIM2
SIM3
SIM4
1
21
22
SIM5
SIM1
SIM2
SIM3
SIM4
1
21
22
SIM5
SIM1
SIM2
SIM3
SIM4
1
21
22
SIM5
SIM1
SIM2
DEBUG 1 743
SIM1
SIM2
SIM3
SIM4
1
21
22
SIM5
SIM1
SIM2
SIM3
SIM4
1
21
22
SIM5
SIM1
SIM2
SIM3
SIM4
1
21
22
SIM5
SIM1
SIM2
SIM3
SIM4
1
21
22
SIM5
SIM1
SIM2
SIM3
SIM4
1
21
22
SIM5
SIM1
SIM2
SIM3
SIM4
1
21
22
SIM5
SIM1
SIM2
SIM3
SIM4
1
21
22
SIM5
SIM1
SIM2
SIM3
SIM4
1
21
22
SIM5
SIM1
SIM2
SIM3
SIM4
1
21
22
SIM5
SIM1
SIM2
SIM3
SIM4
1
21
22
SIM5
SIM1
SIM2
SIM3
SIM4
1
21
22
SIM5
SIM1
SIM2
SIM3
SIM4
1
21
22
SIM5
SIM1
SIM2
SIM3
SIM4
1
21
22
SIM5
SIM1
SIM2
SIM3
SIM4
1
21
22
SIM5
SIM1
SIM2
SIM3
SIM4
1
21
22
SIM5
SIM1
SIM2
SIM3
SIM4
1
21
22
SIM5
SIM1
SIM2
SIM3
SIM4
1
21
22
SIM5
SIM1
SIM2
SIM3
SIM4
1
21
22
SIM5
SIM1
SIM2
SIM3
SIM4
1
21
22
SIM5
SIM1
SIM2
SIM3
SIM4
1
21
22
SIM5
SIM1
SIM2
SIM3
SIM4
1
21
22
SIM5
SIM1
SIM2
SIM3
SIM4
1
21
22
SIM5
SIM1
SIM2
SIM3
SIM4
1
21
22
SIM5
SIM1
SIM2
SIM3
SIM4
1
21
22
SIM5
SIM1
SIM2
SIM3
SIM4
1
21
22
SIM5
SIM1
SIM2
SIM3
SIM4
1
21
22
SIM5
SIM1
SIM2
SIM3
SIM4
1
21
22
SIM5
SIM1
SIM2
SIM3
SIM4
1
21
22
SIM5
SIM1
SIM2
SIM3
SIM4
1
21
22
SIM5
SIM1
SIM2
SIM3
SIM4
1
21
22
SIM5
SIM1
SIM2
SIM3
SIM4
1
21
22
SIM5
SIM1
SIM2
SIM3
SIM4
1
21
22
SIM5
SIM1
SIM2
SIM3
SIM4
1
21
22
SIM5
SIM1
SIM2
SIM3
SIM4
1
21
22
SIM5
SIM1
SIM2
SIM3
SIM4
1
21
22
SIM5
SIM1
SIM2
SIM3
SIM4
1
21
22
SIM5
SIM1
SIM2
SIM3
SIM4
1
21
22
SIM5
SIM1
SIM2
SIM3
SIM4
1
21
22
SIM5
SIM1
SIM2
SIM3
SIM4
1
21
22
SIM5
SIM1
SIM2
SIM3
SIM4
1
21
22
SIM5
SIM1
SIM2
SIM3
SIM4
1
21
22
SIM5
SIM1
SIM2
SIM3
SIM4
1
21
22
SIM5
SIM1
SIM2
SIM3
SIM4
1
21
22
SIM5
SIM1
SIM2
SIM3
SIM4
1
21
22
SIM5
SIM1
SIM2
SIM3
SIM4
1
21
22
SIM5
SIM1
SIM2
SIM3
SIM4
1
21
22
SIM5
SIM1
SIM2
SIM3
SIM4
1
21
22
SIM5
SIM1
SIM2
SIM3
SIM4
1
21
22
SIM5
SIM1
SIM2
SIM3
SIM4
1
21
22
SIM5
SIM1
SIM2
SIM3
SIM4
1
21
22
SIM5
SIM1
SIM2
SIM3
SIM4
1
21
22
SIM5
SIM1
SIM2
SIM3
SIM4
1
21
22
SIM5
SIM1
SIM2
SIM3
SIM4
1
21
22
SIM5
SIM1
SIM2
SIM3
SIM4
1
21
22
SIM5
SIM1
SIM2
SIM3
SIM4
1
21
22
SIM5
SIM1
SIM2
SIM3
SIM4
1
21
22
SIM5
SIM1
SIM2
SIM3
SIM4
1
21
22
SIM5
SIM1
SIM2
SIM3
SIM4
1
21
22
SIM5
SIM1
SIM2
SIM3
SIM4
1
21
22
SIM5
SIM1
SIM2
SIM3
SIM4
1
21
22
SIM5
SIM1
SIM2
SIM3
SIM4
1
21
22
SIM5
SIM1
SIM2
SIM3
SIM4
1
21
22
SIM5
SIM1
SIM2
SIM3
SIM4
1
21
22
SIM5
SIM1
SIM2
SIM3
SIM4
1
21
22
SIM5
SIM1
SIM2
SIM3
SIM4
1
21
22
SIM5
SIM1
SIM2
SIM3
SIM4
1
21
22
SIM5
SIM1
SIM2
SIM3
SIM4
1
21
22
SIM5
SIM1
SIM2
SIM3
SIM4
1
21
22
SIM5
SIM1
SIM2
SIM3
SIM4
1
21
22
SIM5
SIM1
SIM2
SIM3
SIM4
1
21
22
SIM5
SIM1
SIM2
SIM3
SIM4
1
21
22
SIM5
SIM1
SIM2
SIM3
SIM4
1
21
22
SIM5
SIM1
SIM2
SIM3
SIM4
1
21
22
SIM5
SIM1
SIM2
SIM3
SIM4
1
21
22
SIM5
SIM1
SIM2
SIM3
SIM4
1
21
22
SIM5
SIM1
SIM2
SIM3
SIM4
1
21
22
SIM5
SIM1
SIM2
SIM3
SIM4
1
21
22
SIM5
SIM1
SIM2
SIM3
SIM4
1
21
22
SIM5
SIM1
SIM2
SIM3
SIM4
1
21
22
SIM5
SIM1
SIM2
SIM3
SIM4
1
21
22
SIM5
SIM1
SIM2
SIM3
SIM4
1
21
22
SIM5
SIM1
SIM2
SIM3
SIM4
1
21
22
SIM5
SIM1
SIM2
SIM3
SIM4
1
21
22
SIM5
SIM1
SIM2
SIM3
SIM4
1
21
22
SIM5
SIM1
SIM2
SIM3
SIM4
1
21
22
SIM5
SIM1
SIM2
SIM3
SIM4
1
21
22
SIM5
SIM1
SIM2
SIM3
SIM4
1
21
22
SIM5
SIM1
SIM2
SIM3
SIM4
1
21
22
SIM5
SIM1
SIM2
SIM3
SIM4
1
21
22
SIM5
SIM1
SIM2
SIM3
SIM4
1
21
22
SIM5
SIM1
SIM2
SIM3
SIM4
1
21
22
SIM5
SIM1
SIM2
SIM3
SIM4
1
21
22
SIM5
SIM1
SIM2
SIM3
SIM4
1
21
22
SIM5
SIM1
SIM2
SIM3
SIM4
1
21
22
SIM5
SIM1
SIM2
SIM3
SIM4
1
21
22
SIM5
SIM1
SIM2
SIM3
SIM4
1
21
22
SIM5
SIM1
SIM2
SIM3
SIM4
1
21
22
SIM5
SIM1
SIM2
SIM3
SIM4
1
21
22
SIM5
SIM1
SIM2
SIM3
SIM4
1
21
22
SIM5
SIM1
SIM2
SIM3
SIM4
1
21
22
SIM5
SIM1
SIM2
SIM3
SIM4
1
21
22
SIM5
SIM1
SIM2
SIM3
SIM4
1
21
22
SIM5
SIM1
SIM2
SIM3
SIM4
1
21
22
SIM5
SIM1
SIM2
SIM3
SIM4
1
21
22
SIM5
SIM1
SIM2
SIM3
SIM4
1
21
22
SIM5
SIM1
SIM2
SIM3
SIM4
1
21
22
SIM5
SIM1
SIM2
SIM3
SIM4
1
21
22
SIM5
SIM1
SIM2
SIM3
SIM4
1
21
22
SIM5
SIM1
SIM2
SIM3
SIM4
1
21
22
SIM5
SIM1
SIM2
SIM3
SIM4
1
21
22
SIM5
SIM1
SIM2
SIM3
SIM4
1
21
22
SIM5
SIM1
SIM2
SIM3
SIM4
1
21
22
SIM5
SIM1
SIM2
SIM3
SIM4
1
21
22
SIM5
SIM1
SIM2
SIM3
SIM4
1
21
22
SIM5
SIM1
SIM2
SIM3
SIM4
1
21
22
SIM5
SIM1
SIM2
SIM3
SIM4
1
21
22
SIM5
SIM1
SIM2
SIM3
SIM4
1
21
22
SIM5
SIM1
SIM2
SIM3
SIM4
1
21
22
SIM5
SIM1
SIM2
SIM3
SIM4
1
21
22
SIM5
SIM1
SIM2
SIM3
SIM4
1
21
22
SIM5
SIM1
SIM2
SIM3
SIM4
1
21
22
SIM5
SIM1
SIM2
SIM3
SIM4
1
21
22
SIM5
SIM1
SIM2
SIM3
SIM4
1
21
22
SIM5
SIM1
SIM2
SIM3
SIM4
1
21
22
SIM5
SIM1
SIM2
SIM3
SIM4
1
21
22
SIM5
SIM1
SIM2
SIM3
SIM4
1
21
22
SIM5
SIM1
SIM2
SIM3
SIM4
1
21
22
SIM5
SIM1
SIM2
SIM3
SIM4
1
21
22
SIM5
SIM1
SIM2
SIM3
SIM4
1
21
22
SIM5
SIM1
SIM2
SIM3
SIM4
1
21
22
SIM5
SIM1
SIM2
SIM3
SIM4
1
21
22
SIM5
SIM1
SIM2
SIM3
SIM4
1
21
22
SIM5
SIM1
SIM2
SIM3
SIM4
1
21
22
SIM5
SIM1
SIM2
SIM3
SIM4
1
21
22
SIM5
SIM1
SIM2
SIM3
SIM4
1
21
22
SIM5
SIM1
SIM2
SIM3
SIM4
1
21
22
SIM5
SIM1
SIM2
SIM3
SIM4
1
21
22
SIM5
SIM1
SIM2
SIM3
SIM4
1
21
22
SIM5
SIM1
SIM2
SIM3
SIM4
1
21
22
SIM5
SIM1
SIM2
SIM3
SIM4
1
21
22
SIM5
SIM1
SIM2
SIM3
SIM4
1
21
22
SIM5
SIM1
SIM2
SIM3
SIM4
1
21
22
SIM5
SIM1
SIM2
SIM3
SIM4
1
21
22
SIM5
SIM1
SIM2
SIM3
SIM4
1
21
22
SIM5
SIM1
SIM2
SIM3
SIM4
1
21
22
SIM5
SIM1
SIM2
SIM3
SIM4
1
21
22
SIM5
SIM1
SIM2
SIM3
SIM4
1
21
22
SIM5
SIM1
SIM2
DEBUG 1 744
SIM1
SIM2
SIM3
SIM4
1
21
22
SIM5
SIM1
SIM2
SIM3
SIM4
1
21
22
SIM5
SIM1
SIM2
SIM3
SIM4
1
21
22
SIM5
SIM1
SIM2
SIM3
SIM4
1
21
22
SIM5
SIM1
SIM2
SIM3
SIM4
1
21
22
SIM5
SIM1
SIM2
SIM3
SIM4
1
21
22
SIM5
SIM1
SIM2
SIM3
SIM4
1
21
22
SIM5
SIM1
SIM2
SIM3
SIM4
1
21
22
SIM5
SIM1
SIM2
SIM3
SIM4
1
21
22
SIM5
SIM1
SIM2
SIM3
SIM4
1
21
22
SIM5
SIM1
SIM2
SIM3
SIM4
1
21
22
SIM5
SIM1
SIM2
SIM3
SIM4
1
21
22
SIM5
SIM1
SIM2
SIM3
SIM4
1
21
22
SIM5
SIM1
SIM2
SIM3
SIM4
1
21
22
SIM5
SIM1
SIM2
SIM3
SIM4
1
21
22
SIM5
SIM1
SIM2
SIM3
SIM4
1
21
22
SIM5
SIM1
SIM2
SIM3
SIM4
1
21
22
SIM5
SIM1
SIM2
SIM3
SIM4
1
21
22
SIM5
SIM1
SIM2
SIM3
SIM4
1
21
22
SIM5
SIM1
SIM2
SIM3
SIM4
1
21
22
SIM5
SIM1
SIM2
SIM3
SIM4
1
21
22
SIM5
SIM1
SIM2
SIM3
SIM4
1
21
22
SIM5
SIM1
SIM2
SIM3
SIM4
1
21
22
SIM5
SIM1
SIM2
SIM3
SIM4
1
21
22
SIM5
SIM1
SIM2
SIM3
SIM4
1
21
22
SIM5
SIM1
SIM2
SIM3
SIM4
1
21
22
SIM5
SIM1
SIM2
SIM3
SIM4
1
21
22
SIM5
SIM1
SIM2
SIM3
SIM4
1
21
22
SIM5
SIM1
SIM2
SIM3
SIM4
1
21
22
SIM5
SIM1
SIM2
SIM3
SIM4
1
21
22
SIM5
SIM1
SIM2
SIM3
SIM4
1
21
22
SIM5
SIM1
SIM2
SIM3
SIM4
1
21
22
SIM5
SIM1
SIM2
SIM3
SIM4
1
21
22
SIM5
SIM1
SIM2
SIM3
SIM4
1
21
22
SIM5
SIM1
SIM2
SIM3
SIM4
1
21
22
SIM5
SIM1
SIM2
SIM3
SIM4
1
21
22
SIM5
SIM1
SIM2
SIM3
SIM4
1
21
22
SIM5
SIM1
SIM2
SIM3
SIM4
1
21
22
SIM5
SIM1
SIM2
SIM3
SIM4
1
21
22
SIM5
SIM1
SIM2
SIM3
SIM4
1
21
22
SIM5
SIM1
SIM2
SIM3
SIM4
1
21
22
SIM5
SIM1
SIM2
SIM3
SIM4
1
21
22
SIM5
SIM1
SIM2
SIM3
SIM4
1
21
22
SIM5
SIM1
SIM2
SIM3
SIM4
1
21
22
SIM5
SIM1
SIM2
SIM3
SIM4
1
21
22
SIM5
SIM1
SIM2
SIM3
SIM4
1
21
22
SIM5
SIM1
SIM2
SIM3
SIM4
1
21
22
SIM5
SIM1
SIM2
SIM3
SIM4
1
21
22
SIM5
SIM1
SIM2
SIM3
SIM4
1
21
22
SIM5
SIM1
SIM2
SIM3
SIM4
1
21
22
SIM5
SIM1
SIM2
SIM3
SIM4
1
21
22
SIM5
SIM1
SIM2
SIM3
SIM4
1
21
22
SIM5
SIM1
SIM2
SIM3
SIM4
1
21
22
SIM5
SIM1
SIM2
SIM3
SIM4
1
21
22
SIM5
SIM1
SIM2
SIM3
SIM4
1
21
22
SIM5
SIM1
SIM2
SIM3
SIM4
1
21
22
SIM5
SIM1
SIM2
SIM3
SIM4
1
21
22
SIM5
SIM1
SIM2
SIM3
SIM4
1
21
22
SIM5
SIM1
SIM2
SIM3
SIM4
1
21
22
SIM5
SIM1
SIM2
SIM3
SIM4
1
21
22
SIM5
SIM1
SIM2
SIM3
SIM4
1
21
22
SIM5
SIM1
SIM2
SIM3
SIM4
1
21
22
SIM5
SIM1
SIM2
SIM3
SIM4
1
21
22
SIM5
SIM1
SIM2
SIM3
SIM4
1
21
22
SIM5
SIM1
SIM2
SIM3
SIM4
1
21
22
SIM5
SIM1
SIM2
SIM3
SIM4
1
21
22
SIM5
SIM1
SIM2
SIM3
SIM4
1
21
22
SIM5
SIM1
SIM2
SIM3
SIM4
1
21
22
SIM5
SIM1
SIM2
SIM3
SIM4
1
21
22
SIM5
SIM1
SIM2
SIM3
SIM4
1
21
22
SIM5
SIM1
SIM2
SIM3
SIM4
1
21
22
SIM5
SIM1
SIM2
SIM3
SIM4
1
21
22
SIM5
SIM1
SIM2
SIM3
SIM4
1
21
22
SIM5
SIM1
SIM2
SIM3
SIM4
1
21
22
SIM5
SIM1
SIM2
SIM3
SIM4
1
21
22
SIM5
SIM1
SIM2
SIM3
SIM4
1
21
22
SIM5
SIM1
SIM2
SIM3
SIM4
1
21
22
SIM5
SIM1
SIM2
SIM3
SIM4
1
21
22
SIM5
SIM1
SIM2
SIM3
SIM4
1
21
22
SIM5
SIM1
SIM2
SIM3
SIM4
1
21
22
SIM5
SIM1
SIM2
SIM3
SIM4
1
21
22
SIM5
SIM1
SIM2
SIM3
SIM4
1
21
22
SIM5
SIM1
SIM2
SIM3
SIM4
1
21
22
SIM5
SIM1
SIM2
SIM3
SIM4
1
21
22
SIM5
SIM1
SIM2
SIM3
SIM4
1
21
22
SIM5
SIM1
SIM2
SIM3
SIM4
1
21
22
SIM5
SIM1
SIM2
SIM3
SIM4
1
21
22
SIM5
SIM1
SIM2
SIM3
SIM4
1
21
22
SIM5
SIM1
SIM2
SIM3
SIM4
1
21
22
SIM5
SIM1
SIM2
SIM3
SIM4
1
21
22
SIM5
SIM1
SIM2
SIM3
SIM4
1
21
22
SIM5
SIM1
SIM2
SIM3
SIM4
1
21
22
SIM5
SIM1
SIM2
SIM3
SIM4
1
21
22
SIM5
SIM1
SIM2
SIM3
SIM4
1
21
22
SIM5
SIM1
SIM2
SIM3
SIM4
1
21
22
SIM5
SIM1
SIM2
SIM3
SIM4
1
21
22
SIM5
SIM1
SIM2
SIM3
SIM4
1
21
22
SIM5
SIM1
SIM2
SIM3
SIM4
1
21
22
SIM5
SIM1
SIM2
SIM3
SIM4
1
21
22
SIM5
SIM1
SIM2
SIM3
SIM4
1
21
22
SIM5
SIM1
SIM2
SIM3
SIM4
1
21
22
SIM5
SIM1
SIM2
SIM3
SIM4
1
21
22
SIM5
SIM1
SIM2
SIM3
SIM4
1
21
22
SIM5
SIM1
SIM2
SIM3
SIM4
1
21
22
SIM5
SIM1
SIM2
SIM3
SIM4
1
21
22
SIM5
SIM1
SIM2
SIM3
SIM4
1
21
22
SIM5
SIM1
SIM2
SIM3
SIM4
1
21
22
SIM5
SIM1
SIM2
SIM3
SIM4
1
21
22
SIM5
SIM1
SIM2
SIM3
SIM4
1
21
22
SIM5
SIM1
SIM2
SIM3
SIM4
1
21
22
SIM5
SIM1
SIM2
SIM3
SIM4
1
21
22
SIM5
SIM1
SIM2
SIM3
SIM4
1
21
22
SIM5
SIM1
SIM2
SIM3
SIM4
1
21
22
SIM5
SIM1
SIM2
SIM3
SIM4
1
21
22
SIM5
SIM1
SIM2
SIM3
SIM4
1
21
22
SIM5
SIM1
SIM2
SIM3
SIM4
1
21
22
SIM5
SIM1
SIM2
SIM3
SIM4
1
21
22
SIM5
SIM1
SIM2
SIM3
SIM4
1
21
22
SIM5
SIM1
SIM2
SIM3
SIM4
1
21
22
SIM5
SIM1
SIM2
SIM3
SIM4
1
21
22
SIM5
SIM1
SIM2
SIM3
SIM4
1
21
22
SIM5
SIM1
SIM2
SIM3
SIM4
1
21
22
SIM5
SIM1
SIM2
SIM3
SIM4
1
21
22
SIM5
SIM1
SIM2
SIM3
SIM4
1
21
22
SIM5
SIM1
SIM2
SIM3
SIM4
1
21
22
SIM5
SIM1
SIM2
SIM3
SIM4
1
21
22
SIM5
SIM1
SIM2
SIM3
SIM4
1
21
22
SIM5
SIM1
SIM2
SIM3
SIM4
1
21
22
SIM5
SIM1
SIM2
SIM3
SIM4
1
21
22
SIM5
SIM1
SIM2
SIM3
SIM4
1
21
22
SIM5
SIM1
SIM2
SIM3
SIM4
1
21
22
SIM5
SIM1
SIM2
SIM3
SIM4
1
21
22
SIM5
SIM1
SIM2
SIM3
SIM4
1
21
22
SIM5
SIM1
SIM2
SIM3
SIM4
1
21
22
SIM5
SIM1
SIM2
SIM3
SIM4
1
21
22
SIM5
SIM1
SIM2
SIM3
SIM4
1
21
22
SIM5
SIM1
SIM2
SIM3
SIM4
1
21
22
SIM5
SIM1
SIM2
SIM3
SIM4
1
21
22
SIM5
SIM1
SIM2
SIM3
SIM4
1
21
22
SIM5
SIM1
SIM2
SIM3
SIM4
1
21
22
SIM5
SIM1
SIM2
SIM3
SIM4
1
21
22
SIM5
SIM1
SIM2
SIM3
SIM4
1
21
22
SIM5
SIM1
SIM2
SIM3
SIM4
1
21
22
SIM5
SIM1
SIM2
SIM3
SIM4
1
21
22
SIM5
SIM1
SIM2
SIM3
SIM4
1
21
22
SIM5
SIM1
SIM2
SIM3
SIM4
1
21
22
SIM5
SIM1
SIM2
DEBUG 1 745
SIM1
SIM2
SIM3
SIM4
1
21
22
SIM5
SIM1
SIM2
SIM3
SIM4
1
21
22
SIM5
SIM1
SIM2
SIM3
SIM4
1
21
22
SIM5
SIM1
SIM2
SIM3
SIM4
1
21
22
SIM5
SIM1
SIM2
SIM3
SIM4
1
21
22
SIM5
SIM1
SIM2
SIM3
SIM4
1
21
22
SIM5
SIM1
SIM2
SIM3
SIM4
1
21
22
SIM5
SIM1
SIM2
SIM3
SIM4
1
21
22
SIM5
SIM1
SIM2
SIM3
SIM4
1
21
22
SIM5
SIM1
SIM2
SIM3
SIM4
1
21
22
SIM5
SIM1
SIM2
SIM3
SIM4
1
21
22
SIM5
SIM1
SIM2
SIM3
SIM4
1
21
22
SIM5
SIM1
SIM2
SIM3
SIM4
1
21
22
SIM5
SIM1
SIM2
SIM3
SIM4
1
21
22
SIM5
SIM1
SIM2
SIM3
SIM4
1
21
22
SIM5
SIM1
SIM2
SIM3
SIM4
1
21
22
SIM5
SIM1
SIM2
SIM3
SIM4
1
21
22
SIM5
SIM1
SIM2
SIM3
SIM4
1
21
22
SIM5
SIM1
SIM2
SIM3
SIM4
1
21
22
SIM5
SIM1
SIM2
SIM3
SIM4
1
21
22
SIM5
SIM1
SIM2
SIM3
SIM4
1
21
22
SIM5
SIM1
SIM2
SIM3
SIM4
1
21
22
SIM5
SIM1
SIM2
SIM3
SIM4
1
21
22
SIM5
SIM1
SIM2
SIM3
SIM4
1
21
22
SIM5
SIM1
SIM2
SIM3
SIM4
1
21
22
SIM5
SIM1
SIM2
SIM3
SIM4
1
21
22
SIM5
SIM1
SIM2
SIM3
SIM4
1
21
22
SIM5
SIM1
SIM2
SIM3
SIM4
1
21
22
SIM5
SIM1
SIM2
SIM3
SIM4
1
21
22
SIM5
SIM1
SIM2
SIM3
SIM4
1
21
22
SIM5
SIM1
SIM2
SIM3
SIM4
1
21
22
SIM5
SIM1
SIM2
SIM3
SIM4
1
21
22
SIM5
SIM1
SIM2
SIM3
SIM4
1
21
22
SIM5
SIM1
SIM2
SIM3
SIM4
1
21
22
SIM5
SIM1
SIM2
SIM3
SIM4
1
21
22
SIM5
SIM1
SIM2
SIM3
SIM4
1
21
22
SIM5
SIM1
SIM2
SIM3
SIM4
1
21
22
SIM5
SIM1
SIM2
SIM3
SIM4
1
21
22
SIM5
SIM1
SIM2
SIM3
SIM4
1
21
22
SIM5
SIM1
SIM2
SIM3
SIM4
1
21
22
SIM5
SIM1
SIM2
SIM3
SIM4
1
21
22
SIM5
SIM1
SIM2
SIM3
SIM4
1
21
22
SIM5
SIM1
SIM2
SIM3
SIM4
1
21
22
SIM5
SIM1
SIM2
SIM3
SIM4
1
21
22
SIM5
SIM1
SIM2
SIM3
SIM4
1
21
22
SIM5
SIM1
SIM2
SIM3
SIM4
1
21
22
SIM5
SIM1
SIM2
SIM3
SIM4
1
21
22
SIM5
SIM1
SIM2
SIM3
SIM4
1
21
22
SIM5
SIM1
SIM2
SIM3
SIM4
1
21
22
SIM5
SIM1
SIM2
SIM3
SIM4
1
21
22
SIM5
SIM1
SIM2
SIM3
SIM4
1
21
22
SIM5
SIM1
SIM2
SIM3
SIM4
1
21
22
SIM5
SIM1
SIM2
SIM3
SIM4
1
21
22
SIM5
SIM1
SIM2
SIM3
SIM4
1
21
22
SIM5
SIM1
SIM2
SIM3
SIM4
1
21
22
SIM5
SIM1
SIM2
SIM3
SIM4
1
21
22
SIM5
SIM1
SIM2
SIM3
SIM4
1
21
22
SIM5
SIM1
SIM2
SIM3
SIM4
1
21
22
SIM5
SIM1
SIM2
SIM3
SIM4
1
21
22
SIM5
SIM1
SIM2
SIM3
SIM4
1
21
22
SIM5
SIM1
SIM2
SIM3
SIM4
1
21
22
SIM5
SIM1
SIM2
SIM3
SIM4
1
21
22
SIM5
SIM1
SIM2
SIM3
SIM4
1
21
22
SIM5
SIM1
SIM2
SIM3
SIM4
1
21
22
SIM5
SIM1
SIM2
SIM3
SIM4
1
21
22
SIM5
SIM1
SIM2
SIM3
SIM4
1
21
22
SIM5
SIM1
SIM2
SIM3
SIM4
1
21
22
SIM5
SIM1
SIM2
SIM3
SIM4
1
21
22
SIM5
SIM1
SIM2
SIM3
SIM4
1
21
22
SIM5
SIM1
SIM2
SIM3
SIM4
1
21
22
SIM5
SIM1
SIM2
SIM3
SIM4
1
21
22
SIM5
SIM1
SIM2
SIM3
SIM4
1
21
22
SIM5
SIM1
SIM2
SIM3
SIM4
1
21
22
SIM5
SIM1
SIM2
SIM3
SIM4
1
21
22
SIM5
SIM1
SIM2
SIM3
SIM4
1
21
22
SIM5
SIM1
SIM2
SIM3
SIM4
1
21
22
SIM5
SIM1
SIM2
SIM3
SIM4
1
21
22
SIM5
SIM1
SIM2
SIM3
SIM4
1
21
22
SIM5
SIM1
SIM2
SIM3
SIM4
1
21
22
SIM5
SIM1
SIM2
SIM3
SIM4
1
21
22
SIM5
SIM1
SIM2
SIM3
SIM4
1
21
22
SIM5
SIM1
SIM2
SIM3
SIM4
1
21
22
SIM5
SIM1
SIM2
SIM3
SIM4
1
21
22
SIM5
SIM1
SIM2
SIM3
SIM4
1
21
22
SIM5
SIM1
SIM2
SIM3
SIM4
1
21
22
SIM5
SIM1
SIM2
SIM3
SIM4
1
21
22
SIM5
SIM1
SIM2
SIM3
SIM4
1
21
22
SIM5
SIM1
SIM2
SIM3
SIM4
1
21
22
SIM5
SIM1
SIM2
SIM3
SIM4
1
21
22
SIM5
SIM1
SIM2
SIM3
SIM4
1
21
22
SIM5
SIM1
SIM2
SIM3
SIM4
1
21
22
SIM5
SIM1
SIM2
SIM3
SIM4
1
21
22
SIM5
SIM1
SIM2
SIM3
SIM4
1
21
22
SIM5
SIM1
SIM2
SIM3
SIM4
1
21
22
SIM5
SIM1
SIM2
SIM3
SIM4
1
21
22
SIM5
SIM1
SIM2
SIM3
SIM4
1
21
22
SIM5
SIM1
SIM2
SIM3
SIM4
1
21
22
SIM5
SIM1
SIM2
SIM3
SIM4
1
21
22
SIM5
SIM1
SIM2
SIM3
SIM4
1
21
22
SIM5
SIM1
SIM2
SIM3
SIM4
1
21
22
SIM5
SIM1
SIM2
SIM3
SIM4
1
21
22
SIM5
SIM1
SIM2
SIM3
SIM4
1
21
22
SIM5
SIM1
SIM2
SIM3
SIM4
1
21
22
SIM5
SIM1
SIM2
SIM3
SIM4
1
21
22
SIM5
SIM1
SIM2
SIM3
SIM4
1
21
22
SIM5
SIM1
SIM2
SIM3
SIM4
1
21
22
SIM5
SIM1
SIM2
SIM3
SIM4
1
21
22
SIM5
SIM1
SIM2
SIM3
SIM4
1
21
22
SIM5
SIM1
SIM2
SIM3
SIM4
1
21
22
SIM5
SIM1
SIM2
SIM3
SIM4
1
21
22
SIM5
SIM1
SIM2
SIM3
SIM4
1
21
22
SIM5
SIM1
SIM2
SIM3
SIM4
1
21
22
SIM5
SIM1
SIM2
SIM3
SIM4
1
21
22
SIM5
SIM1
SIM2
SIM3
SIM4
1
21
22
SIM5
SIM1
SIM2
SIM3
SIM4
1
21
22
SIM5
SIM1
SIM2
SIM3
SIM4
1
21
22
SIM5
SIM1
SIM2
SIM3
SIM4
1
21
22
SIM5
SIM1
SIM2
SIM3
SIM4
1
21
22
SIM5
SIM1
SIM2
SIM3
SIM4
1
21
22
SIM5
SIM1
SIM2
SIM3
SIM4
1
21
22
SIM5
SIM1
SIM2
SIM3
SIM4
1
21
22
SIM5
SIM1
SIM2
SIM3
SIM4
1
21
22
SIM5
SIM1
SIM2
SIM3
SIM4
1
21
22
SIM5
SIM1
SIM2
SIM3
SIM4
1
21
22
SIM5
SIM1
SIM2
SIM3
SIM4
1
21
22
SIM5
SIM1
SIM2
SIM3
SIM4
1
21
22
SIM5
SIM1
SIM2
SIM3
SIM4
1
21
22
SIM5
SIM1
SIM2
SIM3
SIM4
1
21
22
SIM5
SIM1
SIM2
SIM3
SIM4
1
21
22
SIM5
SIM1
SIM2
SIM3
SIM4
1
21
22
SIM5
SIM1
SIM2
SIM3
SIM4
1
21
22
SIM5
SIM1
SIM2
SIM3
SIM4
1
21
22
SIM5
SIM1
SIM2
SIM3
SIM4
1
21
22
SIM5
SIM1
SIM2
SIM3
SIM4
1
21
22
SIM5
SIM1
SIM2
SIM3
SIM4
1
21
22
SIM5
SIM1
SIM2
SIM3
SIM4
1
21
22
SIM5
SIM1
SIM2
SIM3
SIM4
1
21
22
SIM5
SIM1
SIM2
SIM3
SIM4
1
21
22
SIM5
SIM1
SIM2
SIM3
SIM4
1
21
22
SIM5
SIM1
SIM2
SIM3
SIM4
1
21
22
SIM5
SIM1
SIM2
SIM3
SIM4
1
21
22
SIM5
SIM1
SIM2
SIM3
SIM4
1
21
22
SIM5
SIM1
SIM2
SIM3
SIM4
1
21
22
SIM5
SIM1
SIM2
SIM3
SIM4
1
21
22
SIM5
SIM1
SIM2
SIM3
SIM4
1
21
22
SIM5
SIM1
SIM2
SIM3
SIM4
1
21
22
SIM5
SIM1
SIM2
SIM3
SIM4
1
21
22
SIM5
SIM1
SIM2
SIM3
SIM4
1
21
22
SIM5
SIM1
SIM2
SIM3
SIM4
1
21
22
SIM5
SIM1
SIM2
SIM3
SIM4
1
21
22
SIM5
SIM1
SIM2
SIM3
SIM4
1
21
22
SIM5
SIM1
SIM2
SIM3
SIM4
1
21
22
SIM5
SIM1
SIM2
SIM3
SIM4
1
21
22
SIM5
SIM1
SIM2
SIM3
SIM4
1
21
22
SIM5
SIM1
SIM2
SIM3
SIM4
1
21
22
SIM5
SIM1
SIM2
SIM3
SIM4
1
21
22
SIM5
SIM1
SIM2
SIM3
SIM4
1
21
22
SIM5
SIM1
SIM2
SIM3
SIM4
1
21
22
SIM5
SIM1
SIM2
SIM3
SIM4
1
21
22
SIM5
SIM1
SIM2
SIM3
SIM4
1
21
22
SIM5
SIM1
SIM2
SIM3
SIM4
1
21
22
SIM5
SIM1
SIM2
SIM3
SIM4
1
21
22
SIM5
SIM1
SIM2
SIM3
SIM4
1
21
22
SIM5
SIM1
SIM2
SIM3
SIM4
1
21
22
SIM5
SIM1
SIM2
SIM3
SIM4
1
21
22
SIM5
SIM1
SIM2
SIM3
SIM4
1
21
22
SIM5
SIM1
SIM2
SIM3
SIM4
1
21
22
SIM5
SIM1
SIM2
SIM3
SIM4
1
21
22
SIM5
SIM1
SIM2
SIM3
SIM4
1
21
22
SIM5
SIM1
SIM2
SIM3
SIM4
1
21
22
SIM5
SIM1
SIM2
SIM3
SIM4
1
21
22
SIM5
SIM1
SIM2
SIM3
SIM4
1
21
22
SIM5
SIM1
SIM2
SIM3
SIM4
1
21
22
SIM5
SIM1
SIM2
SIM3
SIM4
1
21
22
SIM5
SIM1
SIM2
SIM3
SIM4
1
21
22
SIM5
SIM1
SIM2
SIM3
SIM4
1
21
22
SIM5
SIM1
SIM2
SIM3
SIM4
1
21
22
SIM5
SIM1
SIM2
SIM3
SIM4
1
21
22
SIM5
SIM1
SIM2
SIM3
SIM4
1
21
22
SIM5
SIM1
SIM2
SIM3
SIM4
1
21
22
SIM5
SIM1
SIM2
SIM3
SIM4
1
21
22
SIM5
SIM1
SIM2
SIM3
SIM4
1
21
22
SIM5
SIM1
SIM2
SIM3
SIM4
1
21
22
SIM5
SIM1
SIM2
SIM3
SIM4
1
21
22
SIM5
SIM1
SIM2
SIM3
SIM4
1
21
22
SIM5
SIM1
SIM2
SIM3
SIM4
1
21
22
SIM5
SIM1
SIM2
SIM3
SIM4
1
21
22
SIM5
SIM1
SIM2
SIM3
SIM4
1
21
22
SIM5
SIM1
SIM2
SIM3
SIM4
1
21
22
SIM5
SIM1
SIM2
SIM3
SIM4
1
21
22
SIM5
SIM1
SIM2
SIM3
SIM4
1
21
22
SIM5
SIM1
SIM2
SIM3
SIM4
1
21
22
SIM5
SIM1
SIM2
SIM3
SIM4
1
21
22
SIM5
SIM1
SIM2
SIM3
SIM4
1
21
22
SIM5
SIM1
SIM2
SIM3
SIM4
1
21
22
SIM5
SIM1
SIM2
SIM3
SIM4
1
21
22
SIM5
SIM1
SIM2
SIM3
SIM4
1
21
22
SIM5
SIM1
SIM2
SIM3
SIM4
1
21
22
SIM5
SIM1
SIM2
SIM3
SIM4
1
21
22
SIM5
SIM1
SIM2
SIM3
SIM4
1
21
22
SIM5
SIM1
SIM2
SIM3
SIM4
1
21
22
SIM5
SIM1
SIM2
SIM3
SIM4
1
21
22
SIM5
SIM1
SIM2
SIM3
SIM4
1
21
22
SIM5
SIM1
SIM2
SIM3
SIM4
1
21
22
SIM5
SIM1
SIM2
SIM3
SIM4
1
21
22
SIM5
SIM1
SIM2
SIM3
SIM4
1
21
22
SIM5
SIM1
SIM2
SIM3
SIM4
1
21
22
SIM5
SIM1
SIM2
SIM3
SIM4
1
21
22
SIM5
SIM1
SIM2
SIM3
SIM4
1
21
22
SIM5
SIM1
SIM2
SIM3
SIM4
1
21
22
SIM5
SIM1
SIM2
SIM3
SIM4
1
21
22
SIM5
SIM1
SIM2
SIM3
SIM4
1
21
22
SIM5
SIM1
SIM2
SIM3
SIM4
1
21
22
SIM5
SIM1
SIM2
SIM3
SIM4
1
21
22
SIM5
SIM1
SIM2
SIM3
SIM4
1
21
22
SIM5
SIM1
SIM2
SIM3
SIM4
1
21
22
SIM5
SIM1
SIM2
SIM3
SIM4
1
21
22
SIM5
SIM1
SIM2
SIM3
SIM4
1
21
22
SIM5
SIM1
SIM2
SIM3
SIM4
1
21
22
SIM5
SIM1
SIM2
DEBUG 1 746
SIM1
SIM2
SIM3
SIM4
1
21
22
SIM5
SIM1
SIM2
SIM3
SIM4
1
21
22
SIM5
SIM1
SIM2
SIM3
SIM4
1
21
22
SIM5
SIM1
SIM2
SIM3
SIM4
1
21
22
SIM5
SIM1
SIM2
SIM3
SIM4
1
21
22
SIM5
SIM1
SIM2
SIM3
SIM4
1
21
22
SIM5
SIM1
SIM2
SIM3
SIM4
1
21
22
SIM5
SIM1
SIM2
SIM3
SIM4
1
21
22
SIM5
SIM1
SIM2
SIM3
SIM4
1
21
22
SIM5
SIM1
SIM2
SIM3
SIM4
1
21
22
SIM5
SIM1
SIM2
SIM3
SIM4
1
21
22
SIM5
SIM1
SIM2
SIM3
SIM4
1
21
22
SIM5
SIM1
SIM2
SIM3
SIM4
1
21
22
SIM5
SIM1
SIM2
SIM3
SIM4
1
21
22
SIM5
SIM1
SIM2
SIM3
SIM4
1
21
22
SIM5
SIM1
SIM2
SIM3
SIM4
1
21
22
SIM5
SIM1
SIM2
SIM3
SIM4
1
21
22
SIM5
SIM1
SIM2
SIM3
SIM4
1
21
22
SIM5
SIM1
SIM2
SIM3
SIM4
1
21
22
SIM5
SIM1
SIM2
SIM3
SIM4
1
21
22
SIM5
SIM1
SIM2
SIM3
SIM4
1
21
22
SIM5
SIM1
SIM2
SIM3
SIM4
1
21
22
SIM5
SIM1
SIM2
SIM3
SIM4
1
21
22
SIM5
SIM1
SIM2
SIM3
SIM4
1
21
22
SIM5
SIM1
SIM2
SIM3
SIM4
1
21
22
SIM5
SIM1
SIM2
SIM3
SIM4
1
21
22
SIM5
SIM1
SIM2
SIM3
SIM4
1
21
22
SIM5
SIM1
SIM2
SIM3
SIM4
1
21
22
SIM5
SIM1
SIM2
SIM3
SIM4
1
21
22
SIM5
SIM1
SIM2
SIM3
SIM4
1
21
22
SIM5
SIM1
SIM2
SIM3
SIM4
1
21
22
SIM5
SIM1
SIM2
SIM3
SIM4
1
21
22
SIM5
SIM1
SIM2
SIM3
SIM4
1
21
22
SIM5
SIM1
SIM2
SIM3
SIM4
1
21
22
SIM5
SIM1
SIM2
SIM3
SIM4
1
21
22
SIM5
SIM1
SIM2
SIM3
SIM4
1
21
22
SIM5
SIM1
SIM2
SIM3
SIM4
1
21
22
SIM5
SIM1
SIM2
SIM3
SIM4
1
21
22
SIM5
SIM1
SIM2
SIM3
SIM4
1
21
22
SIM5
SIM1
SIM2
SIM3
SIM4
1
21
22
SIM5
SIM1
SIM2
SIM3
SIM4
1
21
22
SIM5
SIM1
SIM2
SIM3
SIM4
1
21
22
SIM5
SIM1
SIM2
SIM3
SIM4
1
21
22
SIM5
SIM1
SIM2
SIM3
SIM4
1
21
22
SIM5
SIM1
SIM2
SIM3
SIM4
1
21
22
SIM5
SIM1
SIM2
SIM3
SIM4
1
21
22
SIM5
SIM1
SIM2
SIM3
SIM4
1
21
22
SIM5
SIM1
SIM2
SIM3
SIM4
1
21
22
SIM5
SIM1
SIM2
SIM3
SIM4
1
21
22
SIM5
SIM1
SIM2
SIM3
SIM4
1
21
22
SIM5
SIM1
SIM2
SIM3
SIM4
1
21
22
SIM5
SIM1
SIM2
SIM3
SIM4
1
21
22
SIM5
SIM1
SIM2
SIM3
SIM4
1
21
22
SIM5
SIM1
SIM2
SIM3
SIM4
1
21
22
SIM5
SIM1
SIM2
SIM3
SIM4
1
21
22
SIM5
SIM1
SIM2
SIM3
SIM4
1
21
22
SIM5
SIM1
SIM2
SIM3
SIM4
1
21
22
SIM5
SIM1
SIM2
SIM3
SIM4
1
21
22
SIM5
SIM1
SIM2
SIM3
SIM4
1
21
22
SIM5
SIM1
SIM2
SIM3
SIM4
1
21
22
SIM5
SIM1
SIM2
SIM3
SIM4
1
21
22
SIM5
SIM1
SIM2
SIM3
SIM4
1
21
22
SIM5
SIM1
SIM2
SIM3
SIM4
1
21
22
SIM5
SIM1
SIM2
SIM3
SIM4
1
21
22
SIM5
SIM1
SIM2
SIM3
SIM4
1
21
22
SIM5
SIM1
SIM2
SIM3
SIM4
1
21
22
SIM5
SIM1
SIM2
SIM3
SIM4
1
21
22
SIM5
SIM1
SIM2
SIM3
SIM4
1
21
22
SIM5
SIM1
SIM2
SIM3
SIM4
1
21
22
SIM5
SIM1
SIM2
SIM3
SIM4
1
21
22
SIM5
SIM1
SIM2
SIM3
SIM4
1
21
22
SIM5
SIM1
SIM2
SIM3
SIM4
1
21
22
SIM5
SIM1
SIM2
SIM3
SIM4
1
21
22
SIM5
SIM1
SIM2
SIM3
SIM4
1
21
22
SIM5
SIM1
SIM2
SIM3
SIM4
1
21
22
SIM5
SIM1
SIM2
SIM3
SIM4
1
21
22
SIM5
SIM1
SIM2
SIM3
SIM4
1
21
22
SIM5
SIM1
SIM2
SIM3
SIM4
1
21
22
SIM5
SIM1
SIM2
SIM3
SIM4
1
21
22
SIM5
SIM1
SIM2
SIM3
SIM4
1
21
22
SIM5
SIM1
SIM2
SIM3
SIM4
1
21
22
SIM5
SIM1
SIM2
SIM3
SIM4
1
21
22
SIM5
SIM1
SIM2
SIM3
SIM4
1
21
22
SIM5
SIM1
SIM2
SIM3
SIM4
1
21
22
SIM5
SIM1
SIM2
SIM3
SIM4
1
21
22
SIM5
SIM1
SIM2
SIM3
SIM4
1
21
22
SIM5
SIM1
SIM2
SIM3
SIM4
1
21
22
SIM5
SIM1
SIM2
SIM3
SIM4
1
21
22
SIM5
SIM1
SIM2
SIM3
SIM4
1
21
22
SIM5
SIM1
SIM2
SIM3
SIM4
1
21
22
SIM5
SIM1
SIM2
SIM3
SIM4
1
21
22
SIM5
SIM1
SIM2
SIM3
SIM4
1
21
22
SIM5
SIM1
SIM2
SIM3
SIM4
1
21
22
SIM5
SIM1
SIM2
SIM3
SIM4
1
21
22
SIM5
SIM1
SIM2
SIM3
SIM4
1
21
22
SIM5
SIM1
SIM2
SIM3
SIM4
1
21
22
SIM5
SIM1
SIM2
SIM3
SIM4
1
21
22
SIM5
SIM1
SIM2
SIM3
SIM4
1
21
22
SIM5
SIM1
SIM2
SIM3
SIM4
1
21
22
SIM5
SIM1
SIM2
SIM3
SIM4
1
21
22
SIM5
SIM1
SIM2
SIM3
SIM4
1
21
22
SIM5
SIM1
SIM2
SIM3
SIM4
1
21
22
SIM5
SIM1
SIM2
SIM3
SIM4
1
21
22
SIM5
SIM1
SIM2
SIM3
SIM4
1
21
22
SIM5
SIM1
SIM2
DEBUG 1 747
SIM1
SIM2
SIM3
SIM4
1
21
22
SIM5
SIM1
SIM2
SIM3
SIM4
1
21
22
SIM5
SIM1
SIM2
SIM3
SIM4
1
21
22
SIM5
SIM1
SIM2
SIM3
SIM4
1
21
22
SIM5
SIM1
SIM2
SIM3
SIM4
1
21
22
SIM5
SIM1
SIM2
SIM3
SIM4
1
21
22
SIM5
SIM1
SIM2
SIM3
SIM4
1
21
22
SIM5
SIM1
SIM2
SIM3
SIM4
1
21
22
SIM5
SIM1
SIM2
SIM3
SIM4
1
21
22
SIM5
SIM1
SIM2
SIM3
SIM4
1
21
22
SIM5
SIM1
SIM2
SIM3
SIM4
1
21
22
SIM5
SIM1
SIM2
SIM3
SIM4
1
21
22
SIM5
SIM1
SIM2
SIM3
SIM4
1
21
22
SIM5
SIM1
SIM2
SIM3
SIM4
1
21
22
SIM5
SIM1
SIM2
SIM3
SIM4
1
21
22
SIM5
SIM1
SIM2
SIM3
SIM4
1
21
22
SIM5
SIM1
SIM2
SIM3
SIM4
1
21
22
SIM5
SIM1
SIM2
SIM3
SIM4
1
21
22
SIM5
SIM1
SIM2
SIM3
SIM4
1
21
22
SIM5
SIM1
SIM2
SIM3
SIM4
1
21
22
SIM5
SIM1
SIM2
SIM3
SIM4
1
21
22
SIM5
SIM1
SIM2
SIM3
SIM4
1
21
22
SIM5
SIM1
SIM2
SIM3
SIM4
1
21
22
SIM5
SIM1
SIM2
SIM3
SIM4
1
21
22
SIM5
SIM1
SIM2
SIM3
SIM4
1
21
22
SIM5
SIM1
SIM2
SIM3
SIM4
1
21
22
SIM5
SIM1
SIM2
SIM3
SIM4
1
21
22
SIM5
SIM1
SIM2
SIM3
SIM4
1
21
22
SIM5
SIM1
SIM2
SIM3
SIM4
1
21
22
SIM5
SIM1
SIM2
SIM3
SIM4
1
21
22
SIM5
SIM1
SIM2
SIM3
SIM4
1
21
22
SIM5
SIM1
SIM2
SIM3
SIM4
1
21
22
SIM5
SIM1
SIM2
SIM3
SIM4
1
21
22
SIM5
SIM1
SIM2
SIM3
SIM4
1
21
22
SIM5
SIM1
SIM2
SIM3
SIM4
1
21
22
SIM5
SIM1
SIM2
SIM3
SIM4
1
21
22
SIM5
SIM1
SIM2
SIM3
SIM4
1
21
22
SIM5
SIM1
SIM2
SIM3
SIM4
1
21
22
SIM5
SIM1
SIM2
SIM3
SIM4
1
21
22
SIM5
SIM1
SIM2
SIM3
SIM4
1
21
22
SIM5
SIM1
SIM2
SIM3
SIM4
1
21
22
SIM5
SIM1
SIM2
SIM3
SIM4
1
21
22
SIM5
SIM1
SIM2
SIM3
SIM4
1
21
22
SIM5
SIM1
SIM2
SIM3
SIM4
1
21
22
SIM5
SIM1
SIM2
SIM3
SIM4
1
21
22
SIM5
SIM1
SIM2
SIM3
SIM4
1
21
22
SIM5
SIM1
SIM2
SIM3
SIM4
1
21
22
SIM5
SIM1
SIM2
SIM3
SIM4
1
21
22
SIM5
SIM1
SIM2
SIM3
SIM4
1
21
22
SIM5
SIM1
SIM2
SIM3
SIM4
1
21
22
SIM5
SIM1
SIM2
SIM3
SIM4
1
21
22
SIM5
SIM1
SIM2
SIM3
SIM4
1
21
22
SIM5
SIM1
SIM2
SIM3
SIM4
1
21
22
SIM5
SIM1
SIM2
SIM3
SIM4
1
21
22
SIM5
SIM1
SIM2
SIM3
SIM4
1
21
22
SIM5
SIM1
SIM2
SIM3
SIM4
1
21
22
SIM5
SIM1
SIM2
SIM3
SIM4
1
21
22
SIM5
SIM1
SIM2
SIM3
SIM4
1
21
22
SIM5
SIM1
SIM2
SIM3
SIM4
1
21
22
SIM5
SIM1
SIM2
SIM3
SIM4
1
21
22
SIM5
SIM1
SIM2
SIM3
SIM4
1
21
22
SIM5
SIM1
SIM2
SIM3
SIM4
1
21
22
SIM5
SIM1
SIM2
SIM3
SIM4
1
21
22
SIM5
SIM1
SIM2
SIM3
SIM4
1
21
22
SIM5
SIM1
SIM2
SIM3
SIM4
1
21
22
SIM5
SIM1
SIM2
SIM3
SIM4
1
21
22
SIM5
SIM1
SIM2
SIM3
SIM4
1
21
22
SIM5
SIM1
SIM2
SIM3
SIM4
1
21
22
SIM5
SIM1
SIM2
SIM3
SIM4
1
21
22
SIM5
SIM1
SIM2
SIM3
SIM4
1
21
22
SIM5
SIM1
SIM2
SIM3
SIM4
1
21
22
SIM5
SIM1
SIM2
SIM3
SIM4
1
21
22
SIM5
SIM1
SIM2
SIM3
SIM4
1
21
22
SIM5
SIM1
SIM2
SIM3
SIM4
1
21
22
SIM5
SIM1
SIM2
SIM3
SIM4
1
21
22
SIM5
SIM1
SIM2
SIM3
SIM4
1
21
22
SIM5
SIM1
SIM2
SIM3
SIM4
1
21
22
SIM5
SIM1
SIM2
SIM3
SIM4
1
21
22
SIM5
SIM1
SIM2
SIM3
SIM4
1
21
22
SIM5
SIM1
SIM2
SIM3
SIM4
1
21
22
SIM5
SIM1
SIM2
SIM3
SIM4
1
21
22
SIM5
SIM1
SIM2
SIM3
SIM4
1
21
22
SIM5
SIM1
SIM2
SIM3
SIM4
1
21
22
SIM5
SIM1
SIM2
SIM3
SIM4
1
21
22
SIM5
SIM1
SIM2
SIM3
SIM4
1
21
22
SIM5
SIM1
SIM2
SIM3
SIM4
1
21
22
SIM5
SIM1
SIM2
SIM3
SIM4
1
21
22
SIM5
SIM1
SIM2
SIM3
SIM4
1
21
22
SIM5
SIM1
SIM2
SIM3
SIM4
1
21
22
SIM5
SIM1
SIM2
SIM3
SIM4
1
21
22
SIM5
SIM1
SIM2
SIM3
SIM4
1
21
22
SIM5
SIM1
SIM2
SIM3
SIM4
1
21
22
SIM5
SIM1
SIM2
SIM3
SIM4
1
21
22
SIM5
SIM1
SIM2
SIM3
SIM4
1
21
22
SIM5
SIM1
SIM2
SIM3
SIM4
1
21
22
SIM5
SIM1
SIM2
SIM3
SIM4
1
21
22
SIM5
SIM1
SIM2
SIM3
SIM4
1
21
22
SIM5
SIM1
SIM2
SIM3
SIM4
1
21
22
SIM5
SIM1
SIM2
SIM3
SIM4
1
21
22
SIM5
SIM1
SIM2
SIM3
SIM4
1
21
22
SIM5
SIM1
SIM2
SIM3
SIM4
1
21
22
SIM5
SIM1
SIM2
SIM3
SIM4
1
21
22
SIM5
SIM1
SIM2
SIM3
SIM4
1
21
22
SIM5
SIM1
SIM2
SIM3
SIM4
1
21
22
SIM5
SIM1
SIM2
SIM3
SIM4
1
21
22
SIM5
SIM1
SIM2
SIM3
SIM4
1
21
22
SIM5
SIM1
SIM2
SIM3
SIM4
1
21
22
SIM5
SIM1
SIM2
SIM3
SIM4
1
21
22
SIM5
SIM1
SIM2
SIM3
SIM4
1
21
22
SIM5
SIM1
SIM2
SIM3
SIM4
1
21
22
SIM5
SIM1
SIM2
SIM3
SIM4
1
21
22
SIM5
SIM1
SIM2
SIM3
SIM4
1
21
22
SIM5
SIM1
SIM2
SIM3
SIM4
1
21
22
SIM5
SIM1
SIM2
SIM3
SIM4
1
21
22
SIM5
SIM1
SIM2
SIM3
SIM4
1
21
22
SIM5
SIM1
SIM2
SIM3
SIM4
1
21
22
SIM5
SIM1
SIM2
SIM3
SIM4
1
21
22
SIM5
SIM1
SIM2
SIM3
SIM4
1
21
22
SIM5
SIM1
SIM2
SIM3
SIM4
1
21
22
SIM5
SIM1
SIM2
SIM3
SIM4
1
21
22
SIM5
SIM1
SIM2
SIM3
SIM4
1
21
22
SIM5
SIM1
SIM2
SIM3
SIM4
1
21
22
SIM5
SIM1
SIM2
SIM3
SIM4
1
21
22
SIM5
SIM1
SIM2
SIM3
SIM4
1
21
22
SIM5
SIM1
SIM2
SIM3
SIM4
1
21
22
SIM5
SIM1
SIM2
SIM3
SIM4
1
21
22
SIM5
SIM1
SIM2
SIM3
SIM4
1
21
22
SIM5
SIM1
SIM2
SIM3
SIM4
1
21
22
SIM5
SIM1
SIM2
SIM3
SIM4
1
21
22
SIM5
SIM1
SIM2
SIM3
SIM4
1
21
22
SIM5
SIM1
SIM2
SIM3
SIM4
1
21
22
SIM5
SIM1
SIM2
SIM3
SIM4
1
21
22
SIM5
SIM1
SIM2
SIM3
SIM4
1
21
22
SIM5
SIM1
SIM2
SIM3
SIM4
1
21
22
SIM5
SIM1
SIM2
SIM3
SIM4
1
21
22
SIM5
SIM1
SIM2
SIM3
SIM4
1
21
22
SIM5
SIM1
SIM2
SIM3
SIM4
1
21
22
SIM5
SIM1
SIM2
SIM3
SIM4
1
21
22
SIM5
SIM1
SIM2
SIM3
SIM4
1
21
22
SIM5
SIM1
SIM2
SIM3
SIM4
1
21
22
SIM5
SIM1
SIM2
SIM3
SIM4
1
21
22
SIM5
SIM1
SIM2
SIM3
SIM4
1
21
22
SIM5
SIM1
SIM2
SIM3
SIM4
1
21
22
SIM5
SIM1
SIM2
SIM3
SIM4
1
21
22
SIM5
SIM1
SIM2
SIM3
SIM4
1
21
22
SIM5
SIM1
SIM2
SIM3
SIM4
1
21
22
SIM5
SIM1
SIM2
SIM3
SIM4
1
21
22
SIM5
SIM1
SIM2
SIM3
SIM4
1
21
22
SIM5
SIM1
SIM2
SIM3
SIM4
1
21
22
SIM5
SIM1
SIM2
SIM3
SIM4
1
21
22
SIM5
SIM1
SIM2
SIM3
SIM4
1
21
22
SIM5
SIM1
SIM2
SIM3
SIM4
1
21
22
SIM5
SIM1
SIM2
SIM3
SIM4
1
21
22
SIM5
SIM1
SIM2
SIM3
SIM4
1
21
22
SIM5
SIM1
SIM2
SIM3
SIM4
1
21
22
SIM5
SIM1
SIM2
SIM3
SIM4
1
21
22
SIM5
SIM1
SIM2
SIM3
SIM4
1
21
22
SIM5
SIM1
SIM2
SIM3
SIM4
1
21
22
SIM5
SIM1
SIM2
SIM3
SIM4
1
21
22
SIM5
SIM1
SIM2
SIM3
SIM4
1
21
22
SIM5
SIM1
SIM2
SIM3
SIM4
1
21
22
SIM5
SIM1
SIM2
SIM3
SIM4
1
21
22
SIM5
SIM1
SIM2
SIM3
SIM4
1
21
22
SIM5
SIM1
SIM2
SIM3
SIM4
1
21
22
SIM5
SIM1
SIM2
SIM3
SIM4
1
21
22
SIM5
SIM1
SIM2
SIM3
SIM4
1
21
22
SIM5
SIM1
SIM2
SIM3
SIM4
1
21
22
SIM5
SIM1
SIM2
SIM3
SIM4
1
21
22
SIM5
SIM1
SIM2
SIM3
SIM4
1
21
22
SIM5
SIM1
SIM2
SIM3
SIM4
1
21
22
SIM5
SIM1
SIM2
SIM3
SIM4
1
21
22
SIM5
SIM1
SIM2
SIM3
SIM4
1
21
22
SIM5
SIM1
SIM2
SIM3
SIM4
1
21
22
SIM5
SIM1
SIM2
SIM3
SIM4
1
21
22
SIM5
SIM1
SIM2
SIM3
SIM4
1
21
22
SIM5
SIM1
SIM2
SIM3
SIM4
1
21
22
SIM5
SIM1
SIM2
SIM3
SIM4
1
21
22
SIM5
SIM1
SIM2
SIM3
SIM4
1
21
22
SIM5
SIM1
SIM2
SIM3
SIM4
1
21
22
SIM5
SIM1
SIM2
SIM3
SIM4
1
21
22
SIM5
SIM1
SIM2
SIM3
SIM4
1
21
22
SIM5
SIM1
SIM2
SIM3
SIM4
1
21
22
SIM5
SIM1
SIM2
SIM3
SIM4
1
21
22
SIM5
SIM1
SIM2
SIM3
SIM4
1
21
22
SIM5
SIM1
SIM2
SIM3
SIM4
1
21
22
SIM5
SIM1
SIM2
SIM3
SIM4
1
21
22
SIM5
SIM1
SIM2
SIM3
SIM4
1
21
22
SIM5
SIM1
SIM2
SIM3
SIM4
1
21
22
SIM5
SIM1
SIM2
SIM3
SIM4
1
21
22
SIM5
SIM1
SIM2
SIM3
SIM4
1
21
22
SIM5
SIM1
SIM2
SIM3
SIM4
1
21
22
SIM5
SIM1
SIM2
DEBUG 1 748
SIM1
SIM2
SIM3
SIM4
1
21
22
SIM5
SIM1
SIM2
SIM3
SIM4
1
21
22
SIM5
SIM1
SIM2
SIM3
SIM4
1
21
22
SIM5
SIM1
SIM2
SIM3
SIM4
1
21
22
SIM5
SIM1
SIM2
SIM3
SIM4
1
21
22
SIM5
SIM1
SIM2
SIM3
SIM4
1
21
22
SIM5
SIM1
SIM2
SIM3
SIM4
1
21
22
SIM5
SIM1
SIM2
SIM3
SIM4
1
21
22
SIM5
SIM1
SIM2
SIM3
SIM4
1
21
22
SIM5
SIM1
SIM2
SIM3
SIM4
1
21
22
SIM5
SIM1
SIM2
SIM3
SIM4
1
21
22
SIM5
SIM1
SIM2
SIM3
SIM4
1
21
22
SIM5
SIM1
SIM2
SIM3
SIM4
1
21
22
SIM5
SIM1
SIM2
SIM3
SIM4
1
21
22
SIM5
SIM1
SIM2
SIM3
SIM4
1
21
22
SIM5
SIM1
SIM2
SIM3
SIM4
1
21
22
SIM5
SIM1
SIM2
SIM3
SIM4
1
21
22
SIM5
SIM1
SIM2
SIM3
SIM4
1
21
22
SIM5
SIM1
SIM2
SIM3
SIM4
1
21
22
SIM5
SIM1
SIM2
SIM3
SIM4
1
21
22
SIM5
SIM1
SIM2
SIM3
SIM4
1
21
22
SIM5
SIM1
SIM2
SIM3
SIM4
1
21
22
SIM5
SIM1
SIM2
SIM3
SIM4
1
21
22
SIM5
SIM1
SIM2
SIM3
SIM4
1
21
22
SIM5
SIM1
SIM2
SIM3
SIM4
1
21
22
SIM5
SIM1
SIM2
SIM3
SIM4
1
21
22
SIM5
SIM1
SIM2
SIM3
SIM4
1
21
22
SIM5
SIM1
SIM2
SIM3
SIM4
1
21
22
SIM5
SIM1
SIM2
SIM3
SIM4
1
21
22
SIM5
SIM1
SIM2
SIM3
SIM4
1
21
22
SIM5
SIM1
SIM2
SIM3
SIM4
1
21
22
SIM5
SIM1
SIM2
SIM3
SIM4
1
21
22
SIM5
SIM1
SIM2
SIM3
SIM4
1
21
22
SIM5
SIM1
SIM2
SIM3
SIM4
1
21
22
SIM5
SIM1
SIM2
SIM3
SIM4
1
21
22
SIM5
SIM1
SIM2
SIM3
SIM4
1
21
22
SIM5
SIM1
SIM2
SIM3
SIM4
1
21
22
SIM5
SIM1
SIM2
SIM3
SIM4
1
21
22
SIM5
SIM1
SIM2
SIM3
SIM4
1
21
22
SIM5
SIM1
SIM2
SIM3
SIM4
1
21
22
SIM5
SIM1
SIM2
SIM3
SIM4
1
21
22
SIM5
SIM1
SIM2
SIM3
SIM4
1
21
22
SIM5
SIM1
SIM2
SIM3
SIM4
1
21
22
SIM5
SIM1
SIM2
SIM3
SIM4
1
21
22
SIM5
SIM1
SIM2
SIM3
SIM4
1
21
22
SIM5
SIM1
SIM2
SIM3
SIM4
1
21
22
SIM5
SIM1
SIM2
SIM3
SIM4
1
21
22
SIM5
SIM1
SIM2
SIM3
SIM4
1
21
22
SIM5
SIM1
SIM2
SIM3
SIM4
1
21
22
SIM5
SIM1
SIM2
SIM3
SIM4
1
21
22
SIM5
SIM1
SIM2
SIM3
SIM4
1
21
22
SIM5
SIM1
SIM2
SIM3
SIM4
1
21
22
SIM5
SIM1
SIM2
SIM3
SIM4
1
21
22
SIM5
SIM1
SIM2
SIM3
SIM4
1
21
22
SIM5
SIM1
SIM2
SIM3
SIM4
1
21
22
SIM5
SIM1
SIM2
SIM3
SIM4
1
21
22
SIM5
SIM1
SIM2
SIM3
SIM4
1
21
22
SIM5
SIM1
SIM2
SIM3
SIM4
1
21
22
SIM5
SIM1
SIM2
SIM3
SIM4
1
21
22
SIM5
SIM1
SIM2
SIM3
SIM4
1
21
22
SIM5
SIM1
SIM2
SIM3
SIM4
1
21
22
SIM5
SIM1
SIM2
SIM3
SIM4
1
21
22
SIM5
SIM1
SIM2
SIM3
SIM4
1
21
22
SIM5
SIM1
SIM2
SIM3
SIM4
1
21
22
SIM5
SIM1
SIM2
SIM3
SIM4
1
21
22
SIM5
SIM1
SIM2
SIM3
SIM4
1
21
22
SIM5
SIM1
SIM2
SIM3
SIM4
1
21
22
SIM5
SIM1
SIM2
SIM3
SIM4
1
21
22
SIM5
SIM1
SIM2
SIM3
SIM4
1
21
22
SIM5
SIM1
SIM2
SIM3
SIM4
1
21
22
SIM5
SIM1
SIM2
SIM3
SIM4
1
21
22
SIM5
SIM1
SIM2
SIM3
SIM4
1
21
22
SIM5
SIM1
SIM2
SIM3
SIM4
1
21
22
SIM5
SIM1
SIM2
SIM3
SIM4
1
21
22
SIM5
SIM1
SIM2
SIM3
SIM4
1
21
22
SIM5
SIM1
SIM2
SIM3
SIM4
1
21
22
SIM5
SIM1
SIM2
SIM3
SIM4
1
21
22
SIM5
SIM1
SIM2
SIM3
SIM4
1
21
22
SIM5
SIM1
SIM2
SIM3
SIM4
1
21
22
SIM5
SIM1
SIM2
SIM3
SIM4
1
21
22
SIM5
SIM1
SIM2
SIM3
SIM4
1
21
22
SIM5
SIM1
SIM2
SIM3
SIM4
1
21
22
SIM5
SIM1
SIM2
SIM3
SIM4
1
21
22
SIM5
SIM1
SIM2
SIM3
SIM4
1
21
22
SIM5
SIM1
SIM2
SIM3
SIM4
1
21
22
SIM5
SIM1
SIM2
SIM3
SIM4
1
21
22
SIM5
SIM1
SIM2
SIM3
SIM4
1
21
22
SIM5
SIM1
SIM2
SIM3
SIM4
1
21
22
SIM5
SIM1
SIM2
SIM3
SIM4
1
21
22
SIM5
SIM1
SIM2
SIM3
SIM4
1
21
22
SIM5
SIM1
SIM2
SIM3
SIM4
1
21
22
SIM5
SIM1
SIM2
SIM3
SIM4
1
21
22
SIM5
SIM1
SIM2
SIM3
SIM4
1
21
22
SIM5
SIM1
SIM2
SIM3
SIM4
1
21
22
SIM5
SIM1
SIM2
SIM3
SIM4
1
21
22
SIM5
SIM1
SIM2
SIM3
SIM4
1
21
22
SIM5
SIM1
SIM2
SIM3
SIM4
1
21
22
SIM5
SIM1
SIM2
SIM3
SIM4
1
21
22
SIM5
SIM1
SIM2
SIM3
SIM4
1
21
22
SIM5
SIM1
SIM2
SIM3
SIM4
1
21
22
SIM5
SIM1
SIM2
SIM3
SIM4
1
21
22
SIM5
SIM1
SIM2
SIM3
SIM4
1
21
22
SIM5
SIM1
SIM2
SIM3
SIM4
1
21
22
SIM5
SIM1
SIM2
SIM3
SIM4
1
21
22
SIM5
SIM1
SIM2
SIM3
SIM4
1
21
22
SIM5
SIM1
SIM2
SIM3
SIM4
1
21
22
SIM5
SIM1
SIM2
SIM3
SIM4
1
21
22
SIM5
SIM1
SIM2
SIM3
SIM4
1
21
22
SIM5
SIM1
SIM2
SIM3
SIM4
1
21
22
SIM5
SIM1
SIM2
SIM3
SIM4
1
21
22
SIM5
SIM1
SIM2
SIM3
SIM4
1
21
22
SIM5
SIM1
SIM2
SIM3
SIM4
1
21
22
SIM5
SIM1
SIM2
SIM3
SIM4
1
21
22
SIM5
SIM1
SIM2
SIM3
SIM4
1
21
22
SIM5
SIM1
SIM2
SIM3
SIM4
1
21
22
SIM5
SIM1
SIM2
SIM3
SIM4
1
21
22
SIM5
SIM1
SIM2
SIM3
SIM4
1
21
22
SIM5
SIM1
SIM2
SIM3
SIM4
1
21
22
SIM5
SIM1
SIM2
SIM3
SIM4
1
21
22
SIM5
SIM1
SIM2
SIM3
SIM4
1
21
22
SIM5
SIM1
SIM2
SIM3
SIM4
1
21
22
SIM5
SIM1
SIM2
SIM3
SIM4
1
21
22
SIM5
SIM1
SIM2
SIM3
SIM4
1
21
22
SIM5
SIM1
SIM2
SIM3
SIM4
1
21
22
SIM5
SIM1
SIM2
SIM3
SIM4
1
21
22
SIM5
SIM1
SIM2
SIM3
SIM4
1
21
22
SIM5
SIM1
SIM2
SIM3
SIM4
1
21
22
SIM5
SIM1
SIM2
SIM3
SIM4
1
21
22
SIM5
SIM1
SIM2
SIM3
SIM4
1
21
22
SIM5
SIM1
SIM2
SIM3
SIM4
1
21
22
SIM5
SIM1
SIM2
SIM3
SIM4
1
21
22
SIM5
SIM1
SIM2
SIM3
SIM4
1
21
22
SIM5
SIM1
SIM2
SIM3
SIM4
1
21
22
SIM5
SIM1
SIM2
SIM3
SIM4
1
21
22
SIM5
SIM1
SIM2
SIM3
SIM4
1
21
22
SIM5
SIM1
SIM2
SIM3
SIM4
1
21
22
SIM5
SIM1
SIM2
SIM3
SIM4
1
21
22
SIM5
SIM1
SIM2
SIM3
SIM4
1
21
22
SIM5
SIM1
SIM2
SIM3
SIM4
1
21
22
SIM5
SIM1
SIM2
SIM3
SIM4
1
21
22
SIM5
SIM1
SIM2
SIM3
SIM4
1
21
22
SIM5
SIM1
SIM2
SIM3
SIM4
1
21
22
SIM5
SIM1
SIM2
SIM3
SIM4
1
21
22
SIM5
SIM1
SIM2
SIM3
SIM4
1
21
22
SIM5
SIM1
SIM2
SIM3
SIM4
1
21
22
SIM5
SIM1
SIM2
SIM3
SIM4
1
21
22
SIM5
SIM1
SIM2
SIM3
SIM4
1
21
22
SIM5
SIM1
SIM2
SIM3
SIM4
1
21
22
SIM5
SIM1
SIM2
SIM3
SIM4
1
21
22
SIM5
SIM1
SIM2
SIM3
SIM4
1
21
22
SIM5
SIM1
SIM2
SIM3
SIM4
1
21
22
SIM5
SIM1
SIM2
SIM3
SIM4
1
21
22
SIM5
SIM1
SIM2
SIM3
SIM4
1
21
22
SIM5
SIM1
SIM2
SIM3
SIM4
1
21
22
SIM5
SIM1
SIM2
SIM3
SIM4
1
21
22
SIM5
SIM1
SIM2
SIM3
SIM4
1
21
22
SIM5
SIM1
SIM2
SIM3
SIM4
1
21
22
SIM5
SIM1
SIM2
SIM3
SIM4
1
21
22
SIM5
SIM1
SIM2
SIM3
SIM4
1
21
22
SIM5
SIM1
SIM2
SIM3
SIM4
1
21
22
SIM5
SIM1
SIM2
SIM3
SIM4
1
21
22
SIM5
SIM1
SIM2
SIM3
SIM4
1
21
22
SIM5
SIM1
SIM2
SIM3
SIM4
1
21
22
SIM5
SIM1
SIM2
SIM3
SIM4
1
21
22
SIM5
SIM1
SIM2
SIM3
SIM4
1
21
22
SIM5
SIM1
SIM2
SIM3
SIM4
1
21
22
SIM5
SIM1
SIM2
SIM3
SIM4
1
21
22
SIM5
SIM1
SIM2
SIM3
SIM4
1
21
22
SIM5
SIM1
SIM2
SIM3
SIM4
1
21
22
SIM5
SIM1
SIM2
SIM3
SIM4
1
21
22
SIM5
SIM1
SIM2
SIM3
SIM4
1
21
22
SIM5
SIM1
SIM2
SIM3
SIM4
1
21
22
SIM5
SIM1
SIM2
SIM3
SIM4
1
21
22
SIM5
SIM1
SIM2
SIM3
SIM4
1
21
22
SIM5
SIM1
SIM2
SIM3
SIM4
1
21
22
SIM5
SIM1
SIM2
SIM3
SIM4
1
21
22
SIM5
SIM1
SIM2
SIM3
SIM4
1
21
22
SIM5
SIM1
SIM2
SIM3
SIM4
1
21
22
SIM5
SIM1
SIM2
SIM3
SIM4
1
21
22
SIM5
SIM1
SIM2
SIM3
SIM4
1
21
22
SIM5
SIM1
SIM2
SIM3
SIM4
1
21
22
SIM5
SIM1
SIM2
SIM3
SIM4
1
21
22
SIM5
SIM1
SIM2
SIM3
SIM4
1
21
22
SIM5
SIM1
SIM2
SIM3
SIM4
1
21
22
SIM5
SIM1
SIM2
SIM3
SIM4
1
21
22
SIM5
SIM1
SIM2
SIM3
SIM4
1
21
22
SIM5
SIM1
SIM2
SIM3
SIM4
1
21
22
SIM5
SIM1
SIM2
SIM3
SIM4
1
21
22
SIM5
SIM1
SIM2
SIM3
SIM4
1
21
22
SIM5
SIM1
SIM2
SIM3
SIM4
1
21
22
SIM5
SIM1
SIM2
SIM3
SIM4
1
21
22
SIM5
SIM1
SIM2
SIM3
SIM4
1
21
22
SIM5
SIM1
SIM2
SIM3
SIM4
1
21
22
SIM5
SIM1
SIM2
SIM3
SIM4
1
21
22
SIM5
SIM1
SIM2
SIM3
SIM4
1
21
22
SIM5
SIM1
SIM2
SIM3
SIM4
1
21
22
SIM5
SIM1
SIM2
SIM3
SIM4
1
21
22
SIM5
SIM1
SIM2
SIM3
SIM4
1
21
22
SIM5
SIM1
SIM2
SIM3
SIM4
1
21
22
SIM5
SIM1
SIM2
SIM3
SIM4
1
21
22
SIM5
SIM1
SIM2
SIM3
SIM4
1
21
22
SIM5
SIM1
SIM2
SIM3
SIM4
1
21
22
SIM5
SIM1
SIM2
SIM3
SIM4
1
21
22
SIM5
SIM1
SIM2
SIM3
SIM4
1
21
22
SIM5
SIM1
SIM2
SIM3
SIM4
1
21
22
SIM5
SIM1
SIM2
SIM3
SIM4
1
21
22
SIM5
SIM1
SIM2
SIM3
SIM4
1
21
22
SIM5
SIM1
SIM2
SIM3
SIM4
1
21
22
SIM5
SIM1
SIM2
SIM3
SIM4
1
21
22
SIM5
SIM1
SIM2
SIM3
SIM4
1
21
22
SIM5
SIM1
SIM2
SIM3
SIM4
1
21
22
SIM5
SIM1
SIM2
SIM3
SIM4
1
21
22
SIM5
SIM1
SIM2
SIM3
SIM4
1
21
22
SIM5
SIM1
SIM2
SIM3
SIM4
1
21
22
SIM5
SIM1
SIM2
SIM3
SIM4
1
21
22
SIM5
SIM1
SIM2
SIM3
SIM4
1
21
22
SIM5
SIM1
SIM2
SIM3
SIM4
1
21
22
SIM5
SIM1
SIM2
SIM3
SIM4
1
21
22
SIM5
SIM1
SIM2
SIM3
SIM4
1
21
22
SIM5
SIM1
SIM2
SIM3
SIM4
1
21
22
SIM5
SIM1
SIM2
SIM3
SIM4
1
21
22
SIM5
SIM1
SIM2
SIM3
SIM4
1
21
22
SIM5
SIM1
SIM2
SIM3
SIM4
1
21
22
SIM5
SIM1
SIM2
SIM3
SIM4
1
21
22
SIM5
SIM1
SIM2
SIM3
SIM4
1
21
22
SIM5
SIM1
SIM2
SIM3
SIM4
1
21
22
SIM5
SIM1
SIM2
SIM3
SIM4
1
21
22
SIM5
SIM1
SIM2
SIM3
SIM4
1
21
22
SIM5
SIM1
SIM2
SIM3
SIM4
1
21
22
SIM5
SIM1
SIM2
SIM3
SIM4
1
21
22
SIM5
SIM1
SIM2
SIM3
SIM4
1
21
22
SIM5
SIM1
SIM2
SIM3
SIM4
1
21
22
SIM5
SIM1
SIM2
SIM3
SIM4
1
21
22
SIM5
SIM1
SIM2
SIM3
SIM4
1
21
22
SIM5
SIM1
SIM2
SIM3
SIM4
1
21
22
SIM5
SIM1
SIM2
SIM3
SIM4
1
21
22
SIM5
SIM1
SIM2
SIM3
SIM4
1
21
22
SIM5
SIM1
SIM2
SIM3
SIM4
1
21
22
SIM5
SIM1
SIM2
SIM3
SIM4
1
21
22
SIM5
SIM1
SIM2
SIM3
SIM4
1
21
22
SIM5
SIM1
SIM2
SIM3
SIM4
1
21
22
SIM5
SIM1
SIM2
SIM3
SIM4
1
21
22
SIM5
SIM1
SIM2
SIM3
SIM4
1
21
22
SIM5
SIM1
SIM2
SIM3
SIM4
1
21
22
SIM5
SIM1
SIM2
SIM3
SIM4
1
21
22
SIM5
SIM1
SIM2
SIM3
SIM4
1
21
22
SIM5
SIM1
SIM2
SIM3
SIM4
1
21
22
SIM5
SIM1
SIM2
SIM3
SIM4
1
21
22
SIM5
SIM1
SIM2
SIM3
SIM4
1
21
22
SIM5
SIM1
SIM2
SIM3
SIM4
1
21
22
SIM5
SIM1
SIM2
SIM3
SIM4
1
21
22
SIM5
SIM1
SIM2
SIM3
SIM4
1
21
22
SIM5
SIM1
SIM2
SIM3
SIM4
1
21
22
SIM5
SIM1
SIM2
SIM3
SIM4
1
21
22
SIM5
SIM1
SIM2
SIM3
SIM4
1
21
22
SIM5
SIM1
SIM2
SIM3
SIM4
1
21
22
SIM5
SIM1
SIM2
SIM3
SIM4
1
21
22
SIM5
SIM1
SIM2
SIM3
SIM4
1
21
22
SIM5
SIM1
SIM2
SIM3
SIM4
1
21
22
SIM5
SIM1
SIM2
SIM3
SIM4
1
21
22
SIM5
SIM1
SIM2
SIM3
SIM4
1
21
22
SIM5
SIM1
SIM2
SIM3
SIM4
1
21
22
SIM5
SIM1
SIM2
SIM3
SIM4
1
21
22
SIM5
SIM1
SIM2
SIM3
SIM4
1
21
22
SIM5
SIM1
SIM2
SIM3
SIM4
1
21
22
SIM5
SIM1
SIM2
SIM3
SIM4
1
21
22
SIM5
SIM1
SIM2
SIM3
SIM4
1
21
22
SIM5
SIM1
SIM2
SIM3
SIM4
1
21
22
SIM5
SIM1
SIM2
SIM3
SIM4
1
21
22
SIM5
SIM1
SIM2
SIM3
SIM4
1
21
22
SIM5
SIM1
SIM2
SIM3
SIM4
1
21
22
SIM5
SIM1
SIM2
DEBUG 1 749
SIM1
SIM2
SIM3
SIM4
1
21
22
SIM5
SIM1
SIM2
SIM3
SIM4
1
21
22
SIM5
SIM1
SIM2
SIM3
SIM4
1
21
22
SIM5
SIM1
SIM2
SIM3
SIM4
1
21
22
SIM5
SIM1
SIM2
SIM3
SIM4
1
21
22
SIM5
SIM1
SIM2
SIM3
SIM4
1
21
22
SIM5
SIM1
SIM2
SIM3
SIM4
1
21
22
SIM5
SIM1
SIM2
SIM3
SIM4
1
21
22
SIM5
SIM1
SIM2
SIM3
SIM4
1
21
22
SIM5
SIM1
SIM2
SIM3
SIM4
1
21
22
SIM5
SIM1
SIM2
SIM3
SIM4
1
21
22
SIM5
SIM1
SIM2
SIM3
SIM4
1
21
22
SIM5
SIM1
SIM2
SIM3
SIM4
1
21
22
SIM5
SIM1
SIM2
SIM3
SIM4
1
21
22
SIM5
SIM1
SIM2
SIM3
SIM4
1
21
22
SIM5
SIM1
SIM2
SIM3
SIM4
1
21
22
SIM5
SIM1
SIM2
SIM3
SIM4
1
21
22
SIM5
SIM1
SIM2
SIM3
SIM4
1
21
22
SIM5
SIM1
SIM2
SIM3
SIM4
1
21
22
SIM5
SIM1
SIM2
SIM3
SIM4
1
21
22
SIM5
SIM1
SIM2
SIM3
SIM4
1
21
22
SIM5
SIM1
SIM2
SIM3
SIM4
1
21
22
SIM5
SIM1
SIM2
SIM3
SIM4
1
21
22
SIM5
SIM1
SIM2
SIM3
SIM4
1
21
22
SIM5
SIM1
SIM2
SIM3
SIM4
1
21
22
SIM5
SIM1
SIM2
SIM3
SIM4
1
21
22
SIM5
SIM1
SIM2
SIM3
SIM4
1
21
22
SIM5
SIM1
SIM2
SIM3
SIM4
1
21
22
SIM5
SIM1
SIM2
SIM3
SIM4
1
21
22
SIM5
SIM1
SIM2
SIM3
SIM4
1
21
22
SIM5
SIM1
SIM2
SIM3
SIM4
1
21
22
SIM5
SIM1
SIM2
SIM3
SIM4
1
21
22
SIM5
SIM1
SIM2
SIM3
SIM4
1
21
22
SIM5
SIM1
SIM2
SIM3
SIM4
1
21
22
SIM5
SIM1
SIM2
SIM3
SIM4
1
21
22
SIM5
SIM1
SIM2
SIM3
SIM4
1
21
22
SIM5
SIM1
SIM2
SIM3
SIM4
1
21
22
SIM5
SIM1
SIM2
SIM3
SIM4
1
21
22
SIM5
SIM1
SIM2
SIM3
SIM4
1
21
22
SIM5
SIM1
SIM2
SIM3
SIM4
1
21
22
SIM5
SIM1
SIM2
SIM3
SIM4
1
21
22
SIM5
SIM1
SIM2
SIM3
SIM4
1
21
22
SIM5
SIM1
SIM2
SIM3
SIM4
1
21
22
SIM5
SIM1
SIM2
SIM3
SIM4
1
21
22
SIM5
SIM1
SIM2
SIM3
SIM4
1
21
22
SIM5
SIM1
SIM2
SIM3
SIM4
1
21
22
SIM5
SIM1
SIM2
SIM3
SIM4
1
21
22
SIM5
SIM1
SIM2
SIM3
SIM4
1
21
22
SIM5
SIM1
SIM2
SIM3
SIM4
1
21
22
SIM5
SIM1
SIM2
SIM3
SIM4
1
21
22
SIM5
SIM1
SIM2
SIM3
SIM4
1
21
22
SIM5
SIM1
SIM2
SIM3
SIM4
1
21
22
SIM5
SIM1
SIM2
SIM3
SIM4
1
21
22
SIM5
SIM1
SIM2
SIM3
SIM4
1
21
22
SIM5
SIM1
SIM2
SIM3
SIM4
1
21
22
SIM5
SIM1
SIM2
SIM3
SIM4
1
21
22
SIM5
SIM1
SIM2
SIM3
SIM4
1
21
22
SIM5
SIM1
SIM2
SIM3
SIM4
1
21
22
SIM5
SIM1
SIM2
SIM3
SIM4
1
21
22
SIM5
SIM1
SIM2
SIM3
SIM4
1
21
22
SIM5
SIM1
SIM2
SIM3
SIM4
1
21
22
SIM5
SIM1
SIM2
SIM3
SIM4
1
21
22
SIM5
SIM1
SIM2
SIM3
SIM4
1
21
22
SIM5
SIM1
SIM2
SIM3
SIM4
1
21
22
SIM5
SIM1
SIM2
SIM3
SIM4
1
21
22
SIM5
SIM1
SIM2
SIM3
SIM4
1
21
22
SIM5
SIM1
SIM2
SIM3
SIM4
1
21
22
SIM5
SIM1
SIM2
SIM3
SIM4
1
21
22
SIM5
SIM1
SIM2
SIM3
SIM4
1
21
22
SIM5
SIM1
SIM2
SIM3
SIM4
1
21
22
SIM5
SIM1
SIM2
SIM3
SIM4
1
21
22
SIM5
SIM1
SIM2
SIM3
SIM4
1
21
22
SIM5
SIM1
SIM2
SIM3
SIM4
1
21
22
SIM5
SIM1
SIM2
SIM3
SIM4
1
21
22
SIM5
SIM1
SIM2
SIM3
SIM4
1
21
22
SIM5
SIM1
SIM2
SIM3
SIM4
1
21
22
SIM5
SIM1
SIM2
SIM3
SIM4
1
21
22
SIM5
SIM1
SIM2
SIM3
SIM4
1
21
22
SIM5
SIM1
SIM2
SIM3
SIM4
1
21
22
SIM5
SIM1
SIM2
SIM3
SIM4
1
21
22
SIM5
SIM1
SIM2
SIM3
SIM4
1
21
22
SIM5
SIM1
SIM2
SIM3
SIM4
1
21
22
SIM5
SIM1
SIM2
SIM3
SIM4
1
21
22
SIM5
SIM1
SIM2
SIM3
SIM4
1
21
22
SIM5
SIM1
SIM2
SIM3
SIM4
1
21
22
SIM5
SIM1
SIM2
SIM3
SIM4
1
21
22
SIM5
SIM1
SIM2
SIM3
SIM4
1
21
22
SIM5
SIM1
SIM2
SIM3
SIM4
1
21
22
SIM5
SIM1
SIM2
SIM3
SIM4
1
21
22
SIM5
SIM1
SIM2
SIM3
SIM4
1
21
22
SIM5
SIM1
SIM2
SIM3
SIM4
1
21
22
SIM5
SIM1
SIM2
SIM3
SIM4
1
21
22
SIM5
SIM1
SIM2
SIM3
SIM4
1
21
22
SIM5
SIM1
SIM2
SIM3
SIM4
1
21
22
SIM5
SIM1
SIM2
SIM3
SIM4
1
21
22
SIM5
SIM1
SIM2
SIM3
SIM4
1
21
22
SIM5
SIM1
SIM2
SIM3
SIM4
1
21
22
SIM5
SIM1
SIM2
SIM3
SIM4
1
21
22
SIM5
SIM1
SIM2
SIM3
SIM4
1
21
22
SIM5
SIM1
SIM2
SIM3
SIM4
1
21
22
SIM5
SIM1
SIM2
SIM3
SIM4
1
21
22
SIM5
SIM1
SIM2
SIM3
SIM4
1
21
22
SIM5
SIM1
SIM2
SIM3
SIM4
1
21
22
SIM5
SIM1
SIM2
SIM3
SIM4
1
21
22
SIM5
SIM1
SIM2
SIM3
SIM4
1
21
22
SIM5
SIM1
SIM2
SIM3
SIM4
1
21
22
SIM5
SIM1
SIM2
SIM3
SIM4
1
21
22
SIM5
SIM1
SIM2
SIM3
SIM4
1
21
22
SIM5
SIM1
SIM2
SIM3
SIM4
1
21
22
SIM5
SIM1
SIM2
SIM3
SIM4
1
21
22
SIM5
SIM1
SIM2
SIM3
SIM4
1
21
22
SIM5
SIM1
SIM2
SIM3
SIM4
1
21
22
SIM5
SIM1
SIM2
SIM3
SIM4
1
21
22
SIM5
SIM1
SIM2
SIM3
SIM4
1
21
22
SIM5
SIM1
SIM2
SIM3
SIM4
1
21
22
SIM5
SIM1
SIM2
SIM3
SIM4
1
21
22
SIM5
SIM1
SIM2
SIM3
SIM4
1
21
22
SIM5
SIM1
SIM2
SIM3
SIM4
1
21
22
SIM5
SIM1
SIM2
SIM3
SIM4
1
21
22
SIM5
SIM1
SIM2
SIM3
SIM4
1
21
22
SIM5
SIM1
SIM2
SIM3
SIM4
1
21
22
SIM5
SIM1
SIM2
SIM3
SIM4
1
21
22
SIM5
SIM1
SIM2
SIM3
SIM4
1
21
22
SIM5
SIM1
SIM2
SIM3
SIM4
1
21
22
SIM5
SIM1
SIM2
SIM3
SIM4
1
21
22
SIM5
SIM1
SIM2
SIM3
SIM4
1
21
22
SIM5
SIM1
SIM2
SIM3
SIM4
1
21
22
SIM5
SIM1
SIM2
SIM3
SIM4
1
21
22
SIM5
SIM1
SIM2
SIM3
SIM4
1
21
22
SIM5
SIM1
SIM2
SIM3
SIM4
1
21
22
SIM5
SIM1
SIM2
SIM3
SIM4
1
21
22
SIM5
SIM1
SIM2
SIM3
SIM4
1
21
22
SIM5
SIM1
SIM2
SIM3
SIM4
1
21
22
SIM5
SIM1
SIM2
SIM3
SIM4
1
21
22
SIM5
SIM1
SIM2
SIM3
SIM4
1
21
22
SIM5
SIM1
SIM2
SIM3
SIM4
1
21
22
SIM5
SIM1
SIM2
SIM3
SIM4
1
21
22
SIM5
SIM1
SIM2
SIM3
SIM4
1
21
22
SIM5
SIM1
SIM2
SIM3
SIM4
1
21
22
SIM5
SIM1
SIM2
SIM3
SIM4
1
21
22
SIM5
SIM1
SIM2
SIM3
SIM4
1
21
22
SIM5
SIM1
SIM2
SIM3
SIM4
1
21
22
SIM5
SIM1
SIM2
SIM3
SIM4
1
21
22
SIM5
SIM1
SIM2
SIM3
SIM4
1
21
22
SIM5
SIM1
SIM2
SIM3
SIM4
1
21
22
SIM5
SIM1
SIM2
SIM3
SIM4
1
21
22
SIM5
SIM1
SIM2
SIM3
SIM4
1
21
22
SIM5
SIM1
SIM2
SIM3
SIM4
1
21
22
SIM5
SIM1
SIM2
SIM3
SIM4
1
21
22
SIM5
SIM1
SIM2
SIM3
SIM4
1
21
22
SIM5
SIM1
SIM2
SIM3
SIM4
1
21
22
SIM5
SIM1
SIM2
SIM3
SIM4
1
21
22
SIM5
SIM1
SIM2
SIM3
SIM4
1
21
22
SIM5
SIM1
SIM2
SIM3
SIM4
1
21
22
SIM5
SIM1
SIM2
SIM3
SIM4
1
21
22
SIM5
SIM1
SIM2
SIM3
SIM4
1
21
22
SIM5
SIM1
SIM2
SIM3
SIM4
1
21
22
SIM5
SIM1
SIM2
SIM3
SIM4
1
21
22
SIM5
SIM1
SIM2
SIM3
SIM4
1
21
22
SIM5
SIM1
SIM2
SIM3
SIM4
1
21
22
SIM5
SIM1
SIM2
SIM3
SIM4
1
21
22
SIM5
SIM1
SIM2
SIM3
SIM4
1
21
22
SIM5
SIM1
SIM2
SIM3
SIM4
1
21
22
SIM5
SIM1
SIM2
SIM3
SIM4
1
21
22
SIM5
SIM1
SIM2
SIM3
SIM4
1
21
22
SIM5
SIM1
SIM2
SIM3
SIM4
1
21
22
SIM5
SIM1
SIM2
SIM3
SIM4
1
21
22
SIM5
SIM1
SIM2
SIM3
SIM4
1
21
22
SIM5
SIM1
SIM2
SIM3
SIM4
1
21
22
SIM5
SIM1
SIM2
SIM3
SIM4
1
21
22
SIM5
SIM1
SIM2
SIM3
SIM4
1
21
22
SIM5
SIM1
SIM2
SIM3
SIM4
1
21
22
SIM5
SIM1
SIM2
SIM3
SIM4
1
21
22
SIM5
SIM1
SIM2
SIM3
SIM4
1
21
22
SIM5
SIM1
SIM2
SIM3
SIM4
1
21
22
SIM5
SIM1
SIM2
SIM3
SIM4
1
21
22
SIM5
SIM1
SIM2
SIM3
SIM4
1
21
22
SIM5
SIM1
SIM2
SIM3
SIM4
1
21
22
SIM5
SIM1
SIM2
SIM3
SIM4
1
21
22
SIM5
SIM1
SIM2
DEBUG 1 750
SIM1
SIM2
SIM3
SIM4
1
21
22
SIM5
SIM1
SIM2
SIM3
SIM4
1
21
22
SIM5
SIM1
SIM2
SIM3
SIM4
1
21
22
SIM5
SIM1
SIM2
SIM3
SIM4
1
21
22
SIM5
SIM1
SIM2
SIM3
SIM4
1
21
22
SIM5
SIM1
SIM2
SIM3
SIM4
1
21
22
SIM5
SIM1
SIM2
SIM3
SIM4
1
21
22
SIM5
SIM1
SIM2
SIM3
SIM4
1
21
22
SIM5
SIM1
SIM2
SIM3
SIM4
1
21
22
SIM5
SIM1
SIM2
SIM3
SIM4
1
21
22
SIM5
SIM1
SIM2
SIM3
SIM4
1
21
22
SIM5
SIM1
SIM2
SIM3
SIM4
1
21
22
SIM5
SIM1
SIM2
SIM3
SIM4
1
21
22
SIM5
SIM1
SIM2
SIM3
SIM4
1
21
22
SIM5
SIM1
SIM2
SIM3
SIM4
1
21
22
SIM5
SIM1
SIM2
SIM3
SIM4
1
21
22
SIM5
SIM1
SIM2
SIM3
SIM4
1
21
22
SIM5
SIM1
SIM2
SIM3
SIM4
1
21
22
SIM5
SIM1
SIM2
SIM3
SIM4
1
21
22
SIM5
SIM1
SIM2
SIM3
SIM4
1
21
22
SIM5
SIM1
SIM2
SIM3
SIM4
1
21
22
SIM5
SIM1
SIM2
SIM3
SIM4
1
21
22
SIM5
SIM1
SIM2
SIM3
SIM4
1
21
22
SIM5
SIM1
SIM2
SIM3
SIM4
1
21
22
SIM5
SIM1
SIM2
SIM3
SIM4
1
21
22
SIM5
SIM1
SIM2
SIM3
SIM4
1
21
22
SIM5
SIM1
SIM2
SIM3
SIM4
1
21
22
SIM5
SIM1
SIM2
SIM3
SIM4
1
21
22
SIM5
SIM1
SIM2
SIM3
SIM4
1
21
22
SIM5
SIM1
SIM2
SIM3
SIM4
1
21
22
SIM5
SIM1
SIM2
SIM3
SIM4
1
21
22
SIM5
SIM1
SIM2
SIM3
SIM4
1
21
22
SIM5
SIM1
SIM2
SIM3
SIM4
1
21
22
SIM5
SIM1
SIM2
SIM3
SIM4
1
21
22
SIM5
SIM1
SIM2
SIM3
SIM4
1
21
22
SIM5
SIM1
SIM2
SIM3
SIM4
1
21
22
SIM5
SIM1
SIM2
SIM3
SIM4
1
21
22
SIM5
SIM1
SIM2
SIM3
SIM4
1
21
22
SIM5
SIM1
SIM2
SIM3
SIM4
1
21
22
SIM5
SIM1
SIM2
SIM3
SIM4
1
21
22
SIM5
SIM1
SIM2
SIM3
SIM4
1
21
22
SIM5
SIM1
SIM2
SIM3
SIM4
1
21
22
SIM5
SIM1
SIM2
SIM3
SIM4
1
21
22
SIM5
SIM1
SIM2
SIM3
SIM4
1
21
22
SIM5
SIM1
SIM2
SIM3
SIM4
1
21
22
SIM5
SIM1
SIM2
SIM3
SIM4
1
21
22
SIM5
SIM1
SIM2
SIM3
SIM4
1
21
22
SIM5
SIM1
SIM2
SIM3
SIM4
1
21
22
SIM5
SIM1
SIM2
SIM3
SIM4
1
21
22
SIM5
SIM1
SIM2
SIM3
SIM4
1
21
22
SIM5
SIM1
SIM2
SIM3
SIM4
1
21
22
SIM5
SIM1
SIM2
SIM3
SIM4
1
21
22
SIM5
SIM1
SIM2
SIM3
SIM4
1
21
22
SIM5
SIM1
SIM2
SIM3
SIM4
1
21
22
SIM5
SIM1
SIM2
SIM3
SIM4
1
21
22
SIM5
SIM1
SIM2
SIM3
SIM4
1
21
22
SIM5
SIM1
SIM2
SIM3
SIM4
1
21
22
SIM5
SIM1
SIM2
SIM3
SIM4
1
21
22
SIM5
SIM1
SIM2
SIM3
SIM4
1
21
22
SIM5
SIM1
SIM2
SIM3
SIM4
1
21
22
SIM5
SIM1
SIM2
SIM3
SIM4
1
21
22
SIM5
SIM1
SIM2
SIM3
SIM4
1
21
22
SIM5
SIM1
SIM2
SIM3
SIM4
1
21
22
SIM5
SIM1
SIM2
SIM3
SIM4
1
21
22
SIM5
SIM1
SIM2
SIM3
SIM4
1
21
22
SIM5
SIM1
SIM2
SIM3
SIM4
1
21
22
SIM5
SIM1
SIM2
SIM3
SIM4
1
21
22
SIM5
SIM1
SIM2
SIM3
SIM4
1
21
22
SIM5
SIM1
SIM2
SIM3
SIM4
1
21
22
SIM5
SIM1
SIM2
SIM3
SIM4
1
21
22
SIM5
SIM1
SIM2
SIM3
SIM4
1
21
22
SIM5
SIM1
SIM2
SIM3
SIM4
1
21
22
SIM5
SIM1
SIM2
SIM3
SIM4
1
21
22
SIM5
SIM1
SIM2
SIM3
SIM4
1
21
22
SIM5
SIM1
SIM2
SIM3
SIM4
1
21
22
SIM5
SIM1
SIM2
SIM3
SIM4
1
21
22
SIM5
SIM1
SIM2
SIM3
SIM4
1
21
22
SIM5
SIM1
SIM2
SIM3
SIM4
1
21
22
SIM5
SIM1
SIM2
SIM3
SIM4
1
21
22
SIM5
SIM1
SIM2
SIM3
SIM4
1
21
22
SIM5
SIM1
SIM2
SIM3
SIM4
1
21
22
SIM5
SIM1
SIM2
SIM3
SIM4
1
21
22
SIM5
SIM1
SIM2
SIM3
SIM4
1
21
22
SIM5
SIM1
SIM2
SIM3
SIM4
1
21
22
SIM5
SIM1
SIM2
SIM3
SIM4
1
21
22
SIM5
SIM1
SIM2
SIM3
SIM4
1
21
22
SIM5
SIM1
SIM2
SIM3
SIM4
1
21
22
SIM5
SIM1
SIM2
SIM3
SIM4
1
21
22
SIM5
SIM1
SIM2
SIM3
SIM4
1
21
22
SIM5
SIM1
SIM2
SIM3
SIM4
1
21
22
SIM5
SIM1
SIM2
SIM3
SIM4
1
21
22
SIM5
SIM1
SIM2
SIM3
SIM4
1
21
22
SIM5
SIM1
SIM2
SIM3
SIM4
1
21
22
SIM5
SIM1
SIM2
SIM3
SIM4
1
21
22
SIM5
SIM1
SIM2
SIM3
SIM4
1
21
22
SIM5
SIM1
SIM2
SIM3
SIM4
1
21
22
SIM5
SIM1
SIM2
SIM3
SIM4
1
21
22
SIM5
SIM1
SIM2
SIM3
SIM4
1
21
22
SIM5
SIM1
SIM2
SIM3
SIM4
1
21
22
SIM5
SIM1
SIM2
SIM3
SIM4
1
21
22
SIM5
SIM1
SIM2
SIM3
SIM4
1
21
22
SIM5
SIM1
SIM2
SIM3
SIM4
1
21
22
SIM5
SIM1
SIM2
SIM3
SIM4
1
21
22
SIM5
SIM1
SIM2
SIM3
SIM4
1
21
22
SIM5
SIM1
SIM2
SIM3
SIM4
1
21
22
SIM5
SIM1
SIM2
SIM3
SIM4
1
21
22
SIM5
SIM1
SIM2
SIM3
SIM4
1
21
22
SIM5
SIM1
SIM2
SIM3
SIM4
1
21
22
SIM5
SIM1
SIM2
SIM3
SIM4
1
21
22
SIM5
SIM1
SIM2
SIM3
SIM4
1
21
22
SIM5
SIM1
SIM2
SIM3
SIM4
1
21
22
SIM5
SIM1
SIM2
SIM3
SIM4
1
21
22
SIM5
SIM1
SIM2
SIM3
SIM4
1
21
22
SIM5
SIM1
SIM2
DEBUG 1 751
SIM1
SIM2
SIM3
SIM4
1
21
22
SIM5
SIM1
SIM2
SIM3
SIM4
1
21
22
SIM5
SIM1
SIM2
SIM3
SIM4
1
21
22
SIM5
SIM1
SIM2
SIM3
SIM4
1
21
22
SIM5
SIM1
SIM2
SIM3
SIM4
1
21
22
SIM5
SIM1
SIM2
SIM3
SIM4
1
21
22
SIM5
SIM1
SIM2
SIM3
SIM4
1
21
22
SIM5
SIM1
SIM2
SIM3
SIM4
1
21
22
SIM5
SIM1
SIM2
SIM3
SIM4
1
21
22
SIM5
SIM1
SIM2
SIM3
SIM4
1
21
22
SIM5
SIM1
SIM2
SIM3
SIM4
1
21
22
SIM5
SIM1
SIM2
SIM3
SIM4
1
21
22
SIM5
SIM1
SIM2
SIM3
SIM4
1
21
22
SIM5
SIM1
SIM2
SIM3
SIM4
1
21
22
SIM5
SIM1
SIM2
SIM3
SIM4
1
21
22
SIM5
SIM1
SIM2
SIM3
SIM4
1
21
22
SIM5
SIM1
SIM2
SIM3
SIM4
1
21
22
SIM5
SIM1
SIM2
SIM3
SIM4
1
21
22
SIM5
SIM1
SIM2
SIM3
SIM4
1
21
22
SIM5
SIM1
SIM2
SIM3
SIM4
1
21
22
SIM5
SIM1
SIM2
SIM3
SIM4
1
21
22
SIM5
SIM1
SIM2
SIM3
SIM4
1
21
22
SIM5
SIM1
SIM2
SIM3
SIM4
1
21
22
SIM5
SIM1
SIM2
SIM3
SIM4
1
21
22
SIM5
SIM1
SIM2
SIM3
SIM4
1
21
22
SIM5
SIM1
SIM2
SIM3
SIM4
1
21
22
SIM5
SIM1
SIM2
SIM3
SIM4
1
21
22
SIM5
SIM1
SIM2
SIM3
SIM4
1
21
22
SIM5
SIM1
SIM2
SIM3
SIM4
1
21
22
SIM5
SIM1
SIM2
SIM3
SIM4
1
21
22
SIM5
SIM1
SIM2
SIM3
SIM4
1
21
22
SIM5
SIM1
SIM2
SIM3
SIM4
1
21
22
SIM5
SIM1
SIM2
SIM3
SIM4
1
21
22
SIM5
SIM1
SIM2
SIM3
SIM4
1
21
22
SIM5
SIM1
SIM2
SIM3
SIM4
1
21
22
SIM5
SIM1
SIM2
SIM3
SIM4
1
21
22
SIM5
SIM1
SIM2
SIM3
SIM4
1
21
22
SIM5
SIM1
SIM2
SIM3
SIM4
1
21
22
SIM5
SIM1
SIM2
SIM3
SIM4
1
21
22
SIM5
SIM1
SIM2
SIM3
SIM4
1
21
22
SIM5
SIM1
SIM2
SIM3
SIM4
1
21
22
SIM5
SIM1
SIM2
SIM3
SIM4
1
21
22
SIM5
SIM1
SIM2
SIM3
SIM4
1
21
22
SIM5
SIM1
SIM2
SIM3
SIM4
1
21
22
SIM5
SIM1
SIM2
SIM3
SIM4
1
21
22
SIM5
SIM1
SIM2
SIM3
SIM4
1
21
22
SIM5
SIM1
SIM2
SIM3
SIM4
1
21
22
SIM5
SIM1
SIM2
SIM3
SIM4
1
21
22
SIM5
SIM1
SIM2
SIM3
SIM4
1
21
22
SIM5
SIM1
SIM2
SIM3
SIM4
1
21
22
SIM5
SIM1
SIM2
SIM3
SIM4
1
21
22
SIM5
SIM1
SIM2
SIM3
SIM4
1
21
22
SIM5
SIM1
SIM2
SIM3
SIM4
1
21
22
SIM5
SIM1
SIM2
SIM3
SIM4
1
21
22
SIM5
SIM1
SIM2
SIM3
SIM4
1
21
22
SIM5
SIM1
SIM2
SIM3
SIM4
1
21
22
SIM5
SIM1
SIM2
SIM3
SIM4
1
21
22
SIM5
SIM1
SIM2
SIM3
SIM4
1
21
22
SIM5
SIM1
SIM2
SIM3
SIM4
1
21
22
SIM5
SIM1
SIM2
SIM3
SIM4
1
21
22
SIM5
SIM1
SIM2
SIM3
SIM4
1
21
22
SIM5
SIM1
SIM2
SIM3
SIM4
1
21
22
SIM5
SIM1
SIM2
SIM3
SIM4
1
21
22
SIM5
SIM1
SIM2
SIM3
SIM4
1
21
22
SIM5
SIM1
SIM2
SIM3
SIM4
1
21
22
SIM5
SIM1
SIM2
SIM3
SIM4
1
21
22
SIM5
SIM1
SIM2
SIM3
SIM4
1
21
22
SIM5
SIM1
SIM2
SIM3
SIM4
1
21
22
SIM5
SIM1
SIM2
SIM3
SIM4
1
21
22
SIM5
SIM1
SIM2
SIM3
SIM4
1
21
22
SIM5
SIM1
SIM2
SIM3
SIM4
1
21
22
SIM5
SIM1
SIM2
SIM3
SIM4
1
21
22
SIM5
SIM1
SIM2
SIM3
SIM4
1
21
22
SIM5
SIM1
SIM2
SIM3
SIM4
1
21
22
SIM5
SIM1
SIM2
SIM3
SIM4
1
21
22
SIM5
SIM1
SIM2
SIM3
SIM4
1
21
22
SIM5
SIM1
SIM2
SIM3
SIM4
1
21
22
SIM5
SIM1
SIM2
SIM3
SIM4
1
21
22
SIM5
SIM1
SIM2
SIM3
SIM4
1
21
22
SIM5
SIM1
SIM2
SIM3
SIM4
1
21
22
SIM5
SIM1
SIM2
SIM3
SIM4
1
21
22
SIM5
SIM1
SIM2
SIM3
SIM4
1
21
22
SIM5
SIM1
SIM2
SIM3
SIM4
1
21
22
SIM5
SIM1
SIM2
SIM3
SIM4
1
21
22
SIM5
SIM1
SIM2
SIM3
SIM4
1
21
22
SIM5
SIM1
SIM2
SIM3
SIM4
1
21
22
SIM5
SIM1
SIM2
SIM3
SIM4
1
21
22
SIM5
SIM1
SIM2
SIM3
SIM4
1
21
22
SIM5
SIM1
SIM2
SIM3
SIM4
1
21
22
SIM5
SIM1
SIM2
SIM3
SIM4
1
21
22
SIM5
SIM1
SIM2
SIM3
SIM4
1
21
22
SIM5
SIM1
SIM2
SIM3
SIM4
1
21
22
SIM5
SIM1
SIM2
SIM3
SIM4
1
21
22
SIM5
SIM1
SIM2
SIM3
SIM4
1
21
22
SIM5
SIM1
SIM2
SIM3
SIM4
1
21
22
SIM5
SIM1
SIM2
SIM3
SIM4
1
21
22
SIM5
SIM1
SIM2
SIM3
SIM4
1
21
22
SIM5
SIM1
SIM2
SIM3
SIM4
1
21
22
SIM5
SIM1
SIM2
SIM3
SIM4
1
21
22
SIM5
SIM1
SIM2
SIM3
SIM4
1
21
22
SIM5
SIM1
SIM2
SIM3
SIM4
1
21
22
SIM5
SIM1
SIM2
SIM3
SIM4
1
21
22
SIM5
SIM1
SIM2
SIM3
SIM4
1
21
22
SIM5
SIM1
SIM2
SIM3
SIM4
1
21
22
SIM5
SIM1
SIM2
SIM3
SIM4
1
21
22
SIM5
SIM1
SIM2
SIM3
SIM4
1
21
22
SIM5
SIM1
SIM2
SIM3
SIM4
1
21
22
SIM5
SIM1
SIM2
SIM3
SIM4
1
21
22
SIM5
SIM1
SIM2
SIM3
SIM4
1
21
22
SIM5
SIM1
SIM2
SIM3
SIM4
1
21
22
SIM5
SIM1
SIM2
SIM3
SIM4
1
21
22
SIM5
SIM1
SIM2
SIM3
SIM4
1
21
22
SIM5
SIM1
SIM2
DEBUG 1 752
SIM1
SIM2
SIM3
SIM4
1
21
22
SIM5
SIM1
SIM2
SIM3
SIM4
1
21
22
SIM5
SIM1
SIM2
SIM3
SIM4
1
21
22
SIM5
SIM1
SIM2
SIM3
SIM4
1
21
22
SIM5
SIM1
SIM2
SIM3
SIM4
1
21
22
SIM5
SIM1
SIM2
SIM3
SIM4
1
21
22
SIM5
SIM1
SIM2
SIM3
SIM4
1
21
22
SIM5
SIM1
SIM2
SIM3
SIM4
1
21
22
SIM5
SIM1
SIM2
SIM3
SIM4
1
21
22
SIM5
SIM1
SIM2
SIM3
SIM4
1
21
22
SIM5
SIM1
SIM2
SIM3
SIM4
1
21
22
SIM5
SIM1
SIM2
SIM3
SIM4
1
21
22
SIM5
SIM1
SIM2
SIM3
SIM4
1
21
22
SIM5
SIM1
SIM2
SIM3
SIM4
1
21
22
SIM5
SIM1
SIM2
SIM3
SIM4
1
21
22
SIM5
SIM1
SIM2
SIM3
SIM4
1
21
22
SIM5
SIM1
SIM2
SIM3
SIM4
1
21
22
SIM5
SIM1
SIM2
SIM3
SIM4
1
21
22
SIM5
SIM1
SIM2
SIM3
SIM4
1
21
22
SIM5
SIM1
SIM2
SIM3
SIM4
1
21
22
SIM5
SIM1
SIM2
SIM3
SIM4
1
21
22
SIM5
SIM1
SIM2
SIM3
SIM4
1
21
22
SIM5
SIM1
SIM2
SIM3
SIM4
1
21
22
SIM5
SIM1
SIM2
SIM3
SIM4
1
21
22
SIM5
SIM1
SIM2
SIM3
SIM4
1
21
22
SIM5
SIM1
SIM2
SIM3
SIM4
1
21
22
SIM5
SIM1
SIM2
SIM3
SIM4
1
21
22
SIM5
SIM1
SIM2
SIM3
SIM4
1
21
22
SIM5
SIM1
SIM2
SIM3
SIM4
1
21
22
SIM5
SIM1
SIM2
SIM3
SIM4
1
21
22
SIM5
SIM1
SIM2
SIM3
SIM4
1
21
22
SIM5
SIM1
SIM2
SIM3
SIM4
1
21
22
SIM5
SIM1
SIM2
SIM3
SIM4
1
21
22
SIM5
SIM1
SIM2
SIM3
SIM4
1
21
22
SIM5
SIM1
SIM2
SIM3
SIM4
1
21
22
SIM5
SIM1
SIM2
SIM3
SIM4
1
21
22
SIM5
SIM1
SIM2
SIM3
SIM4
1
21
22
SIM5
SIM1
SIM2
SIM3
SIM4
1
21
22
SIM5
SIM1
SIM2
SIM3
SIM4
1
21
22
SIM5
SIM1
SIM2
SIM3
SIM4
1
21
22
SIM5
SIM1
SIM2
SIM3
SIM4
1
21
22
SIM5
SIM1
SIM2
SIM3
SIM4
1
21
22
SIM5
SIM1
SIM2
SIM3
SIM4
1
21
22
SIM5
SIM1
SIM2
SIM3
SIM4
1
21
22
SIM5
SIM1
SIM2
SIM3
SIM4
1
21
22
SIM5
SIM1
SIM2
SIM3
SIM4
1
21
22
SIM5
SIM1
SIM2
SIM3
SIM4
1
21
22
SIM5
SIM1
SIM2
SIM3
SIM4
1
21
22
SIM5
SIM1
SIM2
SIM3
SIM4
1
21
22
SIM5
SIM1
SIM2
SIM3
SIM4
1
21
22
SIM5
SIM1
SIM2
SIM3
SIM4
1
21
22
SIM5
SIM1
SIM2
SIM3
SIM4
1
21
22
SIM5
SIM1
SIM2
SIM3
SIM4
1
21
22
SIM5
SIM1
SIM2
SIM3
SIM4
1
21
22
SIM5
SIM1
SIM2
SIM3
SIM4
1
21
22
SIM5
SIM1
SIM2
SIM3
SIM4
1
21
22
SIM5
SIM1
SIM2
SIM3
SIM4
1
21
22
SIM5
SIM1
SIM2
SIM3
SIM4
1
21
22
SIM5
SIM1
SIM2
SIM3
SIM4
1
21
22
SIM5
SIM1
SIM2
SIM3
SIM4
1
21
22
SIM5
SIM1
SIM2
SIM3
SIM4
1
21
22
SIM5
SIM1
SIM2
SIM3
SIM4
1
21
22
SIM5
SIM1
SIM2
SIM3
SIM4
1
21
22
SIM5
SIM1
SIM2
SIM3
SIM4
1
21
22
SIM5
SIM1
SIM2
SIM3
SIM4
1
21
22
SIM5
SIM1
SIM2
SIM3
SIM4
1
21
22
SIM5
SIM1
SIM2
SIM3
SIM4
1
21
22
SIM5
SIM1
SIM2
SIM3
SIM4
1
21
22
SIM5
SIM1
SIM2
SIM3
SIM4
1
21
22
SIM5
SIM1
SIM2
SIM3
SIM4
1
21
22
SIM5
SIM1
SIM2
SIM3
SIM4
1
21
22
SIM5
SIM1
SIM2
SIM3
SIM4
1
21
22
SIM5
SIM1
SIM2
SIM3
SIM4
1
21
22
SIM5
SIM1
SIM2
SIM3
SIM4
1
21
22
SIM5
SIM1
SIM2
SIM3
SIM4
1
21
22
SIM5
SIM1
SIM2
SIM3
SIM4
1
21
22
SIM5
SIM1
SIM2
SIM3
SIM4
1
21
22
SIM5
SIM1
SIM2
SIM3
SIM4
1
21
22
SIM5
SIM1
SIM2
SIM3
SIM4
1
21
22
SIM5
SIM1
SIM2
SIM3
SIM4
1
21
22
SIM5
SIM1
SIM2
SIM3
SIM4
1
21
22
SIM5
SIM1
SIM2
SIM3
SIM4
1
21
22
SIM5
SIM1
SIM2
SIM3
SIM4
1
21
22
SIM5
SIM1
SIM2
SIM3
SIM4
1
21
22
SIM5
SIM1
SIM2
SIM3
SIM4
1
21
22
SIM5
SIM1
SIM2
SIM3
SIM4
1
21
22
SIM5
SIM1
SIM2
SIM3
SIM4
1
21
22
SIM5
SIM1
SIM2
SIM3
SIM4
1
21
22
SIM5
SIM1
SIM2
SIM3
SIM4
1
21
22
SIM5
SIM1
SIM2
SIM3
SIM4
1
21
22
SIM5
SIM1
SIM2
SIM3
SIM4
1
21
22
SIM5
SIM1
SIM2
SIM3
SIM4
1
21
22
SIM5
SIM1
SIM2
SIM3
SIM4
1
21
22
SIM5
SIM1
SIM2
SIM3
SIM4
1
21
22
SIM5
SIM1
SIM2
SIM3
SIM4
1
21
22
SIM5
SIM1
SIM2
SIM3
SIM4
1
21
22
SIM5
SIM1
SIM2
SIM3
SIM4
1
21
22
SIM5
SIM1
SIM2
SIM3
SIM4
1
21
22
SIM5
SIM1
SIM2
SIM3
SIM4
1
21
22
SIM5
SIM1
SIM2
SIM3
SIM4
1
21
22
SIM5
SIM1
SIM2
SIM3
SIM4
1
21
22
SIM5
SIM1
SIM2
SIM3
SIM4
1
21
22
SIM5
SIM1
SIM2
SIM3
SIM4
1
21
22
SIM5
SIM1
SIM2
SIM3
SIM4
1
21
22
SIM5
SIM1
SIM2
SIM3
SIM4
1
21
22
SIM5
SIM1
SIM2
SIM3
SIM4
1
21
22
SIM5
SIM1
SIM2
SIM3
SIM4
1
21
22
SIM5
SIM1
SIM2
SIM3
SIM4
1
21
22
SIM5
SIM1
SIM2
SIM3
SIM4
1
21
22
SIM5
SIM1
SIM2
SIM3
SIM4
1
21
22
SIM5
SIM1
SIM2
SIM3
SIM4
1
21
22
SIM5
SIM1
SIM2
SIM3
SIM4
1
21
22
SIM5
SIM1
SIM2
SIM3
SIM4
1
21
22
SIM5
SIM1
SIM2
SIM3
SIM4
1
21
22
SIM5
SIM1
SIM2
SIM3
SIM4
1
21
22
SIM5
SIM1
SIM2
SIM3
SIM4
1
21
22
SIM5
SIM1
SIM2
SIM3
SIM4
1
21
22
SIM5
SIM1
SIM2
SIM3
SIM4
1
21
22
SIM5
SIM1
SIM2
SIM3
SIM4
1
21
22
SIM5
SIM1
SIM2
SIM3
SIM4
1
21
22
SIM5
SIM1
SIM2
SIM3
SIM4
1
21
22
SIM5
SIM1
SIM2
SIM3
SIM4
1
21
22
SIM5
SIM1
SIM2
SIM3
SIM4
1
21
22
SIM5
SIM1
SIM2
SIM3
SIM4
1
21
22
SIM5
SIM1
SIM2
SIM3
SIM4
1
21
22
SIM5
SIM1
SIM2
SIM3
SIM4
1
21
22
SIM5
SIM1
SIM2
SIM3
SIM4
1
21
22
SIM5
SIM1
SIM2
SIM3
SIM4
1
21
22
SIM5
SIM1
SIM2
SIM3
SIM4
1
21
22
SIM5
SIM1
SIM2
SIM3
SIM4
1
21
22
SIM5
SIM1
SIM2
SIM3
SIM4
1
21
22
SIM5
SIM1
SIM2
SIM3
SIM4
1
21
22
SIM5
SIM1
SIM2
SIM3
SIM4
1
21
22
SIM5
SIM1
SIM2
SIM3
SIM4
1
21
22
SIM5
SIM1
SIM2
SIM3
SIM4
1
21
22
SIM5
SIM1
SIM2
SIM3
SIM4
1
21
22
SIM5
SIM1
SIM2
SIM3
SIM4
1
21
22
SIM5
SIM1
SIM2
SIM3
SIM4
1
21
22
SIM5
SIM1
SIM2
SIM3
SIM4
1
21
22
SIM5
SIM1
SIM2
SIM3
SIM4
1
21
22
SIM5
SIM1
SIM2
SIM3
SIM4
1
21
22
SIM5
SIM1
SIM2
SIM3
SIM4
1
21
22
SIM5
SIM1
SIM2
SIM3
SIM4
1
21
22
SIM5
SIM1
SIM2
SIM3
SIM4
1
21
22
SIM5
SIM1
SIM2
SIM3
SIM4
1
21
22
SIM5
SIM1
SIM2
SIM3
SIM4
1
21
22
SIM5
SIM1
SIM2
SIM3
SIM4
1
21
22
SIM5
SIM1
SIM2
SIM3
SIM4
1
21
22
SIM5
SIM1
SIM2
SIM3
SIM4
1
21
22
SIM5
SIM1
SIM2
SIM3
SIM4
1
21
22
SIM5
SIM1
SIM2
SIM3
SIM4
1
21
22
SIM5
SIM1
SIM2
SIM3
SIM4
1
21
22
SIM5
SIM1
SIM2
SIM3
SIM4
1
21
22
SIM5
SIM1
SIM2
SIM3
SIM4
1
21
22
SIM5
SIM1
SIM2
SIM3
SIM4
1
21
22
SIM5
SIM1
SIM2
SIM3
SIM4
1
21
22
SIM5
SIM1
SIM2
SIM3
SIM4
1
21
22
SIM5
SIM1
SIM2
SIM3
SIM4
1
21
22
SIM5
SIM1
SIM2
SIM3
SIM4
1
21
22
SIM5
SIM1
SIM2
SIM3
SIM4
1
21
22
SIM5
SIM1
SIM2
SIM3
SIM4
1
21
22
SIM5
SIM1
SIM2
SIM3
SIM4
1
21
22
SIM5
SIM1
SIM2
SIM3
SIM4
1
21
22
SIM5
SIM1
SIM2
SIM3
SIM4
1
21
22
SIM5
SIM1
SIM2
SIM3
SIM4
1
21
22
SIM5
SIM1
SIM2
SIM3
SIM4
1
21
22
SIM5
SIM1
SIM2
SIM3
SIM4
1
21
22
SIM5
SIM1
SIM2
SIM3
SIM4
1
21
22
SIM5
SIM1
SIM2
SIM3
SIM4
1
21
22
SIM5
SIM1
SIM2
SIM3
SIM4
1
21
22
SIM5
SIM1
SIM2
SIM3
SIM4
1
21
22
SIM5
SIM1
SIM2
SIM3
SIM4
1
21
22
SIM5
SIM1
SIM2
SIM3
SIM4
1
21
22
SIM5
SIM1
SIM2
SIM3
SIM4
1
21
22
SIM5
SIM1
SIM2
SIM3
SIM4
1
21
22
SIM5
SIM1
SIM2
SIM3
SIM4
1
21
22
SIM5
SIM1
SIM2
SIM3
SIM4
1
21
22
SIM5
SIM1
SIM2
SIM3
SIM4
1
21
22
SIM5
SIM1
SIM2
SIM3
SIM4
1
21
22
SIM5
SIM1
SIM2
SIM3
SIM4
1
21
22
SIM5
SIM1
SIM2
SIM3
SIM4
1
21
22
SIM5
SIM1
SIM2
SIM3
SIM4
1
21
22
SIM5
SIM1
SIM2
SIM3
SIM4
1
21
22
SIM5
SIM1
SIM2
SIM3
SIM4
1
21
22
SIM5
SIM1
SIM2
SIM3
SIM4
1
21
22
SIM5
SIM1
SIM2
SIM3
SIM4
1
21
22
SIM5
SIM1
SIM2
SIM3
SIM4
1
21
22
SIM5
SIM1
SIM2
SIM3
SIM4
1
21
22
SIM5
SIM1
SIM2
SIM3
SIM4
1
21
22
SIM5
SIM1
SIM2
SIM3
SIM4
1
21
22
SIM5
SIM1
SIM2
SIM3
SIM4
1
21
22
SIM5
SIM1
SIM2
SIM3
SIM4
1
21
22
SIM5
SIM1
SIM2
SIM3
SIM4
1
21
22
SIM5
SIM1
SIM2
SIM3
SIM4
1
21
22
SIM5
SIM1
SIM2
SIM3
SIM4
1
21
22
SIM5
SIM1
SIM2
SIM3
SIM4
1
21
22
SIM5
SIM1
SIM2
SIM3
SIM4
1
21
22
SIM5
SIM1
SIM2
SIM3
SIM4
1
21
22
SIM5
SIM1
SIM2
SIM3
SIM4
1
21
22
SIM5
SIM1
SIM2
SIM3
SIM4
1
21
22
SIM5
SIM1
SIM2
SIM3
SIM4
1
21
22
SIM5
SIM1
SIM2
SIM3
SIM4
1
21
22
SIM5
SIM1
SIM2
SIM3
SIM4
1
21
22
SIM5
SIM1
SIM2
SIM3
SIM4
1
21
22
SIM5
SIM1
SIM2
SIM3
SIM4
1
21
22
SIM5
SIM1
SIM2
SIM3
SIM4
1
21
22
SIM5
SIM1
SIM2
SIM3
SIM4
1
21
22
SIM5
SIM1
SIM2
SIM3
SIM4
1
21
22
SIM5
SIM1
SIM2
SIM3
SIM4
1
21
22
SIM5
SIM1
SIM2
DEBUG 1 753
SIM1
SIM2
SIM3
SIM4
1
21
22
SIM5
SIM1
SIM2
SIM3
SIM4
1
21
22
SIM5
SIM1
SIM2
SIM3
SIM4
1
21
22
SIM5
SIM1
SIM2
SIM3
SIM4
1
21
22
SIM5
SIM1
SIM2
SIM3
SIM4
1
21
22
SIM5
SIM1
SIM2
SIM3
SIM4
1
21
22
SIM5
SIM1
SIM2
SIM3
SIM4
1
21
22
SIM5
SIM1
SIM2
SIM3
SIM4
1
21
22
SIM5
SIM1
SIM2
SIM3
SIM4
1
21
22
SIM5
SIM1
SIM2
SIM3
SIM4
1
21
22
SIM5
SIM1
SIM2
SIM3
SIM4
1
21
22
SIM5
SIM1
SIM2
SIM3
SIM4
1
21
22
SIM5
SIM1
SIM2
SIM3
SIM4
1
21
22
SIM5
SIM1
SIM2
SIM3
SIM4
1
21
22
SIM5
SIM1
SIM2
SIM3
SIM4
1
21
22
SIM5
SIM1
SIM2
SIM3
SIM4
1
21
22
SIM5
SIM1
SIM2
SIM3
SIM4
1
21
22
SIM5
SIM1
SIM2
SIM3
SIM4
1
21
22
SIM5
SIM1
SIM2
SIM3
SIM4
1
21
22
SIM5
SIM1
SIM2
SIM3
SIM4
1
21
22
SIM5
SIM1
SIM2
SIM3
SIM4
1
21
22
SIM5
SIM1
SIM2
SIM3
SIM4
1
21
22
SIM5
SIM1
SIM2
SIM3
SIM4
1
21
22
SIM5
SIM1
SIM2
SIM3
SIM4
1
21
22
SIM5
SIM1
SIM2
SIM3
SIM4
1
21
22
SIM5
SIM1
SIM2
SIM3
SIM4
1
21
22
SIM5
SIM1
SIM2
SIM3
SIM4
1
21
22
SIM5
SIM1
SIM2
SIM3
SIM4
1
21
22
SIM5
SIM1
SIM2
SIM3
SIM4
1
21
22
SIM5
SIM1
SIM2
SIM3
SIM4
1
21
22
SIM5
SIM1
SIM2
SIM3
SIM4
1
21
22
SIM5
SIM1
SIM2
SIM3
SIM4
1
21
22
SIM5
SIM1
SIM2
SIM3
SIM4
1
21
22
SIM5
SIM1
SIM2
SIM3
SIM4
1
21
22
SIM5
SIM1
SIM2
SIM3
SIM4
1
21
22
SIM5
SIM1
SIM2
SIM3
SIM4
1
21
22
SIM5
SIM1
SIM2
SIM3
SIM4
1
21
22
SIM5
SIM1
SIM2
SIM3
SIM4
1
21
22
SIM5
SIM1
SIM2
SIM3
SIM4
1
21
22
SIM5
SIM1
SIM2
SIM3
SIM4
1
21
22
SIM5
SIM1
SIM2
SIM3
SIM4
1
21
22
SIM5
SIM1
SIM2
SIM3
SIM4
1
21
22
SIM5
SIM1
SIM2
SIM3
SIM4
1
21
22
SIM5
SIM1
SIM2
SIM3
SIM4
1
21
22
SIM5
SIM1
SIM2
SIM3
SIM4
1
21
22
SIM5
SIM1
SIM2
SIM3
SIM4
1
21
22
SIM5
SIM1
SIM2
SIM3
SIM4
1
21
22
SIM5
SIM1
SIM2
SIM3
SIM4
1
21
22
SIM5
SIM1
SIM2
SIM3
SIM4
1
21
22
SIM5
SIM1
SIM2
SIM3
SIM4
1
21
22
SIM5
SIM1
SIM2
SIM3
SIM4
1
21
22
SIM5
SIM1
SIM2
SIM3
SIM4
1
21
22
SIM5
SIM1
SIM2
SIM3
SIM4
1
21
22
SIM5
SIM1
SIM2
SIM3
SIM4
1
21
22
SIM5
SIM1
SIM2
SIM3
SIM4
1
21
22
SIM5
SIM1
SIM2
SIM3
SIM4
1
21
22
SIM5
SIM1
SIM2
SIM3
SIM4
1
21
22
SIM5
SIM1
SIM2
SIM3
SIM4
1
21
22
SIM5
SIM1
SIM2
SIM3
SIM4
1
21
22
SIM5
SIM1
SIM2
SIM3
SIM4
1
21
22
SIM5
SIM1
SIM2
SIM3
SIM4
1
21
22
SIM5
SIM1
SIM2
SIM3
SIM4
1
21
22
SIM5
SIM1
SIM2
SIM3
SIM4
1
21
22
SIM5
SIM1
SIM2
SIM3
SIM4
1
21
22
SIM5
SIM1
SIM2
SIM3
SIM4
1
21
22
SIM5
SIM1
SIM2
SIM3
SIM4
1
21
22
SIM5
SIM1
SIM2
SIM3
SIM4
1
21
22
SIM5
SIM1
SIM2
SIM3
SIM4
1
21
22
SIM5
SIM1
SIM2
SIM3
SIM4
1
21
22
SIM5
SIM1
SIM2
SIM3
SIM4
1
21
22
SIM5
SIM1
SIM2
SIM3
SIM4
1
21
22
SIM5
SIM1
SIM2
SIM3
SIM4
1
21
22
SIM5
SIM1
SIM2
SIM3
SIM4
1
21
22
SIM5
SIM1
SIM2
SIM3
SIM4
1
21
22
SIM5
SIM1
SIM2
SIM3
SIM4
1
21
22
SIM5
SIM1
SIM2
SIM3
SIM4
1
21
22
SIM5
SIM1
SIM2
SIM3
SIM4
1
21
22
SIM5
SIM1
SIM2
SIM3
SIM4
1
21
22
SIM5
SIM1
SIM2
SIM3
SIM4
1
21
22
SIM5
SIM1
SIM2
SIM3
SIM4
1
21
22
SIM5
SIM1
SIM2
SIM3
SIM4
1
21
22
SIM5
SIM1
SIM2
SIM3
SIM4
1
21
22
SIM5
SIM1
SIM2
SIM3
SIM4
1
21
22
SIM5
SIM1
SIM2
SIM3
SIM4
1
21
22
SIM5
SIM1
SIM2
SIM3
SIM4
1
21
22
SIM5
SIM1
SIM2
SIM3
SIM4
1
21
22
SIM5
SIM1
SIM2
SIM3
SIM4
1
21
22
SIM5
SIM1
SIM2
SIM3
SIM4
1
21
22
SIM5
SIM1
SIM2
SIM3
SIM4
1
21
22
SIM5
SIM1
SIM2
SIM3
SIM4
1
21
22
SIM5
SIM1
SIM2
SIM3
SIM4
1
21
22
SIM5
SIM1
SIM2
SIM3
SIM4
1
21
22
SIM5
SIM1
SIM2
SIM3
SIM4
1
21
22
SIM5
SIM1
SIM2
SIM3
SIM4
1
21
22
SIM5
SIM1
SIM2
SIM3
SIM4
1
21
22
SIM5
SIM1
SIM2
SIM3
SIM4
1
21
22
SIM5
SIM1
SIM2
SIM3
SIM4
1
21
22
SIM5
SIM1
SIM2
SIM3
SIM4
1
21
22
SIM5
SIM1
SIM2
SIM3
SIM4
1
21
22
SIM5
SIM1
SIM2
SIM3
SIM4
1
21
22
SIM5
SIM1
SIM2
SIM3
SIM4
1
21
22
SIM5
SIM1
SIM2
SIM3
SIM4
1
21
22
SIM5
SIM1
SIM2
SIM3
SIM4
1
21
22
SIM5
SIM1
SIM2
SIM3
SIM4
1
21
22
SIM5
SIM1
SIM2
SIM3
SIM4
1
21
22
SIM5
SIM1
SIM2
SIM3
SIM4
1
21
22
SIM5
SIM1
SIM2
SIM3
SIM4
1
21
22
SIM5
SIM1
SIM2
SIM3
SIM4
1
21
22
SIM5
SIM1
SIM2
SIM3
SIM4
1
21
22
SIM5
SIM1
SIM2
SIM3
SIM4
1
21
22
SIM5
SIM1
SIM2
SIM3
SIM4
1
21
22
SIM5
SIM1
SIM2
SIM3
SIM4
1
21
22
SIM5
SIM1
SIM2
SIM3
SIM4
1
21
22
SIM5
SIM1
SIM2
SIM3
SIM4
1
21
22
SIM5
SIM1
SIM2
SIM3
SIM4
1
21
22
SIM5
SIM1
SIM2
SIM3
SIM4
1
21
22
SIM5
SIM1
SIM2
SIM3
SIM4
1
21
22
SIM5
SIM1
SIM2
SIM3
SIM4
1
21
22
SIM5
SIM1
SIM2
SIM3
SIM4
1
21
22
SIM5
SIM1
SIM2
SIM3
SIM4
1
21
22
SIM5
SIM1
SIM2
SIM3
SIM4
1
21
22
SIM5
SIM1
SIM2
SIM3
SIM4
1
21
22
SIM5
SIM1
SIM2
SIM3
SIM4
1
21
22
SIM5
SIM1
SIM2
SIM3
SIM4
1
21
22
SIM5
SIM1
SIM2
SIM3
SIM4
1
21
22
SIM5
SIM1
SIM2
SIM3
SIM4
1
21
22
SIM5
SIM1
SIM2
SIM3
SIM4
1
21
22
SIM5
SIM1
SIM2
SIM3
SIM4
1
21
22
SIM5
SIM1
SIM2
SIM3
SIM4
1
21
22
SIM5
SIM1
SIM2
SIM3
SIM4
1
21
22
SIM5
SIM1
SIM2
DEBUG 1 754
SIM1
SIM2
SIM3
SIM4
1
21
22
SIM5
SIM1
SIM2
SIM3
SIM4
1
21
22
SIM5
SIM1
SIM2
SIM3
SIM4
1
21
22
SIM5
SIM1
SIM2
SIM3
SIM4
1
21
22
SIM5
SIM1
SIM2
SIM3
SIM4
1
21
22
SIM5
SIM1
SIM2
SIM3
SIM4
1
21
22
SIM5
SIM1
SIM2
SIM3
SIM4
1
21
22
SIM5
SIM1
SIM2
SIM3
SIM4
1
21
22
SIM5
SIM1
SIM2
SIM3
SIM4
1
21
22
SIM5
SIM1
SIM2
SIM3
SIM4
1
21
22
SIM5
SIM1
SIM2
SIM3
SIM4
1
21
22
SIM5
SIM1
SIM2
SIM3
SIM4
1
21
22
SIM5
SIM1
SIM2
SIM3
SIM4
1
21
22
SIM5
SIM1
SIM2
SIM3
SIM4
1
21
22
SIM5
SIM1
SIM2
SIM3
SIM4
1
21
22
SIM5
SIM1
SIM2
SIM3
SIM4
1
21
22
SIM5
SIM1
SIM2
SIM3
SIM4
1
21
22
SIM5
SIM1
SIM2
SIM3
SIM4
1
21
22
SIM5
SIM1
SIM2
SIM3
SIM4
1
21
22
SIM5
SIM1
SIM2
SIM3
SIM4
1
21
22
SIM5
SIM1
SIM2
SIM3
SIM4
1
21
22
SIM5
SIM1
SIM2
SIM3
SIM4
1
21
22
SIM5
SIM1
SIM2
SIM3
SIM4
1
21
22
SIM5
SIM1
SIM2
SIM3
SIM4
1
21
22
SIM5
SIM1
SIM2
SIM3
SIM4
1
21
22
SIM5
SIM1
SIM2
SIM3
SIM4
1
21
22
SIM5
SIM1
SIM2
SIM3
SIM4
1
21
22
SIM5
SIM1
SIM2
SIM3
SIM4
1
21
22
SIM5
SIM1
SIM2
SIM3
SIM4
1
21
22
SIM5
SIM1
SIM2
SIM3
SIM4
1
21
22
SIM5
SIM1
SIM2
SIM3
SIM4
1
21
22
SIM5
SIM1
SIM2
SIM3
SIM4
1
21
22
SIM5
SIM1
SIM2
SIM3
SIM4
1
21
22
SIM5
SIM1
SIM2
SIM3
SIM4
1
21
22
SIM5
SIM1
SIM2
SIM3
SIM4
1
21
22
SIM5
SIM1
SIM2
SIM3
SIM4
1
21
22
SIM5
SIM1
SIM2
SIM3
SIM4
1
21
22
SIM5
SIM1
SIM2
SIM3
SIM4
1
21
22
SIM5
SIM1
SIM2
SIM3
SIM4
1
21
22
SIM5
SIM1
SIM2
SIM3
SIM4
1
21
22
SIM5
SIM1
SIM2
SIM3
SIM4
1
21
22
SIM5
SIM1
SIM2
SIM3
SIM4
1
21
22
SIM5
SIM1
SIM2
SIM3
SIM4
1
21
22
SIM5
SIM1
SIM2
SIM3
SIM4
1
21
22
SIM5
SIM1
SIM2
SIM3
SIM4
1
21
22
SIM5
SIM1
SIM2
SIM3
SIM4
1
21
22
SIM5
SIM1
SIM2
SIM3
SIM4
1
21
22
SIM5
SIM1
SIM2
SIM3
SIM4
1
21
22
SIM5
SIM1
SIM2
SIM3
SIM4
1
21
22
SIM5
SIM1
SIM2
SIM3
SIM4
1
21
22
SIM5
SIM1
SIM2
SIM3
SIM4
1
21
22
SIM5
SIM1
SIM2
SIM3
SIM4
1
21
22
SIM5
SIM1
SIM2
SIM3
SIM4
1
21
22
SIM5
SIM1
SIM2
SIM3
SIM4
1
21
22
SIM5
SIM1
SIM2
SIM3
SIM4
1
21
22
SIM5
SIM1
SIM2
SIM3
SIM4
1
21
22
SIM5
SIM1
SIM2
SIM3
SIM4
1
21
22
SIM5
SIM1
SIM2
SIM3
SIM4
1
21
22
SIM5
SIM1
SIM2
SIM3
SIM4
1
21
22
SIM5
SIM1
SIM2
SIM3
SIM4
1
21
22
SIM5
SIM1
SIM2
SIM3
SIM4
1
21
22
SIM5
SIM1
SIM2
SIM3
SIM4
1
21
22
SIM5
SIM1
SIM2
SIM3
SIM4
1
21
22
SIM5
SIM1
SIM2
SIM3
SIM4
1
21
22
SIM5
SIM1
SIM2
SIM3
SIM4
1
21
22
SIM5
SIM1
SIM2
SIM3
SIM4
1
21
22
SIM5
SIM1
SIM2
SIM3
SIM4
1
21
22
SIM5
SIM1
SIM2
SIM3
SIM4
1
21
22
SIM5
SIM1
SIM2
SIM3
SIM4
1
21
22
SIM5
SIM1
SIM2
SIM3
SIM4
1
21
22
SIM5
SIM1
SIM2
SIM3
SIM4
1
21
22
SIM5
SIM1
SIM2
SIM3
SIM4
1
21
22
SIM5
SIM1
SIM2
SIM3
SIM4
1
21
22
SIM5
SIM1
SIM2
SIM3
SIM4
1
21
22
SIM5
SIM1
SIM2
SIM3
SIM4
1
21
22
SIM5
SIM1
SIM2
SIM3
SIM4
1
21
22
SIM5
SIM1
SIM2
SIM3
SIM4
1
21
22
SIM5
SIM1
SIM2
SIM3
SIM4
1
21
22
SIM5
SIM1
SIM2
SIM3
SIM4
1
21
22
SIM5
SIM1
SIM2
SIM3
SIM4
1
21
22
SIM5
SIM1
SIM2
SIM3
SIM4
1
21
22
SIM5
SIM1
SIM2
SIM3
SIM4
1
21
22
SIM5
SIM1
SIM2
SIM3
SIM4
1
21
22
SIM5
SIM1
SIM2
SIM3
SIM4
1
21
22
SIM5
SIM1
SIM2
SIM3
SIM4
1
21
22
SIM5
SIM1
SIM2
SIM3
SIM4
1
21
22
SIM5
SIM1
SIM2
SIM3
SIM4
1
21
22
SIM5
SIM1
SIM2
SIM3
SIM4
1
21
22
SIM5
SIM1
SIM2
SIM3
SIM4
1
21
22
SIM5
SIM1
SIM2
SIM3
SIM4
1
21
22
SIM5
SIM1
SIM2
SIM3
SIM4
1
21
22
SIM5
SIM1
SIM2
SIM3
SIM4
1
21
22
SIM5
SIM1
SIM2
SIM3
SIM4
1
21
22
SIM5
SIM1
SIM2
SIM3
SIM4
1
21
22
SIM5
SIM1
SIM2
SIM3
SIM4
1
21
22
SIM5
SIM1
SIM2
SIM3
SIM4
1
21
22
SIM5
SIM1
SIM2
SIM3
SIM4
1
21
22
SIM5
SIM1
SIM2
SIM3
SIM4
1
21
22
SIM5
SIM1
SIM2
SIM3
SIM4
1
21
22
SIM5
SIM1
SIM2
SIM3
SIM4
1
21
22
SIM5
SIM1
SIM2
SIM3
SIM4
1
21
22
SIM5
SIM1
SIM2
SIM3
SIM4
1
21
22
SIM5
SIM1
SIM2
SIM3
SIM4
1
21
22
SIM5
SIM1
SIM2
SIM3
SIM4
1
21
22
SIM5
SIM1
SIM2
SIM3
SIM4
1
21
22
SIM5
SIM1
SIM2
SIM3
SIM4
1
21
22
SIM5
SIM1
SIM2
SIM3
SIM4
1
21
22
SIM5
SIM1
SIM2
SIM3
SIM4
1
21
22
SIM5
SIM1
SIM2
SIM3
SIM4
1
21
22
SIM5
SIM1
SIM2
SIM3
SIM4
1
21
22
SIM5
SIM1
SIM2
SIM3
SIM4
1
21
22
SIM5
SIM1
SIM2
SIM3
SIM4
1
21
22
SIM5
SIM1
SIM2
SIM3
SIM4
1
21
22
SIM5
SIM1
SIM2
SIM3
SIM4
1
21
22
SIM5
SIM1
SIM2
SIM3
SIM4
1
21
22
SIM5
SIM1
SIM2
SIM3
SIM4
1
21
22
SIM5
SIM1
SIM2
SIM3
SIM4
1
21
22
SIM5
SIM1
SIM2
SIM3
SIM4
1
21
22
SIM5
SIM1
SIM2
SIM3
SIM4
1
21
22
SIM5
SIM1
SIM2
SIM3
SIM4
1
21
22
SIM5
SIM1
SIM2
SIM3
SIM4
1
21
22
SIM5
SIM1
SIM2
SIM3
SIM4
1
21
22
SIM5
SIM1
SIM2
SIM3
SIM4
1
21
22
SIM5
SIM1
SIM2
SIM3
SIM4
1
21
22
SIM5
SIM1
SIM2
SIM3
SIM4
1
21
22
SIM5
SIM1
SIM2
SIM3
SIM4
1
21
22
SIM5
SIM1
SIM2
SIM3
SIM4
1
21
22
SIM5
SIM1
SIM2
SIM3
SIM4
1
21
22
SIM5
SIM1
SIM2
SIM3
SIM4
1
21
22
SIM5
SIM1
SIM2
SIM3
SIM4
1
21
22
SIM5
SIM1
SIM2
SIM3
SIM4
1
21
22
SIM5
SIM1
SIM2
SIM3
SIM4
1
21
22
SIM5
SIM1
SIM2
SIM3
SIM4
1
21
22
SIM5
SIM1
SIM2
SIM3
SIM4
1
21
22
SIM5
SIM1
SIM2
SIM3
SIM4
1
21
22
SIM5
SIM1
SIM2
SIM3
SIM4
1
21
22
SIM5
SIM1
SIM2
SIM3
SIM4
1
21
22
SIM5
SIM1
SIM2
SIM3
SIM4
1
21
22
SIM5
SIM1
SIM2
SIM3
SIM4
1
21
22
SIM5
SIM1
SIM2
SIM3
SIM4
1
21
22
SIM5
SIM1
SIM2
SIM3
SIM4
1
21
22
SIM5
SIM1
SIM2
SIM3
SIM4
1
21
22
SIM5
SIM1
SIM2
SIM3
SIM4
1
21
22
SIM5
SIM1
SIM2
SIM3
SIM4
1
21
22
SIM5
SIM1
SIM2
SIM3
SIM4
1
21
22
SIM5
SIM1
SIM2
SIM3
SIM4
1
21
22
SIM5
SIM1
SIM2
SIM3
SIM4
1
21
22
SIM5
SIM1
SIM2
SIM3
SIM4
1
21
22
SIM5
SIM1
SIM2
SIM3
SIM4
1
21
22
SIM5
SIM1
SIM2
SIM3
SIM4
1
21
22
SIM5
SIM1
SIM2
SIM3
SIM4
1
21
22
SIM5
SIM1
SIM2
SIM3
SIM4
1
21
22
SIM5
SIM1
SIM2
SIM3
SIM4
1
21
22
SIM5
SIM1
SIM2
DEBUG 1 755
SIM1
SIM2
SIM3
SIM4
1
21
22
SIM5
SIM1
SIM2
SIM3
SIM4
1
21
22
SIM5
SIM1
SIM2
SIM3
SIM4
1
21
22
SIM5
SIM1
SIM2
SIM3
SIM4
1
21
22
SIM5
SIM1
SIM2
SIM3
SIM4
1
21
22
SIM5
SIM1
SIM2
SIM3
SIM4
1
21
22
SIM5
SIM1
SIM2
SIM3
SIM4
1
21
22
SIM5
SIM1
SIM2
SIM3
SIM4
1
21
22
SIM5
SIM1
SIM2
SIM3
SIM4
1
21
22
SIM5
SIM1
SIM2
SIM3
SIM4
1
21
22
SIM5
SIM1
SIM2
SIM3
SIM4
1
21
22
SIM5
SIM1
SIM2
SIM3
SIM4
1
21
22
SIM5
SIM1
SIM2
SIM3
SIM4
1
21
22
SIM5
SIM1
SIM2
SIM3
SIM4
1
21
22
SIM5
SIM1
SIM2
SIM3
SIM4
1
21
22
SIM5
SIM1
SIM2
SIM3
SIM4
1
21
22
SIM5
SIM1
SIM2
SIM3
SIM4
1
21
22
SIM5
SIM1
SIM2
SIM3
SIM4
1
21
22
SIM5
SIM1
SIM2
SIM3
SIM4
1
21
22
SIM5
SIM1
SIM2
SIM3
SIM4
1
21
22
SIM5
SIM1
SIM2
SIM3
SIM4
1
21
22
SIM5
SIM1
SIM2
SIM3
SIM4
1
21
22
SIM5
SIM1
SIM2
SIM3
SIM4
1
21
22
SIM5
SIM1
SIM2
SIM3
SIM4
1
21
22
SIM5
SIM1
SIM2
SIM3
SIM4
1
21
22
SIM5
SIM1
SIM2
SIM3
SIM4
1
21
22
SIM5
SIM1
SIM2
SIM3
SIM4
1
21
22
SIM5
SIM1
SIM2
SIM3
SIM4
1
21
22
SIM5
SIM1
SIM2
SIM3
SIM4
1
21
22
SIM5
SIM1
SIM2
SIM3
SIM4
1
21
22
SIM5
SIM1
SIM2
SIM3
SIM4
1
21
22
SIM5
SIM1
SIM2
SIM3
SIM4
1
21
22
SIM5
SIM1
SIM2
SIM3
SIM4
1
21
22
SIM5
SIM1
SIM2
SIM3
SIM4
1
21
22
SIM5
SIM1
SIM2
SIM3
SIM4
1
21
22
SIM5
SIM1
SIM2
SIM3
SIM4
1
21
22
SIM5
SIM1
SIM2
SIM3
SIM4
1
21
22
SIM5
SIM1
SIM2
SIM3
SIM4
1
21
22
SIM5
SIM1
SIM2
SIM3
SIM4
1
21
22
SIM5
SIM1
SIM2
SIM3
SIM4
1
21
22
SIM5
SIM1
SIM2
SIM3
SIM4
1
21
22
SIM5
SIM1
SIM2
SIM3
SIM4
1
21
22
SIM5
SIM1
SIM2
SIM3
SIM4
1
21
22
SIM5
SIM1
SIM2
SIM3
SIM4
1
21
22
SIM5
SIM1
SIM2
SIM3
SIM4
1
21
22
SIM5
SIM1
SIM2
SIM3
SIM4
1
21
22
SIM5
SIM1
SIM2
SIM3
SIM4
1
21
22
SIM5
SIM1
SIM2
SIM3
SIM4
1
21
22
SIM5
SIM1
SIM2
SIM3
SIM4
1
21
22
SIM5
SIM1
SIM2
SIM3
SIM4
1
21
22
SIM5
SIM1
SIM2
SIM3
SIM4
1
21
22
SIM5
SIM1
SIM2
SIM3
SIM4
1
21
22
SIM5
SIM1
SIM2
SIM3
SIM4
1
21
22
SIM5
SIM1
SIM2
SIM3
SIM4
1
21
22
SIM5
SIM1
SIM2
SIM3
SIM4
1
21
22
SIM5
SIM1
SIM2
SIM3
SIM4
1
21
22
SIM5
SIM1
SIM2
SIM3
SIM4
1
21
22
SIM5
SIM1
SIM2
SIM3
SIM4
1
21
22
SIM5
SIM1
SIM2
SIM3
SIM4
1
21
22
SIM5
SIM1
SIM2
SIM3
SIM4
1
21
22
SIM5
SIM1
SIM2
SIM3
SIM4
1
21
22
SIM5
SIM1
SIM2
SIM3
SIM4
1
21
22
SIM5
SIM1
SIM2
SIM3
SIM4
1
21
22
SIM5
SIM1
SIM2
SIM3
SIM4
1
21
22
SIM5
SIM1
SIM2
SIM3
SIM4
1
21
22
SIM5
SIM1
SIM2
SIM3
SIM4
1
21
22
SIM5
SIM1
SIM2
SIM3
SIM4
1
21
22
SIM5
SIM1
SIM2
SIM3
SIM4
1
21
22
SIM5
SIM1
SIM2
SIM3
SIM4
1
21
22
SIM5
SIM1
SIM2
SIM3
SIM4
1
21
22
SIM5
SIM1
SIM2
SIM3
SIM4
1
21
22
SIM5
SIM1
SIM2
SIM3
SIM4
1
21
22
SIM5
SIM1
SIM2
SIM3
SIM4
1
21
22
SIM5
SIM1
SIM2
SIM3
SIM4
1
21
22
SIM5
SIM1
SIM2
SIM3
SIM4
1
21
22
SIM5
SIM1
SIM2
SIM3
SIM4
1
21
22
SIM5
SIM1
SIM2
SIM3
SIM4
1
21
22
SIM5
SIM1
SIM2
SIM3
SIM4
1
21
22
SIM5
SIM1
SIM2
SIM3
SIM4
1
21
22
SIM5
SIM1
SIM2
SIM3
SIM4
1
21
22
SIM5
SIM1
SIM2
SIM3
SIM4
1
21
22
SIM5
SIM1
SIM2
SIM3
SIM4
1
21
22
SIM5
SIM1
SIM2
SIM3
SIM4
1
21
22
SIM5
SIM1
SIM2
SIM3
SIM4
1
21
22
SIM5
SIM1
SIM2
SIM3
SIM4
1
21
22
SIM5
SIM1
SIM2
SIM3
SIM4
1
21
22
SIM5
SIM1
SIM2
SIM3
SIM4
1
21
22
SIM5
SIM1
SIM2
SIM3
SIM4
1
21
22
SIM5
SIM1
SIM2
SIM3
SIM4
1
21
22
SIM5
SIM1
SIM2
SIM3
SIM4
1
21
22
SIM5
SIM1
SIM2
SIM3
SIM4
1
21
22
SIM5
SIM1
SIM2
SIM3
SIM4
1
21
22
SIM5
SIM1
SIM2
SIM3
SIM4
1
21
22
SIM5
SIM1
SIM2
SIM3
SIM4
1
21
22
SIM5
SIM1
SIM2
SIM3
SIM4
1
21
22
SIM5
SIM1
SIM2
SIM3
SIM4
1
21
22
SIM5
SIM1
SIM2
SIM3
SIM4
1
21
22
SIM5
SIM1
SIM2
SIM3
SIM4
1
21
22
SIM5
SIM1
SIM2
SIM3
SIM4
1
21
22
SIM5
SIM1
SIM2
SIM3
SIM4
1
21
22
SIM5
SIM1
SIM2
SIM3
SIM4
1
21
22
SIM5
SIM1
SIM2
SIM3
SIM4
1
21
22
SIM5
SIM1
SIM2
SIM3
SIM4
1
21
22
SIM5
SIM1
SIM2
SIM3
SIM4
1
21
22
SIM5
SIM1
SIM2
SIM3
SIM4
1
21
22
SIM5
SIM1
SIM2
SIM3
SIM4
1
21
22
SIM5
SIM1
SIM2
SIM3
SIM4
1
21
22
SIM5
SIM1
SIM2
SIM3
SIM4
1
21
22
SIM5
SIM1
SIM2
SIM3
SIM4
1
21
22
SIM5
SIM1
SIM2
SIM3
SIM4
1
21
22
SIM5
SIM1
SIM2
SIM3
SIM4
1
21
22
SIM5
SIM1
SIM2
SIM3
SIM4
1
21
22
SIM5
SIM1
SIM2
SIM3
SIM4
1
21
22
SIM5
SIM1
SIM2
SIM3
SIM4
1
21
22
SIM5
SIM1
SIM2
SIM3
SIM4
1
21
22
SIM5
SIM1
SIM2
SIM3
SIM4
1
21
22
SIM5
SIM1
SIM2
SIM3
SIM4
1
21
22
SIM5
SIM1
SIM2
SIM3
SIM4
1
21
22
SIM5
SIM1
SIM2
SIM3
SIM4
1
21
22
SIM5
SIM1
SIM2
SIM3
SIM4
1
21
22
SIM5
SIM1
SIM2
SIM3
SIM4
1
21
22
SIM5
SIM1
SIM2
SIM3
SIM4
1
21
22
SIM5
SIM1
SIM2
SIM3
SIM4
1
21
22
SIM5
SIM1
SIM2
SIM3
SIM4
1
21
22
SIM5
SIM1
SIM2
SIM3
SIM4
1
21
22
SIM5
SIM1
SIM2
SIM3
SIM4
1
21
22
SIM5
SIM1
SIM2
SIM3
SIM4
1
21
22
SIM5
SIM1
SIM2
SIM3
SIM4
1
21
22
SIM5
SIM1
SIM2
SIM3
SIM4
1
21
22
SIM5
SIM1
SIM2
SIM3
SIM4
1
21
22
SIM5
SIM1
SIM2
SIM3
SIM4
1
21
22
SIM5
SIM1
SIM2
SIM3
SIM4
1
21
22
SIM5
SIM1
SIM2
SIM3
SIM4
1
21
22
SIM5
SIM1
SIM2
SIM3
SIM4
1
21
22
SIM5
SIM1
SIM2
SIM3
SIM4
1
21
22
SIM5
SIM1
SIM2
SIM3
SIM4
1
21
22
SIM5
SIM1
SIM2
SIM3
SIM4
1
21
22
SIM5
SIM1
SIM2
SIM3
SIM4
1
21
22
SIM5
SIM1
SIM2
SIM3
SIM4
1
21
22
SIM5
SIM1
SIM2
SIM3
SIM4
1
21
22
SIM5
SIM1
SIM2
SIM3
SIM4
1
21
22
SIM5
SIM1
SIM2
SIM3
SIM4
1
21
22
SIM5
SIM1
SIM2
SIM3
SIM4
1
21
22
SIM5
SIM1
SIM2
SIM3
SIM4
1
21
22
SIM5
SIM1
SIM2
SIM3
SIM4
1
21
22
SIM5
SIM1
SIM2
SIM3
SIM4
1
21
22
SIM5
SIM1
SIM2
SIM3
SIM4
1
21
22
SIM5
SIM1
SIM2
SIM3
SIM4
1
21
22
SIM5
SIM1
SIM2
SIM3
SIM4
1
21
22
SIM5
SIM1
SIM2
SIM3
SIM4
1
21
22
SIM5
SIM1
SIM2
SIM3
SIM4
1
21
22
SIM5
SIM1
SIM2
SIM3
SIM4
1
21
22
SIM5
SIM1
SIM2
SIM3
SIM4
1
21
22
SIM5
SIM1
SIM2
SIM3
SIM4
1
21
22
SIM5
SIM1
SIM2
SIM3
SIM4
1
21
22
SIM5
SIM1
SIM2
SIM3
SIM4
1
21
22
SIM5
SIM1
SIM2
SIM3
SIM4
1
21
22
SIM5
SIM1
SIM2
SIM3
SIM4
1
21
22
SIM5
SIM1
SIM2
SIM3
SIM4
1
21
22
SIM5
SIM1
SIM2
SIM3
SIM4
1
21
22
SIM5
SIM1
SIM2
SIM3
SIM4
1
21
22
SIM5
SIM1
SIM2
SIM3
SIM4
1
21
22
SIM5
SIM1
SIM2
SIM3
SIM4
1
21
22
SIM5
SIM1
SIM2
SIM3
SIM4
1
21
22
SIM5
SIM1
SIM2
SIM3
SIM4
1
21
22
SIM5
SIM1
SIM2
SIM3
SIM4
1
21
22
SIM5
SIM1
SIM2
SIM3
SIM4
1
21
22
SIM5
SIM1
SIM2
SIM3
SIM4
1
21
22
SIM5
SIM1
SIM2
SIM3
SIM4
1
21
22
SIM5
SIM1
SIM2
SIM3
SIM4
1
21
22
SIM5
SIM1
SIM2
SIM3
SIM4
1
21
22
SIM5
SIM1
SIM2
SIM3
SIM4
1
21
22
SIM5
SIM1
SIM2
SIM3
SIM4
1
21
22
SIM5
SIM1
SIM2
SIM3
SIM4
1
21
22
SIM5
SIM1
SIM2
SIM3
SIM4
1
21
22
SIM5
SIM1
SIM2
SIM3
SIM4
1
21
22
SIM5
SIM1
SIM2
SIM3
SIM4
1
21
22
SIM5
SIM1
SIM2
SIM3
SIM4
1
21
22
SIM5
SIM1
SIM2
SIM3
SIM4
1
21
22
SIM5
SIM1
SIM2
SIM3
SIM4
1
21
22
SIM5
SIM1
SIM2
SIM3
SIM4
1
21
22
SIM5
SIM1
SIM2
SIM3
SIM4
1
21
22
SIM5
SIM1
SIM2
SIM3
SIM4
1
21
22
SIM5
SIM1
SIM2
SIM3
SIM4
1
21
22
SIM5
SIM1
SIM2
SIM3
SIM4
1
21
22
SIM5
SIM1
SIM2
SIM3
SIM4
1
21
22
SIM5
SIM1
SIM2
SIM3
SIM4
1
21
22
SIM5
SIM1
SIM2
SIM3
SIM4
1
21
22
SIM5
SIM1
SIM2
SIM3
SIM4
1
21
22
SIM5
SIM1
SIM2
SIM3
SIM4
1
21
22
SIM5
SIM1
SIM2
SIM3
SIM4
1
21
22
SIM5
SIM1
SIM2
SIM3
SIM4
1
21
22
SIM5
SIM1
SIM2
SIM3
SIM4
1
21
22
SIM5
SIM1
SIM2
SIM3
SIM4
1
21
22
SIM5
SIM1
SIM2
SIM3
SIM4
1
21
22
SIM5
SIM1
SIM2
SIM3
SIM4
1
21
22
SIM5
SIM1
SIM2
SIM3
SIM4
1
21
22
SIM5
SIM1
SIM2
SIM3
SIM4
1
21
22
SIM5
SIM1
SIM2
SIM3
SIM4
1
21
22
SIM5
SIM1
SIM2
SIM3
SIM4
1
21
22
SIM5
SIM1
SIM2
SIM3
SIM4
1
21
22
SIM5
SIM1
SIM2
SIM3
SIM4
1
21
22
SIM5
SIM1
SIM2
SIM3
SIM4
1
21
22
SIM5
SIM1
SIM2
SIM3
SIM4
1
21
22
SIM5
SIM1
SIM2
SIM3
SIM4
1
21
22
SIM5
SIM1
SIM2
SIM3
SIM4
1
21
22
SIM5
SIM1
SIM2
SIM3
SIM4
1
21
22
SIM5
SIM1
SIM2
SIM3
SIM4
1
21
22
SIM5
SIM1
SIM2
SIM3
SIM4
1
21
22
SIM5
SIM1
SIM2
SIM3
SIM4
1
21
22
SIM5
SIM1
SIM2
SIM3
SIM4
1
21
22
SIM5
SIM1
SIM2
SIM3
SIM4
1
21
22
SIM5
SIM1
SIM2
SIM3
SIM4
1
21
22
SIM5
SIM1
SIM2
SIM3
SIM4
1
21
22
SIM5
SIM1
SIM2
SIM3
SIM4
1
21
22
SIM5
SIM1
SIM2
SIM3
SIM4
1
21
22
SIM5
SIM1
SIM2
SIM3
SIM4
1
21
22
SIM5
SIM1
SIM2
SIM3
SIM4
1
21
22
SIM5
SIM1
SIM2
SIM3
SIM4
1
21
22
SIM5
SIM1
SIM2
SIM3
SIM4
1
21
22
SIM5
SIM1
SIM2
SIM3
SIM4
1
21
22
SIM5
SIM1
SIM2
SIM3
SIM4
1
21
22
SIM5
SIM1
SIM2
SIM3
SIM4
1
21
22
SIM5
SIM1
SIM2
SIM3
SIM4
1
21
22
SIM5
SIM1
SIM2
SIM3
SIM4
1
21
22
SIM5
SIM1
SIM2
SIM3
SIM4
1
21
22
SIM5
SIM1
SIM2
SIM3
SIM4
1
21
22
SIM5
SIM1
SIM2
SIM3
SIM4
1
21
22
SIM5
SIM1
SIM2
SIM3
SIM4
1
21
22
SIM5
SIM1
SIM2
SIM3
SIM4
1
21
22
SIM5
SIM1
SIM2
SIM3
SIM4
1
21
22
SIM5
SIM1
SIM2
SIM3
SIM4
1
21
22
SIM5
SIM1
SIM2
SIM3
SIM4
1
21
22
SIM5
SIM1
SIM2
SIM3
SIM4
1
21
22
SIM5
SIM1
SIM2
SIM3
SIM4
1
21
22
SIM5
SIM1
SIM2
SIM3
SIM4
1
21
22
SIM5
SIM1
SIM2
SIM3
SIM4
1
21
22
SIM5
SIM1
SIM2
SIM3
SIM4
1
21
22
SIM5
SIM1
SIM2
SIM3
SIM4
1
21
22
SIM5
SIM1
SIM2
SIM3
SIM4
1
21
22
SIM5
SIM1
SIM2
SIM3
SIM4
1
21
22
SIM5
SIM1
SIM2
SIM3
SIM4
1
21
22
SIM5
SIM1
SIM2
SIM3
SIM4
1
21
22
SIM5
SIM1
SIM2
SIM3
SIM4
1
21
22
SIM5
SIM1
SIM2
SIM3
SIM4
1
21
22
SIM5
SIM1
SIM2
SIM3
SIM4
1
21
22
SIM5
SIM1
SIM2
SIM3
SIM4
1
21
22
SIM5
SIM1
SIM2
SIM3
SIM4
1
21
22
SIM5
SIM1
SIM2
DEBUG 1 756
SIM1
SIM2
SIM3
SIM4
1
21
22
SIM5
SIM1
SIM2
SIM3
SIM4
1
21
22
SIM5
SIM1
SIM2
SIM3
SIM4
1
21
22
SIM5
SIM1
SIM2
SIM3
SIM4
1
21
22
SIM5
SIM1
SIM2
SIM3
SIM4
1
21
22
SIM5
SIM1
SIM2
SIM3
SIM4
1
21
22
SIM5
SIM1
SIM2
SIM3
SIM4
1
21
22
SIM5
SIM1
SIM2
SIM3
SIM4
1
21
22
SIM5
SIM1
SIM2
SIM3
SIM4
1
21
22
SIM5
SIM1
SIM2
SIM3
SIM4
1
21
22
SIM5
SIM1
SIM2
SIM3
SIM4
1
21
22
SIM5
SIM1
SIM2
SIM3
SIM4
1
21
22
SIM5
SIM1
SIM2
SIM3
SIM4
1
21
22
SIM5
SIM1
SIM2
SIM3
SIM4
1
21
22
SIM5
SIM1
SIM2
SIM3
SIM4
1
21
22
SIM5
SIM1
SIM2
SIM3
SIM4
1
21
22
SIM5
SIM1
SIM2
SIM3
SIM4
1
21
22
SIM5
SIM1
SIM2
SIM3
SIM4
1
21
22
SIM5
SIM1
SIM2
SIM3
SIM4
1
21
22
SIM5
SIM1
SIM2
SIM3
SIM4
1
21
22
SIM5
SIM1
SIM2
SIM3
SIM4
1
21
22
SIM5
SIM1
SIM2
SIM3
SIM4
1
21
22
SIM5
SIM1
SIM2
SIM3
SIM4
1
21
22
SIM5
SIM1
SIM2
SIM3
SIM4
1
21
22
SIM5
SIM1
SIM2
SIM3
SIM4
1
21
22
SIM5
SIM1
SIM2
SIM3
SIM4
1
21
22
SIM5
SIM1
SIM2
SIM3
SIM4
1
21
22
SIM5
SIM1
SIM2
SIM3
SIM4
1
21
22
SIM5
SIM1
SIM2
SIM3
SIM4
1
21
22
SIM5
SIM1
SIM2
SIM3
SIM4
1
21
22
SIM5
SIM1
SIM2
SIM3
SIM4
1
21
22
SIM5
SIM1
SIM2
SIM3
SIM4
1
21
22
SIM5
SIM1
SIM2
SIM3
SIM4
1
21
22
SIM5
SIM1
SIM2
SIM3
SIM4
1
21
22
SIM5
SIM1
SIM2
SIM3
SIM4
1
21
22
SIM5
SIM1
SIM2
SIM3
SIM4
1
21
22
SIM5
SIM1
SIM2
SIM3
SIM4
1
21
22
SIM5
SIM1
SIM2
SIM3
SIM4
1
21
22
SIM5
SIM1
SIM2
SIM3
SIM4
1
21
22
SIM5
SIM1
SIM2
SIM3
SIM4
1
21
22
SIM5
SIM1
SIM2
SIM3
SIM4
1
21
22
SIM5
SIM1
SIM2
SIM3
SIM4
1
21
22
SIM5
SIM1
SIM2
SIM3
SIM4
1
21
22
SIM5
SIM1
SIM2
SIM3
SIM4
1
21
22
SIM5
SIM1
SIM2
SIM3
SIM4
1
21
22
SIM5
SIM1
SIM2
SIM3
SIM4
1
21
22
SIM5
SIM1
SIM2
SIM3
SIM4
1
21
22
SIM5
SIM1
SIM2
SIM3
SIM4
1
21
22
SIM5
SIM1
SIM2
SIM3
SIM4
1
21
22
SIM5
SIM1
SIM2
SIM3
SIM4
1
21
22
SIM5
SIM1
SIM2
SIM3
SIM4
1
21
22
SIM5
SIM1
SIM2
SIM3
SIM4
1
21
22
SIM5
SIM1
SIM2
SIM3
SIM4
1
21
22
SIM5
SIM1
SIM2
SIM3
SIM4
1
21
22
SIM5
SIM1
SIM2
SIM3
SIM4
1
21
22
SIM5
SIM1
SIM2
SIM3
SIM4
1
21
22
SIM5
SIM1
SIM2
SIM3
SIM4
1
21
22
SIM5
SIM1
SIM2
SIM3
SIM4
1
21
22
SIM5
SIM1
SIM2
SIM3
SIM4
1
21
22
SIM5
SIM1
SIM2
SIM3
SIM4
1
21
22
SIM5
SIM1
SIM2
SIM3
SIM4
1
21
22
SIM5
SIM1
SIM2
SIM3
SIM4
1
21
22
SIM5
SIM1
SIM2
SIM3
SIM4
1
21
22
SIM5
SIM1
SIM2
SIM3
SIM4
1
21
22
SIM5
SIM1
SIM2
SIM3
SIM4
1
21
22
SIM5
SIM1
SIM2
SIM3
SIM4
1
21
22
SIM5
SIM1
SIM2
SIM3
SIM4
1
21
22
SIM5
SIM1
SIM2
SIM3
SIM4
1
21
22
SIM5
SIM1
SIM2
SIM3
SIM4
1
21
22
SIM5
SIM1
SIM2
SIM3
SIM4
1
21
22
SIM5
SIM1
SIM2
SIM3
SIM4
1
21
22
SIM5
SIM1
SIM2
SIM3
SIM4
1
21
22
SIM5
SIM1
SIM2
SIM3
SIM4
1
21
22
SIM5
SIM1
SIM2
SIM3
SIM4
1
21
22
SIM5
SIM1
SIM2
SIM3
SIM4
1
21
22
SIM5
SIM1
SIM2
SIM3
SIM4
1
21
22
SIM5
SIM1
SIM2
SIM3
SIM4
1
21
22
SIM5
SIM1
SIM2
SIM3
SIM4
1
21
22
SIM5
SIM1
SIM2
SIM3
SIM4
1
21
22
SIM5
SIM1
SIM2
SIM3
SIM4
1
21
22
SIM5
SIM1
SIM2
SIM3
SIM4
1
21
22
SIM5
SIM1
SIM2
SIM3
SIM4
1
21
22
SIM5
SIM1
SIM2
SIM3
SIM4
1
21
22
SIM5
SIM1
SIM2
SIM3
SIM4
1
21
22
SIM5
SIM1
SIM2
SIM3
SIM4
1
21
22
SIM5
SIM1
SIM2
SIM3
SIM4
1
21
22
SIM5
SIM1
SIM2
SIM3
SIM4
1
21
22
SIM5
SIM1
SIM2
SIM3
SIM4
1
21
22
SIM5
SIM1
SIM2
SIM3
SIM4
1
21
22
SIM5
SIM1
SIM2
SIM3
SIM4
1
21
22
SIM5
SIM1
SIM2
SIM3
SIM4
1
21
22
SIM5
SIM1
SIM2
SIM3
SIM4
1
21
22
SIM5
SIM1
SIM2
SIM3
SIM4
1
21
22
SIM5
SIM1
SIM2
SIM3
SIM4
1
21
22
SIM5
SIM1
SIM2
SIM3
SIM4
1
21
22
SIM5
SIM1
SIM2
SIM3
SIM4
1
21
22
SIM5
SIM1
SIM2
SIM3
SIM4
1
21
22
SIM5
SIM1
SIM2
SIM3
SIM4
1
21
22
SIM5
SIM1
SIM2
DEBUG 1 757
SIM1
SIM2
SIM3
SIM4
1
21
22
SIM5
SIM1
SIM2
SIM3
SIM4
1
21
22
SIM5
SIM1
SIM2
SIM3
SIM4
1
21
22
SIM5
SIM1
SIM2
SIM3
SIM4
1
21
22
SIM5
SIM1
SIM2
SIM3
SIM4
1
21
22
SIM5
SIM1
SIM2
SIM3
SIM4
1
21
22
SIM5
SIM1
SIM2
SIM3
SIM4
1
21
22
SIM5
SIM1
SIM2
SIM3
SIM4
1
21
22
SIM5
SIM1
SIM2
SIM3
SIM4
1
21
22
SIM5
SIM1
SIM2
SIM3
SIM4
1
21
22
SIM5
SIM1
SIM2
SIM3
SIM4
1
21
22
SIM5
SIM1
SIM2
SIM3
SIM4
1
21
22
SIM5
SIM1
SIM2
SIM3
SIM4
1
21
22
SIM5
SIM1
SIM2
SIM3
SIM4
1
21
22
SIM5
SIM1
SIM2
SIM3
SIM4
1
21
22
SIM5
SIM1
SIM2
SIM3
SIM4
1
21
22
SIM5
SIM1
SIM2
SIM3
SIM4
1
21
22
SIM5
SIM1
SIM2
SIM3
SIM4
1
21
22
SIM5
SIM1
SIM2
SIM3
SIM4
1
21
22
SIM5
SIM1
SIM2
SIM3
SIM4
1
21
22
SIM5
SIM1
SIM2
SIM3
SIM4
1
21
22
SIM5
SIM1
SIM2
SIM3
SIM4
1
21
22
SIM5
SIM1
SIM2
SIM3
SIM4
1
21
22
SIM5
SIM1
SIM2
SIM3
SIM4
1
21
22
SIM5
SIM1
SIM2
SIM3
SIM4
1
21
22
SIM5
SIM1
SIM2
SIM3
SIM4
1
21
22
SIM5
SIM1
SIM2
SIM3
SIM4
1
21
22
SIM5
SIM1
SIM2
SIM3
SIM4
1
21
22
SIM5
SIM1
SIM2
SIM3
SIM4
1
21
22
SIM5
SIM1
SIM2
SIM3
SIM4
1
21
22
SIM5
SIM1
SIM2
SIM3
SIM4
1
21
22
SIM5
SIM1
SIM2
SIM3
SIM4
1
21
22
SIM5
SIM1
SIM2
SIM3
SIM4
1
21
22
SIM5
SIM1
SIM2
SIM3
SIM4
1
21
22
SIM5
SIM1
SIM2
SIM3
SIM4
1
21
22
SIM5
SIM1
SIM2
SIM3
SIM4
1
21
22
SIM5
SIM1
SIM2
SIM3
SIM4
1
21
22
SIM5
SIM1
SIM2
SIM3
SIM4
1
21
22
SIM5
SIM1
SIM2
SIM3
SIM4
1
21
22
SIM5
SIM1
SIM2
SIM3
SIM4
1
21
22
SIM5
SIM1
SIM2
SIM3
SIM4
1
21
22
SIM5
SIM1
SIM2
SIM3
SIM4
1
21
22
SIM5
SIM1
SIM2
SIM3
SIM4
1
21
22
SIM5
SIM1
SIM2
SIM3
SIM4
1
21
22
SIM5
SIM1
SIM2
SIM3
SIM4
1
21
22
SIM5
SIM1
SIM2
SIM3
SIM4
1
21
22
SIM5
SIM1
SIM2
SIM3
SIM4
1
21
22
SIM5
SIM1
SIM2
SIM3
SIM4
1
21
22
SIM5
SIM1
SIM2
SIM3
SIM4
1
21
22
SIM5
SIM1
SIM2
SIM3
SIM4
1
21
22
SIM5
SIM1
SIM2
SIM3
SIM4
1
21
22
SIM5
SIM1
SIM2
SIM3
SIM4
1
21
22
SIM5
SIM1
SIM2
SIM3
SIM4
1
21
22
SIM5
SIM1
SIM2
SIM3
SIM4
1
21
22
SIM5
SIM1
SIM2
SIM3
SIM4
1
21
22
SIM5
SIM1
SIM2
SIM3
SIM4
1
21
22
SIM5
SIM1
SIM2
SIM3
SIM4
1
21
22
SIM5
SIM1
SIM2
SIM3
SIM4
1
21
22
SIM5
SIM1
SIM2
SIM3
SIM4
1
21
22
SIM5
SIM1
SIM2
SIM3
SIM4
1
21
22
SIM5
SIM1
SIM2
SIM3
SIM4
1
21
22
SIM5
SIM1
SIM2
SIM3
SIM4
1
21
22
SIM5
SIM1
SIM2
SIM3
SIM4
1
21
22
SIM5
SIM1
SIM2
SIM3
SIM4
1
21
22
SIM5
SIM1
SIM2
SIM3
SIM4
1
21
22
SIM5
SIM1
SIM2
SIM3
SIM4
1
21
22
SIM5
SIM1
SIM2
SIM3
SIM4
1
21
22
SIM5
SIM1
SIM2
SIM3
SIM4
1
21
22
SIM5
SIM1
SIM2
SIM3
SIM4
1
21
22
SIM5
SIM1
SIM2
SIM3
SIM4
1
21
22
SIM5
SIM1
SIM2
SIM3
SIM4
1
21
22
SIM5
SIM1
SIM2
SIM3
SIM4
1
21
22
SIM5
SIM1
SIM2
SIM3
SIM4
1
21
22
SIM5
SIM1
SIM2
SIM3
SIM4
1
21
22
SIM5
SIM1
SIM2
SIM3
SIM4
1
21
22
SIM5
SIM1
SIM2
SIM3
SIM4
1
21
22
SIM5
SIM1
SIM2
SIM3
SIM4
1
21
22
SIM5
SIM1
SIM2
SIM3
SIM4
1
21
22
SIM5
SIM1
SIM2
SIM3
SIM4
1
21
22
SIM5
SIM1
SIM2
SIM3
SIM4
1
21
22
SIM5
SIM1
SIM2
SIM3
SIM4
1
21
22
SIM5
SIM1
SIM2
SIM3
SIM4
1
21
22
SIM5
SIM1
SIM2
SIM3
SIM4
1
21
22
SIM5
SIM1
SIM2
SIM3
SIM4
1
21
22
SIM5
SIM1
SIM2
SIM3
SIM4
1
21
22
SIM5
SIM1
SIM2
SIM3
SIM4
1
21
22
SIM5
SIM1
SIM2
SIM3
SIM4
1
21
22
SIM5
SIM1
SIM2
SIM3
SIM4
1
21
22
SIM5
SIM1
SIM2
SIM3
SIM4
1
21
22
SIM5
SIM1
SIM2
SIM3
SIM4
1
21
22
SIM5
SIM1
SIM2
SIM3
SIM4
1
21
22
SIM5
SIM1
SIM2
SIM3
SIM4
1
21
22
SIM5
SIM1
SIM2
SIM3
SIM4
1
21
22
SIM5
SIM1
SIM2
SIM3
SIM4
1
21
22
SIM5
SIM1
SIM2
SIM3
SIM4
1
21
22
SIM5
SIM1
SIM2
SIM3
SIM4
1
21
22
SIM5
SIM1
SIM2
SIM3
SIM4
1
21
22
SIM5
SIM1
SIM2
SIM3
SIM4
1
21
22
SIM5
SIM1
SIM2
SIM3
SIM4
1
21
22
SIM5
SIM1
SIM2
SIM3
SIM4
1
21
22
SIM5
SIM1
SIM2
SIM3
SIM4
1
21
22
SIM5
SIM1
SIM2
SIM3
SIM4
1
21
22
SIM5
SIM1
SIM2
SIM3
SIM4
1
21
22
SIM5
SIM1
SIM2
SIM3
SIM4
1
21
22
SIM5
SIM1
SIM2
SIM3
SIM4
1
21
22
SIM5
SIM1
SIM2
SIM3
SIM4
1
21
22
SIM5
SIM1
SIM2
SIM3
SIM4
1
21
22
SIM5
SIM1
SIM2
SIM3
SIM4
1
21
22
SIM5
SIM1
SIM2
SIM3
SIM4
1
21
22
SIM5
SIM1
SIM2
SIM3
SIM4
1
21
22
SIM5
SIM1
SIM2
SIM3
SIM4
1
21
22
SIM5
SIM1
SIM2
SIM3
SIM4
1
21
22
SIM5
SIM1
SIM2
SIM3
SIM4
1
21
22
SIM5
SIM1
SIM2
SIM3
SIM4
1
21
22
SIM5
SIM1
SIM2
SIM3
SIM4
1
21
22
SIM5
SIM1
SIM2
SIM3
SIM4
1
21
22
SIM5
SIM1
SIM2
SIM3
SIM4
1
21
22
SIM5
SIM1
SIM2
SIM3
SIM4
1
21
22
SIM5
SIM1
SIM2
SIM3
SIM4
1
21
22
SIM5
SIM1
SIM2
SIM3
SIM4
1
21
22
SIM5
SIM1
SIM2
SIM3
SIM4
1
21
22
SIM5
SIM1
SIM2
SIM3
SIM4
1
21
22
SIM5
SIM1
SIM2
SIM3
SIM4
1
21
22
SIM5
SIM1
SIM2
SIM3
SIM4
1
21
22
SIM5
SIM1
SIM2
SIM3
SIM4
1
21
22
SIM5
SIM1
SIM2
SIM3
SIM4
1
21
22
SIM5
SIM1
SIM2
SIM3
SIM4
1
21
22
SIM5
SIM1
SIM2
SIM3
SIM4
1
21
22
SIM5
SIM1
SIM2
SIM3
SIM4
1
21
22
SIM5
SIM1
SIM2
SIM3
SIM4
1
21
22
SIM5
SIM1
SIM2
SIM3
SIM4
1
21
22
SIM5
SIM1
SIM2
SIM3
SIM4
1
21
22
SIM5
SIM1
SIM2
SIM3
SIM4
1
21
22
SIM5
SIM1
SIM2
SIM3
SIM4
1
21
22
SIM5
SIM1
SIM2
SIM3
SIM4
1
21
22
SIM5
SIM1
SIM2
SIM3
SIM4
1
21
22
SIM5
SIM1
SIM2
SIM3
SIM4
1
21
22
SIM5
SIM1
SIM2
SIM3
SIM4
1
21
22
SIM5
SIM1
SIM2
SIM3
SIM4
1
21
22
SIM5
SIM1
SIM2
SIM3
SIM4
1
21
22
SIM5
SIM1
SIM2
DEBUG 1 758
SIM1
SIM2
SIM3
SIM4
1
21
22
SIM5
SIM1
SIM2
SIM3
SIM4
1
21
22
SIM5
SIM1
SIM2
SIM3
SIM4
1
21
22
SIM5
SIM1
SIM2
SIM3
SIM4
1
21
22
SIM5
SIM1
SIM2
SIM3
SIM4
1
21
22
SIM5
SIM1
SIM2
SIM3
SIM4
1
21
22
SIM5
SIM1
SIM2
SIM3
SIM4
1
21
22
SIM5
SIM1
SIM2
SIM3
SIM4
1
21
22
SIM5
SIM1
SIM2
SIM3
SIM4
1
21
22
SIM5
SIM1
SIM2
SIM3
SIM4
1
21
22
SIM5
SIM1
SIM2
SIM3
SIM4
1
21
22
SIM5
SIM1
SIM2
SIM3
SIM4
1
21
22
SIM5
SIM1
SIM2
SIM3
SIM4
1
21
22
SIM5
SIM1
SIM2
SIM3
SIM4
1
21
22
SIM5
SIM1
SIM2
SIM3
SIM4
1
21
22
SIM5
SIM1
SIM2
SIM3
SIM4
1
21
22
SIM5
SIM1
SIM2
SIM3
SIM4
1
21
22
SIM5
SIM1
SIM2
SIM3
SIM4
1
21
22
SIM5
SIM1
SIM2
SIM3
SIM4
1
21
22
SIM5
SIM1
SIM2
SIM3
SIM4
1
21
22
SIM5
SIM1
SIM2
SIM3
SIM4
1
21
22
SIM5
SIM1
SIM2
SIM3
SIM4
1
21
22
SIM5
SIM1
SIM2
SIM3
SIM4
1
21
22
SIM5
SIM1
SIM2
SIM3
SIM4
1
21
22
SIM5
SIM1
SIM2
SIM3
SIM4
1
21
22
SIM5
SIM1
SIM2
SIM3
SIM4
1
21
22
SIM5
SIM1
SIM2
SIM3
SIM4
1
21
22
SIM5
SIM1
SIM2
SIM3
SIM4
1
21
22
SIM5
SIM1
SIM2
SIM3
SIM4
1
21
22
SIM5
SIM1
SIM2
SIM3
SIM4
1
21
22
SIM5
SIM1
SIM2
SIM3
SIM4
1
21
22
SIM5
SIM1
SIM2
SIM3
SIM4
1
21
22
SIM5
SIM1
SIM2
SIM3
SIM4
1
21
22
SIM5
SIM1
SIM2
SIM3
SIM4
1
21
22
SIM5
SIM1
SIM2
SIM3
SIM4
1
21
22
SIM5
SIM1
SIM2
SIM3
SIM4
1
21
22
SIM5
SIM1
SIM2
SIM3
SIM4
1
21
22
SIM5
SIM1
SIM2
SIM3
SIM4
1
21
22
SIM5
SIM1
SIM2
SIM3
SIM4
1
21
22
SIM5
SIM1
SIM2
SIM3
SIM4
1
21
22
SIM5
SIM1
SIM2
SIM3
SIM4
1
21
22
SIM5
SIM1
SIM2
SIM3
SIM4
1
21
22
SIM5
SIM1
SIM2
SIM3
SIM4
1
21
22
SIM5
SIM1
SIM2
SIM3
SIM4
1
21
22
SIM5
SIM1
SIM2
SIM3
SIM4
1
21
22
SIM5
SIM1
SIM2
SIM3
SIM4
1
21
22
SIM5
SIM1
SIM2
SIM3
SIM4
1
21
22
SIM5
SIM1
SIM2
SIM3
SIM4
1
21
22
SIM5
SIM1
SIM2
SIM3
SIM4
1
21
22
SIM5
SIM1
SIM2
SIM3
SIM4
1
21
22
SIM5
SIM1
SIM2
SIM3
SIM4
1
21
22
SIM5
SIM1
SIM2
SIM3
SIM4
1
21
22
SIM5
SIM1
SIM2
SIM3
SIM4
1
21
22
SIM5
SIM1
SIM2
SIM3
SIM4
1
21
22
SIM5
SIM1
SIM2
SIM3
SIM4
1
21
22
SIM5
SIM1
SIM2
SIM3
SIM4
1
21
22
SIM5
SIM1
SIM2
SIM3
SIM4
1
21
22
SIM5
SIM1
SIM2
SIM3
SIM4
1
21
22
SIM5
SIM1
SIM2
SIM3
SIM4
1
21
22
SIM5
SIM1
SIM2
SIM3
SIM4
1
21
22
SIM5
SIM1
SIM2
SIM3
SIM4
1
21
22
SIM5
SIM1
SIM2
SIM3
SIM4
1
21
22
SIM5
SIM1
SIM2
SIM3
SIM4
1
21
22
SIM5
SIM1
SIM2
SIM3
SIM4
1
21
22
SIM5
SIM1
SIM2
SIM3
SIM4
1
21
22
SIM5
SIM1
SIM2
SIM3
SIM4
1
21
22
SIM5
SIM1
SIM2
SIM3
SIM4
1
21
22
SIM5
SIM1
SIM2
SIM3
SIM4
1
21
22
SIM5
SIM1
SIM2
SIM3
SIM4
1
21
22
SIM5
SIM1
SIM2
SIM3
SIM4
1
21
22
SIM5
SIM1
SIM2
SIM3
SIM4
1
21
22
SIM5
SIM1
SIM2
SIM3
SIM4
1
21
22
SIM5
SIM1
SIM2
SIM3
SIM4
1
21
22
SIM5
SIM1
SIM2
SIM3
SIM4
1
21
22
SIM5
SIM1
SIM2
SIM3
SIM4
1
21
22
SIM5
SIM1
SIM2
SIM3
SIM4
1
21
22
SIM5
SIM1
SIM2
SIM3
SIM4
1
21
22
SIM5
SIM1
SIM2
SIM3
SIM4
1
21
22
SIM5
SIM1
SIM2
SIM3
SIM4
1
21
22
SIM5
SIM1
SIM2
SIM3
SIM4
1
21
22
SIM5
SIM1
SIM2
SIM3
SIM4
1
21
22
SIM5
SIM1
SIM2
SIM3
SIM4
1
21
22
SIM5
SIM1
SIM2
SIM3
SIM4
1
21
22
SIM5
SIM1
SIM2
SIM3
SIM4
1
21
22
SIM5
SIM1
SIM2
SIM3
SIM4
1
21
22
SIM5
SIM1
SIM2
SIM3
SIM4
1
21
22
SIM5
SIM1
SIM2
SIM3
SIM4
1
21
22
SIM5
SIM1
SIM2
SIM3
SIM4
1
21
22
SIM5
SIM1
SIM2
SIM3
SIM4
1
21
22
SIM5
SIM1
SIM2
SIM3
SIM4
1
21
22
SIM5
SIM1
SIM2
SIM3
SIM4
1
21
22
SIM5
SIM1
SIM2
SIM3
SIM4
1
21
22
SIM5
SIM1
SIM2
SIM3
SIM4
1
21
22
SIM5
SIM1
SIM2
SIM3
SIM4
1
21
22
SIM5
SIM1
SIM2
SIM3
SIM4
1
21
22
SIM5
SIM1
SIM2
SIM3
SIM4
1
21
22
SIM5
SIM1
SIM2
SIM3
SIM4
1
21
22
SIM5
SIM1
SIM2
SIM3
SIM4
1
21
22
SIM5
SIM1
SIM2
SIM3
SIM4
1
21
22
SIM5
SIM1
SIM2
SIM3
SIM4
1
21
22
SIM5
SIM1
SIM2
SIM3
SIM4
1
21
22
SIM5
SIM1
SIM2
SIM3
SIM4
1
21
22
SIM5
SIM1
SIM2
SIM3
SIM4
1
21
22
SIM5
SIM1
SIM2
SIM3
SIM4
1
21
22
SIM5
SIM1
SIM2
SIM3
SIM4
1
21
22
SIM5
SIM1
SIM2
SIM3
SIM4
1
21
22
SIM5
SIM1
SIM2
SIM3
SIM4
1
21
22
SIM5
SIM1
SIM2
SIM3
SIM4
1
21
22
SIM5
SIM1
SIM2
SIM3
SIM4
1
21
22
SIM5
SIM1
SIM2
SIM3
SIM4
1
21
22
SIM5
SIM1
SIM2
SIM3
SIM4
1
21
22
SIM5
SIM1
SIM2
SIM3
SIM4
1
21
22
SIM5
SIM1
SIM2
SIM3
SIM4
1
21
22
SIM5
SIM1
SIM2
SIM3
SIM4
1
21
22
SIM5
SIM1
SIM2
SIM3
SIM4
1
21
22
SIM5
SIM1
SIM2
SIM3
SIM4
1
21
22
SIM5
SIM1
SIM2
SIM3
SIM4
1
21
22
SIM5
SIM1
SIM2
SIM3
SIM4
1
21
22
SIM5
SIM1
SIM2
SIM3
SIM4
1
21
22
SIM5
SIM1
SIM2
SIM3
SIM4
1
21
22
SIM5
SIM1
SIM2
SIM3
SIM4
1
21
22
SIM5
SIM1
SIM2
SIM3
SIM4
1
21
22
SIM5
SIM1
SIM2
SIM3
SIM4
1
21
22
SIM5
SIM1
SIM2
SIM3
SIM4
1
21
22
SIM5
SIM1
SIM2
SIM3
SIM4
1
21
22
SIM5
SIM1
SIM2
SIM3
SIM4
1
21
22
SIM5
SIM1
SIM2
SIM3
SIM4
1
21
22
SIM5
SIM1
SIM2
SIM3
SIM4
1
21
22
SIM5
SIM1
SIM2
SIM3
SIM4
1
21
22
SIM5
SIM1
SIM2
SIM3
SIM4
1
21
22
SIM5
SIM1
SIM2
SIM3
SIM4
1
21
22
SIM5
SIM1
SIM2
SIM3
SIM4
1
21
22
SIM5
SIM1
SIM2
SIM3
SIM4
1
21
22
SIM5
SIM1
SIM2
SIM3
SIM4
1
21
22
SIM5
SIM1
SIM2
SIM3
SIM4
1
21
22
SIM5
SIM1
SIM2
SIM3
SIM4
1
21
22
SIM5
SIM1
SIM2
SIM3
SIM4
1
21
22
SIM5
SIM1
SIM2
SIM3
SIM4
1
21
22
SIM5
SIM1
SIM2
SIM3
SIM4
1
21
22
SIM5
SIM1
SIM2
SIM3
SIM4
1
21
22
SIM5
SIM1
SIM2
SIM3
SIM4
1
21
22
SIM5
SIM1
SIM2
SIM3
SIM4
1
21
22
SIM5
SIM1
SIM2
SIM3
SIM4
1
21
22
SIM5
SIM1
SIM2
SIM3
SIM4
1
21
22
SIM5
SIM1
SIM2
SIM3
SIM4
1
21
22
SIM5
SIM1
SIM2
SIM3
SIM4
1
21
22
SIM5
SIM1
SIM2
SIM3
SIM4
1
21
22
SIM5
SIM1
SIM2
SIM3
SIM4
1
21
22
SIM5
SIM1
SIM2
SIM3
SIM4
1
21
22
SIM5
SIM1
SIM2
SIM3
SIM4
1
21
22
SIM5
SIM1
SIM2
SIM3
SIM4
1
21
22
SIM5
SIM1
SIM2
SIM3
SIM4
1
21
22
SIM5
SIM1
SIM2
SIM3
SIM4
1
21
22
SIM5
SIM1
SIM2
SIM3
SIM4
1
21
22
SIM5
SIM1
SIM2
SIM3
SIM4
1
21
22
SIM5
SIM1
SIM2
SIM3
SIM4
1
21
22
SIM5
SIM1
SIM2
SIM3
SIM4
1
21
22
SIM5
SIM1
SIM2
SIM3
SIM4
1
21
22
SIM5
SIM1
SIM2
SIM3
SIM4
1
21
22
SIM5
SIM1
SIM2
SIM3
SIM4
1
21
22
SIM5
SIM1
SIM2
SIM3
SIM4
1
21
22
SIM5
SIM1
SIM2
SIM3
SIM4
1
21
22
SIM5
SIM1
SIM2
SIM3
SIM4
1
21
22
SIM5
SIM1
SIM2
SIM3
SIM4
1
21
22
SIM5
SIM1
SIM2
SIM3
SIM4
1
21
22
SIM5
SIM1
SIM2
SIM3
SIM4
1
21
22
SIM5
SIM1
SIM2
SIM3
SIM4
1
21
22
SIM5
SIM1
SIM2
SIM3
SIM4
1
21
22
SIM5
SIM1
SIM2
SIM3
SIM4
1
21
22
SIM5
SIM1
SIM2
SIM3
SIM4
1
21
22
SIM5
SIM1
SIM2
SIM3
SIM4
1
21
22
SIM5
SIM1
SIM2
SIM3
SIM4
1
21
22
SIM5
SIM1
SIM2
SIM3
SIM4
1
21
22
SIM5
SIM1
SIM2
SIM3
SIM4
1
21
22
SIM5
SIM1
SIM2
SIM3
SIM4
1
21
22
SIM5
SIM1
SIM2
SIM3
SIM4
1
21
22
SIM5
SIM1
SIM2
SIM3
SIM4
1
21
22
SIM5
SIM1
SIM2
SIM3
SIM4
1
21
22
SIM5
SIM1
SIM2
SIM3
SIM4
1
21
22
SIM5
SIM1
SIM2
SIM3
SIM4
1
21
22
SIM5
SIM1
SIM2
SIM3
SIM4
1
21
22
SIM5
SIM1
SIM2
SIM3
SIM4
1
21
22
SIM5
SIM1
SIM2
SIM3
SIM4
1
21
22
SIM5
SIM1
SIM2
SIM3
SIM4
1
21
22
SIM5
SIM1
SIM2
SIM3
SIM4
1
21
22
SIM5
SIM1
SIM2
DEBUG 1 759
SIM1
SIM2
SIM3
SIM4
1
21
22
SIM5
SIM1
SIM2
SIM3
SIM4
1
21
22
SIM5
SIM1
SIM2
SIM3
SIM4
1
21
22
SIM5
SIM1
SIM2
SIM3
SIM4
1
21
22
SIM5
SIM1
SIM2
SIM3
SIM4
1
21
22
SIM5
SIM1
SIM2
SIM3
SIM4
1
21
22
SIM5
SIM1
SIM2
SIM3
SIM4
1
21
22
SIM5
SIM1
SIM2
SIM3
SIM4
1
21
22
SIM5
SIM1
SIM2
SIM3
SIM4
1
21
22
SIM5
SIM1
SIM2
SIM3
SIM4
1
21
22
SIM5
SIM1
SIM2
SIM3
SIM4
1
21
22
SIM5
SIM1
SIM2
SIM3
SIM4
1
21
22
SIM5
SIM1
SIM2
SIM3
SIM4
1
21
22
SIM5
SIM1
SIM2
SIM3
SIM4
1
21
22
SIM5
SIM1
SIM2
SIM3
SIM4
1
21
22
SIM5
SIM1
SIM2
SIM3
SIM4
1
21
22
SIM5
SIM1
SIM2
SIM3
SIM4
1
21
22
SIM5
SIM1
SIM2
SIM3
SIM4
1
21
22
SIM5
SIM1
SIM2
SIM3
SIM4
1
21
22
SIM5
SIM1
SIM2
SIM3
SIM4
1
21
22
SIM5
SIM1
SIM2
SIM3
SIM4
1
21
22
SIM5
SIM1
SIM2
SIM3
SIM4
1
21
22
SIM5
SIM1
SIM2
SIM3
SIM4
1
21
22
SIM5
SIM1
SIM2
SIM3
SIM4
1
21
22
SIM5
SIM1
SIM2
SIM3
SIM4
1
21
22
SIM5
SIM1
SIM2
SIM3
SIM4
1
21
22
SIM5
SIM1
SIM2
SIM3
SIM4
1
21
22
SIM5
SIM1
SIM2
SIM3
SIM4
1
21
22
SIM5
SIM1
SIM2
SIM3
SIM4
1
21
22
SIM5
SIM1
SIM2
SIM3
SIM4
1
21
22
SIM5
SIM1
SIM2
SIM3
SIM4
1
21
22
SIM5
SIM1
SIM2
SIM3
SIM4
1
21
22
SIM5
SIM1
SIM2
SIM3
SIM4
1
21
22
SIM5
SIM1
SIM2
SIM3
SIM4
1
21
22
SIM5
SIM1
SIM2
SIM3
SIM4
1
21
22
SIM5
SIM1
SIM2
SIM3
SIM4
1
21
22
SIM5
SIM1
SIM2
SIM3
SIM4
1
21
22
SIM5
SIM1
SIM2
SIM3
SIM4
1
21
22
SIM5
SIM1
SIM2
SIM3
SIM4
1
21
22
SIM5
SIM1
SIM2
SIM3
SIM4
1
21
22
SIM5
SIM1
SIM2
SIM3
SIM4
1
21
22
SIM5
SIM1
SIM2
SIM3
SIM4
1
21
22
SIM5
SIM1
SIM2
SIM3
SIM4
1
21
22
SIM5
SIM1
SIM2
SIM3
SIM4
1
21
22
SIM5
SIM1
SIM2
SIM3
SIM4
1
21
22
SIM5
SIM1
SIM2
SIM3
SIM4
1
21
22
SIM5
SIM1
SIM2
SIM3
SIM4
1
21
22
SIM5
SIM1
SIM2
SIM3
SIM4
1
21
22
SIM5
SIM1
SIM2
SIM3
SIM4
1
21
22
SIM5
SIM1
SIM2
SIM3
SIM4
1
21
22
SIM5
SIM1
SIM2
SIM3
SIM4
1
21
22
SIM5
SIM1
SIM2
SIM3
SIM4
1
21
22
SIM5
SIM1
SIM2
SIM3
SIM4
1
21
22
SIM5
SIM1
SIM2
SIM3
SIM4
1
21
22
SIM5
SIM1
SIM2
SIM3
SIM4
1
21
22
SIM5
SIM1
SIM2
SIM3
SIM4
1
21
22
SIM5
SIM1
SIM2
SIM3
SIM4
1
21
22
SIM5
SIM1
SIM2
SIM3
SIM4
1
21
22
SIM5
SIM1
SIM2
SIM3
SIM4
1
21
22
SIM5
SIM1
SIM2
SIM3
SIM4
1
21
22
SIM5
SIM1
SIM2
SIM3
SIM4
1
21
22
SIM5
SIM1
SIM2
SIM3
SIM4
1
21
22
SIM5
SIM1
SIM2
SIM3
SIM4
1
21
22
SIM5
SIM1
SIM2
SIM3
SIM4
1
21
22
SIM5
SIM1
SIM2
SIM3
SIM4
1
21
22
SIM5
SIM1
SIM2
SIM3
SIM4
1
21
22
SIM5
SIM1
SIM2
SIM3
SIM4
1
21
22
SIM5
SIM1
SIM2
SIM3
SIM4
1
21
22
SIM5
SIM1
SIM2
SIM3
SIM4
1
21
22
SIM5
SIM1
SIM2
SIM3
SIM4
1
21
22
SIM5
SIM1
SIM2
SIM3
SIM4
1
21
22
SIM5
SIM1
SIM2
SIM3
SIM4
1
21
22
SIM5
SIM1
SIM2
SIM3
SIM4
1
21
22
SIM5
SIM1
SIM2
SIM3
SIM4
1
21
22
SIM5
SIM1
SIM2
SIM3
SIM4
1
21
22
SIM5
SIM1
SIM2
SIM3
SIM4
1
21
22
SIM5
SIM1
SIM2
SIM3
SIM4
1
21
22
SIM5
SIM1
SIM2
SIM3
SIM4
1
21
22
SIM5
SIM1
SIM2
SIM3
SIM4
1
21
22
SIM5
SIM1
SIM2
SIM3
SIM4
1
21
22
SIM5
SIM1
SIM2
SIM3
SIM4
1
21
22
SIM5
SIM1
SIM2
SIM3
SIM4
1
21
22
SIM5
SIM1
SIM2
SIM3
SIM4
1
21
22
SIM5
SIM1
SIM2
SIM3
SIM4
1
21
22
SIM5
SIM1
SIM2
SIM3
SIM4
1
21
22
SIM5
SIM1
SIM2
SIM3
SIM4
1
21
22
SIM5
SIM1
SIM2
SIM3
SIM4
1
21
22
SIM5
SIM1
SIM2
SIM3
SIM4
1
21
22
SIM5
SIM1
SIM2
SIM3
SIM4
1
21
22
SIM5
SIM1
SIM2
SIM3
SIM4
1
21
22
SIM5
SIM1
SIM2
SIM3
SIM4
1
21
22
SIM5
SIM1
SIM2
SIM3
SIM4
1
21
22
SIM5
SIM1
SIM2
SIM3
SIM4
1
21
22
SIM5
SIM1
SIM2
SIM3
SIM4
1
21
22
SIM5
SIM1
SIM2
SIM3
SIM4
1
21
22
SIM5
SIM1
SIM2
SIM3
SIM4
1
21
22
SIM5
SIM1
SIM2
SIM3
SIM4
1
21
22
SIM5
SIM1
SIM2
SIM3
SIM4
1
21
22
SIM5
SIM1
SIM2
SIM3
SIM4
1
21
22
SIM5
SIM1
SIM2
SIM3
SIM4
1
21
22
SIM5
SIM1
SIM2
SIM3
SIM4
1
21
22
SIM5
SIM1
SIM2
SIM3
SIM4
1
21
22
SIM5
SIM1
SIM2
SIM3
SIM4
1
21
22
SIM5
SIM1
SIM2
SIM3
SIM4
1
21
22
SIM5
SIM1
SIM2
SIM3
SIM4
1
21
22
SIM5
SIM1
SIM2
SIM3
SIM4
1
21
22
SIM5
SIM1
SIM2
SIM3
SIM4
1
21
22
SIM5
SIM1
SIM2
SIM3
SIM4
1
21
22
SIM5
SIM1
SIM2
DEBUG 1 760
SIM1
SIM2
SIM3
SIM4
1
21
22
SIM5
SIM1
SIM2
SIM3
SIM4
1
21
22
SIM5
SIM1
SIM2
SIM3
SIM4
1
21
22
SIM5
SIM1
SIM2
SIM3
SIM4
1
21
22
SIM5
SIM1
SIM2
SIM3
SIM4
1
21
22
SIM5
SIM1
SIM2
SIM3
SIM4
1
21
22
SIM5
SIM1
SIM2
SIM3
SIM4
1
21
22
SIM5
SIM1
SIM2
SIM3
SIM4
1
21
22
SIM5
SIM1
SIM2
SIM3
SIM4
1
21
22
SIM5
SIM1
SIM2
SIM3
SIM4
1
21
22
SIM5
SIM1
SIM2
SIM3
SIM4
1
21
22
SIM5
SIM1
SIM2
SIM3
SIM4
1
21
22
SIM5
SIM1
SIM2
SIM3
SIM4
1
21
22
SIM5
SIM1
SIM2
SIM3
SIM4
1
21
22
SIM5
SIM1
SIM2
SIM3
SIM4
1
21
22
SIM5
SIM1
SIM2
SIM3
SIM4
1
21
22
SIM5
SIM1
SIM2
SIM3
SIM4
1
21
22
SIM5
SIM1
SIM2
SIM3
SIM4
1
21
22
SIM5
SIM1
SIM2
SIM3
SIM4
1
21
22
SIM5
SIM1
SIM2
SIM3
SIM4
1
21
22
SIM5
SIM1
SIM2
SIM3
SIM4
1
21
22
SIM5
SIM1
SIM2
SIM3
SIM4
1
21
22
SIM5
SIM1
SIM2
SIM3
SIM4
1
21
22
SIM5
SIM1
SIM2
SIM3
SIM4
1
21
22
SIM5
SIM1
SIM2
SIM3
SIM4
1
21
22
SIM5
SIM1
SIM2
SIM3
SIM4
1
21
22
SIM5
SIM1
SIM2
SIM3
SIM4
1
21
22
SIM5
SIM1
SIM2
SIM3
SIM4
1
21
22
SIM5
SIM1
SIM2
SIM3
SIM4
1
21
22
SIM5
SIM1
SIM2
SIM3
SIM4
1
21
22
SIM5
SIM1
SIM2
SIM3
SIM4
1
21
22
SIM5
SIM1
SIM2
SIM3
SIM4
1
21
22
SIM5
SIM1
SIM2
SIM3
SIM4
1
21
22
SIM5
SIM1
SIM2
SIM3
SIM4
1
21
22
SIM5
SIM1
SIM2
SIM3
SIM4
1
21
22
SIM5
SIM1
SIM2
SIM3
SIM4
1
21
22
SIM5
SIM1
SIM2
SIM3
SIM4
1
21
22
SIM5
SIM1
SIM2
SIM3
SIM4
1
21
22
SIM5
SIM1
SIM2
SIM3
SIM4
1
21
22
SIM5
SIM1
SIM2
SIM3
SIM4
1
21
22
SIM5
SIM1
SIM2
SIM3
SIM4
1
21
22
SIM5
SIM1
SIM2
SIM3
SIM4
1
21
22
SIM5
SIM1
SIM2
SIM3
SIM4
1
21
22
SIM5
SIM1
SIM2
SIM3
SIM4
1
21
22
SIM5
SIM1
SIM2
SIM3
SIM4
1
21
22
SIM5
SIM1
SIM2
SIM3
SIM4
1
21
22
SIM5
SIM1
SIM2
SIM3
SIM4
1
21
22
SIM5
SIM1
SIM2
SIM3
SIM4
1
21
22
SIM5
SIM1
SIM2
SIM3
SIM4
1
21
22
SIM5
SIM1
SIM2
SIM3
SIM4
1
21
22
SIM5
SIM1
SIM2
SIM3
SIM4
1
21
22
SIM5
SIM1
SIM2
SIM3
SIM4
1
21
22
SIM5
SIM1
SIM2
SIM3
SIM4
1
21
22
SIM5
SIM1
SIM2
SIM3
SIM4
1
21
22
SIM5
SIM1
SIM2
SIM3
SIM4
1
21
22
SIM5
SIM1
SIM2
SIM3
SIM4
1
21
22
SIM5
SIM1
SIM2
SIM3
SIM4
1
21
22
SIM5
SIM1
SIM2
SIM3
SIM4
1
21
22
SIM5
SIM1
SIM2
SIM3
SIM4
1
21
22
SIM5
SIM1
SIM2
SIM3
SIM4
1
21
22
SIM5
SIM1
SIM2
SIM3
SIM4
1
21
22
SIM5
SIM1
SIM2
SIM3
SIM4
1
21
22
SIM5
SIM1
SIM2
SIM3
SIM4
1
21
22
SIM5
SIM1
SIM2
SIM3
SIM4
1
21
22
SIM5
SIM1
SIM2
SIM3
SIM4
1
21
22
SIM5
SIM1
SIM2
SIM3
SIM4
1
21
22
SIM5
SIM1
SIM2
SIM3
SIM4
1
21
22
SIM5
SIM1
SIM2
SIM3
SIM4
1
21
22
SIM5
SIM1
SIM2
SIM3
SIM4
1
21
22
SIM5
SIM1
SIM2
SIM3
SIM4
1
21
22
SIM5
SIM1
SIM2
SIM3
SIM4
1
21
22
SIM5
SIM1
SIM2
SIM3
SIM4
1
21
22
SIM5
SIM1
SIM2
SIM3
SIM4
1
21
22
SIM5
SIM1
SIM2
SIM3
SIM4
1
21
22
SIM5
SIM1
SIM2
SIM3
SIM4
1
21
22
SIM5
SIM1
SIM2
SIM3
SIM4
1
21
22
SIM5
SIM1
SIM2
SIM3
SIM4
1
21
22
SIM5
SIM1
SIM2
SIM3
SIM4
1
21
22
SIM5
SIM1
SIM2
SIM3
SIM4
1
21
22
SIM5
SIM1
SIM2
SIM3
SIM4
1
21
22
SIM5
SIM1
SIM2
SIM3
SIM4
1
21
22
SIM5
SIM1
SIM2
SIM3
SIM4
1
21
22
SIM5
SIM1
SIM2
SIM3
SIM4
1
21
22
SIM5
SIM1
SIM2
SIM3
SIM4
1
21
22
SIM5
SIM1
SIM2
SIM3
SIM4
1
21
22
SIM5
SIM1
SIM2
SIM3
SIM4
1
21
22
SIM5
SIM1
SIM2
SIM3
SIM4
1
21
22
SIM5
SIM1
SIM2
SIM3
SIM4
1
21
22
SIM5
SIM1
SIM2
SIM3
SIM4
1
21
22
SIM5
SIM1
SIM2
SIM3
SIM4
1
21
22
SIM5
SIM1
SIM2
SIM3
SIM4
1
21
22
SIM5
SIM1
SIM2
SIM3
SIM4
1
21
22
SIM5
SIM1
SIM2
SIM3
SIM4
1
21
22
SIM5
SIM1
SIM2
SIM3
SIM4
1
21
22
SIM5
SIM1
SIM2
SIM3
SIM4
1
21
22
SIM5
SIM1
SIM2
SIM3
SIM4
1
21
22
SIM5
SIM1
SIM2
SIM3
SIM4
1
21
22
SIM5
SIM1
SIM2
SIM3
SIM4
1
21
22
SIM5
SIM1
SIM2
SIM3
SIM4
1
21
22
SIM5
SIM1
SIM2
SIM3
SIM4
1
21
22
SIM5
SIM1
SIM2
SIM3
SIM4
1
21
22
SIM5
SIM1
SIM2
SIM3
SIM4
1
21
22
SIM5
SIM1
SIM2
SIM3
SIM4
1
21
22
SIM5
SIM1
SIM2
SIM3
SIM4
1
21
22
SIM5
SIM1
SIM2
SIM3
SIM4
1
21
22
SIM5
SIM1
SIM2
SIM3
SIM4
1
21
22
SIM5
SIM1
SIM2
SIM3
SIM4
1
21
22
SIM5
SIM1
SIM2
SIM3
SIM4
1
21
22
SIM5
SIM1
SIM2
SIM3
SIM4
1
21
22
SIM5
SIM1
SIM2
SIM3
SIM4
1
21
22
SIM5
SIM1
SIM2
SIM3
SIM4
1
21
22
SIM5
SIM1
SIM2
SIM3
SIM4
1
21
22
SIM5
SIM1
SIM2
SIM3
SIM4
1
21
22
SIM5
SIM1
SIM2
DEBUG 1 761
SIM1
SIM2
SIM3
SIM4
1
21
22
SIM5
SIM1
SIM2
SIM3
SIM4
1
21
22
SIM5
SIM1
SIM2
SIM3
SIM4
1
21
22
SIM5
SIM1
SIM2
SIM3
SIM4
1
21
22
SIM5
SIM1
SIM2
SIM3
SIM4
1
21
22
SIM5
SIM1
SIM2
SIM3
SIM4
1
21
22
SIM5
SIM1
SIM2
SIM3
SIM4
1
21
22
SIM5
SIM1
SIM2
SIM3
SIM4
1
21
22
SIM5
SIM1
SIM2
SIM3
SIM4
1
21
22
SIM5
SIM1
SIM2
SIM3
SIM4
1
21
22
SIM5
SIM1
SIM2
SIM3
SIM4
1
21
22
SIM5
SIM1
SIM2
SIM3
SIM4
1
21
22
SIM5
SIM1
SIM2
SIM3
SIM4
1
21
22
SIM5
SIM1
SIM2
SIM3
SIM4
1
21
22
SIM5
SIM1
SIM2
SIM3
SIM4
1
21
22
SIM5
SIM1
SIM2
SIM3
SIM4
1
21
22
SIM5
SIM1
SIM2
SIM3
SIM4
1
21
22
SIM5
SIM1
SIM2
SIM3
SIM4
1
21
22
SIM5
SIM1
SIM2
SIM3
SIM4
1
21
22
SIM5
SIM1
SIM2
SIM3
SIM4
1
21
22
SIM5
SIM1
SIM2
SIM3
SIM4
1
21
22
SIM5
SIM1
SIM2
SIM3
SIM4
1
21
22
SIM5
SIM1
SIM2
SIM3
SIM4
1
21
22
SIM5
SIM1
SIM2
SIM3
SIM4
1
21
22
SIM5
SIM1
SIM2
SIM3
SIM4
1
21
22
SIM5
SIM1
SIM2
SIM3
SIM4
1
21
22
SIM5
SIM1
SIM2
SIM3
SIM4
1
21
22
SIM5
SIM1
SIM2
SIM3
SIM4
1
21
22
SIM5
SIM1
SIM2
SIM3
SIM4
1
21
22
SIM5
SIM1
SIM2
SIM3
SIM4
1
21
22
SIM5
SIM1
SIM2
SIM3
SIM4
1
21
22
SIM5
SIM1
SIM2
DEBUG 1 762
SIM1
SIM2
SIM3
SIM4
1
21
22
SIM5
SIM1
SIM2
SIM3
SIM4
1
21
22
SIM5
SIM1
SIM2
SIM3
SIM4
1
21
22
SIM5
SIM1
SIM2
SIM3
SIM4
1
21
22
SIM5
SIM1
SIM2
SIM3
SIM4
1
21
22
SIM5
SIM1
SIM2
SIM3
SIM4
1
21
22
SIM5
SIM1
SIM2
SIM3
SIM4
1
21
22
SIM5
SIM1
SIM2
SIM3
SIM4
1
21
22
SIM5
SIM1
SIM2
SIM3
SIM4
1
21
22
SIM5
SIM1
SIM2
SIM3
SIM4
1
21
22
SIM5
SIM1
SIM2
SIM3
SIM4
1
21
22
SIM5
SIM1
SIM2
SIM3
SIM4
1
21
22
SIM5
SIM1
SIM2
SIM3
SIM4
1
21
22
SIM5
SIM1
SIM2
SIM3
SIM4
1
21
22
SIM5
SIM1
SIM2
SIM3
SIM4
1
21
22
SIM5
SIM1
SIM2
SIM3
SIM4
1
21
22
SIM5
SIM1
SIM2
SIM3
SIM4
1
21
22
SIM5
SIM1
SIM2
SIM3
SIM4
1
21
22
SIM5
SIM1
SIM2
SIM3
SIM4
1
21
22
SIM5
SIM1
SIM2
SIM3
SIM4
1
21
22
SIM5
SIM1
SIM2
SIM3
SIM4
1
21
22
SIM5
SIM1
SIM2
SIM3
SIM4
1
21
22
SIM5
SIM1
SIM2
SIM3
SIM4
1
21
22
SIM5
SIM1
SIM2
SIM3
SIM4
1
21
22
SIM5
SIM1
SIM2
SIM3
SIM4
1
21
22
SIM5
SIM1
SIM2
SIM3
SIM4
1
21
22
SIM5
SIM1
SIM2
SIM3
SIM4
1
21
22
SIM5
SIM1
SIM2
SIM3
SIM4
1
21
22
SIM5
SIM1
SIM2
SIM3
SIM4
1
21
22
SIM5
SIM1
SIM2
SIM3
SIM4
1
21
22
SIM5
SIM1
SIM2
SIM3
SIM4
1
21
22
SIM5
SIM1
SIM2
SIM3
SIM4
1
21
22
SIM5
SIM1
SIM2
SIM3
SIM4
1
21
22
SIM5
SIM1
SIM2
SIM3
SIM4
1
21
22
SIM5
SIM1
SIM2
SIM3
SIM4
1
21
22
SIM5
SIM1
SIM2
SIM3
SIM4
1
21
22
SIM5
SIM1
SIM2
SIM3
SIM4
1
21
22
SIM5
SIM1
SIM2
SIM3
SIM4
1
21
22
SIM5
SIM1
SIM2
SIM3
SIM4
1
21
22
SIM5
SIM1
SIM2
SIM3
SIM4
1
21
22
SIM5
SIM1
SIM2
SIM3
SIM4
1
21
22
SIM5
SIM1
SIM2
SIM3
SIM4
1
21
22
SIM5
SIM1
SIM2
SIM3
SIM4
1
21
22
SIM5
SIM1
SIM2
SIM3
SIM4
1
21
22
SIM5
SIM1
SIM2
SIM3
SIM4
1
21
22
SIM5
SIM1
SIM2
SIM3
SIM4
1
21
22
SIM5
SIM1
SIM2
SIM3
SIM4
1
21
22
SIM5
SIM1
SIM2
SIM3
SIM4
1
21
22
SIM5
SIM1
SIM2
SIM3
SIM4
1
21
22
SIM5
SIM1
SIM2
SIM3
SIM4
1
21
22
SIM5
SIM1
SIM2
SIM3
SIM4
1
21
22
SIM5
SIM1
SIM2
SIM3
SIM4
1
21
22
SIM5
SIM1
SIM2
SIM3
SIM4
1
21
22
SIM5
SIM1
SIM2
SIM3
SIM4
1
21
22
SIM5
SIM1
SIM2
SIM3
SIM4
1
21
22
SIM5
SIM1
SIM2
SIM3
SIM4
1
21
22
SIM5
SIM1
SIM2
SIM3
SIM4
1
21
22
SIM5
SIM1
SIM2
SIM3
SIM4
1
21
22
SIM5
SIM1
SIM2
SIM3
SIM4
1
21
22
SIM5
SIM1
SIM2
SIM3
SIM4
1
21
22
SIM5
SIM1
SIM2
SIM3
SIM4
1
21
22
SIM5
SIM1
SIM2
SIM3
SIM4
1
21
22
SIM5
SIM1
SIM2
SIM3
SIM4
1
21
22
SIM5
SIM1
SIM2
SIM3
SIM4
1
21
22
SIM5
SIM1
SIM2
SIM3
SIM4
1
21
22
SIM5
SIM1
SIM2
SIM3
SIM4
1
21
22
SIM5
SIM1
SIM2
SIM3
SIM4
1
21
22
SIM5
SIM1
SIM2
SIM3
SIM4
1
21
22
SIM5
SIM1
SIM2
SIM3
SIM4
1
21
22
SIM5
SIM1
SIM2
SIM3
SIM4
1
21
22
SIM5
SIM1
SIM2
SIM3
SIM4
1
21
22
SIM5
SIM1
SIM2
SIM3
SIM4
1
21
22
SIM5
SIM1
SIM2
SIM3
SIM4
1
21
22
SIM5
SIM1
SIM2
SIM3
SIM4
1
21
22
SIM5
SIM1
SIM2
SIM3
SIM4
1
21
22
SIM5
SIM1
SIM2
SIM3
SIM4
1
21
22
SIM5
SIM1
SIM2
SIM3
SIM4
1
21
22
SIM5
SIM1
SIM2
SIM3
SIM4
1
21
22
SIM5
SIM1
SIM2
SIM3
SIM4
1
21
22
SIM5
SIM1
SIM2
SIM3
SIM4
1
21
22
SIM5
SIM1
SIM2
SIM3
SIM4
1
21
22
SIM5
SIM1
SIM2
SIM3
SIM4
1
21
22
SIM5
SIM1
SIM2
SIM3
SIM4
1
21
22
SIM5
SIM1
SIM2
SIM3
SIM4
1
21
22
SIM5
SIM1
SIM2
SIM3
SIM4
1
21
22
SIM5
SIM1
SIM2
SIM3
SIM4
1
21
22
SIM5
SIM1
SIM2
SIM3
SIM4
1
21
22
SIM5
SIM1
SIM2
SIM3
SIM4
1
21
22
SIM5
SIM1
SIM2
SIM3
SIM4
1
21
22
SIM5
SIM1
SIM2
SIM3
SIM4
1
21
22
SIM5
SIM1
SIM2
SIM3
SIM4
1
21
22
SIM5
SIM1
SIM2
SIM3
SIM4
1
21
22
SIM5
SIM1
SIM2
SIM3
SIM4
1
21
22
SIM5
SIM1
SIM2
SIM3
SIM4
1
21
22
SIM5
SIM1
SIM2
SIM3
SIM4
1
21
22
SIM5
SIM1
SIM2
SIM3
SIM4
1
21
22
SIM5
SIM1
SIM2
SIM3
SIM4
1
21
22
SIM5
SIM1
SIM2
SIM3
SIM4
1
21
22
SIM5
SIM1
SIM2
SIM3
SIM4
1
21
22
SIM5
SIM1
SIM2
SIM3
SIM4
1
21
22
SIM5
SIM1
SIM2
SIM3
SIM4
1
21
22
SIM5
SIM1
SIM2
SIM3
SIM4
1
21
22
SIM5
SIM1
SIM2
SIM3
SIM4
1
21
22
SIM5
SIM1
SIM2
SIM3
SIM4
1
21
22
SIM5
SIM1
SIM2
SIM3
SIM4
1
21
22
SIM5
SIM1
SIM2
SIM3
SIM4
1
21
22
SIM5
SIM1
SIM2
SIM3
SIM4
1
21
22
SIM5
SIM1
SIM2
SIM3
SIM4
1
21
22
SIM5
SIM1
SIM2
SIM3
SIM4
1
21
22
SIM5
SIM1
SIM2
SIM3
SIM4
1
21
22
SIM5
SIM1
SIM2
SIM3
SIM4
1
21
22
SIM5
SIM1
SIM2
SIM3
SIM4
1
21
22
SIM5
SIM1
SIM2
SIM3
SIM4
1
21
22
SIM5
SIM1
SIM2
SIM3
SIM4
1
21
22
SIM5
SIM1
SIM2
SIM3
SIM4
1
21
22
SIM5
SIM1
SIM2
SIM3
SIM4
1
21
22
SIM5
SIM1
SIM2
SIM3
SIM4
1
21
22
SIM5
SIM1
SIM2
SIM3
SIM4
1
21
22
SIM5
SIM1
SIM2
SIM3
SIM4
1
21
22
SIM5
SIM1
SIM2
SIM3
SIM4
1
21
22
SIM5
SIM1
SIM2
SIM3
SIM4
1
21
22
SIM5
SIM1
SIM2
SIM3
SIM4
1
21
22
SIM5
SIM1
SIM2
SIM3
SIM4
1
21
22
SIM5
SIM1
SIM2
SIM3
SIM4
1
21
22
SIM5
SIM1
SIM2
SIM3
SIM4
1
21
22
SIM5
SIM1
SIM2
SIM3
SIM4
1
21
22
SIM5
SIM1
SIM2
SIM3
SIM4
1
21
22
SIM5
SIM1
SIM2
SIM3
SIM4
1
21
22
SIM5
SIM1
SIM2
SIM3
SIM4
1
21
22
SIM5
SIM1
SIM2
SIM3
SIM4
1
21
22
SIM5
SIM1
SIM2
SIM3
SIM4
1
21
22
SIM5
SIM1
SIM2
SIM3
SIM4
1
21
22
SIM5
SIM1
SIM2
SIM3
SIM4
1
21
22
SIM5
SIM1
SIM2
SIM3
SIM4
1
21
22
SIM5
SIM1
SIM2
SIM3
SIM4
1
21
22
SIM5
SIM1
SIM2
SIM3
SIM4
1
21
22
SIM5
SIM1
SIM2
SIM3
SIM4
1
21
22
SIM5
SIM1
SIM2
SIM3
SIM4
1
21
22
SIM5
SIM1
SIM2
SIM3
SIM4
1
21
22
SIM5
SIM1
SIM2
SIM3
SIM4
1
21
22
SIM5
SIM1
SIM2
SIM3
SIM4
1
21
22
SIM5
SIM1
SIM2
SIM3
SIM4
1
21
22
SIM5
SIM1
SIM2
SIM3
SIM4
1
21
22
SIM5
SIM1
SIM2
SIM3
SIM4
1
21
22
SIM5
SIM1
SIM2
SIM3
SIM4
1
21
22
SIM5
SIM1
SIM2
SIM3
SIM4
1
21
22
SIM5
SIM1
SIM2
SIM3
SIM4
1
21
22
SIM5
SIM1
SIM2
SIM3
SIM4
1
21
22
SIM5
SIM1
SIM2
SIM3
SIM4
1
21
22
SIM5
SIM1
SIM2
SIM3
SIM4
1
21
22
SIM5
SIM1
SIM2
SIM3
SIM4
1
21
22
SIM5
SIM1
SIM2
SIM3
SIM4
1
21
22
SIM5
SIM1
SIM2
SIM3
SIM4
1
21
22
SIM5
SIM1
SIM2
SIM3
SIM4
1
21
22
SIM5
SIM1
SIM2
SIM3
SIM4
1
21
22
SIM5
SIM1
SIM2
SIM3
SIM4
1
21
22
SIM5
SIM1
SIM2
SIM3
SIM4
1
21
22
SIM5
SIM1
SIM2
SIM3
SIM4
1
21
22
SIM5
SIM1
SIM2
SIM3
SIM4
1
21
22
SIM5
SIM1
SIM2
SIM3
SIM4
1
21
22
SIM5
SIM1
SIM2
SIM3
SIM4
1
21
22
SIM5
SIM1
SIM2
SIM3
SIM4
1
21
22
SIM5
SIM1
SIM2
SIM3
SIM4
1
21
22
SIM5
SIM1
SIM2
SIM3
SIM4
1
21
22
SIM5
SIM1
SIM2
SIM3
SIM4
1
21
22
SIM5
SIM1
SIM2
SIM3
SIM4
1
21
22
SIM5
SIM1
SIM2
SIM3
SIM4
1
21
22
SIM5
SIM1
SIM2
SIM3
SIM4
1
21
22
SIM5
SIM1
SIM2
SIM3
SIM4
1
21
22
SIM5
SIM1
SIM2
SIM3
SIM4
1
21
22
SIM5
SIM1
SIM2
SIM3
SIM4
1
21
22
SIM5
SIM1
SIM2
SIM3
SIM4
1
21
22
SIM5
SIM1
SIM2
SIM3
SIM4
1
21
22
SIM5
SIM1
SIM2
SIM3
SIM4
1
21
22
SIM5
SIM1
SIM2
SIM3
SIM4
1
21
22
SIM5
SIM1
SIM2
SIM3
SIM4
1
21
22
SIM5
SIM1
SIM2
SIM3
SIM4
1
21
22
SIM5
SIM1
SIM2
SIM3
SIM4
1
21
22
SIM5
SIM1
SIM2
SIM3
SIM4
1
21
22
SIM5
SIM1
SIM2
SIM3
SIM4
1
21
22
SIM5
SIM1
SIM2
SIM3
SIM4
1
21
22
SIM5
SIM1
SIM2
SIM3
SIM4
1
21
22
SIM5
SIM1
SIM2
SIM3
SIM4
1
21
22
SIM5
SIM1
SIM2
SIM3
SIM4
1
21
22
SIM5
SIM1
SIM2
SIM3
SIM4
1
21
22
SIM5
SIM1
SIM2
SIM3
SIM4
1
21
22
SIM5
SIM1
SIM2
SIM3
SIM4
1
21
22
SIM5
SIM1
SIM2
SIM3
SIM4
1
21
22
SIM5
SIM1
SIM2
SIM3
SIM4
1
21
22
SIM5
SIM1
SIM2
SIM3
SIM4
1
21
22
SIM5
SIM1
SIM2
SIM3
SIM4
1
21
22
SIM5
SIM1
SIM2
SIM3
SIM4
1
21
22
SIM5
SIM1
SIM2
SIM3
SIM4
1
21
22
SIM5
SIM1
SIM2
SIM3
SIM4
1
21
22
SIM5
SIM1
SIM2
SIM3
SIM4
1
21
22
SIM5
SIM1
SIM2
DEBUG 1 763
SIM1
SIM2
SIM3
SIM4
1
21
22
SIM5
SIM1
SIM2
SIM3
SIM4
1
21
22
SIM5
SIM1
SIM2
SIM3
SIM4
1
21
22
SIM5
SIM1
SIM2
SIM3
SIM4
1
21
22
SIM5
SIM1
SIM2
SIM3
SIM4
1
21
22
SIM5
SIM1
SIM2
SIM3
SIM4
1
21
22
SIM5
SIM1
SIM2
SIM3
SIM4
1
21
22
SIM5
SIM1
SIM2
SIM3
SIM4
1
21
22
SIM5
SIM1
SIM2
SIM3
SIM4
1
21
22
SIM5
SIM1
SIM2
SIM3
SIM4
1
21
22
SIM5
SIM1
SIM2
SIM3
SIM4
1
21
22
SIM5
SIM1
SIM2
SIM3
SIM4
1
21
22
SIM5
SIM1
SIM2
SIM3
SIM4
1
21
22
SIM5
SIM1
SIM2
SIM3
SIM4
1
21
22
SIM5
SIM1
SIM2
SIM3
SIM4
1
21
22
SIM5
SIM1
SIM2
SIM3
SIM4
1
21
22
SIM5
SIM1
SIM2
SIM3
SIM4
1
21
22
SIM5
SIM1
SIM2
SIM3
SIM4
1
21
22
SIM5
SIM1
SIM2
SIM3
SIM4
1
21
22
SIM5
SIM1
SIM2
SIM3
SIM4
1
21
22
SIM5
SIM1
SIM2
SIM3
SIM4
1
21
22
SIM5
SIM1
SIM2
SIM3
SIM4
1
21
22
SIM5
SIM1
SIM2
SIM3
SIM4
1
21
22
SIM5
SIM1
SIM2
SIM3
SIM4
1
21
22
SIM5
SIM1
SIM2
SIM3
SIM4
1
21
22
SIM5
SIM1
SIM2
SIM3
SIM4
1
21
22
SIM5
SIM1
SIM2
SIM3
SIM4
1
21
22
SIM5
SIM1
SIM2
SIM3
SIM4
1
21
22
SIM5
SIM1
SIM2
SIM3
SIM4
1
21
22
SIM5
SIM1
SIM2
SIM3
SIM4
1
21
22
SIM5
SIM1
SIM2
SIM3
SIM4
1
21
22
SIM5
SIM1
SIM2
SIM3
SIM4
1
21
22
SIM5
SIM1
SIM2
SIM3
SIM4
1
21
22
SIM5
SIM1
SIM2
SIM3
SIM4
1
21
22
SIM5
SIM1
SIM2
SIM3
SIM4
1
21
22
SIM5
SIM1
SIM2
SIM3
SIM4
1
21
22
SIM5
SIM1
SIM2
SIM3
SIM4
1
21
22
SIM5
SIM1
SIM2
SIM3
SIM4
1
21
22
SIM5
SIM1
SIM2
SIM3
SIM4
1
21
22
SIM5
SIM1
SIM2
SIM3
SIM4
1
21
22
SIM5
SIM1
SIM2
SIM3
SIM4
1
21
22
SIM5
SIM1
SIM2
SIM3
SIM4
1
21
22
SIM5
SIM1
SIM2
SIM3
SIM4
1
21
22
SIM5
SIM1
SIM2
SIM3
SIM4
1
21
22
SIM5
SIM1
SIM2
SIM3
SIM4
1
21
22
SIM5
SIM1
SIM2
SIM3
SIM4
1
21
22
SIM5
SIM1
SIM2
SIM3
SIM4
1
21
22
SIM5
SIM1
SIM2
SIM3
SIM4
1
21
22
SIM5
SIM1
SIM2
SIM3
SIM4
1
21
22
SIM5
SIM1
SIM2
SIM3
SIM4
1
21
22
SIM5
SIM1
SIM2
SIM3
SIM4
1
21
22
SIM5
SIM1
SIM2
SIM3
SIM4
1
21
22
SIM5
SIM1
SIM2
SIM3
SIM4
1
21
22
SIM5
SIM1
SIM2
SIM3
SIM4
1
21
22
SIM5
SIM1
SIM2
SIM3
SIM4
1
21
22
SIM5
SIM1
SIM2
SIM3
SIM4
1
21
22
SIM5
SIM1
SIM2
SIM3
SIM4
1
21
22
SIM5
SIM1
SIM2
SIM3
SIM4
1
21
22
SIM5
SIM1
SIM2
SIM3
SIM4
1
21
22
SIM5
SIM1
SIM2
SIM3
SIM4
1
21
22
SIM5
SIM1
SIM2
SIM3
SIM4
1
21
22
SIM5
SIM1
SIM2
SIM3
SIM4
1
21
22
SIM5
SIM1
SIM2
SIM3
SIM4
1
21
22
SIM5
SIM1
SIM2
SIM3
SIM4
1
21
22
SIM5
SIM1
SIM2
SIM3
SIM4
1
21
22
SIM5
SIM1
SIM2
SIM3
SIM4
1
21
22
SIM5
SIM1
SIM2
SIM3
SIM4
1
21
22
SIM5
SIM1
SIM2
SIM3
SIM4
1
21
22
SIM5
SIM1
SIM2
SIM3
SIM4
1
21
22
SIM5
SIM1
SIM2
SIM3
SIM4
1
21
22
SIM5
SIM1
SIM2
SIM3
SIM4
1
21
22
SIM5
SIM1
SIM2
SIM3
SIM4
1
21
22
SIM5
SIM1
SIM2
SIM3
SIM4
1
21
22
SIM5
SIM1
SIM2
SIM3
SIM4
1
21
22
SIM5
SIM1
SIM2
SIM3
SIM4
1
21
22
SIM5
SIM1
SIM2
SIM3
SIM4
1
21
22
SIM5
SIM1
SIM2
SIM3
SIM4
1
21
22
SIM5
SIM1
SIM2
SIM3
SIM4
1
21
22
SIM5
SIM1
SIM2
SIM3
SIM4
1
21
22
SIM5
SIM1
SIM2
SIM3
SIM4
1
21
22
SIM5
SIM1
SIM2
SIM3
SIM4
1
21
22
SIM5
SIM1
SIM2
SIM3
SIM4
1
21
22
SIM5
SIM1
SIM2
SIM3
SIM4
1
21
22
SIM5
SIM1
SIM2
SIM3
SIM4
1
21
22
SIM5
SIM1
SIM2
SIM3
SIM4
1
21
22
SIM5
SIM1
SIM2
SIM3
SIM4
1
21
22
SIM5
SIM1
SIM2
SIM3
SIM4
1
21
22
SIM5
SIM1
SIM2
SIM3
SIM4
1
21
22
SIM5
SIM1
SIM2
SIM3
SIM4
1
21
22
SIM5
SIM1
SIM2
SIM3
SIM4
1
21
22
SIM5
SIM1
SIM2
SIM3
SIM4
1
21
22
SIM5
SIM1
SIM2
SIM3
SIM4
1
21
22
SIM5
SIM1
SIM2
SIM3
SIM4
1
21
22
SIM5
SIM1
SIM2
SIM3
SIM4
1
21
22
SIM5
SIM1
SIM2
SIM3
SIM4
1
21
22
SIM5
SIM1
SIM2
SIM3
SIM4
1
21
22
SIM5
SIM1
SIM2
SIM3
SIM4
1
21
22
SIM5
SIM1
SIM2
SIM3
SIM4
1
21
22
SIM5
SIM1
SIM2
SIM3
SIM4
1
21
22
SIM5
SIM1
SIM2
SIM3
SIM4
1
21
22
SIM5
SIM1
SIM2
SIM3
SIM4
1
21
22
SIM5
SIM1
SIM2
SIM3
SIM4
1
21
22
SIM5
SIM1
SIM2
SIM3
SIM4
1
21
22
SIM5
SIM1
SIM2
SIM3
SIM4
1
21
22
SIM5
SIM1
SIM2
SIM3
SIM4
1
21
22
SIM5
SIM1
SIM2
SIM3
SIM4
1
21
22
SIM5
SIM1
SIM2
SIM3
SIM4
1
21
22
SIM5
SIM1
SIM2
SIM3
SIM4
1
21
22
SIM5
SIM1
SIM2
SIM3
SIM4
1
21
22
SIM5
SIM1
SIM2
SIM3
SIM4
1
21
22
SIM5
SIM1
SIM2
SIM3
SIM4
1
21
22
SIM5
SIM1
SIM2
SIM3
SIM4
1
21
22
SIM5
SIM1
SIM2
SIM3
SIM4
1
21
22
SIM5
SIM1
SIM2
SIM3
SIM4
1
21
22
SIM5
SIM1
SIM2
SIM3
SIM4
1
21
22
SIM5
SIM1
SIM2
SIM3
SIM4
1
21
22
SIM5
SIM1
SIM2
SIM3
SIM4
1
21
22
SIM5
SIM1
SIM2
SIM3
SIM4
1
21
22
SIM5
SIM1
SIM2
SIM3
SIM4
1
21
22
SIM5
SIM1
SIM2
SIM3
SIM4
1
21
22
SIM5
SIM1
SIM2
SIM3
SIM4
1
21
22
SIM5
SIM1
SIM2
SIM3
SIM4
1
21
22
SIM5
SIM1
SIM2
SIM3
SIM4
1
21
22
SIM5
SIM1
SIM2
SIM3
SIM4
1
21
22
SIM5
SIM1
SIM2
SIM3
SIM4
1
21
22
SIM5
SIM1
SIM2
SIM3
SIM4
1
21
22
SIM5
SIM1
SIM2
SIM3
SIM4
1
21
22
SIM5
SIM1
SIM2
SIM3
SIM4
1
21
22
SIM5
SIM1
SIM2
SIM3
SIM4
1
21
22
SIM5
SIM1
SIM2
SIM3
SIM4
1
21
22
SIM5
SIM1
SIM2
SIM3
SIM4
1
21
22
SIM5
SIM1
SIM2
SIM3
SIM4
1
21
22
SIM5
SIM1
SIM2
SIM3
SIM4
1
21
22
SIM5
SIM1
SIM2
SIM3
SIM4
1
21
22
SIM5
SIM1
SIM2
SIM3
SIM4
1
21
22
SIM5
SIM1
SIM2
SIM3
SIM4
1
21
22
SIM5
SIM1
SIM2
SIM3
SIM4
1
21
22
SIM5
SIM1
SIM2
SIM3
SIM4
1
21
22
SIM5
SIM1
SIM2
SIM3
SIM4
1
21
22
SIM5
SIM1
SIM2
SIM3
SIM4
1
21
22
SIM5
SIM1
SIM2
SIM3
SIM4
1
21
22
SIM5
SIM1
SIM2
SIM3
SIM4
1
21
22
SIM5
SIM1
SIM2
SIM3
SIM4
1
21
22
SIM5
SIM1
SIM2
SIM3
SIM4
1
21
22
SIM5
SIM1
SIM2
SIM3
SIM4
1
21
22
SIM5
SIM1
SIM2
SIM3
SIM4
1
21
22
SIM5
SIM1
SIM2
SIM3
SIM4
1
21
22
SIM5
SIM1
SIM2
SIM3
SIM4
1
21
22
SIM5
SIM1
SIM2
SIM3
SIM4
1
21
22
SIM5
SIM1
SIM2
SIM3
SIM4
1
21
22
SIM5
SIM1
SIM2
SIM3
SIM4
1
21
22
SIM5
SIM1
SIM2
SIM3
SIM4
1
21
22
SIM5
SIM1
SIM2
SIM3
SIM4
1
21
22
SIM5
SIM1
SIM2
SIM3
SIM4
1
21
22
SIM5
SIM1
SIM2
SIM3
SIM4
1
21
22
SIM5
SIM1
SIM2
SIM3
SIM4
1
21
22
SIM5
SIM1
SIM2
SIM3
SIM4
1
21
22
SIM5
SIM1
SIM2
SIM3
SIM4
1
21
22
SIM5
SIM1
SIM2
SIM3
SIM4
1
21
22
SIM5
SIM1
SIM2
SIM3
SIM4
1
21
22
SIM5
SIM1
SIM2
SIM3
SIM4
1
21
22
SIM5
SIM1
SIM2
SIM3
SIM4
1
21
22
SIM5
SIM1
SIM2
SIM3
SIM4
1
21
22
SIM5
SIM1
SIM2
SIM3
SIM4
1
21
22
SIM5
SIM1
SIM2
SIM3
SIM4
1
21
22
SIM5
SIM1
SIM2
SIM3
SIM4
1
21
22
SIM5
SIM1
SIM2
SIM3
SIM4
1
21
22
SIM5
SIM1
SIM2
SIM3
SIM4
1
21
22
SIM5
SIM1
SIM2
SIM3
SIM4
1
21
22
SIM5
SIM1
SIM2
SIM3
SIM4
1
21
22
SIM5
SIM1
SIM2
SIM3
SIM4
1
21
22
SIM5
SIM1
SIM2
SIM3
SIM4
1
21
22
SIM5
SIM1
SIM2
SIM3
SIM4
1
21
22
SIM5
SIM1
SIM2
SIM3
SIM4
1
21
22
SIM5
SIM1
SIM2
SIM3
SIM4
1
21
22
SIM5
SIM1
SIM2
SIM3
SIM4
1
21
22
SIM5
SIM1
SIM2
SIM3
SIM4
1
21
22
SIM5
SIM1
SIM2
SIM3
SIM4
1
21
22
SIM5
SIM1
SIM2
SIM3
SIM4
1
21
22
SIM5
SIM1
SIM2
SIM3
SIM4
1
21
22
SIM5
SIM1
SIM2
SIM3
SIM4
1
21
22
SIM5
SIM1
SIM2
SIM3
SIM4
1
21
22
SIM5
SIM1
SIM2
SIM3
SIM4
1
21
22
SIM5
SIM1
SIM2
SIM3
SIM4
1
21
22
SIM5
SIM1
SIM2
SIM3
SIM4
1
21
22
SIM5
SIM1
SIM2
SIM3
SIM4
1
21
22
SIM5
SIM1
SIM2
SIM3
SIM4
1
21
22
SIM5
SIM1
SIM2
SIM3
SIM4
1
21
22
SIM5
SIM1
SIM2
SIM3
SIM4
1
21
22
SIM5
SIM1
SIM2
SIM3
SIM4
1
21
22
SIM5
SIM1
SIM2
SIM3
SIM4
1
21
22
SIM5
SIM1
SIM2
SIM3
SIM4
1
21
22
SIM5
SIM1
SIM2
SIM3
SIM4
1
21
22
SIM5
SIM1
SIM2
SIM3
SIM4
1
21
22
SIM5
SIM1
SIM2
SIM3
SIM4
1
21
22
SIM5
SIM1
SIM2
DEBUG 1 764
SIM1
SIM2
SIM3
SIM4
1
21
22
SIM5
SIM1
SIM2
SIM3
SIM4
1
21
22
SIM5
SIM1
SIM2
SIM3
SIM4
1
21
22
SIM5
SIM1
SIM2
SIM3
SIM4
1
21
22
SIM5
SIM1
SIM2
SIM3
SIM4
1
21
22
SIM5
SIM1
SIM2
SIM3
SIM4
1
21
22
SIM5
SIM1
SIM2
SIM3
SIM4
1
21
22
SIM5
SIM1
SIM2
SIM3
SIM4
1
21
22
SIM5
SIM1
SIM2
SIM3
SIM4
1
21
22
SIM5
SIM1
SIM2
SIM3
SIM4
1
21
22
SIM5
SIM1
SIM2
SIM3
SIM4
1
21
22
SIM5
SIM1
SIM2
SIM3
SIM4
1
21
22
SIM5
SIM1
SIM2
SIM3
SIM4
1
21
22
SIM5
SIM1
SIM2
SIM3
SIM4
1
21
22
SIM5
SIM1
SIM2
SIM3
SIM4
1
21
22
SIM5
SIM1
SIM2
SIM3
SIM4
1
21
22
SIM5
SIM1
SIM2
SIM3
SIM4
1
21
22
SIM5
SIM1
SIM2
SIM3
SIM4
1
21
22
SIM5
SIM1
SIM2
SIM3
SIM4
1
21
22
SIM5
SIM1
SIM2
SIM3
SIM4
1
21
22
SIM5
SIM1
SIM2
SIM3
SIM4
1
21
22
SIM5
SIM1
SIM2
SIM3
SIM4
1
21
22
SIM5
SIM1
SIM2
SIM3
SIM4
1
21
22
SIM5
SIM1
SIM2
SIM3
SIM4
1
21
22
SIM5
SIM1
SIM2
SIM3
SIM4
1
21
22
SIM5
SIM1
SIM2
SIM3
SIM4
1
21
22
SIM5
SIM1
SIM2
SIM3
SIM4
1
21
22
SIM5
SIM1
SIM2
SIM3
SIM4
1
21
22
SIM5
SIM1
SIM2
SIM3
SIM4
1
21
22
SIM5
SIM1
SIM2
SIM3
SIM4
1
21
22
SIM5
SIM1
SIM2
SIM3
SIM4
1
21
22
SIM5
SIM1
SIM2
SIM3
SIM4
1
21
22
SIM5
SIM1
SIM2
SIM3
SIM4
1
21
22
SIM5
SIM1
SIM2
SIM3
SIM4
1
21
22
SIM5
SIM1
SIM2
SIM3
SIM4
1
21
22
SIM5
SIM1
SIM2
SIM3
SIM4
1
21
22
SIM5
SIM1
SIM2
SIM3
SIM4
1
21
22
SIM5
SIM1
SIM2
SIM3
SIM4
1
21
22
SIM5
SIM1
SIM2
SIM3
SIM4
1
21
22
SIM5
SIM1
SIM2
SIM3
SIM4
1
21
22
SIM5
SIM1
SIM2
SIM3
SIM4
1
21
22
SIM5
SIM1
SIM2
SIM3
SIM4
1
21
22
SIM5
SIM1
SIM2
SIM3
SIM4
1
21
22
SIM5
SIM1
SIM2
SIM3
SIM4
1
21
22
SIM5
SIM1
SIM2
SIM3
SIM4
1
21
22
SIM5
SIM1
SIM2
SIM3
SIM4
1
21
22
SIM5
SIM1
SIM2
SIM3
SIM4
1
21
22
SIM5
SIM1
SIM2
SIM3
SIM4
1
21
22
SIM5
SIM1
SIM2
SIM3
SIM4
1
21
22
SIM5
SIM1
SIM2
SIM3
SIM4
1
21
22
SIM5
SIM1
SIM2
SIM3
SIM4
1
21
22
SIM5
SIM1
SIM2
SIM3
SIM4
1
21
22
SIM5
SIM1
SIM2
SIM3
SIM4
1
21
22
SIM5
SIM1
SIM2
SIM3
SIM4
1
21
22
SIM5
SIM1
SIM2
SIM3
SIM4
1
21
22
SIM5
SIM1
SIM2
SIM3
SIM4
1
21
22
SIM5
SIM1
SIM2
SIM3
SIM4
1
21
22
SIM5
SIM1
SIM2
SIM3
SIM4
1
21
22
SIM5
SIM1
SIM2
SIM3
SIM4
1
21
22
SIM5
SIM1
SIM2
SIM3
SIM4
1
21
22
SIM5
SIM1
SIM2
SIM3
SIM4
1
21
22
SIM5
SIM1
SIM2
SIM3
SIM4
1
21
22
SIM5
SIM1
SIM2
SIM3
SIM4
1
21
22
SIM5
SIM1
SIM2
SIM3
SIM4
1
21
22
SIM5
SIM1
SIM2
SIM3
SIM4
1
21
22
SIM5
SIM1
SIM2
SIM3
SIM4
1
21
22
SIM5
SIM1
SIM2
SIM3
SIM4
1
21
22
SIM5
SIM1
SIM2
SIM3
SIM4
1
21
22
SIM5
SIM1
SIM2
SIM3
SIM4
1
21
22
SIM5
SIM1
SIM2
SIM3
SIM4
1
21
22
SIM5
SIM1
SIM2
SIM3
SIM4
1
21
22
SIM5
SIM1
SIM2
SIM3
SIM4
1
21
22
SIM5
SIM1
SIM2
SIM3
SIM4
1
21
22
SIM5
SIM1
SIM2
SIM3
SIM4
1
21
22
SIM5
SIM1
SIM2
SIM3
SIM4
1
21
22
SIM5
SIM1
SIM2
SIM3
SIM4
1
21
22
SIM5
SIM1
SIM2
SIM3
SIM4
1
21
22
SIM5
SIM1
SIM2
SIM3
SIM4
1
21
22
SIM5
SIM1
SIM2
SIM3
SIM4
1
21
22
SIM5
SIM1
SIM2
SIM3
SIM4
1
21
22
SIM5
SIM1
SIM2
SIM3
SIM4
1
21
22
SIM5
SIM1
SIM2
SIM3
SIM4
1
21
22
SIM5
SIM1
SIM2
SIM3
SIM4
1
21
22
SIM5
SIM1
SIM2
SIM3
SIM4
1
21
22
SIM5
SIM1
SIM2
SIM3
SIM4
1
21
22
SIM5
SIM1
SIM2
SIM3
SIM4
1
21
22
SIM5
SIM1
SIM2
SIM3
SIM4
1
21
22
SIM5
SIM1
SIM2
SIM3
SIM4
1
21
22
SIM5
SIM1
SIM2
SIM3
SIM4
1
21
22
SIM5
SIM1
SIM2
SIM3
SIM4
1
21
22
SIM5
SIM1
SIM2
SIM3
SIM4
1
21
22
SIM5
SIM1
SIM2
SIM3
SIM4
1
21
22
SIM5
SIM1
SIM2
SIM3
SIM4
1
21
22
SIM5
SIM1
SIM2
SIM3
SIM4
1
21
22
SIM5
SIM1
SIM2
SIM3
SIM4
1
21
22
SIM5
SIM1
SIM2
SIM3
SIM4
1
21
22
SIM5
SIM1
SIM2
SIM3
SIM4
1
21
22
SIM5
SIM1
SIM2
SIM3
SIM4
1
21
22
SIM5
SIM1
SIM2
SIM3
SIM4
1
21
22
SIM5
SIM1
SIM2
SIM3
SIM4
1
21
22
SIM5
SIM1
SIM2
SIM3
SIM4
1
21
22
SIM5
SIM1
SIM2
SIM3
SIM4
1
21
22
SIM5
SIM1
SIM2
SIM3
SIM4
1
21
22
SIM5
SIM1
SIM2
SIM3
SIM4
1
21
22
SIM5
SIM1
SIM2
SIM3
SIM4
1
21
22
SIM5
SIM1
SIM2
SIM3
SIM4
1
21
22
SIM5
SIM1
SIM2
SIM3
SIM4
1
21
22
SIM5
SIM1
SIM2
SIM3
SIM4
1
21
22
SIM5
SIM1
SIM2
SIM3
SIM4
1
21
22
SIM5
SIM1
SIM2
SIM3
SIM4
1
21
22
SIM5
SIM1
SIM2
SIM3
SIM4
1
21
22
SIM5
SIM1
SIM2
SIM3
SIM4
1
21
22
SIM5
SIM1
SIM2
SIM3
SIM4
1
21
22
SIM5
SIM1
SIM2
SIM3
SIM4
1
21
22
SIM5
SIM1
SIM2
SIM3
SIM4
1
21
22
SIM5
SIM1
SIM2
SIM3
SIM4
1
21
22
SIM5
SIM1
SIM2
SIM3
SIM4
1
21
22
SIM5
SIM1
SIM2
SIM3
SIM4
1
21
22
SIM5
SIM1
SIM2
SIM3
SIM4
1
21
22
SIM5
SIM1
SIM2
SIM3
SIM4
1
21
22
SIM5
SIM1
SIM2
SIM3
SIM4
1
21
22
SIM5
SIM1
SIM2
SIM3
SIM4
1
21
22
SIM5
SIM1
SIM2
SIM3
SIM4
1
21
22
SIM5
SIM1
SIM2
DEBUG 1 765
SIM1
SIM2
SIM3
SIM4
1
21
22
SIM5
SIM1
SIM2
SIM3
SIM4
1
21
22
SIM5
SIM1
SIM2
SIM3
SIM4
1
21
22
SIM5
SIM1
SIM2
SIM3
SIM4
1
21
22
SIM5
SIM1
SIM2
SIM3
SIM4
1
21
22
SIM5
SIM1
SIM2
SIM3
SIM4
1
21
22
SIM5
SIM1
SIM2
SIM3
SIM4
1
21
22
SIM5
SIM1
SIM2
SIM3
SIM4
1
21
22
SIM5
SIM1
SIM2
SIM3
SIM4
1
21
22
SIM5
SIM1
SIM2
SIM3
SIM4
1
21
22
SIM5
SIM1
SIM2
SIM3
SIM4
1
21
22
SIM5
SIM1
SIM2
SIM3
SIM4
1
21
22
SIM5
SIM1
SIM2
SIM3
SIM4
1
21
22
SIM5
SIM1
SIM2
SIM3
SIM4
1
21
22
SIM5
SIM1
SIM2
SIM3
SIM4
1
21
22
SIM5
SIM1
SIM2
SIM3
SIM4
1
21
22
SIM5
SIM1
SIM2
SIM3
SIM4
1
21
22
SIM5
SIM1
SIM2
SIM3
SIM4
1
21
22
SIM5
SIM1
SIM2
SIM3
SIM4
1
21
22
SIM5
SIM1
SIM2
SIM3
SIM4
1
21
22
SIM5
SIM1
SIM2
SIM3
SIM4
1
21
22
SIM5
SIM1
SIM2
SIM3
SIM4
1
21
22
SIM5
SIM1
SIM2
SIM3
SIM4
1
21
22
SIM5
SIM1
SIM2
SIM3
SIM4
1
21
22
SIM5
SIM1
SIM2
SIM3
SIM4
1
21
22
SIM5
SIM1
SIM2
SIM3
SIM4
1
21
22
SIM5
SIM1
SIM2
SIM3
SIM4
1
21
22
SIM5
SIM1
SIM2
SIM3
SIM4
1
21
22
SIM5
SIM1
SIM2
SIM3
SIM4
1
21
22
SIM5
SIM1
SIM2
SIM3
SIM4
1
21
22
SIM5
SIM1
SIM2
SIM3
SIM4
1
21
22
SIM5
SIM1
SIM2
SIM3
SIM4
1
21
22
SIM5
SIM1
SIM2
SIM3
SIM4
1
21
22
SIM5
SIM1
SIM2
SIM3
SIM4
1
21
22
SIM5
SIM1
SIM2
SIM3
SIM4
1
21
22
SIM5
SIM1
SIM2
SIM3
SIM4
1
21
22
SIM5
SIM1
SIM2
SIM3
SIM4
1
21
22
SIM5
SIM1
SIM2
SIM3
SIM4
1
21
22
SIM5
SIM1
SIM2
SIM3
SIM4
1
21
22
SIM5
SIM1
SIM2
SIM3
SIM4
1
21
22
SIM5
SIM1
SIM2
SIM3
SIM4
1
21
22
SIM5
SIM1
SIM2
SIM3
SIM4
1
21
22
SIM5
SIM1
SIM2
SIM3
SIM4
1
21
22
SIM5
SIM1
SIM2
SIM3
SIM4
1
21
22
SIM5
SIM1
SIM2
SIM3
SIM4
1
21
22
SIM5
SIM1
SIM2
SIM3
SIM4
1
21
22
SIM5
SIM1
SIM2
SIM3
SIM4
1
21
22
SIM5
SIM1
SIM2
SIM3
SIM4
1
21
22
SIM5
SIM1
SIM2
SIM3
SIM4
1
21
22
SIM5
SIM1
SIM2
SIM3
SIM4
1
21
22
SIM5
SIM1
SIM2
SIM3
SIM4
1
21
22
SIM5
SIM1
SIM2
SIM3
SIM4
1
21
22
SIM5
SIM1
SIM2
SIM3
SIM4
1
21
22
SIM5
SIM1
SIM2
SIM3
SIM4
1
21
22
SIM5
SIM1
SIM2
SIM3
SIM4
1
21
22
SIM5
SIM1
SIM2
SIM3
SIM4
1
21
22
SIM5
SIM1
SIM2
SIM3
SIM4
1
21
22
SIM5
SIM1
SIM2
SIM3
SIM4
1
21
22
SIM5
SIM1
SIM2
SIM3
SIM4
1
21
22
SIM5
SIM1
SIM2
SIM3
SIM4
1
21
22
SIM5
SIM1
SIM2
SIM3
SIM4
1
21
22
SIM5
SIM1
SIM2
SIM3
SIM4
1
21
22
SIM5
SIM1
SIM2
SIM3
SIM4
1
21
22
SIM5
SIM1
SIM2
SIM3
SIM4
1
21
22
SIM5
SIM1
SIM2
SIM3
SIM4
1
21
22
SIM5
SIM1
SIM2
SIM3
SIM4
1
21
22
SIM5
SIM1
SIM2
SIM3
SIM4
1
21
22
SIM5
SIM1
SIM2
SIM3
SIM4
1
21
22
SIM5
SIM1
SIM2
SIM3
SIM4
1
21
22
SIM5
SIM1
SIM2
SIM3
SIM4
1
21
22
SIM5
SIM1
SIM2
SIM3
SIM4
1
21
22
SIM5
SIM1
SIM2
SIM3
SIM4
1
21
22
SIM5
SIM1
SIM2
SIM3
SIM4
1
21
22
SIM5
SIM1
SIM2
SIM3
SIM4
1
21
22
SIM5
SIM1
SIM2
SIM3
SIM4
1
21
22
SIM5
SIM1
SIM2
SIM3
SIM4
1
21
22
SIM5
SIM1
SIM2
SIM3
SIM4
1
21
22
SIM5
SIM1
SIM2
SIM3
SIM4
1
21
22
SIM5
SIM1
SIM2
SIM3
SIM4
1
21
22
SIM5
SIM1
SIM2
SIM3
SIM4
1
21
22
SIM5
SIM1
SIM2
SIM3
SIM4
1
21
22
SIM5
SIM1
SIM2
SIM3
SIM4
1
21
22
SIM5
SIM1
SIM2
SIM3
SIM4
1
21
22
SIM5
SIM1
SIM2
SIM3
SIM4
1
21
22
SIM5
SIM1
SIM2
SIM3
SIM4
1
21
22
SIM5
SIM1
SIM2
SIM3
SIM4
1
21
22
SIM5
SIM1
SIM2
SIM3
SIM4
1
21
22
SIM5
SIM1
SIM2
SIM3
SIM4
1
21
22
SIM5
SIM1
SIM2
SIM3
SIM4
1
21
22
SIM5
SIM1
SIM2
SIM3
SIM4
1
21
22
SIM5
SIM1
SIM2
SIM3
SIM4
1
21
22
SIM5
SIM1
SIM2
SIM3
SIM4
1
21
22
SIM5
SIM1
SIM2
SIM3
SIM4
1
21
22
SIM5
SIM1
SIM2
SIM3
SIM4
1
21
22
SIM5
SIM1
SIM2
SIM3
SIM4
1
21
22
SIM5
SIM1
SIM2
SIM3
SIM4
1
21
22
SIM5
SIM1
SIM2
SIM3
SIM4
1
21
22
SIM5
SIM1
SIM2
SIM3
SIM4
1
21
22
SIM5
SIM1
SIM2
SIM3
SIM4
1
21
22
SIM5
SIM1
SIM2
SIM3
SIM4
1
21
22
SIM5
SIM1
SIM2
SIM3
SIM4
1
21
22
SIM5
SIM1
SIM2
SIM3
SIM4
1
21
22
SIM5
SIM1
SIM2
SIM3
SIM4
1
21
22
SIM5
SIM1
SIM2
SIM3
SIM4
1
21
22
SIM5
SIM1
SIM2
SIM3
SIM4
1
21
22
SIM5
SIM1
SIM2
SIM3
SIM4
1
21
22
SIM5
SIM1
SIM2
SIM3
SIM4
1
21
22
SIM5
SIM1
SIM2
SIM3
SIM4
1
21
22
SIM5
SIM1
SIM2
SIM3
SIM4
1
21
22
SIM5
SIM1
SIM2
SIM3
SIM4
1
21
22
SIM5
SIM1
SIM2
SIM3
SIM4
1
21
22
SIM5
SIM1
SIM2
SIM3
SIM4
1
21
22
SIM5
SIM1
SIM2
SIM3
SIM4
1
21
22
SIM5
SIM1
SIM2
SIM3
SIM4
1
21
22
SIM5
SIM1
SIM2
SIM3
SIM4
1
21
22
SIM5
SIM1
SIM2
SIM3
SIM4
1
21
22
SIM5
SIM1
SIM2
SIM3
SIM4
1
21
22
SIM5
SIM1
SIM2
SIM3
SIM4
1
21
22
SIM5
SIM1
SIM2
SIM3
SIM4
1
21
22
SIM5
SIM1
SIM2
SIM3
SIM4
1
21
22
SIM5
SIM1
SIM2
SIM3
SIM4
1
21
22
SIM5
SIM1
SIM2
SIM3
SIM4
1
21
22
SIM5
SIM1
SIM2
SIM3
SIM4
1
21
22
SIM5
SIM1
SIM2
SIM3
SIM4
1
21
22
SIM5
SIM1
SIM2
SIM3
SIM4
1
21
22
SIM5
SIM1
SIM2
SIM3
SIM4
1
21
22
SIM5
SIM1
SIM2
SIM3
SIM4
1
21
22
SIM5
SIM1
SIM2
SIM3
SIM4
1
21
22
SIM5
SIM1
SIM2
SIM3
SIM4
1
21
22
SIM5
SIM1
SIM2
SIM3
SIM4
1
21
22
SIM5
SIM1
SIM2
SIM3
SIM4
1
21
22
SIM5
SIM1
SIM2
SIM3
SIM4
1
21
22
SIM5
SIM1
SIM2
SIM3
SIM4
1
21
22
SIM5
SIM1
SIM2
SIM3
SIM4
1
21
22
SIM5
SIM1
SIM2
SIM3
SIM4
1
21
22
SIM5
SIM1
SIM2
SIM3
SIM4
1
21
22
SIM5
SIM1
SIM2
SIM3
SIM4
1
21
22
SIM5
SIM1
SIM2
SIM3
SIM4
1
21
22
SIM5
SIM1
SIM2
SIM3
SIM4
1
21
22
SIM5
SIM1
SIM2
SIM3
SIM4
1
21
22
SIM5
SIM1
SIM2
SIM3
SIM4
1
21
22
SIM5
SIM1
SIM2
SIM3
SIM4
1
21
22
SIM5
SIM1
SIM2
SIM3
SIM4
1
21
22
SIM5
SIM1
SIM2
SIM3
SIM4
1
21
22
SIM5
SIM1
SIM2
SIM3
SIM4
1
21
22
SIM5
SIM1
SIM2
SIM3
SIM4
1
21
22
SIM5
SIM1
SIM2
SIM3
SIM4
1
21
22
SIM5
SIM1
SIM2
SIM3
SIM4
1
21
22
SIM5
SIM1
SIM2
SIM3
SIM4
1
21
22
SIM5
SIM1
SIM2
SIM3
SIM4
1
21
22
SIM5
SIM1
SIM2
SIM3
SIM4
1
21
22
SIM5
SIM1
SIM2
SIM3
SIM4
1
21
22
SIM5
SIM1
SIM2
SIM3
SIM4
1
21
22
SIM5
SIM1
SIM2
SIM3
SIM4
1
21
22
SIM5
SIM1
SIM2
SIM3
SIM4
1
21
22
SIM5
SIM1
SIM2
SIM3
SIM4
1
21
22
SIM5
SIM1
SIM2
SIM3
SIM4
1
21
22
SIM5
SIM1
SIM2
SIM3
SIM4
1
21
22
SIM5
SIM1
SIM2
SIM3
SIM4
1
21
22
SIM5
SIM1
SIM2
SIM3
SIM4
1
21
22
SIM5
SIM1
SIM2
SIM3
SIM4
1
21
22
SIM5
SIM1
SIM2
SIM3
SIM4
1
21
22
SIM5
SIM1
SIM2
SIM3
SIM4
1
21
22
SIM5
SIM1
SIM2
SIM3
SIM4
1
21
22
SIM5
SIM1
SIM2
SIM3
SIM4
1
21
22
SIM5
SIM1
SIM2
SIM3
SIM4
1
21
22
SIM5
SIM1
SIM2
SIM3
SIM4
1
21
22
SIM5
SIM1
SIM2
SIM3
SIM4
1
21
22
SIM5
SIM1
SIM2
SIM3
SIM4
1
21
22
SIM5
SIM1
SIM2
SIM3
SIM4
1
21
22
SIM5
SIM1
SIM2
SIM3
SIM4
1
21
22
SIM5
SIM1
SIM2
DEBUG 1 766
SIM1
SIM2
SIM3
SIM4
1
21
22
SIM5
SIM1
SIM2
SIM3
SIM4
1
21
22
SIM5
SIM1
SIM2
SIM3
SIM4
1
21
22
SIM5
SIM1
SIM2
SIM3
SIM4
1
21
22
SIM5
SIM1
SIM2
SIM3
SIM4
1
21
22
SIM5
SIM1
SIM2
SIM3
SIM4
1
21
22
SIM5
SIM1
SIM2
SIM3
SIM4
1
21
22
SIM5
SIM1
SIM2
SIM3
SIM4
1
21
22
SIM5
SIM1
SIM2
SIM3
SIM4
1
21
22
SIM5
SIM1
SIM2
SIM3
SIM4
1
21
22
SIM5
SIM1
SIM2
SIM3
SIM4
1
21
22
SIM5
SIM1
SIM2
SIM3
SIM4
1
21
22
SIM5
SIM1
SIM2
SIM3
SIM4
1
21
22
SIM5
SIM1
SIM2
SIM3
SIM4
1
21
22
SIM5
SIM1
SIM2
SIM3
SIM4
1
21
22
SIM5
SIM1
SIM2
SIM3
SIM4
1
21
22
SIM5
SIM1
SIM2
SIM3
SIM4
1
21
22
SIM5
SIM1
SIM2
SIM3
SIM4
1
21
22
SIM5
SIM1
SIM2
SIM3
SIM4
1
21
22
SIM5
SIM1
SIM2
SIM3
SIM4
1
21
22
SIM5
SIM1
SIM2
SIM3
SIM4
1
21
22
SIM5
SIM1
SIM2
SIM3
SIM4
1
21
22
SIM5
SIM1
SIM2
SIM3
SIM4
1
21
22
SIM5
SIM1
SIM2
SIM3
SIM4
1
21
22
SIM5
SIM1
SIM2
SIM3
SIM4
1
21
22
SIM5
SIM1
SIM2
SIM3
SIM4
1
21
22
SIM5
SIM1
SIM2
SIM3
SIM4
1
21
22
SIM5
SIM1
SIM2
SIM3
SIM4
1
21
22
SIM5
SIM1
SIM2
SIM3
SIM4
1
21
22
SIM5
SIM1
SIM2
SIM3
SIM4
1
21
22
SIM5
SIM1
SIM2
SIM3
SIM4
1
21
22
SIM5
SIM1
SIM2
SIM3
SIM4
1
21
22
SIM5
SIM1
SIM2
SIM3
SIM4
1
21
22
SIM5
SIM1
SIM2
SIM3
SIM4
1
21
22
SIM5
SIM1
SIM2
SIM3
SIM4
1
21
22
SIM5
SIM1
SIM2
SIM3
SIM4
1
21
22
SIM5
SIM1
SIM2
SIM3
SIM4
1
21
22
SIM5
SIM1
SIM2
SIM3
SIM4
1
21
22
SIM5
SIM1
SIM2
SIM3
SIM4
1
21
22
SIM5
SIM1
SIM2
SIM3
SIM4
1
21
22
SIM5
SIM1
SIM2
SIM3
SIM4
1
21
22
SIM5
SIM1
SIM2
SIM3
SIM4
1
21
22
SIM5
SIM1
SIM2
SIM3
SIM4
1
21
22
SIM5
SIM1
SIM2
SIM3
SIM4
1
21
22
SIM5
SIM1
SIM2
SIM3
SIM4
1
21
22
SIM5
SIM1
SIM2
SIM3
SIM4
1
21
22
SIM5
SIM1
SIM2
SIM3
SIM4
1
21
22
SIM5
SIM1
SIM2
SIM3
SIM4
1
21
22
SIM5
SIM1
SIM2
SIM3
SIM4
1
21
22
SIM5
SIM1
SIM2
SIM3
SIM4
1
21
22
SIM5
SIM1
SIM2
SIM3
SIM4
1
21
22
SIM5
SIM1
SIM2
SIM3
SIM4
1
21
22
SIM5
SIM1
SIM2
SIM3
SIM4
1
21
22
SIM5
SIM1
SIM2
SIM3
SIM4
1
21
22
SIM5
SIM1
SIM2
SIM3
SIM4
1
21
22
SIM5
SIM1
SIM2
SIM3
SIM4
1
21
22
SIM5
SIM1
SIM2
SIM3
SIM4
1
21
22
SIM5
SIM1
SIM2
SIM3
SIM4
1
21
22
SIM5
SIM1
SIM2
SIM3
SIM4
1
21
22
SIM5
SIM1
SIM2
SIM3
SIM4
1
21
22
SIM5
SIM1
SIM2
SIM3
SIM4
1
21
22
SIM5
SIM1
SIM2
SIM3
SIM4
1
21
22
SIM5
SIM1
SIM2
SIM3
SIM4
1
21
22
SIM5
SIM1
SIM2
SIM3
SIM4
1
21
22
SIM5
SIM1
SIM2
SIM3
SIM4
1
21
22
SIM5
SIM1
SIM2
SIM3
SIM4
1
21
22
SIM5
SIM1
SIM2
SIM3
SIM4
1
21
22
SIM5
SIM1
SIM2
SIM3
SIM4
1
21
22
SIM5
SIM1
SIM2
SIM3
SIM4
1
21
22
SIM5
SIM1
SIM2
SIM3
SIM4
1
21
22
SIM5
SIM1
SIM2
SIM3
SIM4
1
21
22
SIM5
SIM1
SIM2
SIM3
SIM4
1
21
22
SIM5
SIM1
SIM2
SIM3
SIM4
1
21
22
SIM5
SIM1
SIM2
SIM3
SIM4
1
21
22
SIM5
SIM1
SIM2
SIM3
SIM4
1
21
22
SIM5
SIM1
SIM2
SIM3
SIM4
1
21
22
SIM5
SIM1
SIM2
SIM3
SIM4
1
21
22
SIM5
SIM1
SIM2
SIM3
SIM4
1
21
22
SIM5
SIM1
SIM2
SIM3
SIM4
1
21
22
SIM5
SIM1
SIM2
SIM3
SIM4
1
21
22
SIM5
SIM1
SIM2
SIM3
SIM4
1
21
22
SIM5
SIM1
SIM2
SIM3
SIM4
1
21
22
SIM5
SIM1
SIM2
SIM3
SIM4
1
21
22
SIM5
SIM1
SIM2
SIM3
SIM4
1
21
22
SIM5
SIM1
SIM2
SIM3
SIM4
1
21
22
SIM5
SIM1
SIM2
SIM3
SIM4
1
21
22
SIM5
SIM1
SIM2
SIM3
SIM4
1
21
22
SIM5
SIM1
SIM2
SIM3
SIM4
1
21
22
SIM5
SIM1
SIM2
SIM3
SIM4
1
21
22
SIM5
SIM1
SIM2
SIM3
SIM4
1
21
22
SIM5
SIM1
SIM2
SIM3
SIM4
1
21
22
SIM5
SIM1
SIM2
SIM3
SIM4
1
21
22
SIM5
SIM1
SIM2
SIM3
SIM4
1
21
22
SIM5
SIM1
SIM2
SIM3
SIM4
1
21
22
SIM5
SIM1
SIM2
SIM3
SIM4
1
21
22
SIM5
SIM1
SIM2
SIM3
SIM4
1
21
22
SIM5
SIM1
SIM2
SIM3
SIM4
1
21
22
SIM5
SIM1
SIM2
SIM3
SIM4
1
21
22
SIM5
SIM1
SIM2
SIM3
SIM4
1
21
22
SIM5
SIM1
SIM2
SIM3
SIM4
1
21
22
SIM5
SIM1
SIM2
SIM3
SIM4
1
21
22
SIM5
SIM1
SIM2
SIM3
SIM4
1
21
22
SIM5
SIM1
SIM2
SIM3
SIM4
1
21
22
SIM5
SIM1
SIM2
SIM3
SIM4
1
21
22
SIM5
SIM1
SIM2
SIM3
SIM4
1
21
22
SIM5
SIM1
SIM2
SIM3
SIM4
1
21
22
SIM5
SIM1
SIM2
SIM3
SIM4
1
21
22
SIM5
SIM1
SIM2
SIM3
SIM4
1
21
22
SIM5
SIM1
SIM2
SIM3
SIM4
1
21
22
SIM5
SIM1
SIM2
SIM3
SIM4
1
21
22
SIM5
SIM1
SIM2
SIM3
SIM4
1
21
22
SIM5
SIM1
SIM2
SIM3
SIM4
1
21
22
SIM5
SIM1
SIM2
DEBUG 1 767
SIM1
SIM2
SIM3
SIM4
1
21
22
SIM5
SIM1
SIM2
SIM3
SIM4
1
21
22
SIM5
SIM1
SIM2
SIM3
SIM4
1
21
22
SIM5
SIM1
SIM2
SIM3
SIM4
1
21
22
SIM5
SIM1
SIM2
SIM3
SIM4
1
21
22
SIM5
SIM1
SIM2
SIM3
SIM4
1
21
22
SIM5
SIM1
SIM2
SIM3
SIM4
1
21
22
SIM5
SIM1
SIM2
SIM3
SIM4
1
21
22
SIM5
SIM1
SIM2
SIM3
SIM4
1
21
22
SIM5
SIM1
SIM2
SIM3
SIM4
1
21
22
SIM5
SIM1
SIM2
SIM3
SIM4
1
21
22
SIM5
SIM1
SIM2
SIM3
SIM4
1
21
22
SIM5
SIM1
SIM2
SIM3
SIM4
1
21
22
SIM5
SIM1
SIM2
SIM3
SIM4
1
21
22
SIM5
SIM1
SIM2
SIM3
SIM4
1
21
22
SIM5
SIM1
SIM2
SIM3
SIM4
1
21
22
SIM5
SIM1
SIM2
SIM3
SIM4
1
21
22
SIM5
SIM1
SIM2
SIM3
SIM4
1
21
22
SIM5
SIM1
SIM2
SIM3
SIM4
1
21
22
SIM5
SIM1
SIM2
SIM3
SIM4
1
21
22
SIM5
SIM1
SIM2
SIM3
SIM4
1
21
22
SIM5
SIM1
SIM2
SIM3
SIM4
1
21
22
SIM5
SIM1
SIM2
SIM3
SIM4
1
21
22
SIM5
SIM1
SIM2
SIM3
SIM4
1
21
22
SIM5
SIM1
SIM2
SIM3
SIM4
1
21
22
SIM5
SIM1
SIM2
SIM3
SIM4
1
21
22
SIM5
SIM1
SIM2
SIM3
SIM4
1
21
22
SIM5
SIM1
SIM2
SIM3
SIM4
1
21
22
SIM5
SIM1
SIM2
SIM3
SIM4
1
21
22
SIM5
SIM1
SIM2
SIM3
SIM4
1
21
22
SIM5
SIM1
SIM2
SIM3
SIM4
1
21
22
SIM5
SIM1
SIM2
SIM3
SIM4
1
21
22
SIM5
SIM1
SIM2
SIM3
SIM4
1
21
22
SIM5
SIM1
SIM2
SIM3
SIM4
1
21
22
SIM5
SIM1
SIM2
SIM3
SIM4
1
21
22
SIM5
SIM1
SIM2
SIM3
SIM4
1
21
22
SIM5
SIM1
SIM2
SIM3
SIM4
1
21
22
SIM5
SIM1
SIM2
SIM3
SIM4
1
21
22
SIM5
SIM1
SIM2
SIM3
SIM4
1
21
22
SIM5
SIM1
SIM2
SIM3
SIM4
1
21
22
SIM5
SIM1
SIM2
SIM3
SIM4
1
21
22
SIM5
SIM1
SIM2
SIM3
SIM4
1
21
22
SIM5
SIM1
SIM2
SIM3
SIM4
1
21
22
SIM5
SIM1
SIM2
SIM3
SIM4
1
21
22
SIM5
SIM1
SIM2
SIM3
SIM4
1
21
22
SIM5
SIM1
SIM2
SIM3
SIM4
1
21
22
SIM5
SIM1
SIM2
SIM3
SIM4
1
21
22
SIM5
SIM1
SIM2
SIM3
SIM4
1
21
22
SIM5
SIM1
SIM2
SIM3
SIM4
1
21
22
SIM5
SIM1
SIM2
SIM3
SIM4
1
21
22
SIM5
SIM1
SIM2
SIM3
SIM4
1
21
22
SIM5
SIM1
SIM2
SIM3
SIM4
1
21
22
SIM5
SIM1
SIM2
SIM3
SIM4
1
21
22
SIM5
SIM1
SIM2
SIM3
SIM4
1
21
22
SIM5
SIM1
SIM2
SIM3
SIM4
1
21
22
SIM5
SIM1
SIM2
SIM3
SIM4
1
21
22
SIM5
SIM1
SIM2
SIM3
SIM4
1
21
22
SIM5
SIM1
SIM2
SIM3
SIM4
1
21
22
SIM5
SIM1
SIM2
SIM3
SIM4
1
21
22
SIM5
SIM1
SIM2
SIM3
SIM4
1
21
22
SIM5
SIM1
SIM2
SIM3
SIM4
1
21
22
SIM5
SIM1
SIM2
SIM3
SIM4
1
21
22
SIM5
SIM1
SIM2
SIM3
SIM4
1
21
22
SIM5
SIM1
SIM2
SIM3
SIM4
1
21
22
SIM5
SIM1
SIM2
SIM3
SIM4
1
21
22
SIM5
SIM1
SIM2
SIM3
SIM4
1
21
22
SIM5
SIM1
SIM2
SIM3
SIM4
1
21
22
SIM5
SIM1
SIM2
SIM3
SIM4
1
21
22
SIM5
SIM1
SIM2
SIM3
SIM4
1
21
22
SIM5
SIM1
SIM2
SIM3
SIM4
1
21
22
SIM5
SIM1
SIM2
SIM3
SIM4
1
21
22
SIM5
SIM1
SIM2
SIM3
SIM4
1
21
22
SIM5
SIM1
SIM2
SIM3
SIM4
1
21
22
SIM5
SIM1
SIM2
SIM3
SIM4
1
21
22
SIM5
SIM1
SIM2
SIM3
SIM4
1
21
22
SIM5
SIM1
SIM2
SIM3
SIM4
1
21
22
SIM5
SIM1
SIM2
SIM3
SIM4
1
21
22
SIM5
SIM1
SIM2
SIM3
SIM4
1
21
22
SIM5
SIM1
SIM2
SIM3
SIM4
1
21
22
SIM5
SIM1
SIM2
SIM3
SIM4
1
21
22
SIM5
SIM1
SIM2
SIM3
SIM4
1
21
22
SIM5
SIM1
SIM2
SIM3
SIM4
1
21
22
SIM5
SIM1
SIM2
SIM3
SIM4
1
21
22
SIM5
SIM1
SIM2
SIM3
SIM4
1
21
22
SIM5
SIM1
SIM2
SIM3
SIM4
1
21
22
SIM5
SIM1
SIM2
SIM3
SIM4
1
21
22
SIM5
SIM1
SIM2
SIM3
SIM4
1
21
22
SIM5
SIM1
SIM2
SIM3
SIM4
1
21
22
SIM5
SIM1
SIM2
SIM3
SIM4
1
21
22
SIM5
SIM1
SIM2
SIM3
SIM4
1
21
22
SIM5
SIM1
SIM2
SIM3
SIM4
1
21
22
SIM5
SIM1
SIM2
SIM3
SIM4
1
21
22
SIM5
SIM1
SIM2
SIM3
SIM4
1
21
22
SIM5
SIM1
SIM2
SIM3
SIM4
1
21
22
SIM5
SIM1
SIM2
SIM3
SIM4
1
21
22
SIM5
SIM1
SIM2
SIM3
SIM4
1
21
22
SIM5
SIM1
SIM2
SIM3
SIM4
1
21
22
SIM5
SIM1
SIM2
SIM3
SIM4
1
21
22
SIM5
SIM1
SIM2
SIM3
SIM4
1
21
22
SIM5
SIM1
SIM2
SIM3
SIM4
1
21
22
SIM5
SIM1
SIM2
SIM3
SIM4
1
21
22
SIM5
SIM1
SIM2
SIM3
SIM4
1
21
22
SIM5
SIM1
SIM2
SIM3
SIM4
1
21
22
SIM5
SIM1
SIM2
SIM3
SIM4
1
21
22
SIM5
SIM1
SIM2
SIM3
SIM4
1
21
22
SIM5
SIM1
SIM2
SIM3
SIM4
1
21
22
SIM5
SIM1
SIM2
SIM3
SIM4
1
21
22
SIM5
SIM1
SIM2
SIM3
SIM4
1
21
22
SIM5
SIM1
SIM2
SIM3
SIM4
1
21
22
SIM5
SIM1
SIM2
SIM3
SIM4
1
21
22
SIM5
SIM1
SIM2
SIM3
SIM4
1
21
22
SIM5
SIM1
SIM2
SIM3
SIM4
1
21
22
SIM5
SIM1
SIM2
SIM3
SIM4
1
21
22
SIM5
SIM1
SIM2
SIM3
SIM4
1
21
22
SIM5
SIM1
SIM2
SIM3
SIM4
1
21
22
SIM5
SIM1
SIM2
SIM3
SIM4
1
21
22
SIM5
SIM1
SIM2
SIM3
SIM4
1
21
22
SIM5
SIM1
SIM2
SIM3
SIM4
1
21
22
SIM5
SIM1
SIM2
SIM3
SIM4
1
21
22
SIM5
SIM1
SIM2
SIM3
SIM4
1
21
22
SIM5
SIM1
SIM2
SIM3
SIM4
1
21
22
SIM5
SIM1
SIM2
SIM3
SIM4
1
21
22
SIM5
SIM1
SIM2
SIM3
SIM4
1
21
22
SIM5
SIM1
SIM2
SIM3
SIM4
1
21
22
SIM5
SIM1
SIM2
SIM3
SIM4
1
21
22
SIM5
SIM1
SIM2
SIM3
SIM4
1
21
22
SIM5
SIM1
SIM2
SIM3
SIM4
1
21
22
SIM5
SIM1
SIM2
SIM3
SIM4
1
21
22
SIM5
SIM1
SIM2
SIM3
SIM4
1
21
22
SIM5
SIM1
SIM2
SIM3
SIM4
1
21
22
SIM5
SIM1
SIM2
SIM3
SIM4
1
21
22
SIM5
SIM1
SIM2
SIM3
SIM4
1
21
22
SIM5
SIM1
SIM2
SIM3
SIM4
1
21
22
SIM5
SIM1
SIM2
SIM3
SIM4
1
21
22
SIM5
SIM1
SIM2
SIM3
SIM4
1
21
22
SIM5
SIM1
SIM2
SIM3
SIM4
1
21
22
SIM5
SIM1
SIM2
SIM3
SIM4
1
21
22
SIM5
SIM1
SIM2
SIM3
SIM4
1
21
22
SIM5
SIM1
SIM2
SIM3
SIM4
1
21
22
SIM5
SIM1
SIM2
SIM3
SIM4
1
21
22
SIM5
SIM1
SIM2
SIM3
SIM4
1
21
22
SIM5
SIM1
SIM2
SIM3
SIM4
1
21
22
SIM5
SIM1
SIM2
SIM3
SIM4
1
21
22
SIM5
SIM1
SIM2
SIM3
SIM4
1
21
22
SIM5
SIM1
SIM2
SIM3
SIM4
1
21
22
SIM5
SIM1
SIM2
SIM3
SIM4
1
21
22
SIM5
SIM1
SIM2
SIM3
SIM4
1
21
22
SIM5
SIM1
SIM2
SIM3
SIM4
1
21
22
SIM5
SIM1
SIM2
SIM3
SIM4
1
21
22
SIM5
SIM1
SIM2
SIM3
SIM4
1
21
22
SIM5
SIM1
SIM2
SIM3
SIM4
1
21
22
SIM5
SIM1
SIM2
SIM3
SIM4
1
21
22
SIM5
SIM1
SIM2
SIM3
SIM4
1
21
22
SIM5
SIM1
SIM2
SIM3
SIM4
1
21
22
SIM5
SIM1
SIM2
SIM3
SIM4
1
21
22
SIM5
SIM1
SIM2
SIM3
SIM4
1
21
22
SIM5
SIM1
SIM2
SIM3
SIM4
1
21
22
SIM5
SIM1
SIM2
SIM3
SIM4
1
21
22
SIM5
SIM1
SIM2
SIM3
SIM4
1
21
22
SIM5
SIM1
SIM2
SIM3
SIM4
1
21
22
SIM5
SIM1
SIM2
SIM3
SIM4
1
21
22
SIM5
SIM1
SIM2
SIM3
SIM4
1
21
22
SIM5
SIM1
SIM2
SIM3
SIM4
1
21
22
SIM5
SIM1
SIM2
SIM3
SIM4
1
21
22
SIM5
SIM1
SIM2
SIM3
SIM4
1
21
22
SIM5
SIM1
SIM2
SIM3
SIM4
1
21
22
SIM5
SIM1
SIM2
SIM3
SIM4
1
21
22
SIM5
SIM1
SIM2
SIM3
SIM4
1
21
22
SIM5
SIM1
SIM2
SIM3
SIM4
1
21
22
SIM5
SIM1
SIM2
SIM3
SIM4
1
21
22
SIM5
SIM1
SIM2
SIM3
SIM4
1
21
22
SIM5
SIM1
SIM2
SIM3
SIM4
1
21
22
SIM5
SIM1
SIM2
SIM3
SIM4
1
21
22
SIM5
SIM1
SIM2
SIM3
SIM4
1
21
22
SIM5
SIM1
SIM2
SIM3
SIM4
1
21
22
SIM5
SIM1
SIM2
SIM3
SIM4
1
21
22
SIM5
SIM1
SIM2
SIM3
SIM4
1
21
22
SIM5
SIM1
SIM2
SIM3
SIM4
1
21
22
SIM5
SIM1
SIM2
SIM3
SIM4
1
21
22
SIM5
SIM1
SIM2
SIM3
SIM4
1
21
22
SIM5
SIM1
SIM2
SIM3
SIM4
1
21
22
SIM5
SIM1
SIM2
SIM3
SIM4
1
21
22
SIM5
SIM1
SIM2
SIM3
SIM4
1
21
22
SIM5
SIM1
SIM2
SIM3
SIM4
1
21
22
SIM5
SIM1
SIM2
SIM3
SIM4
1
21
22
SIM5
SIM1
SIM2
SIM3
SIM4
1
21
22
SIM5
SIM1
SIM2
SIM3
SIM4
1
21
22
SIM5
SIM1
SIM2
SIM3
SIM4
1
21
22
SIM5
SIM1
SIM2
SIM3
SIM4
1
21
22
SIM5
SIM1
SIM2
SIM3
SIM4
1
21
22
SIM5
SIM1
SIM2
SIM3
SIM4
1
21
22
SIM5
SIM1
SIM2
SIM3
SIM4
1
21
22
SIM5
SIM1
SIM2
SIM3
SIM4
1
21
22
SIM5
SIM1
SIM2
SIM3
SIM4
1
21
22
SIM5
SIM1
SIM2
SIM3
SIM4
1
21
22
SIM5
SIM1
SIM2
SIM3
SIM4
1
21
22
SIM5
SIM1
SIM2
SIM3
SIM4
1
21
22
SIM5
SIM1
SIM2
SIM3
SIM4
1
21
22
SIM5
SIM1
SIM2
SIM3
SIM4
1
21
22
SIM5
SIM1
SIM2
SIM3
SIM4
1
21
22
SIM5
SIM1
SIM2
SIM3
SIM4
1
21
22
SIM5
SIM1
SIM2
SIM3
SIM4
1
21
22
SIM5
SIM1
SIM2
SIM3
SIM4
1
21
22
SIM5
SIM1
SIM2
SIM3
SIM4
1
21
22
SIM5
SIM1
SIM2
SIM3
SIM4
1
21
22
SIM5
SIM1
SIM2
SIM3
SIM4
1
21
22
SIM5
SIM1
SIM2
SIM3
SIM4
1
21
22
SIM5
SIM1
SIM2
SIM3
SIM4
1
21
22
SIM5
SIM1
SIM2
SIM3
SIM4
1
21
22
SIM5
SIM1
SIM2
SIM3
SIM4
1
21
22
SIM5
SIM1
SIM2
SIM3
SIM4
1
21
22
SIM5
SIM1
SIM2
SIM3
SIM4
1
21
22
SIM5
SIM1
SIM2
SIM3
SIM4
1
21
22
SIM5
SIM1
SIM2
SIM3
SIM4
1
21
22
SIM5
SIM1
SIM2
SIM3
SIM4
1
21
22
SIM5
SIM1
SIM2
SIM3
SIM4
1
21
22
SIM5
SIM1
SIM2
SIM3
SIM4
1
21
22
SIM5
SIM1
SIM2
SIM3
SIM4
1
21
22
SIM5
SIM1
SIM2
SIM3
SIM4
1
21
22
SIM5
SIM1
SIM2
SIM3
SIM4
1
21
22
SIM5
SIM1
SIM2
SIM3
SIM4
1
21
22
SIM5
SIM1
SIM2
SIM3
SIM4
1
21
22
SIM5
SIM1
SIM2
SIM3
SIM4
1
21
22
SIM5
SIM1
SIM2
SIM3
SIM4
1
21
22
SIM5
SIM1
SIM2
SIM3
SIM4
1
21
22
SIM5
SIM1
SIM2
SIM3
SIM4
1
21
22
SIM5
SIM1
SIM2
SIM3
SIM4
1
21
22
SIM5
SIM1
SIM2
SIM3
SIM4
1
21
22
SIM5
SIM1
SIM2
SIM3
SIM4
1
21
22
SIM5
SIM1
SIM2
SIM3
SIM4
1
21
22
SIM5
SIM1
SIM2
SIM3
SIM4
1
21
22
SIM5
SIM1
SIM2
SIM3
SIM4
1
21
22
SIM5
SIM1
SIM2
SIM3
SIM4
1
21
22
SIM5
SIM1
SIM2
SIM3
SIM4
1
21
22
SIM5
SIM1
SIM2
SIM3
SIM4
1
21
22
SIM5
SIM1
SIM2
SIM3
SIM4
1
21
22
SIM5
SIM1
SIM2
SIM3
SIM4
1
21
22
SIM5
SIM1
SIM2
SIM3
SIM4
1
21
22
SIM5
SIM1
SIM2
SIM3
SIM4
1
21
22
SIM5
SIM1
SIM2
SIM3
SIM4
1
21
22
SIM5
SIM1
SIM2
SIM3
SIM4
1
21
22
SIM5
SIM1
SIM2
SIM3
SIM4
1
21
22
SIM5
SIM1
SIM2
SIM3
SIM4
1
21
22
SIM5
SIM1
SIM2
SIM3
SIM4
1
21
22
SIM5
SIM1
SIM2
SIM3
SIM4
1
21
22
SIM5
SIM1
SIM2
SIM3
SIM4
1
21
22
SIM5
SIM1
SIM2
SIM3
SIM4
1
21
22
SIM5
SIM1
SIM2
DEBUG 1 768
SIM1
SIM2
SIM3
SIM4
1
21
22
SIM5
SIM1
SIM2
SIM3
SIM4
1
21
22
SIM5
SIM1
SIM2
SIM3
SIM4
1
21
22
SIM5
SIM1
SIM2
SIM3
SIM4
1
21
22
SIM5
SIM1
SIM2
SIM3
SIM4
1
21
22
SIM5
SIM1
SIM2
SIM3
SIM4
1
21
22
SIM5
SIM1
SIM2
SIM3
SIM4
1
21
22
SIM5
SIM1
SIM2
SIM3
SIM4
1
21
22
SIM5
SIM1
SIM2
SIM3
SIM4
1
21
22
SIM5
SIM1
SIM2
SIM3
SIM4
1
21
22
SIM5
SIM1
SIM2
SIM3
SIM4
1
21
22
SIM5
SIM1
SIM2
SIM3
SIM4
1
21
22
SIM5
SIM1
SIM2
SIM3
SIM4
1
21
22
SIM5
SIM1
SIM2
SIM3
SIM4
1
21
22
SIM5
SIM1
SIM2
SIM3
SIM4
1
21
22
SIM5
SIM1
SIM2
SIM3
SIM4
1
21
22
SIM5
SIM1
SIM2
SIM3
SIM4
1
21
22
SIM5
SIM1
SIM2
SIM3
SIM4
1
21
22
SIM5
SIM1
SIM2
SIM3
SIM4
1
21
22
SIM5
SIM1
SIM2
SIM3
SIM4
1
21
22
SIM5
SIM1
SIM2
SIM3
SIM4
1
21
22
SIM5
SIM1
SIM2
SIM3
SIM4
1
21
22
SIM5
SIM1
SIM2
SIM3
SIM4
1
21
22
SIM5
SIM1
SIM2
SIM3
SIM4
1
21
22
SIM5
SIM1
SIM2
SIM3
SIM4
1
21
22
SIM5
SIM1
SIM2
SIM3
SIM4
1
21
22
SIM5
SIM1
SIM2
SIM3
SIM4
1
21
22
SIM5
SIM1
SIM2
SIM3
SIM4
1
21
22
SIM5
SIM1
SIM2
SIM3
SIM4
1
21
22
SIM5
SIM1
SIM2
SIM3
SIM4
1
21
22
SIM5
SIM1
SIM2
SIM3
SIM4
1
21
22
SIM5
SIM1
SIM2
SIM3
SIM4
1
21
22
SIM5
SIM1
SIM2
SIM3
SIM4
1
21
22
SIM5
SIM1
SIM2
SIM3
SIM4
1
21
22
SIM5
SIM1
SIM2
SIM3
SIM4
1
21
22
SIM5
SIM1
SIM2
SIM3
SIM4
1
21
22
SIM5
SIM1
SIM2
SIM3
SIM4
1
21
22
SIM5
SIM1
SIM2
SIM3
SIM4
1
21
22
SIM5
SIM1
SIM2
SIM3
SIM4
1
21
22
SIM5
SIM1
SIM2
SIM3
SIM4
1
21
22
SIM5
SIM1
SIM2
SIM3
SIM4
1
21
22
SIM5
SIM1
SIM2
SIM3
SIM4
1
21
22
SIM5
SIM1
SIM2
SIM3
SIM4
1
21
22
SIM5
SIM1
SIM2
SIM3
SIM4
1
21
22
SIM5
SIM1
SIM2
SIM3
SIM4
1
21
22
SIM5
SIM1
SIM2
SIM3
SIM4
1
21
22
SIM5
SIM1
SIM2
SIM3
SIM4
1
21
22
SIM5
SIM1
SIM2
SIM3
SIM4
1
21
22
SIM5
SIM1
SIM2
SIM3
SIM4
1
21
22
SIM5
SIM1
SIM2
SIM3
SIM4
1
21
22
SIM5
SIM1
SIM2
SIM3
SIM4
1
21
22
SIM5
SIM1
SIM2
SIM3
SIM4
1
21
22
SIM5
SIM1
SIM2
SIM3
SIM4
1
21
22
SIM5
SIM1
SIM2
SIM3
SIM4
1
21
22
SIM5
SIM1
SIM2
SIM3
SIM4
1
21
22
SIM5
SIM1
SIM2
SIM3
SIM4
1
21
22
SIM5
SIM1
SIM2
SIM3
SIM4
1
21
22
SIM5
SIM1
SIM2
SIM3
SIM4
1
21
22
SIM5
SIM1
SIM2
SIM3
SIM4
1
21
22
SIM5
SIM1
SIM2
SIM3
SIM4
1
21
22
SIM5
SIM1
SIM2
SIM3
SIM4
1
21
22
SIM5
SIM1
SIM2
SIM3
SIM4
1
21
22
SIM5
SIM1
SIM2
SIM3
SIM4
1
21
22
SIM5
SIM1
SIM2
SIM3
SIM4
1
21
22
SIM5
SIM1
SIM2
SIM3
SIM4
1
21
22
SIM5
SIM1
SIM2
SIM3
SIM4
1
21
22
SIM5
SIM1
SIM2
SIM3
SIM4
1
21
22
SIM5
SIM1
SIM2
SIM3
SIM4
1
21
22
SIM5
SIM1
SIM2
SIM3
SIM4
1
21
22
SIM5
SIM1
SIM2
SIM3
SIM4
1
21
22
SIM5
SIM1
SIM2
SIM3
SIM4
1
21
22
SIM5
SIM1
SIM2
SIM3
SIM4
1
21
22
SIM5
SIM1
SIM2
SIM3
SIM4
1
21
22
SIM5
SIM1
SIM2
SIM3
SIM4
1
21
22
SIM5
SIM1
SIM2
SIM3
SIM4
1
21
22
SIM5
SIM1
SIM2
SIM3
SIM4
1
21
22
SIM5
SIM1
SIM2
SIM3
SIM4
1
21
22
SIM5
SIM1
SIM2
SIM3
SIM4
1
21
22
SIM5
SIM1
SIM2
SIM3
SIM4
1
21
22
SIM5
SIM1
SIM2
SIM3
SIM4
1
21
22
SIM5
SIM1
SIM2
SIM3
SIM4
1
21
22
SIM5
SIM1
SIM2
SIM3
SIM4
1
21
22
SIM5
SIM1
SIM2
SIM3
SIM4
1
21
22
SIM5
SIM1
SIM2
SIM3
SIM4
1
21
22
SIM5
SIM1
SIM2
SIM3
SIM4
1
21
22
SIM5
SIM1
SIM2
SIM3
SIM4
1
21
22
SIM5
SIM1
SIM2
SIM3
SIM4
1
21
22
SIM5
SIM1
SIM2
SIM3
SIM4
1
21
22
SIM5
SIM1
SIM2
SIM3
SIM4
1
21
22
SIM5
SIM1
SIM2
SIM3
SIM4
1
21
22
SIM5
SIM1
SIM2
SIM3
SIM4
1
21
22
SIM5
SIM1
SIM2
SIM3
SIM4
1
21
22
SIM5
SIM1
SIM2
SIM3
SIM4
1
21
22
SIM5
SIM1
SIM2
SIM3
SIM4
1
21
22
SIM5
SIM1
SIM2
SIM3
SIM4
1
21
22
SIM5
SIM1
SIM2
SIM3
SIM4
1
21
22
SIM5
SIM1
SIM2
SIM3
SIM4
1
21
22
SIM5
SIM1
SIM2
SIM3
SIM4
1
21
22
SIM5
SIM1
SIM2
SIM3
SIM4
1
21
22
SIM5
SIM1
SIM2
SIM3
SIM4
1
21
22
SIM5
SIM1
SIM2
SIM3
SIM4
1
21
22
SIM5
SIM1
SIM2
SIM3
SIM4
1
21
22
SIM5
SIM1
SIM2
SIM3
SIM4
1
21
22
SIM5
SIM1
SIM2
SIM3
SIM4
1
21
22
SIM5
SIM1
SIM2
SIM3
SIM4
1
21
22
SIM5
SIM1
SIM2
SIM3
SIM4
1
21
22
SIM5
SIM1
SIM2
SIM3
SIM4
1
21
22
SIM5
SIM1
SIM2
SIM3
SIM4
1
21
22
SIM5
SIM1
SIM2
SIM3
SIM4
1
21
22
SIM5
SIM1
SIM2
SIM3
SIM4
1
21
22
SIM5
SIM1
SIM2
SIM3
SIM4
1
21
22
SIM5
SIM1
SIM2
SIM3
SIM4
1
21
22
SIM5
SIM1
SIM2
SIM3
SIM4
1
21
22
SIM5
SIM1
SIM2
SIM3
SIM4
1
21
22
SIM5
SIM1
SIM2
SIM3
SIM4
1
21
22
SIM5
SIM1
SIM2
SIM3
SIM4
1
21
22
SIM5
SIM1
SIM2
SIM3
SIM4
1
21
22
SIM5
SIM1
SIM2
SIM3
SIM4
1
21
22
SIM5
SIM1
SIM2
SIM3
SIM4
1
21
22
SIM5
SIM1
SIM2
SIM3
SIM4
1
21
22
SIM5
SIM1
SIM2
SIM3
SIM4
1
21
22
SIM5
SIM1
SIM2
SIM3
SIM4
1
21
22
SIM5
SIM1
SIM2
SIM3
SIM4
1
21
22
SIM5
SIM1
SIM2
SIM3
SIM4
1
21
22
SIM5
SIM1
SIM2
SIM3
SIM4
1
21
22
SIM5
SIM1
SIM2
SIM3
SIM4
1
21
22
SIM5
SIM1
SIM2
SIM3
SIM4
1
21
22
SIM5
SIM1
SIM2
SIM3
SIM4
1
21
22
SIM5
SIM1
SIM2
SIM3
SIM4
1
21
22
SIM5
SIM1
SIM2
SIM3
SIM4
1
21
22
SIM5
SIM1
SIM2
SIM3
SIM4
1
21
22
SIM5
SIM1
SIM2
SIM3
SIM4
1
21
22
SIM5
SIM1
SIM2
SIM3
SIM4
1
21
22
SIM5
SIM1
SIM2
SIM3
SIM4
1
21
22
SIM5
SIM1
SIM2
DEBUG 1 769
SIM1
SIM2
SIM3
SIM4
1
21
22
SIM5
SIM1
SIM2
SIM3
SIM4
1
21
22
SIM5
SIM1
SIM2
SIM3
SIM4
1
21
22
SIM5
SIM1
SIM2
SIM3
SIM4
1
21
22
SIM5
SIM1
SIM2
SIM3
SIM4
1
21
22
SIM5
SIM1
SIM2
SIM3
SIM4
1
21
22
SIM5
SIM1
SIM2
SIM3
SIM4
1
21
22
SIM5
SIM1
SIM2
SIM3
SIM4
1
21
22
SIM5
SIM1
SIM2
SIM3
SIM4
1
21
22
SIM5
SIM1
SIM2
SIM3
SIM4
1
21
22
SIM5
SIM1
SIM2
SIM3
SIM4
1
21
22
SIM5
SIM1
SIM2
SIM3
SIM4
1
21
22
SIM5
SIM1
SIM2
SIM3
SIM4
1
21
22
SIM5
SIM1
SIM2
SIM3
SIM4
1
21
22
SIM5
SIM1
SIM2
SIM3
SIM4
1
21
22
SIM5
SIM1
SIM2
SIM3
SIM4
1
21
22
SIM5
SIM1
SIM2
SIM3
SIM4
1
21
22
SIM5
SIM1
SIM2
SIM3
SIM4
1
21
22
SIM5
SIM1
SIM2
SIM3
SIM4
1
21
22
SIM5
SIM1
SIM2
SIM3
SIM4
1
21
22
SIM5
SIM1
SIM2
SIM3
SIM4
1
21
22
SIM5
SIM1
SIM2
SIM3
SIM4
1
21
22
SIM5
SIM1
SIM2
SIM3
SIM4
1
21
22
SIM5
SIM1
SIM2
SIM3
SIM4
1
21
22
SIM5
SIM1
SIM2
SIM3
SIM4
1
21
22
SIM5
SIM1
SIM2
SIM3
SIM4
1
21
22
SIM5
SIM1
SIM2
SIM3
SIM4
1
21
22
SIM5
SIM1
SIM2
SIM3
SIM4
1
21
22
SIM5
SIM1
SIM2
SIM3
SIM4
1
21
22
SIM5
SIM1
SIM2
SIM3
SIM4
1
21
22
SIM5
SIM1
SIM2
SIM3
SIM4
1
21
22
SIM5
SIM1
SIM2
SIM3
SIM4
1
21
22
SIM5
SIM1
SIM2
SIM3
SIM4
1
21
22
SIM5
SIM1
SIM2
SIM3
SIM4
1
21
22
SIM5
SIM1
SIM2
SIM3
SIM4
1
21
22
SIM5
SIM1
SIM2
SIM3
SIM4
1
21
22
SIM5
SIM1
SIM2
SIM3
SIM4
1
21
22
SIM5
SIM1
SIM2
SIM3
SIM4
1
21
22
SIM5
SIM1
SIM2
SIM3
SIM4
1
21
22
SIM5
SIM1
SIM2
SIM3
SIM4
1
21
22
SIM5
SIM1
SIM2
SIM3
SIM4
1
21
22
SIM5
SIM1
SIM2
SIM3
SIM4
1
21
22
SIM5
SIM1
SIM2
SIM3
SIM4
1
21
22
SIM5
SIM1
SIM2
SIM3
SIM4
1
21
22
SIM5
SIM1
SIM2
SIM3
SIM4
1
21
22
SIM5
SIM1
SIM2
SIM3
SIM4
1
21
22
SIM5
SIM1
SIM2
SIM3
SIM4
1
21
22
SIM5
SIM1
SIM2
SIM3
SIM4
1
21
22
SIM5
SIM1
SIM2
SIM3
SIM4
1
21
22
SIM5
SIM1
SIM2
SIM3
SIM4
1
21
22
SIM5
SIM1
SIM2
SIM3
SIM4
1
21
22
SIM5
SIM1
SIM2
SIM3
SIM4
1
21
22
SIM5
SIM1
SIM2
SIM3
SIM4
1
21
22
SIM5
SIM1
SIM2
SIM3
SIM4
1
21
22
SIM5
SIM1
SIM2
SIM3
SIM4
1
21
22
SIM5
SIM1
SIM2
SIM3
SIM4
1
21
22
SIM5
SIM1
SIM2
SIM3
SIM4
1
21
22
SIM5
SIM1
SIM2
SIM3
SIM4
1
21
22
SIM5
SIM1
SIM2
SIM3
SIM4
1
21
22
SIM5
SIM1
SIM2
SIM3
SIM4
1
21
22
SIM5
SIM1
SIM2
SIM3
SIM4
1
21
22
SIM5
SIM1
SIM2
SIM3
SIM4
1
21
22
SIM5
SIM1
SIM2
SIM3
SIM4
1
21
22
SIM5
SIM1
SIM2
SIM3
SIM4
1
21
22
SIM5
SIM1
SIM2
SIM3
SIM4
1
21
22
SIM5
SIM1
SIM2
SIM3
SIM4
1
21
22
SIM5
SIM1
SIM2
SIM3
SIM4
1
21
22
SIM5
SIM1
SIM2
SIM3
SIM4
1
21
22
SIM5
SIM1
SIM2
SIM3
SIM4
1
21
22
SIM5
SIM1
SIM2
SIM3
SIM4
1
21
22
SIM5
SIM1
SIM2
SIM3
SIM4
1
21
22
SIM5
SIM1
SIM2
SIM3
SIM4
1
21
22
SIM5
SIM1
SIM2
SIM3
SIM4
1
21
22
SIM5
SIM1
SIM2
SIM3
SIM4
1
21
22
SIM5
SIM1
SIM2
SIM3
SIM4
1
21
22
SIM5
SIM1
SIM2
SIM3
SIM4
1
21
22
SIM5
SIM1
SIM2
SIM3
SIM4
1
21
22
SIM5
SIM1
SIM2
SIM3
SIM4
1
21
22
SIM5
SIM1
SIM2
SIM3
SIM4
1
21
22
SIM5
SIM1
SIM2
SIM3
SIM4
1
21
22
SIM5
SIM1
SIM2
SIM3
SIM4
1
21
22
SIM5
SIM1
SIM2
SIM3
SIM4
1
21
22
SIM5
SIM1
SIM2
SIM3
SIM4
1
21
22
SIM5
SIM1
SIM2
SIM3
SIM4
1
21
22
SIM5
SIM1
SIM2
SIM3
SIM4
1
21
22
SIM5
SIM1
SIM2
SIM3
SIM4
1
21
22
SIM5
SIM1
SIM2
SIM3
SIM4
1
21
22
SIM5
SIM1
SIM2
SIM3
SIM4
1
21
22
SIM5
SIM1
SIM2
SIM3
SIM4
1
21
22
SIM5
SIM1
SIM2
SIM3
SIM4
1
21
22
SIM5
SIM1
SIM2
SIM3
SIM4
1
21
22
SIM5
SIM1
SIM2
SIM3
SIM4
1
21
22
SIM5
SIM1
SIM2
SIM3
SIM4
1
21
22
SIM5
SIM1
SIM2
SIM3
SIM4
1
21
22
SIM5
SIM1
SIM2
SIM3
SIM4
1
21
22
SIM5
SIM1
SIM2
SIM3
SIM4
1
21
22
SIM5
SIM1
SIM2
SIM3
SIM4
1
21
22
SIM5
SIM1
SIM2
SIM3
SIM4
1
21
22
SIM5
SIM1
SIM2
SIM3
SIM4
1
21
22
SIM5
SIM1
SIM2
SIM3
SIM4
1
21
22
SIM5
SIM1
SIM2
SIM3
SIM4
1
21
22
SIM5
SIM1
SIM2
SIM3
SIM4
1
21
22
SIM5
SIM1
SIM2
SIM3
SIM4
1
21
22
SIM5
SIM1
SIM2
SIM3
SIM4
1
21
22
SIM5
SIM1
SIM2
SIM3
SIM4
1
21
22
SIM5
SIM1
SIM2
SIM3
SIM4
1
21
22
SIM5
SIM1
SIM2
SIM3
SIM4
1
21
22
SIM5
SIM1
SIM2
SIM3
SIM4
1
21
22
SIM5
SIM1
SIM2
SIM3
SIM4
1
21
22
SIM5
SIM1
SIM2
SIM3
SIM4
1
21
22
SIM5
SIM1
SIM2
SIM3
SIM4
1
21
22
SIM5
SIM1
SIM2
SIM3
SIM4
1
21
22
SIM5
SIM1
SIM2
SIM3
SIM4
1
21
22
SIM5
SIM1
SIM2
SIM3
SIM4
1
21
22
SIM5
SIM1
SIM2
SIM3
SIM4
1
21
22
SIM5
SIM1
SIM2
SIM3
SIM4
1
21
22
SIM5
SIM1
SIM2
SIM3
SIM4
1
21
22
SIM5
SIM1
SIM2
SIM3
SIM4
1
21
22
SIM5
SIM1
SIM2
SIM3
SIM4
1
21
22
SIM5
SIM1
SIM2
SIM3
SIM4
1
21
22
SIM5
SIM1
SIM2
SIM3
SIM4
1
21
22
SIM5
SIM1
SIM2
SIM3
SIM4
1
21
22
SIM5
SIM1
SIM2
SIM3
SIM4
1
21
22
SIM5
SIM1
SIM2
SIM3
SIM4
1
21
22
SIM5
SIM1
SIM2
SIM3
SIM4
1
21
22
SIM5
SIM1
SIM2
SIM3
SIM4
1
21
22
SIM5
SIM1
SIM2
SIM3
SIM4
1
21
22
SIM5
SIM1
SIM2
SIM3
SIM4
1
21
22
SIM5
SIM1
SIM2
SIM3
SIM4
1
21
22
SIM5
SIM1
SIM2
SIM3
SIM4
1
21
22
SIM5
SIM1
SIM2
SIM3
SIM4
1
21
22
SIM5
SIM1
SIM2
SIM3
SIM4
1
21
22
SIM5
SIM1
SIM2
SIM3
SIM4
1
21
22
SIM5
SIM1
SIM2
SIM3
SIM4
1
21
22
SIM5
SIM1
SIM2
SIM3
SIM4
1
21
22
SIM5
SIM1
SIM2
SIM3
SIM4
1
21
22
SIM5
SIM1
SIM2
SIM3
SIM4
1
21
22
SIM5
SIM1
SIM2
SIM3
SIM4
1
21
22
SIM5
SIM1
SIM2
SIM3
SIM4
1
21
22
SIM5
SIM1
SIM2
SIM3
SIM4
1
21
22
SIM5
SIM1
SIM2
SIM3
SIM4
1
21
22
SIM5
SIM1
SIM2
SIM3
SIM4
1
21
22
SIM5
SIM1
SIM2
SIM3
SIM4
1
21
22
SIM5
SIM1
SIM2
SIM3
SIM4
1
21
22
SIM5
SIM1
SIM2
SIM3
SIM4
1
21
22
SIM5
SIM1
SIM2
SIM3
SIM4
1
21
22
SIM5
SIM1
SIM2
SIM3
SIM4
1
21
22
SIM5
SIM1
SIM2
SIM3
SIM4
1
21
22
SIM5
SIM1
SIM2
SIM3
SIM4
1
21
22
SIM5
SIM1
SIM2
SIM3
SIM4
1
21
22
SIM5
SIM1
SIM2
SIM3
SIM4
1
21
22
SIM5
SIM1
SIM2
SIM3
SIM4
1
21
22
SIM5
SIM1
SIM2
SIM3
SIM4
1
21
22
SIM5
SIM1
SIM2
SIM3
SIM4
1
21
22
SIM5
SIM1
SIM2
SIM3
SIM4
1
21
22
SIM5
SIM1
SIM2
SIM3
SIM4
1
21
22
SIM5
SIM1
SIM2
SIM3
SIM4
1
21
22
SIM5
SIM1
SIM2
SIM3
SIM4
1
21
22
SIM5
SIM1
SIM2
SIM3
SIM4
1
21
22
SIM5
SIM1
SIM2
SIM3
SIM4
1
21
22
SIM5
SIM1
SIM2
SIM3
SIM4
1
21
22
SIM5
SIM1
SIM2
SIM3
SIM4
1
21
22
SIM5
SIM1
SIM2
SIM3
SIM4
1
21
22
SIM5
SIM1
SIM2
SIM3
SIM4
1
21
22
SIM5
SIM1
SIM2
SIM3
SIM4
1
21
22
SIM5
SIM1
SIM2
SIM3
SIM4
1
21
22
SIM5
SIM1
SIM2
SIM3
SIM4
1
21
22
SIM5
SIM1
SIM2
SIM3
SIM4
1
21
22
SIM5
SIM1
SIM2
SIM3
SIM4
1
21
22
SIM5
SIM1
SIM2
SIM3
SIM4
1
21
22
SIM5
SIM1
SIM2
SIM3
SIM4
1
21
22
SIM5
SIM1
SIM2
SIM3
SIM4
1
21
22
SIM5
SIM1
SIM2
SIM3
SIM4
1
21
22
SIM5
SIM1
SIM2
SIM3
SIM4
1
21
22
SIM5
SIM1
SIM2
SIM3
SIM4
1
21
22
SIM5
SIM1
SIM2
SIM3
SIM4
1
21
22
SIM5
SIM1
SIM2
SIM3
SIM4
1
21
22
SIM5
SIM1
SIM2
SIM3
SIM4
1
21
22
SIM5
SIM1
SIM2
SIM3
SIM4
1
21
22
SIM5
SIM1
SIM2
SIM3
SIM4
1
21
22
SIM5
SIM1
SIM2
SIM3
SIM4
1
21
22
SIM5
SIM1
SIM2
SIM3
SIM4
1
21
22
SIM5
SIM1
SIM2
SIM3
SIM4
1
21
22
SIM5
SIM1
SIM2
SIM3
SIM4
1
21
22
SIM5
SIM1
SIM2
SIM3
SIM4
1
21
22
SIM5
SIM1
SIM2
SIM3
SIM4
1
21
22
SIM5
SIM1
SIM2
SIM3
SIM4
1
21
22
SIM5
SIM1
SIM2
SIM3
SIM4
1
21
22
SIM5
SIM1
SIM2
SIM3
SIM4
1
21
22
SIM5
SIM1
SIM2
SIM3
SIM4
1
21
22
SIM5
SIM1
SIM2
SIM3
SIM4
1
21
22
SIM5
SIM1
SIM2
SIM3
SIM4
1
21
22
SIM5
SIM1
SIM2
SIM3
SIM4
1
21
22
SIM5
SIM1
SIM2
SIM3
SIM4
1
21
22
SIM5
SIM1
SIM2
SIM3
SIM4
1
21
22
SIM5
SIM1
SIM2
SIM3
SIM4
1
21
22
SIM5
SIM1
SIM2
SIM3
SIM4
1
21
22
SIM5
SIM1
SIM2
SIM3
SIM4
1
21
22
SIM5
SIM1
SIM2
SIM3
SIM4
1
21
22
SIM5
SIM1
SIM2
SIM3
SIM4
1
21
22
SIM5
SIM1
SIM2
SIM3
SIM4
1
21
22
SIM5
SIM1
SIM2
SIM3
SIM4
1
21
22
SIM5
SIM1
SIM2
SIM3
SIM4
1
21
22
SIM5
SIM1
SIM2
SIM3
SIM4
1
21
22
SIM5
SIM1
SIM2
SIM3
SIM4
1
21
22
SIM5
SIM1
SIM2
SIM3
SIM4
1
21
22
SIM5
SIM1
SIM2
SIM3
SIM4
1
21
22
SIM5
SIM1
SIM2
SIM3
SIM4
1
21
22
SIM5
SIM1
SIM2
SIM3
SIM4
1
21
22
SIM5
SIM1
SIM2
SIM3
SIM4
1
21
22
SIM5
SIM1
SIM2
SIM3
SIM4
1
21
22
SIM5
SIM1
SIM2
SIM3
SIM4
1
21
22
SIM5
SIM1
SIM2
SIM3
SIM4
1
21
22
SIM5
SIM1
SIM2
SIM3
SIM4
1
21
22
SIM5
SIM1
SIM2
SIM3
SIM4
1
21
22
SIM5
SIM1
SIM2
SIM3
SIM4
1
21
22
SIM5
SIM1
SIM2
SIM3
SIM4
1
21
22
SIM5
SIM1
SIM2
SIM3
SIM4
1
21
22
SIM5
SIM1
SIM2
SIM3
SIM4
1
21
22
SIM5
SIM1
SIM2
SIM3
SIM4
1
21
22
SIM5
SIM1
SIM2
SIM3
SIM4
1
21
22
SIM5
SIM1
SIM2
SIM3
SIM4
1
21
22
SIM5
SIM1
SIM2
SIM3
SIM4
1
21
22
SIM5
SIM1
SIM2
SIM3
SIM4
1
21
22
SIM5
SIM1
SIM2
SIM3
SIM4
1
21
22
SIM5
SIM1
SIM2
SIM3
SIM4
1
21
22
SIM5
SIM1
SIM2
SIM3
SIM4
1
21
22
SIM5
SIM1
SIM2
SIM3
SIM4
1
21
22
SIM5
SIM1
SIM2
SIM3
SIM4
1
21
22
SIM5
SIM1
SIM2
SIM3
SIM4
1
21
22
SIM5
SIM1
SIM2
SIM3
SIM4
1
21
22
SIM5
SIM1
SIM2
SIM3
SIM4
1
21
22
SIM5
SIM1
SIM2
SIM3
SIM4
1
21
22
SIM5
SIM1
SIM2
SIM3
SIM4
1
21
22
SIM5
SIM1
SIM2
SIM3
SIM4
1
21
22
SIM5
SIM1
SIM2
SIM3
SIM4
1
21
22
SIM5
SIM1
SIM2
SIM3
SIM4
1
21
22
SIM5
SIM1
SIM2
DEBUG 1 770
SIM1
SIM2
SIM3
SIM4
1
21
22
SIM5
SIM1
SIM2
SIM3
SIM4
1
21
22
SIM5
SIM1
SIM2
SIM3
SIM4
1
21
22
SIM5
SIM1
SIM2
SIM3
SIM4
1
21
22
SIM5
SIM1
SIM2
SIM3
SIM4
1
21
22
SIM5
SIM1
SIM2
SIM3
SIM4
1
21
22
SIM5
SIM1
SIM2
SIM3
SIM4
1
21
22
SIM5
SIM1
SIM2
SIM3
SIM4
1
21
22
SIM5
SIM1
SIM2
SIM3
SIM4
1
21
22
SIM5
SIM1
SIM2
SIM3
SIM4
1
21
22
SIM5
SIM1
SIM2
SIM3
SIM4
1
21
22
SIM5
SIM1
SIM2
SIM3
SIM4
1
21
22
SIM5
SIM1
SIM2
SIM3
SIM4
1
21
22
SIM5
SIM1
SIM2
SIM3
SIM4
1
21
22
SIM5
SIM1
SIM2
SIM3
SIM4
1
21
22
SIM5
SIM1
SIM2
SIM3
SIM4
1
21
22
SIM5
SIM1
SIM2
SIM3
SIM4
1
21
22
SIM5
SIM1
SIM2
SIM3
SIM4
1
21
22
SIM5
SIM1
SIM2
SIM3
SIM4
1
21
22
SIM5
SIM1
SIM2
SIM3
SIM4
1
21
22
SIM5
SIM1
SIM2
SIM3
SIM4
1
21
22
SIM5
SIM1
SIM2
SIM3
SIM4
1
21
22
SIM5
SIM1
SIM2
SIM3
SIM4
1
21
22
SIM5
SIM1
SIM2
SIM3
SIM4
1
21
22
SIM5
SIM1
SIM2
SIM3
SIM4
1
21
22
SIM5
SIM1
SIM2
SIM3
SIM4
1
21
22
SIM5
SIM1
SIM2
SIM3
SIM4
1
21
22
SIM5
SIM1
SIM2
SIM3
SIM4
1
21
22
SIM5
SIM1
SIM2
SIM3
SIM4
1
21
22
SIM5
SIM1
SIM2
SIM3
SIM4
1
21
22
SIM5
SIM1
SIM2
SIM3
SIM4
1
21
22
SIM5
SIM1
SIM2
SIM3
SIM4
1
21
22
SIM5
SIM1
SIM2
SIM3
SIM4
1
21
22
SIM5
SIM1
SIM2
SIM3
SIM4
1
21
22
SIM5
SIM1
SIM2
SIM3
SIM4
1
21
22
SIM5
SIM1
SIM2
SIM3
SIM4
1
21
22
SIM5
SIM1
SIM2
SIM3
SIM4
1
21
22
SIM5
SIM1
SIM2
SIM3
SIM4
1
21
22
SIM5
SIM1
SIM2
SIM3
SIM4
1
21
22
SIM5
SIM1
SIM2
SIM3
SIM4
1
21
22
SIM5
SIM1
SIM2
SIM3
SIM4
1
21
22
SIM5
SIM1
SIM2
SIM3
SIM4
1
21
22
SIM5
SIM1
SIM2
SIM3
SIM4
1
21
22
SIM5
SIM1
SIM2
SIM3
SIM4
1
21
22
SIM5
SIM1
SIM2
SIM3
SIM4
1
21
22
SIM5
SIM1
SIM2
SIM3
SIM4
1
21
22
SIM5
SIM1
SIM2
SIM3
SIM4
1
21
22
SIM5
SIM1
SIM2
SIM3
SIM4
1
21
22
SIM5
SIM1
SIM2
SIM3
SIM4
1
21
22
SIM5
SIM1
SIM2
SIM3
SIM4
1
21
22
SIM5
SIM1
SIM2
SIM3
SIM4
1
21
22
SIM5
SIM1
SIM2
SIM3
SIM4
1
21
22
SIM5
SIM1
SIM2
SIM3
SIM4
1
21
22
SIM5
SIM1
SIM2
SIM3
SIM4
1
21
22
SIM5
SIM1
SIM2
SIM3
SIM4
1
21
22
SIM5
SIM1
SIM2
SIM3
SIM4
1
21
22
SIM5
SIM1
SIM2
SIM3
SIM4
1
21
22
SIM5
SIM1
SIM2
SIM3
SIM4
1
21
22
SIM5
SIM1
SIM2
SIM3
SIM4
1
21
22
SIM5
SIM1
SIM2
SIM3
SIM4
1
21
22
SIM5
SIM1
SIM2
SIM3
SIM4
1
21
22
SIM5
SIM1
SIM2
SIM3
SIM4
1
21
22
SIM5
SIM1
SIM2
SIM3
SIM4
1
21
22
SIM5
SIM1
SIM2
SIM3
SIM4
1
21
22
SIM5
SIM1
SIM2
SIM3
SIM4
1
21
22
SIM5
SIM1
SIM2
SIM3
SIM4
1
21
22
SIM5
SIM1
SIM2
SIM3
SIM4
1
21
22
SIM5
SIM1
SIM2
SIM3
SIM4
1
21
22
SIM5
SIM1
SIM2
SIM3
SIM4
1
21
22
SIM5
SIM1
SIM2
SIM3
SIM4
1
21
22
SIM5
SIM1
SIM2
SIM3
SIM4
1
21
22
SIM5
SIM1
SIM2
SIM3
SIM4
1
21
22
SIM5
SIM1
SIM2
SIM3
SIM4
1
21
22
SIM5
SIM1
SIM2
SIM3
SIM4
1
21
22
SIM5
SIM1
SIM2
SIM3
SIM4
1
21
22
SIM5
SIM1
SIM2
SIM3
SIM4
1
21
22
SIM5
SIM1
SIM2
SIM3
SIM4
1
21
22
SIM5
SIM1
SIM2
SIM3
SIM4
1
21
22
SIM5
SIM1
SIM2
SIM3
SIM4
1
21
22
SIM5
SIM1
SIM2
SIM3
SIM4
1
21
22
SIM5
SIM1
SIM2
SIM3
SIM4
1
21
22
SIM5
SIM1
SIM2
SIM3
SIM4
1
21
22
SIM5
SIM1
SIM2
SIM3
SIM4
1
21
22
SIM5
SIM1
SIM2
SIM3
SIM4
1
21
22
SIM5
SIM1
SIM2
SIM3
SIM4
1
21
22
SIM5
SIM1
SIM2
SIM3
SIM4
1
21
22
SIM5
SIM1
SIM2
SIM3
SIM4
1
21
22
SIM5
SIM1
SIM2
SIM3
SIM4
1
21
22
SIM5
SIM1
SIM2
SIM3
SIM4
1
21
22
SIM5
SIM1
SIM2
SIM3
SIM4
1
21
22
SIM5
SIM1
SIM2
SIM3
SIM4
1
21
22
SIM5
SIM1
SIM2
SIM3
SIM4
1
21
22
SIM5
SIM1
SIM2
SIM3
SIM4
1
21
22
SIM5
SIM1
SIM2
SIM3
SIM4
1
21
22
SIM5
SIM1
SIM2
SIM3
SIM4
1
21
22
SIM5
SIM1
SIM2
SIM3
SIM4
1
21
22
SIM5
SIM1
SIM2
SIM3
SIM4
1
21
22
SIM5
SIM1
SIM2
SIM3
SIM4
1
21
22
SIM5
SIM1
SIM2
SIM3
SIM4
1
21
22
SIM5
SIM1
SIM2
SIM3
SIM4
1
21
22
SIM5
SIM1
SIM2
SIM3
SIM4
1
21
22
SIM5
SIM1
SIM2
SIM3
SIM4
1
21
22
SIM5
SIM1
SIM2
SIM3
SIM4
1
21
22
SIM5
SIM1
SIM2
SIM3
SIM4
1
21
22
SIM5
SIM1
SIM2
SIM3
SIM4
1
21
22
SIM5
SIM1
SIM2
SIM3
SIM4
1
21
22
SIM5
SIM1
SIM2
SIM3
SIM4
1
21
22
SIM5
SIM1
SIM2
SIM3
SIM4
1
21
22
SIM5
SIM1
SIM2
SIM3
SIM4
1
21
22
SIM5
SIM1
SIM2
SIM3
SIM4
1
21
22
SIM5
SIM1
SIM2
SIM3
SIM4
1
21
22
SIM5
SIM1
SIM2
SIM3
SIM4
1
21
22
SIM5
SIM1
SIM2
SIM3
SIM4
1
21
22
SIM5
SIM1
SIM2
SIM3
SIM4
1
21
22
SIM5
SIM1
SIM2
SIM3
SIM4
1
21
22
SIM5
SIM1
SIM2
SIM3
SIM4
1
21
22
SIM5
SIM1
SIM2
SIM3
SIM4
1
21
22
SIM5
SIM1
SIM2
SIM3
SIM4
1
21
22
SIM5
SIM1
SIM2
SIM3
SIM4
1
21
22
SIM5
SIM1
SIM2
SIM3
SIM4
1
21
22
SIM5
SIM1
SIM2
SIM3
SIM4
1
21
22
SIM5
SIM1
SIM2
SIM3
SIM4
1
21
22
SIM5
SIM1
SIM2
SIM3
SIM4
1
21
22
SIM5
SIM1
SIM2
SIM3
SIM4
1
21
22
SIM5
SIM1
SIM2
SIM3
SIM4
1
21
22
SIM5
SIM1
SIM2
SIM3
SIM4
1
21
22
SIM5
SIM1
SIM2
SIM3
SIM4
1
21
22
SIM5
SIM1
SIM2
SIM3
SIM4
1
21
22
SIM5
SIM1
SIM2
SIM3
SIM4
1
21
22
SIM5
SIM1
SIM2
SIM3
SIM4
1
21
22
SIM5
SIM1
SIM2
SIM3
SIM4
1
21
22
SIM5
SIM1
SIM2
SIM3
SIM4
1
21
22
SIM5
SIM1
SIM2
SIM3
SIM4
1
21
22
SIM5
SIM1
SIM2
SIM3
SIM4
1
21
22
SIM5
SIM1
SIM2
SIM3
SIM4
1
21
22
SIM5
SIM1
SIM2
SIM3
SIM4
1
21
22
SIM5
SIM1
SIM2
SIM3
SIM4
1
21
22
SIM5
SIM1
SIM2
SIM3
SIM4
1
21
22
SIM5
SIM1
SIM2
SIM3
SIM4
1
21
22
SIM5
SIM1
SIM2
SIM3
SIM4
1
21
22
SIM5
SIM1
SIM2
SIM3
SIM4
1
21
22
SIM5
SIM1
SIM2
SIM3
SIM4
1
21
22
SIM5
SIM1
SIM2
SIM3
SIM4
1
21
22
SIM5
SIM1
SIM2
SIM3
SIM4
1
21
22
SIM5
SIM1
SIM2
SIM3
SIM4
1
21
22
SIM5
SIM1
SIM2
SIM3
SIM4
1
21
22
SIM5
SIM1
SIM2
SIM3
SIM4
1
21
22
SIM5
SIM1
SIM2
SIM3
SIM4
1
21
22
SIM5
SIM1
SIM2
SIM3
SIM4
1
21
22
SIM5
SIM1
SIM2
SIM3
SIM4
1
21
22
SIM5
SIM1
SIM2
SIM3
SIM4
1
21
22
SIM5
SIM1
SIM2
SIM3
SIM4
1
21
22
SIM5
SIM1
SIM2
SIM3
SIM4
1
21
22
SIM5
SIM1
SIM2
SIM3
SIM4
1
21
22
SIM5
SIM1
SIM2
SIM3
SIM4
1
21
22
SIM5
SIM1
SIM2
SIM3
SIM4
1
21
22
SIM5
SIM1
SIM2
SIM3
SIM4
1
21
22
SIM5
SIM1
SIM2
SIM3
SIM4
1
21
22
SIM5
SIM1
SIM2
SIM3
SIM4
1
21
22
SIM5
SIM1
SIM2
SIM3
SIM4
1
21
22
SIM5
SIM1
SIM2
SIM3
SIM4
1
21
22
SIM5
SIM1
SIM2
SIM3
SIM4
1
21
22
SIM5
SIM1
SIM2
SIM3
SIM4
1
21
22
SIM5
SIM1
SIM2
SIM3
SIM4
1
21
22
SIM5
SIM1
SIM2
SIM3
SIM4
1
21
22
SIM5
SIM1
SIM2
SIM3
SIM4
1
21
22
SIM5
SIM1
SIM2
SIM3
SIM4
1
21
22
SIM5
SIM1
SIM2
SIM3
SIM4
1
21
22
SIM5
SIM1
SIM2
SIM3
SIM4
1
21
22
SIM5
SIM1
SIM2
SIM3
SIM4
1
21
22
SIM5
SIM1
SIM2
SIM3
SIM4
1
21
22
SIM5
SIM1
SIM2
SIM3
SIM4
1
21
22
SIM5
SIM1
SIM2
SIM3
SIM4
1
21
22
SIM5
SIM1
SIM2
SIM3
SIM4
1
21
22
SIM5
SIM1
SIM2
SIM3
SIM4
1
21
22
SIM5
SIM1
SIM2
SIM3
SIM4
1
21
22
SIM5
SIM1
SIM2
SIM3
SIM4
1
21
22
SIM5
SIM1
SIM2
SIM3
SIM4
1
21
22
SIM5
SIM1
SIM2
SIM3
SIM4
1
21
22
SIM5
SIM1
SIM2
SIM3
SIM4
1
21
22
SIM5
SIM1
SIM2
SIM3
SIM4
1
21
22
SIM5
SIM1
SIM2
SIM3
SIM4
1
21
22
SIM5
SIM1
SIM2
SIM3
SIM4
1
21
22
SIM5
SIM1
SIM2
DEBUG 1 771
SIM1
SIM2
SIM3
SIM4
1
21
22
SIM5
SIM1
SIM2
SIM3
SIM4
1
21
22
SIM5
SIM1
SIM2
SIM3
SIM4
1
21
22
SIM5
SIM1
SIM2
SIM3
SIM4
1
21
22
SIM5
SIM1
SIM2
SIM3
SIM4
1
21
22
SIM5
SIM1
SIM2
SIM3
SIM4
1
21
22
SIM5
SIM1
SIM2
SIM3
SIM4
1
21
22
SIM5
SIM1
SIM2
SIM3
SIM4
1
21
22
SIM5
SIM1
SIM2
SIM3
SIM4
1
21
22
SIM5
SIM1
SIM2
SIM3
SIM4
1
21
22
SIM5
SIM1
SIM2
SIM3
SIM4
1
21
22
SIM5
SIM1
SIM2
SIM3
SIM4
1
21
22
SIM5
SIM1
SIM2
SIM3
SIM4
1
21
22
SIM5
SIM1
SIM2
SIM3
SIM4
1
21
22
SIM5
SIM1
SIM2
SIM3
SIM4
1
21
22
SIM5
SIM1
SIM2
SIM3
SIM4
1
21
22
SIM5
SIM1
SIM2
SIM3
SIM4
1
21
22
SIM5
SIM1
SIM2
SIM3
SIM4
1
21
22
SIM5
SIM1
SIM2
SIM3
SIM4
1
21
22
SIM5
SIM1
SIM2
SIM3
SIM4
1
21
22
SIM5
SIM1
SIM2
SIM3
SIM4
1
21
22
SIM5
SIM1
SIM2
SIM3
SIM4
1
21
22
SIM5
SIM1
SIM2
SIM3
SIM4
1
21
22
SIM5
SIM1
SIM2
SIM3
SIM4
1
21
22
SIM5
SIM1
SIM2
SIM3
SIM4
1
21
22
SIM5
SIM1
SIM2
SIM3
SIM4
1
21
22
SIM5
SIM1
SIM2
SIM3
SIM4
1
21
22
SIM5
SIM1
SIM2
SIM3
SIM4
1
21
22
SIM5
SIM1
SIM2
SIM3
SIM4
1
21
22
SIM5
SIM1
SIM2
SIM3
SIM4
1
21
22
SIM5
SIM1
SIM2
SIM3
SIM4
1
21
22
SIM5
SIM1
SIM2
SIM3
SIM4
1
21
22
SIM5
SIM1
SIM2
SIM3
SIM4
1
21
22
SIM5
SIM1
SIM2
SIM3
SIM4
1
21
22
SIM5
SIM1
SIM2
SIM3
SIM4
1
21
22
SIM5
SIM1
SIM2
SIM3
SIM4
1
21
22
SIM5
SIM1
SIM2
SIM3
SIM4
1
21
22
SIM5
SIM1
SIM2
SIM3
SIM4
1
21
22
SIM5
SIM1
SIM2
SIM3
SIM4
1
21
22
SIM5
SIM1
SIM2
SIM3
SIM4
1
21
22
SIM5
SIM1
SIM2
SIM3
SIM4
1
21
22
SIM5
SIM1
SIM2
SIM3
SIM4
1
21
22
SIM5
SIM1
SIM2
SIM3
SIM4
1
21
22
SIM5
SIM1
SIM2
SIM3
SIM4
1
21
22
SIM5
SIM1
SIM2
SIM3
SIM4
1
21
22
SIM5
SIM1
SIM2
SIM3
SIM4
1
21
22
SIM5
SIM1
SIM2
SIM3
SIM4
1
21
22
SIM5
SIM1
SIM2
SIM3
SIM4
1
21
22
SIM5
SIM1
SIM2
SIM3
SIM4
1
21
22
SIM5
SIM1
SIM2
SIM3
SIM4
1
21
22
SIM5
SIM1
SIM2
SIM3
SIM4
1
21
22
SIM5
SIM1
SIM2
SIM3
SIM4
1
21
22
SIM5
SIM1
SIM2
SIM3
SIM4
1
21
22
SIM5
SIM1
SIM2
SIM3
SIM4
1
21
22
SIM5
SIM1
SIM2
SIM3
SIM4
1
21
22
SIM5
SIM1
SIM2
SIM3
SIM4
1
21
22
SIM5
SIM1
SIM2
SIM3
SIM4
1
21
22
SIM5
SIM1
SIM2
SIM3
SIM4
1
21
22
SIM5
SIM1
SIM2
SIM3
SIM4
1
21
22
SIM5
SIM1
SIM2
SIM3
SIM4
1
21
22
SIM5
SIM1
SIM2
SIM3
SIM4
1
21
22
SIM5
SIM1
SIM2
SIM3
SIM4
1
21
22
SIM5
SIM1
SIM2
SIM3
SIM4
1
21
22
SIM5
SIM1
SIM2
SIM3
SIM4
1
21
22
SIM5
SIM1
SIM2
SIM3
SIM4
1
21
22
SIM5
SIM1
SIM2
SIM3
SIM4
1
21
22
SIM5
SIM1
SIM2
SIM3
SIM4
1
21
22
SIM5
SIM1
SIM2
SIM3
SIM4
1
21
22
SIM5
SIM1
SIM2
SIM3
SIM4
1
21
22
SIM5
SIM1
SIM2
SIM3
SIM4
1
21
22
SIM5
SIM1
SIM2
SIM3
SIM4
1
21
22
SIM5
SIM1
SIM2
SIM3
SIM4
1
21
22
SIM5
SIM1
SIM2
SIM3
SIM4
1
21
22
SIM5
SIM1
SIM2
SIM3
SIM4
1
21
22
SIM5
SIM1
SIM2
SIM3
SIM4
1
21
22
SIM5
SIM1
SIM2
SIM3
SIM4
1
21
22
SIM5
SIM1
SIM2
SIM3
SIM4
1
21
22
SIM5
SIM1
SIM2
SIM3
SIM4
1
21
22
SIM5
SIM1
SIM2
SIM3
SIM4
1
21
22
SIM5
SIM1
SIM2
SIM3
SIM4
1
21
22
SIM5
SIM1
SIM2
SIM3
SIM4
1
21
22
SIM5
SIM1
SIM2
SIM3
SIM4
1
21
22
SIM5
SIM1
SIM2
SIM3
SIM4
1
21
22
SIM5
SIM1
SIM2
SIM3
SIM4
1
21
22
SIM5
SIM1
SIM2
SIM3
SIM4
1
21
22
SIM5
SIM1
SIM2
SIM3
SIM4
1
21
22
SIM5
SIM1
SIM2
SIM3
SIM4
1
21
22
SIM5
SIM1
SIM2
SIM3
SIM4
1
21
22
SIM5
SIM1
SIM2
SIM3
SIM4
1
21
22
SIM5
SIM1
SIM2
SIM3
SIM4
1
21
22
SIM5
SIM1
SIM2
SIM3
SIM4
1
21
22
SIM5
SIM1
SIM2
SIM3
SIM4
1
21
22
SIM5
SIM1
SIM2
SIM3
SIM4
1
21
22
SIM5
SIM1
SIM2
SIM3
SIM4
1
21
22
SIM5
SIM1
SIM2
SIM3
SIM4
1
21
22
SIM5
SIM1
SIM2
SIM3
SIM4
1
21
22
SIM5
SIM1
SIM2
SIM3
SIM4
1
21
22
SIM5
SIM1
SIM2
SIM3
SIM4
1
21
22
SIM5
SIM1
SIM2
SIM3
SIM4
1
21
22
SIM5
SIM1
SIM2
SIM3
SIM4
1
21
22
SIM5
SIM1
SIM2
SIM3
SIM4
1
21
22
SIM5
SIM1
SIM2
SIM3
SIM4
1
21
22
SIM5
SIM1
SIM2
SIM3
SIM4
1
21
22
SIM5
SIM1
SIM2
SIM3
SIM4
1
21
22
SIM5
SIM1
SIM2
SIM3
SIM4
1
21
22
SIM5
SIM1
SIM2
SIM3
SIM4
1
21
22
SIM5
SIM1
SIM2
SIM3
SIM4
1
21
22
SIM5
SIM1
SIM2
SIM3
SIM4
1
21
22
SIM5
SIM1
SIM2
SIM3
SIM4
1
21
22
SIM5
SIM1
SIM2
SIM3
SIM4
1
21
22
SIM5
SIM1
SIM2
SIM3
SIM4
1
21
22
SIM5
SIM1
SIM2
SIM3
SIM4
1
21
22
SIM5
SIM1
SIM2
SIM3
SIM4
1
21
22
SIM5
SIM1
SIM2
SIM3
SIM4
1
21
22
SIM5
SIM1
SIM2
SIM3
SIM4
1
21
22
SIM5
SIM1
SIM2
SIM3
SIM4
1
21
22
SIM5
SIM1
SIM2
SIM3
SIM4
1
21
22
SIM5
SIM1
SIM2
SIM3
SIM4
1
21
22
SIM5
SIM1
SIM2
SIM3
SIM4
1
21
22
SIM5
SIM1
SIM2
DEBUG 1 772
SIM1
SIM2
SIM3
SIM4
1
21
22
SIM5
SIM1
SIM2
SIM3
SIM4
1
21
22
SIM5
SIM1
SIM2
SIM3
SIM4
1
21
22
SIM5
SIM1
SIM2
SIM3
SIM4
1
21
22
SIM5
SIM1
SIM2
SIM3
SIM4
1
21
22
SIM5
SIM1
SIM2
SIM3
SIM4
1
21
22
SIM5
SIM1
SIM2
SIM3
SIM4
1
21
22
SIM5
SIM1
SIM2
SIM3
SIM4
1
21
22
SIM5
SIM1
SIM2
SIM3
SIM4
1
21
22
SIM5
SIM1
SIM2
SIM3
SIM4
1
21
22
SIM5
SIM1
SIM2
SIM3
SIM4
1
21
22
SIM5
SIM1
SIM2
SIM3
SIM4
1
21
22
SIM5
SIM1
SIM2
SIM3
SIM4
1
21
22
SIM5
SIM1
SIM2
SIM3
SIM4
1
21
22
SIM5
SIM1
SIM2
SIM3
SIM4
1
21
22
SIM5
SIM1
SIM2
SIM3
SIM4
1
21
22
SIM5
SIM1
SIM2
SIM3
SIM4
1
21
22
SIM5
SIM1
SIM2
SIM3
SIM4
1
21
22
SIM5
SIM1
SIM2
SIM3
SIM4
1
21
22
SIM5
SIM1
SIM2
SIM3
SIM4
1
21
22
SIM5
SIM1
SIM2
SIM3
SIM4
1
21
22
SIM5
SIM1
SIM2
SIM3
SIM4
1
21
22
SIM5
SIM1
SIM2
SIM3
SIM4
1
21
22
SIM5
SIM1
SIM2
SIM3
SIM4
1
21
22
SIM5
SIM1
SIM2
SIM3
SIM4
1
21
22
SIM5
SIM1
SIM2
SIM3
SIM4
1
21
22
SIM5
SIM1
SIM2
SIM3
SIM4
1
21
22
SIM5
SIM1
SIM2
SIM3
SIM4
1
21
22
SIM5
SIM1
SIM2
SIM3
SIM4
1
21
22
SIM5
SIM1
SIM2
SIM3
SIM4
1
21
22
SIM5
SIM1
SIM2
SIM3
SIM4
1
21
22
SIM5
SIM1
SIM2
SIM3
SIM4
1
21
22
SIM5
SIM1
SIM2
SIM3
SIM4
1
21
22
SIM5
SIM1
SIM2
SIM3
SIM4
1
21
22
SIM5
SIM1
SIM2
SIM3
SIM4
1
21
22
SIM5
SIM1
SIM2
SIM3
SIM4
1
21
22
SIM5
SIM1
SIM2
SIM3
SIM4
1
21
22
SIM5
SIM1
SIM2
SIM3
SIM4
1
21
22
SIM5
SIM1
SIM2
SIM3
SIM4
1
21
22
SIM5
SIM1
SIM2
SIM3
SIM4
1
21
22
SIM5
SIM1
SIM2
SIM3
SIM4
1
21
22
SIM5
SIM1
SIM2
SIM3
SIM4
1
21
22
SIM5
SIM1
SIM2
SIM3
SIM4
1
21
22
SIM5
SIM1
SIM2
SIM3
SIM4
1
21
22
SIM5
SIM1
SIM2
SIM3
SIM4
1
21
22
SIM5
SIM1
SIM2
SIM3
SIM4
1
21
22
SIM5
SIM1
SIM2
SIM3
SIM4
1
21
22
SIM5
SIM1
SIM2
SIM3
SIM4
1
21
22
SIM5
SIM1
SIM2
SIM3
SIM4
1
21
22
SIM5
SIM1
SIM2
SIM3
SIM4
1
21
22
SIM5
SIM1
SIM2
SIM3
SIM4
1
21
22
SIM5
SIM1
SIM2
SIM3
SIM4
1
21
22
SIM5
SIM1
SIM2
SIM3
SIM4
1
21
22
SIM5
SIM1
SIM2
SIM3
SIM4
1
21
22
SIM5
SIM1
SIM2
SIM3
SIM4
1
21
22
SIM5
SIM1
SIM2
SIM3
SIM4
1
21
22
SIM5
SIM1
SIM2
SIM3
SIM4
1
21
22
SIM5
SIM1
SIM2
SIM3
SIM4
1
21
22
SIM5
SIM1
SIM2
SIM3
SIM4
1
21
22
SIM5
SIM1
SIM2
SIM3
SIM4
1
21
22
SIM5
SIM1
SIM2
SIM3
SIM4
1
21
22
SIM5
SIM1
SIM2
SIM3
SIM4
1
21
22
SIM5
SIM1
SIM2
SIM3
SIM4
1
21
22
SIM5
SIM1
SIM2
SIM3
SIM4
1
21
22
SIM5
SIM1
SIM2
SIM3
SIM4
1
21
22
SIM5
SIM1
SIM2
SIM3
SIM4
1
21
22
SIM5
SIM1
SIM2
SIM3
SIM4
1
21
22
SIM5
SIM1
SIM2
SIM3
SIM4
1
21
22
SIM5
SIM1
SIM2
SIM3
SIM4
1
21
22
SIM5
SIM1
SIM2
SIM3
SIM4
1
21
22
SIM5
SIM1
SIM2
SIM3
SIM4
1
21
22
SIM5
SIM1
SIM2
SIM3
SIM4
1
21
22
SIM5
SIM1
SIM2
SIM3
SIM4
1
21
22
SIM5
SIM1
SIM2
SIM3
SIM4
1
21
22
SIM5
SIM1
SIM2
SIM3
SIM4
1
21
22
SIM5
SIM1
SIM2
SIM3
SIM4
1
21
22
SIM5
SIM1
SIM2
SIM3
SIM4
1
21
22
SIM5
SIM1
SIM2
SIM3
SIM4
1
21
22
SIM5
SIM1
SIM2
SIM3
SIM4
1
21
22
SIM5
SIM1
SIM2
SIM3
SIM4
1
21
22
SIM5
SIM1
SIM2
SIM3
SIM4
1
21
22
SIM5
SIM1
SIM2
SIM3
SIM4
1
21
22
SIM5
SIM1
SIM2
SIM3
SIM4
1
21
22
SIM5
SIM1
SIM2
SIM3
SIM4
1
21
22
SIM5
SIM1
SIM2
SIM3
SIM4
1
21
22
SIM5
SIM1
SIM2
SIM3
SIM4
1
21
22
SIM5
SIM1
SIM2
SIM3
SIM4
1
21
22
SIM5
SIM1
SIM2
SIM3
SIM4
1
21
22
SIM5
SIM1
SIM2
SIM3
SIM4
1
21
22
SIM5
SIM1
SIM2
SIM3
SIM4
1
21
22
SIM5
SIM1
SIM2
SIM3
SIM4
1
21
22
SIM5
SIM1
SIM2
SIM3
SIM4
1
21
22
SIM5
SIM1
SIM2
SIM3
SIM4
1
21
22
SIM5
SIM1
SIM2
SIM3
SIM4
1
21
22
SIM5
SIM1
SIM2
SIM3
SIM4
1
21
22
SIM5
SIM1
SIM2
SIM3
SIM4
1
21
22
SIM5
SIM1
SIM2
SIM3
SIM4
1
21
22
SIM5
SIM1
SIM2
SIM3
SIM4
1
21
22
SIM5
SIM1
SIM2
SIM3
SIM4
1
21
22
SIM5
SIM1
SIM2
SIM3
SIM4
1
21
22
SIM5
SIM1
SIM2
SIM3
SIM4
1
21
22
SIM5
SIM1
SIM2
SIM3
SIM4
1
21
22
SIM5
SIM1
SIM2
SIM3
SIM4
1
21
22
SIM5
SIM1
SIM2
SIM3
SIM4
1
21
22
SIM5
SIM1
SIM2
SIM3
SIM4
1
21
22
SIM5
SIM1
SIM2
SIM3
SIM4
1
21
22
SIM5
SIM1
SIM2
SIM3
SIM4
1
21
22
SIM5
SIM1
SIM2
SIM3
SIM4
1
21
22
SIM5
SIM1
SIM2
SIM3
SIM4
1
21
22
SIM5
SIM1
SIM2
SIM3
SIM4
1
21
22
SIM5
SIM1
SIM2
SIM3
SIM4
1
21
22
SIM5
SIM1
SIM2
SIM3
SIM4
1
21
22
SIM5
SIM1
SIM2
SIM3
SIM4
1
21
22
SIM5
SIM1
SIM2
SIM3
SIM4
1
21
22
SIM5
SIM1
SIM2
SIM3
SIM4
1
21
22
SIM5
SIM1
SIM2
SIM3
SIM4
1
21
22
SIM5
SIM1
SIM2
SIM3
SIM4
1
21
22
SIM5
SIM1
SIM2
SIM3
SIM4
1
21
22
SIM5
SIM1
SIM2
SIM3
SIM4
1
21
22
SIM5
SIM1
SIM2
SIM3
SIM4
1
21
22
SIM5
SIM1
SIM2
SIM3
SIM4
1
21
22
SIM5
SIM1
SIM2
SIM3
SIM4
1
21
22
SIM5
SIM1
SIM2
SIM3
SIM4
1
21
22
SIM5
SIM1
SIM2
SIM3
SIM4
1
21
22
SIM5
SIM1
SIM2
SIM3
SIM4
1
21
22
SIM5
SIM1
SIM2
SIM3
SIM4
1
21
22
SIM5
SIM1
SIM2
SIM3
SIM4
1
21
22
SIM5
SIM1
SIM2
DEBUG 1 773
SIM1
SIM2
SIM3
SIM4
1
21
22
SIM5
SIM1
SIM2
SIM3
SIM4
1
21
22
SIM5
SIM1
SIM2
SIM3
SIM4
1
21
22
SIM5
SIM1
SIM2
SIM3
SIM4
1
21
22
SIM5
SIM1
SIM2
SIM3
SIM4
1
21
22
SIM5
SIM1
SIM2
SIM3
SIM4
1
21
22
SIM5
SIM1
SIM2
SIM3
SIM4
1
21
22
SIM5
SIM1
SIM2
SIM3
SIM4
1
21
22
SIM5
SIM1
SIM2
SIM3
SIM4
1
21
22
SIM5
SIM1
SIM2
SIM3
SIM4
1
21
22
SIM5
SIM1
SIM2
SIM3
SIM4
1
21
22
SIM5
SIM1
SIM2
SIM3
SIM4
1
21
22
SIM5
SIM1
SIM2
SIM3
SIM4
1
21
22
SIM5
SIM1
SIM2
SIM3
SIM4
1
21
22
SIM5
SIM1
SIM2
SIM3
SIM4
1
21
22
SIM5
SIM1
SIM2
SIM3
SIM4
1
21
22
SIM5
SIM1
SIM2
SIM3
SIM4
1
21
22
SIM5
SIM1
SIM2
SIM3
SIM4
1
21
22
SIM5
SIM1
SIM2
SIM3
SIM4
1
21
22
SIM5
SIM1
SIM2
SIM3
SIM4
1
21
22
SIM5
SIM1
SIM2
SIM3
SIM4
1
21
22
SIM5
SIM1
SIM2
SIM3
SIM4
1
21
22
SIM5
SIM1
SIM2
SIM3
SIM4
1
21
22
SIM5
SIM1
SIM2
SIM3
SIM4
1
21
22
SIM5
SIM1
SIM2
SIM3
SIM4
1
21
22
SIM5
SIM1
SIM2
SIM3
SIM4
1
21
22
SIM5
SIM1
SIM2
SIM3
SIM4
1
21
22
SIM5
SIM1
SIM2
SIM3
SIM4
1
21
22
SIM5
SIM1
SIM2
SIM3
SIM4
1
21
22
SIM5
SIM1
SIM2
SIM3
SIM4
1
21
22
SIM5
SIM1
SIM2
SIM3
SIM4
1
21
22
SIM5
SIM1
SIM2
SIM3
SIM4
1
21
22
SIM5
SIM1
SIM2
SIM3
SIM4
1
21
22
SIM5
SIM1
SIM2
SIM3
SIM4
1
21
22
SIM5
SIM1
SIM2
SIM3
SIM4
1
21
22
SIM5
SIM1
SIM2
SIM3
SIM4
1
21
22
SIM5
SIM1
SIM2
SIM3
SIM4
1
21
22
SIM5
SIM1
SIM2
SIM3
SIM4
1
21
22
SIM5
SIM1
SIM2
SIM3
SIM4
1
21
22
SIM5
SIM1
SIM2
SIM3
SIM4
1
21
22
SIM5
SIM1
SIM2
SIM3
SIM4
1
21
22
SIM5
SIM1
SIM2
SIM3
SIM4
1
21
22
SIM5
SIM1
SIM2
SIM3
SIM4
1
21
22
SIM5
SIM1
SIM2
SIM3
SIM4
1
21
22
SIM5
SIM1
SIM2
SIM3
SIM4
1
21
22
SIM5
SIM1
SIM2
SIM3
SIM4
1
21
22
SIM5
SIM1
SIM2
SIM3
SIM4
1
21
22
SIM5
SIM1
SIM2
SIM3
SIM4
1
21
22
SIM5
SIM1
SIM2
SIM3
SIM4
1
21
22
SIM5
SIM1
SIM2
SIM3
SIM4
1
21
22
SIM5
SIM1
SIM2
SIM3
SIM4
1
21
22
SIM5
SIM1
SIM2
SIM3
SIM4
1
21
22
SIM5
SIM1
SIM2
SIM3
SIM4
1
21
22
SIM5
SIM1
SIM2
SIM3
SIM4
1
21
22
SIM5
SIM1
SIM2
SIM3
SIM4
1
21
22
SIM5
SIM1
SIM2
SIM3
SIM4
1
21
22
SIM5
SIM1
SIM2
SIM3
SIM4
1
21
22
SIM5
SIM1
SIM2
SIM3
SIM4
1
21
22
SIM5
SIM1
SIM2
SIM3
SIM4
1
21
22
SIM5
SIM1
SIM2
SIM3
SIM4
1
21
22
SIM5
SIM1
SIM2
SIM3
SIM4
1
21
22
SIM5
SIM1
SIM2
SIM3
SIM4
1
21
22
SIM5
SIM1
SIM2
SIM3
SIM4
1
21
22
SIM5
SIM1
SIM2
SIM3
SIM4
1
21
22
SIM5
SIM1
SIM2
SIM3
SIM4
1
21
22
SIM5
SIM1
SIM2
SIM3
SIM4
1
21
22
SIM5
SIM1
SIM2
SIM3
SIM4
1
21
22
SIM5
SIM1
SIM2
SIM3
SIM4
1
21
22
SIM5
SIM1
SIM2
SIM3
SIM4
1
21
22
SIM5
SIM1
SIM2
SIM3
SIM4
1
21
22
SIM5
SIM1
SIM2
SIM3
SIM4
1
21
22
SIM5
SIM1
SIM2
SIM3
SIM4
1
21
22
SIM5
SIM1
SIM2
SIM3
SIM4
1
21
22
SIM5
SIM1
SIM2
SIM3
SIM4
1
21
22
SIM5
SIM1
SIM2
SIM3
SIM4
1
21
22
SIM5
SIM1
SIM2
SIM3
SIM4
1
21
22
SIM5
SIM1
SIM2
SIM3
SIM4
1
21
22
SIM5
SIM1
SIM2
SIM3
SIM4
1
21
22
SIM5
SIM1
SIM2
SIM3
SIM4
1
21
22
SIM5
SIM1
SIM2
SIM3
SIM4
1
21
22
SIM5
SIM1
SIM2
SIM3
SIM4
1
21
22
SIM5
SIM1
SIM2
SIM3
SIM4
1
21
22
SIM5
SIM1
SIM2
SIM3
SIM4
1
21
22
SIM5
SIM1
SIM2
SIM3
SIM4
1
21
22
SIM5
SIM1
SIM2
SIM3
SIM4
1
21
22
SIM5
SIM1
SIM2
SIM3
SIM4
1
21
22
SIM5
SIM1
SIM2
SIM3
SIM4
1
21
22
SIM5
SIM1
SIM2
SIM3
SIM4
1
21
22
SIM5
SIM1
SIM2
SIM3
SIM4
1
21
22
SIM5
SIM1
SIM2
SIM3
SIM4
1
21
22
SIM5
SIM1
SIM2
SIM3
SIM4
1
21
22
SIM5
SIM1
SIM2
SIM3
SIM4
1
21
22
SIM5
SIM1
SIM2
SIM3
SIM4
1
21
22
SIM5
SIM1
SIM2
SIM3
SIM4
1
21
22
SIM5
SIM1
SIM2
SIM3
SIM4
1
21
22
SIM5
SIM1
SIM2
SIM3
SIM4
1
21
22
SIM5
SIM1
SIM2
SIM3
SIM4
1
21
22
SIM5
SIM1
SIM2
SIM3
SIM4
1
21
22
SIM5
SIM1
SIM2
SIM3
SIM4
1
21
22
SIM5
SIM1
SIM2
SIM3
SIM4
1
21
22
SIM5
SIM1
SIM2
SIM3
SIM4
1
21
22
SIM5
SIM1
SIM2
SIM3
SIM4
1
21
22
SIM5
SIM1
SIM2
SIM3
SIM4
1
21
22
SIM5
SIM1
SIM2
SIM3
SIM4
1
21
22
SIM5
SIM1
SIM2
SIM3
SIM4
1
21
22
SIM5
SIM1
SIM2
SIM3
SIM4
1
21
22
SIM5
SIM1
SIM2
SIM3
SIM4
1
21
22
SIM5
SIM1
SIM2
SIM3
SIM4
1
21
22
SIM5
SIM1
SIM2
SIM3
SIM4
1
21
22
SIM5
SIM1
SIM2
SIM3
SIM4
1
21
22
SIM5
SIM1
SIM2
SIM3
SIM4
1
21
22
SIM5
SIM1
SIM2
SIM3
SIM4
1
21
22
SIM5
SIM1
SIM2
SIM3
SIM4
1
21
22
SIM5
SIM1
SIM2
SIM3
SIM4
1
21
22
SIM5
SIM1
SIM2
SIM3
SIM4
1
21
22
SIM5
SIM1
SIM2
SIM3
SIM4
1
21
22
SIM5
SIM1
SIM2
SIM3
SIM4
1
21
22
SIM5
SIM1
SIM2
SIM3
SIM4
1
21
22
SIM5
SIM1
SIM2
SIM3
SIM4
1
21
22
SIM5
SIM1
SIM2
SIM3
SIM4
1
21
22
SIM5
SIM1
SIM2
SIM3
SIM4
1
21
22
SIM5
SIM1
SIM2
SIM3
SIM4
1
21
22
SIM5
SIM1
SIM2
SIM3
SIM4
1
21
22
SIM5
SIM1
SIM2
SIM3
SIM4
1
21
22
SIM5
SIM1
SIM2
SIM3
SIM4
1
21
22
SIM5
SIM1
SIM2
SIM3
SIM4
1
21
22
SIM5
SIM1
SIM2
SIM3
SIM4
1
21
22
SIM5
SIM1
SIM2
DEBUG 1 774
SIM1
SIM2
SIM3
SIM4
1
21
22
SIM5
SIM1
SIM2
SIM3
SIM4
1
21
22
SIM5
SIM1
SIM2
SIM3
SIM4
1
21
22
SIM5
SIM1
SIM2
SIM3
SIM4
1
21
22
SIM5
SIM1
SIM2
SIM3
SIM4
1
21
22
SIM5
SIM1
SIM2
SIM3
SIM4
1
21
22
SIM5
SIM1
SIM2
SIM3
SIM4
1
21
22
SIM5
SIM1
SIM2
SIM3
SIM4
1
21
22
SIM5
SIM1
SIM2
SIM3
SIM4
1
21
22
SIM5
SIM1
SIM2
SIM3
SIM4
1
21
22
SIM5
SIM1
SIM2
SIM3
SIM4
1
21
22
SIM5
SIM1
SIM2
SIM3
SIM4
1
21
22
SIM5
SIM1
SIM2
SIM3
SIM4
1
21
22
SIM5
SIM1
SIM2
SIM3
SIM4
1
21
22
SIM5
SIM1
SIM2
SIM3
SIM4
1
21
22
SIM5
SIM1
SIM2
SIM3
SIM4
1
21
22
SIM5
SIM1
SIM2
SIM3
SIM4
1
21
22
SIM5
SIM1
SIM2
SIM3
SIM4
1
21
22
SIM5
SIM1
SIM2
SIM3
SIM4
1
21
22
SIM5
SIM1
SIM2
SIM3
SIM4
1
21
22
SIM5
SIM1
SIM2
SIM3
SIM4
1
21
22
SIM5
SIM1
SIM2
SIM3
SIM4
1
21
22
SIM5
SIM1
SIM2
SIM3
SIM4
1
21
22
SIM5
SIM1
SIM2
SIM3
SIM4
1
21
22
SIM5
SIM1
SIM2
SIM3
SIM4
1
21
22
SIM5
SIM1
SIM2
SIM3
SIM4
1
21
22
SIM5
SIM1
SIM2
SIM3
SIM4
1
21
22
SIM5
SIM1
SIM2
SIM3
SIM4
1
21
22
SIM5
SIM1
SIM2
SIM3
SIM4
1
21
22
SIM5
SIM1
SIM2
SIM3
SIM4
1
21
22
SIM5
SIM1
SIM2
SIM3
SIM4
1
21
22
SIM5
SIM1
SIM2
SIM3
SIM4
1
21
22
SIM5
SIM1
SIM2
SIM3
SIM4
1
21
22
SIM5
SIM1
SIM2
SIM3
SIM4
1
21
22
SIM5
SIM1
SIM2
SIM3
SIM4
1
21
22
SIM5
SIM1
SIM2
SIM3
SIM4
1
21
22
SIM5
SIM1
SIM2
SIM3
SIM4
1
21
22
SIM5
SIM1
SIM2
SIM3
SIM4
1
21
22
SIM5
SIM1
SIM2
SIM3
SIM4
1
21
22
SIM5
SIM1
SIM2
SIM3
SIM4
1
21
22
SIM5
SIM1
SIM2
SIM3
SIM4
1
21
22
SIM5
SIM1
SIM2
SIM3
SIM4
1
21
22
SIM5
SIM1
SIM2
SIM3
SIM4
1
21
22
SIM5
SIM1
SIM2
SIM3
SIM4
1
21
22
SIM5
SIM1
SIM2
SIM3
SIM4
1
21
22
SIM5
SIM1
SIM2
SIM3
SIM4
1
21
22
SIM5
SIM1
SIM2
SIM3
SIM4
1
21
22
SIM5
SIM1
SIM2
SIM3
SIM4
1
21
22
SIM5
SIM1
SIM2
SIM3
SIM4
1
21
22
SIM5
SIM1
SIM2
SIM3
SIM4
1
21
22
SIM5
SIM1
SIM2
SIM3
SIM4
1
21
22
SIM5
SIM1
SIM2
SIM3
SIM4
1
21
22
SIM5
SIM1
SIM2
SIM3
SIM4
1
21
22
SIM5
SIM1
SIM2
SIM3
SIM4
1
21
22
SIM5
SIM1
SIM2
SIM3
SIM4
1
21
22
SIM5
SIM1
SIM2
SIM3
SIM4
1
21
22
SIM5
SIM1
SIM2
SIM3
SIM4
1
21
22
SIM5
SIM1
SIM2
SIM3
SIM4
1
21
22
SIM5
SIM1
SIM2
SIM3
SIM4
1
21
22
SIM5
SIM1
SIM2
SIM3
SIM4
1
21
22
SIM5
SIM1
SIM2
SIM3
SIM4
1
21
22
SIM5
SIM1
SIM2
SIM3
SIM4
1
21
22
SIM5
SIM1
SIM2
SIM3
SIM4
1
21
22
SIM5
SIM1
SIM2
SIM3
SIM4
1
21
22
SIM5
SIM1
SIM2
SIM3
SIM4
1
21
22
SIM5
SIM1
SIM2
SIM3
SIM4
1
21
22
SIM5
SIM1
SIM2
SIM3
SIM4
1
21
22
SIM5
SIM1
SIM2
SIM3
SIM4
1
21
22
SIM5
SIM1
SIM2
SIM3
SIM4
1
21
22
SIM5
SIM1
SIM2
SIM3
SIM4
1
21
22
SIM5
SIM1
SIM2
SIM3
SIM4
1
21
22
SIM5
SIM1
SIM2
SIM3
SIM4
1
21
22
SIM5
SIM1
SIM2
SIM3
SIM4
1
21
22
SIM5
SIM1
SIM2
SIM3
SIM4
1
21
22
SIM5
SIM1
SIM2
SIM3
SIM4
1
21
22
SIM5
SIM1
SIM2
SIM3
SIM4
1
21
22
SIM5
SIM1
SIM2
SIM3
SIM4
1
21
22
SIM5
SIM1
SIM2
SIM3
SIM4
1
21
22
SIM5
SIM1
SIM2
SIM3
SIM4
1
21
22
SIM5
SIM1
SIM2
SIM3
SIM4
1
21
22
SIM5
SIM1
SIM2
SIM3
SIM4
1
21
22
SIM5
SIM1
SIM2
SIM3
SIM4
1
21
22
SIM5
SIM1
SIM2
SIM3
SIM4
1
21
22
SIM5
SIM1
SIM2
SIM3
SIM4
1
21
22
SIM5
SIM1
SIM2
SIM3
SIM4
1
21
22
SIM5
SIM1
SIM2
SIM3
SIM4
1
21
22
SIM5
SIM1
SIM2
SIM3
SIM4
1
21
22
SIM5
SIM1
SIM2
SIM3
SIM4
1
21
22
SIM5
SIM1
SIM2
SIM3
SIM4
1
21
22
SIM5
SIM1
SIM2
SIM3
SIM4
1
21
22
SIM5
SIM1
SIM2
SIM3
SIM4
1
21
22
SIM5
SIM1
SIM2
SIM3
SIM4
1
21
22
SIM5
SIM1
SIM2
SIM3
SIM4
1
21
22
SIM5
SIM1
SIM2
SIM3
SIM4
1
21
22
SIM5
SIM1
SIM2
SIM3
SIM4
1
21
22
SIM5
SIM1
SIM2
SIM3
SIM4
1
21
22
SIM5
SIM1
SIM2
SIM3
SIM4
1
21
22
SIM5
SIM1
SIM2
SIM3
SIM4
1
21
22
SIM5
SIM1
SIM2
SIM3
SIM4
1
21
22
SIM5
SIM1
SIM2
SIM3
SIM4
1
21
22
SIM5
SIM1
SIM2
SIM3
SIM4
1
21
22
SIM5
SIM1
SIM2
SIM3
SIM4
1
21
22
SIM5
SIM1
SIM2
SIM3
SIM4
1
21
22
SIM5
SIM1
SIM2
SIM3
SIM4
1
21
22
SIM5
SIM1
SIM2
SIM3
SIM4
1
21
22
SIM5
SIM1
SIM2
SIM3
SIM4
1
21
22
SIM5
SIM1
SIM2
SIM3
SIM4
1
21
22
SIM5
SIM1
SIM2
SIM3
SIM4
1
21
22
SIM5
SIM1
SIM2
SIM3
SIM4
1
21
22
SIM5
SIM1
SIM2
SIM3
SIM4
1
21
22
SIM5
SIM1
SIM2
SIM3
SIM4
1
21
22
SIM5
SIM1
SIM2
SIM3
SIM4
1
21
22
SIM5
SIM1
SIM2
SIM3
SIM4
1
21
22
SIM5
SIM1
SIM2
SIM3
SIM4
1
21
22
SIM5
SIM1
SIM2
SIM3
SIM4
1
21
22
SIM5
SIM1
SIM2
SIM3
SIM4
1
21
22
SIM5
SIM1
SIM2
SIM3
SIM4
1
21
22
SIM5
SIM1
SIM2
SIM3
SIM4
1
21
22
SIM5
SIM1
SIM2
SIM3
SIM4
1
21
22
SIM5
SIM1
SIM2
SIM3
SIM4
1
21
22
SIM5
SIM1
SIM2
SIM3
SIM4
1
21
22
SIM5
SIM1
SIM2
SIM3
SIM4
1
21
22
SIM5
SIM1
SIM2
SIM3
SIM4
1
21
22
SIM5
SIM1
SIM2
SIM3
SIM4
1
21
22
SIM5
SIM1
SIM2
SIM3
SIM4
1
21
22
SIM5
SIM1
SIM2
SIM3
SIM4
1
21
22
SIM5
SIM1
SIM2
SIM3
SIM4
1
21
22
SIM5
SIM1
SIM2
SIM3
SIM4
1
21
22
SIM5
SIM1
SIM2
SIM3
SIM4
1
21
22
SIM5
SIM1
SIM2
SIM3
SIM4
1
21
22
SIM5
SIM1
SIM2
SIM3
SIM4
1
21
22
SIM5
SIM1
SIM2
SIM3
SIM4
1
21
22
SIM5
SIM1
SIM2
SIM3
SIM4
1
21
22
SIM5
SIM1
SIM2
SIM3
SIM4
1
21
22
SIM5
SIM1
SIM2
SIM3
SIM4
1
21
22
SIM5
SIM1
SIM2
SIM3
SIM4
1
21
22
SIM5
SIM1
SIM2
SIM3
SIM4
1
21
22
SIM5
SIM1
SIM2
SIM3
SIM4
1
21
22
SIM5
SIM1
SIM2
SIM3
SIM4
1
21
22
SIM5
SIM1
SIM2
SIM3
SIM4
1
21
22
SIM5
SIM1
SIM2
SIM3
SIM4
1
21
22
SIM5
SIM1
SIM2
SIM3
SIM4
1
21
22
SIM5
SIM1
SIM2
SIM3
SIM4
1
21
22
SIM5
SIM1
SIM2
SIM3
SIM4
1
21
22
SIM5
SIM1
SIM2
SIM3
SIM4
1
21
22
SIM5
SIM1
SIM2
SIM3
SIM4
1
21
22
SIM5
SIM1
SIM2
SIM3
SIM4
1
21
22
SIM5
SIM1
SIM2
SIM3
SIM4
1
21
22
SIM5
SIM1
SIM2
SIM3
SIM4
1
21
22
SIM5
SIM1
SIM2
SIM3
SIM4
1
21
22
SIM5
SIM1
SIM2
SIM3
SIM4
1
21
22
SIM5
SIM1
SIM2
SIM3
SIM4
1
21
22
SIM5
SIM1
SIM2
SIM3
SIM4
1
21
22
SIM5
SIM1
SIM2
SIM3
SIM4
1
21
22
SIM5
SIM1
SIM2
SIM3
SIM4
1
21
22
SIM5
SIM1
SIM2
SIM3
SIM4
1
21
22
SIM5
SIM1
SIM2
SIM3
SIM4
1
21
22
SIM5
SIM1
SIM2
SIM3
SIM4
1
21
22
SIM5
SIM1
SIM2
SIM3
SIM4
1
21
22
SIM5
SIM1
SIM2
SIM3
SIM4
1
21
22
SIM5
SIM1
SIM2
SIM3
SIM4
1
21
22
SIM5
SIM1
SIM2
SIM3
SIM4
1
21
22
SIM5
SIM1
SIM2
SIM3
SIM4
1
21
22
SIM5
SIM1
SIM2
SIM3
SIM4
1
21
22
SIM5
SIM1
SIM2
SIM3
SIM4
1
21
22
SIM5
SIM1
SIM2
SIM3
SIM4
1
21
22
SIM5
SIM1
SIM2
SIM3
SIM4
1
21
22
SIM5
SIM1
SIM2
SIM3
SIM4
1
21
22
SIM5
SIM1
SIM2
SIM3
SIM4
1
21
22
SIM5
SIM1
SIM2
SIM3
SIM4
1
21
22
SIM5
SIM1
SIM2
SIM3
SIM4
1
21
22
SIM5
SIM1
SIM2
SIM3
SIM4
1
21
22
SIM5
SIM1
SIM2
SIM3
SIM4
1
21
22
SIM5
SIM1
SIM2
SIM3
SIM4
1
21
22
SIM5
SIM1
SIM2
SIM3
SIM4
1
21
22
SIM5
SIM1
SIM2
SIM3
SIM4
1
21
22
SIM5
SIM1
SIM2
SIM3
SIM4
1
21
22
SIM5
SIM1
SIM2
SIM3
SIM4
1
21
22
SIM5
SIM1
SIM2
SIM3
SIM4
1
21
22
SIM5
SIM1
SIM2
SIM3
SIM4
1
21
22
SIM5
SIM1
SIM2
SIM3
SIM4
1
21
22
SIM5
SIM1
SIM2
SIM3
SIM4
1
21
22
SIM5
SIM1
SIM2
SIM3
SIM4
1
21
22
SIM5
SIM1
SIM2
SIM3
SIM4
1
21
22
SIM5
SIM1
SIM2
SIM3
SIM4
1
21
22
SIM5
SIM1
SIM2
SIM3
SIM4
1
21
22
SIM5
SIM1
SIM2
SIM3
SIM4
1
21
22
SIM5
SIM1
SIM2
SIM3
SIM4
1
21
22
SIM5
SIM1
SIM2
SIM3
SIM4
1
21
22
SIM5
SIM1
SIM2
SIM3
SIM4
1
21
22
SIM5
SIM1
SIM2
SIM3
SIM4
1
21
22
SIM5
SIM1
SIM2
SIM3
SIM4
1
21
22
SIM5
SIM1
SIM2
SIM3
SIM4
1
21
22
SIM5
SIM1
SIM2
SIM3
SIM4
1
21
22
SIM5
SIM1
SIM2
SIM3
SIM4
1
21
22
SIM5
SIM1
SIM2
SIM3
SIM4
1
21
22
SIM5
SIM1
SIM2
SIM3
SIM4
1
21
22
SIM5
SIM1
SIM2
SIM3
SIM4
1
21
22
SIM5
SIM1
SIM2
SIM3
SIM4
1
21
22
SIM5
SIM1
SIM2
SIM3
SIM4
1
21
22
SIM5
SIM1
SIM2
SIM3
SIM4
1
21
22
SIM5
SIM1
SIM2
SIM3
SIM4
1
21
22
SIM5
SIM1
SIM2
SIM3
SIM4
1
21
22
SIM5
SIM1
SIM2
SIM3
SIM4
1
21
22
SIM5
SIM1
SIM2
DEBUG 1 775
SIM1
SIM2
SIM3
SIM4
1
21
22
SIM5
SIM1
SIM2
SIM3
SIM4
1
21
22
SIM5
SIM1
SIM2
SIM3
SIM4
1
21
22
SIM5
SIM1
SIM2
SIM3
SIM4
1
21
22
SIM5
SIM1
SIM2
SIM3
SIM4
1
21
22
SIM5
SIM1
SIM2
SIM3
SIM4
1
21
22
SIM5
SIM1
SIM2
SIM3
SIM4
1
21
22
SIM5
SIM1
SIM2
SIM3
SIM4
1
21
22
SIM5
SIM1
SIM2
SIM3
SIM4
1
21
22
SIM5
SIM1
SIM2
SIM3
SIM4
1
21
22
SIM5
SIM1
SIM2
SIM3
SIM4
1
21
22
SIM5
SIM1
SIM2
SIM3
SIM4
1
21
22
SIM5
SIM1
SIM2
SIM3
SIM4
1
21
22
SIM5
SIM1
SIM2
SIM3
SIM4
1
21
22
SIM5
SIM1
SIM2
SIM3
SIM4
1
21
22
SIM5
SIM1
SIM2
SIM3
SIM4
1
21
22
SIM5
SIM1
SIM2
SIM3
SIM4
1
21
22
SIM5
SIM1
SIM2
SIM3
SIM4
1
21
22
SIM5
SIM1
SIM2
SIM3
SIM4
1
21
22
SIM5
SIM1
SIM2
SIM3
SIM4
1
21
22
SIM5
SIM1
SIM2
SIM3
SIM4
1
21
22
SIM5
SIM1
SIM2
SIM3
SIM4
1
21
22
SIM5
SIM1
SIM2
SIM3
SIM4
1
21
22
SIM5
SIM1
SIM2
SIM3
SIM4
1
21
22
SIM5
SIM1
SIM2
SIM3
SIM4
1
21
22
SIM5
SIM1
SIM2
SIM3
SIM4
1
21
22
SIM5
SIM1
SIM2
SIM3
SIM4
1
21
22
SIM5
SIM1
SIM2
SIM3
SIM4
1
21
22
SIM5
SIM1
SIM2
SIM3
SIM4
1
21
22
SIM5
SIM1
SIM2
SIM3
SIM4
1
21
22
SIM5
SIM1
SIM2
SIM3
SIM4
1
21
22
SIM5
SIM1
SIM2
SIM3
SIM4
1
21
22
SIM5
SIM1
SIM2
SIM3
SIM4
1
21
22
SIM5
SIM1
SIM2
SIM3
SIM4
1
21
22
SIM5
SIM1
SIM2
SIM3
SIM4
1
21
22
SIM5
SIM1
SIM2
SIM3
SIM4
1
21
22
SIM5
SIM1
SIM2
SIM3
SIM4
1
21
22
SIM5
SIM1
SIM2
SIM3
SIM4
1
21
22
SIM5
SIM1
SIM2
SIM3
SIM4
1
21
22
SIM5
SIM1
SIM2
SIM3
SIM4
1
21
22
SIM5
SIM1
SIM2
SIM3
SIM4
1
21
22
SIM5
SIM1
SIM2
SIM3
SIM4
1
21
22
SIM5
SIM1
SIM2
SIM3
SIM4
1
21
22
SIM5
SIM1
SIM2
SIM3
SIM4
1
21
22
SIM5
SIM1
SIM2
SIM3
SIM4
1
21
22
SIM5
SIM1
SIM2
SIM3
SIM4
1
21
22
SIM5
SIM1
SIM2
SIM3
SIM4
1
21
22
SIM5
SIM1
SIM2
SIM3
SIM4
1
21
22
SIM5
SIM1
SIM2
SIM3
SIM4
1
21
22
SIM5
SIM1
SIM2
SIM3
SIM4
1
21
22
SIM5
SIM1
SIM2
SIM3
SIM4
1
21
22
SIM5
SIM1
SIM2
SIM3
SIM4
1
21
22
SIM5
SIM1
SIM2
SIM3
SIM4
1
21
22
SIM5
SIM1
SIM2
SIM3
SIM4
1
21
22
SIM5
SIM1
SIM2
SIM3
SIM4
1
21
22
SIM5
SIM1
SIM2
SIM3
SIM4
1
21
22
SIM5
SIM1
SIM2
SIM3
SIM4
1
21
22
SIM5
SIM1
SIM2
SIM3
SIM4
1
21
22
SIM5
SIM1
SIM2
SIM3
SIM4
1
21
22
SIM5
SIM1
SIM2
SIM3
SIM4
1
21
22
SIM5
SIM1
SIM2
SIM3
SIM4
1
21
22
SIM5
SIM1
SIM2
SIM3
SIM4
1
21
22
SIM5
SIM1
SIM2
SIM3
SIM4
1
21
22
SIM5
SIM1
SIM2
SIM3
SIM4
1
21
22
SIM5
SIM1
SIM2
SIM3
SIM4
1
21
22
SIM5
SIM1
SIM2
SIM3
SIM4
1
21
22
SIM5
SIM1
SIM2
SIM3
SIM4
1
21
22
SIM5
SIM1
SIM2
SIM3
SIM4
1
21
22
SIM5
SIM1
SIM2
SIM3
SIM4
1
21
22
SIM5
SIM1
SIM2
SIM3
SIM4
1
21
22
SIM5
SIM1
SIM2
SIM3
SIM4
1
21
22
SIM5
SIM1
SIM2
SIM3
SIM4
1
21
22
SIM5
SIM1
SIM2
SIM3
SIM4
1
21
22
SIM5
SIM1
SIM2
SIM3
SIM4
1
21
22
SIM5
SIM1
SIM2
SIM3
SIM4
1
21
22
SIM5
SIM1
SIM2
SIM3
SIM4
1
21
22
SIM5
SIM1
SIM2
SIM3
SIM4
1
21
22
SIM5
SIM1
SIM2
SIM3
SIM4
1
21
22
SIM5
SIM1
SIM2
SIM3
SIM4
1
21
22
SIM5
SIM1
SIM2
SIM3
SIM4
1
21
22
SIM5
SIM1
SIM2
SIM3
SIM4
1
21
22
SIM5
SIM1
SIM2
SIM3
SIM4
1
21
22
SIM5
SIM1
SIM2
SIM3
SIM4
1
21
22
SIM5
SIM1
SIM2
SIM3
SIM4
1
21
22
SIM5
SIM1
SIM2
SIM3
SIM4
1
21
22
SIM5
SIM1
SIM2
SIM3
SIM4
1
21
22
SIM5
SIM1
SIM2
SIM3
SIM4
1
21
22
SIM5
SIM1
SIM2
SIM3
SIM4
1
21
22
SIM5
SIM1
SIM2
SIM3
SIM4
1
21
22
SIM5
SIM1
SIM2
SIM3
SIM4
1
21
22
SIM5
SIM1
SIM2
SIM3
SIM4
1
21
22
SIM5
SIM1
SIM2
SIM3
SIM4
1
21
22
SIM5
SIM1
SIM2
SIM3
SIM4
1
21
22
SIM5
SIM1
SIM2
SIM3
SIM4
1
21
22
SIM5
SIM1
SIM2
SIM3
SIM4
1
21
22
SIM5
SIM1
SIM2
SIM3
SIM4
1
21
22
SIM5
SIM1
SIM2
SIM3
SIM4
1
21
22
SIM5
SIM1
SIM2
SIM3
SIM4
1
21
22
SIM5
SIM1
SIM2
SIM3
SIM4
1
21
22
SIM5
SIM1
SIM2
SIM3
SIM4
1
21
22
SIM5
SIM1
SIM2
SIM3
SIM4
1
21
22
SIM5
SIM1
SIM2
SIM3
SIM4
1
21
22
SIM5
SIM1
SIM2
SIM3
SIM4
1
21
22
SIM5
SIM1
SIM2
SIM3
SIM4
1
21
22
SIM5
SIM1
SIM2
SIM3
SIM4
1
21
22
SIM5
SIM1
SIM2
SIM3
SIM4
1
21
22
SIM5
SIM1
SIM2
SIM3
SIM4
1
21
22
SIM5
SIM1
SIM2
SIM3
SIM4
1
21
22
SIM5
SIM1
SIM2
DEBUG 1 776
SIM1
SIM2
SIM3
SIM4
1
21
22
SIM5
SIM1
SIM2
SIM3
SIM4
1
21
22
SIM5
SIM1
SIM2
SIM3
SIM4
1
21
22
SIM5
SIM1
SIM2
SIM3
SIM4
1
21
22
SIM5
SIM1
SIM2
SIM3
SIM4
1
21
22
SIM5
SIM1
SIM2
SIM3
SIM4
1
21
22
SIM5
SIM1
SIM2
SIM3
SIM4
1
21
22
SIM5
SIM1
SIM2
SIM3
SIM4
1
21
22
SIM5
SIM1
SIM2
SIM3
SIM4
1
21
22
SIM5
SIM1
SIM2
SIM3
SIM4
1
21
22
SIM5
SIM1
SIM2
SIM3
SIM4
1
21
22
SIM5
SIM1
SIM2
SIM3
SIM4
1
21
22
SIM5
SIM1
SIM2
SIM3
SIM4
1
21
22
SIM5
SIM1
SIM2
SIM3
SIM4
1
21
22
SIM5
SIM1
SIM2
SIM3
SIM4
1
21
22
SIM5
SIM1
SIM2
SIM3
SIM4
1
21
22
SIM5
SIM1
SIM2
SIM3
SIM4
1
21
22
SIM5
SIM1
SIM2
SIM3
SIM4
1
21
22
SIM5
SIM1
SIM2
SIM3
SIM4
1
21
22
SIM5
SIM1
SIM2
SIM3
SIM4
1
21
22
SIM5
SIM1
SIM2
SIM3
SIM4
1
21
22
SIM5
SIM1
SIM2
SIM3
SIM4
1
21
22
SIM5
SIM1
SIM2
SIM3
SIM4
1
21
22
SIM5
SIM1
SIM2
SIM3
SIM4
1
21
22
SIM5
SIM1
SIM2
SIM3
SIM4
1
21
22
SIM5
SIM1
SIM2
SIM3
SIM4
1
21
22
SIM5
SIM1
SIM2
SIM3
SIM4
1
21
22
SIM5
SIM1
SIM2
SIM3
SIM4
1
21
22
SIM5
SIM1
SIM2
SIM3
SIM4
1
21
22
SIM5
SIM1
SIM2
SIM3
SIM4
1
21
22
SIM5
SIM1
SIM2
SIM3
SIM4
1
21
22
SIM5
SIM1
SIM2
SIM3
SIM4
1
21
22
SIM5
SIM1
SIM2
SIM3
SIM4
1
21
22
SIM5
SIM1
SIM2
SIM3
SIM4
1
21
22
SIM5
SIM1
SIM2
SIM3
SIM4
1
21
22
SIM5
SIM1
SIM2
SIM3
SIM4
1
21
22
SIM5
SIM1
SIM2
SIM3
SIM4
1
21
22
SIM5
SIM1
SIM2
SIM3
SIM4
1
21
22
SIM5
SIM1
SIM2
SIM3
SIM4
1
21
22
SIM5
SIM1
SIM2
SIM3
SIM4
1
21
22
SIM5
SIM1
SIM2
SIM3
SIM4
1
21
22
SIM5
SIM1
SIM2
SIM3
SIM4
1
21
22
SIM5
SIM1
SIM2
SIM3
SIM4
1
21
22
SIM5
SIM1
SIM2
SIM3
SIM4
1
21
22
SIM5
SIM1
SIM2
SIM3
SIM4
1
21
22
SIM5
SIM1
SIM2
SIM3
SIM4
1
21
22
SIM5
SIM1
SIM2
SIM3
SIM4
1
21
22
SIM5
SIM1
SIM2
SIM3
SIM4
1
21
22
SIM5
SIM1
SIM2
SIM3
SIM4
1
21
22
SIM5
SIM1
SIM2
SIM3
SIM4
1
21
22
SIM5
SIM1
SIM2
SIM3
SIM4
1
21
22
SIM5
SIM1
SIM2
SIM3
SIM4
1
21
22
SIM5
SIM1
SIM2
SIM3
SIM4
1
21
22
SIM5
SIM1
SIM2
SIM3
SIM4
1
21
22
SIM5
SIM1
SIM2
SIM3
SIM4
1
21
22
SIM5
SIM1
SIM2
SIM3
SIM4
1
21
22
SIM5
SIM1
SIM2
SIM3
SIM4
1
21
22
SIM5
SIM1
SIM2
SIM3
SIM4
1
21
22
SIM5
SIM1
SIM2
SIM3
SIM4
1
21
22
SIM5
SIM1
SIM2
SIM3
SIM4
1
21
22
SIM5
SIM1
SIM2
SIM3
SIM4
1
21
22
SIM5
SIM1
SIM2
SIM3
SIM4
1
21
22
SIM5
SIM1
SIM2
SIM3
SIM4
1
21
22
SIM5
SIM1
SIM2
SIM3
SIM4
1
21
22
SIM5
SIM1
SIM2
SIM3
SIM4
1
21
22
SIM5
SIM1
SIM2
SIM3
SIM4
1
21
22
SIM5
SIM1
SIM2
SIM3
SIM4
1
21
22
SIM5
SIM1
SIM2
SIM3
SIM4
1
21
22
SIM5
SIM1
SIM2
SIM3
SIM4
1
21
22
SIM5
SIM1
SIM2
SIM3
SIM4
1
21
22
SIM5
SIM1
SIM2
SIM3
SIM4
1
21
22
SIM5
SIM1
SIM2
SIM3
SIM4
1
21
22
SIM5
SIM1
SIM2
SIM3
SIM4
1
21
22
SIM5
SIM1
SIM2
SIM3
SIM4
1
21
22
SIM5
SIM1
SIM2
SIM3
SIM4
1
21
22
SIM5
SIM1
SIM2
SIM3
SIM4
1
21
22
SIM5
SIM1
SIM2
SIM3
SIM4
1
21
22
SIM5
SIM1
SIM2
SIM3
SIM4
1
21
22
SIM5
SIM1
SIM2
SIM3
SIM4
1
21
22
SIM5
SIM1
SIM2
SIM3
SIM4
1
21
22
SIM5
SIM1
SIM2
SIM3
SIM4
1
21
22
SIM5
SIM1
SIM2
SIM3
SIM4
1
21
22
SIM5
SIM1
SIM2
SIM3
SIM4
1
21
22
SIM5
SIM1
SIM2
SIM3
SIM4
1
21
22
SIM5
SIM1
SIM2
SIM3
SIM4
1
21
22
SIM5
SIM1
SIM2
SIM3
SIM4
1
21
22
SIM5
SIM1
SIM2
SIM3
SIM4
1
21
22
SIM5
SIM1
SIM2
SIM3
SIM4
1
21
22
SIM5
SIM1
SIM2
SIM3
SIM4
1
21
22
SIM5
SIM1
SIM2
SIM3
SIM4
1
21
22
SIM5
SIM1
SIM2
SIM3
SIM4
1
21
22
SIM5
SIM1
SIM2
SIM3
SIM4
1
21
22
SIM5
SIM1
SIM2
SIM3
SIM4
1
21
22
SIM5
SIM1
SIM2
SIM3
SIM4
1
21
22
SIM5
SIM1
SIM2
SIM3
SIM4
1
21
22
SIM5
SIM1
SIM2
SIM3
SIM4
1
21
22
SIM5
SIM1
SIM2
SIM3
SIM4
1
21
22
SIM5
SIM1
SIM2
SIM3
SIM4
1
21
22
SIM5
SIM1
SIM2
SIM3
SIM4
1
21
22
SIM5
SIM1
SIM2
SIM3
SIM4
1
21
22
SIM5
SIM1
SIM2
SIM3
SIM4
1
21
22
SIM5
SIM1
SIM2
SIM3
SIM4
1
21
22
SIM5
SIM1
SIM2
SIM3
SIM4
1
21
22
SIM5
SIM1
SIM2
SIM3
SIM4
1
21
22
SIM5
SIM1
SIM2
SIM3
SIM4
1
21
22
SIM5
SIM1
SIM2
SIM3
SIM4
1
21
22
SIM5
SIM1
SIM2
SIM3
SIM4
1
21
22
SIM5
SIM1
SIM2
SIM3
SIM4
1
21
22
SIM5
SIM1
SIM2
SIM3
SIM4
1
21
22
SIM5
SIM1
SIM2
SIM3
SIM4
1
21
22
SIM5
SIM1
SIM2
SIM3
SIM4
1
21
22
SIM5
SIM1
SIM2
SIM3
SIM4
1
21
22
SIM5
SIM1
SIM2
SIM3
SIM4
1
21
22
SIM5
SIM1
SIM2
SIM3
SIM4
1
21
22
SIM5
SIM1
SIM2
SIM3
SIM4
1
21
22
SIM5
SIM1
SIM2
SIM3
SIM4
1
21
22
SIM5
SIM1
SIM2
SIM3
SIM4
1
21
22
SIM5
SIM1
SIM2
SIM3
SIM4
1
21
22
SIM5
SIM1
SIM2
SIM3
SIM4
1
21
22
SIM5
SIM1
SIM2
SIM3
SIM4
1
21
22
SIM5
SIM1
SIM2
SIM3
SIM4
1
21
22
SIM5
SIM1
SIM2
SIM3
SIM4
1
21
22
SIM5
SIM1
SIM2
SIM3
SIM4
1
21
22
SIM5
SIM1
SIM2
SIM3
SIM4
1
21
22
SIM5
SIM1
SIM2
SIM3
SIM4
1
21
22
SIM5
SIM1
SIM2
SIM3
SIM4
1
21
22
SIM5
SIM1
SIM2
SIM3
SIM4
1
21
22
SIM5
SIM1
SIM2
SIM3
SIM4
1
21
22
SIM5
SIM1
SIM2
SIM3
SIM4
1
21
22
SIM5
SIM1
SIM2
SIM3
SIM4
1
21
22
SIM5
SIM1
SIM2
SIM3
SIM4
1
21
22
SIM5
SIM1
SIM2
SIM3
SIM4
1
21
22
SIM5
SIM1
SIM2
SIM3
SIM4
1
21
22
SIM5
SIM1
SIM2
SIM3
SIM4
1
21
22
SIM5
SIM1
SIM2
SIM3
SIM4
1
21
22
SIM5
SIM1
SIM2
SIM3
SIM4
1
21
22
SIM5
SIM1
SIM2
SIM3
SIM4
1
21
22
SIM5
SIM1
SIM2
SIM3
SIM4
1
21
22
SIM5
SIM1
SIM2
SIM3
SIM4
1
21
22
SIM5
SIM1
SIM2
SIM3
SIM4
1
21
22
SIM5
SIM1
SIM2
SIM3
SIM4
1
21
22
SIM5
SIM1
SIM2
SIM3
SIM4
1
21
22
SIM5
SIM1
SIM2
SIM3
SIM4
1
21
22
SIM5
SIM1
SIM2
SIM3
SIM4
1
21
22
SIM5
SIM1
SIM2
SIM3
SIM4
1
21
22
SIM5
SIM1
SIM2
SIM3
SIM4
1
21
22
SIM5
SIM1
SIM2
SIM3
SIM4
1
21
22
SIM5
SIM1
SIM2
SIM3
SIM4
1
21
22
SIM5
SIM1
SIM2
SIM3
SIM4
1
21
22
SIM5
SIM1
SIM2
SIM3
SIM4
1
21
22
SIM5
SIM1
SIM2
SIM3
SIM4
1
21
22
SIM5
SIM1
SIM2
SIM3
SIM4
1
21
22
SIM5
SIM1
SIM2
SIM3
SIM4
1
21
22
SIM5
SIM1
SIM2
SIM3
SIM4
1
21
22
SIM5
SIM1
SIM2
SIM3
SIM4
1
21
22
SIM5
SIM1
SIM2
SIM3
SIM4
1
21
22
SIM5
SIM1
SIM2
SIM3
SIM4
1
21
22
SIM5
SIM1
SIM2
SIM3
SIM4
1
21
22
SIM5
SIM1
SIM2
SIM3
SIM4
1
21
22
SIM5
SIM1
SIM2
SIM3
SIM4
1
21
22
SIM5
SIM1
SIM2
SIM3
SIM4
1
21
22
SIM5
SIM1
SIM2
SIM3
SIM4
1
21
22
SIM5
SIM1
SIM2
SIM3
SIM4
1
21
22
SIM5
SIM1
SIM2
DEBUG 1 777
SIM1
SIM2
SIM3
SIM4
1
21
22
SIM5
SIM1
SIM2
SIM3
SIM4
1
21
22
SIM5
SIM1
SIM2
SIM3
SIM4
1
21
22
SIM5
SIM1
SIM2
SIM3
SIM4
1
21
22
SIM5
SIM1
SIM2
SIM3
SIM4
1
21
22
SIM5
SIM1
SIM2
SIM3
SIM4
1
21
22
SIM5
SIM1
SIM2
SIM3
SIM4
1
21
22
SIM5
SIM1
SIM2
SIM3
SIM4
1
21
22
SIM5
SIM1
SIM2
SIM3
SIM4
1
21
22
SIM5
SIM1
SIM2
SIM3
SIM4
1
21
22
SIM5
SIM1
SIM2
SIM3
SIM4
1
21
22
SIM5
SIM1
SIM2
SIM3
SIM4
1
21
22
SIM5
SIM1
SIM2
SIM3
SIM4
1
21
22
SIM5
SIM1
SIM2
SIM3
SIM4
1
21
22
SIM5
SIM1
SIM2
SIM3
SIM4
1
21
22
SIM5
SIM1
SIM2
SIM3
SIM4
1
21
22
SIM5
SIM1
SIM2
SIM3
SIM4
1
21
22
SIM5
SIM1
SIM2
SIM3
SIM4
1
21
22
SIM5
SIM1
SIM2
SIM3
SIM4
1
21
22
SIM5
SIM1
SIM2
SIM3
SIM4
1
21
22
SIM5
SIM1
SIM2
SIM3
SIM4
1
21
22
SIM5
SIM1
SIM2
SIM3
SIM4
1
21
22
SIM5
SIM1
SIM2
SIM3
SIM4
1
21
22
SIM5
SIM1
SIM2
SIM3
SIM4
1
21
22
SIM5
SIM1
SIM2
SIM3
SIM4
1
21
22
SIM5
SIM1
SIM2
SIM3
SIM4
1
21
22
SIM5
SIM1
SIM2
SIM3
SIM4
1
21
22
SIM5
SIM1
SIM2
SIM3
SIM4
1
21
22
SIM5
SIM1
SIM2
SIM3
SIM4
1
21
22
SIM5
SIM1
SIM2
SIM3
SIM4
1
21
22
SIM5
SIM1
SIM2
SIM3
SIM4
1
21
22
SIM5
SIM1
SIM2
SIM3
SIM4
1
21
22
SIM5
SIM1
SIM2
SIM3
SIM4
1
21
22
SIM5
SIM1
SIM2
SIM3
SIM4
1
21
22
SIM5
SIM1
SIM2
SIM3
SIM4
1
21
22
SIM5
SIM1
SIM2
SIM3
SIM4
1
21
22
SIM5
SIM1
SIM2
SIM3
SIM4
1
21
22
SIM5
SIM1
SIM2
SIM3
SIM4
1
21
22
SIM5
SIM1
SIM2
SIM3
SIM4
1
21
22
SIM5
SIM1
SIM2
SIM3
SIM4
1
21
22
SIM5
SIM1
SIM2
SIM3
SIM4
1
21
22
SIM5
SIM1
SIM2
SIM3
SIM4
1
21
22
SIM5
SIM1
SIM2
SIM3
SIM4
1
21
22
SIM5
SIM1
SIM2
SIM3
SIM4
1
21
22
SIM5
SIM1
SIM2
SIM3
SIM4
1
21
22
SIM5
SIM1
SIM2
SIM3
SIM4
1
21
22
SIM5
SIM1
SIM2
SIM3
SIM4
1
21
22
SIM5
SIM1
SIM2
SIM3
SIM4
1
21
22
SIM5
SIM1
SIM2
SIM3
SIM4
1
21
22
SIM5
SIM1
SIM2
SIM3
SIM4
1
21
22
SIM5
SIM1
SIM2
SIM3
SIM4
1
21
22
SIM5
SIM1
SIM2
SIM3
SIM4
1
21
22
SIM5
SIM1
SIM2
SIM3
SIM4
1
21
22
SIM5
SIM1
SIM2
SIM3
SIM4
1
21
22
SIM5
SIM1
SIM2
SIM3
SIM4
1
21
22
SIM5
SIM1
SIM2
SIM3
SIM4
1
21
22
SIM5
SIM1
SIM2
SIM3
SIM4
1
21
22
SIM5
SIM1
SIM2
SIM3
SIM4
1
21
22
SIM5
SIM1
SIM2
SIM3
SIM4
1
21
22
SIM5
SIM1
SIM2
SIM3
SIM4
1
21
22
SIM5
SIM1
SIM2
SIM3
SIM4
1
21
22
SIM5
SIM1
SIM2
SIM3
SIM4
1
21
22
SIM5
SIM1
SIM2
SIM3
SIM4
1
21
22
SIM5
SIM1
SIM2
SIM3
SIM4
1
21
22
SIM5
SIM1
SIM2
SIM3
SIM4
1
21
22
SIM5
SIM1
SIM2
SIM3
SIM4
1
21
22
SIM5
SIM1
SIM2
SIM3
SIM4
1
21
22
SIM5
SIM1
SIM2
SIM3
SIM4
1
21
22
SIM5
SIM1
SIM2
SIM3
SIM4
1
21
22
SIM5
SIM1
SIM2
SIM3
SIM4
1
21
22
SIM5
SIM1
SIM2
SIM3
SIM4
1
21
22
SIM5
SIM1
SIM2
SIM3
SIM4
1
21
22
SIM5
SIM1
SIM2
SIM3
SIM4
1
21
22
SIM5
SIM1
SIM2
SIM3
SIM4
1
21
22
SIM5
SIM1
SIM2
SIM3
SIM4
1
21
22
SIM5
SIM1
SIM2
SIM3
SIM4
1
21
22
SIM5
SIM1
SIM2
SIM3
SIM4
1
21
22
SIM5
SIM1
SIM2
SIM3
SIM4
1
21
22
SIM5
SIM1
SIM2
SIM3
SIM4
1
21
22
SIM5
SIM1
SIM2
SIM3
SIM4
1
21
22
SIM5
SIM1
SIM2
SIM3
SIM4
1
21
22
SIM5
SIM1
SIM2
SIM3
SIM4
1
21
22
SIM5
SIM1
SIM2
SIM3
SIM4
1
21
22
SIM5
SIM1
SIM2
SIM3
SIM4
1
21
22
SIM5
SIM1
SIM2
SIM3
SIM4
1
21
22
SIM5
SIM1
SIM2
SIM3
SIM4
1
21
22
SIM5
SIM1
SIM2
SIM3
SIM4
1
21
22
SIM5
SIM1
SIM2
SIM3
SIM4
1
21
22
SIM5
SIM1
SIM2
SIM3
SIM4
1
21
22
SIM5
SIM1
SIM2
SIM3
SIM4
1
21
22
SIM5
SIM1
SIM2
SIM3
SIM4
1
21
22
SIM5
SIM1
SIM2
SIM3
SIM4
1
21
22
SIM5
SIM1
SIM2
SIM3
SIM4
1
21
22
SIM5
SIM1
SIM2
SIM3
SIM4
1
21
22
SIM5
SIM1
SIM2
SIM3
SIM4
1
21
22
SIM5
SIM1
SIM2
SIM3
SIM4
1
21
22
SIM5
SIM1
SIM2
SIM3
SIM4
1
21
22
SIM5
SIM1
SIM2
SIM3
SIM4
1
21
22
SIM5
SIM1
SIM2
SIM3
SIM4
1
21
22
SIM5
SIM1
SIM2
SIM3
SIM4
1
21
22
SIM5
SIM1
SIM2
SIM3
SIM4
1
21
22
SIM5
SIM1
SIM2
SIM3
SIM4
1
21
22
SIM5
SIM1
SIM2
SIM3
SIM4
1
21
22
SIM5
SIM1
SIM2
SIM3
SIM4
1
21
22
SIM5
SIM1
SIM2
SIM3
SIM4
1
21
22
SIM5
SIM1
SIM2
SIM3
SIM4
1
21
22
SIM5
SIM1
SIM2
SIM3
SIM4
1
21
22
SIM5
SIM1
SIM2
SIM3
SIM4
1
21
22
SIM5
SIM1
SIM2
SIM3
SIM4
1
21
22
SIM5
SIM1
SIM2
SIM3
SIM4
1
21
22
SIM5
SIM1
SIM2
SIM3
SIM4
1
21
22
SIM5
SIM1
SIM2
SIM3
SIM4
1
21
22
SIM5
SIM1
SIM2
SIM3
SIM4
1
21
22
SIM5
SIM1
SIM2
SIM3
SIM4
1
21
22
SIM5
SIM1
SIM2
SIM3
SIM4
1
21
22
SIM5
SIM1
SIM2
SIM3
SIM4
1
21
22
SIM5
SIM1
SIM2
SIM3
SIM4
1
21
22
SIM5
SIM1
SIM2
SIM3
SIM4
1
21
22
SIM5
SIM1
SIM2
SIM3
SIM4
1
21
22
SIM5
SIM1
SIM2
SIM3
SIM4
1
21
22
SIM5
SIM1
SIM2
SIM3
SIM4
1
21
22
SIM5
SIM1
SIM2
SIM3
SIM4
1
21
22
SIM5
SIM1
SIM2
SIM3
SIM4
1
21
22
SIM5
SIM1
SIM2
SIM3
SIM4
1
21
22
SIM5
SIM1
SIM2
SIM3
SIM4
1
21
22
SIM5
SIM1
SIM2
SIM3
SIM4
1
21
22
SIM5
SIM1
SIM2
SIM3
SIM4
1
21
22
SIM5
SIM1
SIM2
SIM3
SIM4
1
21
22
SIM5
SIM1
SIM2
SIM3
SIM4
1
21
22
SIM5
SIM1
SIM2
SIM3
SIM4
1
21
22
SIM5
SIM1
SIM2
SIM3
SIM4
1
21
22
SIM5
SIM1
SIM2
SIM3
SIM4
1
21
22
SIM5
SIM1
SIM2
SIM3
SIM4
1
21
22
SIM5
SIM1
SIM2
SIM3
SIM4
1
21
22
SIM5
SIM1
SIM2
SIM3
SIM4
1
21
22
SIM5
SIM1
SIM2
SIM3
SIM4
1
21
22
SIM5
SIM1
SIM2
SIM3
SIM4
1
21
22
SIM5
SIM1
SIM2
SIM3
SIM4
1
21
22
SIM5
SIM1
SIM2
SIM3
SIM4
1
21
22
SIM5
SIM1
SIM2
SIM3
SIM4
1
21
22
SIM5
SIM1
SIM2
SIM3
SIM4
1
21
22
SIM5
SIM1
SIM2
SIM3
SIM4
1
21
22
SIM5
SIM1
SIM2
SIM3
SIM4
1
21
22
SIM5
SIM1
SIM2
SIM3
SIM4
1
21
22
SIM5
SIM1
SIM2
SIM3
SIM4
1
21
22
SIM5
SIM1
SIM2
SIM3
SIM4
1
21
22
SIM5
SIM1
SIM2
SIM3
SIM4
1
21
22
SIM5
SIM1
SIM2
SIM3
SIM4
1
21
22
SIM5
SIM1
SIM2
SIM3
SIM4
1
21
22
SIM5
SIM1
SIM2
SIM3
SIM4
1
21
22
SIM5
SIM1
SIM2
SIM3
SIM4
1
21
22
SIM5
SIM1
SIM2
SIM3
SIM4
1
21
22
SIM5
SIM1
SIM2
SIM3
SIM4
1
21
22
SIM5
SIM1
SIM2
SIM3
SIM4
1
21
22
SIM5
SIM1
SIM2
SIM3
SIM4
1
21
22
SIM5
SIM1
SIM2
SIM3
SIM4
1
21
22
SIM5
SIM1
SIM2
SIM3
SIM4
1
21
22
SIM5
SIM1
SIM2
SIM3
SIM4
1
21
22
SIM5
SIM1
SIM2
SIM3
SIM4
1
21
22
SIM5
SIM1
SIM2
SIM3
SIM4
1
21
22
SIM5
SIM1
SIM2
SIM3
SIM4
1
21
22
SIM5
SIM1
SIM2
SIM3
SIM4
1
21
22
SIM5
SIM1
SIM2
SIM3
SIM4
1
21
22
SIM5
SIM1
SIM2
SIM3
SIM4
1
21
22
SIM5
SIM1
SIM2
SIM3
SIM4
1
21
22
SIM5
SIM1
SIM2
SIM3
SIM4
1
21
22
SIM5
SIM1
SIM2
SIM3
SIM4
1
21
22
SIM5
SIM1
SIM2
SIM3
SIM4
1
21
22
SIM5
SIM1
SIM2
SIM3
SIM4
1
21
22
SIM5
SIM1
SIM2
SIM3
SIM4
1
21
22
SIM5
SIM1
SIM2
SIM3
SIM4
1
21
22
SIM5
SIM1
SIM2
SIM3
SIM4
1
21
22
SIM5
SIM1
SIM2
SIM3
SIM4
1
21
22
SIM5
SIM1
SIM2
SIM3
SIM4
1
21
22
SIM5
SIM1
SIM2
SIM3
SIM4
1
21
22
SIM5
SIM1
SIM2
SIM3
SIM4
1
21
22
SIM5
SIM1
SIM2
SIM3
SIM4
1
21
22
SIM5
SIM1
SIM2
SIM3
SIM4
1
21
22
SIM5
SIM1
SIM2
SIM3
SIM4
1
21
22
SIM5
SIM1
SIM2
SIM3
SIM4
1
21
22
SIM5
SIM1
SIM2
SIM3
SIM4
1
21
22
SIM5
SIM1
SIM2
SIM3
SIM4
1
21
22
SIM5
SIM1
SIM2
SIM3
SIM4
1
21
22
SIM5
SIM1
SIM2
SIM3
SIM4
1
21
22
SIM5
SIM1
SIM2
SIM3
SIM4
1
21
22
SIM5
SIM1
SIM2
SIM3
SIM4
1
21
22
SIM5
SIM1
SIM2
SIM3
SIM4
1
21
22
SIM5
SIM1
SIM2
SIM3
SIM4
1
21
22
SIM5
SIM1
SIM2
SIM3
SIM4
1
21
22
SIM5
SIM1
SIM2
SIM3
SIM4
1
21
22
SIM5
SIM1
SIM2
SIM3
SIM4
1
21
22
SIM5
SIM1
SIM2
SIM3
SIM4
1
21
22
SIM5
SIM1
SIM2
SIM3
SIM4
1
21
22
SIM5
SIM1
SIM2
SIM3
SIM4
1
21
22
SIM5
SIM1
SIM2
SIM3
SIM4
1
21
22
SIM5
SIM1
SIM2
SIM3
SIM4
1
21
22
SIM5
SIM1
SIM2
SIM3
SIM4
1
21
22
SIM5
SIM1
SIM2
SIM3
SIM4
1
21
22
SIM5
SIM1
SIM2
SIM3
SIM4
1
21
22
SIM5
SIM1
SIM2
SIM3
SIM4
1
21
22
SIM5
SIM1
SIM2
SIM3
SIM4
1
21
22
SIM5
SIM1
SIM2
SIM3
SIM4
1
21
22
SIM5
SIM1
SIM2
SIM3
SIM4
1
21
22
SIM5
SIM1
SIM2
SIM3
SIM4
1
21
22
SIM5
SIM1
SIM2
SIM3
SIM4
1
21
22
SIM5
SIM1
SIM2
SIM3
SIM4
1
21
22
SIM5
SIM1
SIM2
SIM3
SIM4
1
21
22
SIM5
SIM1
SIM2
SIM3
SIM4
1
21
22
SIM5
SIM1
SIM2
SIM3
SIM4
1
21
22
SIM5
SIM1
SIM2
SIM3
SIM4
1
21
22
SIM5
SIM1
SIM2
SIM3
SIM4
1
21
22
SIM5
SIM1
SIM2
SIM3
SIM4
1
21
22
SIM5
SIM1
SIM2
SIM3
SIM4
1
21
22
SIM5
SIM1
SIM2
SIM3
SIM4
1
21
22
SIM5
SIM1
SIM2
SIM3
SIM4
1
21
22
SIM5
SIM1
SIM2
DEBUG 1 778
SIM1
SIM2
SIM3
SIM4
1
21
22
SIM5
SIM1
SIM2
SIM3
SIM4
1
21
22
SIM5
SIM1
SIM2
SIM3
SIM4
1
21
22
SIM5
SIM1
SIM2
SIM3
SIM4
1
21
22
SIM5
SIM1
SIM2
SIM3
SIM4
1
21
22
SIM5
SIM1
SIM2
SIM3
SIM4
1
21
22
SIM5
SIM1
SIM2
SIM3
SIM4
1
21
22
SIM5
SIM1
SIM2
SIM3
SIM4
1
21
22
SIM5
SIM1
SIM2
SIM3
SIM4
1
21
22
SIM5
SIM1
SIM2
SIM3
SIM4
1
21
22
SIM5
SIM1
SIM2
SIM3
SIM4
1
21
22
SIM5
SIM1
SIM2
SIM3
SIM4
1
21
22
SIM5
SIM1
SIM2
SIM3
SIM4
1
21
22
SIM5
SIM1
SIM2
SIM3
SIM4
1
21
22
SIM5
SIM1
SIM2
SIM3
SIM4
1
21
22
SIM5
SIM1
SIM2
SIM3
SIM4
1
21
22
SIM5
SIM1
SIM2
SIM3
SIM4
1
21
22
SIM5
SIM1
SIM2
SIM3
SIM4
1
21
22
SIM5
SIM1
SIM2
SIM3
SIM4
1
21
22
SIM5
SIM1
SIM2
SIM3
SIM4
1
21
22
SIM5
SIM1
SIM2
SIM3
SIM4
1
21
22
SIM5
SIM1
SIM2
SIM3
SIM4
1
21
22
SIM5
SIM1
SIM2
SIM3
SIM4
1
21
22
SIM5
SIM1
SIM2
SIM3
SIM4
1
21
22
SIM5
SIM1
SIM2
SIM3
SIM4
1
21
22
SIM5
SIM1
SIM2
SIM3
SIM4
1
21
22
SIM5
SIM1
SIM2
SIM3
SIM4
1
21
22
SIM5
SIM1
SIM2
SIM3
SIM4
1
21
22
SIM5
SIM1
SIM2
SIM3
SIM4
1
21
22
SIM5
SIM1
SIM2
SIM3
SIM4
1
21
22
SIM5
SIM1
SIM2
SIM3
SIM4
1
21
22
SIM5
SIM1
SIM2
SIM3
SIM4
1
21
22
SIM5
SIM1
SIM2
SIM3
SIM4
1
21
22
SIM5
SIM1
SIM2
SIM3
SIM4
1
21
22
SIM5
SIM1
SIM2
SIM3
SIM4
1
21
22
SIM5
SIM1
SIM2
SIM3
SIM4
1
21
22
SIM5
SIM1
SIM2
SIM3
SIM4
1
21
22
SIM5
SIM1
SIM2
SIM3
SIM4
1
21
22
SIM5
SIM1
SIM2
SIM3
SIM4
1
21
22
SIM5
SIM1
SIM2
SIM3
SIM4
1
21
22
SIM5
SIM1
SIM2
SIM3
SIM4
1
21
22
SIM5
SIM1
SIM2
SIM3
SIM4
1
21
22
SIM5
SIM1
SIM2
SIM3
SIM4
1
21
22
SIM5
SIM1
SIM2
SIM3
SIM4
1
21
22
SIM5
SIM1
SIM2
SIM3
SIM4
1
21
22
SIM5
SIM1
SIM2
SIM3
SIM4
1
21
22
SIM5
SIM1
SIM2
SIM3
SIM4
1
21
22
SIM5
SIM1
SIM2
SIM3
SIM4
1
21
22
SIM5
SIM1
SIM2
SIM3
SIM4
1
21
22
SIM5
SIM1
SIM2
SIM3
SIM4
1
21
22
SIM5
SIM1
SIM2
SIM3
SIM4
1
21
22
SIM5
SIM1
SIM2
SIM3
SIM4
1
21
22
SIM5
SIM1
SIM2
SIM3
SIM4
1
21
22
SIM5
SIM1
SIM2
SIM3
SIM4
1
21
22
SIM5
SIM1
SIM2
SIM3
SIM4
1
21
22
SIM5
SIM1
SIM2
SIM3
SIM4
1
21
22
SIM5
SIM1
SIM2
SIM3
SIM4
1
21
22
SIM5
SIM1
SIM2
SIM3
SIM4
1
21
22
SIM5
SIM1
SIM2
SIM3
SIM4
1
21
22
SIM5
SIM1
SIM2
SIM3
SIM4
1
21
22
SIM5
SIM1
SIM2
SIM3
SIM4
1
21
22
SIM5
SIM1
SIM2
SIM3
SIM4
1
21
22
SIM5
SIM1
SIM2
SIM3
SIM4
1
21
22
SIM5
SIM1
SIM2
SIM3
SIM4
1
21
22
SIM5
SIM1
SIM2
SIM3
SIM4
1
21
22
SIM5
SIM1
SIM2
SIM3
SIM4
1
21
22
SIM5
SIM1
SIM2
SIM3
SIM4
1
21
22
SIM5
SIM1
SIM2
SIM3
SIM4
1
21
22
SIM5
SIM1
SIM2
SIM3
SIM4
1
21
22
SIM5
SIM1
SIM2
SIM3
SIM4
1
21
22
SIM5
SIM1
SIM2
SIM3
SIM4
1
21
22
SIM5
SIM1
SIM2
SIM3
SIM4
1
21
22
SIM5
SIM1
SIM2
SIM3
SIM4
1
21
22
SIM5
SIM1
SIM2
SIM3
SIM4
1
21
22
SIM5
SIM1
SIM2
SIM3
SIM4
1
21
22
SIM5
SIM1
SIM2
SIM3
SIM4
1
21
22
SIM5
SIM1
SIM2
SIM3
SIM4
1
21
22
SIM5
SIM1
SIM2
SIM3
SIM4
1
21
22
SIM5
SIM1
SIM2
SIM3
SIM4
1
21
22
SIM5
SIM1
SIM2
SIM3
SIM4
1
21
22
SIM5
SIM1
SIM2
SIM3
SIM4
1
21
22
SIM5
SIM1
SIM2
SIM3
SIM4
1
21
22
SIM5
SIM1
SIM2
SIM3
SIM4
1
21
22
SIM5
SIM1
SIM2
SIM3
SIM4
1
21
22
SIM5
SIM1
SIM2
SIM3
SIM4
1
21
22
SIM5
SIM1
SIM2
SIM3
SIM4
1
21
22
SIM5
SIM1
SIM2
SIM3
SIM4
1
21
22
SIM5
SIM1
SIM2
SIM3
SIM4
1
21
22
SIM5
SIM1
SIM2
SIM3
SIM4
1
21
22
SIM5
SIM1
SIM2
SIM3
SIM4
1
21
22
SIM5
SIM1
SIM2
SIM3
SIM4
1
21
22
SIM5
SIM1
SIM2
SIM3
SIM4
1
21
22
SIM5
SIM1
SIM2
SIM3
SIM4
1
21
22
SIM5
SIM1
SIM2
SIM3
SIM4
1
21
22
SIM5
SIM1
SIM2
SIM3
SIM4
1
21
22
SIM5
SIM1
SIM2
SIM3
SIM4
1
21
22
SIM5
SIM1
SIM2
SIM3
SIM4
1
21
22
SIM5
SIM1
SIM2
SIM3
SIM4
1
21
22
SIM5
SIM1
SIM2
SIM3
SIM4
1
21
22
SIM5
SIM1
SIM2
SIM3
SIM4
1
21
22
SIM5
SIM1
SIM2
SIM3
SIM4
1
21
22
SIM5
SIM1
SIM2
SIM3
SIM4
1
21
22
SIM5
SIM1
SIM2
SIM3
SIM4
1
21
22
SIM5
SIM1
SIM2
SIM3
SIM4
1
21
22
SIM5
SIM1
SIM2
SIM3
SIM4
1
21
22
SIM5
SIM1
SIM2
SIM3
SIM4
1
21
22
SIM5
SIM1
SIM2
SIM3
SIM4
1
21
22
SIM5
SIM1
SIM2
SIM3
SIM4
1
21
22
SIM5
SIM1
SIM2
SIM3
SIM4
1
21
22
SIM5
SIM1
SIM2
SIM3
SIM4
1
21
22
SIM5
SIM1
SIM2
SIM3
SIM4
1
21
22
SIM5
SIM1
SIM2
SIM3
SIM4
1
21
22
SIM5
SIM1
SIM2
SIM3
SIM4
1
21
22
SIM5
SIM1
SIM2
SIM3
SIM4
1
21
22
SIM5
SIM1
SIM2
SIM3
SIM4
1
21
22
SIM5
SIM1
SIM2
SIM3
SIM4
1
21
22
SIM5
SIM1
SIM2
SIM3
SIM4
1
21
22
SIM5
SIM1
SIM2
SIM3
SIM4
1
21
22
SIM5
SIM1
SIM2
SIM3
SIM4
1
21
22
SIM5
SIM1
SIM2
SIM3
SIM4
1
21
22
SIM5
SIM1
SIM2
SIM3
SIM4
1
21
22
SIM5
SIM1
SIM2
SIM3
SIM4
1
21
22
SIM5
SIM1
SIM2
SIM3
SIM4
1
21
22
SIM5
SIM1
SIM2
SIM3
SIM4
1
21
22
SIM5
SIM1
SIM2
SIM3
SIM4
1
21
22
SIM5
SIM1
SIM2
SIM3
SIM4
1
21
22
SIM5
SIM1
SIM2
SIM3
SIM4
1
21
22
SIM5
SIM1
SIM2
SIM3
SIM4
1
21
22
SIM5
SIM1
SIM2
SIM3
SIM4
1
21
22
SIM5
SIM1
SIM2
SIM3
SIM4
1
21
22
SIM5
SIM1
SIM2
SIM3
SIM4
1
21
22
SIM5
SIM1
SIM2
SIM3
SIM4
1
21
22
SIM5
SIM1
SIM2
SIM3
SIM4
1
21
22
SIM5
SIM1
SIM2
SIM3
SIM4
1
21
22
SIM5
SIM1
SIM2
SIM3
SIM4
1
21
22
SIM5
SIM1
SIM2
SIM3
SIM4
1
21
22
SIM5
SIM1
SIM2
SIM3
SIM4
1
21
22
SIM5
SIM1
SIM2
SIM3
SIM4
1
21
22
SIM5
SIM1
SIM2
SIM3
SIM4
1
21
22
SIM5
SIM1
SIM2
SIM3
SIM4
1
21
22
SIM5
SIM1
SIM2
SIM3
SIM4
1
21
22
SIM5
SIM1
SIM2
SIM3
SIM4
1
21
22
SIM5
SIM1
SIM2
DEBUG 1 779
SIM1
SIM2
SIM3
SIM4
1
21
22
SIM5
SIM1
SIM2
SIM3
SIM4
1
21
22
SIM5
SIM1
SIM2
SIM3
SIM4
1
21
22
SIM5
SIM1
SIM2
SIM3
SIM4
1
21
22
SIM5
SIM1
SIM2
SIM3
SIM4
1
21
22
SIM5
SIM1
SIM2
SIM3
SIM4
1
21
22
SIM5
SIM1
SIM2
SIM3
SIM4
1
21
22
SIM5
SIM1
SIM2
SIM3
SIM4
1
21
22
SIM5
SIM1
SIM2
SIM3
SIM4
1
21
22
SIM5
SIM1
SIM2
SIM3
SIM4
1
21
22
SIM5
SIM1
SIM2
SIM3
SIM4
1
21
22
SIM5
SIM1
SIM2
SIM3
SIM4
1
21
22
SIM5
SIM1
SIM2
SIM3
SIM4
1
21
22
SIM5
SIM1
SIM2
SIM3
SIM4
1
21
22
SIM5
SIM1
SIM2
SIM3
SIM4
1
21
22
SIM5
SIM1
SIM2
SIM3
SIM4
1
21
22
SIM5
SIM1
SIM2
SIM3
SIM4
1
21
22
SIM5
SIM1
SIM2
SIM3
SIM4
1
21
22
SIM5
SIM1
SIM2
SIM3
SIM4
1
21
22
SIM5
SIM1
SIM2
SIM3
SIM4
1
21
22
SIM5
SIM1
SIM2
SIM3
SIM4
1
21
22
SIM5
SIM1
SIM2
SIM3
SIM4
1
21
22
SIM5
SIM1
SIM2
SIM3
SIM4
1
21
22
SIM5
SIM1
SIM2
SIM3
SIM4
1
21
22
SIM5
SIM1
SIM2
SIM3
SIM4
1
21
22
SIM5
SIM1
SIM2
SIM3
SIM4
1
21
22
SIM5
SIM1
SIM2
SIM3
SIM4
1
21
22
SIM5
SIM1
SIM2
SIM3
SIM4
1
21
22
SIM5
SIM1
SIM2
SIM3
SIM4
1
21
22
SIM5
SIM1
SIM2
SIM3
SIM4
1
21
22
SIM5
SIM1
SIM2
SIM3
SIM4
1
21
22
SIM5
SIM1
SIM2
SIM3
SIM4
1
21
22
SIM5
SIM1
SIM2
SIM3
SIM4
1
21
22
SIM5
SIM1
SIM2
SIM3
SIM4
1
21
22
SIM5
SIM1
SIM2
SIM3
SIM4
1
21
22
SIM5
SIM1
SIM2
SIM3
SIM4
1
21
22
SIM5
SIM1
SIM2
SIM3
SIM4
1
21
22
SIM5
SIM1
SIM2
SIM3
SIM4
1
21
22
SIM5
SIM1
SIM2
SIM3
SIM4
1
21
22
SIM5
SIM1
SIM2
SIM3
SIM4
1
21
22
SIM5
SIM1
SIM2
SIM3
SIM4
1
21
22
SIM5
SIM1
SIM2
SIM3
SIM4
1
21
22
SIM5
SIM1
SIM2
SIM3
SIM4
1
21
22
SIM5
SIM1
SIM2
SIM3
SIM4
1
21
22
SIM5
SIM1
SIM2
SIM3
SIM4
1
21
22
SIM5
SIM1
SIM2
SIM3
SIM4
1
21
22
SIM5
SIM1
SIM2
SIM3
SIM4
1
21
22
SIM5
SIM1
SIM2
SIM3
SIM4
1
21
22
SIM5
SIM1
SIM2
SIM3
SIM4
1
21
22
SIM5
SIM1
SIM2
SIM3
SIM4
1
21
22
SIM5
SIM1
SIM2
SIM3
SIM4
1
21
22
SIM5
SIM1
SIM2
SIM3
SIM4
1
21
22
SIM5
SIM1
SIM2
SIM3
SIM4
1
21
22
SIM5
SIM1
SIM2
SIM3
SIM4
1
21
22
SIM5
SIM1
SIM2
SIM3
SIM4
1
21
22
SIM5
SIM1
SIM2
SIM3
SIM4
1
21
22
SIM5
SIM1
SIM2
SIM3
SIM4
1
21
22
SIM5
SIM1
SIM2
SIM3
SIM4
1
21
22
SIM5
SIM1
SIM2
SIM3
SIM4
1
21
22
SIM5
SIM1
SIM2
SIM3
SIM4
1
21
22
SIM5
SIM1
SIM2
SIM3
SIM4
1
21
22
SIM5
SIM1
SIM2
SIM3
SIM4
1
21
22
SIM5
SIM1
SIM2
SIM3
SIM4
1
21
22
SIM5
SIM1
SIM2
SIM3
SIM4
1
21
22
SIM5
SIM1
SIM2
SIM3
SIM4
1
21
22
SIM5
SIM1
SIM2
SIM3
SIM4
1
21
22
SIM5
SIM1
SIM2
SIM3
SIM4
1
21
22
SIM5
SIM1
SIM2
SIM3
SIM4
1
21
22
SIM5
SIM1
SIM2
SIM3
SIM4
1
21
22
SIM5
SIM1
SIM2
SIM3
SIM4
1
21
22
SIM5
SIM1
SIM2
SIM3
SIM4
1
21
22
SIM5
SIM1
SIM2
SIM3
SIM4
1
21
22
SIM5
SIM1
SIM2
SIM3
SIM4
1
21
22
SIM5
SIM1
SIM2
SIM3
SIM4
1
21
22
SIM5
SIM1
SIM2
SIM3
SIM4
1
21
22
SIM5
SIM1
SIM2
SIM3
SIM4
1
21
22
SIM5
SIM1
SIM2
SIM3
SIM4
1
21
22
SIM5
SIM1
SIM2
SIM3
SIM4
1
21
22
SIM5
SIM1
SIM2
SIM3
SIM4
1
21
22
SIM5
SIM1
SIM2
SIM3
SIM4
1
21
22
SIM5
SIM1
SIM2
SIM3
SIM4
1
21
22
SIM5
SIM1
SIM2
SIM3
SIM4
1
21
22
SIM5
SIM1
SIM2
SIM3
SIM4
1
21
22
SIM5
SIM1
SIM2
SIM3
SIM4
1
21
22
SIM5
SIM1
SIM2
SIM3
SIM4
1
21
22
SIM5
SIM1
SIM2
SIM3
SIM4
1
21
22
SIM5
SIM1
SIM2
SIM3
SIM4
1
21
22
SIM5
SIM1
SIM2
SIM3
SIM4
1
21
22
SIM5
SIM1
SIM2
SIM3
SIM4
1
21
22
SIM5
SIM1
SIM2
SIM3
SIM4
1
21
22
SIM5
SIM1
SIM2
SIM3
SIM4
1
21
22
SIM5
SIM1
SIM2
SIM3
SIM4
1
21
22
SIM5
SIM1
SIM2
SIM3
SIM4
1
21
22
SIM5
SIM1
SIM2
SIM3
SIM4
1
21
22
SIM5
SIM1
SIM2
SIM3
SIM4
1
21
22
SIM5
SIM1
SIM2
SIM3
SIM4
1
21
22
SIM5
SIM1
SIM2
SIM3
SIM4
1
21
22
SIM5
SIM1
SIM2
SIM3
SIM4
1
21
22
SIM5
SIM1
SIM2
SIM3
SIM4
1
21
22
SIM5
SIM1
SIM2
SIM3
SIM4
1
21
22
SIM5
SIM1
SIM2
SIM3
SIM4
1
21
22
SIM5
SIM1
SIM2
SIM3
SIM4
1
21
22
SIM5
SIM1
SIM2
SIM3
SIM4
1
21
22
SIM5
SIM1
SIM2
SIM3
SIM4
1
21
22
SIM5
SIM1
SIM2
SIM3
SIM4
1
21
22
SIM5
SIM1
SIM2
SIM3
SIM4
1
21
22
SIM5
SIM1
SIM2
SIM3
SIM4
1
21
22
SIM5
SIM1
SIM2
SIM3
SIM4
1
21
22
SIM5
SIM1
SIM2
SIM3
SIM4
1
21
22
SIM5
SIM1
SIM2
SIM3
SIM4
1
21
22
SIM5
SIM1
SIM2
SIM3
SIM4
1
21
22
SIM5
SIM1
SIM2
SIM3
SIM4
1
21
22
SIM5
SIM1
SIM2
SIM3
SIM4
1
21
22
SIM5
SIM1
SIM2
SIM3
SIM4
1
21
22
SIM5
SIM1
SIM2
SIM3
SIM4
1
21
22
SIM5
SIM1
SIM2
SIM3
SIM4
1
21
22
SIM5
SIM1
SIM2
SIM3
SIM4
1
21
22
SIM5
SIM1
SIM2
SIM3
SIM4
1
21
22
SIM5
SIM1
SIM2
SIM3
SIM4
1
21
22
SIM5
SIM1
SIM2
SIM3
SIM4
1
21
22
SIM5
SIM1
SIM2
SIM3
SIM4
1
21
22
SIM5
SIM1
SIM2
SIM3
SIM4
1
21
22
SIM5
SIM1
SIM2
SIM3
SIM4
1
21
22
SIM5
SIM1
SIM2
SIM3
SIM4
1
21
22
SIM5
SIM1
SIM2
SIM3
SIM4
1
21
22
SIM5
SIM1
SIM2
SIM3
SIM4
1
21
22
SIM5
SIM1
SIM2
SIM3
SIM4
1
21
22
SIM5
SIM1
SIM2
SIM3
SIM4
1
21
22
SIM5
SIM1
SIM2
SIM3
SIM4
1
21
22
SIM5
SIM1
SIM2
SIM3
SIM4
1
21
22
SIM5
SIM1
SIM2
SIM3
SIM4
1
21
22
SIM5
SIM1
SIM2
SIM3
SIM4
1
21
22
SIM5
SIM1
SIM2
SIM3
SIM4
1
21
22
SIM5
SIM1
SIM2
SIM3
SIM4
1
21
22
SIM5
SIM1
SIM2
SIM3
SIM4
1
21
22
SIM5
SIM1
SIM2
SIM3
SIM4
1
21
22
SIM5
SIM1
SIM2
SIM3
SIM4
1
21
22
SIM5
SIM1
SIM2
SIM3
SIM4
1
21
22
SIM5
SIM1
SIM2
SIM3
SIM4
1
21
22
SIM5
SIM1
SIM2
SIM3
SIM4
1
21
22
SIM5
SIM1
SIM2
SIM3
SIM4
1
21
22
SIM5
SIM1
SIM2
SIM3
SIM4
1
21
22
SIM5
SIM1
SIM2
SIM3
SIM4
1
21
22
SIM5
SIM1
SIM2
SIM3
SIM4
1
21
22
SIM5
SIM1
SIM2
SIM3
SIM4
1
21
22
SIM5
SIM1
SIM2
SIM3
SIM4
1
21
22
SIM5
SIM1
SIM2
SIM3
SIM4
1
21
22
SIM5
SIM1
SIM2
SIM3
SIM4
1
21
22
SIM5
SIM1
SIM2
SIM3
SIM4
1
21
22
SIM5
SIM1
SIM2
SIM3
SIM4
1
21
22
SIM5
SIM1
SIM2
SIM3
SIM4
1
21
22
SIM5
SIM1
SIM2
SIM3
SIM4
1
21
22
SIM5
SIM1
SIM2
SIM3
SIM4
1
21
22
SIM5
SIM1
SIM2
SIM3
SIM4
1
21
22
SIM5
SIM1
SIM2
SIM3
SIM4
1
21
22
SIM5
SIM1
SIM2
SIM3
SIM4
1
21
22
SIM5
SIM1
SIM2
SIM3
SIM4
1
21
22
SIM5
SIM1
SIM2
SIM3
SIM4
1
21
22
SIM5
SIM1
SIM2
SIM3
SIM4
1
21
22
SIM5
SIM1
SIM2
SIM3
SIM4
1
21
22
SIM5
SIM1
SIM2
SIM3
SIM4
1
21
22
SIM5
SIM1
SIM2
SIM3
SIM4
1
21
22
SIM5
SIM1
SIM2
SIM3
SIM4
1
21
22
SIM5
SIM1
SIM2
SIM3
SIM4
1
21
22
SIM5
SIM1
SIM2
SIM3
SIM4
1
21
22
SIM5
SIM1
SIM2
SIM3
SIM4
1
21
22
SIM5
SIM1
SIM2
SIM3
SIM4
1
21
22
SIM5
SIM1
SIM2
SIM3
SIM4
1
21
22
SIM5
SIM1
SIM2
SIM3
SIM4
1
21
22
SIM5
SIM1
SIM2
SIM3
SIM4
1
21
22
SIM5
SIM1
SIM2
SIM3
SIM4
1
21
22
SIM5
SIM1
SIM2
SIM3
SIM4
1
21
22
SIM5
SIM1
SIM2
SIM3
SIM4
1
21
22
SIM5
SIM1
SIM2
SIM3
SIM4
1
21
22
SIM5
SIM1
SIM2
SIM3
SIM4
1
21
22
SIM5
SIM1
SIM2
SIM3
SIM4
1
21
22
SIM5
SIM1
SIM2
SIM3
SIM4
1
21
22
SIM5
SIM1
SIM2
SIM3
SIM4
1
21
22
SIM5
SIM1
SIM2
SIM3
SIM4
1
21
22
SIM5
SIM1
SIM2
SIM3
SIM4
1
21
22
SIM5
SIM1
SIM2
SIM3
SIM4
1
21
22
SIM5
SIM1
SIM2
SIM3
SIM4
1
21
22
SIM5
SIM1
SIM2
SIM3
SIM4
1
21
22
SIM5
SIM1
SIM2
SIM3
SIM4
1
21
22
SIM5
SIM1
SIM2
SIM3
SIM4
1
21
22
SIM5
SIM1
SIM2
SIM3
SIM4
1
21
22
SIM5
SIM1
SIM2
SIM3
SIM4
1
21
22
SIM5
SIM1
SIM2
SIM3
SIM4
1
21
22
SIM5
SIM1
SIM2
SIM3
SIM4
1
21
22
SIM5
SIM1
SIM2
SIM3
SIM4
1
21
22
SIM5
SIM1
SIM2
SIM3
SIM4
1
21
22
SIM5
SIM1
SIM2
SIM3
SIM4
1
21
22
SIM5
SIM1
SIM2
SIM3
SIM4
1
21
22
SIM5
SIM1
SIM2
SIM3
SIM4
1
21
22
SIM5
SIM1
SIM2
SIM3
SIM4
1
21
22
SIM5
SIM1
SIM2
SIM3
SIM4
1
21
22
SIM5
SIM1
SIM2
SIM3
SIM4
1
21
22
SIM5
SIM1
SIM2
DEBUG 1 780
SIM1
SIM2
SIM3
SIM4
1
21
22
SIM5
SIM1
SIM2
SIM3
SIM4
1
21
22
SIM5
SIM1
SIM2
SIM3
SIM4
1
21
22
SIM5
SIM1
SIM2
SIM3
SIM4
1
21
22
SIM5
SIM1
SIM2
SIM3
SIM4
1
21
22
SIM5
SIM1
SIM2
SIM3
SIM4
1
21
22
SIM5
SIM1
SIM2
SIM3
SIM4
1
21
22
SIM5
SIM1
SIM2
SIM3
SIM4
1
21
22
SIM5
SIM1
SIM2
SIM3
SIM4
1
21
22
SIM5
SIM1
SIM2
SIM3
SIM4
1
21
22
SIM5
SIM1
SIM2
SIM3
SIM4
1
21
22
SIM5
SIM1
SIM2
SIM3
SIM4
1
21
22
SIM5
SIM1
SIM2
SIM3
SIM4
1
21
22
SIM5
SIM1
SIM2
SIM3
SIM4
1
21
22
SIM5
SIM1
SIM2
SIM3
SIM4
1
21
22
SIM5
SIM1
SIM2
SIM3
SIM4
1
21
22
SIM5
SIM1
SIM2
SIM3
SIM4
1
21
22
SIM5
SIM1
SIM2
SIM3
SIM4
1
21
22
SIM5
SIM1
SIM2
SIM3
SIM4
1
21
22
SIM5
SIM1
SIM2
SIM3
SIM4
1
21
22
SIM5
SIM1
SIM2
SIM3
SIM4
1
21
22
SIM5
SIM1
SIM2
SIM3
SIM4
1
21
22
SIM5
SIM1
SIM2
SIM3
SIM4
1
21
22
SIM5
SIM1
SIM2
SIM3
SIM4
1
21
22
SIM5
SIM1
SIM2
SIM3
SIM4
1
21
22
SIM5
SIM1
SIM2
SIM3
SIM4
1
21
22
SIM5
SIM1
SIM2
SIM3
SIM4
1
21
22
SIM5
SIM1
SIM2
SIM3
SIM4
1
21
22
SIM5
SIM1
SIM2
SIM3
SIM4
1
21
22
SIM5
SIM1
SIM2
SIM3
SIM4
1
21
22
SIM5
SIM1
SIM2
SIM3
SIM4
1
21
22
SIM5
SIM1
SIM2
SIM3
SIM4
1
21
22
SIM5
SIM1
SIM2
SIM3
SIM4
1
21
22
SIM5
SIM1
SIM2
SIM3
SIM4
1
21
22
SIM5
SIM1
SIM2
SIM3
SIM4
1
21
22
SIM5
SIM1
SIM2
SIM3
SIM4
1
21
22
SIM5
SIM1
SIM2
SIM3
SIM4
1
21
22
SIM5
SIM1
SIM2
SIM3
SIM4
1
21
22
SIM5
SIM1
SIM2
SIM3
SIM4
1
21
22
SIM5
SIM1
SIM2
SIM3
SIM4
1
21
22
SIM5
SIM1
SIM2
SIM3
SIM4
1
21
22
SIM5
SIM1
SIM2
SIM3
SIM4
1
21
22
SIM5
SIM1
SIM2
SIM3
SIM4
1
21
22
SIM5
SIM1
SIM2
SIM3
SIM4
1
21
22
SIM5
SIM1
SIM2
SIM3
SIM4
1
21
22
SIM5
SIM1
SIM2
SIM3
SIM4
1
21
22
SIM5
SIM1
SIM2
SIM3
SIM4
1
21
22
SIM5
SIM1
SIM2
SIM3
SIM4
1
21
22
SIM5
SIM1
SIM2
SIM3
SIM4
1
21
22
SIM5
SIM1
SIM2
SIM3
SIM4
1
21
22
SIM5
SIM1
SIM2
SIM3
SIM4
1
21
22
SIM5
SIM1
SIM2
SIM3
SIM4
1
21
22
SIM5
SIM1
SIM2
SIM3
SIM4
1
21
22
SIM5
SIM1
SIM2
SIM3
SIM4
1
21
22
SIM5
SIM1
SIM2
SIM3
SIM4
1
21
22
SIM5
SIM1
SIM2
SIM3
SIM4
1
21
22
SIM5
SIM1
SIM2
SIM3
SIM4
1
21
22
SIM5
SIM1
SIM2
SIM3
SIM4
1
21
22
SIM5
SIM1
SIM2
SIM3
SIM4
1
21
22
SIM5
SIM1
SIM2
SIM3
SIM4
1
21
22
SIM5
SIM1
SIM2
SIM3
SIM4
1
21
22
SIM5
SIM1
SIM2
SIM3
SIM4
1
21
22
SIM5
SIM1
SIM2
SIM3
SIM4
1
21
22
SIM5
SIM1
SIM2
SIM3
SIM4
1
21
22
SIM5
SIM1
SIM2
SIM3
SIM4
1
21
22
SIM5
SIM1
SIM2
SIM3
SIM4
1
21
22
SIM5
SIM1
SIM2
SIM3
SIM4
1
21
22
SIM5
SIM1
SIM2
SIM3
SIM4
1
21
22
SIM5
SIM1
SIM2
SIM3
SIM4
1
21
22
SIM5
SIM1
SIM2
SIM3
SIM4
1
21
22
SIM5
SIM1
SIM2
SIM3
SIM4
1
21
22
SIM5
SIM1
SIM2
SIM3
SIM4
1
21
22
SIM5
SIM1
SIM2
SIM3
SIM4
1
21
22
SIM5
SIM1
SIM2
SIM3
SIM4
1
21
22
SIM5
SIM1
SIM2
SIM3
SIM4
1
21
22
SIM5
SIM1
SIM2
SIM3
SIM4
1
21
22
SIM5
SIM1
SIM2
SIM3
SIM4
1
21
22
SIM5
SIM1
SIM2
SIM3
SIM4
1
21
22
SIM5
SIM1
SIM2
SIM3
SIM4
1
21
22
SIM5
SIM1
SIM2
SIM3
SIM4
1
21
22
SIM5
SIM1
SIM2
SIM3
SIM4
1
21
22
SIM5
SIM1
SIM2
SIM3
SIM4
1
21
22
SIM5
SIM1
SIM2
SIM3
SIM4
1
21
22
SIM5
SIM1
SIM2
SIM3
SIM4
1
21
22
SIM5
SIM1
SIM2
SIM3
SIM4
1
21
22
SIM5
SIM1
SIM2
SIM3
SIM4
1
21
22
SIM5
SIM1
SIM2
SIM3
SIM4
1
21
22
SIM5
SIM1
SIM2
SIM3
SIM4
1
21
22
SIM5
SIM1
SIM2
SIM3
SIM4
1
21
22
SIM5
SIM1
SIM2
SIM3
SIM4
1
21
22
SIM5
SIM1
SIM2
SIM3
SIM4
1
21
22
SIM5
SIM1
SIM2
SIM3
SIM4
1
21
22
SIM5
SIM1
SIM2
SIM3
SIM4
1
21
22
SIM5
SIM1
SIM2
SIM3
SIM4
1
21
22
SIM5
SIM1
SIM2
SIM3
SIM4
1
21
22
SIM5
SIM1
SIM2
SIM3
SIM4
1
21
22
SIM5
SIM1
SIM2
SIM3
SIM4
1
21
22
SIM5
SIM1
SIM2
SIM3
SIM4
1
21
22
SIM5
SIM1
SIM2
SIM3
SIM4
1
21
22
SIM5
SIM1
SIM2
SIM3
SIM4
1
21
22
SIM5
SIM1
SIM2
SIM3
SIM4
1
21
22
SIM5
SIM1
SIM2
SIM3
SIM4
1
21
22
SIM5
SIM1
SIM2
SIM3
SIM4
1
21
22
SIM5
SIM1
SIM2
SIM3
SIM4
1
21
22
SIM5
SIM1
SIM2
SIM3
SIM4
1
21
22
SIM5
SIM1
SIM2
SIM3
SIM4
1
21
22
SIM5
SIM1
SIM2
SIM3
SIM4
1
21
22
SIM5
SIM1
SIM2
SIM3
SIM4
1
21
22
SIM5
SIM1
SIM2
SIM3
SIM4
1
21
22
SIM5
SIM1
SIM2
SIM3
SIM4
1
21
22
SIM5
SIM1
SIM2
SIM3
SIM4
1
21
22
SIM5
SIM1
SIM2
SIM3
SIM4
1
21
22
SIM5
SIM1
SIM2
SIM3
SIM4
1
21
22
SIM5
SIM1
SIM2
SIM3
SIM4
1
21
22
SIM5
SIM1
SIM2
SIM3
SIM4
1
21
22
SIM5
SIM1
SIM2
SIM3
SIM4
1
21
22
SIM5
SIM1
SIM2
SIM3
SIM4
1
21
22
SIM5
SIM1
SIM2
SIM3
SIM4
1
21
22
SIM5
SIM1
SIM2
SIM3
SIM4
1
21
22
SIM5
SIM1
SIM2
SIM3
SIM4
1
21
22
SIM5
SIM1
SIM2
SIM3
SIM4
1
21
22
SIM5
SIM1
SIM2
SIM3
SIM4
1
21
22
SIM5
SIM1
SIM2
SIM3
SIM4
1
21
22
SIM5
SIM1
SIM2
SIM3
SIM4
1
21
22
SIM5
SIM1
SIM2
SIM3
SIM4
1
21
22
SIM5
SIM1
SIM2
SIM3
SIM4
1
21
22
SIM5
SIM1
SIM2
SIM3
SIM4
1
21
22
SIM5
SIM1
SIM2
SIM3
SIM4
1
21
22
SIM5
SIM1
SIM2
SIM3
SIM4
1
21
22
SIM5
SIM1
SIM2
SIM3
SIM4
1
21
22
SIM5
SIM1
SIM2
SIM3
SIM4
1
21
22
SIM5
SIM1
SIM2
SIM3
SIM4
1
21
22
SIM5
SIM1
SIM2
SIM3
SIM4
1
21
22
SIM5
SIM1
SIM2
SIM3
SIM4
1
21
22
SIM5
SIM1
SIM2
SIM3
SIM4
1
21
22
SIM5
SIM1
SIM2
SIM3
SIM4
1
21
22
SIM5
SIM1
SIM2
SIM3
SIM4
1
21
22
SIM5
SIM1
SIM2
SIM3
SIM4
1
21
22
SIM5
SIM1
SIM2
SIM3
SIM4
1
21
22
SIM5
SIM1
SIM2
SIM3
SIM4
1
21
22
SIM5
SIM1
SIM2
SIM3
SIM4
1
21
22
SIM5
SIM1
SIM2
SIM3
SIM4
1
21
22
SIM5
SIM1
SIM2
SIM3
SIM4
1
21
22
SIM5
SIM1
SIM2
SIM3
SIM4
1
21
22
SIM5
SIM1
SIM2
SIM3
SIM4
1
21
22
SIM5
SIM1
SIM2
SIM3
SIM4
1
21
22
SIM5
SIM1
SIM2
SIM3
SIM4
1
21
22
SIM5
SIM1
SIM2
SIM3
SIM4
1
21
22
SIM5
SIM1
SIM2
SIM3
SIM4
1
21
22
SIM5
SIM1
SIM2
SIM3
SIM4
1
21
22
SIM5
SIM1
SIM2
SIM3
SIM4
1
21
22
SIM5
SIM1
SIM2
SIM3
SIM4
1
21
22
SIM5
SIM1
SIM2
SIM3
SIM4
1
21
22
SIM5
SIM1
SIM2
SIM3
SIM4
1
21
22
SIM5
SIM1
SIM2
SIM3
SIM4
1
21
22
SIM5
SIM1
SIM2
SIM3
SIM4
1
21
22
SIM5
SIM1
SIM2
SIM3
SIM4
1
21
22
SIM5
SIM1
SIM2
SIM3
SIM4
1
21
22
SIM5
SIM1
SIM2
SIM3
SIM4
1
21
22
SIM5
SIM1
SIM2
SIM3
SIM4
1
21
22
SIM5
SIM1
SIM2
SIM3
SIM4
1
21
22
SIM5
SIM1
SIM2
SIM3
SIM4
1
21
22
SIM5
SIM1
SIM2
SIM3
SIM4
1
21
22
SIM5
SIM1
SIM2
SIM3
SIM4
1
21
22
SIM5
SIM1
SIM2
SIM3
SIM4
1
21
22
SIM5
SIM1
SIM2
SIM3
SIM4
1
21
22
SIM5
SIM1
SIM2
SIM3
SIM4
1
21
22
SIM5
SIM1
SIM2
SIM3
SIM4
1
21
22
SIM5
SIM1
SIM2
SIM3
SIM4
1
21
22
SIM5
SIM1
SIM2
SIM3
SIM4
1
21
22
SIM5
SIM1
SIM2
SIM3
SIM4
1
21
22
SIM5
SIM1
SIM2
SIM3
SIM4
1
21
22
SIM5
SIM1
SIM2
SIM3
SIM4
1
21
22
SIM5
SIM1
SIM2
SIM3
SIM4
1
21
22
SIM5
SIM1
SIM2
SIM3
SIM4
1
21
22
SIM5
SIM1
SIM2
SIM3
SIM4
1
21
22
SIM5
SIM1
SIM2
SIM3
SIM4
1
21
22
SIM5
SIM1
SIM2
SIM3
SIM4
1
21
22
SIM5
SIM1
SIM2
SIM3
SIM4
1
21
22
SIM5
SIM1
SIM2
SIM3
SIM4
1
21
22
SIM5
SIM1
SIM2
SIM3
SIM4
1
21
22
SIM5
SIM1
SIM2
SIM3
SIM4
1
21
22
SIM5
SIM1
SIM2
SIM3
SIM4
1
21
22
SIM5
SIM1
SIM2
SIM3
SIM4
1
21
22
SIM5
SIM1
SIM2
SIM3
SIM4
1
21
22
SIM5
SIM1
SIM2
SIM3
SIM4
1
21
22
SIM5
SIM1
SIM2
SIM3
SIM4
1
21
22
SIM5
SIM1
SIM2
SIM3
SIM4
1
21
22
SIM5
SIM1
SIM2
SIM3
SIM4
1
21
22
SIM5
SIM1
SIM2
SIM3
SIM4
1
21
22
SIM5
SIM1
SIM2
SIM3
SIM4
1
21
22
SIM5
SIM1
SIM2
SIM3
SIM4
1
21
22
SIM5
SIM1
SIM2
SIM3
SIM4
1
21
22
SIM5
SIM1
SIM2
SIM3
SIM4
1
21
22
SIM5
SIM1
SIM2
SIM3
SIM4
1
21
22
SIM5
SIM1
SIM2
SIM3
SIM4
1
21
22
SIM5
SIM1
SIM2
SIM3
SIM4
1
21
22
SIM5
SIM1
SIM2
SIM3
SIM4
1
21
22
SIM5
SIM1
SIM2
SIM3
SIM4
1
21
22
SIM5
SIM1
SIM2
SIM3
SIM4
1
21
22
SIM5
SIM1
SIM2
SIM3
SIM4
1
21
22
SIM5
SIM1
SIM2
SIM3
SIM4
1
21
22
SIM5
SIM1
SIM2
SIM3
SIM4
1
21
22
SIM5
SIM1
SIM2
SIM3
SIM4
1
21
22
SIM5
SIM1
SIM2
SIM3
SIM4
1
21
22
SIM5
SIM1
SIM2
SIM3
SIM4
1
21
22
SIM5
SIM1
SIM2
SIM3
SIM4
1
21
22
SIM5
SIM1
SIM2
SIM3
SIM4
1
21
22
SIM5
SIM1
SIM2
SIM3
SIM4
1
21
22
SIM5
SIM1
SIM2
SIM3
SIM4
1
21
22
SIM5
SIM1
SIM2
SIM3
SIM4
1
21
22
SIM5
SIM1
SIM2
SIM3
SIM4
1
21
22
SIM5
SIM1
SIM2
SIM3
SIM4
1
21
22
SIM5
SIM1
SIM2
SIM3
SIM4
1
21
22
SIM5
SIM1
SIM2
SIM3
SIM4
1
21
22
SIM5
SIM1
SIM2
SIM3
SIM4
1
21
22
SIM5
SIM1
SIM2
SIM3
SIM4
1
21
22
SIM5
SIM1
SIM2
SIM3
SIM4
1
21
22
SIM5
SIM1
SIM2
SIM3
SIM4
1
21
22
SIM5
SIM1
SIM2
SIM3
SIM4
1
21
22
SIM5
SIM1
SIM2
SIM3
SIM4
1
21
22
SIM5
SIM1
SIM2
SIM3
SIM4
1
21
22
SIM5
SIM1
SIM2
SIM3
SIM4
1
21
22
SIM5
SIM1
SIM2
SIM3
SIM4
1
21
22
SIM5
SIM1
SIM2
SIM3
SIM4
1
21
22
SIM5
SIM1
SIM2
SIM3
SIM4
1
21
22
SIM5
SIM1
SIM2
SIM3
SIM4
1
21
22
SIM5
SIM1
SIM2
SIM3
SIM4
1
21
22
SIM5
SIM1
SIM2
SIM3
SIM4
1
21
22
SIM5
SIM1
SIM2
SIM3
SIM4
1
21
22
SIM5
SIM1
SIM2
SIM3
SIM4
1
21
22
SIM5
SIM1
SIM2
SIM3
SIM4
1
21
22
SIM5
SIM1
SIM2
SIM3
SIM4
1
21
22
SIM5
SIM1
SIM2
SIM3
SIM4
1
21
22
SIM5
SIM1
SIM2
SIM3
SIM4
1
21
22
SIM5
SIM1
SIM2
SIM3
SIM4
1
21
22
SIM5
SIM1
SIM2
SIM3
SIM4
1
21
22
SIM5
SIM1
SIM2
SIM3
SIM4
1
21
22
SIM5
SIM1
SIM2
SIM3
SIM4
1
21
22
SIM5
SIM1
SIM2
SIM3
SIM4
1
21
22
SIM5
SIM1
SIM2
DEBUG 1 781
SIM1
SIM2
SIM3
SIM4
1
21
22
SIM5
SIM1
SIM2
SIM3
SIM4
1
21
22
SIM5
SIM1
SIM2
SIM3
SIM4
1
21
22
SIM5
SIM1
SIM2
SIM3
SIM4
1
21
22
SIM5
SIM1
SIM2
SIM3
SIM4
1
21
22
SIM5
SIM1
SIM2
SIM3
SIM4
1
21
22
SIM5
SIM1
SIM2
SIM3
SIM4
1
21
22
SIM5
SIM1
SIM2
SIM3
SIM4
1
21
22
SIM5
SIM1
SIM2
SIM3
SIM4
1
21
22
SIM5
SIM1
SIM2
SIM3
SIM4
1
21
22
SIM5
SIM1
SIM2
SIM3
SIM4
1
21
22
SIM5
SIM1
SIM2
SIM3
SIM4
1
21
22
SIM5
SIM1
SIM2
SIM3
SIM4
1
21
22
SIM5
SIM1
SIM2
SIM3
SIM4
1
21
22
SIM5
SIM1
SIM2
SIM3
SIM4
1
21
22
SIM5
SIM1
SIM2
SIM3
SIM4
1
21
22
SIM5
SIM1
SIM2
SIM3
SIM4
1
21
22
SIM5
SIM1
SIM2
SIM3
SIM4
1
21
22
SIM5
SIM1
SIM2
SIM3
SIM4
1
21
22
SIM5
SIM1
SIM2
SIM3
SIM4
1
21
22
SIM5
SIM1
SIM2
SIM3
SIM4
1
21
22
SIM5
SIM1
SIM2
SIM3
SIM4
1
21
22
SIM5
SIM1
SIM2
SIM3
SIM4
1
21
22
SIM5
SIM1
SIM2
SIM3
SIM4
1
21
22
SIM5
SIM1
SIM2
SIM3
SIM4
1
21
22
SIM5
SIM1
SIM2
SIM3
SIM4
1
21
22
SIM5
SIM1
SIM2
SIM3
SIM4
1
21
22
SIM5
SIM1
SIM2
SIM3
SIM4
1
21
22
SIM5
SIM1
SIM2
SIM3
SIM4
1
21
22
SIM5
SIM1
SIM2
SIM3
SIM4
1
21
22
SIM5
SIM1
SIM2
SIM3
SIM4
1
21
22
SIM5
SIM1
SIM2
SIM3
SIM4
1
21
22
SIM5
SIM1
SIM2
SIM3
SIM4
1
21
22
SIM5
SIM1
SIM2
SIM3
SIM4
1
21
22
SIM5
SIM1
SIM2
SIM3
SIM4
1
21
22
SIM5
SIM1
SIM2
SIM3
SIM4
1
21
22
SIM5
SIM1
SIM2
SIM3
SIM4
1
21
22
SIM5
SIM1
SIM2
SIM3
SIM4
1
21
22
SIM5
SIM1
SIM2
SIM3
SIM4
1
21
22
SIM5
SIM1
SIM2
SIM3
SIM4
1
21
22
SIM5
SIM1
SIM2
SIM3
SIM4
1
21
22
SIM5
SIM1
SIM2
SIM3
SIM4
1
21
22
SIM5
SIM1
SIM2
SIM3
SIM4
1
21
22
SIM5
SIM1
SIM2
SIM3
SIM4
1
21
22
SIM5
SIM1
SIM2
SIM3
SIM4
1
21
22
SIM5
SIM1
SIM2
SIM3
SIM4
1
21
22
SIM5
SIM1
SIM2
SIM3
SIM4
1
21
22
SIM5
SIM1
SIM2
SIM3
SIM4
1
21
22
SIM5
SIM1
SIM2
SIM3
SIM4
1
21
22
SIM5
SIM1
SIM2
SIM3
SIM4
1
21
22
SIM5
SIM1
SIM2
SIM3
SIM4
1
21
22
SIM5
SIM1
SIM2
SIM3
SIM4
1
21
22
SIM5
SIM1
SIM2
SIM3
SIM4
1
21
22
SIM5
SIM1
SIM2
SIM3
SIM4
1
21
22
SIM5
SIM1
SIM2
SIM3
SIM4
1
21
22
SIM5
SIM1
SIM2
SIM3
SIM4
1
21
22
SIM5
SIM1
SIM2
SIM3
SIM4
1
21
22
SIM5
SIM1
SIM2
SIM3
SIM4
1
21
22
SIM5
SIM1
SIM2
SIM3
SIM4
1
21
22
SIM5
SIM1
SIM2
SIM3
SIM4
1
21
22
SIM5
SIM1
SIM2
SIM3
SIM4
1
21
22
SIM5
SIM1
SIM2
SIM3
SIM4
1
21
22
SIM5
SIM1
SIM2
SIM3
SIM4
1
21
22
SIM5
SIM1
SIM2
SIM3
SIM4
1
21
22
SIM5
SIM1
SIM2
SIM3
SIM4
1
21
22
SIM5
SIM1
SIM2
SIM3
SIM4
1
21
22
SIM5
SIM1
SIM2
SIM3
SIM4
1
21
22
SIM5
SIM1
SIM2
SIM3
SIM4
1
21
22
SIM5
SIM1
SIM2
SIM3
SIM4
1
21
22
SIM5
SIM1
SIM2
SIM3
SIM4
1
21
22
SIM5
SIM1
SIM2
SIM3
SIM4
1
21
22
SIM5
SIM1
SIM2
SIM3
SIM4
1
21
22
SIM5
SIM1
SIM2
SIM3
SIM4
1
21
22
SIM5
SIM1
SIM2
SIM3
SIM4
1
21
22
SIM5
SIM1
SIM2
SIM3
SIM4
1
21
22
SIM5
SIM1
SIM2
SIM3
SIM4
1
21
22
SIM5
SIM1
SIM2
SIM3
SIM4
1
21
22
SIM5
SIM1
SIM2
SIM3
SIM4
1
21
22
SIM5
SIM1
SIM2
SIM3
SIM4
1
21
22
SIM5
SIM1
SIM2
SIM3
SIM4
1
21
22
SIM5
SIM1
SIM2
SIM3
SIM4
1
21
22
SIM5
SIM1
SIM2
SIM3
SIM4
1
21
22
SIM5
SIM1
SIM2
SIM3
SIM4
1
21
22
SIM5
SIM1
SIM2
SIM3
SIM4
1
21
22
SIM5
SIM1
SIM2
SIM3
SIM4
1
21
22
SIM5
SIM1
SIM2
SIM3
SIM4
1
21
22
SIM5
SIM1
SIM2
SIM3
SIM4
1
21
22
SIM5
SIM1
SIM2
SIM3
SIM4
1
21
22
SIM5
SIM1
SIM2
SIM3
SIM4
1
21
22
SIM5
SIM1
SIM2
SIM3
SIM4
1
21
22
SIM5
SIM1
SIM2
SIM3
SIM4
1
21
22
SIM5
SIM1
SIM2
SIM3
SIM4
1
21
22
SIM5
SIM1
SIM2
SIM3
SIM4
1
21
22
SIM5
SIM1
SIM2
SIM3
SIM4
1
21
22
SIM5
SIM1
SIM2
SIM3
SIM4
1
21
22
SIM5
SIM1
SIM2
SIM3
SIM4
1
21
22
SIM5
SIM1
SIM2
SIM3
SIM4
1
21
22
SIM5
SIM1
SIM2
SIM3
SIM4
1
21
22
SIM5
SIM1
SIM2
SIM3
SIM4
1
21
22
SIM5
SIM1
SIM2
SIM3
SIM4
1
21
22
SIM5
SIM1
SIM2
SIM3
SIM4
1
21
22
SIM5
SIM1
SIM2
SIM3
SIM4
1
21
22
SIM5
SIM1
SIM2
SIM3
SIM4
1
21
22
SIM5
SIM1
SIM2
SIM3
SIM4
1
21
22
SIM5
SIM1
SIM2
SIM3
SIM4
1
21
22
SIM5
SIM1
SIM2
SIM3
SIM4
1
21
22
SIM5
SIM1
SIM2
SIM3
SIM4
1
21
22
SIM5
SIM1
SIM2
SIM3
SIM4
1
21
22
SIM5
SIM1
SIM2
SIM3
SIM4
1
21
22
SIM5
SIM1
SIM2
SIM3
SIM4
1
21
22
SIM5
SIM1
SIM2
SIM3
SIM4
1
21
22
SIM5
SIM1
SIM2
SIM3
SIM4
1
21
22
SIM5
SIM1
SIM2
SIM3
SIM4
1
21
22
SIM5
SIM1
SIM2
SIM3
SIM4
1
21
22
SIM5
SIM1
SIM2
SIM3
SIM4
1
21
22
SIM5
SIM1
SIM2
SIM3
SIM4
1
21
22
SIM5
SIM1
SIM2
SIM3
SIM4
1
21
22
SIM5
SIM1
SIM2
SIM3
SIM4
1
21
22
SIM5
SIM1
SIM2
SIM3
SIM4
1
21
22
SIM5
SIM1
SIM2
SIM3
SIM4
1
21
22
SIM5
SIM1
SIM2
SIM3
SIM4
1
21
22
SIM5
SIM1
SIM2
SIM3
SIM4
1
21
22
SIM5
SIM1
SIM2
SIM3
SIM4
1
21
22
SIM5
SIM1
SIM2
SIM3
SIM4
1
21
22
SIM5
SIM1
SIM2
SIM3
SIM4
1
21
22
SIM5
SIM1
SIM2
SIM3
SIM4
1
21
22
SIM5
SIM1
SIM2
SIM3
SIM4
1
21
22
SIM5
SIM1
SIM2
SIM3
SIM4
1
21
22
SIM5
SIM1
SIM2
SIM3
SIM4
1
21
22
SIM5
SIM1
SIM2
SIM3
SIM4
1
21
22
SIM5
SIM1
SIM2
SIM3
SIM4
1
21
22
SIM5
SIM1
SIM2
SIM3
SIM4
1
21
22
SIM5
SIM1
SIM2
SIM3
SIM4
1
21
22
SIM5
SIM1
SIM2
SIM3
SIM4
1
21
22
SIM5
SIM1
SIM2
SIM3
SIM4
1
21
22
SIM5
SIM1
SIM2
SIM3
SIM4
1
21
22
SIM5
SIM1
SIM2
SIM3
SIM4
1
21
22
SIM5
SIM1
SIM2
SIM3
SIM4
1
21
22
SIM5
SIM1
SIM2
SIM3
SIM4
1
21
22
SIM5
SIM1
SIM2
SIM3
SIM4
1
21
22
SIM5
SIM1
SIM2
SIM3
SIM4
1
21
22
SIM5
SIM1
SIM2
SIM3
SIM4
1
21
22
SIM5
SIM1
SIM2
SIM3
SIM4
1
21
22
SIM5
SIM1
SIM2
SIM3
SIM4
1
21
22
SIM5
SIM1
SIM2
SIM3
SIM4
1
21
22
SIM5
SIM1
SIM2
SIM3
SIM4
1
21
22
SIM5
SIM1
SIM2
SIM3
SIM4
1
21
22
SIM5
SIM1
SIM2
SIM3
SIM4
1
21
22
SIM5
SIM1
SIM2
SIM3
SIM4
1
21
22
SIM5
SIM1
SIM2
SIM3
SIM4
1
21
22
SIM5
SIM1
SIM2
SIM3
SIM4
1
21
22
SIM5
SIM1
SIM2
SIM3
SIM4
1
21
22
SIM5
SIM1
SIM2
SIM3
SIM4
1
21
22
SIM5
SIM1
SIM2
SIM3
SIM4
1
21
22
SIM5
SIM1
SIM2
SIM3
SIM4
1
21
22
SIM5
SIM1
SIM2
SIM3
SIM4
1
21
22
SIM5
SIM1
SIM2
SIM3
SIM4
1
21
22
SIM5
SIM1
SIM2
SIM3
SIM4
1
21
22
SIM5
SIM1
SIM2
SIM3
SIM4
1
21
22
SIM5
SIM1
SIM2
DEBUG 1 782
SIM1
SIM2
SIM3
SIM4
1
21
22
SIM5
SIM1
SIM2
SIM3
SIM4
1
21
22
SIM5
SIM1
SIM2
SIM3
SIM4
1
21
22
SIM5
SIM1
SIM2
SIM3
SIM4
1
21
22
SIM5
SIM1
SIM2
SIM3
SIM4
1
21
22
SIM5
SIM1
SIM2
SIM3
SIM4
1
21
22
SIM5
SIM1
SIM2
SIM3
SIM4
1
21
22
SIM5
SIM1
SIM2
SIM3
SIM4
1
21
22
SIM5
SIM1
SIM2
SIM3
SIM4
1
21
22
SIM5
SIM1
SIM2
SIM3
SIM4
1
21
22
SIM5
SIM1
SIM2
SIM3
SIM4
1
21
22
SIM5
SIM1
SIM2
SIM3
SIM4
1
21
22
SIM5
SIM1
SIM2
SIM3
SIM4
1
21
22
SIM5
SIM1
SIM2
SIM3
SIM4
1
21
22
SIM5
SIM1
SIM2
SIM3
SIM4
1
21
22
SIM5
SIM1
SIM2
SIM3
SIM4
1
21
22
SIM5
SIM1
SIM2
SIM3
SIM4
1
21
22
SIM5
SIM1
SIM2
SIM3
SIM4
1
21
22
SIM5
SIM1
SIM2
SIM3
SIM4
1
21
22
SIM5
SIM1
SIM2
SIM3
SIM4
1
21
22
SIM5
SIM1
SIM2
SIM3
SIM4
1
21
22
SIM5
SIM1
SIM2
SIM3
SIM4
1
21
22
SIM5
SIM1
SIM2
SIM3
SIM4
1
21
22
SIM5
SIM1
SIM2
SIM3
SIM4
1
21
22
SIM5
SIM1
SIM2
SIM3
SIM4
1
21
22
SIM5
SIM1
SIM2
SIM3
SIM4
1
21
22
SIM5
SIM1
SIM2
SIM3
SIM4
1
21
22
SIM5
SIM1
SIM2
SIM3
SIM4
1
21
22
SIM5
SIM1
SIM2
SIM3
SIM4
1
21
22
SIM5
SIM1
SIM2
SIM3
SIM4
1
21
22
SIM5
SIM1
SIM2
SIM3
SIM4
1
21
22
SIM5
SIM1
SIM2
SIM3
SIM4
1
21
22
SIM5
SIM1
SIM2
SIM3
SIM4
1
21
22
SIM5
SIM1
SIM2
SIM3
SIM4
1
21
22
SIM5
SIM1
SIM2
SIM3
SIM4
1
21
22
SIM5
SIM1
SIM2
SIM3
SIM4
1
21
22
SIM5
SIM1
SIM2
SIM3
SIM4
1
21
22
SIM5
SIM1
SIM2
SIM3
SIM4
1
21
22
SIM5
SIM1
SIM2
SIM3
SIM4
1
21
22
SIM5
SIM1
SIM2
SIM3
SIM4
1
21
22
SIM5
SIM1
SIM2
SIM3
SIM4
1
21
22
SIM5
SIM1
SIM2
SIM3
SIM4
1
21
22
SIM5
SIM1
SIM2
SIM3
SIM4
1
21
22
SIM5
SIM1
SIM2
SIM3
SIM4
1
21
22
SIM5
SIM1
SIM2
SIM3
SIM4
1
21
22
SIM5
SIM1
SIM2
SIM3
SIM4
1
21
22
SIM5
SIM1
SIM2
SIM3
SIM4
1
21
22
SIM5
SIM1
SIM2
SIM3
SIM4
1
21
22
SIM5
SIM1
SIM2
SIM3
SIM4
1
21
22
SIM5
SIM1
SIM2
SIM3
SIM4
1
21
22
SIM5
SIM1
SIM2
SIM3
SIM4
1
21
22
SIM5
SIM1
SIM2
SIM3
SIM4
1
21
22
SIM5
SIM1
SIM2
SIM3
SIM4
1
21
22
SIM5
SIM1
SIM2
SIM3
SIM4
1
21
22
SIM5
SIM1
SIM2
SIM3
SIM4
1
21
22
SIM5
SIM1
SIM2
SIM3
SIM4
1
21
22
SIM5
SIM1
SIM2
SIM3
SIM4
1
21
22
SIM5
SIM1
SIM2
SIM3
SIM4
1
21
22
SIM5
SIM1
SIM2
SIM3
SIM4
1
21
22
SIM5
SIM1
SIM2
SIM3
SIM4
1
21
22
SIM5
SIM1
SIM2
SIM3
SIM4
1
21
22
SIM5
SIM1
SIM2
SIM3
SIM4
1
21
22
SIM5
SIM1
SIM2
SIM3
SIM4
1
21
22
SIM5
SIM1
SIM2
SIM3
SIM4
1
21
22
SIM5
SIM1
SIM2
SIM3
SIM4
1
21
22
SIM5
SIM1
SIM2
SIM3
SIM4
1
21
22
SIM5
SIM1
SIM2
SIM3
SIM4
1
21
22
SIM5
SIM1
SIM2
SIM3
SIM4
1
21
22
SIM5
SIM1
SIM2
SIM3
SIM4
1
21
22
SIM5
SIM1
SIM2
SIM3
SIM4
1
21
22
SIM5
SIM1
SIM2
SIM3
SIM4
1
21
22
SIM5
SIM1
SIM2
SIM3
SIM4
1
21
22
SIM5
SIM1
SIM2
SIM3
SIM4
1
21
22
SIM5
SIM1
SIM2
SIM3
SIM4
1
21
22
SIM5
SIM1
SIM2
SIM3
SIM4
1
21
22
SIM5
SIM1
SIM2
SIM3
SIM4
1
21
22
SIM5
SIM1
SIM2
SIM3
SIM4
1
21
22
SIM5
SIM1
SIM2
SIM3
SIM4
1
21
22
SIM5
SIM1
SIM2
SIM3
SIM4
1
21
22
SIM5
SIM1
SIM2
SIM3
SIM4
1
21
22
SIM5
SIM1
SIM2
SIM3
SIM4
1
21
22
SIM5
SIM1
SIM2
SIM3
SIM4
1
21
22
SIM5
SIM1
SIM2
SIM3
SIM4
1
21
22
SIM5
SIM1
SIM2
SIM3
SIM4
1
21
22
SIM5
SIM1
SIM2
SIM3
SIM4
1
21
22
SIM5
SIM1
SIM2
SIM3
SIM4
1
21
22
SIM5
SIM1
SIM2
SIM3
SIM4
1
21
22
SIM5
SIM1
SIM2
SIM3
SIM4
1
21
22
SIM5
SIM1
SIM2
SIM3
SIM4
1
21
22
SIM5
SIM1
SIM2
SIM3
SIM4
1
21
22
SIM5
SIM1
SIM2
SIM3
SIM4
1
21
22
SIM5
SIM1
SIM2
SIM3
SIM4
1
21
22
SIM5
SIM1
SIM2
SIM3
SIM4
1
21
22
SIM5
SIM1
SIM2
SIM3
SIM4
1
21
22
SIM5
SIM1
SIM2
SIM3
SIM4
1
21
22
SIM5
SIM1
SIM2
SIM3
SIM4
1
21
22
SIM5
SIM1
SIM2
SIM3
SIM4
1
21
22
SIM5
SIM1
SIM2
SIM3
SIM4
1
21
22
SIM5
SIM1
SIM2
SIM3
SIM4
1
21
22
SIM5
SIM1
SIM2
SIM3
SIM4
1
21
22
SIM5
SIM1
SIM2
SIM3
SIM4
1
21
22
SIM5
SIM1
SIM2
SIM3
SIM4
1
21
22
SIM5
SIM1
SIM2
SIM3
SIM4
1
21
22
SIM5
SIM1
SIM2
SIM3
SIM4
1
21
22
SIM5
SIM1
SIM2
SIM3
SIM4
1
21
22
SIM5
SIM1
SIM2
SIM3
SIM4
1
21
22
SIM5
SIM1
SIM2
SIM3
SIM4
1
21
22
SIM5
SIM1
SIM2
SIM3
SIM4
1
21
22
SIM5
SIM1
SIM2
SIM3
SIM4
1
21
22
SIM5
SIM1
SIM2
SIM3
SIM4
1
21
22
SIM5
SIM1
SIM2
SIM3
SIM4
1
21
22
SIM5
SIM1
SIM2
SIM3
SIM4
1
21
22
SIM5
SIM1
SIM2
SIM3
SIM4
1
21
22
SIM5
SIM1
SIM2
SIM3
SIM4
1
21
22
SIM5
SIM1
SIM2
SIM3
SIM4
1
21
22
SIM5
SIM1
SIM2
SIM3
SIM4
1
21
22
SIM5
SIM1
SIM2
SIM3
SIM4
1
21
22
SIM5
SIM1
SIM2
SIM3
SIM4
1
21
22
SIM5
SIM1
SIM2
SIM3
SIM4
1
21
22
SIM5
SIM1
SIM2
SIM3
SIM4
1
21
22
SIM5
SIM1
SIM2
SIM3
SIM4
1
21
22
SIM5
SIM1
SIM2
SIM3
SIM4
1
21
22
SIM5
SIM1
SIM2
SIM3
SIM4
1
21
22
SIM5
SIM1
SIM2
SIM3
SIM4
1
21
22
SIM5
SIM1
SIM2
SIM3
SIM4
1
21
22
SIM5
SIM1
SIM2
SIM3
SIM4
1
21
22
SIM5
SIM1
SIM2
SIM3
SIM4
1
21
22
SIM5
SIM1
SIM2
SIM3
SIM4
1
21
22
SIM5
SIM1
SIM2
SIM3
SIM4
1
21
22
SIM5
SIM1
SIM2
SIM3
SIM4
1
21
22
SIM5
SIM1
SIM2
SIM3
SIM4
1
21
22
SIM5
SIM1
SIM2
SIM3
SIM4
1
21
22
SIM5
SIM1
SIM2
SIM3
SIM4
1
21
22
SIM5
SIM1
SIM2
SIM3
SIM4
1
21
22
SIM5
SIM1
SIM2
SIM3
SIM4
1
21
22
SIM5
SIM1
SIM2
SIM3
SIM4
1
21
22
SIM5
SIM1
SIM2
SIM3
SIM4
1
21
22
SIM5
SIM1
SIM2
SIM3
SIM4
1
21
22
SIM5
SIM1
SIM2
SIM3
SIM4
1
21
22
SIM5
SIM1
SIM2
SIM3
SIM4
1
21
22
SIM5
SIM1
SIM2
SIM3
SIM4
1
21
22
SIM5
SIM1
SIM2
SIM3
SIM4
1
21
22
SIM5
SIM1
SIM2
SIM3
SIM4
1
21
22
SIM5
SIM1
SIM2
SIM3
SIM4
1
21
22
SIM5
SIM1
SIM2
SIM3
SIM4
1
21
22
SIM5
SIM1
SIM2
SIM3
SIM4
1
21
22
SIM5
SIM1
SIM2
SIM3
SIM4
1
21
22
SIM5
SIM1
SIM2
SIM3
SIM4
1
21
22
SIM5
SIM1
SIM2
SIM3
SIM4
1
21
22
SIM5
SIM1
SIM2
SIM3
SIM4
1
21
22
SIM5
SIM1
SIM2
SIM3
SIM4
1
21
22
SIM5
SIM1
SIM2
SIM3
SIM4
1
21
22
SIM5
SIM1
SIM2
SIM3
SIM4
1
21
22
SIM5
SIM1
SIM2
SIM3
SIM4
1
21
22
SIM5
SIM1
SIM2
SIM3
SIM4
1
21
22
SIM5
SIM1
SIM2
SIM3
SIM4
1
21
22
SIM5
SIM1
SIM2
SIM3
SIM4
1
21
22
SIM5
SIM1
SIM2
SIM3
SIM4
1
21
22
SIM5
SIM1
SIM2
SIM3
SIM4
1
21
22
SIM5
SIM1
SIM2
SIM3
SIM4
1
21
22
SIM5
SIM1
SIM2
SIM3
SIM4
1
21
22
SIM5
SIM1
SIM2
SIM3
SIM4
1
21
22
SIM5
SIM1
SIM2
SIM3
SIM4
1
21
22
SIM5
SIM1
SIM2
SIM3
SIM4
1
21
22
SIM5
SIM1
SIM2
SIM3
SIM4
1
21
22
SIM5
SIM1
SIM2
DEBUG 1 783
SIM1
SIM2
SIM3
SIM4
1
21
22
SIM5
SIM1
SIM2
SIM3
SIM4
1
21
22
SIM5
SIM1
SIM2
SIM3
SIM4
1
21
22
SIM5
SIM1
SIM2
SIM3
SIM4
1
21
22
SIM5
SIM1
SIM2
SIM3
SIM4
1
21
22
SIM5
SIM1
SIM2
SIM3
SIM4
1
21
22
SIM5
SIM1
SIM2
SIM3
SIM4
1
21
22
SIM5
SIM1
SIM2
SIM3
SIM4
1
21
22
SIM5
SIM1
SIM2
SIM3
SIM4
1
21
22
SIM5
SIM1
SIM2
SIM3
SIM4
1
21
22
SIM5
SIM1
SIM2
SIM3
SIM4
1
21
22
SIM5
SIM1
SIM2
SIM3
SIM4
1
21
22
SIM5
SIM1
SIM2
SIM3
SIM4
1
21
22
SIM5
SIM1
SIM2
SIM3
SIM4
1
21
22
SIM5
SIM1
SIM2
SIM3
SIM4
1
21
22
SIM5
SIM1
SIM2
SIM3
SIM4
1
21
22
SIM5
SIM1
SIM2
SIM3
SIM4
1
21
22
SIM5
SIM1
SIM2
SIM3
SIM4
1
21
22
SIM5
SIM1
SIM2
SIM3
SIM4
1
21
22
SIM5
SIM1
SIM2
SIM3
SIM4
1
21
22
SIM5
SIM1
SIM2
SIM3
SIM4
1
21
22
SIM5
SIM1
SIM2
SIM3
SIM4
1
21
22
SIM5
SIM1
SIM2
SIM3
SIM4
1
21
22
SIM5
SIM1
SIM2
SIM3
SIM4
1
21
22
SIM5
SIM1
SIM2
SIM3
SIM4
1
21
22
SIM5
SIM1
SIM2
SIM3
SIM4
1
21
22
SIM5
SIM1
SIM2
SIM3
SIM4
1
21
22
SIM5
SIM1
SIM2
SIM3
SIM4
1
21
22
SIM5
SIM1
SIM2
SIM3
SIM4
1
21
22
SIM5
SIM1
SIM2
SIM3
SIM4
1
21
22
SIM5
SIM1
SIM2
SIM3
SIM4
1
21
22
SIM5
SIM1
SIM2
SIM3
SIM4
1
21
22
SIM5
SIM1
SIM2
SIM3
SIM4
1
21
22
SIM5
SIM1
SIM2
SIM3
SIM4
1
21
22
SIM5
SIM1
SIM2
SIM3
SIM4
1
21
22
SIM5
SIM1
SIM2
SIM3
SIM4
1
21
22
SIM5
SIM1
SIM2
SIM3
SIM4
1
21
22
SIM5
SIM1
SIM2
SIM3
SIM4
1
21
22
SIM5
SIM1
SIM2
SIM3
SIM4
1
21
22
SIM5
SIM1
SIM2
SIM3
SIM4
1
21
22
SIM5
SIM1
SIM2
SIM3
SIM4
1
21
22
SIM5
SIM1
SIM2
SIM3
SIM4
1
21
22
SIM5
SIM1
SIM2
SIM3
SIM4
1
21
22
SIM5
SIM1
SIM2
SIM3
SIM4
1
21
22
SIM5
SIM1
SIM2
SIM3
SIM4
1
21
22
SIM5
SIM1
SIM2
SIM3
SIM4
1
21
22
SIM5
SIM1
SIM2
SIM3
SIM4
1
21
22
SIM5
SIM1
SIM2
SIM3
SIM4
1
21
22
SIM5
SIM1
SIM2
SIM3
SIM4
1
21
22
SIM5
SIM1
SIM2
SIM3
SIM4
1
21
22
SIM5
SIM1
SIM2
SIM3
SIM4
1
21
22
SIM5
SIM1
SIM2
SIM3
SIM4
1
21
22
SIM5
SIM1
SIM2
SIM3
SIM4
1
21
22
SIM5
SIM1
SIM2
SIM3
SIM4
1
21
22
SIM5
SIM1
SIM2
SIM3
SIM4
1
21
22
SIM5
SIM1
SIM2
SIM3
SIM4
1
21
22
SIM5
SIM1
SIM2
SIM3
SIM4
1
21
22
SIM5
SIM1
SIM2
SIM3
SIM4
1
21
22
SIM5
SIM1
SIM2
SIM3
SIM4
1
21
22
SIM5
SIM1
SIM2
SIM3
SIM4
1
21
22
SIM5
SIM1
SIM2
SIM3
SIM4
1
21
22
SIM5
SIM1
SIM2
SIM3
SIM4
1
21
22
SIM5
SIM1
SIM2
SIM3
SIM4
1
21
22
SIM5
SIM1
SIM2
SIM3
SIM4
1
21
22
SIM5
SIM1
SIM2
SIM3
SIM4
1
21
22
SIM5
SIM1
SIM2
SIM3
SIM4
1
21
22
SIM5
SIM1
SIM2
SIM3
SIM4
1
21
22
SIM5
SIM1
SIM2
SIM3
SIM4
1
21
22
SIM5
SIM1
SIM2
SIM3
SIM4
1
21
22
SIM5
SIM1
SIM2
SIM3
SIM4
1
21
22
SIM5
SIM1
SIM2
SIM3
SIM4
1
21
22
SIM5
SIM1
SIM2
SIM3
SIM4
1
21
22
SIM5
SIM1
SIM2
SIM3
SIM4
1
21
22
SIM5
SIM1
SIM2
SIM3
SIM4
1
21
22
SIM5
SIM1
SIM2
SIM3
SIM4
1
21
22
SIM5
SIM1
SIM2
SIM3
SIM4
1
21
22
SIM5
SIM1
SIM2
SIM3
SIM4
1
21
22
SIM5
SIM1
SIM2
SIM3
SIM4
1
21
22
SIM5
SIM1
SIM2
SIM3
SIM4
1
21
22
SIM5
SIM1
SIM2
SIM3
SIM4
1
21
22
SIM5
SIM1
SIM2
SIM3
SIM4
1
21
22
SIM5
SIM1
SIM2
SIM3
SIM4
1
21
22
SIM5
SIM1
SIM2
SIM3
SIM4
1
21
22
SIM5
SIM1
SIM2
SIM3
SIM4
1
21
22
SIM5
SIM1
SIM2
SIM3
SIM4
1
21
22
SIM5
SIM1
SIM2
SIM3
SIM4
1
21
22
SIM5
SIM1
SIM2
SIM3
SIM4
1
21
22
SIM5
SIM1
SIM2
SIM3
SIM4
1
21
22
SIM5
SIM1
SIM2
SIM3
SIM4
1
21
22
SIM5
SIM1
SIM2
SIM3
SIM4
1
21
22
SIM5
SIM1
SIM2
SIM3
SIM4
1
21
22
SIM5
SIM1
SIM2
SIM3
SIM4
1
21
22
SIM5
SIM1
SIM2
SIM3
SIM4
1
21
22
SIM5
SIM1
SIM2
SIM3
SIM4
1
21
22
SIM5
SIM1
SIM2
SIM3
SIM4
1
21
22
SIM5
SIM1
SIM2
SIM3
SIM4
1
21
22
SIM5
SIM1
SIM2
SIM3
SIM4
1
21
22
SIM5
SIM1
SIM2
SIM3
SIM4
1
21
22
SIM5
SIM1
SIM2
SIM3
SIM4
1
21
22
SIM5
SIM1
SIM2
SIM3
SIM4
1
21
22
SIM5
SIM1
SIM2
SIM3
SIM4
1
21
22
SIM5
SIM1
SIM2
SIM3
SIM4
1
21
22
SIM5
SIM1
SIM2
SIM3
SIM4
1
21
22
SIM5
SIM1
SIM2
SIM3
SIM4
1
21
22
SIM5
SIM1
SIM2
SIM3
SIM4
1
21
22
SIM5
SIM1
SIM2
SIM3
SIM4
1
21
22
SIM5
SIM1
SIM2
SIM3
SIM4
1
21
22
SIM5
SIM1
SIM2
SIM3
SIM4
1
21
22
SIM5
SIM1
SIM2
SIM3
SIM4
1
21
22
SIM5
SIM1
SIM2
SIM3
SIM4
1
21
22
SIM5
SIM1
SIM2
SIM3
SIM4
1
21
22
SIM5
SIM1
SIM2
SIM3
SIM4
1
21
22
SIM5
SIM1
SIM2
SIM3
SIM4
1
21
22
SIM5
SIM1
SIM2
SIM3
SIM4
1
21
22
SIM5
SIM1
SIM2
SIM3
SIM4
1
21
22
SIM5
SIM1
SIM2
SIM3
SIM4
1
21
22
SIM5
SIM1
SIM2
SIM3
SIM4
1
21
22
SIM5
SIM1
SIM2
SIM3
SIM4
1
21
22
SIM5
SIM1
SIM2
SIM3
SIM4
1
21
22
SIM5
SIM1
SIM2
SIM3
SIM4
1
21
22
SIM5
SIM1
SIM2
SIM3
SIM4
1
21
22
SIM5
SIM1
SIM2
SIM3
SIM4
1
21
22
SIM5
SIM1
SIM2
SIM3
SIM4
1
21
22
SIM5
SIM1
SIM2
SIM3
SIM4
1
21
22
SIM5
SIM1
SIM2
SIM3
SIM4
1
21
22
SIM5
SIM1
SIM2
SIM3
SIM4
1
21
22
SIM5
SIM1
SIM2
SIM3
SIM4
1
21
22
SIM5
SIM1
SIM2
SIM3
SIM4
1
21
22
SIM5
SIM1
SIM2
SIM3
SIM4
1
21
22
SIM5
SIM1
SIM2
SIM3
SIM4
1
21
22
SIM5
SIM1
SIM2
SIM3
SIM4
1
21
22
SIM5
SIM1
SIM2
SIM3
SIM4
1
21
22
SIM5
SIM1
SIM2
SIM3
SIM4
1
21
22
SIM5
SIM1
SIM2
SIM3
SIM4
1
21
22
SIM5
SIM1
SIM2
SIM3
SIM4
1
21
22
SIM5
SIM1
SIM2
SIM3
SIM4
1
21
22
SIM5
SIM1
SIM2
SIM3
SIM4
1
21
22
SIM5
SIM1
SIM2
SIM3
SIM4
1
21
22
SIM5
SIM1
SIM2
SIM3
SIM4
1
21
22
SIM5
SIM1
SIM2
SIM3
SIM4
1
21
22
SIM5
SIM1
SIM2
SIM3
SIM4
1
21
22
SIM5
SIM1
SIM2
SIM3
SIM4
1
21
22
SIM5
SIM1
SIM2
SIM3
SIM4
1
21
22
SIM5
SIM1
SIM2
SIM3
SIM4
1
21
22
SIM5
SIM1
SIM2
SIM3
SIM4
1
21
22
SIM5
SIM1
SIM2
SIM3
SIM4
1
21
22
SIM5
SIM1
SIM2
SIM3
SIM4
1
21
22
SIM5
SIM1
SIM2
SIM3
SIM4
1
21
22
SIM5
SIM1
SIM2
SIM3
SIM4
1
21
22
SIM5
SIM1
SIM2
SIM3
SIM4
1
21
22
SIM5
SIM1
SIM2
SIM3
SIM4
1
21
22
SIM5
SIM1
SIM2
SIM3
SIM4
1
21
22
SIM5
SIM1
SIM2
SIM3
SIM4
1
21
22
SIM5
SIM1
SIM2
SIM3
SIM4
1
21
22
SIM5
SIM1
SIM2
SIM3
SIM4
1
21
22
SIM5
SIM1
SIM2
SIM3
SIM4
1
21
22
SIM5
SIM1
SIM2
SIM3
SIM4
1
21
22
SIM5
SIM1
SIM2
SIM3
SIM4
1
21
22
SIM5
SIM1
SIM2
SIM3
SIM4
1
21
22
SIM5
SIM1
SIM2
SIM3
SIM4
1
21
22
SIM5
SIM1
SIM2
SIM3
SIM4
1
21
22
SIM5
SIM1
SIM2
SIM3
SIM4
1
21
22
SIM5
SIM1
SIM2
SIM3
SIM4
1
21
22
SIM5
SIM1
SIM2
SIM3
SIM4
1
21
22
SIM5
SIM1
SIM2
SIM3
SIM4
1
21
22
SIM5
SIM1
SIM2
SIM3
SIM4
1
21
22
SIM5
SIM1
SIM2
SIM3
SIM4
1
21
22
SIM5
SIM1
SIM2
SIM3
SIM4
1
21
22
SIM5
SIM1
SIM2
SIM3
SIM4
1
21
22
SIM5
SIM1
SIM2
SIM3
SIM4
1
21
22
SIM5
SIM1
SIM2
SIM3
SIM4
1
21
22
SIM5
SIM1
SIM2
SIM3
SIM4
1
21
22
SIM5
SIM1
SIM2
SIM3
SIM4
1
21
22
SIM5
SIM1
SIM2
DEBUG 1 784
SIM1
SIM2
SIM3
SIM4
1
21
22
SIM5
SIM1
SIM2
SIM3
SIM4
1
21
22
SIM5
SIM1
SIM2
SIM3
SIM4
1
21
22
SIM5
SIM1
SIM2
SIM3
SIM4
1
21
22
SIM5
SIM1
SIM2
SIM3
SIM4
1
21
22
SIM5
SIM1
SIM2
SIM3
SIM4
1
21
22
SIM5
SIM1
SIM2
SIM3
SIM4
1
21
22
SIM5
SIM1
SIM2
SIM3
SIM4
1
21
22
SIM5
SIM1
SIM2
SIM3
SIM4
1
21
22
SIM5
SIM1
SIM2
SIM3
SIM4
1
21
22
SIM5
SIM1
SIM2
SIM3
SIM4
1
21
22
SIM5
SIM1
SIM2
SIM3
SIM4
1
21
22
SIM5
SIM1
SIM2
SIM3
SIM4
1
21
22
SIM5
SIM1
SIM2
SIM3
SIM4
1
21
22
SIM5
SIM1
SIM2
SIM3
SIM4
1
21
22
SIM5
SIM1
SIM2
SIM3
SIM4
1
21
22
SIM5
SIM1
SIM2
SIM3
SIM4
1
21
22
SIM5
SIM1
SIM2
SIM3
SIM4
1
21
22
SIM5
SIM1
SIM2
SIM3
SIM4
1
21
22
SIM5
SIM1
SIM2
SIM3
SIM4
1
21
22
SIM5
SIM1
SIM2
SIM3
SIM4
1
21
22
SIM5
SIM1
SIM2
SIM3
SIM4
1
21
22
SIM5
SIM1
SIM2
SIM3
SIM4
1
21
22
SIM5
SIM1
SIM2
SIM3
SIM4
1
21
22
SIM5
SIM1
SIM2
SIM3
SIM4
1
21
22
SIM5
SIM1
SIM2
SIM3
SIM4
1
21
22
SIM5
SIM1
SIM2
SIM3
SIM4
1
21
22
SIM5
SIM1
SIM2
SIM3
SIM4
1
21
22
SIM5
SIM1
SIM2
SIM3
SIM4
1
21
22
SIM5
SIM1
SIM2
SIM3
SIM4
1
21
22
SIM5
SIM1
SIM2
SIM3
SIM4
1
21
22
SIM5
SIM1
SIM2
SIM3
SIM4
1
21
22
SIM5
SIM1
SIM2
SIM3
SIM4
1
21
22
SIM5
SIM1
SIM2
SIM3
SIM4
1
21
22
SIM5
SIM1
SIM2
SIM3
SIM4
1
21
22
SIM5
SIM1
SIM2
SIM3
SIM4
1
21
22
SIM5
SIM1
SIM2
SIM3
SIM4
1
21
22
SIM5
SIM1
SIM2
SIM3
SIM4
1
21
22
SIM5
SIM1
SIM2
SIM3
SIM4
1
21
22
SIM5
SIM1
SIM2
SIM3
SIM4
1
21
22
SIM5
SIM1
SIM2
SIM3
SIM4
1
21
22
SIM5
SIM1
SIM2
SIM3
SIM4
1
21
22
SIM5
SIM1
SIM2
SIM3
SIM4
1
21
22
SIM5
SIM1
SIM2
SIM3
SIM4
1
21
22
SIM5
SIM1
SIM2
SIM3
SIM4
1
21
22
SIM5
SIM1
SIM2
SIM3
SIM4
1
21
22
SIM5
SIM1
SIM2
SIM3
SIM4
1
21
22
SIM5
SIM1
SIM2
SIM3
SIM4
1
21
22
SIM5
SIM1
SIM2
SIM3
SIM4
1
21
22
SIM5
SIM1
SIM2
SIM3
SIM4
1
21
22
SIM5
SIM1
SIM2
SIM3
SIM4
1
21
22
SIM5
SIM1
SIM2
SIM3
SIM4
1
21
22
SIM5
SIM1
SIM2
SIM3
SIM4
1
21
22
SIM5
SIM1
SIM2
SIM3
SIM4
1
21
22
SIM5
SIM1
SIM2
SIM3
SIM4
1
21
22
SIM5
SIM1
SIM2
SIM3
SIM4
1
21
22
SIM5
SIM1
SIM2
SIM3
SIM4
1
21
22
SIM5
SIM1
SIM2
SIM3
SIM4
1
21
22
SIM5
SIM1
SIM2
SIM3
SIM4
1
21
22
SIM5
SIM1
SIM2
SIM3
SIM4
1
21
22
SIM5
SIM1
SIM2
SIM3
SIM4
1
21
22
SIM5
SIM1
SIM2
SIM3
SIM4
1
21
22
SIM5
SIM1
SIM2
SIM3
SIM4
1
21
22
SIM5
SIM1
SIM2
SIM3
SIM4
1
21
22
SIM5
SIM1
SIM2
SIM3
SIM4
1
21
22
SIM5
SIM1
SIM2
SIM3
SIM4
1
21
22
SIM5
SIM1
SIM2
SIM3
SIM4
1
21
22
SIM5
SIM1
SIM2
SIM3
SIM4
1
21
22
SIM5
SIM1
SIM2
SIM3
SIM4
1
21
22
SIM5
SIM1
SIM2
SIM3
SIM4
1
21
22
SIM5
SIM1
SIM2
SIM3
SIM4
1
21
22
SIM5
SIM1
SIM2
SIM3
SIM4
1
21
22
SIM5
SIM1
SIM2
SIM3
SIM4
1
21
22
SIM5
SIM1
SIM2
SIM3
SIM4
1
21
22
SIM5
SIM1
SIM2
SIM3
SIM4
1
21
22
SIM5
SIM1
SIM2
SIM3
SIM4
1
21
22
SIM5
SIM1
SIM2
SIM3
SIM4
1
21
22
SIM5
SIM1
SIM2
SIM3
SIM4
1
21
22
SIM5
SIM1
SIM2
SIM3
SIM4
1
21
22
SIM5
SIM1
SIM2
SIM3
SIM4
1
21
22
SIM5
SIM1
SIM2
SIM3
SIM4
1
21
22
SIM5
SIM1
SIM2
SIM3
SIM4
1
21
22
SIM5
SIM1
SIM2
SIM3
SIM4
1
21
22
SIM5
SIM1
SIM2
SIM3
SIM4
1
21
22
SIM5
SIM1
SIM2
SIM3
SIM4
1
21
22
SIM5
SIM1
SIM2
SIM3
SIM4
1
21
22
SIM5
SIM1
SIM2
SIM3
SIM4
1
21
22
SIM5
SIM1
SIM2
SIM3
SIM4
1
21
22
SIM5
SIM1
SIM2
SIM3
SIM4
1
21
22
SIM5
SIM1
SIM2
SIM3
SIM4
1
21
22
SIM5
SIM1
SIM2
SIM3
SIM4
1
21
22
SIM5
SIM1
SIM2
SIM3
SIM4
1
21
22
SIM5
SIM1
SIM2
SIM3
SIM4
1
21
22
SIM5
SIM1
SIM2
SIM3
SIM4
1
21
22
SIM5
SIM1
SIM2
SIM3
SIM4
1
21
22
SIM5
SIM1
SIM2
SIM3
SIM4
1
21
22
SIM5
SIM1
SIM2
SIM3
SIM4
1
21
22
SIM5
SIM1
SIM2
SIM3
SIM4
1
21
22
SIM5
SIM1
SIM2
SIM3
SIM4
1
21
22
SIM5
SIM1
SIM2
SIM3
SIM4
1
21
22
SIM5
SIM1
SIM2
SIM3
SIM4
1
21
22
SIM5
SIM1
SIM2
SIM3
SIM4
1
21
22
SIM5
SIM1
SIM2
SIM3
SIM4
1
21
22
SIM5
SIM1
SIM2
SIM3
SIM4
1
21
22
SIM5
SIM1
SIM2
SIM3
SIM4
1
21
22
SIM5
SIM1
SIM2
SIM3
SIM4
1
21
22
SIM5
SIM1
SIM2
SIM3
SIM4
1
21
22
SIM5
SIM1
SIM2
SIM3
SIM4
1
21
22
SIM5
SIM1
SIM2
SIM3
SIM4
1
21
22
SIM5
SIM1
SIM2
SIM3
SIM4
1
21
22
SIM5
SIM1
SIM2
SIM3
SIM4
1
21
22
SIM5
SIM1
SIM2
SIM3
SIM4
1
21
22
SIM5
SIM1
SIM2
SIM3
SIM4
1
21
22
SIM5
SIM1
SIM2
SIM3
SIM4
1
21
22
SIM5
SIM1
SIM2
SIM3
SIM4
1
21
22
SIM5
SIM1
SIM2
SIM3
SIM4
1
21
22
SIM5
SIM1
SIM2
SIM3
SIM4
1
21
22
SIM5
SIM1
SIM2
SIM3
SIM4
1
21
22
SIM5
SIM1
SIM2
SIM3
SIM4
1
21
22
SIM5
SIM1
SIM2
SIM3
SIM4
1
21
22
SIM5
SIM1
SIM2
SIM3
SIM4
1
21
22
SIM5
SIM1
SIM2
SIM3
SIM4
1
21
22
SIM5
SIM1
SIM2
SIM3
SIM4
1
21
22
SIM5
SIM1
SIM2
SIM3
SIM4
1
21
22
SIM5
SIM1
SIM2
SIM3
SIM4
1
21
22
SIM5
SIM1
SIM2
SIM3
SIM4
1
21
22
SIM5
SIM1
SIM2
SIM3
SIM4
1
21
22
SIM5
SIM1
SIM2
SIM3
SIM4
1
21
22
SIM5
SIM1
SIM2
SIM3
SIM4
1
21
22
SIM5
SIM1
SIM2
DEBUG 1 785
SIM1
SIM2
SIM3
SIM4
1
21
22
SIM5
SIM1
SIM2
SIM3
SIM4
1
21
22
SIM5
SIM1
SIM2
SIM3
SIM4
1
21
22
SIM5
SIM1
SIM2
SIM3
SIM4
1
21
22
SIM5
SIM1
SIM2
SIM3
SIM4
1
21
22
SIM5
SIM1
SIM2
SIM3
SIM4
1
21
22
SIM5
SIM1
SIM2
SIM3
SIM4
1
21
22
SIM5
SIM1
SIM2
SIM3
SIM4
1
21
22
SIM5
SIM1
SIM2
SIM3
SIM4
1
21
22
SIM5
SIM1
SIM2
SIM3
SIM4
1
21
22
SIM5
SIM1
SIM2
SIM3
SIM4
1
21
22
SIM5
SIM1
SIM2
SIM3
SIM4
1
21
22
SIM5
SIM1
SIM2
SIM3
SIM4
1
21
22
SIM5
SIM1
SIM2
SIM3
SIM4
1
21
22
SIM5
SIM1
SIM2
SIM3
SIM4
1
21
22
SIM5
SIM1
SIM2
SIM3
SIM4
1
21
22
SIM5
SIM1
SIM2
SIM3
SIM4
1
21
22
SIM5
SIM1
SIM2
SIM3
SIM4
1
21
22
SIM5
SIM1
SIM2
SIM3
SIM4
1
21
22
SIM5
SIM1
SIM2
SIM3
SIM4
1
21
22
SIM5
SIM1
SIM2
SIM3
SIM4
1
21
22
SIM5
SIM1
SIM2
SIM3
SIM4
1
21
22
SIM5
SIM1
SIM2
SIM3
SIM4
1
21
22
SIM5
SIM1
SIM2
SIM3
SIM4
1
21
22
SIM5
SIM1
SIM2
SIM3
SIM4
1
21
22
SIM5
SIM1
SIM2
SIM3
SIM4
1
21
22
SIM5
SIM1
SIM2
SIM3
SIM4
1
21
22
SIM5
SIM1
SIM2
SIM3
SIM4
1
21
22
SIM5
SIM1
SIM2
SIM3
SIM4
1
21
22
SIM5
SIM1
SIM2
SIM3
SIM4
1
21
22
SIM5
SIM1
SIM2
SIM3
SIM4
1
21
22
SIM5
SIM1
SIM2
SIM3
SIM4
1
21
22
SIM5
SIM1
SIM2
SIM3
SIM4
1
21
22
SIM5
SIM1
SIM2
SIM3
SIM4
1
21
22
SIM5
SIM1
SIM2
SIM3
SIM4
1
21
22
SIM5
SIM1
SIM2
SIM3
SIM4
1
21
22
SIM5
SIM1
SIM2
SIM3
SIM4
1
21
22
SIM5
SIM1
SIM2
SIM3
SIM4
1
21
22
SIM5
SIM1
SIM2
SIM3
SIM4
1
21
22
SIM5
SIM1
SIM2
SIM3
SIM4
1
21
22
SIM5
SIM1
SIM2
SIM3
SIM4
1
21
22
SIM5
SIM1
SIM2
SIM3
SIM4
1
21
22
SIM5
SIM1
SIM2
SIM3
SIM4
1
21
22
SIM5
SIM1
SIM2
SIM3
SIM4
1
21
22
SIM5
SIM1
SIM2
SIM3
SIM4
1
21
22
SIM5
SIM1
SIM2
SIM3
SIM4
1
21
22
SIM5
SIM1
SIM2
SIM3
SIM4
1
21
22
SIM5
SIM1
SIM2
SIM3
SIM4
1
21
22
SIM5
SIM1
SIM2
SIM3
SIM4
1
21
22
SIM5
SIM1
SIM2
SIM3
SIM4
1
21
22
SIM5
SIM1
SIM2
SIM3
SIM4
1
21
22
SIM5
SIM1
SIM2
SIM3
SIM4
1
21
22
SIM5
SIM1
SIM2
SIM3
SIM4
1
21
22
SIM5
SIM1
SIM2
SIM3
SIM4
1
21
22
SIM5
SIM1
SIM2
SIM3
SIM4
1
21
22
SIM5
SIM1
SIM2
SIM3
SIM4
1
21
22
SIM5
SIM1
SIM2
SIM3
SIM4
1
21
22
SIM5
SIM1
SIM2
SIM3
SIM4
1
21
22
SIM5
SIM1
SIM2
SIM3
SIM4
1
21
22
SIM5
SIM1
SIM2
SIM3
SIM4
1
21
22
SIM5
SIM1
SIM2
SIM3
SIM4
1
21
22
SIM5
SIM1
SIM2
SIM3
SIM4
1
21
22
SIM5
SIM1
SIM2
SIM3
SIM4
1
21
22
SIM5
SIM1
SIM2
SIM3
SIM4
1
21
22
SIM5
SIM1
SIM2
SIM3
SIM4
1
21
22
SIM5
SIM1
SIM2
SIM3
SIM4
1
21
22
SIM5
SIM1
SIM2
SIM3
SIM4
1
21
22
SIM5
SIM1
SIM2
SIM3
SIM4
1
21
22
SIM5
SIM1
SIM2
SIM3
SIM4
1
21
22
SIM5
SIM1
SIM2
SIM3
SIM4
1
21
22
SIM5
SIM1
SIM2
SIM3
SIM4
1
21
22
SIM5
SIM1
SIM2
SIM3
SIM4
1
21
22
SIM5
SIM1
SIM2
SIM3
SIM4
1
21
22
SIM5
SIM1
SIM2
SIM3
SIM4
1
21
22
SIM5
SIM1
SIM2
SIM3
SIM4
1
21
22
SIM5
SIM1
SIM2
SIM3
SIM4
1
21
22
SIM5
SIM1
SIM2
SIM3
SIM4
1
21
22
SIM5
SIM1
SIM2
SIM3
SIM4
1
21
22
SIM5
SIM1
SIM2
SIM3
SIM4
1
21
22
SIM5
SIM1
SIM2
SIM3
SIM4
1
21
22
SIM5
SIM1
SIM2
SIM3
SIM4
1
21
22
SIM5
SIM1
SIM2
SIM3
SIM4
1
21
22
SIM5
SIM1
SIM2
SIM3
SIM4
1
21
22
SIM5
SIM1
SIM2
SIM3
SIM4
1
21
22
SIM5
SIM1
SIM2
SIM3
SIM4
1
21
22
SIM5
SIM1
SIM2
SIM3
SIM4
1
21
22
SIM5
SIM1
SIM2
SIM3
SIM4
1
21
22
SIM5
SIM1
SIM2
SIM3
SIM4
1
21
22
SIM5
SIM1
SIM2
SIM3
SIM4
1
21
22
SIM5
SIM1
SIM2
SIM3
SIM4
1
21
22
SIM5
SIM1
SIM2
SIM3
SIM4
1
21
22
SIM5
SIM1
SIM2
SIM3
SIM4
1
21
22
SIM5
SIM1
SIM2
SIM3
SIM4
1
21
22
SIM5
SIM1
SIM2
SIM3
SIM4
1
21
22
SIM5
SIM1
SIM2
SIM3
SIM4
1
21
22
SIM5
SIM1
SIM2
SIM3
SIM4
1
21
22
SIM5
SIM1
SIM2
SIM3
SIM4
1
21
22
SIM5
SIM1
SIM2
SIM3
SIM4
1
21
22
SIM5
SIM1
SIM2
SIM3
SIM4
1
21
22
SIM5
SIM1
SIM2
SIM3
SIM4
1
21
22
SIM5
SIM1
SIM2
SIM3
SIM4
1
21
22
SIM5
SIM1
SIM2
SIM3
SIM4
1
21
22
SIM5
SIM1
SIM2
SIM3
SIM4
1
21
22
SIM5
SIM1
SIM2
SIM3
SIM4
1
21
22
SIM5
SIM1
SIM2
SIM3
SIM4
1
21
22
SIM5
SIM1
SIM2
SIM3
SIM4
1
21
22
SIM5
SIM1
SIM2
SIM3
SIM4
1
21
22
SIM5
SIM1
SIM2
SIM3
SIM4
1
21
22
SIM5
SIM1
SIM2
SIM3
SIM4
1
21
22
SIM5
SIM1
SIM2
SIM3
SIM4
1
21
22
SIM5
SIM1
SIM2
SIM3
SIM4
1
21
22
SIM5
SIM1
SIM2
SIM3
SIM4
1
21
22
SIM5
SIM1
SIM2
SIM3
SIM4
1
21
22
SIM5
SIM1
SIM2
SIM3
SIM4
1
21
22
SIM5
SIM1
SIM2
SIM3
SIM4
1
21
22
SIM5
SIM1
SIM2
SIM3
SIM4
1
21
22
SIM5
SIM1
SIM2
SIM3
SIM4
1
21
22
SIM5
SIM1
SIM2
SIM3
SIM4
1
21
22
SIM5
SIM1
SIM2
SIM3
SIM4
1
21
22
SIM5
SIM1
SIM2
SIM3
SIM4
1
21
22
SIM5
SIM1
SIM2
SIM3
SIM4
1
21
22
SIM5
SIM1
SIM2
SIM3
SIM4
1
21
22
SIM5
SIM1
SIM2
SIM3
SIM4
1
21
22
SIM5
SIM1
SIM2
SIM3
SIM4
1
21
22
SIM5
SIM1
SIM2
SIM3
SIM4
1
21
22
SIM5
SIM1
SIM2
SIM3
SIM4
1
21
22
SIM5
SIM1
SIM2
SIM3
SIM4
1
21
22
SIM5
SIM1
SIM2
SIM3
SIM4
1
21
22
SIM5
SIM1
SIM2
SIM3
SIM4
1
21
22
SIM5
SIM1
SIM2
SIM3
SIM4
1
21
22
SIM5
SIM1
SIM2
SIM3
SIM4
1
21
22
SIM5
SIM1
SIM2
SIM3
SIM4
1
21
22
SIM5
SIM1
SIM2
SIM3
SIM4
1
21
22
SIM5
SIM1
SIM2
SIM3
SIM4
1
21
22
SIM5
SIM1
SIM2
SIM3
SIM4
1
21
22
SIM5
SIM1
SIM2
SIM3
SIM4
1
21
22
SIM5
SIM1
SIM2
SIM3
SIM4
1
21
22
SIM5
SIM1
SIM2
SIM3
SIM4
1
21
22
SIM5
SIM1
SIM2
SIM3
SIM4
1
21
22
SIM5
SIM1
SIM2
SIM3
SIM4
1
21
22
SIM5
SIM1
SIM2
SIM3
SIM4
1
21
22
SIM5
SIM1
SIM2
SIM3
SIM4
1
21
22
SIM5
SIM1
SIM2
SIM3
SIM4
1
21
22
SIM5
SIM1
SIM2
SIM3
SIM4
1
21
22
SIM5
SIM1
SIM2
SIM3
SIM4
1
21
22
SIM5
SIM1
SIM2
SIM3
SIM4
1
21
22
SIM5
SIM1
SIM2
SIM3
SIM4
1
21
22
SIM5
SIM1
SIM2
SIM3
SIM4
1
21
22
SIM5
SIM1
SIM2
SIM3
SIM4
1
21
22
SIM5
SIM1
SIM2
SIM3
SIM4
1
21
22
SIM5
SIM1
SIM2
SIM3
SIM4
1
21
22
SIM5
SIM1
SIM2
SIM3
SIM4
1
21
22
SIM5
SIM1
SIM2
SIM3
SIM4
1
21
22
SIM5
SIM1
SIM2
SIM3
SIM4
1
21
22
SIM5
SIM1
SIM2
SIM3
SIM4
1
21
22
SIM5
SIM1
SIM2
SIM3
SIM4
1
21
22
SIM5
SIM1
SIM2
SIM3
SIM4
1
21
22
SIM5
SIM1
SIM2
SIM3
SIM4
1
21
22
SIM5
SIM1
SIM2
SIM3
SIM4
1
21
22
SIM5
SIM1
SIM2
SIM3
SIM4
1
21
22
SIM5
SIM1
SIM2
SIM3
SIM4
1
21
22
SIM5
SIM1
SIM2
SIM3
SIM4
1
21
22
SIM5
SIM1
SIM2
SIM3
SIM4
1
21
22
SIM5
SIM1
SIM2
SIM3
SIM4
1
21
22
SIM5
SIM1
SIM2
SIM3
SIM4
1
21
22
SIM5
SIM1
SIM2
SIM3
SIM4
1
21
22
SIM5
SIM1
SIM2
SIM3
SIM4
1
21
22
SIM5
SIM1
SIM2
SIM3
SIM4
1
21
22
SIM5
SIM1
SIM2
SIM3
SIM4
1
21
22
SIM5
SIM1
SIM2
SIM3
SIM4
1
21
22
SIM5
SIM1
SIM2
SIM3
SIM4
1
21
22
SIM5
SIM1
SIM2
SIM3
SIM4
1
21
22
SIM5
SIM1
SIM2
SIM3
SIM4
1
21
22
SIM5
SIM1
SIM2
SIM3
SIM4
1
21
22
SIM5
SIM1
SIM2
SIM3
SIM4
1
21
22
SIM5
SIM1
SIM2
SIM3
SIM4
1
21
22
SIM5
SIM1
SIM2
SIM3
SIM4
1
21
22
SIM5
SIM1
SIM2
SIM3
SIM4
1
21
22
SIM5
SIM1
SIM2
SIM3
SIM4
1
21
22
SIM5
SIM1
SIM2
SIM3
SIM4
1
21
22
SIM5
SIM1
SIM2
SIM3
SIM4
1
21
22
SIM5
SIM1
SIM2
SIM3
SIM4
1
21
22
SIM5
SIM1
SIM2
SIM3
SIM4
1
21
22
SIM5
SIM1
SIM2
SIM3
SIM4
1
21
22
SIM5
SIM1
SIM2
SIM3
SIM4
1
21
22
SIM5
SIM1
SIM2
SIM3
SIM4
1
21
22
SIM5
SIM1
SIM2
SIM3
SIM4
1
21
22
SIM5
SIM1
SIM2
SIM3
SIM4
1
21
22
SIM5
SIM1
SIM2
SIM3
SIM4
1
21
22
SIM5
SIM1
SIM2
SIM3
SIM4
1
21
22
SIM5
SIM1
SIM2
SIM3
SIM4
1
21
22
SIM5
SIM1
SIM2
SIM3
SIM4
1
21
22
SIM5
SIM1
SIM2
SIM3
SIM4
1
21
22
SIM5
SIM1
SIM2
SIM3
SIM4
1
21
22
SIM5
SIM1
SIM2
SIM3
SIM4
1
21
22
SIM5
SIM1
SIM2
SIM3
SIM4
1
21
22
SIM5
SIM1
SIM2
SIM3
SIM4
1
21
22
SIM5
SIM1
SIM2
SIM3
SIM4
1
21
22
SIM5
SIM1
SIM2
SIM3
SIM4
1
21
22
SIM5
SIM1
SIM2
SIM3
SIM4
1
21
22
SIM5
SIM1
SIM2
SIM3
SIM4
1
21
22
SIM5
SIM1
SIM2
SIM3
SIM4
1
21
22
SIM5
SIM1
SIM2
SIM3
SIM4
1
21
22
SIM5
SIM1
SIM2
SIM3
SIM4
1
21
22
SIM5
SIM1
SIM2
SIM3
SIM4
1
21
22
SIM5
SIM1
SIM2
SIM3
SIM4
1
21
22
SIM5
SIM1
SIM2
SIM3
SIM4
1
21
22
SIM5
SIM1
SIM2
SIM3
SIM4
1
21
22
SIM5
SIM1
SIM2
SIM3
SIM4
1
21
22
SIM5
SIM1
SIM2
SIM3
SIM4
1
21
22
SIM5
SIM1
SIM2
SIM3
SIM4
1
21
22
SIM5
SIM1
SIM2
SIM3
SIM4
1
21
22
SIM5
SIM1
SIM2
SIM3
SIM4
1
21
22
SIM5
SIM1
SIM2
SIM3
SIM4
1
21
22
SIM5
SIM1
SIM2
SIM3
SIM4
1
21
22
SIM5
SIM1
SIM2
SIM3
SIM4
1
21
22
SIM5
SIM1
SIM2
SIM3
SIM4
1
21
22
SIM5
SIM1
SIM2
SIM3
SIM4
1
21
22
SIM5
SIM1
SIM2
SIM3
SIM4
1
21
22
SIM5
SIM1
SIM2
SIM3
SIM4
1
21
22
SIM5
SIM1
SIM2
SIM3
SIM4
1
21
22
SIM5
SIM1
SIM2
SIM3
SIM4
1
21
22
SIM5
SIM1
SIM2
SIM3
SIM4
1
21
22
SIM5
SIM1
SIM2
DEBUG 1 786
SIM1
SIM2
SIM3
SIM4
1
21
22
SIM5
SIM1
SIM2
SIM3
SIM4
1
21
22
SIM5
SIM1
SIM2
SIM3
SIM4
1
21
22
SIM5
SIM1
SIM2
SIM3
SIM4
1
21
22
SIM5
SIM1
SIM2
SIM3
SIM4
1
21
22
SIM5
SIM1
SIM2
SIM3
SIM4
1
21
22
SIM5
SIM1
SIM2
SIM3
SIM4
1
21
22
SIM5
SIM1
SIM2
SIM3
SIM4
1
21
22
SIM5
SIM1
SIM2
SIM3
SIM4
1
21
22
SIM5
SIM1
SIM2
SIM3
SIM4
1
21
22
SIM5
SIM1
SIM2
SIM3
SIM4
1
21
22
SIM5
SIM1
SIM2
SIM3
SIM4
1
21
22
SIM5
SIM1
SIM2
SIM3
SIM4
1
21
22
SIM5
SIM1
SIM2
SIM3
SIM4
1
21
22
SIM5
SIM1
SIM2
SIM3
SIM4
1
21
22
SIM5
SIM1
SIM2
SIM3
SIM4
1
21
22
SIM5
SIM1
SIM2
SIM3
SIM4
1
21
22
SIM5
SIM1
SIM2
SIM3
SIM4
1
21
22
SIM5
SIM1
SIM2
SIM3
SIM4
1
21
22
SIM5
SIM1
SIM2
SIM3
SIM4
1
21
22
SIM5
SIM1
SIM2
SIM3
SIM4
1
21
22
SIM5
SIM1
SIM2
SIM3
SIM4
1
21
22
SIM5
SIM1
SIM2
SIM3
SIM4
1
21
22
SIM5
SIM1
SIM2
SIM3
SIM4
1
21
22
SIM5
SIM1
SIM2
SIM3
SIM4
1
21
22
SIM5
SIM1
SIM2
SIM3
SIM4
1
21
22
SIM5
SIM1
SIM2
SIM3
SIM4
1
21
22
SIM5
SIM1
SIM2
SIM3
SIM4
1
21
22
SIM5
SIM1
SIM2
SIM3
SIM4
1
21
22
SIM5
SIM1
SIM2
SIM3
SIM4
1
21
22
SIM5
SIM1
SIM2
SIM3
SIM4
1
21
22
SIM5
SIM1
SIM2
SIM3
SIM4
1
21
22
SIM5
SIM1
SIM2
SIM3
SIM4
1
21
22
SIM5
SIM1
SIM2
SIM3
SIM4
1
21
22
SIM5
SIM1
SIM2
SIM3
SIM4
1
21
22
SIM5
SIM1
SIM2
SIM3
SIM4
1
21
22
SIM5
SIM1
SIM2
SIM3
SIM4
1
21
22
SIM5
SIM1
SIM2
SIM3
SIM4
1
21
22
SIM5
SIM1
SIM2
SIM3
SIM4
1
21
22
SIM5
SIM1
SIM2
SIM3
SIM4
1
21
22
SIM5
SIM1
SIM2
SIM3
SIM4
1
21
22
SIM5
SIM1
SIM2
SIM3
SIM4
1
21
22
SIM5
SIM1
SIM2
SIM3
SIM4
1
21
22
SIM5
SIM1
SIM2
SIM3
SIM4
1
21
22
SIM5
SIM1
SIM2
SIM3
SIM4
1
21
22
SIM5
SIM1
SIM2
SIM3
SIM4
1
21
22
SIM5
SIM1
SIM2
SIM3
SIM4
1
21
22
SIM5
SIM1
SIM2
SIM3
SIM4
1
21
22
SIM5
SIM1
SIM2
SIM3
SIM4
1
21
22
SIM5
SIM1
SIM2
SIM3
SIM4
1
21
22
SIM5
SIM1
SIM2
SIM3
SIM4
1
21
22
SIM5
SIM1
SIM2
SIM3
SIM4
1
21
22
SIM5
SIM1
SIM2
SIM3
SIM4
1
21
22
SIM5
SIM1
SIM2
SIM3
SIM4
1
21
22
SIM5
SIM1
SIM2
SIM3
SIM4
1
21
22
SIM5
SIM1
SIM2
SIM3
SIM4
1
21
22
SIM5
SIM1
SIM2
SIM3
SIM4
1
21
22
SIM5
SIM1
SIM2
SIM3
SIM4
1
21
22
SIM5
SIM1
SIM2
SIM3
SIM4
1
21
22
SIM5
SIM1
SIM2
SIM3
SIM4
1
21
22
SIM5
SIM1
SIM2
SIM3
SIM4
1
21
22
SIM5
SIM1
SIM2
SIM3
SIM4
1
21
22
SIM5
SIM1
SIM2
SIM3
SIM4
1
21
22
SIM5
SIM1
SIM2
SIM3
SIM4
1
21
22
SIM5
SIM1
SIM2
SIM3
SIM4
1
21
22
SIM5
SIM1
SIM2
SIM3
SIM4
1
21
22
SIM5
SIM1
SIM2
SIM3
SIM4
1
21
22
SIM5
SIM1
SIM2
SIM3
SIM4
1
21
22
SIM5
SIM1
SIM2
SIM3
SIM4
1
21
22
SIM5
SIM1
SIM2
SIM3
SIM4
1
21
22
SIM5
SIM1
SIM2
SIM3
SIM4
1
21
22
SIM5
SIM1
SIM2
SIM3
SIM4
1
21
22
SIM5
SIM1
SIM2
SIM3
SIM4
1
21
22
SIM5
SIM1
SIM2
SIM3
SIM4
1
21
22
SIM5
SIM1
SIM2
SIM3
SIM4
1
21
22
SIM5
SIM1
SIM2
SIM3
SIM4
1
21
22
SIM5
SIM1
SIM2
SIM3
SIM4
1
21
22
SIM5
SIM1
SIM2
SIM3
SIM4
1
21
22
SIM5
SIM1
SIM2
SIM3
SIM4
1
21
22
SIM5
SIM1
SIM2
SIM3
SIM4
1
21
22
SIM5
SIM1
SIM2
SIM3
SIM4
1
21
22
SIM5
SIM1
SIM2
SIM3
SIM4
1
21
22
SIM5
SIM1
SIM2
SIM3
SIM4
1
21
22
SIM5
SIM1
SIM2
SIM3
SIM4
1
21
22
SIM5
SIM1
SIM2
SIM3
SIM4
1
21
22
SIM5
SIM1
SIM2
SIM3
SIM4
1
21
22
SIM5
SIM1
SIM2
SIM3
SIM4
1
21
22
SIM5
SIM1
SIM2
SIM3
SIM4
1
21
22
SIM5
SIM1
SIM2
SIM3
SIM4
1
21
22
SIM5
SIM1
SIM2
SIM3
SIM4
1
21
22
SIM5
SIM1
SIM2
SIM3
SIM4
1
21
22
SIM5
SIM1
SIM2
SIM3
SIM4
1
21
22
SIM5
SIM1
SIM2
SIM3
SIM4
1
21
22
SIM5
SIM1
SIM2
SIM3
SIM4
1
21
22
SIM5
SIM1
SIM2
SIM3
SIM4
1
21
22
SIM5
SIM1
SIM2
SIM3
SIM4
1
21
22
SIM5
SIM1
SIM2
SIM3
SIM4
1
21
22
SIM5
SIM1
SIM2
SIM3
SIM4
1
21
22
SIM5
SIM1
SIM2
SIM3
SIM4
1
21
22
SIM5
SIM1
SIM2
SIM3
SIM4
1
21
22
SIM5
SIM1
SIM2
SIM3
SIM4
1
21
22
SIM5
SIM1
SIM2
SIM3
SIM4
1
21
22
SIM5
SIM1
SIM2
SIM3
SIM4
1
21
22
SIM5
SIM1
SIM2
SIM3
SIM4
1
21
22
SIM5
SIM1
SIM2
SIM3
SIM4
1
21
22
SIM5
SIM1
SIM2
SIM3
SIM4
1
21
22
SIM5
SIM1
SIM2
SIM3
SIM4
1
21
22
SIM5
SIM1
SIM2
SIM3
SIM4
1
21
22
SIM5
SIM1
SIM2
SIM3
SIM4
1
21
22
SIM5
SIM1
SIM2
SIM3
SIM4
1
21
22
SIM5
SIM1
SIM2
SIM3
SIM4
1
21
22
SIM5
SIM1
SIM2
SIM3
SIM4
1
21
22
SIM5
SIM1
SIM2
SIM3
SIM4
1
21
22
SIM5
SIM1
SIM2
SIM3
SIM4
1
21
22
SIM5
SIM1
SIM2
SIM3
SIM4
1
21
22
SIM5
SIM1
SIM2
SIM3
SIM4
1
21
22
SIM5
SIM1
SIM2
SIM3
SIM4
1
21
22
SIM5
SIM1
SIM2
SIM3
SIM4
1
21
22
SIM5
SIM1
SIM2
SIM3
SIM4
1
21
22
SIM5
SIM1
SIM2
SIM3
SIM4
1
21
22
SIM5
SIM1
SIM2
SIM3
SIM4
1
21
22
SIM5
SIM1
SIM2
SIM3
SIM4
1
21
22
SIM5
SIM1
SIM2
SIM3
SIM4
1
21
22
SIM5
SIM1
SIM2
SIM3
SIM4
1
21
22
SIM5
SIM1
SIM2
SIM3
SIM4
1
21
22
SIM5
SIM1
SIM2
SIM3
SIM4
1
21
22
SIM5
SIM1
SIM2
SIM3
SIM4
1
21
22
SIM5
SIM1
SIM2
SIM3
SIM4
1
21
22
SIM5
SIM1
SIM2
SIM3
SIM4
1
21
22
SIM5
SIM1
SIM2
SIM3
SIM4
1
21
22
SIM5
SIM1
SIM2
SIM3
SIM4
1
21
22
SIM5
SIM1
SIM2
SIM3
SIM4
1
21
22
SIM5
SIM1
SIM2
SIM3
SIM4
1
21
22
SIM5
SIM1
SIM2
SIM3
SIM4
1
21
22
SIM5
SIM1
SIM2
SIM3
SIM4
1
21
22
SIM5
SIM1
SIM2
SIM3
SIM4
1
21
22
SIM5
SIM1
SIM2
SIM3
SIM4
1
21
22
SIM5
SIM1
SIM2
SIM3
SIM4
1
21
22
SIM5
SIM1
SIM2
SIM3
SIM4
1
21
22
SIM5
SIM1
SIM2
SIM3
SIM4
1
21
22
SIM5
SIM1
SIM2
SIM3
SIM4
1
21
22
SIM5
SIM1
SIM2
SIM3
SIM4
1
21
22
SIM5
SIM1
SIM2
SIM3
SIM4
1
21
22
SIM5
SIM1
SIM2
SIM3
SIM4
1
21
22
SIM5
SIM1
SIM2
SIM3
SIM4
1
21
22
SIM5
SIM1
SIM2
SIM3
SIM4
1
21
22
SIM5
SIM1
SIM2
SIM3
SIM4
1
21
22
SIM5
SIM1
SIM2
SIM3
SIM4
1
21
22
SIM5
SIM1
SIM2
SIM3
SIM4
1
21
22
SIM5
SIM1
SIM2
SIM3
SIM4
1
21
22
SIM5
SIM1
SIM2
SIM3
SIM4
1
21
22
SIM5
SIM1
SIM2
SIM3
SIM4
1
21
22
SIM5
SIM1
SIM2
SIM3
SIM4
1
21
22
SIM5
SIM1
SIM2
SIM3
SIM4
1
21
22
SIM5
SIM1
SIM2
SIM3
SIM4
1
21
22
SIM5
SIM1
SIM2
SIM3
SIM4
1
21
22
SIM5
SIM1
SIM2
SIM3
SIM4
1
21
22
SIM5
SIM1
SIM2
SIM3
SIM4
1
21
22
SIM5
SIM1
SIM2
SIM3
SIM4
1
21
22
SIM5
SIM1
SIM2
SIM3
SIM4
1
21
22
SIM5
SIM1
SIM2
SIM3
SIM4
1
21
22
SIM5
SIM1
SIM2
SIM3
SIM4
1
21
22
SIM5
SIM1
SIM2
SIM3
SIM4
1
21
22
SIM5
SIM1
SIM2
SIM3
SIM4
1
21
22
SIM5
SIM1
SIM2
SIM3
SIM4
1
21
22
SIM5
SIM1
SIM2
SIM3
SIM4
1
21
22
SIM5
SIM1
SIM2
SIM3
SIM4
1
21
22
SIM5
SIM1
SIM2
SIM3
SIM4
1
21
22
SIM5
SIM1
SIM2
SIM3
SIM4
1
21
22
SIM5
SIM1
SIM2
SIM3
SIM4
1
21
22
SIM5
SIM1
SIM2
SIM3
SIM4
1
21
22
SIM5
SIM1
SIM2
SIM3
SIM4
1
21
22
SIM5
SIM1
SIM2
SIM3
SIM4
1
21
22
SIM5
SIM1
SIM2
SIM3
SIM4
1
21
22
SIM5
SIM1
SIM2
SIM3
SIM4
1
21
22
SIM5
SIM1
SIM2
SIM3
SIM4
1
21
22
SIM5
SIM1
SIM2
SIM3
SIM4
1
21
22
SIM5
SIM1
SIM2
SIM3
SIM4
1
21
22
SIM5
SIM1
SIM2
SIM3
SIM4
1
21
22
SIM5
SIM1
SIM2
SIM3
SIM4
1
21
22
SIM5
SIM1
SIM2
SIM3
SIM4
1
21
22
SIM5
SIM1
SIM2
SIM3
SIM4
1
21
22
SIM5
SIM1
SIM2
SIM3
SIM4
1
21
22
SIM5
SIM1
SIM2
SIM3
SIM4
1
21
22
SIM5
SIM1
SIM2
SIM3
SIM4
1
21
22
SIM5
SIM1
SIM2
SIM3
SIM4
1
21
22
SIM5
SIM1
SIM2
SIM3
SIM4
1
21
22
SIM5
SIM1
SIM2
SIM3
SIM4
1
21
22
SIM5
SIM1
SIM2
SIM3
SIM4
1
21
22
SIM5
SIM1
SIM2
SIM3
SIM4
1
21
22
SIM5
SIM1
SIM2
SIM3
SIM4
1
21
22
SIM5
SIM1
SIM2
SIM3
SIM4
1
21
22
SIM5
SIM1
SIM2
SIM3
SIM4
1
21
22
SIM5
SIM1
SIM2
DEBUG 1 787
SIM1
SIM2
SIM3
SIM4
1
21
22
SIM5
SIM1
SIM2
SIM3
SIM4
1
21
22
SIM5
SIM1
SIM2
SIM3
SIM4
1
21
22
SIM5
SIM1
SIM2
SIM3
SIM4
1
21
22
SIM5
SIM1
SIM2
SIM3
SIM4
1
21
22
SIM5
SIM1
SIM2
SIM3
SIM4
1
21
22
SIM5
SIM1
SIM2
SIM3
SIM4
1
21
22
SIM5
SIM1
SIM2
SIM3
SIM4
1
21
22
SIM5
SIM1
SIM2
SIM3
SIM4
1
21
22
SIM5
SIM1
SIM2
SIM3
SIM4
1
21
22
SIM5
SIM1
SIM2
SIM3
SIM4
1
21
22
SIM5
SIM1
SIM2
SIM3
SIM4
1
21
22
SIM5
SIM1
SIM2
SIM3
SIM4
1
21
22
SIM5
SIM1
SIM2
SIM3
SIM4
1
21
22
SIM5
SIM1
SIM2
SIM3
SIM4
1
21
22
SIM5
SIM1
SIM2
SIM3
SIM4
1
21
22
SIM5
SIM1
SIM2
SIM3
SIM4
1
21
22
SIM5
SIM1
SIM2
SIM3
SIM4
1
21
22
SIM5
SIM1
SIM2
SIM3
SIM4
1
21
22
SIM5
SIM1
SIM2
SIM3
SIM4
1
21
22
SIM5
SIM1
SIM2
SIM3
SIM4
1
21
22
SIM5
SIM1
SIM2
SIM3
SIM4
1
21
22
SIM5
SIM1
SIM2
SIM3
SIM4
1
21
22
SIM5
SIM1
SIM2
SIM3
SIM4
1
21
22
SIM5
SIM1
SIM2
SIM3
SIM4
1
21
22
SIM5
SIM1
SIM2
SIM3
SIM4
1
21
22
SIM5
SIM1
SIM2
SIM3
SIM4
1
21
22
SIM5
SIM1
SIM2
SIM3
SIM4
1
21
22
SIM5
SIM1
SIM2
SIM3
SIM4
1
21
22
SIM5
SIM1
SIM2
SIM3
SIM4
1
21
22
SIM5
SIM1
SIM2
SIM3
SIM4
1
21
22
SIM5
SIM1
SIM2
SIM3
SIM4
1
21
22
SIM5
SIM1
SIM2
SIM3
SIM4
1
21
22
SIM5
SIM1
SIM2
SIM3
SIM4
1
21
22
SIM5
SIM1
SIM2
SIM3
SIM4
1
21
22
SIM5
SIM1
SIM2
SIM3
SIM4
1
21
22
SIM5
SIM1
SIM2
SIM3
SIM4
1
21
22
SIM5
SIM1
SIM2
SIM3
SIM4
1
21
22
SIM5
SIM1
SIM2
SIM3
SIM4
1
21
22
SIM5
SIM1
SIM2
SIM3
SIM4
1
21
22
SIM5
SIM1
SIM2
SIM3
SIM4
1
21
22
SIM5
SIM1
SIM2
SIM3
SIM4
1
21
22
SIM5
SIM1
SIM2
SIM3
SIM4
1
21
22
SIM5
SIM1
SIM2
SIM3
SIM4
1
21
22
SIM5
SIM1
SIM2
SIM3
SIM4
1
21
22
SIM5
SIM1
SIM2
SIM3
SIM4
1
21
22
SIM5
SIM1
SIM2
SIM3
SIM4
1
21
22
SIM5
SIM1
SIM2
SIM3
SIM4
1
21
22
SIM5
SIM1
SIM2
SIM3
SIM4
1
21
22
SIM5
SIM1
SIM2
SIM3
SIM4
1
21
22
SIM5
SIM1
SIM2
SIM3
SIM4
1
21
22
SIM5
SIM1
SIM2
SIM3
SIM4
1
21
22
SIM5
SIM1
SIM2
SIM3
SIM4
1
21
22
SIM5
SIM1
SIM2
SIM3
SIM4
1
21
22
SIM5
SIM1
SIM2
SIM3
SIM4
1
21
22
SIM5
SIM1
SIM2
SIM3
SIM4
1
21
22
SIM5
SIM1
SIM2
SIM3
SIM4
1
21
22
SIM5
SIM1
SIM2
SIM3
SIM4
1
21
22
SIM5
SIM1
SIM2
SIM3
SIM4
1
21
22
SIM5
SIM1
SIM2
SIM3
SIM4
1
21
22
SIM5
SIM1
SIM2
SIM3
SIM4
1
21
22
SIM5
SIM1
SIM2
SIM3
SIM4
1
21
22
SIM5
SIM1
SIM2
SIM3
SIM4
1
21
22
SIM5
SIM1
SIM2
SIM3
SIM4
1
21
22
SIM5
SIM1
SIM2
SIM3
SIM4
1
21
22
SIM5
SIM1
SIM2
SIM3
SIM4
1
21
22
SIM5
SIM1
SIM2
SIM3
SIM4
1
21
22
SIM5
SIM1
SIM2
SIM3
SIM4
1
21
22
SIM5
SIM1
SIM2
SIM3
SIM4
1
21
22
SIM5
SIM1
SIM2
SIM3
SIM4
1
21
22
SIM5
SIM1
SIM2
SIM3
SIM4
1
21
22
SIM5
SIM1
SIM2
SIM3
SIM4
1
21
22
SIM5
SIM1
SIM2
SIM3
SIM4
1
21
22
SIM5
SIM1
SIM2
SIM3
SIM4
1
21
22
SIM5
SIM1
SIM2
SIM3
SIM4
1
21
22
SIM5
SIM1
SIM2
SIM3
SIM4
1
21
22
SIM5
SIM1
SIM2
SIM3
SIM4
1
21
22
SIM5
SIM1
SIM2
SIM3
SIM4
1
21
22
SIM5
SIM1
SIM2
SIM3
SIM4
1
21
22
SIM5
SIM1
SIM2
SIM3
SIM4
1
21
22
SIM5
SIM1
SIM2
SIM3
SIM4
1
21
22
SIM5
SIM1
SIM2
SIM3
SIM4
1
21
22
SIM5
SIM1
SIM2
SIM3
SIM4
1
21
22
SIM5
SIM1
SIM2
SIM3
SIM4
1
21
22
SIM5
SIM1
SIM2
SIM3
SIM4
1
21
22
SIM5
SIM1
SIM2
SIM3
SIM4
1
21
22
SIM5
SIM1
SIM2
SIM3
SIM4
1
21
22
SIM5
SIM1
SIM2
SIM3
SIM4
1
21
22
SIM5
SIM1
SIM2
SIM3
SIM4
1
21
22
SIM5
SIM1
SIM2
SIM3
SIM4
1
21
22
SIM5
SIM1
SIM2
SIM3
SIM4
1
21
22
SIM5
SIM1
SIM2
SIM3
SIM4
1
21
22
SIM5
SIM1
SIM2
SIM3
SIM4
1
21
22
SIM5
SIM1
SIM2
SIM3
SIM4
1
21
22
SIM5
SIM1
SIM2
SIM3
SIM4
1
21
22
SIM5
SIM1
SIM2
SIM3
SIM4
1
21
22
SIM5
SIM1
SIM2
SIM3
SIM4
1
21
22
SIM5
SIM1
SIM2
SIM3
SIM4
1
21
22
SIM5
SIM1
SIM2
SIM3
SIM4
1
21
22
SIM5
SIM1
SIM2
SIM3
SIM4
1
21
22
SIM5
SIM1
SIM2
SIM3
SIM4
1
21
22
SIM5
SIM1
SIM2
SIM3
SIM4
1
21
22
SIM5
SIM1
SIM2
SIM3
SIM4
1
21
22
SIM5
SIM1
SIM2
SIM3
SIM4
1
21
22
SIM5
SIM1
SIM2
SIM3
SIM4
1
21
22
SIM5
SIM1
SIM2
SIM3
SIM4
1
21
22
SIM5
SIM1
SIM2
SIM3
SIM4
1
21
22
SIM5
SIM1
SIM2
SIM3
SIM4
1
21
22
SIM5
SIM1
SIM2
SIM3
SIM4
1
21
22
SIM5
SIM1
SIM2
SIM3
SIM4
1
21
22
SIM5
SIM1
SIM2
SIM3
SIM4
1
21
22
SIM5
SIM1
SIM2
SIM3
SIM4
1
21
22
SIM5
SIM1
SIM2
SIM3
SIM4
1
21
22
SIM5
SIM1
SIM2
SIM3
SIM4
1
21
22
SIM5
SIM1
SIM2
SIM3
SIM4
1
21
22
SIM5
SIM1
SIM2
SIM3
SIM4
1
21
22
SIM5
SIM1
SIM2
SIM3
SIM4
1
21
22
SIM5
SIM1
SIM2
SIM3
SIM4
1
21
22
SIM5
SIM1
SIM2
SIM3
SIM4
1
21
22
SIM5
SIM1
SIM2
SIM3
SIM4
1
21
22
SIM5
SIM1
SIM2
SIM3
SIM4
1
21
22
SIM5
SIM1
SIM2
SIM3
SIM4
1
21
22
SIM5
SIM1
SIM2
SIM3
SIM4
1
21
22
SIM5
SIM1
SIM2
SIM3
SIM4
1
21
22
SIM5
SIM1
SIM2
SIM3
SIM4
1
21
22
SIM5
SIM1
SIM2
SIM3
SIM4
1
21
22
SIM5
SIM1
SIM2
SIM3
SIM4
1
21
22
SIM5
SIM1
SIM2
SIM3
SIM4
1
21
22
SIM5
SIM1
SIM2
SIM3
SIM4
1
21
22
SIM5
SIM1
SIM2
SIM3
SIM4
1
21
22
SIM5
SIM1
SIM2
SIM3
SIM4
1
21
22
SIM5
SIM1
SIM2
SIM3
SIM4
1
21
22
SIM5
SIM1
SIM2
SIM3
SIM4
1
21
22
SIM5
SIM1
SIM2
SIM3
SIM4
1
21
22
SIM5
SIM1
SIM2
SIM3
SIM4
1
21
22
SIM5
SIM1
SIM2
SIM3
SIM4
1
21
22
SIM5
SIM1
SIM2
SIM3
SIM4
1
21
22
SIM5
SIM1
SIM2
SIM3
SIM4
1
21
22
SIM5
SIM1
SIM2
SIM3
SIM4
1
21
22
SIM5
SIM1
SIM2
SIM3
SIM4
1
21
22
SIM5
SIM1
SIM2
DEBUG 1 788
SIM1
SIM2
SIM3
SIM4
1
21
22
SIM5
SIM1
SIM2
SIM3
SIM4
1
21
22
SIM5
SIM1
SIM2
SIM3
SIM4
1
21
22
SIM5
SIM1
SIM2
SIM3
SIM4
1
21
22
SIM5
SIM1
SIM2
SIM3
SIM4
1
21
22
SIM5
SIM1
SIM2
SIM3
SIM4
1
21
22
SIM5
SIM1
SIM2
SIM3
SIM4
1
21
22
SIM5
SIM1
SIM2
SIM3
SIM4
1
21
22
SIM5
SIM1
SIM2
SIM3
SIM4
1
21
22
SIM5
SIM1
SIM2
SIM3
SIM4
1
21
22
SIM5
SIM1
SIM2
SIM3
SIM4
1
21
22
SIM5
SIM1
SIM2
SIM3
SIM4
1
21
22
SIM5
SIM1
SIM2
SIM3
SIM4
1
21
22
SIM5
SIM1
SIM2
SIM3
SIM4
1
21
22
SIM5
SIM1
SIM2
SIM3
SIM4
1
21
22
SIM5
SIM1
SIM2
SIM3
SIM4
1
21
22
SIM5
SIM1
SIM2
SIM3
SIM4
1
21
22
SIM5
SIM1
SIM2
SIM3
SIM4
1
21
22
SIM5
SIM1
SIM2
SIM3
SIM4
1
21
22
SIM5
SIM1
SIM2
SIM3
SIM4
1
21
22
SIM5
SIM1
SIM2
SIM3
SIM4
1
21
22
SIM5
SIM1
SIM2
SIM3
SIM4
1
21
22
SIM5
SIM1
SIM2
SIM3
SIM4
1
21
22
SIM5
SIM1
SIM2
SIM3
SIM4
1
21
22
SIM5
SIM1
SIM2
SIM3
SIM4
1
21
22
SIM5
SIM1
SIM2
SIM3
SIM4
1
21
22
SIM5
SIM1
SIM2
SIM3
SIM4
1
21
22
SIM5
SIM1
SIM2
SIM3
SIM4
1
21
22
SIM5
SIM1
SIM2
SIM3
SIM4
1
21
22
SIM5
SIM1
SIM2
SIM3
SIM4
1
21
22
SIM5
SIM1
SIM2
SIM3
SIM4
1
21
22
SIM5
SIM1
SIM2
SIM3
SIM4
1
21
22
SIM5
SIM1
SIM2
SIM3
SIM4
1
21
22
SIM5
SIM1
SIM2
SIM3
SIM4
1
21
22
SIM5
SIM1
SIM2
SIM3
SIM4
1
21
22
SIM5
SIM1
SIM2
SIM3
SIM4
1
21
22
SIM5
SIM1
SIM2
SIM3
SIM4
1
21
22
SIM5
SIM1
SIM2
SIM3
SIM4
1
21
22
SIM5
SIM1
SIM2
SIM3
SIM4
1
21
22
SIM5
SIM1
SIM2
SIM3
SIM4
1
21
22
SIM5
SIM1
SIM2
SIM3
SIM4
1
21
22
SIM5
SIM1
SIM2
SIM3
SIM4
1
21
22
SIM5
SIM1
SIM2
SIM3
SIM4
1
21
22
SIM5
SIM1
SIM2
SIM3
SIM4
1
21
22
SIM5
SIM1
SIM2
SIM3
SIM4
1
21
22
SIM5
SIM1
SIM2
SIM3
SIM4
1
21
22
SIM5
SIM1
SIM2
SIM3
SIM4
1
21
22
SIM5
SIM1
SIM2
SIM3
SIM4
1
21
22
SIM5
SIM1
SIM2
SIM3
SIM4
1
21
22
SIM5
SIM1
SIM2
SIM3
SIM4
1
21
22
SIM5
SIM1
SIM2
SIM3
SIM4
1
21
22
SIM5
SIM1
SIM2
SIM3
SIM4
1
21
22
SIM5
SIM1
SIM2
SIM3
SIM4
1
21
22
SIM5
SIM1
SIM2
SIM3
SIM4
1
21
22
SIM5
SIM1
SIM2
SIM3
SIM4
1
21
22
SIM5
SIM1
SIM2
SIM3
SIM4
1
21
22
SIM5
SIM1
SIM2
SIM3
SIM4
1
21
22
SIM5
SIM1
SIM2
SIM3
SIM4
1
21
22
SIM5
SIM1
SIM2
SIM3
SIM4
1
21
22
SIM5
SIM1
SIM2
SIM3
SIM4
1
21
22
SIM5
SIM1
SIM2
SIM3
SIM4
1
21
22
SIM5
SIM1
SIM2
SIM3
SIM4
1
21
22
SIM5
SIM1
SIM2
SIM3
SIM4
1
21
22
SIM5
SIM1
SIM2
SIM3
SIM4
1
21
22
SIM5
SIM1
SIM2
SIM3
SIM4
1
21
22
SIM5
SIM1
SIM2
SIM3
SIM4
1
21
22
SIM5
SIM1
SIM2
SIM3
SIM4
1
21
22
SIM5
SIM1
SIM2
SIM3
SIM4
1
21
22
SIM5
SIM1
SIM2
SIM3
SIM4
1
21
22
SIM5
SIM1
SIM2
SIM3
SIM4
1
21
22
SIM5
SIM1
SIM2
SIM3
SIM4
1
21
22
SIM5
SIM1
SIM2
SIM3
SIM4
1
21
22
SIM5
SIM1
SIM2
SIM3
SIM4
1
21
22
SIM5
SIM1
SIM2
SIM3
SIM4
1
21
22
SIM5
SIM1
SIM2
SIM3
SIM4
1
21
22
SIM5
SIM1
SIM2
SIM3
SIM4
1
21
22
SIM5
SIM1
SIM2
SIM3
SIM4
1
21
22
SIM5
SIM1
SIM2
SIM3
SIM4
1
21
22
SIM5
SIM1
SIM2
SIM3
SIM4
1
21
22
SIM5
SIM1
SIM2
SIM3
SIM4
1
21
22
SIM5
SIM1
SIM2
SIM3
SIM4
1
21
22
SIM5
SIM1
SIM2
SIM3
SIM4
1
21
22
SIM5
SIM1
SIM2
SIM3
SIM4
1
21
22
SIM5
SIM1
SIM2
SIM3
SIM4
1
21
22
SIM5
SIM1
SIM2
SIM3
SIM4
1
21
22
SIM5
SIM1
SIM2
SIM3
SIM4
1
21
22
SIM5
SIM1
SIM2
SIM3
SIM4
1
21
22
SIM5
SIM1
SIM2
SIM3
SIM4
1
21
22
SIM5
SIM1
SIM2
SIM3
SIM4
1
21
22
SIM5
SIM1
SIM2
SIM3
SIM4
1
21
22
SIM5
SIM1
SIM2
SIM3
SIM4
1
21
22
SIM5
SIM1
SIM2
SIM3
SIM4
1
21
22
SIM5
SIM1
SIM2
SIM3
SIM4
1
21
22
SIM5
SIM1
SIM2
SIM3
SIM4
1
21
22
SIM5
SIM1
SIM2
SIM3
SIM4
1
21
22
SIM5
SIM1
SIM2
SIM3
SIM4
1
21
22
SIM5
SIM1
SIM2
SIM3
SIM4
1
21
22
SIM5
SIM1
SIM2
SIM3
SIM4
1
21
22
SIM5
SIM1
SIM2
SIM3
SIM4
1
21
22
SIM5
SIM1
SIM2
SIM3
SIM4
1
21
22
SIM5
SIM1
SIM2
SIM3
SIM4
1
21
22
SIM5
SIM1
SIM2
SIM3
SIM4
1
21
22
SIM5
SIM1
SIM2
SIM3
SIM4
1
21
22
SIM5
SIM1
SIM2
SIM3
SIM4
1
21
22
SIM5
SIM1
SIM2
SIM3
SIM4
1
21
22
SIM5
SIM1
SIM2
SIM3
SIM4
1
21
22
SIM5
SIM1
SIM2
SIM3
SIM4
1
21
22
SIM5
SIM1
SIM2
SIM3
SIM4
1
21
22
SIM5
SIM1
SIM2
SIM3
SIM4
1
21
22
SIM5
SIM1
SIM2
SIM3
SIM4
1
21
22
SIM5
SIM1
SIM2
SIM3
SIM4
1
21
22
SIM5
SIM1
SIM2
SIM3
SIM4
1
21
22
SIM5
SIM1
SIM2
SIM3
SIM4
1
21
22
SIM5
SIM1
SIM2
SIM3
SIM4
1
21
22
SIM5
SIM1
SIM2
SIM3
SIM4
1
21
22
SIM5
SIM1
SIM2
SIM3
SIM4
1
21
22
SIM5
SIM1
SIM2
SIM3
SIM4
1
21
22
SIM5
SIM1
SIM2
SIM3
SIM4
1
21
22
SIM5
SIM1
SIM2
SIM3
SIM4
1
21
22
SIM5
SIM1
SIM2
SIM3
SIM4
1
21
22
SIM5
SIM1
SIM2
SIM3
SIM4
1
21
22
SIM5
SIM1
SIM2
SIM3
SIM4
1
21
22
SIM5
SIM1
SIM2
SIM3
SIM4
1
21
22
SIM5
SIM1
SIM2
SIM3
SIM4
1
21
22
SIM5
SIM1
SIM2
SIM3
SIM4
1
21
22
SIM5
SIM1
SIM2
SIM3
SIM4
1
21
22
SIM5
SIM1
SIM2
SIM3
SIM4
1
21
22
SIM5
SIM1
SIM2
SIM3
SIM4
1
21
22
SIM5
SIM1
SIM2
SIM3
SIM4
1
21
22
SIM5
SIM1
SIM2
SIM3
SIM4
1
21
22
SIM5
SIM1
SIM2
SIM3
SIM4
1
21
22
SIM5
SIM1
SIM2
SIM3
SIM4
1
21
22
SIM5
SIM1
SIM2
SIM3
SIM4
1
21
22
SIM5
SIM1
SIM2
SIM3
SIM4
1
21
22
SIM5
SIM1
SIM2
SIM3
SIM4
1
21
22
SIM5
SIM1
SIM2
SIM3
SIM4
1
21
22
SIM5
SIM1
SIM2
SIM3
SIM4
1
21
22
SIM5
SIM1
SIM2
SIM3
SIM4
1
21
22
SIM5
SIM1
SIM2
SIM3
SIM4
1
21
22
SIM5
SIM1
SIM2
SIM3
SIM4
1
21
22
SIM5
SIM1
SIM2
SIM3
SIM4
1
21
22
SIM5
SIM1
SIM2
SIM3
SIM4
1
21
22
SIM5
SIM1
SIM2
SIM3
SIM4
1
21
22
SIM5
SIM1
SIM2
SIM3
SIM4
1
21
22
SIM5
SIM1
SIM2
SIM3
SIM4
1
21
22
SIM5
SIM1
SIM2
SIM3
SIM4
1
21
22
SIM5
SIM1
SIM2
SIM3
SIM4
1
21
22
SIM5
SIM1
SIM2
SIM3
SIM4
1
21
22
SIM5
SIM1
SIM2
SIM3
SIM4
1
21
22
SIM5
SIM1
SIM2
SIM3
SIM4
1
21
22
SIM5
SIM1
SIM2
SIM3
SIM4
1
21
22
SIM5
SIM1
SIM2
SIM3
SIM4
1
21
22
SIM5
SIM1
SIM2
SIM3
SIM4
1
21
22
SIM5
SIM1
SIM2
SIM3
SIM4
1
21
22
SIM5
SIM1
SIM2
SIM3
SIM4
1
21
22
SIM5
SIM1
SIM2
DEBUG 1 789
SIM1
SIM2
SIM3
SIM4
1
21
22
SIM5
SIM1
SIM2
SIM3
SIM4
1
21
22
SIM5
SIM1
SIM2
SIM3
SIM4
1
21
22
SIM5
SIM1
SIM2
SIM3
SIM4
1
21
22
SIM5
SIM1
SIM2
SIM3
SIM4
1
21
22
SIM5
SIM1
SIM2
SIM3
SIM4
1
21
22
SIM5
SIM1
SIM2
SIM3
SIM4
1
21
22
SIM5
SIM1
SIM2
SIM3
SIM4
1
21
22
SIM5
SIM1
SIM2
SIM3
SIM4
1
21
22
SIM5
SIM1
SIM2
SIM3
SIM4
1
21
22
SIM5
SIM1
SIM2
SIM3
SIM4
1
21
22
SIM5
SIM1
SIM2
SIM3
SIM4
1
21
22
SIM5
SIM1
SIM2
SIM3
SIM4
1
21
22
SIM5
SIM1
SIM2
SIM3
SIM4
1
21
22
SIM5
SIM1
SIM2
SIM3
SIM4
1
21
22
SIM5
SIM1
SIM2
SIM3
SIM4
1
21
22
SIM5
SIM1
SIM2
SIM3
SIM4
1
21
22
SIM5
SIM1
SIM2
SIM3
SIM4
1
21
22
SIM5
SIM1
SIM2
SIM3
SIM4
1
21
22
SIM5
SIM1
SIM2
SIM3
SIM4
1
21
22
SIM5
SIM1
SIM2
SIM3
SIM4
1
21
22
SIM5
SIM1
SIM2
SIM3
SIM4
1
21
22
SIM5
SIM1
SIM2
SIM3
SIM4
1
21
22
SIM5
SIM1
SIM2
SIM3
SIM4
1
21
22
SIM5
SIM1
SIM2
SIM3
SIM4
1
21
22
SIM5
SIM1
SIM2
SIM3
SIM4
1
21
22
SIM5
SIM1
SIM2
SIM3
SIM4
1
21
22
SIM5
SIM1
SIM2
SIM3
SIM4
1
21
22
SIM5
SIM1
SIM2
SIM3
SIM4
1
21
22
SIM5
SIM1
SIM2
SIM3
SIM4
1
21
22
SIM5
SIM1
SIM2
SIM3
SIM4
1
21
22
SIM5
SIM1
SIM2
SIM3
SIM4
1
21
22
SIM5
SIM1
SIM2
SIM3
SIM4
1
21
22
SIM5
SIM1
SIM2
SIM3
SIM4
1
21
22
SIM5
SIM1
SIM2
SIM3
SIM4
1
21
22
SIM5
SIM1
SIM2
SIM3
SIM4
1
21
22
SIM5
SIM1
SIM2
SIM3
SIM4
1
21
22
SIM5
SIM1
SIM2
SIM3
SIM4
1
21
22
SIM5
SIM1
SIM2
SIM3
SIM4
1
21
22
SIM5
SIM1
SIM2
SIM3
SIM4
1
21
22
SIM5
SIM1
SIM2
SIM3
SIM4
1
21
22
SIM5
SIM1
SIM2
SIM3
SIM4
1
21
22
SIM5
SIM1
SIM2
SIM3
SIM4
1
21
22
SIM5
SIM1
SIM2
SIM3
SIM4
1
21
22
SIM5
SIM1
SIM2
SIM3
SIM4
1
21
22
SIM5
SIM1
SIM2
SIM3
SIM4
1
21
22
SIM5
SIM1
SIM2
SIM3
SIM4
1
21
22
SIM5
SIM1
SIM2
SIM3
SIM4
1
21
22
SIM5
SIM1
SIM2
SIM3
SIM4
1
21
22
SIM5
SIM1
SIM2
SIM3
SIM4
1
21
22
SIM5
SIM1
SIM2
SIM3
SIM4
1
21
22
SIM5
SIM1
SIM2
SIM3
SIM4
1
21
22
SIM5
SIM1
SIM2
SIM3
SIM4
1
21
22
SIM5
SIM1
SIM2
SIM3
SIM4
1
21
22
SIM5
SIM1
SIM2
SIM3
SIM4
1
21
22
SIM5
SIM1
SIM2
SIM3
SIM4
1
21
22
SIM5
SIM1
SIM2
SIM3
SIM4
1
21
22
SIM5
SIM1
SIM2
SIM3
SIM4
1
21
22
SIM5
SIM1
SIM2
SIM3
SIM4
1
21
22
SIM5
SIM1
SIM2
SIM3
SIM4
1
21
22
SIM5
SIM1
SIM2
SIM3
SIM4
1
21
22
SIM5
SIM1
SIM2
SIM3
SIM4
1
21
22
SIM5
SIM1
SIM2
SIM3
SIM4
1
21
22
SIM5
SIM1
SIM2
SIM3
SIM4
1
21
22
SIM5
SIM1
SIM2
SIM3
SIM4
1
21
22
SIM5
SIM1
SIM2
SIM3
SIM4
1
21
22
SIM5
SIM1
SIM2
SIM3
SIM4
1
21
22
SIM5
SIM1
SIM2
SIM3
SIM4
1
21
22
SIM5
SIM1
SIM2
SIM3
SIM4
1
21
22
SIM5
SIM1
SIM2
SIM3
SIM4
1
21
22
SIM5
SIM1
SIM2
SIM3
SIM4
1
21
22
SIM5
SIM1
SIM2
SIM3
SIM4
1
21
22
SIM5
SIM1
SIM2
SIM3
SIM4
1
21
22
SIM5
SIM1
SIM2
SIM3
SIM4
1
21
22
SIM5
SIM1
SIM2
DEBUG 1 790
SIM1
SIM2
SIM3
SIM4
1
21
22
SIM5
SIM1
SIM2
SIM3
SIM4
1
21
22
SIM5
SIM1
SIM2
SIM3
SIM4
1
21
22
SIM5
SIM1
SIM2
SIM3
SIM4
1
21
22
SIM5
SIM1
SIM2
SIM3
SIM4
1
21
22
SIM5
SIM1
SIM2
SIM3
SIM4
1
21
22
SIM5
SIM1
SIM2
SIM3
SIM4
1
21
22
SIM5
SIM1
SIM2
SIM3
SIM4
1
21
22
SIM5
SIM1
SIM2
SIM3
SIM4
1
21
22
SIM5
SIM1
SIM2
SIM3
SIM4
1
21
22
SIM5
SIM1
SIM2
SIM3
SIM4
1
21
22
SIM5
SIM1
SIM2
SIM3
SIM4
1
21
22
SIM5
SIM1
SIM2
SIM3
SIM4
1
21
22
SIM5
SIM1
SIM2
SIM3
SIM4
1
21
22
SIM5
SIM1
SIM2
SIM3
SIM4
1
21
22
SIM5
SIM1
SIM2
SIM3
SIM4
1
21
22
SIM5
SIM1
SIM2
SIM3
SIM4
1
21
22
SIM5
SIM1
SIM2
SIM3
SIM4
1
21
22
SIM5
SIM1
SIM2
SIM3
SIM4
1
21
22
SIM5
SIM1
SIM2
SIM3
SIM4
1
21
22
SIM5
SIM1
SIM2
SIM3
SIM4
1
21
22
SIM5
SIM1
SIM2
SIM3
SIM4
1
21
22
SIM5
SIM1
SIM2
SIM3
SIM4
1
21
22
SIM5
SIM1
SIM2
SIM3
SIM4
1
21
22
SIM5
SIM1
SIM2
SIM3
SIM4
1
21
22
SIM5
SIM1
SIM2
SIM3
SIM4
1
21
22
SIM5
SIM1
SIM2
SIM3
SIM4
1
21
22
SIM5
SIM1
SIM2
SIM3
SIM4
1
21
22
SIM5
SIM1
SIM2
SIM3
SIM4
1
21
22
SIM5
SIM1
SIM2
SIM3
SIM4
1
21
22
SIM5
SIM1
SIM2
SIM3
SIM4
1
21
22
SIM5
SIM1
SIM2
SIM3
SIM4
1
21
22
SIM5
SIM1
SIM2
SIM3
SIM4
1
21
22
SIM5
SIM1
SIM2
SIM3
SIM4
1
21
22
SIM5
SIM1
SIM2
SIM3
SIM4
1
21
22
SIM5
SIM1
SIM2
SIM3
SIM4
1
21
22
SIM5
SIM1
SIM2
SIM3
SIM4
1
21
22
SIM5
SIM1
SIM2
SIM3
SIM4
1
21
22
SIM5
SIM1
SIM2
SIM3
SIM4
1
21
22
SIM5
SIM1
SIM2
SIM3
SIM4
1
21
22
SIM5
SIM1
SIM2
SIM3
SIM4
1
21
22
SIM5
SIM1
SIM2
SIM3
SIM4
1
21
22
SIM5
SIM1
SIM2
SIM3
SIM4
1
21
22
SIM5
SIM1
SIM2
SIM3
SIM4
1
21
22
SIM5
SIM1
SIM2
SIM3
SIM4
1
21
22
SIM5
SIM1
SIM2
SIM3
SIM4
1
21
22
SIM5
SIM1
SIM2
SIM3
SIM4
1
21
22
SIM5
SIM1
SIM2
SIM3
SIM4
1
21
22
SIM5
SIM1
SIM2
SIM3
SIM4
1
21
22
SIM5
SIM1
SIM2
SIM3
SIM4
1
21
22
SIM5
SIM1
SIM2
SIM3
SIM4
1
21
22
SIM5
SIM1
SIM2
SIM3
SIM4
1
21
22
SIM5
SIM1
SIM2
SIM3
SIM4
1
21
22
SIM5
SIM1
SIM2
SIM3
SIM4
1
21
22
SIM5
SIM1
SIM2
SIM3
SIM4
1
21
22
SIM5
SIM1
SIM2
SIM3
SIM4
1
21
22
SIM5
SIM1
SIM2
SIM3
SIM4
1
21
22
SIM5
SIM1
SIM2
SIM3
SIM4
1
21
22
SIM5
SIM1
SIM2
SIM3
SIM4
1
21
22
SIM5
SIM1
SIM2
SIM3
SIM4
1
21
22
SIM5
SIM1
SIM2
SIM3
SIM4
1
21
22
SIM5
SIM1
SIM2
SIM3
SIM4
1
21
22
SIM5
SIM1
SIM2
SIM3
SIM4
1
21
22
SIM5
SIM1
SIM2
SIM3
SIM4
1
21
22
SIM5
SIM1
SIM2
SIM3
SIM4
1
21
22
SIM5
SIM1
SIM2
SIM3
SIM4
1
21
22
SIM5
SIM1
SIM2
SIM3
SIM4
1
21
22
SIM5
SIM1
SIM2
SIM3
SIM4
1
21
22
SIM5
SIM1
SIM2
SIM3
SIM4
1
21
22
SIM5
SIM1
SIM2
SIM3
SIM4
1
21
22
SIM5
SIM1
SIM2
SIM3
SIM4
1
21
22
SIM5
SIM1
SIM2
SIM3
SIM4
1
21
22
SIM5
SIM1
SIM2
SIM3
SIM4
1
21
22
SIM5
SIM1
SIM2
SIM3
SIM4
1
21
22
SIM5
SIM1
SIM2
SIM3
SIM4
1
21
22
SIM5
SIM1
SIM2
SIM3
SIM4
1
21
22
SIM5
SIM1
SIM2
SIM3
SIM4
1
21
22
SIM5
SIM1
SIM2
SIM3
SIM4
1
21
22
SIM5
SIM1
SIM2
SIM3
SIM4
1
21
22
SIM5
SIM1
SIM2
SIM3
SIM4
1
21
22
SIM5
SIM1
SIM2
SIM3
SIM4
1
21
22
SIM5
SIM1
SIM2
SIM3
SIM4
1
21
22
SIM5
SIM1
SIM2
SIM3
SIM4
1
21
22
SIM5
SIM1
SIM2
SIM3
SIM4
1
21
22
SIM5
SIM1
SIM2
SIM3
SIM4
1
21
22
SIM5
SIM1
SIM2
SIM3
SIM4
1
21
22
SIM5
SIM1
SIM2
SIM3
SIM4
1
21
22
SIM5
SIM1
SIM2
SIM3
SIM4
1
21
22
SIM5
SIM1
SIM2
SIM3
SIM4
1
21
22
SIM5
SIM1
SIM2
SIM3
SIM4
1
21
22
SIM5
SIM1
SIM2
SIM3
SIM4
1
21
22
SIM5
SIM1
SIM2
SIM3
SIM4
1
21
22
SIM5
SIM1
SIM2
SIM3
SIM4
1
21
22
SIM5
SIM1
SIM2
SIM3
SIM4
1
21
22
SIM5
SIM1
SIM2
SIM3
SIM4
1
21
22
SIM5
SIM1
SIM2
SIM3
SIM4
1
21
22
SIM5
SIM1
SIM2
SIM3
SIM4
1
21
22
SIM5
SIM1
SIM2
SIM3
SIM4
1
21
22
SIM5
SIM1
SIM2
SIM3
SIM4
1
21
22
SIM5
SIM1
SIM2
SIM3
SIM4
1
21
22
SIM5
SIM1
SIM2
SIM3
SIM4
1
21
22
SIM5
SIM1
SIM2
SIM3
SIM4
1
21
22
SIM5
SIM1
SIM2
SIM3
SIM4
1
21
22
SIM5
SIM1
SIM2
SIM3
SIM4
1
21
22
SIM5
SIM1
SIM2
SIM3
SIM4
1
21
22
SIM5
SIM1
SIM2
SIM3
SIM4
1
21
22
SIM5
SIM1
SIM2
SIM3
SIM4
1
21
22
SIM5
SIM1
SIM2
SIM3
SIM4
1
21
22
SIM5
SIM1
SIM2
SIM3
SIM4
1
21
22
SIM5
SIM1
SIM2
SIM3
SIM4
1
21
22
SIM5
SIM1
SIM2
SIM3
SIM4
1
21
22
SIM5
SIM1
SIM2
SIM3
SIM4
1
21
22
SIM5
SIM1
SIM2
SIM3
SIM4
1
21
22
SIM5
SIM1
SIM2
SIM3
SIM4
1
21
22
SIM5
SIM1
SIM2
SIM3
SIM4
1
21
22
SIM5
SIM1
SIM2
SIM3
SIM4
1
21
22
SIM5
SIM1
SIM2
SIM3
SIM4
1
21
22
SIM5
SIM1
SIM2
SIM3
SIM4
1
21
22
SIM5
SIM1
SIM2
SIM3
SIM4
1
21
22
SIM5
SIM1
SIM2
SIM3
SIM4
1
21
22
SIM5
SIM1
SIM2
SIM3
SIM4
1
21
22
SIM5
SIM1
SIM2
SIM3
SIM4
1
21
22
SIM5
SIM1
SIM2
SIM3
SIM4
1
21
22
SIM5
SIM1
SIM2
SIM3
SIM4
1
21
22
SIM5
SIM1
SIM2
SIM3
SIM4
1
21
22
SIM5
SIM1
SIM2
SIM3
SIM4
1
21
22
SIM5
SIM1
SIM2
SIM3
SIM4
1
21
22
SIM5
SIM1
SIM2
SIM3
SIM4
1
21
22
SIM5
SIM1
SIM2
SIM3
SIM4
1
21
22
SIM5
SIM1
SIM2
SIM3
SIM4
1
21
22
SIM5
SIM1
SIM2
SIM3
SIM4
1
21
22
SIM5
SIM1
SIM2
SIM3
SIM4
1
21
22
SIM5
SIM1
SIM2
SIM3
SIM4
1
21
22
SIM5
SIM1
SIM2
SIM3
SIM4
1
21
22
SIM5
SIM1
SIM2
SIM3
SIM4
1
21
22
SIM5
SIM1
SIM2
SIM3
SIM4
1
21
22
SIM5
SIM1
SIM2
SIM3
SIM4
1
21
22
SIM5
SIM1
SIM2
SIM3
SIM4
1
21
22
SIM5
SIM1
SIM2
SIM3
SIM4
1
21
22
SIM5
SIM1
SIM2
SIM3
SIM4
1
21
22
SIM5
SIM1
SIM2
SIM3
SIM4
1
21
22
SIM5
SIM1
SIM2
SIM3
SIM4
1
21
22
SIM5
SIM1
SIM2
SIM3
SIM4
1
21
22
SIM5
SIM1
SIM2
SIM3
SIM4
1
21
22
SIM5
SIM1
SIM2
SIM3
SIM4
1
21
22
SIM5
SIM1
SIM2
SIM3
SIM4
1
21
22
SIM5
SIM1
SIM2
SIM3
SIM4
1
21
22
SIM5
SIM1
SIM2
SIM3
SIM4
1
21
22
SIM5
SIM1
SIM2
DEBUG 1 791
SIM1
SIM2
SIM3
SIM4
1
21
22
SIM5
SIM1
SIM2
SIM3
SIM4
1
21
22
SIM5
SIM1
SIM2
SIM3
SIM4
1
21
22
SIM5
SIM1
SIM2
SIM3
SIM4
1
21
22
SIM5
SIM1
SIM2
SIM3
SIM4
1
21
22
SIM5
SIM1
SIM2
SIM3
SIM4
1
21
22
SIM5
SIM1
SIM2
SIM3
SIM4
1
21
22
SIM5
SIM1
SIM2
SIM3
SIM4
1
21
22
SIM5
SIM1
SIM2
SIM3
SIM4
1
21
22
SIM5
SIM1
SIM2
SIM3
SIM4
1
21
22
SIM5
SIM1
SIM2
SIM3
SIM4
1
21
22
SIM5
SIM1
SIM2
SIM3
SIM4
1
21
22
SIM5
SIM1
SIM2
SIM3
SIM4
1
21
22
SIM5
SIM1
SIM2
SIM3
SIM4
1
21
22
SIM5
SIM1
SIM2
SIM3
SIM4
1
21
22
SIM5
SIM1
SIM2
SIM3
SIM4
1
21
22
SIM5
SIM1
SIM2
SIM3
SIM4
1
21
22
SIM5
SIM1
SIM2
SIM3
SIM4
1
21
22
SIM5
SIM1
SIM2
SIM3
SIM4
1
21
22
SIM5
SIM1
SIM2
SIM3
SIM4
1
21
22
SIM5
SIM1
SIM2
SIM3
SIM4
1
21
22
SIM5
SIM1
SIM2
SIM3
SIM4
1
21
22
SIM5
SIM1
SIM2
SIM3
SIM4
1
21
22
SIM5
SIM1
SIM2
SIM3
SIM4
1
21
22
SIM5
SIM1
SIM2
SIM3
SIM4
1
21
22
SIM5
SIM1
SIM2
SIM3
SIM4
1
21
22
SIM5
SIM1
SIM2
SIM3
SIM4
1
21
22
SIM5
SIM1
SIM2
SIM3
SIM4
1
21
22
SIM5
SIM1
SIM2
SIM3
SIM4
1
21
22
SIM5
SIM1
SIM2
SIM3
SIM4
1
21
22
SIM5
SIM1
SIM2
SIM3
SIM4
1
21
22
SIM5
SIM1
SIM2
SIM3
SIM4
1
21
22
SIM5
SIM1
SIM2
SIM3
SIM4
1
21
22
SIM5
SIM1
SIM2
SIM3
SIM4
1
21
22
SIM5
SIM1
SIM2
SIM3
SIM4
1
21
22
SIM5
SIM1
SIM2
SIM3
SIM4
1
21
22
SIM5
SIM1
SIM2
SIM3
SIM4
1
21
22
SIM5
SIM1
SIM2
SIM3
SIM4
1
21
22
SIM5
SIM1
SIM2
SIM3
SIM4
1
21
22
SIM5
SIM1
SIM2
SIM3
SIM4
1
21
22
SIM5
SIM1
SIM2
SIM3
SIM4
1
21
22
SIM5
SIM1
SIM2
SIM3
SIM4
1
21
22
SIM5
SIM1
SIM2
SIM3
SIM4
1
21
22
SIM5
SIM1
SIM2
SIM3
SIM4
1
21
22
SIM5
SIM1
SIM2
SIM3
SIM4
1
21
22
SIM5
SIM1
SIM2
SIM3
SIM4
1
21
22
SIM5
SIM1
SIM2
SIM3
SIM4
1
21
22
SIM5
SIM1
SIM2
SIM3
SIM4
1
21
22
SIM5
SIM1
SIM2
SIM3
SIM4
1
21
22
SIM5
SIM1
SIM2
SIM3
SIM4
1
21
22
SIM5
SIM1
SIM2
SIM3
SIM4
1
21
22
SIM5
SIM1
SIM2
SIM3
SIM4
1
21
22
SIM5
SIM1
SIM2
SIM3
SIM4
1
21
22
SIM5
SIM1
SIM2
SIM3
SIM4
1
21
22
SIM5
SIM1
SIM2
SIM3
SIM4
1
21
22
SIM5
SIM1
SIM2
SIM3
SIM4
1
21
22
SIM5
SIM1
SIM2
SIM3
SIM4
1
21
22
SIM5
SIM1
SIM2
SIM3
SIM4
1
21
22
SIM5
SIM1
SIM2
SIM3
SIM4
1
21
22
SIM5
SIM1
SIM2
SIM3
SIM4
1
21
22
SIM5
SIM1
SIM2
SIM3
SIM4
1
21
22
SIM5
SIM1
SIM2
SIM3
SIM4
1
21
22
SIM5
SIM1
SIM2
SIM3
SIM4
1
21
22
SIM5
SIM1
SIM2
SIM3
SIM4
1
21
22
SIM5
SIM1
SIM2
SIM3
SIM4
1
21
22
SIM5
SIM1
SIM2
SIM3
SIM4
1
21
22
SIM5
SIM1
SIM2
SIM3
SIM4
1
21
22
SIM5
SIM1
SIM2
SIM3
SIM4
1
21
22
SIM5
SIM1
SIM2
SIM3
SIM4
1
21
22
SIM5
SIM1
SIM2
SIM3
SIM4
1
21
22
SIM5
SIM1
SIM2
SIM3
SIM4
1
21
22
SIM5
SIM1
SIM2
SIM3
SIM4
1
21
22
SIM5
SIM1
SIM2
SIM3
SIM4
1
21
22
SIM5
SIM1
SIM2
SIM3
SIM4
1
21
22
SIM5
SIM1
SIM2
SIM3
SIM4
1
21
22
SIM5
SIM1
SIM2
SIM3
SIM4
1
21
22
SIM5
SIM1
SIM2
SIM3
SIM4
1
21
22
SIM5
SIM1
SIM2
SIM3
SIM4
1
21
22
SIM5
SIM1
SIM2
SIM3
SIM4
1
21
22
SIM5
SIM1
SIM2
SIM3
SIM4
1
21
22
SIM5
SIM1
SIM2
SIM3
SIM4
1
21
22
SIM5
SIM1
SIM2
SIM3
SIM4
1
21
22
SIM5
SIM1
SIM2
SIM3
SIM4
1
21
22
SIM5
SIM1
SIM2
SIM3
SIM4
1
21
22
SIM5
SIM1
SIM2
SIM3
SIM4
1
21
22
SIM5
SIM1
SIM2
SIM3
SIM4
1
21
22
SIM5
SIM1
SIM2
SIM3
SIM4
1
21
22
SIM5
SIM1
SIM2
SIM3
SIM4
1
21
22
SIM5
SIM1
SIM2
SIM3
SIM4
1
21
22
SIM5
SIM1
SIM2
SIM3
SIM4
1
21
22
SIM5
SIM1
SIM2
SIM3
SIM4
1
21
22
SIM5
SIM1
SIM2
SIM3
SIM4
1
21
22
SIM5
SIM1
SIM2
SIM3
SIM4
1
21
22
SIM5
SIM1
SIM2
SIM3
SIM4
1
21
22
SIM5
SIM1
SIM2
SIM3
SIM4
1
21
22
SIM5
SIM1
SIM2
SIM3
SIM4
1
21
22
SIM5
SIM1
SIM2
SIM3
SIM4
1
21
22
SIM5
SIM1
SIM2
SIM3
SIM4
1
21
22
SIM5
SIM1
SIM2
DEBUG 1 792
SIM1
SIM2
SIM3
SIM4
1
21
22
SIM5
SIM1
SIM2
SIM3
SIM4
1
21
22
SIM5
SIM1
SIM2
SIM3
SIM4
1
21
22
SIM5
SIM1
SIM2
SIM3
SIM4
1
21
22
SIM5
SIM1
SIM2
SIM3
SIM4
1
21
22
SIM5
SIM1
SIM2
SIM3
SIM4
1
21
22
SIM5
SIM1
SIM2
SIM3
SIM4
1
21
22
SIM5
SIM1
SIM2
SIM3
SIM4
1
21
22
SIM5
SIM1
SIM2
SIM3
SIM4
1
21
22
SIM5
SIM1
SIM2
SIM3
SIM4
1
21
22
SIM5
SIM1
SIM2
SIM3
SIM4
1
21
22
SIM5
SIM1
SIM2
SIM3
SIM4
1
21
22
SIM5
SIM1
SIM2
SIM3
SIM4
1
21
22
SIM5
SIM1
SIM2
SIM3
SIM4
1
21
22
SIM5
SIM1
SIM2
SIM3
SIM4
1
21
22
SIM5
SIM1
SIM2
SIM3
SIM4
1
21
22
SIM5
SIM1
SIM2
SIM3
SIM4
1
21
22
SIM5
SIM1
SIM2
SIM3
SIM4
1
21
22
SIM5
SIM1
SIM2
SIM3
SIM4
1
21
22
SIM5
SIM1
SIM2
SIM3
SIM4
1
21
22
SIM5
SIM1
SIM2
SIM3
SIM4
1
21
22
SIM5
SIM1
SIM2
SIM3
SIM4
1
21
22
SIM5
SIM1
SIM2
SIM3
SIM4
1
21
22
SIM5
SIM1
SIM2
SIM3
SIM4
1
21
22
SIM5
SIM1
SIM2
SIM3
SIM4
1
21
22
SIM5
SIM1
SIM2
SIM3
SIM4
1
21
22
SIM5
SIM1
SIM2
SIM3
SIM4
1
21
22
SIM5
SIM1
SIM2
SIM3
SIM4
1
21
22
SIM5
SIM1
SIM2
SIM3
SIM4
1
21
22
SIM5
SIM1
SIM2
SIM3
SIM4
1
21
22
SIM5
SIM1
SIM2
SIM3
SIM4
1
21
22
SIM5
SIM1
SIM2
SIM3
SIM4
1
21
22
SIM5
SIM1
SIM2
SIM3
SIM4
1
21
22
SIM5
SIM1
SIM2
SIM3
SIM4
1
21
22
SIM5
SIM1
SIM2
SIM3
SIM4
1
21
22
SIM5
SIM1
SIM2
SIM3
SIM4
1
21
22
SIM5
SIM1
SIM2
SIM3
SIM4
1
21
22
SIM5
SIM1
SIM2
SIM3
SIM4
1
21
22
SIM5
SIM1
SIM2
SIM3
SIM4
1
21
22
SIM5
SIM1
SIM2
SIM3
SIM4
1
21
22
SIM5
SIM1
SIM2
SIM3
SIM4
1
21
22
SIM5
SIM1
SIM2
SIM3
SIM4
1
21
22
SIM5
SIM1
SIM2
SIM3
SIM4
1
21
22
SIM5
SIM1
SIM2
SIM3
SIM4
1
21
22
SIM5
SIM1
SIM2
SIM3
SIM4
1
21
22
SIM5
SIM1
SIM2
SIM3
SIM4
1
21
22
SIM5
SIM1
SIM2
SIM3
SIM4
1
21
22
SIM5
SIM1
SIM2
SIM3
SIM4
1
21
22
SIM5
SIM1
SIM2
SIM3
SIM4
1
21
22
SIM5
SIM1
SIM2
SIM3
SIM4
1
21
22
SIM5
SIM1
SIM2
SIM3
SIM4
1
21
22
SIM5
SIM1
SIM2
SIM3
SIM4
1
21
22
SIM5
SIM1
SIM2
SIM3
SIM4
1
21
22
SIM5
SIM1
SIM2
SIM3
SIM4
1
21
22
SIM5
SIM1
SIM2
SIM3
SIM4
1
21
22
SIM5
SIM1
SIM2
SIM3
SIM4
1
21
22
SIM5
SIM1
SIM2
SIM3
SIM4
1
21
22
SIM5
SIM1
SIM2
SIM3
SIM4
1
21
22
SIM5
SIM1
SIM2
SIM3
SIM4
1
21
22
SIM5
SIM1
SIM2
SIM3
SIM4
1
21
22
SIM5
SIM1
SIM2
SIM3
SIM4
1
21
22
SIM5
SIM1
SIM2
SIM3
SIM4
1
21
22
SIM5
SIM1
SIM2
SIM3
SIM4
1
21
22
SIM5
SIM1
SIM2
SIM3
SIM4
1
21
22
SIM5
SIM1
SIM2
SIM3
SIM4
1
21
22
SIM5
SIM1
SIM2
SIM3
SIM4
1
21
22
SIM5
SIM1
SIM2
SIM3
SIM4
1
21
22
SIM5
SIM1
SIM2
SIM3
SIM4
1
21
22
SIM5
SIM1
SIM2
SIM3
SIM4
1
21
22
SIM5
SIM1
SIM2
SIM3
SIM4
1
21
22
SIM5
SIM1
SIM2
SIM3
SIM4
1
21
22
SIM5
SIM1
SIM2
SIM3
SIM4
1
21
22
SIM5
SIM1
SIM2
SIM3
SIM4
1
21
22
SIM5
SIM1
SIM2
SIM3
SIM4
1
21
22
SIM5
SIM1
SIM2
SIM3
SIM4
1
21
22
SIM5
SIM1
SIM2
SIM3
SIM4
1
21
22
SIM5
SIM1
SIM2
SIM3
SIM4
1
21
22
SIM5
SIM1
SIM2
SIM3
SIM4
1
21
22
SIM5
SIM1
SIM2
SIM3
SIM4
1
21
22
SIM5
SIM1
SIM2
SIM3
SIM4
1
21
22
SIM5
SIM1
SIM2
SIM3
SIM4
1
21
22
SIM5
SIM1
SIM2
SIM3
SIM4
1
21
22
SIM5
SIM1
SIM2
SIM3
SIM4
1
21
22
SIM5
SIM1
SIM2
SIM3
SIM4
1
21
22
SIM5
SIM1
SIM2
SIM3
SIM4
1
21
22
SIM5
SIM1
SIM2
SIM3
SIM4
1
21
22
SIM5
SIM1
SIM2
SIM3
SIM4
1
21
22
SIM5
SIM1
SIM2
SIM3
SIM4
1
21
22
SIM5
SIM1
SIM2
SIM3
SIM4
1
21
22
SIM5
SIM1
SIM2
SIM3
SIM4
1
21
22
SIM5
SIM1
SIM2
SIM3
SIM4
1
21
22
SIM5
SIM1
SIM2
SIM3
SIM4
1
21
22
SIM5
SIM1
SIM2
SIM3
SIM4
1
21
22
SIM5
SIM1
SIM2
SIM3
SIM4
1
21
22
SIM5
SIM1
SIM2
SIM3
SIM4
1
21
22
SIM5
SIM1
SIM2
SIM3
SIM4
1
21
22
SIM5
SIM1
SIM2
SIM3
SIM4
1
21
22
SIM5
SIM1
SIM2
SIM3
SIM4
1
21
22
SIM5
SIM1
SIM2
SIM3
SIM4
1
21
22
SIM5
SIM1
SIM2
SIM3
SIM4
1
21
22
SIM5
SIM1
SIM2
SIM3
SIM4
1
21
22
SIM5
SIM1
SIM2
SIM3
SIM4
1
21
22
SIM5
SIM1
SIM2
SIM3
SIM4
1
21
22
SIM5
SIM1
SIM2
SIM3
SIM4
1
21
22
SIM5
SIM1
SIM2
SIM3
SIM4
1
21
22
SIM5
SIM1
SIM2
SIM3
SIM4
1
21
22
SIM5
SIM1
SIM2
SIM3
SIM4
1
21
22
SIM5
SIM1
SIM2
SIM3
SIM4
1
21
22
SIM5
SIM1
SIM2
SIM3
SIM4
1
21
22
SIM5
SIM1
SIM2
SIM3
SIM4
1
21
22
SIM5
SIM1
SIM2
SIM3
SIM4
1
21
22
SIM5
SIM1
SIM2
SIM3
SIM4
1
21
22
SIM5
SIM1
SIM2
SIM3
SIM4
1
21
22
SIM5
SIM1
SIM2
SIM3
SIM4
1
21
22
SIM5
SIM1
SIM2
SIM3
SIM4
1
21
22
SIM5
SIM1
SIM2
SIM3
SIM4
1
21
22
SIM5
SIM1
SIM2
SIM3
SIM4
1
21
22
SIM5
SIM1
SIM2
SIM3
SIM4
1
21
22
SIM5
SIM1
SIM2
SIM3
SIM4
1
21
22
SIM5
SIM1
SIM2
SIM3
SIM4
1
21
22
SIM5
SIM1
SIM2
SIM3
SIM4
1
21
22
SIM5
SIM1
SIM2
SIM3
SIM4
1
21
22
SIM5
SIM1
SIM2
SIM3
SIM4
1
21
22
SIM5
SIM1
SIM2
SIM3
SIM4
1
21
22
SIM5
SIM1
SIM2
SIM3
SIM4
1
21
22
SIM5
SIM1
SIM2
SIM3
SIM4
1
21
22
SIM5
SIM1
SIM2
SIM3
SIM4
1
21
22
SIM5
SIM1
SIM2
SIM3
SIM4
1
21
22
SIM5
SIM1
SIM2
SIM3
SIM4
1
21
22
SIM5
SIM1
SIM2
SIM3
SIM4
1
21
22
SIM5
SIM1
SIM2
SIM3
SIM4
1
21
22
SIM5
SIM1
SIM2
SIM3
SIM4
1
21
22
SIM5
SIM1
SIM2
SIM3
SIM4
1
21
22
SIM5
SIM1
SIM2
SIM3
SIM4
1
21
22
SIM5
SIM1
SIM2
SIM3
SIM4
1
21
22
SIM5
SIM1
SIM2
SIM3
SIM4
1
21
22
SIM5
SIM1
SIM2
SIM3
SIM4
1
21
22
SIM5
SIM1
SIM2
SIM3
SIM4
1
21
22
SIM5
SIM1
SIM2
SIM3
SIM4
1
21
22
SIM5
SIM1
SIM2
DEBUG 1 793
SIM1
SIM2
SIM3
SIM4
1
21
22
SIM5
SIM1
SIM2
SIM3
SIM4
1
21
22
SIM5
SIM1
SIM2
SIM3
SIM4
1
21
22
SIM5
SIM1
SIM2
SIM3
SIM4
1
21
22
SIM5
SIM1
SIM2
SIM3
SIM4
1
21
22
SIM5
SIM1
SIM2
SIM3
SIM4
1
21
22
SIM5
SIM1
SIM2
SIM3
SIM4
1
21
22
SIM5
SIM1
SIM2
SIM3
SIM4
1
21
22
SIM5
SIM1
SIM2
SIM3
SIM4
1
21
22
SIM5
SIM1
SIM2
SIM3
SIM4
1
21
22
SIM5
SIM1
SIM2
SIM3
SIM4
1
21
22
SIM5
SIM1
SIM2
SIM3
SIM4
1
21
22
SIM5
SIM1
SIM2
SIM3
SIM4
1
21
22
SIM5
SIM1
SIM2
SIM3
SIM4
1
21
22
SIM5
SIM1
SIM2
SIM3
SIM4
1
21
22
SIM5
SIM1
SIM2
SIM3
SIM4
1
21
22
SIM5
SIM1
SIM2
SIM3
SIM4
1
21
22
SIM5
SIM1
SIM2
SIM3
SIM4
1
21
22
SIM5
SIM1
SIM2
SIM3
SIM4
1
21
22
SIM5
SIM1
SIM2
SIM3
SIM4
1
21
22
SIM5
SIM1
SIM2
SIM3
SIM4
1
21
22
SIM5
SIM1
SIM2
SIM3
SIM4
1
21
22
SIM5
SIM1
SIM2
SIM3
SIM4
1
21
22
SIM5
SIM1
SIM2
SIM3
SIM4
1
21
22
SIM5
SIM1
SIM2
SIM3
SIM4
1
21
22
SIM5
SIM1
SIM2
SIM3
SIM4
1
21
22
SIM5
SIM1
SIM2
SIM3
SIM4
1
21
22
SIM5
SIM1
SIM2
SIM3
SIM4
1
21
22
SIM5
SIM1
SIM2
SIM3
SIM4
1
21
22
SIM5
SIM1
SIM2
SIM3
SIM4
1
21
22
SIM5
SIM1
SIM2
SIM3
SIM4
1
21
22
SIM5
SIM1
SIM2
SIM3
SIM4
1
21
22
SIM5
SIM1
SIM2
SIM3
SIM4
1
21
22
SIM5
SIM1
SIM2
SIM3
SIM4
1
21
22
SIM5
SIM1
SIM2
SIM3
SIM4
1
21
22
SIM5
SIM1
SIM2
SIM3
SIM4
1
21
22
SIM5
SIM1
SIM2
SIM3
SIM4
1
21
22
SIM5
SIM1
SIM2
SIM3
SIM4
1
21
22
SIM5
SIM1
SIM2
SIM3
SIM4
1
21
22
SIM5
SIM1
SIM2
SIM3
SIM4
1
21
22
SIM5
SIM1
SIM2
SIM3
SIM4
1
21
22
SIM5
SIM1
SIM2
SIM3
SIM4
1
21
22
SIM5
SIM1
SIM2
SIM3
SIM4
1
21
22
SIM5
SIM1
SIM2
SIM3
SIM4
1
21
22
SIM5
SIM1
SIM2
SIM3
SIM4
1
21
22
SIM5
SIM1
SIM2
SIM3
SIM4
1
21
22
SIM5
SIM1
SIM2
SIM3
SIM4
1
21
22
SIM5
SIM1
SIM2
SIM3
SIM4
1
21
22
SIM5
SIM1
SIM2
SIM3
SIM4
1
21
22
SIM5
SIM1
SIM2
SIM3
SIM4
1
21
22
SIM5
SIM1
SIM2
SIM3
SIM4
1
21
22
SIM5
SIM1
SIM2
SIM3
SIM4
1
21
22
SIM5
SIM1
SIM2
SIM3
SIM4
1
21
22
SIM5
SIM1
SIM2
SIM3
SIM4
1
21
22
SIM5
SIM1
SIM2
SIM3
SIM4
1
21
22
SIM5
SIM1
SIM2
SIM3
SIM4
1
21
22
SIM5
SIM1
SIM2
SIM3
SIM4
1
21
22
SIM5
SIM1
SIM2
SIM3
SIM4
1
21
22
SIM5
SIM1
SIM2
SIM3
SIM4
1
21
22
SIM5
SIM1
SIM2
SIM3
SIM4
1
21
22
SIM5
SIM1
SIM2
SIM3
SIM4
1
21
22
SIM5
SIM1
SIM2
SIM3
SIM4
1
21
22
SIM5
SIM1
SIM2
SIM3
SIM4
1
21
22
SIM5
SIM1
SIM2
SIM3
SIM4
1
21
22
SIM5
SIM1
SIM2
SIM3
SIM4
1
21
22
SIM5
SIM1
SIM2
SIM3
SIM4
1
21
22
SIM5
SIM1
SIM2
SIM3
SIM4
1
21
22
SIM5
SIM1
SIM2
SIM3
SIM4
1
21
22
SIM5
SIM1
SIM2
SIM3
SIM4
1
21
22
SIM5
SIM1
SIM2
SIM3
SIM4
1
21
22
SIM5
SIM1
SIM2
SIM3
SIM4
1
21
22
SIM5
SIM1
SIM2
SIM3
SIM4
1
21
22
SIM5
SIM1
SIM2
SIM3
SIM4
1
21
22
SIM5
SIM1
SIM2
SIM3
SIM4
1
21
22
SIM5
SIM1
SIM2
SIM3
SIM4
1
21
22
SIM5
SIM1
SIM2
SIM3
SIM4
1
21
22
SIM5
SIM1
SIM2
SIM3
SIM4
1
21
22
SIM5
SIM1
SIM2
SIM3
SIM4
1
21
22
SIM5
SIM1
SIM2
SIM3
SIM4
1
21
22
SIM5
SIM1
SIM2
SIM3
SIM4
1
21
22
SIM5
SIM1
SIM2
SIM3
SIM4
1
21
22
SIM5
SIM1
SIM2
SIM3
SIM4
1
21
22
SIM5
SIM1
SIM2
SIM3
SIM4
1
21
22
SIM5
SIM1
SIM2
SIM3
SIM4
1
21
22
SIM5
SIM1
SIM2
SIM3
SIM4
1
21
22
SIM5
SIM1
SIM2
SIM3
SIM4
1
21
22
SIM5
SIM1
SIM2
SIM3
SIM4
1
21
22
SIM5
SIM1
SIM2
SIM3
SIM4
1
21
22
SIM5
SIM1
SIM2
SIM3
SIM4
1
21
22
SIM5
SIM1
SIM2
SIM3
SIM4
1
21
22
SIM5
SIM1
SIM2
SIM3
SIM4
1
21
22
SIM5
SIM1
SIM2
SIM3
SIM4
1
21
22
SIM5
SIM1
SIM2
SIM3
SIM4
1
21
22
SIM5
SIM1
SIM2
SIM3
SIM4
1
21
22
SIM5
SIM1
SIM2
DEBUG 1 794
SIM1
SIM2
SIM3
SIM4
1
21
22
SIM5
SIM1
SIM2
SIM3
SIM4
1
21
22
SIM5
SIM1
SIM2
SIM3
SIM4
1
21
22
SIM5
SIM1
SIM2
SIM3
SIM4
1
21
22
SIM5
SIM1
SIM2
SIM3
SIM4
1
21
22
SIM5
SIM1
SIM2
SIM3
SIM4
1
21
22
SIM5
SIM1
SIM2
SIM3
SIM4
1
21
22
SIM5
SIM1
SIM2
SIM3
SIM4
1
21
22
SIM5
SIM1
SIM2
SIM3
SIM4
1
21
22
SIM5
SIM1
SIM2
SIM3
SIM4
1
21
22
SIM5
SIM1
SIM2
SIM3
SIM4
1
21
22
SIM5
SIM1
SIM2
SIM3
SIM4
1
21
22
SIM5
SIM1
SIM2
SIM3
SIM4
1
21
22
SIM5
SIM1
SIM2
SIM3
SIM4
1
21
22
SIM5
SIM1
SIM2
SIM3
SIM4
1
21
22
SIM5
SIM1
SIM2
SIM3
SIM4
1
21
22
SIM5
SIM1
SIM2
SIM3
SIM4
1
21
22
SIM5
SIM1
SIM2
SIM3
SIM4
1
21
22
SIM5
SIM1
SIM2
SIM3
SIM4
1
21
22
SIM5
SIM1
SIM2
SIM3
SIM4
1
21
22
SIM5
SIM1
SIM2
SIM3
SIM4
1
21
22
SIM5
SIM1
SIM2
SIM3
SIM4
1
21
22
SIM5
SIM1
SIM2
SIM3
SIM4
1
21
22
SIM5
SIM1
SIM2
SIM3
SIM4
1
21
22
SIM5
SIM1
SIM2
SIM3
SIM4
1
21
22
SIM5
SIM1
SIM2
SIM3
SIM4
1
21
22
SIM5
SIM1
SIM2
SIM3
SIM4
1
21
22
SIM5
SIM1
SIM2
SIM3
SIM4
1
21
22
SIM5
SIM1
SIM2
SIM3
SIM4
1
21
22
SIM5
SIM1
SIM2
SIM3
SIM4
1
21
22
SIM5
SIM1
SIM2
SIM3
SIM4
1
21
22
SIM5
SIM1
SIM2
SIM3
SIM4
1
21
22
SIM5
SIM1
SIM2
SIM3
SIM4
1
21
22
SIM5
SIM1
SIM2
SIM3
SIM4
1
21
22
SIM5
SIM1
SIM2
SIM3
SIM4
1
21
22
SIM5
SIM1
SIM2
SIM3
SIM4
1
21
22
SIM5
SIM1
SIM2
SIM3
SIM4
1
21
22
SIM5
SIM1
SIM2
SIM3
SIM4
1
21
22
SIM5
SIM1
SIM2
SIM3
SIM4
1
21
22
SIM5
SIM1
SIM2
SIM3
SIM4
1
21
22
SIM5
SIM1
SIM2
SIM3
SIM4
1
21
22
SIM5
SIM1
SIM2
SIM3
SIM4
1
21
22
SIM5
SIM1
SIM2
SIM3
SIM4
1
21
22
SIM5
SIM1
SIM2
SIM3
SIM4
1
21
22
SIM5
SIM1
SIM2
SIM3
SIM4
1
21
22
SIM5
SIM1
SIM2
SIM3
SIM4
1
21
22
SIM5
SIM1
SIM2
SIM3
SIM4
1
21
22
SIM5
SIM1
SIM2
SIM3
SIM4
1
21
22
SIM5
SIM1
SIM2
SIM3
SIM4
1
21
22
SIM5
SIM1
SIM2
SIM3
SIM4
1
21
22
SIM5
SIM1
SIM2
SIM3
SIM4
1
21
22
SIM5
SIM1
SIM2
SIM3
SIM4
1
21
22
SIM5
SIM1
SIM2
SIM3
SIM4
1
21
22
SIM5
SIM1
SIM2
SIM3
SIM4
1
21
22
SIM5
SIM1
SIM2
SIM3
SIM4
1
21
22
SIM5
SIM1
SIM2
SIM3
SIM4
1
21
22
SIM5
SIM1
SIM2
SIM3
SIM4
1
21
22
SIM5
SIM1
SIM2
SIM3
SIM4
1
21
22
SIM5
SIM1
SIM2
SIM3
SIM4
1
21
22
SIM5
SIM1
SIM2
SIM3
SIM4
1
21
22
SIM5
SIM1
SIM2
SIM3
SIM4
1
21
22
SIM5
SIM1
SIM2
SIM3
SIM4
1
21
22
SIM5
SIM1
SIM2
SIM3
SIM4
1
21
22
SIM5
SIM1
SIM2
SIM3
SIM4
1
21
22
SIM5
SIM1
SIM2
SIM3
SIM4
1
21
22
SIM5
SIM1
SIM2
SIM3
SIM4
1
21
22
SIM5
SIM1
SIM2
SIM3
SIM4
1
21
22
SIM5
SIM1
SIM2
SIM3
SIM4
1
21
22
SIM5
SIM1
SIM2
SIM3
SIM4
1
21
22
SIM5
SIM1
SIM2
SIM3
SIM4
1
21
22
SIM5
SIM1
SIM2
SIM3
SIM4
1
21
22
SIM5
SIM1
SIM2
SIM3
SIM4
1
21
22
SIM5
SIM1
SIM2
SIM3
SIM4
1
21
22
SIM5
SIM1
SIM2
SIM3
SIM4
1
21
22
SIM5
SIM1
SIM2
SIM3
SIM4
1
21
22
SIM5
SIM1
SIM2
SIM3
SIM4
1
21
22
SIM5
SIM1
SIM2
SIM3
SIM4
1
21
22
SIM5
SIM1
SIM2
SIM3
SIM4
1
21
22
SIM5
SIM1
SIM2
SIM3
SIM4
1
21
22
SIM5
SIM1
SIM2
SIM3
SIM4
1
21
22
SIM5
SIM1
SIM2
SIM3
SIM4
1
21
22
SIM5
SIM1
SIM2
SIM3
SIM4
1
21
22
SIM5
SIM1
SIM2
SIM3
SIM4
1
21
22
SIM5
SIM1
SIM2
SIM3
SIM4
1
21
22
SIM5
SIM1
SIM2
SIM3
SIM4
1
21
22
SIM5
SIM1
SIM2
SIM3
SIM4
1
21
22
SIM5
SIM1
SIM2
SIM3
SIM4
1
21
22
SIM5
SIM1
SIM2
SIM3
SIM4
1
21
22
SIM5
SIM1
SIM2
SIM3
SIM4
1
21
22
SIM5
SIM1
SIM2
SIM3
SIM4
1
21
22
SIM5
SIM1
SIM2
SIM3
SIM4
1
21
22
SIM5
SIM1
SIM2
SIM3
SIM4
1
21
22
SIM5
SIM1
SIM2
SIM3
SIM4
1
21
22
SIM5
SIM1
SIM2
SIM3
SIM4
1
21
22
SIM5
SIM1
SIM2
SIM3
SIM4
1
21
22
SIM5
SIM1
SIM2
SIM3
SIM4
1
21
22
SIM5
SIM1
SIM2
SIM3
SIM4
1
21
22
SIM5
SIM1
SIM2
SIM3
SIM4
1
21
22
SIM5
SIM1
SIM2
SIM3
SIM4
1
21
22
SIM5
SIM1
SIM2
SIM3
SIM4
1
21
22
SIM5
SIM1
SIM2
SIM3
SIM4
1
21
22
SIM5
SIM1
SIM2
SIM3
SIM4
1
21
22
SIM5
SIM1
SIM2
SIM3
SIM4
1
21
22
SIM5
SIM1
SIM2
SIM3
SIM4
1
21
22
SIM5
SIM1
SIM2
SIM3
SIM4
1
21
22
SIM5
SIM1
SIM2
SIM3
SIM4
1
21
22
SIM5
SIM1
SIM2
SIM3
SIM4
1
21
22
SIM5
SIM1
SIM2
SIM3
SIM4
1
21
22
SIM5
SIM1
SIM2
SIM3
SIM4
1
21
22
SIM5
SIM1
SIM2
SIM3
SIM4
1
21
22
SIM5
SIM1
SIM2
SIM3
SIM4
1
21
22
SIM5
SIM1
SIM2
SIM3
SIM4
1
21
22
SIM5
SIM1
SIM2
SIM3
SIM4
1
21
22
SIM5
SIM1
SIM2
SIM3
SIM4
1
21
22
SIM5
SIM1
SIM2
SIM3
SIM4
1
21
22
SIM5
SIM1
SIM2
SIM3
SIM4
1
21
22
SIM5
SIM1
SIM2
SIM3
SIM4
1
21
22
SIM5
SIM1
SIM2
SIM3
SIM4
1
21
22
SIM5
SIM1
SIM2
SIM3
SIM4
1
21
22
SIM5
SIM1
SIM2
SIM3
SIM4
1
21
22
SIM5
SIM1
SIM2
SIM3
SIM4
1
21
22
SIM5
SIM1
SIM2
SIM3
SIM4
1
21
22
SIM5
SIM1
SIM2
SIM3
SIM4
1
21
22
SIM5
SIM1
SIM2
SIM3
SIM4
1
21
22
SIM5
SIM1
SIM2
SIM3
SIM4
1
21
22
SIM5
SIM1
SIM2
SIM3
SIM4
1
21
22
SIM5
SIM1
SIM2
SIM3
SIM4
1
21
22
SIM5
SIM1
SIM2
SIM3
SIM4
1
21
22
SIM5
SIM1
SIM2
SIM3
SIM4
1
21
22
SIM5
SIM1
SIM2
SIM3
SIM4
1
21
22
SIM5
SIM1
SIM2
SIM3
SIM4
1
21
22
SIM5
SIM1
SIM2
SIM3
SIM4
1
21
22
SIM5
SIM1
SIM2
SIM3
SIM4
1
21
22
SIM5
SIM1
SIM2
SIM3
SIM4
1
21
22
SIM5
SIM1
SIM2
SIM3
SIM4
1
21
22
SIM5
SIM1
SIM2
SIM3
SIM4
1
21
22
SIM5
SIM1
SIM2
SIM3
SIM4
1
21
22
SIM5
SIM1
SIM2
SIM3
SIM4
1
21
22
SIM5
SIM1
SIM2
SIM3
SIM4
1
21
22
SIM5
SIM1
SIM2
SIM3
SIM4
1
21
22
SIM5
SIM1
SIM2
SIM3
SIM4
1
21
22
SIM5
SIM1
SIM2
SIM3
SIM4
1
21
22
SIM5
SIM1
SIM2
SIM3
SIM4
1
21
22
SIM5
SIM1
SIM2
SIM3
SIM4
1
21
22
SIM5
SIM1
SIM2
SIM3
SIM4
1
21
22
SIM5
SIM1
SIM2
SIM3
SIM4
1
21
22
SIM5
SIM1
SIM2
SIM3
SIM4
1
21
22
SIM5
SIM1
SIM2
SIM3
SIM4
1
21
22
SIM5
SIM1
SIM2
SIM3
SIM4
1
21
22
SIM5
SIM1
SIM2
SIM3
SIM4
1
21
22
SIM5
SIM1
SIM2
SIM3
SIM4
1
21
22
SIM5
SIM1
SIM2
SIM3
SIM4
1
21
22
SIM5
SIM1
SIM2
SIM3
SIM4
1
21
22
SIM5
SIM1
SIM2
SIM3
SIM4
1
21
22
SIM5
SIM1
SIM2
SIM3
SIM4
1
21
22
SIM5
SIM1
SIM2
SIM3
SIM4
1
21
22
SIM5
SIM1
SIM2
SIM3
SIM4
1
21
22
SIM5
SIM1
SIM2
SIM3
SIM4
1
21
22
SIM5
SIM1
SIM2
SIM3
SIM4
1
21
22
SIM5
SIM1
SIM2
SIM3
SIM4
1
21
22
SIM5
SIM1
SIM2
SIM3
SIM4
1
21
22
SIM5
SIM1
SIM2
SIM3
SIM4
1
21
22
SIM5
SIM1
SIM2
DEBUG 1 795
SIM1
SIM2
SIM3
SIM4
1
21
22
SIM5
SIM1
SIM2
SIM3
SIM4
1
21
22
SIM5
SIM1
SIM2
SIM3
SIM4
1
21
22
SIM5
SIM1
SIM2
SIM3
SIM4
1
21
22
SIM5
SIM1
SIM2
SIM3
SIM4
1
21
22
SIM5
SIM1
SIM2
SIM3
SIM4
1
21
22
SIM5
SIM1
SIM2
SIM3
SIM4
1
21
22
SIM5
SIM1
SIM2
SIM3
SIM4
1
21
22
SIM5
SIM1
SIM2
SIM3
SIM4
1
21
22
SIM5
SIM1
SIM2
SIM3
SIM4
1
21
22
SIM5
SIM1
SIM2
SIM3
SIM4
1
21
22
SIM5
SIM1
SIM2
SIM3
SIM4
1
21
22
SIM5
SIM1
SIM2
SIM3
SIM4
1
21
22
SIM5
SIM1
SIM2
SIM3
SIM4
1
21
22
SIM5
SIM1
SIM2
SIM3
SIM4
1
21
22
SIM5
SIM1
SIM2
SIM3
SIM4
1
21
22
SIM5
SIM1
SIM2
SIM3
SIM4
1
21
22
SIM5
SIM1
SIM2
SIM3
SIM4
1
21
22
SIM5
SIM1
SIM2
SIM3
SIM4
1
21
22
SIM5
SIM1
SIM2
SIM3
SIM4
1
21
22
SIM5
SIM1
SIM2
SIM3
SIM4
1
21
22
SIM5
SIM1
SIM2
SIM3
SIM4
1
21
22
SIM5
SIM1
SIM2
SIM3
SIM4
1
21
22
SIM5
SIM1
SIM2
SIM3
SIM4
1
21
22
SIM5
SIM1
SIM2
SIM3
SIM4
1
21
22
SIM5
SIM1
SIM2
SIM3
SIM4
1
21
22
SIM5
SIM1
SIM2
SIM3
SIM4
1
21
22
SIM5
SIM1
SIM2
SIM3
SIM4
1
21
22
SIM5
SIM1
SIM2
SIM3
SIM4
1
21
22
SIM5
SIM1
SIM2
SIM3
SIM4
1
21
22
SIM5
SIM1
SIM2
SIM3
SIM4
1
21
22
SIM5
SIM1
SIM2
SIM3
SIM4
1
21
22
SIM5
SIM1
SIM2
SIM3
SIM4
1
21
22
SIM5
SIM1
SIM2
SIM3
SIM4
1
21
22
SIM5
SIM1
SIM2
SIM3
SIM4
1
21
22
SIM5
SIM1
SIM2
SIM3
SIM4
1
21
22
SIM5
SIM1
SIM2
SIM3
SIM4
1
21
22
SIM5
SIM1
SIM2
SIM3
SIM4
1
21
22
SIM5
SIM1
SIM2
SIM3
SIM4
1
21
22
SIM5
SIM1
SIM2
SIM3
SIM4
1
21
22
SIM5
SIM1
SIM2
SIM3
SIM4
1
21
22
SIM5
SIM1
SIM2
SIM3
SIM4
1
21
22
SIM5
SIM1
SIM2
SIM3
SIM4
1
21
22
SIM5
SIM1
SIM2
SIM3
SIM4
1
21
22
SIM5
SIM1
SIM2
SIM3
SIM4
1
21
22
SIM5
SIM1
SIM2
SIM3
SIM4
1
21
22
SIM5
SIM1
SIM2
SIM3
SIM4
1
21
22
SIM5
SIM1
SIM2
SIM3
SIM4
1
21
22
SIM5
SIM1
SIM2
SIM3
SIM4
1
21
22
SIM5
SIM1
SIM2
SIM3
SIM4
1
21
22
SIM5
SIM1
SIM2
SIM3
SIM4
1
21
22
SIM5
SIM1
SIM2
SIM3
SIM4
1
21
22
SIM5
SIM1
SIM2
SIM3
SIM4
1
21
22
SIM5
SIM1
SIM2
SIM3
SIM4
1
21
22
SIM5
SIM1
SIM2
SIM3
SIM4
1
21
22
SIM5
SIM1
SIM2
SIM3
SIM4
1
21
22
SIM5
SIM1
SIM2
SIM3
SIM4
1
21
22
SIM5
SIM1
SIM2
SIM3
SIM4
1
21
22
SIM5
SIM1
SIM2
SIM3
SIM4
1
21
22
SIM5
SIM1
SIM2
SIM3
SIM4
1
21
22
SIM5
SIM1
SIM2
SIM3
SIM4
1
21
22
SIM5
SIM1
SIM2
SIM3
SIM4
1
21
22
SIM5
SIM1
SIM2
SIM3
SIM4
1
21
22
SIM5
SIM1
SIM2
SIM3
SIM4
1
21
22
SIM5
SIM1
SIM2
SIM3
SIM4
1
21
22
SIM5
SIM1
SIM2
SIM3
SIM4
1
21
22
SIM5
SIM1
SIM2
SIM3
SIM4
1
21
22
SIM5
SIM1
SIM2
SIM3
SIM4
1
21
22
SIM5
SIM1
SIM2
SIM3
SIM4
1
21
22
SIM5
SIM1
SIM2
SIM3
SIM4
1
21
22
SIM5
SIM1
SIM2
SIM3
SIM4
1
21
22
SIM5
SIM1
SIM2
SIM3
SIM4
1
21
22
SIM5
SIM1
SIM2
SIM3
SIM4
1
21
22
SIM5
SIM1
SIM2
SIM3
SIM4
1
21
22
SIM5
SIM1
SIM2
SIM3
SIM4
1
21
22
SIM5
SIM1
SIM2
SIM3
SIM4
1
21
22
SIM5
SIM1
SIM2
SIM3
SIM4
1
21
22
SIM5
SIM1
SIM2
SIM3
SIM4
1
21
22
SIM5
SIM1
SIM2
SIM3
SIM4
1
21
22
SIM5
SIM1
SIM2
SIM3
SIM4
1
21
22
SIM5
SIM1
SIM2
SIM3
SIM4
1
21
22
SIM5
SIM1
SIM2
SIM3
SIM4
1
21
22
SIM5
SIM1
SIM2
SIM3
SIM4
1
21
22
SIM5
SIM1
SIM2
SIM3
SIM4
1
21
22
SIM5
SIM1
SIM2
SIM3
SIM4
1
21
22
SIM5
SIM1
SIM2
SIM3
SIM4
1
21
22
SIM5
SIM1
SIM2
SIM3
SIM4
1
21
22
SIM5
SIM1
SIM2
SIM3
SIM4
1
21
22
SIM5
SIM1
SIM2
SIM3
SIM4
1
21
22
SIM5
SIM1
SIM2
SIM3
SIM4
1
21
22
SIM5
SIM1
SIM2
SIM3
SIM4
1
21
22
SIM5
SIM1
SIM2
SIM3
SIM4
1
21
22
SIM5
SIM1
SIM2
SIM3
SIM4
1
21
22
SIM5
SIM1
SIM2
SIM3
SIM4
1
21
22
SIM5
SIM1
SIM2
SIM3
SIM4
1
21
22
SIM5
SIM1
SIM2
SIM3
SIM4
1
21
22
SIM5
SIM1
SIM2
SIM3
SIM4
1
21
22
SIM5
SIM1
SIM2
SIM3
SIM4
1
21
22
SIM5
SIM1
SIM2
SIM3
SIM4
1
21
22
SIM5
SIM1
SIM2
SIM3
SIM4
1
21
22
SIM5
SIM1
SIM2
SIM3
SIM4
1
21
22
SIM5
SIM1
SIM2
SIM3
SIM4
1
21
22
SIM5
SIM1
SIM2
SIM3
SIM4
1
21
22
SIM5
SIM1
SIM2
SIM3
SIM4
1
21
22
SIM5
SIM1
SIM2
SIM3
SIM4
1
21
22
SIM5
SIM1
SIM2
SIM3
SIM4
1
21
22
SIM5
SIM1
SIM2
SIM3
SIM4
1
21
22
SIM5
SIM1
SIM2
SIM3
SIM4
1
21
22
SIM5
SIM1
SIM2
SIM3
SIM4
1
21
22
SIM5
SIM1
SIM2
SIM3
SIM4
1
21
22
SIM5
SIM1
SIM2
SIM3
SIM4
1
21
22
SIM5
SIM1
SIM2
SIM3
SIM4
1
21
22
SIM5
SIM1
SIM2
SIM3
SIM4
1
21
22
SIM5
SIM1
SIM2
SIM3
SIM4
1
21
22
SIM5
SIM1
SIM2
SIM3
SIM4
1
21
22
SIM5
SIM1
SIM2
SIM3
SIM4
1
21
22
SIM5
SIM1
SIM2
SIM3
SIM4
1
21
22
SIM5
SIM1
SIM2
SIM3
SIM4
1
21
22
SIM5
SIM1
SIM2
SIM3
SIM4
1
21
22
SIM5
SIM1
SIM2
SIM3
SIM4
1
21
22
SIM5
SIM1
SIM2
SIM3
SIM4
1
21
22
SIM5
SIM1
SIM2
SIM3
SIM4
1
21
22
SIM5
SIM1
SIM2
SIM3
SIM4
1
21
22
SIM5
SIM1
SIM2
SIM3
SIM4
1
21
22
SIM5
SIM1
SIM2
SIM3
SIM4
1
21
22
SIM5
SIM1
SIM2
SIM3
SIM4
1
21
22
SIM5
SIM1
SIM2
DEBUG 1 796
SIM1
SIM2
SIM3
SIM4
1
21
22
SIM5
SIM1
SIM2
SIM3
SIM4
1
21
22
SIM5
SIM1
SIM2
SIM3
SIM4
1
21
22
SIM5
SIM1
SIM2
SIM3
SIM4
1
21
22
SIM5
SIM1
SIM2
SIM3
SIM4
1
21
22
SIM5
SIM1
SIM2
SIM3
SIM4
1
21
22
SIM5
SIM1
SIM2
SIM3
SIM4
1
21
22
SIM5
SIM1
SIM2
SIM3
SIM4
1
21
22
SIM5
SIM1
SIM2
SIM3
SIM4
1
21
22
SIM5
SIM1
SIM2
SIM3
SIM4
1
21
22
SIM5
SIM1
SIM2
SIM3
SIM4
1
21
22
SIM5
SIM1
SIM2
SIM3
SIM4
1
21
22
SIM5
SIM1
SIM2
SIM3
SIM4
1
21
22
SIM5
SIM1
SIM2
SIM3
SIM4
1
21
22
SIM5
SIM1
SIM2
SIM3
SIM4
1
21
22
SIM5
SIM1
SIM2
SIM3
SIM4
1
21
22
SIM5
SIM1
SIM2
SIM3
SIM4
1
21
22
SIM5
SIM1
SIM2
SIM3
SIM4
1
21
22
SIM5
SIM1
SIM2
SIM3
SIM4
1
21
22
SIM5
SIM1
SIM2
SIM3
SIM4
1
21
22
SIM5
SIM1
SIM2
SIM3
SIM4
1
21
22
SIM5
SIM1
SIM2
SIM3
SIM4
1
21
22
SIM5
SIM1
SIM2
SIM3
SIM4
1
21
22
SIM5
SIM1
SIM2
SIM3
SIM4
1
21
22
SIM5
SIM1
SIM2
SIM3
SIM4
1
21
22
SIM5
SIM1
SIM2
SIM3
SIM4
1
21
22
SIM5
SIM1
SIM2
SIM3
SIM4
1
21
22
SIM5
SIM1
SIM2
SIM3
SIM4
1
21
22
SIM5
SIM1
SIM2
SIM3
SIM4
1
21
22
SIM5
SIM1
SIM2
SIM3
SIM4
1
21
22
SIM5
SIM1
SIM2
SIM3
SIM4
1
21
22
SIM5
SIM1
SIM2
SIM3
SIM4
1
21
22
SIM5
SIM1
SIM2
SIM3
SIM4
1
21
22
SIM5
SIM1
SIM2
SIM3
SIM4
1
21
22
SIM5
SIM1
SIM2
SIM3
SIM4
1
21
22
SIM5
SIM1
SIM2
SIM3
SIM4
1
21
22
SIM5
SIM1
SIM2
SIM3
SIM4
1
21
22
SIM5
SIM1
SIM2
SIM3
SIM4
1
21
22
SIM5
SIM1
SIM2
SIM3
SIM4
1
21
22
SIM5
SIM1
SIM2
SIM3
SIM4
1
21
22
SIM5
SIM1
SIM2
SIM3
SIM4
1
21
22
SIM5
SIM1
SIM2
SIM3
SIM4
1
21
22
SIM5
SIM1
SIM2
SIM3
SIM4
1
21
22
SIM5
SIM1
SIM2
SIM3
SIM4
1
21
22
SIM5
SIM1
SIM2
SIM3
SIM4
1
21
22
SIM5
SIM1
SIM2
SIM3
SIM4
1
21
22
SIM5
SIM1
SIM2
SIM3
SIM4
1
21
22
SIM5
SIM1
SIM2
SIM3
SIM4
1
21
22
SIM5
SIM1
SIM2
SIM3
SIM4
1
21
22
SIM5
SIM1
SIM2
SIM3
SIM4
1
21
22
SIM5
SIM1
SIM2
SIM3
SIM4
1
21
22
SIM5
SIM1
SIM2
SIM3
SIM4
1
21
22
SIM5
SIM1
SIM2
SIM3
SIM4
1
21
22
SIM5
SIM1
SIM2
SIM3
SIM4
1
21
22
SIM5
SIM1
SIM2
SIM3
SIM4
1
21
22
SIM5
SIM1
SIM2
SIM3
SIM4
1
21
22
SIM5
SIM1
SIM2
SIM3
SIM4
1
21
22
SIM5
SIM1
SIM2
SIM3
SIM4
1
21
22
SIM5
SIM1
SIM2
SIM3
SIM4
1
21
22
SIM5
SIM1
SIM2
SIM3
SIM4
1
21
22
SIM5
SIM1
SIM2
SIM3
SIM4
1
21
22
SIM5
SIM1
SIM2
SIM3
SIM4
1
21
22
SIM5
SIM1
SIM2
SIM3
SIM4
1
21
22
SIM5
SIM1
SIM2
SIM3
SIM4
1
21
22
SIM5
SIM1
SIM2
SIM3
SIM4
1
21
22
SIM5
SIM1
SIM2
SIM3
SIM4
1
21
22
SIM5
SIM1
SIM2
SIM3
SIM4
1
21
22
SIM5
SIM1
SIM2
SIM3
SIM4
1
21
22
SIM5
SIM1
SIM2
SIM3
SIM4
1
21
22
SIM5
SIM1
SIM2
SIM3
SIM4
1
21
22
SIM5
SIM1
SIM2
SIM3
SIM4
1
21
22
SIM5
SIM1
SIM2
SIM3
SIM4
1
21
22
SIM5
SIM1
SIM2
SIM3
SIM4
1
21
22
SIM5
SIM1
SIM2
SIM3
SIM4
1
21
22
SIM5
SIM1
SIM2
SIM3
SIM4
1
21
22
SIM5
SIM1
SIM2
SIM3
SIM4
1
21
22
SIM5
SIM1
SIM2
SIM3
SIM4
1
21
22
SIM5
SIM1
SIM2
SIM3
SIM4
1
21
22
SIM5
SIM1
SIM2
SIM3
SIM4
1
21
22
SIM5
SIM1
SIM2
SIM3
SIM4
1
21
22
SIM5
SIM1
SIM2
SIM3
SIM4
1
21
22
SIM5
SIM1
SIM2
SIM3
SIM4
1
21
22
SIM5
SIM1
SIM2
SIM3
SIM4
1
21
22
SIM5
SIM1
SIM2
SIM3
SIM4
1
21
22
SIM5
SIM1
SIM2
SIM3
SIM4
1
21
22
SIM5
SIM1
SIM2
SIM3
SIM4
1
21
22
SIM5
SIM1
SIM2
SIM3
SIM4
1
21
22
SIM5
SIM1
SIM2
SIM3
SIM4
1
21
22
SIM5
SIM1
SIM2
SIM3
SIM4
1
21
22
SIM5
SIM1
SIM2
SIM3
SIM4
1
21
22
SIM5
SIM1
SIM2
SIM3
SIM4
1
21
22
SIM5
SIM1
SIM2
SIM3
SIM4
1
21
22
SIM5
SIM1
SIM2
SIM3
SIM4
1
21
22
SIM5
SIM1
SIM2
SIM3
SIM4
1
21
22
SIM5
SIM1
SIM2
SIM3
SIM4
1
21
22
SIM5
SIM1
SIM2
SIM3
SIM4
1
21
22
SIM5
SIM1
SIM2
SIM3
SIM4
1
21
22
SIM5
SIM1
SIM2
SIM3
SIM4
1
21
22
SIM5
SIM1
SIM2
SIM3
SIM4
1
21
22
SIM5
SIM1
SIM2
SIM3
SIM4
1
21
22
SIM5
SIM1
SIM2
SIM3
SIM4
1
21
22
SIM5
SIM1
SIM2
SIM3
SIM4
1
21
22
SIM5
SIM1
SIM2
SIM3
SIM4
1
21
22
SIM5
SIM1
SIM2
SIM3
SIM4
1
21
22
SIM5
SIM1
SIM2
SIM3
SIM4
1
21
22
SIM5
SIM1
SIM2
SIM3
SIM4
1
21
22
SIM5
SIM1
SIM2
SIM3
SIM4
1
21
22
SIM5
SIM1
SIM2
SIM3
SIM4
1
21
22
SIM5
SIM1
SIM2
SIM3
SIM4
1
21
22
SIM5
SIM1
SIM2
SIM3
SIM4
1
21
22
SIM5
SIM1
SIM2
SIM3
SIM4
1
21
22
SIM5
SIM1
SIM2
SIM3
SIM4
1
21
22
SIM5
SIM1
SIM2
SIM3
SIM4
1
21
22
SIM5
SIM1
SIM2
SIM3
SIM4
1
21
22
SIM5
SIM1
SIM2
SIM3
SIM4
1
21
22
SIM5
SIM1
SIM2
SIM3
SIM4
1
21
22
SIM5
SIM1
SIM2
SIM3
SIM4
1
21
22
SIM5
SIM1
SIM2
SIM3
SIM4
1
21
22
SIM5
SIM1
SIM2
SIM3
SIM4
1
21
22
SIM5
SIM1
SIM2
SIM3
SIM4
1
21
22
SIM5
SIM1
SIM2
SIM3
SIM4
1
21
22
SIM5
SIM1
SIM2
SIM3
SIM4
1
21
22
SIM5
SIM1
SIM2
SIM3
SIM4
1
21
22
SIM5
SIM1
SIM2
SIM3
SIM4
1
21
22
SIM5
SIM1
SIM2
SIM3
SIM4
1
21
22
SIM5
SIM1
SIM2
SIM3
SIM4
1
21
22
SIM5
SIM1
SIM2
SIM3
SIM4
1
21
22
SIM5
SIM1
SIM2
SIM3
SIM4
1
21
22
SIM5
SIM1
SIM2
SIM3
SIM4
1
21
22
SIM5
SIM1
SIM2
SIM3
SIM4
1
21
22
SIM5
SIM1
SIM2
SIM3
SIM4
1
21
22
SIM5
SIM1
SIM2
SIM3
SIM4
1
21
22
SIM5
SIM1
SIM2
SIM3
SIM4
1
21
22
SIM5
SIM1
SIM2
SIM3
SIM4
1
21
22
SIM5
SIM1
SIM2
SIM3
SIM4
1
21
22
SIM5
SIM1
SIM2
SIM3
SIM4
1
21
22
SIM5
SIM1
SIM2
SIM3
SIM4
1
21
22
SIM5
SIM1
SIM2
SIM3
SIM4
1
21
22
SIM5
SIM1
SIM2
SIM3
SIM4
1
21
22
SIM5
SIM1
SIM2
SIM3
SIM4
1
21
22
SIM5
SIM1
SIM2
SIM3
SIM4
1
21
22
SIM5
SIM1
SIM2
SIM3
SIM4
1
21
22
SIM5
SIM1
SIM2
SIM3
SIM4
1
21
22
SIM5
SIM1
SIM2
SIM3
SIM4
1
21
22
SIM5
SIM1
SIM2
SIM3
SIM4
1
21
22
SIM5
SIM1
SIM2
SIM3
SIM4
1
21
22
SIM5
SIM1
SIM2
SIM3
SIM4
1
21
22
SIM5
SIM1
SIM2
SIM3
SIM4
1
21
22
SIM5
SIM1
SIM2
SIM3
SIM4
1
21
22
SIM5
SIM1
SIM2
SIM3
SIM4
1
21
22
SIM5
SIM1
SIM2
SIM3
SIM4
1
21
22
SIM5
SIM1
SIM2
SIM3
SIM4
1
21
22
SIM5
SIM1
SIM2
SIM3
SIM4
1
21
22
SIM5
SIM1
SIM2
SIM3
SIM4
1
21
22
SIM5
SIM1
SIM2
SIM3
SIM4
1
21
22
SIM5
SIM1
SIM2
SIM3
SIM4
1
21
22
SIM5
SIM1
SIM2
SIM3
SIM4
1
21
22
SIM5
SIM1
SIM2
SIM3
SIM4
1
21
22
SIM5
SIM1
SIM2
SIM3
SIM4
1
21
22
SIM5
SIM1
SIM2
SIM3
SIM4
1
21
22
SIM5
SIM1
SIM2
SIM3
SIM4
1
21
22
SIM5
SIM1
SIM2
SIM3
SIM4
1
21
22
SIM5
SIM1
SIM2
SIM3
SIM4
1
21
22
SIM5
SIM1
SIM2
SIM3
SIM4
1
21
22
SIM5
SIM1
SIM2
DEBUG 1 797
SIM1
SIM2
SIM3
SIM4
1
21
22
SIM5
SIM1
SIM2
SIM3
SIM4
1
21
22
SIM5
SIM1
SIM2
SIM3
SIM4
1
21
22
SIM5
SIM1
SIM2
SIM3
SIM4
1
21
22
SIM5
SIM1
SIM2
SIM3
SIM4
1
21
22
SIM5
SIM1
SIM2
SIM3
SIM4
1
21
22
SIM5
SIM1
SIM2
SIM3
SIM4
1
21
22
SIM5
SIM1
SIM2
SIM3
SIM4
1
21
22
SIM5
SIM1
SIM2
SIM3
SIM4
1
21
22
SIM5
SIM1
SIM2
SIM3
SIM4
1
21
22
SIM5
SIM1
SIM2
SIM3
SIM4
1
21
22
SIM5
SIM1
SIM2
SIM3
SIM4
1
21
22
SIM5
SIM1
SIM2
SIM3
SIM4
1
21
22
SIM5
SIM1
SIM2
SIM3
SIM4
1
21
22
SIM5
SIM1
SIM2
SIM3
SIM4
1
21
22
SIM5
SIM1
SIM2
SIM3
SIM4
1
21
22
SIM5
SIM1
SIM2
SIM3
SIM4
1
21
22
SIM5
SIM1
SIM2
SIM3
SIM4
1
21
22
SIM5
SIM1
SIM2
SIM3
SIM4
1
21
22
SIM5
SIM1
SIM2
SIM3
SIM4
1
21
22
SIM5
SIM1
SIM2
SIM3
SIM4
1
21
22
SIM5
SIM1
SIM2
SIM3
SIM4
1
21
22
SIM5
SIM1
SIM2
SIM3
SIM4
1
21
22
SIM5
SIM1
SIM2
SIM3
SIM4
1
21
22
SIM5
SIM1
SIM2
SIM3
SIM4
1
21
22
SIM5
SIM1
SIM2
SIM3
SIM4
1
21
22
SIM5
SIM1
SIM2
SIM3
SIM4
1
21
22
SIM5
SIM1
SIM2
SIM3
SIM4
1
21
22
SIM5
SIM1
SIM2
SIM3
SIM4
1
21
22
SIM5
SIM1
SIM2
SIM3
SIM4
1
21
22
SIM5
SIM1
SIM2
SIM3
SIM4
1
21
22
SIM5
SIM1
SIM2
SIM3
SIM4
1
21
22
SIM5
SIM1
SIM2
SIM3
SIM4
1
21
22
SIM5
SIM1
SIM2
SIM3
SIM4
1
21
22
SIM5
SIM1
SIM2
SIM3
SIM4
1
21
22
SIM5
SIM1
SIM2
SIM3
SIM4
1
21
22
SIM5
SIM1
SIM2
SIM3
SIM4
1
21
22
SIM5
SIM1
SIM2
SIM3
SIM4
1
21
22
SIM5
SIM1
SIM2
SIM3
SIM4
1
21
22
SIM5
SIM1
SIM2
SIM3
SIM4
1
21
22
SIM5
SIM1
SIM2
SIM3
SIM4
1
21
22
SIM5
SIM1
SIM2
SIM3
SIM4
1
21
22
SIM5
SIM1
SIM2
SIM3
SIM4
1
21
22
SIM5
SIM1
SIM2
SIM3
SIM4
1
21
22
SIM5
SIM1
SIM2
SIM3
SIM4
1
21
22
SIM5
SIM1
SIM2
SIM3
SIM4
1
21
22
SIM5
SIM1
SIM2
SIM3
SIM4
1
21
22
SIM5
SIM1
SIM2
SIM3
SIM4
1
21
22
SIM5
SIM1
SIM2
SIM3
SIM4
1
21
22
SIM5
SIM1
SIM2
SIM3
SIM4
1
21
22
SIM5
SIM1
SIM2
SIM3
SIM4
1
21
22
SIM5
SIM1
SIM2
SIM3
SIM4
1
21
22
SIM5
SIM1
SIM2
SIM3
SIM4
1
21
22
SIM5
SIM1
SIM2
SIM3
SIM4
1
21
22
SIM5
SIM1
SIM2
SIM3
SIM4
1
21
22
SIM5
SIM1
SIM2
SIM3
SIM4
1
21
22
SIM5
SIM1
SIM2
SIM3
SIM4
1
21
22
SIM5
SIM1
SIM2
SIM3
SIM4
1
21
22
SIM5
SIM1
SIM2
SIM3
SIM4
1
21
22
SIM5
SIM1
SIM2
SIM3
SIM4
1
21
22
SIM5
SIM1
SIM2
SIM3
SIM4
1
21
22
SIM5
SIM1
SIM2
SIM3
SIM4
1
21
22
SIM5
SIM1
SIM2
SIM3
SIM4
1
21
22
SIM5
SIM1
SIM2
SIM3
SIM4
1
21
22
SIM5
SIM1
SIM2
SIM3
SIM4
1
21
22
SIM5
SIM1
SIM2
SIM3
SIM4
1
21
22
SIM5
SIM1
SIM2
SIM3
SIM4
1
21
22
SIM5
SIM1
SIM2
SIM3
SIM4
1
21
22
SIM5
SIM1
SIM2
SIM3
SIM4
1
21
22
SIM5
SIM1
SIM2
SIM3
SIM4
1
21
22
SIM5
SIM1
SIM2
SIM3
SIM4
1
21
22
SIM5
SIM1
SIM2
SIM3
SIM4
1
21
22
SIM5
SIM1
SIM2
SIM3
SIM4
1
21
22
SIM5
SIM1
SIM2
SIM3
SIM4
1
21
22
SIM5
SIM1
SIM2
SIM3
SIM4
1
21
22
SIM5
SIM1
SIM2
SIM3
SIM4
1
21
22
SIM5
SIM1
SIM2
SIM3
SIM4
1
21
22
SIM5
SIM1
SIM2
SIM3
SIM4
1
21
22
SIM5
SIM1
SIM2
SIM3
SIM4
1
21
22
SIM5
SIM1
SIM2
SIM3
SIM4
1
21
22
SIM5
SIM1
SIM2
SIM3
SIM4
1
21
22
SIM5
SIM1
SIM2
SIM3
SIM4
1
21
22
SIM5
SIM1
SIM2
SIM3
SIM4
1
21
22
SIM5
SIM1
SIM2
SIM3
SIM4
1
21
22
SIM5
SIM1
SIM2
SIM3
SIM4
1
21
22
SIM5
SIM1
SIM2
SIM3
SIM4
1
21
22
SIM5
SIM1
SIM2
SIM3
SIM4
1
21
22
SIM5
SIM1
SIM2
SIM3
SIM4
1
21
22
SIM5
SIM1
SIM2
SIM3
SIM4
1
21
22
SIM5
SIM1
SIM2
SIM3
SIM4
1
21
22
SIM5
SIM1
SIM2
SIM3
SIM4
1
21
22
SIM5
SIM1
SIM2
SIM3
SIM4
1
21
22
SIM5
SIM1
SIM2
SIM3
SIM4
1
21
22
SIM5
SIM1
SIM2
SIM3
SIM4
1
21
22
SIM5
SIM1
SIM2
SIM3
SIM4
1
21
22
SIM5
SIM1
SIM2
SIM3
SIM4
1
21
22
SIM5
SIM1
SIM2
SIM3
SIM4
1
21
22
SIM5
SIM1
SIM2
SIM3
SIM4
1
21
22
SIM5
SIM1
SIM2
SIM3
SIM4
1
21
22
SIM5
SIM1
SIM2
SIM3
SIM4
1
21
22
SIM5
SIM1
SIM2
SIM3
SIM4
1
21
22
SIM5
SIM1
SIM2
SIM3
SIM4
1
21
22
SIM5
SIM1
SIM2
SIM3
SIM4
1
21
22
SIM5
SIM1
SIM2
SIM3
SIM4
1
21
22
SIM5
SIM1
SIM2
SIM3
SIM4
1
21
22
SIM5
SIM1
SIM2
SIM3
SIM4
1
21
22
SIM5
SIM1
SIM2
SIM3
SIM4
1
21
22
SIM5
SIM1
SIM2
SIM3
SIM4
1
21
22
SIM5
SIM1
SIM2
SIM3
SIM4
1
21
22
SIM5
SIM1
SIM2
SIM3
SIM4
1
21
22
SIM5
SIM1
SIM2
SIM3
SIM4
1
21
22
SIM5
SIM1
SIM2
SIM3
SIM4
1
21
22
SIM5
SIM1
SIM2
SIM3
SIM4
1
21
22
SIM5
SIM1
SIM2
SIM3
SIM4
1
21
22
SIM5
SIM1
SIM2
SIM3
SIM4
1
21
22
SIM5
SIM1
SIM2
SIM3
SIM4
1
21
22
SIM5
SIM1
SIM2
SIM3
SIM4
1
21
22
SIM5
SIM1
SIM2
SIM3
SIM4
1
21
22
SIM5
SIM1
SIM2
SIM3
SIM4
1
21
22
SIM5
SIM1
SIM2
SIM3
SIM4
1
21
22
SIM5
SIM1
SIM2
SIM3
SIM4
1
21
22
SIM5
SIM1
SIM2
SIM3
SIM4
1
21
22
SIM5
SIM1
SIM2
SIM3
SIM4
1
21
22
SIM5
SIM1
SIM2
SIM3
SIM4
1
21
22
SIM5
SIM1
SIM2
SIM3
SIM4
1
21
22
SIM5
SIM1
SIM2
SIM3
SIM4
1
21
22
SIM5
SIM1
SIM2
SIM3
SIM4
1
21
22
SIM5
SIM1
SIM2
SIM3
SIM4
1
21
22
SIM5
SIM1
SIM2
SIM3
SIM4
1
21
22
SIM5
SIM1
SIM2
SIM3
SIM4
1
21
22
SIM5
SIM1
SIM2
SIM3
SIM4
1
21
22
SIM5
SIM1
SIM2
SIM3
SIM4
1
21
22
SIM5
SIM1
SIM2
SIM3
SIM4
1
21
22
SIM5
SIM1
SIM2
SIM3
SIM4
1
21
22
SIM5
SIM1
SIM2
SIM3
SIM4
1
21
22
SIM5
SIM1
SIM2
SIM3
SIM4
1
21
22
SIM5
SIM1
SIM2
SIM3
SIM4
1
21
22
SIM5
SIM1
SIM2
SIM3
SIM4
1
21
22
SIM5
SIM1
SIM2
SIM3
SIM4
1
21
22
SIM5
SIM1
SIM2
DEBUG 1 798
SIM1
SIM2
SIM3
SIM4
1
21
22
SIM5
SIM1
SIM2
SIM3
SIM4
1
21
22
SIM5
SIM1
SIM2
SIM3
SIM4
1
21
22
SIM5
SIM1
SIM2
SIM3
SIM4
1
21
22
SIM5
SIM1
SIM2
SIM3
SIM4
1
21
22
SIM5
SIM1
SIM2
SIM3
SIM4
1
21
22
SIM5
SIM1
SIM2
SIM3
SIM4
1
21
22
SIM5
SIM1
SIM2
SIM3
SIM4
1
21
22
SIM5
SIM1
SIM2
SIM3
SIM4
1
21
22
SIM5
SIM1
SIM2
SIM3
SIM4
1
21
22
SIM5
SIM1
SIM2
SIM3
SIM4
1
21
22
SIM5
SIM1
SIM2
SIM3
SIM4
1
21
22
SIM5
SIM1
SIM2
SIM3
SIM4
1
21
22
SIM5
SIM1
SIM2
SIM3
SIM4
1
21
22
SIM5
SIM1
SIM2
SIM3
SIM4
1
21
22
SIM5
SIM1
SIM2
SIM3
SIM4
1
21
22
SIM5
SIM1
SIM2
SIM3
SIM4
1
21
22
SIM5
SIM1
SIM2
SIM3
SIM4
1
21
22
SIM5
SIM1
SIM2
SIM3
SIM4
1
21
22
SIM5
SIM1
SIM2
SIM3
SIM4
1
21
22
SIM5
SIM1
SIM2
SIM3
SIM4
1
21
22
SIM5
SIM1
SIM2
SIM3
SIM4
1
21
22
SIM5
SIM1
SIM2
SIM3
SIM4
1
21
22
SIM5
SIM1
SIM2
SIM3
SIM4
1
21
22
SIM5
SIM1
SIM2
SIM3
SIM4
1
21
22
SIM5
SIM1
SIM2
SIM3
SIM4
1
21
22
SIM5
SIM1
SIM2
SIM3
SIM4
1
21
22
SIM5
SIM1
SIM2
SIM3
SIM4
1
21
22
SIM5
SIM1
SIM2
SIM3
SIM4
1
21
22
SIM5
SIM1
SIM2
SIM3
SIM4
1
21
22
SIM5
SIM1
SIM2
SIM3
SIM4
1
21
22
SIM5
SIM1
SIM2
SIM3
SIM4
1
21
22
SIM5
SIM1
SIM2
SIM3
SIM4
1
21
22
SIM5
SIM1
SIM2
SIM3
SIM4
1
21
22
SIM5
SIM1
SIM2
SIM3
SIM4
1
21
22
SIM5
SIM1
SIM2
SIM3
SIM4
1
21
22
SIM5
SIM1
SIM2
SIM3
SIM4
1
21
22
SIM5
SIM1
SIM2
SIM3
SIM4
1
21
22
SIM5
SIM1
SIM2
SIM3
SIM4
1
21
22
SIM5
SIM1
SIM2
SIM3
SIM4
1
21
22
SIM5
SIM1
SIM2
SIM3
SIM4
1
21
22
SIM5
SIM1
SIM2
SIM3
SIM4
1
21
22
SIM5
SIM1
SIM2
SIM3
SIM4
1
21
22
SIM5
SIM1
SIM2
SIM3
SIM4
1
21
22
SIM5
SIM1
SIM2
SIM3
SIM4
1
21
22
SIM5
SIM1
SIM2
SIM3
SIM4
1
21
22
SIM5
SIM1
SIM2
SIM3
SIM4
1
21
22
SIM5
SIM1
SIM2
SIM3
SIM4
1
21
22
SIM5
SIM1
SIM2
SIM3
SIM4
1
21
22
SIM5
SIM1
SIM2
SIM3
SIM4
1
21
22
SIM5
SIM1
SIM2
SIM3
SIM4
1
21
22
SIM5
SIM1
SIM2
SIM3
SIM4
1
21
22
SIM5
SIM1
SIM2
SIM3
SIM4
1
21
22
SIM5
SIM1
SIM2
SIM3
SIM4
1
21
22
SIM5
SIM1
SIM2
SIM3
SIM4
1
21
22
SIM5
SIM1
SIM2
SIM3
SIM4
1
21
22
SIM5
SIM1
SIM2
SIM3
SIM4
1
21
22
SIM5
SIM1
SIM2
SIM3
SIM4
1
21
22
SIM5
SIM1
SIM2
SIM3
SIM4
1
21
22
SIM5
SIM1
SIM2
SIM3
SIM4
1
21
22
SIM5
SIM1
SIM2
SIM3
SIM4
1
21
22
SIM5
SIM1
SIM2
SIM3
SIM4
1
21
22
SIM5
SIM1
SIM2
SIM3
SIM4
1
21
22
SIM5
SIM1
SIM2
SIM3
SIM4
1
21
22
SIM5
SIM1
SIM2
SIM3
SIM4
1
21
22
SIM5
SIM1
SIM2
SIM3
SIM4
1
21
22
SIM5
SIM1
SIM2
SIM3
SIM4
1
21
22
SIM5
SIM1
SIM2
SIM3
SIM4
1
21
22
SIM5
SIM1
SIM2
SIM3
SIM4
1
21
22
SIM5
SIM1
SIM2
SIM3
SIM4
1
21
22
SIM5
SIM1
SIM2
SIM3
SIM4
1
21
22
SIM5
SIM1
SIM2
SIM3
SIM4
1
21
22
SIM5
SIM1
SIM2
SIM3
SIM4
1
21
22
SIM5
SIM1
SIM2
SIM3
SIM4
1
21
22
SIM5
SIM1
SIM2
SIM3
SIM4
1
21
22
SIM5
SIM1
SIM2
SIM3
SIM4
1
21
22
SIM5
SIM1
SIM2
SIM3
SIM4
1
21
22
SIM5
SIM1
SIM2
SIM3
SIM4
1
21
22
SIM5
SIM1
SIM2
SIM3
SIM4
1
21
22
SIM5
SIM1
SIM2
SIM3
SIM4
1
21
22
SIM5
SIM1
SIM2
SIM3
SIM4
1
21
22
SIM5
SIM1
SIM2
SIM3
SIM4
1
21
22
SIM5
SIM1
SIM2
SIM3
SIM4
1
21
22
SIM5
SIM1
SIM2
SIM3
SIM4
1
21
22
SIM5
SIM1
SIM2
SIM3
SIM4
1
21
22
SIM5
SIM1
SIM2
SIM3
SIM4
1
21
22
SIM5
SIM1
SIM2
SIM3
SIM4
1
21
22
SIM5
SIM1
SIM2
SIM3
SIM4
1
21
22
SIM5
SIM1
SIM2
SIM3
SIM4
1
21
22
SIM5
SIM1
SIM2
SIM3
SIM4
1
21
22
SIM5
SIM1
SIM2
SIM3
SIM4
1
21
22
SIM5
SIM1
SIM2
SIM3
SIM4
1
21
22
SIM5
SIM1
SIM2
SIM3
SIM4
1
21
22
SIM5
SIM1
SIM2
SIM3
SIM4
1
21
22
SIM5
SIM1
SIM2
SIM3
SIM4
1
21
22
SIM5
SIM1
SIM2
SIM3
SIM4
1
21
22
SIM5
SIM1
SIM2
SIM3
SIM4
1
21
22
SIM5
SIM1
SIM2
SIM3
SIM4
1
21
22
SIM5
SIM1
SIM2
SIM3
SIM4
1
21
22
SIM5
SIM1
SIM2
SIM3
SIM4
1
21
22
SIM5
SIM1
SIM2
SIM3
SIM4
1
21
22
SIM5
SIM1
SIM2
SIM3
SIM4
1
21
22
SIM5
SIM1
SIM2
SIM3
SIM4
1
21
22
SIM5
SIM1
SIM2
SIM3
SIM4
1
21
22
SIM5
SIM1
SIM2
SIM3
SIM4
1
21
22
SIM5
SIM1
SIM2
SIM3
SIM4
1
21
22
SIM5
SIM1
SIM2
SIM3
SIM4
1
21
22
SIM5
SIM1
SIM2
SIM3
SIM4
1
21
22
SIM5
SIM1
SIM2
SIM3
SIM4
1
21
22
SIM5
SIM1
SIM2
SIM3
SIM4
1
21
22
SIM5
SIM1
SIM2
SIM3
SIM4
1
21
22
SIM5
SIM1
SIM2
SIM3
SIM4
1
21
22
SIM5
SIM1
SIM2
SIM3
SIM4
1
21
22
SIM5
SIM1
SIM2
SIM3
SIM4
1
21
22
SIM5
SIM1
SIM2
SIM3
SIM4
1
21
22
SIM5
SIM1
SIM2
SIM3
SIM4
1
21
22
SIM5
SIM1
SIM2
SIM3
SIM4
1
21
22
SIM5
SIM1
SIM2
SIM3
SIM4
1
21
22
SIM5
SIM1
SIM2
SIM3
SIM4
1
21
22
SIM5
SIM1
SIM2
SIM3
SIM4
1
21
22
SIM5
SIM1
SIM2
SIM3
SIM4
1
21
22
SIM5
SIM1
SIM2
SIM3
SIM4
1
21
22
SIM5
SIM1
SIM2
SIM3
SIM4
1
21
22
SIM5
SIM1
SIM2
SIM3
SIM4
1
21
22
SIM5
SIM1
SIM2
SIM3
SIM4
1
21
22
SIM5
SIM1
SIM2
SIM3
SIM4
1
21
22
SIM5
SIM1
SIM2
DEBUG 1 799
SIM1
SIM2
SIM3
SIM4
1
21
22
SIM5
SIM1
SIM2
SIM3
SIM4
1
21
22
SIM5
SIM1
SIM2
SIM3
SIM4
1
21
22
SIM5
SIM1
SIM2
SIM3
SIM4
1
21
22
SIM5
SIM1
SIM2
SIM3
SIM4
1
21
22
SIM5
SIM1
SIM2
SIM3
SIM4
1
21
22
SIM5
SIM1
SIM2
SIM3
SIM4
1
21
22
SIM5
SIM1
SIM2
SIM3
SIM4
1
21
22
SIM5
SIM1
SIM2
SIM3
SIM4
1
21
22
SIM5
SIM1
SIM2
SIM3
SIM4
1
21
22
SIM5
SIM1
SIM2
SIM3
SIM4
1
21
22
SIM5
SIM1
SIM2
SIM3
SIM4
1
21
22
SIM5
SIM1
SIM2
SIM3
SIM4
1
21
22
SIM5
SIM1
SIM2
SIM3
SIM4
1
21
22
SIM5
SIM1
SIM2
SIM3
SIM4
1
21
22
SIM5
SIM1
SIM2
SIM3
SIM4
1
21
22
SIM5
SIM1
SIM2
SIM3
SIM4
1
21
22
SIM5
SIM1
SIM2
SIM3
SIM4
1
21
22
SIM5
SIM1
SIM2
SIM3
SIM4
1
21
22
SIM5
SIM1
SIM2
SIM3
SIM4
1
21
22
SIM5
SIM1
SIM2
SIM3
SIM4
1
21
22
SIM5
SIM1
SIM2
DEBUG 1 800
SIM1
SIM2
SIM3
SIM4
1
21
22
SIM5
SIM1
SIM2
SIM3
SIM4
1
21
22
SIM5
SIM1
SIM2
SIM3
SIM4
1
21
22
SIM5
SIM1
SIM2
SIM3
SIM4
1
21
22
SIM5
SIM1
SIM2
SIM3
SIM4
1
21
22
SIM5
SIM1
SIM2
SIM3
SIM4
1
21
22
SIM5
SIM1
SIM2
SIM3
SIM4
1
21
22
SIM5
SIM1
SIM2
SIM3
SIM4
1
21
22
SIM5
SIM1
SIM2
SIM3
SIM4
1
21
22
SIM5
SIM1
SIM2
SIM3
SIM4
1
21
22
SIM5
SIM1
SIM2
SIM3
SIM4
1
21
22
SIM5
SIM1
SIM2
SIM3
SIM4
1
21
22
SIM5
SIM1
SIM2
SIM3
SIM4
1
21
22
SIM5
SIM1
SIM2
SIM3
SIM4
1
21
22
SIM5
SIM1
SIM2
SIM3
SIM4
1
21
22
SIM5
SIM1
SIM2
SIM3
SIM4
1
21
22
SIM5
SIM1
SIM2
SIM3
SIM4
1
21
22
SIM5
SIM1
SIM2
SIM3
SIM4
1
21
22
SIM5
SIM1
SIM2
SIM3
SIM4
1
21
22
SIM5
SIM1
SIM2
SIM3
SIM4
1
21
22
SIM5
SIM1
SIM2
SIM3
SIM4
1
21
22
SIM5
SIM1
SIM2
SIM3
SIM4
1
21
22
SIM5
SIM1
SIM2
SIM3
SIM4
1
21
22
SIM5
SIM1
SIM2
SIM3
SIM4
1
21
22
SIM5
SIM1
SIM2
SIM3
SIM4
1
21
22
SIM5
SIM1
SIM2
SIM3
SIM4
1
21
22
SIM5
SIM1
SIM2
SIM3
SIM4
1
21
22
SIM5
SIM1
SIM2
SIM3
SIM4
1
21
22
SIM5
SIM1
SIM2
SIM3
SIM4
1
21
22
SIM5
SIM1
SIM2
SIM3
SIM4
1
21
22
SIM5
SIM1
SIM2
SIM3
SIM4
1
21
22
SIM5
SIM1
SIM2
SIM3
SIM4
1
21
22
SIM5
SIM1
SIM2
SIM3
SIM4
1
21
22
SIM5
SIM1
SIM2
SIM3
SIM4
1
21
22
SIM5
SIM1
SIM2
SIM3
SIM4
1
21
22
SIM5
SIM1
SIM2
SIM3
SIM4
1
21
22
SIM5
SIM1
SIM2
SIM3
SIM4
1
21
22
SIM5
SIM1
SIM2
SIM3
SIM4
1
21
22
SIM5
SIM1
SIM2
SIM3
SIM4
1
21
22
SIM5
SIM1
SIM2
SIM3
SIM4
1
21
22
SIM5
SIM1
SIM2
SIM3
SIM4
1
21
22
SIM5
SIM1
SIM2
SIM3
SIM4
1
21
22
SIM5
SIM1
SIM2
SIM3
SIM4
1
21
22
SIM5
SIM1
SIM2
SIM3
SIM4
1
21
22
SIM5
SIM1
SIM2
SIM3
SIM4
1
21
22
SIM5
SIM1
SIM2
SIM3
SIM4
1
21
22
SIM5
SIM1
SIM2
SIM3
SIM4
1
21
22
SIM5
SIM1
SIM2
SIM3
SIM4
1
21
22
SIM5
SIM1
SIM2
SIM3
SIM4
1
21
22
SIM5
SIM1
SIM2
SIM3
SIM4
1
21
22
SIM5
SIM1
SIM2
SIM3
SIM4
1
21
22
SIM5
SIM1
SIM2
SIM3
SIM4
1
21
22
SIM5
SIM1
SIM2
SIM3
SIM4
1
21
22
SIM5
SIM1
SIM2
SIM3
SIM4
1
21
22
SIM5
SIM1
SIM2
SIM3
SIM4
1
21
22
SIM5
SIM1
SIM2
SIM3
SIM4
1
21
22
SIM5
SIM1
SIM2
SIM3
SIM4
1
21
22
SIM5
SIM1
SIM2
SIM3
SIM4
1
21
22
SIM5
SIM1
SIM2
SIM3
SIM4
1
21
22
SIM5
SIM1
SIM2
SIM3
SIM4
1
21
22
SIM5
SIM1
SIM2
SIM3
SIM4
1
21
22
SIM5
SIM1
SIM2
SIM3
SIM4
1
21
22
SIM5
SIM1
SIM2
SIM3
SIM4
1
21
22
SIM5
SIM1
SIM2
SIM3
SIM4
1
21
22
SIM5
SIM1
SIM2
SIM3
SIM4
1
21
22
SIM5
SIM1
SIM2
SIM3
SIM4
1
21
22
SIM5
SIM1
SIM2
SIM3
SIM4
1
21
22
SIM5
SIM1
SIM2
SIM3
SIM4
1
21
22
SIM5
SIM1
SIM2
SIM3
SIM4
1
21
22
SIM5
SIM1
SIM2
SIM3
SIM4
1
21
22
SIM5
SIM1
SIM2
SIM3
SIM4
1
21
22
SIM5
SIM1
SIM2
SIM3
SIM4
1
21
22
SIM5
SIM1
SIM2
SIM3
SIM4
1
21
22
SIM5
SIM1
SIM2
SIM3
SIM4
1
21
22
SIM5
SIM1
SIM2
SIM3
SIM4
1
21
22
SIM5
SIM1
SIM2
SIM3
SIM4
1
21
22
SIM5
SIM1
SIM2
SIM3
SIM4
1
21
22
SIM5
SIM1
SIM2
SIM3
SIM4
1
21
22
SIM5
SIM1
SIM2
SIM3
SIM4
1
21
22
SIM5
SIM1
SIM2
SIM3
SIM4
1
21
22
SIM5
SIM1
SIM2
SIM3
SIM4
1
21
22
SIM5
SIM1
SIM2
SIM3
SIM4
1
21
22
SIM5
SIM1
SIM2
SIM3
SIM4
1
21
22
SIM5
SIM1
SIM2
SIM3
SIM4
1
21
22
SIM5
SIM1
SIM2
SIM3
SIM4
1
21
22
SIM5
SIM1
SIM2
SIM3
SIM4
1
21
22
SIM5
SIM1
SIM2
SIM3
SIM4
1
21
22
SIM5
SIM1
SIM2
SIM3
SIM4
1
21
22
SIM5
SIM1
SIM2
SIM3
SIM4
1
21
22
SIM5
SIM1
SIM2
SIM3
SIM4
1
21
22
SIM5
SIM1
SIM2
SIM3
SIM4
1
21
22
SIM5
SIM1
SIM2
SIM3
SIM4
1
21
22
SIM5
SIM1
SIM2
SIM3
SIM4
1
21
22
SIM5
SIM1
SIM2
SIM3
SIM4
1
21
22
SIM5
SIM1
SIM2
SIM3
SIM4
1
21
22
SIM5
SIM1
SIM2
SIM3
SIM4
1
21
22
SIM5
SIM1
SIM2
SIM3
SIM4
1
21
22
SIM5
SIM1
SIM2
SIM3
SIM4
1
21
22
SIM5
SIM1
SIM2
SIM3
SIM4
1
21
22
SIM5
SIM1
SIM2
SIM3
SIM4
1
21
22
SIM5
SIM1
SIM2
SIM3
SIM4
1
21
22
SIM5
SIM1
SIM2
SIM3
SIM4
1
21
22
SIM5
SIM1
SIM2
SIM3
SIM4
1
21
22
SIM5
SIM1
SIM2
SIM3
SIM4
1
21
22
SIM5
SIM1
SIM2
SIM3
SIM4
1
21
22
SIM5
SIM1
SIM2
SIM3
SIM4
1
21
22
SIM5
SIM1
SIM2
SIM3
SIM4
1
21
22
SIM5
SIM1
SIM2
SIM3
SIM4
1
21
22
SIM5
SIM1
SIM2
SIM3
SIM4
1
21
22
SIM5
SIM1
SIM2
SIM3
SIM4
1
21
22
SIM5
SIM1
SIM2
SIM3
SIM4
1
21
22
SIM5
SIM1
SIM2
SIM3
SIM4
1
21
22
SIM5
SIM1
SIM2
SIM3
SIM4
1
21
22
SIM5
SIM1
SIM2
SIM3
SIM4
1
21
22
SIM5
SIM1
SIM2
SIM3
SIM4
1
21
22
SIM5
SIM1
SIM2
SIM3
SIM4
1
21
22
SIM5
SIM1
SIM2
SIM3
SIM4
1
21
22
SIM5
SIM1
SIM2
SIM3
SIM4
1
21
22
SIM5
SIM1
SIM2
SIM3
SIM4
1
21
22
SIM5
SIM1
SIM2
SIM3
SIM4
1
21
22
SIM5
SIM1
SIM2
SIM3
SIM4
1
21
22
SIM5
SIM1
SIM2
SIM3
SIM4
1
21
22
SIM5
SIM1
SIM2
SIM3
SIM4
1
21
22
SIM5
SIM1
SIM2
SIM3
SIM4
1
21
22
SIM5
SIM1
SIM2
SIM3
SIM4
1
21
22
SIM5
SIM1
SIM2
SIM3
SIM4
1
21
22
SIM5
SIM1
SIM2
SIM3
SIM4
1
21
22
SIM5
SIM1
SIM2
SIM3
SIM4
1
21
22
SIM5
SIM1
SIM2
SIM3
SIM4
1
21
22
SIM5
SIM1
SIM2
SIM3
SIM4
1
21
22
SIM5
SIM1
SIM2
SIM3
SIM4
1
21
22
SIM5
SIM1
SIM2
SIM3
SIM4
1
21
22
SIM5
SIM1
SIM2
SIM3
SIM4
1
21
22
SIM5
SIM1
SIM2
SIM3
SIM4
1
21
22
SIM5
SIM1
SIM2
SIM3
SIM4
1
21
22
SIM5
SIM1
SIM2
SIM3
SIM4
1
21
22
SIM5
SIM1
SIM2
SIM3
SIM4
1
21
22
SIM5
SIM1
SIM2
SIM3
SIM4
1
21
22
SIM5
SIM1
SIM2
SIM3
SIM4
1
21
22
SIM5
SIM1
SIM2
SIM3
SIM4
1
21
22
SIM5
SIM1
SIM2
SIM3
SIM4
1
21
22
SIM5
SIM1
SIM2
SIM3
SIM4
1
21
22
SIM5
SIM1
SIM2
SIM3
SIM4
1
21
22
SIM5
SIM1
SIM2
SIM3
SIM4
1
21
22
SIM5
SIM1
SIM2
SIM3
SIM4
1
21
22
SIM5
SIM1
SIM2
SIM3
SIM4
1
21
22
SIM5
SIM1
SIM2
SIM3
SIM4
1
21
22
SIM5
SIM1
SIM2
SIM3
SIM4
1
21
22
SIM5
SIM1
SIM2
SIM3
SIM4
1
21
22
SIM5
SIM1
SIM2
SIM3
SIM4
1
21
22
SIM5
SIM1
SIM2
SIM3
SIM4
1
21
22
SIM5
SIM1
SIM2
SIM3
SIM4
1
21
22
SIM5
SIM1
SIM2
SIM3
SIM4
1
21
22
SIM5
SIM1
SIM2
SIM3
SIM4
1
21
22
SIM5
SIM1
SIM2
SIM3
SIM4
1
21
22
SIM5
SIM1
SIM2
SIM3
SIM4
1
21
22
SIM5
SIM1
SIM2
SIM3
SIM4
1
21
22
SIM5
SIM1
SIM2
SIM3
SIM4
1
21
22
SIM5
SIM1
SIM2
SIM3
SIM4
1
21
22
SIM5
SIM1
SIM2
SIM3
SIM4
1
21
22
SIM5
SIM1
SIM2
SIM3
SIM4
1
21
22
SIM5
SIM1
SIM2
SIM3
SIM4
1
21
22
SIM5
SIM1
SIM2
SIM3
SIM4
1
21
22
SIM5
SIM1
SIM2
SIM3
SIM4
1
21
22
SIM5
SIM1
SIM2
SIM3
SIM4
1
21
22
SIM5
SIM1
SIM2
SIM3
SIM4
1
21
22
SIM5
SIM1
SIM2
SIM3
SIM4
1
21
22
SIM5
SIM1
SIM2
SIM3
SIM4
1
21
22
SIM5
SIM1
SIM2
SIM3
SIM4
1
21
22
SIM5
SIM1
SIM2
SIM3
SIM4
1
21
22
SIM5
SIM1
SIM2
SIM3
SIM4
1
21
22
SIM5
SIM1
SIM2
SIM3
SIM4
1
21
22
SIM5
SIM1
SIM2
SIM3
SIM4
1
21
22
SIM5
SIM1
SIM2
SIM3
SIM4
1
21
22
SIM5
SIM1
SIM2
SIM3
SIM4
1
21
22
SIM5
SIM1
SIM2
SIM3
SIM4
1
21
22
SIM5
SIM1
SIM2
SIM3
SIM4
1
21
22
SIM5
SIM1
SIM2
SIM3
SIM4
1
21
22
SIM5
SIM1
SIM2
SIM3
SIM4
1
21
22
SIM5
SIM1
SIM2
SIM3
SIM4
1
21
22
SIM5
SIM1
SIM2
SIM3
SIM4
1
21
22
SIM5
SIM1
SIM2
SIM3
SIM4
1
21
22
SIM5
SIM1
SIM2
SIM3
SIM4
1
21
22
SIM5
SIM1
SIM2
SIM3
SIM4
1
21
22
SIM5
SIM1
SIM2
SIM3
SIM4
1
21
22
SIM5
SIM1
SIM2
SIM3
SIM4
1
21
22
SIM5
SIM1
SIM2
SIM3
SIM4
1
21
22
SIM5
SIM1
SIM2
SIM3
SIM4
1
21
22
SIM5
SIM1
SIM2
SIM3
SIM4
1
21
22
SIM5
SIM1
SIM2
SIM3
SIM4
1
21
22
SIM5
SIM1
SIM2
SIM3
SIM4
1
21
22
SIM5
SIM1
SIM2
SIM3
SIM4
1
21
22
SIM5
SIM1
SIM2
SIM3
SIM4
1
21
22
SIM5
SIM1
SIM2
SIM3
SIM4
1
21
22
SIM5
SIM1
SIM2
SIM3
SIM4
1
21
22
SIM5
SIM1
SIM2
SIM3
SIM4
1
21
22
SIM5
SIM1
SIM2
SIM3
SIM4
1
21
22
SIM5
SIM1
SIM2
SIM3
SIM4
1
21
22
SIM5
SIM1
SIM2
SIM3
SIM4
1
21
22
SIM5
SIM1
SIM2
SIM3
SIM4
1
21
22
SIM5
SIM1
SIM2
SIM3
SIM4
1
21
22
SIM5
SIM1
SIM2
SIM3
SIM4
1
21
22
SIM5
SIM1
SIM2
SIM3
SIM4
1
21
22
SIM5
SIM1
SIM2
SIM3
SIM4
1
21
22
SIM5
SIM1
SIM2
DEBUG 1 801
SIM1
SIM2
SIM3
SIM4
1
21
22
SIM5
SIM1
SIM2
SIM3
SIM4
1
21
22
SIM5
SIM1
SIM2
SIM3
SIM4
1
21
22
SIM5
SIM1
SIM2
SIM3
SIM4
1
21
22
SIM5
SIM1
SIM2
SIM3
SIM4
1
21
22
SIM5
SIM1
SIM2
SIM3
SIM4
1
21
22
SIM5
SIM1
SIM2
SIM3
SIM4
1
21
22
SIM5
SIM1
SIM2
SIM3
SIM4
1
21
22
SIM5
SIM1
SIM2
SIM3
SIM4
1
21
22
SIM5
SIM1
SIM2
SIM3
SIM4
1
21
22
SIM5
SIM1
SIM2
SIM3
SIM4
1
21
22
SIM5
SIM1
SIM2
SIM3
SIM4
1
21
22
SIM5
SIM1
SIM2
SIM3
SIM4
1
21
22
SIM5
SIM1
SIM2
SIM3
SIM4
1
21
22
SIM5
SIM1
SIM2
SIM3
SIM4
1
21
22
SIM5
SIM1
SIM2
SIM3
SIM4
1
21
22
SIM5
SIM1
SIM2
SIM3
SIM4
1
21
22
SIM5
SIM1
SIM2
SIM3
SIM4
1
21
22
SIM5
SIM1
SIM2
SIM3
SIM4
1
21
22
SIM5
SIM1
SIM2
SIM3
SIM4
1
21
22
SIM5
SIM1
SIM2
SIM3
SIM4
1
21
22
SIM5
SIM1
SIM2
SIM3
SIM4
1
21
22
SIM5
SIM1
SIM2
SIM3
SIM4
1
21
22
SIM5
SIM1
SIM2
SIM3
SIM4
1
21
22
SIM5
SIM1
SIM2
SIM3
SIM4
1
21
22
SIM5
SIM1
SIM2
SIM3
SIM4
1
21
22
SIM5
SIM1
SIM2
SIM3
SIM4
1
21
22
SIM5
SIM1
SIM2
SIM3
SIM4
1
21
22
SIM5
SIM1
SIM2
SIM3
SIM4
1
21
22
SIM5
SIM1
SIM2
SIM3
SIM4
1
21
22
SIM5
SIM1
SIM2
SIM3
SIM4
1
21
22
SIM5
SIM1
SIM2
SIM3
SIM4
1
21
22
SIM5
SIM1
SIM2
SIM3
SIM4
1
21
22
SIM5
SIM1
SIM2
SIM3
SIM4
1
21
22
SIM5
SIM1
SIM2
SIM3
SIM4
1
21
22
SIM5
SIM1
SIM2
SIM3
SIM4
1
21
22
SIM5
SIM1
SIM2
SIM3
SIM4
1
21
22
SIM5
SIM1
SIM2
SIM3
SIM4
1
21
22
SIM5
SIM1
SIM2
SIM3
SIM4
1
21
22
SIM5
SIM1
SIM2
SIM3
SIM4
1
21
22
SIM5
SIM1
SIM2
SIM3
SIM4
1
21
22
SIM5
SIM1
SIM2
SIM3
SIM4
1
21
22
SIM5
SIM1
SIM2
SIM3
SIM4
1
21
22
SIM5
SIM1
SIM2
SIM3
SIM4
1
21
22
SIM5
SIM1
SIM2
SIM3
SIM4
1
21
22
SIM5
SIM1
SIM2
SIM3
SIM4
1
21
22
SIM5
SIM1
SIM2
SIM3
SIM4
1
21
22
SIM5
SIM1
SIM2
SIM3
SIM4
1
21
22
SIM5
SIM1
SIM2
SIM3
SIM4
1
21
22
SIM5
SIM1
SIM2
SIM3
SIM4
1
21
22
SIM5
SIM1
SIM2
SIM3
SIM4
1
21
22
SIM5
SIM1
SIM2
SIM3
SIM4
1
21
22
SIM5
SIM1
SIM2
SIM3
SIM4
1
21
22
SIM5
SIM1
SIM2
SIM3
SIM4
1
21
22
SIM5
SIM1
SIM2
SIM3
SIM4
1
21
22
SIM5
SIM1
SIM2
SIM3
SIM4
1
21
22
SIM5
SIM1
SIM2
SIM3
SIM4
1
21
22
SIM5
SIM1
SIM2
DEBUG 1 802
SIM1
SIM2
SIM3
SIM4
1
21
22
SIM5
SIM1
SIM2
SIM3
SIM4
1
21
22
SIM5
SIM1
SIM2
SIM3
SIM4
1
21
22
SIM5
SIM1
SIM2
SIM3
SIM4
1
21
22
SIM5
SIM1
SIM2
SIM3
SIM4
1
21
22
SIM5
SIM1
SIM2
SIM3
SIM4
1
21
22
SIM5
SIM1
SIM2
SIM3
SIM4
1
21
22
SIM5
SIM1
SIM2
SIM3
SIM4
1
21
22
SIM5
SIM1
SIM2
SIM3
SIM4
1
21
22
SIM5
SIM1
SIM2
SIM3
SIM4
1
21
22
SIM5
SIM1
SIM2
SIM3
SIM4
1
21
22
SIM5
SIM1
SIM2
SIM3
SIM4
1
21
22
SIM5
SIM1
SIM2
SIM3
SIM4
1
21
22
SIM5
SIM1
SIM2
SIM3
SIM4
1
21
22
SIM5
SIM1
SIM2
SIM3
SIM4
1
21
22
SIM5
SIM1
SIM2
SIM3
SIM4
1
21
22
SIM5
SIM1
SIM2
SIM3
SIM4
1
21
22
SIM5
SIM1
SIM2
SIM3
SIM4
1
21
22
SIM5
SIM1
SIM2
SIM3
SIM4
1
21
22
SIM5
SIM1
SIM2
SIM3
SIM4
1
21
22
SIM5
SIM1
SIM2
SIM3
SIM4
1
21
22
SIM5
SIM1
SIM2
SIM3
SIM4
1
21
22
SIM5
SIM1
SIM2
SIM3
SIM4
1
21
22
SIM5
SIM1
SIM2
SIM3
SIM4
1
21
22
SIM5
SIM1
SIM2
SIM3
SIM4
1
21
22
SIM5
SIM1
SIM2
SIM3
SIM4
1
21
22
SIM5
SIM1
SIM2
SIM3
SIM4
1
21
22
SIM5
SIM1
SIM2
SIM3
SIM4
1
21
22
SIM5
SIM1
SIM2
SIM3
SIM4
1
21
22
SIM5
SIM1
SIM2
SIM3
SIM4
1
21
22
SIM5
SIM1
SIM2
SIM3
SIM4
1
21
22
SIM5
SIM1
SIM2
SIM3
SIM4
1
21
22
SIM5
SIM1
SIM2
SIM3
SIM4
1
21
22
SIM5
SIM1
SIM2
SIM3
SIM4
1
21
22
SIM5
SIM1
SIM2
SIM3
SIM4
1
21
22
SIM5
SIM1
SIM2
SIM3
SIM4
1
21
22
SIM5
SIM1
SIM2
SIM3
SIM4
1
21
22
SIM5
SIM1
SIM2
SIM3
SIM4
1
21
22
SIM5
SIM1
SIM2
SIM3
SIM4
1
21
22
SIM5
SIM1
SIM2
SIM3
SIM4
1
21
22
SIM5
SIM1
SIM2
SIM3
SIM4
1
21
22
SIM5
SIM1
SIM2
SIM3
SIM4
1
21
22
SIM5
SIM1
SIM2
SIM3
SIM4
1
21
22
SIM5
SIM1
SIM2
SIM3
SIM4
1
21
22
SIM5
SIM1
SIM2
SIM3
SIM4
1
21
22
SIM5
SIM1
SIM2
SIM3
SIM4
1
21
22
SIM5
SIM1
SIM2
SIM3
SIM4
1
21
22
SIM5
SIM1
SIM2
SIM3
SIM4
1
21
22
SIM5
SIM1
SIM2
SIM3
SIM4
1
21
22
SIM5
SIM1
SIM2
SIM3
SIM4
1
21
22
SIM5
SIM1
SIM2
SIM3
SIM4
1
21
22
SIM5
SIM1
SIM2
SIM3
SIM4
1
21
22
SIM5
SIM1
SIM2
SIM3
SIM4
1
21
22
SIM5
SIM1
SIM2
SIM3
SIM4
1
21
22
SIM5
SIM1
SIM2
SIM3
SIM4
1
21
22
SIM5
SIM1
SIM2
SIM3
SIM4
1
21
22
SIM5
SIM1
SIM2
SIM3
SIM4
1
21
22
SIM5
SIM1
SIM2
SIM3
SIM4
1
21
22
SIM5
SIM1
SIM2
SIM3
SIM4
1
21
22
SIM5
SIM1
SIM2
SIM3
SIM4
1
21
22
SIM5
SIM1
SIM2
SIM3
SIM4
1
21
22
SIM5
SIM1
SIM2
SIM3
SIM4
1
21
22
SIM5
SIM1
SIM2
SIM3
SIM4
1
21
22
SIM5
SIM1
SIM2
SIM3
SIM4
1
21
22
SIM5
SIM1
SIM2
SIM3
SIM4
1
21
22
SIM5
SIM1
SIM2
SIM3
SIM4
1
21
22
SIM5
SIM1
SIM2
SIM3
SIM4
1
21
22
SIM5
SIM1
SIM2
SIM3
SIM4
1
21
22
SIM5
SIM1
SIM2
SIM3
SIM4
1
21
22
SIM5
SIM1
SIM2
SIM3
SIM4
1
21
22
SIM5
SIM1
SIM2
SIM3
SIM4
1
21
22
SIM5
SIM1
SIM2
SIM3
SIM4
1
21
22
SIM5
SIM1
SIM2
SIM3
SIM4
1
21
22
SIM5
SIM1
SIM2
SIM3
SIM4
1
21
22
SIM5
SIM1
SIM2
SIM3
SIM4
1
21
22
SIM5
SIM1
SIM2
SIM3
SIM4
1
21
22
SIM5
SIM1
SIM2
SIM3
SIM4
1
21
22
SIM5
SIM1
SIM2
SIM3
SIM4
1
21
22
SIM5
SIM1
SIM2
SIM3
SIM4
1
21
22
SIM5
SIM1
SIM2
SIM3
SIM4
1
21
22
SIM5
SIM1
SIM2
SIM3
SIM4
1
21
22
SIM5
SIM1
SIM2
SIM3
SIM4
1
21
22
SIM5
SIM1
SIM2
SIM3
SIM4
1
21
22
SIM5
SIM1
SIM2
SIM3
SIM4
1
21
22
SIM5
SIM1
SIM2
SIM3
SIM4
1
21
22
SIM5
SIM1
SIM2
SIM3
SIM4
1
21
22
SIM5
SIM1
SIM2
SIM3
SIM4
1
21
22
SIM5
SIM1
SIM2
SIM3
SIM4
1
21
22
SIM5
SIM1
SIM2
SIM3
SIM4
1
21
22
SIM5
SIM1
SIM2
SIM3
SIM4
1
21
22
SIM5
SIM1
SIM2
SIM3
SIM4
1
21
22
SIM5
SIM1
SIM2
SIM3
SIM4
1
21
22
SIM5
SIM1
SIM2
SIM3
SIM4
1
21
22
SIM5
SIM1
SIM2
SIM3
SIM4
1
21
22
SIM5
SIM1
SIM2
SIM3
SIM4
1
21
22
SIM5
SIM1
SIM2
SIM3
SIM4
1
21
22
SIM5
SIM1
SIM2
SIM3
SIM4
1
21
22
SIM5
SIM1
SIM2
SIM3
SIM4
1
21
22
SIM5
SIM1
SIM2
SIM3
SIM4
1
21
22
SIM5
SIM1
SIM2
SIM3
SIM4
1
21
22
SIM5
SIM1
SIM2
SIM3
SIM4
1
21
22
SIM5
SIM1
SIM2
SIM3
SIM4
1
21
22
SIM5
SIM1
SIM2
SIM3
SIM4
1
21
22
SIM5
SIM1
SIM2
SIM3
SIM4
1
21
22
SIM5
SIM1
SIM2
SIM3
SIM4
1
21
22
SIM5
SIM1
SIM2
SIM3
SIM4
1
21
22
SIM5
SIM1
SIM2
SIM3
SIM4
1
21
22
SIM5
SIM1
SIM2
SIM3
SIM4
1
21
22
SIM5
SIM1
SIM2
SIM3
SIM4
1
21
22
SIM5
SIM1
SIM2
SIM3
SIM4
1
21
22
SIM5
SIM1
SIM2
SIM3
SIM4
1
21
22
SIM5
SIM1
SIM2
SIM3
SIM4
1
21
22
SIM5
SIM1
SIM2
SIM3
SIM4
1
21
22
SIM5
SIM1
SIM2
SIM3
SIM4
1
21
22
SIM5
SIM1
SIM2
SIM3
SIM4
1
21
22
SIM5
SIM1
SIM2
SIM3
SIM4
1
21
22
SIM5
SIM1
SIM2
SIM3
SIM4
1
21
22
SIM5
SIM1
SIM2
SIM3
SIM4
1
21
22
SIM5
SIM1
SIM2
SIM3
SIM4
1
21
22
SIM5
SIM1
SIM2
SIM3
SIM4
1
21
22
SIM5
SIM1
SIM2
SIM3
SIM4
1
21
22
SIM5
SIM1
SIM2
SIM3
SIM4
1
21
22
SIM5
SIM1
SIM2
SIM3
SIM4
1
21
22
SIM5
SIM1
SIM2
SIM3
SIM4
1
21
22
SIM5
SIM1
SIM2
SIM3
SIM4
1
21
22
SIM5
SIM1
SIM2
SIM3
SIM4
1
21
22
SIM5
SIM1
SIM2
SIM3
SIM4
1
21
22
SIM5
SIM1
SIM2
SIM3
SIM4
1
21
22
SIM5
SIM1
SIM2
SIM3
SIM4
1
21
22
SIM5
SIM1
SIM2
SIM3
SIM4
1
21
22
SIM5
SIM1
SIM2
SIM3
SIM4
1
21
22
SIM5
SIM1
SIM2
SIM3
SIM4
1
21
22
SIM5
SIM1
SIM2
SIM3
SIM4
1
21
22
SIM5
SIM1
SIM2
SIM3
SIM4
1
21
22
SIM5
SIM1
SIM2
SIM3
SIM4
1
21
22
SIM5
SIM1
SIM2
SIM3
SIM4
1
21
22
SIM5
SIM1
SIM2
SIM3
SIM4
1
21
22
SIM5
SIM1
SIM2
SIM3
SIM4
1
21
22
SIM5
SIM1
SIM2
SIM3
SIM4
1
21
22
SIM5
SIM1
SIM2
SIM3
SIM4
1
21
22
SIM5
SIM1
SIM2
SIM3
SIM4
1
21
22
SIM5
SIM1
SIM2
SIM3
SIM4
1
21
22
SIM5
SIM1
SIM2
SIM3
SIM4
1
21
22
SIM5
SIM1
SIM2
SIM3
SIM4
1
21
22
SIM5
SIM1
SIM2
SIM3
SIM4
1
21
22
SIM5
SIM1
SIM2
SIM3
SIM4
1
21
22
SIM5
SIM1
SIM2
SIM3
SIM4
1
21
22
SIM5
SIM1
SIM2
SIM3
SIM4
1
21
22
SIM5
SIM1
SIM2
SIM3
SIM4
1
21
22
SIM5
SIM1
SIM2
SIM3
SIM4
1
21
22
SIM5
SIM1
SIM2
SIM3
SIM4
1
21
22
SIM5
SIM1
SIM2
SIM3
SIM4
1
21
22
SIM5
SIM1
SIM2
SIM3
SIM4
1
21
22
SIM5
SIM1
SIM2
SIM3
SIM4
1
21
22
SIM5
SIM1
SIM2
SIM3
SIM4
1
21
22
SIM5
SIM1
SIM2
SIM3
SIM4
1
21
22
SIM5
SIM1
SIM2
SIM3
SIM4
1
21
22
SIM5
SIM1
SIM2
SIM3
SIM4
1
21
22
SIM5
SIM1
SIM2
SIM3
SIM4
1
21
22
SIM5
SIM1
SIM2
SIM3
SIM4
1
21
22
SIM5
SIM1
SIM2
SIM3
SIM4
1
21
22
SIM5
SIM1
SIM2
SIM3
SIM4
1
21
22
SIM5
SIM1
SIM2
SIM3
SIM4
1
21
22
SIM5
SIM1
SIM2
SIM3
SIM4
1
21
22
SIM5
SIM1
SIM2
SIM3
SIM4
1
21
22
SIM5
SIM1
SIM2
SIM3
SIM4
1
21
22
SIM5
SIM1
SIM2
SIM3
SIM4
1
21
22
SIM5
SIM1
SIM2
SIM3
SIM4
1
21
22
SIM5
SIM1
SIM2
SIM3
SIM4
1
21
22
SIM5
SIM1
SIM2
SIM3
SIM4
1
21
22
SIM5
SIM1
SIM2
SIM3
SIM4
1
21
22
SIM5
SIM1
SIM2
SIM3
SIM4
1
21
22
SIM5
SIM1
SIM2
SIM3
SIM4
1
21
22
SIM5
SIM1
SIM2
SIM3
SIM4
1
21
22
SIM5
SIM1
SIM2
SIM3
SIM4
1
21
22
SIM5
SIM1
SIM2
DEBUG 1 803
SIM1
SIM2
SIM3
SIM4
1
21
22
SIM5
SIM1
SIM2
SIM3
SIM4
1
21
22
SIM5
SIM1
SIM2
SIM3
SIM4
1
21
22
SIM5
SIM1
SIM2
SIM3
SIM4
1
21
22
SIM5
SIM1
SIM2
SIM3
SIM4
1
21
22
SIM5
SIM1
SIM2
SIM3
SIM4
1
21
22
SIM5
SIM1
SIM2
SIM3
SIM4
1
21
22
SIM5
SIM1
SIM2
SIM3
SIM4
1
21
22
SIM5
SIM1
SIM2
SIM3
SIM4
1
21
22
SIM5
SIM1
SIM2
SIM3
SIM4
1
21
22
SIM5
SIM1
SIM2
SIM3
SIM4
1
21
22
SIM5
SIM1
SIM2
SIM3
SIM4
1
21
22
SIM5
SIM1
SIM2
SIM3
SIM4
1
21
22
SIM5
SIM1
SIM2
SIM3
SIM4
1
21
22
SIM5
SIM1
SIM2
SIM3
SIM4
1
21
22
SIM5
SIM1
SIM2
SIM3
SIM4
1
21
22
SIM5
SIM1
SIM2
SIM3
SIM4
1
21
22
SIM5
SIM1
SIM2
SIM3
SIM4
1
21
22
SIM5
SIM1
SIM2
SIM3
SIM4
1
21
22
SIM5
SIM1
SIM2
SIM3
SIM4
1
21
22
SIM5
SIM1
SIM2
SIM3
SIM4
1
21
22
SIM5
SIM1
SIM2
SIM3
SIM4
1
21
22
SIM5
SIM1
SIM2
SIM3
SIM4
1
21
22
SIM5
SIM1
SIM2
SIM3
SIM4
1
21
22
SIM5
SIM1
SIM2
SIM3
SIM4
1
21
22
SIM5
SIM1
SIM2
SIM3
SIM4
1
21
22
SIM5
SIM1
SIM2
SIM3
SIM4
1
21
22
SIM5
SIM1
SIM2
SIM3
SIM4
1
21
22
SIM5
SIM1
SIM2
SIM3
SIM4
1
21
22
SIM5
SIM1
SIM2
SIM3
SIM4
1
21
22
SIM5
SIM1
SIM2
SIM3
SIM4
1
21
22
SIM5
SIM1
SIM2
SIM3
SIM4
1
21
22
SIM5
SIM1
SIM2
SIM3
SIM4
1
21
22
SIM5
SIM1
SIM2
SIM3
SIM4
1
21
22
SIM5
SIM1
SIM2
SIM3
SIM4
1
21
22
SIM5
SIM1
SIM2
SIM3
SIM4
1
21
22
SIM5
SIM1
SIM2
SIM3
SIM4
1
21
22
SIM5
SIM1
SIM2
SIM3
SIM4
1
21
22
SIM5
SIM1
SIM2
SIM3
SIM4
1
21
22
SIM5
SIM1
SIM2
SIM3
SIM4
1
21
22
SIM5
SIM1
SIM2
SIM3
SIM4
1
21
22
SIM5
SIM1
SIM2
SIM3
SIM4
1
21
22
SIM5
SIM1
SIM2
SIM3
SIM4
1
21
22
SIM5
SIM1
SIM2
SIM3
SIM4
1
21
22
SIM5
SIM1
SIM2
SIM3
SIM4
1
21
22
SIM5
SIM1
SIM2
SIM3
SIM4
1
21
22
SIM5
SIM1
SIM2
SIM3
SIM4
1
21
22
SIM5
SIM1
SIM2
SIM3
SIM4
1
21
22
SIM5
SIM1
SIM2
SIM3
SIM4
1
21
22
SIM5
SIM1
SIM2
SIM3
SIM4
1
21
22
SIM5
SIM1
SIM2
SIM3
SIM4
1
21
22
SIM5
SIM1
SIM2
SIM3
SIM4
1
21
22
SIM5
SIM1
SIM2
SIM3
SIM4
1
21
22
SIM5
SIM1
SIM2
SIM3
SIM4
1
21
22
SIM5
SIM1
SIM2
SIM3
SIM4
1
21
22
SIM5
SIM1
SIM2
SIM3
SIM4
1
21
22
SIM5
SIM1
SIM2
SIM3
SIM4
1
21
22
SIM5
SIM1
SIM2
SIM3
SIM4
1
21
22
SIM5
SIM1
SIM2
SIM3
SIM4
1
21
22
SIM5
SIM1
SIM2
SIM3
SIM4
1
21
22
SIM5
SIM1
SIM2
SIM3
SIM4
1
21
22
SIM5
SIM1
SIM2
SIM3
SIM4
1
21
22
SIM5
SIM1
SIM2
SIM3
SIM4
1
21
22
SIM5
SIM1
SIM2
SIM3
SIM4
1
21
22
SIM5
SIM1
SIM2
SIM3
SIM4
1
21
22
SIM5
SIM1
SIM2
SIM3
SIM4
1
21
22
SIM5
SIM1
SIM2
SIM3
SIM4
1
21
22
SIM5
SIM1
SIM2
SIM3
SIM4
1
21
22
SIM5
SIM1
SIM2
SIM3
SIM4
1
21
22
SIM5
SIM1
SIM2
SIM3
SIM4
1
21
22
SIM5
SIM1
SIM2
SIM3
SIM4
1
21
22
SIM5
SIM1
SIM2
SIM3
SIM4
1
21
22
SIM5
SIM1
SIM2
SIM3
SIM4
1
21
22
SIM5
SIM1
SIM2
SIM3
SIM4
1
21
22
SIM5
SIM1
SIM2
SIM3
SIM4
1
21
22
SIM5
SIM1
SIM2
SIM3
SIM4
1
21
22
SIM5
SIM1
SIM2
SIM3
SIM4
1
21
22
SIM5
SIM1
SIM2
SIM3
SIM4
1
21
22
SIM5
SIM1
SIM2
SIM3
SIM4
1
21
22
SIM5
SIM1
SIM2
SIM3
SIM4
1
21
22
SIM5
SIM1
SIM2
SIM3
SIM4
1
21
22
SIM5
SIM1
SIM2
SIM3
SIM4
1
21
22
SIM5
SIM1
SIM2
SIM3
SIM4
1
21
22
SIM5
SIM1
SIM2
SIM3
SIM4
1
21
22
SIM5
SIM1
SIM2
SIM3
SIM4
1
21
22
SIM5
SIM1
SIM2
SIM3
SIM4
1
21
22
SIM5
SIM1
SIM2
SIM3
SIM4
1
21
22
SIM5
SIM1
SIM2
SIM3
SIM4
1
21
22
SIM5
SIM1
SIM2
SIM3
SIM4
1
21
22
SIM5
SIM1
SIM2
SIM3
SIM4
1
21
22
SIM5
SIM1
SIM2
SIM3
SIM4
1
21
22
SIM5
SIM1
SIM2
SIM3
SIM4
1
21
22
SIM5
SIM1
SIM2
SIM3
SIM4
1
21
22
SIM5
SIM1
SIM2
SIM3
SIM4
1
21
22
SIM5
SIM1
SIM2
SIM3
SIM4
1
21
22
SIM5
SIM1
SIM2
SIM3
SIM4
1
21
22
SIM5
SIM1
SIM2
SIM3
SIM4
1
21
22
SIM5
SIM1
SIM2
SIM3
SIM4
1
21
22
SIM5
SIM1
SIM2
SIM3
SIM4
1
21
22
SIM5
SIM1
SIM2
SIM3
SIM4
1
21
22
SIM5
SIM1
SIM2
SIM3
SIM4
1
21
22
SIM5
SIM1
SIM2
SIM3
SIM4
1
21
22
SIM5
SIM1
SIM2
SIM3
SIM4
1
21
22
SIM5
SIM1
SIM2
SIM3
SIM4
1
21
22
SIM5
SIM1
SIM2
SIM3
SIM4
1
21
22
SIM5
SIM1
SIM2
SIM3
SIM4
1
21
22
SIM5
SIM1
SIM2
SIM3
SIM4
1
21
22
SIM5
SIM1
SIM2
SIM3
SIM4
1
21
22
SIM5
SIM1
SIM2
SIM3
SIM4
1
21
22
SIM5
SIM1
SIM2
SIM3
SIM4
1
21
22
SIM5
SIM1
SIM2
SIM3
SIM4
1
21
22
SIM5
SIM1
SIM2
DEBUG 1 804
SIM1
SIM2
SIM3
SIM4
1
21
22
SIM5
SIM1
SIM2
SIM3
SIM4
1
21
22
SIM5
SIM1
SIM2
SIM3
SIM4
1
21
22
SIM5
SIM1
SIM2
SIM3
SIM4
1
21
22
SIM5
SIM1
SIM2
SIM3
SIM4
1
21
22
SIM5
SIM1
SIM2
SIM3
SIM4
1
21
22
SIM5
SIM1
SIM2
SIM3
SIM4
1
21
22
SIM5
SIM1
SIM2
SIM3
SIM4
1
21
22
SIM5
SIM1
SIM2
SIM3
SIM4
1
21
22
SIM5
SIM1
SIM2
SIM3
SIM4
1
21
22
SIM5
SIM1
SIM2
SIM3
SIM4
1
21
22
SIM5
SIM1
SIM2
SIM3
SIM4
1
21
22
SIM5
SIM1
SIM2
SIM3
SIM4
1
21
22
SIM5
SIM1
SIM2
SIM3
SIM4
1
21
22
SIM5
SIM1
SIM2
SIM3
SIM4
1
21
22
SIM5
SIM1
SIM2
SIM3
SIM4
1
21
22
SIM5
SIM1
SIM2
SIM3
SIM4
1
21
22
SIM5
SIM1
SIM2
SIM3
SIM4
1
21
22
SIM5
SIM1
SIM2
SIM3
SIM4
1
21
22
SIM5
SIM1
SIM2
SIM3
SIM4
1
21
22
SIM5
SIM1
SIM2
SIM3
SIM4
1
21
22
SIM5
SIM1
SIM2
SIM3
SIM4
1
21
22
SIM5
SIM1
SIM2
SIM3
SIM4
1
21
22
SIM5
SIM1
SIM2
SIM3
SIM4
1
21
22
SIM5
SIM1
SIM2
SIM3
SIM4
1
21
22
SIM5
SIM1
SIM2
SIM3
SIM4
1
21
22
SIM5
SIM1
SIM2
SIM3
SIM4
1
21
22
SIM5
SIM1
SIM2
SIM3
SIM4
1
21
22
SIM5
SIM1
SIM2
SIM3
SIM4
1
21
22
SIM5
SIM1
SIM2
SIM3
SIM4
1
21
22
SIM5
SIM1
SIM2
SIM3
SIM4
1
21
22
SIM5
SIM1
SIM2
SIM3
SIM4
1
21
22
SIM5
SIM1
SIM2
SIM3
SIM4
1
21
22
SIM5
SIM1
SIM2
SIM3
SIM4
1
21
22
SIM5
SIM1
SIM2
SIM3
SIM4
1
21
22
SIM5
SIM1
SIM2
SIM3
SIM4
1
21
22
SIM5
SIM1
SIM2
SIM3
SIM4
1
21
22
SIM5
SIM1
SIM2
SIM3
SIM4
1
21
22
SIM5
SIM1
SIM2
SIM3
SIM4
1
21
22
SIM5
SIM1
SIM2
SIM3
SIM4
1
21
22
SIM5
SIM1
SIM2
SIM3
SIM4
1
21
22
SIM5
SIM1
SIM2
SIM3
SIM4
1
21
22
SIM5
SIM1
SIM2
SIM3
SIM4
1
21
22
SIM5
SIM1
SIM2
SIM3
SIM4
1
21
22
SIM5
SIM1
SIM2
SIM3
SIM4
1
21
22
SIM5
SIM1
SIM2
SIM3
SIM4
1
21
22
SIM5
SIM1
SIM2
SIM3
SIM4
1
21
22
SIM5
SIM1
SIM2
SIM3
SIM4
1
21
22
SIM5
SIM1
SIM2
SIM3
SIM4
1
21
22
SIM5
SIM1
SIM2
SIM3
SIM4
1
21
22
SIM5
SIM1
SIM2
SIM3
SIM4
1
21
22
SIM5
SIM1
SIM2
SIM3
SIM4
1
21
22
SIM5
SIM1
SIM2
SIM3
SIM4
1
21
22
SIM5
SIM1
SIM2
SIM3
SIM4
1
21
22
SIM5
SIM1
SIM2
SIM3
SIM4
1
21
22
SIM5
SIM1
SIM2
SIM3
SIM4
1
21
22
SIM5
SIM1
SIM2
SIM3
SIM4
1
21
22
SIM5
SIM1
SIM2
SIM3
SIM4
1
21
22
SIM5
SIM1
SIM2
SIM3
SIM4
1
21
22
SIM5
SIM1
SIM2
SIM3
SIM4
1
21
22
SIM5
SIM1
SIM2
SIM3
SIM4
1
21
22
SIM5
SIM1
SIM2
SIM3
SIM4
1
21
22
SIM5
SIM1
SIM2
SIM3
SIM4
1
21
22
SIM5
SIM1
SIM2
SIM3
SIM4
1
21
22
SIM5
SIM1
SIM2
SIM3
SIM4
1
21
22
SIM5
SIM1
SIM2
SIM3
SIM4
1
21
22
SIM5
SIM1
SIM2
SIM3
SIM4
1
21
22
SIM5
SIM1
SIM2
SIM3
SIM4
1
21
22
SIM5
SIM1
SIM2
SIM3
SIM4
1
21
22
SIM5
SIM1
SIM2
SIM3
SIM4
1
21
22
SIM5
SIM1
SIM2
SIM3
SIM4
1
21
22
SIM5
SIM1
SIM2
SIM3
SIM4
1
21
22
SIM5
SIM1
SIM2
SIM3
SIM4
1
21
22
SIM5
SIM1
SIM2
SIM3
SIM4
1
21
22
SIM5
SIM1
SIM2
SIM3
SIM4
1
21
22
SIM5
SIM1
SIM2
SIM3
SIM4
1
21
22
SIM5
SIM1
SIM2
SIM3
SIM4
1
21
22
SIM5
SIM1
SIM2
SIM3
SIM4
1
21
22
SIM5
SIM1
SIM2
SIM3
SIM4
1
21
22
SIM5
SIM1
SIM2
SIM3
SIM4
1
21
22
SIM5
SIM1
SIM2
SIM3
SIM4
1
21
22
SIM5
SIM1
SIM2
SIM3
SIM4
1
21
22
SIM5
SIM1
SIM2
SIM3
SIM4
1
21
22
SIM5
SIM1
SIM2
SIM3
SIM4
1
21
22
SIM5
SIM1
SIM2
SIM3
SIM4
1
21
22
SIM5
SIM1
SIM2
SIM3
SIM4
1
21
22
SIM5
SIM1
SIM2
SIM3
SIM4
1
21
22
SIM5
SIM1
SIM2
SIM3
SIM4
1
21
22
SIM5
SIM1
SIM2
SIM3
SIM4
1
21
22
SIM5
SIM1
SIM2
SIM3
SIM4
1
21
22
SIM5
SIM1
SIM2
SIM3
SIM4
1
21
22
SIM5
SIM1
SIM2
SIM3
SIM4
1
21
22
SIM5
SIM1
SIM2
SIM3
SIM4
1
21
22
SIM5
SIM1
SIM2
SIM3
SIM4
1
21
22
SIM5
SIM1
SIM2
SIM3
SIM4
1
21
22
SIM5
SIM1
SIM2
SIM3
SIM4
1
21
22
SIM5
SIM1
SIM2
SIM3
SIM4
1
21
22
SIM5
SIM1
SIM2
SIM3
SIM4
1
21
22
SIM5
SIM1
SIM2
SIM3
SIM4
1
21
22
SIM5
SIM1
SIM2
SIM3
SIM4
1
21
22
SIM5
SIM1
SIM2
SIM3
SIM4
1
21
22
SIM5
SIM1
SIM2
SIM3
SIM4
1
21
22
SIM5
SIM1
SIM2
SIM3
SIM4
1
21
22
SIM5
SIM1
SIM2
SIM3
SIM4
1
21
22
SIM5
SIM1
SIM2
SIM3
SIM4
1
21
22
SIM5
SIM1
SIM2
SIM3
SIM4
1
21
22
SIM5
SIM1
SIM2
SIM3
SIM4
1
21
22
SIM5
SIM1
SIM2
SIM3
SIM4
1
21
22
SIM5
SIM1
SIM2
SIM3
SIM4
1
21
22
SIM5
SIM1
SIM2
SIM3
SIM4
1
21
22
SIM5
SIM1
SIM2
SIM3
SIM4
1
21
22
SIM5
SIM1
SIM2
SIM3
SIM4
1
21
22
SIM5
SIM1
SIM2
SIM3
SIM4
1
21
22
SIM5
SIM1
SIM2
SIM3
SIM4
1
21
22
SIM5
SIM1
SIM2
SIM3
SIM4
1
21
22
SIM5
SIM1
SIM2
SIM3
SIM4
1
21
22
SIM5
SIM1
SIM2
SIM3
SIM4
1
21
22
SIM5
SIM1
SIM2
SIM3
SIM4
1
21
22
SIM5
SIM1
SIM2
SIM3
SIM4
1
21
22
SIM5
SIM1
SIM2
SIM3
SIM4
1
21
22
SIM5
SIM1
SIM2
SIM3
SIM4
1
21
22
SIM5
SIM1
SIM2
SIM3
SIM4
1
21
22
SIM5
SIM1
SIM2
SIM3
SIM4
1
21
22
SIM5
SIM1
SIM2
SIM3
SIM4
1
21
22
SIM5
SIM1
SIM2
SIM3
SIM4
1
21
22
SIM5
SIM1
SIM2
SIM3
SIM4
1
21
22
SIM5
SIM1
SIM2
SIM3
SIM4
1
21
22
SIM5
SIM1
SIM2
SIM3
SIM4
1
21
22
SIM5
SIM1
SIM2
SIM3
SIM4
1
21
22
SIM5
SIM1
SIM2
SIM3
SIM4
1
21
22
SIM5
SIM1
SIM2
SIM3
SIM4
1
21
22
SIM5
SIM1
SIM2
SIM3
SIM4
1
21
22
SIM5
SIM1
SIM2
SIM3
SIM4
1
21
22
SIM5
SIM1
SIM2
SIM3
SIM4
1
21
22
SIM5
SIM1
SIM2
SIM3
SIM4
1
21
22
SIM5
SIM1
SIM2
SIM3
SIM4
1
21
22
SIM5
SIM1
SIM2
SIM3
SIM4
1
21
22
SIM5
SIM1
SIM2
SIM3
SIM4
1
21
22
SIM5
SIM1
SIM2
SIM3
SIM4
1
21
22
SIM5
SIM1
SIM2
SIM3
SIM4
1
21
22
SIM5
SIM1
SIM2
SIM3
SIM4
1
21
22
SIM5
SIM1
SIM2
SIM3
SIM4
1
21
22
SIM5
SIM1
SIM2
SIM3
SIM4
1
21
22
SIM5
SIM1
SIM2
SIM3
SIM4
1
21
22
SIM5
SIM1
SIM2
SIM3
SIM4
1
21
22
SIM5
SIM1
SIM2
SIM3
SIM4
1
21
22
SIM5
SIM1
SIM2
SIM3
SIM4
1
21
22
SIM5
SIM1
SIM2
SIM3
SIM4
1
21
22
SIM5
SIM1
SIM2
SIM3
SIM4
1
21
22
SIM5
SIM1
SIM2
SIM3
SIM4
1
21
22
SIM5
SIM1
SIM2
SIM3
SIM4
1
21
22
SIM5
SIM1
SIM2
SIM3
SIM4
1
21
22
SIM5
SIM1
SIM2
SIM3
SIM4
1
21
22
SIM5
SIM1
SIM2
SIM3
SIM4
1
21
22
SIM5
SIM1
SIM2
SIM3
SIM4
1
21
22
SIM5
SIM1
SIM2
SIM3
SIM4
1
21
22
SIM5
SIM1
SIM2
SIM3
SIM4
1
21
22
SIM5
SIM1
SIM2
SIM3
SIM4
1
21
22
SIM5
SIM1
SIM2
SIM3
SIM4
1
21
22
SIM5
SIM1
SIM2
SIM3
SIM4
1
21
22
SIM5
SIM1
SIM2
SIM3
SIM4
1
21
22
SIM5
SIM1
SIM2
SIM3
SIM4
1
21
22
SIM5
SIM1
SIM2
SIM3
SIM4
1
21
22
SIM5
SIM1
SIM2
SIM3
SIM4
1
21
22
SIM5
SIM1
SIM2
SIM3
SIM4
1
21
22
SIM5
SIM1
SIM2
SIM3
SIM4
1
21
22
SIM5
SIM1
SIM2
SIM3
SIM4
1
21
22
SIM5
SIM1
SIM2
SIM3
SIM4
1
21
22
SIM5
SIM1
SIM2
SIM3
SIM4
1
21
22
SIM5
SIM1
SIM2
SIM3
SIM4
1
21
22
SIM5
SIM1
SIM2
SIM3
SIM4
1
21
22
SIM5
SIM1
SIM2
SIM3
SIM4
1
21
22
SIM5
SIM1
SIM2
SIM3
SIM4
1
21
22
SIM5
SIM1
SIM2
SIM3
SIM4
1
21
22
SIM5
SIM1
SIM2
SIM3
SIM4
1
21
22
SIM5
SIM1
SIM2
SIM3
SIM4
1
21
22
SIM5
SIM1
SIM2
SIM3
SIM4
1
21
22
SIM5
SIM1
SIM2
SIM3
SIM4
1
21
22
SIM5
SIM1
SIM2
SIM3
SIM4
1
21
22
SIM5
SIM1
SIM2
SIM3
SIM4
1
21
22
SIM5
SIM1
SIM2
SIM3
SIM4
1
21
22
SIM5
SIM1
SIM2
SIM3
SIM4
1
21
22
SIM5
SIM1
SIM2
SIM3
SIM4
1
21
22
SIM5
SIM1
SIM2
SIM3
SIM4
1
21
22
SIM5
SIM1
SIM2
SIM3
SIM4
1
21
22
SIM5
SIM1
SIM2
SIM3
SIM4
1
21
22
SIM5
SIM1
SIM2
SIM3
SIM4
1
21
22
SIM5
SIM1
SIM2
SIM3
SIM4
1
21
22
SIM5
SIM1
SIM2
SIM3
SIM4
1
21
22
SIM5
SIM1
SIM2
SIM3
SIM4
1
21
22
SIM5
SIM1
SIM2
SIM3
SIM4
1
21
22
SIM5
SIM1
SIM2
SIM3
SIM4
1
21
22
SIM5
SIM1
SIM2
SIM3
SIM4
1
21
22
SIM5
SIM1
SIM2
SIM3
SIM4
1
21
22
SIM5
SIM1
SIM2
SIM3
SIM4
1
21
22
SIM5
SIM1
SIM2
SIM3
SIM4
1
21
22
SIM5
SIM1
SIM2
SIM3
SIM4
1
21
22
SIM5
SIM1
SIM2
SIM3
SIM4
1
21
22
SIM5
SIM1
SIM2
SIM3
SIM4
1
21
22
SIM5
SIM1
SIM2
SIM3
SIM4
1
21
22
SIM5
SIM1
SIM2
SIM3
SIM4
1
21
22
SIM5
SIM1
SIM2
SIM3
SIM4
1
21
22
SIM5
SIM1
SIM2
SIM3
SIM4
1
21
22
SIM5
SIM1
SIM2
SIM3
SIM4
1
21
22
SIM5
SIM1
SIM2
SIM3
SIM4
1
21
22
SIM5
SIM1
SIM2
SIM3
SIM4
1
21
22
SIM5
SIM1
SIM2
SIM3
SIM4
1
21
22
SIM5
SIM1
SIM2
DEBUG 1 805
SIM1
SIM2
SIM3
SIM4
1
21
22
SIM5
SIM1
SIM2
SIM3
SIM4
1
21
22
SIM5
SIM1
SIM2
SIM3
SIM4
1
21
22
SIM5
SIM1
SIM2
SIM3
SIM4
1
21
22
SIM5
SIM1
SIM2
SIM3
SIM4
1
21
22
SIM5
SIM1
SIM2
SIM3
SIM4
1
21
22
SIM5
SIM1
SIM2
SIM3
SIM4
1
21
22
SIM5
SIM1
SIM2
SIM3
SIM4
1
21
22
SIM5
SIM1
SIM2
SIM3
SIM4
1
21
22
SIM5
SIM1
SIM2
SIM3
SIM4
1
21
22
SIM5
SIM1
SIM2
SIM3
SIM4
1
21
22
SIM5
SIM1
SIM2
SIM3
SIM4
1
21
22
SIM5
SIM1
SIM2
SIM3
SIM4
1
21
22
SIM5
SIM1
SIM2
SIM3
SIM4
1
21
22
SIM5
SIM1
SIM2
SIM3
SIM4
1
21
22
SIM5
SIM1
SIM2
SIM3
SIM4
1
21
22
SIM5
SIM1
SIM2
SIM3
SIM4
1
21
22
SIM5
SIM1
SIM2
SIM3
SIM4
1
21
22
SIM5
SIM1
SIM2
SIM3
SIM4
1
21
22
SIM5
SIM1
SIM2
SIM3
SIM4
1
21
22
SIM5
SIM1
SIM2
SIM3
SIM4
1
21
22
SIM5
SIM1
SIM2
SIM3
SIM4
1
21
22
SIM5
SIM1
SIM2
SIM3
SIM4
1
21
22
SIM5
SIM1
SIM2
SIM3
SIM4
1
21
22
SIM5
SIM1
SIM2
SIM3
SIM4
1
21
22
SIM5
SIM1
SIM2
SIM3
SIM4
1
21
22
SIM5
SIM1
SIM2
SIM3
SIM4
1
21
22
SIM5
SIM1
SIM2
SIM3
SIM4
1
21
22
SIM5
SIM1
SIM2
SIM3
SIM4
1
21
22
SIM5
SIM1
SIM2
SIM3
SIM4
1
21
22
SIM5
SIM1
SIM2
SIM3
SIM4
1
21
22
SIM5
SIM1
SIM2
SIM3
SIM4
1
21
22
SIM5
SIM1
SIM2
SIM3
SIM4
1
21
22
SIM5
SIM1
SIM2
SIM3
SIM4
1
21
22
SIM5
SIM1
SIM2
SIM3
SIM4
1
21
22
SIM5
SIM1
SIM2
SIM3
SIM4
1
21
22
SIM5
SIM1
SIM2
SIM3
SIM4
1
21
22
SIM5
SIM1
SIM2
SIM3
SIM4
1
21
22
SIM5
SIM1
SIM2
SIM3
SIM4
1
21
22
SIM5
SIM1
SIM2
SIM3
SIM4
1
21
22
SIM5
SIM1
SIM2
SIM3
SIM4
1
21
22
SIM5
SIM1
SIM2
SIM3
SIM4
1
21
22
SIM5
SIM1
SIM2
SIM3
SIM4
1
21
22
SIM5
SIM1
SIM2
SIM3
SIM4
1
21
22
SIM5
SIM1
SIM2
SIM3
SIM4
1
21
22
SIM5
SIM1
SIM2
SIM3
SIM4
1
21
22
SIM5
SIM1
SIM2
SIM3
SIM4
1
21
22
SIM5
SIM1
SIM2
SIM3
SIM4
1
21
22
SIM5
SIM1
SIM2
SIM3
SIM4
1
21
22
SIM5
SIM1
SIM2
SIM3
SIM4
1
21
22
SIM5
SIM1
SIM2
SIM3
SIM4
1
21
22
SIM5
SIM1
SIM2
SIM3
SIM4
1
21
22
SIM5
SIM1
SIM2
SIM3
SIM4
1
21
22
SIM5
SIM1
SIM2
SIM3
SIM4
1
21
22
SIM5
SIM1
SIM2
SIM3
SIM4
1
21
22
SIM5
SIM1
SIM2
SIM3
SIM4
1
21
22
SIM5
SIM1
SIM2
SIM3
SIM4
1
21
22
SIM5
SIM1
SIM2
SIM3
SIM4
1
21
22
SIM5
SIM1
SIM2
SIM3
SIM4
1
21
22
SIM5
SIM1
SIM2
SIM3
SIM4
1
21
22
SIM5
SIM1
SIM2
SIM3
SIM4
1
21
22
SIM5
SIM1
SIM2
SIM3
SIM4
1
21
22
SIM5
SIM1
SIM2
SIM3
SIM4
1
21
22
SIM5
SIM1
SIM2
SIM3
SIM4
1
21
22
SIM5
SIM1
SIM2
SIM3
SIM4
1
21
22
SIM5
SIM1
SIM2
SIM3
SIM4
1
21
22
SIM5
SIM1
SIM2
SIM3
SIM4
1
21
22
SIM5
SIM1
SIM2
SIM3
SIM4
1
21
22
SIM5
SIM1
SIM2
SIM3
SIM4
1
21
22
SIM5
SIM1
SIM2
SIM3
SIM4
1
21
22
SIM5
SIM1
SIM2
SIM3
SIM4
1
21
22
SIM5
SIM1
SIM2
SIM3
SIM4
1
21
22
SIM5
SIM1
SIM2
SIM3
SIM4
1
21
22
SIM5
SIM1
SIM2
SIM3
SIM4
1
21
22
SIM5
SIM1
SIM2
SIM3
SIM4
1
21
22
SIM5
SIM1
SIM2
SIM3
SIM4
1
21
22
SIM5
SIM1
SIM2
SIM3
SIM4
1
21
22
SIM5
SIM1
SIM2
SIM3
SIM4
1
21
22
SIM5
SIM1
SIM2
SIM3
SIM4
1
21
22
SIM5
SIM1
SIM2
SIM3
SIM4
1
21
22
SIM5
SIM1
SIM2
SIM3
SIM4
1
21
22
SIM5
SIM1
SIM2
SIM3
SIM4
1
21
22
SIM5
SIM1
SIM2
SIM3
SIM4
1
21
22
SIM5
SIM1
SIM2
SIM3
SIM4
1
21
22
SIM5
SIM1
SIM2
SIM3
SIM4
1
21
22
SIM5
SIM1
SIM2
SIM3
SIM4
1
21
22
SIM5
SIM1
SIM2
SIM3
SIM4
1
21
22
SIM5
SIM1
SIM2
SIM3
SIM4
1
21
22
SIM5
SIM1
SIM2
SIM3
SIM4
1
21
22
SIM5
SIM1
SIM2
SIM3
SIM4
1
21
22
SIM5
SIM1
SIM2
SIM3
SIM4
1
21
22
SIM5
SIM1
SIM2
SIM3
SIM4
1
21
22
SIM5
SIM1
SIM2
SIM3
SIM4
1
21
22
SIM5
SIM1
SIM2
SIM3
SIM4
1
21
22
SIM5
SIM1
SIM2
SIM3
SIM4
1
21
22
SIM5
SIM1
SIM2
SIM3
SIM4
1
21
22
SIM5
SIM1
SIM2
SIM3
SIM4
1
21
22
SIM5
SIM1
SIM2
SIM3
SIM4
1
21
22
SIM5
SIM1
SIM2
SIM3
SIM4
1
21
22
SIM5
SIM1
SIM2
SIM3
SIM4
1
21
22
SIM5
SIM1
SIM2
SIM3
SIM4
1
21
22
SIM5
SIM1
SIM2
SIM3
SIM4
1
21
22
SIM5
SIM1
SIM2
SIM3
SIM4
1
21
22
SIM5
SIM1
SIM2
SIM3
SIM4
1
21
22
SIM5
SIM1
SIM2
SIM3
SIM4
1
21
22
SIM5
SIM1
SIM2
SIM3
SIM4
1
21
22
SIM5
SIM1
SIM2
SIM3
SIM4
1
21
22
SIM5
SIM1
SIM2
SIM3
SIM4
1
21
22
SIM5
SIM1
SIM2
SIM3
SIM4
1
21
22
SIM5
SIM1
SIM2
SIM3
SIM4
1
21
22
SIM5
SIM1
SIM2
SIM3
SIM4
1
21
22
SIM5
SIM1
SIM2
SIM3
SIM4
1
21
22
SIM5
SIM1
SIM2
SIM3
SIM4
1
21
22
SIM5
SIM1
SIM2
SIM3
SIM4
1
21
22
SIM5
SIM1
SIM2
SIM3
SIM4
1
21
22
SIM5
SIM1
SIM2
SIM3
SIM4
1
21
22
SIM5
SIM1
SIM2
SIM3
SIM4
1
21
22
SIM5
SIM1
SIM2
SIM3
SIM4
1
21
22
SIM5
SIM1
SIM2
SIM3
SIM4
1
21
22
SIM5
SIM1
SIM2
SIM3
SIM4
1
21
22
SIM5
SIM1
SIM2
SIM3
SIM4
1
21
22
SIM5
SIM1
SIM2
DEBUG 1 806
SIM1
SIM2
SIM3
SIM4
1
21
22
SIM5
SIM1
SIM2
SIM3
SIM4
1
21
22
SIM5
SIM1
SIM2
SIM3
SIM4
1
21
22
SIM5
SIM1
SIM2
SIM3
SIM4
1
21
22
SIM5
SIM1
SIM2
SIM3
SIM4
1
21
22
SIM5
SIM1
SIM2
SIM3
SIM4
1
21
22
SIM5
SIM1
SIM2
SIM3
SIM4
1
21
22
SIM5
SIM1
SIM2
SIM3
SIM4
1
21
22
SIM5
SIM1
SIM2
SIM3
SIM4
1
21
22
SIM5
SIM1
SIM2
SIM3
SIM4
1
21
22
SIM5
SIM1
SIM2
SIM3
SIM4
1
21
22
SIM5
SIM1
SIM2
SIM3
SIM4
1
21
22
SIM5
SIM1
SIM2
SIM3
SIM4
1
21
22
SIM5
SIM1
SIM2
SIM3
SIM4
1
21
22
SIM5
SIM1
SIM2
SIM3
SIM4
1
21
22
SIM5
SIM1
SIM2
SIM3
SIM4
1
21
22
SIM5
SIM1
SIM2
SIM3
SIM4
1
21
22
SIM5
SIM1
SIM2
SIM3
SIM4
1
21
22
SIM5
SIM1
SIM2
SIM3
SIM4
1
21
22
SIM5
SIM1
SIM2
SIM3
SIM4
1
21
22
SIM5
SIM1
SIM2
SIM3
SIM4
1
21
22
SIM5
SIM1
SIM2
SIM3
SIM4
1
21
22
SIM5
SIM1
SIM2
SIM3
SIM4
1
21
22
SIM5
SIM1
SIM2
SIM3
SIM4
1
21
22
SIM5
SIM1
SIM2
SIM3
SIM4
1
21
22
SIM5
SIM1
SIM2
SIM3
SIM4
1
21
22
SIM5
SIM1
SIM2
SIM3
SIM4
1
21
22
SIM5
SIM1
SIM2
SIM3
SIM4
1
21
22
SIM5
SIM1
SIM2
SIM3
SIM4
1
21
22
SIM5
SIM1
SIM2
SIM3
SIM4
1
21
22
SIM5
SIM1
SIM2
SIM3
SIM4
1
21
22
SIM5
SIM1
SIM2
SIM3
SIM4
1
21
22
SIM5
SIM1
SIM2
SIM3
SIM4
1
21
22
SIM5
SIM1
SIM2
SIM3
SIM4
1
21
22
SIM5
SIM1
SIM2
SIM3
SIM4
1
21
22
SIM5
SIM1
SIM2
SIM3
SIM4
1
21
22
SIM5
SIM1
SIM2
SIM3
SIM4
1
21
22
SIM5
SIM1
SIM2
SIM3
SIM4
1
21
22
SIM5
SIM1
SIM2
SIM3
SIM4
1
21
22
SIM5
SIM1
SIM2
SIM3
SIM4
1
21
22
SIM5
SIM1
SIM2
SIM3
SIM4
1
21
22
SIM5
SIM1
SIM2
SIM3
SIM4
1
21
22
SIM5
SIM1
SIM2
SIM3
SIM4
1
21
22
SIM5
SIM1
SIM2
SIM3
SIM4
1
21
22
SIM5
SIM1
SIM2
SIM3
SIM4
1
21
22
SIM5
SIM1
SIM2
SIM3
SIM4
1
21
22
SIM5
SIM1
SIM2
SIM3
SIM4
1
21
22
SIM5
SIM1
SIM2
SIM3
SIM4
1
21
22
SIM5
SIM1
SIM2
SIM3
SIM4
1
21
22
SIM5
SIM1
SIM2
SIM3
SIM4
1
21
22
SIM5
SIM1
SIM2
SIM3
SIM4
1
21
22
SIM5
SIM1
SIM2
SIM3
SIM4
1
21
22
SIM5
SIM1
SIM2
SIM3
SIM4
1
21
22
SIM5
SIM1
SIM2
SIM3
SIM4
1
21
22
SIM5
SIM1
SIM2
SIM3
SIM4
1
21
22
SIM5
SIM1
SIM2
SIM3
SIM4
1
21
22
SIM5
SIM1
SIM2
SIM3
SIM4
1
21
22
SIM5
SIM1
SIM2
SIM3
SIM4
1
21
22
SIM5
SIM1
SIM2
SIM3
SIM4
1
21
22
SIM5
SIM1
SIM2
SIM3
SIM4
1
21
22
SIM5
SIM1
SIM2
SIM3
SIM4
1
21
22
SIM5
SIM1
SIM2
SIM3
SIM4
1
21
22
SIM5
SIM1
SIM2
SIM3
SIM4
1
21
22
SIM5
SIM1
SIM2
SIM3
SIM4
1
21
22
SIM5
SIM1
SIM2
SIM3
SIM4
1
21
22
SIM5
SIM1
SIM2
SIM3
SIM4
1
21
22
SIM5
SIM1
SIM2
SIM3
SIM4
1
21
22
SIM5
SIM1
SIM2
SIM3
SIM4
1
21
22
SIM5
SIM1
SIM2
SIM3
SIM4
1
21
22
SIM5
SIM1
SIM2
SIM3
SIM4
1
21
22
SIM5
SIM1
SIM2
SIM3
SIM4
1
21
22
SIM5
SIM1
SIM2
SIM3
SIM4
1
21
22
SIM5
SIM1
SIM2
SIM3
SIM4
1
21
22
SIM5
SIM1
SIM2
SIM3
SIM4
1
21
22
SIM5
SIM1
SIM2
SIM3
SIM4
1
21
22
SIM5
SIM1
SIM2
SIM3
SIM4
1
21
22
SIM5
SIM1
SIM2
SIM3
SIM4
1
21
22
SIM5
SIM1
SIM2
SIM3
SIM4
1
21
22
SIM5
SIM1
SIM2
SIM3
SIM4
1
21
22
SIM5
SIM1
SIM2
SIM3
SIM4
1
21
22
SIM5
SIM1
SIM2
SIM3
SIM4
1
21
22
SIM5
SIM1
SIM2
SIM3
SIM4
1
21
22
SIM5
SIM1
SIM2
SIM3
SIM4
1
21
22
SIM5
SIM1
SIM2
SIM3
SIM4
1
21
22
SIM5
SIM1
SIM2
SIM3
SIM4
1
21
22
SIM5
SIM1
SIM2
SIM3
SIM4
1
21
22
SIM5
SIM1
SIM2
SIM3
SIM4
1
21
22
SIM5
SIM1
SIM2
SIM3
SIM4
1
21
22
SIM5
SIM1
SIM2
SIM3
SIM4
1
21
22
SIM5
SIM1
SIM2
SIM3
SIM4
1
21
22
SIM5
SIM1
SIM2
SIM3
SIM4
1
21
22
SIM5
SIM1
SIM2
SIM3
SIM4
1
21
22
SIM5
SIM1
SIM2
SIM3
SIM4
1
21
22
SIM5
SIM1
SIM2
SIM3
SIM4
1
21
22
SIM5
SIM1
SIM2
SIM3
SIM4
1
21
22
SIM5
SIM1
SIM2
SIM3
SIM4
1
21
22
SIM5
SIM1
SIM2
SIM3
SIM4
1
21
22
SIM5
SIM1
SIM2
SIM3
SIM4
1
21
22
SIM5
SIM1
SIM2
SIM3
SIM4
1
21
22
SIM5
SIM1
SIM2
SIM3
SIM4
1
21
22
SIM5
SIM1
SIM2
SIM3
SIM4
1
21
22
SIM5
SIM1
SIM2
SIM3
SIM4
1
21
22
SIM5
SIM1
SIM2
SIM3
SIM4
1
21
22
SIM5
SIM1
SIM2
SIM3
SIM4
1
21
22
SIM5
SIM1
SIM2
SIM3
SIM4
1
21
22
SIM5
SIM1
SIM2
SIM3
SIM4
1
21
22
SIM5
SIM1
SIM2
SIM3
SIM4
1
21
22
SIM5
SIM1
SIM2
SIM3
SIM4
1
21
22
SIM5
SIM1
SIM2
SIM3
SIM4
1
21
22
SIM5
SIM1
SIM2
SIM3
SIM4
1
21
22
SIM5
SIM1
SIM2
SIM3
SIM4
1
21
22
SIM5
SIM1
SIM2
SIM3
SIM4
1
21
22
SIM5
SIM1
SIM2
SIM3
SIM4
1
21
22
SIM5
SIM1
SIM2
SIM3
SIM4
1
21
22
SIM5
SIM1
SIM2
SIM3
SIM4
1
21
22
SIM5
SIM1
SIM2
SIM3
SIM4
1
21
22
SIM5
SIM1
SIM2
SIM3
SIM4
1
21
22
SIM5
SIM1
SIM2
SIM3
SIM4
1
21
22
SIM5
SIM1
SIM2
SIM3
SIM4
1
21
22
SIM5
SIM1
SIM2
SIM3
SIM4
1
21
22
SIM5
SIM1
SIM2
SIM3
SIM4
1
21
22
SIM5
SIM1
SIM2
SIM3
SIM4
1
21
22
SIM5
SIM1
SIM2
SIM3
SIM4
1
21
22
SIM5
SIM1
SIM2
SIM3
SIM4
1
21
22
SIM5
SIM1
SIM2
SIM3
SIM4
1
21
22
SIM5
SIM1
SIM2
SIM3
SIM4
1
21
22
SIM5
SIM1
SIM2
SIM3
SIM4
1
21
22
SIM5
SIM1
SIM2
SIM3
SIM4
1
21
22
SIM5
SIM1
SIM2
SIM3
SIM4
1
21
22
SIM5
SIM1
SIM2
SIM3
SIM4
1
21
22
SIM5
SIM1
SIM2
SIM3
SIM4
1
21
22
SIM5
SIM1
SIM2
SIM3
SIM4
1
21
22
SIM5
SIM1
SIM2
SIM3
SIM4
1
21
22
SIM5
SIM1
SIM2
SIM3
SIM4
1
21
22
SIM5
SIM1
SIM2
SIM3
SIM4
1
21
22
SIM5
SIM1
SIM2
SIM3
SIM4
1
21
22
SIM5
SIM1
SIM2
SIM3
SIM4
1
21
22
SIM5
SIM1
SIM2
SIM3
SIM4
1
21
22
SIM5
SIM1
SIM2
SIM3
SIM4
1
21
22
SIM5
SIM1
SIM2
SIM3
SIM4
1
21
22
SIM5
SIM1
SIM2
SIM3
SIM4
1
21
22
SIM5
SIM1
SIM2
SIM3
SIM4
1
21
22
SIM5
SIM1
SIM2
SIM3
SIM4
1
21
22
SIM5
SIM1
SIM2
SIM3
SIM4
1
21
22
SIM5
SIM1
SIM2
SIM3
SIM4
1
21
22
SIM5
SIM1
SIM2
SIM3
SIM4
1
21
22
SIM5
SIM1
SIM2
SIM3
SIM4
1
21
22
SIM5
SIM1
SIM2
SIM3
SIM4
1
21
22
SIM5
SIM1
SIM2
SIM3
SIM4
1
21
22
SIM5
SIM1
SIM2
SIM3
SIM4
1
21
22
SIM5
SIM1
SIM2
SIM3
SIM4
1
21
22
SIM5
SIM1
SIM2
SIM3
SIM4
1
21
22
SIM5
SIM1
SIM2
SIM3
SIM4
1
21
22
SIM5
SIM1
SIM2
SIM3
SIM4
1
21
22
SIM5
SIM1
SIM2
SIM3
SIM4
1
21
22
SIM5
SIM1
SIM2
SIM3
SIM4
1
21
22
SIM5
SIM1
SIM2
SIM3
SIM4
1
21
22
SIM5
SIM1
SIM2
SIM3
SIM4
1
21
22
SIM5
SIM1
SIM2
SIM3
SIM4
1
21
22
SIM5
SIM1
SIM2
SIM3
SIM4
1
21
22
SIM5
SIM1
SIM2
SIM3
SIM4
1
21
22
SIM5
SIM1
SIM2
SIM3
SIM4
1
21
22
SIM5
SIM1
SIM2
SIM3
SIM4
1
21
22
SIM5
SIM1
SIM2
SIM3
SIM4
1
21
22
SIM5
SIM1
SIM2
SIM3
SIM4
1
21
22
SIM5
SIM1
SIM2
SIM3
SIM4
1
21
22
SIM5
SIM1
SIM2
SIM3
SIM4
1
21
22
SIM5
SIM1
SIM2
SIM3
SIM4
1
21
22
SIM5
SIM1
SIM2
SIM3
SIM4
1
21
22
SIM5
SIM1
SIM2
SIM3
SIM4
1
21
22
SIM5
SIM1
SIM2
SIM3
SIM4
1
21
22
SIM5
SIM1
SIM2
SIM3
SIM4
1
21
22
SIM5
SIM1
SIM2
SIM3
SIM4
1
21
22
SIM5
SIM1
SIM2
SIM3
SIM4
1
21
22
SIM5
SIM1
SIM2
SIM3
SIM4
1
21
22
SIM5
SIM1
SIM2
SIM3
SIM4
1
21
22
SIM5
SIM1
SIM2
SIM3
SIM4
1
21
22
SIM5
SIM1
SIM2
SIM3
SIM4
1
21
22
SIM5
SIM1
SIM2
SIM3
SIM4
1
21
22
SIM5
SIM1
SIM2
SIM3
SIM4
1
21
22
SIM5
SIM1
SIM2
SIM3
SIM4
1
21
22
SIM5
SIM1
SIM2
SIM3
SIM4
1
21
22
SIM5
SIM1
SIM2
SIM3
SIM4
1
21
22
SIM5
SIM1
SIM2
SIM3
SIM4
1
21
22
SIM5
SIM1
SIM2
DEBUG 1 807
SIM1
SIM2
SIM3
SIM4
1
21
22
SIM5
SIM1
SIM2
SIM3
SIM4
1
21
22
SIM5
SIM1
SIM2
SIM3
SIM4
1
21
22
SIM5
SIM1
SIM2
SIM3
SIM4
1
21
22
SIM5
SIM1
SIM2
SIM3
SIM4
1
21
22
SIM5
SIM1
SIM2
SIM3
SIM4
1
21
22
SIM5
SIM1
SIM2
SIM3
SIM4
1
21
22
SIM5
SIM1
SIM2
SIM3
SIM4
1
21
22
SIM5
SIM1
SIM2
SIM3
SIM4
1
21
22
SIM5
SIM1
SIM2
SIM3
SIM4
1
21
22
SIM5
SIM1
SIM2
SIM3
SIM4
1
21
22
SIM5
SIM1
SIM2
SIM3
SIM4
1
21
22
SIM5
SIM1
SIM2
SIM3
SIM4
1
21
22
SIM5
SIM1
SIM2
SIM3
SIM4
1
21
22
SIM5
SIM1
SIM2
SIM3
SIM4
1
21
22
SIM5
SIM1
SIM2
SIM3
SIM4
1
21
22
SIM5
SIM1
SIM2
SIM3
SIM4
1
21
22
SIM5
SIM1
SIM2
SIM3
SIM4
1
21
22
SIM5
SIM1
SIM2
SIM3
SIM4
1
21
22
SIM5
SIM1
SIM2
SIM3
SIM4
1
21
22
SIM5
SIM1
SIM2
SIM3
SIM4
1
21
22
SIM5
SIM1
SIM2
SIM3
SIM4
1
21
22
SIM5
SIM1
SIM2
SIM3
SIM4
1
21
22
SIM5
SIM1
SIM2
SIM3
SIM4
1
21
22
SIM5
SIM1
SIM2
SIM3
SIM4
1
21
22
SIM5
SIM1
SIM2
SIM3
SIM4
1
21
22
SIM5
SIM1
SIM2
SIM3
SIM4
1
21
22
SIM5
SIM1
SIM2
SIM3
SIM4
1
21
22
SIM5
SIM1
SIM2
SIM3
SIM4
1
21
22
SIM5
SIM1
SIM2
SIM3
SIM4
1
21
22
SIM5
SIM1
SIM2
SIM3
SIM4
1
21
22
SIM5
SIM1
SIM2
SIM3
SIM4
1
21
22
SIM5
SIM1
SIM2
SIM3
SIM4
1
21
22
SIM5
SIM1
SIM2
SIM3
SIM4
1
21
22
SIM5
SIM1
SIM2
SIM3
SIM4
1
21
22
SIM5
SIM1
SIM2
SIM3
SIM4
1
21
22
SIM5
SIM1
SIM2
SIM3
SIM4
1
21
22
SIM5
SIM1
SIM2
SIM3
SIM4
1
21
22
SIM5
SIM1
SIM2
SIM3
SIM4
1
21
22
SIM5
SIM1
SIM2
SIM3
SIM4
1
21
22
SIM5
SIM1
SIM2
SIM3
SIM4
1
21
22
SIM5
SIM1
SIM2
SIM3
SIM4
1
21
22
SIM5
SIM1
SIM2
SIM3
SIM4
1
21
22
SIM5
SIM1
SIM2
SIM3
SIM4
1
21
22
SIM5
SIM1
SIM2
SIM3
SIM4
1
21
22
SIM5
SIM1
SIM2
SIM3
SIM4
1
21
22
SIM5
SIM1
SIM2
SIM3
SIM4
1
21
22
SIM5
SIM1
SIM2
SIM3
SIM4
1
21
22
SIM5
SIM1
SIM2
SIM3
SIM4
1
21
22
SIM5
SIM1
SIM2
SIM3
SIM4
1
21
22
SIM5
SIM1
SIM2
SIM3
SIM4
1
21
22
SIM5
SIM1
SIM2
SIM3
SIM4
1
21
22
SIM5
SIM1
SIM2
SIM3
SIM4
1
21
22
SIM5
SIM1
SIM2
SIM3
SIM4
1
21
22
SIM5
SIM1
SIM2
SIM3
SIM4
1
21
22
SIM5
SIM1
SIM2
SIM3
SIM4
1
21
22
SIM5
SIM1
SIM2
SIM3
SIM4
1
21
22
SIM5
SIM1
SIM2
SIM3
SIM4
1
21
22
SIM5
SIM1
SIM2
SIM3
SIM4
1
21
22
SIM5
SIM1
SIM2
SIM3
SIM4
1
21
22
SIM5
SIM1
SIM2
SIM3
SIM4
1
21
22
SIM5
SIM1
SIM2
SIM3
SIM4
1
21
22
SIM5
SIM1
SIM2
SIM3
SIM4
1
21
22
SIM5
SIM1
SIM2
SIM3
SIM4
1
21
22
SIM5
SIM1
SIM2
SIM3
SIM4
1
21
22
SIM5
SIM1
SIM2
SIM3
SIM4
1
21
22
SIM5
SIM1
SIM2
SIM3
SIM4
1
21
22
SIM5
SIM1
SIM2
SIM3
SIM4
1
21
22
SIM5
SIM1
SIM2
SIM3
SIM4
1
21
22
SIM5
SIM1
SIM2
SIM3
SIM4
1
21
22
SIM5
SIM1
SIM2
SIM3
SIM4
1
21
22
SIM5
SIM1
SIM2
SIM3
SIM4
1
21
22
SIM5
SIM1
SIM2
SIM3
SIM4
1
21
22
SIM5
SIM1
SIM2
SIM3
SIM4
1
21
22
SIM5
SIM1
SIM2
SIM3
SIM4
1
21
22
SIM5
SIM1
SIM2
SIM3
SIM4
1
21
22
SIM5
SIM1
SIM2
SIM3
SIM4
1
21
22
SIM5
SIM1
SIM2
SIM3
SIM4
1
21
22
SIM5
SIM1
SIM2
SIM3
SIM4
1
21
22
SIM5
SIM1
SIM2
SIM3
SIM4
1
21
22
SIM5
SIM1
SIM2
SIM3
SIM4
1
21
22
SIM5
SIM1
SIM2
SIM3
SIM4
1
21
22
SIM5
SIM1
SIM2
SIM3
SIM4
1
21
22
SIM5
SIM1
SIM2
SIM3
SIM4
1
21
22
SIM5
SIM1
SIM2
SIM3
SIM4
1
21
22
SIM5
SIM1
SIM2
SIM3
SIM4
1
21
22
SIM5
SIM1
SIM2
SIM3
SIM4
1
21
22
SIM5
SIM1
SIM2
SIM3
SIM4
1
21
22
SIM5
SIM1
SIM2
SIM3
SIM4
1
21
22
SIM5
SIM1
SIM2
SIM3
SIM4
1
21
22
SIM5
SIM1
SIM2
SIM3
SIM4
1
21
22
SIM5
SIM1
SIM2
SIM3
SIM4
1
21
22
SIM5
SIM1
SIM2
SIM3
SIM4
1
21
22
SIM5
SIM1
SIM2
SIM3
SIM4
1
21
22
SIM5
SIM1
SIM2
SIM3
SIM4
1
21
22
SIM5
SIM1
SIM2
SIM3
SIM4
1
21
22
SIM5
SIM1
SIM2
SIM3
SIM4
1
21
22
SIM5
SIM1
SIM2
SIM3
SIM4
1
21
22
SIM5
SIM1
SIM2
SIM3
SIM4
1
21
22
SIM5
SIM1
SIM2
SIM3
SIM4
1
21
22
SIM5
SIM1
SIM2
SIM3
SIM4
1
21
22
SIM5
SIM1
SIM2
SIM3
SIM4
1
21
22
SIM5
SIM1
SIM2
SIM3
SIM4
1
21
22
SIM5
SIM1
SIM2
SIM3
SIM4
1
21
22
SIM5
SIM1
SIM2
SIM3
SIM4
1
21
22
SIM5
SIM1
SIM2
SIM3
SIM4
1
21
22
SIM5
SIM1
SIM2
SIM3
SIM4
1
21
22
SIM5
SIM1
SIM2
SIM3
SIM4
1
21
22
SIM5
SIM1
SIM2
SIM3
SIM4
1
21
22
SIM5
SIM1
SIM2
SIM3
SIM4
1
21
22
SIM5
SIM1
SIM2
SIM3
SIM4
1
21
22
SIM5
SIM1
SIM2
SIM3
SIM4
1
21
22
SIM5
SIM1
SIM2
SIM3
SIM4
1
21
22
SIM5
SIM1
SIM2
SIM3
SIM4
1
21
22
SIM5
SIM1
SIM2
SIM3
SIM4
1
21
22
SIM5
SIM1
SIM2
SIM3
SIM4
1
21
22
SIM5
SIM1
SIM2
SIM3
SIM4
1
21
22
SIM5
SIM1
SIM2
SIM3
SIM4
1
21
22
SIM5
SIM1
SIM2
SIM3
SIM4
1
21
22
SIM5
SIM1
SIM2
SIM3
SIM4
1
21
22
SIM5
SIM1
SIM2
SIM3
SIM4
1
21
22
SIM5
SIM1
SIM2
SIM3
SIM4
1
21
22
SIM5
SIM1
SIM2
SIM3
SIM4
1
21
22
SIM5
SIM1
SIM2
SIM3
SIM4
1
21
22
SIM5
SIM1
SIM2
SIM3
SIM4
1
21
22
SIM5
SIM1
SIM2
SIM3
SIM4
1
21
22
SIM5
SIM1
SIM2
SIM3
SIM4
1
21
22
SIM5
SIM1
SIM2
SIM3
SIM4
1
21
22
SIM5
SIM1
SIM2
SIM3
SIM4
1
21
22
SIM5
SIM1
SIM2
SIM3
SIM4
1
21
22
SIM5
SIM1
SIM2
SIM3
SIM4
1
21
22
SIM5
SIM1
SIM2
SIM3
SIM4
1
21
22
SIM5
SIM1
SIM2
SIM3
SIM4
1
21
22
SIM5
SIM1
SIM2
SIM3
SIM4
1
21
22
SIM5
SIM1
SIM2
SIM3
SIM4
1
21
22
SIM5
SIM1
SIM2
SIM3
SIM4
1
21
22
SIM5
SIM1
SIM2
SIM3
SIM4
1
21
22
SIM5
SIM1
SIM2
SIM3
SIM4
1
21
22
SIM5
SIM1
SIM2
SIM3
SIM4
1
21
22
SIM5
SIM1
SIM2
SIM3
SIM4
1
21
22
SIM5
SIM1
SIM2
SIM3
SIM4
1
21
22
SIM5
SIM1
SIM2
SIM3
SIM4
1
21
22
SIM5
SIM1
SIM2
SIM3
SIM4
1
21
22
SIM5
SIM1
SIM2
SIM3
SIM4
1
21
22
SIM5
SIM1
SIM2
SIM3
SIM4
1
21
22
SIM5
SIM1
SIM2
SIM3
SIM4
1
21
22
SIM5
SIM1
SIM2
SIM3
SIM4
1
21
22
SIM5
SIM1
SIM2
SIM3
SIM4
1
21
22
SIM5
SIM1
SIM2
SIM3
SIM4
1
21
22
SIM5
SIM1
SIM2
SIM3
SIM4
1
21
22
SIM5
SIM1
SIM2
SIM3
SIM4
1
21
22
SIM5
SIM1
SIM2
SIM3
SIM4
1
21
22
SIM5
SIM1
SIM2
SIM3
SIM4
1
21
22
SIM5
SIM1
SIM2
SIM3
SIM4
1
21
22
SIM5
SIM1
SIM2
SIM3
SIM4
1
21
22
SIM5
SIM1
SIM2
SIM3
SIM4
1
21
22
SIM5
SIM1
SIM2
SIM3
SIM4
1
21
22
SIM5
SIM1
SIM2
SIM3
SIM4
1
21
22
SIM5
SIM1
SIM2
SIM3
SIM4
1
21
22
SIM5
SIM1
SIM2
SIM3
SIM4
1
21
22
SIM5
SIM1
SIM2
SIM3
SIM4
1
21
22
SIM5
SIM1
SIM2
SIM3
SIM4
1
21
22
SIM5
SIM1
SIM2
SIM3
SIM4
1
21
22
SIM5
SIM1
SIM2
SIM3
SIM4
1
21
22
SIM5
SIM1
SIM2
SIM3
SIM4
1
21
22
SIM5
SIM1
SIM2
SIM3
SIM4
1
21
22
SIM5
SIM1
SIM2
SIM3
SIM4
1
21
22
SIM5
SIM1
SIM2
SIM3
SIM4
1
21
22
SIM5
SIM1
SIM2
SIM3
SIM4
1
21
22
SIM5
SIM1
SIM2
SIM3
SIM4
1
21
22
SIM5
SIM1
SIM2
SIM3
SIM4
1
21
22
SIM5
SIM1
SIM2
SIM3
SIM4
1
21
22
SIM5
SIM1
SIM2
SIM3
SIM4
1
21
22
SIM5
SIM1
SIM2
SIM3
SIM4
1
21
22
SIM5
SIM1
SIM2
DEBUG 1 808
SIM1
SIM2
SIM3
SIM4
1
21
22
SIM5
SIM1
SIM2
SIM3
SIM4
1
21
22
SIM5
SIM1
SIM2
SIM3
SIM4
1
21
22
SIM5
SIM1
SIM2
SIM3
SIM4
1
21
22
SIM5
SIM1
SIM2
SIM3
SIM4
1
21
22
SIM5
SIM1
SIM2
SIM3
SIM4
1
21
22
SIM5
SIM1
SIM2
SIM3
SIM4
1
21
22
SIM5
SIM1
SIM2
SIM3
SIM4
1
21
22
SIM5
SIM1
SIM2
SIM3
SIM4
1
21
22
SIM5
SIM1
SIM2
SIM3
SIM4
1
21
22
SIM5
SIM1
SIM2
SIM3
SIM4
1
21
22
SIM5
SIM1
SIM2
SIM3
SIM4
1
21
22
SIM5
SIM1
SIM2
SIM3
SIM4
1
21
22
SIM5
SIM1
SIM2
SIM3
SIM4
1
21
22
SIM5
SIM1
SIM2
SIM3
SIM4
1
21
22
SIM5
SIM1
SIM2
SIM3
SIM4
1
21
22
SIM5
SIM1
SIM2
SIM3
SIM4
1
21
22
SIM5
SIM1
SIM2
SIM3
SIM4
1
21
22
SIM5
SIM1
SIM2
SIM3
SIM4
1
21
22
SIM5
SIM1
SIM2
SIM3
SIM4
1
21
22
SIM5
SIM1
SIM2
SIM3
SIM4
1
21
22
SIM5
SIM1
SIM2
SIM3
SIM4
1
21
22
SIM5
SIM1
SIM2
SIM3
SIM4
1
21
22
SIM5
SIM1
SIM2
SIM3
SIM4
1
21
22
SIM5
SIM1
SIM2
SIM3
SIM4
1
21
22
SIM5
SIM1
SIM2
SIM3
SIM4
1
21
22
SIM5
SIM1
SIM2
SIM3
SIM4
1
21
22
SIM5
SIM1
SIM2
SIM3
SIM4
1
21
22
SIM5
SIM1
SIM2
SIM3
SIM4
1
21
22
SIM5
SIM1
SIM2
SIM3
SIM4
1
21
22
SIM5
SIM1
SIM2
SIM3
SIM4
1
21
22
SIM5
SIM1
SIM2
SIM3
SIM4
1
21
22
SIM5
SIM1
SIM2
SIM3
SIM4
1
21
22
SIM5
SIM1
SIM2
SIM3
SIM4
1
21
22
SIM5
SIM1
SIM2
SIM3
SIM4
1
21
22
SIM5
SIM1
SIM2
SIM3
SIM4
1
21
22
SIM5
SIM1
SIM2
SIM3
SIM4
1
21
22
SIM5
SIM1
SIM2
SIM3
SIM4
1
21
22
SIM5
SIM1
SIM2
SIM3
SIM4
1
21
22
SIM5
SIM1
SIM2
SIM3
SIM4
1
21
22
SIM5
SIM1
SIM2
SIM3
SIM4
1
21
22
SIM5
SIM1
SIM2
SIM3
SIM4
1
21
22
SIM5
SIM1
SIM2
SIM3
SIM4
1
21
22
SIM5
SIM1
SIM2
SIM3
SIM4
1
21
22
SIM5
SIM1
SIM2
SIM3
SIM4
1
21
22
SIM5
SIM1
SIM2
SIM3
SIM4
1
21
22
SIM5
SIM1
SIM2
SIM3
SIM4
1
21
22
SIM5
SIM1
SIM2
SIM3
SIM4
1
21
22
SIM5
SIM1
SIM2
SIM3
SIM4
1
21
22
SIM5
SIM1
SIM2
SIM3
SIM4
1
21
22
SIM5
SIM1
SIM2
SIM3
SIM4
1
21
22
SIM5
SIM1
SIM2
SIM3
SIM4
1
21
22
SIM5
SIM1
SIM2
SIM3
SIM4
1
21
22
SIM5
SIM1
SIM2
SIM3
SIM4
1
21
22
SIM5
SIM1
SIM2
SIM3
SIM4
1
21
22
SIM5
SIM1
SIM2
SIM3
SIM4
1
21
22
SIM5
SIM1
SIM2
SIM3
SIM4
1
21
22
SIM5
SIM1
SIM2
SIM3
SIM4
1
21
22
SIM5
SIM1
SIM2
SIM3
SIM4
1
21
22
SIM5
SIM1
SIM2
SIM3
SIM4
1
21
22
SIM5
SIM1
SIM2
SIM3
SIM4
1
21
22
SIM5
SIM1
SIM2
SIM3
SIM4
1
21
22
SIM5
SIM1
SIM2
SIM3
SIM4
1
21
22
SIM5
SIM1
SIM2
SIM3
SIM4
1
21
22
SIM5
SIM1
SIM2
SIM3
SIM4
1
21
22
SIM5
SIM1
SIM2
SIM3
SIM4
1
21
22
SIM5
SIM1
SIM2
SIM3
SIM4
1
21
22
SIM5
SIM1
SIM2
SIM3
SIM4
1
21
22
SIM5
SIM1
SIM2
SIM3
SIM4
1
21
22
SIM5
SIM1
SIM2
SIM3
SIM4
1
21
22
SIM5
SIM1
SIM2
SIM3
SIM4
1
21
22
SIM5
SIM1
SIM2
SIM3
SIM4
1
21
22
SIM5
SIM1
SIM2
SIM3
SIM4
1
21
22
SIM5
SIM1
SIM2
SIM3
SIM4
1
21
22
SIM5
SIM1
SIM2
SIM3
SIM4
1
21
22
SIM5
SIM1
SIM2
SIM3
SIM4
1
21
22
SIM5
SIM1
SIM2
SIM3
SIM4
1
21
22
SIM5
SIM1
SIM2
SIM3
SIM4
1
21
22
SIM5
SIM1
SIM2
SIM3
SIM4
1
21
22
SIM5
SIM1
SIM2
SIM3
SIM4
1
21
22
SIM5
SIM1
SIM2
SIM3
SIM4
1
21
22
SIM5
SIM1
SIM2
SIM3
SIM4
1
21
22
SIM5
SIM1
SIM2
SIM3
SIM4
1
21
22
SIM5
SIM1
SIM2
SIM3
SIM4
1
21
22
SIM5
SIM1
SIM2
SIM3
SIM4
1
21
22
SIM5
SIM1
SIM2
SIM3
SIM4
1
21
22
SIM5
SIM1
SIM2
SIM3
SIM4
1
21
22
SIM5
SIM1
SIM2
SIM3
SIM4
1
21
22
SIM5
SIM1
SIM2
SIM3
SIM4
1
21
22
SIM5
SIM1
SIM2
SIM3
SIM4
1
21
22
SIM5
SIM1
SIM2
SIM3
SIM4
1
21
22
SIM5
SIM1
SIM2
SIM3
SIM4
1
21
22
SIM5
SIM1
SIM2
SIM3
SIM4
1
21
22
SIM5
SIM1
SIM2
SIM3
SIM4
1
21
22
SIM5
SIM1
SIM2
SIM3
SIM4
1
21
22
SIM5
SIM1
SIM2
SIM3
SIM4
1
21
22
SIM5
SIM1
SIM2
SIM3
SIM4
1
21
22
SIM5
SIM1
SIM2
SIM3
SIM4
1
21
22
SIM5
SIM1
SIM2
SIM3
SIM4
1
21
22
SIM5
SIM1
SIM2
SIM3
SIM4
1
21
22
SIM5
SIM1
SIM2
SIM3
SIM4
1
21
22
SIM5
SIM1
SIM2
SIM3
SIM4
1
21
22
SIM5
SIM1
SIM2
SIM3
SIM4
1
21
22
SIM5
SIM1
SIM2
SIM3
SIM4
1
21
22
SIM5
SIM1
SIM2
SIM3
SIM4
1
21
22
SIM5
SIM1
SIM2
SIM3
SIM4
1
21
22
SIM5
SIM1
SIM2
SIM3
SIM4
1
21
22
SIM5
SIM1
SIM2
SIM3
SIM4
1
21
22
SIM5
SIM1
SIM2
SIM3
SIM4
1
21
22
SIM5
SIM1
SIM2
SIM3
SIM4
1
21
22
SIM5
SIM1
SIM2
SIM3
SIM4
1
21
22
SIM5
SIM1
SIM2
SIM3
SIM4
1
21
22
SIM5
SIM1
SIM2
SIM3
SIM4
1
21
22
SIM5
SIM1
SIM2
SIM3
SIM4
1
21
22
SIM5
SIM1
SIM2
SIM3
SIM4
1
21
22
SIM5
SIM1
SIM2
SIM3
SIM4
1
21
22
SIM5
SIM1
SIM2
SIM3
SIM4
1
21
22
SIM5
SIM1
SIM2
SIM3
SIM4
1
21
22
SIM5
SIM1
SIM2
SIM3
SIM4
1
21
22
SIM5
SIM1
SIM2
SIM3
SIM4
1
21
22
SIM5
SIM1
SIM2
SIM3
SIM4
1
21
22
SIM5
SIM1
SIM2
SIM3
SIM4
1
21
22
SIM5
SIM1
SIM2
SIM3
SIM4
1
21
22
SIM5
SIM1
SIM2
SIM3
SIM4
1
21
22
SIM5
SIM1
SIM2
SIM3
SIM4
1
21
22
SIM5
SIM1
SIM2
SIM3
SIM4
1
21
22
SIM5
SIM1
SIM2
SIM3
SIM4
1
21
22
SIM5
SIM1
SIM2
SIM3
SIM4
1
21
22
SIM5
SIM1
SIM2
SIM3
SIM4
1
21
22
SIM5
SIM1
SIM2
SIM3
SIM4
1
21
22
SIM5
SIM1
SIM2
SIM3
SIM4
1
21
22
SIM5
SIM1
SIM2
SIM3
SIM4
1
21
22
SIM5
SIM1
SIM2
SIM3
SIM4
1
21
22
SIM5
SIM1
SIM2
SIM3
SIM4
1
21
22
SIM5
SIM1
SIM2
SIM3
SIM4
1
21
22
SIM5
SIM1
SIM2
SIM3
SIM4
1
21
22
SIM5
SIM1
SIM2
SIM3
SIM4
1
21
22
SIM5
SIM1
SIM2
SIM3
SIM4
1
21
22
SIM5
SIM1
SIM2
SIM3
SIM4
1
21
22
SIM5
SIM1
SIM2
SIM3
SIM4
1
21
22
SIM5
SIM1
SIM2
SIM3
SIM4
1
21
22
SIM5
SIM1
SIM2
SIM3
SIM4
1
21
22
SIM5
SIM1
SIM2
SIM3
SIM4
1
21
22
SIM5
SIM1
SIM2
SIM3
SIM4
1
21
22
SIM5
SIM1
SIM2
SIM3
SIM4
1
21
22
SIM5
SIM1
SIM2
SIM3
SIM4
1
21
22
SIM5
SIM1
SIM2
SIM3
SIM4
1
21
22
SIM5
SIM1
SIM2
SIM3
SIM4
1
21
22
SIM5
SIM1
SIM2
SIM3
SIM4
1
21
22
SIM5
SIM1
SIM2
DEBUG 1 809
SIM1
SIM2
SIM3
SIM4
1
21
22
SIM5
SIM1
SIM2
SIM3
SIM4
1
21
22
SIM5
SIM1
SIM2
SIM3
SIM4
1
21
22
SIM5
SIM1
SIM2
SIM3
SIM4
1
21
22
SIM5
SIM1
SIM2
SIM3
SIM4
1
21
22
SIM5
SIM1
SIM2
SIM3
SIM4
1
21
22
SIM5
SIM1
SIM2
SIM3
SIM4
1
21
22
SIM5
SIM1
SIM2
SIM3
SIM4
1
21
22
SIM5
SIM1
SIM2
SIM3
SIM4
1
21
22
SIM5
SIM1
SIM2
SIM3
SIM4
1
21
22
SIM5
SIM1
SIM2
SIM3
SIM4
1
21
22
SIM5
SIM1
SIM2
SIM3
SIM4
1
21
22
SIM5
SIM1
SIM2
SIM3
SIM4
1
21
22
SIM5
SIM1
SIM2
SIM3
SIM4
1
21
22
SIM5
SIM1
SIM2
SIM3
SIM4
1
21
22
SIM5
SIM1
SIM2
SIM3
SIM4
1
21
22
SIM5
SIM1
SIM2
SIM3
SIM4
1
21
22
SIM5
SIM1
SIM2
SIM3
SIM4
1
21
22
SIM5
SIM1
SIM2
SIM3
SIM4
1
21
22
SIM5
SIM1
SIM2
SIM3
SIM4
1
21
22
SIM5
SIM1
SIM2
SIM3
SIM4
1
21
22
SIM5
SIM1
SIM2
SIM3
SIM4
1
21
22
SIM5
SIM1
SIM2
SIM3
SIM4
1
21
22
SIM5
SIM1
SIM2
SIM3
SIM4
1
21
22
SIM5
SIM1
SIM2
SIM3
SIM4
1
21
22
SIM5
SIM1
SIM2
SIM3
SIM4
1
21
22
SIM5
SIM1
SIM2
SIM3
SIM4
1
21
22
SIM5
SIM1
SIM2
SIM3
SIM4
1
21
22
SIM5
SIM1
SIM2
SIM3
SIM4
1
21
22
SIM5
SIM1
SIM2
SIM3
SIM4
1
21
22
SIM5
SIM1
SIM2
SIM3
SIM4
1
21
22
SIM5
SIM1
SIM2
SIM3
SIM4
1
21
22
SIM5
SIM1
SIM2
SIM3
SIM4
1
21
22
SIM5
SIM1
SIM2
SIM3
SIM4
1
21
22
SIM5
SIM1
SIM2
SIM3
SIM4
1
21
22
SIM5
SIM1
SIM2
SIM3
SIM4
1
21
22
SIM5
SIM1
SIM2
SIM3
SIM4
1
21
22
SIM5
SIM1
SIM2
SIM3
SIM4
1
21
22
SIM5
SIM1
SIM2
SIM3
SIM4
1
21
22
SIM5
SIM1
SIM2
SIM3
SIM4
1
21
22
SIM5
SIM1
SIM2
SIM3
SIM4
1
21
22
SIM5
SIM1
SIM2
SIM3
SIM4
1
21
22
SIM5
SIM1
SIM2
SIM3
SIM4
1
21
22
SIM5
SIM1
SIM2
SIM3
SIM4
1
21
22
SIM5
SIM1
SIM2
SIM3
SIM4
1
21
22
SIM5
SIM1
SIM2
SIM3
SIM4
1
21
22
SIM5
SIM1
SIM2
SIM3
SIM4
1
21
22
SIM5
SIM1
SIM2
SIM3
SIM4
1
21
22
SIM5
SIM1
SIM2
SIM3
SIM4
1
21
22
SIM5
SIM1
SIM2
SIM3
SIM4
1
21
22
SIM5
SIM1
SIM2
SIM3
SIM4
1
21
22
SIM5
SIM1
SIM2
SIM3
SIM4
1
21
22
SIM5
SIM1
SIM2
SIM3
SIM4
1
21
22
SIM5
SIM1
SIM2
SIM3
SIM4
1
21
22
SIM5
SIM1
SIM2
SIM3
SIM4
1
21
22
SIM5
SIM1
SIM2
SIM3
SIM4
1
21
22
SIM5
SIM1
SIM2
SIM3
SIM4
1
21
22
SIM5
SIM1
SIM2
SIM3
SIM4
1
21
22
SIM5
SIM1
SIM2
SIM3
SIM4
1
21
22
SIM5
SIM1
SIM2
SIM3
SIM4
1
21
22
SIM5
SIM1
SIM2
SIM3
SIM4
1
21
22
SIM5
SIM1
SIM2
SIM3
SIM4
1
21
22
SIM5
SIM1
SIM2
SIM3
SIM4
1
21
22
SIM5
SIM1
SIM2
SIM3
SIM4
1
21
22
SIM5
SIM1
SIM2
SIM3
SIM4
1
21
22
SIM5
SIM1
SIM2
SIM3
SIM4
1
21
22
SIM5
SIM1
SIM2
SIM3
SIM4
1
21
22
SIM5
SIM1
SIM2
SIM3
SIM4
1
21
22
SIM5
SIM1
SIM2
SIM3
SIM4
1
21
22
SIM5
SIM1
SIM2
SIM3
SIM4
1
21
22
SIM5
SIM1
SIM2
SIM3
SIM4
1
21
22
SIM5
SIM1
SIM2
SIM3
SIM4
1
21
22
SIM5
SIM1
SIM2
SIM3
SIM4
1
21
22
SIM5
SIM1
SIM2
SIM3
SIM4
1
21
22
SIM5
SIM1
SIM2
SIM3
SIM4
1
21
22
SIM5
SIM1
SIM2
SIM3
SIM4
1
21
22
SIM5
SIM1
SIM2
SIM3
SIM4
1
21
22
SIM5
SIM1
SIM2
SIM3
SIM4
1
21
22
SIM5
SIM1
SIM2
SIM3
SIM4
1
21
22
SIM5
SIM1
SIM2
SIM3
SIM4
1
21
22
SIM5
SIM1
SIM2
SIM3
SIM4
1
21
22
SIM5
SIM1
SIM2
SIM3
SIM4
1
21
22
SIM5
SIM1
SIM2
SIM3
SIM4
1
21
22
SIM5
SIM1
SIM2
SIM3
SIM4
1
21
22
SIM5
SIM1
SIM2
SIM3
SIM4
1
21
22
SIM5
SIM1
SIM2
SIM3
SIM4
1
21
22
SIM5
SIM1
SIM2
SIM3
SIM4
1
21
22
SIM5
SIM1
SIM2
SIM3
SIM4
1
21
22
SIM5
SIM1
SIM2
SIM3
SIM4
1
21
22
SIM5
SIM1
SIM2
SIM3
SIM4
1
21
22
SIM5
SIM1
SIM2
SIM3
SIM4
1
21
22
SIM5
SIM1
SIM2
SIM3
SIM4
1
21
22
SIM5
SIM1
SIM2
SIM3
SIM4
1
21
22
SIM5
SIM1
SIM2
SIM3
SIM4
1
21
22
SIM5
SIM1
SIM2
SIM3
SIM4
1
21
22
SIM5
SIM1
SIM2
SIM3
SIM4
1
21
22
SIM5
SIM1
SIM2
SIM3
SIM4
1
21
22
SIM5
SIM1
SIM2
SIM3
SIM4
1
21
22
SIM5
SIM1
SIM2
SIM3
SIM4
1
21
22
SIM5
SIM1
SIM2
SIM3
SIM4
1
21
22
SIM5
SIM1
SIM2
SIM3
SIM4
1
21
22
SIM5
SIM1
SIM2
SIM3
SIM4
1
21
22
SIM5
SIM1
SIM2
SIM3
SIM4
1
21
22
SIM5
SIM1
SIM2
SIM3
SIM4
1
21
22
SIM5
SIM1
SIM2
SIM3
SIM4
1
21
22
SIM5
SIM1
SIM2
SIM3
SIM4
1
21
22
SIM5
SIM1
SIM2
SIM3
SIM4
1
21
22
SIM5
SIM1
SIM2
SIM3
SIM4
1
21
22
SIM5
SIM1
SIM2
SIM3
SIM4
1
21
22
SIM5
SIM1
SIM2
SIM3
SIM4
1
21
22
SIM5
SIM1
SIM2
SIM3
SIM4
1
21
22
SIM5
SIM1
SIM2
SIM3
SIM4
1
21
22
SIM5
SIM1
SIM2
SIM3
SIM4
1
21
22
SIM5
SIM1
SIM2
SIM3
SIM4
1
21
22
SIM5
SIM1
SIM2
SIM3
SIM4
1
21
22
SIM5
SIM1
SIM2
SIM3
SIM4
1
21
22
SIM5
SIM1
SIM2
SIM3
SIM4
1
21
22
SIM5
SIM1
SIM2
SIM3
SIM4
1
21
22
SIM5
SIM1
SIM2
SIM3
SIM4
1
21
22
SIM5
SIM1
SIM2
SIM3
SIM4
1
21
22
SIM5
SIM1
SIM2
SIM3
SIM4
1
21
22
SIM5
SIM1
SIM2
SIM3
SIM4
1
21
22
SIM5
SIM1
SIM2
SIM3
SIM4
1
21
22
SIM5
SIM1
SIM2
SIM3
SIM4
1
21
22
SIM5
SIM1
SIM2
SIM3
SIM4
1
21
22
SIM5
SIM1
SIM2
SIM3
SIM4
1
21
22
SIM5
SIM1
SIM2
SIM3
SIM4
1
21
22
SIM5
SIM1
SIM2
SIM3
SIM4
1
21
22
SIM5
SIM1
SIM2
SIM3
SIM4
1
21
22
SIM5
SIM1
SIM2
SIM3
SIM4
1
21
22
SIM5
SIM1
SIM2
SIM3
SIM4
1
21
22
SIM5
SIM1
SIM2
SIM3
SIM4
1
21
22
SIM5
SIM1
SIM2
SIM3
SIM4
1
21
22
SIM5
SIM1
SIM2
SIM3
SIM4
1
21
22
SIM5
SIM1
SIM2
SIM3
SIM4
1
21
22
SIM5
SIM1
SIM2
SIM3
SIM4
1
21
22
SIM5
SIM1
SIM2
SIM3
SIM4
1
21
22
SIM5
SIM1
SIM2
SIM3
SIM4
1
21
22
SIM5
SIM1
SIM2
SIM3
SIM4
1
21
22
SIM5
SIM1
SIM2
SIM3
SIM4
1
21
22
SIM5
SIM1
SIM2
SIM3
SIM4
1
21
22
SIM5
SIM1
SIM2
SIM3
SIM4
1
21
22
SIM5
SIM1
SIM2
SIM3
SIM4
1
21
22
SIM5
SIM1
SIM2
SIM3
SIM4
1
21
22
SIM5
SIM1
SIM2
SIM3
SIM4
1
21
22
SIM5
SIM1
SIM2
SIM3
SIM4
1
21
22
SIM5
SIM1
SIM2
SIM3
SIM4
1
21
22
SIM5
SIM1
SIM2
SIM3
SIM4
1
21
22
SIM5
SIM1
SIM2
SIM3
SIM4
1
21
22
SIM5
SIM1
SIM2
SIM3
SIM4
1
21
22
SIM5
SIM1
SIM2
SIM3
SIM4
1
21
22
SIM5
SIM1
SIM2
SIM3
SIM4
1
21
22
SIM5
SIM1
SIM2
SIM3
SIM4
1
21
22
SIM5
SIM1
SIM2
SIM3
SIM4
1
21
22
SIM5
SIM1
SIM2
SIM3
SIM4
1
21
22
SIM5
SIM1
SIM2
SIM3
SIM4
1
21
22
SIM5
SIM1
SIM2
SIM3
SIM4
1
21
22
SIM5
SIM1
SIM2
SIM3
SIM4
1
21
22
SIM5
SIM1
SIM2
DEBUG 1 810
SIM1
SIM2
SIM3
SIM4
1
21
22
SIM5
SIM1
SIM2
SIM3
SIM4
1
21
22
SIM5
SIM1
SIM2
SIM3
SIM4
1
21
22
SIM5
SIM1
SIM2
SIM3
SIM4
1
21
22
SIM5
SIM1
SIM2
SIM3
SIM4
1
21
22
SIM5
SIM1
SIM2
SIM3
SIM4
1
21
22
SIM5
SIM1
SIM2
SIM3
SIM4
1
21
22
SIM5
SIM1
SIM2
SIM3
SIM4
1
21
22
SIM5
SIM1
SIM2
SIM3
SIM4
1
21
22
SIM5
SIM1
SIM2
SIM3
SIM4
1
21
22
SIM5
SIM1
SIM2
SIM3
SIM4
1
21
22
SIM5
SIM1
SIM2
SIM3
SIM4
1
21
22
SIM5
SIM1
SIM2
SIM3
SIM4
1
21
22
SIM5
SIM1
SIM2
SIM3
SIM4
1
21
22
SIM5
SIM1
SIM2
SIM3
SIM4
1
21
22
SIM5
SIM1
SIM2
SIM3
SIM4
1
21
22
SIM5
SIM1
SIM2
SIM3
SIM4
1
21
22
SIM5
SIM1
SIM2
SIM3
SIM4
1
21
22
SIM5
SIM1
SIM2
SIM3
SIM4
1
21
22
SIM5
SIM1
SIM2
SIM3
SIM4
1
21
22
SIM5
SIM1
SIM2
SIM3
SIM4
1
21
22
SIM5
SIM1
SIM2
SIM3
SIM4
1
21
22
SIM5
SIM1
SIM2
SIM3
SIM4
1
21
22
SIM5
SIM1
SIM2
SIM3
SIM4
1
21
22
SIM5
SIM1
SIM2
SIM3
SIM4
1
21
22
SIM5
SIM1
SIM2
SIM3
SIM4
1
21
22
SIM5
SIM1
SIM2
SIM3
SIM4
1
21
22
SIM5
SIM1
SIM2
SIM3
SIM4
1
21
22
SIM5
SIM1
SIM2
SIM3
SIM4
1
21
22
SIM5
SIM1
SIM2
SIM3
SIM4
1
21
22
SIM5
SIM1
SIM2
SIM3
SIM4
1
21
22
SIM5
SIM1
SIM2
SIM3
SIM4
1
21
22
SIM5
SIM1
SIM2
SIM3
SIM4
1
21
22
SIM5
SIM1
SIM2
SIM3
SIM4
1
21
22
SIM5
SIM1
SIM2
SIM3
SIM4
1
21
22
SIM5
SIM1
SIM2
SIM3
SIM4
1
21
22
SIM5
SIM1
SIM2
SIM3
SIM4
1
21
22
SIM5
SIM1
SIM2
SIM3
SIM4
1
21
22
SIM5
SIM1
SIM2
SIM3
SIM4
1
21
22
SIM5
SIM1
SIM2
SIM3
SIM4
1
21
22
SIM5
SIM1
SIM2
SIM3
SIM4
1
21
22
SIM5
SIM1
SIM2
SIM3
SIM4
1
21
22
SIM5
SIM1
SIM2
SIM3
SIM4
1
21
22
SIM5
SIM1
SIM2
SIM3
SIM4
1
21
22
SIM5
SIM1
SIM2
SIM3
SIM4
1
21
22
SIM5
SIM1
SIM2
SIM3
SIM4
1
21
22
SIM5
SIM1
SIM2
SIM3
SIM4
1
21
22
SIM5
SIM1
SIM2
SIM3
SIM4
1
21
22
SIM5
SIM1
SIM2
SIM3
SIM4
1
21
22
SIM5
SIM1
SIM2
SIM3
SIM4
1
21
22
SIM5
SIM1
SIM2
SIM3
SIM4
1
21
22
SIM5
SIM1
SIM2
SIM3
SIM4
1
21
22
SIM5
SIM1
SIM2
SIM3
SIM4
1
21
22
SIM5
SIM1
SIM2
SIM3
SIM4
1
21
22
SIM5
SIM1
SIM2
SIM3
SIM4
1
21
22
SIM5
SIM1
SIM2
SIM3
SIM4
1
21
22
SIM5
SIM1
SIM2
SIM3
SIM4
1
21
22
SIM5
SIM1
SIM2
SIM3
SIM4
1
21
22
SIM5
SIM1
SIM2
SIM3
SIM4
1
21
22
SIM5
SIM1
SIM2
SIM3
SIM4
1
21
22
SIM5
SIM1
SIM2
SIM3
SIM4
1
21
22
SIM5
SIM1
SIM2
SIM3
SIM4
1
21
22
SIM5
SIM1
SIM2
SIM3
SIM4
1
21
22
SIM5
SIM1
SIM2
SIM3
SIM4
1
21
22
SIM5
SIM1
SIM2
SIM3
SIM4
1
21
22
SIM5
SIM1
SIM2
SIM3
SIM4
1
21
22
SIM5
SIM1
SIM2
SIM3
SIM4
1
21
22
SIM5
SIM1
SIM2
SIM3
SIM4
1
21
22
SIM5
SIM1
SIM2
SIM3
SIM4
1
21
22
SIM5
SIM1
SIM2
SIM3
SIM4
1
21
22
SIM5
SIM1
SIM2
SIM3
SIM4
1
21
22
SIM5
SIM1
SIM2
SIM3
SIM4
1
21
22
SIM5
SIM1
SIM2
SIM3
SIM4
1
21
22
SIM5
SIM1
SIM2
SIM3
SIM4
1
21
22
SIM5
SIM1
SIM2
SIM3
SIM4
1
21
22
SIM5
SIM1
SIM2
SIM3
SIM4
1
21
22
SIM5
SIM1
SIM2
SIM3
SIM4
1
21
22
SIM5
SIM1
SIM2
SIM3
SIM4
1
21
22
SIM5
SIM1
SIM2
SIM3
SIM4
1
21
22
SIM5
SIM1
SIM2
SIM3
SIM4
1
21
22
SIM5
SIM1
SIM2
SIM3
SIM4
1
21
22
SIM5
SIM1
SIM2
SIM3
SIM4
1
21
22
SIM5
SIM1
SIM2
SIM3
SIM4
1
21
22
SIM5
SIM1
SIM2
SIM3
SIM4
1
21
22
SIM5
SIM1
SIM2
SIM3
SIM4
1
21
22
SIM5
SIM1
SIM2
SIM3
SIM4
1
21
22
SIM5
SIM1
SIM2
SIM3
SIM4
1
21
22
SIM5
SIM1
SIM2
SIM3
SIM4
1
21
22
SIM5
SIM1
SIM2
SIM3
SIM4
1
21
22
SIM5
SIM1
SIM2
SIM3
SIM4
1
21
22
SIM5
SIM1
SIM2
SIM3
SIM4
1
21
22
SIM5
SIM1
SIM2
SIM3
SIM4
1
21
22
SIM5
SIM1
SIM2
SIM3
SIM4
1
21
22
SIM5
SIM1
SIM2
SIM3
SIM4
1
21
22
SIM5
SIM1
SIM2
SIM3
SIM4
1
21
22
SIM5
SIM1
SIM2
SIM3
SIM4
1
21
22
SIM5
SIM1
SIM2
SIM3
SIM4
1
21
22
SIM5
SIM1
SIM2
SIM3
SIM4
1
21
22
SIM5
SIM1
SIM2
SIM3
SIM4
1
21
22
SIM5
SIM1
SIM2
SIM3
SIM4
1
21
22
SIM5
SIM1
SIM2
SIM3
SIM4
1
21
22
SIM5
SIM1
SIM2
SIM3
SIM4
1
21
22
SIM5
SIM1
SIM2
SIM3
SIM4
1
21
22
SIM5
SIM1
SIM2
SIM3
SIM4
1
21
22
SIM5
SIM1
SIM2
SIM3
SIM4
1
21
22
SIM5
SIM1
SIM2
SIM3
SIM4
1
21
22
SIM5
SIM1
SIM2
SIM3
SIM4
1
21
22
SIM5
SIM1
SIM2
SIM3
SIM4
1
21
22
SIM5
SIM1
SIM2
SIM3
SIM4
1
21
22
SIM5
SIM1
SIM2
SIM3
SIM4
1
21
22
SIM5
SIM1
SIM2
SIM3
SIM4
1
21
22
SIM5
SIM1
SIM2
SIM3
SIM4
1
21
22
SIM5
SIM1
SIM2
SIM3
SIM4
1
21
22
SIM5
SIM1
SIM2
SIM3
SIM4
1
21
22
SIM5
SIM1
SIM2
SIM3
SIM4
1
21
22
SIM5
SIM1
SIM2
SIM3
SIM4
1
21
22
SIM5
SIM1
SIM2
SIM3
SIM4
1
21
22
SIM5
SIM1
SIM2
SIM3
SIM4
1
21
22
SIM5
SIM1
SIM2
SIM3
SIM4
1
21
22
SIM5
SIM1
SIM2
SIM3
SIM4
1
21
22
SIM5
SIM1
SIM2
SIM3
SIM4
1
21
22
SIM5
SIM1
SIM2
SIM3
SIM4
1
21
22
SIM5
SIM1
SIM2
SIM3
SIM4
1
21
22
SIM5
SIM1
SIM2
SIM3
SIM4
1
21
22
SIM5
SIM1
SIM2
SIM3
SIM4
1
21
22
SIM5
SIM1
SIM2
SIM3
SIM4
1
21
22
SIM5
SIM1
SIM2
SIM3
SIM4
1
21
22
SIM5
SIM1
SIM2
SIM3
SIM4
1
21
22
SIM5
SIM1
SIM2
SIM3
SIM4
1
21
22
SIM5
SIM1
SIM2
SIM3
SIM4
1
21
22
SIM5
SIM1
SIM2
SIM3
SIM4
1
21
22
SIM5
SIM1
SIM2
SIM3
SIM4
1
21
22
SIM5
SIM1
SIM2
SIM3
SIM4
1
21
22
SIM5
SIM1
SIM2
SIM3
SIM4
1
21
22
SIM5
SIM1
SIM2
DEBUG 1 811
SIM1
SIM2
SIM3
SIM4
1
21
22
SIM5
SIM1
SIM2
SIM3
SIM4
1
21
22
SIM5
SIM1
SIM2
SIM3
SIM4
1
21
22
SIM5
SIM1
SIM2
SIM3
SIM4
1
21
22
SIM5
SIM1
SIM2
SIM3
SIM4
1
21
22
SIM5
SIM1
SIM2
SIM3
SIM4
1
21
22
SIM5
SIM1
SIM2
SIM3
SIM4
1
21
22
SIM5
SIM1
SIM2
SIM3
SIM4
1
21
22
SIM5
SIM1
SIM2
SIM3
SIM4
1
21
22
SIM5
SIM1
SIM2
SIM3
SIM4
1
21
22
SIM5
SIM1
SIM2
SIM3
SIM4
1
21
22
SIM5
SIM1
SIM2
SIM3
SIM4
1
21
22
SIM5
SIM1
SIM2
SIM3
SIM4
1
21
22
SIM5
SIM1
SIM2
SIM3
SIM4
1
21
22
SIM5
SIM1
SIM2
SIM3
SIM4
1
21
22
SIM5
SIM1
SIM2
SIM3
SIM4
1
21
22
SIM5
SIM1
SIM2
SIM3
SIM4
1
21
22
SIM5
SIM1
SIM2
SIM3
SIM4
1
21
22
SIM5
SIM1
SIM2
SIM3
SIM4
1
21
22
SIM5
SIM1
SIM2
SIM3
SIM4
1
21
22
SIM5
SIM1
SIM2
SIM3
SIM4
1
21
22
SIM5
SIM1
SIM2
SIM3
SIM4
1
21
22
SIM5
SIM1
SIM2
SIM3
SIM4
1
21
22
SIM5
SIM1
SIM2
SIM3
SIM4
1
21
22
SIM5
SIM1
SIM2
SIM3
SIM4
1
21
22
SIM5
SIM1
SIM2
SIM3
SIM4
1
21
22
SIM5
SIM1
SIM2
SIM3
SIM4
1
21
22
SIM5
SIM1
SIM2
SIM3
SIM4
1
21
22
SIM5
SIM1
SIM2
SIM3
SIM4
1
21
22
SIM5
SIM1
SIM2
SIM3
SIM4
1
21
22
SIM5
SIM1
SIM2
SIM3
SIM4
1
21
22
SIM5
SIM1
SIM2
SIM3
SIM4
1
21
22
SIM5
SIM1
SIM2
SIM3
SIM4
1
21
22
SIM5
SIM1
SIM2
SIM3
SIM4
1
21
22
SIM5
SIM1
SIM2
SIM3
SIM4
1
21
22
SIM5
SIM1
SIM2
SIM3
SIM4
1
21
22
SIM5
SIM1
SIM2
SIM3
SIM4
1
21
22
SIM5
SIM1
SIM2
SIM3
SIM4
1
21
22
SIM5
SIM1
SIM2
SIM3
SIM4
1
21
22
SIM5
SIM1
SIM2
SIM3
SIM4
1
21
22
SIM5
SIM1
SIM2
SIM3
SIM4
1
21
22
SIM5
SIM1
SIM2
SIM3
SIM4
1
21
22
SIM5
SIM1
SIM2
SIM3
SIM4
1
21
22
SIM5
SIM1
SIM2
SIM3
SIM4
1
21
22
SIM5
SIM1
SIM2
SIM3
SIM4
1
21
22
SIM5
SIM1
SIM2
SIM3
SIM4
1
21
22
SIM5
SIM1
SIM2
SIM3
SIM4
1
21
22
SIM5
SIM1
SIM2
SIM3
SIM4
1
21
22
SIM5
SIM1
SIM2
SIM3
SIM4
1
21
22
SIM5
SIM1
SIM2
SIM3
SIM4
1
21
22
SIM5
SIM1
SIM2
SIM3
SIM4
1
21
22
SIM5
SIM1
SIM2
SIM3
SIM4
1
21
22
SIM5
SIM1
SIM2
SIM3
SIM4
1
21
22
SIM5
SIM1
SIM2
SIM3
SIM4
1
21
22
SIM5
SIM1
SIM2
SIM3
SIM4
1
21
22
SIM5
SIM1
SIM2
SIM3
SIM4
1
21
22
SIM5
SIM1
SIM2
SIM3
SIM4
1
21
22
SIM5
SIM1
SIM2
SIM3
SIM4
1
21
22
SIM5
SIM1
SIM2
SIM3
SIM4
1
21
22
SIM5
SIM1
SIM2
SIM3
SIM4
1
21
22
SIM5
SIM1
SIM2
SIM3
SIM4
1
21
22
SIM5
SIM1
SIM2
SIM3
SIM4
1
21
22
SIM5
SIM1
SIM2
SIM3
SIM4
1
21
22
SIM5
SIM1
SIM2
SIM3
SIM4
1
21
22
SIM5
SIM1
SIM2
SIM3
SIM4
1
21
22
SIM5
SIM1
SIM2
SIM3
SIM4
1
21
22
SIM5
SIM1
SIM2
SIM3
SIM4
1
21
22
SIM5
SIM1
SIM2
SIM3
SIM4
1
21
22
SIM5
SIM1
SIM2
SIM3
SIM4
1
21
22
SIM5
SIM1
SIM2
SIM3
SIM4
1
21
22
SIM5
SIM1
SIM2
SIM3
SIM4
1
21
22
SIM5
SIM1
SIM2
SIM3
SIM4
1
21
22
SIM5
SIM1
SIM2
SIM3
SIM4
1
21
22
SIM5
SIM1
SIM2
SIM3
SIM4
1
21
22
SIM5
SIM1
SIM2
SIM3
SIM4
1
21
22
SIM5
SIM1
SIM2
SIM3
SIM4
1
21
22
SIM5
SIM1
SIM2
SIM3
SIM4
1
21
22
SIM5
SIM1
SIM2
SIM3
SIM4
1
21
22
SIM5
SIM1
SIM2
SIM3
SIM4
1
21
22
SIM5
SIM1
SIM2
SIM3
SIM4
1
21
22
SIM5
SIM1
SIM2
SIM3
SIM4
1
21
22
SIM5
SIM1
SIM2
SIM3
SIM4
1
21
22
SIM5
SIM1
SIM2
SIM3
SIM4
1
21
22
SIM5
SIM1
SIM2
SIM3
SIM4
1
21
22
SIM5
SIM1
SIM2
SIM3
SIM4
1
21
22
SIM5
SIM1
SIM2
SIM3
SIM4
1
21
22
SIM5
SIM1
SIM2
SIM3
SIM4
1
21
22
SIM5
SIM1
SIM2
SIM3
SIM4
1
21
22
SIM5
SIM1
SIM2
SIM3
SIM4
1
21
22
SIM5
SIM1
SIM2
SIM3
SIM4
1
21
22
SIM5
SIM1
SIM2
SIM3
SIM4
1
21
22
SIM5
SIM1
SIM2
SIM3
SIM4
1
21
22
SIM5
SIM1
SIM2
SIM3
SIM4
1
21
22
SIM5
SIM1
SIM2
SIM3
SIM4
1
21
22
SIM5
SIM1
SIM2
SIM3
SIM4
1
21
22
SIM5
SIM1
SIM2
SIM3
SIM4
1
21
22
SIM5
SIM1
SIM2
SIM3
SIM4
1
21
22
SIM5
SIM1
SIM2
SIM3
SIM4
1
21
22
SIM5
SIM1
SIM2
SIM3
SIM4
1
21
22
SIM5
SIM1
SIM2
SIM3
SIM4
1
21
22
SIM5
SIM1
SIM2
SIM3
SIM4
1
21
22
SIM5
SIM1
SIM2
SIM3
SIM4
1
21
22
SIM5
SIM1
SIM2
SIM3
SIM4
1
21
22
SIM5
SIM1
SIM2
SIM3
SIM4
1
21
22
SIM5
SIM1
SIM2
SIM3
SIM4
1
21
22
SIM5
SIM1
SIM2
SIM3
SIM4
1
21
22
SIM5
SIM1
SIM2
SIM3
SIM4
1
21
22
SIM5
SIM1
SIM2
SIM3
SIM4
1
21
22
SIM5
SIM1
SIM2
SIM3
SIM4
1
21
22
SIM5
SIM1
SIM2
SIM3
SIM4
1
21
22
SIM5
SIM1
SIM2
SIM3
SIM4
1
21
22
SIM5
SIM1
SIM2
SIM3
SIM4
1
21
22
SIM5
SIM1
SIM2
SIM3
SIM4
1
21
22
SIM5
SIM1
SIM2
SIM3
SIM4
1
21
22
SIM5
SIM1
SIM2
SIM3
SIM4
1
21
22
SIM5
SIM1
SIM2
SIM3
SIM4
1
21
22
SIM5
SIM1
SIM2
DEBUG 1 812
SIM1
SIM2
SIM3
SIM4
1
21
22
SIM5
SIM1
SIM2
SIM3
SIM4
1
21
22
SIM5
SIM1
SIM2
SIM3
SIM4
1
21
22
SIM5
SIM1
SIM2
SIM3
SIM4
1
21
22
SIM5
SIM1
SIM2
SIM3
SIM4
1
21
22
SIM5
SIM1
SIM2
SIM3
SIM4
1
21
22
SIM5
SIM1
SIM2
SIM3
SIM4
1
21
22
SIM5
SIM1
SIM2
SIM3
SIM4
1
21
22
SIM5
SIM1
SIM2
SIM3
SIM4
1
21
22
SIM5
SIM1
SIM2
SIM3
SIM4
1
21
22
SIM5
SIM1
SIM2
SIM3
SIM4
1
21
22
SIM5
SIM1
SIM2
SIM3
SIM4
1
21
22
SIM5
SIM1
SIM2
SIM3
SIM4
1
21
22
SIM5
SIM1
SIM2
SIM3
SIM4
1
21
22
SIM5
SIM1
SIM2
SIM3
SIM4
1
21
22
SIM5
SIM1
SIM2
SIM3
SIM4
1
21
22
SIM5
SIM1
SIM2
SIM3
SIM4
1
21
22
SIM5
SIM1
SIM2
SIM3
SIM4
1
21
22
SIM5
SIM1
SIM2
SIM3
SIM4
1
21
22
SIM5
SIM1
SIM2
SIM3
SIM4
1
21
22
SIM5
SIM1
SIM2
SIM3
SIM4
1
21
22
SIM5
SIM1
SIM2
SIM3
SIM4
1
21
22
SIM5
SIM1
SIM2
SIM3
SIM4
1
21
22
SIM5
SIM1
SIM2
SIM3
SIM4
1
21
22
SIM5
SIM1
SIM2
SIM3
SIM4
1
21
22
SIM5
SIM1
SIM2
SIM3
SIM4
1
21
22
SIM5
SIM1
SIM2
SIM3
SIM4
1
21
22
SIM5
SIM1
SIM2
SIM3
SIM4
1
21
22
SIM5
SIM1
SIM2
SIM3
SIM4
1
21
22
SIM5
SIM1
SIM2
SIM3
SIM4
1
21
22
SIM5
SIM1
SIM2
SIM3
SIM4
1
21
22
SIM5
SIM1
SIM2
SIM3
SIM4
1
21
22
SIM5
SIM1
SIM2
SIM3
SIM4
1
21
22
SIM5
SIM1
SIM2
SIM3
SIM4
1
21
22
SIM5
SIM1
SIM2
SIM3
SIM4
1
21
22
SIM5
SIM1
SIM2
SIM3
SIM4
1
21
22
SIM5
SIM1
SIM2
SIM3
SIM4
1
21
22
SIM5
SIM1
SIM2
SIM3
SIM4
1
21
22
SIM5
SIM1
SIM2
SIM3
SIM4
1
21
22
SIM5
SIM1
SIM2
SIM3
SIM4
1
21
22
SIM5
SIM1
SIM2
SIM3
SIM4
1
21
22
SIM5
SIM1
SIM2
SIM3
SIM4
1
21
22
SIM5
SIM1
SIM2
SIM3
SIM4
1
21
22
SIM5
SIM1
SIM2
SIM3
SIM4
1
21
22
SIM5
SIM1
SIM2
SIM3
SIM4
1
21
22
SIM5
SIM1
SIM2
SIM3
SIM4
1
21
22
SIM5
SIM1
SIM2
SIM3
SIM4
1
21
22
SIM5
SIM1
SIM2
SIM3
SIM4
1
21
22
SIM5
SIM1
SIM2
SIM3
SIM4
1
21
22
SIM5
SIM1
SIM2
SIM3
SIM4
1
21
22
SIM5
SIM1
SIM2
SIM3
SIM4
1
21
22
SIM5
SIM1
SIM2
SIM3
SIM4
1
21
22
SIM5
SIM1
SIM2
SIM3
SIM4
1
21
22
SIM5
SIM1
SIM2
SIM3
SIM4
1
21
22
SIM5
SIM1
SIM2
SIM3
SIM4
1
21
22
SIM5
SIM1
SIM2
SIM3
SIM4
1
21
22
SIM5
SIM1
SIM2
SIM3
SIM4
1
21
22
SIM5
SIM1
SIM2
SIM3
SIM4
1
21
22
SIM5
SIM1
SIM2
SIM3
SIM4
1
21
22
SIM5
SIM1
SIM2
SIM3
SIM4
1
21
22
SIM5
SIM1
SIM2
SIM3
SIM4
1
21
22
SIM5
SIM1
SIM2
SIM3
SIM4
1
21
22
SIM5
SIM1
SIM2
SIM3
SIM4
1
21
22
SIM5
SIM1
SIM2
SIM3
SIM4
1
21
22
SIM5
SIM1
SIM2
SIM3
SIM4
1
21
22
SIM5
SIM1
SIM2
SIM3
SIM4
1
21
22
SIM5
SIM1
SIM2
SIM3
SIM4
1
21
22
SIM5
SIM1
SIM2
SIM3
SIM4
1
21
22
SIM5
SIM1
SIM2
SIM3
SIM4
1
21
22
SIM5
SIM1
SIM2
SIM3
SIM4
1
21
22
SIM5
SIM1
SIM2
SIM3
SIM4
1
21
22
SIM5
SIM1
SIM2
SIM3
SIM4
1
21
22
SIM5
SIM1
SIM2
SIM3
SIM4
1
21
22
SIM5
SIM1
SIM2
SIM3
SIM4
1
21
22
SIM5
SIM1
SIM2
SIM3
SIM4
1
21
22
SIM5
SIM1
SIM2
SIM3
SIM4
1
21
22
SIM5
SIM1
SIM2
SIM3
SIM4
1
21
22
SIM5
SIM1
SIM2
SIM3
SIM4
1
21
22
SIM5
SIM1
SIM2
SIM3
SIM4
1
21
22
SIM5
SIM1
SIM2
SIM3
SIM4
1
21
22
SIM5
SIM1
SIM2
SIM3
SIM4
1
21
22
SIM5
SIM1
SIM2
SIM3
SIM4
1
21
22
SIM5
SIM1
SIM2
SIM3
SIM4
1
21
22
SIM5
SIM1
SIM2
SIM3
SIM4
1
21
22
SIM5
SIM1
SIM2
SIM3
SIM4
1
21
22
SIM5
SIM1
SIM2
SIM3
SIM4
1
21
22
SIM5
SIM1
SIM2
SIM3
SIM4
1
21
22
SIM5
SIM1
SIM2
SIM3
SIM4
1
21
22
SIM5
SIM1
SIM2
SIM3
SIM4
1
21
22
SIM5
SIM1
SIM2
SIM3
SIM4
1
21
22
SIM5
SIM1
SIM2
SIM3
SIM4
1
21
22
SIM5
SIM1
SIM2
SIM3
SIM4
1
21
22
SIM5
SIM1
SIM2
SIM3
SIM4
1
21
22
SIM5
SIM1
SIM2
SIM3
SIM4
1
21
22
SIM5
SIM1
SIM2
SIM3
SIM4
1
21
22
SIM5
SIM1
SIM2
SIM3
SIM4
1
21
22
SIM5
SIM1
SIM2
SIM3
SIM4
1
21
22
SIM5
SIM1
SIM2
SIM3
SIM4
1
21
22
SIM5
SIM1
SIM2
SIM3
SIM4
1
21
22
SIM5
SIM1
SIM2
SIM3
SIM4
1
21
22
SIM5
SIM1
SIM2
SIM3
SIM4
1
21
22
SIM5
SIM1
SIM2
SIM3
SIM4
1
21
22
SIM5
SIM1
SIM2
SIM3
SIM4
1
21
22
SIM5
SIM1
SIM2
SIM3
SIM4
1
21
22
SIM5
SIM1
SIM2
SIM3
SIM4
1
21
22
SIM5
SIM1
SIM2
SIM3
SIM4
1
21
22
SIM5
SIM1
SIM2
SIM3
SIM4
1
21
22
SIM5
SIM1
SIM2
SIM3
SIM4
1
21
22
SIM5
SIM1
SIM2
SIM3
SIM4
1
21
22
SIM5
SIM1
SIM2
DEBUG 1 813
SIM1
SIM2
SIM3
SIM4
1
21
22
SIM5
SIM1
SIM2
SIM3
SIM4
1
21
22
SIM5
SIM1
SIM2
SIM3
SIM4
1
21
22
SIM5
SIM1
SIM2
SIM3
SIM4
1
21
22
SIM5
SIM1
SIM2
SIM3
SIM4
1
21
22
SIM5
SIM1
SIM2
SIM3
SIM4
1
21
22
SIM5
SIM1
SIM2
SIM3
SIM4
1
21
22
SIM5
SIM1
SIM2
SIM3
SIM4
1
21
22
SIM5
SIM1
SIM2
SIM3
SIM4
1
21
22
SIM5
SIM1
SIM2
SIM3
SIM4
1
21
22
SIM5
SIM1
SIM2
SIM3
SIM4
1
21
22
SIM5
SIM1
SIM2
SIM3
SIM4
1
21
22
SIM5
SIM1
SIM2
SIM3
SIM4
1
21
22
SIM5
SIM1
SIM2
SIM3
SIM4
1
21
22
SIM5
SIM1
SIM2
SIM3
SIM4
1
21
22
SIM5
SIM1
SIM2
SIM3
SIM4
1
21
22
SIM5
SIM1
SIM2
SIM3
SIM4
1
21
22
SIM5
SIM1
SIM2
SIM3
SIM4
1
21
22
SIM5
SIM1
SIM2
SIM3
SIM4
1
21
22
SIM5
SIM1
SIM2
SIM3
SIM4
1
21
22
SIM5
SIM1
SIM2
SIM3
SIM4
1
21
22
SIM5
SIM1
SIM2
SIM3
SIM4
1
21
22
SIM5
SIM1
SIM2
SIM3
SIM4
1
21
22
SIM5
SIM1
SIM2
SIM3
SIM4
1
21
22
SIM5
SIM1
SIM2
SIM3
SIM4
1
21
22
SIM5
SIM1
SIM2
SIM3
SIM4
1
21
22
SIM5
SIM1
SIM2
SIM3
SIM4
1
21
22
SIM5
SIM1
SIM2
SIM3
SIM4
1
21
22
SIM5
SIM1
SIM2
SIM3
SIM4
1
21
22
SIM5
SIM1
SIM2
SIM3
SIM4
1
21
22
SIM5
SIM1
SIM2
SIM3
SIM4
1
21
22
SIM5
SIM1
SIM2
SIM3
SIM4
1
21
22
SIM5
SIM1
SIM2
SIM3
SIM4
1
21
22
SIM5
SIM1
SIM2
SIM3
SIM4
1
21
22
SIM5
SIM1
SIM2
SIM3
SIM4
1
21
22
SIM5
SIM1
SIM2
SIM3
SIM4
1
21
22
SIM5
SIM1
SIM2
SIM3
SIM4
1
21
22
SIM5
SIM1
SIM2
SIM3
SIM4
1
21
22
SIM5
SIM1
SIM2
SIM3
SIM4
1
21
22
SIM5
SIM1
SIM2
SIM3
SIM4
1
21
22
SIM5
SIM1
SIM2
SIM3
SIM4
1
21
22
SIM5
SIM1
SIM2
SIM3
SIM4
1
21
22
SIM5
SIM1
SIM2
SIM3
SIM4
1
21
22
SIM5
SIM1
SIM2
SIM3
SIM4
1
21
22
SIM5
SIM1
SIM2
SIM3
SIM4
1
21
22
SIM5
SIM1
SIM2
SIM3
SIM4
1
21
22
SIM5
SIM1
SIM2
SIM3
SIM4
1
21
22
SIM5
SIM1
SIM2
SIM3
SIM4
1
21
22
SIM5
SIM1
SIM2
SIM3
SIM4
1
21
22
SIM5
SIM1
SIM2
SIM3
SIM4
1
21
22
SIM5
SIM1
SIM2
SIM3
SIM4
1
21
22
SIM5
SIM1
SIM2
SIM3
SIM4
1
21
22
SIM5
SIM1
SIM2
SIM3
SIM4
1
21
22
SIM5
SIM1
SIM2
SIM3
SIM4
1
21
22
SIM5
SIM1
SIM2
SIM3
SIM4
1
21
22
SIM5
SIM1
SIM2
SIM3
SIM4
1
21
22
SIM5
SIM1
SIM2
SIM3
SIM4
1
21
22
SIM5
SIM1
SIM2
SIM3
SIM4
1
21
22
SIM5
SIM1
SIM2
SIM3
SIM4
1
21
22
SIM5
SIM1
SIM2
SIM3
SIM4
1
21
22
SIM5
SIM1
SIM2
SIM3
SIM4
1
21
22
SIM5
SIM1
SIM2
SIM3
SIM4
1
21
22
SIM5
SIM1
SIM2
SIM3
SIM4
1
21
22
SIM5
SIM1
SIM2
SIM3
SIM4
1
21
22
SIM5
SIM1
SIM2
SIM3
SIM4
1
21
22
SIM5
SIM1
SIM2
SIM3
SIM4
1
21
22
SIM5
SIM1
SIM2
SIM3
SIM4
1
21
22
SIM5
SIM1
SIM2
SIM3
SIM4
1
21
22
SIM5
SIM1
SIM2
SIM3
SIM4
1
21
22
SIM5
SIM1
SIM2
SIM3
SIM4
1
21
22
SIM5
SIM1
SIM2
SIM3
SIM4
1
21
22
SIM5
SIM1
SIM2
SIM3
SIM4
1
21
22
SIM5
SIM1
SIM2
SIM3
SIM4
1
21
22
SIM5
SIM1
SIM2
SIM3
SIM4
1
21
22
SIM5
SIM1
SIM2
SIM3
SIM4
1
21
22
SIM5
SIM1
SIM2
SIM3
SIM4
1
21
22
SIM5
SIM1
SIM2
SIM3
SIM4
1
21
22
SIM5
SIM1
SIM2
SIM3
SIM4
1
21
22
SIM5
SIM1
SIM2
SIM3
SIM4
1
21
22
SIM5
SIM1
SIM2
SIM3
SIM4
1
21
22
SIM5
SIM1
SIM2
SIM3
SIM4
1
21
22
SIM5
SIM1
SIM2
SIM3
SIM4
1
21
22
SIM5
SIM1
SIM2
SIM3
SIM4
1
21
22
SIM5
SIM1
SIM2
SIM3
SIM4
1
21
22
SIM5
SIM1
SIM2
SIM3
SIM4
1
21
22
SIM5
SIM1
SIM2
SIM3
SIM4
1
21
22
SIM5
SIM1
SIM2
SIM3
SIM4
1
21
22
SIM5
SIM1
SIM2
SIM3
SIM4
1
21
22
SIM5
SIM1
SIM2
SIM3
SIM4
1
21
22
SIM5
SIM1
SIM2
SIM3
SIM4
1
21
22
SIM5
SIM1
SIM2
SIM3
SIM4
1
21
22
SIM5
SIM1
SIM2
SIM3
SIM4
1
21
22
SIM5
SIM1
SIM2
SIM3
SIM4
1
21
22
SIM5
SIM1
SIM2
SIM3
SIM4
1
21
22
SIM5
SIM1
SIM2
SIM3
SIM4
1
21
22
SIM5
SIM1
SIM2
SIM3
SIM4
1
21
22
SIM5
SIM1
SIM2
SIM3
SIM4
1
21
22
SIM5
SIM1
SIM2
SIM3
SIM4
1
21
22
SIM5
SIM1
SIM2
SIM3
SIM4
1
21
22
SIM5
SIM1
SIM2
SIM3
SIM4
1
21
22
SIM5
SIM1
SIM2
SIM3
SIM4
1
21
22
SIM5
SIM1
SIM2
SIM3
SIM4
1
21
22
SIM5
SIM1
SIM2
SIM3
SIM4
1
21
22
SIM5
SIM1
SIM2
SIM3
SIM4
1
21
22
SIM5
SIM1
SIM2
SIM3
SIM4
1
21
22
SIM5
SIM1
SIM2
SIM3
SIM4
1
21
22
SIM5
SIM1
SIM2
SIM3
SIM4
1
21
22
SIM5
SIM1
SIM2
SIM3
SIM4
1
21
22
SIM5
SIM1
SIM2
SIM3
SIM4
1
21
22
SIM5
SIM1
SIM2
SIM3
SIM4
1
21
22
SIM5
SIM1
SIM2
SIM3
SIM4
1
21
22
SIM5
SIM1
SIM2
SIM3
SIM4
1
21
22
SIM5
SIM1
SIM2
SIM3
SIM4
1
21
22
SIM5
SIM1
SIM2
SIM3
SIM4
1
21
22
SIM5
SIM1
SIM2
SIM3
SIM4
1
21
22
SIM5
SIM1
SIM2
SIM3
SIM4
1
21
22
SIM5
SIM1
SIM2
SIM3
SIM4
1
21
22
SIM5
SIM1
SIM2
SIM3
SIM4
1
21
22
SIM5
SIM1
SIM2
SIM3
SIM4
1
21
22
SIM5
SIM1
SIM2
SIM3
SIM4
1
21
22
SIM5
SIM1
SIM2
SIM3
SIM4
1
21
22
SIM5
SIM1
SIM2
SIM3
SIM4
1
21
22
SIM5
SIM1
SIM2
SIM3
SIM4
1
21
22
SIM5
SIM1
SIM2
SIM3
SIM4
1
21
22
SIM5
SIM1
SIM2
SIM3
SIM4
1
21
22
SIM5
SIM1
SIM2
SIM3
SIM4
1
21
22
SIM5
SIM1
SIM2
SIM3
SIM4
1
21
22
SIM5
SIM1
SIM2
SIM3
SIM4
1
21
22
SIM5
SIM1
SIM2
SIM3
SIM4
1
21
22
SIM5
SIM1
SIM2
SIM3
SIM4
1
21
22
SIM5
SIM1
SIM2
SIM3
SIM4
1
21
22
SIM5
SIM1
SIM2
SIM3
SIM4
1
21
22
SIM5
SIM1
SIM2
SIM3
SIM4
1
21
22
SIM5
SIM1
SIM2
SIM3
SIM4
1
21
22
SIM5
SIM1
SIM2
SIM3
SIM4
1
21
22
SIM5
SIM1
SIM2
SIM3
SIM4
1
21
22
SIM5
SIM1
SIM2
SIM3
SIM4
1
21
22
SIM5
SIM1
SIM2
SIM3
SIM4
1
21
22
SIM5
SIM1
SIM2
SIM3
SIM4
1
21
22
SIM5
SIM1
SIM2
SIM3
SIM4
1
21
22
SIM5
SIM1
SIM2
SIM3
SIM4
1
21
22
SIM5
SIM1
SIM2
DEBUG 1 814
SIM1
SIM2
SIM3
SIM4
1
21
22
SIM5
SIM1
SIM2
SIM3
SIM4
1
21
22
SIM5
SIM1
SIM2
SIM3
SIM4
1
21
22
SIM5
SIM1
SIM2
SIM3
SIM4
1
21
22
SIM5
SIM1
SIM2
SIM3
SIM4
1
21
22
SIM5
SIM1
SIM2
SIM3
SIM4
1
21
22
SIM5
SIM1
SIM2
SIM3
SIM4
1
21
22
SIM5
SIM1
SIM2
SIM3
SIM4
1
21
22
SIM5
SIM1
SIM2
SIM3
SIM4
1
21
22
SIM5
SIM1
SIM2
SIM3
SIM4
1
21
22
SIM5
SIM1
SIM2
SIM3
SIM4
1
21
22
SIM5
SIM1
SIM2
SIM3
SIM4
1
21
22
SIM5
SIM1
SIM2
SIM3
SIM4
1
21
22
SIM5
SIM1
SIM2
SIM3
SIM4
1
21
22
SIM5
SIM1
SIM2
SIM3
SIM4
1
21
22
SIM5
SIM1
SIM2
SIM3
SIM4
1
21
22
SIM5
SIM1
SIM2
SIM3
SIM4
1
21
22
SIM5
SIM1
SIM2
SIM3
SIM4
1
21
22
SIM5
SIM1
SIM2
SIM3
SIM4
1
21
22
SIM5
SIM1
SIM2
SIM3
SIM4
1
21
22
SIM5
SIM1
SIM2
SIM3
SIM4
1
21
22
SIM5
SIM1
SIM2
SIM3
SIM4
1
21
22
SIM5
SIM1
SIM2
SIM3
SIM4
1
21
22
SIM5
SIM1
SIM2
SIM3
SIM4
1
21
22
SIM5
SIM1
SIM2
SIM3
SIM4
1
21
22
SIM5
SIM1
SIM2
SIM3
SIM4
1
21
22
SIM5
SIM1
SIM2
SIM3
SIM4
1
21
22
SIM5
SIM1
SIM2
SIM3
SIM4
1
21
22
SIM5
SIM1
SIM2
SIM3
SIM4
1
21
22
SIM5
SIM1
SIM2
SIM3
SIM4
1
21
22
SIM5
SIM1
SIM2
SIM3
SIM4
1
21
22
SIM5
SIM1
SIM2
SIM3
SIM4
1
21
22
SIM5
SIM1
SIM2
SIM3
SIM4
1
21
22
SIM5
SIM1
SIM2
SIM3
SIM4
1
21
22
SIM5
SIM1
SIM2
SIM3
SIM4
1
21
22
SIM5
SIM1
SIM2
SIM3
SIM4
1
21
22
SIM5
SIM1
SIM2
SIM3
SIM4
1
21
22
SIM5
SIM1
SIM2
SIM3
SIM4
1
21
22
SIM5
SIM1
SIM2
SIM3
SIM4
1
21
22
SIM5
SIM1
SIM2
SIM3
SIM4
1
21
22
SIM5
SIM1
SIM2
SIM3
SIM4
1
21
22
SIM5
SIM1
SIM2
SIM3
SIM4
1
21
22
SIM5
SIM1
SIM2
SIM3
SIM4
1
21
22
SIM5
SIM1
SIM2
SIM3
SIM4
1
21
22
SIM5
SIM1
SIM2
SIM3
SIM4
1
21
22
SIM5
SIM1
SIM2
SIM3
SIM4
1
21
22
SIM5
SIM1
SIM2
SIM3
SIM4
1
21
22
SIM5
SIM1
SIM2
SIM3
SIM4
1
21
22
SIM5
SIM1
SIM2
SIM3
SIM4
1
21
22
SIM5
SIM1
SIM2
SIM3
SIM4
1
21
22
SIM5
SIM1
SIM2
SIM3
SIM4
1
21
22
SIM5
SIM1
SIM2
SIM3
SIM4
1
21
22
SIM5
SIM1
SIM2
SIM3
SIM4
1
21
22
SIM5
SIM1
SIM2
SIM3
SIM4
1
21
22
SIM5
SIM1
SIM2
SIM3
SIM4
1
21
22
SIM5
SIM1
SIM2
SIM3
SIM4
1
21
22
SIM5
SIM1
SIM2
SIM3
SIM4
1
21
22
SIM5
SIM1
SIM2
SIM3
SIM4
1
21
22
SIM5
SIM1
SIM2
SIM3
SIM4
1
21
22
SIM5
SIM1
SIM2
SIM3
SIM4
1
21
22
SIM5
SIM1
SIM2
SIM3
SIM4
1
21
22
SIM5
SIM1
SIM2
SIM3
SIM4
1
21
22
SIM5
SIM1
SIM2
SIM3
SIM4
1
21
22
SIM5
SIM1
SIM2
SIM3
SIM4
1
21
22
SIM5
SIM1
SIM2
SIM3
SIM4
1
21
22
SIM5
SIM1
SIM2
SIM3
SIM4
1
21
22
SIM5
SIM1
SIM2
SIM3
SIM4
1
21
22
SIM5
SIM1
SIM2
SIM3
SIM4
1
21
22
SIM5
SIM1
SIM2
SIM3
SIM4
1
21
22
SIM5
SIM1
SIM2
SIM3
SIM4
1
21
22
SIM5
SIM1
SIM2
SIM3
SIM4
1
21
22
SIM5
SIM1
SIM2
SIM3
SIM4
1
21
22
SIM5
SIM1
SIM2
SIM3
SIM4
1
21
22
SIM5
SIM1
SIM2
SIM3
SIM4
1
21
22
SIM5
SIM1
SIM2
SIM3
SIM4
1
21
22
SIM5
SIM1
SIM2
SIM3
SIM4
1
21
22
SIM5
SIM1
SIM2
SIM3
SIM4
1
21
22
SIM5
SIM1
SIM2
SIM3
SIM4
1
21
22
SIM5
SIM1
SIM2
SIM3
SIM4
1
21
22
SIM5
SIM1
SIM2
SIM3
SIM4
1
21
22
SIM5
SIM1
SIM2
SIM3
SIM4
1
21
22
SIM5
SIM1
SIM2
SIM3
SIM4
1
21
22
SIM5
SIM1
SIM2
SIM3
SIM4
1
21
22
SIM5
SIM1
SIM2
SIM3
SIM4
1
21
22
SIM5
SIM1
SIM2
SIM3
SIM4
1
21
22
SIM5
SIM1
SIM2
SIM3
SIM4
1
21
22
SIM5
SIM1
SIM2
SIM3
SIM4
1
21
22
SIM5
SIM1
SIM2
SIM3
SIM4
1
21
22
SIM5
SIM1
SIM2
SIM3
SIM4
1
21
22
SIM5
SIM1
SIM2
SIM3
SIM4
1
21
22
SIM5
SIM1
SIM2
SIM3
SIM4
1
21
22
SIM5
SIM1
SIM2
SIM3
SIM4
1
21
22
SIM5
SIM1
SIM2
SIM3
SIM4
1
21
22
SIM5
SIM1
SIM2
SIM3
SIM4
1
21
22
SIM5
SIM1
SIM2
SIM3
SIM4
1
21
22
SIM5
SIM1
SIM2
SIM3
SIM4
1
21
22
SIM5
SIM1
SIM2
SIM3
SIM4
1
21
22
SIM5
SIM1
SIM2
SIM3
SIM4
1
21
22
SIM5
SIM1
SIM2
SIM3
SIM4
1
21
22
SIM5
SIM1
SIM2
SIM3
SIM4
1
21
22
SIM5
SIM1
SIM2
SIM3
SIM4
1
21
22
SIM5
SIM1
SIM2
SIM3
SIM4
1
21
22
SIM5
SIM1
SIM2
SIM3
SIM4
1
21
22
SIM5
SIM1
SIM2
SIM3
SIM4
1
21
22
SIM5
SIM1
SIM2
SIM3
SIM4
1
21
22
SIM5
SIM1
SIM2
SIM3
SIM4
1
21
22
SIM5
SIM1
SIM2
SIM3
SIM4
1
21
22
SIM5
SIM1
SIM2
SIM3
SIM4
1
21
22
SIM5
SIM1
SIM2
SIM3
SIM4
1
21
22
SIM5
SIM1
SIM2
SIM3
SIM4
1
21
22
SIM5
SIM1
SIM2
SIM3
SIM4
1
21
22
SIM5
SIM1
SIM2
SIM3
SIM4
1
21
22
SIM5
SIM1
SIM2
SIM3
SIM4
1
21
22
SIM5
SIM1
SIM2
SIM3
SIM4
1
21
22
SIM5
SIM1
SIM2
SIM3
SIM4
1
21
22
SIM5
SIM1
SIM2
SIM3
SIM4
1
21
22
SIM5
SIM1
SIM2
SIM3
SIM4
1
21
22
SIM5
SIM1
SIM2
SIM3
SIM4
1
21
22
SIM5
SIM1
SIM2
SIM3
SIM4
1
21
22
SIM5
SIM1
SIM2
SIM3
SIM4
1
21
22
SIM5
SIM1
SIM2
SIM3
SIM4
1
21
22
SIM5
SIM1
SIM2
SIM3
SIM4
1
21
22
SIM5
SIM1
SIM2
SIM3
SIM4
1
21
22
SIM5
SIM1
SIM2
SIM3
SIM4
1
21
22
SIM5
SIM1
SIM2
SIM3
SIM4
1
21
22
SIM5
SIM1
SIM2
SIM3
SIM4
1
21
22
SIM5
SIM1
SIM2
SIM3
SIM4
1
21
22
SIM5
SIM1
SIM2
SIM3
SIM4
1
21
22
SIM5
SIM1
SIM2
SIM3
SIM4
1
21
22
SIM5
SIM1
SIM2
SIM3
SIM4
1
21
22
SIM5
SIM1
SIM2
SIM3
SIM4
1
21
22
SIM5
SIM1
SIM2
SIM3
SIM4
1
21
22
SIM5
SIM1
SIM2
SIM3
SIM4
1
21
22
SIM5
SIM1
SIM2
DEBUG 1 815
SIM1
SIM2
SIM3
SIM4
1
21
22
SIM5
SIM1
SIM2
SIM3
SIM4
1
21
22
SIM5
SIM1
SIM2
SIM3
SIM4
1
21
22
SIM5
SIM1
SIM2
SIM3
SIM4
1
21
22
SIM5
SIM1
SIM2
SIM3
SIM4
1
21
22
SIM5
SIM1
SIM2
SIM3
SIM4
1
21
22
SIM5
SIM1
SIM2
SIM3
SIM4
1
21
22
SIM5
SIM1
SIM2
SIM3
SIM4
1
21
22
SIM5
SIM1
SIM2
SIM3
SIM4
1
21
22
SIM5
SIM1
SIM2
SIM3
SIM4
1
21
22
SIM5
SIM1
SIM2
SIM3
SIM4
1
21
22
SIM5
SIM1
SIM2
SIM3
SIM4
1
21
22
SIM5
SIM1
SIM2
SIM3
SIM4
1
21
22
SIM5
SIM1
SIM2
SIM3
SIM4
1
21
22
SIM5
SIM1
SIM2
SIM3
SIM4
1
21
22
SIM5
SIM1
SIM2
SIM3
SIM4
1
21
22
SIM5
SIM1
SIM2
SIM3
SIM4
1
21
22
SIM5
SIM1
SIM2
SIM3
SIM4
1
21
22
SIM5
SIM1
SIM2
SIM3
SIM4
1
21
22
SIM5
SIM1
SIM2
SIM3
SIM4
1
21
22
SIM5
SIM1
SIM2
SIM3
SIM4
1
21
22
SIM5
SIM1
SIM2
SIM3
SIM4
1
21
22
SIM5
SIM1
SIM2
SIM3
SIM4
1
21
22
SIM5
SIM1
SIM2
SIM3
SIM4
1
21
22
SIM5
SIM1
SIM2
SIM3
SIM4
1
21
22
SIM5
SIM1
SIM2
SIM3
SIM4
1
21
22
SIM5
SIM1
SIM2
SIM3
SIM4
1
21
22
SIM5
SIM1
SIM2
SIM3
SIM4
1
21
22
SIM5
SIM1
SIM2
SIM3
SIM4
1
21
22
SIM5
SIM1
SIM2
SIM3
SIM4
1
21
22
SIM5
SIM1
SIM2
SIM3
SIM4
1
21
22
SIM5
SIM1
SIM2
SIM3
SIM4
1
21
22
SIM5
SIM1
SIM2
SIM3
SIM4
1
21
22
SIM5
SIM1
SIM2
SIM3
SIM4
1
21
22
SIM5
SIM1
SIM2
SIM3
SIM4
1
21
22
SIM5
SIM1
SIM2
SIM3
SIM4
1
21
22
SIM5
SIM1
SIM2
SIM3
SIM4
1
21
22
SIM5
SIM1
SIM2
SIM3
SIM4
1
21
22
SIM5
SIM1
SIM2
SIM3
SIM4
1
21
22
SIM5
SIM1
SIM2
SIM3
SIM4
1
21
22
SIM5
SIM1
SIM2
SIM3
SIM4
1
21
22
SIM5
SIM1
SIM2
SIM3
SIM4
1
21
22
SIM5
SIM1
SIM2
SIM3
SIM4
1
21
22
SIM5
SIM1
SIM2
SIM3
SIM4
1
21
22
SIM5
SIM1
SIM2
SIM3
SIM4
1
21
22
SIM5
SIM1
SIM2
SIM3
SIM4
1
21
22
SIM5
SIM1
SIM2
SIM3
SIM4
1
21
22
SIM5
SIM1
SIM2
SIM3
SIM4
1
21
22
SIM5
SIM1
SIM2
SIM3
SIM4
1
21
22
SIM5
SIM1
SIM2
SIM3
SIM4
1
21
22
SIM5
SIM1
SIM2
SIM3
SIM4
1
21
22
SIM5
SIM1
SIM2
SIM3
SIM4
1
21
22
SIM5
SIM1
SIM2
SIM3
SIM4
1
21
22
SIM5
SIM1
SIM2
SIM3
SIM4
1
21
22
SIM5
SIM1
SIM2
SIM3
SIM4
1
21
22
SIM5
SIM1
SIM2
SIM3
SIM4
1
21
22
SIM5
SIM1
SIM2
SIM3
SIM4
1
21
22
SIM5
SIM1
SIM2
SIM3
SIM4
1
21
22
SIM5
SIM1
SIM2
SIM3
SIM4
1
21
22
SIM5
SIM1
SIM2
SIM3
SIM4
1
21
22
SIM5
SIM1
SIM2
SIM3
SIM4
1
21
22
SIM5
SIM1
SIM2
SIM3
SIM4
1
21
22
SIM5
SIM1
SIM2
SIM3
SIM4
1
21
22
SIM5
SIM1
SIM2
SIM3
SIM4
1
21
22
SIM5
SIM1
SIM2
SIM3
SIM4
1
21
22
SIM5
SIM1
SIM2
SIM3
SIM4
1
21
22
SIM5
SIM1
SIM2
SIM3
SIM4
1
21
22
SIM5
SIM1
SIM2
SIM3
SIM4
1
21
22
SIM5
SIM1
SIM2
SIM3
SIM4
1
21
22
SIM5
SIM1
SIM2
SIM3
SIM4
1
21
22
SIM5
SIM1
SIM2
SIM3
SIM4
1
21
22
SIM5
SIM1
SIM2
SIM3
SIM4
1
21
22
SIM5
SIM1
SIM2
SIM3
SIM4
1
21
22
SIM5
SIM1
SIM2
SIM3
SIM4
1
21
22
SIM5
SIM1
SIM2
SIM3
SIM4
1
21
22
SIM5
SIM1
SIM2
SIM3
SIM4
1
21
22
SIM5
SIM1
SIM2
SIM3
SIM4
1
21
22
SIM5
SIM1
SIM2
SIM3
SIM4
1
21
22
SIM5
SIM1
SIM2
SIM3
SIM4
1
21
22
SIM5
SIM1
SIM2
SIM3
SIM4
1
21
22
SIM5
SIM1
SIM2
SIM3
SIM4
1
21
22
SIM5
SIM1
SIM2
SIM3
SIM4
1
21
22
SIM5
SIM1
SIM2
SIM3
SIM4
1
21
22
SIM5
SIM1
SIM2
SIM3
SIM4
1
21
22
SIM5
SIM1
SIM2
SIM3
SIM4
1
21
22
SIM5
SIM1
SIM2
SIM3
SIM4
1
21
22
SIM5
SIM1
SIM2
SIM3
SIM4
1
21
22
SIM5
SIM1
SIM2
SIM3
SIM4
1
21
22
SIM5
SIM1
SIM2
SIM3
SIM4
1
21
22
SIM5
SIM1
SIM2
SIM3
SIM4
1
21
22
SIM5
SIM1
SIM2
SIM3
SIM4
1
21
22
SIM5
SIM1
SIM2
SIM3
SIM4
1
21
22
SIM5
SIM1
SIM2
SIM3
SIM4
1
21
22
SIM5
SIM1
SIM2
SIM3
SIM4
1
21
22
SIM5
SIM1
SIM2
SIM3
SIM4
1
21
22
SIM5
SIM1
SIM2
SIM3
SIM4
1
21
22
SIM5
SIM1
SIM2
SIM3
SIM4
1
21
22
SIM5
SIM1
SIM2
SIM3
SIM4
1
21
22
SIM5
SIM1
SIM2
SIM3
SIM4
1
21
22
SIM5
SIM1
SIM2
SIM3
SIM4
1
21
22
SIM5
SIM1
SIM2
SIM3
SIM4
1
21
22
SIM5
SIM1
SIM2
SIM3
SIM4
1
21
22
SIM5
SIM1
SIM2
SIM3
SIM4
1
21
22
SIM5
SIM1
SIM2
SIM3
SIM4
1
21
22
SIM5
SIM1
SIM2
SIM3
SIM4
1
21
22
SIM5
SIM1
SIM2
SIM3
SIM4
1
21
22
SIM5
SIM1
SIM2
SIM3
SIM4
1
21
22
SIM5
SIM1
SIM2
SIM3
SIM4
1
21
22
SIM5
SIM1
SIM2
SIM3
SIM4
1
21
22
SIM5
SIM1
SIM2
SIM3
SIM4
1
21
22
SIM5
SIM1
SIM2
SIM3
SIM4
1
21
22
SIM5
SIM1
SIM2
SIM3
SIM4
1
21
22
SIM5
SIM1
SIM2
SIM3
SIM4
1
21
22
SIM5
SIM1
SIM2
SIM3
SIM4
1
21
22
SIM5
SIM1
SIM2
SIM3
SIM4
1
21
22
SIM5
SIM1
SIM2
SIM3
SIM4
1
21
22
SIM5
SIM1
SIM2
SIM3
SIM4
1
21
22
SIM5
SIM1
SIM2
SIM3
SIM4
1
21
22
SIM5
SIM1
SIM2
SIM3
SIM4
1
21
22
SIM5
SIM1
SIM2
SIM3
SIM4
1
21
22
SIM5
SIM1
SIM2
SIM3
SIM4
1
21
22
SIM5
SIM1
SIM2
SIM3
SIM4
1
21
22
SIM5
SIM1
SIM2
SIM3
SIM4
1
21
22
SIM5
SIM1
SIM2
SIM3
SIM4
1
21
22
SIM5
SIM1
SIM2
SIM3
SIM4
1
21
22
SIM5
SIM1
SIM2
SIM3
SIM4
1
21
22
SIM5
SIM1
SIM2
SIM3
SIM4
1
21
22
SIM5
SIM1
SIM2
SIM3
SIM4
1
21
22
SIM5
SIM1
SIM2
SIM3
SIM4
1
21
22
SIM5
SIM1
SIM2
SIM3
SIM4
1
21
22
SIM5
SIM1
SIM2
SIM3
SIM4
1
21
22
SIM5
SIM1
SIM2
SIM3
SIM4
1
21
22
SIM5
SIM1
SIM2
SIM3
SIM4
1
21
22
SIM5
SIM1
SIM2
SIM3
SIM4
1
21
22
SIM5
SIM1
SIM2
SIM3
SIM4
1
21
22
SIM5
SIM1
SIM2
SIM3
SIM4
1
21
22
SIM5
SIM1
SIM2
SIM3
SIM4
1
21
22
SIM5
SIM1
SIM2
SIM3
SIM4
1
21
22
SIM5
SIM1
SIM2
SIM3
SIM4
1
21
22
SIM5
SIM1
SIM2
SIM3
SIM4
1
21
22
SIM5
SIM1
SIM2
SIM3
SIM4
1
21
22
SIM5
SIM1
SIM2
SIM3
SIM4
1
21
22
SIM5
SIM1
SIM2
SIM3
SIM4
1
21
22
SIM5
SIM1
SIM2
SIM3
SIM4
1
21
22
SIM5
SIM1
SIM2
SIM3
SIM4
1
21
22
SIM5
SIM1
SIM2
SIM3
SIM4
1
21
22
SIM5
SIM1
SIM2
SIM3
SIM4
1
21
22
SIM5
SIM1
SIM2
SIM3
SIM4
1
21
22
SIM5
SIM1
SIM2
SIM3
SIM4
1
21
22
SIM5
SIM1
SIM2
SIM3
SIM4
1
21
22
SIM5
SIM1
SIM2
SIM3
SIM4
1
21
22
SIM5
SIM1
SIM2
SIM3
SIM4
1
21
22
SIM5
SIM1
SIM2
SIM3
SIM4
1
21
22
SIM5
SIM1
SIM2
SIM3
SIM4
1
21
22
SIM5
SIM1
SIM2
SIM3
SIM4
1
21
22
SIM5
SIM1
SIM2
SIM3
SIM4
1
21
22
SIM5
SIM1
SIM2
SIM3
SIM4
1
21
22
SIM5
SIM1
SIM2
SIM3
SIM4
1
21
22
SIM5
SIM1
SIM2
DEBUG 1 816
SIM1
SIM2
SIM3
SIM4
1
21
22
SIM5
SIM1
SIM2
SIM3
SIM4
1
21
22
SIM5
SIM1
SIM2
SIM3
SIM4
1
21
22
SIM5
SIM1
SIM2
SIM3
SIM4
1
21
22
SIM5
SIM1
SIM2
SIM3
SIM4
1
21
22
SIM5
SIM1
SIM2
SIM3
SIM4
1
21
22
SIM5
SIM1
SIM2
SIM3
SIM4
1
21
22
SIM5
SIM1
SIM2
SIM3
SIM4
1
21
22
SIM5
SIM1
SIM2
SIM3
SIM4
1
21
22
SIM5
SIM1
SIM2
SIM3
SIM4
1
21
22
SIM5
SIM1
SIM2
SIM3
SIM4
1
21
22
SIM5
SIM1
SIM2
SIM3
SIM4
1
21
22
SIM5
SIM1
SIM2
SIM3
SIM4
1
21
22
SIM5
SIM1
SIM2
SIM3
SIM4
1
21
22
SIM5
SIM1
SIM2
SIM3
SIM4
1
21
22
SIM5
SIM1
SIM2
SIM3
SIM4
1
21
22
SIM5
SIM1
SIM2
SIM3
SIM4
1
21
22
SIM5
SIM1
SIM2
SIM3
SIM4
1
21
22
SIM5
SIM1
SIM2
SIM3
SIM4
1
21
22
SIM5
SIM1
SIM2
SIM3
SIM4
1
21
22
SIM5
SIM1
SIM2
SIM3
SIM4
1
21
22
SIM5
SIM1
SIM2
SIM3
SIM4
1
21
22
SIM5
SIM1
SIM2
SIM3
SIM4
1
21
22
SIM5
SIM1
SIM2
SIM3
SIM4
1
21
22
SIM5
SIM1
SIM2
SIM3
SIM4
1
21
22
SIM5
SIM1
SIM2
SIM3
SIM4
1
21
22
SIM5
SIM1
SIM2
SIM3
SIM4
1
21
22
SIM5
SIM1
SIM2
SIM3
SIM4
1
21
22
SIM5
SIM1
SIM2
SIM3
SIM4
1
21
22
SIM5
SIM1
SIM2
SIM3
SIM4
1
21
22
SIM5
SIM1
SIM2
SIM3
SIM4
1
21
22
SIM5
SIM1
SIM2
SIM3
SIM4
1
21
22
SIM5
SIM1
SIM2
SIM3
SIM4
1
21
22
SIM5
SIM1
SIM2
SIM3
SIM4
1
21
22
SIM5
SIM1
SIM2
SIM3
SIM4
1
21
22
SIM5
SIM1
SIM2
SIM3
SIM4
1
21
22
SIM5
SIM1
SIM2
SIM3
SIM4
1
21
22
SIM5
SIM1
SIM2
SIM3
SIM4
1
21
22
SIM5
SIM1
SIM2
SIM3
SIM4
1
21
22
SIM5
SIM1
SIM2
SIM3
SIM4
1
21
22
SIM5
SIM1
SIM2
SIM3
SIM4
1
21
22
SIM5
SIM1
SIM2
SIM3
SIM4
1
21
22
SIM5
SIM1
SIM2
SIM3
SIM4
1
21
22
SIM5
SIM1
SIM2
SIM3
SIM4
1
21
22
SIM5
SIM1
SIM2
SIM3
SIM4
1
21
22
SIM5
SIM1
SIM2
SIM3
SIM4
1
21
22
SIM5
SIM1
SIM2
SIM3
SIM4
1
21
22
SIM5
SIM1
SIM2
SIM3
SIM4
1
21
22
SIM5
SIM1
SIM2
SIM3
SIM4
1
21
22
SIM5
SIM1
SIM2
SIM3
SIM4
1
21
22
SIM5
SIM1
SIM2
SIM3
SIM4
1
21
22
SIM5
SIM1
SIM2
SIM3
SIM4
1
21
22
SIM5
SIM1
SIM2
SIM3
SIM4
1
21
22
SIM5
SIM1
SIM2
SIM3
SIM4
1
21
22
SIM5
SIM1
SIM2
SIM3
SIM4
1
21
22
SIM5
SIM1
SIM2
SIM3
SIM4
1
21
22
SIM5
SIM1
SIM2
SIM3
SIM4
1
21
22
SIM5
SIM1
SIM2
SIM3
SIM4
1
21
22
SIM5
SIM1
SIM2
SIM3
SIM4
1
21
22
SIM5
SIM1
SIM2
SIM3
SIM4
1
21
22
SIM5
SIM1
SIM2
SIM3
SIM4
1
21
22
SIM5
SIM1
SIM2
SIM3
SIM4
1
21
22
SIM5
SIM1
SIM2
SIM3
SIM4
1
21
22
SIM5
SIM1
SIM2
SIM3
SIM4
1
21
22
SIM5
SIM1
SIM2
SIM3
SIM4
1
21
22
SIM5
SIM1
SIM2
SIM3
SIM4
1
21
22
SIM5
SIM1
SIM2
SIM3
SIM4
1
21
22
SIM5
SIM1
SIM2
SIM3
SIM4
1
21
22
SIM5
SIM1
SIM2
SIM3
SIM4
1
21
22
SIM5
SIM1
SIM2
SIM3
SIM4
1
21
22
SIM5
SIM1
SIM2
SIM3
SIM4
1
21
22
SIM5
SIM1
SIM2
SIM3
SIM4
1
21
22
SIM5
SIM1
SIM2
SIM3
SIM4
1
21
22
SIM5
SIM1
SIM2
SIM3
SIM4
1
21
22
SIM5
SIM1
SIM2
SIM3
SIM4
1
21
22
SIM5
SIM1
SIM2
SIM3
SIM4
1
21
22
SIM5
SIM1
SIM2
SIM3
SIM4
1
21
22
SIM5
SIM1
SIM2
SIM3
SIM4
1
21
22
SIM5
SIM1
SIM2
SIM3
SIM4
1
21
22
SIM5
SIM1
SIM2
SIM3
SIM4
1
21
22
SIM5
SIM1
SIM2
SIM3
SIM4
1
21
22
SIM5
SIM1
SIM2
SIM3
SIM4
1
21
22
SIM5
SIM1
SIM2
SIM3
SIM4
1
21
22
SIM5
SIM1
SIM2
SIM3
SIM4
1
21
22
SIM5
SIM1
SIM2
SIM3
SIM4
1
21
22
SIM5
SIM1
SIM2
SIM3
SIM4
1
21
22
SIM5
SIM1
SIM2
SIM3
SIM4
1
21
22
SIM5
SIM1
SIM2
SIM3
SIM4
1
21
22
SIM5
SIM1
SIM2
SIM3
SIM4
1
21
22
SIM5
SIM1
SIM2
SIM3
SIM4
1
21
22
SIM5
SIM1
SIM2
SIM3
SIM4
1
21
22
SIM5
SIM1
SIM2
SIM3
SIM4
1
21
22
SIM5
SIM1
SIM2
SIM3
SIM4
1
21
22
SIM5
SIM1
SIM2
SIM3
SIM4
1
21
22
SIM5
SIM1
SIM2
SIM3
SIM4
1
21
22
SIM5
SIM1
SIM2
SIM3
SIM4
1
21
22
SIM5
SIM1
SIM2
SIM3
SIM4
1
21
22
SIM5
SIM1
SIM2
SIM3
SIM4
1
21
22
SIM5
SIM1
SIM2
SIM3
SIM4
1
21
22
SIM5
SIM1
SIM2
SIM3
SIM4
1
21
22
SIM5
SIM1
SIM2
SIM3
SIM4
1
21
22
SIM5
SIM1
SIM2
SIM3
SIM4
1
21
22
SIM5
SIM1
SIM2
SIM3
SIM4
1
21
22
SIM5
SIM1
SIM2
SIM3
SIM4
1
21
22
SIM5
SIM1
SIM2
SIM3
SIM4
1
21
22
SIM5
SIM1
SIM2
SIM3
SIM4
1
21
22
SIM5
SIM1
SIM2
SIM3
SIM4
1
21
22
SIM5
SIM1
SIM2
SIM3
SIM4
1
21
22
SIM5
SIM1
SIM2
SIM3
SIM4
1
21
22
SIM5
SIM1
SIM2
SIM3
SIM4
1
21
22
SIM5
SIM1
SIM2
SIM3
SIM4
1
21
22
SIM5
SIM1
SIM2
SIM3
SIM4
1
21
22
SIM5
SIM1
SIM2
SIM3
SIM4
1
21
22
SIM5
SIM1
SIM2
SIM3
SIM4
1
21
22
SIM5
SIM1
SIM2
SIM3
SIM4
1
21
22
SIM5
SIM1
SIM2
SIM3
SIM4
1
21
22
SIM5
SIM1
SIM2
SIM3
SIM4
1
21
22
SIM5
SIM1
SIM2
SIM3
SIM4
1
21
22
SIM5
SIM1
SIM2
SIM3
SIM4
1
21
22
SIM5
SIM1
SIM2
SIM3
SIM4
1
21
22
SIM5
SIM1
SIM2
SIM3
SIM4
1
21
22
SIM5
SIM1
SIM2
SIM3
SIM4
1
21
22
SIM5
SIM1
SIM2
SIM3
SIM4
1
21
22
SIM5
SIM1
SIM2
SIM3
SIM4
1
21
22
SIM5
SIM1
SIM2
SIM3
SIM4
1
21
22
SIM5
SIM1
SIM2
SIM3
SIM4
1
21
22
SIM5
SIM1
SIM2
SIM3
SIM4
1
21
22
SIM5
SIM1
SIM2
SIM3
SIM4
1
21
22
SIM5
SIM1
SIM2
SIM3
SIM4
1
21
22
SIM5
SIM1
SIM2
SIM3
SIM4
1
21
22
SIM5
SIM1
SIM2
SIM3
SIM4
1
21
22
SIM5
SIM1
SIM2
SIM3
SIM4
1
21
22
SIM5
SIM1
SIM2
SIM3
SIM4
1
21
22
SIM5
SIM1
SIM2
SIM3
SIM4
1
21
22
SIM5
SIM1
SIM2
SIM3
SIM4
1
21
22
SIM5
SIM1
SIM2
SIM3
SIM4
1
21
22
SIM5
SIM1
SIM2
SIM3
SIM4
1
21
22
SIM5
SIM1
SIM2
SIM3
SIM4
1
21
22
SIM5
SIM1
SIM2
SIM3
SIM4
1
21
22
SIM5
SIM1
SIM2
SIM3
SIM4
1
21
22
SIM5
SIM1
SIM2
SIM3
SIM4
1
21
22
SIM5
SIM1
SIM2
SIM3
SIM4
1
21
22
SIM5
SIM1
SIM2
SIM3
SIM4
1
21
22
SIM5
SIM1
SIM2
SIM3
SIM4
1
21
22
SIM5
SIM1
SIM2
SIM3
SIM4
1
21
22
SIM5
SIM1
SIM2
SIM3
SIM4
1
21
22
SIM5
SIM1
SIM2
SIM3
SIM4
1
21
22
SIM5
SIM1
SIM2
SIM3
SIM4
1
21
22
SIM5
SIM1
SIM2
SIM3
SIM4
1
21
22
SIM5
SIM1
SIM2
SIM3
SIM4
1
21
22
SIM5
SIM1
SIM2
SIM3
SIM4
1
21
22
SIM5
SIM1
SIM2
SIM3
SIM4
1
21
22
SIM5
SIM1
SIM2
SIM3
SIM4
1
21
22
SIM5
SIM1
SIM2
SIM3
SIM4
1
21
22
SIM5
SIM1
SIM2
SIM3
SIM4
1
21
22
SIM5
SIM1
SIM2
SIM3
SIM4
1
21
22
SIM5
SIM1
SIM2
SIM3
SIM4
1
21
22
SIM5
SIM1
SIM2
SIM3
SIM4
1
21
22
SIM5
SIM1
SIM2
SIM3
SIM4
1
21
22
SIM5
SIM1
SIM2
SIM3
SIM4
1
21
22
SIM5
SIM1
SIM2
SIM3
SIM4
1
21
22
SIM5
SIM1
SIM2
SIM3
SIM4
1
21
22
SIM5
SIM1
SIM2
SIM3
SIM4
1
21
22
SIM5
SIM1
SIM2
SIM3
SIM4
1
21
22
SIM5
SIM1
SIM2
SIM3
SIM4
1
21
22
SIM5
SIM1
SIM2
SIM3
SIM4
1
21
22
SIM5
SIM1
SIM2
SIM3
SIM4
1
21
22
SIM5
SIM1
SIM2
SIM3
SIM4
1
21
22
SIM5
SIM1
SIM2
SIM3
SIM4
1
21
22
SIM5
SIM1
SIM2
SIM3
SIM4
1
21
22
SIM5
SIM1
SIM2
SIM3
SIM4
1
21
22
SIM5
SIM1
SIM2
SIM3
SIM4
1
21
22
SIM5
SIM1
SIM2
SIM3
SIM4
1
21
22
SIM5
SIM1
SIM2
SIM3
SIM4
1
21
22
SIM5
SIM1
SIM2
SIM3
SIM4
1
21
22
SIM5
SIM1
SIM2
SIM3
SIM4
1
21
22
SIM5
SIM1
SIM2
SIM3
SIM4
1
21
22
SIM5
SIM1
SIM2
SIM3
SIM4
1
21
22
SIM5
SIM1
SIM2
SIM3
SIM4
1
21
22
SIM5
SIM1
SIM2
SIM3
SIM4
1
21
22
SIM5
SIM1
SIM2
SIM3
SIM4
1
21
22
SIM5
SIM1
SIM2
SIM3
SIM4
1
21
22
SIM5
SIM1
SIM2
SIM3
SIM4
1
21
22
SIM5
SIM1
SIM2
DEBUG 1 817
SIM1
SIM2
SIM3
SIM4
1
21
22
SIM5
SIM1
SIM2
SIM3
SIM4
1
21
22
SIM5
SIM1
SIM2
SIM3
SIM4
1
21
22
SIM5
SIM1
SIM2
SIM3
SIM4
1
21
22
SIM5
SIM1
SIM2
SIM3
SIM4
1
21
22
SIM5
SIM1
SIM2
SIM3
SIM4
1
21
22
SIM5
SIM1
SIM2
SIM3
SIM4
1
21
22
SIM5
SIM1
SIM2
SIM3
SIM4
1
21
22
SIM5
SIM1
SIM2
SIM3
SIM4
1
21
22
SIM5
SIM1
SIM2
SIM3
SIM4
1
21
22
SIM5
SIM1
SIM2
SIM3
SIM4
1
21
22
SIM5
SIM1
SIM2
SIM3
SIM4
1
21
22
SIM5
SIM1
SIM2
SIM3
SIM4
1
21
22
SIM5
SIM1
SIM2
SIM3
SIM4
1
21
22
SIM5
SIM1
SIM2
SIM3
SIM4
1
21
22
SIM5
SIM1
SIM2
SIM3
SIM4
1
21
22
SIM5
SIM1
SIM2
SIM3
SIM4
1
21
22
SIM5
SIM1
SIM2
SIM3
SIM4
1
21
22
SIM5
SIM1
SIM2
SIM3
SIM4
1
21
22
SIM5
SIM1
SIM2
SIM3
SIM4
1
21
22
SIM5
SIM1
SIM2
SIM3
SIM4
1
21
22
SIM5
SIM1
SIM2
SIM3
SIM4
1
21
22
SIM5
SIM1
SIM2
SIM3
SIM4
1
21
22
SIM5
SIM1
SIM2
SIM3
SIM4
1
21
22
SIM5
SIM1
SIM2
SIM3
SIM4
1
21
22
SIM5
SIM1
SIM2
SIM3
SIM4
1
21
22
SIM5
SIM1
SIM2
SIM3
SIM4
1
21
22
SIM5
SIM1
SIM2
SIM3
SIM4
1
21
22
SIM5
SIM1
SIM2
SIM3
SIM4
1
21
22
SIM5
SIM1
SIM2
SIM3
SIM4
1
21
22
SIM5
SIM1
SIM2
SIM3
SIM4
1
21
22
SIM5
SIM1
SIM2
SIM3
SIM4
1
21
22
SIM5
SIM1
SIM2
SIM3
SIM4
1
21
22
SIM5
SIM1
SIM2
SIM3
SIM4
1
21
22
SIM5
SIM1
SIM2
SIM3
SIM4
1
21
22
SIM5
SIM1
SIM2
SIM3
SIM4
1
21
22
SIM5
SIM1
SIM2
SIM3
SIM4
1
21
22
SIM5
SIM1
SIM2
SIM3
SIM4
1
21
22
SIM5
SIM1
SIM2
SIM3
SIM4
1
21
22
SIM5
SIM1
SIM2
SIM3
SIM4
1
21
22
SIM5
SIM1
SIM2
SIM3
SIM4
1
21
22
SIM5
SIM1
SIM2
SIM3
SIM4
1
21
22
SIM5
SIM1
SIM2
SIM3
SIM4
1
21
22
SIM5
SIM1
SIM2
SIM3
SIM4
1
21
22
SIM5
SIM1
SIM2
SIM3
SIM4
1
21
22
SIM5
SIM1
SIM2
SIM3
SIM4
1
21
22
SIM5
SIM1
SIM2
SIM3
SIM4
1
21
22
SIM5
SIM1
SIM2
SIM3
SIM4
1
21
22
SIM5
SIM1
SIM2
SIM3
SIM4
1
21
22
SIM5
SIM1
SIM2
SIM3
SIM4
1
21
22
SIM5
SIM1
SIM2
SIM3
SIM4
1
21
22
SIM5
SIM1
SIM2
SIM3
SIM4
1
21
22
SIM5
SIM1
SIM2
SIM3
SIM4
1
21
22
SIM5
SIM1
SIM2
SIM3
SIM4
1
21
22
SIM5
SIM1
SIM2
SIM3
SIM4
1
21
22
SIM5
SIM1
SIM2
SIM3
SIM4
1
21
22
SIM5
SIM1
SIM2
SIM3
SIM4
1
21
22
SIM5
SIM1
SIM2
SIM3
SIM4
1
21
22
SIM5
SIM1
SIM2
SIM3
SIM4
1
21
22
SIM5
SIM1
SIM2
SIM3
SIM4
1
21
22
SIM5
SIM1
SIM2
SIM3
SIM4
1
21
22
SIM5
SIM1
SIM2
SIM3
SIM4
1
21
22
SIM5
SIM1
SIM2
SIM3
SIM4
1
21
22
SIM5
SIM1
SIM2
SIM3
SIM4
1
21
22
SIM5
SIM1
SIM2
SIM3
SIM4
1
21
22
SIM5
SIM1
SIM2
SIM3
SIM4
1
21
22
SIM5
SIM1
SIM2
SIM3
SIM4
1
21
22
SIM5
SIM1
SIM2
SIM3
SIM4
1
21
22
SIM5
SIM1
SIM2
SIM3
SIM4
1
21
22
SIM5
SIM1
SIM2
SIM3
SIM4
1
21
22
SIM5
SIM1
SIM2
SIM3
SIM4
1
21
22
SIM5
SIM1
SIM2
SIM3
SIM4
1
21
22
SIM5
SIM1
SIM2
SIM3
SIM4
1
21
22
SIM5
SIM1
SIM2
SIM3
SIM4
1
21
22
SIM5
SIM1
SIM2
SIM3
SIM4
1
21
22
SIM5
SIM1
SIM2
SIM3
SIM4
1
21
22
SIM5
SIM1
SIM2
SIM3
SIM4
1
21
22
SIM5
SIM1
SIM2
SIM3
SIM4
1
21
22
SIM5
SIM1
SIM2
SIM3
SIM4
1
21
22
SIM5
SIM1
SIM2
SIM3
SIM4
1
21
22
SIM5
SIM1
SIM2
SIM3
SIM4
1
21
22
SIM5
SIM1
SIM2
SIM3
SIM4
1
21
22
SIM5
SIM1
SIM2
SIM3
SIM4
1
21
22
SIM5
SIM1
SIM2
SIM3
SIM4
1
21
22
SIM5
SIM1
SIM2
SIM3
SIM4
1
21
22
SIM5
SIM1
SIM2
SIM3
SIM4
1
21
22
SIM5
SIM1
SIM2
SIM3
SIM4
1
21
22
SIM5
SIM1
SIM2
SIM3
SIM4
1
21
22
SIM5
SIM1
SIM2
SIM3
SIM4
1
21
22
SIM5
SIM1
SIM2
SIM3
SIM4
1
21
22
SIM5
SIM1
SIM2
SIM3
SIM4
1
21
22
SIM5
SIM1
SIM2
SIM3
SIM4
1
21
22
SIM5
SIM1
SIM2
SIM3
SIM4
1
21
22
SIM5
SIM1
SIM2
SIM3
SIM4
1
21
22
SIM5
SIM1
SIM2
SIM3
SIM4
1
21
22
SIM5
SIM1
SIM2
SIM3
SIM4
1
21
22
SIM5
SIM1
SIM2
SIM3
SIM4
1
21
22
SIM5
SIM1
SIM2
SIM3
SIM4
1
21
22
SIM5
SIM1
SIM2
SIM3
SIM4
1
21
22
SIM5
SIM1
SIM2
SIM3
SIM4
1
21
22
SIM5
SIM1
SIM2
SIM3
SIM4
1
21
22
SIM5
SIM1
SIM2
SIM3
SIM4
1
21
22
SIM5
SIM1
SIM2
SIM3
SIM4
1
21
22
SIM5
SIM1
SIM2
SIM3
SIM4
1
21
22
SIM5
SIM1
SIM2
SIM3
SIM4
1
21
22
SIM5
SIM1
SIM2
SIM3
SIM4
1
21
22
SIM5
SIM1
SIM2
SIM3
SIM4
1
21
22
SIM5
SIM1
SIM2
SIM3
SIM4
1
21
22
SIM5
SIM1
SIM2
SIM3
SIM4
1
21
22
SIM5
SIM1
SIM2
SIM3
SIM4
1
21
22
SIM5
SIM1
SIM2
SIM3
SIM4
1
21
22
SIM5
SIM1
SIM2
SIM3
SIM4
1
21
22
SIM5
SIM1
SIM2
SIM3
SIM4
1
21
22
SIM5
SIM1
SIM2
SIM3
SIM4
1
21
22
SIM5
SIM1
SIM2
SIM3
SIM4
1
21
22
SIM5
SIM1
SIM2
SIM3
SIM4
1
21
22
SIM5
SIM1
SIM2
SIM3
SIM4
1
21
22
SIM5
SIM1
SIM2
SIM3
SIM4
1
21
22
SIM5
SIM1
SIM2
SIM3
SIM4
1
21
22
SIM5
SIM1
SIM2
SIM3
SIM4
1
21
22
SIM5
SIM1
SIM2
SIM3
SIM4
1
21
22
SIM5
SIM1
SIM2
SIM3
SIM4
1
21
22
SIM5
SIM1
SIM2
SIM3
SIM4
1
21
22
SIM5
SIM1
SIM2
SIM3
SIM4
1
21
22
SIM5
SIM1
SIM2
SIM3
SIM4
1
21
22
SIM5
SIM1
SIM2
SIM3
SIM4
1
21
22
SIM5
SIM1
SIM2
SIM3
SIM4
1
21
22
SIM5
SIM1
SIM2
SIM3
SIM4
1
21
22
SIM5
SIM1
SIM2
SIM3
SIM4
1
21
22
SIM5
SIM1
SIM2
SIM3
SIM4
1
21
22
SIM5
SIM1
SIM2
SIM3
SIM4
1
21
22
SIM5
SIM1
SIM2
SIM3
SIM4
1
21
22
SIM5
SIM1
SIM2
SIM3
SIM4
1
21
22
SIM5
SIM1
SIM2
SIM3
SIM4
1
21
22
SIM5
SIM1
SIM2
SIM3
SIM4
1
21
22
SIM5
SIM1
SIM2
SIM3
SIM4
1
21
22
SIM5
SIM1
SIM2
SIM3
SIM4
1
21
22
SIM5
SIM1
SIM2
SIM3
SIM4
1
21
22
SIM5
SIM1
SIM2
SIM3
SIM4
1
21
22
SIM5
SIM1
SIM2
SIM3
SIM4
1
21
22
SIM5
SIM1
SIM2
SIM3
SIM4
1
21
22
SIM5
SIM1
SIM2
SIM3
SIM4
1
21
22
SIM5
SIM1
SIM2
SIM3
SIM4
1
21
22
SIM5
SIM1
SIM2
SIM3
SIM4
1
21
22
SIM5
SIM1
SIM2
SIM3
SIM4
1
21
22
SIM5
SIM1
SIM2
SIM3
SIM4
1
21
22
SIM5
SIM1
SIM2
SIM3
SIM4
1
21
22
SIM5
SIM1
SIM2
SIM3
SIM4
1
21
22
SIM5
SIM1
SIM2
SIM3
SIM4
1
21
22
SIM5
SIM1
SIM2
SIM3
SIM4
1
21
22
SIM5
SIM1
SIM2
SIM3
SIM4
1
21
22
SIM5
SIM1
SIM2
SIM3
SIM4
1
21
22
SIM5
SIM1
SIM2
SIM3
SIM4
1
21
22
SIM5
SIM1
SIM2
SIM3
SIM4
1
21
22
SIM5
SIM1
SIM2
SIM3
SIM4
1
21
22
SIM5
SIM1
SIM2
SIM3
SIM4
1
21
22
SIM5
SIM1
SIM2
SIM3
SIM4
1
21
22
SIM5
SIM1
SIM2
SIM3
SIM4
1
21
22
SIM5
SIM1
SIM2
SIM3
SIM4
1
21
22
SIM5
SIM1
SIM2
SIM3
SIM4
1
21
22
SIM5
SIM1
SIM2
SIM3
SIM4
1
21
22
SIM5
SIM1
SIM2
SIM3
SIM4
1
21
22
SIM5
SIM1
SIM2
SIM3
SIM4
1
21
22
SIM5
SIM1
SIM2
SIM3
SIM4
1
21
22
SIM5
SIM1
SIM2
SIM3
SIM4
1
21
22
SIM5
SIM1
SIM2
SIM3
SIM4
1
21
22
SIM5
SIM1
SIM2
SIM3
SIM4
1
21
22
SIM5
SIM1
SIM2
SIM3
SIM4
1
21
22
SIM5
SIM1
SIM2
SIM3
SIM4
1
21
22
SIM5
SIM1
SIM2
SIM3
SIM4
1
21
22
SIM5
SIM1
SIM2
SIM3
SIM4
1
21
22
SIM5
SIM1
SIM2
SIM3
SIM4
1
21
22
SIM5
SIM1
SIM2
SIM3
SIM4
1
21
22
SIM5
SIM1
SIM2
SIM3
SIM4
1
21
22
SIM5
SIM1
SIM2
SIM3
SIM4
1
21
22
SIM5
SIM1
SIM2
SIM3
SIM4
1
21
22
SIM5
SIM1
SIM2
SIM3
SIM4
1
21
22
SIM5
SIM1
SIM2
SIM3
SIM4
1
21
22
SIM5
SIM1
SIM2
SIM3
SIM4
1
21
22
SIM5
SIM1
SIM2
SIM3
SIM4
1
21
22
SIM5
SIM1
SIM2
SIM3
SIM4
1
21
22
SIM5
SIM1
SIM2
SIM3
SIM4
1
21
22
SIM5
SIM1
SIM2
SIM3
SIM4
1
21
22
SIM5
SIM1
SIM2
SIM3
SIM4
1
21
22
SIM5
SIM1
SIM2
SIM3
SIM4
1
21
22
SIM5
SIM1
SIM2
SIM3
SIM4
1
21
22
SIM5
SIM1
SIM2
SIM3
SIM4
1
21
22
SIM5
SIM1
SIM2
SIM3
SIM4
1
21
22
SIM5
SIM1
SIM2
SIM3
SIM4
1
21
22
SIM5
SIM1
SIM2
SIM3
SIM4
1
21
22
SIM5
SIM1
SIM2
SIM3
SIM4
1
21
22
SIM5
SIM1
SIM2
SIM3
SIM4
1
21
22
SIM5
SIM1
SIM2
SIM3
SIM4
1
21
22
SIM5
SIM1
SIM2
SIM3
SIM4
1
21
22
SIM5
SIM1
SIM2
SIM3
SIM4
1
21
22
SIM5
SIM1
SIM2
SIM3
SIM4
1
21
22
SIM5
SIM1
SIM2
SIM3
SIM4
1
21
22
SIM5
SIM1
SIM2
SIM3
SIM4
1
21
22
SIM5
SIM1
SIM2
SIM3
SIM4
1
21
22
SIM5
SIM1
SIM2
SIM3
SIM4
1
21
22
SIM5
SIM1
SIM2
SIM3
SIM4
1
21
22
SIM5
SIM1
SIM2
SIM3
SIM4
1
21
22
SIM5
SIM1
SIM2
SIM3
SIM4
1
21
22
SIM5
SIM1
SIM2
SIM3
SIM4
1
21
22
SIM5
SIM1
SIM2
SIM3
SIM4
1
21
22
SIM5
SIM1
SIM2
SIM3
SIM4
1
21
22
SIM5
SIM1
SIM2
SIM3
SIM4
1
21
22
SIM5
SIM1
SIM2
SIM3
SIM4
1
21
22
SIM5
SIM1
SIM2
SIM3
SIM4
1
21
22
SIM5
SIM1
SIM2
SIM3
SIM4
1
21
22
SIM5
SIM1
SIM2
SIM3
SIM4
1
21
22
SIM5
SIM1
SIM2
SIM3
SIM4
1
21
22
SIM5
SIM1
SIM2
SIM3
SIM4
1
21
22
SIM5
SIM1
SIM2
SIM3
SIM4
1
21
22
SIM5
SIM1
SIM2
SIM3
SIM4
1
21
22
SIM5
SIM1
SIM2
SIM3
SIM4
1
21
22
SIM5
SIM1
SIM2
SIM3
SIM4
1
21
22
SIM5
SIM1
SIM2
SIM3
SIM4
1
21
22
SIM5
SIM1
SIM2
SIM3
SIM4
1
21
22
SIM5
SIM1
SIM2
SIM3
SIM4
1
21
22
SIM5
SIM1
SIM2
SIM3
SIM4
1
21
22
SIM5
SIM1
SIM2
SIM3
SIM4
1
21
22
SIM5
SIM1
SIM2
SIM3
SIM4
1
21
22
SIM5
SIM1
SIM2
SIM3
SIM4
1
21
22
SIM5
SIM1
SIM2
SIM3
SIM4
1
21
22
SIM5
SIM1
SIM2
SIM3
SIM4
1
21
22
SIM5
SIM1
SIM2
SIM3
SIM4
1
21
22
SIM5
SIM1
SIM2
SIM3
SIM4
1
21
22
SIM5
SIM1
SIM2
SIM3
SIM4
1
21
22
SIM5
SIM1
SIM2
SIM3
SIM4
1
21
22
SIM5
SIM1
SIM2
SIM3
SIM4
1
21
22
SIM5
SIM1
SIM2
SIM3
SIM4
1
21
22
SIM5
SIM1
SIM2
SIM3
SIM4
1
21
22
SIM5
SIM1
SIM2
SIM3
SIM4
1
21
22
SIM5
SIM1
SIM2
SIM3
SIM4
1
21
22
SIM5
SIM1
SIM2
SIM3
SIM4
1
21
22
SIM5
SIM1
SIM2
SIM3
SIM4
1
21
22
SIM5
SIM1
SIM2
SIM3
SIM4
1
21
22
SIM5
SIM1
SIM2
SIM3
SIM4
1
21
22
SIM5
SIM1
SIM2
SIM3
SIM4
1
21
22
SIM5
SIM1
SIM2
SIM3
SIM4
1
21
22
SIM5
SIM1
SIM2
SIM3
SIM4
1
21
22
SIM5
SIM1
SIM2
SIM3
SIM4
1
21
22
SIM5
SIM1
SIM2
SIM3
SIM4
1
21
22
SIM5
SIM1
SIM2
SIM3
SIM4
1
21
22
SIM5
SIM1
SIM2
SIM3
SIM4
1
21
22
SIM5
SIM1
SIM2
SIM3
SIM4
1
21
22
SIM5
SIM1
SIM2
SIM3
SIM4
1
21
22
SIM5
SIM1
SIM2
SIM3
SIM4
1
21
22
SIM5
SIM1
SIM2
SIM3
SIM4
1
21
22
SIM5
SIM1
SIM2
SIM3
SIM4
1
21
22
SIM5
SIM1
SIM2
SIM3
SIM4
1
21
22
SIM5
SIM1
SIM2
SIM3
SIM4
1
21
22
SIM5
SIM1
SIM2
DEBUG 1 818
SIM1
SIM2
SIM3
SIM4
1
21
22
SIM5
SIM1
SIM2
SIM3
SIM4
1
21
22
SIM5
SIM1
SIM2
SIM3
SIM4
1
21
22
SIM5
SIM1
SIM2
SIM3
SIM4
1
21
22
SIM5
SIM1
SIM2
SIM3
SIM4
1
21
22
SIM5
SIM1
SIM2
SIM3
SIM4
1
21
22
SIM5
SIM1
SIM2
SIM3
SIM4
1
21
22
SIM5
SIM1
SIM2
SIM3
SIM4
1
21
22
SIM5
SIM1
SIM2
SIM3
SIM4
1
21
22
SIM5
SIM1
SIM2
SIM3
SIM4
1
21
22
SIM5
SIM1
SIM2
SIM3
SIM4
1
21
22
SIM5
SIM1
SIM2
SIM3
SIM4
1
21
22
SIM5
SIM1
SIM2
SIM3
SIM4
1
21
22
SIM5
SIM1
SIM2
SIM3
SIM4
1
21
22
SIM5
SIM1
SIM2
SIM3
SIM4
1
21
22
SIM5
SIM1
SIM2
SIM3
SIM4
1
21
22
SIM5
SIM1
SIM2
SIM3
SIM4
1
21
22
SIM5
SIM1
SIM2
SIM3
SIM4
1
21
22
SIM5
SIM1
SIM2
SIM3
SIM4
1
21
22
SIM5
SIM1
SIM2
SIM3
SIM4
1
21
22
SIM5
SIM1
SIM2
SIM3
SIM4
1
21
22
SIM5
SIM1
SIM2
SIM3
SIM4
1
21
22
SIM5
SIM1
SIM2
SIM3
SIM4
1
21
22
SIM5
SIM1
SIM2
SIM3
SIM4
1
21
22
SIM5
SIM1
SIM2
SIM3
SIM4
1
21
22
SIM5
SIM1
SIM2
SIM3
SIM4
1
21
22
SIM5
SIM1
SIM2
SIM3
SIM4
1
21
22
SIM5
SIM1
SIM2
SIM3
SIM4
1
21
22
SIM5
SIM1
SIM2
SIM3
SIM4
1
21
22
SIM5
SIM1
SIM2
SIM3
SIM4
1
21
22
SIM5
SIM1
SIM2
SIM3
SIM4
1
21
22
SIM5
SIM1
SIM2
SIM3
SIM4
1
21
22
SIM5
SIM1
SIM2
SIM3
SIM4
1
21
22
SIM5
SIM1
SIM2
SIM3
SIM4
1
21
22
SIM5
SIM1
SIM2
SIM3
SIM4
1
21
22
SIM5
SIM1
SIM2
SIM3
SIM4
1
21
22
SIM5
SIM1
SIM2
SIM3
SIM4
1
21
22
SIM5
SIM1
SIM2
SIM3
SIM4
1
21
22
SIM5
SIM1
SIM2
SIM3
SIM4
1
21
22
SIM5
SIM1
SIM2
SIM3
SIM4
1
21
22
SIM5
SIM1
SIM2
SIM3
SIM4
1
21
22
SIM5
SIM1
SIM2
SIM3
SIM4
1
21
22
SIM5
SIM1
SIM2
SIM3
SIM4
1
21
22
SIM5
SIM1
SIM2
SIM3
SIM4
1
21
22
SIM5
SIM1
SIM2
SIM3
SIM4
1
21
22
SIM5
SIM1
SIM2
SIM3
SIM4
1
21
22
SIM5
SIM1
SIM2
SIM3
SIM4
1
21
22
SIM5
SIM1
SIM2
SIM3
SIM4
1
21
22
SIM5
SIM1
SIM2
SIM3
SIM4
1
21
22
SIM5
SIM1
SIM2
SIM3
SIM4
1
21
22
SIM5
SIM1
SIM2
SIM3
SIM4
1
21
22
SIM5
SIM1
SIM2
SIM3
SIM4
1
21
22
SIM5
SIM1
SIM2
SIM3
SIM4
1
21
22
SIM5
SIM1
SIM2
SIM3
SIM4
1
21
22
SIM5
SIM1
SIM2
SIM3
SIM4
1
21
22
SIM5
SIM1
SIM2
SIM3
SIM4
1
21
22
SIM5
SIM1
SIM2
SIM3
SIM4
1
21
22
SIM5
SIM1
SIM2
SIM3
SIM4
1
21
22
SIM5
SIM1
SIM2
SIM3
SIM4
1
21
22
SIM5
SIM1
SIM2
SIM3
SIM4
1
21
22
SIM5
SIM1
SIM2
SIM3
SIM4
1
21
22
SIM5
SIM1
SIM2
SIM3
SIM4
1
21
22
SIM5
SIM1
SIM2
SIM3
SIM4
1
21
22
SIM5
SIM1
SIM2
SIM3
SIM4
1
21
22
SIM5
SIM1
SIM2
SIM3
SIM4
1
21
22
SIM5
SIM1
SIM2
SIM3
SIM4
1
21
22
SIM5
SIM1
SIM2
SIM3
SIM4
1
21
22
SIM5
SIM1
SIM2
SIM3
SIM4
1
21
22
SIM5
SIM1
SIM2
SIM3
SIM4
1
21
22
SIM5
SIM1
SIM2
SIM3
SIM4
1
21
22
SIM5
SIM1
SIM2
SIM3
SIM4
1
21
22
SIM5
SIM1
SIM2
SIM3
SIM4
1
21
22
SIM5
SIM1
SIM2
SIM3
SIM4
1
21
22
SIM5
SIM1
SIM2
SIM3
SIM4
1
21
22
SIM5
SIM1
SIM2
SIM3
SIM4
1
21
22
SIM5
SIM1
SIM2
SIM3
SIM4
1
21
22
SIM5
SIM1
SIM2
SIM3
SIM4
1
21
22
SIM5
SIM1
SIM2
SIM3
SIM4
1
21
22
SIM5
SIM1
SIM2
SIM3
SIM4
1
21
22
SIM5
SIM1
SIM2
SIM3
SIM4
1
21
22
SIM5
SIM1
SIM2
SIM3
SIM4
1
21
22
SIM5
SIM1
SIM2
SIM3
SIM4
1
21
22
SIM5
SIM1
SIM2
SIM3
SIM4
1
21
22
SIM5
SIM1
SIM2
SIM3
SIM4
1
21
22
SIM5
SIM1
SIM2
SIM3
SIM4
1
21
22
SIM5
SIM1
SIM2
SIM3
SIM4
1
21
22
SIM5
SIM1
SIM2
SIM3
SIM4
1
21
22
SIM5
SIM1
SIM2
SIM3
SIM4
1
21
22
SIM5
SIM1
SIM2
SIM3
SIM4
1
21
22
SIM5
SIM1
SIM2
SIM3
SIM4
1
21
22
SIM5
SIM1
SIM2
SIM3
SIM4
1
21
22
SIM5
SIM1
SIM2
SIM3
SIM4
1
21
22
SIM5
SIM1
SIM2
SIM3
SIM4
1
21
22
SIM5
SIM1
SIM2
SIM3
SIM4
1
21
22
SIM5
SIM1
SIM2
SIM3
SIM4
1
21
22
SIM5
SIM1
SIM2
SIM3
SIM4
1
21
22
SIM5
SIM1
SIM2
SIM3
SIM4
1
21
22
SIM5
SIM1
SIM2
SIM3
SIM4
1
21
22
SIM5
SIM1
SIM2
SIM3
SIM4
1
21
22
SIM5
SIM1
SIM2
SIM3
SIM4
1
21
22
SIM5
SIM1
SIM2
SIM3
SIM4
1
21
22
SIM5
SIM1
SIM2
SIM3
SIM4
1
21
22
SIM5
SIM1
SIM2
SIM3
SIM4
1
21
22
SIM5
SIM1
SIM2
SIM3
SIM4
1
21
22
SIM5
SIM1
SIM2
SIM3
SIM4
1
21
22
SIM5
SIM1
SIM2
SIM3
SIM4
1
21
22
SIM5
SIM1
SIM2
SIM3
SIM4
1
21
22
SIM5
SIM1
SIM2
SIM3
SIM4
1
21
22
SIM5
SIM1
SIM2
SIM3
SIM4
1
21
22
SIM5
SIM1
SIM2
SIM3
SIM4
1
21
22
SIM5
SIM1
SIM2
SIM3
SIM4
1
21
22
SIM5
SIM1
SIM2
SIM3
SIM4
1
21
22
SIM5
SIM1
SIM2
SIM3
SIM4
1
21
22
SIM5
SIM1
SIM2
SIM3
SIM4
1
21
22
SIM5
SIM1
SIM2
SIM3
SIM4
1
21
22
SIM5
SIM1
SIM2
SIM3
SIM4
1
21
22
SIM5
SIM1
SIM2
SIM3
SIM4
1
21
22
SIM5
SIM1
SIM2
SIM3
SIM4
1
21
22
SIM5
SIM1
SIM2
SIM3
SIM4
1
21
22
SIM5
SIM1
SIM2
SIM3
SIM4
1
21
22
SIM5
SIM1
SIM2
SIM3
SIM4
1
21
22
SIM5
SIM1
SIM2
SIM3
SIM4
1
21
22
SIM5
SIM1
SIM2
SIM3
SIM4
1
21
22
SIM5
SIM1
SIM2
SIM3
SIM4
1
21
22
SIM5
SIM1
SIM2
SIM3
SIM4
1
21
22
SIM5
SIM1
SIM2
SIM3
SIM4
1
21
22
SIM5
SIM1
SIM2
SIM3
SIM4
1
21
22
SIM5
SIM1
SIM2
SIM3
SIM4
1
21
22
SIM5
SIM1
SIM2
SIM3
SIM4
1
21
22
SIM5
SIM1
SIM2
SIM3
SIM4
1
21
22
SIM5
SIM1
SIM2
SIM3
SIM4
1
21
22
SIM5
SIM1
SIM2
SIM3
SIM4
1
21
22
SIM5
SIM1
SIM2
SIM3
SIM4
1
21
22
SIM5
SIM1
SIM2
SIM3
SIM4
1
21
22
SIM5
SIM1
SIM2
SIM3
SIM4
1
21
22
SIM5
SIM1
SIM2
SIM3
SIM4
1
21
22
SIM5
SIM1
SIM2
SIM3
SIM4
1
21
22
SIM5
SIM1
SIM2
SIM3
SIM4
1
21
22
SIM5
SIM1
SIM2
SIM3
SIM4
1
21
22
SIM5
SIM1
SIM2
SIM3
SIM4
1
21
22
SIM5
SIM1
SIM2
SIM3
SIM4
1
21
22
SIM5
SIM1
SIM2
SIM3
SIM4
1
21
22
SIM5
SIM1
SIM2
SIM3
SIM4
1
21
22
SIM5
SIM1
SIM2
SIM3
SIM4
1
21
22
SIM5
SIM1
SIM2
SIM3
SIM4
1
21
22
SIM5
SIM1
SIM2
SIM3
SIM4
1
21
22
SIM5
SIM1
SIM2
SIM3
SIM4
1
21
22
SIM5
SIM1
SIM2
SIM3
SIM4
1
21
22
SIM5
SIM1
SIM2
SIM3
SIM4
1
21
22
SIM5
SIM1
SIM2
SIM3
SIM4
1
21
22
SIM5
SIM1
SIM2
SIM3
SIM4
1
21
22
SIM5
SIM1
SIM2
SIM3
SIM4
1
21
22
SIM5
SIM1
SIM2
SIM3
SIM4
1
21
22
SIM5
SIM1
SIM2
SIM3
SIM4
1
21
22
SIM5
SIM1
SIM2
SIM3
SIM4
1
21
22
SIM5
SIM1
SIM2
SIM3
SIM4
1
21
22
SIM5
SIM1
SIM2
SIM3
SIM4
1
21
22
SIM5
SIM1
SIM2
SIM3
SIM4
1
21
22
SIM5
SIM1
SIM2
SIM3
SIM4
1
21
22
SIM5
SIM1
SIM2
SIM3
SIM4
1
21
22
SIM5
SIM1
SIM2
SIM3
SIM4
1
21
22
SIM5
SIM1
SIM2
SIM3
SIM4
1
21
22
SIM5
SIM1
SIM2
SIM3
SIM4
1
21
22
SIM5
SIM1
SIM2
SIM3
SIM4
1
21
22
SIM5
SIM1
SIM2
SIM3
SIM4
1
21
22
SIM5
SIM1
SIM2
SIM3
SIM4
1
21
22
SIM5
SIM1
SIM2
SIM3
SIM4
1
21
22
SIM5
SIM1
SIM2
SIM3
SIM4
1
21
22
SIM5
SIM1
SIM2
SIM3
SIM4
1
21
22
SIM5
SIM1
SIM2
SIM3
SIM4
1
21
22
SIM5
SIM1
SIM2
SIM3
SIM4
1
21
22
SIM5
SIM1
SIM2
SIM3
SIM4
1
21
22
SIM5
SIM1
SIM2
SIM3
SIM4
1
21
22
SIM5
SIM1
SIM2
SIM3
SIM4
1
21
22
SIM5
SIM1
SIM2
SIM3
SIM4
1
21
22
SIM5
SIM1
SIM2
SIM3
SIM4
1
21
22
SIM5
SIM1
SIM2
SIM3
SIM4
1
21
22
SIM5
SIM1
SIM2
SIM3
SIM4
1
21
22
SIM5
SIM1
SIM2
SIM3
SIM4
1
21
22
SIM5
SIM1
SIM2
SIM3
SIM4
1
21
22
SIM5
SIM1
SIM2
SIM3
SIM4
1
21
22
SIM5
SIM1
SIM2
SIM3
SIM4
1
21
22
SIM5
SIM1
SIM2
SIM3
SIM4
1
21
22
SIM5
SIM1
SIM2
SIM3
SIM4
1
21
22
SIM5
SIM1
SIM2
SIM3
SIM4
1
21
22
SIM5
SIM1
SIM2
SIM3
SIM4
1
21
22
SIM5
SIM1
SIM2
SIM3
SIM4
1
21
22
SIM5
SIM1
SIM2
SIM3
SIM4
1
21
22
SIM5
SIM1
SIM2
SIM3
SIM4
1
21
22
SIM5
SIM1
SIM2
SIM3
SIM4
1
21
22
SIM5
SIM1
SIM2
SIM3
SIM4
1
21
22
SIM5
SIM1
SIM2
SIM3
SIM4
1
21
22
SIM5
SIM1
SIM2
SIM3
SIM4
1
21
22
SIM5
SIM1
SIM2
SIM3
SIM4
1
21
22
SIM5
SIM1
SIM2
SIM3
SIM4
1
21
22
SIM5
SIM1
SIM2
SIM3
SIM4
1
21
22
SIM5
SIM1
SIM2
SIM3
SIM4
1
21
22
SIM5
SIM1
SIM2
SIM3
SIM4
1
21
22
SIM5
SIM1
SIM2
SIM3
SIM4
1
21
22
SIM5
SIM1
SIM2
SIM3
SIM4
1
21
22
SIM5
SIM1
SIM2
SIM3
SIM4
1
21
22
SIM5
SIM1
SIM2
SIM3
SIM4
1
21
22
SIM5
SIM1
SIM2
SIM3
SIM4
1
21
22
SIM5
SIM1
SIM2
SIM3
SIM4
1
21
22
SIM5
SIM1
SIM2
SIM3
SIM4
1
21
22
SIM5
SIM1
SIM2
SIM3
SIM4
1
21
22
SIM5
SIM1
SIM2
SIM3
SIM4
1
21
22
SIM5
SIM1
SIM2
SIM3
SIM4
1
21
22
SIM5
SIM1
SIM2
SIM3
SIM4
1
21
22
SIM5
SIM1
SIM2
SIM3
SIM4
1
21
22
SIM5
SIM1
SIM2
SIM3
SIM4
1
21
22
SIM5
SIM1
SIM2
SIM3
SIM4
1
21
22
SIM5
SIM1
SIM2
SIM3
SIM4
1
21
22
SIM5
SIM1
SIM2
SIM3
SIM4
1
21
22
SIM5
SIM1
SIM2
SIM3
SIM4
1
21
22
SIM5
SIM1
SIM2
SIM3
SIM4
1
21
22
SIM5
SIM1
SIM2
SIM3
SIM4
1
21
22
SIM5
SIM1
SIM2
SIM3
SIM4
1
21
22
SIM5
SIM1
SIM2
SIM3
SIM4
1
21
22
SIM5
SIM1
SIM2
SIM3
SIM4
1
21
22
SIM5
SIM1
SIM2
SIM3
SIM4
1
21
22
SIM5
SIM1
SIM2
SIM3
SIM4
1
21
22
SIM5
SIM1
SIM2
SIM3
SIM4
1
21
22
SIM5
SIM1
SIM2
SIM3
SIM4
1
21
22
SIM5
SIM1
SIM2
SIM3
SIM4
1
21
22
SIM5
SIM1
SIM2
SIM3
SIM4
1
21
22
SIM5
SIM1
SIM2
SIM3
SIM4
1
21
22
SIM5
SIM1
SIM2
SIM3
SIM4
1
21
22
SIM5
SIM1
SIM2
SIM3
SIM4
1
21
22
SIM5
SIM1
SIM2
SIM3
SIM4
1
21
22
SIM5
SIM1
SIM2
SIM3
SIM4
1
21
22
SIM5
SIM1
SIM2
SIM3
SIM4
1
21
22
SIM5
SIM1
SIM2
SIM3
SIM4
1
21
22
SIM5
SIM1
SIM2
SIM3
SIM4
1
21
22
SIM5
SIM1
SIM2
SIM3
SIM4
1
21
22
SIM5
SIM1
SIM2
SIM3
SIM4
1
21
22
SIM5
SIM1
SIM2
SIM3
SIM4
1
21
22
SIM5
SIM1
SIM2
SIM3
SIM4
1
21
22
SIM5
SIM1
SIM2
SIM3
SIM4
1
21
22
SIM5
SIM1
SIM2
SIM3
SIM4
1
21
22
SIM5
SIM1
SIM2
SIM3
SIM4
1
21
22
SIM5
SIM1
SIM2
SIM3
SIM4
1
21
22
SIM5
SIM1
SIM2
SIM3
SIM4
1
21
22
SIM5
SIM1
SIM2
SIM3
SIM4
1
21
22
SIM5
SIM1
SIM2
SIM3
SIM4
1
21
22
SIM5
SIM1
SIM2
SIM3
SIM4
1
21
22
SIM5
SIM1
SIM2
SIM3
SIM4
1
21
22
SIM5
SIM1
SIM2
SIM3
SIM4
1
21
22
SIM5
SIM1
SIM2
SIM3
SIM4
1
21
22
SIM5
SIM1
SIM2
SIM3
SIM4
1
21
22
SIM5
SIM1
SIM2
SIM3
SIM4
1
21
22
SIM5
SIM1
SIM2
SIM3
SIM4
1
21
22
SIM5
SIM1
SIM2
SIM3
SIM4
1
21
22
SIM5
SIM1
SIM2
SIM3
SIM4
1
21
22
SIM5
SIM1
SIM2
SIM3
SIM4
1
21
22
SIM5
SIM1
SIM2
SIM3
SIM4
1
21
22
SIM5
SIM1
SIM2
SIM3
SIM4
1
21
22
SIM5
SIM1
SIM2
SIM3
SIM4
1
21
22
SIM5
SIM1
SIM2
SIM3
SIM4
1
21
22
SIM5
SIM1
SIM2
SIM3
SIM4
1
21
22
SIM5
SIM1
SIM2
SIM3
SIM4
1
21
22
SIM5
SIM1
SIM2
SIM3
SIM4
1
21
22
SIM5
SIM1
SIM2
SIM3
SIM4
1
21
22
SIM5
SIM1
SIM2
SIM3
SIM4
1
21
22
SIM5
SIM1
SIM2
SIM3
SIM4
1
21
22
SIM5
SIM1
SIM2
SIM3
SIM4
1
21
22
SIM5
SIM1
SIM2
SIM3
SIM4
1
21
22
SIM5
SIM1
SIM2
SIM3
SIM4
1
21
22
SIM5
SIM1
SIM2
SIM3
SIM4
1
21
22
SIM5
SIM1
SIM2
SIM3
SIM4
1
21
22
SIM5
SIM1
SIM2
SIM3
SIM4
1
21
22
SIM5
SIM1
SIM2
SIM3
SIM4
1
21
22
SIM5
SIM1
SIM2
SIM3
SIM4
1
21
22
SIM5
SIM1
SIM2
SIM3
SIM4
1
21
22
SIM5
SIM1
SIM2
SIM3
SIM4
1
21
22
SIM5
SIM1
SIM2
SIM3
SIM4
1
21
22
SIM5
SIM1
SIM2
SIM3
SIM4
1
21
22
SIM5
SIM1
SIM2
SIM3
SIM4
1
21
22
SIM5
SIM1
SIM2
SIM3
SIM4
1
21
22
SIM5
SIM1
SIM2
SIM3
SIM4
1
21
22
SIM5
SIM1
SIM2
SIM3
SIM4
1
21
22
SIM5
SIM1
SIM2
SIM3
SIM4
1
21
22
SIM5
SIM1
SIM2
SIM3
SIM4
1
21
22
SIM5
SIM1
SIM2
SIM3
SIM4
1
21
22
SIM5
SIM1
SIM2
SIM3
SIM4
1
21
22
SIM5
SIM1
SIM2
SIM3
SIM4
1
21
22
SIM5
SIM1
SIM2
SIM3
SIM4
1
21
22
SIM5
SIM1
SIM2
SIM3
SIM4
1
21
22
SIM5
SIM1
SIM2
SIM3
SIM4
1
21
22
SIM5
SIM1
SIM2
SIM3
SIM4
1
21
22
SIM5
SIM1
SIM2
SIM3
SIM4
1
21
22
SIM5
SIM1
SIM2
SIM3
SIM4
1
21
22
SIM5
SIM1
SIM2
SIM3
SIM4
1
21
22
SIM5
SIM1
SIM2
SIM3
SIM4
1
21
22
SIM5
SIM1
SIM2
SIM3
SIM4
1
21
22
SIM5
SIM1
SIM2
SIM3
SIM4
1
21
22
SIM5
SIM1
SIM2
SIM3
SIM4
1
21
22
SIM5
SIM1
SIM2
SIM3
SIM4
1
21
22
SIM5
SIM1
SIM2
SIM3
SIM4
1
21
22
SIM5
SIM1
SIM2
SIM3
SIM4
1
21
22
SIM5
SIM1
SIM2
SIM3
SIM4
1
21
22
SIM5
SIM1
SIM2
SIM3
SIM4
1
21
22
SIM5
SIM1
SIM2
SIM3
SIM4
1
21
22
SIM5
SIM1
SIM2
SIM3
SIM4
1
21
22
SIM5
SIM1
SIM2
SIM3
SIM4
1
21
22
SIM5
SIM1
SIM2
SIM3
SIM4
1
21
22
SIM5
SIM1
SIM2
SIM3
SIM4
1
21
22
SIM5
SIM1
SIM2
SIM3
SIM4
1
21
22
SIM5
SIM1
SIM2
SIM3
SIM4
1
21
22
SIM5
SIM1
SIM2
SIM3
SIM4
1
21
22
SIM5
SIM1
SIM2
SIM3
SIM4
1
21
22
SIM5
SIM1
SIM2
SIM3
SIM4
1
21
22
SIM5
SIM1
SIM2
SIM3
SIM4
1
21
22
SIM5
SIM1
SIM2
SIM3
SIM4
1
21
22
SIM5
SIM1
SIM2
SIM3
SIM4
1
21
22
SIM5
SIM1
SIM2
SIM3
SIM4
1
21
22
SIM5
SIM1
SIM2
SIM3
SIM4
1
21
22
SIM5
SIM1
SIM2
SIM3
SIM4
1
21
22
SIM5
SIM1
SIM2
SIM3
SIM4
1
21
22
SIM5
SIM1
SIM2
SIM3
SIM4
1
21
22
SIM5
SIM1
SIM2
SIM3
SIM4
1
21
22
SIM5
SIM1
SIM2
SIM3
SIM4
1
21
22
SIM5
SIM1
SIM2
SIM3
SIM4
1
21
22
SIM5
SIM1
SIM2
SIM3
SIM4
1
21
22
SIM5
SIM1
SIM2
SIM3
SIM4
1
21
22
SIM5
SIM1
SIM2
DEBUG 1 819
SIM1
SIM2
SIM3
SIM4
1
21
22
SIM5
SIM1
SIM2
SIM3
SIM4
1
21
22
SIM5
SIM1
SIM2
SIM3
SIM4
1
21
22
SIM5
SIM1
SIM2
SIM3
SIM4
1
21
22
SIM5
SIM1
SIM2
SIM3
SIM4
1
21
22
SIM5
SIM1
SIM2
SIM3
SIM4
1
21
22
SIM5
SIM1
SIM2
SIM3
SIM4
1
21
22
SIM5
SIM1
SIM2
SIM3
SIM4
1
21
22
SIM5
SIM1
SIM2
SIM3
SIM4
1
21
22
SIM5
SIM1
SIM2
SIM3
SIM4
1
21
22
SIM5
SIM1
SIM2
SIM3
SIM4
1
21
22
SIM5
SIM1
SIM2
SIM3
SIM4
1
21
22
SIM5
SIM1
SIM2
SIM3
SIM4
1
21
22
SIM5
SIM1
SIM2
SIM3
SIM4
1
21
22
SIM5
SIM1
SIM2
SIM3
SIM4
1
21
22
SIM5
SIM1
SIM2
SIM3
SIM4
1
21
22
SIM5
SIM1
SIM2
SIM3
SIM4
1
21
22
SIM5
SIM1
SIM2
SIM3
SIM4
1
21
22
SIM5
SIM1
SIM2
SIM3
SIM4
1
21
22
SIM5
SIM1
SIM2
SIM3
SIM4
1
21
22
SIM5
SIM1
SIM2
SIM3
SIM4
1
21
22
SIM5
SIM1
SIM2
SIM3
SIM4
1
21
22
SIM5
SIM1
SIM2
SIM3
SIM4
1
21
22
SIM5
SIM1
SIM2
SIM3
SIM4
1
21
22
SIM5
SIM1
SIM2
SIM3
SIM4
1
21
22
SIM5
SIM1
SIM2
SIM3
SIM4
1
21
22
SIM5
SIM1
SIM2
SIM3
SIM4
1
21
22
SIM5
SIM1
SIM2
SIM3
SIM4
1
21
22
SIM5
SIM1
SIM2
SIM3
SIM4
1
21
22
SIM5
SIM1
SIM2
SIM3
SIM4
1
21
22
SIM5
SIM1
SIM2
SIM3
SIM4
1
21
22
SIM5
SIM1
SIM2
SIM3
SIM4
1
21
22
SIM5
SIM1
SIM2
SIM3
SIM4
1
21
22
SIM5
SIM1
SIM2
SIM3
SIM4
1
21
22
SIM5
SIM1
SIM2
SIM3
SIM4
1
21
22
SIM5
SIM1
SIM2
SIM3
SIM4
1
21
22
SIM5
SIM1
SIM2
SIM3
SIM4
1
21
22
SIM5
SIM1
SIM2
SIM3
SIM4
1
21
22
SIM5
SIM1
SIM2
SIM3
SIM4
1
21
22
SIM5
SIM1
SIM2
SIM3
SIM4
1
21
22
SIM5
SIM1
SIM2
SIM3
SIM4
1
21
22
SIM5
SIM1
SIM2
SIM3
SIM4
1
21
22
SIM5
SIM1
SIM2
SIM3
SIM4
1
21
22
SIM5
SIM1
SIM2
SIM3
SIM4
1
21
22
SIM5
SIM1
SIM2
SIM3
SIM4
1
21
22
SIM5
SIM1
SIM2
SIM3
SIM4
1
21
22
SIM5
SIM1
SIM2
SIM3
SIM4
1
21
22
SIM5
SIM1
SIM2
SIM3
SIM4
1
21
22
SIM5
SIM1
SIM2
SIM3
SIM4
1
21
22
SIM5
SIM1
SIM2
SIM3
SIM4
1
21
22
SIM5
SIM1
SIM2
SIM3
SIM4
1
21
22
SIM5
SIM1
SIM2
SIM3
SIM4
1
21
22
SIM5
SIM1
SIM2
SIM3
SIM4
1
21
22
SIM5
SIM1
SIM2
SIM3
SIM4
1
21
22
SIM5
SIM1
SIM2
SIM3
SIM4
1
21
22
SIM5
SIM1
SIM2
SIM3
SIM4
1
21
22
SIM5
SIM1
SIM2
SIM3
SIM4
1
21
22
SIM5
SIM1
SIM2
SIM3
SIM4
1
21
22
SIM5
SIM1
SIM2
SIM3
SIM4
1
21
22
SIM5
SIM1
SIM2
SIM3
SIM4
1
21
22
SIM5
SIM1
SIM2
SIM3
SIM4
1
21
22
SIM5
SIM1
SIM2
SIM3
SIM4
1
21
22
SIM5
SIM1
SIM2
SIM3
SIM4
1
21
22
SIM5
SIM1
SIM2
SIM3
SIM4
1
21
22
SIM5
SIM1
SIM2
SIM3
SIM4
1
21
22
SIM5
SIM1
SIM2
SIM3
SIM4
1
21
22
SIM5
SIM1
SIM2
SIM3
SIM4
1
21
22
SIM5
SIM1
SIM2
SIM3
SIM4
1
21
22
SIM5
SIM1
SIM2
SIM3
SIM4
1
21
22
SIM5
SIM1
SIM2
SIM3
SIM4
1
21
22
SIM5
SIM1
SIM2
SIM3
SIM4
1
21
22
SIM5
SIM1
SIM2
SIM3
SIM4
1
21
22
SIM5
SIM1
SIM2
SIM3
SIM4
1
21
22
SIM5
SIM1
SIM2
SIM3
SIM4
1
21
22
SIM5
SIM1
SIM2
SIM3
SIM4
1
21
22
SIM5
SIM1
SIM2
SIM3
SIM4
1
21
22
SIM5
SIM1
SIM2
SIM3
SIM4
1
21
22
SIM5
SIM1
SIM2
SIM3
SIM4
1
21
22
SIM5
SIM1
SIM2
SIM3
SIM4
1
21
22
SIM5
SIM1
SIM2
SIM3
SIM4
1
21
22
SIM5
SIM1
SIM2
SIM3
SIM4
1
21
22
SIM5
SIM1
SIM2
SIM3
SIM4
1
21
22
SIM5
SIM1
SIM2
SIM3
SIM4
1
21
22
SIM5
SIM1
SIM2
SIM3
SIM4
1
21
22
SIM5
SIM1
SIM2
SIM3
SIM4
1
21
22
SIM5
SIM1
SIM2
SIM3
SIM4
1
21
22
SIM5
SIM1
SIM2
SIM3
SIM4
1
21
22
SIM5
SIM1
SIM2
SIM3
SIM4
1
21
22
SIM5
SIM1
SIM2
SIM3
SIM4
1
21
22
SIM5
SIM1
SIM2
SIM3
SIM4
1
21
22
SIM5
SIM1
SIM2
SIM3
SIM4
1
21
22
SIM5
SIM1
SIM2
SIM3
SIM4
1
21
22
SIM5
SIM1
SIM2
SIM3
SIM4
1
21
22
SIM5
SIM1
SIM2
SIM3
SIM4
1
21
22
SIM5
SIM1
SIM2
SIM3
SIM4
1
21
22
SIM5
SIM1
SIM2
SIM3
SIM4
1
21
22
SIM5
SIM1
SIM2
SIM3
SIM4
1
21
22
SIM5
SIM1
SIM2
SIM3
SIM4
1
21
22
SIM5
SIM1
SIM2
SIM3
SIM4
1
21
22
SIM5
SIM1
SIM2
SIM3
SIM4
1
21
22
SIM5
SIM1
SIM2
SIM3
SIM4
1
21
22
SIM5
SIM1
SIM2
SIM3
SIM4
1
21
22
SIM5
SIM1
SIM2
SIM3
SIM4
1
21
22
SIM5
SIM1
SIM2
SIM3
SIM4
1
21
22
SIM5
SIM1
SIM2
SIM3
SIM4
1
21
22
SIM5
SIM1
SIM2
SIM3
SIM4
1
21
22
SIM5
SIM1
SIM2
SIM3
SIM4
1
21
22
SIM5
SIM1
SIM2
SIM3
SIM4
1
21
22
SIM5
SIM1
SIM2
SIM3
SIM4
1
21
22
SIM5
SIM1
SIM2
SIM3
SIM4
1
21
22
SIM5
SIM1
SIM2
SIM3
SIM4
1
21
22
SIM5
SIM1
SIM2
SIM3
SIM4
1
21
22
SIM5
SIM1
SIM2
SIM3
SIM4
1
21
22
SIM5
SIM1
SIM2
SIM3
SIM4
1
21
22
SIM5
SIM1
SIM2
SIM3
SIM4
1
21
22
SIM5
SIM1
SIM2
SIM3
SIM4
1
21
22
SIM5
SIM1
SIM2
SIM3
SIM4
1
21
22
SIM5
SIM1
SIM2
SIM3
SIM4
1
21
22
SIM5
SIM1
SIM2
SIM3
SIM4
1
21
22
SIM5
SIM1
SIM2
SIM3
SIM4
1
21
22
SIM5
SIM1
SIM2
SIM3
SIM4
1
21
22
SIM5
SIM1
SIM2
SIM3
SIM4
1
21
22
SIM5
SIM1
SIM2
SIM3
SIM4
1
21
22
SIM5
SIM1
SIM2
SIM3
SIM4
1
21
22
SIM5
SIM1
SIM2
SIM3
SIM4
1
21
22
SIM5
SIM1
SIM2
SIM3
SIM4
1
21
22
SIM5
SIM1
SIM2
SIM3
SIM4
1
21
22
SIM5
SIM1
SIM2
SIM3
SIM4
1
21
22
SIM5
SIM1
SIM2
SIM3
SIM4
1
21
22
SIM5
SIM1
SIM2
SIM3
SIM4
1
21
22
SIM5
SIM1
SIM2
SIM3
SIM4
1
21
22
SIM5
SIM1
SIM2
SIM3
SIM4
1
21
22
SIM5
SIM1
SIM2
SIM3
SIM4
1
21
22
SIM5
SIM1
SIM2
SIM3
SIM4
1
21
22
SIM5
SIM1
SIM2
SIM3
SIM4
1
21
22
SIM5
SIM1
SIM2
SIM3
SIM4
1
21
22
SIM5
SIM1
SIM2
SIM3
SIM4
1
21
22
SIM5
SIM1
SIM2
SIM3
SIM4
1
21
22
SIM5
SIM1
SIM2
SIM3
SIM4
1
21
22
SIM5
SIM1
SIM2
SIM3
SIM4
1
21
22
SIM5
SIM1
SIM2
SIM3
SIM4
1
21
22
SIM5
SIM1
SIM2
SIM3
SIM4
1
21
22
SIM5
SIM1
SIM2
SIM3
SIM4
1
21
22
SIM5
SIM1
SIM2
SIM3
SIM4
1
21
22
SIM5
SIM1
SIM2
SIM3
SIM4
1
21
22
SIM5
SIM1
SIM2
SIM3
SIM4
1
21
22
SIM5
SIM1
SIM2
SIM3
SIM4
1
21
22
SIM5
SIM1
SIM2
SIM3
SIM4
1
21
22
SIM5
SIM1
SIM2
SIM3
SIM4
1
21
22
SIM5
SIM1
SIM2
SIM3
SIM4
1
21
22
SIM5
SIM1
SIM2
SIM3
SIM4
1
21
22
SIM5
SIM1
SIM2
SIM3
SIM4
1
21
22
SIM5
SIM1
SIM2
SIM3
SIM4
1
21
22
SIM5
SIM1
SIM2
SIM3
SIM4
1
21
22
SIM5
SIM1
SIM2
SIM3
SIM4
1
21
22
SIM5
SIM1
SIM2
SIM3
SIM4
1
21
22
SIM5
SIM1
SIM2
SIM3
SIM4
1
21
22
SIM5
SIM1
SIM2
SIM3
SIM4
1
21
22
SIM5
SIM1
SIM2
SIM3
SIM4
1
21
22
SIM5
SIM1
SIM2
SIM3
SIM4
1
21
22
SIM5
SIM1
SIM2
SIM3
SIM4
1
21
22
SIM5
SIM1
SIM2
SIM3
SIM4
1
21
22
SIM5
SIM1
SIM2
SIM3
SIM4
1
21
22
SIM5
SIM1
SIM2
SIM3
SIM4
1
21
22
SIM5
SIM1
SIM2
SIM3
SIM4
1
21
22
SIM5
SIM1
SIM2
SIM3
SIM4
1
21
22
SIM5
SIM1
SIM2
SIM3
SIM4
1
21
22
SIM5
SIM1
SIM2
SIM3
SIM4
1
21
22
SIM5
SIM1
SIM2
SIM3
SIM4
1
21
22
SIM5
SIM1
SIM2
SIM3
SIM4
1
21
22
SIM5
SIM1
SIM2
SIM3
SIM4
1
21
22
SIM5
SIM1
SIM2
SIM3
SIM4
1
21
22
SIM5
SIM1
SIM2
SIM3
SIM4
1
21
22
SIM5
SIM1
SIM2
SIM3
SIM4
1
21
22
SIM5
SIM1
SIM2
SIM3
SIM4
1
21
22
SIM5
SIM1
SIM2
SIM3
SIM4
1
21
22
SIM5
SIM1
SIM2
SIM3
SIM4
1
21
22
SIM5
SIM1
SIM2
SIM3
SIM4
1
21
22
SIM5
SIM1
SIM2
SIM3
SIM4
1
21
22
SIM5
SIM1
SIM2
SIM3
SIM4
1
21
22
SIM5
SIM1
SIM2
SIM3
SIM4
1
21
22
SIM5
SIM1
SIM2
SIM3
SIM4
1
21
22
SIM5
SIM1
SIM2
SIM3
SIM4
1
21
22
SIM5
SIM1
SIM2
SIM3
SIM4
1
21
22
SIM5
SIM1
SIM2
SIM3
SIM4
1
21
22
SIM5
SIM1
SIM2
SIM3
SIM4
1
21
22
SIM5
SIM1
SIM2
SIM3
SIM4
1
21
22
SIM5
SIM1
SIM2
SIM3
SIM4
1
21
22
SIM5
SIM1
SIM2
SIM3
SIM4
1
21
22
SIM5
SIM1
SIM2
SIM3
SIM4
1
21
22
SIM5
SIM1
SIM2
SIM3
SIM4
1
21
22
SIM5
SIM1
SIM2
SIM3
SIM4
1
21
22
SIM5
SIM1
SIM2
SIM3
SIM4
1
21
22
SIM5
SIM1
SIM2
SIM3
SIM4
1
21
22
SIM5
SIM1
SIM2
SIM3
SIM4
1
21
22
SIM5
SIM1
SIM2
SIM3
SIM4
1
21
22
SIM5
SIM1
SIM2
SIM3
SIM4
1
21
22
SIM5
SIM1
SIM2
SIM3
SIM4
1
21
22
SIM5
SIM1
SIM2
SIM3
SIM4
1
21
22
SIM5
SIM1
SIM2
SIM3
SIM4
1
21
22
SIM5
SIM1
SIM2
SIM3
SIM4
1
21
22
SIM5
SIM1
SIM2
SIM3
SIM4
1
21
22
SIM5
SIM1
SIM2
SIM3
SIM4
1
21
22
SIM5
SIM1
SIM2
SIM3
SIM4
1
21
22
SIM5
SIM1
SIM2
SIM3
SIM4
1
21
22
SIM5
SIM1
SIM2
SIM3
SIM4
1
21
22
SIM5
SIM1
SIM2
SIM3
SIM4
1
21
22
SIM5
SIM1
SIM2
SIM3
SIM4
1
21
22
SIM5
SIM1
SIM2
SIM3
SIM4
1
21
22
SIM5
SIM1
SIM2
SIM3
SIM4
1
21
22
SIM5
SIM1
SIM2
SIM3
SIM4
1
21
22
SIM5
SIM1
SIM2
SIM3
SIM4
1
21
22
SIM5
SIM1
SIM2
SIM3
SIM4
1
21
22
SIM5
SIM1
SIM2
SIM3
SIM4
1
21
22
SIM5
SIM1
SIM2
SIM3
SIM4
1
21
22
SIM5
SIM1
SIM2
SIM3
SIM4
1
21
22
SIM5
SIM1
SIM2
SIM3
SIM4
1
21
22
SIM5
SIM1
SIM2
SIM3
SIM4
1
21
22
SIM5
SIM1
SIM2
SIM3
SIM4
1
21
22
SIM5
SIM1
SIM2
SIM3
SIM4
1
21
22
SIM5
SIM1
SIM2
SIM3
SIM4
1
21
22
SIM5
SIM1
SIM2
SIM3
SIM4
1
21
22
SIM5
SIM1
SIM2
SIM3
SIM4
1
21
22
SIM5
SIM1
SIM2
SIM3
SIM4
1
21
22
SIM5
SIM1
SIM2
SIM3
SIM4
1
21
22
SIM5
SIM1
SIM2
SIM3
SIM4
1
21
22
SIM5
SIM1
SIM2
SIM3
SIM4
1
21
22
SIM5
SIM1
SIM2
SIM3
SIM4
1
21
22
SIM5
SIM1
SIM2
SIM3
SIM4
1
21
22
SIM5
SIM1
SIM2
SIM3
SIM4
1
21
22
SIM5
SIM1
SIM2
DEBUG 1 820
SIM1
SIM2
SIM3
SIM4
1
21
22
SIM5
SIM1
SIM2
SIM3
SIM4
1
21
22
SIM5
SIM1
SIM2
SIM3
SIM4
1
21
22
SIM5
SIM1
SIM2
SIM3
SIM4
1
21
22
SIM5
SIM1
SIM2
SIM3
SIM4
1
21
22
SIM5
SIM1
SIM2
SIM3
SIM4
1
21
22
SIM5
SIM1
SIM2
SIM3
SIM4
1
21
22
SIM5
SIM1
SIM2
SIM3
SIM4
1
21
22
SIM5
SIM1
SIM2
SIM3
SIM4
1
21
22
SIM5
SIM1
SIM2
SIM3
SIM4
1
21
22
SIM5
SIM1
SIM2
SIM3
SIM4
1
21
22
SIM5
SIM1
SIM2
SIM3
SIM4
1
21
22
SIM5
SIM1
SIM2
SIM3
SIM4
1
21
22
SIM5
SIM1
SIM2
SIM3
SIM4
1
21
22
SIM5
SIM1
SIM2
SIM3
SIM4
1
21
22
SIM5
SIM1
SIM2
SIM3
SIM4
1
21
22
SIM5
SIM1
SIM2
SIM3
SIM4
1
21
22
SIM5
SIM1
SIM2
SIM3
SIM4
1
21
22
SIM5
SIM1
SIM2
SIM3
SIM4
1
21
22
SIM5
SIM1
SIM2
SIM3
SIM4
1
21
22
SIM5
SIM1
SIM2
SIM3
SIM4
1
21
22
SIM5
SIM1
SIM2
SIM3
SIM4
1
21
22
SIM5
SIM1
SIM2
SIM3
SIM4
1
21
22
SIM5
SIM1
SIM2
SIM3
SIM4
1
21
22
SIM5
SIM1
SIM2
SIM3
SIM4
1
21
22
SIM5
SIM1
SIM2
SIM3
SIM4
1
21
22
SIM5
SIM1
SIM2
SIM3
SIM4
1
21
22
SIM5
SIM1
SIM2
SIM3
SIM4
1
21
22
SIM5
SIM1
SIM2
SIM3
SIM4
1
21
22
SIM5
SIM1
SIM2
SIM3
SIM4
1
21
22
SIM5
SIM1
SIM2
SIM3
SIM4
1
21
22
SIM5
SIM1
SIM2
SIM3
SIM4
1
21
22
SIM5
SIM1
SIM2
SIM3
SIM4
1
21
22
SIM5
SIM1
SIM2
SIM3
SIM4
1
21
22
SIM5
SIM1
SIM2
SIM3
SIM4
1
21
22
SIM5
SIM1
SIM2
SIM3
SIM4
1
21
22
SIM5
SIM1
SIM2
SIM3
SIM4
1
21
22
SIM5
SIM1
SIM2
SIM3
SIM4
1
21
22
SIM5
SIM1
SIM2
SIM3
SIM4
1
21
22
SIM5
SIM1
SIM2
SIM3
SIM4
1
21
22
SIM5
SIM1
SIM2
SIM3
SIM4
1
21
22
SIM5
SIM1
SIM2
SIM3
SIM4
1
21
22
SIM5
SIM1
SIM2
SIM3
SIM4
1
21
22
SIM5
SIM1
SIM2
SIM3
SIM4
1
21
22
SIM5
SIM1
SIM2
SIM3
SIM4
1
21
22
SIM5
SIM1
SIM2
SIM3
SIM4
1
21
22
SIM5
SIM1
SIM2
SIM3
SIM4
1
21
22
SIM5
SIM1
SIM2
SIM3
SIM4
1
21
22
SIM5
SIM1
SIM2
SIM3
SIM4
1
21
22
SIM5
SIM1
SIM2
SIM3
SIM4
1
21
22
SIM5
SIM1
SIM2
SIM3
SIM4
1
21
22
SIM5
SIM1
SIM2
SIM3
SIM4
1
21
22
SIM5
SIM1
SIM2
SIM3
SIM4
1
21
22
SIM5
SIM1
SIM2
SIM3
SIM4
1
21
22
SIM5
SIM1
SIM2
SIM3
SIM4
1
21
22
SIM5
SIM1
SIM2
SIM3
SIM4
1
21
22
SIM5
SIM1
SIM2
SIM3
SIM4
1
21
22
SIM5
SIM1
SIM2
SIM3
SIM4
1
21
22
SIM5
SIM1
SIM2
SIM3
SIM4
1
21
22
SIM5
SIM1
SIM2
SIM3
SIM4
1
21
22
SIM5
SIM1
SIM2
SIM3
SIM4
1
21
22
SIM5
SIM1
SIM2
SIM3
SIM4
1
21
22
SIM5
SIM1
SIM2
SIM3
SIM4
1
21
22
SIM5
SIM1
SIM2
SIM3
SIM4
1
21
22
SIM5
SIM1
SIM2
SIM3
SIM4
1
21
22
SIM5
SIM1
SIM2
SIM3
SIM4
1
21
22
SIM5
SIM1
SIM2
SIM3
SIM4
1
21
22
SIM5
SIM1
SIM2
SIM3
SIM4
1
21
22
SIM5
SIM1
SIM2
SIM3
SIM4
1
21
22
SIM5
SIM1
SIM2
SIM3
SIM4
1
21
22
SIM5
SIM1
SIM2
SIM3
SIM4
1
21
22
SIM5
SIM1
SIM2
SIM3
SIM4
1
21
22
SIM5
SIM1
SIM2
SIM3
SIM4
1
21
22
SIM5
SIM1
SIM2
SIM3
SIM4
1
21
22
SIM5
SIM1
SIM2
SIM3
SIM4
1
21
22
SIM5
SIM1
SIM2
SIM3
SIM4
1
21
22
SIM5
SIM1
SIM2
SIM3
SIM4
1
21
22
SIM5
SIM1
SIM2
SIM3
SIM4
1
21
22
SIM5
SIM1
SIM2
SIM3
SIM4
1
21
22
SIM5
SIM1
SIM2
SIM3
SIM4
1
21
22
SIM5
SIM1
SIM2
SIM3
SIM4
1
21
22
SIM5
SIM1
SIM2
SIM3
SIM4
1
21
22
SIM5
SIM1
SIM2
SIM3
SIM4
1
21
22
SIM5
SIM1
SIM2
SIM3
SIM4
1
21
22
SIM5
SIM1
SIM2
SIM3
SIM4
1
21
22
SIM5
SIM1
SIM2
SIM3
SIM4
1
21
22
SIM5
SIM1
SIM2
SIM3
SIM4
1
21
22
SIM5
SIM1
SIM2
SIM3
SIM4
1
21
22
SIM5
SIM1
SIM2
SIM3
SIM4
1
21
22
SIM5
SIM1
SIM2
SIM3
SIM4
1
21
22
SIM5
SIM1
SIM2
SIM3
SIM4
1
21
22
SIM5
SIM1
SIM2
SIM3
SIM4
1
21
22
SIM5
SIM1
SIM2
SIM3
SIM4
1
21
22
SIM5
SIM1
SIM2
SIM3
SIM4
1
21
22
SIM5
SIM1
SIM2
SIM3
SIM4
1
21
22
SIM5
SIM1
SIM2
SIM3
SIM4
1
21
22
SIM5
SIM1
SIM2
SIM3
SIM4
1
21
22
SIM5
SIM1
SIM2
SIM3
SIM4
1
21
22
SIM5
SIM1
SIM2
SIM3
SIM4
1
21
22
SIM5
SIM1
SIM2
SIM3
SIM4
1
21
22
SIM5
SIM1
SIM2
SIM3
SIM4
1
21
22
SIM5
SIM1
SIM2
SIM3
SIM4
1
21
22
SIM5
SIM1
SIM2
SIM3
SIM4
1
21
22
SIM5
SIM1
SIM2
SIM3
SIM4
1
21
22
SIM5
SIM1
SIM2
SIM3
SIM4
1
21
22
SIM5
SIM1
SIM2
SIM3
SIM4
1
21
22
SIM5
SIM1
SIM2
SIM3
SIM4
1
21
22
SIM5
SIM1
SIM2
SIM3
SIM4
1
21
22
SIM5
SIM1
SIM2
SIM3
SIM4
1
21
22
SIM5
SIM1
SIM2
SIM3
SIM4
1
21
22
SIM5
SIM1
SIM2
SIM3
SIM4
1
21
22
SIM5
SIM1
SIM2
SIM3
SIM4
1
21
22
SIM5
SIM1
SIM2
SIM3
SIM4
1
21
22
SIM5
SIM1
SIM2
SIM3
SIM4
1
21
22
SIM5
SIM1
SIM2
SIM3
SIM4
1
21
22
SIM5
SIM1
SIM2
SIM3
SIM4
1
21
22
SIM5
SIM1
SIM2
SIM3
SIM4
1
21
22
SIM5
SIM1
SIM2
SIM3
SIM4
1
21
22
SIM5
SIM1
SIM2
SIM3
SIM4
1
21
22
SIM5
SIM1
SIM2
SIM3
SIM4
1
21
22
SIM5
SIM1
SIM2
SIM3
SIM4
1
21
22
SIM5
SIM1
SIM2
SIM3
SIM4
1
21
22
SIM5
SIM1
SIM2
SIM3
SIM4
1
21
22
SIM5
SIM1
SIM2
SIM3
SIM4
1
21
22
SIM5
SIM1
SIM2
SIM3
SIM4
1
21
22
SIM5
SIM1
SIM2
SIM3
SIM4
1
21
22
SIM5
SIM1
SIM2
SIM3
SIM4
1
21
22
SIM5
SIM1
SIM2
SIM3
SIM4
1
21
22
SIM5
SIM1
SIM2
SIM3
SIM4
1
21
22
SIM5
SIM1
SIM2
SIM3
SIM4
1
21
22
SIM5
SIM1
SIM2
SIM3
SIM4
1
21
22
SIM5
SIM1
SIM2
SIM3
SIM4
1
21
22
SIM5
SIM1
SIM2
SIM3
SIM4
1
21
22
SIM5
SIM1
SIM2
SIM3
SIM4
1
21
22
SIM5
SIM1
SIM2
SIM3
SIM4
1
21
22
SIM5
SIM1
SIM2
SIM3
SIM4
1
21
22
SIM5
SIM1
SIM2
SIM3
SIM4
1
21
22
SIM5
SIM1
SIM2
SIM3
SIM4
1
21
22
SIM5
SIM1
SIM2
SIM3
SIM4
1
21
22
SIM5
SIM1
SIM2
SIM3
SIM4
1
21
22
SIM5
SIM1
SIM2
SIM3
SIM4
1
21
22
SIM5
SIM1
SIM2
SIM3
SIM4
1
21
22
SIM5
SIM1
SIM2
SIM3
SIM4
1
21
22
SIM5
SIM1
SIM2
SIM3
SIM4
1
21
22
SIM5
SIM1
SIM2
SIM3
SIM4
1
21
22
SIM5
SIM1
SIM2
SIM3
SIM4
1
21
22
SIM5
SIM1
SIM2
SIM3
SIM4
1
21
22
SIM5
SIM1
SIM2
SIM3
SIM4
1
21
22
SIM5
SIM1
SIM2
SIM3
SIM4
1
21
22
SIM5
SIM1
SIM2
SIM3
SIM4
1
21
22
SIM5
SIM1
SIM2
SIM3
SIM4
1
21
22
SIM5
SIM1
SIM2
SIM3
SIM4
1
21
22
SIM5
SIM1
SIM2
SIM3
SIM4
1
21
22
SIM5
SIM1
SIM2
SIM3
SIM4
1
21
22
SIM5
SIM1
SIM2
SIM3
SIM4
1
21
22
SIM5
SIM1
SIM2
SIM3
SIM4
1
21
22
SIM5
SIM1
SIM2
SIM3
SIM4
1
21
22
SIM5
SIM1
SIM2
SIM3
SIM4
1
21
22
SIM5
SIM1
SIM2
SIM3
SIM4
1
21
22
SIM5
SIM1
SIM2
SIM3
SIM4
1
21
22
SIM5
SIM1
SIM2
SIM3
SIM4
1
21
22
SIM5
SIM1
SIM2
SIM3
SIM4
1
21
22
SIM5
SIM1
SIM2
SIM3
SIM4
1
21
22
SIM5
SIM1
SIM2
SIM3
SIM4
1
21
22
SIM5
SIM1
SIM2
SIM3
SIM4
1
21
22
SIM5
SIM1
SIM2
SIM3
SIM4
1
21
22
SIM5
SIM1
SIM2
SIM3
SIM4
1
21
22
SIM5
SIM1
SIM2
SIM3
SIM4
1
21
22
SIM5
SIM1
SIM2
SIM3
SIM4
1
21
22
SIM5
SIM1
SIM2
SIM3
SIM4
1
21
22
SIM5
SIM1
SIM2
SIM3
SIM4
1
21
22
SIM5
SIM1
SIM2
SIM3
SIM4
1
21
22
SIM5
SIM1
SIM2
SIM3
SIM4
1
21
22
SIM5
SIM1
SIM2
SIM3
SIM4
1
21
22
SIM5
SIM1
SIM2
SIM3
SIM4
1
21
22
SIM5
SIM1
SIM2
SIM3
SIM4
1
21
22
SIM5
SIM1
SIM2
SIM3
SIM4
1
21
22
SIM5
SIM1
SIM2
SIM3
SIM4
1
21
22
SIM5
SIM1
SIM2
SIM3
SIM4
1
21
22
SIM5
SIM1
SIM2
SIM3
SIM4
1
21
22
SIM5
SIM1
SIM2
SIM3
SIM4
1
21
22
SIM5
SIM1
SIM2
SIM3
SIM4
1
21
22
SIM5
SIM1
SIM2
SIM3
SIM4
1
21
22
SIM5
SIM1
SIM2
SIM3
SIM4
1
21
22
SIM5
SIM1
SIM2
SIM3
SIM4
1
21
22
SIM5
SIM1
SIM2
SIM3
SIM4
1
21
22
SIM5
SIM1
SIM2
SIM3
SIM4
1
21
22
SIM5
SIM1
SIM2
SIM3
SIM4
1
21
22
SIM5
SIM1
SIM2
SIM3
SIM4
1
21
22
SIM5
SIM1
SIM2
SIM3
SIM4
1
21
22
SIM5
SIM1
SIM2
SIM3
SIM4
1
21
22
SIM5
SIM1
SIM2
SIM3
SIM4
1
21
22
SIM5
SIM1
SIM2
SIM3
SIM4
1
21
22
SIM5
SIM1
SIM2
DEBUG 1 821
SIM1
SIM2
SIM3
SIM4
1
21
22
SIM5
SIM1
SIM2
SIM3
SIM4
1
21
22
SIM5
SIM1
SIM2
SIM3
SIM4
1
21
22
SIM5
SIM1
SIM2
SIM3
SIM4
1
21
22
SIM5
SIM1
SIM2
SIM3
SIM4
1
21
22
SIM5
SIM1
SIM2
SIM3
SIM4
1
21
22
SIM5
SIM1
SIM2
SIM3
SIM4
1
21
22
SIM5
SIM1
SIM2
SIM3
SIM4
1
21
22
SIM5
SIM1
SIM2
SIM3
SIM4
1
21
22
SIM5
SIM1
SIM2
SIM3
SIM4
1
21
22
SIM5
SIM1
SIM2
SIM3
SIM4
1
21
22
SIM5
SIM1
SIM2
SIM3
SIM4
1
21
22
SIM5
SIM1
SIM2
SIM3
SIM4
1
21
22
SIM5
SIM1
SIM2
SIM3
SIM4
1
21
22
SIM5
SIM1
SIM2
SIM3
SIM4
1
21
22
SIM5
SIM1
SIM2
SIM3
SIM4
1
21
22
SIM5
SIM1
SIM2
SIM3
SIM4
1
21
22
SIM5
SIM1
SIM2
SIM3
SIM4
1
21
22
SIM5
SIM1
SIM2
SIM3
SIM4
1
21
22
SIM5
SIM1
SIM2
SIM3
SIM4
1
21
22
SIM5
SIM1
SIM2
SIM3
SIM4
1
21
22
SIM5
SIM1
SIM2
SIM3
SIM4
1
21
22
SIM5
SIM1
SIM2
SIM3
SIM4
1
21
22
SIM5
SIM1
SIM2
SIM3
SIM4
1
21
22
SIM5
SIM1
SIM2
SIM3
SIM4
1
21
22
SIM5
SIM1
SIM2
SIM3
SIM4
1
21
22
SIM5
SIM1
SIM2
SIM3
SIM4
1
21
22
SIM5
SIM1
SIM2
SIM3
SIM4
1
21
22
SIM5
SIM1
SIM2
SIM3
SIM4
1
21
22
SIM5
SIM1
SIM2
SIM3
SIM4
1
21
22
SIM5
SIM1
SIM2
SIM3
SIM4
1
21
22
SIM5
SIM1
SIM2
SIM3
SIM4
1
21
22
SIM5
SIM1
SIM2
SIM3
SIM4
1
21
22
SIM5
SIM1
SIM2
SIM3
SIM4
1
21
22
SIM5
SIM1
SIM2
SIM3
SIM4
1
21
22
SIM5
SIM1
SIM2
SIM3
SIM4
1
21
22
SIM5
SIM1
SIM2
SIM3
SIM4
1
21
22
SIM5
SIM1
SIM2
SIM3
SIM4
1
21
22
SIM5
SIM1
SIM2
SIM3
SIM4
1
21
22
SIM5
SIM1
SIM2
SIM3
SIM4
1
21
22
SIM5
SIM1
SIM2
SIM3
SIM4
1
21
22
SIM5
SIM1
SIM2
SIM3
SIM4
1
21
22
SIM5
SIM1
SIM2
SIM3
SIM4
1
21
22
SIM5
SIM1
SIM2
SIM3
SIM4
1
21
22
SIM5
SIM1
SIM2
SIM3
SIM4
1
21
22
SIM5
SIM1
SIM2
SIM3
SIM4
1
21
22
SIM5
SIM1
SIM2
SIM3
SIM4
1
21
22
SIM5
SIM1
SIM2
SIM3
SIM4
1
21
22
SIM5
SIM1
SIM2
SIM3
SIM4
1
21
22
SIM5
SIM1
SIM2
SIM3
SIM4
1
21
22
SIM5
SIM1
SIM2
SIM3
SIM4
1
21
22
SIM5
SIM1
SIM2
SIM3
SIM4
1
21
22
SIM5
SIM1
SIM2
SIM3
SIM4
1
21
22
SIM5
SIM1
SIM2
SIM3
SIM4
1
21
22
SIM5
SIM1
SIM2
SIM3
SIM4
1
21
22
SIM5
SIM1
SIM2
SIM3
SIM4
1
21
22
SIM5
SIM1
SIM2
SIM3
SIM4
1
21
22
SIM5
SIM1
SIM2
SIM3
SIM4
1
21
22
SIM5
SIM1
SIM2
SIM3
SIM4
1
21
22
SIM5
SIM1
SIM2
SIM3
SIM4
1
21
22
SIM5
SIM1
SIM2
SIM3
SIM4
1
21
22
SIM5
SIM1
SIM2
SIM3
SIM4
1
21
22
SIM5
SIM1
SIM2
SIM3
SIM4
1
21
22
SIM5
SIM1
SIM2
SIM3
SIM4
1
21
22
SIM5
SIM1
SIM2
SIM3
SIM4
1
21
22
SIM5
SIM1
SIM2
SIM3
SIM4
1
21
22
SIM5
SIM1
SIM2
SIM3
SIM4
1
21
22
SIM5
SIM1
SIM2
SIM3
SIM4
1
21
22
SIM5
SIM1
SIM2
SIM3
SIM4
1
21
22
SIM5
SIM1
SIM2
SIM3
SIM4
1
21
22
SIM5
SIM1
SIM2
SIM3
SIM4
1
21
22
SIM5
SIM1
SIM2
SIM3
SIM4
1
21
22
SIM5
SIM1
SIM2
SIM3
SIM4
1
21
22
SIM5
SIM1
SIM2
SIM3
SIM4
1
21
22
SIM5
SIM1
SIM2
SIM3
SIM4
1
21
22
SIM5
SIM1
SIM2
SIM3
SIM4
1
21
22
SIM5
SIM1
SIM2
SIM3
SIM4
1
21
22
SIM5
SIM1
SIM2
SIM3
SIM4
1
21
22
SIM5
SIM1
SIM2
SIM3
SIM4
1
21
22
SIM5
SIM1
SIM2
SIM3
SIM4
1
21
22
SIM5
SIM1
SIM2
SIM3
SIM4
1
21
22
SIM5
SIM1
SIM2
SIM3
SIM4
1
21
22
SIM5
SIM1
SIM2
SIM3
SIM4
1
21
22
SIM5
SIM1
SIM2
SIM3
SIM4
1
21
22
SIM5
SIM1
SIM2
SIM3
SIM4
1
21
22
SIM5
SIM1
SIM2
SIM3
SIM4
1
21
22
SIM5
SIM1
SIM2
SIM3
SIM4
1
21
22
SIM5
SIM1
SIM2
SIM3
SIM4
1
21
22
SIM5
SIM1
SIM2
SIM3
SIM4
1
21
22
SIM5
SIM1
SIM2
SIM3
SIM4
1
21
22
SIM5
SIM1
SIM2
SIM3
SIM4
1
21
22
SIM5
SIM1
SIM2
SIM3
SIM4
1
21
22
SIM5
SIM1
SIM2
SIM3
SIM4
1
21
22
SIM5
SIM1
SIM2
SIM3
SIM4
1
21
22
SIM5
SIM1
SIM2
SIM3
SIM4
1
21
22
SIM5
SIM1
SIM2
SIM3
SIM4
1
21
22
SIM5
SIM1
SIM2
SIM3
SIM4
1
21
22
SIM5
SIM1
SIM2
SIM3
SIM4
1
21
22
SIM5
SIM1
SIM2
SIM3
SIM4
1
21
22
SIM5
SIM1
SIM2
SIM3
SIM4
1
21
22
SIM5
SIM1
SIM2
SIM3
SIM4
1
21
22
SIM5
SIM1
SIM2
SIM3
SIM4
1
21
22
SIM5
SIM1
SIM2
SIM3
SIM4
1
21
22
SIM5
SIM1
SIM2
SIM3
SIM4
1
21
22
SIM5
SIM1
SIM2
SIM3
SIM4
1
21
22
SIM5
SIM1
SIM2
SIM3
SIM4
1
21
22
SIM5
SIM1
SIM2
SIM3
SIM4
1
21
22
SIM5
SIM1
SIM2
SIM3
SIM4
1
21
22
SIM5
SIM1
SIM2
SIM3
SIM4
1
21
22
SIM5
SIM1
SIM2
SIM3
SIM4
1
21
22
SIM5
SIM1
SIM2
SIM3
SIM4
1
21
22
SIM5
SIM1
SIM2
SIM3
SIM4
1
21
22
SIM5
SIM1
SIM2
SIM3
SIM4
1
21
22
SIM5
SIM1
SIM2
SIM3
SIM4
1
21
22
SIM5
SIM1
SIM2
SIM3
SIM4
1
21
22
SIM5
SIM1
SIM2
SIM3
SIM4
1
21
22
SIM5
SIM1
SIM2
SIM3
SIM4
1
21
22
SIM5
SIM1
SIM2
SIM3
SIM4
1
21
22
SIM5
SIM1
SIM2
SIM3
SIM4
1
21
22
SIM5
SIM1
SIM2
SIM3
SIM4
1
21
22
SIM5
SIM1
SIM2
SIM3
SIM4
1
21
22
SIM5
SIM1
SIM2
SIM3
SIM4
1
21
22
SIM5
SIM1
SIM2
SIM3
SIM4
1
21
22
SIM5
SIM1
SIM2
SIM3
SIM4
1
21
22
SIM5
SIM1
SIM2
SIM3
SIM4
1
21
22
SIM5
SIM1
SIM2
SIM3
SIM4
1
21
22
SIM5
SIM1
SIM2
SIM3
SIM4
1
21
22
SIM5
SIM1
SIM2
SIM3
SIM4
1
21
22
SIM5
SIM1
SIM2
SIM3
SIM4
1
21
22
SIM5
SIM1
SIM2
SIM3
SIM4
1
21
22
SIM5
SIM1
SIM2
SIM3
SIM4
1
21
22
SIM5
SIM1
SIM2
SIM3
SIM4
1
21
22
SIM5
SIM1
SIM2
SIM3
SIM4
1
21
22
SIM5
SIM1
SIM2
SIM3
SIM4
1
21
22
SIM5
SIM1
SIM2
SIM3
SIM4
1
21
22
SIM5
SIM1
SIM2
SIM3
SIM4
1
21
22
SIM5
SIM1
SIM2
SIM3
SIM4
1
21
22
SIM5
SIM1
SIM2
SIM3
SIM4
1
21
22
SIM5
SIM1
SIM2
SIM3
SIM4
1
21
22
SIM5
SIM1
SIM2
SIM3
SIM4
1
21
22
SIM5
SIM1
SIM2
SIM3
SIM4
1
21
22
SIM5
SIM1
SIM2
SIM3
SIM4
1
21
22
SIM5
SIM1
SIM2
SIM3
SIM4
1
21
22
SIM5
SIM1
SIM2
SIM3
SIM4
1
21
22
SIM5
SIM1
SIM2
SIM3
SIM4
1
21
22
SIM5
SIM1
SIM2
SIM3
SIM4
1
21
22
SIM5
SIM1
SIM2
SIM3
SIM4
1
21
22
SIM5
SIM1
SIM2
SIM3
SIM4
1
21
22
SIM5
SIM1
SIM2
SIM3
SIM4
1
21
22
SIM5
SIM1
SIM2
SIM3
SIM4
1
21
22
SIM5
SIM1
SIM2
SIM3
SIM4
1
21
22
SIM5
SIM1
SIM2
SIM3
SIM4
1
21
22
SIM5
SIM1
SIM2
SIM3
SIM4
1
21
22
SIM5
SIM1
SIM2
SIM3
SIM4
1
21
22
SIM5
SIM1
SIM2
SIM3
SIM4
1
21
22
SIM5
SIM1
SIM2
SIM3
SIM4
1
21
22
SIM5
SIM1
SIM2
DEBUG 1 822
SIM1
SIM2
SIM3
SIM4
1
21
22
SIM5
SIM1
SIM2
SIM3
SIM4
1
21
22
SIM5
SIM1
SIM2
SIM3
SIM4
1
21
22
SIM5
SIM1
SIM2
SIM3
SIM4
1
21
22
SIM5
SIM1
SIM2
SIM3
SIM4
1
21
22
SIM5
SIM1
SIM2
SIM3
SIM4
1
21
22
SIM5
SIM1
SIM2
SIM3
SIM4
1
21
22
SIM5
SIM1
SIM2
SIM3
SIM4
1
21
22
SIM5
SIM1
SIM2
SIM3
SIM4
1
21
22
SIM5
SIM1
SIM2
SIM3
SIM4
1
21
22
SIM5
SIM1
SIM2
SIM3
SIM4
1
21
22
SIM5
SIM1
SIM2
SIM3
SIM4
1
21
22
SIM5
SIM1
SIM2
SIM3
SIM4
1
21
22
SIM5
SIM1
SIM2
SIM3
SIM4
1
21
22
SIM5
SIM1
SIM2
SIM3
SIM4
1
21
22
SIM5
SIM1
SIM2
SIM3
SIM4
1
21
22
SIM5
SIM1
SIM2
SIM3
SIM4
1
21
22
SIM5
SIM1
SIM2
SIM3
SIM4
1
21
22
SIM5
SIM1
SIM2
SIM3
SIM4
1
21
22
SIM5
SIM1
SIM2
SIM3
SIM4
1
21
22
SIM5
SIM1
SIM2
SIM3
SIM4
1
21
22
SIM5
SIM1
SIM2
SIM3
SIM4
1
21
22
SIM5
SIM1
SIM2
SIM3
SIM4
1
21
22
SIM5
SIM1
SIM2
SIM3
SIM4
1
21
22
SIM5
SIM1
SIM2
SIM3
SIM4
1
21
22
SIM5
SIM1
SIM2
SIM3
SIM4
1
21
22
SIM5
SIM1
SIM2
SIM3
SIM4
1
21
22
SIM5
SIM1
SIM2
SIM3
SIM4
1
21
22
SIM5
SIM1
SIM2
SIM3
SIM4
1
21
22
SIM5
SIM1
SIM2
SIM3
SIM4
1
21
22
SIM5
SIM1
SIM2
SIM3
SIM4
1
21
22
SIM5
SIM1
SIM2
SIM3
SIM4
1
21
22
SIM5
SIM1
SIM2
SIM3
SIM4
1
21
22
SIM5
SIM1
SIM2
SIM3
SIM4
1
21
22
SIM5
SIM1
SIM2
SIM3
SIM4
1
21
22
SIM5
SIM1
SIM2
SIM3
SIM4
1
21
22
SIM5
SIM1
SIM2
SIM3
SIM4
1
21
22
SIM5
SIM1
SIM2
SIM3
SIM4
1
21
22
SIM5
SIM1
SIM2
SIM3
SIM4
1
21
22
SIM5
SIM1
SIM2
SIM3
SIM4
1
21
22
SIM5
SIM1
SIM2
SIM3
SIM4
1
21
22
SIM5
SIM1
SIM2
SIM3
SIM4
1
21
22
SIM5
SIM1
SIM2
SIM3
SIM4
1
21
22
SIM5
SIM1
SIM2
SIM3
SIM4
1
21
22
SIM5
SIM1
SIM2
SIM3
SIM4
1
21
22
SIM5
SIM1
SIM2
SIM3
SIM4
1
21
22
SIM5
SIM1
SIM2
SIM3
SIM4
1
21
22
SIM5
SIM1
SIM2
SIM3
SIM4
1
21
22
SIM5
SIM1
SIM2
SIM3
SIM4
1
21
22
SIM5
SIM1
SIM2
SIM3
SIM4
1
21
22
SIM5
SIM1
SIM2
SIM3
SIM4
1
21
22
SIM5
SIM1
SIM2
SIM3
SIM4
1
21
22
SIM5
SIM1
SIM2
SIM3
SIM4
1
21
22
SIM5
SIM1
SIM2
SIM3
SIM4
1
21
22
SIM5
SIM1
SIM2
SIM3
SIM4
1
21
22
SIM5
SIM1
SIM2
SIM3
SIM4
1
21
22
SIM5
SIM1
SIM2
SIM3
SIM4
1
21
22
SIM5
SIM1
SIM2
SIM3
SIM4
1
21
22
SIM5
SIM1
SIM2
SIM3
SIM4
1
21
22
SIM5
SIM1
SIM2
SIM3
SIM4
1
21
22
SIM5
SIM1
SIM2
SIM3
SIM4
1
21
22
SIM5
SIM1
SIM2
SIM3
SIM4
1
21
22
SIM5
SIM1
SIM2
SIM3
SIM4
1
21
22
SIM5
SIM1
SIM2
SIM3
SIM4
1
21
22
SIM5
SIM1
SIM2
SIM3
SIM4
1
21
22
SIM5
SIM1
SIM2
SIM3
SIM4
1
21
22
SIM5
SIM1
SIM2
SIM3
SIM4
1
21
22
SIM5
SIM1
SIM2
SIM3
SIM4
1
21
22
SIM5
SIM1
SIM2
SIM3
SIM4
1
21
22
SIM5
SIM1
SIM2
SIM3
SIM4
1
21
22
SIM5
SIM1
SIM2
SIM3
SIM4
1
21
22
SIM5
SIM1
SIM2
SIM3
SIM4
1
21
22
SIM5
SIM1
SIM2
SIM3
SIM4
1
21
22
SIM5
SIM1
SIM2
SIM3
SIM4
1
21
22
SIM5
SIM1
SIM2
SIM3
SIM4
1
21
22
SIM5
SIM1
SIM2
SIM3
SIM4
1
21
22
SIM5
SIM1
SIM2
SIM3
SIM4
1
21
22
SIM5
SIM1
SIM2
SIM3
SIM4
1
21
22
SIM5
SIM1
SIM2
SIM3
SIM4
1
21
22
SIM5
SIM1
SIM2
SIM3
SIM4
1
21
22
SIM5
SIM1
SIM2
SIM3
SIM4
1
21
22
SIM5
SIM1
SIM2
SIM3
SIM4
1
21
22
SIM5
SIM1
SIM2
SIM3
SIM4
1
21
22
SIM5
SIM1
SIM2
SIM3
SIM4
1
21
22
SIM5
SIM1
SIM2
SIM3
SIM4
1
21
22
SIM5
SIM1
SIM2
SIM3
SIM4
1
21
22
SIM5
SIM1
SIM2
SIM3
SIM4
1
21
22
SIM5
SIM1
SIM2
SIM3
SIM4
1
21
22
SIM5
SIM1
SIM2
SIM3
SIM4
1
21
22
SIM5
SIM1
SIM2
SIM3
SIM4
1
21
22
SIM5
SIM1
SIM2
SIM3
SIM4
1
21
22
SIM5
SIM1
SIM2
SIM3
SIM4
1
21
22
SIM5
SIM1
SIM2
SIM3
SIM4
1
21
22
SIM5
SIM1
SIM2
SIM3
SIM4
1
21
22
SIM5
SIM1
SIM2
SIM3
SIM4
1
21
22
SIM5
SIM1
SIM2
SIM3
SIM4
1
21
22
SIM5
SIM1
SIM2
SIM3
SIM4
1
21
22
SIM5
SIM1
SIM2
SIM3
SIM4
1
21
22
SIM5
SIM1
SIM2
SIM3
SIM4
1
21
22
SIM5
SIM1
SIM2
SIM3
SIM4
1
21
22
SIM5
SIM1
SIM2
SIM3
SIM4
1
21
22
SIM5
SIM1
SIM2
SIM3
SIM4
1
21
22
SIM5
SIM1
SIM2
SIM3
SIM4
1
21
22
SIM5
SIM1
SIM2
SIM3
SIM4
1
21
22
SIM5
SIM1
SIM2
SIM3
SIM4
1
21
22
SIM5
SIM1
SIM2
SIM3
SIM4
1
21
22
SIM5
SIM1
SIM2
SIM3
SIM4
1
21
22
SIM5
SIM1
SIM2
SIM3
SIM4
1
21
22
SIM5
SIM1
SIM2
SIM3
SIM4
1
21
22
SIM5
SIM1
SIM2
SIM3
SIM4
1
21
22
SIM5
SIM1
SIM2
SIM3
SIM4
1
21
22
SIM5
SIM1
SIM2
SIM3
SIM4
1
21
22
SIM5
SIM1
SIM2
SIM3
SIM4
1
21
22
SIM5
SIM1
SIM2
SIM3
SIM4
1
21
22
SIM5
SIM1
SIM2
SIM3
SIM4
1
21
22
SIM5
SIM1
SIM2
SIM3
SIM4
1
21
22
SIM5
SIM1
SIM2
SIM3
SIM4
1
21
22
SIM5
SIM1
SIM2
SIM3
SIM4
1
21
22
SIM5
SIM1
SIM2
SIM3
SIM4
1
21
22
SIM5
SIM1
SIM2
SIM3
SIM4
1
21
22
SIM5
SIM1
SIM2
SIM3
SIM4
1
21
22
SIM5
SIM1
SIM2
SIM3
SIM4
1
21
22
SIM5
SIM1
SIM2
SIM3
SIM4
1
21
22
SIM5
SIM1
SIM2
SIM3
SIM4
1
21
22
SIM5
SIM1
SIM2
SIM3
SIM4
1
21
22
SIM5
SIM1
SIM2
SIM3
SIM4
1
21
22
SIM5
SIM1
SIM2
SIM3
SIM4
1
21
22
SIM5
SIM1
SIM2
SIM3
SIM4
1
21
22
SIM5
SIM1
SIM2
SIM3
SIM4
1
21
22
SIM5
SIM1
SIM2
SIM3
SIM4
1
21
22
SIM5
SIM1
SIM2
SIM3
SIM4
1
21
22
SIM5
SIM1
SIM2
SIM3
SIM4
1
21
22
SIM5
SIM1
SIM2
SIM3
SIM4
1
21
22
SIM5
SIM1
SIM2
SIM3
SIM4
1
21
22
SIM5
SIM1
SIM2
SIM3
SIM4
1
21
22
SIM5
SIM1
SIM2
SIM3
SIM4
1
21
22
SIM5
SIM1
SIM2
SIM3
SIM4
1
21
22
SIM5
SIM1
SIM2
SIM3
SIM4
1
21
22
SIM5
SIM1
SIM2
SIM3
SIM4
1
21
22
SIM5
SIM1
SIM2
SIM3
SIM4
1
21
22
SIM5
SIM1
SIM2
SIM3
SIM4
1
21
22
SIM5
SIM1
SIM2
SIM3
SIM4
1
21
22
SIM5
SIM1
SIM2
SIM3
SIM4
1
21
22
SIM5
SIM1
SIM2
SIM3
SIM4
1
21
22
SIM5
SIM1
SIM2
SIM3
SIM4
1
21
22
SIM5
SIM1
SIM2
SIM3
SIM4
1
21
22
SIM5
SIM1
SIM2
SIM3
SIM4
1
21
22
SIM5
SIM1
SIM2
SIM3
SIM4
1
21
22
SIM5
SIM1
SIM2
SIM3
SIM4
1
21
22
SIM5
SIM1
SIM2
SIM3
SIM4
1
21
22
SIM5
SIM1
SIM2
SIM3
SIM4
1
21
22
SIM5
SIM1
SIM2
SIM3
SIM4
1
21
22
SIM5
SIM1
SIM2
SIM3
SIM4
1
21
22
SIM5
SIM1
SIM2
SIM3
SIM4
1
21
22
SIM5
SIM1
SIM2
SIM3
SIM4
1
21
22
SIM5
SIM1
SIM2
SIM3
SIM4
1
21
22
SIM5
SIM1
SIM2
SIM3
SIM4
1
21
22
SIM5
SIM1
SIM2
SIM3
SIM4
1
21
22
SIM5
SIM1
SIM2
SIM3
SIM4
1
21
22
SIM5
SIM1
SIM2
SIM3
SIM4
1
21
22
SIM5
SIM1
SIM2
SIM3
SIM4
1
21
22
SIM5
SIM1
SIM2
SIM3
SIM4
1
21
22
SIM5
SIM1
SIM2
SIM3
SIM4
1
21
22
SIM5
SIM1
SIM2
SIM3
SIM4
1
21
22
SIM5
SIM1
SIM2
SIM3
SIM4
1
21
22
SIM5
SIM1
SIM2
SIM3
SIM4
1
21
22
SIM5
SIM1
SIM2
SIM3
SIM4
1
21
22
SIM5
SIM1
SIM2
SIM3
SIM4
1
21
22
SIM5
SIM1
SIM2
SIM3
SIM4
1
21
22
SIM5
SIM1
SIM2
SIM3
SIM4
1
21
22
SIM5
SIM1
SIM2
SIM3
SIM4
1
21
22
SIM5
SIM1
SIM2
SIM3
SIM4
1
21
22
SIM5
SIM1
SIM2
SIM3
SIM4
1
21
22
SIM5
SIM1
SIM2
SIM3
SIM4
1
21
22
SIM5
SIM1
SIM2
SIM3
SIM4
1
21
22
SIM5
SIM1
SIM2
SIM3
SIM4
1
21
22
SIM5
SIM1
SIM2
SIM3
SIM4
1
21
22
SIM5
SIM1
SIM2
SIM3
SIM4
1
21
22
SIM5
SIM1
SIM2
SIM3
SIM4
1
21
22
SIM5
SIM1
SIM2
SIM3
SIM4
1
21
22
SIM5
SIM1
SIM2
SIM3
SIM4
1
21
22
SIM5
SIM1
SIM2
SIM3
SIM4
1
21
22
SIM5
SIM1
SIM2
SIM3
SIM4
1
21
22
SIM5
SIM1
SIM2
SIM3
SIM4
1
21
22
SIM5
SIM1
SIM2
SIM3
SIM4
1
21
22
SIM5
SIM1
SIM2
SIM3
SIM4
1
21
22
SIM5
SIM1
SIM2
SIM3
SIM4
1
21
22
SIM5
SIM1
SIM2
SIM3
SIM4
1
21
22
SIM5
SIM1
SIM2
SIM3
SIM4
1
21
22
SIM5
SIM1
SIM2
SIM3
SIM4
1
21
22
SIM5
SIM1
SIM2
SIM3
SIM4
1
21
22
SIM5
SIM1
SIM2
SIM3
SIM4
1
21
22
SIM5
SIM1
SIM2
SIM3
SIM4
1
21
22
SIM5
SIM1
SIM2
SIM3
SIM4
1
21
22
SIM5
SIM1
SIM2
SIM3
SIM4
1
21
22
SIM5
SIM1
SIM2
SIM3
SIM4
1
21
22
SIM5
SIM1
SIM2
SIM3
SIM4
1
21
22
SIM5
SIM1
SIM2
SIM3
SIM4
1
21
22
SIM5
SIM1
SIM2
SIM3
SIM4
1
21
22
SIM5
SIM1
SIM2
SIM3
SIM4
1
21
22
SIM5
SIM1
SIM2
SIM3
SIM4
1
21
22
SIM5
SIM1
SIM2
SIM3
SIM4
1
21
22
SIM5
SIM1
SIM2
SIM3
SIM4
1
21
22
SIM5
SIM1
SIM2
SIM3
SIM4
1
21
22
SIM5
SIM1
SIM2
SIM3
SIM4
1
21
22
SIM5
SIM1
SIM2
SIM3
SIM4
1
21
22
SIM5
SIM1
SIM2
SIM3
SIM4
1
21
22
SIM5
SIM1
SIM2
SIM3
SIM4
1
21
22
SIM5
SIM1
SIM2
SIM3
SIM4
1
21
22
SIM5
SIM1
SIM2
SIM3
SIM4
1
21
22
SIM5
SIM1
SIM2
SIM3
SIM4
1
21
22
SIM5
SIM1
SIM2
SIM3
SIM4
1
21
22
SIM5
SIM1
SIM2
SIM3
SIM4
1
21
22
SIM5
SIM1
SIM2
SIM3
SIM4
1
21
22
SIM5
SIM1
SIM2
SIM3
SIM4
1
21
22
SIM5
SIM1
SIM2
SIM3
SIM4
1
21
22
SIM5
SIM1
SIM2
SIM3
SIM4
1
21
22
SIM5
SIM1
SIM2
SIM3
SIM4
1
21
22
SIM5
SIM1
SIM2
SIM3
SIM4
1
21
22
SIM5
SIM1
SIM2
SIM3
SIM4
1
21
22
SIM5
SIM1
SIM2
SIM3
SIM4
1
21
22
SIM5
SIM1
SIM2
SIM3
SIM4
1
21
22
SIM5
SIM1
SIM2
SIM3
SIM4
1
21
22
SIM5
SIM1
SIM2
SIM3
SIM4
1
21
22
SIM5
SIM1
SIM2
SIM3
SIM4
1
21
22
SIM5
SIM1
SIM2
SIM3
SIM4
1
21
22
SIM5
SIM1
SIM2
SIM3
SIM4
1
21
22
SIM5
SIM1
SIM2
SIM3
SIM4
1
21
22
SIM5
SIM1
SIM2
SIM3
SIM4
1
21
22
SIM5
SIM1
SIM2
SIM3
SIM4
1
21
22
SIM5
SIM1
SIM2
SIM3
SIM4
1
21
22
SIM5
SIM1
SIM2
SIM3
SIM4
1
21
22
SIM5
SIM1
SIM2
SIM3
SIM4
1
21
22
SIM5
SIM1
SIM2
SIM3
SIM4
1
21
22
SIM5
SIM1
SIM2
SIM3
SIM4
1
21
22
SIM5
SIM1
SIM2
SIM3
SIM4
1
21
22
SIM5
SIM1
SIM2
SIM3
SIM4
1
21
22
SIM5
SIM1
SIM2
SIM3
SIM4
1
21
22
SIM5
SIM1
SIM2
SIM3
SIM4
1
21
22
SIM5
SIM1
SIM2
SIM3
SIM4
1
21
22
SIM5
SIM1
SIM2
SIM3
SIM4
1
21
22
SIM5
SIM1
SIM2
SIM3
SIM4
1
21
22
SIM5
SIM1
SIM2
SIM3
SIM4
1
21
22
SIM5
SIM1
SIM2
SIM3
SIM4
1
21
22
SIM5
SIM1
SIM2
SIM3
SIM4
1
21
22
SIM5
SIM1
SIM2
SIM3
SIM4
1
21
22
SIM5
SIM1
SIM2
SIM3
SIM4
1
21
22
SIM5
SIM1
SIM2
SIM3
SIM4
1
21
22
SIM5
SIM1
SIM2
SIM3
SIM4
1
21
22
SIM5
SIM1
SIM2
SIM3
SIM4
1
21
22
SIM5
SIM1
SIM2
SIM3
SIM4
1
21
22
SIM5
SIM1
SIM2
SIM3
SIM4
1
21
22
SIM5
SIM1
SIM2
SIM3
SIM4
1
21
22
SIM5
SIM1
SIM2
SIM3
SIM4
1
21
22
SIM5
SIM1
SIM2
SIM3
SIM4
1
21
22
SIM5
SIM1
SIM2
SIM3
SIM4
1
21
22
SIM5
SIM1
SIM2
SIM3
SIM4
1
21
22
SIM5
SIM1
SIM2
SIM3
SIM4
1
21
22
SIM5
SIM1
SIM2
SIM3
SIM4
1
21
22
SIM5
SIM1
SIM2
SIM3
SIM4
1
21
22
SIM5
SIM1
SIM2
SIM3
SIM4
1
21
22
SIM5
SIM1
SIM2
SIM3
SIM4
1
21
22
SIM5
SIM1
SIM2
SIM3
SIM4
1
21
22
SIM5
SIM1
SIM2
SIM3
SIM4
1
21
22
SIM5
SIM1
SIM2
SIM3
SIM4
1
21
22
SIM5
SIM1
SIM2
SIM3
SIM4
1
21
22
SIM5
SIM1
SIM2
SIM3
SIM4
1
21
22
SIM5
SIM1
SIM2
DEBUG 1 823
SIM1
SIM2
SIM3
SIM4
1
21
22
SIM5
SIM1
SIM2
SIM3
SIM4
1
21
22
SIM5
SIM1
SIM2
SIM3
SIM4
1
21
22
SIM5
SIM1
SIM2
SIM3
SIM4
1
21
22
SIM5
SIM1
SIM2
SIM3
SIM4
1
21
22
SIM5
SIM1
SIM2
SIM3
SIM4
1
21
22
SIM5
SIM1
SIM2
SIM3
SIM4
1
21
22
SIM5
SIM1
SIM2
SIM3
SIM4
1
21
22
SIM5
SIM1
SIM2
SIM3
SIM4
1
21
22
SIM5
SIM1
SIM2
SIM3
SIM4
1
21
22
SIM5
SIM1
SIM2
SIM3
SIM4
1
21
22
SIM5
SIM1
SIM2
SIM3
SIM4
1
21
22
SIM5
SIM1
SIM2
SIM3
SIM4
1
21
22
SIM5
SIM1
SIM2
SIM3
SIM4
1
21
22
SIM5
SIM1
SIM2
SIM3
SIM4
1
21
22
SIM5
SIM1
SIM2
SIM3
SIM4
1
21
22
SIM5
SIM1
SIM2
SIM3
SIM4
1
21
22
SIM5
SIM1
SIM2
SIM3
SIM4
1
21
22
SIM5
SIM1
SIM2
SIM3
SIM4
1
21
22
SIM5
SIM1
SIM2
SIM3
SIM4
1
21
22
SIM5
SIM1
SIM2
SIM3
SIM4
1
21
22
SIM5
SIM1
SIM2
SIM3
SIM4
1
21
22
SIM5
SIM1
SIM2
SIM3
SIM4
1
21
22
SIM5
SIM1
SIM2
SIM3
SIM4
1
21
22
SIM5
SIM1
SIM2
SIM3
SIM4
1
21
22
SIM5
SIM1
SIM2
SIM3
SIM4
1
21
22
SIM5
SIM1
SIM2
SIM3
SIM4
1
21
22
SIM5
SIM1
SIM2
SIM3
SIM4
1
21
22
SIM5
SIM1
SIM2
SIM3
SIM4
1
21
22
SIM5
SIM1
SIM2
SIM3
SIM4
1
21
22
SIM5
SIM1
SIM2
SIM3
SIM4
1
21
22
SIM5
SIM1
SIM2
SIM3
SIM4
1
21
22
SIM5
SIM1
SIM2
SIM3
SIM4
1
21
22
SIM5
SIM1
SIM2
SIM3
SIM4
1
21
22
SIM5
SIM1
SIM2
SIM3
SIM4
1
21
22
SIM5
SIM1
SIM2
SIM3
SIM4
1
21
22
SIM5
SIM1
SIM2
SIM3
SIM4
1
21
22
SIM5
SIM1
SIM2
SIM3
SIM4
1
21
22
SIM5
SIM1
SIM2
SIM3
SIM4
1
21
22
SIM5
SIM1
SIM2
SIM3
SIM4
1
21
22
SIM5
SIM1
SIM2
SIM3
SIM4
1
21
22
SIM5
SIM1
SIM2
SIM3
SIM4
1
21
22
SIM5
SIM1
SIM2
SIM3
SIM4
1
21
22
SIM5
SIM1
SIM2
SIM3
SIM4
1
21
22
SIM5
SIM1
SIM2
SIM3
SIM4
1
21
22
SIM5
SIM1
SIM2
SIM3
SIM4
1
21
22
SIM5
SIM1
SIM2
SIM3
SIM4
1
21
22
SIM5
SIM1
SIM2
SIM3
SIM4
1
21
22
SIM5
SIM1
SIM2
SIM3
SIM4
1
21
22
SIM5
SIM1
SIM2
SIM3
SIM4
1
21
22
SIM5
SIM1
SIM2
SIM3
SIM4
1
21
22
SIM5
SIM1
SIM2
SIM3
SIM4
1
21
22
SIM5
SIM1
SIM2
SIM3
SIM4
1
21
22
SIM5
SIM1
SIM2
SIM3
SIM4
1
21
22
SIM5
SIM1
SIM2
SIM3
SIM4
1
21
22
SIM5
SIM1
SIM2
SIM3
SIM4
1
21
22
SIM5
SIM1
SIM2
SIM3
SIM4
1
21
22
SIM5
SIM1
SIM2
SIM3
SIM4
1
21
22
SIM5
SIM1
SIM2
SIM3
SIM4
1
21
22
SIM5
SIM1
SIM2
SIM3
SIM4
1
21
22
SIM5
SIM1
SIM2
SIM3
SIM4
1
21
22
SIM5
SIM1
SIM2
SIM3
SIM4
1
21
22
SIM5
SIM1
SIM2
SIM3
SIM4
1
21
22
SIM5
SIM1
SIM2
SIM3
SIM4
1
21
22
SIM5
SIM1
SIM2
SIM3
SIM4
1
21
22
SIM5
SIM1
SIM2
SIM3
SIM4
1
21
22
SIM5
SIM1
SIM2
SIM3
SIM4
1
21
22
SIM5
SIM1
SIM2
SIM3
SIM4
1
21
22
SIM5
SIM1
SIM2
SIM3
SIM4
1
21
22
SIM5
SIM1
SIM2
SIM3
SIM4
1
21
22
SIM5
SIM1
SIM2
SIM3
SIM4
1
21
22
SIM5
SIM1
SIM2
SIM3
SIM4
1
21
22
SIM5
SIM1
SIM2
SIM3
SIM4
1
21
22
SIM5
SIM1
SIM2
SIM3
SIM4
1
21
22
SIM5
SIM1
SIM2
SIM3
SIM4
1
21
22
SIM5
SIM1
SIM2
SIM3
SIM4
1
21
22
SIM5
SIM1
SIM2
SIM3
SIM4
1
21
22
SIM5
SIM1
SIM2
SIM3
SIM4
1
21
22
SIM5
SIM1
SIM2
SIM3
SIM4
1
21
22
SIM5
SIM1
SIM2
SIM3
SIM4
1
21
22
SIM5
SIM1
SIM2
SIM3
SIM4
1
21
22
SIM5
SIM1
SIM2
SIM3
SIM4
1
21
22
SIM5
SIM1
SIM2
SIM3
SIM4
1
21
22
SIM5
SIM1
SIM2
SIM3
SIM4
1
21
22
SIM5
SIM1
SIM2
SIM3
SIM4
1
21
22
SIM5
SIM1
SIM2
SIM3
SIM4
1
21
22
SIM5
SIM1
SIM2
SIM3
SIM4
1
21
22
SIM5
SIM1
SIM2
SIM3
SIM4
1
21
22
SIM5
SIM1
SIM2
SIM3
SIM4
1
21
22
SIM5
SIM1
SIM2
SIM3
SIM4
1
21
22
SIM5
SIM1
SIM2
SIM3
SIM4
1
21
22
SIM5
SIM1
SIM2
SIM3
SIM4
1
21
22
SIM5
SIM1
SIM2
SIM3
SIM4
1
21
22
SIM5
SIM1
SIM2
SIM3
SIM4
1
21
22
SIM5
SIM1
SIM2
SIM3
SIM4
1
21
22
SIM5
SIM1
SIM2
SIM3
SIM4
1
21
22
SIM5
SIM1
SIM2
SIM3
SIM4
1
21
22
SIM5
SIM1
SIM2
SIM3
SIM4
1
21
22
SIM5
SIM1
SIM2
SIM3
SIM4
1
21
22
SIM5
SIM1
SIM2
SIM3
SIM4
1
21
22
SIM5
SIM1
SIM2
SIM3
SIM4
1
21
22
SIM5
SIM1
SIM2
SIM3
SIM4
1
21
22
SIM5
SIM1
SIM2
SIM3
SIM4
1
21
22
SIM5
SIM1
SIM2
SIM3
SIM4
1
21
22
SIM5
SIM1
SIM2
SIM3
SIM4
1
21
22
SIM5
SIM1
SIM2
SIM3
SIM4
1
21
22
SIM5
SIM1
SIM2
SIM3
SIM4
1
21
22
SIM5
SIM1
SIM2
SIM3
SIM4
1
21
22
SIM5
SIM1
SIM2
SIM3
SIM4
1
21
22
SIM5
SIM1
SIM2
SIM3
SIM4
1
21
22
SIM5
SIM1
SIM2
SIM3
SIM4
1
21
22
SIM5
SIM1
SIM2
SIM3
SIM4
1
21
22
SIM5
SIM1
SIM2
SIM3
SIM4
1
21
22
SIM5
SIM1
SIM2
SIM3
SIM4
1
21
22
SIM5
SIM1
SIM2
SIM3
SIM4
1
21
22
SIM5
SIM1
SIM2
SIM3
SIM4
1
21
22
SIM5
SIM1
SIM2
SIM3
SIM4
1
21
22
SIM5
SIM1
SIM2
SIM3
SIM4
1
21
22
SIM5
SIM1
SIM2
SIM3
SIM4
1
21
22
SIM5
SIM1
SIM2
SIM3
SIM4
1
21
22
SIM5
SIM1
SIM2
SIM3
SIM4
1
21
22
SIM5
SIM1
SIM2
SIM3
SIM4
1
21
22
SIM5
SIM1
SIM2
SIM3
SIM4
1
21
22
SIM5
SIM1
SIM2
SIM3
SIM4
1
21
22
SIM5
SIM1
SIM2
SIM3
SIM4
1
21
22
SIM5
SIM1
SIM2
SIM3
SIM4
1
21
22
SIM5
SIM1
SIM2
SIM3
SIM4
1
21
22
SIM5
SIM1
SIM2
SIM3
SIM4
1
21
22
SIM5
SIM1
SIM2
SIM3
SIM4
1
21
22
SIM5
SIM1
SIM2
SIM3
SIM4
1
21
22
SIM5
SIM1
SIM2
SIM3
SIM4
1
21
22
SIM5
SIM1
SIM2
SIM3
SIM4
1
21
22
SIM5
SIM1
SIM2
SIM3
SIM4
1
21
22
SIM5
SIM1
SIM2
SIM3
SIM4
1
21
22
SIM5
SIM1
SIM2
SIM3
SIM4
1
21
22
SIM5
SIM1
SIM2
SIM3
SIM4
1
21
22
SIM5
SIM1
SIM2
SIM3
SIM4
1
21
22
SIM5
SIM1
SIM2
SIM3
SIM4
1
21
22
SIM5
SIM1
SIM2
SIM3
SIM4
1
21
22
SIM5
SIM1
SIM2
SIM3
SIM4
1
21
22
SIM5
SIM1
SIM2
SIM3
SIM4
1
21
22
SIM5
SIM1
SIM2
SIM3
SIM4
1
21
22
SIM5
SIM1
SIM2
SIM3
SIM4
1
21
22
SIM5
SIM1
SIM2
SIM3
SIM4
1
21
22
SIM5
SIM1
SIM2
SIM3
SIM4
1
21
22
SIM5
SIM1
SIM2
SIM3
SIM4
1
21
22
SIM5
SIM1
SIM2
SIM3
SIM4
1
21
22
SIM5
SIM1
SIM2
SIM3
SIM4
1
21
22
SIM5
SIM1
SIM2
SIM3
SIM4
1
21
22
SIM5
SIM1
SIM2
SIM3
SIM4
1
21
22
SIM5
SIM1
SIM2
SIM3
SIM4
1
21
22
SIM5
SIM1
SIM2
SIM3
SIM4
1
21
22
SIM5
SIM1
SIM2
SIM3
SIM4
1
21
22
SIM5
SIM1
SIM2
SIM3
SIM4
1
21
22
SIM5
SIM1
SIM2
SIM3
SIM4
1
21
22
SIM5
SIM1
SIM2
SIM3
SIM4
1
21
22
SIM5
SIM1
SIM2
SIM3
SIM4
1
21
22
SIM5
SIM1
SIM2
SIM3
SIM4
1
21
22
SIM5
SIM1
SIM2
SIM3
SIM4
1
21
22
SIM5
SIM1
SIM2
SIM3
SIM4
1
21
22
SIM5
SIM1
SIM2
SIM3
SIM4
1
21
22
SIM5
SIM1
SIM2
SIM3
SIM4
1
21
22
SIM5
SIM1
SIM2
SIM3
SIM4
1
21
22
SIM5
SIM1
SIM2
SIM3
SIM4
1
21
22
SIM5
SIM1
SIM2
SIM3
SIM4
1
21
22
SIM5
SIM1
SIM2
SIM3
SIM4
1
21
22
SIM5
SIM1
SIM2
SIM3
SIM4
1
21
22
SIM5
SIM1
SIM2
SIM3
SIM4
1
21
22
SIM5
SIM1
SIM2
SIM3
SIM4
1
21
22
SIM5
SIM1
SIM2
DEBUG 1 824
SIM1
SIM2
SIM3
SIM4
1
21
22
SIM5
SIM1
SIM2
SIM3
SIM4
1
21
22
SIM5
SIM1
SIM2
SIM3
SIM4
1
21
22
SIM5
SIM1
SIM2
SIM3
SIM4
1
21
22
SIM5
SIM1
SIM2
SIM3
SIM4
1
21
22
SIM5
SIM1
SIM2
SIM3
SIM4
1
21
22
SIM5
SIM1
SIM2
SIM3
SIM4
1
21
22
SIM5
SIM1
SIM2
SIM3
SIM4
1
21
22
SIM5
SIM1
SIM2
SIM3
SIM4
1
21
22
SIM5
SIM1
SIM2
SIM3
SIM4
1
21
22
SIM5
SIM1
SIM2
SIM3
SIM4
1
21
22
SIM5
SIM1
SIM2
SIM3
SIM4
1
21
22
SIM5
SIM1
SIM2
SIM3
SIM4
1
21
22
SIM5
SIM1
SIM2
SIM3
SIM4
1
21
22
SIM5
SIM1
SIM2
SIM3
SIM4
1
21
22
SIM5
SIM1
SIM2
SIM3
SIM4
1
21
22
SIM5
SIM1
SIM2
SIM3
SIM4
1
21
22
SIM5
SIM1
SIM2
SIM3
SIM4
1
21
22
SIM5
SIM1
SIM2
SIM3
SIM4
1
21
22
SIM5
SIM1
SIM2
SIM3
SIM4
1
21
22
SIM5
SIM1
SIM2
SIM3
SIM4
1
21
22
SIM5
SIM1
SIM2
SIM3
SIM4
1
21
22
SIM5
SIM1
SIM2
SIM3
SIM4
1
21
22
SIM5
SIM1
SIM2
SIM3
SIM4
1
21
22
SIM5
SIM1
SIM2
SIM3
SIM4
1
21
22
SIM5
SIM1
SIM2
SIM3
SIM4
1
21
22
SIM5
SIM1
SIM2
SIM3
SIM4
1
21
22
SIM5
SIM1
SIM2
SIM3
SIM4
1
21
22
SIM5
SIM1
SIM2
SIM3
SIM4
1
21
22
SIM5
SIM1
SIM2
SIM3
SIM4
1
21
22
SIM5
SIM1
SIM2
SIM3
SIM4
1
21
22
SIM5
SIM1
SIM2
SIM3
SIM4
1
21
22
SIM5
SIM1
SIM2
SIM3
SIM4
1
21
22
SIM5
SIM1
SIM2
SIM3
SIM4
1
21
22
SIM5
SIM1
SIM2
SIM3
SIM4
1
21
22
SIM5
SIM1
SIM2
SIM3
SIM4
1
21
22
SIM5
SIM1
SIM2
SIM3
SIM4
1
21
22
SIM5
SIM1
SIM2
SIM3
SIM4
1
21
22
SIM5
SIM1
SIM2
SIM3
SIM4
1
21
22
SIM5
SIM1
SIM2
SIM3
SIM4
1
21
22
SIM5
SIM1
SIM2
SIM3
SIM4
1
21
22
SIM5
SIM1
SIM2
SIM3
SIM4
1
21
22
SIM5
SIM1
SIM2
SIM3
SIM4
1
21
22
SIM5
SIM1
SIM2
SIM3
SIM4
1
21
22
SIM5
SIM1
SIM2
SIM3
SIM4
1
21
22
SIM5
SIM1
SIM2
SIM3
SIM4
1
21
22
SIM5
SIM1
SIM2
SIM3
SIM4
1
21
22
SIM5
SIM1
SIM2
SIM3
SIM4
1
21
22
SIM5
SIM1
SIM2
SIM3
SIM4
1
21
22
SIM5
SIM1
SIM2
SIM3
SIM4
1
21
22
SIM5
SIM1
SIM2
SIM3
SIM4
1
21
22
SIM5
SIM1
SIM2
SIM3
SIM4
1
21
22
SIM5
SIM1
SIM2
SIM3
SIM4
1
21
22
SIM5
SIM1
SIM2
SIM3
SIM4
1
21
22
SIM5
SIM1
SIM2
SIM3
SIM4
1
21
22
SIM5
SIM1
SIM2
SIM3
SIM4
1
21
22
SIM5
SIM1
SIM2
SIM3
SIM4
1
21
22
SIM5
SIM1
SIM2
SIM3
SIM4
1
21
22
SIM5
SIM1
SIM2
SIM3
SIM4
1
21
22
SIM5
SIM1
SIM2
SIM3
SIM4
1
21
22
SIM5
SIM1
SIM2
SIM3
SIM4
1
21
22
SIM5
SIM1
SIM2
SIM3
SIM4
1
21
22
SIM5
SIM1
SIM2
SIM3
SIM4
1
21
22
SIM5
SIM1
SIM2
SIM3
SIM4
1
21
22
SIM5
SIM1
SIM2
SIM3
SIM4
1
21
22
SIM5
SIM1
SIM2
SIM3
SIM4
1
21
22
SIM5
SIM1
SIM2
SIM3
SIM4
1
21
22
SIM5
SIM1
SIM2
SIM3
SIM4
1
21
22
SIM5
SIM1
SIM2
SIM3
SIM4
1
21
22
SIM5
SIM1
SIM2
SIM3
SIM4
1
21
22
SIM5
SIM1
SIM2
SIM3
SIM4
1
21
22
SIM5
SIM1
SIM2
SIM3
SIM4
1
21
22
SIM5
SIM1
SIM2
SIM3
SIM4
1
21
22
SIM5
SIM1
SIM2
SIM3
SIM4
1
21
22
SIM5
SIM1
SIM2
SIM3
SIM4
1
21
22
SIM5
SIM1
SIM2
SIM3
SIM4
1
21
22
SIM5
SIM1
SIM2
SIM3
SIM4
1
21
22
SIM5
SIM1
SIM2
SIM3
SIM4
1
21
22
SIM5
SIM1
SIM2
SIM3
SIM4
1
21
22
SIM5
SIM1
SIM2
SIM3
SIM4
1
21
22
SIM5
SIM1
SIM2
SIM3
SIM4
1
21
22
SIM5
SIM1
SIM2
SIM3
SIM4
1
21
22
SIM5
SIM1
SIM2
SIM3
SIM4
1
21
22
SIM5
SIM1
SIM2
SIM3
SIM4
1
21
22
SIM5
SIM1
SIM2
SIM3
SIM4
1
21
22
SIM5
SIM1
SIM2
SIM3
SIM4
1
21
22
SIM5
SIM1
SIM2
SIM3
SIM4
1
21
22
SIM5
SIM1
SIM2
SIM3
SIM4
1
21
22
SIM5
SIM1
SIM2
SIM3
SIM4
1
21
22
SIM5
SIM1
SIM2
SIM3
SIM4
1
21
22
SIM5
SIM1
SIM2
SIM3
SIM4
1
21
22
SIM5
SIM1
SIM2
SIM3
SIM4
1
21
22
SIM5
SIM1
SIM2
SIM3
SIM4
1
21
22
SIM5
SIM1
SIM2
SIM3
SIM4
1
21
22
SIM5
SIM1
SIM2
SIM3
SIM4
1
21
22
SIM5
SIM1
SIM2
SIM3
SIM4
1
21
22
SIM5
SIM1
SIM2
SIM3
SIM4
1
21
22
SIM5
SIM1
SIM2
SIM3
SIM4
1
21
22
SIM5
SIM1
SIM2
SIM3
SIM4
1
21
22
SIM5
SIM1
SIM2
SIM3
SIM4
1
21
22
SIM5
SIM1
SIM2
SIM3
SIM4
1
21
22
SIM5
SIM1
SIM2
SIM3
SIM4
1
21
22
SIM5
SIM1
SIM2
SIM3
SIM4
1
21
22
SIM5
SIM1
SIM2
SIM3
SIM4
1
21
22
SIM5
SIM1
SIM2
SIM3
SIM4
1
21
22
SIM5
SIM1
SIM2
SIM3
SIM4
1
21
22
SIM5
SIM1
SIM2
SIM3
SIM4
1
21
22
SIM5
SIM1
SIM2
SIM3
SIM4
1
21
22
SIM5
SIM1
SIM2
SIM3
SIM4
1
21
22
SIM5
SIM1
SIM2
SIM3
SIM4
1
21
22
SIM5
SIM1
SIM2
SIM3
SIM4
1
21
22
SIM5
SIM1
SIM2
SIM3
SIM4
1
21
22
SIM5
SIM1
SIM2
SIM3
SIM4
1
21
22
SIM5
SIM1
SIM2
SIM3
SIM4
1
21
22
SIM5
SIM1
SIM2
SIM3
SIM4
1
21
22
SIM5
SIM1
SIM2
SIM3
SIM4
1
21
22
SIM5
SIM1
SIM2
SIM3
SIM4
1
21
22
SIM5
SIM1
SIM2
SIM3
SIM4
1
21
22
SIM5
SIM1
SIM2
SIM3
SIM4
1
21
22
SIM5
SIM1
SIM2
SIM3
SIM4
1
21
22
SIM5
SIM1
SIM2
SIM3
SIM4
1
21
22
SIM5
SIM1
SIM2
SIM3
SIM4
1
21
22
SIM5
SIM1
SIM2
SIM3
SIM4
1
21
22
SIM5
SIM1
SIM2
SIM3
SIM4
1
21
22
SIM5
SIM1
SIM2
SIM3
SIM4
1
21
22
SIM5
SIM1
SIM2
SIM3
SIM4
1
21
22
SIM5
SIM1
SIM2
SIM3
SIM4
1
21
22
SIM5
SIM1
SIM2
SIM3
SIM4
1
21
22
SIM5
SIM1
SIM2
SIM3
SIM4
1
21
22
SIM5
SIM1
SIM2
SIM3
SIM4
1
21
22
SIM5
SIM1
SIM2
SIM3
SIM4
1
21
22
SIM5
SIM1
SIM2
SIM3
SIM4
1
21
22
SIM5
SIM1
SIM2
SIM3
SIM4
1
21
22
SIM5
SIM1
SIM2
SIM3
SIM4
1
21
22
SIM5
SIM1
SIM2
SIM3
SIM4
1
21
22
SIM5
SIM1
SIM2
SIM3
SIM4
1
21
22
SIM5
SIM1
SIM2
SIM3
SIM4
1
21
22
SIM5
SIM1
SIM2
SIM3
SIM4
1
21
22
SIM5
SIM1
SIM2
SIM3
SIM4
1
21
22
SIM5
SIM1
SIM2
SIM3
SIM4
1
21
22
SIM5
SIM1
SIM2
SIM3
SIM4
1
21
22
SIM5
SIM1
SIM2
SIM3
SIM4
1
21
22
SIM5
SIM1
SIM2
SIM3
SIM4
1
21
22
SIM5
SIM1
SIM2
SIM3
SIM4
1
21
22
SIM5
SIM1
SIM2
SIM3
SIM4
1
21
22
SIM5
SIM1
SIM2
SIM3
SIM4
1
21
22
SIM5
SIM1
SIM2
SIM3
SIM4
1
21
22
SIM5
SIM1
SIM2
SIM3
SIM4
1
21
22
SIM5
SIM1
SIM2
SIM3
SIM4
1
21
22
SIM5
SIM1
SIM2
SIM3
SIM4
1
21
22
SIM5
SIM1
SIM2
SIM3
SIM4
1
21
22
SIM5
SIM1
SIM2
SIM3
SIM4
1
21
22
SIM5
SIM1
SIM2
SIM3
SIM4
1
21
22
SIM5
SIM1
SIM2
SIM3
SIM4
1
21
22
SIM5
SIM1
SIM2
SIM3
SIM4
1
21
22
SIM5
SIM1
SIM2
SIM3
SIM4
1
21
22
SIM5
SIM1
SIM2
SIM3
SIM4
1
21
22
SIM5
SIM1
SIM2
SIM3
SIM4
1
21
22
SIM5
SIM1
SIM2
SIM3
SIM4
1
21
22
SIM5
SIM1
SIM2
SIM3
SIM4
1
21
22
SIM5
SIM1
SIM2
SIM3
SIM4
1
21
22
SIM5
SIM1
SIM2
SIM3
SIM4
1
21
22
SIM5
SIM1
SIM2
SIM3
SIM4
1
21
22
SIM5
SIM1
SIM2
SIM3
SIM4
1
21
22
SIM5
SIM1
SIM2
SIM3
SIM4
1
21
22
SIM5
SIM1
SIM2
SIM3
SIM4
1
21
22
SIM5
SIM1
SIM2
SIM3
SIM4
1
21
22
SIM5
SIM1
SIM2
SIM3
SIM4
1
21
22
SIM5
SIM1
SIM2
SIM3
SIM4
1
21
22
SIM5
SIM1
SIM2
SIM3
SIM4
1
21
22
SIM5
SIM1
SIM2
SIM3
SIM4
1
21
22
SIM5
SIM1
SIM2
SIM3
SIM4
1
21
22
SIM5
SIM1
SIM2
SIM3
SIM4
1
21
22
SIM5
SIM1
SIM2
SIM3
SIM4
1
21
22
SIM5
SIM1
SIM2
SIM3
SIM4
1
21
22
SIM5
SIM1
SIM2
SIM3
SIM4
1
21
22
SIM5
SIM1
SIM2
SIM3
SIM4
1
21
22
SIM5
SIM1
SIM2
SIM3
SIM4
1
21
22
SIM5
SIM1
SIM2
SIM3
SIM4
1
21
22
SIM5
SIM1
SIM2
SIM3
SIM4
1
21
22
SIM5
SIM1
SIM2
SIM3
SIM4
1
21
22
SIM5
SIM1
SIM2
SIM3
SIM4
1
21
22
SIM5
SIM1
SIM2
SIM3
SIM4
1
21
22
SIM5
SIM1
SIM2
SIM3
SIM4
1
21
22
SIM5
SIM1
SIM2
SIM3
SIM4
1
21
22
SIM5
SIM1
SIM2
SIM3
SIM4
1
21
22
SIM5
SIM1
SIM2
SIM3
SIM4
1
21
22
SIM5
SIM1
SIM2
SIM3
SIM4
1
21
22
SIM5
SIM1
SIM2
SIM3
SIM4
1
21
22
SIM5
SIM1
SIM2
SIM3
SIM4
1
21
22
SIM5
SIM1
SIM2
SIM3
SIM4
1
21
22
SIM5
SIM1
SIM2
SIM3
SIM4
1
21
22
SIM5
SIM1
SIM2
SIM3
SIM4
1
21
22
SIM5
SIM1
SIM2
SIM3
SIM4
1
21
22
SIM5
SIM1
SIM2
SIM3
SIM4
1
21
22
SIM5
SIM1
SIM2
SIM3
SIM4
1
21
22
SIM5
SIM1
SIM2
SIM3
SIM4
1
21
22
SIM5
SIM1
SIM2
SIM3
SIM4
1
21
22
SIM5
SIM1
SIM2
SIM3
SIM4
1
21
22
SIM5
SIM1
SIM2
SIM3
SIM4
1
21
22
SIM5
SIM1
SIM2
SIM3
SIM4
1
21
22
SIM5
SIM1
SIM2
SIM3
SIM4
1
21
22
SIM5
SIM1
SIM2
SIM3
SIM4
1
21
22
SIM5
SIM1
SIM2
SIM3
SIM4
1
21
22
SIM5
SIM1
SIM2
SIM3
SIM4
1
21
22
SIM5
SIM1
SIM2
SIM3
SIM4
1
21
22
SIM5
SIM1
SIM2
SIM3
SIM4
1
21
22
SIM5
SIM1
SIM2
SIM3
SIM4
1
21
22
SIM5
SIM1
SIM2
SIM3
SIM4
1
21
22
SIM5
SIM1
SIM2
SIM3
SIM4
1
21
22
SIM5
SIM1
SIM2
SIM3
SIM4
1
21
22
SIM5
SIM1
SIM2
SIM3
SIM4
1
21
22
SIM5
SIM1
SIM2
DEBUG 1 825
SIM1
SIM2
SIM3
SIM4
1
21
22
SIM5
SIM1
SIM2
SIM3
SIM4
1
21
22
SIM5
SIM1
SIM2
SIM3
SIM4
1
21
22
SIM5
SIM1
SIM2
SIM3
SIM4
1
21
22
SIM5
SIM1
SIM2
SIM3
SIM4
1
21
22
SIM5
SIM1
SIM2
SIM3
SIM4
1
21
22
SIM5
SIM1
SIM2
SIM3
SIM4
1
21
22
SIM5
SIM1
SIM2
SIM3
SIM4
1
21
22
SIM5
SIM1
SIM2
SIM3
SIM4
1
21
22
SIM5
SIM1
SIM2
SIM3
SIM4
1
21
22
SIM5
SIM1
SIM2
SIM3
SIM4
1
21
22
SIM5
SIM1
SIM2
SIM3
SIM4
1
21
22
SIM5
SIM1
SIM2
SIM3
SIM4
1
21
22
SIM5
SIM1
SIM2
SIM3
SIM4
1
21
22
SIM5
SIM1
SIM2
SIM3
SIM4
1
21
22
SIM5
SIM1
SIM2
SIM3
SIM4
1
21
22
SIM5
SIM1
SIM2
SIM3
SIM4
1
21
22
SIM5
SIM1
SIM2
SIM3
SIM4
1
21
22
SIM5
SIM1
SIM2
SIM3
SIM4
1
21
22
SIM5
SIM1
SIM2
SIM3
SIM4
1
21
22
SIM5
SIM1
SIM2
SIM3
SIM4
1
21
22
SIM5
SIM1
SIM2
SIM3
SIM4
1
21
22
SIM5
SIM1
SIM2
SIM3
SIM4
1
21
22
SIM5
SIM1
SIM2
SIM3
SIM4
1
21
22
SIM5
SIM1
SIM2
SIM3
SIM4
1
21
22
SIM5
SIM1
SIM2
SIM3
SIM4
1
21
22
SIM5
SIM1
SIM2
SIM3
SIM4
1
21
22
SIM5
SIM1
SIM2
SIM3
SIM4
1
21
22
SIM5
SIM1
SIM2
SIM3
SIM4
1
21
22
SIM5
SIM1
SIM2
SIM3
SIM4
1
21
22
SIM5
SIM1
SIM2
SIM3
SIM4
1
21
22
SIM5
SIM1
SIM2
SIM3
SIM4
1
21
22
SIM5
SIM1
SIM2
SIM3
SIM4
1
21
22
SIM5
SIM1
SIM2
SIM3
SIM4
1
21
22
SIM5
SIM1
SIM2
SIM3
SIM4
1
21
22
SIM5
SIM1
SIM2
SIM3
SIM4
1
21
22
SIM5
SIM1
SIM2
SIM3
SIM4
1
21
22
SIM5
SIM1
SIM2
SIM3
SIM4
1
21
22
SIM5
SIM1
SIM2
SIM3
SIM4
1
21
22
SIM5
SIM1
SIM2
SIM3
SIM4
1
21
22
SIM5
SIM1
SIM2
SIM3
SIM4
1
21
22
SIM5
SIM1
SIM2
SIM3
SIM4
1
21
22
SIM5
SIM1
SIM2
SIM3
SIM4
1
21
22
SIM5
SIM1
SIM2
SIM3
SIM4
1
21
22
SIM5
SIM1
SIM2
SIM3
SIM4
1
21
22
SIM5
SIM1
SIM2
SIM3
SIM4
1
21
22
SIM5
SIM1
SIM2
SIM3
SIM4
1
21
22
SIM5
SIM1
SIM2
SIM3
SIM4
1
21
22
SIM5
SIM1
SIM2
SIM3
SIM4
1
21
22
SIM5
SIM1
SIM2
SIM3
SIM4
1
21
22
SIM5
SIM1
SIM2
SIM3
SIM4
1
21
22
SIM5
SIM1
SIM2
SIM3
SIM4
1
21
22
SIM5
SIM1
SIM2
SIM3
SIM4
1
21
22
SIM5
SIM1
SIM2
SIM3
SIM4
1
21
22
SIM5
SIM1
SIM2
SIM3
SIM4
1
21
22
SIM5
SIM1
SIM2
SIM3
SIM4
1
21
22
SIM5
SIM1
SIM2
SIM3
SIM4
1
21
22
SIM5
SIM1
SIM2
SIM3
SIM4
1
21
22
SIM5
SIM1
SIM2
SIM3
SIM4
1
21
22
SIM5
SIM1
SIM2
SIM3
SIM4
1
21
22
SIM5
SIM1
SIM2
SIM3
SIM4
1
21
22
SIM5
SIM1
SIM2
SIM3
SIM4
1
21
22
SIM5
SIM1
SIM2
SIM3
SIM4
1
21
22
SIM5
SIM1
SIM2
SIM3
SIM4
1
21
22
SIM5
SIM1
SIM2
SIM3
SIM4
1
21
22
SIM5
SIM1
SIM2
SIM3
SIM4
1
21
22
SIM5
SIM1
SIM2
SIM3
SIM4
1
21
22
SIM5
SIM1
SIM2
SIM3
SIM4
1
21
22
SIM5
SIM1
SIM2
SIM3
SIM4
1
21
22
SIM5
SIM1
SIM2
SIM3
SIM4
1
21
22
SIM5
SIM1
SIM2
SIM3
SIM4
1
21
22
SIM5
SIM1
SIM2
SIM3
SIM4
1
21
22
SIM5
SIM1
SIM2
SIM3
SIM4
1
21
22
SIM5
SIM1
SIM2
SIM3
SIM4
1
21
22
SIM5
SIM1
SIM2
SIM3
SIM4
1
21
22
SIM5
SIM1
SIM2
SIM3
SIM4
1
21
22
SIM5
SIM1
SIM2
SIM3
SIM4
1
21
22
SIM5
SIM1
SIM2
SIM3
SIM4
1
21
22
SIM5
SIM1
SIM2
SIM3
SIM4
1
21
22
SIM5
SIM1
SIM2
SIM3
SIM4
1
21
22
SIM5
SIM1
SIM2
SIM3
SIM4
1
21
22
SIM5
SIM1
SIM2
SIM3
SIM4
1
21
22
SIM5
SIM1
SIM2
SIM3
SIM4
1
21
22
SIM5
SIM1
SIM2
SIM3
SIM4
1
21
22
SIM5
SIM1
SIM2
SIM3
SIM4
1
21
22
SIM5
SIM1
SIM2
SIM3
SIM4
1
21
22
SIM5
SIM1
SIM2
SIM3
SIM4
1
21
22
SIM5
SIM1
SIM2
SIM3
SIM4
1
21
22
SIM5
SIM1
SIM2
SIM3
SIM4
1
21
22
SIM5
SIM1
SIM2
SIM3
SIM4
1
21
22
SIM5
SIM1
SIM2
SIM3
SIM4
1
21
22
SIM5
SIM1
SIM2
SIM3
SIM4
1
21
22
SIM5
SIM1
SIM2
SIM3
SIM4
1
21
22
SIM5
SIM1
SIM2
SIM3
SIM4
1
21
22
SIM5
SIM1
SIM2
SIM3
SIM4
1
21
22
SIM5
SIM1
SIM2
SIM3
SIM4
1
21
22
SIM5
SIM1
SIM2
SIM3
SIM4
1
21
22
SIM5
SIM1
SIM2
SIM3
SIM4
1
21
22
SIM5
SIM1
SIM2
SIM3
SIM4
1
21
22
SIM5
SIM1
SIM2
SIM3
SIM4
1
21
22
SIM5
SIM1
SIM2
SIM3
SIM4
1
21
22
SIM5
SIM1
SIM2
SIM3
SIM4
1
21
22
SIM5
SIM1
SIM2
SIM3
SIM4
1
21
22
SIM5
SIM1
SIM2
SIM3
SIM4
1
21
22
SIM5
SIM1
SIM2
SIM3
SIM4
1
21
22
SIM5
SIM1
SIM2
SIM3
SIM4
1
21
22
SIM5
SIM1
SIM2
SIM3
SIM4
1
21
22
SIM5
SIM1
SIM2
SIM3
SIM4
1
21
22
SIM5
SIM1
SIM2
SIM3
SIM4
1
21
22
SIM5
SIM1
SIM2
SIM3
SIM4
1
21
22
SIM5
SIM1
SIM2
SIM3
SIM4
1
21
22
SIM5
SIM1
SIM2
SIM3
SIM4
1
21
22
SIM5
SIM1
SIM2
SIM3
SIM4
1
21
22
SIM5
SIM1
SIM2
SIM3
SIM4
1
21
22
SIM5
SIM1
SIM2
SIM3
SIM4
1
21
22
SIM5
SIM1
SIM2
SIM3
SIM4
1
21
22
SIM5
SIM1
SIM2
SIM3
SIM4
1
21
22
SIM5
SIM1
SIM2
SIM3
SIM4
1
21
22
SIM5
SIM1
SIM2
SIM3
SIM4
1
21
22
SIM5
SIM1
SIM2
SIM3
SIM4
1
21
22
SIM5
SIM1
SIM2
SIM3
SIM4
1
21
22
SIM5
SIM1
SIM2
SIM3
SIM4
1
21
22
SIM5
SIM1
SIM2
SIM3
SIM4
1
21
22
SIM5
SIM1
SIM2
SIM3
SIM4
1
21
22
SIM5
SIM1
SIM2
SIM3
SIM4
1
21
22
SIM5
SIM1
SIM2
SIM3
SIM4
1
21
22
SIM5
SIM1
SIM2
SIM3
SIM4
1
21
22
SIM5
SIM1
SIM2
SIM3
SIM4
1
21
22
SIM5
SIM1
SIM2
SIM3
SIM4
1
21
22
SIM5
SIM1
SIM2
SIM3
SIM4
1
21
22
SIM5
SIM1
SIM2
SIM3
SIM4
1
21
22
SIM5
SIM1
SIM2
SIM3
SIM4
1
21
22
SIM5
SIM1
SIM2
SIM3
SIM4
1
21
22
SIM5
SIM1
SIM2
SIM3
SIM4
1
21
22
SIM5
SIM1
SIM2
SIM3
SIM4
1
21
22
SIM5
SIM1
SIM2
SIM3
SIM4
1
21
22
SIM5
SIM1
SIM2
SIM3
SIM4
1
21
22
SIM5
SIM1
SIM2
SIM3
SIM4
1
21
22
SIM5
SIM1
SIM2
SIM3
SIM4
1
21
22
SIM5
SIM1
SIM2
SIM3
SIM4
1
21
22
SIM5
SIM1
SIM2
SIM3
SIM4
1
21
22
SIM5
SIM1
SIM2
SIM3
SIM4
1
21
22
SIM5
SIM1
SIM2
SIM3
SIM4
1
21
22
SIM5
SIM1
SIM2
SIM3
SIM4
1
21
22
SIM5
SIM1
SIM2
SIM3
SIM4
1
21
22
SIM5
SIM1
SIM2
SIM3
SIM4
1
21
22
SIM5
SIM1
SIM2
SIM3
SIM4
1
21
22
SIM5
SIM1
SIM2
SIM3
SIM4
1
21
22
SIM5
SIM1
SIM2
SIM3
SIM4
1
21
22
SIM5
SIM1
SIM2
SIM3
SIM4
1
21
22
SIM5
SIM1
SIM2
SIM3
SIM4
1
21
22
SIM5
SIM1
SIM2
SIM3
SIM4
1
21
22
SIM5
SIM1
SIM2
SIM3
SIM4
1
21
22
SIM5
SIM1
SIM2
SIM3
SIM4
1
21
22
SIM5
SIM1
SIM2
SIM3
SIM4
1
21
22
SIM5
SIM1
SIM2
SIM3
SIM4
1
21
22
SIM5
SIM1
SIM2
SIM3
SIM4
1
21
22
SIM5
SIM1
SIM2
SIM3
SIM4
1
21
22
SIM5
SIM1
SIM2
SIM3
SIM4
1
21
22
SIM5
SIM1
SIM2
SIM3
SIM4
1
21
22
SIM5
SIM1
SIM2
SIM3
SIM4
1
21
22
SIM5
SIM1
SIM2
SIM3
SIM4
1
21
22
SIM5
SIM1
SIM2
SIM3
SIM4
1
21
22
SIM5
SIM1
SIM2
SIM3
SIM4
1
21
22
SIM5
SIM1
SIM2
SIM3
SIM4
1
21
22
SIM5
SIM1
SIM2
SIM3
SIM4
1
21
22
SIM5
SIM1
SIM2
SIM3
SIM4
1
21
22
SIM5
SIM1
SIM2
SIM3
SIM4
1
21
22
SIM5
SIM1
SIM2
SIM3
SIM4
1
21
22
SIM5
SIM1
SIM2
SIM3
SIM4
1
21
22
SIM5
SIM1
SIM2
SIM3
SIM4
1
21
22
SIM5
SIM1
SIM2
SIM3
SIM4
1
21
22
SIM5
SIM1
SIM2
SIM3
SIM4
1
21
22
SIM5
SIM1
SIM2
SIM3
SIM4
1
21
22
SIM5
SIM1
SIM2
SIM3
SIM4
1
21
22
SIM5
SIM1
SIM2
SIM3
SIM4
1
21
22
SIM5
SIM1
SIM2
SIM3
SIM4
1
21
22
SIM5
SIM1
SIM2
SIM3
SIM4
1
21
22
SIM5
SIM1
SIM2
SIM3
SIM4
1
21
22
SIM5
SIM1
SIM2
SIM3
SIM4
1
21
22
SIM5
SIM1
SIM2
SIM3
SIM4
1
21
22
SIM5
SIM1
SIM2
SIM3
SIM4
1
21
22
SIM5
SIM1
SIM2
SIM3
SIM4
1
21
22
SIM5
SIM1
SIM2
SIM3
SIM4
1
21
22
SIM5
SIM1
SIM2
SIM3
SIM4
1
21
22
SIM5
SIM1
SIM2
SIM3
SIM4
1
21
22
SIM5
SIM1
SIM2
SIM3
SIM4
1
21
22
SIM5
SIM1
SIM2
SIM3
SIM4
1
21
22
SIM5
SIM1
SIM2
SIM3
SIM4
1
21
22
SIM5
SIM1
SIM2
SIM3
SIM4
1
21
22
SIM5
SIM1
SIM2
SIM3
SIM4
1
21
22
SIM5
SIM1
SIM2
SIM3
SIM4
1
21
22
SIM5
SIM1
SIM2
SIM3
SIM4
1
21
22
SIM5
SIM1
SIM2
DEBUG 1 826
SIM1
SIM2
SIM3
SIM4
1
21
22
SIM5
SIM1
SIM2
SIM3
SIM4
1
21
22
SIM5
SIM1
SIM2
SIM3
SIM4
1
21
22
SIM5
SIM1
SIM2
SIM3
SIM4
1
21
22
SIM5
SIM1
SIM2
SIM3
SIM4
1
21
22
SIM5
SIM1
SIM2
SIM3
SIM4
1
21
22
SIM5
SIM1
SIM2
SIM3
SIM4
1
21
22
SIM5
SIM1
SIM2
SIM3
SIM4
1
21
22
SIM5
SIM1
SIM2
SIM3
SIM4
1
21
22
SIM5
SIM1
SIM2
SIM3
SIM4
1
21
22
SIM5
SIM1
SIM2
SIM3
SIM4
1
21
22
SIM5
SIM1
SIM2
SIM3
SIM4
1
21
22
SIM5
SIM1
SIM2
SIM3
SIM4
1
21
22
SIM5
SIM1
SIM2
SIM3
SIM4
1
21
22
SIM5
SIM1
SIM2
SIM3
SIM4
1
21
22
SIM5
SIM1
SIM2
SIM3
SIM4
1
21
22
SIM5
SIM1
SIM2
SIM3
SIM4
1
21
22
SIM5
SIM1
SIM2
SIM3
SIM4
1
21
22
SIM5
SIM1
SIM2
SIM3
SIM4
1
21
22
SIM5
SIM1
SIM2
SIM3
SIM4
1
21
22
SIM5
SIM1
SIM2
SIM3
SIM4
1
21
22
SIM5
SIM1
SIM2
SIM3
SIM4
1
21
22
SIM5
SIM1
SIM2
SIM3
SIM4
1
21
22
SIM5
SIM1
SIM2
SIM3
SIM4
1
21
22
SIM5
SIM1
SIM2
SIM3
SIM4
1
21
22
SIM5
SIM1
SIM2
SIM3
SIM4
1
21
22
SIM5
SIM1
SIM2
SIM3
SIM4
1
21
22
SIM5
SIM1
SIM2
SIM3
SIM4
1
21
22
SIM5
SIM1
SIM2
SIM3
SIM4
1
21
22
SIM5
SIM1
SIM2
SIM3
SIM4
1
21
22
SIM5
SIM1
SIM2
SIM3
SIM4
1
21
22
SIM5
SIM1
SIM2
SIM3
SIM4
1
21
22
SIM5
SIM1
SIM2
SIM3
SIM4
1
21
22
SIM5
SIM1
SIM2
SIM3
SIM4
1
21
22
SIM5
SIM1
SIM2
SIM3
SIM4
1
21
22
SIM5
SIM1
SIM2
SIM3
SIM4
1
21
22
SIM5
SIM1
SIM2
SIM3
SIM4
1
21
22
SIM5
SIM1
SIM2
SIM3
SIM4
1
21
22
SIM5
SIM1
SIM2
SIM3
SIM4
1
21
22
SIM5
SIM1
SIM2
SIM3
SIM4
1
21
22
SIM5
SIM1
SIM2
SIM3
SIM4
1
21
22
SIM5
SIM1
SIM2
SIM3
SIM4
1
21
22
SIM5
SIM1
SIM2
SIM3
SIM4
1
21
22
SIM5
SIM1
SIM2
SIM3
SIM4
1
21
22
SIM5
SIM1
SIM2
SIM3
SIM4
1
21
22
SIM5
SIM1
SIM2
SIM3
SIM4
1
21
22
SIM5
SIM1
SIM2
SIM3
SIM4
1
21
22
SIM5
SIM1
SIM2
SIM3
SIM4
1
21
22
SIM5
SIM1
SIM2
SIM3
SIM4
1
21
22
SIM5
SIM1
SIM2
SIM3
SIM4
1
21
22
SIM5
SIM1
SIM2
SIM3
SIM4
1
21
22
SIM5
SIM1
SIM2
SIM3
SIM4
1
21
22
SIM5
SIM1
SIM2
SIM3
SIM4
1
21
22
SIM5
SIM1
SIM2
SIM3
SIM4
1
21
22
SIM5
SIM1
SIM2
SIM3
SIM4
1
21
22
SIM5
SIM1
SIM2
SIM3
SIM4
1
21
22
SIM5
SIM1
SIM2
SIM3
SIM4
1
21
22
SIM5
SIM1
SIM2
SIM3
SIM4
1
21
22
SIM5
SIM1
SIM2
SIM3
SIM4
1
21
22
SIM5
SIM1
SIM2
SIM3
SIM4
1
21
22
SIM5
SIM1
SIM2
SIM3
SIM4
1
21
22
SIM5
SIM1
SIM2
SIM3
SIM4
1
21
22
SIM5
SIM1
SIM2
SIM3
SIM4
1
21
22
SIM5
SIM1
SIM2
SIM3
SIM4
1
21
22
SIM5
SIM1
SIM2
SIM3
SIM4
1
21
22
SIM5
SIM1
SIM2
SIM3
SIM4
1
21
22
SIM5
SIM1
SIM2
SIM3
SIM4
1
21
22
SIM5
SIM1
SIM2
SIM3
SIM4
1
21
22
SIM5
SIM1
SIM2
SIM3
SIM4
1
21
22
SIM5
SIM1
SIM2
SIM3
SIM4
1
21
22
SIM5
SIM1
SIM2
SIM3
SIM4
1
21
22
SIM5
SIM1
SIM2
SIM3
SIM4
1
21
22
SIM5
SIM1
SIM2
SIM3
SIM4
1
21
22
SIM5
SIM1
SIM2
SIM3
SIM4
1
21
22
SIM5
SIM1
SIM2
SIM3
SIM4
1
21
22
SIM5
SIM1
SIM2
SIM3
SIM4
1
21
22
SIM5
SIM1
SIM2
SIM3
SIM4
1
21
22
SIM5
SIM1
SIM2
SIM3
SIM4
1
21
22
SIM5
SIM1
SIM2
SIM3
SIM4
1
21
22
SIM5
SIM1
SIM2
SIM3
SIM4
1
21
22
SIM5
SIM1
SIM2
SIM3
SIM4
1
21
22
SIM5
SIM1
SIM2
SIM3
SIM4
1
21
22
SIM5
SIM1
SIM2
SIM3
SIM4
1
21
22
SIM5
SIM1
SIM2
SIM3
SIM4
1
21
22
SIM5
SIM1
SIM2
SIM3
SIM4
1
21
22
SIM5
SIM1
SIM2
SIM3
SIM4
1
21
22
SIM5
SIM1
SIM2
SIM3
SIM4
1
21
22
SIM5
SIM1
SIM2
SIM3
SIM4
1
21
22
SIM5
SIM1
SIM2
SIM3
SIM4
1
21
22
SIM5
SIM1
SIM2
SIM3
SIM4
1
21
22
SIM5
SIM1
SIM2
SIM3
SIM4
1
21
22
SIM5
SIM1
SIM2
SIM3
SIM4
1
21
22
SIM5
SIM1
SIM2
SIM3
SIM4
1
21
22
SIM5
SIM1
SIM2
SIM3
SIM4
1
21
22
SIM5
SIM1
SIM2
SIM3
SIM4
1
21
22
SIM5
SIM1
SIM2
SIM3
SIM4
1
21
22
SIM5
SIM1
SIM2
SIM3
SIM4
1
21
22
SIM5
SIM1
SIM2
SIM3
SIM4
1
21
22
SIM5
SIM1
SIM2
SIM3
SIM4
1
21
22
SIM5
SIM1
SIM2
SIM3
SIM4
1
21
22
SIM5
SIM1
SIM2
SIM3
SIM4
1
21
22
SIM5
SIM1
SIM2
SIM3
SIM4
1
21
22
SIM5
SIM1
SIM2
SIM3
SIM4
1
21
22
SIM5
SIM1
SIM2
SIM3
SIM4
1
21
22
SIM5
SIM1
SIM2
SIM3
SIM4
1
21
22
SIM5
SIM1
SIM2
SIM3
SIM4
1
21
22
SIM5
SIM1
SIM2
SIM3
SIM4
1
21
22
SIM5
SIM1
SIM2
SIM3
SIM4
1
21
22
SIM5
SIM1
SIM2
SIM3
SIM4
1
21
22
SIM5
SIM1
SIM2
SIM3
SIM4
1
21
22
SIM5
SIM1
SIM2
SIM3
SIM4
1
21
22
SIM5
SIM1
SIM2
SIM3
SIM4
1
21
22
SIM5
SIM1
SIM2
SIM3
SIM4
1
21
22
SIM5
SIM1
SIM2
SIM3
SIM4
1
21
22
SIM5
SIM1
SIM2
SIM3
SIM4
1
21
22
SIM5
SIM1
SIM2
SIM3
SIM4
1
21
22
SIM5
SIM1
SIM2
SIM3
SIM4
1
21
22
SIM5
SIM1
SIM2
SIM3
SIM4
1
21
22
SIM5
SIM1
SIM2
SIM3
SIM4
1
21
22
SIM5
SIM1
SIM2
SIM3
SIM4
1
21
22
SIM5
SIM1
SIM2
SIM3
SIM4
1
21
22
SIM5
SIM1
SIM2
SIM3
SIM4
1
21
22
SIM5
SIM1
SIM2
SIM3
SIM4
1
21
22
SIM5
SIM1
SIM2
SIM3
SIM4
1
21
22
SIM5
SIM1
SIM2
SIM3
SIM4
1
21
22
SIM5
SIM1
SIM2
SIM3
SIM4
1
21
22
SIM5
SIM1
SIM2
SIM3
SIM4
1
21
22
SIM5
SIM1
SIM2
SIM3
SIM4
1
21
22
SIM5
SIM1
SIM2
SIM3
SIM4
1
21
22
SIM5
SIM1
SIM2
SIM3
SIM4
1
21
22
SIM5
SIM1
SIM2
SIM3
SIM4
1
21
22
SIM5
SIM1
SIM2
SIM3
SIM4
1
21
22
SIM5
SIM1
SIM2
SIM3
SIM4
1
21
22
SIM5
SIM1
SIM2
SIM3
SIM4
1
21
22
SIM5
SIM1
SIM2
SIM3
SIM4
1
21
22
SIM5
SIM1
SIM2
SIM3
SIM4
1
21
22
SIM5
SIM1
SIM2
SIM3
SIM4
1
21
22
SIM5
SIM1
SIM2
SIM3
SIM4
1
21
22
SIM5
SIM1
SIM2
SIM3
SIM4
1
21
22
SIM5
SIM1
SIM2
SIM3
SIM4
1
21
22
SIM5
SIM1
SIM2
SIM3
SIM4
1
21
22
SIM5
SIM1
SIM2
SIM3
SIM4
1
21
22
SIM5
SIM1
SIM2
SIM3
SIM4
1
21
22
SIM5
SIM1
SIM2
SIM3
SIM4
1
21
22
SIM5
SIM1
SIM2
SIM3
SIM4
1
21
22
SIM5
SIM1
SIM2
SIM3
SIM4
1
21
22
SIM5
SIM1
SIM2
SIM3
SIM4
1
21
22
SIM5
SIM1
SIM2
SIM3
SIM4
1
21
22
SIM5
SIM1
SIM2
SIM3
SIM4
1
21
22
SIM5
SIM1
SIM2
SIM3
SIM4
1
21
22
SIM5
SIM1
SIM2
SIM3
SIM4
1
21
22
SIM5
SIM1
SIM2
SIM3
SIM4
1
21
22
SIM5
SIM1
SIM2
SIM3
SIM4
1
21
22
SIM5
SIM1
SIM2
SIM3
SIM4
1
21
22
SIM5
SIM1
SIM2
SIM3
SIM4
1
21
22
SIM5
SIM1
SIM2
SIM3
SIM4
1
21
22
SIM5
SIM1
SIM2
SIM3
SIM4
1
21
22
SIM5
SIM1
SIM2
SIM3
SIM4
1
21
22
SIM5
SIM1
SIM2
SIM3
SIM4
1
21
22
SIM5
SIM1
SIM2
SIM3
SIM4
1
21
22
SIM5
SIM1
SIM2
SIM3
SIM4
1
21
22
SIM5
SIM1
SIM2
SIM3
SIM4
1
21
22
SIM5
SIM1
SIM2
SIM3
SIM4
1
21
22
SIM5
SIM1
SIM2
SIM3
SIM4
1
21
22
SIM5
SIM1
SIM2
SIM3
SIM4
1
21
22
SIM5
SIM1
SIM2
SIM3
SIM4
1
21
22
SIM5
SIM1
SIM2
SIM3
SIM4
1
21
22
SIM5
SIM1
SIM2
SIM3
SIM4
1
21
22
SIM5
SIM1
SIM2
SIM3
SIM4
1
21
22
SIM5
SIM1
SIM2
SIM3
SIM4
1
21
22
SIM5
SIM1
SIM2
SIM3
SIM4
1
21
22
SIM5
SIM1
SIM2
SIM3
SIM4
1
21
22
SIM5
SIM1
SIM2
SIM3
SIM4
1
21
22
SIM5
SIM1
SIM2
SIM3
SIM4
1
21
22
SIM5
SIM1
SIM2
SIM3
SIM4
1
21
22
SIM5
SIM1
SIM2
SIM3
SIM4
1
21
22
SIM5
SIM1
SIM2
SIM3
SIM4
1
21
22
SIM5
SIM1
SIM2
SIM3
SIM4
1
21
22
SIM5
SIM1
SIM2
SIM3
SIM4
1
21
22
SIM5
SIM1
SIM2
SIM3
SIM4
1
21
22
SIM5
SIM1
SIM2
SIM3
SIM4
1
21
22
SIM5
SIM1
SIM2
SIM3
SIM4
1
21
22
SIM5
SIM1
SIM2
SIM3
SIM4
1
21
22
SIM5
SIM1
SIM2
SIM3
SIM4
1
21
22
SIM5
SIM1
SIM2
SIM3
SIM4
1
21
22
SIM5
SIM1
SIM2
SIM3
SIM4
1
21
22
SIM5
SIM1
SIM2
SIM3
SIM4
1
21
22
SIM5
SIM1
SIM2
SIM3
SIM4
1
21
22
SIM5
SIM1
SIM2
SIM3
SIM4
1
21
22
SIM5
SIM1
SIM2
SIM3
SIM4
1
21
22
SIM5
SIM1
SIM2
SIM3
SIM4
1
21
22
SIM5
SIM1
SIM2
SIM3
SIM4
1
21
22
SIM5
SIM1
SIM2
SIM3
SIM4
1
21
22
SIM5
SIM1
SIM2
SIM3
SIM4
1
21
22
SIM5
SIM1
SIM2
SIM3
SIM4
1
21
22
SIM5
SIM1
SIM2
SIM3
SIM4
1
21
22
SIM5
SIM1
SIM2
SIM3
SIM4
1
21
22
SIM5
SIM1
SIM2
SIM3
SIM4
1
21
22
SIM5
SIM1
SIM2
DEBUG 1 827
SIM1
SIM2
SIM3
SIM4
1
21
22
SIM5
SIM1
SIM2
SIM3
SIM4
1
21
22
SIM5
SIM1
SIM2
SIM3
SIM4
1
21
22
SIM5
SIM1
SIM2
SIM3
SIM4
1
21
22
SIM5
SIM1
SIM2
SIM3
SIM4
1
21
22
SIM5
SIM1
SIM2
SIM3
SIM4
1
21
22
SIM5
SIM1
SIM2
SIM3
SIM4
1
21
22
SIM5
SIM1
SIM2
SIM3
SIM4
1
21
22
SIM5
SIM1
SIM2
SIM3
SIM4
1
21
22
SIM5
SIM1
SIM2
SIM3
SIM4
1
21
22
SIM5
SIM1
SIM2
SIM3
SIM4
1
21
22
SIM5
SIM1
SIM2
SIM3
SIM4
1
21
22
SIM5
SIM1
SIM2
SIM3
SIM4
1
21
22
SIM5
SIM1
SIM2
SIM3
SIM4
1
21
22
SIM5
SIM1
SIM2
SIM3
SIM4
1
21
22
SIM5
SIM1
SIM2
SIM3
SIM4
1
21
22
SIM5
SIM1
SIM2
SIM3
SIM4
1
21
22
SIM5
SIM1
SIM2
SIM3
SIM4
1
21
22
SIM5
SIM1
SIM2
SIM3
SIM4
1
21
22
SIM5
SIM1
SIM2
SIM3
SIM4
1
21
22
SIM5
SIM1
SIM2
SIM3
SIM4
1
21
22
SIM5
SIM1
SIM2
SIM3
SIM4
1
21
22
SIM5
SIM1
SIM2
SIM3
SIM4
1
21
22
SIM5
SIM1
SIM2
SIM3
SIM4
1
21
22
SIM5
SIM1
SIM2
SIM3
SIM4
1
21
22
SIM5
SIM1
SIM2
SIM3
SIM4
1
21
22
SIM5
SIM1
SIM2
SIM3
SIM4
1
21
22
SIM5
SIM1
SIM2
SIM3
SIM4
1
21
22
SIM5
SIM1
SIM2
SIM3
SIM4
1
21
22
SIM5
SIM1
SIM2
SIM3
SIM4
1
21
22
SIM5
SIM1
SIM2
SIM3
SIM4
1
21
22
SIM5
SIM1
SIM2
SIM3
SIM4
1
21
22
SIM5
SIM1
SIM2
SIM3
SIM4
1
21
22
SIM5
SIM1
SIM2
SIM3
SIM4
1
21
22
SIM5
SIM1
SIM2
SIM3
SIM4
1
21
22
SIM5
SIM1
SIM2
SIM3
SIM4
1
21
22
SIM5
SIM1
SIM2
SIM3
SIM4
1
21
22
SIM5
SIM1
SIM2
SIM3
SIM4
1
21
22
SIM5
SIM1
SIM2
SIM3
SIM4
1
21
22
SIM5
SIM1
SIM2
SIM3
SIM4
1
21
22
SIM5
SIM1
SIM2
SIM3
SIM4
1
21
22
SIM5
SIM1
SIM2
SIM3
SIM4
1
21
22
SIM5
SIM1
SIM2
SIM3
SIM4
1
21
22
SIM5
SIM1
SIM2
SIM3
SIM4
1
21
22
SIM5
SIM1
SIM2
SIM3
SIM4
1
21
22
SIM5
SIM1
SIM2
SIM3
SIM4
1
21
22
SIM5
SIM1
SIM2
SIM3
SIM4
1
21
22
SIM5
SIM1
SIM2
SIM3
SIM4
1
21
22
SIM5
SIM1
SIM2
SIM3
SIM4
1
21
22
SIM5
SIM1
SIM2
SIM3
SIM4
1
21
22
SIM5
SIM1
SIM2
SIM3
SIM4
1
21
22
SIM5
SIM1
SIM2
SIM3
SIM4
1
21
22
SIM5
SIM1
SIM2
SIM3
SIM4
1
21
22
SIM5
SIM1
SIM2
SIM3
SIM4
1
21
22
SIM5
SIM1
SIM2
SIM3
SIM4
1
21
22
SIM5
SIM1
SIM2
SIM3
SIM4
1
21
22
SIM5
SIM1
SIM2
SIM3
SIM4
1
21
22
SIM5
SIM1
SIM2
SIM3
SIM4
1
21
22
SIM5
SIM1
SIM2
SIM3
SIM4
1
21
22
SIM5
SIM1
SIM2
SIM3
SIM4
1
21
22
SIM5
SIM1
SIM2
SIM3
SIM4
1
21
22
SIM5
SIM1
SIM2
SIM3
SIM4
1
21
22
SIM5
SIM1
SIM2
SIM3
SIM4
1
21
22
SIM5
SIM1
SIM2
SIM3
SIM4
1
21
22
SIM5
SIM1
SIM2
SIM3
SIM4
1
21
22
SIM5
SIM1
SIM2
SIM3
SIM4
1
21
22
SIM5
SIM1
SIM2
SIM3
SIM4
1
21
22
SIM5
SIM1
SIM2
SIM3
SIM4
1
21
22
SIM5
SIM1
SIM2
SIM3
SIM4
1
21
22
SIM5
SIM1
SIM2
SIM3
SIM4
1
21
22
SIM5
SIM1
SIM2
SIM3
SIM4
1
21
22
SIM5
SIM1
SIM2
SIM3
SIM4
1
21
22
SIM5
SIM1
SIM2
SIM3
SIM4
1
21
22
SIM5
SIM1
SIM2
SIM3
SIM4
1
21
22
SIM5
SIM1
SIM2
SIM3
SIM4
1
21
22
SIM5
SIM1
SIM2
SIM3
SIM4
1
21
22
SIM5
SIM1
SIM2
SIM3
SIM4
1
21
22
SIM5
SIM1
SIM2
SIM3
SIM4
1
21
22
SIM5
SIM1
SIM2
SIM3
SIM4
1
21
22
SIM5
SIM1
SIM2
SIM3
SIM4
1
21
22
SIM5
SIM1
SIM2
SIM3
SIM4
1
21
22
SIM5
SIM1
SIM2
SIM3
SIM4
1
21
22
SIM5
SIM1
SIM2
SIM3
SIM4
1
21
22
SIM5
SIM1
SIM2
SIM3
SIM4
1
21
22
SIM5
SIM1
SIM2
SIM3
SIM4
1
21
22
SIM5
SIM1
SIM2
SIM3
SIM4
1
21
22
SIM5
SIM1
SIM2
SIM3
SIM4
1
21
22
SIM5
SIM1
SIM2
SIM3
SIM4
1
21
22
SIM5
SIM1
SIM2
SIM3
SIM4
1
21
22
SIM5
SIM1
SIM2
SIM3
SIM4
1
21
22
SIM5
SIM1
SIM2
SIM3
SIM4
1
21
22
SIM5
SIM1
SIM2
SIM3
SIM4
1
21
22
SIM5
SIM1
SIM2
SIM3
SIM4
1
21
22
SIM5
SIM1
SIM2
SIM3
SIM4
1
21
22
SIM5
SIM1
SIM2
SIM3
SIM4
1
21
22
SIM5
SIM1
SIM2
SIM3
SIM4
1
21
22
SIM5
SIM1
SIM2
SIM3
SIM4
1
21
22
SIM5
SIM1
SIM2
SIM3
SIM4
1
21
22
SIM5
SIM1
SIM2
SIM3
SIM4
1
21
22
SIM5
SIM1
SIM2
SIM3
SIM4
1
21
22
SIM5
SIM1
SIM2
SIM3
SIM4
1
21
22
SIM5
SIM1
SIM2
SIM3
SIM4
1
21
22
SIM5
SIM1
SIM2
SIM3
SIM4
1
21
22
SIM5
SIM1
SIM2
SIM3
SIM4
1
21
22
SIM5
SIM1
SIM2
SIM3
SIM4
1
21
22
SIM5
SIM1
SIM2
SIM3
SIM4
1
21
22
SIM5
SIM1
SIM2
SIM3
SIM4
1
21
22
SIM5
SIM1
SIM2
SIM3
SIM4
1
21
22
SIM5
SIM1
SIM2
SIM3
SIM4
1
21
22
SIM5
SIM1
SIM2
SIM3
SIM4
1
21
22
SIM5
SIM1
SIM2
SIM3
SIM4
1
21
22
SIM5
SIM1
SIM2
SIM3
SIM4
1
21
22
SIM5
SIM1
SIM2
SIM3
SIM4
1
21
22
SIM5
SIM1
SIM2
SIM3
SIM4
1
21
22
SIM5
SIM1
SIM2
SIM3
SIM4
1
21
22
SIM5
SIM1
SIM2
SIM3
SIM4
1
21
22
SIM5
SIM1
SIM2
SIM3
SIM4
1
21
22
SIM5
SIM1
SIM2
SIM3
SIM4
1
21
22
SIM5
SIM1
SIM2
SIM3
SIM4
1
21
22
SIM5
SIM1
SIM2
SIM3
SIM4
1
21
22
SIM5
SIM1
SIM2
SIM3
SIM4
1
21
22
SIM5
SIM1
SIM2
SIM3
SIM4
1
21
22
SIM5
SIM1
SIM2
SIM3
SIM4
1
21
22
SIM5
SIM1
SIM2
SIM3
SIM4
1
21
22
SIM5
SIM1
SIM2
SIM3
SIM4
1
21
22
SIM5
SIM1
SIM2
SIM3
SIM4
1
21
22
SIM5
SIM1
SIM2
SIM3
SIM4
1
21
22
SIM5
SIM1
SIM2
SIM3
SIM4
1
21
22
SIM5
SIM1
SIM2
SIM3
SIM4
1
21
22
SIM5
SIM1
SIM2
SIM3
SIM4
1
21
22
SIM5
SIM1
SIM2
SIM3
SIM4
1
21
22
SIM5
SIM1
SIM2
SIM3
SIM4
1
21
22
SIM5
SIM1
SIM2
SIM3
SIM4
1
21
22
SIM5
SIM1
SIM2
SIM3
SIM4
1
21
22
SIM5
SIM1
SIM2
SIM3
SIM4
1
21
22
SIM5
SIM1
SIM2
SIM3
SIM4
1
21
22
SIM5
SIM1
SIM2
SIM3
SIM4
1
21
22
SIM5
SIM1
SIM2
SIM3
SIM4
1
21
22
SIM5
SIM1
SIM2
SIM3
SIM4
1
21
22
SIM5
SIM1
SIM2
SIM3
SIM4
1
21
22
SIM5
SIM1
SIM2
SIM3
SIM4
1
21
22
SIM5
SIM1
SIM2
SIM3
SIM4
1
21
22
SIM5
SIM1
SIM2
SIM3
SIM4
1
21
22
SIM5
SIM1
SIM2
SIM3
SIM4
1
21
22
SIM5
SIM1
SIM2
SIM3
SIM4
1
21
22
SIM5
SIM1
SIM2
SIM3
SIM4
1
21
22
SIM5
SIM1
SIM2
SIM3
SIM4
1
21
22
SIM5
SIM1
SIM2
SIM3
SIM4
1
21
22
SIM5
SIM1
SIM2
SIM3
SIM4
1
21
22
SIM5
SIM1
SIM2
SIM3
SIM4
1
21
22
SIM5
SIM1
SIM2
SIM3
SIM4
1
21
22
SIM5
SIM1
SIM2
SIM3
SIM4
1
21
22
SIM5
SIM1
SIM2
SIM3
SIM4
1
21
22
SIM5
SIM1
SIM2
SIM3
SIM4
1
21
22
SIM5
SIM1
SIM2
SIM3
SIM4
1
21
22
SIM5
SIM1
SIM2
SIM3
SIM4
1
21
22
SIM5
SIM1
SIM2
SIM3
SIM4
1
21
22
SIM5
SIM1
SIM2
SIM3
SIM4
1
21
22
SIM5
SIM1
SIM2
SIM3
SIM4
1
21
22
SIM5
SIM1
SIM2
SIM3
SIM4
1
21
22
SIM5
SIM1
SIM2
SIM3
SIM4
1
21
22
SIM5
SIM1
SIM2
SIM3
SIM4
1
21
22
SIM5
SIM1
SIM2
SIM3
SIM4
1
21
22
SIM5
SIM1
SIM2
SIM3
SIM4
1
21
22
SIM5
SIM1
SIM2
SIM3
SIM4
1
21
22
SIM5
SIM1
SIM2
SIM3
SIM4
1
21
22
SIM5
SIM1
SIM2
SIM3
SIM4
1
21
22
SIM5
SIM1
SIM2
SIM3
SIM4
1
21
22
SIM5
SIM1
SIM2
SIM3
SIM4
1
21
22
SIM5
SIM1
SIM2
SIM3
SIM4
1
21
22
SIM5
SIM1
SIM2
SIM3
SIM4
1
21
22
SIM5
SIM1
SIM2
SIM3
SIM4
1
21
22
SIM5
SIM1
SIM2
SIM3
SIM4
1
21
22
SIM5
SIM1
SIM2
SIM3
SIM4
1
21
22
SIM5
SIM1
SIM2
SIM3
SIM4
1
21
22
SIM5
SIM1
SIM2
SIM3
SIM4
1
21
22
SIM5
SIM1
SIM2
SIM3
SIM4
1
21
22
SIM5
SIM1
SIM2
SIM3
SIM4
1
21
22
SIM5
SIM1
SIM2
SIM3
SIM4
1
21
22
SIM5
SIM1
SIM2
SIM3
SIM4
1
21
22
SIM5
SIM1
SIM2
SIM3
SIM4
1
21
22
SIM5
SIM1
SIM2
SIM3
SIM4
1
21
22
SIM5
SIM1
SIM2
SIM3
SIM4
1
21
22
SIM5
SIM1
SIM2
SIM3
SIM4
1
21
22
SIM5
SIM1
SIM2
SIM3
SIM4
1
21
22
SIM5
SIM1
SIM2
SIM3
SIM4
1
21
22
SIM5
SIM1
SIM2
SIM3
SIM4
1
21
22
SIM5
SIM1
SIM2
SIM3
SIM4
1
21
22
SIM5
SIM1
SIM2
SIM3
SIM4
1
21
22
SIM5
SIM1
SIM2
SIM3
SIM4
1
21
22
SIM5
SIM1
SIM2
SIM3
SIM4
1
21
22
SIM5
SIM1
SIM2
SIM3
SIM4
1
21
22
SIM5
SIM1
SIM2
SIM3
SIM4
1
21
22
SIM5
SIM1
SIM2
SIM3
SIM4
1
21
22
SIM5
SIM1
SIM2
SIM3
SIM4
1
21
22
SIM5
SIM1
SIM2
SIM3
SIM4
1
21
22
SIM5
SIM1
SIM2
SIM3
SIM4
1
21
22
SIM5
SIM1
SIM2
SIM3
SIM4
1
21
22
SIM5
SIM1
SIM2
SIM3
SIM4
1
21
22
SIM5
SIM1
SIM2
SIM3
SIM4
1
21
22
SIM5
SIM1
SIM2
SIM3
SIM4
1
21
22
SIM5
SIM1
SIM2
SIM3
SIM4
1
21
22
SIM5
SIM1
SIM2
SIM3
SIM4
1
21
22
SIM5
SIM1
SIM2
SIM3
SIM4
1
21
22
SIM5
SIM1
SIM2
SIM3
SIM4
1
21
22
SIM5
SIM1
SIM2
SIM3
SIM4
1
21
22
SIM5
SIM1
SIM2
SIM3
SIM4
1
21
22
SIM5
SIM1
SIM2
DEBUG 1 828
SIM1
SIM2
SIM3
SIM4
1
21
22
SIM5
SIM1
SIM2
SIM3
SIM4
1
21
22
SIM5
SIM1
SIM2
SIM3
SIM4
1
21
22
SIM5
SIM1
SIM2
SIM3
SIM4
1
21
22
SIM5
SIM1
SIM2
SIM3
SIM4
1
21
22
SIM5
SIM1
SIM2
SIM3
SIM4
1
21
22
SIM5
SIM1
SIM2
SIM3
SIM4
1
21
22
SIM5
SIM1
SIM2
SIM3
SIM4
1
21
22
SIM5
SIM1
SIM2
SIM3
SIM4
1
21
22
SIM5
SIM1
SIM2
SIM3
SIM4
1
21
22
SIM5
SIM1
SIM2
SIM3
SIM4
1
21
22
SIM5
SIM1
SIM2
SIM3
SIM4
1
21
22
SIM5
SIM1
SIM2
SIM3
SIM4
1
21
22
SIM5
SIM1
SIM2
SIM3
SIM4
1
21
22
SIM5
SIM1
SIM2
SIM3
SIM4
1
21
22
SIM5
SIM1
SIM2
SIM3
SIM4
1
21
22
SIM5
SIM1
SIM2
SIM3
SIM4
1
21
22
SIM5
SIM1
SIM2
SIM3
SIM4
1
21
22
SIM5
SIM1
SIM2
SIM3
SIM4
1
21
22
SIM5
SIM1
SIM2
SIM3
SIM4
1
21
22
SIM5
SIM1
SIM2
SIM3
SIM4
1
21
22
SIM5
SIM1
SIM2
SIM3
SIM4
1
21
22
SIM5
SIM1
SIM2
SIM3
SIM4
1
21
22
SIM5
SIM1
SIM2
SIM3
SIM4
1
21
22
SIM5
SIM1
SIM2
SIM3
SIM4
1
21
22
SIM5
SIM1
SIM2
SIM3
SIM4
1
21
22
SIM5
SIM1
SIM2
SIM3
SIM4
1
21
22
SIM5
SIM1
SIM2
SIM3
SIM4
1
21
22
SIM5
SIM1
SIM2
SIM3
SIM4
1
21
22
SIM5
SIM1
SIM2
SIM3
SIM4
1
21
22
SIM5
SIM1
SIM2
SIM3
SIM4
1
21
22
SIM5
SIM1
SIM2
SIM3
SIM4
1
21
22
SIM5
SIM1
SIM2
SIM3
SIM4
1
21
22
SIM5
SIM1
SIM2
SIM3
SIM4
1
21
22
SIM5
SIM1
SIM2
SIM3
SIM4
1
21
22
SIM5
SIM1
SIM2
SIM3
SIM4
1
21
22
SIM5
SIM1
SIM2
SIM3
SIM4
1
21
22
SIM5
SIM1
SIM2
SIM3
SIM4
1
21
22
SIM5
SIM1
SIM2
SIM3
SIM4
1
21
22
SIM5
SIM1
SIM2
SIM3
SIM4
1
21
22
SIM5
SIM1
SIM2
SIM3
SIM4
1
21
22
SIM5
SIM1
SIM2
SIM3
SIM4
1
21
22
SIM5
SIM1
SIM2
SIM3
SIM4
1
21
22
SIM5
SIM1
SIM2
SIM3
SIM4
1
21
22
SIM5
SIM1
SIM2
SIM3
SIM4
1
21
22
SIM5
SIM1
SIM2
SIM3
SIM4
1
21
22
SIM5
SIM1
SIM2
SIM3
SIM4
1
21
22
SIM5
SIM1
SIM2
SIM3
SIM4
1
21
22
SIM5
SIM1
SIM2
SIM3
SIM4
1
21
22
SIM5
SIM1
SIM2
SIM3
SIM4
1
21
22
SIM5
SIM1
SIM2
SIM3
SIM4
1
21
22
SIM5
SIM1
SIM2
SIM3
SIM4
1
21
22
SIM5
SIM1
SIM2
SIM3
SIM4
1
21
22
SIM5
SIM1
SIM2
SIM3
SIM4
1
21
22
SIM5
SIM1
SIM2
SIM3
SIM4
1
21
22
SIM5
SIM1
SIM2
SIM3
SIM4
1
21
22
SIM5
SIM1
SIM2
SIM3
SIM4
1
21
22
SIM5
SIM1
SIM2
SIM3
SIM4
1
21
22
SIM5
SIM1
SIM2
SIM3
SIM4
1
21
22
SIM5
SIM1
SIM2
SIM3
SIM4
1
21
22
SIM5
SIM1
SIM2
SIM3
SIM4
1
21
22
SIM5
SIM1
SIM2
SIM3
SIM4
1
21
22
SIM5
SIM1
SIM2
SIM3
SIM4
1
21
22
SIM5
SIM1
SIM2
SIM3
SIM4
1
21
22
SIM5
SIM1
SIM2
SIM3
SIM4
1
21
22
SIM5
SIM1
SIM2
SIM3
SIM4
1
21
22
SIM5
SIM1
SIM2
SIM3
SIM4
1
21
22
SIM5
SIM1
SIM2
SIM3
SIM4
1
21
22
SIM5
SIM1
SIM2
SIM3
SIM4
1
21
22
SIM5
SIM1
SIM2
SIM3
SIM4
1
21
22
SIM5
SIM1
SIM2
SIM3
SIM4
1
21
22
SIM5
SIM1
SIM2
SIM3
SIM4
1
21
22
SIM5
SIM1
SIM2
SIM3
SIM4
1
21
22
SIM5
SIM1
SIM2
SIM3
SIM4
1
21
22
SIM5
SIM1
SIM2
SIM3
SIM4
1
21
22
SIM5
SIM1
SIM2
SIM3
SIM4
1
21
22
SIM5
SIM1
SIM2
SIM3
SIM4
1
21
22
SIM5
SIM1
SIM2
SIM3
SIM4
1
21
22
SIM5
SIM1
SIM2
SIM3
SIM4
1
21
22
SIM5
SIM1
SIM2
SIM3
SIM4
1
21
22
SIM5
SIM1
SIM2
SIM3
SIM4
1
21
22
SIM5
SIM1
SIM2
SIM3
SIM4
1
21
22
SIM5
SIM1
SIM2
SIM3
SIM4
1
21
22
SIM5
SIM1
SIM2
SIM3
SIM4
1
21
22
SIM5
SIM1
SIM2
SIM3
SIM4
1
21
22
SIM5
SIM1
SIM2
SIM3
SIM4
1
21
22
SIM5
SIM1
SIM2
SIM3
SIM4
1
21
22
SIM5
SIM1
SIM2
SIM3
SIM4
1
21
22
SIM5
SIM1
SIM2
SIM3
SIM4
1
21
22
SIM5
SIM1
SIM2
SIM3
SIM4
1
21
22
SIM5
SIM1
SIM2
SIM3
SIM4
1
21
22
SIM5
SIM1
SIM2
SIM3
SIM4
1
21
22
SIM5
SIM1
SIM2
SIM3
SIM4
1
21
22
SIM5
SIM1
SIM2
SIM3
SIM4
1
21
22
SIM5
SIM1
SIM2
SIM3
SIM4
1
21
22
SIM5
SIM1
SIM2
SIM3
SIM4
1
21
22
SIM5
SIM1
SIM2
SIM3
SIM4
1
21
22
SIM5
SIM1
SIM2
SIM3
SIM4
1
21
22
SIM5
SIM1
SIM2
SIM3
SIM4
1
21
22
SIM5
SIM1
SIM2
SIM3
SIM4
1
21
22
SIM5
SIM1
SIM2
SIM3
SIM4
1
21
22
SIM5
SIM1
SIM2
SIM3
SIM4
1
21
22
SIM5
SIM1
SIM2
SIM3
SIM4
1
21
22
SIM5
SIM1
SIM2
SIM3
SIM4
1
21
22
SIM5
SIM1
SIM2
SIM3
SIM4
1
21
22
SIM5
SIM1
SIM2
SIM3
SIM4
1
21
22
SIM5
SIM1
SIM2
SIM3
SIM4
1
21
22
SIM5
SIM1
SIM2
SIM3
SIM4
1
21
22
SIM5
SIM1
SIM2
SIM3
SIM4
1
21
22
SIM5
SIM1
SIM2
SIM3
SIM4
1
21
22
SIM5
SIM1
SIM2
SIM3
SIM4
1
21
22
SIM5
SIM1
SIM2
SIM3
SIM4
1
21
22
SIM5
SIM1
SIM2
SIM3
SIM4
1
21
22
SIM5
SIM1
SIM2
SIM3
SIM4
1
21
22
SIM5
SIM1
SIM2
SIM3
SIM4
1
21
22
SIM5
SIM1
SIM2
SIM3
SIM4
1
21
22
SIM5
SIM1
SIM2
SIM3
SIM4
1
21
22
SIM5
SIM1
SIM2
SIM3
SIM4
1
21
22
SIM5
SIM1
SIM2
SIM3
SIM4
1
21
22
SIM5
SIM1
SIM2
SIM3
SIM4
1
21
22
SIM5
SIM1
SIM2
SIM3
SIM4
1
21
22
SIM5
SIM1
SIM2
SIM3
SIM4
1
21
22
SIM5
SIM1
SIM2
SIM3
SIM4
1
21
22
SIM5
SIM1
SIM2
SIM3
SIM4
1
21
22
SIM5
SIM1
SIM2
SIM3
SIM4
1
21
22
SIM5
SIM1
SIM2
SIM3
SIM4
1
21
22
SIM5
SIM1
SIM2
SIM3
SIM4
1
21
22
SIM5
SIM1
SIM2
SIM3
SIM4
1
21
22
SIM5
SIM1
SIM2
SIM3
SIM4
1
21
22
SIM5
SIM1
SIM2
SIM3
SIM4
1
21
22
SIM5
SIM1
SIM2
SIM3
SIM4
1
21
22
SIM5
SIM1
SIM2
SIM3
SIM4
1
21
22
SIM5
SIM1
SIM2
SIM3
SIM4
1
21
22
SIM5
SIM1
SIM2
SIM3
SIM4
1
21
22
SIM5
SIM1
SIM2
SIM3
SIM4
1
21
22
SIM5
SIM1
SIM2
SIM3
SIM4
1
21
22
SIM5
SIM1
SIM2
SIM3
SIM4
1
21
22
SIM5
SIM1
SIM2
SIM3
SIM4
1
21
22
SIM5
SIM1
SIM2
SIM3
SIM4
1
21
22
SIM5
SIM1
SIM2
SIM3
SIM4
1
21
22
SIM5
SIM1
SIM2
SIM3
SIM4
1
21
22
SIM5
SIM1
SIM2
SIM3
SIM4
1
21
22
SIM5
SIM1
SIM2
SIM3
SIM4
1
21
22
SIM5
SIM1
SIM2
SIM3
SIM4
1
21
22
SIM5
SIM1
SIM2
SIM3
SIM4
1
21
22
SIM5
SIM1
SIM2
SIM3
SIM4
1
21
22
SIM5
SIM1
SIM2
SIM3
SIM4
1
21
22
SIM5
SIM1
SIM2
SIM3
SIM4
1
21
22
SIM5
SIM1
SIM2
SIM3
SIM4
1
21
22
SIM5
SIM1
SIM2
SIM3
SIM4
1
21
22
SIM5
SIM1
SIM2
SIM3
SIM4
1
21
22
SIM5
SIM1
SIM2
SIM3
SIM4
1
21
22
SIM5
SIM1
SIM2
SIM3
SIM4
1
21
22
SIM5
SIM1
SIM2
SIM3
SIM4
1
21
22
SIM5
SIM1
SIM2
SIM3
SIM4
1
21
22
SIM5
SIM1
SIM2
SIM3
SIM4
1
21
22
SIM5
SIM1
SIM2
SIM3
SIM4
1
21
22
SIM5
SIM1
SIM2
SIM3
SIM4
1
21
22
SIM5
SIM1
SIM2
SIM3
SIM4
1
21
22
SIM5
SIM1
SIM2
SIM3
SIM4
1
21
22
SIM5
SIM1
SIM2
SIM3
SIM4
1
21
22
SIM5
SIM1
SIM2
SIM3
SIM4
1
21
22
SIM5
SIM1
SIM2
SIM3
SIM4
1
21
22
SIM5
SIM1
SIM2
SIM3
SIM4
1
21
22
SIM5
SIM1
SIM2
SIM3
SIM4
1
21
22
SIM5
SIM1
SIM2
SIM3
SIM4
1
21
22
SIM5
SIM1
SIM2
SIM3
SIM4
1
21
22
SIM5
SIM1
SIM2
SIM3
SIM4
1
21
22
SIM5
SIM1
SIM2
SIM3
SIM4
1
21
22
SIM5
SIM1
SIM2
SIM3
SIM4
1
21
22
SIM5
SIM1
SIM2
SIM3
SIM4
1
21
22
SIM5
SIM1
SIM2
DEBUG 1 829
SIM1
SIM2
SIM3
SIM4
1
21
22
SIM5
SIM1
SIM2
SIM3
SIM4
1
21
22
SIM5
SIM1
SIM2
SIM3
SIM4
1
21
22
SIM5
SIM1
SIM2
SIM3
SIM4
1
21
22
SIM5
SIM1
SIM2
SIM3
SIM4
1
21
22
SIM5
SIM1
SIM2
SIM3
SIM4
1
21
22
SIM5
SIM1
SIM2
SIM3
SIM4
1
21
22
SIM5
SIM1
SIM2
SIM3
SIM4
1
21
22
SIM5
SIM1
SIM2
SIM3
SIM4
1
21
22
SIM5
SIM1
SIM2
SIM3
SIM4
1
21
22
SIM5
SIM1
SIM2
SIM3
SIM4
1
21
22
SIM5
SIM1
SIM2
SIM3
SIM4
1
21
22
SIM5
SIM1
SIM2
SIM3
SIM4
1
21
22
SIM5
SIM1
SIM2
SIM3
SIM4
1
21
22
SIM5
SIM1
SIM2
SIM3
SIM4
1
21
22
SIM5
SIM1
SIM2
SIM3
SIM4
1
21
22
SIM5
SIM1
SIM2
SIM3
SIM4
1
21
22
SIM5
SIM1
SIM2
SIM3
SIM4
1
21
22
SIM5
SIM1
SIM2
SIM3
SIM4
1
21
22
SIM5
SIM1
SIM2
SIM3
SIM4
1
21
22
SIM5
SIM1
SIM2
SIM3
SIM4
1
21
22
SIM5
SIM1
SIM2
SIM3
SIM4
1
21
22
SIM5
SIM1
SIM2
SIM3
SIM4
1
21
22
SIM5
SIM1
SIM2
SIM3
SIM4
1
21
22
SIM5
SIM1
SIM2
SIM3
SIM4
1
21
22
SIM5
SIM1
SIM2
SIM3
SIM4
1
21
22
SIM5
SIM1
SIM2
SIM3
SIM4
1
21
22
SIM5
SIM1
SIM2
SIM3
SIM4
1
21
22
SIM5
SIM1
SIM2
SIM3
SIM4
1
21
22
SIM5
SIM1
SIM2
SIM3
SIM4
1
21
22
SIM5
SIM1
SIM2
SIM3
SIM4
1
21
22
SIM5
SIM1
SIM2
SIM3
SIM4
1
21
22
SIM5
SIM1
SIM2
SIM3
SIM4
1
21
22
SIM5
SIM1
SIM2
SIM3
SIM4
1
21
22
SIM5
SIM1
SIM2
SIM3
SIM4
1
21
22
SIM5
SIM1
SIM2
SIM3
SIM4
1
21
22
SIM5
SIM1
SIM2
SIM3
SIM4
1
21
22
SIM5
SIM1
SIM2
SIM3
SIM4
1
21
22
SIM5
SIM1
SIM2
SIM3
SIM4
1
21
22
SIM5
SIM1
SIM2
SIM3
SIM4
1
21
22
SIM5
SIM1
SIM2
SIM3
SIM4
1
21
22
SIM5
SIM1
SIM2
SIM3
SIM4
1
21
22
SIM5
SIM1
SIM2
SIM3
SIM4
1
21
22
SIM5
SIM1
SIM2
SIM3
SIM4
1
21
22
SIM5
SIM1
SIM2
SIM3
SIM4
1
21
22
SIM5
SIM1
SIM2
SIM3
SIM4
1
21
22
SIM5
SIM1
SIM2
SIM3
SIM4
1
21
22
SIM5
SIM1
SIM2
SIM3
SIM4
1
21
22
SIM5
SIM1
SIM2
SIM3
SIM4
1
21
22
SIM5
SIM1
SIM2
SIM3
SIM4
1
21
22
SIM5
SIM1
SIM2
SIM3
SIM4
1
21
22
SIM5
SIM1
SIM2
SIM3
SIM4
1
21
22
SIM5
SIM1
SIM2
SIM3
SIM4
1
21
22
SIM5
SIM1
SIM2
SIM3
SIM4
1
21
22
SIM5
SIM1
SIM2
SIM3
SIM4
1
21
22
SIM5
SIM1
SIM2
SIM3
SIM4
1
21
22
SIM5
SIM1
SIM2
SIM3
SIM4
1
21
22
SIM5
SIM1
SIM2
SIM3
SIM4
1
21
22
SIM5
SIM1
SIM2
SIM3
SIM4
1
21
22
SIM5
SIM1
SIM2
SIM3
SIM4
1
21
22
SIM5
SIM1
SIM2
SIM3
SIM4
1
21
22
SIM5
SIM1
SIM2
SIM3
SIM4
1
21
22
SIM5
SIM1
SIM2
SIM3
SIM4
1
21
22
SIM5
SIM1
SIM2
SIM3
SIM4
1
21
22
SIM5
SIM1
SIM2
SIM3
SIM4
1
21
22
SIM5
SIM1
SIM2
SIM3
SIM4
1
21
22
SIM5
SIM1
SIM2
SIM3
SIM4
1
21
22
SIM5
SIM1
SIM2
SIM3
SIM4
1
21
22
SIM5
SIM1
SIM2
SIM3
SIM4
1
21
22
SIM5
SIM1
SIM2
SIM3
SIM4
1
21
22
SIM5
SIM1
SIM2
SIM3
SIM4
1
21
22
SIM5
SIM1
SIM2
SIM3
SIM4
1
21
22
SIM5
SIM1
SIM2
SIM3
SIM4
1
21
22
SIM5
SIM1
SIM2
SIM3
SIM4
1
21
22
SIM5
SIM1
SIM2
SIM3
SIM4
1
21
22
SIM5
SIM1
SIM2
SIM3
SIM4
1
21
22
SIM5
SIM1
SIM2
SIM3
SIM4
1
21
22
SIM5
SIM1
SIM2
SIM3
SIM4
1
21
22
SIM5
SIM1
SIM2
SIM3
SIM4
1
21
22
SIM5
SIM1
SIM2
SIM3
SIM4
1
21
22
SIM5
SIM1
SIM2
SIM3
SIM4
1
21
22
SIM5
SIM1
SIM2
SIM3
SIM4
1
21
22
SIM5
SIM1
SIM2
SIM3
SIM4
1
21
22
SIM5
SIM1
SIM2
SIM3
SIM4
1
21
22
SIM5
SIM1
SIM2
SIM3
SIM4
1
21
22
SIM5
SIM1
SIM2
SIM3
SIM4
1
21
22
SIM5
SIM1
SIM2
SIM3
SIM4
1
21
22
SIM5
SIM1
SIM2
SIM3
SIM4
1
21
22
SIM5
SIM1
SIM2
SIM3
SIM4
1
21
22
SIM5
SIM1
SIM2
SIM3
SIM4
1
21
22
SIM5
SIM1
SIM2
SIM3
SIM4
1
21
22
SIM5
SIM1
SIM2
SIM3
SIM4
1
21
22
SIM5
SIM1
SIM2
SIM3
SIM4
1
21
22
SIM5
SIM1
SIM2
SIM3
SIM4
1
21
22
SIM5
SIM1
SIM2
SIM3
SIM4
1
21
22
SIM5
SIM1
SIM2
SIM3
SIM4
1
21
22
SIM5
SIM1
SIM2
SIM3
SIM4
1
21
22
SIM5
SIM1
SIM2
SIM3
SIM4
1
21
22
SIM5
SIM1
SIM2
SIM3
SIM4
1
21
22
SIM5
SIM1
SIM2
SIM3
SIM4
1
21
22
SIM5
SIM1
SIM2
SIM3
SIM4
1
21
22
SIM5
SIM1
SIM2
SIM3
SIM4
1
21
22
SIM5
SIM1
SIM2
SIM3
SIM4
1
21
22
SIM5
SIM1
SIM2
SIM3
SIM4
1
21
22
SIM5
SIM1
SIM2
SIM3
SIM4
1
21
22
SIM5
SIM1
SIM2
SIM3
SIM4
1
21
22
SIM5
SIM1
SIM2
SIM3
SIM4
1
21
22
SIM5
SIM1
SIM2
SIM3
SIM4
1
21
22
SIM5
SIM1
SIM2
SIM3
SIM4
1
21
22
SIM5
SIM1
SIM2
SIM3
SIM4
1
21
22
SIM5
SIM1
SIM2
SIM3
SIM4
1
21
22
SIM5
SIM1
SIM2
SIM3
SIM4
1
21
22
SIM5
SIM1
SIM2
SIM3
SIM4
1
21
22
SIM5
SIM1
SIM2
SIM3
SIM4
1
21
22
SIM5
SIM1
SIM2
SIM3
SIM4
1
21
22
SIM5
SIM1
SIM2
SIM3
SIM4
1
21
22
SIM5
SIM1
SIM2
SIM3
SIM4
1
21
22
SIM5
SIM1
SIM2
SIM3
SIM4
1
21
22
SIM5
SIM1
SIM2
SIM3
SIM4
1
21
22
SIM5
SIM1
SIM2
SIM3
SIM4
1
21
22
SIM5
SIM1
SIM2
SIM3
SIM4
1
21
22
SIM5
SIM1
SIM2
SIM3
SIM4
1
21
22
SIM5
SIM1
SIM2
SIM3
SIM4
1
21
22
SIM5
SIM1
SIM2
SIM3
SIM4
1
21
22
SIM5
SIM1
SIM2
SIM3
SIM4
1
21
22
SIM5
SIM1
SIM2
SIM3
SIM4
1
21
22
SIM5
SIM1
SIM2
SIM3
SIM4
1
21
22
SIM5
SIM1
SIM2
SIM3
SIM4
1
21
22
SIM5
SIM1
SIM2
SIM3
SIM4
1
21
22
SIM5
SIM1
SIM2
SIM3
SIM4
1
21
22
SIM5
SIM1
SIM2
SIM3
SIM4
1
21
22
SIM5
SIM1
SIM2
SIM3
SIM4
1
21
22
SIM5
SIM1
SIM2
SIM3
SIM4
1
21
22
SIM5
SIM1
SIM2
SIM3
SIM4
1
21
22
SIM5
SIM1
SIM2
SIM3
SIM4
1
21
22
SIM5
SIM1
SIM2
SIM3
SIM4
1
21
22
SIM5
SIM1
SIM2
SIM3
SIM4
1
21
22
SIM5
SIM1
SIM2
SIM3
SIM4
1
21
22
SIM5
SIM1
SIM2
SIM3
SIM4
1
21
22
SIM5
SIM1
SIM2
SIM3
SIM4
1
21
22
SIM5
SIM1
SIM2
SIM3
SIM4
1
21
22
SIM5
SIM1
SIM2
SIM3
SIM4
1
21
22
SIM5
SIM1
SIM2
SIM3
SIM4
1
21
22
SIM5
SIM1
SIM2
SIM3
SIM4
1
21
22
SIM5
SIM1
SIM2
SIM3
SIM4
1
21
22
SIM5
SIM1
SIM2
SIM3
SIM4
1
21
22
SIM5
SIM1
SIM2
SIM3
SIM4
1
21
22
SIM5
SIM1
SIM2
SIM3
SIM4
1
21
22
SIM5
SIM1
SIM2
SIM3
SIM4
1
21
22
SIM5
SIM1
SIM2
SIM3
SIM4
1
21
22
SIM5
SIM1
SIM2
SIM3
SIM4
1
21
22
SIM5
SIM1
SIM2
SIM3
SIM4
1
21
22
SIM5
SIM1
SIM2
SIM3
SIM4
1
21
22
SIM5
SIM1
SIM2
DEBUG 1 830
SIM1
SIM2
SIM3
SIM4
1
21
22
SIM5
SIM1
SIM2
SIM3
SIM4
1
21
22
SIM5
SIM1
SIM2
SIM3
SIM4
1
21
22
SIM5
SIM1
SIM2
SIM3
SIM4
1
21
22
SIM5
SIM1
SIM2
SIM3
SIM4
1
21
22
SIM5
SIM1
SIM2
SIM3
SIM4
1
21
22
SIM5
SIM1
SIM2
SIM3
SIM4
1
21
22
SIM5
SIM1
SIM2
SIM3
SIM4
1
21
22
SIM5
SIM1
SIM2
SIM3
SIM4
1
21
22
SIM5
SIM1
SIM2
SIM3
SIM4
1
21
22
SIM5
SIM1
SIM2
SIM3
SIM4
1
21
22
SIM5
SIM1
SIM2
SIM3
SIM4
1
21
22
SIM5
SIM1
SIM2
SIM3
SIM4
1
21
22
SIM5
SIM1
SIM2
SIM3
SIM4
1
21
22
SIM5
SIM1
SIM2
SIM3
SIM4
1
21
22
SIM5
SIM1
SIM2
SIM3
SIM4
1
21
22
SIM5
SIM1
SIM2
SIM3
SIM4
1
21
22
SIM5
SIM1
SIM2
SIM3
SIM4
1
21
22
SIM5
SIM1
SIM2
SIM3
SIM4
1
21
22
SIM5
SIM1
SIM2
SIM3
SIM4
1
21
22
SIM5
SIM1
SIM2
SIM3
SIM4
1
21
22
SIM5
SIM1
SIM2
SIM3
SIM4
1
21
22
SIM5
SIM1
SIM2
SIM3
SIM4
1
21
22
SIM5
SIM1
SIM2
SIM3
SIM4
1
21
22
SIM5
SIM1
SIM2
SIM3
SIM4
1
21
22
SIM5
SIM1
SIM2
SIM3
SIM4
1
21
22
SIM5
SIM1
SIM2
SIM3
SIM4
1
21
22
SIM5
SIM1
SIM2
SIM3
SIM4
1
21
22
SIM5
SIM1
SIM2
SIM3
SIM4
1
21
22
SIM5
SIM1
SIM2
SIM3
SIM4
1
21
22
SIM5
SIM1
SIM2
SIM3
SIM4
1
21
22
SIM5
SIM1
SIM2
SIM3
SIM4
1
21
22
SIM5
SIM1
SIM2
SIM3
SIM4
1
21
22
SIM5
SIM1
SIM2
SIM3
SIM4
1
21
22
SIM5
SIM1
SIM2
SIM3
SIM4
1
21
22
SIM5
SIM1
SIM2
SIM3
SIM4
1
21
22
SIM5
SIM1
SIM2
SIM3
SIM4
1
21
22
SIM5
SIM1
SIM2
SIM3
SIM4
1
21
22
SIM5
SIM1
SIM2
SIM3
SIM4
1
21
22
SIM5
SIM1
SIM2
SIM3
SIM4
1
21
22
SIM5
SIM1
SIM2
SIM3
SIM4
1
21
22
SIM5
SIM1
SIM2
SIM3
SIM4
1
21
22
SIM5
SIM1
SIM2
SIM3
SIM4
1
21
22
SIM5
SIM1
SIM2
SIM3
SIM4
1
21
22
SIM5
SIM1
SIM2
SIM3
SIM4
1
21
22
SIM5
SIM1
SIM2
SIM3
SIM4
1
21
22
SIM5
SIM1
SIM2
SIM3
SIM4
1
21
22
SIM5
SIM1
SIM2
SIM3
SIM4
1
21
22
SIM5
SIM1
SIM2
SIM3
SIM4
1
21
22
SIM5
SIM1
SIM2
SIM3
SIM4
1
21
22
SIM5
SIM1
SIM2
SIM3
SIM4
1
21
22
SIM5
SIM1
SIM2
SIM3
SIM4
1
21
22
SIM5
SIM1
SIM2
SIM3
SIM4
1
21
22
SIM5
SIM1
SIM2
SIM3
SIM4
1
21
22
SIM5
SIM1
SIM2
SIM3
SIM4
1
21
22
SIM5
SIM1
SIM2
SIM3
SIM4
1
21
22
SIM5
SIM1
SIM2
SIM3
SIM4
1
21
22
SIM5
SIM1
SIM2
SIM3
SIM4
1
21
22
SIM5
SIM1
SIM2
SIM3
SIM4
1
21
22
SIM5
SIM1
SIM2
SIM3
SIM4
1
21
22
SIM5
SIM1
SIM2
SIM3
SIM4
1
21
22
SIM5
SIM1
SIM2
SIM3
SIM4
1
21
22
SIM5
SIM1
SIM2
SIM3
SIM4
1
21
22
SIM5
SIM1
SIM2
SIM3
SIM4
1
21
22
SIM5
SIM1
SIM2
SIM3
SIM4
1
21
22
SIM5
SIM1
SIM2
SIM3
SIM4
1
21
22
SIM5
SIM1
SIM2
SIM3
SIM4
1
21
22
SIM5
SIM1
SIM2
SIM3
SIM4
1
21
22
SIM5
SIM1
SIM2
SIM3
SIM4
1
21
22
SIM5
SIM1
SIM2
SIM3
SIM4
1
21
22
SIM5
SIM1
SIM2
SIM3
SIM4
1
21
22
SIM5
SIM1
SIM2
SIM3
SIM4
1
21
22
SIM5
SIM1
SIM2
SIM3
SIM4
1
21
22
SIM5
SIM1
SIM2
SIM3
SIM4
1
21
22
SIM5
SIM1
SIM2
SIM3
SIM4
1
21
22
SIM5
SIM1
SIM2
SIM3
SIM4
1
21
22
SIM5
SIM1
SIM2
SIM3
SIM4
1
21
22
SIM5
SIM1
SIM2
SIM3
SIM4
1
21
22
SIM5
SIM1
SIM2
SIM3
SIM4
1
21
22
SIM5
SIM1
SIM2
SIM3
SIM4
1
21
22
SIM5
SIM1
SIM2
SIM3
SIM4
1
21
22
SIM5
SIM1
SIM2
SIM3
SIM4
1
21
22
SIM5
SIM1
SIM2
SIM3
SIM4
1
21
22
SIM5
SIM1
SIM2
SIM3
SIM4
1
21
22
SIM5
SIM1
SIM2
SIM3
SIM4
1
21
22
SIM5
SIM1
SIM2
SIM3
SIM4
1
21
22
SIM5
SIM1
SIM2
SIM3
SIM4
1
21
22
SIM5
SIM1
SIM2
SIM3
SIM4
1
21
22
SIM5
SIM1
SIM2
SIM3
SIM4
1
21
22
SIM5
SIM1
SIM2
SIM3
SIM4
1
21
22
SIM5
SIM1
SIM2
SIM3
SIM4
1
21
22
SIM5
SIM1
SIM2
SIM3
SIM4
1
21
22
SIM5
SIM1
SIM2
SIM3
SIM4
1
21
22
SIM5
SIM1
SIM2
SIM3
SIM4
1
21
22
SIM5
SIM1
SIM2
SIM3
SIM4
1
21
22
SIM5
SIM1
SIM2
SIM3
SIM4
1
21
22
SIM5
SIM1
SIM2
SIM3
SIM4
1
21
22
SIM5
SIM1
SIM2
SIM3
SIM4
1
21
22
SIM5
SIM1
SIM2
SIM3
SIM4
1
21
22
SIM5
SIM1
SIM2
SIM3
SIM4
1
21
22
SIM5
SIM1
SIM2
SIM3
SIM4
1
21
22
SIM5
SIM1
SIM2
SIM3
SIM4
1
21
22
SIM5
SIM1
SIM2
SIM3
SIM4
1
21
22
SIM5
SIM1
SIM2
SIM3
SIM4
1
21
22
SIM5
SIM1
SIM2
SIM3
SIM4
1
21
22
SIM5
SIM1
SIM2
SIM3
SIM4
1
21
22
SIM5
SIM1
SIM2
SIM3
SIM4
1
21
22
SIM5
SIM1
SIM2
SIM3
SIM4
1
21
22
SIM5
SIM1
SIM2
SIM3
SIM4
1
21
22
SIM5
SIM1
SIM2
SIM3
SIM4
1
21
22
SIM5
SIM1
SIM2
SIM3
SIM4
1
21
22
SIM5
SIM1
SIM2
SIM3
SIM4
1
21
22
SIM5
SIM1
SIM2
SIM3
SIM4
1
21
22
SIM5
SIM1
SIM2
SIM3
SIM4
1
21
22
SIM5
SIM1
SIM2
SIM3
SIM4
1
21
22
SIM5
SIM1
SIM2
SIM3
SIM4
1
21
22
SIM5
SIM1
SIM2
SIM3
SIM4
1
21
22
SIM5
SIM1
SIM2
SIM3
SIM4
1
21
22
SIM5
SIM1
SIM2
SIM3
SIM4
1
21
22
SIM5
SIM1
SIM2
SIM3
SIM4
1
21
22
SIM5
SIM1
SIM2
SIM3
SIM4
1
21
22
SIM5
SIM1
SIM2
SIM3
SIM4
1
21
22
SIM5
SIM1
SIM2
SIM3
SIM4
1
21
22
SIM5
SIM1
SIM2
SIM3
SIM4
1
21
22
SIM5
SIM1
SIM2
SIM3
SIM4
1
21
22
SIM5
SIM1
SIM2
SIM3
SIM4
1
21
22
SIM5
SIM1
SIM2
SIM3
SIM4
1
21
22
SIM5
SIM1
SIM2
SIM3
SIM4
1
21
22
SIM5
SIM1
SIM2
SIM3
SIM4
1
21
22
SIM5
SIM1
SIM2
SIM3
SIM4
1
21
22
SIM5
SIM1
SIM2
SIM3
SIM4
1
21
22
SIM5
SIM1
SIM2
SIM3
SIM4
1
21
22
SIM5
SIM1
SIM2
SIM3
SIM4
1
21
22
SIM5
SIM1
SIM2
SIM3
SIM4
1
21
22
SIM5
SIM1
SIM2
SIM3
SIM4
1
21
22
SIM5
SIM1
SIM2
SIM3
SIM4
1
21
22
SIM5
SIM1
SIM2
SIM3
SIM4
1
21
22
SIM5
SIM1
SIM2
SIM3
SIM4
1
21
22
SIM5
SIM1
SIM2
SIM3
SIM4
1
21
22
SIM5
SIM1
SIM2
SIM3
SIM4
1
21
22
SIM5
SIM1
SIM2
SIM3
SIM4
1
21
22
SIM5
SIM1
SIM2
SIM3
SIM4
1
21
22
SIM5
SIM1
SIM2
SIM3
SIM4
1
21
22
SIM5
SIM1
SIM2
SIM3
SIM4
1
21
22
SIM5
SIM1
SIM2
SIM3
SIM4
1
21
22
SIM5
SIM1
SIM2
SIM3
SIM4
1
21
22
SIM5
SIM1
SIM2
SIM3
SIM4
1
21
22
SIM5
SIM1
SIM2
SIM3
SIM4
1
21
22
SIM5
SIM1
SIM2
SIM3
SIM4
1
21
22
SIM5
SIM1
SIM2
SIM3
SIM4
1
21
22
SIM5
SIM1
SIM2
SIM3
SIM4
1
21
22
SIM5
SIM1
SIM2
SIM3
SIM4
1
21
22
SIM5
SIM1
SIM2
SIM3
SIM4
1
21
22
SIM5
SIM1
SIM2
SIM3
SIM4
1
21
22
SIM5
SIM1
SIM2
SIM3
SIM4
1
21
22
SIM5
SIM1
SIM2
SIM3
SIM4
1
21
22
SIM5
SIM1
SIM2
SIM3
SIM4
1
21
22
SIM5
SIM1
SIM2
SIM3
SIM4
1
21
22
SIM5
SIM1
SIM2
SIM3
SIM4
1
21
22
SIM5
SIM1
SIM2
SIM3
SIM4
1
21
22
SIM5
SIM1
SIM2
SIM3
SIM4
1
21
22
SIM5
SIM1
SIM2
SIM3
SIM4
1
21
22
SIM5
SIM1
SIM2
SIM3
SIM4
1
21
22
SIM5
SIM1
SIM2
SIM3
SIM4
1
21
22
SIM5
SIM1
SIM2
SIM3
SIM4
1
21
22
SIM5
SIM1
SIM2
SIM3
SIM4
1
21
22
SIM5
SIM1
SIM2
SIM3
SIM4
1
21
22
SIM5
SIM1
SIM2
SIM3
SIM4
1
21
22
SIM5
SIM1
SIM2
SIM3
SIM4
1
21
22
SIM5
SIM1
SIM2
SIM3
SIM4
1
21
22
SIM5
SIM1
SIM2
SIM3
SIM4
1
21
22
SIM5
SIM1
SIM2
SIM3
SIM4
1
21
22
SIM5
SIM1
SIM2
SIM3
SIM4
1
21
22
SIM5
SIM1
SIM2
SIM3
SIM4
1
21
22
SIM5
SIM1
SIM2
SIM3
SIM4
1
21
22
SIM5
SIM1
SIM2
SIM3
SIM4
1
21
22
SIM5
SIM1
SIM2
SIM3
SIM4
1
21
22
SIM5
SIM1
SIM2
SIM3
SIM4
1
21
22
SIM5
SIM1
SIM2
SIM3
SIM4
1
21
22
SIM5
SIM1
SIM2
SIM3
SIM4
1
21
22
SIM5
SIM1
SIM2
SIM3
SIM4
1
21
22
SIM5
SIM1
SIM2
SIM3
SIM4
1
21
22
SIM5
SIM1
SIM2
SIM3
SIM4
1
21
22
SIM5
SIM1
SIM2
SIM3
SIM4
1
21
22
SIM5
SIM1
SIM2
SIM3
SIM4
1
21
22
SIM5
SIM1
SIM2
SIM3
SIM4
1
21
22
SIM5
SIM1
SIM2
SIM3
SIM4
1
21
22
SIM5
SIM1
SIM2
SIM3
SIM4
1
21
22
SIM5
SIM1
SIM2
SIM3
SIM4
1
21
22
SIM5
SIM1
SIM2
SIM3
SIM4
1
21
22
SIM5
SIM1
SIM2
SIM3
SIM4
1
21
22
SIM5
SIM1
SIM2
SIM3
SIM4
1
21
22
SIM5
SIM1
SIM2
SIM3
SIM4
1
21
22
SIM5
SIM1
SIM2
SIM3
SIM4
1
21
22
SIM5
SIM1
SIM2
SIM3
SIM4
1
21
22
SIM5
SIM1
SIM2
SIM3
SIM4
1
21
22
SIM5
SIM1
SIM2
SIM3
SIM4
1
21
22
SIM5
SIM1
SIM2
SIM3
SIM4
1
21
22
SIM5
SIM1
SIM2
SIM3
SIM4
1
21
22
SIM5
SIM1
SIM2
SIM3
SIM4
1
21
22
SIM5
SIM1
SIM2
SIM3
SIM4
1
21
22
SIM5
SIM1
SIM2
SIM3
SIM4
1
21
22
SIM5
SIM1
SIM2
SIM3
SIM4
1
21
22
SIM5
SIM1
SIM2
DEBUG 1 831
SIM1
SIM2
SIM3
SIM4
1
21
22
SIM5
SIM1
SIM2
SIM3
SIM4
1
21
22
SIM5
SIM1
SIM2
SIM3
SIM4
1
21
22
SIM5
SIM1
SIM2
SIM3
SIM4
1
21
22
SIM5
SIM1
SIM2
SIM3
SIM4
1
21
22
SIM5
SIM1
SIM2
SIM3
SIM4
1
21
22
SIM5
SIM1
SIM2
SIM3
SIM4
1
21
22
SIM5
SIM1
SIM2
SIM3
SIM4
1
21
22
SIM5
SIM1
SIM2
SIM3
SIM4
1
21
22
SIM5
SIM1
SIM2
SIM3
SIM4
1
21
22
SIM5
SIM1
SIM2
SIM3
SIM4
1
21
22
SIM5
SIM1
SIM2
SIM3
SIM4
1
21
22
SIM5
SIM1
SIM2
SIM3
SIM4
1
21
22
SIM5
SIM1
SIM2
SIM3
SIM4
1
21
22
SIM5
SIM1
SIM2
SIM3
SIM4
1
21
22
SIM5
SIM1
SIM2
SIM3
SIM4
1
21
22
SIM5
SIM1
SIM2
SIM3
SIM4
1
21
22
SIM5
SIM1
SIM2
SIM3
SIM4
1
21
22
SIM5
SIM1
SIM2
SIM3
SIM4
1
21
22
SIM5
SIM1
SIM2
SIM3
SIM4
1
21
22
SIM5
SIM1
SIM2
SIM3
SIM4
1
21
22
SIM5
SIM1
SIM2
SIM3
SIM4
1
21
22
SIM5
SIM1
SIM2
SIM3
SIM4
1
21
22
SIM5
SIM1
SIM2
SIM3
SIM4
1
21
22
SIM5
SIM1
SIM2
SIM3
SIM4
1
21
22
SIM5
SIM1
SIM2
SIM3
SIM4
1
21
22
SIM5
SIM1
SIM2
SIM3
SIM4
1
21
22
SIM5
SIM1
SIM2
SIM3
SIM4
1
21
22
SIM5
SIM1
SIM2
SIM3
SIM4
1
21
22
SIM5
SIM1
SIM2
SIM3
SIM4
1
21
22
SIM5
SIM1
SIM2
SIM3
SIM4
1
21
22
SIM5
SIM1
SIM2
SIM3
SIM4
1
21
22
SIM5
SIM1
SIM2
SIM3
SIM4
1
21
22
SIM5
SIM1
SIM2
SIM3
SIM4
1
21
22
SIM5
SIM1
SIM2
SIM3
SIM4
1
21
22
SIM5
SIM1
SIM2
SIM3
SIM4
1
21
22
SIM5
SIM1
SIM2
SIM3
SIM4
1
21
22
SIM5
SIM1
SIM2
SIM3
SIM4
1
21
22
SIM5
SIM1
SIM2
SIM3
SIM4
1
21
22
SIM5
SIM1
SIM2
SIM3
SIM4
1
21
22
SIM5
SIM1
SIM2
SIM3
SIM4
1
21
22
SIM5
SIM1
SIM2
SIM3
SIM4
1
21
22
SIM5
SIM1
SIM2
SIM3
SIM4
1
21
22
SIM5
SIM1
SIM2
SIM3
SIM4
1
21
22
SIM5
SIM1
SIM2
SIM3
SIM4
1
21
22
SIM5
SIM1
SIM2
SIM3
SIM4
1
21
22
SIM5
SIM1
SIM2
SIM3
SIM4
1
21
22
SIM5
SIM1
SIM2
SIM3
SIM4
1
21
22
SIM5
SIM1
SIM2
SIM3
SIM4
1
21
22
SIM5
SIM1
SIM2
SIM3
SIM4
1
21
22
SIM5
SIM1
SIM2
SIM3
SIM4
1
21
22
SIM5
SIM1
SIM2
SIM3
SIM4
1
21
22
SIM5
SIM1
SIM2
SIM3
SIM4
1
21
22
SIM5
SIM1
SIM2
SIM3
SIM4
1
21
22
SIM5
SIM1
SIM2
SIM3
SIM4
1
21
22
SIM5
SIM1
SIM2
SIM3
SIM4
1
21
22
SIM5
SIM1
SIM2
SIM3
SIM4
1
21
22
SIM5
SIM1
SIM2
SIM3
SIM4
1
21
22
SIM5
SIM1
SIM2
SIM3
SIM4
1
21
22
SIM5
SIM1
SIM2
SIM3
SIM4
1
21
22
SIM5
SIM1
SIM2
SIM3
SIM4
1
21
22
SIM5
SIM1
SIM2
SIM3
SIM4
1
21
22
SIM5
SIM1
SIM2
SIM3
SIM4
1
21
22
SIM5
SIM1
SIM2
SIM3
SIM4
1
21
22
SIM5
SIM1
SIM2
SIM3
SIM4
1
21
22
SIM5
SIM1
SIM2
SIM3
SIM4
1
21
22
SIM5
SIM1
SIM2
SIM3
SIM4
1
21
22
SIM5
SIM1
SIM2
SIM3
SIM4
1
21
22
SIM5
SIM1
SIM2
SIM3
SIM4
1
21
22
SIM5
SIM1
SIM2
SIM3
SIM4
1
21
22
SIM5
SIM1
SIM2
SIM3
SIM4
1
21
22
SIM5
SIM1
SIM2
SIM3
SIM4
1
21
22
SIM5
SIM1
SIM2
SIM3
SIM4
1
21
22
SIM5
SIM1
SIM2
SIM3
SIM4
1
21
22
SIM5
SIM1
SIM2
SIM3
SIM4
1
21
22
SIM5
SIM1
SIM2
SIM3
SIM4
1
21
22
SIM5
SIM1
SIM2
SIM3
SIM4
1
21
22
SIM5
SIM1
SIM2
SIM3
SIM4
1
21
22
SIM5
SIM1
SIM2
SIM3
SIM4
1
21
22
SIM5
SIM1
SIM2
SIM3
SIM4
1
21
22
SIM5
SIM1
SIM2
SIM3
SIM4
1
21
22
SIM5
SIM1
SIM2
SIM3
SIM4
1
21
22
SIM5
SIM1
SIM2
SIM3
SIM4
1
21
22
SIM5
SIM1
SIM2
SIM3
SIM4
1
21
22
SIM5
SIM1
SIM2
SIM3
SIM4
1
21
22
SIM5
SIM1
SIM2
SIM3
SIM4
1
21
22
SIM5
SIM1
SIM2
SIM3
SIM4
1
21
22
SIM5
SIM1
SIM2
SIM3
SIM4
1
21
22
SIM5
SIM1
SIM2
SIM3
SIM4
1
21
22
SIM5
SIM1
SIM2
SIM3
SIM4
1
21
22
SIM5
SIM1
SIM2
SIM3
SIM4
1
21
22
SIM5
SIM1
SIM2
SIM3
SIM4
1
21
22
SIM5
SIM1
SIM2
SIM3
SIM4
1
21
22
SIM5
SIM1
SIM2
SIM3
SIM4
1
21
22
SIM5
SIM1
SIM2
SIM3
SIM4
1
21
22
SIM5
SIM1
SIM2
SIM3
SIM4
1
21
22
SIM5
SIM1
SIM2
SIM3
SIM4
1
21
22
SIM5
SIM1
SIM2
SIM3
SIM4
1
21
22
SIM5
SIM1
SIM2
SIM3
SIM4
1
21
22
SIM5
SIM1
SIM2
SIM3
SIM4
1
21
22
SIM5
SIM1
SIM2
SIM3
SIM4
1
21
22
SIM5
SIM1
SIM2
SIM3
SIM4
1
21
22
SIM5
SIM1
SIM2
SIM3
SIM4
1
21
22
SIM5
SIM1
SIM2
SIM3
SIM4
1
21
22
SIM5
SIM1
SIM2
SIM3
SIM4
1
21
22
SIM5
SIM1
SIM2
SIM3
SIM4
1
21
22
SIM5
SIM1
SIM2
SIM3
SIM4
1
21
22
SIM5
SIM1
SIM2
SIM3
SIM4
1
21
22
SIM5
SIM1
SIM2
SIM3
SIM4
1
21
22
SIM5
SIM1
SIM2
SIM3
SIM4
1
21
22
SIM5
SIM1
SIM2
SIM3
SIM4
1
21
22
SIM5
SIM1
SIM2
SIM3
SIM4
1
21
22
SIM5
SIM1
SIM2
SIM3
SIM4
1
21
22
SIM5
SIM1
SIM2
SIM3
SIM4
1
21
22
SIM5
SIM1
SIM2
SIM3
SIM4
1
21
22
SIM5
SIM1
SIM2
SIM3
SIM4
1
21
22
SIM5
SIM1
SIM2
SIM3
SIM4
1
21
22
SIM5
SIM1
SIM2
SIM3
SIM4
1
21
22
SIM5
SIM1
SIM2
SIM3
SIM4
1
21
22
SIM5
SIM1
SIM2
SIM3
SIM4
1
21
22
SIM5
SIM1
SIM2
SIM3
SIM4
1
21
22
SIM5
SIM1
SIM2
SIM3
SIM4
1
21
22
SIM5
SIM1
SIM2
SIM3
SIM4
1
21
22
SIM5
SIM1
SIM2
SIM3
SIM4
1
21
22
SIM5
SIM1
SIM2
SIM3
SIM4
1
21
22
SIM5
SIM1
SIM2
SIM3
SIM4
1
21
22
SIM5
SIM1
SIM2
SIM3
SIM4
1
21
22
SIM5
SIM1
SIM2
SIM3
SIM4
1
21
22
SIM5
SIM1
SIM2
SIM3
SIM4
1
21
22
SIM5
SIM1
SIM2
SIM3
SIM4
1
21
22
SIM5
SIM1
SIM2
SIM3
SIM4
1
21
22
SIM5
SIM1
SIM2
SIM3
SIM4
1
21
22
SIM5
SIM1
SIM2
SIM3
SIM4
1
21
22
SIM5
SIM1
SIM2
SIM3
SIM4
1
21
22
SIM5
SIM1
SIM2
SIM3
SIM4
1
21
22
SIM5
SIM1
SIM2
SIM3
SIM4
1
21
22
SIM5
SIM1
SIM2
SIM3
SIM4
1
21
22
SIM5
SIM1
SIM2
SIM3
SIM4
1
21
22
SIM5
SIM1
SIM2
SIM3
SIM4
1
21
22
SIM5
SIM1
SIM2
SIM3
SIM4
1
21
22
SIM5
SIM1
SIM2
SIM3
SIM4
1
21
22
SIM5
SIM1
SIM2
SIM3
SIM4
1
21
22
SIM5
SIM1
SIM2
SIM3
SIM4
1
21
22
SIM5
SIM1
SIM2
SIM3
SIM4
1
21
22
SIM5
SIM1
SIM2
SIM3
SIM4
1
21
22
SIM5
SIM1
SIM2
SIM3
SIM4
1
21
22
SIM5
SIM1
SIM2
SIM3
SIM4
1
21
22
SIM5
SIM1
SIM2
SIM3
SIM4
1
21
22
SIM5
SIM1
SIM2
SIM3
SIM4
1
21
22
SIM5
SIM1
SIM2
SIM3
SIM4
1
21
22
SIM5
SIM1
SIM2
SIM3
SIM4
1
21
22
SIM5
SIM1
SIM2
SIM3
SIM4
1
21
22
SIM5
SIM1
SIM2
SIM3
SIM4
1
21
22
SIM5
SIM1
SIM2
SIM3
SIM4
1
21
22
SIM5
SIM1
SIM2
SIM3
SIM4
1
21
22
SIM5
SIM1
SIM2
SIM3
SIM4
1
21
22
SIM5
SIM1
SIM2
SIM3
SIM4
1
21
22
SIM5
SIM1
SIM2
DEBUG 1 832
SIM1
SIM2
SIM3
SIM4
1
21
22
SIM5
SIM1
SIM2
SIM3
SIM4
1
21
22
SIM5
SIM1
SIM2
SIM3
SIM4
1
21
22
SIM5
SIM1
SIM2
SIM3
SIM4
1
21
22
SIM5
SIM1
SIM2
SIM3
SIM4
1
21
22
SIM5
SIM1
SIM2
SIM3
SIM4
1
21
22
SIM5
SIM1
SIM2
SIM3
SIM4
1
21
22
SIM5
SIM1
SIM2
SIM3
SIM4
1
21
22
SIM5
SIM1
SIM2
SIM3
SIM4
1
21
22
SIM5
SIM1
SIM2
SIM3
SIM4
1
21
22
SIM5
SIM1
SIM2
SIM3
SIM4
1
21
22
SIM5
SIM1
SIM2
SIM3
SIM4
1
21
22
SIM5
SIM1
SIM2
SIM3
SIM4
1
21
22
SIM5
SIM1
SIM2
SIM3
SIM4
1
21
22
SIM5
SIM1
SIM2
SIM3
SIM4
1
21
22
SIM5
SIM1
SIM2
SIM3
SIM4
1
21
22
SIM5
SIM1
SIM2
SIM3
SIM4
1
21
22
SIM5
SIM1
SIM2
SIM3
SIM4
1
21
22
SIM5
SIM1
SIM2
SIM3
SIM4
1
21
22
SIM5
SIM1
SIM2
SIM3
SIM4
1
21
22
SIM5
SIM1
SIM2
SIM3
SIM4
1
21
22
SIM5
SIM1
SIM2
SIM3
SIM4
1
21
22
SIM5
SIM1
SIM2
SIM3
SIM4
1
21
22
SIM5
SIM1
SIM2
SIM3
SIM4
1
21
22
SIM5
SIM1
SIM2
SIM3
SIM4
1
21
22
SIM5
SIM1
SIM2
SIM3
SIM4
1
21
22
SIM5
SIM1
SIM2
SIM3
SIM4
1
21
22
SIM5
SIM1
SIM2
SIM3
SIM4
1
21
22
SIM5
SIM1
SIM2
SIM3
SIM4
1
21
22
SIM5
SIM1
SIM2
SIM3
SIM4
1
21
22
SIM5
SIM1
SIM2
SIM3
SIM4
1
21
22
SIM5
SIM1
SIM2
SIM3
SIM4
1
21
22
SIM5
SIM1
SIM2
SIM3
SIM4
1
21
22
SIM5
SIM1
SIM2
SIM3
SIM4
1
21
22
SIM5
SIM1
SIM2
SIM3
SIM4
1
21
22
SIM5
SIM1
SIM2
SIM3
SIM4
1
21
22
SIM5
SIM1
SIM2
SIM3
SIM4
1
21
22
SIM5
SIM1
SIM2
SIM3
SIM4
1
21
22
SIM5
SIM1
SIM2
SIM3
SIM4
1
21
22
SIM5
SIM1
SIM2
SIM3
SIM4
1
21
22
SIM5
SIM1
SIM2
SIM3
SIM4
1
21
22
SIM5
SIM1
SIM2
SIM3
SIM4
1
21
22
SIM5
SIM1
SIM2
SIM3
SIM4
1
21
22
SIM5
SIM1
SIM2
SIM3
SIM4
1
21
22
SIM5
SIM1
SIM2
SIM3
SIM4
1
21
22
SIM5
SIM1
SIM2
SIM3
SIM4
1
21
22
SIM5
SIM1
SIM2
SIM3
SIM4
1
21
22
SIM5
SIM1
SIM2
SIM3
SIM4
1
21
22
SIM5
SIM1
SIM2
SIM3
SIM4
1
21
22
SIM5
SIM1
SIM2
SIM3
SIM4
1
21
22
SIM5
SIM1
SIM2
SIM3
SIM4
1
21
22
SIM5
SIM1
SIM2
SIM3
SIM4
1
21
22
SIM5
SIM1
SIM2
SIM3
SIM4
1
21
22
SIM5
SIM1
SIM2
SIM3
SIM4
1
21
22
SIM5
SIM1
SIM2
SIM3
SIM4
1
21
22
SIM5
SIM1
SIM2
SIM3
SIM4
1
21
22
SIM5
SIM1
SIM2
SIM3
SIM4
1
21
22
SIM5
SIM1
SIM2
SIM3
SIM4
1
21
22
SIM5
SIM1
SIM2
SIM3
SIM4
1
21
22
SIM5
SIM1
SIM2
SIM3
SIM4
1
21
22
SIM5
SIM1
SIM2
SIM3
SIM4
1
21
22
SIM5
SIM1
SIM2
SIM3
SIM4
1
21
22
SIM5
SIM1
SIM2
SIM3
SIM4
1
21
22
SIM5
SIM1
SIM2
SIM3
SIM4
1
21
22
SIM5
SIM1
SIM2
SIM3
SIM4
1
21
22
SIM5
SIM1
SIM2
SIM3
SIM4
1
21
22
SIM5
SIM1
SIM2
SIM3
SIM4
1
21
22
SIM5
SIM1
SIM2
SIM3
SIM4
1
21
22
SIM5
SIM1
SIM2
SIM3
SIM4
1
21
22
SIM5
SIM1
SIM2
SIM3
SIM4
1
21
22
SIM5
SIM1
SIM2
SIM3
SIM4
1
21
22
SIM5
SIM1
SIM2
SIM3
SIM4
1
21
22
SIM5
SIM1
SIM2
SIM3
SIM4
1
21
22
SIM5
SIM1
SIM2
SIM3
SIM4
1
21
22
SIM5
SIM1
SIM2
SIM3
SIM4
1
21
22
SIM5
SIM1
SIM2
SIM3
SIM4
1
21
22
SIM5
SIM1
SIM2
SIM3
SIM4
1
21
22
SIM5
SIM1
SIM2
SIM3
SIM4
1
21
22
SIM5
SIM1
SIM2
SIM3
SIM4
1
21
22
SIM5
SIM1
SIM2
SIM3
SIM4
1
21
22
SIM5
SIM1
SIM2
SIM3
SIM4
1
21
22
SIM5
SIM1
SIM2
SIM3
SIM4
1
21
22
SIM5
SIM1
SIM2
SIM3
SIM4
1
21
22
SIM5
SIM1
SIM2
SIM3
SIM4
1
21
22
SIM5
SIM1
SIM2
SIM3
SIM4
1
21
22
SIM5
SIM1
SIM2
SIM3
SIM4
1
21
22
SIM5
SIM1
SIM2
SIM3
SIM4
1
21
22
SIM5
SIM1
SIM2
SIM3
SIM4
1
21
22
SIM5
SIM1
SIM2
SIM3
SIM4
1
21
22
SIM5
SIM1
SIM2
SIM3
SIM4
1
21
22
SIM5
SIM1
SIM2
SIM3
SIM4
1
21
22
SIM5
SIM1
SIM2
SIM3
SIM4
1
21
22
SIM5
SIM1
SIM2
SIM3
SIM4
1
21
22
SIM5
SIM1
SIM2
SIM3
SIM4
1
21
22
SIM5
SIM1
SIM2
SIM3
SIM4
1
21
22
SIM5
SIM1
SIM2
SIM3
SIM4
1
21
22
SIM5
SIM1
SIM2
SIM3
SIM4
1
21
22
SIM5
SIM1
SIM2
SIM3
SIM4
1
21
22
SIM5
SIM1
SIM2
SIM3
SIM4
1
21
22
SIM5
SIM1
SIM2
SIM3
SIM4
1
21
22
SIM5
SIM1
SIM2
SIM3
SIM4
1
21
22
SIM5
SIM1
SIM2
SIM3
SIM4
1
21
22
SIM5
SIM1
SIM2
SIM3
SIM4
1
21
22
SIM5
SIM1
SIM2
SIM3
SIM4
1
21
22
SIM5
SIM1
SIM2
SIM3
SIM4
1
21
22
SIM5
SIM1
SIM2
SIM3
SIM4
1
21
22
SIM5
SIM1
SIM2
SIM3
SIM4
1
21
22
SIM5
SIM1
SIM2
SIM3
SIM4
1
21
22
SIM5
SIM1
SIM2
SIM3
SIM4
1
21
22
SIM5
SIM1
SIM2
SIM3
SIM4
1
21
22
SIM5
SIM1
SIM2
SIM3
SIM4
1
21
22
SIM5
SIM1
SIM2
SIM3
SIM4
1
21
22
SIM5
SIM1
SIM2
SIM3
SIM4
1
21
22
SIM5
SIM1
SIM2
SIM3
SIM4
1
21
22
SIM5
SIM1
SIM2
SIM3
SIM4
1
21
22
SIM5
SIM1
SIM2
SIM3
SIM4
1
21
22
SIM5
SIM1
SIM2
SIM3
SIM4
1
21
22
SIM5
SIM1
SIM2
SIM3
SIM4
1
21
22
SIM5
SIM1
SIM2
SIM3
SIM4
1
21
22
SIM5
SIM1
SIM2
SIM3
SIM4
1
21
22
SIM5
SIM1
SIM2
SIM3
SIM4
1
21
22
SIM5
SIM1
SIM2
SIM3
SIM4
1
21
22
SIM5
SIM1
SIM2
SIM3
SIM4
1
21
22
SIM5
SIM1
SIM2
SIM3
SIM4
1
21
22
SIM5
SIM1
SIM2
SIM3
SIM4
1
21
22
SIM5
SIM1
SIM2
SIM3
SIM4
1
21
22
SIM5
SIM1
SIM2
SIM3
SIM4
1
21
22
SIM5
SIM1
SIM2
SIM3
SIM4
1
21
22
SIM5
SIM1
SIM2
SIM3
SIM4
1
21
22
SIM5
SIM1
SIM2
SIM3
SIM4
1
21
22
SIM5
SIM1
SIM2
SIM3
SIM4
1
21
22
SIM5
SIM1
SIM2
SIM3
SIM4
1
21
22
SIM5
SIM1
SIM2
SIM3
SIM4
1
21
22
SIM5
SIM1
SIM2
SIM3
SIM4
1
21
22
SIM5
SIM1
SIM2
SIM3
SIM4
1
21
22
SIM5
SIM1
SIM2
SIM3
SIM4
1
21
22
SIM5
SIM1
SIM2
SIM3
SIM4
1
21
22
SIM5
SIM1
SIM2
SIM3
SIM4
1
21
22
SIM5
SIM1
SIM2
SIM3
SIM4
1
21
22
SIM5
SIM1
SIM2
SIM3
SIM4
1
21
22
SIM5
SIM1
SIM2
SIM3
SIM4
1
21
22
SIM5
SIM1
SIM2
SIM3
SIM4
1
21
22
SIM5
SIM1
SIM2
SIM3
SIM4
1
21
22
SIM5
SIM1
SIM2
SIM3
SIM4
1
21
22
SIM5
SIM1
SIM2
SIM3
SIM4
1
21
22
SIM5
SIM1
SIM2
SIM3
SIM4
1
21
22
SIM5
SIM1
SIM2
SIM3
SIM4
1
21
22
SIM5
SIM1
SIM2
SIM3
SIM4
1
21
22
SIM5
SIM1
SIM2
SIM3
SIM4
1
21
22
SIM5
SIM1
SIM2
SIM3
SIM4
1
21
22
SIM5
SIM1
SIM2
SIM3
SIM4
1
21
22
SIM5
SIM1
SIM2
SIM3
SIM4
1
21
22
SIM5
SIM1
SIM2
SIM3
SIM4
1
21
22
SIM5
SIM1
SIM2
SIM3
SIM4
1
21
22
SIM5
SIM1
SIM2
SIM3
SIM4
1
21
22
SIM5
SIM1
SIM2
SIM3
SIM4
1
21
22
SIM5
SIM1
SIM2
SIM3
SIM4
1
21
22
SIM5
SIM1
SIM2
SIM3
SIM4
1
21
22
SIM5
SIM1
SIM2
SIM3
SIM4
1
21
22
SIM5
SIM1
SIM2
SIM3
SIM4
1
21
22
SIM5
SIM1
SIM2
SIM3
SIM4
1
21
22
SIM5
SIM1
SIM2
SIM3
SIM4
1
21
22
SIM5
SIM1
SIM2
SIM3
SIM4
1
21
22
SIM5
SIM1
SIM2
SIM3
SIM4
1
21
22
SIM5
SIM1
SIM2
SIM3
SIM4
1
21
22
SIM5
SIM1
SIM2
SIM3
SIM4
1
21
22
SIM5
SIM1
SIM2
SIM3
SIM4
1
21
22
SIM5
SIM1
SIM2
SIM3
SIM4
1
21
22
SIM5
SIM1
SIM2
SIM3
SIM4
1
21
22
SIM5
SIM1
SIM2
SIM3
SIM4
1
21
22
SIM5
SIM1
SIM2
SIM3
SIM4
1
21
22
SIM5
SIM1
SIM2
SIM3
SIM4
1
21
22
SIM5
SIM1
SIM2
SIM3
SIM4
1
21
22
SIM5
SIM1
SIM2
SIM3
SIM4
1
21
22
SIM5
SIM1
SIM2
SIM3
SIM4
1
21
22
SIM5
SIM1
SIM2
SIM3
SIM4
1
21
22
SIM5
SIM1
SIM2
SIM3
SIM4
1
21
22
SIM5
SIM1
SIM2
SIM3
SIM4
1
21
22
SIM5
SIM1
SIM2
SIM3
SIM4
1
21
22
SIM5
SIM1
SIM2
SIM3
SIM4
1
21
22
SIM5
SIM1
SIM2
SIM3
SIM4
1
21
22
SIM5
SIM1
SIM2
SIM3
SIM4
1
21
22
SIM5
SIM1
SIM2
SIM3
SIM4
1
21
22
SIM5
SIM1
SIM2
SIM3
SIM4
1
21
22
SIM5
SIM1
SIM2
SIM3
SIM4
1
21
22
SIM5
SIM1
SIM2
SIM3
SIM4
1
21
22
SIM5
SIM1
SIM2
SIM3
SIM4
1
21
22
SIM5
SIM1
SIM2
SIM3
SIM4
1
21
22
SIM5
SIM1
SIM2
SIM3
SIM4
1
21
22
SIM5
SIM1
SIM2
SIM3
SIM4
1
21
22
SIM5
SIM1
SIM2
SIM3
SIM4
1
21
22
SIM5
SIM1
SIM2
SIM3
SIM4
1
21
22
SIM5
SIM1
SIM2
SIM3
SIM4
1
21
22
SIM5
SIM1
SIM2
SIM3
SIM4
1
21
22
SIM5
SIM1
SIM2
DEBUG 1 833
SIM1
SIM2
SIM3
SIM4
1
21
22
SIM5
SIM1
SIM2
SIM3
SIM4
1
21
22
SIM5
SIM1
SIM2
SIM3
SIM4
1
21
22
SIM5
SIM1
SIM2
SIM3
SIM4
1
21
22
SIM5
SIM1
SIM2
SIM3
SIM4
1
21
22
SIM5
SIM1
SIM2
SIM3
SIM4
1
21
22
SIM5
SIM1
SIM2
SIM3
SIM4
1
21
22
SIM5
SIM1
SIM2
SIM3
SIM4
1
21
22
SIM5
SIM1
SIM2
SIM3
SIM4
1
21
22
SIM5
SIM1
SIM2
SIM3
SIM4
1
21
22
SIM5
SIM1
SIM2
SIM3
SIM4
1
21
22
SIM5
SIM1
SIM2
SIM3
SIM4
1
21
22
SIM5
SIM1
SIM2
SIM3
SIM4
1
21
22
SIM5
SIM1
SIM2
SIM3
SIM4
1
21
22
SIM5
SIM1
SIM2
SIM3
SIM4
1
21
22
SIM5
SIM1
SIM2
SIM3
SIM4
1
21
22
SIM5
SIM1
SIM2
SIM3
SIM4
1
21
22
SIM5
SIM1
SIM2
SIM3
SIM4
1
21
22
SIM5
SIM1
SIM2
SIM3
SIM4
1
21
22
SIM5
SIM1
SIM2
SIM3
SIM4
1
21
22
SIM5
SIM1
SIM2
SIM3
SIM4
1
21
22
SIM5
SIM1
SIM2
SIM3
SIM4
1
21
22
SIM5
SIM1
SIM2
SIM3
SIM4
1
21
22
SIM5
SIM1
SIM2
SIM3
SIM4
1
21
22
SIM5
SIM1
SIM2
SIM3
SIM4
1
21
22
SIM5
SIM1
SIM2
SIM3
SIM4
1
21
22
SIM5
SIM1
SIM2
SIM3
SIM4
1
21
22
SIM5
SIM1
SIM2
SIM3
SIM4
1
21
22
SIM5
SIM1
SIM2
SIM3
SIM4
1
21
22
SIM5
SIM1
SIM2
SIM3
SIM4
1
21
22
SIM5
SIM1
SIM2
SIM3
SIM4
1
21
22
SIM5
SIM1
SIM2
SIM3
SIM4
1
21
22
SIM5
SIM1
SIM2
SIM3
SIM4
1
21
22
SIM5
SIM1
SIM2
SIM3
SIM4
1
21
22
SIM5
SIM1
SIM2
SIM3
SIM4
1
21
22
SIM5
SIM1
SIM2
SIM3
SIM4
1
21
22
SIM5
SIM1
SIM2
SIM3
SIM4
1
21
22
SIM5
SIM1
SIM2
SIM3
SIM4
1
21
22
SIM5
SIM1
SIM2
SIM3
SIM4
1
21
22
SIM5
SIM1
SIM2
SIM3
SIM4
1
21
22
SIM5
SIM1
SIM2
SIM3
SIM4
1
21
22
SIM5
SIM1
SIM2
SIM3
SIM4
1
21
22
SIM5
SIM1
SIM2
SIM3
SIM4
1
21
22
SIM5
SIM1
SIM2
SIM3
SIM4
1
21
22
SIM5
SIM1
SIM2
SIM3
SIM4
1
21
22
SIM5
SIM1
SIM2
SIM3
SIM4
1
21
22
SIM5
SIM1
SIM2
SIM3
SIM4
1
21
22
SIM5
SIM1
SIM2
SIM3
SIM4
1
21
22
SIM5
SIM1
SIM2
SIM3
SIM4
1
21
22
SIM5
SIM1
SIM2
SIM3
SIM4
1
21
22
SIM5
SIM1
SIM2
SIM3
SIM4
1
21
22
SIM5
SIM1
SIM2
SIM3
SIM4
1
21
22
SIM5
SIM1
SIM2
SIM3
SIM4
1
21
22
SIM5
SIM1
SIM2
SIM3
SIM4
1
21
22
SIM5
SIM1
SIM2
SIM3
SIM4
1
21
22
SIM5
SIM1
SIM2
SIM3
SIM4
1
21
22
SIM5
SIM1
SIM2
SIM3
SIM4
1
21
22
SIM5
SIM1
SIM2
SIM3
SIM4
1
21
22
SIM5
SIM1
SIM2
SIM3
SIM4
1
21
22
SIM5
SIM1
SIM2
SIM3
SIM4
1
21
22
SIM5
SIM1
SIM2
SIM3
SIM4
1
21
22
SIM5
SIM1
SIM2
SIM3
SIM4
1
21
22
SIM5
SIM1
SIM2
SIM3
SIM4
1
21
22
SIM5
SIM1
SIM2
SIM3
SIM4
1
21
22
SIM5
SIM1
SIM2
SIM3
SIM4
1
21
22
SIM5
SIM1
SIM2
SIM3
SIM4
1
21
22
SIM5
SIM1
SIM2
SIM3
SIM4
1
21
22
SIM5
SIM1
SIM2
SIM3
SIM4
1
21
22
SIM5
SIM1
SIM2
SIM3
SIM4
1
21
22
SIM5
SIM1
SIM2
SIM3
SIM4
1
21
22
SIM5
SIM1
SIM2
SIM3
SIM4
1
21
22
SIM5
SIM1
SIM2
SIM3
SIM4
1
21
22
SIM5
SIM1
SIM2
SIM3
SIM4
1
21
22
SIM5
SIM1
SIM2
SIM3
SIM4
1
21
22
SIM5
SIM1
SIM2
SIM3
SIM4
1
21
22
SIM5
SIM1
SIM2
SIM3
SIM4
1
21
22
SIM5
SIM1
SIM2
SIM3
SIM4
1
21
22
SIM5
SIM1
SIM2
SIM3
SIM4
1
21
22
SIM5
SIM1
SIM2
SIM3
SIM4
1
21
22
SIM5
SIM1
SIM2
SIM3
SIM4
1
21
22
SIM5
SIM1
SIM2
SIM3
SIM4
1
21
22
SIM5
SIM1
SIM2
SIM3
SIM4
1
21
22
SIM5
SIM1
SIM2
SIM3
SIM4
1
21
22
SIM5
SIM1
SIM2
SIM3
SIM4
1
21
22
SIM5
SIM1
SIM2
SIM3
SIM4
1
21
22
SIM5
SIM1
SIM2
SIM3
SIM4
1
21
22
SIM5
SIM1
SIM2
SIM3
SIM4
1
21
22
SIM5
SIM1
SIM2
SIM3
SIM4
1
21
22
SIM5
SIM1
SIM2
SIM3
SIM4
1
21
22
SIM5
SIM1
SIM2
SIM3
SIM4
1
21
22
SIM5
SIM1
SIM2
SIM3
SIM4
1
21
22
SIM5
SIM1
SIM2
SIM3
SIM4
1
21
22
SIM5
SIM1
SIM2
SIM3
SIM4
1
21
22
SIM5
SIM1
SIM2
SIM3
SIM4
1
21
22
SIM5
SIM1
SIM2
SIM3
SIM4
1
21
22
SIM5
SIM1
SIM2
SIM3
SIM4
1
21
22
SIM5
SIM1
SIM2
SIM3
SIM4
1
21
22
SIM5
SIM1
SIM2
SIM3
SIM4
1
21
22
SIM5
SIM1
SIM2
SIM3
SIM4
1
21
22
SIM5
SIM1
SIM2
SIM3
SIM4
1
21
22
SIM5
SIM1
SIM2
SIM3
SIM4
1
21
22
SIM5
SIM1
SIM2
SIM3
SIM4
1
21
22
SIM5
SIM1
SIM2
SIM3
SIM4
1
21
22
SIM5
SIM1
SIM2
SIM3
SIM4
1
21
22
SIM5
SIM1
SIM2
SIM3
SIM4
1
21
22
SIM5
SIM1
SIM2
SIM3
SIM4
1
21
22
SIM5
SIM1
SIM2
SIM3
SIM4
1
21
22
SIM5
SIM1
SIM2
SIM3
SIM4
1
21
22
SIM5
SIM1
SIM2
SIM3
SIM4
1
21
22
SIM5
SIM1
SIM2
SIM3
SIM4
1
21
22
SIM5
SIM1
SIM2
SIM3
SIM4
1
21
22
SIM5
SIM1
SIM2
SIM3
SIM4
1
21
22
SIM5
SIM1
SIM2
SIM3
SIM4
1
21
22
SIM5
SIM1
SIM2
SIM3
SIM4
1
21
22
SIM5
SIM1
SIM2
SIM3
SIM4
1
21
22
SIM5
SIM1
SIM2
SIM3
SIM4
1
21
22
SIM5
SIM1
SIM2
SIM3
SIM4
1
21
22
SIM5
SIM1
SIM2
SIM3
SIM4
1
21
22
SIM5
SIM1
SIM2
SIM3
SIM4
1
21
22
SIM5
SIM1
SIM2
SIM3
SIM4
1
21
22
SIM5
SIM1
SIM2
SIM3
SIM4
1
21
22
SIM5
SIM1
SIM2
SIM3
SIM4
1
21
22
SIM5
SIM1
SIM2
SIM3
SIM4
1
21
22
SIM5
SIM1
SIM2
SIM3
SIM4
1
21
22
SIM5
SIM1
SIM2
SIM3
SIM4
1
21
22
SIM5
SIM1
SIM2
SIM3
SIM4
1
21
22
SIM5
SIM1
SIM2
SIM3
SIM4
1
21
22
SIM5
SIM1
SIM2
SIM3
SIM4
1
21
22
SIM5
SIM1
SIM2
SIM3
SIM4
1
21
22
SIM5
SIM1
SIM2
SIM3
SIM4
1
21
22
SIM5
SIM1
SIM2
SIM3
SIM4
1
21
22
SIM5
SIM1
SIM2
SIM3
SIM4
1
21
22
SIM5
SIM1
SIM2
SIM3
SIM4
1
21
22
SIM5
SIM1
SIM2
SIM3
SIM4
1
21
22
SIM5
SIM1
SIM2
SIM3
SIM4
1
21
22
SIM5
SIM1
SIM2
SIM3
SIM4
1
21
22
SIM5
SIM1
SIM2
SIM3
SIM4
1
21
22
SIM5
SIM1
SIM2
SIM3
SIM4
1
21
22
SIM5
SIM1
SIM2
SIM3
SIM4
1
21
22
SIM5
SIM1
SIM2
SIM3
SIM4
1
21
22
SIM5
SIM1
SIM2
SIM3
SIM4
1
21
22
SIM5
SIM1
SIM2
SIM3
SIM4
1
21
22
SIM5
SIM1
SIM2
SIM3
SIM4
1
21
22
SIM5
SIM1
SIM2
SIM3
SIM4
1
21
22
SIM5
SIM1
SIM2
SIM3
SIM4
1
21
22
SIM5
SIM1
SIM2
SIM3
SIM4
1
21
22
SIM5
SIM1
SIM2
SIM3
SIM4
1
21
22
SIM5
SIM1
SIM2
SIM3
SIM4
1
21
22
SIM5
SIM1
SIM2
SIM3
SIM4
1
21
22
SIM5
SIM1
SIM2
SIM3
SIM4
1
21
22
SIM5
SIM1
SIM2
SIM3
SIM4
1
21
22
SIM5
SIM1
SIM2
SIM3
SIM4
1
21
22
SIM5
SIM1
SIM2
SIM3
SIM4
1
21
22
SIM5
SIM1
SIM2
SIM3
SIM4
1
21
22
SIM5
SIM1
SIM2
SIM3
SIM4
1
21
22
SIM5
SIM1
SIM2
SIM3
SIM4
1
21
22
SIM5
SIM1
SIM2
SIM3
SIM4
1
21
22
SIM5
SIM1
SIM2
SIM3
SIM4
1
21
22
SIM5
SIM1
SIM2
SIM3
SIM4
1
21
22
SIM5
SIM1
SIM2
SIM3
SIM4
1
21
22
SIM5
SIM1
SIM2
SIM3
SIM4
1
21
22
SIM5
SIM1
SIM2
SIM3
SIM4
1
21
22
SIM5
SIM1
SIM2
SIM3
SIM4
1
21
22
SIM5
SIM1
SIM2
SIM3
SIM4
1
21
22
SIM5
SIM1
SIM2
SIM3
SIM4
1
21
22
SIM5
SIM1
SIM2
SIM3
SIM4
1
21
22
SIM5
SIM1
SIM2
SIM3
SIM4
1
21
22
SIM5
SIM1
SIM2
SIM3
SIM4
1
21
22
SIM5
SIM1
SIM2
SIM3
SIM4
1
21
22
SIM5
SIM1
SIM2
SIM3
SIM4
1
21
22
SIM5
SIM1
SIM2
SIM3
SIM4
1
21
22
SIM5
SIM1
SIM2
SIM3
SIM4
1
21
22
SIM5
SIM1
SIM2
SIM3
SIM4
1
21
22
SIM5
SIM1
SIM2
SIM3
SIM4
1
21
22
SIM5
SIM1
SIM2
SIM3
SIM4
1
21
22
SIM5
SIM1
SIM2
SIM3
SIM4
1
21
22
SIM5
SIM1
SIM2
SIM3
SIM4
1
21
22
SIM5
SIM1
SIM2
SIM3
SIM4
1
21
22
SIM5
SIM1
SIM2
SIM3
SIM4
1
21
22
SIM5
SIM1
SIM2
SIM3
SIM4
1
21
22
SIM5
SIM1
SIM2
SIM3
SIM4
1
21
22
SIM5
SIM1
SIM2
SIM3
SIM4
1
21
22
SIM5
SIM1
SIM2
SIM3
SIM4
1
21
22
SIM5
SIM1
SIM2
SIM3
SIM4
1
21
22
SIM5
SIM1
SIM2
SIM3
SIM4
1
21
22
SIM5
SIM1
SIM2
SIM3
SIM4
1
21
22
SIM5
SIM1
SIM2
SIM3
SIM4
1
21
22
SIM5
SIM1
SIM2
SIM3
SIM4
1
21
22
SIM5
SIM1
SIM2
SIM3
SIM4
1
21
22
SIM5
SIM1
SIM2
SIM3
SIM4
1
21
22
SIM5
SIM1
SIM2
SIM3
SIM4
1
21
22
SIM5
SIM1
SIM2
SIM3
SIM4
1
21
22
SIM5
SIM1
SIM2
SIM3
SIM4
1
21
22
SIM5
SIM1
SIM2
SIM3
SIM4
1
21
22
SIM5
SIM1
SIM2
SIM3
SIM4
1
21
22
SIM5
SIM1
SIM2
SIM3
SIM4
1
21
22
SIM5
SIM1
SIM2
SIM3
SIM4
1
21
22
SIM5
SIM1
SIM2
SIM3
SIM4
1
21
22
SIM5
SIM1
SIM2
SIM3
SIM4
1
21
22
SIM5
SIM1
SIM2
SIM3
SIM4
1
21
22
SIM5
SIM1
SIM2
SIM3
SIM4
1
21
22
SIM5
SIM1
SIM2
SIM3
SIM4
1
21
22
SIM5
SIM1
SIM2
SIM3
SIM4
1
21
22
SIM5
SIM1
SIM2
SIM3
SIM4
1
21
22
SIM5
SIM1
SIM2
SIM3
SIM4
1
21
22
SIM5
SIM1
SIM2
SIM3
SIM4
1
21
22
SIM5
SIM1
SIM2
SIM3
SIM4
1
21
22
SIM5
SIM1
SIM2
SIM3
SIM4
1
21
22
SIM5
SIM1
SIM2
SIM3
SIM4
1
21
22
SIM5
SIM1
SIM2
SIM3
SIM4
1
21
22
SIM5
SIM1
SIM2
SIM3
SIM4
1
21
22
SIM5
SIM1
SIM2
SIM3
SIM4
1
21
22
SIM5
SIM1
SIM2
SIM3
SIM4
1
21
22
SIM5
SIM1
SIM2
SIM3
SIM4
1
21
22
SIM5
SIM1
SIM2
SIM3
SIM4
1
21
22
SIM5
SIM1
SIM2
SIM3
SIM4
1
21
22
SIM5
SIM1
SIM2
SIM3
SIM4
1
21
22
SIM5
SIM1
SIM2
SIM3
SIM4
1
21
22
SIM5
SIM1
SIM2
SIM3
SIM4
1
21
22
SIM5
SIM1
SIM2
SIM3
SIM4
1
21
22
SIM5
SIM1
SIM2
SIM3
SIM4
1
21
22
SIM5
SIM1
SIM2
SIM3
SIM4
1
21
22
SIM5
SIM1
SIM2
SIM3
SIM4
1
21
22
SIM5
SIM1
SIM2
SIM3
SIM4
1
21
22
SIM5
SIM1
SIM2
SIM3
SIM4
1
21
22
SIM5
SIM1
SIM2
SIM3
SIM4
1
21
22
SIM5
SIM1
SIM2
SIM3
SIM4
1
21
22
SIM5
SIM1
SIM2
SIM3
SIM4
1
21
22
SIM5
SIM1
SIM2
SIM3
SIM4
1
21
22
SIM5
SIM1
SIM2
SIM3
SIM4
1
21
22
SIM5
SIM1
SIM2
SIM3
SIM4
1
21
22
SIM5
SIM1
SIM2
SIM3
SIM4
1
21
22
SIM5
SIM1
SIM2
SIM3
SIM4
1
21
22
SIM5
SIM1
SIM2
SIM3
SIM4
1
21
22
SIM5
SIM1
SIM2
SIM3
SIM4
1
21
22
SIM5
SIM1
SIM2
SIM3
SIM4
1
21
22
SIM5
SIM1
SIM2
SIM3
SIM4
1
21
22
SIM5
SIM1
SIM2
SIM3
SIM4
1
21
22
SIM5
SIM1
SIM2
SIM3
SIM4
1
21
22
SIM5
SIM1
SIM2
SIM3
SIM4
1
21
22
SIM5
SIM1
SIM2
SIM3
SIM4
1
21
22
SIM5
SIM1
SIM2
SIM3
SIM4
1
21
22
SIM5
SIM1
SIM2
SIM3
SIM4
1
21
22
SIM5
SIM1
SIM2
SIM3
SIM4
1
21
22
SIM5
SIM1
SIM2
SIM3
SIM4
1
21
22
SIM5
SIM1
SIM2
SIM3
SIM4
1
21
22
SIM5
SIM1
SIM2
SIM3
SIM4
1
21
22
SIM5
SIM1
SIM2
SIM3
SIM4
1
21
22
SIM5
SIM1
SIM2
SIM3
SIM4
1
21
22
SIM5
SIM1
SIM2
SIM3
SIM4
1
21
22
SIM5
SIM1
SIM2
SIM3
SIM4
1
21
22
SIM5
SIM1
SIM2
SIM3
SIM4
1
21
22
SIM5
SIM1
SIM2
SIM3
SIM4
1
21
22
SIM5
SIM1
SIM2
SIM3
SIM4
1
21
22
SIM5
SIM1
SIM2
SIM3
SIM4
1
21
22
SIM5
SIM1
SIM2
SIM3
SIM4
1
21
22
SIM5
SIM1
SIM2
SIM3
SIM4
1
21
22
SIM5
SIM1
SIM2
SIM3
SIM4
1
21
22
SIM5
SIM1
SIM2
SIM3
SIM4
1
21
22
SIM5
SIM1
SIM2
SIM3
SIM4
1
21
22
SIM5
SIM1
SIM2
SIM3
SIM4
1
21
22
SIM5
SIM1
SIM2
SIM3
SIM4
1
21
22
SIM5
SIM1
SIM2
SIM3
SIM4
1
21
22
SIM5
SIM1
SIM2
SIM3
SIM4
1
21
22
SIM5
SIM1
SIM2
SIM3
SIM4
1
21
22
SIM5
SIM1
SIM2
SIM3
SIM4
1
21
22
SIM5
SIM1
SIM2
SIM3
SIM4
1
21
22
SIM5
SIM1
SIM2
SIM3
SIM4
1
21
22
SIM5
SIM1
SIM2
SIM3
SIM4
1
21
22
SIM5
SIM1
SIM2
SIM3
SIM4
1
21
22
SIM5
SIM1
SIM2
SIM3
SIM4
1
21
22
SIM5
SIM1
SIM2
SIM3
SIM4
1
21
22
SIM5
SIM1
SIM2
SIM3
SIM4
1
21
22
SIM5
SIM1
SIM2
SIM3
SIM4
1
21
22
SIM5
SIM1
SIM2
SIM3
SIM4
1
21
22
SIM5
SIM1
SIM2
SIM3
SIM4
1
21
22
SIM5
SIM1
SIM2
SIM3
SIM4
1
21
22
SIM5
SIM1
SIM2
SIM3
SIM4
1
21
22
SIM5
SIM1
SIM2
SIM3
SIM4
1
21
22
SIM5
SIM1
SIM2
SIM3
SIM4
1
21
22
SIM5
SIM1
SIM2
SIM3
SIM4
1
21
22
SIM5
SIM1
SIM2
SIM3
SIM4
1
21
22
SIM5
SIM1
SIM2
SIM3
SIM4
1
21
22
SIM5
SIM1
SIM2
SIM3
SIM4
1
21
22
SIM5
SIM1
SIM2
SIM3
SIM4
1
21
22
SIM5
SIM1
SIM2
SIM3
SIM4
1
21
22
SIM5
SIM1
SIM2
SIM3
SIM4
1
21
22
SIM5
SIM1
SIM2
SIM3
SIM4
1
21
22
SIM5
SIM1
SIM2
SIM3
SIM4
1
21
22
SIM5
SIM1
SIM2
SIM3
SIM4
1
21
22
SIM5
SIM1
SIM2
SIM3
SIM4
1
21
22
SIM5
SIM1
SIM2
SIM3
SIM4
1
21
22
SIM5
SIM1
SIM2
SIM3
SIM4
1
21
22
SIM5
SIM1
SIM2
SIM3
SIM4
1
21
22
SIM5
SIM1
SIM2
SIM3
SIM4
1
21
22
SIM5
SIM1
SIM2
SIM3
SIM4
1
21
22
SIM5
SIM1
SIM2
SIM3
SIM4
1
21
22
SIM5
SIM1
SIM2
SIM3
SIM4
1
21
22
SIM5
SIM1
SIM2
SIM3
SIM4
1
21
22
SIM5
SIM1
SIM2
SIM3
SIM4
1
21
22
SIM5
SIM1
SIM2
SIM3
SIM4
1
21
22
SIM5
SIM1
SIM2
SIM3
SIM4
1
21
22
SIM5
SIM1
SIM2
SIM3
SIM4
1
21
22
SIM5
SIM1
SIM2
SIM3
SIM4
1
21
22
SIM5
SIM1
SIM2
SIM3
SIM4
1
21
22
SIM5
SIM1
SIM2
SIM3
SIM4
1
21
22
SIM5
SIM1
SIM2
SIM3
SIM4
1
21
22
SIM5
SIM1
SIM2
SIM3
SIM4
1
21
22
SIM5
SIM1
SIM2
SIM3
SIM4
1
21
22
SIM5
SIM1
SIM2
SIM3
SIM4
1
21
22
SIM5
SIM1
SIM2
SIM3
SIM4
1
21
22
SIM5
SIM1
SIM2
SIM3
SIM4
1
21
22
SIM5
SIM1
SIM2
SIM3
SIM4
1
21
22
SIM5
SIM1
SIM2
SIM3
SIM4
1
21
22
SIM5
SIM1
SIM2
SIM3
SIM4
1
21
22
SIM5
SIM1
SIM2
SIM3
SIM4
1
21
22
SIM5
SIM1
SIM2
SIM3
SIM4
1
21
22
SIM5
SIM1
SIM2
SIM3
SIM4
1
21
22
SIM5
SIM1
SIM2
SIM3
SIM4
1
21
22
SIM5
SIM1
SIM2
SIM3
SIM4
1
21
22
SIM5
SIM1
SIM2
SIM3
SIM4
1
21
22
SIM5
SIM1
SIM2
SIM3
SIM4
1
21
22
SIM5
SIM1
SIM2
SIM3
SIM4
1
21
22
SIM5
SIM1
SIM2
SIM3
SIM4
1
21
22
SIM5
SIM1
SIM2
SIM3
SIM4
1
21
22
SIM5
SIM1
SIM2
SIM3
SIM4
1
21
22
SIM5
SIM1
SIM2
SIM3
SIM4
1
21
22
SIM5
SIM1
SIM2
SIM3
SIM4
1
21
22
SIM5
SIM1
SIM2
SIM3
SIM4
1
21
22
SIM5
SIM1
SIM2
SIM3
SIM4
1
21
22
SIM5
SIM1
SIM2
SIM3
SIM4
1
21
22
SIM5
SIM1
SIM2
SIM3
SIM4
1
21
22
SIM5
SIM1
SIM2
SIM3
SIM4
1
21
22
SIM5
SIM1
SIM2
SIM3
SIM4
1
21
22
SIM5
SIM1
SIM2
SIM3
SIM4
1
21
22
SIM5
SIM1
SIM2
SIM3
SIM4
1
21
22
SIM5
SIM1
SIM2
SIM3
SIM4
1
21
22
SIM5
SIM1
SIM2
SIM3
SIM4
1
21
22
SIM5
SIM1
SIM2
SIM3
SIM4
1
21
22
SIM5
SIM1
SIM2
SIM3
SIM4
1
21
22
SIM5
SIM1
SIM2
SIM3
SIM4
1
21
22
SIM5
SIM1
SIM2
SIM3
SIM4
1
21
22
SIM5
SIM1
SIM2
SIM3
SIM4
1
21
22
SIM5
SIM1
SIM2
SIM3
SIM4
1
21
22
SIM5
SIM1
SIM2
SIM3
SIM4
1
21
22
SIM5
SIM1
SIM2
SIM3
SIM4
1
21
22
SIM5
SIM1
SIM2
SIM3
SIM4
1
21
22
SIM5
SIM1
SIM2
SIM3
SIM4
1
21
22
SIM5
SIM1
SIM2
SIM3
SIM4
1
21
22
SIM5
SIM1
SIM2
SIM3
SIM4
1
21
22
SIM5
SIM1
SIM2
SIM3
SIM4
1
21
22
SIM5
SIM1
SIM2
SIM3
SIM4
1
21
22
SIM5
SIM1
SIM2
SIM3
SIM4
1
21
22
SIM5
SIM1
SIM2
SIM3
SIM4
1
21
22
SIM5
SIM1
SIM2
SIM3
SIM4
1
21
22
SIM5
SIM1
SIM2
SIM3
SIM4
1
21
22
SIM5
SIM1
SIM2
SIM3
SIM4
1
21
22
SIM5
SIM1
SIM2
SIM3
SIM4
1
21
22
SIM5
SIM1
SIM2
SIM3
SIM4
1
21
22
SIM5
SIM1
SIM2
SIM3
SIM4
1
21
22
SIM5
SIM1
SIM2
SIM3
SIM4
1
21
22
SIM5
SIM1
SIM2
SIM3
SIM4
1
21
22
SIM5
SIM1
SIM2
SIM3
SIM4
1
21
22
SIM5
SIM1
SIM2
SIM3
SIM4
1
21
22
SIM5
SIM1
SIM2
SIM3
SIM4
1
21
22
SIM5
SIM1
SIM2
SIM3
SIM4
1
21
22
SIM5
SIM1
SIM2
SIM3
SIM4
1
21
22
SIM5
SIM1
SIM2
SIM3
SIM4
1
21
22
SIM5
SIM1
SIM2
SIM3
SIM4
1
21
22
SIM5
SIM1
SIM2
SIM3
SIM4
1
21
22
SIM5
SIM1
SIM2
SIM3
SIM4
1
21
22
SIM5
SIM1
SIM2
SIM3
SIM4
1
21
22
SIM5
SIM1
SIM2
SIM3
SIM4
1
21
22
SIM5
SIM1
SIM2
SIM3
SIM4
1
21
22
SIM5
SIM1
SIM2
SIM3
SIM4
1
21
22
SIM5
SIM1
SIM2
SIM3
SIM4
1
21
22
SIM5
SIM1
SIM2
SIM3
SIM4
1
21
22
SIM5
SIM1
SIM2
SIM3
SIM4
1
21
22
SIM5
SIM1
SIM2
SIM3
SIM4
1
21
22
SIM5
SIM1
SIM2
SIM3
SIM4
1
21
22
SIM5
SIM1
SIM2
SIM3
SIM4
1
21
22
SIM5
SIM1
SIM2
SIM3
SIM4
1
21
22
SIM5
SIM1
SIM2
SIM3
SIM4
1
21
22
SIM5
SIM1
SIM2
SIM3
SIM4
1
21
22
SIM5
SIM1
SIM2
SIM3
SIM4
1
21
22
SIM5
SIM1
SIM2
SIM3
SIM4
1
21
22
SIM5
SIM1
SIM2
SIM3
SIM4
1
21
22
SIM5
SIM1
SIM2
SIM3
SIM4
1
21
22
SIM5
SIM1
SIM2
SIM3
SIM4
1
21
22
SIM5
SIM1
SIM2
SIM3
SIM4
1
21
22
SIM5
SIM1
SIM2
SIM3
SIM4
1
21
22
SIM5
SIM1
SIM2
SIM3
SIM4
1
21
22
SIM5
SIM1
SIM2
DEBUG 1 834
SIM1
SIM2
SIM3
SIM4
1
21
22
SIM5
SIM1
SIM2
SIM3
SIM4
1
21
22
SIM5
SIM1
SIM2
SIM3
SIM4
1
21
22
SIM5
SIM1
SIM2
SIM3
SIM4
1
21
22
SIM5
SIM1
SIM2
SIM3
SIM4
1
21
22
SIM5
SIM1
SIM2
SIM3
SIM4
1
21
22
SIM5
SIM1
SIM2
SIM3
SIM4
1
21
22
SIM5
SIM1
SIM2
SIM3
SIM4
1
21
22
SIM5
SIM1
SIM2
SIM3
SIM4
1
21
22
SIM5
SIM1
SIM2
SIM3
SIM4
1
21
22
SIM5
SIM1
SIM2
SIM3
SIM4
1
21
22
SIM5
SIM1
SIM2
SIM3
SIM4
1
21
22
SIM5
SIM1
SIM2
SIM3
SIM4
1
21
22
SIM5
SIM1
SIM2
SIM3
SIM4
1
21
22
SIM5
SIM1
SIM2
SIM3
SIM4
1
21
22
SIM5
SIM1
SIM2
SIM3
SIM4
1
21
22
SIM5
SIM1
SIM2
SIM3
SIM4
1
21
22
SIM5
SIM1
SIM2
SIM3
SIM4
1
21
22
SIM5
SIM1
SIM2
SIM3
SIM4
1
21
22
SIM5
SIM1
SIM2
SIM3
SIM4
1
21
22
SIM5
SIM1
SIM2
SIM3
SIM4
1
21
22
SIM5
SIM1
SIM2
SIM3
SIM4
1
21
22
SIM5
SIM1
SIM2
SIM3
SIM4
1
21
22
SIM5
SIM1
SIM2
SIM3
SIM4
1
21
22
SIM5
SIM1
SIM2
SIM3
SIM4
1
21
22
SIM5
SIM1
SIM2
SIM3
SIM4
1
21
22
SIM5
SIM1
SIM2
SIM3
SIM4
1
21
22
SIM5
SIM1
SIM2
SIM3
SIM4
1
21
22
SIM5
SIM1
SIM2
SIM3
SIM4
1
21
22
SIM5
SIM1
SIM2
SIM3
SIM4
1
21
22
SIM5
SIM1
SIM2
SIM3
SIM4
1
21
22
SIM5
SIM1
SIM2
SIM3
SIM4
1
21
22
SIM5
SIM1
SIM2
SIM3
SIM4
1
21
22
SIM5
SIM1
SIM2
SIM3
SIM4
1
21
22
SIM5
SIM1
SIM2
SIM3
SIM4
1
21
22
SIM5
SIM1
SIM2
SIM3
SIM4
1
21
22
SIM5
SIM1
SIM2
SIM3
SIM4
1
21
22
SIM5
SIM1
SIM2
SIM3
SIM4
1
21
22
SIM5
SIM1
SIM2
SIM3
SIM4
1
21
22
SIM5
SIM1
SIM2
SIM3
SIM4
1
21
22
SIM5
SIM1
SIM2
SIM3
SIM4
1
21
22
SIM5
SIM1
SIM2
SIM3
SIM4
1
21
22
SIM5
SIM1
SIM2
SIM3
SIM4
1
21
22
SIM5
SIM1
SIM2
SIM3
SIM4
1
21
22
SIM5
SIM1
SIM2
SIM3
SIM4
1
21
22
SIM5
SIM1
SIM2
SIM3
SIM4
1
21
22
SIM5
SIM1
SIM2
SIM3
SIM4
1
21
22
SIM5
SIM1
SIM2
SIM3
SIM4
1
21
22
SIM5
SIM1
SIM2
SIM3
SIM4
1
21
22
SIM5
SIM1
SIM2
SIM3
SIM4
1
21
22
SIM5
SIM1
SIM2
SIM3
SIM4
1
21
22
SIM5
SIM1
SIM2
SIM3
SIM4
1
21
22
SIM5
SIM1
SIM2
SIM3
SIM4
1
21
22
SIM5
SIM1
SIM2
SIM3
SIM4
1
21
22
SIM5
SIM1
SIM2
SIM3
SIM4
1
21
22
SIM5
SIM1
SIM2
SIM3
SIM4
1
21
22
SIM5
SIM1
SIM2
SIM3
SIM4
1
21
22
SIM5
SIM1
SIM2
SIM3
SIM4
1
21
22
SIM5
SIM1
SIM2
SIM3
SIM4
1
21
22
SIM5
SIM1
SIM2
SIM3
SIM4
1
21
22
SIM5
SIM1
SIM2
SIM3
SIM4
1
21
22
SIM5
SIM1
SIM2
SIM3
SIM4
1
21
22
SIM5
SIM1
SIM2
SIM3
SIM4
1
21
22
SIM5
SIM1
SIM2
SIM3
SIM4
1
21
22
SIM5
SIM1
SIM2
SIM3
SIM4
1
21
22
SIM5
SIM1
SIM2
SIM3
SIM4
1
21
22
SIM5
SIM1
SIM2
SIM3
SIM4
1
21
22
SIM5
SIM1
SIM2
SIM3
SIM4
1
21
22
SIM5
SIM1
SIM2
SIM3
SIM4
1
21
22
SIM5
SIM1
SIM2
SIM3
SIM4
1
21
22
SIM5
SIM1
SIM2
SIM3
SIM4
1
21
22
SIM5
SIM1
SIM2
SIM3
SIM4
1
21
22
SIM5
SIM1
SIM2
SIM3
SIM4
1
21
22
SIM5
SIM1
SIM2
SIM3
SIM4
1
21
22
SIM5
SIM1
SIM2
SIM3
SIM4
1
21
22
SIM5
SIM1
SIM2
SIM3
SIM4
1
21
22
SIM5
SIM1
SIM2
SIM3
SIM4
1
21
22
SIM5
SIM1
SIM2
SIM3
SIM4
1
21
22
SIM5
SIM1
SIM2
SIM3
SIM4
1
21
22
SIM5
SIM1
SIM2
SIM3
SIM4
1
21
22
SIM5
SIM1
SIM2
SIM3
SIM4
1
21
22
SIM5
SIM1
SIM2
SIM3
SIM4
1
21
22
SIM5
SIM1
SIM2
SIM3
SIM4
1
21
22
SIM5
SIM1
SIM2
SIM3
SIM4
1
21
22
SIM5
SIM1
SIM2
SIM3
SIM4
1
21
22
SIM5
SIM1
SIM2
SIM3
SIM4
1
21
22
SIM5
SIM1
SIM2
SIM3
SIM4
1
21
22
SIM5
SIM1
SIM2
SIM3
SIM4
1
21
22
SIM5
SIM1
SIM2
SIM3
SIM4
1
21
22
SIM5
SIM1
SIM2
SIM3
SIM4
1
21
22
SIM5
SIM1
SIM2
SIM3
SIM4
1
21
22
SIM5
SIM1
SIM2
SIM3
SIM4
1
21
22
SIM5
SIM1
SIM2
SIM3
SIM4
1
21
22
SIM5
SIM1
SIM2
SIM3
SIM4
1
21
22
SIM5
SIM1
SIM2
SIM3
SIM4
1
21
22
SIM5
SIM1
SIM2
SIM3
SIM4
1
21
22
SIM5
SIM1
SIM2
SIM3
SIM4
1
21
22
SIM5
SIM1
SIM2
SIM3
SIM4
1
21
22
SIM5
SIM1
SIM2
SIM3
SIM4
1
21
22
SIM5
SIM1
SIM2
SIM3
SIM4
1
21
22
SIM5
SIM1
SIM2
SIM3
SIM4
1
21
22
SIM5
SIM1
SIM2
SIM3
SIM4
1
21
22
SIM5
SIM1
SIM2
SIM3
SIM4
1
21
22
SIM5
SIM1
SIM2
SIM3
SIM4
1
21
22
SIM5
SIM1
SIM2
SIM3
SIM4
1
21
22
SIM5
SIM1
SIM2
SIM3
SIM4
1
21
22
SIM5
SIM1
SIM2
SIM3
SIM4
1
21
22
SIM5
SIM1
SIM2
SIM3
SIM4
1
21
22
SIM5
SIM1
SIM2
SIM3
SIM4
1
21
22
SIM5
SIM1
SIM2
SIM3
SIM4
1
21
22
SIM5
SIM1
SIM2
SIM3
SIM4
1
21
22
SIM5
SIM1
SIM2
SIM3
SIM4
1
21
22
SIM5
SIM1
SIM2
SIM3
SIM4
1
21
22
SIM5
SIM1
SIM2
SIM3
SIM4
1
21
22
SIM5
SIM1
SIM2
SIM3
SIM4
1
21
22
SIM5
SIM1
SIM2
SIM3
SIM4
1
21
22
SIM5
SIM1
SIM2
SIM3
SIM4
1
21
22
SIM5
SIM1
SIM2
SIM3
SIM4
1
21
22
SIM5
SIM1
SIM2
SIM3
SIM4
1
21
22
SIM5
SIM1
SIM2
SIM3
SIM4
1
21
22
SIM5
SIM1
SIM2
SIM3
SIM4
1
21
22
SIM5
SIM1
SIM2
SIM3
SIM4
1
21
22
SIM5
SIM1
SIM2
SIM3
SIM4
1
21
22
SIM5
SIM1
SIM2
SIM3
SIM4
1
21
22
SIM5
SIM1
SIM2
SIM3
SIM4
1
21
22
SIM5
SIM1
SIM2
SIM3
SIM4
1
21
22
SIM5
SIM1
SIM2
DEBUG 1 835
SIM1
SIM2
SIM3
SIM4
1
21
22
SIM5
SIM1
SIM2
SIM3
SIM4
1
21
22
SIM5
SIM1
SIM2
SIM3
SIM4
1
21
22
SIM5
SIM1
SIM2
SIM3
SIM4
1
21
22
SIM5
SIM1
SIM2
SIM3
SIM4
1
21
22
SIM5
SIM1
SIM2
SIM3
SIM4
1
21
22
SIM5
SIM1
SIM2
SIM3
SIM4
1
21
22
SIM5
SIM1
SIM2
SIM3
SIM4
1
21
22
SIM5
SIM1
SIM2
SIM3
SIM4
1
21
22
SIM5
SIM1
SIM2
SIM3
SIM4
1
21
22
SIM5
SIM1
SIM2
SIM3
SIM4
1
21
22
SIM5
SIM1
SIM2
SIM3
SIM4
1
21
22
SIM5
SIM1
SIM2
SIM3
SIM4
1
21
22
SIM5
SIM1
SIM2
SIM3
SIM4
1
21
22
SIM5
SIM1
SIM2
SIM3
SIM4
1
21
22
SIM5
SIM1
SIM2
SIM3
SIM4
1
21
22
SIM5
SIM1
SIM2
SIM3
SIM4
1
21
22
SIM5
SIM1
SIM2
SIM3
SIM4
1
21
22
SIM5
SIM1
SIM2
SIM3
SIM4
1
21
22
SIM5
SIM1
SIM2
SIM3
SIM4
1
21
22
SIM5
SIM1
SIM2
SIM3
SIM4
1
21
22
SIM5
SIM1
SIM2
SIM3
SIM4
1
21
22
SIM5
SIM1
SIM2
SIM3
SIM4
1
21
22
SIM5
SIM1
SIM2
SIM3
SIM4
1
21
22
SIM5
SIM1
SIM2
SIM3
SIM4
1
21
22
SIM5
SIM1
SIM2
SIM3
SIM4
1
21
22
SIM5
SIM1
SIM2
SIM3
SIM4
1
21
22
SIM5
SIM1
SIM2
SIM3
SIM4
1
21
22
SIM5
SIM1
SIM2
SIM3
SIM4
1
21
22
SIM5
SIM1
SIM2
SIM3
SIM4
1
21
22
SIM5
SIM1
SIM2
SIM3
SIM4
1
21
22
SIM5
SIM1
SIM2
SIM3
SIM4
1
21
22
SIM5
SIM1
SIM2
SIM3
SIM4
1
21
22
SIM5
SIM1
SIM2
SIM3
SIM4
1
21
22
SIM5
SIM1
SIM2
SIM3
SIM4
1
21
22
SIM5
SIM1
SIM2
SIM3
SIM4
1
21
22
SIM5
SIM1
SIM2
SIM3
SIM4
1
21
22
SIM5
SIM1
SIM2
SIM3
SIM4
1
21
22
SIM5
SIM1
SIM2
SIM3
SIM4
1
21
22
SIM5
SIM1
SIM2
SIM3
SIM4
1
21
22
SIM5
SIM1
SIM2
SIM3
SIM4
1
21
22
SIM5
SIM1
SIM2
SIM3
SIM4
1
21
22
SIM5
SIM1
SIM2
SIM3
SIM4
1
21
22
SIM5
SIM1
SIM2
SIM3
SIM4
1
21
22
SIM5
SIM1
SIM2
SIM3
SIM4
1
21
22
SIM5
SIM1
SIM2
SIM3
SIM4
1
21
22
SIM5
SIM1
SIM2
SIM3
SIM4
1
21
22
SIM5
SIM1
SIM2
SIM3
SIM4
1
21
22
SIM5
SIM1
SIM2
SIM3
SIM4
1
21
22
SIM5
SIM1
SIM2
SIM3
SIM4
1
21
22
SIM5
SIM1
SIM2
SIM3
SIM4
1
21
22
SIM5
SIM1
SIM2
SIM3
SIM4
1
21
22
SIM5
SIM1
SIM2
SIM3
SIM4
1
21
22
SIM5
SIM1
SIM2
SIM3
SIM4
1
21
22
SIM5
SIM1
SIM2
SIM3
SIM4
1
21
22
SIM5
SIM1
SIM2
SIM3
SIM4
1
21
22
SIM5
SIM1
SIM2
SIM3
SIM4
1
21
22
SIM5
SIM1
SIM2
SIM3
SIM4
1
21
22
SIM5
SIM1
SIM2
SIM3
SIM4
1
21
22
SIM5
SIM1
SIM2
SIM3
SIM4
1
21
22
SIM5
SIM1
SIM2
SIM3
SIM4
1
21
22
SIM5
SIM1
SIM2
SIM3
SIM4
1
21
22
SIM5
SIM1
SIM2
SIM3
SIM4
1
21
22
SIM5
SIM1
SIM2
SIM3
SIM4
1
21
22
SIM5
SIM1
SIM2
SIM3
SIM4
1
21
22
SIM5
SIM1
SIM2
SIM3
SIM4
1
21
22
SIM5
SIM1
SIM2
SIM3
SIM4
1
21
22
SIM5
SIM1
SIM2
SIM3
SIM4
1
21
22
SIM5
SIM1
SIM2
SIM3
SIM4
1
21
22
SIM5
SIM1
SIM2
SIM3
SIM4
1
21
22
SIM5
SIM1
SIM2
SIM3
SIM4
1
21
22
SIM5
SIM1
SIM2
SIM3
SIM4
1
21
22
SIM5
SIM1
SIM2
SIM3
SIM4
1
21
22
SIM5
SIM1
SIM2
SIM3
SIM4
1
21
22
SIM5
SIM1
SIM2
SIM3
SIM4
1
21
22
SIM5
SIM1
SIM2
SIM3
SIM4
1
21
22
SIM5
SIM1
SIM2
SIM3
SIM4
1
21
22
SIM5
SIM1
SIM2
SIM3
SIM4
1
21
22
SIM5
SIM1
SIM2
SIM3
SIM4
1
21
22
SIM5
SIM1
SIM2
SIM3
SIM4
1
21
22
SIM5
SIM1
SIM2
SIM3
SIM4
1
21
22
SIM5
SIM1
SIM2
SIM3
SIM4
1
21
22
SIM5
SIM1
SIM2
SIM3
SIM4
1
21
22
SIM5
SIM1
SIM2
SIM3
SIM4
1
21
22
SIM5
SIM1
SIM2
SIM3
SIM4
1
21
22
SIM5
SIM1
SIM2
SIM3
SIM4
1
21
22
SIM5
SIM1
SIM2
SIM3
SIM4
1
21
22
SIM5
SIM1
SIM2
SIM3
SIM4
1
21
22
SIM5
SIM1
SIM2
SIM3
SIM4
1
21
22
SIM5
SIM1
SIM2
SIM3
SIM4
1
21
22
SIM5
SIM1
SIM2
SIM3
SIM4
1
21
22
SIM5
SIM1
SIM2
SIM3
SIM4
1
21
22
SIM5
SIM1
SIM2
SIM3
SIM4
1
21
22
SIM5
SIM1
SIM2
SIM3
SIM4
1
21
22
SIM5
SIM1
SIM2
SIM3
SIM4
1
21
22
SIM5
SIM1
SIM2
SIM3
SIM4
1
21
22
SIM5
SIM1
SIM2
SIM3
SIM4
1
21
22
SIM5
SIM1
SIM2
SIM3
SIM4
1
21
22
SIM5
SIM1
SIM2
SIM3
SIM4
1
21
22
SIM5
SIM1
SIM2
SIM3
SIM4
1
21
22
SIM5
SIM1
SIM2
SIM3
SIM4
1
21
22
SIM5
SIM1
SIM2
SIM3
SIM4
1
21
22
SIM5
SIM1
SIM2
SIM3
SIM4
1
21
22
SIM5
SIM1
SIM2
SIM3
SIM4
1
21
22
SIM5
SIM1
SIM2
SIM3
SIM4
1
21
22
SIM5
SIM1
SIM2
SIM3
SIM4
1
21
22
SIM5
SIM1
SIM2
SIM3
SIM4
1
21
22
SIM5
SIM1
SIM2
SIM3
SIM4
1
21
22
SIM5
SIM1
SIM2
SIM3
SIM4
1
21
22
SIM5
SIM1
SIM2
SIM3
SIM4
1
21
22
SIM5
SIM1
SIM2
SIM3
SIM4
1
21
22
SIM5
SIM1
SIM2
SIM3
SIM4
1
21
22
SIM5
SIM1
SIM2
SIM3
SIM4
1
21
22
SIM5
SIM1
SIM2
SIM3
SIM4
1
21
22
SIM5
SIM1
SIM2
SIM3
SIM4
1
21
22
SIM5
SIM1
SIM2
SIM3
SIM4
1
21
22
SIM5
SIM1
SIM2
SIM3
SIM4
1
21
22
SIM5
SIM1
SIM2
SIM3
SIM4
1
21
22
SIM5
SIM1
SIM2
DEBUG 1 836
SIM1
SIM2
SIM3
SIM4
1
21
22
SIM5
SIM1
SIM2
SIM3
SIM4
1
21
22
SIM5
SIM1
SIM2
SIM3
SIM4
1
21
22
SIM5
SIM1
SIM2
SIM3
SIM4
1
21
22
SIM5
SIM1
SIM2
SIM3
SIM4
1
21
22
SIM5
SIM1
SIM2
SIM3
SIM4
1
21
22
SIM5
SIM1
SIM2
SIM3
SIM4
1
21
22
SIM5
SIM1
SIM2
SIM3
SIM4
1
21
22
SIM5
SIM1
SIM2
SIM3
SIM4
1
21
22
SIM5
SIM1
SIM2
SIM3
SIM4
1
21
22
SIM5
SIM1
SIM2
SIM3
SIM4
1
21
22
SIM5
SIM1
SIM2
SIM3
SIM4
1
21
22
SIM5
SIM1
SIM2
SIM3
SIM4
1
21
22
SIM5
SIM1
SIM2
SIM3
SIM4
1
21
22
SIM5
SIM1
SIM2
SIM3
SIM4
1
21
22
SIM5
SIM1
SIM2
SIM3
SIM4
1
21
22
SIM5
SIM1
SIM2
SIM3
SIM4
1
21
22
SIM5
SIM1
SIM2
SIM3
SIM4
1
21
22
SIM5
SIM1
SIM2
SIM3
SIM4
1
21
22
SIM5
SIM1
SIM2
SIM3
SIM4
1
21
22
SIM5
SIM1
SIM2
SIM3
SIM4
1
21
22
SIM5
SIM1
SIM2
SIM3
SIM4
1
21
22
SIM5
SIM1
SIM2
SIM3
SIM4
1
21
22
SIM5
SIM1
SIM2
SIM3
SIM4
1
21
22
SIM5
SIM1
SIM2
SIM3
SIM4
1
21
22
SIM5
SIM1
SIM2
SIM3
SIM4
1
21
22
SIM5
SIM1
SIM2
SIM3
SIM4
1
21
22
SIM5
SIM1
SIM2
SIM3
SIM4
1
21
22
SIM5
SIM1
SIM2
SIM3
SIM4
1
21
22
SIM5
SIM1
SIM2
SIM3
SIM4
1
21
22
SIM5
SIM1
SIM2
SIM3
SIM4
1
21
22
SIM5
SIM1
SIM2
SIM3
SIM4
1
21
22
SIM5
SIM1
SIM2
SIM3
SIM4
1
21
22
SIM5
SIM1
SIM2
SIM3
SIM4
1
21
22
SIM5
SIM1
SIM2
SIM3
SIM4
1
21
22
SIM5
SIM1
SIM2
SIM3
SIM4
1
21
22
SIM5
SIM1
SIM2
SIM3
SIM4
1
21
22
SIM5
SIM1
SIM2
SIM3
SIM4
1
21
22
SIM5
SIM1
SIM2
SIM3
SIM4
1
21
22
SIM5
SIM1
SIM2
SIM3
SIM4
1
21
22
SIM5
SIM1
SIM2
SIM3
SIM4
1
21
22
SIM5
SIM1
SIM2
SIM3
SIM4
1
21
22
SIM5
SIM1
SIM2
SIM3
SIM4
1
21
22
SIM5
SIM1
SIM2
SIM3
SIM4
1
21
22
SIM5
SIM1
SIM2
SIM3
SIM4
1
21
22
SIM5
SIM1
SIM2
SIM3
SIM4
1
21
22
SIM5
SIM1
SIM2
SIM3
SIM4
1
21
22
SIM5
SIM1
SIM2
SIM3
SIM4
1
21
22
SIM5
SIM1
SIM2
SIM3
SIM4
1
21
22
SIM5
SIM1
SIM2
SIM3
SIM4
1
21
22
SIM5
SIM1
SIM2
SIM3
SIM4
1
21
22
SIM5
SIM1
SIM2
SIM3
SIM4
1
21
22
SIM5
SIM1
SIM2
SIM3
SIM4
1
21
22
SIM5
SIM1
SIM2
SIM3
SIM4
1
21
22
SIM5
SIM1
SIM2
SIM3
SIM4
1
21
22
SIM5
SIM1
SIM2
SIM3
SIM4
1
21
22
SIM5
SIM1
SIM2
SIM3
SIM4
1
21
22
SIM5
SIM1
SIM2
SIM3
SIM4
1
21
22
SIM5
SIM1
SIM2
SIM3
SIM4
1
21
22
SIM5
SIM1
SIM2
SIM3
SIM4
1
21
22
SIM5
SIM1
SIM2
SIM3
SIM4
1
21
22
SIM5
SIM1
SIM2
SIM3
SIM4
1
21
22
SIM5
SIM1
SIM2
SIM3
SIM4
1
21
22
SIM5
SIM1
SIM2
SIM3
SIM4
1
21
22
SIM5
SIM1
SIM2
SIM3
SIM4
1
21
22
SIM5
SIM1
SIM2
SIM3
SIM4
1
21
22
SIM5
SIM1
SIM2
SIM3
SIM4
1
21
22
SIM5
SIM1
SIM2
SIM3
SIM4
1
21
22
SIM5
SIM1
SIM2
SIM3
SIM4
1
21
22
SIM5
SIM1
SIM2
SIM3
SIM4
1
21
22
SIM5
SIM1
SIM2
SIM3
SIM4
1
21
22
SIM5
SIM1
SIM2
SIM3
SIM4
1
21
22
SIM5
SIM1
SIM2
SIM3
SIM4
1
21
22
SIM5
SIM1
SIM2
SIM3
SIM4
1
21
22
SIM5
SIM1
SIM2
SIM3
SIM4
1
21
22
SIM5
SIM1
SIM2
SIM3
SIM4
1
21
22
SIM5
SIM1
SIM2
SIM3
SIM4
1
21
22
SIM5
SIM1
SIM2
SIM3
SIM4
1
21
22
SIM5
SIM1
SIM2
SIM3
SIM4
1
21
22
SIM5
SIM1
SIM2
SIM3
SIM4
1
21
22
SIM5
SIM1
SIM2
SIM3
SIM4
1
21
22
SIM5
SIM1
SIM2
SIM3
SIM4
1
21
22
SIM5
SIM1
SIM2
SIM3
SIM4
1
21
22
SIM5
SIM1
SIM2
SIM3
SIM4
1
21
22
SIM5
SIM1
SIM2
SIM3
SIM4
1
21
22
SIM5
SIM1
SIM2
SIM3
SIM4
1
21
22
SIM5
SIM1
SIM2
SIM3
SIM4
1
21
22
SIM5
SIM1
SIM2
SIM3
SIM4
1
21
22
SIM5
SIM1
SIM2
SIM3
SIM4
1
21
22
SIM5
SIM1
SIM2
SIM3
SIM4
1
21
22
SIM5
SIM1
SIM2
SIM3
SIM4
1
21
22
SIM5
SIM1
SIM2
SIM3
SIM4
1
21
22
SIM5
SIM1
SIM2
SIM3
SIM4
1
21
22
SIM5
SIM1
SIM2
SIM3
SIM4
1
21
22
SIM5
SIM1
SIM2
SIM3
SIM4
1
21
22
SIM5
SIM1
SIM2
SIM3
SIM4
1
21
22
SIM5
SIM1
SIM2
SIM3
SIM4
1
21
22
SIM5
SIM1
SIM2
SIM3
SIM4
1
21
22
SIM5
SIM1
SIM2
SIM3
SIM4
1
21
22
SIM5
SIM1
SIM2
SIM3
SIM4
1
21
22
SIM5
SIM1
SIM2
SIM3
SIM4
1
21
22
SIM5
SIM1
SIM2
SIM3
SIM4
1
21
22
SIM5
SIM1
SIM2
SIM3
SIM4
1
21
22
SIM5
SIM1
SIM2
SIM3
SIM4
1
21
22
SIM5
SIM1
SIM2
SIM3
SIM4
1
21
22
SIM5
SIM1
SIM2
SIM3
SIM4
1
21
22
SIM5
SIM1
SIM2
SIM3
SIM4
1
21
22
SIM5
SIM1
SIM2
SIM3
SIM4
1
21
22
SIM5
SIM1
SIM2
SIM3
SIM4
1
21
22
SIM5
SIM1
SIM2
SIM3
SIM4
1
21
22
SIM5
SIM1
SIM2
SIM3
SIM4
1
21
22
SIM5
SIM1
SIM2
SIM3
SIM4
1
21
22
SIM5
SIM1
SIM2
SIM3
SIM4
1
21
22
SIM5
SIM1
SIM2
SIM3
SIM4
1
21
22
SIM5
SIM1
SIM2
SIM3
SIM4
1
21
22
SIM5
SIM1
SIM2
SIM3
SIM4
1
21
22
SIM5
SIM1
SIM2
SIM3
SIM4
1
21
22
SIM5
SIM1
SIM2
SIM3
SIM4
1
21
22
SIM5
SIM1
SIM2
SIM3
SIM4
1
21
22
SIM5
SIM1
SIM2
SIM3
SIM4
1
21
22
SIM5
SIM1
SIM2
SIM3
SIM4
1
21
22
SIM5
SIM1
SIM2
SIM3
SIM4
1
21
22
SIM5
SIM1
SIM2
SIM3
SIM4
1
21
22
SIM5
SIM1
SIM2
SIM3
SIM4
1
21
22
SIM5
SIM1
SIM2
SIM3
SIM4
1
21
22
SIM5
SIM1
SIM2
SIM3
SIM4
1
21
22
SIM5
SIM1
SIM2
SIM3
SIM4
1
21
22
SIM5
SIM1
SIM2
SIM3
SIM4
1
21
22
SIM5
SIM1
SIM2
SIM3
SIM4
1
21
22
SIM5
SIM1
SIM2
SIM3
SIM4
1
21
22
SIM5
SIM1
SIM2
SIM3
SIM4
1
21
22
SIM5
SIM1
SIM2
SIM3
SIM4
1
21
22
SIM5
SIM1
SIM2
SIM3
SIM4
1
21
22
SIM5
SIM1
SIM2
SIM3
SIM4
1
21
22
SIM5
SIM1
SIM2
SIM3
SIM4
1
21
22
SIM5
SIM1
SIM2
SIM3
SIM4
1
21
22
SIM5
SIM1
SIM2
SIM3
SIM4
1
21
22
SIM5
SIM1
SIM2
SIM3
SIM4
1
21
22
SIM5
SIM1
SIM2
SIM3
SIM4
1
21
22
SIM5
SIM1
SIM2
SIM3
SIM4
1
21
22
SIM5
SIM1
SIM2
SIM3
SIM4
1
21
22
SIM5
SIM1
SIM2
SIM3
SIM4
1
21
22
SIM5
SIM1
SIM2
SIM3
SIM4
1
21
22
SIM5
SIM1
SIM2
SIM3
SIM4
1
21
22
SIM5
SIM1
SIM2
SIM3
SIM4
1
21
22
SIM5
SIM1
SIM2
SIM3
SIM4
1
21
22
SIM5
SIM1
SIM2
SIM3
SIM4
1
21
22
SIM5
SIM1
SIM2
SIM3
SIM4
1
21
22
SIM5
SIM1
SIM2
SIM3
SIM4
1
21
22
SIM5
SIM1
SIM2
SIM3
SIM4
1
21
22
SIM5
SIM1
SIM2
SIM3
SIM4
1
21
22
SIM5
SIM1
SIM2
SIM3
SIM4
1
21
22
SIM5
SIM1
SIM2
SIM3
SIM4
1
21
22
SIM5
SIM1
SIM2
SIM3
SIM4
1
21
22
SIM5
SIM1
SIM2
SIM3
SIM4
1
21
22
SIM5
SIM1
SIM2
SIM3
SIM4
1
21
22
SIM5
SIM1
SIM2
SIM3
SIM4
1
21
22
SIM5
SIM1
SIM2
SIM3
SIM4
1
21
22
SIM5
SIM1
SIM2
SIM3
SIM4
1
21
22
SIM5
SIM1
SIM2
SIM3
SIM4
1
21
22
SIM5
SIM1
SIM2
SIM3
SIM4
1
21
22
SIM5
SIM1
SIM2
SIM3
SIM4
1
21
22
SIM5
SIM1
SIM2
SIM3
SIM4
1
21
22
SIM5
SIM1
SIM2
SIM3
SIM4
1
21
22
SIM5
SIM1
SIM2
SIM3
SIM4
1
21
22
SIM5
SIM1
SIM2
SIM3
SIM4
1
21
22
SIM5
SIM1
SIM2
SIM3
SIM4
1
21
22
SIM5
SIM1
SIM2
SIM3
SIM4
1
21
22
SIM5
SIM1
SIM2
SIM3
SIM4
1
21
22
SIM5
SIM1
SIM2
SIM3
SIM4
1
21
22
SIM5
SIM1
SIM2
SIM3
SIM4
1
21
22
SIM5
SIM1
SIM2
SIM3
SIM4
1
21
22
SIM5
SIM1
SIM2
SIM3
SIM4
1
21
22
SIM5
SIM1
SIM2
SIM3
SIM4
1
21
22
SIM5
SIM1
SIM2
SIM3
SIM4
1
21
22
SIM5
SIM1
SIM2
SIM3
SIM4
1
21
22
SIM5
SIM1
SIM2
SIM3
SIM4
1
21
22
SIM5
SIM1
SIM2
SIM3
SIM4
1
21
22
SIM5
SIM1
SIM2
SIM3
SIM4
1
21
22
SIM5
SIM1
SIM2
SIM3
SIM4
1
21
22
SIM5
SIM1
SIM2
SIM3
SIM4
1
21
22
SIM5
SIM1
SIM2
SIM3
SIM4
1
21
22
SIM5
SIM1
SIM2
SIM3
SIM4
1
21
22
SIM5
SIM1
SIM2
SIM3
SIM4
1
21
22
SIM5
SIM1
SIM2
SIM3
SIM4
1
21
22
SIM5
SIM1
SIM2
DEBUG 1 837
SIM1
SIM2
SIM3
SIM4
1
21
22
SIM5
SIM1
SIM2
SIM3
SIM4
1
21
22
SIM5
SIM1
SIM2
SIM3
SIM4
1
21
22
SIM5
SIM1
SIM2
SIM3
SIM4
1
21
22
SIM5
SIM1
SIM2
SIM3
SIM4
1
21
22
SIM5
SIM1
SIM2
SIM3
SIM4
1
21
22
SIM5
SIM1
SIM2
SIM3
SIM4
1
21
22
SIM5
SIM1
SIM2
SIM3
SIM4
1
21
22
SIM5
SIM1
SIM2
SIM3
SIM4
1
21
22
SIM5
SIM1
SIM2
SIM3
SIM4
1
21
22
SIM5
SIM1
SIM2
SIM3
SIM4
1
21
22
SIM5
SIM1
SIM2
SIM3
SIM4
1
21
22
SIM5
SIM1
SIM2
SIM3
SIM4
1
21
22
SIM5
SIM1
SIM2
SIM3
SIM4
1
21
22
SIM5
SIM1
SIM2
SIM3
SIM4
1
21
22
SIM5
SIM1
SIM2
SIM3
SIM4
1
21
22
SIM5
SIM1
SIM2
SIM3
SIM4
1
21
22
SIM5
SIM1
SIM2
SIM3
SIM4
1
21
22
SIM5
SIM1
SIM2
SIM3
SIM4
1
21
22
SIM5
SIM1
SIM2
SIM3
SIM4
1
21
22
SIM5
SIM1
SIM2
SIM3
SIM4
1
21
22
SIM5
SIM1
SIM2
SIM3
SIM4
1
21
22
SIM5
SIM1
SIM2
SIM3
SIM4
1
21
22
SIM5
SIM1
SIM2
SIM3
SIM4
1
21
22
SIM5
SIM1
SIM2
SIM3
SIM4
1
21
22
SIM5
SIM1
SIM2
SIM3
SIM4
1
21
22
SIM5
SIM1
SIM2
SIM3
SIM4
1
21
22
SIM5
SIM1
SIM2
SIM3
SIM4
1
21
22
SIM5
SIM1
SIM2
SIM3
SIM4
1
21
22
SIM5
SIM1
SIM2
SIM3
SIM4
1
21
22
SIM5
SIM1
SIM2
SIM3
SIM4
1
21
22
SIM5
SIM1
SIM2
SIM3
SIM4
1
21
22
SIM5
SIM1
SIM2
SIM3
SIM4
1
21
22
SIM5
SIM1
SIM2
SIM3
SIM4
1
21
22
SIM5
SIM1
SIM2
SIM3
SIM4
1
21
22
SIM5
SIM1
SIM2
SIM3
SIM4
1
21
22
SIM5
SIM1
SIM2
SIM3
SIM4
1
21
22
SIM5
SIM1
SIM2
SIM3
SIM4
1
21
22
SIM5
SIM1
SIM2
SIM3
SIM4
1
21
22
SIM5
SIM1
SIM2
SIM3
SIM4
1
21
22
SIM5
SIM1
SIM2
SIM3
SIM4
1
21
22
SIM5
SIM1
SIM2
SIM3
SIM4
1
21
22
SIM5
SIM1
SIM2
SIM3
SIM4
1
21
22
SIM5
SIM1
SIM2
SIM3
SIM4
1
21
22
SIM5
SIM1
SIM2
SIM3
SIM4
1
21
22
SIM5
SIM1
SIM2
SIM3
SIM4
1
21
22
SIM5
SIM1
SIM2
SIM3
SIM4
1
21
22
SIM5
SIM1
SIM2
SIM3
SIM4
1
21
22
SIM5
SIM1
SIM2
SIM3
SIM4
1
21
22
SIM5
SIM1
SIM2
SIM3
SIM4
1
21
22
SIM5
SIM1
SIM2
SIM3
SIM4
1
21
22
SIM5
SIM1
SIM2
SIM3
SIM4
1
21
22
SIM5
SIM1
SIM2
SIM3
SIM4
1
21
22
SIM5
SIM1
SIM2
SIM3
SIM4
1
21
22
SIM5
SIM1
SIM2
SIM3
SIM4
1
21
22
SIM5
SIM1
SIM2
SIM3
SIM4
1
21
22
SIM5
SIM1
SIM2
SIM3
SIM4
1
21
22
SIM5
SIM1
SIM2
SIM3
SIM4
1
21
22
SIM5
SIM1
SIM2
SIM3
SIM4
1
21
22
SIM5
SIM1
SIM2
SIM3
SIM4
1
21
22
SIM5
SIM1
SIM2
SIM3
SIM4
1
21
22
SIM5
SIM1
SIM2
SIM3
SIM4
1
21
22
SIM5
SIM1
SIM2
SIM3
SIM4
1
21
22
SIM5
SIM1
SIM2
SIM3
SIM4
1
21
22
SIM5
SIM1
SIM2
SIM3
SIM4
1
21
22
SIM5
SIM1
SIM2
SIM3
SIM4
1
21
22
SIM5
SIM1
SIM2
SIM3
SIM4
1
21
22
SIM5
SIM1
SIM2
SIM3
SIM4
1
21
22
SIM5
SIM1
SIM2
SIM3
SIM4
1
21
22
SIM5
SIM1
SIM2
SIM3
SIM4
1
21
22
SIM5
SIM1
SIM2
SIM3
SIM4
1
21
22
SIM5
SIM1
SIM2
SIM3
SIM4
1
21
22
SIM5
SIM1
SIM2
SIM3
SIM4
1
21
22
SIM5
SIM1
SIM2
SIM3
SIM4
1
21
22
SIM5
SIM1
SIM2
SIM3
SIM4
1
21
22
SIM5
SIM1
SIM2
SIM3
SIM4
1
21
22
SIM5
SIM1
SIM2
SIM3
SIM4
1
21
22
SIM5
SIM1
SIM2
SIM3
SIM4
1
21
22
SIM5
SIM1
SIM2
SIM3
SIM4
1
21
22
SIM5
SIM1
SIM2
SIM3
SIM4
1
21
22
SIM5
SIM1
SIM2
SIM3
SIM4
1
21
22
SIM5
SIM1
SIM2
SIM3
SIM4
1
21
22
SIM5
SIM1
SIM2
SIM3
SIM4
1
21
22
SIM5
SIM1
SIM2
SIM3
SIM4
1
21
22
SIM5
SIM1
SIM2
SIM3
SIM4
1
21
22
SIM5
SIM1
SIM2
SIM3
SIM4
1
21
22
SIM5
SIM1
SIM2
SIM3
SIM4
1
21
22
SIM5
SIM1
SIM2
SIM3
SIM4
1
21
22
SIM5
SIM1
SIM2
SIM3
SIM4
1
21
22
SIM5
SIM1
SIM2
SIM3
SIM4
1
21
22
SIM5
SIM1
SIM2
SIM3
SIM4
1
21
22
SIM5
SIM1
SIM2
SIM3
SIM4
1
21
22
SIM5
SIM1
SIM2
SIM3
SIM4
1
21
22
SIM5
SIM1
SIM2
SIM3
SIM4
1
21
22
SIM5
SIM1
SIM2
SIM3
SIM4
1
21
22
SIM5
SIM1
SIM2
SIM3
SIM4
1
21
22
SIM5
SIM1
SIM2
SIM3
SIM4
1
21
22
SIM5
SIM1
SIM2
SIM3
SIM4
1
21
22
SIM5
SIM1
SIM2
SIM3
SIM4
1
21
22
SIM5
SIM1
SIM2
SIM3
SIM4
1
21
22
SIM5
SIM1
SIM2
SIM3
SIM4
1
21
22
SIM5
SIM1
SIM2
SIM3
SIM4
1
21
22
SIM5
SIM1
SIM2
SIM3
SIM4
1
21
22
SIM5
SIM1
SIM2
SIM3
SIM4
1
21
22
SIM5
SIM1
SIM2
SIM3
SIM4
1
21
22
SIM5
SIM1
SIM2
SIM3
SIM4
1
21
22
SIM5
SIM1
SIM2
SIM3
SIM4
1
21
22
SIM5
SIM1
SIM2
SIM3
SIM4
1
21
22
SIM5
SIM1
SIM2
SIM3
SIM4
1
21
22
SIM5
SIM1
SIM2
SIM3
SIM4
1
21
22
SIM5
SIM1
SIM2
SIM3
SIM4
1
21
22
SIM5
SIM1
SIM2
SIM3
SIM4
1
21
22
SIM5
SIM1
SIM2
SIM3
SIM4
1
21
22
SIM5
SIM1
SIM2
SIM3
SIM4
1
21
22
SIM5
SIM1
SIM2
SIM3
SIM4
1
21
22
SIM5
SIM1
SIM2
SIM3
SIM4
1
21
22
SIM5
SIM1
SIM2
SIM3
SIM4
1
21
22
SIM5
SIM1
SIM2
SIM3
SIM4
1
21
22
SIM5
SIM1
SIM2
SIM3
SIM4
1
21
22
SIM5
SIM1
SIM2
SIM3
SIM4
1
21
22
SIM5
SIM1
SIM2
SIM3
SIM4
1
21
22
SIM5
SIM1
SIM2
SIM3
SIM4
1
21
22
SIM5
SIM1
SIM2
SIM3
SIM4
1
21
22
SIM5
SIM1
SIM2
SIM3
SIM4
1
21
22
SIM5
SIM1
SIM2
SIM3
SIM4
1
21
22
SIM5
SIM1
SIM2
SIM3
SIM4
1
21
22
SIM5
SIM1
SIM2
SIM3
SIM4
1
21
22
SIM5
SIM1
SIM2
SIM3
SIM4
1
21
22
SIM5
SIM1
SIM2
SIM3
SIM4
1
21
22
SIM5
SIM1
SIM2
SIM3
SIM4
1
21
22
SIM5
SIM1
SIM2
SIM3
SIM4
1
21
22
SIM5
SIM1
SIM2
SIM3
SIM4
1
21
22
SIM5
SIM1
SIM2
SIM3
SIM4
1
21
22
SIM5
SIM1
SIM2
SIM3
SIM4
1
21
22
SIM5
SIM1
SIM2
SIM3
SIM4
1
21
22
SIM5
SIM1
SIM2
SIM3
SIM4
1
21
22
SIM5
SIM1
SIM2
SIM3
SIM4
1
21
22
SIM5
SIM1
SIM2
SIM3
SIM4
1
21
22
SIM5
SIM1
SIM2
SIM3
SIM4
1
21
22
SIM5
SIM1
SIM2
SIM3
SIM4
1
21
22
SIM5
SIM1
SIM2
SIM3
SIM4
1
21
22
SIM5
SIM1
SIM2
SIM3
SIM4
1
21
22
SIM5
SIM1
SIM2
SIM3
SIM4
1
21
22
SIM5
SIM1
SIM2
SIM3
SIM4
1
21
22
SIM5
SIM1
SIM2
SIM3
SIM4
1
21
22
SIM5
SIM1
SIM2
SIM3
SIM4
1
21
22
SIM5
SIM1
SIM2
SIM3
SIM4
1
21
22
SIM5
SIM1
SIM2
SIM3
SIM4
1
21
22
SIM5
SIM1
SIM2
SIM3
SIM4
1
21
22
SIM5
SIM1
SIM2
SIM3
SIM4
1
21
22
SIM5
SIM1
SIM2
SIM3
SIM4
1
21
22
SIM5
SIM1
SIM2
SIM3
SIM4
1
21
22
SIM5
SIM1
SIM2
SIM3
SIM4
1
21
22
SIM5
SIM1
SIM2
SIM3
SIM4
1
21
22
SIM5
SIM1
SIM2
SIM3
SIM4
1
21
22
SIM5
SIM1
SIM2
SIM3
SIM4
1
21
22
SIM5
SIM1
SIM2
SIM3
SIM4
1
21
22
SIM5
SIM1
SIM2
SIM3
SIM4
1
21
22
SIM5
SIM1
SIM2
SIM3
SIM4
1
21
22
SIM5
SIM1
SIM2
SIM3
SIM4
1
21
22
SIM5
SIM1
SIM2
SIM3
SIM4
1
21
22
SIM5
SIM1
SIM2
SIM3
SIM4
1
21
22
SIM5
SIM1
SIM2
SIM3
SIM4
1
21
22
SIM5
SIM1
SIM2
SIM3
SIM4
1
21
22
SIM5
SIM1
SIM2
SIM3
SIM4
1
21
22
SIM5
SIM1
SIM2
SIM3
SIM4
1
21
22
SIM5
SIM1
SIM2
SIM3
SIM4
1
21
22
SIM5
SIM1
SIM2
SIM3
SIM4
1
21
22
SIM5
SIM1
SIM2
SIM3
SIM4
1
21
22
SIM5
SIM1
SIM2
SIM3
SIM4
1
21
22
SIM5
SIM1
SIM2
SIM3
SIM4
1
21
22
SIM5
SIM1
SIM2
SIM3
SIM4
1
21
22
SIM5
SIM1
SIM2
SIM3
SIM4
1
21
22
SIM5
SIM1
SIM2
SIM3
SIM4
1
21
22
SIM5
SIM1
SIM2
SIM3
SIM4
1
21
22
SIM5
SIM1
SIM2
SIM3
SIM4
1
21
22
SIM5
SIM1
SIM2
SIM3
SIM4
1
21
22
SIM5
SIM1
SIM2
SIM3
SIM4
1
21
22
SIM5
SIM1
SIM2
SIM3
SIM4
1
21
22
SIM5
SIM1
SIM2
SIM3
SIM4
1
21
22
SIM5
SIM1
SIM2
SIM3
SIM4
1
21
22
SIM5
SIM1
SIM2
SIM3
SIM4
1
21
22
SIM5
SIM1
SIM2
SIM3
SIM4
1
21
22
SIM5
SIM1
SIM2
SIM3
SIM4
1
21
22
SIM5
SIM1
SIM2
SIM3
SIM4
1
21
22
SIM5
SIM1
SIM2
SIM3
SIM4
1
21
22
SIM5
SIM1
SIM2
SIM3
SIM4
1
21
22
SIM5
SIM1
SIM2
SIM3
SIM4
1
21
22
SIM5
SIM1
SIM2
SIM3
SIM4
1
21
22
SIM5
SIM1
SIM2
SIM3
SIM4
1
21
22
SIM5
SIM1
SIM2
SIM3
SIM4
1
21
22
SIM5
SIM1
SIM2
SIM3
SIM4
1
21
22
SIM5
SIM1
SIM2
SIM3
SIM4
1
21
22
SIM5
SIM1
SIM2
SIM3
SIM4
1
21
22
SIM5
SIM1
SIM2
SIM3
SIM4
1
21
22
SIM5
SIM1
SIM2
SIM3
SIM4
1
21
22
SIM5
SIM1
SIM2
SIM3
SIM4
1
21
22
SIM5
SIM1
SIM2
SIM3
SIM4
1
21
22
SIM5
SIM1
SIM2
SIM3
SIM4
1
21
22
SIM5
SIM1
SIM2
SIM3
SIM4
1
21
22
SIM5
SIM1
SIM2
SIM3
SIM4
1
21
22
SIM5
SIM1
SIM2
SIM3
SIM4
1
21
22
SIM5
SIM1
SIM2
SIM3
SIM4
1
21
22
SIM5
SIM1
SIM2
SIM3
SIM4
1
21
22
SIM5
SIM1
SIM2
SIM3
SIM4
1
21
22
SIM5
SIM1
SIM2
SIM3
SIM4
1
21
22
SIM5
SIM1
SIM2
SIM3
SIM4
1
21
22
SIM5
SIM1
SIM2
SIM3
SIM4
1
21
22
SIM5
SIM1
SIM2
SIM3
SIM4
1
21
22
SIM5
SIM1
SIM2
SIM3
SIM4
1
21
22
SIM5
SIM1
SIM2
SIM3
SIM4
1
21
22
SIM5
SIM1
SIM2
SIM3
SIM4
1
21
22
SIM5
SIM1
SIM2
SIM3
SIM4
1
21
22
SIM5
SIM1
SIM2
SIM3
SIM4
1
21
22
SIM5
SIM1
SIM2
SIM3
SIM4
1
21
22
SIM5
SIM1
SIM2
SIM3
SIM4
1
21
22
SIM5
SIM1
SIM2
SIM3
SIM4
1
21
22
SIM5
SIM1
SIM2
SIM3
SIM4
1
21
22
SIM5
SIM1
SIM2
SIM3
SIM4
1
21
22
SIM5
SIM1
SIM2
SIM3
SIM4
1
21
22
SIM5
SIM1
SIM2
SIM3
SIM4
1
21
22
SIM5
SIM1
SIM2
SIM3
SIM4
1
21
22
SIM5
SIM1
SIM2
SIM3
SIM4
1
21
22
SIM5
SIM1
SIM2
SIM3
SIM4
1
21
22
SIM5
SIM1
SIM2
SIM3
SIM4
1
21
22
SIM5
SIM1
SIM2
SIM3
SIM4
1
21
22
SIM5
SIM1
SIM2
SIM3
SIM4
1
21
22
SIM5
SIM1
SIM2
SIM3
SIM4
1
21
22
SIM5
SIM1
SIM2
SIM3
SIM4
1
21
22
SIM5
SIM1
SIM2
SIM3
SIM4
1
21
22
SIM5
SIM1
SIM2
SIM3
SIM4
1
21
22
SIM5
SIM1
SIM2
SIM3
SIM4
1
21
22
SIM5
SIM1
SIM2
SIM3
SIM4
1
21
22
SIM5
SIM1
SIM2
SIM3
SIM4
1
21
22
SIM5
SIM1
SIM2
SIM3
SIM4
1
21
22
SIM5
SIM1
SIM2
SIM3
SIM4
1
21
22
SIM5
SIM1
SIM2
SIM3
SIM4
1
21
22
SIM5
SIM1
SIM2
SIM3
SIM4
1
21
22
SIM5
SIM1
SIM2
SIM3
SIM4
1
21
22
SIM5
SIM1
SIM2
SIM3
SIM4
1
21
22
SIM5
SIM1
SIM2
SIM3
SIM4
1
21
22
SIM5
SIM1
SIM2
SIM3
SIM4
1
21
22
SIM5
SIM1
SIM2
SIM3
SIM4
1
21
22
SIM5
SIM1
SIM2
SIM3
SIM4
1
21
22
SIM5
SIM1
SIM2
SIM3
SIM4
1
21
22
SIM5
SIM1
SIM2
SIM3
SIM4
1
21
22
SIM5
SIM1
SIM2
SIM3
SIM4
1
21
22
SIM5
SIM1
SIM2
SIM3
SIM4
1
21
22
SIM5
SIM1
SIM2
SIM3
SIM4
1
21
22
SIM5
SIM1
SIM2
SIM3
SIM4
1
21
22
SIM5
SIM1
SIM2
SIM3
SIM4
1
21
22
SIM5
SIM1
SIM2
SIM3
SIM4
1
21
22
SIM5
SIM1
SIM2
SIM3
SIM4
1
21
22
SIM5
SIM1
SIM2
SIM3
SIM4
1
21
22
SIM5
SIM1
SIM2
SIM3
SIM4
1
21
22
SIM5
SIM1
SIM2
SIM3
SIM4
1
21
22
SIM5
SIM1
SIM2
SIM3
SIM4
1
21
22
SIM5
SIM1
SIM2
SIM3
SIM4
1
21
22
SIM5
SIM1
SIM2
SIM3
SIM4
1
21
22
SIM5
SIM1
SIM2
SIM3
SIM4
1
21
22
SIM5
SIM1
SIM2
SIM3
SIM4
1
21
22
SIM5
SIM1
SIM2
SIM3
SIM4
1
21
22
SIM5
SIM1
SIM2
SIM3
SIM4
1
21
22
SIM5
SIM1
SIM2
SIM3
SIM4
1
21
22
SIM5
SIM1
SIM2
SIM3
SIM4
1
21
22
SIM5
SIM1
SIM2
SIM3
SIM4
1
21
22
SIM5
SIM1
SIM2
SIM3
SIM4
1
21
22
SIM5
SIM1
SIM2
SIM3
SIM4
1
21
22
SIM5
SIM1
SIM2
SIM3
SIM4
1
21
22
SIM5
SIM1
SIM2
SIM3
SIM4
1
21
22
SIM5
SIM1
SIM2
SIM3
SIM4
1
21
22
SIM5
SIM1
SIM2
SIM3
SIM4
1
21
22
SIM5
SIM1
SIM2
SIM3
SIM4
1
21
22
SIM5
SIM1
SIM2
SIM3
SIM4
1
21
22
SIM5
SIM1
SIM2
SIM3
SIM4
1
21
22
SIM5
SIM1
SIM2
SIM3
SIM4
1
21
22
SIM5
SIM1
SIM2
SIM3
SIM4
1
21
22
SIM5
SIM1
SIM2
SIM3
SIM4
1
21
22
SIM5
SIM1
SIM2
SIM3
SIM4
1
21
22
SIM5
SIM1
SIM2
SIM3
SIM4
1
21
22
SIM5
SIM1
SIM2
SIM3
SIM4
1
21
22
SIM5
SIM1
SIM2
DEBUG 1 838
SIM1
SIM2
SIM3
SIM4
1
21
22
SIM5
SIM1
SIM2
SIM3
SIM4
1
21
22
SIM5
SIM1
SIM2
SIM3
SIM4
1
21
22
SIM5
SIM1
SIM2
SIM3
SIM4
1
21
22
SIM5
SIM1
SIM2
SIM3
SIM4
1
21
22
SIM5
SIM1
SIM2
SIM3
SIM4
1
21
22
SIM5
SIM1
SIM2
SIM3
SIM4
1
21
22
SIM5
SIM1
SIM2
SIM3
SIM4
1
21
22
SIM5
SIM1
SIM2
SIM3
SIM4
1
21
22
SIM5
SIM1
SIM2
SIM3
SIM4
1
21
22
SIM5
SIM1
SIM2
SIM3
SIM4
1
21
22
SIM5
SIM1
SIM2
SIM3
SIM4
1
21
22
SIM5
SIM1
SIM2
SIM3
SIM4
1
21
22
SIM5
SIM1
SIM2
SIM3
SIM4
1
21
22
SIM5
SIM1
SIM2
SIM3
SIM4
1
21
22
SIM5
SIM1
SIM2
SIM3
SIM4
1
21
22
SIM5
SIM1
SIM2
SIM3
SIM4
1
21
22
SIM5
SIM1
SIM2
SIM3
SIM4
1
21
22
SIM5
SIM1
SIM2
SIM3
SIM4
1
21
22
SIM5
SIM1
SIM2
SIM3
SIM4
1
21
22
SIM5
SIM1
SIM2
SIM3
SIM4
1
21
22
SIM5
SIM1
SIM2
SIM3
SIM4
1
21
22
SIM5
SIM1
SIM2
SIM3
SIM4
1
21
22
SIM5
SIM1
SIM2
SIM3
SIM4
1
21
22
SIM5
SIM1
SIM2
SIM3
SIM4
1
21
22
SIM5
SIM1
SIM2
SIM3
SIM4
1
21
22
SIM5
SIM1
SIM2
SIM3
SIM4
1
21
22
SIM5
SIM1
SIM2
SIM3
SIM4
1
21
22
SIM5
SIM1
SIM2
SIM3
SIM4
1
21
22
SIM5
SIM1
SIM2
SIM3
SIM4
1
21
22
SIM5
SIM1
SIM2
SIM3
SIM4
1
21
22
SIM5
SIM1
SIM2
SIM3
SIM4
1
21
22
SIM5
SIM1
SIM2
SIM3
SIM4
1
21
22
SIM5
SIM1
SIM2
SIM3
SIM4
1
21
22
SIM5
SIM1
SIM2
SIM3
SIM4
1
21
22
SIM5
SIM1
SIM2
SIM3
SIM4
1
21
22
SIM5
SIM1
SIM2
SIM3
SIM4
1
21
22
SIM5
SIM1
SIM2
SIM3
SIM4
1
21
22
SIM5
SIM1
SIM2
SIM3
SIM4
1
21
22
SIM5
SIM1
SIM2
SIM3
SIM4
1
21
22
SIM5
SIM1
SIM2
SIM3
SIM4
1
21
22
SIM5
SIM1
SIM2
SIM3
SIM4
1
21
22
SIM5
SIM1
SIM2
SIM3
SIM4
1
21
22
SIM5
SIM1
SIM2
SIM3
SIM4
1
21
22
SIM5
SIM1
SIM2
SIM3
SIM4
1
21
22
SIM5
SIM1
SIM2
SIM3
SIM4
1
21
22
SIM5
SIM1
SIM2
SIM3
SIM4
1
21
22
SIM5
SIM1
SIM2
SIM3
SIM4
1
21
22
SIM5
SIM1
SIM2
SIM3
SIM4
1
21
22
SIM5
SIM1
SIM2
SIM3
SIM4
1
21
22
SIM5
SIM1
SIM2
SIM3
SIM4
1
21
22
SIM5
SIM1
SIM2
SIM3
SIM4
1
21
22
SIM5
SIM1
SIM2
SIM3
SIM4
1
21
22
SIM5
SIM1
SIM2
SIM3
SIM4
1
21
22
SIM5
SIM1
SIM2
SIM3
SIM4
1
21
22
SIM5
SIM1
SIM2
SIM3
SIM4
1
21
22
SIM5
SIM1
SIM2
SIM3
SIM4
1
21
22
SIM5
SIM1
SIM2
SIM3
SIM4
1
21
22
SIM5
SIM1
SIM2
SIM3
SIM4
1
21
22
SIM5
SIM1
SIM2
SIM3
SIM4
1
21
22
SIM5
SIM1
SIM2
SIM3
SIM4
1
21
22
SIM5
SIM1
SIM2
SIM3
SIM4
1
21
22
SIM5
SIM1
SIM2
SIM3
SIM4
1
21
22
SIM5
SIM1
SIM2
SIM3
SIM4
1
21
22
SIM5
SIM1
SIM2
SIM3
SIM4
1
21
22
SIM5
SIM1
SIM2
SIM3
SIM4
1
21
22
SIM5
SIM1
SIM2
SIM3
SIM4
1
21
22
SIM5
SIM1
SIM2
SIM3
SIM4
1
21
22
SIM5
SIM1
SIM2
SIM3
SIM4
1
21
22
SIM5
SIM1
SIM2
SIM3
SIM4
1
21
22
SIM5
SIM1
SIM2
SIM3
SIM4
1
21
22
SIM5
SIM1
SIM2
SIM3
SIM4
1
21
22
SIM5
SIM1
SIM2
SIM3
SIM4
1
21
22
SIM5
SIM1
SIM2
SIM3
SIM4
1
21
22
SIM5
SIM1
SIM2
SIM3
SIM4
1
21
22
SIM5
SIM1
SIM2
SIM3
SIM4
1
21
22
SIM5
SIM1
SIM2
SIM3
SIM4
1
21
22
SIM5
SIM1
SIM2
SIM3
SIM4
1
21
22
SIM5
SIM1
SIM2
SIM3
SIM4
1
21
22
SIM5
SIM1
SIM2
SIM3
SIM4
1
21
22
SIM5
SIM1
SIM2
SIM3
SIM4
1
21
22
SIM5
SIM1
SIM2
SIM3
SIM4
1
21
22
SIM5
SIM1
SIM2
SIM3
SIM4
1
21
22
SIM5
SIM1
SIM2
SIM3
SIM4
1
21
22
SIM5
SIM1
SIM2
SIM3
SIM4
1
21
22
SIM5
SIM1
SIM2
SIM3
SIM4
1
21
22
SIM5
SIM1
SIM2
SIM3
SIM4
1
21
22
SIM5
SIM1
SIM2
SIM3
SIM4
1
21
22
SIM5
SIM1
SIM2
SIM3
SIM4
1
21
22
SIM5
SIM1
SIM2
SIM3
SIM4
1
21
22
SIM5
SIM1
SIM2
SIM3
SIM4
1
21
22
SIM5
SIM1
SIM2
SIM3
SIM4
1
21
22
SIM5
SIM1
SIM2
SIM3
SIM4
1
21
22
SIM5
SIM1
SIM2
SIM3
SIM4
1
21
22
SIM5
SIM1
SIM2
SIM3
SIM4
1
21
22
SIM5
SIM1
SIM2
SIM3
SIM4
1
21
22
SIM5
SIM1
SIM2
SIM3
SIM4
1
21
22
SIM5
SIM1
SIM2
SIM3
SIM4
1
21
22
SIM5
SIM1
SIM2
SIM3
SIM4
1
21
22
SIM5
SIM1
SIM2
SIM3
SIM4
1
21
22
SIM5
SIM1
SIM2
SIM3
SIM4
1
21
22
SIM5
SIM1
SIM2
SIM3
SIM4
1
21
22
SIM5
SIM1
SIM2
SIM3
SIM4
1
21
22
SIM5
SIM1
SIM2
SIM3
SIM4
1
21
22
SIM5
SIM1
SIM2
SIM3
SIM4
1
21
22
SIM5
SIM1
SIM2
SIM3
SIM4
1
21
22
SIM5
SIM1
SIM2
SIM3
SIM4
1
21
22
SIM5
SIM1
SIM2
SIM3
SIM4
1
21
22
SIM5
SIM1
SIM2
SIM3
SIM4
1
21
22
SIM5
SIM1
SIM2
SIM3
SIM4
1
21
22
SIM5
SIM1
SIM2
SIM3
SIM4
1
21
22
SIM5
SIM1
SIM2
SIM3
SIM4
1
21
22
SIM5
SIM1
SIM2
SIM3
SIM4
1
21
22
SIM5
SIM1
SIM2
SIM3
SIM4
1
21
22
SIM5
SIM1
SIM2
SIM3
SIM4
1
21
22
SIM5
SIM1
SIM2
SIM3
SIM4
1
21
22
SIM5
SIM1
SIM2
SIM3
SIM4
1
21
22
SIM5
SIM1
SIM2
SIM3
SIM4
1
21
22
SIM5
SIM1
SIM2
SIM3
SIM4
1
21
22
SIM5
SIM1
SIM2
SIM3
SIM4
1
21
22
SIM5
SIM1
SIM2
SIM3
SIM4
1
21
22
SIM5
SIM1
SIM2
SIM3
SIM4
1
21
22
SIM5
SIM1
SIM2
SIM3
SIM4
1
21
22
SIM5
SIM1
SIM2
SIM3
SIM4
1
21
22
SIM5
SIM1
SIM2
SIM3
SIM4
1
21
22
SIM5
SIM1
SIM2
SIM3
SIM4
1
21
22
SIM5
SIM1
SIM2
SIM3
SIM4
1
21
22
SIM5
SIM1
SIM2
SIM3
SIM4
1
21
22
SIM5
SIM1
SIM2
SIM3
SIM4
1
21
22
SIM5
SIM1
SIM2
SIM3
SIM4
1
21
22
SIM5
SIM1
SIM2
SIM3
SIM4
1
21
22
SIM5
SIM1
SIM2
SIM3
SIM4
1
21
22
SIM5
SIM1
SIM2
SIM3
SIM4
1
21
22
SIM5
SIM1
SIM2
SIM3
SIM4
1
21
22
SIM5
SIM1
SIM2
SIM3
SIM4
1
21
22
SIM5
SIM1
SIM2
SIM3
SIM4
1
21
22
SIM5
SIM1
SIM2
SIM3
SIM4
1
21
22
SIM5
SIM1
SIM2
SIM3
SIM4
1
21
22
SIM5
SIM1
SIM2
SIM3
SIM4
1
21
22
SIM5
SIM1
SIM2
SIM3
SIM4
1
21
22
SIM5
SIM1
SIM2
SIM3
SIM4
1
21
22
SIM5
SIM1
SIM2
SIM3
SIM4
1
21
22
SIM5
SIM1
SIM2
SIM3
SIM4
1
21
22
SIM5
SIM1
SIM2
SIM3
SIM4
1
21
22
SIM5
SIM1
SIM2
SIM3
SIM4
1
21
22
SIM5
SIM1
SIM2
SIM3
SIM4
1
21
22
SIM5
SIM1
SIM2
SIM3
SIM4
1
21
22
SIM5
SIM1
SIM2
SIM3
SIM4
1
21
22
SIM5
SIM1
SIM2
SIM3
SIM4
1
21
22
SIM5
SIM1
SIM2
SIM3
SIM4
1
21
22
SIM5
SIM1
SIM2
SIM3
SIM4
1
21
22
SIM5
SIM1
SIM2
SIM3
SIM4
1
21
22
SIM5
SIM1
SIM2
SIM3
SIM4
1
21
22
SIM5
SIM1
SIM2
SIM3
SIM4
1
21
22
SIM5
SIM1
SIM2
SIM3
SIM4
1
21
22
SIM5
SIM1
SIM2
SIM3
SIM4
1
21
22
SIM5
SIM1
SIM2
SIM3
SIM4
1
21
22
SIM5
SIM1
SIM2
SIM3
SIM4
1
21
22
SIM5
SIM1
SIM2
SIM3
SIM4
1
21
22
SIM5
SIM1
SIM2
SIM3
SIM4
1
21
22
SIM5
SIM1
SIM2
SIM3
SIM4
1
21
22
SIM5
SIM1
SIM2
SIM3
SIM4
1
21
22
SIM5
SIM1
SIM2
SIM3
SIM4
1
21
22
SIM5
SIM1
SIM2
SIM3
SIM4
1
21
22
SIM5
SIM1
SIM2
SIM3
SIM4
1
21
22
SIM5
SIM1
SIM2
SIM3
SIM4
1
21
22
SIM5
SIM1
SIM2
SIM3
SIM4
1
21
22
SIM5
SIM1
SIM2
SIM3
SIM4
1
21
22
SIM5
SIM1
SIM2
SIM3
SIM4
1
21
22
SIM5
SIM1
SIM2
SIM3
SIM4
1
21
22
SIM5
SIM1
SIM2
SIM3
SIM4
1
21
22
SIM5
SIM1
SIM2
SIM3
SIM4
1
21
22
SIM5
SIM1
SIM2
SIM3
SIM4
1
21
22
SIM5
SIM1
SIM2
SIM3
SIM4
1
21
22
SIM5
SIM1
SIM2
SIM3
SIM4
1
21
22
SIM5
SIM1
SIM2
DEBUG 1 839
SIM1
SIM2
SIM3
SIM4
1
21
22
SIM5
SIM1
SIM2
SIM3
SIM4
1
21
22
SIM5
SIM1
SIM2
SIM3
SIM4
1
21
22
SIM5
SIM1
SIM2
SIM3
SIM4
1
21
22
SIM5
SIM1
SIM2
SIM3
SIM4
1
21
22
SIM5
SIM1
SIM2
SIM3
SIM4
1
21
22
SIM5
SIM1
SIM2
SIM3
SIM4
1
21
22
SIM5
SIM1
SIM2
SIM3
SIM4
1
21
22
SIM5
SIM1
SIM2
SIM3
SIM4
1
21
22
SIM5
SIM1
SIM2
SIM3
SIM4
1
21
22
SIM5
SIM1
SIM2
SIM3
SIM4
1
21
22
SIM5
SIM1
SIM2
SIM3
SIM4
1
21
22
SIM5
SIM1
SIM2
SIM3
SIM4
1
21
22
SIM5
SIM1
SIM2
SIM3
SIM4
1
21
22
SIM5
SIM1
SIM2
SIM3
SIM4
1
21
22
SIM5
SIM1
SIM2
SIM3
SIM4
1
21
22
SIM5
SIM1
SIM2
SIM3
SIM4
1
21
22
SIM5
SIM1
SIM2
SIM3
SIM4
1
21
22
SIM5
SIM1
SIM2
SIM3
SIM4
1
21
22
SIM5
SIM1
SIM2
SIM3
SIM4
1
21
22
SIM5
SIM1
SIM2
SIM3
SIM4
1
21
22
SIM5
SIM1
SIM2
SIM3
SIM4
1
21
22
SIM5
SIM1
SIM2
SIM3
SIM4
1
21
22
SIM5
SIM1
SIM2
SIM3
SIM4
1
21
22
SIM5
SIM1
SIM2
SIM3
SIM4
1
21
22
SIM5
SIM1
SIM2
SIM3
SIM4
1
21
22
SIM5
SIM1
SIM2
SIM3
SIM4
1
21
22
SIM5
SIM1
SIM2
SIM3
SIM4
1
21
22
SIM5
SIM1
SIM2
SIM3
SIM4
1
21
22
SIM5
SIM1
SIM2
SIM3
SIM4
1
21
22
SIM5
SIM1
SIM2
SIM3
SIM4
1
21
22
SIM5
SIM1
SIM2
SIM3
SIM4
1
21
22
SIM5
SIM1
SIM2
SIM3
SIM4
1
21
22
SIM5
SIM1
SIM2
SIM3
SIM4
1
21
22
SIM5
SIM1
SIM2
SIM3
SIM4
1
21
22
SIM5
SIM1
SIM2
SIM3
SIM4
1
21
22
SIM5
SIM1
SIM2
SIM3
SIM4
1
21
22
SIM5
SIM1
SIM2
SIM3
SIM4
1
21
22
SIM5
SIM1
SIM2
SIM3
SIM4
1
21
22
SIM5
SIM1
SIM2
SIM3
SIM4
1
21
22
SIM5
SIM1
SIM2
SIM3
SIM4
1
21
22
SIM5
SIM1
SIM2
SIM3
SIM4
1
21
22
SIM5
SIM1
SIM2
SIM3
SIM4
1
21
22
SIM5
SIM1
SIM2
SIM3
SIM4
1
21
22
SIM5
SIM1
SIM2
SIM3
SIM4
1
21
22
SIM5
SIM1
SIM2
SIM3
SIM4
1
21
22
SIM5
SIM1
SIM2
SIM3
SIM4
1
21
22
SIM5
SIM1
SIM2
SIM3
SIM4
1
21
22
SIM5
SIM1
SIM2
SIM3
SIM4
1
21
22
SIM5
SIM1
SIM2
SIM3
SIM4
1
21
22
SIM5
SIM1
SIM2
SIM3
SIM4
1
21
22
SIM5
SIM1
SIM2
SIM3
SIM4
1
21
22
SIM5
SIM1
SIM2
SIM3
SIM4
1
21
22
SIM5
SIM1
SIM2
SIM3
SIM4
1
21
22
SIM5
SIM1
SIM2
SIM3
SIM4
1
21
22
SIM5
SIM1
SIM2
SIM3
SIM4
1
21
22
SIM5
SIM1
SIM2
SIM3
SIM4
1
21
22
SIM5
SIM1
SIM2
SIM3
SIM4
1
21
22
SIM5
SIM1
SIM2
SIM3
SIM4
1
21
22
SIM5
SIM1
SIM2
SIM3
SIM4
1
21
22
SIM5
SIM1
SIM2
SIM3
SIM4
1
21
22
SIM5
SIM1
SIM2
SIM3
SIM4
1
21
22
SIM5
SIM1
SIM2
SIM3
SIM4
1
21
22
SIM5
SIM1
SIM2
SIM3
SIM4
1
21
22
SIM5
SIM1
SIM2
SIM3
SIM4
1
21
22
SIM5
SIM1
SIM2
SIM3
SIM4
1
21
22
SIM5
SIM1
SIM2
SIM3
SIM4
1
21
22
SIM5
SIM1
SIM2
SIM3
SIM4
1
21
22
SIM5
SIM1
SIM2
SIM3
SIM4
1
21
22
SIM5
SIM1
SIM2
SIM3
SIM4
1
21
22
SIM5
SIM1
SIM2
SIM3
SIM4
1
21
22
SIM5
SIM1
SIM2
SIM3
SIM4
1
21
22
SIM5
SIM1
SIM2
SIM3
SIM4
1
21
22
SIM5
SIM1
SIM2
SIM3
SIM4
1
21
22
SIM5
SIM1
SIM2
SIM3
SIM4
1
21
22
SIM5
SIM1
SIM2
SIM3
SIM4
1
21
22
SIM5
SIM1
SIM2
SIM3
SIM4
1
21
22
SIM5
SIM1
SIM2
SIM3
SIM4
1
21
22
SIM5
SIM1
SIM2
SIM3
SIM4
1
21
22
SIM5
SIM1
SIM2
SIM3
SIM4
1
21
22
SIM5
SIM1
SIM2
SIM3
SIM4
1
21
22
SIM5
SIM1
SIM2
SIM3
SIM4
1
21
22
SIM5
SIM1
SIM2
SIM3
SIM4
1
21
22
SIM5
SIM1
SIM2
SIM3
SIM4
1
21
22
SIM5
SIM1
SIM2
SIM3
SIM4
1
21
22
SIM5
SIM1
SIM2
SIM3
SIM4
1
21
22
SIM5
SIM1
SIM2
SIM3
SIM4
1
21
22
SIM5
SIM1
SIM2
SIM3
SIM4
1
21
22
SIM5
SIM1
SIM2
SIM3
SIM4
1
21
22
SIM5
SIM1
SIM2
SIM3
SIM4
1
21
22
SIM5
SIM1
SIM2
SIM3
SIM4
1
21
22
SIM5
SIM1
SIM2
SIM3
SIM4
1
21
22
SIM5
SIM1
SIM2
SIM3
SIM4
1
21
22
SIM5
SIM1
SIM2
SIM3
SIM4
1
21
22
SIM5
SIM1
SIM2
SIM3
SIM4
1
21
22
SIM5
SIM1
SIM2
SIM3
SIM4
1
21
22
SIM5
SIM1
SIM2
SIM3
SIM4
1
21
22
SIM5
SIM1
SIM2
SIM3
SIM4
1
21
22
SIM5
SIM1
SIM2
SIM3
SIM4
1
21
22
SIM5
SIM1
SIM2
SIM3
SIM4
1
21
22
SIM5
SIM1
SIM2
SIM3
SIM4
1
21
22
SIM5
SIM1
SIM2
SIM3
SIM4
1
21
22
SIM5
SIM1
SIM2
SIM3
SIM4
1
21
22
SIM5
SIM1
SIM2
SIM3
SIM4
1
21
22
SIM5
SIM1
SIM2
SIM3
SIM4
1
21
22
SIM5
SIM1
SIM2
SIM3
SIM4
1
21
22
SIM5
SIM1
SIM2
SIM3
SIM4
1
21
22
SIM5
SIM1
SIM2
SIM3
SIM4
1
21
22
SIM5
SIM1
SIM2
SIM3
SIM4
1
21
22
SIM5
SIM1
SIM2
SIM3
SIM4
1
21
22
SIM5
SIM1
SIM2
SIM3
SIM4
1
21
22
SIM5
SIM1
SIM2
SIM3
SIM4
1
21
22
SIM5
SIM1
SIM2
SIM3
SIM4
1
21
22
SIM5
SIM1
SIM2
SIM3
SIM4
1
21
22
SIM5
SIM1
SIM2
SIM3
SIM4
1
21
22
SIM5
SIM1
SIM2
SIM3
SIM4
1
21
22
SIM5
SIM1
SIM2
SIM3
SIM4
1
21
22
SIM5
SIM1
SIM2
SIM3
SIM4
1
21
22
SIM5
SIM1
SIM2
SIM3
SIM4
1
21
22
SIM5
SIM1
SIM2
DEBUG 1 840
SIM1
SIM2
SIM3
SIM4
1
21
22
SIM5
SIM1
SIM2
SIM3
SIM4
1
21
22
SIM5
SIM1
SIM2
SIM3
SIM4
1
21
22
SIM5
SIM1
SIM2
SIM3
SIM4
1
21
22
SIM5
SIM1
SIM2
SIM3
SIM4
1
21
22
SIM5
SIM1
SIM2
SIM3
SIM4
1
21
22
SIM5
SIM1
SIM2
SIM3
SIM4
1
21
22
SIM5
SIM1
SIM2
SIM3
SIM4
1
21
22
SIM5
SIM1
SIM2
SIM3
SIM4
1
21
22
SIM5
SIM1
SIM2
SIM3
SIM4
1
21
22
SIM5
SIM1
SIM2
SIM3
SIM4
1
21
22
SIM5
SIM1
SIM2
SIM3
SIM4
1
21
22
SIM5
SIM1
SIM2
SIM3
SIM4
1
21
22
SIM5
SIM1
SIM2
SIM3
SIM4
1
21
22
SIM5
SIM1
SIM2
SIM3
SIM4
1
21
22
SIM5
SIM1
SIM2
SIM3
SIM4
1
21
22
SIM5
SIM1
SIM2
SIM3
SIM4
1
21
22
SIM5
SIM1
SIM2
SIM3
SIM4
1
21
22
SIM5
SIM1
SIM2
SIM3
SIM4
1
21
22
SIM5
SIM1
SIM2
SIM3
SIM4
1
21
22
SIM5
SIM1
SIM2
SIM3
SIM4
1
21
22
SIM5
SIM1
SIM2
SIM3
SIM4
1
21
22
SIM5
SIM1
SIM2
SIM3
SIM4
1
21
22
SIM5
SIM1
SIM2
SIM3
SIM4
1
21
22
SIM5
SIM1
SIM2
SIM3
SIM4
1
21
22
SIM5
SIM1
SIM2
SIM3
SIM4
1
21
22
SIM5
SIM1
SIM2
SIM3
SIM4
1
21
22
SIM5
SIM1
SIM2
SIM3
SIM4
1
21
22
SIM5
SIM1
SIM2
SIM3
SIM4
1
21
22
SIM5
SIM1
SIM2
SIM3
SIM4
1
21
22
SIM5
SIM1
SIM2
SIM3
SIM4
1
21
22
SIM5
SIM1
SIM2
SIM3
SIM4
1
21
22
SIM5
SIM1
SIM2
SIM3
SIM4
1
21
22
SIM5
SIM1
SIM2
SIM3
SIM4
1
21
22
SIM5
SIM1
SIM2
SIM3
SIM4
1
21
22
SIM5
SIM1
SIM2
SIM3
SIM4
1
21
22
SIM5
SIM1
SIM2
SIM3
SIM4
1
21
22
SIM5
SIM1
SIM2
SIM3
SIM4
1
21
22
SIM5
SIM1
SIM2
SIM3
SIM4
1
21
22
SIM5
SIM1
SIM2
SIM3
SIM4
1
21
22
SIM5
SIM1
SIM2
SIM3
SIM4
1
21
22
SIM5
SIM1
SIM2
SIM3
SIM4
1
21
22
SIM5
SIM1
SIM2
SIM3
SIM4
1
21
22
SIM5
SIM1
SIM2
SIM3
SIM4
1
21
22
SIM5
SIM1
SIM2
SIM3
SIM4
1
21
22
SIM5
SIM1
SIM2
SIM3
SIM4
1
21
22
SIM5
SIM1
SIM2
SIM3
SIM4
1
21
22
SIM5
SIM1
SIM2
SIM3
SIM4
1
21
22
SIM5
SIM1
SIM2
SIM3
SIM4
1
21
22
SIM5
SIM1
SIM2
SIM3
SIM4
1
21
22
SIM5
SIM1
SIM2
SIM3
SIM4
1
21
22
SIM5
SIM1
SIM2
SIM3
SIM4
1
21
22
SIM5
SIM1
SIM2
SIM3
SIM4
1
21
22
SIM5
SIM1
SIM2
SIM3
SIM4
1
21
22
SIM5
SIM1
SIM2
SIM3
SIM4
1
21
22
SIM5
SIM1
SIM2
SIM3
SIM4
1
21
22
SIM5
SIM1
SIM2
SIM3
SIM4
1
21
22
SIM5
SIM1
SIM2
SIM3
SIM4
1
21
22
SIM5
SIM1
SIM2
SIM3
SIM4
1
21
22
SIM5
SIM1
SIM2
SIM3
SIM4
1
21
22
SIM5
SIM1
SIM2
SIM3
SIM4
1
21
22
SIM5
SIM1
SIM2
SIM3
SIM4
1
21
22
SIM5
SIM1
SIM2
SIM3
SIM4
1
21
22
SIM5
SIM1
SIM2
SIM3
SIM4
1
21
22
SIM5
SIM1
SIM2
SIM3
SIM4
1
21
22
SIM5
SIM1
SIM2
SIM3
SIM4
1
21
22
SIM5
SIM1
SIM2
SIM3
SIM4
1
21
22
SIM5
SIM1
SIM2
SIM3
SIM4
1
21
22
SIM5
SIM1
SIM2
SIM3
SIM4
1
21
22
SIM5
SIM1
SIM2
SIM3
SIM4
1
21
22
SIM5
SIM1
SIM2
SIM3
SIM4
1
21
22
SIM5
SIM1
SIM2
SIM3
SIM4
1
21
22
SIM5
SIM1
SIM2
SIM3
SIM4
1
21
22
SIM5
SIM1
SIM2
SIM3
SIM4
1
21
22
SIM5
SIM1
SIM2
SIM3
SIM4
1
21
22
SIM5
SIM1
SIM2
SIM3
SIM4
1
21
22
SIM5
SIM1
SIM2
SIM3
SIM4
1
21
22
SIM5
SIM1
SIM2
SIM3
SIM4
1
21
22
SIM5
SIM1
SIM2
SIM3
SIM4
1
21
22
SIM5
SIM1
SIM2
SIM3
SIM4
1
21
22
SIM5
SIM1
SIM2
SIM3
SIM4
1
21
22
SIM5
SIM1
SIM2
SIM3
SIM4
1
21
22
SIM5
SIM1
SIM2
SIM3
SIM4
1
21
22
SIM5
SIM1
SIM2
SIM3
SIM4
1
21
22
SIM5
SIM1
SIM2
SIM3
SIM4
1
21
22
SIM5
SIM1
SIM2
SIM3
SIM4
1
21
22
SIM5
SIM1
SIM2
SIM3
SIM4
1
21
22
SIM5
SIM1
SIM2
SIM3
SIM4
1
21
22
SIM5
SIM1
SIM2
SIM3
SIM4
1
21
22
SIM5
SIM1
SIM2
SIM3
SIM4
1
21
22
SIM5
SIM1
SIM2
SIM3
SIM4
1
21
22
SIM5
SIM1
SIM2
SIM3
SIM4
1
21
22
SIM5
SIM1
SIM2
SIM3
SIM4
1
21
22
SIM5
SIM1
SIM2
SIM3
SIM4
1
21
22
SIM5
SIM1
SIM2
SIM3
SIM4
1
21
22
SIM5
SIM1
SIM2
SIM3
SIM4
1
21
22
SIM5
SIM1
SIM2
SIM3
SIM4
1
21
22
SIM5
SIM1
SIM2
SIM3
SIM4
1
21
22
SIM5
SIM1
SIM2
SIM3
SIM4
1
21
22
SIM5
SIM1
SIM2
SIM3
SIM4
1
21
22
SIM5
SIM1
SIM2
SIM3
SIM4
1
21
22
SIM5
SIM1
SIM2
SIM3
SIM4
1
21
22
SIM5
SIM1
SIM2
SIM3
SIM4
1
21
22
SIM5
SIM1
SIM2
SIM3
SIM4
1
21
22
SIM5
SIM1
SIM2
SIM3
SIM4
1
21
22
SIM5
SIM1
SIM2
SIM3
SIM4
1
21
22
SIM5
SIM1
SIM2
SIM3
SIM4
1
21
22
SIM5
SIM1
SIM2
SIM3
SIM4
1
21
22
SIM5
SIM1
SIM2
SIM3
SIM4
1
21
22
SIM5
SIM1
SIM2
SIM3
SIM4
1
21
22
SIM5
SIM1
SIM2
SIM3
SIM4
1
21
22
SIM5
SIM1
SIM2
SIM3
SIM4
1
21
22
SIM5
SIM1
SIM2
DEBUG 1 841
SIM1
SIM2
SIM3
SIM4
1
21
22
SIM5
SIM1
SIM2
SIM3
SIM4
1
21
22
SIM5
SIM1
SIM2
SIM3
SIM4
1
21
22
SIM5
SIM1
SIM2
SIM3
SIM4
1
21
22
SIM5
SIM1
SIM2
SIM3
SIM4
1
21
22
SIM5
SIM1
SIM2
SIM3
SIM4
1
21
22
SIM5
SIM1
SIM2
SIM3
SIM4
1
21
22
SIM5
SIM1
SIM2
SIM3
SIM4
1
21
22
SIM5
SIM1
SIM2
SIM3
SIM4
1
21
22
SIM5
SIM1
SIM2
SIM3
SIM4
1
21
22
SIM5
SIM1
SIM2
SIM3
SIM4
1
21
22
SIM5
SIM1
SIM2
SIM3
SIM4
1
21
22
SIM5
SIM1
SIM2
SIM3
SIM4
1
21
22
SIM5
SIM1
SIM2
SIM3
SIM4
1
21
22
SIM5
SIM1
SIM2
SIM3
SIM4
1
21
22
SIM5
SIM1
SIM2
SIM3
SIM4
1
21
22
SIM5
SIM1
SIM2
SIM3
SIM4
1
21
22
SIM5
SIM1
SIM2
SIM3
SIM4
1
21
22
SIM5
SIM1
SIM2
SIM3
SIM4
1
21
22
SIM5
SIM1
SIM2
SIM3
SIM4
1
21
22
SIM5
SIM1
SIM2
SIM3
SIM4
1
21
22
SIM5
SIM1
SIM2
SIM3
SIM4
1
21
22
SIM5
SIM1
SIM2
SIM3
SIM4
1
21
22
SIM5
SIM1
SIM2
SIM3
SIM4
1
21
22
SIM5
SIM1
SIM2
SIM3
SIM4
1
21
22
SIM5
SIM1
SIM2
SIM3
SIM4
1
21
22
SIM5
SIM1
SIM2
SIM3
SIM4
1
21
22
SIM5
SIM1
SIM2
SIM3
SIM4
1
21
22
SIM5
SIM1
SIM2
SIM3
SIM4
1
21
22
SIM5
SIM1
SIM2
SIM3
SIM4
1
21
22
SIM5
SIM1
SIM2
SIM3
SIM4
1
21
22
SIM5
SIM1
SIM2
SIM3
SIM4
1
21
22
SIM5
SIM1
SIM2
SIM3
SIM4
1
21
22
SIM5
SIM1
SIM2
SIM3
SIM4
1
21
22
SIM5
SIM1
SIM2
SIM3
SIM4
1
21
22
SIM5
SIM1
SIM2
SIM3
SIM4
1
21
22
SIM5
SIM1
SIM2
SIM3
SIM4
1
21
22
SIM5
SIM1
SIM2
SIM3
SIM4
1
21
22
SIM5
SIM1
SIM2
SIM3
SIM4
1
21
22
SIM5
SIM1
SIM2
SIM3
SIM4
1
21
22
SIM5
SIM1
SIM2
SIM3
SIM4
1
21
22
SIM5
SIM1
SIM2
SIM3
SIM4
1
21
22
SIM5
SIM1
SIM2
SIM3
SIM4
1
21
22
SIM5
SIM1
SIM2
SIM3
SIM4
1
21
22
SIM5
SIM1
SIM2
SIM3
SIM4
1
21
22
SIM5
SIM1
SIM2
SIM3
SIM4
1
21
22
SIM5
SIM1
SIM2
SIM3
SIM4
1
21
22
SIM5
SIM1
SIM2
SIM3
SIM4
1
21
22
SIM5
SIM1
SIM2
SIM3
SIM4
1
21
22
SIM5
SIM1
SIM2
SIM3
SIM4
1
21
22
SIM5
SIM1
SIM2
SIM3
SIM4
1
21
22
SIM5
SIM1
SIM2
SIM3
SIM4
1
21
22
SIM5
SIM1
SIM2
SIM3
SIM4
1
21
22
SIM5
SIM1
SIM2
SIM3
SIM4
1
21
22
SIM5
SIM1
SIM2
SIM3
SIM4
1
21
22
SIM5
SIM1
SIM2
SIM3
SIM4
1
21
22
SIM5
SIM1
SIM2
SIM3
SIM4
1
21
22
SIM5
SIM1
SIM2
SIM3
SIM4
1
21
22
SIM5
SIM1
SIM2
SIM3
SIM4
1
21
22
SIM5
SIM1
SIM2
SIM3
SIM4
1
21
22
SIM5
SIM1
SIM2
SIM3
SIM4
1
21
22
SIM5
SIM1
SIM2
SIM3
SIM4
1
21
22
SIM5
SIM1
SIM2
SIM3
SIM4
1
21
22
SIM5
SIM1
SIM2
SIM3
SIM4
1
21
22
SIM5
SIM1
SIM2
SIM3
SIM4
1
21
22
SIM5
SIM1
SIM2
SIM3
SIM4
1
21
22
SIM5
SIM1
SIM2
SIM3
SIM4
1
21
22
SIM5
SIM1
SIM2
SIM3
SIM4
1
21
22
SIM5
SIM1
SIM2
SIM3
SIM4
1
21
22
SIM5
SIM1
SIM2
SIM3
SIM4
1
21
22
SIM5
SIM1
SIM2
SIM3
SIM4
1
21
22
SIM5
SIM1
SIM2
SIM3
SIM4
1
21
22
SIM5
SIM1
SIM2
SIM3
SIM4
1
21
22
SIM5
SIM1
SIM2
SIM3
SIM4
1
21
22
SIM5
SIM1
SIM2
SIM3
SIM4
1
21
22
SIM5
SIM1
SIM2
SIM3
SIM4
1
21
22
SIM5
SIM1
SIM2
SIM3
SIM4
1
21
22
SIM5
SIM1
SIM2
SIM3
SIM4
1
21
22
SIM5
SIM1
SIM2
SIM3
SIM4
1
21
22
SIM5
SIM1
SIM2
SIM3
SIM4
1
21
22
SIM5
SIM1
SIM2
SIM3
SIM4
1
21
22
SIM5
SIM1
SIM2
SIM3
SIM4
1
21
22
SIM5
SIM1
SIM2
SIM3
SIM4
1
21
22
SIM5
SIM1
SIM2
SIM3
SIM4
1
21
22
SIM5
SIM1
SIM2
SIM3
SIM4
1
21
22
SIM5
SIM1
SIM2
SIM3
SIM4
1
21
22
SIM5
SIM1
SIM2
SIM3
SIM4
1
21
22
SIM5
SIM1
SIM2
SIM3
SIM4
1
21
22
SIM5
SIM1
SIM2
SIM3
SIM4
1
21
22
SIM5
SIM1
SIM2
SIM3
SIM4
1
21
22
SIM5
SIM1
SIM2
SIM3
SIM4
1
21
22
SIM5
SIM1
SIM2
SIM3
SIM4
1
21
22
SIM5
SIM1
SIM2
SIM3
SIM4
1
21
22
SIM5
SIM1
SIM2
SIM3
SIM4
1
21
22
SIM5
SIM1
SIM2
SIM3
SIM4
1
21
22
SIM5
SIM1
SIM2
SIM3
SIM4
1
21
22
SIM5
SIM1
SIM2
SIM3
SIM4
1
21
22
SIM5
SIM1
SIM2
SIM3
SIM4
1
21
22
SIM5
SIM1
SIM2
SIM3
SIM4
1
21
22
SIM5
SIM1
SIM2
SIM3
SIM4
1
21
22
SIM5
SIM1
SIM2
SIM3
SIM4
1
21
22
SIM5
SIM1
SIM2
SIM3
SIM4
1
21
22
SIM5
SIM1
SIM2
SIM3
SIM4
1
21
22
SIM5
SIM1
SIM2
SIM3
SIM4
1
21
22
SIM5
SIM1
SIM2
SIM3
SIM4
1
21
22
SIM5
SIM1
SIM2
SIM3
SIM4
1
21
22
SIM5
SIM1
SIM2
SIM3
SIM4
1
21
22
SIM5
SIM1
SIM2
SIM3
SIM4
1
21
22
SIM5
SIM1
SIM2
SIM3
SIM4
1
21
22
SIM5
SIM1
SIM2
SIM3
SIM4
1
21
22
SIM5
SIM1
SIM2
SIM3
SIM4
1
21
22
SIM5
SIM1
SIM2
SIM3
SIM4
1
21
22
SIM5
SIM1
SIM2
SIM3
SIM4
1
21
22
SIM5
SIM1
SIM2
SIM3
SIM4
1
21
22
SIM5
SIM1
SIM2
SIM3
SIM4
1
21
22
SIM5
SIM1
SIM2
SIM3
SIM4
1
21
22
SIM5
SIM1
SIM2
SIM3
SIM4
1
21
22
SIM5
SIM1
SIM2
SIM3
SIM4
1
21
22
SIM5
SIM1
SIM2
SIM3
SIM4
1
21
22
SIM5
SIM1
SIM2
SIM3
SIM4
1
21
22
SIM5
SIM1
SIM2
SIM3
SIM4
1
21
22
SIM5
SIM1
SIM2
SIM3
SIM4
1
21
22
SIM5
SIM1
SIM2
SIM3
SIM4
1
21
22
SIM5
SIM1
SIM2
SIM3
SIM4
1
21
22
SIM5
SIM1
SIM2
SIM3
SIM4
1
21
22
SIM5
SIM1
SIM2
SIM3
SIM4
1
21
22
SIM5
SIM1
SIM2
SIM3
SIM4
1
21
22
SIM5
SIM1
SIM2
SIM3
SIM4
1
21
22
SIM5
SIM1
SIM2
SIM3
SIM4
1
21
22
SIM5
SIM1
SIM2
SIM3
SIM4
1
21
22
SIM5
SIM1
SIM2
SIM3
SIM4
1
21
22
SIM5
SIM1
SIM2
SIM3
SIM4
1
21
22
SIM5
SIM1
SIM2
SIM3
SIM4
1
21
22
SIM5
SIM1
SIM2
SIM3
SIM4
1
21
22
SIM5
SIM1
SIM2
SIM3
SIM4
1
21
22
SIM5
SIM1
SIM2
SIM3
SIM4
1
21
22
SIM5
SIM1
SIM2
SIM3
SIM4
1
21
22
SIM5
SIM1
SIM2
SIM3
SIM4
1
21
22
SIM5
SIM1
SIM2
SIM3
SIM4
1
21
22
SIM5
SIM1
SIM2
SIM3
SIM4
1
21
22
SIM5
SIM1
SIM2
SIM3
SIM4
1
21
22
SIM5
SIM1
SIM2
SIM3
SIM4
1
21
22
SIM5
SIM1
SIM2
SIM3
SIM4
1
21
22
SIM5
SIM1
SIM2
SIM3
SIM4
1
21
22
SIM5
SIM1
SIM2
SIM3
SIM4
1
21
22
SIM5
SIM1
SIM2
SIM3
SIM4
1
21
22
SIM5
SIM1
SIM2
SIM3
SIM4
1
21
22
SIM5
SIM1
SIM2
SIM3
SIM4
1
21
22
SIM5
SIM1
SIM2
SIM3
SIM4
1
21
22
SIM5
SIM1
SIM2
SIM3
SIM4
1
21
22
SIM5
SIM1
SIM2
SIM3
SIM4
1
21
22
SIM5
SIM1
SIM2
SIM3
SIM4
1
21
22
SIM5
SIM1
SIM2
SIM3
SIM4
1
21
22
SIM5
SIM1
SIM2
SIM3
SIM4
1
21
22
SIM5
SIM1
SIM2
SIM3
SIM4
1
21
22
SIM5
SIM1
SIM2
SIM3
SIM4
1
21
22
SIM5
SIM1
SIM2
SIM3
SIM4
1
21
22
SIM5
SIM1
SIM2
SIM3
SIM4
1
21
22
SIM5
SIM1
SIM2
SIM3
SIM4
1
21
22
SIM5
SIM1
SIM2
SIM3
SIM4
1
21
22
SIM5
SIM1
SIM2
SIM3
SIM4
1
21
22
SIM5
SIM1
SIM2
SIM3
SIM4
1
21
22
SIM5
SIM1
SIM2
SIM3
SIM4
1
21
22
SIM5
SIM1
SIM2
SIM3
SIM4
1
21
22
SIM5
SIM1
SIM2
SIM3
SIM4
1
21
22
SIM5
SIM1
SIM2
SIM3
SIM4
1
21
22
SIM5
SIM1
SIM2
SIM3
SIM4
1
21
22
SIM5
SIM1
SIM2
SIM3
SIM4
1
21
22
SIM5
SIM1
SIM2
SIM3
SIM4
1
21
22
SIM5
SIM1
SIM2
SIM3
SIM4
1
21
22
SIM5
SIM1
SIM2
SIM3
SIM4
1
21
22
SIM5
SIM1
SIM2
SIM3
SIM4
1
21
22
SIM5
SIM1
SIM2
SIM3
SIM4
1
21
22
SIM5
SIM1
SIM2
SIM3
SIM4
1
21
22
SIM5
SIM1
SIM2
SIM3
SIM4
1
21
22
SIM5
SIM1
SIM2
SIM3
SIM4
1
21
22
SIM5
SIM1
SIM2
SIM3
SIM4
1
21
22
SIM5
SIM1
SIM2
SIM3
SIM4
1
21
22
SIM5
SIM1
SIM2
SIM3
SIM4
1
21
22
SIM5
SIM1
SIM2
SIM3
SIM4
1
21
22
SIM5
SIM1
SIM2
SIM3
SIM4
1
21
22
SIM5
SIM1
SIM2
SIM3
SIM4
1
21
22
SIM5
SIM1
SIM2
SIM3
SIM4
1
21
22
SIM5
SIM1
SIM2
SIM3
SIM4
1
21
22
SIM5
SIM1
SIM2
SIM3
SIM4
1
21
22
SIM5
SIM1
SIM2
SIM3
SIM4
1
21
22
SIM5
SIM1
SIM2
SIM3
SIM4
1
21
22
SIM5
SIM1
SIM2
SIM3
SIM4
1
21
22
SIM5
SIM1
SIM2
SIM3
SIM4
1
21
22
SIM5
SIM1
SIM2
SIM3
SIM4
1
21
22
SIM5
SIM1
SIM2
SIM3
SIM4
1
21
22
SIM5
SIM1
SIM2
SIM3
SIM4
1
21
22
SIM5
SIM1
SIM2
SIM3
SIM4
1
21
22
SIM5
SIM1
SIM2
SIM3
SIM4
1
21
22
SIM5
SIM1
SIM2
SIM3
SIM4
1
21
22
SIM5
SIM1
SIM2
SIM3
SIM4
1
21
22
SIM5
SIM1
SIM2
SIM3
SIM4
1
21
22
SIM5
SIM1
SIM2
SIM3
SIM4
1
21
22
SIM5
SIM1
SIM2
SIM3
SIM4
1
21
22
SIM5
SIM1
SIM2
SIM3
SIM4
1
21
22
SIM5
SIM1
SIM2
SIM3
SIM4
1
21
22
SIM5
SIM1
SIM2
SIM3
SIM4
1
21
22
SIM5
SIM1
SIM2
SIM3
SIM4
1
21
22
SIM5
SIM1
SIM2
SIM3
SIM4
1
21
22
SIM5
SIM1
SIM2
SIM3
SIM4
1
21
22
SIM5
SIM1
SIM2
SIM3
SIM4
1
21
22
SIM5
SIM1
SIM2
SIM3
SIM4
1
21
22
SIM5
SIM1
SIM2
SIM3
SIM4
1
21
22
SIM5
SIM1
SIM2
SIM3
SIM4
1
21
22
SIM5
SIM1
SIM2
SIM3
SIM4
1
21
22
SIM5
SIM1
SIM2
SIM3
SIM4
1
21
22
SIM5
SIM1
SIM2
SIM3
SIM4
1
21
22
SIM5
SIM1
SIM2
SIM3
SIM4
1
21
22
SIM5
SIM1
SIM2
SIM3
SIM4
1
21
22
SIM5
SIM1
SIM2
SIM3
SIM4
1
21
22
SIM5
SIM1
SIM2
SIM3
SIM4
1
21
22
SIM5
SIM1
SIM2
SIM3
SIM4
1
21
22
SIM5
SIM1
SIM2
SIM3
SIM4
1
21
22
SIM5
SIM1
SIM2
SIM3
SIM4
1
21
22
SIM5
SIM1
SIM2
DEBUG 1 842
SIM1
SIM2
SIM3
SIM4
1
21
22
SIM5
SIM1
SIM2
SIM3
SIM4
1
21
22
SIM5
SIM1
SIM2
SIM3
SIM4
1
21
22
SIM5
SIM1
SIM2
SIM3
SIM4
1
21
22
SIM5
SIM1
SIM2
SIM3
SIM4
1
21
22
SIM5
SIM1
SIM2
SIM3
SIM4
1
21
22
SIM5
SIM1
SIM2
SIM3
SIM4
1
21
22
SIM5
SIM1
SIM2
SIM3
SIM4
1
21
22
SIM5
SIM1
SIM2
SIM3
SIM4
1
21
22
SIM5
SIM1
SIM2
SIM3
SIM4
1
21
22
SIM5
SIM1
SIM2
SIM3
SIM4
1
21
22
SIM5
SIM1
SIM2
SIM3
SIM4
1
21
22
SIM5
SIM1
SIM2
SIM3
SIM4
1
21
22
SIM5
SIM1
SIM2
SIM3
SIM4
1
21
22
SIM5
SIM1
SIM2
SIM3
SIM4
1
21
22
SIM5
SIM1
SIM2
SIM3
SIM4
1
21
22
SIM5
SIM1
SIM2
SIM3
SIM4
1
21
22
SIM5
SIM1
SIM2
SIM3
SIM4
1
21
22
SIM5
SIM1
SIM2
SIM3
SIM4
1
21
22
SIM5
SIM1
SIM2
SIM3
SIM4
1
21
22
SIM5
SIM1
SIM2
SIM3
SIM4
1
21
22
SIM5
SIM1
SIM2
SIM3
SIM4
1
21
22
SIM5
SIM1
SIM2
SIM3
SIM4
1
21
22
SIM5
SIM1
SIM2
SIM3
SIM4
1
21
22
SIM5
SIM1
SIM2
SIM3
SIM4
1
21
22
SIM5
SIM1
SIM2
SIM3
SIM4
1
21
22
SIM5
SIM1
SIM2
SIM3
SIM4
1
21
22
SIM5
SIM1
SIM2
SIM3
SIM4
1
21
22
SIM5
SIM1
SIM2
SIM3
SIM4
1
21
22
SIM5
SIM1
SIM2
SIM3
SIM4
1
21
22
SIM5
SIM1
SIM2
SIM3
SIM4
1
21
22
SIM5
SIM1
SIM2
SIM3
SIM4
1
21
22
SIM5
SIM1
SIM2
SIM3
SIM4
1
21
22
SIM5
SIM1
SIM2
SIM3
SIM4
1
21
22
SIM5
SIM1
SIM2
SIM3
SIM4
1
21
22
SIM5
SIM1
SIM2
SIM3
SIM4
1
21
22
SIM5
SIM1
SIM2
SIM3
SIM4
1
21
22
SIM5
SIM1
SIM2
SIM3
SIM4
1
21
22
SIM5
SIM1
SIM2
SIM3
SIM4
1
21
22
SIM5
SIM1
SIM2
SIM3
SIM4
1
21
22
SIM5
SIM1
SIM2
SIM3
SIM4
1
21
22
SIM5
SIM1
SIM2
SIM3
SIM4
1
21
22
SIM5
SIM1
SIM2
SIM3
SIM4
1
21
22
SIM5
SIM1
SIM2
SIM3
SIM4
1
21
22
SIM5
SIM1
SIM2
SIM3
SIM4
1
21
22
SIM5
SIM1
SIM2
SIM3
SIM4
1
21
22
SIM5
SIM1
SIM2
SIM3
SIM4
1
21
22
SIM5
SIM1
SIM2
SIM3
SIM4
1
21
22
SIM5
SIM1
SIM2
SIM3
SIM4
1
21
22
SIM5
SIM1
SIM2
SIM3
SIM4
1
21
22
SIM5
SIM1
SIM2
SIM3
SIM4
1
21
22
SIM5
SIM1
SIM2
SIM3
SIM4
1
21
22
SIM5
SIM1
SIM2
SIM3
SIM4
1
21
22
SIM5
SIM1
SIM2
SIM3
SIM4
1
21
22
SIM5
SIM1
SIM2
SIM3
SIM4
1
21
22
SIM5
SIM1
SIM2
SIM3
SIM4
1
21
22
SIM5
SIM1
SIM2
SIM3
SIM4
1
21
22
SIM5
SIM1
SIM2
SIM3
SIM4
1
21
22
SIM5
SIM1
SIM2
SIM3
SIM4
1
21
22
SIM5
SIM1
SIM2
SIM3
SIM4
1
21
22
SIM5
SIM1
SIM2
SIM3
SIM4
1
21
22
SIM5
SIM1
SIM2
SIM3
SIM4
1
21
22
SIM5
SIM1
SIM2
SIM3
SIM4
1
21
22
SIM5
SIM1
SIM2
SIM3
SIM4
1
21
22
SIM5
SIM1
SIM2
SIM3
SIM4
1
21
22
SIM5
SIM1
SIM2
SIM3
SIM4
1
21
22
SIM5
SIM1
SIM2
SIM3
SIM4
1
21
22
SIM5
SIM1
SIM2
SIM3
SIM4
1
21
22
SIM5
SIM1
SIM2
SIM3
SIM4
1
21
22
SIM5
SIM1
SIM2
SIM3
SIM4
1
21
22
SIM5
SIM1
SIM2
SIM3
SIM4
1
21
22
SIM5
SIM1
SIM2
SIM3
SIM4
1
21
22
SIM5
SIM1
SIM2
SIM3
SIM4
1
21
22
SIM5
SIM1
SIM2
SIM3
SIM4
1
21
22
SIM5
SIM1
SIM2
SIM3
SIM4
1
21
22
SIM5
SIM1
SIM2
SIM3
SIM4
1
21
22
SIM5
SIM1
SIM2
SIM3
SIM4
1
21
22
SIM5
SIM1
SIM2
SIM3
SIM4
1
21
22
SIM5
SIM1
SIM2
SIM3
SIM4
1
21
22
SIM5
SIM1
SIM2
SIM3
SIM4
1
21
22
SIM5
SIM1
SIM2
SIM3
SIM4
1
21
22
SIM5
SIM1
SIM2
SIM3
SIM4
1
21
22
SIM5
SIM1
SIM2
SIM3
SIM4
1
21
22
SIM5
SIM1
SIM2
SIM3
SIM4
1
21
22
SIM5
SIM1
SIM2
SIM3
SIM4
1
21
22
SIM5
SIM1
SIM2
SIM3
SIM4
1
21
22
SIM5
SIM1
SIM2
SIM3
SIM4
1
21
22
SIM5
SIM1
SIM2
SIM3
SIM4
1
21
22
SIM5
SIM1
SIM2
SIM3
SIM4
1
21
22
SIM5
SIM1
SIM2
SIM3
SIM4
1
21
22
SIM5
SIM1
SIM2
SIM3
SIM4
1
21
22
SIM5
SIM1
SIM2
SIM3
SIM4
1
21
22
SIM5
SIM1
SIM2
SIM3
SIM4
1
21
22
SIM5
SIM1
SIM2
SIM3
SIM4
1
21
22
SIM5
SIM1
SIM2
SIM3
SIM4
1
21
22
SIM5
SIM1
SIM2
SIM3
SIM4
1
21
22
SIM5
SIM1
SIM2
SIM3
SIM4
1
21
22
SIM5
SIM1
SIM2
SIM3
SIM4
1
21
22
SIM5
SIM1
SIM2
SIM3
SIM4
1
21
22
SIM5
SIM1
SIM2
SIM3
SIM4
1
21
22
SIM5
SIM1
SIM2
SIM3
SIM4
1
21
22
SIM5
SIM1
SIM2
SIM3
SIM4
1
21
22
SIM5
SIM1
SIM2
SIM3
SIM4
1
21
22
SIM5
SIM1
SIM2
SIM3
SIM4
1
21
22
SIM5
SIM1
SIM2
SIM3
SIM4
1
21
22
SIM5
SIM1
SIM2
SIM3
SIM4
1
21
22
SIM5
SIM1
SIM2
SIM3
SIM4
1
21
22
SIM5
SIM1
SIM2
SIM3
SIM4
1
21
22
SIM5
SIM1
SIM2
SIM3
SIM4
1
21
22
SIM5
SIM1
SIM2
SIM3
SIM4
1
21
22
SIM5
SIM1
SIM2
SIM3
SIM4
1
21
22
SIM5
SIM1
SIM2
SIM3
SIM4
1
21
22
SIM5
SIM1
SIM2
SIM3
SIM4
1
21
22
SIM5
SIM1
SIM2
SIM3
SIM4
1
21
22
SIM5
SIM1
SIM2
SIM3
SIM4
1
21
22
SIM5
SIM1
SIM2
SIM3
SIM4
1
21
22
SIM5
SIM1
SIM2
SIM3
SIM4
1
21
22
SIM5
SIM1
SIM2
SIM3
SIM4
1
21
22
SIM5
SIM1
SIM2
SIM3
SIM4
1
21
22
SIM5
SIM1
SIM2
SIM3
SIM4
1
21
22
SIM5
SIM1
SIM2
SIM3
SIM4
1
21
22
SIM5
SIM1
SIM2
SIM3
SIM4
1
21
22
SIM5
SIM1
SIM2
SIM3
SIM4
1
21
22
SIM5
SIM1
SIM2
SIM3
SIM4
1
21
22
SIM5
SIM1
SIM2
SIM3
SIM4
1
21
22
SIM5
SIM1
SIM2
SIM3
SIM4
1
21
22
SIM5
SIM1
SIM2
SIM3
SIM4
1
21
22
SIM5
SIM1
SIM2
SIM3
SIM4
1
21
22
SIM5
SIM1
SIM2
SIM3
SIM4
1
21
22
SIM5
SIM1
SIM2
SIM3
SIM4
1
21
22
SIM5
SIM1
SIM2
SIM3
SIM4
1
21
22
SIM5
SIM1
SIM2
SIM3
SIM4
1
21
22
SIM5
SIM1
SIM2
SIM3
SIM4
1
21
22
SIM5
SIM1
SIM2
SIM3
SIM4
1
21
22
SIM5
SIM1
SIM2
SIM3
SIM4
1
21
22
SIM5
SIM1
SIM2
SIM3
SIM4
1
21
22
SIM5
SIM1
SIM2
SIM3
SIM4
1
21
22
SIM5
SIM1
SIM2
SIM3
SIM4
1
21
22
SIM5
SIM1
SIM2
SIM3
SIM4
1
21
22
SIM5
SIM1
SIM2
SIM3
SIM4
1
21
22
SIM5
SIM1
SIM2
SIM3
SIM4
1
21
22
SIM5
SIM1
SIM2
SIM3
SIM4
1
21
22
SIM5
SIM1
SIM2
SIM3
SIM4
1
21
22
SIM5
SIM1
SIM2
SIM3
SIM4
1
21
22
SIM5
SIM1
SIM2
SIM3
SIM4
1
21
22
SIM5
SIM1
SIM2
SIM3
SIM4
1
21
22
SIM5
SIM1
SIM2
SIM3
SIM4
1
21
22
SIM5
SIM1
SIM2
SIM3
SIM4
1
21
22
SIM5
SIM1
SIM2
SIM3
SIM4
1
21
22
SIM5
SIM1
SIM2
SIM3
SIM4
1
21
22
SIM5
SIM1
SIM2
SIM3
SIM4
1
21
22
SIM5
SIM1
SIM2
SIM3
SIM4
1
21
22
SIM5
SIM1
SIM2
SIM3
SIM4
1
21
22
SIM5
SIM1
SIM2
SIM3
SIM4
1
21
22
SIM5
SIM1
SIM2
SIM3
SIM4
1
21
22
SIM5
SIM1
SIM2
SIM3
SIM4
1
21
22
SIM5
SIM1
SIM2
SIM3
SIM4
1
21
22
SIM5
SIM1
SIM2
DEBUG 1 843
SIM1
SIM2
SIM3
SIM4
1
21
22
SIM5
SIM1
SIM2
SIM3
SIM4
1
21
22
SIM5
SIM1
SIM2
SIM3
SIM4
1
21
22
SIM5
SIM1
SIM2
SIM3
SIM4
1
21
22
SIM5
SIM1
SIM2
SIM3
SIM4
1
21
22
SIM5
SIM1
SIM2
SIM3
SIM4
1
21
22
SIM5
SIM1
SIM2
SIM3
SIM4
1
21
22
SIM5
SIM1
SIM2
SIM3
SIM4
1
21
22
SIM5
SIM1
SIM2
SIM3
SIM4
1
21
22
SIM5
SIM1
SIM2
SIM3
SIM4
1
21
22
SIM5
SIM1
SIM2
SIM3
SIM4
1
21
22
SIM5
SIM1
SIM2
SIM3
SIM4
1
21
22
SIM5
SIM1
SIM2
SIM3
SIM4
1
21
22
SIM5
SIM1
SIM2
SIM3
SIM4
1
21
22
SIM5
SIM1
SIM2
SIM3
SIM4
1
21
22
SIM5
SIM1
SIM2
SIM3
SIM4
1
21
22
SIM5
SIM1
SIM2
SIM3
SIM4
1
21
22
SIM5
SIM1
SIM2
SIM3
SIM4
1
21
22
SIM5
SIM1
SIM2
SIM3
SIM4
1
21
22
SIM5
SIM1
SIM2
SIM3
SIM4
1
21
22
SIM5
SIM1
SIM2
SIM3
SIM4
1
21
22
SIM5
SIM1
SIM2
SIM3
SIM4
1
21
22
SIM5
SIM1
SIM2
SIM3
SIM4
1
21
22
SIM5
SIM1
SIM2
SIM3
SIM4
1
21
22
SIM5
SIM1
SIM2
SIM3
SIM4
1
21
22
SIM5
SIM1
SIM2
SIM3
SIM4
1
21
22
SIM5
SIM1
SIM2
SIM3
SIM4
1
21
22
SIM5
SIM1
SIM2
SIM3
SIM4
1
21
22
SIM5
SIM1
SIM2
SIM3
SIM4
1
21
22
SIM5
SIM1
SIM2
SIM3
SIM4
1
21
22
SIM5
SIM1
SIM2
SIM3
SIM4
1
21
22
SIM5
SIM1
SIM2
SIM3
SIM4
1
21
22
SIM5
SIM1
SIM2
SIM3
SIM4
1
21
22
SIM5
SIM1
SIM2
SIM3
SIM4
1
21
22
SIM5
SIM1
SIM2
SIM3
SIM4
1
21
22
SIM5
SIM1
SIM2
SIM3
SIM4
1
21
22
SIM5
SIM1
SIM2
SIM3
SIM4
1
21
22
SIM5
SIM1
SIM2
SIM3
SIM4
1
21
22
SIM5
SIM1
SIM2
SIM3
SIM4
1
21
22
SIM5
SIM1
SIM2
SIM3
SIM4
1
21
22
SIM5
SIM1
SIM2
SIM3
SIM4
1
21
22
SIM5
SIM1
SIM2
SIM3
SIM4
1
21
22
SIM5
SIM1
SIM2
SIM3
SIM4
1
21
22
SIM5
SIM1
SIM2
SIM3
SIM4
1
21
22
SIM5
SIM1
SIM2
SIM3
SIM4
1
21
22
SIM5
SIM1
SIM2
SIM3
SIM4
1
21
22
SIM5
SIM1
SIM2
SIM3
SIM4
1
21
22
SIM5
SIM1
SIM2
SIM3
SIM4
1
21
22
SIM5
SIM1
SIM2
SIM3
SIM4
1
21
22
SIM5
SIM1
SIM2
SIM3
SIM4
1
21
22
SIM5
SIM1
SIM2
SIM3
SIM4
1
21
22
SIM5
SIM1
SIM2
SIM3
SIM4
1
21
22
SIM5
SIM1
SIM2
SIM3
SIM4
1
21
22
SIM5
SIM1
SIM2
SIM3
SIM4
1
21
22
SIM5
SIM1
SIM2
SIM3
SIM4
1
21
22
SIM5
SIM1
SIM2
SIM3
SIM4
1
21
22
SIM5
SIM1
SIM2
SIM3
SIM4
1
21
22
SIM5
SIM1
SIM2
SIM3
SIM4
1
21
22
SIM5
SIM1
SIM2
SIM3
SIM4
1
21
22
SIM5
SIM1
SIM2
SIM3
SIM4
1
21
22
SIM5
SIM1
SIM2
SIM3
SIM4
1
21
22
SIM5
SIM1
SIM2
SIM3
SIM4
1
21
22
SIM5
SIM1
SIM2
SIM3
SIM4
1
21
22
SIM5
SIM1
SIM2
SIM3
SIM4
1
21
22
SIM5
SIM1
SIM2
SIM3
SIM4
1
21
22
SIM5
SIM1
SIM2
SIM3
SIM4
1
21
22
SIM5
SIM1
SIM2
SIM3
SIM4
1
21
22
SIM5
SIM1
SIM2
SIM3
SIM4
1
21
22
SIM5
SIM1
SIM2
SIM3
SIM4
1
21
22
SIM5
SIM1
SIM2
SIM3
SIM4
1
21
22
SIM5
SIM1
SIM2
SIM3
SIM4
1
21
22
SIM5
SIM1
SIM2
SIM3
SIM4
1
21
22
SIM5
SIM1
SIM2
SIM3
SIM4
1
21
22
SIM5
SIM1
SIM2
SIM3
SIM4
1
21
22
SIM5
SIM1
SIM2
SIM3
SIM4
1
21
22
SIM5
SIM1
SIM2
SIM3
SIM4
1
21
22
SIM5
SIM1
SIM2
SIM3
SIM4
1
21
22
SIM5
SIM1
SIM2
SIM3
SIM4
1
21
22
SIM5
SIM1
SIM2
SIM3
SIM4
1
21
22
SIM5
SIM1
SIM2
SIM3
SIM4
1
21
22
SIM5
SIM1
SIM2
SIM3
SIM4
1
21
22
SIM5
SIM1
SIM2
SIM3
SIM4
1
21
22
SIM5
SIM1
SIM2
SIM3
SIM4
1
21
22
SIM5
SIM1
SIM2
SIM3
SIM4
1
21
22
SIM5
SIM1
SIM2
SIM3
SIM4
1
21
22
SIM5
SIM1
SIM2
SIM3
SIM4
1
21
22
SIM5
SIM1
SIM2
SIM3
SIM4
1
21
22
SIM5
SIM1
SIM2
SIM3
SIM4
1
21
22
SIM5
SIM1
SIM2
SIM3
SIM4
1
21
22
SIM5
SIM1
SIM2
SIM3
SIM4
1
21
22
SIM5
SIM1
SIM2
SIM3
SIM4
1
21
22
SIM5
SIM1
SIM2
SIM3
SIM4
1
21
22
SIM5
SIM1
SIM2
SIM3
SIM4
1
21
22
SIM5
SIM1
SIM2
SIM3
SIM4
1
21
22
SIM5
SIM1
SIM2
SIM3
SIM4
1
21
22
SIM5
SIM1
SIM2
SIM3
SIM4
1
21
22
SIM5
SIM1
SIM2
SIM3
SIM4
1
21
22
SIM5
SIM1
SIM2
SIM3
SIM4
1
21
22
SIM5
SIM1
SIM2
SIM3
SIM4
1
21
22
SIM5
SIM1
SIM2
SIM3
SIM4
1
21
22
SIM5
SIM1
SIM2
SIM3
SIM4
1
21
22
SIM5
SIM1
SIM2
SIM3
SIM4
1
21
22
SIM5
SIM1
SIM2
SIM3
SIM4
1
21
22
SIM5
SIM1
SIM2
SIM3
SIM4
1
21
22
SIM5
SIM1
SIM2
SIM3
SIM4
1
21
22
SIM5
SIM1
SIM2
SIM3
SIM4
1
21
22
SIM5
SIM1
SIM2
SIM3
SIM4
1
21
22
SIM5
SIM1
SIM2
SIM3
SIM4
1
21
22
SIM5
SIM1
SIM2
SIM3
SIM4
1
21
22
SIM5
SIM1
SIM2
SIM3
SIM4
1
21
22
SIM5
SIM1
SIM2
SIM3
SIM4
1
21
22
SIM5
SIM1
SIM2
SIM3
SIM4
1
21
22
SIM5
SIM1
SIM2
SIM3
SIM4
1
21
22
SIM5
SIM1
SIM2
SIM3
SIM4
1
21
22
SIM5
SIM1
SIM2
SIM3
SIM4
1
21
22
SIM5
SIM1
SIM2
SIM3
SIM4
1
21
22
SIM5
SIM1
SIM2
SIM3
SIM4
1
21
22
SIM5
SIM1
SIM2
SIM3
SIM4
1
21
22
SIM5
SIM1
SIM2
SIM3
SIM4
1
21
22
SIM5
SIM1
SIM2
SIM3
SIM4
1
21
22
SIM5
SIM1
SIM2
SIM3
SIM4
1
21
22
SIM5
SIM1
SIM2
SIM3
SIM4
1
21
22
SIM5
SIM1
SIM2
SIM3
SIM4
1
21
22
SIM5
SIM1
SIM2
SIM3
SIM4
1
21
22
SIM5
SIM1
SIM2
SIM3
SIM4
1
21
22
SIM5
SIM1
SIM2
SIM3
SIM4
1
21
22
SIM5
SIM1
SIM2
SIM3
SIM4
1
21
22
SIM5
SIM1
SIM2
SIM3
SIM4
1
21
22
SIM5
SIM1
SIM2
SIM3
SIM4
1
21
22
SIM5
SIM1
SIM2
SIM3
SIM4
1
21
22
SIM5
SIM1
SIM2
SIM3
SIM4
1
21
22
SIM5
SIM1
SIM2
SIM3
SIM4
1
21
22
SIM5
SIM1
SIM2
SIM3
SIM4
1
21
22
SIM5
SIM1
SIM2
SIM3
SIM4
1
21
22
SIM5
SIM1
SIM2
SIM3
SIM4
1
21
22
SIM5
SIM1
SIM2
SIM3
SIM4
1
21
22
SIM5
SIM1
SIM2
SIM3
SIM4
1
21
22
SIM5
SIM1
SIM2
SIM3
SIM4
1
21
22
SIM5
SIM1
SIM2
SIM3
SIM4
1
21
22
SIM5
SIM1
SIM2
SIM3
SIM4
1
21
22
SIM5
SIM1
SIM2
SIM3
SIM4
1
21
22
SIM5
SIM1
SIM2
SIM3
SIM4
1
21
22
SIM5
SIM1
SIM2
SIM3
SIM4
1
21
22
SIM5
SIM1
SIM2
SIM3
SIM4
1
21
22
SIM5
SIM1
SIM2
SIM3
SIM4
1
21
22
SIM5
SIM1
SIM2
SIM3
SIM4
1
21
22
SIM5
SIM1
SIM2
SIM3
SIM4
1
21
22
SIM5
SIM1
SIM2
SIM3
SIM4
1
21
22
SIM5
SIM1
SIM2
SIM3
SIM4
1
21
22
SIM5
SIM1
SIM2
SIM3
SIM4
1
21
22
SIM5
SIM1
SIM2
SIM3
SIM4
1
21
22
SIM5
SIM1
SIM2
SIM3
SIM4
1
21
22
SIM5
SIM1
SIM2
SIM3
SIM4
1
21
22
SIM5
SIM1
SIM2
SIM3
SIM4
1
21
22
SIM5
SIM1
SIM2
SIM3
SIM4
1
21
22
SIM5
SIM1
SIM2
SIM3
SIM4
1
21
22
SIM5
SIM1
SIM2
SIM3
SIM4
1
21
22
SIM5
SIM1
SIM2
SIM3
SIM4
1
21
22
SIM5
SIM1
SIM2
SIM3
SIM4
1
21
22
SIM5
SIM1
SIM2
SIM3
SIM4
1
21
22
SIM5
SIM1
SIM2
SIM3
SIM4
1
21
22
SIM5
SIM1
SIM2
SIM3
SIM4
1
21
22
SIM5
SIM1
SIM2
SIM3
SIM4
1
21
22
SIM5
SIM1
SIM2
SIM3
SIM4
1
21
22
SIM5
SIM1
SIM2
SIM3
SIM4
1
21
22
SIM5
SIM1
SIM2
SIM3
SIM4
1
21
22
SIM5
SIM1
SIM2
SIM3
SIM4
1
21
22
SIM5
SIM1
SIM2
SIM3
SIM4
1
21
22
SIM5
SIM1
SIM2
SIM3
SIM4
1
21
22
SIM5
SIM1
SIM2
SIM3
SIM4
1
21
22
SIM5
SIM1
SIM2
SIM3
SIM4
1
21
22
SIM5
SIM1
SIM2
SIM3
SIM4
1
21
22
SIM5
SIM1
SIM2
SIM3
SIM4
1
21
22
SIM5
SIM1
SIM2
SIM3
SIM4
1
21
22
SIM5
SIM1
SIM2
SIM3
SIM4
1
21
22
SIM5
SIM1
SIM2
SIM3
SIM4
1
21
22
SIM5
SIM1
SIM2
SIM3
SIM4
1
21
22
SIM5
SIM1
SIM2
SIM3
SIM4
1
21
22
SIM5
SIM1
SIM2
SIM3
SIM4
1
21
22
SIM5
SIM1
SIM2
SIM3
SIM4
1
21
22
SIM5
SIM1
SIM2
SIM3
SIM4
1
21
22
SIM5
SIM1
SIM2
SIM3
SIM4
1
21
22
SIM5
SIM1
SIM2
SIM3
SIM4
1
21
22
SIM5
SIM1
SIM2
SIM3
SIM4
1
21
22
SIM5
SIM1
SIM2
SIM3
SIM4
1
21
22
SIM5
SIM1
SIM2
SIM3
SIM4
1
21
22
SIM5
SIM1
SIM2
SIM3
SIM4
1
21
22
SIM5
SIM1
SIM2
SIM3
SIM4
1
21
22
SIM5
SIM1
SIM2
SIM3
SIM4
1
21
22
SIM5
SIM1
SIM2
SIM3
SIM4
1
21
22
SIM5
SIM1
SIM2
SIM3
SIM4
1
21
22
SIM5
SIM1
SIM2
SIM3
SIM4
1
21
22
SIM5
SIM1
SIM2
SIM3
SIM4
1
21
22
SIM5
SIM1
SIM2
SIM3
SIM4
1
21
22
SIM5
SIM1
SIM2
SIM3
SIM4
1
21
22
SIM5
SIM1
SIM2
SIM3
SIM4
1
21
22
SIM5
SIM1
SIM2
SIM3
SIM4
1
21
22
SIM5
SIM1
SIM2
SIM3
SIM4
1
21
22
SIM5
SIM1
SIM2
SIM3
SIM4
1
21
22
SIM5
SIM1
SIM2
SIM3
SIM4
1
21
22
SIM5
SIM1
SIM2
SIM3
SIM4
1
21
22
SIM5
SIM1
SIM2
SIM3
SIM4
1
21
22
SIM5
SIM1
SIM2
SIM3
SIM4
1
21
22
SIM5
SIM1
SIM2
SIM3
SIM4
1
21
22
SIM5
SIM1
SIM2
SIM3
SIM4
1
21
22
SIM5
SIM1
SIM2
SIM3
SIM4
1
21
22
SIM5
SIM1
SIM2
SIM3
SIM4
1
21
22
SIM5
SIM1
SIM2
SIM3
SIM4
1
21
22
SIM5
SIM1
SIM2
SIM3
SIM4
1
21
22
SIM5
SIM1
SIM2
SIM3
SIM4
1
21
22
SIM5
SIM1
SIM2
SIM3
SIM4
1
21
22
SIM5
SIM1
SIM2
SIM3
SIM4
1
21
22
SIM5
SIM1
SIM2
SIM3
SIM4
1
21
22
SIM5
SIM1
SIM2
SIM3
SIM4
1
21
22
SIM5
SIM1
SIM2
SIM3
SIM4
1
21
22
SIM5
SIM1
SIM2
SIM3
SIM4
1
21
22
SIM5
SIM1
SIM2
SIM3
SIM4
1
21
22
SIM5
SIM1
SIM2
SIM3
SIM4
1
21
22
SIM5
SIM1
SIM2
SIM3
SIM4
1
21
22
SIM5
SIM1
SIM2
SIM3
SIM4
1
21
22
SIM5
SIM1
SIM2
SIM3
SIM4
1
21
22
SIM5
SIM1
SIM2
DEBUG 1 844
SIM1
SIM2
SIM3
SIM4
1
21
22
SIM5
SIM1
SIM2
SIM3
SIM4
1
21
22
SIM5
SIM1
SIM2
SIM3
SIM4
1
21
22
SIM5
SIM1
SIM2
SIM3
SIM4
1
21
22
SIM5
SIM1
SIM2
SIM3
SIM4
1
21
22
SIM5
SIM1
SIM2
SIM3
SIM4
1
21
22
SIM5
SIM1
SIM2
SIM3
SIM4
1
21
22
SIM5
SIM1
SIM2
SIM3
SIM4
1
21
22
SIM5
SIM1
SIM2
SIM3
SIM4
1
21
22
SIM5
SIM1
SIM2
SIM3
SIM4
1
21
22
SIM5
SIM1
SIM2
SIM3
SIM4
1
21
22
SIM5
SIM1
SIM2
SIM3
SIM4
1
21
22
SIM5
SIM1
SIM2
SIM3
SIM4
1
21
22
SIM5
SIM1
SIM2
SIM3
SIM4
1
21
22
SIM5
SIM1
SIM2
SIM3
SIM4
1
21
22
SIM5
SIM1
SIM2
SIM3
SIM4
1
21
22
SIM5
SIM1
SIM2
SIM3
SIM4
1
21
22
SIM5
SIM1
SIM2
SIM3
SIM4
1
21
22
SIM5
SIM1
SIM2
SIM3
SIM4
1
21
22
SIM5
SIM1
SIM2
SIM3
SIM4
1
21
22
SIM5
SIM1
SIM2
SIM3
SIM4
1
21
22
SIM5
SIM1
SIM2
SIM3
SIM4
1
21
22
SIM5
SIM1
SIM2
SIM3
SIM4
1
21
22
SIM5
SIM1
SIM2
SIM3
SIM4
1
21
22
SIM5
SIM1
SIM2
SIM3
SIM4
1
21
22
SIM5
SIM1
SIM2
SIM3
SIM4
1
21
22
SIM5
SIM1
SIM2
SIM3
SIM4
1
21
22
SIM5
SIM1
SIM2
SIM3
SIM4
1
21
22
SIM5
SIM1
SIM2
SIM3
SIM4
1
21
22
SIM5
SIM1
SIM2
SIM3
SIM4
1
21
22
SIM5
SIM1
SIM2
SIM3
SIM4
1
21
22
SIM5
SIM1
SIM2
SIM3
SIM4
1
21
22
SIM5
SIM1
SIM2
SIM3
SIM4
1
21
22
SIM5
SIM1
SIM2
SIM3
SIM4
1
21
22
SIM5
SIM1
SIM2
SIM3
SIM4
1
21
22
SIM5
SIM1
SIM2
SIM3
SIM4
1
21
22
SIM5
SIM1
SIM2
SIM3
SIM4
1
21
22
SIM5
SIM1
SIM2
SIM3
SIM4
1
21
22
SIM5
SIM1
SIM2
SIM3
SIM4
1
21
22
SIM5
SIM1
SIM2
SIM3
SIM4
1
21
22
SIM5
SIM1
SIM2
SIM3
SIM4
1
21
22
SIM5
SIM1
SIM2
SIM3
SIM4
1
21
22
SIM5
SIM1
SIM2
SIM3
SIM4
1
21
22
SIM5
SIM1
SIM2
SIM3
SIM4
1
21
22
SIM5
SIM1
SIM2
SIM3
SIM4
1
21
22
SIM5
SIM1
SIM2
SIM3
SIM4
1
21
22
SIM5
SIM1
SIM2
SIM3
SIM4
1
21
22
SIM5
SIM1
SIM2
SIM3
SIM4
1
21
22
SIM5
SIM1
SIM2
SIM3
SIM4
1
21
22
SIM5
SIM1
SIM2
SIM3
SIM4
1
21
22
SIM5
SIM1
SIM2
SIM3
SIM4
1
21
22
SIM5
SIM1
SIM2
SIM3
SIM4
1
21
22
SIM5
SIM1
SIM2
SIM3
SIM4
1
21
22
SIM5
SIM1
SIM2
SIM3
SIM4
1
21
22
SIM5
SIM1
SIM2
SIM3
SIM4
1
21
22
SIM5
SIM1
SIM2
SIM3
SIM4
1
21
22
SIM5
SIM1
SIM2
SIM3
SIM4
1
21
22
SIM5
SIM1
SIM2
SIM3
SIM4
1
21
22
SIM5
SIM1
SIM2
SIM3
SIM4
1
21
22
SIM5
SIM1
SIM2
SIM3
SIM4
1
21
22
SIM5
SIM1
SIM2
SIM3
SIM4
1
21
22
SIM5
SIM1
SIM2
SIM3
SIM4
1
21
22
SIM5
SIM1
SIM2
SIM3
SIM4
1
21
22
SIM5
SIM1
SIM2
SIM3
SIM4
1
21
22
SIM5
SIM1
SIM2
SIM3
SIM4
1
21
22
SIM5
SIM1
SIM2
SIM3
SIM4
1
21
22
SIM5
SIM1
SIM2
SIM3
SIM4
1
21
22
SIM5
SIM1
SIM2
SIM3
SIM4
1
21
22
SIM5
SIM1
SIM2
SIM3
SIM4
1
21
22
SIM5
SIM1
SIM2
SIM3
SIM4
1
21
22
SIM5
SIM1
SIM2
SIM3
SIM4
1
21
22
SIM5
SIM1
SIM2
SIM3
SIM4
1
21
22
SIM5
SIM1
SIM2
SIM3
SIM4
1
21
22
SIM5
SIM1
SIM2
SIM3
SIM4
1
21
22
SIM5
SIM1
SIM2
SIM3
SIM4
1
21
22
SIM5
SIM1
SIM2
SIM3
SIM4
1
21
22
SIM5
SIM1
SIM2
SIM3
SIM4
1
21
22
SIM5
SIM1
SIM2
SIM3
SIM4
1
21
22
SIM5
SIM1
SIM2
SIM3
SIM4
1
21
22
SIM5
SIM1
SIM2
SIM3
SIM4
1
21
22
SIM5
SIM1
SIM2
SIM3
SIM4
1
21
22
SIM5
SIM1
SIM2
SIM3
SIM4
1
21
22
SIM5
SIM1
SIM2
SIM3
SIM4
1
21
22
SIM5
SIM1
SIM2
SIM3
SIM4
1
21
22
SIM5
SIM1
SIM2
SIM3
SIM4
1
21
22
SIM5
SIM1
SIM2
SIM3
SIM4
1
21
22
SIM5
SIM1
SIM2
SIM3
SIM4
1
21
22
SIM5
SIM1
SIM2
SIM3
SIM4
1
21
22
SIM5
SIM1
SIM2
SIM3
SIM4
1
21
22
SIM5
SIM1
SIM2
SIM3
SIM4
1
21
22
SIM5
SIM1
SIM2
SIM3
SIM4
1
21
22
SIM5
SIM1
SIM2
SIM3
SIM4
1
21
22
SIM5
SIM1
SIM2
SIM3
SIM4
1
21
22
SIM5
SIM1
SIM2
SIM3
SIM4
1
21
22
SIM5
SIM1
SIM2
SIM3
SIM4
1
21
22
SIM5
SIM1
SIM2
SIM3
SIM4
1
21
22
SIM5
SIM1
SIM2
SIM3
SIM4
1
21
22
SIM5
SIM1
SIM2
SIM3
SIM4
1
21
22
SIM5
SIM1
SIM2
SIM3
SIM4
1
21
22
SIM5
SIM1
SIM2
SIM3
SIM4
1
21
22
SIM5
SIM1
SIM2
SIM3
SIM4
1
21
22
SIM5
SIM1
SIM2
SIM3
SIM4
1
21
22
SIM5
SIM1
SIM2
SIM3
SIM4
1
21
22
SIM5
SIM1
SIM2
SIM3
SIM4
1
21
22
SIM5
SIM1
SIM2
SIM3
SIM4
1
21
22
SIM5
SIM1
SIM2
SIM3
SIM4
1
21
22
SIM5
SIM1
SIM2
SIM3
SIM4
1
21
22
SIM5
SIM1
SIM2
SIM3
SIM4
1
21
22
SIM5
SIM1
SIM2
SIM3
SIM4
1
21
22
SIM5
SIM1
SIM2
SIM3
SIM4
1
21
22
SIM5
SIM1
SIM2
SIM3
SIM4
1
21
22
SIM5
SIM1
SIM2
SIM3
SIM4
1
21
22
SIM5
SIM1
SIM2
SIM3
SIM4
1
21
22
SIM5
SIM1
SIM2
SIM3
SIM4
1
21
22
SIM5
SIM1
SIM2
SIM3
SIM4
1
21
22
SIM5
SIM1
SIM2
SIM3
SIM4
1
21
22
SIM5
SIM1
SIM2
SIM3
SIM4
1
21
22
SIM5
SIM1
SIM2
SIM3
SIM4
1
21
22
SIM5
SIM1
SIM2
SIM3
SIM4
1
21
22
SIM5
SIM1
SIM2
SIM3
SIM4
1
21
22
SIM5
SIM1
SIM2
SIM3
SIM4
1
21
22
SIM5
SIM1
SIM2
SIM3
SIM4
1
21
22
SIM5
SIM1
SIM2
SIM3
SIM4
1
21
22
SIM5
SIM1
SIM2
SIM3
SIM4
1
21
22
SIM5
SIM1
SIM2
SIM3
SIM4
1
21
22
SIM5
SIM1
SIM2
SIM3
SIM4
1
21
22
SIM5
SIM1
SIM2
SIM3
SIM4
1
21
22
SIM5
SIM1
SIM2
SIM3
SIM4
1
21
22
SIM5
SIM1
SIM2
SIM3
SIM4
1
21
22
SIM5
SIM1
SIM2
SIM3
SIM4
1
21
22
SIM5
SIM1
SIM2
SIM3
SIM4
1
21
22
SIM5
SIM1
SIM2
SIM3
SIM4
1
21
22
SIM5
SIM1
SIM2
SIM3
SIM4
1
21
22
SIM5
SIM1
SIM2
SIM3
SIM4
1
21
22
SIM5
SIM1
SIM2
SIM3
SIM4
1
21
22
SIM5
SIM1
SIM2
SIM3
SIM4
1
21
22
SIM5
SIM1
SIM2
SIM3
SIM4
1
21
22
SIM5
SIM1
SIM2
SIM3
SIM4
1
21
22
SIM5
SIM1
SIM2
SIM3
SIM4
1
21
22
SIM5
SIM1
SIM2
SIM3
SIM4
1
21
22
SIM5
SIM1
SIM2
DEBUG 1 845
SIM1
SIM2
SIM3
SIM4
1
21
22
SIM5
SIM1
SIM2
SIM3
SIM4
1
21
22
SIM5
SIM1
SIM2
SIM3
SIM4
1
21
22
SIM5
SIM1
SIM2
SIM3
SIM4
1
21
22
SIM5
SIM1
SIM2
SIM3
SIM4
1
21
22
SIM5
SIM1
SIM2
SIM3
SIM4
1
21
22
SIM5
SIM1
SIM2
SIM3
SIM4
1
21
22
SIM5
SIM1
SIM2
SIM3
SIM4
1
21
22
SIM5
SIM1
SIM2
SIM3
SIM4
1
21
22
SIM5
SIM1
SIM2
SIM3
SIM4
1
21
22
SIM5
SIM1
SIM2
SIM3
SIM4
1
21
22
SIM5
SIM1
SIM2
SIM3
SIM4
1
21
22
SIM5
SIM1
SIM2
SIM3
SIM4
1
21
22
SIM5
SIM1
SIM2
SIM3
SIM4
1
21
22
SIM5
SIM1
SIM2
SIM3
SIM4
1
21
22
SIM5
SIM1
SIM2
SIM3
SIM4
1
21
22
SIM5
SIM1
SIM2
SIM3
SIM4
1
21
22
SIM5
SIM1
SIM2
SIM3
SIM4
1
21
22
SIM5
SIM1
SIM2
SIM3
SIM4
1
21
22
SIM5
SIM1
SIM2
SIM3
SIM4
1
21
22
SIM5
SIM1
SIM2
SIM3
SIM4
1
21
22
SIM5
SIM1
SIM2
SIM3
SIM4
1
21
22
SIM5
SIM1
SIM2
SIM3
SIM4
1
21
22
SIM5
SIM1
SIM2
SIM3
SIM4
1
21
22
SIM5
SIM1
SIM2
SIM3
SIM4
1
21
22
SIM5
SIM1
SIM2
SIM3
SIM4
1
21
22
SIM5
SIM1
SIM2
SIM3
SIM4
1
21
22
SIM5
SIM1
SIM2
SIM3
SIM4
1
21
22
SIM5
SIM1
SIM2
SIM3
SIM4
1
21
22
SIM5
SIM1
SIM2
SIM3
SIM4
1
21
22
SIM5
SIM1
SIM2
SIM3
SIM4
1
21
22
SIM5
SIM1
SIM2
SIM3
SIM4
1
21
22
SIM5
SIM1
SIM2
SIM3
SIM4
1
21
22
SIM5
SIM1
SIM2
SIM3
SIM4
1
21
22
SIM5
SIM1
SIM2
SIM3
SIM4
1
21
22
SIM5
SIM1
SIM2
SIM3
SIM4
1
21
22
SIM5
SIM1
SIM2
SIM3
SIM4
1
21
22
SIM5
SIM1
SIM2
SIM3
SIM4
1
21
22
SIM5
SIM1
SIM2
SIM3
SIM4
1
21
22
SIM5
SIM1
SIM2
SIM3
SIM4
1
21
22
SIM5
SIM1
SIM2
SIM3
SIM4
1
21
22
SIM5
SIM1
SIM2
SIM3
SIM4
1
21
22
SIM5
SIM1
SIM2
SIM3
SIM4
1
21
22
SIM5
SIM1
SIM2
SIM3
SIM4
1
21
22
SIM5
SIM1
SIM2
SIM3
SIM4
1
21
22
SIM5
SIM1
SIM2
SIM3
SIM4
1
21
22
SIM5
SIM1
SIM2
SIM3
SIM4
1
21
22
SIM5
SIM1
SIM2
SIM3
SIM4
1
21
22
SIM5
SIM1
SIM2
SIM3
SIM4
1
21
22
SIM5
SIM1
SIM2
SIM3
SIM4
1
21
22
SIM5
SIM1
SIM2
SIM3
SIM4
1
21
22
SIM5
SIM1
SIM2
SIM3
SIM4
1
21
22
SIM5
SIM1
SIM2
SIM3
SIM4
1
21
22
SIM5
SIM1
SIM2
SIM3
SIM4
1
21
22
SIM5
SIM1
SIM2
SIM3
SIM4
1
21
22
SIM5
SIM1
SIM2
SIM3
SIM4
1
21
22
SIM5
SIM1
SIM2
SIM3
SIM4
1
21
22
SIM5
SIM1
SIM2
SIM3
SIM4
1
21
22
SIM5
SIM1
SIM2
SIM3
SIM4
1
21
22
SIM5
SIM1
SIM2
SIM3
SIM4
1
21
22
SIM5
SIM1
SIM2
SIM3
SIM4
1
21
22
SIM5
SIM1
SIM2
SIM3
SIM4
1
21
22
SIM5
SIM1
SIM2
SIM3
SIM4
1
21
22
SIM5
SIM1
SIM2
SIM3
SIM4
1
21
22
SIM5
SIM1
SIM2
SIM3
SIM4
1
21
22
SIM5
SIM1
SIM2
SIM3
SIM4
1
21
22
SIM5
SIM1
SIM2
SIM3
SIM4
1
21
22
SIM5
SIM1
SIM2
SIM3
SIM4
1
21
22
SIM5
SIM1
SIM2
SIM3
SIM4
1
21
22
SIM5
SIM1
SIM2
SIM3
SIM4
1
21
22
SIM5
SIM1
SIM2
SIM3
SIM4
1
21
22
SIM5
SIM1
SIM2
SIM3
SIM4
1
21
22
SIM5
SIM1
SIM2
SIM3
SIM4
1
21
22
SIM5
SIM1
SIM2
SIM3
SIM4
1
21
22
SIM5
SIM1
SIM2
SIM3
SIM4
1
21
22
SIM5
SIM1
SIM2
SIM3
SIM4
1
21
22
SIM5
SIM1
SIM2
SIM3
SIM4
1
21
22
SIM5
SIM1
SIM2
SIM3
SIM4
1
21
22
SIM5
SIM1
SIM2
SIM3
SIM4
1
21
22
SIM5
SIM1
SIM2
SIM3
SIM4
1
21
22
SIM5
SIM1
SIM2
SIM3
SIM4
1
21
22
SIM5
SIM1
SIM2
SIM3
SIM4
1
21
22
SIM5
SIM1
SIM2
SIM3
SIM4
1
21
22
SIM5
SIM1
SIM2
SIM3
SIM4
1
21
22
SIM5
SIM1
SIM2
SIM3
SIM4
1
21
22
SIM5
SIM1
SIM2
SIM3
SIM4
1
21
22
SIM5
SIM1
SIM2
SIM3
SIM4
1
21
22
SIM5
SIM1
SIM2
SIM3
SIM4
1
21
22
SIM5
SIM1
SIM2
SIM3
SIM4
1
21
22
SIM5
SIM1
SIM2
SIM3
SIM4
1
21
22
SIM5
SIM1
SIM2
SIM3
SIM4
1
21
22
SIM5
SIM1
SIM2
SIM3
SIM4
1
21
22
SIM5
SIM1
SIM2
SIM3
SIM4
1
21
22
SIM5
SIM1
SIM2
SIM3
SIM4
1
21
22
SIM5
SIM1
SIM2
SIM3
SIM4
1
21
22
SIM5
SIM1
SIM2
SIM3
SIM4
1
21
22
SIM5
SIM1
SIM2
SIM3
SIM4
1
21
22
SIM5
SIM1
SIM2
SIM3
SIM4
1
21
22
SIM5
SIM1
SIM2
SIM3
SIM4
1
21
22
SIM5
SIM1
SIM2
SIM3
SIM4
1
21
22
SIM5
SIM1
SIM2
SIM3
SIM4
1
21
22
SIM5
SIM1
SIM2
SIM3
SIM4
1
21
22
SIM5
SIM1
SIM2
SIM3
SIM4
1
21
22
SIM5
SIM1
SIM2
SIM3
SIM4
1
21
22
SIM5
SIM1
SIM2
SIM3
SIM4
1
21
22
SIM5
SIM1
SIM2
SIM3
SIM4
1
21
22
SIM5
SIM1
SIM2
SIM3
SIM4
1
21
22
SIM5
SIM1
SIM2
SIM3
SIM4
1
21
22
SIM5
SIM1
SIM2
SIM3
SIM4
1
21
22
SIM5
SIM1
SIM2
SIM3
SIM4
1
21
22
SIM5
SIM1
SIM2
SIM3
SIM4
1
21
22
SIM5
SIM1
SIM2
SIM3
SIM4
1
21
22
SIM5
SIM1
SIM2
SIM3
SIM4
1
21
22
SIM5
SIM1
SIM2
SIM3
SIM4
1
21
22
SIM5
SIM1
SIM2
SIM3
SIM4
1
21
22
SIM5
SIM1
SIM2
SIM3
SIM4
1
21
22
SIM5
SIM1
SIM2
SIM3
SIM4
1
21
22
SIM5
SIM1
SIM2
SIM3
SIM4
1
21
22
SIM5
SIM1
SIM2
SIM3
SIM4
1
21
22
SIM5
SIM1
SIM2
SIM3
SIM4
1
21
22
SIM5
SIM1
SIM2
SIM3
SIM4
1
21
22
SIM5
SIM1
SIM2
SIM3
SIM4
1
21
22
SIM5
SIM1
SIM2
SIM3
SIM4
1
21
22
SIM5
SIM1
SIM2
SIM3
SIM4
1
21
22
SIM5
SIM1
SIM2
SIM3
SIM4
1
21
22
SIM5
SIM1
SIM2
SIM3
SIM4
1
21
22
SIM5
SIM1
SIM2
SIM3
SIM4
1
21
22
SIM5
SIM1
SIM2
SIM3
SIM4
1
21
22
SIM5
SIM1
SIM2
SIM3
SIM4
1
21
22
SIM5
SIM1
SIM2
SIM3
SIM4
1
21
22
SIM5
SIM1
SIM2
SIM3
SIM4
1
21
22
SIM5
SIM1
SIM2
SIM3
SIM4
1
21
22
SIM5
SIM1
SIM2
SIM3
SIM4
1
21
22
SIM5
SIM1
SIM2
SIM3
SIM4
1
21
22
SIM5
SIM1
SIM2
SIM3
SIM4
1
21
22
SIM5
SIM1
SIM2
SIM3
SIM4
1
21
22
SIM5
SIM1
SIM2
SIM3
SIM4
1
21
22
SIM5
SIM1
SIM2
SIM3
SIM4
1
21
22
SIM5
SIM1
SIM2
SIM3
SIM4
1
21
22
SIM5
SIM1
SIM2
SIM3
SIM4
1
21
22
SIM5
SIM1
SIM2
SIM3
SIM4
1
21
22
SIM5
SIM1
SIM2
SIM3
SIM4
1
21
22
SIM5
SIM1
SIM2
SIM3
SIM4
1
21
22
SIM5
SIM1
SIM2
SIM3
SIM4
1
21
22
SIM5
SIM1
SIM2
SIM3
SIM4
1
21
22
SIM5
SIM1
SIM2
SIM3
SIM4
1
21
22
SIM5
SIM1
SIM2
SIM3
SIM4
1
21
22
SIM5
SIM1
SIM2
SIM3
SIM4
1
21
22
SIM5
SIM1
SIM2
SIM3
SIM4
1
21
22
SIM5
SIM1
SIM2
SIM3
SIM4
1
21
22
SIM5
SIM1
SIM2
SIM3
SIM4
1
21
22
SIM5
SIM1
SIM2
SIM3
SIM4
1
21
22
SIM5
SIM1
SIM2
SIM3
SIM4
1
21
22
SIM5
SIM1
SIM2
SIM3
SIM4
1
21
22
SIM5
SIM1
SIM2
SIM3
SIM4
1
21
22
SIM5
SIM1
SIM2
SIM3
SIM4
1
21
22
SIM5
SIM1
SIM2
SIM3
SIM4
1
21
22
SIM5
SIM1
SIM2
SIM3
SIM4
1
21
22
SIM5
SIM1
SIM2
SIM3
SIM4
1
21
22
SIM5
SIM1
SIM2
SIM3
SIM4
1
21
22
SIM5
SIM1
SIM2
SIM3
SIM4
1
21
22
SIM5
SIM1
SIM2
SIM3
SIM4
1
21
22
SIM5
SIM1
SIM2
SIM3
SIM4
1
21
22
SIM5
SIM1
SIM2
SIM3
SIM4
1
21
22
SIM5
SIM1
SIM2
SIM3
SIM4
1
21
22
SIM5
SIM1
SIM2
SIM3
SIM4
1
21
22
SIM5
SIM1
SIM2
SIM3
SIM4
1
21
22
SIM5
SIM1
SIM2
SIM3
SIM4
1
21
22
SIM5
SIM1
SIM2
SIM3
SIM4
1
21
22
SIM5
SIM1
SIM2
SIM3
SIM4
1
21
22
SIM5
SIM1
SIM2
SIM3
SIM4
1
21
22
SIM5
SIM1
SIM2
SIM3
SIM4
1
21
22
SIM5
SIM1
SIM2
SIM3
SIM4
1
21
22
SIM5
SIM1
SIM2
SIM3
SIM4
1
21
22
SIM5
SIM1
SIM2
SIM3
SIM4
1
21
22
SIM5
SIM1
SIM2
SIM3
SIM4
1
21
22
SIM5
SIM1
SIM2
SIM3
SIM4
1
21
22
SIM5
SIM1
SIM2
SIM3
SIM4
1
21
22
SIM5
SIM1
SIM2
SIM3
SIM4
1
21
22
SIM5
SIM1
SIM2
SIM3
SIM4
1
21
22
SIM5
SIM1
SIM2
SIM3
SIM4
1
21
22
SIM5
SIM1
SIM2
SIM3
SIM4
1
21
22
SIM5
SIM1
SIM2
SIM3
SIM4
1
21
22
SIM5
SIM1
SIM2
SIM3
SIM4
1
21
22
SIM5
SIM1
SIM2
SIM3
SIM4
1
21
22
SIM5
SIM1
SIM2
SIM3
SIM4
1
21
22
SIM5
SIM1
SIM2
SIM3
SIM4
1
21
22
SIM5
SIM1
SIM2
SIM3
SIM4
1
21
22
SIM5
SIM1
SIM2
SIM3
SIM4
1
21
22
SIM5
SIM1
SIM2
SIM3
SIM4
1
21
22
SIM5
SIM1
SIM2
SIM3
SIM4
1
21
22
SIM5
SIM1
SIM2
SIM3
SIM4
1
21
22
SIM5
SIM1
SIM2
SIM3
SIM4
1
21
22
SIM5
SIM1
SIM2
SIM3
SIM4
1
21
22
SIM5
SIM1
SIM2
SIM3
SIM4
1
21
22
SIM5
SIM1
SIM2
SIM3
SIM4
1
21
22
SIM5
SIM1
SIM2
SIM3
SIM4
1
21
22
SIM5
SIM1
SIM2
SIM3
SIM4
1
21
22
SIM5
SIM1
SIM2
SIM3
SIM4
1
21
22
SIM5
SIM1
SIM2
SIM3
SIM4
1
21
22
SIM5
SIM1
SIM2
SIM3
SIM4
1
21
22
SIM5
SIM1
SIM2
SIM3
SIM4
1
21
22
SIM5
SIM1
SIM2
SIM3
SIM4
1
21
22
SIM5
SIM1
SIM2
SIM3
SIM4
1
21
22
SIM5
SIM1
SIM2
SIM3
SIM4
1
21
22
SIM5
SIM1
SIM2
SIM3
SIM4
1
21
22
SIM5
SIM1
SIM2
SIM3
SIM4
1
21
22
SIM5
SIM1
SIM2
SIM3
SIM4
1
21
22
SIM5
SIM1
SIM2
SIM3
SIM4
1
21
22
SIM5
SIM1
SIM2
SIM3
SIM4
1
21
22
SIM5
SIM1
SIM2
SIM3
SIM4
1
21
22
SIM5
SIM1
SIM2
SIM3
SIM4
1
21
22
SIM5
SIM1
SIM2
SIM3
SIM4
1
21
22
SIM5
SIM1
SIM2
SIM3
SIM4
1
21
22
SIM5
SIM1
SIM2
SIM3
SIM4
1
21
22
SIM5
SIM1
SIM2
SIM3
SIM4
1
21
22
SIM5
SIM1
SIM2
SIM3
SIM4
1
21
22
SIM5
SIM1
SIM2
SIM3
SIM4
1
21
22
SIM5
SIM1
SIM2
SIM3
SIM4
1
21
22
SIM5
SIM1
SIM2
SIM3
SIM4
1
21
22
SIM5
SIM1
SIM2
SIM3
SIM4
1
21
22
SIM5
SIM1
SIM2
SIM3
SIM4
1
21
22
SIM5
SIM1
SIM2
SIM3
SIM4
1
21
22
SIM5
SIM1
SIM2
SIM3
SIM4
1
21
22
SIM5
SIM1
SIM2
SIM3
SIM4
1
21
22
SIM5
SIM1
SIM2
SIM3
SIM4
1
21
22
SIM5
SIM1
SIM2
SIM3
SIM4
1
21
22
SIM5
SIM1
SIM2
SIM3
SIM4
1
21
22
SIM5
SIM1
SIM2
SIM3
SIM4
1
21
22
SIM5
SIM1
SIM2
SIM3
SIM4
1
21
22
SIM5
SIM1
SIM2
SIM3
SIM4
1
21
22
SIM5
SIM1
SIM2
SIM3
SIM4
1
21
22
SIM5
SIM1
SIM2
SIM3
SIM4
1
21
22
SIM5
SIM1
SIM2
SIM3
SIM4
1
21
22
SIM5
SIM1
SIM2
SIM3
SIM4
1
21
22
SIM5
SIM1
SIM2
SIM3
SIM4
1
21
22
SIM5
SIM1
SIM2
SIM3
SIM4
1
21
22
SIM5
SIM1
SIM2
SIM3
SIM4
1
21
22
SIM5
SIM1
SIM2
SIM3
SIM4
1
21
22
SIM5
SIM1
SIM2
SIM3
SIM4
1
21
22
SIM5
SIM1
SIM2
SIM3
SIM4
1
21
22
SIM5
SIM1
SIM2
SIM3
SIM4
1
21
22
SIM5
SIM1
SIM2
SIM3
SIM4
1
21
22
SIM5
SIM1
SIM2
SIM3
SIM4
1
21
22
SIM5
SIM1
SIM2
SIM3
SIM4
1
21
22
SIM5
SIM1
SIM2
SIM3
SIM4
1
21
22
SIM5
SIM1
SIM2
SIM3
SIM4
1
21
22
SIM5
SIM1
SIM2
SIM3
SIM4
1
21
22
SIM5
SIM1
SIM2
SIM3
SIM4
1
21
22
SIM5
SIM1
SIM2
SIM3
SIM4
1
21
22
SIM5
SIM1
SIM2
SIM3
SIM4
1
21
22
SIM5
SIM1
SIM2
SIM3
SIM4
1
21
22
SIM5
SIM1
SIM2
SIM3
SIM4
1
21
22
SIM5
SIM1
SIM2
SIM3
SIM4
1
21
22
SIM5
SIM1
SIM2
SIM3
SIM4
1
21
22
SIM5
SIM1
SIM2
SIM3
SIM4
1
21
22
SIM5
SIM1
SIM2
DEBUG 1 846
SIM1
SIM2
SIM3
SIM4
1
21
22
SIM5
SIM1
SIM2
SIM3
SIM4
1
21
22
SIM5
SIM1
SIM2
SIM3
SIM4
1
21
22
SIM5
SIM1
SIM2
SIM3
SIM4
1
21
22
SIM5
SIM1
SIM2
SIM3
SIM4
1
21
22
SIM5
SIM1
SIM2
SIM3
SIM4
1
21
22
SIM5
SIM1
SIM2
SIM3
SIM4
1
21
22
SIM5
SIM1
SIM2
SIM3
SIM4
1
21
22
SIM5
SIM1
SIM2
SIM3
SIM4
1
21
22
SIM5
SIM1
SIM2
SIM3
SIM4
1
21
22
SIM5
SIM1
SIM2
SIM3
SIM4
1
21
22
SIM5
SIM1
SIM2
SIM3
SIM4
1
21
22
SIM5
SIM1
SIM2
SIM3
SIM4
1
21
22
SIM5
SIM1
SIM2
SIM3
SIM4
1
21
22
SIM5
SIM1
SIM2
SIM3
SIM4
1
21
22
SIM5
SIM1
SIM2
SIM3
SIM4
1
21
22
SIM5
SIM1
SIM2
SIM3
SIM4
1
21
22
SIM5
SIM1
SIM2
SIM3
SIM4
1
21
22
SIM5
SIM1
SIM2
SIM3
SIM4
1
21
22
SIM5
SIM1
SIM2
SIM3
SIM4
1
21
22
SIM5
SIM1
SIM2
SIM3
SIM4
1
21
22
SIM5
SIM1
SIM2
SIM3
SIM4
1
21
22
SIM5
SIM1
SIM2
SIM3
SIM4
1
21
22
SIM5
SIM1
SIM2
SIM3
SIM4
1
21
22
SIM5
SIM1
SIM2
SIM3
SIM4
1
21
22
SIM5
SIM1
SIM2
SIM3
SIM4
1
21
22
SIM5
SIM1
SIM2
SIM3
SIM4
1
21
22
SIM5
SIM1
SIM2
SIM3
SIM4
1
21
22
SIM5
SIM1
SIM2
SIM3
SIM4
1
21
22
SIM5
SIM1
SIM2
SIM3
SIM4
1
21
22
SIM5
SIM1
SIM2
SIM3
SIM4
1
21
22
SIM5
SIM1
SIM2
SIM3
SIM4
1
21
22
SIM5
SIM1
SIM2
SIM3
SIM4
1
21
22
SIM5
SIM1
SIM2
SIM3
SIM4
1
21
22
SIM5
SIM1
SIM2
SIM3
SIM4
1
21
22
SIM5
SIM1
SIM2
SIM3
SIM4
1
21
22
SIM5
SIM1
SIM2
SIM3
SIM4
1
21
22
SIM5
SIM1
SIM2
SIM3
SIM4
1
21
22
SIM5
SIM1
SIM2
SIM3
SIM4
1
21
22
SIM5
SIM1
SIM2
SIM3
SIM4
1
21
22
SIM5
SIM1
SIM2
SIM3
SIM4
1
21
22
SIM5
SIM1
SIM2
SIM3
SIM4
1
21
22
SIM5
SIM1
SIM2
SIM3
SIM4
1
21
22
SIM5
SIM1
SIM2
SIM3
SIM4
1
21
22
SIM5
SIM1
SIM2
SIM3
SIM4
1
21
22
SIM5
SIM1
SIM2
SIM3
SIM4
1
21
22
SIM5
SIM1
SIM2
SIM3
SIM4
1
21
22
SIM5
SIM1
SIM2
SIM3
SIM4
1
21
22
SIM5
SIM1
SIM2
SIM3
SIM4
1
21
22
SIM5
SIM1
SIM2
SIM3
SIM4
1
21
22
SIM5
SIM1
SIM2
SIM3
SIM4
1
21
22
SIM5
SIM1
SIM2
SIM3
SIM4
1
21
22
SIM5
SIM1
SIM2
SIM3
SIM4
1
21
22
SIM5
SIM1
SIM2
SIM3
SIM4
1
21
22
SIM5
SIM1
SIM2
SIM3
SIM4
1
21
22
SIM5
SIM1
SIM2
SIM3
SIM4
1
21
22
SIM5
SIM1
SIM2
SIM3
SIM4
1
21
22
SIM5
SIM1
SIM2
SIM3
SIM4
1
21
22
SIM5
SIM1
SIM2
SIM3
SIM4
1
21
22
SIM5
SIM1
SIM2
SIM3
SIM4
1
21
22
SIM5
SIM1
SIM2
SIM3
SIM4
1
21
22
SIM5
SIM1
SIM2
SIM3
SIM4
1
21
22
SIM5
SIM1
SIM2
SIM3
SIM4
1
21
22
SIM5
SIM1
SIM2
SIM3
SIM4
1
21
22
SIM5
SIM1
SIM2
SIM3
SIM4
1
21
22
SIM5
SIM1
SIM2
SIM3
SIM4
1
21
22
SIM5
SIM1
SIM2
SIM3
SIM4
1
21
22
SIM5
SIM1
SIM2
SIM3
SIM4
1
21
22
SIM5
SIM1
SIM2
SIM3
SIM4
1
21
22
SIM5
SIM1
SIM2
SIM3
SIM4
1
21
22
SIM5
SIM1
SIM2
SIM3
SIM4
1
21
22
SIM5
SIM1
SIM2
SIM3
SIM4
1
21
22
SIM5
SIM1
SIM2
SIM3
SIM4
1
21
22
SIM5
SIM1
SIM2
SIM3
SIM4
1
21
22
SIM5
SIM1
SIM2
SIM3
SIM4
1
21
22
SIM5
SIM1
SIM2
SIM3
SIM4
1
21
22
SIM5
SIM1
SIM2
SIM3
SIM4
1
21
22
SIM5
SIM1
SIM2
SIM3
SIM4
1
21
22
SIM5
SIM1
SIM2
SIM3
SIM4
1
21
22
SIM5
SIM1
SIM2
SIM3
SIM4
1
21
22
SIM5
SIM1
SIM2
SIM3
SIM4
1
21
22
SIM5
SIM1
SIM2
SIM3
SIM4
1
21
22
SIM5
SIM1
SIM2
SIM3
SIM4
1
21
22
SIM5
SIM1
SIM2
SIM3
SIM4
1
21
22
SIM5
SIM1
SIM2
SIM3
SIM4
1
21
22
SIM5
SIM1
SIM2
SIM3
SIM4
1
21
22
SIM5
SIM1
SIM2
SIM3
SIM4
1
21
22
SIM5
SIM1
SIM2
SIM3
SIM4
1
21
22
SIM5
SIM1
SIM2
SIM3
SIM4
1
21
22
SIM5
SIM1
SIM2
SIM3
SIM4
1
21
22
SIM5
SIM1
SIM2
SIM3
SIM4
1
21
22
SIM5
SIM1
SIM2
SIM3
SIM4
1
21
22
SIM5
SIM1
SIM2
SIM3
SIM4
1
21
22
SIM5
SIM1
SIM2
SIM3
SIM4
1
21
22
SIM5
SIM1
SIM2
SIM3
SIM4
1
21
22
SIM5
SIM1
SIM2
SIM3
SIM4
1
21
22
SIM5
SIM1
SIM2
SIM3
SIM4
1
21
22
SIM5
SIM1
SIM2
SIM3
SIM4
1
21
22
SIM5
SIM1
SIM2
SIM3
SIM4
1
21
22
SIM5
SIM1
SIM2
SIM3
SIM4
1
21
22
SIM5
SIM1
SIM2
SIM3
SIM4
1
21
22
SIM5
SIM1
SIM2
DEBUG 1 847
SIM1
SIM2
SIM3
SIM4
1
21
22
SIM5
SIM1
SIM2
SIM3
SIM4
1
21
22
SIM5
SIM1
SIM2
SIM3
SIM4
1
21
22
SIM5
SIM1
SIM2
SIM3
SIM4
1
21
22
SIM5
SIM1
SIM2
SIM3
SIM4
1
21
22
SIM5
SIM1
SIM2
SIM3
SIM4
1
21
22
SIM5
SIM1
SIM2
SIM3
SIM4
1
21
22
SIM5
SIM1
SIM2
SIM3
SIM4
1
21
22
SIM5
SIM1
SIM2
SIM3
SIM4
1
21
22
SIM5
SIM1
SIM2
SIM3
SIM4
1
21
22
SIM5
SIM1
SIM2
SIM3
SIM4
1
21
22
SIM5
SIM1
SIM2
SIM3
SIM4
1
21
22
SIM5
SIM1
SIM2
SIM3
SIM4
1
21
22
SIM5
SIM1
SIM2
SIM3
SIM4
1
21
22
SIM5
SIM1
SIM2
SIM3
SIM4
1
21
22
SIM5
SIM1
SIM2
SIM3
SIM4
1
21
22
SIM5
SIM1
SIM2
SIM3
SIM4
1
21
22
SIM5
SIM1
SIM2
SIM3
SIM4
1
21
22
SIM5
SIM1
SIM2
SIM3
SIM4
1
21
22
SIM5
SIM1
SIM2
SIM3
SIM4
1
21
22
SIM5
SIM1
SIM2
SIM3
SIM4
1
21
22
SIM5
SIM1
SIM2
SIM3
SIM4
1
21
22
SIM5
SIM1
SIM2
SIM3
SIM4
1
21
22
SIM5
SIM1
SIM2
SIM3
SIM4
1
21
22
SIM5
SIM1
SIM2
SIM3
SIM4
1
21
22
SIM5
SIM1
SIM2
SIM3
SIM4
1
21
22
SIM5
SIM1
SIM2
SIM3
SIM4
1
21
22
SIM5
SIM1
SIM2
SIM3
SIM4
1
21
22
SIM5
SIM1
SIM2
SIM3
SIM4
1
21
22
SIM5
SIM1
SIM2
SIM3
SIM4
1
21
22
SIM5
SIM1
SIM2
SIM3
SIM4
1
21
22
SIM5
SIM1
SIM2
SIM3
SIM4
1
21
22
SIM5
SIM1
SIM2
SIM3
SIM4
1
21
22
SIM5
SIM1
SIM2
SIM3
SIM4
1
21
22
SIM5
SIM1
SIM2
SIM3
SIM4
1
21
22
SIM5
SIM1
SIM2
SIM3
SIM4
1
21
22
SIM5
SIM1
SIM2
SIM3
SIM4
1
21
22
SIM5
SIM1
SIM2
SIM3
SIM4
1
21
22
SIM5
SIM1
SIM2
SIM3
SIM4
1
21
22
SIM5
SIM1
SIM2
SIM3
SIM4
1
21
22
SIM5
SIM1
SIM2
SIM3
SIM4
1
21
22
SIM5
SIM1
SIM2
SIM3
SIM4
1
21
22
SIM5
SIM1
SIM2
SIM3
SIM4
1
21
22
SIM5
SIM1
SIM2
SIM3
SIM4
1
21
22
SIM5
SIM1
SIM2
SIM3
SIM4
1
21
22
SIM5
SIM1
SIM2
SIM3
SIM4
1
21
22
SIM5
SIM1
SIM2
SIM3
SIM4
1
21
22
SIM5
SIM1
SIM2
SIM3
SIM4
1
21
22
SIM5
SIM1
SIM2
SIM3
SIM4
1
21
22
SIM5
SIM1
SIM2
SIM3
SIM4
1
21
22
SIM5
SIM1
SIM2
SIM3
SIM4
1
21
22
SIM5
SIM1
SIM2
SIM3
SIM4
1
21
22
SIM5
SIM1
SIM2
SIM3
SIM4
1
21
22
SIM5
SIM1
SIM2
SIM3
SIM4
1
21
22
SIM5
SIM1
SIM2
SIM3
SIM4
1
21
22
SIM5
SIM1
SIM2
SIM3
SIM4
1
21
22
SIM5
SIM1
SIM2
SIM3
SIM4
1
21
22
SIM5
SIM1
SIM2
SIM3
SIM4
1
21
22
SIM5
SIM1
SIM2
SIM3
SIM4
1
21
22
SIM5
SIM1
SIM2
SIM3
SIM4
1
21
22
SIM5
SIM1
SIM2
SIM3
SIM4
1
21
22
SIM5
SIM1
SIM2
SIM3
SIM4
1
21
22
SIM5
SIM1
SIM2
SIM3
SIM4
1
21
22
SIM5
SIM1
SIM2
SIM3
SIM4
1
21
22
SIM5
SIM1
SIM2
SIM3
SIM4
1
21
22
SIM5
SIM1
SIM2
SIM3
SIM4
1
21
22
SIM5
SIM1
SIM2
SIM3
SIM4
1
21
22
SIM5
SIM1
SIM2
SIM3
SIM4
1
21
22
SIM5
SIM1
SIM2
SIM3
SIM4
1
21
22
SIM5
SIM1
SIM2
SIM3
SIM4
1
21
22
SIM5
SIM1
SIM2
SIM3
SIM4
1
21
22
SIM5
SIM1
SIM2
SIM3
SIM4
1
21
22
SIM5
SIM1
SIM2
SIM3
SIM4
1
21
22
SIM5
SIM1
SIM2
SIM3
SIM4
1
21
22
SIM5
SIM1
SIM2
SIM3
SIM4
1
21
22
SIM5
SIM1
SIM2
SIM3
SIM4
1
21
22
SIM5
SIM1
SIM2
SIM3
SIM4
1
21
22
SIM5
SIM1
SIM2
SIM3
SIM4
1
21
22
SIM5
SIM1
SIM2
SIM3
SIM4
1
21
22
SIM5
SIM1
SIM2
SIM3
SIM4
1
21
22
SIM5
SIM1
SIM2
SIM3
SIM4
1
21
22
SIM5
SIM1
SIM2
SIM3
SIM4
1
21
22
SIM5
SIM1
SIM2
SIM3
SIM4
1
21
22
SIM5
SIM1
SIM2
SIM3
SIM4
1
21
22
SIM5
SIM1
SIM2
SIM3
SIM4
1
21
22
SIM5
SIM1
SIM2
SIM3
SIM4
1
21
22
SIM5
SIM1
SIM2
SIM3
SIM4
1
21
22
SIM5
SIM1
SIM2
SIM3
SIM4
1
21
22
SIM5
SIM1
SIM2
SIM3
SIM4
1
21
22
SIM5
SIM1
SIM2
SIM3
SIM4
1
21
22
SIM5
SIM1
SIM2
SIM3
SIM4
1
21
22
SIM5
SIM1
SIM2
SIM3
SIM4
1
21
22
SIM5
SIM1
SIM2
SIM3
SIM4
1
21
22
SIM5
SIM1
SIM2
SIM3
SIM4
1
21
22
SIM5
SIM1
SIM2
SIM3
SIM4
1
21
22
SIM5
SIM1
SIM2
SIM3
SIM4
1
21
22
SIM5
SIM1
SIM2
SIM3
SIM4
1
21
22
SIM5
SIM1
SIM2
SIM3
SIM4
1
21
22
SIM5
SIM1
SIM2
SIM3
SIM4
1
21
22
SIM5
SIM1
SIM2
SIM3
SIM4
1
21
22
SIM5
SIM1
SIM2
SIM3
SIM4
1
21
22
SIM5
SIM1
SIM2
SIM3
SIM4
1
21
22
SIM5
SIM1
SIM2
SIM3
SIM4
1
21
22
SIM5
SIM1
SIM2
SIM3
SIM4
1
21
22
SIM5
SIM1
SIM2
SIM3
SIM4
1
21
22
SIM5
SIM1
SIM2
SIM3
SIM4
1
21
22
SIM5
SIM1
SIM2
SIM3
SIM4
1
21
22
SIM5
SIM1
SIM2
SIM3
SIM4
1
21
22
SIM5
SIM1
SIM2
SIM3
SIM4
1
21
22
SIM5
SIM1
SIM2
SIM3
SIM4
1
21
22
SIM5
SIM1
SIM2
SIM3
SIM4
1
21
22
SIM5
SIM1
SIM2
SIM3
SIM4
1
21
22
SIM5
SIM1
SIM2
SIM3
SIM4
1
21
22
SIM5
SIM1
SIM2
SIM3
SIM4
1
21
22
SIM5
SIM1
SIM2
SIM3
SIM4
1
21
22
SIM5
SIM1
SIM2
SIM3
SIM4
1
21
22
SIM5
SIM1
SIM2
SIM3
SIM4
1
21
22
SIM5
SIM1
SIM2
SIM3
SIM4
1
21
22
SIM5
SIM1
SIM2
SIM3
SIM4
1
21
22
SIM5
SIM1
SIM2
SIM3
SIM4
1
21
22
SIM5
SIM1
SIM2
SIM3
SIM4
1
21
22
SIM5
SIM1
SIM2
SIM3
SIM4
1
21
22
SIM5
SIM1
SIM2
SIM3
SIM4
1
21
22
SIM5
SIM1
SIM2
SIM3
SIM4
1
21
22
SIM5
SIM1
SIM2
SIM3
SIM4
1
21
22
SIM5
SIM1
SIM2
SIM3
SIM4
1
21
22
SIM5
SIM1
SIM2
SIM3
SIM4
1
21
22
SIM5
SIM1
SIM2
SIM3
SIM4
1
21
22
SIM5
SIM1
SIM2
SIM3
SIM4
1
21
22
SIM5
SIM1
SIM2
SIM3
SIM4
1
21
22
SIM5
SIM1
SIM2
SIM3
SIM4
1
21
22
SIM5
SIM1
SIM2
SIM3
SIM4
1
21
22
SIM5
SIM1
SIM2
SIM3
SIM4
1
21
22
SIM5
SIM1
SIM2
SIM3
SIM4
1
21
22
SIM5
SIM1
SIM2
SIM3
SIM4
1
21
22
SIM5
SIM1
SIM2
SIM3
SIM4
1
21
22
SIM5
SIM1
SIM2
SIM3
SIM4
1
21
22
SIM5
SIM1
SIM2
SIM3
SIM4
1
21
22
SIM5
SIM1
SIM2
SIM3
SIM4
1
21
22
SIM5
SIM1
SIM2
SIM3
SIM4
1
21
22
SIM5
SIM1
SIM2
SIM3
SIM4
1
21
22
SIM5
SIM1
SIM2
SIM3
SIM4
1
21
22
SIM5
SIM1
SIM2
SIM3
SIM4
1
21
22
SIM5
SIM1
SIM2
SIM3
SIM4
1
21
22
SIM5
SIM1
SIM2
SIM3
SIM4
1
21
22
SIM5
SIM1
SIM2
SIM3
SIM4
1
21
22
SIM5
SIM1
SIM2
SIM3
SIM4
1
21
22
SIM5
SIM1
SIM2
SIM3
SIM4
1
21
22
SIM5
SIM1
SIM2
SIM3
SIM4
1
21
22
SIM5
SIM1
SIM2
SIM3
SIM4
1
21
22
SIM5
SIM1
SIM2
SIM3
SIM4
1
21
22
SIM5
SIM1
SIM2
SIM3
SIM4
1
21
22
SIM5
SIM1
SIM2
SIM3
SIM4
1
21
22
SIM5
SIM1
SIM2
SIM3
SIM4
1
21
22
SIM5
SIM1
SIM2
SIM3
SIM4
1
21
22
SIM5
SIM1
SIM2
SIM3
SIM4
1
21
22
SIM5
SIM1
SIM2
SIM3
SIM4
1
21
22
SIM5
SIM1
SIM2
SIM3
SIM4
1
21
22
SIM5
SIM1
SIM2
SIM3
SIM4
1
21
22
SIM5
SIM1
SIM2
SIM3
SIM4
1
21
22
SIM5
SIM1
SIM2
SIM3
SIM4
1
21
22
SIM5
SIM1
SIM2
SIM3
SIM4
1
21
22
SIM5
SIM1
SIM2
SIM3
SIM4
1
21
22
SIM5
SIM1
SIM2
SIM3
SIM4
1
21
22
SIM5
SIM1
SIM2
SIM3
SIM4
1
21
22
SIM5
SIM1
SIM2
DEBUG 1 848
SIM1
SIM2
SIM3
SIM4
1
21
22
SIM5
SIM1
SIM2
SIM3
SIM4
1
21
22
SIM5
SIM1
SIM2
SIM3
SIM4
1
21
22
SIM5
SIM1
SIM2
SIM3
SIM4
1
21
22
SIM5
SIM1
SIM2
SIM3
SIM4
1
21
22
SIM5
SIM1
SIM2
SIM3
SIM4
1
21
22
SIM5
SIM1
SIM2
SIM3
SIM4
1
21
22
SIM5
SIM1
SIM2
SIM3
SIM4
1
21
22
SIM5
SIM1
SIM2
SIM3
SIM4
1
21
22
SIM5
SIM1
SIM2
SIM3
SIM4
1
21
22
SIM5
SIM1
SIM2
SIM3
SIM4
1
21
22
SIM5
SIM1
SIM2
SIM3
SIM4
1
21
22
SIM5
SIM1
SIM2
SIM3
SIM4
1
21
22
SIM5
SIM1
SIM2
SIM3
SIM4
1
21
22
SIM5
SIM1
SIM2
SIM3
SIM4
1
21
22
SIM5
SIM1
SIM2
SIM3
SIM4
1
21
22
SIM5
SIM1
SIM2
SIM3
SIM4
1
21
22
SIM5
SIM1
SIM2
SIM3
SIM4
1
21
22
SIM5
SIM1
SIM2
SIM3
SIM4
1
21
22
SIM5
SIM1
SIM2
SIM3
SIM4
1
21
22
SIM5
SIM1
SIM2
SIM3
SIM4
1
21
22
SIM5
SIM1
SIM2
SIM3
SIM4
1
21
22
SIM5
SIM1
SIM2
SIM3
SIM4
1
21
22
SIM5
SIM1
SIM2
SIM3
SIM4
1
21
22
SIM5
SIM1
SIM2
SIM3
SIM4
1
21
22
SIM5
SIM1
SIM2
SIM3
SIM4
1
21
22
SIM5
SIM1
SIM2
SIM3
SIM4
1
21
22
SIM5
SIM1
SIM2
SIM3
SIM4
1
21
22
SIM5
SIM1
SIM2
SIM3
SIM4
1
21
22
SIM5
SIM1
SIM2
SIM3
SIM4
1
21
22
SIM5
SIM1
SIM2
SIM3
SIM4
1
21
22
SIM5
SIM1
SIM2
SIM3
SIM4
1
21
22
SIM5
SIM1
SIM2
SIM3
SIM4
1
21
22
SIM5
SIM1
SIM2
SIM3
SIM4
1
21
22
SIM5
SIM1
SIM2
SIM3
SIM4
1
21
22
SIM5
SIM1
SIM2
SIM3
SIM4
1
21
22
SIM5
SIM1
SIM2
SIM3
SIM4
1
21
22
SIM5
SIM1
SIM2
SIM3
SIM4
1
21
22
SIM5
SIM1
SIM2
SIM3
SIM4
1
21
22
SIM5
SIM1
SIM2
SIM3
SIM4
1
21
22
SIM5
SIM1
SIM2
SIM3
SIM4
1
21
22
SIM5
SIM1
SIM2
SIM3
SIM4
1
21
22
SIM5
SIM1
SIM2
SIM3
SIM4
1
21
22
SIM5
SIM1
SIM2
SIM3
SIM4
1
21
22
SIM5
SIM1
SIM2
SIM3
SIM4
1
21
22
SIM5
SIM1
SIM2
SIM3
SIM4
1
21
22
SIM5
SIM1
SIM2
SIM3
SIM4
1
21
22
SIM5
SIM1
SIM2
SIM3
SIM4
1
21
22
SIM5
SIM1
SIM2
SIM3
SIM4
1
21
22
SIM5
SIM1
SIM2
SIM3
SIM4
1
21
22
SIM5
SIM1
SIM2
SIM3
SIM4
1
21
22
SIM5
SIM1
SIM2
SIM3
SIM4
1
21
22
SIM5
SIM1
SIM2
SIM3
SIM4
1
21
22
SIM5
SIM1
SIM2
SIM3
SIM4
1
21
22
SIM5
SIM1
SIM2
SIM3
SIM4
1
21
22
SIM5
SIM1
SIM2
SIM3
SIM4
1
21
22
SIM5
SIM1
SIM2
SIM3
SIM4
1
21
22
SIM5
SIM1
SIM2
SIM3
SIM4
1
21
22
SIM5
SIM1
SIM2
SIM3
SIM4
1
21
22
SIM5
SIM1
SIM2
SIM3
SIM4
1
21
22
SIM5
SIM1
SIM2
SIM3
SIM4
1
21
22
SIM5
SIM1
SIM2
SIM3
SIM4
1
21
22
SIM5
SIM1
SIM2
SIM3
SIM4
1
21
22
SIM5
SIM1
SIM2
SIM3
SIM4
1
21
22
SIM5
SIM1
SIM2
SIM3
SIM4
1
21
22
SIM5
SIM1
SIM2
SIM3
SIM4
1
21
22
SIM5
SIM1
SIM2
SIM3
SIM4
1
21
22
SIM5
SIM1
SIM2
SIM3
SIM4
1
21
22
SIM5
SIM1
SIM2
SIM3
SIM4
1
21
22
SIM5
SIM1
SIM2
SIM3
SIM4
1
21
22
SIM5
SIM1
SIM2
SIM3
SIM4
1
21
22
SIM5
SIM1
SIM2
SIM3
SIM4
1
21
22
SIM5
SIM1
SIM2
SIM3
SIM4
1
21
22
SIM5
SIM1
SIM2
SIM3
SIM4
1
21
22
SIM5
SIM1
SIM2
SIM3
SIM4
1
21
22
SIM5
SIM1
SIM2
SIM3
SIM4
1
21
22
SIM5
SIM1
SIM2
SIM3
SIM4
1
21
22
SIM5
SIM1
SIM2
SIM3
SIM4
1
21
22
SIM5
SIM1
SIM2
SIM3
SIM4
1
21
22
SIM5
SIM1
SIM2
SIM3
SIM4
1
21
22
SIM5
SIM1
SIM2
SIM3
SIM4
1
21
22
SIM5
SIM1
SIM2
SIM3
SIM4
1
21
22
SIM5
SIM1
SIM2
SIM3
SIM4
1
21
22
SIM5
SIM1
SIM2
SIM3
SIM4
1
21
22
SIM5
SIM1
SIM2
SIM3
SIM4
1
21
22
SIM5
SIM1
SIM2
SIM3
SIM4
1
21
22
SIM5
SIM1
SIM2
SIM3
SIM4
1
21
22
SIM5
SIM1
SIM2
SIM3
SIM4
1
21
22
SIM5
SIM1
SIM2
SIM3
SIM4
1
21
22
SIM5
SIM1
SIM2
SIM3
SIM4
1
21
22
SIM5
SIM1
SIM2
SIM3
SIM4
1
21
22
SIM5
SIM1
SIM2
SIM3
SIM4
1
21
22
SIM5
SIM1
SIM2
SIM3
SIM4
1
21
22
SIM5
SIM1
SIM2
SIM3
SIM4
1
21
22
SIM5
SIM1
SIM2
SIM3
SIM4
1
21
22
SIM5
SIM1
SIM2
SIM3
SIM4
1
21
22
SIM5
SIM1
SIM2
SIM3
SIM4
1
21
22
SIM5
SIM1
SIM2
SIM3
SIM4
1
21
22
SIM5
SIM1
SIM2
SIM3
SIM4
1
21
22
SIM5
SIM1
SIM2
SIM3
SIM4
1
21
22
SIM5
SIM1
SIM2
SIM3
SIM4
1
21
22
SIM5
SIM1
SIM2
SIM3
SIM4
1
21
22
SIM5
SIM1
SIM2
SIM3
SIM4
1
21
22
SIM5
SIM1
SIM2
SIM3
SIM4
1
21
22
SIM5
SIM1
SIM2
SIM3
SIM4
1
21
22
SIM5
SIM1
SIM2
SIM3
SIM4
1
21
22
SIM5
SIM1
SIM2
SIM3
SIM4
1
21
22
SIM5
SIM1
SIM2
SIM3
SIM4
1
21
22
SIM5
SIM1
SIM2
SIM3
SIM4
1
21
22
SIM5
SIM1
SIM2
SIM3
SIM4
1
21
22
SIM5
SIM1
SIM2
SIM3
SIM4
1
21
22
SIM5
SIM1
SIM2
SIM3
SIM4
1
21
22
SIM5
SIM1
SIM2
SIM3
SIM4
1
21
22
SIM5
SIM1
SIM2
SIM3
SIM4
1
21
22
SIM5
SIM1
SIM2
SIM3
SIM4
1
21
22
SIM5
SIM1
SIM2
SIM3
SIM4
1
21
22
SIM5
SIM1
SIM2
SIM3
SIM4
1
21
22
SIM5
SIM1
SIM2
SIM3
SIM4
1
21
22
SIM5
SIM1
SIM2
SIM3
SIM4
1
21
22
SIM5
SIM1
SIM2
SIM3
SIM4
1
21
22
SIM5
SIM1
SIM2
SIM3
SIM4
1
21
22
SIM5
SIM1
SIM2
SIM3
SIM4
1
21
22
SIM5
SIM1
SIM2
SIM3
SIM4
1
21
22
SIM5
SIM1
SIM2
SIM3
SIM4
1
21
22
SIM5
SIM1
SIM2
SIM3
SIM4
1
21
22
SIM5
SIM1
SIM2
SIM3
SIM4
1
21
22
SIM5
SIM1
SIM2
SIM3
SIM4
1
21
22
SIM5
SIM1
SIM2
SIM3
SIM4
1
21
22
SIM5
SIM1
SIM2
SIM3
SIM4
1
21
22
SIM5
SIM1
SIM2
SIM3
SIM4
1
21
22
SIM5
SIM1
SIM2
SIM3
SIM4
1
21
22
SIM5
SIM1
SIM2
SIM3
SIM4
1
21
22
SIM5
SIM1
SIM2
SIM3
SIM4
1
21
22
SIM5
SIM1
SIM2
SIM3
SIM4
1
21
22
SIM5
SIM1
SIM2
SIM3
SIM4
1
21
22
SIM5
SIM1
SIM2
SIM3
SIM4
1
21
22
SIM5
SIM1
SIM2
SIM3
SIM4
1
21
22
SIM5
SIM1
SIM2
SIM3
SIM4
1
21
22
SIM5
SIM1
SIM2
SIM3
SIM4
1
21
22
SIM5
SIM1
SIM2
SIM3
SIM4
1
21
22
SIM5
SIM1
SIM2
SIM3
SIM4
1
21
22
SIM5
SIM1
SIM2
SIM3
SIM4
1
21
22
SIM5
SIM1
SIM2
SIM3
SIM4
1
21
22
SIM5
SIM1
SIM2
SIM3
SIM4
1
21
22
SIM5
SIM1
SIM2
SIM3
SIM4
1
21
22
SIM5
SIM1
SIM2
SIM3
SIM4
1
21
22
SIM5
SIM1
SIM2
SIM3
SIM4
1
21
22
SIM5
SIM1
SIM2
SIM3
SIM4
1
21
22
SIM5
SIM1
SIM2
SIM3
SIM4
1
21
22
SIM5
SIM1
SIM2
SIM3
SIM4
1
21
22
SIM5
SIM1
SIM2
SIM3
SIM4
1
21
22
SIM5
SIM1
SIM2
SIM3
SIM4
1
21
22
SIM5
SIM1
SIM2
SIM3
SIM4
1
21
22
SIM5
SIM1
SIM2
SIM3
SIM4
1
21
22
SIM5
SIM1
SIM2
SIM3
SIM4
1
21
22
SIM5
SIM1
SIM2
SIM3
SIM4
1
21
22
SIM5
SIM1
SIM2
SIM3
SIM4
1
21
22
SIM5
SIM1
SIM2
SIM3
SIM4
1
21
22
SIM5
SIM1
SIM2
SIM3
SIM4
1
21
22
SIM5
SIM1
SIM2
SIM3
SIM4
1
21
22
SIM5
SIM1
SIM2
SIM3
SIM4
1
21
22
SIM5
SIM1
SIM2
SIM3
SIM4
1
21
22
SIM5
SIM1
SIM2
SIM3
SIM4
1
21
22
SIM5
SIM1
SIM2
SIM3
SIM4
1
21
22
SIM5
SIM1
SIM2
SIM3
SIM4
1
21
22
SIM5
SIM1
SIM2
SIM3
SIM4
1
21
22
SIM5
SIM1
SIM2
SIM3
SIM4
1
21
22
SIM5
SIM1
SIM2
SIM3
SIM4
1
21
22
SIM5
SIM1
SIM2
SIM3
SIM4
1
21
22
SIM5
SIM1
SIM2
SIM3
SIM4
1
21
22
SIM5
SIM1
SIM2
SIM3
SIM4
1
21
22
SIM5
SIM1
SIM2
SIM3
SIM4
1
21
22
SIM5
SIM1
SIM2
SIM3
SIM4
1
21
22
SIM5
SIM1
SIM2
SIM3
SIM4
1
21
22
SIM5
SIM1
SIM2
SIM3
SIM4
1
21
22
SIM5
SIM1
SIM2
SIM3
SIM4
1
21
22
SIM5
SIM1
SIM2
SIM3
SIM4
1
21
22
SIM5
SIM1
SIM2
DEBUG 1 849
SIM1
SIM2
SIM3
SIM4
1
21
22
SIM5
SIM1
SIM2
SIM3
SIM4
1
21
22
SIM5
SIM1
SIM2
SIM3
SIM4
1
21
22
SIM5
SIM1
SIM2
SIM3
SIM4
1
21
22
SIM5
SIM1
SIM2
SIM3
SIM4
1
21
22
SIM5
SIM1
SIM2
SIM3
SIM4
1
21
22
SIM5
SIM1
SIM2
SIM3
SIM4
1
21
22
SIM5
SIM1
SIM2
SIM3
SIM4
1
21
22
SIM5
SIM1
SIM2
SIM3
SIM4
1
21
22
SIM5
SIM1
SIM2
SIM3
SIM4
1
21
22
SIM5
SIM1
SIM2
SIM3
SIM4
1
21
22
SIM5
SIM1
SIM2
SIM3
SIM4
1
21
22
SIM5
SIM1
SIM2
SIM3
SIM4
1
21
22
SIM5
SIM1
SIM2
SIM3
SIM4
1
21
22
SIM5
SIM1
SIM2
SIM3
SIM4
1
21
22
SIM5
SIM1
SIM2
SIM3
SIM4
1
21
22
SIM5
SIM1
SIM2
SIM3
SIM4
1
21
22
SIM5
SIM1
SIM2
SIM3
SIM4
1
21
22
SIM5
SIM1
SIM2
SIM3
SIM4
1
21
22
SIM5
SIM1
SIM2
SIM3
SIM4
1
21
22
SIM5
SIM1
SIM2
SIM3
SIM4
1
21
22
SIM5
SIM1
SIM2
SIM3
SIM4
1
21
22
SIM5
SIM1
SIM2
SIM3
SIM4
1
21
22
SIM5
SIM1
SIM2
SIM3
SIM4
1
21
22
SIM5
SIM1
SIM2
SIM3
SIM4
1
21
22
SIM5
SIM1
SIM2
SIM3
SIM4
1
21
22
SIM5
SIM1
SIM2
SIM3
SIM4
1
21
22
SIM5
SIM1
SIM2
SIM3
SIM4
1
21
22
SIM5
SIM1
SIM2
SIM3
SIM4
1
21
22
SIM5
SIM1
SIM2
SIM3
SIM4
1
21
22
SIM5
SIM1
SIM2
SIM3
SIM4
1
21
22
SIM5
SIM1
SIM2
SIM3
SIM4
1
21
22
SIM5
SIM1
SIM2
SIM3
SIM4
1
21
22
SIM5
SIM1
SIM2
SIM3
SIM4
1
21
22
SIM5
SIM1
SIM2
SIM3
SIM4
1
21
22
SIM5
SIM1
SIM2
SIM3
SIM4
1
21
22
SIM5
SIM1
SIM2
SIM3
SIM4
1
21
22
SIM5
SIM1
SIM2
SIM3
SIM4
1
21
22
SIM5
SIM1
SIM2
SIM3
SIM4
1
21
22
SIM5
SIM1
SIM2
SIM3
SIM4
1
21
22
SIM5
SIM1
SIM2
SIM3
SIM4
1
21
22
SIM5
SIM1
SIM2
SIM3
SIM4
1
21
22
SIM5
SIM1
SIM2
SIM3
SIM4
1
21
22
SIM5
SIM1
SIM2
SIM3
SIM4
1
21
22
SIM5
SIM1
SIM2
SIM3
SIM4
1
21
22
SIM5
SIM1
SIM2
SIM3
SIM4
1
21
22
SIM5
SIM1
SIM2
SIM3
SIM4
1
21
22
SIM5
SIM1
SIM2
SIM3
SIM4
1
21
22
SIM5
SIM1
SIM2
SIM3
SIM4
1
21
22
SIM5
SIM1
SIM2
SIM3
SIM4
1
21
22
SIM5
SIM1
SIM2
SIM3
SIM4
1
21
22
SIM5
SIM1
SIM2
SIM3
SIM4
1
21
22
SIM5
SIM1
SIM2
SIM3
SIM4
1
21
22
SIM5
SIM1
SIM2
SIM3
SIM4
1
21
22
SIM5
SIM1
SIM2
SIM3
SIM4
1
21
22
SIM5
SIM1
SIM2
SIM3
SIM4
1
21
22
SIM5
SIM1
SIM2
SIM3
SIM4
1
21
22
SIM5
SIM1
SIM2
SIM3
SIM4
1
21
22
SIM5
SIM1
SIM2
SIM3
SIM4
1
21
22
SIM5
SIM1
SIM2
SIM3
SIM4
1
21
22
SIM5
SIM1
SIM2
SIM3
SIM4
1
21
22
SIM5
SIM1
SIM2
SIM3
SIM4
1
21
22
SIM5
SIM1
SIM2
SIM3
SIM4
1
21
22
SIM5
SIM1
SIM2
SIM3
SIM4
1
21
22
SIM5
SIM1
SIM2
SIM3
SIM4
1
21
22
SIM5
SIM1
SIM2
SIM3
SIM4
1
21
22
SIM5
SIM1
SIM2
SIM3
SIM4
1
21
22
SIM5
SIM1
SIM2
SIM3
SIM4
1
21
22
SIM5
SIM1
SIM2
SIM3
SIM4
1
21
22
SIM5
SIM1
SIM2
SIM3
SIM4
1
21
22
SIM5
SIM1
SIM2
SIM3
SIM4
1
21
22
SIM5
SIM1
SIM2
SIM3
SIM4
1
21
22
SIM5
SIM1
SIM2
SIM3
SIM4
1
21
22
SIM5
SIM1
SIM2
SIM3
SIM4
1
21
22
SIM5
SIM1
SIM2
SIM3
SIM4
1
21
22
SIM5
SIM1
SIM2
SIM3
SIM4
1
21
22
SIM5
SIM1
SIM2
SIM3
SIM4
1
21
22
SIM5
SIM1
SIM2
SIM3
SIM4
1
21
22
SIM5
SIM1
SIM2
SIM3
SIM4
1
21
22
SIM5
SIM1
SIM2
SIM3
SIM4
1
21
22
SIM5
SIM1
SIM2
SIM3
SIM4
1
21
22
SIM5
SIM1
SIM2
SIM3
SIM4
1
21
22
SIM5
SIM1
SIM2
SIM3
SIM4
1
21
22
SIM5
SIM1
SIM2
SIM3
SIM4
1
21
22
SIM5
SIM1
SIM2
SIM3
SIM4
1
21
22
SIM5
SIM1
SIM2
SIM3
SIM4
1
21
22
SIM5
SIM1
SIM2
SIM3
SIM4
1
21
22
SIM5
SIM1
SIM2
SIM3
SIM4
1
21
22
SIM5
SIM1
SIM2
SIM3
SIM4
1
21
22
SIM5
SIM1
SIM2
SIM3
SIM4
1
21
22
SIM5
SIM1
SIM2
SIM3
SIM4
1
21
22
SIM5
SIM1
SIM2
SIM3
SIM4
1
21
22
SIM5
SIM1
SIM2
SIM3
SIM4
1
21
22
SIM5
SIM1
SIM2
SIM3
SIM4
1
21
22
SIM5
SIM1
SIM2
SIM3
SIM4
1
21
22
SIM5
SIM1
SIM2
SIM3
SIM4
1
21
22
SIM5
SIM1
SIM2
SIM3
SIM4
1
21
22
SIM5
SIM1
SIM2
SIM3
SIM4
1
21
22
SIM5
SIM1
SIM2
SIM3
SIM4
1
21
22
SIM5
SIM1
SIM2
SIM3
SIM4
1
21
22
SIM5
SIM1
SIM2
SIM3
SIM4
1
21
22
SIM5
SIM1
SIM2
SIM3
SIM4
1
21
22
SIM5
SIM1
SIM2
SIM3
SIM4
1
21
22
SIM5
SIM1
SIM2
SIM3
SIM4
1
21
22
SIM5
SIM1
SIM2
SIM3
SIM4
1
21
22
SIM5
SIM1
SIM2
SIM3
SIM4
1
21
22
SIM5
SIM1
SIM2
SIM3
SIM4
1
21
22
SIM5
SIM1
SIM2
SIM3
SIM4
1
21
22
SIM5
SIM1
SIM2
SIM3
SIM4
1
21
22
SIM5
SIM1
SIM2
SIM3
SIM4
1
21
22
SIM5
SIM1
SIM2
SIM3
SIM4
1
21
22
SIM5
SIM1
SIM2
SIM3
SIM4
1
21
22
SIM5
SIM1
SIM2
SIM3
SIM4
1
21
22
SIM5
SIM1
SIM2
SIM3
SIM4
1
21
22
SIM5
SIM1
SIM2
SIM3
SIM4
1
21
22
SIM5
SIM1
SIM2
SIM3
SIM4
1
21
22
SIM5
SIM1
SIM2
SIM3
SIM4
1
21
22
SIM5
SIM1
SIM2
SIM3
SIM4
1
21
22
SIM5
SIM1
SIM2
SIM3
SIM4
1
21
22
SIM5
SIM1
SIM2
SIM3
SIM4
1
21
22
SIM5
SIM1
SIM2
SIM3
SIM4
1
21
22
SIM5
SIM1
SIM2
SIM3
SIM4
1
21
22
SIM5
SIM1
SIM2
SIM3
SIM4
1
21
22
SIM5
SIM1
SIM2
SIM3
SIM4
1
21
22
SIM5
SIM1
SIM2
SIM3
SIM4
1
21
22
SIM5
SIM1
SIM2
SIM3
SIM4
1
21
22
SIM5
SIM1
SIM2
SIM3
SIM4
1
21
22
SIM5
SIM1
SIM2
SIM3
SIM4
1
21
22
SIM5
SIM1
SIM2
SIM3
SIM4
1
21
22
SIM5
SIM1
SIM2
SIM3
SIM4
1
21
22
SIM5
SIM1
SIM2
SIM3
SIM4
1
21
22
SIM5
SIM1
SIM2
SIM3
SIM4
1
21
22
SIM5
SIM1
SIM2
SIM3
SIM4
1
21
22
SIM5
SIM1
SIM2
SIM3
SIM4
1
21
22
SIM5
SIM1
SIM2
SIM3
SIM4
1
21
22
SIM5
SIM1
SIM2
SIM3
SIM4
1
21
22
SIM5
SIM1
SIM2
SIM3
SIM4
1
21
22
SIM5
SIM1
SIM2
SIM3
SIM4
1
21
22
SIM5
SIM1
SIM2
SIM3
SIM4
1
21
22
SIM5
SIM1
SIM2
SIM3
SIM4
1
21
22
SIM5
SIM1
SIM2
SIM3
SIM4
1
21
22
SIM5
SIM1
SIM2
SIM3
SIM4
1
21
22
SIM5
SIM1
SIM2
SIM3
SIM4
1
21
22
SIM5
SIM1
SIM2
SIM3
SIM4
1
21
22
SIM5
SIM1
SIM2
SIM3
SIM4
1
21
22
SIM5
SIM1
SIM2
SIM3
SIM4
1
21
22
SIM5
SIM1
SIM2
SIM3
SIM4
1
21
22
SIM5
SIM1
SIM2
SIM3
SIM4
1
21
22
SIM5
SIM1
SIM2
SIM3
SIM4
1
21
22
SIM5
SIM1
SIM2
SIM3
SIM4
1
21
22
SIM5
SIM1
SIM2
SIM3
SIM4
1
21
22
SIM5
SIM1
SIM2
SIM3
SIM4
1
21
22
SIM5
SIM1
SIM2
SIM3
SIM4
1
21
22
SIM5
SIM1
SIM2
SIM3
SIM4
1
21
22
SIM5
SIM1
SIM2
SIM3
SIM4
1
21
22
SIM5
SIM1
SIM2
SIM3
SIM4
1
21
22
SIM5
SIM1
SIM2
SIM3
SIM4
1
21
22
SIM5
SIM1
SIM2
SIM3
SIM4
1
21
22
SIM5
SIM1
SIM2
SIM3
SIM4
1
21
22
SIM5
SIM1
SIM2
SIM3
SIM4
1
21
22
SIM5
SIM1
SIM2
SIM3
SIM4
1
21
22
SIM5
SIM1
SIM2
SIM3
SIM4
1
21
22
SIM5
SIM1
SIM2
SIM3
SIM4
1
21
22
SIM5
SIM1
SIM2
SIM3
SIM4
1
21
22
SIM5
SIM1
SIM2
SIM3
SIM4
1
21
22
SIM5
SIM1
SIM2
SIM3
SIM4
1
21
22
SIM5
SIM1
SIM2
SIM3
SIM4
1
21
22
SIM5
SIM1
SIM2
SIM3
SIM4
1
21
22
SIM5
SIM1
SIM2
SIM3
SIM4
1
21
22
SIM5
SIM1
SIM2
SIM3
SIM4
1
21
22
SIM5
SIM1
SIM2
SIM3
SIM4
1
21
22
SIM5
SIM1
SIM2
SIM3
SIM4
1
21
22
SIM5
SIM1
SIM2
SIM3
SIM4
1
21
22
SIM5
SIM1
SIM2
SIM3
SIM4
1
21
22
SIM5
SIM1
SIM2
SIM3
SIM4
1
21
22
SIM5
SIM1
SIM2
SIM3
SIM4
1
21
22
SIM5
SIM1
SIM2
SIM3
SIM4
1
21
22
SIM5
SIM1
SIM2
SIM3
SIM4
1
21
22
SIM5
SIM1
SIM2
SIM3
SIM4
1
21
22
SIM5
SIM1
SIM2
SIM3
SIM4
1
21
22
SIM5
SIM1
SIM2
SIM3
SIM4
1
21
22
SIM5
SIM1
SIM2
SIM3
SIM4
1
21
22
SIM5
SIM1
SIM2
SIM3
SIM4
1
21
22
SIM5
SIM1
SIM2
SIM3
SIM4
1
21
22
SIM5
SIM1
SIM2
SIM3
SIM4
1
21
22
SIM5
SIM1
SIM2
SIM3
SIM4
1
21
22
SIM5
SIM1
SIM2
DEBUG 1 850
SIM1
SIM2
SIM3
SIM4
1
21
22
SIM5
SIM1
SIM2
SIM3
SIM4
1
21
22
SIM5
SIM1
SIM2
SIM3
SIM4
1
21
22
SIM5
SIM1
SIM2
SIM3
SIM4
1
21
22
SIM5
SIM1
SIM2
SIM3
SIM4
1
21
22
SIM5
SIM1
SIM2
SIM3
SIM4
1
21
22
SIM5
SIM1
SIM2
SIM3
SIM4
1
21
22
SIM5
SIM1
SIM2
SIM3
SIM4
1
21
22
SIM5
SIM1
SIM2
SIM3
SIM4
1
21
22
SIM5
SIM1
SIM2
SIM3
SIM4
1
21
22
SIM5
SIM1
SIM2
SIM3
SIM4
1
21
22
SIM5
SIM1
SIM2
SIM3
SIM4
1
21
22
SIM5
SIM1
SIM2
SIM3
SIM4
1
21
22
SIM5
SIM1
SIM2
SIM3
SIM4
1
21
22
SIM5
SIM1
SIM2
SIM3
SIM4
1
21
22
SIM5
SIM1
SIM2
SIM3
SIM4
1
21
22
SIM5
SIM1
SIM2
SIM3
SIM4
1
21
22
SIM5
SIM1
SIM2
SIM3
SIM4
1
21
22
SIM5
SIM1
SIM2
SIM3
SIM4
1
21
22
SIM5
SIM1
SIM2
SIM3
SIM4
1
21
22
SIM5
SIM1
SIM2
SIM3
SIM4
1
21
22
SIM5
SIM1
SIM2
SIM3
SIM4
1
21
22
SIM5
SIM1
SIM2
SIM3
SIM4
1
21
22
SIM5
SIM1
SIM2
SIM3
SIM4
1
21
22
SIM5
SIM1
SIM2
SIM3
SIM4
1
21
22
SIM5
SIM1
SIM2
SIM3
SIM4
1
21
22
SIM5
SIM1
SIM2
SIM3
SIM4
1
21
22
SIM5
SIM1
SIM2
SIM3
SIM4
1
21
22
SIM5
SIM1
SIM2
SIM3
SIM4
1
21
22
SIM5
SIM1
SIM2
SIM3
SIM4
1
21
22
SIM5
SIM1
SIM2
SIM3
SIM4
1
21
22
SIM5
SIM1
SIM2
SIM3
SIM4
1
21
22
SIM5
SIM1
SIM2
SIM3
SIM4
1
21
22
SIM5
SIM1
SIM2
SIM3
SIM4
1
21
22
SIM5
SIM1
SIM2
SIM3
SIM4
1
21
22
SIM5
SIM1
SIM2
SIM3
SIM4
1
21
22
SIM5
SIM1
SIM2
SIM3
SIM4
1
21
22
SIM5
SIM1
SIM2
SIM3
SIM4
1
21
22
SIM5
SIM1
SIM2
SIM3
SIM4
1
21
22
SIM5
SIM1
SIM2
SIM3
SIM4
1
21
22
SIM5
SIM1
SIM2
SIM3
SIM4
1
21
22
SIM5
SIM1
SIM2
SIM3
SIM4
1
21
22
SIM5
SIM1
SIM2
SIM3
SIM4
1
21
22
SIM5
SIM1
SIM2
SIM3
SIM4
1
21
22
SIM5
SIM1
SIM2
SIM3
SIM4
1
21
22
SIM5
SIM1
SIM2
SIM3
SIM4
1
21
22
SIM5
SIM1
SIM2
SIM3
SIM4
1
21
22
SIM5
SIM1
SIM2
SIM3
SIM4
1
21
22
SIM5
SIM1
SIM2
SIM3
SIM4
1
21
22
SIM5
SIM1
SIM2
SIM3
SIM4
1
21
22
SIM5
SIM1
SIM2
SIM3
SIM4
1
21
22
SIM5
SIM1
SIM2
SIM3
SIM4
1
21
22
SIM5
SIM1
SIM2
SIM3
SIM4
1
21
22
SIM5
SIM1
SIM2
SIM3
SIM4
1
21
22
SIM5
SIM1
SIM2
SIM3
SIM4
1
21
22
SIM5
SIM1
SIM2
SIM3
SIM4
1
21
22
SIM5
SIM1
SIM2
SIM3
SIM4
1
21
22
SIM5
SIM1
SIM2
SIM3
SIM4
1
21
22
SIM5
SIM1
SIM2
SIM3
SIM4
1
21
22
SIM5
SIM1
SIM2
SIM3
SIM4
1
21
22
SIM5
SIM1
SIM2
SIM3
SIM4
1
21
22
SIM5
SIM1
SIM2
SIM3
SIM4
1
21
22
SIM5
SIM1
SIM2
SIM3
SIM4
1
21
22
SIM5
SIM1
SIM2
SIM3
SIM4
1
21
22
SIM5
SIM1
SIM2
SIM3
SIM4
1
21
22
SIM5
SIM1
SIM2
SIM3
SIM4
1
21
22
SIM5
SIM1
SIM2
SIM3
SIM4
1
21
22
SIM5
SIM1
SIM2
SIM3
SIM4
1
21
22
SIM5
SIM1
SIM2
SIM3
SIM4
1
21
22
SIM5
SIM1
SIM2
SIM3
SIM4
1
21
22
SIM5
SIM1
SIM2
SIM3
SIM4
1
21
22
SIM5
SIM1
SIM2
SIM3
SIM4
1
21
22
SIM5
SIM1
SIM2
SIM3
SIM4
1
21
22
SIM5
SIM1
SIM2
SIM3
SIM4
1
21
22
SIM5
SIM1
SIM2
SIM3
SIM4
1
21
22
SIM5
SIM1
SIM2
SIM3
SIM4
1
21
22
SIM5
SIM1
SIM2
SIM3
SIM4
1
21
22
SIM5
SIM1
SIM2
SIM3
SIM4
1
21
22
SIM5
SIM1
SIM2
SIM3
SIM4
1
21
22
SIM5
SIM1
SIM2
SIM3
SIM4
1
21
22
SIM5
SIM1
SIM2
SIM3
SIM4
1
21
22
SIM5
SIM1
SIM2
SIM3
SIM4
1
21
22
SIM5
SIM1
SIM2
SIM3
SIM4
1
21
22
SIM5
SIM1
SIM2
SIM3
SIM4
1
21
22
SIM5
SIM1
SIM2
SIM3
SIM4
1
21
22
SIM5
SIM1
SIM2
SIM3
SIM4
1
21
22
SIM5
SIM1
SIM2
SIM3
SIM4
1
21
22
SIM5
SIM1
SIM2
SIM3
SIM4
1
21
22
SIM5
SIM1
SIM2
SIM3
SIM4
1
21
22
SIM5
SIM1
SIM2
SIM3
SIM4
1
21
22
SIM5
SIM1
SIM2
SIM3
SIM4
1
21
22
SIM5
SIM1
SIM2
SIM3
SIM4
1
21
22
SIM5
SIM1
SIM2
SIM3
SIM4
1
21
22
SIM5
SIM1
SIM2
SIM3
SIM4
1
21
22
SIM5
SIM1
SIM2
SIM3
SIM4
1
21
22
SIM5
SIM1
SIM2
SIM3
SIM4
1
21
22
SIM5
SIM1
SIM2
SIM3
SIM4
1
21
22
SIM5
SIM1
SIM2
SIM3
SIM4
1
21
22
SIM5
SIM1
SIM2
SIM3
SIM4
1
21
22
SIM5
SIM1
SIM2
SIM3
SIM4
1
21
22
SIM5
SIM1
SIM2
SIM3
SIM4
1
21
22
SIM5
SIM1
SIM2
SIM3
SIM4
1
21
22
SIM5
SIM1
SIM2
SIM3
SIM4
1
21
22
SIM5
SIM1
SIM2
SIM3
SIM4
1
21
22
SIM5
SIM1
SIM2
SIM3
SIM4
1
21
22
SIM5
SIM1
SIM2
SIM3
SIM4
1
21
22
SIM5
SIM1
SIM2
SIM3
SIM4
1
21
22
SIM5
SIM1
SIM2
SIM3
SIM4
1
21
22
SIM5
SIM1
SIM2
SIM3
SIM4
1
21
22
SIM5
SIM1
SIM2
SIM3
SIM4
1
21
22
SIM5
SIM1
SIM2
SIM3
SIM4
1
21
22
SIM5
SIM1
SIM2
SIM3
SIM4
1
21
22
SIM5
SIM1
SIM2
SIM3
SIM4
1
21
22
SIM5
SIM1
SIM2
SIM3
SIM4
1
21
22
SIM5
SIM1
SIM2
SIM3
SIM4
1
21
22
SIM5
SIM1
SIM2
SIM3
SIM4
1
21
22
SIM5
SIM1
SIM2
SIM3
SIM4
1
21
22
SIM5
SIM1
SIM2
SIM3
SIM4
1
21
22
SIM5
SIM1
SIM2
SIM3
SIM4
1
21
22
SIM5
SIM1
SIM2
SIM3
SIM4
1
21
22
SIM5
SIM1
SIM2
SIM3
SIM4
1
21
22
SIM5
SIM1
SIM2
SIM3
SIM4
1
21
22
SIM5
SIM1
SIM2
SIM3
SIM4
1
21
22
SIM5
SIM1
SIM2
SIM3
SIM4
1
21
22
SIM5
SIM1
SIM2
SIM3
SIM4
1
21
22
SIM5
SIM1
SIM2
SIM3
SIM4
1
21
22
SIM5
SIM1
SIM2
SIM3
SIM4
1
21
22
SIM5
SIM1
SIM2
SIM3
SIM4
1
21
22
SIM5
SIM1
SIM2
SIM3
SIM4
1
21
22
SIM5
SIM1
SIM2
SIM3
SIM4
1
21
22
SIM5
SIM1
SIM2
SIM3
SIM4
1
21
22
SIM5
SIM1
SIM2
SIM3
SIM4
1
21
22
SIM5
SIM1
SIM2
SIM3
SIM4
1
21
22
SIM5
SIM1
SIM2
SIM3
SIM4
1
21
22
SIM5
SIM1
SIM2
SIM3
SIM4
1
21
22
SIM5
SIM1
SIM2
SIM3
SIM4
1
21
22
SIM5
SIM1
SIM2
SIM3
SIM4
1
21
22
SIM5
SIM1
SIM2
SIM3
SIM4
1
21
22
SIM5
SIM1
SIM2
SIM3
SIM4
1
21
22
SIM5
SIM1
SIM2
SIM3
SIM4
1
21
22
SIM5
SIM1
SIM2
SIM3
SIM4
1
21
22
SIM5
SIM1
SIM2
SIM3
SIM4
1
21
22
SIM5
SIM1
SIM2
SIM3
SIM4
1
21
22
SIM5
SIM1
SIM2
SIM3
SIM4
1
21
22
SIM5
SIM1
SIM2
SIM3
SIM4
1
21
22
SIM5
SIM1
SIM2
SIM3
SIM4
1
21
22
SIM5
SIM1
SIM2
SIM3
SIM4
1
21
22
SIM5
SIM1
SIM2
SIM3
SIM4
1
21
22
SIM5
SIM1
SIM2
SIM3
SIM4
1
21
22
SIM5
SIM1
SIM2
SIM3
SIM4
1
21
22
SIM5
SIM1
SIM2
SIM3
SIM4
1
21
22
SIM5
SIM1
SIM2
SIM3
SIM4
1
21
22
SIM5
SIM1
SIM2
SIM3
SIM4
1
21
22
SIM5
SIM1
SIM2
SIM3
SIM4
1
21
22
SIM5
SIM1
SIM2
SIM3
SIM4
1
21
22
SIM5
SIM1
SIM2
SIM3
SIM4
1
21
22
SIM5
SIM1
SIM2
SIM3
SIM4
1
21
22
SIM5
SIM1
SIM2
SIM3
SIM4
1
21
22
SIM5
SIM1
SIM2
SIM3
SIM4
1
21
22
SIM5
SIM1
SIM2
SIM3
SIM4
1
21
22
SIM5
SIM1
SIM2
SIM3
SIM4
1
21
22
SIM5
SIM1
SIM2
SIM3
SIM4
1
21
22
SIM5
SIM1
SIM2
SIM3
SIM4
1
21
22
SIM5
SIM1
SIM2
SIM3
SIM4
1
21
22
SIM5
SIM1
SIM2
SIM3
SIM4
1
21
22
SIM5
SIM1
SIM2
SIM3
SIM4
1
21
22
SIM5
SIM1
SIM2
SIM3
SIM4
1
21
22
SIM5
SIM1
SIM2
SIM3
SIM4
1
21
22
SIM5
SIM1
SIM2
SIM3
SIM4
1
21
22
SIM5
SIM1
SIM2
SIM3
SIM4
1
21
22
SIM5
SIM1
SIM2
SIM3
SIM4
1
21
22
SIM5
SIM1
SIM2
SIM3
SIM4
1
21
22
SIM5
SIM1
SIM2
SIM3
SIM4
1
21
22
SIM5
SIM1
SIM2
SIM3
SIM4
1
21
22
SIM5
SIM1
SIM2
SIM3
SIM4
1
21
22
SIM5
SIM1
SIM2
SIM3
SIM4
1
21
22
SIM5
SIM1
SIM2
SIM3
SIM4
1
21
22
SIM5
SIM1
SIM2
SIM3
SIM4
1
21
22
SIM5
SIM1
SIM2
SIM3
SIM4
1
21
22
SIM5
SIM1
SIM2
DEBUG 1 851
SIM1
SIM2
SIM3
SIM4
1
21
22
SIM5
SIM1
SIM2
SIM3
SIM4
1
21
22
SIM5
SIM1
SIM2
SIM3
SIM4
1
21
22
SIM5
SIM1
SIM2
SIM3
SIM4
1
21
22
SIM5
SIM1
SIM2
SIM3
SIM4
1
21
22
SIM5
SIM1
SIM2
SIM3
SIM4
1
21
22
SIM5
SIM1
SIM2
SIM3
SIM4
1
21
22
SIM5
SIM1
SIM2
SIM3
SIM4
1
21
22
SIM5
SIM1
SIM2
SIM3
SIM4
1
21
22
SIM5
SIM1
SIM2
SIM3
SIM4
1
21
22
SIM5
SIM1
SIM2
SIM3
SIM4
1
21
22
SIM5
SIM1
SIM2
SIM3
SIM4
1
21
22
SIM5
SIM1
SIM2
SIM3
SIM4
1
21
22
SIM5
SIM1
SIM2
SIM3
SIM4
1
21
22
SIM5
SIM1
SIM2
SIM3
SIM4
1
21
22
SIM5
SIM1
SIM2
SIM3
SIM4
1
21
22
SIM5
SIM1
SIM2
SIM3
SIM4
1
21
22
SIM5
SIM1
SIM2
SIM3
SIM4
1
21
22
SIM5
SIM1
SIM2
SIM3
SIM4
1
21
22
SIM5
SIM1
SIM2
SIM3
SIM4
1
21
22
SIM5
SIM1
SIM2
SIM3
SIM4
1
21
22
SIM5
SIM1
SIM2
SIM3
SIM4
1
21
22
SIM5
SIM1
SIM2
SIM3
SIM4
1
21
22
SIM5
SIM1
SIM2
SIM3
SIM4
1
21
22
SIM5
SIM1
SIM2
SIM3
SIM4
1
21
22
SIM5
SIM1
SIM2
SIM3
SIM4
1
21
22
SIM5
SIM1
SIM2
SIM3
SIM4
1
21
22
SIM5
SIM1
SIM2
SIM3
SIM4
1
21
22
SIM5
SIM1
SIM2
SIM3
SIM4
1
21
22
SIM5
SIM1
SIM2
SIM3
SIM4
1
21
22
SIM5
SIM1
SIM2
SIM3
SIM4
1
21
22
SIM5
SIM1
SIM2
SIM3
SIM4
1
21
22
SIM5
SIM1
SIM2
SIM3
SIM4
1
21
22
SIM5
SIM1
SIM2
SIM3
SIM4
1
21
22
SIM5
SIM1
SIM2
SIM3
SIM4
1
21
22
SIM5
SIM1
SIM2
SIM3
SIM4
1
21
22
SIM5
SIM1
SIM2
SIM3
SIM4
1
21
22
SIM5
SIM1
SIM2
SIM3
SIM4
1
21
22
SIM5
SIM1
SIM2
SIM3
SIM4
1
21
22
SIM5
SIM1
SIM2
SIM3
SIM4
1
21
22
SIM5
SIM1
SIM2
SIM3
SIM4
1
21
22
SIM5
SIM1
SIM2
SIM3
SIM4
1
21
22
SIM5
SIM1
SIM2
SIM3
SIM4
1
21
22
SIM5
SIM1
SIM2
SIM3
SIM4
1
21
22
SIM5
SIM1
SIM2
SIM3
SIM4
1
21
22
SIM5
SIM1
SIM2
SIM3
SIM4
1
21
22
SIM5
SIM1
SIM2
SIM3
SIM4
1
21
22
SIM5
SIM1
SIM2
SIM3
SIM4
1
21
22
SIM5
SIM1
SIM2
SIM3
SIM4
1
21
22
SIM5
SIM1
SIM2
SIM3
SIM4
1
21
22
SIM5
SIM1
SIM2
SIM3
SIM4
1
21
22
SIM5
SIM1
SIM2
SIM3
SIM4
1
21
22
SIM5
SIM1
SIM2
SIM3
SIM4
1
21
22
SIM5
SIM1
SIM2
SIM3
SIM4
1
21
22
SIM5
SIM1
SIM2
SIM3
SIM4
1
21
22
SIM5
SIM1
SIM2
SIM3
SIM4
1
21
22
SIM5
SIM1
SIM2
SIM3
SIM4
1
21
22
SIM5
SIM1
SIM2
SIM3
SIM4
1
21
22
SIM5
SIM1
SIM2
SIM3
SIM4
1
21
22
SIM5
SIM1
SIM2
SIM3
SIM4
1
21
22
SIM5
SIM1
SIM2
SIM3
SIM4
1
21
22
SIM5
SIM1
SIM2
SIM3
SIM4
1
21
22
SIM5
SIM1
SIM2
SIM3
SIM4
1
21
22
SIM5
SIM1
SIM2
SIM3
SIM4
1
21
22
SIM5
SIM1
SIM2
SIM3
SIM4
1
21
22
SIM5
SIM1
SIM2
SIM3
SIM4
1
21
22
SIM5
SIM1
SIM2
SIM3
SIM4
1
21
22
SIM5
SIM1
SIM2
SIM3
SIM4
1
21
22
SIM5
SIM1
SIM2
SIM3
SIM4
1
21
22
SIM5
SIM1
SIM2
SIM3
SIM4
1
21
22
SIM5
SIM1
SIM2
SIM3
SIM4
1
21
22
SIM5
SIM1
SIM2
SIM3
SIM4
1
21
22
SIM5
SIM1
SIM2
SIM3
SIM4
1
21
22
SIM5
SIM1
SIM2
SIM3
SIM4
1
21
22
SIM5
SIM1
SIM2
SIM3
SIM4
1
21
22
SIM5
SIM1
SIM2
SIM3
SIM4
1
21
22
SIM5
SIM1
SIM2
SIM3
SIM4
1
21
22
SIM5
SIM1
SIM2
SIM3
SIM4
1
21
22
SIM5
SIM1
SIM2
SIM3
SIM4
1
21
22
SIM5
SIM1
SIM2
SIM3
SIM4
1
21
22
SIM5
SIM1
SIM2
SIM3
SIM4
1
21
22
SIM5
SIM1
SIM2
SIM3
SIM4
1
21
22
SIM5
SIM1
SIM2
SIM3
SIM4
1
21
22
SIM5
SIM1
SIM2
SIM3
SIM4
1
21
22
SIM5
SIM1
SIM2
SIM3
SIM4
1
21
22
SIM5
SIM1
SIM2
SIM3
SIM4
1
21
22
SIM5
SIM1
SIM2
SIM3
SIM4
1
21
22
SIM5
SIM1
SIM2
SIM3
SIM4
1
21
22
SIM5
SIM1
SIM2
SIM3
SIM4
1
21
22
SIM5
SIM1
SIM2
SIM3
SIM4
1
21
22
SIM5
SIM1
SIM2
SIM3
SIM4
1
21
22
SIM5
SIM1
SIM2
SIM3
SIM4
1
21
22
SIM5
SIM1
SIM2
SIM3
SIM4
1
21
22
SIM5
SIM1
SIM2
SIM3
SIM4
1
21
22
SIM5
SIM1
SIM2
SIM3
SIM4
1
21
22
SIM5
SIM1
SIM2
SIM3
SIM4
1
21
22
SIM5
SIM1
SIM2
SIM3
SIM4
1
21
22
SIM5
SIM1
SIM2
SIM3
SIM4
1
21
22
SIM5
SIM1
SIM2
SIM3
SIM4
1
21
22
SIM5
SIM1
SIM2
SIM3
SIM4
1
21
22
SIM5
SIM1
SIM2
SIM3
SIM4
1
21
22
SIM5
SIM1
SIM2
SIM3
SIM4
1
21
22
SIM5
SIM1
SIM2
SIM3
SIM4
1
21
22
SIM5
SIM1
SIM2
SIM3
SIM4
1
21
22
SIM5
SIM1
SIM2
SIM3
SIM4
1
21
22
SIM5
SIM1
SIM2
SIM3
SIM4
1
21
22
SIM5
SIM1
SIM2
SIM3
SIM4
1
21
22
SIM5
SIM1
SIM2
SIM3
SIM4
1
21
22
SIM5
SIM1
SIM2
SIM3
SIM4
1
21
22
SIM5
SIM1
SIM2
SIM3
SIM4
1
21
22
SIM5
SIM1
SIM2
SIM3
SIM4
1
21
22
SIM5
SIM1
SIM2
SIM3
SIM4
1
21
22
SIM5
SIM1
SIM2
SIM3
SIM4
1
21
22
SIM5
SIM1
SIM2
SIM3
SIM4
1
21
22
SIM5
SIM1
SIM2
SIM3
SIM4
1
21
22
SIM5
SIM1
SIM2
SIM3
SIM4
1
21
22
SIM5
SIM1
SIM2
SIM3
SIM4
1
21
22
SIM5
SIM1
SIM2
SIM3
SIM4
1
21
22
SIM5
SIM1
SIM2
SIM3
SIM4
1
21
22
SIM5
SIM1
SIM2
SIM3
SIM4
1
21
22
SIM5
SIM1
SIM2
SIM3
SIM4
1
21
22
SIM5
SIM1
SIM2
SIM3
SIM4
1
21
22
SIM5
SIM1
SIM2
SIM3
SIM4
1
21
22
SIM5
SIM1
SIM2
SIM3
SIM4
1
21
22
SIM5
SIM1
SIM2
SIM3
SIM4
1
21
22
SIM5
SIM1
SIM2
SIM3
SIM4
1
21
22
SIM5
SIM1
SIM2
SIM3
SIM4
1
21
22
SIM5
SIM1
SIM2
SIM3
SIM4
1
21
22
SIM5
SIM1
SIM2
SIM3
SIM4
1
21
22
SIM5
SIM1
SIM2
SIM3
SIM4
1
21
22
SIM5
SIM1
SIM2
SIM3
SIM4
1
21
22
SIM5
SIM1
SIM2
SIM3
SIM4
1
21
22
SIM5
SIM1
SIM2
SIM3
SIM4
1
21
22
SIM5
SIM1
SIM2
SIM3
SIM4
1
21
22
SIM5
SIM1
SIM2
SIM3
SIM4
1
21
22
SIM5
SIM1
SIM2
SIM3
SIM4
1
21
22
SIM5
SIM1
SIM2
SIM3
SIM4
1
21
22
SIM5
SIM1
SIM2
SIM3
SIM4
1
21
22
SIM5
SIM1
SIM2
SIM3
SIM4
1
21
22
SIM5
SIM1
SIM2
SIM3
SIM4
1
21
22
SIM5
SIM1
SIM2
SIM3
SIM4
1
21
22
SIM5
SIM1
SIM2
SIM3
SIM4
1
21
22
SIM5
SIM1
SIM2
SIM3
SIM4
1
21
22
SIM5
SIM1
SIM2
SIM3
SIM4
1
21
22
SIM5
SIM1
SIM2
SIM3
SIM4
1
21
22
SIM5
SIM1
SIM2
SIM3
SIM4
1
21
22
SIM5
SIM1
SIM2
SIM3
SIM4
1
21
22
SIM5
SIM1
SIM2
SIM3
SIM4
1
21
22
SIM5
SIM1
SIM2
SIM3
SIM4
1
21
22
SIM5
SIM1
SIM2
SIM3
SIM4
1
21
22
SIM5
SIM1
SIM2
SIM3
SIM4
1
21
22
SIM5
SIM1
SIM2
SIM3
SIM4
1
21
22
SIM5
SIM1
SIM2
SIM3
SIM4
1
21
22
SIM5
SIM1
SIM2
SIM3
SIM4
1
21
22
SIM5
SIM1
SIM2
SIM3
SIM4
1
21
22
SIM5
SIM1
SIM2
SIM3
SIM4
1
21
22
SIM5
SIM1
SIM2
SIM3
SIM4
1
21
22
SIM5
SIM1
SIM2
SIM3
SIM4
1
21
22
SIM5
SIM1
SIM2
SIM3
SIM4
1
21
22
SIM5
SIM1
SIM2
SIM3
SIM4
1
21
22
SIM5
SIM1
SIM2
SIM3
SIM4
1
21
22
SIM5
SIM1
SIM2
SIM3
SIM4
1
21
22
SIM5
SIM1
SIM2
SIM3
SIM4
1
21
22
SIM5
SIM1
SIM2
SIM3
SIM4
1
21
22
SIM5
SIM1
SIM2
SIM3
SIM4
1
21
22
SIM5
SIM1
SIM2
SIM3
SIM4
1
21
22
SIM5
SIM1
SIM2
SIM3
SIM4
1
21
22
SIM5
SIM1
SIM2
SIM3
SIM4
1
21
22
SIM5
SIM1
SIM2
SIM3
SIM4
1
21
22
SIM5
SIM1
SIM2
SIM3
SIM4
1
21
22
SIM5
SIM1
SIM2
SIM3
SIM4
1
21
22
SIM5
SIM1
SIM2
SIM3
SIM4
1
21
22
SIM5
SIM1
SIM2
SIM3
SIM4
1
21
22
SIM5
SIM1
SIM2
SIM3
SIM4
1
21
22
SIM5
SIM1
SIM2
SIM3
SIM4
1
21
22
SIM5
SIM1
SIM2
SIM3
SIM4
1
21
22
SIM5
SIM1
SIM2
SIM3
SIM4
1
21
22
SIM5
SIM1
SIM2
SIM3
SIM4
1
21
22
SIM5
SIM1
SIM2
SIM3
SIM4
1
21
22
SIM5
SIM1
SIM2
SIM3
SIM4
1
21
22
SIM5
SIM1
SIM2
SIM3
SIM4
1
21
22
SIM5
SIM1
SIM2
SIM3
SIM4
1
21
22
SIM5
SIM1
SIM2
SIM3
SIM4
1
21
22
SIM5
SIM1
SIM2
DEBUG 1 852
SIM1
SIM2
SIM3
SIM4
1
21
22
SIM5
SIM1
SIM2
SIM3
SIM4
1
21
22
SIM5
SIM1
SIM2
SIM3
SIM4
1
21
22
SIM5
SIM1
SIM2
SIM3
SIM4
1
21
22
SIM5
SIM1
SIM2
SIM3
SIM4
1
21
22
SIM5
SIM1
SIM2
SIM3
SIM4
1
21
22
SIM5
SIM1
SIM2
SIM3
SIM4
1
21
22
SIM5
SIM1
SIM2
SIM3
SIM4
1
21
22
SIM5
SIM1
SIM2
SIM3
SIM4
1
21
22
SIM5
SIM1
SIM2
SIM3
SIM4
1
21
22
SIM5
SIM1
SIM2
SIM3
SIM4
1
21
22
SIM5
SIM1
SIM2
SIM3
SIM4
1
21
22
SIM5
SIM1
SIM2
SIM3
SIM4
1
21
22
SIM5
SIM1
SIM2
SIM3
SIM4
1
21
22
SIM5
SIM1
SIM2
SIM3
SIM4
1
21
22
SIM5
SIM1
SIM2
SIM3
SIM4
1
21
22
SIM5
SIM1
SIM2
SIM3
SIM4
1
21
22
SIM5
SIM1
SIM2
SIM3
SIM4
1
21
22
SIM5
SIM1
SIM2
SIM3
SIM4
1
21
22
SIM5
SIM1
SIM2
SIM3
SIM4
1
21
22
SIM5
SIM1
SIM2
SIM3
SIM4
1
21
22
SIM5
SIM1
SIM2
SIM3
SIM4
1
21
22
SIM5
SIM1
SIM2
SIM3
SIM4
1
21
22
SIM5
SIM1
SIM2
SIM3
SIM4
1
21
22
SIM5
SIM1
SIM2
SIM3
SIM4
1
21
22
SIM5
SIM1
SIM2
SIM3
SIM4
1
21
22
SIM5
SIM1
SIM2
SIM3
SIM4
1
21
22
SIM5
SIM1
SIM2
SIM3
SIM4
1
21
22
SIM5
SIM1
SIM2
SIM3
SIM4
1
21
22
SIM5
SIM1
SIM2
SIM3
SIM4
1
21
22
SIM5
SIM1
SIM2
SIM3
SIM4
1
21
22
SIM5
SIM1
SIM2
SIM3
SIM4
1
21
22
SIM5
SIM1
SIM2
SIM3
SIM4
1
21
22
SIM5
SIM1
SIM2
SIM3
SIM4
1
21
22
SIM5
SIM1
SIM2
SIM3
SIM4
1
21
22
SIM5
SIM1
SIM2
SIM3
SIM4
1
21
22
SIM5
SIM1
SIM2
SIM3
SIM4
1
21
22
SIM5
SIM1
SIM2
SIM3
SIM4
1
21
22
SIM5
SIM1
SIM2
SIM3
SIM4
1
21
22
SIM5
SIM1
SIM2
SIM3
SIM4
1
21
22
SIM5
SIM1
SIM2
SIM3
SIM4
1
21
22
SIM5
SIM1
SIM2
SIM3
SIM4
1
21
22
SIM5
SIM1
SIM2
SIM3
SIM4
1
21
22
SIM5
SIM1
SIM2
SIM3
SIM4
1
21
22
SIM5
SIM1
SIM2
SIM3
SIM4
1
21
22
SIM5
SIM1
SIM2
SIM3
SIM4
1
21
22
SIM5
SIM1
SIM2
SIM3
SIM4
1
21
22
SIM5
SIM1
SIM2
SIM3
SIM4
1
21
22
SIM5
SIM1
SIM2
SIM3
SIM4
1
21
22
SIM5
SIM1
SIM2
SIM3
SIM4
1
21
22
SIM5
SIM1
SIM2
SIM3
SIM4
1
21
22
SIM5
SIM1
SIM2
SIM3
SIM4
1
21
22
SIM5
SIM1
SIM2
SIM3
SIM4
1
21
22
SIM5
SIM1
SIM2
SIM3
SIM4
1
21
22
SIM5
SIM1
SIM2
SIM3
SIM4
1
21
22
SIM5
SIM1
SIM2
SIM3
SIM4
1
21
22
SIM5
SIM1
SIM2
SIM3
SIM4
1
21
22
SIM5
SIM1
SIM2
SIM3
SIM4
1
21
22
SIM5
SIM1
SIM2
SIM3
SIM4
1
21
22
SIM5
SIM1
SIM2
SIM3
SIM4
1
21
22
SIM5
SIM1
SIM2
SIM3
SIM4
1
21
22
SIM5
SIM1
SIM2
SIM3
SIM4
1
21
22
SIM5
SIM1
SIM2
SIM3
SIM4
1
21
22
SIM5
SIM1
SIM2
SIM3
SIM4
1
21
22
SIM5
SIM1
SIM2
SIM3
SIM4
1
21
22
SIM5
SIM1
SIM2
SIM3
SIM4
1
21
22
SIM5
SIM1
SIM2
SIM3
SIM4
1
21
22
SIM5
SIM1
SIM2
SIM3
SIM4
1
21
22
SIM5
SIM1
SIM2
SIM3
SIM4
1
21
22
SIM5
SIM1
SIM2
SIM3
SIM4
1
21
22
SIM5
SIM1
SIM2
SIM3
SIM4
1
21
22
SIM5
SIM1
SIM2
SIM3
SIM4
1
21
22
SIM5
SIM1
SIM2
SIM3
SIM4
1
21
22
SIM5
SIM1
SIM2
SIM3
SIM4
1
21
22
SIM5
SIM1
SIM2
SIM3
SIM4
1
21
22
SIM5
SIM1
SIM2
SIM3
SIM4
1
21
22
SIM5
SIM1
SIM2
SIM3
SIM4
1
21
22
SIM5
SIM1
SIM2
SIM3
SIM4
1
21
22
SIM5
SIM1
SIM2
SIM3
SIM4
1
21
22
SIM5
SIM1
SIM2
SIM3
SIM4
1
21
22
SIM5
SIM1
SIM2
SIM3
SIM4
1
21
22
SIM5
SIM1
SIM2
SIM3
SIM4
1
21
22
SIM5
SIM1
SIM2
SIM3
SIM4
1
21
22
SIM5
SIM1
SIM2
SIM3
SIM4
1
21
22
SIM5
SIM1
SIM2
SIM3
SIM4
1
21
22
SIM5
SIM1
SIM2
SIM3
SIM4
1
21
22
SIM5
SIM1
SIM2
SIM3
SIM4
1
21
22
SIM5
SIM1
SIM2
SIM3
SIM4
1
21
22
SIM5
SIM1
SIM2
SIM3
SIM4
1
21
22
SIM5
SIM1
SIM2
SIM3
SIM4
1
21
22
SIM5
SIM1
SIM2
SIM3
SIM4
1
21
22
SIM5
SIM1
SIM2
SIM3
SIM4
1
21
22
SIM5
SIM1
SIM2
SIM3
SIM4
1
21
22
SIM5
SIM1
SIM2
SIM3
SIM4
1
21
22
SIM5
SIM1
SIM2
SIM3
SIM4
1
21
22
SIM5
SIM1
SIM2
SIM3
SIM4
1
21
22
SIM5
SIM1
SIM2
SIM3
SIM4
1
21
22
SIM5
SIM1
SIM2
SIM3
SIM4
1
21
22
SIM5
SIM1
SIM2
SIM3
SIM4
1
21
22
SIM5
SIM1
SIM2
SIM3
SIM4
1
21
22
SIM5
SIM1
SIM2
SIM3
SIM4
1
21
22
SIM5
SIM1
SIM2
SIM3
SIM4
1
21
22
SIM5
SIM1
SIM2
SIM3
SIM4
1
21
22
SIM5
SIM1
SIM2
SIM3
SIM4
1
21
22
SIM5
SIM1
SIM2
SIM3
SIM4
1
21
22
SIM5
SIM1
SIM2
SIM3
SIM4
1
21
22
SIM5
SIM1
SIM2
SIM3
SIM4
1
21
22
SIM5
SIM1
SIM2
SIM3
SIM4
1
21
22
SIM5
SIM1
SIM2
SIM3
SIM4
1
21
22
SIM5
SIM1
SIM2
SIM3
SIM4
1
21
22
SIM5
SIM1
SIM2
SIM3
SIM4
1
21
22
SIM5
SIM1
SIM2
SIM3
SIM4
1
21
22
SIM5
SIM1
SIM2
SIM3
SIM4
1
21
22
SIM5
SIM1
SIM2
SIM3
SIM4
1
21
22
SIM5
SIM1
SIM2
SIM3
SIM4
1
21
22
SIM5
SIM1
SIM2
SIM3
SIM4
1
21
22
SIM5
SIM1
SIM2
SIM3
SIM4
1
21
22
SIM5
SIM1
SIM2
SIM3
SIM4
1
21
22
SIM5
SIM1
SIM2
SIM3
SIM4
1
21
22
SIM5
SIM1
SIM2
SIM3
SIM4
1
21
22
SIM5
SIM1
SIM2
SIM3
SIM4
1
21
22
SIM5
SIM1
SIM2
SIM3
SIM4
1
21
22
SIM5
SIM1
SIM2
SIM3
SIM4
1
21
22
SIM5
SIM1
SIM2
SIM3
SIM4
1
21
22
SIM5
SIM1
SIM2
SIM3
SIM4
1
21
22
SIM5
SIM1
SIM2
SIM3
SIM4
1
21
22
SIM5
SIM1
SIM2
SIM3
SIM4
1
21
22
SIM5
SIM1
SIM2
SIM3
SIM4
1
21
22
SIM5
SIM1
SIM2
SIM3
SIM4
1
21
22
SIM5
SIM1
SIM2
SIM3
SIM4
1
21
22
SIM5
SIM1
SIM2
SIM3
SIM4
1
21
22
SIM5
SIM1
SIM2
SIM3
SIM4
1
21
22
SIM5
SIM1
SIM2
SIM3
SIM4
1
21
22
SIM5
SIM1
SIM2
SIM3
SIM4
1
21
22
SIM5
SIM1
SIM2
SIM3
SIM4
1
21
22
SIM5
SIM1
SIM2
SIM3
SIM4
1
21
22
SIM5
SIM1
SIM2
SIM3
SIM4
1
21
22
SIM5
SIM1
SIM2
SIM3
SIM4
1
21
22
SIM5
SIM1
SIM2
SIM3
SIM4
1
21
22
SIM5
SIM1
SIM2
SIM3
SIM4
1
21
22
SIM5
SIM1
SIM2
SIM3
SIM4
1
21
22
SIM5
SIM1
SIM2
SIM3
SIM4
1
21
22
SIM5
SIM1
SIM2
SIM3
SIM4
1
21
22
SIM5
SIM1
SIM2
SIM3
SIM4
1
21
22
SIM5
SIM1
SIM2
SIM3
SIM4
1
21
22
SIM5
SIM1
SIM2
SIM3
SIM4
1
21
22
SIM5
SIM1
SIM2
SIM3
SIM4
1
21
22
SIM5
SIM1
SIM2
SIM3
SIM4
1
21
22
SIM5
SIM1
SIM2
SIM3
SIM4
1
21
22
SIM5
SIM1
SIM2
SIM3
SIM4
1
21
22
SIM5
SIM1
SIM2
SIM3
SIM4
1
21
22
SIM5
SIM1
SIM2
SIM3
SIM4
1
21
22
SIM5
SIM1
SIM2
SIM3
SIM4
1
21
22
SIM5
SIM1
SIM2
SIM3
SIM4
1
21
22
SIM5
SIM1
SIM2
SIM3
SIM4
1
21
22
SIM5
SIM1
SIM2
SIM3
SIM4
1
21
22
SIM5
SIM1
SIM2
SIM3
SIM4
1
21
22
SIM5
SIM1
SIM2
SIM3
SIM4
1
21
22
SIM5
SIM1
SIM2
SIM3
SIM4
1
21
22
SIM5
SIM1
SIM2
SIM3
SIM4
1
21
22
SIM5
SIM1
SIM2
SIM3
SIM4
1
21
22
SIM5
SIM1
SIM2
SIM3
SIM4
1
21
22
SIM5
SIM1
SIM2
SIM3
SIM4
1
21
22
SIM5
SIM1
SIM2
SIM3
SIM4
1
21
22
SIM5
SIM1
SIM2
SIM3
SIM4
1
21
22
SIM5
SIM1
SIM2
SIM3
SIM4
1
21
22
SIM5
SIM1
SIM2
SIM3
SIM4
1
21
22
SIM5
SIM1
SIM2
SIM3
SIM4
1
21
22
SIM5
SIM1
SIM2
SIM3
SIM4
1
21
22
SIM5
SIM1
SIM2
SIM3
SIM4
1
21
22
SIM5
SIM1
SIM2
SIM3
SIM4
1
21
22
SIM5
SIM1
SIM2
SIM3
SIM4
1
21
22
SIM5
SIM1
SIM2
SIM3
SIM4
1
21
22
SIM5
SIM1
SIM2
SIM3
SIM4
1
21
22
SIM5
SIM1
SIM2
SIM3
SIM4
1
21
22
SIM5
SIM1
SIM2
SIM3
SIM4
1
21
22
SIM5
SIM1
SIM2
SIM3
SIM4
1
21
22
SIM5
SIM1
SIM2
SIM3
SIM4
1
21
22
SIM5
SIM1
SIM2
SIM3
SIM4
1
21
22
SIM5
SIM1
SIM2
SIM3
SIM4
1
21
22
SIM5
SIM1
SIM2
SIM3
SIM4
1
21
22
SIM5
SIM1
SIM2
SIM3
SIM4
1
21
22
SIM5
SIM1
SIM2
SIM3
SIM4
1
21
22
SIM5
SIM1
SIM2
SIM3
SIM4
1
21
22
SIM5
SIM1
SIM2
SIM3
SIM4
1
21
22
SIM5
SIM1
SIM2
SIM3
SIM4
1
21
22
SIM5
SIM1
SIM2
SIM3
SIM4
1
21
22
SIM5
SIM1
SIM2
SIM3
SIM4
1
21
22
SIM5
SIM1
SIM2
SIM3
SIM4
1
21
22
SIM5
SIM1
SIM2
SIM3
SIM4
1
21
22
SIM5
SIM1
SIM2
SIM3
SIM4
1
21
22
SIM5
SIM1
SIM2
SIM3
SIM4
1
21
22
SIM5
SIM1
SIM2
SIM3
SIM4
1
21
22
SIM5
SIM1
SIM2
SIM3
SIM4
1
21
22
SIM5
SIM1
SIM2
SIM3
SIM4
1
21
22
SIM5
SIM1
SIM2
SIM3
SIM4
1
21
22
SIM5
SIM1
SIM2
SIM3
SIM4
1
21
22
SIM5
SIM1
SIM2
SIM3
SIM4
1
21
22
SIM5
SIM1
SIM2
SIM3
SIM4
1
21
22
SIM5
SIM1
SIM2
SIM3
SIM4
1
21
22
SIM5
SIM1
SIM2
SIM3
SIM4
1
21
22
SIM5
SIM1
SIM2
SIM3
SIM4
1
21
22
SIM5
SIM1
SIM2
SIM3
SIM4
1
21
22
SIM5
SIM1
SIM2
SIM3
SIM4
1
21
22
SIM5
SIM1
SIM2
SIM3
SIM4
1
21
22
SIM5
SIM1
SIM2
SIM3
SIM4
1
21
22
SIM5
SIM1
SIM2
SIM3
SIM4
1
21
22
SIM5
SIM1
SIM2
DEBUG 1 853
SIM1
SIM2
SIM3
SIM4
1
21
22
SIM5
SIM1
SIM2
SIM3
SIM4
1
21
22
SIM5
SIM1
SIM2
SIM3
SIM4
1
21
22
SIM5
SIM1
SIM2
SIM3
SIM4
1
21
22
SIM5
SIM1
SIM2
SIM3
SIM4
1
21
22
SIM5
SIM1
SIM2
SIM3
SIM4
1
21
22
SIM5
SIM1
SIM2
SIM3
SIM4
1
21
22
SIM5
SIM1
SIM2
SIM3
SIM4
1
21
22
SIM5
SIM1
SIM2
SIM3
SIM4
1
21
22
SIM5
SIM1
SIM2
SIM3
SIM4
1
21
22
SIM5
SIM1
SIM2
SIM3
SIM4
1
21
22
SIM5
SIM1
SIM2
SIM3
SIM4
1
21
22
SIM5
SIM1
SIM2
SIM3
SIM4
1
21
22
SIM5
SIM1
SIM2
SIM3
SIM4
1
21
22
SIM5
SIM1
SIM2
SIM3
SIM4
1
21
22
SIM5
SIM1
SIM2
SIM3
SIM4
1
21
22
SIM5
SIM1
SIM2
SIM3
SIM4
1
21
22
SIM5
SIM1
SIM2
SIM3
SIM4
1
21
22
SIM5
SIM1
SIM2
SIM3
SIM4
1
21
22
SIM5
SIM1
SIM2
SIM3
SIM4
1
21
22
SIM5
SIM1
SIM2
SIM3
SIM4
1
21
22
SIM5
SIM1
SIM2
SIM3
SIM4
1
21
22
SIM5
SIM1
SIM2
SIM3
SIM4
1
21
22
SIM5
SIM1
SIM2
SIM3
SIM4
1
21
22
SIM5
SIM1
SIM2
SIM3
SIM4
1
21
22
SIM5
SIM1
SIM2
SIM3
SIM4
1
21
22
SIM5
SIM1
SIM2
SIM3
SIM4
1
21
22
SIM5
SIM1
SIM2
SIM3
SIM4
1
21
22
SIM5
SIM1
SIM2
SIM3
SIM4
1
21
22
SIM5
SIM1
SIM2
SIM3
SIM4
1
21
22
SIM5
SIM1
SIM2
SIM3
SIM4
1
21
22
SIM5
SIM1
SIM2
SIM3
SIM4
1
21
22
SIM5
SIM1
SIM2
SIM3
SIM4
1
21
22
SIM5
SIM1
SIM2
SIM3
SIM4
1
21
22
SIM5
SIM1
SIM2
SIM3
SIM4
1
21
22
SIM5
SIM1
SIM2
SIM3
SIM4
1
21
22
SIM5
SIM1
SIM2
SIM3
SIM4
1
21
22
SIM5
SIM1
SIM2
SIM3
SIM4
1
21
22
SIM5
SIM1
SIM2
SIM3
SIM4
1
21
22
SIM5
SIM1
SIM2
SIM3
SIM4
1
21
22
SIM5
SIM1
SIM2
SIM3
SIM4
1
21
22
SIM5
SIM1
SIM2
SIM3
SIM4
1
21
22
SIM5
SIM1
SIM2
SIM3
SIM4
1
21
22
SIM5
SIM1
SIM2
SIM3
SIM4
1
21
22
SIM5
SIM1
SIM2
SIM3
SIM4
1
21
22
SIM5
SIM1
SIM2
SIM3
SIM4
1
21
22
SIM5
SIM1
SIM2
SIM3
SIM4
1
21
22
SIM5
SIM1
SIM2
SIM3
SIM4
1
21
22
SIM5
SIM1
SIM2
SIM3
SIM4
1
21
22
SIM5
SIM1
SIM2
SIM3
SIM4
1
21
22
SIM5
SIM1
SIM2
SIM3
SIM4
1
21
22
SIM5
SIM1
SIM2
SIM3
SIM4
1
21
22
SIM5
SIM1
SIM2
SIM3
SIM4
1
21
22
SIM5
SIM1
SIM2
SIM3
SIM4
1
21
22
SIM5
SIM1
SIM2
SIM3
SIM4
1
21
22
SIM5
SIM1
SIM2
SIM3
SIM4
1
21
22
SIM5
SIM1
SIM2
SIM3
SIM4
1
21
22
SIM5
SIM1
SIM2
SIM3
SIM4
1
21
22
SIM5
SIM1
SIM2
SIM3
SIM4
1
21
22
SIM5
SIM1
SIM2
SIM3
SIM4
1
21
22
SIM5
SIM1
SIM2
SIM3
SIM4
1
21
22
SIM5
SIM1
SIM2
SIM3
SIM4
1
21
22
SIM5
SIM1
SIM2
SIM3
SIM4
1
21
22
SIM5
SIM1
SIM2
SIM3
SIM4
1
21
22
SIM5
SIM1
SIM2
SIM3
SIM4
1
21
22
SIM5
SIM1
SIM2
SIM3
SIM4
1
21
22
SIM5
SIM1
SIM2
SIM3
SIM4
1
21
22
SIM5
SIM1
SIM2
SIM3
SIM4
1
21
22
SIM5
SIM1
SIM2
SIM3
SIM4
1
21
22
SIM5
SIM1
SIM2
SIM3
SIM4
1
21
22
SIM5
SIM1
SIM2
SIM3
SIM4
1
21
22
SIM5
SIM1
SIM2
SIM3
SIM4
1
21
22
SIM5
SIM1
SIM2
SIM3
SIM4
1
21
22
SIM5
SIM1
SIM2
SIM3
SIM4
1
21
22
SIM5
SIM1
SIM2
SIM3
SIM4
1
21
22
SIM5
SIM1
SIM2
SIM3
SIM4
1
21
22
SIM5
SIM1
SIM2
SIM3
SIM4
1
21
22
SIM5
SIM1
SIM2
SIM3
SIM4
1
21
22
SIM5
SIM1
SIM2
SIM3
SIM4
1
21
22
SIM5
SIM1
SIM2
SIM3
SIM4
1
21
22
SIM5
SIM1
SIM2
SIM3
SIM4
1
21
22
SIM5
SIM1
SIM2
SIM3
SIM4
1
21
22
SIM5
SIM1
SIM2
SIM3
SIM4
1
21
22
SIM5
SIM1
SIM2
SIM3
SIM4
1
21
22
SIM5
SIM1
SIM2
SIM3
SIM4
1
21
22
SIM5
SIM1
SIM2
SIM3
SIM4
1
21
22
SIM5
SIM1
SIM2
SIM3
SIM4
1
21
22
SIM5
SIM1
SIM2
SIM3
SIM4
1
21
22
SIM5
SIM1
SIM2
SIM3
SIM4
1
21
22
SIM5
SIM1
SIM2
SIM3
SIM4
1
21
22
SIM5
SIM1
SIM2
SIM3
SIM4
1
21
22
SIM5
SIM1
SIM2
SIM3
SIM4
1
21
22
SIM5
SIM1
SIM2
SIM3
SIM4
1
21
22
SIM5
SIM1
SIM2
SIM3
SIM4
1
21
22
SIM5
SIM1
SIM2
SIM3
SIM4
1
21
22
SIM5
SIM1
SIM2
SIM3
SIM4
1
21
22
SIM5
SIM1
SIM2
SIM3
SIM4
1
21
22
SIM5
SIM1
SIM2
SIM3
SIM4
1
21
22
SIM5
SIM1
SIM2
SIM3
SIM4
1
21
22
SIM5
SIM1
SIM2
SIM3
SIM4
1
21
22
SIM5
SIM1
SIM2
SIM3
SIM4
1
21
22
SIM5
SIM1
SIM2
SIM3
SIM4
1
21
22
SIM5
SIM1
SIM2
SIM3
SIM4
1
21
22
SIM5
SIM1
SIM2
SIM3
SIM4
1
21
22
SIM5
SIM1
SIM2
SIM3
SIM4
1
21
22
SIM5
SIM1
SIM2
SIM3
SIM4
1
21
22
SIM5
SIM1
SIM2
SIM3
SIM4
1
21
22
SIM5
SIM1
SIM2
SIM3
SIM4
1
21
22
SIM5
SIM1
SIM2
SIM3
SIM4
1
21
22
SIM5
SIM1
SIM2
SIM3
SIM4
1
21
22
SIM5
SIM1
SIM2
SIM3
SIM4
1
21
22
SIM5
SIM1
SIM2
SIM3
SIM4
1
21
22
SIM5
SIM1
SIM2
SIM3
SIM4
1
21
22
SIM5
SIM1
SIM2
SIM3
SIM4
1
21
22
SIM5
SIM1
SIM2
SIM3
SIM4
1
21
22
SIM5
SIM1
SIM2
SIM3
SIM4
1
21
22
SIM5
SIM1
SIM2
SIM3
SIM4
1
21
22
SIM5
SIM1
SIM2
SIM3
SIM4
1
21
22
SIM5
SIM1
SIM2
SIM3
SIM4
1
21
22
SIM5
SIM1
SIM2
SIM3
SIM4
1
21
22
SIM5
SIM1
SIM2
SIM3
SIM4
1
21
22
SIM5
SIM1
SIM2
SIM3
SIM4
1
21
22
SIM5
SIM1
SIM2
SIM3
SIM4
1
21
22
SIM5
SIM1
SIM2
DEBUG 1 854
SIM1
SIM2
SIM3
SIM4
1
21
22
SIM5
SIM1
SIM2
SIM3
SIM4
1
21
22
SIM5
SIM1
SIM2
SIM3
SIM4
1
21
22
SIM5
SIM1
SIM2
SIM3
SIM4
1
21
22
SIM5
SIM1
SIM2
SIM3
SIM4
1
21
22
SIM5
SIM1
SIM2
SIM3
SIM4
1
21
22
SIM5
SIM1
SIM2
SIM3
SIM4
1
21
22
SIM5
SIM1
SIM2
SIM3
SIM4
1
21
22
SIM5
SIM1
SIM2
SIM3
SIM4
1
21
22
SIM5
SIM1
SIM2
SIM3
SIM4
1
21
22
SIM5
SIM1
SIM2
SIM3
SIM4
1
21
22
SIM5
SIM1
SIM2
SIM3
SIM4
1
21
22
SIM5
SIM1
SIM2
SIM3
SIM4
1
21
22
SIM5
SIM1
SIM2
SIM3
SIM4
1
21
22
SIM5
SIM1
SIM2
SIM3
SIM4
1
21
22
SIM5
SIM1
SIM2
SIM3
SIM4
1
21
22
SIM5
SIM1
SIM2
SIM3
SIM4
1
21
22
SIM5
SIM1
SIM2
SIM3
SIM4
1
21
22
SIM5
SIM1
SIM2
SIM3
SIM4
1
21
22
SIM5
SIM1
SIM2
SIM3
SIM4
1
21
22
SIM5
SIM1
SIM2
SIM3
SIM4
1
21
22
SIM5
SIM1
SIM2
SIM3
SIM4
1
21
22
SIM5
SIM1
SIM2
SIM3
SIM4
1
21
22
SIM5
SIM1
SIM2
SIM3
SIM4
1
21
22
SIM5
SIM1
SIM2
SIM3
SIM4
1
21
22
SIM5
SIM1
SIM2
SIM3
SIM4
1
21
22
SIM5
SIM1
SIM2
SIM3
SIM4
1
21
22
SIM5
SIM1
SIM2
SIM3
SIM4
1
21
22
SIM5
SIM1
SIM2
SIM3
SIM4
1
21
22
SIM5
SIM1
SIM2
SIM3
SIM4
1
21
22
SIM5
SIM1
SIM2
SIM3
SIM4
1
21
22
SIM5
SIM1
SIM2
SIM3
SIM4
1
21
22
SIM5
SIM1
SIM2
SIM3
SIM4
1
21
22
SIM5
SIM1
SIM2
SIM3
SIM4
1
21
22
SIM5
SIM1
SIM2
SIM3
SIM4
1
21
22
SIM5
SIM1
SIM2
SIM3
SIM4
1
21
22
SIM5
SIM1
SIM2
SIM3
SIM4
1
21
22
SIM5
SIM1
SIM2
SIM3
SIM4
1
21
22
SIM5
SIM1
SIM2
SIM3
SIM4
1
21
22
SIM5
SIM1
SIM2
SIM3
SIM4
1
21
22
SIM5
SIM1
SIM2
SIM3
SIM4
1
21
22
SIM5
SIM1
SIM2
SIM3
SIM4
1
21
22
SIM5
SIM1
SIM2
SIM3
SIM4
1
21
22
SIM5
SIM1
SIM2
SIM3
SIM4
1
21
22
SIM5
SIM1
SIM2
SIM3
SIM4
1
21
22
SIM5
SIM1
SIM2
SIM3
SIM4
1
21
22
SIM5
SIM1
SIM2
SIM3
SIM4
1
21
22
SIM5
SIM1
SIM2
SIM3
SIM4
1
21
22
SIM5
SIM1
SIM2
SIM3
SIM4
1
21
22
SIM5
SIM1
SIM2
SIM3
SIM4
1
21
22
SIM5
SIM1
SIM2
SIM3
SIM4
1
21
22
SIM5
SIM1
SIM2
SIM3
SIM4
1
21
22
SIM5
SIM1
SIM2
SIM3
SIM4
1
21
22
SIM5
SIM1
SIM2
SIM3
SIM4
1
21
22
SIM5
SIM1
SIM2
SIM3
SIM4
1
21
22
SIM5
SIM1
SIM2
SIM3
SIM4
1
21
22
SIM5
SIM1
SIM2
SIM3
SIM4
1
21
22
SIM5
SIM1
SIM2
SIM3
SIM4
1
21
22
SIM5
SIM1
SIM2
SIM3
SIM4
1
21
22
SIM5
SIM1
SIM2
SIM3
SIM4
1
21
22
SIM5
SIM1
SIM2
SIM3
SIM4
1
21
22
SIM5
SIM1
SIM2
SIM3
SIM4
1
21
22
SIM5
SIM1
SIM2
SIM3
SIM4
1
21
22
SIM5
SIM1
SIM2
SIM3
SIM4
1
21
22
SIM5
SIM1
SIM2
SIM3
SIM4
1
21
22
SIM5
SIM1
SIM2
SIM3
SIM4
1
21
22
SIM5
SIM1
SIM2
SIM3
SIM4
1
21
22
SIM5
SIM1
SIM2
SIM3
SIM4
1
21
22
SIM5
SIM1
SIM2
SIM3
SIM4
1
21
22
SIM5
SIM1
SIM2
SIM3
SIM4
1
21
22
SIM5
SIM1
SIM2
SIM3
SIM4
1
21
22
SIM5
SIM1
SIM2
SIM3
SIM4
1
21
22
SIM5
SIM1
SIM2
SIM3
SIM4
1
21
22
SIM5
SIM1
SIM2
SIM3
SIM4
1
21
22
SIM5
SIM1
SIM2
SIM3
SIM4
1
21
22
SIM5
SIM1
SIM2
SIM3
SIM4
1
21
22
SIM5
SIM1
SIM2
SIM3
SIM4
1
21
22
SIM5
SIM1
SIM2
SIM3
SIM4
1
21
22
SIM5
SIM1
SIM2
SIM3
SIM4
1
21
22
SIM5
SIM1
SIM2
SIM3
SIM4
1
21
22
SIM5
SIM1
SIM2
SIM3
SIM4
1
21
22
SIM5
SIM1
SIM2
SIM3
SIM4
1
21
22
SIM5
SIM1
SIM2
SIM3
SIM4
1
21
22
SIM5
SIM1
SIM2
SIM3
SIM4
1
21
22
SIM5
SIM1
SIM2
SIM3
SIM4
1
21
22
SIM5
SIM1
SIM2
SIM3
SIM4
1
21
22
SIM5
SIM1
SIM2
SIM3
SIM4
1
21
22
SIM5
SIM1
SIM2
SIM3
SIM4
1
21
22
SIM5
SIM1
SIM2
SIM3
SIM4
1
21
22
SIM5
SIM1
SIM2
SIM3
SIM4
1
21
22
SIM5
SIM1
SIM2
SIM3
SIM4
1
21
22
SIM5
SIM1
SIM2
SIM3
SIM4
1
21
22
SIM5
SIM1
SIM2
SIM3
SIM4
1
21
22
SIM5
SIM1
SIM2
SIM3
SIM4
1
21
22
SIM5
SIM1
SIM2
SIM3
SIM4
1
21
22
SIM5
SIM1
SIM2
SIM3
SIM4
1
21
22
SIM5
SIM1
SIM2
SIM3
SIM4
1
21
22
SIM5
SIM1
SIM2
SIM3
SIM4
1
21
22
SIM5
SIM1
SIM2
SIM3
SIM4
1
21
22
SIM5
SIM1
SIM2
SIM3
SIM4
1
21
22
SIM5
SIM1
SIM2
SIM3
SIM4
1
21
22
SIM5
SIM1
SIM2
SIM3
SIM4
1
21
22
SIM5
SIM1
SIM2
SIM3
SIM4
1
21
22
SIM5
SIM1
SIM2
SIM3
SIM4
1
21
22
SIM5
SIM1
SIM2
SIM3
SIM4
1
21
22
SIM5
SIM1
SIM2
SIM3
SIM4
1
21
22
SIM5
SIM1
SIM2
SIM3
SIM4
1
21
22
SIM5
SIM1
SIM2
SIM3
SIM4
1
21
22
SIM5
SIM1
SIM2
SIM3
SIM4
1
21
22
SIM5
SIM1
SIM2
SIM3
SIM4
1
21
22
SIM5
SIM1
SIM2
SIM3
SIM4
1
21
22
SIM5
SIM1
SIM2
SIM3
SIM4
1
21
22
SIM5
SIM1
SIM2
SIM3
SIM4
1
21
22
SIM5
SIM1
SIM2
SIM3
SIM4
1
21
22
SIM5
SIM1
SIM2
SIM3
SIM4
1
21
22
SIM5
SIM1
SIM2
SIM3
SIM4
1
21
22
SIM5
SIM1
SIM2
SIM3
SIM4
1
21
22
SIM5
SIM1
SIM2
SIM3
SIM4
1
21
22
SIM5
SIM1
SIM2
SIM3
SIM4
1
21
22
SIM5
SIM1
SIM2
SIM3
SIM4
1
21
22
SIM5
SIM1
SIM2
SIM3
SIM4
1
21
22
SIM5
SIM1
SIM2
SIM3
SIM4
1
21
22
SIM5
SIM1
SIM2
SIM3
SIM4
1
21
22
SIM5
SIM1
SIM2
SIM3
SIM4
1
21
22
SIM5
SIM1
SIM2
SIM3
SIM4
1
21
22
SIM5
SIM1
SIM2
SIM3
SIM4
1
21
22
SIM5
SIM1
SIM2
SIM3
SIM4
1
21
22
SIM5
SIM1
SIM2
SIM3
SIM4
1
21
22
SIM5
SIM1
SIM2
SIM3
SIM4
1
21
22
SIM5
SIM1
SIM2
SIM3
SIM4
1
21
22
SIM5
SIM1
SIM2
SIM3
SIM4
1
21
22
SIM5
SIM1
SIM2
SIM3
SIM4
1
21
22
SIM5
SIM1
SIM2
SIM3
SIM4
1
21
22
SIM5
SIM1
SIM2
SIM3
SIM4
1
21
22
SIM5
SIM1
SIM2
SIM3
SIM4
1
21
22
SIM5
SIM1
SIM2
SIM3
SIM4
1
21
22
SIM5
SIM1
SIM2
SIM3
SIM4
1
21
22
SIM5
SIM1
SIM2
SIM3
SIM4
1
21
22
SIM5
SIM1
SIM2
SIM3
SIM4
1
21
22
SIM5
SIM1
SIM2
SIM3
SIM4
1
21
22
SIM5
SIM1
SIM2
SIM3
SIM4
1
21
22
SIM5
SIM1
SIM2
SIM3
SIM4
1
21
22
SIM5
SIM1
SIM2
SIM3
SIM4
1
21
22
SIM5
SIM1
SIM2
SIM3
SIM4
1
21
22
SIM5
SIM1
SIM2
SIM3
SIM4
1
21
22
SIM5
SIM1
SIM2
SIM3
SIM4
1
21
22
SIM5
SIM1
SIM2
SIM3
SIM4
1
21
22
SIM5
SIM1
SIM2
SIM3
SIM4
1
21
22
SIM5
SIM1
SIM2
SIM3
SIM4
1
21
22
SIM5
SIM1
SIM2
SIM3
SIM4
1
21
22
SIM5
SIM1
SIM2
SIM3
SIM4
1
21
22
SIM5
SIM1
SIM2
SIM3
SIM4
1
21
22
SIM5
SIM1
SIM2
SIM3
SIM4
1
21
22
SIM5
SIM1
SIM2
SIM3
SIM4
1
21
22
SIM5
SIM1
SIM2
SIM3
SIM4
1
21
22
SIM5
SIM1
SIM2
SIM3
SIM4
1
21
22
SIM5
SIM1
SIM2
SIM3
SIM4
1
21
22
SIM5
SIM1
SIM2
SIM3
SIM4
1
21
22
SIM5
SIM1
SIM2
SIM3
SIM4
1
21
22
SIM5
SIM1
SIM2
SIM3
SIM4
1
21
22
SIM5
SIM1
SIM2
SIM3
SIM4
1
21
22
SIM5
SIM1
SIM2
SIM3
SIM4
1
21
22
SIM5
SIM1
SIM2
SIM3
SIM4
1
21
22
SIM5
SIM1
SIM2
SIM3
SIM4
1
21
22
SIM5
SIM1
SIM2
SIM3
SIM4
1
21
22
SIM5
SIM1
SIM2
SIM3
SIM4
1
21
22
SIM5
SIM1
SIM2
SIM3
SIM4
1
21
22
SIM5
SIM1
SIM2
SIM3
SIM4
1
21
22
SIM5
SIM1
SIM2
SIM3
SIM4
1
21
22
SIM5
SIM1
SIM2
SIM3
SIM4
1
21
22
SIM5
SIM1
SIM2
SIM3
SIM4
1
21
22
SIM5
SIM1
SIM2
SIM3
SIM4
1
21
22
SIM5
SIM1
SIM2
SIM3
SIM4
1
21
22
SIM5
SIM1
SIM2
SIM3
SIM4
1
21
22
SIM5
SIM1
SIM2
SIM3
SIM4
1
21
22
SIM5
SIM1
SIM2
SIM3
SIM4
1
21
22
SIM5
SIM1
SIM2
SIM3
SIM4
1
21
22
SIM5
SIM1
SIM2
SIM3
SIM4
1
21
22
SIM5
SIM1
SIM2
SIM3
SIM4
1
21
22
SIM5
SIM1
SIM2
SIM3
SIM4
1
21
22
SIM5
SIM1
SIM2
SIM3
SIM4
1
21
22
SIM5
SIM1
SIM2
SIM3
SIM4
1
21
22
SIM5
SIM1
SIM2
SIM3
SIM4
1
21
22
SIM5
SIM1
SIM2
SIM3
SIM4
1
21
22
SIM5
SIM1
SIM2
SIM3
SIM4
1
21
22
SIM5
SIM1
SIM2
SIM3
SIM4
1
21
22
SIM5
SIM1
SIM2
SIM3
SIM4
1
21
22
SIM5
SIM1
SIM2
SIM3
SIM4
1
21
22
SIM5
SIM1
SIM2
SIM3
SIM4
1
21
22
SIM5
SIM1
SIM2
SIM3
SIM4
1
21
22
SIM5
SIM1
SIM2
SIM3
SIM4
1
21
22
SIM5
SIM1
SIM2
SIM3
SIM4
1
21
22
SIM5
SIM1
SIM2
SIM3
SIM4
1
21
22
SIM5
SIM1
SIM2
SIM3
SIM4
1
21
22
SIM5
SIM1
SIM2
SIM3
SIM4
1
21
22
SIM5
SIM1
SIM2
SIM3
SIM4
1
21
22
SIM5
SIM1
SIM2
SIM3
SIM4
1
21
22
SIM5
SIM1
SIM2
DEBUG 1 855
SIM1
SIM2
SIM3
SIM4
1
21
22
SIM5
SIM1
SIM2
SIM3
SIM4
1
21
22
SIM5
SIM1
SIM2
SIM3
SIM4
1
21
22
SIM5
SIM1
SIM2
SIM3
SIM4
1
21
22
SIM5
SIM1
SIM2
SIM3
SIM4
1
21
22
SIM5
SIM1
SIM2
SIM3
SIM4
1
21
22
SIM5
SIM1
SIM2
SIM3
SIM4
1
21
22
SIM5
SIM1
SIM2
SIM3
SIM4
1
21
22
SIM5
SIM1
SIM2
SIM3
SIM4
1
21
22
SIM5
SIM1
SIM2
SIM3
SIM4
1
21
22
SIM5
SIM1
SIM2
SIM3
SIM4
1
21
22
SIM5
SIM1
SIM2
SIM3
SIM4
1
21
22
SIM5
SIM1
SIM2
SIM3
SIM4
1
21
22
SIM5
SIM1
SIM2
SIM3
SIM4
1
21
22
SIM5
SIM1
SIM2
SIM3
SIM4
1
21
22
SIM5
SIM1
SIM2
SIM3
SIM4
1
21
22
SIM5
SIM1
SIM2
SIM3
SIM4
1
21
22
SIM5
SIM1
SIM2
SIM3
SIM4
1
21
22
SIM5
SIM1
SIM2
SIM3
SIM4
1
21
22
SIM5
SIM1
SIM2
SIM3
SIM4
1
21
22
SIM5
SIM1
SIM2
SIM3
SIM4
1
21
22
SIM5
SIM1
SIM2
SIM3
SIM4
1
21
22
SIM5
SIM1
SIM2
SIM3
SIM4
1
21
22
SIM5
SIM1
SIM2
SIM3
SIM4
1
21
22
SIM5
SIM1
SIM2
SIM3
SIM4
1
21
22
SIM5
SIM1
SIM2
SIM3
SIM4
1
21
22
SIM5
SIM1
SIM2
SIM3
SIM4
1
21
22
SIM5
SIM1
SIM2
SIM3
SIM4
1
21
22
SIM5
SIM1
SIM2
SIM3
SIM4
1
21
22
SIM5
SIM1
SIM2
SIM3
SIM4
1
21
22
SIM5
SIM1
SIM2
SIM3
SIM4
1
21
22
SIM5
SIM1
SIM2
SIM3
SIM4
1
21
22
SIM5
SIM1
SIM2
SIM3
SIM4
1
21
22
SIM5
SIM1
SIM2
SIM3
SIM4
1
21
22
SIM5
SIM1
SIM2
SIM3
SIM4
1
21
22
SIM5
SIM1
SIM2
SIM3
SIM4
1
21
22
SIM5
SIM1
SIM2
SIM3
SIM4
1
21
22
SIM5
SIM1
SIM2
SIM3
SIM4
1
21
22
SIM5
SIM1
SIM2
SIM3
SIM4
1
21
22
SIM5
SIM1
SIM2
SIM3
SIM4
1
21
22
SIM5
SIM1
SIM2
SIM3
SIM4
1
21
22
SIM5
SIM1
SIM2
SIM3
SIM4
1
21
22
SIM5
SIM1
SIM2
SIM3
SIM4
1
21
22
SIM5
SIM1
SIM2
SIM3
SIM4
1
21
22
SIM5
SIM1
SIM2
SIM3
SIM4
1
21
22
SIM5
SIM1
SIM2
SIM3
SIM4
1
21
22
SIM5
SIM1
SIM2
SIM3
SIM4
1
21
22
SIM5
SIM1
SIM2
SIM3
SIM4
1
21
22
SIM5
SIM1
SIM2
SIM3
SIM4
1
21
22
SIM5
SIM1
SIM2
SIM3
SIM4
1
21
22
SIM5
SIM1
SIM2
SIM3
SIM4
1
21
22
SIM5
SIM1
SIM2
SIM3
SIM4
1
21
22
SIM5
SIM1
SIM2
SIM3
SIM4
1
21
22
SIM5
SIM1
SIM2
SIM3
SIM4
1
21
22
SIM5
SIM1
SIM2
SIM3
SIM4
1
21
22
SIM5
SIM1
SIM2
SIM3
SIM4
1
21
22
SIM5
SIM1
SIM2
SIM3
SIM4
1
21
22
SIM5
SIM1
SIM2
SIM3
SIM4
1
21
22
SIM5
SIM1
SIM2
SIM3
SIM4
1
21
22
SIM5
SIM1
SIM2
SIM3
SIM4
1
21
22
SIM5
SIM1
SIM2
SIM3
SIM4
1
21
22
SIM5
SIM1
SIM2
SIM3
SIM4
1
21
22
SIM5
SIM1
SIM2
SIM3
SIM4
1
21
22
SIM5
SIM1
SIM2
SIM3
SIM4
1
21
22
SIM5
SIM1
SIM2
SIM3
SIM4
1
21
22
SIM5
SIM1
SIM2
SIM3
SIM4
1
21
22
SIM5
SIM1
SIM2
SIM3
SIM4
1
21
22
SIM5
SIM1
SIM2
SIM3
SIM4
1
21
22
SIM5
SIM1
SIM2
SIM3
SIM4
1
21
22
SIM5
SIM1
SIM2
SIM3
SIM4
1
21
22
SIM5
SIM1
SIM2
SIM3
SIM4
1
21
22
SIM5
SIM1
SIM2
SIM3
SIM4
1
21
22
SIM5
SIM1
SIM2
SIM3
SIM4
1
21
22
SIM5
SIM1
SIM2
SIM3
SIM4
1
21
22
SIM5
SIM1
SIM2
SIM3
SIM4
1
21
22
SIM5
SIM1
SIM2
SIM3
SIM4
1
21
22
SIM5
SIM1
SIM2
SIM3
SIM4
1
21
22
SIM5
SIM1
SIM2
SIM3
SIM4
1
21
22
SIM5
SIM1
SIM2
SIM3
SIM4
1
21
22
SIM5
SIM1
SIM2
SIM3
SIM4
1
21
22
SIM5
SIM1
SIM2
SIM3
SIM4
1
21
22
SIM5
SIM1
SIM2
SIM3
SIM4
1
21
22
SIM5
SIM1
SIM2
SIM3
SIM4
1
21
22
SIM5
SIM1
SIM2
SIM3
SIM4
1
21
22
SIM5
SIM1
SIM2
SIM3
SIM4
1
21
22
SIM5
SIM1
SIM2
SIM3
SIM4
1
21
22
SIM5
SIM1
SIM2
SIM3
SIM4
1
21
22
SIM5
SIM1
SIM2
SIM3
SIM4
1
21
22
SIM5
SIM1
SIM2
SIM3
SIM4
1
21
22
SIM5
SIM1
SIM2
SIM3
SIM4
1
21
22
SIM5
SIM1
SIM2
SIM3
SIM4
1
21
22
SIM5
SIM1
SIM2
SIM3
SIM4
1
21
22
SIM5
SIM1
SIM2
SIM3
SIM4
1
21
22
SIM5
SIM1
SIM2
SIM3
SIM4
1
21
22
SIM5
SIM1
SIM2
SIM3
SIM4
1
21
22
SIM5
SIM1
SIM2
SIM3
SIM4
1
21
22
SIM5
SIM1
SIM2
SIM3
SIM4
1
21
22
SIM5
SIM1
SIM2
SIM3
SIM4
1
21
22
SIM5
SIM1
SIM2
SIM3
SIM4
1
21
22
SIM5
SIM1
SIM2
SIM3
SIM4
1
21
22
SIM5
SIM1
SIM2
SIM3
SIM4
1
21
22
SIM5
SIM1
SIM2
SIM3
SIM4
1
21
22
SIM5
SIM1
SIM2
SIM3
SIM4
1
21
22
SIM5
SIM1
SIM2
SIM3
SIM4
1
21
22
SIM5
SIM1
SIM2
SIM3
SIM4
1
21
22
SIM5
SIM1
SIM2
SIM3
SIM4
1
21
22
SIM5
SIM1
SIM2
SIM3
SIM4
1
21
22
SIM5
SIM1
SIM2
SIM3
SIM4
1
21
22
SIM5
SIM1
SIM2
SIM3
SIM4
1
21
22
SIM5
SIM1
SIM2
SIM3
SIM4
1
21
22
SIM5
SIM1
SIM2
SIM3
SIM4
1
21
22
SIM5
SIM1
SIM2
SIM3
SIM4
1
21
22
SIM5
SIM1
SIM2
SIM3
SIM4
1
21
22
SIM5
SIM1
SIM2
SIM3
SIM4
1
21
22
SIM5
SIM1
SIM2
SIM3
SIM4
1
21
22
SIM5
SIM1
SIM2
SIM3
SIM4
1
21
22
SIM5
SIM1
SIM2
SIM3
SIM4
1
21
22
SIM5
SIM1
SIM2
SIM3
SIM4
1
21
22
SIM5
SIM1
SIM2
SIM3
SIM4
1
21
22
SIM5
SIM1
SIM2
SIM3
SIM4
1
21
22
SIM5
SIM1
SIM2
SIM3
SIM4
1
21
22
SIM5
SIM1
SIM2
SIM3
SIM4
1
21
22
SIM5
SIM1
SIM2
SIM3
SIM4
1
21
22
SIM5
SIM1
SIM2
SIM3
SIM4
1
21
22
SIM5
SIM1
SIM2
SIM3
SIM4
1
21
22
SIM5
SIM1
SIM2
SIM3
SIM4
1
21
22
SIM5
SIM1
SIM2
SIM3
SIM4
1
21
22
SIM5
SIM1
SIM2
SIM3
SIM4
1
21
22
SIM5
SIM1
SIM2
SIM3
SIM4
1
21
22
SIM5
SIM1
SIM2
SIM3
SIM4
1
21
22
SIM5
SIM1
SIM2
SIM3
SIM4
1
21
22
SIM5
SIM1
SIM2
SIM3
SIM4
1
21
22
SIM5
SIM1
SIM2
SIM3
SIM4
1
21
22
SIM5
SIM1
SIM2
SIM3
SIM4
1
21
22
SIM5
SIM1
SIM2
SIM3
SIM4
1
21
22
SIM5
SIM1
SIM2
SIM3
SIM4
1
21
22
SIM5
SIM1
SIM2
SIM3
SIM4
1
21
22
SIM5
SIM1
SIM2
SIM3
SIM4
1
21
22
SIM5
SIM1
SIM2
SIM3
SIM4
1
21
22
SIM5
SIM1
SIM2
SIM3
SIM4
1
21
22
SIM5
SIM1
SIM2
SIM3
SIM4
1
21
22
SIM5
SIM1
SIM2
SIM3
SIM4
1
21
22
SIM5
SIM1
SIM2
SIM3
SIM4
1
21
22
SIM5
SIM1
SIM2
SIM3
SIM4
1
21
22
SIM5
SIM1
SIM2
SIM3
SIM4
1
21
22
SIM5
SIM1
SIM2
SIM3
SIM4
1
21
22
SIM5
SIM1
SIM2
SIM3
SIM4
1
21
22
SIM5
SIM1
SIM2
SIM3
SIM4
1
21
22
SIM5
SIM1
SIM2
SIM3
SIM4
1
21
22
SIM5
SIM1
SIM2
SIM3
SIM4
1
21
22
SIM5
SIM1
SIM2
SIM3
SIM4
1
21
22
SIM5
SIM1
SIM2
SIM3
SIM4
1
21
22
SIM5
SIM1
SIM2
SIM3
SIM4
1
21
22
SIM5
SIM1
SIM2
SIM3
SIM4
1
21
22
SIM5
SIM1
SIM2
SIM3
SIM4
1
21
22
SIM5
SIM1
SIM2
SIM3
SIM4
1
21
22
SIM5
SIM1
SIM2
SIM3
SIM4
1
21
22
SIM5
SIM1
SIM2
SIM3
SIM4
1
21
22
SIM5
SIM1
SIM2
SIM3
SIM4
1
21
22
SIM5
SIM1
SIM2
SIM3
SIM4
1
21
22
SIM5
SIM1
SIM2
SIM3
SIM4
1
21
22
SIM5
SIM1
SIM2
SIM3
SIM4
1
21
22
SIM5
SIM1
SIM2
SIM3
SIM4
1
21
22
SIM5
SIM1
SIM2
SIM3
SIM4
1
21
22
SIM5
SIM1
SIM2
SIM3
SIM4
1
21
22
SIM5
SIM1
SIM2
SIM3
SIM4
1
21
22
SIM5
SIM1
SIM2
SIM3
SIM4
1
21
22
SIM5
SIM1
SIM2
SIM3
SIM4
1
21
22
SIM5
SIM1
SIM2
SIM3
SIM4
1
21
22
SIM5
SIM1
SIM2
SIM3
SIM4
1
21
22
SIM5
SIM1
SIM2
SIM3
SIM4
1
21
22
SIM5
SIM1
SIM2
SIM3
SIM4
1
21
22
SIM5
SIM1
SIM2
SIM3
SIM4
1
21
22
SIM5
SIM1
SIM2
SIM3
SIM4
1
21
22
SIM5
SIM1
SIM2
SIM3
SIM4
1
21
22
SIM5
SIM1
SIM2
SIM3
SIM4
1
21
22
SIM5
SIM1
SIM2
SIM3
SIM4
1
21
22
SIM5
SIM1
SIM2
SIM3
SIM4
1
21
22
SIM5
SIM1
SIM2
SIM3
SIM4
1
21
22
SIM5
SIM1
SIM2
SIM3
SIM4
1
21
22
SIM5
SIM1
SIM2
DEBUG 1 856
SIM1
SIM2
SIM3
SIM4
1
21
22
SIM5
SIM1
SIM2
SIM3
SIM4
1
21
22
SIM5
SIM1
SIM2
SIM3
SIM4
1
21
22
SIM5
SIM1
SIM2
SIM3
SIM4
1
21
22
SIM5
SIM1
SIM2
SIM3
SIM4
1
21
22
SIM5
SIM1
SIM2
SIM3
SIM4
1
21
22
SIM5
SIM1
SIM2
SIM3
SIM4
1
21
22
SIM5
SIM1
SIM2
SIM3
SIM4
1
21
22
SIM5
SIM1
SIM2
SIM3
SIM4
1
21
22
SIM5
SIM1
SIM2
SIM3
SIM4
1
21
22
SIM5
SIM1
SIM2
SIM3
SIM4
1
21
22
SIM5
SIM1
SIM2
SIM3
SIM4
1
21
22
SIM5
SIM1
SIM2
SIM3
SIM4
1
21
22
SIM5
SIM1
SIM2
SIM3
SIM4
1
21
22
SIM5
SIM1
SIM2
SIM3
SIM4
1
21
22
SIM5
SIM1
SIM2
SIM3
SIM4
1
21
22
SIM5
SIM1
SIM2
SIM3
SIM4
1
21
22
SIM5
SIM1
SIM2
SIM3
SIM4
1
21
22
SIM5
SIM1
SIM2
SIM3
SIM4
1
21
22
SIM5
SIM1
SIM2
SIM3
SIM4
1
21
22
SIM5
SIM1
SIM2
SIM3
SIM4
1
21
22
SIM5
SIM1
SIM2
SIM3
SIM4
1
21
22
SIM5
SIM1
SIM2
SIM3
SIM4
1
21
22
SIM5
SIM1
SIM2
SIM3
SIM4
1
21
22
SIM5
SIM1
SIM2
SIM3
SIM4
1
21
22
SIM5
SIM1
SIM2
SIM3
SIM4
1
21
22
SIM5
SIM1
SIM2
SIM3
SIM4
1
21
22
SIM5
SIM1
SIM2
SIM3
SIM4
1
21
22
SIM5
SIM1
SIM2
SIM3
SIM4
1
21
22
SIM5
SIM1
SIM2
SIM3
SIM4
1
21
22
SIM5
SIM1
SIM2
SIM3
SIM4
1
21
22
SIM5
SIM1
SIM2
SIM3
SIM4
1
21
22
SIM5
SIM1
SIM2
SIM3
SIM4
1
21
22
SIM5
SIM1
SIM2
SIM3
SIM4
1
21
22
SIM5
SIM1
SIM2
SIM3
SIM4
1
21
22
SIM5
SIM1
SIM2
SIM3
SIM4
1
21
22
SIM5
SIM1
SIM2
SIM3
SIM4
1
21
22
SIM5
SIM1
SIM2
SIM3
SIM4
1
21
22
SIM5
SIM1
SIM2
SIM3
SIM4
1
21
22
SIM5
SIM1
SIM2
SIM3
SIM4
1
21
22
SIM5
SIM1
SIM2
SIM3
SIM4
1
21
22
SIM5
SIM1
SIM2
SIM3
SIM4
1
21
22
SIM5
SIM1
SIM2
SIM3
SIM4
1
21
22
SIM5
SIM1
SIM2
SIM3
SIM4
1
21
22
SIM5
SIM1
SIM2
SIM3
SIM4
1
21
22
SIM5
SIM1
SIM2
SIM3
SIM4
1
21
22
SIM5
SIM1
SIM2
SIM3
SIM4
1
21
22
SIM5
SIM1
SIM2
SIM3
SIM4
1
21
22
SIM5
SIM1
SIM2
SIM3
SIM4
1
21
22
SIM5
SIM1
SIM2
SIM3
SIM4
1
21
22
SIM5
SIM1
SIM2
SIM3
SIM4
1
21
22
SIM5
SIM1
SIM2
SIM3
SIM4
1
21
22
SIM5
SIM1
SIM2
SIM3
SIM4
1
21
22
SIM5
SIM1
SIM2
SIM3
SIM4
1
21
22
SIM5
SIM1
SIM2
SIM3
SIM4
1
21
22
SIM5
SIM1
SIM2
SIM3
SIM4
1
21
22
SIM5
SIM1
SIM2
SIM3
SIM4
1
21
22
SIM5
SIM1
SIM2
SIM3
SIM4
1
21
22
SIM5
SIM1
SIM2
SIM3
SIM4
1
21
22
SIM5
SIM1
SIM2
SIM3
SIM4
1
21
22
SIM5
SIM1
SIM2
SIM3
SIM4
1
21
22
SIM5
SIM1
SIM2
SIM3
SIM4
1
21
22
SIM5
SIM1
SIM2
SIM3
SIM4
1
21
22
SIM5
SIM1
SIM2
SIM3
SIM4
1
21
22
SIM5
SIM1
SIM2
SIM3
SIM4
1
21
22
SIM5
SIM1
SIM2
SIM3
SIM4
1
21
22
SIM5
SIM1
SIM2
SIM3
SIM4
1
21
22
SIM5
SIM1
SIM2
SIM3
SIM4
1
21
22
SIM5
SIM1
SIM2
SIM3
SIM4
1
21
22
SIM5
SIM1
SIM2
SIM3
SIM4
1
21
22
SIM5
SIM1
SIM2
SIM3
SIM4
1
21
22
SIM5
SIM1
SIM2
SIM3
SIM4
1
21
22
SIM5
SIM1
SIM2
SIM3
SIM4
1
21
22
SIM5
SIM1
SIM2
SIM3
SIM4
1
21
22
SIM5
SIM1
SIM2
SIM3
SIM4
1
21
22
SIM5
SIM1
SIM2
SIM3
SIM4
1
21
22
SIM5
SIM1
SIM2
SIM3
SIM4
1
21
22
SIM5
SIM1
SIM2
SIM3
SIM4
1
21
22
SIM5
SIM1
SIM2
SIM3
SIM4
1
21
22
SIM5
SIM1
SIM2
SIM3
SIM4
1
21
22
SIM5
SIM1
SIM2
SIM3
SIM4
1
21
22
SIM5
SIM1
SIM2
SIM3
SIM4
1
21
22
SIM5
SIM1
SIM2
SIM3
SIM4
1
21
22
SIM5
SIM1
SIM2
SIM3
SIM4
1
21
22
SIM5
SIM1
SIM2
SIM3
SIM4
1
21
22
SIM5
SIM1
SIM2
SIM3
SIM4
1
21
22
SIM5
SIM1
SIM2
SIM3
SIM4
1
21
22
SIM5
SIM1
SIM2
SIM3
SIM4
1
21
22
SIM5
SIM1
SIM2
SIM3
SIM4
1
21
22
SIM5
SIM1
SIM2
SIM3
SIM4
1
21
22
SIM5
SIM1
SIM2
SIM3
SIM4
1
21
22
SIM5
SIM1
SIM2
SIM3
SIM4
1
21
22
SIM5
SIM1
SIM2
SIM3
SIM4
1
21
22
SIM5
SIM1
SIM2
SIM3
SIM4
1
21
22
SIM5
SIM1
SIM2
SIM3
SIM4
1
21
22
SIM5
SIM1
SIM2
SIM3
SIM4
1
21
22
SIM5
SIM1
SIM2
SIM3
SIM4
1
21
22
SIM5
SIM1
SIM2
SIM3
SIM4
1
21
22
SIM5
SIM1
SIM2
SIM3
SIM4
1
21
22
SIM5
SIM1
SIM2
SIM3
SIM4
1
21
22
SIM5
SIM1
SIM2
SIM3
SIM4
1
21
22
SIM5
SIM1
SIM2
SIM3
SIM4
1
21
22
SIM5
SIM1
SIM2
SIM3
SIM4
1
21
22
SIM5
SIM1
SIM2
SIM3
SIM4
1
21
22
SIM5
SIM1
SIM2
SIM3
SIM4
1
21
22
SIM5
SIM1
SIM2
SIM3
SIM4
1
21
22
SIM5
SIM1
SIM2
SIM3
SIM4
1
21
22
SIM5
SIM1
SIM2
SIM3
SIM4
1
21
22
SIM5
SIM1
SIM2
SIM3
SIM4
1
21
22
SIM5
SIM1
SIM2
SIM3
SIM4
1
21
22
SIM5
SIM1
SIM2
SIM3
SIM4
1
21
22
SIM5
SIM1
SIM2
SIM3
SIM4
1
21
22
SIM5
SIM1
SIM2
SIM3
SIM4
1
21
22
SIM5
SIM1
SIM2
SIM3
SIM4
1
21
22
SIM5
SIM1
SIM2
SIM3
SIM4
1
21
22
SIM5
SIM1
SIM2
SIM3
SIM4
1
21
22
SIM5
SIM1
SIM2
SIM3
SIM4
1
21
22
SIM5
SIM1
SIM2
SIM3
SIM4
1
21
22
SIM5
SIM1
SIM2
SIM3
SIM4
1
21
22
SIM5
SIM1
SIM2
SIM3
SIM4
1
21
22
SIM5
SIM1
SIM2
SIM3
SIM4
1
21
22
SIM5
SIM1
SIM2
SIM3
SIM4
1
21
22
SIM5
SIM1
SIM2
SIM3
SIM4
1
21
22
SIM5
SIM1
SIM2
SIM3
SIM4
1
21
22
SIM5
SIM1
SIM2
SIM3
SIM4
1
21
22
SIM5
SIM1
SIM2
SIM3
SIM4
1
21
22
SIM5
SIM1
SIM2
SIM3
SIM4
1
21
22
SIM5
SIM1
SIM2
SIM3
SIM4
1
21
22
SIM5
SIM1
SIM2
SIM3
SIM4
1
21
22
SIM5
SIM1
SIM2
SIM3
SIM4
1
21
22
SIM5
SIM1
SIM2
SIM3
SIM4
1
21
22
SIM5
SIM1
SIM2
SIM3
SIM4
1
21
22
SIM5
SIM1
SIM2
SIM3
SIM4
1
21
22
SIM5
SIM1
SIM2
SIM3
SIM4
1
21
22
SIM5
SIM1
SIM2
SIM3
SIM4
1
21
22
SIM5
SIM1
SIM2
SIM3
SIM4
1
21
22
SIM5
SIM1
SIM2
SIM3
SIM4
1
21
22
SIM5
SIM1
SIM2
SIM3
SIM4
1
21
22
SIM5
SIM1
SIM2
SIM3
SIM4
1
21
22
SIM5
SIM1
SIM2
SIM3
SIM4
1
21
22
SIM5
SIM1
SIM2
SIM3
SIM4
1
21
22
SIM5
SIM1
SIM2
SIM3
SIM4
1
21
22
SIM5
SIM1
SIM2
SIM3
SIM4
1
21
22
SIM5
SIM1
SIM2
SIM3
SIM4
1
21
22
SIM5
SIM1
SIM2
SIM3
SIM4
1
21
22
SIM5
SIM1
SIM2
SIM3
SIM4
1
21
22
SIM5
SIM1
SIM2
DEBUG 1 857
SIM1
SIM2
SIM3
SIM4
1
21
22
SIM5
SIM1
SIM2
SIM3
SIM4
1
21
22
SIM5
SIM1
SIM2
SIM3
SIM4
1
21
22
SIM5
SIM1
SIM2
SIM3
SIM4
1
21
22
SIM5
SIM1
SIM2
SIM3
SIM4
1
21
22
SIM5
SIM1
SIM2
SIM3
SIM4
1
21
22
SIM5
SIM1
SIM2
SIM3
SIM4
1
21
22
SIM5
SIM1
SIM2
SIM3
SIM4
1
21
22
SIM5
SIM1
SIM2
SIM3
SIM4
1
21
22
SIM5
SIM1
SIM2
SIM3
SIM4
1
21
22
SIM5
SIM1
SIM2
SIM3
SIM4
1
21
22
SIM5
SIM1
SIM2
SIM3
SIM4
1
21
22
SIM5
SIM1
SIM2
SIM3
SIM4
1
21
22
SIM5
SIM1
SIM2
SIM3
SIM4
1
21
22
SIM5
SIM1
SIM2
SIM3
SIM4
1
21
22
SIM5
SIM1
SIM2
SIM3
SIM4
1
21
22
SIM5
SIM1
SIM2
SIM3
SIM4
1
21
22
SIM5
SIM1
SIM2
SIM3
SIM4
1
21
22
SIM5
SIM1
SIM2
SIM3
SIM4
1
21
22
SIM5
SIM1
SIM2
SIM3
SIM4
1
21
22
SIM5
SIM1
SIM2
SIM3
SIM4
1
21
22
SIM5
SIM1
SIM2
SIM3
SIM4
1
21
22
SIM5
SIM1
SIM2
SIM3
SIM4
1
21
22
SIM5
SIM1
SIM2
SIM3
SIM4
1
21
22
SIM5
SIM1
SIM2
SIM3
SIM4
1
21
22
SIM5
SIM1
SIM2
SIM3
SIM4
1
21
22
SIM5
SIM1
SIM2
SIM3
SIM4
1
21
22
SIM5
SIM1
SIM2
SIM3
SIM4
1
21
22
SIM5
SIM1
SIM2
SIM3
SIM4
1
21
22
SIM5
SIM1
SIM2
SIM3
SIM4
1
21
22
SIM5
SIM1
SIM2
SIM3
SIM4
1
21
22
SIM5
SIM1
SIM2
SIM3
SIM4
1
21
22
SIM5
SIM1
SIM2
SIM3
SIM4
1
21
22
SIM5
SIM1
SIM2
SIM3
SIM4
1
21
22
SIM5
SIM1
SIM2
SIM3
SIM4
1
21
22
SIM5
SIM1
SIM2
SIM3
SIM4
1
21
22
SIM5
SIM1
SIM2
SIM3
SIM4
1
21
22
SIM5
SIM1
SIM2
SIM3
SIM4
1
21
22
SIM5
SIM1
SIM2
SIM3
SIM4
1
21
22
SIM5
SIM1
SIM2
SIM3
SIM4
1
21
22
SIM5
SIM1
SIM2
SIM3
SIM4
1
21
22
SIM5
SIM1
SIM2
SIM3
SIM4
1
21
22
SIM5
SIM1
SIM2
SIM3
SIM4
1
21
22
SIM5
SIM1
SIM2
SIM3
SIM4
1
21
22
SIM5
SIM1
SIM2
SIM3
SIM4
1
21
22
SIM5
SIM1
SIM2
SIM3
SIM4
1
21
22
SIM5
SIM1
SIM2
SIM3
SIM4
1
21
22
SIM5
SIM1
SIM2
SIM3
SIM4
1
21
22
SIM5
SIM1
SIM2
SIM3
SIM4
1
21
22
SIM5
SIM1
SIM2
SIM3
SIM4
1
21
22
SIM5
SIM1
SIM2
SIM3
SIM4
1
21
22
SIM5
SIM1
SIM2
SIM3
SIM4
1
21
22
SIM5
SIM1
SIM2
SIM3
SIM4
1
21
22
SIM5
SIM1
SIM2
SIM3
SIM4
1
21
22
SIM5
SIM1
SIM2
SIM3
SIM4
1
21
22
SIM5
SIM1
SIM2
SIM3
SIM4
1
21
22
SIM5
SIM1
SIM2
SIM3
SIM4
1
21
22
SIM5
SIM1
SIM2
SIM3
SIM4
1
21
22
SIM5
SIM1
SIM2
SIM3
SIM4
1
21
22
SIM5
SIM1
SIM2
SIM3
SIM4
1
21
22
SIM5
SIM1
SIM2
SIM3
SIM4
1
21
22
SIM5
SIM1
SIM2
SIM3
SIM4
1
21
22
SIM5
SIM1
SIM2
SIM3
SIM4
1
21
22
SIM5
SIM1
SIM2
SIM3
SIM4
1
21
22
SIM5
SIM1
SIM2
SIM3
SIM4
1
21
22
SIM5
SIM1
SIM2
SIM3
SIM4
1
21
22
SIM5
SIM1
SIM2
SIM3
SIM4
1
21
22
SIM5
SIM1
SIM2
SIM3
SIM4
1
21
22
SIM5
SIM1
SIM2
SIM3
SIM4
1
21
22
SIM5
SIM1
SIM2
SIM3
SIM4
1
21
22
SIM5
SIM1
SIM2
SIM3
SIM4
1
21
22
SIM5
SIM1
SIM2
SIM3
SIM4
1
21
22
SIM5
SIM1
SIM2
SIM3
SIM4
1
21
22
SIM5
SIM1
SIM2
SIM3
SIM4
1
21
22
SIM5
SIM1
SIM2
SIM3
SIM4
1
21
22
SIM5
SIM1
SIM2
SIM3
SIM4
1
21
22
SIM5
SIM1
SIM2
SIM3
SIM4
1
21
22
SIM5
SIM1
SIM2
SIM3
SIM4
1
21
22
SIM5
SIM1
SIM2
SIM3
SIM4
1
21
22
SIM5
SIM1
SIM2
SIM3
SIM4
1
21
22
SIM5
SIM1
SIM2
SIM3
SIM4
1
21
22
SIM5
SIM1
SIM2
SIM3
SIM4
1
21
22
SIM5
SIM1
SIM2
SIM3
SIM4
1
21
22
SIM5
SIM1
SIM2
SIM3
SIM4
1
21
22
SIM5
SIM1
SIM2
SIM3
SIM4
1
21
22
SIM5
SIM1
SIM2
SIM3
SIM4
1
21
22
SIM5
SIM1
SIM2
SIM3
SIM4
1
21
22
SIM5
SIM1
SIM2
SIM3
SIM4
1
21
22
SIM5
SIM1
SIM2
SIM3
SIM4
1
21
22
SIM5
SIM1
SIM2
SIM3
SIM4
1
21
22
SIM5
SIM1
SIM2
SIM3
SIM4
1
21
22
SIM5
SIM1
SIM2
SIM3
SIM4
1
21
22
SIM5
SIM1
SIM2
SIM3
SIM4
1
21
22
SIM5
SIM1
SIM2
SIM3
SIM4
1
21
22
SIM5
SIM1
SIM2
SIM3
SIM4
1
21
22
SIM5
SIM1
SIM2
SIM3
SIM4
1
21
22
SIM5
SIM1
SIM2
SIM3
SIM4
1
21
22
SIM5
SIM1
SIM2
SIM3
SIM4
1
21
22
SIM5
SIM1
SIM2
SIM3
SIM4
1
21
22
SIM5
SIM1
SIM2
SIM3
SIM4
1
21
22
SIM5
SIM1
SIM2
SIM3
SIM4
1
21
22
SIM5
SIM1
SIM2
SIM3
SIM4
1
21
22
SIM5
SIM1
SIM2
SIM3
SIM4
1
21
22
SIM5
SIM1
SIM2
SIM3
SIM4
1
21
22
SIM5
SIM1
SIM2
SIM3
SIM4
1
21
22
SIM5
SIM1
SIM2
SIM3
SIM4
1
21
22
SIM5
SIM1
SIM2
SIM3
SIM4
1
21
22
SIM5
SIM1
SIM2
SIM3
SIM4
1
21
22
SIM5
SIM1
SIM2
SIM3
SIM4
1
21
22
SIM5
SIM1
SIM2
SIM3
SIM4
1
21
22
SIM5
SIM1
SIM2
SIM3
SIM4
1
21
22
SIM5
SIM1
SIM2
SIM3
SIM4
1
21
22
SIM5
SIM1
SIM2
SIM3
SIM4
1
21
22
SIM5
SIM1
SIM2
SIM3
SIM4
1
21
22
SIM5
SIM1
SIM2
SIM3
SIM4
1
21
22
SIM5
SIM1
SIM2
SIM3
SIM4
1
21
22
SIM5
SIM1
SIM2
SIM3
SIM4
1
21
22
SIM5
SIM1
SIM2
SIM3
SIM4
1
21
22
SIM5
SIM1
SIM2
SIM3
SIM4
1
21
22
SIM5
SIM1
SIM2
SIM3
SIM4
1
21
22
SIM5
SIM1
SIM2
SIM3
SIM4
1
21
22
SIM5
SIM1
SIM2
SIM3
SIM4
1
21
22
SIM5
SIM1
SIM2
SIM3
SIM4
1
21
22
SIM5
SIM1
SIM2
SIM3
SIM4
1
21
22
SIM5
SIM1
SIM2
SIM3
SIM4
1
21
22
SIM5
SIM1
SIM2
SIM3
SIM4
1
21
22
SIM5
SIM1
SIM2
SIM3
SIM4
1
21
22
SIM5
SIM1
SIM2
SIM3
SIM4
1
21
22
SIM5
SIM1
SIM2
SIM3
SIM4
1
21
22
SIM5
SIM1
SIM2
SIM3
SIM4
1
21
22
SIM5
SIM1
SIM2
SIM3
SIM4
1
21
22
SIM5
SIM1
SIM2
SIM3
SIM4
1
21
22
SIM5
SIM1
SIM2
SIM3
SIM4
1
21
22
SIM5
SIM1
SIM2
SIM3
SIM4
1
21
22
SIM5
SIM1
SIM2
SIM3
SIM4
1
21
22
SIM5
SIM1
SIM2
SIM3
SIM4
1
21
22
SIM5
SIM1
SIM2
SIM3
SIM4
1
21
22
SIM5
SIM1
SIM2
SIM3
SIM4
1
21
22
SIM5
SIM1
SIM2
SIM3
SIM4
1
21
22
SIM5
SIM1
SIM2
SIM3
SIM4
1
21
22
SIM5
SIM1
SIM2
SIM3
SIM4
1
21
22
SIM5
SIM1
SIM2
SIM3
SIM4
1
21
22
SIM5
SIM1
SIM2
SIM3
SIM4
1
21
22
SIM5
SIM1
SIM2
SIM3
SIM4
1
21
22
SIM5
SIM1
SIM2
SIM3
SIM4
1
21
22
SIM5
SIM1
SIM2
SIM3
SIM4
1
21
22
SIM5
SIM1
SIM2
SIM3
SIM4
1
21
22
SIM5
SIM1
SIM2
SIM3
SIM4
1
21
22
SIM5
SIM1
SIM2
SIM3
SIM4
1
21
22
SIM5
SIM1
SIM2
SIM3
SIM4
1
21
22
SIM5
SIM1
SIM2
SIM3
SIM4
1
21
22
SIM5
SIM1
SIM2
SIM3
SIM4
1
21
22
SIM5
SIM1
SIM2
SIM3
SIM4
1
21
22
SIM5
SIM1
SIM2
SIM3
SIM4
1
21
22
SIM5
SIM1
SIM2
SIM3
SIM4
1
21
22
SIM5
SIM1
SIM2
SIM3
SIM4
1
21
22
SIM5
SIM1
SIM2
SIM3
SIM4
1
21
22
SIM5
SIM1
SIM2
SIM3
SIM4
1
21
22
SIM5
SIM1
SIM2
SIM3
SIM4
1
21
22
SIM5
SIM1
SIM2
SIM3
SIM4
1
21
22
SIM5
SIM1
SIM2
SIM3
SIM4
1
21
22
SIM5
SIM1
SIM2
SIM3
SIM4
1
21
22
SIM5
SIM1
SIM2
SIM3
SIM4
1
21
22
SIM5
SIM1
SIM2
SIM3
SIM4
1
21
22
SIM5
SIM1
SIM2
SIM3
SIM4
1
21
22
SIM5
SIM1
SIM2
SIM3
SIM4
1
21
22
SIM5
SIM1
SIM2
SIM3
SIM4
1
21
22
SIM5
SIM1
SIM2
SIM3
SIM4
1
21
22
SIM5
SIM1
SIM2
SIM3
SIM4
1
21
22
SIM5
SIM1
SIM2
SIM3
SIM4
1
21
22
SIM5
SIM1
SIM2
SIM3
SIM4
1
21
22
SIM5
SIM1
SIM2
SIM3
SIM4
1
21
22
SIM5
SIM1
SIM2
SIM3
SIM4
1
21
22
SIM5
SIM1
SIM2
SIM3
SIM4
1
21
22
SIM5
SIM1
SIM2
SIM3
SIM4
1
21
22
SIM5
SIM1
SIM2
SIM3
SIM4
1
21
22
SIM5
SIM1
SIM2
SIM3
SIM4
1
21
22
SIM5
SIM1
SIM2
SIM3
SIM4
1
21
22
SIM5
SIM1
SIM2
SIM3
SIM4
1
21
22
SIM5
SIM1
SIM2
SIM3
SIM4
1
21
22
SIM5
SIM1
SIM2
SIM3
SIM4
1
21
22
SIM5
SIM1
SIM2
SIM3
SIM4
1
21
22
SIM5
SIM1
SIM2
SIM3
SIM4
1
21
22
SIM5
SIM1
SIM2
SIM3
SIM4
1
21
22
SIM5
SIM1
SIM2
SIM3
SIM4
1
21
22
SIM5
SIM1
SIM2
SIM3
SIM4
1
21
22
SIM5
SIM1
SIM2
SIM3
SIM4
1
21
22
SIM5
SIM1
SIM2
SIM3
SIM4
1
21
22
SIM5
SIM1
SIM2
SIM3
SIM4
1
21
22
SIM5
SIM1
SIM2
SIM3
SIM4
1
21
22
SIM5
SIM1
SIM2
SIM3
SIM4
1
21
22
SIM5
SIM1
SIM2
SIM3
SIM4
1
21
22
SIM5
SIM1
SIM2
SIM3
SIM4
1
21
22
SIM5
SIM1
SIM2
SIM3
SIM4
1
21
22
SIM5
SIM1
SIM2
SIM3
SIM4
1
21
22
SIM5
SIM1
SIM2
SIM3
SIM4
1
21
22
SIM5
SIM1
SIM2
SIM3
SIM4
1
21
22
SIM5
SIM1
SIM2
SIM3
SIM4
1
21
22
SIM5
SIM1
SIM2
SIM3
SIM4
1
21
22
SIM5
SIM1
SIM2
SIM3
SIM4
1
21
22
SIM5
SIM1
SIM2
SIM3
SIM4
1
21
22
SIM5
SIM1
SIM2
SIM3
SIM4
1
21
22
SIM5
SIM1
SIM2
SIM3
SIM4
1
21
22
SIM5
SIM1
SIM2
SIM3
SIM4
1
21
22
SIM5
SIM1
SIM2
SIM3
SIM4
1
21
22
SIM5
SIM1
SIM2
SIM3
SIM4
1
21
22
SIM5
SIM1
SIM2
SIM3
SIM4
1
21
22
SIM5
SIM1
SIM2
DEBUG 1 858
SIM1
SIM2
SIM3
SIM4
1
21
22
SIM5
SIM1
SIM2
SIM3
SIM4
1
21
22
SIM5
SIM1
SIM2
SIM3
SIM4
1
21
22
SIM5
SIM1
SIM2
SIM3
SIM4
1
21
22
SIM5
SIM1
SIM2
SIM3
SIM4
1
21
22
SIM5
SIM1
SIM2
SIM3
SIM4
1
21
22
SIM5
SIM1
SIM2
SIM3
SIM4
1
21
22
SIM5
SIM1
SIM2
SIM3
SIM4
1
21
22
SIM5
SIM1
SIM2
SIM3
SIM4
1
21
22
SIM5
SIM1
SIM2
SIM3
SIM4
1
21
22
SIM5
SIM1
SIM2
SIM3
SIM4
1
21
22
SIM5
SIM1
SIM2
SIM3
SIM4
1
21
22
SIM5
SIM1
SIM2
SIM3
SIM4
1
21
22
SIM5
SIM1
SIM2
SIM3
SIM4
1
21
22
SIM5
SIM1
SIM2
SIM3
SIM4
1
21
22
SIM5
SIM1
SIM2
SIM3
SIM4
1
21
22
SIM5
SIM1
SIM2
SIM3
SIM4
1
21
22
SIM5
SIM1
SIM2
SIM3
SIM4
1
21
22
SIM5
SIM1
SIM2
SIM3
SIM4
1
21
22
SIM5
SIM1
SIM2
SIM3
SIM4
1
21
22
SIM5
SIM1
SIM2
SIM3
SIM4
1
21
22
SIM5
SIM1
SIM2
SIM3
SIM4
1
21
22
SIM5
SIM1
SIM2
SIM3
SIM4
1
21
22
SIM5
SIM1
SIM2
SIM3
SIM4
1
21
22
SIM5
SIM1
SIM2
SIM3
SIM4
1
21
22
SIM5
SIM1
SIM2
SIM3
SIM4
1
21
22
SIM5
SIM1
SIM2
SIM3
SIM4
1
21
22
SIM5
SIM1
SIM2
SIM3
SIM4
1
21
22
SIM5
SIM1
SIM2
SIM3
SIM4
1
21
22
SIM5
SIM1
SIM2
SIM3
SIM4
1
21
22
SIM5
SIM1
SIM2
SIM3
SIM4
1
21
22
SIM5
SIM1
SIM2
SIM3
SIM4
1
21
22
SIM5
SIM1
SIM2
SIM3
SIM4
1
21
22
SIM5
SIM1
SIM2
SIM3
SIM4
1
21
22
SIM5
SIM1
SIM2
SIM3
SIM4
1
21
22
SIM5
SIM1
SIM2
SIM3
SIM4
1
21
22
SIM5
SIM1
SIM2
SIM3
SIM4
1
21
22
SIM5
SIM1
SIM2
SIM3
SIM4
1
21
22
SIM5
SIM1
SIM2
SIM3
SIM4
1
21
22
SIM5
SIM1
SIM2
SIM3
SIM4
1
21
22
SIM5
SIM1
SIM2
SIM3
SIM4
1
21
22
SIM5
SIM1
SIM2
SIM3
SIM4
1
21
22
SIM5
SIM1
SIM2
SIM3
SIM4
1
21
22
SIM5
SIM1
SIM2
SIM3
SIM4
1
21
22
SIM5
SIM1
SIM2
SIM3
SIM4
1
21
22
SIM5
SIM1
SIM2
SIM3
SIM4
1
21
22
SIM5
SIM1
SIM2
SIM3
SIM4
1
21
22
SIM5
SIM1
SIM2
SIM3
SIM4
1
21
22
SIM5
SIM1
SIM2
SIM3
SIM4
1
21
22
SIM5
SIM1
SIM2
SIM3
SIM4
1
21
22
SIM5
SIM1
SIM2
SIM3
SIM4
1
21
22
SIM5
SIM1
SIM2
SIM3
SIM4
1
21
22
SIM5
SIM1
SIM2
SIM3
SIM4
1
21
22
SIM5
SIM1
SIM2
SIM3
SIM4
1
21
22
SIM5
SIM1
SIM2
SIM3
SIM4
1
21
22
SIM5
SIM1
SIM2
SIM3
SIM4
1
21
22
SIM5
SIM1
SIM2
SIM3
SIM4
1
21
22
SIM5
SIM1
SIM2
SIM3
SIM4
1
21
22
SIM5
SIM1
SIM2
SIM3
SIM4
1
21
22
SIM5
SIM1
SIM2
SIM3
SIM4
1
21
22
SIM5
SIM1
SIM2
SIM3
SIM4
1
21
22
SIM5
SIM1
SIM2
SIM3
SIM4
1
21
22
SIM5
SIM1
SIM2
SIM3
SIM4
1
21
22
SIM5
SIM1
SIM2
SIM3
SIM4
1
21
22
SIM5
SIM1
SIM2
SIM3
SIM4
1
21
22
SIM5
SIM1
SIM2
SIM3
SIM4
1
21
22
SIM5
SIM1
SIM2
SIM3
SIM4
1
21
22
SIM5
SIM1
SIM2
SIM3
SIM4
1
21
22
SIM5
SIM1
SIM2
SIM3
SIM4
1
21
22
SIM5
SIM1
SIM2
SIM3
SIM4
1
21
22
SIM5
SIM1
SIM2
SIM3
SIM4
1
21
22
SIM5
SIM1
SIM2
SIM3
SIM4
1
21
22
SIM5
SIM1
SIM2
SIM3
SIM4
1
21
22
SIM5
SIM1
SIM2
SIM3
SIM4
1
21
22
SIM5
SIM1
SIM2
SIM3
SIM4
1
21
22
SIM5
SIM1
SIM2
SIM3
SIM4
1
21
22
SIM5
SIM1
SIM2
SIM3
SIM4
1
21
22
SIM5
SIM1
SIM2
SIM3
SIM4
1
21
22
SIM5
SIM1
SIM2
SIM3
SIM4
1
21
22
SIM5
SIM1
SIM2
SIM3
SIM4
1
21
22
SIM5
SIM1
SIM2
SIM3
SIM4
1
21
22
SIM5
SIM1
SIM2
SIM3
SIM4
1
21
22
SIM5
SIM1
SIM2
SIM3
SIM4
1
21
22
SIM5
SIM1
SIM2
SIM3
SIM4
1
21
22
SIM5
SIM1
SIM2
SIM3
SIM4
1
21
22
SIM5
SIM1
SIM2
SIM3
SIM4
1
21
22
SIM5
SIM1
SIM2
SIM3
SIM4
1
21
22
SIM5
SIM1
SIM2
SIM3
SIM4
1
21
22
SIM5
SIM1
SIM2
SIM3
SIM4
1
21
22
SIM5
SIM1
SIM2
SIM3
SIM4
1
21
22
SIM5
SIM1
SIM2
SIM3
SIM4
1
21
22
SIM5
SIM1
SIM2
SIM3
SIM4
1
21
22
SIM5
SIM1
SIM2
SIM3
SIM4
1
21
22
SIM5
SIM1
SIM2
SIM3
SIM4
1
21
22
SIM5
SIM1
SIM2
SIM3
SIM4
1
21
22
SIM5
SIM1
SIM2
SIM3
SIM4
1
21
22
SIM5
SIM1
SIM2
SIM3
SIM4
1
21
22
SIM5
SIM1
SIM2
SIM3
SIM4
1
21
22
SIM5
SIM1
SIM2
SIM3
SIM4
1
21
22
SIM5
SIM1
SIM2
SIM3
SIM4
1
21
22
SIM5
SIM1
SIM2
SIM3
SIM4
1
21
22
SIM5
SIM1
SIM2
SIM3
SIM4
1
21
22
SIM5
SIM1
SIM2
SIM3
SIM4
1
21
22
SIM5
SIM1
SIM2
SIM3
SIM4
1
21
22
SIM5
SIM1
SIM2
SIM3
SIM4
1
21
22
SIM5
SIM1
SIM2
SIM3
SIM4
1
21
22
SIM5
SIM1
SIM2
SIM3
SIM4
1
21
22
SIM5
SIM1
SIM2
SIM3
SIM4
1
21
22
SIM5
SIM1
SIM2
SIM3
SIM4
1
21
22
SIM5
SIM1
SIM2
SIM3
SIM4
1
21
22
SIM5
SIM1
SIM2
SIM3
SIM4
1
21
22
SIM5
SIM1
SIM2
SIM3
SIM4
1
21
22
SIM5
SIM1
SIM2
SIM3
SIM4
1
21
22
SIM5
SIM1
SIM2
SIM3
SIM4
1
21
22
SIM5
SIM1
SIM2
SIM3
SIM4
1
21
22
SIM5
SIM1
SIM2
SIM3
SIM4
1
21
22
SIM5
SIM1
SIM2
SIM3
SIM4
1
21
22
SIM5
SIM1
SIM2
SIM3
SIM4
1
21
22
SIM5
SIM1
SIM2
SIM3
SIM4
1
21
22
SIM5
SIM1
SIM2
SIM3
SIM4
1
21
22
SIM5
SIM1
SIM2
SIM3
SIM4
1
21
22
SIM5
SIM1
SIM2
SIM3
SIM4
1
21
22
SIM5
SIM1
SIM2
SIM3
SIM4
1
21
22
SIM5
SIM1
SIM2
SIM3
SIM4
1
21
22
SIM5
SIM1
SIM2
SIM3
SIM4
1
21
22
SIM5
SIM1
SIM2
SIM3
SIM4
1
21
22
SIM5
SIM1
SIM2
SIM3
SIM4
1
21
22
SIM5
SIM1
SIM2
SIM3
SIM4
1
21
22
SIM5
SIM1
SIM2
SIM3
SIM4
1
21
22
SIM5
SIM1
SIM2
SIM3
SIM4
1
21
22
SIM5
SIM1
SIM2
SIM3
SIM4
1
21
22
SIM5
SIM1
SIM2
SIM3
SIM4
1
21
22
SIM5
SIM1
SIM2
SIM3
SIM4
1
21
22
SIM5
SIM1
SIM2
SIM3
SIM4
1
21
22
SIM5
SIM1
SIM2
SIM3
SIM4
1
21
22
SIM5
SIM1
SIM2
SIM3
SIM4
1
21
22
SIM5
SIM1
SIM2
SIM3
SIM4
1
21
22
SIM5
SIM1
SIM2
SIM3
SIM4
1
21
22
SIM5
SIM1
SIM2
SIM3
SIM4
1
21
22
SIM5
SIM1
SIM2
SIM3
SIM4
1
21
22
SIM5
SIM1
SIM2
SIM3
SIM4
1
21
22
SIM5
SIM1
SIM2
SIM3
SIM4
1
21
22
SIM5
SIM1
SIM2
SIM3
SIM4
1
21
22
SIM5
SIM1
SIM2
SIM3
SIM4
1
21
22
SIM5
SIM1
SIM2
SIM3
SIM4
1
21
22
SIM5
SIM1
SIM2
SIM3
SIM4
1
21
22
SIM5
SIM1
SIM2
SIM3
SIM4
1
21
22
SIM5
SIM1
SIM2
SIM3
SIM4
1
21
22
SIM5
SIM1
SIM2
SIM3
SIM4
1
21
22
SIM5
SIM1
SIM2
SIM3
SIM4
1
21
22
SIM5
SIM1
SIM2
SIM3
SIM4
1
21
22
SIM5
SIM1
SIM2
SIM3
SIM4
1
21
22
SIM5
SIM1
SIM2
SIM3
SIM4
1
21
22
SIM5
SIM1
SIM2
SIM3
SIM4
1
21
22
SIM5
SIM1
SIM2
SIM3
SIM4
1
21
22
SIM5
SIM1
SIM2
SIM3
SIM4
1
21
22
SIM5
SIM1
SIM2
SIM3
SIM4
1
21
22
SIM5
SIM1
SIM2
SIM3
SIM4
1
21
22
SIM5
SIM1
SIM2
SIM3
SIM4
1
21
22
SIM5
SIM1
SIM2
SIM3
SIM4
1
21
22
SIM5
SIM1
SIM2
SIM3
SIM4
1
21
22
SIM5
SIM1
SIM2
SIM3
SIM4
1
21
22
SIM5
SIM1
SIM2
SIM3
SIM4
1
21
22
SIM5
SIM1
SIM2
SIM3
SIM4
1
21
22
SIM5
SIM1
SIM2
SIM3
SIM4
1
21
22
SIM5
SIM1
SIM2
SIM3
SIM4
1
21
22
SIM5
SIM1
SIM2
SIM3
SIM4
1
21
22
SIM5
SIM1
SIM2
SIM3
SIM4
1
21
22
SIM5
SIM1
SIM2
SIM3
SIM4
1
21
22
SIM5
SIM1
SIM2
SIM3
SIM4
1
21
22
SIM5
SIM1
SIM2
SIM3
SIM4
1
21
22
SIM5
SIM1
SIM2
SIM3
SIM4
1
21
22
SIM5
SIM1
SIM2
SIM3
SIM4
1
21
22
SIM5
SIM1
SIM2
SIM3
SIM4
1
21
22
SIM5
SIM1
SIM2
SIM3
SIM4
1
21
22
SIM5
SIM1
SIM2
SIM3
SIM4
1
21
22
SIM5
SIM1
SIM2
SIM3
SIM4
1
21
22
SIM5
SIM1
SIM2
SIM3
SIM4
1
21
22
SIM5
SIM1
SIM2
SIM3
SIM4
1
21
22
SIM5
SIM1
SIM2
SIM3
SIM4
1
21
22
SIM5
SIM1
SIM2
SIM3
SIM4
1
21
22
SIM5
SIM1
SIM2
SIM3
SIM4
1
21
22
SIM5
SIM1
SIM2
DEBUG 1 859
SIM1
SIM2
SIM3
SIM4
1
21
22
SIM5
SIM1
SIM2
SIM3
SIM4
1
21
22
SIM5
SIM1
SIM2
SIM3
SIM4
1
21
22
SIM5
SIM1
SIM2
SIM3
SIM4
1
21
22
SIM5
SIM1
SIM2
SIM3
SIM4
1
21
22
SIM5
SIM1
SIM2
SIM3
SIM4
1
21
22
SIM5
SIM1
SIM2
SIM3
SIM4
1
21
22
SIM5
SIM1
SIM2
SIM3
SIM4
1
21
22
SIM5
SIM1
SIM2
SIM3
SIM4
1
21
22
SIM5
SIM1
SIM2
SIM3
SIM4
1
21
22
SIM5
SIM1
SIM2
SIM3
SIM4
1
21
22
SIM5
SIM1
SIM2
SIM3
SIM4
1
21
22
SIM5
SIM1
SIM2
SIM3
SIM4
1
21
22
SIM5
SIM1
SIM2
SIM3
SIM4
1
21
22
SIM5
SIM1
SIM2
SIM3
SIM4
1
21
22
SIM5
SIM1
SIM2
SIM3
SIM4
1
21
22
SIM5
SIM1
SIM2
SIM3
SIM4
1
21
22
SIM5
SIM1
SIM2
SIM3
SIM4
1
21
22
SIM5
SIM1
SIM2
SIM3
SIM4
1
21
22
SIM5
SIM1
SIM2
SIM3
SIM4
1
21
22
SIM5
SIM1
SIM2
SIM3
SIM4
1
21
22
SIM5
SIM1
SIM2
SIM3
SIM4
1
21
22
SIM5
SIM1
SIM2
SIM3
SIM4
1
21
22
SIM5
SIM1
SIM2
SIM3
SIM4
1
21
22
SIM5
SIM1
SIM2
SIM3
SIM4
1
21
22
SIM5
SIM1
SIM2
SIM3
SIM4
1
21
22
SIM5
SIM1
SIM2
SIM3
SIM4
1
21
22
SIM5
SIM1
SIM2
SIM3
SIM4
1
21
22
SIM5
SIM1
SIM2
SIM3
SIM4
1
21
22
SIM5
SIM1
SIM2
SIM3
SIM4
1
21
22
SIM5
SIM1
SIM2
SIM3
SIM4
1
21
22
SIM5
SIM1
SIM2
SIM3
SIM4
1
21
22
SIM5
SIM1
SIM2
SIM3
SIM4
1
21
22
SIM5
SIM1
SIM2
SIM3
SIM4
1
21
22
SIM5
SIM1
SIM2
SIM3
SIM4
1
21
22
SIM5
SIM1
SIM2
SIM3
SIM4
1
21
22
SIM5
SIM1
SIM2
SIM3
SIM4
1
21
22
SIM5
SIM1
SIM2
SIM3
SIM4
1
21
22
SIM5
SIM1
SIM2
SIM3
SIM4
1
21
22
SIM5
SIM1
SIM2
SIM3
SIM4
1
21
22
SIM5
SIM1
SIM2
SIM3
SIM4
1
21
22
SIM5
SIM1
SIM2
SIM3
SIM4
1
21
22
SIM5
SIM1
SIM2
SIM3
SIM4
1
21
22
SIM5
SIM1
SIM2
SIM3
SIM4
1
21
22
SIM5
SIM1
SIM2
SIM3
SIM4
1
21
22
SIM5
SIM1
SIM2
SIM3
SIM4
1
21
22
SIM5
SIM1
SIM2
SIM3
SIM4
1
21
22
SIM5
SIM1
SIM2
SIM3
SIM4
1
21
22
SIM5
SIM1
SIM2
SIM3
SIM4
1
21
22
SIM5
SIM1
SIM2
SIM3
SIM4
1
21
22
SIM5
SIM1
SIM2
SIM3
SIM4
1
21
22
SIM5
SIM1
SIM2
SIM3
SIM4
1
21
22
SIM5
SIM1
SIM2
SIM3
SIM4
1
21
22
SIM5
SIM1
SIM2
SIM3
SIM4
1
21
22
SIM5
SIM1
SIM2
SIM3
SIM4
1
21
22
SIM5
SIM1
SIM2
SIM3
SIM4
1
21
22
SIM5
SIM1
SIM2
SIM3
SIM4
1
21
22
SIM5
SIM1
SIM2
SIM3
SIM4
1
21
22
SIM5
SIM1
SIM2
SIM3
SIM4
1
21
22
SIM5
SIM1
SIM2
SIM3
SIM4
1
21
22
SIM5
SIM1
SIM2
SIM3
SIM4
1
21
22
SIM5
SIM1
SIM2
SIM3
SIM4
1
21
22
SIM5
SIM1
SIM2
SIM3
SIM4
1
21
22
SIM5
SIM1
SIM2
SIM3
SIM4
1
21
22
SIM5
SIM1
SIM2
SIM3
SIM4
1
21
22
SIM5
SIM1
SIM2
SIM3
SIM4
1
21
22
SIM5
SIM1
SIM2
SIM3
SIM4
1
21
22
SIM5
SIM1
SIM2
SIM3
SIM4
1
21
22
SIM5
SIM1
SIM2
SIM3
SIM4
1
21
22
SIM5
SIM1
SIM2
SIM3
SIM4
1
21
22
SIM5
SIM1
SIM2
SIM3
SIM4
1
21
22
SIM5
SIM1
SIM2
SIM3
SIM4
1
21
22
SIM5
SIM1
SIM2
SIM3
SIM4
1
21
22
SIM5
SIM1
SIM2
SIM3
SIM4
1
21
22
SIM5
SIM1
SIM2
SIM3
SIM4
1
21
22
SIM5
SIM1
SIM2
SIM3
SIM4
1
21
22
SIM5
SIM1
SIM2
SIM3
SIM4
1
21
22
SIM5
SIM1
SIM2
SIM3
SIM4
1
21
22
SIM5
SIM1
SIM2
SIM3
SIM4
1
21
22
SIM5
SIM1
SIM2
SIM3
SIM4
1
21
22
SIM5
SIM1
SIM2
SIM3
SIM4
1
21
22
SIM5
SIM1
SIM2
SIM3
SIM4
1
21
22
SIM5
SIM1
SIM2
SIM3
SIM4
1
21
22
SIM5
SIM1
SIM2
SIM3
SIM4
1
21
22
SIM5
SIM1
SIM2
SIM3
SIM4
1
21
22
SIM5
SIM1
SIM2
SIM3
SIM4
1
21
22
SIM5
SIM1
SIM2
SIM3
SIM4
1
21
22
SIM5
SIM1
SIM2
SIM3
SIM4
1
21
22
SIM5
SIM1
SIM2
SIM3
SIM4
1
21
22
SIM5
SIM1
SIM2
SIM3
SIM4
1
21
22
SIM5
SIM1
SIM2
SIM3
SIM4
1
21
22
SIM5
SIM1
SIM2
SIM3
SIM4
1
21
22
SIM5
SIM1
SIM2
SIM3
SIM4
1
21
22
SIM5
SIM1
SIM2
SIM3
SIM4
1
21
22
SIM5
SIM1
SIM2
SIM3
SIM4
1
21
22
SIM5
SIM1
SIM2
SIM3
SIM4
1
21
22
SIM5
SIM1
SIM2
SIM3
SIM4
1
21
22
SIM5
SIM1
SIM2
SIM3
SIM4
1
21
22
SIM5
SIM1
SIM2
SIM3
SIM4
1
21
22
SIM5
SIM1
SIM2
SIM3
SIM4
1
21
22
SIM5
SIM1
SIM2
SIM3
SIM4
1
21
22
SIM5
SIM1
SIM2
SIM3
SIM4
1
21
22
SIM5
SIM1
SIM2
SIM3
SIM4
1
21
22
SIM5
SIM1
SIM2
SIM3
SIM4
1
21
22
SIM5
SIM1
SIM2
SIM3
SIM4
1
21
22
SIM5
SIM1
SIM2
SIM3
SIM4
1
21
22
SIM5
SIM1
SIM2
SIM3
SIM4
1
21
22
SIM5
SIM1
SIM2
SIM3
SIM4
1
21
22
SIM5
SIM1
SIM2
SIM3
SIM4
1
21
22
SIM5
SIM1
SIM2
SIM3
SIM4
1
21
22
SIM5
SIM1
SIM2
SIM3
SIM4
1
21
22
SIM5
SIM1
SIM2
SIM3
SIM4
1
21
22
SIM5
SIM1
SIM2
SIM3
SIM4
1
21
22
SIM5
SIM1
SIM2
SIM3
SIM4
1
21
22
SIM5
SIM1
SIM2
SIM3
SIM4
1
21
22
SIM5
SIM1
SIM2
SIM3
SIM4
1
21
22
SIM5
SIM1
SIM2
SIM3
SIM4
1
21
22
SIM5
SIM1
SIM2
SIM3
SIM4
1
21
22
SIM5
SIM1
SIM2
SIM3
SIM4
1
21
22
SIM5
SIM1
SIM2
SIM3
SIM4
1
21
22
SIM5
SIM1
SIM2
SIM3
SIM4
1
21
22
SIM5
SIM1
SIM2
SIM3
SIM4
1
21
22
SIM5
SIM1
SIM2
SIM3
SIM4
1
21
22
SIM5
SIM1
SIM2
SIM3
SIM4
1
21
22
SIM5
SIM1
SIM2
SIM3
SIM4
1
21
22
SIM5
SIM1
SIM2
SIM3
SIM4
1
21
22
SIM5
SIM1
SIM2
SIM3
SIM4
1
21
22
SIM5
SIM1
SIM2
SIM3
SIM4
1
21
22
SIM5
SIM1
SIM2
SIM3
SIM4
1
21
22
SIM5
SIM1
SIM2
SIM3
SIM4
1
21
22
SIM5
SIM1
SIM2
SIM3
SIM4
1
21
22
SIM5
SIM1
SIM2
SIM3
SIM4
1
21
22
SIM5
SIM1
SIM2
SIM3
SIM4
1
21
22
SIM5
SIM1
SIM2
SIM3
SIM4
1
21
22
SIM5
SIM1
SIM2
SIM3
SIM4
1
21
22
SIM5
SIM1
SIM2
SIM3
SIM4
1
21
22
SIM5
SIM1
SIM2
SIM3
SIM4
1
21
22
SIM5
SIM1
SIM2
SIM3
SIM4
1
21
22
SIM5
SIM1
SIM2
SIM3
SIM4
1
21
22
SIM5
SIM1
SIM2
SIM3
SIM4
1
21
22
SIM5
SIM1
SIM2
SIM3
SIM4
1
21
22
SIM5
SIM1
SIM2
SIM3
SIM4
1
21
22
SIM5
SIM1
SIM2
SIM3
SIM4
1
21
22
SIM5
SIM1
SIM2
SIM3
SIM4
1
21
22
SIM5
SIM1
SIM2
SIM3
SIM4
1
21
22
SIM5
SIM1
SIM2
SIM3
SIM4
1
21
22
SIM5
SIM1
SIM2
SIM3
SIM4
1
21
22
SIM5
SIM1
SIM2
SIM3
SIM4
1
21
22
SIM5
SIM1
SIM2
SIM3
SIM4
1
21
22
SIM5
SIM1
SIM2
SIM3
SIM4
1
21
22
SIM5
SIM1
SIM2
SIM3
SIM4
1
21
22
SIM5
SIM1
SIM2
SIM3
SIM4
1
21
22
SIM5
SIM1
SIM2
SIM3
SIM4
1
21
22
SIM5
SIM1
SIM2
SIM3
SIM4
1
21
22
SIM5
SIM1
SIM2
SIM3
SIM4
1
21
22
SIM5
SIM1
SIM2
SIM3
SIM4
1
21
22
SIM5
SIM1
SIM2
SIM3
SIM4
1
21
22
SIM5
SIM1
SIM2
SIM3
SIM4
1
21
22
SIM5
SIM1
SIM2
SIM3
SIM4
1
21
22
SIM5
SIM1
SIM2
SIM3
SIM4
1
21
22
SIM5
SIM1
SIM2
SIM3
SIM4
1
21
22
SIM5
SIM1
SIM2
SIM3
SIM4
1
21
22
SIM5
SIM1
SIM2
SIM3
SIM4
1
21
22
SIM5
SIM1
SIM2
SIM3
SIM4
1
21
22
SIM5
SIM1
SIM2
SIM3
SIM4
1
21
22
SIM5
SIM1
SIM2
SIM3
SIM4
1
21
22
SIM5
SIM1
SIM2
SIM3
SIM4
1
21
22
SIM5
SIM1
SIM2
SIM3
SIM4
1
21
22
SIM5
SIM1
SIM2
SIM3
SIM4
1
21
22
SIM5
SIM1
SIM2
SIM3
SIM4
1
21
22
SIM5
SIM1
SIM2
SIM3
SIM4
1
21
22
SIM5
SIM1
SIM2
SIM3
SIM4
1
21
22
SIM5
SIM1
SIM2
SIM3
SIM4
1
21
22
SIM5
SIM1
SIM2
SIM3
SIM4
1
21
22
SIM5
SIM1
SIM2
SIM3
SIM4
1
21
22
SIM5
SIM1
SIM2
SIM3
SIM4
1
21
22
SIM5
SIM1
SIM2
SIM3
SIM4
1
21
22
SIM5
SIM1
SIM2
SIM3
SIM4
1
21
22
SIM5
SIM1
SIM2
SIM3
SIM4
1
21
22
SIM5
SIM1
SIM2
SIM3
SIM4
1
21
22
SIM5
SIM1
SIM2
SIM3
SIM4
1
21
22
SIM5
SIM1
SIM2
SIM3
SIM4
1
21
22
SIM5
SIM1
SIM2
SIM3
SIM4
1
21
22
SIM5
SIM1
SIM2
SIM3
SIM4
1
21
22
SIM5
SIM1
SIM2
SIM3
SIM4
1
21
22
SIM5
SIM1
SIM2
SIM3
SIM4
1
21
22
SIM5
SIM1
SIM2
SIM3
SIM4
1
21
22
SIM5
SIM1
SIM2
SIM3
SIM4
1
21
22
SIM5
SIM1
SIM2
SIM3
SIM4
1
21
22
SIM5
SIM1
SIM2
SIM3
SIM4
1
21
22
SIM5
SIM1
SIM2
SIM3
SIM4
1
21
22
SIM5
SIM1
SIM2
SIM3
SIM4
1
21
22
SIM5
SIM1
SIM2
SIM3
SIM4
1
21
22
SIM5
SIM1
SIM2
SIM3
SIM4
1
21
22
SIM5
SIM1
SIM2
SIM3
SIM4
1
21
22
SIM5
SIM1
SIM2
SIM3
SIM4
1
21
22
SIM5
SIM1
SIM2
SIM3
SIM4
1
21
22
SIM5
SIM1
SIM2
SIM3
SIM4
1
21
22
SIM5
SIM1
SIM2
SIM3
SIM4
1
21
22
SIM5
SIM1
SIM2
SIM3
SIM4
1
21
22
SIM5
SIM1
SIM2
SIM3
SIM4
1
21
22
SIM5
SIM1
SIM2
SIM3
SIM4
1
21
22
SIM5
SIM1
SIM2
SIM3
SIM4
1
21
22
SIM5
SIM1
SIM2
SIM3
SIM4
1
21
22
SIM5
SIM1
SIM2
DEBUG 1 860
SIM1
SIM2
SIM3
SIM4
1
21
22
SIM5
SIM1
SIM2
SIM3
SIM4
1
21
22
SIM5
SIM1
SIM2
SIM3
SIM4
1
21
22
SIM5
SIM1
SIM2
SIM3
SIM4
1
21
22
SIM5
SIM1
SIM2
SIM3
SIM4
1
21
22
SIM5
SIM1
SIM2
SIM3
SIM4
1
21
22
SIM5
SIM1
SIM2
SIM3
SIM4
1
21
22
SIM5
SIM1
SIM2
SIM3
SIM4
1
21
22
SIM5
SIM1
SIM2
SIM3
SIM4
1
21
22
SIM5
SIM1
SIM2
SIM3
SIM4
1
21
22
SIM5
SIM1
SIM2
SIM3
SIM4
1
21
22
SIM5
SIM1
SIM2
SIM3
SIM4
1
21
22
SIM5
SIM1
SIM2
SIM3
SIM4
1
21
22
SIM5
SIM1
SIM2
SIM3
SIM4
1
21
22
SIM5
SIM1
SIM2
SIM3
SIM4
1
21
22
SIM5
SIM1
SIM2
SIM3
SIM4
1
21
22
SIM5
SIM1
SIM2
SIM3
SIM4
1
21
22
SIM5
SIM1
SIM2
SIM3
SIM4
1
21
22
SIM5
SIM1
SIM2
SIM3
SIM4
1
21
22
SIM5
SIM1
SIM2
SIM3
SIM4
1
21
22
SIM5
SIM1
SIM2
SIM3
SIM4
1
21
22
SIM5
SIM1
SIM2
SIM3
SIM4
1
21
22
SIM5
SIM1
SIM2
SIM3
SIM4
1
21
22
SIM5
SIM1
SIM2
SIM3
SIM4
1
21
22
SIM5
SIM1
SIM2
SIM3
SIM4
1
21
22
SIM5
SIM1
SIM2
SIM3
SIM4
1
21
22
SIM5
SIM1
SIM2
SIM3
SIM4
1
21
22
SIM5
SIM1
SIM2
SIM3
SIM4
1
21
22
SIM5
SIM1
SIM2
SIM3
SIM4
1
21
22
SIM5
SIM1
SIM2
SIM3
SIM4
1
21
22
SIM5
SIM1
SIM2
SIM3
SIM4
1
21
22
SIM5
SIM1
SIM2
SIM3
SIM4
1
21
22
SIM5
SIM1
SIM2
SIM3
SIM4
1
21
22
SIM5
SIM1
SIM2
SIM3
SIM4
1
21
22
SIM5
SIM1
SIM2
SIM3
SIM4
1
21
22
SIM5
SIM1
SIM2
SIM3
SIM4
1
21
22
SIM5
SIM1
SIM2
SIM3
SIM4
1
21
22
SIM5
SIM1
SIM2
SIM3
SIM4
1
21
22
SIM5
SIM1
SIM2
SIM3
SIM4
1
21
22
SIM5
SIM1
SIM2
SIM3
SIM4
1
21
22
SIM5
SIM1
SIM2
SIM3
SIM4
1
21
22
SIM5
SIM1
SIM2
SIM3
SIM4
1
21
22
SIM5
SIM1
SIM2
SIM3
SIM4
1
21
22
SIM5
SIM1
SIM2
SIM3
SIM4
1
21
22
SIM5
SIM1
SIM2
SIM3
SIM4
1
21
22
SIM5
SIM1
SIM2
SIM3
SIM4
1
21
22
SIM5
SIM1
SIM2
SIM3
SIM4
1
21
22
SIM5
SIM1
SIM2
SIM3
SIM4
1
21
22
SIM5
SIM1
SIM2
SIM3
SIM4
1
21
22
SIM5
SIM1
SIM2
SIM3
SIM4
1
21
22
SIM5
SIM1
SIM2
SIM3
SIM4
1
21
22
SIM5
SIM1
SIM2
SIM3
SIM4
1
21
22
SIM5
SIM1
SIM2
SIM3
SIM4
1
21
22
SIM5
SIM1
SIM2
SIM3
SIM4
1
21
22
SIM5
SIM1
SIM2
SIM3
SIM4
1
21
22
SIM5
SIM1
SIM2
SIM3
SIM4
1
21
22
SIM5
SIM1
SIM2
SIM3
SIM4
1
21
22
SIM5
SIM1
SIM2
SIM3
SIM4
1
21
22
SIM5
SIM1
SIM2
SIM3
SIM4
1
21
22
SIM5
SIM1
SIM2
SIM3
SIM4
1
21
22
SIM5
SIM1
SIM2
SIM3
SIM4
1
21
22
SIM5
SIM1
SIM2
SIM3
SIM4
1
21
22
SIM5
SIM1
SIM2
SIM3
SIM4
1
21
22
SIM5
SIM1
SIM2
SIM3
SIM4
1
21
22
SIM5
SIM1
SIM2
SIM3
SIM4
1
21
22
SIM5
SIM1
SIM2
SIM3
SIM4
1
21
22
SIM5
SIM1
SIM2
SIM3
SIM4
1
21
22
SIM5
SIM1
SIM2
SIM3
SIM4
1
21
22
SIM5
SIM1
SIM2
SIM3
SIM4
1
21
22
SIM5
SIM1
SIM2
SIM3
SIM4
1
21
22
SIM5
SIM1
SIM2
SIM3
SIM4
1
21
22
SIM5
SIM1
SIM2
SIM3
SIM4
1
21
22
SIM5
SIM1
SIM2
SIM3
SIM4
1
21
22
SIM5
SIM1
SIM2
SIM3
SIM4
1
21
22
SIM5
SIM1
SIM2
SIM3
SIM4
1
21
22
SIM5
SIM1
SIM2
SIM3
SIM4
1
21
22
SIM5
SIM1
SIM2
SIM3
SIM4
1
21
22
SIM5
SIM1
SIM2
SIM3
SIM4
1
21
22
SIM5
SIM1
SIM2
SIM3
SIM4
1
21
22
SIM5
SIM1
SIM2
SIM3
SIM4
1
21
22
SIM5
SIM1
SIM2
SIM3
SIM4
1
21
22
SIM5
SIM1
SIM2
SIM3
SIM4
1
21
22
SIM5
SIM1
SIM2
SIM3
SIM4
1
21
22
SIM5
SIM1
SIM2
SIM3
SIM4
1
21
22
SIM5
SIM1
SIM2
SIM3
SIM4
1
21
22
SIM5
SIM1
SIM2
SIM3
SIM4
1
21
22
SIM5
SIM1
SIM2
SIM3
SIM4
1
21
22
SIM5
SIM1
SIM2
SIM3
SIM4
1
21
22
SIM5
SIM1
SIM2
SIM3
SIM4
1
21
22
SIM5
SIM1
SIM2
SIM3
SIM4
1
21
22
SIM5
SIM1
SIM2
SIM3
SIM4
1
21
22
SIM5
SIM1
SIM2
SIM3
SIM4
1
21
22
SIM5
SIM1
SIM2
SIM3
SIM4
1
21
22
SIM5
SIM1
SIM2
SIM3
SIM4
1
21
22
SIM5
SIM1
SIM2
SIM3
SIM4
1
21
22
SIM5
SIM1
SIM2
SIM3
SIM4
1
21
22
SIM5
SIM1
SIM2
SIM3
SIM4
1
21
22
SIM5
SIM1
SIM2
SIM3
SIM4
1
21
22
SIM5
SIM1
SIM2
SIM3
SIM4
1
21
22
SIM5
SIM1
SIM2
SIM3
SIM4
1
21
22
SIM5
SIM1
SIM2
SIM3
SIM4
1
21
22
SIM5
SIM1
SIM2
SIM3
SIM4
1
21
22
SIM5
SIM1
SIM2
SIM3
SIM4
1
21
22
SIM5
SIM1
SIM2
SIM3
SIM4
1
21
22
SIM5
SIM1
SIM2
SIM3
SIM4
1
21
22
SIM5
SIM1
SIM2
SIM3
SIM4
1
21
22
SIM5
SIM1
SIM2
SIM3
SIM4
1
21
22
SIM5
SIM1
SIM2
SIM3
SIM4
1
21
22
SIM5
SIM1
SIM2
SIM3
SIM4
1
21
22
SIM5
SIM1
SIM2
SIM3
SIM4
1
21
22
SIM5
SIM1
SIM2
SIM3
SIM4
1
21
22
SIM5
SIM1
SIM2
SIM3
SIM4
1
21
22
SIM5
SIM1
SIM2
SIM3
SIM4
1
21
22
SIM5
SIM1
SIM2
SIM3
SIM4
1
21
22
SIM5
SIM1
SIM2
SIM3
SIM4
1
21
22
SIM5
SIM1
SIM2
SIM3
SIM4
1
21
22
SIM5
SIM1
SIM2
SIM3
SIM4
1
21
22
SIM5
SIM1
SIM2
SIM3
SIM4
1
21
22
SIM5
SIM1
SIM2
SIM3
SIM4
1
21
22
SIM5
SIM1
SIM2
SIM3
SIM4
1
21
22
SIM5
SIM1
SIM2
SIM3
SIM4
1
21
22
SIM5
SIM1
SIM2
SIM3
SIM4
1
21
22
SIM5
SIM1
SIM2
SIM3
SIM4
1
21
22
SIM5
SIM1
SIM2
SIM3
SIM4
1
21
22
SIM5
SIM1
SIM2
SIM3
SIM4
1
21
22
SIM5
SIM1
SIM2
SIM3
SIM4
1
21
22
SIM5
SIM1
SIM2
SIM3
SIM4
1
21
22
SIM5
SIM1
SIM2
SIM3
SIM4
1
21
22
SIM5
SIM1
SIM2
SIM3
SIM4
1
21
22
SIM5
SIM1
SIM2
SIM3
SIM4
1
21
22
SIM5
SIM1
SIM2
SIM3
SIM4
1
21
22
SIM5
SIM1
SIM2
SIM3
SIM4
1
21
22
SIM5
SIM1
SIM2
SIM3
SIM4
1
21
22
SIM5
SIM1
SIM2
SIM3
SIM4
1
21
22
SIM5
SIM1
SIM2
SIM3
SIM4
1
21
22
SIM5
SIM1
SIM2
SIM3
SIM4
1
21
22
SIM5
SIM1
SIM2
SIM3
SIM4
1
21
22
SIM5
SIM1
SIM2
SIM3
SIM4
1
21
22
SIM5
SIM1
SIM2
SIM3
SIM4
1
21
22
SIM5
SIM1
SIM2
SIM3
SIM4
1
21
22
SIM5
SIM1
SIM2
SIM3
SIM4
1
21
22
SIM5
SIM1
SIM2
SIM3
SIM4
1
21
22
SIM5
SIM1
SIM2
SIM3
SIM4
1
21
22
SIM5
SIM1
SIM2
SIM3
SIM4
1
21
22
SIM5
SIM1
SIM2
SIM3
SIM4
1
21
22
SIM5
SIM1
SIM2
SIM3
SIM4
1
21
22
SIM5
SIM1
SIM2
SIM3
SIM4
1
21
22
SIM5
SIM1
SIM2
SIM3
SIM4
1
21
22
SIM5
SIM1
SIM2
SIM3
SIM4
1
21
22
SIM5
SIM1
SIM2
SIM3
SIM4
1
21
22
SIM5
SIM1
SIM2
SIM3
SIM4
1
21
22
SIM5
SIM1
SIM2
SIM3
SIM4
1
21
22
SIM5
SIM1
SIM2
SIM3
SIM4
1
21
22
SIM5
SIM1
SIM2
SIM3
SIM4
1
21
22
SIM5
SIM1
SIM2
SIM3
SIM4
1
21
22
SIM5
SIM1
SIM2
SIM3
SIM4
1
21
22
SIM5
SIM1
SIM2
SIM3
SIM4
1
21
22
SIM5
SIM1
SIM2
SIM3
SIM4
1
21
22
SIM5
SIM1
SIM2
SIM3
SIM4
1
21
22
SIM5
SIM1
SIM2
SIM3
SIM4
1
21
22
SIM5
SIM1
SIM2
SIM3
SIM4
1
21
22
SIM5
SIM1
SIM2
SIM3
SIM4
1
21
22
SIM5
SIM1
SIM2
SIM3
SIM4
1
21
22
SIM5
SIM1
SIM2
SIM3
SIM4
1
21
22
SIM5
SIM1
SIM2
SIM3
SIM4
1
21
22
SIM5
SIM1
SIM2
SIM3
SIM4
1
21
22
SIM5
SIM1
SIM2
SIM3
SIM4
1
21
22
SIM5
SIM1
SIM2
SIM3
SIM4
1
21
22
SIM5
SIM1
SIM2
SIM3
SIM4
1
21
22
SIM5
SIM1
SIM2
SIM3
SIM4
1
21
22
SIM5
SIM1
SIM2
SIM3
SIM4
1
21
22
SIM5
SIM1
SIM2
SIM3
SIM4
1
21
22
SIM5
SIM1
SIM2
SIM3
SIM4
1
21
22
SIM5
SIM1
SIM2
DEBUG 1 861
SIM1
SIM2
SIM3
SIM4
1
21
22
SIM5
SIM1
SIM2
SIM3
SIM4
1
21
22
SIM5
SIM1
SIM2
SIM3
SIM4
1
21
22
SIM5
SIM1
SIM2
SIM3
SIM4
1
21
22
SIM5
SIM1
SIM2
SIM3
SIM4
1
21
22
SIM5
SIM1
SIM2
SIM3
SIM4
1
21
22
SIM5
SIM1
SIM2
SIM3
SIM4
1
21
22
SIM5
SIM1
SIM2
SIM3
SIM4
1
21
22
SIM5
SIM1
SIM2
SIM3
SIM4
1
21
22
SIM5
SIM1
SIM2
SIM3
SIM4
1
21
22
SIM5
SIM1
SIM2
SIM3
SIM4
1
21
22
SIM5
SIM1
SIM2
SIM3
SIM4
1
21
22
SIM5
SIM1
SIM2
SIM3
SIM4
1
21
22
SIM5
SIM1
SIM2
SIM3
SIM4
1
21
22
SIM5
SIM1
SIM2
SIM3
SIM4
1
21
22
SIM5
SIM1
SIM2
SIM3
SIM4
1
21
22
SIM5
SIM1
SIM2
SIM3
SIM4
1
21
22
SIM5
SIM1
SIM2
SIM3
SIM4
1
21
22
SIM5
SIM1
SIM2
SIM3
SIM4
1
21
22
SIM5
SIM1
SIM2
SIM3
SIM4
1
21
22
SIM5
SIM1
SIM2
SIM3
SIM4
1
21
22
SIM5
SIM1
SIM2
SIM3
SIM4
1
21
22
SIM5
SIM1
SIM2
SIM3
SIM4
1
21
22
SIM5
SIM1
SIM2
SIM3
SIM4
1
21
22
SIM5
SIM1
SIM2
SIM3
SIM4
1
21
22
SIM5
SIM1
SIM2
SIM3
SIM4
1
21
22
SIM5
SIM1
SIM2
SIM3
SIM4
1
21
22
SIM5
SIM1
SIM2
SIM3
SIM4
1
21
22
SIM5
SIM1
SIM2
SIM3
SIM4
1
21
22
SIM5
SIM1
SIM2
SIM3
SIM4
1
21
22
SIM5
SIM1
SIM2
SIM3
SIM4
1
21
22
SIM5
SIM1
SIM2
SIM3
SIM4
1
21
22
SIM5
SIM1
SIM2
SIM3
SIM4
1
21
22
SIM5
SIM1
SIM2
SIM3
SIM4
1
21
22
SIM5
SIM1
SIM2
SIM3
SIM4
1
21
22
SIM5
SIM1
SIM2
SIM3
SIM4
1
21
22
SIM5
SIM1
SIM2
SIM3
SIM4
1
21
22
SIM5
SIM1
SIM2
SIM3
SIM4
1
21
22
SIM5
SIM1
SIM2
SIM3
SIM4
1
21
22
SIM5
SIM1
SIM2
SIM3
SIM4
1
21
22
SIM5
SIM1
SIM2
SIM3
SIM4
1
21
22
SIM5
SIM1
SIM2
SIM3
SIM4
1
21
22
SIM5
SIM1
SIM2
SIM3
SIM4
1
21
22
SIM5
SIM1
SIM2
SIM3
SIM4
1
21
22
SIM5
SIM1
SIM2
SIM3
SIM4
1
21
22
SIM5
SIM1
SIM2
SIM3
SIM4
1
21
22
SIM5
SIM1
SIM2
SIM3
SIM4
1
21
22
SIM5
SIM1
SIM2
SIM3
SIM4
1
21
22
SIM5
SIM1
SIM2
SIM3
SIM4
1
21
22
SIM5
SIM1
SIM2
SIM3
SIM4
1
21
22
SIM5
SIM1
SIM2
SIM3
SIM4
1
21
22
SIM5
SIM1
SIM2
SIM3
SIM4
1
21
22
SIM5
SIM1
SIM2
SIM3
SIM4
1
21
22
SIM5
SIM1
SIM2
SIM3
SIM4
1
21
22
SIM5
SIM1
SIM2
SIM3
SIM4
1
21
22
SIM5
SIM1
SIM2
SIM3
SIM4
1
21
22
SIM5
SIM1
SIM2
SIM3
SIM4
1
21
22
SIM5
SIM1
SIM2
SIM3
SIM4
1
21
22
SIM5
SIM1
SIM2
SIM3
SIM4
1
21
22
SIM5
SIM1
SIM2
SIM3
SIM4
1
21
22
SIM5
SIM1
SIM2
SIM3
SIM4
1
21
22
SIM5
SIM1
SIM2
SIM3
SIM4
1
21
22
SIM5
SIM1
SIM2
SIM3
SIM4
1
21
22
SIM5
SIM1
SIM2
SIM3
SIM4
1
21
22
SIM5
SIM1
SIM2
SIM3
SIM4
1
21
22
SIM5
SIM1
SIM2
SIM3
SIM4
1
21
22
SIM5
SIM1
SIM2
SIM3
SIM4
1
21
22
SIM5
SIM1
SIM2
SIM3
SIM4
1
21
22
SIM5
SIM1
SIM2
SIM3
SIM4
1
21
22
SIM5
SIM1
SIM2
SIM3
SIM4
1
21
22
SIM5
SIM1
SIM2
SIM3
SIM4
1
21
22
SIM5
SIM1
SIM2
SIM3
SIM4
1
21
22
SIM5
SIM1
SIM2
SIM3
SIM4
1
21
22
SIM5
SIM1
SIM2
SIM3
SIM4
1
21
22
SIM5
SIM1
SIM2
SIM3
SIM4
1
21
22
SIM5
SIM1
SIM2
SIM3
SIM4
1
21
22
SIM5
SIM1
SIM2
SIM3
SIM4
1
21
22
SIM5
SIM1
SIM2
SIM3
SIM4
1
21
22
SIM5
SIM1
SIM2
SIM3
SIM4
1
21
22
SIM5
SIM1
SIM2
SIM3
SIM4
1
21
22
SIM5
SIM1
SIM2
SIM3
SIM4
1
21
22
SIM5
SIM1
SIM2
SIM3
SIM4
1
21
22
SIM5
SIM1
SIM2
SIM3
SIM4
1
21
22
SIM5
SIM1
SIM2
SIM3
SIM4
1
21
22
SIM5
SIM1
SIM2
SIM3
SIM4
1
21
22
SIM5
SIM1
SIM2
SIM3
SIM4
1
21
22
SIM5
SIM1
SIM2
SIM3
SIM4
1
21
22
SIM5
SIM1
SIM2
SIM3
SIM4
1
21
22
SIM5
SIM1
SIM2
SIM3
SIM4
1
21
22
SIM5
SIM1
SIM2
SIM3
SIM4
1
21
22
SIM5
SIM1
SIM2
SIM3
SIM4
1
21
22
SIM5
SIM1
SIM2
SIM3
SIM4
1
21
22
SIM5
SIM1
SIM2
SIM3
SIM4
1
21
22
SIM5
SIM1
SIM2
SIM3
SIM4
1
21
22
SIM5
SIM1
SIM2
SIM3
SIM4
1
21
22
SIM5
SIM1
SIM2
SIM3
SIM4
1
21
22
SIM5
SIM1
SIM2
SIM3
SIM4
1
21
22
SIM5
SIM1
SIM2
SIM3
SIM4
1
21
22
SIM5
SIM1
SIM2
SIM3
SIM4
1
21
22
SIM5
SIM1
SIM2
SIM3
SIM4
1
21
22
SIM5
SIM1
SIM2
SIM3
SIM4
1
21
22
SIM5
SIM1
SIM2
SIM3
SIM4
1
21
22
SIM5
SIM1
SIM2
SIM3
SIM4
1
21
22
SIM5
SIM1
SIM2
SIM3
SIM4
1
21
22
SIM5
SIM1
SIM2
SIM3
SIM4
1
21
22
SIM5
SIM1
SIM2
SIM3
SIM4
1
21
22
SIM5
SIM1
SIM2
SIM3
SIM4
1
21
22
SIM5
SIM1
SIM2
SIM3
SIM4
1
21
22
SIM5
SIM1
SIM2
SIM3
SIM4
1
21
22
SIM5
SIM1
SIM2
SIM3
SIM4
1
21
22
SIM5
SIM1
SIM2
SIM3
SIM4
1
21
22
SIM5
SIM1
SIM2
SIM3
SIM4
1
21
22
SIM5
SIM1
SIM2
SIM3
SIM4
1
21
22
SIM5
SIM1
SIM2
SIM3
SIM4
1
21
22
SIM5
SIM1
SIM2
SIM3
SIM4
1
21
22
SIM5
SIM1
SIM2
SIM3
SIM4
1
21
22
SIM5
SIM1
SIM2
SIM3
SIM4
1
21
22
SIM5
SIM1
SIM2
SIM3
SIM4
1
21
22
SIM5
SIM1
SIM2
SIM3
SIM4
1
21
22
SIM5
SIM1
SIM2
SIM3
SIM4
1
21
22
SIM5
SIM1
SIM2
SIM3
SIM4
1
21
22
SIM5
SIM1
SIM2
SIM3
SIM4
1
21
22
SIM5
SIM1
SIM2
SIM3
SIM4
1
21
22
SIM5
SIM1
SIM2
SIM3
SIM4
1
21
22
SIM5
SIM1
SIM2
SIM3
SIM4
1
21
22
SIM5
SIM1
SIM2
SIM3
SIM4
1
21
22
SIM5
SIM1
SIM2
SIM3
SIM4
1
21
22
SIM5
SIM1
SIM2
SIM3
SIM4
1
21
22
SIM5
SIM1
SIM2
SIM3
SIM4
1
21
22
SIM5
SIM1
SIM2
SIM3
SIM4
1
21
22
SIM5
SIM1
SIM2
SIM3
SIM4
1
21
22
SIM5
SIM1
SIM2
SIM3
SIM4
1
21
22
SIM5
SIM1
SIM2
SIM3
SIM4
1
21
22
SIM5
SIM1
SIM2
SIM3
SIM4
1
21
22
SIM5
SIM1
SIM2
SIM3
SIM4
1
21
22
SIM5
SIM1
SIM2
SIM3
SIM4
1
21
22
SIM5
SIM1
SIM2
SIM3
SIM4
1
21
22
SIM5
SIM1
SIM2
SIM3
SIM4
1
21
22
SIM5
SIM1
SIM2
SIM3
SIM4
1
21
22
SIM5
SIM1
SIM2
SIM3
SIM4
1
21
22
SIM5
SIM1
SIM2
SIM3
SIM4
1
21
22
SIM5
SIM1
SIM2
SIM3
SIM4
1
21
22
SIM5
SIM1
SIM2
SIM3
SIM4
1
21
22
SIM5
SIM1
SIM2
SIM3
SIM4
1
21
22
SIM5
SIM1
SIM2
SIM3
SIM4
1
21
22
SIM5
SIM1
SIM2
SIM3
SIM4
1
21
22
SIM5
SIM1
SIM2
SIM3
SIM4
1
21
22
SIM5
SIM1
SIM2
SIM3
SIM4
1
21
22
SIM5
SIM1
SIM2
SIM3
SIM4
1
21
22
SIM5
SIM1
SIM2
SIM3
SIM4
1
21
22
SIM5
SIM1
SIM2
SIM3
SIM4
1
21
22
SIM5
SIM1
SIM2
SIM3
SIM4
1
21
22
SIM5
SIM1
SIM2
SIM3
SIM4
1
21
22
SIM5
SIM1
SIM2
SIM3
SIM4
1
21
22
SIM5
SIM1
SIM2
SIM3
SIM4
1
21
22
SIM5
SIM1
SIM2
SIM3
SIM4
1
21
22
SIM5
SIM1
SIM2
SIM3
SIM4
1
21
22
SIM5
SIM1
SIM2
SIM3
SIM4
1
21
22
SIM5
SIM1
SIM2
SIM3
SIM4
1
21
22
SIM5
SIM1
SIM2
SIM3
SIM4
1
21
22
SIM5
SIM1
SIM2
SIM3
SIM4
1
21
22
SIM5
SIM1
SIM2
SIM3
SIM4
1
21
22
SIM5
SIM1
SIM2
SIM3
SIM4
1
21
22
SIM5
SIM1
SIM2
SIM3
SIM4
1
21
22
SIM5
SIM1
SIM2
SIM3
SIM4
1
21
22
SIM5
SIM1
SIM2
SIM3
SIM4
1
21
22
SIM5
SIM1
SIM2
SIM3
SIM4
1
21
22
SIM5
SIM1
SIM2
SIM3
SIM4
1
21
22
SIM5
SIM1
SIM2
SIM3
SIM4
1
21
22
SIM5
SIM1
SIM2
SIM3
SIM4
1
21
22
SIM5
SIM1
SIM2
SIM3
SIM4
1
21
22
SIM5
SIM1
SIM2
SIM3
SIM4
1
21
22
SIM5
SIM1
SIM2
SIM3
SIM4
1
21
22
SIM5
SIM1
SIM2
SIM3
SIM4
1
21
22
SIM5
SIM1
SIM2
SIM3
SIM4
1
21
22
SIM5
SIM1
SIM2
SIM3
SIM4
1
21
22
SIM5
SIM1
SIM2
SIM3
SIM4
1
21
22
SIM5
SIM1
SIM2
SIM3
SIM4
1
21
22
SIM5
SIM1
SIM2
SIM3
SIM4
1
21
22
SIM5
SIM1
SIM2
SIM3
SIM4
1
21
22
SIM5
SIM1
SIM2
SIM3
SIM4
1
21
22
SIM5
SIM1
SIM2
SIM3
SIM4
1
21
22
SIM5
SIM1
SIM2
SIM3
SIM4
1
21
22
SIM5
SIM1
SIM2
SIM3
SIM4
1
21
22
SIM5
SIM1
SIM2
SIM3
SIM4
1
21
22
SIM5
SIM1
SIM2
SIM3
SIM4
1
21
22
SIM5
SIM1
SIM2
SIM3
SIM4
1
21
22
SIM5
SIM1
SIM2
SIM3
SIM4
1
21
22
SIM5
SIM1
SIM2
SIM3
SIM4
1
21
22
SIM5
SIM1
SIM2
DEBUG 1 862
SIM1
SIM2
SIM3
SIM4
1
21
22
SIM5
SIM1
SIM2
SIM3
SIM4
1
21
22
SIM5
SIM1
SIM2
SIM3
SIM4
1
21
22
SIM5
SIM1
SIM2
SIM3
SIM4
1
21
22
SIM5
SIM1
SIM2
SIM3
SIM4
1
21
22
SIM5
SIM1
SIM2
SIM3
SIM4
1
21
22
SIM5
SIM1
SIM2
SIM3
SIM4
1
21
22
SIM5
SIM1
SIM2
SIM3
SIM4
1
21
22
SIM5
SIM1
SIM2
SIM3
SIM4
1
21
22
SIM5
SIM1
SIM2
SIM3
SIM4
1
21
22
SIM5
SIM1
SIM2
SIM3
SIM4
1
21
22
SIM5
SIM1
SIM2
SIM3
SIM4
1
21
22
SIM5
SIM1
SIM2
SIM3
SIM4
1
21
22
SIM5
SIM1
SIM2
SIM3
SIM4
1
21
22
SIM5
SIM1
SIM2
SIM3
SIM4
1
21
22
SIM5
SIM1
SIM2
SIM3
SIM4
1
21
22
SIM5
SIM1
SIM2
SIM3
SIM4
1
21
22
SIM5
SIM1
SIM2
SIM3
SIM4
1
21
22
SIM5
SIM1
SIM2
SIM3
SIM4
1
21
22
SIM5
SIM1
SIM2
SIM3
SIM4
1
21
22
SIM5
SIM1
SIM2
SIM3
SIM4
1
21
22
SIM5
SIM1
SIM2
SIM3
SIM4
1
21
22
SIM5
SIM1
SIM2
SIM3
SIM4
1
21
22
SIM5
SIM1
SIM2
SIM3
SIM4
1
21
22
SIM5
SIM1
SIM2
SIM3
SIM4
1
21
22
SIM5
SIM1
SIM2
SIM3
SIM4
1
21
22
SIM5
SIM1
SIM2
SIM3
SIM4
1
21
22
SIM5
SIM1
SIM2
SIM3
SIM4
1
21
22
SIM5
SIM1
SIM2
SIM3
SIM4
1
21
22
SIM5
SIM1
SIM2
SIM3
SIM4
1
21
22
SIM5
SIM1
SIM2
SIM3
SIM4
1
21
22
SIM5
SIM1
SIM2
SIM3
SIM4
1
21
22
SIM5
SIM1
SIM2
SIM3
SIM4
1
21
22
SIM5
SIM1
SIM2
SIM3
SIM4
1
21
22
SIM5
SIM1
SIM2
SIM3
SIM4
1
21
22
SIM5
SIM1
SIM2
SIM3
SIM4
1
21
22
SIM5
SIM1
SIM2
SIM3
SIM4
1
21
22
SIM5
SIM1
SIM2
SIM3
SIM4
1
21
22
SIM5
SIM1
SIM2
SIM3
SIM4
1
21
22
SIM5
SIM1
SIM2
SIM3
SIM4
1
21
22
SIM5
SIM1
SIM2
SIM3
SIM4
1
21
22
SIM5
SIM1
SIM2
SIM3
SIM4
1
21
22
SIM5
SIM1
SIM2
SIM3
SIM4
1
21
22
SIM5
SIM1
SIM2
SIM3
SIM4
1
21
22
SIM5
SIM1
SIM2
SIM3
SIM4
1
21
22
SIM5
SIM1
SIM2
SIM3
SIM4
1
21
22
SIM5
SIM1
SIM2
SIM3
SIM4
1
21
22
SIM5
SIM1
SIM2
SIM3
SIM4
1
21
22
SIM5
SIM1
SIM2
SIM3
SIM4
1
21
22
SIM5
SIM1
SIM2
SIM3
SIM4
1
21
22
SIM5
SIM1
SIM2
SIM3
SIM4
1
21
22
SIM5
SIM1
SIM2
SIM3
SIM4
1
21
22
SIM5
SIM1
SIM2
SIM3
SIM4
1
21
22
SIM5
SIM1
SIM2
SIM3
SIM4
1
21
22
SIM5
SIM1
SIM2
SIM3
SIM4
1
21
22
SIM5
SIM1
SIM2
SIM3
SIM4
1
21
22
SIM5
SIM1
SIM2
SIM3
SIM4
1
21
22
SIM5
SIM1
SIM2
SIM3
SIM4
1
21
22
SIM5
SIM1
SIM2
SIM3
SIM4
1
21
22
SIM5
SIM1
SIM2
SIM3
SIM4
1
21
22
SIM5
SIM1
SIM2
SIM3
SIM4
1
21
22
SIM5
SIM1
SIM2
SIM3
SIM4
1
21
22
SIM5
SIM1
SIM2
SIM3
SIM4
1
21
22
SIM5
SIM1
SIM2
SIM3
SIM4
1
21
22
SIM5
SIM1
SIM2
SIM3
SIM4
1
21
22
SIM5
SIM1
SIM2
SIM3
SIM4
1
21
22
SIM5
SIM1
SIM2
SIM3
SIM4
1
21
22
SIM5
SIM1
SIM2
SIM3
SIM4
1
21
22
SIM5
SIM1
SIM2
SIM3
SIM4
1
21
22
SIM5
SIM1
SIM2
SIM3
SIM4
1
21
22
SIM5
SIM1
SIM2
SIM3
SIM4
1
21
22
SIM5
SIM1
SIM2
SIM3
SIM4
1
21
22
SIM5
SIM1
SIM2
SIM3
SIM4
1
21
22
SIM5
SIM1
SIM2
SIM3
SIM4
1
21
22
SIM5
SIM1
SIM2
SIM3
SIM4
1
21
22
SIM5
SIM1
SIM2
SIM3
SIM4
1
21
22
SIM5
SIM1
SIM2
SIM3
SIM4
1
21
22
SIM5
SIM1
SIM2
SIM3
SIM4
1
21
22
SIM5
SIM1
SIM2
SIM3
SIM4
1
21
22
SIM5
SIM1
SIM2
SIM3
SIM4
1
21
22
SIM5
SIM1
SIM2
SIM3
SIM4
1
21
22
SIM5
SIM1
SIM2
SIM3
SIM4
1
21
22
SIM5
SIM1
SIM2
SIM3
SIM4
1
21
22
SIM5
SIM1
SIM2
SIM3
SIM4
1
21
22
SIM5
SIM1
SIM2
SIM3
SIM4
1
21
22
SIM5
SIM1
SIM2
SIM3
SIM4
1
21
22
SIM5
SIM1
SIM2
SIM3
SIM4
1
21
22
SIM5
SIM1
SIM2
SIM3
SIM4
1
21
22
SIM5
SIM1
SIM2
SIM3
SIM4
1
21
22
SIM5
SIM1
SIM2
SIM3
SIM4
1
21
22
SIM5
SIM1
SIM2
SIM3
SIM4
1
21
22
SIM5
SIM1
SIM2
SIM3
SIM4
1
21
22
SIM5
SIM1
SIM2
SIM3
SIM4
1
21
22
SIM5
SIM1
SIM2
SIM3
SIM4
1
21
22
SIM5
SIM1
SIM2
SIM3
SIM4
1
21
22
SIM5
SIM1
SIM2
SIM3
SIM4
1
21
22
SIM5
SIM1
SIM2
SIM3
SIM4
1
21
22
SIM5
SIM1
SIM2
SIM3
SIM4
1
21
22
SIM5
SIM1
SIM2
SIM3
SIM4
1
21
22
SIM5
SIM1
SIM2
SIM3
SIM4
1
21
22
SIM5
SIM1
SIM2
SIM3
SIM4
1
21
22
SIM5
SIM1
SIM2
SIM3
SIM4
1
21
22
SIM5
SIM1
SIM2
SIM3
SIM4
1
21
22
SIM5
SIM1
SIM2
SIM3
SIM4
1
21
22
SIM5
SIM1
SIM2
SIM3
SIM4
1
21
22
SIM5
SIM1
SIM2
SIM3
SIM4
1
21
22
SIM5
SIM1
SIM2
SIM3
SIM4
1
21
22
SIM5
SIM1
SIM2
SIM3
SIM4
1
21
22
SIM5
SIM1
SIM2
SIM3
SIM4
1
21
22
SIM5
SIM1
SIM2
SIM3
SIM4
1
21
22
SIM5
SIM1
SIM2
SIM3
SIM4
1
21
22
SIM5
SIM1
SIM2
SIM3
SIM4
1
21
22
SIM5
SIM1
SIM2
SIM3
SIM4
1
21
22
SIM5
SIM1
SIM2
SIM3
SIM4
1
21
22
SIM5
SIM1
SIM2
SIM3
SIM4
1
21
22
SIM5
SIM1
SIM2
SIM3
SIM4
1
21
22
SIM5
SIM1
SIM2
SIM3
SIM4
1
21
22
SIM5
SIM1
SIM2
SIM3
SIM4
1
21
22
SIM5
SIM1
SIM2
SIM3
SIM4
1
21
22
SIM5
SIM1
SIM2
SIM3
SIM4
1
21
22
SIM5
SIM1
SIM2
SIM3
SIM4
1
21
22
SIM5
SIM1
SIM2
SIM3
SIM4
1
21
22
SIM5
SIM1
SIM2
SIM3
SIM4
1
21
22
SIM5
SIM1
SIM2
SIM3
SIM4
1
21
22
SIM5
SIM1
SIM2
SIM3
SIM4
1
21
22
SIM5
SIM1
SIM2
SIM3
SIM4
1
21
22
SIM5
SIM1
SIM2
SIM3
SIM4
1
21
22
SIM5
SIM1
SIM2
SIM3
SIM4
1
21
22
SIM5
SIM1
SIM2
SIM3
SIM4
1
21
22
SIM5
SIM1
SIM2
SIM3
SIM4
1
21
22
SIM5
SIM1
SIM2
SIM3
SIM4
1
21
22
SIM5
SIM1
SIM2
DEBUG 1 863
SIM1
SIM2
SIM3
SIM4
1
21
22
SIM5
SIM1
SIM2
SIM3
SIM4
1
21
22
SIM5
SIM1
SIM2
SIM3
SIM4
1
21
22
SIM5
SIM1
SIM2
SIM3
SIM4
1
21
22
SIM5
SIM1
SIM2
SIM3
SIM4
1
21
22
SIM5
SIM1
SIM2
SIM3
SIM4
1
21
22
SIM5
SIM1
SIM2
SIM3
SIM4
1
21
22
SIM5
SIM1
SIM2
SIM3
SIM4
1
21
22
SIM5
SIM1
SIM2
SIM3
SIM4
1
21
22
SIM5
SIM1
SIM2
SIM3
SIM4
1
21
22
SIM5
SIM1
SIM2
SIM3
SIM4
1
21
22
SIM5
SIM1
SIM2
SIM3
SIM4
1
21
22
SIM5
SIM1
SIM2
SIM3
SIM4
1
21
22
SIM5
SIM1
SIM2
SIM3
SIM4
1
21
22
SIM5
SIM1
SIM2
SIM3
SIM4
1
21
22
SIM5
SIM1
SIM2
SIM3
SIM4
1
21
22
SIM5
SIM1
SIM2
SIM3
SIM4
1
21
22
SIM5
SIM1
SIM2
SIM3
SIM4
1
21
22
SIM5
SIM1
SIM2
SIM3
SIM4
1
21
22
SIM5
SIM1
SIM2
SIM3
SIM4
1
21
22
SIM5
SIM1
SIM2
SIM3
SIM4
1
21
22
SIM5
SIM1
SIM2
SIM3
SIM4
1
21
22
SIM5
SIM1
SIM2
SIM3
SIM4
1
21
22
SIM5
SIM1
SIM2
SIM3
SIM4
1
21
22
SIM5
SIM1
SIM2
SIM3
SIM4
1
21
22
SIM5
SIM1
SIM2
SIM3
SIM4
1
21
22
SIM5
SIM1
SIM2
SIM3
SIM4
1
21
22
SIM5
SIM1
SIM2
SIM3
SIM4
1
21
22
SIM5
SIM1
SIM2
SIM3
SIM4
1
21
22
SIM5
SIM1
SIM2
SIM3
SIM4
1
21
22
SIM5
SIM1
SIM2
SIM3
SIM4
1
21
22
SIM5
SIM1
SIM2
SIM3
SIM4
1
21
22
SIM5
SIM1
SIM2
SIM3
SIM4
1
21
22
SIM5
SIM1
SIM2
SIM3
SIM4
1
21
22
SIM5
SIM1
SIM2
SIM3
SIM4
1
21
22
SIM5
SIM1
SIM2
SIM3
SIM4
1
21
22
SIM5
SIM1
SIM2
SIM3
SIM4
1
21
22
SIM5
SIM1
SIM2
SIM3
SIM4
1
21
22
SIM5
SIM1
SIM2
SIM3
SIM4
1
21
22
SIM5
SIM1
SIM2
SIM3
SIM4
1
21
22
SIM5
SIM1
SIM2
SIM3
SIM4
1
21
22
SIM5
SIM1
SIM2
SIM3
SIM4
1
21
22
SIM5
SIM1
SIM2
SIM3
SIM4
1
21
22
SIM5
SIM1
SIM2
SIM3
SIM4
1
21
22
SIM5
SIM1
SIM2
SIM3
SIM4
1
21
22
SIM5
SIM1
SIM2
SIM3
SIM4
1
21
22
SIM5
SIM1
SIM2
SIM3
SIM4
1
21
22
SIM5
SIM1
SIM2
SIM3
SIM4
1
21
22
SIM5
SIM1
SIM2
SIM3
SIM4
1
21
22
SIM5
SIM1
SIM2
SIM3
SIM4
1
21
22
SIM5
SIM1
SIM2
SIM3
SIM4
1
21
22
SIM5
SIM1
SIM2
SIM3
SIM4
1
21
22
SIM5
SIM1
SIM2
SIM3
SIM4
1
21
22
SIM5
SIM1
SIM2
SIM3
SIM4
1
21
22
SIM5
SIM1
SIM2
SIM3
SIM4
1
21
22
SIM5
SIM1
SIM2
SIM3
SIM4
1
21
22
SIM5
SIM1
SIM2
SIM3
SIM4
1
21
22
SIM5
SIM1
SIM2
SIM3
SIM4
1
21
22
SIM5
SIM1
SIM2
SIM3
SIM4
1
21
22
SIM5
SIM1
SIM2
SIM3
SIM4
1
21
22
SIM5
SIM1
SIM2
SIM3
SIM4
1
21
22
SIM5
SIM1
SIM2
SIM3
SIM4
1
21
22
SIM5
SIM1
SIM2
SIM3
SIM4
1
21
22
SIM5
SIM1
SIM2
SIM3
SIM4
1
21
22
SIM5
SIM1
SIM2
SIM3
SIM4
1
21
22
SIM5
SIM1
SIM2
SIM3
SIM4
1
21
22
SIM5
SIM1
SIM2
SIM3
SIM4
1
21
22
SIM5
SIM1
SIM2
DEBUG 1 864
SIM1
SIM2
SIM3
SIM4
1
21
22
SIM5
SIM1
SIM2
SIM3
SIM4
1
21
22
SIM5
SIM1
SIM2
SIM3
SIM4
1
21
22
SIM5
SIM1
SIM2
SIM3
SIM4
1
21
22
SIM5
SIM1
SIM2
SIM3
SIM4
1
21
22
SIM5
SIM1
SIM2
SIM3
SIM4
1
21
22
SIM5
SIM1
SIM2
SIM3
SIM4
1
21
22
SIM5
SIM1
SIM2
SIM3
SIM4
1
21
22
SIM5
SIM1
SIM2
SIM3
SIM4
1
21
22
SIM5
SIM1
SIM2
SIM3
SIM4
1
21
22
SIM5
SIM1
SIM2
SIM3
SIM4
1
21
22
SIM5
SIM1
SIM2
SIM3
SIM4
1
21
22
SIM5
SIM1
SIM2
SIM3
SIM4
1
21
22
SIM5
SIM1
SIM2
SIM3
SIM4
1
21
22
SIM5
SIM1
SIM2
SIM3
SIM4
1
21
22
SIM5
SIM1
SIM2
SIM3
SIM4
1
21
22
SIM5
SIM1
SIM2
SIM3
SIM4
1
21
22
SIM5
SIM1
SIM2
SIM3
SIM4
1
21
22
SIM5
SIM1
SIM2
SIM3
SIM4
1
21
22
SIM5
SIM1
SIM2
SIM3
SIM4
1
21
22
SIM5
SIM1
SIM2
SIM3
SIM4
1
21
22
SIM5
SIM1
SIM2
SIM3
SIM4
1
21
22
SIM5
SIM1
SIM2
SIM3
SIM4
1
21
22
SIM5
SIM1
SIM2
SIM3
SIM4
1
21
22
SIM5
SIM1
SIM2
SIM3
SIM4
1
21
22
SIM5
SIM1
SIM2
SIM3
SIM4
1
21
22
SIM5
SIM1
SIM2
SIM3
SIM4
1
21
22
SIM5
SIM1
SIM2
SIM3
SIM4
1
21
22
SIM5
SIM1
SIM2
SIM3
SIM4
1
21
22
SIM5
SIM1
SIM2
SIM3
SIM4
1
21
22
SIM5
SIM1
SIM2
SIM3
SIM4
1
21
22
SIM5
SIM1
SIM2
SIM3
SIM4
1
21
22
SIM5
SIM1
SIM2
SIM3
SIM4
1
21
22
SIM5
SIM1
SIM2
SIM3
SIM4
1
21
22
SIM5
SIM1
SIM2
SIM3
SIM4
1
21
22
SIM5
SIM1
SIM2
SIM3
SIM4
1
21
22
SIM5
SIM1
SIM2
SIM3
SIM4
1
21
22
SIM5
SIM1
SIM2
SIM3
SIM4
1
21
22
SIM5
SIM1
SIM2
SIM3
SIM4
1
21
22
SIM5
SIM1
SIM2
SIM3
SIM4
1
21
22
SIM5
SIM1
SIM2
SIM3
SIM4
1
21
22
SIM5
SIM1
SIM2
SIM3
SIM4
1
21
22
SIM5
SIM1
SIM2
SIM3
SIM4
1
21
22
SIM5
SIM1
SIM2
SIM3
SIM4
1
21
22
SIM5
SIM1
SIM2
SIM3
SIM4
1
21
22
SIM5
SIM1
SIM2
SIM3
SIM4
1
21
22
SIM5
SIM1
SIM2
SIM3
SIM4
1
21
22
SIM5
SIM1
SIM2
SIM3
SIM4
1
21
22
SIM5
SIM1
SIM2
SIM3
SIM4
1
21
22
SIM5
SIM1
SIM2
SIM3
SIM4
1
21
22
SIM5
SIM1
SIM2
SIM3
SIM4
1
21
22
SIM5
SIM1
SIM2
SIM3
SIM4
1
21
22
SIM5
SIM1
SIM2
SIM3
SIM4
1
21
22
SIM5
SIM1
SIM2
SIM3
SIM4
1
21
22
SIM5
SIM1
SIM2
SIM3
SIM4
1
21
22
SIM5
SIM1
SIM2
SIM3
SIM4
1
21
22
SIM5
SIM1
SIM2
SIM3
SIM4
1
21
22
SIM5
SIM1
SIM2
SIM3
SIM4
1
21
22
SIM5
SIM1
SIM2
SIM3
SIM4
1
21
22
SIM5
SIM1
SIM2
SIM3
SIM4
1
21
22
SIM5
SIM1
SIM2
SIM3
SIM4
1
21
22
SIM5
SIM1
SIM2
SIM3
SIM4
1
21
22
SIM5
SIM1
SIM2
SIM3
SIM4
1
21
22
SIM5
SIM1
SIM2
SIM3
SIM4
1
21
22
SIM5
SIM1
SIM2
SIM3
SIM4
1
21
22
SIM5
SIM1
SIM2
SIM3
SIM4
1
21
22
SIM5
SIM1
SIM2
SIM3
SIM4
1
21
22
SIM5
SIM1
SIM2
SIM3
SIM4
1
21
22
SIM5
SIM1
SIM2
SIM3
SIM4
1
21
22
SIM5
SIM1
SIM2
SIM3
SIM4
1
21
22
SIM5
SIM1
SIM2
SIM3
SIM4
1
21
22
SIM5
SIM1
SIM2
SIM3
SIM4
1
21
22
SIM5
SIM1
SIM2
SIM3
SIM4
1
21
22
SIM5
SIM1
SIM2
SIM3
SIM4
1
21
22
SIM5
SIM1
SIM2
SIM3
SIM4
1
21
22
SIM5
SIM1
SIM2
SIM3
SIM4
1
21
22
SIM5
SIM1
SIM2
SIM3
SIM4
1
21
22
SIM5
SIM1
SIM2
SIM3
SIM4
1
21
22
SIM5
SIM1
SIM2
SIM3
SIM4
1
21
22
SIM5
SIM1
SIM2
SIM3
SIM4
1
21
22
SIM5
SIM1
SIM2
SIM3
SIM4
1
21
22
SIM5
SIM1
SIM2
SIM3
SIM4
1
21
22
SIM5
SIM1
SIM2
SIM3
SIM4
1
21
22
SIM5
SIM1
SIM2
SIM3
SIM4
1
21
22
SIM5
SIM1
SIM2
SIM3
SIM4
1
21
22
SIM5
SIM1
SIM2
SIM3
SIM4
1
21
22
SIM5
SIM1
SIM2
SIM3
SIM4
1
21
22
SIM5
SIM1
SIM2
SIM3
SIM4
1
21
22
SIM5
SIM1
SIM2
SIM3
SIM4
1
21
22
SIM5
SIM1
SIM2
SIM3
SIM4
1
21
22
SIM5
SIM1
SIM2
SIM3
SIM4
1
21
22
SIM5
SIM1
SIM2
SIM3
SIM4
1
21
22
SIM5
SIM1
SIM2
SIM3
SIM4
1
21
22
SIM5
SIM1
SIM2
SIM3
SIM4
1
21
22
SIM5
SIM1
SIM2
SIM3
SIM4
1
21
22
SIM5
SIM1
SIM2
SIM3
SIM4
1
21
22
SIM5
SIM1
SIM2
SIM3
SIM4
1
21
22
SIM5
SIM1
SIM2
DEBUG 1 865
SIM1
SIM2
SIM3
SIM4
1
21
22
SIM5
SIM1
SIM2
SIM3
SIM4
1
21
22
SIM5
SIM1
SIM2
SIM3
SIM4
1
21
22
SIM5
SIM1
SIM2
SIM3
SIM4
1
21
22
SIM5
SIM1
SIM2
SIM3
SIM4
1
21
22
SIM5
SIM1
SIM2
SIM3
SIM4
1
21
22
SIM5
SIM1
SIM2
SIM3
SIM4
1
21
22
SIM5
SIM1
SIM2
SIM3
SIM4
1
21
22
SIM5
SIM1
SIM2
SIM3
SIM4
1
21
22
SIM5
SIM1
SIM2
SIM3
SIM4
1
21
22
SIM5
SIM1
SIM2
SIM3
SIM4
1
21
22
SIM5
SIM1
SIM2
SIM3
SIM4
1
21
22
SIM5
SIM1
SIM2
SIM3
SIM4
1
21
22
SIM5
SIM1
SIM2
SIM3
SIM4
1
21
22
SIM5
SIM1
SIM2
SIM3
SIM4
1
21
22
SIM5
SIM1
SIM2
SIM3
SIM4
1
21
22
SIM5
SIM1
SIM2
SIM3
SIM4
1
21
22
SIM5
SIM1
SIM2
SIM3
SIM4
1
21
22
SIM5
SIM1
SIM2
SIM3
SIM4
1
21
22
SIM5
SIM1
SIM2
SIM3
SIM4
1
21
22
SIM5
SIM1
SIM2
SIM3
SIM4
1
21
22
SIM5
SIM1
SIM2
SIM3
SIM4
1
21
22
SIM5
SIM1
SIM2
SIM3
SIM4
1
21
22
SIM5
SIM1
SIM2
SIM3
SIM4
1
21
22
SIM5
SIM1
SIM2
SIM3
SIM4
1
21
22
SIM5
SIM1
SIM2
SIM3
SIM4
1
21
22
SIM5
SIM1
SIM2
SIM3
SIM4
1
21
22
SIM5
SIM1
SIM2
SIM3
SIM4
1
21
22
SIM5
SIM1
SIM2
SIM3
SIM4
1
21
22
SIM5
SIM1
SIM2
SIM3
SIM4
1
21
22
SIM5
SIM1
SIM2
SIM3
SIM4
1
21
22
SIM5
SIM1
SIM2
SIM3
SIM4
1
21
22
SIM5
SIM1
SIM2
SIM3
SIM4
1
21
22
SIM5
SIM1
SIM2
SIM3
SIM4
1
21
22
SIM5
SIM1
SIM2
SIM3
SIM4
1
21
22
SIM5
SIM1
SIM2
SIM3
SIM4
1
21
22
SIM5
SIM1
SIM2
SIM3
SIM4
1
21
22
SIM5
SIM1
SIM2
SIM3
SIM4
1
21
22
SIM5
SIM1
SIM2
SIM3
SIM4
1
21
22
SIM5
SIM1
SIM2
SIM3
SIM4
1
21
22
SIM5
SIM1
SIM2
SIM3
SIM4
1
21
22
SIM5
SIM1
SIM2
SIM3
SIM4
1
21
22
SIM5
SIM1
SIM2
SIM3
SIM4
1
21
22
SIM5
SIM1
SIM2
SIM3
SIM4
1
21
22
SIM5
SIM1
SIM2
SIM3
SIM4
1
21
22
SIM5
SIM1
SIM2
SIM3
SIM4
1
21
22
SIM5
SIM1
SIM2
SIM3
SIM4
1
21
22
SIM5
SIM1
SIM2
SIM3
SIM4
1
21
22
SIM5
SIM1
SIM2
SIM3
SIM4
1
21
22
SIM5
SIM1
SIM2
SIM3
SIM4
1
21
22
SIM5
SIM1
SIM2
SIM3
SIM4
1
21
22
SIM5
SIM1
SIM2
SIM3
SIM4
1
21
22
SIM5
SIM1
SIM2
SIM3
SIM4
1
21
22
SIM5
SIM1
SIM2
SIM3
SIM4
1
21
22
SIM5
SIM1
SIM2
SIM3
SIM4
1
21
22
SIM5
SIM1
SIM2
SIM3
SIM4
1
21
22
SIM5
SIM1
SIM2
SIM3
SIM4
1
21
22
SIM5
SIM1
SIM2
SIM3
SIM4
1
21
22
SIM5
SIM1
SIM2
SIM3
SIM4
1
21
22
SIM5
SIM1
SIM2
SIM3
SIM4
1
21
22
SIM5
SIM1
SIM2
SIM3
SIM4
1
21
22
SIM5
SIM1
SIM2
SIM3
SIM4
1
21
22
SIM5
SIM1
SIM2
SIM3
SIM4
1
21
22
SIM5
SIM1
SIM2
SIM3
SIM4
1
21
22
SIM5
SIM1
SIM2
SIM3
SIM4
1
21
22
SIM5
SIM1
SIM2
SIM3
SIM4
1
21
22
SIM5
SIM1
SIM2
SIM3
SIM4
1
21
22
SIM5
SIM1
SIM2
SIM3
SIM4
1
21
22
SIM5
SIM1
SIM2
SIM3
SIM4
1
21
22
SIM5
SIM1
SIM2
SIM3
SIM4
1
21
22
SIM5
SIM1
SIM2
SIM3
SIM4
1
21
22
SIM5
SIM1
SIM2
SIM3
SIM4
1
21
22
SIM5
SIM1
SIM2
SIM3
SIM4
1
21
22
SIM5
SIM1
SIM2
SIM3
SIM4
1
21
22
SIM5
SIM1
SIM2
SIM3
SIM4
1
21
22
SIM5
SIM1
SIM2
SIM3
SIM4
1
21
22
SIM5
SIM1
SIM2
SIM3
SIM4
1
21
22
SIM5
SIM1
SIM2
SIM3
SIM4
1
21
22
SIM5
SIM1
SIM2
SIM3
SIM4
1
21
22
SIM5
SIM1
SIM2
SIM3
SIM4
1
21
22
SIM5
SIM1
SIM2
SIM3
SIM4
1
21
22
SIM5
SIM1
SIM2
SIM3
SIM4
1
21
22
SIM5
SIM1
SIM2
SIM3
SIM4
1
21
22
SIM5
SIM1
SIM2
SIM3
SIM4
1
21
22
SIM5
SIM1
SIM2
SIM3
SIM4
1
21
22
SIM5
SIM1
SIM2
SIM3
SIM4
1
21
22
SIM5
SIM1
SIM2
SIM3
SIM4
1
21
22
SIM5
SIM1
SIM2
SIM3
SIM4
1
21
22
SIM5
SIM1
SIM2
SIM3
SIM4
1
21
22
SIM5
SIM1
SIM2
SIM3
SIM4
1
21
22
SIM5
SIM1
SIM2
SIM3
SIM4
1
21
22
SIM5
SIM1
SIM2
SIM3
SIM4
1
21
22
SIM5
SIM1
SIM2
SIM3
SIM4
1
21
22
SIM5
SIM1
SIM2
SIM3
SIM4
1
21
22
SIM5
SIM1
SIM2
SIM3
SIM4
1
21
22
SIM5
SIM1
SIM2
SIM3
SIM4
1
21
22
SIM5
SIM1
SIM2
SIM3
SIM4
1
21
22
SIM5
SIM1
SIM2
SIM3
SIM4
1
21
22
SIM5
SIM1
SIM2
SIM3
SIM4
1
21
22
SIM5
SIM1
SIM2
SIM3
SIM4
1
21
22
SIM5
SIM1
SIM2
SIM3
SIM4
1
21
22
SIM5
SIM1
SIM2
SIM3
SIM4
1
21
22
SIM5
SIM1
SIM2
SIM3
SIM4
1
21
22
SIM5
SIM1
SIM2
SIM3
SIM4
1
21
22
SIM5
SIM1
SIM2
SIM3
SIM4
1
21
22
SIM5
SIM1
SIM2
SIM3
SIM4
1
21
22
SIM5
SIM1
SIM2
SIM3
SIM4
1
21
22
SIM5
SIM1
SIM2
SIM3
SIM4
1
21
22
SIM5
SIM1
SIM2
SIM3
SIM4
1
21
22
SIM5
SIM1
SIM2
SIM3
SIM4
1
21
22
SIM5
SIM1
SIM2
SIM3
SIM4
1
21
22
SIM5
SIM1
SIM2
SIM3
SIM4
1
21
22
SIM5
SIM1
SIM2
SIM3
SIM4
1
21
22
SIM5
SIM1
SIM2
SIM3
SIM4
1
21
22
SIM5
SIM1
SIM2
SIM3
SIM4
1
21
22
SIM5
SIM1
SIM2
SIM3
SIM4
1
21
22
SIM5
SIM1
SIM2
SIM3
SIM4
1
21
22
SIM5
SIM1
SIM2
SIM3
SIM4
1
21
22
SIM5
SIM1
SIM2
SIM3
SIM4
1
21
22
SIM5
SIM1
SIM2
SIM3
SIM4
1
21
22
SIM5
SIM1
SIM2
SIM3
SIM4
1
21
22
SIM5
SIM1
SIM2
SIM3
SIM4
1
21
22
SIM5
SIM1
SIM2
SIM3
SIM4
1
21
22
SIM5
SIM1
SIM2
SIM3
SIM4
1
21
22
SIM5
SIM1
SIM2
SIM3
SIM4
1
21
22
SIM5
SIM1
SIM2
SIM3
SIM4
1
21
22
SIM5
SIM1
SIM2
SIM3
SIM4
1
21
22
SIM5
SIM1
SIM2
SIM3
SIM4
1
21
22
SIM5
SIM1
SIM2
SIM3
SIM4
1
21
22
SIM5
SIM1
SIM2
SIM3
SIM4
1
21
22
SIM5
SIM1
SIM2
SIM3
SIM4
1
21
22
SIM5
SIM1
SIM2
SIM3
SIM4
1
21
22
SIM5
SIM1
SIM2
SIM3
SIM4
1
21
22
SIM5
SIM1
SIM2
SIM3
SIM4
1
21
22
SIM5
SIM1
SIM2
SIM3
SIM4
1
21
22
SIM5
SIM1
SIM2
SIM3
SIM4
1
21
22
SIM5
SIM1
SIM2
SIM3
SIM4
1
21
22
SIM5
SIM1
SIM2
SIM3
SIM4
1
21
22
SIM5
SIM1
SIM2
SIM3
SIM4
1
21
22
SIM5
SIM1
SIM2
SIM3
SIM4
1
21
22
SIM5
SIM1
SIM2
SIM3
SIM4
1
21
22
SIM5
SIM1
SIM2
SIM3
SIM4
1
21
22
SIM5
SIM1
SIM2
SIM3
SIM4
1
21
22
SIM5
SIM1
SIM2
SIM3
SIM4
1
21
22
SIM5
SIM1
SIM2
SIM3
SIM4
1
21
22
SIM5
SIM1
SIM2
SIM3
SIM4
1
21
22
SIM5
SIM1
SIM2
SIM3
SIM4
1
21
22
SIM5
SIM1
SIM2
SIM3
SIM4
1
21
22
SIM5
SIM1
SIM2
SIM3
SIM4
1
21
22
SIM5
SIM1
SIM2
SIM3
SIM4
1
21
22
SIM5
SIM1
SIM2
SIM3
SIM4
1
21
22
SIM5
SIM1
SIM2
SIM3
SIM4
1
21
22
SIM5
SIM1
SIM2
SIM3
SIM4
1
21
22
SIM5
SIM1
SIM2
SIM3
SIM4
1
21
22
SIM5
SIM1
SIM2
SIM3
SIM4
1
21
22
SIM5
SIM1
SIM2
SIM3
SIM4
1
21
22
SIM5
SIM1
SIM2
SIM3
SIM4
1
21
22
SIM5
SIM1
SIM2
SIM3
SIM4
1
21
22
SIM5
SIM1
SIM2
SIM3
SIM4
1
21
22
SIM5
SIM1
SIM2
SIM3
SIM4
1
21
22
SIM5
SIM1
SIM2
SIM3
SIM4
1
21
22
SIM5
SIM1
SIM2
SIM3
SIM4
1
21
22
SIM5
SIM1
SIM2
SIM3
SIM4
1
21
22
SIM5
SIM1
SIM2
SIM3
SIM4
1
21
22
SIM5
SIM1
SIM2
SIM3
SIM4
1
21
22
SIM5
SIM1
SIM2
SIM3
SIM4
1
21
22
SIM5
SIM1
SIM2
DEBUG 1 866
SIM1
SIM2
SIM3
SIM4
1
21
22
SIM5
SIM1
SIM2
SIM3
SIM4
1
21
22
SIM5
SIM1
SIM2
SIM3
SIM4
1
21
22
SIM5
SIM1
SIM2
SIM3
SIM4
1
21
22
SIM5
SIM1
SIM2
SIM3
SIM4
1
21
22
SIM5
SIM1
SIM2
SIM3
SIM4
1
21
22
SIM5
SIM1
SIM2
SIM3
SIM4
1
21
22
SIM5
SIM1
SIM2
SIM3
SIM4
1
21
22
SIM5
SIM1
SIM2
SIM3
SIM4
1
21
22
SIM5
SIM1
SIM2
SIM3
SIM4
1
21
22
SIM5
SIM1
SIM2
SIM3
SIM4
1
21
22
SIM5
SIM1
SIM2
SIM3
SIM4
1
21
22
SIM5
SIM1
SIM2
SIM3
SIM4
1
21
22
SIM5
SIM1
SIM2
SIM3
SIM4
1
21
22
SIM5
SIM1
SIM2
SIM3
SIM4
1
21
22
SIM5
SIM1
SIM2
SIM3
SIM4
1
21
22
SIM5
SIM1
SIM2
SIM3
SIM4
1
21
22
SIM5
SIM1
SIM2
SIM3
SIM4
1
21
22
SIM5
SIM1
SIM2
SIM3
SIM4
1
21
22
SIM5
SIM1
SIM2
SIM3
SIM4
1
21
22
SIM5
SIM1
SIM2
SIM3
SIM4
1
21
22
SIM5
SIM1
SIM2
SIM3
SIM4
1
21
22
SIM5
SIM1
SIM2
SIM3
SIM4
1
21
22
SIM5
SIM1
SIM2
SIM3
SIM4
1
21
22
SIM5
SIM1
SIM2
SIM3
SIM4
1
21
22
SIM5
SIM1
SIM2
SIM3
SIM4
1
21
22
SIM5
SIM1
SIM2
SIM3
SIM4
1
21
22
SIM5
SIM1
SIM2
SIM3
SIM4
1
21
22
SIM5
SIM1
SIM2
SIM3
SIM4
1
21
22
SIM5
SIM1
SIM2
SIM3
SIM4
1
21
22
SIM5
SIM1
SIM2
SIM3
SIM4
1
21
22
SIM5
SIM1
SIM2
SIM3
SIM4
1
21
22
SIM5
SIM1
SIM2
SIM3
SIM4
1
21
22
SIM5
SIM1
SIM2
SIM3
SIM4
1
21
22
SIM5
SIM1
SIM2
SIM3
SIM4
1
21
22
SIM5
SIM1
SIM2
SIM3
SIM4
1
21
22
SIM5
SIM1
SIM2
SIM3
SIM4
1
21
22
SIM5
SIM1
SIM2
SIM3
SIM4
1
21
22
SIM5
SIM1
SIM2
SIM3
SIM4
1
21
22
SIM5
SIM1
SIM2
SIM3
SIM4
1
21
22
SIM5
SIM1
SIM2
SIM3
SIM4
1
21
22
SIM5
SIM1
SIM2
SIM3
SIM4
1
21
22
SIM5
SIM1
SIM2
SIM3
SIM4
1
21
22
SIM5
SIM1
SIM2
SIM3
SIM4
1
21
22
SIM5
SIM1
SIM2
SIM3
SIM4
1
21
22
SIM5
SIM1
SIM2
SIM3
SIM4
1
21
22
SIM5
SIM1
SIM2
SIM3
SIM4
1
21
22
SIM5
SIM1
SIM2
SIM3
SIM4
1
21
22
SIM5
SIM1
SIM2
SIM3
SIM4
1
21
22
SIM5
SIM1
SIM2
SIM3
SIM4
1
21
22
SIM5
SIM1
SIM2
SIM3
SIM4
1
21
22
SIM5
SIM1
SIM2
SIM3
SIM4
1
21
22
SIM5
SIM1
SIM2
SIM3
SIM4
1
21
22
SIM5
SIM1
SIM2
SIM3
SIM4
1
21
22
SIM5
SIM1
SIM2
SIM3
SIM4
1
21
22
SIM5
SIM1
SIM2
SIM3
SIM4
1
21
22
SIM5
SIM1
SIM2
SIM3
SIM4
1
21
22
SIM5
SIM1
SIM2
SIM3
SIM4
1
21
22
SIM5
SIM1
SIM2
SIM3
SIM4
1
21
22
SIM5
SIM1
SIM2
SIM3
SIM4
1
21
22
SIM5
SIM1
SIM2
SIM3
SIM4
1
21
22
SIM5
SIM1
SIM2
SIM3
SIM4
1
21
22
SIM5
SIM1
SIM2
SIM3
SIM4
1
21
22
SIM5
SIM1
SIM2
SIM3
SIM4
1
21
22
SIM5
SIM1
SIM2
SIM3
SIM4
1
21
22
SIM5
SIM1
SIM2
SIM3
SIM4
1
21
22
SIM5
SIM1
SIM2
SIM3
SIM4
1
21
22
SIM5
SIM1
SIM2
SIM3
SIM4
1
21
22
SIM5
SIM1
SIM2
SIM3
SIM4
1
21
22
SIM5
SIM1
SIM2
SIM3
SIM4
1
21
22
SIM5
SIM1
SIM2
SIM3
SIM4
1
21
22
SIM5
SIM1
SIM2
SIM3
SIM4
1
21
22
SIM5
SIM1
SIM2
SIM3
SIM4
1
21
22
SIM5
SIM1
SIM2
SIM3
SIM4
1
21
22
SIM5
SIM1
SIM2
SIM3
SIM4
1
21
22
SIM5
SIM1
SIM2
SIM3
SIM4
1
21
22
SIM5
SIM1
SIM2
SIM3
SIM4
1
21
22
SIM5
SIM1
SIM2
SIM3
SIM4
1
21
22
SIM5
SIM1
SIM2
SIM3
SIM4
1
21
22
SIM5
SIM1
SIM2
SIM3
SIM4
1
21
22
SIM5
SIM1
SIM2
SIM3
SIM4
1
21
22
SIM5
SIM1
SIM2
SIM3
SIM4
1
21
22
SIM5
SIM1
SIM2
SIM3
SIM4
1
21
22
SIM5
SIM1
SIM2
SIM3
SIM4
1
21
22
SIM5
SIM1
SIM2
SIM3
SIM4
1
21
22
SIM5
SIM1
SIM2
SIM3
SIM4
1
21
22
SIM5
SIM1
SIM2
SIM3
SIM4
1
21
22
SIM5
SIM1
SIM2
SIM3
SIM4
1
21
22
SIM5
SIM1
SIM2
SIM3
SIM4
1
21
22
SIM5
SIM1
SIM2
SIM3
SIM4
1
21
22
SIM5
SIM1
SIM2
SIM3
SIM4
1
21
22
SIM5
SIM1
SIM2
SIM3
SIM4
1
21
22
SIM5
SIM1
SIM2
SIM3
SIM4
1
21
22
SIM5
SIM1
SIM2
SIM3
SIM4
1
21
22
SIM5
SIM1
SIM2
SIM3
SIM4
1
21
22
SIM5
SIM1
SIM2
SIM3
SIM4
1
21
22
SIM5
SIM1
SIM2
SIM3
SIM4
1
21
22
SIM5
SIM1
SIM2
SIM3
SIM4
1
21
22
SIM5
SIM1
SIM2
SIM3
SIM4
1
21
22
SIM5
SIM1
SIM2
SIM3
SIM4
1
21
22
SIM5
SIM1
SIM2
SIM3
SIM4
1
21
22
SIM5
SIM1
SIM2
SIM3
SIM4
1
21
22
SIM5
SIM1
SIM2
SIM3
SIM4
1
21
22
SIM5
SIM1
SIM2
SIM3
SIM4
1
21
22
SIM5
SIM1
SIM2
SIM3
SIM4
1
21
22
SIM5
SIM1
SIM2
SIM3
SIM4
1
21
22
SIM5
SIM1
SIM2
SIM3
SIM4
1
21
22
SIM5
SIM1
SIM2
SIM3
SIM4
1
21
22
SIM5
SIM1
SIM2
SIM3
SIM4
1
21
22
SIM5
SIM1
SIM2
SIM3
SIM4
1
21
22
SIM5
SIM1
SIM2
SIM3
SIM4
1
21
22
SIM5
SIM1
SIM2
SIM3
SIM4
1
21
22
SIM5
SIM1
SIM2
SIM3
SIM4
1
21
22
SIM5
SIM1
SIM2
SIM3
SIM4
1
21
22
SIM5
SIM1
SIM2
SIM3
SIM4
1
21
22
SIM5
SIM1
SIM2
SIM3
SIM4
1
21
22
SIM5
SIM1
SIM2
SIM3
SIM4
1
21
22
SIM5
SIM1
SIM2
SIM3
SIM4
1
21
22
SIM5
SIM1
SIM2
SIM3
SIM4
1
21
22
SIM5
SIM1
SIM2
SIM3
SIM4
1
21
22
SIM5
SIM1
SIM2
SIM3
SIM4
1
21
22
SIM5
SIM1
SIM2
SIM3
SIM4
1
21
22
SIM5
SIM1
SIM2
SIM3
SIM4
1
21
22
SIM5
SIM1
SIM2
SIM3
SIM4
1
21
22
SIM5
SIM1
SIM2
SIM3
SIM4
1
21
22
SIM5
SIM1
SIM2
SIM3
SIM4
1
21
22
SIM5
SIM1
SIM2
SIM3
SIM4
1
21
22
SIM5
SIM1
SIM2
SIM3
SIM4
1
21
22
SIM5
SIM1
SIM2
SIM3
SIM4
1
21
22
SIM5
SIM1
SIM2
SIM3
SIM4
1
21
22
SIM5
SIM1
SIM2
SIM3
SIM4
1
21
22
SIM5
SIM1
SIM2
SIM3
SIM4
1
21
22
SIM5
SIM1
SIM2
SIM3
SIM4
1
21
22
SIM5
SIM1
SIM2
SIM3
SIM4
1
21
22
SIM5
SIM1
SIM2
SIM3
SIM4
1
21
22
SIM5
SIM1
SIM2
SIM3
SIM4
1
21
22
SIM5
SIM1
SIM2
SIM3
SIM4
1
21
22
SIM5
SIM1
SIM2
SIM3
SIM4
1
21
22
SIM5
SIM1
SIM2
SIM3
SIM4
1
21
22
SIM5
SIM1
SIM2
SIM3
SIM4
1
21
22
SIM5
SIM1
SIM2
SIM3
SIM4
1
21
22
SIM5
SIM1
SIM2
SIM3
SIM4
1
21
22
SIM5
SIM1
SIM2
SIM3
SIM4
1
21
22
SIM5
SIM1
SIM2
SIM3
SIM4
1
21
22
SIM5
SIM1
SIM2
SIM3
SIM4
1
21
22
SIM5
SIM1
SIM2
SIM3
SIM4
1
21
22
SIM5
SIM1
SIM2
SIM3
SIM4
1
21
22
SIM5
SIM1
SIM2
SIM3
SIM4
1
21
22
SIM5
SIM1
SIM2
SIM3
SIM4
1
21
22
SIM5
SIM1
SIM2
SIM3
SIM4
1
21
22
SIM5
SIM1
SIM2
SIM3
SIM4
1
21
22
SIM5
SIM1
SIM2
SIM3
SIM4
1
21
22
SIM5
SIM1
SIM2
SIM3
SIM4
1
21
22
SIM5
SIM1
SIM2
SIM3
SIM4
1
21
22
SIM5
SIM1
SIM2
SIM3
SIM4
1
21
22
SIM5
SIM1
SIM2
SIM3
SIM4
1
21
22
SIM5
SIM1
SIM2
SIM3
SIM4
1
21
22
SIM5
SIM1
SIM2
SIM3
SIM4
1
21
22
SIM5
SIM1
SIM2
SIM3
SIM4
1
21
22
SIM5
SIM1
SIM2
SIM3
SIM4
1
21
22
SIM5
SIM1
SIM2
SIM3
SIM4
1
21
22
SIM5
SIM1
SIM2
SIM3
SIM4
1
21
22
SIM5
SIM1
SIM2
SIM3
SIM4
1
21
22
SIM5
SIM1
SIM2
SIM3
SIM4
1
21
22
SIM5
SIM1
SIM2
SIM3
SIM4
1
21
22
SIM5
SIM1
SIM2
SIM3
SIM4
1
21
22
SIM5
SIM1
SIM2
SIM3
SIM4
1
21
22
SIM5
SIM1
SIM2
SIM3
SIM4
1
21
22
SIM5
SIM1
SIM2
SIM3
SIM4
1
21
22
SIM5
SIM1
SIM2
SIM3
SIM4
1
21
22
SIM5
SIM1
SIM2
SIM3
SIM4
1
21
22
SIM5
SIM1
SIM2
SIM3
SIM4
1
21
22
SIM5
SIM1
SIM2
SIM3
SIM4
1
21
22
SIM5
SIM1
SIM2
SIM3
SIM4
1
21
22
SIM5
SIM1
SIM2
SIM3
SIM4
1
21
22
SIM5
SIM1
SIM2
SIM3
SIM4
1
21
22
SIM5
SIM1
SIM2
SIM3
SIM4
1
21
22
SIM5
SIM1
SIM2
SIM3
SIM4
1
21
22
SIM5
SIM1
SIM2
SIM3
SIM4
1
21
22
SIM5
SIM1
SIM2
SIM3
SIM4
1
21
22
SIM5
SIM1
SIM2
SIM3
SIM4
1
21
22
SIM5
SIM1
SIM2
SIM3
SIM4
1
21
22
SIM5
SIM1
SIM2
SIM3
SIM4
1
21
22
SIM5
SIM1
SIM2
SIM3
SIM4
1
21
22
SIM5
SIM1
SIM2
SIM3
SIM4
1
21
22
SIM5
SIM1
SIM2
SIM3
SIM4
1
21
22
SIM5
SIM1
SIM2
SIM3
SIM4
1
21
22
SIM5
SIM1
SIM2
SIM3
SIM4
1
21
22
SIM5
SIM1
SIM2
DEBUG 1 867
SIM1
SIM2
SIM3
SIM4
1
21
22
SIM5
SIM1
SIM2
SIM3
SIM4
1
21
22
SIM5
SIM1
SIM2
SIM3
SIM4
1
21
22
SIM5
SIM1
SIM2
SIM3
SIM4
1
21
22
SIM5
SIM1
SIM2
SIM3
SIM4
1
21
22
SIM5
SIM1
SIM2
SIM3
SIM4
1
21
22
SIM5
SIM1
SIM2
SIM3
SIM4
1
21
22
SIM5
SIM1
SIM2
SIM3
SIM4
1
21
22
SIM5
SIM1
SIM2
SIM3
SIM4
1
21
22
SIM5
SIM1
SIM2
SIM3
SIM4
1
21
22
SIM5
SIM1
SIM2
SIM3
SIM4
1
21
22
SIM5
SIM1
SIM2
SIM3
SIM4
1
21
22
SIM5
SIM1
SIM2
SIM3
SIM4
1
21
22
SIM5
SIM1
SIM2
SIM3
SIM4
1
21
22
SIM5
SIM1
SIM2
SIM3
SIM4
1
21
22
SIM5
SIM1
SIM2
SIM3
SIM4
1
21
22
SIM5
SIM1
SIM2
SIM3
SIM4
1
21
22
SIM5
SIM1
SIM2
SIM3
SIM4
1
21
22
SIM5
SIM1
SIM2
SIM3
SIM4
1
21
22
SIM5
SIM1
SIM2
SIM3
SIM4
1
21
22
SIM5
SIM1
SIM2
SIM3
SIM4
1
21
22
SIM5
SIM1
SIM2
SIM3
SIM4
1
21
22
SIM5
SIM1
SIM2
SIM3
SIM4
1
21
22
SIM5
SIM1
SIM2
SIM3
SIM4
1
21
22
SIM5
SIM1
SIM2
SIM3
SIM4
1
21
22
SIM5
SIM1
SIM2
SIM3
SIM4
1
21
22
SIM5
SIM1
SIM2
SIM3
SIM4
1
21
22
SIM5
SIM1
SIM2
SIM3
SIM4
1
21
22
SIM5
SIM1
SIM2
SIM3
SIM4
1
21
22
SIM5
SIM1
SIM2
SIM3
SIM4
1
21
22
SIM5
SIM1
SIM2
SIM3
SIM4
1
21
22
SIM5
SIM1
SIM2
SIM3
SIM4
1
21
22
SIM5
SIM1
SIM2
SIM3
SIM4
1
21
22
SIM5
SIM1
SIM2
SIM3
SIM4
1
21
22
SIM5
SIM1
SIM2
SIM3
SIM4
1
21
22
SIM5
SIM1
SIM2
SIM3
SIM4
1
21
22
SIM5
SIM1
SIM2
SIM3
SIM4
1
21
22
SIM5
SIM1
SIM2
SIM3
SIM4
1
21
22
SIM5
SIM1
SIM2
SIM3
SIM4
1
21
22
SIM5
SIM1
SIM2
SIM3
SIM4
1
21
22
SIM5
SIM1
SIM2
SIM3
SIM4
1
21
22
SIM5
SIM1
SIM2
SIM3
SIM4
1
21
22
SIM5
SIM1
SIM2
SIM3
SIM4
1
21
22
SIM5
SIM1
SIM2
SIM3
SIM4
1
21
22
SIM5
SIM1
SIM2
SIM3
SIM4
1
21
22
SIM5
SIM1
SIM2
SIM3
SIM4
1
21
22
SIM5
SIM1
SIM2
SIM3
SIM4
1
21
22
SIM5
SIM1
SIM2
SIM3
SIM4
1
21
22
SIM5
SIM1
SIM2
SIM3
SIM4
1
21
22
SIM5
SIM1
SIM2
SIM3
SIM4
1
21
22
SIM5
SIM1
SIM2
SIM3
SIM4
1
21
22
SIM5
SIM1
SIM2
SIM3
SIM4
1
21
22
SIM5
SIM1
SIM2
SIM3
SIM4
1
21
22
SIM5
SIM1
SIM2
SIM3
SIM4
1
21
22
SIM5
SIM1
SIM2
SIM3
SIM4
1
21
22
SIM5
SIM1
SIM2
SIM3
SIM4
1
21
22
SIM5
SIM1
SIM2
SIM3
SIM4
1
21
22
SIM5
SIM1
SIM2
SIM3
SIM4
1
21
22
SIM5
SIM1
SIM2
SIM3
SIM4
1
21
22
SIM5
SIM1
SIM2
SIM3
SIM4
1
21
22
SIM5
SIM1
SIM2
SIM3
SIM4
1
21
22
SIM5
SIM1
SIM2
SIM3
SIM4
1
21
22
SIM5
SIM1
SIM2
SIM3
SIM4
1
21
22
SIM5
SIM1
SIM2
SIM3
SIM4
1
21
22
SIM5
SIM1
SIM2
SIM3
SIM4
1
21
22
SIM5
SIM1
SIM2
SIM3
SIM4
1
21
22
SIM5
SIM1
SIM2
SIM3
SIM4
1
21
22
SIM5
SIM1
SIM2
SIM3
SIM4
1
21
22
SIM5
SIM1
SIM2
SIM3
SIM4
1
21
22
SIM5
SIM1
SIM2
SIM3
SIM4
1
21
22
SIM5
SIM1
SIM2
SIM3
SIM4
1
21
22
SIM5
SIM1
SIM2
SIM3
SIM4
1
21
22
SIM5
SIM1
SIM2
SIM3
SIM4
1
21
22
SIM5
SIM1
SIM2
SIM3
SIM4
1
21
22
SIM5
SIM1
SIM2
SIM3
SIM4
1
21
22
SIM5
SIM1
SIM2
SIM3
SIM4
1
21
22
SIM5
SIM1
SIM2
SIM3
SIM4
1
21
22
SIM5
SIM1
SIM2
SIM3
SIM4
1
21
22
SIM5
SIM1
SIM2
SIM3
SIM4
1
21
22
SIM5
SIM1
SIM2
SIM3
SIM4
1
21
22
SIM5
SIM1
SIM2
SIM3
SIM4
1
21
22
SIM5
SIM1
SIM2
SIM3
SIM4
1
21
22
SIM5
SIM1
SIM2
SIM3
SIM4
1
21
22
SIM5
SIM1
SIM2
SIM3
SIM4
1
21
22
SIM5
SIM1
SIM2
SIM3
SIM4
1
21
22
SIM5
SIM1
SIM2
SIM3
SIM4
1
21
22
SIM5
SIM1
SIM2
SIM3
SIM4
1
21
22
SIM5
SIM1
SIM2
SIM3
SIM4
1
21
22
SIM5
SIM1
SIM2
SIM3
SIM4
1
21
22
SIM5
SIM1
SIM2
SIM3
SIM4
1
21
22
SIM5
SIM1
SIM2
SIM3
SIM4
1
21
22
SIM5
SIM1
SIM2
SIM3
SIM4
1
21
22
SIM5
SIM1
SIM2
SIM3
SIM4
1
21
22
SIM5
SIM1
SIM2
SIM3
SIM4
1
21
22
SIM5
SIM1
SIM2
SIM3
SIM4
1
21
22
SIM5
SIM1
SIM2
SIM3
SIM4
1
21
22
SIM5
SIM1
SIM2
SIM3
SIM4
1
21
22
SIM5
SIM1
SIM2
SIM3
SIM4
1
21
22
SIM5
SIM1
SIM2
SIM3
SIM4
1
21
22
SIM5
SIM1
SIM2
SIM3
SIM4
1
21
22
SIM5
SIM1
SIM2
SIM3
SIM4
1
21
22
SIM5
SIM1
SIM2
SIM3
SIM4
1
21
22
SIM5
SIM1
SIM2
SIM3
SIM4
1
21
22
SIM5
SIM1
SIM2
SIM3
SIM4
1
21
22
SIM5
SIM1
SIM2
SIM3
SIM4
1
21
22
SIM5
SIM1
SIM2
SIM3
SIM4
1
21
22
SIM5
SIM1
SIM2
SIM3
SIM4
1
21
22
SIM5
SIM1
SIM2
SIM3
SIM4
1
21
22
SIM5
SIM1
SIM2
SIM3
SIM4
1
21
22
SIM5
SIM1
SIM2
SIM3
SIM4
1
21
22
SIM5
SIM1
SIM2
SIM3
SIM4
1
21
22
SIM5
SIM1
SIM2
SIM3
SIM4
1
21
22
SIM5
SIM1
SIM2
SIM3
SIM4
1
21
22
SIM5
SIM1
SIM2
SIM3
SIM4
1
21
22
SIM5
SIM1
SIM2
SIM3
SIM4
1
21
22
SIM5
SIM1
SIM2
SIM3
SIM4
1
21
22
SIM5
SIM1
SIM2
SIM3
SIM4
1
21
22
SIM5
SIM1
SIM2
SIM3
SIM4
1
21
22
SIM5
SIM1
SIM2
SIM3
SIM4
1
21
22
SIM5
SIM1
SIM2
SIM3
SIM4
1
21
22
SIM5
SIM1
SIM2
SIM3
SIM4
1
21
22
SIM5
SIM1
SIM2
SIM3
SIM4
1
21
22
SIM5
SIM1
SIM2
SIM3
SIM4
1
21
22
SIM5
SIM1
SIM2
SIM3
SIM4
1
21
22
SIM5
SIM1
SIM2
SIM3
SIM4
1
21
22
SIM5
SIM1
SIM2
SIM3
SIM4
1
21
22
SIM5
SIM1
SIM2
SIM3
SIM4
1
21
22
SIM5
SIM1
SIM2
SIM3
SIM4
1
21
22
SIM5
SIM1
SIM2
SIM3
SIM4
1
21
22
SIM5
SIM1
SIM2
SIM3
SIM4
1
21
22
SIM5
SIM1
SIM2
SIM3
SIM4
1
21
22
SIM5
SIM1
SIM2
SIM3
SIM4
1
21
22
SIM5
SIM1
SIM2
SIM3
SIM4
1
21
22
SIM5
SIM1
SIM2
SIM3
SIM4
1
21
22
SIM5
SIM1
SIM2
SIM3
SIM4
1
21
22
SIM5
SIM1
SIM2
SIM3
SIM4
1
21
22
SIM5
SIM1
SIM2
SIM3
SIM4
1
21
22
SIM5
SIM1
SIM2
SIM3
SIM4
1
21
22
SIM5
SIM1
SIM2
SIM3
SIM4
1
21
22
SIM5
SIM1
SIM2
SIM3
SIM4
1
21
22
SIM5
SIM1
SIM2
SIM3
SIM4
1
21
22
SIM5
SIM1
SIM2
SIM3
SIM4
1
21
22
SIM5
SIM1
SIM2
SIM3
SIM4
1
21
22
SIM5
SIM1
SIM2
SIM3
SIM4
1
21
22
SIM5
SIM1
SIM2
SIM3
SIM4
1
21
22
SIM5
SIM1
SIM2
SIM3
SIM4
1
21
22
SIM5
SIM1
SIM2
SIM3
SIM4
1
21
22
SIM5
SIM1
SIM2
SIM3
SIM4
1
21
22
SIM5
SIM1
SIM2
DEBUG 1 868
SIM1
SIM2
SIM3
SIM4
1
21
22
SIM5
SIM1
SIM2
SIM3
SIM4
1
21
22
SIM5
SIM1
SIM2
SIM3
SIM4
1
21
22
SIM5
SIM1
SIM2
SIM3
SIM4
1
21
22
SIM5
SIM1
SIM2
SIM3
SIM4
1
21
22
SIM5
SIM1
SIM2
SIM3
SIM4
1
21
22
SIM5
SIM1
SIM2
SIM3
SIM4
1
21
22
SIM5
SIM1
SIM2
SIM3
SIM4
1
21
22
SIM5
SIM1
SIM2
SIM3
SIM4
1
21
22
SIM5
SIM1
SIM2
SIM3
SIM4
1
21
22
SIM5
SIM1
SIM2
SIM3
SIM4
1
21
22
SIM5
SIM1
SIM2
SIM3
SIM4
1
21
22
SIM5
SIM1
SIM2
SIM3
SIM4
1
21
22
SIM5
SIM1
SIM2
SIM3
SIM4
1
21
22
SIM5
SIM1
SIM2
SIM3
SIM4
1
21
22
SIM5
SIM1
SIM2
SIM3
SIM4
1
21
22
SIM5
SIM1
SIM2
SIM3
SIM4
1
21
22
SIM5
SIM1
SIM2
SIM3
SIM4
1
21
22
SIM5
SIM1
SIM2
SIM3
SIM4
1
21
22
SIM5
SIM1
SIM2
SIM3
SIM4
1
21
22
SIM5
SIM1
SIM2
SIM3
SIM4
1
21
22
SIM5
SIM1
SIM2
SIM3
SIM4
1
21
22
SIM5
SIM1
SIM2
SIM3
SIM4
1
21
22
SIM5
SIM1
SIM2
SIM3
SIM4
1
21
22
SIM5
SIM1
SIM2
SIM3
SIM4
1
21
22
SIM5
SIM1
SIM2
SIM3
SIM4
1
21
22
SIM5
SIM1
SIM2
SIM3
SIM4
1
21
22
SIM5
SIM1
SIM2
SIM3
SIM4
1
21
22
SIM5
SIM1
SIM2
SIM3
SIM4
1
21
22
SIM5
SIM1
SIM2
SIM3
SIM4
1
21
22
SIM5
SIM1
SIM2
SIM3
SIM4
1
21
22
SIM5
SIM1
SIM2
SIM3
SIM4
1
21
22
SIM5
SIM1
SIM2
SIM3
SIM4
1
21
22
SIM5
SIM1
SIM2
SIM3
SIM4
1
21
22
SIM5
SIM1
SIM2
SIM3
SIM4
1
21
22
SIM5
SIM1
SIM2
SIM3
SIM4
1
21
22
SIM5
SIM1
SIM2
SIM3
SIM4
1
21
22
SIM5
SIM1
SIM2
SIM3
SIM4
1
21
22
SIM5
SIM1
SIM2
SIM3
SIM4
1
21
22
SIM5
SIM1
SIM2
SIM3
SIM4
1
21
22
SIM5
SIM1
SIM2
SIM3
SIM4
1
21
22
SIM5
SIM1
SIM2
SIM3
SIM4
1
21
22
SIM5
SIM1
SIM2
SIM3
SIM4
1
21
22
SIM5
SIM1
SIM2
SIM3
SIM4
1
21
22
SIM5
SIM1
SIM2
SIM3
SIM4
1
21
22
SIM5
SIM1
SIM2
SIM3
SIM4
1
21
22
SIM5
SIM1
SIM2
SIM3
SIM4
1
21
22
SIM5
SIM1
SIM2
SIM3
SIM4
1
21
22
SIM5
SIM1
SIM2
SIM3
SIM4
1
21
22
SIM5
SIM1
SIM2
SIM3
SIM4
1
21
22
SIM5
SIM1
SIM2
SIM3
SIM4
1
21
22
SIM5
SIM1
SIM2
SIM3
SIM4
1
21
22
SIM5
SIM1
SIM2
SIM3
SIM4
1
21
22
SIM5
SIM1
SIM2
SIM3
SIM4
1
21
22
SIM5
SIM1
SIM2
SIM3
SIM4
1
21
22
SIM5
SIM1
SIM2
SIM3
SIM4
1
21
22
SIM5
SIM1
SIM2
SIM3
SIM4
1
21
22
SIM5
SIM1
SIM2
SIM3
SIM4
1
21
22
SIM5
SIM1
SIM2
SIM3
SIM4
1
21
22
SIM5
SIM1
SIM2
SIM3
SIM4
1
21
22
SIM5
SIM1
SIM2
SIM3
SIM4
1
21
22
SIM5
SIM1
SIM2
SIM3
SIM4
1
21
22
SIM5
SIM1
SIM2
SIM3
SIM4
1
21
22
SIM5
SIM1
SIM2
SIM3
SIM4
1
21
22
SIM5
SIM1
SIM2
SIM3
SIM4
1
21
22
SIM5
SIM1
SIM2
SIM3
SIM4
1
21
22
SIM5
SIM1
SIM2
SIM3
SIM4
1
21
22
SIM5
SIM1
SIM2
SIM3
SIM4
1
21
22
SIM5
SIM1
SIM2
SIM3
SIM4
1
21
22
SIM5
SIM1
SIM2
SIM3
SIM4
1
21
22
SIM5
SIM1
SIM2
SIM3
SIM4
1
21
22
SIM5
SIM1
SIM2
SIM3
SIM4
1
21
22
SIM5
SIM1
SIM2
SIM3
SIM4
1
21
22
SIM5
SIM1
SIM2
SIM3
SIM4
1
21
22
SIM5
SIM1
SIM2
SIM3
SIM4
1
21
22
SIM5
SIM1
SIM2
SIM3
SIM4
1
21
22
SIM5
SIM1
SIM2
SIM3
SIM4
1
21
22
SIM5
SIM1
SIM2
SIM3
SIM4
1
21
22
SIM5
SIM1
SIM2
SIM3
SIM4
1
21
22
SIM5
SIM1
SIM2
SIM3
SIM4
1
21
22
SIM5
SIM1
SIM2
SIM3
SIM4
1
21
22
SIM5
SIM1
SIM2
SIM3
SIM4
1
21
22
SIM5
SIM1
SIM2
SIM3
SIM4
1
21
22
SIM5
SIM1
SIM2
SIM3
SIM4
1
21
22
SIM5
SIM1
SIM2
SIM3
SIM4
1
21
22
SIM5
SIM1
SIM2
SIM3
SIM4
1
21
22
SIM5
SIM1
SIM2
SIM3
SIM4
1
21
22
SIM5
SIM1
SIM2
SIM3
SIM4
1
21
22
SIM5
SIM1
SIM2
SIM3
SIM4
1
21
22
SIM5
SIM1
SIM2
SIM3
SIM4
1
21
22
SIM5
SIM1
SIM2
SIM3
SIM4
1
21
22
SIM5
SIM1
SIM2
SIM3
SIM4
1
21
22
SIM5
SIM1
SIM2
SIM3
SIM4
1
21
22
SIM5
SIM1
SIM2
SIM3
SIM4
1
21
22
SIM5
SIM1
SIM2
SIM3
SIM4
1
21
22
SIM5
SIM1
SIM2
SIM3
SIM4
1
21
22
SIM5
SIM1
SIM2
SIM3
SIM4
1
21
22
SIM5
SIM1
SIM2
SIM3
SIM4
1
21
22
SIM5
SIM1
SIM2
SIM3
SIM4
1
21
22
SIM5
SIM1
SIM2
SIM3
SIM4
1
21
22
SIM5
SIM1
SIM2
SIM3
SIM4
1
21
22
SIM5
SIM1
SIM2
SIM3
SIM4
1
21
22
SIM5
SIM1
SIM2
SIM3
SIM4
1
21
22
SIM5
SIM1
SIM2
SIM3
SIM4
1
21
22
SIM5
SIM1
SIM2
SIM3
SIM4
1
21
22
SIM5
SIM1
SIM2
SIM3
SIM4
1
21
22
SIM5
SIM1
SIM2
SIM3
SIM4
1
21
22
SIM5
SIM1
SIM2
SIM3
SIM4
1
21
22
SIM5
SIM1
SIM2
SIM3
SIM4
1
21
22
SIM5
SIM1
SIM2
SIM3
SIM4
1
21
22
SIM5
SIM1
SIM2
SIM3
SIM4
1
21
22
SIM5
SIM1
SIM2
SIM3
SIM4
1
21
22
SIM5
SIM1
SIM2
SIM3
SIM4
1
21
22
SIM5
SIM1
SIM2
SIM3
SIM4
1
21
22
SIM5
SIM1
SIM2
SIM3
SIM4
1
21
22
SIM5
SIM1
SIM2
SIM3
SIM4
1
21
22
SIM5
SIM1
SIM2
SIM3
SIM4
1
21
22
SIM5
SIM1
SIM2
SIM3
SIM4
1
21
22
SIM5
SIM1
SIM2
SIM3
SIM4
1
21
22
SIM5
SIM1
SIM2
SIM3
SIM4
1
21
22
SIM5
SIM1
SIM2
SIM3
SIM4
1
21
22
SIM5
SIM1
SIM2
SIM3
SIM4
1
21
22
SIM5
SIM1
SIM2
SIM3
SIM4
1
21
22
SIM5
SIM1
SIM2
SIM3
SIM4
1
21
22
SIM5
SIM1
SIM2
SIM3
SIM4
1
21
22
SIM5
SIM1
SIM2
SIM3
SIM4
1
21
22
SIM5
SIM1
SIM2
SIM3
SIM4
1
21
22
SIM5
SIM1
SIM2
SIM3
SIM4
1
21
22
SIM5
SIM1
SIM2
SIM3
SIM4
1
21
22
SIM5
SIM1
SIM2
SIM3
SIM4
1
21
22
SIM5
SIM1
SIM2
SIM3
SIM4
1
21
22
SIM5
SIM1
SIM2
SIM3
SIM4
1
21
22
SIM5
SIM1
SIM2
SIM3
SIM4
1
21
22
SIM5
SIM1
SIM2
SIM3
SIM4
1
21
22
SIM5
SIM1
SIM2
SIM3
SIM4
1
21
22
SIM5
SIM1
SIM2
SIM3
SIM4
1
21
22
SIM5
SIM1
SIM2
SIM3
SIM4
1
21
22
SIM5
SIM1
SIM2
SIM3
SIM4
1
21
22
SIM5
SIM1
SIM2
SIM3
SIM4
1
21
22
SIM5
SIM1
SIM2
SIM3
SIM4
1
21
22
SIM5
SIM1
SIM2
SIM3
SIM4
1
21
22
SIM5
SIM1
SIM2
SIM3
SIM4
1
21
22
SIM5
SIM1
SIM2
SIM3
SIM4
1
21
22
SIM5
SIM1
SIM2
SIM3
SIM4
1
21
22
SIM5
SIM1
SIM2
SIM3
SIM4
1
21
22
SIM5
SIM1
SIM2
SIM3
SIM4
1
21
22
SIM5
SIM1
SIM2
SIM3
SIM4
1
21
22
SIM5
SIM1
SIM2
SIM3
SIM4
1
21
22
SIM5
SIM1
SIM2
SIM3
SIM4
1
21
22
SIM5
SIM1
SIM2
SIM3
SIM4
1
21
22
SIM5
SIM1
SIM2
SIM3
SIM4
1
21
22
SIM5
SIM1
SIM2
SIM3
SIM4
1
21
22
SIM5
SIM1
SIM2
SIM3
SIM4
1
21
22
SIM5
SIM1
SIM2
SIM3
SIM4
1
21
22
SIM5
SIM1
SIM2
SIM3
SIM4
1
21
22
SIM5
SIM1
SIM2
SIM3
SIM4
1
21
22
SIM5
SIM1
SIM2
SIM3
SIM4
1
21
22
SIM5
SIM1
SIM2
SIM3
SIM4
1
21
22
SIM5
SIM1
SIM2
SIM3
SIM4
1
21
22
SIM5
SIM1
SIM2
SIM3
SIM4
1
21
22
SIM5
SIM1
SIM2
SIM3
SIM4
1
21
22
SIM5
SIM1
SIM2
SIM3
SIM4
1
21
22
SIM5
SIM1
SIM2
SIM3
SIM4
1
21
22
SIM5
SIM1
SIM2
SIM3
SIM4
1
21
22
SIM5
SIM1
SIM2
SIM3
SIM4
1
21
22
SIM5
SIM1
SIM2
SIM3
SIM4
1
21
22
SIM5
SIM1
SIM2
SIM3
SIM4
1
21
22
SIM5
SIM1
SIM2
SIM3
SIM4
1
21
22
SIM5
SIM1
SIM2
SIM3
SIM4
1
21
22
SIM5
SIM1
SIM2
SIM3
SIM4
1
21
22
SIM5
SIM1
SIM2
SIM3
SIM4
1
21
22
SIM5
SIM1
SIM2
SIM3
SIM4
1
21
22
SIM5
SIM1
SIM2
SIM3
SIM4
1
21
22
SIM5
SIM1
SIM2
SIM3
SIM4
1
21
22
SIM5
SIM1
SIM2
SIM3
SIM4
1
21
22
SIM5
SIM1
SIM2
SIM3
SIM4
1
21
22
SIM5
SIM1
SIM2
SIM3
SIM4
1
21
22
SIM5
SIM1
SIM2
SIM3
SIM4
1
21
22
SIM5
SIM1
SIM2
SIM3
SIM4
1
21
22
SIM5
SIM1
SIM2
SIM3
SIM4
1
21
22
SIM5
SIM1
SIM2
SIM3
SIM4
1
21
22
SIM5
SIM1
SIM2
SIM3
SIM4
1
21
22
SIM5
SIM1
SIM2
SIM3
SIM4
1
21
22
SIM5
SIM1
SIM2
SIM3
SIM4
1
21
22
SIM5
SIM1
SIM2
SIM3
SIM4
1
21
22
SIM5
SIM1
SIM2
SIM3
SIM4
1
21
22
SIM5
SIM1
SIM2
SIM3
SIM4
1
21
22
SIM5
SIM1
SIM2
SIM3
SIM4
1
21
22
SIM5
SIM1
SIM2
SIM3
SIM4
1
21
22
SIM5
SIM1
SIM2
SIM3
SIM4
1
21
22
SIM5
SIM1
SIM2
SIM3
SIM4
1
21
22
SIM5
SIM1
SIM2
SIM3
SIM4
1
21
22
SIM5
SIM1
SIM2
SIM3
SIM4
1
21
22
SIM5
SIM1
SIM2
SIM3
SIM4
1
21
22
SIM5
SIM1
SIM2
SIM3
SIM4
1
21
22
SIM5
SIM1
SIM2
SIM3
SIM4
1
21
22
SIM5
SIM1
SIM2
SIM3
SIM4
1
21
22
SIM5
SIM1
SIM2
SIM3
SIM4
1
21
22
SIM5
SIM1
SIM2
SIM3
SIM4
1
21
22
SIM5
SIM1
SIM2
SIM3
SIM4
1
21
22
SIM5
SIM1
SIM2
DEBUG 1 869
SIM1
SIM2
SIM3
SIM4
1
21
22
SIM5
SIM1
SIM2
SIM3
SIM4
1
21
22
SIM5
SIM1
SIM2
SIM3
SIM4
1
21
22
SIM5
SIM1
SIM2
SIM3
SIM4
1
21
22
SIM5
SIM1
SIM2
SIM3
SIM4
1
21
22
SIM5
SIM1
SIM2
SIM3
SIM4
1
21
22
SIM5
SIM1
SIM2
SIM3
SIM4
1
21
22
SIM5
SIM1
SIM2
SIM3
SIM4
1
21
22
SIM5
SIM1
SIM2
SIM3
SIM4
1
21
22
SIM5
SIM1
SIM2
SIM3
SIM4
1
21
22
SIM5
SIM1
SIM2
SIM3
SIM4
1
21
22
SIM5
SIM1
SIM2
SIM3
SIM4
1
21
22
SIM5
SIM1
SIM2
SIM3
SIM4
1
21
22
SIM5
SIM1
SIM2
SIM3
SIM4
1
21
22
SIM5
SIM1
SIM2
SIM3
SIM4
1
21
22
SIM5
SIM1
SIM2
SIM3
SIM4
1
21
22
SIM5
SIM1
SIM2
SIM3
SIM4
1
21
22
SIM5
SIM1
SIM2
SIM3
SIM4
1
21
22
SIM5
SIM1
SIM2
SIM3
SIM4
1
21
22
SIM5
SIM1
SIM2
SIM3
SIM4
1
21
22
SIM5
SIM1
SIM2
SIM3
SIM4
1
21
22
SIM5
SIM1
SIM2
SIM3
SIM4
1
21
22
SIM5
SIM1
SIM2
SIM3
SIM4
1
21
22
SIM5
SIM1
SIM2
SIM3
SIM4
1
21
22
SIM5
SIM1
SIM2
SIM3
SIM4
1
21
22
SIM5
SIM1
SIM2
SIM3
SIM4
1
21
22
SIM5
SIM1
SIM2
SIM3
SIM4
1
21
22
SIM5
SIM1
SIM2
SIM3
SIM4
1
21
22
SIM5
SIM1
SIM2
SIM3
SIM4
1
21
22
SIM5
SIM1
SIM2
SIM3
SIM4
1
21
22
SIM5
SIM1
SIM2
SIM3
SIM4
1
21
22
SIM5
SIM1
SIM2
SIM3
SIM4
1
21
22
SIM5
SIM1
SIM2
SIM3
SIM4
1
21
22
SIM5
SIM1
SIM2
SIM3
SIM4
1
21
22
SIM5
SIM1
SIM2
SIM3
SIM4
1
21
22
SIM5
SIM1
SIM2
SIM3
SIM4
1
21
22
SIM5
SIM1
SIM2
SIM3
SIM4
1
21
22
SIM5
SIM1
SIM2
SIM3
SIM4
1
21
22
SIM5
SIM1
SIM2
SIM3
SIM4
1
21
22
SIM5
SIM1
SIM2
SIM3
SIM4
1
21
22
SIM5
SIM1
SIM2
SIM3
SIM4
1
21
22
SIM5
SIM1
SIM2
SIM3
SIM4
1
21
22
SIM5
SIM1
SIM2
SIM3
SIM4
1
21
22
SIM5
SIM1
SIM2
SIM3
SIM4
1
21
22
SIM5
SIM1
SIM2
SIM3
SIM4
1
21
22
SIM5
SIM1
SIM2
SIM3
SIM4
1
21
22
SIM5
SIM1
SIM2
SIM3
SIM4
1
21
22
SIM5
SIM1
SIM2
SIM3
SIM4
1
21
22
SIM5
SIM1
SIM2
SIM3
SIM4
1
21
22
SIM5
SIM1
SIM2
SIM3
SIM4
1
21
22
SIM5
SIM1
SIM2
SIM3
SIM4
1
21
22
SIM5
SIM1
SIM2
SIM3
SIM4
1
21
22
SIM5
SIM1
SIM2
SIM3
SIM4
1
21
22
SIM5
SIM1
SIM2
SIM3
SIM4
1
21
22
SIM5
SIM1
SIM2
SIM3
SIM4
1
21
22
SIM5
SIM1
SIM2
SIM3
SIM4
1
21
22
SIM5
SIM1
SIM2
SIM3
SIM4
1
21
22
SIM5
SIM1
SIM2
SIM3
SIM4
1
21
22
SIM5
SIM1
SIM2
SIM3
SIM4
1
21
22
SIM5
SIM1
SIM2
SIM3
SIM4
1
21
22
SIM5
SIM1
SIM2
SIM3
SIM4
1
21
22
SIM5
SIM1
SIM2
SIM3
SIM4
1
21
22
SIM5
SIM1
SIM2
SIM3
SIM4
1
21
22
SIM5
SIM1
SIM2
SIM3
SIM4
1
21
22
SIM5
SIM1
SIM2
SIM3
SIM4
1
21
22
SIM5
SIM1
SIM2
SIM3
SIM4
1
21
22
SIM5
SIM1
SIM2
SIM3
SIM4
1
21
22
SIM5
SIM1
SIM2
SIM3
SIM4
1
21
22
SIM5
SIM1
SIM2
SIM3
SIM4
1
21
22
SIM5
SIM1
SIM2
SIM3
SIM4
1
21
22
SIM5
SIM1
SIM2
SIM3
SIM4
1
21
22
SIM5
SIM1
SIM2
SIM3
SIM4
1
21
22
SIM5
SIM1
SIM2
SIM3
SIM4
1
21
22
SIM5
SIM1
SIM2
SIM3
SIM4
1
21
22
SIM5
SIM1
SIM2
SIM3
SIM4
1
21
22
SIM5
SIM1
SIM2
SIM3
SIM4
1
21
22
SIM5
SIM1
SIM2
SIM3
SIM4
1
21
22
SIM5
SIM1
SIM2
SIM3
SIM4
1
21
22
SIM5
SIM1
SIM2
SIM3
SIM4
1
21
22
SIM5
SIM1
SIM2
SIM3
SIM4
1
21
22
SIM5
SIM1
SIM2
SIM3
SIM4
1
21
22
SIM5
SIM1
SIM2
SIM3
SIM4
1
21
22
SIM5
SIM1
SIM2
SIM3
SIM4
1
21
22
SIM5
SIM1
SIM2
SIM3
SIM4
1
21
22
SIM5
SIM1
SIM2
SIM3
SIM4
1
21
22
SIM5
SIM1
SIM2
SIM3
SIM4
1
21
22
SIM5
SIM1
SIM2
SIM3
SIM4
1
21
22
SIM5
SIM1
SIM2
SIM3
SIM4
1
21
22
SIM5
SIM1
SIM2
SIM3
SIM4
1
21
22
SIM5
SIM1
SIM2
SIM3
SIM4
1
21
22
SIM5
SIM1
SIM2
SIM3
SIM4
1
21
22
SIM5
SIM1
SIM2
SIM3
SIM4
1
21
22
SIM5
SIM1
SIM2
SIM3
SIM4
1
21
22
SIM5
SIM1
SIM2
SIM3
SIM4
1
21
22
SIM5
SIM1
SIM2
SIM3
SIM4
1
21
22
SIM5
SIM1
SIM2
SIM3
SIM4
1
21
22
SIM5
SIM1
SIM2
SIM3
SIM4
1
21
22
SIM5
SIM1
SIM2
SIM3
SIM4
1
21
22
SIM5
SIM1
SIM2
SIM3
SIM4
1
21
22
SIM5
SIM1
SIM2
SIM3
SIM4
1
21
22
SIM5
SIM1
SIM2
SIM3
SIM4
1
21
22
SIM5
SIM1
SIM2
SIM3
SIM4
1
21
22
SIM5
SIM1
SIM2
SIM3
SIM4
1
21
22
SIM5
SIM1
SIM2
SIM3
SIM4
1
21
22
SIM5
SIM1
SIM2
SIM3
SIM4
1
21
22
SIM5
SIM1
SIM2
SIM3
SIM4
1
21
22
SIM5
SIM1
SIM2
SIM3
SIM4
1
21
22
SIM5
SIM1
SIM2
SIM3
SIM4
1
21
22
SIM5
SIM1
SIM2
SIM3
SIM4
1
21
22
SIM5
SIM1
SIM2
SIM3
SIM4
1
21
22
SIM5
SIM1
SIM2
SIM3
SIM4
1
21
22
SIM5
SIM1
SIM2
SIM3
SIM4
1
21
22
SIM5
SIM1
SIM2
SIM3
SIM4
1
21
22
SIM5
SIM1
SIM2
SIM3
SIM4
1
21
22
SIM5
SIM1
SIM2
SIM3
SIM4
1
21
22
SIM5
SIM1
SIM2
SIM3
SIM4
1
21
22
SIM5
SIM1
SIM2
SIM3
SIM4
1
21
22
SIM5
SIM1
SIM2
SIM3
SIM4
1
21
22
SIM5
SIM1
SIM2
SIM3
SIM4
1
21
22
SIM5
SIM1
SIM2
SIM3
SIM4
1
21
22
SIM5
SIM1
SIM2
SIM3
SIM4
1
21
22
SIM5
SIM1
SIM2
SIM3
SIM4
1
21
22
SIM5
SIM1
SIM2
SIM3
SIM4
1
21
22
SIM5
SIM1
SIM2
SIM3
SIM4
1
21
22
SIM5
SIM1
SIM2
SIM3
SIM4
1
21
22
SIM5
SIM1
SIM2
SIM3
SIM4
1
21
22
SIM5
SIM1
SIM2
SIM3
SIM4
1
21
22
SIM5
SIM1
SIM2
SIM3
SIM4
1
21
22
SIM5
SIM1
SIM2
SIM3
SIM4
1
21
22
SIM5
SIM1
SIM2
SIM3
SIM4
1
21
22
SIM5
SIM1
SIM2
SIM3
SIM4
1
21
22
SIM5
SIM1
SIM2
SIM3
SIM4
1
21
22
SIM5
SIM1
SIM2
SIM3
SIM4
1
21
22
SIM5
SIM1
SIM2
SIM3
SIM4
1
21
22
SIM5
SIM1
SIM2
SIM3
SIM4
1
21
22
SIM5
SIM1
SIM2
SIM3
SIM4
1
21
22
SIM5
SIM1
SIM2
SIM3
SIM4
1
21
22
SIM5
SIM1
SIM2
SIM3
SIM4
1
21
22
SIM5
SIM1
SIM2
SIM3
SIM4
1
21
22
SIM5
SIM1
SIM2
SIM3
SIM4
1
21
22
SIM5
SIM1
SIM2
SIM3
SIM4
1
21
22
SIM5
SIM1
SIM2
SIM3
SIM4
1
21
22
SIM5
SIM1
SIM2
SIM3
SIM4
1
21
22
SIM5
SIM1
SIM2
SIM3
SIM4
1
21
22
SIM5
SIM1
SIM2
SIM3
SIM4
1
21
22
SIM5
SIM1
SIM2
SIM3
SIM4
1
21
22
SIM5
SIM1
SIM2
SIM3
SIM4
1
21
22
SIM5
SIM1
SIM2
SIM3
SIM4
1
21
22
SIM5
SIM1
SIM2
SIM3
SIM4
1
21
22
SIM5
SIM1
SIM2
SIM3
SIM4
1
21
22
SIM5
SIM1
SIM2
SIM3
SIM4
1
21
22
SIM5
SIM1
SIM2
SIM3
SIM4
1
21
22
SIM5
SIM1
SIM2
SIM3
SIM4
1
21
22
SIM5
SIM1
SIM2
SIM3
SIM4
1
21
22
SIM5
SIM1
SIM2
SIM3
SIM4
1
21
22
SIM5
SIM1
SIM2
SIM3
SIM4
1
21
22
SIM5
SIM1
SIM2
DEBUG 1 870
SIM1
SIM2
SIM3
SIM4
1
21
22
SIM5
SIM1
SIM2
SIM3
SIM4
1
21
22
SIM5
SIM1
SIM2
SIM3
SIM4
1
21
22
SIM5
SIM1
SIM2
SIM3
SIM4
1
21
22
SIM5
SIM1
SIM2
SIM3
SIM4
1
21
22
SIM5
SIM1
SIM2
SIM3
SIM4
1
21
22
SIM5
SIM1
SIM2
SIM3
SIM4
1
21
22
SIM5
SIM1
SIM2
SIM3
SIM4
1
21
22
SIM5
SIM1
SIM2
SIM3
SIM4
1
21
22
SIM5
SIM1
SIM2
SIM3
SIM4
1
21
22
SIM5
SIM1
SIM2
SIM3
SIM4
1
21
22
SIM5
SIM1
SIM2
SIM3
SIM4
1
21
22
SIM5
SIM1
SIM2
SIM3
SIM4
1
21
22
SIM5
SIM1
SIM2
SIM3
SIM4
1
21
22
SIM5
SIM1
SIM2
SIM3
SIM4
1
21
22
SIM5
SIM1
SIM2
SIM3
SIM4
1
21
22
SIM5
SIM1
SIM2
SIM3
SIM4
1
21
22
SIM5
SIM1
SIM2
SIM3
SIM4
1
21
22
SIM5
SIM1
SIM2
SIM3
SIM4
1
21
22
SIM5
SIM1
SIM2
SIM3
SIM4
1
21
22
SIM5
SIM1
SIM2
SIM3
SIM4
1
21
22
SIM5
SIM1
SIM2
SIM3
SIM4
1
21
22
SIM5
SIM1
SIM2
SIM3
SIM4
1
21
22
SIM5
SIM1
SIM2
SIM3
SIM4
1
21
22
SIM5
SIM1
SIM2
SIM3
SIM4
1
21
22
SIM5
SIM1
SIM2
SIM3
SIM4
1
21
22
SIM5
SIM1
SIM2
SIM3
SIM4
1
21
22
SIM5
SIM1
SIM2
SIM3
SIM4
1
21
22
SIM5
SIM1
SIM2
SIM3
SIM4
1
21
22
SIM5
SIM1
SIM2
SIM3
SIM4
1
21
22
SIM5
SIM1
SIM2
SIM3
SIM4
1
21
22
SIM5
SIM1
SIM2
SIM3
SIM4
1
21
22
SIM5
SIM1
SIM2
SIM3
SIM4
1
21
22
SIM5
SIM1
SIM2
SIM3
SIM4
1
21
22
SIM5
SIM1
SIM2
SIM3
SIM4
1
21
22
SIM5
SIM1
SIM2
SIM3
SIM4
1
21
22
SIM5
SIM1
SIM2
SIM3
SIM4
1
21
22
SIM5
SIM1
SIM2
SIM3
SIM4
1
21
22
SIM5
SIM1
SIM2
SIM3
SIM4
1
21
22
SIM5
SIM1
SIM2
SIM3
SIM4
1
21
22
SIM5
SIM1
SIM2
SIM3
SIM4
1
21
22
SIM5
SIM1
SIM2
SIM3
SIM4
1
21
22
SIM5
SIM1
SIM2
SIM3
SIM4
1
21
22
SIM5
SIM1
SIM2
SIM3
SIM4
1
21
22
SIM5
SIM1
SIM2
SIM3
SIM4
1
21
22
SIM5
SIM1
SIM2
SIM3
SIM4
1
21
22
SIM5
SIM1
SIM2
SIM3
SIM4
1
21
22
SIM5
SIM1
SIM2
SIM3
SIM4
1
21
22
SIM5
SIM1
SIM2
SIM3
SIM4
1
21
22
SIM5
SIM1
SIM2
SIM3
SIM4
1
21
22
SIM5
SIM1
SIM2
SIM3
SIM4
1
21
22
SIM5
SIM1
SIM2
SIM3
SIM4
1
21
22
SIM5
SIM1
SIM2
SIM3
SIM4
1
21
22
SIM5
SIM1
SIM2
SIM3
SIM4
1
21
22
SIM5
SIM1
SIM2
SIM3
SIM4
1
21
22
SIM5
SIM1
SIM2
SIM3
SIM4
1
21
22
SIM5
SIM1
SIM2
SIM3
SIM4
1
21
22
SIM5
SIM1
SIM2
SIM3
SIM4
1
21
22
SIM5
SIM1
SIM2
SIM3
SIM4
1
21
22
SIM5
SIM1
SIM2
SIM3
SIM4
1
21
22
SIM5
SIM1
SIM2
SIM3
SIM4
1
21
22
SIM5
SIM1
SIM2
SIM3
SIM4
1
21
22
SIM5
SIM1
SIM2
SIM3
SIM4
1
21
22
SIM5
SIM1
SIM2
SIM3
SIM4
1
21
22
SIM5
SIM1
SIM2
SIM3
SIM4
1
21
22
SIM5
SIM1
SIM2
SIM3
SIM4
1
21
22
SIM5
SIM1
SIM2
SIM3
SIM4
1
21
22
SIM5
SIM1
SIM2
SIM3
SIM4
1
21
22
SIM5
SIM1
SIM2
SIM3
SIM4
1
21
22
SIM5
SIM1
SIM2
SIM3
SIM4
1
21
22
SIM5
SIM1
SIM2
SIM3
SIM4
1
21
22
SIM5
SIM1
SIM2
SIM3
SIM4
1
21
22
SIM5
SIM1
SIM2
SIM3
SIM4
1
21
22
SIM5
SIM1
SIM2
SIM3
SIM4
1
21
22
SIM5
SIM1
SIM2
SIM3
SIM4
1
21
22
SIM5
SIM1
SIM2
SIM3
SIM4
1
21
22
SIM5
SIM1
SIM2
SIM3
SIM4
1
21
22
SIM5
SIM1
SIM2
SIM3
SIM4
1
21
22
SIM5
SIM1
SIM2
SIM3
SIM4
1
21
22
SIM5
SIM1
SIM2
SIM3
SIM4
1
21
22
SIM5
SIM1
SIM2
SIM3
SIM4
1
21
22
SIM5
SIM1
SIM2
SIM3
SIM4
1
21
22
SIM5
SIM1
SIM2
SIM3
SIM4
1
21
22
SIM5
SIM1
SIM2
SIM3
SIM4
1
21
22
SIM5
SIM1
SIM2
SIM3
SIM4
1
21
22
SIM5
SIM1
SIM2
SIM3
SIM4
1
21
22
SIM5
SIM1
SIM2
SIM3
SIM4
1
21
22
SIM5
SIM1
SIM2
SIM3
SIM4
1
21
22
SIM5
SIM1
SIM2
SIM3
SIM4
1
21
22
SIM5
SIM1
SIM2
SIM3
SIM4
1
21
22
SIM5
SIM1
SIM2
SIM3
SIM4
1
21
22
SIM5
SIM1
SIM2
SIM3
SIM4
1
21
22
SIM5
SIM1
SIM2
SIM3
SIM4
1
21
22
SIM5
SIM1
SIM2
SIM3
SIM4
1
21
22
SIM5
SIM1
SIM2
SIM3
SIM4
1
21
22
SIM5
SIM1
SIM2
SIM3
SIM4
1
21
22
SIM5
SIM1
SIM2
SIM3
SIM4
1
21
22
SIM5
SIM1
SIM2
SIM3
SIM4
1
21
22
SIM5
SIM1
SIM2
SIM3
SIM4
1
21
22
SIM5
SIM1
SIM2
SIM3
SIM4
1
21
22
SIM5
SIM1
SIM2
SIM3
SIM4
1
21
22
SIM5
SIM1
SIM2
SIM3
SIM4
1
21
22
SIM5
SIM1
SIM2
SIM3
SIM4
1
21
22
SIM5
SIM1
SIM2
SIM3
SIM4
1
21
22
SIM5
SIM1
SIM2
SIM3
SIM4
1
21
22
SIM5
SIM1
SIM2
SIM3
SIM4
1
21
22
SIM5
SIM1
SIM2
SIM3
SIM4
1
21
22
SIM5
SIM1
SIM2
SIM3
SIM4
1
21
22
SIM5
SIM1
SIM2
SIM3
SIM4
1
21
22
SIM5
SIM1
SIM2
SIM3
SIM4
1
21
22
SIM5
SIM1
SIM2
SIM3
SIM4
1
21
22
SIM5
SIM1
SIM2
SIM3
SIM4
1
21
22
SIM5
SIM1
SIM2
SIM3
SIM4
1
21
22
SIM5
SIM1
SIM2
SIM3
SIM4
1
21
22
SIM5
SIM1
SIM2
SIM3
SIM4
1
21
22
SIM5
SIM1
SIM2
SIM3
SIM4
1
21
22
SIM5
SIM1
SIM2
SIM3
SIM4
1
21
22
SIM5
SIM1
SIM2
SIM3
SIM4
1
21
22
SIM5
SIM1
SIM2
SIM3
SIM4
1
21
22
SIM5
SIM1
SIM2
SIM3
SIM4
1
21
22
SIM5
SIM1
SIM2
SIM3
SIM4
1
21
22
SIM5
SIM1
SIM2
SIM3
SIM4
1
21
22
SIM5
SIM1
SIM2
SIM3
SIM4
1
21
22
SIM5
SIM1
SIM2
SIM3
SIM4
1
21
22
SIM5
SIM1
SIM2
SIM3
SIM4
1
21
22
SIM5
SIM1
SIM2
SIM3
SIM4
1
21
22
SIM5
SIM1
SIM2
SIM3
SIM4
1
21
22
SIM5
SIM1
SIM2
SIM3
SIM4
1
21
22
SIM5
SIM1
SIM2
SIM3
SIM4
1
21
22
SIM5
SIM1
SIM2
SIM3
SIM4
1
21
22
SIM5
SIM1
SIM2
SIM3
SIM4
1
21
22
SIM5
SIM1
SIM2
SIM3
SIM4
1
21
22
SIM5
SIM1
SIM2
SIM3
SIM4
1
21
22
SIM5
SIM1
SIM2
SIM3
SIM4
1
21
22
SIM5
SIM1
SIM2
SIM3
SIM4
1
21
22
SIM5
SIM1
SIM2
SIM3
SIM4
1
21
22
SIM5
SIM1
SIM2
SIM3
SIM4
1
21
22
SIM5
SIM1
SIM2
SIM3
SIM4
1
21
22
SIM5
SIM1
SIM2
SIM3
SIM4
1
21
22
SIM5
SIM1
SIM2
SIM3
SIM4
1
21
22
SIM5
SIM1
SIM2
SIM3
SIM4
1
21
22
SIM5
SIM1
SIM2
SIM3
SIM4
1
21
22
SIM5
SIM1
SIM2
SIM3
SIM4
1
21
22
SIM5
SIM1
SIM2
SIM3
SIM4
1
21
22
SIM5
SIM1
SIM2
SIM3
SIM4
1
21
22
SIM5
SIM1
SIM2
SIM3
SIM4
1
21
22
SIM5
SIM1
SIM2
SIM3
SIM4
1
21
22
SIM5
SIM1
SIM2
SIM3
SIM4
1
21
22
SIM5
SIM1
SIM2
SIM3
SIM4
1
21
22
SIM5
SIM1
SIM2
SIM3
SIM4
1
21
22
SIM5
SIM1
SIM2
SIM3
SIM4
1
21
22
SIM5
SIM1
SIM2
SIM3
SIM4
1
21
22
SIM5
SIM1
SIM2
SIM3
SIM4
1
21
22
SIM5
SIM1
SIM2
SIM3
SIM4
1
21
22
SIM5
SIM1
SIM2
DEBUG 1 871
SIM1
SIM2
SIM3
SIM4
1
21
22
SIM5
SIM1
SIM2
SIM3
SIM4
1
21
22
SIM5
SIM1
SIM2
SIM3
SIM4
1
21
22
SIM5
SIM1
SIM2
SIM3
SIM4
1
21
22
SIM5
SIM1
SIM2
SIM3
SIM4
1
21
22
SIM5
SIM1
SIM2
SIM3
SIM4
1
21
22
SIM5
SIM1
SIM2
SIM3
SIM4
1
21
22
SIM5
SIM1
SIM2
SIM3
SIM4
1
21
22
SIM5
SIM1
SIM2
SIM3
SIM4
1
21
22
SIM5
SIM1
SIM2
SIM3
SIM4
1
21
22
SIM5
SIM1
SIM2
SIM3
SIM4
1
21
22
SIM5
SIM1
SIM2
SIM3
SIM4
1
21
22
SIM5
SIM1
SIM2
SIM3
SIM4
1
21
22
SIM5
SIM1
SIM2
SIM3
SIM4
1
21
22
SIM5
SIM1
SIM2
SIM3
SIM4
1
21
22
SIM5
SIM1
SIM2
SIM3
SIM4
1
21
22
SIM5
SIM1
SIM2
SIM3
SIM4
1
21
22
SIM5
SIM1
SIM2
SIM3
SIM4
1
21
22
SIM5
SIM1
SIM2
SIM3
SIM4
1
21
22
SIM5
SIM1
SIM2
SIM3
SIM4
1
21
22
SIM5
SIM1
SIM2
SIM3
SIM4
1
21
22
SIM5
SIM1
SIM2
SIM3
SIM4
1
21
22
SIM5
SIM1
SIM2
SIM3
SIM4
1
21
22
SIM5
SIM1
SIM2
SIM3
SIM4
1
21
22
SIM5
SIM1
SIM2
SIM3
SIM4
1
21
22
SIM5
SIM1
SIM2
SIM3
SIM4
1
21
22
SIM5
SIM1
SIM2
SIM3
SIM4
1
21
22
SIM5
SIM1
SIM2
SIM3
SIM4
1
21
22
SIM5
SIM1
SIM2
SIM3
SIM4
1
21
22
SIM5
SIM1
SIM2
SIM3
SIM4
1
21
22
SIM5
SIM1
SIM2
SIM3
SIM4
1
21
22
SIM5
SIM1
SIM2
SIM3
SIM4
1
21
22
SIM5
SIM1
SIM2
SIM3
SIM4
1
21
22
SIM5
SIM1
SIM2
SIM3
SIM4
1
21
22
SIM5
SIM1
SIM2
SIM3
SIM4
1
21
22
SIM5
SIM1
SIM2
SIM3
SIM4
1
21
22
SIM5
SIM1
SIM2
SIM3
SIM4
1
21
22
SIM5
SIM1
SIM2
SIM3
SIM4
1
21
22
SIM5
SIM1
SIM2
SIM3
SIM4
1
21
22
SIM5
SIM1
SIM2
SIM3
SIM4
1
21
22
SIM5
SIM1
SIM2
SIM3
SIM4
1
21
22
SIM5
SIM1
SIM2
SIM3
SIM4
1
21
22
SIM5
SIM1
SIM2
SIM3
SIM4
1
21
22
SIM5
SIM1
SIM2
SIM3
SIM4
1
21
22
SIM5
SIM1
SIM2
SIM3
SIM4
1
21
22
SIM5
SIM1
SIM2
SIM3
SIM4
1
21
22
SIM5
SIM1
SIM2
SIM3
SIM4
1
21
22
SIM5
SIM1
SIM2
SIM3
SIM4
1
21
22
SIM5
SIM1
SIM2
SIM3
SIM4
1
21
22
SIM5
SIM1
SIM2
SIM3
SIM4
1
21
22
SIM5
SIM1
SIM2
SIM3
SIM4
1
21
22
SIM5
SIM1
SIM2
SIM3
SIM4
1
21
22
SIM5
SIM1
SIM2
SIM3
SIM4
1
21
22
SIM5
SIM1
SIM2
SIM3
SIM4
1
21
22
SIM5
SIM1
SIM2
SIM3
SIM4
1
21
22
SIM5
SIM1
SIM2
SIM3
SIM4
1
21
22
SIM5
SIM1
SIM2
SIM3
SIM4
1
21
22
SIM5
SIM1
SIM2
SIM3
SIM4
1
21
22
SIM5
SIM1
SIM2
SIM3
SIM4
1
21
22
SIM5
SIM1
SIM2
SIM3
SIM4
1
21
22
SIM5
SIM1
SIM2
SIM3
SIM4
1
21
22
SIM5
SIM1
SIM2
SIM3
SIM4
1
21
22
SIM5
SIM1
SIM2
SIM3
SIM4
1
21
22
SIM5
SIM1
SIM2
SIM3
SIM4
1
21
22
SIM5
SIM1
SIM2
SIM3
SIM4
1
21
22
SIM5
SIM1
SIM2
SIM3
SIM4
1
21
22
SIM5
SIM1
SIM2
SIM3
SIM4
1
21
22
SIM5
SIM1
SIM2
SIM3
SIM4
1
21
22
SIM5
SIM1
SIM2
SIM3
SIM4
1
21
22
SIM5
SIM1
SIM2
SIM3
SIM4
1
21
22
SIM5
SIM1
SIM2
SIM3
SIM4
1
21
22
SIM5
SIM1
SIM2
SIM3
SIM4
1
21
22
SIM5
SIM1
SIM2
SIM3
SIM4
1
21
22
SIM5
SIM1
SIM2
SIM3
SIM4
1
21
22
SIM5
SIM1
SIM2
SIM3
SIM4
1
21
22
SIM5
SIM1
SIM2
SIM3
SIM4
1
21
22
SIM5
SIM1
SIM2
SIM3
SIM4
1
21
22
SIM5
SIM1
SIM2
SIM3
SIM4
1
21
22
SIM5
SIM1
SIM2
SIM3
SIM4
1
21
22
SIM5
SIM1
SIM2
SIM3
SIM4
1
21
22
SIM5
SIM1
SIM2
SIM3
SIM4
1
21
22
SIM5
SIM1
SIM2
SIM3
SIM4
1
21
22
SIM5
SIM1
SIM2
SIM3
SIM4
1
21
22
SIM5
SIM1
SIM2
SIM3
SIM4
1
21
22
SIM5
SIM1
SIM2
SIM3
SIM4
1
21
22
SIM5
SIM1
SIM2
SIM3
SIM4
1
21
22
SIM5
SIM1
SIM2
SIM3
SIM4
1
21
22
SIM5
SIM1
SIM2
SIM3
SIM4
1
21
22
SIM5
SIM1
SIM2
SIM3
SIM4
1
21
22
SIM5
SIM1
SIM2
SIM3
SIM4
1
21
22
SIM5
SIM1
SIM2
SIM3
SIM4
1
21
22
SIM5
SIM1
SIM2
SIM3
SIM4
1
21
22
SIM5
SIM1
SIM2
SIM3
SIM4
1
21
22
SIM5
SIM1
SIM2
SIM3
SIM4
1
21
22
SIM5
SIM1
SIM2
SIM3
SIM4
1
21
22
SIM5
SIM1
SIM2
SIM3
SIM4
1
21
22
SIM5
SIM1
SIM2
SIM3
SIM4
1
21
22
SIM5
SIM1
SIM2
SIM3
SIM4
1
21
22
SIM5
SIM1
SIM2
SIM3
SIM4
1
21
22
SIM5
SIM1
SIM2
SIM3
SIM4
1
21
22
SIM5
SIM1
SIM2
SIM3
SIM4
1
21
22
SIM5
SIM1
SIM2
SIM3
SIM4
1
21
22
SIM5
SIM1
SIM2
SIM3
SIM4
1
21
22
SIM5
SIM1
SIM2
SIM3
SIM4
1
21
22
SIM5
SIM1
SIM2
SIM3
SIM4
1
21
22
SIM5
SIM1
SIM2
SIM3
SIM4
1
21
22
SIM5
SIM1
SIM2
SIM3
SIM4
1
21
22
SIM5
SIM1
SIM2
SIM3
SIM4
1
21
22
SIM5
SIM1
SIM2
SIM3
SIM4
1
21
22
SIM5
SIM1
SIM2
SIM3
SIM4
1
21
22
SIM5
SIM1
SIM2
SIM3
SIM4
1
21
22
SIM5
SIM1
SIM2
SIM3
SIM4
1
21
22
SIM5
SIM1
SIM2
SIM3
SIM4
1
21
22
SIM5
SIM1
SIM2
SIM3
SIM4
1
21
22
SIM5
SIM1
SIM2
SIM3
SIM4
1
21
22
SIM5
SIM1
SIM2
SIM3
SIM4
1
21
22
SIM5
SIM1
SIM2
SIM3
SIM4
1
21
22
SIM5
SIM1
SIM2
SIM3
SIM4
1
21
22
SIM5
SIM1
SIM2
SIM3
SIM4
1
21
22
SIM5
SIM1
SIM2
SIM3
SIM4
1
21
22
SIM5
SIM1
SIM2
SIM3
SIM4
1
21
22
SIM5
SIM1
SIM2
SIM3
SIM4
1
21
22
SIM5
SIM1
SIM2
SIM3
SIM4
1
21
22
SIM5
SIM1
SIM2
SIM3
SIM4
1
21
22
SIM5
SIM1
SIM2
SIM3
SIM4
1
21
22
SIM5
SIM1
SIM2
SIM3
SIM4
1
21
22
SIM5
SIM1
SIM2
SIM3
SIM4
1
21
22
SIM5
SIM1
SIM2
SIM3
SIM4
1
21
22
SIM5
SIM1
SIM2
SIM3
SIM4
1
21
22
SIM5
SIM1
SIM2
SIM3
SIM4
1
21
22
SIM5
SIM1
SIM2
SIM3
SIM4
1
21
22
SIM5
SIM1
SIM2
SIM3
SIM4
1
21
22
SIM5
SIM1
SIM2
SIM3
SIM4
1
21
22
SIM5
SIM1
SIM2
SIM3
SIM4
1
21
22
SIM5
SIM1
SIM2
SIM3
SIM4
1
21
22
SIM5
SIM1
SIM2
SIM3
SIM4
1
21
22
SIM5
SIM1
SIM2
SIM3
SIM4
1
21
22
SIM5
SIM1
SIM2
SIM3
SIM4
1
21
22
SIM5
SIM1
SIM2
SIM3
SIM4
1
21
22
SIM5
SIM1
SIM2
SIM3
SIM4
1
21
22
SIM5
SIM1
SIM2
SIM3
SIM4
1
21
22
SIM5
SIM1
SIM2
SIM3
SIM4
1
21
22
SIM5
SIM1
SIM2
SIM3
SIM4
1
21
22
SIM5
SIM1
SIM2
SIM3
SIM4
1
21
22
SIM5
SIM1
SIM2
SIM3
SIM4
1
21
22
SIM5
SIM1
SIM2
SIM3
SIM4
1
21
22
SIM5
SIM1
SIM2
SIM3
SIM4
1
21
22
SIM5
SIM1
SIM2
SIM3
SIM4
1
21
22
SIM5
SIM1
SIM2
SIM3
SIM4
1
21
22
SIM5
SIM1
SIM2
SIM3
SIM4
1
21
22
SIM5
SIM1
SIM2
SIM3
SIM4
1
21
22
SIM5
SIM1
SIM2
SIM3
SIM4
1
21
22
SIM5
SIM1
SIM2
SIM3
SIM4
1
21
22
SIM5
SIM1
SIM2
SIM3
SIM4
1
21
22
SIM5
SIM1
SIM2
SIM3
SIM4
1
21
22
SIM5
SIM1
SIM2
SIM3
SIM4
1
21
22
SIM5
SIM1
SIM2
SIM3
SIM4
1
21
22
SIM5
SIM1
SIM2
SIM3
SIM4
1
21
22
SIM5
SIM1
SIM2
SIM3
SIM4
1
21
22
SIM5
SIM1
SIM2
SIM3
SIM4
1
21
22
SIM5
SIM1
SIM2
SIM3
SIM4
1
21
22
SIM5
SIM1
SIM2
SIM3
SIM4
1
21
22
SIM5
SIM1
SIM2
SIM3
SIM4
1
21
22
SIM5
SIM1
SIM2
SIM3
SIM4
1
21
22
SIM5
SIM1
SIM2
SIM3
SIM4
1
21
22
SIM5
SIM1
SIM2
SIM3
SIM4
1
21
22
SIM5
SIM1
SIM2
SIM3
SIM4
1
21
22
SIM5
SIM1
SIM2
SIM3
SIM4
1
21
22
SIM5
SIM1
SIM2
SIM3
SIM4
1
21
22
SIM5
SIM1
SIM2
SIM3
SIM4
1
21
22
SIM5
SIM1
SIM2
SIM3
SIM4
1
21
22
SIM5
SIM1
SIM2
SIM3
SIM4
1
21
22
SIM5
SIM1
SIM2
SIM3
SIM4
1
21
22
SIM5
SIM1
SIM2
SIM3
SIM4
1
21
22
SIM5
SIM1
SIM2
SIM3
SIM4
1
21
22
SIM5
SIM1
SIM2
SIM3
SIM4
1
21
22
SIM5
SIM1
SIM2
SIM3
SIM4
1
21
22
SIM5
SIM1
SIM2
SIM3
SIM4
1
21
22
SIM5
SIM1
SIM2
SIM3
SIM4
1
21
22
SIM5
SIM1
SIM2
SIM3
SIM4
1
21
22
SIM5
SIM1
SIM2
SIM3
SIM4
1
21
22
SIM5
SIM1
SIM2
SIM3
SIM4
1
21
22
SIM5
SIM1
SIM2
SIM3
SIM4
1
21
22
SIM5
SIM1
SIM2
SIM3
SIM4
1
21
22
SIM5
SIM1
SIM2
SIM3
SIM4
1
21
22
SIM5
SIM1
SIM2
SIM3
SIM4
1
21
22
SIM5
SIM1
SIM2
SIM3
SIM4
1
21
22
SIM5
SIM1
SIM2
SIM3
SIM4
1
21
22
SIM5
SIM1
SIM2
SIM3
SIM4
1
21
22
SIM5
SIM1
SIM2
SIM3
SIM4
1
21
22
SIM5
SIM1
SIM2
SIM3
SIM4
1
21
22
SIM5
SIM1
SIM2
SIM3
SIM4
1
21
22
SIM5
SIM1
SIM2
SIM3
SIM4
1
21
22
SIM5
SIM1
SIM2
SIM3
SIM4
1
21
22
SIM5
SIM1
SIM2
SIM3
SIM4
1
21
22
SIM5
SIM1
SIM2
SIM3
SIM4
1
21
22
SIM5
SIM1
SIM2
SIM3
SIM4
1
21
22
SIM5
SIM1
SIM2
SIM3
SIM4
1
21
22
SIM5
SIM1
SIM2
SIM3
SIM4
1
21
22
SIM5
SIM1
SIM2
SIM3
SIM4
1
21
22
SIM5
SIM1
SIM2
SIM3
SIM4
1
21
22
SIM5
SIM1
SIM2
SIM3
SIM4
1
21
22
SIM5
SIM1
SIM2
SIM3
SIM4
1
21
22
SIM5
SIM1
SIM2
SIM3
SIM4
1
21
22
SIM5
SIM1
SIM2
SIM3
SIM4
1
21
22
SIM5
SIM1
SIM2
SIM3
SIM4
1
21
22
SIM5
SIM1
SIM2
SIM3
SIM4
1
21
22
SIM5
SIM1
SIM2
DEBUG 1 872
SIM1
SIM2
SIM3
SIM4
1
21
22
SIM5
SIM1
SIM2
SIM3
SIM4
1
21
22
SIM5
SIM1
SIM2
SIM3
SIM4
1
21
22
SIM5
SIM1
SIM2
SIM3
SIM4
1
21
22
SIM5
SIM1
SIM2
SIM3
SIM4
1
21
22
SIM5
SIM1
SIM2
SIM3
SIM4
1
21
22
SIM5
SIM1
SIM2
SIM3
SIM4
1
21
22
SIM5
SIM1
SIM2
SIM3
SIM4
1
21
22
SIM5
SIM1
SIM2
SIM3
SIM4
1
21
22
SIM5
SIM1
SIM2
SIM3
SIM4
1
21
22
SIM5
SIM1
SIM2
SIM3
SIM4
1
21
22
SIM5
SIM1
SIM2
SIM3
SIM4
1
21
22
SIM5
SIM1
SIM2
SIM3
SIM4
1
21
22
SIM5
SIM1
SIM2
SIM3
SIM4
1
21
22
SIM5
SIM1
SIM2
SIM3
SIM4
1
21
22
SIM5
SIM1
SIM2
SIM3
SIM4
1
21
22
SIM5
SIM1
SIM2
SIM3
SIM4
1
21
22
SIM5
SIM1
SIM2
SIM3
SIM4
1
21
22
SIM5
SIM1
SIM2
SIM3
SIM4
1
21
22
SIM5
SIM1
SIM2
SIM3
SIM4
1
21
22
SIM5
SIM1
SIM2
SIM3
SIM4
1
21
22
SIM5
SIM1
SIM2
SIM3
SIM4
1
21
22
SIM5
SIM1
SIM2
SIM3
SIM4
1
21
22
SIM5
SIM1
SIM2
SIM3
SIM4
1
21
22
SIM5
SIM1
SIM2
SIM3
SIM4
1
21
22
SIM5
SIM1
SIM2
SIM3
SIM4
1
21
22
SIM5
SIM1
SIM2
SIM3
SIM4
1
21
22
SIM5
SIM1
SIM2
SIM3
SIM4
1
21
22
SIM5
SIM1
SIM2
SIM3
SIM4
1
21
22
SIM5
SIM1
SIM2
SIM3
SIM4
1
21
22
SIM5
SIM1
SIM2
SIM3
SIM4
1
21
22
SIM5
SIM1
SIM2
SIM3
SIM4
1
21
22
SIM5
SIM1
SIM2
SIM3
SIM4
1
21
22
SIM5
SIM1
SIM2
SIM3
SIM4
1
21
22
SIM5
SIM1
SIM2
SIM3
SIM4
1
21
22
SIM5
SIM1
SIM2
SIM3
SIM4
1
21
22
SIM5
SIM1
SIM2
SIM3
SIM4
1
21
22
SIM5
SIM1
SIM2
SIM3
SIM4
1
21
22
SIM5
SIM1
SIM2
SIM3
SIM4
1
21
22
SIM5
SIM1
SIM2
SIM3
SIM4
1
21
22
SIM5
SIM1
SIM2
SIM3
SIM4
1
21
22
SIM5
SIM1
SIM2
SIM3
SIM4
1
21
22
SIM5
SIM1
SIM2
SIM3
SIM4
1
21
22
SIM5
SIM1
SIM2
SIM3
SIM4
1
21
22
SIM5
SIM1
SIM2
SIM3
SIM4
1
21
22
SIM5
SIM1
SIM2
SIM3
SIM4
1
21
22
SIM5
SIM1
SIM2
SIM3
SIM4
1
21
22
SIM5
SIM1
SIM2
SIM3
SIM4
1
21
22
SIM5
SIM1
SIM2
SIM3
SIM4
1
21
22
SIM5
SIM1
SIM2
SIM3
SIM4
1
21
22
SIM5
SIM1
SIM2
SIM3
SIM4
1
21
22
SIM5
SIM1
SIM2
SIM3
SIM4
1
21
22
SIM5
SIM1
SIM2
SIM3
SIM4
1
21
22
SIM5
SIM1
SIM2
SIM3
SIM4
1
21
22
SIM5
SIM1
SIM2
SIM3
SIM4
1
21
22
SIM5
SIM1
SIM2
SIM3
SIM4
1
21
22
SIM5
SIM1
SIM2
SIM3
SIM4
1
21
22
SIM5
SIM1
SIM2
SIM3
SIM4
1
21
22
SIM5
SIM1
SIM2
SIM3
SIM4
1
21
22
SIM5
SIM1
SIM2
SIM3
SIM4
1
21
22
SIM5
SIM1
SIM2
SIM3
SIM4
1
21
22
SIM5
SIM1
SIM2
SIM3
SIM4
1
21
22
SIM5
SIM1
SIM2
SIM3
SIM4
1
21
22
SIM5
SIM1
SIM2
SIM3
SIM4
1
21
22
SIM5
SIM1
SIM2
SIM3
SIM4
1
21
22
SIM5
SIM1
SIM2
SIM3
SIM4
1
21
22
SIM5
SIM1
SIM2
SIM3
SIM4
1
21
22
SIM5
SIM1
SIM2
SIM3
SIM4
1
21
22
SIM5
SIM1
SIM2
SIM3
SIM4
1
21
22
SIM5
SIM1
SIM2
SIM3
SIM4
1
21
22
SIM5
SIM1
SIM2
SIM3
SIM4
1
21
22
SIM5
SIM1
SIM2
SIM3
SIM4
1
21
22
SIM5
SIM1
SIM2
SIM3
SIM4
1
21
22
SIM5
SIM1
SIM2
SIM3
SIM4
1
21
22
SIM5
SIM1
SIM2
SIM3
SIM4
1
21
22
SIM5
SIM1
SIM2
SIM3
SIM4
1
21
22
SIM5
SIM1
SIM2
SIM3
SIM4
1
21
22
SIM5
SIM1
SIM2
SIM3
SIM4
1
21
22
SIM5
SIM1
SIM2
SIM3
SIM4
1
21
22
SIM5
SIM1
SIM2
SIM3
SIM4
1
21
22
SIM5
SIM1
SIM2
SIM3
SIM4
1
21
22
SIM5
SIM1
SIM2
SIM3
SIM4
1
21
22
SIM5
SIM1
SIM2
SIM3
SIM4
1
21
22
SIM5
SIM1
SIM2
SIM3
SIM4
1
21
22
SIM5
SIM1
SIM2
SIM3
SIM4
1
21
22
SIM5
SIM1
SIM2
SIM3
SIM4
1
21
22
SIM5
SIM1
SIM2
SIM3
SIM4
1
21
22
SIM5
SIM1
SIM2
SIM3
SIM4
1
21
22
SIM5
SIM1
SIM2
SIM3
SIM4
1
21
22
SIM5
SIM1
SIM2
SIM3
SIM4
1
21
22
SIM5
SIM1
SIM2
SIM3
SIM4
1
21
22
SIM5
SIM1
SIM2
SIM3
SIM4
1
21
22
SIM5
SIM1
SIM2
SIM3
SIM4
1
21
22
SIM5
SIM1
SIM2
SIM3
SIM4
1
21
22
SIM5
SIM1
SIM2
SIM3
SIM4
1
21
22
SIM5
SIM1
SIM2
SIM3
SIM4
1
21
22
SIM5
SIM1
SIM2
SIM3
SIM4
1
21
22
SIM5
SIM1
SIM2
SIM3
SIM4
1
21
22
SIM5
SIM1
SIM2
SIM3
SIM4
1
21
22
SIM5
SIM1
SIM2
SIM3
SIM4
1
21
22
SIM5
SIM1
SIM2
SIM3
SIM4
1
21
22
SIM5
SIM1
SIM2
SIM3
SIM4
1
21
22
SIM5
SIM1
SIM2
SIM3
SIM4
1
21
22
SIM5
SIM1
SIM2
SIM3
SIM4
1
21
22
SIM5
SIM1
SIM2
SIM3
SIM4
1
21
22
SIM5
SIM1
SIM2
SIM3
SIM4
1
21
22
SIM5
SIM1
SIM2
SIM3
SIM4
1
21
22
SIM5
SIM1
SIM2
SIM3
SIM4
1
21
22
SIM5
SIM1
SIM2
SIM3
SIM4
1
21
22
SIM5
SIM1
SIM2
SIM3
SIM4
1
21
22
SIM5
SIM1
SIM2
SIM3
SIM4
1
21
22
SIM5
SIM1
SIM2
SIM3
SIM4
1
21
22
SIM5
SIM1
SIM2
SIM3
SIM4
1
21
22
SIM5
SIM1
SIM2
SIM3
SIM4
1
21
22
SIM5
SIM1
SIM2
SIM3
SIM4
1
21
22
SIM5
SIM1
SIM2
SIM3
SIM4
1
21
22
SIM5
SIM1
SIM2
SIM3
SIM4
1
21
22
SIM5
SIM1
SIM2
SIM3
SIM4
1
21
22
SIM5
SIM1
SIM2
SIM3
SIM4
1
21
22
SIM5
SIM1
SIM2
SIM3
SIM4
1
21
22
SIM5
SIM1
SIM2
SIM3
SIM4
1
21
22
SIM5
SIM1
SIM2
DEBUG 1 873
SIM1
SIM2
SIM3
SIM4
1
21
22
SIM5
SIM1
SIM2
SIM3
SIM4
1
21
22
SIM5
SIM1
SIM2
SIM3
SIM4
1
21
22
SIM5
SIM1
SIM2
SIM3
SIM4
1
21
22
SIM5
SIM1
SIM2
SIM3
SIM4
1
21
22
SIM5
SIM1
SIM2
SIM3
SIM4
1
21
22
SIM5
SIM1
SIM2
SIM3
SIM4
1
21
22
SIM5
SIM1
SIM2
SIM3
SIM4
1
21
22
SIM5
SIM1
SIM2
SIM3
SIM4
1
21
22
SIM5
SIM1
SIM2
SIM3
SIM4
1
21
22
SIM5
SIM1
SIM2
SIM3
SIM4
1
21
22
SIM5
SIM1
SIM2
SIM3
SIM4
1
21
22
SIM5
SIM1
SIM2
SIM3
SIM4
1
21
22
SIM5
SIM1
SIM2
SIM3
SIM4
1
21
22
SIM5
SIM1
SIM2
SIM3
SIM4
1
21
22
SIM5
SIM1
SIM2
SIM3
SIM4
1
21
22
SIM5
SIM1
SIM2
SIM3
SIM4
1
21
22
SIM5
SIM1
SIM2
SIM3
SIM4
1
21
22
SIM5
SIM1
SIM2
SIM3
SIM4
1
21
22
SIM5
SIM1
SIM2
SIM3
SIM4
1
21
22
SIM5
SIM1
SIM2
SIM3
SIM4
1
21
22
SIM5
SIM1
SIM2
SIM3
SIM4
1
21
22
SIM5
SIM1
SIM2
SIM3
SIM4
1
21
22
SIM5
SIM1
SIM2
SIM3
SIM4
1
21
22
SIM5
SIM1
SIM2
SIM3
SIM4
1
21
22
SIM5
SIM1
SIM2
SIM3
SIM4
1
21
22
SIM5
SIM1
SIM2
SIM3
SIM4
1
21
22
SIM5
SIM1
SIM2
SIM3
SIM4
1
21
22
SIM5
SIM1
SIM2
SIM3
SIM4
1
21
22
SIM5
SIM1
SIM2
SIM3
SIM4
1
21
22
SIM5
SIM1
SIM2
SIM3
SIM4
1
21
22
SIM5
SIM1
SIM2
SIM3
SIM4
1
21
22
SIM5
SIM1
SIM2
SIM3
SIM4
1
21
22
SIM5
SIM1
SIM2
SIM3
SIM4
1
21
22
SIM5
SIM1
SIM2
SIM3
SIM4
1
21
22
SIM5
SIM1
SIM2
SIM3
SIM4
1
21
22
SIM5
SIM1
SIM2
SIM3
SIM4
1
21
22
SIM5
SIM1
SIM2
SIM3
SIM4
1
21
22
SIM5
SIM1
SIM2
SIM3
SIM4
1
21
22
SIM5
SIM1
SIM2
SIM3
SIM4
1
21
22
SIM5
SIM1
SIM2
SIM3
SIM4
1
21
22
SIM5
SIM1
SIM2
SIM3
SIM4
1
21
22
SIM5
SIM1
SIM2
SIM3
SIM4
1
21
22
SIM5
SIM1
SIM2
SIM3
SIM4
1
21
22
SIM5
SIM1
SIM2
SIM3
SIM4
1
21
22
SIM5
SIM1
SIM2
SIM3
SIM4
1
21
22
SIM5
SIM1
SIM2
SIM3
SIM4
1
21
22
SIM5
SIM1
SIM2
SIM3
SIM4
1
21
22
SIM5
SIM1
SIM2
SIM3
SIM4
1
21
22
SIM5
SIM1
SIM2
SIM3
SIM4
1
21
22
SIM5
SIM1
SIM2
SIM3
SIM4
1
21
22
SIM5
SIM1
SIM2
SIM3
SIM4
1
21
22
SIM5
SIM1
SIM2
SIM3
SIM4
1
21
22
SIM5
SIM1
SIM2
SIM3
SIM4
1
21
22
SIM5
SIM1
SIM2
SIM3
SIM4
1
21
22
SIM5
SIM1
SIM2
SIM3
SIM4
1
21
22
SIM5
SIM1
SIM2
SIM3
SIM4
1
21
22
SIM5
SIM1
SIM2
SIM3
SIM4
1
21
22
SIM5
SIM1
SIM2
SIM3
SIM4
1
21
22
SIM5
SIM1
SIM2
SIM3
SIM4
1
21
22
SIM5
SIM1
SIM2
SIM3
SIM4
1
21
22
SIM5
SIM1
SIM2
SIM3
SIM4
1
21
22
SIM5
SIM1
SIM2
SIM3
SIM4
1
21
22
SIM5
SIM1
SIM2
SIM3
SIM4
1
21
22
SIM5
SIM1
SIM2
SIM3
SIM4
1
21
22
SIM5
SIM1
SIM2
SIM3
SIM4
1
21
22
SIM5
SIM1
SIM2
SIM3
SIM4
1
21
22
SIM5
SIM1
SIM2
SIM3
SIM4
1
21
22
SIM5
SIM1
SIM2
SIM3
SIM4
1
21
22
SIM5
SIM1
SIM2
SIM3
SIM4
1
21
22
SIM5
SIM1
SIM2
SIM3
SIM4
1
21
22
SIM5
SIM1
SIM2
SIM3
SIM4
1
21
22
SIM5
SIM1
SIM2
SIM3
SIM4
1
21
22
SIM5
SIM1
SIM2
SIM3
SIM4
1
21
22
SIM5
SIM1
SIM2
SIM3
SIM4
1
21
22
SIM5
SIM1
SIM2
SIM3
SIM4
1
21
22
SIM5
SIM1
SIM2
SIM3
SIM4
1
21
22
SIM5
SIM1
SIM2
SIM3
SIM4
1
21
22
SIM5
SIM1
SIM2
SIM3
SIM4
1
21
22
SIM5
SIM1
SIM2
SIM3
SIM4
1
21
22
SIM5
SIM1
SIM2
SIM3
SIM4
1
21
22
SIM5
SIM1
SIM2
SIM3
SIM4
1
21
22
SIM5
SIM1
SIM2
SIM3
SIM4
1
21
22
SIM5
SIM1
SIM2
SIM3
SIM4
1
21
22
SIM5
SIM1
SIM2
SIM3
SIM4
1
21
22
SIM5
SIM1
SIM2
SIM3
SIM4
1
21
22
SIM5
SIM1
SIM2
SIM3
SIM4
1
21
22
SIM5
SIM1
SIM2
SIM3
SIM4
1
21
22
SIM5
SIM1
SIM2
SIM3
SIM4
1
21
22
SIM5
SIM1
SIM2
SIM3
SIM4
1
21
22
SIM5
SIM1
SIM2
SIM3
SIM4
1
21
22
SIM5
SIM1
SIM2
SIM3
SIM4
1
21
22
SIM5
SIM1
SIM2
SIM3
SIM4
1
21
22
SIM5
SIM1
SIM2
SIM3
SIM4
1
21
22
SIM5
SIM1
SIM2
SIM3
SIM4
1
21
22
SIM5
SIM1
SIM2
SIM3
SIM4
1
21
22
SIM5
SIM1
SIM2
SIM3
SIM4
1
21
22
SIM5
SIM1
SIM2
SIM3
SIM4
1
21
22
SIM5
SIM1
SIM2
SIM3
SIM4
1
21
22
SIM5
SIM1
SIM2
SIM3
SIM4
1
21
22
SIM5
SIM1
SIM2
SIM3
SIM4
1
21
22
SIM5
SIM1
SIM2
SIM3
SIM4
1
21
22
SIM5
SIM1
SIM2
SIM3
SIM4
1
21
22
SIM5
SIM1
SIM2
SIM3
SIM4
1
21
22
SIM5
SIM1
SIM2
SIM3
SIM4
1
21
22
SIM5
SIM1
SIM2
SIM3
SIM4
1
21
22
SIM5
SIM1
SIM2
SIM3
SIM4
1
21
22
SIM5
SIM1
SIM2
SIM3
SIM4
1
21
22
SIM5
SIM1
SIM2
SIM3
SIM4
1
21
22
SIM5
SIM1
SIM2
SIM3
SIM4
1
21
22
SIM5
SIM1
SIM2
SIM3
SIM4
1
21
22
SIM5
SIM1
SIM2
SIM3
SIM4
1
21
22
SIM5
SIM1
SIM2
SIM3
SIM4
1
21
22
SIM5
SIM1
SIM2
DEBUG 1 874
SIM1
SIM2
SIM3
SIM4
1
21
22
SIM5
SIM1
SIM2
SIM3
SIM4
1
21
22
SIM5
SIM1
SIM2
SIM3
SIM4
1
21
22
SIM5
SIM1
SIM2
SIM3
SIM4
1
21
22
SIM5
SIM1
SIM2
SIM3
SIM4
1
21
22
SIM5
SIM1
SIM2
SIM3
SIM4
1
21
22
SIM5
SIM1
SIM2
SIM3
SIM4
1
21
22
SIM5
SIM1
SIM2
SIM3
SIM4
1
21
22
SIM5
SIM1
SIM2
SIM3
SIM4
1
21
22
SIM5
SIM1
SIM2
SIM3
SIM4
1
21
22
SIM5
SIM1
SIM2
SIM3
SIM4
1
21
22
SIM5
SIM1
SIM2
SIM3
SIM4
1
21
22
SIM5
SIM1
SIM2
SIM3
SIM4
1
21
22
SIM5
SIM1
SIM2
SIM3
SIM4
1
21
22
SIM5
SIM1
SIM2
SIM3
SIM4
1
21
22
SIM5
SIM1
SIM2
SIM3
SIM4
1
21
22
SIM5
SIM1
SIM2
SIM3
SIM4
1
21
22
SIM5
SIM1
SIM2
SIM3
SIM4
1
21
22
SIM5
SIM1
SIM2
SIM3
SIM4
1
21
22
SIM5
SIM1
SIM2
SIM3
SIM4
1
21
22
SIM5
SIM1
SIM2
SIM3
SIM4
1
21
22
SIM5
SIM1
SIM2
SIM3
SIM4
1
21
22
SIM5
SIM1
SIM2
SIM3
SIM4
1
21
22
SIM5
SIM1
SIM2
SIM3
SIM4
1
21
22
SIM5
SIM1
SIM2
SIM3
SIM4
1
21
22
SIM5
SIM1
SIM2
SIM3
SIM4
1
21
22
SIM5
SIM1
SIM2
SIM3
SIM4
1
21
22
SIM5
SIM1
SIM2
SIM3
SIM4
1
21
22
SIM5
SIM1
SIM2
SIM3
SIM4
1
21
22
SIM5
SIM1
SIM2
SIM3
SIM4
1
21
22
SIM5
SIM1
SIM2
SIM3
SIM4
1
21
22
SIM5
SIM1
SIM2
SIM3
SIM4
1
21
22
SIM5
SIM1
SIM2
SIM3
SIM4
1
21
22
SIM5
SIM1
SIM2
SIM3
SIM4
1
21
22
SIM5
SIM1
SIM2
SIM3
SIM4
1
21
22
SIM5
SIM1
SIM2
SIM3
SIM4
1
21
22
SIM5
SIM1
SIM2
SIM3
SIM4
1
21
22
SIM5
SIM1
SIM2
SIM3
SIM4
1
21
22
SIM5
SIM1
SIM2
SIM3
SIM4
1
21
22
SIM5
SIM1
SIM2
SIM3
SIM4
1
21
22
SIM5
SIM1
SIM2
SIM3
SIM4
1
21
22
SIM5
SIM1
SIM2
SIM3
SIM4
1
21
22
SIM5
SIM1
SIM2
SIM3
SIM4
1
21
22
SIM5
SIM1
SIM2
SIM3
SIM4
1
21
22
SIM5
SIM1
SIM2
SIM3
SIM4
1
21
22
SIM5
SIM1
SIM2
SIM3
SIM4
1
21
22
SIM5
SIM1
SIM2
SIM3
SIM4
1
21
22
SIM5
SIM1
SIM2
SIM3
SIM4
1
21
22
SIM5
SIM1
SIM2
SIM3
SIM4
1
21
22
SIM5
SIM1
SIM2
SIM3
SIM4
1
21
22
SIM5
SIM1
SIM2
SIM3
SIM4
1
21
22
SIM5
SIM1
SIM2
SIM3
SIM4
1
21
22
SIM5
SIM1
SIM2
SIM3
SIM4
1
21
22
SIM5
SIM1
SIM2
SIM3
SIM4
1
21
22
SIM5
SIM1
SIM2
SIM3
SIM4
1
21
22
SIM5
SIM1
SIM2
SIM3
SIM4
1
21
22
SIM5
SIM1
SIM2
SIM3
SIM4
1
21
22
SIM5
SIM1
SIM2
SIM3
SIM4
1
21
22
SIM5
SIM1
SIM2
SIM3
SIM4
1
21
22
SIM5
SIM1
SIM2
SIM3
SIM4
1
21
22
SIM5
SIM1
SIM2
SIM3
SIM4
1
21
22
SIM5
SIM1
SIM2
SIM3
SIM4
1
21
22
SIM5
SIM1
SIM2
SIM3
SIM4
1
21
22
SIM5
SIM1
SIM2
SIM3
SIM4
1
21
22
SIM5
SIM1
SIM2
SIM3
SIM4
1
21
22
SIM5
SIM1
SIM2
SIM3
SIM4
1
21
22
SIM5
SIM1
SIM2
SIM3
SIM4
1
21
22
SIM5
SIM1
SIM2
SIM3
SIM4
1
21
22
SIM5
SIM1
SIM2
SIM3
SIM4
1
21
22
SIM5
SIM1
SIM2
SIM3
SIM4
1
21
22
SIM5
SIM1
SIM2
SIM3
SIM4
1
21
22
SIM5
SIM1
SIM2
SIM3
SIM4
1
21
22
SIM5
SIM1
SIM2
SIM3
SIM4
1
21
22
SIM5
SIM1
SIM2
SIM3
SIM4
1
21
22
SIM5
SIM1
SIM2
SIM3
SIM4
1
21
22
SIM5
SIM1
SIM2
SIM3
SIM4
1
21
22
SIM5
SIM1
SIM2
SIM3
SIM4
1
21
22
SIM5
SIM1
SIM2
SIM3
SIM4
1
21
22
SIM5
SIM1
SIM2
SIM3
SIM4
1
21
22
SIM5
SIM1
SIM2
SIM3
SIM4
1
21
22
SIM5
SIM1
SIM2
SIM3
SIM4
1
21
22
SIM5
SIM1
SIM2
SIM3
SIM4
1
21
22
SIM5
SIM1
SIM2
SIM3
SIM4
1
21
22
SIM5
SIM1
SIM2
SIM3
SIM4
1
21
22
SIM5
SIM1
SIM2
SIM3
SIM4
1
21
22
SIM5
SIM1
SIM2
SIM3
SIM4
1
21
22
SIM5
SIM1
SIM2
SIM3
SIM4
1
21
22
SIM5
SIM1
SIM2
SIM3
SIM4
1
21
22
SIM5
SIM1
SIM2
SIM3
SIM4
1
21
22
SIM5
SIM1
SIM2
SIM3
SIM4
1
21
22
SIM5
SIM1
SIM2
SIM3
SIM4
1
21
22
SIM5
SIM1
SIM2
SIM3
SIM4
1
21
22
SIM5
SIM1
SIM2
SIM3
SIM4
1
21
22
SIM5
SIM1
SIM2
SIM3
SIM4
1
21
22
SIM5
SIM1
SIM2
SIM3
SIM4
1
21
22
SIM5
SIM1
SIM2
SIM3
SIM4
1
21
22
SIM5
SIM1
SIM2
SIM3
SIM4
1
21
22
SIM5
SIM1
SIM2
SIM3
SIM4
1
21
22
SIM5
SIM1
SIM2
SIM3
SIM4
1
21
22
SIM5
SIM1
SIM2
SIM3
SIM4
1
21
22
SIM5
SIM1
SIM2
SIM3
SIM4
1
21
22
SIM5
SIM1
SIM2
SIM3
SIM4
1
21
22
SIM5
SIM1
SIM2
SIM3
SIM4
1
21
22
SIM5
SIM1
SIM2
SIM3
SIM4
1
21
22
SIM5
SIM1
SIM2
SIM3
SIM4
1
21
22
SIM5
SIM1
SIM2
SIM3
SIM4
1
21
22
SIM5
SIM1
SIM2
SIM3
SIM4
1
21
22
SIM5
SIM1
SIM2
SIM3
SIM4
1
21
22
SIM5
SIM1
SIM2
SIM3
SIM4
1
21
22
SIM5
SIM1
SIM2
SIM3
SIM4
1
21
22
SIM5
SIM1
SIM2
SIM3
SIM4
1
21
22
SIM5
SIM1
SIM2
SIM3
SIM4
1
21
22
SIM5
SIM1
SIM2
SIM3
SIM4
1
21
22
SIM5
SIM1
SIM2
SIM3
SIM4
1
21
22
SIM5
SIM1
SIM2
SIM3
SIM4
1
21
22
SIM5
SIM1
SIM2
SIM3
SIM4
1
21
22
SIM5
SIM1
SIM2
SIM3
SIM4
1
21
22
SIM5
SIM1
SIM2
SIM3
SIM4
1
21
22
SIM5
SIM1
SIM2
SIM3
SIM4
1
21
22
SIM5
SIM1
SIM2
SIM3
SIM4
1
21
22
SIM5
SIM1
SIM2
SIM3
SIM4
1
21
22
SIM5
SIM1
SIM2
SIM3
SIM4
1
21
22
SIM5
SIM1
SIM2
SIM3
SIM4
1
21
22
SIM5
SIM1
SIM2
SIM3
SIM4
1
21
22
SIM5
SIM1
SIM2
SIM3
SIM4
1
21
22
SIM5
SIM1
SIM2
SIM3
SIM4
1
21
22
SIM5
SIM1
SIM2
SIM3
SIM4
1
21
22
SIM5
SIM1
SIM2
SIM3
SIM4
1
21
22
SIM5
SIM1
SIM2
SIM3
SIM4
1
21
22
SIM5
SIM1
SIM2
SIM3
SIM4
1
21
22
SIM5
SIM1
SIM2
SIM3
SIM4
1
21
22
SIM5
SIM1
SIM2
SIM3
SIM4
1
21
22
SIM5
SIM1
SIM2
SIM3
SIM4
1
21
22
SIM5
SIM1
SIM2
SIM3
SIM4
1
21
22
SIM5
SIM1
SIM2
SIM3
SIM4
1
21
22
SIM5
SIM1
SIM2
SIM3
SIM4
1
21
22
SIM5
SIM1
SIM2
SIM3
SIM4
1
21
22
SIM5
SIM1
SIM2
SIM3
SIM4
1
21
22
SIM5
SIM1
SIM2
SIM3
SIM4
1
21
22
SIM5
SIM1
SIM2
DEBUG 1 875
SIM1
SIM2
SIM3
SIM4
1
21
22
SIM5
SIM1
SIM2
SIM3
SIM4
1
21
22
SIM5
SIM1
SIM2
SIM3
SIM4
1
21
22
SIM5
SIM1
SIM2
SIM3
SIM4
1
21
22
SIM5
SIM1
SIM2
SIM3
SIM4
1
21
22
SIM5
SIM1
SIM2
SIM3
SIM4
1
21
22
SIM5
SIM1
SIM2
SIM3
SIM4
1
21
22
SIM5
SIM1
SIM2
SIM3
SIM4
1
21
22
SIM5
SIM1
SIM2
SIM3
SIM4
1
21
22
SIM5
SIM1
SIM2
SIM3
SIM4
1
21
22
SIM5
SIM1
SIM2
SIM3
SIM4
1
21
22
SIM5
SIM1
SIM2
SIM3
SIM4
1
21
22
SIM5
SIM1
SIM2
SIM3
SIM4
1
21
22
SIM5
SIM1
SIM2
SIM3
SIM4
1
21
22
SIM5
SIM1
SIM2
SIM3
SIM4
1
21
22
SIM5
SIM1
SIM2
SIM3
SIM4
1
21
22
SIM5
SIM1
SIM2
SIM3
SIM4
1
21
22
SIM5
SIM1
SIM2
SIM3
SIM4
1
21
22
SIM5
SIM1
SIM2
SIM3
SIM4
1
21
22
SIM5
SIM1
SIM2
SIM3
SIM4
1
21
22
SIM5
SIM1
SIM2
SIM3
SIM4
1
21
22
SIM5
SIM1
SIM2
SIM3
SIM4
1
21
22
SIM5
SIM1
SIM2
SIM3
SIM4
1
21
22
SIM5
SIM1
SIM2
SIM3
SIM4
1
21
22
SIM5
SIM1
SIM2
SIM3
SIM4
1
21
22
SIM5
SIM1
SIM2
SIM3
SIM4
1
21
22
SIM5
SIM1
SIM2
SIM3
SIM4
1
21
22
SIM5
SIM1
SIM2
SIM3
SIM4
1
21
22
SIM5
SIM1
SIM2
SIM3
SIM4
1
21
22
SIM5
SIM1
SIM2
SIM3
SIM4
1
21
22
SIM5
SIM1
SIM2
SIM3
SIM4
1
21
22
SIM5
SIM1
SIM2
SIM3
SIM4
1
21
22
SIM5
SIM1
SIM2
SIM3
SIM4
1
21
22
SIM5
SIM1
SIM2
SIM3
SIM4
1
21
22
SIM5
SIM1
SIM2
SIM3
SIM4
1
21
22
SIM5
SIM1
SIM2
SIM3
SIM4
1
21
22
SIM5
SIM1
SIM2
SIM3
SIM4
1
21
22
SIM5
SIM1
SIM2
SIM3
SIM4
1
21
22
SIM5
SIM1
SIM2
SIM3
SIM4
1
21
22
SIM5
SIM1
SIM2
SIM3
SIM4
1
21
22
SIM5
SIM1
SIM2
SIM3
SIM4
1
21
22
SIM5
SIM1
SIM2
SIM3
SIM4
1
21
22
SIM5
SIM1
SIM2
SIM3
SIM4
1
21
22
SIM5
SIM1
SIM2
SIM3
SIM4
1
21
22
SIM5
SIM1
SIM2
SIM3
SIM4
1
21
22
SIM5
SIM1
SIM2
SIM3
SIM4
1
21
22
SIM5
SIM1
SIM2
SIM3
SIM4
1
21
22
SIM5
SIM1
SIM2
SIM3
SIM4
1
21
22
SIM5
SIM1
SIM2
SIM3
SIM4
1
21
22
SIM5
SIM1
SIM2
SIM3
SIM4
1
21
22
SIM5
SIM1
SIM2
SIM3
SIM4
1
21
22
SIM5
SIM1
SIM2
SIM3
SIM4
1
21
22
SIM5
SIM1
SIM2
SIM3
SIM4
1
21
22
SIM5
SIM1
SIM2
SIM3
SIM4
1
21
22
SIM5
SIM1
SIM2
SIM3
SIM4
1
21
22
SIM5
SIM1
SIM2
SIM3
SIM4
1
21
22
SIM5
SIM1
SIM2
SIM3
SIM4
1
21
22
SIM5
SIM1
SIM2
SIM3
SIM4
1
21
22
SIM5
SIM1
SIM2
SIM3
SIM4
1
21
22
SIM5
SIM1
SIM2
SIM3
SIM4
1
21
22
SIM5
SIM1
SIM2
SIM3
SIM4
1
21
22
SIM5
SIM1
SIM2
SIM3
SIM4
1
21
22
SIM5
SIM1
SIM2
SIM3
SIM4
1
21
22
SIM5
SIM1
SIM2
SIM3
SIM4
1
21
22
SIM5
SIM1
SIM2
SIM3
SIM4
1
21
22
SIM5
SIM1
SIM2
SIM3
SIM4
1
21
22
SIM5
SIM1
SIM2
SIM3
SIM4
1
21
22
SIM5
SIM1
SIM2
SIM3
SIM4
1
21
22
SIM5
SIM1
SIM2
SIM3
SIM4
1
21
22
SIM5
SIM1
SIM2
SIM3
SIM4
1
21
22
SIM5
SIM1
SIM2
SIM3
SIM4
1
21
22
SIM5
SIM1
SIM2
SIM3
SIM4
1
21
22
SIM5
SIM1
SIM2
SIM3
SIM4
1
21
22
SIM5
SIM1
SIM2
SIM3
SIM4
1
21
22
SIM5
SIM1
SIM2
SIM3
SIM4
1
21
22
SIM5
SIM1
SIM2
SIM3
SIM4
1
21
22
SIM5
SIM1
SIM2
SIM3
SIM4
1
21
22
SIM5
SIM1
SIM2
SIM3
SIM4
1
21
22
SIM5
SIM1
SIM2
SIM3
SIM4
1
21
22
SIM5
SIM1
SIM2
SIM3
SIM4
1
21
22
SIM5
SIM1
SIM2
SIM3
SIM4
1
21
22
SIM5
SIM1
SIM2
SIM3
SIM4
1
21
22
SIM5
SIM1
SIM2
SIM3
SIM4
1
21
22
SIM5
SIM1
SIM2
SIM3
SIM4
1
21
22
SIM5
SIM1
SIM2
SIM3
SIM4
1
21
22
SIM5
SIM1
SIM2
SIM3
SIM4
1
21
22
SIM5
SIM1
SIM2
SIM3
SIM4
1
21
22
SIM5
SIM1
SIM2
SIM3
SIM4
1
21
22
SIM5
SIM1
SIM2
SIM3
SIM4
1
21
22
SIM5
SIM1
SIM2
SIM3
SIM4
1
21
22
SIM5
SIM1
SIM2
SIM3
SIM4
1
21
22
SIM5
SIM1
SIM2
SIM3
SIM4
1
21
22
SIM5
SIM1
SIM2
SIM3
SIM4
1
21
22
SIM5
SIM1
SIM2
SIM3
SIM4
1
21
22
SIM5
SIM1
SIM2
SIM3
SIM4
1
21
22
SIM5
SIM1
SIM2
SIM3
SIM4
1
21
22
SIM5
SIM1
SIM2
SIM3
SIM4
1
21
22
SIM5
SIM1
SIM2
SIM3
SIM4
1
21
22
SIM5
SIM1
SIM2
SIM3
SIM4
1
21
22
SIM5
SIM1
SIM2
SIM3
SIM4
1
21
22
SIM5
SIM1
SIM2
SIM3
SIM4
1
21
22
SIM5
SIM1
SIM2
SIM3
SIM4
1
21
22
SIM5
SIM1
SIM2
SIM3
SIM4
1
21
22
SIM5
SIM1
SIM2
SIM3
SIM4
1
21
22
SIM5
SIM1
SIM2
SIM3
SIM4
1
21
22
SIM5
SIM1
SIM2
SIM3
SIM4
1
21
22
SIM5
SIM1
SIM2
SIM3
SIM4
1
21
22
SIM5
SIM1
SIM2
SIM3
SIM4
1
21
22
SIM5
SIM1
SIM2
SIM3
SIM4
1
21
22
SIM5
SIM1
SIM2
SIM3
SIM4
1
21
22
SIM5
SIM1
SIM2
SIM3
SIM4
1
21
22
SIM5
SIM1
SIM2
SIM3
SIM4
1
21
22
SIM5
SIM1
SIM2
SIM3
SIM4
1
21
22
SIM5
SIM1
SIM2
SIM3
SIM4
1
21
22
SIM5
SIM1
SIM2
SIM3
SIM4
1
21
22
SIM5
SIM1
SIM2
SIM3
SIM4
1
21
22
SIM5
SIM1
SIM2
SIM3
SIM4
1
21
22
SIM5
SIM1
SIM2
SIM3
SIM4
1
21
22
SIM5
SIM1
SIM2
SIM3
SIM4
1
21
22
SIM5
SIM1
SIM2
SIM3
SIM4
1
21
22
SIM5
SIM1
SIM2
SIM3
SIM4
1
21
22
SIM5
SIM1
SIM2
SIM3
SIM4
1
21
22
SIM5
SIM1
SIM2
SIM3
SIM4
1
21
22
SIM5
SIM1
SIM2
SIM3
SIM4
1
21
22
SIM5
SIM1
SIM2
SIM3
SIM4
1
21
22
SIM5
SIM1
SIM2
SIM3
SIM4
1
21
22
SIM5
SIM1
SIM2
SIM3
SIM4
1
21
22
SIM5
SIM1
SIM2
SIM3
SIM4
1
21
22
SIM5
SIM1
SIM2
SIM3
SIM4
1
21
22
SIM5
SIM1
SIM2
SIM3
SIM4
1
21
22
SIM5
SIM1
SIM2
SIM3
SIM4
1
21
22
SIM5
SIM1
SIM2
SIM3
SIM4
1
21
22
SIM5
SIM1
SIM2
SIM3
SIM4
1
21
22
SIM5
SIM1
SIM2
SIM3
SIM4
1
21
22
SIM5
SIM1
SIM2
SIM3
SIM4
1
21
22
SIM5
SIM1
SIM2
SIM3
SIM4
1
21
22
SIM5
SIM1
SIM2
SIM3
SIM4
1
21
22
SIM5
SIM1
SIM2
SIM3
SIM4
1
21
22
SIM5
SIM1
SIM2
SIM3
SIM4
1
21
22
SIM5
SIM1
SIM2
SIM3
SIM4
1
21
22
SIM5
SIM1
SIM2
SIM3
SIM4
1
21
22
SIM5
SIM1
SIM2
SIM3
SIM4
1
21
22
SIM5
SIM1
SIM2
SIM3
SIM4
1
21
22
SIM5
SIM1
SIM2
SIM3
SIM4
1
21
22
SIM5
SIM1
SIM2
SIM3
SIM4
1
21
22
SIM5
SIM1
SIM2
SIM3
SIM4
1
21
22
SIM5
SIM1
SIM2
SIM3
SIM4
1
21
22
SIM5
SIM1
SIM2
SIM3
SIM4
1
21
22
SIM5
SIM1
SIM2
SIM3
SIM4
1
21
22
SIM5
SIM1
SIM2
SIM3
SIM4
1
21
22
SIM5
SIM1
SIM2
SIM3
SIM4
1
21
22
SIM5
SIM1
SIM2
SIM3
SIM4
1
21
22
SIM5
SIM1
SIM2
SIM3
SIM4
1
21
22
SIM5
SIM1
SIM2
SIM3
SIM4
1
21
22
SIM5
SIM1
SIM2
SIM3
SIM4
1
21
22
SIM5
SIM1
SIM2
SIM3
SIM4
1
21
22
SIM5
SIM1
SIM2
SIM3
SIM4
1
21
22
SIM5
SIM1
SIM2
SIM3
SIM4
1
21
22
SIM5
SIM1
SIM2
SIM3
SIM4
1
21
22
SIM5
SIM1
SIM2
SIM3
SIM4
1
21
22
SIM5
SIM1
SIM2
SIM3
SIM4
1
21
22
SIM5
SIM1
SIM2
SIM3
SIM4
1
21
22
SIM5
SIM1
SIM2
SIM3
SIM4
1
21
22
SIM5
SIM1
SIM2
SIM3
SIM4
1
21
22
SIM5
SIM1
SIM2
SIM3
SIM4
1
21
22
SIM5
SIM1
SIM2
SIM3
SIM4
1
21
22
SIM5
SIM1
SIM2
SIM3
SIM4
1
21
22
SIM5
SIM1
SIM2
SIM3
SIM4
1
21
22
SIM5
SIM1
SIM2
SIM3
SIM4
1
21
22
SIM5
SIM1
SIM2
SIM3
SIM4
1
21
22
SIM5
SIM1
SIM2
SIM3
SIM4
1
21
22
SIM5
SIM1
SIM2
SIM3
SIM4
1
21
22
SIM5
SIM1
SIM2
SIM3
SIM4
1
21
22
SIM5
SIM1
SIM2
SIM3
SIM4
1
21
22
SIM5
SIM1
SIM2
SIM3
SIM4
1
21
22
SIM5
SIM1
SIM2
SIM3
SIM4
1
21
22
SIM5
SIM1
SIM2
SIM3
SIM4
1
21
22
SIM5
SIM1
SIM2
SIM3
SIM4
1
21
22
SIM5
SIM1
SIM2
SIM3
SIM4
1
21
22
SIM5
SIM1
SIM2
SIM3
SIM4
1
21
22
SIM5
SIM1
SIM2
SIM3
SIM4
1
21
22
SIM5
SIM1
SIM2
SIM3
SIM4
1
21
22
SIM5
SIM1
SIM2
SIM3
SIM4
1
21
22
SIM5
SIM1
SIM2
SIM3
SIM4
1
21
22
SIM5
SIM1
SIM2
SIM3
SIM4
1
21
22
SIM5
SIM1
SIM2
SIM3
SIM4
1
21
22
SIM5
SIM1
SIM2
SIM3
SIM4
1
21
22
SIM5
SIM1
SIM2
SIM3
SIM4
1
21
22
SIM5
SIM1
SIM2
SIM3
SIM4
1
21
22
SIM5
SIM1
SIM2
SIM3
SIM4
1
21
22
SIM5
SIM1
SIM2
SIM3
SIM4
1
21
22
SIM5
SIM1
SIM2
SIM3
SIM4
1
21
22
SIM5
SIM1
SIM2
SIM3
SIM4
1
21
22
SIM5
SIM1
SIM2
SIM3
SIM4
1
21
22
SIM5
SIM1
SIM2
SIM3
SIM4
1
21
22
SIM5
SIM1
SIM2
SIM3
SIM4
1
21
22
SIM5
SIM1
SIM2
SIM3
SIM4
1
21
22
SIM5
SIM1
SIM2
SIM3
SIM4
1
21
22
SIM5
SIM1
SIM2
SIM3
SIM4
1
21
22
SIM5
SIM1
SIM2
SIM3
SIM4
1
21
22
SIM5
SIM1
SIM2
SIM3
SIM4
1
21
22
SIM5
SIM1
SIM2
SIM3
SIM4
1
21
22
SIM5
SIM1
SIM2
SIM3
SIM4
1
21
22
SIM5
SIM1
SIM2
SIM3
SIM4
1
21
22
SIM5
SIM1
SIM2
SIM3
SIM4
1
21
22
SIM5
SIM1
SIM2
SIM3
SIM4
1
21
22
SIM5
SIM1
SIM2
SIM3
SIM4
1
21
22
SIM5
SIM1
SIM2
SIM3
SIM4
1
21
22
SIM5
SIM1
SIM2
SIM3
SIM4
1
21
22
SIM5
SIM1
SIM2
SIM3
SIM4
1
21
22
SIM5
SIM1
SIM2
SIM3
SIM4
1
21
22
SIM5
SIM1
SIM2
SIM3
SIM4
1
21
22
SIM5
SIM1
SIM2
SIM3
SIM4
1
21
22
SIM5
SIM1
SIM2
SIM3
SIM4
1
21
22
SIM5
SIM1
SIM2
SIM3
SIM4
1
21
22
SIM5
SIM1
SIM2
SIM3
SIM4
1
21
22
SIM5
SIM1
SIM2
SIM3
SIM4
1
21
22
SIM5
SIM1
SIM2
SIM3
SIM4
1
21
22
SIM5
SIM1
SIM2
SIM3
SIM4
1
21
22
SIM5
SIM1
SIM2
SIM3
SIM4
1
21
22
SIM5
SIM1
SIM2
SIM3
SIM4
1
21
22
SIM5
SIM1
SIM2
SIM3
SIM4
1
21
22
SIM5
SIM1
SIM2
SIM3
SIM4
1
21
22
SIM5
SIM1
SIM2
SIM3
SIM4
1
21
22
SIM5
SIM1
SIM2
SIM3
SIM4
1
21
22
SIM5
SIM1
SIM2
SIM3
SIM4
1
21
22
SIM5
SIM1
SIM2
SIM3
SIM4
1
21
22
SIM5
SIM1
SIM2
SIM3
SIM4
1
21
22
SIM5
SIM1
SIM2
SIM3
SIM4
1
21
22
SIM5
SIM1
SIM2
SIM3
SIM4
1
21
22
SIM5
SIM1
SIM2
SIM3
SIM4
1
21
22
SIM5
SIM1
SIM2
SIM3
SIM4
1
21
22
SIM5
SIM1
SIM2
DEBUG 1 876
SIM1
SIM2
SIM3
SIM4
1
21
22
SIM5
SIM1
SIM2
SIM3
SIM4
1
21
22
SIM5
SIM1
SIM2
SIM3
SIM4
1
21
22
SIM5
SIM1
SIM2
SIM3
SIM4
1
21
22
SIM5
SIM1
SIM2
SIM3
SIM4
1
21
22
SIM5
SIM1
SIM2
SIM3
SIM4
1
21
22
SIM5
SIM1
SIM2
SIM3
SIM4
1
21
22
SIM5
SIM1
SIM2
SIM3
SIM4
1
21
22
SIM5
SIM1
SIM2
SIM3
SIM4
1
21
22
SIM5
SIM1
SIM2
SIM3
SIM4
1
21
22
SIM5
SIM1
SIM2
SIM3
SIM4
1
21
22
SIM5
SIM1
SIM2
SIM3
SIM4
1
21
22
SIM5
SIM1
SIM2
SIM3
SIM4
1
21
22
SIM5
SIM1
SIM2
SIM3
SIM4
1
21
22
SIM5
SIM1
SIM2
SIM3
SIM4
1
21
22
SIM5
SIM1
SIM2
SIM3
SIM4
1
21
22
SIM5
SIM1
SIM2
SIM3
SIM4
1
21
22
SIM5
SIM1
SIM2
SIM3
SIM4
1
21
22
SIM5
SIM1
SIM2
SIM3
SIM4
1
21
22
SIM5
SIM1
SIM2
SIM3
SIM4
1
21
22
SIM5
SIM1
SIM2
SIM3
SIM4
1
21
22
SIM5
SIM1
SIM2
SIM3
SIM4
1
21
22
SIM5
SIM1
SIM2
SIM3
SIM4
1
21
22
SIM5
SIM1
SIM2
SIM3
SIM4
1
21
22
SIM5
SIM1
SIM2
SIM3
SIM4
1
21
22
SIM5
SIM1
SIM2
SIM3
SIM4
1
21
22
SIM5
SIM1
SIM2
SIM3
SIM4
1
21
22
SIM5
SIM1
SIM2
SIM3
SIM4
1
21
22
SIM5
SIM1
SIM2
SIM3
SIM4
1
21
22
SIM5
SIM1
SIM2
SIM3
SIM4
1
21
22
SIM5
SIM1
SIM2
SIM3
SIM4
1
21
22
SIM5
SIM1
SIM2
SIM3
SIM4
1
21
22
SIM5
SIM1
SIM2
SIM3
SIM4
1
21
22
SIM5
SIM1
SIM2
SIM3
SIM4
1
21
22
SIM5
SIM1
SIM2
SIM3
SIM4
1
21
22
SIM5
SIM1
SIM2
SIM3
SIM4
1
21
22
SIM5
SIM1
SIM2
SIM3
SIM4
1
21
22
SIM5
SIM1
SIM2
SIM3
SIM4
1
21
22
SIM5
SIM1
SIM2
SIM3
SIM4
1
21
22
SIM5
SIM1
SIM2
SIM3
SIM4
1
21
22
SIM5
SIM1
SIM2
SIM3
SIM4
1
21
22
SIM5
SIM1
SIM2
SIM3
SIM4
1
21
22
SIM5
SIM1
SIM2
SIM3
SIM4
1
21
22
SIM5
SIM1
SIM2
SIM3
SIM4
1
21
22
SIM5
SIM1
SIM2
SIM3
SIM4
1
21
22
SIM5
SIM1
SIM2
SIM3
SIM4
1
21
22
SIM5
SIM1
SIM2
SIM3
SIM4
1
21
22
SIM5
SIM1
SIM2
SIM3
SIM4
1
21
22
SIM5
SIM1
SIM2
SIM3
SIM4
1
21
22
SIM5
SIM1
SIM2
SIM3
SIM4
1
21
22
SIM5
SIM1
SIM2
SIM3
SIM4
1
21
22
SIM5
SIM1
SIM2
SIM3
SIM4
1
21
22
SIM5
SIM1
SIM2
SIM3
SIM4
1
21
22
SIM5
SIM1
SIM2
SIM3
SIM4
1
21
22
SIM5
SIM1
SIM2
SIM3
SIM4
1
21
22
SIM5
SIM1
SIM2
SIM3
SIM4
1
21
22
SIM5
SIM1
SIM2
SIM3
SIM4
1
21
22
SIM5
SIM1
SIM2
SIM3
SIM4
1
21
22
SIM5
SIM1
SIM2
SIM3
SIM4
1
21
22
SIM5
SIM1
SIM2
SIM3
SIM4
1
21
22
SIM5
SIM1
SIM2
SIM3
SIM4
1
21
22
SIM5
SIM1
SIM2
SIM3
SIM4
1
21
22
SIM5
SIM1
SIM2
SIM3
SIM4
1
21
22
SIM5
SIM1
SIM2
SIM3
SIM4
1
21
22
SIM5
SIM1
SIM2
SIM3
SIM4
1
21
22
SIM5
SIM1
SIM2
SIM3
SIM4
1
21
22
SIM5
SIM1
SIM2
SIM3
SIM4
1
21
22
SIM5
SIM1
SIM2
SIM3
SIM4
1
21
22
SIM5
SIM1
SIM2
SIM3
SIM4
1
21
22
SIM5
SIM1
SIM2
SIM3
SIM4
1
21
22
SIM5
SIM1
SIM2
SIM3
SIM4
1
21
22
SIM5
SIM1
SIM2
SIM3
SIM4
1
21
22
SIM5
SIM1
SIM2
SIM3
SIM4
1
21
22
SIM5
SIM1
SIM2
SIM3
SIM4
1
21
22
SIM5
SIM1
SIM2
SIM3
SIM4
1
21
22
SIM5
SIM1
SIM2
SIM3
SIM4
1
21
22
SIM5
SIM1
SIM2
SIM3
SIM4
1
21
22
SIM5
SIM1
SIM2
SIM3
SIM4
1
21
22
SIM5
SIM1
SIM2
SIM3
SIM4
1
21
22
SIM5
SIM1
SIM2
SIM3
SIM4
1
21
22
SIM5
SIM1
SIM2
SIM3
SIM4
1
21
22
SIM5
SIM1
SIM2
SIM3
SIM4
1
21
22
SIM5
SIM1
SIM2
SIM3
SIM4
1
21
22
SIM5
SIM1
SIM2
SIM3
SIM4
1
21
22
SIM5
SIM1
SIM2
SIM3
SIM4
1
21
22
SIM5
SIM1
SIM2
SIM3
SIM4
1
21
22
SIM5
SIM1
SIM2
SIM3
SIM4
1
21
22
SIM5
SIM1
SIM2
SIM3
SIM4
1
21
22
SIM5
SIM1
SIM2
SIM3
SIM4
1
21
22
SIM5
SIM1
SIM2
SIM3
SIM4
1
21
22
SIM5
SIM1
SIM2
SIM3
SIM4
1
21
22
SIM5
SIM1
SIM2
SIM3
SIM4
1
21
22
SIM5
SIM1
SIM2
SIM3
SIM4
1
21
22
SIM5
SIM1
SIM2
SIM3
SIM4
1
21
22
SIM5
SIM1
SIM2
SIM3
SIM4
1
21
22
SIM5
SIM1
SIM2
SIM3
SIM4
1
21
22
SIM5
SIM1
SIM2
SIM3
SIM4
1
21
22
SIM5
SIM1
SIM2
SIM3
SIM4
1
21
22
SIM5
SIM1
SIM2
SIM3
SIM4
1
21
22
SIM5
SIM1
SIM2
SIM3
SIM4
1
21
22
SIM5
SIM1
SIM2
SIM3
SIM4
1
21
22
SIM5
SIM1
SIM2
SIM3
SIM4
1
21
22
SIM5
SIM1
SIM2
SIM3
SIM4
1
21
22
SIM5
SIM1
SIM2
SIM3
SIM4
1
21
22
SIM5
SIM1
SIM2
SIM3
SIM4
1
21
22
SIM5
SIM1
SIM2
SIM3
SIM4
1
21
22
SIM5
SIM1
SIM2
SIM3
SIM4
1
21
22
SIM5
SIM1
SIM2
SIM3
SIM4
1
21
22
SIM5
SIM1
SIM2
SIM3
SIM4
1
21
22
SIM5
SIM1
SIM2
SIM3
SIM4
1
21
22
SIM5
SIM1
SIM2
SIM3
SIM4
1
21
22
SIM5
SIM1
SIM2
SIM3
SIM4
1
21
22
SIM5
SIM1
SIM2
SIM3
SIM4
1
21
22
SIM5
SIM1
SIM2
SIM3
SIM4
1
21
22
SIM5
SIM1
SIM2
SIM3
SIM4
1
21
22
SIM5
SIM1
SIM2
SIM3
SIM4
1
21
22
SIM5
SIM1
SIM2
SIM3
SIM4
1
21
22
SIM5
SIM1
SIM2
SIM3
SIM4
1
21
22
SIM5
SIM1
SIM2
SIM3
SIM4
1
21
22
SIM5
SIM1
SIM2
SIM3
SIM4
1
21
22
SIM5
SIM1
SIM2
SIM3
SIM4
1
21
22
SIM5
SIM1
SIM2
SIM3
SIM4
1
21
22
SIM5
SIM1
SIM2
SIM3
SIM4
1
21
22
SIM5
SIM1
SIM2
SIM3
SIM4
1
21
22
SIM5
SIM1
SIM2
SIM3
SIM4
1
21
22
SIM5
SIM1
SIM2
SIM3
SIM4
1
21
22
SIM5
SIM1
SIM2
SIM3
SIM4
1
21
22
SIM5
SIM1
SIM2
SIM3
SIM4
1
21
22
SIM5
SIM1
SIM2
SIM3
SIM4
1
21
22
SIM5
SIM1
SIM2
SIM3
SIM4
1
21
22
SIM5
SIM1
SIM2
SIM3
SIM4
1
21
22
SIM5
SIM1
SIM2
SIM3
SIM4
1
21
22
SIM5
SIM1
SIM2
SIM3
SIM4
1
21
22
SIM5
SIM1
SIM2
SIM3
SIM4
1
21
22
SIM5
SIM1
SIM2
SIM3
SIM4
1
21
22
SIM5
SIM1
SIM2
SIM3
SIM4
1
21
22
SIM5
SIM1
SIM2
SIM3
SIM4
1
21
22
SIM5
SIM1
SIM2
SIM3
SIM4
1
21
22
SIM5
SIM1
SIM2
SIM3
SIM4
1
21
22
SIM5
SIM1
SIM2
SIM3
SIM4
1
21
22
SIM5
SIM1
SIM2
SIM3
SIM4
1
21
22
SIM5
SIM1
SIM2
SIM3
SIM4
1
21
22
SIM5
SIM1
SIM2
SIM3
SIM4
1
21
22
SIM5
SIM1
SIM2
SIM3
SIM4
1
21
22
SIM5
SIM1
SIM2
SIM3
SIM4
1
21
22
SIM5
SIM1
SIM2
SIM3
SIM4
1
21
22
SIM5
SIM1
SIM2
SIM3
SIM4
1
21
22
SIM5
SIM1
SIM2
SIM3
SIM4
1
21
22
SIM5
SIM1
SIM2
SIM3
SIM4
1
21
22
SIM5
SIM1
SIM2
SIM3
SIM4
1
21
22
SIM5
SIM1
SIM2
SIM3
SIM4
1
21
22
SIM5
SIM1
SIM2
SIM3
SIM4
1
21
22
SIM5
SIM1
SIM2
SIM3
SIM4
1
21
22
SIM5
SIM1
SIM2
SIM3
SIM4
1
21
22
SIM5
SIM1
SIM2
SIM3
SIM4
1
21
22
SIM5
SIM1
SIM2
SIM3
SIM4
1
21
22
SIM5
SIM1
SIM2
SIM3
SIM4
1
21
22
SIM5
SIM1
SIM2
SIM3
SIM4
1
21
22
SIM5
SIM1
SIM2
SIM3
SIM4
1
21
22
SIM5
SIM1
SIM2
SIM3
SIM4
1
21
22
SIM5
SIM1
SIM2
SIM3
SIM4
1
21
22
SIM5
SIM1
SIM2
SIM3
SIM4
1
21
22
SIM5
SIM1
SIM2
SIM3
SIM4
1
21
22
SIM5
SIM1
SIM2
SIM3
SIM4
1
21
22
SIM5
SIM1
SIM2
SIM3
SIM4
1
21
22
SIM5
SIM1
SIM2
SIM3
SIM4
1
21
22
SIM5
SIM1
SIM2
SIM3
SIM4
1
21
22
SIM5
SIM1
SIM2
SIM3
SIM4
1
21
22
SIM5
SIM1
SIM2
SIM3
SIM4
1
21
22
SIM5
SIM1
SIM2
SIM3
SIM4
1
21
22
SIM5
SIM1
SIM2
SIM3
SIM4
1
21
22
SIM5
SIM1
SIM2
SIM3
SIM4
1
21
22
SIM5
SIM1
SIM2
SIM3
SIM4
1
21
22
SIM5
SIM1
SIM2
SIM3
SIM4
1
21
22
SIM5
SIM1
SIM2
SIM3
SIM4
1
21
22
SIM5
SIM1
SIM2
SIM3
SIM4
1
21
22
SIM5
SIM1
SIM2
SIM3
SIM4
1
21
22
SIM5
SIM1
SIM2
SIM3
SIM4
1
21
22
SIM5
SIM1
SIM2
SIM3
SIM4
1
21
22
SIM5
SIM1
SIM2
SIM3
SIM4
1
21
22
SIM5
SIM1
SIM2
SIM3
SIM4
1
21
22
SIM5
SIM1
SIM2
SIM3
SIM4
1
21
22
SIM5
SIM1
SIM2
SIM3
SIM4
1
21
22
SIM5
SIM1
SIM2
SIM3
SIM4
1
21
22
SIM5
SIM1
SIM2
SIM3
SIM4
1
21
22
SIM5
SIM1
SIM2
SIM3
SIM4
1
21
22
SIM5
SIM1
SIM2
SIM3
SIM4
1
21
22
SIM5
SIM1
SIM2
SIM3
SIM4
1
21
22
SIM5
SIM1
SIM2
SIM3
SIM4
1
21
22
SIM5
SIM1
SIM2
SIM3
SIM4
1
21
22
SIM5
SIM1
SIM2
SIM3
SIM4
1
21
22
SIM5
SIM1
SIM2
SIM3
SIM4
1
21
22
SIM5
SIM1
SIM2
SIM3
SIM4
1
21
22
SIM5
SIM1
SIM2
SIM3
SIM4
1
21
22
SIM5
SIM1
SIM2
SIM3
SIM4
1
21
22
SIM5
SIM1
SIM2
SIM3
SIM4
1
21
22
SIM5
SIM1
SIM2
SIM3
SIM4
1
21
22
SIM5
SIM1
SIM2
SIM3
SIM4
1
21
22
SIM5
SIM1
SIM2
SIM3
SIM4
1
21
22
SIM5
SIM1
SIM2
SIM3
SIM4
1
21
22
SIM5
SIM1
SIM2
SIM3
SIM4
1
21
22
SIM5
SIM1
SIM2
SIM3
SIM4
1
21
22
SIM5
SIM1
SIM2
SIM3
SIM4
1
21
22
SIM5
SIM1
SIM2
SIM3
SIM4
1
21
22
SIM5
SIM1
SIM2
SIM3
SIM4
1
21
22
SIM5
SIM1
SIM2
SIM3
SIM4
1
21
22
SIM5
SIM1
SIM2
SIM3
SIM4
1
21
22
SIM5
SIM1
SIM2
SIM3
SIM4
1
21
22
SIM5
SIM1
SIM2
SIM3
SIM4
1
21
22
SIM5
SIM1
SIM2
SIM3
SIM4
1
21
22
SIM5
SIM1
SIM2
SIM3
SIM4
1
21
22
SIM5
SIM1
SIM2
SIM3
SIM4
1
21
22
SIM5
SIM1
SIM2
SIM3
SIM4
1
21
22
SIM5
SIM1
SIM2
SIM3
SIM4
1
21
22
SIM5
SIM1
SIM2
SIM3
SIM4
1
21
22
SIM5
SIM1
SIM2
SIM3
SIM4
1
21
22
SIM5
SIM1
SIM2
SIM3
SIM4
1
21
22
SIM5
SIM1
SIM2
SIM3
SIM4
1
21
22
SIM5
SIM1
SIM2
SIM3
SIM4
1
21
22
SIM5
SIM1
SIM2
SIM3
SIM4
1
21
22
SIM5
SIM1
SIM2
SIM3
SIM4
1
21
22
SIM5
SIM1
SIM2
SIM3
SIM4
1
21
22
SIM5
SIM1
SIM2
SIM3
SIM4
1
21
22
SIM5
SIM1
SIM2
SIM3
SIM4
1
21
22
SIM5
SIM1
SIM2
SIM3
SIM4
1
21
22
SIM5
SIM1
SIM2
SIM3
SIM4
1
21
22
SIM5
SIM1
SIM2
SIM3
SIM4
1
21
22
SIM5
SIM1
SIM2
SIM3
SIM4
1
21
22
SIM5
SIM1
SIM2
SIM3
SIM4
1
21
22
SIM5
SIM1
SIM2
SIM3
SIM4
1
21
22
SIM5
SIM1
SIM2
SIM3
SIM4
1
21
22
SIM5
SIM1
SIM2
SIM3
SIM4
1
21
22
SIM5
SIM1
SIM2
SIM3
SIM4
1
21
22
SIM5
SIM1
SIM2
SIM3
SIM4
1
21
22
SIM5
SIM1
SIM2
SIM3
SIM4
1
21
22
SIM5
SIM1
SIM2
SIM3
SIM4
1
21
22
SIM5
SIM1
SIM2
SIM3
SIM4
1
21
22
SIM5
SIM1
SIM2
SIM3
SIM4
1
21
22
SIM5
SIM1
SIM2
SIM3
SIM4
1
21
22
SIM5
SIM1
SIM2
SIM3
SIM4
1
21
22
SIM5
SIM1
SIM2
SIM3
SIM4
1
21
22
SIM5
SIM1
SIM2
SIM3
SIM4
1
21
22
SIM5
SIM1
SIM2
SIM3
SIM4
1
21
22
SIM5
SIM1
SIM2
SIM3
SIM4
1
21
22
SIM5
SIM1
SIM2
SIM3
SIM4
1
21
22
SIM5
SIM1
SIM2
SIM3
SIM4
1
21
22
SIM5
SIM1
SIM2
SIM3
SIM4
1
21
22
SIM5
SIM1
SIM2
SIM3
SIM4
1
21
22
SIM5
SIM1
SIM2
SIM3
SIM4
1
21
22
SIM5
SIM1
SIM2
SIM3
SIM4
1
21
22
SIM5
SIM1
SIM2
SIM3
SIM4
1
21
22
SIM5
SIM1
SIM2
SIM3
SIM4
1
21
22
SIM5
SIM1
SIM2
SIM3
SIM4
1
21
22
SIM5
SIM1
SIM2
SIM3
SIM4
1
21
22
SIM5
SIM1
SIM2
SIM3
SIM4
1
21
22
SIM5
SIM1
SIM2
SIM3
SIM4
1
21
22
SIM5
SIM1
SIM2
SIM3
SIM4
1
21
22
SIM5
SIM1
SIM2
SIM3
SIM4
1
21
22
SIM5
SIM1
SIM2
SIM3
SIM4
1
21
22
SIM5
SIM1
SIM2
SIM3
SIM4
1
21
22
SIM5
SIM1
SIM2
SIM3
SIM4
1
21
22
SIM5
SIM1
SIM2
SIM3
SIM4
1
21
22
SIM5
SIM1
SIM2
SIM3
SIM4
1
21
22
SIM5
SIM1
SIM2
SIM3
SIM4
1
21
22
SIM5
SIM1
SIM2
SIM3
SIM4
1
21
22
SIM5
SIM1
SIM2
SIM3
SIM4
1
21
22
SIM5
SIM1
SIM2
SIM3
SIM4
1
21
22
SIM5
SIM1
SIM2
SIM3
SIM4
1
21
22
SIM5
SIM1
SIM2
SIM3
SIM4
1
21
22
SIM5
SIM1
SIM2
SIM3
SIM4
1
21
22
SIM5
SIM1
SIM2
SIM3
SIM4
1
21
22
SIM5
SIM1
SIM2
SIM3
SIM4
1
21
22
SIM5
SIM1
SIM2
SIM3
SIM4
1
21
22
SIM5
SIM1
SIM2
SIM3
SIM4
1
21
22
SIM5
SIM1
SIM2
SIM3
SIM4
1
21
22
SIM5
SIM1
SIM2
SIM3
SIM4
1
21
22
SIM5
SIM1
SIM2
SIM3
SIM4
1
21
22
SIM5
SIM1
SIM2
SIM3
SIM4
1
21
22
SIM5
SIM1
SIM2
SIM3
SIM4
1
21
22
SIM5
SIM1
SIM2
SIM3
SIM4
1
21
22
SIM5
SIM1
SIM2
SIM3
SIM4
1
21
22
SIM5
SIM1
SIM2
SIM3
SIM4
1
21
22
SIM5
SIM1
SIM2
SIM3
SIM4
1
21
22
SIM5
SIM1
SIM2
SIM3
SIM4
1
21
22
SIM5
SIM1
SIM2
SIM3
SIM4
1
21
22
SIM5
SIM1
SIM2
SIM3
SIM4
1
21
22
SIM5
SIM1
SIM2
SIM3
SIM4
1
21
22
SIM5
SIM1
SIM2
SIM3
SIM4
1
21
22
SIM5
SIM1
SIM2
SIM3
SIM4
1
21
22
SIM5
SIM1
SIM2
SIM3
SIM4
1
21
22
SIM5
SIM1
SIM2
SIM3
SIM4
1
21
22
SIM5
SIM1
SIM2
SIM3
SIM4
1
21
22
SIM5
SIM1
SIM2
SIM3
SIM4
1
21
22
SIM5
SIM1
SIM2
SIM3
SIM4
1
21
22
SIM5
SIM1
SIM2
SIM3
SIM4
1
21
22
SIM5
SIM1
SIM2
SIM3
SIM4
1
21
22
SIM5
SIM1
SIM2
SIM3
SIM4
1
21
22
SIM5
SIM1
SIM2
DEBUG 1 877
SIM1
SIM2
SIM3
SIM4
1
21
22
SIM5
SIM1
SIM2
SIM3
SIM4
1
21
22
SIM5
SIM1
SIM2
SIM3
SIM4
1
21
22
SIM5
SIM1
SIM2
SIM3
SIM4
1
21
22
SIM5
SIM1
SIM2
SIM3
SIM4
1
21
22
SIM5
SIM1
SIM2
SIM3
SIM4
1
21
22
SIM5
SIM1
SIM2
SIM3
SIM4
1
21
22
SIM5
SIM1
SIM2
SIM3
SIM4
1
21
22
SIM5
SIM1
SIM2
SIM3
SIM4
1
21
22
SIM5
SIM1
SIM2
SIM3
SIM4
1
21
22
SIM5
SIM1
SIM2
SIM3
SIM4
1
21
22
SIM5
SIM1
SIM2
SIM3
SIM4
1
21
22
SIM5
SIM1
SIM2
SIM3
SIM4
1
21
22
SIM5
SIM1
SIM2
SIM3
SIM4
1
21
22
SIM5
SIM1
SIM2
SIM3
SIM4
1
21
22
SIM5
SIM1
SIM2
SIM3
SIM4
1
21
22
SIM5
SIM1
SIM2
SIM3
SIM4
1
21
22
SIM5
SIM1
SIM2
SIM3
SIM4
1
21
22
SIM5
SIM1
SIM2
SIM3
SIM4
1
21
22
SIM5
SIM1
SIM2
SIM3
SIM4
1
21
22
SIM5
SIM1
SIM2
SIM3
SIM4
1
21
22
SIM5
SIM1
SIM2
SIM3
SIM4
1
21
22
SIM5
SIM1
SIM2
SIM3
SIM4
1
21
22
SIM5
SIM1
SIM2
SIM3
SIM4
1
21
22
SIM5
SIM1
SIM2
SIM3
SIM4
1
21
22
SIM5
SIM1
SIM2
SIM3
SIM4
1
21
22
SIM5
SIM1
SIM2
SIM3
SIM4
1
21
22
SIM5
SIM1
SIM2
SIM3
SIM4
1
21
22
SIM5
SIM1
SIM2
SIM3
SIM4
1
21
22
SIM5
SIM1
SIM2
SIM3
SIM4
1
21
22
SIM5
SIM1
SIM2
SIM3
SIM4
1
21
22
SIM5
SIM1
SIM2
SIM3
SIM4
1
21
22
SIM5
SIM1
SIM2
SIM3
SIM4
1
21
22
SIM5
SIM1
SIM2
SIM3
SIM4
1
21
22
SIM5
SIM1
SIM2
SIM3
SIM4
1
21
22
SIM5
SIM1
SIM2
SIM3
SIM4
1
21
22
SIM5
SIM1
SIM2
SIM3
SIM4
1
21
22
SIM5
SIM1
SIM2
SIM3
SIM4
1
21
22
SIM5
SIM1
SIM2
SIM3
SIM4
1
21
22
SIM5
SIM1
SIM2
SIM3
SIM4
1
21
22
SIM5
SIM1
SIM2
SIM3
SIM4
1
21
22
SIM5
SIM1
SIM2
SIM3
SIM4
1
21
22
SIM5
SIM1
SIM2
SIM3
SIM4
1
21
22
SIM5
SIM1
SIM2
SIM3
SIM4
1
21
22
SIM5
SIM1
SIM2
SIM3
SIM4
1
21
22
SIM5
SIM1
SIM2
SIM3
SIM4
1
21
22
SIM5
SIM1
SIM2
SIM3
SIM4
1
21
22
SIM5
SIM1
SIM2
SIM3
SIM4
1
21
22
SIM5
SIM1
SIM2
SIM3
SIM4
1
21
22
SIM5
SIM1
SIM2
SIM3
SIM4
1
21
22
SIM5
SIM1
SIM2
SIM3
SIM4
1
21
22
SIM5
SIM1
SIM2
SIM3
SIM4
1
21
22
SIM5
SIM1
SIM2
SIM3
SIM4
1
21
22
SIM5
SIM1
SIM2
SIM3
SIM4
1
21
22
SIM5
SIM1
SIM2
SIM3
SIM4
1
21
22
SIM5
SIM1
SIM2
SIM3
SIM4
1
21
22
SIM5
SIM1
SIM2
SIM3
SIM4
1
21
22
SIM5
SIM1
SIM2
SIM3
SIM4
1
21
22
SIM5
SIM1
SIM2
SIM3
SIM4
1
21
22
SIM5
SIM1
SIM2
SIM3
SIM4
1
21
22
SIM5
SIM1
SIM2
SIM3
SIM4
1
21
22
SIM5
SIM1
SIM2
SIM3
SIM4
1
21
22
SIM5
SIM1
SIM2
SIM3
SIM4
1
21
22
SIM5
SIM1
SIM2
SIM3
SIM4
1
21
22
SIM5
SIM1
SIM2
SIM3
SIM4
1
21
22
SIM5
SIM1
SIM2
SIM3
SIM4
1
21
22
SIM5
SIM1
SIM2
SIM3
SIM4
1
21
22
SIM5
SIM1
SIM2
SIM3
SIM4
1
21
22
SIM5
SIM1
SIM2
SIM3
SIM4
1
21
22
SIM5
SIM1
SIM2
SIM3
SIM4
1
21
22
SIM5
SIM1
SIM2
SIM3
SIM4
1
21
22
SIM5
SIM1
SIM2
SIM3
SIM4
1
21
22
SIM5
SIM1
SIM2
SIM3
SIM4
1
21
22
SIM5
SIM1
SIM2
SIM3
SIM4
1
21
22
SIM5
SIM1
SIM2
SIM3
SIM4
1
21
22
SIM5
SIM1
SIM2
SIM3
SIM4
1
21
22
SIM5
SIM1
SIM2
SIM3
SIM4
1
21
22
SIM5
SIM1
SIM2
SIM3
SIM4
1
21
22
SIM5
SIM1
SIM2
SIM3
SIM4
1
21
22
SIM5
SIM1
SIM2
SIM3
SIM4
1
21
22
SIM5
SIM1
SIM2
SIM3
SIM4
1
21
22
SIM5
SIM1
SIM2
SIM3
SIM4
1
21
22
SIM5
SIM1
SIM2
SIM3
SIM4
1
21
22
SIM5
SIM1
SIM2
SIM3
SIM4
1
21
22
SIM5
SIM1
SIM2
SIM3
SIM4
1
21
22
SIM5
SIM1
SIM2
SIM3
SIM4
1
21
22
SIM5
SIM1
SIM2
SIM3
SIM4
1
21
22
SIM5
SIM1
SIM2
SIM3
SIM4
1
21
22
SIM5
SIM1
SIM2
SIM3
SIM4
1
21
22
SIM5
SIM1
SIM2
SIM3
SIM4
1
21
22
SIM5
SIM1
SIM2
SIM3
SIM4
1
21
22
SIM5
SIM1
SIM2
SIM3
SIM4
1
21
22
SIM5
SIM1
SIM2
SIM3
SIM4
1
21
22
SIM5
SIM1
SIM2
SIM3
SIM4
1
21
22
SIM5
SIM1
SIM2
SIM3
SIM4
1
21
22
SIM5
SIM1
SIM2
SIM3
SIM4
1
21
22
SIM5
SIM1
SIM2
SIM3
SIM4
1
21
22
SIM5
SIM1
SIM2
SIM3
SIM4
1
21
22
SIM5
SIM1
SIM2
SIM3
SIM4
1
21
22
SIM5
SIM1
SIM2
SIM3
SIM4
1
21
22
SIM5
SIM1
SIM2
SIM3
SIM4
1
21
22
SIM5
SIM1
SIM2
SIM3
SIM4
1
21
22
SIM5
SIM1
SIM2
SIM3
SIM4
1
21
22
SIM5
SIM1
SIM2
SIM3
SIM4
1
21
22
SIM5
SIM1
SIM2
SIM3
SIM4
1
21
22
SIM5
SIM1
SIM2
SIM3
SIM4
1
21
22
SIM5
SIM1
SIM2
SIM3
SIM4
1
21
22
SIM5
SIM1
SIM2
SIM3
SIM4
1
21
22
SIM5
SIM1
SIM2
SIM3
SIM4
1
21
22
SIM5
SIM1
SIM2
SIM3
SIM4
1
21
22
SIM5
SIM1
SIM2
SIM3
SIM4
1
21
22
SIM5
SIM1
SIM2
SIM3
SIM4
1
21
22
SIM5
SIM1
SIM2
SIM3
SIM4
1
21
22
SIM5
SIM1
SIM2
SIM3
SIM4
1
21
22
SIM5
SIM1
SIM2
SIM3
SIM4
1
21
22
SIM5
SIM1
SIM2
SIM3
SIM4
1
21
22
SIM5
SIM1
SIM2
SIM3
SIM4
1
21
22
SIM5
SIM1
SIM2
SIM3
SIM4
1
21
22
SIM5
SIM1
SIM2
SIM3
SIM4
1
21
22
SIM5
SIM1
SIM2
SIM3
SIM4
1
21
22
SIM5
SIM1
SIM2
SIM3
SIM4
1
21
22
SIM5
SIM1
SIM2
SIM3
SIM4
1
21
22
SIM5
SIM1
SIM2
SIM3
SIM4
1
21
22
SIM5
SIM1
SIM2
SIM3
SIM4
1
21
22
SIM5
SIM1
SIM2
SIM3
SIM4
1
21
22
SIM5
SIM1
SIM2
SIM3
SIM4
1
21
22
SIM5
SIM1
SIM2
SIM3
SIM4
1
21
22
SIM5
SIM1
SIM2
SIM3
SIM4
1
21
22
SIM5
SIM1
SIM2
SIM3
SIM4
1
21
22
SIM5
SIM1
SIM2
SIM3
SIM4
1
21
22
SIM5
SIM1
SIM2
SIM3
SIM4
1
21
22
SIM5
SIM1
SIM2
SIM3
SIM4
1
21
22
SIM5
SIM1
SIM2
SIM3
SIM4
1
21
22
SIM5
SIM1
SIM2
SIM3
SIM4
1
21
22
SIM5
SIM1
SIM2
SIM3
SIM4
1
21
22
SIM5
SIM1
SIM2
SIM3
SIM4
1
21
22
SIM5
SIM1
SIM2
DEBUG 1 878
SIM1
SIM2
SIM3
SIM4
1
21
22
SIM5
SIM1
SIM2
SIM3
SIM4
1
21
22
SIM5
SIM1
SIM2
SIM3
SIM4
1
21
22
SIM5
SIM1
SIM2
SIM3
SIM4
1
21
22
SIM5
SIM1
SIM2
SIM3
SIM4
1
21
22
SIM5
SIM1
SIM2
SIM3
SIM4
1
21
22
SIM5
SIM1
SIM2
SIM3
SIM4
1
21
22
SIM5
SIM1
SIM2
SIM3
SIM4
1
21
22
SIM5
SIM1
SIM2
SIM3
SIM4
1
21
22
SIM5
SIM1
SIM2
SIM3
SIM4
1
21
22
SIM5
SIM1
SIM2
SIM3
SIM4
1
21
22
SIM5
SIM1
SIM2
SIM3
SIM4
1
21
22
SIM5
SIM1
SIM2
SIM3
SIM4
1
21
22
SIM5
SIM1
SIM2
SIM3
SIM4
1
21
22
SIM5
SIM1
SIM2
SIM3
SIM4
1
21
22
SIM5
SIM1
SIM2
SIM3
SIM4
1
21
22
SIM5
SIM1
SIM2
SIM3
SIM4
1
21
22
SIM5
SIM1
SIM2
SIM3
SIM4
1
21
22
SIM5
SIM1
SIM2
SIM3
SIM4
1
21
22
SIM5
SIM1
SIM2
SIM3
SIM4
1
21
22
SIM5
SIM1
SIM2
SIM3
SIM4
1
21
22
SIM5
SIM1
SIM2
SIM3
SIM4
1
21
22
SIM5
SIM1
SIM2
SIM3
SIM4
1
21
22
SIM5
SIM1
SIM2
SIM3
SIM4
1
21
22
SIM5
SIM1
SIM2
SIM3
SIM4
1
21
22
SIM5
SIM1
SIM2
SIM3
SIM4
1
21
22
SIM5
SIM1
SIM2
SIM3
SIM4
1
21
22
SIM5
SIM1
SIM2
SIM3
SIM4
1
21
22
SIM5
SIM1
SIM2
SIM3
SIM4
1
21
22
SIM5
SIM1
SIM2
SIM3
SIM4
1
21
22
SIM5
SIM1
SIM2
SIM3
SIM4
1
21
22
SIM5
SIM1
SIM2
SIM3
SIM4
1
21
22
SIM5
SIM1
SIM2
SIM3
SIM4
1
21
22
SIM5
SIM1
SIM2
SIM3
SIM4
1
21
22
SIM5
SIM1
SIM2
SIM3
SIM4
1
21
22
SIM5
SIM1
SIM2
SIM3
SIM4
1
21
22
SIM5
SIM1
SIM2
SIM3
SIM4
1
21
22
SIM5
SIM1
SIM2
SIM3
SIM4
1
21
22
SIM5
SIM1
SIM2
SIM3
SIM4
1
21
22
SIM5
SIM1
SIM2
SIM3
SIM4
1
21
22
SIM5
SIM1
SIM2
SIM3
SIM4
1
21
22
SIM5
SIM1
SIM2
SIM3
SIM4
1
21
22
SIM5
SIM1
SIM2
SIM3
SIM4
1
21
22
SIM5
SIM1
SIM2
SIM3
SIM4
1
21
22
SIM5
SIM1
SIM2
SIM3
SIM4
1
21
22
SIM5
SIM1
SIM2
SIM3
SIM4
1
21
22
SIM5
SIM1
SIM2
SIM3
SIM4
1
21
22
SIM5
SIM1
SIM2
SIM3
SIM4
1
21
22
SIM5
SIM1
SIM2
SIM3
SIM4
1
21
22
SIM5
SIM1
SIM2
SIM3
SIM4
1
21
22
SIM5
SIM1
SIM2
SIM3
SIM4
1
21
22
SIM5
SIM1
SIM2
SIM3
SIM4
1
21
22
SIM5
SIM1
SIM2
SIM3
SIM4
1
21
22
SIM5
SIM1
SIM2
SIM3
SIM4
1
21
22
SIM5
SIM1
SIM2
SIM3
SIM4
1
21
22
SIM5
SIM1
SIM2
SIM3
SIM4
1
21
22
SIM5
SIM1
SIM2
SIM3
SIM4
1
21
22
SIM5
SIM1
SIM2
SIM3
SIM4
1
21
22
SIM5
SIM1
SIM2
SIM3
SIM4
1
21
22
SIM5
SIM1
SIM2
SIM3
SIM4
1
21
22
SIM5
SIM1
SIM2
SIM3
SIM4
1
21
22
SIM5
SIM1
SIM2
SIM3
SIM4
1
21
22
SIM5
SIM1
SIM2
SIM3
SIM4
1
21
22
SIM5
SIM1
SIM2
SIM3
SIM4
1
21
22
SIM5
SIM1
SIM2
SIM3
SIM4
1
21
22
SIM5
SIM1
SIM2
SIM3
SIM4
1
21
22
SIM5
SIM1
SIM2
SIM3
SIM4
1
21
22
SIM5
SIM1
SIM2
SIM3
SIM4
1
21
22
SIM5
SIM1
SIM2
SIM3
SIM4
1
21
22
SIM5
SIM1
SIM2
SIM3
SIM4
1
21
22
SIM5
SIM1
SIM2
SIM3
SIM4
1
21
22
SIM5
SIM1
SIM2
SIM3
SIM4
1
21
22
SIM5
SIM1
SIM2
SIM3
SIM4
1
21
22
SIM5
SIM1
SIM2
SIM3
SIM4
1
21
22
SIM5
SIM1
SIM2
SIM3
SIM4
1
21
22
SIM5
SIM1
SIM2
SIM3
SIM4
1
21
22
SIM5
SIM1
SIM2
SIM3
SIM4
1
21
22
SIM5
SIM1
SIM2
SIM3
SIM4
1
21
22
SIM5
SIM1
SIM2
SIM3
SIM4
1
21
22
SIM5
SIM1
SIM2
SIM3
SIM4
1
21
22
SIM5
SIM1
SIM2
SIM3
SIM4
1
21
22
SIM5
SIM1
SIM2
SIM3
SIM4
1
21
22
SIM5
SIM1
SIM2
SIM3
SIM4
1
21
22
SIM5
SIM1
SIM2
SIM3
SIM4
1
21
22
SIM5
SIM1
SIM2
SIM3
SIM4
1
21
22
SIM5
SIM1
SIM2
SIM3
SIM4
1
21
22
SIM5
SIM1
SIM2
SIM3
SIM4
1
21
22
SIM5
SIM1
SIM2
SIM3
SIM4
1
21
22
SIM5
SIM1
SIM2
SIM3
SIM4
1
21
22
SIM5
SIM1
SIM2
SIM3
SIM4
1
21
22
SIM5
SIM1
SIM2
SIM3
SIM4
1
21
22
SIM5
SIM1
SIM2
SIM3
SIM4
1
21
22
SIM5
SIM1
SIM2
SIM3
SIM4
1
21
22
SIM5
SIM1
SIM2
SIM3
SIM4
1
21
22
SIM5
SIM1
SIM2
SIM3
SIM4
1
21
22
SIM5
SIM1
SIM2
SIM3
SIM4
1
21
22
SIM5
SIM1
SIM2
SIM3
SIM4
1
21
22
SIM5
SIM1
SIM2
SIM3
SIM4
1
21
22
SIM5
SIM1
SIM2
SIM3
SIM4
1
21
22
SIM5
SIM1
SIM2
SIM3
SIM4
1
21
22
SIM5
SIM1
SIM2
SIM3
SIM4
1
21
22
SIM5
SIM1
SIM2
SIM3
SIM4
1
21
22
SIM5
SIM1
SIM2
SIM3
SIM4
1
21
22
SIM5
SIM1
SIM2
SIM3
SIM4
1
21
22
SIM5
SIM1
SIM2
SIM3
SIM4
1
21
22
SIM5
SIM1
SIM2
SIM3
SIM4
1
21
22
SIM5
SIM1
SIM2
SIM3
SIM4
1
21
22
SIM5
SIM1
SIM2
SIM3
SIM4
1
21
22
SIM5
SIM1
SIM2
SIM3
SIM4
1
21
22
SIM5
SIM1
SIM2
SIM3
SIM4
1
21
22
SIM5
SIM1
SIM2
SIM3
SIM4
1
21
22
SIM5
SIM1
SIM2
SIM3
SIM4
1
21
22
SIM5
SIM1
SIM2
SIM3
SIM4
1
21
22
SIM5
SIM1
SIM2
SIM3
SIM4
1
21
22
SIM5
SIM1
SIM2
SIM3
SIM4
1
21
22
SIM5
SIM1
SIM2
SIM3
SIM4
1
21
22
SIM5
SIM1
SIM2
SIM3
SIM4
1
21
22
SIM5
SIM1
SIM2
SIM3
SIM4
1
21
22
SIM5
SIM1
SIM2
SIM3
SIM4
1
21
22
SIM5
SIM1
SIM2
SIM3
SIM4
1
21
22
SIM5
SIM1
SIM2
SIM3
SIM4
1
21
22
SIM5
SIM1
SIM2
SIM3
SIM4
1
21
22
SIM5
SIM1
SIM2
SIM3
SIM4
1
21
22
SIM5
SIM1
SIM2
SIM3
SIM4
1
21
22
SIM5
SIM1
SIM2
SIM3
SIM4
1
21
22
SIM5
SIM1
SIM2
SIM3
SIM4
1
21
22
SIM5
SIM1
SIM2
DEBUG 1 879
SIM1
SIM2
SIM3
SIM4
1
21
22
SIM5
SIM1
SIM2
SIM3
SIM4
1
21
22
SIM5
SIM1
SIM2
SIM3
SIM4
1
21
22
SIM5
SIM1
SIM2
SIM3
SIM4
1
21
22
SIM5
SIM1
SIM2
SIM3
SIM4
1
21
22
SIM5
SIM1
SIM2
SIM3
SIM4
1
21
22
SIM5
SIM1
SIM2
SIM3
SIM4
1
21
22
SIM5
SIM1
SIM2
SIM3
SIM4
1
21
22
SIM5
SIM1
SIM2
SIM3
SIM4
1
21
22
SIM5
SIM1
SIM2
SIM3
SIM4
1
21
22
SIM5
SIM1
SIM2
SIM3
SIM4
1
21
22
SIM5
SIM1
SIM2
SIM3
SIM4
1
21
22
SIM5
SIM1
SIM2
SIM3
SIM4
1
21
22
SIM5
SIM1
SIM2
SIM3
SIM4
1
21
22
SIM5
SIM1
SIM2
SIM3
SIM4
1
21
22
SIM5
SIM1
SIM2
SIM3
SIM4
1
21
22
SIM5
SIM1
SIM2
SIM3
SIM4
1
21
22
SIM5
SIM1
SIM2
SIM3
SIM4
1
21
22
SIM5
SIM1
SIM2
SIM3
SIM4
1
21
22
SIM5
SIM1
SIM2
SIM3
SIM4
1
21
22
SIM5
SIM1
SIM2
SIM3
SIM4
1
21
22
SIM5
SIM1
SIM2
SIM3
SIM4
1
21
22
SIM5
SIM1
SIM2
SIM3
SIM4
1
21
22
SIM5
SIM1
SIM2
SIM3
SIM4
1
21
22
SIM5
SIM1
SIM2
SIM3
SIM4
1
21
22
SIM5
SIM1
SIM2
SIM3
SIM4
1
21
22
SIM5
SIM1
SIM2
SIM3
SIM4
1
21
22
SIM5
SIM1
SIM2
SIM3
SIM4
1
21
22
SIM5
SIM1
SIM2
SIM3
SIM4
1
21
22
SIM5
SIM1
SIM2
SIM3
SIM4
1
21
22
SIM5
SIM1
SIM2
SIM3
SIM4
1
21
22
SIM5
SIM1
SIM2
SIM3
SIM4
1
21
22
SIM5
SIM1
SIM2
SIM3
SIM4
1
21
22
SIM5
SIM1
SIM2
SIM3
SIM4
1
21
22
SIM5
SIM1
SIM2
SIM3
SIM4
1
21
22
SIM5
SIM1
SIM2
SIM3
SIM4
1
21
22
SIM5
SIM1
SIM2
SIM3
SIM4
1
21
22
SIM5
SIM1
SIM2
SIM3
SIM4
1
21
22
SIM5
SIM1
SIM2
SIM3
SIM4
1
21
22
SIM5
SIM1
SIM2
SIM3
SIM4
1
21
22
SIM5
SIM1
SIM2
SIM3
SIM4
1
21
22
SIM5
SIM1
SIM2
SIM3
SIM4
1
21
22
SIM5
SIM1
SIM2
SIM3
SIM4
1
21
22
SIM5
SIM1
SIM2
SIM3
SIM4
1
21
22
SIM5
SIM1
SIM2
SIM3
SIM4
1
21
22
SIM5
SIM1
SIM2
SIM3
SIM4
1
21
22
SIM5
SIM1
SIM2
SIM3
SIM4
1
21
22
SIM5
SIM1
SIM2
SIM3
SIM4
1
21
22
SIM5
SIM1
SIM2
SIM3
SIM4
1
21
22
SIM5
SIM1
SIM2
SIM3
SIM4
1
21
22
SIM5
SIM1
SIM2
SIM3
SIM4
1
21
22
SIM5
SIM1
SIM2
SIM3
SIM4
1
21
22
SIM5
SIM1
SIM2
SIM3
SIM4
1
21
22
SIM5
SIM1
SIM2
SIM3
SIM4
1
21
22
SIM5
SIM1
SIM2
SIM3
SIM4
1
21
22
SIM5
SIM1
SIM2
SIM3
SIM4
1
21
22
SIM5
SIM1
SIM2
SIM3
SIM4
1
21
22
SIM5
SIM1
SIM2
SIM3
SIM4
1
21
22
SIM5
SIM1
SIM2
SIM3
SIM4
1
21
22
SIM5
SIM1
SIM2
SIM3
SIM4
1
21
22
SIM5
SIM1
SIM2
SIM3
SIM4
1
21
22
SIM5
SIM1
SIM2
SIM3
SIM4
1
21
22
SIM5
SIM1
SIM2
SIM3
SIM4
1
21
22
SIM5
SIM1
SIM2
SIM3
SIM4
1
21
22
SIM5
SIM1
SIM2
SIM3
SIM4
1
21
22
SIM5
SIM1
SIM2
SIM3
SIM4
1
21
22
SIM5
SIM1
SIM2
SIM3
SIM4
1
21
22
SIM5
SIM1
SIM2
SIM3
SIM4
1
21
22
SIM5
SIM1
SIM2
SIM3
SIM4
1
21
22
SIM5
SIM1
SIM2
SIM3
SIM4
1
21
22
SIM5
SIM1
SIM2
SIM3
SIM4
1
21
22
SIM5
SIM1
SIM2
SIM3
SIM4
1
21
22
SIM5
SIM1
SIM2
SIM3
SIM4
1
21
22
SIM5
SIM1
SIM2
SIM3
SIM4
1
21
22
SIM5
SIM1
SIM2
SIM3
SIM4
1
21
22
SIM5
SIM1
SIM2
SIM3
SIM4
1
21
22
SIM5
SIM1
SIM2
SIM3
SIM4
1
21
22
SIM5
SIM1
SIM2
SIM3
SIM4
1
21
22
SIM5
SIM1
SIM2
SIM3
SIM4
1
21
22
SIM5
SIM1
SIM2
SIM3
SIM4
1
21
22
SIM5
SIM1
SIM2
SIM3
SIM4
1
21
22
SIM5
SIM1
SIM2
SIM3
SIM4
1
21
22
SIM5
SIM1
SIM2
SIM3
SIM4
1
21
22
SIM5
SIM1
SIM2
SIM3
SIM4
1
21
22
SIM5
SIM1
SIM2
SIM3
SIM4
1
21
22
SIM5
SIM1
SIM2
SIM3
SIM4
1
21
22
SIM5
SIM1
SIM2
SIM3
SIM4
1
21
22
SIM5
SIM1
SIM2
SIM3
SIM4
1
21
22
SIM5
SIM1
SIM2
SIM3
SIM4
1
21
22
SIM5
SIM1
SIM2
SIM3
SIM4
1
21
22
SIM5
SIM1
SIM2
SIM3
SIM4
1
21
22
SIM5
SIM1
SIM2
SIM3
SIM4
1
21
22
SIM5
SIM1
SIM2
SIM3
SIM4
1
21
22
SIM5
SIM1
SIM2
SIM3
SIM4
1
21
22
SIM5
SIM1
SIM2
SIM3
SIM4
1
21
22
SIM5
SIM1
SIM2
SIM3
SIM4
1
21
22
SIM5
SIM1
SIM2
DEBUG 1 880
SIM1
SIM2
SIM3
SIM4
1
21
22
SIM5
SIM1
SIM2
SIM3
SIM4
1
21
22
SIM5
SIM1
SIM2
SIM3
SIM4
1
21
22
SIM5
SIM1
SIM2
SIM3
SIM4
1
21
22
SIM5
SIM1
SIM2
SIM3
SIM4
1
21
22
SIM5
SIM1
SIM2
SIM3
SIM4
1
21
22
SIM5
SIM1
SIM2
SIM3
SIM4
1
21
22
SIM5
SIM1
SIM2
SIM3
SIM4
1
21
22
SIM5
SIM1
SIM2
SIM3
SIM4
1
21
22
SIM5
SIM1
SIM2
SIM3
SIM4
1
21
22
SIM5
SIM1
SIM2
SIM3
SIM4
1
21
22
SIM5
SIM1
SIM2
SIM3
SIM4
1
21
22
SIM5
SIM1
SIM2
SIM3
SIM4
1
21
22
SIM5
SIM1
SIM2
SIM3
SIM4
1
21
22
SIM5
SIM1
SIM2
SIM3
SIM4
1
21
22
SIM5
SIM1
SIM2
SIM3
SIM4
1
21
22
SIM5
SIM1
SIM2
SIM3
SIM4
1
21
22
SIM5
SIM1
SIM2
SIM3
SIM4
1
21
22
SIM5
SIM1
SIM2
SIM3
SIM4
1
21
22
SIM5
SIM1
SIM2
SIM3
SIM4
1
21
22
SIM5
SIM1
SIM2
SIM3
SIM4
1
21
22
SIM5
SIM1
SIM2
SIM3
SIM4
1
21
22
SIM5
SIM1
SIM2
SIM3
SIM4
1
21
22
SIM5
SIM1
SIM2
SIM3
SIM4
1
21
22
SIM5
SIM1
SIM2
SIM3
SIM4
1
21
22
SIM5
SIM1
SIM2
SIM3
SIM4
1
21
22
SIM5
SIM1
SIM2
SIM3
SIM4
1
21
22
SIM5
SIM1
SIM2
SIM3
SIM4
1
21
22
SIM5
SIM1
SIM2
SIM3
SIM4
1
21
22
SIM5
SIM1
SIM2
SIM3
SIM4
1
21
22
SIM5
SIM1
SIM2
SIM3
SIM4
1
21
22
SIM5
SIM1
SIM2
SIM3
SIM4
1
21
22
SIM5
SIM1
SIM2
SIM3
SIM4
1
21
22
SIM5
SIM1
SIM2
SIM3
SIM4
1
21
22
SIM5
SIM1
SIM2
SIM3
SIM4
1
21
22
SIM5
SIM1
SIM2
SIM3
SIM4
1
21
22
SIM5
SIM1
SIM2
SIM3
SIM4
1
21
22
SIM5
SIM1
SIM2
SIM3
SIM4
1
21
22
SIM5
SIM1
SIM2
SIM3
SIM4
1
21
22
SIM5
SIM1
SIM2
SIM3
SIM4
1
21
22
SIM5
SIM1
SIM2
SIM3
SIM4
1
21
22
SIM5
SIM1
SIM2
SIM3
SIM4
1
21
22
SIM5
SIM1
SIM2
SIM3
SIM4
1
21
22
SIM5
SIM1
SIM2
SIM3
SIM4
1
21
22
SIM5
SIM1
SIM2
SIM3
SIM4
1
21
22
SIM5
SIM1
SIM2
SIM3
SIM4
1
21
22
SIM5
SIM1
SIM2
SIM3
SIM4
1
21
22
SIM5
SIM1
SIM2
SIM3
SIM4
1
21
22
SIM5
SIM1
SIM2
SIM3
SIM4
1
21
22
SIM5
SIM1
SIM2
SIM3
SIM4
1
21
22
SIM5
SIM1
SIM2
SIM3
SIM4
1
21
22
SIM5
SIM1
SIM2
SIM3
SIM4
1
21
22
SIM5
SIM1
SIM2
SIM3
SIM4
1
21
22
SIM5
SIM1
SIM2
SIM3
SIM4
1
21
22
SIM5
SIM1
SIM2
SIM3
SIM4
1
21
22
SIM5
SIM1
SIM2
SIM3
SIM4
1
21
22
SIM5
SIM1
SIM2
SIM3
SIM4
1
21
22
SIM5
SIM1
SIM2
SIM3
SIM4
1
21
22
SIM5
SIM1
SIM2
SIM3
SIM4
1
21
22
SIM5
SIM1
SIM2
SIM3
SIM4
1
21
22
SIM5
SIM1
SIM2
SIM3
SIM4
1
21
22
SIM5
SIM1
SIM2
SIM3
SIM4
1
21
22
SIM5
SIM1
SIM2
SIM3
SIM4
1
21
22
SIM5
SIM1
SIM2
SIM3
SIM4
1
21
22
SIM5
SIM1
SIM2
SIM3
SIM4
1
21
22
SIM5
SIM1
SIM2
SIM3
SIM4
1
21
22
SIM5
SIM1
SIM2
SIM3
SIM4
1
21
22
SIM5
SIM1
SIM2
SIM3
SIM4
1
21
22
SIM5
SIM1
SIM2
SIM3
SIM4
1
21
22
SIM5
SIM1
SIM2
SIM3
SIM4
1
21
22
SIM5
SIM1
SIM2
SIM3
SIM4
1
21
22
SIM5
SIM1
SIM2
SIM3
SIM4
1
21
22
SIM5
SIM1
SIM2
SIM3
SIM4
1
21
22
SIM5
SIM1
SIM2
SIM3
SIM4
1
21
22
SIM5
SIM1
SIM2
SIM3
SIM4
1
21
22
SIM5
SIM1
SIM2
SIM3
SIM4
1
21
22
SIM5
SIM1
SIM2
SIM3
SIM4
1
21
22
SIM5
SIM1
SIM2
SIM3
SIM4
1
21
22
SIM5
SIM1
SIM2
SIM3
SIM4
1
21
22
SIM5
SIM1
SIM2
SIM3
SIM4
1
21
22
SIM5
SIM1
SIM2
SIM3
SIM4
1
21
22
SIM5
SIM1
SIM2
SIM3
SIM4
1
21
22
SIM5
SIM1
SIM2
SIM3
SIM4
1
21
22
SIM5
SIM1
SIM2
SIM3
SIM4
1
21
22
SIM5
SIM1
SIM2
SIM3
SIM4
1
21
22
SIM5
SIM1
SIM2
SIM3
SIM4
1
21
22
SIM5
SIM1
SIM2
SIM3
SIM4
1
21
22
SIM5
SIM1
SIM2
SIM3
SIM4
1
21
22
SIM5
SIM1
SIM2
SIM3
SIM4
1
21
22
SIM5
SIM1
SIM2
SIM3
SIM4
1
21
22
SIM5
SIM1
SIM2
SIM3
SIM4
1
21
22
SIM5
SIM1
SIM2
SIM3
SIM4
1
21
22
SIM5
SIM1
SIM2
SIM3
SIM4
1
21
22
SIM5
SIM1
SIM2
SIM3
SIM4
1
21
22
SIM5
SIM1
SIM2
SIM3
SIM4
1
21
22
SIM5
SIM1
SIM2
SIM3
SIM4
1
21
22
SIM5
SIM1
SIM2
SIM3
SIM4
1
21
22
SIM5
SIM1
SIM2
SIM3
SIM4
1
21
22
SIM5
SIM1
SIM2
SIM3
SIM4
1
21
22
SIM5
SIM1
SIM2
SIM3
SIM4
1
21
22
SIM5
SIM1
SIM2
SIM3
SIM4
1
21
22
SIM5
SIM1
SIM2
SIM3
SIM4
1
21
22
SIM5
SIM1
SIM2
SIM3
SIM4
1
21
22
SIM5
SIM1
SIM2
SIM3
SIM4
1
21
22
SIM5
SIM1
SIM2
SIM3
SIM4
1
21
22
SIM5
SIM1
SIM2
SIM3
SIM4
1
21
22
SIM5
SIM1
SIM2
SIM3
SIM4
1
21
22
SIM5
SIM1
SIM2
SIM3
SIM4
1
21
22
SIM5
SIM1
SIM2
SIM3
SIM4
1
21
22
SIM5
SIM1
SIM2
SIM3
SIM4
1
21
22
SIM5
SIM1
SIM2
SIM3
SIM4
1
21
22
SIM5
SIM1
SIM2
SIM3
SIM4
1
21
22
SIM5
SIM1
SIM2
SIM3
SIM4
1
21
22
SIM5
SIM1
SIM2
SIM3
SIM4
1
21
22
SIM5
SIM1
SIM2
SIM3
SIM4
1
21
22
SIM5
SIM1
SIM2
SIM3
SIM4
1
21
22
SIM5
SIM1
SIM2
SIM3
SIM4
1
21
22
SIM5
SIM1
SIM2
SIM3
SIM4
1
21
22
SIM5
SIM1
SIM2
SIM3
SIM4
1
21
22
SIM5
SIM1
SIM2
SIM3
SIM4
1
21
22
SIM5
SIM1
SIM2
SIM3
SIM4
1
21
22
SIM5
SIM1
SIM2
SIM3
SIM4
1
21
22
SIM5
SIM1
SIM2
SIM3
SIM4
1
21
22
SIM5
SIM1
SIM2
SIM3
SIM4
1
21
22
SIM5
SIM1
SIM2
SIM3
SIM4
1
21
22
SIM5
SIM1
SIM2
SIM3
SIM4
1
21
22
SIM5
SIM1
SIM2
SIM3
SIM4
1
21
22
SIM5
SIM1
SIM2
SIM3
SIM4
1
21
22
SIM5
SIM1
SIM2
SIM3
SIM4
1
21
22
SIM5
SIM1
SIM2
SIM3
SIM4
1
21
22
SIM5
SIM1
SIM2
SIM3
SIM4
1
21
22
SIM5
SIM1
SIM2
SIM3
SIM4
1
21
22
SIM5
SIM1
SIM2
SIM3
SIM4
1
21
22
SIM5
SIM1
SIM2
SIM3
SIM4
1
21
22
SIM5
SIM1
SIM2
SIM3
SIM4
1
21
22
SIM5
SIM1
SIM2
SIM3
SIM4
1
21
22
SIM5
SIM1
SIM2
SIM3
SIM4
1
21
22
SIM5
SIM1
SIM2
SIM3
SIM4
1
21
22
SIM5
SIM1
SIM2
SIM3
SIM4
1
21
22
SIM5
SIM1
SIM2
SIM3
SIM4
1
21
22
SIM5
SIM1
SIM2
SIM3
SIM4
1
21
22
SIM5
SIM1
SIM2
SIM3
SIM4
1
21
22
SIM5
SIM1
SIM2
SIM3
SIM4
1
21
22
SIM5
SIM1
SIM2
SIM3
SIM4
1
21
22
SIM5
SIM1
SIM2
SIM3
SIM4
1
21
22
SIM5
SIM1
SIM2
SIM3
SIM4
1
21
22
SIM5
SIM1
SIM2
SIM3
SIM4
1
21
22
SIM5
SIM1
SIM2
SIM3
SIM4
1
21
22
SIM5
SIM1
SIM2
SIM3
SIM4
1
21
22
SIM5
SIM1
SIM2
SIM3
SIM4
1
21
22
SIM5
SIM1
SIM2
SIM3
SIM4
1
21
22
SIM5
SIM1
SIM2
SIM3
SIM4
1
21
22
SIM5
SIM1
SIM2
SIM3
SIM4
1
21
22
SIM5
SIM1
SIM2
SIM3
SIM4
1
21
22
SIM5
SIM1
SIM2
SIM3
SIM4
1
21
22
SIM5
SIM1
SIM2
SIM3
SIM4
1
21
22
SIM5
SIM1
SIM2
SIM3
SIM4
1
21
22
SIM5
SIM1
SIM2
SIM3
SIM4
1
21
22
SIM5
SIM1
SIM2
DEBUG 1 881
SIM1
SIM2
SIM3
SIM4
1
21
22
SIM5
SIM1
SIM2
SIM3
SIM4
1
21
22
SIM5
SIM1
SIM2
SIM3
SIM4
1
21
22
SIM5
SIM1
SIM2
SIM3
SIM4
1
21
22
SIM5
SIM1
SIM2
SIM3
SIM4
1
21
22
SIM5
SIM1
SIM2
SIM3
SIM4
1
21
22
SIM5
SIM1
SIM2
SIM3
SIM4
1
21
22
SIM5
SIM1
SIM2
SIM3
SIM4
1
21
22
SIM5
SIM1
SIM2
SIM3
SIM4
1
21
22
SIM5
SIM1
SIM2
SIM3
SIM4
1
21
22
SIM5
SIM1
SIM2
SIM3
SIM4
1
21
22
SIM5
SIM1
SIM2
SIM3
SIM4
1
21
22
SIM5
SIM1
SIM2
SIM3
SIM4
1
21
22
SIM5
SIM1
SIM2
SIM3
SIM4
1
21
22
SIM5
SIM1
SIM2
SIM3
SIM4
1
21
22
SIM5
SIM1
SIM2
SIM3
SIM4
1
21
22
SIM5
SIM1
SIM2
SIM3
SIM4
1
21
22
SIM5
SIM1
SIM2
SIM3
SIM4
1
21
22
SIM5
SIM1
SIM2
SIM3
SIM4
1
21
22
SIM5
SIM1
SIM2
SIM3
SIM4
1
21
22
SIM5
SIM1
SIM2
SIM3
SIM4
1
21
22
SIM5
SIM1
SIM2
SIM3
SIM4
1
21
22
SIM5
SIM1
SIM2
SIM3
SIM4
1
21
22
SIM5
SIM1
SIM2
SIM3
SIM4
1
21
22
SIM5
SIM1
SIM2
SIM3
SIM4
1
21
22
SIM5
SIM1
SIM2
SIM3
SIM4
1
21
22
SIM5
SIM1
SIM2
SIM3
SIM4
1
21
22
SIM5
SIM1
SIM2
SIM3
SIM4
1
21
22
SIM5
SIM1
SIM2
SIM3
SIM4
1
21
22
SIM5
SIM1
SIM2
SIM3
SIM4
1
21
22
SIM5
SIM1
SIM2
SIM3
SIM4
1
21
22
SIM5
SIM1
SIM2
SIM3
SIM4
1
21
22
SIM5
SIM1
SIM2
SIM3
SIM4
1
21
22
SIM5
SIM1
SIM2
SIM3
SIM4
1
21
22
SIM5
SIM1
SIM2
SIM3
SIM4
1
21
22
SIM5
SIM1
SIM2
SIM3
SIM4
1
21
22
SIM5
SIM1
SIM2
SIM3
SIM4
1
21
22
SIM5
SIM1
SIM2
SIM3
SIM4
1
21
22
SIM5
SIM1
SIM2
SIM3
SIM4
1
21
22
SIM5
SIM1
SIM2
SIM3
SIM4
1
21
22
SIM5
SIM1
SIM2
SIM3
SIM4
1
21
22
SIM5
SIM1
SIM2
SIM3
SIM4
1
21
22
SIM5
SIM1
SIM2
SIM3
SIM4
1
21
22
SIM5
SIM1
SIM2
SIM3
SIM4
1
21
22
SIM5
SIM1
SIM2
SIM3
SIM4
1
21
22
SIM5
SIM1
SIM2
SIM3
SIM4
1
21
22
SIM5
SIM1
SIM2
SIM3
SIM4
1
21
22
SIM5
SIM1
SIM2
SIM3
SIM4
1
21
22
SIM5
SIM1
SIM2
SIM3
SIM4
1
21
22
SIM5
SIM1
SIM2
SIM3
SIM4
1
21
22
SIM5
SIM1
SIM2
SIM3
SIM4
1
21
22
SIM5
SIM1
SIM2
SIM3
SIM4
1
21
22
SIM5
SIM1
SIM2
SIM3
SIM4
1
21
22
SIM5
SIM1
SIM2
SIM3
SIM4
1
21
22
SIM5
SIM1
SIM2
SIM3
SIM4
1
21
22
SIM5
SIM1
SIM2
SIM3
SIM4
1
21
22
SIM5
SIM1
SIM2
SIM3
SIM4
1
21
22
SIM5
SIM1
SIM2
SIM3
SIM4
1
21
22
SIM5
SIM1
SIM2
SIM3
SIM4
1
21
22
SIM5
SIM1
SIM2
SIM3
SIM4
1
21
22
SIM5
SIM1
SIM2
SIM3
SIM4
1
21
22
SIM5
SIM1
SIM2
SIM3
SIM4
1
21
22
SIM5
SIM1
SIM2
SIM3
SIM4
1
21
22
SIM5
SIM1
SIM2
SIM3
SIM4
1
21
22
SIM5
SIM1
SIM2
SIM3
SIM4
1
21
22
SIM5
SIM1
SIM2
SIM3
SIM4
1
21
22
SIM5
SIM1
SIM2
SIM3
SIM4
1
21
22
SIM5
SIM1
SIM2
SIM3
SIM4
1
21
22
SIM5
SIM1
SIM2
SIM3
SIM4
1
21
22
SIM5
SIM1
SIM2
SIM3
SIM4
1
21
22
SIM5
SIM1
SIM2
SIM3
SIM4
1
21
22
SIM5
SIM1
SIM2
SIM3
SIM4
1
21
22
SIM5
SIM1
SIM2
SIM3
SIM4
1
21
22
SIM5
SIM1
SIM2
SIM3
SIM4
1
21
22
SIM5
SIM1
SIM2
SIM3
SIM4
1
21
22
SIM5
SIM1
SIM2
SIM3
SIM4
1
21
22
SIM5
SIM1
SIM2
SIM3
SIM4
1
21
22
SIM5
SIM1
SIM2
SIM3
SIM4
1
21
22
SIM5
SIM1
SIM2
SIM3
SIM4
1
21
22
SIM5
SIM1
SIM2
SIM3
SIM4
1
21
22
SIM5
SIM1
SIM2
SIM3
SIM4
1
21
22
SIM5
SIM1
SIM2
SIM3
SIM4
1
21
22
SIM5
SIM1
SIM2
SIM3
SIM4
1
21
22
SIM5
SIM1
SIM2
SIM3
SIM4
1
21
22
SIM5
SIM1
SIM2
SIM3
SIM4
1
21
22
SIM5
SIM1
SIM2
SIM3
SIM4
1
21
22
SIM5
SIM1
SIM2
SIM3
SIM4
1
21
22
SIM5
SIM1
SIM2
SIM3
SIM4
1
21
22
SIM5
SIM1
SIM2
SIM3
SIM4
1
21
22
SIM5
SIM1
SIM2
SIM3
SIM4
1
21
22
SIM5
SIM1
SIM2
SIM3
SIM4
1
21
22
SIM5
SIM1
SIM2
SIM3
SIM4
1
21
22
SIM5
SIM1
SIM2
SIM3
SIM4
1
21
22
SIM5
SIM1
SIM2
SIM3
SIM4
1
21
22
SIM5
SIM1
SIM2
SIM3
SIM4
1
21
22
SIM5
SIM1
SIM2
SIM3
SIM4
1
21
22
SIM5
SIM1
SIM2
SIM3
SIM4
1
21
22
SIM5
SIM1
SIM2
SIM3
SIM4
1
21
22
SIM5
SIM1
SIM2
SIM3
SIM4
1
21
22
SIM5
SIM1
SIM2
SIM3
SIM4
1
21
22
SIM5
SIM1
SIM2
SIM3
SIM4
1
21
22
SIM5
SIM1
SIM2
SIM3
SIM4
1
21
22
SIM5
SIM1
SIM2
SIM3
SIM4
1
21
22
SIM5
SIM1
SIM2
SIM3
SIM4
1
21
22
SIM5
SIM1
SIM2
SIM3
SIM4
1
21
22
SIM5
SIM1
SIM2
SIM3
SIM4
1
21
22
SIM5
SIM1
SIM2
SIM3
SIM4
1
21
22
SIM5
SIM1
SIM2
SIM3
SIM4
1
21
22
SIM5
SIM1
SIM2
SIM3
SIM4
1
21
22
SIM5
SIM1
SIM2
SIM3
SIM4
1
21
22
SIM5
SIM1
SIM2
SIM3
SIM4
1
21
22
SIM5
SIM1
SIM2
SIM3
SIM4
1
21
22
SIM5
SIM1
SIM2
SIM3
SIM4
1
21
22
SIM5
SIM1
SIM2
SIM3
SIM4
1
21
22
SIM5
SIM1
SIM2
SIM3
SIM4
1
21
22
SIM5
SIM1
SIM2
SIM3
SIM4
1
21
22
SIM5
SIM1
SIM2
SIM3
SIM4
1
21
22
SIM5
SIM1
SIM2
SIM3
SIM4
1
21
22
SIM5
SIM1
SIM2
SIM3
SIM4
1
21
22
SIM5
SIM1
SIM2
SIM3
SIM4
1
21
22
SIM5
SIM1
SIM2
SIM3
SIM4
1
21
22
SIM5
SIM1
SIM2
SIM3
SIM4
1
21
22
SIM5
SIM1
SIM2
SIM3
SIM4
1
21
22
SIM5
SIM1
SIM2
SIM3
SIM4
1
21
22
SIM5
SIM1
SIM2
SIM3
SIM4
1
21
22
SIM5
SIM1
SIM2
SIM3
SIM4
1
21
22
SIM5
SIM1
SIM2
SIM3
SIM4
1
21
22
SIM5
SIM1
SIM2
SIM3
SIM4
1
21
22
SIM5
SIM1
SIM2
SIM3
SIM4
1
21
22
SIM5
SIM1
SIM2
SIM3
SIM4
1
21
22
SIM5
SIM1
SIM2
SIM3
SIM4
1
21
22
SIM5
SIM1
SIM2
SIM3
SIM4
1
21
22
SIM5
SIM1
SIM2
SIM3
SIM4
1
21
22
SIM5
SIM1
SIM2
SIM3
SIM4
1
21
22
SIM5
SIM1
SIM2
SIM3
SIM4
1
21
22
SIM5
SIM1
SIM2
SIM3
SIM4
1
21
22
SIM5
SIM1
SIM2
SIM3
SIM4
1
21
22
SIM5
SIM1
SIM2
SIM3
SIM4
1
21
22
SIM5
SIM1
SIM2
SIM3
SIM4
1
21
22
SIM5
SIM1
SIM2
SIM3
SIM4
1
21
22
SIM5
SIM1
SIM2
SIM3
SIM4
1
21
22
SIM5
SIM1
SIM2
SIM3
SIM4
1
21
22
SIM5
SIM1
SIM2
SIM3
SIM4
1
21
22
SIM5
SIM1
SIM2
SIM3
SIM4
1
21
22
SIM5
SIM1
SIM2
SIM3
SIM4
1
21
22
SIM5
SIM1
SIM2
SIM3
SIM4
1
21
22
SIM5
SIM1
SIM2
SIM3
SIM4
1
21
22
SIM5
SIM1
SIM2
SIM3
SIM4
1
21
22
SIM5
SIM1
SIM2
SIM3
SIM4
1
21
22
SIM5
SIM1
SIM2
SIM3
SIM4
1
21
22
SIM5
SIM1
SIM2
SIM3
SIM4
1
21
22
SIM5
SIM1
SIM2
SIM3
SIM4
1
21
22
SIM5
SIM1
SIM2
SIM3
SIM4
1
21
22
SIM5
SIM1
SIM2
SIM3
SIM4
1
21
22
SIM5
SIM1
SIM2
SIM3
SIM4
1
21
22
SIM5
SIM1
SIM2
SIM3
SIM4
1
21
22
SIM5
SIM1
SIM2
SIM3
SIM4
1
21
22
SIM5
SIM1
SIM2
SIM3
SIM4
1
21
22
SIM5
SIM1
SIM2
SIM3
SIM4
1
21
22
SIM5
SIM1
SIM2
SIM3
SIM4
1
21
22
SIM5
SIM1
SIM2
SIM3
SIM4
1
21
22
SIM5
SIM1
SIM2
SIM3
SIM4
1
21
22
SIM5
SIM1
SIM2
SIM3
SIM4
1
21
22
SIM5
SIM1
SIM2
SIM3
SIM4
1
21
22
SIM5
SIM1
SIM2
SIM3
SIM4
1
21
22
SIM5
SIM1
SIM2
SIM3
SIM4
1
21
22
SIM5
SIM1
SIM2
SIM3
SIM4
1
21
22
SIM5
SIM1
SIM2
SIM3
SIM4
1
21
22
SIM5
SIM1
SIM2
SIM3
SIM4
1
21
22
SIM5
SIM1
SIM2
SIM3
SIM4
1
21
22
SIM5
SIM1
SIM2
SIM3
SIM4
1
21
22
SIM5
SIM1
SIM2
SIM3
SIM4
1
21
22
SIM5
SIM1
SIM2
SIM3
SIM4
1
21
22
SIM5
SIM1
SIM2
SIM3
SIM4
1
21
22
SIM5
SIM1
SIM2
SIM3
SIM4
1
21
22
SIM5
SIM1
SIM2
SIM3
SIM4
1
21
22
SIM5
SIM1
SIM2
SIM3
SIM4
1
21
22
SIM5
SIM1
SIM2
SIM3
SIM4
1
21
22
SIM5
SIM1
SIM2
SIM3
SIM4
1
21
22
SIM5
SIM1
SIM2
SIM3
SIM4
1
21
22
SIM5
SIM1
SIM2
SIM3
SIM4
1
21
22
SIM5
SIM1
SIM2
DEBUG 1 882
SIM1
SIM2
SIM3
SIM4
1
21
22
SIM5
SIM1
SIM2
SIM3
SIM4
1
21
22
SIM5
SIM1
SIM2
SIM3
SIM4
1
21
22
SIM5
SIM1
SIM2
SIM3
SIM4
1
21
22
SIM5
SIM1
SIM2
SIM3
SIM4
1
21
22
SIM5
SIM1
SIM2
SIM3
SIM4
1
21
22
SIM5
SIM1
SIM2
SIM3
SIM4
1
21
22
SIM5
SIM1
SIM2
SIM3
SIM4
1
21
22
SIM5
SIM1
SIM2
SIM3
SIM4
1
21
22
SIM5
SIM1
SIM2
SIM3
SIM4
1
21
22
SIM5
SIM1
SIM2
SIM3
SIM4
1
21
22
SIM5
SIM1
SIM2
SIM3
SIM4
1
21
22
SIM5
SIM1
SIM2
SIM3
SIM4
1
21
22
SIM5
SIM1
SIM2
SIM3
SIM4
1
21
22
SIM5
SIM1
SIM2
SIM3
SIM4
1
21
22
SIM5
SIM1
SIM2
SIM3
SIM4
1
21
22
SIM5
SIM1
SIM2
SIM3
SIM4
1
21
22
SIM5
SIM1
SIM2
SIM3
SIM4
1
21
22
SIM5
SIM1
SIM2
SIM3
SIM4
1
21
22
SIM5
SIM1
SIM2
SIM3
SIM4
1
21
22
SIM5
SIM1
SIM2
SIM3
SIM4
1
21
22
SIM5
SIM1
SIM2
SIM3
SIM4
1
21
22
SIM5
SIM1
SIM2
SIM3
SIM4
1
21
22
SIM5
SIM1
SIM2
SIM3
SIM4
1
21
22
SIM5
SIM1
SIM2
SIM3
SIM4
1
21
22
SIM5
SIM1
SIM2
SIM3
SIM4
1
21
22
SIM5
SIM1
SIM2
SIM3
SIM4
1
21
22
SIM5
SIM1
SIM2
SIM3
SIM4
1
21
22
SIM5
SIM1
SIM2
SIM3
SIM4
1
21
22
SIM5
SIM1
SIM2
SIM3
SIM4
1
21
22
SIM5
SIM1
SIM2
SIM3
SIM4
1
21
22
SIM5
SIM1
SIM2
SIM3
SIM4
1
21
22
SIM5
SIM1
SIM2
SIM3
SIM4
1
21
22
SIM5
SIM1
SIM2
SIM3
SIM4
1
21
22
SIM5
SIM1
SIM2
SIM3
SIM4
1
21
22
SIM5
SIM1
SIM2
SIM3
SIM4
1
21
22
SIM5
SIM1
SIM2
SIM3
SIM4
1
21
22
SIM5
SIM1
SIM2
SIM3
SIM4
1
21
22
SIM5
SIM1
SIM2
SIM3
SIM4
1
21
22
SIM5
SIM1
SIM2
SIM3
SIM4
1
21
22
SIM5
SIM1
SIM2
SIM3
SIM4
1
21
22
SIM5
SIM1
SIM2
SIM3
SIM4
1
21
22
SIM5
SIM1
SIM2
SIM3
SIM4
1
21
22
SIM5
SIM1
SIM2
SIM3
SIM4
1
21
22
SIM5
SIM1
SIM2
SIM3
SIM4
1
21
22
SIM5
SIM1
SIM2
SIM3
SIM4
1
21
22
SIM5
SIM1
SIM2
SIM3
SIM4
1
21
22
SIM5
SIM1
SIM2
SIM3
SIM4
1
21
22
SIM5
SIM1
SIM2
SIM3
SIM4
1
21
22
SIM5
SIM1
SIM2
SIM3
SIM4
1
21
22
SIM5
SIM1
SIM2
SIM3
SIM4
1
21
22
SIM5
SIM1
SIM2
SIM3
SIM4
1
21
22
SIM5
SIM1
SIM2
SIM3
SIM4
1
21
22
SIM5
SIM1
SIM2
SIM3
SIM4
1
21
22
SIM5
SIM1
SIM2
SIM3
SIM4
1
21
22
SIM5
SIM1
SIM2
SIM3
SIM4
1
21
22
SIM5
SIM1
SIM2
SIM3
SIM4
1
21
22
SIM5
SIM1
SIM2
SIM3
SIM4
1
21
22
SIM5
SIM1
SIM2
SIM3
SIM4
1
21
22
SIM5
SIM1
SIM2
SIM3
SIM4
1
21
22
SIM5
SIM1
SIM2
SIM3
SIM4
1
21
22
SIM5
SIM1
SIM2
SIM3
SIM4
1
21
22
SIM5
SIM1
SIM2
SIM3
SIM4
1
21
22
SIM5
SIM1
SIM2
SIM3
SIM4
1
21
22
SIM5
SIM1
SIM2
SIM3
SIM4
1
21
22
SIM5
SIM1
SIM2
SIM3
SIM4
1
21
22
SIM5
SIM1
SIM2
SIM3
SIM4
1
21
22
SIM5
SIM1
SIM2
SIM3
SIM4
1
21
22
SIM5
SIM1
SIM2
SIM3
SIM4
1
21
22
SIM5
SIM1
SIM2
SIM3
SIM4
1
21
22
SIM5
SIM1
SIM2
SIM3
SIM4
1
21
22
SIM5
SIM1
SIM2
SIM3
SIM4
1
21
22
SIM5
SIM1
SIM2
SIM3
SIM4
1
21
22
SIM5
SIM1
SIM2
SIM3
SIM4
1
21
22
SIM5
SIM1
SIM2
SIM3
SIM4
1
21
22
SIM5
SIM1
SIM2
SIM3
SIM4
1
21
22
SIM5
SIM1
SIM2
SIM3
SIM4
1
21
22
SIM5
SIM1
SIM2
SIM3
SIM4
1
21
22
SIM5
SIM1
SIM2
SIM3
SIM4
1
21
22
SIM5
SIM1
SIM2
SIM3
SIM4
1
21
22
SIM5
SIM1
SIM2
SIM3
SIM4
1
21
22
SIM5
SIM1
SIM2
SIM3
SIM4
1
21
22
SIM5
SIM1
SIM2
SIM3
SIM4
1
21
22
SIM5
SIM1
SIM2
SIM3
SIM4
1
21
22
SIM5
SIM1
SIM2
SIM3
SIM4
1
21
22
SIM5
SIM1
SIM2
SIM3
SIM4
1
21
22
SIM5
SIM1
SIM2
SIM3
SIM4
1
21
22
SIM5
SIM1
SIM2
SIM3
SIM4
1
21
22
SIM5
SIM1
SIM2
SIM3
SIM4
1
21
22
SIM5
SIM1
SIM2
SIM3
SIM4
1
21
22
SIM5
SIM1
SIM2
SIM3
SIM4
1
21
22
SIM5
SIM1
SIM2
SIM3
SIM4
1
21
22
SIM5
SIM1
SIM2
SIM3
SIM4
1
21
22
SIM5
SIM1
SIM2
SIM3
SIM4
1
21
22
SIM5
SIM1
SIM2
SIM3
SIM4
1
21
22
SIM5
SIM1
SIM2
SIM3
SIM4
1
21
22
SIM5
SIM1
SIM2
SIM3
SIM4
1
21
22
SIM5
SIM1
SIM2
SIM3
SIM4
1
21
22
SIM5
SIM1
SIM2
SIM3
SIM4
1
21
22
SIM5
SIM1
SIM2
SIM3
SIM4
1
21
22
SIM5
SIM1
SIM2
SIM3
SIM4
1
21
22
SIM5
SIM1
SIM2
SIM3
SIM4
1
21
22
SIM5
SIM1
SIM2
SIM3
SIM4
1
21
22
SIM5
SIM1
SIM2
SIM3
SIM4
1
21
22
SIM5
SIM1
SIM2
SIM3
SIM4
1
21
22
SIM5
SIM1
SIM2
SIM3
SIM4
1
21
22
SIM5
SIM1
SIM2
SIM3
SIM4
1
21
22
SIM5
SIM1
SIM2
SIM3
SIM4
1
21
22
SIM5
SIM1
SIM2
SIM3
SIM4
1
21
22
SIM5
SIM1
SIM2
SIM3
SIM4
1
21
22
SIM5
SIM1
SIM2
SIM3
SIM4
1
21
22
SIM5
SIM1
SIM2
SIM3
SIM4
1
21
22
SIM5
SIM1
SIM2
SIM3
SIM4
1
21
22
SIM5
SIM1
SIM2
SIM3
SIM4
1
21
22
SIM5
SIM1
SIM2
SIM3
SIM4
1
21
22
SIM5
SIM1
SIM2
SIM3
SIM4
1
21
22
SIM5
SIM1
SIM2
SIM3
SIM4
1
21
22
SIM5
SIM1
SIM2
SIM3
SIM4
1
21
22
SIM5
SIM1
SIM2
SIM3
SIM4
1
21
22
SIM5
SIM1
SIM2
SIM3
SIM4
1
21
22
SIM5
SIM1
SIM2
SIM3
SIM4
1
21
22
SIM5
SIM1
SIM2
SIM3
SIM4
1
21
22
SIM5
SIM1
SIM2
SIM3
SIM4
1
21
22
SIM5
SIM1
SIM2
SIM3
SIM4
1
21
22
SIM5
SIM1
SIM2
SIM3
SIM4
1
21
22
SIM5
SIM1
SIM2
SIM3
SIM4
1
21
22
SIM5
SIM1
SIM2
DEBUG 1 883
SIM1
SIM2
SIM3
SIM4
1
21
22
SIM5
SIM1
SIM2
SIM3
SIM4
1
21
22
SIM5
SIM1
SIM2
SIM3
SIM4
1
21
22
SIM5
SIM1
SIM2
SIM3
SIM4
1
21
22
SIM5
SIM1
SIM2
SIM3
SIM4
1
21
22
SIM5
SIM1
SIM2
SIM3
SIM4
1
21
22
SIM5
SIM1
SIM2
SIM3
SIM4
1
21
22
SIM5
SIM1
SIM2
SIM3
SIM4
1
21
22
SIM5
SIM1
SIM2
SIM3
SIM4
1
21
22
SIM5
SIM1
SIM2
SIM3
SIM4
1
21
22
SIM5
SIM1
SIM2
SIM3
SIM4
1
21
22
SIM5
SIM1
SIM2
SIM3
SIM4
1
21
22
SIM5
SIM1
SIM2
SIM3
SIM4
1
21
22
SIM5
SIM1
SIM2
SIM3
SIM4
1
21
22
SIM5
SIM1
SIM2
SIM3
SIM4
1
21
22
SIM5
SIM1
SIM2
SIM3
SIM4
1
21
22
SIM5
SIM1
SIM2
SIM3
SIM4
1
21
22
SIM5
SIM1
SIM2
SIM3
SIM4
1
21
22
SIM5
SIM1
SIM2
SIM3
SIM4
1
21
22
SIM5
SIM1
SIM2
SIM3
SIM4
1
21
22
SIM5
SIM1
SIM2
SIM3
SIM4
1
21
22
SIM5
SIM1
SIM2
SIM3
SIM4
1
21
22
SIM5
SIM1
SIM2
SIM3
SIM4
1
21
22
SIM5
SIM1
SIM2
SIM3
SIM4
1
21
22
SIM5
SIM1
SIM2
SIM3
SIM4
1
21
22
SIM5
SIM1
SIM2
SIM3
SIM4
1
21
22
SIM5
SIM1
SIM2
SIM3
SIM4
1
21
22
SIM5
SIM1
SIM2
SIM3
SIM4
1
21
22
SIM5
SIM1
SIM2
SIM3
SIM4
1
21
22
SIM5
SIM1
SIM2
SIM3
SIM4
1
21
22
SIM5
SIM1
SIM2
SIM3
SIM4
1
21
22
SIM5
SIM1
SIM2
SIM3
SIM4
1
21
22
SIM5
SIM1
SIM2
SIM3
SIM4
1
21
22
SIM5
SIM1
SIM2
SIM3
SIM4
1
21
22
SIM5
SIM1
SIM2
SIM3
SIM4
1
21
22
SIM5
SIM1
SIM2
SIM3
SIM4
1
21
22
SIM5
SIM1
SIM2
SIM3
SIM4
1
21
22
SIM5
SIM1
SIM2
SIM3
SIM4
1
21
22
SIM5
SIM1
SIM2
SIM3
SIM4
1
21
22
SIM5
SIM1
SIM2
SIM3
SIM4
1
21
22
SIM5
SIM1
SIM2
SIM3
SIM4
1
21
22
SIM5
SIM1
SIM2
SIM3
SIM4
1
21
22
SIM5
SIM1
SIM2
SIM3
SIM4
1
21
22
SIM5
SIM1
SIM2
SIM3
SIM4
1
21
22
SIM5
SIM1
SIM2
SIM3
SIM4
1
21
22
SIM5
SIM1
SIM2
SIM3
SIM4
1
21
22
SIM5
SIM1
SIM2
SIM3
SIM4
1
21
22
SIM5
SIM1
SIM2
SIM3
SIM4
1
21
22
SIM5
SIM1
SIM2
SIM3
SIM4
1
21
22
SIM5
SIM1
SIM2
SIM3
SIM4
1
21
22
SIM5
SIM1
SIM2
SIM3
SIM4
1
21
22
SIM5
SIM1
SIM2
SIM3
SIM4
1
21
22
SIM5
SIM1
SIM2
SIM3
SIM4
1
21
22
SIM5
SIM1
SIM2
SIM3
SIM4
1
21
22
SIM5
SIM1
SIM2
SIM3
SIM4
1
21
22
SIM5
SIM1
SIM2
SIM3
SIM4
1
21
22
SIM5
SIM1
SIM2
SIM3
SIM4
1
21
22
SIM5
SIM1
SIM2
SIM3
SIM4
1
21
22
SIM5
SIM1
SIM2
SIM3
SIM4
1
21
22
SIM5
SIM1
SIM2
SIM3
SIM4
1
21
22
SIM5
SIM1
SIM2
SIM3
SIM4
1
21
22
SIM5
SIM1
SIM2
SIM3
SIM4
1
21
22
SIM5
SIM1
SIM2
SIM3
SIM4
1
21
22
SIM5
SIM1
SIM2
SIM3
SIM4
1
21
22
SIM5
SIM1
SIM2
SIM3
SIM4
1
21
22
SIM5
SIM1
SIM2
SIM3
SIM4
1
21
22
SIM5
SIM1
SIM2
SIM3
SIM4
1
21
22
SIM5
SIM1
SIM2
SIM3
SIM4
1
21
22
SIM5
SIM1
SIM2
SIM3
SIM4
1
21
22
SIM5
SIM1
SIM2
SIM3
SIM4
1
21
22
SIM5
SIM1
SIM2
SIM3
SIM4
1
21
22
SIM5
SIM1
SIM2
SIM3
SIM4
1
21
22
SIM5
SIM1
SIM2
SIM3
SIM4
1
21
22
SIM5
SIM1
SIM2
SIM3
SIM4
1
21
22
SIM5
SIM1
SIM2
SIM3
SIM4
1
21
22
SIM5
SIM1
SIM2
SIM3
SIM4
1
21
22
SIM5
SIM1
SIM2
SIM3
SIM4
1
21
22
SIM5
SIM1
SIM2
SIM3
SIM4
1
21
22
SIM5
SIM1
SIM2
SIM3
SIM4
1
21
22
SIM5
SIM1
SIM2
SIM3
SIM4
1
21
22
SIM5
SIM1
SIM2
SIM3
SIM4
1
21
22
SIM5
SIM1
SIM2
SIM3
SIM4
1
21
22
SIM5
SIM1
SIM2
SIM3
SIM4
1
21
22
SIM5
SIM1
SIM2
SIM3
SIM4
1
21
22
SIM5
SIM1
SIM2
SIM3
SIM4
1
21
22
SIM5
SIM1
SIM2
SIM3
SIM4
1
21
22
SIM5
SIM1
SIM2
SIM3
SIM4
1
21
22
SIM5
SIM1
SIM2
SIM3
SIM4
1
21
22
SIM5
SIM1
SIM2
SIM3
SIM4
1
21
22
SIM5
SIM1
SIM2
SIM3
SIM4
1
21
22
SIM5
SIM1
SIM2
SIM3
SIM4
1
21
22
SIM5
SIM1
SIM2
SIM3
SIM4
1
21
22
SIM5
SIM1
SIM2
SIM3
SIM4
1
21
22
SIM5
SIM1
SIM2
SIM3
SIM4
1
21
22
SIM5
SIM1
SIM2
SIM3
SIM4
1
21
22
SIM5
SIM1
SIM2
SIM3
SIM4
1
21
22
SIM5
SIM1
SIM2
SIM3
SIM4
1
21
22
SIM5
SIM1
SIM2
SIM3
SIM4
1
21
22
SIM5
SIM1
SIM2
SIM3
SIM4
1
21
22
SIM5
SIM1
SIM2
SIM3
SIM4
1
21
22
SIM5
SIM1
SIM2
SIM3
SIM4
1
21
22
SIM5
SIM1
SIM2
SIM3
SIM4
1
21
22
SIM5
SIM1
SIM2
SIM3
SIM4
1
21
22
SIM5
SIM1
SIM2
SIM3
SIM4
1
21
22
SIM5
SIM1
SIM2
SIM3
SIM4
1
21
22
SIM5
SIM1
SIM2
SIM3
SIM4
1
21
22
SIM5
SIM1
SIM2
SIM3
SIM4
1
21
22
SIM5
SIM1
SIM2
SIM3
SIM4
1
21
22
SIM5
SIM1
SIM2
SIM3
SIM4
1
21
22
SIM5
SIM1
SIM2
SIM3
SIM4
1
21
22
SIM5
SIM1
SIM2
SIM3
SIM4
1
21
22
SIM5
SIM1
SIM2
SIM3
SIM4
1
21
22
SIM5
SIM1
SIM2
SIM3
SIM4
1
21
22
SIM5
SIM1
SIM2
SIM3
SIM4
1
21
22
SIM5
SIM1
SIM2
SIM3
SIM4
1
21
22
SIM5
SIM1
SIM2
SIM3
SIM4
1
21
22
SIM5
SIM1
SIM2
SIM3
SIM4
1
21
22
SIM5
SIM1
SIM2
SIM3
SIM4
1
21
22
SIM5
SIM1
SIM2
SIM3
SIM4
1
21
22
SIM5
SIM1
SIM2
SIM3
SIM4
1
21
22
SIM5
SIM1
SIM2
SIM3
SIM4
1
21
22
SIM5
SIM1
SIM2
SIM3
SIM4
1
21
22
SIM5
SIM1
SIM2
SIM3
SIM4
1
21
22
SIM5
SIM1
SIM2
SIM3
SIM4
1
21
22
SIM5
SIM1
SIM2
SIM3
SIM4
1
21
22
SIM5
SIM1
SIM2
SIM3
SIM4
1
21
22
SIM5
SIM1
SIM2
SIM3
SIM4
1
21
22
SIM5
SIM1
SIM2
SIM3
SIM4
1
21
22
SIM5
SIM1
SIM2
SIM3
SIM4
1
21
22
SIM5
SIM1
SIM2
SIM3
SIM4
1
21
22
SIM5
SIM1
SIM2
SIM3
SIM4
1
21
22
SIM5
SIM1
SIM2
SIM3
SIM4
1
21
22
SIM5
SIM1
SIM2
SIM3
SIM4
1
21
22
SIM5
SIM1
SIM2
SIM3
SIM4
1
21
22
SIM5
SIM1
SIM2
SIM3
SIM4
1
21
22
SIM5
SIM1
SIM2
SIM3
SIM4
1
21
22
SIM5
SIM1
SIM2
SIM3
SIM4
1
21
22
SIM5
SIM1
SIM2
SIM3
SIM4
1
21
22
SIM5
SIM1
SIM2
SIM3
SIM4
1
21
22
SIM5
SIM1
SIM2
SIM3
SIM4
1
21
22
SIM5
SIM1
SIM2
SIM3
SIM4
1
21
22
SIM5
SIM1
SIM2
SIM3
SIM4
1
21
22
SIM5
SIM1
SIM2
SIM3
SIM4
1
21
22
SIM5
SIM1
SIM2
SIM3
SIM4
1
21
22
SIM5
SIM1
SIM2
SIM3
SIM4
1
21
22
SIM5
SIM1
SIM2
SIM3
SIM4
1
21
22
SIM5
SIM1
SIM2
SIM3
SIM4
1
21
22
SIM5
SIM1
SIM2
SIM3
SIM4
1
21
22
SIM5
SIM1
SIM2
SIM3
SIM4
1
21
22
SIM5
SIM1
SIM2
SIM3
SIM4
1
21
22
SIM5
SIM1
SIM2
DEBUG 1 884
SIM1
SIM2
SIM3
SIM4
1
21
22
SIM5
SIM1
SIM2
SIM3
SIM4
1
21
22
SIM5
SIM1
SIM2
SIM3
SIM4
1
21
22
SIM5
SIM1
SIM2
SIM3
SIM4
1
21
22
SIM5
SIM1
SIM2
SIM3
SIM4
1
21
22
SIM5
SIM1
SIM2
SIM3
SIM4
1
21
22
SIM5
SIM1
SIM2
SIM3
SIM4
1
21
22
SIM5
SIM1
SIM2
SIM3
SIM4
1
21
22
SIM5
SIM1
SIM2
SIM3
SIM4
1
21
22
SIM5
SIM1
SIM2
SIM3
SIM4
1
21
22
SIM5
SIM1
SIM2
SIM3
SIM4
1
21
22
SIM5
SIM1
SIM2
SIM3
SIM4
1
21
22
SIM5
SIM1
SIM2
SIM3
SIM4
1
21
22
SIM5
SIM1
SIM2
SIM3
SIM4
1
21
22
SIM5
SIM1
SIM2
SIM3
SIM4
1
21
22
SIM5
SIM1
SIM2
SIM3
SIM4
1
21
22
SIM5
SIM1
SIM2
SIM3
SIM4
1
21
22
SIM5
SIM1
SIM2
SIM3
SIM4
1
21
22
SIM5
SIM1
SIM2
SIM3
SIM4
1
21
22
SIM5
SIM1
SIM2
SIM3
SIM4
1
21
22
SIM5
SIM1
SIM2
SIM3
SIM4
1
21
22
SIM5
SIM1
SIM2
SIM3
SIM4
1
21
22
SIM5
SIM1
SIM2
SIM3
SIM4
1
21
22
SIM5
SIM1
SIM2
SIM3
SIM4
1
21
22
SIM5
SIM1
SIM2
SIM3
SIM4
1
21
22
SIM5
SIM1
SIM2
SIM3
SIM4
1
21
22
SIM5
SIM1
SIM2
SIM3
SIM4
1
21
22
SIM5
SIM1
SIM2
SIM3
SIM4
1
21
22
SIM5
SIM1
SIM2
SIM3
SIM4
1
21
22
SIM5
SIM1
SIM2
SIM3
SIM4
1
21
22
SIM5
SIM1
SIM2
SIM3
SIM4
1
21
22
SIM5
SIM1
SIM2
SIM3
SIM4
1
21
22
SIM5
SIM1
SIM2
SIM3
SIM4
1
21
22
SIM5
SIM1
SIM2
SIM3
SIM4
1
21
22
SIM5
SIM1
SIM2
SIM3
SIM4
1
21
22
SIM5
SIM1
SIM2
SIM3
SIM4
1
21
22
SIM5
SIM1
SIM2
SIM3
SIM4
1
21
22
SIM5
SIM1
SIM2
SIM3
SIM4
1
21
22
SIM5
SIM1
SIM2
SIM3
SIM4
1
21
22
SIM5
SIM1
SIM2
SIM3
SIM4
1
21
22
SIM5
SIM1
SIM2
SIM3
SIM4
1
21
22
SIM5
SIM1
SIM2
SIM3
SIM4
1
21
22
SIM5
SIM1
SIM2
SIM3
SIM4
1
21
22
SIM5
SIM1
SIM2
SIM3
SIM4
1
21
22
SIM5
SIM1
SIM2
SIM3
SIM4
1
21
22
SIM5
SIM1
SIM2
SIM3
SIM4
1
21
22
SIM5
SIM1
SIM2
SIM3
SIM4
1
21
22
SIM5
SIM1
SIM2
SIM3
SIM4
1
21
22
SIM5
SIM1
SIM2
SIM3
SIM4
1
21
22
SIM5
SIM1
SIM2
SIM3
SIM4
1
21
22
SIM5
SIM1
SIM2
SIM3
SIM4
1
21
22
SIM5
SIM1
SIM2
SIM3
SIM4
1
21
22
SIM5
SIM1
SIM2
SIM3
SIM4
1
21
22
SIM5
SIM1
SIM2
SIM3
SIM4
1
21
22
SIM5
SIM1
SIM2
SIM3
SIM4
1
21
22
SIM5
SIM1
SIM2
SIM3
SIM4
1
21
22
SIM5
SIM1
SIM2
SIM3
SIM4
1
21
22
SIM5
SIM1
SIM2
SIM3
SIM4
1
21
22
SIM5
SIM1
SIM2
SIM3
SIM4
1
21
22
SIM5
SIM1
SIM2
SIM3
SIM4
1
21
22
SIM5
SIM1
SIM2
SIM3
SIM4
1
21
22
SIM5
SIM1
SIM2
SIM3
SIM4
1
21
22
SIM5
SIM1
SIM2
SIM3
SIM4
1
21
22
SIM5
SIM1
SIM2
SIM3
SIM4
1
21
22
SIM5
SIM1
SIM2
SIM3
SIM4
1
21
22
SIM5
SIM1
SIM2
SIM3
SIM4
1
21
22
SIM5
SIM1
SIM2
SIM3
SIM4
1
21
22
SIM5
SIM1
SIM2
SIM3
SIM4
1
21
22
SIM5
SIM1
SIM2
SIM3
SIM4
1
21
22
SIM5
SIM1
SIM2
SIM3
SIM4
1
21
22
SIM5
SIM1
SIM2
SIM3
SIM4
1
21
22
SIM5
SIM1
SIM2
SIM3
SIM4
1
21
22
SIM5
SIM1
SIM2
SIM3
SIM4
1
21
22
SIM5
SIM1
SIM2
SIM3
SIM4
1
21
22
SIM5
SIM1
SIM2
SIM3
SIM4
1
21
22
SIM5
SIM1
SIM2
SIM3
SIM4
1
21
22
SIM5
SIM1
SIM2
SIM3
SIM4
1
21
22
SIM5
SIM1
SIM2
SIM3
SIM4
1
21
22
SIM5
SIM1
SIM2
SIM3
SIM4
1
21
22
SIM5
SIM1
SIM2
SIM3
SIM4
1
21
22
SIM5
SIM1
SIM2
SIM3
SIM4
1
21
22
SIM5
SIM1
SIM2
SIM3
SIM4
1
21
22
SIM5
SIM1
SIM2
SIM3
SIM4
1
21
22
SIM5
SIM1
SIM2
SIM3
SIM4
1
21
22
SIM5
SIM1
SIM2
SIM3
SIM4
1
21
22
SIM5
SIM1
SIM2
SIM3
SIM4
1
21
22
SIM5
SIM1
SIM2
SIM3
SIM4
1
21
22
SIM5
SIM1
SIM2
SIM3
SIM4
1
21
22
SIM5
SIM1
SIM2
SIM3
SIM4
1
21
22
SIM5
SIM1
SIM2
SIM3
SIM4
1
21
22
SIM5
SIM1
SIM2
SIM3
SIM4
1
21
22
SIM5
SIM1
SIM2
SIM3
SIM4
1
21
22
SIM5
SIM1
SIM2
SIM3
SIM4
1
21
22
SIM5
SIM1
SIM2
SIM3
SIM4
1
21
22
SIM5
SIM1
SIM2
SIM3
SIM4
1
21
22
SIM5
SIM1
SIM2
SIM3
SIM4
1
21
22
SIM5
SIM1
SIM2
SIM3
SIM4
1
21
22
SIM5
SIM1
SIM2
SIM3
SIM4
1
21
22
SIM5
SIM1
SIM2
SIM3
SIM4
1
21
22
SIM5
SIM1
SIM2
SIM3
SIM4
1
21
22
SIM5
SIM1
SIM2
SIM3
SIM4
1
21
22
SIM5
SIM1
SIM2
SIM3
SIM4
1
21
22
SIM5
SIM1
SIM2
SIM3
SIM4
1
21
22
SIM5
SIM1
SIM2
SIM3
SIM4
1
21
22
SIM5
SIM1
SIM2
SIM3
SIM4
1
21
22
SIM5
SIM1
SIM2
SIM3
SIM4
1
21
22
SIM5
SIM1
SIM2
SIM3
SIM4
1
21
22
SIM5
SIM1
SIM2
SIM3
SIM4
1
21
22
SIM5
SIM1
SIM2
SIM3
SIM4
1
21
22
SIM5
SIM1
SIM2
SIM3
SIM4
1
21
22
SIM5
SIM1
SIM2
SIM3
SIM4
1
21
22
SIM5
SIM1
SIM2
SIM3
SIM4
1
21
22
SIM5
SIM1
SIM2
SIM3
SIM4
1
21
22
SIM5
SIM1
SIM2
SIM3
SIM4
1
21
22
SIM5
SIM1
SIM2
SIM3
SIM4
1
21
22
SIM5
SIM1
SIM2
SIM3
SIM4
1
21
22
SIM5
SIM1
SIM2
SIM3
SIM4
1
21
22
SIM5
SIM1
SIM2
SIM3
SIM4
1
21
22
SIM5
SIM1
SIM2
SIM3
SIM4
1
21
22
SIM5
SIM1
SIM2
SIM3
SIM4
1
21
22
SIM5
SIM1
SIM2
SIM3
SIM4
1
21
22
SIM5
SIM1
SIM2
SIM3
SIM4
1
21
22
SIM5
SIM1
SIM2
SIM3
SIM4
1
21
22
SIM5
SIM1
SIM2
SIM3
SIM4
1
21
22
SIM5
SIM1
SIM2
SIM3
SIM4
1
21
22
SIM5
SIM1
SIM2
SIM3
SIM4
1
21
22
SIM5
SIM1
SIM2
SIM3
SIM4
1
21
22
SIM5
SIM1
SIM2
SIM3
SIM4
1
21
22
SIM5
SIM1
SIM2
SIM3
SIM4
1
21
22
SIM5
SIM1
SIM2
SIM3
SIM4
1
21
22
SIM5
SIM1
SIM2
SIM3
SIM4
1
21
22
SIM5
SIM1
SIM2
SIM3
SIM4
1
21
22
SIM5
SIM1
SIM2
SIM3
SIM4
1
21
22
SIM5
SIM1
SIM2
SIM3
SIM4
1
21
22
SIM5
SIM1
SIM2
SIM3
SIM4
1
21
22
SIM5
SIM1
SIM2
SIM3
SIM4
1
21
22
SIM5
SIM1
SIM2
SIM3
SIM4
1
21
22
SIM5
SIM1
SIM2
SIM3
SIM4
1
21
22
SIM5
SIM1
SIM2
SIM3
SIM4
1
21
22
SIM5
SIM1
SIM2
SIM3
SIM4
1
21
22
SIM5
SIM1
SIM2
SIM3
SIM4
1
21
22
SIM5
SIM1
SIM2
SIM3
SIM4
1
21
22
SIM5
SIM1
SIM2
SIM3
SIM4
1
21
22
SIM5
SIM1
SIM2
SIM3
SIM4
1
21
22
SIM5
SIM1
SIM2
SIM3
SIM4
1
21
22
SIM5
SIM1
SIM2
SIM3
SIM4
1
21
22
SIM5
SIM1
SIM2
SIM3
SIM4
1
21
22
SIM5
SIM1
SIM2
SIM3
SIM4
1
21
22
SIM5
SIM1
SIM2
SIM3
SIM4
1
21
22
SIM5
SIM1
SIM2
SIM3
SIM4
1
21
22
SIM5
SIM1
SIM2
SIM3
SIM4
1
21
22
SIM5
SIM1
SIM2
SIM3
SIM4
1
21
22
SIM5
SIM1
SIM2
SIM3
SIM4
1
21
22
SIM5
SIM1
SIM2
SIM3
SIM4
1
21
22
SIM5
SIM1
SIM2
SIM3
SIM4
1
21
22
SIM5
SIM1
SIM2
SIM3
SIM4
1
21
22
SIM5
SIM1
SIM2
SIM3
SIM4
1
21
22
SIM5
SIM1
SIM2
SIM3
SIM4
1
21
22
SIM5
SIM1
SIM2
SIM3
SIM4
1
21
22
SIM5
SIM1
SIM2
SIM3
SIM4
1
21
22
SIM5
SIM1
SIM2
SIM3
SIM4
1
21
22
SIM5
SIM1
SIM2
SIM3
SIM4
1
21
22
SIM5
SIM1
SIM2
SIM3
SIM4
1
21
22
SIM5
SIM1
SIM2
SIM3
SIM4
1
21
22
SIM5
SIM1
SIM2
SIM3
SIM4
1
21
22
SIM5
SIM1
SIM2
SIM3
SIM4
1
21
22
SIM5
SIM1
SIM2
SIM3
SIM4
1
21
22
SIM5
SIM1
SIM2
SIM3
SIM4
1
21
22
SIM5
SIM1
SIM2
SIM3
SIM4
1
21
22
SIM5
SIM1
SIM2
SIM3
SIM4
1
21
22
SIM5
SIM1
SIM2
SIM3
SIM4
1
21
22
SIM5
SIM1
SIM2
SIM3
SIM4
1
21
22
SIM5
SIM1
SIM2
SIM3
SIM4
1
21
22
SIM5
SIM1
SIM2
SIM3
SIM4
1
21
22
SIM5
SIM1
SIM2
SIM3
SIM4
1
21
22
SIM5
SIM1
SIM2
SIM3
SIM4
1
21
22
SIM5
SIM1
SIM2
SIM3
SIM4
1
21
22
SIM5
SIM1
SIM2
SIM3
SIM4
1
21
22
SIM5
SIM1
SIM2
SIM3
SIM4
1
21
22
SIM5
SIM1
SIM2
SIM3
SIM4
1
21
22
SIM5
SIM1
SIM2
SIM3
SIM4
1
21
22
SIM5
SIM1
SIM2
SIM3
SIM4
1
21
22
SIM5
SIM1
SIM2
SIM3
SIM4
1
21
22
SIM5
SIM1
SIM2
SIM3
SIM4
1
21
22
SIM5
SIM1
SIM2
SIM3
SIM4
1
21
22
SIM5
SIM1
SIM2
SIM3
SIM4
1
21
22
SIM5
SIM1
SIM2
SIM3
SIM4
1
21
22
SIM5
SIM1
SIM2
SIM3
SIM4
1
21
22
SIM5
SIM1
SIM2
SIM3
SIM4
1
21
22
SIM5
SIM1
SIM2
SIM3
SIM4
1
21
22
SIM5
SIM1
SIM2
SIM3
SIM4
1
21
22
SIM5
SIM1
SIM2
SIM3
SIM4
1
21
22
SIM5
SIM1
SIM2
SIM3
SIM4
1
21
22
SIM5
SIM1
SIM2
SIM3
SIM4
1
21
22
SIM5
SIM1
SIM2
SIM3
SIM4
1
21
22
SIM5
SIM1
SIM2
SIM3
SIM4
1
21
22
SIM5
SIM1
SIM2
SIM3
SIM4
1
21
22
SIM5
SIM1
SIM2
SIM3
SIM4
1
21
22
SIM5
SIM1
SIM2
SIM3
SIM4
1
21
22
SIM5
SIM1
SIM2
SIM3
SIM4
1
21
22
SIM5
SIM1
SIM2
SIM3
SIM4
1
21
22
SIM5
SIM1
SIM2
SIM3
SIM4
1
21
22
SIM5
SIM1
SIM2
SIM3
SIM4
1
21
22
SIM5
SIM1
SIM2
SIM3
SIM4
1
21
22
SIM5
SIM1
SIM2
SIM3
SIM4
1
21
22
SIM5
SIM1
SIM2
SIM3
SIM4
1
21
22
SIM5
SIM1
SIM2
SIM3
SIM4
1
21
22
SIM5
SIM1
SIM2
SIM3
SIM4
1
21
22
SIM5
SIM1
SIM2
SIM3
SIM4
1
21
22
SIM5
SIM1
SIM2
SIM3
SIM4
1
21
22
SIM5
SIM1
SIM2
SIM3
SIM4
1
21
22
SIM5
SIM1
SIM2
SIM3
SIM4
1
21
22
SIM5
SIM1
SIM2
DEBUG 1 885
SIM1
SIM2
SIM3
SIM4
1
21
22
SIM5
SIM1
SIM2
SIM3
SIM4
1
21
22
SIM5
SIM1
SIM2
SIM3
SIM4
1
21
22
SIM5
SIM1
SIM2
SIM3
SIM4
1
21
22
SIM5
SIM1
SIM2
SIM3
SIM4
1
21
22
SIM5
SIM1
SIM2
SIM3
SIM4
1
21
22
SIM5
SIM1
SIM2
SIM3
SIM4
1
21
22
SIM5
SIM1
SIM2
SIM3
SIM4
1
21
22
SIM5
SIM1
SIM2
SIM3
SIM4
1
21
22
SIM5
SIM1
SIM2
SIM3
SIM4
1
21
22
SIM5
SIM1
SIM2
SIM3
SIM4
1
21
22
SIM5
SIM1
SIM2
SIM3
SIM4
1
21
22
SIM5
SIM1
SIM2
SIM3
SIM4
1
21
22
SIM5
SIM1
SIM2
SIM3
SIM4
1
21
22
SIM5
SIM1
SIM2
SIM3
SIM4
1
21
22
SIM5
SIM1
SIM2
SIM3
SIM4
1
21
22
SIM5
SIM1
SIM2
SIM3
SIM4
1
21
22
SIM5
SIM1
SIM2
SIM3
SIM4
1
21
22
SIM5
SIM1
SIM2
SIM3
SIM4
1
21
22
SIM5
SIM1
SIM2
SIM3
SIM4
1
21
22
SIM5
SIM1
SIM2
SIM3
SIM4
1
21
22
SIM5
SIM1
SIM2
SIM3
SIM4
1
21
22
SIM5
SIM1
SIM2
SIM3
SIM4
1
21
22
SIM5
SIM1
SIM2
SIM3
SIM4
1
21
22
SIM5
SIM1
SIM2
SIM3
SIM4
1
21
22
SIM5
SIM1
SIM2
SIM3
SIM4
1
21
22
SIM5
SIM1
SIM2
SIM3
SIM4
1
21
22
SIM5
SIM1
SIM2
SIM3
SIM4
1
21
22
SIM5
SIM1
SIM2
SIM3
SIM4
1
21
22
SIM5
SIM1
SIM2
SIM3
SIM4
1
21
22
SIM5
SIM1
SIM2
SIM3
SIM4
1
21
22
SIM5
SIM1
SIM2
SIM3
SIM4
1
21
22
SIM5
SIM1
SIM2
SIM3
SIM4
1
21
22
SIM5
SIM1
SIM2
SIM3
SIM4
1
21
22
SIM5
SIM1
SIM2
SIM3
SIM4
1
21
22
SIM5
SIM1
SIM2
SIM3
SIM4
1
21
22
SIM5
SIM1
SIM2
SIM3
SIM4
1
21
22
SIM5
SIM1
SIM2
SIM3
SIM4
1
21
22
SIM5
SIM1
SIM2
SIM3
SIM4
1
21
22
SIM5
SIM1
SIM2
SIM3
SIM4
1
21
22
SIM5
SIM1
SIM2
SIM3
SIM4
1
21
22
SIM5
SIM1
SIM2
SIM3
SIM4
1
21
22
SIM5
SIM1
SIM2
SIM3
SIM4
1
21
22
SIM5
SIM1
SIM2
SIM3
SIM4
1
21
22
SIM5
SIM1
SIM2
SIM3
SIM4
1
21
22
SIM5
SIM1
SIM2
SIM3
SIM4
1
21
22
SIM5
SIM1
SIM2
SIM3
SIM4
1
21
22
SIM5
SIM1
SIM2
SIM3
SIM4
1
21
22
SIM5
SIM1
SIM2
SIM3
SIM4
1
21
22
SIM5
SIM1
SIM2
SIM3
SIM4
1
21
22
SIM5
SIM1
SIM2
SIM3
SIM4
1
21
22
SIM5
SIM1
SIM2
SIM3
SIM4
1
21
22
SIM5
SIM1
SIM2
SIM3
SIM4
1
21
22
SIM5
SIM1
SIM2
SIM3
SIM4
1
21
22
SIM5
SIM1
SIM2
SIM3
SIM4
1
21
22
SIM5
SIM1
SIM2
SIM3
SIM4
1
21
22
SIM5
SIM1
SIM2
SIM3
SIM4
1
21
22
SIM5
SIM1
SIM2
SIM3
SIM4
1
21
22
SIM5
SIM1
SIM2
SIM3
SIM4
1
21
22
SIM5
SIM1
SIM2
SIM3
SIM4
1
21
22
SIM5
SIM1
SIM2
SIM3
SIM4
1
21
22
SIM5
SIM1
SIM2
SIM3
SIM4
1
21
22
SIM5
SIM1
SIM2
SIM3
SIM4
1
21
22
SIM5
SIM1
SIM2
SIM3
SIM4
1
21
22
SIM5
SIM1
SIM2
SIM3
SIM4
1
21
22
SIM5
SIM1
SIM2
SIM3
SIM4
1
21
22
SIM5
SIM1
SIM2
SIM3
SIM4
1
21
22
SIM5
SIM1
SIM2
SIM3
SIM4
1
21
22
SIM5
SIM1
SIM2
SIM3
SIM4
1
21
22
SIM5
SIM1
SIM2
SIM3
SIM4
1
21
22
SIM5
SIM1
SIM2
SIM3
SIM4
1
21
22
SIM5
SIM1
SIM2
SIM3
SIM4
1
21
22
SIM5
SIM1
SIM2
SIM3
SIM4
1
21
22
SIM5
SIM1
SIM2
SIM3
SIM4
1
21
22
SIM5
SIM1
SIM2
SIM3
SIM4
1
21
22
SIM5
SIM1
SIM2
SIM3
SIM4
1
21
22
SIM5
SIM1
SIM2
SIM3
SIM4
1
21
22
SIM5
SIM1
SIM2
SIM3
SIM4
1
21
22
SIM5
SIM1
SIM2
SIM3
SIM4
1
21
22
SIM5
SIM1
SIM2
SIM3
SIM4
1
21
22
SIM5
SIM1
SIM2
SIM3
SIM4
1
21
22
SIM5
SIM1
SIM2
SIM3
SIM4
1
21
22
SIM5
SIM1
SIM2
SIM3
SIM4
1
21
22
SIM5
SIM1
SIM2
SIM3
SIM4
1
21
22
SIM5
SIM1
SIM2
SIM3
SIM4
1
21
22
SIM5
SIM1
SIM2
SIM3
SIM4
1
21
22
SIM5
SIM1
SIM2
SIM3
SIM4
1
21
22
SIM5
SIM1
SIM2
SIM3
SIM4
1
21
22
SIM5
SIM1
SIM2
SIM3
SIM4
1
21
22
SIM5
SIM1
SIM2
SIM3
SIM4
1
21
22
SIM5
SIM1
SIM2
SIM3
SIM4
1
21
22
SIM5
SIM1
SIM2
SIM3
SIM4
1
21
22
SIM5
SIM1
SIM2
SIM3
SIM4
1
21
22
SIM5
SIM1
SIM2
SIM3
SIM4
1
21
22
SIM5
SIM1
SIM2
SIM3
SIM4
1
21
22
SIM5
SIM1
SIM2
SIM3
SIM4
1
21
22
SIM5
SIM1
SIM2
SIM3
SIM4
1
21
22
SIM5
SIM1
SIM2
SIM3
SIM4
1
21
22
SIM5
SIM1
SIM2
SIM3
SIM4
1
21
22
SIM5
SIM1
SIM2
SIM3
SIM4
1
21
22
SIM5
SIM1
SIM2
SIM3
SIM4
1
21
22
SIM5
SIM1
SIM2
SIM3
SIM4
1
21
22
SIM5
SIM1
SIM2
SIM3
SIM4
1
21
22
SIM5
SIM1
SIM2
SIM3
SIM4
1
21
22
SIM5
SIM1
SIM2
SIM3
SIM4
1
21
22
SIM5
SIM1
SIM2
SIM3
SIM4
1
21
22
SIM5
SIM1
SIM2
SIM3
SIM4
1
21
22
SIM5
SIM1
SIM2
SIM3
SIM4
1
21
22
SIM5
SIM1
SIM2
SIM3
SIM4
1
21
22
SIM5
SIM1
SIM2
SIM3
SIM4
1
21
22
SIM5
SIM1
SIM2
SIM3
SIM4
1
21
22
SIM5
SIM1
SIM2
SIM3
SIM4
1
21
22
SIM5
SIM1
SIM2
SIM3
SIM4
1
21
22
SIM5
SIM1
SIM2
SIM3
SIM4
1
21
22
SIM5
SIM1
SIM2
SIM3
SIM4
1
21
22
SIM5
SIM1
SIM2
SIM3
SIM4
1
21
22
SIM5
SIM1
SIM2
SIM3
SIM4
1
21
22
SIM5
SIM1
SIM2
SIM3
SIM4
1
21
22
SIM5
SIM1
SIM2
SIM3
SIM4
1
21
22
SIM5
SIM1
SIM2
SIM3
SIM4
1
21
22
SIM5
SIM1
SIM2
SIM3
SIM4
1
21
22
SIM5
SIM1
SIM2
SIM3
SIM4
1
21
22
SIM5
SIM1
SIM2
SIM3
SIM4
1
21
22
SIM5
SIM1
SIM2
SIM3
SIM4
1
21
22
SIM5
SIM1
SIM2
SIM3
SIM4
1
21
22
SIM5
SIM1
SIM2
SIM3
SIM4
1
21
22
SIM5
SIM1
SIM2
SIM3
SIM4
1
21
22
SIM5
SIM1
SIM2
SIM3
SIM4
1
21
22
SIM5
SIM1
SIM2
SIM3
SIM4
1
21
22
SIM5
SIM1
SIM2
SIM3
SIM4
1
21
22
SIM5
SIM1
SIM2
SIM3
SIM4
1
21
22
SIM5
SIM1
SIM2
SIM3
SIM4
1
21
22
SIM5
SIM1
SIM2
SIM3
SIM4
1
21
22
SIM5
SIM1
SIM2
SIM3
SIM4
1
21
22
SIM5
SIM1
SIM2
SIM3
SIM4
1
21
22
SIM5
SIM1
SIM2
SIM3
SIM4
1
21
22
SIM5
SIM1
SIM2
SIM3
SIM4
1
21
22
SIM5
SIM1
SIM2
SIM3
SIM4
1
21
22
SIM5
SIM1
SIM2
SIM3
SIM4
1
21
22
SIM5
SIM1
SIM2
SIM3
SIM4
1
21
22
SIM5
SIM1
SIM2
SIM3
SIM4
1
21
22
SIM5
SIM1
SIM2
SIM3
SIM4
1
21
22
SIM5
SIM1
SIM2
SIM3
SIM4
1
21
22
SIM5
SIM1
SIM2
SIM3
SIM4
1
21
22
SIM5
SIM1
SIM2
SIM3
SIM4
1
21
22
SIM5
SIM1
SIM2
SIM3
SIM4
1
21
22
SIM5
SIM1
SIM2
SIM3
SIM4
1
21
22
SIM5
SIM1
SIM2
SIM3
SIM4
1
21
22
SIM5
SIM1
SIM2
SIM3
SIM4
1
21
22
SIM5
SIM1
SIM2
SIM3
SIM4
1
21
22
SIM5
SIM1
SIM2
SIM3
SIM4
1
21
22
SIM5
SIM1
SIM2
SIM3
SIM4
1
21
22
SIM5
SIM1
SIM2
SIM3
SIM4
1
21
22
SIM5
SIM1
SIM2
SIM3
SIM4
1
21
22
SIM5
SIM1
SIM2
SIM3
SIM4
1
21
22
SIM5
SIM1
SIM2
SIM3
SIM4
1
21
22
SIM5
SIM1
SIM2
SIM3
SIM4
1
21
22
SIM5
SIM1
SIM2
SIM3
SIM4
1
21
22
SIM5
SIM1
SIM2
SIM3
SIM4
1
21
22
SIM5
SIM1
SIM2
SIM3
SIM4
1
21
22
SIM5
SIM1
SIM2
SIM3
SIM4
1
21
22
SIM5
SIM1
SIM2
SIM3
SIM4
1
21
22
SIM5
SIM1
SIM2
SIM3
SIM4
1
21
22
SIM5
SIM1
SIM2
SIM3
SIM4
1
21
22
SIM5
SIM1
SIM2
SIM3
SIM4
1
21
22
SIM5
SIM1
SIM2
SIM3
SIM4
1
21
22
SIM5
SIM1
SIM2
SIM3
SIM4
1
21
22
SIM5
SIM1
SIM2
SIM3
SIM4
1
21
22
SIM5
SIM1
SIM2
SIM3
SIM4
1
21
22
SIM5
SIM1
SIM2
SIM3
SIM4
1
21
22
SIM5
SIM1
SIM2
SIM3
SIM4
1
21
22
SIM5
SIM1
SIM2
SIM3
SIM4
1
21
22
SIM5
SIM1
SIM2
SIM3
SIM4
1
21
22
SIM5
SIM1
SIM2
SIM3
SIM4
1
21
22
SIM5
SIM1
SIM2
SIM3
SIM4
1
21
22
SIM5
SIM1
SIM2
SIM3
SIM4
1
21
22
SIM5
SIM1
SIM2
SIM3
SIM4
1
21
22
SIM5
SIM1
SIM2
SIM3
SIM4
1
21
22
SIM5
SIM1
SIM2
SIM3
SIM4
1
21
22
SIM5
SIM1
SIM2
SIM3
SIM4
1
21
22
SIM5
SIM1
SIM2
SIM3
SIM4
1
21
22
SIM5
SIM1
SIM2
SIM3
SIM4
1
21
22
SIM5
SIM1
SIM2
SIM3
SIM4
1
21
22
SIM5
SIM1
SIM2
SIM3
SIM4
1
21
22
SIM5
SIM1
SIM2
SIM3
SIM4
1
21
22
SIM5
SIM1
SIM2
SIM3
SIM4
1
21
22
SIM5
SIM1
SIM2
SIM3
SIM4
1
21
22
SIM5
SIM1
SIM2
SIM3
SIM4
1
21
22
SIM5
SIM1
SIM2
SIM3
SIM4
1
21
22
SIM5
SIM1
SIM2
SIM3
SIM4
1
21
22
SIM5
SIM1
SIM2
SIM3
SIM4
1
21
22
SIM5
SIM1
SIM2
SIM3
SIM4
1
21
22
SIM5
SIM1
SIM2
SIM3
SIM4
1
21
22
SIM5
SIM1
SIM2
SIM3
SIM4
1
21
22
SIM5
SIM1
SIM2
SIM3
SIM4
1
21
22
SIM5
SIM1
SIM2
SIM3
SIM4
1
21
22
SIM5
SIM1
SIM2
SIM3
SIM4
1
21
22
SIM5
SIM1
SIM2
SIM3
SIM4
1
21
22
SIM5
SIM1
SIM2
SIM3
SIM4
1
21
22
SIM5
SIM1
SIM2
SIM3
SIM4
1
21
22
SIM5
SIM1
SIM2
SIM3
SIM4
1
21
22
SIM5
SIM1
SIM2
SIM3
SIM4
1
21
22
SIM5
SIM1
SIM2
SIM3
SIM4
1
21
22
SIM5
SIM1
SIM2
SIM3
SIM4
1
21
22
SIM5
SIM1
SIM2
SIM3
SIM4
1
21
22
SIM5
SIM1
SIM2
SIM3
SIM4
1
21
22
SIM5
SIM1
SIM2
SIM3
SIM4
1
21
22
SIM5
SIM1
SIM2
SIM3
SIM4
1
21
22
SIM5
SIM1
SIM2
SIM3
SIM4
1
21
22
SIM5
SIM1
SIM2
SIM3
SIM4
1
21
22
SIM5
SIM1
SIM2
SIM3
SIM4
1
21
22
SIM5
SIM1
SIM2
SIM3
SIM4
1
21
22
SIM5
SIM1
SIM2
SIM3
SIM4
1
21
22
SIM5
SIM1
SIM2
SIM3
SIM4
1
21
22
SIM5
SIM1
SIM2
SIM3
SIM4
1
21
22
SIM5
SIM1
SIM2
SIM3
SIM4
1
21
22
SIM5
SIM1
SIM2
SIM3
SIM4
1
21
22
SIM5
SIM1
SIM2
SIM3
SIM4
1
21
22
SIM5
SIM1
SIM2
SIM3
SIM4
1
21
22
SIM5
SIM1
SIM2
SIM3
SIM4
1
21
22
SIM5
SIM1
SIM2
SIM3
SIM4
1
21
22
SIM5
SIM1
SIM2
SIM3
SIM4
1
21
22
SIM5
SIM1
SIM2
SIM3
SIM4
1
21
22
SIM5
SIM1
SIM2
SIM3
SIM4
1
21
22
SIM5
SIM1
SIM2
SIM3
SIM4
1
21
22
SIM5
SIM1
SIM2
SIM3
SIM4
1
21
22
SIM5
SIM1
SIM2
SIM3
SIM4
1
21
22
SIM5
SIM1
SIM2
SIM3
SIM4
1
21
22
SIM5
SIM1
SIM2
SIM3
SIM4
1
21
22
SIM5
SIM1
SIM2
SIM3
SIM4
1
21
22
SIM5
SIM1
SIM2
SIM3
SIM4
1
21
22
SIM5
SIM1
SIM2
SIM3
SIM4
1
21
22
SIM5
SIM1
SIM2
SIM3
SIM4
1
21
22
SIM5
SIM1
SIM2
SIM3
SIM4
1
21
22
SIM5
SIM1
SIM2
SIM3
SIM4
1
21
22
SIM5
SIM1
SIM2
SIM3
SIM4
1
21
22
SIM5
SIM1
SIM2
SIM3
SIM4
1
21
22
SIM5
SIM1
SIM2
SIM3
SIM4
1
21
22
SIM5
SIM1
SIM2
SIM3
SIM4
1
21
22
SIM5
SIM1
SIM2
SIM3
SIM4
1
21
22
SIM5
SIM1
SIM2
SIM3
SIM4
1
21
22
SIM5
SIM1
SIM2
SIM3
SIM4
1
21
22
SIM5
SIM1
SIM2
SIM3
SIM4
1
21
22
SIM5
SIM1
SIM2
SIM3
SIM4
1
21
22
SIM5
SIM1
SIM2
SIM3
SIM4
1
21
22
SIM5
SIM1
SIM2
SIM3
SIM4
1
21
22
SIM5
SIM1
SIM2
SIM3
SIM4
1
21
22
SIM5
SIM1
SIM2
SIM3
SIM4
1
21
22
SIM5
SIM1
SIM2
SIM3
SIM4
1
21
22
SIM5
SIM1
SIM2
SIM3
SIM4
1
21
22
SIM5
SIM1
SIM2
SIM3
SIM4
1
21
22
SIM5
SIM1
SIM2
SIM3
SIM4
1
21
22
SIM5
SIM1
SIM2
SIM3
SIM4
1
21
22
SIM5
SIM1
SIM2
SIM3
SIM4
1
21
22
SIM5
SIM1
SIM2
SIM3
SIM4
1
21
22
SIM5
SIM1
SIM2
SIM3
SIM4
1
21
22
SIM5
SIM1
SIM2
SIM3
SIM4
1
21
22
SIM5
SIM1
SIM2
SIM3
SIM4
1
21
22
SIM5
SIM1
SIM2
SIM3
SIM4
1
21
22
SIM5
SIM1
SIM2
SIM3
SIM4
1
21
22
SIM5
SIM1
SIM2
SIM3
SIM4
1
21
22
SIM5
SIM1
SIM2
SIM3
SIM4
1
21
22
SIM5
SIM1
SIM2
SIM3
SIM4
1
21
22
SIM5
SIM1
SIM2
SIM3
SIM4
1
21
22
SIM5
SIM1
SIM2
SIM3
SIM4
1
21
22
SIM5
SIM1
SIM2
SIM3
SIM4
1
21
22
SIM5
SIM1
SIM2
SIM3
SIM4
1
21
22
SIM5
SIM1
SIM2
SIM3
SIM4
1
21
22
SIM5
SIM1
SIM2
SIM3
SIM4
1
21
22
SIM5
SIM1
SIM2
SIM3
SIM4
1
21
22
SIM5
SIM1
SIM2
SIM3
SIM4
1
21
22
SIM5
SIM1
SIM2
SIM3
SIM4
1
21
22
SIM5
SIM1
SIM2
SIM3
SIM4
1
21
22
SIM5
SIM1
SIM2
SIM3
SIM4
1
21
22
SIM5
SIM1
SIM2
SIM3
SIM4
1
21
22
SIM5
SIM1
SIM2
SIM3
SIM4
1
21
22
SIM5
SIM1
SIM2
SIM3
SIM4
1
21
22
SIM5
SIM1
SIM2
SIM3
SIM4
1
21
22
SIM5
SIM1
SIM2
SIM3
SIM4
1
21
22
SIM5
SIM1
SIM2
SIM3
SIM4
1
21
22
SIM5
SIM1
SIM2
SIM3
SIM4
1
21
22
SIM5
SIM1
SIM2
SIM3
SIM4
1
21
22
SIM5
SIM1
SIM2
DEBUG 1 886
SIM1
SIM2
SIM3
SIM4
1
21
22
SIM5
SIM1
SIM2
SIM3
SIM4
1
21
22
SIM5
SIM1
SIM2
SIM3
SIM4
1
21
22
SIM5
SIM1
SIM2
SIM3
SIM4
1
21
22
SIM5
SIM1
SIM2
SIM3
SIM4
1
21
22
SIM5
SIM1
SIM2
SIM3
SIM4
1
21
22
SIM5
SIM1
SIM2
SIM3
SIM4
1
21
22
SIM5
SIM1
SIM2
SIM3
SIM4
1
21
22
SIM5
SIM1
SIM2
SIM3
SIM4
1
21
22
SIM5
SIM1
SIM2
SIM3
SIM4
1
21
22
SIM5
SIM1
SIM2
SIM3
SIM4
1
21
22
SIM5
SIM1
SIM2
SIM3
SIM4
1
21
22
SIM5
SIM1
SIM2
SIM3
SIM4
1
21
22
SIM5
SIM1
SIM2
SIM3
SIM4
1
21
22
SIM5
SIM1
SIM2
SIM3
SIM4
1
21
22
SIM5
SIM1
SIM2
SIM3
SIM4
1
21
22
SIM5
SIM1
SIM2
SIM3
SIM4
1
21
22
SIM5
SIM1
SIM2
SIM3
SIM4
1
21
22
SIM5
SIM1
SIM2
SIM3
SIM4
1
21
22
SIM5
SIM1
SIM2
SIM3
SIM4
1
21
22
SIM5
SIM1
SIM2
SIM3
SIM4
1
21
22
SIM5
SIM1
SIM2
SIM3
SIM4
1
21
22
SIM5
SIM1
SIM2
SIM3
SIM4
1
21
22
SIM5
SIM1
SIM2
SIM3
SIM4
1
21
22
SIM5
SIM1
SIM2
SIM3
SIM4
1
21
22
SIM5
SIM1
SIM2
SIM3
SIM4
1
21
22
SIM5
SIM1
SIM2
SIM3
SIM4
1
21
22
SIM5
SIM1
SIM2
SIM3
SIM4
1
21
22
SIM5
SIM1
SIM2
SIM3
SIM4
1
21
22
SIM5
SIM1
SIM2
SIM3
SIM4
1
21
22
SIM5
SIM1
SIM2
SIM3
SIM4
1
21
22
SIM5
SIM1
SIM2
SIM3
SIM4
1
21
22
SIM5
SIM1
SIM2
SIM3
SIM4
1
21
22
SIM5
SIM1
SIM2
SIM3
SIM4
1
21
22
SIM5
SIM1
SIM2
SIM3
SIM4
1
21
22
SIM5
SIM1
SIM2
SIM3
SIM4
1
21
22
SIM5
SIM1
SIM2
SIM3
SIM4
1
21
22
SIM5
SIM1
SIM2
SIM3
SIM4
1
21
22
SIM5
SIM1
SIM2
SIM3
SIM4
1
21
22
SIM5
SIM1
SIM2
SIM3
SIM4
1
21
22
SIM5
SIM1
SIM2
SIM3
SIM4
1
21
22
SIM5
SIM1
SIM2
SIM3
SIM4
1
21
22
SIM5
SIM1
SIM2
SIM3
SIM4
1
21
22
SIM5
SIM1
SIM2
SIM3
SIM4
1
21
22
SIM5
SIM1
SIM2
SIM3
SIM4
1
21
22
SIM5
SIM1
SIM2
SIM3
SIM4
1
21
22
SIM5
SIM1
SIM2
SIM3
SIM4
1
21
22
SIM5
SIM1
SIM2
SIM3
SIM4
1
21
22
SIM5
SIM1
SIM2
SIM3
SIM4
1
21
22
SIM5
SIM1
SIM2
SIM3
SIM4
1
21
22
SIM5
SIM1
SIM2
SIM3
SIM4
1
21
22
SIM5
SIM1
SIM2
SIM3
SIM4
1
21
22
SIM5
SIM1
SIM2
SIM3
SIM4
1
21
22
SIM5
SIM1
SIM2
SIM3
SIM4
1
21
22
SIM5
SIM1
SIM2
SIM3
SIM4
1
21
22
SIM5
SIM1
SIM2
SIM3
SIM4
1
21
22
SIM5
SIM1
SIM2
SIM3
SIM4
1
21
22
SIM5
SIM1
SIM2
SIM3
SIM4
1
21
22
SIM5
SIM1
SIM2
SIM3
SIM4
1
21
22
SIM5
SIM1
SIM2
SIM3
SIM4
1
21
22
SIM5
SIM1
SIM2
SIM3
SIM4
1
21
22
SIM5
SIM1
SIM2
SIM3
SIM4
1
21
22
SIM5
SIM1
SIM2
SIM3
SIM4
1
21
22
SIM5
SIM1
SIM2
SIM3
SIM4
1
21
22
SIM5
SIM1
SIM2
SIM3
SIM4
1
21
22
SIM5
SIM1
SIM2
SIM3
SIM4
1
21
22
SIM5
SIM1
SIM2
SIM3
SIM4
1
21
22
SIM5
SIM1
SIM2
SIM3
SIM4
1
21
22
SIM5
SIM1
SIM2
SIM3
SIM4
1
21
22
SIM5
SIM1
SIM2
SIM3
SIM4
1
21
22
SIM5
SIM1
SIM2
SIM3
SIM4
1
21
22
SIM5
SIM1
SIM2
SIM3
SIM4
1
21
22
SIM5
SIM1
SIM2
SIM3
SIM4
1
21
22
SIM5
SIM1
SIM2
SIM3
SIM4
1
21
22
SIM5
SIM1
SIM2
SIM3
SIM4
1
21
22
SIM5
SIM1
SIM2
SIM3
SIM4
1
21
22
SIM5
SIM1
SIM2
SIM3
SIM4
1
21
22
SIM5
SIM1
SIM2
SIM3
SIM4
1
21
22
SIM5
SIM1
SIM2
SIM3
SIM4
1
21
22
SIM5
SIM1
SIM2
SIM3
SIM4
1
21
22
SIM5
SIM1
SIM2
SIM3
SIM4
1
21
22
SIM5
SIM1
SIM2
SIM3
SIM4
1
21
22
SIM5
SIM1
SIM2
SIM3
SIM4
1
21
22
SIM5
SIM1
SIM2
SIM3
SIM4
1
21
22
SIM5
SIM1
SIM2
SIM3
SIM4
1
21
22
SIM5
SIM1
SIM2
SIM3
SIM4
1
21
22
SIM5
SIM1
SIM2
SIM3
SIM4
1
21
22
SIM5
SIM1
SIM2
SIM3
SIM4
1
21
22
SIM5
SIM1
SIM2
SIM3
SIM4
1
21
22
SIM5
SIM1
SIM2
SIM3
SIM4
1
21
22
SIM5
SIM1
SIM2
SIM3
SIM4
1
21
22
SIM5
SIM1
SIM2
SIM3
SIM4
1
21
22
SIM5
SIM1
SIM2
SIM3
SIM4
1
21
22
SIM5
SIM1
SIM2
SIM3
SIM4
1
21
22
SIM5
SIM1
SIM2
SIM3
SIM4
1
21
22
SIM5
SIM1
SIM2
SIM3
SIM4
1
21
22
SIM5
SIM1
SIM2
SIM3
SIM4
1
21
22
SIM5
SIM1
SIM2
SIM3
SIM4
1
21
22
SIM5
SIM1
SIM2
SIM3
SIM4
1
21
22
SIM5
SIM1
SIM2
SIM3
SIM4
1
21
22
SIM5
SIM1
SIM2
SIM3
SIM4
1
21
22
SIM5
SIM1
SIM2
SIM3
SIM4
1
21
22
SIM5
SIM1
SIM2
SIM3
SIM4
1
21
22
SIM5
SIM1
SIM2
SIM3
SIM4
1
21
22
SIM5
SIM1
SIM2
SIM3
SIM4
1
21
22
SIM5
SIM1
SIM2
SIM3
SIM4
1
21
22
SIM5
SIM1
SIM2
SIM3
SIM4
1
21
22
SIM5
SIM1
SIM2
SIM3
SIM4
1
21
22
SIM5
SIM1
SIM2
SIM3
SIM4
1
21
22
SIM5
SIM1
SIM2
SIM3
SIM4
1
21
22
SIM5
SIM1
SIM2
SIM3
SIM4
1
21
22
SIM5
SIM1
SIM2
SIM3
SIM4
1
21
22
SIM5
SIM1
SIM2
SIM3
SIM4
1
21
22
SIM5
SIM1
SIM2
SIM3
SIM4
1
21
22
SIM5
SIM1
SIM2
SIM3
SIM4
1
21
22
SIM5
SIM1
SIM2
SIM3
SIM4
1
21
22
SIM5
SIM1
SIM2
SIM3
SIM4
1
21
22
SIM5
SIM1
SIM2
SIM3
SIM4
1
21
22
SIM5
SIM1
SIM2
SIM3
SIM4
1
21
22
SIM5
SIM1
SIM2
SIM3
SIM4
1
21
22
SIM5
SIM1
SIM2
SIM3
SIM4
1
21
22
SIM5
SIM1
SIM2
SIM3
SIM4
1
21
22
SIM5
SIM1
SIM2
SIM3
SIM4
1
21
22
SIM5
SIM1
SIM2
SIM3
SIM4
1
21
22
SIM5
SIM1
SIM2
SIM3
SIM4
1
21
22
SIM5
SIM1
SIM2
SIM3
SIM4
1
21
22
SIM5
SIM1
SIM2
SIM3
SIM4
1
21
22
SIM5
SIM1
SIM2
SIM3
SIM4
1
21
22
SIM5
SIM1
SIM2
SIM3
SIM4
1
21
22
SIM5
SIM1
SIM2
SIM3
SIM4
1
21
22
SIM5
SIM1
SIM2
SIM3
SIM4
1
21
22
SIM5
SIM1
SIM2
SIM3
SIM4
1
21
22
SIM5
SIM1
SIM2
SIM3
SIM4
1
21
22
SIM5
SIM1
SIM2
SIM3
SIM4
1
21
22
SIM5
SIM1
SIM2
SIM3
SIM4
1
21
22
SIM5
SIM1
SIM2
SIM3
SIM4
1
21
22
SIM5
SIM1
SIM2
SIM3
SIM4
1
21
22
SIM5
SIM1
SIM2
SIM3
SIM4
1
21
22
SIM5
SIM1
SIM2
SIM3
SIM4
1
21
22
SIM5
SIM1
SIM2
SIM3
SIM4
1
21
22
SIM5
SIM1
SIM2
SIM3
SIM4
1
21
22
SIM5
SIM1
SIM2
SIM3
SIM4
1
21
22
SIM5
SIM1
SIM2
SIM3
SIM4
1
21
22
SIM5
SIM1
SIM2
SIM3
SIM4
1
21
22
SIM5
SIM1
SIM2
SIM3
SIM4
1
21
22
SIM5
SIM1
SIM2
SIM3
SIM4
1
21
22
SIM5
SIM1
SIM2
SIM3
SIM4
1
21
22
SIM5
SIM1
SIM2
SIM3
SIM4
1
21
22
SIM5
SIM1
SIM2
SIM3
SIM4
1
21
22
SIM5
SIM1
SIM2
SIM3
SIM4
1
21
22
SIM5
SIM1
SIM2
SIM3
SIM4
1
21
22
SIM5
SIM1
SIM2
SIM3
SIM4
1
21
22
SIM5
SIM1
SIM2
SIM3
SIM4
1
21
22
SIM5
SIM1
SIM2
SIM3
SIM4
1
21
22
SIM5
SIM1
SIM2
SIM3
SIM4
1
21
22
SIM5
SIM1
SIM2
SIM3
SIM4
1
21
22
SIM5
SIM1
SIM2
SIM3
SIM4
1
21
22
SIM5
SIM1
SIM2
SIM3
SIM4
1
21
22
SIM5
SIM1
SIM2
SIM3
SIM4
1
21
22
SIM5
SIM1
SIM2
SIM3
SIM4
1
21
22
SIM5
SIM1
SIM2
SIM3
SIM4
1
21
22
SIM5
SIM1
SIM2
SIM3
SIM4
1
21
22
SIM5
SIM1
SIM2
SIM3
SIM4
1
21
22
SIM5
SIM1
SIM2
SIM3
SIM4
1
21
22
SIM5
SIM1
SIM2
SIM3
SIM4
1
21
22
SIM5
SIM1
SIM2
SIM3
SIM4
1
21
22
SIM5
SIM1
SIM2
SIM3
SIM4
1
21
22
SIM5
SIM1
SIM2
SIM3
SIM4
1
21
22
SIM5
SIM1
SIM2
SIM3
SIM4
1
21
22
SIM5
SIM1
SIM2
SIM3
SIM4
1
21
22
SIM5
SIM1
SIM2
SIM3
SIM4
1
21
22
SIM5
SIM1
SIM2
SIM3
SIM4
1
21
22
SIM5
SIM1
SIM2
SIM3
SIM4
1
21
22
SIM5
SIM1
SIM2
SIM3
SIM4
1
21
22
SIM5
SIM1
SIM2
SIM3
SIM4
1
21
22
SIM5
SIM1
SIM2
SIM3
SIM4
1
21
22
SIM5
SIM1
SIM2
SIM3
SIM4
1
21
22
SIM5
SIM1
SIM2
SIM3
SIM4
1
21
22
SIM5
SIM1
SIM2
SIM3
SIM4
1
21
22
SIM5
SIM1
SIM2
SIM3
SIM4
1
21
22
SIM5
SIM1
SIM2
SIM3
SIM4
1
21
22
SIM5
SIM1
SIM2
SIM3
SIM4
1
21
22
SIM5
SIM1
SIM2
SIM3
SIM4
1
21
22
SIM5
SIM1
SIM2
SIM3
SIM4
1
21
22
SIM5
SIM1
SIM2
SIM3
SIM4
1
21
22
SIM5
SIM1
SIM2
DEBUG 1 887
SIM1
SIM2
SIM3
SIM4
1
21
22
SIM5
SIM1
SIM2
SIM3
SIM4
1
21
22
SIM5
SIM1
SIM2
SIM3
SIM4
1
21
22
SIM5
SIM1
SIM2
SIM3
SIM4
1
21
22
SIM5
SIM1
SIM2
SIM3
SIM4
1
21
22
SIM5
SIM1
SIM2
SIM3
SIM4
1
21
22
SIM5
SIM1
SIM2
SIM3
SIM4
1
21
22
SIM5
SIM1
SIM2
SIM3
SIM4
1
21
22
SIM5
SIM1
SIM2
SIM3
SIM4
1
21
22
SIM5
SIM1
SIM2
SIM3
SIM4
1
21
22
SIM5
SIM1
SIM2
SIM3
SIM4
1
21
22
SIM5
SIM1
SIM2
SIM3
SIM4
1
21
22
SIM5
SIM1
SIM2
SIM3
SIM4
1
21
22
SIM5
SIM1
SIM2
SIM3
SIM4
1
21
22
SIM5
SIM1
SIM2
SIM3
SIM4
1
21
22
SIM5
SIM1
SIM2
SIM3
SIM4
1
21
22
SIM5
SIM1
SIM2
SIM3
SIM4
1
21
22
SIM5
SIM1
SIM2
SIM3
SIM4
1
21
22
SIM5
SIM1
SIM2
SIM3
SIM4
1
21
22
SIM5
SIM1
SIM2
SIM3
SIM4
1
21
22
SIM5
SIM1
SIM2
SIM3
SIM4
1
21
22
SIM5
SIM1
SIM2
SIM3
SIM4
1
21
22
SIM5
SIM1
SIM2
SIM3
SIM4
1
21
22
SIM5
SIM1
SIM2
SIM3
SIM4
1
21
22
SIM5
SIM1
SIM2
SIM3
SIM4
1
21
22
SIM5
SIM1
SIM2
SIM3
SIM4
1
21
22
SIM5
SIM1
SIM2
SIM3
SIM4
1
21
22
SIM5
SIM1
SIM2
SIM3
SIM4
1
21
22
SIM5
SIM1
SIM2
SIM3
SIM4
1
21
22
SIM5
SIM1
SIM2
SIM3
SIM4
1
21
22
SIM5
SIM1
SIM2
SIM3
SIM4
1
21
22
SIM5
SIM1
SIM2
SIM3
SIM4
1
21
22
SIM5
SIM1
SIM2
SIM3
SIM4
1
21
22
SIM5
SIM1
SIM2
SIM3
SIM4
1
21
22
SIM5
SIM1
SIM2
SIM3
SIM4
1
21
22
SIM5
SIM1
SIM2
SIM3
SIM4
1
21
22
SIM5
SIM1
SIM2
SIM3
SIM4
1
21
22
SIM5
SIM1
SIM2
SIM3
SIM4
1
21
22
SIM5
SIM1
SIM2
SIM3
SIM4
1
21
22
SIM5
SIM1
SIM2
SIM3
SIM4
1
21
22
SIM5
SIM1
SIM2
SIM3
SIM4
1
21
22
SIM5
SIM1
SIM2
SIM3
SIM4
1
21
22
SIM5
SIM1
SIM2
SIM3
SIM4
1
21
22
SIM5
SIM1
SIM2
SIM3
SIM4
1
21
22
SIM5
SIM1
SIM2
SIM3
SIM4
1
21
22
SIM5
SIM1
SIM2
SIM3
SIM4
1
21
22
SIM5
SIM1
SIM2
SIM3
SIM4
1
21
22
SIM5
SIM1
SIM2
SIM3
SIM4
1
21
22
SIM5
SIM1
SIM2
SIM3
SIM4
1
21
22
SIM5
SIM1
SIM2
SIM3
SIM4
1
21
22
SIM5
SIM1
SIM2
SIM3
SIM4
1
21
22
SIM5
SIM1
SIM2
SIM3
SIM4
1
21
22
SIM5
SIM1
SIM2
SIM3
SIM4
1
21
22
SIM5
SIM1
SIM2
SIM3
SIM4
1
21
22
SIM5
SIM1
SIM2
SIM3
SIM4
1
21
22
SIM5
SIM1
SIM2
SIM3
SIM4
1
21
22
SIM5
SIM1
SIM2
SIM3
SIM4
1
21
22
SIM5
SIM1
SIM2
SIM3
SIM4
1
21
22
SIM5
SIM1
SIM2
SIM3
SIM4
1
21
22
SIM5
SIM1
SIM2
SIM3
SIM4
1
21
22
SIM5
SIM1
SIM2
SIM3
SIM4
1
21
22
SIM5
SIM1
SIM2
SIM3
SIM4
1
21
22
SIM5
SIM1
SIM2
SIM3
SIM4
1
21
22
SIM5
SIM1
SIM2
SIM3
SIM4
1
21
22
SIM5
SIM1
SIM2
SIM3
SIM4
1
21
22
SIM5
SIM1
SIM2
SIM3
SIM4
1
21
22
SIM5
SIM1
SIM2
SIM3
SIM4
1
21
22
SIM5
SIM1
SIM2
SIM3
SIM4
1
21
22
SIM5
SIM1
SIM2
SIM3
SIM4
1
21
22
SIM5
SIM1
SIM2
SIM3
SIM4
1
21
22
SIM5
SIM1
SIM2
SIM3
SIM4
1
21
22
SIM5
SIM1
SIM2
SIM3
SIM4
1
21
22
SIM5
SIM1
SIM2
SIM3
SIM4
1
21
22
SIM5
SIM1
SIM2
SIM3
SIM4
1
21
22
SIM5
SIM1
SIM2
SIM3
SIM4
1
21
22
SIM5
SIM1
SIM2
SIM3
SIM4
1
21
22
SIM5
SIM1
SIM2
SIM3
SIM4
1
21
22
SIM5
SIM1
SIM2
SIM3
SIM4
1
21
22
SIM5
SIM1
SIM2
SIM3
SIM4
1
21
22
SIM5
SIM1
SIM2
SIM3
SIM4
1
21
22
SIM5
SIM1
SIM2
SIM3
SIM4
1
21
22
SIM5
SIM1
SIM2
SIM3
SIM4
1
21
22
SIM5
SIM1
SIM2
SIM3
SIM4
1
21
22
SIM5
SIM1
SIM2
SIM3
SIM4
1
21
22
SIM5
SIM1
SIM2
SIM3
SIM4
1
21
22
SIM5
SIM1
SIM2
SIM3
SIM4
1
21
22
SIM5
SIM1
SIM2
SIM3
SIM4
1
21
22
SIM5
SIM1
SIM2
SIM3
SIM4
1
21
22
SIM5
SIM1
SIM2
SIM3
SIM4
1
21
22
SIM5
SIM1
SIM2
SIM3
SIM4
1
21
22
SIM5
SIM1
SIM2
SIM3
SIM4
1
21
22
SIM5
SIM1
SIM2
SIM3
SIM4
1
21
22
SIM5
SIM1
SIM2
SIM3
SIM4
1
21
22
SIM5
SIM1
SIM2
SIM3
SIM4
1
21
22
SIM5
SIM1
SIM2
SIM3
SIM4
1
21
22
SIM5
SIM1
SIM2
SIM3
SIM4
1
21
22
SIM5
SIM1
SIM2
SIM3
SIM4
1
21
22
SIM5
SIM1
SIM2
SIM3
SIM4
1
21
22
SIM5
SIM1
SIM2
SIM3
SIM4
1
21
22
SIM5
SIM1
SIM2
SIM3
SIM4
1
21
22
SIM5
SIM1
SIM2
SIM3
SIM4
1
21
22
SIM5
SIM1
SIM2
SIM3
SIM4
1
21
22
SIM5
SIM1
SIM2
SIM3
SIM4
1
21
22
SIM5
SIM1
SIM2
SIM3
SIM4
1
21
22
SIM5
SIM1
SIM2
SIM3
SIM4
1
21
22
SIM5
SIM1
SIM2
SIM3
SIM4
1
21
22
SIM5
SIM1
SIM2
SIM3
SIM4
1
21
22
SIM5
SIM1
SIM2
SIM3
SIM4
1
21
22
SIM5
SIM1
SIM2
SIM3
SIM4
1
21
22
SIM5
SIM1
SIM2
SIM3
SIM4
1
21
22
SIM5
SIM1
SIM2
SIM3
SIM4
1
21
22
SIM5
SIM1
SIM2
SIM3
SIM4
1
21
22
SIM5
SIM1
SIM2
SIM3
SIM4
1
21
22
SIM5
SIM1
SIM2
SIM3
SIM4
1
21
22
SIM5
SIM1
SIM2
SIM3
SIM4
1
21
22
SIM5
SIM1
SIM2
SIM3
SIM4
1
21
22
SIM5
SIM1
SIM2
SIM3
SIM4
1
21
22
SIM5
SIM1
SIM2
SIM3
SIM4
1
21
22
SIM5
SIM1
SIM2
SIM3
SIM4
1
21
22
SIM5
SIM1
SIM2
SIM3
SIM4
1
21
22
SIM5
SIM1
SIM2
SIM3
SIM4
1
21
22
SIM5
SIM1
SIM2
SIM3
SIM4
1
21
22
SIM5
SIM1
SIM2
SIM3
SIM4
1
21
22
SIM5
SIM1
SIM2
SIM3
SIM4
1
21
22
SIM5
SIM1
SIM2
SIM3
SIM4
1
21
22
SIM5
SIM1
SIM2
SIM3
SIM4
1
21
22
SIM5
SIM1
SIM2
SIM3
SIM4
1
21
22
SIM5
SIM1
SIM2
SIM3
SIM4
1
21
22
SIM5
SIM1
SIM2
SIM3
SIM4
1
21
22
SIM5
SIM1
SIM2
SIM3
SIM4
1
21
22
SIM5
SIM1
SIM2
SIM3
SIM4
1
21
22
SIM5
SIM1
SIM2
SIM3
SIM4
1
21
22
SIM5
SIM1
SIM2
SIM3
SIM4
1
21
22
SIM5
SIM1
SIM2
SIM3
SIM4
1
21
22
SIM5
SIM1
SIM2
SIM3
SIM4
1
21
22
SIM5
SIM1
SIM2
SIM3
SIM4
1
21
22
SIM5
SIM1
SIM2
SIM3
SIM4
1
21
22
SIM5
SIM1
SIM2
SIM3
SIM4
1
21
22
SIM5
SIM1
SIM2
SIM3
SIM4
1
21
22
SIM5
SIM1
SIM2
SIM3
SIM4
1
21
22
SIM5
SIM1
SIM2
SIM3
SIM4
1
21
22
SIM5
SIM1
SIM2
SIM3
SIM4
1
21
22
SIM5
SIM1
SIM2
SIM3
SIM4
1
21
22
SIM5
SIM1
SIM2
SIM3
SIM4
1
21
22
SIM5
SIM1
SIM2
SIM3
SIM4
1
21
22
SIM5
SIM1
SIM2
SIM3
SIM4
1
21
22
SIM5
SIM1
SIM2
SIM3
SIM4
1
21
22
SIM5
SIM1
SIM2
SIM3
SIM4
1
21
22
SIM5
SIM1
SIM2
SIM3
SIM4
1
21
22
SIM5
SIM1
SIM2
SIM3
SIM4
1
21
22
SIM5
SIM1
SIM2
SIM3
SIM4
1
21
22
SIM5
SIM1
SIM2
SIM3
SIM4
1
21
22
SIM5
SIM1
SIM2
SIM3
SIM4
1
21
22
SIM5
SIM1
SIM2
SIM3
SIM4
1
21
22
SIM5
SIM1
SIM2
SIM3
SIM4
1
21
22
SIM5
SIM1
SIM2
SIM3
SIM4
1
21
22
SIM5
SIM1
SIM2
SIM3
SIM4
1
21
22
SIM5
SIM1
SIM2
SIM3
SIM4
1
21
22
SIM5
SIM1
SIM2
SIM3
SIM4
1
21
22
SIM5
SIM1
SIM2
SIM3
SIM4
1
21
22
SIM5
SIM1
SIM2
SIM3
SIM4
1
21
22
SIM5
SIM1
SIM2
SIM3
SIM4
1
21
22
SIM5
SIM1
SIM2
SIM3
SIM4
1
21
22
SIM5
SIM1
SIM2
SIM3
SIM4
1
21
22
SIM5
SIM1
SIM2
SIM3
SIM4
1
21
22
SIM5
SIM1
SIM2
SIM3
SIM4
1
21
22
SIM5
SIM1
SIM2
SIM3
SIM4
1
21
22
SIM5
SIM1
SIM2
SIM3
SIM4
1
21
22
SIM5
SIM1
SIM2
SIM3
SIM4
1
21
22
SIM5
SIM1
SIM2
SIM3
SIM4
1
21
22
SIM5
SIM1
SIM2
SIM3
SIM4
1
21
22
SIM5
SIM1
SIM2
SIM3
SIM4
1
21
22
SIM5
SIM1
SIM2
SIM3
SIM4
1
21
22
SIM5
SIM1
SIM2
SIM3
SIM4
1
21
22
SIM5
SIM1
SIM2
SIM3
SIM4
1
21
22
SIM5
SIM1
SIM2
SIM3
SIM4
1
21
22
SIM5
SIM1
SIM2
SIM3
SIM4
1
21
22
SIM5
SIM1
SIM2
SIM3
SIM4
1
21
22
SIM5
SIM1
SIM2
SIM3
SIM4
1
21
22
SIM5
SIM1
SIM2
SIM3
SIM4
1
21
22
SIM5
SIM1
SIM2
SIM3
SIM4
1
21
22
SIM5
SIM1
SIM2
SIM3
SIM4
1
21
22
SIM5
SIM1
SIM2
SIM3
SIM4
1
21
22
SIM5
SIM1
SIM2
SIM3
SIM4
1
21
22
SIM5
SIM1
SIM2
SIM3
SIM4
1
21
22
SIM5
SIM1
SIM2
SIM3
SIM4
1
21
22
SIM5
SIM1
SIM2
SIM3
SIM4
1
21
22
SIM5
SIM1
SIM2
SIM3
SIM4
1
21
22
SIM5
SIM1
SIM2
SIM3
SIM4
1
21
22
SIM5
SIM1
SIM2
SIM3
SIM4
1
21
22
SIM5
SIM1
SIM2
SIM3
SIM4
1
21
22
SIM5
SIM1
SIM2
SIM3
SIM4
1
21
22
SIM5
SIM1
SIM2
SIM3
SIM4
1
21
22
SIM5
SIM1
SIM2
SIM3
SIM4
1
21
22
SIM5
SIM1
SIM2
SIM3
SIM4
1
21
22
SIM5
SIM1
SIM2
SIM3
SIM4
1
21
22
SIM5
SIM1
SIM2
SIM3
SIM4
1
21
22
SIM5
SIM1
SIM2
SIM3
SIM4
1
21
22
SIM5
SIM1
SIM2
SIM3
SIM4
1
21
22
SIM5
SIM1
SIM2
SIM3
SIM4
1
21
22
SIM5
SIM1
SIM2
SIM3
SIM4
1
21
22
SIM5
SIM1
SIM2
SIM3
SIM4
1
21
22
SIM5
SIM1
SIM2
DEBUG 1 888
SIM1
SIM2
SIM3
SIM4
1
21
22
SIM5
SIM1
SIM2
SIM3
SIM4
1
21
22
SIM5
SIM1
SIM2
SIM3
SIM4
1
21
22
SIM5
SIM1
SIM2
SIM3
SIM4
1
21
22
SIM5
SIM1
SIM2
SIM3
SIM4
1
21
22
SIM5
SIM1
SIM2
SIM3
SIM4
1
21
22
SIM5
SIM1
SIM2
SIM3
SIM4
1
21
22
SIM5
SIM1
SIM2
SIM3
SIM4
1
21
22
SIM5
SIM1
SIM2
SIM3
SIM4
1
21
22
SIM5
SIM1
SIM2
SIM3
SIM4
1
21
22
SIM5
SIM1
SIM2
SIM3
SIM4
1
21
22
SIM5
SIM1
SIM2
SIM3
SIM4
1
21
22
SIM5
SIM1
SIM2
SIM3
SIM4
1
21
22
SIM5
SIM1
SIM2
SIM3
SIM4
1
21
22
SIM5
SIM1
SIM2
SIM3
SIM4
1
21
22
SIM5
SIM1
SIM2
SIM3
SIM4
1
21
22
SIM5
SIM1
SIM2
SIM3
SIM4
1
21
22
SIM5
SIM1
SIM2
SIM3
SIM4
1
21
22
SIM5
SIM1
SIM2
SIM3
SIM4
1
21
22
SIM5
SIM1
SIM2
SIM3
SIM4
1
21
22
SIM5
SIM1
SIM2
SIM3
SIM4
1
21
22
SIM5
SIM1
SIM2
SIM3
SIM4
1
21
22
SIM5
SIM1
SIM2
SIM3
SIM4
1
21
22
SIM5
SIM1
SIM2
SIM3
SIM4
1
21
22
SIM5
SIM1
SIM2
SIM3
SIM4
1
21
22
SIM5
SIM1
SIM2
SIM3
SIM4
1
21
22
SIM5
SIM1
SIM2
SIM3
SIM4
1
21
22
SIM5
SIM1
SIM2
SIM3
SIM4
1
21
22
SIM5
SIM1
SIM2
SIM3
SIM4
1
21
22
SIM5
SIM1
SIM2
SIM3
SIM4
1
21
22
SIM5
SIM1
SIM2
SIM3
SIM4
1
21
22
SIM5
SIM1
SIM2
SIM3
SIM4
1
21
22
SIM5
SIM1
SIM2
SIM3
SIM4
1
21
22
SIM5
SIM1
SIM2
SIM3
SIM4
1
21
22
SIM5
SIM1
SIM2
SIM3
SIM4
1
21
22
SIM5
SIM1
SIM2
SIM3
SIM4
1
21
22
SIM5
SIM1
SIM2
SIM3
SIM4
1
21
22
SIM5
SIM1
SIM2
SIM3
SIM4
1
21
22
SIM5
SIM1
SIM2
SIM3
SIM4
1
21
22
SIM5
SIM1
SIM2
SIM3
SIM4
1
21
22
SIM5
SIM1
SIM2
SIM3
SIM4
1
21
22
SIM5
SIM1
SIM2
SIM3
SIM4
1
21
22
SIM5
SIM1
SIM2
SIM3
SIM4
1
21
22
SIM5
SIM1
SIM2
SIM3
SIM4
1
21
22
SIM5
SIM1
SIM2
SIM3
SIM4
1
21
22
SIM5
SIM1
SIM2
SIM3
SIM4
1
21
22
SIM5
SIM1
SIM2
SIM3
SIM4
1
21
22
SIM5
SIM1
SIM2
SIM3
SIM4
1
21
22
SIM5
SIM1
SIM2
SIM3
SIM4
1
21
22
SIM5
SIM1
SIM2
SIM3
SIM4
1
21
22
SIM5
SIM1
SIM2
SIM3
SIM4
1
21
22
SIM5
SIM1
SIM2
SIM3
SIM4
1
21
22
SIM5
SIM1
SIM2
SIM3
SIM4
1
21
22
SIM5
SIM1
SIM2
SIM3
SIM4
1
21
22
SIM5
SIM1
SIM2
SIM3
SIM4
1
21
22
SIM5
SIM1
SIM2
SIM3
SIM4
1
21
22
SIM5
SIM1
SIM2
SIM3
SIM4
1
21
22
SIM5
SIM1
SIM2
SIM3
SIM4
1
21
22
SIM5
SIM1
SIM2
SIM3
SIM4
1
21
22
SIM5
SIM1
SIM2
SIM3
SIM4
1
21
22
SIM5
SIM1
SIM2
SIM3
SIM4
1
21
22
SIM5
SIM1
SIM2
SIM3
SIM4
1
21
22
SIM5
SIM1
SIM2
SIM3
SIM4
1
21
22
SIM5
SIM1
SIM2
SIM3
SIM4
1
21
22
SIM5
SIM1
SIM2
SIM3
SIM4
1
21
22
SIM5
SIM1
SIM2
SIM3
SIM4
1
21
22
SIM5
SIM1
SIM2
SIM3
SIM4
1
21
22
SIM5
SIM1
SIM2
SIM3
SIM4
1
21
22
SIM5
SIM1
SIM2
SIM3
SIM4
1
21
22
SIM5
SIM1
SIM2
SIM3
SIM4
1
21
22
SIM5
SIM1
SIM2
SIM3
SIM4
1
21
22
SIM5
SIM1
SIM2
SIM3
SIM4
1
21
22
SIM5
SIM1
SIM2
SIM3
SIM4
1
21
22
SIM5
SIM1
SIM2
SIM3
SIM4
1
21
22
SIM5
SIM1
SIM2
SIM3
SIM4
1
21
22
SIM5
SIM1
SIM2
SIM3
SIM4
1
21
22
SIM5
SIM1
SIM2
SIM3
SIM4
1
21
22
SIM5
SIM1
SIM2
SIM3
SIM4
1
21
22
SIM5
SIM1
SIM2
SIM3
SIM4
1
21
22
SIM5
SIM1
SIM2
SIM3
SIM4
1
21
22
SIM5
SIM1
SIM2
SIM3
SIM4
1
21
22
SIM5
SIM1
SIM2
SIM3
SIM4
1
21
22
SIM5
SIM1
SIM2
SIM3
SIM4
1
21
22
SIM5
SIM1
SIM2
SIM3
SIM4
1
21
22
SIM5
SIM1
SIM2
SIM3
SIM4
1
21
22
SIM5
SIM1
SIM2
SIM3
SIM4
1
21
22
SIM5
SIM1
SIM2
SIM3
SIM4
1
21
22
SIM5
SIM1
SIM2
SIM3
SIM4
1
21
22
SIM5
SIM1
SIM2
SIM3
SIM4
1
21
22
SIM5
SIM1
SIM2
SIM3
SIM4
1
21
22
SIM5
SIM1
SIM2
SIM3
SIM4
1
21
22
SIM5
SIM1
SIM2
SIM3
SIM4
1
21
22
SIM5
SIM1
SIM2
SIM3
SIM4
1
21
22
SIM5
SIM1
SIM2
SIM3
SIM4
1
21
22
SIM5
SIM1
SIM2
SIM3
SIM4
1
21
22
SIM5
SIM1
SIM2
SIM3
SIM4
1
21
22
SIM5
SIM1
SIM2
SIM3
SIM4
1
21
22
SIM5
SIM1
SIM2
SIM3
SIM4
1
21
22
SIM5
SIM1
SIM2
SIM3
SIM4
1
21
22
SIM5
SIM1
SIM2
SIM3
SIM4
1
21
22
SIM5
SIM1
SIM2
SIM3
SIM4
1
21
22
SIM5
SIM1
SIM2
SIM3
SIM4
1
21
22
SIM5
SIM1
SIM2
SIM3
SIM4
1
21
22
SIM5
SIM1
SIM2
SIM3
SIM4
1
21
22
SIM5
SIM1
SIM2
SIM3
SIM4
1
21
22
SIM5
SIM1
SIM2
SIM3
SIM4
1
21
22
SIM5
SIM1
SIM2
SIM3
SIM4
1
21
22
SIM5
SIM1
SIM2
SIM3
SIM4
1
21
22
SIM5
SIM1
SIM2
SIM3
SIM4
1
21
22
SIM5
SIM1
SIM2
SIM3
SIM4
1
21
22
SIM5
SIM1
SIM2
SIM3
SIM4
1
21
22
SIM5
SIM1
SIM2
SIM3
SIM4
1
21
22
SIM5
SIM1
SIM2
SIM3
SIM4
1
21
22
SIM5
SIM1
SIM2
SIM3
SIM4
1
21
22
SIM5
SIM1
SIM2
SIM3
SIM4
1
21
22
SIM5
SIM1
SIM2
SIM3
SIM4
1
21
22
SIM5
SIM1
SIM2
SIM3
SIM4
1
21
22
SIM5
SIM1
SIM2
SIM3
SIM4
1
21
22
SIM5
SIM1
SIM2
SIM3
SIM4
1
21
22
SIM5
SIM1
SIM2
SIM3
SIM4
1
21
22
SIM5
SIM1
SIM2
SIM3
SIM4
1
21
22
SIM5
SIM1
SIM2
SIM3
SIM4
1
21
22
SIM5
SIM1
SIM2
SIM3
SIM4
1
21
22
SIM5
SIM1
SIM2
SIM3
SIM4
1
21
22
SIM5
SIM1
SIM2
SIM3
SIM4
1
21
22
SIM5
SIM1
SIM2
SIM3
SIM4
1
21
22
SIM5
SIM1
SIM2
SIM3
SIM4
1
21
22
SIM5
SIM1
SIM2
SIM3
SIM4
1
21
22
SIM5
SIM1
SIM2
SIM3
SIM4
1
21
22
SIM5
SIM1
SIM2
SIM3
SIM4
1
21
22
SIM5
SIM1
SIM2
SIM3
SIM4
1
21
22
SIM5
SIM1
SIM2
SIM3
SIM4
1
21
22
SIM5
SIM1
SIM2
SIM3
SIM4
1
21
22
SIM5
SIM1
SIM2
SIM3
SIM4
1
21
22
SIM5
SIM1
SIM2
SIM3
SIM4
1
21
22
SIM5
SIM1
SIM2
SIM3
SIM4
1
21
22
SIM5
SIM1
SIM2
SIM3
SIM4
1
21
22
SIM5
SIM1
SIM2
SIM3
SIM4
1
21
22
SIM5
SIM1
SIM2
SIM3
SIM4
1
21
22
SIM5
SIM1
SIM2
SIM3
SIM4
1
21
22
SIM5
SIM1
SIM2
SIM3
SIM4
1
21
22
SIM5
SIM1
SIM2
SIM3
SIM4
1
21
22
SIM5
SIM1
SIM2
SIM3
SIM4
1
21
22
SIM5
SIM1
SIM2
SIM3
SIM4
1
21
22
SIM5
SIM1
SIM2
SIM3
SIM4
1
21
22
SIM5
SIM1
SIM2
SIM3
SIM4
1
21
22
SIM5
SIM1
SIM2
SIM3
SIM4
1
21
22
SIM5
SIM1
SIM2
SIM3
SIM4
1
21
22
SIM5
SIM1
SIM2
SIM3
SIM4
1
21
22
SIM5
SIM1
SIM2
SIM3
SIM4
1
21
22
SIM5
SIM1
SIM2
SIM3
SIM4
1
21
22
SIM5
SIM1
SIM2
SIM3
SIM4
1
21
22
SIM5
SIM1
SIM2
SIM3
SIM4
1
21
22
SIM5
SIM1
SIM2
SIM3
SIM4
1
21
22
SIM5
SIM1
SIM2
SIM3
SIM4
1
21
22
SIM5
SIM1
SIM2
SIM3
SIM4
1
21
22
SIM5
SIM1
SIM2
SIM3
SIM4
1
21
22
SIM5
SIM1
SIM2
SIM3
SIM4
1
21
22
SIM5
SIM1
SIM2
SIM3
SIM4
1
21
22
SIM5
SIM1
SIM2
SIM3
SIM4
1
21
22
SIM5
SIM1
SIM2
SIM3
SIM4
1
21
22
SIM5
SIM1
SIM2
SIM3
SIM4
1
21
22
SIM5
SIM1
SIM2
SIM3
SIM4
1
21
22
SIM5
SIM1
SIM2
SIM3
SIM4
1
21
22
SIM5
SIM1
SIM2
SIM3
SIM4
1
21
22
SIM5
SIM1
SIM2
SIM3
SIM4
1
21
22
SIM5
SIM1
SIM2
SIM3
SIM4
1
21
22
SIM5
SIM1
SIM2
SIM3
SIM4
1
21
22
SIM5
SIM1
SIM2
SIM3
SIM4
1
21
22
SIM5
SIM1
SIM2
SIM3
SIM4
1
21
22
SIM5
SIM1
SIM2
SIM3
SIM4
1
21
22
SIM5
SIM1
SIM2
SIM3
SIM4
1
21
22
SIM5
SIM1
SIM2
SIM3
SIM4
1
21
22
SIM5
SIM1
SIM2
SIM3
SIM4
1
21
22
SIM5
SIM1
SIM2
DEBUG 1 889
SIM1
SIM2
SIM3
SIM4
1
21
22
SIM5
SIM1
SIM2
SIM3
SIM4
1
21
22
SIM5
SIM1
SIM2
SIM3
SIM4
1
21
22
SIM5
SIM1
SIM2
SIM3
SIM4
1
21
22
SIM5
SIM1
SIM2
SIM3
SIM4
1
21
22
SIM5
SIM1
SIM2
SIM3
SIM4
1
21
22
SIM5
SIM1
SIM2
SIM3
SIM4
1
21
22
SIM5
SIM1
SIM2
SIM3
SIM4
1
21
22
SIM5
SIM1
SIM2
SIM3
SIM4
1
21
22
SIM5
SIM1
SIM2
SIM3
SIM4
1
21
22
SIM5
SIM1
SIM2
SIM3
SIM4
1
21
22
SIM5
SIM1
SIM2
SIM3
SIM4
1
21
22
SIM5
SIM1
SIM2
SIM3
SIM4
1
21
22
SIM5
SIM1
SIM2
SIM3
SIM4
1
21
22
SIM5
SIM1
SIM2
SIM3
SIM4
1
21
22
SIM5
SIM1
SIM2
SIM3
SIM4
1
21
22
SIM5
SIM1
SIM2
SIM3
SIM4
1
21
22
SIM5
SIM1
SIM2
SIM3
SIM4
1
21
22
SIM5
SIM1
SIM2
SIM3
SIM4
1
21
22
SIM5
SIM1
SIM2
SIM3
SIM4
1
21
22
SIM5
SIM1
SIM2
SIM3
SIM4
1
21
22
SIM5
SIM1
SIM2
SIM3
SIM4
1
21
22
SIM5
SIM1
SIM2
SIM3
SIM4
1
21
22
SIM5
SIM1
SIM2
SIM3
SIM4
1
21
22
SIM5
SIM1
SIM2
SIM3
SIM4
1
21
22
SIM5
SIM1
SIM2
SIM3
SIM4
1
21
22
SIM5
SIM1
SIM2
SIM3
SIM4
1
21
22
SIM5
SIM1
SIM2
SIM3
SIM4
1
21
22
SIM5
SIM1
SIM2
SIM3
SIM4
1
21
22
SIM5
SIM1
SIM2
SIM3
SIM4
1
21
22
SIM5
SIM1
SIM2
SIM3
SIM4
1
21
22
SIM5
SIM1
SIM2
SIM3
SIM4
1
21
22
SIM5
SIM1
SIM2
SIM3
SIM4
1
21
22
SIM5
SIM1
SIM2
SIM3
SIM4
1
21
22
SIM5
SIM1
SIM2
SIM3
SIM4
1
21
22
SIM5
SIM1
SIM2
SIM3
SIM4
1
21
22
SIM5
SIM1
SIM2
SIM3
SIM4
1
21
22
SIM5
SIM1
SIM2
SIM3
SIM4
1
21
22
SIM5
SIM1
SIM2
SIM3
SIM4
1
21
22
SIM5
SIM1
SIM2
SIM3
SIM4
1
21
22
SIM5
SIM1
SIM2
SIM3
SIM4
1
21
22
SIM5
SIM1
SIM2
SIM3
SIM4
1
21
22
SIM5
SIM1
SIM2
SIM3
SIM4
1
21
22
SIM5
SIM1
SIM2
SIM3
SIM4
1
21
22
SIM5
SIM1
SIM2
SIM3
SIM4
1
21
22
SIM5
SIM1
SIM2
SIM3
SIM4
1
21
22
SIM5
SIM1
SIM2
SIM3
SIM4
1
21
22
SIM5
SIM1
SIM2
SIM3
SIM4
1
21
22
SIM5
SIM1
SIM2
SIM3
SIM4
1
21
22
SIM5
SIM1
SIM2
SIM3
SIM4
1
21
22
SIM5
SIM1
SIM2
SIM3
SIM4
1
21
22
SIM5
SIM1
SIM2
SIM3
SIM4
1
21
22
SIM5
SIM1
SIM2
SIM3
SIM4
1
21
22
SIM5
SIM1
SIM2
SIM3
SIM4
1
21
22
SIM5
SIM1
SIM2
SIM3
SIM4
1
21
22
SIM5
SIM1
SIM2
SIM3
SIM4
1
21
22
SIM5
SIM1
SIM2
SIM3
SIM4
1
21
22
SIM5
SIM1
SIM2
SIM3
SIM4
1
21
22
SIM5
SIM1
SIM2
SIM3
SIM4
1
21
22
SIM5
SIM1
SIM2
SIM3
SIM4
1
21
22
SIM5
SIM1
SIM2
SIM3
SIM4
1
21
22
SIM5
SIM1
SIM2
SIM3
SIM4
1
21
22
SIM5
SIM1
SIM2
SIM3
SIM4
1
21
22
SIM5
SIM1
SIM2
SIM3
SIM4
1
21
22
SIM5
SIM1
SIM2
SIM3
SIM4
1
21
22
SIM5
SIM1
SIM2
SIM3
SIM4
1
21
22
SIM5
SIM1
SIM2
SIM3
SIM4
1
21
22
SIM5
SIM1
SIM2
SIM3
SIM4
1
21
22
SIM5
SIM1
SIM2
SIM3
SIM4
1
21
22
SIM5
SIM1
SIM2
SIM3
SIM4
1
21
22
SIM5
SIM1
SIM2
SIM3
SIM4
1
21
22
SIM5
SIM1
SIM2
SIM3
SIM4
1
21
22
SIM5
SIM1
SIM2
SIM3
SIM4
1
21
22
SIM5
SIM1
SIM2
SIM3
SIM4
1
21
22
SIM5
SIM1
SIM2
SIM3
SIM4
1
21
22
SIM5
SIM1
SIM2
SIM3
SIM4
1
21
22
SIM5
SIM1
SIM2
SIM3
SIM4
1
21
22
SIM5
SIM1
SIM2
SIM3
SIM4
1
21
22
SIM5
SIM1
SIM2
SIM3
SIM4
1
21
22
SIM5
SIM1
SIM2
SIM3
SIM4
1
21
22
SIM5
SIM1
SIM2
SIM3
SIM4
1
21
22
SIM5
SIM1
SIM2
SIM3
SIM4
1
21
22
SIM5
SIM1
SIM2
SIM3
SIM4
1
21
22
SIM5
SIM1
SIM2
SIM3
SIM4
1
21
22
SIM5
SIM1
SIM2
SIM3
SIM4
1
21
22
SIM5
SIM1
SIM2
SIM3
SIM4
1
21
22
SIM5
SIM1
SIM2
SIM3
SIM4
1
21
22
SIM5
SIM1
SIM2
SIM3
SIM4
1
21
22
SIM5
SIM1
SIM2
SIM3
SIM4
1
21
22
SIM5
SIM1
SIM2
SIM3
SIM4
1
21
22
SIM5
SIM1
SIM2
SIM3
SIM4
1
21
22
SIM5
SIM1
SIM2
SIM3
SIM4
1
21
22
SIM5
SIM1
SIM2
SIM3
SIM4
1
21
22
SIM5
SIM1
SIM2
SIM3
SIM4
1
21
22
SIM5
SIM1
SIM2
SIM3
SIM4
1
21
22
SIM5
SIM1
SIM2
SIM3
SIM4
1
21
22
SIM5
SIM1
SIM2
SIM3
SIM4
1
21
22
SIM5
SIM1
SIM2
SIM3
SIM4
1
21
22
SIM5
SIM1
SIM2
SIM3
SIM4
1
21
22
SIM5
SIM1
SIM2
SIM3
SIM4
1
21
22
SIM5
SIM1
SIM2
SIM3
SIM4
1
21
22
SIM5
SIM1
SIM2
SIM3
SIM4
1
21
22
SIM5
SIM1
SIM2
SIM3
SIM4
1
21
22
SIM5
SIM1
SIM2
SIM3
SIM4
1
21
22
SIM5
SIM1
SIM2
SIM3
SIM4
1
21
22
SIM5
SIM1
SIM2
SIM3
SIM4
1
21
22
SIM5
SIM1
SIM2
SIM3
SIM4
1
21
22
SIM5
SIM1
SIM2
SIM3
SIM4
1
21
22
SIM5
SIM1
SIM2
SIM3
SIM4
1
21
22
SIM5
SIM1
SIM2
SIM3
SIM4
1
21
22
SIM5
SIM1
SIM2
SIM3
SIM4
1
21
22
SIM5
SIM1
SIM2
SIM3
SIM4
1
21
22
SIM5
SIM1
SIM2
SIM3
SIM4
1
21
22
SIM5
SIM1
SIM2
SIM3
SIM4
1
21
22
SIM5
SIM1
SIM2
SIM3
SIM4
1
21
22
SIM5
SIM1
SIM2
SIM3
SIM4
1
21
22
SIM5
SIM1
SIM2
SIM3
SIM4
1
21
22
SIM5
SIM1
SIM2
SIM3
SIM4
1
21
22
SIM5
SIM1
SIM2
SIM3
SIM4
1
21
22
SIM5
SIM1
SIM2
SIM3
SIM4
1
21
22
SIM5
SIM1
SIM2
SIM3
SIM4
1
21
22
SIM5
SIM1
SIM2
SIM3
SIM4
1
21
22
SIM5
SIM1
SIM2
SIM3
SIM4
1
21
22
SIM5
SIM1
SIM2
SIM3
SIM4
1
21
22
SIM5
SIM1
SIM2
SIM3
SIM4
1
21
22
SIM5
SIM1
SIM2
SIM3
SIM4
1
21
22
SIM5
SIM1
SIM2
SIM3
SIM4
1
21
22
SIM5
SIM1
SIM2
SIM3
SIM4
1
21
22
SIM5
SIM1
SIM2
SIM3
SIM4
1
21
22
SIM5
SIM1
SIM2
SIM3
SIM4
1
21
22
SIM5
SIM1
SIM2
SIM3
SIM4
1
21
22
SIM5
SIM1
SIM2
SIM3
SIM4
1
21
22
SIM5
SIM1
SIM2
SIM3
SIM4
1
21
22
SIM5
SIM1
SIM2
SIM3
SIM4
1
21
22
SIM5
SIM1
SIM2
SIM3
SIM4
1
21
22
SIM5
SIM1
SIM2
SIM3
SIM4
1
21
22
SIM5
SIM1
SIM2
SIM3
SIM4
1
21
22
SIM5
SIM1
SIM2
SIM3
SIM4
1
21
22
SIM5
SIM1
SIM2
SIM3
SIM4
1
21
22
SIM5
SIM1
SIM2
SIM3
SIM4
1
21
22
SIM5
SIM1
SIM2
SIM3
SIM4
1
21
22
SIM5
SIM1
SIM2
SIM3
SIM4
1
21
22
SIM5
SIM1
SIM2
SIM3
SIM4
1
21
22
SIM5
SIM1
SIM2
SIM3
SIM4
1
21
22
SIM5
SIM1
SIM2
SIM3
SIM4
1
21
22
SIM5
SIM1
SIM2
SIM3
SIM4
1
21
22
SIM5
SIM1
SIM2
SIM3
SIM4
1
21
22
SIM5
SIM1
SIM2
SIM3
SIM4
1
21
22
SIM5
SIM1
SIM2
SIM3
SIM4
1
21
22
SIM5
SIM1
SIM2
SIM3
SIM4
1
21
22
SIM5
SIM1
SIM2
SIM3
SIM4
1
21
22
SIM5
SIM1
SIM2
SIM3
SIM4
1
21
22
SIM5
SIM1
SIM2
SIM3
SIM4
1
21
22
SIM5
SIM1
SIM2
SIM3
SIM4
1
21
22
SIM5
SIM1
SIM2
SIM3
SIM4
1
21
22
SIM5
SIM1
SIM2
SIM3
SIM4
1
21
22
SIM5
SIM1
SIM2
SIM3
SIM4
1
21
22
SIM5
SIM1
SIM2
SIM3
SIM4
1
21
22
SIM5
SIM1
SIM2
SIM3
SIM4
1
21
22
SIM5
SIM1
SIM2
SIM3
SIM4
1
21
22
SIM5
SIM1
SIM2
SIM3
SIM4
1
21
22
SIM5
SIM1
SIM2
SIM3
SIM4
1
21
22
SIM5
SIM1
SIM2
SIM3
SIM4
1
21
22
SIM5
SIM1
SIM2
SIM3
SIM4
1
21
22
SIM5
SIM1
SIM2
SIM3
SIM4
1
21
22
SIM5
SIM1
SIM2
SIM3
SIM4
1
21
22
SIM5
SIM1
SIM2
DEBUG 1 890
SIM1
SIM2
SIM3
SIM4
1
21
22
SIM5
SIM1
SIM2
SIM3
SIM4
1
21
22
SIM5
SIM1
SIM2
SIM3
SIM4
1
21
22
SIM5
SIM1
SIM2
SIM3
SIM4
1
21
22
SIM5
SIM1
SIM2
SIM3
SIM4
1
21
22
SIM5
SIM1
SIM2
SIM3
SIM4
1
21
22
SIM5
SIM1
SIM2
SIM3
SIM4
1
21
22
SIM5
SIM1
SIM2
SIM3
SIM4
1
21
22
SIM5
SIM1
SIM2
SIM3
SIM4
1
21
22
SIM5
SIM1
SIM2
SIM3
SIM4
1
21
22
SIM5
SIM1
SIM2
SIM3
SIM4
1
21
22
SIM5
SIM1
SIM2
SIM3
SIM4
1
21
22
SIM5
SIM1
SIM2
SIM3
SIM4
1
21
22
SIM5
SIM1
SIM2
SIM3
SIM4
1
21
22
SIM5
SIM1
SIM2
SIM3
SIM4
1
21
22
SIM5
SIM1
SIM2
SIM3
SIM4
1
21
22
SIM5
SIM1
SIM2
SIM3
SIM4
1
21
22
SIM5
SIM1
SIM2
SIM3
SIM4
1
21
22
SIM5
SIM1
SIM2
SIM3
SIM4
1
21
22
SIM5
SIM1
SIM2
SIM3
SIM4
1
21
22
SIM5
SIM1
SIM2
SIM3
SIM4
1
21
22
SIM5
SIM1
SIM2
SIM3
SIM4
1
21
22
SIM5
SIM1
SIM2
SIM3
SIM4
1
21
22
SIM5
SIM1
SIM2
SIM3
SIM4
1
21
22
SIM5
SIM1
SIM2
SIM3
SIM4
1
21
22
SIM5
SIM1
SIM2
SIM3
SIM4
1
21
22
SIM5
SIM1
SIM2
SIM3
SIM4
1
21
22
SIM5
SIM1
SIM2
SIM3
SIM4
1
21
22
SIM5
SIM1
SIM2
SIM3
SIM4
1
21
22
SIM5
SIM1
SIM2
SIM3
SIM4
1
21
22
SIM5
SIM1
SIM2
SIM3
SIM4
1
21
22
SIM5
SIM1
SIM2
SIM3
SIM4
1
21
22
SIM5
SIM1
SIM2
SIM3
SIM4
1
21
22
SIM5
SIM1
SIM2
SIM3
SIM4
1
21
22
SIM5
SIM1
SIM2
SIM3
SIM4
1
21
22
SIM5
SIM1
SIM2
SIM3
SIM4
1
21
22
SIM5
SIM1
SIM2
SIM3
SIM4
1
21
22
SIM5
SIM1
SIM2
SIM3
SIM4
1
21
22
SIM5
SIM1
SIM2
SIM3
SIM4
1
21
22
SIM5
SIM1
SIM2
SIM3
SIM4
1
21
22
SIM5
SIM1
SIM2
SIM3
SIM4
1
21
22
SIM5
SIM1
SIM2
SIM3
SIM4
1
21
22
SIM5
SIM1
SIM2
SIM3
SIM4
1
21
22
SIM5
SIM1
SIM2
SIM3
SIM4
1
21
22
SIM5
SIM1
SIM2
SIM3
SIM4
1
21
22
SIM5
SIM1
SIM2
SIM3
SIM4
1
21
22
SIM5
SIM1
SIM2
SIM3
SIM4
1
21
22
SIM5
SIM1
SIM2
SIM3
SIM4
1
21
22
SIM5
SIM1
SIM2
SIM3
SIM4
1
21
22
SIM5
SIM1
SIM2
SIM3
SIM4
1
21
22
SIM5
SIM1
SIM2
SIM3
SIM4
1
21
22
SIM5
SIM1
SIM2
SIM3
SIM4
1
21
22
SIM5
SIM1
SIM2
SIM3
SIM4
1
21
22
SIM5
SIM1
SIM2
SIM3
SIM4
1
21
22
SIM5
SIM1
SIM2
SIM3
SIM4
1
21
22
SIM5
SIM1
SIM2
SIM3
SIM4
1
21
22
SIM5
SIM1
SIM2
SIM3
SIM4
1
21
22
SIM5
SIM1
SIM2
SIM3
SIM4
1
21
22
SIM5
SIM1
SIM2
SIM3
SIM4
1
21
22
SIM5
SIM1
SIM2
SIM3
SIM4
1
21
22
SIM5
SIM1
SIM2
SIM3
SIM4
1
21
22
SIM5
SIM1
SIM2
SIM3
SIM4
1
21
22
SIM5
SIM1
SIM2
SIM3
SIM4
1
21
22
SIM5
SIM1
SIM2
SIM3
SIM4
1
21
22
SIM5
SIM1
SIM2
SIM3
SIM4
1
21
22
SIM5
SIM1
SIM2
SIM3
SIM4
1
21
22
SIM5
SIM1
SIM2
SIM3
SIM4
1
21
22
SIM5
SIM1
SIM2
SIM3
SIM4
1
21
22
SIM5
SIM1
SIM2
SIM3
SIM4
1
21
22
SIM5
SIM1
SIM2
SIM3
SIM4
1
21
22
SIM5
SIM1
SIM2
SIM3
SIM4
1
21
22
SIM5
SIM1
SIM2
SIM3
SIM4
1
21
22
SIM5
SIM1
SIM2
SIM3
SIM4
1
21
22
SIM5
SIM1
SIM2
SIM3
SIM4
1
21
22
SIM5
SIM1
SIM2
SIM3
SIM4
1
21
22
SIM5
SIM1
SIM2
SIM3
SIM4
1
21
22
SIM5
SIM1
SIM2
SIM3
SIM4
1
21
22
SIM5
SIM1
SIM2
SIM3
SIM4
1
21
22
SIM5
SIM1
SIM2
SIM3
SIM4
1
21
22
SIM5
SIM1
SIM2
SIM3
SIM4
1
21
22
SIM5
SIM1
SIM2
SIM3
SIM4
1
21
22
SIM5
SIM1
SIM2
SIM3
SIM4
1
21
22
SIM5
SIM1
SIM2
SIM3
SIM4
1
21
22
SIM5
SIM1
SIM2
SIM3
SIM4
1
21
22
SIM5
SIM1
SIM2
SIM3
SIM4
1
21
22
SIM5
SIM1
SIM2
SIM3
SIM4
1
21
22
SIM5
SIM1
SIM2
SIM3
SIM4
1
21
22
SIM5
SIM1
SIM2
SIM3
SIM4
1
21
22
SIM5
SIM1
SIM2
SIM3
SIM4
1
21
22
SIM5
SIM1
SIM2
SIM3
SIM4
1
21
22
SIM5
SIM1
SIM2
SIM3
SIM4
1
21
22
SIM5
SIM1
SIM2
SIM3
SIM4
1
21
22
SIM5
SIM1
SIM2
SIM3
SIM4
1
21
22
SIM5
SIM1
SIM2
SIM3
SIM4
1
21
22
SIM5
SIM1
SIM2
SIM3
SIM4
1
21
22
SIM5
SIM1
SIM2
SIM3
SIM4
1
21
22
SIM5
SIM1
SIM2
SIM3
SIM4
1
21
22
SIM5
SIM1
SIM2
SIM3
SIM4
1
21
22
SIM5
SIM1
SIM2
SIM3
SIM4
1
21
22
SIM5
SIM1
SIM2
SIM3
SIM4
1
21
22
SIM5
SIM1
SIM2
SIM3
SIM4
1
21
22
SIM5
SIM1
SIM2
SIM3
SIM4
1
21
22
SIM5
SIM1
SIM2
SIM3
SIM4
1
21
22
SIM5
SIM1
SIM2
SIM3
SIM4
1
21
22
SIM5
SIM1
SIM2
SIM3
SIM4
1
21
22
SIM5
SIM1
SIM2
SIM3
SIM4
1
21
22
SIM5
SIM1
SIM2
SIM3
SIM4
1
21
22
SIM5
SIM1
SIM2
SIM3
SIM4
1
21
22
SIM5
SIM1
SIM2
SIM3
SIM4
1
21
22
SIM5
SIM1
SIM2
SIM3
SIM4
1
21
22
SIM5
SIM1
SIM2
SIM3
SIM4
1
21
22
SIM5
SIM1
SIM2
DEBUG 1 891
SIM1
SIM2
SIM3
SIM4
1
21
22
SIM5
SIM1
SIM2
SIM3
SIM4
1
21
22
SIM5
SIM1
SIM2
SIM3
SIM4
1
21
22
SIM5
SIM1
SIM2
SIM3
SIM4
1
21
22
SIM5
SIM1
SIM2
SIM3
SIM4
1
21
22
SIM5
SIM1
SIM2
SIM3
SIM4
1
21
22
SIM5
SIM1
SIM2
SIM3
SIM4
1
21
22
SIM5
SIM1
SIM2
SIM3
SIM4
1
21
22
SIM5
SIM1
SIM2
SIM3
SIM4
1
21
22
SIM5
SIM1
SIM2
SIM3
SIM4
1
21
22
SIM5
SIM1
SIM2
SIM3
SIM4
1
21
22
SIM5
SIM1
SIM2
SIM3
SIM4
1
21
22
SIM5
SIM1
SIM2
SIM3
SIM4
1
21
22
SIM5
SIM1
SIM2
SIM3
SIM4
1
21
22
SIM5
SIM1
SIM2
SIM3
SIM4
1
21
22
SIM5
SIM1
SIM2
SIM3
SIM4
1
21
22
SIM5
SIM1
SIM2
SIM3
SIM4
1
21
22
SIM5
SIM1
SIM2
SIM3
SIM4
1
21
22
SIM5
SIM1
SIM2
SIM3
SIM4
1
21
22
SIM5
SIM1
SIM2
SIM3
SIM4
1
21
22
SIM5
SIM1
SIM2
SIM3
SIM4
1
21
22
SIM5
SIM1
SIM2
SIM3
SIM4
1
21
22
SIM5
SIM1
SIM2
SIM3
SIM4
1
21
22
SIM5
SIM1
SIM2
SIM3
SIM4
1
21
22
SIM5
SIM1
SIM2
SIM3
SIM4
1
21
22
SIM5
SIM1
SIM2
SIM3
SIM4
1
21
22
SIM5
SIM1
SIM2
SIM3
SIM4
1
21
22
SIM5
SIM1
SIM2
SIM3
SIM4
1
21
22
SIM5
SIM1
SIM2
SIM3
SIM4
1
21
22
SIM5
SIM1
SIM2
SIM3
SIM4
1
21
22
SIM5
SIM1
SIM2
SIM3
SIM4
1
21
22
SIM5
SIM1
SIM2
SIM3
SIM4
1
21
22
SIM5
SIM1
SIM2
SIM3
SIM4
1
21
22
SIM5
SIM1
SIM2
SIM3
SIM4
1
21
22
SIM5
SIM1
SIM2
SIM3
SIM4
1
21
22
SIM5
SIM1
SIM2
SIM3
SIM4
1
21
22
SIM5
SIM1
SIM2
SIM3
SIM4
1
21
22
SIM5
SIM1
SIM2
SIM3
SIM4
1
21
22
SIM5
SIM1
SIM2
SIM3
SIM4
1
21
22
SIM5
SIM1
SIM2
SIM3
SIM4
1
21
22
SIM5
SIM1
SIM2
SIM3
SIM4
1
21
22
SIM5
SIM1
SIM2
SIM3
SIM4
1
21
22
SIM5
SIM1
SIM2
SIM3
SIM4
1
21
22
SIM5
SIM1
SIM2
SIM3
SIM4
1
21
22
SIM5
SIM1
SIM2
SIM3
SIM4
1
21
22
SIM5
SIM1
SIM2
SIM3
SIM4
1
21
22
SIM5
SIM1
SIM2
SIM3
SIM4
1
21
22
SIM5
SIM1
SIM2
SIM3
SIM4
1
21
22
SIM5
SIM1
SIM2
SIM3
SIM4
1
21
22
SIM5
SIM1
SIM2
SIM3
SIM4
1
21
22
SIM5
SIM1
SIM2
SIM3
SIM4
1
21
22
SIM5
SIM1
SIM2
SIM3
SIM4
1
21
22
SIM5
SIM1
SIM2
SIM3
SIM4
1
21
22
SIM5
SIM1
SIM2
SIM3
SIM4
1
21
22
SIM5
SIM1
SIM2
SIM3
SIM4
1
21
22
SIM5
SIM1
SIM2
SIM3
SIM4
1
21
22
SIM5
SIM1
SIM2
SIM3
SIM4
1
21
22
SIM5
SIM1
SIM2
SIM3
SIM4
1
21
22
SIM5
SIM1
SIM2
SIM3
SIM4
1
21
22
SIM5
SIM1
SIM2
SIM3
SIM4
1
21
22
SIM5
SIM1
SIM2
SIM3
SIM4
1
21
22
SIM5
SIM1
SIM2
SIM3
SIM4
1
21
22
SIM5
SIM1
SIM2
SIM3
SIM4
1
21
22
SIM5
SIM1
SIM2
SIM3
SIM4
1
21
22
SIM5
SIM1
SIM2
SIM3
SIM4
1
21
22
SIM5
SIM1
SIM2
SIM3
SIM4
1
21
22
SIM5
SIM1
SIM2
SIM3
SIM4
1
21
22
SIM5
SIM1
SIM2
SIM3
SIM4
1
21
22
SIM5
SIM1
SIM2
SIM3
SIM4
1
21
22
SIM5
SIM1
SIM2
SIM3
SIM4
1
21
22
SIM5
SIM1
SIM2
SIM3
SIM4
1
21
22
SIM5
SIM1
SIM2
SIM3
SIM4
1
21
22
SIM5
SIM1
SIM2
SIM3
SIM4
1
21
22
SIM5
SIM1
SIM2
SIM3
SIM4
1
21
22
SIM5
SIM1
SIM2
SIM3
SIM4
1
21
22
SIM5
SIM1
SIM2
SIM3
SIM4
1
21
22
SIM5
SIM1
SIM2
SIM3
SIM4
1
21
22
SIM5
SIM1
SIM2
SIM3
SIM4
1
21
22
SIM5
SIM1
SIM2
SIM3
SIM4
1
21
22
SIM5
SIM1
SIM2
SIM3
SIM4
1
21
22
SIM5
SIM1
SIM2
SIM3
SIM4
1
21
22
SIM5
SIM1
SIM2
SIM3
SIM4
1
21
22
SIM5
SIM1
SIM2
SIM3
SIM4
1
21
22
SIM5
SIM1
SIM2
SIM3
SIM4
1
21
22
SIM5
SIM1
SIM2
SIM3
SIM4
1
21
22
SIM5
SIM1
SIM2
SIM3
SIM4
1
21
22
SIM5
SIM1
SIM2
SIM3
SIM4
1
21
22
SIM5
SIM1
SIM2
SIM3
SIM4
1
21
22
SIM5
SIM1
SIM2
SIM3
SIM4
1
21
22
SIM5
SIM1
SIM2
SIM3
SIM4
1
21
22
SIM5
SIM1
SIM2
SIM3
SIM4
1
21
22
SIM5
SIM1
SIM2
SIM3
SIM4
1
21
22
SIM5
SIM1
SIM2
SIM3
SIM4
1
21
22
SIM5
SIM1
SIM2
SIM3
SIM4
1
21
22
SIM5
SIM1
SIM2
SIM3
SIM4
1
21
22
SIM5
SIM1
SIM2
SIM3
SIM4
1
21
22
SIM5
SIM1
SIM2
SIM3
SIM4
1
21
22
SIM5
SIM1
SIM2
SIM3
SIM4
1
21
22
SIM5
SIM1
SIM2
SIM3
SIM4
1
21
22
SIM5
SIM1
SIM2
SIM3
SIM4
1
21
22
SIM5
SIM1
SIM2
SIM3
SIM4
1
21
22
SIM5
SIM1
SIM2
SIM3
SIM4
1
21
22
SIM5
SIM1
SIM2
SIM3
SIM4
1
21
22
SIM5
SIM1
SIM2
SIM3
SIM4
1
21
22
SIM5
SIM1
SIM2
SIM3
SIM4
1
21
22
SIM5
SIM1
SIM2
SIM3
SIM4
1
21
22
SIM5
SIM1
SIM2
SIM3
SIM4
1
21
22
SIM5
SIM1
SIM2
SIM3
SIM4
1
21
22
SIM5
SIM1
SIM2
SIM3
SIM4
1
21
22
SIM5
SIM1
SIM2
SIM3
SIM4
1
21
22
SIM5
SIM1
SIM2
SIM3
SIM4
1
21
22
SIM5
SIM1
SIM2
SIM3
SIM4
1
21
22
SIM5
SIM1
SIM2
SIM3
SIM4
1
21
22
SIM5
SIM1
SIM2
SIM3
SIM4
1
21
22
SIM5
SIM1
SIM2
SIM3
SIM4
1
21
22
SIM5
SIM1
SIM2
SIM3
SIM4
1
21
22
SIM5
SIM1
SIM2
SIM3
SIM4
1
21
22
SIM5
SIM1
SIM2
SIM3
SIM4
1
21
22
SIM5
SIM1
SIM2
SIM3
SIM4
1
21
22
SIM5
SIM1
SIM2
SIM3
SIM4
1
21
22
SIM5
SIM1
SIM2
SIM3
SIM4
1
21
22
SIM5
SIM1
SIM2
SIM3
SIM4
1
21
22
SIM5
SIM1
SIM2
SIM3
SIM4
1
21
22
SIM5
SIM1
SIM2
SIM3
SIM4
1
21
22
SIM5
SIM1
SIM2
SIM3
SIM4
1
21
22
SIM5
SIM1
SIM2
SIM3
SIM4
1
21
22
SIM5
SIM1
SIM2
SIM3
SIM4
1
21
22
SIM5
SIM1
SIM2
SIM3
SIM4
1
21
22
SIM5
SIM1
SIM2
SIM3
SIM4
1
21
22
SIM5
SIM1
SIM2
SIM3
SIM4
1
21
22
SIM5
SIM1
SIM2
SIM3
SIM4
1
21
22
SIM5
SIM1
SIM2
SIM3
SIM4
1
21
22
SIM5
SIM1
SIM2
SIM3
SIM4
1
21
22
SIM5
SIM1
SIM2
SIM3
SIM4
1
21
22
SIM5
SIM1
SIM2
SIM3
SIM4
1
21
22
SIM5
SIM1
SIM2
SIM3
SIM4
1
21
22
SIM5
SIM1
SIM2
SIM3
SIM4
1
21
22
SIM5
SIM1
SIM2
SIM3
SIM4
1
21
22
SIM5
SIM1
SIM2
SIM3
SIM4
1
21
22
SIM5
SIM1
SIM2
DEBUG 1 892
SIM1
SIM2
SIM3
SIM4
1
21
22
SIM5
SIM1
SIM2
SIM3
SIM4
1
21
22
SIM5
SIM1
SIM2
SIM3
SIM4
1
21
22
SIM5
SIM1
SIM2
SIM3
SIM4
1
21
22
SIM5
SIM1
SIM2
SIM3
SIM4
1
21
22
SIM5
SIM1
SIM2
SIM3
SIM4
1
21
22
SIM5
SIM1
SIM2
SIM3
SIM4
1
21
22
SIM5
SIM1
SIM2
SIM3
SIM4
1
21
22
SIM5
SIM1
SIM2
SIM3
SIM4
1
21
22
SIM5
SIM1
SIM2
SIM3
SIM4
1
21
22
SIM5
SIM1
SIM2
SIM3
SIM4
1
21
22
SIM5
SIM1
SIM2
SIM3
SIM4
1
21
22
SIM5
SIM1
SIM2
SIM3
SIM4
1
21
22
SIM5
SIM1
SIM2
SIM3
SIM4
1
21
22
SIM5
SIM1
SIM2
SIM3
SIM4
1
21
22
SIM5
SIM1
SIM2
SIM3
SIM4
1
21
22
SIM5
SIM1
SIM2
SIM3
SIM4
1
21
22
SIM5
SIM1
SIM2
SIM3
SIM4
1
21
22
SIM5
SIM1
SIM2
SIM3
SIM4
1
21
22
SIM5
SIM1
SIM2
SIM3
SIM4
1
21
22
SIM5
SIM1
SIM2
SIM3
SIM4
1
21
22
SIM5
SIM1
SIM2
SIM3
SIM4
1
21
22
SIM5
SIM1
SIM2
SIM3
SIM4
1
21
22
SIM5
SIM1
SIM2
SIM3
SIM4
1
21
22
SIM5
SIM1
SIM2
SIM3
SIM4
1
21
22
SIM5
SIM1
SIM2
SIM3
SIM4
1
21
22
SIM5
SIM1
SIM2
SIM3
SIM4
1
21
22
SIM5
SIM1
SIM2
SIM3
SIM4
1
21
22
SIM5
SIM1
SIM2
SIM3
SIM4
1
21
22
SIM5
SIM1
SIM2
SIM3
SIM4
1
21
22
SIM5
SIM1
SIM2
SIM3
SIM4
1
21
22
SIM5
SIM1
SIM2
SIM3
SIM4
1
21
22
SIM5
SIM1
SIM2
SIM3
SIM4
1
21
22
SIM5
SIM1
SIM2
SIM3
SIM4
1
21
22
SIM5
SIM1
SIM2
SIM3
SIM4
1
21
22
SIM5
SIM1
SIM2
SIM3
SIM4
1
21
22
SIM5
SIM1
SIM2
SIM3
SIM4
1
21
22
SIM5
SIM1
SIM2
SIM3
SIM4
1
21
22
SIM5
SIM1
SIM2
SIM3
SIM4
1
21
22
SIM5
SIM1
SIM2
SIM3
SIM4
1
21
22
SIM5
SIM1
SIM2
SIM3
SIM4
1
21
22
SIM5
SIM1
SIM2
SIM3
SIM4
1
21
22
SIM5
SIM1
SIM2
SIM3
SIM4
1
21
22
SIM5
SIM1
SIM2
SIM3
SIM4
1
21
22
SIM5
SIM1
SIM2
SIM3
SIM4
1
21
22
SIM5
SIM1
SIM2
SIM3
SIM4
1
21
22
SIM5
SIM1
SIM2
SIM3
SIM4
1
21
22
SIM5
SIM1
SIM2
SIM3
SIM4
1
21
22
SIM5
SIM1
SIM2
SIM3
SIM4
1
21
22
SIM5
SIM1
SIM2
SIM3
SIM4
1
21
22
SIM5
SIM1
SIM2
SIM3
SIM4
1
21
22
SIM5
SIM1
SIM2
SIM3
SIM4
1
21
22
SIM5
SIM1
SIM2
SIM3
SIM4
1
21
22
SIM5
SIM1
SIM2
SIM3
SIM4
1
21
22
SIM5
SIM1
SIM2
SIM3
SIM4
1
21
22
SIM5
SIM1
SIM2
SIM3
SIM4
1
21
22
SIM5
SIM1
SIM2
SIM3
SIM4
1
21
22
SIM5
SIM1
SIM2
SIM3
SIM4
1
21
22
SIM5
SIM1
SIM2
SIM3
SIM4
1
21
22
SIM5
SIM1
SIM2
SIM3
SIM4
1
21
22
SIM5
SIM1
SIM2
SIM3
SIM4
1
21
22
SIM5
SIM1
SIM2
SIM3
SIM4
1
21
22
SIM5
SIM1
SIM2
SIM3
SIM4
1
21
22
SIM5
SIM1
SIM2
SIM3
SIM4
1
21
22
SIM5
SIM1
SIM2
SIM3
SIM4
1
21
22
SIM5
SIM1
SIM2
SIM3
SIM4
1
21
22
SIM5
SIM1
SIM2
SIM3
SIM4
1
21
22
SIM5
SIM1
SIM2
SIM3
SIM4
1
21
22
SIM5
SIM1
SIM2
SIM3
SIM4
1
21
22
SIM5
SIM1
SIM2
SIM3
SIM4
1
21
22
SIM5
SIM1
SIM2
SIM3
SIM4
1
21
22
SIM5
SIM1
SIM2
SIM3
SIM4
1
21
22
SIM5
SIM1
SIM2
SIM3
SIM4
1
21
22
SIM5
SIM1
SIM2
SIM3
SIM4
1
21
22
SIM5
SIM1
SIM2
SIM3
SIM4
1
21
22
SIM5
SIM1
SIM2
SIM3
SIM4
1
21
22
SIM5
SIM1
SIM2
SIM3
SIM4
1
21
22
SIM5
SIM1
SIM2
SIM3
SIM4
1
21
22
SIM5
SIM1
SIM2
SIM3
SIM4
1
21
22
SIM5
SIM1
SIM2
SIM3
SIM4
1
21
22
SIM5
SIM1
SIM2
SIM3
SIM4
1
21
22
SIM5
SIM1
SIM2
SIM3
SIM4
1
21
22
SIM5
SIM1
SIM2
SIM3
SIM4
1
21
22
SIM5
SIM1
SIM2
SIM3
SIM4
1
21
22
SIM5
SIM1
SIM2
SIM3
SIM4
1
21
22
SIM5
SIM1
SIM2
SIM3
SIM4
1
21
22
SIM5
SIM1
SIM2
SIM3
SIM4
1
21
22
SIM5
SIM1
SIM2
SIM3
SIM4
1
21
22
SIM5
SIM1
SIM2
SIM3
SIM4
1
21
22
SIM5
SIM1
SIM2
SIM3
SIM4
1
21
22
SIM5
SIM1
SIM2
SIM3
SIM4
1
21
22
SIM5
SIM1
SIM2
SIM3
SIM4
1
21
22
SIM5
SIM1
SIM2
SIM3
SIM4
1
21
22
SIM5
SIM1
SIM2
SIM3
SIM4
1
21
22
SIM5
SIM1
SIM2
SIM3
SIM4
1
21
22
SIM5
SIM1
SIM2
SIM3
SIM4
1
21
22
SIM5
SIM1
SIM2
SIM3
SIM4
1
21
22
SIM5
SIM1
SIM2
SIM3
SIM4
1
21
22
SIM5
SIM1
SIM2
SIM3
SIM4
1
21
22
SIM5
SIM1
SIM2
SIM3
SIM4
1
21
22
SIM5
SIM1
SIM2
SIM3
SIM4
1
21
22
SIM5
SIM1
SIM2
SIM3
SIM4
1
21
22
SIM5
SIM1
SIM2
SIM3
SIM4
1
21
22
SIM5
SIM1
SIM2
SIM3
SIM4
1
21
22
SIM5
SIM1
SIM2
SIM3
SIM4
1
21
22
SIM5
SIM1
SIM2
SIM3
SIM4
1
21
22
SIM5
SIM1
SIM2
SIM3
SIM4
1
21
22
SIM5
SIM1
SIM2
SIM3
SIM4
1
21
22
SIM5
SIM1
SIM2
SIM3
SIM4
1
21
22
SIM5
SIM1
SIM2
SIM3
SIM4
1
21
22
SIM5
SIM1
SIM2
SIM3
SIM4
1
21
22
SIM5
SIM1
SIM2
SIM3
SIM4
1
21
22
SIM5
SIM1
SIM2
SIM3
SIM4
1
21
22
SIM5
SIM1
SIM2
SIM3
SIM4
1
21
22
SIM5
SIM1
SIM2
SIM3
SIM4
1
21
22
SIM5
SIM1
SIM2
SIM3
SIM4
1
21
22
SIM5
SIM1
SIM2
SIM3
SIM4
1
21
22
SIM5
SIM1
SIM2
SIM3
SIM4
1
21
22
SIM5
SIM1
SIM2
SIM3
SIM4
1
21
22
SIM5
SIM1
SIM2
SIM3
SIM4
1
21
22
SIM5
SIM1
SIM2
SIM3
SIM4
1
21
22
SIM5
SIM1
SIM2
SIM3
SIM4
1
21
22
SIM5
SIM1
SIM2
SIM3
SIM4
1
21
22
SIM5
SIM1
SIM2
SIM3
SIM4
1
21
22
SIM5
SIM1
SIM2
SIM3
SIM4
1
21
22
SIM5
SIM1
SIM2
SIM3
SIM4
1
21
22
SIM5
SIM1
SIM2
SIM3
SIM4
1
21
22
SIM5
SIM1
SIM2
SIM3
SIM4
1
21
22
SIM5
SIM1
SIM2
SIM3
SIM4
1
21
22
SIM5
SIM1
SIM2
SIM3
SIM4
1
21
22
SIM5
SIM1
SIM2
SIM3
SIM4
1
21
22
SIM5
SIM1
SIM2
SIM3
SIM4
1
21
22
SIM5
SIM1
SIM2
SIM3
SIM4
1
21
22
SIM5
SIM1
SIM2
SIM3
SIM4
1
21
22
SIM5
SIM1
SIM2
SIM3
SIM4
1
21
22
SIM5
SIM1
SIM2
SIM3
SIM4
1
21
22
SIM5
SIM1
SIM2
SIM3
SIM4
1
21
22
SIM5
SIM1
SIM2
SIM3
SIM4
1
21
22
SIM5
SIM1
SIM2
SIM3
SIM4
1
21
22
SIM5
SIM1
SIM2
SIM3
SIM4
1
21
22
SIM5
SIM1
SIM2
SIM3
SIM4
1
21
22
SIM5
SIM1
SIM2
SIM3
SIM4
1
21
22
SIM5
SIM1
SIM2
SIM3
SIM4
1
21
22
SIM5
SIM1
SIM2
SIM3
SIM4
1
21
22
SIM5
SIM1
SIM2
SIM3
SIM4
1
21
22
SIM5
SIM1
SIM2
SIM3
SIM4
1
21
22
SIM5
SIM1
SIM2
SIM3
SIM4
1
21
22
SIM5
SIM1
SIM2
SIM3
SIM4
1
21
22
SIM5
SIM1
SIM2
SIM3
SIM4
1
21
22
SIM5
SIM1
SIM2
SIM3
SIM4
1
21
22
SIM5
SIM1
SIM2
SIM3
SIM4
1
21
22
SIM5
SIM1
SIM2
SIM3
SIM4
1
21
22
SIM5
SIM1
SIM2
SIM3
SIM4
1
21
22
SIM5
SIM1
SIM2
SIM3
SIM4
1
21
22
SIM5
SIM1
SIM2
SIM3
SIM4
1
21
22
SIM5
SIM1
SIM2
SIM3
SIM4
1
21
22
SIM5
SIM1
SIM2
SIM3
SIM4
1
21
22
SIM5
SIM1
SIM2
SIM3
SIM4
1
21
22
SIM5
SIM1
SIM2
SIM3
SIM4
1
21
22
SIM5
SIM1
SIM2
SIM3
SIM4
1
21
22
SIM5
SIM1
SIM2
SIM3
SIM4
1
21
22
SIM5
SIM1
SIM2
SIM3
SIM4
1
21
22
SIM5
SIM1
SIM2
SIM3
SIM4
1
21
22
SIM5
SIM1
SIM2
SIM3
SIM4
1
21
22
SIM5
SIM1
SIM2
SIM3
SIM4
1
21
22
SIM5
SIM1
SIM2
SIM3
SIM4
1
21
22
SIM5
SIM1
SIM2
SIM3
SIM4
1
21
22
SIM5
SIM1
SIM2
SIM3
SIM4
1
21
22
SIM5
SIM1
SIM2
SIM3
SIM4
1
21
22
SIM5
SIM1
SIM2
SIM3
SIM4
1
21
22
SIM5
SIM1
SIM2
SIM3
SIM4
1
21
22
SIM5
SIM1
SIM2
SIM3
SIM4
1
21
22
SIM5
SIM1
SIM2
SIM3
SIM4
1
21
22
SIM5
SIM1
SIM2
SIM3
SIM4
1
21
22
SIM5
SIM1
SIM2
SIM3
SIM4
1
21
22
SIM5
SIM1
SIM2
SIM3
SIM4
1
21
22
SIM5
SIM1
SIM2
SIM3
SIM4
1
21
22
SIM5
SIM1
SIM2
SIM3
SIM4
1
21
22
SIM5
SIM1
SIM2
SIM3
SIM4
1
21
22
SIM5
SIM1
SIM2
SIM3
SIM4
1
21
22
SIM5
SIM1
SIM2
SIM3
SIM4
1
21
22
SIM5
SIM1
SIM2
SIM3
SIM4
1
21
22
SIM5
SIM1
SIM2
SIM3
SIM4
1
21
22
SIM5
SIM1
SIM2
SIM3
SIM4
1
21
22
SIM5
SIM1
SIM2
SIM3
SIM4
1
21
22
SIM5
SIM1
SIM2
SIM3
SIM4
1
21
22
SIM5
SIM1
SIM2
SIM3
SIM4
1
21
22
SIM5
SIM1
SIM2
SIM3
SIM4
1
21
22
SIM5
SIM1
SIM2
SIM3
SIM4
1
21
22
SIM5
SIM1
SIM2
SIM3
SIM4
1
21
22
SIM5
SIM1
SIM2
SIM3
SIM4
1
21
22
SIM5
SIM1
SIM2
SIM3
SIM4
1
21
22
SIM5
SIM1
SIM2
SIM3
SIM4
1
21
22
SIM5
SIM1
SIM2
SIM3
SIM4
1
21
22
SIM5
SIM1
SIM2
SIM3
SIM4
1
21
22
SIM5
SIM1
SIM2
SIM3
SIM4
1
21
22
SIM5
SIM1
SIM2
SIM3
SIM4
1
21
22
SIM5
SIM1
SIM2
SIM3
SIM4
1
21
22
SIM5
SIM1
SIM2
SIM3
SIM4
1
21
22
SIM5
SIM1
SIM2
SIM3
SIM4
1
21
22
SIM5
SIM1
SIM2
SIM3
SIM4
1
21
22
SIM5
SIM1
SIM2
DEBUG 1 893
SIM1
SIM2
SIM3
SIM4
1
21
22
SIM5
SIM1
SIM2
SIM3
SIM4
1
21
22
SIM5
SIM1
SIM2
SIM3
SIM4
1
21
22
SIM5
SIM1
SIM2
SIM3
SIM4
1
21
22
SIM5
SIM1
SIM2
SIM3
SIM4
1
21
22
SIM5
SIM1
SIM2
SIM3
SIM4
1
21
22
SIM5
SIM1
SIM2
SIM3
SIM4
1
21
22
SIM5
SIM1
SIM2
SIM3
SIM4
1
21
22
SIM5
SIM1
SIM2
SIM3
SIM4
1
21
22
SIM5
SIM1
SIM2
SIM3
SIM4
1
21
22
SIM5
SIM1
SIM2
SIM3
SIM4
1
21
22
SIM5
SIM1
SIM2
SIM3
SIM4
1
21
22
SIM5
SIM1
SIM2
SIM3
SIM4
1
21
22
SIM5
SIM1
SIM2
SIM3
SIM4
1
21
22
SIM5
SIM1
SIM2
SIM3
SIM4
1
21
22
SIM5
SIM1
SIM2
SIM3
SIM4
1
21
22
SIM5
SIM1
SIM2
SIM3
SIM4
1
21
22
SIM5
SIM1
SIM2
SIM3
SIM4
1
21
22
SIM5
SIM1
SIM2
SIM3
SIM4
1
21
22
SIM5
SIM1
SIM2
SIM3
SIM4
1
21
22
SIM5
SIM1
SIM2
SIM3
SIM4
1
21
22
SIM5
SIM1
SIM2
SIM3
SIM4
1
21
22
SIM5
SIM1
SIM2
SIM3
SIM4
1
21
22
SIM5
SIM1
SIM2
SIM3
SIM4
1
21
22
SIM5
SIM1
SIM2
SIM3
SIM4
1
21
22
SIM5
SIM1
SIM2
SIM3
SIM4
1
21
22
SIM5
SIM1
SIM2
SIM3
SIM4
1
21
22
SIM5
SIM1
SIM2
SIM3
SIM4
1
21
22
SIM5
SIM1
SIM2
SIM3
SIM4
1
21
22
SIM5
SIM1
SIM2
SIM3
SIM4
1
21
22
SIM5
SIM1
SIM2
SIM3
SIM4
1
21
22
SIM5
SIM1
SIM2
SIM3
SIM4
1
21
22
SIM5
SIM1
SIM2
SIM3
SIM4
1
21
22
SIM5
SIM1
SIM2
SIM3
SIM4
1
21
22
SIM5
SIM1
SIM2
SIM3
SIM4
1
21
22
SIM5
SIM1
SIM2
SIM3
SIM4
1
21
22
SIM5
SIM1
SIM2
SIM3
SIM4
1
21
22
SIM5
SIM1
SIM2
SIM3
SIM4
1
21
22
SIM5
SIM1
SIM2
SIM3
SIM4
1
21
22
SIM5
SIM1
SIM2
SIM3
SIM4
1
21
22
SIM5
SIM1
SIM2
SIM3
SIM4
1
21
22
SIM5
SIM1
SIM2
SIM3
SIM4
1
21
22
SIM5
SIM1
SIM2
SIM3
SIM4
1
21
22
SIM5
SIM1
SIM2
SIM3
SIM4
1
21
22
SIM5
SIM1
SIM2
SIM3
SIM4
1
21
22
SIM5
SIM1
SIM2
SIM3
SIM4
1
21
22
SIM5
SIM1
SIM2
SIM3
SIM4
1
21
22
SIM5
SIM1
SIM2
SIM3
SIM4
1
21
22
SIM5
SIM1
SIM2
SIM3
SIM4
1
21
22
SIM5
SIM1
SIM2
SIM3
SIM4
1
21
22
SIM5
SIM1
SIM2
SIM3
SIM4
1
21
22
SIM5
SIM1
SIM2
SIM3
SIM4
1
21
22
SIM5
SIM1
SIM2
SIM3
SIM4
1
21
22
SIM5
SIM1
SIM2
SIM3
SIM4
1
21
22
SIM5
SIM1
SIM2
SIM3
SIM4
1
21
22
SIM5
SIM1
SIM2
SIM3
SIM4
1
21
22
SIM5
SIM1
SIM2
SIM3
SIM4
1
21
22
SIM5
SIM1
SIM2
SIM3
SIM4
1
21
22
SIM5
SIM1
SIM2
SIM3
SIM4
1
21
22
SIM5
SIM1
SIM2
SIM3
SIM4
1
21
22
SIM5
SIM1
SIM2
SIM3
SIM4
1
21
22
SIM5
SIM1
SIM2
SIM3
SIM4
1
21
22
SIM5
SIM1
SIM2
SIM3
SIM4
1
21
22
SIM5
SIM1
SIM2
SIM3
SIM4
1
21
22
SIM5
SIM1
SIM2
SIM3
SIM4
1
21
22
SIM5
SIM1
SIM2
SIM3
SIM4
1
21
22
SIM5
SIM1
SIM2
SIM3
SIM4
1
21
22
SIM5
SIM1
SIM2
SIM3
SIM4
1
21
22
SIM5
SIM1
SIM2
SIM3
SIM4
1
21
22
SIM5
SIM1
SIM2
SIM3
SIM4
1
21
22
SIM5
SIM1
SIM2
SIM3
SIM4
1
21
22
SIM5
SIM1
SIM2
SIM3
SIM4
1
21
22
SIM5
SIM1
SIM2
SIM3
SIM4
1
21
22
SIM5
SIM1
SIM2
SIM3
SIM4
1
21
22
SIM5
SIM1
SIM2
SIM3
SIM4
1
21
22
SIM5
SIM1
SIM2
SIM3
SIM4
1
21
22
SIM5
SIM1
SIM2
SIM3
SIM4
1
21
22
SIM5
SIM1
SIM2
SIM3
SIM4
1
21
22
SIM5
SIM1
SIM2
SIM3
SIM4
1
21
22
SIM5
SIM1
SIM2
SIM3
SIM4
1
21
22
SIM5
SIM1
SIM2
SIM3
SIM4
1
21
22
SIM5
SIM1
SIM2
SIM3
SIM4
1
21
22
SIM5
SIM1
SIM2
SIM3
SIM4
1
21
22
SIM5
SIM1
SIM2
SIM3
SIM4
1
21
22
SIM5
SIM1
SIM2
SIM3
SIM4
1
21
22
SIM5
SIM1
SIM2
SIM3
SIM4
1
21
22
SIM5
SIM1
SIM2
SIM3
SIM4
1
21
22
SIM5
SIM1
SIM2
SIM3
SIM4
1
21
22
SIM5
SIM1
SIM2
SIM3
SIM4
1
21
22
SIM5
SIM1
SIM2
SIM3
SIM4
1
21
22
SIM5
SIM1
SIM2
SIM3
SIM4
1
21
22
SIM5
SIM1
SIM2
SIM3
SIM4
1
21
22
SIM5
SIM1
SIM2
SIM3
SIM4
1
21
22
SIM5
SIM1
SIM2
SIM3
SIM4
1
21
22
SIM5
SIM1
SIM2
SIM3
SIM4
1
21
22
SIM5
SIM1
SIM2
SIM3
SIM4
1
21
22
SIM5
SIM1
SIM2
SIM3
SIM4
1
21
22
SIM5
SIM1
SIM2
SIM3
SIM4
1
21
22
SIM5
SIM1
SIM2
SIM3
SIM4
1
21
22
SIM5
SIM1
SIM2
SIM3
SIM4
1
21
22
SIM5
SIM1
SIM2
SIM3
SIM4
1
21
22
SIM5
SIM1
SIM2
SIM3
SIM4
1
21
22
SIM5
SIM1
SIM2
SIM3
SIM4
1
21
22
SIM5
SIM1
SIM2
SIM3
SIM4
1
21
22
SIM5
SIM1
SIM2
SIM3
SIM4
1
21
22
SIM5
SIM1
SIM2
SIM3
SIM4
1
21
22
SIM5
SIM1
SIM2
SIM3
SIM4
1
21
22
SIM5
SIM1
SIM2
SIM3
SIM4
1
21
22
SIM5
SIM1
SIM2
SIM3
SIM4
1
21
22
SIM5
SIM1
SIM2
SIM3
SIM4
1
21
22
SIM5
SIM1
SIM2
SIM3
SIM4
1
21
22
SIM5
SIM1
SIM2
SIM3
SIM4
1
21
22
SIM5
SIM1
SIM2
SIM3
SIM4
1
21
22
SIM5
SIM1
SIM2
SIM3
SIM4
1
21
22
SIM5
SIM1
SIM2
SIM3
SIM4
1
21
22
SIM5
SIM1
SIM2
SIM3
SIM4
1
21
22
SIM5
SIM1
SIM2
SIM3
SIM4
1
21
22
SIM5
SIM1
SIM2
SIM3
SIM4
1
21
22
SIM5
SIM1
SIM2
SIM3
SIM4
1
21
22
SIM5
SIM1
SIM2
SIM3
SIM4
1
21
22
SIM5
SIM1
SIM2
SIM3
SIM4
1
21
22
SIM5
SIM1
SIM2
SIM3
SIM4
1
21
22
SIM5
SIM1
SIM2
SIM3
SIM4
1
21
22
SIM5
SIM1
SIM2
SIM3
SIM4
1
21
22
SIM5
SIM1
SIM2
SIM3
SIM4
1
21
22
SIM5
SIM1
SIM2
SIM3
SIM4
1
21
22
SIM5
SIM1
SIM2
SIM3
SIM4
1
21
22
SIM5
SIM1
SIM2
SIM3
SIM4
1
21
22
SIM5
SIM1
SIM2
SIM3
SIM4
1
21
22
SIM5
SIM1
SIM2
SIM3
SIM4
1
21
22
SIM5
SIM1
SIM2
SIM3
SIM4
1
21
22
SIM5
SIM1
SIM2
SIM3
SIM4
1
21
22
SIM5
SIM1
SIM2
SIM3
SIM4
1
21
22
SIM5
SIM1
SIM2
SIM3
SIM4
1
21
22
SIM5
SIM1
SIM2
SIM3
SIM4
1
21
22
SIM5
SIM1
SIM2
SIM3
SIM4
1
21
22
SIM5
SIM1
SIM2
SIM3
SIM4
1
21
22
SIM5
SIM1
SIM2
SIM3
SIM4
1
21
22
SIM5
SIM1
SIM2
SIM3
SIM4
1
21
22
SIM5
SIM1
SIM2
SIM3
SIM4
1
21
22
SIM5
SIM1
SIM2
SIM3
SIM4
1
21
22
SIM5
SIM1
SIM2
SIM3
SIM4
1
21
22
SIM5
SIM1
SIM2
SIM3
SIM4
1
21
22
SIM5
SIM1
SIM2
SIM3
SIM4
1
21
22
SIM5
SIM1
SIM2
SIM3
SIM4
1
21
22
SIM5
SIM1
SIM2
SIM3
SIM4
1
21
22
SIM5
SIM1
SIM2
SIM3
SIM4
1
21
22
SIM5
SIM1
SIM2
SIM3
SIM4
1
21
22
SIM5
SIM1
SIM2
SIM3
SIM4
1
21
22
SIM5
SIM1
SIM2
SIM3
SIM4
1
21
22
SIM5
SIM1
SIM2
SIM3
SIM4
1
21
22
SIM5
SIM1
SIM2
SIM3
SIM4
1
21
22
SIM5
SIM1
SIM2
SIM3
SIM4
1
21
22
SIM5
SIM1
SIM2
SIM3
SIM4
1
21
22
SIM5
SIM1
SIM2
SIM3
SIM4
1
21
22
SIM5
SIM1
SIM2
SIM3
SIM4
1
21
22
SIM5
SIM1
SIM2
SIM3
SIM4
1
21
22
SIM5
SIM1
SIM2
SIM3
SIM4
1
21
22
SIM5
SIM1
SIM2
SIM3
SIM4
1
21
22
SIM5
SIM1
SIM2
SIM3
SIM4
1
21
22
SIM5
SIM1
SIM2
SIM3
SIM4
1
21
22
SIM5
SIM1
SIM2
SIM3
SIM4
1
21
22
SIM5
SIM1
SIM2
SIM3
SIM4
1
21
22
SIM5
SIM1
SIM2
SIM3
SIM4
1
21
22
SIM5
SIM1
SIM2
SIM3
SIM4
1
21
22
SIM5
SIM1
SIM2
SIM3
SIM4
1
21
22
SIM5
SIM1
SIM2
SIM3
SIM4
1
21
22
SIM5
SIM1
SIM2
SIM3
SIM4
1
21
22
SIM5
SIM1
SIM2
SIM3
SIM4
1
21
22
SIM5
SIM1
SIM2
SIM3
SIM4
1
21
22
SIM5
SIM1
SIM2
SIM3
SIM4
1
21
22
SIM5
SIM1
SIM2
SIM3
SIM4
1
21
22
SIM5
SIM1
SIM2
SIM3
SIM4
1
21
22
SIM5
SIM1
SIM2
SIM3
SIM4
1
21
22
SIM5
SIM1
SIM2
SIM3
SIM4
1
21
22
SIM5
SIM1
SIM2
SIM3
SIM4
1
21
22
SIM5
SIM1
SIM2
SIM3
SIM4
1
21
22
SIM5
SIM1
SIM2
SIM3
SIM4
1
21
22
SIM5
SIM1
SIM2
SIM3
SIM4
1
21
22
SIM5
SIM1
SIM2
SIM3
SIM4
1
21
22
SIM5
SIM1
SIM2
SIM3
SIM4
1
21
22
SIM5
SIM1
SIM2
SIM3
SIM4
1
21
22
SIM5
SIM1
SIM2
SIM3
SIM4
1
21
22
SIM5
SIM1
SIM2
SIM3
SIM4
1
21
22
SIM5
SIM1
SIM2
SIM3
SIM4
1
21
22
SIM5
SIM1
SIM2
SIM3
SIM4
1
21
22
SIM5
SIM1
SIM2
SIM3
SIM4
1
21
22
SIM5
SIM1
SIM2
SIM3
SIM4
1
21
22
SIM5
SIM1
SIM2
SIM3
SIM4
1
21
22
SIM5
SIM1
SIM2
SIM3
SIM4
1
21
22
SIM5
SIM1
SIM2
SIM3
SIM4
1
21
22
SIM5
SIM1
SIM2
SIM3
SIM4
1
21
22
SIM5
SIM1
SIM2
SIM3
SIM4
1
21
22
SIM5
SIM1
SIM2
SIM3
SIM4
1
21
22
SIM5
SIM1
SIM2
SIM3
SIM4
1
21
22
SIM5
SIM1
SIM2
SIM3
SIM4
1
21
22
SIM5
SIM1
SIM2
SIM3
SIM4
1
21
22
SIM5
SIM1
SIM2
SIM3
SIM4
1
21
22
SIM5
SIM1
SIM2
SIM3
SIM4
1
21
22
SIM5
SIM1
SIM2
SIM3
SIM4
1
21
22
SIM5
SIM1
SIM2
SIM3
SIM4
1
21
22
SIM5
SIM1
SIM2
SIM3
SIM4
1
21
22
SIM5
SIM1
SIM2
SIM3
SIM4
1
21
22
SIM5
SIM1
SIM2
SIM3
SIM4
1
21
22
SIM5
SIM1
SIM2
SIM3
SIM4
1
21
22
SIM5
SIM1
SIM2
SIM3
SIM4
1
21
22
SIM5
SIM1
SIM2
SIM3
SIM4
1
21
22
SIM5
SIM1
SIM2
SIM3
SIM4
1
21
22
SIM5
SIM1
SIM2
SIM3
SIM4
1
21
22
SIM5
SIM1
SIM2
SIM3
SIM4
1
21
22
SIM5
SIM1
SIM2
SIM3
SIM4
1
21
22
SIM5
SIM1
SIM2
SIM3
SIM4
1
21
22
SIM5
SIM1
SIM2
SIM3
SIM4
1
21
22
SIM5
SIM1
SIM2
SIM3
SIM4
1
21
22
SIM5
SIM1
SIM2
SIM3
SIM4
1
21
22
SIM5
SIM1
SIM2
SIM3
SIM4
1
21
22
SIM5
SIM1
SIM2
SIM3
SIM4
1
21
22
SIM5
SIM1
SIM2
SIM3
SIM4
1
21
22
SIM5
SIM1
SIM2
SIM3
SIM4
1
21
22
SIM5
SIM1
SIM2
SIM3
SIM4
1
21
22
SIM5
SIM1
SIM2
SIM3
SIM4
1
21
22
SIM5
SIM1
SIM2
SIM3
SIM4
1
21
22
SIM5
SIM1
SIM2
SIM3
SIM4
1
21
22
SIM5
SIM1
SIM2
SIM3
SIM4
1
21
22
SIM5
SIM1
SIM2
SIM3
SIM4
1
21
22
SIM5
SIM1
SIM2
SIM3
SIM4
1
21
22
SIM5
SIM1
SIM2
SIM3
SIM4
1
21
22
SIM5
SIM1
SIM2
SIM3
SIM4
1
21
22
SIM5
SIM1
SIM2
SIM3
SIM4
1
21
22
SIM5
SIM1
SIM2
SIM3
SIM4
1
21
22
SIM5
SIM1
SIM2
SIM3
SIM4
1
21
22
SIM5
SIM1
SIM2
SIM3
SIM4
1
21
22
SIM5
SIM1
SIM2
SIM3
SIM4
1
21
22
SIM5
SIM1
SIM2
SIM3
SIM4
1
21
22
SIM5
SIM1
SIM2
SIM3
SIM4
1
21
22
SIM5
SIM1
SIM2
SIM3
SIM4
1
21
22
SIM5
SIM1
SIM2
SIM3
SIM4
1
21
22
SIM5
SIM1
SIM2
SIM3
SIM4
1
21
22
SIM5
SIM1
SIM2
SIM3
SIM4
1
21
22
SIM5
SIM1
SIM2
SIM3
SIM4
1
21
22
SIM5
SIM1
SIM2
SIM3
SIM4
1
21
22
SIM5
SIM1
SIM2
SIM3
SIM4
1
21
22
SIM5
SIM1
SIM2
SIM3
SIM4
1
21
22
SIM5
SIM1
SIM2
SIM3
SIM4
1
21
22
SIM5
SIM1
SIM2
SIM3
SIM4
1
21
22
SIM5
SIM1
SIM2
SIM3
SIM4
1
21
22
SIM5
SIM1
SIM2
SIM3
SIM4
1
21
22
SIM5
SIM1
SIM2
SIM3
SIM4
1
21
22
SIM5
SIM1
SIM2
SIM3
SIM4
1
21
22
SIM5
SIM1
SIM2
SIM3
SIM4
1
21
22
SIM5
SIM1
SIM2
SIM3
SIM4
1
21
22
SIM5
SIM1
SIM2
SIM3
SIM4
1
21
22
SIM5
SIM1
SIM2
DEBUG 1 894
SIM1
SIM2
SIM3
SIM4
1
21
22
SIM5
SIM1
SIM2
SIM3
SIM4
1
21
22
SIM5
SIM1
SIM2
SIM3
SIM4
1
21
22
SIM5
SIM1
SIM2
SIM3
SIM4
1
21
22
SIM5
SIM1
SIM2
SIM3
SIM4
1
21
22
SIM5
SIM1
SIM2
SIM3
SIM4
1
21
22
SIM5
SIM1
SIM2
SIM3
SIM4
1
21
22
SIM5
SIM1
SIM2
SIM3
SIM4
1
21
22
SIM5
SIM1
SIM2
SIM3
SIM4
1
21
22
SIM5
SIM1
SIM2
SIM3
SIM4
1
21
22
SIM5
SIM1
SIM2
SIM3
SIM4
1
21
22
SIM5
SIM1
SIM2
SIM3
SIM4
1
21
22
SIM5
SIM1
SIM2
SIM3
SIM4
1
21
22
SIM5
SIM1
SIM2
SIM3
SIM4
1
21
22
SIM5
SIM1
SIM2
SIM3
SIM4
1
21
22
SIM5
SIM1
SIM2
SIM3
SIM4
1
21
22
SIM5
SIM1
SIM2
SIM3
SIM4
1
21
22
SIM5
SIM1
SIM2
SIM3
SIM4
1
21
22
SIM5
SIM1
SIM2
SIM3
SIM4
1
21
22
SIM5
SIM1
SIM2
SIM3
SIM4
1
21
22
SIM5
SIM1
SIM2
SIM3
SIM4
1
21
22
SIM5
SIM1
SIM2
SIM3
SIM4
1
21
22
SIM5
SIM1
SIM2
SIM3
SIM4
1
21
22
SIM5
SIM1
SIM2
SIM3
SIM4
1
21
22
SIM5
SIM1
SIM2
SIM3
SIM4
1
21
22
SIM5
SIM1
SIM2
SIM3
SIM4
1
21
22
SIM5
SIM1
SIM2
SIM3
SIM4
1
21
22
SIM5
SIM1
SIM2
SIM3
SIM4
1
21
22
SIM5
SIM1
SIM2
SIM3
SIM4
1
21
22
SIM5
SIM1
SIM2
SIM3
SIM4
1
21
22
SIM5
SIM1
SIM2
SIM3
SIM4
1
21
22
SIM5
SIM1
SIM2
SIM3
SIM4
1
21
22
SIM5
SIM1
SIM2
SIM3
SIM4
1
21
22
SIM5
SIM1
SIM2
SIM3
SIM4
1
21
22
SIM5
SIM1
SIM2
SIM3
SIM4
1
21
22
SIM5
SIM1
SIM2
SIM3
SIM4
1
21
22
SIM5
SIM1
SIM2
SIM3
SIM4
1
21
22
SIM5
SIM1
SIM2
SIM3
SIM4
1
21
22
SIM5
SIM1
SIM2
SIM3
SIM4
1
21
22
SIM5
SIM1
SIM2
SIM3
SIM4
1
21
22
SIM5
SIM1
SIM2
SIM3
SIM4
1
21
22
SIM5
SIM1
SIM2
SIM3
SIM4
1
21
22
SIM5
SIM1
SIM2
SIM3
SIM4
1
21
22
SIM5
SIM1
SIM2
SIM3
SIM4
1
21
22
SIM5
SIM1
SIM2
SIM3
SIM4
1
21
22
SIM5
SIM1
SIM2
SIM3
SIM4
1
21
22
SIM5
SIM1
SIM2
SIM3
SIM4
1
21
22
SIM5
SIM1
SIM2
SIM3
SIM4
1
21
22
SIM5
SIM1
SIM2
SIM3
SIM4
1
21
22
SIM5
SIM1
SIM2
SIM3
SIM4
1
21
22
SIM5
SIM1
SIM2
SIM3
SIM4
1
21
22
SIM5
SIM1
SIM2
SIM3
SIM4
1
21
22
SIM5
SIM1
SIM2
SIM3
SIM4
1
21
22
SIM5
SIM1
SIM2
SIM3
SIM4
1
21
22
SIM5
SIM1
SIM2
SIM3
SIM4
1
21
22
SIM5
SIM1
SIM2
SIM3
SIM4
1
21
22
SIM5
SIM1
SIM2
SIM3
SIM4
1
21
22
SIM5
SIM1
SIM2
SIM3
SIM4
1
21
22
SIM5
SIM1
SIM2
SIM3
SIM4
1
21
22
SIM5
SIM1
SIM2
SIM3
SIM4
1
21
22
SIM5
SIM1
SIM2
SIM3
SIM4
1
21
22
SIM5
SIM1
SIM2
SIM3
SIM4
1
21
22
SIM5
SIM1
SIM2
SIM3
SIM4
1
21
22
SIM5
SIM1
SIM2
SIM3
SIM4
1
21
22
SIM5
SIM1
SIM2
SIM3
SIM4
1
21
22
SIM5
SIM1
SIM2
SIM3
SIM4
1
21
22
SIM5
SIM1
SIM2
SIM3
SIM4
1
21
22
SIM5
SIM1
SIM2
SIM3
SIM4
1
21
22
SIM5
SIM1
SIM2
SIM3
SIM4
1
21
22
SIM5
SIM1
SIM2
SIM3
SIM4
1
21
22
SIM5
SIM1
SIM2
SIM3
SIM4
1
21
22
SIM5
SIM1
SIM2
SIM3
SIM4
1
21
22
SIM5
SIM1
SIM2
SIM3
SIM4
1
21
22
SIM5
SIM1
SIM2
SIM3
SIM4
1
21
22
SIM5
SIM1
SIM2
SIM3
SIM4
1
21
22
SIM5
SIM1
SIM2
SIM3
SIM4
1
21
22
SIM5
SIM1
SIM2
SIM3
SIM4
1
21
22
SIM5
SIM1
SIM2
SIM3
SIM4
1
21
22
SIM5
SIM1
SIM2
SIM3
SIM4
1
21
22
SIM5
SIM1
SIM2
SIM3
SIM4
1
21
22
SIM5
SIM1
SIM2
SIM3
SIM4
1
21
22
SIM5
SIM1
SIM2
SIM3
SIM4
1
21
22
SIM5
SIM1
SIM2
SIM3
SIM4
1
21
22
SIM5
SIM1
SIM2
SIM3
SIM4
1
21
22
SIM5
SIM1
SIM2
SIM3
SIM4
1
21
22
SIM5
SIM1
SIM2
SIM3
SIM4
1
21
22
SIM5
SIM1
SIM2
SIM3
SIM4
1
21
22
SIM5
SIM1
SIM2
SIM3
SIM4
1
21
22
SIM5
SIM1
SIM2
SIM3
SIM4
1
21
22
SIM5
SIM1
SIM2
SIM3
SIM4
1
21
22
SIM5
SIM1
SIM2
SIM3
SIM4
1
21
22
SIM5
SIM1
SIM2
SIM3
SIM4
1
21
22
SIM5
SIM1
SIM2
SIM3
SIM4
1
21
22
SIM5
SIM1
SIM2
SIM3
SIM4
1
21
22
SIM5
SIM1
SIM2
SIM3
SIM4
1
21
22
SIM5
SIM1
SIM2
SIM3
SIM4
1
21
22
SIM5
SIM1
SIM2
SIM3
SIM4
1
21
22
SIM5
SIM1
SIM2
SIM3
SIM4
1
21
22
SIM5
SIM1
SIM2
SIM3
SIM4
1
21
22
SIM5
SIM1
SIM2
SIM3
SIM4
1
21
22
SIM5
SIM1
SIM2
SIM3
SIM4
1
21
22
SIM5
SIM1
SIM2
SIM3
SIM4
1
21
22
SIM5
SIM1
SIM2
SIM3
SIM4
1
21
22
SIM5
SIM1
SIM2
SIM3
SIM4
1
21
22
SIM5
SIM1
SIM2
SIM3
SIM4
1
21
22
SIM5
SIM1
SIM2
SIM3
SIM4
1
21
22
SIM5
SIM1
SIM2
SIM3
SIM4
1
21
22
SIM5
SIM1
SIM2
SIM3
SIM4
1
21
22
SIM5
SIM1
SIM2
SIM3
SIM4
1
21
22
SIM5
SIM1
SIM2
SIM3
SIM4
1
21
22
SIM5
SIM1
SIM2
SIM3
SIM4
1
21
22
SIM5
SIM1
SIM2
SIM3
SIM4
1
21
22
SIM5
SIM1
SIM2
SIM3
SIM4
1
21
22
SIM5
SIM1
SIM2
SIM3
SIM4
1
21
22
SIM5
SIM1
SIM2
SIM3
SIM4
1
21
22
SIM5
SIM1
SIM2
SIM3
SIM4
1
21
22
SIM5
SIM1
SIM2
SIM3
SIM4
1
21
22
SIM5
SIM1
SIM2
SIM3
SIM4
1
21
22
SIM5
SIM1
SIM2
SIM3
SIM4
1
21
22
SIM5
SIM1
SIM2
SIM3
SIM4
1
21
22
SIM5
SIM1
SIM2
SIM3
SIM4
1
21
22
SIM5
SIM1
SIM2
SIM3
SIM4
1
21
22
SIM5
SIM1
SIM2
SIM3
SIM4
1
21
22
SIM5
SIM1
SIM2
SIM3
SIM4
1
21
22
SIM5
SIM1
SIM2
SIM3
SIM4
1
21
22
SIM5
SIM1
SIM2
SIM3
SIM4
1
21
22
SIM5
SIM1
SIM2
SIM3
SIM4
1
21
22
SIM5
SIM1
SIM2
SIM3
SIM4
1
21
22
SIM5
SIM1
SIM2
SIM3
SIM4
1
21
22
SIM5
SIM1
SIM2
SIM3
SIM4
1
21
22
SIM5
SIM1
SIM2
SIM3
SIM4
1
21
22
SIM5
SIM1
SIM2
SIM3
SIM4
1
21
22
SIM5
SIM1
SIM2
SIM3
SIM4
1
21
22
SIM5
SIM1
SIM2
SIM3
SIM4
1
21
22
SIM5
SIM1
SIM2
SIM3
SIM4
1
21
22
SIM5
SIM1
SIM2
SIM3
SIM4
1
21
22
SIM5
SIM1
SIM2
SIM3
SIM4
1
21
22
SIM5
SIM1
SIM2
SIM3
SIM4
1
21
22
SIM5
SIM1
SIM2
SIM3
SIM4
1
21
22
SIM5
SIM1
SIM2
SIM3
SIM4
1
21
22
SIM5
SIM1
SIM2
SIM3
SIM4
1
21
22
SIM5
SIM1
SIM2
SIM3
SIM4
1
21
22
SIM5
SIM1
SIM2
DEBUG 1 895
SIM1
SIM2
SIM3
SIM4
1
21
22
SIM5
SIM1
SIM2
SIM3
SIM4
1
21
22
SIM5
SIM1
SIM2
SIM3
SIM4
1
21
22
SIM5
SIM1
SIM2
SIM3
SIM4
1
21
22
SIM5
SIM1
SIM2
SIM3
SIM4
1
21
22
SIM5
SIM1
SIM2
SIM3
SIM4
1
21
22
SIM5
SIM1
SIM2
SIM3
SIM4
1
21
22
SIM5
SIM1
SIM2
SIM3
SIM4
1
21
22
SIM5
SIM1
SIM2
SIM3
SIM4
1
21
22
SIM5
SIM1
SIM2
SIM3
SIM4
1
21
22
SIM5
SIM1
SIM2
SIM3
SIM4
1
21
22
SIM5
SIM1
SIM2
SIM3
SIM4
1
21
22
SIM5
SIM1
SIM2
SIM3
SIM4
1
21
22
SIM5
SIM1
SIM2
SIM3
SIM4
1
21
22
SIM5
SIM1
SIM2
SIM3
SIM4
1
21
22
SIM5
SIM1
SIM2
SIM3
SIM4
1
21
22
SIM5
SIM1
SIM2
SIM3
SIM4
1
21
22
SIM5
SIM1
SIM2
SIM3
SIM4
1
21
22
SIM5
SIM1
SIM2
SIM3
SIM4
1
21
22
SIM5
SIM1
SIM2
SIM3
SIM4
1
21
22
SIM5
SIM1
SIM2
SIM3
SIM4
1
21
22
SIM5
SIM1
SIM2
SIM3
SIM4
1
21
22
SIM5
SIM1
SIM2
SIM3
SIM4
1
21
22
SIM5
SIM1
SIM2
SIM3
SIM4
1
21
22
SIM5
SIM1
SIM2
SIM3
SIM4
1
21
22
SIM5
SIM1
SIM2
SIM3
SIM4
1
21
22
SIM5
SIM1
SIM2
SIM3
SIM4
1
21
22
SIM5
SIM1
SIM2
SIM3
SIM4
1
21
22
SIM5
SIM1
SIM2
SIM3
SIM4
1
21
22
SIM5
SIM1
SIM2
SIM3
SIM4
1
21
22
SIM5
SIM1
SIM2
SIM3
SIM4
1
21
22
SIM5
SIM1
SIM2
SIM3
SIM4
1
21
22
SIM5
SIM1
SIM2
SIM3
SIM4
1
21
22
SIM5
SIM1
SIM2
SIM3
SIM4
1
21
22
SIM5
SIM1
SIM2
SIM3
SIM4
1
21
22
SIM5
SIM1
SIM2
SIM3
SIM4
1
21
22
SIM5
SIM1
SIM2
SIM3
SIM4
1
21
22
SIM5
SIM1
SIM2
SIM3
SIM4
1
21
22
SIM5
SIM1
SIM2
SIM3
SIM4
1
21
22
SIM5
SIM1
SIM2
SIM3
SIM4
1
21
22
SIM5
SIM1
SIM2
SIM3
SIM4
1
21
22
SIM5
SIM1
SIM2
SIM3
SIM4
1
21
22
SIM5
SIM1
SIM2
SIM3
SIM4
1
21
22
SIM5
SIM1
SIM2
SIM3
SIM4
1
21
22
SIM5
SIM1
SIM2
SIM3
SIM4
1
21
22
SIM5
SIM1
SIM2
SIM3
SIM4
1
21
22
SIM5
SIM1
SIM2
SIM3
SIM4
1
21
22
SIM5
SIM1
SIM2
SIM3
SIM4
1
21
22
SIM5
SIM1
SIM2
SIM3
SIM4
1
21
22
SIM5
SIM1
SIM2
SIM3
SIM4
1
21
22
SIM5
SIM1
SIM2
SIM3
SIM4
1
21
22
SIM5
SIM1
SIM2
SIM3
SIM4
1
21
22
SIM5
SIM1
SIM2
SIM3
SIM4
1
21
22
SIM5
SIM1
SIM2
SIM3
SIM4
1
21
22
SIM5
SIM1
SIM2
SIM3
SIM4
1
21
22
SIM5
SIM1
SIM2
SIM3
SIM4
1
21
22
SIM5
SIM1
SIM2
SIM3
SIM4
1
21
22
SIM5
SIM1
SIM2
SIM3
SIM4
1
21
22
SIM5
SIM1
SIM2
SIM3
SIM4
1
21
22
SIM5
SIM1
SIM2
SIM3
SIM4
1
21
22
SIM5
SIM1
SIM2
SIM3
SIM4
1
21
22
SIM5
SIM1
SIM2
SIM3
SIM4
1
21
22
SIM5
SIM1
SIM2
SIM3
SIM4
1
21
22
SIM5
SIM1
SIM2
SIM3
SIM4
1
21
22
SIM5
SIM1
SIM2
SIM3
SIM4
1
21
22
SIM5
SIM1
SIM2
SIM3
SIM4
1
21
22
SIM5
SIM1
SIM2
SIM3
SIM4
1
21
22
SIM5
SIM1
SIM2
SIM3
SIM4
1
21
22
SIM5
SIM1
SIM2
SIM3
SIM4
1
21
22
SIM5
SIM1
SIM2
SIM3
SIM4
1
21
22
SIM5
SIM1
SIM2
SIM3
SIM4
1
21
22
SIM5
SIM1
SIM2
SIM3
SIM4
1
21
22
SIM5
SIM1
SIM2
SIM3
SIM4
1
21
22
SIM5
SIM1
SIM2
SIM3
SIM4
1
21
22
SIM5
SIM1
SIM2
SIM3
SIM4
1
21
22
SIM5
SIM1
SIM2
SIM3
SIM4
1
21
22
SIM5
SIM1
SIM2
SIM3
SIM4
1
21
22
SIM5
SIM1
SIM2
SIM3
SIM4
1
21
22
SIM5
SIM1
SIM2
SIM3
SIM4
1
21
22
SIM5
SIM1
SIM2
SIM3
SIM4
1
21
22
SIM5
SIM1
SIM2
SIM3
SIM4
1
21
22
SIM5
SIM1
SIM2
SIM3
SIM4
1
21
22
SIM5
SIM1
SIM2
SIM3
SIM4
1
21
22
SIM5
SIM1
SIM2
SIM3
SIM4
1
21
22
SIM5
SIM1
SIM2
SIM3
SIM4
1
21
22
SIM5
SIM1
SIM2
SIM3
SIM4
1
21
22
SIM5
SIM1
SIM2
SIM3
SIM4
1
21
22
SIM5
SIM1
SIM2
SIM3
SIM4
1
21
22
SIM5
SIM1
SIM2
SIM3
SIM4
1
21
22
SIM5
SIM1
SIM2
SIM3
SIM4
1
21
22
SIM5
SIM1
SIM2
SIM3
SIM4
1
21
22
SIM5
SIM1
SIM2
SIM3
SIM4
1
21
22
SIM5
SIM1
SIM2
SIM3
SIM4
1
21
22
SIM5
SIM1
SIM2
SIM3
SIM4
1
21
22
SIM5
SIM1
SIM2
SIM3
SIM4
1
21
22
SIM5
SIM1
SIM2
SIM3
SIM4
1
21
22
SIM5
SIM1
SIM2
SIM3
SIM4
1
21
22
SIM5
SIM1
SIM2
SIM3
SIM4
1
21
22
SIM5
SIM1
SIM2
SIM3
SIM4
1
21
22
SIM5
SIM1
SIM2
SIM3
SIM4
1
21
22
SIM5
SIM1
SIM2
SIM3
SIM4
1
21
22
SIM5
SIM1
SIM2
SIM3
SIM4
1
21
22
SIM5
SIM1
SIM2
SIM3
SIM4
1
21
22
SIM5
SIM1
SIM2
SIM3
SIM4
1
21
22
SIM5
SIM1
SIM2
SIM3
SIM4
1
21
22
SIM5
SIM1
SIM2
SIM3
SIM4
1
21
22
SIM5
SIM1
SIM2
SIM3
SIM4
1
21
22
SIM5
SIM1
SIM2
SIM3
SIM4
1
21
22
SIM5
SIM1
SIM2
SIM3
SIM4
1
21
22
SIM5
SIM1
SIM2
SIM3
SIM4
1
21
22
SIM5
SIM1
SIM2
SIM3
SIM4
1
21
22
SIM5
SIM1
SIM2
SIM3
SIM4
1
21
22
SIM5
SIM1
SIM2
SIM3
SIM4
1
21
22
SIM5
SIM1
SIM2
SIM3
SIM4
1
21
22
SIM5
SIM1
SIM2
SIM3
SIM4
1
21
22
SIM5
SIM1
SIM2
SIM3
SIM4
1
21
22
SIM5
SIM1
SIM2
SIM3
SIM4
1
21
22
SIM5
SIM1
SIM2
SIM3
SIM4
1
21
22
SIM5
SIM1
SIM2
SIM3
SIM4
1
21
22
SIM5
SIM1
SIM2
SIM3
SIM4
1
21
22
SIM5
SIM1
SIM2
SIM3
SIM4
1
21
22
SIM5
SIM1
SIM2
SIM3
SIM4
1
21
22
SIM5
SIM1
SIM2
SIM3
SIM4
1
21
22
SIM5
SIM1
SIM2
SIM3
SIM4
1
21
22
SIM5
SIM1
SIM2
SIM3
SIM4
1
21
22
SIM5
SIM1
SIM2
SIM3
SIM4
1
21
22
SIM5
SIM1
SIM2
SIM3
SIM4
1
21
22
SIM5
SIM1
SIM2
SIM3
SIM4
1
21
22
SIM5
SIM1
SIM2
SIM3
SIM4
1
21
22
SIM5
SIM1
SIM2
SIM3
SIM4
1
21
22
SIM5
SIM1
SIM2
SIM3
SIM4
1
21
22
SIM5
SIM1
SIM2
SIM3
SIM4
1
21
22
SIM5
SIM1
SIM2
SIM3
SIM4
1
21
22
SIM5
SIM1
SIM2
SIM3
SIM4
1
21
22
SIM5
SIM1
SIM2
SIM3
SIM4
1
21
22
SIM5
SIM1
SIM2
SIM3
SIM4
1
21
22
SIM5
SIM1
SIM2
SIM3
SIM4
1
21
22
SIM5
SIM1
SIM2
SIM3
SIM4
1
21
22
SIM5
SIM1
SIM2
SIM3
SIM4
1
21
22
SIM5
SIM1
SIM2
SIM3
SIM4
1
21
22
SIM5
SIM1
SIM2
SIM3
SIM4
1
21
22
SIM5
SIM1
SIM2
SIM3
SIM4
1
21
22
SIM5
SIM1
SIM2
SIM3
SIM4
1
21
22
SIM5
SIM1
SIM2
SIM3
SIM4
1
21
22
SIM5
SIM1
SIM2
SIM3
SIM4
1
21
22
SIM5
SIM1
SIM2
SIM3
SIM4
1
21
22
SIM5
SIM1
SIM2
SIM3
SIM4
1
21
22
SIM5
SIM1
SIM2
SIM3
SIM4
1
21
22
SIM5
SIM1
SIM2
SIM3
SIM4
1
21
22
SIM5
SIM1
SIM2
SIM3
SIM4
1
21
22
SIM5
SIM1
SIM2
SIM3
SIM4
1
21
22
SIM5
SIM1
SIM2
SIM3
SIM4
1
21
22
SIM5
SIM1
SIM2
SIM3
SIM4
1
21
22
SIM5
SIM1
SIM2
SIM3
SIM4
1
21
22
SIM5
SIM1
SIM2
SIM3
SIM4
1
21
22
SIM5
SIM1
SIM2
SIM3
SIM4
1
21
22
SIM5
SIM1
SIM2
SIM3
SIM4
1
21
22
SIM5
SIM1
SIM2
SIM3
SIM4
1
21
22
SIM5
SIM1
SIM2
SIM3
SIM4
1
21
22
SIM5
SIM1
SIM2
SIM3
SIM4
1
21
22
SIM5
SIM1
SIM2
SIM3
SIM4
1
21
22
SIM5
SIM1
SIM2
SIM3
SIM4
1
21
22
SIM5
SIM1
SIM2
SIM3
SIM4
1
21
22
SIM5
SIM1
SIM2
SIM3
SIM4
1
21
22
SIM5
SIM1
SIM2
SIM3
SIM4
1
21
22
SIM5
SIM1
SIM2
SIM3
SIM4
1
21
22
SIM5
SIM1
SIM2
SIM3
SIM4
1
21
22
SIM5
SIM1
SIM2
SIM3
SIM4
1
21
22
SIM5
SIM1
SIM2
SIM3
SIM4
1
21
22
SIM5
SIM1
SIM2
SIM3
SIM4
1
21
22
SIM5
SIM1
SIM2
SIM3
SIM4
1
21
22
SIM5
SIM1
SIM2
SIM3
SIM4
1
21
22
SIM5
SIM1
SIM2
SIM3
SIM4
1
21
22
SIM5
SIM1
SIM2
SIM3
SIM4
1
21
22
SIM5
SIM1
SIM2
SIM3
SIM4
1
21
22
SIM5
SIM1
SIM2
SIM3
SIM4
1
21
22
SIM5
SIM1
SIM2
SIM3
SIM4
1
21
22
SIM5
SIM1
SIM2
SIM3
SIM4
1
21
22
SIM5
SIM1
SIM2
SIM3
SIM4
1
21
22
SIM5
SIM1
SIM2
SIM3
SIM4
1
21
22
SIM5
SIM1
SIM2
SIM3
SIM4
1
21
22
SIM5
SIM1
SIM2
SIM3
SIM4
1
21
22
SIM5
SIM1
SIM2
SIM3
SIM4
1
21
22
SIM5
SIM1
SIM2
SIM3
SIM4
1
21
22
SIM5
SIM1
SIM2
SIM3
SIM4
1
21
22
SIM5
SIM1
SIM2
SIM3
SIM4
1
21
22
SIM5
SIM1
SIM2
SIM3
SIM4
1
21
22
SIM5
SIM1
SIM2
SIM3
SIM4
1
21
22
SIM5
SIM1
SIM2
SIM3
SIM4
1
21
22
SIM5
SIM1
SIM2
SIM3
SIM4
1
21
22
SIM5
SIM1
SIM2
SIM3
SIM4
1
21
22
SIM5
SIM1
SIM2
SIM3
SIM4
1
21
22
SIM5
SIM1
SIM2
SIM3
SIM4
1
21
22
SIM5
SIM1
SIM2
SIM3
SIM4
1
21
22
SIM5
SIM1
SIM2
SIM3
SIM4
1
21
22
SIM5
SIM1
SIM2
SIM3
SIM4
1
21
22
SIM5
SIM1
SIM2
SIM3
SIM4
1
21
22
SIM5
SIM1
SIM2
SIM3
SIM4
1
21
22
SIM5
SIM1
SIM2
SIM3
SIM4
1
21
22
SIM5
SIM1
SIM2
SIM3
SIM4
1
21
22
SIM5
SIM1
SIM2
SIM3
SIM4
1
21
22
SIM5
SIM1
SIM2
SIM3
SIM4
1
21
22
SIM5
SIM1
SIM2
SIM3
SIM4
1
21
22
SIM5
SIM1
SIM2
SIM3
SIM4
1
21
22
SIM5
SIM1
SIM2
SIM3
SIM4
1
21
22
SIM5
SIM1
SIM2
SIM3
SIM4
1
21
22
SIM5
SIM1
SIM2
SIM3
SIM4
1
21
22
SIM5
SIM1
SIM2
SIM3
SIM4
1
21
22
SIM5
SIM1
SIM2
SIM3
SIM4
1
21
22
SIM5
SIM1
SIM2
SIM3
SIM4
1
21
22
SIM5
SIM1
SIM2
SIM3
SIM4
1
21
22
SIM5
SIM1
SIM2
DEBUG 1 896
SIM1
SIM2
SIM3
SIM4
1
21
22
SIM5
SIM1
SIM2
SIM3
SIM4
1
21
22
SIM5
SIM1
SIM2
SIM3
SIM4
1
21
22
SIM5
SIM1
SIM2
SIM3
SIM4
1
21
22
SIM5
SIM1
SIM2
SIM3
SIM4
1
21
22
SIM5
SIM1
SIM2
SIM3
SIM4
1
21
22
SIM5
SIM1
SIM2
SIM3
SIM4
1
21
22
SIM5
SIM1
SIM2
SIM3
SIM4
1
21
22
SIM5
SIM1
SIM2
SIM3
SIM4
1
21
22
SIM5
SIM1
SIM2
SIM3
SIM4
1
21
22
SIM5
SIM1
SIM2
SIM3
SIM4
1
21
22
SIM5
SIM1
SIM2
SIM3
SIM4
1
21
22
SIM5
SIM1
SIM2
SIM3
SIM4
1
21
22
SIM5
SIM1
SIM2
SIM3
SIM4
1
21
22
SIM5
SIM1
SIM2
SIM3
SIM4
1
21
22
SIM5
SIM1
SIM2
SIM3
SIM4
1
21
22
SIM5
SIM1
SIM2
SIM3
SIM4
1
21
22
SIM5
SIM1
SIM2
SIM3
SIM4
1
21
22
SIM5
SIM1
SIM2
SIM3
SIM4
1
21
22
SIM5
SIM1
SIM2
SIM3
SIM4
1
21
22
SIM5
SIM1
SIM2
SIM3
SIM4
1
21
22
SIM5
SIM1
SIM2
SIM3
SIM4
1
21
22
SIM5
SIM1
SIM2
SIM3
SIM4
1
21
22
SIM5
SIM1
SIM2
SIM3
SIM4
1
21
22
SIM5
SIM1
SIM2
SIM3
SIM4
1
21
22
SIM5
SIM1
SIM2
SIM3
SIM4
1
21
22
SIM5
SIM1
SIM2
SIM3
SIM4
1
21
22
SIM5
SIM1
SIM2
SIM3
SIM4
1
21
22
SIM5
SIM1
SIM2
SIM3
SIM4
1
21
22
SIM5
SIM1
SIM2
SIM3
SIM4
1
21
22
SIM5
SIM1
SIM2
SIM3
SIM4
1
21
22
SIM5
SIM1
SIM2
SIM3
SIM4
1
21
22
SIM5
SIM1
SIM2
SIM3
SIM4
1
21
22
SIM5
SIM1
SIM2
SIM3
SIM4
1
21
22
SIM5
SIM1
SIM2
SIM3
SIM4
1
21
22
SIM5
SIM1
SIM2
SIM3
SIM4
1
21
22
SIM5
SIM1
SIM2
SIM3
SIM4
1
21
22
SIM5
SIM1
SIM2
SIM3
SIM4
1
21
22
SIM5
SIM1
SIM2
SIM3
SIM4
1
21
22
SIM5
SIM1
SIM2
SIM3
SIM4
1
21
22
SIM5
SIM1
SIM2
SIM3
SIM4
1
21
22
SIM5
SIM1
SIM2
SIM3
SIM4
1
21
22
SIM5
SIM1
SIM2
SIM3
SIM4
1
21
22
SIM5
SIM1
SIM2
SIM3
SIM4
1
21
22
SIM5
SIM1
SIM2
SIM3
SIM4
1
21
22
SIM5
SIM1
SIM2
SIM3
SIM4
1
21
22
SIM5
SIM1
SIM2
SIM3
SIM4
1
21
22
SIM5
SIM1
SIM2
SIM3
SIM4
1
21
22
SIM5
SIM1
SIM2
SIM3
SIM4
1
21
22
SIM5
SIM1
SIM2
SIM3
SIM4
1
21
22
SIM5
SIM1
SIM2
SIM3
SIM4
1
21
22
SIM5
SIM1
SIM2
SIM3
SIM4
1
21
22
SIM5
SIM1
SIM2
SIM3
SIM4
1
21
22
SIM5
SIM1
SIM2
SIM3
SIM4
1
21
22
SIM5
SIM1
SIM2
SIM3
SIM4
1
21
22
SIM5
SIM1
SIM2
SIM3
SIM4
1
21
22
SIM5
SIM1
SIM2
SIM3
SIM4
1
21
22
SIM5
SIM1
SIM2
SIM3
SIM4
1
21
22
SIM5
SIM1
SIM2
SIM3
SIM4
1
21
22
SIM5
SIM1
SIM2
SIM3
SIM4
1
21
22
SIM5
SIM1
SIM2
SIM3
SIM4
1
21
22
SIM5
SIM1
SIM2
SIM3
SIM4
1
21
22
SIM5
SIM1
SIM2
SIM3
SIM4
1
21
22
SIM5
SIM1
SIM2
SIM3
SIM4
1
21
22
SIM5
SIM1
SIM2
SIM3
SIM4
1
21
22
SIM5
SIM1
SIM2
SIM3
SIM4
1
21
22
SIM5
SIM1
SIM2
SIM3
SIM4
1
21
22
SIM5
SIM1
SIM2
SIM3
SIM4
1
21
22
SIM5
SIM1
SIM2
SIM3
SIM4
1
21
22
SIM5
SIM1
SIM2
SIM3
SIM4
1
21
22
SIM5
SIM1
SIM2
SIM3
SIM4
1
21
22
SIM5
SIM1
SIM2
SIM3
SIM4
1
21
22
SIM5
SIM1
SIM2
SIM3
SIM4
1
21
22
SIM5
SIM1
SIM2
SIM3
SIM4
1
21
22
SIM5
SIM1
SIM2
SIM3
SIM4
1
21
22
SIM5
SIM1
SIM2
SIM3
SIM4
1
21
22
SIM5
SIM1
SIM2
SIM3
SIM4
1
21
22
SIM5
SIM1
SIM2
SIM3
SIM4
1
21
22
SIM5
SIM1
SIM2
SIM3
SIM4
1
21
22
SIM5
SIM1
SIM2
SIM3
SIM4
1
21
22
SIM5
SIM1
SIM2
SIM3
SIM4
1
21
22
SIM5
SIM1
SIM2
SIM3
SIM4
1
21
22
SIM5
SIM1
SIM2
SIM3
SIM4
1
21
22
SIM5
SIM1
SIM2
SIM3
SIM4
1
21
22
SIM5
SIM1
SIM2
SIM3
SIM4
1
21
22
SIM5
SIM1
SIM2
SIM3
SIM4
1
21
22
SIM5
SIM1
SIM2
SIM3
SIM4
1
21
22
SIM5
SIM1
SIM2
SIM3
SIM4
1
21
22
SIM5
SIM1
SIM2
SIM3
SIM4
1
21
22
SIM5
SIM1
SIM2
SIM3
SIM4
1
21
22
SIM5
SIM1
SIM2
SIM3
SIM4
1
21
22
SIM5
SIM1
SIM2
SIM3
SIM4
1
21
22
SIM5
SIM1
SIM2
SIM3
SIM4
1
21
22
SIM5
SIM1
SIM2
SIM3
SIM4
1
21
22
SIM5
SIM1
SIM2
SIM3
SIM4
1
21
22
SIM5
SIM1
SIM2
SIM3
SIM4
1
21
22
SIM5
SIM1
SIM2
SIM3
SIM4
1
21
22
SIM5
SIM1
SIM2
SIM3
SIM4
1
21
22
SIM5
SIM1
SIM2
SIM3
SIM4
1
21
22
SIM5
SIM1
SIM2
SIM3
SIM4
1
21
22
SIM5
SIM1
SIM2
SIM3
SIM4
1
21
22
SIM5
SIM1
SIM2
SIM3
SIM4
1
21
22
SIM5
SIM1
SIM2
SIM3
SIM4
1
21
22
SIM5
SIM1
SIM2
SIM3
SIM4
1
21
22
SIM5
SIM1
SIM2
SIM3
SIM4
1
21
22
SIM5
SIM1
SIM2
SIM3
SIM4
1
21
22
SIM5
SIM1
SIM2
SIM3
SIM4
1
21
22
SIM5
SIM1
SIM2
SIM3
SIM4
1
21
22
SIM5
SIM1
SIM2
SIM3
SIM4
1
21
22
SIM5
SIM1
SIM2
SIM3
SIM4
1
21
22
SIM5
SIM1
SIM2
SIM3
SIM4
1
21
22
SIM5
SIM1
SIM2
SIM3
SIM4
1
21
22
SIM5
SIM1
SIM2
SIM3
SIM4
1
21
22
SIM5
SIM1
SIM2
SIM3
SIM4
1
21
22
SIM5
SIM1
SIM2
SIM3
SIM4
1
21
22
SIM5
SIM1
SIM2
SIM3
SIM4
1
21
22
SIM5
SIM1
SIM2
SIM3
SIM4
1
21
22
SIM5
SIM1
SIM2
SIM3
SIM4
1
21
22
SIM5
SIM1
SIM2
SIM3
SIM4
1
21
22
SIM5
SIM1
SIM2
SIM3
SIM4
1
21
22
SIM5
SIM1
SIM2
SIM3
SIM4
1
21
22
SIM5
SIM1
SIM2
SIM3
SIM4
1
21
22
SIM5
SIM1
SIM2
SIM3
SIM4
1
21
22
SIM5
SIM1
SIM2
SIM3
SIM4
1
21
22
SIM5
SIM1
SIM2
SIM3
SIM4
1
21
22
SIM5
SIM1
SIM2
SIM3
SIM4
1
21
22
SIM5
SIM1
SIM2
SIM3
SIM4
1
21
22
SIM5
SIM1
SIM2
SIM3
SIM4
1
21
22
SIM5
SIM1
SIM2
SIM3
SIM4
1
21
22
SIM5
SIM1
SIM2
SIM3
SIM4
1
21
22
SIM5
SIM1
SIM2
SIM3
SIM4
1
21
22
SIM5
SIM1
SIM2
SIM3
SIM4
1
21
22
SIM5
SIM1
SIM2
SIM3
SIM4
1
21
22
SIM5
SIM1
SIM2
SIM3
SIM4
1
21
22
SIM5
SIM1
SIM2
SIM3
SIM4
1
21
22
SIM5
SIM1
SIM2
SIM3
SIM4
1
21
22
SIM5
SIM1
SIM2
SIM3
SIM4
1
21
22
SIM5
SIM1
SIM2
SIM3
SIM4
1
21
22
SIM5
SIM1
SIM2
SIM3
SIM4
1
21
22
SIM5
SIM1
SIM2
SIM3
SIM4
1
21
22
SIM5
SIM1
SIM2
SIM3
SIM4
1
21
22
SIM5
SIM1
SIM2
SIM3
SIM4
1
21
22
SIM5
SIM1
SIM2
SIM3
SIM4
1
21
22
SIM5
SIM1
SIM2
SIM3
SIM4
1
21
22
SIM5
SIM1
SIM2
SIM3
SIM4
1
21
22
SIM5
SIM1
SIM2
SIM3
SIM4
1
21
22
SIM5
SIM1
SIM2
SIM3
SIM4
1
21
22
SIM5
SIM1
SIM2
SIM3
SIM4
1
21
22
SIM5
SIM1
SIM2
SIM3
SIM4
1
21
22
SIM5
SIM1
SIM2
SIM3
SIM4
1
21
22
SIM5
SIM1
SIM2
SIM3
SIM4
1
21
22
SIM5
SIM1
SIM2
SIM3
SIM4
1
21
22
SIM5
SIM1
SIM2
SIM3
SIM4
1
21
22
SIM5
SIM1
SIM2
SIM3
SIM4
1
21
22
SIM5
SIM1
SIM2
SIM3
SIM4
1
21
22
SIM5
SIM1
SIM2
SIM3
SIM4
1
21
22
SIM5
SIM1
SIM2
SIM3
SIM4
1
21
22
SIM5
SIM1
SIM2
SIM3
SIM4
1
21
22
SIM5
SIM1
SIM2
SIM3
SIM4
1
21
22
SIM5
SIM1
SIM2
SIM3
SIM4
1
21
22
SIM5
SIM1
SIM2
SIM3
SIM4
1
21
22
SIM5
SIM1
SIM2
SIM3
SIM4
1
21
22
SIM5
SIM1
SIM2
SIM3
SIM4
1
21
22
SIM5
SIM1
SIM2
SIM3
SIM4
1
21
22
SIM5
SIM1
SIM2
SIM3
SIM4
1
21
22
SIM5
SIM1
SIM2
SIM3
SIM4
1
21
22
SIM5
SIM1
SIM2
SIM3
SIM4
1
21
22
SIM5
SIM1
SIM2
SIM3
SIM4
1
21
22
SIM5
SIM1
SIM2
SIM3
SIM4
1
21
22
SIM5
SIM1
SIM2
SIM3
SIM4
1
21
22
SIM5
SIM1
SIM2
SIM3
SIM4
1
21
22
SIM5
SIM1
SIM2
SIM3
SIM4
1
21
22
SIM5
SIM1
SIM2
SIM3
SIM4
1
21
22
SIM5
SIM1
SIM2
SIM3
SIM4
1
21
22
SIM5
SIM1
SIM2
SIM3
SIM4
1
21
22
SIM5
SIM1
SIM2
SIM3
SIM4
1
21
22
SIM5
SIM1
SIM2
SIM3
SIM4
1
21
22
SIM5
SIM1
SIM2
SIM3
SIM4
1
21
22
SIM5
SIM1
SIM2
SIM3
SIM4
1
21
22
SIM5
SIM1
SIM2
SIM3
SIM4
1
21
22
SIM5
SIM1
SIM2
SIM3
SIM4
1
21
22
SIM5
SIM1
SIM2
SIM3
SIM4
1
21
22
SIM5
SIM1
SIM2
SIM3
SIM4
1
21
22
SIM5
SIM1
SIM2
SIM3
SIM4
1
21
22
SIM5
SIM1
SIM2
SIM3
SIM4
1
21
22
SIM5
SIM1
SIM2
SIM3
SIM4
1
21
22
SIM5
SIM1
SIM2
SIM3
SIM4
1
21
22
SIM5
SIM1
SIM2
SIM3
SIM4
1
21
22
SIM5
SIM1
SIM2
SIM3
SIM4
1
21
22
SIM5
SIM1
SIM2
SIM3
SIM4
1
21
22
SIM5
SIM1
SIM2
SIM3
SIM4
1
21
22
SIM5
SIM1
SIM2
SIM3
SIM4
1
21
22
SIM5
SIM1
SIM2
SIM3
SIM4
1
21
22
SIM5
SIM1
SIM2
SIM3
SIM4
1
21
22
SIM5
SIM1
SIM2
SIM3
SIM4
1
21
22
SIM5
SIM1
SIM2
SIM3
SIM4
1
21
22
SIM5
SIM1
SIM2
SIM3
SIM4
1
21
22
SIM5
SIM1
SIM2
SIM3
SIM4
1
21
22
SIM5
SIM1
SIM2
SIM3
SIM4
1
21
22
SIM5
SIM1
SIM2
SIM3
SIM4
1
21
22
SIM5
SIM1
SIM2
SIM3
SIM4
1
21
22
SIM5
SIM1
SIM2
SIM3
SIM4
1
21
22
SIM5
SIM1
SIM2
SIM3
SIM4
1
21
22
SIM5
SIM1
SIM2
SIM3
SIM4
1
21
22
SIM5
SIM1
SIM2
SIM3
SIM4
1
21
22
SIM5
SIM1
SIM2
SIM3
SIM4
1
21
22
SIM5
SIM1
SIM2
SIM3
SIM4
1
21
22
SIM5
SIM1
SIM2
SIM3
SIM4
1
21
22
SIM5
SIM1
SIM2
SIM3
SIM4
1
21
22
SIM5
SIM1
SIM2
SIM3
SIM4
1
21
22
SIM5
SIM1
SIM2
SIM3
SIM4
1
21
22
SIM5
SIM1
SIM2
SIM3
SIM4
1
21
22
SIM5
SIM1
SIM2
SIM3
SIM4
1
21
22
SIM5
SIM1
SIM2
SIM3
SIM4
1
21
22
SIM5
SIM1
SIM2
SIM3
SIM4
1
21
22
SIM5
SIM1
SIM2
SIM3
SIM4
1
21
22
SIM5
SIM1
SIM2
SIM3
SIM4
1
21
22
SIM5
SIM1
SIM2
SIM3
SIM4
1
21
22
SIM5
SIM1
SIM2
SIM3
SIM4
1
21
22
SIM5
SIM1
SIM2
SIM3
SIM4
1
21
22
SIM5
SIM1
SIM2
SIM3
SIM4
1
21
22
SIM5
SIM1
SIM2
SIM3
SIM4
1
21
22
SIM5
SIM1
SIM2
SIM3
SIM4
1
21
22
SIM5
SIM1
SIM2
SIM3
SIM4
1
21
22
SIM5
SIM1
SIM2
DEBUG 1 897
SIM1
SIM2
SIM3
SIM4
1
21
22
SIM5
SIM1
SIM2
SIM3
SIM4
1
21
22
SIM5
SIM1
SIM2
SIM3
SIM4
1
21
22
SIM5
SIM1
SIM2
SIM3
SIM4
1
21
22
SIM5
SIM1
SIM2
SIM3
SIM4
1
21
22
SIM5
SIM1
SIM2
SIM3
SIM4
1
21
22
SIM5
SIM1
SIM2
SIM3
SIM4
1
21
22
SIM5
SIM1
SIM2
SIM3
SIM4
1
21
22
SIM5
SIM1
SIM2
SIM3
SIM4
1
21
22
SIM5
SIM1
SIM2
SIM3
SIM4
1
21
22
SIM5
SIM1
SIM2
SIM3
SIM4
1
21
22
SIM5
SIM1
SIM2
SIM3
SIM4
1
21
22
SIM5
SIM1
SIM2
SIM3
SIM4
1
21
22
SIM5
SIM1
SIM2
SIM3
SIM4
1
21
22
SIM5
SIM1
SIM2
SIM3
SIM4
1
21
22
SIM5
SIM1
SIM2
SIM3
SIM4
1
21
22
SIM5
SIM1
SIM2
SIM3
SIM4
1
21
22
SIM5
SIM1
SIM2
SIM3
SIM4
1
21
22
SIM5
SIM1
SIM2
SIM3
SIM4
1
21
22
SIM5
SIM1
SIM2
SIM3
SIM4
1
21
22
SIM5
SIM1
SIM2
SIM3
SIM4
1
21
22
SIM5
SIM1
SIM2
SIM3
SIM4
1
21
22
SIM5
SIM1
SIM2
SIM3
SIM4
1
21
22
SIM5
SIM1
SIM2
SIM3
SIM4
1
21
22
SIM5
SIM1
SIM2
SIM3
SIM4
1
21
22
SIM5
SIM1
SIM2
SIM3
SIM4
1
21
22
SIM5
SIM1
SIM2
SIM3
SIM4
1
21
22
SIM5
SIM1
SIM2
SIM3
SIM4
1
21
22
SIM5
SIM1
SIM2
SIM3
SIM4
1
21
22
SIM5
SIM1
SIM2
SIM3
SIM4
1
21
22
SIM5
SIM1
SIM2
SIM3
SIM4
1
21
22
SIM5
SIM1
SIM2
SIM3
SIM4
1
21
22
SIM5
SIM1
SIM2
SIM3
SIM4
1
21
22
SIM5
SIM1
SIM2
SIM3
SIM4
1
21
22
SIM5
SIM1
SIM2
SIM3
SIM4
1
21
22
SIM5
SIM1
SIM2
SIM3
SIM4
1
21
22
SIM5
SIM1
SIM2
SIM3
SIM4
1
21
22
SIM5
SIM1
SIM2
SIM3
SIM4
1
21
22
SIM5
SIM1
SIM2
SIM3
SIM4
1
21
22
SIM5
SIM1
SIM2
SIM3
SIM4
1
21
22
SIM5
SIM1
SIM2
SIM3
SIM4
1
21
22
SIM5
SIM1
SIM2
SIM3
SIM4
1
21
22
SIM5
SIM1
SIM2
SIM3
SIM4
1
21
22
SIM5
SIM1
SIM2
SIM3
SIM4
1
21
22
SIM5
SIM1
SIM2
SIM3
SIM4
1
21
22
SIM5
SIM1
SIM2
SIM3
SIM4
1
21
22
SIM5
SIM1
SIM2
SIM3
SIM4
1
21
22
SIM5
SIM1
SIM2
SIM3
SIM4
1
21
22
SIM5
SIM1
SIM2
SIM3
SIM4
1
21
22
SIM5
SIM1
SIM2
SIM3
SIM4
1
21
22
SIM5
SIM1
SIM2
SIM3
SIM4
1
21
22
SIM5
SIM1
SIM2
SIM3
SIM4
1
21
22
SIM5
SIM1
SIM2
SIM3
SIM4
1
21
22
SIM5
SIM1
SIM2
SIM3
SIM4
1
21
22
SIM5
SIM1
SIM2
SIM3
SIM4
1
21
22
SIM5
SIM1
SIM2
SIM3
SIM4
1
21
22
SIM5
SIM1
SIM2
SIM3
SIM4
1
21
22
SIM5
SIM1
SIM2
SIM3
SIM4
1
21
22
SIM5
SIM1
SIM2
SIM3
SIM4
1
21
22
SIM5
SIM1
SIM2
SIM3
SIM4
1
21
22
SIM5
SIM1
SIM2
SIM3
SIM4
1
21
22
SIM5
SIM1
SIM2
SIM3
SIM4
1
21
22
SIM5
SIM1
SIM2
SIM3
SIM4
1
21
22
SIM5
SIM1
SIM2
SIM3
SIM4
1
21
22
SIM5
SIM1
SIM2
SIM3
SIM4
1
21
22
SIM5
SIM1
SIM2
SIM3
SIM4
1
21
22
SIM5
SIM1
SIM2
SIM3
SIM4
1
21
22
SIM5
SIM1
SIM2
SIM3
SIM4
1
21
22
SIM5
SIM1
SIM2
SIM3
SIM4
1
21
22
SIM5
SIM1
SIM2
SIM3
SIM4
1
21
22
SIM5
SIM1
SIM2
SIM3
SIM4
1
21
22
SIM5
SIM1
SIM2
SIM3
SIM4
1
21
22
SIM5
SIM1
SIM2
SIM3
SIM4
1
21
22
SIM5
SIM1
SIM2
SIM3
SIM4
1
21
22
SIM5
SIM1
SIM2
SIM3
SIM4
1
21
22
SIM5
SIM1
SIM2
SIM3
SIM4
1
21
22
SIM5
SIM1
SIM2
SIM3
SIM4
1
21
22
SIM5
SIM1
SIM2
SIM3
SIM4
1
21
22
SIM5
SIM1
SIM2
SIM3
SIM4
1
21
22
SIM5
SIM1
SIM2
SIM3
SIM4
1
21
22
SIM5
SIM1
SIM2
SIM3
SIM4
1
21
22
SIM5
SIM1
SIM2
SIM3
SIM4
1
21
22
SIM5
SIM1
SIM2
SIM3
SIM4
1
21
22
SIM5
SIM1
SIM2
SIM3
SIM4
1
21
22
SIM5
SIM1
SIM2
SIM3
SIM4
1
21
22
SIM5
SIM1
SIM2
SIM3
SIM4
1
21
22
SIM5
SIM1
SIM2
SIM3
SIM4
1
21
22
SIM5
SIM1
SIM2
SIM3
SIM4
1
21
22
SIM5
SIM1
SIM2
SIM3
SIM4
1
21
22
SIM5
SIM1
SIM2
SIM3
SIM4
1
21
22
SIM5
SIM1
SIM2
SIM3
SIM4
1
21
22
SIM5
SIM1
SIM2
SIM3
SIM4
1
21
22
SIM5
SIM1
SIM2
SIM3
SIM4
1
21
22
SIM5
SIM1
SIM2
SIM3
SIM4
1
21
22
SIM5
SIM1
SIM2
SIM3
SIM4
1
21
22
SIM5
SIM1
SIM2
SIM3
SIM4
1
21
22
SIM5
SIM1
SIM2
SIM3
SIM4
1
21
22
SIM5
SIM1
SIM2
SIM3
SIM4
1
21
22
SIM5
SIM1
SIM2
SIM3
SIM4
1
21
22
SIM5
SIM1
SIM2
SIM3
SIM4
1
21
22
SIM5
SIM1
SIM2
SIM3
SIM4
1
21
22
SIM5
SIM1
SIM2
SIM3
SIM4
1
21
22
SIM5
SIM1
SIM2
SIM3
SIM4
1
21
22
SIM5
SIM1
SIM2
SIM3
SIM4
1
21
22
SIM5
SIM1
SIM2
SIM3
SIM4
1
21
22
SIM5
SIM1
SIM2
SIM3
SIM4
1
21
22
SIM5
SIM1
SIM2
SIM3
SIM4
1
21
22
SIM5
SIM1
SIM2
SIM3
SIM4
1
21
22
SIM5
SIM1
SIM2
SIM3
SIM4
1
21
22
SIM5
SIM1
SIM2
SIM3
SIM4
1
21
22
SIM5
SIM1
SIM2
SIM3
SIM4
1
21
22
SIM5
SIM1
SIM2
SIM3
SIM4
1
21
22
SIM5
SIM1
SIM2
SIM3
SIM4
1
21
22
SIM5
SIM1
SIM2
SIM3
SIM4
1
21
22
SIM5
SIM1
SIM2
SIM3
SIM4
1
21
22
SIM5
SIM1
SIM2
SIM3
SIM4
1
21
22
SIM5
SIM1
SIM2
SIM3
SIM4
1
21
22
SIM5
SIM1
SIM2
SIM3
SIM4
1
21
22
SIM5
SIM1
SIM2
SIM3
SIM4
1
21
22
SIM5
SIM1
SIM2
SIM3
SIM4
1
21
22
SIM5
SIM1
SIM2
SIM3
SIM4
1
21
22
SIM5
SIM1
SIM2
SIM3
SIM4
1
21
22
SIM5
SIM1
SIM2
SIM3
SIM4
1
21
22
SIM5
SIM1
SIM2
SIM3
SIM4
1
21
22
SIM5
SIM1
SIM2
SIM3
SIM4
1
21
22
SIM5
SIM1
SIM2
SIM3
SIM4
1
21
22
SIM5
SIM1
SIM2
SIM3
SIM4
1
21
22
SIM5
SIM1
SIM2
SIM3
SIM4
1
21
22
SIM5
SIM1
SIM2
SIM3
SIM4
1
21
22
SIM5
SIM1
SIM2
SIM3
SIM4
1
21
22
SIM5
SIM1
SIM2
SIM3
SIM4
1
21
22
SIM5
SIM1
SIM2
SIM3
SIM4
1
21
22
SIM5
SIM1
SIM2
SIM3
SIM4
1
21
22
SIM5
SIM1
SIM2
DEBUG 1 898
SIM1
SIM2
SIM3
SIM4
1
21
22
SIM5
SIM1
SIM2
SIM3
SIM4
1
21
22
SIM5
SIM1
SIM2
SIM3
SIM4
1
21
22
SIM5
SIM1
SIM2
SIM3
SIM4
1
21
22
SIM5
SIM1
SIM2
SIM3
SIM4
1
21
22
SIM5
SIM1
SIM2
SIM3
SIM4
1
21
22
SIM5
SIM1
SIM2
SIM3
SIM4
1
21
22
SIM5
SIM1
SIM2
SIM3
SIM4
1
21
22
SIM5
SIM1
SIM2
SIM3
SIM4
1
21
22
SIM5
SIM1
SIM2
SIM3
SIM4
1
21
22
SIM5
SIM1
SIM2
SIM3
SIM4
1
21
22
SIM5
SIM1
SIM2
SIM3
SIM4
1
21
22
SIM5
SIM1
SIM2
SIM3
SIM4
1
21
22
SIM5
SIM1
SIM2
SIM3
SIM4
1
21
22
SIM5
SIM1
SIM2
SIM3
SIM4
1
21
22
SIM5
SIM1
SIM2
SIM3
SIM4
1
21
22
SIM5
SIM1
SIM2
SIM3
SIM4
1
21
22
SIM5
SIM1
SIM2
SIM3
SIM4
1
21
22
SIM5
SIM1
SIM2
SIM3
SIM4
1
21
22
SIM5
SIM1
SIM2
SIM3
SIM4
1
21
22
SIM5
SIM1
SIM2
SIM3
SIM4
1
21
22
SIM5
SIM1
SIM2
SIM3
SIM4
1
21
22
SIM5
SIM1
SIM2
SIM3
SIM4
1
21
22
SIM5
SIM1
SIM2
SIM3
SIM4
1
21
22
SIM5
SIM1
SIM2
SIM3
SIM4
1
21
22
SIM5
SIM1
SIM2
SIM3
SIM4
1
21
22
SIM5
SIM1
SIM2
SIM3
SIM4
1
21
22
SIM5
SIM1
SIM2
SIM3
SIM4
1
21
22
SIM5
SIM1
SIM2
SIM3
SIM4
1
21
22
SIM5
SIM1
SIM2
SIM3
SIM4
1
21
22
SIM5
SIM1
SIM2
SIM3
SIM4
1
21
22
SIM5
SIM1
SIM2
SIM3
SIM4
1
21
22
SIM5
SIM1
SIM2
SIM3
SIM4
1
21
22
SIM5
SIM1
SIM2
SIM3
SIM4
1
21
22
SIM5
SIM1
SIM2
SIM3
SIM4
1
21
22
SIM5
SIM1
SIM2
SIM3
SIM4
1
21
22
SIM5
SIM1
SIM2
SIM3
SIM4
1
21
22
SIM5
SIM1
SIM2
SIM3
SIM4
1
21
22
SIM5
SIM1
SIM2
SIM3
SIM4
1
21
22
SIM5
SIM1
SIM2
SIM3
SIM4
1
21
22
SIM5
SIM1
SIM2
SIM3
SIM4
1
21
22
SIM5
SIM1
SIM2
SIM3
SIM4
1
21
22
SIM5
SIM1
SIM2
SIM3
SIM4
1
21
22
SIM5
SIM1
SIM2
SIM3
SIM4
1
21
22
SIM5
SIM1
SIM2
SIM3
SIM4
1
21
22
SIM5
SIM1
SIM2
SIM3
SIM4
1
21
22
SIM5
SIM1
SIM2
SIM3
SIM4
1
21
22
SIM5
SIM1
SIM2
SIM3
SIM4
1
21
22
SIM5
SIM1
SIM2
SIM3
SIM4
1
21
22
SIM5
SIM1
SIM2
SIM3
SIM4
1
21
22
SIM5
SIM1
SIM2
SIM3
SIM4
1
21
22
SIM5
SIM1
SIM2
SIM3
SIM4
1
21
22
SIM5
SIM1
SIM2
SIM3
SIM4
1
21
22
SIM5
SIM1
SIM2
SIM3
SIM4
1
21
22
SIM5
SIM1
SIM2
SIM3
SIM4
1
21
22
SIM5
SIM1
SIM2
SIM3
SIM4
1
21
22
SIM5
SIM1
SIM2
SIM3
SIM4
1
21
22
SIM5
SIM1
SIM2
SIM3
SIM4
1
21
22
SIM5
SIM1
SIM2
SIM3
SIM4
1
21
22
SIM5
SIM1
SIM2
SIM3
SIM4
1
21
22
SIM5
SIM1
SIM2
SIM3
SIM4
1
21
22
SIM5
SIM1
SIM2
SIM3
SIM4
1
21
22
SIM5
SIM1
SIM2
SIM3
SIM4
1
21
22
SIM5
SIM1
SIM2
SIM3
SIM4
1
21
22
SIM5
SIM1
SIM2
SIM3
SIM4
1
21
22
SIM5
SIM1
SIM2
SIM3
SIM4
1
21
22
SIM5
SIM1
SIM2
SIM3
SIM4
1
21
22
SIM5
SIM1
SIM2
SIM3
SIM4
1
21
22
SIM5
SIM1
SIM2
SIM3
SIM4
1
21
22
SIM5
SIM1
SIM2
SIM3
SIM4
1
21
22
SIM5
SIM1
SIM2
SIM3
SIM4
1
21
22
SIM5
SIM1
SIM2
SIM3
SIM4
1
21
22
SIM5
SIM1
SIM2
SIM3
SIM4
1
21
22
SIM5
SIM1
SIM2
SIM3
SIM4
1
21
22
SIM5
SIM1
SIM2
SIM3
SIM4
1
21
22
SIM5
SIM1
SIM2
SIM3
SIM4
1
21
22
SIM5
SIM1
SIM2
SIM3
SIM4
1
21
22
SIM5
SIM1
SIM2
SIM3
SIM4
1
21
22
SIM5
SIM1
SIM2
SIM3
SIM4
1
21
22
SIM5
SIM1
SIM2
SIM3
SIM4
1
21
22
SIM5
SIM1
SIM2
SIM3
SIM4
1
21
22
SIM5
SIM1
SIM2
SIM3
SIM4
1
21
22
SIM5
SIM1
SIM2
SIM3
SIM4
1
21
22
SIM5
SIM1
SIM2
SIM3
SIM4
1
21
22
SIM5
SIM1
SIM2
SIM3
SIM4
1
21
22
SIM5
SIM1
SIM2
SIM3
SIM4
1
21
22
SIM5
SIM1
SIM2
SIM3
SIM4
1
21
22
SIM5
SIM1
SIM2
SIM3
SIM4
1
21
22
SIM5
SIM1
SIM2
SIM3
SIM4
1
21
22
SIM5
SIM1
SIM2
SIM3
SIM4
1
21
22
SIM5
SIM1
SIM2
SIM3
SIM4
1
21
22
SIM5
SIM1
SIM2
SIM3
SIM4
1
21
22
SIM5
SIM1
SIM2
SIM3
SIM4
1
21
22
SIM5
SIM1
SIM2
SIM3
SIM4
1
21
22
SIM5
SIM1
SIM2
SIM3
SIM4
1
21
22
SIM5
SIM1
SIM2
SIM3
SIM4
1
21
22
SIM5
SIM1
SIM2
SIM3
SIM4
1
21
22
SIM5
SIM1
SIM2
SIM3
SIM4
1
21
22
SIM5
SIM1
SIM2
SIM3
SIM4
1
21
22
SIM5
SIM1
SIM2
SIM3
SIM4
1
21
22
SIM5
SIM1
SIM2
SIM3
SIM4
1
21
22
SIM5
SIM1
SIM2
SIM3
SIM4
1
21
22
SIM5
SIM1
SIM2
SIM3
SIM4
1
21
22
SIM5
SIM1
SIM2
SIM3
SIM4
1
21
22
SIM5
SIM1
SIM2
SIM3
SIM4
1
21
22
SIM5
SIM1
SIM2
SIM3
SIM4
1
21
22
SIM5
SIM1
SIM2
SIM3
SIM4
1
21
22
SIM5
SIM1
SIM2
SIM3
SIM4
1
21
22
SIM5
SIM1
SIM2
SIM3
SIM4
1
21
22
SIM5
SIM1
SIM2
SIM3
SIM4
1
21
22
SIM5
SIM1
SIM2
SIM3
SIM4
1
21
22
SIM5
SIM1
SIM2
SIM3
SIM4
1
21
22
SIM5
SIM1
SIM2
SIM3
SIM4
1
21
22
SIM5
SIM1
SIM2
SIM3
SIM4
1
21
22
SIM5
SIM1
SIM2
SIM3
SIM4
1
21
22
SIM5
SIM1
SIM2
SIM3
SIM4
1
21
22
SIM5
SIM1
SIM2
SIM3
SIM4
1
21
22
SIM5
SIM1
SIM2
SIM3
SIM4
1
21
22
SIM5
SIM1
SIM2
SIM3
SIM4
1
21
22
SIM5
SIM1
SIM2
SIM3
SIM4
1
21
22
SIM5
SIM1
SIM2
SIM3
SIM4
1
21
22
SIM5
SIM1
SIM2
SIM3
SIM4
1
21
22
SIM5
SIM1
SIM2
SIM3
SIM4
1
21
22
SIM5
SIM1
SIM2
SIM3
SIM4
1
21
22
SIM5
SIM1
SIM2
SIM3
SIM4
1
21
22
SIM5
SIM1
SIM2
SIM3
SIM4
1
21
22
SIM5
SIM1
SIM2
SIM3
SIM4
1
21
22
SIM5
SIM1
SIM2
SIM3
SIM4
1
21
22
SIM5
SIM1
SIM2
SIM3
SIM4
1
21
22
SIM5
SIM1
SIM2
SIM3
SIM4
1
21
22
SIM5
SIM1
SIM2
SIM3
SIM4
1
21
22
SIM5
SIM1
SIM2
SIM3
SIM4
1
21
22
SIM5
SIM1
SIM2
SIM3
SIM4
1
21
22
SIM5
SIM1
SIM2
SIM3
SIM4
1
21
22
SIM5
SIM1
SIM2
SIM3
SIM4
1
21
22
SIM5
SIM1
SIM2
SIM3
SIM4
1
21
22
SIM5
SIM1
SIM2
SIM3
SIM4
1
21
22
SIM5
SIM1
SIM2
SIM3
SIM4
1
21
22
SIM5
SIM1
SIM2
SIM3
SIM4
1
21
22
SIM5
SIM1
SIM2
SIM3
SIM4
1
21
22
SIM5
SIM1
SIM2
SIM3
SIM4
1
21
22
SIM5
SIM1
SIM2
SIM3
SIM4
1
21
22
SIM5
SIM1
SIM2
SIM3
SIM4
1
21
22
SIM5
SIM1
SIM2
SIM3
SIM4
1
21
22
SIM5
SIM1
SIM2
SIM3
SIM4
1
21
22
SIM5
SIM1
SIM2
SIM3
SIM4
1
21
22
SIM5
SIM1
SIM2
SIM3
SIM4
1
21
22
SIM5
SIM1
SIM2
SIM3
SIM4
1
21
22
SIM5
SIM1
SIM2
SIM3
SIM4
1
21
22
SIM5
SIM1
SIM2
SIM3
SIM4
1
21
22
SIM5
SIM1
SIM2
SIM3
SIM4
1
21
22
SIM5
SIM1
SIM2
SIM3
SIM4
1
21
22
SIM5
SIM1
SIM2
SIM3
SIM4
1
21
22
SIM5
SIM1
SIM2
SIM3
SIM4
1
21
22
SIM5
SIM1
SIM2
SIM3
SIM4
1
21
22
SIM5
SIM1
SIM2
SIM3
SIM4
1
21
22
SIM5
SIM1
SIM2
SIM3
SIM4
1
21
22
SIM5
SIM1
SIM2
SIM3
SIM4
1
21
22
SIM5
SIM1
SIM2
SIM3
SIM4
1
21
22
SIM5
SIM1
SIM2
SIM3
SIM4
1
21
22
SIM5
SIM1
SIM2
SIM3
SIM4
1
21
22
SIM5
SIM1
SIM2
SIM3
SIM4
1
21
22
SIM5
SIM1
SIM2
SIM3
SIM4
1
21
22
SIM5
SIM1
SIM2
DEBUG 1 899
SIM1
SIM2
SIM3
SIM4
1
21
22
SIM5
SIM1
SIM2
SIM3
SIM4
1
21
22
SIM5
SIM1
SIM2
SIM3
SIM4
1
21
22
SIM5
SIM1
SIM2
SIM3
SIM4
1
21
22
SIM5
SIM1
SIM2
SIM3
SIM4
1
21
22
SIM5
SIM1
SIM2
SIM3
SIM4
1
21
22
SIM5
SIM1
SIM2
SIM3
SIM4
1
21
22
SIM5
SIM1
SIM2
SIM3
SIM4
1
21
22
SIM5
SIM1
SIM2
SIM3
SIM4
1
21
22
SIM5
SIM1
SIM2
SIM3
SIM4
1
21
22
SIM5
SIM1
SIM2
SIM3
SIM4
1
21
22
SIM5
SIM1
SIM2
SIM3
SIM4
1
21
22
SIM5
SIM1
SIM2
SIM3
SIM4
1
21
22
SIM5
SIM1
SIM2
SIM3
SIM4
1
21
22
SIM5
SIM1
SIM2
SIM3
SIM4
1
21
22
SIM5
SIM1
SIM2
SIM3
SIM4
1
21
22
SIM5
SIM1
SIM2
SIM3
SIM4
1
21
22
SIM5
SIM1
SIM2
SIM3
SIM4
1
21
22
SIM5
SIM1
SIM2
SIM3
SIM4
1
21
22
SIM5
SIM1
SIM2
SIM3
SIM4
1
21
22
SIM5
SIM1
SIM2
SIM3
SIM4
1
21
22
SIM5
SIM1
SIM2
SIM3
SIM4
1
21
22
SIM5
SIM1
SIM2
SIM3
SIM4
1
21
22
SIM5
SIM1
SIM2
SIM3
SIM4
1
21
22
SIM5
SIM1
SIM2
SIM3
SIM4
1
21
22
SIM5
SIM1
SIM2
SIM3
SIM4
1
21
22
SIM5
SIM1
SIM2
SIM3
SIM4
1
21
22
SIM5
SIM1
SIM2
SIM3
SIM4
1
21
22
SIM5
SIM1
SIM2
SIM3
SIM4
1
21
22
SIM5
SIM1
SIM2
SIM3
SIM4
1
21
22
SIM5
SIM1
SIM2
SIM3
SIM4
1
21
22
SIM5
SIM1
SIM2
SIM3
SIM4
1
21
22
SIM5
SIM1
SIM2
SIM3
SIM4
1
21
22
SIM5
SIM1
SIM2
SIM3
SIM4
1
21
22
SIM5
SIM1
SIM2
SIM3
SIM4
1
21
22
SIM5
SIM1
SIM2
SIM3
SIM4
1
21
22
SIM5
SIM1
SIM2
SIM3
SIM4
1
21
22
SIM5
SIM1
SIM2
SIM3
SIM4
1
21
22
SIM5
SIM1
SIM2
SIM3
SIM4
1
21
22
SIM5
SIM1
SIM2
SIM3
SIM4
1
21
22
SIM5
SIM1
SIM2
SIM3
SIM4
1
21
22
SIM5
SIM1
SIM2
SIM3
SIM4
1
21
22
SIM5
SIM1
SIM2
SIM3
SIM4
1
21
22
SIM5
SIM1
SIM2
SIM3
SIM4
1
21
22
SIM5
SIM1
SIM2
SIM3
SIM4
1
21
22
SIM5
SIM1
SIM2
SIM3
SIM4
1
21
22
SIM5
SIM1
SIM2
SIM3
SIM4
1
21
22
SIM5
SIM1
SIM2
SIM3
SIM4
1
21
22
SIM5
SIM1
SIM2
SIM3
SIM4
1
21
22
SIM5
SIM1
SIM2
SIM3
SIM4
1
21
22
SIM5
SIM1
SIM2
SIM3
SIM4
1
21
22
SIM5
SIM1
SIM2
SIM3
SIM4
1
21
22
SIM5
SIM1
SIM2
SIM3
SIM4
1
21
22
SIM5
SIM1
SIM2
SIM3
SIM4
1
21
22
SIM5
SIM1
SIM2
SIM3
SIM4
1
21
22
SIM5
SIM1
SIM2
SIM3
SIM4
1
21
22
SIM5
SIM1
SIM2
SIM3
SIM4
1
21
22
SIM5
SIM1
SIM2
SIM3
SIM4
1
21
22
SIM5
SIM1
SIM2
SIM3
SIM4
1
21
22
SIM5
SIM1
SIM2
SIM3
SIM4
1
21
22
SIM5
SIM1
SIM2
SIM3
SIM4
1
21
22
SIM5
SIM1
SIM2
SIM3
SIM4
1
21
22
SIM5
SIM1
SIM2
SIM3
SIM4
1
21
22
SIM5
SIM1
SIM2
SIM3
SIM4
1
21
22
SIM5
SIM1
SIM2
SIM3
SIM4
1
21
22
SIM5
SIM1
SIM2
SIM3
SIM4
1
21
22
SIM5
SIM1
SIM2
SIM3
SIM4
1
21
22
SIM5
SIM1
SIM2
SIM3
SIM4
1
21
22
SIM5
SIM1
SIM2
SIM3
SIM4
1
21
22
SIM5
SIM1
SIM2
SIM3
SIM4
1
21
22
SIM5
SIM1
SIM2
SIM3
SIM4
1
21
22
SIM5
SIM1
SIM2
SIM3
SIM4
1
21
22
SIM5
SIM1
SIM2
SIM3
SIM4
1
21
22
SIM5
SIM1
SIM2
SIM3
SIM4
1
21
22
SIM5
SIM1
SIM2
SIM3
SIM4
1
21
22
SIM5
SIM1
SIM2
SIM3
SIM4
1
21
22
SIM5
SIM1
SIM2
SIM3
SIM4
1
21
22
SIM5
SIM1
SIM2
SIM3
SIM4
1
21
22
SIM5
SIM1
SIM2
SIM3
SIM4
1
21
22
SIM5
SIM1
SIM2
SIM3
SIM4
1
21
22
SIM5
SIM1
SIM2
SIM3
SIM4
1
21
22
SIM5
SIM1
SIM2
SIM3
SIM4
1
21
22
SIM5
SIM1
SIM2
SIM3
SIM4
1
21
22
SIM5
SIM1
SIM2
SIM3
SIM4
1
21
22
SIM5
SIM1
SIM2
SIM3
SIM4
1
21
22
SIM5
SIM1
SIM2
SIM3
SIM4
1
21
22
SIM5
SIM1
SIM2
SIM3
SIM4
1
21
22
SIM5
SIM1
SIM2
SIM3
SIM4
1
21
22
SIM5
SIM1
SIM2
SIM3
SIM4
1
21
22
SIM5
SIM1
SIM2
SIM3
SIM4
1
21
22
SIM5
SIM1
SIM2
SIM3
SIM4
1
21
22
SIM5
SIM1
SIM2
SIM3
SIM4
1
21
22
SIM5
SIM1
SIM2
SIM3
SIM4
1
21
22
SIM5
SIM1
SIM2
SIM3
SIM4
1
21
22
SIM5
SIM1
SIM2
SIM3
SIM4
1
21
22
SIM5
SIM1
SIM2
SIM3
SIM4
1
21
22
SIM5
SIM1
SIM2
SIM3
SIM4
1
21
22
SIM5
SIM1
SIM2
SIM3
SIM4
1
21
22
SIM5
SIM1
SIM2
SIM3
SIM4
1
21
22
SIM5
SIM1
SIM2
SIM3
SIM4
1
21
22
SIM5
SIM1
SIM2
SIM3
SIM4
1
21
22
SIM5
SIM1
SIM2
SIM3
SIM4
1
21
22
SIM5
SIM1
SIM2
SIM3
SIM4
1
21
22
SIM5
SIM1
SIM2
SIM3
SIM4
1
21
22
SIM5
SIM1
SIM2
SIM3
SIM4
1
21
22
SIM5
SIM1
SIM2
SIM3
SIM4
1
21
22
SIM5
SIM1
SIM2
SIM3
SIM4
1
21
22
SIM5
SIM1
SIM2
SIM3
SIM4
1
21
22
SIM5
SIM1
SIM2
SIM3
SIM4
1
21
22
SIM5
SIM1
SIM2
SIM3
SIM4
1
21
22
SIM5
SIM1
SIM2
SIM3
SIM4
1
21
22
SIM5
SIM1
SIM2
SIM3
SIM4
1
21
22
SIM5
SIM1
SIM2
SIM3
SIM4
1
21
22
SIM5
SIM1
SIM2
SIM3
SIM4
1
21
22
SIM5
SIM1
SIM2
SIM3
SIM4
1
21
22
SIM5
SIM1
SIM2
SIM3
SIM4
1
21
22
SIM5
SIM1
SIM2
SIM3
SIM4
1
21
22
SIM5
SIM1
SIM2
SIM3
SIM4
1
21
22
SIM5
SIM1
SIM2
SIM3
SIM4
1
21
22
SIM5
SIM1
SIM2
SIM3
SIM4
1
21
22
SIM5
SIM1
SIM2
SIM3
SIM4
1
21
22
SIM5
SIM1
SIM2
SIM3
SIM4
1
21
22
SIM5
SIM1
SIM2
SIM3
SIM4
1
21
22
SIM5
SIM1
SIM2
SIM3
SIM4
1
21
22
SIM5
SIM1
SIM2
SIM3
SIM4
1
21
22
SIM5
SIM1
SIM2
SIM3
SIM4
1
21
22
SIM5
SIM1
SIM2
SIM3
SIM4
1
21
22
SIM5
SIM1
SIM2
SIM3
SIM4
1
21
22
SIM5
SIM1
SIM2
SIM3
SIM4
1
21
22
SIM5
SIM1
SIM2
SIM3
SIM4
1
21
22
SIM5
SIM1
SIM2
SIM3
SIM4
1
21
22
SIM5
SIM1
SIM2
SIM3
SIM4
1
21
22
SIM5
SIM1
SIM2
SIM3
SIM4
1
21
22
SIM5
SIM1
SIM2
SIM3
SIM4
1
21
22
SIM5
SIM1
SIM2
SIM3
SIM4
1
21
22
SIM5
SIM1
SIM2
SIM3
SIM4
1
21
22
SIM5
SIM1
SIM2
SIM3
SIM4
1
21
22
SIM5
SIM1
SIM2
SIM3
SIM4
1
21
22
SIM5
SIM1
SIM2
SIM3
SIM4
1
21
22
SIM5
SIM1
SIM2
SIM3
SIM4
1
21
22
SIM5
SIM1
SIM2
SIM3
SIM4
1
21
22
SIM5
SIM1
SIM2
SIM3
SIM4
1
21
22
SIM5
SIM1
SIM2
SIM3
SIM4
1
21
22
SIM5
SIM1
SIM2
SIM3
SIM4
1
21
22
SIM5
SIM1
SIM2
SIM3
SIM4
1
21
22
SIM5
SIM1
SIM2
SIM3
SIM4
1
21
22
SIM5
SIM1
SIM2
SIM3
SIM4
1
21
22
SIM5
SIM1
SIM2
SIM3
SIM4
1
21
22
SIM5
SIM1
SIM2
SIM3
SIM4
1
21
22
SIM5
SIM1
SIM2
SIM3
SIM4
1
21
22
SIM5
SIM1
SIM2
SIM3
SIM4
1
21
22
SIM5
SIM1
SIM2
SIM3
SIM4
1
21
22
SIM5
SIM1
SIM2
SIM3
SIM4
1
21
22
SIM5
SIM1
SIM2
SIM3
SIM4
1
21
22
SIM5
SIM1
SIM2
SIM3
SIM4
1
21
22
SIM5
SIM1
SIM2
SIM3
SIM4
1
21
22
SIM5
SIM1
SIM2
SIM3
SIM4
1
21
22
SIM5
SIM1
SIM2
SIM3
SIM4
1
21
22
SIM5
SIM1
SIM2
SIM3
SIM4
1
21
22
SIM5
SIM1
SIM2
SIM3
SIM4
1
21
22
SIM5
SIM1
SIM2
SIM3
SIM4
1
21
22
SIM5
SIM1
SIM2
SIM3
SIM4
1
21
22
SIM5
SIM1
SIM2
SIM3
SIM4
1
21
22
SIM5
SIM1
SIM2
SIM3
SIM4
1
21
22
SIM5
SIM1
SIM2
DEBUG 1 900
SIM1
SIM2
SIM3
SIM4
1
21
22
SIM5
SIM1
SIM2
SIM3
SIM4
1
21
22
SIM5
SIM1
SIM2
SIM3
SIM4
1
21
22
SIM5
SIM1
SIM2
SIM3
SIM4
1
21
22
SIM5
SIM1
SIM2
SIM3
SIM4
1
21
22
SIM5
SIM1
SIM2
SIM3
SIM4
1
21
22
SIM5
SIM1
SIM2
SIM3
SIM4
1
21
22
SIM5
SIM1
SIM2
SIM3
SIM4
1
21
22
SIM5
SIM1
SIM2
SIM3
SIM4
1
21
22
SIM5
SIM1
SIM2
SIM3
SIM4
1
21
22
SIM5
SIM1
SIM2
SIM3
SIM4
1
21
22
SIM5
SIM1
SIM2
SIM3
SIM4
1
21
22
SIM5
SIM1
SIM2
SIM3
SIM4
1
21
22
SIM5
SIM1
SIM2
SIM3
SIM4
1
21
22
SIM5
SIM1
SIM2
SIM3
SIM4
1
21
22
SIM5
SIM1
SIM2
SIM3
SIM4
1
21
22
SIM5
SIM1
SIM2
SIM3
SIM4
1
21
22
SIM5
SIM1
SIM2
SIM3
SIM4
1
21
22
SIM5
SIM1
SIM2
SIM3
SIM4
1
21
22
SIM5
SIM1
SIM2
SIM3
SIM4
1
21
22
SIM5
SIM1
SIM2
SIM3
SIM4
1
21
22
SIM5
SIM1
SIM2
SIM3
SIM4
1
21
22
SIM5
SIM1
SIM2
SIM3
SIM4
1
21
22
SIM5
SIM1
SIM2
SIM3
SIM4
1
21
22
SIM5
SIM1
SIM2
SIM3
SIM4
1
21
22
SIM5
SIM1
SIM2
SIM3
SIM4
1
21
22
SIM5
SIM1
SIM2
SIM3
SIM4
1
21
22
SIM5
SIM1
SIM2
SIM3
SIM4
1
21
22
SIM5
SIM1
SIM2
SIM3
SIM4
1
21
22
SIM5
SIM1
SIM2
SIM3
SIM4
1
21
22
SIM5
SIM1
SIM2
SIM3
SIM4
1
21
22
SIM5
SIM1
SIM2
SIM3
SIM4
1
21
22
SIM5
SIM1
SIM2
SIM3
SIM4
1
21
22
SIM5
SIM1
SIM2
SIM3
SIM4
1
21
22
SIM5
SIM1
SIM2
SIM3
SIM4
1
21
22
SIM5
SIM1
SIM2
SIM3
SIM4
1
21
22
SIM5
SIM1
SIM2
SIM3
SIM4
1
21
22
SIM5
SIM1
SIM2
SIM3
SIM4
1
21
22
SIM5
SIM1
SIM2
SIM3
SIM4
1
21
22
SIM5
SIM1
SIM2
SIM3
SIM4
1
21
22
SIM5
SIM1
SIM2
SIM3
SIM4
1
21
22
SIM5
SIM1
SIM2
SIM3
SIM4
1
21
22
SIM5
SIM1
SIM2
SIM3
SIM4
1
21
22
SIM5
SIM1
SIM2
SIM3
SIM4
1
21
22
SIM5
SIM1
SIM2
SIM3
SIM4
1
21
22
SIM5
SIM1
SIM2
SIM3
SIM4
1
21
22
SIM5
SIM1
SIM2
SIM3
SIM4
1
21
22
SIM5
SIM1
SIM2
SIM3
SIM4
1
21
22
SIM5
SIM1
SIM2
SIM3
SIM4
1
21
22
SIM5
SIM1
SIM2
SIM3
SIM4
1
21
22
SIM5
SIM1
SIM2
SIM3
SIM4
1
21
22
SIM5
SIM1
SIM2
SIM3
SIM4
1
21
22
SIM5
SIM1
SIM2
SIM3
SIM4
1
21
22
SIM5
SIM1
SIM2
SIM3
SIM4
1
21
22
SIM5
SIM1
SIM2
SIM3
SIM4
1
21
22
SIM5
SIM1
SIM2
SIM3
SIM4
1
21
22
SIM5
SIM1
SIM2
SIM3
SIM4
1
21
22
SIM5
SIM1
SIM2
SIM3
SIM4
1
21
22
SIM5
SIM1
SIM2
SIM3
SIM4
1
21
22
SIM5
SIM1
SIM2
SIM3
SIM4
1
21
22
SIM5
SIM1
SIM2
SIM3
SIM4
1
21
22
SIM5
SIM1
SIM2
SIM3
SIM4
1
21
22
SIM5
SIM1
SIM2
SIM3
SIM4
1
21
22
SIM5
SIM1
SIM2
SIM3
SIM4
1
21
22
SIM5
SIM1
SIM2
SIM3
SIM4
1
21
22
SIM5
SIM1
SIM2
SIM3
SIM4
1
21
22
SIM5
SIM1
SIM2
SIM3
SIM4
1
21
22
SIM5
SIM1
SIM2
SIM3
SIM4
1
21
22
SIM5
SIM1
SIM2
SIM3
SIM4
1
21
22
SIM5
SIM1
SIM2
SIM3
SIM4
1
21
22
SIM5
SIM1
SIM2
SIM3
SIM4
1
21
22
SIM5
SIM1
SIM2
SIM3
SIM4
1
21
22
SIM5
SIM1
SIM2
SIM3
SIM4
1
21
22
SIM5
SIM1
SIM2
SIM3
SIM4
1
21
22
SIM5
SIM1
SIM2
SIM3
SIM4
1
21
22
SIM5
SIM1
SIM2
SIM3
SIM4
1
21
22
SIM5
SIM1
SIM2
SIM3
SIM4
1
21
22
SIM5
SIM1
SIM2
SIM3
SIM4
1
21
22
SIM5
SIM1
SIM2
SIM3
SIM4
1
21
22
SIM5
SIM1
SIM2
SIM3
SIM4
1
21
22
SIM5
SIM1
SIM2
SIM3
SIM4
1
21
22
SIM5
SIM1
SIM2
SIM3
SIM4
1
21
22
SIM5
SIM1
SIM2
SIM3
SIM4
1
21
22
SIM5
SIM1
SIM2
SIM3
SIM4
1
21
22
SIM5
SIM1
SIM2
SIM3
SIM4
1
21
22
SIM5
SIM1
SIM2
SIM3
SIM4
1
21
22
SIM5
SIM1
SIM2
SIM3
SIM4
1
21
22
SIM5
SIM1
SIM2
SIM3
SIM4
1
21
22
SIM5
SIM1
SIM2
SIM3
SIM4
1
21
22
SIM5
SIM1
SIM2
SIM3
SIM4
1
21
22
SIM5
SIM1
SIM2
SIM3
SIM4
1
21
22
SIM5
SIM1
SIM2
SIM3
SIM4
1
21
22
SIM5
SIM1
SIM2
SIM3
SIM4
1
21
22
SIM5
SIM1
SIM2
SIM3
SIM4
1
21
22
SIM5
SIM1
SIM2
SIM3
SIM4
1
21
22
SIM5
SIM1
SIM2
SIM3
SIM4
1
21
22
SIM5
SIM1
SIM2
SIM3
SIM4
1
21
22
SIM5
SIM1
SIM2
SIM3
SIM4
1
21
22
SIM5
SIM1
SIM2
SIM3
SIM4
1
21
22
SIM5
SIM1
SIM2
SIM3
SIM4
1
21
22
SIM5
SIM1
SIM2
SIM3
SIM4
1
21
22
SIM5
SIM1
SIM2
SIM3
SIM4
1
21
22
SIM5
SIM1
SIM2
SIM3
SIM4
1
21
22
SIM5
SIM1
SIM2
SIM3
SIM4
1
21
22
SIM5
SIM1
SIM2
SIM3
SIM4
1
21
22
SIM5
SIM1
SIM2
SIM3
SIM4
1
21
22
SIM5
SIM1
SIM2
SIM3
SIM4
1
21
22
SIM5
SIM1
SIM2
SIM3
SIM4
1
21
22
SIM5
SIM1
SIM2
SIM3
SIM4
1
21
22
SIM5
SIM1
SIM2
SIM3
SIM4
1
21
22
SIM5
SIM1
SIM2
SIM3
SIM4
1
21
22
SIM5
SIM1
SIM2
SIM3
SIM4
1
21
22
SIM5
SIM1
SIM2
SIM3
SIM4
1
21
22
SIM5
SIM1
SIM2
SIM3
SIM4
1
21
22
SIM5
SIM1
SIM2
SIM3
SIM4
1
21
22
SIM5
SIM1
SIM2
SIM3
SIM4
1
21
22
SIM5
SIM1
SIM2
SIM3
SIM4
1
21
22
SIM5
SIM1
SIM2
SIM3
SIM4
1
21
22
SIM5
SIM1
SIM2
SIM3
SIM4
1
21
22
SIM5
SIM1
SIM2
SIM3
SIM4
1
21
22
SIM5
SIM1
SIM2
SIM3
SIM4
1
21
22
SIM5
SIM1
SIM2
SIM3
SIM4
1
21
22
SIM5
SIM1
SIM2
SIM3
SIM4
1
21
22
SIM5
SIM1
SIM2
SIM3
SIM4
1
21
22
SIM5
SIM1
SIM2
SIM3
SIM4
1
21
22
SIM5
SIM1
SIM2
SIM3
SIM4
1
21
22
SIM5
SIM1
SIM2
SIM3
SIM4
1
21
22
SIM5
SIM1
SIM2
SIM3
SIM4
1
21
22
SIM5
SIM1
SIM2
SIM3
SIM4
1
21
22
SIM5
SIM1
SIM2
SIM3
SIM4
1
21
22
SIM5
SIM1
SIM2
SIM3
SIM4
1
21
22
SIM5
SIM1
SIM2
SIM3
SIM4
1
21
22
SIM5
SIM1
SIM2
SIM3
SIM4
1
21
22
SIM5
SIM1
SIM2
SIM3
SIM4
1
21
22
SIM5
SIM1
SIM2
SIM3
SIM4
1
21
22
SIM5
SIM1
SIM2
SIM3
SIM4
1
21
22
SIM5
SIM1
SIM2
SIM3
SIM4
1
21
22
SIM5
SIM1
SIM2
SIM3
SIM4
1
21
22
SIM5
SIM1
SIM2
SIM3
SIM4
1
21
22
SIM5
SIM1
SIM2
SIM3
SIM4
1
21
22
SIM5
SIM1
SIM2
SIM3
SIM4
1
21
22
SIM5
SIM1
SIM2
SIM3
SIM4
1
21
22
SIM5
SIM1
SIM2
SIM3
SIM4
1
21
22
SIM5
SIM1
SIM2
SIM3
SIM4
1
21
22
SIM5
SIM1
SIM2
SIM3
SIM4
1
21
22
SIM5
SIM1
SIM2
SIM3
SIM4
1
21
22
SIM5
SIM1
SIM2
SIM3
SIM4
1
21
22
SIM5
SIM1
SIM2
SIM3
SIM4
1
21
22
SIM5
SIM1
SIM2
SIM3
SIM4
1
21
22
SIM5
SIM1
SIM2
SIM3
SIM4
1
21
22
SIM5
SIM1
SIM2
SIM3
SIM4
1
21
22
SIM5
SIM1
SIM2
SIM3
SIM4
1
21
22
SIM5
SIM1
SIM2
SIM3
SIM4
1
21
22
SIM5
SIM1
SIM2
SIM3
SIM4
1
21
22
SIM5
SIM1
SIM2
SIM3
SIM4
1
21
22
SIM5
SIM1
SIM2
SIM3
SIM4
1
21
22
SIM5
SIM1
SIM2
SIM3
SIM4
1
21
22
SIM5
SIM1
SIM2
SIM3
SIM4
1
21
22
SIM5
SIM1
SIM2
SIM3
SIM4
1
21
22
SIM5
SIM1
SIM2
SIM3
SIM4
1
21
22
SIM5
SIM1
SIM2
SIM3
SIM4
1
21
22
SIM5
SIM1
SIM2
SIM3
SIM4
1
21
22
SIM5
SIM1
SIM2
SIM3
SIM4
1
21
22
SIM5
SIM1
SIM2
SIM3
SIM4
1
21
22
SIM5
SIM1
SIM2
SIM3
SIM4
1
21
22
SIM5
SIM1
SIM2
SIM3
SIM4
1
21
22
SIM5
SIM1
SIM2
SIM3
SIM4
1
21
22
SIM5
SIM1
SIM2
SIM3
SIM4
1
21
22
SIM5
SIM1
SIM2
SIM3
SIM4
1
21
22
SIM5
SIM1
SIM2
DEBUG 1 901
SIM1
SIM2
SIM3
SIM4
1
21
22
SIM5
SIM1
SIM2
SIM3
SIM4
1
21
22
SIM5
SIM1
SIM2
SIM3
SIM4
1
21
22
SIM5
SIM1
SIM2
SIM3
SIM4
1
21
22
SIM5
SIM1
SIM2
SIM3
SIM4
1
21
22
SIM5
SIM1
SIM2
SIM3
SIM4
1
21
22
SIM5
SIM1
SIM2
SIM3
SIM4
1
21
22
SIM5
SIM1
SIM2
SIM3
SIM4
1
21
22
SIM5
SIM1
SIM2
SIM3
SIM4
1
21
22
SIM5
SIM1
SIM2
SIM3
SIM4
1
21
22
SIM5
SIM1
SIM2
SIM3
SIM4
1
21
22
SIM5
SIM1
SIM2
SIM3
SIM4
1
21
22
SIM5
SIM1
SIM2
SIM3
SIM4
1
21
22
SIM5
SIM1
SIM2
SIM3
SIM4
1
21
22
SIM5
SIM1
SIM2
SIM3
SIM4
1
21
22
SIM5
SIM1
SIM2
SIM3
SIM4
1
21
22
SIM5
SIM1
SIM2
SIM3
SIM4
1
21
22
SIM5
SIM1
SIM2
SIM3
SIM4
1
21
22
SIM5
SIM1
SIM2
SIM3
SIM4
1
21
22
SIM5
SIM1
SIM2
SIM3
SIM4
1
21
22
SIM5
SIM1
SIM2
SIM3
SIM4
1
21
22
SIM5
SIM1
SIM2
SIM3
SIM4
1
21
22
SIM5
SIM1
SIM2
SIM3
SIM4
1
21
22
SIM5
SIM1
SIM2
SIM3
SIM4
1
21
22
SIM5
SIM1
SIM2
SIM3
SIM4
1
21
22
SIM5
SIM1
SIM2
SIM3
SIM4
1
21
22
SIM5
SIM1
SIM2
SIM3
SIM4
1
21
22
SIM5
SIM1
SIM2
SIM3
SIM4
1
21
22
SIM5
SIM1
SIM2
SIM3
SIM4
1
21
22
SIM5
SIM1
SIM2
SIM3
SIM4
1
21
22
SIM5
SIM1
SIM2
SIM3
SIM4
1
21
22
SIM5
SIM1
SIM2
SIM3
SIM4
1
21
22
SIM5
SIM1
SIM2
SIM3
SIM4
1
21
22
SIM5
SIM1
SIM2
SIM3
SIM4
1
21
22
SIM5
SIM1
SIM2
SIM3
SIM4
1
21
22
SIM5
SIM1
SIM2
SIM3
SIM4
1
21
22
SIM5
SIM1
SIM2
SIM3
SIM4
1
21
22
SIM5
SIM1
SIM2
SIM3
SIM4
1
21
22
SIM5
SIM1
SIM2
SIM3
SIM4
1
21
22
SIM5
SIM1
SIM2
SIM3
SIM4
1
21
22
SIM5
SIM1
SIM2
SIM3
SIM4
1
21
22
SIM5
SIM1
SIM2
SIM3
SIM4
1
21
22
SIM5
SIM1
SIM2
SIM3
SIM4
1
21
22
SIM5
SIM1
SIM2
SIM3
SIM4
1
21
22
SIM5
SIM1
SIM2
SIM3
SIM4
1
21
22
SIM5
SIM1
SIM2
SIM3
SIM4
1
21
22
SIM5
SIM1
SIM2
SIM3
SIM4
1
21
22
SIM5
SIM1
SIM2
SIM3
SIM4
1
21
22
SIM5
SIM1
SIM2
SIM3
SIM4
1
21
22
SIM5
SIM1
SIM2
SIM3
SIM4
1
21
22
SIM5
SIM1
SIM2
SIM3
SIM4
1
21
22
SIM5
SIM1
SIM2
SIM3
SIM4
1
21
22
SIM5
SIM1
SIM2
SIM3
SIM4
1
21
22
SIM5
SIM1
SIM2
SIM3
SIM4
1
21
22
SIM5
SIM1
SIM2
SIM3
SIM4
1
21
22
SIM5
SIM1
SIM2
SIM3
SIM4
1
21
22
SIM5
SIM1
SIM2
SIM3
SIM4
1
21
22
SIM5
SIM1
SIM2
SIM3
SIM4
1
21
22
SIM5
SIM1
SIM2
SIM3
SIM4
1
21
22
SIM5
SIM1
SIM2
SIM3
SIM4
1
21
22
SIM5
SIM1
SIM2
SIM3
SIM4
1
21
22
SIM5
SIM1
SIM2
SIM3
SIM4
1
21
22
SIM5
SIM1
SIM2
SIM3
SIM4
1
21
22
SIM5
SIM1
SIM2
SIM3
SIM4
1
21
22
SIM5
SIM1
SIM2
SIM3
SIM4
1
21
22
SIM5
SIM1
SIM2
SIM3
SIM4
1
21
22
SIM5
SIM1
SIM2
SIM3
SIM4
1
21
22
SIM5
SIM1
SIM2
SIM3
SIM4
1
21
22
SIM5
SIM1
SIM2
SIM3
SIM4
1
21
22
SIM5
SIM1
SIM2
SIM3
SIM4
1
21
22
SIM5
SIM1
SIM2
SIM3
SIM4
1
21
22
SIM5
SIM1
SIM2
SIM3
SIM4
1
21
22
SIM5
SIM1
SIM2
SIM3
SIM4
1
21
22
SIM5
SIM1
SIM2
SIM3
SIM4
1
21
22
SIM5
SIM1
SIM2
SIM3
SIM4
1
21
22
SIM5
SIM1
SIM2
SIM3
SIM4
1
21
22
SIM5
SIM1
SIM2
SIM3
SIM4
1
21
22
SIM5
SIM1
SIM2
SIM3
SIM4
1
21
22
SIM5
SIM1
SIM2
SIM3
SIM4
1
21
22
SIM5
SIM1
SIM2
SIM3
SIM4
1
21
22
SIM5
SIM1
SIM2
SIM3
SIM4
1
21
22
SIM5
SIM1
SIM2
SIM3
SIM4
1
21
22
SIM5
SIM1
SIM2
SIM3
SIM4
1
21
22
SIM5
SIM1
SIM2
SIM3
SIM4
1
21
22
SIM5
SIM1
SIM2
SIM3
SIM4
1
21
22
SIM5
SIM1
SIM2
SIM3
SIM4
1
21
22
SIM5
SIM1
SIM2
SIM3
SIM4
1
21
22
SIM5
SIM1
SIM2
SIM3
SIM4
1
21
22
SIM5
SIM1
SIM2
SIM3
SIM4
1
21
22
SIM5
SIM1
SIM2
SIM3
SIM4
1
21
22
SIM5
SIM1
SIM2
SIM3
SIM4
1
21
22
SIM5
SIM1
SIM2
SIM3
SIM4
1
21
22
SIM5
SIM1
SIM2
SIM3
SIM4
1
21
22
SIM5
SIM1
SIM2
SIM3
SIM4
1
21
22
SIM5
SIM1
SIM2
SIM3
SIM4
1
21
22
SIM5
SIM1
SIM2
SIM3
SIM4
1
21
22
SIM5
SIM1
SIM2
SIM3
SIM4
1
21
22
SIM5
SIM1
SIM2
SIM3
SIM4
1
21
22
SIM5
SIM1
SIM2
SIM3
SIM4
1
21
22
SIM5
SIM1
SIM2
SIM3
SIM4
1
21
22
SIM5
SIM1
SIM2
SIM3
SIM4
1
21
22
SIM5
SIM1
SIM2
SIM3
SIM4
1
21
22
SIM5
SIM1
SIM2
SIM3
SIM4
1
21
22
SIM5
SIM1
SIM2
SIM3
SIM4
1
21
22
SIM5
SIM1
SIM2
SIM3
SIM4
1
21
22
SIM5
SIM1
SIM2
SIM3
SIM4
1
21
22
SIM5
SIM1
SIM2
SIM3
SIM4
1
21
22
SIM5
SIM1
SIM2
SIM3
SIM4
1
21
22
SIM5
SIM1
SIM2
SIM3
SIM4
1
21
22
SIM5
SIM1
SIM2
SIM3
SIM4
1
21
22
SIM5
SIM1
SIM2
SIM3
SIM4
1
21
22
SIM5
SIM1
SIM2
SIM3
SIM4
1
21
22
SIM5
SIM1
SIM2
SIM3
SIM4
1
21
22
SIM5
SIM1
SIM2
SIM3
SIM4
1
21
22
SIM5
SIM1
SIM2
SIM3
SIM4
1
21
22
SIM5
SIM1
SIM2
SIM3
SIM4
1
21
22
SIM5
SIM1
SIM2
SIM3
SIM4
1
21
22
SIM5
SIM1
SIM2
SIM3
SIM4
1
21
22
SIM5
SIM1
SIM2
SIM3
SIM4
1
21
22
SIM5
SIM1
SIM2
SIM3
SIM4
1
21
22
SIM5
SIM1
SIM2
SIM3
SIM4
1
21
22
SIM5
SIM1
SIM2
SIM3
SIM4
1
21
22
SIM5
SIM1
SIM2
SIM3
SIM4
1
21
22
SIM5
SIM1
SIM2
SIM3
SIM4
1
21
22
SIM5
SIM1
SIM2
SIM3
SIM4
1
21
22
SIM5
SIM1
SIM2
SIM3
SIM4
1
21
22
SIM5
SIM1
SIM2
SIM3
SIM4
1
21
22
SIM5
SIM1
SIM2
SIM3
SIM4
1
21
22
SIM5
SIM1
SIM2
SIM3
SIM4
1
21
22
SIM5
SIM1
SIM2
SIM3
SIM4
1
21
22
SIM5
SIM1
SIM2
SIM3
SIM4
1
21
22
SIM5
SIM1
SIM2
SIM3
SIM4
1
21
22
SIM5
SIM1
SIM2
SIM3
SIM4
1
21
22
SIM5
SIM1
SIM2
SIM3
SIM4
1
21
22
SIM5
SIM1
SIM2
SIM3
SIM4
1
21
22
SIM5
SIM1
SIM2
SIM3
SIM4
1
21
22
SIM5
SIM1
SIM2
SIM3
SIM4
1
21
22
SIM5
SIM1
SIM2
SIM3
SIM4
1
21
22
SIM5
SIM1
SIM2
SIM3
SIM4
1
21
22
SIM5
SIM1
SIM2
SIM3
SIM4
1
21
22
SIM5
SIM1
SIM2
SIM3
SIM4
1
21
22
SIM5
SIM1
SIM2
SIM3
SIM4
1
21
22
SIM5
SIM1
SIM2
SIM3
SIM4
1
21
22
SIM5
SIM1
SIM2
SIM3
SIM4
1
21
22
SIM5
SIM1
SIM2
SIM3
SIM4
1
21
22
SIM5
SIM1
SIM2
SIM3
SIM4
1
21
22
SIM5
SIM1
SIM2
SIM3
SIM4
1
21
22
SIM5
SIM1
SIM2
SIM3
SIM4
1
21
22
SIM5
SIM1
SIM2
SIM3
SIM4
1
21
22
SIM5
SIM1
SIM2
SIM3
SIM4
1
21
22
SIM5
SIM1
SIM2
SIM3
SIM4
1
21
22
SIM5
SIM1
SIM2
SIM3
SIM4
1
21
22
SIM5
SIM1
SIM2
SIM3
SIM4
1
21
22
SIM5
SIM1
SIM2
SIM3
SIM4
1
21
22
SIM5
SIM1
SIM2
SIM3
SIM4
1
21
22
SIM5
SIM1
SIM2
SIM3
SIM4
1
21
22
SIM5
SIM1
SIM2
SIM3
SIM4
1
21
22
SIM5
SIM1
SIM2
SIM3
SIM4
1
21
22
SIM5
SIM1
SIM2
SIM3
SIM4
1
21
22
SIM5
SIM1
SIM2
SIM3
SIM4
1
21
22
SIM5
SIM1
SIM2
SIM3
SIM4
1
21
22
SIM5
SIM1
SIM2
SIM3
SIM4
1
21
22
SIM5
SIM1
SIM2
SIM3
SIM4
1
21
22
SIM5
SIM1
SIM2
DEBUG 1 902
SIM1
SIM2
SIM3
SIM4
1
21
22
SIM5
SIM1
SIM2
SIM3
SIM4
1
21
22
SIM5
SIM1
SIM2
SIM3
SIM4
1
21
22
SIM5
SIM1
SIM2
SIM3
SIM4
1
21
22
SIM5
SIM1
SIM2
SIM3
SIM4
1
21
22
SIM5
SIM1
SIM2
SIM3
SIM4
1
21
22
SIM5
SIM1
SIM2
SIM3
SIM4
1
21
22
SIM5
SIM1
SIM2
SIM3
SIM4
1
21
22
SIM5
SIM1
SIM2
SIM3
SIM4
1
21
22
SIM5
SIM1
SIM2
SIM3
SIM4
1
21
22
SIM5
SIM1
SIM2
SIM3
SIM4
1
21
22
SIM5
SIM1
SIM2
SIM3
SIM4
1
21
22
SIM5
SIM1
SIM2
SIM3
SIM4
1
21
22
SIM5
SIM1
SIM2
SIM3
SIM4
1
21
22
SIM5
SIM1
SIM2
SIM3
SIM4
1
21
22
SIM5
SIM1
SIM2
SIM3
SIM4
1
21
22
SIM5
SIM1
SIM2
SIM3
SIM4
1
21
22
SIM5
SIM1
SIM2
SIM3
SIM4
1
21
22
SIM5
SIM1
SIM2
SIM3
SIM4
1
21
22
SIM5
SIM1
SIM2
SIM3
SIM4
1
21
22
SIM5
SIM1
SIM2
SIM3
SIM4
1
21
22
SIM5
SIM1
SIM2
SIM3
SIM4
1
21
22
SIM5
SIM1
SIM2
SIM3
SIM4
1
21
22
SIM5
SIM1
SIM2
SIM3
SIM4
1
21
22
SIM5
SIM1
SIM2
SIM3
SIM4
1
21
22
SIM5
SIM1
SIM2
SIM3
SIM4
1
21
22
SIM5
SIM1
SIM2
SIM3
SIM4
1
21
22
SIM5
SIM1
SIM2
SIM3
SIM4
1
21
22
SIM5
SIM1
SIM2
SIM3
SIM4
1
21
22
SIM5
SIM1
SIM2
SIM3
SIM4
1
21
22
SIM5
SIM1
SIM2
SIM3
SIM4
1
21
22
SIM5
SIM1
SIM2
SIM3
SIM4
1
21
22
SIM5
SIM1
SIM2
SIM3
SIM4
1
21
22
SIM5
SIM1
SIM2
SIM3
SIM4
1
21
22
SIM5
SIM1
SIM2
SIM3
SIM4
1
21
22
SIM5
SIM1
SIM2
SIM3
SIM4
1
21
22
SIM5
SIM1
SIM2
SIM3
SIM4
1
21
22
SIM5
SIM1
SIM2
SIM3
SIM4
1
21
22
SIM5
SIM1
SIM2
SIM3
SIM4
1
21
22
SIM5
SIM1
SIM2
SIM3
SIM4
1
21
22
SIM5
SIM1
SIM2
SIM3
SIM4
1
21
22
SIM5
SIM1
SIM2
SIM3
SIM4
1
21
22
SIM5
SIM1
SIM2
SIM3
SIM4
1
21
22
SIM5
SIM1
SIM2
SIM3
SIM4
1
21
22
SIM5
SIM1
SIM2
SIM3
SIM4
1
21
22
SIM5
SIM1
SIM2
SIM3
SIM4
1
21
22
SIM5
SIM1
SIM2
SIM3
SIM4
1
21
22
SIM5
SIM1
SIM2
SIM3
SIM4
1
21
22
SIM5
SIM1
SIM2
SIM3
SIM4
1
21
22
SIM5
SIM1
SIM2
SIM3
SIM4
1
21
22
SIM5
SIM1
SIM2
SIM3
SIM4
1
21
22
SIM5
SIM1
SIM2
SIM3
SIM4
1
21
22
SIM5
SIM1
SIM2
SIM3
SIM4
1
21
22
SIM5
SIM1
SIM2
SIM3
SIM4
1
21
22
SIM5
SIM1
SIM2
SIM3
SIM4
1
21
22
SIM5
SIM1
SIM2
SIM3
SIM4
1
21
22
SIM5
SIM1
SIM2
SIM3
SIM4
1
21
22
SIM5
SIM1
SIM2
SIM3
SIM4
1
21
22
SIM5
SIM1
SIM2
SIM3
SIM4
1
21
22
SIM5
SIM1
SIM2
SIM3
SIM4
1
21
22
SIM5
SIM1
SIM2
SIM3
SIM4
1
21
22
SIM5
SIM1
SIM2
SIM3
SIM4
1
21
22
SIM5
SIM1
SIM2
SIM3
SIM4
1
21
22
SIM5
SIM1
SIM2
SIM3
SIM4
1
21
22
SIM5
SIM1
SIM2
SIM3
SIM4
1
21
22
SIM5
SIM1
SIM2
SIM3
SIM4
1
21
22
SIM5
SIM1
SIM2
SIM3
SIM4
1
21
22
SIM5
SIM1
SIM2
SIM3
SIM4
1
21
22
SIM5
SIM1
SIM2
SIM3
SIM4
1
21
22
SIM5
SIM1
SIM2
SIM3
SIM4
1
21
22
SIM5
SIM1
SIM2
SIM3
SIM4
1
21
22
SIM5
SIM1
SIM2
SIM3
SIM4
1
21
22
SIM5
SIM1
SIM2
SIM3
SIM4
1
21
22
SIM5
SIM1
SIM2
SIM3
SIM4
1
21
22
SIM5
SIM1
SIM2
SIM3
SIM4
1
21
22
SIM5
SIM1
SIM2
SIM3
SIM4
1
21
22
SIM5
SIM1
SIM2
SIM3
SIM4
1
21
22
SIM5
SIM1
SIM2
SIM3
SIM4
1
21
22
SIM5
SIM1
SIM2
SIM3
SIM4
1
21
22
SIM5
SIM1
SIM2
SIM3
SIM4
1
21
22
SIM5
SIM1
SIM2
SIM3
SIM4
1
21
22
SIM5
SIM1
SIM2
SIM3
SIM4
1
21
22
SIM5
SIM1
SIM2
SIM3
SIM4
1
21
22
SIM5
SIM1
SIM2
SIM3
SIM4
1
21
22
SIM5
SIM1
SIM2
SIM3
SIM4
1
21
22
SIM5
SIM1
SIM2
SIM3
SIM4
1
21
22
SIM5
SIM1
SIM2
SIM3
SIM4
1
21
22
SIM5
SIM1
SIM2
SIM3
SIM4
1
21
22
SIM5
SIM1
SIM2
SIM3
SIM4
1
21
22
SIM5
SIM1
SIM2
SIM3
SIM4
1
21
22
SIM5
SIM1
SIM2
SIM3
SIM4
1
21
22
SIM5
SIM1
SIM2
SIM3
SIM4
1
21
22
SIM5
SIM1
SIM2
SIM3
SIM4
1
21
22
SIM5
SIM1
SIM2
SIM3
SIM4
1
21
22
SIM5
SIM1
SIM2
SIM3
SIM4
1
21
22
SIM5
SIM1
SIM2
SIM3
SIM4
1
21
22
SIM5
SIM1
SIM2
SIM3
SIM4
1
21
22
SIM5
SIM1
SIM2
SIM3
SIM4
1
21
22
SIM5
SIM1
SIM2
SIM3
SIM4
1
21
22
SIM5
SIM1
SIM2
SIM3
SIM4
1
21
22
SIM5
SIM1
SIM2
SIM3
SIM4
1
21
22
SIM5
SIM1
SIM2
SIM3
SIM4
1
21
22
SIM5
SIM1
SIM2
SIM3
SIM4
1
21
22
SIM5
SIM1
SIM2
SIM3
SIM4
1
21
22
SIM5
SIM1
SIM2
SIM3
SIM4
1
21
22
SIM5
SIM1
SIM2
SIM3
SIM4
1
21
22
SIM5
SIM1
SIM2
SIM3
SIM4
1
21
22
SIM5
SIM1
SIM2
SIM3
SIM4
1
21
22
SIM5
SIM1
SIM2
SIM3
SIM4
1
21
22
SIM5
SIM1
SIM2
SIM3
SIM4
1
21
22
SIM5
SIM1
SIM2
SIM3
SIM4
1
21
22
SIM5
SIM1
SIM2
SIM3
SIM4
1
21
22
SIM5
SIM1
SIM2
SIM3
SIM4
1
21
22
SIM5
SIM1
SIM2
SIM3
SIM4
1
21
22
SIM5
SIM1
SIM2
SIM3
SIM4
1
21
22
SIM5
SIM1
SIM2
SIM3
SIM4
1
21
22
SIM5
SIM1
SIM2
SIM3
SIM4
1
21
22
SIM5
SIM1
SIM2
SIM3
SIM4
1
21
22
SIM5
SIM1
SIM2
SIM3
SIM4
1
21
22
SIM5
SIM1
SIM2
SIM3
SIM4
1
21
22
SIM5
SIM1
SIM2
SIM3
SIM4
1
21
22
SIM5
SIM1
SIM2
SIM3
SIM4
1
21
22
SIM5
SIM1
SIM2
SIM3
SIM4
1
21
22
SIM5
SIM1
SIM2
SIM3
SIM4
1
21
22
SIM5
SIM1
SIM2
SIM3
SIM4
1
21
22
SIM5
SIM1
SIM2
SIM3
SIM4
1
21
22
SIM5
SIM1
SIM2
SIM3
SIM4
1
21
22
SIM5
SIM1
SIM2
SIM3
SIM4
1
21
22
SIM5
SIM1
SIM2
SIM3
SIM4
1
21
22
SIM5
SIM1
SIM2
SIM3
SIM4
1
21
22
SIM5
SIM1
SIM2
SIM3
SIM4
1
21
22
SIM5
SIM1
SIM2
SIM3
SIM4
1
21
22
SIM5
SIM1
SIM2
SIM3
SIM4
1
21
22
SIM5
SIM1
SIM2
SIM3
SIM4
1
21
22
SIM5
SIM1
SIM2
SIM3
SIM4
1
21
22
SIM5
SIM1
SIM2
SIM3
SIM4
1
21
22
SIM5
SIM1
SIM2
SIM3
SIM4
1
21
22
SIM5
SIM1
SIM2
SIM3
SIM4
1
21
22
SIM5
SIM1
SIM2
SIM3
SIM4
1
21
22
SIM5
SIM1
SIM2
SIM3
SIM4
1
21
22
SIM5
SIM1
SIM2
SIM3
SIM4
1
21
22
SIM5
SIM1
SIM2
SIM3
SIM4
1
21
22
SIM5
SIM1
SIM2
SIM3
SIM4
1
21
22
SIM5
SIM1
SIM2
SIM3
SIM4
1
21
22
SIM5
SIM1
SIM2
SIM3
SIM4
1
21
22
SIM5
SIM1
SIM2
SIM3
SIM4
1
21
22
SIM5
SIM1
SIM2
SIM3
SIM4
1
21
22
SIM5
SIM1
SIM2
SIM3
SIM4
1
21
22
SIM5
SIM1
SIM2
SIM3
SIM4
1
21
22
SIM5
SIM1
SIM2
SIM3
SIM4
1
21
22
SIM5
SIM1
SIM2
SIM3
SIM4
1
21
22
SIM5
SIM1
SIM2
SIM3
SIM4
1
21
22
SIM5
SIM1
SIM2
SIM3
SIM4
1
21
22
SIM5
SIM1
SIM2
SIM3
SIM4
1
21
22
SIM5
SIM1
SIM2
SIM3
SIM4
1
21
22
SIM5
SIM1
SIM2
SIM3
SIM4
1
21
22
SIM5
SIM1
SIM2
SIM3
SIM4
1
21
22
SIM5
SIM1
SIM2
SIM3
SIM4
1
21
22
SIM5
SIM1
SIM2
SIM3
SIM4
1
21
22
SIM5
SIM1
SIM2
SIM3
SIM4
1
21
22
SIM5
SIM1
SIM2
SIM3
SIM4
1
21
22
SIM5
SIM1
SIM2
SIM3
SIM4
1
21
22
SIM5
SIM1
SIM2
SIM3
SIM4
1
21
22
SIM5
SIM1
SIM2
SIM3
SIM4
1
21
22
SIM5
SIM1
SIM2
DEBUG 1 903
SIM1
SIM2
SIM3
SIM4
1
21
22
SIM5
SIM1
SIM2
SIM3
SIM4
1
21
22
SIM5
SIM1
SIM2
SIM3
SIM4
1
21
22
SIM5
SIM1
SIM2
SIM3
SIM4
1
21
22
SIM5
SIM1
SIM2
SIM3
SIM4
1
21
22
SIM5
SIM1
SIM2
SIM3
SIM4
1
21
22
SIM5
SIM1
SIM2
SIM3
SIM4
1
21
22
SIM5
SIM1
SIM2
SIM3
SIM4
1
21
22
SIM5
SIM1
SIM2
SIM3
SIM4
1
21
22
SIM5
SIM1
SIM2
SIM3
SIM4
1
21
22
SIM5
SIM1
SIM2
SIM3
SIM4
1
21
22
SIM5
SIM1
SIM2
SIM3
SIM4
1
21
22
SIM5
SIM1
SIM2
SIM3
SIM4
1
21
22
SIM5
SIM1
SIM2
SIM3
SIM4
1
21
22
SIM5
SIM1
SIM2
SIM3
SIM4
1
21
22
SIM5
SIM1
SIM2
SIM3
SIM4
1
21
22
SIM5
SIM1
SIM2
SIM3
SIM4
1
21
22
SIM5
SIM1
SIM2
SIM3
SIM4
1
21
22
SIM5
SIM1
SIM2
SIM3
SIM4
1
21
22
SIM5
SIM1
SIM2
SIM3
SIM4
1
21
22
SIM5
SIM1
SIM2
SIM3
SIM4
1
21
22
SIM5
SIM1
SIM2
SIM3
SIM4
1
21
22
SIM5
SIM1
SIM2
SIM3
SIM4
1
21
22
SIM5
SIM1
SIM2
SIM3
SIM4
1
21
22
SIM5
SIM1
SIM2
SIM3
SIM4
1
21
22
SIM5
SIM1
SIM2
SIM3
SIM4
1
21
22
SIM5
SIM1
SIM2
SIM3
SIM4
1
21
22
SIM5
SIM1
SIM2
SIM3
SIM4
1
21
22
SIM5
SIM1
SIM2
SIM3
SIM4
1
21
22
SIM5
SIM1
SIM2
SIM3
SIM4
1
21
22
SIM5
SIM1
SIM2
SIM3
SIM4
1
21
22
SIM5
SIM1
SIM2
SIM3
SIM4
1
21
22
SIM5
SIM1
SIM2
SIM3
SIM4
1
21
22
SIM5
SIM1
SIM2
SIM3
SIM4
1
21
22
SIM5
SIM1
SIM2
SIM3
SIM4
1
21
22
SIM5
SIM1
SIM2
SIM3
SIM4
1
21
22
SIM5
SIM1
SIM2
SIM3
SIM4
1
21
22
SIM5
SIM1
SIM2
SIM3
SIM4
1
21
22
SIM5
SIM1
SIM2
SIM3
SIM4
1
21
22
SIM5
SIM1
SIM2
SIM3
SIM4
1
21
22
SIM5
SIM1
SIM2
SIM3
SIM4
1
21
22
SIM5
SIM1
SIM2
SIM3
SIM4
1
21
22
SIM5
SIM1
SIM2
SIM3
SIM4
1
21
22
SIM5
SIM1
SIM2
SIM3
SIM4
1
21
22
SIM5
SIM1
SIM2
SIM3
SIM4
1
21
22
SIM5
SIM1
SIM2
SIM3
SIM4
1
21
22
SIM5
SIM1
SIM2
SIM3
SIM4
1
21
22
SIM5
SIM1
SIM2
SIM3
SIM4
1
21
22
SIM5
SIM1
SIM2
SIM3
SIM4
1
21
22
SIM5
SIM1
SIM2
SIM3
SIM4
1
21
22
SIM5
SIM1
SIM2
SIM3
SIM4
1
21
22
SIM5
SIM1
SIM2
SIM3
SIM4
1
21
22
SIM5
SIM1
SIM2
SIM3
SIM4
1
21
22
SIM5
SIM1
SIM2
SIM3
SIM4
1
21
22
SIM5
SIM1
SIM2
SIM3
SIM4
1
21
22
SIM5
SIM1
SIM2
SIM3
SIM4
1
21
22
SIM5
SIM1
SIM2
SIM3
SIM4
1
21
22
SIM5
SIM1
SIM2
SIM3
SIM4
1
21
22
SIM5
SIM1
SIM2
SIM3
SIM4
1
21
22
SIM5
SIM1
SIM2
SIM3
SIM4
1
21
22
SIM5
SIM1
SIM2
SIM3
SIM4
1
21
22
SIM5
SIM1
SIM2
SIM3
SIM4
1
21
22
SIM5
SIM1
SIM2
SIM3
SIM4
1
21
22
SIM5
SIM1
SIM2
SIM3
SIM4
1
21
22
SIM5
SIM1
SIM2
SIM3
SIM4
1
21
22
SIM5
SIM1
SIM2
SIM3
SIM4
1
21
22
SIM5
SIM1
SIM2
SIM3
SIM4
1
21
22
SIM5
SIM1
SIM2
SIM3
SIM4
1
21
22
SIM5
SIM1
SIM2
SIM3
SIM4
1
21
22
SIM5
SIM1
SIM2
SIM3
SIM4
1
21
22
SIM5
SIM1
SIM2
SIM3
SIM4
1
21
22
SIM5
SIM1
SIM2
SIM3
SIM4
1
21
22
SIM5
SIM1
SIM2
SIM3
SIM4
1
21
22
SIM5
SIM1
SIM2
SIM3
SIM4
1
21
22
SIM5
SIM1
SIM2
SIM3
SIM4
1
21
22
SIM5
SIM1
SIM2
SIM3
SIM4
1
21
22
SIM5
SIM1
SIM2
SIM3
SIM4
1
21
22
SIM5
SIM1
SIM2
SIM3
SIM4
1
21
22
SIM5
SIM1
SIM2
SIM3
SIM4
1
21
22
SIM5
SIM1
SIM2
SIM3
SIM4
1
21
22
SIM5
SIM1
SIM2
SIM3
SIM4
1
21
22
SIM5
SIM1
SIM2
SIM3
SIM4
1
21
22
SIM5
SIM1
SIM2
SIM3
SIM4
1
21
22
SIM5
SIM1
SIM2
SIM3
SIM4
1
21
22
SIM5
SIM1
SIM2
SIM3
SIM4
1
21
22
SIM5
SIM1
SIM2
SIM3
SIM4
1
21
22
SIM5
SIM1
SIM2
SIM3
SIM4
1
21
22
SIM5
SIM1
SIM2
SIM3
SIM4
1
21
22
SIM5
SIM1
SIM2
SIM3
SIM4
1
21
22
SIM5
SIM1
SIM2
SIM3
SIM4
1
21
22
SIM5
SIM1
SIM2
SIM3
SIM4
1
21
22
SIM5
SIM1
SIM2
SIM3
SIM4
1
21
22
SIM5
SIM1
SIM2
SIM3
SIM4
1
21
22
SIM5
SIM1
SIM2
SIM3
SIM4
1
21
22
SIM5
SIM1
SIM2
SIM3
SIM4
1
21
22
SIM5
SIM1
SIM2
SIM3
SIM4
1
21
22
SIM5
SIM1
SIM2
SIM3
SIM4
1
21
22
SIM5
SIM1
SIM2
SIM3
SIM4
1
21
22
SIM5
SIM1
SIM2
SIM3
SIM4
1
21
22
SIM5
SIM1
SIM2
SIM3
SIM4
1
21
22
SIM5
SIM1
SIM2
SIM3
SIM4
1
21
22
SIM5
SIM1
SIM2
SIM3
SIM4
1
21
22
SIM5
SIM1
SIM2
SIM3
SIM4
1
21
22
SIM5
SIM1
SIM2
SIM3
SIM4
1
21
22
SIM5
SIM1
SIM2
SIM3
SIM4
1
21
22
SIM5
SIM1
SIM2
SIM3
SIM4
1
21
22
SIM5
SIM1
SIM2
SIM3
SIM4
1
21
22
SIM5
SIM1
SIM2
SIM3
SIM4
1
21
22
SIM5
SIM1
SIM2
SIM3
SIM4
1
21
22
SIM5
SIM1
SIM2
SIM3
SIM4
1
21
22
SIM5
SIM1
SIM2
SIM3
SIM4
1
21
22
SIM5
SIM1
SIM2
SIM3
SIM4
1
21
22
SIM5
SIM1
SIM2
SIM3
SIM4
1
21
22
SIM5
SIM1
SIM2
SIM3
SIM4
1
21
22
SIM5
SIM1
SIM2
SIM3
SIM4
1
21
22
SIM5
SIM1
SIM2
SIM3
SIM4
1
21
22
SIM5
SIM1
SIM2
SIM3
SIM4
1
21
22
SIM5
SIM1
SIM2
SIM3
SIM4
1
21
22
SIM5
SIM1
SIM2
SIM3
SIM4
1
21
22
SIM5
SIM1
SIM2
SIM3
SIM4
1
21
22
SIM5
SIM1
SIM2
SIM3
SIM4
1
21
22
SIM5
SIM1
SIM2
SIM3
SIM4
1
21
22
SIM5
SIM1
SIM2
SIM3
SIM4
1
21
22
SIM5
SIM1
SIM2
SIM3
SIM4
1
21
22
SIM5
SIM1
SIM2
SIM3
SIM4
1
21
22
SIM5
SIM1
SIM2
SIM3
SIM4
1
21
22
SIM5
SIM1
SIM2
SIM3
SIM4
1
21
22
SIM5
SIM1
SIM2
SIM3
SIM4
1
21
22
SIM5
SIM1
SIM2
SIM3
SIM4
1
21
22
SIM5
SIM1
SIM2
SIM3
SIM4
1
21
22
SIM5
SIM1
SIM2
SIM3
SIM4
1
21
22
SIM5
SIM1
SIM2
SIM3
SIM4
1
21
22
SIM5
SIM1
SIM2
SIM3
SIM4
1
21
22
SIM5
SIM1
SIM2
SIM3
SIM4
1
21
22
SIM5
SIM1
SIM2
SIM3
SIM4
1
21
22
SIM5
SIM1
SIM2
SIM3
SIM4
1
21
22
SIM5
SIM1
SIM2
SIM3
SIM4
1
21
22
SIM5
SIM1
SIM2
SIM3
SIM4
1
21
22
SIM5
SIM1
SIM2
SIM3
SIM4
1
21
22
SIM5
SIM1
SIM2
SIM3
SIM4
1
21
22
SIM5
SIM1
SIM2
SIM3
SIM4
1
21
22
SIM5
SIM1
SIM2
SIM3
SIM4
1
21
22
SIM5
SIM1
SIM2
SIM3
SIM4
1
21
22
SIM5
SIM1
SIM2
SIM3
SIM4
1
21
22
SIM5
SIM1
SIM2
SIM3
SIM4
1
21
22
SIM5
SIM1
SIM2
SIM3
SIM4
1
21
22
SIM5
SIM1
SIM2
SIM3
SIM4
1
21
22
SIM5
SIM1
SIM2
SIM3
SIM4
1
21
22
SIM5
SIM1
SIM2
SIM3
SIM4
1
21
22
SIM5
SIM1
SIM2
SIM3
SIM4
1
21
22
SIM5
SIM1
SIM2
SIM3
SIM4
1
21
22
SIM5
SIM1
SIM2
SIM3
SIM4
1
21
22
SIM5
SIM1
SIM2
SIM3
SIM4
1
21
22
SIM5
SIM1
SIM2
SIM3
SIM4
1
21
22
SIM5
SIM1
SIM2
SIM3
SIM4
1
21
22
SIM5
SIM1
SIM2
SIM3
SIM4
1
21
22
SIM5
SIM1
SIM2
SIM3
SIM4
1
21
22
SIM5
SIM1
SIM2
SIM3
SIM4
1
21
22
SIM5
SIM1
SIM2
SIM3
SIM4
1
21
22
SIM5
SIM1
SIM2
SIM3
SIM4
1
21
22
SIM5
SIM1
SIM2
SIM3
SIM4
1
21
22
SIM5
SIM1
SIM2
SIM3
SIM4
1
21
22
SIM5
SIM1
SIM2
SIM3
SIM4
1
21
22
SIM5
SIM1
SIM2
SIM3
SIM4
1
21
22
SIM5
SIM1
SIM2
SIM3
SIM4
1
21
22
SIM5
SIM1
SIM2
SIM3
SIM4
1
21
22
SIM5
SIM1
SIM2
SIM3
SIM4
1
21
22
SIM5
SIM1
SIM2
SIM3
SIM4
1
21
22
SIM5
SIM1
SIM2
SIM3
SIM4
1
21
22
SIM5
SIM1
SIM2
SIM3
SIM4
1
21
22
SIM5
SIM1
SIM2
SIM3
SIM4
1
21
22
SIM5
SIM1
SIM2
SIM3
SIM4
1
21
22
SIM5
SIM1
SIM2
SIM3
SIM4
1
21
22
SIM5
SIM1
SIM2
SIM3
SIM4
1
21
22
SIM5
SIM1
SIM2
SIM3
SIM4
1
21
22
SIM5
SIM1
SIM2
SIM3
SIM4
1
21
22
SIM5
SIM1
SIM2
SIM3
SIM4
1
21
22
SIM5
SIM1
SIM2
SIM3
SIM4
1
21
22
SIM5
SIM1
SIM2
SIM3
SIM4
1
21
22
SIM5
SIM1
SIM2
SIM3
SIM4
1
21
22
SIM5
SIM1
SIM2
SIM3
SIM4
1
21
22
SIM5
SIM1
SIM2
SIM3
SIM4
1
21
22
SIM5
SIM1
SIM2
SIM3
SIM4
1
21
22
SIM5
SIM1
SIM2
SIM3
SIM4
1
21
22
SIM5
SIM1
SIM2
SIM3
SIM4
1
21
22
SIM5
SIM1
SIM2
SIM3
SIM4
1
21
22
SIM5
SIM1
SIM2
SIM3
SIM4
1
21
22
SIM5
SIM1
SIM2
SIM3
SIM4
1
21
22
SIM5
SIM1
SIM2
SIM3
SIM4
1
21
22
SIM5
SIM1
SIM2
SIM3
SIM4
1
21
22
SIM5
SIM1
SIM2
SIM3
SIM4
1
21
22
SIM5
SIM1
SIM2
SIM3
SIM4
1
21
22
SIM5
SIM1
SIM2
SIM3
SIM4
1
21
22
SIM5
SIM1
SIM2
SIM3
SIM4
1
21
22
SIM5
SIM1
SIM2
SIM3
SIM4
1
21
22
SIM5
SIM1
SIM2
SIM3
SIM4
1
21
22
SIM5
SIM1
SIM2
SIM3
SIM4
1
21
22
SIM5
SIM1
SIM2
SIM3
SIM4
1
21
22
SIM5
SIM1
SIM2
SIM3
SIM4
1
21
22
SIM5
SIM1
SIM2
SIM3
SIM4
1
21
22
SIM5
SIM1
SIM2
SIM3
SIM4
1
21
22
SIM5
SIM1
SIM2
SIM3
SIM4
1
21
22
SIM5
SIM1
SIM2
SIM3
SIM4
1
21
22
SIM5
SIM1
SIM2
SIM3
SIM4
1
21
22
SIM5
SIM1
SIM2
SIM3
SIM4
1
21
22
SIM5
SIM1
SIM2
SIM3
SIM4
1
21
22
SIM5
SIM1
SIM2
SIM3
SIM4
1
21
22
SIM5
SIM1
SIM2
SIM3
SIM4
1
21
22
SIM5
SIM1
SIM2
SIM3
SIM4
1
21
22
SIM5
SIM1
SIM2
SIM3
SIM4
1
21
22
SIM5
SIM1
SIM2
SIM3
SIM4
1
21
22
SIM5
SIM1
SIM2
SIM3
SIM4
1
21
22
SIM5
SIM1
SIM2
SIM3
SIM4
1
21
22
SIM5
SIM1
SIM2
SIM3
SIM4
1
21
22
SIM5
SIM1
SIM2
SIM3
SIM4
1
21
22
SIM5
SIM1
SIM2
SIM3
SIM4
1
21
22
SIM5
SIM1
SIM2
SIM3
SIM4
1
21
22
SIM5
SIM1
SIM2
SIM3
SIM4
1
21
22
SIM5
SIM1
SIM2
SIM3
SIM4
1
21
22
SIM5
SIM1
SIM2
SIM3
SIM4
1
21
22
SIM5
SIM1
SIM2
SIM3
SIM4
1
21
22
SIM5
SIM1
SIM2
SIM3
SIM4
1
21
22
SIM5
SIM1
SIM2
SIM3
SIM4
1
21
22
SIM5
SIM1
SIM2
SIM3
SIM4
1
21
22
SIM5
SIM1
SIM2
SIM3
SIM4
1
21
22
SIM5
SIM1
SIM2
SIM3
SIM4
1
21
22
SIM5
SIM1
SIM2
SIM3
SIM4
1
21
22
SIM5
SIM1
SIM2
SIM3
SIM4
1
21
22
SIM5
SIM1
SIM2
SIM3
SIM4
1
21
22
SIM5
SIM1
SIM2
SIM3
SIM4
1
21
22
SIM5
SIM1
SIM2
SIM3
SIM4
1
21
22
SIM5
SIM1
SIM2
SIM3
SIM4
1
21
22
SIM5
SIM1
SIM2
SIM3
SIM4
1
21
22
SIM5
SIM1
SIM2
SIM3
SIM4
1
21
22
SIM5
SIM1
SIM2
SIM3
SIM4
1
21
22
SIM5
SIM1
SIM2
SIM3
SIM4
1
21
22
SIM5
SIM1
SIM2
DEBUG 1 904
SIM1
SIM2
SIM3
SIM4
1
21
22
SIM5
SIM1
SIM2
SIM3
SIM4
1
21
22
SIM5
SIM1
SIM2
SIM3
SIM4
1
21
22
SIM5
SIM1
SIM2
SIM3
SIM4
1
21
22
SIM5
SIM1
SIM2
SIM3
SIM4
1
21
22
SIM5
SIM1
SIM2
SIM3
SIM4
1
21
22
SIM5
SIM1
SIM2
SIM3
SIM4
1
21
22
SIM5
SIM1
SIM2
SIM3
SIM4
1
21
22
SIM5
SIM1
SIM2
SIM3
SIM4
1
21
22
SIM5
SIM1
SIM2
SIM3
SIM4
1
21
22
SIM5
SIM1
SIM2
SIM3
SIM4
1
21
22
SIM5
SIM1
SIM2
SIM3
SIM4
1
21
22
SIM5
SIM1
SIM2
SIM3
SIM4
1
21
22
SIM5
SIM1
SIM2
SIM3
SIM4
1
21
22
SIM5
SIM1
SIM2
SIM3
SIM4
1
21
22
SIM5
SIM1
SIM2
SIM3
SIM4
1
21
22
SIM5
SIM1
SIM2
SIM3
SIM4
1
21
22
SIM5
SIM1
SIM2
SIM3
SIM4
1
21
22
SIM5
SIM1
SIM2
SIM3
SIM4
1
21
22
SIM5
SIM1
SIM2
SIM3
SIM4
1
21
22
SIM5
SIM1
SIM2
SIM3
SIM4
1
21
22
SIM5
SIM1
SIM2
SIM3
SIM4
1
21
22
SIM5
SIM1
SIM2
SIM3
SIM4
1
21
22
SIM5
SIM1
SIM2
SIM3
SIM4
1
21
22
SIM5
SIM1
SIM2
SIM3
SIM4
1
21
22
SIM5
SIM1
SIM2
SIM3
SIM4
1
21
22
SIM5
SIM1
SIM2
SIM3
SIM4
1
21
22
SIM5
SIM1
SIM2
SIM3
SIM4
1
21
22
SIM5
SIM1
SIM2
SIM3
SIM4
1
21
22
SIM5
SIM1
SIM2
SIM3
SIM4
1
21
22
SIM5
SIM1
SIM2
SIM3
SIM4
1
21
22
SIM5
SIM1
SIM2
SIM3
SIM4
1
21
22
SIM5
SIM1
SIM2
SIM3
SIM4
1
21
22
SIM5
SIM1
SIM2
SIM3
SIM4
1
21
22
SIM5
SIM1
SIM2
SIM3
SIM4
1
21
22
SIM5
SIM1
SIM2
SIM3
SIM4
1
21
22
SIM5
SIM1
SIM2
SIM3
SIM4
1
21
22
SIM5
SIM1
SIM2
SIM3
SIM4
1
21
22
SIM5
SIM1
SIM2
SIM3
SIM4
1
21
22
SIM5
SIM1
SIM2
SIM3
SIM4
1
21
22
SIM5
SIM1
SIM2
SIM3
SIM4
1
21
22
SIM5
SIM1
SIM2
SIM3
SIM4
1
21
22
SIM5
SIM1
SIM2
SIM3
SIM4
1
21
22
SIM5
SIM1
SIM2
SIM3
SIM4
1
21
22
SIM5
SIM1
SIM2
SIM3
SIM4
1
21
22
SIM5
SIM1
SIM2
SIM3
SIM4
1
21
22
SIM5
SIM1
SIM2
SIM3
SIM4
1
21
22
SIM5
SIM1
SIM2
SIM3
SIM4
1
21
22
SIM5
SIM1
SIM2
SIM3
SIM4
1
21
22
SIM5
SIM1
SIM2
SIM3
SIM4
1
21
22
SIM5
SIM1
SIM2
SIM3
SIM4
1
21
22
SIM5
SIM1
SIM2
SIM3
SIM4
1
21
22
SIM5
SIM1
SIM2
SIM3
SIM4
1
21
22
SIM5
SIM1
SIM2
SIM3
SIM4
1
21
22
SIM5
SIM1
SIM2
SIM3
SIM4
1
21
22
SIM5
SIM1
SIM2
SIM3
SIM4
1
21
22
SIM5
SIM1
SIM2
SIM3
SIM4
1
21
22
SIM5
SIM1
SIM2
SIM3
SIM4
1
21
22
SIM5
SIM1
SIM2
SIM3
SIM4
1
21
22
SIM5
SIM1
SIM2
SIM3
SIM4
1
21
22
SIM5
SIM1
SIM2
SIM3
SIM4
1
21
22
SIM5
SIM1
SIM2
SIM3
SIM4
1
21
22
SIM5
SIM1
SIM2
SIM3
SIM4
1
21
22
SIM5
SIM1
SIM2
SIM3
SIM4
1
21
22
SIM5
SIM1
SIM2
SIM3
SIM4
1
21
22
SIM5
SIM1
SIM2
SIM3
SIM4
1
21
22
SIM5
SIM1
SIM2
SIM3
SIM4
1
21
22
SIM5
SIM1
SIM2
SIM3
SIM4
1
21
22
SIM5
SIM1
SIM2
SIM3
SIM4
1
21
22
SIM5
SIM1
SIM2
SIM3
SIM4
1
21
22
SIM5
SIM1
SIM2
SIM3
SIM4
1
21
22
SIM5
SIM1
SIM2
SIM3
SIM4
1
21
22
SIM5
SIM1
SIM2
SIM3
SIM4
1
21
22
SIM5
SIM1
SIM2
SIM3
SIM4
1
21
22
SIM5
SIM1
SIM2
SIM3
SIM4
1
21
22
SIM5
SIM1
SIM2
SIM3
SIM4
1
21
22
SIM5
SIM1
SIM2
SIM3
SIM4
1
21
22
SIM5
SIM1
SIM2
SIM3
SIM4
1
21
22
SIM5
SIM1
SIM2
SIM3
SIM4
1
21
22
SIM5
SIM1
SIM2
SIM3
SIM4
1
21
22
SIM5
SIM1
SIM2
SIM3
SIM4
1
21
22
SIM5
SIM1
SIM2
SIM3
SIM4
1
21
22
SIM5
SIM1
SIM2
SIM3
SIM4
1
21
22
SIM5
SIM1
SIM2
SIM3
SIM4
1
21
22
SIM5
SIM1
SIM2
SIM3
SIM4
1
21
22
SIM5
SIM1
SIM2
SIM3
SIM4
1
21
22
SIM5
SIM1
SIM2
SIM3
SIM4
1
21
22
SIM5
SIM1
SIM2
SIM3
SIM4
1
21
22
SIM5
SIM1
SIM2
SIM3
SIM4
1
21
22
SIM5
SIM1
SIM2
SIM3
SIM4
1
21
22
SIM5
SIM1
SIM2
SIM3
SIM4
1
21
22
SIM5
SIM1
SIM2
SIM3
SIM4
1
21
22
SIM5
SIM1
SIM2
SIM3
SIM4
1
21
22
SIM5
SIM1
SIM2
SIM3
SIM4
1
21
22
SIM5
SIM1
SIM2
SIM3
SIM4
1
21
22
SIM5
SIM1
SIM2
SIM3
SIM4
1
21
22
SIM5
SIM1
SIM2
SIM3
SIM4
1
21
22
SIM5
SIM1
SIM2
SIM3
SIM4
1
21
22
SIM5
SIM1
SIM2
SIM3
SIM4
1
21
22
SIM5
SIM1
SIM2
SIM3
SIM4
1
21
22
SIM5
SIM1
SIM2
SIM3
SIM4
1
21
22
SIM5
SIM1
SIM2
SIM3
SIM4
1
21
22
SIM5
SIM1
SIM2
SIM3
SIM4
1
21
22
SIM5
SIM1
SIM2
SIM3
SIM4
1
21
22
SIM5
SIM1
SIM2
SIM3
SIM4
1
21
22
SIM5
SIM1
SIM2
SIM3
SIM4
1
21
22
SIM5
SIM1
SIM2
SIM3
SIM4
1
21
22
SIM5
SIM1
SIM2
DEBUG 1 905
SIM1
SIM2
SIM3
SIM4
1
21
22
SIM5
SIM1
SIM2
SIM3
SIM4
1
21
22
SIM5
SIM1
SIM2
SIM3
SIM4
1
21
22
SIM5
SIM1
SIM2
SIM3
SIM4
1
21
22
SIM5
SIM1
SIM2
SIM3
SIM4
1
21
22
SIM5
SIM1
SIM2
SIM3
SIM4
1
21
22
SIM5
SIM1
SIM2
SIM3
SIM4
1
21
22
SIM5
SIM1
SIM2
SIM3
SIM4
1
21
22
SIM5
SIM1
SIM2
SIM3
SIM4
1
21
22
SIM5
SIM1
SIM2
SIM3
SIM4
1
21
22
SIM5
SIM1
SIM2
SIM3
SIM4
1
21
22
SIM5
SIM1
SIM2
SIM3
SIM4
1
21
22
SIM5
SIM1
SIM2
SIM3
SIM4
1
21
22
SIM5
SIM1
SIM2
SIM3
SIM4
1
21
22
SIM5
SIM1
SIM2
SIM3
SIM4
1
21
22
SIM5
SIM1
SIM2
SIM3
SIM4
1
21
22
SIM5
SIM1
SIM2
SIM3
SIM4
1
21
22
SIM5
SIM1
SIM2
SIM3
SIM4
1
21
22
SIM5
SIM1
SIM2
SIM3
SIM4
1
21
22
SIM5
SIM1
SIM2
SIM3
SIM4
1
21
22
SIM5
SIM1
SIM2
SIM3
SIM4
1
21
22
SIM5
SIM1
SIM2
SIM3
SIM4
1
21
22
SIM5
SIM1
SIM2
SIM3
SIM4
1
21
22
SIM5
SIM1
SIM2
SIM3
SIM4
1
21
22
SIM5
SIM1
SIM2
SIM3
SIM4
1
21
22
SIM5
SIM1
SIM2
SIM3
SIM4
1
21
22
SIM5
SIM1
SIM2
SIM3
SIM4
1
21
22
SIM5
SIM1
SIM2
SIM3
SIM4
1
21
22
SIM5
SIM1
SIM2
SIM3
SIM4
1
21
22
SIM5
SIM1
SIM2
SIM3
SIM4
1
21
22
SIM5
SIM1
SIM2
SIM3
SIM4
1
21
22
SIM5
SIM1
SIM2
SIM3
SIM4
1
21
22
SIM5
SIM1
SIM2
SIM3
SIM4
1
21
22
SIM5
SIM1
SIM2
SIM3
SIM4
1
21
22
SIM5
SIM1
SIM2
SIM3
SIM4
1
21
22
SIM5
SIM1
SIM2
SIM3
SIM4
1
21
22
SIM5
SIM1
SIM2
SIM3
SIM4
1
21
22
SIM5
SIM1
SIM2
SIM3
SIM4
1
21
22
SIM5
SIM1
SIM2
SIM3
SIM4
1
21
22
SIM5
SIM1
SIM2
SIM3
SIM4
1
21
22
SIM5
SIM1
SIM2
SIM3
SIM4
1
21
22
SIM5
SIM1
SIM2
SIM3
SIM4
1
21
22
SIM5
SIM1
SIM2
SIM3
SIM4
1
21
22
SIM5
SIM1
SIM2
SIM3
SIM4
1
21
22
SIM5
SIM1
SIM2
SIM3
SIM4
1
21
22
SIM5
SIM1
SIM2
SIM3
SIM4
1
21
22
SIM5
SIM1
SIM2
SIM3
SIM4
1
21
22
SIM5
SIM1
SIM2
SIM3
SIM4
1
21
22
SIM5
SIM1
SIM2
SIM3
SIM4
1
21
22
SIM5
SIM1
SIM2
SIM3
SIM4
1
21
22
SIM5
SIM1
SIM2
SIM3
SIM4
1
21
22
SIM5
SIM1
SIM2
SIM3
SIM4
1
21
22
SIM5
SIM1
SIM2
SIM3
SIM4
1
21
22
SIM5
SIM1
SIM2
SIM3
SIM4
1
21
22
SIM5
SIM1
SIM2
SIM3
SIM4
1
21
22
SIM5
SIM1
SIM2
SIM3
SIM4
1
21
22
SIM5
SIM1
SIM2
SIM3
SIM4
1
21
22
SIM5
SIM1
SIM2
SIM3
SIM4
1
21
22
SIM5
SIM1
SIM2
SIM3
SIM4
1
21
22
SIM5
SIM1
SIM2
SIM3
SIM4
1
21
22
SIM5
SIM1
SIM2
SIM3
SIM4
1
21
22
SIM5
SIM1
SIM2
SIM3
SIM4
1
21
22
SIM5
SIM1
SIM2
SIM3
SIM4
1
21
22
SIM5
SIM1
SIM2
SIM3
SIM4
1
21
22
SIM5
SIM1
SIM2
SIM3
SIM4
1
21
22
SIM5
SIM1
SIM2
SIM3
SIM4
1
21
22
SIM5
SIM1
SIM2
SIM3
SIM4
1
21
22
SIM5
SIM1
SIM2
SIM3
SIM4
1
21
22
SIM5
SIM1
SIM2
SIM3
SIM4
1
21
22
SIM5
SIM1
SIM2
SIM3
SIM4
1
21
22
SIM5
SIM1
SIM2
SIM3
SIM4
1
21
22
SIM5
SIM1
SIM2
SIM3
SIM4
1
21
22
SIM5
SIM1
SIM2
SIM3
SIM4
1
21
22
SIM5
SIM1
SIM2
SIM3
SIM4
1
21
22
SIM5
SIM1
SIM2
SIM3
SIM4
1
21
22
SIM5
SIM1
SIM2
SIM3
SIM4
1
21
22
SIM5
SIM1
SIM2
SIM3
SIM4
1
21
22
SIM5
SIM1
SIM2
SIM3
SIM4
1
21
22
SIM5
SIM1
SIM2
SIM3
SIM4
1
21
22
SIM5
SIM1
SIM2
SIM3
SIM4
1
21
22
SIM5
SIM1
SIM2
SIM3
SIM4
1
21
22
SIM5
SIM1
SIM2
SIM3
SIM4
1
21
22
SIM5
SIM1
SIM2
SIM3
SIM4
1
21
22
SIM5
SIM1
SIM2
SIM3
SIM4
1
21
22
SIM5
SIM1
SIM2
SIM3
SIM4
1
21
22
SIM5
SIM1
SIM2
SIM3
SIM4
1
21
22
SIM5
SIM1
SIM2
SIM3
SIM4
1
21
22
SIM5
SIM1
SIM2
SIM3
SIM4
1
21
22
SIM5
SIM1
SIM2
SIM3
SIM4
1
21
22
SIM5
SIM1
SIM2
SIM3
SIM4
1
21
22
SIM5
SIM1
SIM2
SIM3
SIM4
1
21
22
SIM5
SIM1
SIM2
SIM3
SIM4
1
21
22
SIM5
SIM1
SIM2
SIM3
SIM4
1
21
22
SIM5
SIM1
SIM2
SIM3
SIM4
1
21
22
SIM5
SIM1
SIM2
SIM3
SIM4
1
21
22
SIM5
SIM1
SIM2
SIM3
SIM4
1
21
22
SIM5
SIM1
SIM2
SIM3
SIM4
1
21
22
SIM5
SIM1
SIM2
SIM3
SIM4
1
21
22
SIM5
SIM1
SIM2
SIM3
SIM4
1
21
22
SIM5
SIM1
SIM2
SIM3
SIM4
1
21
22
SIM5
SIM1
SIM2
SIM3
SIM4
1
21
22
SIM5
SIM1
SIM2
SIM3
SIM4
1
21
22
SIM5
SIM1
SIM2
SIM3
SIM4
1
21
22
SIM5
SIM1
SIM2
SIM3
SIM4
1
21
22
SIM5
SIM1
SIM2
SIM3
SIM4
1
21
22
SIM5
SIM1
SIM2
SIM3
SIM4
1
21
22
SIM5
SIM1
SIM2
SIM3
SIM4
1
21
22
SIM5
SIM1
SIM2
SIM3
SIM4
1
21
22
SIM5
SIM1
SIM2
SIM3
SIM4
1
21
22
SIM5
SIM1
SIM2
SIM3
SIM4
1
21
22
SIM5
SIM1
SIM2
SIM3
SIM4
1
21
22
SIM5
SIM1
SIM2
SIM3
SIM4
1
21
22
SIM5
SIM1
SIM2
SIM3
SIM4
1
21
22
SIM5
SIM1
SIM2
SIM3
SIM4
1
21
22
SIM5
SIM1
SIM2
SIM3
SIM4
1
21
22
SIM5
SIM1
SIM2
SIM3
SIM4
1
21
22
SIM5
SIM1
SIM2
SIM3
SIM4
1
21
22
SIM5
SIM1
SIM2
SIM3
SIM4
1
21
22
SIM5
SIM1
SIM2
SIM3
SIM4
1
21
22
SIM5
SIM1
SIM2
SIM3
SIM4
1
21
22
SIM5
SIM1
SIM2
SIM3
SIM4
1
21
22
SIM5
SIM1
SIM2
SIM3
SIM4
1
21
22
SIM5
SIM1
SIM2
SIM3
SIM4
1
21
22
SIM5
SIM1
SIM2
SIM3
SIM4
1
21
22
SIM5
SIM1
SIM2
SIM3
SIM4
1
21
22
SIM5
SIM1
SIM2
SIM3
SIM4
1
21
22
SIM5
SIM1
SIM2
SIM3
SIM4
1
21
22
SIM5
SIM1
SIM2
SIM3
SIM4
1
21
22
SIM5
SIM1
SIM2
SIM3
SIM4
1
21
22
SIM5
SIM1
SIM2
SIM3
SIM4
1
21
22
SIM5
SIM1
SIM2
SIM3
SIM4
1
21
22
SIM5
SIM1
SIM2
SIM3
SIM4
1
21
22
SIM5
SIM1
SIM2
SIM3
SIM4
1
21
22
SIM5
SIM1
SIM2
SIM3
SIM4
1
21
22
SIM5
SIM1
SIM2
SIM3
SIM4
1
21
22
SIM5
SIM1
SIM2
SIM3
SIM4
1
21
22
SIM5
SIM1
SIM2
SIM3
SIM4
1
21
22
SIM5
SIM1
SIM2
SIM3
SIM4
1
21
22
SIM5
SIM1
SIM2
SIM3
SIM4
1
21
22
SIM5
SIM1
SIM2
SIM3
SIM4
1
21
22
SIM5
SIM1
SIM2
SIM3
SIM4
1
21
22
SIM5
SIM1
SIM2
SIM3
SIM4
1
21
22
SIM5
SIM1
SIM2
SIM3
SIM4
1
21
22
SIM5
SIM1
SIM2
SIM3
SIM4
1
21
22
SIM5
SIM1
SIM2
SIM3
SIM4
1
21
22
SIM5
SIM1
SIM2
SIM3
SIM4
1
21
22
SIM5
SIM1
SIM2
SIM3
SIM4
1
21
22
SIM5
SIM1
SIM2
SIM3
SIM4
1
21
22
SIM5
SIM1
SIM2
SIM3
SIM4
1
21
22
SIM5
SIM1
SIM2
SIM3
SIM4
1
21
22
SIM5
SIM1
SIM2
SIM3
SIM4
1
21
22
SIM5
SIM1
SIM2
SIM3
SIM4
1
21
22
SIM5
SIM1
SIM2
SIM3
SIM4
1
21
22
SIM5
SIM1
SIM2
SIM3
SIM4
1
21
22
SIM5
SIM1
SIM2
SIM3
SIM4
1
21
22
SIM5
SIM1
SIM2
SIM3
SIM4
1
21
22
SIM5
SIM1
SIM2
SIM3
SIM4
1
21
22
SIM5
SIM1
SIM2
SIM3
SIM4
1
21
22
SIM5
SIM1
SIM2
SIM3
SIM4
1
21
22
SIM5
SIM1
SIM2
SIM3
SIM4
1
21
22
SIM5
SIM1
SIM2
SIM3
SIM4
1
21
22
SIM5
SIM1
SIM2
SIM3
SIM4
1
21
22
SIM5
SIM1
SIM2
SIM3
SIM4
1
21
22
SIM5
SIM1
SIM2
SIM3
SIM4
1
21
22
SIM5
SIM1
SIM2
SIM3
SIM4
1
21
22
SIM5
SIM1
SIM2
SIM3
SIM4
1
21
22
SIM5
SIM1
SIM2
DEBUG 1 906
SIM1
SIM2
SIM3
SIM4
1
21
22
SIM5
SIM1
SIM2
SIM3
SIM4
1
21
22
SIM5
SIM1
SIM2
SIM3
SIM4
1
21
22
SIM5
SIM1
SIM2
SIM3
SIM4
1
21
22
SIM5
SIM1
SIM2
SIM3
SIM4
1
21
22
SIM5
SIM1
SIM2
SIM3
SIM4
1
21
22
SIM5
SIM1
SIM2
SIM3
SIM4
1
21
22
SIM5
SIM1
SIM2
SIM3
SIM4
1
21
22
SIM5
SIM1
SIM2
SIM3
SIM4
1
21
22
SIM5
SIM1
SIM2
SIM3
SIM4
1
21
22
SIM5
SIM1
SIM2
SIM3
SIM4
1
21
22
SIM5
SIM1
SIM2
SIM3
SIM4
1
21
22
SIM5
SIM1
SIM2
SIM3
SIM4
1
21
22
SIM5
SIM1
SIM2
SIM3
SIM4
1
21
22
SIM5
SIM1
SIM2
SIM3
SIM4
1
21
22
SIM5
SIM1
SIM2
SIM3
SIM4
1
21
22
SIM5
SIM1
SIM2
SIM3
SIM4
1
21
22
SIM5
SIM1
SIM2
SIM3
SIM4
1
21
22
SIM5
SIM1
SIM2
SIM3
SIM4
1
21
22
SIM5
SIM1
SIM2
SIM3
SIM4
1
21
22
SIM5
SIM1
SIM2
SIM3
SIM4
1
21
22
SIM5
SIM1
SIM2
SIM3
SIM4
1
21
22
SIM5
SIM1
SIM2
SIM3
SIM4
1
21
22
SIM5
SIM1
SIM2
SIM3
SIM4
1
21
22
SIM5
SIM1
SIM2
SIM3
SIM4
1
21
22
SIM5
SIM1
SIM2
SIM3
SIM4
1
21
22
SIM5
SIM1
SIM2
SIM3
SIM4
1
21
22
SIM5
SIM1
SIM2
SIM3
SIM4
1
21
22
SIM5
SIM1
SIM2
SIM3
SIM4
1
21
22
SIM5
SIM1
SIM2
SIM3
SIM4
1
21
22
SIM5
SIM1
SIM2
SIM3
SIM4
1
21
22
SIM5
SIM1
SIM2
SIM3
SIM4
1
21
22
SIM5
SIM1
SIM2
SIM3
SIM4
1
21
22
SIM5
SIM1
SIM2
SIM3
SIM4
1
21
22
SIM5
SIM1
SIM2
SIM3
SIM4
1
21
22
SIM5
SIM1
SIM2
SIM3
SIM4
1
21
22
SIM5
SIM1
SIM2
SIM3
SIM4
1
21
22
SIM5
SIM1
SIM2
SIM3
SIM4
1
21
22
SIM5
SIM1
SIM2
SIM3
SIM4
1
21
22
SIM5
SIM1
SIM2
SIM3
SIM4
1
21
22
SIM5
SIM1
SIM2
SIM3
SIM4
1
21
22
SIM5
SIM1
SIM2
SIM3
SIM4
1
21
22
SIM5
SIM1
SIM2
SIM3
SIM4
1
21
22
SIM5
SIM1
SIM2
SIM3
SIM4
1
21
22
SIM5
SIM1
SIM2
SIM3
SIM4
1
21
22
SIM5
SIM1
SIM2
SIM3
SIM4
1
21
22
SIM5
SIM1
SIM2
SIM3
SIM4
1
21
22
SIM5
SIM1
SIM2
SIM3
SIM4
1
21
22
SIM5
SIM1
SIM2
SIM3
SIM4
1
21
22
SIM5
SIM1
SIM2
SIM3
SIM4
1
21
22
SIM5
SIM1
SIM2
SIM3
SIM4
1
21
22
SIM5
SIM1
SIM2
SIM3
SIM4
1
21
22
SIM5
SIM1
SIM2
SIM3
SIM4
1
21
22
SIM5
SIM1
SIM2
SIM3
SIM4
1
21
22
SIM5
SIM1
SIM2
SIM3
SIM4
1
21
22
SIM5
SIM1
SIM2
SIM3
SIM4
1
21
22
SIM5
SIM1
SIM2
SIM3
SIM4
1
21
22
SIM5
SIM1
SIM2
SIM3
SIM4
1
21
22
SIM5
SIM1
SIM2
SIM3
SIM4
1
21
22
SIM5
SIM1
SIM2
SIM3
SIM4
1
21
22
SIM5
SIM1
SIM2
SIM3
SIM4
1
21
22
SIM5
SIM1
SIM2
SIM3
SIM4
1
21
22
SIM5
SIM1
SIM2
SIM3
SIM4
1
21
22
SIM5
SIM1
SIM2
SIM3
SIM4
1
21
22
SIM5
SIM1
SIM2
SIM3
SIM4
1
21
22
SIM5
SIM1
SIM2
SIM3
SIM4
1
21
22
SIM5
SIM1
SIM2
SIM3
SIM4
1
21
22
SIM5
SIM1
SIM2
DEBUG 1 907
SIM1
SIM2
SIM3
SIM4
1
21
22
SIM5
SIM1
SIM2
SIM3
SIM4
1
21
22
SIM5
SIM1
SIM2
SIM3
SIM4
1
21
22
SIM5
SIM1
SIM2
SIM3
SIM4
1
21
22
SIM5
SIM1
SIM2
SIM3
SIM4
1
21
22
SIM5
SIM1
SIM2
SIM3
SIM4
1
21
22
SIM5
SIM1
SIM2
SIM3
SIM4
1
21
22
SIM5
SIM1
SIM2
SIM3
SIM4
1
21
22
SIM5
SIM1
SIM2
SIM3
SIM4
1
21
22
SIM5
SIM1
SIM2
SIM3
SIM4
1
21
22
SIM5
SIM1
SIM2
SIM3
SIM4
1
21
22
SIM5
SIM1
SIM2
SIM3
SIM4
1
21
22
SIM5
SIM1
SIM2
SIM3
SIM4
1
21
22
SIM5
SIM1
SIM2
SIM3
SIM4
1
21
22
SIM5
SIM1
SIM2
SIM3
SIM4
1
21
22
SIM5
SIM1
SIM2
SIM3
SIM4
1
21
22
SIM5
SIM1
SIM2
SIM3
SIM4
1
21
22
SIM5
SIM1
SIM2
SIM3
SIM4
1
21
22
SIM5
SIM1
SIM2
SIM3
SIM4
1
21
22
SIM5
SIM1
SIM2
SIM3
SIM4
1
21
22
SIM5
SIM1
SIM2
SIM3
SIM4
1
21
22
SIM5
SIM1
SIM2
SIM3
SIM4
1
21
22
SIM5
SIM1
SIM2
SIM3
SIM4
1
21
22
SIM5
SIM1
SIM2
SIM3
SIM4
1
21
22
SIM5
SIM1
SIM2
SIM3
SIM4
1
21
22
SIM5
SIM1
SIM2
SIM3
SIM4
1
21
22
SIM5
SIM1
SIM2
SIM3
SIM4
1
21
22
SIM5
SIM1
SIM2
SIM3
SIM4
1
21
22
SIM5
SIM1
SIM2
SIM3
SIM4
1
21
22
SIM5
SIM1
SIM2
SIM3
SIM4
1
21
22
SIM5
SIM1
SIM2
SIM3
SIM4
1
21
22
SIM5
SIM1
SIM2
SIM3
SIM4
1
21
22
SIM5
SIM1
SIM2
SIM3
SIM4
1
21
22
SIM5
SIM1
SIM2
SIM3
SIM4
1
21
22
SIM5
SIM1
SIM2
SIM3
SIM4
1
21
22
SIM5
SIM1
SIM2
SIM3
SIM4
1
21
22
SIM5
SIM1
SIM2
SIM3
SIM4
1
21
22
SIM5
SIM1
SIM2
SIM3
SIM4
1
21
22
SIM5
SIM1
SIM2
SIM3
SIM4
1
21
22
SIM5
SIM1
SIM2
SIM3
SIM4
1
21
22
SIM5
SIM1
SIM2
SIM3
SIM4
1
21
22
SIM5
SIM1
SIM2
SIM3
SIM4
1
21
22
SIM5
SIM1
SIM2
SIM3
SIM4
1
21
22
SIM5
SIM1
SIM2
SIM3
SIM4
1
21
22
SIM5
SIM1
SIM2
SIM3
SIM4
1
21
22
SIM5
SIM1
SIM2
SIM3
SIM4
1
21
22
SIM5
SIM1
SIM2
SIM3
SIM4
1
21
22
SIM5
SIM1
SIM2
SIM3
SIM4
1
21
22
SIM5
SIM1
SIM2
SIM3
SIM4
1
21
22
SIM5
SIM1
SIM2
SIM3
SIM4
1
21
22
SIM5
SIM1
SIM2
SIM3
SIM4
1
21
22
SIM5
SIM1
SIM2
SIM3
SIM4
1
21
22
SIM5
SIM1
SIM2
SIM3
SIM4
1
21
22
SIM5
SIM1
SIM2
SIM3
SIM4
1
21
22
SIM5
SIM1
SIM2
SIM3
SIM4
1
21
22
SIM5
SIM1
SIM2
SIM3
SIM4
1
21
22
SIM5
SIM1
SIM2
SIM3
SIM4
1
21
22
SIM5
SIM1
SIM2
SIM3
SIM4
1
21
22
SIM5
SIM1
SIM2
SIM3
SIM4
1
21
22
SIM5
SIM1
SIM2
SIM3
SIM4
1
21
22
SIM5
SIM1
SIM2
SIM3
SIM4
1
21
22
SIM5
SIM1
SIM2
SIM3
SIM4
1
21
22
SIM5
SIM1
SIM2
SIM3
SIM4
1
21
22
SIM5
SIM1
SIM2
SIM3
SIM4
1
21
22
SIM5
SIM1
SIM2
SIM3
SIM4
1
21
22
SIM5
SIM1
SIM2
SIM3
SIM4
1
21
22
SIM5
SIM1
SIM2
SIM3
SIM4
1
21
22
SIM5
SIM1
SIM2
SIM3
SIM4
1
21
22
SIM5
SIM1
SIM2
SIM3
SIM4
1
21
22
SIM5
SIM1
SIM2
SIM3
SIM4
1
21
22
SIM5
SIM1
SIM2
SIM3
SIM4
1
21
22
SIM5
SIM1
SIM2
SIM3
SIM4
1
21
22
SIM5
SIM1
SIM2
SIM3
SIM4
1
21
22
SIM5
SIM1
SIM2
SIM3
SIM4
1
21
22
SIM5
SIM1
SIM2
SIM3
SIM4
1
21
22
SIM5
SIM1
SIM2
SIM3
SIM4
1
21
22
SIM5
SIM1
SIM2
SIM3
SIM4
1
21
22
SIM5
SIM1
SIM2
SIM3
SIM4
1
21
22
SIM5
SIM1
SIM2
SIM3
SIM4
1
21
22
SIM5
SIM1
SIM2
SIM3
SIM4
1
21
22
SIM5
SIM1
SIM2
SIM3
SIM4
1
21
22
SIM5
SIM1
SIM2
SIM3
SIM4
1
21
22
SIM5
SIM1
SIM2
SIM3
SIM4
1
21
22
SIM5
SIM1
SIM2
SIM3
SIM4
1
21
22
SIM5
SIM1
SIM2
SIM3
SIM4
1
21
22
SIM5
SIM1
SIM2
SIM3
SIM4
1
21
22
SIM5
SIM1
SIM2
SIM3
SIM4
1
21
22
SIM5
SIM1
SIM2
SIM3
SIM4
1
21
22
SIM5
SIM1
SIM2
SIM3
SIM4
1
21
22
SIM5
SIM1
SIM2
SIM3
SIM4
1
21
22
SIM5
SIM1
SIM2
SIM3
SIM4
1
21
22
SIM5
SIM1
SIM2
SIM3
SIM4
1
21
22
SIM5
SIM1
SIM2
SIM3
SIM4
1
21
22
SIM5
SIM1
SIM2
SIM3
SIM4
1
21
22
SIM5
SIM1
SIM2
SIM3
SIM4
1
21
22
SIM5
SIM1
SIM2
SIM3
SIM4
1
21
22
SIM5
SIM1
SIM2
SIM3
SIM4
1
21
22
SIM5
SIM1
SIM2
SIM3
SIM4
1
21
22
SIM5
SIM1
SIM2
SIM3
SIM4
1
21
22
SIM5
SIM1
SIM2
SIM3
SIM4
1
21
22
SIM5
SIM1
SIM2
SIM3
SIM4
1
21
22
SIM5
SIM1
SIM2
SIM3
SIM4
1
21
22
SIM5
SIM1
SIM2
SIM3
SIM4
1
21
22
SIM5
SIM1
SIM2
SIM3
SIM4
1
21
22
SIM5
SIM1
SIM2
SIM3
SIM4
1
21
22
SIM5
SIM1
SIM2
SIM3
SIM4
1
21
22
SIM5
SIM1
SIM2
SIM3
SIM4
1
21
22
SIM5
SIM1
SIM2
SIM3
SIM4
1
21
22
SIM5
SIM1
SIM2
SIM3
SIM4
1
21
22
SIM5
SIM1
SIM2
SIM3
SIM4
1
21
22
SIM5
SIM1
SIM2
SIM3
SIM4
1
21
22
SIM5
SIM1
SIM2
SIM3
SIM4
1
21
22
SIM5
SIM1
SIM2
SIM3
SIM4
1
21
22
SIM5
SIM1
SIM2
SIM3
SIM4
1
21
22
SIM5
SIM1
SIM2
SIM3
SIM4
1
21
22
SIM5
SIM1
SIM2
SIM3
SIM4
1
21
22
SIM5
SIM1
SIM2
SIM3
SIM4
1
21
22
SIM5
SIM1
SIM2
SIM3
SIM4
1
21
22
SIM5
SIM1
SIM2
SIM3
SIM4
1
21
22
SIM5
SIM1
SIM2
SIM3
SIM4
1
21
22
SIM5
SIM1
SIM2
SIM3
SIM4
1
21
22
SIM5
SIM1
SIM2
SIM3
SIM4
1
21
22
SIM5
SIM1
SIM2
SIM3
SIM4
1
21
22
SIM5
SIM1
SIM2
SIM3
SIM4
1
21
22
SIM5
SIM1
SIM2
SIM3
SIM4
1
21
22
SIM5
SIM1
SIM2
SIM3
SIM4
1
21
22
SIM5
SIM1
SIM2
SIM3
SIM4
1
21
22
SIM5
SIM1
SIM2
SIM3
SIM4
1
21
22
SIM5
SIM1
SIM2
SIM3
SIM4
1
21
22
SIM5
SIM1
SIM2
SIM3
SIM4
1
21
22
SIM5
SIM1
SIM2
SIM3
SIM4
1
21
22
SIM5
SIM1
SIM2
SIM3
SIM4
1
21
22
SIM5
SIM1
SIM2
SIM3
SIM4
1
21
22
SIM5
SIM1
SIM2
SIM3
SIM4
1
21
22
SIM5
SIM1
SIM2
SIM3
SIM4
1
21
22
SIM5
SIM1
SIM2
SIM3
SIM4
1
21
22
SIM5
SIM1
SIM2
SIM3
SIM4
1
21
22
SIM5
SIM1
SIM2
SIM3
SIM4
1
21
22
SIM5
SIM1
SIM2
SIM3
SIM4
1
21
22
SIM5
SIM1
SIM2
SIM3
SIM4
1
21
22
SIM5
SIM1
SIM2
SIM3
SIM4
1
21
22
SIM5
SIM1
SIM2
SIM3
SIM4
1
21
22
SIM5
SIM1
SIM2
SIM3
SIM4
1
21
22
SIM5
SIM1
SIM2
SIM3
SIM4
1
21
22
SIM5
SIM1
SIM2
SIM3
SIM4
1
21
22
SIM5
SIM1
SIM2
SIM3
SIM4
1
21
22
SIM5
SIM1
SIM2
SIM3
SIM4
1
21
22
SIM5
SIM1
SIM2
SIM3
SIM4
1
21
22
SIM5
SIM1
SIM2
SIM3
SIM4
1
21
22
SIM5
SIM1
SIM2
SIM3
SIM4
1
21
22
SIM5
SIM1
SIM2
SIM3
SIM4
1
21
22
SIM5
SIM1
SIM2
SIM3
SIM4
1
21
22
SIM5
SIM1
SIM2
SIM3
SIM4
1
21
22
SIM5
SIM1
SIM2
SIM3
SIM4
1
21
22
SIM5
SIM1
SIM2
SIM3
SIM4
1
21
22
SIM5
SIM1
SIM2
SIM3
SIM4
1
21
22
SIM5
SIM1
SIM2
SIM3
SIM4
1
21
22
SIM5
SIM1
SIM2
SIM3
SIM4
1
21
22
SIM5
SIM1
SIM2
SIM3
SIM4
1
21
22
SIM5
SIM1
SIM2
SIM3
SIM4
1
21
22
SIM5
SIM1
SIM2
SIM3
SIM4
1
21
22
SIM5
SIM1
SIM2
SIM3
SIM4
1
21
22
SIM5
SIM1
SIM2
SIM3
SIM4
1
21
22
SIM5
SIM1
SIM2
SIM3
SIM4
1
21
22
SIM5
SIM1
SIM2
SIM3
SIM4
1
21
22
SIM5
SIM1
SIM2
SIM3
SIM4
1
21
22
SIM5
SIM1
SIM2
SIM3
SIM4
1
21
22
SIM5
SIM1
SIM2
SIM3
SIM4
1
21
22
SIM5
SIM1
SIM2
SIM3
SIM4
1
21
22
SIM5
SIM1
SIM2
SIM3
SIM4
1
21
22
SIM5
SIM1
SIM2
SIM3
SIM4
1
21
22
SIM5
SIM1
SIM2
SIM3
SIM4
1
21
22
SIM5
SIM1
SIM2
SIM3
SIM4
1
21
22
SIM5
SIM1
SIM2
SIM3
SIM4
1
21
22
SIM5
SIM1
SIM2
SIM3
SIM4
1
21
22
SIM5
SIM1
SIM2
SIM3
SIM4
1
21
22
SIM5
SIM1
SIM2
SIM3
SIM4
1
21
22
SIM5
SIM1
SIM2
SIM3
SIM4
1
21
22
SIM5
SIM1
SIM2
DEBUG 1 908
SIM1
SIM2
SIM3
SIM4
1
21
22
SIM5
SIM1
SIM2
SIM3
SIM4
1
21
22
SIM5
SIM1
SIM2
SIM3
SIM4
1
21
22
SIM5
SIM1
SIM2
SIM3
SIM4
1
21
22
SIM5
SIM1
SIM2
SIM3
SIM4
1
21
22
SIM5
SIM1
SIM2
SIM3
SIM4
1
21
22
SIM5
SIM1
SIM2
SIM3
SIM4
1
21
22
SIM5
SIM1
SIM2
SIM3
SIM4
1
21
22
SIM5
SIM1
SIM2
SIM3
SIM4
1
21
22
SIM5
SIM1
SIM2
SIM3
SIM4
1
21
22
SIM5
SIM1
SIM2
SIM3
SIM4
1
21
22
SIM5
SIM1
SIM2
SIM3
SIM4
1
21
22
SIM5
SIM1
SIM2
SIM3
SIM4
1
21
22
SIM5
SIM1
SIM2
SIM3
SIM4
1
21
22
SIM5
SIM1
SIM2
SIM3
SIM4
1
21
22
SIM5
SIM1
SIM2
SIM3
SIM4
1
21
22
SIM5
SIM1
SIM2
SIM3
SIM4
1
21
22
SIM5
SIM1
SIM2
SIM3
SIM4
1
21
22
SIM5
SIM1
SIM2
SIM3
SIM4
1
21
22
SIM5
SIM1
SIM2
SIM3
SIM4
1
21
22
SIM5
SIM1
SIM2
SIM3
SIM4
1
21
22
SIM5
SIM1
SIM2
SIM3
SIM4
1
21
22
SIM5
SIM1
SIM2
SIM3
SIM4
1
21
22
SIM5
SIM1
SIM2
SIM3
SIM4
1
21
22
SIM5
SIM1
SIM2
SIM3
SIM4
1
21
22
SIM5
SIM1
SIM2
SIM3
SIM4
1
21
22
SIM5
SIM1
SIM2
SIM3
SIM4
1
21
22
SIM5
SIM1
SIM2
SIM3
SIM4
1
21
22
SIM5
SIM1
SIM2
SIM3
SIM4
1
21
22
SIM5
SIM1
SIM2
SIM3
SIM4
1
21
22
SIM5
SIM1
SIM2
SIM3
SIM4
1
21
22
SIM5
SIM1
SIM2
SIM3
SIM4
1
21
22
SIM5
SIM1
SIM2
SIM3
SIM4
1
21
22
SIM5
SIM1
SIM2
SIM3
SIM4
1
21
22
SIM5
SIM1
SIM2
SIM3
SIM4
1
21
22
SIM5
SIM1
SIM2
SIM3
SIM4
1
21
22
SIM5
SIM1
SIM2
SIM3
SIM4
1
21
22
SIM5
SIM1
SIM2
SIM3
SIM4
1
21
22
SIM5
SIM1
SIM2
SIM3
SIM4
1
21
22
SIM5
SIM1
SIM2
SIM3
SIM4
1
21
22
SIM5
SIM1
SIM2
SIM3
SIM4
1
21
22
SIM5
SIM1
SIM2
SIM3
SIM4
1
21
22
SIM5
SIM1
SIM2
SIM3
SIM4
1
21
22
SIM5
SIM1
SIM2
SIM3
SIM4
1
21
22
SIM5
SIM1
SIM2
SIM3
SIM4
1
21
22
SIM5
SIM1
SIM2
SIM3
SIM4
1
21
22
SIM5
SIM1
SIM2
SIM3
SIM4
1
21
22
SIM5
SIM1
SIM2
SIM3
SIM4
1
21
22
SIM5
SIM1
SIM2
SIM3
SIM4
1
21
22
SIM5
SIM1
SIM2
SIM3
SIM4
1
21
22
SIM5
SIM1
SIM2
SIM3
SIM4
1
21
22
SIM5
SIM1
SIM2
SIM3
SIM4
1
21
22
SIM5
SIM1
SIM2
SIM3
SIM4
1
21
22
SIM5
SIM1
SIM2
SIM3
SIM4
1
21
22
SIM5
SIM1
SIM2
SIM3
SIM4
1
21
22
SIM5
SIM1
SIM2
SIM3
SIM4
1
21
22
SIM5
SIM1
SIM2
SIM3
SIM4
1
21
22
SIM5
SIM1
SIM2
SIM3
SIM4
1
21
22
SIM5
SIM1
SIM2
SIM3
SIM4
1
21
22
SIM5
SIM1
SIM2
SIM3
SIM4
1
21
22
SIM5
SIM1
SIM2
SIM3
SIM4
1
21
22
SIM5
SIM1
SIM2
SIM3
SIM4
1
21
22
SIM5
SIM1
SIM2
SIM3
SIM4
1
21
22
SIM5
SIM1
SIM2
SIM3
SIM4
1
21
22
SIM5
SIM1
SIM2
SIM3
SIM4
1
21
22
SIM5
SIM1
SIM2
SIM3
SIM4
1
21
22
SIM5
SIM1
SIM2
SIM3
SIM4
1
21
22
SIM5
SIM1
SIM2
SIM3
SIM4
1
21
22
SIM5
SIM1
SIM2
SIM3
SIM4
1
21
22
SIM5
SIM1
SIM2
SIM3
SIM4
1
21
22
SIM5
SIM1
SIM2
SIM3
SIM4
1
21
22
SIM5
SIM1
SIM2
SIM3
SIM4
1
21
22
SIM5
SIM1
SIM2
SIM3
SIM4
1
21
22
SIM5
SIM1
SIM2
SIM3
SIM4
1
21
22
SIM5
SIM1
SIM2
SIM3
SIM4
1
21
22
SIM5
SIM1
SIM2
SIM3
SIM4
1
21
22
SIM5
SIM1
SIM2
SIM3
SIM4
1
21
22
SIM5
SIM1
SIM2
SIM3
SIM4
1
21
22
SIM5
SIM1
SIM2
SIM3
SIM4
1
21
22
SIM5
SIM1
SIM2
SIM3
SIM4
1
21
22
SIM5
SIM1
SIM2
SIM3
SIM4
1
21
22
SIM5
SIM1
SIM2
SIM3
SIM4
1
21
22
SIM5
SIM1
SIM2
SIM3
SIM4
1
21
22
SIM5
SIM1
SIM2
SIM3
SIM4
1
21
22
SIM5
SIM1
SIM2
SIM3
SIM4
1
21
22
SIM5
SIM1
SIM2
SIM3
SIM4
1
21
22
SIM5
SIM1
SIM2
SIM3
SIM4
1
21
22
SIM5
SIM1
SIM2
SIM3
SIM4
1
21
22
SIM5
SIM1
SIM2
SIM3
SIM4
1
21
22
SIM5
SIM1
SIM2
SIM3
SIM4
1
21
22
SIM5
SIM1
SIM2
SIM3
SIM4
1
21
22
SIM5
SIM1
SIM2
SIM3
SIM4
1
21
22
SIM5
SIM1
SIM2
SIM3
SIM4
1
21
22
SIM5
SIM1
SIM2
SIM3
SIM4
1
21
22
SIM5
SIM1
SIM2
SIM3
SIM4
1
21
22
SIM5
SIM1
SIM2
SIM3
SIM4
1
21
22
SIM5
SIM1
SIM2
SIM3
SIM4
1
21
22
SIM5
SIM1
SIM2
SIM3
SIM4
1
21
22
SIM5
SIM1
SIM2
SIM3
SIM4
1
21
22
SIM5
SIM1
SIM2
SIM3
SIM4
1
21
22
SIM5
SIM1
SIM2
SIM3
SIM4
1
21
22
SIM5
SIM1
SIM2
SIM3
SIM4
1
21
22
SIM5
SIM1
SIM2
SIM3
SIM4
1
21
22
SIM5
SIM1
SIM2
SIM3
SIM4
1
21
22
SIM5
SIM1
SIM2
SIM3
SIM4
1
21
22
SIM5
SIM1
SIM2
SIM3
SIM4
1
21
22
SIM5
SIM1
SIM2
SIM3
SIM4
1
21
22
SIM5
SIM1
SIM2
SIM3
SIM4
1
21
22
SIM5
SIM1
SIM2
SIM3
SIM4
1
21
22
SIM5
SIM1
SIM2
SIM3
SIM4
1
21
22
SIM5
SIM1
SIM2
SIM3
SIM4
1
21
22
SIM5
SIM1
SIM2
SIM3
SIM4
1
21
22
SIM5
SIM1
SIM2
SIM3
SIM4
1
21
22
SIM5
SIM1
SIM2
SIM3
SIM4
1
21
22
SIM5
SIM1
SIM2
SIM3
SIM4
1
21
22
SIM5
SIM1
SIM2
SIM3
SIM4
1
21
22
SIM5
SIM1
SIM2
SIM3
SIM4
1
21
22
SIM5
SIM1
SIM2
SIM3
SIM4
1
21
22
SIM5
SIM1
SIM2
SIM3
SIM4
1
21
22
SIM5
SIM1
SIM2
SIM3
SIM4
1
21
22
SIM5
SIM1
SIM2
SIM3
SIM4
1
21
22
SIM5
SIM1
SIM2
SIM3
SIM4
1
21
22
SIM5
SIM1
SIM2
SIM3
SIM4
1
21
22
SIM5
SIM1
SIM2
SIM3
SIM4
1
21
22
SIM5
SIM1
SIM2
SIM3
SIM4
1
21
22
SIM5
SIM1
SIM2
SIM3
SIM4
1
21
22
SIM5
SIM1
SIM2
SIM3
SIM4
1
21
22
SIM5
SIM1
SIM2
SIM3
SIM4
1
21
22
SIM5
SIM1
SIM2
SIM3
SIM4
1
21
22
SIM5
SIM1
SIM2
SIM3
SIM4
1
21
22
SIM5
SIM1
SIM2
SIM3
SIM4
1
21
22
SIM5
SIM1
SIM2
SIM3
SIM4
1
21
22
SIM5
SIM1
SIM2
SIM3
SIM4
1
21
22
SIM5
SIM1
SIM2
SIM3
SIM4
1
21
22
SIM5
SIM1
SIM2
SIM3
SIM4
1
21
22
SIM5
SIM1
SIM2
SIM3
SIM4
1
21
22
SIM5
SIM1
SIM2
SIM3
SIM4
1
21
22
SIM5
SIM1
SIM2
SIM3
SIM4
1
21
22
SIM5
SIM1
SIM2
SIM3
SIM4
1
21
22
SIM5
SIM1
SIM2
SIM3
SIM4
1
21
22
SIM5
SIM1
SIM2
SIM3
SIM4
1
21
22
SIM5
SIM1
SIM2
SIM3
SIM4
1
21
22
SIM5
SIM1
SIM2
SIM3
SIM4
1
21
22
SIM5
SIM1
SIM2
SIM3
SIM4
1
21
22
SIM5
SIM1
SIM2
SIM3
SIM4
1
21
22
SIM5
SIM1
SIM2
SIM3
SIM4
1
21
22
SIM5
SIM1
SIM2
SIM3
SIM4
1
21
22
SIM5
SIM1
SIM2
SIM3
SIM4
1
21
22
SIM5
SIM1
SIM2
SIM3
SIM4
1
21
22
SIM5
SIM1
SIM2
SIM3
SIM4
1
21
22
SIM5
SIM1
SIM2
SIM3
SIM4
1
21
22
SIM5
SIM1
SIM2
SIM3
SIM4
1
21
22
SIM5
SIM1
SIM2
SIM3
SIM4
1
21
22
SIM5
SIM1
SIM2
SIM3
SIM4
1
21
22
SIM5
SIM1
SIM2
SIM3
SIM4
1
21
22
SIM5
SIM1
SIM2
SIM3
SIM4
1
21
22
SIM5
SIM1
SIM2
SIM3
SIM4
1
21
22
SIM5
SIM1
SIM2
SIM3
SIM4
1
21
22
SIM5
SIM1
SIM2
SIM3
SIM4
1
21
22
SIM5
SIM1
SIM2
SIM3
SIM4
1
21
22
SIM5
SIM1
SIM2
SIM3
SIM4
1
21
22
SIM5
SIM1
SIM2
SIM3
SIM4
1
21
22
SIM5
SIM1
SIM2
SIM3
SIM4
1
21
22
SIM5
SIM1
SIM2
DEBUG 1 909
SIM1
SIM2
SIM3
SIM4
1
21
22
SIM5
SIM1
SIM2
SIM3
SIM4
1
21
22
SIM5
SIM1
SIM2
SIM3
SIM4
1
21
22
SIM5
SIM1
SIM2
SIM3
SIM4
1
21
22
SIM5
SIM1
SIM2
SIM3
SIM4
1
21
22
SIM5
SIM1
SIM2
SIM3
SIM4
1
21
22
SIM5
SIM1
SIM2
SIM3
SIM4
1
21
22
SIM5
SIM1
SIM2
SIM3
SIM4
1
21
22
SIM5
SIM1
SIM2
SIM3
SIM4
1
21
22
SIM5
SIM1
SIM2
SIM3
SIM4
1
21
22
SIM5
SIM1
SIM2
SIM3
SIM4
1
21
22
SIM5
SIM1
SIM2
SIM3
SIM4
1
21
22
SIM5
SIM1
SIM2
SIM3
SIM4
1
21
22
SIM5
SIM1
SIM2
SIM3
SIM4
1
21
22
SIM5
SIM1
SIM2
SIM3
SIM4
1
21
22
SIM5
SIM1
SIM2
SIM3
SIM4
1
21
22
SIM5
SIM1
SIM2
SIM3
SIM4
1
21
22
SIM5
SIM1
SIM2
SIM3
SIM4
1
21
22
SIM5
SIM1
SIM2
SIM3
SIM4
1
21
22
SIM5
SIM1
SIM2
SIM3
SIM4
1
21
22
SIM5
SIM1
SIM2
SIM3
SIM4
1
21
22
SIM5
SIM1
SIM2
SIM3
SIM4
1
21
22
SIM5
SIM1
SIM2
SIM3
SIM4
1
21
22
SIM5
SIM1
SIM2
SIM3
SIM4
1
21
22
SIM5
SIM1
SIM2
SIM3
SIM4
1
21
22
SIM5
SIM1
SIM2
SIM3
SIM4
1
21
22
SIM5
SIM1
SIM2
SIM3
SIM4
1
21
22
SIM5
SIM1
SIM2
SIM3
SIM4
1
21
22
SIM5
SIM1
SIM2
SIM3
SIM4
1
21
22
SIM5
SIM1
SIM2
SIM3
SIM4
1
21
22
SIM5
SIM1
SIM2
SIM3
SIM4
1
21
22
SIM5
SIM1
SIM2
SIM3
SIM4
1
21
22
SIM5
SIM1
SIM2
SIM3
SIM4
1
21
22
SIM5
SIM1
SIM2
SIM3
SIM4
1
21
22
SIM5
SIM1
SIM2
SIM3
SIM4
1
21
22
SIM5
SIM1
SIM2
SIM3
SIM4
1
21
22
SIM5
SIM1
SIM2
SIM3
SIM4
1
21
22
SIM5
SIM1
SIM2
SIM3
SIM4
1
21
22
SIM5
SIM1
SIM2
SIM3
SIM4
1
21
22
SIM5
SIM1
SIM2
SIM3
SIM4
1
21
22
SIM5
SIM1
SIM2
SIM3
SIM4
1
21
22
SIM5
SIM1
SIM2
SIM3
SIM4
1
21
22
SIM5
SIM1
SIM2
SIM3
SIM4
1
21
22
SIM5
SIM1
SIM2
SIM3
SIM4
1
21
22
SIM5
SIM1
SIM2
SIM3
SIM4
1
21
22
SIM5
SIM1
SIM2
SIM3
SIM4
1
21
22
SIM5
SIM1
SIM2
SIM3
SIM4
1
21
22
SIM5
SIM1
SIM2
SIM3
SIM4
1
21
22
SIM5
SIM1
SIM2
SIM3
SIM4
1
21
22
SIM5
SIM1
SIM2
SIM3
SIM4
1
21
22
SIM5
SIM1
SIM2
SIM3
SIM4
1
21
22
SIM5
SIM1
SIM2
SIM3
SIM4
1
21
22
SIM5
SIM1
SIM2
SIM3
SIM4
1
21
22
SIM5
SIM1
SIM2
SIM3
SIM4
1
21
22
SIM5
SIM1
SIM2
SIM3
SIM4
1
21
22
SIM5
SIM1
SIM2
SIM3
SIM4
1
21
22
SIM5
SIM1
SIM2
SIM3
SIM4
1
21
22
SIM5
SIM1
SIM2
SIM3
SIM4
1
21
22
SIM5
SIM1
SIM2
SIM3
SIM4
1
21
22
SIM5
SIM1
SIM2
SIM3
SIM4
1
21
22
SIM5
SIM1
SIM2
SIM3
SIM4
1
21
22
SIM5
SIM1
SIM2
SIM3
SIM4
1
21
22
SIM5
SIM1
SIM2
SIM3
SIM4
1
21
22
SIM5
SIM1
SIM2
SIM3
SIM4
1
21
22
SIM5
SIM1
SIM2
SIM3
SIM4
1
21
22
SIM5
SIM1
SIM2
SIM3
SIM4
1
21
22
SIM5
SIM1
SIM2
SIM3
SIM4
1
21
22
SIM5
SIM1
SIM2
SIM3
SIM4
1
21
22
SIM5
SIM1
SIM2
SIM3
SIM4
1
21
22
SIM5
SIM1
SIM2
SIM3
SIM4
1
21
22
SIM5
SIM1
SIM2
SIM3
SIM4
1
21
22
SIM5
SIM1
SIM2
SIM3
SIM4
1
21
22
SIM5
SIM1
SIM2
SIM3
SIM4
1
21
22
SIM5
SIM1
SIM2
SIM3
SIM4
1
21
22
SIM5
SIM1
SIM2
SIM3
SIM4
1
21
22
SIM5
SIM1
SIM2
SIM3
SIM4
1
21
22
SIM5
SIM1
SIM2
SIM3
SIM4
1
21
22
SIM5
SIM1
SIM2
SIM3
SIM4
1
21
22
SIM5
SIM1
SIM2
SIM3
SIM4
1
21
22
SIM5
SIM1
SIM2
SIM3
SIM4
1
21
22
SIM5
SIM1
SIM2
SIM3
SIM4
1
21
22
SIM5
SIM1
SIM2
SIM3
SIM4
1
21
22
SIM5
SIM1
SIM2
SIM3
SIM4
1
21
22
SIM5
SIM1
SIM2
SIM3
SIM4
1
21
22
SIM5
SIM1
SIM2
SIM3
SIM4
1
21
22
SIM5
SIM1
SIM2
SIM3
SIM4
1
21
22
SIM5
SIM1
SIM2
SIM3
SIM4
1
21
22
SIM5
SIM1
SIM2
SIM3
SIM4
1
21
22
SIM5
SIM1
SIM2
SIM3
SIM4
1
21
22
SIM5
SIM1
SIM2
SIM3
SIM4
1
21
22
SIM5
SIM1
SIM2
SIM3
SIM4
1
21
22
SIM5
SIM1
SIM2
SIM3
SIM4
1
21
22
SIM5
SIM1
SIM2
SIM3
SIM4
1
21
22
SIM5
SIM1
SIM2
SIM3
SIM4
1
21
22
SIM5
SIM1
SIM2
SIM3
SIM4
1
21
22
SIM5
SIM1
SIM2
SIM3
SIM4
1
21
22
SIM5
SIM1
SIM2
SIM3
SIM4
1
21
22
SIM5
SIM1
SIM2
SIM3
SIM4
1
21
22
SIM5
SIM1
SIM2
SIM3
SIM4
1
21
22
SIM5
SIM1
SIM2
SIM3
SIM4
1
21
22
SIM5
SIM1
SIM2
SIM3
SIM4
1
21
22
SIM5
SIM1
SIM2
SIM3
SIM4
1
21
22
SIM5
SIM1
SIM2
SIM3
SIM4
1
21
22
SIM5
SIM1
SIM2
SIM3
SIM4
1
21
22
SIM5
SIM1
SIM2
SIM3
SIM4
1
21
22
SIM5
SIM1
SIM2
SIM3
SIM4
1
21
22
SIM5
SIM1
SIM2
SIM3
SIM4
1
21
22
SIM5
SIM1
SIM2
SIM3
SIM4
1
21
22
SIM5
SIM1
SIM2
SIM3
SIM4
1
21
22
SIM5
SIM1
SIM2
SIM3
SIM4
1
21
22
SIM5
SIM1
SIM2
SIM3
SIM4
1
21
22
SIM5
SIM1
SIM2
SIM3
SIM4
1
21
22
SIM5
SIM1
SIM2
SIM3
SIM4
1
21
22
SIM5
SIM1
SIM2
SIM3
SIM4
1
21
22
SIM5
SIM1
SIM2
SIM3
SIM4
1
21
22
SIM5
SIM1
SIM2
SIM3
SIM4
1
21
22
SIM5
SIM1
SIM2
SIM3
SIM4
1
21
22
SIM5
SIM1
SIM2
SIM3
SIM4
1
21
22
SIM5
SIM1
SIM2
SIM3
SIM4
1
21
22
SIM5
SIM1
SIM2
SIM3
SIM4
1
21
22
SIM5
SIM1
SIM2
SIM3
SIM4
1
21
22
SIM5
SIM1
SIM2
SIM3
SIM4
1
21
22
SIM5
SIM1
SIM2
SIM3
SIM4
1
21
22
SIM5
SIM1
SIM2
SIM3
SIM4
1
21
22
SIM5
SIM1
SIM2
SIM3
SIM4
1
21
22
SIM5
SIM1
SIM2
SIM3
SIM4
1
21
22
SIM5
SIM1
SIM2
SIM3
SIM4
1
21
22
SIM5
SIM1
SIM2
SIM3
SIM4
1
21
22
SIM5
SIM1
SIM2
SIM3
SIM4
1
21
22
SIM5
SIM1
SIM2
SIM3
SIM4
1
21
22
SIM5
SIM1
SIM2
SIM3
SIM4
1
21
22
SIM5
SIM1
SIM2
SIM3
SIM4
1
21
22
SIM5
SIM1
SIM2
SIM3
SIM4
1
21
22
SIM5
SIM1
SIM2
SIM3
SIM4
1
21
22
SIM5
SIM1
SIM2
SIM3
SIM4
1
21
22
SIM5
SIM1
SIM2
SIM3
SIM4
1
21
22
SIM5
SIM1
SIM2
SIM3
SIM4
1
21
22
SIM5
SIM1
SIM2
SIM3
SIM4
1
21
22
SIM5
SIM1
SIM2
SIM3
SIM4
1
21
22
SIM5
SIM1
SIM2
SIM3
SIM4
1
21
22
SIM5
SIM1
SIM2
SIM3
SIM4
1
21
22
SIM5
SIM1
SIM2
SIM3
SIM4
1
21
22
SIM5
SIM1
SIM2
SIM3
SIM4
1
21
22
SIM5
SIM1
SIM2
SIM3
SIM4
1
21
22
SIM5
SIM1
SIM2
SIM3
SIM4
1
21
22
SIM5
SIM1
SIM2
SIM3
SIM4
1
21
22
SIM5
SIM1
SIM2
SIM3
SIM4
1
21
22
SIM5
SIM1
SIM2
SIM3
SIM4
1
21
22
SIM5
SIM1
SIM2
SIM3
SIM4
1
21
22
SIM5
SIM1
SIM2
SIM3
SIM4
1
21
22
SIM5
SIM1
SIM2
SIM3
SIM4
1
21
22
SIM5
SIM1
SIM2
SIM3
SIM4
1
21
22
SIM5
SIM1
SIM2
SIM3
SIM4
1
21
22
SIM5
SIM1
SIM2
SIM3
SIM4
1
21
22
SIM5
SIM1
SIM2
DEBUG 1 910
SIM1
SIM2
SIM3
SIM4
1
21
22
SIM5
SIM1
SIM2
SIM3
SIM4
1
21
22
SIM5
SIM1
SIM2
SIM3
SIM4
1
21
22
SIM5
SIM1
SIM2
SIM3
SIM4
1
21
22
SIM5
SIM1
SIM2
SIM3
SIM4
1
21
22
SIM5
SIM1
SIM2
SIM3
SIM4
1
21
22
SIM5
SIM1
SIM2
SIM3
SIM4
1
21
22
SIM5
SIM1
SIM2
SIM3
SIM4
1
21
22
SIM5
SIM1
SIM2
SIM3
SIM4
1
21
22
SIM5
SIM1
SIM2
SIM3
SIM4
1
21
22
SIM5
SIM1
SIM2
SIM3
SIM4
1
21
22
SIM5
SIM1
SIM2
SIM3
SIM4
1
21
22
SIM5
SIM1
SIM2
SIM3
SIM4
1
21
22
SIM5
SIM1
SIM2
SIM3
SIM4
1
21
22
SIM5
SIM1
SIM2
SIM3
SIM4
1
21
22
SIM5
SIM1
SIM2
SIM3
SIM4
1
21
22
SIM5
SIM1
SIM2
SIM3
SIM4
1
21
22
SIM5
SIM1
SIM2
SIM3
SIM4
1
21
22
SIM5
SIM1
SIM2
SIM3
SIM4
1
21
22
SIM5
SIM1
SIM2
SIM3
SIM4
1
21
22
SIM5
SIM1
SIM2
SIM3
SIM4
1
21
22
SIM5
SIM1
SIM2
SIM3
SIM4
1
21
22
SIM5
SIM1
SIM2
SIM3
SIM4
1
21
22
SIM5
SIM1
SIM2
SIM3
SIM4
1
21
22
SIM5
SIM1
SIM2
SIM3
SIM4
1
21
22
SIM5
SIM1
SIM2
SIM3
SIM4
1
21
22
SIM5
SIM1
SIM2
SIM3
SIM4
1
21
22
SIM5
SIM1
SIM2
SIM3
SIM4
1
21
22
SIM5
SIM1
SIM2
SIM3
SIM4
1
21
22
SIM5
SIM1
SIM2
SIM3
SIM4
1
21
22
SIM5
SIM1
SIM2
SIM3
SIM4
1
21
22
SIM5
SIM1
SIM2
SIM3
SIM4
1
21
22
SIM5
SIM1
SIM2
SIM3
SIM4
1
21
22
SIM5
SIM1
SIM2
SIM3
SIM4
1
21
22
SIM5
SIM1
SIM2
SIM3
SIM4
1
21
22
SIM5
SIM1
SIM2
SIM3
SIM4
1
21
22
SIM5
SIM1
SIM2
SIM3
SIM4
1
21
22
SIM5
SIM1
SIM2
SIM3
SIM4
1
21
22
SIM5
SIM1
SIM2
SIM3
SIM4
1
21
22
SIM5
SIM1
SIM2
SIM3
SIM4
1
21
22
SIM5
SIM1
SIM2
SIM3
SIM4
1
21
22
SIM5
SIM1
SIM2
SIM3
SIM4
1
21
22
SIM5
SIM1
SIM2
SIM3
SIM4
1
21
22
SIM5
SIM1
SIM2
SIM3
SIM4
1
21
22
SIM5
SIM1
SIM2
SIM3
SIM4
1
21
22
SIM5
SIM1
SIM2
SIM3
SIM4
1
21
22
SIM5
SIM1
SIM2
SIM3
SIM4
1
21
22
SIM5
SIM1
SIM2
SIM3
SIM4
1
21
22
SIM5
SIM1
SIM2
SIM3
SIM4
1
21
22
SIM5
SIM1
SIM2
SIM3
SIM4
1
21
22
SIM5
SIM1
SIM2
SIM3
SIM4
1
21
22
SIM5
SIM1
SIM2
SIM3
SIM4
1
21
22
SIM5
SIM1
SIM2
SIM3
SIM4
1
21
22
SIM5
SIM1
SIM2
SIM3
SIM4
1
21
22
SIM5
SIM1
SIM2
SIM3
SIM4
1
21
22
SIM5
SIM1
SIM2
SIM3
SIM4
1
21
22
SIM5
SIM1
SIM2
SIM3
SIM4
1
21
22
SIM5
SIM1
SIM2
SIM3
SIM4
1
21
22
SIM5
SIM1
SIM2
SIM3
SIM4
1
21
22
SIM5
SIM1
SIM2
SIM3
SIM4
1
21
22
SIM5
SIM1
SIM2
SIM3
SIM4
1
21
22
SIM5
SIM1
SIM2
SIM3
SIM4
1
21
22
SIM5
SIM1
SIM2
SIM3
SIM4
1
21
22
SIM5
SIM1
SIM2
SIM3
SIM4
1
21
22
SIM5
SIM1
SIM2
SIM3
SIM4
1
21
22
SIM5
SIM1
SIM2
SIM3
SIM4
1
21
22
SIM5
SIM1
SIM2
SIM3
SIM4
1
21
22
SIM5
SIM1
SIM2
SIM3
SIM4
1
21
22
SIM5
SIM1
SIM2
SIM3
SIM4
1
21
22
SIM5
SIM1
SIM2
SIM3
SIM4
1
21
22
SIM5
SIM1
SIM2
SIM3
SIM4
1
21
22
SIM5
SIM1
SIM2
SIM3
SIM4
1
21
22
SIM5
SIM1
SIM2
SIM3
SIM4
1
21
22
SIM5
SIM1
SIM2
SIM3
SIM4
1
21
22
SIM5
SIM1
SIM2
SIM3
SIM4
1
21
22
SIM5
SIM1
SIM2
SIM3
SIM4
1
21
22
SIM5
SIM1
SIM2
SIM3
SIM4
1
21
22
SIM5
SIM1
SIM2
SIM3
SIM4
1
21
22
SIM5
SIM1
SIM2
SIM3
SIM4
1
21
22
SIM5
SIM1
SIM2
SIM3
SIM4
1
21
22
SIM5
SIM1
SIM2
SIM3
SIM4
1
21
22
SIM5
SIM1
SIM2
SIM3
SIM4
1
21
22
SIM5
SIM1
SIM2
SIM3
SIM4
1
21
22
SIM5
SIM1
SIM2
SIM3
SIM4
1
21
22
SIM5
SIM1
SIM2
SIM3
SIM4
1
21
22
SIM5
SIM1
SIM2
SIM3
SIM4
1
21
22
SIM5
SIM1
SIM2
SIM3
SIM4
1
21
22
SIM5
SIM1
SIM2
SIM3
SIM4
1
21
22
SIM5
SIM1
SIM2
SIM3
SIM4
1
21
22
SIM5
SIM1
SIM2
SIM3
SIM4
1
21
22
SIM5
SIM1
SIM2
SIM3
SIM4
1
21
22
SIM5
SIM1
SIM2
SIM3
SIM4
1
21
22
SIM5
SIM1
SIM2
SIM3
SIM4
1
21
22
SIM5
SIM1
SIM2
SIM3
SIM4
1
21
22
SIM5
SIM1
SIM2
SIM3
SIM4
1
21
22
SIM5
SIM1
SIM2
SIM3
SIM4
1
21
22
SIM5
SIM1
SIM2
SIM3
SIM4
1
21
22
SIM5
SIM1
SIM2
SIM3
SIM4
1
21
22
SIM5
SIM1
SIM2
SIM3
SIM4
1
21
22
SIM5
SIM1
SIM2
SIM3
SIM4
1
21
22
SIM5
SIM1
SIM2
SIM3
SIM4
1
21
22
SIM5
SIM1
SIM2
SIM3
SIM4
1
21
22
SIM5
SIM1
SIM2
SIM3
SIM4
1
21
22
SIM5
SIM1
SIM2
SIM3
SIM4
1
21
22
SIM5
SIM1
SIM2
SIM3
SIM4
1
21
22
SIM5
SIM1
SIM2
SIM3
SIM4
1
21
22
SIM5
SIM1
SIM2
SIM3
SIM4
1
21
22
SIM5
SIM1
SIM2
SIM3
SIM4
1
21
22
SIM5
SIM1
SIM2
SIM3
SIM4
1
21
22
SIM5
SIM1
SIM2
SIM3
SIM4
1
21
22
SIM5
SIM1
SIM2
SIM3
SIM4
1
21
22
SIM5
SIM1
SIM2
SIM3
SIM4
1
21
22
SIM5
SIM1
SIM2
SIM3
SIM4
1
21
22
SIM5
SIM1
SIM2
SIM3
SIM4
1
21
22
SIM5
SIM1
SIM2
SIM3
SIM4
1
21
22
SIM5
SIM1
SIM2
SIM3
SIM4
1
21
22
SIM5
SIM1
SIM2
SIM3
SIM4
1
21
22
SIM5
SIM1
SIM2
SIM3
SIM4
1
21
22
SIM5
SIM1
SIM2
SIM3
SIM4
1
21
22
SIM5
SIM1
SIM2
SIM3
SIM4
1
21
22
SIM5
SIM1
SIM2
SIM3
SIM4
1
21
22
SIM5
SIM1
SIM2
SIM3
SIM4
1
21
22
SIM5
SIM1
SIM2
SIM3
SIM4
1
21
22
SIM5
SIM1
SIM2
SIM3
SIM4
1
21
22
SIM5
SIM1
SIM2
SIM3
SIM4
1
21
22
SIM5
SIM1
SIM2
SIM3
SIM4
1
21
22
SIM5
SIM1
SIM2
SIM3
SIM4
1
21
22
SIM5
SIM1
SIM2
SIM3
SIM4
1
21
22
SIM5
SIM1
SIM2
SIM3
SIM4
1
21
22
SIM5
SIM1
SIM2
SIM3
SIM4
1
21
22
SIM5
SIM1
SIM2
SIM3
SIM4
1
21
22
SIM5
SIM1
SIM2
SIM3
SIM4
1
21
22
SIM5
SIM1
SIM2
SIM3
SIM4
1
21
22
SIM5
SIM1
SIM2
SIM3
SIM4
1
21
22
SIM5
SIM1
SIM2
SIM3
SIM4
1
21
22
SIM5
SIM1
SIM2
SIM3
SIM4
1
21
22
SIM5
SIM1
SIM2
SIM3
SIM4
1
21
22
SIM5
SIM1
SIM2
SIM3
SIM4
1
21
22
SIM5
SIM1
SIM2
SIM3
SIM4
1
21
22
SIM5
SIM1
SIM2
SIM3
SIM4
1
21
22
SIM5
SIM1
SIM2
SIM3
SIM4
1
21
22
SIM5
SIM1
SIM2
SIM3
SIM4
1
21
22
SIM5
SIM1
SIM2
SIM3
SIM4
1
21
22
SIM5
SIM1
SIM2
SIM3
SIM4
1
21
22
SIM5
SIM1
SIM2
SIM3
SIM4
1
21
22
SIM5
SIM1
SIM2
SIM3
SIM4
1
21
22
SIM5
SIM1
SIM2
SIM3
SIM4
1
21
22
SIM5
SIM1
SIM2
SIM3
SIM4
1
21
22
SIM5
SIM1
SIM2
SIM3
SIM4
1
21
22
SIM5
SIM1
SIM2
SIM3
SIM4
1
21
22
SIM5
SIM1
SIM2
SIM3
SIM4
1
21
22
SIM5
SIM1
SIM2
SIM3
SIM4
1
21
22
SIM5
SIM1
SIM2
SIM3
SIM4
1
21
22
SIM5
SIM1
SIM2
SIM3
SIM4
1
21
22
SIM5
SIM1
SIM2
SIM3
SIM4
1
21
22
SIM5
SIM1
SIM2
SIM3
SIM4
1
21
22
SIM5
SIM1
SIM2
SIM3
SIM4
1
21
22
SIM5
SIM1
SIM2
SIM3
SIM4
1
21
22
SIM5
SIM1
SIM2
SIM3
SIM4
1
21
22
SIM5
SIM1
SIM2
SIM3
SIM4
1
21
22
SIM5
SIM1
SIM2
SIM3
SIM4
1
21
22
SIM5
SIM1
SIM2
SIM3
SIM4
1
21
22
SIM5
SIM1
SIM2
SIM3
SIM4
1
21
22
SIM5
SIM1
SIM2
SIM3
SIM4
1
21
22
SIM5
SIM1
SIM2
SIM3
SIM4
1
21
22
SIM5
SIM1
SIM2
SIM3
SIM4
1
21
22
SIM5
SIM1
SIM2
SIM3
SIM4
1
21
22
SIM5
SIM1
SIM2
SIM3
SIM4
1
21
22
SIM5
SIM1
SIM2
SIM3
SIM4
1
21
22
SIM5
SIM1
SIM2
SIM3
SIM4
1
21
22
SIM5
SIM1
SIM2
SIM3
SIM4
1
21
22
SIM5
SIM1
SIM2
SIM3
SIM4
1
21
22
SIM5
SIM1
SIM2
SIM3
SIM4
1
21
22
SIM5
SIM1
SIM2
SIM3
SIM4
1
21
22
SIM5
SIM1
SIM2
SIM3
SIM4
1
21
22
SIM5
SIM1
SIM2
SIM3
SIM4
1
21
22
SIM5
SIM1
SIM2
SIM3
SIM4
1
21
22
SIM5
SIM1
SIM2
SIM3
SIM4
1
21
22
SIM5
SIM1
SIM2
SIM3
SIM4
1
21
22
SIM5
SIM1
SIM2
SIM3
SIM4
1
21
22
SIM5
SIM1
SIM2
SIM3
SIM4
1
21
22
SIM5
SIM1
SIM2
SIM3
SIM4
1
21
22
SIM5
SIM1
SIM2
SIM3
SIM4
1
21
22
SIM5
SIM1
SIM2
SIM3
SIM4
1
21
22
SIM5
SIM1
SIM2
SIM3
SIM4
1
21
22
SIM5
SIM1
SIM2
SIM3
SIM4
1
21
22
SIM5
SIM1
SIM2
SIM3
SIM4
1
21
22
SIM5
SIM1
SIM2
SIM3
SIM4
1
21
22
SIM5
SIM1
SIM2
SIM3
SIM4
1
21
22
SIM5
SIM1
SIM2
SIM3
SIM4
1
21
22
SIM5
SIM1
SIM2
SIM3
SIM4
1
21
22
SIM5
SIM1
SIM2
SIM3
SIM4
1
21
22
SIM5
SIM1
SIM2
SIM3
SIM4
1
21
22
SIM5
SIM1
SIM2
SIM3
SIM4
1
21
22
SIM5
SIM1
SIM2
SIM3
SIM4
1
21
22
SIM5
SIM1
SIM2
SIM3
SIM4
1
21
22
SIM5
SIM1
SIM2
SIM3
SIM4
1
21
22
SIM5
SIM1
SIM2
SIM3
SIM4
1
21
22
SIM5
SIM1
SIM2
SIM3
SIM4
1
21
22
SIM5
SIM1
SIM2
SIM3
SIM4
1
21
22
SIM5
SIM1
SIM2
SIM3
SIM4
1
21
22
SIM5
SIM1
SIM2
SIM3
SIM4
1
21
22
SIM5
SIM1
SIM2
SIM3
SIM4
1
21
22
SIM5
SIM1
SIM2
SIM3
SIM4
1
21
22
SIM5
SIM1
SIM2
SIM3
SIM4
1
21
22
SIM5
SIM1
SIM2
SIM3
SIM4
1
21
22
SIM5
SIM1
SIM2
SIM3
SIM4
1
21
22
SIM5
SIM1
SIM2
SIM3
SIM4
1
21
22
SIM5
SIM1
SIM2
SIM3
SIM4
1
21
22
SIM5
SIM1
SIM2
SIM3
SIM4
1
21
22
SIM5
SIM1
SIM2
SIM3
SIM4
1
21
22
SIM5
SIM1
SIM2
SIM3
SIM4
1
21
22
SIM5
SIM1
SIM2
SIM3
SIM4
1
21
22
SIM5
SIM1
SIM2
SIM3
SIM4
1
21
22
SIM5
SIM1
SIM2
SIM3
SIM4
1
21
22
SIM5
SIM1
SIM2
SIM3
SIM4
1
21
22
SIM5
SIM1
SIM2
SIM3
SIM4
1
21
22
SIM5
SIM1
SIM2
SIM3
SIM4
1
21
22
SIM5
SIM1
SIM2
SIM3
SIM4
1
21
22
SIM5
SIM1
SIM2
SIM3
SIM4
1
21
22
SIM5
SIM1
SIM2
SIM3
SIM4
1
21
22
SIM5
SIM1
SIM2
SIM3
SIM4
1
21
22
SIM5
SIM1
SIM2
SIM3
SIM4
1
21
22
SIM5
SIM1
SIM2
SIM3
SIM4
1
21
22
SIM5
SIM1
SIM2
SIM3
SIM4
1
21
22
SIM5
SIM1
SIM2
SIM3
SIM4
1
21
22
SIM5
SIM1
SIM2
DEBUG 1 911
SIM1
SIM2
SIM3
SIM4
1
21
22
SIM5
SIM1
SIM2
SIM3
SIM4
1
21
22
SIM5
SIM1
SIM2
SIM3
SIM4
1
21
22
SIM5
SIM1
SIM2
SIM3
SIM4
1
21
22
SIM5
SIM1
SIM2
SIM3
SIM4
1
21
22
SIM5
SIM1
SIM2
SIM3
SIM4
1
21
22
SIM5
SIM1
SIM2
SIM3
SIM4
1
21
22
SIM5
SIM1
SIM2
SIM3
SIM4
1
21
22
SIM5
SIM1
SIM2
SIM3
SIM4
1
21
22
SIM5
SIM1
SIM2
SIM3
SIM4
1
21
22
SIM5
SIM1
SIM2
SIM3
SIM4
1
21
22
SIM5
SIM1
SIM2
SIM3
SIM4
1
21
22
SIM5
SIM1
SIM2
SIM3
SIM4
1
21
22
SIM5
SIM1
SIM2
SIM3
SIM4
1
21
22
SIM5
SIM1
SIM2
SIM3
SIM4
1
21
22
SIM5
SIM1
SIM2
SIM3
SIM4
1
21
22
SIM5
SIM1
SIM2
SIM3
SIM4
1
21
22
SIM5
SIM1
SIM2
SIM3
SIM4
1
21
22
SIM5
SIM1
SIM2
SIM3
SIM4
1
21
22
SIM5
SIM1
SIM2
SIM3
SIM4
1
21
22
SIM5
SIM1
SIM2
SIM3
SIM4
1
21
22
SIM5
SIM1
SIM2
SIM3
SIM4
1
21
22
SIM5
SIM1
SIM2
SIM3
SIM4
1
21
22
SIM5
SIM1
SIM2
SIM3
SIM4
1
21
22
SIM5
SIM1
SIM2
SIM3
SIM4
1
21
22
SIM5
SIM1
SIM2
SIM3
SIM4
1
21
22
SIM5
SIM1
SIM2
SIM3
SIM4
1
21
22
SIM5
SIM1
SIM2
SIM3
SIM4
1
21
22
SIM5
SIM1
SIM2
SIM3
SIM4
1
21
22
SIM5
SIM1
SIM2
SIM3
SIM4
1
21
22
SIM5
SIM1
SIM2
SIM3
SIM4
1
21
22
SIM5
SIM1
SIM2
SIM3
SIM4
1
21
22
SIM5
SIM1
SIM2
SIM3
SIM4
1
21
22
SIM5
SIM1
SIM2
SIM3
SIM4
1
21
22
SIM5
SIM1
SIM2
SIM3
SIM4
1
21
22
SIM5
SIM1
SIM2
SIM3
SIM4
1
21
22
SIM5
SIM1
SIM2
SIM3
SIM4
1
21
22
SIM5
SIM1
SIM2
SIM3
SIM4
1
21
22
SIM5
SIM1
SIM2
SIM3
SIM4
1
21
22
SIM5
SIM1
SIM2
SIM3
SIM4
1
21
22
SIM5
SIM1
SIM2
SIM3
SIM4
1
21
22
SIM5
SIM1
SIM2
SIM3
SIM4
1
21
22
SIM5
SIM1
SIM2
SIM3
SIM4
1
21
22
SIM5
SIM1
SIM2
SIM3
SIM4
1
21
22
SIM5
SIM1
SIM2
SIM3
SIM4
1
21
22
SIM5
SIM1
SIM2
SIM3
SIM4
1
21
22
SIM5
SIM1
SIM2
SIM3
SIM4
1
21
22
SIM5
SIM1
SIM2
SIM3
SIM4
1
21
22
SIM5
SIM1
SIM2
SIM3
SIM4
1
21
22
SIM5
SIM1
SIM2
SIM3
SIM4
1
21
22
SIM5
SIM1
SIM2
SIM3
SIM4
1
21
22
SIM5
SIM1
SIM2
SIM3
SIM4
1
21
22
SIM5
SIM1
SIM2
SIM3
SIM4
1
21
22
SIM5
SIM1
SIM2
SIM3
SIM4
1
21
22
SIM5
SIM1
SIM2
SIM3
SIM4
1
21
22
SIM5
SIM1
SIM2
SIM3
SIM4
1
21
22
SIM5
SIM1
SIM2
SIM3
SIM4
1
21
22
SIM5
SIM1
SIM2
SIM3
SIM4
1
21
22
SIM5
SIM1
SIM2
SIM3
SIM4
1
21
22
SIM5
SIM1
SIM2
SIM3
SIM4
1
21
22
SIM5
SIM1
SIM2
SIM3
SIM4
1
21
22
SIM5
SIM1
SIM2
SIM3
SIM4
1
21
22
SIM5
SIM1
SIM2
SIM3
SIM4
1
21
22
SIM5
SIM1
SIM2
SIM3
SIM4
1
21
22
SIM5
SIM1
SIM2
SIM3
SIM4
1
21
22
SIM5
SIM1
SIM2
SIM3
SIM4
1
21
22
SIM5
SIM1
SIM2
SIM3
SIM4
1
21
22
SIM5
SIM1
SIM2
SIM3
SIM4
1
21
22
SIM5
SIM1
SIM2
SIM3
SIM4
1
21
22
SIM5
SIM1
SIM2
SIM3
SIM4
1
21
22
SIM5
SIM1
SIM2
SIM3
SIM4
1
21
22
SIM5
SIM1
SIM2
SIM3
SIM4
1
21
22
SIM5
SIM1
SIM2
SIM3
SIM4
1
21
22
SIM5
SIM1
SIM2
SIM3
SIM4
1
21
22
SIM5
SIM1
SIM2
SIM3
SIM4
1
21
22
SIM5
SIM1
SIM2
SIM3
SIM4
1
21
22
SIM5
SIM1
SIM2
SIM3
SIM4
1
21
22
SIM5
SIM1
SIM2
SIM3
SIM4
1
21
22
SIM5
SIM1
SIM2
SIM3
SIM4
1
21
22
SIM5
SIM1
SIM2
SIM3
SIM4
1
21
22
SIM5
SIM1
SIM2
SIM3
SIM4
1
21
22
SIM5
SIM1
SIM2
SIM3
SIM4
1
21
22
SIM5
SIM1
SIM2
SIM3
SIM4
1
21
22
SIM5
SIM1
SIM2
SIM3
SIM4
1
21
22
SIM5
SIM1
SIM2
SIM3
SIM4
1
21
22
SIM5
SIM1
SIM2
SIM3
SIM4
1
21
22
SIM5
SIM1
SIM2
SIM3
SIM4
1
21
22
SIM5
SIM1
SIM2
SIM3
SIM4
1
21
22
SIM5
SIM1
SIM2
SIM3
SIM4
1
21
22
SIM5
SIM1
SIM2
SIM3
SIM4
1
21
22
SIM5
SIM1
SIM2
SIM3
SIM4
1
21
22
SIM5
SIM1
SIM2
SIM3
SIM4
1
21
22
SIM5
SIM1
SIM2
SIM3
SIM4
1
21
22
SIM5
SIM1
SIM2
SIM3
SIM4
1
21
22
SIM5
SIM1
SIM2
SIM3
SIM4
1
21
22
SIM5
SIM1
SIM2
SIM3
SIM4
1
21
22
SIM5
SIM1
SIM2
SIM3
SIM4
1
21
22
SIM5
SIM1
SIM2
SIM3
SIM4
1
21
22
SIM5
SIM1
SIM2
SIM3
SIM4
1
21
22
SIM5
SIM1
SIM2
SIM3
SIM4
1
21
22
SIM5
SIM1
SIM2
SIM3
SIM4
1
21
22
SIM5
SIM1
SIM2
SIM3
SIM4
1
21
22
SIM5
SIM1
SIM2
SIM3
SIM4
1
21
22
SIM5
SIM1
SIM2
SIM3
SIM4
1
21
22
SIM5
SIM1
SIM2
SIM3
SIM4
1
21
22
SIM5
SIM1
SIM2
SIM3
SIM4
1
21
22
SIM5
SIM1
SIM2
SIM3
SIM4
1
21
22
SIM5
SIM1
SIM2
SIM3
SIM4
1
21
22
SIM5
SIM1
SIM2
SIM3
SIM4
1
21
22
SIM5
SIM1
SIM2
SIM3
SIM4
1
21
22
SIM5
SIM1
SIM2
SIM3
SIM4
1
21
22
SIM5
SIM1
SIM2
SIM3
SIM4
1
21
22
SIM5
SIM1
SIM2
SIM3
SIM4
1
21
22
SIM5
SIM1
SIM2
SIM3
SIM4
1
21
22
SIM5
SIM1
SIM2
SIM3
SIM4
1
21
22
SIM5
SIM1
SIM2
SIM3
SIM4
1
21
22
SIM5
SIM1
SIM2
SIM3
SIM4
1
21
22
SIM5
SIM1
SIM2
SIM3
SIM4
1
21
22
SIM5
SIM1
SIM2
SIM3
SIM4
1
21
22
SIM5
SIM1
SIM2
SIM3
SIM4
1
21
22
SIM5
SIM1
SIM2
SIM3
SIM4
1
21
22
SIM5
SIM1
SIM2
SIM3
SIM4
1
21
22
SIM5
SIM1
SIM2
SIM3
SIM4
1
21
22
SIM5
SIM1
SIM2
SIM3
SIM4
1
21
22
SIM5
SIM1
SIM2
SIM3
SIM4
1
21
22
SIM5
SIM1
SIM2
SIM3
SIM4
1
21
22
SIM5
SIM1
SIM2
SIM3
SIM4
1
21
22
SIM5
SIM1
SIM2
SIM3
SIM4
1
21
22
SIM5
SIM1
SIM2
SIM3
SIM4
1
21
22
SIM5
SIM1
SIM2
SIM3
SIM4
1
21
22
SIM5
SIM1
SIM2
SIM3
SIM4
1
21
22
SIM5
SIM1
SIM2
SIM3
SIM4
1
21
22
SIM5
SIM1
SIM2
SIM3
SIM4
1
21
22
SIM5
SIM1
SIM2
SIM3
SIM4
1
21
22
SIM5
SIM1
SIM2
SIM3
SIM4
1
21
22
SIM5
SIM1
SIM2
SIM3
SIM4
1
21
22
SIM5
SIM1
SIM2
SIM3
SIM4
1
21
22
SIM5
SIM1
SIM2
SIM3
SIM4
1
21
22
SIM5
SIM1
SIM2
SIM3
SIM4
1
21
22
SIM5
SIM1
SIM2
SIM3
SIM4
1
21
22
SIM5
SIM1
SIM2
SIM3
SIM4
1
21
22
SIM5
SIM1
SIM2
SIM3
SIM4
1
21
22
SIM5
SIM1
SIM2
SIM3
SIM4
1
21
22
SIM5
SIM1
SIM2
SIM3
SIM4
1
21
22
SIM5
SIM1
SIM2
SIM3
SIM4
1
21
22
SIM5
SIM1
SIM2
SIM3
SIM4
1
21
22
SIM5
SIM1
SIM2
SIM3
SIM4
1
21
22
SIM5
SIM1
SIM2
SIM3
SIM4
1
21
22
SIM5
SIM1
SIM2
SIM3
SIM4
1
21
22
SIM5
SIM1
SIM2
SIM3
SIM4
1
21
22
SIM5
SIM1
SIM2
SIM3
SIM4
1
21
22
SIM5
SIM1
SIM2
SIM3
SIM4
1
21
22
SIM5
SIM1
SIM2
SIM3
SIM4
1
21
22
SIM5
SIM1
SIM2
SIM3
SIM4
1
21
22
SIM5
SIM1
SIM2
SIM3
SIM4
1
21
22
SIM5
SIM1
SIM2
SIM3
SIM4
1
21
22
SIM5
SIM1
SIM2
SIM3
SIM4
1
21
22
SIM5
SIM1
SIM2
SIM3
SIM4
1
21
22
SIM5
SIM1
SIM2
SIM3
SIM4
1
21
22
SIM5
SIM1
SIM2
SIM3
SIM4
1
21
22
SIM5
SIM1
SIM2
SIM3
SIM4
1
21
22
SIM5
SIM1
SIM2
SIM3
SIM4
1
21
22
SIM5
SIM1
SIM2
SIM3
SIM4
1
21
22
SIM5
SIM1
SIM2
SIM3
SIM4
1
21
22
SIM5
SIM1
SIM2
SIM3
SIM4
1
21
22
SIM5
SIM1
SIM2
SIM3
SIM4
1
21
22
SIM5
SIM1
SIM2
SIM3
SIM4
1
21
22
SIM5
SIM1
SIM2
SIM3
SIM4
1
21
22
SIM5
SIM1
SIM2
SIM3
SIM4
1
21
22
SIM5
SIM1
SIM2
SIM3
SIM4
1
21
22
SIM5
SIM1
SIM2
SIM3
SIM4
1
21
22
SIM5
SIM1
SIM2
SIM3
SIM4
1
21
22
SIM5
SIM1
SIM2
SIM3
SIM4
1
21
22
SIM5
SIM1
SIM2
SIM3
SIM4
1
21
22
SIM5
SIM1
SIM2
SIM3
SIM4
1
21
22
SIM5
SIM1
SIM2
SIM3
SIM4
1
21
22
SIM5
SIM1
SIM2
SIM3
SIM4
1
21
22
SIM5
SIM1
SIM2
SIM3
SIM4
1
21
22
SIM5
SIM1
SIM2
SIM3
SIM4
1
21
22
SIM5
SIM1
SIM2
SIM3
SIM4
1
21
22
SIM5
SIM1
SIM2
SIM3
SIM4
1
21
22
SIM5
SIM1
SIM2
SIM3
SIM4
1
21
22
SIM5
SIM1
SIM2
SIM3
SIM4
1
21
22
SIM5
SIM1
SIM2
SIM3
SIM4
1
21
22
SIM5
SIM1
SIM2
SIM3
SIM4
1
21
22
SIM5
SIM1
SIM2
SIM3
SIM4
1
21
22
SIM5
SIM1
SIM2
SIM3
SIM4
1
21
22
SIM5
SIM1
SIM2
SIM3
SIM4
1
21
22
SIM5
SIM1
SIM2
SIM3
SIM4
1
21
22
SIM5
SIM1
SIM2
SIM3
SIM4
1
21
22
SIM5
SIM1
SIM2
SIM3
SIM4
1
21
22
SIM5
SIM1
SIM2
SIM3
SIM4
1
21
22
SIM5
SIM1
SIM2
SIM3
SIM4
1
21
22
SIM5
SIM1
SIM2
SIM3
SIM4
1
21
22
SIM5
SIM1
SIM2
SIM3
SIM4
1
21
22
SIM5
SIM1
SIM2
SIM3
SIM4
1
21
22
SIM5
SIM1
SIM2
SIM3
SIM4
1
21
22
SIM5
SIM1
SIM2
SIM3
SIM4
1
21
22
SIM5
SIM1
SIM2
SIM3
SIM4
1
21
22
SIM5
SIM1
SIM2
SIM3
SIM4
1
21
22
SIM5
SIM1
SIM2
SIM3
SIM4
1
21
22
SIM5
SIM1
SIM2
SIM3
SIM4
1
21
22
SIM5
SIM1
SIM2
SIM3
SIM4
1
21
22
SIM5
SIM1
SIM2
SIM3
SIM4
1
21
22
SIM5
SIM1
SIM2
SIM3
SIM4
1
21
22
SIM5
SIM1
SIM2
SIM3
SIM4
1
21
22
SIM5
SIM1
SIM2
SIM3
SIM4
1
21
22
SIM5
SIM1
SIM2
SIM3
SIM4
1
21
22
SIM5
SIM1
SIM2
SIM3
SIM4
1
21
22
SIM5
SIM1
SIM2
SIM3
SIM4
1
21
22
SIM5
SIM1
SIM2
SIM3
SIM4
1
21
22
SIM5
SIM1
SIM2
SIM3
SIM4
1
21
22
SIM5
SIM1
SIM2
SIM3
SIM4
1
21
22
SIM5
SIM1
SIM2
SIM3
SIM4
1
21
22
SIM5
SIM1
SIM2
SIM3
SIM4
1
21
22
SIM5
SIM1
SIM2
SIM3
SIM4
1
21
22
SIM5
SIM1
SIM2
SIM3
SIM4
1
21
22
SIM5
SIM1
SIM2
SIM3
SIM4
1
21
22
SIM5
SIM1
SIM2
SIM3
SIM4
1
21
22
SIM5
SIM1
SIM2
SIM3
SIM4
1
21
22
SIM5
SIM1
SIM2
SIM3
SIM4
1
21
22
SIM5
SIM1
SIM2
SIM3
SIM4
1
21
22
SIM5
SIM1
SIM2
SIM3
SIM4
1
21
22
SIM5
SIM1
SIM2
SIM3
SIM4
1
21
22
SIM5
SIM1
SIM2
SIM3
SIM4
1
21
22
SIM5
SIM1
SIM2
SIM3
SIM4
1
21
22
SIM5
SIM1
SIM2
SIM3
SIM4
1
21
22
SIM5
SIM1
SIM2
SIM3
SIM4
1
21
22
SIM5
SIM1
SIM2
SIM3
SIM4
1
21
22
SIM5
SIM1
SIM2
SIM3
SIM4
1
21
22
SIM5
SIM1
SIM2
SIM3
SIM4
1
21
22
SIM5
SIM1
SIM2
SIM3
SIM4
1
21
22
SIM5
SIM1
SIM2
SIM3
SIM4
1
21
22
SIM5
SIM1
SIM2
SIM3
SIM4
1
21
22
SIM5
SIM1
SIM2
SIM3
SIM4
1
21
22
SIM5
SIM1
SIM2
SIM3
SIM4
1
21
22
SIM5
SIM1
SIM2
SIM3
SIM4
1
21
22
SIM5
SIM1
SIM2
SIM3
SIM4
1
21
22
SIM5
SIM1
SIM2
SIM3
SIM4
1
21
22
SIM5
SIM1
SIM2
SIM3
SIM4
1
21
22
SIM5
SIM1
SIM2
SIM3
SIM4
1
21
22
SIM5
SIM1
SIM2
SIM3
SIM4
1
21
22
SIM5
SIM1
SIM2
SIM3
SIM4
1
21
22
SIM5
SIM1
SIM2
SIM3
SIM4
1
21
22
SIM5
SIM1
SIM2
SIM3
SIM4
1
21
22
SIM5
SIM1
SIM2
SIM3
SIM4
1
21
22
SIM5
SIM1
SIM2
SIM3
SIM4
1
21
22
SIM5
SIM1
SIM2
SIM3
SIM4
1
21
22
SIM5
SIM1
SIM2
SIM3
SIM4
1
21
22
SIM5
SIM1
SIM2
SIM3
SIM4
1
21
22
SIM5
SIM1
SIM2
SIM3
SIM4
1
21
22
SIM5
SIM1
SIM2
SIM3
SIM4
1
21
22
SIM5
SIM1
SIM2
SIM3
SIM4
1
21
22
SIM5
SIM1
SIM2
SIM3
SIM4
1
21
22
SIM5
SIM1
SIM2
SIM3
SIM4
1
21
22
SIM5
SIM1
SIM2
SIM3
SIM4
1
21
22
SIM5
SIM1
SIM2
SIM3
SIM4
1
21
22
SIM5
SIM1
SIM2
SIM3
SIM4
1
21
22
SIM5
SIM1
SIM2
SIM3
SIM4
1
21
22
SIM5
SIM1
SIM2
SIM3
SIM4
1
21
22
SIM5
SIM1
SIM2
SIM3
SIM4
1
21
22
SIM5
SIM1
SIM2
SIM3
SIM4
1
21
22
SIM5
SIM1
SIM2
SIM3
SIM4
1
21
22
SIM5
SIM1
SIM2
SIM3
SIM4
1
21
22
SIM5
SIM1
SIM2
SIM3
SIM4
1
21
22
SIM5
SIM1
SIM2
SIM3
SIM4
1
21
22
SIM5
SIM1
SIM2
SIM3
SIM4
1
21
22
SIM5
SIM1
SIM2
SIM3
SIM4
1
21
22
SIM5
SIM1
SIM2
SIM3
SIM4
1
21
22
SIM5
SIM1
SIM2
SIM3
SIM4
1
21
22
SIM5
SIM1
SIM2
SIM3
SIM4
1
21
22
SIM5
SIM1
SIM2
SIM3
SIM4
1
21
22
SIM5
SIM1
SIM2
DEBUG 1 912
SIM1
SIM2
SIM3
SIM4
1
21
22
SIM5
SIM1
SIM2
SIM3
SIM4
1
21
22
SIM5
SIM1
SIM2
SIM3
SIM4
1
21
22
SIM5
SIM1
SIM2
SIM3
SIM4
1
21
22
SIM5
SIM1
SIM2
SIM3
SIM4
1
21
22
SIM5
SIM1
SIM2
SIM3
SIM4
1
21
22
SIM5
SIM1
SIM2
SIM3
SIM4
1
21
22
SIM5
SIM1
SIM2
SIM3
SIM4
1
21
22
SIM5
SIM1
SIM2
SIM3
SIM4
1
21
22
SIM5
SIM1
SIM2
SIM3
SIM4
1
21
22
SIM5
SIM1
SIM2
SIM3
SIM4
1
21
22
SIM5
SIM1
SIM2
SIM3
SIM4
1
21
22
SIM5
SIM1
SIM2
SIM3
SIM4
1
21
22
SIM5
SIM1
SIM2
SIM3
SIM4
1
21
22
SIM5
SIM1
SIM2
SIM3
SIM4
1
21
22
SIM5
SIM1
SIM2
SIM3
SIM4
1
21
22
SIM5
SIM1
SIM2
SIM3
SIM4
1
21
22
SIM5
SIM1
SIM2
SIM3
SIM4
1
21
22
SIM5
SIM1
SIM2
SIM3
SIM4
1
21
22
SIM5
SIM1
SIM2
SIM3
SIM4
1
21
22
SIM5
SIM1
SIM2
SIM3
SIM4
1
21
22
SIM5
SIM1
SIM2
SIM3
SIM4
1
21
22
SIM5
SIM1
SIM2
SIM3
SIM4
1
21
22
SIM5
SIM1
SIM2
SIM3
SIM4
1
21
22
SIM5
SIM1
SIM2
SIM3
SIM4
1
21
22
SIM5
SIM1
SIM2
SIM3
SIM4
1
21
22
SIM5
SIM1
SIM2
SIM3
SIM4
1
21
22
SIM5
SIM1
SIM2
SIM3
SIM4
1
21
22
SIM5
SIM1
SIM2
SIM3
SIM4
1
21
22
SIM5
SIM1
SIM2
SIM3
SIM4
1
21
22
SIM5
SIM1
SIM2
SIM3
SIM4
1
21
22
SIM5
SIM1
SIM2
SIM3
SIM4
1
21
22
SIM5
SIM1
SIM2
SIM3
SIM4
1
21
22
SIM5
SIM1
SIM2
SIM3
SIM4
1
21
22
SIM5
SIM1
SIM2
SIM3
SIM4
1
21
22
SIM5
SIM1
SIM2
SIM3
SIM4
1
21
22
SIM5
SIM1
SIM2
SIM3
SIM4
1
21
22
SIM5
SIM1
SIM2
SIM3
SIM4
1
21
22
SIM5
SIM1
SIM2
SIM3
SIM4
1
21
22
SIM5
SIM1
SIM2
SIM3
SIM4
1
21
22
SIM5
SIM1
SIM2
SIM3
SIM4
1
21
22
SIM5
SIM1
SIM2
SIM3
SIM4
1
21
22
SIM5
SIM1
SIM2
SIM3
SIM4
1
21
22
SIM5
SIM1
SIM2
SIM3
SIM4
1
21
22
SIM5
SIM1
SIM2
SIM3
SIM4
1
21
22
SIM5
SIM1
SIM2
SIM3
SIM4
1
21
22
SIM5
SIM1
SIM2
SIM3
SIM4
1
21
22
SIM5
SIM1
SIM2
SIM3
SIM4
1
21
22
SIM5
SIM1
SIM2
SIM3
SIM4
1
21
22
SIM5
SIM1
SIM2
SIM3
SIM4
1
21
22
SIM5
SIM1
SIM2
SIM3
SIM4
1
21
22
SIM5
SIM1
SIM2
SIM3
SIM4
1
21
22
SIM5
SIM1
SIM2
SIM3
SIM4
1
21
22
SIM5
SIM1
SIM2
SIM3
SIM4
1
21
22
SIM5
SIM1
SIM2
SIM3
SIM4
1
21
22
SIM5
SIM1
SIM2
SIM3
SIM4
1
21
22
SIM5
SIM1
SIM2
SIM3
SIM4
1
21
22
SIM5
SIM1
SIM2
SIM3
SIM4
1
21
22
SIM5
SIM1
SIM2
SIM3
SIM4
1
21
22
SIM5
SIM1
SIM2
SIM3
SIM4
1
21
22
SIM5
SIM1
SIM2
SIM3
SIM4
1
21
22
SIM5
SIM1
SIM2
SIM3
SIM4
1
21
22
SIM5
SIM1
SIM2
SIM3
SIM4
1
21
22
SIM5
SIM1
SIM2
SIM3
SIM4
1
21
22
SIM5
SIM1
SIM2
SIM3
SIM4
1
21
22
SIM5
SIM1
SIM2
SIM3
SIM4
1
21
22
SIM5
SIM1
SIM2
SIM3
SIM4
1
21
22
SIM5
SIM1
SIM2
SIM3
SIM4
1
21
22
SIM5
SIM1
SIM2
SIM3
SIM4
1
21
22
SIM5
SIM1
SIM2
SIM3
SIM4
1
21
22
SIM5
SIM1
SIM2
SIM3
SIM4
1
21
22
SIM5
SIM1
SIM2
SIM3
SIM4
1
21
22
SIM5
SIM1
SIM2
SIM3
SIM4
1
21
22
SIM5
SIM1
SIM2
SIM3
SIM4
1
21
22
SIM5
SIM1
SIM2
SIM3
SIM4
1
21
22
SIM5
SIM1
SIM2
SIM3
SIM4
1
21
22
SIM5
SIM1
SIM2
SIM3
SIM4
1
21
22
SIM5
SIM1
SIM2
SIM3
SIM4
1
21
22
SIM5
SIM1
SIM2
SIM3
SIM4
1
21
22
SIM5
SIM1
SIM2
SIM3
SIM4
1
21
22
SIM5
SIM1
SIM2
SIM3
SIM4
1
21
22
SIM5
SIM1
SIM2
SIM3
SIM4
1
21
22
SIM5
SIM1
SIM2
SIM3
SIM4
1
21
22
SIM5
SIM1
SIM2
SIM3
SIM4
1
21
22
SIM5
SIM1
SIM2
SIM3
SIM4
1
21
22
SIM5
SIM1
SIM2
SIM3
SIM4
1
21
22
SIM5
SIM1
SIM2
SIM3
SIM4
1
21
22
SIM5
SIM1
SIM2
SIM3
SIM4
1
21
22
SIM5
SIM1
SIM2
SIM3
SIM4
1
21
22
SIM5
SIM1
SIM2
SIM3
SIM4
1
21
22
SIM5
SIM1
SIM2
SIM3
SIM4
1
21
22
SIM5
SIM1
SIM2
SIM3
SIM4
1
21
22
SIM5
SIM1
SIM2
SIM3
SIM4
1
21
22
SIM5
SIM1
SIM2
SIM3
SIM4
1
21
22
SIM5
SIM1
SIM2
SIM3
SIM4
1
21
22
SIM5
SIM1
SIM2
SIM3
SIM4
1
21
22
SIM5
SIM1
SIM2
SIM3
SIM4
1
21
22
SIM5
SIM1
SIM2
SIM3
SIM4
1
21
22
SIM5
SIM1
SIM2
SIM3
SIM4
1
21
22
SIM5
SIM1
SIM2
SIM3
SIM4
1
21
22
SIM5
SIM1
SIM2
SIM3
SIM4
1
21
22
SIM5
SIM1
SIM2
SIM3
SIM4
1
21
22
SIM5
SIM1
SIM2
SIM3
SIM4
1
21
22
SIM5
SIM1
SIM2
SIM3
SIM4
1
21
22
SIM5
SIM1
SIM2
SIM3
SIM4
1
21
22
SIM5
SIM1
SIM2
SIM3
SIM4
1
21
22
SIM5
SIM1
SIM2
SIM3
SIM4
1
21
22
SIM5
SIM1
SIM2
SIM3
SIM4
1
21
22
SIM5
SIM1
SIM2
SIM3
SIM4
1
21
22
SIM5
SIM1
SIM2
SIM3
SIM4
1
21
22
SIM5
SIM1
SIM2
SIM3
SIM4
1
21
22
SIM5
SIM1
SIM2
SIM3
SIM4
1
21
22
SIM5
SIM1
SIM2
SIM3
SIM4
1
21
22
SIM5
SIM1
SIM2
SIM3
SIM4
1
21
22
SIM5
SIM1
SIM2
SIM3
SIM4
1
21
22
SIM5
SIM1
SIM2
SIM3
SIM4
1
21
22
SIM5
SIM1
SIM2
SIM3
SIM4
1
21
22
SIM5
SIM1
SIM2
SIM3
SIM4
1
21
22
SIM5
SIM1
SIM2
SIM3
SIM4
1
21
22
SIM5
SIM1
SIM2
SIM3
SIM4
1
21
22
SIM5
SIM1
SIM2
SIM3
SIM4
1
21
22
SIM5
SIM1
SIM2
SIM3
SIM4
1
21
22
SIM5
SIM1
SIM2
SIM3
SIM4
1
21
22
SIM5
SIM1
SIM2
SIM3
SIM4
1
21
22
SIM5
SIM1
SIM2
SIM3
SIM4
1
21
22
SIM5
SIM1
SIM2
SIM3
SIM4
1
21
22
SIM5
SIM1
SIM2
SIM3
SIM4
1
21
22
SIM5
SIM1
SIM2
SIM3
SIM4
1
21
22
SIM5
SIM1
SIM2
SIM3
SIM4
1
21
22
SIM5
SIM1
SIM2
SIM3
SIM4
1
21
22
SIM5
SIM1
SIM2
SIM3
SIM4
1
21
22
SIM5
SIM1
SIM2
SIM3
SIM4
1
21
22
SIM5
SIM1
SIM2
SIM3
SIM4
1
21
22
SIM5
SIM1
SIM2
SIM3
SIM4
1
21
22
SIM5
SIM1
SIM2
SIM3
SIM4
1
21
22
SIM5
SIM1
SIM2
SIM3
SIM4
1
21
22
SIM5
SIM1
SIM2
SIM3
SIM4
1
21
22
SIM5
SIM1
SIM2
SIM3
SIM4
1
21
22
SIM5
SIM1
SIM2
SIM3
SIM4
1
21
22
SIM5
SIM1
SIM2
SIM3
SIM4
1
21
22
SIM5
SIM1
SIM2
SIM3
SIM4
1
21
22
SIM5
SIM1
SIM2
SIM3
SIM4
1
21
22
SIM5
SIM1
SIM2
SIM3
SIM4
1
21
22
SIM5
SIM1
SIM2
SIM3
SIM4
1
21
22
SIM5
SIM1
SIM2
SIM3
SIM4
1
21
22
SIM5
SIM1
SIM2
SIM3
SIM4
1
21
22
SIM5
SIM1
SIM2
SIM3
SIM4
1
21
22
SIM5
SIM1
SIM2
SIM3
SIM4
1
21
22
SIM5
SIM1
SIM2
SIM3
SIM4
1
21
22
SIM5
SIM1
SIM2
SIM3
SIM4
1
21
22
SIM5
SIM1
SIM2
SIM3
SIM4
1
21
22
SIM5
SIM1
SIM2
SIM3
SIM4
1
21
22
SIM5
SIM1
SIM2
SIM3
SIM4
1
21
22
SIM5
SIM1
SIM2
SIM3
SIM4
1
21
22
SIM5
SIM1
SIM2
SIM3
SIM4
1
21
22
SIM5
SIM1
SIM2
SIM3
SIM4
1
21
22
SIM5
SIM1
SIM2
SIM3
SIM4
1
21
22
SIM5
SIM1
SIM2
SIM3
SIM4
1
21
22
SIM5
SIM1
SIM2
SIM3
SIM4
1
21
22
SIM5
SIM1
SIM2
SIM3
SIM4
1
21
22
SIM5
SIM1
SIM2
SIM3
SIM4
1
21
22
SIM5
SIM1
SIM2
SIM3
SIM4
1
21
22
SIM5
SIM1
SIM2
SIM3
SIM4
1
21
22
SIM5
SIM1
SIM2
SIM3
SIM4
1
21
22
SIM5
SIM1
SIM2
SIM3
SIM4
1
21
22
SIM5
SIM1
SIM2
SIM3
SIM4
1
21
22
SIM5
SIM1
SIM2
SIM3
SIM4
1
21
22
SIM5
SIM1
SIM2
SIM3
SIM4
1
21
22
SIM5
SIM1
SIM2
SIM3
SIM4
1
21
22
SIM5
SIM1
SIM2
SIM3
SIM4
1
21
22
SIM5
SIM1
SIM2
SIM3
SIM4
1
21
22
SIM5
SIM1
SIM2
SIM3
SIM4
1
21
22
SIM5
SIM1
SIM2
DEBUG 1 913
SIM1
SIM2
SIM3
SIM4
1
21
22
SIM5
SIM1
SIM2
SIM3
SIM4
1
21
22
SIM5
SIM1
SIM2
SIM3
SIM4
1
21
22
SIM5
SIM1
SIM2
SIM3
SIM4
1
21
22
SIM5
SIM1
SIM2
SIM3
SIM4
1
21
22
SIM5
SIM1
SIM2
SIM3
SIM4
1
21
22
SIM5
SIM1
SIM2
SIM3
SIM4
1
21
22
SIM5
SIM1
SIM2
SIM3
SIM4
1
21
22
SIM5
SIM1
SIM2
SIM3
SIM4
1
21
22
SIM5
SIM1
SIM2
SIM3
SIM4
1
21
22
SIM5
SIM1
SIM2
SIM3
SIM4
1
21
22
SIM5
SIM1
SIM2
SIM3
SIM4
1
21
22
SIM5
SIM1
SIM2
SIM3
SIM4
1
21
22
SIM5
SIM1
SIM2
SIM3
SIM4
1
21
22
SIM5
SIM1
SIM2
SIM3
SIM4
1
21
22
SIM5
SIM1
SIM2
SIM3
SIM4
1
21
22
SIM5
SIM1
SIM2
SIM3
SIM4
1
21
22
SIM5
SIM1
SIM2
SIM3
SIM4
1
21
22
SIM5
SIM1
SIM2
SIM3
SIM4
1
21
22
SIM5
SIM1
SIM2
SIM3
SIM4
1
21
22
SIM5
SIM1
SIM2
SIM3
SIM4
1
21
22
SIM5
SIM1
SIM2
SIM3
SIM4
1
21
22
SIM5
SIM1
SIM2
SIM3
SIM4
1
21
22
SIM5
SIM1
SIM2
SIM3
SIM4
1
21
22
SIM5
SIM1
SIM2
SIM3
SIM4
1
21
22
SIM5
SIM1
SIM2
SIM3
SIM4
1
21
22
SIM5
SIM1
SIM2
SIM3
SIM4
1
21
22
SIM5
SIM1
SIM2
SIM3
SIM4
1
21
22
SIM5
SIM1
SIM2
SIM3
SIM4
1
21
22
SIM5
SIM1
SIM2
SIM3
SIM4
1
21
22
SIM5
SIM1
SIM2
SIM3
SIM4
1
21
22
SIM5
SIM1
SIM2
SIM3
SIM4
1
21
22
SIM5
SIM1
SIM2
SIM3
SIM4
1
21
22
SIM5
SIM1
SIM2
SIM3
SIM4
1
21
22
SIM5
SIM1
SIM2
SIM3
SIM4
1
21
22
SIM5
SIM1
SIM2
SIM3
SIM4
1
21
22
SIM5
SIM1
SIM2
SIM3
SIM4
1
21
22
SIM5
SIM1
SIM2
SIM3
SIM4
1
21
22
SIM5
SIM1
SIM2
SIM3
SIM4
1
21
22
SIM5
SIM1
SIM2
SIM3
SIM4
1
21
22
SIM5
SIM1
SIM2
SIM3
SIM4
1
21
22
SIM5
SIM1
SIM2
SIM3
SIM4
1
21
22
SIM5
SIM1
SIM2
SIM3
SIM4
1
21
22
SIM5
SIM1
SIM2
SIM3
SIM4
1
21
22
SIM5
SIM1
SIM2
SIM3
SIM4
1
21
22
SIM5
SIM1
SIM2
SIM3
SIM4
1
21
22
SIM5
SIM1
SIM2
SIM3
SIM4
1
21
22
SIM5
SIM1
SIM2
SIM3
SIM4
1
21
22
SIM5
SIM1
SIM2
SIM3
SIM4
1
21
22
SIM5
SIM1
SIM2
SIM3
SIM4
1
21
22
SIM5
SIM1
SIM2
SIM3
SIM4
1
21
22
SIM5
SIM1
SIM2
SIM3
SIM4
1
21
22
SIM5
SIM1
SIM2
SIM3
SIM4
1
21
22
SIM5
SIM1
SIM2
SIM3
SIM4
1
21
22
SIM5
SIM1
SIM2
SIM3
SIM4
1
21
22
SIM5
SIM1
SIM2
SIM3
SIM4
1
21
22
SIM5
SIM1
SIM2
SIM3
SIM4
1
21
22
SIM5
SIM1
SIM2
SIM3
SIM4
1
21
22
SIM5
SIM1
SIM2
SIM3
SIM4
1
21
22
SIM5
SIM1
SIM2
SIM3
SIM4
1
21
22
SIM5
SIM1
SIM2
SIM3
SIM4
1
21
22
SIM5
SIM1
SIM2
SIM3
SIM4
1
21
22
SIM5
SIM1
SIM2
SIM3
SIM4
1
21
22
SIM5
SIM1
SIM2
SIM3
SIM4
1
21
22
SIM5
SIM1
SIM2
SIM3
SIM4
1
21
22
SIM5
SIM1
SIM2
SIM3
SIM4
1
21
22
SIM5
SIM1
SIM2
SIM3
SIM4
1
21
22
SIM5
SIM1
SIM2
SIM3
SIM4
1
21
22
SIM5
SIM1
SIM2
SIM3
SIM4
1
21
22
SIM5
SIM1
SIM2
SIM3
SIM4
1
21
22
SIM5
SIM1
SIM2
SIM3
SIM4
1
21
22
SIM5
SIM1
SIM2
SIM3
SIM4
1
21
22
SIM5
SIM1
SIM2
SIM3
SIM4
1
21
22
SIM5
SIM1
SIM2
SIM3
SIM4
1
21
22
SIM5
SIM1
SIM2
SIM3
SIM4
1
21
22
SIM5
SIM1
SIM2
SIM3
SIM4
1
21
22
SIM5
SIM1
SIM2
SIM3
SIM4
1
21
22
SIM5
SIM1
SIM2
SIM3
SIM4
1
21
22
SIM5
SIM1
SIM2
SIM3
SIM4
1
21
22
SIM5
SIM1
SIM2
SIM3
SIM4
1
21
22
SIM5
SIM1
SIM2
SIM3
SIM4
1
21
22
SIM5
SIM1
SIM2
SIM3
SIM4
1
21
22
SIM5
SIM1
SIM2
SIM3
SIM4
1
21
22
SIM5
SIM1
SIM2
SIM3
SIM4
1
21
22
SIM5
SIM1
SIM2
SIM3
SIM4
1
21
22
SIM5
SIM1
SIM2
SIM3
SIM4
1
21
22
SIM5
SIM1
SIM2
SIM3
SIM4
1
21
22
SIM5
SIM1
SIM2
SIM3
SIM4
1
21
22
SIM5
SIM1
SIM2
SIM3
SIM4
1
21
22
SIM5
SIM1
SIM2
SIM3
SIM4
1
21
22
SIM5
SIM1
SIM2
SIM3
SIM4
1
21
22
SIM5
SIM1
SIM2
SIM3
SIM4
1
21
22
SIM5
SIM1
SIM2
SIM3
SIM4
1
21
22
SIM5
SIM1
SIM2
SIM3
SIM4
1
21
22
SIM5
SIM1
SIM2
SIM3
SIM4
1
21
22
SIM5
SIM1
SIM2
SIM3
SIM4
1
21
22
SIM5
SIM1
SIM2
SIM3
SIM4
1
21
22
SIM5
SIM1
SIM2
SIM3
SIM4
1
21
22
SIM5
SIM1
SIM2
SIM3
SIM4
1
21
22
SIM5
SIM1
SIM2
SIM3
SIM4
1
21
22
SIM5
SIM1
SIM2
SIM3
SIM4
1
21
22
SIM5
SIM1
SIM2
SIM3
SIM4
1
21
22
SIM5
SIM1
SIM2
SIM3
SIM4
1
21
22
SIM5
SIM1
SIM2
SIM3
SIM4
1
21
22
SIM5
SIM1
SIM2
SIM3
SIM4
1
21
22
SIM5
SIM1
SIM2
SIM3
SIM4
1
21
22
SIM5
SIM1
SIM2
SIM3
SIM4
1
21
22
SIM5
SIM1
SIM2
SIM3
SIM4
1
21
22
SIM5
SIM1
SIM2
SIM3
SIM4
1
21
22
SIM5
SIM1
SIM2
SIM3
SIM4
1
21
22
SIM5
SIM1
SIM2
SIM3
SIM4
1
21
22
SIM5
SIM1
SIM2
SIM3
SIM4
1
21
22
SIM5
SIM1
SIM2
SIM3
SIM4
1
21
22
SIM5
SIM1
SIM2
SIM3
SIM4
1
21
22
SIM5
SIM1
SIM2
SIM3
SIM4
1
21
22
SIM5
SIM1
SIM2
SIM3
SIM4
1
21
22
SIM5
SIM1
SIM2
SIM3
SIM4
1
21
22
SIM5
SIM1
SIM2
SIM3
SIM4
1
21
22
SIM5
SIM1
SIM2
SIM3
SIM4
1
21
22
SIM5
SIM1
SIM2
SIM3
SIM4
1
21
22
SIM5
SIM1
SIM2
SIM3
SIM4
1
21
22
SIM5
SIM1
SIM2
SIM3
SIM4
1
21
22
SIM5
SIM1
SIM2
SIM3
SIM4
1
21
22
SIM5
SIM1
SIM2
SIM3
SIM4
1
21
22
SIM5
SIM1
SIM2
SIM3
SIM4
1
21
22
SIM5
SIM1
SIM2
SIM3
SIM4
1
21
22
SIM5
SIM1
SIM2
SIM3
SIM4
1
21
22
SIM5
SIM1
SIM2
SIM3
SIM4
1
21
22
SIM5
SIM1
SIM2
SIM3
SIM4
1
21
22
SIM5
SIM1
SIM2
DEBUG 1 914
SIM1
SIM2
SIM3
SIM4
1
21
22
SIM5
SIM1
SIM2
SIM3
SIM4
1
21
22
SIM5
SIM1
SIM2
SIM3
SIM4
1
21
22
SIM5
SIM1
SIM2
SIM3
SIM4
1
21
22
SIM5
SIM1
SIM2
SIM3
SIM4
1
21
22
SIM5
SIM1
SIM2
SIM3
SIM4
1
21
22
SIM5
SIM1
SIM2
SIM3
SIM4
1
21
22
SIM5
SIM1
SIM2
SIM3
SIM4
1
21
22
SIM5
SIM1
SIM2
SIM3
SIM4
1
21
22
SIM5
SIM1
SIM2
SIM3
SIM4
1
21
22
SIM5
SIM1
SIM2
SIM3
SIM4
1
21
22
SIM5
SIM1
SIM2
SIM3
SIM4
1
21
22
SIM5
SIM1
SIM2
SIM3
SIM4
1
21
22
SIM5
SIM1
SIM2
SIM3
SIM4
1
21
22
SIM5
SIM1
SIM2
SIM3
SIM4
1
21
22
SIM5
SIM1
SIM2
SIM3
SIM4
1
21
22
SIM5
SIM1
SIM2
SIM3
SIM4
1
21
22
SIM5
SIM1
SIM2
SIM3
SIM4
1
21
22
SIM5
SIM1
SIM2
SIM3
SIM4
1
21
22
SIM5
SIM1
SIM2
SIM3
SIM4
1
21
22
SIM5
SIM1
SIM2
SIM3
SIM4
1
21
22
SIM5
SIM1
SIM2
SIM3
SIM4
1
21
22
SIM5
SIM1
SIM2
SIM3
SIM4
1
21
22
SIM5
SIM1
SIM2
SIM3
SIM4
1
21
22
SIM5
SIM1
SIM2
SIM3
SIM4
1
21
22
SIM5
SIM1
SIM2
SIM3
SIM4
1
21
22
SIM5
SIM1
SIM2
SIM3
SIM4
1
21
22
SIM5
SIM1
SIM2
SIM3
SIM4
1
21
22
SIM5
SIM1
SIM2
SIM3
SIM4
1
21
22
SIM5
SIM1
SIM2
SIM3
SIM4
1
21
22
SIM5
SIM1
SIM2
SIM3
SIM4
1
21
22
SIM5
SIM1
SIM2
SIM3
SIM4
1
21
22
SIM5
SIM1
SIM2
SIM3
SIM4
1
21
22
SIM5
SIM1
SIM2
SIM3
SIM4
1
21
22
SIM5
SIM1
SIM2
SIM3
SIM4
1
21
22
SIM5
SIM1
SIM2
SIM3
SIM4
1
21
22
SIM5
SIM1
SIM2
SIM3
SIM4
1
21
22
SIM5
SIM1
SIM2
SIM3
SIM4
1
21
22
SIM5
SIM1
SIM2
SIM3
SIM4
1
21
22
SIM5
SIM1
SIM2
SIM3
SIM4
1
21
22
SIM5
SIM1
SIM2
SIM3
SIM4
1
21
22
SIM5
SIM1
SIM2
SIM3
SIM4
1
21
22
SIM5
SIM1
SIM2
SIM3
SIM4
1
21
22
SIM5
SIM1
SIM2
SIM3
SIM4
1
21
22
SIM5
SIM1
SIM2
SIM3
SIM4
1
21
22
SIM5
SIM1
SIM2
SIM3
SIM4
1
21
22
SIM5
SIM1
SIM2
SIM3
SIM4
1
21
22
SIM5
SIM1
SIM2
SIM3
SIM4
1
21
22
SIM5
SIM1
SIM2
SIM3
SIM4
1
21
22
SIM5
SIM1
SIM2
SIM3
SIM4
1
21
22
SIM5
SIM1
SIM2
SIM3
SIM4
1
21
22
SIM5
SIM1
SIM2
SIM3
SIM4
1
21
22
SIM5
SIM1
SIM2
SIM3
SIM4
1
21
22
SIM5
SIM1
SIM2
SIM3
SIM4
1
21
22
SIM5
SIM1
SIM2
SIM3
SIM4
1
21
22
SIM5
SIM1
SIM2
SIM3
SIM4
1
21
22
SIM5
SIM1
SIM2
SIM3
SIM4
1
21
22
SIM5
SIM1
SIM2
SIM3
SIM4
1
21
22
SIM5
SIM1
SIM2
SIM3
SIM4
1
21
22
SIM5
SIM1
SIM2
SIM3
SIM4
1
21
22
SIM5
SIM1
SIM2
SIM3
SIM4
1
21
22
SIM5
SIM1
SIM2
SIM3
SIM4
1
21
22
SIM5
SIM1
SIM2
SIM3
SIM4
1
21
22
SIM5
SIM1
SIM2
SIM3
SIM4
1
21
22
SIM5
SIM1
SIM2
SIM3
SIM4
1
21
22
SIM5
SIM1
SIM2
SIM3
SIM4
1
21
22
SIM5
SIM1
SIM2
SIM3
SIM4
1
21
22
SIM5
SIM1
SIM2
SIM3
SIM4
1
21
22
SIM5
SIM1
SIM2
SIM3
SIM4
1
21
22
SIM5
SIM1
SIM2
SIM3
SIM4
1
21
22
SIM5
SIM1
SIM2
SIM3
SIM4
1
21
22
SIM5
SIM1
SIM2
SIM3
SIM4
1
21
22
SIM5
SIM1
SIM2
SIM3
SIM4
1
21
22
SIM5
SIM1
SIM2
SIM3
SIM4
1
21
22
SIM5
SIM1
SIM2
SIM3
SIM4
1
21
22
SIM5
SIM1
SIM2
SIM3
SIM4
1
21
22
SIM5
SIM1
SIM2
SIM3
SIM4
1
21
22
SIM5
SIM1
SIM2
SIM3
SIM4
1
21
22
SIM5
SIM1
SIM2
SIM3
SIM4
1
21
22
SIM5
SIM1
SIM2
SIM3
SIM4
1
21
22
SIM5
SIM1
SIM2
SIM3
SIM4
1
21
22
SIM5
SIM1
SIM2
SIM3
SIM4
1
21
22
SIM5
SIM1
SIM2
SIM3
SIM4
1
21
22
SIM5
SIM1
SIM2
SIM3
SIM4
1
21
22
SIM5
SIM1
SIM2
SIM3
SIM4
1
21
22
SIM5
SIM1
SIM2
SIM3
SIM4
1
21
22
SIM5
SIM1
SIM2
SIM3
SIM4
1
21
22
SIM5
SIM1
SIM2
SIM3
SIM4
1
21
22
SIM5
SIM1
SIM2
SIM3
SIM4
1
21
22
SIM5
SIM1
SIM2
SIM3
SIM4
1
21
22
SIM5
SIM1
SIM2
SIM3
SIM4
1
21
22
SIM5
SIM1
SIM2
SIM3
SIM4
1
21
22
SIM5
SIM1
SIM2
SIM3
SIM4
1
21
22
SIM5
SIM1
SIM2
SIM3
SIM4
1
21
22
SIM5
SIM1
SIM2
SIM3
SIM4
1
21
22
SIM5
SIM1
SIM2
SIM3
SIM4
1
21
22
SIM5
SIM1
SIM2
SIM3
SIM4
1
21
22
SIM5
SIM1
SIM2
SIM3
SIM4
1
21
22
SIM5
SIM1
SIM2
SIM3
SIM4
1
21
22
SIM5
SIM1
SIM2
SIM3
SIM4
1
21
22
SIM5
SIM1
SIM2
SIM3
SIM4
1
21
22
SIM5
SIM1
SIM2
SIM3
SIM4
1
21
22
SIM5
SIM1
SIM2
SIM3
SIM4
1
21
22
SIM5
SIM1
SIM2
SIM3
SIM4
1
21
22
SIM5
SIM1
SIM2
SIM3
SIM4
1
21
22
SIM5
SIM1
SIM2
SIM3
SIM4
1
21
22
SIM5
SIM1
SIM2
SIM3
SIM4
1
21
22
SIM5
SIM1
SIM2
SIM3
SIM4
1
21
22
SIM5
SIM1
SIM2
SIM3
SIM4
1
21
22
SIM5
SIM1
SIM2
SIM3
SIM4
1
21
22
SIM5
SIM1
SIM2
SIM3
SIM4
1
21
22
SIM5
SIM1
SIM2
SIM3
SIM4
1
21
22
SIM5
SIM1
SIM2
SIM3
SIM4
1
21
22
SIM5
SIM1
SIM2
SIM3
SIM4
1
21
22
SIM5
SIM1
SIM2
SIM3
SIM4
1
21
22
SIM5
SIM1
SIM2
SIM3
SIM4
1
21
22
SIM5
SIM1
SIM2
SIM3
SIM4
1
21
22
SIM5
SIM1
SIM2
SIM3
SIM4
1
21
22
SIM5
SIM1
SIM2
SIM3
SIM4
1
21
22
SIM5
SIM1
SIM2
SIM3
SIM4
1
21
22
SIM5
SIM1
SIM2
SIM3
SIM4
1
21
22
SIM5
SIM1
SIM2
SIM3
SIM4
1
21
22
SIM5
SIM1
SIM2
SIM3
SIM4
1
21
22
SIM5
SIM1
SIM2
SIM3
SIM4
1
21
22
SIM5
SIM1
SIM2
SIM3
SIM4
1
21
22
SIM5
SIM1
SIM2
SIM3
SIM4
1
21
22
SIM5
SIM1
SIM2
SIM3
SIM4
1
21
22
SIM5
SIM1
SIM2
SIM3
SIM4
1
21
22
SIM5
SIM1
SIM2
SIM3
SIM4
1
21
22
SIM5
SIM1
SIM2
SIM3
SIM4
1
21
22
SIM5
SIM1
SIM2
SIM3
SIM4
1
21
22
SIM5
SIM1
SIM2
SIM3
SIM4
1
21
22
SIM5
SIM1
SIM2
SIM3
SIM4
1
21
22
SIM5
SIM1
SIM2
SIM3
SIM4
1
21
22
SIM5
SIM1
SIM2
SIM3
SIM4
1
21
22
SIM5
SIM1
SIM2
SIM3
SIM4
1
21
22
SIM5
SIM1
SIM2
SIM3
SIM4
1
21
22
SIM5
SIM1
SIM2
DEBUG 1 915
SIM1
SIM2
SIM3
SIM4
1
21
22
SIM5
SIM1
SIM2
SIM3
SIM4
1
21
22
SIM5
SIM1
SIM2
SIM3
SIM4
1
21
22
SIM5
SIM1
SIM2
SIM3
SIM4
1
21
22
SIM5
SIM1
SIM2
SIM3
SIM4
1
21
22
SIM5
SIM1
SIM2
SIM3
SIM4
1
21
22
SIM5
SIM1
SIM2
SIM3
SIM4
1
21
22
SIM5
SIM1
SIM2
SIM3
SIM4
1
21
22
SIM5
SIM1
SIM2
SIM3
SIM4
1
21
22
SIM5
SIM1
SIM2
SIM3
SIM4
1
21
22
SIM5
SIM1
SIM2
SIM3
SIM4
1
21
22
SIM5
SIM1
SIM2
SIM3
SIM4
1
21
22
SIM5
SIM1
SIM2
SIM3
SIM4
1
21
22
SIM5
SIM1
SIM2
SIM3
SIM4
1
21
22
SIM5
SIM1
SIM2
SIM3
SIM4
1
21
22
SIM5
SIM1
SIM2
SIM3
SIM4
1
21
22
SIM5
SIM1
SIM2
SIM3
SIM4
1
21
22
SIM5
SIM1
SIM2
SIM3
SIM4
1
21
22
SIM5
SIM1
SIM2
SIM3
SIM4
1
21
22
SIM5
SIM1
SIM2
SIM3
SIM4
1
21
22
SIM5
SIM1
SIM2
SIM3
SIM4
1
21
22
SIM5
SIM1
SIM2
SIM3
SIM4
1
21
22
SIM5
SIM1
SIM2
SIM3
SIM4
1
21
22
SIM5
SIM1
SIM2
SIM3
SIM4
1
21
22
SIM5
SIM1
SIM2
SIM3
SIM4
1
21
22
SIM5
SIM1
SIM2
SIM3
SIM4
1
21
22
SIM5
SIM1
SIM2
SIM3
SIM4
1
21
22
SIM5
SIM1
SIM2
SIM3
SIM4
1
21
22
SIM5
SIM1
SIM2
SIM3
SIM4
1
21
22
SIM5
SIM1
SIM2
SIM3
SIM4
1
21
22
SIM5
SIM1
SIM2
SIM3
SIM4
1
21
22
SIM5
SIM1
SIM2
SIM3
SIM4
1
21
22
SIM5
SIM1
SIM2
SIM3
SIM4
1
21
22
SIM5
SIM1
SIM2
SIM3
SIM4
1
21
22
SIM5
SIM1
SIM2
SIM3
SIM4
1
21
22
SIM5
SIM1
SIM2
SIM3
SIM4
1
21
22
SIM5
SIM1
SIM2
SIM3
SIM4
1
21
22
SIM5
SIM1
SIM2
SIM3
SIM4
1
21
22
SIM5
SIM1
SIM2
SIM3
SIM4
1
21
22
SIM5
SIM1
SIM2
SIM3
SIM4
1
21
22
SIM5
SIM1
SIM2
SIM3
SIM4
1
21
22
SIM5
SIM1
SIM2
SIM3
SIM4
1
21
22
SIM5
SIM1
SIM2
SIM3
SIM4
1
21
22
SIM5
SIM1
SIM2
SIM3
SIM4
1
21
22
SIM5
SIM1
SIM2
SIM3
SIM4
1
21
22
SIM5
SIM1
SIM2
SIM3
SIM4
1
21
22
SIM5
SIM1
SIM2
SIM3
SIM4
1
21
22
SIM5
SIM1
SIM2
SIM3
SIM4
1
21
22
SIM5
SIM1
SIM2
SIM3
SIM4
1
21
22
SIM5
SIM1
SIM2
SIM3
SIM4
1
21
22
SIM5
SIM1
SIM2
SIM3
SIM4
1
21
22
SIM5
SIM1
SIM2
SIM3
SIM4
1
21
22
SIM5
SIM1
SIM2
SIM3
SIM4
1
21
22
SIM5
SIM1
SIM2
SIM3
SIM4
1
21
22
SIM5
SIM1
SIM2
SIM3
SIM4
1
21
22
SIM5
SIM1
SIM2
SIM3
SIM4
1
21
22
SIM5
SIM1
SIM2
SIM3
SIM4
1
21
22
SIM5
SIM1
SIM2
SIM3
SIM4
1
21
22
SIM5
SIM1
SIM2
SIM3
SIM4
1
21
22
SIM5
SIM1
SIM2
SIM3
SIM4
1
21
22
SIM5
SIM1
SIM2
SIM3
SIM4
1
21
22
SIM5
SIM1
SIM2
SIM3
SIM4
1
21
22
SIM5
SIM1
SIM2
SIM3
SIM4
1
21
22
SIM5
SIM1
SIM2
SIM3
SIM4
1
21
22
SIM5
SIM1
SIM2
SIM3
SIM4
1
21
22
SIM5
SIM1
SIM2
SIM3
SIM4
1
21
22
SIM5
SIM1
SIM2
SIM3
SIM4
1
21
22
SIM5
SIM1
SIM2
SIM3
SIM4
1
21
22
SIM5
SIM1
SIM2
SIM3
SIM4
1
21
22
SIM5
SIM1
SIM2
SIM3
SIM4
1
21
22
SIM5
SIM1
SIM2
SIM3
SIM4
1
21
22
SIM5
SIM1
SIM2
SIM3
SIM4
1
21
22
SIM5
SIM1
SIM2
SIM3
SIM4
1
21
22
SIM5
SIM1
SIM2
SIM3
SIM4
1
21
22
SIM5
SIM1
SIM2
SIM3
SIM4
1
21
22
SIM5
SIM1
SIM2
SIM3
SIM4
1
21
22
SIM5
SIM1
SIM2
DEBUG 1 916
SIM1
SIM2
SIM3
SIM4
1
21
22
SIM5
SIM1
SIM2
SIM3
SIM4
1
21
22
SIM5
SIM1
SIM2
SIM3
SIM4
1
21
22
SIM5
SIM1
SIM2
SIM3
SIM4
1
21
22
SIM5
SIM1
SIM2
SIM3
SIM4
1
21
22
SIM5
SIM1
SIM2
SIM3
SIM4
1
21
22
SIM5
SIM1
SIM2
SIM3
SIM4
1
21
22
SIM5
SIM1
SIM2
SIM3
SIM4
1
21
22
SIM5
SIM1
SIM2
SIM3
SIM4
1
21
22
SIM5
SIM1
SIM2
SIM3
SIM4
1
21
22
SIM5
SIM1
SIM2
SIM3
SIM4
1
21
22
SIM5
SIM1
SIM2
SIM3
SIM4
1
21
22
SIM5
SIM1
SIM2
SIM3
SIM4
1
21
22
SIM5
SIM1
SIM2
SIM3
SIM4
1
21
22
SIM5
SIM1
SIM2
SIM3
SIM4
1
21
22
SIM5
SIM1
SIM2
SIM3
SIM4
1
21
22
SIM5
SIM1
SIM2
SIM3
SIM4
1
21
22
SIM5
SIM1
SIM2
SIM3
SIM4
1
21
22
SIM5
SIM1
SIM2
SIM3
SIM4
1
21
22
SIM5
SIM1
SIM2
SIM3
SIM4
1
21
22
SIM5
SIM1
SIM2
SIM3
SIM4
1
21
22
SIM5
SIM1
SIM2
SIM3
SIM4
1
21
22
SIM5
SIM1
SIM2
SIM3
SIM4
1
21
22
SIM5
SIM1
SIM2
SIM3
SIM4
1
21
22
SIM5
SIM1
SIM2
SIM3
SIM4
1
21
22
SIM5
SIM1
SIM2
SIM3
SIM4
1
21
22
SIM5
SIM1
SIM2
SIM3
SIM4
1
21
22
SIM5
SIM1
SIM2
SIM3
SIM4
1
21
22
SIM5
SIM1
SIM2
SIM3
SIM4
1
21
22
SIM5
SIM1
SIM2
SIM3
SIM4
1
21
22
SIM5
SIM1
SIM2
SIM3
SIM4
1
21
22
SIM5
SIM1
SIM2
SIM3
SIM4
1
21
22
SIM5
SIM1
SIM2
SIM3
SIM4
1
21
22
SIM5
SIM1
SIM2
SIM3
SIM4
1
21
22
SIM5
SIM1
SIM2
SIM3
SIM4
1
21
22
SIM5
SIM1
SIM2
SIM3
SIM4
1
21
22
SIM5
SIM1
SIM2
SIM3
SIM4
1
21
22
SIM5
SIM1
SIM2
SIM3
SIM4
1
21
22
SIM5
SIM1
SIM2
SIM3
SIM4
1
21
22
SIM5
SIM1
SIM2
SIM3
SIM4
1
21
22
SIM5
SIM1
SIM2
SIM3
SIM4
1
21
22
SIM5
SIM1
SIM2
SIM3
SIM4
1
21
22
SIM5
SIM1
SIM2
SIM3
SIM4
1
21
22
SIM5
SIM1
SIM2
SIM3
SIM4
1
21
22
SIM5
SIM1
SIM2
SIM3
SIM4
1
21
22
SIM5
SIM1
SIM2
SIM3
SIM4
1
21
22
SIM5
SIM1
SIM2
SIM3
SIM4
1
21
22
SIM5
SIM1
SIM2
SIM3
SIM4
1
21
22
SIM5
SIM1
SIM2
SIM3
SIM4
1
21
22
SIM5
SIM1
SIM2
SIM3
SIM4
1
21
22
SIM5
SIM1
SIM2
SIM3
SIM4
1
21
22
SIM5
SIM1
SIM2
SIM3
SIM4
1
21
22
SIM5
SIM1
SIM2
SIM3
SIM4
1
21
22
SIM5
SIM1
SIM2
SIM3
SIM4
1
21
22
SIM5
SIM1
SIM2
SIM3
SIM4
1
21
22
SIM5
SIM1
SIM2
SIM3
SIM4
1
21
22
SIM5
SIM1
SIM2
SIM3
SIM4
1
21
22
SIM5
SIM1
SIM2
SIM3
SIM4
1
21
22
SIM5
SIM1
SIM2
SIM3
SIM4
1
21
22
SIM5
SIM1
SIM2
SIM3
SIM4
1
21
22
SIM5
SIM1
SIM2
SIM3
SIM4
1
21
22
SIM5
SIM1
SIM2
SIM3
SIM4
1
21
22
SIM5
SIM1
SIM2
SIM3
SIM4
1
21
22
SIM5
SIM1
SIM2
SIM3
SIM4
1
21
22
SIM5
SIM1
SIM2
SIM3
SIM4
1
21
22
SIM5
SIM1
SIM2
SIM3
SIM4
1
21
22
SIM5
SIM1
SIM2
SIM3
SIM4
1
21
22
SIM5
SIM1
SIM2
SIM3
SIM4
1
21
22
SIM5
SIM1
SIM2
SIM3
SIM4
1
21
22
SIM5
SIM1
SIM2
SIM3
SIM4
1
21
22
SIM5
SIM1
SIM2
SIM3
SIM4
1
21
22
SIM5
SIM1
SIM2
SIM3
SIM4
1
21
22
SIM5
SIM1
SIM2
SIM3
SIM4
1
21
22
SIM5
SIM1
SIM2
SIM3
SIM4
1
21
22
SIM5
SIM1
SIM2
SIM3
SIM4
1
21
22
SIM5
SIM1
SIM2
SIM3
SIM4
1
21
22
SIM5
SIM1
SIM2
SIM3
SIM4
1
21
22
SIM5
SIM1
SIM2
SIM3
SIM4
1
21
22
SIM5
SIM1
SIM2
SIM3
SIM4
1
21
22
SIM5
SIM1
SIM2
SIM3
SIM4
1
21
22
SIM5
SIM1
SIM2
SIM3
SIM4
1
21
22
SIM5
SIM1
SIM2
SIM3
SIM4
1
21
22
SIM5
SIM1
SIM2
SIM3
SIM4
1
21
22
SIM5
SIM1
SIM2
SIM3
SIM4
1
21
22
SIM5
SIM1
SIM2
SIM3
SIM4
1
21
22
SIM5
SIM1
SIM2
SIM3
SIM4
1
21
22
SIM5
SIM1
SIM2
SIM3
SIM4
1
21
22
SIM5
SIM1
SIM2
SIM3
SIM4
1
21
22
SIM5
SIM1
SIM2
SIM3
SIM4
1
21
22
SIM5
SIM1
SIM2
SIM3
SIM4
1
21
22
SIM5
SIM1
SIM2
SIM3
SIM4
1
21
22
SIM5
SIM1
SIM2
SIM3
SIM4
1
21
22
SIM5
SIM1
SIM2
SIM3
SIM4
1
21
22
SIM5
SIM1
SIM2
SIM3
SIM4
1
21
22
SIM5
SIM1
SIM2
SIM3
SIM4
1
21
22
SIM5
SIM1
SIM2
SIM3
SIM4
1
21
22
SIM5
SIM1
SIM2
SIM3
SIM4
1
21
22
SIM5
SIM1
SIM2
SIM3
SIM4
1
21
22
SIM5
SIM1
SIM2
SIM3
SIM4
1
21
22
SIM5
SIM1
SIM2
SIM3
SIM4
1
21
22
SIM5
SIM1
SIM2
SIM3
SIM4
1
21
22
SIM5
SIM1
SIM2
SIM3
SIM4
1
21
22
SIM5
SIM1
SIM2
SIM3
SIM4
1
21
22
SIM5
SIM1
SIM2
SIM3
SIM4
1
21
22
SIM5
SIM1
SIM2
SIM3
SIM4
1
21
22
SIM5
SIM1
SIM2
SIM3
SIM4
1
21
22
SIM5
SIM1
SIM2
SIM3
SIM4
1
21
22
SIM5
SIM1
SIM2
SIM3
SIM4
1
21
22
SIM5
SIM1
SIM2
SIM3
SIM4
1
21
22
SIM5
SIM1
SIM2
SIM3
SIM4
1
21
22
SIM5
SIM1
SIM2
SIM3
SIM4
1
21
22
SIM5
SIM1
SIM2
SIM3
SIM4
1
21
22
SIM5
SIM1
SIM2
SIM3
SIM4
1
21
22
SIM5
SIM1
SIM2
SIM3
SIM4
1
21
22
SIM5
SIM1
SIM2
SIM3
SIM4
1
21
22
SIM5
SIM1
SIM2
SIM3
SIM4
1
21
22
SIM5
SIM1
SIM2
SIM3
SIM4
1
21
22
SIM5
SIM1
SIM2
SIM3
SIM4
1
21
22
SIM5
SIM1
SIM2
SIM3
SIM4
1
21
22
SIM5
SIM1
SIM2
SIM3
SIM4
1
21
22
SIM5
SIM1
SIM2
SIM3
SIM4
1
21
22
SIM5
SIM1
SIM2
SIM3
SIM4
1
21
22
SIM5
SIM1
SIM2
SIM3
SIM4
1
21
22
SIM5
SIM1
SIM2
SIM3
SIM4
1
21
22
SIM5
SIM1
SIM2
SIM3
SIM4
1
21
22
SIM5
SIM1
SIM2
SIM3
SIM4
1
21
22
SIM5
SIM1
SIM2
SIM3
SIM4
1
21
22
SIM5
SIM1
SIM2
SIM3
SIM4
1
21
22
SIM5
SIM1
SIM2
SIM3
SIM4
1
21
22
SIM5
SIM1
SIM2
SIM3
SIM4
1
21
22
SIM5
SIM1
SIM2
SIM3
SIM4
1
21
22
SIM5
SIM1
SIM2
SIM3
SIM4
1
21
22
SIM5
SIM1
SIM2
SIM3
SIM4
1
21
22
SIM5
SIM1
SIM2
SIM3
SIM4
1
21
22
SIM5
SIM1
SIM2
SIM3
SIM4
1
21
22
SIM5
SIM1
SIM2
SIM3
SIM4
1
21
22
SIM5
SIM1
SIM2
SIM3
SIM4
1
21
22
SIM5
SIM1
SIM2
SIM3
SIM4
1
21
22
SIM5
SIM1
SIM2
SIM3
SIM4
1
21
22
SIM5
SIM1
SIM2
SIM3
SIM4
1
21
22
SIM5
SIM1
SIM2
SIM3
SIM4
1
21
22
SIM5
SIM1
SIM2
SIM3
SIM4
1
21
22
SIM5
SIM1
SIM2
SIM3
SIM4
1
21
22
SIM5
SIM1
SIM2
SIM3
SIM4
1
21
22
SIM5
SIM1
SIM2
SIM3
SIM4
1
21
22
SIM5
SIM1
SIM2
SIM3
SIM4
1
21
22
SIM5
SIM1
SIM2
SIM3
SIM4
1
21
22
SIM5
SIM1
SIM2
SIM3
SIM4
1
21
22
SIM5
SIM1
SIM2
SIM3
SIM4
1
21
22
SIM5
SIM1
SIM2
SIM3
SIM4
1
21
22
SIM5
SIM1
SIM2
SIM3
SIM4
1
21
22
SIM5
SIM1
SIM2
SIM3
SIM4
1
21
22
SIM5
SIM1
SIM2
SIM3
SIM4
1
21
22
SIM5
SIM1
SIM2
SIM3
SIM4
1
21
22
SIM5
SIM1
SIM2
SIM3
SIM4
1
21
22
SIM5
SIM1
SIM2
SIM3
SIM4
1
21
22
SIM5
SIM1
SIM2
SIM3
SIM4
1
21
22
SIM5
SIM1
SIM2
SIM3
SIM4
1
21
22
SIM5
SIM1
SIM2
SIM3
SIM4
1
21
22
SIM5
SIM1
SIM2
SIM3
SIM4
1
21
22
SIM5
SIM1
SIM2
SIM3
SIM4
1
21
22
SIM5
SIM1
SIM2
SIM3
SIM4
1
21
22
SIM5
SIM1
SIM2
SIM3
SIM4
1
21
22
SIM5
SIM1
SIM2
SIM3
SIM4
1
21
22
SIM5
SIM1
SIM2
SIM3
SIM4
1
21
22
SIM5
SIM1
SIM2
SIM3
SIM4
1
21
22
SIM5
SIM1
SIM2
SIM3
SIM4
1
21
22
SIM5
SIM1
SIM2
SIM3
SIM4
1
21
22
SIM5
SIM1
SIM2
SIM3
SIM4
1
21
22
SIM5
SIM1
SIM2
SIM3
SIM4
1
21
22
SIM5
SIM1
SIM2
SIM3
SIM4
1
21
22
SIM5
SIM1
SIM2
SIM3
SIM4
1
21
22
SIM5
SIM1
SIM2
SIM3
SIM4
1
21
22
SIM5
SIM1
SIM2
SIM3
SIM4
1
21
22
SIM5
SIM1
SIM2
SIM3
SIM4
1
21
22
SIM5
SIM1
SIM2
SIM3
SIM4
1
21
22
SIM5
SIM1
SIM2
SIM3
SIM4
1
21
22
SIM5
SIM1
SIM2
SIM3
SIM4
1
21
22
SIM5
SIM1
SIM2
SIM3
SIM4
1
21
22
SIM5
SIM1
SIM2
SIM3
SIM4
1
21
22
SIM5
SIM1
SIM2
SIM3
SIM4
1
21
22
SIM5
SIM1
SIM2
SIM3
SIM4
1
21
22
SIM5
SIM1
SIM2
SIM3
SIM4
1
21
22
SIM5
SIM1
SIM2
DEBUG 1 917
SIM1
SIM2
SIM3
SIM4
1
21
22
SIM5
SIM1
SIM2
SIM3
SIM4
1
21
22
SIM5
SIM1
SIM2
SIM3
SIM4
1
21
22
SIM5
SIM1
SIM2
SIM3
SIM4
1
21
22
SIM5
SIM1
SIM2
SIM3
SIM4
1
21
22
SIM5
SIM1
SIM2
SIM3
SIM4
1
21
22
SIM5
SIM1
SIM2
SIM3
SIM4
1
21
22
SIM5
SIM1
SIM2
SIM3
SIM4
1
21
22
SIM5
SIM1
SIM2
SIM3
SIM4
1
21
22
SIM5
SIM1
SIM2
SIM3
SIM4
1
21
22
SIM5
SIM1
SIM2
SIM3
SIM4
1
21
22
SIM5
SIM1
SIM2
SIM3
SIM4
1
21
22
SIM5
SIM1
SIM2
SIM3
SIM4
1
21
22
SIM5
SIM1
SIM2
SIM3
SIM4
1
21
22
SIM5
SIM1
SIM2
SIM3
SIM4
1
21
22
SIM5
SIM1
SIM2
SIM3
SIM4
1
21
22
SIM5
SIM1
SIM2
SIM3
SIM4
1
21
22
SIM5
SIM1
SIM2
SIM3
SIM4
1
21
22
SIM5
SIM1
SIM2
SIM3
SIM4
1
21
22
SIM5
SIM1
SIM2
SIM3
SIM4
1
21
22
SIM5
SIM1
SIM2
SIM3
SIM4
1
21
22
SIM5
SIM1
SIM2
SIM3
SIM4
1
21
22
SIM5
SIM1
SIM2
SIM3
SIM4
1
21
22
SIM5
SIM1
SIM2
SIM3
SIM4
1
21
22
SIM5
SIM1
SIM2
SIM3
SIM4
1
21
22
SIM5
SIM1
SIM2
SIM3
SIM4
1
21
22
SIM5
SIM1
SIM2
SIM3
SIM4
1
21
22
SIM5
SIM1
SIM2
SIM3
SIM4
1
21
22
SIM5
SIM1
SIM2
SIM3
SIM4
1
21
22
SIM5
SIM1
SIM2
SIM3
SIM4
1
21
22
SIM5
SIM1
SIM2
SIM3
SIM4
1
21
22
SIM5
SIM1
SIM2
SIM3
SIM4
1
21
22
SIM5
SIM1
SIM2
SIM3
SIM4
1
21
22
SIM5
SIM1
SIM2
SIM3
SIM4
1
21
22
SIM5
SIM1
SIM2
SIM3
SIM4
1
21
22
SIM5
SIM1
SIM2
SIM3
SIM4
1
21
22
SIM5
SIM1
SIM2
SIM3
SIM4
1
21
22
SIM5
SIM1
SIM2
SIM3
SIM4
1
21
22
SIM5
SIM1
SIM2
SIM3
SIM4
1
21
22
SIM5
SIM1
SIM2
SIM3
SIM4
1
21
22
SIM5
SIM1
SIM2
SIM3
SIM4
1
21
22
SIM5
SIM1
SIM2
SIM3
SIM4
1
21
22
SIM5
SIM1
SIM2
SIM3
SIM4
1
21
22
SIM5
SIM1
SIM2
SIM3
SIM4
1
21
22
SIM5
SIM1
SIM2
SIM3
SIM4
1
21
22
SIM5
SIM1
SIM2
SIM3
SIM4
1
21
22
SIM5
SIM1
SIM2
SIM3
SIM4
1
21
22
SIM5
SIM1
SIM2
SIM3
SIM4
1
21
22
SIM5
SIM1
SIM2
SIM3
SIM4
1
21
22
SIM5
SIM1
SIM2
SIM3
SIM4
1
21
22
SIM5
SIM1
SIM2
SIM3
SIM4
1
21
22
SIM5
SIM1
SIM2
SIM3
SIM4
1
21
22
SIM5
SIM1
SIM2
SIM3
SIM4
1
21
22
SIM5
SIM1
SIM2
SIM3
SIM4
1
21
22
SIM5
SIM1
SIM2
SIM3
SIM4
1
21
22
SIM5
SIM1
SIM2
SIM3
SIM4
1
21
22
SIM5
SIM1
SIM2
SIM3
SIM4
1
21
22
SIM5
SIM1
SIM2
SIM3
SIM4
1
21
22
SIM5
SIM1
SIM2
SIM3
SIM4
1
21
22
SIM5
SIM1
SIM2
SIM3
SIM4
1
21
22
SIM5
SIM1
SIM2
SIM3
SIM4
1
21
22
SIM5
SIM1
SIM2
SIM3
SIM4
1
21
22
SIM5
SIM1
SIM2
SIM3
SIM4
1
21
22
SIM5
SIM1
SIM2
SIM3
SIM4
1
21
22
SIM5
SIM1
SIM2
SIM3
SIM4
1
21
22
SIM5
SIM1
SIM2
SIM3
SIM4
1
21
22
SIM5
SIM1
SIM2
SIM3
SIM4
1
21
22
SIM5
SIM1
SIM2
SIM3
SIM4
1
21
22
SIM5
SIM1
SIM2
SIM3
SIM4
1
21
22
SIM5
SIM1
SIM2
SIM3
SIM4
1
21
22
SIM5
SIM1
SIM2
SIM3
SIM4
1
21
22
SIM5
SIM1
SIM2
SIM3
SIM4
1
21
22
SIM5
SIM1
SIM2
SIM3
SIM4
1
21
22
SIM5
SIM1
SIM2
SIM3
SIM4
1
21
22
SIM5
SIM1
SIM2
SIM3
SIM4
1
21
22
SIM5
SIM1
SIM2
SIM3
SIM4
1
21
22
SIM5
SIM1
SIM2
SIM3
SIM4
1
21
22
SIM5
SIM1
SIM2
SIM3
SIM4
1
21
22
SIM5
SIM1
SIM2
SIM3
SIM4
1
21
22
SIM5
SIM1
SIM2
SIM3
SIM4
1
21
22
SIM5
SIM1
SIM2
SIM3
SIM4
1
21
22
SIM5
SIM1
SIM2
SIM3
SIM4
1
21
22
SIM5
SIM1
SIM2
SIM3
SIM4
1
21
22
SIM5
SIM1
SIM2
SIM3
SIM4
1
21
22
SIM5
SIM1
SIM2
SIM3
SIM4
1
21
22
SIM5
SIM1
SIM2
SIM3
SIM4
1
21
22
SIM5
SIM1
SIM2
SIM3
SIM4
1
21
22
SIM5
SIM1
SIM2
SIM3
SIM4
1
21
22
SIM5
SIM1
SIM2
SIM3
SIM4
1
21
22
SIM5
SIM1
SIM2
SIM3
SIM4
1
21
22
SIM5
SIM1
SIM2
SIM3
SIM4
1
21
22
SIM5
SIM1
SIM2
SIM3
SIM4
1
21
22
SIM5
SIM1
SIM2
SIM3
SIM4
1
21
22
SIM5
SIM1
SIM2
SIM3
SIM4
1
21
22
SIM5
SIM1
SIM2
SIM3
SIM4
1
21
22
SIM5
SIM1
SIM2
SIM3
SIM4
1
21
22
SIM5
SIM1
SIM2
SIM3
SIM4
1
21
22
SIM5
SIM1
SIM2
SIM3
SIM4
1
21
22
SIM5
SIM1
SIM2
SIM3
SIM4
1
21
22
SIM5
SIM1
SIM2
SIM3
SIM4
1
21
22
SIM5
SIM1
SIM2
SIM3
SIM4
1
21
22
SIM5
SIM1
SIM2
SIM3
SIM4
1
21
22
SIM5
SIM1
SIM2
SIM3
SIM4
1
21
22
SIM5
SIM1
SIM2
SIM3
SIM4
1
21
22
SIM5
SIM1
SIM2
SIM3
SIM4
1
21
22
SIM5
SIM1
SIM2
SIM3
SIM4
1
21
22
SIM5
SIM1
SIM2
SIM3
SIM4
1
21
22
SIM5
SIM1
SIM2
SIM3
SIM4
1
21
22
SIM5
SIM1
SIM2
SIM3
SIM4
1
21
22
SIM5
SIM1
SIM2
SIM3
SIM4
1
21
22
SIM5
SIM1
SIM2
SIM3
SIM4
1
21
22
SIM5
SIM1
SIM2
SIM3
SIM4
1
21
22
SIM5
SIM1
SIM2
SIM3
SIM4
1
21
22
SIM5
SIM1
SIM2
SIM3
SIM4
1
21
22
SIM5
SIM1
SIM2
SIM3
SIM4
1
21
22
SIM5
SIM1
SIM2
SIM3
SIM4
1
21
22
SIM5
SIM1
SIM2
SIM3
SIM4
1
21
22
SIM5
SIM1
SIM2
SIM3
SIM4
1
21
22
SIM5
SIM1
SIM2
SIM3
SIM4
1
21
22
SIM5
SIM1
SIM2
SIM3
SIM4
1
21
22
SIM5
SIM1
SIM2
SIM3
SIM4
1
21
22
SIM5
SIM1
SIM2
SIM3
SIM4
1
21
22
SIM5
SIM1
SIM2
SIM3
SIM4
1
21
22
SIM5
SIM1
SIM2
SIM3
SIM4
1
21
22
SIM5
SIM1
SIM2
SIM3
SIM4
1
21
22
SIM5
SIM1
SIM2
SIM3
SIM4
1
21
22
SIM5
SIM1
SIM2
SIM3
SIM4
1
21
22
SIM5
SIM1
SIM2
SIM3
SIM4
1
21
22
SIM5
SIM1
SIM2
SIM3
SIM4
1
21
22
SIM5
SIM1
SIM2
SIM3
SIM4
1
21
22
SIM5
SIM1
SIM2
SIM3
SIM4
1
21
22
SIM5
SIM1
SIM2
SIM3
SIM4
1
21
22
SIM5
SIM1
SIM2
SIM3
SIM4
1
21
22
SIM5
SIM1
SIM2
SIM3
SIM4
1
21
22
SIM5
SIM1
SIM2
SIM3
SIM4
1
21
22
SIM5
SIM1
SIM2
SIM3
SIM4
1
21
22
SIM5
SIM1
SIM2
SIM3
SIM4
1
21
22
SIM5
SIM1
SIM2
SIM3
SIM4
1
21
22
SIM5
SIM1
SIM2
SIM3
SIM4
1
21
22
SIM5
SIM1
SIM2
SIM3
SIM4
1
21
22
SIM5
SIM1
SIM2
SIM3
SIM4
1
21
22
SIM5
SIM1
SIM2
SIM3
SIM4
1
21
22
SIM5
SIM1
SIM2
SIM3
SIM4
1
21
22
SIM5
SIM1
SIM2
SIM3
SIM4
1
21
22
SIM5
SIM1
SIM2
SIM3
SIM4
1
21
22
SIM5
SIM1
SIM2
SIM3
SIM4
1
21
22
SIM5
SIM1
SIM2
SIM3
SIM4
1
21
22
SIM5
SIM1
SIM2
SIM3
SIM4
1
21
22
SIM5
SIM1
SIM2
SIM3
SIM4
1
21
22
SIM5
SIM1
SIM2
SIM3
SIM4
1
21
22
SIM5
SIM1
SIM2
SIM3
SIM4
1
21
22
SIM5
SIM1
SIM2
SIM3
SIM4
1
21
22
SIM5
SIM1
SIM2
SIM3
SIM4
1
21
22
SIM5
SIM1
SIM2
SIM3
SIM4
1
21
22
SIM5
SIM1
SIM2
SIM3
SIM4
1
21
22
SIM5
SIM1
SIM2
SIM3
SIM4
1
21
22
SIM5
SIM1
SIM2
SIM3
SIM4
1
21
22
SIM5
SIM1
SIM2
SIM3
SIM4
1
21
22
SIM5
SIM1
SIM2
SIM3
SIM4
1
21
22
SIM5
SIM1
SIM2
SIM3
SIM4
1
21
22
SIM5
SIM1
SIM2
SIM3
SIM4
1
21
22
SIM5
SIM1
SIM2
SIM3
SIM4
1
21
22
SIM5
SIM1
SIM2
SIM3
SIM4
1
21
22
SIM5
SIM1
SIM2
SIM3
SIM4
1
21
22
SIM5
SIM1
SIM2
SIM3
SIM4
1
21
22
SIM5
SIM1
SIM2
SIM3
SIM4
1
21
22
SIM5
SIM1
SIM2
SIM3
SIM4
1
21
22
SIM5
SIM1
SIM2
SIM3
SIM4
1
21
22
SIM5
SIM1
SIM2
SIM3
SIM4
1
21
22
SIM5
SIM1
SIM2
SIM3
SIM4
1
21
22
SIM5
SIM1
SIM2
SIM3
SIM4
1
21
22
SIM5
SIM1
SIM2
SIM3
SIM4
1
21
22
SIM5
SIM1
SIM2
SIM3
SIM4
1
21
22
SIM5
SIM1
SIM2
SIM3
SIM4
1
21
22
SIM5
SIM1
SIM2
SIM3
SIM4
1
21
22
SIM5
SIM1
SIM2
SIM3
SIM4
1
21
22
SIM5
SIM1
SIM2
SIM3
SIM4
1
21
22
SIM5
SIM1
SIM2
SIM3
SIM4
1
21
22
SIM5
SIM1
SIM2
SIM3
SIM4
1
21
22
SIM5
SIM1
SIM2
SIM3
SIM4
1
21
22
SIM5
SIM1
SIM2
SIM3
SIM4
1
21
22
SIM5
SIM1
SIM2
SIM3
SIM4
1
21
22
SIM5
SIM1
SIM2
SIM3
SIM4
1
21
22
SIM5
SIM1
SIM2
SIM3
SIM4
1
21
22
SIM5
SIM1
SIM2
SIM3
SIM4
1
21
22
SIM5
SIM1
SIM2
SIM3
SIM4
1
21
22
SIM5
SIM1
SIM2
SIM3
SIM4
1
21
22
SIM5
SIM1
SIM2
SIM3
SIM4
1
21
22
SIM5
SIM1
SIM2
SIM3
SIM4
1
21
22
SIM5
SIM1
SIM2
SIM3
SIM4
1
21
22
SIM5
SIM1
SIM2
SIM3
SIM4
1
21
22
SIM5
SIM1
SIM2
SIM3
SIM4
1
21
22
SIM5
SIM1
SIM2
SIM3
SIM4
1
21
22
SIM5
SIM1
SIM2
SIM3
SIM4
1
21
22
SIM5
SIM1
SIM2
SIM3
SIM4
1
21
22
SIM5
SIM1
SIM2
SIM3
SIM4
1
21
22
SIM5
SIM1
SIM2
SIM3
SIM4
1
21
22
SIM5
SIM1
SIM2
SIM3
SIM4
1
21
22
SIM5
SIM1
SIM2
SIM3
SIM4
1
21
22
SIM5
SIM1
SIM2
SIM3
SIM4
1
21
22
SIM5
SIM1
SIM2
SIM3
SIM4
1
21
22
SIM5
SIM1
SIM2
SIM3
SIM4
1
21
22
SIM5
SIM1
SIM2
SIM3
SIM4
1
21
22
SIM5
SIM1
SIM2
SIM3
SIM4
1
21
22
SIM5
SIM1
SIM2
SIM3
SIM4
1
21
22
SIM5
SIM1
SIM2
SIM3
SIM4
1
21
22
SIM5
SIM1
SIM2
SIM3
SIM4
1
21
22
SIM5
SIM1
SIM2
SIM3
SIM4
1
21
22
SIM5
SIM1
SIM2
SIM3
SIM4
1
21
22
SIM5
SIM1
SIM2
SIM3
SIM4
1
21
22
SIM5
SIM1
SIM2
SIM3
SIM4
1
21
22
SIM5
SIM1
SIM2
SIM3
SIM4
1
21
22
SIM5
SIM1
SIM2
SIM3
SIM4
1
21
22
SIM5
SIM1
SIM2
SIM3
SIM4
1
21
22
SIM5
SIM1
SIM2
SIM3
SIM4
1
21
22
SIM5
SIM1
SIM2
SIM3
SIM4
1
21
22
SIM5
SIM1
SIM2
SIM3
SIM4
1
21
22
SIM5
SIM1
SIM2
SIM3
SIM4
1
21
22
SIM5
SIM1
SIM2
SIM3
SIM4
1
21
22
SIM5
SIM1
SIM2
SIM3
SIM4
1
21
22
SIM5
SIM1
SIM2
SIM3
SIM4
1
21
22
SIM5
SIM1
SIM2
SIM3
SIM4
1
21
22
SIM5
SIM1
SIM2
SIM3
SIM4
1
21
22
SIM5
SIM1
SIM2
SIM3
SIM4
1
21
22
SIM5
SIM1
SIM2
SIM3
SIM4
1
21
22
SIM5
SIM1
SIM2
SIM3
SIM4
1
21
22
SIM5
SIM1
SIM2
SIM3
SIM4
1
21
22
SIM5
SIM1
SIM2
SIM3
SIM4
1
21
22
SIM5
SIM1
SIM2
SIM3
SIM4
1
21
22
SIM5
SIM1
SIM2
SIM3
SIM4
1
21
22
SIM5
SIM1
SIM2
SIM3
SIM4
1
21
22
SIM5
SIM1
SIM2
DEBUG 1 918
SIM1
SIM2
SIM3
SIM4
1
21
22
SIM5
SIM1
SIM2
SIM3
SIM4
1
21
22
SIM5
SIM1
SIM2
SIM3
SIM4
1
21
22
SIM5
SIM1
SIM2
SIM3
SIM4
1
21
22
SIM5
SIM1
SIM2
SIM3
SIM4
1
21
22
SIM5
SIM1
SIM2
SIM3
SIM4
1
21
22
SIM5
SIM1
SIM2
SIM3
SIM4
1
21
22
SIM5
SIM1
SIM2
SIM3
SIM4
1
21
22
SIM5
SIM1
SIM2
SIM3
SIM4
1
21
22
SIM5
SIM1
SIM2
SIM3
SIM4
1
21
22
SIM5
SIM1
SIM2
SIM3
SIM4
1
21
22
SIM5
SIM1
SIM2
SIM3
SIM4
1
21
22
SIM5
SIM1
SIM2
SIM3
SIM4
1
21
22
SIM5
SIM1
SIM2
SIM3
SIM4
1
21
22
SIM5
SIM1
SIM2
SIM3
SIM4
1
21
22
SIM5
SIM1
SIM2
SIM3
SIM4
1
21
22
SIM5
SIM1
SIM2
SIM3
SIM4
1
21
22
SIM5
SIM1
SIM2
SIM3
SIM4
1
21
22
SIM5
SIM1
SIM2
SIM3
SIM4
1
21
22
SIM5
SIM1
SIM2
SIM3
SIM4
1
21
22
SIM5
SIM1
SIM2
SIM3
SIM4
1
21
22
SIM5
SIM1
SIM2
SIM3
SIM4
1
21
22
SIM5
SIM1
SIM2
SIM3
SIM4
1
21
22
SIM5
SIM1
SIM2
SIM3
SIM4
1
21
22
SIM5
SIM1
SIM2
SIM3
SIM4
1
21
22
SIM5
SIM1
SIM2
SIM3
SIM4
1
21
22
SIM5
SIM1
SIM2
SIM3
SIM4
1
21
22
SIM5
SIM1
SIM2
SIM3
SIM4
1
21
22
SIM5
SIM1
SIM2
SIM3
SIM4
1
21
22
SIM5
SIM1
SIM2
SIM3
SIM4
1
21
22
SIM5
SIM1
SIM2
SIM3
SIM4
1
21
22
SIM5
SIM1
SIM2
SIM3
SIM4
1
21
22
SIM5
SIM1
SIM2
SIM3
SIM4
1
21
22
SIM5
SIM1
SIM2
SIM3
SIM4
1
21
22
SIM5
SIM1
SIM2
SIM3
SIM4
1
21
22
SIM5
SIM1
SIM2
SIM3
SIM4
1
21
22
SIM5
SIM1
SIM2
SIM3
SIM4
1
21
22
SIM5
SIM1
SIM2
SIM3
SIM4
1
21
22
SIM5
SIM1
SIM2
SIM3
SIM4
1
21
22
SIM5
SIM1
SIM2
SIM3
SIM4
1
21
22
SIM5
SIM1
SIM2
SIM3
SIM4
1
21
22
SIM5
SIM1
SIM2
SIM3
SIM4
1
21
22
SIM5
SIM1
SIM2
SIM3
SIM4
1
21
22
SIM5
SIM1
SIM2
SIM3
SIM4
1
21
22
SIM5
SIM1
SIM2
SIM3
SIM4
1
21
22
SIM5
SIM1
SIM2
SIM3
SIM4
1
21
22
SIM5
SIM1
SIM2
SIM3
SIM4
1
21
22
SIM5
SIM1
SIM2
SIM3
SIM4
1
21
22
SIM5
SIM1
SIM2
SIM3
SIM4
1
21
22
SIM5
SIM1
SIM2
SIM3
SIM4
1
21
22
SIM5
SIM1
SIM2
SIM3
SIM4
1
21
22
SIM5
SIM1
SIM2
SIM3
SIM4
1
21
22
SIM5
SIM1
SIM2
SIM3
SIM4
1
21
22
SIM5
SIM1
SIM2
SIM3
SIM4
1
21
22
SIM5
SIM1
SIM2
SIM3
SIM4
1
21
22
SIM5
SIM1
SIM2
SIM3
SIM4
1
21
22
SIM5
SIM1
SIM2
SIM3
SIM4
1
21
22
SIM5
SIM1
SIM2
SIM3
SIM4
1
21
22
SIM5
SIM1
SIM2
SIM3
SIM4
1
21
22
SIM5
SIM1
SIM2
SIM3
SIM4
1
21
22
SIM5
SIM1
SIM2
SIM3
SIM4
1
21
22
SIM5
SIM1
SIM2
SIM3
SIM4
1
21
22
SIM5
SIM1
SIM2
SIM3
SIM4
1
21
22
SIM5
SIM1
SIM2
SIM3
SIM4
1
21
22
SIM5
SIM1
SIM2
SIM3
SIM4
1
21
22
SIM5
SIM1
SIM2
SIM3
SIM4
1
21
22
SIM5
SIM1
SIM2
SIM3
SIM4
1
21
22
SIM5
SIM1
SIM2
SIM3
SIM4
1
21
22
SIM5
SIM1
SIM2
SIM3
SIM4
1
21
22
SIM5
SIM1
SIM2
SIM3
SIM4
1
21
22
SIM5
SIM1
SIM2
SIM3
SIM4
1
21
22
SIM5
SIM1
SIM2
SIM3
SIM4
1
21
22
SIM5
SIM1
SIM2
SIM3
SIM4
1
21
22
SIM5
SIM1
SIM2
SIM3
SIM4
1
21
22
SIM5
SIM1
SIM2
SIM3
SIM4
1
21
22
SIM5
SIM1
SIM2
SIM3
SIM4
1
21
22
SIM5
SIM1
SIM2
SIM3
SIM4
1
21
22
SIM5
SIM1
SIM2
SIM3
SIM4
1
21
22
SIM5
SIM1
SIM2
SIM3
SIM4
1
21
22
SIM5
SIM1
SIM2
SIM3
SIM4
1
21
22
SIM5
SIM1
SIM2
SIM3
SIM4
1
21
22
SIM5
SIM1
SIM2
SIM3
SIM4
1
21
22
SIM5
SIM1
SIM2
SIM3
SIM4
1
21
22
SIM5
SIM1
SIM2
SIM3
SIM4
1
21
22
SIM5
SIM1
SIM2
SIM3
SIM4
1
21
22
SIM5
SIM1
SIM2
SIM3
SIM4
1
21
22
SIM5
SIM1
SIM2
SIM3
SIM4
1
21
22
SIM5
SIM1
SIM2
SIM3
SIM4
1
21
22
SIM5
SIM1
SIM2
SIM3
SIM4
1
21
22
SIM5
SIM1
SIM2
SIM3
SIM4
1
21
22
SIM5
SIM1
SIM2
SIM3
SIM4
1
21
22
SIM5
SIM1
SIM2
SIM3
SIM4
1
21
22
SIM5
SIM1
SIM2
SIM3
SIM4
1
21
22
SIM5
SIM1
SIM2
SIM3
SIM4
1
21
22
SIM5
SIM1
SIM2
SIM3
SIM4
1
21
22
SIM5
SIM1
SIM2
SIM3
SIM4
1
21
22
SIM5
SIM1
SIM2
SIM3
SIM4
1
21
22
SIM5
SIM1
SIM2
SIM3
SIM4
1
21
22
SIM5
SIM1
SIM2
SIM3
SIM4
1
21
22
SIM5
SIM1
SIM2
SIM3
SIM4
1
21
22
SIM5
SIM1
SIM2
SIM3
SIM4
1
21
22
SIM5
SIM1
SIM2
SIM3
SIM4
1
21
22
SIM5
SIM1
SIM2
SIM3
SIM4
1
21
22
SIM5
SIM1
SIM2
SIM3
SIM4
1
21
22
SIM5
SIM1
SIM2
SIM3
SIM4
1
21
22
SIM5
SIM1
SIM2
SIM3
SIM4
1
21
22
SIM5
SIM1
SIM2
SIM3
SIM4
1
21
22
SIM5
SIM1
SIM2
SIM3
SIM4
1
21
22
SIM5
SIM1
SIM2
SIM3
SIM4
1
21
22
SIM5
SIM1
SIM2
SIM3
SIM4
1
21
22
SIM5
SIM1
SIM2
SIM3
SIM4
1
21
22
SIM5
SIM1
SIM2
SIM3
SIM4
1
21
22
SIM5
SIM1
SIM2
SIM3
SIM4
1
21
22
SIM5
SIM1
SIM2
SIM3
SIM4
1
21
22
SIM5
SIM1
SIM2
SIM3
SIM4
1
21
22
SIM5
SIM1
SIM2
SIM3
SIM4
1
21
22
SIM5
SIM1
SIM2
SIM3
SIM4
1
21
22
SIM5
SIM1
SIM2
SIM3
SIM4
1
21
22
SIM5
SIM1
SIM2
SIM3
SIM4
1
21
22
SIM5
SIM1
SIM2
SIM3
SIM4
1
21
22
SIM5
SIM1
SIM2
SIM3
SIM4
1
21
22
SIM5
SIM1
SIM2
SIM3
SIM4
1
21
22
SIM5
SIM1
SIM2
SIM3
SIM4
1
21
22
SIM5
SIM1
SIM2
SIM3
SIM4
1
21
22
SIM5
SIM1
SIM2
SIM3
SIM4
1
21
22
SIM5
SIM1
SIM2
SIM3
SIM4
1
21
22
SIM5
SIM1
SIM2
SIM3
SIM4
1
21
22
SIM5
SIM1
SIM2
SIM3
SIM4
1
21
22
SIM5
SIM1
SIM2
SIM3
SIM4
1
21
22
SIM5
SIM1
SIM2
SIM3
SIM4
1
21
22
SIM5
SIM1
SIM2
SIM3
SIM4
1
21
22
SIM5
SIM1
SIM2
SIM3
SIM4
1
21
22
SIM5
SIM1
SIM2
SIM3
SIM4
1
21
22
SIM5
SIM1
SIM2
SIM3
SIM4
1
21
22
SIM5
SIM1
SIM2
SIM3
SIM4
1
21
22
SIM5
SIM1
SIM2
SIM3
SIM4
1
21
22
SIM5
SIM1
SIM2
SIM3
SIM4
1
21
22
SIM5
SIM1
SIM2
SIM3
SIM4
1
21
22
SIM5
SIM1
SIM2
SIM3
SIM4
1
21
22
SIM5
SIM1
SIM2
SIM3
SIM4
1
21
22
SIM5
SIM1
SIM2
SIM3
SIM4
1
21
22
SIM5
SIM1
SIM2
SIM3
SIM4
1
21
22
SIM5
SIM1
SIM2
SIM3
SIM4
1
21
22
SIM5
SIM1
SIM2
SIM3
SIM4
1
21
22
SIM5
SIM1
SIM2
SIM3
SIM4
1
21
22
SIM5
SIM1
SIM2
SIM3
SIM4
1
21
22
SIM5
SIM1
SIM2
SIM3
SIM4
1
21
22
SIM5
SIM1
SIM2
SIM3
SIM4
1
21
22
SIM5
SIM1
SIM2
SIM3
SIM4
1
21
22
SIM5
SIM1
SIM2
SIM3
SIM4
1
21
22
SIM5
SIM1
SIM2
SIM3
SIM4
1
21
22
SIM5
SIM1
SIM2
SIM3
SIM4
1
21
22
SIM5
SIM1
SIM2
SIM3
SIM4
1
21
22
SIM5
SIM1
SIM2
SIM3
SIM4
1
21
22
SIM5
SIM1
SIM2
SIM3
SIM4
1
21
22
SIM5
SIM1
SIM2
SIM3
SIM4
1
21
22
SIM5
SIM1
SIM2
SIM3
SIM4
1
21
22
SIM5
SIM1
SIM2
SIM3
SIM4
1
21
22
SIM5
SIM1
SIM2
SIM3
SIM4
1
21
22
SIM5
SIM1
SIM2
SIM3
SIM4
1
21
22
SIM5
SIM1
SIM2
SIM3
SIM4
1
21
22
SIM5
SIM1
SIM2
SIM3
SIM4
1
21
22
SIM5
SIM1
SIM2
SIM3
SIM4
1
21
22
SIM5
SIM1
SIM2
SIM3
SIM4
1
21
22
SIM5
SIM1
SIM2
SIM3
SIM4
1
21
22
SIM5
SIM1
SIM2
SIM3
SIM4
1
21
22
SIM5
SIM1
SIM2
SIM3
SIM4
1
21
22
SIM5
SIM1
SIM2
SIM3
SIM4
1
21
22
SIM5
SIM1
SIM2
SIM3
SIM4
1
21
22
SIM5
SIM1
SIM2
SIM3
SIM4
1
21
22
SIM5
SIM1
SIM2
SIM3
SIM4
1
21
22
SIM5
SIM1
SIM2
SIM3
SIM4
1
21
22
SIM5
SIM1
SIM2
SIM3
SIM4
1
21
22
SIM5
SIM1
SIM2
SIM3
SIM4
1
21
22
SIM5
SIM1
SIM2
SIM3
SIM4
1
21
22
SIM5
SIM1
SIM2
SIM3
SIM4
1
21
22
SIM5
SIM1
SIM2
SIM3
SIM4
1
21
22
SIM5
SIM1
SIM2
SIM3
SIM4
1
21
22
SIM5
SIM1
SIM2
SIM3
SIM4
1
21
22
SIM5
SIM1
SIM2
SIM3
SIM4
1
21
22
SIM5
SIM1
SIM2
SIM3
SIM4
1
21
22
SIM5
SIM1
SIM2
SIM3
SIM4
1
21
22
SIM5
SIM1
SIM2
SIM3
SIM4
1
21
22
SIM5
SIM1
SIM2
SIM3
SIM4
1
21
22
SIM5
SIM1
SIM2
SIM3
SIM4
1
21
22
SIM5
SIM1
SIM2
SIM3
SIM4
1
21
22
SIM5
SIM1
SIM2
SIM3
SIM4
1
21
22
SIM5
SIM1
SIM2
SIM3
SIM4
1
21
22
SIM5
SIM1
SIM2
SIM3
SIM4
1
21
22
SIM5
SIM1
SIM2
SIM3
SIM4
1
21
22
SIM5
SIM1
SIM2
SIM3
SIM4
1
21
22
SIM5
SIM1
SIM2
SIM3
SIM4
1
21
22
SIM5
SIM1
SIM2
SIM3
SIM4
1
21
22
SIM5
SIM1
SIM2
SIM3
SIM4
1
21
22
SIM5
SIM1
SIM2
SIM3
SIM4
1
21
22
SIM5
SIM1
SIM2
SIM3
SIM4
1
21
22
SIM5
SIM1
SIM2
SIM3
SIM4
1
21
22
SIM5
SIM1
SIM2
SIM3
SIM4
1
21
22
SIM5
SIM1
SIM2
SIM3
SIM4
1
21
22
SIM5
SIM1
SIM2
SIM3
SIM4
1
21
22
SIM5
SIM1
SIM2
SIM3
SIM4
1
21
22
SIM5
SIM1
SIM2
SIM3
SIM4
1
21
22
SIM5
SIM1
SIM2
SIM3
SIM4
1
21
22
SIM5
SIM1
SIM2
SIM3
SIM4
1
21
22
SIM5
SIM1
SIM2
SIM3
SIM4
1
21
22
SIM5
SIM1
SIM2
SIM3
SIM4
1
21
22
SIM5
SIM1
SIM2
SIM3
SIM4
1
21
22
SIM5
SIM1
SIM2
SIM3
SIM4
1
21
22
SIM5
SIM1
SIM2
SIM3
SIM4
1
21
22
SIM5
SIM1
SIM2
SIM3
SIM4
1
21
22
SIM5
SIM1
SIM2
SIM3
SIM4
1
21
22
SIM5
SIM1
SIM2
SIM3
SIM4
1
21
22
SIM5
SIM1
SIM2
SIM3
SIM4
1
21
22
SIM5
SIM1
SIM2
SIM3
SIM4
1
21
22
SIM5
SIM1
SIM2
SIM3
SIM4
1
21
22
SIM5
SIM1
SIM2
SIM3
SIM4
1
21
22
SIM5
SIM1
SIM2
SIM3
SIM4
1
21
22
SIM5
SIM1
SIM2
SIM3
SIM4
1
21
22
SIM5
SIM1
SIM2
SIM3
SIM4
1
21
22
SIM5
SIM1
SIM2
SIM3
SIM4
1
21
22
SIM5
SIM1
SIM2
SIM3
SIM4
1
21
22
SIM5
SIM1
SIM2
SIM3
SIM4
1
21
22
SIM5
SIM1
SIM2
SIM3
SIM4
1
21
22
SIM5
SIM1
SIM2
SIM3
SIM4
1
21
22
SIM5
SIM1
SIM2
SIM3
SIM4
1
21
22
SIM5
SIM1
SIM2
SIM3
SIM4
1
21
22
SIM5
SIM1
SIM2
SIM3
SIM4
1
21
22
SIM5
SIM1
SIM2
SIM3
SIM4
1
21
22
SIM5
SIM1
SIM2
SIM3
SIM4
1
21
22
SIM5
SIM1
SIM2
SIM3
SIM4
1
21
22
SIM5
SIM1
SIM2
SIM3
SIM4
1
21
22
SIM5
SIM1
SIM2
SIM3
SIM4
1
21
22
SIM5
SIM1
SIM2
SIM3
SIM4
1
21
22
SIM5
SIM1
SIM2
SIM3
SIM4
1
21
22
SIM5
SIM1
SIM2
SIM3
SIM4
1
21
22
SIM5
SIM1
SIM2
SIM3
SIM4
1
21
22
SIM5
SIM1
SIM2
DEBUG 1 919
SIM1
SIM2
SIM3
SIM4
1
21
22
SIM5
SIM1
SIM2
SIM3
SIM4
1
21
22
SIM5
SIM1
SIM2
SIM3
SIM4
1
21
22
SIM5
SIM1
SIM2
SIM3
SIM4
1
21
22
SIM5
SIM1
SIM2
SIM3
SIM4
1
21
22
SIM5
SIM1
SIM2
SIM3
SIM4
1
21
22
SIM5
SIM1
SIM2
SIM3
SIM4
1
21
22
SIM5
SIM1
SIM2
SIM3
SIM4
1
21
22
SIM5
SIM1
SIM2
SIM3
SIM4
1
21
22
SIM5
SIM1
SIM2
SIM3
SIM4
1
21
22
SIM5
SIM1
SIM2
SIM3
SIM4
1
21
22
SIM5
SIM1
SIM2
SIM3
SIM4
1
21
22
SIM5
SIM1
SIM2
SIM3
SIM4
1
21
22
SIM5
SIM1
SIM2
SIM3
SIM4
1
21
22
SIM5
SIM1
SIM2
SIM3
SIM4
1
21
22
SIM5
SIM1
SIM2
SIM3
SIM4
1
21
22
SIM5
SIM1
SIM2
SIM3
SIM4
1
21
22
SIM5
SIM1
SIM2
SIM3
SIM4
1
21
22
SIM5
SIM1
SIM2
SIM3
SIM4
1
21
22
SIM5
SIM1
SIM2
SIM3
SIM4
1
21
22
SIM5
SIM1
SIM2
SIM3
SIM4
1
21
22
SIM5
SIM1
SIM2
SIM3
SIM4
1
21
22
SIM5
SIM1
SIM2
SIM3
SIM4
1
21
22
SIM5
SIM1
SIM2
SIM3
SIM4
1
21
22
SIM5
SIM1
SIM2
SIM3
SIM4
1
21
22
SIM5
SIM1
SIM2
SIM3
SIM4
1
21
22
SIM5
SIM1
SIM2
SIM3
SIM4
1
21
22
SIM5
SIM1
SIM2
SIM3
SIM4
1
21
22
SIM5
SIM1
SIM2
SIM3
SIM4
1
21
22
SIM5
SIM1
SIM2
SIM3
SIM4
1
21
22
SIM5
SIM1
SIM2
SIM3
SIM4
1
21
22
SIM5
SIM1
SIM2
SIM3
SIM4
1
21
22
SIM5
SIM1
SIM2
SIM3
SIM4
1
21
22
SIM5
SIM1
SIM2
SIM3
SIM4
1
21
22
SIM5
SIM1
SIM2
SIM3
SIM4
1
21
22
SIM5
SIM1
SIM2
SIM3
SIM4
1
21
22
SIM5
SIM1
SIM2
SIM3
SIM4
1
21
22
SIM5
SIM1
SIM2
SIM3
SIM4
1
21
22
SIM5
SIM1
SIM2
SIM3
SIM4
1
21
22
SIM5
SIM1
SIM2
SIM3
SIM4
1
21
22
SIM5
SIM1
SIM2
SIM3
SIM4
1
21
22
SIM5
SIM1
SIM2
SIM3
SIM4
1
21
22
SIM5
SIM1
SIM2
SIM3
SIM4
1
21
22
SIM5
SIM1
SIM2
SIM3
SIM4
1
21
22
SIM5
SIM1
SIM2
SIM3
SIM4
1
21
22
SIM5
SIM1
SIM2
SIM3
SIM4
1
21
22
SIM5
SIM1
SIM2
SIM3
SIM4
1
21
22
SIM5
SIM1
SIM2
SIM3
SIM4
1
21
22
SIM5
SIM1
SIM2
SIM3
SIM4
1
21
22
SIM5
SIM1
SIM2
SIM3
SIM4
1
21
22
SIM5
SIM1
SIM2
SIM3
SIM4
1
21
22
SIM5
SIM1
SIM2
SIM3
SIM4
1
21
22
SIM5
SIM1
SIM2
SIM3
SIM4
1
21
22
SIM5
SIM1
SIM2
SIM3
SIM4
1
21
22
SIM5
SIM1
SIM2
SIM3
SIM4
1
21
22
SIM5
SIM1
SIM2
SIM3
SIM4
1
21
22
SIM5
SIM1
SIM2
SIM3
SIM4
1
21
22
SIM5
SIM1
SIM2
SIM3
SIM4
1
21
22
SIM5
SIM1
SIM2
SIM3
SIM4
1
21
22
SIM5
SIM1
SIM2
SIM3
SIM4
1
21
22
SIM5
SIM1
SIM2
SIM3
SIM4
1
21
22
SIM5
SIM1
SIM2
SIM3
SIM4
1
21
22
SIM5
SIM1
SIM2
SIM3
SIM4
1
21
22
SIM5
SIM1
SIM2
SIM3
SIM4
1
21
22
SIM5
SIM1
SIM2
SIM3
SIM4
1
21
22
SIM5
SIM1
SIM2
SIM3
SIM4
1
21
22
SIM5
SIM1
SIM2
SIM3
SIM4
1
21
22
SIM5
SIM1
SIM2
SIM3
SIM4
1
21
22
SIM5
SIM1
SIM2
SIM3
SIM4
1
21
22
SIM5
SIM1
SIM2
SIM3
SIM4
1
21
22
SIM5
SIM1
SIM2
SIM3
SIM4
1
21
22
SIM5
SIM1
SIM2
SIM3
SIM4
1
21
22
SIM5
SIM1
SIM2
SIM3
SIM4
1
21
22
SIM5
SIM1
SIM2
SIM3
SIM4
1
21
22
SIM5
SIM1
SIM2
SIM3
SIM4
1
21
22
SIM5
SIM1
SIM2
SIM3
SIM4
1
21
22
SIM5
SIM1
SIM2
SIM3
SIM4
1
21
22
SIM5
SIM1
SIM2
SIM3
SIM4
1
21
22
SIM5
SIM1
SIM2
SIM3
SIM4
1
21
22
SIM5
SIM1
SIM2
SIM3
SIM4
1
21
22
SIM5
SIM1
SIM2
SIM3
SIM4
1
21
22
SIM5
SIM1
SIM2
SIM3
SIM4
1
21
22
SIM5
SIM1
SIM2
SIM3
SIM4
1
21
22
SIM5
SIM1
SIM2
SIM3
SIM4
1
21
22
SIM5
SIM1
SIM2
SIM3
SIM4
1
21
22
SIM5
SIM1
SIM2
SIM3
SIM4
1
21
22
SIM5
SIM1
SIM2
SIM3
SIM4
1
21
22
SIM5
SIM1
SIM2
SIM3
SIM4
1
21
22
SIM5
SIM1
SIM2
SIM3
SIM4
1
21
22
SIM5
SIM1
SIM2
SIM3
SIM4
1
21
22
SIM5
SIM1
SIM2
SIM3
SIM4
1
21
22
SIM5
SIM1
SIM2
SIM3
SIM4
1
21
22
SIM5
SIM1
SIM2
SIM3
SIM4
1
21
22
SIM5
SIM1
SIM2
SIM3
SIM4
1
21
22
SIM5
SIM1
SIM2
SIM3
SIM4
1
21
22
SIM5
SIM1
SIM2
SIM3
SIM4
1
21
22
SIM5
SIM1
SIM2
SIM3
SIM4
1
21
22
SIM5
SIM1
SIM2
SIM3
SIM4
1
21
22
SIM5
SIM1
SIM2
SIM3
SIM4
1
21
22
SIM5
SIM1
SIM2
SIM3
SIM4
1
21
22
SIM5
SIM1
SIM2
SIM3
SIM4
1
21
22
SIM5
SIM1
SIM2
SIM3
SIM4
1
21
22
SIM5
SIM1
SIM2
SIM3
SIM4
1
21
22
SIM5
SIM1
SIM2
SIM3
SIM4
1
21
22
SIM5
SIM1
SIM2
SIM3
SIM4
1
21
22
SIM5
SIM1
SIM2
SIM3
SIM4
1
21
22
SIM5
SIM1
SIM2
SIM3
SIM4
1
21
22
SIM5
SIM1
SIM2
SIM3
SIM4
1
21
22
SIM5
SIM1
SIM2
SIM3
SIM4
1
21
22
SIM5
SIM1
SIM2
SIM3
SIM4
1
21
22
SIM5
SIM1
SIM2
SIM3
SIM4
1
21
22
SIM5
SIM1
SIM2
SIM3
SIM4
1
21
22
SIM5
SIM1
SIM2
SIM3
SIM4
1
21
22
SIM5
SIM1
SIM2
SIM3
SIM4
1
21
22
SIM5
SIM1
SIM2
SIM3
SIM4
1
21
22
SIM5
SIM1
SIM2
SIM3
SIM4
1
21
22
SIM5
SIM1
SIM2
SIM3
SIM4
1
21
22
SIM5
SIM1
SIM2
SIM3
SIM4
1
21
22
SIM5
SIM1
SIM2
SIM3
SIM4
1
21
22
SIM5
SIM1
SIM2
SIM3
SIM4
1
21
22
SIM5
SIM1
SIM2
SIM3
SIM4
1
21
22
SIM5
SIM1
SIM2
SIM3
SIM4
1
21
22
SIM5
SIM1
SIM2
SIM3
SIM4
1
21
22
SIM5
SIM1
SIM2
SIM3
SIM4
1
21
22
SIM5
SIM1
SIM2
SIM3
SIM4
1
21
22
SIM5
SIM1
SIM2
SIM3
SIM4
1
21
22
SIM5
SIM1
SIM2
SIM3
SIM4
1
21
22
SIM5
SIM1
SIM2
SIM3
SIM4
1
21
22
SIM5
SIM1
SIM2
SIM3
SIM4
1
21
22
SIM5
SIM1
SIM2
SIM3
SIM4
1
21
22
SIM5
SIM1
SIM2
SIM3
SIM4
1
21
22
SIM5
SIM1
SIM2
SIM3
SIM4
1
21
22
SIM5
SIM1
SIM2
SIM3
SIM4
1
21
22
SIM5
SIM1
SIM2
SIM3
SIM4
1
21
22
SIM5
SIM1
SIM2
SIM3
SIM4
1
21
22
SIM5
SIM1
SIM2
SIM3
SIM4
1
21
22
SIM5
SIM1
SIM2
SIM3
SIM4
1
21
22
SIM5
SIM1
SIM2
SIM3
SIM4
1
21
22
SIM5
SIM1
SIM2
SIM3
SIM4
1
21
22
SIM5
SIM1
SIM2
SIM3
SIM4
1
21
22
SIM5
SIM1
SIM2
SIM3
SIM4
1
21
22
SIM5
SIM1
SIM2
SIM3
SIM4
1
21
22
SIM5
SIM1
SIM2
SIM3
SIM4
1
21
22
SIM5
SIM1
SIM2
SIM3
SIM4
1
21
22
SIM5
SIM1
SIM2
SIM3
SIM4
1
21
22
SIM5
SIM1
SIM2
SIM3
SIM4
1
21
22
SIM5
SIM1
SIM2
SIM3
SIM4
1
21
22
SIM5
SIM1
SIM2
SIM3
SIM4
1
21
22
SIM5
SIM1
SIM2
SIM3
SIM4
1
21
22
SIM5
SIM1
SIM2
SIM3
SIM4
1
21
22
SIM5
SIM1
SIM2
SIM3
SIM4
1
21
22
SIM5
SIM1
SIM2
SIM3
SIM4
1
21
22
SIM5
SIM1
SIM2
SIM3
SIM4
1
21
22
SIM5
SIM1
SIM2
SIM3
SIM4
1
21
22
SIM5
SIM1
SIM2
SIM3
SIM4
1
21
22
SIM5
SIM1
SIM2
SIM3
SIM4
1
21
22
SIM5
SIM1
SIM2
SIM3
SIM4
1
21
22
SIM5
SIM1
SIM2
SIM3
SIM4
1
21
22
SIM5
SIM1
SIM2
SIM3
SIM4
1
21
22
SIM5
SIM1
SIM2
SIM3
SIM4
1
21
22
SIM5
SIM1
SIM2
SIM3
SIM4
1
21
22
SIM5
SIM1
SIM2
SIM3
SIM4
1
21
22
SIM5
SIM1
SIM2
SIM3
SIM4
1
21
22
SIM5
SIM1
SIM2
SIM3
SIM4
1
21
22
SIM5
SIM1
SIM2
SIM3
SIM4
1
21
22
SIM5
SIM1
SIM2
SIM3
SIM4
1
21
22
SIM5
SIM1
SIM2
SIM3
SIM4
1
21
22
SIM5
SIM1
SIM2
SIM3
SIM4
1
21
22
SIM5
SIM1
SIM2
SIM3
SIM4
1
21
22
SIM5
SIM1
SIM2
SIM3
SIM4
1
21
22
SIM5
SIM1
SIM2
SIM3
SIM4
1
21
22
SIM5
SIM1
SIM2
SIM3
SIM4
1
21
22
SIM5
SIM1
SIM2
SIM3
SIM4
1
21
22
SIM5
SIM1
SIM2
SIM3
SIM4
1
21
22
SIM5
SIM1
SIM2
SIM3
SIM4
1
21
22
SIM5
SIM1
SIM2
SIM3
SIM4
1
21
22
SIM5
SIM1
SIM2
SIM3
SIM4
1
21
22
SIM5
SIM1
SIM2
SIM3
SIM4
1
21
22
SIM5
SIM1
SIM2
SIM3
SIM4
1
21
22
SIM5
SIM1
SIM2
SIM3
SIM4
1
21
22
SIM5
SIM1
SIM2
SIM3
SIM4
1
21
22
SIM5
SIM1
SIM2
SIM3
SIM4
1
21
22
SIM5
SIM1
SIM2
SIM3
SIM4
1
21
22
SIM5
SIM1
SIM2
SIM3
SIM4
1
21
22
SIM5
SIM1
SIM2
SIM3
SIM4
1
21
22
SIM5
SIM1
SIM2
SIM3
SIM4
1
21
22
SIM5
SIM1
SIM2
SIM3
SIM4
1
21
22
SIM5
SIM1
SIM2
SIM3
SIM4
1
21
22
SIM5
SIM1
SIM2
SIM3
SIM4
1
21
22
SIM5
SIM1
SIM2
SIM3
SIM4
1
21
22
SIM5
SIM1
SIM2
SIM3
SIM4
1
21
22
SIM5
SIM1
SIM2
SIM3
SIM4
1
21
22
SIM5
SIM1
SIM2
SIM3
SIM4
1
21
22
SIM5
SIM1
SIM2
SIM3
SIM4
1
21
22
SIM5
SIM1
SIM2
SIM3
SIM4
1
21
22
SIM5
SIM1
SIM2
SIM3
SIM4
1
21
22
SIM5
SIM1
SIM2
SIM3
SIM4
1
21
22
SIM5
SIM1
SIM2
SIM3
SIM4
1
21
22
SIM5
SIM1
SIM2
SIM3
SIM4
1
21
22
SIM5
SIM1
SIM2
SIM3
SIM4
1
21
22
SIM5
SIM1
SIM2
SIM3
SIM4
1
21
22
SIM5
SIM1
SIM2
SIM3
SIM4
1
21
22
SIM5
SIM1
SIM2
SIM3
SIM4
1
21
22
SIM5
SIM1
SIM2
SIM3
SIM4
1
21
22
SIM5
SIM1
SIM2
SIM3
SIM4
1
21
22
SIM5
SIM1
SIM2
SIM3
SIM4
1
21
22
SIM5
SIM1
SIM2
SIM3
SIM4
1
21
22
SIM5
SIM1
SIM2
SIM3
SIM4
1
21
22
SIM5
SIM1
SIM2
SIM3
SIM4
1
21
22
SIM5
SIM1
SIM2
SIM3
SIM4
1
21
22
SIM5
SIM1
SIM2
SIM3
SIM4
1
21
22
SIM5
SIM1
SIM2
SIM3
SIM4
1
21
22
SIM5
SIM1
SIM2
SIM3
SIM4
1
21
22
SIM5
SIM1
SIM2
SIM3
SIM4
1
21
22
SIM5
SIM1
SIM2
SIM3
SIM4
1
21
22
SIM5
SIM1
SIM2
SIM3
SIM4
1
21
22
SIM5
SIM1
SIM2
SIM3
SIM4
1
21
22
SIM5
SIM1
SIM2
SIM3
SIM4
1
21
22
SIM5
SIM1
SIM2
SIM3
SIM4
1
21
22
SIM5
SIM1
SIM2
SIM3
SIM4
1
21
22
SIM5
SIM1
SIM2
SIM3
SIM4
1
21
22
SIM5
SIM1
SIM2
SIM3
SIM4
1
21
22
SIM5
SIM1
SIM2
SIM3
SIM4
1
21
22
SIM5
SIM1
SIM2
DEBUG 1 920
SIM1
SIM2
SIM3
SIM4
1
21
22
SIM5
SIM1
SIM2
SIM3
SIM4
1
21
22
SIM5
SIM1
SIM2
SIM3
SIM4
1
21
22
SIM5
SIM1
SIM2
SIM3
SIM4
1
21
22
SIM5
SIM1
SIM2
SIM3
SIM4
1
21
22
SIM5
SIM1
SIM2
SIM3
SIM4
1
21
22
SIM5
SIM1
SIM2
SIM3
SIM4
1
21
22
SIM5
SIM1
SIM2
SIM3
SIM4
1
21
22
SIM5
SIM1
SIM2
SIM3
SIM4
1
21
22
SIM5
SIM1
SIM2
SIM3
SIM4
1
21
22
SIM5
SIM1
SIM2
SIM3
SIM4
1
21
22
SIM5
SIM1
SIM2
SIM3
SIM4
1
21
22
SIM5
SIM1
SIM2
SIM3
SIM4
1
21
22
SIM5
SIM1
SIM2
SIM3
SIM4
1
21
22
SIM5
SIM1
SIM2
SIM3
SIM4
1
21
22
SIM5
SIM1
SIM2
SIM3
SIM4
1
21
22
SIM5
SIM1
SIM2
SIM3
SIM4
1
21
22
SIM5
SIM1
SIM2
SIM3
SIM4
1
21
22
SIM5
SIM1
SIM2
SIM3
SIM4
1
21
22
SIM5
SIM1
SIM2
SIM3
SIM4
1
21
22
SIM5
SIM1
SIM2
SIM3
SIM4
1
21
22
SIM5
SIM1
SIM2
SIM3
SIM4
1
21
22
SIM5
SIM1
SIM2
SIM3
SIM4
1
21
22
SIM5
SIM1
SIM2
SIM3
SIM4
1
21
22
SIM5
SIM1
SIM2
SIM3
SIM4
1
21
22
SIM5
SIM1
SIM2
SIM3
SIM4
1
21
22
SIM5
SIM1
SIM2
SIM3
SIM4
1
21
22
SIM5
SIM1
SIM2
SIM3
SIM4
1
21
22
SIM5
SIM1
SIM2
SIM3
SIM4
1
21
22
SIM5
SIM1
SIM2
SIM3
SIM4
1
21
22
SIM5
SIM1
SIM2
SIM3
SIM4
1
21
22
SIM5
SIM1
SIM2
SIM3
SIM4
1
21
22
SIM5
SIM1
SIM2
SIM3
SIM4
1
21
22
SIM5
SIM1
SIM2
SIM3
SIM4
1
21
22
SIM5
SIM1
SIM2
SIM3
SIM4
1
21
22
SIM5
SIM1
SIM2
SIM3
SIM4
1
21
22
SIM5
SIM1
SIM2
SIM3
SIM4
1
21
22
SIM5
SIM1
SIM2
SIM3
SIM4
1
21
22
SIM5
SIM1
SIM2
SIM3
SIM4
1
21
22
SIM5
SIM1
SIM2
SIM3
SIM4
1
21
22
SIM5
SIM1
SIM2
SIM3
SIM4
1
21
22
SIM5
SIM1
SIM2
SIM3
SIM4
1
21
22
SIM5
SIM1
SIM2
SIM3
SIM4
1
21
22
SIM5
SIM1
SIM2
SIM3
SIM4
1
21
22
SIM5
SIM1
SIM2
SIM3
SIM4
1
21
22
SIM5
SIM1
SIM2
SIM3
SIM4
1
21
22
SIM5
SIM1
SIM2
SIM3
SIM4
1
21
22
SIM5
SIM1
SIM2
SIM3
SIM4
1
21
22
SIM5
SIM1
SIM2
SIM3
SIM4
1
21
22
SIM5
SIM1
SIM2
SIM3
SIM4
1
21
22
SIM5
SIM1
SIM2
SIM3
SIM4
1
21
22
SIM5
SIM1
SIM2
SIM3
SIM4
1
21
22
SIM5
SIM1
SIM2
SIM3
SIM4
1
21
22
SIM5
SIM1
SIM2
SIM3
SIM4
1
21
22
SIM5
SIM1
SIM2
SIM3
SIM4
1
21
22
SIM5
SIM1
SIM2
SIM3
SIM4
1
21
22
SIM5
SIM1
SIM2
SIM3
SIM4
1
21
22
SIM5
SIM1
SIM2
SIM3
SIM4
1
21
22
SIM5
SIM1
SIM2
SIM3
SIM4
1
21
22
SIM5
SIM1
SIM2
SIM3
SIM4
1
21
22
SIM5
SIM1
SIM2
SIM3
SIM4
1
21
22
SIM5
SIM1
SIM2
SIM3
SIM4
1
21
22
SIM5
SIM1
SIM2
SIM3
SIM4
1
21
22
SIM5
SIM1
SIM2
SIM3
SIM4
1
21
22
SIM5
SIM1
SIM2
SIM3
SIM4
1
21
22
SIM5
SIM1
SIM2
SIM3
SIM4
1
21
22
SIM5
SIM1
SIM2
SIM3
SIM4
1
21
22
SIM5
SIM1
SIM2
SIM3
SIM4
1
21
22
SIM5
SIM1
SIM2
SIM3
SIM4
1
21
22
SIM5
SIM1
SIM2
SIM3
SIM4
1
21
22
SIM5
SIM1
SIM2
SIM3
SIM4
1
21
22
SIM5
SIM1
SIM2
SIM3
SIM4
1
21
22
SIM5
SIM1
SIM2
SIM3
SIM4
1
21
22
SIM5
SIM1
SIM2
SIM3
SIM4
1
21
22
SIM5
SIM1
SIM2
SIM3
SIM4
1
21
22
SIM5
SIM1
SIM2
SIM3
SIM4
1
21
22
SIM5
SIM1
SIM2
SIM3
SIM4
1
21
22
SIM5
SIM1
SIM2
SIM3
SIM4
1
21
22
SIM5
SIM1
SIM2
SIM3
SIM4
1
21
22
SIM5
SIM1
SIM2
SIM3
SIM4
1
21
22
SIM5
SIM1
SIM2
SIM3
SIM4
1
21
22
SIM5
SIM1
SIM2
SIM3
SIM4
1
21
22
SIM5
SIM1
SIM2
SIM3
SIM4
1
21
22
SIM5
SIM1
SIM2
SIM3
SIM4
1
21
22
SIM5
SIM1
SIM2
SIM3
SIM4
1
21
22
SIM5
SIM1
SIM2
SIM3
SIM4
1
21
22
SIM5
SIM1
SIM2
SIM3
SIM4
1
21
22
SIM5
SIM1
SIM2
SIM3
SIM4
1
21
22
SIM5
SIM1
SIM2
SIM3
SIM4
1
21
22
SIM5
SIM1
SIM2
SIM3
SIM4
1
21
22
SIM5
SIM1
SIM2
SIM3
SIM4
1
21
22
SIM5
SIM1
SIM2
SIM3
SIM4
1
21
22
SIM5
SIM1
SIM2
SIM3
SIM4
1
21
22
SIM5
SIM1
SIM2
SIM3
SIM4
1
21
22
SIM5
SIM1
SIM2
SIM3
SIM4
1
21
22
SIM5
SIM1
SIM2
SIM3
SIM4
1
21
22
SIM5
SIM1
SIM2
SIM3
SIM4
1
21
22
SIM5
SIM1
SIM2
SIM3
SIM4
1
21
22
SIM5
SIM1
SIM2
SIM3
SIM4
1
21
22
SIM5
SIM1
SIM2
SIM3
SIM4
1
21
22
SIM5
SIM1
SIM2
SIM3
SIM4
1
21
22
SIM5
SIM1
SIM2
SIM3
SIM4
1
21
22
SIM5
SIM1
SIM2
SIM3
SIM4
1
21
22
SIM5
SIM1
SIM2
SIM3
SIM4
1
21
22
SIM5
SIM1
SIM2
SIM3
SIM4
1
21
22
SIM5
SIM1
SIM2
SIM3
SIM4
1
21
22
SIM5
SIM1
SIM2
SIM3
SIM4
1
21
22
SIM5
SIM1
SIM2
SIM3
SIM4
1
21
22
SIM5
SIM1
SIM2
SIM3
SIM4
1
21
22
SIM5
SIM1
SIM2
SIM3
SIM4
1
21
22
SIM5
SIM1
SIM2
SIM3
SIM4
1
21
22
SIM5
SIM1
SIM2
SIM3
SIM4
1
21
22
SIM5
SIM1
SIM2
SIM3
SIM4
1
21
22
SIM5
SIM1
SIM2
SIM3
SIM4
1
21
22
SIM5
SIM1
SIM2
SIM3
SIM4
1
21
22
SIM5
SIM1
SIM2
SIM3
SIM4
1
21
22
SIM5
SIM1
SIM2
SIM3
SIM4
1
21
22
SIM5
SIM1
SIM2
SIM3
SIM4
1
21
22
SIM5
SIM1
SIM2
SIM3
SIM4
1
21
22
SIM5
SIM1
SIM2
SIM3
SIM4
1
21
22
SIM5
SIM1
SIM2
SIM3
SIM4
1
21
22
SIM5
SIM1
SIM2
SIM3
SIM4
1
21
22
SIM5
SIM1
SIM2
SIM3
SIM4
1
21
22
SIM5
SIM1
SIM2
SIM3
SIM4
1
21
22
SIM5
SIM1
SIM2
SIM3
SIM4
1
21
22
SIM5
SIM1
SIM2
SIM3
SIM4
1
21
22
SIM5
SIM1
SIM2
SIM3
SIM4
1
21
22
SIM5
SIM1
SIM2
SIM3
SIM4
1
21
22
SIM5
SIM1
SIM2
SIM3
SIM4
1
21
22
SIM5
SIM1
SIM2
SIM3
SIM4
1
21
22
SIM5
SIM1
SIM2
DEBUG 1 921
SIM1
SIM2
SIM3
SIM4
1
21
22
SIM5
SIM1
SIM2
SIM3
SIM4
1
21
22
SIM5
SIM1
SIM2
SIM3
SIM4
1
21
22
SIM5
SIM1
SIM2
SIM3
SIM4
1
21
22
SIM5
SIM1
SIM2
SIM3
SIM4
1
21
22
SIM5
SIM1
SIM2
SIM3
SIM4
1
21
22
SIM5
SIM1
SIM2
SIM3
SIM4
1
21
22
SIM5
SIM1
SIM2
SIM3
SIM4
1
21
22
SIM5
SIM1
SIM2
SIM3
SIM4
1
21
22
SIM5
SIM1
SIM2
SIM3
SIM4
1
21
22
SIM5
SIM1
SIM2
SIM3
SIM4
1
21
22
SIM5
SIM1
SIM2
SIM3
SIM4
1
21
22
SIM5
SIM1
SIM2
SIM3
SIM4
1
21
22
SIM5
SIM1
SIM2
SIM3
SIM4
1
21
22
SIM5
SIM1
SIM2
SIM3
SIM4
1
21
22
SIM5
SIM1
SIM2
SIM3
SIM4
1
21
22
SIM5
SIM1
SIM2
SIM3
SIM4
1
21
22
SIM5
SIM1
SIM2
SIM3
SIM4
1
21
22
SIM5
SIM1
SIM2
SIM3
SIM4
1
21
22
SIM5
SIM1
SIM2
SIM3
SIM4
1
21
22
SIM5
SIM1
SIM2
SIM3
SIM4
1
21
22
SIM5
SIM1
SIM2
SIM3
SIM4
1
21
22
SIM5
SIM1
SIM2
SIM3
SIM4
1
21
22
SIM5
SIM1
SIM2
SIM3
SIM4
1
21
22
SIM5
SIM1
SIM2
SIM3
SIM4
1
21
22
SIM5
SIM1
SIM2
SIM3
SIM4
1
21
22
SIM5
SIM1
SIM2
SIM3
SIM4
1
21
22
SIM5
SIM1
SIM2
SIM3
SIM4
1
21
22
SIM5
SIM1
SIM2
SIM3
SIM4
1
21
22
SIM5
SIM1
SIM2
SIM3
SIM4
1
21
22
SIM5
SIM1
SIM2
SIM3
SIM4
1
21
22
SIM5
SIM1
SIM2
SIM3
SIM4
1
21
22
SIM5
SIM1
SIM2
SIM3
SIM4
1
21
22
SIM5
SIM1
SIM2
SIM3
SIM4
1
21
22
SIM5
SIM1
SIM2
SIM3
SIM4
1
21
22
SIM5
SIM1
SIM2
SIM3
SIM4
1
21
22
SIM5
SIM1
SIM2
SIM3
SIM4
1
21
22
SIM5
SIM1
SIM2
SIM3
SIM4
1
21
22
SIM5
SIM1
SIM2
SIM3
SIM4
1
21
22
SIM5
SIM1
SIM2
SIM3
SIM4
1
21
22
SIM5
SIM1
SIM2
SIM3
SIM4
1
21
22
SIM5
SIM1
SIM2
SIM3
SIM4
1
21
22
SIM5
SIM1
SIM2
SIM3
SIM4
1
21
22
SIM5
SIM1
SIM2
SIM3
SIM4
1
21
22
SIM5
SIM1
SIM2
SIM3
SIM4
1
21
22
SIM5
SIM1
SIM2
SIM3
SIM4
1
21
22
SIM5
SIM1
SIM2
SIM3
SIM4
1
21
22
SIM5
SIM1
SIM2
SIM3
SIM4
1
21
22
SIM5
SIM1
SIM2
SIM3
SIM4
1
21
22
SIM5
SIM1
SIM2
SIM3
SIM4
1
21
22
SIM5
SIM1
SIM2
SIM3
SIM4
1
21
22
SIM5
SIM1
SIM2
SIM3
SIM4
1
21
22
SIM5
SIM1
SIM2
SIM3
SIM4
1
21
22
SIM5
SIM1
SIM2
SIM3
SIM4
1
21
22
SIM5
SIM1
SIM2
SIM3
SIM4
1
21
22
SIM5
SIM1
SIM2
SIM3
SIM4
1
21
22
SIM5
SIM1
SIM2
SIM3
SIM4
1
21
22
SIM5
SIM1
SIM2
SIM3
SIM4
1
21
22
SIM5
SIM1
SIM2
SIM3
SIM4
1
21
22
SIM5
SIM1
SIM2
SIM3
SIM4
1
21
22
SIM5
SIM1
SIM2
SIM3
SIM4
1
21
22
SIM5
SIM1
SIM2
SIM3
SIM4
1
21
22
SIM5
SIM1
SIM2
SIM3
SIM4
1
21
22
SIM5
SIM1
SIM2
SIM3
SIM4
1
21
22
SIM5
SIM1
SIM2
SIM3
SIM4
1
21
22
SIM5
SIM1
SIM2
SIM3
SIM4
1
21
22
SIM5
SIM1
SIM2
SIM3
SIM4
1
21
22
SIM5
SIM1
SIM2
SIM3
SIM4
1
21
22
SIM5
SIM1
SIM2
SIM3
SIM4
1
21
22
SIM5
SIM1
SIM2
SIM3
SIM4
1
21
22
SIM5
SIM1
SIM2
SIM3
SIM4
1
21
22
SIM5
SIM1
SIM2
SIM3
SIM4
1
21
22
SIM5
SIM1
SIM2
SIM3
SIM4
1
21
22
SIM5
SIM1
SIM2
SIM3
SIM4
1
21
22
SIM5
SIM1
SIM2
SIM3
SIM4
1
21
22
SIM5
SIM1
SIM2
SIM3
SIM4
1
21
22
SIM5
SIM1
SIM2
SIM3
SIM4
1
21
22
SIM5
SIM1
SIM2
SIM3
SIM4
1
21
22
SIM5
SIM1
SIM2
SIM3
SIM4
1
21
22
SIM5
SIM1
SIM2
SIM3
SIM4
1
21
22
SIM5
SIM1
SIM2
SIM3
SIM4
1
21
22
SIM5
SIM1
SIM2
SIM3
SIM4
1
21
22
SIM5
SIM1
SIM2
SIM3
SIM4
1
21
22
SIM5
SIM1
SIM2
SIM3
SIM4
1
21
22
SIM5
SIM1
SIM2
SIM3
SIM4
1
21
22
SIM5
SIM1
SIM2
SIM3
SIM4
1
21
22
SIM5
SIM1
SIM2
SIM3
SIM4
1
21
22
SIM5
SIM1
SIM2
SIM3
SIM4
1
21
22
SIM5
SIM1
SIM2
SIM3
SIM4
1
21
22
SIM5
SIM1
SIM2
SIM3
SIM4
1
21
22
SIM5
SIM1
SIM2
SIM3
SIM4
1
21
22
SIM5
SIM1
SIM2
SIM3
SIM4
1
21
22
SIM5
SIM1
SIM2
SIM3
SIM4
1
21
22
SIM5
SIM1
SIM2
SIM3
SIM4
1
21
22
SIM5
SIM1
SIM2
SIM3
SIM4
1
21
22
SIM5
SIM1
SIM2
SIM3
SIM4
1
21
22
SIM5
SIM1
SIM2
SIM3
SIM4
1
21
22
SIM5
SIM1
SIM2
SIM3
SIM4
1
21
22
SIM5
SIM1
SIM2
SIM3
SIM4
1
21
22
SIM5
SIM1
SIM2
SIM3
SIM4
1
21
22
SIM5
SIM1
SIM2
SIM3
SIM4
1
21
22
SIM5
SIM1
SIM2
SIM3
SIM4
1
21
22
SIM5
SIM1
SIM2
SIM3
SIM4
1
21
22
SIM5
SIM1
SIM2
SIM3
SIM4
1
21
22
SIM5
SIM1
SIM2
SIM3
SIM4
1
21
22
SIM5
SIM1
SIM2
SIM3
SIM4
1
21
22
SIM5
SIM1
SIM2
SIM3
SIM4
1
21
22
SIM5
SIM1
SIM2
SIM3
SIM4
1
21
22
SIM5
SIM1
SIM2
SIM3
SIM4
1
21
22
SIM5
SIM1
SIM2
SIM3
SIM4
1
21
22
SIM5
SIM1
SIM2
SIM3
SIM4
1
21
22
SIM5
SIM1
SIM2
SIM3
SIM4
1
21
22
SIM5
SIM1
SIM2
SIM3
SIM4
1
21
22
SIM5
SIM1
SIM2
SIM3
SIM4
1
21
22
SIM5
SIM1
SIM2
SIM3
SIM4
1
21
22
SIM5
SIM1
SIM2
SIM3
SIM4
1
21
22
SIM5
SIM1
SIM2
SIM3
SIM4
1
21
22
SIM5
SIM1
SIM2
SIM3
SIM4
1
21
22
SIM5
SIM1
SIM2
SIM3
SIM4
1
21
22
SIM5
SIM1
SIM2
SIM3
SIM4
1
21
22
SIM5
SIM1
SIM2
SIM3
SIM4
1
21
22
SIM5
SIM1
SIM2
SIM3
SIM4
1
21
22
SIM5
SIM1
SIM2
SIM3
SIM4
1
21
22
SIM5
SIM1
SIM2
SIM3
SIM4
1
21
22
SIM5
SIM1
SIM2
SIM3
SIM4
1
21
22
SIM5
SIM1
SIM2
SIM3
SIM4
1
21
22
SIM5
SIM1
SIM2
SIM3
SIM4
1
21
22
SIM5
SIM1
SIM2
SIM3
SIM4
1
21
22
SIM5
SIM1
SIM2
SIM3
SIM4
1
21
22
SIM5
SIM1
SIM2
SIM3
SIM4
1
21
22
SIM5
SIM1
SIM2
SIM3
SIM4
1
21
22
SIM5
SIM1
SIM2
SIM3
SIM4
1
21
22
SIM5
SIM1
SIM2
SIM3
SIM4
1
21
22
SIM5
SIM1
SIM2
SIM3
SIM4
1
21
22
SIM5
SIM1
SIM2
SIM3
SIM4
1
21
22
SIM5
SIM1
SIM2
SIM3
SIM4
1
21
22
SIM5
SIM1
SIM2
SIM3
SIM4
1
21
22
SIM5
SIM1
SIM2
SIM3
SIM4
1
21
22
SIM5
SIM1
SIM2
SIM3
SIM4
1
21
22
SIM5
SIM1
SIM2
SIM3
SIM4
1
21
22
SIM5
SIM1
SIM2
SIM3
SIM4
1
21
22
SIM5
SIM1
SIM2
SIM3
SIM4
1
21
22
SIM5
SIM1
SIM2
SIM3
SIM4
1
21
22
SIM5
SIM1
SIM2
SIM3
SIM4
1
21
22
SIM5
SIM1
SIM2
SIM3
SIM4
1
21
22
SIM5
SIM1
SIM2
SIM3
SIM4
1
21
22
SIM5
SIM1
SIM2
SIM3
SIM4
1
21
22
SIM5
SIM1
SIM2
SIM3
SIM4
1
21
22
SIM5
SIM1
SIM2
SIM3
SIM4
1
21
22
SIM5
SIM1
SIM2
SIM3
SIM4
1
21
22
SIM5
SIM1
SIM2
SIM3
SIM4
1
21
22
SIM5
SIM1
SIM2
SIM3
SIM4
1
21
22
SIM5
SIM1
SIM2
SIM3
SIM4
1
21
22
SIM5
SIM1
SIM2
SIM3
SIM4
1
21
22
SIM5
SIM1
SIM2
SIM3
SIM4
1
21
22
SIM5
SIM1
SIM2
SIM3
SIM4
1
21
22
SIM5
SIM1
SIM2
SIM3
SIM4
1
21
22
SIM5
SIM1
SIM2
SIM3
SIM4
1
21
22
SIM5
SIM1
SIM2
SIM3
SIM4
1
21
22
SIM5
SIM1
SIM2
SIM3
SIM4
1
21
22
SIM5
SIM1
SIM2
SIM3
SIM4
1
21
22
SIM5
SIM1
SIM2
SIM3
SIM4
1
21
22
SIM5
SIM1
SIM2
DEBUG 1 922
SIM1
SIM2
SIM3
SIM4
1
21
22
SIM5
SIM1
SIM2
SIM3
SIM4
1
21
22
SIM5
SIM1
SIM2
SIM3
SIM4
1
21
22
SIM5
SIM1
SIM2
SIM3
SIM4
1
21
22
SIM5
SIM1
SIM2
SIM3
SIM4
1
21
22
SIM5
SIM1
SIM2
SIM3
SIM4
1
21
22
SIM5
SIM1
SIM2
SIM3
SIM4
1
21
22
SIM5
SIM1
SIM2
SIM3
SIM4
1
21
22
SIM5
SIM1
SIM2
SIM3
SIM4
1
21
22
SIM5
SIM1
SIM2
SIM3
SIM4
1
21
22
SIM5
SIM1
SIM2
SIM3
SIM4
1
21
22
SIM5
SIM1
SIM2
SIM3
SIM4
1
21
22
SIM5
SIM1
SIM2
SIM3
SIM4
1
21
22
SIM5
SIM1
SIM2
SIM3
SIM4
1
21
22
SIM5
SIM1
SIM2
SIM3
SIM4
1
21
22
SIM5
SIM1
SIM2
SIM3
SIM4
1
21
22
SIM5
SIM1
SIM2
SIM3
SIM4
1
21
22
SIM5
SIM1
SIM2
SIM3
SIM4
1
21
22
SIM5
SIM1
SIM2
SIM3
SIM4
1
21
22
SIM5
SIM1
SIM2
SIM3
SIM4
1
21
22
SIM5
SIM1
SIM2
SIM3
SIM4
1
21
22
SIM5
SIM1
SIM2
SIM3
SIM4
1
21
22
SIM5
SIM1
SIM2
SIM3
SIM4
1
21
22
SIM5
SIM1
SIM2
SIM3
SIM4
1
21
22
SIM5
SIM1
SIM2
SIM3
SIM4
1
21
22
SIM5
SIM1
SIM2
SIM3
SIM4
1
21
22
SIM5
SIM1
SIM2
SIM3
SIM4
1
21
22
SIM5
SIM1
SIM2
SIM3
SIM4
1
21
22
SIM5
SIM1
SIM2
SIM3
SIM4
1
21
22
SIM5
SIM1
SIM2
SIM3
SIM4
1
21
22
SIM5
SIM1
SIM2
SIM3
SIM4
1
21
22
SIM5
SIM1
SIM2
SIM3
SIM4
1
21
22
SIM5
SIM1
SIM2
SIM3
SIM4
1
21
22
SIM5
SIM1
SIM2
SIM3
SIM4
1
21
22
SIM5
SIM1
SIM2
SIM3
SIM4
1
21
22
SIM5
SIM1
SIM2
SIM3
SIM4
1
21
22
SIM5
SIM1
SIM2
SIM3
SIM4
1
21
22
SIM5
SIM1
SIM2
SIM3
SIM4
1
21
22
SIM5
SIM1
SIM2
SIM3
SIM4
1
21
22
SIM5
SIM1
SIM2
SIM3
SIM4
1
21
22
SIM5
SIM1
SIM2
SIM3
SIM4
1
21
22
SIM5
SIM1
SIM2
SIM3
SIM4
1
21
22
SIM5
SIM1
SIM2
SIM3
SIM4
1
21
22
SIM5
SIM1
SIM2
SIM3
SIM4
1
21
22
SIM5
SIM1
SIM2
SIM3
SIM4
1
21
22
SIM5
SIM1
SIM2
SIM3
SIM4
1
21
22
SIM5
SIM1
SIM2
SIM3
SIM4
1
21
22
SIM5
SIM1
SIM2
SIM3
SIM4
1
21
22
SIM5
SIM1
SIM2
SIM3
SIM4
1
21
22
SIM5
SIM1
SIM2
SIM3
SIM4
1
21
22
SIM5
SIM1
SIM2
SIM3
SIM4
1
21
22
SIM5
SIM1
SIM2
SIM3
SIM4
1
21
22
SIM5
SIM1
SIM2
SIM3
SIM4
1
21
22
SIM5
SIM1
SIM2
SIM3
SIM4
1
21
22
SIM5
SIM1
SIM2
SIM3
SIM4
1
21
22
SIM5
SIM1
SIM2
SIM3
SIM4
1
21
22
SIM5
SIM1
SIM2
SIM3
SIM4
1
21
22
SIM5
SIM1
SIM2
SIM3
SIM4
1
21
22
SIM5
SIM1
SIM2
SIM3
SIM4
1
21
22
SIM5
SIM1
SIM2
SIM3
SIM4
1
21
22
SIM5
SIM1
SIM2
SIM3
SIM4
1
21
22
SIM5
SIM1
SIM2
SIM3
SIM4
1
21
22
SIM5
SIM1
SIM2
SIM3
SIM4
1
21
22
SIM5
SIM1
SIM2
SIM3
SIM4
1
21
22
SIM5
SIM1
SIM2
SIM3
SIM4
1
21
22
SIM5
SIM1
SIM2
SIM3
SIM4
1
21
22
SIM5
SIM1
SIM2
SIM3
SIM4
1
21
22
SIM5
SIM1
SIM2
SIM3
SIM4
1
21
22
SIM5
SIM1
SIM2
SIM3
SIM4
1
21
22
SIM5
SIM1
SIM2
SIM3
SIM4
1
21
22
SIM5
SIM1
SIM2
SIM3
SIM4
1
21
22
SIM5
SIM1
SIM2
SIM3
SIM4
1
21
22
SIM5
SIM1
SIM2
SIM3
SIM4
1
21
22
SIM5
SIM1
SIM2
SIM3
SIM4
1
21
22
SIM5
SIM1
SIM2
SIM3
SIM4
1
21
22
SIM5
SIM1
SIM2
SIM3
SIM4
1
21
22
SIM5
SIM1
SIM2
SIM3
SIM4
1
21
22
SIM5
SIM1
SIM2
SIM3
SIM4
1
21
22
SIM5
SIM1
SIM2
SIM3
SIM4
1
21
22
SIM5
SIM1
SIM2
SIM3
SIM4
1
21
22
SIM5
SIM1
SIM2
SIM3
SIM4
1
21
22
SIM5
SIM1
SIM2
SIM3
SIM4
1
21
22
SIM5
SIM1
SIM2
SIM3
SIM4
1
21
22
SIM5
SIM1
SIM2
SIM3
SIM4
1
21
22
SIM5
SIM1
SIM2
SIM3
SIM4
1
21
22
SIM5
SIM1
SIM2
SIM3
SIM4
1
21
22
SIM5
SIM1
SIM2
SIM3
SIM4
1
21
22
SIM5
SIM1
SIM2
SIM3
SIM4
1
21
22
SIM5
SIM1
SIM2
SIM3
SIM4
1
21
22
SIM5
SIM1
SIM2
SIM3
SIM4
1
21
22
SIM5
SIM1
SIM2
SIM3
SIM4
1
21
22
SIM5
SIM1
SIM2
SIM3
SIM4
1
21
22
SIM5
SIM1
SIM2
SIM3
SIM4
1
21
22
SIM5
SIM1
SIM2
SIM3
SIM4
1
21
22
SIM5
SIM1
SIM2
SIM3
SIM4
1
21
22
SIM5
SIM1
SIM2
SIM3
SIM4
1
21
22
SIM5
SIM1
SIM2
SIM3
SIM4
1
21
22
SIM5
SIM1
SIM2
SIM3
SIM4
1
21
22
SIM5
SIM1
SIM2
SIM3
SIM4
1
21
22
SIM5
SIM1
SIM2
SIM3
SIM4
1
21
22
SIM5
SIM1
SIM2
SIM3
SIM4
1
21
22
SIM5
SIM1
SIM2
SIM3
SIM4
1
21
22
SIM5
SIM1
SIM2
SIM3
SIM4
1
21
22
SIM5
SIM1
SIM2
SIM3
SIM4
1
21
22
SIM5
SIM1
SIM2
SIM3
SIM4
1
21
22
SIM5
SIM1
SIM2
SIM3
SIM4
1
21
22
SIM5
SIM1
SIM2
SIM3
SIM4
1
21
22
SIM5
SIM1
SIM2
SIM3
SIM4
1
21
22
SIM5
SIM1
SIM2
SIM3
SIM4
1
21
22
SIM5
SIM1
SIM2
SIM3
SIM4
1
21
22
SIM5
SIM1
SIM2
SIM3
SIM4
1
21
22
SIM5
SIM1
SIM2
SIM3
SIM4
1
21
22
SIM5
SIM1
SIM2
SIM3
SIM4
1
21
22
SIM5
SIM1
SIM2
SIM3
SIM4
1
21
22
SIM5
SIM1
SIM2
SIM3
SIM4
1
21
22
SIM5
SIM1
SIM2
SIM3
SIM4
1
21
22
SIM5
SIM1
SIM2
SIM3
SIM4
1
21
22
SIM5
SIM1
SIM2
SIM3
SIM4
1
21
22
SIM5
SIM1
SIM2
SIM3
SIM4
1
21
22
SIM5
SIM1
SIM2
SIM3
SIM4
1
21
22
SIM5
SIM1
SIM2
SIM3
SIM4
1
21
22
SIM5
SIM1
SIM2
SIM3
SIM4
1
21
22
SIM5
SIM1
SIM2
SIM3
SIM4
1
21
22
SIM5
SIM1
SIM2
SIM3
SIM4
1
21
22
SIM5
SIM1
SIM2
SIM3
SIM4
1
21
22
SIM5
SIM1
SIM2
SIM3
SIM4
1
21
22
SIM5
SIM1
SIM2
SIM3
SIM4
1
21
22
SIM5
SIM1
SIM2
SIM3
SIM4
1
21
22
SIM5
SIM1
SIM2
SIM3
SIM4
1
21
22
SIM5
SIM1
SIM2
SIM3
SIM4
1
21
22
SIM5
SIM1
SIM2
SIM3
SIM4
1
21
22
SIM5
SIM1
SIM2
SIM3
SIM4
1
21
22
SIM5
SIM1
SIM2
SIM3
SIM4
1
21
22
SIM5
SIM1
SIM2
SIM3
SIM4
1
21
22
SIM5
SIM1
SIM2
SIM3
SIM4
1
21
22
SIM5
SIM1
SIM2
SIM3
SIM4
1
21
22
SIM5
SIM1
SIM2
SIM3
SIM4
1
21
22
SIM5
SIM1
SIM2
SIM3
SIM4
1
21
22
SIM5
SIM1
SIM2
SIM3
SIM4
1
21
22
SIM5
SIM1
SIM2
SIM3
SIM4
1
21
22
SIM5
SIM1
SIM2
SIM3
SIM4
1
21
22
SIM5
SIM1
SIM2
SIM3
SIM4
1
21
22
SIM5
SIM1
SIM2
SIM3
SIM4
1
21
22
SIM5
SIM1
SIM2
SIM3
SIM4
1
21
22
SIM5
SIM1
SIM2
SIM3
SIM4
1
21
22
SIM5
SIM1
SIM2
SIM3
SIM4
1
21
22
SIM5
SIM1
SIM2
SIM3
SIM4
1
21
22
SIM5
SIM1
SIM2
SIM3
SIM4
1
21
22
SIM5
SIM1
SIM2
SIM3
SIM4
1
21
22
SIM5
SIM1
SIM2
SIM3
SIM4
1
21
22
SIM5
SIM1
SIM2
SIM3
SIM4
1
21
22
SIM5
SIM1
SIM2
SIM3
SIM4
1
21
22
SIM5
SIM1
SIM2
SIM3
SIM4
1
21
22
SIM5
SIM1
SIM2
SIM3
SIM4
1
21
22
SIM5
SIM1
SIM2
SIM3
SIM4
1
21
22
SIM5
SIM1
SIM2
SIM3
SIM4
1
21
22
SIM5
SIM1
SIM2
SIM3
SIM4
1
21
22
SIM5
SIM1
SIM2
SIM3
SIM4
1
21
22
SIM5
SIM1
SIM2
SIM3
SIM4
1
21
22
SIM5
SIM1
SIM2
SIM3
SIM4
1
21
22
SIM5
SIM1
SIM2
SIM3
SIM4
1
21
22
SIM5
SIM1
SIM2
SIM3
SIM4
1
21
22
SIM5
SIM1
SIM2
SIM3
SIM4
1
21
22
SIM5
SIM1
SIM2
SIM3
SIM4
1
21
22
SIM5
SIM1
SIM2
SIM3
SIM4
1
21
22
SIM5
SIM1
SIM2
SIM3
SIM4
1
21
22
SIM5
SIM1
SIM2
SIM3
SIM4
1
21
22
SIM5
SIM1
SIM2
SIM3
SIM4
1
21
22
SIM5
SIM1
SIM2
SIM3
SIM4
1
21
22
SIM5
SIM1
SIM2
SIM3
SIM4
1
21
22
SIM5
SIM1
SIM2
SIM3
SIM4
1
21
22
SIM5
SIM1
SIM2
SIM3
SIM4
1
21
22
SIM5
SIM1
SIM2
SIM3
SIM4
1
21
22
SIM5
SIM1
SIM2
SIM3
SIM4
1
21
22
SIM5
SIM1
SIM2
SIM3
SIM4
1
21
22
SIM5
SIM1
SIM2
SIM3
SIM4
1
21
22
SIM5
SIM1
SIM2
SIM3
SIM4
1
21
22
SIM5
SIM1
SIM2
SIM3
SIM4
1
21
22
SIM5
SIM1
SIM2
SIM3
SIM4
1
21
22
SIM5
SIM1
SIM2
SIM3
SIM4
1
21
22
SIM5
SIM1
SIM2
SIM3
SIM4
1
21
22
SIM5
SIM1
SIM2
SIM3
SIM4
1
21
22
SIM5
SIM1
SIM2
SIM3
SIM4
1
21
22
SIM5
SIM1
SIM2
SIM3
SIM4
1
21
22
SIM5
SIM1
SIM2
SIM3
SIM4
1
21
22
SIM5
SIM1
SIM2
SIM3
SIM4
1
21
22
SIM5
SIM1
SIM2
SIM3
SIM4
1
21
22
SIM5
SIM1
SIM2
SIM3
SIM4
1
21
22
SIM5
SIM1
SIM2
SIM3
SIM4
1
21
22
SIM5
SIM1
SIM2
SIM3
SIM4
1
21
22
SIM5
SIM1
SIM2
SIM3
SIM4
1
21
22
SIM5
SIM1
SIM2
SIM3
SIM4
1
21
22
SIM5
SIM1
SIM2
SIM3
SIM4
1
21
22
SIM5
SIM1
SIM2
SIM3
SIM4
1
21
22
SIM5
SIM1
SIM2
SIM3
SIM4
1
21
22
SIM5
SIM1
SIM2
SIM3
SIM4
1
21
22
SIM5
SIM1
SIM2
SIM3
SIM4
1
21
22
SIM5
SIM1
SIM2
SIM3
SIM4
1
21
22
SIM5
SIM1
SIM2
SIM3
SIM4
1
21
22
SIM5
SIM1
SIM2
SIM3
SIM4
1
21
22
SIM5
SIM1
SIM2
SIM3
SIM4
1
21
22
SIM5
SIM1
SIM2
SIM3
SIM4
1
21
22
SIM5
SIM1
SIM2
SIM3
SIM4
1
21
22
SIM5
SIM1
SIM2
SIM3
SIM4
1
21
22
SIM5
SIM1
SIM2
SIM3
SIM4
1
21
22
SIM5
SIM1
SIM2
SIM3
SIM4
1
21
22
SIM5
SIM1
SIM2
SIM3
SIM4
1
21
22
SIM5
SIM1
SIM2
SIM3
SIM4
1
21
22
SIM5
SIM1
SIM2
SIM3
SIM4
1
21
22
SIM5
SIM1
SIM2
SIM3
SIM4
1
21
22
SIM5
SIM1
SIM2
SIM3
SIM4
1
21
22
SIM5
SIM1
SIM2
SIM3
SIM4
1
21
22
SIM5
SIM1
SIM2
SIM3
SIM4
1
21
22
SIM5
SIM1
SIM2
SIM3
SIM4
1
21
22
SIM5
SIM1
SIM2
SIM3
SIM4
1
21
22
SIM5
SIM1
SIM2
DEBUG 1 923
SIM1
SIM2
SIM3
SIM4
1
21
22
SIM5
SIM1
SIM2
SIM3
SIM4
1
21
22
SIM5
SIM1
SIM2
SIM3
SIM4
1
21
22
SIM5
SIM1
SIM2
SIM3
SIM4
1
21
22
SIM5
SIM1
SIM2
SIM3
SIM4
1
21
22
SIM5
SIM1
SIM2
SIM3
SIM4
1
21
22
SIM5
SIM1
SIM2
SIM3
SIM4
1
21
22
SIM5
SIM1
SIM2
SIM3
SIM4
1
21
22
SIM5
SIM1
SIM2
SIM3
SIM4
1
21
22
SIM5
SIM1
SIM2
SIM3
SIM4
1
21
22
SIM5
SIM1
SIM2
SIM3
SIM4
1
21
22
SIM5
SIM1
SIM2
SIM3
SIM4
1
21
22
SIM5
SIM1
SIM2
SIM3
SIM4
1
21
22
SIM5
SIM1
SIM2
SIM3
SIM4
1
21
22
SIM5
SIM1
SIM2
SIM3
SIM4
1
21
22
SIM5
SIM1
SIM2
SIM3
SIM4
1
21
22
SIM5
SIM1
SIM2
SIM3
SIM4
1
21
22
SIM5
SIM1
SIM2
SIM3
SIM4
1
21
22
SIM5
SIM1
SIM2
SIM3
SIM4
1
21
22
SIM5
SIM1
SIM2
SIM3
SIM4
1
21
22
SIM5
SIM1
SIM2
SIM3
SIM4
1
21
22
SIM5
SIM1
SIM2
SIM3
SIM4
1
21
22
SIM5
SIM1
SIM2
SIM3
SIM4
1
21
22
SIM5
SIM1
SIM2
SIM3
SIM4
1
21
22
SIM5
SIM1
SIM2
SIM3
SIM4
1
21
22
SIM5
SIM1
SIM2
SIM3
SIM4
1
21
22
SIM5
SIM1
SIM2
SIM3
SIM4
1
21
22
SIM5
SIM1
SIM2
SIM3
SIM4
1
21
22
SIM5
SIM1
SIM2
SIM3
SIM4
1
21
22
SIM5
SIM1
SIM2
SIM3
SIM4
1
21
22
SIM5
SIM1
SIM2
SIM3
SIM4
1
21
22
SIM5
SIM1
SIM2
SIM3
SIM4
1
21
22
SIM5
SIM1
SIM2
SIM3
SIM4
1
21
22
SIM5
SIM1
SIM2
SIM3
SIM4
1
21
22
SIM5
SIM1
SIM2
SIM3
SIM4
1
21
22
SIM5
SIM1
SIM2
SIM3
SIM4
1
21
22
SIM5
SIM1
SIM2
SIM3
SIM4
1
21
22
SIM5
SIM1
SIM2
SIM3
SIM4
1
21
22
SIM5
SIM1
SIM2
SIM3
SIM4
1
21
22
SIM5
SIM1
SIM2
SIM3
SIM4
1
21
22
SIM5
SIM1
SIM2
SIM3
SIM4
1
21
22
SIM5
SIM1
SIM2
SIM3
SIM4
1
21
22
SIM5
SIM1
SIM2
SIM3
SIM4
1
21
22
SIM5
SIM1
SIM2
SIM3
SIM4
1
21
22
SIM5
SIM1
SIM2
SIM3
SIM4
1
21
22
SIM5
SIM1
SIM2
SIM3
SIM4
1
21
22
SIM5
SIM1
SIM2
SIM3
SIM4
1
21
22
SIM5
SIM1
SIM2
SIM3
SIM4
1
21
22
SIM5
SIM1
SIM2
SIM3
SIM4
1
21
22
SIM5
SIM1
SIM2
SIM3
SIM4
1
21
22
SIM5
SIM1
SIM2
SIM3
SIM4
1
21
22
SIM5
SIM1
SIM2
SIM3
SIM4
1
21
22
SIM5
SIM1
SIM2
SIM3
SIM4
1
21
22
SIM5
SIM1
SIM2
SIM3
SIM4
1
21
22
SIM5
SIM1
SIM2
SIM3
SIM4
1
21
22
SIM5
SIM1
SIM2
SIM3
SIM4
1
21
22
SIM5
SIM1
SIM2
SIM3
SIM4
1
21
22
SIM5
SIM1
SIM2
SIM3
SIM4
1
21
22
SIM5
SIM1
SIM2
SIM3
SIM4
1
21
22
SIM5
SIM1
SIM2
SIM3
SIM4
1
21
22
SIM5
SIM1
SIM2
SIM3
SIM4
1
21
22
SIM5
SIM1
SIM2
SIM3
SIM4
1
21
22
SIM5
SIM1
SIM2
SIM3
SIM4
1
21
22
SIM5
SIM1
SIM2
SIM3
SIM4
1
21
22
SIM5
SIM1
SIM2
SIM3
SIM4
1
21
22
SIM5
SIM1
SIM2
SIM3
SIM4
1
21
22
SIM5
SIM1
SIM2
SIM3
SIM4
1
21
22
SIM5
SIM1
SIM2
SIM3
SIM4
1
21
22
SIM5
SIM1
SIM2
SIM3
SIM4
1
21
22
SIM5
SIM1
SIM2
SIM3
SIM4
1
21
22
SIM5
SIM1
SIM2
SIM3
SIM4
1
21
22
SIM5
SIM1
SIM2
SIM3
SIM4
1
21
22
SIM5
SIM1
SIM2
SIM3
SIM4
1
21
22
SIM5
SIM1
SIM2
SIM3
SIM4
1
21
22
SIM5
SIM1
SIM2
SIM3
SIM4
1
21
22
SIM5
SIM1
SIM2
SIM3
SIM4
1
21
22
SIM5
SIM1
SIM2
SIM3
SIM4
1
21
22
SIM5
SIM1
SIM2
SIM3
SIM4
1
21
22
SIM5
SIM1
SIM2
SIM3
SIM4
1
21
22
SIM5
SIM1
SIM2
SIM3
SIM4
1
21
22
SIM5
SIM1
SIM2
SIM3
SIM4
1
21
22
SIM5
SIM1
SIM2
SIM3
SIM4
1
21
22
SIM5
SIM1
SIM2
SIM3
SIM4
1
21
22
SIM5
SIM1
SIM2
SIM3
SIM4
1
21
22
SIM5
SIM1
SIM2
SIM3
SIM4
1
21
22
SIM5
SIM1
SIM2
SIM3
SIM4
1
21
22
SIM5
SIM1
SIM2
SIM3
SIM4
1
21
22
SIM5
SIM1
SIM2
SIM3
SIM4
1
21
22
SIM5
SIM1
SIM2
SIM3
SIM4
1
21
22
SIM5
SIM1
SIM2
SIM3
SIM4
1
21
22
SIM5
SIM1
SIM2
SIM3
SIM4
1
21
22
SIM5
SIM1
SIM2
SIM3
SIM4
1
21
22
SIM5
SIM1
SIM2
SIM3
SIM4
1
21
22
SIM5
SIM1
SIM2
SIM3
SIM4
1
21
22
SIM5
SIM1
SIM2
SIM3
SIM4
1
21
22
SIM5
SIM1
SIM2
SIM3
SIM4
1
21
22
SIM5
SIM1
SIM2
SIM3
SIM4
1
21
22
SIM5
SIM1
SIM2
SIM3
SIM4
1
21
22
SIM5
SIM1
SIM2
SIM3
SIM4
1
21
22
SIM5
SIM1
SIM2
SIM3
SIM4
1
21
22
SIM5
SIM1
SIM2
SIM3
SIM4
1
21
22
SIM5
SIM1
SIM2
SIM3
SIM4
1
21
22
SIM5
SIM1
SIM2
SIM3
SIM4
1
21
22
SIM5
SIM1
SIM2
SIM3
SIM4
1
21
22
SIM5
SIM1
SIM2
SIM3
SIM4
1
21
22
SIM5
SIM1
SIM2
SIM3
SIM4
1
21
22
SIM5
SIM1
SIM2
SIM3
SIM4
1
21
22
SIM5
SIM1
SIM2
SIM3
SIM4
1
21
22
SIM5
SIM1
SIM2
SIM3
SIM4
1
21
22
SIM5
SIM1
SIM2
SIM3
SIM4
1
21
22
SIM5
SIM1
SIM2
SIM3
SIM4
1
21
22
SIM5
SIM1
SIM2
SIM3
SIM4
1
21
22
SIM5
SIM1
SIM2
SIM3
SIM4
1
21
22
SIM5
SIM1
SIM2
SIM3
SIM4
1
21
22
SIM5
SIM1
SIM2
SIM3
SIM4
1
21
22
SIM5
SIM1
SIM2
SIM3
SIM4
1
21
22
SIM5
SIM1
SIM2
SIM3
SIM4
1
21
22
SIM5
SIM1
SIM2
SIM3
SIM4
1
21
22
SIM5
SIM1
SIM2
SIM3
SIM4
1
21
22
SIM5
SIM1
SIM2
SIM3
SIM4
1
21
22
SIM5
SIM1
SIM2
SIM3
SIM4
1
21
22
SIM5
SIM1
SIM2
SIM3
SIM4
1
21
22
SIM5
SIM1
SIM2
SIM3
SIM4
1
21
22
SIM5
SIM1
SIM2
SIM3
SIM4
1
21
22
SIM5
SIM1
SIM2
SIM3
SIM4
1
21
22
SIM5
SIM1
SIM2
SIM3
SIM4
1
21
22
SIM5
SIM1
SIM2
SIM3
SIM4
1
21
22
SIM5
SIM1
SIM2
SIM3
SIM4
1
21
22
SIM5
SIM1
SIM2
SIM3
SIM4
1
21
22
SIM5
SIM1
SIM2
SIM3
SIM4
1
21
22
SIM5
SIM1
SIM2
SIM3
SIM4
1
21
22
SIM5
SIM1
SIM2
SIM3
SIM4
1
21
22
SIM5
SIM1
SIM2
SIM3
SIM4
1
21
22
SIM5
SIM1
SIM2
SIM3
SIM4
1
21
22
SIM5
SIM1
SIM2
SIM3
SIM4
1
21
22
SIM5
SIM1
SIM2
SIM3
SIM4
1
21
22
SIM5
SIM1
SIM2
SIM3
SIM4
1
21
22
SIM5
SIM1
SIM2
SIM3
SIM4
1
21
22
SIM5
SIM1
SIM2
SIM3
SIM4
1
21
22
SIM5
SIM1
SIM2
SIM3
SIM4
1
21
22
SIM5
SIM1
SIM2
SIM3
SIM4
1
21
22
SIM5
SIM1
SIM2
SIM3
SIM4
1
21
22
SIM5
SIM1
SIM2
SIM3
SIM4
1
21
22
SIM5
SIM1
SIM2
SIM3
SIM4
1
21
22
SIM5
SIM1
SIM2
SIM3
SIM4
1
21
22
SIM5
SIM1
SIM2
SIM3
SIM4
1
21
22
SIM5
SIM1
SIM2
SIM3
SIM4
1
21
22
SIM5
SIM1
SIM2
SIM3
SIM4
1
21
22
SIM5
SIM1
SIM2
SIM3
SIM4
1
21
22
SIM5
SIM1
SIM2
SIM3
SIM4
1
21
22
SIM5
SIM1
SIM2
SIM3
SIM4
1
21
22
SIM5
SIM1
SIM2
SIM3
SIM4
1
21
22
SIM5
SIM1
SIM2
SIM3
SIM4
1
21
22
SIM5
SIM1
SIM2
SIM3
SIM4
1
21
22
SIM5
SIM1
SIM2
SIM3
SIM4
1
21
22
SIM5
SIM1
SIM2
SIM3
SIM4
1
21
22
SIM5
SIM1
SIM2
SIM3
SIM4
1
21
22
SIM5
SIM1
SIM2
SIM3
SIM4
1
21
22
SIM5
SIM1
SIM2
SIM3
SIM4
1
21
22
SIM5
SIM1
SIM2
SIM3
SIM4
1
21
22
SIM5
SIM1
SIM2
SIM3
SIM4
1
21
22
SIM5
SIM1
SIM2
SIM3
SIM4
1
21
22
SIM5
SIM1
SIM2
SIM3
SIM4
1
21
22
SIM5
SIM1
SIM2
SIM3
SIM4
1
21
22
SIM5
SIM1
SIM2
SIM3
SIM4
1
21
22
SIM5
SIM1
SIM2
SIM3
SIM4
1
21
22
SIM5
SIM1
SIM2
SIM3
SIM4
1
21
22
SIM5
SIM1
SIM2
SIM3
SIM4
1
21
22
SIM5
SIM1
SIM2
SIM3
SIM4
1
21
22
SIM5
SIM1
SIM2
SIM3
SIM4
1
21
22
SIM5
SIM1
SIM2
SIM3
SIM4
1
21
22
SIM5
SIM1
SIM2
SIM3
SIM4
1
21
22
SIM5
SIM1
SIM2
SIM3
SIM4
1
21
22
SIM5
SIM1
SIM2
SIM3
SIM4
1
21
22
SIM5
SIM1
SIM2
SIM3
SIM4
1
21
22
SIM5
SIM1
SIM2
SIM3
SIM4
1
21
22
SIM5
SIM1
SIM2
SIM3
SIM4
1
21
22
SIM5
SIM1
SIM2
SIM3
SIM4
1
21
22
SIM5
SIM1
SIM2
SIM3
SIM4
1
21
22
SIM5
SIM1
SIM2
SIM3
SIM4
1
21
22
SIM5
SIM1
SIM2
SIM3
SIM4
1
21
22
SIM5
SIM1
SIM2
SIM3
SIM4
1
21
22
SIM5
SIM1
SIM2
SIM3
SIM4
1
21
22
SIM5
SIM1
SIM2
SIM3
SIM4
1
21
22
SIM5
SIM1
SIM2
SIM3
SIM4
1
21
22
SIM5
SIM1
SIM2
SIM3
SIM4
1
21
22
SIM5
SIM1
SIM2
SIM3
SIM4
1
21
22
SIM5
SIM1
SIM2
SIM3
SIM4
1
21
22
SIM5
SIM1
SIM2
SIM3
SIM4
1
21
22
SIM5
SIM1
SIM2
SIM3
SIM4
1
21
22
SIM5
SIM1
SIM2
SIM3
SIM4
1
21
22
SIM5
SIM1
SIM2
SIM3
SIM4
1
21
22
SIM5
SIM1
SIM2
SIM3
SIM4
1
21
22
SIM5
SIM1
SIM2
SIM3
SIM4
1
21
22
SIM5
SIM1
SIM2
DEBUG 1 924
SIM1
SIM2
SIM3
SIM4
1
21
22
SIM5
SIM1
SIM2
SIM3
SIM4
1
21
22
SIM5
SIM1
SIM2
SIM3
SIM4
1
21
22
SIM5
SIM1
SIM2
SIM3
SIM4
1
21
22
SIM5
SIM1
SIM2
SIM3
SIM4
1
21
22
SIM5
SIM1
SIM2
SIM3
SIM4
1
21
22
SIM5
SIM1
SIM2
SIM3
SIM4
1
21
22
SIM5
SIM1
SIM2
SIM3
SIM4
1
21
22
SIM5
SIM1
SIM2
SIM3
SIM4
1
21
22
SIM5
SIM1
SIM2
SIM3
SIM4
1
21
22
SIM5
SIM1
SIM2
SIM3
SIM4
1
21
22
SIM5
SIM1
SIM2
SIM3
SIM4
1
21
22
SIM5
SIM1
SIM2
SIM3
SIM4
1
21
22
SIM5
SIM1
SIM2
SIM3
SIM4
1
21
22
SIM5
SIM1
SIM2
SIM3
SIM4
1
21
22
SIM5
SIM1
SIM2
SIM3
SIM4
1
21
22
SIM5
SIM1
SIM2
SIM3
SIM4
1
21
22
SIM5
SIM1
SIM2
SIM3
SIM4
1
21
22
SIM5
SIM1
SIM2
SIM3
SIM4
1
21
22
SIM5
SIM1
SIM2
SIM3
SIM4
1
21
22
SIM5
SIM1
SIM2
SIM3
SIM4
1
21
22
SIM5
SIM1
SIM2
SIM3
SIM4
1
21
22
SIM5
SIM1
SIM2
SIM3
SIM4
1
21
22
SIM5
SIM1
SIM2
SIM3
SIM4
1
21
22
SIM5
SIM1
SIM2
SIM3
SIM4
1
21
22
SIM5
SIM1
SIM2
SIM3
SIM4
1
21
22
SIM5
SIM1
SIM2
SIM3
SIM4
1
21
22
SIM5
SIM1
SIM2
SIM3
SIM4
1
21
22
SIM5
SIM1
SIM2
SIM3
SIM4
1
21
22
SIM5
SIM1
SIM2
SIM3
SIM4
1
21
22
SIM5
SIM1
SIM2
SIM3
SIM4
1
21
22
SIM5
SIM1
SIM2
SIM3
SIM4
1
21
22
SIM5
SIM1
SIM2
SIM3
SIM4
1
21
22
SIM5
SIM1
SIM2
SIM3
SIM4
1
21
22
SIM5
SIM1
SIM2
SIM3
SIM4
1
21
22
SIM5
SIM1
SIM2
SIM3
SIM4
1
21
22
SIM5
SIM1
SIM2
SIM3
SIM4
1
21
22
SIM5
SIM1
SIM2
SIM3
SIM4
1
21
22
SIM5
SIM1
SIM2
SIM3
SIM4
1
21
22
SIM5
SIM1
SIM2
SIM3
SIM4
1
21
22
SIM5
SIM1
SIM2
SIM3
SIM4
1
21
22
SIM5
SIM1
SIM2
SIM3
SIM4
1
21
22
SIM5
SIM1
SIM2
SIM3
SIM4
1
21
22
SIM5
SIM1
SIM2
SIM3
SIM4
1
21
22
SIM5
SIM1
SIM2
SIM3
SIM4
1
21
22
SIM5
SIM1
SIM2
SIM3
SIM4
1
21
22
SIM5
SIM1
SIM2
SIM3
SIM4
1
21
22
SIM5
SIM1
SIM2
SIM3
SIM4
1
21
22
SIM5
SIM1
SIM2
SIM3
SIM4
1
21
22
SIM5
SIM1
SIM2
SIM3
SIM4
1
21
22
SIM5
SIM1
SIM2
SIM3
SIM4
1
21
22
SIM5
SIM1
SIM2
SIM3
SIM4
1
21
22
SIM5
SIM1
SIM2
SIM3
SIM4
1
21
22
SIM5
SIM1
SIM2
SIM3
SIM4
1
21
22
SIM5
SIM1
SIM2
SIM3
SIM4
1
21
22
SIM5
SIM1
SIM2
SIM3
SIM4
1
21
22
SIM5
SIM1
SIM2
SIM3
SIM4
1
21
22
SIM5
SIM1
SIM2
SIM3
SIM4
1
21
22
SIM5
SIM1
SIM2
SIM3
SIM4
1
21
22
SIM5
SIM1
SIM2
SIM3
SIM4
1
21
22
SIM5
SIM1
SIM2
SIM3
SIM4
1
21
22
SIM5
SIM1
SIM2
SIM3
SIM4
1
21
22
SIM5
SIM1
SIM2
SIM3
SIM4
1
21
22
SIM5
SIM1
SIM2
SIM3
SIM4
1
21
22
SIM5
SIM1
SIM2
SIM3
SIM4
1
21
22
SIM5
SIM1
SIM2
SIM3
SIM4
1
21
22
SIM5
SIM1
SIM2
SIM3
SIM4
1
21
22
SIM5
SIM1
SIM2
SIM3
SIM4
1
21
22
SIM5
SIM1
SIM2
SIM3
SIM4
1
21
22
SIM5
SIM1
SIM2
SIM3
SIM4
1
21
22
SIM5
SIM1
SIM2
SIM3
SIM4
1
21
22
SIM5
SIM1
SIM2
SIM3
SIM4
1
21
22
SIM5
SIM1
SIM2
SIM3
SIM4
1
21
22
SIM5
SIM1
SIM2
SIM3
SIM4
1
21
22
SIM5
SIM1
SIM2
SIM3
SIM4
1
21
22
SIM5
SIM1
SIM2
SIM3
SIM4
1
21
22
SIM5
SIM1
SIM2
SIM3
SIM4
1
21
22
SIM5
SIM1
SIM2
SIM3
SIM4
1
21
22
SIM5
SIM1
SIM2
SIM3
SIM4
1
21
22
SIM5
SIM1
SIM2
SIM3
SIM4
1
21
22
SIM5
SIM1
SIM2
SIM3
SIM4
1
21
22
SIM5
SIM1
SIM2
SIM3
SIM4
1
21
22
SIM5
SIM1
SIM2
SIM3
SIM4
1
21
22
SIM5
SIM1
SIM2
SIM3
SIM4
1
21
22
SIM5
SIM1
SIM2
SIM3
SIM4
1
21
22
SIM5
SIM1
SIM2
SIM3
SIM4
1
21
22
SIM5
SIM1
SIM2
SIM3
SIM4
1
21
22
SIM5
SIM1
SIM2
SIM3
SIM4
1
21
22
SIM5
SIM1
SIM2
SIM3
SIM4
1
21
22
SIM5
SIM1
SIM2
SIM3
SIM4
1
21
22
SIM5
SIM1
SIM2
SIM3
SIM4
1
21
22
SIM5
SIM1
SIM2
SIM3
SIM4
1
21
22
SIM5
SIM1
SIM2
SIM3
SIM4
1
21
22
SIM5
SIM1
SIM2
SIM3
SIM4
1
21
22
SIM5
SIM1
SIM2
SIM3
SIM4
1
21
22
SIM5
SIM1
SIM2
SIM3
SIM4
1
21
22
SIM5
SIM1
SIM2
SIM3
SIM4
1
21
22
SIM5
SIM1
SIM2
SIM3
SIM4
1
21
22
SIM5
SIM1
SIM2
SIM3
SIM4
1
21
22
SIM5
SIM1
SIM2
SIM3
SIM4
1
21
22
SIM5
SIM1
SIM2
SIM3
SIM4
1
21
22
SIM5
SIM1
SIM2
SIM3
SIM4
1
21
22
SIM5
SIM1
SIM2
SIM3
SIM4
1
21
22
SIM5
SIM1
SIM2
SIM3
SIM4
1
21
22
SIM5
SIM1
SIM2
SIM3
SIM4
1
21
22
SIM5
SIM1
SIM2
SIM3
SIM4
1
21
22
SIM5
SIM1
SIM2
SIM3
SIM4
1
21
22
SIM5
SIM1
SIM2
SIM3
SIM4
1
21
22
SIM5
SIM1
SIM2
SIM3
SIM4
1
21
22
SIM5
SIM1
SIM2
SIM3
SIM4
1
21
22
SIM5
SIM1
SIM2
SIM3
SIM4
1
21
22
SIM5
SIM1
SIM2
SIM3
SIM4
1
21
22
SIM5
SIM1
SIM2
SIM3
SIM4
1
21
22
SIM5
SIM1
SIM2
SIM3
SIM4
1
21
22
SIM5
SIM1
SIM2
SIM3
SIM4
1
21
22
SIM5
SIM1
SIM2
SIM3
SIM4
1
21
22
SIM5
SIM1
SIM2
SIM3
SIM4
1
21
22
SIM5
SIM1
SIM2
SIM3
SIM4
1
21
22
SIM5
SIM1
SIM2
SIM3
SIM4
1
21
22
SIM5
SIM1
SIM2
SIM3
SIM4
1
21
22
SIM5
SIM1
SIM2
SIM3
SIM4
1
21
22
SIM5
SIM1
SIM2
SIM3
SIM4
1
21
22
SIM5
SIM1
SIM2
SIM3
SIM4
1
21
22
SIM5
SIM1
SIM2
SIM3
SIM4
1
21
22
SIM5
SIM1
SIM2
SIM3
SIM4
1
21
22
SIM5
SIM1
SIM2
SIM3
SIM4
1
21
22
SIM5
SIM1
SIM2
SIM3
SIM4
1
21
22
SIM5
SIM1
SIM2
SIM3
SIM4
1
21
22
SIM5
SIM1
SIM2
SIM3
SIM4
1
21
22
SIM5
SIM1
SIM2
SIM3
SIM4
1
21
22
SIM5
SIM1
SIM2
SIM3
SIM4
1
21
22
SIM5
SIM1
SIM2
SIM3
SIM4
1
21
22
SIM5
SIM1
SIM2
SIM3
SIM4
1
21
22
SIM5
SIM1
SIM2
SIM3
SIM4
1
21
22
SIM5
SIM1
SIM2
SIM3
SIM4
1
21
22
SIM5
SIM1
SIM2
SIM3
SIM4
1
21
22
SIM5
SIM1
SIM2
SIM3
SIM4
1
21
22
SIM5
SIM1
SIM2
SIM3
SIM4
1
21
22
SIM5
SIM1
SIM2
SIM3
SIM4
1
21
22
SIM5
SIM1
SIM2
SIM3
SIM4
1
21
22
SIM5
SIM1
SIM2
SIM3
SIM4
1
21
22
SIM5
SIM1
SIM2
SIM3
SIM4
1
21
22
SIM5
SIM1
SIM2
SIM3
SIM4
1
21
22
SIM5
SIM1
SIM2
SIM3
SIM4
1
21
22
SIM5
SIM1
SIM2
SIM3
SIM4
1
21
22
SIM5
SIM1
SIM2
SIM3
SIM4
1
21
22
SIM5
SIM1
SIM2
SIM3
SIM4
1
21
22
SIM5
SIM1
SIM2
SIM3
SIM4
1
21
22
SIM5
SIM1
SIM2
SIM3
SIM4
1
21
22
SIM5
SIM1
SIM2
SIM3
SIM4
1
21
22
SIM5
SIM1
SIM2
SIM3
SIM4
1
21
22
SIM5
SIM1
SIM2
SIM3
SIM4
1
21
22
SIM5
SIM1
SIM2
SIM3
SIM4
1
21
22
SIM5
SIM1
SIM2
SIM3
SIM4
1
21
22
SIM5
SIM1
SIM2
SIM3
SIM4
1
21
22
SIM5
SIM1
SIM2
SIM3
SIM4
1
21
22
SIM5
SIM1
SIM2
SIM3
SIM4
1
21
22
SIM5
SIM1
SIM2
SIM3
SIM4
1
21
22
SIM5
SIM1
SIM2
SIM3
SIM4
1
21
22
SIM5
SIM1
SIM2
SIM3
SIM4
1
21
22
SIM5
SIM1
SIM2
SIM3
SIM4
1
21
22
SIM5
SIM1
SIM2
SIM3
SIM4
1
21
22
SIM5
SIM1
SIM2
SIM3
SIM4
1
21
22
SIM5
SIM1
SIM2
SIM3
SIM4
1
21
22
SIM5
SIM1
SIM2
SIM3
SIM4
1
21
22
SIM5
SIM1
SIM2
SIM3
SIM4
1
21
22
SIM5
SIM1
SIM2
SIM3
SIM4
1
21
22
SIM5
SIM1
SIM2
SIM3
SIM4
1
21
22
SIM5
SIM1
SIM2
SIM3
SIM4
1
21
22
SIM5
SIM1
SIM2
SIM3
SIM4
1
21
22
SIM5
SIM1
SIM2
SIM3
SIM4
1
21
22
SIM5
SIM1
SIM2
SIM3
SIM4
1
21
22
SIM5
SIM1
SIM2
SIM3
SIM4
1
21
22
SIM5
SIM1
SIM2
SIM3
SIM4
1
21
22
SIM5
SIM1
SIM2
SIM3
SIM4
1
21
22
SIM5
SIM1
SIM2
SIM3
SIM4
1
21
22
SIM5
SIM1
SIM2
SIM3
SIM4
1
21
22
SIM5
SIM1
SIM2
SIM3
SIM4
1
21
22
SIM5
SIM1
SIM2
SIM3
SIM4
1
21
22
SIM5
SIM1
SIM2
SIM3
SIM4
1
21
22
SIM5
SIM1
SIM2
SIM3
SIM4
1
21
22
SIM5
SIM1
SIM2
SIM3
SIM4
1
21
22
SIM5
SIM1
SIM2
SIM3
SIM4
1
21
22
SIM5
SIM1
SIM2
SIM3
SIM4
1
21
22
SIM5
SIM1
SIM2
SIM3
SIM4
1
21
22
SIM5
SIM1
SIM2
SIM3
SIM4
1
21
22
SIM5
SIM1
SIM2
SIM3
SIM4
1
21
22
SIM5
SIM1
SIM2
SIM3
SIM4
1
21
22
SIM5
SIM1
SIM2
SIM3
SIM4
1
21
22
SIM5
SIM1
SIM2
SIM3
SIM4
1
21
22
SIM5
SIM1
SIM2
SIM3
SIM4
1
21
22
SIM5
SIM1
SIM2
SIM3
SIM4
1
21
22
SIM5
SIM1
SIM2
SIM3
SIM4
1
21
22
SIM5
SIM1
SIM2
SIM3
SIM4
1
21
22
SIM5
SIM1
SIM2
SIM3
SIM4
1
21
22
SIM5
SIM1
SIM2
SIM3
SIM4
1
21
22
SIM5
SIM1
SIM2
SIM3
SIM4
1
21
22
SIM5
SIM1
SIM2
SIM3
SIM4
1
21
22
SIM5
SIM1
SIM2
SIM3
SIM4
1
21
22
SIM5
SIM1
SIM2
SIM3
SIM4
1
21
22
SIM5
SIM1
SIM2
SIM3
SIM4
1
21
22
SIM5
SIM1
SIM2
SIM3
SIM4
1
21
22
SIM5
SIM1
SIM2
SIM3
SIM4
1
21
22
SIM5
SIM1
SIM2
SIM3
SIM4
1
21
22
SIM5
SIM1
SIM2
SIM3
SIM4
1
21
22
SIM5
SIM1
SIM2
SIM3
SIM4
1
21
22
SIM5
SIM1
SIM2
SIM3
SIM4
1
21
22
SIM5
SIM1
SIM2
SIM3
SIM4
1
21
22
SIM5
SIM1
SIM2
SIM3
SIM4
1
21
22
SIM5
SIM1
SIM2
SIM3
SIM4
1
21
22
SIM5
SIM1
SIM2
SIM3
SIM4
1
21
22
SIM5
SIM1
SIM2
SIM3
SIM4
1
21
22
SIM5
SIM1
SIM2
SIM3
SIM4
1
21
22
SIM5
SIM1
SIM2
SIM3
SIM4
1
21
22
SIM5
SIM1
SIM2
SIM3
SIM4
1
21
22
SIM5
SIM1
SIM2
SIM3
SIM4
1
21
22
SIM5
SIM1
SIM2
SIM3
SIM4
1
21
22
SIM5
SIM1
SIM2
SIM3
SIM4
1
21
22
SIM5
SIM1
SIM2
SIM3
SIM4
1
21
22
SIM5
SIM1
SIM2
SIM3
SIM4
1
21
22
SIM5
SIM1
SIM2
SIM3
SIM4
1
21
22
SIM5
SIM1
SIM2
SIM3
SIM4
1
21
22
SIM5
SIM1
SIM2
SIM3
SIM4
1
21
22
SIM5
SIM1
SIM2
SIM3
SIM4
1
21
22
SIM5
SIM1
SIM2
SIM3
SIM4
1
21
22
SIM5
SIM1
SIM2
SIM3
SIM4
1
21
22
SIM5
SIM1
SIM2
SIM3
SIM4
1
21
22
SIM5
SIM1
SIM2
SIM3
SIM4
1
21
22
SIM5
SIM1
SIM2
SIM3
SIM4
1
21
22
SIM5
SIM1
SIM2
SIM3
SIM4
1
21
22
SIM5
SIM1
SIM2
SIM3
SIM4
1
21
22
SIM5
SIM1
SIM2
SIM3
SIM4
1
21
22
SIM5
SIM1
SIM2
SIM3
SIM4
1
21
22
SIM5
SIM1
SIM2
SIM3
SIM4
1
21
22
SIM5
SIM1
SIM2
SIM3
SIM4
1
21
22
SIM5
SIM1
SIM2
SIM3
SIM4
1
21
22
SIM5
SIM1
SIM2
SIM3
SIM4
1
21
22
SIM5
SIM1
SIM2
SIM3
SIM4
1
21
22
SIM5
SIM1
SIM2
SIM3
SIM4
1
21
22
SIM5
SIM1
SIM2
SIM3
SIM4
1
21
22
SIM5
SIM1
SIM2
SIM3
SIM4
1
21
22
SIM5
SIM1
SIM2
SIM3
SIM4
1
21
22
SIM5
SIM1
SIM2
SIM3
SIM4
1
21
22
SIM5
SIM1
SIM2
SIM3
SIM4
1
21
22
SIM5
SIM1
SIM2
SIM3
SIM4
1
21
22
SIM5
SIM1
SIM2
SIM3
SIM4
1
21
22
SIM5
SIM1
SIM2
SIM3
SIM4
1
21
22
SIM5
SIM1
SIM2
SIM3
SIM4
1
21
22
SIM5
SIM1
SIM2
SIM3
SIM4
1
21
22
SIM5
SIM1
SIM2
SIM3
SIM4
1
21
22
SIM5
SIM1
SIM2
SIM3
SIM4
1
21
22
SIM5
SIM1
SIM2
SIM3
SIM4
1
21
22
SIM5
SIM1
SIM2
SIM3
SIM4
1
21
22
SIM5
SIM1
SIM2
DEBUG 1 925
SIM1
SIM2
SIM3
SIM4
1
21
22
SIM5
SIM1
SIM2
SIM3
SIM4
1
21
22
SIM5
SIM1
SIM2
SIM3
SIM4
1
21
22
SIM5
SIM1
SIM2
SIM3
SIM4
1
21
22
SIM5
SIM1
SIM2
SIM3
SIM4
1
21
22
SIM5
SIM1
SIM2
SIM3
SIM4
1
21
22
SIM5
SIM1
SIM2
SIM3
SIM4
1
21
22
SIM5
SIM1
SIM2
SIM3
SIM4
1
21
22
SIM5
SIM1
SIM2
SIM3
SIM4
1
21
22
SIM5
SIM1
SIM2
SIM3
SIM4
1
21
22
SIM5
SIM1
SIM2
SIM3
SIM4
1
21
22
SIM5
SIM1
SIM2
SIM3
SIM4
1
21
22
SIM5
SIM1
SIM2
SIM3
SIM4
1
21
22
SIM5
SIM1
SIM2
SIM3
SIM4
1
21
22
SIM5
SIM1
SIM2
SIM3
SIM4
1
21
22
SIM5
SIM1
SIM2
SIM3
SIM4
1
21
22
SIM5
SIM1
SIM2
SIM3
SIM4
1
21
22
SIM5
SIM1
SIM2
SIM3
SIM4
1
21
22
SIM5
SIM1
SIM2
SIM3
SIM4
1
21
22
SIM5
SIM1
SIM2
SIM3
SIM4
1
21
22
SIM5
SIM1
SIM2
SIM3
SIM4
1
21
22
SIM5
SIM1
SIM2
SIM3
SIM4
1
21
22
SIM5
SIM1
SIM2
SIM3
SIM4
1
21
22
SIM5
SIM1
SIM2
SIM3
SIM4
1
21
22
SIM5
SIM1
SIM2
SIM3
SIM4
1
21
22
SIM5
SIM1
SIM2
SIM3
SIM4
1
21
22
SIM5
SIM1
SIM2
SIM3
SIM4
1
21
22
SIM5
SIM1
SIM2
SIM3
SIM4
1
21
22
SIM5
SIM1
SIM2
SIM3
SIM4
1
21
22
SIM5
SIM1
SIM2
SIM3
SIM4
1
21
22
SIM5
SIM1
SIM2
SIM3
SIM4
1
21
22
SIM5
SIM1
SIM2
SIM3
SIM4
1
21
22
SIM5
SIM1
SIM2
SIM3
SIM4
1
21
22
SIM5
SIM1
SIM2
SIM3
SIM4
1
21
22
SIM5
SIM1
SIM2
SIM3
SIM4
1
21
22
SIM5
SIM1
SIM2
SIM3
SIM4
1
21
22
SIM5
SIM1
SIM2
SIM3
SIM4
1
21
22
SIM5
SIM1
SIM2
SIM3
SIM4
1
21
22
SIM5
SIM1
SIM2
SIM3
SIM4
1
21
22
SIM5
SIM1
SIM2
SIM3
SIM4
1
21
22
SIM5
SIM1
SIM2
SIM3
SIM4
1
21
22
SIM5
SIM1
SIM2
SIM3
SIM4
1
21
22
SIM5
SIM1
SIM2
SIM3
SIM4
1
21
22
SIM5
SIM1
SIM2
SIM3
SIM4
1
21
22
SIM5
SIM1
SIM2
SIM3
SIM4
1
21
22
SIM5
SIM1
SIM2
SIM3
SIM4
1
21
22
SIM5
SIM1
SIM2
SIM3
SIM4
1
21
22
SIM5
SIM1
SIM2
SIM3
SIM4
1
21
22
SIM5
SIM1
SIM2
SIM3
SIM4
1
21
22
SIM5
SIM1
SIM2
SIM3
SIM4
1
21
22
SIM5
SIM1
SIM2
SIM3
SIM4
1
21
22
SIM5
SIM1
SIM2
SIM3
SIM4
1
21
22
SIM5
SIM1
SIM2
SIM3
SIM4
1
21
22
SIM5
SIM1
SIM2
SIM3
SIM4
1
21
22
SIM5
SIM1
SIM2
SIM3
SIM4
1
21
22
SIM5
SIM1
SIM2
SIM3
SIM4
1
21
22
SIM5
SIM1
SIM2
SIM3
SIM4
1
21
22
SIM5
SIM1
SIM2
SIM3
SIM4
1
21
22
SIM5
SIM1
SIM2
SIM3
SIM4
1
21
22
SIM5
SIM1
SIM2
SIM3
SIM4
1
21
22
SIM5
SIM1
SIM2
SIM3
SIM4
1
21
22
SIM5
SIM1
SIM2
SIM3
SIM4
1
21
22
SIM5
SIM1
SIM2
SIM3
SIM4
1
21
22
SIM5
SIM1
SIM2
SIM3
SIM4
1
21
22
SIM5
SIM1
SIM2
SIM3
SIM4
1
21
22
SIM5
SIM1
SIM2
SIM3
SIM4
1
21
22
SIM5
SIM1
SIM2
SIM3
SIM4
1
21
22
SIM5
SIM1
SIM2
SIM3
SIM4
1
21
22
SIM5
SIM1
SIM2
SIM3
SIM4
1
21
22
SIM5
SIM1
SIM2
SIM3
SIM4
1
21
22
SIM5
SIM1
SIM2
SIM3
SIM4
1
21
22
SIM5
SIM1
SIM2
SIM3
SIM4
1
21
22
SIM5
SIM1
SIM2
SIM3
SIM4
1
21
22
SIM5
SIM1
SIM2
SIM3
SIM4
1
21
22
SIM5
SIM1
SIM2
SIM3
SIM4
1
21
22
SIM5
SIM1
SIM2
SIM3
SIM4
1
21
22
SIM5
SIM1
SIM2
SIM3
SIM4
1
21
22
SIM5
SIM1
SIM2
SIM3
SIM4
1
21
22
SIM5
SIM1
SIM2
SIM3
SIM4
1
21
22
SIM5
SIM1
SIM2
SIM3
SIM4
1
21
22
SIM5
SIM1
SIM2
SIM3
SIM4
1
21
22
SIM5
SIM1
SIM2
SIM3
SIM4
1
21
22
SIM5
SIM1
SIM2
SIM3
SIM4
1
21
22
SIM5
SIM1
SIM2
SIM3
SIM4
1
21
22
SIM5
SIM1
SIM2
SIM3
SIM4
1
21
22
SIM5
SIM1
SIM2
SIM3
SIM4
1
21
22
SIM5
SIM1
SIM2
SIM3
SIM4
1
21
22
SIM5
SIM1
SIM2
SIM3
SIM4
1
21
22
SIM5
SIM1
SIM2
SIM3
SIM4
1
21
22
SIM5
SIM1
SIM2
SIM3
SIM4
1
21
22
SIM5
SIM1
SIM2
SIM3
SIM4
1
21
22
SIM5
SIM1
SIM2
SIM3
SIM4
1
21
22
SIM5
SIM1
SIM2
SIM3
SIM4
1
21
22
SIM5
SIM1
SIM2
SIM3
SIM4
1
21
22
SIM5
SIM1
SIM2
SIM3
SIM4
1
21
22
SIM5
SIM1
SIM2
SIM3
SIM4
1
21
22
SIM5
SIM1
SIM2
SIM3
SIM4
1
21
22
SIM5
SIM1
SIM2
SIM3
SIM4
1
21
22
SIM5
SIM1
SIM2
SIM3
SIM4
1
21
22
SIM5
SIM1
SIM2
SIM3
SIM4
1
21
22
SIM5
SIM1
SIM2
SIM3
SIM4
1
21
22
SIM5
SIM1
SIM2
SIM3
SIM4
1
21
22
SIM5
SIM1
SIM2
SIM3
SIM4
1
21
22
SIM5
SIM1
SIM2
SIM3
SIM4
1
21
22
SIM5
SIM1
SIM2
SIM3
SIM4
1
21
22
SIM5
SIM1
SIM2
SIM3
SIM4
1
21
22
SIM5
SIM1
SIM2
SIM3
SIM4
1
21
22
SIM5
SIM1
SIM2
SIM3
SIM4
1
21
22
SIM5
SIM1
SIM2
SIM3
SIM4
1
21
22
SIM5
SIM1
SIM2
SIM3
SIM4
1
21
22
SIM5
SIM1
SIM2
SIM3
SIM4
1
21
22
SIM5
SIM1
SIM2
SIM3
SIM4
1
21
22
SIM5
SIM1
SIM2
SIM3
SIM4
1
21
22
SIM5
SIM1
SIM2
SIM3
SIM4
1
21
22
SIM5
SIM1
SIM2
SIM3
SIM4
1
21
22
SIM5
SIM1
SIM2
SIM3
SIM4
1
21
22
SIM5
SIM1
SIM2
SIM3
SIM4
1
21
22
SIM5
SIM1
SIM2
SIM3
SIM4
1
21
22
SIM5
SIM1
SIM2
SIM3
SIM4
1
21
22
SIM5
SIM1
SIM2
SIM3
SIM4
1
21
22
SIM5
SIM1
SIM2
SIM3
SIM4
1
21
22
SIM5
SIM1
SIM2
SIM3
SIM4
1
21
22
SIM5
SIM1
SIM2
SIM3
SIM4
1
21
22
SIM5
SIM1
SIM2
SIM3
SIM4
1
21
22
SIM5
SIM1
SIM2
SIM3
SIM4
1
21
22
SIM5
SIM1
SIM2
SIM3
SIM4
1
21
22
SIM5
SIM1
SIM2
SIM3
SIM4
1
21
22
SIM5
SIM1
SIM2
SIM3
SIM4
1
21
22
SIM5
SIM1
SIM2
SIM3
SIM4
1
21
22
SIM5
SIM1
SIM2
SIM3
SIM4
1
21
22
SIM5
SIM1
SIM2
SIM3
SIM4
1
21
22
SIM5
SIM1
SIM2
SIM3
SIM4
1
21
22
SIM5
SIM1
SIM2
SIM3
SIM4
1
21
22
SIM5
SIM1
SIM2
SIM3
SIM4
1
21
22
SIM5
SIM1
SIM2
SIM3
SIM4
1
21
22
SIM5
SIM1
SIM2
SIM3
SIM4
1
21
22
SIM5
SIM1
SIM2
SIM3
SIM4
1
21
22
SIM5
SIM1
SIM2
SIM3
SIM4
1
21
22
SIM5
SIM1
SIM2
SIM3
SIM4
1
21
22
SIM5
SIM1
SIM2
SIM3
SIM4
1
21
22
SIM5
SIM1
SIM2
SIM3
SIM4
1
21
22
SIM5
SIM1
SIM2
SIM3
SIM4
1
21
22
SIM5
SIM1
SIM2
SIM3
SIM4
1
21
22
SIM5
SIM1
SIM2
SIM3
SIM4
1
21
22
SIM5
SIM1
SIM2
SIM3
SIM4
1
21
22
SIM5
SIM1
SIM2
SIM3
SIM4
1
21
22
SIM5
SIM1
SIM2
SIM3
SIM4
1
21
22
SIM5
SIM1
SIM2
SIM3
SIM4
1
21
22
SIM5
SIM1
SIM2
SIM3
SIM4
1
21
22
SIM5
SIM1
SIM2
SIM3
SIM4
1
21
22
SIM5
SIM1
SIM2
SIM3
SIM4
1
21
22
SIM5
SIM1
SIM2
SIM3
SIM4
1
21
22
SIM5
SIM1
SIM2
SIM3
SIM4
1
21
22
SIM5
SIM1
SIM2
SIM3
SIM4
1
21
22
SIM5
SIM1
SIM2
SIM3
SIM4
1
21
22
SIM5
SIM1
SIM2
SIM3
SIM4
1
21
22
SIM5
SIM1
SIM2
SIM3
SIM4
1
21
22
SIM5
SIM1
SIM2
SIM3
SIM4
1
21
22
SIM5
SIM1
SIM2
SIM3
SIM4
1
21
22
SIM5
SIM1
SIM2
SIM3
SIM4
1
21
22
SIM5
SIM1
SIM2
SIM3
SIM4
1
21
22
SIM5
SIM1
SIM2
SIM3
SIM4
1
21
22
SIM5
SIM1
SIM2
SIM3
SIM4
1
21
22
SIM5
SIM1
SIM2
SIM3
SIM4
1
21
22
SIM5
SIM1
SIM2
DEBUG 1 926
SIM1
SIM2
SIM3
SIM4
1
21
22
SIM5
SIM1
SIM2
SIM3
SIM4
1
21
22
SIM5
SIM1
SIM2
SIM3
SIM4
1
21
22
SIM5
SIM1
SIM2
SIM3
SIM4
1
21
22
SIM5
SIM1
SIM2
SIM3
SIM4
1
21
22
SIM5
SIM1
SIM2
SIM3
SIM4
1
21
22
SIM5
SIM1
SIM2
SIM3
SIM4
1
21
22
SIM5
SIM1
SIM2
SIM3
SIM4
1
21
22
SIM5
SIM1
SIM2
SIM3
SIM4
1
21
22
SIM5
SIM1
SIM2
SIM3
SIM4
1
21
22
SIM5
SIM1
SIM2
SIM3
SIM4
1
21
22
SIM5
SIM1
SIM2
SIM3
SIM4
1
21
22
SIM5
SIM1
SIM2
SIM3
SIM4
1
21
22
SIM5
SIM1
SIM2
SIM3
SIM4
1
21
22
SIM5
SIM1
SIM2
SIM3
SIM4
1
21
22
SIM5
SIM1
SIM2
SIM3
SIM4
1
21
22
SIM5
SIM1
SIM2
SIM3
SIM4
1
21
22
SIM5
SIM1
SIM2
SIM3
SIM4
1
21
22
SIM5
SIM1
SIM2
SIM3
SIM4
1
21
22
SIM5
SIM1
SIM2
SIM3
SIM4
1
21
22
SIM5
SIM1
SIM2
SIM3
SIM4
1
21
22
SIM5
SIM1
SIM2
SIM3
SIM4
1
21
22
SIM5
SIM1
SIM2
SIM3
SIM4
1
21
22
SIM5
SIM1
SIM2
SIM3
SIM4
1
21
22
SIM5
SIM1
SIM2
SIM3
SIM4
1
21
22
SIM5
SIM1
SIM2
SIM3
SIM4
1
21
22
SIM5
SIM1
SIM2
SIM3
SIM4
1
21
22
SIM5
SIM1
SIM2
SIM3
SIM4
1
21
22
SIM5
SIM1
SIM2
SIM3
SIM4
1
21
22
SIM5
SIM1
SIM2
SIM3
SIM4
1
21
22
SIM5
SIM1
SIM2
SIM3
SIM4
1
21
22
SIM5
SIM1
SIM2
SIM3
SIM4
1
21
22
SIM5
SIM1
SIM2
SIM3
SIM4
1
21
22
SIM5
SIM1
SIM2
SIM3
SIM4
1
21
22
SIM5
SIM1
SIM2
SIM3
SIM4
1
21
22
SIM5
SIM1
SIM2
SIM3
SIM4
1
21
22
SIM5
SIM1
SIM2
SIM3
SIM4
1
21
22
SIM5
SIM1
SIM2
SIM3
SIM4
1
21
22
SIM5
SIM1
SIM2
SIM3
SIM4
1
21
22
SIM5
SIM1
SIM2
SIM3
SIM4
1
21
22
SIM5
SIM1
SIM2
SIM3
SIM4
1
21
22
SIM5
SIM1
SIM2
SIM3
SIM4
1
21
22
SIM5
SIM1
SIM2
SIM3
SIM4
1
21
22
SIM5
SIM1
SIM2
SIM3
SIM4
1
21
22
SIM5
SIM1
SIM2
SIM3
SIM4
1
21
22
SIM5
SIM1
SIM2
SIM3
SIM4
1
21
22
SIM5
SIM1
SIM2
SIM3
SIM4
1
21
22
SIM5
SIM1
SIM2
SIM3
SIM4
1
21
22
SIM5
SIM1
SIM2
SIM3
SIM4
1
21
22
SIM5
SIM1
SIM2
SIM3
SIM4
1
21
22
SIM5
SIM1
SIM2
SIM3
SIM4
1
21
22
SIM5
SIM1
SIM2
SIM3
SIM4
1
21
22
SIM5
SIM1
SIM2
SIM3
SIM4
1
21
22
SIM5
SIM1
SIM2
SIM3
SIM4
1
21
22
SIM5
SIM1
SIM2
SIM3
SIM4
1
21
22
SIM5
SIM1
SIM2
SIM3
SIM4
1
21
22
SIM5
SIM1
SIM2
SIM3
SIM4
1
21
22
SIM5
SIM1
SIM2
SIM3
SIM4
1
21
22
SIM5
SIM1
SIM2
SIM3
SIM4
1
21
22
SIM5
SIM1
SIM2
SIM3
SIM4
1
21
22
SIM5
SIM1
SIM2
SIM3
SIM4
1
21
22
SIM5
SIM1
SIM2
SIM3
SIM4
1
21
22
SIM5
SIM1
SIM2
SIM3
SIM4
1
21
22
SIM5
SIM1
SIM2
SIM3
SIM4
1
21
22
SIM5
SIM1
SIM2
SIM3
SIM4
1
21
22
SIM5
SIM1
SIM2
SIM3
SIM4
1
21
22
SIM5
SIM1
SIM2
SIM3
SIM4
1
21
22
SIM5
SIM1
SIM2
SIM3
SIM4
1
21
22
SIM5
SIM1
SIM2
SIM3
SIM4
1
21
22
SIM5
SIM1
SIM2
SIM3
SIM4
1
21
22
SIM5
SIM1
SIM2
SIM3
SIM4
1
21
22
SIM5
SIM1
SIM2
SIM3
SIM4
1
21
22
SIM5
SIM1
SIM2
SIM3
SIM4
1
21
22
SIM5
SIM1
SIM2
SIM3
SIM4
1
21
22
SIM5
SIM1
SIM2
SIM3
SIM4
1
21
22
SIM5
SIM1
SIM2
SIM3
SIM4
1
21
22
SIM5
SIM1
SIM2
SIM3
SIM4
1
21
22
SIM5
SIM1
SIM2
SIM3
SIM4
1
21
22
SIM5
SIM1
SIM2
SIM3
SIM4
1
21
22
SIM5
SIM1
SIM2
SIM3
SIM4
1
21
22
SIM5
SIM1
SIM2
SIM3
SIM4
1
21
22
SIM5
SIM1
SIM2
SIM3
SIM4
1
21
22
SIM5
SIM1
SIM2
SIM3
SIM4
1
21
22
SIM5
SIM1
SIM2
SIM3
SIM4
1
21
22
SIM5
SIM1
SIM2
SIM3
SIM4
1
21
22
SIM5
SIM1
SIM2
SIM3
SIM4
1
21
22
SIM5
SIM1
SIM2
SIM3
SIM4
1
21
22
SIM5
SIM1
SIM2
SIM3
SIM4
1
21
22
SIM5
SIM1
SIM2
SIM3
SIM4
1
21
22
SIM5
SIM1
SIM2
SIM3
SIM4
1
21
22
SIM5
SIM1
SIM2
SIM3
SIM4
1
21
22
SIM5
SIM1
SIM2
SIM3
SIM4
1
21
22
SIM5
SIM1
SIM2
SIM3
SIM4
1
21
22
SIM5
SIM1
SIM2
SIM3
SIM4
1
21
22
SIM5
SIM1
SIM2
SIM3
SIM4
1
21
22
SIM5
SIM1
SIM2
SIM3
SIM4
1
21
22
SIM5
SIM1
SIM2
SIM3
SIM4
1
21
22
SIM5
SIM1
SIM2
SIM3
SIM4
1
21
22
SIM5
SIM1
SIM2
SIM3
SIM4
1
21
22
SIM5
SIM1
SIM2
SIM3
SIM4
1
21
22
SIM5
SIM1
SIM2
SIM3
SIM4
1
21
22
SIM5
SIM1
SIM2
SIM3
SIM4
1
21
22
SIM5
SIM1
SIM2
SIM3
SIM4
1
21
22
SIM5
SIM1
SIM2
SIM3
SIM4
1
21
22
SIM5
SIM1
SIM2
SIM3
SIM4
1
21
22
SIM5
SIM1
SIM2
SIM3
SIM4
1
21
22
SIM5
SIM1
SIM2
SIM3
SIM4
1
21
22
SIM5
SIM1
SIM2
SIM3
SIM4
1
21
22
SIM5
SIM1
SIM2
SIM3
SIM4
1
21
22
SIM5
SIM1
SIM2
SIM3
SIM4
1
21
22
SIM5
SIM1
SIM2
SIM3
SIM4
1
21
22
SIM5
SIM1
SIM2
SIM3
SIM4
1
21
22
SIM5
SIM1
SIM2
SIM3
SIM4
1
21
22
SIM5
SIM1
SIM2
SIM3
SIM4
1
21
22
SIM5
SIM1
SIM2
SIM3
SIM4
1
21
22
SIM5
SIM1
SIM2
SIM3
SIM4
1
21
22
SIM5
SIM1
SIM2
SIM3
SIM4
1
21
22
SIM5
SIM1
SIM2
SIM3
SIM4
1
21
22
SIM5
SIM1
SIM2
SIM3
SIM4
1
21
22
SIM5
SIM1
SIM2
SIM3
SIM4
1
21
22
SIM5
SIM1
SIM2
SIM3
SIM4
1
21
22
SIM5
SIM1
SIM2
SIM3
SIM4
1
21
22
SIM5
SIM1
SIM2
SIM3
SIM4
1
21
22
SIM5
SIM1
SIM2
SIM3
SIM4
1
21
22
SIM5
SIM1
SIM2
SIM3
SIM4
1
21
22
SIM5
SIM1
SIM2
SIM3
SIM4
1
21
22
SIM5
SIM1
SIM2
SIM3
SIM4
1
21
22
SIM5
SIM1
SIM2
SIM3
SIM4
1
21
22
SIM5
SIM1
SIM2
SIM3
SIM4
1
21
22
SIM5
SIM1
SIM2
SIM3
SIM4
1
21
22
SIM5
SIM1
SIM2
SIM3
SIM4
1
21
22
SIM5
SIM1
SIM2
SIM3
SIM4
1
21
22
SIM5
SIM1
SIM2
SIM3
SIM4
1
21
22
SIM5
SIM1
SIM2
SIM3
SIM4
1
21
22
SIM5
SIM1
SIM2
SIM3
SIM4
1
21
22
SIM5
SIM1
SIM2
SIM3
SIM4
1
21
22
SIM5
SIM1
SIM2
SIM3
SIM4
1
21
22
SIM5
SIM1
SIM2
SIM3
SIM4
1
21
22
SIM5
SIM1
SIM2
SIM3
SIM4
1
21
22
SIM5
SIM1
SIM2
SIM3
SIM4
1
21
22
SIM5
SIM1
SIM2
SIM3
SIM4
1
21
22
SIM5
SIM1
SIM2
SIM3
SIM4
1
21
22
SIM5
SIM1
SIM2
SIM3
SIM4
1
21
22
SIM5
SIM1
SIM2
SIM3
SIM4
1
21
22
SIM5
SIM1
SIM2
SIM3
SIM4
1
21
22
SIM5
SIM1
SIM2
SIM3
SIM4
1
21
22
SIM5
SIM1
SIM2
SIM3
SIM4
1
21
22
SIM5
SIM1
SIM2
SIM3
SIM4
1
21
22
SIM5
SIM1
SIM2
SIM3
SIM4
1
21
22
SIM5
SIM1
SIM2
SIM3
SIM4
1
21
22
SIM5
SIM1
SIM2
SIM3
SIM4
1
21
22
SIM5
SIM1
SIM2
SIM3
SIM4
1
21
22
SIM5
SIM1
SIM2
SIM3
SIM4
1
21
22
SIM5
SIM1
SIM2
SIM3
SIM4
1
21
22
SIM5
SIM1
SIM2
SIM3
SIM4
1
21
22
SIM5
SIM1
SIM2
SIM3
SIM4
1
21
22
SIM5
SIM1
SIM2
SIM3
SIM4
1
21
22
SIM5
SIM1
SIM2
SIM3
SIM4
1
21
22
SIM5
SIM1
SIM2
SIM3
SIM4
1
21
22
SIM5
SIM1
SIM2
SIM3
SIM4
1
21
22
SIM5
SIM1
SIM2
SIM3
SIM4
1
21
22
SIM5
SIM1
SIM2
SIM3
SIM4
1
21
22
SIM5
SIM1
SIM2
SIM3
SIM4
1
21
22
SIM5
SIM1
SIM2
SIM3
SIM4
1
21
22
SIM5
SIM1
SIM2
SIM3
SIM4
1
21
22
SIM5
SIM1
SIM2
SIM3
SIM4
1
21
22
SIM5
SIM1
SIM2
SIM3
SIM4
1
21
22
SIM5
SIM1
SIM2
SIM3
SIM4
1
21
22
SIM5
SIM1
SIM2
SIM3
SIM4
1
21
22
SIM5
SIM1
SIM2
SIM3
SIM4
1
21
22
SIM5
SIM1
SIM2
SIM3
SIM4
1
21
22
SIM5
SIM1
SIM2
SIM3
SIM4
1
21
22
SIM5
SIM1
SIM2
SIM3
SIM4
1
21
22
SIM5
SIM1
SIM2
SIM3
SIM4
1
21
22
SIM5
SIM1
SIM2
SIM3
SIM4
1
21
22
SIM5
SIM1
SIM2
SIM3
SIM4
1
21
22
SIM5
SIM1
SIM2
SIM3
SIM4
1
21
22
SIM5
SIM1
SIM2
SIM3
SIM4
1
21
22
SIM5
SIM1
SIM2
SIM3
SIM4
1
21
22
SIM5
SIM1
SIM2
SIM3
SIM4
1
21
22
SIM5
SIM1
SIM2
SIM3
SIM4
1
21
22
SIM5
SIM1
SIM2
SIM3
SIM4
1
21
22
SIM5
SIM1
SIM2
SIM3
SIM4
1
21
22
SIM5
SIM1
SIM2
SIM3
SIM4
1
21
22
SIM5
SIM1
SIM2
DEBUG 1 927
SIM1
SIM2
SIM3
SIM4
1
21
22
SIM5
SIM1
SIM2
SIM3
SIM4
1
21
22
SIM5
SIM1
SIM2
SIM3
SIM4
1
21
22
SIM5
SIM1
SIM2
SIM3
SIM4
1
21
22
SIM5
SIM1
SIM2
SIM3
SIM4
1
21
22
SIM5
SIM1
SIM2
SIM3
SIM4
1
21
22
SIM5
SIM1
SIM2
SIM3
SIM4
1
21
22
SIM5
SIM1
SIM2
SIM3
SIM4
1
21
22
SIM5
SIM1
SIM2
SIM3
SIM4
1
21
22
SIM5
SIM1
SIM2
SIM3
SIM4
1
21
22
SIM5
SIM1
SIM2
SIM3
SIM4
1
21
22
SIM5
SIM1
SIM2
SIM3
SIM4
1
21
22
SIM5
SIM1
SIM2
SIM3
SIM4
1
21
22
SIM5
SIM1
SIM2
SIM3
SIM4
1
21
22
SIM5
SIM1
SIM2
SIM3
SIM4
1
21
22
SIM5
SIM1
SIM2
SIM3
SIM4
1
21
22
SIM5
SIM1
SIM2
SIM3
SIM4
1
21
22
SIM5
SIM1
SIM2
SIM3
SIM4
1
21
22
SIM5
SIM1
SIM2
SIM3
SIM4
1
21
22
SIM5
SIM1
SIM2
SIM3
SIM4
1
21
22
SIM5
SIM1
SIM2
SIM3
SIM4
1
21
22
SIM5
SIM1
SIM2
SIM3
SIM4
1
21
22
SIM5
SIM1
SIM2
SIM3
SIM4
1
21
22
SIM5
SIM1
SIM2
SIM3
SIM4
1
21
22
SIM5
SIM1
SIM2
SIM3
SIM4
1
21
22
SIM5
SIM1
SIM2
SIM3
SIM4
1
21
22
SIM5
SIM1
SIM2
SIM3
SIM4
1
21
22
SIM5
SIM1
SIM2
SIM3
SIM4
1
21
22
SIM5
SIM1
SIM2
SIM3
SIM4
1
21
22
SIM5
SIM1
SIM2
SIM3
SIM4
1
21
22
SIM5
SIM1
SIM2
SIM3
SIM4
1
21
22
SIM5
SIM1
SIM2
SIM3
SIM4
1
21
22
SIM5
SIM1
SIM2
SIM3
SIM4
1
21
22
SIM5
SIM1
SIM2
SIM3
SIM4
1
21
22
SIM5
SIM1
SIM2
SIM3
SIM4
1
21
22
SIM5
SIM1
SIM2
SIM3
SIM4
1
21
22
SIM5
SIM1
SIM2
SIM3
SIM4
1
21
22
SIM5
SIM1
SIM2
SIM3
SIM4
1
21
22
SIM5
SIM1
SIM2
SIM3
SIM4
1
21
22
SIM5
SIM1
SIM2
SIM3
SIM4
1
21
22
SIM5
SIM1
SIM2
SIM3
SIM4
1
21
22
SIM5
SIM1
SIM2
SIM3
SIM4
1
21
22
SIM5
SIM1
SIM2
SIM3
SIM4
1
21
22
SIM5
SIM1
SIM2
SIM3
SIM4
1
21
22
SIM5
SIM1
SIM2
SIM3
SIM4
1
21
22
SIM5
SIM1
SIM2
SIM3
SIM4
1
21
22
SIM5
SIM1
SIM2
SIM3
SIM4
1
21
22
SIM5
SIM1
SIM2
SIM3
SIM4
1
21
22
SIM5
SIM1
SIM2
SIM3
SIM4
1
21
22
SIM5
SIM1
SIM2
SIM3
SIM4
1
21
22
SIM5
SIM1
SIM2
SIM3
SIM4
1
21
22
SIM5
SIM1
SIM2
SIM3
SIM4
1
21
22
SIM5
SIM1
SIM2
SIM3
SIM4
1
21
22
SIM5
SIM1
SIM2
SIM3
SIM4
1
21
22
SIM5
SIM1
SIM2
SIM3
SIM4
1
21
22
SIM5
SIM1
SIM2
SIM3
SIM4
1
21
22
SIM5
SIM1
SIM2
SIM3
SIM4
1
21
22
SIM5
SIM1
SIM2
SIM3
SIM4
1
21
22
SIM5
SIM1
SIM2
SIM3
SIM4
1
21
22
SIM5
SIM1
SIM2
SIM3
SIM4
1
21
22
SIM5
SIM1
SIM2
SIM3
SIM4
1
21
22
SIM5
SIM1
SIM2
SIM3
SIM4
1
21
22
SIM5
SIM1
SIM2
SIM3
SIM4
1
21
22
SIM5
SIM1
SIM2
SIM3
SIM4
1
21
22
SIM5
SIM1
SIM2
SIM3
SIM4
1
21
22
SIM5
SIM1
SIM2
SIM3
SIM4
1
21
22
SIM5
SIM1
SIM2
SIM3
SIM4
1
21
22
SIM5
SIM1
SIM2
SIM3
SIM4
1
21
22
SIM5
SIM1
SIM2
SIM3
SIM4
1
21
22
SIM5
SIM1
SIM2
SIM3
SIM4
1
21
22
SIM5
SIM1
SIM2
SIM3
SIM4
1
21
22
SIM5
SIM1
SIM2
SIM3
SIM4
1
21
22
SIM5
SIM1
SIM2
SIM3
SIM4
1
21
22
SIM5
SIM1
SIM2
SIM3
SIM4
1
21
22
SIM5
SIM1
SIM2
SIM3
SIM4
1
21
22
SIM5
SIM1
SIM2
SIM3
SIM4
1
21
22
SIM5
SIM1
SIM2
SIM3
SIM4
1
21
22
SIM5
SIM1
SIM2
SIM3
SIM4
1
21
22
SIM5
SIM1
SIM2
SIM3
SIM4
1
21
22
SIM5
SIM1
SIM2
SIM3
SIM4
1
21
22
SIM5
SIM1
SIM2
SIM3
SIM4
1
21
22
SIM5
SIM1
SIM2
SIM3
SIM4
1
21
22
SIM5
SIM1
SIM2
SIM3
SIM4
1
21
22
SIM5
SIM1
SIM2
SIM3
SIM4
1
21
22
SIM5
SIM1
SIM2
SIM3
SIM4
1
21
22
SIM5
SIM1
SIM2
SIM3
SIM4
1
21
22
SIM5
SIM1
SIM2
SIM3
SIM4
1
21
22
SIM5
SIM1
SIM2
SIM3
SIM4
1
21
22
SIM5
SIM1
SIM2
SIM3
SIM4
1
21
22
SIM5
SIM1
SIM2
SIM3
SIM4
1
21
22
SIM5
SIM1
SIM2
SIM3
SIM4
1
21
22
SIM5
SIM1
SIM2
SIM3
SIM4
1
21
22
SIM5
SIM1
SIM2
SIM3
SIM4
1
21
22
SIM5
SIM1
SIM2
SIM3
SIM4
1
21
22
SIM5
SIM1
SIM2
SIM3
SIM4
1
21
22
SIM5
SIM1
SIM2
SIM3
SIM4
1
21
22
SIM5
SIM1
SIM2
SIM3
SIM4
1
21
22
SIM5
SIM1
SIM2
SIM3
SIM4
1
21
22
SIM5
SIM1
SIM2
SIM3
SIM4
1
21
22
SIM5
SIM1
SIM2
SIM3
SIM4
1
21
22
SIM5
SIM1
SIM2
SIM3
SIM4
1
21
22
SIM5
SIM1
SIM2
SIM3
SIM4
1
21
22
SIM5
SIM1
SIM2
SIM3
SIM4
1
21
22
SIM5
SIM1
SIM2
SIM3
SIM4
1
21
22
SIM5
SIM1
SIM2
SIM3
SIM4
1
21
22
SIM5
SIM1
SIM2
SIM3
SIM4
1
21
22
SIM5
SIM1
SIM2
SIM3
SIM4
1
21
22
SIM5
SIM1
SIM2
SIM3
SIM4
1
21
22
SIM5
SIM1
SIM2
SIM3
SIM4
1
21
22
SIM5
SIM1
SIM2
SIM3
SIM4
1
21
22
SIM5
SIM1
SIM2
SIM3
SIM4
1
21
22
SIM5
SIM1
SIM2
SIM3
SIM4
1
21
22
SIM5
SIM1
SIM2
SIM3
SIM4
1
21
22
SIM5
SIM1
SIM2
SIM3
SIM4
1
21
22
SIM5
SIM1
SIM2
SIM3
SIM4
1
21
22
SIM5
SIM1
SIM2
SIM3
SIM4
1
21
22
SIM5
SIM1
SIM2
SIM3
SIM4
1
21
22
SIM5
SIM1
SIM2
SIM3
SIM4
1
21
22
SIM5
SIM1
SIM2
SIM3
SIM4
1
21
22
SIM5
SIM1
SIM2
SIM3
SIM4
1
21
22
SIM5
SIM1
SIM2
SIM3
SIM4
1
21
22
SIM5
SIM1
SIM2
SIM3
SIM4
1
21
22
SIM5
SIM1
SIM2
SIM3
SIM4
1
21
22
SIM5
SIM1
SIM2
SIM3
SIM4
1
21
22
SIM5
SIM1
SIM2
SIM3
SIM4
1
21
22
SIM5
SIM1
SIM2
SIM3
SIM4
1
21
22
SIM5
SIM1
SIM2
SIM3
SIM4
1
21
22
SIM5
SIM1
SIM2
SIM3
SIM4
1
21
22
SIM5
SIM1
SIM2
SIM3
SIM4
1
21
22
SIM5
SIM1
SIM2
SIM3
SIM4
1
21
22
SIM5
SIM1
SIM2
SIM3
SIM4
1
21
22
SIM5
SIM1
SIM2
SIM3
SIM4
1
21
22
SIM5
SIM1
SIM2
SIM3
SIM4
1
21
22
SIM5
SIM1
SIM2
SIM3
SIM4
1
21
22
SIM5
SIM1
SIM2
SIM3
SIM4
1
21
22
SIM5
SIM1
SIM2
SIM3
SIM4
1
21
22
SIM5
SIM1
SIM2
SIM3
SIM4
1
21
22
SIM5
SIM1
SIM2
SIM3
SIM4
1
21
22
SIM5
SIM1
SIM2
SIM3
SIM4
1
21
22
SIM5
SIM1
SIM2
SIM3
SIM4
1
21
22
SIM5
SIM1
SIM2
SIM3
SIM4
1
21
22
SIM5
SIM1
SIM2
SIM3
SIM4
1
21
22
SIM5
SIM1
SIM2
SIM3
SIM4
1
21
22
SIM5
SIM1
SIM2
SIM3
SIM4
1
21
22
SIM5
SIM1
SIM2
SIM3
SIM4
1
21
22
SIM5
SIM1
SIM2
SIM3
SIM4
1
21
22
SIM5
SIM1
SIM2
SIM3
SIM4
1
21
22
SIM5
SIM1
SIM2
SIM3
SIM4
1
21
22
SIM5
SIM1
SIM2
SIM3
SIM4
1
21
22
SIM5
SIM1
SIM2
SIM3
SIM4
1
21
22
SIM5
SIM1
SIM2
SIM3
SIM4
1
21
22
SIM5
SIM1
SIM2
SIM3
SIM4
1
21
22
SIM5
SIM1
SIM2
SIM3
SIM4
1
21
22
SIM5
SIM1
SIM2
SIM3
SIM4
1
21
22
SIM5
SIM1
SIM2
SIM3
SIM4
1
21
22
SIM5
SIM1
SIM2
SIM3
SIM4
1
21
22
SIM5
SIM1
SIM2
SIM3
SIM4
1
21
22
SIM5
SIM1
SIM2
SIM3
SIM4
1
21
22
SIM5
SIM1
SIM2
SIM3
SIM4
1
21
22
SIM5
SIM1
SIM2
SIM3
SIM4
1
21
22
SIM5
SIM1
SIM2
SIM3
SIM4
1
21
22
SIM5
SIM1
SIM2
SIM3
SIM4
1
21
22
SIM5
SIM1
SIM2
SIM3
SIM4
1
21
22
SIM5
SIM1
SIM2
SIM3
SIM4
1
21
22
SIM5
SIM1
SIM2
SIM3
SIM4
1
21
22
SIM5
SIM1
SIM2
SIM3
SIM4
1
21
22
SIM5
SIM1
SIM2
SIM3
SIM4
1
21
22
SIM5
SIM1
SIM2
SIM3
SIM4
1
21
22
SIM5
SIM1
SIM2
SIM3
SIM4
1
21
22
SIM5
SIM1
SIM2
SIM3
SIM4
1
21
22
SIM5
SIM1
SIM2
SIM3
SIM4
1
21
22
SIM5
SIM1
SIM2
SIM3
SIM4
1
21
22
SIM5
SIM1
SIM2
SIM3
SIM4
1
21
22
SIM5
SIM1
SIM2
SIM3
SIM4
1
21
22
SIM5
SIM1
SIM2
SIM3
SIM4
1
21
22
SIM5
SIM1
SIM2
SIM3
SIM4
1
21
22
SIM5
SIM1
SIM2
SIM3
SIM4
1
21
22
SIM5
SIM1
SIM2
SIM3
SIM4
1
21
22
SIM5
SIM1
SIM2
SIM3
SIM4
1
21
22
SIM5
SIM1
SIM2
SIM3
SIM4
1
21
22
SIM5
SIM1
SIM2
SIM3
SIM4
1
21
22
SIM5
SIM1
SIM2
SIM3
SIM4
1
21
22
SIM5
SIM1
SIM2
SIM3
SIM4
1
21
22
SIM5
SIM1
SIM2
SIM3
SIM4
1
21
22
SIM5
SIM1
SIM2
SIM3
SIM4
1
21
22
SIM5
SIM1
SIM2
SIM3
SIM4
1
21
22
SIM5
SIM1
SIM2
SIM3
SIM4
1
21
22
SIM5
SIM1
SIM2
SIM3
SIM4
1
21
22
SIM5
SIM1
SIM2
SIM3
SIM4
1
21
22
SIM5
SIM1
SIM2
SIM3
SIM4
1
21
22
SIM5
SIM1
SIM2
SIM3
SIM4
1
21
22
SIM5
SIM1
SIM2
SIM3
SIM4
1
21
22
SIM5
SIM1
SIM2
SIM3
SIM4
1
21
22
SIM5
SIM1
SIM2
SIM3
SIM4
1
21
22
SIM5
SIM1
SIM2
SIM3
SIM4
1
21
22
SIM5
SIM1
SIM2
SIM3
SIM4
1
21
22
SIM5
SIM1
SIM2
SIM3
SIM4
1
21
22
SIM5
SIM1
SIM2
SIM3
SIM4
1
21
22
SIM5
SIM1
SIM2
SIM3
SIM4
1
21
22
SIM5
SIM1
SIM2
SIM3
SIM4
1
21
22
SIM5
SIM1
SIM2
SIM3
SIM4
1
21
22
SIM5
SIM1
SIM2
SIM3
SIM4
1
21
22
SIM5
SIM1
SIM2
SIM3
SIM4
1
21
22
SIM5
SIM1
SIM2
SIM3
SIM4
1
21
22
SIM5
SIM1
SIM2
SIM3
SIM4
1
21
22
SIM5
SIM1
SIM2
SIM3
SIM4
1
21
22
SIM5
SIM1
SIM2
SIM3
SIM4
1
21
22
SIM5
SIM1
SIM2
SIM3
SIM4
1
21
22
SIM5
SIM1
SIM2
SIM3
SIM4
1
21
22
SIM5
SIM1
SIM2
SIM3
SIM4
1
21
22
SIM5
SIM1
SIM2
SIM3
SIM4
1
21
22
SIM5
SIM1
SIM2
SIM3
SIM4
1
21
22
SIM5
SIM1
SIM2
SIM3
SIM4
1
21
22
SIM5
SIM1
SIM2
SIM3
SIM4
1
21
22
SIM5
SIM1
SIM2
SIM3
SIM4
1
21
22
SIM5
SIM1
SIM2
SIM3
SIM4
1
21
22
SIM5
SIM1
SIM2
SIM3
SIM4
1
21
22
SIM5
SIM1
SIM2
SIM3
SIM4
1
21
22
SIM5
SIM1
SIM2
SIM3
SIM4
1
21
22
SIM5
SIM1
SIM2
SIM3
SIM4
1
21
22
SIM5
SIM1
SIM2
SIM3
SIM4
1
21
22
SIM5
SIM1
SIM2
SIM3
SIM4
1
21
22
SIM5
SIM1
SIM2
SIM3
SIM4
1
21
22
SIM5
SIM1
SIM2
SIM3
SIM4
1
21
22
SIM5
SIM1
SIM2
SIM3
SIM4
1
21
22
SIM5
SIM1
SIM2
SIM3
SIM4
1
21
22
SIM5
SIM1
SIM2
SIM3
SIM4
1
21
22
SIM5
SIM1
SIM2
SIM3
SIM4
1
21
22
SIM5
SIM1
SIM2
SIM3
SIM4
1
21
22
SIM5
SIM1
SIM2
SIM3
SIM4
1
21
22
SIM5
SIM1
SIM2
SIM3
SIM4
1
21
22
SIM5
SIM1
SIM2
SIM3
SIM4
1
21
22
SIM5
SIM1
SIM2
SIM3
SIM4
1
21
22
SIM5
SIM1
SIM2
SIM3
SIM4
1
21
22
SIM5
SIM1
SIM2
SIM3
SIM4
1
21
22
SIM5
SIM1
SIM2
SIM3
SIM4
1
21
22
SIM5
SIM1
SIM2
SIM3
SIM4
1
21
22
SIM5
SIM1
SIM2
SIM3
SIM4
1
21
22
SIM5
SIM1
SIM2
SIM3
SIM4
1
21
22
SIM5
SIM1
SIM2
SIM3
SIM4
1
21
22
SIM5
SIM1
SIM2
SIM3
SIM4
1
21
22
SIM5
SIM1
SIM2
SIM3
SIM4
1
21
22
SIM5
SIM1
SIM2
SIM3
SIM4
1
21
22
SIM5
SIM1
SIM2
SIM3
SIM4
1
21
22
SIM5
SIM1
SIM2
SIM3
SIM4
1
21
22
SIM5
SIM1
SIM2
SIM3
SIM4
1
21
22
SIM5
SIM1
SIM2
SIM3
SIM4
1
21
22
SIM5
SIM1
SIM2
SIM3
SIM4
1
21
22
SIM5
SIM1
SIM2
SIM3
SIM4
1
21
22
SIM5
SIM1
SIM2
SIM3
SIM4
1
21
22
SIM5
SIM1
SIM2
SIM3
SIM4
1
21
22
SIM5
SIM1
SIM2
SIM3
SIM4
1
21
22
SIM5
SIM1
SIM2
SIM3
SIM4
1
21
22
SIM5
SIM1
SIM2
SIM3
SIM4
1
21
22
SIM5
SIM1
SIM2
SIM3
SIM4
1
21
22
SIM5
SIM1
SIM2
SIM3
SIM4
1
21
22
SIM5
SIM1
SIM2
SIM3
SIM4
1
21
22
SIM5
SIM1
SIM2
SIM3
SIM4
1
21
22
SIM5
SIM1
SIM2
SIM3
SIM4
1
21
22
SIM5
SIM1
SIM2
SIM3
SIM4
1
21
22
SIM5
SIM1
SIM2
SIM3
SIM4
1
21
22
SIM5
SIM1
SIM2
SIM3
SIM4
1
21
22
SIM5
SIM1
SIM2
SIM3
SIM4
1
21
22
SIM5
SIM1
SIM2
SIM3
SIM4
1
21
22
SIM5
SIM1
SIM2
SIM3
SIM4
1
21
22
SIM5
SIM1
SIM2
SIM3
SIM4
1
21
22
SIM5
SIM1
SIM2
SIM3
SIM4
1
21
22
SIM5
SIM1
SIM2
SIM3
SIM4
1
21
22
SIM5
SIM1
SIM2
DEBUG 1 928
SIM1
SIM2
SIM3
SIM4
1
21
22
SIM5
SIM1
SIM2
SIM3
SIM4
1
21
22
SIM5
SIM1
SIM2
SIM3
SIM4
1
21
22
SIM5
SIM1
SIM2
SIM3
SIM4
1
21
22
SIM5
SIM1
SIM2
SIM3
SIM4
1
21
22
SIM5
SIM1
SIM2
SIM3
SIM4
1
21
22
SIM5
SIM1
SIM2
SIM3
SIM4
1
21
22
SIM5
SIM1
SIM2
SIM3
SIM4
1
21
22
SIM5
SIM1
SIM2
SIM3
SIM4
1
21
22
SIM5
SIM1
SIM2
SIM3
SIM4
1
21
22
SIM5
SIM1
SIM2
SIM3
SIM4
1
21
22
SIM5
SIM1
SIM2
SIM3
SIM4
1
21
22
SIM5
SIM1
SIM2
SIM3
SIM4
1
21
22
SIM5
SIM1
SIM2
SIM3
SIM4
1
21
22
SIM5
SIM1
SIM2
SIM3
SIM4
1
21
22
SIM5
SIM1
SIM2
SIM3
SIM4
1
21
22
SIM5
SIM1
SIM2
SIM3
SIM4
1
21
22
SIM5
SIM1
SIM2
SIM3
SIM4
1
21
22
SIM5
SIM1
SIM2
SIM3
SIM4
1
21
22
SIM5
SIM1
SIM2
SIM3
SIM4
1
21
22
SIM5
SIM1
SIM2
SIM3
SIM4
1
21
22
SIM5
SIM1
SIM2
SIM3
SIM4
1
21
22
SIM5
SIM1
SIM2
SIM3
SIM4
1
21
22
SIM5
SIM1
SIM2
SIM3
SIM4
1
21
22
SIM5
SIM1
SIM2
SIM3
SIM4
1
21
22
SIM5
SIM1
SIM2
SIM3
SIM4
1
21
22
SIM5
SIM1
SIM2
SIM3
SIM4
1
21
22
SIM5
SIM1
SIM2
SIM3
SIM4
1
21
22
SIM5
SIM1
SIM2
SIM3
SIM4
1
21
22
SIM5
SIM1
SIM2
SIM3
SIM4
1
21
22
SIM5
SIM1
SIM2
SIM3
SIM4
1
21
22
SIM5
SIM1
SIM2
SIM3
SIM4
1
21
22
SIM5
SIM1
SIM2
SIM3
SIM4
1
21
22
SIM5
SIM1
SIM2
SIM3
SIM4
1
21
22
SIM5
SIM1
SIM2
SIM3
SIM4
1
21
22
SIM5
SIM1
SIM2
SIM3
SIM4
1
21
22
SIM5
SIM1
SIM2
SIM3
SIM4
1
21
22
SIM5
SIM1
SIM2
SIM3
SIM4
1
21
22
SIM5
SIM1
SIM2
SIM3
SIM4
1
21
22
SIM5
SIM1
SIM2
SIM3
SIM4
1
21
22
SIM5
SIM1
SIM2
SIM3
SIM4
1
21
22
SIM5
SIM1
SIM2
SIM3
SIM4
1
21
22
SIM5
SIM1
SIM2
SIM3
SIM4
1
21
22
SIM5
SIM1
SIM2
SIM3
SIM4
1
21
22
SIM5
SIM1
SIM2
SIM3
SIM4
1
21
22
SIM5
SIM1
SIM2
SIM3
SIM4
1
21
22
SIM5
SIM1
SIM2
SIM3
SIM4
1
21
22
SIM5
SIM1
SIM2
SIM3
SIM4
1
21
22
SIM5
SIM1
SIM2
SIM3
SIM4
1
21
22
SIM5
SIM1
SIM2
SIM3
SIM4
1
21
22
SIM5
SIM1
SIM2
SIM3
SIM4
1
21
22
SIM5
SIM1
SIM2
SIM3
SIM4
1
21
22
SIM5
SIM1
SIM2
SIM3
SIM4
1
21
22
SIM5
SIM1
SIM2
SIM3
SIM4
1
21
22
SIM5
SIM1
SIM2
SIM3
SIM4
1
21
22
SIM5
SIM1
SIM2
SIM3
SIM4
1
21
22
SIM5
SIM1
SIM2
SIM3
SIM4
1
21
22
SIM5
SIM1
SIM2
SIM3
SIM4
1
21
22
SIM5
SIM1
SIM2
SIM3
SIM4
1
21
22
SIM5
SIM1
SIM2
SIM3
SIM4
1
21
22
SIM5
SIM1
SIM2
SIM3
SIM4
1
21
22
SIM5
SIM1
SIM2
SIM3
SIM4
1
21
22
SIM5
SIM1
SIM2
SIM3
SIM4
1
21
22
SIM5
SIM1
SIM2
SIM3
SIM4
1
21
22
SIM5
SIM1
SIM2
SIM3
SIM4
1
21
22
SIM5
SIM1
SIM2
SIM3
SIM4
1
21
22
SIM5
SIM1
SIM2
SIM3
SIM4
1
21
22
SIM5
SIM1
SIM2
SIM3
SIM4
1
21
22
SIM5
SIM1
SIM2
SIM3
SIM4
1
21
22
SIM5
SIM1
SIM2
SIM3
SIM4
1
21
22
SIM5
SIM1
SIM2
SIM3
SIM4
1
21
22
SIM5
SIM1
SIM2
SIM3
SIM4
1
21
22
SIM5
SIM1
SIM2
SIM3
SIM4
1
21
22
SIM5
SIM1
SIM2
SIM3
SIM4
1
21
22
SIM5
SIM1
SIM2
SIM3
SIM4
1
21
22
SIM5
SIM1
SIM2
SIM3
SIM4
1
21
22
SIM5
SIM1
SIM2
SIM3
SIM4
1
21
22
SIM5
SIM1
SIM2
SIM3
SIM4
1
21
22
SIM5
SIM1
SIM2
SIM3
SIM4
1
21
22
SIM5
SIM1
SIM2
SIM3
SIM4
1
21
22
SIM5
SIM1
SIM2
SIM3
SIM4
1
21
22
SIM5
SIM1
SIM2
SIM3
SIM4
1
21
22
SIM5
SIM1
SIM2
SIM3
SIM4
1
21
22
SIM5
SIM1
SIM2
SIM3
SIM4
1
21
22
SIM5
SIM1
SIM2
SIM3
SIM4
1
21
22
SIM5
SIM1
SIM2
SIM3
SIM4
1
21
22
SIM5
SIM1
SIM2
SIM3
SIM4
1
21
22
SIM5
SIM1
SIM2
SIM3
SIM4
1
21
22
SIM5
SIM1
SIM2
SIM3
SIM4
1
21
22
SIM5
SIM1
SIM2
SIM3
SIM4
1
21
22
SIM5
SIM1
SIM2
SIM3
SIM4
1
21
22
SIM5
SIM1
SIM2
SIM3
SIM4
1
21
22
SIM5
SIM1
SIM2
SIM3
SIM4
1
21
22
SIM5
SIM1
SIM2
SIM3
SIM4
1
21
22
SIM5
SIM1
SIM2
SIM3
SIM4
1
21
22
SIM5
SIM1
SIM2
SIM3
SIM4
1
21
22
SIM5
SIM1
SIM2
SIM3
SIM4
1
21
22
SIM5
SIM1
SIM2
SIM3
SIM4
1
21
22
SIM5
SIM1
SIM2
SIM3
SIM4
1
21
22
SIM5
SIM1
SIM2
SIM3
SIM4
1
21
22
SIM5
SIM1
SIM2
SIM3
SIM4
1
21
22
SIM5
SIM1
SIM2
SIM3
SIM4
1
21
22
SIM5
SIM1
SIM2
SIM3
SIM4
1
21
22
SIM5
SIM1
SIM2
SIM3
SIM4
1
21
22
SIM5
SIM1
SIM2
SIM3
SIM4
1
21
22
SIM5
SIM1
SIM2
SIM3
SIM4
1
21
22
SIM5
SIM1
SIM2
SIM3
SIM4
1
21
22
SIM5
SIM1
SIM2
SIM3
SIM4
1
21
22
SIM5
SIM1
SIM2
SIM3
SIM4
1
21
22
SIM5
SIM1
SIM2
SIM3
SIM4
1
21
22
SIM5
SIM1
SIM2
SIM3
SIM4
1
21
22
SIM5
SIM1
SIM2
SIM3
SIM4
1
21
22
SIM5
SIM1
SIM2
SIM3
SIM4
1
21
22
SIM5
SIM1
SIM2
SIM3
SIM4
1
21
22
SIM5
SIM1
SIM2
SIM3
SIM4
1
21
22
SIM5
SIM1
SIM2
SIM3
SIM4
1
21
22
SIM5
SIM1
SIM2
SIM3
SIM4
1
21
22
SIM5
SIM1
SIM2
SIM3
SIM4
1
21
22
SIM5
SIM1
SIM2
SIM3
SIM4
1
21
22
SIM5
SIM1
SIM2
DEBUG 1 929
SIM1
SIM2
SIM3
SIM4
1
21
22
SIM5
SIM1
SIM2
SIM3
SIM4
1
21
22
SIM5
SIM1
SIM2
SIM3
SIM4
1
21
22
SIM5
SIM1
SIM2
SIM3
SIM4
1
21
22
SIM5
SIM1
SIM2
SIM3
SIM4
1
21
22
SIM5
SIM1
SIM2
SIM3
SIM4
1
21
22
SIM5
SIM1
SIM2
SIM3
SIM4
1
21
22
SIM5
SIM1
SIM2
SIM3
SIM4
1
21
22
SIM5
SIM1
SIM2
SIM3
SIM4
1
21
22
SIM5
SIM1
SIM2
SIM3
SIM4
1
21
22
SIM5
SIM1
SIM2
SIM3
SIM4
1
21
22
SIM5
SIM1
SIM2
SIM3
SIM4
1
21
22
SIM5
SIM1
SIM2
SIM3
SIM4
1
21
22
SIM5
SIM1
SIM2
SIM3
SIM4
1
21
22
SIM5
SIM1
SIM2
SIM3
SIM4
1
21
22
SIM5
SIM1
SIM2
SIM3
SIM4
1
21
22
SIM5
SIM1
SIM2
SIM3
SIM4
1
21
22
SIM5
SIM1
SIM2
SIM3
SIM4
1
21
22
SIM5
SIM1
SIM2
SIM3
SIM4
1
21
22
SIM5
SIM1
SIM2
SIM3
SIM4
1
21
22
SIM5
SIM1
SIM2
SIM3
SIM4
1
21
22
SIM5
SIM1
SIM2
SIM3
SIM4
1
21
22
SIM5
SIM1
SIM2
SIM3
SIM4
1
21
22
SIM5
SIM1
SIM2
SIM3
SIM4
1
21
22
SIM5
SIM1
SIM2
SIM3
SIM4
1
21
22
SIM5
SIM1
SIM2
SIM3
SIM4
1
21
22
SIM5
SIM1
SIM2
SIM3
SIM4
1
21
22
SIM5
SIM1
SIM2
SIM3
SIM4
1
21
22
SIM5
SIM1
SIM2
SIM3
SIM4
1
21
22
SIM5
SIM1
SIM2
SIM3
SIM4
1
21
22
SIM5
SIM1
SIM2
SIM3
SIM4
1
21
22
SIM5
SIM1
SIM2
SIM3
SIM4
1
21
22
SIM5
SIM1
SIM2
SIM3
SIM4
1
21
22
SIM5
SIM1
SIM2
SIM3
SIM4
1
21
22
SIM5
SIM1
SIM2
SIM3
SIM4
1
21
22
SIM5
SIM1
SIM2
SIM3
SIM4
1
21
22
SIM5
SIM1
SIM2
SIM3
SIM4
1
21
22
SIM5
SIM1
SIM2
SIM3
SIM4
1
21
22
SIM5
SIM1
SIM2
SIM3
SIM4
1
21
22
SIM5
SIM1
SIM2
SIM3
SIM4
1
21
22
SIM5
SIM1
SIM2
SIM3
SIM4
1
21
22
SIM5
SIM1
SIM2
SIM3
SIM4
1
21
22
SIM5
SIM1
SIM2
SIM3
SIM4
1
21
22
SIM5
SIM1
SIM2
SIM3
SIM4
1
21
22
SIM5
SIM1
SIM2
SIM3
SIM4
1
21
22
SIM5
SIM1
SIM2
SIM3
SIM4
1
21
22
SIM5
SIM1
SIM2
SIM3
SIM4
1
21
22
SIM5
SIM1
SIM2
SIM3
SIM4
1
21
22
SIM5
SIM1
SIM2
SIM3
SIM4
1
21
22
SIM5
SIM1
SIM2
SIM3
SIM4
1
21
22
SIM5
SIM1
SIM2
SIM3
SIM4
1
21
22
SIM5
SIM1
SIM2
SIM3
SIM4
1
21
22
SIM5
SIM1
SIM2
SIM3
SIM4
1
21
22
SIM5
SIM1
SIM2
SIM3
SIM4
1
21
22
SIM5
SIM1
SIM2
SIM3
SIM4
1
21
22
SIM5
SIM1
SIM2
SIM3
SIM4
1
21
22
SIM5
SIM1
SIM2
SIM3
SIM4
1
21
22
SIM5
SIM1
SIM2
SIM3
SIM4
1
21
22
SIM5
SIM1
SIM2
SIM3
SIM4
1
21
22
SIM5
SIM1
SIM2
SIM3
SIM4
1
21
22
SIM5
SIM1
SIM2
SIM3
SIM4
1
21
22
SIM5
SIM1
SIM2
SIM3
SIM4
1
21
22
SIM5
SIM1
SIM2
SIM3
SIM4
1
21
22
SIM5
SIM1
SIM2
SIM3
SIM4
1
21
22
SIM5
SIM1
SIM2
SIM3
SIM4
1
21
22
SIM5
SIM1
SIM2
SIM3
SIM4
1
21
22
SIM5
SIM1
SIM2
SIM3
SIM4
1
21
22
SIM5
SIM1
SIM2
SIM3
SIM4
1
21
22
SIM5
SIM1
SIM2
SIM3
SIM4
1
21
22
SIM5
SIM1
SIM2
SIM3
SIM4
1
21
22
SIM5
SIM1
SIM2
SIM3
SIM4
1
21
22
SIM5
SIM1
SIM2
SIM3
SIM4
1
21
22
SIM5
SIM1
SIM2
SIM3
SIM4
1
21
22
SIM5
SIM1
SIM2
SIM3
SIM4
1
21
22
SIM5
SIM1
SIM2
SIM3
SIM4
1
21
22
SIM5
SIM1
SIM2
SIM3
SIM4
1
21
22
SIM5
SIM1
SIM2
SIM3
SIM4
1
21
22
SIM5
SIM1
SIM2
SIM3
SIM4
1
21
22
SIM5
SIM1
SIM2
SIM3
SIM4
1
21
22
SIM5
SIM1
SIM2
SIM3
SIM4
1
21
22
SIM5
SIM1
SIM2
SIM3
SIM4
1
21
22
SIM5
SIM1
SIM2
SIM3
SIM4
1
21
22
SIM5
SIM1
SIM2
SIM3
SIM4
1
21
22
SIM5
SIM1
SIM2
SIM3
SIM4
1
21
22
SIM5
SIM1
SIM2
SIM3
SIM4
1
21
22
SIM5
SIM1
SIM2
SIM3
SIM4
1
21
22
SIM5
SIM1
SIM2
SIM3
SIM4
1
21
22
SIM5
SIM1
SIM2
SIM3
SIM4
1
21
22
SIM5
SIM1
SIM2
SIM3
SIM4
1
21
22
SIM5
SIM1
SIM2
SIM3
SIM4
1
21
22
SIM5
SIM1
SIM2
SIM3
SIM4
1
21
22
SIM5
SIM1
SIM2
SIM3
SIM4
1
21
22
SIM5
SIM1
SIM2
SIM3
SIM4
1
21
22
SIM5
SIM1
SIM2
SIM3
SIM4
1
21
22
SIM5
SIM1
SIM2
SIM3
SIM4
1
21
22
SIM5
SIM1
SIM2
SIM3
SIM4
1
21
22
SIM5
SIM1
SIM2
SIM3
SIM4
1
21
22
SIM5
SIM1
SIM2
SIM3
SIM4
1
21
22
SIM5
SIM1
SIM2
SIM3
SIM4
1
21
22
SIM5
SIM1
SIM2
SIM3
SIM4
1
21
22
SIM5
SIM1
SIM2
SIM3
SIM4
1
21
22
SIM5
SIM1
SIM2
SIM3
SIM4
1
21
22
SIM5
SIM1
SIM2
SIM3
SIM4
1
21
22
SIM5
SIM1
SIM2
SIM3
SIM4
1
21
22
SIM5
SIM1
SIM2
SIM3
SIM4
1
21
22
SIM5
SIM1
SIM2
SIM3
SIM4
1
21
22
SIM5
SIM1
SIM2
SIM3
SIM4
1
21
22
SIM5
SIM1
SIM2
SIM3
SIM4
1
21
22
SIM5
SIM1
SIM2
SIM3
SIM4
1
21
22
SIM5
SIM1
SIM2
SIM3
SIM4
1
21
22
SIM5
SIM1
SIM2
SIM3
SIM4
1
21
22
SIM5
SIM1
SIM2
SIM3
SIM4
1
21
22
SIM5
SIM1
SIM2
SIM3
SIM4
1
21
22
SIM5
SIM1
SIM2
SIM3
SIM4
1
21
22
SIM5
SIM1
SIM2
SIM3
SIM4
1
21
22
SIM5
SIM1
SIM2
SIM3
SIM4
1
21
22
SIM5
SIM1
SIM2
SIM3
SIM4
1
21
22
SIM5
SIM1
SIM2
SIM3
SIM4
1
21
22
SIM5
SIM1
SIM2
SIM3
SIM4
1
21
22
SIM5
SIM1
SIM2
SIM3
SIM4
1
21
22
SIM5
SIM1
SIM2
SIM3
SIM4
1
21
22
SIM5
SIM1
SIM2
SIM3
SIM4
1
21
22
SIM5
SIM1
SIM2
SIM3
SIM4
1
21
22
SIM5
SIM1
SIM2
SIM3
SIM4
1
21
22
SIM5
SIM1
SIM2
SIM3
SIM4
1
21
22
SIM5
SIM1
SIM2
SIM3
SIM4
1
21
22
SIM5
SIM1
SIM2
SIM3
SIM4
1
21
22
SIM5
SIM1
SIM2
SIM3
SIM4
1
21
22
SIM5
SIM1
SIM2
SIM3
SIM4
1
21
22
SIM5
SIM1
SIM2
SIM3
SIM4
1
21
22
SIM5
SIM1
SIM2
SIM3
SIM4
1
21
22
SIM5
SIM1
SIM2
SIM3
SIM4
1
21
22
SIM5
SIM1
SIM2
SIM3
SIM4
1
21
22
SIM5
SIM1
SIM2
SIM3
SIM4
1
21
22
SIM5
SIM1
SIM2
SIM3
SIM4
1
21
22
SIM5
SIM1
SIM2
DEBUG 1 930
SIM1
SIM2
SIM3
SIM4
1
21
22
SIM5
SIM1
SIM2
SIM3
SIM4
1
21
22
SIM5
SIM1
SIM2
SIM3
SIM4
1
21
22
SIM5
SIM1
SIM2
SIM3
SIM4
1
21
22
SIM5
SIM1
SIM2
SIM3
SIM4
1
21
22
SIM5
SIM1
SIM2
SIM3
SIM4
1
21
22
SIM5
SIM1
SIM2
SIM3
SIM4
1
21
22
SIM5
SIM1
SIM2
SIM3
SIM4
1
21
22
SIM5
SIM1
SIM2
SIM3
SIM4
1
21
22
SIM5
SIM1
SIM2
SIM3
SIM4
1
21
22
SIM5
SIM1
SIM2
SIM3
SIM4
1
21
22
SIM5
SIM1
SIM2
SIM3
SIM4
1
21
22
SIM5
SIM1
SIM2
SIM3
SIM4
1
21
22
SIM5
SIM1
SIM2
SIM3
SIM4
1
21
22
SIM5
SIM1
SIM2
SIM3
SIM4
1
21
22
SIM5
SIM1
SIM2
SIM3
SIM4
1
21
22
SIM5
SIM1
SIM2
SIM3
SIM4
1
21
22
SIM5
SIM1
SIM2
SIM3
SIM4
1
21
22
SIM5
SIM1
SIM2
SIM3
SIM4
1
21
22
SIM5
SIM1
SIM2
SIM3
SIM4
1
21
22
SIM5
SIM1
SIM2
SIM3
SIM4
1
21
22
SIM5
SIM1
SIM2
SIM3
SIM4
1
21
22
SIM5
SIM1
SIM2
SIM3
SIM4
1
21
22
SIM5
SIM1
SIM2
SIM3
SIM4
1
21
22
SIM5
SIM1
SIM2
SIM3
SIM4
1
21
22
SIM5
SIM1
SIM2
SIM3
SIM4
1
21
22
SIM5
SIM1
SIM2
SIM3
SIM4
1
21
22
SIM5
SIM1
SIM2
SIM3
SIM4
1
21
22
SIM5
SIM1
SIM2
SIM3
SIM4
1
21
22
SIM5
SIM1
SIM2
SIM3
SIM4
1
21
22
SIM5
SIM1
SIM2
SIM3
SIM4
1
21
22
SIM5
SIM1
SIM2
SIM3
SIM4
1
21
22
SIM5
SIM1
SIM2
SIM3
SIM4
1
21
22
SIM5
SIM1
SIM2
SIM3
SIM4
1
21
22
SIM5
SIM1
SIM2
SIM3
SIM4
1
21
22
SIM5
SIM1
SIM2
SIM3
SIM4
1
21
22
SIM5
SIM1
SIM2
SIM3
SIM4
1
21
22
SIM5
SIM1
SIM2
SIM3
SIM4
1
21
22
SIM5
SIM1
SIM2
SIM3
SIM4
1
21
22
SIM5
SIM1
SIM2
SIM3
SIM4
1
21
22
SIM5
SIM1
SIM2
SIM3
SIM4
1
21
22
SIM5
SIM1
SIM2
SIM3
SIM4
1
21
22
SIM5
SIM1
SIM2
SIM3
SIM4
1
21
22
SIM5
SIM1
SIM2
SIM3
SIM4
1
21
22
SIM5
SIM1
SIM2
SIM3
SIM4
1
21
22
SIM5
SIM1
SIM2
SIM3
SIM4
1
21
22
SIM5
SIM1
SIM2
SIM3
SIM4
1
21
22
SIM5
SIM1
SIM2
SIM3
SIM4
1
21
22
SIM5
SIM1
SIM2
SIM3
SIM4
1
21
22
SIM5
SIM1
SIM2
SIM3
SIM4
1
21
22
SIM5
SIM1
SIM2
SIM3
SIM4
1
21
22
SIM5
SIM1
SIM2
SIM3
SIM4
1
21
22
SIM5
SIM1
SIM2
SIM3
SIM4
1
21
22
SIM5
SIM1
SIM2
SIM3
SIM4
1
21
22
SIM5
SIM1
SIM2
SIM3
SIM4
1
21
22
SIM5
SIM1
SIM2
SIM3
SIM4
1
21
22
SIM5
SIM1
SIM2
SIM3
SIM4
1
21
22
SIM5
SIM1
SIM2
SIM3
SIM4
1
21
22
SIM5
SIM1
SIM2
SIM3
SIM4
1
21
22
SIM5
SIM1
SIM2
SIM3
SIM4
1
21
22
SIM5
SIM1
SIM2
SIM3
SIM4
1
21
22
SIM5
SIM1
SIM2
SIM3
SIM4
1
21
22
SIM5
SIM1
SIM2
SIM3
SIM4
1
21
22
SIM5
SIM1
SIM2
SIM3
SIM4
1
21
22
SIM5
SIM1
SIM2
SIM3
SIM4
1
21
22
SIM5
SIM1
SIM2
SIM3
SIM4
1
21
22
SIM5
SIM1
SIM2
SIM3
SIM4
1
21
22
SIM5
SIM1
SIM2
SIM3
SIM4
1
21
22
SIM5
SIM1
SIM2
SIM3
SIM4
1
21
22
SIM5
SIM1
SIM2
SIM3
SIM4
1
21
22
SIM5
SIM1
SIM2
SIM3
SIM4
1
21
22
SIM5
SIM1
SIM2
SIM3
SIM4
1
21
22
SIM5
SIM1
SIM2
SIM3
SIM4
1
21
22
SIM5
SIM1
SIM2
SIM3
SIM4
1
21
22
SIM5
SIM1
SIM2
SIM3
SIM4
1
21
22
SIM5
SIM1
SIM2
SIM3
SIM4
1
21
22
SIM5
SIM1
SIM2
SIM3
SIM4
1
21
22
SIM5
SIM1
SIM2
SIM3
SIM4
1
21
22
SIM5
SIM1
SIM2
SIM3
SIM4
1
21
22
SIM5
SIM1
SIM2
SIM3
SIM4
1
21
22
SIM5
SIM1
SIM2
SIM3
SIM4
1
21
22
SIM5
SIM1
SIM2
SIM3
SIM4
1
21
22
SIM5
SIM1
SIM2
SIM3
SIM4
1
21
22
SIM5
SIM1
SIM2
SIM3
SIM4
1
21
22
SIM5
SIM1
SIM2
SIM3
SIM4
1
21
22
SIM5
SIM1
SIM2
SIM3
SIM4
1
21
22
SIM5
SIM1
SIM2
SIM3
SIM4
1
21
22
SIM5
SIM1
SIM2
SIM3
SIM4
1
21
22
SIM5
SIM1
SIM2
SIM3
SIM4
1
21
22
SIM5
SIM1
SIM2
SIM3
SIM4
1
21
22
SIM5
SIM1
SIM2
SIM3
SIM4
1
21
22
SIM5
SIM1
SIM2
SIM3
SIM4
1
21
22
SIM5
SIM1
SIM2
SIM3
SIM4
1
21
22
SIM5
SIM1
SIM2
SIM3
SIM4
1
21
22
SIM5
SIM1
SIM2
SIM3
SIM4
1
21
22
SIM5
SIM1
SIM2
SIM3
SIM4
1
21
22
SIM5
SIM1
SIM2
SIM3
SIM4
1
21
22
SIM5
SIM1
SIM2
SIM3
SIM4
1
21
22
SIM5
SIM1
SIM2
SIM3
SIM4
1
21
22
SIM5
SIM1
SIM2
SIM3
SIM4
1
21
22
SIM5
SIM1
SIM2
SIM3
SIM4
1
21
22
SIM5
SIM1
SIM2
SIM3
SIM4
1
21
22
SIM5
SIM1
SIM2
SIM3
SIM4
1
21
22
SIM5
SIM1
SIM2
SIM3
SIM4
1
21
22
SIM5
SIM1
SIM2
SIM3
SIM4
1
21
22
SIM5
SIM1
SIM2
SIM3
SIM4
1
21
22
SIM5
SIM1
SIM2
SIM3
SIM4
1
21
22
SIM5
SIM1
SIM2
SIM3
SIM4
1
21
22
SIM5
SIM1
SIM2
SIM3
SIM4
1
21
22
SIM5
SIM1
SIM2
SIM3
SIM4
1
21
22
SIM5
SIM1
SIM2
SIM3
SIM4
1
21
22
SIM5
SIM1
SIM2
SIM3
SIM4
1
21
22
SIM5
SIM1
SIM2
SIM3
SIM4
1
21
22
SIM5
SIM1
SIM2
SIM3
SIM4
1
21
22
SIM5
SIM1
SIM2
SIM3
SIM4
1
21
22
SIM5
SIM1
SIM2
SIM3
SIM4
1
21
22
SIM5
SIM1
SIM2
SIM3
SIM4
1
21
22
SIM5
SIM1
SIM2
SIM3
SIM4
1
21
22
SIM5
SIM1
SIM2
SIM3
SIM4
1
21
22
SIM5
SIM1
SIM2
SIM3
SIM4
1
21
22
SIM5
SIM1
SIM2
SIM3
SIM4
1
21
22
SIM5
SIM1
SIM2
SIM3
SIM4
1
21
22
SIM5
SIM1
SIM2
SIM3
SIM4
1
21
22
SIM5
SIM1
SIM2
SIM3
SIM4
1
21
22
SIM5
SIM1
SIM2
SIM3
SIM4
1
21
22
SIM5
SIM1
SIM2
SIM3
SIM4
1
21
22
SIM5
SIM1
SIM2
SIM3
SIM4
1
21
22
SIM5
SIM1
SIM2
SIM3
SIM4
1
21
22
SIM5
SIM1
SIM2
SIM3
SIM4
1
21
22
SIM5
SIM1
SIM2
SIM3
SIM4
1
21
22
SIM5
SIM1
SIM2
SIM3
SIM4
1
21
22
SIM5
SIM1
SIM2
SIM3
SIM4
1
21
22
SIM5
SIM1
SIM2
SIM3
SIM4
1
21
22
SIM5
SIM1
SIM2
SIM3
SIM4
1
21
22
SIM5
SIM1
SIM2
SIM3
SIM4
1
21
22
SIM5
SIM1
SIM2
SIM3
SIM4
1
21
22
SIM5
SIM1
SIM2
SIM3
SIM4
1
21
22
SIM5
SIM1
SIM2
SIM3
SIM4
1
21
22
SIM5
SIM1
SIM2
SIM3
SIM4
1
21
22
SIM5
SIM1
SIM2
SIM3
SIM4
1
21
22
SIM5
SIM1
SIM2
SIM3
SIM4
1
21
22
SIM5
SIM1
SIM2
SIM3
SIM4
1
21
22
SIM5
SIM1
SIM2
SIM3
SIM4
1
21
22
SIM5
SIM1
SIM2
SIM3
SIM4
1
21
22
SIM5
SIM1
SIM2
SIM3
SIM4
1
21
22
SIM5
SIM1
SIM2
SIM3
SIM4
1
21
22
SIM5
SIM1
SIM2
SIM3
SIM4
1
21
22
SIM5
SIM1
SIM2
SIM3
SIM4
1
21
22
SIM5
SIM1
SIM2
SIM3
SIM4
1
21
22
SIM5
SIM1
SIM2
SIM3
SIM4
1
21
22
SIM5
SIM1
SIM2
SIM3
SIM4
1
21
22
SIM5
SIM1
SIM2
SIM3
SIM4
1
21
22
SIM5
SIM1
SIM2
SIM3
SIM4
1
21
22
SIM5
SIM1
SIM2
SIM3
SIM4
1
21
22
SIM5
SIM1
SIM2
SIM3
SIM4
1
21
22
SIM5
SIM1
SIM2
SIM3
SIM4
1
21
22
SIM5
SIM1
SIM2
SIM3
SIM4
1
21
22
SIM5
SIM1
SIM2
SIM3
SIM4
1
21
22
SIM5
SIM1
SIM2
SIM3
SIM4
1
21
22
SIM5
SIM1
SIM2
SIM3
SIM4
1
21
22
SIM5
SIM1
SIM2
SIM3
SIM4
1
21
22
SIM5
SIM1
SIM2
SIM3
SIM4
1
21
22
SIM5
SIM1
SIM2
SIM3
SIM4
1
21
22
SIM5
SIM1
SIM2
SIM3
SIM4
1
21
22
SIM5
SIM1
SIM2
SIM3
SIM4
1
21
22
SIM5
SIM1
SIM2
SIM3
SIM4
1
21
22
SIM5
SIM1
SIM2
SIM3
SIM4
1
21
22
SIM5
SIM1
SIM2
SIM3
SIM4
1
21
22
SIM5
SIM1
SIM2
SIM3
SIM4
1
21
22
SIM5
SIM1
SIM2
SIM3
SIM4
1
21
22
SIM5
SIM1
SIM2
SIM3
SIM4
1
21
22
SIM5
SIM1
SIM2
SIM3
SIM4
1
21
22
SIM5
SIM1
SIM2
SIM3
SIM4
1
21
22
SIM5
SIM1
SIM2
SIM3
SIM4
1
21
22
SIM5
SIM1
SIM2
SIM3
SIM4
1
21
22
SIM5
SIM1
SIM2
SIM3
SIM4
1
21
22
SIM5
SIM1
SIM2
SIM3
SIM4
1
21
22
SIM5
SIM1
SIM2
SIM3
SIM4
1
21
22
SIM5
SIM1
SIM2
SIM3
SIM4
1
21
22
SIM5
SIM1
SIM2
SIM3
SIM4
1
21
22
SIM5
SIM1
SIM2
SIM3
SIM4
1
21
22
SIM5
SIM1
SIM2
SIM3
SIM4
1
21
22
SIM5
SIM1
SIM2
DEBUG 1 931
SIM1
SIM2
SIM3
SIM4
1
21
22
SIM5
SIM1
SIM2
SIM3
SIM4
1
21
22
SIM5
SIM1
SIM2
SIM3
SIM4
1
21
22
SIM5
SIM1
SIM2
SIM3
SIM4
1
21
22
SIM5
SIM1
SIM2
SIM3
SIM4
1
21
22
SIM5
SIM1
SIM2
SIM3
SIM4
1
21
22
SIM5
SIM1
SIM2
SIM3
SIM4
1
21
22
SIM5
SIM1
SIM2
SIM3
SIM4
1
21
22
SIM5
SIM1
SIM2
SIM3
SIM4
1
21
22
SIM5
SIM1
SIM2
SIM3
SIM4
1
21
22
SIM5
SIM1
SIM2
SIM3
SIM4
1
21
22
SIM5
SIM1
SIM2
SIM3
SIM4
1
21
22
SIM5
SIM1
SIM2
SIM3
SIM4
1
21
22
SIM5
SIM1
SIM2
SIM3
SIM4
1
21
22
SIM5
SIM1
SIM2
SIM3
SIM4
1
21
22
SIM5
SIM1
SIM2
SIM3
SIM4
1
21
22
SIM5
SIM1
SIM2
SIM3
SIM4
1
21
22
SIM5
SIM1
SIM2
SIM3
SIM4
1
21
22
SIM5
SIM1
SIM2
SIM3
SIM4
1
21
22
SIM5
SIM1
SIM2
SIM3
SIM4
1
21
22
SIM5
SIM1
SIM2
SIM3
SIM4
1
21
22
SIM5
SIM1
SIM2
SIM3
SIM4
1
21
22
SIM5
SIM1
SIM2
SIM3
SIM4
1
21
22
SIM5
SIM1
SIM2
SIM3
SIM4
1
21
22
SIM5
SIM1
SIM2
SIM3
SIM4
1
21
22
SIM5
SIM1
SIM2
SIM3
SIM4
1
21
22
SIM5
SIM1
SIM2
SIM3
SIM4
1
21
22
SIM5
SIM1
SIM2
SIM3
SIM4
1
21
22
SIM5
SIM1
SIM2
SIM3
SIM4
1
21
22
SIM5
SIM1
SIM2
SIM3
SIM4
1
21
22
SIM5
SIM1
SIM2
SIM3
SIM4
1
21
22
SIM5
SIM1
SIM2
SIM3
SIM4
1
21
22
SIM5
SIM1
SIM2
SIM3
SIM4
1
21
22
SIM5
SIM1
SIM2
SIM3
SIM4
1
21
22
SIM5
SIM1
SIM2
SIM3
SIM4
1
21
22
SIM5
SIM1
SIM2
SIM3
SIM4
1
21
22
SIM5
SIM1
SIM2
SIM3
SIM4
1
21
22
SIM5
SIM1
SIM2
SIM3
SIM4
1
21
22
SIM5
SIM1
SIM2
SIM3
SIM4
1
21
22
SIM5
SIM1
SIM2
SIM3
SIM4
1
21
22
SIM5
SIM1
SIM2
SIM3
SIM4
1
21
22
SIM5
SIM1
SIM2
SIM3
SIM4
1
21
22
SIM5
SIM1
SIM2
SIM3
SIM4
1
21
22
SIM5
SIM1
SIM2
SIM3
SIM4
1
21
22
SIM5
SIM1
SIM2
SIM3
SIM4
1
21
22
SIM5
SIM1
SIM2
SIM3
SIM4
1
21
22
SIM5
SIM1
SIM2
SIM3
SIM4
1
21
22
SIM5
SIM1
SIM2
SIM3
SIM4
1
21
22
SIM5
SIM1
SIM2
SIM3
SIM4
1
21
22
SIM5
SIM1
SIM2
SIM3
SIM4
1
21
22
SIM5
SIM1
SIM2
SIM3
SIM4
1
21
22
SIM5
SIM1
SIM2
SIM3
SIM4
1
21
22
SIM5
SIM1
SIM2
SIM3
SIM4
1
21
22
SIM5
SIM1
SIM2
SIM3
SIM4
1
21
22
SIM5
SIM1
SIM2
SIM3
SIM4
1
21
22
SIM5
SIM1
SIM2
SIM3
SIM4
1
21
22
SIM5
SIM1
SIM2
SIM3
SIM4
1
21
22
SIM5
SIM1
SIM2
SIM3
SIM4
1
21
22
SIM5
SIM1
SIM2
SIM3
SIM4
1
21
22
SIM5
SIM1
SIM2
SIM3
SIM4
1
21
22
SIM5
SIM1
SIM2
SIM3
SIM4
1
21
22
SIM5
SIM1
SIM2
SIM3
SIM4
1
21
22
SIM5
SIM1
SIM2
SIM3
SIM4
1
21
22
SIM5
SIM1
SIM2
SIM3
SIM4
1
21
22
SIM5
SIM1
SIM2
SIM3
SIM4
1
21
22
SIM5
SIM1
SIM2
SIM3
SIM4
1
21
22
SIM5
SIM1
SIM2
SIM3
SIM4
1
21
22
SIM5
SIM1
SIM2
SIM3
SIM4
1
21
22
SIM5
SIM1
SIM2
SIM3
SIM4
1
21
22
SIM5
SIM1
SIM2
SIM3
SIM4
1
21
22
SIM5
SIM1
SIM2
SIM3
SIM4
1
21
22
SIM5
SIM1
SIM2
SIM3
SIM4
1
21
22
SIM5
SIM1
SIM2
SIM3
SIM4
1
21
22
SIM5
SIM1
SIM2
SIM3
SIM4
1
21
22
SIM5
SIM1
SIM2
SIM3
SIM4
1
21
22
SIM5
SIM1
SIM2
SIM3
SIM4
1
21
22
SIM5
SIM1
SIM2
SIM3
SIM4
1
21
22
SIM5
SIM1
SIM2
SIM3
SIM4
1
21
22
SIM5
SIM1
SIM2
SIM3
SIM4
1
21
22
SIM5
SIM1
SIM2
SIM3
SIM4
1
21
22
SIM5
SIM1
SIM2
SIM3
SIM4
1
21
22
SIM5
SIM1
SIM2
SIM3
SIM4
1
21
22
SIM5
SIM1
SIM2
SIM3
SIM4
1
21
22
SIM5
SIM1
SIM2
SIM3
SIM4
1
21
22
SIM5
SIM1
SIM2
SIM3
SIM4
1
21
22
SIM5
SIM1
SIM2
SIM3
SIM4
1
21
22
SIM5
SIM1
SIM2
SIM3
SIM4
1
21
22
SIM5
SIM1
SIM2
SIM3
SIM4
1
21
22
SIM5
SIM1
SIM2
SIM3
SIM4
1
21
22
SIM5
SIM1
SIM2
SIM3
SIM4
1
21
22
SIM5
SIM1
SIM2
SIM3
SIM4
1
21
22
SIM5
SIM1
SIM2
SIM3
SIM4
1
21
22
SIM5
SIM1
SIM2
SIM3
SIM4
1
21
22
SIM5
SIM1
SIM2
SIM3
SIM4
1
21
22
SIM5
SIM1
SIM2
SIM3
SIM4
1
21
22
SIM5
SIM1
SIM2
SIM3
SIM4
1
21
22
SIM5
SIM1
SIM2
SIM3
SIM4
1
21
22
SIM5
SIM1
SIM2
SIM3
SIM4
1
21
22
SIM5
SIM1
SIM2
SIM3
SIM4
1
21
22
SIM5
SIM1
SIM2
SIM3
SIM4
1
21
22
SIM5
SIM1
SIM2
SIM3
SIM4
1
21
22
SIM5
SIM1
SIM2
SIM3
SIM4
1
21
22
SIM5
SIM1
SIM2
SIM3
SIM4
1
21
22
SIM5
SIM1
SIM2
SIM3
SIM4
1
21
22
SIM5
SIM1
SIM2
SIM3
SIM4
1
21
22
SIM5
SIM1
SIM2
SIM3
SIM4
1
21
22
SIM5
SIM1
SIM2
SIM3
SIM4
1
21
22
SIM5
SIM1
SIM2
SIM3
SIM4
1
21
22
SIM5
SIM1
SIM2
SIM3
SIM4
1
21
22
SIM5
SIM1
SIM2
SIM3
SIM4
1
21
22
SIM5
SIM1
SIM2
SIM3
SIM4
1
21
22
SIM5
SIM1
SIM2
SIM3
SIM4
1
21
22
SIM5
SIM1
SIM2
SIM3
SIM4
1
21
22
SIM5
SIM1
SIM2
SIM3
SIM4
1
21
22
SIM5
SIM1
SIM2
SIM3
SIM4
1
21
22
SIM5
SIM1
SIM2
SIM3
SIM4
1
21
22
SIM5
SIM1
SIM2
SIM3
SIM4
1
21
22
SIM5
SIM1
SIM2
SIM3
SIM4
1
21
22
SIM5
SIM1
SIM2
SIM3
SIM4
1
21
22
SIM5
SIM1
SIM2
SIM3
SIM4
1
21
22
SIM5
SIM1
SIM2
SIM3
SIM4
1
21
22
SIM5
SIM1
SIM2
SIM3
SIM4
1
21
22
SIM5
SIM1
SIM2
SIM3
SIM4
1
21
22
SIM5
SIM1
SIM2
SIM3
SIM4
1
21
22
SIM5
SIM1
SIM2
SIM3
SIM4
1
21
22
SIM5
SIM1
SIM2
SIM3
SIM4
1
21
22
SIM5
SIM1
SIM2
SIM3
SIM4
1
21
22
SIM5
SIM1
SIM2
SIM3
SIM4
1
21
22
SIM5
SIM1
SIM2
SIM3
SIM4
1
21
22
SIM5
SIM1
SIM2
SIM3
SIM4
1
21
22
SIM5
SIM1
SIM2
SIM3
SIM4
1
21
22
SIM5
SIM1
SIM2
SIM3
SIM4
1
21
22
SIM5
SIM1
SIM2
SIM3
SIM4
1
21
22
SIM5
SIM1
SIM2
SIM3
SIM4
1
21
22
SIM5
SIM1
SIM2
SIM3
SIM4
1
21
22
SIM5
SIM1
SIM2
SIM3
SIM4
1
21
22
SIM5
SIM1
SIM2
SIM3
SIM4
1
21
22
SIM5
SIM1
SIM2
SIM3
SIM4
1
21
22
SIM5
SIM1
SIM2
SIM3
SIM4
1
21
22
SIM5
SIM1
SIM2
SIM3
SIM4
1
21
22
SIM5
SIM1
SIM2
SIM3
SIM4
1
21
22
SIM5
SIM1
SIM2
SIM3
SIM4
1
21
22
SIM5
SIM1
SIM2
SIM3
SIM4
1
21
22
SIM5
SIM1
SIM2
SIM3
SIM4
1
21
22
SIM5
SIM1
SIM2
SIM3
SIM4
1
21
22
SIM5
SIM1
SIM2
SIM3
SIM4
1
21
22
SIM5
SIM1
SIM2
SIM3
SIM4
1
21
22
SIM5
SIM1
SIM2
SIM3
SIM4
1
21
22
SIM5
SIM1
SIM2
SIM3
SIM4
1
21
22
SIM5
SIM1
SIM2
SIM3
SIM4
1
21
22
SIM5
SIM1
SIM2
SIM3
SIM4
1
21
22
SIM5
SIM1
SIM2
SIM3
SIM4
1
21
22
SIM5
SIM1
SIM2
SIM3
SIM4
1
21
22
SIM5
SIM1
SIM2
SIM3
SIM4
1
21
22
SIM5
SIM1
SIM2
SIM3
SIM4
1
21
22
SIM5
SIM1
SIM2
SIM3
SIM4
1
21
22
SIM5
SIM1
SIM2
SIM3
SIM4
1
21
22
SIM5
SIM1
SIM2
SIM3
SIM4
1
21
22
SIM5
SIM1
SIM2
SIM3
SIM4
1
21
22
SIM5
SIM1
SIM2
SIM3
SIM4
1
21
22
SIM5
SIM1
SIM2
SIM3
SIM4
1
21
22
SIM5
SIM1
SIM2
SIM3
SIM4
1
21
22
SIM5
SIM1
SIM2
SIM3
SIM4
1
21
22
SIM5
SIM1
SIM2
SIM3
SIM4
1
21
22
SIM5
SIM1
SIM2
SIM3
SIM4
1
21
22
SIM5
SIM1
SIM2
SIM3
SIM4
1
21
22
SIM5
SIM1
SIM2
SIM3
SIM4
1
21
22
SIM5
SIM1
SIM2
SIM3
SIM4
1
21
22
SIM5
SIM1
SIM2
SIM3
SIM4
1
21
22
SIM5
SIM1
SIM2
SIM3
SIM4
1
21
22
SIM5
SIM1
SIM2
SIM3
SIM4
1
21
22
SIM5
SIM1
SIM2
SIM3
SIM4
1
21
22
SIM5
SIM1
SIM2
SIM3
SIM4
1
21
22
SIM5
SIM1
SIM2
SIM3
SIM4
1
21
22
SIM5
SIM1
SIM2
SIM3
SIM4
1
21
22
SIM5
SIM1
SIM2
SIM3
SIM4
1
21
22
SIM5
SIM1
SIM2
SIM3
SIM4
1
21
22
SIM5
SIM1
SIM2
SIM3
SIM4
1
21
22
SIM5
SIM1
SIM2
SIM3
SIM4
1
21
22
SIM5
SIM1
SIM2
SIM3
SIM4
1
21
22
SIM5
SIM1
SIM2
SIM3
SIM4
1
21
22
SIM5
SIM1
SIM2
SIM3
SIM4
1
21
22
SIM5
SIM1
SIM2
SIM3
SIM4
1
21
22
SIM5
SIM1
SIM2
SIM3
SIM4
1
21
22
SIM5
SIM1
SIM2
SIM3
SIM4
1
21
22
SIM5
SIM1
SIM2
SIM3
SIM4
1
21
22
SIM5
SIM1
SIM2
SIM3
SIM4
1
21
22
SIM5
SIM1
SIM2
SIM3
SIM4
1
21
22
SIM5
SIM1
SIM2
DEBUG 1 932
SIM1
SIM2
SIM3
SIM4
1
21
22
SIM5
SIM1
SIM2
SIM3
SIM4
1
21
22
SIM5
SIM1
SIM2
SIM3
SIM4
1
21
22
SIM5
SIM1
SIM2
SIM3
SIM4
1
21
22
SIM5
SIM1
SIM2
SIM3
SIM4
1
21
22
SIM5
SIM1
SIM2
SIM3
SIM4
1
21
22
SIM5
SIM1
SIM2
SIM3
SIM4
1
21
22
SIM5
SIM1
SIM2
SIM3
SIM4
1
21
22
SIM5
SIM1
SIM2
SIM3
SIM4
1
21
22
SIM5
SIM1
SIM2
SIM3
SIM4
1
21
22
SIM5
SIM1
SIM2
SIM3
SIM4
1
21
22
SIM5
SIM1
SIM2
SIM3
SIM4
1
21
22
SIM5
SIM1
SIM2
SIM3
SIM4
1
21
22
SIM5
SIM1
SIM2
SIM3
SIM4
1
21
22
SIM5
SIM1
SIM2
SIM3
SIM4
1
21
22
SIM5
SIM1
SIM2
SIM3
SIM4
1
21
22
SIM5
SIM1
SIM2
SIM3
SIM4
1
21
22
SIM5
SIM1
SIM2
SIM3
SIM4
1
21
22
SIM5
SIM1
SIM2
SIM3
SIM4
1
21
22
SIM5
SIM1
SIM2
SIM3
SIM4
1
21
22
SIM5
SIM1
SIM2
SIM3
SIM4
1
21
22
SIM5
SIM1
SIM2
SIM3
SIM4
1
21
22
SIM5
SIM1
SIM2
SIM3
SIM4
1
21
22
SIM5
SIM1
SIM2
SIM3
SIM4
1
21
22
SIM5
SIM1
SIM2
SIM3
SIM4
1
21
22
SIM5
SIM1
SIM2
SIM3
SIM4
1
21
22
SIM5
SIM1
SIM2
SIM3
SIM4
1
21
22
SIM5
SIM1
SIM2
SIM3
SIM4
1
21
22
SIM5
SIM1
SIM2
SIM3
SIM4
1
21
22
SIM5
SIM1
SIM2
SIM3
SIM4
1
21
22
SIM5
SIM1
SIM2
SIM3
SIM4
1
21
22
SIM5
SIM1
SIM2
SIM3
SIM4
1
21
22
SIM5
SIM1
SIM2
SIM3
SIM4
1
21
22
SIM5
SIM1
SIM2
SIM3
SIM4
1
21
22
SIM5
SIM1
SIM2
SIM3
SIM4
1
21
22
SIM5
SIM1
SIM2
SIM3
SIM4
1
21
22
SIM5
SIM1
SIM2
SIM3
SIM4
1
21
22
SIM5
SIM1
SIM2
SIM3
SIM4
1
21
22
SIM5
SIM1
SIM2
SIM3
SIM4
1
21
22
SIM5
SIM1
SIM2
SIM3
SIM4
1
21
22
SIM5
SIM1
SIM2
SIM3
SIM4
1
21
22
SIM5
SIM1
SIM2
SIM3
SIM4
1
21
22
SIM5
SIM1
SIM2
SIM3
SIM4
1
21
22
SIM5
SIM1
SIM2
SIM3
SIM4
1
21
22
SIM5
SIM1
SIM2
SIM3
SIM4
1
21
22
SIM5
SIM1
SIM2
SIM3
SIM4
1
21
22
SIM5
SIM1
SIM2
SIM3
SIM4
1
21
22
SIM5
SIM1
SIM2
SIM3
SIM4
1
21
22
SIM5
SIM1
SIM2
SIM3
SIM4
1
21
22
SIM5
SIM1
SIM2
SIM3
SIM4
1
21
22
SIM5
SIM1
SIM2
SIM3
SIM4
1
21
22
SIM5
SIM1
SIM2
SIM3
SIM4
1
21
22
SIM5
SIM1
SIM2
SIM3
SIM4
1
21
22
SIM5
SIM1
SIM2
SIM3
SIM4
1
21
22
SIM5
SIM1
SIM2
SIM3
SIM4
1
21
22
SIM5
SIM1
SIM2
SIM3
SIM4
1
21
22
SIM5
SIM1
SIM2
SIM3
SIM4
1
21
22
SIM5
SIM1
SIM2
SIM3
SIM4
1
21
22
SIM5
SIM1
SIM2
SIM3
SIM4
1
21
22
SIM5
SIM1
SIM2
SIM3
SIM4
1
21
22
SIM5
SIM1
SIM2
SIM3
SIM4
1
21
22
SIM5
SIM1
SIM2
SIM3
SIM4
1
21
22
SIM5
SIM1
SIM2
SIM3
SIM4
1
21
22
SIM5
SIM1
SIM2
SIM3
SIM4
1
21
22
SIM5
SIM1
SIM2
SIM3
SIM4
1
21
22
SIM5
SIM1
SIM2
SIM3
SIM4
1
21
22
SIM5
SIM1
SIM2
SIM3
SIM4
1
21
22
SIM5
SIM1
SIM2
SIM3
SIM4
1
21
22
SIM5
SIM1
SIM2
SIM3
SIM4
1
21
22
SIM5
SIM1
SIM2
SIM3
SIM4
1
21
22
SIM5
SIM1
SIM2
SIM3
SIM4
1
21
22
SIM5
SIM1
SIM2
SIM3
SIM4
1
21
22
SIM5
SIM1
SIM2
SIM3
SIM4
1
21
22
SIM5
SIM1
SIM2
SIM3
SIM4
1
21
22
SIM5
SIM1
SIM2
SIM3
SIM4
1
21
22
SIM5
SIM1
SIM2
SIM3
SIM4
1
21
22
SIM5
SIM1
SIM2
SIM3
SIM4
1
21
22
SIM5
SIM1
SIM2
SIM3
SIM4
1
21
22
SIM5
SIM1
SIM2
SIM3
SIM4
1
21
22
SIM5
SIM1
SIM2
SIM3
SIM4
1
21
22
SIM5
SIM1
SIM2
SIM3
SIM4
1
21
22
SIM5
SIM1
SIM2
SIM3
SIM4
1
21
22
SIM5
SIM1
SIM2
SIM3
SIM4
1
21
22
SIM5
SIM1
SIM2
SIM3
SIM4
1
21
22
SIM5
SIM1
SIM2
SIM3
SIM4
1
21
22
SIM5
SIM1
SIM2
SIM3
SIM4
1
21
22
SIM5
SIM1
SIM2
SIM3
SIM4
1
21
22
SIM5
SIM1
SIM2
SIM3
SIM4
1
21
22
SIM5
SIM1
SIM2
SIM3
SIM4
1
21
22
SIM5
SIM1
SIM2
SIM3
SIM4
1
21
22
SIM5
SIM1
SIM2
SIM3
SIM4
1
21
22
SIM5
SIM1
SIM2
SIM3
SIM4
1
21
22
SIM5
SIM1
SIM2
SIM3
SIM4
1
21
22
SIM5
SIM1
SIM2
SIM3
SIM4
1
21
22
SIM5
SIM1
SIM2
SIM3
SIM4
1
21
22
SIM5
SIM1
SIM2
SIM3
SIM4
1
21
22
SIM5
SIM1
SIM2
SIM3
SIM4
1
21
22
SIM5
SIM1
SIM2
SIM3
SIM4
1
21
22
SIM5
SIM1
SIM2
SIM3
SIM4
1
21
22
SIM5
SIM1
SIM2
SIM3
SIM4
1
21
22
SIM5
SIM1
SIM2
SIM3
SIM4
1
21
22
SIM5
SIM1
SIM2
SIM3
SIM4
1
21
22
SIM5
SIM1
SIM2
SIM3
SIM4
1
21
22
SIM5
SIM1
SIM2
SIM3
SIM4
1
21
22
SIM5
SIM1
SIM2
SIM3
SIM4
1
21
22
SIM5
SIM1
SIM2
SIM3
SIM4
1
21
22
SIM5
SIM1
SIM2
SIM3
SIM4
1
21
22
SIM5
SIM1
SIM2
SIM3
SIM4
1
21
22
SIM5
SIM1
SIM2
SIM3
SIM4
1
21
22
SIM5
SIM1
SIM2
SIM3
SIM4
1
21
22
SIM5
SIM1
SIM2
SIM3
SIM4
1
21
22
SIM5
SIM1
SIM2
SIM3
SIM4
1
21
22
SIM5
SIM1
SIM2
SIM3
SIM4
1
21
22
SIM5
SIM1
SIM2
SIM3
SIM4
1
21
22
SIM5
SIM1
SIM2
SIM3
SIM4
1
21
22
SIM5
SIM1
SIM2
SIM3
SIM4
1
21
22
SIM5
SIM1
SIM2
SIM3
SIM4
1
21
22
SIM5
SIM1
SIM2
SIM3
SIM4
1
21
22
SIM5
SIM1
SIM2
SIM3
SIM4
1
21
22
SIM5
SIM1
SIM2
SIM3
SIM4
1
21
22
SIM5
SIM1
SIM2
SIM3
SIM4
1
21
22
SIM5
SIM1
SIM2
SIM3
SIM4
1
21
22
SIM5
SIM1
SIM2
SIM3
SIM4
1
21
22
SIM5
SIM1
SIM2
SIM3
SIM4
1
21
22
SIM5
SIM1
SIM2
SIM3
SIM4
1
21
22
SIM5
SIM1
SIM2
SIM3
SIM4
1
21
22
SIM5
SIM1
SIM2
SIM3
SIM4
1
21
22
SIM5
SIM1
SIM2
SIM3
SIM4
1
21
22
SIM5
SIM1
SIM2
SIM3
SIM4
1
21
22
SIM5
SIM1
SIM2
SIM3
SIM4
1
21
22
SIM5
SIM1
SIM2
SIM3
SIM4
1
21
22
SIM5
SIM1
SIM2
SIM3
SIM4
1
21
22
SIM5
SIM1
SIM2
SIM3
SIM4
1
21
22
SIM5
SIM1
SIM2
SIM3
SIM4
1
21
22
SIM5
SIM1
SIM2
SIM3
SIM4
1
21
22
SIM5
SIM1
SIM2
SIM3
SIM4
1
21
22
SIM5
SIM1
SIM2
SIM3
SIM4
1
21
22
SIM5
SIM1
SIM2
SIM3
SIM4
1
21
22
SIM5
SIM1
SIM2
SIM3
SIM4
1
21
22
SIM5
SIM1
SIM2
SIM3
SIM4
1
21
22
SIM5
SIM1
SIM2
SIM3
SIM4
1
21
22
SIM5
SIM1
SIM2
SIM3
SIM4
1
21
22
SIM5
SIM1
SIM2
SIM3
SIM4
1
21
22
SIM5
SIM1
SIM2
SIM3
SIM4
1
21
22
SIM5
SIM1
SIM2
SIM3
SIM4
1
21
22
SIM5
SIM1
SIM2
SIM3
SIM4
1
21
22
SIM5
SIM1
SIM2
SIM3
SIM4
1
21
22
SIM5
SIM1
SIM2
SIM3
SIM4
1
21
22
SIM5
SIM1
SIM2
SIM3
SIM4
1
21
22
SIM5
SIM1
SIM2
SIM3
SIM4
1
21
22
SIM5
SIM1
SIM2
SIM3
SIM4
1
21
22
SIM5
SIM1
SIM2
SIM3
SIM4
1
21
22
SIM5
SIM1
SIM2
SIM3
SIM4
1
21
22
SIM5
SIM1
SIM2
SIM3
SIM4
1
21
22
SIM5
SIM1
SIM2
SIM3
SIM4
1
21
22
SIM5
SIM1
SIM2
SIM3
SIM4
1
21
22
SIM5
SIM1
SIM2
SIM3
SIM4
1
21
22
SIM5
SIM1
SIM2
SIM3
SIM4
1
21
22
SIM5
SIM1
SIM2
SIM3
SIM4
1
21
22
SIM5
SIM1
SIM2
SIM3
SIM4
1
21
22
SIM5
SIM1
SIM2
SIM3
SIM4
1
21
22
SIM5
SIM1
SIM2
SIM3
SIM4
1
21
22
SIM5
SIM1
SIM2
SIM3
SIM4
1
21
22
SIM5
SIM1
SIM2
SIM3
SIM4
1
21
22
SIM5
SIM1
SIM2
SIM3
SIM4
1
21
22
SIM5
SIM1
SIM2
SIM3
SIM4
1
21
22
SIM5
SIM1
SIM2
SIM3
SIM4
1
21
22
SIM5
SIM1
SIM2
SIM3
SIM4
1
21
22
SIM5
SIM1
SIM2
SIM3
SIM4
1
21
22
SIM5
SIM1
SIM2
SIM3
SIM4
1
21
22
SIM5
SIM1
SIM2
SIM3
SIM4
1
21
22
SIM5
SIM1
SIM2
SIM3
SIM4
1
21
22
SIM5
SIM1
SIM2
SIM3
SIM4
1
21
22
SIM5
SIM1
SIM2
SIM3
SIM4
1
21
22
SIM5
SIM1
SIM2
SIM3
SIM4
1
21
22
SIM5
SIM1
SIM2
SIM3
SIM4
1
21
22
SIM5
SIM1
SIM2
SIM3
SIM4
1
21
22
SIM5
SIM1
SIM2
SIM3
SIM4
1
21
22
SIM5
SIM1
SIM2
SIM3
SIM4
1
21
22
SIM5
SIM1
SIM2
SIM3
SIM4
1
21
22
SIM5
SIM1
SIM2
SIM3
SIM4
1
21
22
SIM5
SIM1
SIM2
SIM3
SIM4
1
21
22
SIM5
SIM1
SIM2
SIM3
SIM4
1
21
22
SIM5
SIM1
SIM2
SIM3
SIM4
1
21
22
SIM5
SIM1
SIM2
SIM3
SIM4
1
21
22
SIM5
SIM1
SIM2
SIM3
SIM4
1
21
22
SIM5
SIM1
SIM2
SIM3
SIM4
1
21
22
SIM5
SIM1
SIM2
SIM3
SIM4
1
21
22
SIM5
SIM1
SIM2
SIM3
SIM4
1
21
22
SIM5
SIM1
SIM2
SIM3
SIM4
1
21
22
SIM5
SIM1
SIM2
SIM3
SIM4
1
21
22
SIM5
SIM1
SIM2
SIM3
SIM4
1
21
22
SIM5
SIM1
SIM2
SIM3
SIM4
1
21
22
SIM5
SIM1
SIM2
SIM3
SIM4
1
21
22
SIM5
SIM1
SIM2
SIM3
SIM4
1
21
22
SIM5
SIM1
SIM2
SIM3
SIM4
1
21
22
SIM5
SIM1
SIM2
SIM3
SIM4
1
21
22
SIM5
SIM1
SIM2
SIM3
SIM4
1
21
22
SIM5
SIM1
SIM2
SIM3
SIM4
1
21
22
SIM5
SIM1
SIM2
SIM3
SIM4
1
21
22
SIM5
SIM1
SIM2
SIM3
SIM4
1
21
22
SIM5
SIM1
SIM2
SIM3
SIM4
1
21
22
SIM5
SIM1
SIM2
SIM3
SIM4
1
21
22
SIM5
SIM1
SIM2
SIM3
SIM4
1
21
22
SIM5
SIM1
SIM2
SIM3
SIM4
1
21
22
SIM5
SIM1
SIM2
SIM3
SIM4
1
21
22
SIM5
SIM1
SIM2
SIM3
SIM4
1
21
22
SIM5
SIM1
SIM2
SIM3
SIM4
1
21
22
SIM5
SIM1
SIM2
SIM3
SIM4
1
21
22
SIM5
SIM1
SIM2
SIM3
SIM4
1
21
22
SIM5
SIM1
SIM2
SIM3
SIM4
1
21
22
SIM5
SIM1
SIM2
SIM3
SIM4
1
21
22
SIM5
SIM1
SIM2
SIM3
SIM4
1
21
22
SIM5
SIM1
SIM2
SIM3
SIM4
1
21
22
SIM5
SIM1
SIM2
SIM3
SIM4
1
21
22
SIM5
SIM1
SIM2
SIM3
SIM4
1
21
22
SIM5
SIM1
SIM2
SIM3
SIM4
1
21
22
SIM5
SIM1
SIM2
SIM3
SIM4
1
21
22
SIM5
SIM1
SIM2
SIM3
SIM4
1
21
22
SIM5
SIM1
SIM2
SIM3
SIM4
1
21
22
SIM5
SIM1
SIM2
SIM3
SIM4
1
21
22
SIM5
SIM1
SIM2
SIM3
SIM4
1
21
22
SIM5
SIM1
SIM2
SIM3
SIM4
1
21
22
SIM5
SIM1
SIM2
SIM3
SIM4
1
21
22
SIM5
SIM1
SIM2
SIM3
SIM4
1
21
22
SIM5
SIM1
SIM2
SIM3
SIM4
1
21
22
SIM5
SIM1
SIM2
SIM3
SIM4
1
21
22
SIM5
SIM1
SIM2
SIM3
SIM4
1
21
22
SIM5
SIM1
SIM2
SIM3
SIM4
1
21
22
SIM5
SIM1
SIM2
SIM3
SIM4
1
21
22
SIM5
SIM1
SIM2
SIM3
SIM4
1
21
22
SIM5
SIM1
SIM2
SIM3
SIM4
1
21
22
SIM5
SIM1
SIM2
SIM3
SIM4
1
21
22
SIM5
SIM1
SIM2
SIM3
SIM4
1
21
22
SIM5
SIM1
SIM2
SIM3
SIM4
1
21
22
SIM5
SIM1
SIM2
SIM3
SIM4
1
21
22
SIM5
SIM1
SIM2
SIM3
SIM4
1
21
22
SIM5
SIM1
SIM2
SIM3
SIM4
1
21
22
SIM5
SIM1
SIM2
SIM3
SIM4
1
21
22
SIM5
SIM1
SIM2
SIM3
SIM4
1
21
22
SIM5
SIM1
SIM2
SIM3
SIM4
1
21
22
SIM5
SIM1
SIM2
SIM3
SIM4
1
21
22
SIM5
SIM1
SIM2
SIM3
SIM4
1
21
22
SIM5
SIM1
SIM2
SIM3
SIM4
1
21
22
SIM5
SIM1
SIM2
SIM3
SIM4
1
21
22
SIM5
SIM1
SIM2
SIM3
SIM4
1
21
22
SIM5
SIM1
SIM2
SIM3
SIM4
1
21
22
SIM5
SIM1
SIM2
SIM3
SIM4
1
21
22
SIM5
SIM1
SIM2
SIM3
SIM4
1
21
22
SIM5
SIM1
SIM2
SIM3
SIM4
1
21
22
SIM5
SIM1
SIM2
SIM3
SIM4
1
21
22
SIM5
SIM1
SIM2
SIM3
SIM4
1
21
22
SIM5
SIM1
SIM2
SIM3
SIM4
1
21
22
SIM5
SIM1
SIM2
SIM3
SIM4
1
21
22
SIM5
SIM1
SIM2
SIM3
SIM4
1
21
22
SIM5
SIM1
SIM2
SIM3
SIM4
1
21
22
SIM5
SIM1
SIM2
SIM3
SIM4
1
21
22
SIM5
SIM1
SIM2
SIM3
SIM4
1
21
22
SIM5
SIM1
SIM2
SIM3
SIM4
1
21
22
SIM5
SIM1
SIM2
SIM3
SIM4
1
21
22
SIM5
SIM1
SIM2
SIM3
SIM4
1
21
22
SIM5
SIM1
SIM2
SIM3
SIM4
1
21
22
SIM5
SIM1
SIM2
SIM3
SIM4
1
21
22
SIM5
SIM1
SIM2
SIM3
SIM4
1
21
22
SIM5
SIM1
SIM2
SIM3
SIM4
1
21
22
SIM5
SIM1
SIM2
SIM3
SIM4
1
21
22
SIM5
SIM1
SIM2
SIM3
SIM4
1
21
22
SIM5
SIM1
SIM2
SIM3
SIM4
1
21
22
SIM5
SIM1
SIM2
SIM3
SIM4
1
21
22
SIM5
SIM1
SIM2
SIM3
SIM4
1
21
22
SIM5
SIM1
SIM2
SIM3
SIM4
1
21
22
SIM5
SIM1
SIM2
SIM3
SIM4
1
21
22
SIM5
SIM1
SIM2
SIM3
SIM4
1
21
22
SIM5
SIM1
SIM2
SIM3
SIM4
1
21
22
SIM5
SIM1
SIM2
SIM3
SIM4
1
21
22
SIM5
SIM1
SIM2
SIM3
SIM4
1
21
22
SIM5
SIM1
SIM2
SIM3
SIM4
1
21
22
SIM5
SIM1
SIM2
SIM3
SIM4
1
21
22
SIM5
SIM1
SIM2
SIM3
SIM4
1
21
22
SIM5
SIM1
SIM2
SIM3
SIM4
1
21
22
SIM5
SIM1
SIM2
SIM3
SIM4
1
21
22
SIM5
SIM1
SIM2
SIM3
SIM4
1
21
22
SIM5
SIM1
SIM2
SIM3
SIM4
1
21
22
SIM5
SIM1
SIM2
SIM3
SIM4
1
21
22
SIM5
SIM1
SIM2
SIM3
SIM4
1
21
22
SIM5
SIM1
SIM2
SIM3
SIM4
1
21
22
SIM5
SIM1
SIM2
SIM3
SIM4
1
21
22
SIM5
SIM1
SIM2
SIM3
SIM4
1
21
22
SIM5
SIM1
SIM2
SIM3
SIM4
1
21
22
SIM5
SIM1
SIM2
SIM3
SIM4
1
21
22
SIM5
SIM1
SIM2
SIM3
SIM4
1
21
22
SIM5
SIM1
SIM2
SIM3
SIM4
1
21
22
SIM5
SIM1
SIM2
DEBUG 1 933
SIM1
SIM2
SIM3
SIM4
1
21
22
SIM5
SIM1
SIM2
SIM3
SIM4
1
21
22
SIM5
SIM1
SIM2
SIM3
SIM4
1
21
22
SIM5
SIM1
SIM2
SIM3
SIM4
1
21
22
SIM5
SIM1
SIM2
SIM3
SIM4
1
21
22
SIM5
SIM1
SIM2
SIM3
SIM4
1
21
22
SIM5
SIM1
SIM2
SIM3
SIM4
1
21
22
SIM5
SIM1
SIM2
SIM3
SIM4
1
21
22
SIM5
SIM1
SIM2
SIM3
SIM4
1
21
22
SIM5
SIM1
SIM2
SIM3
SIM4
1
21
22
SIM5
SIM1
SIM2
SIM3
SIM4
1
21
22
SIM5
SIM1
SIM2
SIM3
SIM4
1
21
22
SIM5
SIM1
SIM2
SIM3
SIM4
1
21
22
SIM5
SIM1
SIM2
SIM3
SIM4
1
21
22
SIM5
SIM1
SIM2
SIM3
SIM4
1
21
22
SIM5
SIM1
SIM2
SIM3
SIM4
1
21
22
SIM5
SIM1
SIM2
SIM3
SIM4
1
21
22
SIM5
SIM1
SIM2
SIM3
SIM4
1
21
22
SIM5
SIM1
SIM2
SIM3
SIM4
1
21
22
SIM5
SIM1
SIM2
SIM3
SIM4
1
21
22
SIM5
SIM1
SIM2
SIM3
SIM4
1
21
22
SIM5
SIM1
SIM2
SIM3
SIM4
1
21
22
SIM5
SIM1
SIM2
SIM3
SIM4
1
21
22
SIM5
SIM1
SIM2
SIM3
SIM4
1
21
22
SIM5
SIM1
SIM2
SIM3
SIM4
1
21
22
SIM5
SIM1
SIM2
SIM3
SIM4
1
21
22
SIM5
SIM1
SIM2
SIM3
SIM4
1
21
22
SIM5
SIM1
SIM2
SIM3
SIM4
1
21
22
SIM5
SIM1
SIM2
SIM3
SIM4
1
21
22
SIM5
SIM1
SIM2
SIM3
SIM4
1
21
22
SIM5
SIM1
SIM2
SIM3
SIM4
1
21
22
SIM5
SIM1
SIM2
SIM3
SIM4
1
21
22
SIM5
SIM1
SIM2
SIM3
SIM4
1
21
22
SIM5
SIM1
SIM2
SIM3
SIM4
1
21
22
SIM5
SIM1
SIM2
SIM3
SIM4
1
21
22
SIM5
SIM1
SIM2
SIM3
SIM4
1
21
22
SIM5
SIM1
SIM2
SIM3
SIM4
1
21
22
SIM5
SIM1
SIM2
SIM3
SIM4
1
21
22
SIM5
SIM1
SIM2
SIM3
SIM4
1
21
22
SIM5
SIM1
SIM2
SIM3
SIM4
1
21
22
SIM5
SIM1
SIM2
SIM3
SIM4
1
21
22
SIM5
SIM1
SIM2
SIM3
SIM4
1
21
22
SIM5
SIM1
SIM2
SIM3
SIM4
1
21
22
SIM5
SIM1
SIM2
SIM3
SIM4
1
21
22
SIM5
SIM1
SIM2
SIM3
SIM4
1
21
22
SIM5
SIM1
SIM2
SIM3
SIM4
1
21
22
SIM5
SIM1
SIM2
SIM3
SIM4
1
21
22
SIM5
SIM1
SIM2
SIM3
SIM4
1
21
22
SIM5
SIM1
SIM2
SIM3
SIM4
1
21
22
SIM5
SIM1
SIM2
SIM3
SIM4
1
21
22
SIM5
SIM1
SIM2
SIM3
SIM4
1
21
22
SIM5
SIM1
SIM2
SIM3
SIM4
1
21
22
SIM5
SIM1
SIM2
SIM3
SIM4
1
21
22
SIM5
SIM1
SIM2
SIM3
SIM4
1
21
22
SIM5
SIM1
SIM2
SIM3
SIM4
1
21
22
SIM5
SIM1
SIM2
SIM3
SIM4
1
21
22
SIM5
SIM1
SIM2
SIM3
SIM4
1
21
22
SIM5
SIM1
SIM2
SIM3
SIM4
1
21
22
SIM5
SIM1
SIM2
SIM3
SIM4
1
21
22
SIM5
SIM1
SIM2
SIM3
SIM4
1
21
22
SIM5
SIM1
SIM2
SIM3
SIM4
1
21
22
SIM5
SIM1
SIM2
SIM3
SIM4
1
21
22
SIM5
SIM1
SIM2
SIM3
SIM4
1
21
22
SIM5
SIM1
SIM2
SIM3
SIM4
1
21
22
SIM5
SIM1
SIM2
SIM3
SIM4
1
21
22
SIM5
SIM1
SIM2
SIM3
SIM4
1
21
22
SIM5
SIM1
SIM2
SIM3
SIM4
1
21
22
SIM5
SIM1
SIM2
SIM3
SIM4
1
21
22
SIM5
SIM1
SIM2
SIM3
SIM4
1
21
22
SIM5
SIM1
SIM2
SIM3
SIM4
1
21
22
SIM5
SIM1
SIM2
SIM3
SIM4
1
21
22
SIM5
SIM1
SIM2
SIM3
SIM4
1
21
22
SIM5
SIM1
SIM2
SIM3
SIM4
1
21
22
SIM5
SIM1
SIM2
SIM3
SIM4
1
21
22
SIM5
SIM1
SIM2
SIM3
SIM4
1
21
22
SIM5
SIM1
SIM2
SIM3
SIM4
1
21
22
SIM5
SIM1
SIM2
SIM3
SIM4
1
21
22
SIM5
SIM1
SIM2
SIM3
SIM4
1
21
22
SIM5
SIM1
SIM2
SIM3
SIM4
1
21
22
SIM5
SIM1
SIM2
SIM3
SIM4
1
21
22
SIM5
SIM1
SIM2
SIM3
SIM4
1
21
22
SIM5
SIM1
SIM2
SIM3
SIM4
1
21
22
SIM5
SIM1
SIM2
SIM3
SIM4
1
21
22
SIM5
SIM1
SIM2
SIM3
SIM4
1
21
22
SIM5
SIM1
SIM2
SIM3
SIM4
1
21
22
SIM5
SIM1
SIM2
SIM3
SIM4
1
21
22
SIM5
SIM1
SIM2
SIM3
SIM4
1
21
22
SIM5
SIM1
SIM2
SIM3
SIM4
1
21
22
SIM5
SIM1
SIM2
SIM3
SIM4
1
21
22
SIM5
SIM1
SIM2
SIM3
SIM4
1
21
22
SIM5
SIM1
SIM2
SIM3
SIM4
1
21
22
SIM5
SIM1
SIM2
SIM3
SIM4
1
21
22
SIM5
SIM1
SIM2
SIM3
SIM4
1
21
22
SIM5
SIM1
SIM2
SIM3
SIM4
1
21
22
SIM5
SIM1
SIM2
SIM3
SIM4
1
21
22
SIM5
SIM1
SIM2
SIM3
SIM4
1
21
22
SIM5
SIM1
SIM2
SIM3
SIM4
1
21
22
SIM5
SIM1
SIM2
SIM3
SIM4
1
21
22
SIM5
SIM1
SIM2
SIM3
SIM4
1
21
22
SIM5
SIM1
SIM2
SIM3
SIM4
1
21
22
SIM5
SIM1
SIM2
SIM3
SIM4
1
21
22
SIM5
SIM1
SIM2
SIM3
SIM4
1
21
22
SIM5
SIM1
SIM2
SIM3
SIM4
1
21
22
SIM5
SIM1
SIM2
SIM3
SIM4
1
21
22
SIM5
SIM1
SIM2
SIM3
SIM4
1
21
22
SIM5
SIM1
SIM2
SIM3
SIM4
1
21
22
SIM5
SIM1
SIM2
SIM3
SIM4
1
21
22
SIM5
SIM1
SIM2
SIM3
SIM4
1
21
22
SIM5
SIM1
SIM2
SIM3
SIM4
1
21
22
SIM5
SIM1
SIM2
SIM3
SIM4
1
21
22
SIM5
SIM1
SIM2
SIM3
SIM4
1
21
22
SIM5
SIM1
SIM2
SIM3
SIM4
1
21
22
SIM5
SIM1
SIM2
SIM3
SIM4
1
21
22
SIM5
SIM1
SIM2
SIM3
SIM4
1
21
22
SIM5
SIM1
SIM2
SIM3
SIM4
1
21
22
SIM5
SIM1
SIM2
SIM3
SIM4
1
21
22
SIM5
SIM1
SIM2
SIM3
SIM4
1
21
22
SIM5
SIM1
SIM2
SIM3
SIM4
1
21
22
SIM5
SIM1
SIM2
SIM3
SIM4
1
21
22
SIM5
SIM1
SIM2
SIM3
SIM4
1
21
22
SIM5
SIM1
SIM2
SIM3
SIM4
1
21
22
SIM5
SIM1
SIM2
SIM3
SIM4
1
21
22
SIM5
SIM1
SIM2
SIM3
SIM4
1
21
22
SIM5
SIM1
SIM2
SIM3
SIM4
1
21
22
SIM5
SIM1
SIM2
SIM3
SIM4
1
21
22
SIM5
SIM1
SIM2
SIM3
SIM4
1
21
22
SIM5
SIM1
SIM2
SIM3
SIM4
1
21
22
SIM5
SIM1
SIM2
SIM3
SIM4
1
21
22
SIM5
SIM1
SIM2
SIM3
SIM4
1
21
22
SIM5
SIM1
SIM2
SIM3
SIM4
1
21
22
SIM5
SIM1
SIM2
SIM3
SIM4
1
21
22
SIM5
SIM1
SIM2
SIM3
SIM4
1
21
22
SIM5
SIM1
SIM2
SIM3
SIM4
1
21
22
SIM5
SIM1
SIM2
SIM3
SIM4
1
21
22
SIM5
SIM1
SIM2
SIM3
SIM4
1
21
22
SIM5
SIM1
SIM2
SIM3
SIM4
1
21
22
SIM5
SIM1
SIM2
SIM3
SIM4
1
21
22
SIM5
SIM1
SIM2
SIM3
SIM4
1
21
22
SIM5
SIM1
SIM2
SIM3
SIM4
1
21
22
SIM5
SIM1
SIM2
SIM3
SIM4
1
21
22
SIM5
SIM1
SIM2
SIM3
SIM4
1
21
22
SIM5
SIM1
SIM2
SIM3
SIM4
1
21
22
SIM5
SIM1
SIM2
DEBUG 1 934
SIM1
SIM2
SIM3
SIM4
1
21
22
SIM5
SIM1
SIM2
SIM3
SIM4
1
21
22
SIM5
SIM1
SIM2
SIM3
SIM4
1
21
22
SIM5
SIM1
SIM2
SIM3
SIM4
1
21
22
SIM5
SIM1
SIM2
SIM3
SIM4
1
21
22
SIM5
SIM1
SIM2
SIM3
SIM4
1
21
22
SIM5
SIM1
SIM2
SIM3
SIM4
1
21
22
SIM5
SIM1
SIM2
SIM3
SIM4
1
21
22
SIM5
SIM1
SIM2
SIM3
SIM4
1
21
22
SIM5
SIM1
SIM2
SIM3
SIM4
1
21
22
SIM5
SIM1
SIM2
SIM3
SIM4
1
21
22
SIM5
SIM1
SIM2
SIM3
SIM4
1
21
22
SIM5
SIM1
SIM2
SIM3
SIM4
1
21
22
SIM5
SIM1
SIM2
SIM3
SIM4
1
21
22
SIM5
SIM1
SIM2
SIM3
SIM4
1
21
22
SIM5
SIM1
SIM2
SIM3
SIM4
1
21
22
SIM5
SIM1
SIM2
SIM3
SIM4
1
21
22
SIM5
SIM1
SIM2
SIM3
SIM4
1
21
22
SIM5
SIM1
SIM2
SIM3
SIM4
1
21
22
SIM5
SIM1
SIM2
SIM3
SIM4
1
21
22
SIM5
SIM1
SIM2
SIM3
SIM4
1
21
22
SIM5
SIM1
SIM2
SIM3
SIM4
1
21
22
SIM5
SIM1
SIM2
SIM3
SIM4
1
21
22
SIM5
SIM1
SIM2
SIM3
SIM4
1
21
22
SIM5
SIM1
SIM2
SIM3
SIM4
1
21
22
SIM5
SIM1
SIM2
SIM3
SIM4
1
21
22
SIM5
SIM1
SIM2
SIM3
SIM4
1
21
22
SIM5
SIM1
SIM2
SIM3
SIM4
1
21
22
SIM5
SIM1
SIM2
SIM3
SIM4
1
21
22
SIM5
SIM1
SIM2
SIM3
SIM4
1
21
22
SIM5
SIM1
SIM2
SIM3
SIM4
1
21
22
SIM5
SIM1
SIM2
SIM3
SIM4
1
21
22
SIM5
SIM1
SIM2
SIM3
SIM4
1
21
22
SIM5
SIM1
SIM2
SIM3
SIM4
1
21
22
SIM5
SIM1
SIM2
SIM3
SIM4
1
21
22
SIM5
SIM1
SIM2
SIM3
SIM4
1
21
22
SIM5
SIM1
SIM2
SIM3
SIM4
1
21
22
SIM5
SIM1
SIM2
SIM3
SIM4
1
21
22
SIM5
SIM1
SIM2
SIM3
SIM4
1
21
22
SIM5
SIM1
SIM2
SIM3
SIM4
1
21
22
SIM5
SIM1
SIM2
SIM3
SIM4
1
21
22
SIM5
SIM1
SIM2
SIM3
SIM4
1
21
22
SIM5
SIM1
SIM2
SIM3
SIM4
1
21
22
SIM5
SIM1
SIM2
SIM3
SIM4
1
21
22
SIM5
SIM1
SIM2
SIM3
SIM4
1
21
22
SIM5
SIM1
SIM2
SIM3
SIM4
1
21
22
SIM5
SIM1
SIM2
SIM3
SIM4
1
21
22
SIM5
SIM1
SIM2
SIM3
SIM4
1
21
22
SIM5
SIM1
SIM2
SIM3
SIM4
1
21
22
SIM5
SIM1
SIM2
SIM3
SIM4
1
21
22
SIM5
SIM1
SIM2
SIM3
SIM4
1
21
22
SIM5
SIM1
SIM2
SIM3
SIM4
1
21
22
SIM5
SIM1
SIM2
SIM3
SIM4
1
21
22
SIM5
SIM1
SIM2
SIM3
SIM4
1
21
22
SIM5
SIM1
SIM2
SIM3
SIM4
1
21
22
SIM5
SIM1
SIM2
SIM3
SIM4
1
21
22
SIM5
SIM1
SIM2
SIM3
SIM4
1
21
22
SIM5
SIM1
SIM2
SIM3
SIM4
1
21
22
SIM5
SIM1
SIM2
SIM3
SIM4
1
21
22
SIM5
SIM1
SIM2
SIM3
SIM4
1
21
22
SIM5
SIM1
SIM2
SIM3
SIM4
1
21
22
SIM5
SIM1
SIM2
SIM3
SIM4
1
21
22
SIM5
SIM1
SIM2
SIM3
SIM4
1
21
22
SIM5
SIM1
SIM2
SIM3
SIM4
1
21
22
SIM5
SIM1
SIM2
SIM3
SIM4
1
21
22
SIM5
SIM1
SIM2
SIM3
SIM4
1
21
22
SIM5
SIM1
SIM2
SIM3
SIM4
1
21
22
SIM5
SIM1
SIM2
SIM3
SIM4
1
21
22
SIM5
SIM1
SIM2
SIM3
SIM4
1
21
22
SIM5
SIM1
SIM2
SIM3
SIM4
1
21
22
SIM5
SIM1
SIM2
SIM3
SIM4
1
21
22
SIM5
SIM1
SIM2
SIM3
SIM4
1
21
22
SIM5
SIM1
SIM2
SIM3
SIM4
1
21
22
SIM5
SIM1
SIM2
SIM3
SIM4
1
21
22
SIM5
SIM1
SIM2
SIM3
SIM4
1
21
22
SIM5
SIM1
SIM2
SIM3
SIM4
1
21
22
SIM5
SIM1
SIM2
SIM3
SIM4
1
21
22
SIM5
SIM1
SIM2
SIM3
SIM4
1
21
22
SIM5
SIM1
SIM2
SIM3
SIM4
1
21
22
SIM5
SIM1
SIM2
SIM3
SIM4
1
21
22
SIM5
SIM1
SIM2
SIM3
SIM4
1
21
22
SIM5
SIM1
SIM2
SIM3
SIM4
1
21
22
SIM5
SIM1
SIM2
SIM3
SIM4
1
21
22
SIM5
SIM1
SIM2
SIM3
SIM4
1
21
22
SIM5
SIM1
SIM2
SIM3
SIM4
1
21
22
SIM5
SIM1
SIM2
SIM3
SIM4
1
21
22
SIM5
SIM1
SIM2
SIM3
SIM4
1
21
22
SIM5
SIM1
SIM2
SIM3
SIM4
1
21
22
SIM5
SIM1
SIM2
SIM3
SIM4
1
21
22
SIM5
SIM1
SIM2
SIM3
SIM4
1
21
22
SIM5
SIM1
SIM2
SIM3
SIM4
1
21
22
SIM5
SIM1
SIM2
SIM3
SIM4
1
21
22
SIM5
SIM1
SIM2
SIM3
SIM4
1
21
22
SIM5
SIM1
SIM2
SIM3
SIM4
1
21
22
SIM5
SIM1
SIM2
SIM3
SIM4
1
21
22
SIM5
SIM1
SIM2
SIM3
SIM4
1
21
22
SIM5
SIM1
SIM2
SIM3
SIM4
1
21
22
SIM5
SIM1
SIM2
SIM3
SIM4
1
21
22
SIM5
SIM1
SIM2
SIM3
SIM4
1
21
22
SIM5
SIM1
SIM2
SIM3
SIM4
1
21
22
SIM5
SIM1
SIM2
SIM3
SIM4
1
21
22
SIM5
SIM1
SIM2
SIM3
SIM4
1
21
22
SIM5
SIM1
SIM2
SIM3
SIM4
1
21
22
SIM5
SIM1
SIM2
SIM3
SIM4
1
21
22
SIM5
SIM1
SIM2
SIM3
SIM4
1
21
22
SIM5
SIM1
SIM2
SIM3
SIM4
1
21
22
SIM5
SIM1
SIM2
SIM3
SIM4
1
21
22
SIM5
SIM1
SIM2
SIM3
SIM4
1
21
22
SIM5
SIM1
SIM2
SIM3
SIM4
1
21
22
SIM5
SIM1
SIM2
SIM3
SIM4
1
21
22
SIM5
SIM1
SIM2
SIM3
SIM4
1
21
22
SIM5
SIM1
SIM2
SIM3
SIM4
1
21
22
SIM5
SIM1
SIM2
SIM3
SIM4
1
21
22
SIM5
SIM1
SIM2
SIM3
SIM4
1
21
22
SIM5
SIM1
SIM2
SIM3
SIM4
1
21
22
SIM5
SIM1
SIM2
SIM3
SIM4
1
21
22
SIM5
SIM1
SIM2
SIM3
SIM4
1
21
22
SIM5
SIM1
SIM2
SIM3
SIM4
1
21
22
SIM5
SIM1
SIM2
SIM3
SIM4
1
21
22
SIM5
SIM1
SIM2
SIM3
SIM4
1
21
22
SIM5
SIM1
SIM2
SIM3
SIM4
1
21
22
SIM5
SIM1
SIM2
SIM3
SIM4
1
21
22
SIM5
SIM1
SIM2
SIM3
SIM4
1
21
22
SIM5
SIM1
SIM2
SIM3
SIM4
1
21
22
SIM5
SIM1
SIM2
SIM3
SIM4
1
21
22
SIM5
SIM1
SIM2
SIM3
SIM4
1
21
22
SIM5
SIM1
SIM2
SIM3
SIM4
1
21
22
SIM5
SIM1
SIM2
SIM3
SIM4
1
21
22
SIM5
SIM1
SIM2
SIM3
SIM4
1
21
22
SIM5
SIM1
SIM2
SIM3
SIM4
1
21
22
SIM5
SIM1
SIM2
SIM3
SIM4
1
21
22
SIM5
SIM1
SIM2
SIM3
SIM4
1
21
22
SIM5
SIM1
SIM2
SIM3
SIM4
1
21
22
SIM5
SIM1
SIM2
SIM3
SIM4
1
21
22
SIM5
SIM1
SIM2
SIM3
SIM4
1
21
22
SIM5
SIM1
SIM2
SIM3
SIM4
1
21
22
SIM5
SIM1
SIM2
SIM3
SIM4
1
21
22
SIM5
SIM1
SIM2
SIM3
SIM4
1
21
22
SIM5
SIM1
SIM2
DEBUG 1 935
SIM1
SIM2
SIM3
SIM4
1
21
22
SIM5
SIM1
SIM2
SIM3
SIM4
1
21
22
SIM5
SIM1
SIM2
SIM3
SIM4
1
21
22
SIM5
SIM1
SIM2
SIM3
SIM4
1
21
22
SIM5
SIM1
SIM2
SIM3
SIM4
1
21
22
SIM5
SIM1
SIM2
SIM3
SIM4
1
21
22
SIM5
SIM1
SIM2
SIM3
SIM4
1
21
22
SIM5
SIM1
SIM2
SIM3
SIM4
1
21
22
SIM5
SIM1
SIM2
SIM3
SIM4
1
21
22
SIM5
SIM1
SIM2
SIM3
SIM4
1
21
22
SIM5
SIM1
SIM2
SIM3
SIM4
1
21
22
SIM5
SIM1
SIM2
SIM3
SIM4
1
21
22
SIM5
SIM1
SIM2
SIM3
SIM4
1
21
22
SIM5
SIM1
SIM2
SIM3
SIM4
1
21
22
SIM5
SIM1
SIM2
SIM3
SIM4
1
21
22
SIM5
SIM1
SIM2
SIM3
SIM4
1
21
22
SIM5
SIM1
SIM2
SIM3
SIM4
1
21
22
SIM5
SIM1
SIM2
SIM3
SIM4
1
21
22
SIM5
SIM1
SIM2
SIM3
SIM4
1
21
22
SIM5
SIM1
SIM2
SIM3
SIM4
1
21
22
SIM5
SIM1
SIM2
SIM3
SIM4
1
21
22
SIM5
SIM1
SIM2
SIM3
SIM4
1
21
22
SIM5
SIM1
SIM2
SIM3
SIM4
1
21
22
SIM5
SIM1
SIM2
SIM3
SIM4
1
21
22
SIM5
SIM1
SIM2
SIM3
SIM4
1
21
22
SIM5
SIM1
SIM2
SIM3
SIM4
1
21
22
SIM5
SIM1
SIM2
SIM3
SIM4
1
21
22
SIM5
SIM1
SIM2
SIM3
SIM4
1
21
22
SIM5
SIM1
SIM2
SIM3
SIM4
1
21
22
SIM5
SIM1
SIM2
SIM3
SIM4
1
21
22
SIM5
SIM1
SIM2
SIM3
SIM4
1
21
22
SIM5
SIM1
SIM2
SIM3
SIM4
1
21
22
SIM5
SIM1
SIM2
SIM3
SIM4
1
21
22
SIM5
SIM1
SIM2
SIM3
SIM4
1
21
22
SIM5
SIM1
SIM2
SIM3
SIM4
1
21
22
SIM5
SIM1
SIM2
SIM3
SIM4
1
21
22
SIM5
SIM1
SIM2
SIM3
SIM4
1
21
22
SIM5
SIM1
SIM2
SIM3
SIM4
1
21
22
SIM5
SIM1
SIM2
SIM3
SIM4
1
21
22
SIM5
SIM1
SIM2
SIM3
SIM4
1
21
22
SIM5
SIM1
SIM2
SIM3
SIM4
1
21
22
SIM5
SIM1
SIM2
SIM3
SIM4
1
21
22
SIM5
SIM1
SIM2
SIM3
SIM4
1
21
22
SIM5
SIM1
SIM2
SIM3
SIM4
1
21
22
SIM5
SIM1
SIM2
SIM3
SIM4
1
21
22
SIM5
SIM1
SIM2
SIM3
SIM4
1
21
22
SIM5
SIM1
SIM2
SIM3
SIM4
1
21
22
SIM5
SIM1
SIM2
SIM3
SIM4
1
21
22
SIM5
SIM1
SIM2
SIM3
SIM4
1
21
22
SIM5
SIM1
SIM2
SIM3
SIM4
1
21
22
SIM5
SIM1
SIM2
SIM3
SIM4
1
21
22
SIM5
SIM1
SIM2
SIM3
SIM4
1
21
22
SIM5
SIM1
SIM2
SIM3
SIM4
1
21
22
SIM5
SIM1
SIM2
SIM3
SIM4
1
21
22
SIM5
SIM1
SIM2
SIM3
SIM4
1
21
22
SIM5
SIM1
SIM2
SIM3
SIM4
1
21
22
SIM5
SIM1
SIM2
SIM3
SIM4
1
21
22
SIM5
SIM1
SIM2
SIM3
SIM4
1
21
22
SIM5
SIM1
SIM2
SIM3
SIM4
1
21
22
SIM5
SIM1
SIM2
SIM3
SIM4
1
21
22
SIM5
SIM1
SIM2
SIM3
SIM4
1
21
22
SIM5
SIM1
SIM2
SIM3
SIM4
1
21
22
SIM5
SIM1
SIM2
SIM3
SIM4
1
21
22
SIM5
SIM1
SIM2
SIM3
SIM4
1
21
22
SIM5
SIM1
SIM2
SIM3
SIM4
1
21
22
SIM5
SIM1
SIM2
SIM3
SIM4
1
21
22
SIM5
SIM1
SIM2
SIM3
SIM4
1
21
22
SIM5
SIM1
SIM2
SIM3
SIM4
1
21
22
SIM5
SIM1
SIM2
SIM3
SIM4
1
21
22
SIM5
SIM1
SIM2
SIM3
SIM4
1
21
22
SIM5
SIM1
SIM2
SIM3
SIM4
1
21
22
SIM5
SIM1
SIM2
SIM3
SIM4
1
21
22
SIM5
SIM1
SIM2
SIM3
SIM4
1
21
22
SIM5
SIM1
SIM2
SIM3
SIM4
1
21
22
SIM5
SIM1
SIM2
SIM3
SIM4
1
21
22
SIM5
SIM1
SIM2
SIM3
SIM4
1
21
22
SIM5
SIM1
SIM2
SIM3
SIM4
1
21
22
SIM5
SIM1
SIM2
SIM3
SIM4
1
21
22
SIM5
SIM1
SIM2
DEBUG 1 936
SIM1
SIM2
SIM3
SIM4
1
21
22
SIM5
SIM1
SIM2
SIM3
SIM4
1
21
22
SIM5
SIM1
SIM2
SIM3
SIM4
1
21
22
SIM5
SIM1
SIM2
SIM3
SIM4
1
21
22
SIM5
SIM1
SIM2
SIM3
SIM4
1
21
22
SIM5
SIM1
SIM2
SIM3
SIM4
1
21
22
SIM5
SIM1
SIM2
SIM3
SIM4
1
21
22
SIM5
SIM1
SIM2
SIM3
SIM4
1
21
22
SIM5
SIM1
SIM2
SIM3
SIM4
1
21
22
SIM5
SIM1
SIM2
SIM3
SIM4
1
21
22
SIM5
SIM1
SIM2
SIM3
SIM4
1
21
22
SIM5
SIM1
SIM2
SIM3
SIM4
1
21
22
SIM5
SIM1
SIM2
SIM3
SIM4
1
21
22
SIM5
SIM1
SIM2
SIM3
SIM4
1
21
22
SIM5
SIM1
SIM2
SIM3
SIM4
1
21
22
SIM5
SIM1
SIM2
SIM3
SIM4
1
21
22
SIM5
SIM1
SIM2
SIM3
SIM4
1
21
22
SIM5
SIM1
SIM2
SIM3
SIM4
1
21
22
SIM5
SIM1
SIM2
SIM3
SIM4
1
21
22
SIM5
SIM1
SIM2
SIM3
SIM4
1
21
22
SIM5
SIM1
SIM2
SIM3
SIM4
1
21
22
SIM5
SIM1
SIM2
SIM3
SIM4
1
21
22
SIM5
SIM1
SIM2
SIM3
SIM4
1
21
22
SIM5
SIM1
SIM2
SIM3
SIM4
1
21
22
SIM5
SIM1
SIM2
SIM3
SIM4
1
21
22
SIM5
SIM1
SIM2
SIM3
SIM4
1
21
22
SIM5
SIM1
SIM2
SIM3
SIM4
1
21
22
SIM5
SIM1
SIM2
SIM3
SIM4
1
21
22
SIM5
SIM1
SIM2
SIM3
SIM4
1
21
22
SIM5
SIM1
SIM2
SIM3
SIM4
1
21
22
SIM5
SIM1
SIM2
SIM3
SIM4
1
21
22
SIM5
SIM1
SIM2
SIM3
SIM4
1
21
22
SIM5
SIM1
SIM2
SIM3
SIM4
1
21
22
SIM5
SIM1
SIM2
SIM3
SIM4
1
21
22
SIM5
SIM1
SIM2
SIM3
SIM4
1
21
22
SIM5
SIM1
SIM2
SIM3
SIM4
1
21
22
SIM5
SIM1
SIM2
SIM3
SIM4
1
21
22
SIM5
SIM1
SIM2
SIM3
SIM4
1
21
22
SIM5
SIM1
SIM2
SIM3
SIM4
1
21
22
SIM5
SIM1
SIM2
SIM3
SIM4
1
21
22
SIM5
SIM1
SIM2
SIM3
SIM4
1
21
22
SIM5
SIM1
SIM2
SIM3
SIM4
1
21
22
SIM5
SIM1
SIM2
SIM3
SIM4
1
21
22
SIM5
SIM1
SIM2
SIM3
SIM4
1
21
22
SIM5
SIM1
SIM2
SIM3
SIM4
1
21
22
SIM5
SIM1
SIM2
SIM3
SIM4
1
21
22
SIM5
SIM1
SIM2
SIM3
SIM4
1
21
22
SIM5
SIM1
SIM2
SIM3
SIM4
1
21
22
SIM5
SIM1
SIM2
SIM3
SIM4
1
21
22
SIM5
SIM1
SIM2
SIM3
SIM4
1
21
22
SIM5
SIM1
SIM2
SIM3
SIM4
1
21
22
SIM5
SIM1
SIM2
SIM3
SIM4
1
21
22
SIM5
SIM1
SIM2
SIM3
SIM4
1
21
22
SIM5
SIM1
SIM2
SIM3
SIM4
1
21
22
SIM5
SIM1
SIM2
SIM3
SIM4
1
21
22
SIM5
SIM1
SIM2
SIM3
SIM4
1
21
22
SIM5
SIM1
SIM2
SIM3
SIM4
1
21
22
SIM5
SIM1
SIM2
SIM3
SIM4
1
21
22
SIM5
SIM1
SIM2
SIM3
SIM4
1
21
22
SIM5
SIM1
SIM2
SIM3
SIM4
1
21
22
SIM5
SIM1
SIM2
SIM3
SIM4
1
21
22
SIM5
SIM1
SIM2
SIM3
SIM4
1
21
22
SIM5
SIM1
SIM2
SIM3
SIM4
1
21
22
SIM5
SIM1
SIM2
SIM3
SIM4
1
21
22
SIM5
SIM1
SIM2
SIM3
SIM4
1
21
22
SIM5
SIM1
SIM2
SIM3
SIM4
1
21
22
SIM5
SIM1
SIM2
SIM3
SIM4
1
21
22
SIM5
SIM1
SIM2
SIM3
SIM4
1
21
22
SIM5
SIM1
SIM2
SIM3
SIM4
1
21
22
SIM5
SIM1
SIM2
SIM3
SIM4
1
21
22
SIM5
SIM1
SIM2
SIM3
SIM4
1
21
22
SIM5
SIM1
SIM2
SIM3
SIM4
1
21
22
SIM5
SIM1
SIM2
SIM3
SIM4
1
21
22
SIM5
SIM1
SIM2
SIM3
SIM4
1
21
22
SIM5
SIM1
SIM2
SIM3
SIM4
1
21
22
SIM5
SIM1
SIM2
SIM3
SIM4
1
21
22
SIM5
SIM1
SIM2
SIM3
SIM4
1
21
22
SIM5
SIM1
SIM2
SIM3
SIM4
1
21
22
SIM5
SIM1
SIM2
SIM3
SIM4
1
21
22
SIM5
SIM1
SIM2
SIM3
SIM4
1
21
22
SIM5
SIM1
SIM2
SIM3
SIM4
1
21
22
SIM5
SIM1
SIM2
SIM3
SIM4
1
21
22
SIM5
SIM1
SIM2
SIM3
SIM4
1
21
22
SIM5
SIM1
SIM2
SIM3
SIM4
1
21
22
SIM5
SIM1
SIM2
SIM3
SIM4
1
21
22
SIM5
SIM1
SIM2
SIM3
SIM4
1
21
22
SIM5
SIM1
SIM2
SIM3
SIM4
1
21
22
SIM5
SIM1
SIM2
SIM3
SIM4
1
21
22
SIM5
SIM1
SIM2
SIM3
SIM4
1
21
22
SIM5
SIM1
SIM2
SIM3
SIM4
1
21
22
SIM5
SIM1
SIM2
SIM3
SIM4
1
21
22
SIM5
SIM1
SIM2
SIM3
SIM4
1
21
22
SIM5
SIM1
SIM2
SIM3
SIM4
1
21
22
SIM5
SIM1
SIM2
SIM3
SIM4
1
21
22
SIM5
SIM1
SIM2
SIM3
SIM4
1
21
22
SIM5
SIM1
SIM2
SIM3
SIM4
1
21
22
SIM5
SIM1
SIM2
SIM3
SIM4
1
21
22
SIM5
SIM1
SIM2
SIM3
SIM4
1
21
22
SIM5
SIM1
SIM2
SIM3
SIM4
1
21
22
SIM5
SIM1
SIM2
SIM3
SIM4
1
21
22
SIM5
SIM1
SIM2
SIM3
SIM4
1
21
22
SIM5
SIM1
SIM2
SIM3
SIM4
1
21
22
SIM5
SIM1
SIM2
SIM3
SIM4
1
21
22
SIM5
SIM1
SIM2
SIM3
SIM4
1
21
22
SIM5
SIM1
SIM2
SIM3
SIM4
1
21
22
SIM5
SIM1
SIM2
SIM3
SIM4
1
21
22
SIM5
SIM1
SIM2
SIM3
SIM4
1
21
22
SIM5
SIM1
SIM2
SIM3
SIM4
1
21
22
SIM5
SIM1
SIM2
SIM3
SIM4
1
21
22
SIM5
SIM1
SIM2
SIM3
SIM4
1
21
22
SIM5
SIM1
SIM2
SIM3
SIM4
1
21
22
SIM5
SIM1
SIM2
SIM3
SIM4
1
21
22
SIM5
SIM1
SIM2
SIM3
SIM4
1
21
22
SIM5
SIM1
SIM2
SIM3
SIM4
1
21
22
SIM5
SIM1
SIM2
SIM3
SIM4
1
21
22
SIM5
SIM1
SIM2
SIM3
SIM4
1
21
22
SIM5
SIM1
SIM2
SIM3
SIM4
1
21
22
SIM5
SIM1
SIM2
SIM3
SIM4
1
21
22
SIM5
SIM1
SIM2
SIM3
SIM4
1
21
22
SIM5
SIM1
SIM2
SIM3
SIM4
1
21
22
SIM5
SIM1
SIM2
SIM3
SIM4
1
21
22
SIM5
SIM1
SIM2
SIM3
SIM4
1
21
22
SIM5
SIM1
SIM2
SIM3
SIM4
1
21
22
SIM5
SIM1
SIM2
SIM3
SIM4
1
21
22
SIM5
SIM1
SIM2
SIM3
SIM4
1
21
22
SIM5
SIM1
SIM2
SIM3
SIM4
1
21
22
SIM5
SIM1
SIM2
SIM3
SIM4
1
21
22
SIM5
SIM1
SIM2
SIM3
SIM4
1
21
22
SIM5
SIM1
SIM2
SIM3
SIM4
1
21
22
SIM5
SIM1
SIM2
SIM3
SIM4
1
21
22
SIM5
SIM1
SIM2
SIM3
SIM4
1
21
22
SIM5
SIM1
SIM2
SIM3
SIM4
1
21
22
SIM5
SIM1
SIM2
SIM3
SIM4
1
21
22
SIM5
SIM1
SIM2
SIM3
SIM4
1
21
22
SIM5
SIM1
SIM2
SIM3
SIM4
1
21
22
SIM5
SIM1
SIM2
SIM3
SIM4
1
21
22
SIM5
SIM1
SIM2
SIM3
SIM4
1
21
22
SIM5
SIM1
SIM2
SIM3
SIM4
1
21
22
SIM5
SIM1
SIM2
SIM3
SIM4
1
21
22
SIM5
SIM1
SIM2
SIM3
SIM4
1
21
22
SIM5
SIM1
SIM2
SIM3
SIM4
1
21
22
SIM5
SIM1
SIM2
SIM3
SIM4
1
21
22
SIM5
SIM1
SIM2
SIM3
SIM4
1
21
22
SIM5
SIM1
SIM2
SIM3
SIM4
1
21
22
SIM5
SIM1
SIM2
SIM3
SIM4
1
21
22
SIM5
SIM1
SIM2
SIM3
SIM4
1
21
22
SIM5
SIM1
SIM2
SIM3
SIM4
1
21
22
SIM5
SIM1
SIM2
SIM3
SIM4
1
21
22
SIM5
SIM1
SIM2
SIM3
SIM4
1
21
22
SIM5
SIM1
SIM2
SIM3
SIM4
1
21
22
SIM5
SIM1
SIM2
SIM3
SIM4
1
21
22
SIM5
SIM1
SIM2
SIM3
SIM4
1
21
22
SIM5
SIM1
SIM2
SIM3
SIM4
1
21
22
SIM5
SIM1
SIM2
SIM3
SIM4
1
21
22
SIM5
SIM1
SIM2
SIM3
SIM4
1
21
22
SIM5
SIM1
SIM2
SIM3
SIM4
1
21
22
SIM5
SIM1
SIM2
SIM3
SIM4
1
21
22
SIM5
SIM1
SIM2
SIM3
SIM4
1
21
22
SIM5
SIM1
SIM2
SIM3
SIM4
1
21
22
SIM5
SIM1
SIM2
SIM3
SIM4
1
21
22
SIM5
SIM1
SIM2
SIM3
SIM4
1
21
22
SIM5
SIM1
SIM2
SIM3
SIM4
1
21
22
SIM5
SIM1
SIM2
SIM3
SIM4
1
21
22
SIM5
SIM1
SIM2
SIM3
SIM4
1
21
22
SIM5
SIM1
SIM2
SIM3
SIM4
1
21
22
SIM5
SIM1
SIM2
SIM3
SIM4
1
21
22
SIM5
SIM1
SIM2
SIM3
SIM4
1
21
22
SIM5
SIM1
SIM2
SIM3
SIM4
1
21
22
SIM5
SIM1
SIM2
SIM3
SIM4
1
21
22
SIM5
SIM1
SIM2
SIM3
SIM4
1
21
22
SIM5
SIM1
SIM2
SIM3
SIM4
1
21
22
SIM5
SIM1
SIM2
SIM3
SIM4
1
21
22
SIM5
SIM1
SIM2
SIM3
SIM4
1
21
22
SIM5
SIM1
SIM2
SIM3
SIM4
1
21
22
SIM5
SIM1
SIM2
SIM3
SIM4
1
21
22
SIM5
SIM1
SIM2
SIM3
SIM4
1
21
22
SIM5
SIM1
SIM2
SIM3
SIM4
1
21
22
SIM5
SIM1
SIM2
SIM3
SIM4
1
21
22
SIM5
SIM1
SIM2
SIM3
SIM4
1
21
22
SIM5
SIM1
SIM2
SIM3
SIM4
1
21
22
SIM5
SIM1
SIM2
SIM3
SIM4
1
21
22
SIM5
SIM1
SIM2
SIM3
SIM4
1
21
22
SIM5
SIM1
SIM2
SIM3
SIM4
1
21
22
SIM5
SIM1
SIM2
SIM3
SIM4
1
21
22
SIM5
SIM1
SIM2
SIM3
SIM4
1
21
22
SIM5
SIM1
SIM2
SIM3
SIM4
1
21
22
SIM5
SIM1
SIM2
SIM3
SIM4
1
21
22
SIM5
SIM1
SIM2
SIM3
SIM4
1
21
22
SIM5
SIM1
SIM2
SIM3
SIM4
1
21
22
SIM5
SIM1
SIM2
SIM3
SIM4
1
21
22
SIM5
SIM1
SIM2
SIM3
SIM4
1
21
22
SIM5
SIM1
SIM2
SIM3
SIM4
1
21
22
SIM5
SIM1
SIM2
SIM3
SIM4
1
21
22
SIM5
SIM1
SIM2
SIM3
SIM4
1
21
22
SIM5
SIM1
SIM2
SIM3
SIM4
1
21
22
SIM5
SIM1
SIM2
SIM3
SIM4
1
21
22
SIM5
SIM1
SIM2
SIM3
SIM4
1
21
22
SIM5
SIM1
SIM2
SIM3
SIM4
1
21
22
SIM5
SIM1
SIM2
SIM3
SIM4
1
21
22
SIM5
SIM1
SIM2
SIM3
SIM4
1
21
22
SIM5
SIM1
SIM2
SIM3
SIM4
1
21
22
SIM5
SIM1
SIM2
SIM3
SIM4
1
21
22
SIM5
SIM1
SIM2
SIM3
SIM4
1
21
22
SIM5
SIM1
SIM2
SIM3
SIM4
1
21
22
SIM5
SIM1
SIM2
SIM3
SIM4
1
21
22
SIM5
SIM1
SIM2
SIM3
SIM4
1
21
22
SIM5
SIM1
SIM2
SIM3
SIM4
1
21
22
SIM5
SIM1
SIM2
SIM3
SIM4
1
21
22
SIM5
SIM1
SIM2
SIM3
SIM4
1
21
22
SIM5
SIM1
SIM2
SIM3
SIM4
1
21
22
SIM5
SIM1
SIM2
SIM3
SIM4
1
21
22
SIM5
SIM1
SIM2
SIM3
SIM4
1
21
22
SIM5
SIM1
SIM2
SIM3
SIM4
1
21
22
SIM5
SIM1
SIM2
SIM3
SIM4
1
21
22
SIM5
SIM1
SIM2
SIM3
SIM4
1
21
22
SIM5
SIM1
SIM2
SIM3
SIM4
1
21
22
SIM5
SIM1
SIM2
SIM3
SIM4
1
21
22
SIM5
SIM1
SIM2
SIM3
SIM4
1
21
22
SIM5
SIM1
SIM2
SIM3
SIM4
1
21
22
SIM5
SIM1
SIM2
SIM3
SIM4
1
21
22
SIM5
SIM1
SIM2
SIM3
SIM4
1
21
22
SIM5
SIM1
SIM2
SIM3
SIM4
1
21
22
SIM5
SIM1
SIM2
SIM3
SIM4
1
21
22
SIM5
SIM1
SIM2
SIM3
SIM4
1
21
22
SIM5
SIM1
SIM2
SIM3
SIM4
1
21
22
SIM5
SIM1
SIM2
SIM3
SIM4
1
21
22
SIM5
SIM1
SIM2
SIM3
SIM4
1
21
22
SIM5
SIM1
SIM2
SIM3
SIM4
1
21
22
SIM5
SIM1
SIM2
SIM3
SIM4
1
21
22
SIM5
SIM1
SIM2
SIM3
SIM4
1
21
22
SIM5
SIM1
SIM2
SIM3
SIM4
1
21
22
SIM5
SIM1
SIM2
SIM3
SIM4
1
21
22
SIM5
SIM1
SIM2
SIM3
SIM4
1
21
22
SIM5
SIM1
SIM2
SIM3
SIM4
1
21
22
SIM5
SIM1
SIM2
SIM3
SIM4
1
21
22
SIM5
SIM1
SIM2
SIM3
SIM4
1
21
22
SIM5
SIM1
SIM2
SIM3
SIM4
1
21
22
SIM5
SIM1
SIM2
SIM3
SIM4
1
21
22
SIM5
SIM1
SIM2
SIM3
SIM4
1
21
22
SIM5
SIM1
SIM2
SIM3
SIM4
1
21
22
SIM5
SIM1
SIM2
SIM3
SIM4
1
21
22
SIM5
SIM1
SIM2
SIM3
SIM4
1
21
22
SIM5
SIM1
SIM2
SIM3
SIM4
1
21
22
SIM5
SIM1
SIM2
SIM3
SIM4
1
21
22
SIM5
SIM1
SIM2
SIM3
SIM4
1
21
22
SIM5
SIM1
SIM2
SIM3
SIM4
1
21
22
SIM5
SIM1
SIM2
SIM3
SIM4
1
21
22
SIM5
SIM1
SIM2
SIM3
SIM4
1
21
22
SIM5
SIM1
SIM2
SIM3
SIM4
1
21
22
SIM5
SIM1
SIM2
SIM3
SIM4
1
21
22
SIM5
SIM1
SIM2
SIM3
SIM4
1
21
22
SIM5
SIM1
SIM2
SIM3
SIM4
1
21
22
SIM5
SIM1
SIM2
SIM3
SIM4
1
21
22
SIM5
SIM1
SIM2
SIM3
SIM4
1
21
22
SIM5
SIM1
SIM2
SIM3
SIM4
1
21
22
SIM5
SIM1
SIM2
SIM3
SIM4
1
21
22
SIM5
SIM1
SIM2
SIM3
SIM4
1
21
22
SIM5
SIM1
SIM2
SIM3
SIM4
1
21
22
SIM5
SIM1
SIM2
SIM3
SIM4
1
21
22
SIM5
SIM1
SIM2
SIM3
SIM4
1
21
22
SIM5
SIM1
SIM2
SIM3
SIM4
1
21
22
SIM5
SIM1
SIM2
SIM3
SIM4
1
21
22
SIM5
SIM1
SIM2
SIM3
SIM4
1
21
22
SIM5
SIM1
SIM2
SIM3
SIM4
1
21
22
SIM5
SIM1
SIM2
SIM3
SIM4
1
21
22
SIM5
SIM1
SIM2
SIM3
SIM4
1
21
22
SIM5
SIM1
SIM2
SIM3
SIM4
1
21
22
SIM5
SIM1
SIM2
SIM3
SIM4
1
21
22
SIM5
SIM1
SIM2
SIM3
SIM4
1
21
22
SIM5
SIM1
SIM2
SIM3
SIM4
1
21
22
SIM5
SIM1
SIM2
SIM3
SIM4
1
21
22
SIM5
SIM1
SIM2
SIM3
SIM4
1
21
22
SIM5
SIM1
SIM2
SIM3
SIM4
1
21
22
SIM5
SIM1
SIM2
SIM3
SIM4
1
21
22
SIM5
SIM1
SIM2
SIM3
SIM4
1
21
22
SIM5
SIM1
SIM2
SIM3
SIM4
1
21
22
SIM5
SIM1
SIM2
SIM3
SIM4
1
21
22
SIM5
SIM1
SIM2
SIM3
SIM4
1
21
22
SIM5
SIM1
SIM2
SIM3
SIM4
1
21
22
SIM5
SIM1
SIM2
SIM3
SIM4
1
21
22
SIM5
SIM1
SIM2
SIM3
SIM4
1
21
22
SIM5
SIM1
SIM2
SIM3
SIM4
1
21
22
SIM5
SIM1
SIM2
SIM3
SIM4
1
21
22
SIM5
SIM1
SIM2
SIM3
SIM4
1
21
22
SIM5
SIM1
SIM2
SIM3
SIM4
1
21
22
SIM5
SIM1
SIM2
SIM3
SIM4
1
21
22
SIM5
SIM1
SIM2
SIM3
SIM4
1
21
22
SIM5
SIM1
SIM2
SIM3
SIM4
1
21
22
SIM5
SIM1
SIM2
SIM3
SIM4
1
21
22
SIM5
SIM1
SIM2
SIM3
SIM4
1
21
22
SIM5
SIM1
SIM2
SIM3
SIM4
1
21
22
SIM5
SIM1
SIM2
SIM3
SIM4
1
21
22
SIM5
SIM1
SIM2
SIM3
SIM4
1
21
22
SIM5
SIM1
SIM2
SIM3
SIM4
1
21
22
SIM5
SIM1
SIM2
SIM3
SIM4
1
21
22
SIM5
SIM1
SIM2
SIM3
SIM4
1
21
22
SIM5
SIM1
SIM2
SIM3
SIM4
1
21
22
SIM5
SIM1
SIM2
DEBUG 1 937
SIM1
SIM2
SIM3
SIM4
1
21
22
SIM5
SIM1
SIM2
SIM3
SIM4
1
21
22
SIM5
SIM1
SIM2
SIM3
SIM4
1
21
22
SIM5
SIM1
SIM2
SIM3
SIM4
1
21
22
SIM5
SIM1
SIM2
SIM3
SIM4
1
21
22
SIM5
SIM1
SIM2
SIM3
SIM4
1
21
22
SIM5
SIM1
SIM2
SIM3
SIM4
1
21
22
SIM5
SIM1
SIM2
SIM3
SIM4
1
21
22
SIM5
SIM1
SIM2
SIM3
SIM4
1
21
22
SIM5
SIM1
SIM2
SIM3
SIM4
1
21
22
SIM5
SIM1
SIM2
SIM3
SIM4
1
21
22
SIM5
SIM1
SIM2
SIM3
SIM4
1
21
22
SIM5
SIM1
SIM2
SIM3
SIM4
1
21
22
SIM5
SIM1
SIM2
SIM3
SIM4
1
21
22
SIM5
SIM1
SIM2
SIM3
SIM4
1
21
22
SIM5
SIM1
SIM2
SIM3
SIM4
1
21
22
SIM5
SIM1
SIM2
SIM3
SIM4
1
21
22
SIM5
SIM1
SIM2
SIM3
SIM4
1
21
22
SIM5
SIM1
SIM2
SIM3
SIM4
1
21
22
SIM5
SIM1
SIM2
SIM3
SIM4
1
21
22
SIM5
SIM1
SIM2
SIM3
SIM4
1
21
22
SIM5
SIM1
SIM2
SIM3
SIM4
1
21
22
SIM5
SIM1
SIM2
SIM3
SIM4
1
21
22
SIM5
SIM1
SIM2
SIM3
SIM4
1
21
22
SIM5
SIM1
SIM2
SIM3
SIM4
1
21
22
SIM5
SIM1
SIM2
SIM3
SIM4
1
21
22
SIM5
SIM1
SIM2
SIM3
SIM4
1
21
22
SIM5
SIM1
SIM2
SIM3
SIM4
1
21
22
SIM5
SIM1
SIM2
SIM3
SIM4
1
21
22
SIM5
SIM1
SIM2
SIM3
SIM4
1
21
22
SIM5
SIM1
SIM2
SIM3
SIM4
1
21
22
SIM5
SIM1
SIM2
SIM3
SIM4
1
21
22
SIM5
SIM1
SIM2
SIM3
SIM4
1
21
22
SIM5
SIM1
SIM2
SIM3
SIM4
1
21
22
SIM5
SIM1
SIM2
SIM3
SIM4
1
21
22
SIM5
SIM1
SIM2
SIM3
SIM4
1
21
22
SIM5
SIM1
SIM2
SIM3
SIM4
1
21
22
SIM5
SIM1
SIM2
SIM3
SIM4
1
21
22
SIM5
SIM1
SIM2
SIM3
SIM4
1
21
22
SIM5
SIM1
SIM2
SIM3
SIM4
1
21
22
SIM5
SIM1
SIM2
SIM3
SIM4
1
21
22
SIM5
SIM1
SIM2
SIM3
SIM4
1
21
22
SIM5
SIM1
SIM2
SIM3
SIM4
1
21
22
SIM5
SIM1
SIM2
SIM3
SIM4
1
21
22
SIM5
SIM1
SIM2
SIM3
SIM4
1
21
22
SIM5
SIM1
SIM2
SIM3
SIM4
1
21
22
SIM5
SIM1
SIM2
SIM3
SIM4
1
21
22
SIM5
SIM1
SIM2
SIM3
SIM4
1
21
22
SIM5
SIM1
SIM2
SIM3
SIM4
1
21
22
SIM5
SIM1
SIM2
SIM3
SIM4
1
21
22
SIM5
SIM1
SIM2
SIM3
SIM4
1
21
22
SIM5
SIM1
SIM2
SIM3
SIM4
1
21
22
SIM5
SIM1
SIM2
SIM3
SIM4
1
21
22
SIM5
SIM1
SIM2
SIM3
SIM4
1
21
22
SIM5
SIM1
SIM2
SIM3
SIM4
1
21
22
SIM5
SIM1
SIM2
SIM3
SIM4
1
21
22
SIM5
SIM1
SIM2
SIM3
SIM4
1
21
22
SIM5
SIM1
SIM2
SIM3
SIM4
1
21
22
SIM5
SIM1
SIM2
SIM3
SIM4
1
21
22
SIM5
SIM1
SIM2
SIM3
SIM4
1
21
22
SIM5
SIM1
SIM2
SIM3
SIM4
1
21
22
SIM5
SIM1
SIM2
SIM3
SIM4
1
21
22
SIM5
SIM1
SIM2
SIM3
SIM4
1
21
22
SIM5
SIM1
SIM2
SIM3
SIM4
1
21
22
SIM5
SIM1
SIM2
SIM3
SIM4
1
21
22
SIM5
SIM1
SIM2
SIM3
SIM4
1
21
22
SIM5
SIM1
SIM2
SIM3
SIM4
1
21
22
SIM5
SIM1
SIM2
SIM3
SIM4
1
21
22
SIM5
SIM1
SIM2
SIM3
SIM4
1
21
22
SIM5
SIM1
SIM2
SIM3
SIM4
1
21
22
SIM5
SIM1
SIM2
SIM3
SIM4
1
21
22
SIM5
SIM1
SIM2
SIM3
SIM4
1
21
22
SIM5
SIM1
SIM2
SIM3
SIM4
1
21
22
SIM5
SIM1
SIM2
SIM3
SIM4
1
21
22
SIM5
SIM1
SIM2
SIM3
SIM4
1
21
22
SIM5
SIM1
SIM2
SIM3
SIM4
1
21
22
SIM5
SIM1
SIM2
SIM3
SIM4
1
21
22
SIM5
SIM1
SIM2
SIM3
SIM4
1
21
22
SIM5
SIM1
SIM2
SIM3
SIM4
1
21
22
SIM5
SIM1
SIM2
SIM3
SIM4
1
21
22
SIM5
SIM1
SIM2
SIM3
SIM4
1
21
22
SIM5
SIM1
SIM2
SIM3
SIM4
1
21
22
SIM5
SIM1
SIM2
SIM3
SIM4
1
21
22
SIM5
SIM1
SIM2
SIM3
SIM4
1
21
22
SIM5
SIM1
SIM2
SIM3
SIM4
1
21
22
SIM5
SIM1
SIM2
SIM3
SIM4
1
21
22
SIM5
SIM1
SIM2
SIM3
SIM4
1
21
22
SIM5
SIM1
SIM2
SIM3
SIM4
1
21
22
SIM5
SIM1
SIM2
SIM3
SIM4
1
21
22
SIM5
SIM1
SIM2
SIM3
SIM4
1
21
22
SIM5
SIM1
SIM2
SIM3
SIM4
1
21
22
SIM5
SIM1
SIM2
SIM3
SIM4
1
21
22
SIM5
SIM1
SIM2
SIM3
SIM4
1
21
22
SIM5
SIM1
SIM2
SIM3
SIM4
1
21
22
SIM5
SIM1
SIM2
SIM3
SIM4
1
21
22
SIM5
SIM1
SIM2
SIM3
SIM4
1
21
22
SIM5
SIM1
SIM2
SIM3
SIM4
1
21
22
SIM5
SIM1
SIM2
SIM3
SIM4
1
21
22
SIM5
SIM1
SIM2
SIM3
SIM4
1
21
22
SIM5
SIM1
SIM2
SIM3
SIM4
1
21
22
SIM5
SIM1
SIM2
SIM3
SIM4
1
21
22
SIM5
SIM1
SIM2
SIM3
SIM4
1
21
22
SIM5
SIM1
SIM2
SIM3
SIM4
1
21
22
SIM5
SIM1
SIM2
SIM3
SIM4
1
21
22
SIM5
SIM1
SIM2
SIM3
SIM4
1
21
22
SIM5
SIM1
SIM2
SIM3
SIM4
1
21
22
SIM5
SIM1
SIM2
SIM3
SIM4
1
21
22
SIM5
SIM1
SIM2
SIM3
SIM4
1
21
22
SIM5
SIM1
SIM2
SIM3
SIM4
1
21
22
SIM5
SIM1
SIM2
SIM3
SIM4
1
21
22
SIM5
SIM1
SIM2
SIM3
SIM4
1
21
22
SIM5
SIM1
SIM2
SIM3
SIM4
1
21
22
SIM5
SIM1
SIM2
SIM3
SIM4
1
21
22
SIM5
SIM1
SIM2
SIM3
SIM4
1
21
22
SIM5
SIM1
SIM2
SIM3
SIM4
1
21
22
SIM5
SIM1
SIM2
SIM3
SIM4
1
21
22
SIM5
SIM1
SIM2
SIM3
SIM4
1
21
22
SIM5
SIM1
SIM2
SIM3
SIM4
1
21
22
SIM5
SIM1
SIM2
SIM3
SIM4
1
21
22
SIM5
SIM1
SIM2
SIM3
SIM4
1
21
22
SIM5
SIM1
SIM2
SIM3
SIM4
1
21
22
SIM5
SIM1
SIM2
SIM3
SIM4
1
21
22
SIM5
SIM1
SIM2
SIM3
SIM4
1
21
22
SIM5
SIM1
SIM2
SIM3
SIM4
1
21
22
SIM5
SIM1
SIM2
SIM3
SIM4
1
21
22
SIM5
SIM1
SIM2
SIM3
SIM4
1
21
22
SIM5
SIM1
SIM2
SIM3
SIM4
1
21
22
SIM5
SIM1
SIM2
SIM3
SIM4
1
21
22
SIM5
SIM1
SIM2
SIM3
SIM4
1
21
22
SIM5
SIM1
SIM2
SIM3
SIM4
1
21
22
SIM5
SIM1
SIM2
SIM3
SIM4
1
21
22
SIM5
SIM1
SIM2
SIM3
SIM4
1
21
22
SIM5
SIM1
SIM2
DEBUG 1 938
SIM1
SIM2
SIM3
SIM4
1
21
22
SIM5
SIM1
SIM2
SIM3
SIM4
1
21
22
SIM5
SIM1
SIM2
SIM3
SIM4
1
21
22
SIM5
SIM1
SIM2
SIM3
SIM4
1
21
22
SIM5
SIM1
SIM2
SIM3
SIM4
1
21
22
SIM5
SIM1
SIM2
SIM3
SIM4
1
21
22
SIM5
SIM1
SIM2
SIM3
SIM4
1
21
22
SIM5
SIM1
SIM2
SIM3
SIM4
1
21
22
SIM5
SIM1
SIM2
SIM3
SIM4
1
21
22
SIM5
SIM1
SIM2
SIM3
SIM4
1
21
22
SIM5
SIM1
SIM2
SIM3
SIM4
1
21
22
SIM5
SIM1
SIM2
SIM3
SIM4
1
21
22
SIM5
SIM1
SIM2
SIM3
SIM4
1
21
22
SIM5
SIM1
SIM2
SIM3
SIM4
1
21
22
SIM5
SIM1
SIM2
SIM3
SIM4
1
21
22
SIM5
SIM1
SIM2
SIM3
SIM4
1
21
22
SIM5
SIM1
SIM2
SIM3
SIM4
1
21
22
SIM5
SIM1
SIM2
SIM3
SIM4
1
21
22
SIM5
SIM1
SIM2
SIM3
SIM4
1
21
22
SIM5
SIM1
SIM2
SIM3
SIM4
1
21
22
SIM5
SIM1
SIM2
SIM3
SIM4
1
21
22
SIM5
SIM1
SIM2
SIM3
SIM4
1
21
22
SIM5
SIM1
SIM2
SIM3
SIM4
1
21
22
SIM5
SIM1
SIM2
SIM3
SIM4
1
21
22
SIM5
SIM1
SIM2
SIM3
SIM4
1
21
22
SIM5
SIM1
SIM2
SIM3
SIM4
1
21
22
SIM5
SIM1
SIM2
SIM3
SIM4
1
21
22
SIM5
SIM1
SIM2
SIM3
SIM4
1
21
22
SIM5
SIM1
SIM2
SIM3
SIM4
1
21
22
SIM5
SIM1
SIM2
SIM3
SIM4
1
21
22
SIM5
SIM1
SIM2
SIM3
SIM4
1
21
22
SIM5
SIM1
SIM2
SIM3
SIM4
1
21
22
SIM5
SIM1
SIM2
SIM3
SIM4
1
21
22
SIM5
SIM1
SIM2
SIM3
SIM4
1
21
22
SIM5
SIM1
SIM2
SIM3
SIM4
1
21
22
SIM5
SIM1
SIM2
SIM3
SIM4
1
21
22
SIM5
SIM1
SIM2
SIM3
SIM4
1
21
22
SIM5
SIM1
SIM2
SIM3
SIM4
1
21
22
SIM5
SIM1
SIM2
SIM3
SIM4
1
21
22
SIM5
SIM1
SIM2
SIM3
SIM4
1
21
22
SIM5
SIM1
SIM2
SIM3
SIM4
1
21
22
SIM5
SIM1
SIM2
SIM3
SIM4
1
21
22
SIM5
SIM1
SIM2
SIM3
SIM4
1
21
22
SIM5
SIM1
SIM2
SIM3
SIM4
1
21
22
SIM5
SIM1
SIM2
SIM3
SIM4
1
21
22
SIM5
SIM1
SIM2
SIM3
SIM4
1
21
22
SIM5
SIM1
SIM2
SIM3
SIM4
1
21
22
SIM5
SIM1
SIM2
SIM3
SIM4
1
21
22
SIM5
SIM1
SIM2
SIM3
SIM4
1
21
22
SIM5
SIM1
SIM2
SIM3
SIM4
1
21
22
SIM5
SIM1
SIM2
SIM3
SIM4
1
21
22
SIM5
SIM1
SIM2
SIM3
SIM4
1
21
22
SIM5
SIM1
SIM2
SIM3
SIM4
1
21
22
SIM5
SIM1
SIM2
SIM3
SIM4
1
21
22
SIM5
SIM1
SIM2
SIM3
SIM4
1
21
22
SIM5
SIM1
SIM2
SIM3
SIM4
1
21
22
SIM5
SIM1
SIM2
SIM3
SIM4
1
21
22
SIM5
SIM1
SIM2
SIM3
SIM4
1
21
22
SIM5
SIM1
SIM2
SIM3
SIM4
1
21
22
SIM5
SIM1
SIM2
SIM3
SIM4
1
21
22
SIM5
SIM1
SIM2
SIM3
SIM4
1
21
22
SIM5
SIM1
SIM2
SIM3
SIM4
1
21
22
SIM5
SIM1
SIM2
SIM3
SIM4
1
21
22
SIM5
SIM1
SIM2
SIM3
SIM4
1
21
22
SIM5
SIM1
SIM2
SIM3
SIM4
1
21
22
SIM5
SIM1
SIM2
SIM3
SIM4
1
21
22
SIM5
SIM1
SIM2
SIM3
SIM4
1
21
22
SIM5
SIM1
SIM2
SIM3
SIM4
1
21
22
SIM5
SIM1
SIM2
SIM3
SIM4
1
21
22
SIM5
SIM1
SIM2
SIM3
SIM4
1
21
22
SIM5
SIM1
SIM2
SIM3
SIM4
1
21
22
SIM5
SIM1
SIM2
SIM3
SIM4
1
21
22
SIM5
SIM1
SIM2
SIM3
SIM4
1
21
22
SIM5
SIM1
SIM2
SIM3
SIM4
1
21
22
SIM5
SIM1
SIM2
SIM3
SIM4
1
21
22
SIM5
SIM1
SIM2
SIM3
SIM4
1
21
22
SIM5
SIM1
SIM2
SIM3
SIM4
1
21
22
SIM5
SIM1
SIM2
SIM3
SIM4
1
21
22
SIM5
SIM1
SIM2
SIM3
SIM4
1
21
22
SIM5
SIM1
SIM2
SIM3
SIM4
1
21
22
SIM5
SIM1
SIM2
SIM3
SIM4
1
21
22
SIM5
SIM1
SIM2
SIM3
SIM4
1
21
22
SIM5
SIM1
SIM2
SIM3
SIM4
1
21
22
SIM5
SIM1
SIM2
SIM3
SIM4
1
21
22
SIM5
SIM1
SIM2
SIM3
SIM4
1
21
22
SIM5
SIM1
SIM2
SIM3
SIM4
1
21
22
SIM5
SIM1
SIM2
SIM3
SIM4
1
21
22
SIM5
SIM1
SIM2
SIM3
SIM4
1
21
22
SIM5
SIM1
SIM2
SIM3
SIM4
1
21
22
SIM5
SIM1
SIM2
SIM3
SIM4
1
21
22
SIM5
SIM1
SIM2
SIM3
SIM4
1
21
22
SIM5
SIM1
SIM2
SIM3
SIM4
1
21
22
SIM5
SIM1
SIM2
SIM3
SIM4
1
21
22
SIM5
SIM1
SIM2
SIM3
SIM4
1
21
22
SIM5
SIM1
SIM2
SIM3
SIM4
1
21
22
SIM5
SIM1
SIM2
SIM3
SIM4
1
21
22
SIM5
SIM1
SIM2
SIM3
SIM4
1
21
22
SIM5
SIM1
SIM2
SIM3
SIM4
1
21
22
SIM5
SIM1
SIM2
SIM3
SIM4
1
21
22
SIM5
SIM1
SIM2
SIM3
SIM4
1
21
22
SIM5
SIM1
SIM2
SIM3
SIM4
1
21
22
SIM5
SIM1
SIM2
SIM3
SIM4
1
21
22
SIM5
SIM1
SIM2
SIM3
SIM4
1
21
22
SIM5
SIM1
SIM2
SIM3
SIM4
1
21
22
SIM5
SIM1
SIM2
SIM3
SIM4
1
21
22
SIM5
SIM1
SIM2
SIM3
SIM4
1
21
22
SIM5
SIM1
SIM2
SIM3
SIM4
1
21
22
SIM5
SIM1
SIM2
SIM3
SIM4
1
21
22
SIM5
SIM1
SIM2
SIM3
SIM4
1
21
22
SIM5
SIM1
SIM2
SIM3
SIM4
1
21
22
SIM5
SIM1
SIM2
SIM3
SIM4
1
21
22
SIM5
SIM1
SIM2
SIM3
SIM4
1
21
22
SIM5
SIM1
SIM2
SIM3
SIM4
1
21
22
SIM5
SIM1
SIM2
SIM3
SIM4
1
21
22
SIM5
SIM1
SIM2
SIM3
SIM4
1
21
22
SIM5
SIM1
SIM2
SIM3
SIM4
1
21
22
SIM5
SIM1
SIM2
SIM3
SIM4
1
21
22
SIM5
SIM1
SIM2
SIM3
SIM4
1
21
22
SIM5
SIM1
SIM2
SIM3
SIM4
1
21
22
SIM5
SIM1
SIM2
SIM3
SIM4
1
21
22
SIM5
SIM1
SIM2
SIM3
SIM4
1
21
22
SIM5
SIM1
SIM2
SIM3
SIM4
1
21
22
SIM5
SIM1
SIM2
SIM3
SIM4
1
21
22
SIM5
SIM1
SIM2
SIM3
SIM4
1
21
22
SIM5
SIM1
SIM2
SIM3
SIM4
1
21
22
SIM5
SIM1
SIM2
SIM3
SIM4
1
21
22
SIM5
SIM1
SIM2
SIM3
SIM4
1
21
22
SIM5
SIM1
SIM2
SIM3
SIM4
1
21
22
SIM5
SIM1
SIM2
SIM3
SIM4
1
21
22
SIM5
SIM1
SIM2
SIM3
SIM4
1
21
22
SIM5
SIM1
SIM2
SIM3
SIM4
1
21
22
SIM5
SIM1
SIM2
SIM3
SIM4
1
21
22
SIM5
SIM1
SIM2
SIM3
SIM4
1
21
22
SIM5
SIM1
SIM2
SIM3
SIM4
1
21
22
SIM5
SIM1
SIM2
SIM3
SIM4
1
21
22
SIM5
SIM1
SIM2
SIM3
SIM4
1
21
22
SIM5
SIM1
SIM2
SIM3
SIM4
1
21
22
SIM5
SIM1
SIM2
SIM3
SIM4
1
21
22
SIM5
SIM1
SIM2
SIM3
SIM4
1
21
22
SIM5
SIM1
SIM2
SIM3
SIM4
1
21
22
SIM5
SIM1
SIM2
SIM3
SIM4
1
21
22
SIM5
SIM1
SIM2
SIM3
SIM4
1
21
22
SIM5
SIM1
SIM2
SIM3
SIM4
1
21
22
SIM5
SIM1
SIM2
SIM3
SIM4
1
21
22
SIM5
SIM1
SIM2
SIM3
SIM4
1
21
22
SIM5
SIM1
SIM2
SIM3
SIM4
1
21
22
SIM5
SIM1
SIM2
DEBUG 1 939
SIM1
SIM2
SIM3
SIM4
1
21
22
SIM5
SIM1
SIM2
SIM3
SIM4
1
21
22
SIM5
SIM1
SIM2
SIM3
SIM4
1
21
22
SIM5
SIM1
SIM2
SIM3
SIM4
1
21
22
SIM5
SIM1
SIM2
SIM3
SIM4
1
21
22
SIM5
SIM1
SIM2
SIM3
SIM4
1
21
22
SIM5
SIM1
SIM2
SIM3
SIM4
1
21
22
SIM5
SIM1
SIM2
SIM3
SIM4
1
21
22
SIM5
SIM1
SIM2
SIM3
SIM4
1
21
22
SIM5
SIM1
SIM2
SIM3
SIM4
1
21
22
SIM5
SIM1
SIM2
SIM3
SIM4
1
21
22
SIM5
SIM1
SIM2
SIM3
SIM4
1
21
22
SIM5
SIM1
SIM2
SIM3
SIM4
1
21
22
SIM5
SIM1
SIM2
SIM3
SIM4
1
21
22
SIM5
SIM1
SIM2
SIM3
SIM4
1
21
22
SIM5
SIM1
SIM2
SIM3
SIM4
1
21
22
SIM5
SIM1
SIM2
SIM3
SIM4
1
21
22
SIM5
SIM1
SIM2
SIM3
SIM4
1
21
22
SIM5
SIM1
SIM2
SIM3
SIM4
1
21
22
SIM5
SIM1
SIM2
SIM3
SIM4
1
21
22
SIM5
SIM1
SIM2
SIM3
SIM4
1
21
22
SIM5
SIM1
SIM2
SIM3
SIM4
1
21
22
SIM5
SIM1
SIM2
SIM3
SIM4
1
21
22
SIM5
SIM1
SIM2
SIM3
SIM4
1
21
22
SIM5
SIM1
SIM2
SIM3
SIM4
1
21
22
SIM5
SIM1
SIM2
SIM3
SIM4
1
21
22
SIM5
SIM1
SIM2
SIM3
SIM4
1
21
22
SIM5
SIM1
SIM2
SIM3
SIM4
1
21
22
SIM5
SIM1
SIM2
SIM3
SIM4
1
21
22
SIM5
SIM1
SIM2
SIM3
SIM4
1
21
22
SIM5
SIM1
SIM2
SIM3
SIM4
1
21
22
SIM5
SIM1
SIM2
SIM3
SIM4
1
21
22
SIM5
SIM1
SIM2
SIM3
SIM4
1
21
22
SIM5
SIM1
SIM2
SIM3
SIM4
1
21
22
SIM5
SIM1
SIM2
SIM3
SIM4
1
21
22
SIM5
SIM1
SIM2
SIM3
SIM4
1
21
22
SIM5
SIM1
SIM2
SIM3
SIM4
1
21
22
SIM5
SIM1
SIM2
SIM3
SIM4
1
21
22
SIM5
SIM1
SIM2
SIM3
SIM4
1
21
22
SIM5
SIM1
SIM2
SIM3
SIM4
1
21
22
SIM5
SIM1
SIM2
SIM3
SIM4
1
21
22
SIM5
SIM1
SIM2
SIM3
SIM4
1
21
22
SIM5
SIM1
SIM2
SIM3
SIM4
1
21
22
SIM5
SIM1
SIM2
SIM3
SIM4
1
21
22
SIM5
SIM1
SIM2
SIM3
SIM4
1
21
22
SIM5
SIM1
SIM2
SIM3
SIM4
1
21
22
SIM5
SIM1
SIM2
SIM3
SIM4
1
21
22
SIM5
SIM1
SIM2
SIM3
SIM4
1
21
22
SIM5
SIM1
SIM2
SIM3
SIM4
1
21
22
SIM5
SIM1
SIM2
SIM3
SIM4
1
21
22
SIM5
SIM1
SIM2
SIM3
SIM4
1
21
22
SIM5
SIM1
SIM2
SIM3
SIM4
1
21
22
SIM5
SIM1
SIM2
SIM3
SIM4
1
21
22
SIM5
SIM1
SIM2
SIM3
SIM4
1
21
22
SIM5
SIM1
SIM2
SIM3
SIM4
1
21
22
SIM5
SIM1
SIM2
SIM3
SIM4
1
21
22
SIM5
SIM1
SIM2
SIM3
SIM4
1
21
22
SIM5
SIM1
SIM2
SIM3
SIM4
1
21
22
SIM5
SIM1
SIM2
SIM3
SIM4
1
21
22
SIM5
SIM1
SIM2
SIM3
SIM4
1
21
22
SIM5
SIM1
SIM2
SIM3
SIM4
1
21
22
SIM5
SIM1
SIM2
SIM3
SIM4
1
21
22
SIM5
SIM1
SIM2
SIM3
SIM4
1
21
22
SIM5
SIM1
SIM2
SIM3
SIM4
1
21
22
SIM5
SIM1
SIM2
SIM3
SIM4
1
21
22
SIM5
SIM1
SIM2
SIM3
SIM4
1
21
22
SIM5
SIM1
SIM2
SIM3
SIM4
1
21
22
SIM5
SIM1
SIM2
SIM3
SIM4
1
21
22
SIM5
SIM1
SIM2
SIM3
SIM4
1
21
22
SIM5
SIM1
SIM2
SIM3
SIM4
1
21
22
SIM5
SIM1
SIM2
SIM3
SIM4
1
21
22
SIM5
SIM1
SIM2
SIM3
SIM4
1
21
22
SIM5
SIM1
SIM2
SIM3
SIM4
1
21
22
SIM5
SIM1
SIM2
SIM3
SIM4
1
21
22
SIM5
SIM1
SIM2
SIM3
SIM4
1
21
22
SIM5
SIM1
SIM2
SIM3
SIM4
1
21
22
SIM5
SIM1
SIM2
SIM3
SIM4
1
21
22
SIM5
SIM1
SIM2
SIM3
SIM4
1
21
22
SIM5
SIM1
SIM2
SIM3
SIM4
1
21
22
SIM5
SIM1
SIM2
SIM3
SIM4
1
21
22
SIM5
SIM1
SIM2
SIM3
SIM4
1
21
22
SIM5
SIM1
SIM2
SIM3
SIM4
1
21
22
SIM5
SIM1
SIM2
SIM3
SIM4
1
21
22
SIM5
SIM1
SIM2
SIM3
SIM4
1
21
22
SIM5
SIM1
SIM2
SIM3
SIM4
1
21
22
SIM5
SIM1
SIM2
SIM3
SIM4
1
21
22
SIM5
SIM1
SIM2
SIM3
SIM4
1
21
22
SIM5
SIM1
SIM2
SIM3
SIM4
1
21
22
SIM5
SIM1
SIM2
SIM3
SIM4
1
21
22
SIM5
SIM1
SIM2
SIM3
SIM4
1
21
22
SIM5
SIM1
SIM2
SIM3
SIM4
1
21
22
SIM5
SIM1
SIM2
SIM3
SIM4
1
21
22
SIM5
SIM1
SIM2
SIM3
SIM4
1
21
22
SIM5
SIM1
SIM2
SIM3
SIM4
1
21
22
SIM5
SIM1
SIM2
SIM3
SIM4
1
21
22
SIM5
SIM1
SIM2
SIM3
SIM4
1
21
22
SIM5
SIM1
SIM2
SIM3
SIM4
1
21
22
SIM5
SIM1
SIM2
SIM3
SIM4
1
21
22
SIM5
SIM1
SIM2
SIM3
SIM4
1
21
22
SIM5
SIM1
SIM2
SIM3
SIM4
1
21
22
SIM5
SIM1
SIM2
SIM3
SIM4
1
21
22
SIM5
SIM1
SIM2
SIM3
SIM4
1
21
22
SIM5
SIM1
SIM2
SIM3
SIM4
1
21
22
SIM5
SIM1
SIM2
SIM3
SIM4
1
21
22
SIM5
SIM1
SIM2
SIM3
SIM4
1
21
22
SIM5
SIM1
SIM2
SIM3
SIM4
1
21
22
SIM5
SIM1
SIM2
SIM3
SIM4
1
21
22
SIM5
SIM1
SIM2
SIM3
SIM4
1
21
22
SIM5
SIM1
SIM2
SIM3
SIM4
1
21
22
SIM5
SIM1
SIM2
SIM3
SIM4
1
21
22
SIM5
SIM1
SIM2
SIM3
SIM4
1
21
22
SIM5
SIM1
SIM2
SIM3
SIM4
1
21
22
SIM5
SIM1
SIM2
SIM3
SIM4
1
21
22
SIM5
SIM1
SIM2
SIM3
SIM4
1
21
22
SIM5
SIM1
SIM2
SIM3
SIM4
1
21
22
SIM5
SIM1
SIM2
SIM3
SIM4
1
21
22
SIM5
SIM1
SIM2
SIM3
SIM4
1
21
22
SIM5
SIM1
SIM2
SIM3
SIM4
1
21
22
SIM5
SIM1
SIM2
SIM3
SIM4
1
21
22
SIM5
SIM1
SIM2
SIM3
SIM4
1
21
22
SIM5
SIM1
SIM2
DEBUG 1 940
SIM1
SIM2
SIM3
SIM4
1
21
22
SIM5
SIM1
SIM2
SIM3
SIM4
1
21
22
SIM5
SIM1
SIM2
SIM3
SIM4
1
21
22
SIM5
SIM1
SIM2
SIM3
SIM4
1
21
22
SIM5
SIM1
SIM2
SIM3
SIM4
1
21
22
SIM5
SIM1
SIM2
SIM3
SIM4
1
21
22
SIM5
SIM1
SIM2
SIM3
SIM4
1
21
22
SIM5
SIM1
SIM2
SIM3
SIM4
1
21
22
SIM5
SIM1
SIM2
SIM3
SIM4
1
21
22
SIM5
SIM1
SIM2
SIM3
SIM4
1
21
22
SIM5
SIM1
SIM2
SIM3
SIM4
1
21
22
SIM5
SIM1
SIM2
SIM3
SIM4
1
21
22
SIM5
SIM1
SIM2
SIM3
SIM4
1
21
22
SIM5
SIM1
SIM2
SIM3
SIM4
1
21
22
SIM5
SIM1
SIM2
SIM3
SIM4
1
21
22
SIM5
SIM1
SIM2
SIM3
SIM4
1
21
22
SIM5
SIM1
SIM2
SIM3
SIM4
1
21
22
SIM5
SIM1
SIM2
SIM3
SIM4
1
21
22
SIM5
SIM1
SIM2
SIM3
SIM4
1
21
22
SIM5
SIM1
SIM2
SIM3
SIM4
1
21
22
SIM5
SIM1
SIM2
SIM3
SIM4
1
21
22
SIM5
SIM1
SIM2
SIM3
SIM4
1
21
22
SIM5
SIM1
SIM2
SIM3
SIM4
1
21
22
SIM5
SIM1
SIM2
SIM3
SIM4
1
21
22
SIM5
SIM1
SIM2
SIM3
SIM4
1
21
22
SIM5
SIM1
SIM2
SIM3
SIM4
1
21
22
SIM5
SIM1
SIM2
SIM3
SIM4
1
21
22
SIM5
SIM1
SIM2
SIM3
SIM4
1
21
22
SIM5
SIM1
SIM2
SIM3
SIM4
1
21
22
SIM5
SIM1
SIM2
SIM3
SIM4
1
21
22
SIM5
SIM1
SIM2
SIM3
SIM4
1
21
22
SIM5
SIM1
SIM2
SIM3
SIM4
1
21
22
SIM5
SIM1
SIM2
SIM3
SIM4
1
21
22
SIM5
SIM1
SIM2
SIM3
SIM4
1
21
22
SIM5
SIM1
SIM2
SIM3
SIM4
1
21
22
SIM5
SIM1
SIM2
SIM3
SIM4
1
21
22
SIM5
SIM1
SIM2
SIM3
SIM4
1
21
22
SIM5
SIM1
SIM2
SIM3
SIM4
1
21
22
SIM5
SIM1
SIM2
SIM3
SIM4
1
21
22
SIM5
SIM1
SIM2
SIM3
SIM4
1
21
22
SIM5
SIM1
SIM2
SIM3
SIM4
1
21
22
SIM5
SIM1
SIM2
SIM3
SIM4
1
21
22
SIM5
SIM1
SIM2
SIM3
SIM4
1
21
22
SIM5
SIM1
SIM2
SIM3
SIM4
1
21
22
SIM5
SIM1
SIM2
SIM3
SIM4
1
21
22
SIM5
SIM1
SIM2
SIM3
SIM4
1
21
22
SIM5
SIM1
SIM2
SIM3
SIM4
1
21
22
SIM5
SIM1
SIM2
SIM3
SIM4
1
21
22
SIM5
SIM1
SIM2
SIM3
SIM4
1
21
22
SIM5
SIM1
SIM2
SIM3
SIM4
1
21
22
SIM5
SIM1
SIM2
SIM3
SIM4
1
21
22
SIM5
SIM1
SIM2
SIM3
SIM4
1
21
22
SIM5
SIM1
SIM2
SIM3
SIM4
1
21
22
SIM5
SIM1
SIM2
SIM3
SIM4
1
21
22
SIM5
SIM1
SIM2
SIM3
SIM4
1
21
22
SIM5
SIM1
SIM2
SIM3
SIM4
1
21
22
SIM5
SIM1
SIM2
SIM3
SIM4
1
21
22
SIM5
SIM1
SIM2
SIM3
SIM4
1
21
22
SIM5
SIM1
SIM2
SIM3
SIM4
1
21
22
SIM5
SIM1
SIM2
SIM3
SIM4
1
21
22
SIM5
SIM1
SIM2
SIM3
SIM4
1
21
22
SIM5
SIM1
SIM2
SIM3
SIM4
1
21
22
SIM5
SIM1
SIM2
SIM3
SIM4
1
21
22
SIM5
SIM1
SIM2
SIM3
SIM4
1
21
22
SIM5
SIM1
SIM2
SIM3
SIM4
1
21
22
SIM5
SIM1
SIM2
SIM3
SIM4
1
21
22
SIM5
SIM1
SIM2
SIM3
SIM4
1
21
22
SIM5
SIM1
SIM2
SIM3
SIM4
1
21
22
SIM5
SIM1
SIM2
SIM3
SIM4
1
21
22
SIM5
SIM1
SIM2
SIM3
SIM4
1
21
22
SIM5
SIM1
SIM2
SIM3
SIM4
1
21
22
SIM5
SIM1
SIM2
SIM3
SIM4
1
21
22
SIM5
SIM1
SIM2
SIM3
SIM4
1
21
22
SIM5
SIM1
SIM2
SIM3
SIM4
1
21
22
SIM5
SIM1
SIM2
SIM3
SIM4
1
21
22
SIM5
SIM1
SIM2
SIM3
SIM4
1
21
22
SIM5
SIM1
SIM2
SIM3
SIM4
1
21
22
SIM5
SIM1
SIM2
SIM3
SIM4
1
21
22
SIM5
SIM1
SIM2
SIM3
SIM4
1
21
22
SIM5
SIM1
SIM2
SIM3
SIM4
1
21
22
SIM5
SIM1
SIM2
SIM3
SIM4
1
21
22
SIM5
SIM1
SIM2
SIM3
SIM4
1
21
22
SIM5
SIM1
SIM2
SIM3
SIM4
1
21
22
SIM5
SIM1
SIM2
SIM3
SIM4
1
21
22
SIM5
SIM1
SIM2
SIM3
SIM4
1
21
22
SIM5
SIM1
SIM2
SIM3
SIM4
1
21
22
SIM5
SIM1
SIM2
SIM3
SIM4
1
21
22
SIM5
SIM1
SIM2
SIM3
SIM4
1
21
22
SIM5
SIM1
SIM2
SIM3
SIM4
1
21
22
SIM5
SIM1
SIM2
SIM3
SIM4
1
21
22
SIM5
SIM1
SIM2
SIM3
SIM4
1
21
22
SIM5
SIM1
SIM2
SIM3
SIM4
1
21
22
SIM5
SIM1
SIM2
SIM3
SIM4
1
21
22
SIM5
SIM1
SIM2
SIM3
SIM4
1
21
22
SIM5
SIM1
SIM2
SIM3
SIM4
1
21
22
SIM5
SIM1
SIM2
SIM3
SIM4
1
21
22
SIM5
SIM1
SIM2
SIM3
SIM4
1
21
22
SIM5
SIM1
SIM2
SIM3
SIM4
1
21
22
SIM5
SIM1
SIM2
SIM3
SIM4
1
21
22
SIM5
SIM1
SIM2
SIM3
SIM4
1
21
22
SIM5
SIM1
SIM2
SIM3
SIM4
1
21
22
SIM5
SIM1
SIM2
SIM3
SIM4
1
21
22
SIM5
SIM1
SIM2
SIM3
SIM4
1
21
22
SIM5
SIM1
SIM2
SIM3
SIM4
1
21
22
SIM5
SIM1
SIM2
SIM3
SIM4
1
21
22
SIM5
SIM1
SIM2
SIM3
SIM4
1
21
22
SIM5
SIM1
SIM2
SIM3
SIM4
1
21
22
SIM5
SIM1
SIM2
SIM3
SIM4
1
21
22
SIM5
SIM1
SIM2
SIM3
SIM4
1
21
22
SIM5
SIM1
SIM2
SIM3
SIM4
1
21
22
SIM5
SIM1
SIM2
SIM3
SIM4
1
21
22
SIM5
SIM1
SIM2
SIM3
SIM4
1
21
22
SIM5
SIM1
SIM2
SIM3
SIM4
1
21
22
SIM5
SIM1
SIM2
SIM3
SIM4
1
21
22
SIM5
SIM1
SIM2
SIM3
SIM4
1
21
22
SIM5
SIM1
SIM2
SIM3
SIM4
1
21
22
SIM5
SIM1
SIM2
SIM3
SIM4
1
21
22
SIM5
SIM1
SIM2
SIM3
SIM4
1
21
22
SIM5
SIM1
SIM2
SIM3
SIM4
1
21
22
SIM5
SIM1
SIM2
SIM3
SIM4
1
21
22
SIM5
SIM1
SIM2
SIM3
SIM4
1
21
22
SIM5
SIM1
SIM2
SIM3
SIM4
1
21
22
SIM5
SIM1
SIM2
SIM3
SIM4
1
21
22
SIM5
SIM1
SIM2
SIM3
SIM4
1
21
22
SIM5
SIM1
SIM2
SIM3
SIM4
1
21
22
SIM5
SIM1
SIM2
SIM3
SIM4
1
21
22
SIM5
SIM1
SIM2
SIM3
SIM4
1
21
22
SIM5
SIM1
SIM2
SIM3
SIM4
1
21
22
SIM5
SIM1
SIM2
SIM3
SIM4
1
21
22
SIM5
SIM1
SIM2
SIM3
SIM4
1
21
22
SIM5
SIM1
SIM2
SIM3
SIM4
1
21
22
SIM5
SIM1
SIM2
SIM3
SIM4
1
21
22
SIM5
SIM1
SIM2
SIM3
SIM4
1
21
22
SIM5
SIM1
SIM2
SIM3
SIM4
1
21
22
SIM5
SIM1
SIM2
SIM3
SIM4
1
21
22
SIM5
SIM1
SIM2
SIM3
SIM4
1
21
22
SIM5
SIM1
SIM2
SIM3
SIM4
1
21
22
SIM5
SIM1
SIM2
SIM3
SIM4
1
21
22
SIM5
SIM1
SIM2
SIM3
SIM4
1
21
22
SIM5
SIM1
SIM2
SIM3
SIM4
1
21
22
SIM5
SIM1
SIM2
SIM3
SIM4
1
21
22
SIM5
SIM1
SIM2
SIM3
SIM4
1
21
22
SIM5
SIM1
SIM2
SIM3
SIM4
1
21
22
SIM5
SIM1
SIM2
SIM3
SIM4
1
21
22
SIM5
SIM1
SIM2
SIM3
SIM4
1
21
22
SIM5
SIM1
SIM2
SIM3
SIM4
1
21
22
SIM5
SIM1
SIM2
SIM3
SIM4
1
21
22
SIM5
SIM1
SIM2
SIM3
SIM4
1
21
22
SIM5
SIM1
SIM2
SIM3
SIM4
1
21
22
SIM5
SIM1
SIM2
SIM3
SIM4
1
21
22
SIM5
SIM1
SIM2
SIM3
SIM4
1
21
22
SIM5
SIM1
SIM2
SIM3
SIM4
1
21
22
SIM5
SIM1
SIM2
SIM3
SIM4
1
21
22
SIM5
SIM1
SIM2
SIM3
SIM4
1
21
22
SIM5
SIM1
SIM2
SIM3
SIM4
1
21
22
SIM5
SIM1
SIM2
SIM3
SIM4
1
21
22
SIM5
SIM1
SIM2
SIM3
SIM4
1
21
22
SIM5
SIM1
SIM2
SIM3
SIM4
1
21
22
SIM5
SIM1
SIM2
SIM3
SIM4
1
21
22
SIM5
SIM1
SIM2
SIM3
SIM4
1
21
22
SIM5
SIM1
SIM2
SIM3
SIM4
1
21
22
SIM5
SIM1
SIM2
SIM3
SIM4
1
21
22
SIM5
SIM1
SIM2
SIM3
SIM4
1
21
22
SIM5
SIM1
SIM2
SIM3
SIM4
1
21
22
SIM5
SIM1
SIM2
SIM3
SIM4
1
21
22
SIM5
SIM1
SIM2
SIM3
SIM4
1
21
22
SIM5
SIM1
SIM2
SIM3
SIM4
1
21
22
SIM5
SIM1
SIM2
SIM3
SIM4
1
21
22
SIM5
SIM1
SIM2
SIM3
SIM4
1
21
22
SIM5
SIM1
SIM2
SIM3
SIM4
1
21
22
SIM5
SIM1
SIM2
SIM3
SIM4
1
21
22
SIM5
SIM1
SIM2
SIM3
SIM4
1
21
22
SIM5
SIM1
SIM2
SIM3
SIM4
1
21
22
SIM5
SIM1
SIM2
SIM3
SIM4
1
21
22
SIM5
SIM1
SIM2
SIM3
SIM4
1
21
22
SIM5
SIM1
SIM2
SIM3
SIM4
1
21
22
SIM5
SIM1
SIM2
SIM3
SIM4
1
21
22
SIM5
SIM1
SIM2
SIM3
SIM4
1
21
22
SIM5
SIM1
SIM2
SIM3
SIM4
1
21
22
SIM5
SIM1
SIM2
SIM3
SIM4
1
21
22
SIM5
SIM1
SIM2
SIM3
SIM4
1
21
22
SIM5
SIM1
SIM2
SIM3
SIM4
1
21
22
SIM5
SIM1
SIM2
SIM3
SIM4
1
21
22
SIM5
SIM1
SIM2
SIM3
SIM4
1
21
22
SIM5
SIM1
SIM2
SIM3
SIM4
1
21
22
SIM5
SIM1
SIM2
SIM3
SIM4
1
21
22
SIM5
SIM1
SIM2
SIM3
SIM4
1
21
22
SIM5
SIM1
SIM2
SIM3
SIM4
1
21
22
SIM5
SIM1
SIM2
SIM3
SIM4
1
21
22
SIM5
SIM1
SIM2
SIM3
SIM4
1
21
22
SIM5
SIM1
SIM2
SIM3
SIM4
1
21
22
SIM5
SIM1
SIM2
SIM3
SIM4
1
21
22
SIM5
SIM1
SIM2
SIM3
SIM4
1
21
22
SIM5
SIM1
SIM2
SIM3
SIM4
1
21
22
SIM5
SIM1
SIM2
SIM3
SIM4
1
21
22
SIM5
SIM1
SIM2
SIM3
SIM4
1
21
22
SIM5
SIM1
SIM2
SIM3
SIM4
1
21
22
SIM5
SIM1
SIM2
SIM3
SIM4
1
21
22
SIM5
SIM1
SIM2
SIM3
SIM4
1
21
22
SIM5
SIM1
SIM2
SIM3
SIM4
1
21
22
SIM5
SIM1
SIM2
SIM3
SIM4
1
21
22
SIM5
SIM1
SIM2
SIM3
SIM4
1
21
22
SIM5
SIM1
SIM2
SIM3
SIM4
1
21
22
SIM5
SIM1
SIM2
SIM3
SIM4
1
21
22
SIM5
SIM1
SIM2
SIM3
SIM4
1
21
22
SIM5
SIM1
SIM2
SIM3
SIM4
1
21
22
SIM5
SIM1
SIM2
SIM3
SIM4
1
21
22
SIM5
SIM1
SIM2
SIM3
SIM4
1
21
22
SIM5
SIM1
SIM2
SIM3
SIM4
1
21
22
SIM5
SIM1
SIM2
SIM3
SIM4
1
21
22
SIM5
SIM1
SIM2
SIM3
SIM4
1
21
22
SIM5
SIM1
SIM2
SIM3
SIM4
1
21
22
SIM5
SIM1
SIM2
SIM3
SIM4
1
21
22
SIM5
SIM1
SIM2
SIM3
SIM4
1
21
22
SIM5
SIM1
SIM2
SIM3
SIM4
1
21
22
SIM5
SIM1
SIM2
SIM3
SIM4
1
21
22
SIM5
SIM1
SIM2
SIM3
SIM4
1
21
22
SIM5
SIM1
SIM2
SIM3
SIM4
1
21
22
SIM5
SIM1
SIM2
SIM3
SIM4
1
21
22
SIM5
SIM1
SIM2
SIM3
SIM4
1
21
22
SIM5
SIM1
SIM2
SIM3
SIM4
1
21
22
SIM5
SIM1
SIM2
SIM3
SIM4
1
21
22
SIM5
SIM1
SIM2
SIM3
SIM4
1
21
22
SIM5
SIM1
SIM2
SIM3
SIM4
1
21
22
SIM5
SIM1
SIM2
SIM3
SIM4
1
21
22
SIM5
SIM1
SIM2
SIM3
SIM4
1
21
22
SIM5
SIM1
SIM2
SIM3
SIM4
1
21
22
SIM5
SIM1
SIM2
SIM3
SIM4
1
21
22
SIM5
SIM1
SIM2
SIM3
SIM4
1
21
22
SIM5
SIM1
SIM2
SIM3
SIM4
1
21
22
SIM5
SIM1
SIM2
SIM3
SIM4
1
21
22
SIM5
SIM1
SIM2
SIM3
SIM4
1
21
22
SIM5
SIM1
SIM2
SIM3
SIM4
1
21
22
SIM5
SIM1
SIM2
SIM3
SIM4
1
21
22
SIM5
SIM1
SIM2
SIM3
SIM4
1
21
22
SIM5
SIM1
SIM2
DEBUG 1 941
SIM1
SIM2
SIM3
SIM4
1
21
22
SIM5
SIM1
SIM2
SIM3
SIM4
1
21
22
SIM5
SIM1
SIM2
SIM3
SIM4
1
21
22
SIM5
SIM1
SIM2
SIM3
SIM4
1
21
22
SIM5
SIM1
SIM2
SIM3
SIM4
1
21
22
SIM5
SIM1
SIM2
SIM3
SIM4
1
21
22
SIM5
SIM1
SIM2
SIM3
SIM4
1
21
22
SIM5
SIM1
SIM2
SIM3
SIM4
1
21
22
SIM5
SIM1
SIM2
SIM3
SIM4
1
21
22
SIM5
SIM1
SIM2
SIM3
SIM4
1
21
22
SIM5
SIM1
SIM2
SIM3
SIM4
1
21
22
SIM5
SIM1
SIM2
SIM3
SIM4
1
21
22
SIM5
SIM1
SIM2
SIM3
SIM4
1
21
22
SIM5
SIM1
SIM2
SIM3
SIM4
1
21
22
SIM5
SIM1
SIM2
SIM3
SIM4
1
21
22
SIM5
SIM1
SIM2
SIM3
SIM4
1
21
22
SIM5
SIM1
SIM2
SIM3
SIM4
1
21
22
SIM5
SIM1
SIM2
SIM3
SIM4
1
21
22
SIM5
SIM1
SIM2
SIM3
SIM4
1
21
22
SIM5
SIM1
SIM2
SIM3
SIM4
1
21
22
SIM5
SIM1
SIM2
SIM3
SIM4
1
21
22
SIM5
SIM1
SIM2
SIM3
SIM4
1
21
22
SIM5
SIM1
SIM2
SIM3
SIM4
1
21
22
SIM5
SIM1
SIM2
SIM3
SIM4
1
21
22
SIM5
SIM1
SIM2
SIM3
SIM4
1
21
22
SIM5
SIM1
SIM2
SIM3
SIM4
1
21
22
SIM5
SIM1
SIM2
SIM3
SIM4
1
21
22
SIM5
SIM1
SIM2
SIM3
SIM4
1
21
22
SIM5
SIM1
SIM2
SIM3
SIM4
1
21
22
SIM5
SIM1
SIM2
SIM3
SIM4
1
21
22
SIM5
SIM1
SIM2
SIM3
SIM4
1
21
22
SIM5
SIM1
SIM2
SIM3
SIM4
1
21
22
SIM5
SIM1
SIM2
SIM3
SIM4
1
21
22
SIM5
SIM1
SIM2
SIM3
SIM4
1
21
22
SIM5
SIM1
SIM2
SIM3
SIM4
1
21
22
SIM5
SIM1
SIM2
SIM3
SIM4
1
21
22
SIM5
SIM1
SIM2
SIM3
SIM4
1
21
22
SIM5
SIM1
SIM2
SIM3
SIM4
1
21
22
SIM5
SIM1
SIM2
SIM3
SIM4
1
21
22
SIM5
SIM1
SIM2
SIM3
SIM4
1
21
22
SIM5
SIM1
SIM2
SIM3
SIM4
1
21
22
SIM5
SIM1
SIM2
SIM3
SIM4
1
21
22
SIM5
SIM1
SIM2
SIM3
SIM4
1
21
22
SIM5
SIM1
SIM2
SIM3
SIM4
1
21
22
SIM5
SIM1
SIM2
SIM3
SIM4
1
21
22
SIM5
SIM1
SIM2
SIM3
SIM4
1
21
22
SIM5
SIM1
SIM2
SIM3
SIM4
1
21
22
SIM5
SIM1
SIM2
SIM3
SIM4
1
21
22
SIM5
SIM1
SIM2
SIM3
SIM4
1
21
22
SIM5
SIM1
SIM2
SIM3
SIM4
1
21
22
SIM5
SIM1
SIM2
SIM3
SIM4
1
21
22
SIM5
SIM1
SIM2
SIM3
SIM4
1
21
22
SIM5
SIM1
SIM2
SIM3
SIM4
1
21
22
SIM5
SIM1
SIM2
SIM3
SIM4
1
21
22
SIM5
SIM1
SIM2
SIM3
SIM4
1
21
22
SIM5
SIM1
SIM2
SIM3
SIM4
1
21
22
SIM5
SIM1
SIM2
SIM3
SIM4
1
21
22
SIM5
SIM1
SIM2
SIM3
SIM4
1
21
22
SIM5
SIM1
SIM2
SIM3
SIM4
1
21
22
SIM5
SIM1
SIM2
SIM3
SIM4
1
21
22
SIM5
SIM1
SIM2
SIM3
SIM4
1
21
22
SIM5
SIM1
SIM2
SIM3
SIM4
1
21
22
SIM5
SIM1
SIM2
SIM3
SIM4
1
21
22
SIM5
SIM1
SIM2
SIM3
SIM4
1
21
22
SIM5
SIM1
SIM2
SIM3
SIM4
1
21
22
SIM5
SIM1
SIM2
SIM3
SIM4
1
21
22
SIM5
SIM1
SIM2
SIM3
SIM4
1
21
22
SIM5
SIM1
SIM2
SIM3
SIM4
1
21
22
SIM5
SIM1
SIM2
SIM3
SIM4
1
21
22
SIM5
SIM1
SIM2
SIM3
SIM4
1
21
22
SIM5
SIM1
SIM2
SIM3
SIM4
1
21
22
SIM5
SIM1
SIM2
SIM3
SIM4
1
21
22
SIM5
SIM1
SIM2
SIM3
SIM4
1
21
22
SIM5
SIM1
SIM2
SIM3
SIM4
1
21
22
SIM5
SIM1
SIM2
SIM3
SIM4
1
21
22
SIM5
SIM1
SIM2
SIM3
SIM4
1
21
22
SIM5
SIM1
SIM2
SIM3
SIM4
1
21
22
SIM5
SIM1
SIM2
SIM3
SIM4
1
21
22
SIM5
SIM1
SIM2
SIM3
SIM4
1
21
22
SIM5
SIM1
SIM2
SIM3
SIM4
1
21
22
SIM5
SIM1
SIM2
SIM3
SIM4
1
21
22
SIM5
SIM1
SIM2
SIM3
SIM4
1
21
22
SIM5
SIM1
SIM2
SIM3
SIM4
1
21
22
SIM5
SIM1
SIM2
SIM3
SIM4
1
21
22
SIM5
SIM1
SIM2
SIM3
SIM4
1
21
22
SIM5
SIM1
SIM2
SIM3
SIM4
1
21
22
SIM5
SIM1
SIM2
SIM3
SIM4
1
21
22
SIM5
SIM1
SIM2
SIM3
SIM4
1
21
22
SIM5
SIM1
SIM2
SIM3
SIM4
1
21
22
SIM5
SIM1
SIM2
SIM3
SIM4
1
21
22
SIM5
SIM1
SIM2
SIM3
SIM4
1
21
22
SIM5
SIM1
SIM2
SIM3
SIM4
1
21
22
SIM5
SIM1
SIM2
SIM3
SIM4
1
21
22
SIM5
SIM1
SIM2
SIM3
SIM4
1
21
22
SIM5
SIM1
SIM2
SIM3
SIM4
1
21
22
SIM5
SIM1
SIM2
SIM3
SIM4
1
21
22
SIM5
SIM1
SIM2
SIM3
SIM4
1
21
22
SIM5
SIM1
SIM2
SIM3
SIM4
1
21
22
SIM5
SIM1
SIM2
SIM3
SIM4
1
21
22
SIM5
SIM1
SIM2
SIM3
SIM4
1
21
22
SIM5
SIM1
SIM2
SIM3
SIM4
1
21
22
SIM5
SIM1
SIM2
SIM3
SIM4
1
21
22
SIM5
SIM1
SIM2
SIM3
SIM4
1
21
22
SIM5
SIM1
SIM2
SIM3
SIM4
1
21
22
SIM5
SIM1
SIM2
SIM3
SIM4
1
21
22
SIM5
SIM1
SIM2
SIM3
SIM4
1
21
22
SIM5
SIM1
SIM2
SIM3
SIM4
1
21
22
SIM5
SIM1
SIM2
SIM3
SIM4
1
21
22
SIM5
SIM1
SIM2
SIM3
SIM4
1
21
22
SIM5
SIM1
SIM2
SIM3
SIM4
1
21
22
SIM5
SIM1
SIM2
SIM3
SIM4
1
21
22
SIM5
SIM1
SIM2
SIM3
SIM4
1
21
22
SIM5
SIM1
SIM2
SIM3
SIM4
1
21
22
SIM5
SIM1
SIM2
SIM3
SIM4
1
21
22
SIM5
SIM1
SIM2
SIM3
SIM4
1
21
22
SIM5
SIM1
SIM2
SIM3
SIM4
1
21
22
SIM5
SIM1
SIM2
SIM3
SIM4
1
21
22
SIM5
SIM1
SIM2
SIM3
SIM4
1
21
22
SIM5
SIM1
SIM2
SIM3
SIM4
1
21
22
SIM5
SIM1
SIM2
SIM3
SIM4
1
21
22
SIM5
SIM1
SIM2
SIM3
SIM4
1
21
22
SIM5
SIM1
SIM2
SIM3
SIM4
1
21
22
SIM5
SIM1
SIM2
SIM3
SIM4
1
21
22
SIM5
SIM1
SIM2
SIM3
SIM4
1
21
22
SIM5
SIM1
SIM2
SIM3
SIM4
1
21
22
SIM5
SIM1
SIM2
SIM3
SIM4
1
21
22
SIM5
SIM1
SIM2
SIM3
SIM4
1
21
22
SIM5
SIM1
SIM2
SIM3
SIM4
1
21
22
SIM5
SIM1
SIM2
SIM3
SIM4
1
21
22
SIM5
SIM1
SIM2
SIM3
SIM4
1
21
22
SIM5
SIM1
SIM2
SIM3
SIM4
1
21
22
SIM5
SIM1
SIM2
SIM3
SIM4
1
21
22
SIM5
SIM1
SIM2
SIM3
SIM4
1
21
22
SIM5
SIM1
SIM2
SIM3
SIM4
1
21
22
SIM5
SIM1
SIM2
SIM3
SIM4
1
21
22
SIM5
SIM1
SIM2
SIM3
SIM4
1
21
22
SIM5
SIM1
SIM2
SIM3
SIM4
1
21
22
SIM5
SIM1
SIM2
SIM3
SIM4
1
21
22
SIM5
SIM1
SIM2
SIM3
SIM4
1
21
22
SIM5
SIM1
SIM2
SIM3
SIM4
1
21
22
SIM5
SIM1
SIM2
SIM3
SIM4
1
21
22
SIM5
SIM1
SIM2
SIM3
SIM4
1
21
22
SIM5
SIM1
SIM2
SIM3
SIM4
1
21
22
SIM5
SIM1
SIM2
SIM3
SIM4
1
21
22
SIM5
SIM1
SIM2
SIM3
SIM4
1
21
22
SIM5
SIM1
SIM2
SIM3
SIM4
1
21
22
SIM5
SIM1
SIM2
SIM3
SIM4
1
21
22
SIM5
SIM1
SIM2
SIM3
SIM4
1
21
22
SIM5
SIM1
SIM2
SIM3
SIM4
1
21
22
SIM5
SIM1
SIM2
SIM3
SIM4
1
21
22
SIM5
SIM1
SIM2
SIM3
SIM4
1
21
22
SIM5
SIM1
SIM2
SIM3
SIM4
1
21
22
SIM5
SIM1
SIM2
SIM3
SIM4
1
21
22
SIM5
SIM1
SIM2
SIM3
SIM4
1
21
22
SIM5
SIM1
SIM2
SIM3
SIM4
1
21
22
SIM5
SIM1
SIM2
SIM3
SIM4
1
21
22
SIM5
SIM1
SIM2
SIM3
SIM4
1
21
22
SIM5
SIM1
SIM2
SIM3
SIM4
1
21
22
SIM5
SIM1
SIM2
SIM3
SIM4
1
21
22
SIM5
SIM1
SIM2
SIM3
SIM4
1
21
22
SIM5
SIM1
SIM2
SIM3
SIM4
1
21
22
SIM5
SIM1
SIM2
SIM3
SIM4
1
21
22
SIM5
SIM1
SIM2
SIM3
SIM4
1
21
22
SIM5
SIM1
SIM2
SIM3
SIM4
1
21
22
SIM5
SIM1
SIM2
SIM3
SIM4
1
21
22
SIM5
SIM1
SIM2
SIM3
SIM4
1
21
22
SIM5
SIM1
SIM2
SIM3
SIM4
1
21
22
SIM5
SIM1
SIM2
SIM3
SIM4
1
21
22
SIM5
SIM1
SIM2
SIM3
SIM4
1
21
22
SIM5
SIM1
SIM2
SIM3
SIM4
1
21
22
SIM5
SIM1
SIM2
SIM3
SIM4
1
21
22
SIM5
SIM1
SIM2
SIM3
SIM4
1
21
22
SIM5
SIM1
SIM2
SIM3
SIM4
1
21
22
SIM5
SIM1
SIM2
SIM3
SIM4
1
21
22
SIM5
SIM1
SIM2
SIM3
SIM4
1
21
22
SIM5
SIM1
SIM2
SIM3
SIM4
1
21
22
SIM5
SIM1
SIM2
SIM3
SIM4
1
21
22
SIM5
SIM1
SIM2
SIM3
SIM4
1
21
22
SIM5
SIM1
SIM2
SIM3
SIM4
1
21
22
SIM5
SIM1
SIM2
SIM3
SIM4
1
21
22
SIM5
SIM1
SIM2
SIM3
SIM4
1
21
22
SIM5
SIM1
SIM2
SIM3
SIM4
1
21
22
SIM5
SIM1
SIM2
SIM3
SIM4
1
21
22
SIM5
SIM1
SIM2
SIM3
SIM4
1
21
22
SIM5
SIM1
SIM2
SIM3
SIM4
1
21
22
SIM5
SIM1
SIM2
SIM3
SIM4
1
21
22
SIM5
SIM1
SIM2
SIM3
SIM4
1
21
22
SIM5
SIM1
SIM2
SIM3
SIM4
1
21
22
SIM5
SIM1
SIM2
SIM3
SIM4
1
21
22
SIM5
SIM1
SIM2
SIM3
SIM4
1
21
22
SIM5
SIM1
SIM2
SIM3
SIM4
1
21
22
SIM5
SIM1
SIM2
SIM3
SIM4
1
21
22
SIM5
SIM1
SIM2
SIM3
SIM4
1
21
22
SIM5
SIM1
SIM2
SIM3
SIM4
1
21
22
SIM5
SIM1
SIM2
SIM3
SIM4
1
21
22
SIM5
SIM1
SIM2
SIM3
SIM4
1
21
22
SIM5
SIM1
SIM2
SIM3
SIM4
1
21
22
SIM5
SIM1
SIM2
SIM3
SIM4
1
21
22
SIM5
SIM1
SIM2
SIM3
SIM4
1
21
22
SIM5
SIM1
SIM2
SIM3
SIM4
1
21
22
SIM5
SIM1
SIM2
SIM3
SIM4
1
21
22
SIM5
SIM1
SIM2
SIM3
SIM4
1
21
22
SIM5
SIM1
SIM2
SIM3
SIM4
1
21
22
SIM5
SIM1
SIM2
SIM3
SIM4
1
21
22
SIM5
SIM1
SIM2
SIM3
SIM4
1
21
22
SIM5
SIM1
SIM2
SIM3
SIM4
1
21
22
SIM5
SIM1
SIM2
SIM3
SIM4
1
21
22
SIM5
SIM1
SIM2
SIM3
SIM4
1
21
22
SIM5
SIM1
SIM2
SIM3
SIM4
1
21
22
SIM5
SIM1
SIM2
SIM3
SIM4
1
21
22
SIM5
SIM1
SIM2
SIM3
SIM4
1
21
22
SIM5
SIM1
SIM2
SIM3
SIM4
1
21
22
SIM5
SIM1
SIM2
SIM3
SIM4
1
21
22
SIM5
SIM1
SIM2
SIM3
SIM4
1
21
22
SIM5
SIM1
SIM2
SIM3
SIM4
1
21
22
SIM5
SIM1
SIM2
SIM3
SIM4
1
21
22
SIM5
SIM1
SIM2
SIM3
SIM4
1
21
22
SIM5
SIM1
SIM2
SIM3
SIM4
1
21
22
SIM5
SIM1
SIM2
SIM3
SIM4
1
21
22
SIM5
SIM1
SIM2
SIM3
SIM4
1
21
22
SIM5
SIM1
SIM2
SIM3
SIM4
1
21
22
SIM5
SIM1
SIM2
SIM3
SIM4
1
21
22
SIM5
SIM1
SIM2
SIM3
SIM4
1
21
22
SIM5
SIM1
SIM2
SIM3
SIM4
1
21
22
SIM5
SIM1
SIM2
SIM3
SIM4
1
21
22
SIM5
SIM1
SIM2
SIM3
SIM4
1
21
22
SIM5
SIM1
SIM2
SIM3
SIM4
1
21
22
SIM5
SIM1
SIM2
SIM3
SIM4
1
21
22
SIM5
SIM1
SIM2
SIM3
SIM4
1
21
22
SIM5
SIM1
SIM2
SIM3
SIM4
1
21
22
SIM5
SIM1
SIM2
SIM3
SIM4
1
21
22
SIM5
SIM1
SIM2
SIM3
SIM4
1
21
22
SIM5
SIM1
SIM2
SIM3
SIM4
1
21
22
SIM5
SIM1
SIM2
SIM3
SIM4
1
21
22
SIM5
SIM1
SIM2
SIM3
SIM4
1
21
22
SIM5
SIM1
SIM2
SIM3
SIM4
1
21
22
SIM5
SIM1
SIM2
SIM3
SIM4
1
21
22
SIM5
SIM1
SIM2
SIM3
SIM4
1
21
22
SIM5
SIM1
SIM2
SIM3
SIM4
1
21
22
SIM5
SIM1
SIM2
SIM3
SIM4
1
21
22
SIM5
SIM1
SIM2
SIM3
SIM4
1
21
22
SIM5
SIM1
SIM2
SIM3
SIM4
1
21
22
SIM5
SIM1
SIM2
SIM3
SIM4
1
21
22
SIM5
SIM1
SIM2
SIM3
SIM4
1
21
22
SIM5
SIM1
SIM2
SIM3
SIM4
1
21
22
SIM5
SIM1
SIM2
SIM3
SIM4
1
21
22
SIM5
SIM1
SIM2
DEBUG 1 942
SIM1
SIM2
SIM3
SIM4
1
21
22
SIM5
SIM1
SIM2
SIM3
SIM4
1
21
22
SIM5
SIM1
SIM2
SIM3
SIM4
1
21
22
SIM5
SIM1
SIM2
SIM3
SIM4
1
21
22
SIM5
SIM1
SIM2
SIM3
SIM4
1
21
22
SIM5
SIM1
SIM2
SIM3
SIM4
1
21
22
SIM5
SIM1
SIM2
SIM3
SIM4
1
21
22
SIM5
SIM1
SIM2
SIM3
SIM4
1
21
22
SIM5
SIM1
SIM2
SIM3
SIM4
1
21
22
SIM5
SIM1
SIM2
SIM3
SIM4
1
21
22
SIM5
SIM1
SIM2
SIM3
SIM4
1
21
22
SIM5
SIM1
SIM2
SIM3
SIM4
1
21
22
SIM5
SIM1
SIM2
SIM3
SIM4
1
21
22
SIM5
SIM1
SIM2
SIM3
SIM4
1
21
22
SIM5
SIM1
SIM2
SIM3
SIM4
1
21
22
SIM5
SIM1
SIM2
SIM3
SIM4
1
21
22
SIM5
SIM1
SIM2
SIM3
SIM4
1
21
22
SIM5
SIM1
SIM2
SIM3
SIM4
1
21
22
SIM5
SIM1
SIM2
SIM3
SIM4
1
21
22
SIM5
SIM1
SIM2
SIM3
SIM4
1
21
22
SIM5
SIM1
SIM2
SIM3
SIM4
1
21
22
SIM5
SIM1
SIM2
SIM3
SIM4
1
21
22
SIM5
SIM1
SIM2
SIM3
SIM4
1
21
22
SIM5
SIM1
SIM2
SIM3
SIM4
1
21
22
SIM5
SIM1
SIM2
SIM3
SIM4
1
21
22
SIM5
SIM1
SIM2
SIM3
SIM4
1
21
22
SIM5
SIM1
SIM2
SIM3
SIM4
1
21
22
SIM5
SIM1
SIM2
SIM3
SIM4
1
21
22
SIM5
SIM1
SIM2
SIM3
SIM4
1
21
22
SIM5
SIM1
SIM2
SIM3
SIM4
1
21
22
SIM5
SIM1
SIM2
SIM3
SIM4
1
21
22
SIM5
SIM1
SIM2
SIM3
SIM4
1
21
22
SIM5
SIM1
SIM2
SIM3
SIM4
1
21
22
SIM5
SIM1
SIM2
SIM3
SIM4
1
21
22
SIM5
SIM1
SIM2
SIM3
SIM4
1
21
22
SIM5
SIM1
SIM2
SIM3
SIM4
1
21
22
SIM5
SIM1
SIM2
SIM3
SIM4
1
21
22
SIM5
SIM1
SIM2
SIM3
SIM4
1
21
22
SIM5
SIM1
SIM2
SIM3
SIM4
1
21
22
SIM5
SIM1
SIM2
SIM3
SIM4
1
21
22
SIM5
SIM1
SIM2
SIM3
SIM4
1
21
22
SIM5
SIM1
SIM2
SIM3
SIM4
1
21
22
SIM5
SIM1
SIM2
SIM3
SIM4
1
21
22
SIM5
SIM1
SIM2
SIM3
SIM4
1
21
22
SIM5
SIM1
SIM2
SIM3
SIM4
1
21
22
SIM5
SIM1
SIM2
SIM3
SIM4
1
21
22
SIM5
SIM1
SIM2
SIM3
SIM4
1
21
22
SIM5
SIM1
SIM2
SIM3
SIM4
1
21
22
SIM5
SIM1
SIM2
SIM3
SIM4
1
21
22
SIM5
SIM1
SIM2
SIM3
SIM4
1
21
22
SIM5
SIM1
SIM2
SIM3
SIM4
1
21
22
SIM5
SIM1
SIM2
SIM3
SIM4
1
21
22
SIM5
SIM1
SIM2
SIM3
SIM4
1
21
22
SIM5
SIM1
SIM2
SIM3
SIM4
1
21
22
SIM5
SIM1
SIM2
SIM3
SIM4
1
21
22
SIM5
SIM1
SIM2
SIM3
SIM4
1
21
22
SIM5
SIM1
SIM2
SIM3
SIM4
1
21
22
SIM5
SIM1
SIM2
SIM3
SIM4
1
21
22
SIM5
SIM1
SIM2
SIM3
SIM4
1
21
22
SIM5
SIM1
SIM2
SIM3
SIM4
1
21
22
SIM5
SIM1
SIM2
SIM3
SIM4
1
21
22
SIM5
SIM1
SIM2
SIM3
SIM4
1
21
22
SIM5
SIM1
SIM2
SIM3
SIM4
1
21
22
SIM5
SIM1
SIM2
SIM3
SIM4
1
21
22
SIM5
SIM1
SIM2
SIM3
SIM4
1
21
22
SIM5
SIM1
SIM2
SIM3
SIM4
1
21
22
SIM5
SIM1
SIM2
SIM3
SIM4
1
21
22
SIM5
SIM1
SIM2
SIM3
SIM4
1
21
22
SIM5
SIM1
SIM2
SIM3
SIM4
1
21
22
SIM5
SIM1
SIM2
SIM3
SIM4
1
21
22
SIM5
SIM1
SIM2
SIM3
SIM4
1
21
22
SIM5
SIM1
SIM2
SIM3
SIM4
1
21
22
SIM5
SIM1
SIM2
SIM3
SIM4
1
21
22
SIM5
SIM1
SIM2
SIM3
SIM4
1
21
22
SIM5
SIM1
SIM2
SIM3
SIM4
1
21
22
SIM5
SIM1
SIM2
SIM3
SIM4
1
21
22
SIM5
SIM1
SIM2
SIM3
SIM4
1
21
22
SIM5
SIM1
SIM2
SIM3
SIM4
1
21
22
SIM5
SIM1
SIM2
SIM3
SIM4
1
21
22
SIM5
SIM1
SIM2
SIM3
SIM4
1
21
22
SIM5
SIM1
SIM2
SIM3
SIM4
1
21
22
SIM5
SIM1
SIM2
SIM3
SIM4
1
21
22
SIM5
SIM1
SIM2
SIM3
SIM4
1
21
22
SIM5
SIM1
SIM2
SIM3
SIM4
1
21
22
SIM5
SIM1
SIM2
SIM3
SIM4
1
21
22
SIM5
SIM1
SIM2
SIM3
SIM4
1
21
22
SIM5
SIM1
SIM2
SIM3
SIM4
1
21
22
SIM5
SIM1
SIM2
SIM3
SIM4
1
21
22
SIM5
SIM1
SIM2
SIM3
SIM4
1
21
22
SIM5
SIM1
SIM2
SIM3
SIM4
1
21
22
SIM5
SIM1
SIM2
SIM3
SIM4
1
21
22
SIM5
SIM1
SIM2
SIM3
SIM4
1
21
22
SIM5
SIM1
SIM2
SIM3
SIM4
1
21
22
SIM5
SIM1
SIM2
SIM3
SIM4
1
21
22
SIM5
SIM1
SIM2
SIM3
SIM4
1
21
22
SIM5
SIM1
SIM2
SIM3
SIM4
1
21
22
SIM5
SIM1
SIM2
SIM3
SIM4
1
21
22
SIM5
SIM1
SIM2
SIM3
SIM4
1
21
22
SIM5
SIM1
SIM2
SIM3
SIM4
1
21
22
SIM5
SIM1
SIM2
SIM3
SIM4
1
21
22
SIM5
SIM1
SIM2
SIM3
SIM4
1
21
22
SIM5
SIM1
SIM2
SIM3
SIM4
1
21
22
SIM5
SIM1
SIM2
SIM3
SIM4
1
21
22
SIM5
SIM1
SIM2
SIM3
SIM4
1
21
22
SIM5
SIM1
SIM2
SIM3
SIM4
1
21
22
SIM5
SIM1
SIM2
SIM3
SIM4
1
21
22
SIM5
SIM1
SIM2
SIM3
SIM4
1
21
22
SIM5
SIM1
SIM2
SIM3
SIM4
1
21
22
SIM5
SIM1
SIM2
SIM3
SIM4
1
21
22
SIM5
SIM1
SIM2
SIM3
SIM4
1
21
22
SIM5
SIM1
SIM2
SIM3
SIM4
1
21
22
SIM5
SIM1
SIM2
SIM3
SIM4
1
21
22
SIM5
SIM1
SIM2
SIM3
SIM4
1
21
22
SIM5
SIM1
SIM2
SIM3
SIM4
1
21
22
SIM5
SIM1
SIM2
SIM3
SIM4
1
21
22
SIM5
SIM1
SIM2
SIM3
SIM4
1
21
22
SIM5
SIM1
SIM2
SIM3
SIM4
1
21
22
SIM5
SIM1
SIM2
SIM3
SIM4
1
21
22
SIM5
SIM1
SIM2
SIM3
SIM4
1
21
22
SIM5
SIM1
SIM2
SIM3
SIM4
1
21
22
SIM5
SIM1
SIM2
SIM3
SIM4
1
21
22
SIM5
SIM1
SIM2
SIM3
SIM4
1
21
22
SIM5
SIM1
SIM2
SIM3
SIM4
1
21
22
SIM5
SIM1
SIM2
SIM3
SIM4
1
21
22
SIM5
SIM1
SIM2
SIM3
SIM4
1
21
22
SIM5
SIM1
SIM2
SIM3
SIM4
1
21
22
SIM5
SIM1
SIM2
SIM3
SIM4
1
21
22
SIM5
SIM1
SIM2
SIM3
SIM4
1
21
22
SIM5
SIM1
SIM2
SIM3
SIM4
1
21
22
SIM5
SIM1
SIM2
SIM3
SIM4
1
21
22
SIM5
SIM1
SIM2
SIM3
SIM4
1
21
22
SIM5
SIM1
SIM2
SIM3
SIM4
1
21
22
SIM5
SIM1
SIM2
SIM3
SIM4
1
21
22
SIM5
SIM1
SIM2
SIM3
SIM4
1
21
22
SIM5
SIM1
SIM2
SIM3
SIM4
1
21
22
SIM5
SIM1
SIM2
SIM3
SIM4
1
21
22
SIM5
SIM1
SIM2
SIM3
SIM4
1
21
22
SIM5
SIM1
SIM2
SIM3
SIM4
1
21
22
SIM5
SIM1
SIM2
SIM3
SIM4
1
21
22
SIM5
SIM1
SIM2
SIM3
SIM4
1
21
22
SIM5
SIM1
SIM2
SIM3
SIM4
1
21
22
SIM5
SIM1
SIM2
SIM3
SIM4
1
21
22
SIM5
SIM1
SIM2
SIM3
SIM4
1
21
22
SIM5
SIM1
SIM2
SIM3
SIM4
1
21
22
SIM5
SIM1
SIM2
SIM3
SIM4
1
21
22
SIM5
SIM1
SIM2
SIM3
SIM4
1
21
22
SIM5
SIM1
SIM2
SIM3
SIM4
1
21
22
SIM5
SIM1
SIM2
SIM3
SIM4
1
21
22
SIM5
SIM1
SIM2
SIM3
SIM4
1
21
22
SIM5
SIM1
SIM2
SIM3
SIM4
1
21
22
SIM5
SIM1
SIM2
SIM3
SIM4
1
21
22
SIM5
SIM1
SIM2
SIM3
SIM4
1
21
22
SIM5
SIM1
SIM2
SIM3
SIM4
1
21
22
SIM5
SIM1
SIM2
SIM3
SIM4
1
21
22
SIM5
SIM1
SIM2
SIM3
SIM4
1
21
22
SIM5
SIM1
SIM2
SIM3
SIM4
1
21
22
SIM5
SIM1
SIM2
SIM3
SIM4
1
21
22
SIM5
SIM1
SIM2
SIM3
SIM4
1
21
22
SIM5
SIM1
SIM2
SIM3
SIM4
1
21
22
SIM5
SIM1
SIM2
SIM3
SIM4
1
21
22
SIM5
SIM1
SIM2
SIM3
SIM4
1
21
22
SIM5
SIM1
SIM2
SIM3
SIM4
1
21
22
SIM5
SIM1
SIM2
SIM3
SIM4
1
21
22
SIM5
SIM1
SIM2
SIM3
SIM4
1
21
22
SIM5
SIM1
SIM2
SIM3
SIM4
1
21
22
SIM5
SIM1
SIM2
SIM3
SIM4
1
21
22
SIM5
SIM1
SIM2
SIM3
SIM4
1
21
22
SIM5
SIM1
SIM2
SIM3
SIM4
1
21
22
SIM5
SIM1
SIM2
SIM3
SIM4
1
21
22
SIM5
SIM1
SIM2
SIM3
SIM4
1
21
22
SIM5
SIM1
SIM2
SIM3
SIM4
1
21
22
SIM5
SIM1
SIM2
SIM3
SIM4
1
21
22
SIM5
SIM1
SIM2
SIM3
SIM4
1
21
22
SIM5
SIM1
SIM2
SIM3
SIM4
1
21
22
SIM5
SIM1
SIM2
SIM3
SIM4
1
21
22
SIM5
SIM1
SIM2
SIM3
SIM4
1
21
22
SIM5
SIM1
SIM2
SIM3
SIM4
1
21
22
SIM5
SIM1
SIM2
SIM3
SIM4
1
21
22
SIM5
SIM1
SIM2
SIM3
SIM4
1
21
22
SIM5
SIM1
SIM2
SIM3
SIM4
1
21
22
SIM5
SIM1
SIM2
SIM3
SIM4
1
21
22
SIM5
SIM1
SIM2
SIM3
SIM4
1
21
22
SIM5
SIM1
SIM2
SIM3
SIM4
1
21
22
SIM5
SIM1
SIM2
SIM3
SIM4
1
21
22
SIM5
SIM1
SIM2
SIM3
SIM4
1
21
22
SIM5
SIM1
SIM2
SIM3
SIM4
1
21
22
SIM5
SIM1
SIM2
SIM3
SIM4
1
21
22
SIM5
SIM1
SIM2
SIM3
SIM4
1
21
22
SIM5
SIM1
SIM2
DEBUG 1 943
SIM1
SIM2
SIM3
SIM4
1
21
22
SIM5
SIM1
SIM2
SIM3
SIM4
1
21
22
SIM5
SIM1
SIM2
SIM3
SIM4
1
21
22
SIM5
SIM1
SIM2
SIM3
SIM4
1
21
22
SIM5
SIM1
SIM2
SIM3
SIM4
1
21
22
SIM5
SIM1
SIM2
SIM3
SIM4
1
21
22
SIM5
SIM1
SIM2
SIM3
SIM4
1
21
22
SIM5
SIM1
SIM2
SIM3
SIM4
1
21
22
SIM5
SIM1
SIM2
SIM3
SIM4
1
21
22
SIM5
SIM1
SIM2
SIM3
SIM4
1
21
22
SIM5
SIM1
SIM2
SIM3
SIM4
1
21
22
SIM5
SIM1
SIM2
SIM3
SIM4
1
21
22
SIM5
SIM1
SIM2
SIM3
SIM4
1
21
22
SIM5
SIM1
SIM2
SIM3
SIM4
1
21
22
SIM5
SIM1
SIM2
SIM3
SIM4
1
21
22
SIM5
SIM1
SIM2
SIM3
SIM4
1
21
22
SIM5
SIM1
SIM2
SIM3
SIM4
1
21
22
SIM5
SIM1
SIM2
SIM3
SIM4
1
21
22
SIM5
SIM1
SIM2
SIM3
SIM4
1
21
22
SIM5
SIM1
SIM2
SIM3
SIM4
1
21
22
SIM5
SIM1
SIM2
SIM3
SIM4
1
21
22
SIM5
SIM1
SIM2
SIM3
SIM4
1
21
22
SIM5
SIM1
SIM2
SIM3
SIM4
1
21
22
SIM5
SIM1
SIM2
SIM3
SIM4
1
21
22
SIM5
SIM1
SIM2
SIM3
SIM4
1
21
22
SIM5
SIM1
SIM2
SIM3
SIM4
1
21
22
SIM5
SIM1
SIM2
SIM3
SIM4
1
21
22
SIM5
SIM1
SIM2
SIM3
SIM4
1
21
22
SIM5
SIM1
SIM2
SIM3
SIM4
1
21
22
SIM5
SIM1
SIM2
SIM3
SIM4
1
21
22
SIM5
SIM1
SIM2
SIM3
SIM4
1
21
22
SIM5
SIM1
SIM2
SIM3
SIM4
1
21
22
SIM5
SIM1
SIM2
SIM3
SIM4
1
21
22
SIM5
SIM1
SIM2
SIM3
SIM4
1
21
22
SIM5
SIM1
SIM2
SIM3
SIM4
1
21
22
SIM5
SIM1
SIM2
SIM3
SIM4
1
21
22
SIM5
SIM1
SIM2
SIM3
SIM4
1
21
22
SIM5
SIM1
SIM2
SIM3
SIM4
1
21
22
SIM5
SIM1
SIM2
SIM3
SIM4
1
21
22
SIM5
SIM1
SIM2
SIM3
SIM4
1
21
22
SIM5
SIM1
SIM2
SIM3
SIM4
1
21
22
SIM5
SIM1
SIM2
SIM3
SIM4
1
21
22
SIM5
SIM1
SIM2
SIM3
SIM4
1
21
22
SIM5
SIM1
SIM2
SIM3
SIM4
1
21
22
SIM5
SIM1
SIM2
SIM3
SIM4
1
21
22
SIM5
SIM1
SIM2
SIM3
SIM4
1
21
22
SIM5
SIM1
SIM2
SIM3
SIM4
1
21
22
SIM5
SIM1
SIM2
SIM3
SIM4
1
21
22
SIM5
SIM1
SIM2
SIM3
SIM4
1
21
22
SIM5
SIM1
SIM2
SIM3
SIM4
1
21
22
SIM5
SIM1
SIM2
SIM3
SIM4
1
21
22
SIM5
SIM1
SIM2
SIM3
SIM4
1
21
22
SIM5
SIM1
SIM2
SIM3
SIM4
1
21
22
SIM5
SIM1
SIM2
SIM3
SIM4
1
21
22
SIM5
SIM1
SIM2
SIM3
SIM4
1
21
22
SIM5
SIM1
SIM2
SIM3
SIM4
1
21
22
SIM5
SIM1
SIM2
SIM3
SIM4
1
21
22
SIM5
SIM1
SIM2
SIM3
SIM4
1
21
22
SIM5
SIM1
SIM2
SIM3
SIM4
1
21
22
SIM5
SIM1
SIM2
SIM3
SIM4
1
21
22
SIM5
SIM1
SIM2
SIM3
SIM4
1
21
22
SIM5
SIM1
SIM2
SIM3
SIM4
1
21
22
SIM5
SIM1
SIM2
SIM3
SIM4
1
21
22
SIM5
SIM1
SIM2
SIM3
SIM4
1
21
22
SIM5
SIM1
SIM2
SIM3
SIM4
1
21
22
SIM5
SIM1
SIM2
SIM3
SIM4
1
21
22
SIM5
SIM1
SIM2
SIM3
SIM4
1
21
22
SIM5
SIM1
SIM2
SIM3
SIM4
1
21
22
SIM5
SIM1
SIM2
SIM3
SIM4
1
21
22
SIM5
SIM1
SIM2
SIM3
SIM4
1
21
22
SIM5
SIM1
SIM2
SIM3
SIM4
1
21
22
SIM5
SIM1
SIM2
SIM3
SIM4
1
21
22
SIM5
SIM1
SIM2
SIM3
SIM4
1
21
22
SIM5
SIM1
SIM2
SIM3
SIM4
1
21
22
SIM5
SIM1
SIM2
SIM3
SIM4
1
21
22
SIM5
SIM1
SIM2
SIM3
SIM4
1
21
22
SIM5
SIM1
SIM2
SIM3
SIM4
1
21
22
SIM5
SIM1
SIM2
SIM3
SIM4
1
21
22
SIM5
SIM1
SIM2
SIM3
SIM4
1
21
22
SIM5
SIM1
SIM2
SIM3
SIM4
1
21
22
SIM5
SIM1
SIM2
SIM3
SIM4
1
21
22
SIM5
SIM1
SIM2
SIM3
SIM4
1
21
22
SIM5
SIM1
SIM2
SIM3
SIM4
1
21
22
SIM5
SIM1
SIM2
SIM3
SIM4
1
21
22
SIM5
SIM1
SIM2
SIM3
SIM4
1
21
22
SIM5
SIM1
SIM2
SIM3
SIM4
1
21
22
SIM5
SIM1
SIM2
SIM3
SIM4
1
21
22
SIM5
SIM1
SIM2
SIM3
SIM4
1
21
22
SIM5
SIM1
SIM2
SIM3
SIM4
1
21
22
SIM5
SIM1
SIM2
SIM3
SIM4
1
21
22
SIM5
SIM1
SIM2
SIM3
SIM4
1
21
22
SIM5
SIM1
SIM2
SIM3
SIM4
1
21
22
SIM5
SIM1
SIM2
SIM3
SIM4
1
21
22
SIM5
SIM1
SIM2
SIM3
SIM4
1
21
22
SIM5
SIM1
SIM2
SIM3
SIM4
1
21
22
SIM5
SIM1
SIM2
SIM3
SIM4
1
21
22
SIM5
SIM1
SIM2
SIM3
SIM4
1
21
22
SIM5
SIM1
SIM2
SIM3
SIM4
1
21
22
SIM5
SIM1
SIM2
SIM3
SIM4
1
21
22
SIM5
SIM1
SIM2
SIM3
SIM4
1
21
22
SIM5
SIM1
SIM2
SIM3
SIM4
1
21
22
SIM5
SIM1
SIM2
SIM3
SIM4
1
21
22
SIM5
SIM1
SIM2
SIM3
SIM4
1
21
22
SIM5
SIM1
SIM2
SIM3
SIM4
1
21
22
SIM5
SIM1
SIM2
SIM3
SIM4
1
21
22
SIM5
SIM1
SIM2
SIM3
SIM4
1
21
22
SIM5
SIM1
SIM2
SIM3
SIM4
1
21
22
SIM5
SIM1
SIM2
SIM3
SIM4
1
21
22
SIM5
SIM1
SIM2
SIM3
SIM4
1
21
22
SIM5
SIM1
SIM2
SIM3
SIM4
1
21
22
SIM5
SIM1
SIM2
SIM3
SIM4
1
21
22
SIM5
SIM1
SIM2
SIM3
SIM4
1
21
22
SIM5
SIM1
SIM2
SIM3
SIM4
1
21
22
SIM5
SIM1
SIM2
SIM3
SIM4
1
21
22
SIM5
SIM1
SIM2
SIM3
SIM4
1
21
22
SIM5
SIM1
SIM2
SIM3
SIM4
1
21
22
SIM5
SIM1
SIM2
SIM3
SIM4
1
21
22
SIM5
SIM1
SIM2
SIM3
SIM4
1
21
22
SIM5
SIM1
SIM2
SIM3
SIM4
1
21
22
SIM5
SIM1
SIM2
SIM3
SIM4
1
21
22
SIM5
SIM1
SIM2
SIM3
SIM4
1
21
22
SIM5
SIM1
SIM2
SIM3
SIM4
1
21
22
SIM5
SIM1
SIM2
SIM3
SIM4
1
21
22
SIM5
SIM1
SIM2
SIM3
SIM4
1
21
22
SIM5
SIM1
SIM2
SIM3
SIM4
1
21
22
SIM5
SIM1
SIM2
SIM3
SIM4
1
21
22
SIM5
SIM1
SIM2
SIM3
SIM4
1
21
22
SIM5
SIM1
SIM2
SIM3
SIM4
1
21
22
SIM5
SIM1
SIM2
SIM3
SIM4
1
21
22
SIM5
SIM1
SIM2
SIM3
SIM4
1
21
22
SIM5
SIM1
SIM2
SIM3
SIM4
1
21
22
SIM5
SIM1
SIM2
SIM3
SIM4
1
21
22
SIM5
SIM1
SIM2
SIM3
SIM4
1
21
22
SIM5
SIM1
SIM2
SIM3
SIM4
1
21
22
SIM5
SIM1
SIM2
SIM3
SIM4
1
21
22
SIM5
SIM1
SIM2
SIM3
SIM4
1
21
22
SIM5
SIM1
SIM2
SIM3
SIM4
1
21
22
SIM5
SIM1
SIM2
SIM3
SIM4
1
21
22
SIM5
SIM1
SIM2
SIM3
SIM4
1
21
22
SIM5
SIM1
SIM2
SIM3
SIM4
1
21
22
SIM5
SIM1
SIM2
SIM3
SIM4
1
21
22
SIM5
SIM1
SIM2
SIM3
SIM4
1
21
22
SIM5
SIM1
SIM2
SIM3
SIM4
1
21
22
SIM5
SIM1
SIM2
SIM3
SIM4
1
21
22
SIM5
SIM1
SIM2
SIM3
SIM4
1
21
22
SIM5
SIM1
SIM2
SIM3
SIM4
1
21
22
SIM5
SIM1
SIM2
SIM3
SIM4
1
21
22
SIM5
SIM1
SIM2
SIM3
SIM4
1
21
22
SIM5
SIM1
SIM2
SIM3
SIM4
1
21
22
SIM5
SIM1
SIM2
SIM3
SIM4
1
21
22
SIM5
SIM1
SIM2
SIM3
SIM4
1
21
22
SIM5
SIM1
SIM2
SIM3
SIM4
1
21
22
SIM5
SIM1
SIM2
SIM3
SIM4
1
21
22
SIM5
SIM1
SIM2
SIM3
SIM4
1
21
22
SIM5
SIM1
SIM2
SIM3
SIM4
1
21
22
SIM5
SIM1
SIM2
SIM3
SIM4
1
21
22
SIM5
SIM1
SIM2
SIM3
SIM4
1
21
22
SIM5
SIM1
SIM2
SIM3
SIM4
1
21
22
SIM5
SIM1
SIM2
SIM3
SIM4
1
21
22
SIM5
SIM1
SIM2
SIM3
SIM4
1
21
22
SIM5
SIM1
SIM2
SIM3
SIM4
1
21
22
SIM5
SIM1
SIM2
SIM3
SIM4
1
21
22
SIM5
SIM1
SIM2
SIM3
SIM4
1
21
22
SIM5
SIM1
SIM2
SIM3
SIM4
1
21
22
SIM5
SIM1
SIM2
SIM3
SIM4
1
21
22
SIM5
SIM1
SIM2
SIM3
SIM4
1
21
22
SIM5
SIM1
SIM2
SIM3
SIM4
1
21
22
SIM5
SIM1
SIM2
SIM3
SIM4
1
21
22
SIM5
SIM1
SIM2
SIM3
SIM4
1
21
22
SIM5
SIM1
SIM2
SIM3
SIM4
1
21
22
SIM5
SIM1
SIM2
SIM3
SIM4
1
21
22
SIM5
SIM1
SIM2
SIM3
SIM4
1
21
22
SIM5
SIM1
SIM2
SIM3
SIM4
1
21
22
SIM5
SIM1
SIM2
SIM3
SIM4
1
21
22
SIM5
SIM1
SIM2
DEBUG 1 944
SIM1
SIM2
SIM3
SIM4
1
21
22
SIM5
SIM1
SIM2
SIM3
SIM4
1
21
22
SIM5
SIM1
SIM2
SIM3
SIM4
1
21
22
SIM5
SIM1
SIM2
SIM3
SIM4
1
21
22
SIM5
SIM1
SIM2
SIM3
SIM4
1
21
22
SIM5
SIM1
SIM2
SIM3
SIM4
1
21
22
SIM5
SIM1
SIM2
SIM3
SIM4
1
21
22
SIM5
SIM1
SIM2
SIM3
SIM4
1
21
22
SIM5
SIM1
SIM2
SIM3
SIM4
1
21
22
SIM5
SIM1
SIM2
SIM3
SIM4
1
21
22
SIM5
SIM1
SIM2
SIM3
SIM4
1
21
22
SIM5
SIM1
SIM2
SIM3
SIM4
1
21
22
SIM5
SIM1
SIM2
SIM3
SIM4
1
21
22
SIM5
SIM1
SIM2
SIM3
SIM4
1
21
22
SIM5
SIM1
SIM2
SIM3
SIM4
1
21
22
SIM5
SIM1
SIM2
SIM3
SIM4
1
21
22
SIM5
SIM1
SIM2
SIM3
SIM4
1
21
22
SIM5
SIM1
SIM2
SIM3
SIM4
1
21
22
SIM5
SIM1
SIM2
SIM3
SIM4
1
21
22
SIM5
SIM1
SIM2
SIM3
SIM4
1
21
22
SIM5
SIM1
SIM2
SIM3
SIM4
1
21
22
SIM5
SIM1
SIM2
SIM3
SIM4
1
21
22
SIM5
SIM1
SIM2
SIM3
SIM4
1
21
22
SIM5
SIM1
SIM2
SIM3
SIM4
1
21
22
SIM5
SIM1
SIM2
SIM3
SIM4
1
21
22
SIM5
SIM1
SIM2
SIM3
SIM4
1
21
22
SIM5
SIM1
SIM2
SIM3
SIM4
1
21
22
SIM5
SIM1
SIM2
SIM3
SIM4
1
21
22
SIM5
SIM1
SIM2
DEBUG 1 945
SIM1
SIM2
SIM3
SIM4
1
21
22
SIM5
SIM1
SIM2
SIM3
SIM4
1
21
22
SIM5
SIM1
SIM2
SIM3
SIM4
1
21
22
SIM5
SIM1
SIM2
SIM3
SIM4
1
21
22
SIM5
SIM1
SIM2
SIM3
SIM4
1
21
22
SIM5
SIM1
SIM2
SIM3
SIM4
1
21
22
SIM5
SIM1
SIM2
SIM3
SIM4
1
21
22
SIM5
SIM1
SIM2
SIM3
SIM4
1
21
22
SIM5
SIM1
SIM2
SIM3
SIM4
1
21
22
SIM5
SIM1
SIM2
SIM3
SIM4
1
21
22
SIM5
SIM1
SIM2
SIM3
SIM4
1
21
22
SIM5
SIM1
SIM2
SIM3
SIM4
1
21
22
SIM5
SIM1
SIM2
SIM3
SIM4
1
21
22
SIM5
SIM1
SIM2
SIM3
SIM4
1
21
22
SIM5
SIM1
SIM2
SIM3
SIM4
1
21
22
SIM5
SIM1
SIM2
SIM3
SIM4
1
21
22
SIM5
SIM1
SIM2
SIM3
SIM4
1
21
22
SIM5
SIM1
SIM2
SIM3
SIM4
1
21
22
SIM5
SIM1
SIM2
SIM3
SIM4
1
21
22
SIM5
SIM1
SIM2
SIM3
SIM4
1
21
22
SIM5
SIM1
SIM2
SIM3
SIM4
1
21
22
SIM5
SIM1
SIM2
SIM3
SIM4
1
21
22
SIM5
SIM1
SIM2
SIM3
SIM4
1
21
22
SIM5
SIM1
SIM2
SIM3
SIM4
1
21
22
SIM5
SIM1
SIM2
SIM3
SIM4
1
21
22
SIM5
SIM1
SIM2
SIM3
SIM4
1
21
22
SIM5
SIM1
SIM2
SIM3
SIM4
1
21
22
SIM5
SIM1
SIM2
SIM3
SIM4
1
21
22
SIM5
SIM1
SIM2
SIM3
SIM4
1
21
22
SIM5
SIM1
SIM2
SIM3
SIM4
1
21
22
SIM5
SIM1
SIM2
SIM3
SIM4
1
21
22
SIM5
SIM1
SIM2
SIM3
SIM4
1
21
22
SIM5
SIM1
SIM2
SIM3
SIM4
1
21
22
SIM5
SIM1
SIM2
SIM3
SIM4
1
21
22
SIM5
SIM1
SIM2
SIM3
SIM4
1
21
22
SIM5
SIM1
SIM2
SIM3
SIM4
1
21
22
SIM5
SIM1
SIM2
SIM3
SIM4
1
21
22
SIM5
SIM1
SIM2
SIM3
SIM4
1
21
22
SIM5
SIM1
SIM2
SIM3
SIM4
1
21
22
SIM5
SIM1
SIM2
SIM3
SIM4
1
21
22
SIM5
SIM1
SIM2
SIM3
SIM4
1
21
22
SIM5
SIM1
SIM2
SIM3
SIM4
1
21
22
SIM5
SIM1
SIM2
SIM3
SIM4
1
21
22
SIM5
SIM1
SIM2
SIM3
SIM4
1
21
22
SIM5
SIM1
SIM2
SIM3
SIM4
1
21
22
SIM5
SIM1
SIM2
SIM3
SIM4
1
21
22
SIM5
SIM1
SIM2
SIM3
SIM4
1
21
22
SIM5
SIM1
SIM2
SIM3
SIM4
1
21
22
SIM5
SIM1
SIM2
SIM3
SIM4
1
21
22
SIM5
SIM1
SIM2
SIM3
SIM4
1
21
22
SIM5
SIM1
SIM2
SIM3
SIM4
1
21
22
SIM5
SIM1
SIM2
SIM3
SIM4
1
21
22
SIM5
SIM1
SIM2
SIM3
SIM4
1
21
22
SIM5
SIM1
SIM2
SIM3
SIM4
1
21
22
SIM5
SIM1
SIM2
SIM3
SIM4
1
21
22
SIM5
SIM1
SIM2
SIM3
SIM4
1
21
22
SIM5
SIM1
SIM2
SIM3
SIM4
1
21
22
SIM5
SIM1
SIM2
SIM3
SIM4
1
21
22
SIM5
SIM1
SIM2
SIM3
SIM4
1
21
22
SIM5
SIM1
SIM2
SIM3
SIM4
1
21
22
SIM5
SIM1
SIM2
SIM3
SIM4
1
21
22
SIM5
SIM1
SIM2
SIM3
SIM4
1
21
22
SIM5
SIM1
SIM2
SIM3
SIM4
1
21
22
SIM5
SIM1
SIM2
SIM3
SIM4
1
21
22
SIM5
SIM1
SIM2
SIM3
SIM4
1
21
22
SIM5
SIM1
SIM2
SIM3
SIM4
1
21
22
SIM5
SIM1
SIM2
SIM3
SIM4
1
21
22
SIM5
SIM1
SIM2
SIM3
SIM4
1
21
22
SIM5
SIM1
SIM2
SIM3
SIM4
1
21
22
SIM5
SIM1
SIM2
SIM3
SIM4
1
21
22
SIM5
SIM1
SIM2
SIM3
SIM4
1
21
22
SIM5
SIM1
SIM2
SIM3
SIM4
1
21
22
SIM5
SIM1
SIM2
SIM3
SIM4
1
21
22
SIM5
SIM1
SIM2
SIM3
SIM4
1
21
22
SIM5
SIM1
SIM2
SIM3
SIM4
1
21
22
SIM5
SIM1
SIM2
SIM3
SIM4
1
21
22
SIM5
SIM1
SIM2
SIM3
SIM4
1
21
22
SIM5
SIM1
SIM2
SIM3
SIM4
1
21
22
SIM5
SIM1
SIM2
SIM3
SIM4
1
21
22
SIM5
SIM1
SIM2
SIM3
SIM4
1
21
22
SIM5
SIM1
SIM2
SIM3
SIM4
1
21
22
SIM5
SIM1
SIM2
SIM3
SIM4
1
21
22
SIM5
SIM1
SIM2
SIM3
SIM4
1
21
22
SIM5
SIM1
SIM2
SIM3
SIM4
1
21
22
SIM5
SIM1
SIM2
SIM3
SIM4
1
21
22
SIM5
SIM1
SIM2
SIM3
SIM4
1
21
22
SIM5
SIM1
SIM2
SIM3
SIM4
1
21
22
SIM5
SIM1
SIM2
SIM3
SIM4
1
21
22
SIM5
SIM1
SIM2
SIM3
SIM4
1
21
22
SIM5
SIM1
SIM2
SIM3
SIM4
1
21
22
SIM5
SIM1
SIM2
SIM3
SIM4
1
21
22
SIM5
SIM1
SIM2
SIM3
SIM4
1
21
22
SIM5
SIM1
SIM2
SIM3
SIM4
1
21
22
SIM5
SIM1
SIM2
SIM3
SIM4
1
21
22
SIM5
SIM1
SIM2
SIM3
SIM4
1
21
22
SIM5
SIM1
SIM2
SIM3
SIM4
1
21
22
SIM5
SIM1
SIM2
SIM3
SIM4
1
21
22
SIM5
SIM1
SIM2
SIM3
SIM4
1
21
22
SIM5
SIM1
SIM2
SIM3
SIM4
1
21
22
SIM5
SIM1
SIM2
SIM3
SIM4
1
21
22
SIM5
SIM1
SIM2
SIM3
SIM4
1
21
22
SIM5
SIM1
SIM2
SIM3
SIM4
1
21
22
SIM5
SIM1
SIM2
SIM3
SIM4
1
21
22
SIM5
SIM1
SIM2
SIM3
SIM4
1
21
22
SIM5
SIM1
SIM2
SIM3
SIM4
1
21
22
SIM5
SIM1
SIM2
SIM3
SIM4
1
21
22
SIM5
SIM1
SIM2
SIM3
SIM4
1
21
22
SIM5
SIM1
SIM2
SIM3
SIM4
1
21
22
SIM5
SIM1
SIM2
SIM3
SIM4
1
21
22
SIM5
SIM1
SIM2
SIM3
SIM4
1
21
22
SIM5
SIM1
SIM2
SIM3
SIM4
1
21
22
SIM5
SIM1
SIM2
SIM3
SIM4
1
21
22
SIM5
SIM1
SIM2
SIM3
SIM4
1
21
22
SIM5
SIM1
SIM2
SIM3
SIM4
1
21
22
SIM5
SIM1
SIM2
SIM3
SIM4
1
21
22
SIM5
SIM1
SIM2
SIM3
SIM4
1
21
22
SIM5
SIM1
SIM2
SIM3
SIM4
1
21
22
SIM5
SIM1
SIM2
SIM3
SIM4
1
21
22
SIM5
SIM1
SIM2
SIM3
SIM4
1
21
22
SIM5
SIM1
SIM2
SIM3
SIM4
1
21
22
SIM5
SIM1
SIM2
SIM3
SIM4
1
21
22
SIM5
SIM1
SIM2
DEBUG 1 946
SIM1
SIM2
SIM3
SIM4
1
21
22
SIM5
SIM1
SIM2
SIM3
SIM4
1
21
22
SIM5
SIM1
SIM2
SIM3
SIM4
1
21
22
SIM5
SIM1
SIM2
SIM3
SIM4
1
21
22
SIM5
SIM1
SIM2
SIM3
SIM4
1
21
22
SIM5
SIM1
SIM2
SIM3
SIM4
1
21
22
SIM5
SIM1
SIM2
SIM3
SIM4
1
21
22
SIM5
SIM1
SIM2
SIM3
SIM4
1
21
22
SIM5
SIM1
SIM2
SIM3
SIM4
1
21
22
SIM5
SIM1
SIM2
SIM3
SIM4
1
21
22
SIM5
SIM1
SIM2
SIM3
SIM4
1
21
22
SIM5
SIM1
SIM2
SIM3
SIM4
1
21
22
SIM5
SIM1
SIM2
SIM3
SIM4
1
21
22
SIM5
SIM1
SIM2
SIM3
SIM4
1
21
22
SIM5
SIM1
SIM2
SIM3
SIM4
1
21
22
SIM5
SIM1
SIM2
SIM3
SIM4
1
21
22
SIM5
SIM1
SIM2
SIM3
SIM4
1
21
22
SIM5
SIM1
SIM2
SIM3
SIM4
1
21
22
SIM5
SIM1
SIM2
SIM3
SIM4
1
21
22
SIM5
SIM1
SIM2
SIM3
SIM4
1
21
22
SIM5
SIM1
SIM2
SIM3
SIM4
1
21
22
SIM5
SIM1
SIM2
SIM3
SIM4
1
21
22
SIM5
SIM1
SIM2
SIM3
SIM4
1
21
22
SIM5
SIM1
SIM2
SIM3
SIM4
1
21
22
SIM5
SIM1
SIM2
SIM3
SIM4
1
21
22
SIM5
SIM1
SIM2
SIM3
SIM4
1
21
22
SIM5
SIM1
SIM2
SIM3
SIM4
1
21
22
SIM5
SIM1
SIM2
SIM3
SIM4
1
21
22
SIM5
SIM1
SIM2
SIM3
SIM4
1
21
22
SIM5
SIM1
SIM2
SIM3
SIM4
1
21
22
SIM5
SIM1
SIM2
SIM3
SIM4
1
21
22
SIM5
SIM1
SIM2
SIM3
SIM4
1
21
22
SIM5
SIM1
SIM2
SIM3
SIM4
1
21
22
SIM5
SIM1
SIM2
SIM3
SIM4
1
21
22
SIM5
SIM1
SIM2
SIM3
SIM4
1
21
22
SIM5
SIM1
SIM2
SIM3
SIM4
1
21
22
SIM5
SIM1
SIM2
SIM3
SIM4
1
21
22
SIM5
SIM1
SIM2
SIM3
SIM4
1
21
22
SIM5
SIM1
SIM2
SIM3
SIM4
1
21
22
SIM5
SIM1
SIM2
SIM3
SIM4
1
21
22
SIM5
SIM1
SIM2
SIM3
SIM4
1
21
22
SIM5
SIM1
SIM2
SIM3
SIM4
1
21
22
SIM5
SIM1
SIM2
SIM3
SIM4
1
21
22
SIM5
SIM1
SIM2
SIM3
SIM4
1
21
22
SIM5
SIM1
SIM2
SIM3
SIM4
1
21
22
SIM5
SIM1
SIM2
SIM3
SIM4
1
21
22
SIM5
SIM1
SIM2
SIM3
SIM4
1
21
22
SIM5
SIM1
SIM2
SIM3
SIM4
1
21
22
SIM5
SIM1
SIM2
SIM3
SIM4
1
21
22
SIM5
SIM1
SIM2
SIM3
SIM4
1
21
22
SIM5
SIM1
SIM2
SIM3
SIM4
1
21
22
SIM5
SIM1
SIM2
SIM3
SIM4
1
21
22
SIM5
SIM1
SIM2
SIM3
SIM4
1
21
22
SIM5
SIM1
SIM2
SIM3
SIM4
1
21
22
SIM5
SIM1
SIM2
SIM3
SIM4
1
21
22
SIM5
SIM1
SIM2
SIM3
SIM4
1
21
22
SIM5
SIM1
SIM2
SIM3
SIM4
1
21
22
SIM5
SIM1
SIM2
SIM3
SIM4
1
21
22
SIM5
SIM1
SIM2
SIM3
SIM4
1
21
22
SIM5
SIM1
SIM2
SIM3
SIM4
1
21
22
SIM5
SIM1
SIM2
SIM3
SIM4
1
21
22
SIM5
SIM1
SIM2
SIM3
SIM4
1
21
22
SIM5
SIM1
SIM2
SIM3
SIM4
1
21
22
SIM5
SIM1
SIM2
SIM3
SIM4
1
21
22
SIM5
SIM1
SIM2
SIM3
SIM4
1
21
22
SIM5
SIM1
SIM2
SIM3
SIM4
1
21
22
SIM5
SIM1
SIM2
SIM3
SIM4
1
21
22
SIM5
SIM1
SIM2
SIM3
SIM4
1
21
22
SIM5
SIM1
SIM2
SIM3
SIM4
1
21
22
SIM5
SIM1
SIM2
SIM3
SIM4
1
21
22
SIM5
SIM1
SIM2
SIM3
SIM4
1
21
22
SIM5
SIM1
SIM2
SIM3
SIM4
1
21
22
SIM5
SIM1
SIM2
SIM3
SIM4
1
21
22
SIM5
SIM1
SIM2
SIM3
SIM4
1
21
22
SIM5
SIM1
SIM2
SIM3
SIM4
1
21
22
SIM5
SIM1
SIM2
SIM3
SIM4
1
21
22
SIM5
SIM1
SIM2
SIM3
SIM4
1
21
22
SIM5
SIM1
SIM2
SIM3
SIM4
1
21
22
SIM5
SIM1
SIM2
SIM3
SIM4
1
21
22
SIM5
SIM1
SIM2
SIM3
SIM4
1
21
22
SIM5
SIM1
SIM2
SIM3
SIM4
1
21
22
SIM5
SIM1
SIM2
SIM3
SIM4
1
21
22
SIM5
SIM1
SIM2
SIM3
SIM4
1
21
22
SIM5
SIM1
SIM2
SIM3
SIM4
1
21
22
SIM5
SIM1
SIM2
SIM3
SIM4
1
21
22
SIM5
SIM1
SIM2
SIM3
SIM4
1
21
22
SIM5
SIM1
SIM2
SIM3
SIM4
1
21
22
SIM5
SIM1
SIM2
SIM3
SIM4
1
21
22
SIM5
SIM1
SIM2
SIM3
SIM4
1
21
22
SIM5
SIM1
SIM2
SIM3
SIM4
1
21
22
SIM5
SIM1
SIM2
SIM3
SIM4
1
21
22
SIM5
SIM1
SIM2
SIM3
SIM4
1
21
22
SIM5
SIM1
SIM2
SIM3
SIM4
1
21
22
SIM5
SIM1
SIM2
SIM3
SIM4
1
21
22
SIM5
SIM1
SIM2
SIM3
SIM4
1
21
22
SIM5
SIM1
SIM2
SIM3
SIM4
1
21
22
SIM5
SIM1
SIM2
SIM3
SIM4
1
21
22
SIM5
SIM1
SIM2
SIM3
SIM4
1
21
22
SIM5
SIM1
SIM2
SIM3
SIM4
1
21
22
SIM5
SIM1
SIM2
SIM3
SIM4
1
21
22
SIM5
SIM1
SIM2
SIM3
SIM4
1
21
22
SIM5
SIM1
SIM2
SIM3
SIM4
1
21
22
SIM5
SIM1
SIM2
SIM3
SIM4
1
21
22
SIM5
SIM1
SIM2
SIM3
SIM4
1
21
22
SIM5
SIM1
SIM2
SIM3
SIM4
1
21
22
SIM5
SIM1
SIM2
SIM3
SIM4
1
21
22
SIM5
SIM1
SIM2
SIM3
SIM4
1
21
22
SIM5
SIM1
SIM2
SIM3
SIM4
1
21
22
SIM5
SIM1
SIM2
SIM3
SIM4
1
21
22
SIM5
SIM1
SIM2
SIM3
SIM4
1
21
22
SIM5
SIM1
SIM2
SIM3
SIM4
1
21
22
SIM5
SIM1
SIM2
SIM3
SIM4
1
21
22
SIM5
SIM1
SIM2
SIM3
SIM4
1
21
22
SIM5
SIM1
SIM2
SIM3
SIM4
1
21
22
SIM5
SIM1
SIM2
SIM3
SIM4
1
21
22
SIM5
SIM1
SIM2
SIM3
SIM4
1
21
22
SIM5
SIM1
SIM2
SIM3
SIM4
1
21
22
SIM5
SIM1
SIM2
SIM3
SIM4
1
21
22
SIM5
SIM1
SIM2
SIM3
SIM4
1
21
22
SIM5
SIM1
SIM2
SIM3
SIM4
1
21
22
SIM5
SIM1
SIM2
SIM3
SIM4
1
21
22
SIM5
SIM1
SIM2
SIM3
SIM4
1
21
22
SIM5
SIM1
SIM2
SIM3
SIM4
1
21
22
SIM5
SIM1
SIM2
SIM3
SIM4
1
21
22
SIM5
SIM1
SIM2
SIM3
SIM4
1
21
22
SIM5
SIM1
SIM2
SIM3
SIM4
1
21
22
SIM5
SIM1
SIM2
SIM3
SIM4
1
21
22
SIM5
SIM1
SIM2
SIM3
SIM4
1
21
22
SIM5
SIM1
SIM2
SIM3
SIM4
1
21
22
SIM5
SIM1
SIM2
SIM3
SIM4
1
21
22
SIM5
SIM1
SIM2
SIM3
SIM4
1
21
22
SIM5
SIM1
SIM2
SIM3
SIM4
1
21
22
SIM5
SIM1
SIM2
SIM3
SIM4
1
21
22
SIM5
SIM1
SIM2
SIM3
SIM4
1
21
22
SIM5
SIM1
SIM2
SIM3
SIM4
1
21
22
SIM5
SIM1
SIM2
SIM3
SIM4
1
21
22
SIM5
SIM1
SIM2
SIM3
SIM4
1
21
22
SIM5
SIM1
SIM2
SIM3
SIM4
1
21
22
SIM5
SIM1
SIM2
SIM3
SIM4
1
21
22
SIM5
SIM1
SIM2
SIM3
SIM4
1
21
22
SIM5
SIM1
SIM2
SIM3
SIM4
1
21
22
SIM5
SIM1
SIM2
SIM3
SIM4
1
21
22
SIM5
SIM1
SIM2
SIM3
SIM4
1
21
22
SIM5
SIM1
SIM2
SIM3
SIM4
1
21
22
SIM5
SIM1
SIM2
SIM3
SIM4
1
21
22
SIM5
SIM1
SIM2
SIM3
SIM4
1
21
22
SIM5
SIM1
SIM2
SIM3
SIM4
1
21
22
SIM5
SIM1
SIM2
SIM3
SIM4
1
21
22
SIM5
SIM1
SIM2
SIM3
SIM4
1
21
22
SIM5
SIM1
SIM2
SIM3
SIM4
1
21
22
SIM5
SIM1
SIM2
SIM3
SIM4
1
21
22
SIM5
SIM1
SIM2
SIM3
SIM4
1
21
22
SIM5
SIM1
SIM2
SIM3
SIM4
1
21
22
SIM5
SIM1
SIM2
SIM3
SIM4
1
21
22
SIM5
SIM1
SIM2
SIM3
SIM4
1
21
22
SIM5
SIM1
SIM2
SIM3
SIM4
1
21
22
SIM5
SIM1
SIM2
SIM3
SIM4
1
21
22
SIM5
SIM1
SIM2
SIM3
SIM4
1
21
22
SIM5
SIM1
SIM2
SIM3
SIM4
1
21
22
SIM5
SIM1
SIM2
SIM3
SIM4
1
21
22
SIM5
SIM1
SIM2
SIM3
SIM4
1
21
22
SIM5
SIM1
SIM2
SIM3
SIM4
1
21
22
SIM5
SIM1
SIM2
SIM3
SIM4
1
21
22
SIM5
SIM1
SIM2
SIM3
SIM4
1
21
22
SIM5
SIM1
SIM2
SIM3
SIM4
1
21
22
SIM5
SIM1
SIM2
SIM3
SIM4
1
21
22
SIM5
SIM1
SIM2
SIM3
SIM4
1
21
22
SIM5
SIM1
SIM2
DEBUG 1 947
SIM1
SIM2
SIM3
SIM4
1
21
22
SIM5
SIM1
SIM2
SIM3
SIM4
1
21
22
SIM5
SIM1
SIM2
SIM3
SIM4
1
21
22
SIM5
SIM1
SIM2
SIM3
SIM4
1
21
22
SIM5
SIM1
SIM2
SIM3
SIM4
1
21
22
SIM5
SIM1
SIM2
SIM3
SIM4
1
21
22
SIM5
SIM1
SIM2
SIM3
SIM4
1
21
22
SIM5
SIM1
SIM2
SIM3
SIM4
1
21
22
SIM5
SIM1
SIM2
SIM3
SIM4
1
21
22
SIM5
SIM1
SIM2
SIM3
SIM4
1
21
22
SIM5
SIM1
SIM2
SIM3
SIM4
1
21
22
SIM5
SIM1
SIM2
SIM3
SIM4
1
21
22
SIM5
SIM1
SIM2
SIM3
SIM4
1
21
22
SIM5
SIM1
SIM2
SIM3
SIM4
1
21
22
SIM5
SIM1
SIM2
SIM3
SIM4
1
21
22
SIM5
SIM1
SIM2
SIM3
SIM4
1
21
22
SIM5
SIM1
SIM2
SIM3
SIM4
1
21
22
SIM5
SIM1
SIM2
SIM3
SIM4
1
21
22
SIM5
SIM1
SIM2
SIM3
SIM4
1
21
22
SIM5
SIM1
SIM2
SIM3
SIM4
1
21
22
SIM5
SIM1
SIM2
SIM3
SIM4
1
21
22
SIM5
SIM1
SIM2
SIM3
SIM4
1
21
22
SIM5
SIM1
SIM2
SIM3
SIM4
1
21
22
SIM5
SIM1
SIM2
SIM3
SIM4
1
21
22
SIM5
SIM1
SIM2
SIM3
SIM4
1
21
22
SIM5
SIM1
SIM2
SIM3
SIM4
1
21
22
SIM5
SIM1
SIM2
SIM3
SIM4
1
21
22
SIM5
SIM1
SIM2
SIM3
SIM4
1
21
22
SIM5
SIM1
SIM2
SIM3
SIM4
1
21
22
SIM5
SIM1
SIM2
SIM3
SIM4
1
21
22
SIM5
SIM1
SIM2
SIM3
SIM4
1
21
22
SIM5
SIM1
SIM2
SIM3
SIM4
1
21
22
SIM5
SIM1
SIM2
SIM3
SIM4
1
21
22
SIM5
SIM1
SIM2
SIM3
SIM4
1
21
22
SIM5
SIM1
SIM2
SIM3
SIM4
1
21
22
SIM5
SIM1
SIM2
SIM3
SIM4
1
21
22
SIM5
SIM1
SIM2
SIM3
SIM4
1
21
22
SIM5
SIM1
SIM2
SIM3
SIM4
1
21
22
SIM5
SIM1
SIM2
SIM3
SIM4
1
21
22
SIM5
SIM1
SIM2
SIM3
SIM4
1
21
22
SIM5
SIM1
SIM2
SIM3
SIM4
1
21
22
SIM5
SIM1
SIM2
SIM3
SIM4
1
21
22
SIM5
SIM1
SIM2
SIM3
SIM4
1
21
22
SIM5
SIM1
SIM2
SIM3
SIM4
1
21
22
SIM5
SIM1
SIM2
SIM3
SIM4
1
21
22
SIM5
SIM1
SIM2
SIM3
SIM4
1
21
22
SIM5
SIM1
SIM2
SIM3
SIM4
1
21
22
SIM5
SIM1
SIM2
SIM3
SIM4
1
21
22
SIM5
SIM1
SIM2
SIM3
SIM4
1
21
22
SIM5
SIM1
SIM2
SIM3
SIM4
1
21
22
SIM5
SIM1
SIM2
SIM3
SIM4
1
21
22
SIM5
SIM1
SIM2
SIM3
SIM4
1
21
22
SIM5
SIM1
SIM2
SIM3
SIM4
1
21
22
SIM5
SIM1
SIM2
SIM3
SIM4
1
21
22
SIM5
SIM1
SIM2
SIM3
SIM4
1
21
22
SIM5
SIM1
SIM2
SIM3
SIM4
1
21
22
SIM5
SIM1
SIM2
SIM3
SIM4
1
21
22
SIM5
SIM1
SIM2
SIM3
SIM4
1
21
22
SIM5
SIM1
SIM2
SIM3
SIM4
1
21
22
SIM5
SIM1
SIM2
SIM3
SIM4
1
21
22
SIM5
SIM1
SIM2
SIM3
SIM4
1
21
22
SIM5
SIM1
SIM2
SIM3
SIM4
1
21
22
SIM5
SIM1
SIM2
SIM3
SIM4
1
21
22
SIM5
SIM1
SIM2
SIM3
SIM4
1
21
22
SIM5
SIM1
SIM2
SIM3
SIM4
1
21
22
SIM5
SIM1
SIM2
SIM3
SIM4
1
21
22
SIM5
SIM1
SIM2
SIM3
SIM4
1
21
22
SIM5
SIM1
SIM2
SIM3
SIM4
1
21
22
SIM5
SIM1
SIM2
SIM3
SIM4
1
21
22
SIM5
SIM1
SIM2
SIM3
SIM4
1
21
22
SIM5
SIM1
SIM2
SIM3
SIM4
1
21
22
SIM5
SIM1
SIM2
SIM3
SIM4
1
21
22
SIM5
SIM1
SIM2
SIM3
SIM4
1
21
22
SIM5
SIM1
SIM2
SIM3
SIM4
1
21
22
SIM5
SIM1
SIM2
SIM3
SIM4
1
21
22
SIM5
SIM1
SIM2
SIM3
SIM4
1
21
22
SIM5
SIM1
SIM2
SIM3
SIM4
1
21
22
SIM5
SIM1
SIM2
SIM3
SIM4
1
21
22
SIM5
SIM1
SIM2
SIM3
SIM4
1
21
22
SIM5
SIM1
SIM2
SIM3
SIM4
1
21
22
SIM5
SIM1
SIM2
SIM3
SIM4
1
21
22
SIM5
SIM1
SIM2
SIM3
SIM4
1
21
22
SIM5
SIM1
SIM2
SIM3
SIM4
1
21
22
SIM5
SIM1
SIM2
SIM3
SIM4
1
21
22
SIM5
SIM1
SIM2
SIM3
SIM4
1
21
22
SIM5
SIM1
SIM2
SIM3
SIM4
1
21
22
SIM5
SIM1
SIM2
SIM3
SIM4
1
21
22
SIM5
SIM1
SIM2
SIM3
SIM4
1
21
22
SIM5
SIM1
SIM2
SIM3
SIM4
1
21
22
SIM5
SIM1
SIM2
SIM3
SIM4
1
21
22
SIM5
SIM1
SIM2
SIM3
SIM4
1
21
22
SIM5
SIM1
SIM2
SIM3
SIM4
1
21
22
SIM5
SIM1
SIM2
SIM3
SIM4
1
21
22
SIM5
SIM1
SIM2
SIM3
SIM4
1
21
22
SIM5
SIM1
SIM2
SIM3
SIM4
1
21
22
SIM5
SIM1
SIM2
SIM3
SIM4
1
21
22
SIM5
SIM1
SIM2
SIM3
SIM4
1
21
22
SIM5
SIM1
SIM2
SIM3
SIM4
1
21
22
SIM5
SIM1
SIM2
SIM3
SIM4
1
21
22
SIM5
SIM1
SIM2
SIM3
SIM4
1
21
22
SIM5
SIM1
SIM2
SIM3
SIM4
1
21
22
SIM5
SIM1
SIM2
SIM3
SIM4
1
21
22
SIM5
SIM1
SIM2
SIM3
SIM4
1
21
22
SIM5
SIM1
SIM2
DEBUG 1 948
SIM1
SIM2
SIM3
SIM4
1
21
22
SIM5
SIM1
SIM2
SIM3
SIM4
1
21
22
SIM5
SIM1
SIM2
SIM3
SIM4
1
21
22
SIM5
SIM1
SIM2
SIM3
SIM4
1
21
22
SIM5
SIM1
SIM2
SIM3
SIM4
1
21
22
SIM5
SIM1
SIM2
SIM3
SIM4
1
21
22
SIM5
SIM1
SIM2
SIM3
SIM4
1
21
22
SIM5
SIM1
SIM2
SIM3
SIM4
1
21
22
SIM5
SIM1
SIM2
SIM3
SIM4
1
21
22
SIM5
SIM1
SIM2
SIM3
SIM4
1
21
22
SIM5
SIM1
SIM2
SIM3
SIM4
1
21
22
SIM5
SIM1
SIM2
SIM3
SIM4
1
21
22
SIM5
SIM1
SIM2
SIM3
SIM4
1
21
22
SIM5
SIM1
SIM2
SIM3
SIM4
1
21
22
SIM5
SIM1
SIM2
SIM3
SIM4
1
21
22
SIM5
SIM1
SIM2
SIM3
SIM4
1
21
22
SIM5
SIM1
SIM2
SIM3
SIM4
1
21
22
SIM5
SIM1
SIM2
SIM3
SIM4
1
21
22
SIM5
SIM1
SIM2
SIM3
SIM4
1
21
22
SIM5
SIM1
SIM2
SIM3
SIM4
1
21
22
SIM5
SIM1
SIM2
SIM3
SIM4
1
21
22
SIM5
SIM1
SIM2
SIM3
SIM4
1
21
22
SIM5
SIM1
SIM2
SIM3
SIM4
1
21
22
SIM5
SIM1
SIM2
SIM3
SIM4
1
21
22
SIM5
SIM1
SIM2
SIM3
SIM4
1
21
22
SIM5
SIM1
SIM2
SIM3
SIM4
1
21
22
SIM5
SIM1
SIM2
SIM3
SIM4
1
21
22
SIM5
SIM1
SIM2
SIM3
SIM4
1
21
22
SIM5
SIM1
SIM2
SIM3
SIM4
1
21
22
SIM5
SIM1
SIM2
SIM3
SIM4
1
21
22
SIM5
SIM1
SIM2
SIM3
SIM4
1
21
22
SIM5
SIM1
SIM2
SIM3
SIM4
1
21
22
SIM5
SIM1
SIM2
SIM3
SIM4
1
21
22
SIM5
SIM1
SIM2
SIM3
SIM4
1
21
22
SIM5
SIM1
SIM2
SIM3
SIM4
1
21
22
SIM5
SIM1
SIM2
SIM3
SIM4
1
21
22
SIM5
SIM1
SIM2
SIM3
SIM4
1
21
22
SIM5
SIM1
SIM2
SIM3
SIM4
1
21
22
SIM5
SIM1
SIM2
SIM3
SIM4
1
21
22
SIM5
SIM1
SIM2
SIM3
SIM4
1
21
22
SIM5
SIM1
SIM2
SIM3
SIM4
1
21
22
SIM5
SIM1
SIM2
SIM3
SIM4
1
21
22
SIM5
SIM1
SIM2
SIM3
SIM4
1
21
22
SIM5
SIM1
SIM2
SIM3
SIM4
1
21
22
SIM5
SIM1
SIM2
SIM3
SIM4
1
21
22
SIM5
SIM1
SIM2
SIM3
SIM4
1
21
22
SIM5
SIM1
SIM2
SIM3
SIM4
1
21
22
SIM5
SIM1
SIM2
SIM3
SIM4
1
21
22
SIM5
SIM1
SIM2
SIM3
SIM4
1
21
22
SIM5
SIM1
SIM2
SIM3
SIM4
1
21
22
SIM5
SIM1
SIM2
SIM3
SIM4
1
21
22
SIM5
SIM1
SIM2
SIM3
SIM4
1
21
22
SIM5
SIM1
SIM2
SIM3
SIM4
1
21
22
SIM5
SIM1
SIM2
SIM3
SIM4
1
21
22
SIM5
SIM1
SIM2
SIM3
SIM4
1
21
22
SIM5
SIM1
SIM2
SIM3
SIM4
1
21
22
SIM5
SIM1
SIM2
SIM3
SIM4
1
21
22
SIM5
SIM1
SIM2
SIM3
SIM4
1
21
22
SIM5
SIM1
SIM2
SIM3
SIM4
1
21
22
SIM5
SIM1
SIM2
SIM3
SIM4
1
21
22
SIM5
SIM1
SIM2
SIM3
SIM4
1
21
22
SIM5
SIM1
SIM2
SIM3
SIM4
1
21
22
SIM5
SIM1
SIM2
SIM3
SIM4
1
21
22
SIM5
SIM1
SIM2
SIM3
SIM4
1
21
22
SIM5
SIM1
SIM2
SIM3
SIM4
1
21
22
SIM5
SIM1
SIM2
SIM3
SIM4
1
21
22
SIM5
SIM1
SIM2
SIM3
SIM4
1
21
22
SIM5
SIM1
SIM2
SIM3
SIM4
1
21
22
SIM5
SIM1
SIM2
SIM3
SIM4
1
21
22
SIM5
SIM1
SIM2
SIM3
SIM4
1
21
22
SIM5
SIM1
SIM2
SIM3
SIM4
1
21
22
SIM5
SIM1
SIM2
SIM3
SIM4
1
21
22
SIM5
SIM1
SIM2
SIM3
SIM4
1
21
22
SIM5
SIM1
SIM2
SIM3
SIM4
1
21
22
SIM5
SIM1
SIM2
SIM3
SIM4
1
21
22
SIM5
SIM1
SIM2
SIM3
SIM4
1
21
22
SIM5
SIM1
SIM2
SIM3
SIM4
1
21
22
SIM5
SIM1
SIM2
SIM3
SIM4
1
21
22
SIM5
SIM1
SIM2
SIM3
SIM4
1
21
22
SIM5
SIM1
SIM2
SIM3
SIM4
1
21
22
SIM5
SIM1
SIM2
SIM3
SIM4
1
21
22
SIM5
SIM1
SIM2
SIM3
SIM4
1
21
22
SIM5
SIM1
SIM2
SIM3
SIM4
1
21
22
SIM5
SIM1
SIM2
SIM3
SIM4
1
21
22
SIM5
SIM1
SIM2
SIM3
SIM4
1
21
22
SIM5
SIM1
SIM2
SIM3
SIM4
1
21
22
SIM5
SIM1
SIM2
SIM3
SIM4
1
21
22
SIM5
SIM1
SIM2
SIM3
SIM4
1
21
22
SIM5
SIM1
SIM2
SIM3
SIM4
1
21
22
SIM5
SIM1
SIM2
SIM3
SIM4
1
21
22
SIM5
SIM1
SIM2
SIM3
SIM4
1
21
22
SIM5
SIM1
SIM2
SIM3
SIM4
1
21
22
SIM5
SIM1
SIM2
SIM3
SIM4
1
21
22
SIM5
SIM1
SIM2
DEBUG 1 949
SIM1
SIM2
SIM3
SIM4
1
21
22
SIM5
SIM1
SIM2
SIM3
SIM4
1
21
22
SIM5
SIM1
SIM2
SIM3
SIM4
1
21
22
SIM5
SIM1
SIM2
SIM3
SIM4
1
21
22
SIM5
SIM1
SIM2
SIM3
SIM4
1
21
22
SIM5
SIM1
SIM2
SIM3
SIM4
1
21
22
SIM5
SIM1
SIM2
SIM3
SIM4
1
21
22
SIM5
SIM1
SIM2
SIM3
SIM4
1
21
22
SIM5
SIM1
SIM2
SIM3
SIM4
1
21
22
SIM5
SIM1
SIM2
SIM3
SIM4
1
21
22
SIM5
SIM1
SIM2
SIM3
SIM4
1
21
22
SIM5
SIM1
SIM2
SIM3
SIM4
1
21
22
SIM5
SIM1
SIM2
SIM3
SIM4
1
21
22
SIM5
SIM1
SIM2
SIM3
SIM4
1
21
22
SIM5
SIM1
SIM2
SIM3
SIM4
1
21
22
SIM5
SIM1
SIM2
SIM3
SIM4
1
21
22
SIM5
SIM1
SIM2
SIM3
SIM4
1
21
22
SIM5
SIM1
SIM2
SIM3
SIM4
1
21
22
SIM5
SIM1
SIM2
SIM3
SIM4
1
21
22
SIM5
SIM1
SIM2
SIM3
SIM4
1
21
22
SIM5
SIM1
SIM2
SIM3
SIM4
1
21
22
SIM5
SIM1
SIM2
SIM3
SIM4
1
21
22
SIM5
SIM1
SIM2
SIM3
SIM4
1
21
22
SIM5
SIM1
SIM2
SIM3
SIM4
1
21
22
SIM5
SIM1
SIM2
SIM3
SIM4
1
21
22
SIM5
SIM1
SIM2
SIM3
SIM4
1
21
22
SIM5
SIM1
SIM2
SIM3
SIM4
1
21
22
SIM5
SIM1
SIM2
SIM3
SIM4
1
21
22
SIM5
SIM1
SIM2
SIM3
SIM4
1
21
22
SIM5
SIM1
SIM2
SIM3
SIM4
1
21
22
SIM5
SIM1
SIM2
SIM3
SIM4
1
21
22
SIM5
SIM1
SIM2
SIM3
SIM4
1
21
22
SIM5
SIM1
SIM2
SIM3
SIM4
1
21
22
SIM5
SIM1
SIM2
SIM3
SIM4
1
21
22
SIM5
SIM1
SIM2
SIM3
SIM4
1
21
22
SIM5
SIM1
SIM2
SIM3
SIM4
1
21
22
SIM5
SIM1
SIM2
SIM3
SIM4
1
21
22
SIM5
SIM1
SIM2
SIM3
SIM4
1
21
22
SIM5
SIM1
SIM2
SIM3
SIM4
1
21
22
SIM5
SIM1
SIM2
SIM3
SIM4
1
21
22
SIM5
SIM1
SIM2
SIM3
SIM4
1
21
22
SIM5
SIM1
SIM2
SIM3
SIM4
1
21
22
SIM5
SIM1
SIM2
SIM3
SIM4
1
21
22
SIM5
SIM1
SIM2
SIM3
SIM4
1
21
22
SIM5
SIM1
SIM2
SIM3
SIM4
1
21
22
SIM5
SIM1
SIM2
SIM3
SIM4
1
21
22
SIM5
SIM1
SIM2
SIM3
SIM4
1
21
22
SIM5
SIM1
SIM2
SIM3
SIM4
1
21
22
SIM5
SIM1
SIM2
SIM3
SIM4
1
21
22
SIM5
SIM1
SIM2
SIM3
SIM4
1
21
22
SIM5
SIM1
SIM2
SIM3
SIM4
1
21
22
SIM5
SIM1
SIM2
SIM3
SIM4
1
21
22
SIM5
SIM1
SIM2
SIM3
SIM4
1
21
22
SIM5
SIM1
SIM2
SIM3
SIM4
1
21
22
SIM5
SIM1
SIM2
SIM3
SIM4
1
21
22
SIM5
SIM1
SIM2
SIM3
SIM4
1
21
22
SIM5
SIM1
SIM2
SIM3
SIM4
1
21
22
SIM5
SIM1
SIM2
SIM3
SIM4
1
21
22
SIM5
SIM1
SIM2
SIM3
SIM4
1
21
22
SIM5
SIM1
SIM2
SIM3
SIM4
1
21
22
SIM5
SIM1
SIM2
SIM3
SIM4
1
21
22
SIM5
SIM1
SIM2
SIM3
SIM4
1
21
22
SIM5
SIM1
SIM2
SIM3
SIM4
1
21
22
SIM5
SIM1
SIM2
SIM3
SIM4
1
21
22
SIM5
SIM1
SIM2
SIM3
SIM4
1
21
22
SIM5
SIM1
SIM2
SIM3
SIM4
1
21
22
SIM5
SIM1
SIM2
SIM3
SIM4
1
21
22
SIM5
SIM1
SIM2
SIM3
SIM4
1
21
22
SIM5
SIM1
SIM2
SIM3
SIM4
1
21
22
SIM5
SIM1
SIM2
SIM3
SIM4
1
21
22
SIM5
SIM1
SIM2
SIM3
SIM4
1
21
22
SIM5
SIM1
SIM2
SIM3
SIM4
1
21
22
SIM5
SIM1
SIM2
SIM3
SIM4
1
21
22
SIM5
SIM1
SIM2
SIM3
SIM4
1
21
22
SIM5
SIM1
SIM2
SIM3
SIM4
1
21
22
SIM5
SIM1
SIM2
SIM3
SIM4
1
21
22
SIM5
SIM1
SIM2
SIM3
SIM4
1
21
22
SIM5
SIM1
SIM2
SIM3
SIM4
1
21
22
SIM5
SIM1
SIM2
SIM3
SIM4
1
21
22
SIM5
SIM1
SIM2
SIM3
SIM4
1
21
22
SIM5
SIM1
SIM2
SIM3
SIM4
1
21
22
SIM5
SIM1
SIM2
SIM3
SIM4
1
21
22
SIM5
SIM1
SIM2
SIM3
SIM4
1
21
22
SIM5
SIM1
SIM2
SIM3
SIM4
1
21
22
SIM5
SIM1
SIM2
SIM3
SIM4
1
21
22
SIM5
SIM1
SIM2
SIM3
SIM4
1
21
22
SIM5
SIM1
SIM2
SIM3
SIM4
1
21
22
SIM5
SIM1
SIM2
SIM3
SIM4
1
21
22
SIM5
SIM1
SIM2
SIM3
SIM4
1
21
22
SIM5
SIM1
SIM2
SIM3
SIM4
1
21
22
SIM5
SIM1
SIM2
SIM3
SIM4
1
21
22
SIM5
SIM1
SIM2
SIM3
SIM4
1
21
22
SIM5
SIM1
SIM2
SIM3
SIM4
1
21
22
SIM5
SIM1
SIM2
SIM3
SIM4
1
21
22
SIM5
SIM1
SIM2
SIM3
SIM4
1
21
22
SIM5
SIM1
SIM2
SIM3
SIM4
1
21
22
SIM5
SIM1
SIM2
SIM3
SIM4
1
21
22
SIM5
SIM1
SIM2
SIM3
SIM4
1
21
22
SIM5
SIM1
SIM2
SIM3
SIM4
1
21
22
SIM5
SIM1
SIM2
SIM3
SIM4
1
21
22
SIM5
SIM1
SIM2
SIM3
SIM4
1
21
22
SIM5
SIM1
SIM2
SIM3
SIM4
1
21
22
SIM5
SIM1
SIM2
SIM3
SIM4
1
21
22
SIM5
SIM1
SIM2
SIM3
SIM4
1
21
22
SIM5
SIM1
SIM2
SIM3
SIM4
1
21
22
SIM5
SIM1
SIM2
SIM3
SIM4
1
21
22
SIM5
SIM1
SIM2
SIM3
SIM4
1
21
22
SIM5
SIM1
SIM2
SIM3
SIM4
1
21
22
SIM5
SIM1
SIM2
SIM3
SIM4
1
21
22
SIM5
SIM1
SIM2
SIM3
SIM4
1
21
22
SIM5
SIM1
SIM2
SIM3
SIM4
1
21
22
SIM5
SIM1
SIM2
SIM3
SIM4
1
21
22
SIM5
SIM1
SIM2
SIM3
SIM4
1
21
22
SIM5
SIM1
SIM2
SIM3
SIM4
1
21
22
SIM5
SIM1
SIM2
SIM3
SIM4
1
21
22
SIM5
SIM1
SIM2
SIM3
SIM4
1
21
22
SIM5
SIM1
SIM2
SIM3
SIM4
1
21
22
SIM5
SIM1
SIM2
SIM3
SIM4
1
21
22
SIM5
SIM1
SIM2
SIM3
SIM4
1
21
22
SIM5
SIM1
SIM2
SIM3
SIM4
1
21
22
SIM5
SIM1
SIM2
SIM3
SIM4
1
21
22
SIM5
SIM1
SIM2
SIM3
SIM4
1
21
22
SIM5
SIM1
SIM2
SIM3
SIM4
1
21
22
SIM5
SIM1
SIM2
SIM3
SIM4
1
21
22
SIM5
SIM1
SIM2
SIM3
SIM4
1
21
22
SIM5
SIM1
SIM2
SIM3
SIM4
1
21
22
SIM5
SIM1
SIM2
SIM3
SIM4
1
21
22
SIM5
SIM1
SIM2
SIM3
SIM4
1
21
22
SIM5
SIM1
SIM2
SIM3
SIM4
1
21
22
SIM5
SIM1
SIM2
SIM3
SIM4
1
21
22
SIM5
SIM1
SIM2
SIM3
SIM4
1
21
22
SIM5
SIM1
SIM2
SIM3
SIM4
1
21
22
SIM5
SIM1
SIM2
SIM3
SIM4
1
21
22
SIM5
SIM1
SIM2
SIM3
SIM4
1
21
22
SIM5
SIM1
SIM2
SIM3
SIM4
1
21
22
SIM5
SIM1
SIM2
SIM3
SIM4
1
21
22
SIM5
SIM1
SIM2
SIM3
SIM4
1
21
22
SIM5
SIM1
SIM2
SIM3
SIM4
1
21
22
SIM5
SIM1
SIM2
SIM3
SIM4
1
21
22
SIM5
SIM1
SIM2
SIM3
SIM4
1
21
22
SIM5
SIM1
SIM2
SIM3
SIM4
1
21
22
SIM5
SIM1
SIM2
SIM3
SIM4
1
21
22
SIM5
SIM1
SIM2
SIM3
SIM4
1
21
22
SIM5
SIM1
SIM2
SIM3
SIM4
1
21
22
SIM5
SIM1
SIM2
SIM3
SIM4
1
21
22
SIM5
SIM1
SIM2
SIM3
SIM4
1
21
22
SIM5
SIM1
SIM2
SIM3
SIM4
1
21
22
SIM5
SIM1
SIM2
SIM3
SIM4
1
21
22
SIM5
SIM1
SIM2
SIM3
SIM4
1
21
22
SIM5
SIM1
SIM2
SIM3
SIM4
1
21
22
SIM5
SIM1
SIM2
SIM3
SIM4
1
21
22
SIM5
SIM1
SIM2
SIM3
SIM4
1
21
22
SIM5
SIM1
SIM2
SIM3
SIM4
1
21
22
SIM5
SIM1
SIM2
SIM3
SIM4
1
21
22
SIM5
SIM1
SIM2
SIM3
SIM4
1
21
22
SIM5
SIM1
SIM2
SIM3
SIM4
1
21
22
SIM5
SIM1
SIM2
SIM3
SIM4
1
21
22
SIM5
SIM1
SIM2
SIM3
SIM4
1
21
22
SIM5
SIM1
SIM2
SIM3
SIM4
1
21
22
SIM5
SIM1
SIM2
SIM3
SIM4
1
21
22
SIM5
SIM1
SIM2
SIM3
SIM4
1
21
22
SIM5
SIM1
SIM2
SIM3
SIM4
1
21
22
SIM5
SIM1
SIM2
SIM3
SIM4
1
21
22
SIM5
SIM1
SIM2
SIM3
SIM4
1
21
22
SIM5
SIM1
SIM2
SIM3
SIM4
1
21
22
SIM5
SIM1
SIM2
SIM3
SIM4
1
21
22
SIM5
SIM1
SIM2
SIM3
SIM4
1
21
22
SIM5
SIM1
SIM2
SIM3
SIM4
1
21
22
SIM5
SIM1
SIM2
SIM3
SIM4
1
21
22
SIM5
SIM1
SIM2
SIM3
SIM4
1
21
22
SIM5
SIM1
SIM2
SIM3
SIM4
1
21
22
SIM5
SIM1
SIM2
SIM3
SIM4
1
21
22
SIM5
SIM1
SIM2
SIM3
SIM4
1
21
22
SIM5
SIM1
SIM2
SIM3
SIM4
1
21
22
SIM5
SIM1
SIM2
SIM3
SIM4
1
21
22
SIM5
SIM1
SIM2
SIM3
SIM4
1
21
22
SIM5
SIM1
SIM2
SIM3
SIM4
1
21
22
SIM5
SIM1
SIM2
SIM3
SIM4
1
21
22
SIM5
SIM1
SIM2
SIM3
SIM4
1
21
22
SIM5
SIM1
SIM2
SIM3
SIM4
1
21
22
SIM5
SIM1
SIM2
SIM3
SIM4
1
21
22
SIM5
SIM1
SIM2
SIM3
SIM4
1
21
22
SIM5
SIM1
SIM2
SIM3
SIM4
1
21
22
SIM5
SIM1
SIM2
SIM3
SIM4
1
21
22
SIM5
SIM1
SIM2
SIM3
SIM4
1
21
22
SIM5
SIM1
SIM2
SIM3
SIM4
1
21
22
SIM5
SIM1
SIM2
SIM3
SIM4
1
21
22
SIM5
SIM1
SIM2
SIM3
SIM4
1
21
22
SIM5
SIM1
SIM2
SIM3
SIM4
1
21
22
SIM5
SIM1
SIM2
SIM3
SIM4
1
21
22
SIM5
SIM1
SIM2
SIM3
SIM4
1
21
22
SIM5
SIM1
SIM2
SIM3
SIM4
1
21
22
SIM5
SIM1
SIM2
SIM3
SIM4
1
21
22
SIM5
SIM1
SIM2
SIM3
SIM4
1
21
22
SIM5
SIM1
SIM2
SIM3
SIM4
1
21
22
SIM5
SIM1
SIM2
SIM3
SIM4
1
21
22
SIM5
SIM1
SIM2
SIM3
SIM4
1
21
22
SIM5
SIM1
SIM2
SIM3
SIM4
1
21
22
SIM5
SIM1
SIM2
SIM3
SIM4
1
21
22
SIM5
SIM1
SIM2
SIM3
SIM4
1
21
22
SIM5
SIM1
SIM2
SIM3
SIM4
1
21
22
SIM5
SIM1
SIM2
SIM3
SIM4
1
21
22
SIM5
SIM1
SIM2
SIM3
SIM4
1
21
22
SIM5
SIM1
SIM2
SIM3
SIM4
1
21
22
SIM5
SIM1
SIM2
SIM3
SIM4
1
21
22
SIM5
SIM1
SIM2
SIM3
SIM4
1
21
22
SIM5
SIM1
SIM2
SIM3
SIM4
1
21
22
SIM5
SIM1
SIM2
SIM3
SIM4
1
21
22
SIM5
SIM1
SIM2
SIM3
SIM4
1
21
22
SIM5
SIM1
SIM2
SIM3
SIM4
1
21
22
SIM5
SIM1
SIM2
SIM3
SIM4
1
21
22
SIM5
SIM1
SIM2
SIM3
SIM4
1
21
22
SIM5
SIM1
SIM2
SIM3
SIM4
1
21
22
SIM5
SIM1
SIM2
SIM3
SIM4
1
21
22
SIM5
SIM1
SIM2
SIM3
SIM4
1
21
22
SIM5
SIM1
SIM2
SIM3
SIM4
1
21
22
SIM5
SIM1
SIM2
SIM3
SIM4
1
21
22
SIM5
SIM1
SIM2
SIM3
SIM4
1
21
22
SIM5
SIM1
SIM2
SIM3
SIM4
1
21
22
SIM5
SIM1
SIM2
SIM3
SIM4
1
21
22
SIM5
SIM1
SIM2
SIM3
SIM4
1
21
22
SIM5
SIM1
SIM2
SIM3
SIM4
1
21
22
SIM5
SIM1
SIM2
SIM3
SIM4
1
21
22
SIM5
SIM1
SIM2
SIM3
SIM4
1
21
22
SIM5
SIM1
SIM2
SIM3
SIM4
1
21
22
SIM5
SIM1
SIM2
SIM3
SIM4
1
21
22
SIM5
SIM1
SIM2
SIM3
SIM4
1
21
22
SIM5
SIM1
SIM2
DEBUG 1 950
SIM1
SIM2
SIM3
SIM4
1
21
22
SIM5
SIM1
SIM2
SIM3
SIM4
1
21
22
SIM5
SIM1
SIM2
SIM3
SIM4
1
21
22
SIM5
SIM1
SIM2
SIM3
SIM4
1
21
22
SIM5
SIM1
SIM2
SIM3
SIM4
1
21
22
SIM5
SIM1
SIM2
SIM3
SIM4
1
21
22
SIM5
SIM1
SIM2
SIM3
SIM4
1
21
22
SIM5
SIM1
SIM2
SIM3
SIM4
1
21
22
SIM5
SIM1
SIM2
SIM3
SIM4
1
21
22
SIM5
SIM1
SIM2
SIM3
SIM4
1
21
22
SIM5
SIM1
SIM2
SIM3
SIM4
1
21
22
SIM5
SIM1
SIM2
SIM3
SIM4
1
21
22
SIM5
SIM1
SIM2
SIM3
SIM4
1
21
22
SIM5
SIM1
SIM2
SIM3
SIM4
1
21
22
SIM5
SIM1
SIM2
SIM3
SIM4
1
21
22
SIM5
SIM1
SIM2
SIM3
SIM4
1
21
22
SIM5
SIM1
SIM2
SIM3
SIM4
1
21
22
SIM5
SIM1
SIM2
SIM3
SIM4
1
21
22
SIM5
SIM1
SIM2
SIM3
SIM4
1
21
22
SIM5
SIM1
SIM2
SIM3
SIM4
1
21
22
SIM5
SIM1
SIM2
SIM3
SIM4
1
21
22
SIM5
SIM1
SIM2
SIM3
SIM4
1
21
22
SIM5
SIM1
SIM2
SIM3
SIM4
1
21
22
SIM5
SIM1
SIM2
SIM3
SIM4
1
21
22
SIM5
SIM1
SIM2
SIM3
SIM4
1
21
22
SIM5
SIM1
SIM2
SIM3
SIM4
1
21
22
SIM5
SIM1
SIM2
SIM3
SIM4
1
21
22
SIM5
SIM1
SIM2
SIM3
SIM4
1
21
22
SIM5
SIM1
SIM2
SIM3
SIM4
1
21
22
SIM5
SIM1
SIM2
SIM3
SIM4
1
21
22
SIM5
SIM1
SIM2
SIM3
SIM4
1
21
22
SIM5
SIM1
SIM2
SIM3
SIM4
1
21
22
SIM5
SIM1
SIM2
SIM3
SIM4
1
21
22
SIM5
SIM1
SIM2
SIM3
SIM4
1
21
22
SIM5
SIM1
SIM2
SIM3
SIM4
1
21
22
SIM5
SIM1
SIM2
SIM3
SIM4
1
21
22
SIM5
SIM1
SIM2
SIM3
SIM4
1
21
22
SIM5
SIM1
SIM2
SIM3
SIM4
1
21
22
SIM5
SIM1
SIM2
SIM3
SIM4
1
21
22
SIM5
SIM1
SIM2
SIM3
SIM4
1
21
22
SIM5
SIM1
SIM2
SIM3
SIM4
1
21
22
SIM5
SIM1
SIM2
SIM3
SIM4
1
21
22
SIM5
SIM1
SIM2
SIM3
SIM4
1
21
22
SIM5
SIM1
SIM2
SIM3
SIM4
1
21
22
SIM5
SIM1
SIM2
SIM3
SIM4
1
21
22
SIM5
SIM1
SIM2
SIM3
SIM4
1
21
22
SIM5
SIM1
SIM2
SIM3
SIM4
1
21
22
SIM5
SIM1
SIM2
SIM3
SIM4
1
21
22
SIM5
SIM1
SIM2
SIM3
SIM4
1
21
22
SIM5
SIM1
SIM2
SIM3
SIM4
1
21
22
SIM5
SIM1
SIM2
SIM3
SIM4
1
21
22
SIM5
SIM1
SIM2
SIM3
SIM4
1
21
22
SIM5
SIM1
SIM2
SIM3
SIM4
1
21
22
SIM5
SIM1
SIM2
SIM3
SIM4
1
21
22
SIM5
SIM1
SIM2
SIM3
SIM4
1
21
22
SIM5
SIM1
SIM2
SIM3
SIM4
1
21
22
SIM5
SIM1
SIM2
SIM3
SIM4
1
21
22
SIM5
SIM1
SIM2
SIM3
SIM4
1
21
22
SIM5
SIM1
SIM2
SIM3
SIM4
1
21
22
SIM5
SIM1
SIM2
SIM3
SIM4
1
21
22
SIM5
SIM1
SIM2
SIM3
SIM4
1
21
22
SIM5
SIM1
SIM2
SIM3
SIM4
1
21
22
SIM5
SIM1
SIM2
SIM3
SIM4
1
21
22
SIM5
SIM1
SIM2
SIM3
SIM4
1
21
22
SIM5
SIM1
SIM2
SIM3
SIM4
1
21
22
SIM5
SIM1
SIM2
SIM3
SIM4
1
21
22
SIM5
SIM1
SIM2
SIM3
SIM4
1
21
22
SIM5
SIM1
SIM2
SIM3
SIM4
1
21
22
SIM5
SIM1
SIM2
SIM3
SIM4
1
21
22
SIM5
SIM1
SIM2
SIM3
SIM4
1
21
22
SIM5
SIM1
SIM2
SIM3
SIM4
1
21
22
SIM5
SIM1
SIM2
SIM3
SIM4
1
21
22
SIM5
SIM1
SIM2
SIM3
SIM4
1
21
22
SIM5
SIM1
SIM2
SIM3
SIM4
1
21
22
SIM5
SIM1
SIM2
SIM3
SIM4
1
21
22
SIM5
SIM1
SIM2
SIM3
SIM4
1
21
22
SIM5
SIM1
SIM2
SIM3
SIM4
1
21
22
SIM5
SIM1
SIM2
SIM3
SIM4
1
21
22
SIM5
SIM1
SIM2
SIM3
SIM4
1
21
22
SIM5
SIM1
SIM2
SIM3
SIM4
1
21
22
SIM5
SIM1
SIM2
SIM3
SIM4
1
21
22
SIM5
SIM1
SIM2
SIM3
SIM4
1
21
22
SIM5
SIM1
SIM2
SIM3
SIM4
1
21
22
SIM5
SIM1
SIM2
SIM3
SIM4
1
21
22
SIM5
SIM1
SIM2
SIM3
SIM4
1
21
22
SIM5
SIM1
SIM2
SIM3
SIM4
1
21
22
SIM5
SIM1
SIM2
SIM3
SIM4
1
21
22
SIM5
SIM1
SIM2
SIM3
SIM4
1
21
22
SIM5
SIM1
SIM2
SIM3
SIM4
1
21
22
SIM5
SIM1
SIM2
SIM3
SIM4
1
21
22
SIM5
SIM1
SIM2
SIM3
SIM4
1
21
22
SIM5
SIM1
SIM2
SIM3
SIM4
1
21
22
SIM5
SIM1
SIM2
SIM3
SIM4
1
21
22
SIM5
SIM1
SIM2
SIM3
SIM4
1
21
22
SIM5
SIM1
SIM2
SIM3
SIM4
1
21
22
SIM5
SIM1
SIM2
SIM3
SIM4
1
21
22
SIM5
SIM1
SIM2
SIM3
SIM4
1
21
22
SIM5
SIM1
SIM2
SIM3
SIM4
1
21
22
SIM5
SIM1
SIM2
SIM3
SIM4
1
21
22
SIM5
SIM1
SIM2
SIM3
SIM4
1
21
22
SIM5
SIM1
SIM2
SIM3
SIM4
1
21
22
SIM5
SIM1
SIM2
SIM3
SIM4
1
21
22
SIM5
SIM1
SIM2
SIM3
SIM4
1
21
22
SIM5
SIM1
SIM2
SIM3
SIM4
1
21
22
SIM5
SIM1
SIM2
SIM3
SIM4
1
21
22
SIM5
SIM1
SIM2
SIM3
SIM4
1
21
22
SIM5
SIM1
SIM2
SIM3
SIM4
1
21
22
SIM5
SIM1
SIM2
SIM3
SIM4
1
21
22
SIM5
SIM1
SIM2
SIM3
SIM4
1
21
22
SIM5
SIM1
SIM2
SIM3
SIM4
1
21
22
SIM5
SIM1
SIM2
SIM3
SIM4
1
21
22
SIM5
SIM1
SIM2
SIM3
SIM4
1
21
22
SIM5
SIM1
SIM2
SIM3
SIM4
1
21
22
SIM5
SIM1
SIM2
SIM3
SIM4
1
21
22
SIM5
SIM1
SIM2
SIM3
SIM4
1
21
22
SIM5
SIM1
SIM2
SIM3
SIM4
1
21
22
SIM5
SIM1
SIM2
SIM3
SIM4
1
21
22
SIM5
SIM1
SIM2
SIM3
SIM4
1
21
22
SIM5
SIM1
SIM2
SIM3
SIM4
1
21
22
SIM5
SIM1
SIM2
SIM3
SIM4
1
21
22
SIM5
SIM1
SIM2
SIM3
SIM4
1
21
22
SIM5
SIM1
SIM2
SIM3
SIM4
1
21
22
SIM5
SIM1
SIM2
SIM3
SIM4
1
21
22
SIM5
SIM1
SIM2
SIM3
SIM4
1
21
22
SIM5
SIM1
SIM2
SIM3
SIM4
1
21
22
SIM5
SIM1
SIM2
SIM3
SIM4
1
21
22
SIM5
SIM1
SIM2
SIM3
SIM4
1
21
22
SIM5
SIM1
SIM2
SIM3
SIM4
1
21
22
SIM5
SIM1
SIM2
SIM3
SIM4
1
21
22
SIM5
SIM1
SIM2
SIM3
SIM4
1
21
22
SIM5
SIM1
SIM2
SIM3
SIM4
1
21
22
SIM5
SIM1
SIM2
SIM3
SIM4
1
21
22
SIM5
SIM1
SIM2
SIM3
SIM4
1
21
22
SIM5
SIM1
SIM2
SIM3
SIM4
1
21
22
SIM5
SIM1
SIM2
SIM3
SIM4
1
21
22
SIM5
SIM1
SIM2
SIM3
SIM4
1
21
22
SIM5
SIM1
SIM2
SIM3
SIM4
1
21
22
SIM5
SIM1
SIM2
SIM3
SIM4
1
21
22
SIM5
SIM1
SIM2
SIM3
SIM4
1
21
22
SIM5
SIM1
SIM2
SIM3
SIM4
1
21
22
SIM5
SIM1
SIM2
SIM3
SIM4
1
21
22
SIM5
SIM1
SIM2
SIM3
SIM4
1
21
22
SIM5
SIM1
SIM2
SIM3
SIM4
1
21
22
SIM5
SIM1
SIM2
SIM3
SIM4
1
21
22
SIM5
SIM1
SIM2
SIM3
SIM4
1
21
22
SIM5
SIM1
SIM2
SIM3
SIM4
1
21
22
SIM5
SIM1
SIM2
SIM3
SIM4
1
21
22
SIM5
SIM1
SIM2
SIM3
SIM4
1
21
22
SIM5
SIM1
SIM2
SIM3
SIM4
1
21
22
SIM5
SIM1
SIM2
SIM3
SIM4
1
21
22
SIM5
SIM1
SIM2
SIM3
SIM4
1
21
22
SIM5
SIM1
SIM2
SIM3
SIM4
1
21
22
SIM5
SIM1
SIM2
SIM3
SIM4
1
21
22
SIM5
SIM1
SIM2
SIM3
SIM4
1
21
22
SIM5
SIM1
SIM2
SIM3
SIM4
1
21
22
SIM5
SIM1
SIM2
SIM3
SIM4
1
21
22
SIM5
SIM1
SIM2
SIM3
SIM4
1
21
22
SIM5
SIM1
SIM2
SIM3
SIM4
1
21
22
SIM5
SIM1
SIM2
SIM3
SIM4
1
21
22
SIM5
SIM1
SIM2
SIM3
SIM4
1
21
22
SIM5
SIM1
SIM2
SIM3
SIM4
1
21
22
SIM5
SIM1
SIM2
SIM3
SIM4
1
21
22
SIM5
SIM1
SIM2
SIM3
SIM4
1
21
22
SIM5
SIM1
SIM2
SIM3
SIM4
1
21
22
SIM5
SIM1
SIM2
SIM3
SIM4
1
21
22
SIM5
SIM1
SIM2
SIM3
SIM4
1
21
22
SIM5
SIM1
SIM2
SIM3
SIM4
1
21
22
SIM5
SIM1
SIM2
SIM3
SIM4
1
21
22
SIM5
SIM1
SIM2
SIM3
SIM4
1
21
22
SIM5
SIM1
SIM2
SIM3
SIM4
1
21
22
SIM5
SIM1
SIM2
SIM3
SIM4
1
21
22
SIM5
SIM1
SIM2
SIM3
SIM4
1
21
22
SIM5
SIM1
SIM2
SIM3
SIM4
1
21
22
SIM5
SIM1
SIM2
SIM3
SIM4
1
21
22
SIM5
SIM1
SIM2
SIM3
SIM4
1
21
22
SIM5
SIM1
SIM2
SIM3
SIM4
1
21
22
SIM5
SIM1
SIM2
SIM3
SIM4
1
21
22
SIM5
SIM1
SIM2
SIM3
SIM4
1
21
22
SIM5
SIM1
SIM2
SIM3
SIM4
1
21
22
SIM5
SIM1
SIM2
SIM3
SIM4
1
21
22
SIM5
SIM1
SIM2
SIM3
SIM4
1
21
22
SIM5
SIM1
SIM2
SIM3
SIM4
1
21
22
SIM5
SIM1
SIM2
SIM3
SIM4
1
21
22
SIM5
SIM1
SIM2
SIM3
SIM4
1
21
22
SIM5
SIM1
SIM2
SIM3
SIM4
1
21
22
SIM5
SIM1
SIM2
SIM3
SIM4
1
21
22
SIM5
SIM1
SIM2
SIM3
SIM4
1
21
22
SIM5
SIM1
SIM2
SIM3
SIM4
1
21
22
SIM5
SIM1
SIM2
SIM3
SIM4
1
21
22
SIM5
SIM1
SIM2
SIM3
SIM4
1
21
22
SIM5
SIM1
SIM2
SIM3
SIM4
1
21
22
SIM5
SIM1
SIM2
SIM3
SIM4
1
21
22
SIM5
SIM1
SIM2
SIM3
SIM4
1
21
22
SIM5
SIM1
SIM2
SIM3
SIM4
1
21
22
SIM5
SIM1
SIM2
SIM3
SIM4
1
21
22
SIM5
SIM1
SIM2
SIM3
SIM4
1
21
22
SIM5
SIM1
SIM2
SIM3
SIM4
1
21
22
SIM5
SIM1
SIM2
SIM3
SIM4
1
21
22
SIM5
SIM1
SIM2
SIM3
SIM4
1
21
22
SIM5
SIM1
SIM2
SIM3
SIM4
1
21
22
SIM5
SIM1
SIM2
SIM3
SIM4
1
21
22
SIM5
SIM1
SIM2
SIM3
SIM4
1
21
22
SIM5
SIM1
SIM2
SIM3
SIM4
1
21
22
SIM5
SIM1
SIM2
SIM3
SIM4
1
21
22
SIM5
SIM1
SIM2
SIM3
SIM4
1
21
22
SIM5
SIM1
SIM2
SIM3
SIM4
1
21
22
SIM5
SIM1
SIM2
SIM3
SIM4
1
21
22
SIM5
SIM1
SIM2
SIM3
SIM4
1
21
22
SIM5
SIM1
SIM2
SIM3
SIM4
1
21
22
SIM5
SIM1
SIM2
SIM3
SIM4
1
21
22
SIM5
SIM1
SIM2
SIM3
SIM4
1
21
22
SIM5
SIM1
SIM2
SIM3
SIM4
1
21
22
SIM5
SIM1
SIM2
SIM3
SIM4
1
21
22
SIM5
SIM1
SIM2
SIM3
SIM4
1
21
22
SIM5
SIM1
SIM2
SIM3
SIM4
1
21
22
SIM5
SIM1
SIM2
SIM3
SIM4
1
21
22
SIM5
SIM1
SIM2
SIM3
SIM4
1
21
22
SIM5
SIM1
SIM2
SIM3
SIM4
1
21
22
SIM5
SIM1
SIM2
SIM3
SIM4
1
21
22
SIM5
SIM1
SIM2
SIM3
SIM4
1
21
22
SIM5
SIM1
SIM2
DEBUG 1 951
SIM1
SIM2
SIM3
SIM4
1
21
22
SIM5
SIM1
SIM2
SIM3
SIM4
1
21
22
SIM5
SIM1
SIM2
SIM3
SIM4
1
21
22
SIM5
SIM1
SIM2
SIM3
SIM4
1
21
22
SIM5
SIM1
SIM2
SIM3
SIM4
1
21
22
SIM5
SIM1
SIM2
SIM3
SIM4
1
21
22
SIM5
SIM1
SIM2
SIM3
SIM4
1
21
22
SIM5
SIM1
SIM2
SIM3
SIM4
1
21
22
SIM5
SIM1
SIM2
SIM3
SIM4
1
21
22
SIM5
SIM1
SIM2
SIM3
SIM4
1
21
22
SIM5
SIM1
SIM2
SIM3
SIM4
1
21
22
SIM5
SIM1
SIM2
SIM3
SIM4
1
21
22
SIM5
SIM1
SIM2
SIM3
SIM4
1
21
22
SIM5
SIM1
SIM2
SIM3
SIM4
1
21
22
SIM5
SIM1
SIM2
SIM3
SIM4
1
21
22
SIM5
SIM1
SIM2
SIM3
SIM4
1
21
22
SIM5
SIM1
SIM2
SIM3
SIM4
1
21
22
SIM5
SIM1
SIM2
SIM3
SIM4
1
21
22
SIM5
SIM1
SIM2
SIM3
SIM4
1
21
22
SIM5
SIM1
SIM2
SIM3
SIM4
1
21
22
SIM5
SIM1
SIM2
SIM3
SIM4
1
21
22
SIM5
SIM1
SIM2
DEBUG 1 952
SIM1
SIM2
SIM3
SIM4
1
21
22
SIM5
SIM1
SIM2
SIM3
SIM4
1
21
22
SIM5
SIM1
SIM2
SIM3
SIM4
1
21
22
SIM5
SIM1
SIM2
SIM3
SIM4
1
21
22
SIM5
SIM1
SIM2
SIM3
SIM4
1
21
22
SIM5
SIM1
SIM2
SIM3
SIM4
1
21
22
SIM5
SIM1
SIM2
SIM3
SIM4
1
21
22
SIM5
SIM1
SIM2
SIM3
SIM4
1
21
22
SIM5
SIM1
SIM2
SIM3
SIM4
1
21
22
SIM5
SIM1
SIM2
SIM3
SIM4
1
21
22
SIM5
SIM1
SIM2
SIM3
SIM4
1
21
22
SIM5
SIM1
SIM2
SIM3
SIM4
1
21
22
SIM5
SIM1
SIM2
SIM3
SIM4
1
21
22
SIM5
SIM1
SIM2
SIM3
SIM4
1
21
22
SIM5
SIM1
SIM2
SIM3
SIM4
1
21
22
SIM5
SIM1
SIM2
SIM3
SIM4
1
21
22
SIM5
SIM1
SIM2
SIM3
SIM4
1
21
22
SIM5
SIM1
SIM2
SIM3
SIM4
1
21
22
SIM5
SIM1
SIM2
SIM3
SIM4
1
21
22
SIM5
SIM1
SIM2
SIM3
SIM4
1
21
22
SIM5
SIM1
SIM2
SIM3
SIM4
1
21
22
SIM5
SIM1
SIM2
SIM3
SIM4
1
21
22
SIM5
SIM1
SIM2
SIM3
SIM4
1
21
22
SIM5
SIM1
SIM2
SIM3
SIM4
1
21
22
SIM5
SIM1
SIM2
SIM3
SIM4
1
21
22
SIM5
SIM1
SIM2
SIM3
SIM4
1
21
22
SIM5
SIM1
SIM2
SIM3
SIM4
1
21
22
SIM5
SIM1
SIM2
SIM3
SIM4
1
21
22
SIM5
SIM1
SIM2
SIM3
SIM4
1
21
22
SIM5
SIM1
SIM2
SIM3
SIM4
1
21
22
SIM5
SIM1
SIM2
SIM3
SIM4
1
21
22
SIM5
SIM1
SIM2
SIM3
SIM4
1
21
22
SIM5
SIM1
SIM2
SIM3
SIM4
1
21
22
SIM5
SIM1
SIM2
SIM3
SIM4
1
21
22
SIM5
SIM1
SIM2
SIM3
SIM4
1
21
22
SIM5
SIM1
SIM2
SIM3
SIM4
1
21
22
SIM5
SIM1
SIM2
SIM3
SIM4
1
21
22
SIM5
SIM1
SIM2
SIM3
SIM4
1
21
22
SIM5
SIM1
SIM2
SIM3
SIM4
1
21
22
SIM5
SIM1
SIM2
SIM3
SIM4
1
21
22
SIM5
SIM1
SIM2
SIM3
SIM4
1
21
22
SIM5
SIM1
SIM2
SIM3
SIM4
1
21
22
SIM5
SIM1
SIM2
SIM3
SIM4
1
21
22
SIM5
SIM1
SIM2
SIM3
SIM4
1
21
22
SIM5
SIM1
SIM2
SIM3
SIM4
1
21
22
SIM5
SIM1
SIM2
SIM3
SIM4
1
21
22
SIM5
SIM1
SIM2
SIM3
SIM4
1
21
22
SIM5
SIM1
SIM2
SIM3
SIM4
1
21
22
SIM5
SIM1
SIM2
SIM3
SIM4
1
21
22
SIM5
SIM1
SIM2
SIM3
SIM4
1
21
22
SIM5
SIM1
SIM2
SIM3
SIM4
1
21
22
SIM5
SIM1
SIM2
SIM3
SIM4
1
21
22
SIM5
SIM1
SIM2
SIM3
SIM4
1
21
22
SIM5
SIM1
SIM2
SIM3
SIM4
1
21
22
SIM5
SIM1
SIM2
SIM3
SIM4
1
21
22
SIM5
SIM1
SIM2
SIM3
SIM4
1
21
22
SIM5
SIM1
SIM2
SIM3
SIM4
1
21
22
SIM5
SIM1
SIM2
SIM3
SIM4
1
21
22
SIM5
SIM1
SIM2
SIM3
SIM4
1
21
22
SIM5
SIM1
SIM2
SIM3
SIM4
1
21
22
SIM5
SIM1
SIM2
SIM3
SIM4
1
21
22
SIM5
SIM1
SIM2
SIM3
SIM4
1
21
22
SIM5
SIM1
SIM2
SIM3
SIM4
1
21
22
SIM5
SIM1
SIM2
SIM3
SIM4
1
21
22
SIM5
SIM1
SIM2
SIM3
SIM4
1
21
22
SIM5
SIM1
SIM2
SIM3
SIM4
1
21
22
SIM5
SIM1
SIM2
SIM3
SIM4
1
21
22
SIM5
SIM1
SIM2
SIM3
SIM4
1
21
22
SIM5
SIM1
SIM2
SIM3
SIM4
1
21
22
SIM5
SIM1
SIM2
SIM3
SIM4
1
21
22
SIM5
SIM1
SIM2
SIM3
SIM4
1
21
22
SIM5
SIM1
SIM2
SIM3
SIM4
1
21
22
SIM5
SIM1
SIM2
SIM3
SIM4
1
21
22
SIM5
SIM1
SIM2
SIM3
SIM4
1
21
22
SIM5
SIM1
SIM2
SIM3
SIM4
1
21
22
SIM5
SIM1
SIM2
SIM3
SIM4
1
21
22
SIM5
SIM1
SIM2
SIM3
SIM4
1
21
22
SIM5
SIM1
SIM2
SIM3
SIM4
1
21
22
SIM5
SIM1
SIM2
SIM3
SIM4
1
21
22
SIM5
SIM1
SIM2
SIM3
SIM4
1
21
22
SIM5
SIM1
SIM2
SIM3
SIM4
1
21
22
SIM5
SIM1
SIM2
SIM3
SIM4
1
21
22
SIM5
SIM1
SIM2
SIM3
SIM4
1
21
22
SIM5
SIM1
SIM2
SIM3
SIM4
1
21
22
SIM5
SIM1
SIM2
SIM3
SIM4
1
21
22
SIM5
SIM1
SIM2
SIM3
SIM4
1
21
22
SIM5
SIM1
SIM2
SIM3
SIM4
1
21
22
SIM5
SIM1
SIM2
SIM3
SIM4
1
21
22
SIM5
SIM1
SIM2
SIM3
SIM4
1
21
22
SIM5
SIM1
SIM2
SIM3
SIM4
1
21
22
SIM5
SIM1
SIM2
SIM3
SIM4
1
21
22
SIM5
SIM1
SIM2
SIM3
SIM4
1
21
22
SIM5
SIM1
SIM2
SIM3
SIM4
1
21
22
SIM5
SIM1
SIM2
SIM3
SIM4
1
21
22
SIM5
SIM1
SIM2
SIM3
SIM4
1
21
22
SIM5
SIM1
SIM2
SIM3
SIM4
1
21
22
SIM5
SIM1
SIM2
DEBUG 1 953
SIM1
SIM2
SIM3
SIM4
1
21
22
SIM5
SIM1
SIM2
SIM3
SIM4
1
21
22
SIM5
SIM1
SIM2
SIM3
SIM4
1
21
22
SIM5
SIM1
SIM2
SIM3
SIM4
1
21
22
SIM5
SIM1
SIM2
SIM3
SIM4
1
21
22
SIM5
SIM1
SIM2
SIM3
SIM4
1
21
22
SIM5
SIM1
SIM2
SIM3
SIM4
1
21
22
SIM5
SIM1
SIM2
SIM3
SIM4
1
21
22
SIM5
SIM1
SIM2
SIM3
SIM4
1
21
22
SIM5
SIM1
SIM2
SIM3
SIM4
1
21
22
SIM5
SIM1
SIM2
SIM3
SIM4
1
21
22
SIM5
SIM1
SIM2
SIM3
SIM4
1
21
22
SIM5
SIM1
SIM2
SIM3
SIM4
1
21
22
SIM5
SIM1
SIM2
SIM3
SIM4
1
21
22
SIM5
SIM1
SIM2
SIM3
SIM4
1
21
22
SIM5
SIM1
SIM2
SIM3
SIM4
1
21
22
SIM5
SIM1
SIM2
SIM3
SIM4
1
21
22
SIM5
SIM1
SIM2
SIM3
SIM4
1
21
22
SIM5
SIM1
SIM2
SIM3
SIM4
1
21
22
SIM5
SIM1
SIM2
SIM3
SIM4
1
21
22
SIM5
SIM1
SIM2
SIM3
SIM4
1
21
22
SIM5
SIM1
SIM2
SIM3
SIM4
1
21
22
SIM5
SIM1
SIM2
SIM3
SIM4
1
21
22
SIM5
SIM1
SIM2
SIM3
SIM4
1
21
22
SIM5
SIM1
SIM2
SIM3
SIM4
1
21
22
SIM5
SIM1
SIM2
SIM3
SIM4
1
21
22
SIM5
SIM1
SIM2
SIM3
SIM4
1
21
22
SIM5
SIM1
SIM2
SIM3
SIM4
1
21
22
SIM5
SIM1
SIM2
SIM3
SIM4
1
21
22
SIM5
SIM1
SIM2
SIM3
SIM4
1
21
22
SIM5
SIM1
SIM2
SIM3
SIM4
1
21
22
SIM5
SIM1
SIM2
SIM3
SIM4
1
21
22
SIM5
SIM1
SIM2
SIM3
SIM4
1
21
22
SIM5
SIM1
SIM2
SIM3
SIM4
1
21
22
SIM5
SIM1
SIM2
SIM3
SIM4
1
21
22
SIM5
SIM1
SIM2
SIM3
SIM4
1
21
22
SIM5
SIM1
SIM2
SIM3
SIM4
1
21
22
SIM5
SIM1
SIM2
SIM3
SIM4
1
21
22
SIM5
SIM1
SIM2
SIM3
SIM4
1
21
22
SIM5
SIM1
SIM2
SIM3
SIM4
1
21
22
SIM5
SIM1
SIM2
SIM3
SIM4
1
21
22
SIM5
SIM1
SIM2
SIM3
SIM4
1
21
22
SIM5
SIM1
SIM2
SIM3
SIM4
1
21
22
SIM5
SIM1
SIM2
SIM3
SIM4
1
21
22
SIM5
SIM1
SIM2
SIM3
SIM4
1
21
22
SIM5
SIM1
SIM2
SIM3
SIM4
1
21
22
SIM5
SIM1
SIM2
SIM3
SIM4
1
21
22
SIM5
SIM1
SIM2
SIM3
SIM4
1
21
22
SIM5
SIM1
SIM2
SIM3
SIM4
1
21
22
SIM5
SIM1
SIM2
SIM3
SIM4
1
21
22
SIM5
SIM1
SIM2
SIM3
SIM4
1
21
22
SIM5
SIM1
SIM2
SIM3
SIM4
1
21
22
SIM5
SIM1
SIM2
SIM3
SIM4
1
21
22
SIM5
SIM1
SIM2
SIM3
SIM4
1
21
22
SIM5
SIM1
SIM2
SIM3
SIM4
1
21
22
SIM5
SIM1
SIM2
SIM3
SIM4
1
21
22
SIM5
SIM1
SIM2
SIM3
SIM4
1
21
22
SIM5
SIM1
SIM2
SIM3
SIM4
1
21
22
SIM5
SIM1
SIM2
SIM3
SIM4
1
21
22
SIM5
SIM1
SIM2
SIM3
SIM4
1
21
22
SIM5
SIM1
SIM2
SIM3
SIM4
1
21
22
SIM5
SIM1
SIM2
SIM3
SIM4
1
21
22
SIM5
SIM1
SIM2
SIM3
SIM4
1
21
22
SIM5
SIM1
SIM2
SIM3
SIM4
1
21
22
SIM5
SIM1
SIM2
SIM3
SIM4
1
21
22
SIM5
SIM1
SIM2
SIM3
SIM4
1
21
22
SIM5
SIM1
SIM2
SIM3
SIM4
1
21
22
SIM5
SIM1
SIM2
SIM3
SIM4
1
21
22
SIM5
SIM1
SIM2
SIM3
SIM4
1
21
22
SIM5
SIM1
SIM2
SIM3
SIM4
1
21
22
SIM5
SIM1
SIM2
SIM3
SIM4
1
21
22
SIM5
SIM1
SIM2
SIM3
SIM4
1
21
22
SIM5
SIM1
SIM2
SIM3
SIM4
1
21
22
SIM5
SIM1
SIM2
SIM3
SIM4
1
21
22
SIM5
SIM1
SIM2
SIM3
SIM4
1
21
22
SIM5
SIM1
SIM2
SIM3
SIM4
1
21
22
SIM5
SIM1
SIM2
SIM3
SIM4
1
21
22
SIM5
SIM1
SIM2
SIM3
SIM4
1
21
22
SIM5
SIM1
SIM2
SIM3
SIM4
1
21
22
SIM5
SIM1
SIM2
SIM3
SIM4
1
21
22
SIM5
SIM1
SIM2
SIM3
SIM4
1
21
22
SIM5
SIM1
SIM2
SIM3
SIM4
1
21
22
SIM5
SIM1
SIM2
SIM3
SIM4
1
21
22
SIM5
SIM1
SIM2
SIM3
SIM4
1
21
22
SIM5
SIM1
SIM2
SIM3
SIM4
1
21
22
SIM5
SIM1
SIM2
SIM3
SIM4
1
21
22
SIM5
SIM1
SIM2
SIM3
SIM4
1
21
22
SIM5
SIM1
SIM2
SIM3
SIM4
1
21
22
SIM5
SIM1
SIM2
SIM3
SIM4
1
21
22
SIM5
SIM1
SIM2
SIM3
SIM4
1
21
22
SIM5
SIM1
SIM2
SIM3
SIM4
1
21
22
SIM5
SIM1
SIM2
SIM3
SIM4
1
21
22
SIM5
SIM1
SIM2
SIM3
SIM4
1
21
22
SIM5
SIM1
SIM2
SIM3
SIM4
1
21
22
SIM5
SIM1
SIM2
SIM3
SIM4
1
21
22
SIM5
SIM1
SIM2
SIM3
SIM4
1
21
22
SIM5
SIM1
SIM2
SIM3
SIM4
1
21
22
SIM5
SIM1
SIM2
SIM3
SIM4
1
21
22
SIM5
SIM1
SIM2
SIM3
SIM4
1
21
22
SIM5
SIM1
SIM2
SIM3
SIM4
1
21
22
SIM5
SIM1
SIM2
SIM3
SIM4
1
21
22
SIM5
SIM1
SIM2
SIM3
SIM4
1
21
22
SIM5
SIM1
SIM2
SIM3
SIM4
1
21
22
SIM5
SIM1
SIM2
SIM3
SIM4
1
21
22
SIM5
SIM1
SIM2
SIM3
SIM4
1
21
22
SIM5
SIM1
SIM2
SIM3
SIM4
1
21
22
SIM5
SIM1
SIM2
SIM3
SIM4
1
21
22
SIM5
SIM1
SIM2
SIM3
SIM4
1
21
22
SIM5
SIM1
SIM2
SIM3
SIM4
1
21
22
SIM5
SIM1
SIM2
SIM3
SIM4
1
21
22
SIM5
SIM1
SIM2
SIM3
SIM4
1
21
22
SIM5
SIM1
SIM2
SIM3
SIM4
1
21
22
SIM5
SIM1
SIM2
SIM3
SIM4
1
21
22
SIM5
SIM1
SIM2
SIM3
SIM4
1
21
22
SIM5
SIM1
SIM2
SIM3
SIM4
1
21
22
SIM5
SIM1
SIM2
SIM3
SIM4
1
21
22
SIM5
SIM1
SIM2
SIM3
SIM4
1
21
22
SIM5
SIM1
SIM2
SIM3
SIM4
1
21
22
SIM5
SIM1
SIM2
SIM3
SIM4
1
21
22
SIM5
SIM1
SIM2
SIM3
SIM4
1
21
22
SIM5
SIM1
SIM2
SIM3
SIM4
1
21
22
SIM5
SIM1
SIM2
SIM3
SIM4
1
21
22
SIM5
SIM1
SIM2
SIM3
SIM4
1
21
22
SIM5
SIM1
SIM2
SIM3
SIM4
1
21
22
SIM5
SIM1
SIM2
SIM3
SIM4
1
21
22
SIM5
SIM1
SIM2
SIM3
SIM4
1
21
22
SIM5
SIM1
SIM2
SIM3
SIM4
1
21
22
SIM5
SIM1
SIM2
SIM3
SIM4
1
21
22
SIM5
SIM1
SIM2
SIM3
SIM4
1
21
22
SIM5
SIM1
SIM2
SIM3
SIM4
1
21
22
SIM5
SIM1
SIM2
SIM3
SIM4
1
21
22
SIM5
SIM1
SIM2
SIM3
SIM4
1
21
22
SIM5
SIM1
SIM2
SIM3
SIM4
1
21
22
SIM5
SIM1
SIM2
SIM3
SIM4
1
21
22
SIM5
SIM1
SIM2
SIM3
SIM4
1
21
22
SIM5
SIM1
SIM2
SIM3
SIM4
1
21
22
SIM5
SIM1
SIM2
SIM3
SIM4
1
21
22
SIM5
SIM1
SIM2
SIM3
SIM4
1
21
22
SIM5
SIM1
SIM2
SIM3
SIM4
1
21
22
SIM5
SIM1
SIM2
SIM3
SIM4
1
21
22
SIM5
SIM1
SIM2
SIM3
SIM4
1
21
22
SIM5
SIM1
SIM2
SIM3
SIM4
1
21
22
SIM5
SIM1
SIM2
SIM3
SIM4
1
21
22
SIM5
SIM1
SIM2
SIM3
SIM4
1
21
22
SIM5
SIM1
SIM2
SIM3
SIM4
1
21
22
SIM5
SIM1
SIM2
SIM3
SIM4
1
21
22
SIM5
SIM1
SIM2
SIM3
SIM4
1
21
22
SIM5
SIM1
SIM2
SIM3
SIM4
1
21
22
SIM5
SIM1
SIM2
SIM3
SIM4
1
21
22
SIM5
SIM1
SIM2
SIM3
SIM4
1
21
22
SIM5
SIM1
SIM2
SIM3
SIM4
1
21
22
SIM5
SIM1
SIM2
SIM3
SIM4
1
21
22
SIM5
SIM1
SIM2
SIM3
SIM4
1
21
22
SIM5
SIM1
SIM2
SIM3
SIM4
1
21
22
SIM5
SIM1
SIM2
SIM3
SIM4
1
21
22
SIM5
SIM1
SIM2
SIM3
SIM4
1
21
22
SIM5
SIM1
SIM2
SIM3
SIM4
1
21
22
SIM5
SIM1
SIM2
SIM3
SIM4
1
21
22
SIM5
SIM1
SIM2
SIM3
SIM4
1
21
22
SIM5
SIM1
SIM2
SIM3
SIM4
1
21
22
SIM5
SIM1
SIM2
SIM3
SIM4
1
21
22
SIM5
SIM1
SIM2
SIM3
SIM4
1
21
22
SIM5
SIM1
SIM2
SIM3
SIM4
1
21
22
SIM5
SIM1
SIM2
SIM3
SIM4
1
21
22
SIM5
SIM1
SIM2
SIM3
SIM4
1
21
22
SIM5
SIM1
SIM2
SIM3
SIM4
1
21
22
SIM5
SIM1
SIM2
SIM3
SIM4
1
21
22
SIM5
SIM1
SIM2
SIM3
SIM4
1
21
22
SIM5
SIM1
SIM2
SIM3
SIM4
1
21
22
SIM5
SIM1
SIM2
SIM3
SIM4
1
21
22
SIM5
SIM1
SIM2
SIM3
SIM4
1
21
22
SIM5
SIM1
SIM2
SIM3
SIM4
1
21
22
SIM5
SIM1
SIM2
SIM3
SIM4
1
21
22
SIM5
SIM1
SIM2
SIM3
SIM4
1
21
22
SIM5
SIM1
SIM2
SIM3
SIM4
1
21
22
SIM5
SIM1
SIM2
SIM3
SIM4
1
21
22
SIM5
SIM1
SIM2
SIM3
SIM4
1
21
22
SIM5
SIM1
SIM2
SIM3
SIM4
1
21
22
SIM5
SIM1
SIM2
SIM3
SIM4
1
21
22
SIM5
SIM1
SIM2
SIM3
SIM4
1
21
22
SIM5
SIM1
SIM2
SIM3
SIM4
1
21
22
SIM5
SIM1
SIM2
SIM3
SIM4
1
21
22
SIM5
SIM1
SIM2
DEBUG 1 954
SIM1
SIM2
SIM3
SIM4
1
21
22
SIM5
SIM1
SIM2
SIM3
SIM4
1
21
22
SIM5
SIM1
SIM2
SIM3
SIM4
1
21
22
SIM5
SIM1
SIM2
SIM3
SIM4
1
21
22
SIM5
SIM1
SIM2
SIM3
SIM4
1
21
22
SIM5
SIM1
SIM2
SIM3
SIM4
1
21
22
SIM5
SIM1
SIM2
SIM3
SIM4
1
21
22
SIM5
SIM1
SIM2
SIM3
SIM4
1
21
22
SIM5
SIM1
SIM2
SIM3
SIM4
1
21
22
SIM5
SIM1
SIM2
SIM3
SIM4
1
21
22
SIM5
SIM1
SIM2
SIM3
SIM4
1
21
22
SIM5
SIM1
SIM2
SIM3
SIM4
1
21
22
SIM5
SIM1
SIM2
SIM3
SIM4
1
21
22
SIM5
SIM1
SIM2
SIM3
SIM4
1
21
22
SIM5
SIM1
SIM2
SIM3
SIM4
1
21
22
SIM5
SIM1
SIM2
SIM3
SIM4
1
21
22
SIM5
SIM1
SIM2
SIM3
SIM4
1
21
22
SIM5
SIM1
SIM2
SIM3
SIM4
1
21
22
SIM5
SIM1
SIM2
SIM3
SIM4
1
21
22
SIM5
SIM1
SIM2
SIM3
SIM4
1
21
22
SIM5
SIM1
SIM2
SIM3
SIM4
1
21
22
SIM5
SIM1
SIM2
SIM3
SIM4
1
21
22
SIM5
SIM1
SIM2
SIM3
SIM4
1
21
22
SIM5
SIM1
SIM2
SIM3
SIM4
1
21
22
SIM5
SIM1
SIM2
SIM3
SIM4
1
21
22
SIM5
SIM1
SIM2
SIM3
SIM4
1
21
22
SIM5
SIM1
SIM2
SIM3
SIM4
1
21
22
SIM5
SIM1
SIM2
SIM3
SIM4
1
21
22
SIM5
SIM1
SIM2
SIM3
SIM4
1
21
22
SIM5
SIM1
SIM2
SIM3
SIM4
1
21
22
SIM5
SIM1
SIM2
SIM3
SIM4
1
21
22
SIM5
SIM1
SIM2
SIM3
SIM4
1
21
22
SIM5
SIM1
SIM2
SIM3
SIM4
1
21
22
SIM5
SIM1
SIM2
SIM3
SIM4
1
21
22
SIM5
SIM1
SIM2
SIM3
SIM4
1
21
22
SIM5
SIM1
SIM2
SIM3
SIM4
1
21
22
SIM5
SIM1
SIM2
SIM3
SIM4
1
21
22
SIM5
SIM1
SIM2
SIM3
SIM4
1
21
22
SIM5
SIM1
SIM2
SIM3
SIM4
1
21
22
SIM5
SIM1
SIM2
SIM3
SIM4
1
21
22
SIM5
SIM1
SIM2
SIM3
SIM4
1
21
22
SIM5
SIM1
SIM2
SIM3
SIM4
1
21
22
SIM5
SIM1
SIM2
SIM3
SIM4
1
21
22
SIM5
SIM1
SIM2
SIM3
SIM4
1
21
22
SIM5
SIM1
SIM2
SIM3
SIM4
1
21
22
SIM5
SIM1
SIM2
SIM3
SIM4
1
21
22
SIM5
SIM1
SIM2
SIM3
SIM4
1
21
22
SIM5
SIM1
SIM2
SIM3
SIM4
1
21
22
SIM5
SIM1
SIM2
SIM3
SIM4
1
21
22
SIM5
SIM1
SIM2
SIM3
SIM4
1
21
22
SIM5
SIM1
SIM2
SIM3
SIM4
1
21
22
SIM5
SIM1
SIM2
SIM3
SIM4
1
21
22
SIM5
SIM1
SIM2
SIM3
SIM4
1
21
22
SIM5
SIM1
SIM2
SIM3
SIM4
1
21
22
SIM5
SIM1
SIM2
SIM3
SIM4
1
21
22
SIM5
SIM1
SIM2
SIM3
SIM4
1
21
22
SIM5
SIM1
SIM2
SIM3
SIM4
1
21
22
SIM5
SIM1
SIM2
SIM3
SIM4
1
21
22
SIM5
SIM1
SIM2
SIM3
SIM4
1
21
22
SIM5
SIM1
SIM2
SIM3
SIM4
1
21
22
SIM5
SIM1
SIM2
SIM3
SIM4
1
21
22
SIM5
SIM1
SIM2
SIM3
SIM4
1
21
22
SIM5
SIM1
SIM2
SIM3
SIM4
1
21
22
SIM5
SIM1
SIM2
SIM3
SIM4
1
21
22
SIM5
SIM1
SIM2
SIM3
SIM4
1
21
22
SIM5
SIM1
SIM2
SIM3
SIM4
1
21
22
SIM5
SIM1
SIM2
SIM3
SIM4
1
21
22
SIM5
SIM1
SIM2
SIM3
SIM4
1
21
22
SIM5
SIM1
SIM2
SIM3
SIM4
1
21
22
SIM5
SIM1
SIM2
SIM3
SIM4
1
21
22
SIM5
SIM1
SIM2
SIM3
SIM4
1
21
22
SIM5
SIM1
SIM2
SIM3
SIM4
1
21
22
SIM5
SIM1
SIM2
SIM3
SIM4
1
21
22
SIM5
SIM1
SIM2
SIM3
SIM4
1
21
22
SIM5
SIM1
SIM2
SIM3
SIM4
1
21
22
SIM5
SIM1
SIM2
SIM3
SIM4
1
21
22
SIM5
SIM1
SIM2
SIM3
SIM4
1
21
22
SIM5
SIM1
SIM2
SIM3
SIM4
1
21
22
SIM5
SIM1
SIM2
SIM3
SIM4
1
21
22
SIM5
SIM1
SIM2
SIM3
SIM4
1
21
22
SIM5
SIM1
SIM2
SIM3
SIM4
1
21
22
SIM5
SIM1
SIM2
SIM3
SIM4
1
21
22
SIM5
SIM1
SIM2
SIM3
SIM4
1
21
22
SIM5
SIM1
SIM2
SIM3
SIM4
1
21
22
SIM5
SIM1
SIM2
SIM3
SIM4
1
21
22
SIM5
SIM1
SIM2
SIM3
SIM4
1
21
22
SIM5
SIM1
SIM2
SIM3
SIM4
1
21
22
SIM5
SIM1
SIM2
SIM3
SIM4
1
21
22
SIM5
SIM1
SIM2
SIM3
SIM4
1
21
22
SIM5
SIM1
SIM2
SIM3
SIM4
1
21
22
SIM5
SIM1
SIM2
SIM3
SIM4
1
21
22
SIM5
SIM1
SIM2
SIM3
SIM4
1
21
22
SIM5
SIM1
SIM2
SIM3
SIM4
1
21
22
SIM5
SIM1
SIM2
SIM3
SIM4
1
21
22
SIM5
SIM1
SIM2
SIM3
SIM4
1
21
22
SIM5
SIM1
SIM2
SIM3
SIM4
1
21
22
SIM5
SIM1
SIM2
SIM3
SIM4
1
21
22
SIM5
SIM1
SIM2
SIM3
SIM4
1
21
22
SIM5
SIM1
SIM2
SIM3
SIM4
1
21
22
SIM5
SIM1
SIM2
SIM3
SIM4
1
21
22
SIM5
SIM1
SIM2
SIM3
SIM4
1
21
22
SIM5
SIM1
SIM2
SIM3
SIM4
1
21
22
SIM5
SIM1
SIM2
SIM3
SIM4
1
21
22
SIM5
SIM1
SIM2
SIM3
SIM4
1
21
22
SIM5
SIM1
SIM2
SIM3
SIM4
1
21
22
SIM5
SIM1
SIM2
SIM3
SIM4
1
21
22
SIM5
SIM1
SIM2
SIM3
SIM4
1
21
22
SIM5
SIM1
SIM2
SIM3
SIM4
1
21
22
SIM5
SIM1
SIM2
SIM3
SIM4
1
21
22
SIM5
SIM1
SIM2
SIM3
SIM4
1
21
22
SIM5
SIM1
SIM2
SIM3
SIM4
1
21
22
SIM5
SIM1
SIM2
SIM3
SIM4
1
21
22
SIM5
SIM1
SIM2
SIM3
SIM4
1
21
22
SIM5
SIM1
SIM2
SIM3
SIM4
1
21
22
SIM5
SIM1
SIM2
SIM3
SIM4
1
21
22
SIM5
SIM1
SIM2
SIM3
SIM4
1
21
22
SIM5
SIM1
SIM2
SIM3
SIM4
1
21
22
SIM5
SIM1
SIM2
SIM3
SIM4
1
21
22
SIM5
SIM1
SIM2
SIM3
SIM4
1
21
22
SIM5
SIM1
SIM2
SIM3
SIM4
1
21
22
SIM5
SIM1
SIM2
SIM3
SIM4
1
21
22
SIM5
SIM1
SIM2
SIM3
SIM4
1
21
22
SIM5
SIM1
SIM2
SIM3
SIM4
1
21
22
SIM5
SIM1
SIM2
SIM3
SIM4
1
21
22
SIM5
SIM1
SIM2
SIM3
SIM4
1
21
22
SIM5
SIM1
SIM2
SIM3
SIM4
1
21
22
SIM5
SIM1
SIM2
SIM3
SIM4
1
21
22
SIM5
SIM1
SIM2
SIM3
SIM4
1
21
22
SIM5
SIM1
SIM2
SIM3
SIM4
1
21
22
SIM5
SIM1
SIM2
SIM3
SIM4
1
21
22
SIM5
SIM1
SIM2
SIM3
SIM4
1
21
22
SIM5
SIM1
SIM2
SIM3
SIM4
1
21
22
SIM5
SIM1
SIM2
SIM3
SIM4
1
21
22
SIM5
SIM1
SIM2
SIM3
SIM4
1
21
22
SIM5
SIM1
SIM2
SIM3
SIM4
1
21
22
SIM5
SIM1
SIM2
SIM3
SIM4
1
21
22
SIM5
SIM1
SIM2
SIM3
SIM4
1
21
22
SIM5
SIM1
SIM2
SIM3
SIM4
1
21
22
SIM5
SIM1
SIM2
SIM3
SIM4
1
21
22
SIM5
SIM1
SIM2
SIM3
SIM4
1
21
22
SIM5
SIM1
SIM2
SIM3
SIM4
1
21
22
SIM5
SIM1
SIM2
SIM3
SIM4
1
21
22
SIM5
SIM1
SIM2
SIM3
SIM4
1
21
22
SIM5
SIM1
SIM2
SIM3
SIM4
1
21
22
SIM5
SIM1
SIM2
SIM3
SIM4
1
21
22
SIM5
SIM1
SIM2
SIM3
SIM4
1
21
22
SIM5
SIM1
SIM2
SIM3
SIM4
1
21
22
SIM5
SIM1
SIM2
SIM3
SIM4
1
21
22
SIM5
SIM1
SIM2
SIM3
SIM4
1
21
22
SIM5
SIM1
SIM2
SIM3
SIM4
1
21
22
SIM5
SIM1
SIM2
SIM3
SIM4
1
21
22
SIM5
SIM1
SIM2
SIM3
SIM4
1
21
22
SIM5
SIM1
SIM2
SIM3
SIM4
1
21
22
SIM5
SIM1
SIM2
SIM3
SIM4
1
21
22
SIM5
SIM1
SIM2
SIM3
SIM4
1
21
22
SIM5
SIM1
SIM2
SIM3
SIM4
1
21
22
SIM5
SIM1
SIM2
SIM3
SIM4
1
21
22
SIM5
SIM1
SIM2
SIM3
SIM4
1
21
22
SIM5
SIM1
SIM2
SIM3
SIM4
1
21
22
SIM5
SIM1
SIM2
SIM3
SIM4
1
21
22
SIM5
SIM1
SIM2
SIM3
SIM4
1
21
22
SIM5
SIM1
SIM2
SIM3
SIM4
1
21
22
SIM5
SIM1
SIM2
SIM3
SIM4
1
21
22
SIM5
SIM1
SIM2
SIM3
SIM4
1
21
22
SIM5
SIM1
SIM2
SIM3
SIM4
1
21
22
SIM5
SIM1
SIM2
SIM3
SIM4
1
21
22
SIM5
SIM1
SIM2
SIM3
SIM4
1
21
22
SIM5
SIM1
SIM2
SIM3
SIM4
1
21
22
SIM5
SIM1
SIM2
SIM3
SIM4
1
21
22
SIM5
SIM1
SIM2
SIM3
SIM4
1
21
22
SIM5
SIM1
SIM2
SIM3
SIM4
1
21
22
SIM5
SIM1
SIM2
SIM3
SIM4
1
21
22
SIM5
SIM1
SIM2
SIM3
SIM4
1
21
22
SIM5
SIM1
SIM2
SIM3
SIM4
1
21
22
SIM5
SIM1
SIM2
SIM3
SIM4
1
21
22
SIM5
SIM1
SIM2
SIM3
SIM4
1
21
22
SIM5
SIM1
SIM2
SIM3
SIM4
1
21
22
SIM5
SIM1
SIM2
SIM3
SIM4
1
21
22
SIM5
SIM1
SIM2
SIM3
SIM4
1
21
22
SIM5
SIM1
SIM2
SIM3
SIM4
1
21
22
SIM5
SIM1
SIM2
SIM3
SIM4
1
21
22
SIM5
SIM1
SIM2
SIM3
SIM4
1
21
22
SIM5
SIM1
SIM2
SIM3
SIM4
1
21
22
SIM5
SIM1
SIM2
SIM3
SIM4
1
21
22
SIM5
SIM1
SIM2
SIM3
SIM4
1
21
22
SIM5
SIM1
SIM2
DEBUG 1 955
SIM1
SIM2
SIM3
SIM4
1
21
22
SIM5
SIM1
SIM2
SIM3
SIM4
1
21
22
SIM5
SIM1
SIM2
SIM3
SIM4
1
21
22
SIM5
SIM1
SIM2
SIM3
SIM4
1
21
22
SIM5
SIM1
SIM2
SIM3
SIM4
1
21
22
SIM5
SIM1
SIM2
SIM3
SIM4
1
21
22
SIM5
SIM1
SIM2
SIM3
SIM4
1
21
22
SIM5
SIM1
SIM2
SIM3
SIM4
1
21
22
SIM5
SIM1
SIM2
SIM3
SIM4
1
21
22
SIM5
SIM1
SIM2
SIM3
SIM4
1
21
22
SIM5
SIM1
SIM2
SIM3
SIM4
1
21
22
SIM5
SIM1
SIM2
SIM3
SIM4
1
21
22
SIM5
SIM1
SIM2
SIM3
SIM4
1
21
22
SIM5
SIM1
SIM2
SIM3
SIM4
1
21
22
SIM5
SIM1
SIM2
SIM3
SIM4
1
21
22
SIM5
SIM1
SIM2
SIM3
SIM4
1
21
22
SIM5
SIM1
SIM2
SIM3
SIM4
1
21
22
SIM5
SIM1
SIM2
SIM3
SIM4
1
21
22
SIM5
SIM1
SIM2
SIM3
SIM4
1
21
22
SIM5
SIM1
SIM2
SIM3
SIM4
1
21
22
SIM5
SIM1
SIM2
SIM3
SIM4
1
21
22
SIM5
SIM1
SIM2
SIM3
SIM4
1
21
22
SIM5
SIM1
SIM2
SIM3
SIM4
1
21
22
SIM5
SIM1
SIM2
SIM3
SIM4
1
21
22
SIM5
SIM1
SIM2
SIM3
SIM4
1
21
22
SIM5
SIM1
SIM2
SIM3
SIM4
1
21
22
SIM5
SIM1
SIM2
SIM3
SIM4
1
21
22
SIM5
SIM1
SIM2
SIM3
SIM4
1
21
22
SIM5
SIM1
SIM2
SIM3
SIM4
1
21
22
SIM5
SIM1
SIM2
SIM3
SIM4
1
21
22
SIM5
SIM1
SIM2
SIM3
SIM4
1
21
22
SIM5
SIM1
SIM2
SIM3
SIM4
1
21
22
SIM5
SIM1
SIM2
SIM3
SIM4
1
21
22
SIM5
SIM1
SIM2
SIM3
SIM4
1
21
22
SIM5
SIM1
SIM2
SIM3
SIM4
1
21
22
SIM5
SIM1
SIM2
SIM3
SIM4
1
21
22
SIM5
SIM1
SIM2
SIM3
SIM4
1
21
22
SIM5
SIM1
SIM2
SIM3
SIM4
1
21
22
SIM5
SIM1
SIM2
SIM3
SIM4
1
21
22
SIM5
SIM1
SIM2
SIM3
SIM4
1
21
22
SIM5
SIM1
SIM2
SIM3
SIM4
1
21
22
SIM5
SIM1
SIM2
SIM3
SIM4
1
21
22
SIM5
SIM1
SIM2
SIM3
SIM4
1
21
22
SIM5
SIM1
SIM2
SIM3
SIM4
1
21
22
SIM5
SIM1
SIM2
SIM3
SIM4
1
21
22
SIM5
SIM1
SIM2
SIM3
SIM4
1
21
22
SIM5
SIM1
SIM2
SIM3
SIM4
1
21
22
SIM5
SIM1
SIM2
SIM3
SIM4
1
21
22
SIM5
SIM1
SIM2
SIM3
SIM4
1
21
22
SIM5
SIM1
SIM2
SIM3
SIM4
1
21
22
SIM5
SIM1
SIM2
SIM3
SIM4
1
21
22
SIM5
SIM1
SIM2
SIM3
SIM4
1
21
22
SIM5
SIM1
SIM2
SIM3
SIM4
1
21
22
SIM5
SIM1
SIM2
SIM3
SIM4
1
21
22
SIM5
SIM1
SIM2
SIM3
SIM4
1
21
22
SIM5
SIM1
SIM2
SIM3
SIM4
1
21
22
SIM5
SIM1
SIM2
SIM3
SIM4
1
21
22
SIM5
SIM1
SIM2
SIM3
SIM4
1
21
22
SIM5
SIM1
SIM2
SIM3
SIM4
1
21
22
SIM5
SIM1
SIM2
SIM3
SIM4
1
21
22
SIM5
SIM1
SIM2
SIM3
SIM4
1
21
22
SIM5
SIM1
SIM2
SIM3
SIM4
1
21
22
SIM5
SIM1
SIM2
SIM3
SIM4
1
21
22
SIM5
SIM1
SIM2
SIM3
SIM4
1
21
22
SIM5
SIM1
SIM2
SIM3
SIM4
1
21
22
SIM5
SIM1
SIM2
SIM3
SIM4
1
21
22
SIM5
SIM1
SIM2
SIM3
SIM4
1
21
22
SIM5
SIM1
SIM2
SIM3
SIM4
1
21
22
SIM5
SIM1
SIM2
SIM3
SIM4
1
21
22
SIM5
SIM1
SIM2
SIM3
SIM4
1
21
22
SIM5
SIM1
SIM2
SIM3
SIM4
1
21
22
SIM5
SIM1
SIM2
SIM3
SIM4
1
21
22
SIM5
SIM1
SIM2
SIM3
SIM4
1
21
22
SIM5
SIM1
SIM2
SIM3
SIM4
1
21
22
SIM5
SIM1
SIM2
SIM3
SIM4
1
21
22
SIM5
SIM1
SIM2
SIM3
SIM4
1
21
22
SIM5
SIM1
SIM2
SIM3
SIM4
1
21
22
SIM5
SIM1
SIM2
SIM3
SIM4
1
21
22
SIM5
SIM1
SIM2
SIM3
SIM4
1
21
22
SIM5
SIM1
SIM2
SIM3
SIM4
1
21
22
SIM5
SIM1
SIM2
SIM3
SIM4
1
21
22
SIM5
SIM1
SIM2
SIM3
SIM4
1
21
22
SIM5
SIM1
SIM2
SIM3
SIM4
1
21
22
SIM5
SIM1
SIM2
SIM3
SIM4
1
21
22
SIM5
SIM1
SIM2
SIM3
SIM4
1
21
22
SIM5
SIM1
SIM2
SIM3
SIM4
1
21
22
SIM5
SIM1
SIM2
SIM3
SIM4
1
21
22
SIM5
SIM1
SIM2
SIM3
SIM4
1
21
22
SIM5
SIM1
SIM2
SIM3
SIM4
1
21
22
SIM5
SIM1
SIM2
SIM3
SIM4
1
21
22
SIM5
SIM1
SIM2
SIM3
SIM4
1
21
22
SIM5
SIM1
SIM2
SIM3
SIM4
1
21
22
SIM5
SIM1
SIM2
SIM3
SIM4
1
21
22
SIM5
SIM1
SIM2
SIM3
SIM4
1
21
22
SIM5
SIM1
SIM2
SIM3
SIM4
1
21
22
SIM5
SIM1
SIM2
SIM3
SIM4
1
21
22
SIM5
SIM1
SIM2
SIM3
SIM4
1
21
22
SIM5
SIM1
SIM2
SIM3
SIM4
1
21
22
SIM5
SIM1
SIM2
SIM3
SIM4
1
21
22
SIM5
SIM1
SIM2
SIM3
SIM4
1
21
22
SIM5
SIM1
SIM2
SIM3
SIM4
1
21
22
SIM5
SIM1
SIM2
SIM3
SIM4
1
21
22
SIM5
SIM1
SIM2
SIM3
SIM4
1
21
22
SIM5
SIM1
SIM2
SIM3
SIM4
1
21
22
SIM5
SIM1
SIM2
SIM3
SIM4
1
21
22
SIM5
SIM1
SIM2
SIM3
SIM4
1
21
22
SIM5
SIM1
SIM2
SIM3
SIM4
1
21
22
SIM5
SIM1
SIM2
SIM3
SIM4
1
21
22
SIM5
SIM1
SIM2
SIM3
SIM4
1
21
22
SIM5
SIM1
SIM2
SIM3
SIM4
1
21
22
SIM5
SIM1
SIM2
SIM3
SIM4
1
21
22
SIM5
SIM1
SIM2
SIM3
SIM4
1
21
22
SIM5
SIM1
SIM2
SIM3
SIM4
1
21
22
SIM5
SIM1
SIM2
SIM3
SIM4
1
21
22
SIM5
SIM1
SIM2
SIM3
SIM4
1
21
22
SIM5
SIM1
SIM2
SIM3
SIM4
1
21
22
SIM5
SIM1
SIM2
SIM3
SIM4
1
21
22
SIM5
SIM1
SIM2
SIM3
SIM4
1
21
22
SIM5
SIM1
SIM2
SIM3
SIM4
1
21
22
SIM5
SIM1
SIM2
SIM3
SIM4
1
21
22
SIM5
SIM1
SIM2
SIM3
SIM4
1
21
22
SIM5
SIM1
SIM2
SIM3
SIM4
1
21
22
SIM5
SIM1
SIM2
SIM3
SIM4
1
21
22
SIM5
SIM1
SIM2
SIM3
SIM4
1
21
22
SIM5
SIM1
SIM2
SIM3
SIM4
1
21
22
SIM5
SIM1
SIM2
SIM3
SIM4
1
21
22
SIM5
SIM1
SIM2
SIM3
SIM4
1
21
22
SIM5
SIM1
SIM2
SIM3
SIM4
1
21
22
SIM5
SIM1
SIM2
SIM3
SIM4
1
21
22
SIM5
SIM1
SIM2
SIM3
SIM4
1
21
22
SIM5
SIM1
SIM2
SIM3
SIM4
1
21
22
SIM5
SIM1
SIM2
SIM3
SIM4
1
21
22
SIM5
SIM1
SIM2
SIM3
SIM4
1
21
22
SIM5
SIM1
SIM2
SIM3
SIM4
1
21
22
SIM5
SIM1
SIM2
SIM3
SIM4
1
21
22
SIM5
SIM1
SIM2
SIM3
SIM4
1
21
22
SIM5
SIM1
SIM2
SIM3
SIM4
1
21
22
SIM5
SIM1
SIM2
SIM3
SIM4
1
21
22
SIM5
SIM1
SIM2
SIM3
SIM4
1
21
22
SIM5
SIM1
SIM2
SIM3
SIM4
1
21
22
SIM5
SIM1
SIM2
SIM3
SIM4
1
21
22
SIM5
SIM1
SIM2
SIM3
SIM4
1
21
22
SIM5
SIM1
SIM2
SIM3
SIM4
1
21
22
SIM5
SIM1
SIM2
SIM3
SIM4
1
21
22
SIM5
SIM1
SIM2
SIM3
SIM4
1
21
22
SIM5
SIM1
SIM2
SIM3
SIM4
1
21
22
SIM5
SIM1
SIM2
SIM3
SIM4
1
21
22
SIM5
SIM1
SIM2
SIM3
SIM4
1
21
22
SIM5
SIM1
SIM2
SIM3
SIM4
1
21
22
SIM5
SIM1
SIM2
SIM3
SIM4
1
21
22
SIM5
SIM1
SIM2
SIM3
SIM4
1
21
22
SIM5
SIM1
SIM2
SIM3
SIM4
1
21
22
SIM5
SIM1
SIM2
SIM3
SIM4
1
21
22
SIM5
SIM1
SIM2
SIM3
SIM4
1
21
22
SIM5
SIM1
SIM2
SIM3
SIM4
1
21
22
SIM5
SIM1
SIM2
SIM3
SIM4
1
21
22
SIM5
SIM1
SIM2
SIM3
SIM4
1
21
22
SIM5
SIM1
SIM2
SIM3
SIM4
1
21
22
SIM5
SIM1
SIM2
SIM3
SIM4
1
21
22
SIM5
SIM1
SIM2
SIM3
SIM4
1
21
22
SIM5
SIM1
SIM2
SIM3
SIM4
1
21
22
SIM5
SIM1
SIM2
SIM3
SIM4
1
21
22
SIM5
SIM1
SIM2
SIM3
SIM4
1
21
22
SIM5
SIM1
SIM2
SIM3
SIM4
1
21
22
SIM5
SIM1
SIM2
SIM3
SIM4
1
21
22
SIM5
SIM1
SIM2
SIM3
SIM4
1
21
22
SIM5
SIM1
SIM2
DEBUG 1 956
SIM1
SIM2
SIM3
SIM4
1
21
22
SIM5
SIM1
SIM2
SIM3
SIM4
1
21
22
SIM5
SIM1
SIM2
SIM3
SIM4
1
21
22
SIM5
SIM1
SIM2
SIM3
SIM4
1
21
22
SIM5
SIM1
SIM2
SIM3
SIM4
1
21
22
SIM5
SIM1
SIM2
SIM3
SIM4
1
21
22
SIM5
SIM1
SIM2
SIM3
SIM4
1
21
22
SIM5
SIM1
SIM2
SIM3
SIM4
1
21
22
SIM5
SIM1
SIM2
SIM3
SIM4
1
21
22
SIM5
SIM1
SIM2
SIM3
SIM4
1
21
22
SIM5
SIM1
SIM2
SIM3
SIM4
1
21
22
SIM5
SIM1
SIM2
SIM3
SIM4
1
21
22
SIM5
SIM1
SIM2
SIM3
SIM4
1
21
22
SIM5
SIM1
SIM2
SIM3
SIM4
1
21
22
SIM5
SIM1
SIM2
SIM3
SIM4
1
21
22
SIM5
SIM1
SIM2
SIM3
SIM4
1
21
22
SIM5
SIM1
SIM2
SIM3
SIM4
1
21
22
SIM5
SIM1
SIM2
SIM3
SIM4
1
21
22
SIM5
SIM1
SIM2
SIM3
SIM4
1
21
22
SIM5
SIM1
SIM2
SIM3
SIM4
1
21
22
SIM5
SIM1
SIM2
SIM3
SIM4
1
21
22
SIM5
SIM1
SIM2
SIM3
SIM4
1
21
22
SIM5
SIM1
SIM2
SIM3
SIM4
1
21
22
SIM5
SIM1
SIM2
SIM3
SIM4
1
21
22
SIM5
SIM1
SIM2
DEBUG 1 957
SIM1
SIM2
SIM3
SIM4
1
21
22
SIM5
SIM1
SIM2
SIM3
SIM4
1
21
22
SIM5
SIM1
SIM2
SIM3
SIM4
1
21
22
SIM5
SIM1
SIM2
SIM3
SIM4
1
21
22
SIM5
SIM1
SIM2
SIM3
SIM4
1
21
22
SIM5
SIM1
SIM2
SIM3
SIM4
1
21
22
SIM5
SIM1
SIM2
SIM3
SIM4
1
21
22
SIM5
SIM1
SIM2
SIM3
SIM4
1
21
22
SIM5
SIM1
SIM2
SIM3
SIM4
1
21
22
SIM5
SIM1
SIM2
SIM3
SIM4
1
21
22
SIM5
SIM1
SIM2
SIM3
SIM4
1
21
22
SIM5
SIM1
SIM2
SIM3
SIM4
1
21
22
SIM5
SIM1
SIM2
SIM3
SIM4
1
21
22
SIM5
SIM1
SIM2
SIM3
SIM4
1
21
22
SIM5
SIM1
SIM2
SIM3
SIM4
1
21
22
SIM5
SIM1
SIM2
SIM3
SIM4
1
21
22
SIM5
SIM1
SIM2
SIM3
SIM4
1
21
22
SIM5
SIM1
SIM2
SIM3
SIM4
1
21
22
SIM5
SIM1
SIM2
SIM3
SIM4
1
21
22
SIM5
SIM1
SIM2
SIM3
SIM4
1
21
22
SIM5
SIM1
SIM2
SIM3
SIM4
1
21
22
SIM5
SIM1
SIM2
SIM3
SIM4
1
21
22
SIM5
SIM1
SIM2
SIM3
SIM4
1
21
22
SIM5
SIM1
SIM2
SIM3
SIM4
1
21
22
SIM5
SIM1
SIM2
SIM3
SIM4
1
21
22
SIM5
SIM1
SIM2
SIM3
SIM4
1
21
22
SIM5
SIM1
SIM2
SIM3
SIM4
1
21
22
SIM5
SIM1
SIM2
SIM3
SIM4
1
21
22
SIM5
SIM1
SIM2
SIM3
SIM4
1
21
22
SIM5
SIM1
SIM2
SIM3
SIM4
1
21
22
SIM5
SIM1
SIM2
SIM3
SIM4
1
21
22
SIM5
SIM1
SIM2
SIM3
SIM4
1
21
22
SIM5
SIM1
SIM2
SIM3
SIM4
1
21
22
SIM5
SIM1
SIM2
SIM3
SIM4
1
21
22
SIM5
SIM1
SIM2
SIM3
SIM4
1
21
22
SIM5
SIM1
SIM2
SIM3
SIM4
1
21
22
SIM5
SIM1
SIM2
SIM3
SIM4
1
21
22
SIM5
SIM1
SIM2
SIM3
SIM4
1
21
22
SIM5
SIM1
SIM2
SIM3
SIM4
1
21
22
SIM5
SIM1
SIM2
SIM3
SIM4
1
21
22
SIM5
SIM1
SIM2
SIM3
SIM4
1
21
22
SIM5
SIM1
SIM2
SIM3
SIM4
1
21
22
SIM5
SIM1
SIM2
SIM3
SIM4
1
21
22
SIM5
SIM1
SIM2
SIM3
SIM4
1
21
22
SIM5
SIM1
SIM2
SIM3
SIM4
1
21
22
SIM5
SIM1
SIM2
SIM3
SIM4
1
21
22
SIM5
SIM1
SIM2
SIM3
SIM4
1
21
22
SIM5
SIM1
SIM2
SIM3
SIM4
1
21
22
SIM5
SIM1
SIM2
SIM3
SIM4
1
21
22
SIM5
SIM1
SIM2
SIM3
SIM4
1
21
22
SIM5
SIM1
SIM2
SIM3
SIM4
1
21
22
SIM5
SIM1
SIM2
SIM3
SIM4
1
21
22
SIM5
SIM1
SIM2
SIM3
SIM4
1
21
22
SIM5
SIM1
SIM2
SIM3
SIM4
1
21
22
SIM5
SIM1
SIM2
SIM3
SIM4
1
21
22
SIM5
SIM1
SIM2
SIM3
SIM4
1
21
22
SIM5
SIM1
SIM2
SIM3
SIM4
1
21
22
SIM5
SIM1
SIM2
SIM3
SIM4
1
21
22
SIM5
SIM1
SIM2
SIM3
SIM4
1
21
22
SIM5
SIM1
SIM2
SIM3
SIM4
1
21
22
SIM5
SIM1
SIM2
SIM3
SIM4
1
21
22
SIM5
SIM1
SIM2
SIM3
SIM4
1
21
22
SIM5
SIM1
SIM2
SIM3
SIM4
1
21
22
SIM5
SIM1
SIM2
SIM3
SIM4
1
21
22
SIM5
SIM1
SIM2
SIM3
SIM4
1
21
22
SIM5
SIM1
SIM2
SIM3
SIM4
1
21
22
SIM5
SIM1
SIM2
SIM3
SIM4
1
21
22
SIM5
SIM1
SIM2
SIM3
SIM4
1
21
22
SIM5
SIM1
SIM2
SIM3
SIM4
1
21
22
SIM5
SIM1
SIM2
SIM3
SIM4
1
21
22
SIM5
SIM1
SIM2
SIM3
SIM4
1
21
22
SIM5
SIM1
SIM2
SIM3
SIM4
1
21
22
SIM5
SIM1
SIM2
SIM3
SIM4
1
21
22
SIM5
SIM1
SIM2
SIM3
SIM4
1
21
22
SIM5
SIM1
SIM2
SIM3
SIM4
1
21
22
SIM5
SIM1
SIM2
SIM3
SIM4
1
21
22
SIM5
SIM1
SIM2
SIM3
SIM4
1
21
22
SIM5
SIM1
SIM2
SIM3
SIM4
1
21
22
SIM5
SIM1
SIM2
SIM3
SIM4
1
21
22
SIM5
SIM1
SIM2
SIM3
SIM4
1
21
22
SIM5
SIM1
SIM2
SIM3
SIM4
1
21
22
SIM5
SIM1
SIM2
SIM3
SIM4
1
21
22
SIM5
SIM1
SIM2
SIM3
SIM4
1
21
22
SIM5
SIM1
SIM2
SIM3
SIM4
1
21
22
SIM5
SIM1
SIM2
SIM3
SIM4
1
21
22
SIM5
SIM1
SIM2
SIM3
SIM4
1
21
22
SIM5
SIM1
SIM2
SIM3
SIM4
1
21
22
SIM5
SIM1
SIM2
SIM3
SIM4
1
21
22
SIM5
SIM1
SIM2
SIM3
SIM4
1
21
22
SIM5
SIM1
SIM2
SIM3
SIM4
1
21
22
SIM5
SIM1
SIM2
SIM3
SIM4
1
21
22
SIM5
SIM1
SIM2
SIM3
SIM4
1
21
22
SIM5
SIM1
SIM2
SIM3
SIM4
1
21
22
SIM5
SIM1
SIM2
SIM3
SIM4
1
21
22
SIM5
SIM1
SIM2
SIM3
SIM4
1
21
22
SIM5
SIM1
SIM2
SIM3
SIM4
1
21
22
SIM5
SIM1
SIM2
SIM3
SIM4
1
21
22
SIM5
SIM1
SIM2
SIM3
SIM4
1
21
22
SIM5
SIM1
SIM2
SIM3
SIM4
1
21
22
SIM5
SIM1
SIM2
SIM3
SIM4
1
21
22
SIM5
SIM1
SIM2
SIM3
SIM4
1
21
22
SIM5
SIM1
SIM2
SIM3
SIM4
1
21
22
SIM5
SIM1
SIM2
SIM3
SIM4
1
21
22
SIM5
SIM1
SIM2
SIM3
SIM4
1
21
22
SIM5
SIM1
SIM2
SIM3
SIM4
1
21
22
SIM5
SIM1
SIM2
SIM3
SIM4
1
21
22
SIM5
SIM1
SIM2
SIM3
SIM4
1
21
22
SIM5
SIM1
SIM2
SIM3
SIM4
1
21
22
SIM5
SIM1
SIM2
SIM3
SIM4
1
21
22
SIM5
SIM1
SIM2
SIM3
SIM4
1
21
22
SIM5
SIM1
SIM2
SIM3
SIM4
1
21
22
SIM5
SIM1
SIM2
SIM3
SIM4
1
21
22
SIM5
SIM1
SIM2
SIM3
SIM4
1
21
22
SIM5
SIM1
SIM2
SIM3
SIM4
1
21
22
SIM5
SIM1
SIM2
SIM3
SIM4
1
21
22
SIM5
SIM1
SIM2
SIM3
SIM4
1
21
22
SIM5
SIM1
SIM2
SIM3
SIM4
1
21
22
SIM5
SIM1
SIM2
SIM3
SIM4
1
21
22
SIM5
SIM1
SIM2
SIM3
SIM4
1
21
22
SIM5
SIM1
SIM2
SIM3
SIM4
1
21
22
SIM5
SIM1
SIM2
SIM3
SIM4
1
21
22
SIM5
SIM1
SIM2
SIM3
SIM4
1
21
22
SIM5
SIM1
SIM2
SIM3
SIM4
1
21
22
SIM5
SIM1
SIM2
SIM3
SIM4
1
21
22
SIM5
SIM1
SIM2
SIM3
SIM4
1
21
22
SIM5
SIM1
SIM2
SIM3
SIM4
1
21
22
SIM5
SIM1
SIM2
SIM3
SIM4
1
21
22
SIM5
SIM1
SIM2
SIM3
SIM4
1
21
22
SIM5
SIM1
SIM2
SIM3
SIM4
1
21
22
SIM5
SIM1
SIM2
SIM3
SIM4
1
21
22
SIM5
SIM1
SIM2
SIM3
SIM4
1
21
22
SIM5
SIM1
SIM2
SIM3
SIM4
1
21
22
SIM5
SIM1
SIM2
SIM3
SIM4
1
21
22
SIM5
SIM1
SIM2
SIM3
SIM4
1
21
22
SIM5
SIM1
SIM2
SIM3
SIM4
1
21
22
SIM5
SIM1
SIM2
SIM3
SIM4
1
21
22
SIM5
SIM1
SIM2
SIM3
SIM4
1
21
22
SIM5
SIM1
SIM2
SIM3
SIM4
1
21
22
SIM5
SIM1
SIM2
SIM3
SIM4
1
21
22
SIM5
SIM1
SIM2
SIM3
SIM4
1
21
22
SIM5
SIM1
SIM2
SIM3
SIM4
1
21
22
SIM5
SIM1
SIM2
SIM3
SIM4
1
21
22
SIM5
SIM1
SIM2
SIM3
SIM4
1
21
22
SIM5
SIM1
SIM2
SIM3
SIM4
1
21
22
SIM5
SIM1
SIM2
SIM3
SIM4
1
21
22
SIM5
SIM1
SIM2
SIM3
SIM4
1
21
22
SIM5
SIM1
SIM2
SIM3
SIM4
1
21
22
SIM5
SIM1
SIM2
DEBUG 1 958
SIM1
SIM2
SIM3
SIM4
1
21
22
SIM5
SIM1
SIM2
SIM3
SIM4
1
21
22
SIM5
SIM1
SIM2
SIM3
SIM4
1
21
22
SIM5
SIM1
SIM2
SIM3
SIM4
1
21
22
SIM5
SIM1
SIM2
SIM3
SIM4
1
21
22
SIM5
SIM1
SIM2
SIM3
SIM4
1
21
22
SIM5
SIM1
SIM2
SIM3
SIM4
1
21
22
SIM5
SIM1
SIM2
SIM3
SIM4
1
21
22
SIM5
SIM1
SIM2
SIM3
SIM4
1
21
22
SIM5
SIM1
SIM2
SIM3
SIM4
1
21
22
SIM5
SIM1
SIM2
SIM3
SIM4
1
21
22
SIM5
SIM1
SIM2
SIM3
SIM4
1
21
22
SIM5
SIM1
SIM2
SIM3
SIM4
1
21
22
SIM5
SIM1
SIM2
SIM3
SIM4
1
21
22
SIM5
SIM1
SIM2
SIM3
SIM4
1
21
22
SIM5
SIM1
SIM2
SIM3
SIM4
1
21
22
SIM5
SIM1
SIM2
SIM3
SIM4
1
21
22
SIM5
SIM1
SIM2
SIM3
SIM4
1
21
22
SIM5
SIM1
SIM2
SIM3
SIM4
1
21
22
SIM5
SIM1
SIM2
SIM3
SIM4
1
21
22
SIM5
SIM1
SIM2
SIM3
SIM4
1
21
22
SIM5
SIM1
SIM2
SIM3
SIM4
1
21
22
SIM5
SIM1
SIM2
SIM3
SIM4
1
21
22
SIM5
SIM1
SIM2
SIM3
SIM4
1
21
22
SIM5
SIM1
SIM2
SIM3
SIM4
1
21
22
SIM5
SIM1
SIM2
SIM3
SIM4
1
21
22
SIM5
SIM1
SIM2
SIM3
SIM4
1
21
22
SIM5
SIM1
SIM2
SIM3
SIM4
1
21
22
SIM5
SIM1
SIM2
SIM3
SIM4
1
21
22
SIM5
SIM1
SIM2
SIM3
SIM4
1
21
22
SIM5
SIM1
SIM2
SIM3
SIM4
1
21
22
SIM5
SIM1
SIM2
SIM3
SIM4
1
21
22
SIM5
SIM1
SIM2
SIM3
SIM4
1
21
22
SIM5
SIM1
SIM2
SIM3
SIM4
1
21
22
SIM5
SIM1
SIM2
SIM3
SIM4
1
21
22
SIM5
SIM1
SIM2
SIM3
SIM4
1
21
22
SIM5
SIM1
SIM2
SIM3
SIM4
1
21
22
SIM5
SIM1
SIM2
SIM3
SIM4
1
21
22
SIM5
SIM1
SIM2
SIM3
SIM4
1
21
22
SIM5
SIM1
SIM2
SIM3
SIM4
1
21
22
SIM5
SIM1
SIM2
SIM3
SIM4
1
21
22
SIM5
SIM1
SIM2
SIM3
SIM4
1
21
22
SIM5
SIM1
SIM2
SIM3
SIM4
1
21
22
SIM5
SIM1
SIM2
SIM3
SIM4
1
21
22
SIM5
SIM1
SIM2
SIM3
SIM4
1
21
22
SIM5
SIM1
SIM2
SIM3
SIM4
1
21
22
SIM5
SIM1
SIM2
SIM3
SIM4
1
21
22
SIM5
SIM1
SIM2
SIM3
SIM4
1
21
22
SIM5
SIM1
SIM2
SIM3
SIM4
1
21
22
SIM5
SIM1
SIM2
SIM3
SIM4
1
21
22
SIM5
SIM1
SIM2
SIM3
SIM4
1
21
22
SIM5
SIM1
SIM2
SIM3
SIM4
1
21
22
SIM5
SIM1
SIM2
SIM3
SIM4
1
21
22
SIM5
SIM1
SIM2
SIM3
SIM4
1
21
22
SIM5
SIM1
SIM2
SIM3
SIM4
1
21
22
SIM5
SIM1
SIM2
SIM3
SIM4
1
21
22
SIM5
SIM1
SIM2
SIM3
SIM4
1
21
22
SIM5
SIM1
SIM2
SIM3
SIM4
1
21
22
SIM5
SIM1
SIM2
SIM3
SIM4
1
21
22
SIM5
SIM1
SIM2
SIM3
SIM4
1
21
22
SIM5
SIM1
SIM2
SIM3
SIM4
1
21
22
SIM5
SIM1
SIM2
SIM3
SIM4
1
21
22
SIM5
SIM1
SIM2
SIM3
SIM4
1
21
22
SIM5
SIM1
SIM2
SIM3
SIM4
1
21
22
SIM5
SIM1
SIM2
SIM3
SIM4
1
21
22
SIM5
SIM1
SIM2
SIM3
SIM4
1
21
22
SIM5
SIM1
SIM2
SIM3
SIM4
1
21
22
SIM5
SIM1
SIM2
SIM3
SIM4
1
21
22
SIM5
SIM1
SIM2
SIM3
SIM4
1
21
22
SIM5
SIM1
SIM2
SIM3
SIM4
1
21
22
SIM5
SIM1
SIM2
SIM3
SIM4
1
21
22
SIM5
SIM1
SIM2
SIM3
SIM4
1
21
22
SIM5
SIM1
SIM2
SIM3
SIM4
1
21
22
SIM5
SIM1
SIM2
SIM3
SIM4
1
21
22
SIM5
SIM1
SIM2
SIM3
SIM4
1
21
22
SIM5
SIM1
SIM2
SIM3
SIM4
1
21
22
SIM5
SIM1
SIM2
SIM3
SIM4
1
21
22
SIM5
SIM1
SIM2
SIM3
SIM4
1
21
22
SIM5
SIM1
SIM2
SIM3
SIM4
1
21
22
SIM5
SIM1
SIM2
SIM3
SIM4
1
21
22
SIM5
SIM1
SIM2
SIM3
SIM4
1
21
22
SIM5
SIM1
SIM2
SIM3
SIM4
1
21
22
SIM5
SIM1
SIM2
SIM3
SIM4
1
21
22
SIM5
SIM1
SIM2
SIM3
SIM4
1
21
22
SIM5
SIM1
SIM2
SIM3
SIM4
1
21
22
SIM5
SIM1
SIM2
SIM3
SIM4
1
21
22
SIM5
SIM1
SIM2
SIM3
SIM4
1
21
22
SIM5
SIM1
SIM2
SIM3
SIM4
1
21
22
SIM5
SIM1
SIM2
SIM3
SIM4
1
21
22
SIM5
SIM1
SIM2
SIM3
SIM4
1
21
22
SIM5
SIM1
SIM2
SIM3
SIM4
1
21
22
SIM5
SIM1
SIM2
SIM3
SIM4
1
21
22
SIM5
SIM1
SIM2
SIM3
SIM4
1
21
22
SIM5
SIM1
SIM2
SIM3
SIM4
1
21
22
SIM5
SIM1
SIM2
SIM3
SIM4
1
21
22
SIM5
SIM1
SIM2
SIM3
SIM4
1
21
22
SIM5
SIM1
SIM2
SIM3
SIM4
1
21
22
SIM5
SIM1
SIM2
SIM3
SIM4
1
21
22
SIM5
SIM1
SIM2
SIM3
SIM4
1
21
22
SIM5
SIM1
SIM2
SIM3
SIM4
1
21
22
SIM5
SIM1
SIM2
SIM3
SIM4
1
21
22
SIM5
SIM1
SIM2
SIM3
SIM4
1
21
22
SIM5
SIM1
SIM2
SIM3
SIM4
1
21
22
SIM5
SIM1
SIM2
SIM3
SIM4
1
21
22
SIM5
SIM1
SIM2
SIM3
SIM4
1
21
22
SIM5
SIM1
SIM2
SIM3
SIM4
1
21
22
SIM5
SIM1
SIM2
SIM3
SIM4
1
21
22
SIM5
SIM1
SIM2
SIM3
SIM4
1
21
22
SIM5
SIM1
SIM2
SIM3
SIM4
1
21
22
SIM5
SIM1
SIM2
SIM3
SIM4
1
21
22
SIM5
SIM1
SIM2
SIM3
SIM4
1
21
22
SIM5
SIM1
SIM2
SIM3
SIM4
1
21
22
SIM5
SIM1
SIM2
SIM3
SIM4
1
21
22
SIM5
SIM1
SIM2
SIM3
SIM4
1
21
22
SIM5
SIM1
SIM2
SIM3
SIM4
1
21
22
SIM5
SIM1
SIM2
SIM3
SIM4
1
21
22
SIM5
SIM1
SIM2
SIM3
SIM4
1
21
22
SIM5
SIM1
SIM2
SIM3
SIM4
1
21
22
SIM5
SIM1
SIM2
SIM3
SIM4
1
21
22
SIM5
SIM1
SIM2
SIM3
SIM4
1
21
22
SIM5
SIM1
SIM2
SIM3
SIM4
1
21
22
SIM5
SIM1
SIM2
SIM3
SIM4
1
21
22
SIM5
SIM1
SIM2
SIM3
SIM4
1
21
22
SIM5
SIM1
SIM2
SIM3
SIM4
1
21
22
SIM5
SIM1
SIM2
SIM3
SIM4
1
21
22
SIM5
SIM1
SIM2
SIM3
SIM4
1
21
22
SIM5
SIM1
SIM2
SIM3
SIM4
1
21
22
SIM5
SIM1
SIM2
SIM3
SIM4
1
21
22
SIM5
SIM1
SIM2
SIM3
SIM4
1
21
22
SIM5
SIM1
SIM2
SIM3
SIM4
1
21
22
SIM5
SIM1
SIM2
SIM3
SIM4
1
21
22
SIM5
SIM1
SIM2
SIM3
SIM4
1
21
22
SIM5
SIM1
SIM2
SIM3
SIM4
1
21
22
SIM5
SIM1
SIM2
SIM3
SIM4
1
21
22
SIM5
SIM1
SIM2
SIM3
SIM4
1
21
22
SIM5
SIM1
SIM2
SIM3
SIM4
1
21
22
SIM5
SIM1
SIM2
SIM3
SIM4
1
21
22
SIM5
SIM1
SIM2
SIM3
SIM4
1
21
22
SIM5
SIM1
SIM2
SIM3
SIM4
1
21
22
SIM5
SIM1
SIM2
SIM3
SIM4
1
21
22
SIM5
SIM1
SIM2
SIM3
SIM4
1
21
22
SIM5
SIM1
SIM2
SIM3
SIM4
1
21
22
SIM5
SIM1
SIM2
SIM3
SIM4
1
21
22
SIM5
SIM1
SIM2
SIM3
SIM4
1
21
22
SIM5
SIM1
SIM2
SIM3
SIM4
1
21
22
SIM5
SIM1
SIM2
SIM3
SIM4
1
21
22
SIM5
SIM1
SIM2
SIM3
SIM4
1
21
22
SIM5
SIM1
SIM2
SIM3
SIM4
1
21
22
SIM5
SIM1
SIM2
SIM3
SIM4
1
21
22
SIM5
SIM1
SIM2
SIM3
SIM4
1
21
22
SIM5
SIM1
SIM2
SIM3
SIM4
1
21
22
SIM5
SIM1
SIM2
SIM3
SIM4
1
21
22
SIM5
SIM1
SIM2
SIM3
SIM4
1
21
22
SIM5
SIM1
SIM2
SIM3
SIM4
1
21
22
SIM5
SIM1
SIM2
SIM3
SIM4
1
21
22
SIM5
SIM1
SIM2
SIM3
SIM4
1
21
22
SIM5
SIM1
SIM2
SIM3
SIM4
1
21
22
SIM5
SIM1
SIM2
SIM3
SIM4
1
21
22
SIM5
SIM1
SIM2
SIM3
SIM4
1
21
22
SIM5
SIM1
SIM2
SIM3
SIM4
1
21
22
SIM5
SIM1
SIM2
SIM3
SIM4
1
21
22
SIM5
SIM1
SIM2
SIM3
SIM4
1
21
22
SIM5
SIM1
SIM2
SIM3
SIM4
1
21
22
SIM5
SIM1
SIM2
SIM3
SIM4
1
21
22
SIM5
SIM1
SIM2
SIM3
SIM4
1
21
22
SIM5
SIM1
SIM2
SIM3
SIM4
1
21
22
SIM5
SIM1
SIM2
SIM3
SIM4
1
21
22
SIM5
SIM1
SIM2
SIM3
SIM4
1
21
22
SIM5
SIM1
SIM2
SIM3
SIM4
1
21
22
SIM5
SIM1
SIM2
SIM3
SIM4
1
21
22
SIM5
SIM1
SIM2
SIM3
SIM4
1
21
22
SIM5
SIM1
SIM2
SIM3
SIM4
1
21
22
SIM5
SIM1
SIM2
SIM3
SIM4
1
21
22
SIM5
SIM1
SIM2
SIM3
SIM4
1
21
22
SIM5
SIM1
SIM2
SIM3
SIM4
1
21
22
SIM5
SIM1
SIM2
SIM3
SIM4
1
21
22
SIM5
SIM1
SIM2
SIM3
SIM4
1
21
22
SIM5
SIM1
SIM2
SIM3
SIM4
1
21
22
SIM5
SIM1
SIM2
SIM3
SIM4
1
21
22
SIM5
SIM1
SIM2
SIM3
SIM4
1
21
22
SIM5
SIM1
SIM2
SIM3
SIM4
1
21
22
SIM5
SIM1
SIM2
SIM3
SIM4
1
21
22
SIM5
SIM1
SIM2
SIM3
SIM4
1
21
22
SIM5
SIM1
SIM2
SIM3
SIM4
1
21
22
SIM5
SIM1
SIM2
SIM3
SIM4
1
21
22
SIM5
SIM1
SIM2
SIM3
SIM4
1
21
22
SIM5
SIM1
SIM2
SIM3
SIM4
1
21
22
SIM5
SIM1
SIM2
SIM3
SIM4
1
21
22
SIM5
SIM1
SIM2
SIM3
SIM4
1
21
22
SIM5
SIM1
SIM2
SIM3
SIM4
1
21
22
SIM5
SIM1
SIM2
SIM3
SIM4
1
21
22
SIM5
SIM1
SIM2
SIM3
SIM4
1
21
22
SIM5
SIM1
SIM2
SIM3
SIM4
1
21
22
SIM5
SIM1
SIM2
SIM3
SIM4
1
21
22
SIM5
SIM1
SIM2
SIM3
SIM4
1
21
22
SIM5
SIM1
SIM2
SIM3
SIM4
1
21
22
SIM5
SIM1
SIM2
SIM3
SIM4
1
21
22
SIM5
SIM1
SIM2
SIM3
SIM4
1
21
22
SIM5
SIM1
SIM2
SIM3
SIM4
1
21
22
SIM5
SIM1
SIM2
SIM3
SIM4
1
21
22
SIM5
SIM1
SIM2
SIM3
SIM4
1
21
22
SIM5
SIM1
SIM2
SIM3
SIM4
1
21
22
SIM5
SIM1
SIM2
SIM3
SIM4
1
21
22
SIM5
SIM1
SIM2
SIM3
SIM4
1
21
22
SIM5
SIM1
SIM2
SIM3
SIM4
1
21
22
SIM5
SIM1
SIM2
SIM3
SIM4
1
21
22
SIM5
SIM1
SIM2
SIM3
SIM4
1
21
22
SIM5
SIM1
SIM2
SIM3
SIM4
1
21
22
SIM5
SIM1
SIM2
SIM3
SIM4
1
21
22
SIM5
SIM1
SIM2
SIM3
SIM4
1
21
22
SIM5
SIM1
SIM2
SIM3
SIM4
1
21
22
SIM5
SIM1
SIM2
DEBUG 1 959
SIM1
SIM2
SIM3
SIM4
1
21
22
SIM5
SIM1
SIM2
SIM3
SIM4
1
21
22
SIM5
SIM1
SIM2
SIM3
SIM4
1
21
22
SIM5
SIM1
SIM2
SIM3
SIM4
1
21
22
SIM5
SIM1
SIM2
SIM3
SIM4
1
21
22
SIM5
SIM1
SIM2
SIM3
SIM4
1
21
22
SIM5
SIM1
SIM2
SIM3
SIM4
1
21
22
SIM5
SIM1
SIM2
SIM3
SIM4
1
21
22
SIM5
SIM1
SIM2
SIM3
SIM4
1
21
22
SIM5
SIM1
SIM2
SIM3
SIM4
1
21
22
SIM5
SIM1
SIM2
SIM3
SIM4
1
21
22
SIM5
SIM1
SIM2
SIM3
SIM4
1
21
22
SIM5
SIM1
SIM2
SIM3
SIM4
1
21
22
SIM5
SIM1
SIM2
SIM3
SIM4
1
21
22
SIM5
SIM1
SIM2
SIM3
SIM4
1
21
22
SIM5
SIM1
SIM2
SIM3
SIM4
1
21
22
SIM5
SIM1
SIM2
SIM3
SIM4
1
21
22
SIM5
SIM1
SIM2
SIM3
SIM4
1
21
22
SIM5
SIM1
SIM2
SIM3
SIM4
1
21
22
SIM5
SIM1
SIM2
SIM3
SIM4
1
21
22
SIM5
SIM1
SIM2
SIM3
SIM4
1
21
22
SIM5
SIM1
SIM2
SIM3
SIM4
1
21
22
SIM5
SIM1
SIM2
SIM3
SIM4
1
21
22
SIM5
SIM1
SIM2
SIM3
SIM4
1
21
22
SIM5
SIM1
SIM2
SIM3
SIM4
1
21
22
SIM5
SIM1
SIM2
SIM3
SIM4
1
21
22
SIM5
SIM1
SIM2
SIM3
SIM4
1
21
22
SIM5
SIM1
SIM2
SIM3
SIM4
1
21
22
SIM5
SIM1
SIM2
SIM3
SIM4
1
21
22
SIM5
SIM1
SIM2
SIM3
SIM4
1
21
22
SIM5
SIM1
SIM2
SIM3
SIM4
1
21
22
SIM5
SIM1
SIM2
SIM3
SIM4
1
21
22
SIM5
SIM1
SIM2
SIM3
SIM4
1
21
22
SIM5
SIM1
SIM2
SIM3
SIM4
1
21
22
SIM5
SIM1
SIM2
SIM3
SIM4
1
21
22
SIM5
SIM1
SIM2
SIM3
SIM4
1
21
22
SIM5
SIM1
SIM2
SIM3
SIM4
1
21
22
SIM5
SIM1
SIM2
SIM3
SIM4
1
21
22
SIM5
SIM1
SIM2
SIM3
SIM4
1
21
22
SIM5
SIM1
SIM2
SIM3
SIM4
1
21
22
SIM5
SIM1
SIM2
SIM3
SIM4
1
21
22
SIM5
SIM1
SIM2
SIM3
SIM4
1
21
22
SIM5
SIM1
SIM2
SIM3
SIM4
1
21
22
SIM5
SIM1
SIM2
SIM3
SIM4
1
21
22
SIM5
SIM1
SIM2
SIM3
SIM4
1
21
22
SIM5
SIM1
SIM2
SIM3
SIM4
1
21
22
SIM5
SIM1
SIM2
SIM3
SIM4
1
21
22
SIM5
SIM1
SIM2
SIM3
SIM4
1
21
22
SIM5
SIM1
SIM2
SIM3
SIM4
1
21
22
SIM5
SIM1
SIM2
SIM3
SIM4
1
21
22
SIM5
SIM1
SIM2
SIM3
SIM4
1
21
22
SIM5
SIM1
SIM2
SIM3
SIM4
1
21
22
SIM5
SIM1
SIM2
SIM3
SIM4
1
21
22
SIM5
SIM1
SIM2
SIM3
SIM4
1
21
22
SIM5
SIM1
SIM2
SIM3
SIM4
1
21
22
SIM5
SIM1
SIM2
SIM3
SIM4
1
21
22
SIM5
SIM1
SIM2
SIM3
SIM4
1
21
22
SIM5
SIM1
SIM2
SIM3
SIM4
1
21
22
SIM5
SIM1
SIM2
SIM3
SIM4
1
21
22
SIM5
SIM1
SIM2
SIM3
SIM4
1
21
22
SIM5
SIM1
SIM2
SIM3
SIM4
1
21
22
SIM5
SIM1
SIM2
SIM3
SIM4
1
21
22
SIM5
SIM1
SIM2
SIM3
SIM4
1
21
22
SIM5
SIM1
SIM2
SIM3
SIM4
1
21
22
SIM5
SIM1
SIM2
SIM3
SIM4
1
21
22
SIM5
SIM1
SIM2
SIM3
SIM4
1
21
22
SIM5
SIM1
SIM2
SIM3
SIM4
1
21
22
SIM5
SIM1
SIM2
SIM3
SIM4
1
21
22
SIM5
SIM1
SIM2
SIM3
SIM4
1
21
22
SIM5
SIM1
SIM2
SIM3
SIM4
1
21
22
SIM5
SIM1
SIM2
SIM3
SIM4
1
21
22
SIM5
SIM1
SIM2
SIM3
SIM4
1
21
22
SIM5
SIM1
SIM2
SIM3
SIM4
1
21
22
SIM5
SIM1
SIM2
SIM3
SIM4
1
21
22
SIM5
SIM1
SIM2
SIM3
SIM4
1
21
22
SIM5
SIM1
SIM2
SIM3
SIM4
1
21
22
SIM5
SIM1
SIM2
SIM3
SIM4
1
21
22
SIM5
SIM1
SIM2
SIM3
SIM4
1
21
22
SIM5
SIM1
SIM2
SIM3
SIM4
1
21
22
SIM5
SIM1
SIM2
SIM3
SIM4
1
21
22
SIM5
SIM1
SIM2
SIM3
SIM4
1
21
22
SIM5
SIM1
SIM2
SIM3
SIM4
1
21
22
SIM5
SIM1
SIM2
SIM3
SIM4
1
21
22
SIM5
SIM1
SIM2
SIM3
SIM4
1
21
22
SIM5
SIM1
SIM2
SIM3
SIM4
1
21
22
SIM5
SIM1
SIM2
SIM3
SIM4
1
21
22
SIM5
SIM1
SIM2
SIM3
SIM4
1
21
22
SIM5
SIM1
SIM2
SIM3
SIM4
1
21
22
SIM5
SIM1
SIM2
SIM3
SIM4
1
21
22
SIM5
SIM1
SIM2
SIM3
SIM4
1
21
22
SIM5
SIM1
SIM2
SIM3
SIM4
1
21
22
SIM5
SIM1
SIM2
SIM3
SIM4
1
21
22
SIM5
SIM1
SIM2
SIM3
SIM4
1
21
22
SIM5
SIM1
SIM2
SIM3
SIM4
1
21
22
SIM5
SIM1
SIM2
SIM3
SIM4
1
21
22
SIM5
SIM1
SIM2
SIM3
SIM4
1
21
22
SIM5
SIM1
SIM2
SIM3
SIM4
1
21
22
SIM5
SIM1
SIM2
SIM3
SIM4
1
21
22
SIM5
SIM1
SIM2
SIM3
SIM4
1
21
22
SIM5
SIM1
SIM2
SIM3
SIM4
1
21
22
SIM5
SIM1
SIM2
SIM3
SIM4
1
21
22
SIM5
SIM1
SIM2
SIM3
SIM4
1
21
22
SIM5
SIM1
SIM2
SIM3
SIM4
1
21
22
SIM5
SIM1
SIM2
SIM3
SIM4
1
21
22
SIM5
SIM1
SIM2
SIM3
SIM4
1
21
22
SIM5
SIM1
SIM2
SIM3
SIM4
1
21
22
SIM5
SIM1
SIM2
SIM3
SIM4
1
21
22
SIM5
SIM1
SIM2
SIM3
SIM4
1
21
22
SIM5
SIM1
SIM2
SIM3
SIM4
1
21
22
SIM5
SIM1
SIM2
SIM3
SIM4
1
21
22
SIM5
SIM1
SIM2
SIM3
SIM4
1
21
22
SIM5
SIM1
SIM2
SIM3
SIM4
1
21
22
SIM5
SIM1
SIM2
SIM3
SIM4
1
21
22
SIM5
SIM1
SIM2
SIM3
SIM4
1
21
22
SIM5
SIM1
SIM2
SIM3
SIM4
1
21
22
SIM5
SIM1
SIM2
SIM3
SIM4
1
21
22
SIM5
SIM1
SIM2
SIM3
SIM4
1
21
22
SIM5
SIM1
SIM2
SIM3
SIM4
1
21
22
SIM5
SIM1
SIM2
SIM3
SIM4
1
21
22
SIM5
SIM1
SIM2
SIM3
SIM4
1
21
22
SIM5
SIM1
SIM2
SIM3
SIM4
1
21
22
SIM5
SIM1
SIM2
SIM3
SIM4
1
21
22
SIM5
SIM1
SIM2
SIM3
SIM4
1
21
22
SIM5
SIM1
SIM2
SIM3
SIM4
1
21
22
SIM5
SIM1
SIM2
SIM3
SIM4
1
21
22
SIM5
SIM1
SIM2
SIM3
SIM4
1
21
22
SIM5
SIM1
SIM2
SIM3
SIM4
1
21
22
SIM5
SIM1
SIM2
SIM3
SIM4
1
21
22
SIM5
SIM1
SIM2
SIM3
SIM4
1
21
22
SIM5
SIM1
SIM2
SIM3
SIM4
1
21
22
SIM5
SIM1
SIM2
SIM3
SIM4
1
21
22
SIM5
SIM1
SIM2
SIM3
SIM4
1
21
22
SIM5
SIM1
SIM2
SIM3
SIM4
1
21
22
SIM5
SIM1
SIM2
SIM3
SIM4
1
21
22
SIM5
SIM1
SIM2
SIM3
SIM4
1
21
22
SIM5
SIM1
SIM2
SIM3
SIM4
1
21
22
SIM5
SIM1
SIM2
SIM3
SIM4
1
21
22
SIM5
SIM1
SIM2
SIM3
SIM4
1
21
22
SIM5
SIM1
SIM2
SIM3
SIM4
1
21
22
SIM5
SIM1
SIM2
SIM3
SIM4
1
21
22
SIM5
SIM1
SIM2
SIM3
SIM4
1
21
22
SIM5
SIM1
SIM2
SIM3
SIM4
1
21
22
SIM5
SIM1
SIM2
SIM3
SIM4
1
21
22
SIM5
SIM1
SIM2
SIM3
SIM4
1
21
22
SIM5
SIM1
SIM2
SIM3
SIM4
1
21
22
SIM5
SIM1
SIM2
SIM3
SIM4
1
21
22
SIM5
SIM1
SIM2
SIM3
SIM4
1
21
22
SIM5
SIM1
SIM2
SIM3
SIM4
1
21
22
SIM5
SIM1
SIM2
SIM3
SIM4
1
21
22
SIM5
SIM1
SIM2
SIM3
SIM4
1
21
22
SIM5
SIM1
SIM2
SIM3
SIM4
1
21
22
SIM5
SIM1
SIM2
SIM3
SIM4
1
21
22
SIM5
SIM1
SIM2
SIM3
SIM4
1
21
22
SIM5
SIM1
SIM2
SIM3
SIM4
1
21
22
SIM5
SIM1
SIM2
SIM3
SIM4
1
21
22
SIM5
SIM1
SIM2
SIM3
SIM4
1
21
22
SIM5
SIM1
SIM2
SIM3
SIM4
1
21
22
SIM5
SIM1
SIM2
SIM3
SIM4
1
21
22
SIM5
SIM1
SIM2
SIM3
SIM4
1
21
22
SIM5
SIM1
SIM2
SIM3
SIM4
1
21
22
SIM5
SIM1
SIM2
SIM3
SIM4
1
21
22
SIM5
SIM1
SIM2
SIM3
SIM4
1
21
22
SIM5
SIM1
SIM2
SIM3
SIM4
1
21
22
SIM5
SIM1
SIM2
SIM3
SIM4
1
21
22
SIM5
SIM1
SIM2
SIM3
SIM4
1
21
22
SIM5
SIM1
SIM2
SIM3
SIM4
1
21
22
SIM5
SIM1
SIM2
SIM3
SIM4
1
21
22
SIM5
SIM1
SIM2
SIM3
SIM4
1
21
22
SIM5
SIM1
SIM2
SIM3
SIM4
1
21
22
SIM5
SIM1
SIM2
SIM3
SIM4
1
21
22
SIM5
SIM1
SIM2
SIM3
SIM4
1
21
22
SIM5
SIM1
SIM2
SIM3
SIM4
1
21
22
SIM5
SIM1
SIM2
SIM3
SIM4
1
21
22
SIM5
SIM1
SIM2
SIM3
SIM4
1
21
22
SIM5
SIM1
SIM2
SIM3
SIM4
1
21
22
SIM5
SIM1
SIM2
SIM3
SIM4
1
21
22
SIM5
SIM1
SIM2
SIM3
SIM4
1
21
22
SIM5
SIM1
SIM2
SIM3
SIM4
1
21
22
SIM5
SIM1
SIM2
SIM3
SIM4
1
21
22
SIM5
SIM1
SIM2
SIM3
SIM4
1
21
22
SIM5
SIM1
SIM2
SIM3
SIM4
1
21
22
SIM5
SIM1
SIM2
SIM3
SIM4
1
21
22
SIM5
SIM1
SIM2
SIM3
SIM4
1
21
22
SIM5
SIM1
SIM2
SIM3
SIM4
1
21
22
SIM5
SIM1
SIM2
DEBUG 1 960
SIM1
SIM2
SIM3
SIM4
1
21
22
SIM5
SIM1
SIM2
SIM3
SIM4
1
21
22
SIM5
SIM1
SIM2
SIM3
SIM4
1
21
22
SIM5
SIM1
SIM2
SIM3
SIM4
1
21
22
SIM5
SIM1
SIM2
SIM3
SIM4
1
21
22
SIM5
SIM1
SIM2
SIM3
SIM4
1
21
22
SIM5
SIM1
SIM2
SIM3
SIM4
1
21
22
SIM5
SIM1
SIM2
SIM3
SIM4
1
21
22
SIM5
SIM1
SIM2
SIM3
SIM4
1
21
22
SIM5
SIM1
SIM2
SIM3
SIM4
1
21
22
SIM5
SIM1
SIM2
SIM3
SIM4
1
21
22
SIM5
SIM1
SIM2
SIM3
SIM4
1
21
22
SIM5
SIM1
SIM2
SIM3
SIM4
1
21
22
SIM5
SIM1
SIM2
SIM3
SIM4
1
21
22
SIM5
SIM1
SIM2
SIM3
SIM4
1
21
22
SIM5
SIM1
SIM2
SIM3
SIM4
1
21
22
SIM5
SIM1
SIM2
SIM3
SIM4
1
21
22
SIM5
SIM1
SIM2
SIM3
SIM4
1
21
22
SIM5
SIM1
SIM2
SIM3
SIM4
1
21
22
SIM5
SIM1
SIM2
SIM3
SIM4
1
21
22
SIM5
SIM1
SIM2
SIM3
SIM4
1
21
22
SIM5
SIM1
SIM2
SIM3
SIM4
1
21
22
SIM5
SIM1
SIM2
SIM3
SIM4
1
21
22
SIM5
SIM1
SIM2
SIM3
SIM4
1
21
22
SIM5
SIM1
SIM2
SIM3
SIM4
1
21
22
SIM5
SIM1
SIM2
SIM3
SIM4
1
21
22
SIM5
SIM1
SIM2
SIM3
SIM4
1
21
22
SIM5
SIM1
SIM2
SIM3
SIM4
1
21
22
SIM5
SIM1
SIM2
SIM3
SIM4
1
21
22
SIM5
SIM1
SIM2
SIM3
SIM4
1
21
22
SIM5
SIM1
SIM2
SIM3
SIM4
1
21
22
SIM5
SIM1
SIM2
SIM3
SIM4
1
21
22
SIM5
SIM1
SIM2
SIM3
SIM4
1
21
22
SIM5
SIM1
SIM2
SIM3
SIM4
1
21
22
SIM5
SIM1
SIM2
SIM3
SIM4
1
21
22
SIM5
SIM1
SIM2
SIM3
SIM4
1
21
22
SIM5
SIM1
SIM2
SIM3
SIM4
1
21
22
SIM5
SIM1
SIM2
SIM3
SIM4
1
21
22
SIM5
SIM1
SIM2
SIM3
SIM4
1
21
22
SIM5
SIM1
SIM2
SIM3
SIM4
1
21
22
SIM5
SIM1
SIM2
SIM3
SIM4
1
21
22
SIM5
SIM1
SIM2
SIM3
SIM4
1
21
22
SIM5
SIM1
SIM2
SIM3
SIM4
1
21
22
SIM5
SIM1
SIM2
SIM3
SIM4
1
21
22
SIM5
SIM1
SIM2
SIM3
SIM4
1
21
22
SIM5
SIM1
SIM2
SIM3
SIM4
1
21
22
SIM5
SIM1
SIM2
SIM3
SIM4
1
21
22
SIM5
SIM1
SIM2
SIM3
SIM4
1
21
22
SIM5
SIM1
SIM2
SIM3
SIM4
1
21
22
SIM5
SIM1
SIM2
SIM3
SIM4
1
21
22
SIM5
SIM1
SIM2
SIM3
SIM4
1
21
22
SIM5
SIM1
SIM2
SIM3
SIM4
1
21
22
SIM5
SIM1
SIM2
SIM3
SIM4
1
21
22
SIM5
SIM1
SIM2
SIM3
SIM4
1
21
22
SIM5
SIM1
SIM2
SIM3
SIM4
1
21
22
SIM5
SIM1
SIM2
SIM3
SIM4
1
21
22
SIM5
SIM1
SIM2
SIM3
SIM4
1
21
22
SIM5
SIM1
SIM2
SIM3
SIM4
1
21
22
SIM5
SIM1
SIM2
SIM3
SIM4
1
21
22
SIM5
SIM1
SIM2
SIM3
SIM4
1
21
22
SIM5
SIM1
SIM2
SIM3
SIM4
1
21
22
SIM5
SIM1
SIM2
SIM3
SIM4
1
21
22
SIM5
SIM1
SIM2
SIM3
SIM4
1
21
22
SIM5
SIM1
SIM2
SIM3
SIM4
1
21
22
SIM5
SIM1
SIM2
SIM3
SIM4
1
21
22
SIM5
SIM1
SIM2
SIM3
SIM4
1
21
22
SIM5
SIM1
SIM2
SIM3
SIM4
1
21
22
SIM5
SIM1
SIM2
SIM3
SIM4
1
21
22
SIM5
SIM1
SIM2
SIM3
SIM4
1
21
22
SIM5
SIM1
SIM2
SIM3
SIM4
1
21
22
SIM5
SIM1
SIM2
SIM3
SIM4
1
21
22
SIM5
SIM1
SIM2
SIM3
SIM4
1
21
22
SIM5
SIM1
SIM2
SIM3
SIM4
1
21
22
SIM5
SIM1
SIM2
SIM3
SIM4
1
21
22
SIM5
SIM1
SIM2
SIM3
SIM4
1
21
22
SIM5
SIM1
SIM2
SIM3
SIM4
1
21
22
SIM5
SIM1
SIM2
SIM3
SIM4
1
21
22
SIM5
SIM1
SIM2
SIM3
SIM4
1
21
22
SIM5
SIM1
SIM2
SIM3
SIM4
1
21
22
SIM5
SIM1
SIM2
SIM3
SIM4
1
21
22
SIM5
SIM1
SIM2
SIM3
SIM4
1
21
22
SIM5
SIM1
SIM2
SIM3
SIM4
1
21
22
SIM5
SIM1
SIM2
SIM3
SIM4
1
21
22
SIM5
SIM1
SIM2
SIM3
SIM4
1
21
22
SIM5
SIM1
SIM2
SIM3
SIM4
1
21
22
SIM5
SIM1
SIM2
SIM3
SIM4
1
21
22
SIM5
SIM1
SIM2
SIM3
SIM4
1
21
22
SIM5
SIM1
SIM2
SIM3
SIM4
1
21
22
SIM5
SIM1
SIM2
SIM3
SIM4
1
21
22
SIM5
SIM1
SIM2
SIM3
SIM4
1
21
22
SIM5
SIM1
SIM2
SIM3
SIM4
1
21
22
SIM5
SIM1
SIM2
SIM3
SIM4
1
21
22
SIM5
SIM1
SIM2
SIM3
SIM4
1
21
22
SIM5
SIM1
SIM2
SIM3
SIM4
1
21
22
SIM5
SIM1
SIM2
SIM3
SIM4
1
21
22
SIM5
SIM1
SIM2
SIM3
SIM4
1
21
22
SIM5
SIM1
SIM2
SIM3
SIM4
1
21
22
SIM5
SIM1
SIM2
SIM3
SIM4
1
21
22
SIM5
SIM1
SIM2
SIM3
SIM4
1
21
22
SIM5
SIM1
SIM2
SIM3
SIM4
1
21
22
SIM5
SIM1
SIM2
SIM3
SIM4
1
21
22
SIM5
SIM1
SIM2
SIM3
SIM4
1
21
22
SIM5
SIM1
SIM2
SIM3
SIM4
1
21
22
SIM5
SIM1
SIM2
SIM3
SIM4
1
21
22
SIM5
SIM1
SIM2
SIM3
SIM4
1
21
22
SIM5
SIM1
SIM2
SIM3
SIM4
1
21
22
SIM5
SIM1
SIM2
SIM3
SIM4
1
21
22
SIM5
SIM1
SIM2
SIM3
SIM4
1
21
22
SIM5
SIM1
SIM2
SIM3
SIM4
1
21
22
SIM5
SIM1
SIM2
SIM3
SIM4
1
21
22
SIM5
SIM1
SIM2
SIM3
SIM4
1
21
22
SIM5
SIM1
SIM2
SIM3
SIM4
1
21
22
SIM5
SIM1
SIM2
SIM3
SIM4
1
21
22
SIM5
SIM1
SIM2
SIM3
SIM4
1
21
22
SIM5
SIM1
SIM2
SIM3
SIM4
1
21
22
SIM5
SIM1
SIM2
SIM3
SIM4
1
21
22
SIM5
SIM1
SIM2
SIM3
SIM4
1
21
22
SIM5
SIM1
SIM2
SIM3
SIM4
1
21
22
SIM5
SIM1
SIM2
SIM3
SIM4
1
21
22
SIM5
SIM1
SIM2
SIM3
SIM4
1
21
22
SIM5
SIM1
SIM2
SIM3
SIM4
1
21
22
SIM5
SIM1
SIM2
SIM3
SIM4
1
21
22
SIM5
SIM1
SIM2
SIM3
SIM4
1
21
22
SIM5
SIM1
SIM2
SIM3
SIM4
1
21
22
SIM5
SIM1
SIM2
DEBUG 1 961
SIM1
SIM2
SIM3
SIM4
1
21
22
SIM5
SIM1
SIM2
SIM3
SIM4
1
21
22
SIM5
SIM1
SIM2
SIM3
SIM4
1
21
22
SIM5
SIM1
SIM2
SIM3
SIM4
1
21
22
SIM5
SIM1
SIM2
SIM3
SIM4
1
21
22
SIM5
SIM1
SIM2
SIM3
SIM4
1
21
22
SIM5
SIM1
SIM2
SIM3
SIM4
1
21
22
SIM5
SIM1
SIM2
SIM3
SIM4
1
21
22
SIM5
SIM1
SIM2
SIM3
SIM4
1
21
22
SIM5
SIM1
SIM2
SIM3
SIM4
1
21
22
SIM5
SIM1
SIM2
SIM3
SIM4
1
21
22
SIM5
SIM1
SIM2
SIM3
SIM4
1
21
22
SIM5
SIM1
SIM2
SIM3
SIM4
1
21
22
SIM5
SIM1
SIM2
SIM3
SIM4
1
21
22
SIM5
SIM1
SIM2
SIM3
SIM4
1
21
22
SIM5
SIM1
SIM2
SIM3
SIM4
1
21
22
SIM5
SIM1
SIM2
SIM3
SIM4
1
21
22
SIM5
SIM1
SIM2
SIM3
SIM4
1
21
22
SIM5
SIM1
SIM2
SIM3
SIM4
1
21
22
SIM5
SIM1
SIM2
SIM3
SIM4
1
21
22
SIM5
SIM1
SIM2
SIM3
SIM4
1
21
22
SIM5
SIM1
SIM2
SIM3
SIM4
1
21
22
SIM5
SIM1
SIM2
SIM3
SIM4
1
21
22
SIM5
SIM1
SIM2
SIM3
SIM4
1
21
22
SIM5
SIM1
SIM2
SIM3
SIM4
1
21
22
SIM5
SIM1
SIM2
SIM3
SIM4
1
21
22
SIM5
SIM1
SIM2
SIM3
SIM4
1
21
22
SIM5
SIM1
SIM2
SIM3
SIM4
1
21
22
SIM5
SIM1
SIM2
SIM3
SIM4
1
21
22
SIM5
SIM1
SIM2
SIM3
SIM4
1
21
22
SIM5
SIM1
SIM2
SIM3
SIM4
1
21
22
SIM5
SIM1
SIM2
SIM3
SIM4
1
21
22
SIM5
SIM1
SIM2
SIM3
SIM4
1
21
22
SIM5
SIM1
SIM2
SIM3
SIM4
1
21
22
SIM5
SIM1
SIM2
SIM3
SIM4
1
21
22
SIM5
SIM1
SIM2
SIM3
SIM4
1
21
22
SIM5
SIM1
SIM2
SIM3
SIM4
1
21
22
SIM5
SIM1
SIM2
SIM3
SIM4
1
21
22
SIM5
SIM1
SIM2
SIM3
SIM4
1
21
22
SIM5
SIM1
SIM2
SIM3
SIM4
1
21
22
SIM5
SIM1
SIM2
SIM3
SIM4
1
21
22
SIM5
SIM1
SIM2
SIM3
SIM4
1
21
22
SIM5
SIM1
SIM2
SIM3
SIM4
1
21
22
SIM5
SIM1
SIM2
SIM3
SIM4
1
21
22
SIM5
SIM1
SIM2
SIM3
SIM4
1
21
22
SIM5
SIM1
SIM2
SIM3
SIM4
1
21
22
SIM5
SIM1
SIM2
SIM3
SIM4
1
21
22
SIM5
SIM1
SIM2
SIM3
SIM4
1
21
22
SIM5
SIM1
SIM2
SIM3
SIM4
1
21
22
SIM5
SIM1
SIM2
SIM3
SIM4
1
21
22
SIM5
SIM1
SIM2
SIM3
SIM4
1
21
22
SIM5
SIM1
SIM2
SIM3
SIM4
1
21
22
SIM5
SIM1
SIM2
SIM3
SIM4
1
21
22
SIM5
SIM1
SIM2
SIM3
SIM4
1
21
22
SIM5
SIM1
SIM2
SIM3
SIM4
1
21
22
SIM5
SIM1
SIM2
SIM3
SIM4
1
21
22
SIM5
SIM1
SIM2
SIM3
SIM4
1
21
22
SIM5
SIM1
SIM2
SIM3
SIM4
1
21
22
SIM5
SIM1
SIM2
SIM3
SIM4
1
21
22
SIM5
SIM1
SIM2
SIM3
SIM4
1
21
22
SIM5
SIM1
SIM2
SIM3
SIM4
1
21
22
SIM5
SIM1
SIM2
SIM3
SIM4
1
21
22
SIM5
SIM1
SIM2
SIM3
SIM4
1
21
22
SIM5
SIM1
SIM2
SIM3
SIM4
1
21
22
SIM5
SIM1
SIM2
SIM3
SIM4
1
21
22
SIM5
SIM1
SIM2
SIM3
SIM4
1
21
22
SIM5
SIM1
SIM2
SIM3
SIM4
1
21
22
SIM5
SIM1
SIM2
SIM3
SIM4
1
21
22
SIM5
SIM1
SIM2
SIM3
SIM4
1
21
22
SIM5
SIM1
SIM2
SIM3
SIM4
1
21
22
SIM5
SIM1
SIM2
SIM3
SIM4
1
21
22
SIM5
SIM1
SIM2
SIM3
SIM4
1
21
22
SIM5
SIM1
SIM2
SIM3
SIM4
1
21
22
SIM5
SIM1
SIM2
SIM3
SIM4
1
21
22
SIM5
SIM1
SIM2
SIM3
SIM4
1
21
22
SIM5
SIM1
SIM2
SIM3
SIM4
1
21
22
SIM5
SIM1
SIM2
SIM3
SIM4
1
21
22
SIM5
SIM1
SIM2
SIM3
SIM4
1
21
22
SIM5
SIM1
SIM2
SIM3
SIM4
1
21
22
SIM5
SIM1
SIM2
SIM3
SIM4
1
21
22
SIM5
SIM1
SIM2
SIM3
SIM4
1
21
22
SIM5
SIM1
SIM2
SIM3
SIM4
1
21
22
SIM5
SIM1
SIM2
SIM3
SIM4
1
21
22
SIM5
SIM1
SIM2
SIM3
SIM4
1
21
22
SIM5
SIM1
SIM2
SIM3
SIM4
1
21
22
SIM5
SIM1
SIM2
SIM3
SIM4
1
21
22
SIM5
SIM1
SIM2
SIM3
SIM4
1
21
22
SIM5
SIM1
SIM2
SIM3
SIM4
1
21
22
SIM5
SIM1
SIM2
SIM3
SIM4
1
21
22
SIM5
SIM1
SIM2
SIM3
SIM4
1
21
22
SIM5
SIM1
SIM2
SIM3
SIM4
1
21
22
SIM5
SIM1
SIM2
SIM3
SIM4
1
21
22
SIM5
SIM1
SIM2
SIM3
SIM4
1
21
22
SIM5
SIM1
SIM2
SIM3
SIM4
1
21
22
SIM5
SIM1
SIM2
SIM3
SIM4
1
21
22
SIM5
SIM1
SIM2
SIM3
SIM4
1
21
22
SIM5
SIM1
SIM2
SIM3
SIM4
1
21
22
SIM5
SIM1
SIM2
SIM3
SIM4
1
21
22
SIM5
SIM1
SIM2
SIM3
SIM4
1
21
22
SIM5
SIM1
SIM2
SIM3
SIM4
1
21
22
SIM5
SIM1
SIM2
SIM3
SIM4
1
21
22
SIM5
SIM1
SIM2
SIM3
SIM4
1
21
22
SIM5
SIM1
SIM2
SIM3
SIM4
1
21
22
SIM5
SIM1
SIM2
SIM3
SIM4
1
21
22
SIM5
SIM1
SIM2
SIM3
SIM4
1
21
22
SIM5
SIM1
SIM2
SIM3
SIM4
1
21
22
SIM5
SIM1
SIM2
SIM3
SIM4
1
21
22
SIM5
SIM1
SIM2
SIM3
SIM4
1
21
22
SIM5
SIM1
SIM2
SIM3
SIM4
1
21
22
SIM5
SIM1
SIM2
SIM3
SIM4
1
21
22
SIM5
SIM1
SIM2
SIM3
SIM4
1
21
22
SIM5
SIM1
SIM2
SIM3
SIM4
1
21
22
SIM5
SIM1
SIM2
SIM3
SIM4
1
21
22
SIM5
SIM1
SIM2
SIM3
SIM4
1
21
22
SIM5
SIM1
SIM2
SIM3
SIM4
1
21
22
SIM5
SIM1
SIM2
SIM3
SIM4
1
21
22
SIM5
SIM1
SIM2
SIM3
SIM4
1
21
22
SIM5
SIM1
SIM2
SIM3
SIM4
1
21
22
SIM5
SIM1
SIM2
SIM3
SIM4
1
21
22
SIM5
SIM1
SIM2
SIM3
SIM4
1
21
22
SIM5
SIM1
SIM2
SIM3
SIM4
1
21
22
SIM5
SIM1
SIM2
SIM3
SIM4
1
21
22
SIM5
SIM1
SIM2
SIM3
SIM4
1
21
22
SIM5
SIM1
SIM2
SIM3
SIM4
1
21
22
SIM5
SIM1
SIM2
SIM3
SIM4
1
21
22
SIM5
SIM1
SIM2
SIM3
SIM4
1
21
22
SIM5
SIM1
SIM2
SIM3
SIM4
1
21
22
SIM5
SIM1
SIM2
SIM3
SIM4
1
21
22
SIM5
SIM1
SIM2
SIM3
SIM4
1
21
22
SIM5
SIM1
SIM2
SIM3
SIM4
1
21
22
SIM5
SIM1
SIM2
SIM3
SIM4
1
21
22
SIM5
SIM1
SIM2
SIM3
SIM4
1
21
22
SIM5
SIM1
SIM2
SIM3
SIM4
1
21
22
SIM5
SIM1
SIM2
SIM3
SIM4
1
21
22
SIM5
SIM1
SIM2
SIM3
SIM4
1
21
22
SIM5
SIM1
SIM2
SIM3
SIM4
1
21
22
SIM5
SIM1
SIM2
SIM3
SIM4
1
21
22
SIM5
SIM1
SIM2
SIM3
SIM4
1
21
22
SIM5
SIM1
SIM2
SIM3
SIM4
1
21
22
SIM5
SIM1
SIM2
SIM3
SIM4
1
21
22
SIM5
SIM1
SIM2
SIM3
SIM4
1
21
22
SIM5
SIM1
SIM2
SIM3
SIM4
1
21
22
SIM5
SIM1
SIM2
SIM3
SIM4
1
21
22
SIM5
SIM1
SIM2
SIM3
SIM4
1
21
22
SIM5
SIM1
SIM2
SIM3
SIM4
1
21
22
SIM5
SIM1
SIM2
SIM3
SIM4
1
21
22
SIM5
SIM1
SIM2
SIM3
SIM4
1
21
22
SIM5
SIM1
SIM2
SIM3
SIM4
1
21
22
SIM5
SIM1
SIM2
SIM3
SIM4
1
21
22
SIM5
SIM1
SIM2
SIM3
SIM4
1
21
22
SIM5
SIM1
SIM2
SIM3
SIM4
1
21
22
SIM5
SIM1
SIM2
SIM3
SIM4
1
21
22
SIM5
SIM1
SIM2
SIM3
SIM4
1
21
22
SIM5
SIM1
SIM2
SIM3
SIM4
1
21
22
SIM5
SIM1
SIM2
SIM3
SIM4
1
21
22
SIM5
SIM1
SIM2
SIM3
SIM4
1
21
22
SIM5
SIM1
SIM2
SIM3
SIM4
1
21
22
SIM5
SIM1
SIM2
SIM3
SIM4
1
21
22
SIM5
SIM1
SIM2
SIM3
SIM4
1
21
22
SIM5
SIM1
SIM2
SIM3
SIM4
1
21
22
SIM5
SIM1
SIM2
SIM3
SIM4
1
21
22
SIM5
SIM1
SIM2
SIM3
SIM4
1
21
22
SIM5
SIM1
SIM2
SIM3
SIM4
1
21
22
SIM5
SIM1
SIM2
SIM3
SIM4
1
21
22
SIM5
SIM1
SIM2
SIM3
SIM4
1
21
22
SIM5
SIM1
SIM2
SIM3
SIM4
1
21
22
SIM5
SIM1
SIM2
SIM3
SIM4
1
21
22
SIM5
SIM1
SIM2
SIM3
SIM4
1
21
22
SIM5
SIM1
SIM2
SIM3
SIM4
1
21
22
SIM5
SIM1
SIM2
SIM3
SIM4
1
21
22
SIM5
SIM1
SIM2
SIM3
SIM4
1
21
22
SIM5
SIM1
SIM2
SIM3
SIM4
1
21
22
SIM5
SIM1
SIM2
SIM3
SIM4
1
21
22
SIM5
SIM1
SIM2
SIM3
SIM4
1
21
22
SIM5
SIM1
SIM2
SIM3
SIM4
1
21
22
SIM5
SIM1
SIM2
SIM3
SIM4
1
21
22
SIM5
SIM1
SIM2
SIM3
SIM4
1
21
22
SIM5
SIM1
SIM2
SIM3
SIM4
1
21
22
SIM5
SIM1
SIM2
SIM3
SIM4
1
21
22
SIM5
SIM1
SIM2
SIM3
SIM4
1
21
22
SIM5
SIM1
SIM2
SIM3
SIM4
1
21
22
SIM5
SIM1
SIM2
SIM3
SIM4
1
21
22
SIM5
SIM1
SIM2
SIM3
SIM4
1
21
22
SIM5
SIM1
SIM2
SIM3
SIM4
1
21
22
SIM5
SIM1
SIM2
SIM3
SIM4
1
21
22
SIM5
SIM1
SIM2
SIM3
SIM4
1
21
22
SIM5
SIM1
SIM2
SIM3
SIM4
1
21
22
SIM5
SIM1
SIM2
SIM3
SIM4
1
21
22
SIM5
SIM1
SIM2
SIM3
SIM4
1
21
22
SIM5
SIM1
SIM2
SIM3
SIM4
1
21
22
SIM5
SIM1
SIM2
SIM3
SIM4
1
21
22
SIM5
SIM1
SIM2
SIM3
SIM4
1
21
22
SIM5
SIM1
SIM2
SIM3
SIM4
1
21
22
SIM5
SIM1
SIM2
SIM3
SIM4
1
21
22
SIM5
SIM1
SIM2
SIM3
SIM4
1
21
22
SIM5
SIM1
SIM2
SIM3
SIM4
1
21
22
SIM5
SIM1
SIM2
SIM3
SIM4
1
21
22
SIM5
SIM1
SIM2
SIM3
SIM4
1
21
22
SIM5
SIM1
SIM2
SIM3
SIM4
1
21
22
SIM5
SIM1
SIM2
SIM3
SIM4
1
21
22
SIM5
SIM1
SIM2
SIM3
SIM4
1
21
22
SIM5
SIM1
SIM2
SIM3
SIM4
1
21
22
SIM5
SIM1
SIM2
SIM3
SIM4
1
21
22
SIM5
SIM1
SIM2
SIM3
SIM4
1
21
22
SIM5
SIM1
SIM2
SIM3
SIM4
1
21
22
SIM5
SIM1
SIM2
SIM3
SIM4
1
21
22
SIM5
SIM1
SIM2
SIM3
SIM4
1
21
22
SIM5
SIM1
SIM2
SIM3
SIM4
1
21
22
SIM5
SIM1
SIM2
SIM3
SIM4
1
21
22
SIM5
SIM1
SIM2
SIM3
SIM4
1
21
22
SIM5
SIM1
SIM2
SIM3
SIM4
1
21
22
SIM5
SIM1
SIM2
SIM3
SIM4
1
21
22
SIM5
SIM1
SIM2
SIM3
SIM4
1
21
22
SIM5
SIM1
SIM2
SIM3
SIM4
1
21
22
SIM5
SIM1
SIM2
SIM3
SIM4
1
21
22
SIM5
SIM1
SIM2
SIM3
SIM4
1
21
22
SIM5
SIM1
SIM2
SIM3
SIM4
1
21
22
SIM5
SIM1
SIM2
SIM3
SIM4
1
21
22
SIM5
SIM1
SIM2
SIM3
SIM4
1
21
22
SIM5
SIM1
SIM2
SIM3
SIM4
1
21
22
SIM5
SIM1
SIM2
SIM3
SIM4
1
21
22
SIM5
SIM1
SIM2
SIM3
SIM4
1
21
22
SIM5
SIM1
SIM2
SIM3
SIM4
1
21
22
SIM5
SIM1
SIM2
SIM3
SIM4
1
21
22
SIM5
SIM1
SIM2
SIM3
SIM4
1
21
22
SIM5
SIM1
SIM2
SIM3
SIM4
1
21
22
SIM5
SIM1
SIM2
SIM3
SIM4
1
21
22
SIM5
SIM1
SIM2
SIM3
SIM4
1
21
22
SIM5
SIM1
SIM2
SIM3
SIM4
1
21
22
SIM5
SIM1
SIM2
SIM3
SIM4
1
21
22
SIM5
SIM1
SIM2
SIM3
SIM4
1
21
22
SIM5
SIM1
SIM2
SIM3
SIM4
1
21
22
SIM5
SIM1
SIM2
SIM3
SIM4
1
21
22
SIM5
SIM1
SIM2
SIM3
SIM4
1
21
22
SIM5
SIM1
SIM2
SIM3
SIM4
1
21
22
SIM5
SIM1
SIM2
SIM3
SIM4
1
21
22
SIM5
SIM1
SIM2
SIM3
SIM4
1
21
22
SIM5
SIM1
SIM2
SIM3
SIM4
1
21
22
SIM5
SIM1
SIM2
SIM3
SIM4
1
21
22
SIM5
SIM1
SIM2
SIM3
SIM4
1
21
22
SIM5
SIM1
SIM2
SIM3
SIM4
1
21
22
SIM5
SIM1
SIM2
SIM3
SIM4
1
21
22
SIM5
SIM1
SIM2
SIM3
SIM4
1
21
22
SIM5
SIM1
SIM2
SIM3
SIM4
1
21
22
SIM5
SIM1
SIM2
SIM3
SIM4
1
21
22
SIM5
SIM1
SIM2
SIM3
SIM4
1
21
22
SIM5
SIM1
SIM2
SIM3
SIM4
1
21
22
SIM5
SIM1
SIM2
SIM3
SIM4
1
21
22
SIM5
SIM1
SIM2
SIM3
SIM4
1
21
22
SIM5
SIM1
SIM2
SIM3
SIM4
1
21
22
SIM5
SIM1
SIM2
SIM3
SIM4
1
21
22
SIM5
SIM1
SIM2
SIM3
SIM4
1
21
22
SIM5
SIM1
SIM2
SIM3
SIM4
1
21
22
SIM5
SIM1
SIM2
SIM3
SIM4
1
21
22
SIM5
SIM1
SIM2
SIM3
SIM4
1
21
22
SIM5
SIM1
SIM2
SIM3
SIM4
1
21
22
SIM5
SIM1
SIM2
SIM3
SIM4
1
21
22
SIM5
SIM1
SIM2
SIM3
SIM4
1
21
22
SIM5
SIM1
SIM2
SIM3
SIM4
1
21
22
SIM5
SIM1
SIM2
SIM3
SIM4
1
21
22
SIM5
SIM1
SIM2
SIM3
SIM4
1
21
22
SIM5
SIM1
SIM2
DEBUG 1 962
SIM1
SIM2
SIM3
SIM4
1
21
22
SIM5
SIM1
SIM2
SIM3
SIM4
1
21
22
SIM5
SIM1
SIM2
SIM3
SIM4
1
21
22
SIM5
SIM1
SIM2
SIM3
SIM4
1
21
22
SIM5
SIM1
SIM2
SIM3
SIM4
1
21
22
SIM5
SIM1
SIM2
SIM3
SIM4
1
21
22
SIM5
SIM1
SIM2
SIM3
SIM4
1
21
22
SIM5
SIM1
SIM2
SIM3
SIM4
1
21
22
SIM5
SIM1
SIM2
SIM3
SIM4
1
21
22
SIM5
SIM1
SIM2
SIM3
SIM4
1
21
22
SIM5
SIM1
SIM2
SIM3
SIM4
1
21
22
SIM5
SIM1
SIM2
SIM3
SIM4
1
21
22
SIM5
SIM1
SIM2
SIM3
SIM4
1
21
22
SIM5
SIM1
SIM2
SIM3
SIM4
1
21
22
SIM5
SIM1
SIM2
SIM3
SIM4
1
21
22
SIM5
SIM1
SIM2
SIM3
SIM4
1
21
22
SIM5
SIM1
SIM2
SIM3
SIM4
1
21
22
SIM5
SIM1
SIM2
SIM3
SIM4
1
21
22
SIM5
SIM1
SIM2
SIM3
SIM4
1
21
22
SIM5
SIM1
SIM2
SIM3
SIM4
1
21
22
SIM5
SIM1
SIM2
SIM3
SIM4
1
21
22
SIM5
SIM1
SIM2
SIM3
SIM4
1
21
22
SIM5
SIM1
SIM2
SIM3
SIM4
1
21
22
SIM5
SIM1
SIM2
SIM3
SIM4
1
21
22
SIM5
SIM1
SIM2
SIM3
SIM4
1
21
22
SIM5
SIM1
SIM2
SIM3
SIM4
1
21
22
SIM5
SIM1
SIM2
SIM3
SIM4
1
21
22
SIM5
SIM1
SIM2
SIM3
SIM4
1
21
22
SIM5
SIM1
SIM2
SIM3
SIM4
1
21
22
SIM5
SIM1
SIM2
SIM3
SIM4
1
21
22
SIM5
SIM1
SIM2
SIM3
SIM4
1
21
22
SIM5
SIM1
SIM2
SIM3
SIM4
1
21
22
SIM5
SIM1
SIM2
SIM3
SIM4
1
21
22
SIM5
SIM1
SIM2
SIM3
SIM4
1
21
22
SIM5
SIM1
SIM2
SIM3
SIM4
1
21
22
SIM5
SIM1
SIM2
SIM3
SIM4
1
21
22
SIM5
SIM1
SIM2
SIM3
SIM4
1
21
22
SIM5
SIM1
SIM2
SIM3
SIM4
1
21
22
SIM5
SIM1
SIM2
SIM3
SIM4
1
21
22
SIM5
SIM1
SIM2
SIM3
SIM4
1
21
22
SIM5
SIM1
SIM2
SIM3
SIM4
1
21
22
SIM5
SIM1
SIM2
SIM3
SIM4
1
21
22
SIM5
SIM1
SIM2
SIM3
SIM4
1
21
22
SIM5
SIM1
SIM2
SIM3
SIM4
1
21
22
SIM5
SIM1
SIM2
SIM3
SIM4
1
21
22
SIM5
SIM1
SIM2
SIM3
SIM4
1
21
22
SIM5
SIM1
SIM2
SIM3
SIM4
1
21
22
SIM5
SIM1
SIM2
SIM3
SIM4
1
21
22
SIM5
SIM1
SIM2
SIM3
SIM4
1
21
22
SIM5
SIM1
SIM2
SIM3
SIM4
1
21
22
SIM5
SIM1
SIM2
SIM3
SIM4
1
21
22
SIM5
SIM1
SIM2
SIM3
SIM4
1
21
22
SIM5
SIM1
SIM2
SIM3
SIM4
1
21
22
SIM5
SIM1
SIM2
SIM3
SIM4
1
21
22
SIM5
SIM1
SIM2
SIM3
SIM4
1
21
22
SIM5
SIM1
SIM2
SIM3
SIM4
1
21
22
SIM5
SIM1
SIM2
SIM3
SIM4
1
21
22
SIM5
SIM1
SIM2
SIM3
SIM4
1
21
22
SIM5
SIM1
SIM2
SIM3
SIM4
1
21
22
SIM5
SIM1
SIM2
SIM3
SIM4
1
21
22
SIM5
SIM1
SIM2
SIM3
SIM4
1
21
22
SIM5
SIM1
SIM2
SIM3
SIM4
1
21
22
SIM5
SIM1
SIM2
SIM3
SIM4
1
21
22
SIM5
SIM1
SIM2
SIM3
SIM4
1
21
22
SIM5
SIM1
SIM2
SIM3
SIM4
1
21
22
SIM5
SIM1
SIM2
SIM3
SIM4
1
21
22
SIM5
SIM1
SIM2
SIM3
SIM4
1
21
22
SIM5
SIM1
SIM2
SIM3
SIM4
1
21
22
SIM5
SIM1
SIM2
SIM3
SIM4
1
21
22
SIM5
SIM1
SIM2
SIM3
SIM4
1
21
22
SIM5
SIM1
SIM2
SIM3
SIM4
1
21
22
SIM5
SIM1
SIM2
SIM3
SIM4
1
21
22
SIM5
SIM1
SIM2
SIM3
SIM4
1
21
22
SIM5
SIM1
SIM2
SIM3
SIM4
1
21
22
SIM5
SIM1
SIM2
SIM3
SIM4
1
21
22
SIM5
SIM1
SIM2
SIM3
SIM4
1
21
22
SIM5
SIM1
SIM2
SIM3
SIM4
1
21
22
SIM5
SIM1
SIM2
SIM3
SIM4
1
21
22
SIM5
SIM1
SIM2
SIM3
SIM4
1
21
22
SIM5
SIM1
SIM2
SIM3
SIM4
1
21
22
SIM5
SIM1
SIM2
SIM3
SIM4
1
21
22
SIM5
SIM1
SIM2
SIM3
SIM4
1
21
22
SIM5
SIM1
SIM2
SIM3
SIM4
1
21
22
SIM5
SIM1
SIM2
SIM3
SIM4
1
21
22
SIM5
SIM1
SIM2
SIM3
SIM4
1
21
22
SIM5
SIM1
SIM2
SIM3
SIM4
1
21
22
SIM5
SIM1
SIM2
SIM3
SIM4
1
21
22
SIM5
SIM1
SIM2
SIM3
SIM4
1
21
22
SIM5
SIM1
SIM2
SIM3
SIM4
1
21
22
SIM5
SIM1
SIM2
SIM3
SIM4
1
21
22
SIM5
SIM1
SIM2
SIM3
SIM4
1
21
22
SIM5
SIM1
SIM2
SIM3
SIM4
1
21
22
SIM5
SIM1
SIM2
SIM3
SIM4
1
21
22
SIM5
SIM1
SIM2
SIM3
SIM4
1
21
22
SIM5
SIM1
SIM2
SIM3
SIM4
1
21
22
SIM5
SIM1
SIM2
SIM3
SIM4
1
21
22
SIM5
SIM1
SIM2
SIM3
SIM4
1
21
22
SIM5
SIM1
SIM2
SIM3
SIM4
1
21
22
SIM5
SIM1
SIM2
SIM3
SIM4
1
21
22
SIM5
SIM1
SIM2
SIM3
SIM4
1
21
22
SIM5
SIM1
SIM2
SIM3
SIM4
1
21
22
SIM5
SIM1
SIM2
SIM3
SIM4
1
21
22
SIM5
SIM1
SIM2
SIM3
SIM4
1
21
22
SIM5
SIM1
SIM2
SIM3
SIM4
1
21
22
SIM5
SIM1
SIM2
SIM3
SIM4
1
21
22
SIM5
SIM1
SIM2
SIM3
SIM4
1
21
22
SIM5
SIM1
SIM2
SIM3
SIM4
1
21
22
SIM5
SIM1
SIM2
SIM3
SIM4
1
21
22
SIM5
SIM1
SIM2
SIM3
SIM4
1
21
22
SIM5
SIM1
SIM2
SIM3
SIM4
1
21
22
SIM5
SIM1
SIM2
SIM3
SIM4
1
21
22
SIM5
SIM1
SIM2
SIM3
SIM4
1
21
22
SIM5
SIM1
SIM2
SIM3
SIM4
1
21
22
SIM5
SIM1
SIM2
SIM3
SIM4
1
21
22
SIM5
SIM1
SIM2
SIM3
SIM4
1
21
22
SIM5
SIM1
SIM2
SIM3
SIM4
1
21
22
SIM5
SIM1
SIM2
SIM3
SIM4
1
21
22
SIM5
SIM1
SIM2
SIM3
SIM4
1
21
22
SIM5
SIM1
SIM2
SIM3
SIM4
1
21
22
SIM5
SIM1
SIM2
SIM3
SIM4
1
21
22
SIM5
SIM1
SIM2
SIM3
SIM4
1
21
22
SIM5
SIM1
SIM2
SIM3
SIM4
1
21
22
SIM5
SIM1
SIM2
SIM3
SIM4
1
21
22
SIM5
SIM1
SIM2
SIM3
SIM4
1
21
22
SIM5
SIM1
SIM2
SIM3
SIM4
1
21
22
SIM5
SIM1
SIM2
SIM3
SIM4
1
21
22
SIM5
SIM1
SIM2
SIM3
SIM4
1
21
22
SIM5
SIM1
SIM2
SIM3
SIM4
1
21
22
SIM5
SIM1
SIM2
SIM3
SIM4
1
21
22
SIM5
SIM1
SIM2
SIM3
SIM4
1
21
22
SIM5
SIM1
SIM2
SIM3
SIM4
1
21
22
SIM5
SIM1
SIM2
SIM3
SIM4
1
21
22
SIM5
SIM1
SIM2
SIM3
SIM4
1
21
22
SIM5
SIM1
SIM2
SIM3
SIM4
1
21
22
SIM5
SIM1
SIM2
SIM3
SIM4
1
21
22
SIM5
SIM1
SIM2
SIM3
SIM4
1
21
22
SIM5
SIM1
SIM2
SIM3
SIM4
1
21
22
SIM5
SIM1
SIM2
SIM3
SIM4
1
21
22
SIM5
SIM1
SIM2
SIM3
SIM4
1
21
22
SIM5
SIM1
SIM2
SIM3
SIM4
1
21
22
SIM5
SIM1
SIM2
SIM3
SIM4
1
21
22
SIM5
SIM1
SIM2
SIM3
SIM4
1
21
22
SIM5
SIM1
SIM2
SIM3
SIM4
1
21
22
SIM5
SIM1
SIM2
SIM3
SIM4
1
21
22
SIM5
SIM1
SIM2
SIM3
SIM4
1
21
22
SIM5
SIM1
SIM2
SIM3
SIM4
1
21
22
SIM5
SIM1
SIM2
SIM3
SIM4
1
21
22
SIM5
SIM1
SIM2
SIM3
SIM4
1
21
22
SIM5
SIM1
SIM2
SIM3
SIM4
1
21
22
SIM5
SIM1
SIM2
SIM3
SIM4
1
21
22
SIM5
SIM1
SIM2
SIM3
SIM4
1
21
22
SIM5
SIM1
SIM2
SIM3
SIM4
1
21
22
SIM5
SIM1
SIM2
SIM3
SIM4
1
21
22
SIM5
SIM1
SIM2
SIM3
SIM4
1
21
22
SIM5
SIM1
SIM2
SIM3
SIM4
1
21
22
SIM5
SIM1
SIM2
SIM3
SIM4
1
21
22
SIM5
SIM1
SIM2
SIM3
SIM4
1
21
22
SIM5
SIM1
SIM2
SIM3
SIM4
1
21
22
SIM5
SIM1
SIM2
SIM3
SIM4
1
21
22
SIM5
SIM1
SIM2
SIM3
SIM4
1
21
22
SIM5
SIM1
SIM2
SIM3
SIM4
1
21
22
SIM5
SIM1
SIM2
SIM3
SIM4
1
21
22
SIM5
SIM1
SIM2
SIM3
SIM4
1
21
22
SIM5
SIM1
SIM2
SIM3
SIM4
1
21
22
SIM5
SIM1
SIM2
SIM3
SIM4
1
21
22
SIM5
SIM1
SIM2
SIM3
SIM4
1
21
22
SIM5
SIM1
SIM2
SIM3
SIM4
1
21
22
SIM5
SIM1
SIM2
SIM3
SIM4
1
21
22
SIM5
SIM1
SIM2
SIM3
SIM4
1
21
22
SIM5
SIM1
SIM2
SIM3
SIM4
1
21
22
SIM5
SIM1
SIM2
SIM3
SIM4
1
21
22
SIM5
SIM1
SIM2
SIM3
SIM4
1
21
22
SIM5
SIM1
SIM2
SIM3
SIM4
1
21
22
SIM5
SIM1
SIM2
SIM3
SIM4
1
21
22
SIM5
SIM1
SIM2
SIM3
SIM4
1
21
22
SIM5
SIM1
SIM2
DEBUG 1 963
SIM1
SIM2
SIM3
SIM4
1
21
22
SIM5
SIM1
SIM2
SIM3
SIM4
1
21
22
SIM5
SIM1
SIM2
SIM3
SIM4
1
21
22
SIM5
SIM1
SIM2
SIM3
SIM4
1
21
22
SIM5
SIM1
SIM2
SIM3
SIM4
1
21
22
SIM5
SIM1
SIM2
SIM3
SIM4
1
21
22
SIM5
SIM1
SIM2
SIM3
SIM4
1
21
22
SIM5
SIM1
SIM2
SIM3
SIM4
1
21
22
SIM5
SIM1
SIM2
SIM3
SIM4
1
21
22
SIM5
SIM1
SIM2
SIM3
SIM4
1
21
22
SIM5
SIM1
SIM2
SIM3
SIM4
1
21
22
SIM5
SIM1
SIM2
SIM3
SIM4
1
21
22
SIM5
SIM1
SIM2
SIM3
SIM4
1
21
22
SIM5
SIM1
SIM2
SIM3
SIM4
1
21
22
SIM5
SIM1
SIM2
SIM3
SIM4
1
21
22
SIM5
SIM1
SIM2
SIM3
SIM4
1
21
22
SIM5
SIM1
SIM2
SIM3
SIM4
1
21
22
SIM5
SIM1
SIM2
SIM3
SIM4
1
21
22
SIM5
SIM1
SIM2
SIM3
SIM4
1
21
22
SIM5
SIM1
SIM2
SIM3
SIM4
1
21
22
SIM5
SIM1
SIM2
SIM3
SIM4
1
21
22
SIM5
SIM1
SIM2
SIM3
SIM4
1
21
22
SIM5
SIM1
SIM2
SIM3
SIM4
1
21
22
SIM5
SIM1
SIM2
SIM3
SIM4
1
21
22
SIM5
SIM1
SIM2
SIM3
SIM4
1
21
22
SIM5
SIM1
SIM2
SIM3
SIM4
1
21
22
SIM5
SIM1
SIM2
SIM3
SIM4
1
21
22
SIM5
SIM1
SIM2
SIM3
SIM4
1
21
22
SIM5
SIM1
SIM2
SIM3
SIM4
1
21
22
SIM5
SIM1
SIM2
SIM3
SIM4
1
21
22
SIM5
SIM1
SIM2
SIM3
SIM4
1
21
22
SIM5
SIM1
SIM2
SIM3
SIM4
1
21
22
SIM5
SIM1
SIM2
SIM3
SIM4
1
21
22
SIM5
SIM1
SIM2
SIM3
SIM4
1
21
22
SIM5
SIM1
SIM2
SIM3
SIM4
1
21
22
SIM5
SIM1
SIM2
SIM3
SIM4
1
21
22
SIM5
SIM1
SIM2
SIM3
SIM4
1
21
22
SIM5
SIM1
SIM2
SIM3
SIM4
1
21
22
SIM5
SIM1
SIM2
SIM3
SIM4
1
21
22
SIM5
SIM1
SIM2
SIM3
SIM4
1
21
22
SIM5
SIM1
SIM2
SIM3
SIM4
1
21
22
SIM5
SIM1
SIM2
SIM3
SIM4
1
21
22
SIM5
SIM1
SIM2
SIM3
SIM4
1
21
22
SIM5
SIM1
SIM2
SIM3
SIM4
1
21
22
SIM5
SIM1
SIM2
SIM3
SIM4
1
21
22
SIM5
SIM1
SIM2
SIM3
SIM4
1
21
22
SIM5
SIM1
SIM2
SIM3
SIM4
1
21
22
SIM5
SIM1
SIM2
SIM3
SIM4
1
21
22
SIM5
SIM1
SIM2
SIM3
SIM4
1
21
22
SIM5
SIM1
SIM2
SIM3
SIM4
1
21
22
SIM5
SIM1
SIM2
SIM3
SIM4
1
21
22
SIM5
SIM1
SIM2
SIM3
SIM4
1
21
22
SIM5
SIM1
SIM2
SIM3
SIM4
1
21
22
SIM5
SIM1
SIM2
SIM3
SIM4
1
21
22
SIM5
SIM1
SIM2
SIM3
SIM4
1
21
22
SIM5
SIM1
SIM2
SIM3
SIM4
1
21
22
SIM5
SIM1
SIM2
SIM3
SIM4
1
21
22
SIM5
SIM1
SIM2
SIM3
SIM4
1
21
22
SIM5
SIM1
SIM2
SIM3
SIM4
1
21
22
SIM5
SIM1
SIM2
SIM3
SIM4
1
21
22
SIM5
SIM1
SIM2
SIM3
SIM4
1
21
22
SIM5
SIM1
SIM2
SIM3
SIM4
1
21
22
SIM5
SIM1
SIM2
SIM3
SIM4
1
21
22
SIM5
SIM1
SIM2
SIM3
SIM4
1
21
22
SIM5
SIM1
SIM2
SIM3
SIM4
1
21
22
SIM5
SIM1
SIM2
SIM3
SIM4
1
21
22
SIM5
SIM1
SIM2
SIM3
SIM4
1
21
22
SIM5
SIM1
SIM2
SIM3
SIM4
1
21
22
SIM5
SIM1
SIM2
SIM3
SIM4
1
21
22
SIM5
SIM1
SIM2
SIM3
SIM4
1
21
22
SIM5
SIM1
SIM2
SIM3
SIM4
1
21
22
SIM5
SIM1
SIM2
SIM3
SIM4
1
21
22
SIM5
SIM1
SIM2
SIM3
SIM4
1
21
22
SIM5
SIM1
SIM2
SIM3
SIM4
1
21
22
SIM5
SIM1
SIM2
SIM3
SIM4
1
21
22
SIM5
SIM1
SIM2
SIM3
SIM4
1
21
22
SIM5
SIM1
SIM2
SIM3
SIM4
1
21
22
SIM5
SIM1
SIM2
SIM3
SIM4
1
21
22
SIM5
SIM1
SIM2
SIM3
SIM4
1
21
22
SIM5
SIM1
SIM2
SIM3
SIM4
1
21
22
SIM5
SIM1
SIM2
SIM3
SIM4
1
21
22
SIM5
SIM1
SIM2
SIM3
SIM4
1
21
22
SIM5
SIM1
SIM2
SIM3
SIM4
1
21
22
SIM5
SIM1
SIM2
SIM3
SIM4
1
21
22
SIM5
SIM1
SIM2
SIM3
SIM4
1
21
22
SIM5
SIM1
SIM2
SIM3
SIM4
1
21
22
SIM5
SIM1
SIM2
SIM3
SIM4
1
21
22
SIM5
SIM1
SIM2
SIM3
SIM4
1
21
22
SIM5
SIM1
SIM2
SIM3
SIM4
1
21
22
SIM5
SIM1
SIM2
SIM3
SIM4
1
21
22
SIM5
SIM1
SIM2
SIM3
SIM4
1
21
22
SIM5
SIM1
SIM2
SIM3
SIM4
1
21
22
SIM5
SIM1
SIM2
SIM3
SIM4
1
21
22
SIM5
SIM1
SIM2
SIM3
SIM4
1
21
22
SIM5
SIM1
SIM2
SIM3
SIM4
1
21
22
SIM5
SIM1
SIM2
SIM3
SIM4
1
21
22
SIM5
SIM1
SIM2
SIM3
SIM4
1
21
22
SIM5
SIM1
SIM2
SIM3
SIM4
1
21
22
SIM5
SIM1
SIM2
SIM3
SIM4
1
21
22
SIM5
SIM1
SIM2
SIM3
SIM4
1
21
22
SIM5
SIM1
SIM2
SIM3
SIM4
1
21
22
SIM5
SIM1
SIM2
SIM3
SIM4
1
21
22
SIM5
SIM1
SIM2
SIM3
SIM4
1
21
22
SIM5
SIM1
SIM2
SIM3
SIM4
1
21
22
SIM5
SIM1
SIM2
SIM3
SIM4
1
21
22
SIM5
SIM1
SIM2
SIM3
SIM4
1
21
22
SIM5
SIM1
SIM2
SIM3
SIM4
1
21
22
SIM5
SIM1
SIM2
SIM3
SIM4
1
21
22
SIM5
SIM1
SIM2
SIM3
SIM4
1
21
22
SIM5
SIM1
SIM2
SIM3
SIM4
1
21
22
SIM5
SIM1
SIM2
SIM3
SIM4
1
21
22
SIM5
SIM1
SIM2
SIM3
SIM4
1
21
22
SIM5
SIM1
SIM2
SIM3
SIM4
1
21
22
SIM5
SIM1
SIM2
SIM3
SIM4
1
21
22
SIM5
SIM1
SIM2
SIM3
SIM4
1
21
22
SIM5
SIM1
SIM2
SIM3
SIM4
1
21
22
SIM5
SIM1
SIM2
SIM3
SIM4
1
21
22
SIM5
SIM1
SIM2
SIM3
SIM4
1
21
22
SIM5
SIM1
SIM2
SIM3
SIM4
1
21
22
SIM5
SIM1
SIM2
SIM3
SIM4
1
21
22
SIM5
SIM1
SIM2
SIM3
SIM4
1
21
22
SIM5
SIM1
SIM2
SIM3
SIM4
1
21
22
SIM5
SIM1
SIM2
SIM3
SIM4
1
21
22
SIM5
SIM1
SIM2
SIM3
SIM4
1
21
22
SIM5
SIM1
SIM2
SIM3
SIM4
1
21
22
SIM5
SIM1
SIM2
SIM3
SIM4
1
21
22
SIM5
SIM1
SIM2
SIM3
SIM4
1
21
22
SIM5
SIM1
SIM2
SIM3
SIM4
1
21
22
SIM5
SIM1
SIM2
SIM3
SIM4
1
21
22
SIM5
SIM1
SIM2
SIM3
SIM4
1
21
22
SIM5
SIM1
SIM2
SIM3
SIM4
1
21
22
SIM5
SIM1
SIM2
SIM3
SIM4
1
21
22
SIM5
SIM1
SIM2
SIM3
SIM4
1
21
22
SIM5
SIM1
SIM2
SIM3
SIM4
1
21
22
SIM5
SIM1
SIM2
SIM3
SIM4
1
21
22
SIM5
SIM1
SIM2
SIM3
SIM4
1
21
22
SIM5
SIM1
SIM2
SIM3
SIM4
1
21
22
SIM5
SIM1
SIM2
SIM3
SIM4
1
21
22
SIM5
SIM1
SIM2
SIM3
SIM4
1
21
22
SIM5
SIM1
SIM2
SIM3
SIM4
1
21
22
SIM5
SIM1
SIM2
SIM3
SIM4
1
21
22
SIM5
SIM1
SIM2
SIM3
SIM4
1
21
22
SIM5
SIM1
SIM2
SIM3
SIM4
1
21
22
SIM5
SIM1
SIM2
SIM3
SIM4
1
21
22
SIM5
SIM1
SIM2
SIM3
SIM4
1
21
22
SIM5
SIM1
SIM2
SIM3
SIM4
1
21
22
SIM5
SIM1
SIM2
SIM3
SIM4
1
21
22
SIM5
SIM1
SIM2
SIM3
SIM4
1
21
22
SIM5
SIM1
SIM2
SIM3
SIM4
1
21
22
SIM5
SIM1
SIM2
SIM3
SIM4
1
21
22
SIM5
SIM1
SIM2
SIM3
SIM4
1
21
22
SIM5
SIM1
SIM2
SIM3
SIM4
1
21
22
SIM5
SIM1
SIM2
SIM3
SIM4
1
21
22
SIM5
SIM1
SIM2
SIM3
SIM4
1
21
22
SIM5
SIM1
SIM2
SIM3
SIM4
1
21
22
SIM5
SIM1
SIM2
SIM3
SIM4
1
21
22
SIM5
SIM1
SIM2
SIM3
SIM4
1
21
22
SIM5
SIM1
SIM2
SIM3
SIM4
1
21
22
SIM5
SIM1
SIM2
SIM3
SIM4
1
21
22
SIM5
SIM1
SIM2
SIM3
SIM4
1
21
22
SIM5
SIM1
SIM2
SIM3
SIM4
1
21
22
SIM5
SIM1
SIM2
SIM3
SIM4
1
21
22
SIM5
SIM1
SIM2
SIM3
SIM4
1
21
22
SIM5
SIM1
SIM2
SIM3
SIM4
1
21
22
SIM5
SIM1
SIM2
SIM3
SIM4
1
21
22
SIM5
SIM1
SIM2
SIM3
SIM4
1
21
22
SIM5
SIM1
SIM2
SIM3
SIM4
1
21
22
SIM5
SIM1
SIM2
SIM3
SIM4
1
21
22
SIM5
SIM1
SIM2
SIM3
SIM4
1
21
22
SIM5
SIM1
SIM2
SIM3
SIM4
1
21
22
SIM5
SIM1
SIM2
SIM3
SIM4
1
21
22
SIM5
SIM1
SIM2
SIM3
SIM4
1
21
22
SIM5
SIM1
SIM2
SIM3
SIM4
1
21
22
SIM5
SIM1
SIM2
SIM3
SIM4
1
21
22
SIM5
SIM1
SIM2
SIM3
SIM4
1
21
22
SIM5
SIM1
SIM2
SIM3
SIM4
1
21
22
SIM5
SIM1
SIM2
SIM3
SIM4
1
21
22
SIM5
SIM1
SIM2
SIM3
SIM4
1
21
22
SIM5
SIM1
SIM2
SIM3
SIM4
1
21
22
SIM5
SIM1
SIM2
SIM3
SIM4
1
21
22
SIM5
SIM1
SIM2
SIM3
SIM4
1
21
22
SIM5
SIM1
SIM2
SIM3
SIM4
1
21
22
SIM5
SIM1
SIM2
SIM3
SIM4
1
21
22
SIM5
SIM1
SIM2
SIM3
SIM4
1
21
22
SIM5
SIM1
SIM2
SIM3
SIM4
1
21
22
SIM5
SIM1
SIM2
SIM3
SIM4
1
21
22
SIM5
SIM1
SIM2
SIM3
SIM4
1
21
22
SIM5
SIM1
SIM2
SIM3
SIM4
1
21
22
SIM5
SIM1
SIM2
SIM3
SIM4
1
21
22
SIM5
SIM1
SIM2
SIM3
SIM4
1
21
22
SIM5
SIM1
SIM2
SIM3
SIM4
1
21
22
SIM5
SIM1
SIM2
SIM3
SIM4
1
21
22
SIM5
SIM1
SIM2
SIM3
SIM4
1
21
22
SIM5
SIM1
SIM2
SIM3
SIM4
1
21
22
SIM5
SIM1
SIM2
SIM3
SIM4
1
21
22
SIM5
SIM1
SIM2
SIM3
SIM4
1
21
22
SIM5
SIM1
SIM2
SIM3
SIM4
1
21
22
SIM5
SIM1
SIM2
SIM3
SIM4
1
21
22
SIM5
SIM1
SIM2
SIM3
SIM4
1
21
22
SIM5
SIM1
SIM2
SIM3
SIM4
1
21
22
SIM5
SIM1
SIM2
SIM3
SIM4
1
21
22
SIM5
SIM1
SIM2
SIM3
SIM4
1
21
22
SIM5
SIM1
SIM2
SIM3
SIM4
1
21
22
SIM5
SIM1
SIM2
SIM3
SIM4
1
21
22
SIM5
SIM1
SIM2
SIM3
SIM4
1
21
22
SIM5
SIM1
SIM2
SIM3
SIM4
1
21
22
SIM5
SIM1
SIM2
SIM3
SIM4
1
21
22
SIM5
SIM1
SIM2
SIM3
SIM4
1
21
22
SIM5
SIM1
SIM2
SIM3
SIM4
1
21
22
SIM5
SIM1
SIM2
SIM3
SIM4
1
21
22
SIM5
SIM1
SIM2
SIM3
SIM4
1
21
22
SIM5
SIM1
SIM2
DEBUG 1 964
SIM1
SIM2
SIM3
SIM4
1
21
22
SIM5
SIM1
SIM2
SIM3
SIM4
1
21
22
SIM5
SIM1
SIM2
SIM3
SIM4
1
21
22
SIM5
SIM1
SIM2
SIM3
SIM4
1
21
22
SIM5
SIM1
SIM2
SIM3
SIM4
1
21
22
SIM5
SIM1
SIM2
SIM3
SIM4
1
21
22
SIM5
SIM1
SIM2
SIM3
SIM4
1
21
22
SIM5
SIM1
SIM2
SIM3
SIM4
1
21
22
SIM5
SIM1
SIM2
SIM3
SIM4
1
21
22
SIM5
SIM1
SIM2
SIM3
SIM4
1
21
22
SIM5
SIM1
SIM2
SIM3
SIM4
1
21
22
SIM5
SIM1
SIM2
SIM3
SIM4
1
21
22
SIM5
SIM1
SIM2
SIM3
SIM4
1
21
22
SIM5
SIM1
SIM2
SIM3
SIM4
1
21
22
SIM5
SIM1
SIM2
SIM3
SIM4
1
21
22
SIM5
SIM1
SIM2
SIM3
SIM4
1
21
22
SIM5
SIM1
SIM2
SIM3
SIM4
1
21
22
SIM5
SIM1
SIM2
SIM3
SIM4
1
21
22
SIM5
SIM1
SIM2
SIM3
SIM4
1
21
22
SIM5
SIM1
SIM2
SIM3
SIM4
1
21
22
SIM5
SIM1
SIM2
SIM3
SIM4
1
21
22
SIM5
SIM1
SIM2
SIM3
SIM4
1
21
22
SIM5
SIM1
SIM2
SIM3
SIM4
1
21
22
SIM5
SIM1
SIM2
SIM3
SIM4
1
21
22
SIM5
SIM1
SIM2
SIM3
SIM4
1
21
22
SIM5
SIM1
SIM2
SIM3
SIM4
1
21
22
SIM5
SIM1
SIM2
SIM3
SIM4
1
21
22
SIM5
SIM1
SIM2
SIM3
SIM4
1
21
22
SIM5
SIM1
SIM2
SIM3
SIM4
1
21
22
SIM5
SIM1
SIM2
SIM3
SIM4
1
21
22
SIM5
SIM1
SIM2
SIM3
SIM4
1
21
22
SIM5
SIM1
SIM2
SIM3
SIM4
1
21
22
SIM5
SIM1
SIM2
SIM3
SIM4
1
21
22
SIM5
SIM1
SIM2
SIM3
SIM4
1
21
22
SIM5
SIM1
SIM2
SIM3
SIM4
1
21
22
SIM5
SIM1
SIM2
SIM3
SIM4
1
21
22
SIM5
SIM1
SIM2
SIM3
SIM4
1
21
22
SIM5
SIM1
SIM2
SIM3
SIM4
1
21
22
SIM5
SIM1
SIM2
SIM3
SIM4
1
21
22
SIM5
SIM1
SIM2
SIM3
SIM4
1
21
22
SIM5
SIM1
SIM2
SIM3
SIM4
1
21
22
SIM5
SIM1
SIM2
SIM3
SIM4
1
21
22
SIM5
SIM1
SIM2
SIM3
SIM4
1
21
22
SIM5
SIM1
SIM2
SIM3
SIM4
1
21
22
SIM5
SIM1
SIM2
SIM3
SIM4
1
21
22
SIM5
SIM1
SIM2
SIM3
SIM4
1
21
22
SIM5
SIM1
SIM2
SIM3
SIM4
1
21
22
SIM5
SIM1
SIM2
SIM3
SIM4
1
21
22
SIM5
SIM1
SIM2
SIM3
SIM4
1
21
22
SIM5
SIM1
SIM2
SIM3
SIM4
1
21
22
SIM5
SIM1
SIM2
SIM3
SIM4
1
21
22
SIM5
SIM1
SIM2
SIM3
SIM4
1
21
22
SIM5
SIM1
SIM2
SIM3
SIM4
1
21
22
SIM5
SIM1
SIM2
SIM3
SIM4
1
21
22
SIM5
SIM1
SIM2
SIM3
SIM4
1
21
22
SIM5
SIM1
SIM2
SIM3
SIM4
1
21
22
SIM5
SIM1
SIM2
SIM3
SIM4
1
21
22
SIM5
SIM1
SIM2
SIM3
SIM4
1
21
22
SIM5
SIM1
SIM2
SIM3
SIM4
1
21
22
SIM5
SIM1
SIM2
SIM3
SIM4
1
21
22
SIM5
SIM1
SIM2
SIM3
SIM4
1
21
22
SIM5
SIM1
SIM2
SIM3
SIM4
1
21
22
SIM5
SIM1
SIM2
SIM3
SIM4
1
21
22
SIM5
SIM1
SIM2
SIM3
SIM4
1
21
22
SIM5
SIM1
SIM2
SIM3
SIM4
1
21
22
SIM5
SIM1
SIM2
SIM3
SIM4
1
21
22
SIM5
SIM1
SIM2
SIM3
SIM4
1
21
22
SIM5
SIM1
SIM2
SIM3
SIM4
1
21
22
SIM5
SIM1
SIM2
SIM3
SIM4
1
21
22
SIM5
SIM1
SIM2
SIM3
SIM4
1
21
22
SIM5
SIM1
SIM2
SIM3
SIM4
1
21
22
SIM5
SIM1
SIM2
SIM3
SIM4
1
21
22
SIM5
SIM1
SIM2
SIM3
SIM4
1
21
22
SIM5
SIM1
SIM2
SIM3
SIM4
1
21
22
SIM5
SIM1
SIM2
SIM3
SIM4
1
21
22
SIM5
SIM1
SIM2
SIM3
SIM4
1
21
22
SIM5
SIM1
SIM2
SIM3
SIM4
1
21
22
SIM5
SIM1
SIM2
SIM3
SIM4
1
21
22
SIM5
SIM1
SIM2
SIM3
SIM4
1
21
22
SIM5
SIM1
SIM2
SIM3
SIM4
1
21
22
SIM5
SIM1
SIM2
SIM3
SIM4
1
21
22
SIM5
SIM1
SIM2
SIM3
SIM4
1
21
22
SIM5
SIM1
SIM2
SIM3
SIM4
1
21
22
SIM5
SIM1
SIM2
SIM3
SIM4
1
21
22
SIM5
SIM1
SIM2
SIM3
SIM4
1
21
22
SIM5
SIM1
SIM2
SIM3
SIM4
1
21
22
SIM5
SIM1
SIM2
SIM3
SIM4
1
21
22
SIM5
SIM1
SIM2
SIM3
SIM4
1
21
22
SIM5
SIM1
SIM2
SIM3
SIM4
1
21
22
SIM5
SIM1
SIM2
SIM3
SIM4
1
21
22
SIM5
SIM1
SIM2
SIM3
SIM4
1
21
22
SIM5
SIM1
SIM2
SIM3
SIM4
1
21
22
SIM5
SIM1
SIM2
SIM3
SIM4
1
21
22
SIM5
SIM1
SIM2
SIM3
SIM4
1
21
22
SIM5
SIM1
SIM2
SIM3
SIM4
1
21
22
SIM5
SIM1
SIM2
SIM3
SIM4
1
21
22
SIM5
SIM1
SIM2
SIM3
SIM4
1
21
22
SIM5
SIM1
SIM2
SIM3
SIM4
1
21
22
SIM5
SIM1
SIM2
SIM3
SIM4
1
21
22
SIM5
SIM1
SIM2
SIM3
SIM4
1
21
22
SIM5
SIM1
SIM2
SIM3
SIM4
1
21
22
SIM5
SIM1
SIM2
SIM3
SIM4
1
21
22
SIM5
SIM1
SIM2
SIM3
SIM4
1
21
22
SIM5
SIM1
SIM2
SIM3
SIM4
1
21
22
SIM5
SIM1
SIM2
SIM3
SIM4
1
21
22
SIM5
SIM1
SIM2
SIM3
SIM4
1
21
22
SIM5
SIM1
SIM2
SIM3
SIM4
1
21
22
SIM5
SIM1
SIM2
SIM3
SIM4
1
21
22
SIM5
SIM1
SIM2
SIM3
SIM4
1
21
22
SIM5
SIM1
SIM2
SIM3
SIM4
1
21
22
SIM5
SIM1
SIM2
SIM3
SIM4
1
21
22
SIM5
SIM1
SIM2
SIM3
SIM4
1
21
22
SIM5
SIM1
SIM2
SIM3
SIM4
1
21
22
SIM5
SIM1
SIM2
SIM3
SIM4
1
21
22
SIM5
SIM1
SIM2
SIM3
SIM4
1
21
22
SIM5
SIM1
SIM2
SIM3
SIM4
1
21
22
SIM5
SIM1
SIM2
SIM3
SIM4
1
21
22
SIM5
SIM1
SIM2
SIM3
SIM4
1
21
22
SIM5
SIM1
SIM2
SIM3
SIM4
1
21
22
SIM5
SIM1
SIM2
SIM3
SIM4
1
21
22
SIM5
SIM1
SIM2
SIM3
SIM4
1
21
22
SIM5
SIM1
SIM2
SIM3
SIM4
1
21
22
SIM5
SIM1
SIM2
SIM3
SIM4
1
21
22
SIM5
SIM1
SIM2
SIM3
SIM4
1
21
22
SIM5
SIM1
SIM2
SIM3
SIM4
1
21
22
SIM5
SIM1
SIM2
SIM3
SIM4
1
21
22
SIM5
SIM1
SIM2
SIM3
SIM4
1
21
22
SIM5
SIM1
SIM2
SIM3
SIM4
1
21
22
SIM5
SIM1
SIM2
SIM3
SIM4
1
21
22
SIM5
SIM1
SIM2
SIM3
SIM4
1
21
22
SIM5
SIM1
SIM2
SIM3
SIM4
1
21
22
SIM5
SIM1
SIM2
SIM3
SIM4
1
21
22
SIM5
SIM1
SIM2
SIM3
SIM4
1
21
22
SIM5
SIM1
SIM2
SIM3
SIM4
1
21
22
SIM5
SIM1
SIM2
SIM3
SIM4
1
21
22
SIM5
SIM1
SIM2
SIM3
SIM4
1
21
22
SIM5
SIM1
SIM2
SIM3
SIM4
1
21
22
SIM5
SIM1
SIM2
SIM3
SIM4
1
21
22
SIM5
SIM1
SIM2
SIM3
SIM4
1
21
22
SIM5
SIM1
SIM2
SIM3
SIM4
1
21
22
SIM5
SIM1
SIM2
SIM3
SIM4
1
21
22
SIM5
SIM1
SIM2
SIM3
SIM4
1
21
22
SIM5
SIM1
SIM2
SIM3
SIM4
1
21
22
SIM5
SIM1
SIM2
SIM3
SIM4
1
21
22
SIM5
SIM1
SIM2
SIM3
SIM4
1
21
22
SIM5
SIM1
SIM2
SIM3
SIM4
1
21
22
SIM5
SIM1
SIM2
SIM3
SIM4
1
21
22
SIM5
SIM1
SIM2
SIM3
SIM4
1
21
22
SIM5
SIM1
SIM2
SIM3
SIM4
1
21
22
SIM5
SIM1
SIM2
SIM3
SIM4
1
21
22
SIM5
SIM1
SIM2
SIM3
SIM4
1
21
22
SIM5
SIM1
SIM2
SIM3
SIM4
1
21
22
SIM5
SIM1
SIM2
SIM3
SIM4
1
21
22
SIM5
SIM1
SIM2
SIM3
SIM4
1
21
22
SIM5
SIM1
SIM2
SIM3
SIM4
1
21
22
SIM5
SIM1
SIM2
SIM3
SIM4
1
21
22
SIM5
SIM1
SIM2
SIM3
SIM4
1
21
22
SIM5
SIM1
SIM2
SIM3
SIM4
1
21
22
SIM5
SIM1
SIM2
SIM3
SIM4
1
21
22
SIM5
SIM1
SIM2
SIM3
SIM4
1
21
22
SIM5
SIM1
SIM2
SIM3
SIM4
1
21
22
SIM5
SIM1
SIM2
SIM3
SIM4
1
21
22
SIM5
SIM1
SIM2
SIM3
SIM4
1
21
22
SIM5
SIM1
SIM2
SIM3
SIM4
1
21
22
SIM5
SIM1
SIM2
SIM3
SIM4
1
21
22
SIM5
SIM1
SIM2
SIM3
SIM4
1
21
22
SIM5
SIM1
SIM2
SIM3
SIM4
1
21
22
SIM5
SIM1
SIM2
SIM3
SIM4
1
21
22
SIM5
SIM1
SIM2
SIM3
SIM4
1
21
22
SIM5
SIM1
SIM2
SIM3
SIM4
1
21
22
SIM5
SIM1
SIM2
SIM3
SIM4
1
21
22
SIM5
SIM1
SIM2
SIM3
SIM4
1
21
22
SIM5
SIM1
SIM2
SIM3
SIM4
1
21
22
SIM5
SIM1
SIM2
SIM3
SIM4
1
21
22
SIM5
SIM1
SIM2
SIM3
SIM4
1
21
22
SIM5
SIM1
SIM2
SIM3
SIM4
1
21
22
SIM5
SIM1
SIM2
SIM3
SIM4
1
21
22
SIM5
SIM1
SIM2
SIM3
SIM4
1
21
22
SIM5
SIM1
SIM2
SIM3
SIM4
1
21
22
SIM5
SIM1
SIM2
SIM3
SIM4
1
21
22
SIM5
SIM1
SIM2
SIM3
SIM4
1
21
22
SIM5
SIM1
SIM2
SIM3
SIM4
1
21
22
SIM5
SIM1
SIM2
SIM3
SIM4
1
21
22
SIM5
SIM1
SIM2
SIM3
SIM4
1
21
22
SIM5
SIM1
SIM2
SIM3
SIM4
1
21
22
SIM5
SIM1
SIM2
SIM3
SIM4
1
21
22
SIM5
SIM1
SIM2
SIM3
SIM4
1
21
22
SIM5
SIM1
SIM2
SIM3
SIM4
1
21
22
SIM5
SIM1
SIM2
SIM3
SIM4
1
21
22
SIM5
SIM1
SIM2
SIM3
SIM4
1
21
22
SIM5
SIM1
SIM2
SIM3
SIM4
1
21
22
SIM5
SIM1
SIM2
SIM3
SIM4
1
21
22
SIM5
SIM1
SIM2
SIM3
SIM4
1
21
22
SIM5
SIM1
SIM2
SIM3
SIM4
1
21
22
SIM5
SIM1
SIM2
SIM3
SIM4
1
21
22
SIM5
SIM1
SIM2
DEBUG 1 965
SIM1
SIM2
SIM3
SIM4
1
21
22
SIM5
SIM1
SIM2
SIM3
SIM4
1
21
22
SIM5
SIM1
SIM2
SIM3
SIM4
1
21
22
SIM5
SIM1
SIM2
SIM3
SIM4
1
21
22
SIM5
SIM1
SIM2
SIM3
SIM4
1
21
22
SIM5
SIM1
SIM2
SIM3
SIM4
1
21
22
SIM5
SIM1
SIM2
SIM3
SIM4
1
21
22
SIM5
SIM1
SIM2
SIM3
SIM4
1
21
22
SIM5
SIM1
SIM2
SIM3
SIM4
1
21
22
SIM5
SIM1
SIM2
SIM3
SIM4
1
21
22
SIM5
SIM1
SIM2
SIM3
SIM4
1
21
22
SIM5
SIM1
SIM2
SIM3
SIM4
1
21
22
SIM5
SIM1
SIM2
SIM3
SIM4
1
21
22
SIM5
SIM1
SIM2
SIM3
SIM4
1
21
22
SIM5
SIM1
SIM2
SIM3
SIM4
1
21
22
SIM5
SIM1
SIM2
SIM3
SIM4
1
21
22
SIM5
SIM1
SIM2
SIM3
SIM4
1
21
22
SIM5
SIM1
SIM2
SIM3
SIM4
1
21
22
SIM5
SIM1
SIM2
SIM3
SIM4
1
21
22
SIM5
SIM1
SIM2
SIM3
SIM4
1
21
22
SIM5
SIM1
SIM2
SIM3
SIM4
1
21
22
SIM5
SIM1
SIM2
SIM3
SIM4
1
21
22
SIM5
SIM1
SIM2
SIM3
SIM4
1
21
22
SIM5
SIM1
SIM2
SIM3
SIM4
1
21
22
SIM5
SIM1
SIM2
SIM3
SIM4
1
21
22
SIM5
SIM1
SIM2
SIM3
SIM4
1
21
22
SIM5
SIM1
SIM2
SIM3
SIM4
1
21
22
SIM5
SIM1
SIM2
SIM3
SIM4
1
21
22
SIM5
SIM1
SIM2
SIM3
SIM4
1
21
22
SIM5
SIM1
SIM2
SIM3
SIM4
1
21
22
SIM5
SIM1
SIM2
SIM3
SIM4
1
21
22
SIM5
SIM1
SIM2
SIM3
SIM4
1
21
22
SIM5
SIM1
SIM2
SIM3
SIM4
1
21
22
SIM5
SIM1
SIM2
SIM3
SIM4
1
21
22
SIM5
SIM1
SIM2
SIM3
SIM4
1
21
22
SIM5
SIM1
SIM2
SIM3
SIM4
1
21
22
SIM5
SIM1
SIM2
SIM3
SIM4
1
21
22
SIM5
SIM1
SIM2
SIM3
SIM4
1
21
22
SIM5
SIM1
SIM2
SIM3
SIM4
1
21
22
SIM5
SIM1
SIM2
SIM3
SIM4
1
21
22
SIM5
SIM1
SIM2
SIM3
SIM4
1
21
22
SIM5
SIM1
SIM2
SIM3
SIM4
1
21
22
SIM5
SIM1
SIM2
SIM3
SIM4
1
21
22
SIM5
SIM1
SIM2
SIM3
SIM4
1
21
22
SIM5
SIM1
SIM2
SIM3
SIM4
1
21
22
SIM5
SIM1
SIM2
SIM3
SIM4
1
21
22
SIM5
SIM1
SIM2
SIM3
SIM4
1
21
22
SIM5
SIM1
SIM2
SIM3
SIM4
1
21
22
SIM5
SIM1
SIM2
SIM3
SIM4
1
21
22
SIM5
SIM1
SIM2
SIM3
SIM4
1
21
22
SIM5
SIM1
SIM2
SIM3
SIM4
1
21
22
SIM5
SIM1
SIM2
SIM3
SIM4
1
21
22
SIM5
SIM1
SIM2
SIM3
SIM4
1
21
22
SIM5
SIM1
SIM2
SIM3
SIM4
1
21
22
SIM5
SIM1
SIM2
SIM3
SIM4
1
21
22
SIM5
SIM1
SIM2
SIM3
SIM4
1
21
22
SIM5
SIM1
SIM2
SIM3
SIM4
1
21
22
SIM5
SIM1
SIM2
SIM3
SIM4
1
21
22
SIM5
SIM1
SIM2
SIM3
SIM4
1
21
22
SIM5
SIM1
SIM2
SIM3
SIM4
1
21
22
SIM5
SIM1
SIM2
SIM3
SIM4
1
21
22
SIM5
SIM1
SIM2
SIM3
SIM4
1
21
22
SIM5
SIM1
SIM2
SIM3
SIM4
1
21
22
SIM5
SIM1
SIM2
SIM3
SIM4
1
21
22
SIM5
SIM1
SIM2
SIM3
SIM4
1
21
22
SIM5
SIM1
SIM2
SIM3
SIM4
1
21
22
SIM5
SIM1
SIM2
SIM3
SIM4
1
21
22
SIM5
SIM1
SIM2
SIM3
SIM4
1
21
22
SIM5
SIM1
SIM2
SIM3
SIM4
1
21
22
SIM5
SIM1
SIM2
SIM3
SIM4
1
21
22
SIM5
SIM1
SIM2
SIM3
SIM4
1
21
22
SIM5
SIM1
SIM2
SIM3
SIM4
1
21
22
SIM5
SIM1
SIM2
SIM3
SIM4
1
21
22
SIM5
SIM1
SIM2
SIM3
SIM4
1
21
22
SIM5
SIM1
SIM2
SIM3
SIM4
1
21
22
SIM5
SIM1
SIM2
SIM3
SIM4
1
21
22
SIM5
SIM1
SIM2
SIM3
SIM4
1
21
22
SIM5
SIM1
SIM2
SIM3
SIM4
1
21
22
SIM5
SIM1
SIM2
SIM3
SIM4
1
21
22
SIM5
SIM1
SIM2
SIM3
SIM4
1
21
22
SIM5
SIM1
SIM2
SIM3
SIM4
1
21
22
SIM5
SIM1
SIM2
SIM3
SIM4
1
21
22
SIM5
SIM1
SIM2
SIM3
SIM4
1
21
22
SIM5
SIM1
SIM2
SIM3
SIM4
1
21
22
SIM5
SIM1
SIM2
SIM3
SIM4
1
21
22
SIM5
SIM1
SIM2
SIM3
SIM4
1
21
22
SIM5
SIM1
SIM2
SIM3
SIM4
1
21
22
SIM5
SIM1
SIM2
SIM3
SIM4
1
21
22
SIM5
SIM1
SIM2
SIM3
SIM4
1
21
22
SIM5
SIM1
SIM2
SIM3
SIM4
1
21
22
SIM5
SIM1
SIM2
SIM3
SIM4
1
21
22
SIM5
SIM1
SIM2
SIM3
SIM4
1
21
22
SIM5
SIM1
SIM2
SIM3
SIM4
1
21
22
SIM5
SIM1
SIM2
SIM3
SIM4
1
21
22
SIM5
SIM1
SIM2
SIM3
SIM4
1
21
22
SIM5
SIM1
SIM2
SIM3
SIM4
1
21
22
SIM5
SIM1
SIM2
SIM3
SIM4
1
21
22
SIM5
SIM1
SIM2
SIM3
SIM4
1
21
22
SIM5
SIM1
SIM2
SIM3
SIM4
1
21
22
SIM5
SIM1
SIM2
SIM3
SIM4
1
21
22
SIM5
SIM1
SIM2
SIM3
SIM4
1
21
22
SIM5
SIM1
SIM2
SIM3
SIM4
1
21
22
SIM5
SIM1
SIM2
SIM3
SIM4
1
21
22
SIM5
SIM1
SIM2
SIM3
SIM4
1
21
22
SIM5
SIM1
SIM2
SIM3
SIM4
1
21
22
SIM5
SIM1
SIM2
SIM3
SIM4
1
21
22
SIM5
SIM1
SIM2
SIM3
SIM4
1
21
22
SIM5
SIM1
SIM2
SIM3
SIM4
1
21
22
SIM5
SIM1
SIM2
SIM3
SIM4
1
21
22
SIM5
SIM1
SIM2
SIM3
SIM4
1
21
22
SIM5
SIM1
SIM2
SIM3
SIM4
1
21
22
SIM5
SIM1
SIM2
SIM3
SIM4
1
21
22
SIM5
SIM1
SIM2
SIM3
SIM4
1
21
22
SIM5
SIM1
SIM2
SIM3
SIM4
1
21
22
SIM5
SIM1
SIM2
SIM3
SIM4
1
21
22
SIM5
SIM1
SIM2
SIM3
SIM4
1
21
22
SIM5
SIM1
SIM2
SIM3
SIM4
1
21
22
SIM5
SIM1
SIM2
SIM3
SIM4
1
21
22
SIM5
SIM1
SIM2
SIM3
SIM4
1
21
22
SIM5
SIM1
SIM2
SIM3
SIM4
1
21
22
SIM5
SIM1
SIM2
SIM3
SIM4
1
21
22
SIM5
SIM1
SIM2
SIM3
SIM4
1
21
22
SIM5
SIM1
SIM2
SIM3
SIM4
1
21
22
SIM5
SIM1
SIM2
SIM3
SIM4
1
21
22
SIM5
SIM1
SIM2
SIM3
SIM4
1
21
22
SIM5
SIM1
SIM2
SIM3
SIM4
1
21
22
SIM5
SIM1
SIM2
SIM3
SIM4
1
21
22
SIM5
SIM1
SIM2
SIM3
SIM4
1
21
22
SIM5
SIM1
SIM2
SIM3
SIM4
1
21
22
SIM5
SIM1
SIM2
SIM3
SIM4
1
21
22
SIM5
SIM1
SIM2
SIM3
SIM4
1
21
22
SIM5
SIM1
SIM2
SIM3
SIM4
1
21
22
SIM5
SIM1
SIM2
SIM3
SIM4
1
21
22
SIM5
SIM1
SIM2
SIM3
SIM4
1
21
22
SIM5
SIM1
SIM2
SIM3
SIM4
1
21
22
SIM5
SIM1
SIM2
SIM3
SIM4
1
21
22
SIM5
SIM1
SIM2
SIM3
SIM4
1
21
22
SIM5
SIM1
SIM2
SIM3
SIM4
1
21
22
SIM5
SIM1
SIM2
SIM3
SIM4
1
21
22
SIM5
SIM1
SIM2
SIM3
SIM4
1
21
22
SIM5
SIM1
SIM2
SIM3
SIM4
1
21
22
SIM5
SIM1
SIM2
SIM3
SIM4
1
21
22
SIM5
SIM1
SIM2
SIM3
SIM4
1
21
22
SIM5
SIM1
SIM2
SIM3
SIM4
1
21
22
SIM5
SIM1
SIM2
SIM3
SIM4
1
21
22
SIM5
SIM1
SIM2
SIM3
SIM4
1
21
22
SIM5
SIM1
SIM2
SIM3
SIM4
1
21
22
SIM5
SIM1
SIM2
SIM3
SIM4
1
21
22
SIM5
SIM1
SIM2
SIM3
SIM4
1
21
22
SIM5
SIM1
SIM2
SIM3
SIM4
1
21
22
SIM5
SIM1
SIM2
SIM3
SIM4
1
21
22
SIM5
SIM1
SIM2
SIM3
SIM4
1
21
22
SIM5
SIM1
SIM2
SIM3
SIM4
1
21
22
SIM5
SIM1
SIM2
SIM3
SIM4
1
21
22
SIM5
SIM1
SIM2
SIM3
SIM4
1
21
22
SIM5
SIM1
SIM2
SIM3
SIM4
1
21
22
SIM5
SIM1
SIM2
SIM3
SIM4
1
21
22
SIM5
SIM1
SIM2
SIM3
SIM4
1
21
22
SIM5
SIM1
SIM2
SIM3
SIM4
1
21
22
SIM5
SIM1
SIM2
SIM3
SIM4
1
21
22
SIM5
SIM1
SIM2
SIM3
SIM4
1
21
22
SIM5
SIM1
SIM2
SIM3
SIM4
1
21
22
SIM5
SIM1
SIM2
SIM3
SIM4
1
21
22
SIM5
SIM1
SIM2
SIM3
SIM4
1
21
22
SIM5
SIM1
SIM2
SIM3
SIM4
1
21
22
SIM5
SIM1
SIM2
SIM3
SIM4
1
21
22
SIM5
SIM1
SIM2
SIM3
SIM4
1
21
22
SIM5
SIM1
SIM2
SIM3
SIM4
1
21
22
SIM5
SIM1
SIM2
SIM3
SIM4
1
21
22
SIM5
SIM1
SIM2
SIM3
SIM4
1
21
22
SIM5
SIM1
SIM2
SIM3
SIM4
1
21
22
SIM5
SIM1
SIM2
SIM3
SIM4
1
21
22
SIM5
SIM1
SIM2
SIM3
SIM4
1
21
22
SIM5
SIM1
SIM2
SIM3
SIM4
1
21
22
SIM5
SIM1
SIM2
SIM3
SIM4
1
21
22
SIM5
SIM1
SIM2
SIM3
SIM4
1
21
22
SIM5
SIM1
SIM2
SIM3
SIM4
1
21
22
SIM5
SIM1
SIM2
SIM3
SIM4
1
21
22
SIM5
SIM1
SIM2
SIM3
SIM4
1
21
22
SIM5
SIM1
SIM2
SIM3
SIM4
1
21
22
SIM5
SIM1
SIM2
SIM3
SIM4
1
21
22
SIM5
SIM1
SIM2
SIM3
SIM4
1
21
22
SIM5
SIM1
SIM2
SIM3
SIM4
1
21
22
SIM5
SIM1
SIM2
SIM3
SIM4
1
21
22
SIM5
SIM1
SIM2
SIM3
SIM4
1
21
22
SIM5
SIM1
SIM2
SIM3
SIM4
1
21
22
SIM5
SIM1
SIM2
SIM3
SIM4
1
21
22
SIM5
SIM1
SIM2
SIM3
SIM4
1
21
22
SIM5
SIM1
SIM2
SIM3
SIM4
1
21
22
SIM5
SIM1
SIM2
SIM3
SIM4
1
21
22
SIM5
SIM1
SIM2
SIM3
SIM4
1
21
22
SIM5
SIM1
SIM2
SIM3
SIM4
1
21
22
SIM5
SIM1
SIM2
SIM3
SIM4
1
21
22
SIM5
SIM1
SIM2
SIM3
SIM4
1
21
22
SIM5
SIM1
SIM2
SIM3
SIM4
1
21
22
SIM5
SIM1
SIM2
SIM3
SIM4
1
21
22
SIM5
SIM1
SIM2
SIM3
SIM4
1
21
22
SIM5
SIM1
SIM2
SIM3
SIM4
1
21
22
SIM5
SIM1
SIM2
SIM3
SIM4
1
21
22
SIM5
SIM1
SIM2
SIM3
SIM4
1
21
22
SIM5
SIM1
SIM2
SIM3
SIM4
1
21
22
SIM5
SIM1
SIM2
SIM3
SIM4
1
21
22
SIM5
SIM1
SIM2
SIM3
SIM4
1
21
22
SIM5
SIM1
SIM2
SIM3
SIM4
1
21
22
SIM5
SIM1
SIM2
SIM3
SIM4
1
21
22
SIM5
SIM1
SIM2
SIM3
SIM4
1
21
22
SIM5
SIM1
SIM2
SIM3
SIM4
1
21
22
SIM5
SIM1
SIM2
SIM3
SIM4
1
21
22
SIM5
SIM1
SIM2
SIM3
SIM4
1
21
22
SIM5
SIM1
SIM2
SIM3
SIM4
1
21
22
SIM5
SIM1
SIM2
SIM3
SIM4
1
21
22
SIM5
SIM1
SIM2
SIM3
SIM4
1
21
22
SIM5
SIM1
SIM2
SIM3
SIM4
1
21
22
SIM5
SIM1
SIM2
SIM3
SIM4
1
21
22
SIM5
SIM1
SIM2
SIM3
SIM4
1
21
22
SIM5
SIM1
SIM2
SIM3
SIM4
1
21
22
SIM5
SIM1
SIM2
SIM3
SIM4
1
21
22
SIM5
SIM1
SIM2
SIM3
SIM4
1
21
22
SIM5
SIM1
SIM2
SIM3
SIM4
1
21
22
SIM5
SIM1
SIM2
SIM3
SIM4
1
21
22
SIM5
SIM1
SIM2
SIM3
SIM4
1
21
22
SIM5
SIM1
SIM2
SIM3
SIM4
1
21
22
SIM5
SIM1
SIM2
SIM3
SIM4
1
21
22
SIM5
SIM1
SIM2
DEBUG 1 966
SIM1
SIM2
SIM3
SIM4
1
21
22
SIM5
SIM1
SIM2
SIM3
SIM4
1
21
22
SIM5
SIM1
SIM2
SIM3
SIM4
1
21
22
SIM5
SIM1
SIM2
SIM3
SIM4
1
21
22
SIM5
SIM1
SIM2
SIM3
SIM4
1
21
22
SIM5
SIM1
SIM2
SIM3
SIM4
1
21
22
SIM5
SIM1
SIM2
SIM3
SIM4
1
21
22
SIM5
SIM1
SIM2
SIM3
SIM4
1
21
22
SIM5
SIM1
SIM2
SIM3
SIM4
1
21
22
SIM5
SIM1
SIM2
SIM3
SIM4
1
21
22
SIM5
SIM1
SIM2
SIM3
SIM4
1
21
22
SIM5
SIM1
SIM2
SIM3
SIM4
1
21
22
SIM5
SIM1
SIM2
SIM3
SIM4
1
21
22
SIM5
SIM1
SIM2
SIM3
SIM4
1
21
22
SIM5
SIM1
SIM2
SIM3
SIM4
1
21
22
SIM5
SIM1
SIM2
SIM3
SIM4
1
21
22
SIM5
SIM1
SIM2
SIM3
SIM4
1
21
22
SIM5
SIM1
SIM2
SIM3
SIM4
1
21
22
SIM5
SIM1
SIM2
SIM3
SIM4
1
21
22
SIM5
SIM1
SIM2
SIM3
SIM4
1
21
22
SIM5
SIM1
SIM2
SIM3
SIM4
1
21
22
SIM5
SIM1
SIM2
SIM3
SIM4
1
21
22
SIM5
SIM1
SIM2
SIM3
SIM4
1
21
22
SIM5
SIM1
SIM2
SIM3
SIM4
1
21
22
SIM5
SIM1
SIM2
SIM3
SIM4
1
21
22
SIM5
SIM1
SIM2
SIM3
SIM4
1
21
22
SIM5
SIM1
SIM2
SIM3
SIM4
1
21
22
SIM5
SIM1
SIM2
SIM3
SIM4
1
21
22
SIM5
SIM1
SIM2
SIM3
SIM4
1
21
22
SIM5
SIM1
SIM2
SIM3
SIM4
1
21
22
SIM5
SIM1
SIM2
SIM3
SIM4
1
21
22
SIM5
SIM1
SIM2
SIM3
SIM4
1
21
22
SIM5
SIM1
SIM2
SIM3
SIM4
1
21
22
SIM5
SIM1
SIM2
SIM3
SIM4
1
21
22
SIM5
SIM1
SIM2
SIM3
SIM4
1
21
22
SIM5
SIM1
SIM2
SIM3
SIM4
1
21
22
SIM5
SIM1
SIM2
SIM3
SIM4
1
21
22
SIM5
SIM1
SIM2
SIM3
SIM4
1
21
22
SIM5
SIM1
SIM2
SIM3
SIM4
1
21
22
SIM5
SIM1
SIM2
SIM3
SIM4
1
21
22
SIM5
SIM1
SIM2
SIM3
SIM4
1
21
22
SIM5
SIM1
SIM2
SIM3
SIM4
1
21
22
SIM5
SIM1
SIM2
SIM3
SIM4
1
21
22
SIM5
SIM1
SIM2
SIM3
SIM4
1
21
22
SIM5
SIM1
SIM2
SIM3
SIM4
1
21
22
SIM5
SIM1
SIM2
SIM3
SIM4
1
21
22
SIM5
SIM1
SIM2
SIM3
SIM4
1
21
22
SIM5
SIM1
SIM2
SIM3
SIM4
1
21
22
SIM5
SIM1
SIM2
SIM3
SIM4
1
21
22
SIM5
SIM1
SIM2
SIM3
SIM4
1
21
22
SIM5
SIM1
SIM2
SIM3
SIM4
1
21
22
SIM5
SIM1
SIM2
SIM3
SIM4
1
21
22
SIM5
SIM1
SIM2
SIM3
SIM4
1
21
22
SIM5
SIM1
SIM2
SIM3
SIM4
1
21
22
SIM5
SIM1
SIM2
SIM3
SIM4
1
21
22
SIM5
SIM1
SIM2
SIM3
SIM4
1
21
22
SIM5
SIM1
SIM2
SIM3
SIM4
1
21
22
SIM5
SIM1
SIM2
SIM3
SIM4
1
21
22
SIM5
SIM1
SIM2
SIM3
SIM4
1
21
22
SIM5
SIM1
SIM2
SIM3
SIM4
1
21
22
SIM5
SIM1
SIM2
SIM3
SIM4
1
21
22
SIM5
SIM1
SIM2
SIM3
SIM4
1
21
22
SIM5
SIM1
SIM2
SIM3
SIM4
1
21
22
SIM5
SIM1
SIM2
SIM3
SIM4
1
21
22
SIM5
SIM1
SIM2
SIM3
SIM4
1
21
22
SIM5
SIM1
SIM2
SIM3
SIM4
1
21
22
SIM5
SIM1
SIM2
SIM3
SIM4
1
21
22
SIM5
SIM1
SIM2
SIM3
SIM4
1
21
22
SIM5
SIM1
SIM2
SIM3
SIM4
1
21
22
SIM5
SIM1
SIM2
SIM3
SIM4
1
21
22
SIM5
SIM1
SIM2
SIM3
SIM4
1
21
22
SIM5
SIM1
SIM2
SIM3
SIM4
1
21
22
SIM5
SIM1
SIM2
SIM3
SIM4
1
21
22
SIM5
SIM1
SIM2
SIM3
SIM4
1
21
22
SIM5
SIM1
SIM2
SIM3
SIM4
1
21
22
SIM5
SIM1
SIM2
SIM3
SIM4
1
21
22
SIM5
SIM1
SIM2
SIM3
SIM4
1
21
22
SIM5
SIM1
SIM2
SIM3
SIM4
1
21
22
SIM5
SIM1
SIM2
SIM3
SIM4
1
21
22
SIM5
SIM1
SIM2
SIM3
SIM4
1
21
22
SIM5
SIM1
SIM2
SIM3
SIM4
1
21
22
SIM5
SIM1
SIM2
SIM3
SIM4
1
21
22
SIM5
SIM1
SIM2
SIM3
SIM4
1
21
22
SIM5
SIM1
SIM2
SIM3
SIM4
1
21
22
SIM5
SIM1
SIM2
SIM3
SIM4
1
21
22
SIM5
SIM1
SIM2
SIM3
SIM4
1
21
22
SIM5
SIM1
SIM2
SIM3
SIM4
1
21
22
SIM5
SIM1
SIM2
SIM3
SIM4
1
21
22
SIM5
SIM1
SIM2
SIM3
SIM4
1
21
22
SIM5
SIM1
SIM2
SIM3
SIM4
1
21
22
SIM5
SIM1
SIM2
SIM3
SIM4
1
21
22
SIM5
SIM1
SIM2
SIM3
SIM4
1
21
22
SIM5
SIM1
SIM2
SIM3
SIM4
1
21
22
SIM5
SIM1
SIM2
SIM3
SIM4
1
21
22
SIM5
SIM1
SIM2
SIM3
SIM4
1
21
22
SIM5
SIM1
SIM2
SIM3
SIM4
1
21
22
SIM5
SIM1
SIM2
SIM3
SIM4
1
21
22
SIM5
SIM1
SIM2
SIM3
SIM4
1
21
22
SIM5
SIM1
SIM2
SIM3
SIM4
1
21
22
SIM5
SIM1
SIM2
SIM3
SIM4
1
21
22
SIM5
SIM1
SIM2
SIM3
SIM4
1
21
22
SIM5
SIM1
SIM2
SIM3
SIM4
1
21
22
SIM5
SIM1
SIM2
SIM3
SIM4
1
21
22
SIM5
SIM1
SIM2
SIM3
SIM4
1
21
22
SIM5
SIM1
SIM2
SIM3
SIM4
1
21
22
SIM5
SIM1
SIM2
SIM3
SIM4
1
21
22
SIM5
SIM1
SIM2
SIM3
SIM4
1
21
22
SIM5
SIM1
SIM2
SIM3
SIM4
1
21
22
SIM5
SIM1
SIM2
SIM3
SIM4
1
21
22
SIM5
SIM1
SIM2
SIM3
SIM4
1
21
22
SIM5
SIM1
SIM2
SIM3
SIM4
1
21
22
SIM5
SIM1
SIM2
SIM3
SIM4
1
21
22
SIM5
SIM1
SIM2
SIM3
SIM4
1
21
22
SIM5
SIM1
SIM2
SIM3
SIM4
1
21
22
SIM5
SIM1
SIM2
SIM3
SIM4
1
21
22
SIM5
SIM1
SIM2
SIM3
SIM4
1
21
22
SIM5
SIM1
SIM2
SIM3
SIM4
1
21
22
SIM5
SIM1
SIM2
SIM3
SIM4
1
21
22
SIM5
SIM1
SIM2
SIM3
SIM4
1
21
22
SIM5
SIM1
SIM2
SIM3
SIM4
1
21
22
SIM5
SIM1
SIM2
SIM3
SIM4
1
21
22
SIM5
SIM1
SIM2
SIM3
SIM4
1
21
22
SIM5
SIM1
SIM2
SIM3
SIM4
1
21
22
SIM5
SIM1
SIM2
SIM3
SIM4
1
21
22
SIM5
SIM1
SIM2
SIM3
SIM4
1
21
22
SIM5
SIM1
SIM2
SIM3
SIM4
1
21
22
SIM5
SIM1
SIM2
SIM3
SIM4
1
21
22
SIM5
SIM1
SIM2
SIM3
SIM4
1
21
22
SIM5
SIM1
SIM2
SIM3
SIM4
1
21
22
SIM5
SIM1
SIM2
SIM3
SIM4
1
21
22
SIM5
SIM1
SIM2
SIM3
SIM4
1
21
22
SIM5
SIM1
SIM2
SIM3
SIM4
1
21
22
SIM5
SIM1
SIM2
SIM3
SIM4
1
21
22
SIM5
SIM1
SIM2
SIM3
SIM4
1
21
22
SIM5
SIM1
SIM2
SIM3
SIM4
1
21
22
SIM5
SIM1
SIM2
SIM3
SIM4
1
21
22
SIM5
SIM1
SIM2
SIM3
SIM4
1
21
22
SIM5
SIM1
SIM2
DEBUG 1 967
SIM1
SIM2
SIM3
SIM4
1
21
22
SIM5
SIM1
SIM2
SIM3
SIM4
1
21
22
SIM5
SIM1
SIM2
SIM3
SIM4
1
21
22
SIM5
SIM1
SIM2
SIM3
SIM4
1
21
22
SIM5
SIM1
SIM2
SIM3
SIM4
1
21
22
SIM5
SIM1
SIM2
SIM3
SIM4
1
21
22
SIM5
SIM1
SIM2
SIM3
SIM4
1
21
22
SIM5
SIM1
SIM2
SIM3
SIM4
1
21
22
SIM5
SIM1
SIM2
SIM3
SIM4
1
21
22
SIM5
SIM1
SIM2
SIM3
SIM4
1
21
22
SIM5
SIM1
SIM2
SIM3
SIM4
1
21
22
SIM5
SIM1
SIM2
SIM3
SIM4
1
21
22
SIM5
SIM1
SIM2
SIM3
SIM4
1
21
22
SIM5
SIM1
SIM2
SIM3
SIM4
1
21
22
SIM5
SIM1
SIM2
SIM3
SIM4
1
21
22
SIM5
SIM1
SIM2
SIM3
SIM4
1
21
22
SIM5
SIM1
SIM2
SIM3
SIM4
1
21
22
SIM5
SIM1
SIM2
SIM3
SIM4
1
21
22
SIM5
SIM1
SIM2
SIM3
SIM4
1
21
22
SIM5
SIM1
SIM2
SIM3
SIM4
1
21
22
SIM5
SIM1
SIM2
SIM3
SIM4
1
21
22
SIM5
SIM1
SIM2
SIM3
SIM4
1
21
22
SIM5
SIM1
SIM2
SIM3
SIM4
1
21
22
SIM5
SIM1
SIM2
SIM3
SIM4
1
21
22
SIM5
SIM1
SIM2
SIM3
SIM4
1
21
22
SIM5
SIM1
SIM2
SIM3
SIM4
1
21
22
SIM5
SIM1
SIM2
SIM3
SIM4
1
21
22
SIM5
SIM1
SIM2
SIM3
SIM4
1
21
22
SIM5
SIM1
SIM2
SIM3
SIM4
1
21
22
SIM5
SIM1
SIM2
SIM3
SIM4
1
21
22
SIM5
SIM1
SIM2
SIM3
SIM4
1
21
22
SIM5
SIM1
SIM2
SIM3
SIM4
1
21
22
SIM5
SIM1
SIM2
SIM3
SIM4
1
21
22
SIM5
SIM1
SIM2
SIM3
SIM4
1
21
22
SIM5
SIM1
SIM2
SIM3
SIM4
1
21
22
SIM5
SIM1
SIM2
SIM3
SIM4
1
21
22
SIM5
SIM1
SIM2
SIM3
SIM4
1
21
22
SIM5
SIM1
SIM2
SIM3
SIM4
1
21
22
SIM5
SIM1
SIM2
SIM3
SIM4
1
21
22
SIM5
SIM1
SIM2
SIM3
SIM4
1
21
22
SIM5
SIM1
SIM2
SIM3
SIM4
1
21
22
SIM5
SIM1
SIM2
SIM3
SIM4
1
21
22
SIM5
SIM1
SIM2
SIM3
SIM4
1
21
22
SIM5
SIM1
SIM2
SIM3
SIM4
1
21
22
SIM5
SIM1
SIM2
SIM3
SIM4
1
21
22
SIM5
SIM1
SIM2
SIM3
SIM4
1
21
22
SIM5
SIM1
SIM2
SIM3
SIM4
1
21
22
SIM5
SIM1
SIM2
SIM3
SIM4
1
21
22
SIM5
SIM1
SIM2
SIM3
SIM4
1
21
22
SIM5
SIM1
SIM2
SIM3
SIM4
1
21
22
SIM5
SIM1
SIM2
SIM3
SIM4
1
21
22
SIM5
SIM1
SIM2
SIM3
SIM4
1
21
22
SIM5
SIM1
SIM2
SIM3
SIM4
1
21
22
SIM5
SIM1
SIM2
SIM3
SIM4
1
21
22
SIM5
SIM1
SIM2
SIM3
SIM4
1
21
22
SIM5
SIM1
SIM2
SIM3
SIM4
1
21
22
SIM5
SIM1
SIM2
SIM3
SIM4
1
21
22
SIM5
SIM1
SIM2
SIM3
SIM4
1
21
22
SIM5
SIM1
SIM2
SIM3
SIM4
1
21
22
SIM5
SIM1
SIM2
SIM3
SIM4
1
21
22
SIM5
SIM1
SIM2
SIM3
SIM4
1
21
22
SIM5
SIM1
SIM2
SIM3
SIM4
1
21
22
SIM5
SIM1
SIM2
SIM3
SIM4
1
21
22
SIM5
SIM1
SIM2
SIM3
SIM4
1
21
22
SIM5
SIM1
SIM2
SIM3
SIM4
1
21
22
SIM5
SIM1
SIM2
SIM3
SIM4
1
21
22
SIM5
SIM1
SIM2
SIM3
SIM4
1
21
22
SIM5
SIM1
SIM2
SIM3
SIM4
1
21
22
SIM5
SIM1
SIM2
SIM3
SIM4
1
21
22
SIM5
SIM1
SIM2
SIM3
SIM4
1
21
22
SIM5
SIM1
SIM2
SIM3
SIM4
1
21
22
SIM5
SIM1
SIM2
SIM3
SIM4
1
21
22
SIM5
SIM1
SIM2
SIM3
SIM4
1
21
22
SIM5
SIM1
SIM2
SIM3
SIM4
1
21
22
SIM5
SIM1
SIM2
SIM3
SIM4
1
21
22
SIM5
SIM1
SIM2
SIM3
SIM4
1
21
22
SIM5
SIM1
SIM2
SIM3
SIM4
1
21
22
SIM5
SIM1
SIM2
SIM3
SIM4
1
21
22
SIM5
SIM1
SIM2
SIM3
SIM4
1
21
22
SIM5
SIM1
SIM2
SIM3
SIM4
1
21
22
SIM5
SIM1
SIM2
SIM3
SIM4
1
21
22
SIM5
SIM1
SIM2
SIM3
SIM4
1
21
22
SIM5
SIM1
SIM2
SIM3
SIM4
1
21
22
SIM5
SIM1
SIM2
SIM3
SIM4
1
21
22
SIM5
SIM1
SIM2
SIM3
SIM4
1
21
22
SIM5
SIM1
SIM2
SIM3
SIM4
1
21
22
SIM5
SIM1
SIM2
SIM3
SIM4
1
21
22
SIM5
SIM1
SIM2
SIM3
SIM4
1
21
22
SIM5
SIM1
SIM2
SIM3
SIM4
1
21
22
SIM5
SIM1
SIM2
SIM3
SIM4
1
21
22
SIM5
SIM1
SIM2
SIM3
SIM4
1
21
22
SIM5
SIM1
SIM2
SIM3
SIM4
1
21
22
SIM5
SIM1
SIM2
SIM3
SIM4
1
21
22
SIM5
SIM1
SIM2
SIM3
SIM4
1
21
22
SIM5
SIM1
SIM2
SIM3
SIM4
1
21
22
SIM5
SIM1
SIM2
SIM3
SIM4
1
21
22
SIM5
SIM1
SIM2
SIM3
SIM4
1
21
22
SIM5
SIM1
SIM2
SIM3
SIM4
1
21
22
SIM5
SIM1
SIM2
SIM3
SIM4
1
21
22
SIM5
SIM1
SIM2
SIM3
SIM4
1
21
22
SIM5
SIM1
SIM2
SIM3
SIM4
1
21
22
SIM5
SIM1
SIM2
SIM3
SIM4
1
21
22
SIM5
SIM1
SIM2
SIM3
SIM4
1
21
22
SIM5
SIM1
SIM2
SIM3
SIM4
1
21
22
SIM5
SIM1
SIM2
SIM3
SIM4
1
21
22
SIM5
SIM1
SIM2
SIM3
SIM4
1
21
22
SIM5
SIM1
SIM2
SIM3
SIM4
1
21
22
SIM5
SIM1
SIM2
SIM3
SIM4
1
21
22
SIM5
SIM1
SIM2
SIM3
SIM4
1
21
22
SIM5
SIM1
SIM2
SIM3
SIM4
1
21
22
SIM5
SIM1
SIM2
SIM3
SIM4
1
21
22
SIM5
SIM1
SIM2
SIM3
SIM4
1
21
22
SIM5
SIM1
SIM2
SIM3
SIM4
1
21
22
SIM5
SIM1
SIM2
SIM3
SIM4
1
21
22
SIM5
SIM1
SIM2
SIM3
SIM4
1
21
22
SIM5
SIM1
SIM2
SIM3
SIM4
1
21
22
SIM5
SIM1
SIM2
SIM3
SIM4
1
21
22
SIM5
SIM1
SIM2
SIM3
SIM4
1
21
22
SIM5
SIM1
SIM2
SIM3
SIM4
1
21
22
SIM5
SIM1
SIM2
SIM3
SIM4
1
21
22
SIM5
SIM1
SIM2
SIM3
SIM4
1
21
22
SIM5
SIM1
SIM2
SIM3
SIM4
1
21
22
SIM5
SIM1
SIM2
SIM3
SIM4
1
21
22
SIM5
SIM1
SIM2
SIM3
SIM4
1
21
22
SIM5
SIM1
SIM2
SIM3
SIM4
1
21
22
SIM5
SIM1
SIM2
SIM3
SIM4
1
21
22
SIM5
SIM1
SIM2
SIM3
SIM4
1
21
22
SIM5
SIM1
SIM2
SIM3
SIM4
1
21
22
SIM5
SIM1
SIM2
SIM3
SIM4
1
21
22
SIM5
SIM1
SIM2
SIM3
SIM4
1
21
22
SIM5
SIM1
SIM2
SIM3
SIM4
1
21
22
SIM5
SIM1
SIM2
SIM3
SIM4
1
21
22
SIM5
SIM1
SIM2
SIM3
SIM4
1
21
22
SIM5
SIM1
SIM2
SIM3
SIM4
1
21
22
SIM5
SIM1
SIM2
SIM3
SIM4
1
21
22
SIM5
SIM1
SIM2
SIM3
SIM4
1
21
22
SIM5
SIM1
SIM2
SIM3
SIM4
1
21
22
SIM5
SIM1
SIM2
SIM3
SIM4
1
21
22
SIM5
SIM1
SIM2
SIM3
SIM4
1
21
22
SIM5
SIM1
SIM2
SIM3
SIM4
1
21
22
SIM5
SIM1
SIM2
SIM3
SIM4
1
21
22
SIM5
SIM1
SIM2
SIM3
SIM4
1
21
22
SIM5
SIM1
SIM2
SIM3
SIM4
1
21
22
SIM5
SIM1
SIM2
SIM3
SIM4
1
21
22
SIM5
SIM1
SIM2
SIM3
SIM4
1
21
22
SIM5
SIM1
SIM2
SIM3
SIM4
1
21
22
SIM5
SIM1
SIM2
SIM3
SIM4
1
21
22
SIM5
SIM1
SIM2
SIM3
SIM4
1
21
22
SIM5
SIM1
SIM2
SIM3
SIM4
1
21
22
SIM5
SIM1
SIM2
SIM3
SIM4
1
21
22
SIM5
SIM1
SIM2
SIM3
SIM4
1
21
22
SIM5
SIM1
SIM2
SIM3
SIM4
1
21
22
SIM5
SIM1
SIM2
SIM3
SIM4
1
21
22
SIM5
SIM1
SIM2
SIM3
SIM4
1
21
22
SIM5
SIM1
SIM2
SIM3
SIM4
1
21
22
SIM5
SIM1
SIM2
SIM3
SIM4
1
21
22
SIM5
SIM1
SIM2
SIM3
SIM4
1
21
22
SIM5
SIM1
SIM2
SIM3
SIM4
1
21
22
SIM5
SIM1
SIM2
SIM3
SIM4
1
21
22
SIM5
SIM1
SIM2
SIM3
SIM4
1
21
22
SIM5
SIM1
SIM2
SIM3
SIM4
1
21
22
SIM5
SIM1
SIM2
SIM3
SIM4
1
21
22
SIM5
SIM1
SIM2
SIM3
SIM4
1
21
22
SIM5
SIM1
SIM2
SIM3
SIM4
1
21
22
SIM5
SIM1
SIM2
SIM3
SIM4
1
21
22
SIM5
SIM1
SIM2
SIM3
SIM4
1
21
22
SIM5
SIM1
SIM2
DEBUG 1 968
SIM1
SIM2
SIM3
SIM4
1
21
22
SIM5
SIM1
SIM2
SIM3
SIM4
1
21
22
SIM5
SIM1
SIM2
SIM3
SIM4
1
21
22
SIM5
SIM1
SIM2
SIM3
SIM4
1
21
22
SIM5
SIM1
SIM2
SIM3
SIM4
1
21
22
SIM5
SIM1
SIM2
SIM3
SIM4
1
21
22
SIM5
SIM1
SIM2
SIM3
SIM4
1
21
22
SIM5
SIM1
SIM2
SIM3
SIM4
1
21
22
SIM5
SIM1
SIM2
SIM3
SIM4
1
21
22
SIM5
SIM1
SIM2
SIM3
SIM4
1
21
22
SIM5
SIM1
SIM2
SIM3
SIM4
1
21
22
SIM5
SIM1
SIM2
SIM3
SIM4
1
21
22
SIM5
SIM1
SIM2
SIM3
SIM4
1
21
22
SIM5
SIM1
SIM2
SIM3
SIM4
1
21
22
SIM5
SIM1
SIM2
SIM3
SIM4
1
21
22
SIM5
SIM1
SIM2
SIM3
SIM4
1
21
22
SIM5
SIM1
SIM2
SIM3
SIM4
1
21
22
SIM5
SIM1
SIM2
SIM3
SIM4
1
21
22
SIM5
SIM1
SIM2
SIM3
SIM4
1
21
22
SIM5
SIM1
SIM2
SIM3
SIM4
1
21
22
SIM5
SIM1
SIM2
SIM3
SIM4
1
21
22
SIM5
SIM1
SIM2
SIM3
SIM4
1
21
22
SIM5
SIM1
SIM2
SIM3
SIM4
1
21
22
SIM5
SIM1
SIM2
SIM3
SIM4
1
21
22
SIM5
SIM1
SIM2
SIM3
SIM4
1
21
22
SIM5
SIM1
SIM2
SIM3
SIM4
1
21
22
SIM5
SIM1
SIM2
SIM3
SIM4
1
21
22
SIM5
SIM1
SIM2
SIM3
SIM4
1
21
22
SIM5
SIM1
SIM2
SIM3
SIM4
1
21
22
SIM5
SIM1
SIM2
SIM3
SIM4
1
21
22
SIM5
SIM1
SIM2
SIM3
SIM4
1
21
22
SIM5
SIM1
SIM2
SIM3
SIM4
1
21
22
SIM5
SIM1
SIM2
SIM3
SIM4
1
21
22
SIM5
SIM1
SIM2
SIM3
SIM4
1
21
22
SIM5
SIM1
SIM2
SIM3
SIM4
1
21
22
SIM5
SIM1
SIM2
SIM3
SIM4
1
21
22
SIM5
SIM1
SIM2
SIM3
SIM4
1
21
22
SIM5
SIM1
SIM2
SIM3
SIM4
1
21
22
SIM5
SIM1
SIM2
SIM3
SIM4
1
21
22
SIM5
SIM1
SIM2
SIM3
SIM4
1
21
22
SIM5
SIM1
SIM2
SIM3
SIM4
1
21
22
SIM5
SIM1
SIM2
SIM3
SIM4
1
21
22
SIM5
SIM1
SIM2
SIM3
SIM4
1
21
22
SIM5
SIM1
SIM2
SIM3
SIM4
1
21
22
SIM5
SIM1
SIM2
SIM3
SIM4
1
21
22
SIM5
SIM1
SIM2
SIM3
SIM4
1
21
22
SIM5
SIM1
SIM2
SIM3
SIM4
1
21
22
SIM5
SIM1
SIM2
SIM3
SIM4
1
21
22
SIM5
SIM1
SIM2
SIM3
SIM4
1
21
22
SIM5
SIM1
SIM2
SIM3
SIM4
1
21
22
SIM5
SIM1
SIM2
SIM3
SIM4
1
21
22
SIM5
SIM1
SIM2
SIM3
SIM4
1
21
22
SIM5
SIM1
SIM2
SIM3
SIM4
1
21
22
SIM5
SIM1
SIM2
SIM3
SIM4
1
21
22
SIM5
SIM1
SIM2
SIM3
SIM4
1
21
22
SIM5
SIM1
SIM2
SIM3
SIM4
1
21
22
SIM5
SIM1
SIM2
SIM3
SIM4
1
21
22
SIM5
SIM1
SIM2
SIM3
SIM4
1
21
22
SIM5
SIM1
SIM2
SIM3
SIM4
1
21
22
SIM5
SIM1
SIM2
SIM3
SIM4
1
21
22
SIM5
SIM1
SIM2
SIM3
SIM4
1
21
22
SIM5
SIM1
SIM2
SIM3
SIM4
1
21
22
SIM5
SIM1
SIM2
SIM3
SIM4
1
21
22
SIM5
SIM1
SIM2
SIM3
SIM4
1
21
22
SIM5
SIM1
SIM2
SIM3
SIM4
1
21
22
SIM5
SIM1
SIM2
SIM3
SIM4
1
21
22
SIM5
SIM1
SIM2
SIM3
SIM4
1
21
22
SIM5
SIM1
SIM2
SIM3
SIM4
1
21
22
SIM5
SIM1
SIM2
SIM3
SIM4
1
21
22
SIM5
SIM1
SIM2
SIM3
SIM4
1
21
22
SIM5
SIM1
SIM2
SIM3
SIM4
1
21
22
SIM5
SIM1
SIM2
SIM3
SIM4
1
21
22
SIM5
SIM1
SIM2
SIM3
SIM4
1
21
22
SIM5
SIM1
SIM2
SIM3
SIM4
1
21
22
SIM5
SIM1
SIM2
SIM3
SIM4
1
21
22
SIM5
SIM1
SIM2
SIM3
SIM4
1
21
22
SIM5
SIM1
SIM2
SIM3
SIM4
1
21
22
SIM5
SIM1
SIM2
SIM3
SIM4
1
21
22
SIM5
SIM1
SIM2
SIM3
SIM4
1
21
22
SIM5
SIM1
SIM2
SIM3
SIM4
1
21
22
SIM5
SIM1
SIM2
SIM3
SIM4
1
21
22
SIM5
SIM1
SIM2
SIM3
SIM4
1
21
22
SIM5
SIM1
SIM2
SIM3
SIM4
1
21
22
SIM5
SIM1
SIM2
SIM3
SIM4
1
21
22
SIM5
SIM1
SIM2
SIM3
SIM4
1
21
22
SIM5
SIM1
SIM2
SIM3
SIM4
1
21
22
SIM5
SIM1
SIM2
SIM3
SIM4
1
21
22
SIM5
SIM1
SIM2
SIM3
SIM4
1
21
22
SIM5
SIM1
SIM2
SIM3
SIM4
1
21
22
SIM5
SIM1
SIM2
SIM3
SIM4
1
21
22
SIM5
SIM1
SIM2
SIM3
SIM4
1
21
22
SIM5
SIM1
SIM2
SIM3
SIM4
1
21
22
SIM5
SIM1
SIM2
SIM3
SIM4
1
21
22
SIM5
SIM1
SIM2
SIM3
SIM4
1
21
22
SIM5
SIM1
SIM2
SIM3
SIM4
1
21
22
SIM5
SIM1
SIM2
SIM3
SIM4
1
21
22
SIM5
SIM1
SIM2
SIM3
SIM4
1
21
22
SIM5
SIM1
SIM2
SIM3
SIM4
1
21
22
SIM5
SIM1
SIM2
SIM3
SIM4
1
21
22
SIM5
SIM1
SIM2
SIM3
SIM4
1
21
22
SIM5
SIM1
SIM2
SIM3
SIM4
1
21
22
SIM5
SIM1
SIM2
SIM3
SIM4
1
21
22
SIM5
SIM1
SIM2
SIM3
SIM4
1
21
22
SIM5
SIM1
SIM2
SIM3
SIM4
1
21
22
SIM5
SIM1
SIM2
SIM3
SIM4
1
21
22
SIM5
SIM1
SIM2
SIM3
SIM4
1
21
22
SIM5
SIM1
SIM2
SIM3
SIM4
1
21
22
SIM5
SIM1
SIM2
SIM3
SIM4
1
21
22
SIM5
SIM1
SIM2
SIM3
SIM4
1
21
22
SIM5
SIM1
SIM2
SIM3
SIM4
1
21
22
SIM5
SIM1
SIM2
SIM3
SIM4
1
21
22
SIM5
SIM1
SIM2
SIM3
SIM4
1
21
22
SIM5
SIM1
SIM2
SIM3
SIM4
1
21
22
SIM5
SIM1
SIM2
SIM3
SIM4
1
21
22
SIM5
SIM1
SIM2
SIM3
SIM4
1
21
22
SIM5
SIM1
SIM2
SIM3
SIM4
1
21
22
SIM5
SIM1
SIM2
SIM3
SIM4
1
21
22
SIM5
SIM1
SIM2
SIM3
SIM4
1
21
22
SIM5
SIM1
SIM2
SIM3
SIM4
1
21
22
SIM5
SIM1
SIM2
SIM3
SIM4
1
21
22
SIM5
SIM1
SIM2
SIM3
SIM4
1
21
22
SIM5
SIM1
SIM2
SIM3
SIM4
1
21
22
SIM5
SIM1
SIM2
SIM3
SIM4
1
21
22
SIM5
SIM1
SIM2
SIM3
SIM4
1
21
22
SIM5
SIM1
SIM2
SIM3
SIM4
1
21
22
SIM5
SIM1
SIM2
SIM3
SIM4
1
21
22
SIM5
SIM1
SIM2
SIM3
SIM4
1
21
22
SIM5
SIM1
SIM2
SIM3
SIM4
1
21
22
SIM5
SIM1
SIM2
SIM3
SIM4
1
21
22
SIM5
SIM1
SIM2
SIM3
SIM4
1
21
22
SIM5
SIM1
SIM2
SIM3
SIM4
1
21
22
SIM5
SIM1
SIM2
SIM3
SIM4
1
21
22
SIM5
SIM1
SIM2
SIM3
SIM4
1
21
22
SIM5
SIM1
SIM2
SIM3
SIM4
1
21
22
SIM5
SIM1
SIM2
SIM3
SIM4
1
21
22
SIM5
SIM1
SIM2
SIM3
SIM4
1
21
22
SIM5
SIM1
SIM2
SIM3
SIM4
1
21
22
SIM5
SIM1
SIM2
SIM3
SIM4
1
21
22
SIM5
SIM1
SIM2
SIM3
SIM4
1
21
22
SIM5
SIM1
SIM2
SIM3
SIM4
1
21
22
SIM5
SIM1
SIM2
SIM3
SIM4
1
21
22
SIM5
SIM1
SIM2
SIM3
SIM4
1
21
22
SIM5
SIM1
SIM2
SIM3
SIM4
1
21
22
SIM5
SIM1
SIM2
SIM3
SIM4
1
21
22
SIM5
SIM1
SIM2
SIM3
SIM4
1
21
22
SIM5
SIM1
SIM2
SIM3
SIM4
1
21
22
SIM5
SIM1
SIM2
SIM3
SIM4
1
21
22
SIM5
SIM1
SIM2
SIM3
SIM4
1
21
22
SIM5
SIM1
SIM2
SIM3
SIM4
1
21
22
SIM5
SIM1
SIM2
SIM3
SIM4
1
21
22
SIM5
SIM1
SIM2
SIM3
SIM4
1
21
22
SIM5
SIM1
SIM2
SIM3
SIM4
1
21
22
SIM5
SIM1
SIM2
SIM3
SIM4
1
21
22
SIM5
SIM1
SIM2
SIM3
SIM4
1
21
22
SIM5
SIM1
SIM2
SIM3
SIM4
1
21
22
SIM5
SIM1
SIM2
SIM3
SIM4
1
21
22
SIM5
SIM1
SIM2
SIM3
SIM4
1
21
22
SIM5
SIM1
SIM2
SIM3
SIM4
1
21
22
SIM5
SIM1
SIM2
SIM3
SIM4
1
21
22
SIM5
SIM1
SIM2
SIM3
SIM4
1
21
22
SIM5
SIM1
SIM2
SIM3
SIM4
1
21
22
SIM5
SIM1
SIM2
SIM3
SIM4
1
21
22
SIM5
SIM1
SIM2
SIM3
SIM4
1
21
22
SIM5
SIM1
SIM2
SIM3
SIM4
1
21
22
SIM5
SIM1
SIM2
SIM3
SIM4
1
21
22
SIM5
SIM1
SIM2
SIM3
SIM4
1
21
22
SIM5
SIM1
SIM2
SIM3
SIM4
1
21
22
SIM5
SIM1
SIM2
SIM3
SIM4
1
21
22
SIM5
SIM1
SIM2
SIM3
SIM4
1
21
22
SIM5
SIM1
SIM2
SIM3
SIM4
1
21
22
SIM5
SIM1
SIM2
SIM3
SIM4
1
21
22
SIM5
SIM1
SIM2
SIM3
SIM4
1
21
22
SIM5
SIM1
SIM2
SIM3
SIM4
1
21
22
SIM5
SIM1
SIM2
SIM3
SIM4
1
21
22
SIM5
SIM1
SIM2
SIM3
SIM4
1
21
22
SIM5
SIM1
SIM2
SIM3
SIM4
1
21
22
SIM5
SIM1
SIM2
SIM3
SIM4
1
21
22
SIM5
SIM1
SIM2
SIM3
SIM4
1
21
22
SIM5
SIM1
SIM2
SIM3
SIM4
1
21
22
SIM5
SIM1
SIM2
SIM3
SIM4
1
21
22
SIM5
SIM1
SIM2
SIM3
SIM4
1
21
22
SIM5
SIM1
SIM2
SIM3
SIM4
1
21
22
SIM5
SIM1
SIM2
SIM3
SIM4
1
21
22
SIM5
SIM1
SIM2
SIM3
SIM4
1
21
22
SIM5
SIM1
SIM2
SIM3
SIM4
1
21
22
SIM5
SIM1
SIM2
SIM3
SIM4
1
21
22
SIM5
SIM1
SIM2
SIM3
SIM4
1
21
22
SIM5
SIM1
SIM2
SIM3
SIM4
1
21
22
SIM5
SIM1
SIM2
SIM3
SIM4
1
21
22
SIM5
SIM1
SIM2
SIM3
SIM4
1
21
22
SIM5
SIM1
SIM2
SIM3
SIM4
1
21
22
SIM5
SIM1
SIM2
SIM3
SIM4
1
21
22
SIM5
SIM1
SIM2
SIM3
SIM4
1
21
22
SIM5
SIM1
SIM2
SIM3
SIM4
1
21
22
SIM5
SIM1
SIM2
SIM3
SIM4
1
21
22
SIM5
SIM1
SIM2
SIM3
SIM4
1
21
22
SIM5
SIM1
SIM2
SIM3
SIM4
1
21
22
SIM5
SIM1
SIM2
SIM3
SIM4
1
21
22
SIM5
SIM1
SIM2
SIM3
SIM4
1
21
22
SIM5
SIM1
SIM2
DEBUG 1 969
SIM1
SIM2
SIM3
SIM4
1
21
22
SIM5
SIM1
SIM2
SIM3
SIM4
1
21
22
SIM5
SIM1
SIM2
SIM3
SIM4
1
21
22
SIM5
SIM1
SIM2
SIM3
SIM4
1
21
22
SIM5
SIM1
SIM2
SIM3
SIM4
1
21
22
SIM5
SIM1
SIM2
SIM3
SIM4
1
21
22
SIM5
SIM1
SIM2
SIM3
SIM4
1
21
22
SIM5
SIM1
SIM2
SIM3
SIM4
1
21
22
SIM5
SIM1
SIM2
SIM3
SIM4
1
21
22
SIM5
SIM1
SIM2
SIM3
SIM4
1
21
22
SIM5
SIM1
SIM2
SIM3
SIM4
1
21
22
SIM5
SIM1
SIM2
SIM3
SIM4
1
21
22
SIM5
SIM1
SIM2
SIM3
SIM4
1
21
22
SIM5
SIM1
SIM2
SIM3
SIM4
1
21
22
SIM5
SIM1
SIM2
SIM3
SIM4
1
21
22
SIM5
SIM1
SIM2
SIM3
SIM4
1
21
22
SIM5
SIM1
SIM2
SIM3
SIM4
1
21
22
SIM5
SIM1
SIM2
SIM3
SIM4
1
21
22
SIM5
SIM1
SIM2
SIM3
SIM4
1
21
22
SIM5
SIM1
SIM2
SIM3
SIM4
1
21
22
SIM5
SIM1
SIM2
SIM3
SIM4
1
21
22
SIM5
SIM1
SIM2
SIM3
SIM4
1
21
22
SIM5
SIM1
SIM2
SIM3
SIM4
1
21
22
SIM5
SIM1
SIM2
SIM3
SIM4
1
21
22
SIM5
SIM1
SIM2
SIM3
SIM4
1
21
22
SIM5
SIM1
SIM2
SIM3
SIM4
1
21
22
SIM5
SIM1
SIM2
SIM3
SIM4
1
21
22
SIM5
SIM1
SIM2
SIM3
SIM4
1
21
22
SIM5
SIM1
SIM2
SIM3
SIM4
1
21
22
SIM5
SIM1
SIM2
SIM3
SIM4
1
21
22
SIM5
SIM1
SIM2
SIM3
SIM4
1
21
22
SIM5
SIM1
SIM2
SIM3
SIM4
1
21
22
SIM5
SIM1
SIM2
SIM3
SIM4
1
21
22
SIM5
SIM1
SIM2
SIM3
SIM4
1
21
22
SIM5
SIM1
SIM2
SIM3
SIM4
1
21
22
SIM5
SIM1
SIM2
SIM3
SIM4
1
21
22
SIM5
SIM1
SIM2
SIM3
SIM4
1
21
22
SIM5
SIM1
SIM2
SIM3
SIM4
1
21
22
SIM5
SIM1
SIM2
SIM3
SIM4
1
21
22
SIM5
SIM1
SIM2
SIM3
SIM4
1
21
22
SIM5
SIM1
SIM2
SIM3
SIM4
1
21
22
SIM5
SIM1
SIM2
SIM3
SIM4
1
21
22
SIM5
SIM1
SIM2
SIM3
SIM4
1
21
22
SIM5
SIM1
SIM2
SIM3
SIM4
1
21
22
SIM5
SIM1
SIM2
SIM3
SIM4
1
21
22
SIM5
SIM1
SIM2
SIM3
SIM4
1
21
22
SIM5
SIM1
SIM2
SIM3
SIM4
1
21
22
SIM5
SIM1
SIM2
SIM3
SIM4
1
21
22
SIM5
SIM1
SIM2
SIM3
SIM4
1
21
22
SIM5
SIM1
SIM2
SIM3
SIM4
1
21
22
SIM5
SIM1
SIM2
SIM3
SIM4
1
21
22
SIM5
SIM1
SIM2
SIM3
SIM4
1
21
22
SIM5
SIM1
SIM2
SIM3
SIM4
1
21
22
SIM5
SIM1
SIM2
SIM3
SIM4
1
21
22
SIM5
SIM1
SIM2
SIM3
SIM4
1
21
22
SIM5
SIM1
SIM2
SIM3
SIM4
1
21
22
SIM5
SIM1
SIM2
SIM3
SIM4
1
21
22
SIM5
SIM1
SIM2
SIM3
SIM4
1
21
22
SIM5
SIM1
SIM2
SIM3
SIM4
1
21
22
SIM5
SIM1
SIM2
SIM3
SIM4
1
21
22
SIM5
SIM1
SIM2
SIM3
SIM4
1
21
22
SIM5
SIM1
SIM2
SIM3
SIM4
1
21
22
SIM5
SIM1
SIM2
SIM3
SIM4
1
21
22
SIM5
SIM1
SIM2
SIM3
SIM4
1
21
22
SIM5
SIM1
SIM2
SIM3
SIM4
1
21
22
SIM5
SIM1
SIM2
SIM3
SIM4
1
21
22
SIM5
SIM1
SIM2
SIM3
SIM4
1
21
22
SIM5
SIM1
SIM2
SIM3
SIM4
1
21
22
SIM5
SIM1
SIM2
SIM3
SIM4
1
21
22
SIM5
SIM1
SIM2
SIM3
SIM4
1
21
22
SIM5
SIM1
SIM2
SIM3
SIM4
1
21
22
SIM5
SIM1
SIM2
SIM3
SIM4
1
21
22
SIM5
SIM1
SIM2
SIM3
SIM4
1
21
22
SIM5
SIM1
SIM2
SIM3
SIM4
1
21
22
SIM5
SIM1
SIM2
SIM3
SIM4
1
21
22
SIM5
SIM1
SIM2
SIM3
SIM4
1
21
22
SIM5
SIM1
SIM2
SIM3
SIM4
1
21
22
SIM5
SIM1
SIM2
SIM3
SIM4
1
21
22
SIM5
SIM1
SIM2
SIM3
SIM4
1
21
22
SIM5
SIM1
SIM2
SIM3
SIM4
1
21
22
SIM5
SIM1
SIM2
SIM3
SIM4
1
21
22
SIM5
SIM1
SIM2
SIM3
SIM4
1
21
22
SIM5
SIM1
SIM2
SIM3
SIM4
1
21
22
SIM5
SIM1
SIM2
SIM3
SIM4
1
21
22
SIM5
SIM1
SIM2
SIM3
SIM4
1
21
22
SIM5
SIM1
SIM2
SIM3
SIM4
1
21
22
SIM5
SIM1
SIM2
SIM3
SIM4
1
21
22
SIM5
SIM1
SIM2
SIM3
SIM4
1
21
22
SIM5
SIM1
SIM2
SIM3
SIM4
1
21
22
SIM5
SIM1
SIM2
SIM3
SIM4
1
21
22
SIM5
SIM1
SIM2
SIM3
SIM4
1
21
22
SIM5
SIM1
SIM2
SIM3
SIM4
1
21
22
SIM5
SIM1
SIM2
SIM3
SIM4
1
21
22
SIM5
SIM1
SIM2
SIM3
SIM4
1
21
22
SIM5
SIM1
SIM2
SIM3
SIM4
1
21
22
SIM5
SIM1
SIM2
SIM3
SIM4
1
21
22
SIM5
SIM1
SIM2
SIM3
SIM4
1
21
22
SIM5
SIM1
SIM2
SIM3
SIM4
1
21
22
SIM5
SIM1
SIM2
SIM3
SIM4
1
21
22
SIM5
SIM1
SIM2
SIM3
SIM4
1
21
22
SIM5
SIM1
SIM2
SIM3
SIM4
1
21
22
SIM5
SIM1
SIM2
SIM3
SIM4
1
21
22
SIM5
SIM1
SIM2
SIM3
SIM4
1
21
22
SIM5
SIM1
SIM2
SIM3
SIM4
1
21
22
SIM5
SIM1
SIM2
SIM3
SIM4
1
21
22
SIM5
SIM1
SIM2
SIM3
SIM4
1
21
22
SIM5
SIM1
SIM2
SIM3
SIM4
1
21
22
SIM5
SIM1
SIM2
SIM3
SIM4
1
21
22
SIM5
SIM1
SIM2
SIM3
SIM4
1
21
22
SIM5
SIM1
SIM2
SIM3
SIM4
1
21
22
SIM5
SIM1
SIM2
SIM3
SIM4
1
21
22
SIM5
SIM1
SIM2
SIM3
SIM4
1
21
22
SIM5
SIM1
SIM2
SIM3
SIM4
1
21
22
SIM5
SIM1
SIM2
SIM3
SIM4
1
21
22
SIM5
SIM1
SIM2
SIM3
SIM4
1
21
22
SIM5
SIM1
SIM2
SIM3
SIM4
1
21
22
SIM5
SIM1
SIM2
SIM3
SIM4
1
21
22
SIM5
SIM1
SIM2
SIM3
SIM4
1
21
22
SIM5
SIM1
SIM2
SIM3
SIM4
1
21
22
SIM5
SIM1
SIM2
SIM3
SIM4
1
21
22
SIM5
SIM1
SIM2
SIM3
SIM4
1
21
22
SIM5
SIM1
SIM2
SIM3
SIM4
1
21
22
SIM5
SIM1
SIM2
SIM3
SIM4
1
21
22
SIM5
SIM1
SIM2
SIM3
SIM4
1
21
22
SIM5
SIM1
SIM2
SIM3
SIM4
1
21
22
SIM5
SIM1
SIM2
SIM3
SIM4
1
21
22
SIM5
SIM1
SIM2
SIM3
SIM4
1
21
22
SIM5
SIM1
SIM2
SIM3
SIM4
1
21
22
SIM5
SIM1
SIM2
SIM3
SIM4
1
21
22
SIM5
SIM1
SIM2
SIM3
SIM4
1
21
22
SIM5
SIM1
SIM2
SIM3
SIM4
1
21
22
SIM5
SIM1
SIM2
SIM3
SIM4
1
21
22
SIM5
SIM1
SIM2
SIM3
SIM4
1
21
22
SIM5
SIM1
SIM2
SIM3
SIM4
1
21
22
SIM5
SIM1
SIM2
SIM3
SIM4
1
21
22
SIM5
SIM1
SIM2
SIM3
SIM4
1
21
22
SIM5
SIM1
SIM2
SIM3
SIM4
1
21
22
SIM5
SIM1
SIM2
SIM3
SIM4
1
21
22
SIM5
SIM1
SIM2
SIM3
SIM4
1
21
22
SIM5
SIM1
SIM2
SIM3
SIM4
1
21
22
SIM5
SIM1
SIM2
SIM3
SIM4
1
21
22
SIM5
SIM1
SIM2
SIM3
SIM4
1
21
22
SIM5
SIM1
SIM2
SIM3
SIM4
1
21
22
SIM5
SIM1
SIM2
SIM3
SIM4
1
21
22
SIM5
SIM1
SIM2
SIM3
SIM4
1
21
22
SIM5
SIM1
SIM2
SIM3
SIM4
1
21
22
SIM5
SIM1
SIM2
SIM3
SIM4
1
21
22
SIM5
SIM1
SIM2
SIM3
SIM4
1
21
22
SIM5
SIM1
SIM2
SIM3
SIM4
1
21
22
SIM5
SIM1
SIM2
SIM3
SIM4
1
21
22
SIM5
SIM1
SIM2
SIM3
SIM4
1
21
22
SIM5
SIM1
SIM2
SIM3
SIM4
1
21
22
SIM5
SIM1
SIM2
SIM3
SIM4
1
21
22
SIM5
SIM1
SIM2
SIM3
SIM4
1
21
22
SIM5
SIM1
SIM2
SIM3
SIM4
1
21
22
SIM5
SIM1
SIM2
SIM3
SIM4
1
21
22
SIM5
SIM1
SIM2
SIM3
SIM4
1
21
22
SIM5
SIM1
SIM2
SIM3
SIM4
1
21
22
SIM5
SIM1
SIM2
SIM3
SIM4
1
21
22
SIM5
SIM1
SIM2
SIM3
SIM4
1
21
22
SIM5
SIM1
SIM2
SIM3
SIM4
1
21
22
SIM5
SIM1
SIM2
SIM3
SIM4
1
21
22
SIM5
SIM1
SIM2
SIM3
SIM4
1
21
22
SIM5
SIM1
SIM2
SIM3
SIM4
1
21
22
SIM5
SIM1
SIM2
SIM3
SIM4
1
21
22
SIM5
SIM1
SIM2
SIM3
SIM4
1
21
22
SIM5
SIM1
SIM2
SIM3
SIM4
1
21
22
SIM5
SIM1
SIM2
SIM3
SIM4
1
21
22
SIM5
SIM1
SIM2
SIM3
SIM4
1
21
22
SIM5
SIM1
SIM2
SIM3
SIM4
1
21
22
SIM5
SIM1
SIM2
SIM3
SIM4
1
21
22
SIM5
SIM1
SIM2
SIM3
SIM4
1
21
22
SIM5
SIM1
SIM2
SIM3
SIM4
1
21
22
SIM5
SIM1
SIM2
SIM3
SIM4
1
21
22
SIM5
SIM1
SIM2
SIM3
SIM4
1
21
22
SIM5
SIM1
SIM2
SIM3
SIM4
1
21
22
SIM5
SIM1
SIM2
SIM3
SIM4
1
21
22
SIM5
SIM1
SIM2
SIM3
SIM4
1
21
22
SIM5
SIM1
SIM2
SIM3
SIM4
1
21
22
SIM5
SIM1
SIM2
SIM3
SIM4
1
21
22
SIM5
SIM1
SIM2
SIM3
SIM4
1
21
22
SIM5
SIM1
SIM2
SIM3
SIM4
1
21
22
SIM5
SIM1
SIM2
SIM3
SIM4
1
21
22
SIM5
SIM1
SIM2
SIM3
SIM4
1
21
22
SIM5
SIM1
SIM2
SIM3
SIM4
1
21
22
SIM5
SIM1
SIM2
SIM3
SIM4
1
21
22
SIM5
SIM1
SIM2
SIM3
SIM4
1
21
22
SIM5
SIM1
SIM2
SIM3
SIM4
1
21
22
SIM5
SIM1
SIM2
SIM3
SIM4
1
21
22
SIM5
SIM1
SIM2
SIM3
SIM4
1
21
22
SIM5
SIM1
SIM2
SIM3
SIM4
1
21
22
SIM5
SIM1
SIM2
SIM3
SIM4
1
21
22
SIM5
SIM1
SIM2
SIM3
SIM4
1
21
22
SIM5
SIM1
SIM2
SIM3
SIM4
1
21
22
SIM5
SIM1
SIM2
SIM3
SIM4
1
21
22
SIM5
SIM1
SIM2
SIM3
SIM4
1
21
22
SIM5
SIM1
SIM2
SIM3
SIM4
1
21
22
SIM5
SIM1
SIM2
SIM3
SIM4
1
21
22
SIM5
SIM1
SIM2
SIM3
SIM4
1
21
22
SIM5
SIM1
SIM2
SIM3
SIM4
1
21
22
SIM5
SIM1
SIM2
SIM3
SIM4
1
21
22
SIM5
SIM1
SIM2
SIM3
SIM4
1
21
22
SIM5
SIM1
SIM2
SIM3
SIM4
1
21
22
SIM5
SIM1
SIM2
SIM3
SIM4
1
21
22
SIM5
SIM1
SIM2
SIM3
SIM4
1
21
22
SIM5
SIM1
SIM2
SIM3
SIM4
1
21
22
SIM5
SIM1
SIM2
SIM3
SIM4
1
21
22
SIM5
SIM1
SIM2
SIM3
SIM4
1
21
22
SIM5
SIM1
SIM2
SIM3
SIM4
1
21
22
SIM5
SIM1
SIM2
SIM3
SIM4
1
21
22
SIM5
SIM1
SIM2
SIM3
SIM4
1
21
22
SIM5
SIM1
SIM2
SIM3
SIM4
1
21
22
SIM5
SIM1
SIM2
SIM3
SIM4
1
21
22
SIM5
SIM1
SIM2
SIM3
SIM4
1
21
22
SIM5
SIM1
SIM2
SIM3
SIM4
1
21
22
SIM5
SIM1
SIM2
SIM3
SIM4
1
21
22
SIM5
SIM1
SIM2
SIM3
SIM4
1
21
22
SIM5
SIM1
SIM2
SIM3
SIM4
1
21
22
SIM5
SIM1
SIM2
SIM3
SIM4
1
21
22
SIM5
SIM1
SIM2
SIM3
SIM4
1
21
22
SIM5
SIM1
SIM2
SIM3
SIM4
1
21
22
SIM5
SIM1
SIM2
SIM3
SIM4
1
21
22
SIM5
SIM1
SIM2
SIM3
SIM4
1
21
22
SIM5
SIM1
SIM2
SIM3
SIM4
1
21
22
SIM5
SIM1
SIM2
SIM3
SIM4
1
21
22
SIM5
SIM1
SIM2
SIM3
SIM4
1
21
22
SIM5
SIM1
SIM2
SIM3
SIM4
1
21
22
SIM5
SIM1
SIM2
SIM3
SIM4
1
21
22
SIM5
SIM1
SIM2
SIM3
SIM4
1
21
22
SIM5
SIM1
SIM2
SIM3
SIM4
1
21
22
SIM5
SIM1
SIM2
SIM3
SIM4
1
21
22
SIM5
SIM1
SIM2
SIM3
SIM4
1
21
22
SIM5
SIM1
SIM2
DEBUG 1 970
SIM1
SIM2
SIM3
SIM4
1
21
22
SIM5
SIM1
SIM2
SIM3
SIM4
1
21
22
SIM5
SIM1
SIM2
SIM3
SIM4
1
21
22
SIM5
SIM1
SIM2
SIM3
SIM4
1
21
22
SIM5
SIM1
SIM2
SIM3
SIM4
1
21
22
SIM5
SIM1
SIM2
SIM3
SIM4
1
21
22
SIM5
SIM1
SIM2
SIM3
SIM4
1
21
22
SIM5
SIM1
SIM2
SIM3
SIM4
1
21
22
SIM5
SIM1
SIM2
SIM3
SIM4
1
21
22
SIM5
SIM1
SIM2
SIM3
SIM4
1
21
22
SIM5
SIM1
SIM2
SIM3
SIM4
1
21
22
SIM5
SIM1
SIM2
SIM3
SIM4
1
21
22
SIM5
SIM1
SIM2
SIM3
SIM4
1
21
22
SIM5
SIM1
SIM2
SIM3
SIM4
1
21
22
SIM5
SIM1
SIM2
SIM3
SIM4
1
21
22
SIM5
SIM1
SIM2
SIM3
SIM4
1
21
22
SIM5
SIM1
SIM2
SIM3
SIM4
1
21
22
SIM5
SIM1
SIM2
SIM3
SIM4
1
21
22
SIM5
SIM1
SIM2
SIM3
SIM4
1
21
22
SIM5
SIM1
SIM2
SIM3
SIM4
1
21
22
SIM5
SIM1
SIM2
SIM3
SIM4
1
21
22
SIM5
SIM1
SIM2
SIM3
SIM4
1
21
22
SIM5
SIM1
SIM2
SIM3
SIM4
1
21
22
SIM5
SIM1
SIM2
SIM3
SIM4
1
21
22
SIM5
SIM1
SIM2
SIM3
SIM4
1
21
22
SIM5
SIM1
SIM2
SIM3
SIM4
1
21
22
SIM5
SIM1
SIM2
SIM3
SIM4
1
21
22
SIM5
SIM1
SIM2
SIM3
SIM4
1
21
22
SIM5
SIM1
SIM2
SIM3
SIM4
1
21
22
SIM5
SIM1
SIM2
SIM3
SIM4
1
21
22
SIM5
SIM1
SIM2
SIM3
SIM4
1
21
22
SIM5
SIM1
SIM2
SIM3
SIM4
1
21
22
SIM5
SIM1
SIM2
SIM3
SIM4
1
21
22
SIM5
SIM1
SIM2
SIM3
SIM4
1
21
22
SIM5
SIM1
SIM2
SIM3
SIM4
1
21
22
SIM5
SIM1
SIM2
SIM3
SIM4
1
21
22
SIM5
SIM1
SIM2
SIM3
SIM4
1
21
22
SIM5
SIM1
SIM2
SIM3
SIM4
1
21
22
SIM5
SIM1
SIM2
SIM3
SIM4
1
21
22
SIM5
SIM1
SIM2
SIM3
SIM4
1
21
22
SIM5
SIM1
SIM2
SIM3
SIM4
1
21
22
SIM5
SIM1
SIM2
SIM3
SIM4
1
21
22
SIM5
SIM1
SIM2
SIM3
SIM4
1
21
22
SIM5
SIM1
SIM2
SIM3
SIM4
1
21
22
SIM5
SIM1
SIM2
SIM3
SIM4
1
21
22
SIM5
SIM1
SIM2
SIM3
SIM4
1
21
22
SIM5
SIM1
SIM2
SIM3
SIM4
1
21
22
SIM5
SIM1
SIM2
SIM3
SIM4
1
21
22
SIM5
SIM1
SIM2
SIM3
SIM4
1
21
22
SIM5
SIM1
SIM2
SIM3
SIM4
1
21
22
SIM5
SIM1
SIM2
SIM3
SIM4
1
21
22
SIM5
SIM1
SIM2
SIM3
SIM4
1
21
22
SIM5
SIM1
SIM2
SIM3
SIM4
1
21
22
SIM5
SIM1
SIM2
SIM3
SIM4
1
21
22
SIM5
SIM1
SIM2
SIM3
SIM4
1
21
22
SIM5
SIM1
SIM2
SIM3
SIM4
1
21
22
SIM5
SIM1
SIM2
SIM3
SIM4
1
21
22
SIM5
SIM1
SIM2
SIM3
SIM4
1
21
22
SIM5
SIM1
SIM2
SIM3
SIM4
1
21
22
SIM5
SIM1
SIM2
SIM3
SIM4
1
21
22
SIM5
SIM1
SIM2
SIM3
SIM4
1
21
22
SIM5
SIM1
SIM2
SIM3
SIM4
1
21
22
SIM5
SIM1
SIM2
SIM3
SIM4
1
21
22
SIM5
SIM1
SIM2
SIM3
SIM4
1
21
22
SIM5
SIM1
SIM2
SIM3
SIM4
1
21
22
SIM5
SIM1
SIM2
SIM3
SIM4
1
21
22
SIM5
SIM1
SIM2
SIM3
SIM4
1
21
22
SIM5
SIM1
SIM2
SIM3
SIM4
1
21
22
SIM5
SIM1
SIM2
SIM3
SIM4
1
21
22
SIM5
SIM1
SIM2
SIM3
SIM4
1
21
22
SIM5
SIM1
SIM2
SIM3
SIM4
1
21
22
SIM5
SIM1
SIM2
SIM3
SIM4
1
21
22
SIM5
SIM1
SIM2
SIM3
SIM4
1
21
22
SIM5
SIM1
SIM2
SIM3
SIM4
1
21
22
SIM5
SIM1
SIM2
SIM3
SIM4
1
21
22
SIM5
SIM1
SIM2
SIM3
SIM4
1
21
22
SIM5
SIM1
SIM2
SIM3
SIM4
1
21
22
SIM5
SIM1
SIM2
SIM3
SIM4
1
21
22
SIM5
SIM1
SIM2
SIM3
SIM4
1
21
22
SIM5
SIM1
SIM2
SIM3
SIM4
1
21
22
SIM5
SIM1
SIM2
SIM3
SIM4
1
21
22
SIM5
SIM1
SIM2
SIM3
SIM4
1
21
22
SIM5
SIM1
SIM2
SIM3
SIM4
1
21
22
SIM5
SIM1
SIM2
SIM3
SIM4
1
21
22
SIM5
SIM1
SIM2
SIM3
SIM4
1
21
22
SIM5
SIM1
SIM2
SIM3
SIM4
1
21
22
SIM5
SIM1
SIM2
SIM3
SIM4
1
21
22
SIM5
SIM1
SIM2
SIM3
SIM4
1
21
22
SIM5
SIM1
SIM2
SIM3
SIM4
1
21
22
SIM5
SIM1
SIM2
SIM3
SIM4
1
21
22
SIM5
SIM1
SIM2
SIM3
SIM4
1
21
22
SIM5
SIM1
SIM2
SIM3
SIM4
1
21
22
SIM5
SIM1
SIM2
SIM3
SIM4
1
21
22
SIM5
SIM1
SIM2
SIM3
SIM4
1
21
22
SIM5
SIM1
SIM2
SIM3
SIM4
1
21
22
SIM5
SIM1
SIM2
SIM3
SIM4
1
21
22
SIM5
SIM1
SIM2
SIM3
SIM4
1
21
22
SIM5
SIM1
SIM2
SIM3
SIM4
1
21
22
SIM5
SIM1
SIM2
SIM3
SIM4
1
21
22
SIM5
SIM1
SIM2
SIM3
SIM4
1
21
22
SIM5
SIM1
SIM2
SIM3
SIM4
1
21
22
SIM5
SIM1
SIM2
SIM3
SIM4
1
21
22
SIM5
SIM1
SIM2
SIM3
SIM4
1
21
22
SIM5
SIM1
SIM2
SIM3
SIM4
1
21
22
SIM5
SIM1
SIM2
SIM3
SIM4
1
21
22
SIM5
SIM1
SIM2
SIM3
SIM4
1
21
22
SIM5
SIM1
SIM2
SIM3
SIM4
1
21
22
SIM5
SIM1
SIM2
SIM3
SIM4
1
21
22
SIM5
SIM1
SIM2
SIM3
SIM4
1
21
22
SIM5
SIM1
SIM2
SIM3
SIM4
1
21
22
SIM5
SIM1
SIM2
SIM3
SIM4
1
21
22
SIM5
SIM1
SIM2
SIM3
SIM4
1
21
22
SIM5
SIM1
SIM2
SIM3
SIM4
1
21
22
SIM5
SIM1
SIM2
SIM3
SIM4
1
21
22
SIM5
SIM1
SIM2
SIM3
SIM4
1
21
22
SIM5
SIM1
SIM2
SIM3
SIM4
1
21
22
SIM5
SIM1
SIM2
SIM3
SIM4
1
21
22
SIM5
SIM1
SIM2
SIM3
SIM4
1
21
22
SIM5
SIM1
SIM2
SIM3
SIM4
1
21
22
SIM5
SIM1
SIM2
SIM3
SIM4
1
21
22
SIM5
SIM1
SIM2
SIM3
SIM4
1
21
22
SIM5
SIM1
SIM2
SIM3
SIM4
1
21
22
SIM5
SIM1
SIM2
SIM3
SIM4
1
21
22
SIM5
SIM1
SIM2
SIM3
SIM4
1
21
22
SIM5
SIM1
SIM2
SIM3
SIM4
1
21
22
SIM5
SIM1
SIM2
SIM3
SIM4
1
21
22
SIM5
SIM1
SIM2
SIM3
SIM4
1
21
22
SIM5
SIM1
SIM2
SIM3
SIM4
1
21
22
SIM5
SIM1
SIM2
SIM3
SIM4
1
21
22
SIM5
SIM1
SIM2
SIM3
SIM4
1
21
22
SIM5
SIM1
SIM2
SIM3
SIM4
1
21
22
SIM5
SIM1
SIM2
SIM3
SIM4
1
21
22
SIM5
SIM1
SIM2
SIM3
SIM4
1
21
22
SIM5
SIM1
SIM2
SIM3
SIM4
1
21
22
SIM5
SIM1
SIM2
SIM3
SIM4
1
21
22
SIM5
SIM1
SIM2
SIM3
SIM4
1
21
22
SIM5
SIM1
SIM2
SIM3
SIM4
1
21
22
SIM5
SIM1
SIM2
SIM3
SIM4
1
21
22
SIM5
SIM1
SIM2
SIM3
SIM4
1
21
22
SIM5
SIM1
SIM2
SIM3
SIM4
1
21
22
SIM5
SIM1
SIM2
SIM3
SIM4
1
21
22
SIM5
SIM1
SIM2
SIM3
SIM4
1
21
22
SIM5
SIM1
SIM2
SIM3
SIM4
1
21
22
SIM5
SIM1
SIM2
SIM3
SIM4
1
21
22
SIM5
SIM1
SIM2
SIM3
SIM4
1
21
22
SIM5
SIM1
SIM2
SIM3
SIM4
1
21
22
SIM5
SIM1
SIM2
SIM3
SIM4
1
21
22
SIM5
SIM1
SIM2
SIM3
SIM4
1
21
22
SIM5
SIM1
SIM2
SIM3
SIM4
1
21
22
SIM5
SIM1
SIM2
SIM3
SIM4
1
21
22
SIM5
SIM1
SIM2
SIM3
SIM4
1
21
22
SIM5
SIM1
SIM2
SIM3
SIM4
1
21
22
SIM5
SIM1
SIM2
SIM3
SIM4
1
21
22
SIM5
SIM1
SIM2
SIM3
SIM4
1
21
22
SIM5
SIM1
SIM2
SIM3
SIM4
1
21
22
SIM5
SIM1
SIM2
SIM3
SIM4
1
21
22
SIM5
SIM1
SIM2
SIM3
SIM4
1
21
22
SIM5
SIM1
SIM2
SIM3
SIM4
1
21
22
SIM5
SIM1
SIM2
SIM3
SIM4
1
21
22
SIM5
SIM1
SIM2
SIM3
SIM4
1
21
22
SIM5
SIM1
SIM2
SIM3
SIM4
1
21
22
SIM5
SIM1
SIM2
SIM3
SIM4
1
21
22
SIM5
SIM1
SIM2
SIM3
SIM4
1
21
22
SIM5
SIM1
SIM2
SIM3
SIM4
1
21
22
SIM5
SIM1
SIM2
SIM3
SIM4
1
21
22
SIM5
SIM1
SIM2
SIM3
SIM4
1
21
22
SIM5
SIM1
SIM2
SIM3
SIM4
1
21
22
SIM5
SIM1
SIM2
SIM3
SIM4
1
21
22
SIM5
SIM1
SIM2
SIM3
SIM4
1
21
22
SIM5
SIM1
SIM2
SIM3
SIM4
1
21
22
SIM5
SIM1
SIM2
SIM3
SIM4
1
21
22
SIM5
SIM1
SIM2
SIM3
SIM4
1
21
22
SIM5
SIM1
SIM2
SIM3
SIM4
1
21
22
SIM5
SIM1
SIM2
SIM3
SIM4
1
21
22
SIM5
SIM1
SIM2
SIM3
SIM4
1
21
22
SIM5
SIM1
SIM2
SIM3
SIM4
1
21
22
SIM5
SIM1
SIM2
SIM3
SIM4
1
21
22
SIM5
SIM1
SIM2
SIM3
SIM4
1
21
22
SIM5
SIM1
SIM2
SIM3
SIM4
1
21
22
SIM5
SIM1
SIM2
SIM3
SIM4
1
21
22
SIM5
SIM1
SIM2
SIM3
SIM4
1
21
22
SIM5
SIM1
SIM2
SIM3
SIM4
1
21
22
SIM5
SIM1
SIM2
SIM3
SIM4
1
21
22
SIM5
SIM1
SIM2
SIM3
SIM4
1
21
22
SIM5
SIM1
SIM2
SIM3
SIM4
1
21
22
SIM5
SIM1
SIM2
SIM3
SIM4
1
21
22
SIM5
SIM1
SIM2
SIM3
SIM4
1
21
22
SIM5
SIM1
SIM2
SIM3
SIM4
1
21
22
SIM5
SIM1
SIM2
SIM3
SIM4
1
21
22
SIM5
SIM1
SIM2
DEBUG 1 971
SIM1
SIM2
SIM3
SIM4
1
21
22
SIM5
SIM1
SIM2
SIM3
SIM4
1
21
22
SIM5
SIM1
SIM2
SIM3
SIM4
1
21
22
SIM5
SIM1
SIM2
SIM3
SIM4
1
21
22
SIM5
SIM1
SIM2
SIM3
SIM4
1
21
22
SIM5
SIM1
SIM2
SIM3
SIM4
1
21
22
SIM5
SIM1
SIM2
SIM3
SIM4
1
21
22
SIM5
SIM1
SIM2
SIM3
SIM4
1
21
22
SIM5
SIM1
SIM2
SIM3
SIM4
1
21
22
SIM5
SIM1
SIM2
SIM3
SIM4
1
21
22
SIM5
SIM1
SIM2
SIM3
SIM4
1
21
22
SIM5
SIM1
SIM2
SIM3
SIM4
1
21
22
SIM5
SIM1
SIM2
SIM3
SIM4
1
21
22
SIM5
SIM1
SIM2
SIM3
SIM4
1
21
22
SIM5
SIM1
SIM2
SIM3
SIM4
1
21
22
SIM5
SIM1
SIM2
SIM3
SIM4
1
21
22
SIM5
SIM1
SIM2
SIM3
SIM4
1
21
22
SIM5
SIM1
SIM2
SIM3
SIM4
1
21
22
SIM5
SIM1
SIM2
SIM3
SIM4
1
21
22
SIM5
SIM1
SIM2
SIM3
SIM4
1
21
22
SIM5
SIM1
SIM2
SIM3
SIM4
1
21
22
SIM5
SIM1
SIM2
SIM3
SIM4
1
21
22
SIM5
SIM1
SIM2
SIM3
SIM4
1
21
22
SIM5
SIM1
SIM2
SIM3
SIM4
1
21
22
SIM5
SIM1
SIM2
SIM3
SIM4
1
21
22
SIM5
SIM1
SIM2
SIM3
SIM4
1
21
22
SIM5
SIM1
SIM2
SIM3
SIM4
1
21
22
SIM5
SIM1
SIM2
SIM3
SIM4
1
21
22
SIM5
SIM1
SIM2
SIM3
SIM4
1
21
22
SIM5
SIM1
SIM2
SIM3
SIM4
1
21
22
SIM5
SIM1
SIM2
SIM3
SIM4
1
21
22
SIM5
SIM1
SIM2
SIM3
SIM4
1
21
22
SIM5
SIM1
SIM2
SIM3
SIM4
1
21
22
SIM5
SIM1
SIM2
SIM3
SIM4
1
21
22
SIM5
SIM1
SIM2
SIM3
SIM4
1
21
22
SIM5
SIM1
SIM2
SIM3
SIM4
1
21
22
SIM5
SIM1
SIM2
SIM3
SIM4
1
21
22
SIM5
SIM1
SIM2
SIM3
SIM4
1
21
22
SIM5
SIM1
SIM2
SIM3
SIM4
1
21
22
SIM5
SIM1
SIM2
SIM3
SIM4
1
21
22
SIM5
SIM1
SIM2
SIM3
SIM4
1
21
22
SIM5
SIM1
SIM2
SIM3
SIM4
1
21
22
SIM5
SIM1
SIM2
SIM3
SIM4
1
21
22
SIM5
SIM1
SIM2
SIM3
SIM4
1
21
22
SIM5
SIM1
SIM2
SIM3
SIM4
1
21
22
SIM5
SIM1
SIM2
SIM3
SIM4
1
21
22
SIM5
SIM1
SIM2
SIM3
SIM4
1
21
22
SIM5
SIM1
SIM2
SIM3
SIM4
1
21
22
SIM5
SIM1
SIM2
SIM3
SIM4
1
21
22
SIM5
SIM1
SIM2
SIM3
SIM4
1
21
22
SIM5
SIM1
SIM2
SIM3
SIM4
1
21
22
SIM5
SIM1
SIM2
SIM3
SIM4
1
21
22
SIM5
SIM1
SIM2
SIM3
SIM4
1
21
22
SIM5
SIM1
SIM2
SIM3
SIM4
1
21
22
SIM5
SIM1
SIM2
SIM3
SIM4
1
21
22
SIM5
SIM1
SIM2
SIM3
SIM4
1
21
22
SIM5
SIM1
SIM2
SIM3
SIM4
1
21
22
SIM5
SIM1
SIM2
SIM3
SIM4
1
21
22
SIM5
SIM1
SIM2
SIM3
SIM4
1
21
22
SIM5
SIM1
SIM2
SIM3
SIM4
1
21
22
SIM5
SIM1
SIM2
SIM3
SIM4
1
21
22
SIM5
SIM1
SIM2
SIM3
SIM4
1
21
22
SIM5
SIM1
SIM2
SIM3
SIM4
1
21
22
SIM5
SIM1
SIM2
SIM3
SIM4
1
21
22
SIM5
SIM1
SIM2
SIM3
SIM4
1
21
22
SIM5
SIM1
SIM2
SIM3
SIM4
1
21
22
SIM5
SIM1
SIM2
SIM3
SIM4
1
21
22
SIM5
SIM1
SIM2
SIM3
SIM4
1
21
22
SIM5
SIM1
SIM2
SIM3
SIM4
1
21
22
SIM5
SIM1
SIM2
SIM3
SIM4
1
21
22
SIM5
SIM1
SIM2
SIM3
SIM4
1
21
22
SIM5
SIM1
SIM2
SIM3
SIM4
1
21
22
SIM5
SIM1
SIM2
SIM3
SIM4
1
21
22
SIM5
SIM1
SIM2
SIM3
SIM4
1
21
22
SIM5
SIM1
SIM2
SIM3
SIM4
1
21
22
SIM5
SIM1
SIM2
SIM3
SIM4
1
21
22
SIM5
SIM1
SIM2
SIM3
SIM4
1
21
22
SIM5
SIM1
SIM2
SIM3
SIM4
1
21
22
SIM5
SIM1
SIM2
SIM3
SIM4
1
21
22
SIM5
SIM1
SIM2
SIM3
SIM4
1
21
22
SIM5
SIM1
SIM2
SIM3
SIM4
1
21
22
SIM5
SIM1
SIM2
SIM3
SIM4
1
21
22
SIM5
SIM1
SIM2
SIM3
SIM4
1
21
22
SIM5
SIM1
SIM2
SIM3
SIM4
1
21
22
SIM5
SIM1
SIM2
SIM3
SIM4
1
21
22
SIM5
SIM1
SIM2
SIM3
SIM4
1
21
22
SIM5
SIM1
SIM2
SIM3
SIM4
1
21
22
SIM5
SIM1
SIM2
SIM3
SIM4
1
21
22
SIM5
SIM1
SIM2
SIM3
SIM4
1
21
22
SIM5
SIM1
SIM2
SIM3
SIM4
1
21
22
SIM5
SIM1
SIM2
SIM3
SIM4
1
21
22
SIM5
SIM1
SIM2
SIM3
SIM4
1
21
22
SIM5
SIM1
SIM2
SIM3
SIM4
1
21
22
SIM5
SIM1
SIM2
SIM3
SIM4
1
21
22
SIM5
SIM1
SIM2
SIM3
SIM4
1
21
22
SIM5
SIM1
SIM2
SIM3
SIM4
1
21
22
SIM5
SIM1
SIM2
SIM3
SIM4
1
21
22
SIM5
SIM1
SIM2
SIM3
SIM4
1
21
22
SIM5
SIM1
SIM2
SIM3
SIM4
1
21
22
SIM5
SIM1
SIM2
SIM3
SIM4
1
21
22
SIM5
SIM1
SIM2
SIM3
SIM4
1
21
22
SIM5
SIM1
SIM2
SIM3
SIM4
1
21
22
SIM5
SIM1
SIM2
SIM3
SIM4
1
21
22
SIM5
SIM1
SIM2
SIM3
SIM4
1
21
22
SIM5
SIM1
SIM2
SIM3
SIM4
1
21
22
SIM5
SIM1
SIM2
SIM3
SIM4
1
21
22
SIM5
SIM1
SIM2
SIM3
SIM4
1
21
22
SIM5
SIM1
SIM2
SIM3
SIM4
1
21
22
SIM5
SIM1
SIM2
SIM3
SIM4
1
21
22
SIM5
SIM1
SIM2
SIM3
SIM4
1
21
22
SIM5
SIM1
SIM2
SIM3
SIM4
1
21
22
SIM5
SIM1
SIM2
SIM3
SIM4
1
21
22
SIM5
SIM1
SIM2
SIM3
SIM4
1
21
22
SIM5
SIM1
SIM2
SIM3
SIM4
1
21
22
SIM5
SIM1
SIM2
SIM3
SIM4
1
21
22
SIM5
SIM1
SIM2
SIM3
SIM4
1
21
22
SIM5
SIM1
SIM2
SIM3
SIM4
1
21
22
SIM5
SIM1
SIM2
SIM3
SIM4
1
21
22
SIM5
SIM1
SIM2
SIM3
SIM4
1
21
22
SIM5
SIM1
SIM2
SIM3
SIM4
1
21
22
SIM5
SIM1
SIM2
SIM3
SIM4
1
21
22
SIM5
SIM1
SIM2
SIM3
SIM4
1
21
22
SIM5
SIM1
SIM2
SIM3
SIM4
1
21
22
SIM5
SIM1
SIM2
SIM3
SIM4
1
21
22
SIM5
SIM1
SIM2
SIM3
SIM4
1
21
22
SIM5
SIM1
SIM2
SIM3
SIM4
1
21
22
SIM5
SIM1
SIM2
SIM3
SIM4
1
21
22
SIM5
SIM1
SIM2
SIM3
SIM4
1
21
22
SIM5
SIM1
SIM2
SIM3
SIM4
1
21
22
SIM5
SIM1
SIM2
SIM3
SIM4
1
21
22
SIM5
SIM1
SIM2
SIM3
SIM4
1
21
22
SIM5
SIM1
SIM2
SIM3
SIM4
1
21
22
SIM5
SIM1
SIM2
SIM3
SIM4
1
21
22
SIM5
SIM1
SIM2
SIM3
SIM4
1
21
22
SIM5
SIM1
SIM2
SIM3
SIM4
1
21
22
SIM5
SIM1
SIM2
SIM3
SIM4
1
21
22
SIM5
SIM1
SIM2
SIM3
SIM4
1
21
22
SIM5
SIM1
SIM2
SIM3
SIM4
1
21
22
SIM5
SIM1
SIM2
SIM3
SIM4
1
21
22
SIM5
SIM1
SIM2
SIM3
SIM4
1
21
22
SIM5
SIM1
SIM2
SIM3
SIM4
1
21
22
SIM5
SIM1
SIM2
SIM3
SIM4
1
21
22
SIM5
SIM1
SIM2
SIM3
SIM4
1
21
22
SIM5
SIM1
SIM2
SIM3
SIM4
1
21
22
SIM5
SIM1
SIM2
SIM3
SIM4
1
21
22
SIM5
SIM1
SIM2
SIM3
SIM4
1
21
22
SIM5
SIM1
SIM2
SIM3
SIM4
1
21
22
SIM5
SIM1
SIM2
SIM3
SIM4
1
21
22
SIM5
SIM1
SIM2
SIM3
SIM4
1
21
22
SIM5
SIM1
SIM2
SIM3
SIM4
1
21
22
SIM5
SIM1
SIM2
SIM3
SIM4
1
21
22
SIM5
SIM1
SIM2
SIM3
SIM4
1
21
22
SIM5
SIM1
SIM2
SIM3
SIM4
1
21
22
SIM5
SIM1
SIM2
SIM3
SIM4
1
21
22
SIM5
SIM1
SIM2
SIM3
SIM4
1
21
22
SIM5
SIM1
SIM2
SIM3
SIM4
1
21
22
SIM5
SIM1
SIM2
SIM3
SIM4
1
21
22
SIM5
SIM1
SIM2
SIM3
SIM4
1
21
22
SIM5
SIM1
SIM2
SIM3
SIM4
1
21
22
SIM5
SIM1
SIM2
SIM3
SIM4
1
21
22
SIM5
SIM1
SIM2
SIM3
SIM4
1
21
22
SIM5
SIM1
SIM2
SIM3
SIM4
1
21
22
SIM5
SIM1
SIM2
SIM3
SIM4
1
21
22
SIM5
SIM1
SIM2
SIM3
SIM4
1
21
22
SIM5
SIM1
SIM2
SIM3
SIM4
1
21
22
SIM5
SIM1
SIM2
SIM3
SIM4
1
21
22
SIM5
SIM1
SIM2
SIM3
SIM4
1
21
22
SIM5
SIM1
SIM2
SIM3
SIM4
1
21
22
SIM5
SIM1
SIM2
SIM3
SIM4
1
21
22
SIM5
SIM1
SIM2
SIM3
SIM4
1
21
22
SIM5
SIM1
SIM2
SIM3
SIM4
1
21
22
SIM5
SIM1
SIM2
SIM3
SIM4
1
21
22
SIM5
SIM1
SIM2
SIM3
SIM4
1
21
22
SIM5
SIM1
SIM2
SIM3
SIM4
1
21
22
SIM5
SIM1
SIM2
SIM3
SIM4
1
21
22
SIM5
SIM1
SIM2
SIM3
SIM4
1
21
22
SIM5
SIM1
SIM2
SIM3
SIM4
1
21
22
SIM5
SIM1
SIM2
SIM3
SIM4
1
21
22
SIM5
SIM1
SIM2
SIM3
SIM4
1
21
22
SIM5
SIM1
SIM2
SIM3
SIM4
1
21
22
SIM5
SIM1
SIM2
SIM3
SIM4
1
21
22
SIM5
SIM1
SIM2
SIM3
SIM4
1
21
22
SIM5
SIM1
SIM2
SIM3
SIM4
1
21
22
SIM5
SIM1
SIM2
SIM3
SIM4
1
21
22
SIM5
SIM1
SIM2
SIM3
SIM4
1
21
22
SIM5
SIM1
SIM2
SIM3
SIM4
1
21
22
SIM5
SIM1
SIM2
SIM3
SIM4
1
21
22
SIM5
SIM1
SIM2
SIM3
SIM4
1
21
22
SIM5
SIM1
SIM2
SIM3
SIM4
1
21
22
SIM5
SIM1
SIM2
SIM3
SIM4
1
21
22
SIM5
SIM1
SIM2
SIM3
SIM4
1
21
22
SIM5
SIM1
SIM2
SIM3
SIM4
1
21
22
SIM5
SIM1
SIM2
SIM3
SIM4
1
21
22
SIM5
SIM1
SIM2
SIM3
SIM4
1
21
22
SIM5
SIM1
SIM2
SIM3
SIM4
1
21
22
SIM5
SIM1
SIM2
SIM3
SIM4
1
21
22
SIM5
SIM1
SIM2
SIM3
SIM4
1
21
22
SIM5
SIM1
SIM2
SIM3
SIM4
1
21
22
SIM5
SIM1
SIM2
SIM3
SIM4
1
21
22
SIM5
SIM1
SIM2
SIM3
SIM4
1
21
22
SIM5
SIM1
SIM2
SIM3
SIM4
1
21
22
SIM5
SIM1
SIM2
SIM3
SIM4
1
21
22
SIM5
SIM1
SIM2
SIM3
SIM4
1
21
22
SIM5
SIM1
SIM2
SIM3
SIM4
1
21
22
SIM5
SIM1
SIM2
SIM3
SIM4
1
21
22
SIM5
SIM1
SIM2
SIM3
SIM4
1
21
22
SIM5
SIM1
SIM2
SIM3
SIM4
1
21
22
SIM5
SIM1
SIM2
SIM3
SIM4
1
21
22
SIM5
SIM1
SIM2
DEBUG 1 972
SIM1
SIM2
SIM3
SIM4
1
21
22
SIM5
SIM1
SIM2
SIM3
SIM4
1
21
22
SIM5
SIM1
SIM2
SIM3
SIM4
1
21
22
SIM5
SIM1
SIM2
SIM3
SIM4
1
21
22
SIM5
SIM1
SIM2
SIM3
SIM4
1
21
22
SIM5
SIM1
SIM2
SIM3
SIM4
1
21
22
SIM5
SIM1
SIM2
SIM3
SIM4
1
21
22
SIM5
SIM1
SIM2
SIM3
SIM4
1
21
22
SIM5
SIM1
SIM2
SIM3
SIM4
1
21
22
SIM5
SIM1
SIM2
SIM3
SIM4
1
21
22
SIM5
SIM1
SIM2
SIM3
SIM4
1
21
22
SIM5
SIM1
SIM2
SIM3
SIM4
1
21
22
SIM5
SIM1
SIM2
SIM3
SIM4
1
21
22
SIM5
SIM1
SIM2
SIM3
SIM4
1
21
22
SIM5
SIM1
SIM2
SIM3
SIM4
1
21
22
SIM5
SIM1
SIM2
SIM3
SIM4
1
21
22
SIM5
SIM1
SIM2
SIM3
SIM4
1
21
22
SIM5
SIM1
SIM2
SIM3
SIM4
1
21
22
SIM5
SIM1
SIM2
SIM3
SIM4
1
21
22
SIM5
SIM1
SIM2
SIM3
SIM4
1
21
22
SIM5
SIM1
SIM2
SIM3
SIM4
1
21
22
SIM5
SIM1
SIM2
SIM3
SIM4
1
21
22
SIM5
SIM1
SIM2
SIM3
SIM4
1
21
22
SIM5
SIM1
SIM2
SIM3
SIM4
1
21
22
SIM5
SIM1
SIM2
SIM3
SIM4
1
21
22
SIM5
SIM1
SIM2
SIM3
SIM4
1
21
22
SIM5
SIM1
SIM2
SIM3
SIM4
1
21
22
SIM5
SIM1
SIM2
SIM3
SIM4
1
21
22
SIM5
SIM1
SIM2
SIM3
SIM4
1
21
22
SIM5
SIM1
SIM2
SIM3
SIM4
1
21
22
SIM5
SIM1
SIM2
SIM3
SIM4
1
21
22
SIM5
SIM1
SIM2
SIM3
SIM4
1
21
22
SIM5
SIM1
SIM2
SIM3
SIM4
1
21
22
SIM5
SIM1
SIM2
SIM3
SIM4
1
21
22
SIM5
SIM1
SIM2
SIM3
SIM4
1
21
22
SIM5
SIM1
SIM2
SIM3
SIM4
1
21
22
SIM5
SIM1
SIM2
SIM3
SIM4
1
21
22
SIM5
SIM1
SIM2
SIM3
SIM4
1
21
22
SIM5
SIM1
SIM2
SIM3
SIM4
1
21
22
SIM5
SIM1
SIM2
SIM3
SIM4
1
21
22
SIM5
SIM1
SIM2
SIM3
SIM4
1
21
22
SIM5
SIM1
SIM2
SIM3
SIM4
1
21
22
SIM5
SIM1
SIM2
SIM3
SIM4
1
21
22
SIM5
SIM1
SIM2
SIM3
SIM4
1
21
22
SIM5
SIM1
SIM2
SIM3
SIM4
1
21
22
SIM5
SIM1
SIM2
SIM3
SIM4
1
21
22
SIM5
SIM1
SIM2
SIM3
SIM4
1
21
22
SIM5
SIM1
SIM2
SIM3
SIM4
1
21
22
SIM5
SIM1
SIM2
SIM3
SIM4
1
21
22
SIM5
SIM1
SIM2
SIM3
SIM4
1
21
22
SIM5
SIM1
SIM2
SIM3
SIM4
1
21
22
SIM5
SIM1
SIM2
SIM3
SIM4
1
21
22
SIM5
SIM1
SIM2
SIM3
SIM4
1
21
22
SIM5
SIM1
SIM2
SIM3
SIM4
1
21
22
SIM5
SIM1
SIM2
SIM3
SIM4
1
21
22
SIM5
SIM1
SIM2
SIM3
SIM4
1
21
22
SIM5
SIM1
SIM2
SIM3
SIM4
1
21
22
SIM5
SIM1
SIM2
SIM3
SIM4
1
21
22
SIM5
SIM1
SIM2
SIM3
SIM4
1
21
22
SIM5
SIM1
SIM2
SIM3
SIM4
1
21
22
SIM5
SIM1
SIM2
SIM3
SIM4
1
21
22
SIM5
SIM1
SIM2
SIM3
SIM4
1
21
22
SIM5
SIM1
SIM2
SIM3
SIM4
1
21
22
SIM5
SIM1
SIM2
SIM3
SIM4
1
21
22
SIM5
SIM1
SIM2
SIM3
SIM4
1
21
22
SIM5
SIM1
SIM2
SIM3
SIM4
1
21
22
SIM5
SIM1
SIM2
SIM3
SIM4
1
21
22
SIM5
SIM1
SIM2
SIM3
SIM4
1
21
22
SIM5
SIM1
SIM2
SIM3
SIM4
1
21
22
SIM5
SIM1
SIM2
SIM3
SIM4
1
21
22
SIM5
SIM1
SIM2
SIM3
SIM4
1
21
22
SIM5
SIM1
SIM2
SIM3
SIM4
1
21
22
SIM5
SIM1
SIM2
SIM3
SIM4
1
21
22
SIM5
SIM1
SIM2
SIM3
SIM4
1
21
22
SIM5
SIM1
SIM2
SIM3
SIM4
1
21
22
SIM5
SIM1
SIM2
SIM3
SIM4
1
21
22
SIM5
SIM1
SIM2
SIM3
SIM4
1
21
22
SIM5
SIM1
SIM2
SIM3
SIM4
1
21
22
SIM5
SIM1
SIM2
SIM3
SIM4
1
21
22
SIM5
SIM1
SIM2
SIM3
SIM4
1
21
22
SIM5
SIM1
SIM2
SIM3
SIM4
1
21
22
SIM5
SIM1
SIM2
SIM3
SIM4
1
21
22
SIM5
SIM1
SIM2
SIM3
SIM4
1
21
22
SIM5
SIM1
SIM2
SIM3
SIM4
1
21
22
SIM5
SIM1
SIM2
SIM3
SIM4
1
21
22
SIM5
SIM1
SIM2
SIM3
SIM4
1
21
22
SIM5
SIM1
SIM2
SIM3
SIM4
1
21
22
SIM5
SIM1
SIM2
SIM3
SIM4
1
21
22
SIM5
SIM1
SIM2
SIM3
SIM4
1
21
22
SIM5
SIM1
SIM2
SIM3
SIM4
1
21
22
SIM5
SIM1
SIM2
SIM3
SIM4
1
21
22
SIM5
SIM1
SIM2
SIM3
SIM4
1
21
22
SIM5
SIM1
SIM2
SIM3
SIM4
1
21
22
SIM5
SIM1
SIM2
SIM3
SIM4
1
21
22
SIM5
SIM1
SIM2
SIM3
SIM4
1
21
22
SIM5
SIM1
SIM2
SIM3
SIM4
1
21
22
SIM5
SIM1
SIM2
SIM3
SIM4
1
21
22
SIM5
SIM1
SIM2
SIM3
SIM4
1
21
22
SIM5
SIM1
SIM2
SIM3
SIM4
1
21
22
SIM5
SIM1
SIM2
SIM3
SIM4
1
21
22
SIM5
SIM1
SIM2
SIM3
SIM4
1
21
22
SIM5
SIM1
SIM2
SIM3
SIM4
1
21
22
SIM5
SIM1
SIM2
SIM3
SIM4
1
21
22
SIM5
SIM1
SIM2
SIM3
SIM4
1
21
22
SIM5
SIM1
SIM2
SIM3
SIM4
1
21
22
SIM5
SIM1
SIM2
SIM3
SIM4
1
21
22
SIM5
SIM1
SIM2
SIM3
SIM4
1
21
22
SIM5
SIM1
SIM2
SIM3
SIM4
1
21
22
SIM5
SIM1
SIM2
SIM3
SIM4
1
21
22
SIM5
SIM1
SIM2
SIM3
SIM4
1
21
22
SIM5
SIM1
SIM2
SIM3
SIM4
1
21
22
SIM5
SIM1
SIM2
SIM3
SIM4
1
21
22
SIM5
SIM1
SIM2
SIM3
SIM4
1
21
22
SIM5
SIM1
SIM2
SIM3
SIM4
1
21
22
SIM5
SIM1
SIM2
SIM3
SIM4
1
21
22
SIM5
SIM1
SIM2
SIM3
SIM4
1
21
22
SIM5
SIM1
SIM2
SIM3
SIM4
1
21
22
SIM5
SIM1
SIM2
SIM3
SIM4
1
21
22
SIM5
SIM1
SIM2
SIM3
SIM4
1
21
22
SIM5
SIM1
SIM2
SIM3
SIM4
1
21
22
SIM5
SIM1
SIM2
SIM3
SIM4
1
21
22
SIM5
SIM1
SIM2
SIM3
SIM4
1
21
22
SIM5
SIM1
SIM2
SIM3
SIM4
1
21
22
SIM5
SIM1
SIM2
SIM3
SIM4
1
21
22
SIM5
SIM1
SIM2
SIM3
SIM4
1
21
22
SIM5
SIM1
SIM2
SIM3
SIM4
1
21
22
SIM5
SIM1
SIM2
SIM3
SIM4
1
21
22
SIM5
SIM1
SIM2
SIM3
SIM4
1
21
22
SIM5
SIM1
SIM2
SIM3
SIM4
1
21
22
SIM5
SIM1
SIM2
SIM3
SIM4
1
21
22
SIM5
SIM1
SIM2
SIM3
SIM4
1
21
22
SIM5
SIM1
SIM2
SIM3
SIM4
1
21
22
SIM5
SIM1
SIM2
SIM3
SIM4
1
21
22
SIM5
SIM1
SIM2
SIM3
SIM4
1
21
22
SIM5
SIM1
SIM2
SIM3
SIM4
1
21
22
SIM5
SIM1
SIM2
SIM3
SIM4
1
21
22
SIM5
SIM1
SIM2
SIM3
SIM4
1
21
22
SIM5
SIM1
SIM2
SIM3
SIM4
1
21
22
SIM5
SIM1
SIM2
SIM3
SIM4
1
21
22
SIM5
SIM1
SIM2
SIM3
SIM4
1
21
22
SIM5
SIM1
SIM2
SIM3
SIM4
1
21
22
SIM5
SIM1
SIM2
SIM3
SIM4
1
21
22
SIM5
SIM1
SIM2
SIM3
SIM4
1
21
22
SIM5
SIM1
SIM2
SIM3
SIM4
1
21
22
SIM5
SIM1
SIM2
SIM3
SIM4
1
21
22
SIM5
SIM1
SIM2
SIM3
SIM4
1
21
22
SIM5
SIM1
SIM2
SIM3
SIM4
1
21
22
SIM5
SIM1
SIM2
SIM3
SIM4
1
21
22
SIM5
SIM1
SIM2
SIM3
SIM4
1
21
22
SIM5
SIM1
SIM2
SIM3
SIM4
1
21
22
SIM5
SIM1
SIM2
SIM3
SIM4
1
21
22
SIM5
SIM1
SIM2
SIM3
SIM4
1
21
22
SIM5
SIM1
SIM2
SIM3
SIM4
1
21
22
SIM5
SIM1
SIM2
SIM3
SIM4
1
21
22
SIM5
SIM1
SIM2
SIM3
SIM4
1
21
22
SIM5
SIM1
SIM2
SIM3
SIM4
1
21
22
SIM5
SIM1
SIM2
SIM3
SIM4
1
21
22
SIM5
SIM1
SIM2
SIM3
SIM4
1
21
22
SIM5
SIM1
SIM2
SIM3
SIM4
1
21
22
SIM5
SIM1
SIM2
SIM3
SIM4
1
21
22
SIM5
SIM1
SIM2
SIM3
SIM4
1
21
22
SIM5
SIM1
SIM2
SIM3
SIM4
1
21
22
SIM5
SIM1
SIM2
SIM3
SIM4
1
21
22
SIM5
SIM1
SIM2
SIM3
SIM4
1
21
22
SIM5
SIM1
SIM2
SIM3
SIM4
1
21
22
SIM5
SIM1
SIM2
SIM3
SIM4
1
21
22
SIM5
SIM1
SIM2
SIM3
SIM4
1
21
22
SIM5
SIM1
SIM2
SIM3
SIM4
1
21
22
SIM5
SIM1
SIM2
SIM3
SIM4
1
21
22
SIM5
SIM1
SIM2
SIM3
SIM4
1
21
22
SIM5
SIM1
SIM2
SIM3
SIM4
1
21
22
SIM5
SIM1
SIM2
SIM3
SIM4
1
21
22
SIM5
SIM1
SIM2
SIM3
SIM4
1
21
22
SIM5
SIM1
SIM2
SIM3
SIM4
1
21
22
SIM5
SIM1
SIM2
SIM3
SIM4
1
21
22
SIM5
SIM1
SIM2
SIM3
SIM4
1
21
22
SIM5
SIM1
SIM2
SIM3
SIM4
1
21
22
SIM5
SIM1
SIM2
SIM3
SIM4
1
21
22
SIM5
SIM1
SIM2
SIM3
SIM4
1
21
22
SIM5
SIM1
SIM2
SIM3
SIM4
1
21
22
SIM5
SIM1
SIM2
SIM3
SIM4
1
21
22
SIM5
SIM1
SIM2
SIM3
SIM4
1
21
22
SIM5
SIM1
SIM2
SIM3
SIM4
1
21
22
SIM5
SIM1
SIM2
SIM3
SIM4
1
21
22
SIM5
SIM1
SIM2
SIM3
SIM4
1
21
22
SIM5
SIM1
SIM2
SIM3
SIM4
1
21
22
SIM5
SIM1
SIM2
SIM3
SIM4
1
21
22
SIM5
SIM1
SIM2
SIM3
SIM4
1
21
22
SIM5
SIM1
SIM2
SIM3
SIM4
1
21
22
SIM5
SIM1
SIM2
SIM3
SIM4
1
21
22
SIM5
SIM1
SIM2
SIM3
SIM4
1
21
22
SIM5
SIM1
SIM2
SIM3
SIM4
1
21
22
SIM5
SIM1
SIM2
SIM3
SIM4
1
21
22
SIM5
SIM1
SIM2
SIM3
SIM4
1
21
22
SIM5
SIM1
SIM2
SIM3
SIM4
1
21
22
SIM5
SIM1
SIM2
DEBUG 1 973
SIM1
SIM2
SIM3
SIM4
1
21
22
SIM5
SIM1
SIM2
SIM3
SIM4
1
21
22
SIM5
SIM1
SIM2
SIM3
SIM4
1
21
22
SIM5
SIM1
SIM2
SIM3
SIM4
1
21
22
SIM5
SIM1
SIM2
SIM3
SIM4
1
21
22
SIM5
SIM1
SIM2
SIM3
SIM4
1
21
22
SIM5
SIM1
SIM2
SIM3
SIM4
1
21
22
SIM5
SIM1
SIM2
SIM3
SIM4
1
21
22
SIM5
SIM1
SIM2
SIM3
SIM4
1
21
22
SIM5
SIM1
SIM2
SIM3
SIM4
1
21
22
SIM5
SIM1
SIM2
SIM3
SIM4
1
21
22
SIM5
SIM1
SIM2
SIM3
SIM4
1
21
22
SIM5
SIM1
SIM2
SIM3
SIM4
1
21
22
SIM5
SIM1
SIM2
SIM3
SIM4
1
21
22
SIM5
SIM1
SIM2
SIM3
SIM4
1
21
22
SIM5
SIM1
SIM2
SIM3
SIM4
1
21
22
SIM5
SIM1
SIM2
SIM3
SIM4
1
21
22
SIM5
SIM1
SIM2
SIM3
SIM4
1
21
22
SIM5
SIM1
SIM2
SIM3
SIM4
1
21
22
SIM5
SIM1
SIM2
SIM3
SIM4
1
21
22
SIM5
SIM1
SIM2
SIM3
SIM4
1
21
22
SIM5
SIM1
SIM2
SIM3
SIM4
1
21
22
SIM5
SIM1
SIM2
SIM3
SIM4
1
21
22
SIM5
SIM1
SIM2
SIM3
SIM4
1
21
22
SIM5
SIM1
SIM2
SIM3
SIM4
1
21
22
SIM5
SIM1
SIM2
SIM3
SIM4
1
21
22
SIM5
SIM1
SIM2
SIM3
SIM4
1
21
22
SIM5
SIM1
SIM2
SIM3
SIM4
1
21
22
SIM5
SIM1
SIM2
SIM3
SIM4
1
21
22
SIM5
SIM1
SIM2
SIM3
SIM4
1
21
22
SIM5
SIM1
SIM2
SIM3
SIM4
1
21
22
SIM5
SIM1
SIM2
SIM3
SIM4
1
21
22
SIM5
SIM1
SIM2
SIM3
SIM4
1
21
22
SIM5
SIM1
SIM2
SIM3
SIM4
1
21
22
SIM5
SIM1
SIM2
SIM3
SIM4
1
21
22
SIM5
SIM1
SIM2
SIM3
SIM4
1
21
22
SIM5
SIM1
SIM2
SIM3
SIM4
1
21
22
SIM5
SIM1
SIM2
SIM3
SIM4
1
21
22
SIM5
SIM1
SIM2
SIM3
SIM4
1
21
22
SIM5
SIM1
SIM2
SIM3
SIM4
1
21
22
SIM5
SIM1
SIM2
SIM3
SIM4
1
21
22
SIM5
SIM1
SIM2
SIM3
SIM4
1
21
22
SIM5
SIM1
SIM2
SIM3
SIM4
1
21
22
SIM5
SIM1
SIM2
SIM3
SIM4
1
21
22
SIM5
SIM1
SIM2
SIM3
SIM4
1
21
22
SIM5
SIM1
SIM2
SIM3
SIM4
1
21
22
SIM5
SIM1
SIM2
SIM3
SIM4
1
21
22
SIM5
SIM1
SIM2
SIM3
SIM4
1
21
22
SIM5
SIM1
SIM2
SIM3
SIM4
1
21
22
SIM5
SIM1
SIM2
SIM3
SIM4
1
21
22
SIM5
SIM1
SIM2
SIM3
SIM4
1
21
22
SIM5
SIM1
SIM2
SIM3
SIM4
1
21
22
SIM5
SIM1
SIM2
SIM3
SIM4
1
21
22
SIM5
SIM1
SIM2
SIM3
SIM4
1
21
22
SIM5
SIM1
SIM2
SIM3
SIM4
1
21
22
SIM5
SIM1
SIM2
SIM3
SIM4
1
21
22
SIM5
SIM1
SIM2
SIM3
SIM4
1
21
22
SIM5
SIM1
SIM2
SIM3
SIM4
1
21
22
SIM5
SIM1
SIM2
SIM3
SIM4
1
21
22
SIM5
SIM1
SIM2
SIM3
SIM4
1
21
22
SIM5
SIM1
SIM2
SIM3
SIM4
1
21
22
SIM5
SIM1
SIM2
SIM3
SIM4
1
21
22
SIM5
SIM1
SIM2
SIM3
SIM4
1
21
22
SIM5
SIM1
SIM2
SIM3
SIM4
1
21
22
SIM5
SIM1
SIM2
SIM3
SIM4
1
21
22
SIM5
SIM1
SIM2
SIM3
SIM4
1
21
22
SIM5
SIM1
SIM2
SIM3
SIM4
1
21
22
SIM5
SIM1
SIM2
SIM3
SIM4
1
21
22
SIM5
SIM1
SIM2
SIM3
SIM4
1
21
22
SIM5
SIM1
SIM2
SIM3
SIM4
1
21
22
SIM5
SIM1
SIM2
SIM3
SIM4
1
21
22
SIM5
SIM1
SIM2
SIM3
SIM4
1
21
22
SIM5
SIM1
SIM2
SIM3
SIM4
1
21
22
SIM5
SIM1
SIM2
SIM3
SIM4
1
21
22
SIM5
SIM1
SIM2
SIM3
SIM4
1
21
22
SIM5
SIM1
SIM2
SIM3
SIM4
1
21
22
SIM5
SIM1
SIM2
SIM3
SIM4
1
21
22
SIM5
SIM1
SIM2
SIM3
SIM4
1
21
22
SIM5
SIM1
SIM2
SIM3
SIM4
1
21
22
SIM5
SIM1
SIM2
SIM3
SIM4
1
21
22
SIM5
SIM1
SIM2
SIM3
SIM4
1
21
22
SIM5
SIM1
SIM2
SIM3
SIM4
1
21
22
SIM5
SIM1
SIM2
SIM3
SIM4
1
21
22
SIM5
SIM1
SIM2
SIM3
SIM4
1
21
22
SIM5
SIM1
SIM2
SIM3
SIM4
1
21
22
SIM5
SIM1
SIM2
SIM3
SIM4
1
21
22
SIM5
SIM1
SIM2
SIM3
SIM4
1
21
22
SIM5
SIM1
SIM2
SIM3
SIM4
1
21
22
SIM5
SIM1
SIM2
SIM3
SIM4
1
21
22
SIM5
SIM1
SIM2
SIM3
SIM4
1
21
22
SIM5
SIM1
SIM2
SIM3
SIM4
1
21
22
SIM5
SIM1
SIM2
SIM3
SIM4
1
21
22
SIM5
SIM1
SIM2
SIM3
SIM4
1
21
22
SIM5
SIM1
SIM2
SIM3
SIM4
1
21
22
SIM5
SIM1
SIM2
SIM3
SIM4
1
21
22
SIM5
SIM1
SIM2
SIM3
SIM4
1
21
22
SIM5
SIM1
SIM2
SIM3
SIM4
1
21
22
SIM5
SIM1
SIM2
SIM3
SIM4
1
21
22
SIM5
SIM1
SIM2
SIM3
SIM4
1
21
22
SIM5
SIM1
SIM2
SIM3
SIM4
1
21
22
SIM5
SIM1
SIM2
SIM3
SIM4
1
21
22
SIM5
SIM1
SIM2
SIM3
SIM4
1
21
22
SIM5
SIM1
SIM2
SIM3
SIM4
1
21
22
SIM5
SIM1
SIM2
SIM3
SIM4
1
21
22
SIM5
SIM1
SIM2
SIM3
SIM4
1
21
22
SIM5
SIM1
SIM2
SIM3
SIM4
1
21
22
SIM5
SIM1
SIM2
SIM3
SIM4
1
21
22
SIM5
SIM1
SIM2
SIM3
SIM4
1
21
22
SIM5
SIM1
SIM2
SIM3
SIM4
1
21
22
SIM5
SIM1
SIM2
SIM3
SIM4
1
21
22
SIM5
SIM1
SIM2
SIM3
SIM4
1
21
22
SIM5
SIM1
SIM2
SIM3
SIM4
1
21
22
SIM5
SIM1
SIM2
SIM3
SIM4
1
21
22
SIM5
SIM1
SIM2
SIM3
SIM4
1
21
22
SIM5
SIM1
SIM2
SIM3
SIM4
1
21
22
SIM5
SIM1
SIM2
SIM3
SIM4
1
21
22
SIM5
SIM1
SIM2
SIM3
SIM4
1
21
22
SIM5
SIM1
SIM2
SIM3
SIM4
1
21
22
SIM5
SIM1
SIM2
SIM3
SIM4
1
21
22
SIM5
SIM1
SIM2
SIM3
SIM4
1
21
22
SIM5
SIM1
SIM2
SIM3
SIM4
1
21
22
SIM5
SIM1
SIM2
SIM3
SIM4
1
21
22
SIM5
SIM1
SIM2
SIM3
SIM4
1
21
22
SIM5
SIM1
SIM2
SIM3
SIM4
1
21
22
SIM5
SIM1
SIM2
SIM3
SIM4
1
21
22
SIM5
SIM1
SIM2
SIM3
SIM4
1
21
22
SIM5
SIM1
SIM2
SIM3
SIM4
1
21
22
SIM5
SIM1
SIM2
SIM3
SIM4
1
21
22
SIM5
SIM1
SIM2
SIM3
SIM4
1
21
22
SIM5
SIM1
SIM2
SIM3
SIM4
1
21
22
SIM5
SIM1
SIM2
SIM3
SIM4
1
21
22
SIM5
SIM1
SIM2
SIM3
SIM4
1
21
22
SIM5
SIM1
SIM2
SIM3
SIM4
1
21
22
SIM5
SIM1
SIM2
SIM3
SIM4
1
21
22
SIM5
SIM1
SIM2
SIM3
SIM4
1
21
22
SIM5
SIM1
SIM2
SIM3
SIM4
1
21
22
SIM5
SIM1
SIM2
SIM3
SIM4
1
21
22
SIM5
SIM1
SIM2
SIM3
SIM4
1
21
22
SIM5
SIM1
SIM2
SIM3
SIM4
1
21
22
SIM5
SIM1
SIM2
SIM3
SIM4
1
21
22
SIM5
SIM1
SIM2
SIM3
SIM4
1
21
22
SIM5
SIM1
SIM2
SIM3
SIM4
1
21
22
SIM5
SIM1
SIM2
SIM3
SIM4
1
21
22
SIM5
SIM1
SIM2
SIM3
SIM4
1
21
22
SIM5
SIM1
SIM2
SIM3
SIM4
1
21
22
SIM5
SIM1
SIM2
SIM3
SIM4
1
21
22
SIM5
SIM1
SIM2
SIM3
SIM4
1
21
22
SIM5
SIM1
SIM2
SIM3
SIM4
1
21
22
SIM5
SIM1
SIM2
SIM3
SIM4
1
21
22
SIM5
SIM1
SIM2
SIM3
SIM4
1
21
22
SIM5
SIM1
SIM2
SIM3
SIM4
1
21
22
SIM5
SIM1
SIM2
SIM3
SIM4
1
21
22
SIM5
SIM1
SIM2
SIM3
SIM4
1
21
22
SIM5
SIM1
SIM2
SIM3
SIM4
1
21
22
SIM5
SIM1
SIM2
SIM3
SIM4
1
21
22
SIM5
SIM1
SIM2
SIM3
SIM4
1
21
22
SIM5
SIM1
SIM2
SIM3
SIM4
1
21
22
SIM5
SIM1
SIM2
SIM3
SIM4
1
21
22
SIM5
SIM1
SIM2
SIM3
SIM4
1
21
22
SIM5
SIM1
SIM2
SIM3
SIM4
1
21
22
SIM5
SIM1
SIM2
SIM3
SIM4
1
21
22
SIM5
SIM1
SIM2
SIM3
SIM4
1
21
22
SIM5
SIM1
SIM2
SIM3
SIM4
1
21
22
SIM5
SIM1
SIM2
DEBUG 1 974
SIM1
SIM2
SIM3
SIM4
1
21
22
SIM5
SIM1
SIM2
SIM3
SIM4
1
21
22
SIM5
SIM1
SIM2
SIM3
SIM4
1
21
22
SIM5
SIM1
SIM2
SIM3
SIM4
1
21
22
SIM5
SIM1
SIM2
SIM3
SIM4
1
21
22
SIM5
SIM1
SIM2
SIM3
SIM4
1
21
22
SIM5
SIM1
SIM2
SIM3
SIM4
1
21
22
SIM5
SIM1
SIM2
SIM3
SIM4
1
21
22
SIM5
SIM1
SIM2
SIM3
SIM4
1
21
22
SIM5
SIM1
SIM2
SIM3
SIM4
1
21
22
SIM5
SIM1
SIM2
SIM3
SIM4
1
21
22
SIM5
SIM1
SIM2
SIM3
SIM4
1
21
22
SIM5
SIM1
SIM2
SIM3
SIM4
1
21
22
SIM5
SIM1
SIM2
SIM3
SIM4
1
21
22
SIM5
SIM1
SIM2
SIM3
SIM4
1
21
22
SIM5
SIM1
SIM2
SIM3
SIM4
1
21
22
SIM5
SIM1
SIM2
SIM3
SIM4
1
21
22
SIM5
SIM1
SIM2
SIM3
SIM4
1
21
22
SIM5
SIM1
SIM2
SIM3
SIM4
1
21
22
SIM5
SIM1
SIM2
SIM3
SIM4
1
21
22
SIM5
SIM1
SIM2
SIM3
SIM4
1
21
22
SIM5
SIM1
SIM2
SIM3
SIM4
1
21
22
SIM5
SIM1
SIM2
SIM3
SIM4
1
21
22
SIM5
SIM1
SIM2
SIM3
SIM4
1
21
22
SIM5
SIM1
SIM2
SIM3
SIM4
1
21
22
SIM5
SIM1
SIM2
SIM3
SIM4
1
21
22
SIM5
SIM1
SIM2
SIM3
SIM4
1
21
22
SIM5
SIM1
SIM2
SIM3
SIM4
1
21
22
SIM5
SIM1
SIM2
SIM3
SIM4
1
21
22
SIM5
SIM1
SIM2
SIM3
SIM4
1
21
22
SIM5
SIM1
SIM2
SIM3
SIM4
1
21
22
SIM5
SIM1
SIM2
SIM3
SIM4
1
21
22
SIM5
SIM1
SIM2
SIM3
SIM4
1
21
22
SIM5
SIM1
SIM2
SIM3
SIM4
1
21
22
SIM5
SIM1
SIM2
SIM3
SIM4
1
21
22
SIM5
SIM1
SIM2
SIM3
SIM4
1
21
22
SIM5
SIM1
SIM2
SIM3
SIM4
1
21
22
SIM5
SIM1
SIM2
SIM3
SIM4
1
21
22
SIM5
SIM1
SIM2
SIM3
SIM4
1
21
22
SIM5
SIM1
SIM2
SIM3
SIM4
1
21
22
SIM5
SIM1
SIM2
SIM3
SIM4
1
21
22
SIM5
SIM1
SIM2
SIM3
SIM4
1
21
22
SIM5
SIM1
SIM2
SIM3
SIM4
1
21
22
SIM5
SIM1
SIM2
SIM3
SIM4
1
21
22
SIM5
SIM1
SIM2
SIM3
SIM4
1
21
22
SIM5
SIM1
SIM2
SIM3
SIM4
1
21
22
SIM5
SIM1
SIM2
SIM3
SIM4
1
21
22
SIM5
SIM1
SIM2
SIM3
SIM4
1
21
22
SIM5
SIM1
SIM2
SIM3
SIM4
1
21
22
SIM5
SIM1
SIM2
SIM3
SIM4
1
21
22
SIM5
SIM1
SIM2
SIM3
SIM4
1
21
22
SIM5
SIM1
SIM2
SIM3
SIM4
1
21
22
SIM5
SIM1
SIM2
SIM3
SIM4
1
21
22
SIM5
SIM1
SIM2
SIM3
SIM4
1
21
22
SIM5
SIM1
SIM2
SIM3
SIM4
1
21
22
SIM5
SIM1
SIM2
SIM3
SIM4
1
21
22
SIM5
SIM1
SIM2
SIM3
SIM4
1
21
22
SIM5
SIM1
SIM2
SIM3
SIM4
1
21
22
SIM5
SIM1
SIM2
SIM3
SIM4
1
21
22
SIM5
SIM1
SIM2
SIM3
SIM4
1
21
22
SIM5
SIM1
SIM2
SIM3
SIM4
1
21
22
SIM5
SIM1
SIM2
SIM3
SIM4
1
21
22
SIM5
SIM1
SIM2
SIM3
SIM4
1
21
22
SIM5
SIM1
SIM2
SIM3
SIM4
1
21
22
SIM5
SIM1
SIM2
SIM3
SIM4
1
21
22
SIM5
SIM1
SIM2
SIM3
SIM4
1
21
22
SIM5
SIM1
SIM2
SIM3
SIM4
1
21
22
SIM5
SIM1
SIM2
SIM3
SIM4
1
21
22
SIM5
SIM1
SIM2
SIM3
SIM4
1
21
22
SIM5
SIM1
SIM2
SIM3
SIM4
1
21
22
SIM5
SIM1
SIM2
SIM3
SIM4
1
21
22
SIM5
SIM1
SIM2
SIM3
SIM4
1
21
22
SIM5
SIM1
SIM2
SIM3
SIM4
1
21
22
SIM5
SIM1
SIM2
SIM3
SIM4
1
21
22
SIM5
SIM1
SIM2
SIM3
SIM4
1
21
22
SIM5
SIM1
SIM2
SIM3
SIM4
1
21
22
SIM5
SIM1
SIM2
SIM3
SIM4
1
21
22
SIM5
SIM1
SIM2
SIM3
SIM4
1
21
22
SIM5
SIM1
SIM2
SIM3
SIM4
1
21
22
SIM5
SIM1
SIM2
SIM3
SIM4
1
21
22
SIM5
SIM1
SIM2
SIM3
SIM4
1
21
22
SIM5
SIM1
SIM2
SIM3
SIM4
1
21
22
SIM5
SIM1
SIM2
SIM3
SIM4
1
21
22
SIM5
SIM1
SIM2
SIM3
SIM4
1
21
22
SIM5
SIM1
SIM2
SIM3
SIM4
1
21
22
SIM5
SIM1
SIM2
SIM3
SIM4
1
21
22
SIM5
SIM1
SIM2
SIM3
SIM4
1
21
22
SIM5
SIM1
SIM2
SIM3
SIM4
1
21
22
SIM5
SIM1
SIM2
SIM3
SIM4
1
21
22
SIM5
SIM1
SIM2
SIM3
SIM4
1
21
22
SIM5
SIM1
SIM2
SIM3
SIM4
1
21
22
SIM5
SIM1
SIM2
SIM3
SIM4
1
21
22
SIM5
SIM1
SIM2
SIM3
SIM4
1
21
22
SIM5
SIM1
SIM2
SIM3
SIM4
1
21
22
SIM5
SIM1
SIM2
SIM3
SIM4
1
21
22
SIM5
SIM1
SIM2
SIM3
SIM4
1
21
22
SIM5
SIM1
SIM2
SIM3
SIM4
1
21
22
SIM5
SIM1
SIM2
SIM3
SIM4
1
21
22
SIM5
SIM1
SIM2
SIM3
SIM4
1
21
22
SIM5
SIM1
SIM2
SIM3
SIM4
1
21
22
SIM5
SIM1
SIM2
SIM3
SIM4
1
21
22
SIM5
SIM1
SIM2
SIM3
SIM4
1
21
22
SIM5
SIM1
SIM2
SIM3
SIM4
1
21
22
SIM5
SIM1
SIM2
SIM3
SIM4
1
21
22
SIM5
SIM1
SIM2
SIM3
SIM4
1
21
22
SIM5
SIM1
SIM2
SIM3
SIM4
1
21
22
SIM5
SIM1
SIM2
SIM3
SIM4
1
21
22
SIM5
SIM1
SIM2
SIM3
SIM4
1
21
22
SIM5
SIM1
SIM2
SIM3
SIM4
1
21
22
SIM5
SIM1
SIM2
SIM3
SIM4
1
21
22
SIM5
SIM1
SIM2
SIM3
SIM4
1
21
22
SIM5
SIM1
SIM2
SIM3
SIM4
1
21
22
SIM5
SIM1
SIM2
SIM3
SIM4
1
21
22
SIM5
SIM1
SIM2
SIM3
SIM4
1
21
22
SIM5
SIM1
SIM2
SIM3
SIM4
1
21
22
SIM5
SIM1
SIM2
SIM3
SIM4
1
21
22
SIM5
SIM1
SIM2
SIM3
SIM4
1
21
22
SIM5
SIM1
SIM2
SIM3
SIM4
1
21
22
SIM5
SIM1
SIM2
SIM3
SIM4
1
21
22
SIM5
SIM1
SIM2
SIM3
SIM4
1
21
22
SIM5
SIM1
SIM2
SIM3
SIM4
1
21
22
SIM5
SIM1
SIM2
SIM3
SIM4
1
21
22
SIM5
SIM1
SIM2
SIM3
SIM4
1
21
22
SIM5
SIM1
SIM2
SIM3
SIM4
1
21
22
SIM5
SIM1
SIM2
SIM3
SIM4
1
21
22
SIM5
SIM1
SIM2
SIM3
SIM4
1
21
22
SIM5
SIM1
SIM2
SIM3
SIM4
1
21
22
SIM5
SIM1
SIM2
SIM3
SIM4
1
21
22
SIM5
SIM1
SIM2
SIM3
SIM4
1
21
22
SIM5
SIM1
SIM2
SIM3
SIM4
1
21
22
SIM5
SIM1
SIM2
SIM3
SIM4
1
21
22
SIM5
SIM1
SIM2
SIM3
SIM4
1
21
22
SIM5
SIM1
SIM2
SIM3
SIM4
1
21
22
SIM5
SIM1
SIM2
SIM3
SIM4
1
21
22
SIM5
SIM1
SIM2
SIM3
SIM4
1
21
22
SIM5
SIM1
SIM2
SIM3
SIM4
1
21
22
SIM5
SIM1
SIM2
SIM3
SIM4
1
21
22
SIM5
SIM1
SIM2
SIM3
SIM4
1
21
22
SIM5
SIM1
SIM2
SIM3
SIM4
1
21
22
SIM5
SIM1
SIM2
SIM3
SIM4
1
21
22
SIM5
SIM1
SIM2
SIM3
SIM4
1
21
22
SIM5
SIM1
SIM2
SIM3
SIM4
1
21
22
SIM5
SIM1
SIM2
SIM3
SIM4
1
21
22
SIM5
SIM1
SIM2
SIM3
SIM4
1
21
22
SIM5
SIM1
SIM2
DEBUG 1 975
SIM1
SIM2
SIM3
SIM4
1
21
22
SIM5
SIM1
SIM2
SIM3
SIM4
1
21
22
SIM5
SIM1
SIM2
SIM3
SIM4
1
21
22
SIM5
SIM1
SIM2
SIM3
SIM4
1
21
22
SIM5
SIM1
SIM2
SIM3
SIM4
1
21
22
SIM5
SIM1
SIM2
SIM3
SIM4
1
21
22
SIM5
SIM1
SIM2
SIM3
SIM4
1
21
22
SIM5
SIM1
SIM2
SIM3
SIM4
1
21
22
SIM5
SIM1
SIM2
SIM3
SIM4
1
21
22
SIM5
SIM1
SIM2
SIM3
SIM4
1
21
22
SIM5
SIM1
SIM2
SIM3
SIM4
1
21
22
SIM5
SIM1
SIM2
SIM3
SIM4
1
21
22
SIM5
SIM1
SIM2
SIM3
SIM4
1
21
22
SIM5
SIM1
SIM2
SIM3
SIM4
1
21
22
SIM5
SIM1
SIM2
SIM3
SIM4
1
21
22
SIM5
SIM1
SIM2
SIM3
SIM4
1
21
22
SIM5
SIM1
SIM2
SIM3
SIM4
1
21
22
SIM5
SIM1
SIM2
SIM3
SIM4
1
21
22
SIM5
SIM1
SIM2
SIM3
SIM4
1
21
22
SIM5
SIM1
SIM2
SIM3
SIM4
1
21
22
SIM5
SIM1
SIM2
SIM3
SIM4
1
21
22
SIM5
SIM1
SIM2
SIM3
SIM4
1
21
22
SIM5
SIM1
SIM2
SIM3
SIM4
1
21
22
SIM5
SIM1
SIM2
SIM3
SIM4
1
21
22
SIM5
SIM1
SIM2
SIM3
SIM4
1
21
22
SIM5
SIM1
SIM2
SIM3
SIM4
1
21
22
SIM5
SIM1
SIM2
SIM3
SIM4
1
21
22
SIM5
SIM1
SIM2
SIM3
SIM4
1
21
22
SIM5
SIM1
SIM2
SIM3
SIM4
1
21
22
SIM5
SIM1
SIM2
SIM3
SIM4
1
21
22
SIM5
SIM1
SIM2
SIM3
SIM4
1
21
22
SIM5
SIM1
SIM2
SIM3
SIM4
1
21
22
SIM5
SIM1
SIM2
SIM3
SIM4
1
21
22
SIM5
SIM1
SIM2
SIM3
SIM4
1
21
22
SIM5
SIM1
SIM2
SIM3
SIM4
1
21
22
SIM5
SIM1
SIM2
SIM3
SIM4
1
21
22
SIM5
SIM1
SIM2
SIM3
SIM4
1
21
22
SIM5
SIM1
SIM2
SIM3
SIM4
1
21
22
SIM5
SIM1
SIM2
SIM3
SIM4
1
21
22
SIM5
SIM1
SIM2
SIM3
SIM4
1
21
22
SIM5
SIM1
SIM2
SIM3
SIM4
1
21
22
SIM5
SIM1
SIM2
SIM3
SIM4
1
21
22
SIM5
SIM1
SIM2
SIM3
SIM4
1
21
22
SIM5
SIM1
SIM2
SIM3
SIM4
1
21
22
SIM5
SIM1
SIM2
SIM3
SIM4
1
21
22
SIM5
SIM1
SIM2
SIM3
SIM4
1
21
22
SIM5
SIM1
SIM2
SIM3
SIM4
1
21
22
SIM5
SIM1
SIM2
SIM3
SIM4
1
21
22
SIM5
SIM1
SIM2
SIM3
SIM4
1
21
22
SIM5
SIM1
SIM2
SIM3
SIM4
1
21
22
SIM5
SIM1
SIM2
SIM3
SIM4
1
21
22
SIM5
SIM1
SIM2
SIM3
SIM4
1
21
22
SIM5
SIM1
SIM2
SIM3
SIM4
1
21
22
SIM5
SIM1
SIM2
SIM3
SIM4
1
21
22
SIM5
SIM1
SIM2
SIM3
SIM4
1
21
22
SIM5
SIM1
SIM2
SIM3
SIM4
1
21
22
SIM5
SIM1
SIM2
SIM3
SIM4
1
21
22
SIM5
SIM1
SIM2
SIM3
SIM4
1
21
22
SIM5
SIM1
SIM2
SIM3
SIM4
1
21
22
SIM5
SIM1
SIM2
SIM3
SIM4
1
21
22
SIM5
SIM1
SIM2
SIM3
SIM4
1
21
22
SIM5
SIM1
SIM2
SIM3
SIM4
1
21
22
SIM5
SIM1
SIM2
SIM3
SIM4
1
21
22
SIM5
SIM1
SIM2
SIM3
SIM4
1
21
22
SIM5
SIM1
SIM2
SIM3
SIM4
1
21
22
SIM5
SIM1
SIM2
SIM3
SIM4
1
21
22
SIM5
SIM1
SIM2
SIM3
SIM4
1
21
22
SIM5
SIM1
SIM2
SIM3
SIM4
1
21
22
SIM5
SIM1
SIM2
SIM3
SIM4
1
21
22
SIM5
SIM1
SIM2
SIM3
SIM4
1
21
22
SIM5
SIM1
SIM2
SIM3
SIM4
1
21
22
SIM5
SIM1
SIM2
SIM3
SIM4
1
21
22
SIM5
SIM1
SIM2
SIM3
SIM4
1
21
22
SIM5
SIM1
SIM2
SIM3
SIM4
1
21
22
SIM5
SIM1
SIM2
SIM3
SIM4
1
21
22
SIM5
SIM1
SIM2
SIM3
SIM4
1
21
22
SIM5
SIM1
SIM2
SIM3
SIM4
1
21
22
SIM5
SIM1
SIM2
SIM3
SIM4
1
21
22
SIM5
SIM1
SIM2
SIM3
SIM4
1
21
22
SIM5
SIM1
SIM2
SIM3
SIM4
1
21
22
SIM5
SIM1
SIM2
SIM3
SIM4
1
21
22
SIM5
SIM1
SIM2
SIM3
SIM4
1
21
22
SIM5
SIM1
SIM2
SIM3
SIM4
1
21
22
SIM5
SIM1
SIM2
SIM3
SIM4
1
21
22
SIM5
SIM1
SIM2
SIM3
SIM4
1
21
22
SIM5
SIM1
SIM2
SIM3
SIM4
1
21
22
SIM5
SIM1
SIM2
SIM3
SIM4
1
21
22
SIM5
SIM1
SIM2
SIM3
SIM4
1
21
22
SIM5
SIM1
SIM2
SIM3
SIM4
1
21
22
SIM5
SIM1
SIM2
SIM3
SIM4
1
21
22
SIM5
SIM1
SIM2
SIM3
SIM4
1
21
22
SIM5
SIM1
SIM2
SIM3
SIM4
1
21
22
SIM5
SIM1
SIM2
SIM3
SIM4
1
21
22
SIM5
SIM1
SIM2
SIM3
SIM4
1
21
22
SIM5
SIM1
SIM2
SIM3
SIM4
1
21
22
SIM5
SIM1
SIM2
SIM3
SIM4
1
21
22
SIM5
SIM1
SIM2
SIM3
SIM4
1
21
22
SIM5
SIM1
SIM2
SIM3
SIM4
1
21
22
SIM5
SIM1
SIM2
SIM3
SIM4
1
21
22
SIM5
SIM1
SIM2
SIM3
SIM4
1
21
22
SIM5
SIM1
SIM2
SIM3
SIM4
1
21
22
SIM5
SIM1
SIM2
SIM3
SIM4
1
21
22
SIM5
SIM1
SIM2
SIM3
SIM4
1
21
22
SIM5
SIM1
SIM2
SIM3
SIM4
1
21
22
SIM5
SIM1
SIM2
SIM3
SIM4
1
21
22
SIM5
SIM1
SIM2
SIM3
SIM4
1
21
22
SIM5
SIM1
SIM2
SIM3
SIM4
1
21
22
SIM5
SIM1
SIM2
SIM3
SIM4
1
21
22
SIM5
SIM1
SIM2
SIM3
SIM4
1
21
22
SIM5
SIM1
SIM2
SIM3
SIM4
1
21
22
SIM5
SIM1
SIM2
SIM3
SIM4
1
21
22
SIM5
SIM1
SIM2
SIM3
SIM4
1
21
22
SIM5
SIM1
SIM2
SIM3
SIM4
1
21
22
SIM5
SIM1
SIM2
SIM3
SIM4
1
21
22
SIM5
SIM1
SIM2
SIM3
SIM4
1
21
22
SIM5
SIM1
SIM2
SIM3
SIM4
1
21
22
SIM5
SIM1
SIM2
SIM3
SIM4
1
21
22
SIM5
SIM1
SIM2
SIM3
SIM4
1
21
22
SIM5
SIM1
SIM2
SIM3
SIM4
1
21
22
SIM5
SIM1
SIM2
SIM3
SIM4
1
21
22
SIM5
SIM1
SIM2
SIM3
SIM4
1
21
22
SIM5
SIM1
SIM2
SIM3
SIM4
1
21
22
SIM5
SIM1
SIM2
SIM3
SIM4
1
21
22
SIM5
SIM1
SIM2
SIM3
SIM4
1
21
22
SIM5
SIM1
SIM2
SIM3
SIM4
1
21
22
SIM5
SIM1
SIM2
SIM3
SIM4
1
21
22
SIM5
SIM1
SIM2
SIM3
SIM4
1
21
22
SIM5
SIM1
SIM2
SIM3
SIM4
1
21
22
SIM5
SIM1
SIM2
SIM3
SIM4
1
21
22
SIM5
SIM1
SIM2
SIM3
SIM4
1
21
22
SIM5
SIM1
SIM2
SIM3
SIM4
1
21
22
SIM5
SIM1
SIM2
SIM3
SIM4
1
21
22
SIM5
SIM1
SIM2
SIM3
SIM4
1
21
22
SIM5
SIM1
SIM2
SIM3
SIM4
1
21
22
SIM5
SIM1
SIM2
SIM3
SIM4
1
21
22
SIM5
SIM1
SIM2
SIM3
SIM4
1
21
22
SIM5
SIM1
SIM2
SIM3
SIM4
1
21
22
SIM5
SIM1
SIM2
SIM3
SIM4
1
21
22
SIM5
SIM1
SIM2
SIM3
SIM4
1
21
22
SIM5
SIM1
SIM2
SIM3
SIM4
1
21
22
SIM5
SIM1
SIM2
SIM3
SIM4
1
21
22
SIM5
SIM1
SIM2
SIM3
SIM4
1
21
22
SIM5
SIM1
SIM2
SIM3
SIM4
1
21
22
SIM5
SIM1
SIM2
SIM3
SIM4
1
21
22
SIM5
SIM1
SIM2
SIM3
SIM4
1
21
22
SIM5
SIM1
SIM2
SIM3
SIM4
1
21
22
SIM5
SIM1
SIM2
SIM3
SIM4
1
21
22
SIM5
SIM1
SIM2
SIM3
SIM4
1
21
22
SIM5
SIM1
SIM2
SIM3
SIM4
1
21
22
SIM5
SIM1
SIM2
SIM3
SIM4
1
21
22
SIM5
SIM1
SIM2
SIM3
SIM4
1
21
22
SIM5
SIM1
SIM2
SIM3
SIM4
1
21
22
SIM5
SIM1
SIM2
SIM3
SIM4
1
21
22
SIM5
SIM1
SIM2
SIM3
SIM4
1
21
22
SIM5
SIM1
SIM2
SIM3
SIM4
1
21
22
SIM5
SIM1
SIM2
SIM3
SIM4
1
21
22
SIM5
SIM1
SIM2
SIM3
SIM4
1
21
22
SIM5
SIM1
SIM2
DEBUG 1 976
SIM1
SIM2
SIM3
SIM4
1
21
22
SIM5
SIM1
SIM2
SIM3
SIM4
1
21
22
SIM5
SIM1
SIM2
SIM3
SIM4
1
21
22
SIM5
SIM1
SIM2
SIM3
SIM4
1
21
22
SIM5
SIM1
SIM2
SIM3
SIM4
1
21
22
SIM5
SIM1
SIM2
SIM3
SIM4
1
21
22
SIM5
SIM1
SIM2
SIM3
SIM4
1
21
22
SIM5
SIM1
SIM2
SIM3
SIM4
1
21
22
SIM5
SIM1
SIM2
SIM3
SIM4
1
21
22
SIM5
SIM1
SIM2
SIM3
SIM4
1
21
22
SIM5
SIM1
SIM2
SIM3
SIM4
1
21
22
SIM5
SIM1
SIM2
SIM3
SIM4
1
21
22
SIM5
SIM1
SIM2
SIM3
SIM4
1
21
22
SIM5
SIM1
SIM2
SIM3
SIM4
1
21
22
SIM5
SIM1
SIM2
SIM3
SIM4
1
21
22
SIM5
SIM1
SIM2
SIM3
SIM4
1
21
22
SIM5
SIM1
SIM2
SIM3
SIM4
1
21
22
SIM5
SIM1
SIM2
SIM3
SIM4
1
21
22
SIM5
SIM1
SIM2
SIM3
SIM4
1
21
22
SIM5
SIM1
SIM2
SIM3
SIM4
1
21
22
SIM5
SIM1
SIM2
SIM3
SIM4
1
21
22
SIM5
SIM1
SIM2
SIM3
SIM4
1
21
22
SIM5
SIM1
SIM2
SIM3
SIM4
1
21
22
SIM5
SIM1
SIM2
SIM3
SIM4
1
21
22
SIM5
SIM1
SIM2
SIM3
SIM4
1
21
22
SIM5
SIM1
SIM2
SIM3
SIM4
1
21
22
SIM5
SIM1
SIM2
SIM3
SIM4
1
21
22
SIM5
SIM1
SIM2
SIM3
SIM4
1
21
22
SIM5
SIM1
SIM2
SIM3
SIM4
1
21
22
SIM5
SIM1
SIM2
SIM3
SIM4
1
21
22
SIM5
SIM1
SIM2
SIM3
SIM4
1
21
22
SIM5
SIM1
SIM2
SIM3
SIM4
1
21
22
SIM5
SIM1
SIM2
SIM3
SIM4
1
21
22
SIM5
SIM1
SIM2
SIM3
SIM4
1
21
22
SIM5
SIM1
SIM2
SIM3
SIM4
1
21
22
SIM5
SIM1
SIM2
SIM3
SIM4
1
21
22
SIM5
SIM1
SIM2
SIM3
SIM4
1
21
22
SIM5
SIM1
SIM2
SIM3
SIM4
1
21
22
SIM5
SIM1
SIM2
SIM3
SIM4
1
21
22
SIM5
SIM1
SIM2
SIM3
SIM4
1
21
22
SIM5
SIM1
SIM2
SIM3
SIM4
1
21
22
SIM5
SIM1
SIM2
SIM3
SIM4
1
21
22
SIM5
SIM1
SIM2
SIM3
SIM4
1
21
22
SIM5
SIM1
SIM2
SIM3
SIM4
1
21
22
SIM5
SIM1
SIM2
SIM3
SIM4
1
21
22
SIM5
SIM1
SIM2
SIM3
SIM4
1
21
22
SIM5
SIM1
SIM2
SIM3
SIM4
1
21
22
SIM5
SIM1
SIM2
SIM3
SIM4
1
21
22
SIM5
SIM1
SIM2
SIM3
SIM4
1
21
22
SIM5
SIM1
SIM2
SIM3
SIM4
1
21
22
SIM5
SIM1
SIM2
SIM3
SIM4
1
21
22
SIM5
SIM1
SIM2
SIM3
SIM4
1
21
22
SIM5
SIM1
SIM2
SIM3
SIM4
1
21
22
SIM5
SIM1
SIM2
SIM3
SIM4
1
21
22
SIM5
SIM1
SIM2
SIM3
SIM4
1
21
22
SIM5
SIM1
SIM2
SIM3
SIM4
1
21
22
SIM5
SIM1
SIM2
SIM3
SIM4
1
21
22
SIM5
SIM1
SIM2
SIM3
SIM4
1
21
22
SIM5
SIM1
SIM2
SIM3
SIM4
1
21
22
SIM5
SIM1
SIM2
SIM3
SIM4
1
21
22
SIM5
SIM1
SIM2
SIM3
SIM4
1
21
22
SIM5
SIM1
SIM2
SIM3
SIM4
1
21
22
SIM5
SIM1
SIM2
SIM3
SIM4
1
21
22
SIM5
SIM1
SIM2
SIM3
SIM4
1
21
22
SIM5
SIM1
SIM2
SIM3
SIM4
1
21
22
SIM5
SIM1
SIM2
SIM3
SIM4
1
21
22
SIM5
SIM1
SIM2
SIM3
SIM4
1
21
22
SIM5
SIM1
SIM2
SIM3
SIM4
1
21
22
SIM5
SIM1
SIM2
SIM3
SIM4
1
21
22
SIM5
SIM1
SIM2
SIM3
SIM4
1
21
22
SIM5
SIM1
SIM2
SIM3
SIM4
1
21
22
SIM5
SIM1
SIM2
SIM3
SIM4
1
21
22
SIM5
SIM1
SIM2
SIM3
SIM4
1
21
22
SIM5
SIM1
SIM2
SIM3
SIM4
1
21
22
SIM5
SIM1
SIM2
SIM3
SIM4
1
21
22
SIM5
SIM1
SIM2
SIM3
SIM4
1
21
22
SIM5
SIM1
SIM2
SIM3
SIM4
1
21
22
SIM5
SIM1
SIM2
SIM3
SIM4
1
21
22
SIM5
SIM1
SIM2
SIM3
SIM4
1
21
22
SIM5
SIM1
SIM2
SIM3
SIM4
1
21
22
SIM5
SIM1
SIM2
SIM3
SIM4
1
21
22
SIM5
SIM1
SIM2
SIM3
SIM4
1
21
22
SIM5
SIM1
SIM2
SIM3
SIM4
1
21
22
SIM5
SIM1
SIM2
SIM3
SIM4
1
21
22
SIM5
SIM1
SIM2
SIM3
SIM4
1
21
22
SIM5
SIM1
SIM2
SIM3
SIM4
1
21
22
SIM5
SIM1
SIM2
SIM3
SIM4
1
21
22
SIM5
SIM1
SIM2
SIM3
SIM4
1
21
22
SIM5
SIM1
SIM2
SIM3
SIM4
1
21
22
SIM5
SIM1
SIM2
SIM3
SIM4
1
21
22
SIM5
SIM1
SIM2
SIM3
SIM4
1
21
22
SIM5
SIM1
SIM2
SIM3
SIM4
1
21
22
SIM5
SIM1
SIM2
SIM3
SIM4
1
21
22
SIM5
SIM1
SIM2
SIM3
SIM4
1
21
22
SIM5
SIM1
SIM2
SIM3
SIM4
1
21
22
SIM5
SIM1
SIM2
SIM3
SIM4
1
21
22
SIM5
SIM1
SIM2
SIM3
SIM4
1
21
22
SIM5
SIM1
SIM2
SIM3
SIM4
1
21
22
SIM5
SIM1
SIM2
SIM3
SIM4
1
21
22
SIM5
SIM1
SIM2
SIM3
SIM4
1
21
22
SIM5
SIM1
SIM2
SIM3
SIM4
1
21
22
SIM5
SIM1
SIM2
SIM3
SIM4
1
21
22
SIM5
SIM1
SIM2
SIM3
SIM4
1
21
22
SIM5
SIM1
SIM2
SIM3
SIM4
1
21
22
SIM5
SIM1
SIM2
SIM3
SIM4
1
21
22
SIM5
SIM1
SIM2
SIM3
SIM4
1
21
22
SIM5
SIM1
SIM2
SIM3
SIM4
1
21
22
SIM5
SIM1
SIM2
SIM3
SIM4
1
21
22
SIM5
SIM1
SIM2
SIM3
SIM4
1
21
22
SIM5
SIM1
SIM2
SIM3
SIM4
1
21
22
SIM5
SIM1
SIM2
SIM3
SIM4
1
21
22
SIM5
SIM1
SIM2
SIM3
SIM4
1
21
22
SIM5
SIM1
SIM2
SIM3
SIM4
1
21
22
SIM5
SIM1
SIM2
SIM3
SIM4
1
21
22
SIM5
SIM1
SIM2
SIM3
SIM4
1
21
22
SIM5
SIM1
SIM2
SIM3
SIM4
1
21
22
SIM5
SIM1
SIM2
SIM3
SIM4
1
21
22
SIM5
SIM1
SIM2
SIM3
SIM4
1
21
22
SIM5
SIM1
SIM2
SIM3
SIM4
1
21
22
SIM5
SIM1
SIM2
SIM3
SIM4
1
21
22
SIM5
SIM1
SIM2
SIM3
SIM4
1
21
22
SIM5
SIM1
SIM2
SIM3
SIM4
1
21
22
SIM5
SIM1
SIM2
SIM3
SIM4
1
21
22
SIM5
SIM1
SIM2
SIM3
SIM4
1
21
22
SIM5
SIM1
SIM2
SIM3
SIM4
1
21
22
SIM5
SIM1
SIM2
SIM3
SIM4
1
21
22
SIM5
SIM1
SIM2
SIM3
SIM4
1
21
22
SIM5
SIM1
SIM2
SIM3
SIM4
1
21
22
SIM5
SIM1
SIM2
SIM3
SIM4
1
21
22
SIM5
SIM1
SIM2
SIM3
SIM4
1
21
22
SIM5
SIM1
SIM2
SIM3
SIM4
1
21
22
SIM5
SIM1
SIM2
SIM3
SIM4
1
21
22
SIM5
SIM1
SIM2
SIM3
SIM4
1
21
22
SIM5
SIM1
SIM2
SIM3
SIM4
1
21
22
SIM5
SIM1
SIM2
SIM3
SIM4
1
21
22
SIM5
SIM1
SIM2
SIM3
SIM4
1
21
22
SIM5
SIM1
SIM2
SIM3
SIM4
1
21
22
SIM5
SIM1
SIM2
SIM3
SIM4
1
21
22
SIM5
SIM1
SIM2
SIM3
SIM4
1
21
22
SIM5
SIM1
SIM2
SIM3
SIM4
1
21
22
SIM5
SIM1
SIM2
SIM3
SIM4
1
21
22
SIM5
SIM1
SIM2
SIM3
SIM4
1
21
22
SIM5
SIM1
SIM2
SIM3
SIM4
1
21
22
SIM5
SIM1
SIM2
SIM3
SIM4
1
21
22
SIM5
SIM1
SIM2
SIM3
SIM4
1
21
22
SIM5
SIM1
SIM2
SIM3
SIM4
1
21
22
SIM5
SIM1
SIM2
SIM3
SIM4
1
21
22
SIM5
SIM1
SIM2
SIM3
SIM4
1
21
22
SIM5
SIM1
SIM2
SIM3
SIM4
1
21
22
SIM5
SIM1
SIM2
SIM3
SIM4
1
21
22
SIM5
SIM1
SIM2
SIM3
SIM4
1
21
22
SIM5
SIM1
SIM2
SIM3
SIM4
1
21
22
SIM5
SIM1
SIM2
SIM3
SIM4
1
21
22
SIM5
SIM1
SIM2
SIM3
SIM4
1
21
22
SIM5
SIM1
SIM2
SIM3
SIM4
1
21
22
SIM5
SIM1
SIM2
SIM3
SIM4
1
21
22
SIM5
SIM1
SIM2
SIM3
SIM4
1
21
22
SIM5
SIM1
SIM2
SIM3
SIM4
1
21
22
SIM5
SIM1
SIM2
SIM3
SIM4
1
21
22
SIM5
SIM1
SIM2
SIM3
SIM4
1
21
22
SIM5
SIM1
SIM2
SIM3
SIM4
1
21
22
SIM5
SIM1
SIM2
SIM3
SIM4
1
21
22
SIM5
SIM1
SIM2
SIM3
SIM4
1
21
22
SIM5
SIM1
SIM2
SIM3
SIM4
1
21
22
SIM5
SIM1
SIM2
SIM3
SIM4
1
21
22
SIM5
SIM1
SIM2
SIM3
SIM4
1
21
22
SIM5
SIM1
SIM2
SIM3
SIM4
1
21
22
SIM5
SIM1
SIM2
SIM3
SIM4
1
21
22
SIM5
SIM1
SIM2
SIM3
SIM4
1
21
22
SIM5
SIM1
SIM2
SIM3
SIM4
1
21
22
SIM5
SIM1
SIM2
SIM3
SIM4
1
21
22
SIM5
SIM1
SIM2
SIM3
SIM4
1
21
22
SIM5
SIM1
SIM2
SIM3
SIM4
1
21
22
SIM5
SIM1
SIM2
SIM3
SIM4
1
21
22
SIM5
SIM1
SIM2
SIM3
SIM4
1
21
22
SIM5
SIM1
SIM2
SIM3
SIM4
1
21
22
SIM5
SIM1
SIM2
SIM3
SIM4
1
21
22
SIM5
SIM1
SIM2
DEBUG 1 977
SIM1
SIM2
SIM3
SIM4
1
21
22
SIM5
SIM1
SIM2
SIM3
SIM4
1
21
22
SIM5
SIM1
SIM2
SIM3
SIM4
1
21
22
SIM5
SIM1
SIM2
SIM3
SIM4
1
21
22
SIM5
SIM1
SIM2
SIM3
SIM4
1
21
22
SIM5
SIM1
SIM2
SIM3
SIM4
1
21
22
SIM5
SIM1
SIM2
SIM3
SIM4
1
21
22
SIM5
SIM1
SIM2
SIM3
SIM4
1
21
22
SIM5
SIM1
SIM2
SIM3
SIM4
1
21
22
SIM5
SIM1
SIM2
SIM3
SIM4
1
21
22
SIM5
SIM1
SIM2
SIM3
SIM4
1
21
22
SIM5
SIM1
SIM2
SIM3
SIM4
1
21
22
SIM5
SIM1
SIM2
SIM3
SIM4
1
21
22
SIM5
SIM1
SIM2
SIM3
SIM4
1
21
22
SIM5
SIM1
SIM2
SIM3
SIM4
1
21
22
SIM5
SIM1
SIM2
SIM3
SIM4
1
21
22
SIM5
SIM1
SIM2
SIM3
SIM4
1
21
22
SIM5
SIM1
SIM2
SIM3
SIM4
1
21
22
SIM5
SIM1
SIM2
SIM3
SIM4
1
21
22
SIM5
SIM1
SIM2
SIM3
SIM4
1
21
22
SIM5
SIM1
SIM2
SIM3
SIM4
1
21
22
SIM5
SIM1
SIM2
SIM3
SIM4
1
21
22
SIM5
SIM1
SIM2
SIM3
SIM4
1
21
22
SIM5
SIM1
SIM2
SIM3
SIM4
1
21
22
SIM5
SIM1
SIM2
SIM3
SIM4
1
21
22
SIM5
SIM1
SIM2
SIM3
SIM4
1
21
22
SIM5
SIM1
SIM2
SIM3
SIM4
1
21
22
SIM5
SIM1
SIM2
SIM3
SIM4
1
21
22
SIM5
SIM1
SIM2
SIM3
SIM4
1
21
22
SIM5
SIM1
SIM2
SIM3
SIM4
1
21
22
SIM5
SIM1
SIM2
SIM3
SIM4
1
21
22
SIM5
SIM1
SIM2
SIM3
SIM4
1
21
22
SIM5
SIM1
SIM2
SIM3
SIM4
1
21
22
SIM5
SIM1
SIM2
SIM3
SIM4
1
21
22
SIM5
SIM1
SIM2
SIM3
SIM4
1
21
22
SIM5
SIM1
SIM2
SIM3
SIM4
1
21
22
SIM5
SIM1
SIM2
SIM3
SIM4
1
21
22
SIM5
SIM1
SIM2
SIM3
SIM4
1
21
22
SIM5
SIM1
SIM2
SIM3
SIM4
1
21
22
SIM5
SIM1
SIM2
SIM3
SIM4
1
21
22
SIM5
SIM1
SIM2
SIM3
SIM4
1
21
22
SIM5
SIM1
SIM2
SIM3
SIM4
1
21
22
SIM5
SIM1
SIM2
SIM3
SIM4
1
21
22
SIM5
SIM1
SIM2
SIM3
SIM4
1
21
22
SIM5
SIM1
SIM2
SIM3
SIM4
1
21
22
SIM5
SIM1
SIM2
SIM3
SIM4
1
21
22
SIM5
SIM1
SIM2
SIM3
SIM4
1
21
22
SIM5
SIM1
SIM2
SIM3
SIM4
1
21
22
SIM5
SIM1
SIM2
SIM3
SIM4
1
21
22
SIM5
SIM1
SIM2
SIM3
SIM4
1
21
22
SIM5
SIM1
SIM2
SIM3
SIM4
1
21
22
SIM5
SIM1
SIM2
SIM3
SIM4
1
21
22
SIM5
SIM1
SIM2
SIM3
SIM4
1
21
22
SIM5
SIM1
SIM2
SIM3
SIM4
1
21
22
SIM5
SIM1
SIM2
SIM3
SIM4
1
21
22
SIM5
SIM1
SIM2
SIM3
SIM4
1
21
22
SIM5
SIM1
SIM2
SIM3
SIM4
1
21
22
SIM5
SIM1
SIM2
SIM3
SIM4
1
21
22
SIM5
SIM1
SIM2
SIM3
SIM4
1
21
22
SIM5
SIM1
SIM2
SIM3
SIM4
1
21
22
SIM5
SIM1
SIM2
SIM3
SIM4
1
21
22
SIM5
SIM1
SIM2
SIM3
SIM4
1
21
22
SIM5
SIM1
SIM2
SIM3
SIM4
1
21
22
SIM5
SIM1
SIM2
SIM3
SIM4
1
21
22
SIM5
SIM1
SIM2
SIM3
SIM4
1
21
22
SIM5
SIM1
SIM2
SIM3
SIM4
1
21
22
SIM5
SIM1
SIM2
SIM3
SIM4
1
21
22
SIM5
SIM1
SIM2
SIM3
SIM4
1
21
22
SIM5
SIM1
SIM2
SIM3
SIM4
1
21
22
SIM5
SIM1
SIM2
SIM3
SIM4
1
21
22
SIM5
SIM1
SIM2
SIM3
SIM4
1
21
22
SIM5
SIM1
SIM2
SIM3
SIM4
1
21
22
SIM5
SIM1
SIM2
SIM3
SIM4
1
21
22
SIM5
SIM1
SIM2
SIM3
SIM4
1
21
22
SIM5
SIM1
SIM2
SIM3
SIM4
1
21
22
SIM5
SIM1
SIM2
SIM3
SIM4
1
21
22
SIM5
SIM1
SIM2
SIM3
SIM4
1
21
22
SIM5
SIM1
SIM2
SIM3
SIM4
1
21
22
SIM5
SIM1
SIM2
SIM3
SIM4
1
21
22
SIM5
SIM1
SIM2
SIM3
SIM4
1
21
22
SIM5
SIM1
SIM2
SIM3
SIM4
1
21
22
SIM5
SIM1
SIM2
SIM3
SIM4
1
21
22
SIM5
SIM1
SIM2
SIM3
SIM4
1
21
22
SIM5
SIM1
SIM2
SIM3
SIM4
1
21
22
SIM5
SIM1
SIM2
SIM3
SIM4
1
21
22
SIM5
SIM1
SIM2
SIM3
SIM4
1
21
22
SIM5
SIM1
SIM2
SIM3
SIM4
1
21
22
SIM5
SIM1
SIM2
SIM3
SIM4
1
21
22
SIM5
SIM1
SIM2
SIM3
SIM4
1
21
22
SIM5
SIM1
SIM2
SIM3
SIM4
1
21
22
SIM5
SIM1
SIM2
SIM3
SIM4
1
21
22
SIM5
SIM1
SIM2
SIM3
SIM4
1
21
22
SIM5
SIM1
SIM2
SIM3
SIM4
1
21
22
SIM5
SIM1
SIM2
SIM3
SIM4
1
21
22
SIM5
SIM1
SIM2
SIM3
SIM4
1
21
22
SIM5
SIM1
SIM2
SIM3
SIM4
1
21
22
SIM5
SIM1
SIM2
SIM3
SIM4
1
21
22
SIM5
SIM1
SIM2
SIM3
SIM4
1
21
22
SIM5
SIM1
SIM2
SIM3
SIM4
1
21
22
SIM5
SIM1
SIM2
SIM3
SIM4
1
21
22
SIM5
SIM1
SIM2
SIM3
SIM4
1
21
22
SIM5
SIM1
SIM2
SIM3
SIM4
1
21
22
SIM5
SIM1
SIM2
SIM3
SIM4
1
21
22
SIM5
SIM1
SIM2
SIM3
SIM4
1
21
22
SIM5
SIM1
SIM2
SIM3
SIM4
1
21
22
SIM5
SIM1
SIM2
SIM3
SIM4
1
21
22
SIM5
SIM1
SIM2
SIM3
SIM4
1
21
22
SIM5
SIM1
SIM2
SIM3
SIM4
1
21
22
SIM5
SIM1
SIM2
SIM3
SIM4
1
21
22
SIM5
SIM1
SIM2
SIM3
SIM4
1
21
22
SIM5
SIM1
SIM2
SIM3
SIM4
1
21
22
SIM5
SIM1
SIM2
SIM3
SIM4
1
21
22
SIM5
SIM1
SIM2
SIM3
SIM4
1
21
22
SIM5
SIM1
SIM2
SIM3
SIM4
1
21
22
SIM5
SIM1
SIM2
SIM3
SIM4
1
21
22
SIM5
SIM1
SIM2
SIM3
SIM4
1
21
22
SIM5
SIM1
SIM2
SIM3
SIM4
1
21
22
SIM5
SIM1
SIM2
SIM3
SIM4
1
21
22
SIM5
SIM1
SIM2
SIM3
SIM4
1
21
22
SIM5
SIM1
SIM2
SIM3
SIM4
1
21
22
SIM5
SIM1
SIM2
SIM3
SIM4
1
21
22
SIM5
SIM1
SIM2
SIM3
SIM4
1
21
22
SIM5
SIM1
SIM2
SIM3
SIM4
1
21
22
SIM5
SIM1
SIM2
SIM3
SIM4
1
21
22
SIM5
SIM1
SIM2
SIM3
SIM4
1
21
22
SIM5
SIM1
SIM2
SIM3
SIM4
1
21
22
SIM5
SIM1
SIM2
SIM3
SIM4
1
21
22
SIM5
SIM1
SIM2
SIM3
SIM4
1
21
22
SIM5
SIM1
SIM2
SIM3
SIM4
1
21
22
SIM5
SIM1
SIM2
SIM3
SIM4
1
21
22
SIM5
SIM1
SIM2
SIM3
SIM4
1
21
22
SIM5
SIM1
SIM2
SIM3
SIM4
1
21
22
SIM5
SIM1
SIM2
SIM3
SIM4
1
21
22
SIM5
SIM1
SIM2
SIM3
SIM4
1
21
22
SIM5
SIM1
SIM2
SIM3
SIM4
1
21
22
SIM5
SIM1
SIM2
SIM3
SIM4
1
21
22
SIM5
SIM1
SIM2
SIM3
SIM4
1
21
22
SIM5
SIM1
SIM2
SIM3
SIM4
1
21
22
SIM5
SIM1
SIM2
SIM3
SIM4
1
21
22
SIM5
SIM1
SIM2
SIM3
SIM4
1
21
22
SIM5
SIM1
SIM2
SIM3
SIM4
1
21
22
SIM5
SIM1
SIM2
SIM3
SIM4
1
21
22
SIM5
SIM1
SIM2
SIM3
SIM4
1
21
22
SIM5
SIM1
SIM2
SIM3
SIM4
1
21
22
SIM5
SIM1
SIM2
SIM3
SIM4
1
21
22
SIM5
SIM1
SIM2
SIM3
SIM4
1
21
22
SIM5
SIM1
SIM2
SIM3
SIM4
1
21
22
SIM5
SIM1
SIM2
SIM3
SIM4
1
21
22
SIM5
SIM1
SIM2
SIM3
SIM4
1
21
22
SIM5
SIM1
SIM2
SIM3
SIM4
1
21
22
SIM5
SIM1
SIM2
SIM3
SIM4
1
21
22
SIM5
SIM1
SIM2
SIM3
SIM4
1
21
22
SIM5
SIM1
SIM2
SIM3
SIM4
1
21
22
SIM5
SIM1
SIM2
SIM3
SIM4
1
21
22
SIM5
SIM1
SIM2
SIM3
SIM4
1
21
22
SIM5
SIM1
SIM2
SIM3
SIM4
1
21
22
SIM5
SIM1
SIM2
SIM3
SIM4
1
21
22
SIM5
SIM1
SIM2
SIM3
SIM4
1
21
22
SIM5
SIM1
SIM2
SIM3
SIM4
1
21
22
SIM5
SIM1
SIM2
SIM3
SIM4
1
21
22
SIM5
SIM1
SIM2
SIM3
SIM4
1
21
22
SIM5
SIM1
SIM2
SIM3
SIM4
1
21
22
SIM5
SIM1
SIM2
SIM3
SIM4
1
21
22
SIM5
SIM1
SIM2
SIM3
SIM4
1
21
22
SIM5
SIM1
SIM2
SIM3
SIM4
1
21
22
SIM5
SIM1
SIM2
SIM3
SIM4
1
21
22
SIM5
SIM1
SIM2
SIM3
SIM4
1
21
22
SIM5
SIM1
SIM2
SIM3
SIM4
1
21
22
SIM5
SIM1
SIM2
SIM3
SIM4
1
21
22
SIM5
SIM1
SIM2
SIM3
SIM4
1
21
22
SIM5
SIM1
SIM2
SIM3
SIM4
1
21
22
SIM5
SIM1
SIM2
SIM3
SIM4
1
21
22
SIM5
SIM1
SIM2
SIM3
SIM4
1
21
22
SIM5
SIM1
SIM2
SIM3
SIM4
1
21
22
SIM5
SIM1
SIM2
SIM3
SIM4
1
21
22
SIM5
SIM1
SIM2
SIM3
SIM4
1
21
22
SIM5
SIM1
SIM2
SIM3
SIM4
1
21
22
SIM5
SIM1
SIM2
SIM3
SIM4
1
21
22
SIM5
SIM1
SIM2
SIM3
SIM4
1
21
22
SIM5
SIM1
SIM2
SIM3
SIM4
1
21
22
SIM5
SIM1
SIM2
SIM3
SIM4
1
21
22
SIM5
SIM1
SIM2
SIM3
SIM4
1
21
22
SIM5
SIM1
SIM2
SIM3
SIM4
1
21
22
SIM5
SIM1
SIM2
SIM3
SIM4
1
21
22
SIM5
SIM1
SIM2
SIM3
SIM4
1
21
22
SIM5
SIM1
SIM2
SIM3
SIM4
1
21
22
SIM5
SIM1
SIM2
SIM3
SIM4
1
21
22
SIM5
SIM1
SIM2
SIM3
SIM4
1
21
22
SIM5
SIM1
SIM2
SIM3
SIM4
1
21
22
SIM5
SIM1
SIM2
SIM3
SIM4
1
21
22
SIM5
SIM1
SIM2
SIM3
SIM4
1
21
22
SIM5
SIM1
SIM2
SIM3
SIM4
1
21
22
SIM5
SIM1
SIM2
SIM3
SIM4
1
21
22
SIM5
SIM1
SIM2
SIM3
SIM4
1
21
22
SIM5
SIM1
SIM2
SIM3
SIM4
1
21
22
SIM5
SIM1
SIM2
SIM3
SIM4
1
21
22
SIM5
SIM1
SIM2
SIM3
SIM4
1
21
22
SIM5
SIM1
SIM2
SIM3
SIM4
1
21
22
SIM5
SIM1
SIM2
SIM3
SIM4
1
21
22
SIM5
SIM1
SIM2
SIM3
SIM4
1
21
22
SIM5
SIM1
SIM2
SIM3
SIM4
1
21
22
SIM5
SIM1
SIM2
SIM3
SIM4
1
21
22
SIM5
SIM1
SIM2
SIM3
SIM4
1
21
22
SIM5
SIM1
SIM2
SIM3
SIM4
1
21
22
SIM5
SIM1
SIM2
DEBUG 1 978
SIM1
SIM2
SIM3
SIM4
1
21
22
SIM5
SIM1
SIM2
SIM3
SIM4
1
21
22
SIM5
SIM1
SIM2
SIM3
SIM4
1
21
22
SIM5
SIM1
SIM2
SIM3
SIM4
1
21
22
SIM5
SIM1
SIM2
SIM3
SIM4
1
21
22
SIM5
SIM1
SIM2
SIM3
SIM4
1
21
22
SIM5
SIM1
SIM2
SIM3
SIM4
1
21
22
SIM5
SIM1
SIM2
SIM3
SIM4
1
21
22
SIM5
SIM1
SIM2
SIM3
SIM4
1
21
22
SIM5
SIM1
SIM2
SIM3
SIM4
1
21
22
SIM5
SIM1
SIM2
SIM3
SIM4
1
21
22
SIM5
SIM1
SIM2
SIM3
SIM4
1
21
22
SIM5
SIM1
SIM2
SIM3
SIM4
1
21
22
SIM5
SIM1
SIM2
SIM3
SIM4
1
21
22
SIM5
SIM1
SIM2
SIM3
SIM4
1
21
22
SIM5
SIM1
SIM2
SIM3
SIM4
1
21
22
SIM5
SIM1
SIM2
SIM3
SIM4
1
21
22
SIM5
SIM1
SIM2
SIM3
SIM4
1
21
22
SIM5
SIM1
SIM2
SIM3
SIM4
1
21
22
SIM5
SIM1
SIM2
SIM3
SIM4
1
21
22
SIM5
SIM1
SIM2
SIM3
SIM4
1
21
22
SIM5
SIM1
SIM2
SIM3
SIM4
1
21
22
SIM5
SIM1
SIM2
SIM3
SIM4
1
21
22
SIM5
SIM1
SIM2
SIM3
SIM4
1
21
22
SIM5
SIM1
SIM2
SIM3
SIM4
1
21
22
SIM5
SIM1
SIM2
SIM3
SIM4
1
21
22
SIM5
SIM1
SIM2
SIM3
SIM4
1
21
22
SIM5
SIM1
SIM2
SIM3
SIM4
1
21
22
SIM5
SIM1
SIM2
SIM3
SIM4
1
21
22
SIM5
SIM1
SIM2
SIM3
SIM4
1
21
22
SIM5
SIM1
SIM2
SIM3
SIM4
1
21
22
SIM5
SIM1
SIM2
SIM3
SIM4
1
21
22
SIM5
SIM1
SIM2
SIM3
SIM4
1
21
22
SIM5
SIM1
SIM2
SIM3
SIM4
1
21
22
SIM5
SIM1
SIM2
SIM3
SIM4
1
21
22
SIM5
SIM1
SIM2
SIM3
SIM4
1
21
22
SIM5
SIM1
SIM2
SIM3
SIM4
1
21
22
SIM5
SIM1
SIM2
SIM3
SIM4
1
21
22
SIM5
SIM1
SIM2
SIM3
SIM4
1
21
22
SIM5
SIM1
SIM2
SIM3
SIM4
1
21
22
SIM5
SIM1
SIM2
SIM3
SIM4
1
21
22
SIM5
SIM1
SIM2
SIM3
SIM4
1
21
22
SIM5
SIM1
SIM2
SIM3
SIM4
1
21
22
SIM5
SIM1
SIM2
SIM3
SIM4
1
21
22
SIM5
SIM1
SIM2
SIM3
SIM4
1
21
22
SIM5
SIM1
SIM2
SIM3
SIM4
1
21
22
SIM5
SIM1
SIM2
SIM3
SIM4
1
21
22
SIM5
SIM1
SIM2
SIM3
SIM4
1
21
22
SIM5
SIM1
SIM2
SIM3
SIM4
1
21
22
SIM5
SIM1
SIM2
SIM3
SIM4
1
21
22
SIM5
SIM1
SIM2
SIM3
SIM4
1
21
22
SIM5
SIM1
SIM2
SIM3
SIM4
1
21
22
SIM5
SIM1
SIM2
SIM3
SIM4
1
21
22
SIM5
SIM1
SIM2
SIM3
SIM4
1
21
22
SIM5
SIM1
SIM2
SIM3
SIM4
1
21
22
SIM5
SIM1
SIM2
SIM3
SIM4
1
21
22
SIM5
SIM1
SIM2
SIM3
SIM4
1
21
22
SIM5
SIM1
SIM2
SIM3
SIM4
1
21
22
SIM5
SIM1
SIM2
SIM3
SIM4
1
21
22
SIM5
SIM1
SIM2
SIM3
SIM4
1
21
22
SIM5
SIM1
SIM2
SIM3
SIM4
1
21
22
SIM5
SIM1
SIM2
SIM3
SIM4
1
21
22
SIM5
SIM1
SIM2
SIM3
SIM4
1
21
22
SIM5
SIM1
SIM2
SIM3
SIM4
1
21
22
SIM5
SIM1
SIM2
SIM3
SIM4
1
21
22
SIM5
SIM1
SIM2
SIM3
SIM4
1
21
22
SIM5
SIM1
SIM2
SIM3
SIM4
1
21
22
SIM5
SIM1
SIM2
SIM3
SIM4
1
21
22
SIM5
SIM1
SIM2
SIM3
SIM4
1
21
22
SIM5
SIM1
SIM2
SIM3
SIM4
1
21
22
SIM5
SIM1
SIM2
SIM3
SIM4
1
21
22
SIM5
SIM1
SIM2
SIM3
SIM4
1
21
22
SIM5
SIM1
SIM2
SIM3
SIM4
1
21
22
SIM5
SIM1
SIM2
SIM3
SIM4
1
21
22
SIM5
SIM1
SIM2
SIM3
SIM4
1
21
22
SIM5
SIM1
SIM2
SIM3
SIM4
1
21
22
SIM5
SIM1
SIM2
SIM3
SIM4
1
21
22
SIM5
SIM1
SIM2
SIM3
SIM4
1
21
22
SIM5
SIM1
SIM2
SIM3
SIM4
1
21
22
SIM5
SIM1
SIM2
SIM3
SIM4
1
21
22
SIM5
SIM1
SIM2
SIM3
SIM4
1
21
22
SIM5
SIM1
SIM2
SIM3
SIM4
1
21
22
SIM5
SIM1
SIM2
SIM3
SIM4
1
21
22
SIM5
SIM1
SIM2
SIM3
SIM4
1
21
22
SIM5
SIM1
SIM2
SIM3
SIM4
1
21
22
SIM5
SIM1
SIM2
SIM3
SIM4
1
21
22
SIM5
SIM1
SIM2
SIM3
SIM4
1
21
22
SIM5
SIM1
SIM2
SIM3
SIM4
1
21
22
SIM5
SIM1
SIM2
SIM3
SIM4
1
21
22
SIM5
SIM1
SIM2
SIM3
SIM4
1
21
22
SIM5
SIM1
SIM2
SIM3
SIM4
1
21
22
SIM5
SIM1
SIM2
SIM3
SIM4
1
21
22
SIM5
SIM1
SIM2
SIM3
SIM4
1
21
22
SIM5
SIM1
SIM2
SIM3
SIM4
1
21
22
SIM5
SIM1
SIM2
SIM3
SIM4
1
21
22
SIM5
SIM1
SIM2
SIM3
SIM4
1
21
22
SIM5
SIM1
SIM2
SIM3
SIM4
1
21
22
SIM5
SIM1
SIM2
SIM3
SIM4
1
21
22
SIM5
SIM1
SIM2
SIM3
SIM4
1
21
22
SIM5
SIM1
SIM2
SIM3
SIM4
1
21
22
SIM5
SIM1
SIM2
SIM3
SIM4
1
21
22
SIM5
SIM1
SIM2
DEBUG 1 979
SIM1
SIM2
SIM3
SIM4
1
21
22
SIM5
SIM1
SIM2
SIM3
SIM4
1
21
22
SIM5
SIM1
SIM2
SIM3
SIM4
1
21
22
SIM5
SIM1
SIM2
SIM3
SIM4
1
21
22
SIM5
SIM1
SIM2
SIM3
SIM4
1
21
22
SIM5
SIM1
SIM2
SIM3
SIM4
1
21
22
SIM5
SIM1
SIM2
SIM3
SIM4
1
21
22
SIM5
SIM1
SIM2
SIM3
SIM4
1
21
22
SIM5
SIM1
SIM2
SIM3
SIM4
1
21
22
SIM5
SIM1
SIM2
SIM3
SIM4
1
21
22
SIM5
SIM1
SIM2
SIM3
SIM4
1
21
22
SIM5
SIM1
SIM2
SIM3
SIM4
1
21
22
SIM5
SIM1
SIM2
SIM3
SIM4
1
21
22
SIM5
SIM1
SIM2
SIM3
SIM4
1
21
22
SIM5
SIM1
SIM2
SIM3
SIM4
1
21
22
SIM5
SIM1
SIM2
SIM3
SIM4
1
21
22
SIM5
SIM1
SIM2
SIM3
SIM4
1
21
22
SIM5
SIM1
SIM2
SIM3
SIM4
1
21
22
SIM5
SIM1
SIM2
SIM3
SIM4
1
21
22
SIM5
SIM1
SIM2
SIM3
SIM4
1
21
22
SIM5
SIM1
SIM2
SIM3
SIM4
1
21
22
SIM5
SIM1
SIM2
SIM3
SIM4
1
21
22
SIM5
SIM1
SIM2
SIM3
SIM4
1
21
22
SIM5
SIM1
SIM2
SIM3
SIM4
1
21
22
SIM5
SIM1
SIM2
SIM3
SIM4
1
21
22
SIM5
SIM1
SIM2
SIM3
SIM4
1
21
22
SIM5
SIM1
SIM2
SIM3
SIM4
1
21
22
SIM5
SIM1
SIM2
SIM3
SIM4
1
21
22
SIM5
SIM1
SIM2
SIM3
SIM4
1
21
22
SIM5
SIM1
SIM2
SIM3
SIM4
1
21
22
SIM5
SIM1
SIM2
SIM3
SIM4
1
21
22
SIM5
SIM1
SIM2
SIM3
SIM4
1
21
22
SIM5
SIM1
SIM2
SIM3
SIM4
1
21
22
SIM5
SIM1
SIM2
SIM3
SIM4
1
21
22
SIM5
SIM1
SIM2
SIM3
SIM4
1
21
22
SIM5
SIM1
SIM2
SIM3
SIM4
1
21
22
SIM5
SIM1
SIM2
SIM3
SIM4
1
21
22
SIM5
SIM1
SIM2
SIM3
SIM4
1
21
22
SIM5
SIM1
SIM2
SIM3
SIM4
1
21
22
SIM5
SIM1
SIM2
SIM3
SIM4
1
21
22
SIM5
SIM1
SIM2
SIM3
SIM4
1
21
22
SIM5
SIM1
SIM2
SIM3
SIM4
1
21
22
SIM5
SIM1
SIM2
SIM3
SIM4
1
21
22
SIM5
SIM1
SIM2
SIM3
SIM4
1
21
22
SIM5
SIM1
SIM2
SIM3
SIM4
1
21
22
SIM5
SIM1
SIM2
SIM3
SIM4
1
21
22
SIM5
SIM1
SIM2
SIM3
SIM4
1
21
22
SIM5
SIM1
SIM2
SIM3
SIM4
1
21
22
SIM5
SIM1
SIM2
SIM3
SIM4
1
21
22
SIM5
SIM1
SIM2
SIM3
SIM4
1
21
22
SIM5
SIM1
SIM2
SIM3
SIM4
1
21
22
SIM5
SIM1
SIM2
SIM3
SIM4
1
21
22
SIM5
SIM1
SIM2
SIM3
SIM4
1
21
22
SIM5
SIM1
SIM2
SIM3
SIM4
1
21
22
SIM5
SIM1
SIM2
SIM3
SIM4
1
21
22
SIM5
SIM1
SIM2
SIM3
SIM4
1
21
22
SIM5
SIM1
SIM2
SIM3
SIM4
1
21
22
SIM5
SIM1
SIM2
SIM3
SIM4
1
21
22
SIM5
SIM1
SIM2
SIM3
SIM4
1
21
22
SIM5
SIM1
SIM2
SIM3
SIM4
1
21
22
SIM5
SIM1
SIM2
SIM3
SIM4
1
21
22
SIM5
SIM1
SIM2
SIM3
SIM4
1
21
22
SIM5
SIM1
SIM2
SIM3
SIM4
1
21
22
SIM5
SIM1
SIM2
SIM3
SIM4
1
21
22
SIM5
SIM1
SIM2
SIM3
SIM4
1
21
22
SIM5
SIM1
SIM2
SIM3
SIM4
1
21
22
SIM5
SIM1
SIM2
SIM3
SIM4
1
21
22
SIM5
SIM1
SIM2
SIM3
SIM4
1
21
22
SIM5
SIM1
SIM2
SIM3
SIM4
1
21
22
SIM5
SIM1
SIM2
SIM3
SIM4
1
21
22
SIM5
SIM1
SIM2
SIM3
SIM4
1
21
22
SIM5
SIM1
SIM2
SIM3
SIM4
1
21
22
SIM5
SIM1
SIM2
SIM3
SIM4
1
21
22
SIM5
SIM1
SIM2
SIM3
SIM4
1
21
22
SIM5
SIM1
SIM2
SIM3
SIM4
1
21
22
SIM5
SIM1
SIM2
SIM3
SIM4
1
21
22
SIM5
SIM1
SIM2
SIM3
SIM4
1
21
22
SIM5
SIM1
SIM2
SIM3
SIM4
1
21
22
SIM5
SIM1
SIM2
SIM3
SIM4
1
21
22
SIM5
SIM1
SIM2
SIM3
SIM4
1
21
22
SIM5
SIM1
SIM2
SIM3
SIM4
1
21
22
SIM5
SIM1
SIM2
SIM3
SIM4
1
21
22
SIM5
SIM1
SIM2
SIM3
SIM4
1
21
22
SIM5
SIM1
SIM2
SIM3
SIM4
1
21
22
SIM5
SIM1
SIM2
SIM3
SIM4
1
21
22
SIM5
SIM1
SIM2
SIM3
SIM4
1
21
22
SIM5
SIM1
SIM2
SIM3
SIM4
1
21
22
SIM5
SIM1
SIM2
SIM3
SIM4
1
21
22
SIM5
SIM1
SIM2
SIM3
SIM4
1
21
22
SIM5
SIM1
SIM2
SIM3
SIM4
1
21
22
SIM5
SIM1
SIM2
DEBUG 1 980
SIM1
SIM2
SIM3
SIM4
1
21
22
SIM5
SIM1
SIM2
SIM3
SIM4
1
21
22
SIM5
SIM1
SIM2
SIM3
SIM4
1
21
22
SIM5
SIM1
SIM2
SIM3
SIM4
1
21
22
SIM5
SIM1
SIM2
SIM3
SIM4
1
21
22
SIM5
SIM1
SIM2
SIM3
SIM4
1
21
22
SIM5
SIM1
SIM2
SIM3
SIM4
1
21
22
SIM5
SIM1
SIM2
SIM3
SIM4
1
21
22
SIM5
SIM1
SIM2
SIM3
SIM4
1
21
22
SIM5
SIM1
SIM2
SIM3
SIM4
1
21
22
SIM5
SIM1
SIM2
SIM3
SIM4
1
21
22
SIM5
SIM1
SIM2
SIM3
SIM4
1
21
22
SIM5
SIM1
SIM2
SIM3
SIM4
1
21
22
SIM5
SIM1
SIM2
SIM3
SIM4
1
21
22
SIM5
SIM1
SIM2
SIM3
SIM4
1
21
22
SIM5
SIM1
SIM2
SIM3
SIM4
1
21
22
SIM5
SIM1
SIM2
SIM3
SIM4
1
21
22
SIM5
SIM1
SIM2
SIM3
SIM4
1
21
22
SIM5
SIM1
SIM2
SIM3
SIM4
1
21
22
SIM5
SIM1
SIM2
SIM3
SIM4
1
21
22
SIM5
SIM1
SIM2
SIM3
SIM4
1
21
22
SIM5
SIM1
SIM2
SIM3
SIM4
1
21
22
SIM5
SIM1
SIM2
SIM3
SIM4
1
21
22
SIM5
SIM1
SIM2
SIM3
SIM4
1
21
22
SIM5
SIM1
SIM2
SIM3
SIM4
1
21
22
SIM5
SIM1
SIM2
SIM3
SIM4
1
21
22
SIM5
SIM1
SIM2
SIM3
SIM4
1
21
22
SIM5
SIM1
SIM2
SIM3
SIM4
1
21
22
SIM5
SIM1
SIM2
SIM3
SIM4
1
21
22
SIM5
SIM1
SIM2
SIM3
SIM4
1
21
22
SIM5
SIM1
SIM2
SIM3
SIM4
1
21
22
SIM5
SIM1
SIM2
SIM3
SIM4
1
21
22
SIM5
SIM1
SIM2
SIM3
SIM4
1
21
22
SIM5
SIM1
SIM2
SIM3
SIM4
1
21
22
SIM5
SIM1
SIM2
SIM3
SIM4
1
21
22
SIM5
SIM1
SIM2
SIM3
SIM4
1
21
22
SIM5
SIM1
SIM2
SIM3
SIM4
1
21
22
SIM5
SIM1
SIM2
SIM3
SIM4
1
21
22
SIM5
SIM1
SIM2
SIM3
SIM4
1
21
22
SIM5
SIM1
SIM2
SIM3
SIM4
1
21
22
SIM5
SIM1
SIM2
SIM3
SIM4
1
21
22
SIM5
SIM1
SIM2
SIM3
SIM4
1
21
22
SIM5
SIM1
SIM2
SIM3
SIM4
1
21
22
SIM5
SIM1
SIM2
SIM3
SIM4
1
21
22
SIM5
SIM1
SIM2
SIM3
SIM4
1
21
22
SIM5
SIM1
SIM2
SIM3
SIM4
1
21
22
SIM5
SIM1
SIM2
SIM3
SIM4
1
21
22
SIM5
SIM1
SIM2
SIM3
SIM4
1
21
22
SIM5
SIM1
SIM2
SIM3
SIM4
1
21
22
SIM5
SIM1
SIM2
SIM3
SIM4
1
21
22
SIM5
SIM1
SIM2
SIM3
SIM4
1
21
22
SIM5
SIM1
SIM2
SIM3
SIM4
1
21
22
SIM5
SIM1
SIM2
SIM3
SIM4
1
21
22
SIM5
SIM1
SIM2
SIM3
SIM4
1
21
22
SIM5
SIM1
SIM2
SIM3
SIM4
1
21
22
SIM5
SIM1
SIM2
SIM3
SIM4
1
21
22
SIM5
SIM1
SIM2
SIM3
SIM4
1
21
22
SIM5
SIM1
SIM2
SIM3
SIM4
1
21
22
SIM5
SIM1
SIM2
SIM3
SIM4
1
21
22
SIM5
SIM1
SIM2
SIM3
SIM4
1
21
22
SIM5
SIM1
SIM2
SIM3
SIM4
1
21
22
SIM5
SIM1
SIM2
SIM3
SIM4
1
21
22
SIM5
SIM1
SIM2
SIM3
SIM4
1
21
22
SIM5
SIM1
SIM2
SIM3
SIM4
1
21
22
SIM5
SIM1
SIM2
SIM3
SIM4
1
21
22
SIM5
SIM1
SIM2
SIM3
SIM4
1
21
22
SIM5
SIM1
SIM2
SIM3
SIM4
1
21
22
SIM5
SIM1
SIM2
SIM3
SIM4
1
21
22
SIM5
SIM1
SIM2
SIM3
SIM4
1
21
22
SIM5
SIM1
SIM2
SIM3
SIM4
1
21
22
SIM5
SIM1
SIM2
SIM3
SIM4
1
21
22
SIM5
SIM1
SIM2
SIM3
SIM4
1
21
22
SIM5
SIM1
SIM2
SIM3
SIM4
1
21
22
SIM5
SIM1
SIM2
SIM3
SIM4
1
21
22
SIM5
SIM1
SIM2
SIM3
SIM4
1
21
22
SIM5
SIM1
SIM2
SIM3
SIM4
1
21
22
SIM5
SIM1
SIM2
SIM3
SIM4
1
21
22
SIM5
SIM1
SIM2
SIM3
SIM4
1
21
22
SIM5
SIM1
SIM2
SIM3
SIM4
1
21
22
SIM5
SIM1
SIM2
SIM3
SIM4
1
21
22
SIM5
SIM1
SIM2
SIM3
SIM4
1
21
22
SIM5
SIM1
SIM2
SIM3
SIM4
1
21
22
SIM5
SIM1
SIM2
SIM3
SIM4
1
21
22
SIM5
SIM1
SIM2
SIM3
SIM4
1
21
22
SIM5
SIM1
SIM2
SIM3
SIM4
1
21
22
SIM5
SIM1
SIM2
SIM3
SIM4
1
21
22
SIM5
SIM1
SIM2
SIM3
SIM4
1
21
22
SIM5
SIM1
SIM2
SIM3
SIM4
1
21
22
SIM5
SIM1
SIM2
SIM3
SIM4
1
21
22
SIM5
SIM1
SIM2
SIM3
SIM4
1
21
22
SIM5
SIM1
SIM2
SIM3
SIM4
1
21
22
SIM5
SIM1
SIM2
SIM3
SIM4
1
21
22
SIM5
SIM1
SIM2
SIM3
SIM4
1
21
22
SIM5
SIM1
SIM2
SIM3
SIM4
1
21
22
SIM5
SIM1
SIM2
SIM3
SIM4
1
21
22
SIM5
SIM1
SIM2
SIM3
SIM4
1
21
22
SIM5
SIM1
SIM2
SIM3
SIM4
1
21
22
SIM5
SIM1
SIM2
SIM3
SIM4
1
21
22
SIM5
SIM1
SIM2
SIM3
SIM4
1
21
22
SIM5
SIM1
SIM2
SIM3
SIM4
1
21
22
SIM5
SIM1
SIM2
SIM3
SIM4
1
21
22
SIM5
SIM1
SIM2
SIM3
SIM4
1
21
22
SIM5
SIM1
SIM2
SIM3
SIM4
1
21
22
SIM5
SIM1
SIM2
SIM3
SIM4
1
21
22
SIM5
SIM1
SIM2
SIM3
SIM4
1
21
22
SIM5
SIM1
SIM2
SIM3
SIM4
1
21
22
SIM5
SIM1
SIM2
SIM3
SIM4
1
21
22
SIM5
SIM1
SIM2
SIM3
SIM4
1
21
22
SIM5
SIM1
SIM2
SIM3
SIM4
1
21
22
SIM5
SIM1
SIM2
SIM3
SIM4
1
21
22
SIM5
SIM1
SIM2
SIM3
SIM4
1
21
22
SIM5
SIM1
SIM2
SIM3
SIM4
1
21
22
SIM5
SIM1
SIM2
SIM3
SIM4
1
21
22
SIM5
SIM1
SIM2
SIM3
SIM4
1
21
22
SIM5
SIM1
SIM2
SIM3
SIM4
1
21
22
SIM5
SIM1
SIM2
SIM3
SIM4
1
21
22
SIM5
SIM1
SIM2
SIM3
SIM4
1
21
22
SIM5
SIM1
SIM2
SIM3
SIM4
1
21
22
SIM5
SIM1
SIM2
SIM3
SIM4
1
21
22
SIM5
SIM1
SIM2
SIM3
SIM4
1
21
22
SIM5
SIM1
SIM2
SIM3
SIM4
1
21
22
SIM5
SIM1
SIM2
SIM3
SIM4
1
21
22
SIM5
SIM1
SIM2
SIM3
SIM4
1
21
22
SIM5
SIM1
SIM2
SIM3
SIM4
1
21
22
SIM5
SIM1
SIM2
SIM3
SIM4
1
21
22
SIM5
SIM1
SIM2
SIM3
SIM4
1
21
22
SIM5
SIM1
SIM2
SIM3
SIM4
1
21
22
SIM5
SIM1
SIM2
SIM3
SIM4
1
21
22
SIM5
SIM1
SIM2
SIM3
SIM4
1
21
22
SIM5
SIM1
SIM2
SIM3
SIM4
1
21
22
SIM5
SIM1
SIM2
SIM3
SIM4
1
21
22
SIM5
SIM1
SIM2
SIM3
SIM4
1
21
22
SIM5
SIM1
SIM2
SIM3
SIM4
1
21
22
SIM5
SIM1
SIM2
SIM3
SIM4
1
21
22
SIM5
SIM1
SIM2
SIM3
SIM4
1
21
22
SIM5
SIM1
SIM2
SIM3
SIM4
1
21
22
SIM5
SIM1
SIM2
SIM3
SIM4
1
21
22
SIM5
SIM1
SIM2
DEBUG 1 981
SIM1
SIM2
SIM3
SIM4
1
21
22
SIM5
SIM1
SIM2
SIM3
SIM4
1
21
22
SIM5
SIM1
SIM2
SIM3
SIM4
1
21
22
SIM5
SIM1
SIM2
SIM3
SIM4
1
21
22
SIM5
SIM1
SIM2
SIM3
SIM4
1
21
22
SIM5
SIM1
SIM2
SIM3
SIM4
1
21
22
SIM5
SIM1
SIM2
SIM3
SIM4
1
21
22
SIM5
SIM1
SIM2
SIM3
SIM4
1
21
22
SIM5
SIM1
SIM2
SIM3
SIM4
1
21
22
SIM5
SIM1
SIM2
SIM3
SIM4
1
21
22
SIM5
SIM1
SIM2
SIM3
SIM4
1
21
22
SIM5
SIM1
SIM2
SIM3
SIM4
1
21
22
SIM5
SIM1
SIM2
SIM3
SIM4
1
21
22
SIM5
SIM1
SIM2
SIM3
SIM4
1
21
22
SIM5
SIM1
SIM2
SIM3
SIM4
1
21
22
SIM5
SIM1
SIM2
SIM3
SIM4
1
21
22
SIM5
SIM1
SIM2
SIM3
SIM4
1
21
22
SIM5
SIM1
SIM2
SIM3
SIM4
1
21
22
SIM5
SIM1
SIM2
SIM3
SIM4
1
21
22
SIM5
SIM1
SIM2
SIM3
SIM4
1
21
22
SIM5
SIM1
SIM2
SIM3
SIM4
1
21
22
SIM5
SIM1
SIM2
SIM3
SIM4
1
21
22
SIM5
SIM1
SIM2
SIM3
SIM4
1
21
22
SIM5
SIM1
SIM2
SIM3
SIM4
1
21
22
SIM5
SIM1
SIM2
SIM3
SIM4
1
21
22
SIM5
SIM1
SIM2
SIM3
SIM4
1
21
22
SIM5
SIM1
SIM2
SIM3
SIM4
1
21
22
SIM5
SIM1
SIM2
SIM3
SIM4
1
21
22
SIM5
SIM1
SIM2
SIM3
SIM4
1
21
22
SIM5
SIM1
SIM2
SIM3
SIM4
1
21
22
SIM5
SIM1
SIM2
SIM3
SIM4
1
21
22
SIM5
SIM1
SIM2
SIM3
SIM4
1
21
22
SIM5
SIM1
SIM2
SIM3
SIM4
1
21
22
SIM5
SIM1
SIM2
SIM3
SIM4
1
21
22
SIM5
SIM1
SIM2
SIM3
SIM4
1
21
22
SIM5
SIM1
SIM2
SIM3
SIM4
1
21
22
SIM5
SIM1
SIM2
SIM3
SIM4
1
21
22
SIM5
SIM1
SIM2
SIM3
SIM4
1
21
22
SIM5
SIM1
SIM2
SIM3
SIM4
1
21
22
SIM5
SIM1
SIM2
SIM3
SIM4
1
21
22
SIM5
SIM1
SIM2
SIM3
SIM4
1
21
22
SIM5
SIM1
SIM2
SIM3
SIM4
1
21
22
SIM5
SIM1
SIM2
SIM3
SIM4
1
21
22
SIM5
SIM1
SIM2
SIM3
SIM4
1
21
22
SIM5
SIM1
SIM2
SIM3
SIM4
1
21
22
SIM5
SIM1
SIM2
SIM3
SIM4
1
21
22
SIM5
SIM1
SIM2
SIM3
SIM4
1
21
22
SIM5
SIM1
SIM2
SIM3
SIM4
1
21
22
SIM5
SIM1
SIM2
SIM3
SIM4
1
21
22
SIM5
SIM1
SIM2
SIM3
SIM4
1
21
22
SIM5
SIM1
SIM2
SIM3
SIM4
1
21
22
SIM5
SIM1
SIM2
SIM3
SIM4
1
21
22
SIM5
SIM1
SIM2
SIM3
SIM4
1
21
22
SIM5
SIM1
SIM2
SIM3
SIM4
1
21
22
SIM5
SIM1
SIM2
SIM3
SIM4
1
21
22
SIM5
SIM1
SIM2
SIM3
SIM4
1
21
22
SIM5
SIM1
SIM2
SIM3
SIM4
1
21
22
SIM5
SIM1
SIM2
SIM3
SIM4
1
21
22
SIM5
SIM1
SIM2
SIM3
SIM4
1
21
22
SIM5
SIM1
SIM2
SIM3
SIM4
1
21
22
SIM5
SIM1
SIM2
SIM3
SIM4
1
21
22
SIM5
SIM1
SIM2
SIM3
SIM4
1
21
22
SIM5
SIM1
SIM2
SIM3
SIM4
1
21
22
SIM5
SIM1
SIM2
SIM3
SIM4
1
21
22
SIM5
SIM1
SIM2
SIM3
SIM4
1
21
22
SIM5
SIM1
SIM2
SIM3
SIM4
1
21
22
SIM5
SIM1
SIM2
SIM3
SIM4
1
21
22
SIM5
SIM1
SIM2
SIM3
SIM4
1
21
22
SIM5
SIM1
SIM2
SIM3
SIM4
1
21
22
SIM5
SIM1
SIM2
SIM3
SIM4
1
21
22
SIM5
SIM1
SIM2
SIM3
SIM4
1
21
22
SIM5
SIM1
SIM2
SIM3
SIM4
1
21
22
SIM5
SIM1
SIM2
SIM3
SIM4
1
21
22
SIM5
SIM1
SIM2
SIM3
SIM4
1
21
22
SIM5
SIM1
SIM2
SIM3
SIM4
1
21
22
SIM5
SIM1
SIM2
SIM3
SIM4
1
21
22
SIM5
SIM1
SIM2
SIM3
SIM4
1
21
22
SIM5
SIM1
SIM2
SIM3
SIM4
1
21
22
SIM5
SIM1
SIM2
SIM3
SIM4
1
21
22
SIM5
SIM1
SIM2
SIM3
SIM4
1
21
22
SIM5
SIM1
SIM2
SIM3
SIM4
1
21
22
SIM5
SIM1
SIM2
SIM3
SIM4
1
21
22
SIM5
SIM1
SIM2
SIM3
SIM4
1
21
22
SIM5
SIM1
SIM2
SIM3
SIM4
1
21
22
SIM5
SIM1
SIM2
SIM3
SIM4
1
21
22
SIM5
SIM1
SIM2
SIM3
SIM4
1
21
22
SIM5
SIM1
SIM2
SIM3
SIM4
1
21
22
SIM5
SIM1
SIM2
SIM3
SIM4
1
21
22
SIM5
SIM1
SIM2
SIM3
SIM4
1
21
22
SIM5
SIM1
SIM2
SIM3
SIM4
1
21
22
SIM5
SIM1
SIM2
SIM3
SIM4
1
21
22
SIM5
SIM1
SIM2
SIM3
SIM4
1
21
22
SIM5
SIM1
SIM2
SIM3
SIM4
1
21
22
SIM5
SIM1
SIM2
SIM3
SIM4
1
21
22
SIM5
SIM1
SIM2
SIM3
SIM4
1
21
22
SIM5
SIM1
SIM2
SIM3
SIM4
1
21
22
SIM5
SIM1
SIM2
SIM3
SIM4
1
21
22
SIM5
SIM1
SIM2
SIM3
SIM4
1
21
22
SIM5
SIM1
SIM2
SIM3
SIM4
1
21
22
SIM5
SIM1
SIM2
SIM3
SIM4
1
21
22
SIM5
SIM1
SIM2
SIM3
SIM4
1
21
22
SIM5
SIM1
SIM2
SIM3
SIM4
1
21
22
SIM5
SIM1
SIM2
SIM3
SIM4
1
21
22
SIM5
SIM1
SIM2
SIM3
SIM4
1
21
22
SIM5
SIM1
SIM2
SIM3
SIM4
1
21
22
SIM5
SIM1
SIM2
SIM3
SIM4
1
21
22
SIM5
SIM1
SIM2
SIM3
SIM4
1
21
22
SIM5
SIM1
SIM2
SIM3
SIM4
1
21
22
SIM5
SIM1
SIM2
SIM3
SIM4
1
21
22
SIM5
SIM1
SIM2
SIM3
SIM4
1
21
22
SIM5
SIM1
SIM2
SIM3
SIM4
1
21
22
SIM5
SIM1
SIM2
SIM3
SIM4
1
21
22
SIM5
SIM1
SIM2
SIM3
SIM4
1
21
22
SIM5
SIM1
SIM2
SIM3
SIM4
1
21
22
SIM5
SIM1
SIM2
SIM3
SIM4
1
21
22
SIM5
SIM1
SIM2
SIM3
SIM4
1
21
22
SIM5
SIM1
SIM2
SIM3
SIM4
1
21
22
SIM5
SIM1
SIM2
SIM3
SIM4
1
21
22
SIM5
SIM1
SIM2
SIM3
SIM4
1
21
22
SIM5
SIM1
SIM2
SIM3
SIM4
1
21
22
SIM5
SIM1
SIM2
SIM3
SIM4
1
21
22
SIM5
SIM1
SIM2
SIM3
SIM4
1
21
22
SIM5
SIM1
SIM2
SIM3
SIM4
1
21
22
SIM5
SIM1
SIM2
SIM3
SIM4
1
21
22
SIM5
SIM1
SIM2
SIM3
SIM4
1
21
22
SIM5
SIM1
SIM2
SIM3
SIM4
1
21
22
SIM5
SIM1
SIM2
SIM3
SIM4
1
21
22
SIM5
SIM1
SIM2
SIM3
SIM4
1
21
22
SIM5
SIM1
SIM2
SIM3
SIM4
1
21
22
SIM5
SIM1
SIM2
SIM3
SIM4
1
21
22
SIM5
SIM1
SIM2
SIM3
SIM4
1
21
22
SIM5
SIM1
SIM2
SIM3
SIM4
1
21
22
SIM5
SIM1
SIM2
SIM3
SIM4
1
21
22
SIM5
SIM1
SIM2
SIM3
SIM4
1
21
22
SIM5
SIM1
SIM2
SIM3
SIM4
1
21
22
SIM5
SIM1
SIM2
SIM3
SIM4
1
21
22
SIM5
SIM1
SIM2
SIM3
SIM4
1
21
22
SIM5
SIM1
SIM2
SIM3
SIM4
1
21
22
SIM5
SIM1
SIM2
SIM3
SIM4
1
21
22
SIM5
SIM1
SIM2
SIM3
SIM4
1
21
22
SIM5
SIM1
SIM2
SIM3
SIM4
1
21
22
SIM5
SIM1
SIM2
SIM3
SIM4
1
21
22
SIM5
SIM1
SIM2
SIM3
SIM4
1
21
22
SIM5
SIM1
SIM2
SIM3
SIM4
1
21
22
SIM5
SIM1
SIM2
SIM3
SIM4
1
21
22
SIM5
SIM1
SIM2
SIM3
SIM4
1
21
22
SIM5
SIM1
SIM2
SIM3
SIM4
1
21
22
SIM5
SIM1
SIM2
SIM3
SIM4
1
21
22
SIM5
SIM1
SIM2
SIM3
SIM4
1
21
22
SIM5
SIM1
SIM2
SIM3
SIM4
1
21
22
SIM5
SIM1
SIM2
SIM3
SIM4
1
21
22
SIM5
SIM1
SIM2
SIM3
SIM4
1
21
22
SIM5
SIM1
SIM2
SIM3
SIM4
1
21
22
SIM5
SIM1
SIM2
SIM3
SIM4
1
21
22
SIM5
SIM1
SIM2
SIM3
SIM4
1
21
22
SIM5
SIM1
SIM2
SIM3
SIM4
1
21
22
SIM5
SIM1
SIM2
SIM3
SIM4
1
21
22
SIM5
SIM1
SIM2
SIM3
SIM4
1
21
22
SIM5
SIM1
SIM2
SIM3
SIM4
1
21
22
SIM5
SIM1
SIM2
SIM3
SIM4
1
21
22
SIM5
SIM1
SIM2
SIM3
SIM4
1
21
22
SIM5
SIM1
SIM2
SIM3
SIM4
1
21
22
SIM5
SIM1
SIM2
SIM3
SIM4
1
21
22
SIM5
SIM1
SIM2
SIM3
SIM4
1
21
22
SIM5
SIM1
SIM2
SIM3
SIM4
1
21
22
SIM5
SIM1
SIM2
SIM3
SIM4
1
21
22
SIM5
SIM1
SIM2
SIM3
SIM4
1
21
22
SIM5
SIM1
SIM2
SIM3
SIM4
1
21
22
SIM5
SIM1
SIM2
SIM3
SIM4
1
21
22
SIM5
SIM1
SIM2
SIM3
SIM4
1
21
22
SIM5
SIM1
SIM2
SIM3
SIM4
1
21
22
SIM5
SIM1
SIM2
SIM3
SIM4
1
21
22
SIM5
SIM1
SIM2
SIM3
SIM4
1
21
22
SIM5
SIM1
SIM2
SIM3
SIM4
1
21
22
SIM5
SIM1
SIM2
SIM3
SIM4
1
21
22
SIM5
SIM1
SIM2
SIM3
SIM4
1
21
22
SIM5
SIM1
SIM2
SIM3
SIM4
1
21
22
SIM5
SIM1
SIM2
SIM3
SIM4
1
21
22
SIM5
SIM1
SIM2
SIM3
SIM4
1
21
22
SIM5
SIM1
SIM2
SIM3
SIM4
1
21
22
SIM5
SIM1
SIM2
SIM3
SIM4
1
21
22
SIM5
SIM1
SIM2
SIM3
SIM4
1
21
22
SIM5
SIM1
SIM2
SIM3
SIM4
1
21
22
SIM5
SIM1
SIM2
SIM3
SIM4
1
21
22
SIM5
SIM1
SIM2
SIM3
SIM4
1
21
22
SIM5
SIM1
SIM2
SIM3
SIM4
1
21
22
SIM5
SIM1
SIM2
SIM3
SIM4
1
21
22
SIM5
SIM1
SIM2
SIM3
SIM4
1
21
22
SIM5
SIM1
SIM2
SIM3
SIM4
1
21
22
SIM5
SIM1
SIM2
SIM3
SIM4
1
21
22
SIM5
SIM1
SIM2
SIM3
SIM4
1
21
22
SIM5
SIM1
SIM2
SIM3
SIM4
1
21
22
SIM5
SIM1
SIM2
SIM3
SIM4
1
21
22
SIM5
SIM1
SIM2
SIM3
SIM4
1
21
22
SIM5
SIM1
SIM2
SIM3
SIM4
1
21
22
SIM5
SIM1
SIM2
SIM3
SIM4
1
21
22
SIM5
SIM1
SIM2
SIM3
SIM4
1
21
22
SIM5
SIM1
SIM2
SIM3
SIM4
1
21
22
SIM5
SIM1
SIM2
SIM3
SIM4
1
21
22
SIM5
SIM1
SIM2
SIM3
SIM4
1
21
22
SIM5
SIM1
SIM2
SIM3
SIM4
1
21
22
SIM5
SIM1
SIM2
SIM3
SIM4
1
21
22
SIM5
SIM1
SIM2
SIM3
SIM4
1
21
22
SIM5
SIM1
SIM2
SIM3
SIM4
1
21
22
SIM5
SIM1
SIM2
SIM3
SIM4
1
21
22
SIM5
SIM1
SIM2
SIM3
SIM4
1
21
22
SIM5
SIM1
SIM2
SIM3
SIM4
1
21
22
SIM5
SIM1
SIM2
SIM3
SIM4
1
21
22
SIM5
SIM1
SIM2
SIM3
SIM4
1
21
22
SIM5
SIM1
SIM2
SIM3
SIM4
1
21
22
SIM5
SIM1
SIM2
SIM3
SIM4
1
21
22
SIM5
SIM1
SIM2
SIM3
SIM4
1
21
22
SIM5
SIM1
SIM2
SIM3
SIM4
1
21
22
SIM5
SIM1
SIM2
SIM3
SIM4
1
21
22
SIM5
SIM1
SIM2
SIM3
SIM4
1
21
22
SIM5
SIM1
SIM2
SIM3
SIM4
1
21
22
SIM5
SIM1
SIM2
SIM3
SIM4
1
21
22
SIM5
SIM1
SIM2
SIM3
SIM4
1
21
22
SIM5
SIM1
SIM2
SIM3
SIM4
1
21
22
SIM5
SIM1
SIM2
SIM3
SIM4
1
21
22
SIM5
SIM1
SIM2
SIM3
SIM4
1
21
22
SIM5
SIM1
SIM2
SIM3
SIM4
1
21
22
SIM5
SIM1
SIM2
SIM3
SIM4
1
21
22
SIM5
SIM1
SIM2
SIM3
SIM4
1
21
22
SIM5
SIM1
SIM2
SIM3
SIM4
1
21
22
SIM5
SIM1
SIM2
DEBUG 1 982
SIM1
SIM2
SIM3
SIM4
1
21
22
SIM5
SIM1
SIM2
SIM3
SIM4
1
21
22
SIM5
SIM1
SIM2
SIM3
SIM4
1
21
22
SIM5
SIM1
SIM2
SIM3
SIM4
1
21
22
SIM5
SIM1
SIM2
SIM3
SIM4
1
21
22
SIM5
SIM1
SIM2
SIM3
SIM4
1
21
22
SIM5
SIM1
SIM2
SIM3
SIM4
1
21
22
SIM5
SIM1
SIM2
SIM3
SIM4
1
21
22
SIM5
SIM1
SIM2
SIM3
SIM4
1
21
22
SIM5
SIM1
SIM2
SIM3
SIM4
1
21
22
SIM5
SIM1
SIM2
SIM3
SIM4
1
21
22
SIM5
SIM1
SIM2
SIM3
SIM4
1
21
22
SIM5
SIM1
SIM2
SIM3
SIM4
1
21
22
SIM5
SIM1
SIM2
SIM3
SIM4
1
21
22
SIM5
SIM1
SIM2
SIM3
SIM4
1
21
22
SIM5
SIM1
SIM2
SIM3
SIM4
1
21
22
SIM5
SIM1
SIM2
SIM3
SIM4
1
21
22
SIM5
SIM1
SIM2
SIM3
SIM4
1
21
22
SIM5
SIM1
SIM2
SIM3
SIM4
1
21
22
SIM5
SIM1
SIM2
SIM3
SIM4
1
21
22
SIM5
SIM1
SIM2
SIM3
SIM4
1
21
22
SIM5
SIM1
SIM2
SIM3
SIM4
1
21
22
SIM5
SIM1
SIM2
SIM3
SIM4
1
21
22
SIM5
SIM1
SIM2
SIM3
SIM4
1
21
22
SIM5
SIM1
SIM2
SIM3
SIM4
1
21
22
SIM5
SIM1
SIM2
SIM3
SIM4
1
21
22
SIM5
SIM1
SIM2
SIM3
SIM4
1
21
22
SIM5
SIM1
SIM2
SIM3
SIM4
1
21
22
SIM5
SIM1
SIM2
SIM3
SIM4
1
21
22
SIM5
SIM1
SIM2
SIM3
SIM4
1
21
22
SIM5
SIM1
SIM2
SIM3
SIM4
1
21
22
SIM5
SIM1
SIM2
SIM3
SIM4
1
21
22
SIM5
SIM1
SIM2
SIM3
SIM4
1
21
22
SIM5
SIM1
SIM2
SIM3
SIM4
1
21
22
SIM5
SIM1
SIM2
SIM3
SIM4
1
21
22
SIM5
SIM1
SIM2
SIM3
SIM4
1
21
22
SIM5
SIM1
SIM2
SIM3
SIM4
1
21
22
SIM5
SIM1
SIM2
SIM3
SIM4
1
21
22
SIM5
SIM1
SIM2
SIM3
SIM4
1
21
22
SIM5
SIM1
SIM2
SIM3
SIM4
1
21
22
SIM5
SIM1
SIM2
SIM3
SIM4
1
21
22
SIM5
SIM1
SIM2
SIM3
SIM4
1
21
22
SIM5
SIM1
SIM2
SIM3
SIM4
1
21
22
SIM5
SIM1
SIM2
SIM3
SIM4
1
21
22
SIM5
SIM1
SIM2
SIM3
SIM4
1
21
22
SIM5
SIM1
SIM2
SIM3
SIM4
1
21
22
SIM5
SIM1
SIM2
SIM3
SIM4
1
21
22
SIM5
SIM1
SIM2
SIM3
SIM4
1
21
22
SIM5
SIM1
SIM2
SIM3
SIM4
1
21
22
SIM5
SIM1
SIM2
SIM3
SIM4
1
21
22
SIM5
SIM1
SIM2
SIM3
SIM4
1
21
22
SIM5
SIM1
SIM2
SIM3
SIM4
1
21
22
SIM5
SIM1
SIM2
SIM3
SIM4
1
21
22
SIM5
SIM1
SIM2
SIM3
SIM4
1
21
22
SIM5
SIM1
SIM2
SIM3
SIM4
1
21
22
SIM5
SIM1
SIM2
SIM3
SIM4
1
21
22
SIM5
SIM1
SIM2
SIM3
SIM4
1
21
22
SIM5
SIM1
SIM2
SIM3
SIM4
1
21
22
SIM5
SIM1
SIM2
SIM3
SIM4
1
21
22
SIM5
SIM1
SIM2
SIM3
SIM4
1
21
22
SIM5
SIM1
SIM2
SIM3
SIM4
1
21
22
SIM5
SIM1
SIM2
SIM3
SIM4
1
21
22
SIM5
SIM1
SIM2
SIM3
SIM4
1
21
22
SIM5
SIM1
SIM2
SIM3
SIM4
1
21
22
SIM5
SIM1
SIM2
SIM3
SIM4
1
21
22
SIM5
SIM1
SIM2
SIM3
SIM4
1
21
22
SIM5
SIM1
SIM2
SIM3
SIM4
1
21
22
SIM5
SIM1
SIM2
SIM3
SIM4
1
21
22
SIM5
SIM1
SIM2
SIM3
SIM4
1
21
22
SIM5
SIM1
SIM2
SIM3
SIM4
1
21
22
SIM5
SIM1
SIM2
SIM3
SIM4
1
21
22
SIM5
SIM1
SIM2
SIM3
SIM4
1
21
22
SIM5
SIM1
SIM2
SIM3
SIM4
1
21
22
SIM5
SIM1
SIM2
SIM3
SIM4
1
21
22
SIM5
SIM1
SIM2
SIM3
SIM4
1
21
22
SIM5
SIM1
SIM2
SIM3
SIM4
1
21
22
SIM5
SIM1
SIM2
SIM3
SIM4
1
21
22
SIM5
SIM1
SIM2
SIM3
SIM4
1
21
22
SIM5
SIM1
SIM2
SIM3
SIM4
1
21
22
SIM5
SIM1
SIM2
SIM3
SIM4
1
21
22
SIM5
SIM1
SIM2
SIM3
SIM4
1
21
22
SIM5
SIM1
SIM2
SIM3
SIM4
1
21
22
SIM5
SIM1
SIM2
SIM3
SIM4
1
21
22
SIM5
SIM1
SIM2
SIM3
SIM4
1
21
22
SIM5
SIM1
SIM2
SIM3
SIM4
1
21
22
SIM5
SIM1
SIM2
SIM3
SIM4
1
21
22
SIM5
SIM1
SIM2
SIM3
SIM4
1
21
22
SIM5
SIM1
SIM2
SIM3
SIM4
1
21
22
SIM5
SIM1
SIM2
SIM3
SIM4
1
21
22
SIM5
SIM1
SIM2
SIM3
SIM4
1
21
22
SIM5
SIM1
SIM2
SIM3
SIM4
1
21
22
SIM5
SIM1
SIM2
SIM3
SIM4
1
21
22
SIM5
SIM1
SIM2
SIM3
SIM4
1
21
22
SIM5
SIM1
SIM2
SIM3
SIM4
1
21
22
SIM5
SIM1
SIM2
SIM3
SIM4
1
21
22
SIM5
SIM1
SIM2
SIM3
SIM4
1
21
22
SIM5
SIM1
SIM2
SIM3
SIM4
1
21
22
SIM5
SIM1
SIM2
SIM3
SIM4
1
21
22
SIM5
SIM1
SIM2
SIM3
SIM4
1
21
22
SIM5
SIM1
SIM2
SIM3
SIM4
1
21
22
SIM5
SIM1
SIM2
SIM3
SIM4
1
21
22
SIM5
SIM1
SIM2
SIM3
SIM4
1
21
22
SIM5
SIM1
SIM2
SIM3
SIM4
1
21
22
SIM5
SIM1
SIM2
SIM3
SIM4
1
21
22
SIM5
SIM1
SIM2
SIM3
SIM4
1
21
22
SIM5
SIM1
SIM2
SIM3
SIM4
1
21
22
SIM5
SIM1
SIM2
SIM3
SIM4
1
21
22
SIM5
SIM1
SIM2
SIM3
SIM4
1
21
22
SIM5
SIM1
SIM2
SIM3
SIM4
1
21
22
SIM5
SIM1
SIM2
SIM3
SIM4
1
21
22
SIM5
SIM1
SIM2
SIM3
SIM4
1
21
22
SIM5
SIM1
SIM2
SIM3
SIM4
1
21
22
SIM5
SIM1
SIM2
SIM3
SIM4
1
21
22
SIM5
SIM1
SIM2
SIM3
SIM4
1
21
22
SIM5
SIM1
SIM2
SIM3
SIM4
1
21
22
SIM5
SIM1
SIM2
SIM3
SIM4
1
21
22
SIM5
SIM1
SIM2
SIM3
SIM4
1
21
22
SIM5
SIM1
SIM2
SIM3
SIM4
1
21
22
SIM5
SIM1
SIM2
DEBUG 1 983
SIM1
SIM2
SIM3
SIM4
1
21
22
SIM5
SIM1
SIM2
SIM3
SIM4
1
21
22
SIM5
SIM1
SIM2
SIM3
SIM4
1
21
22
SIM5
SIM1
SIM2
SIM3
SIM4
1
21
22
SIM5
SIM1
SIM2
SIM3
SIM4
1
21
22
SIM5
SIM1
SIM2
SIM3
SIM4
1
21
22
SIM5
SIM1
SIM2
SIM3
SIM4
1
21
22
SIM5
SIM1
SIM2
SIM3
SIM4
1
21
22
SIM5
SIM1
SIM2
SIM3
SIM4
1
21
22
SIM5
SIM1
SIM2
SIM3
SIM4
1
21
22
SIM5
SIM1
SIM2
SIM3
SIM4
1
21
22
SIM5
SIM1
SIM2
SIM3
SIM4
1
21
22
SIM5
SIM1
SIM2
SIM3
SIM4
1
21
22
SIM5
SIM1
SIM2
SIM3
SIM4
1
21
22
SIM5
SIM1
SIM2
SIM3
SIM4
1
21
22
SIM5
SIM1
SIM2
SIM3
SIM4
1
21
22
SIM5
SIM1
SIM2
SIM3
SIM4
1
21
22
SIM5
SIM1
SIM2
SIM3
SIM4
1
21
22
SIM5
SIM1
SIM2
SIM3
SIM4
1
21
22
SIM5
SIM1
SIM2
SIM3
SIM4
1
21
22
SIM5
SIM1
SIM2
SIM3
SIM4
1
21
22
SIM5
SIM1
SIM2
SIM3
SIM4
1
21
22
SIM5
SIM1
SIM2
SIM3
SIM4
1
21
22
SIM5
SIM1
SIM2
SIM3
SIM4
1
21
22
SIM5
SIM1
SIM2
SIM3
SIM4
1
21
22
SIM5
SIM1
SIM2
SIM3
SIM4
1
21
22
SIM5
SIM1
SIM2
SIM3
SIM4
1
21
22
SIM5
SIM1
SIM2
SIM3
SIM4
1
21
22
SIM5
SIM1
SIM2
SIM3
SIM4
1
21
22
SIM5
SIM1
SIM2
SIM3
SIM4
1
21
22
SIM5
SIM1
SIM2
SIM3
SIM4
1
21
22
SIM5
SIM1
SIM2
SIM3
SIM4
1
21
22
SIM5
SIM1
SIM2
SIM3
SIM4
1
21
22
SIM5
SIM1
SIM2
SIM3
SIM4
1
21
22
SIM5
SIM1
SIM2
SIM3
SIM4
1
21
22
SIM5
SIM1
SIM2
SIM3
SIM4
1
21
22
SIM5
SIM1
SIM2
SIM3
SIM4
1
21
22
SIM5
SIM1
SIM2
SIM3
SIM4
1
21
22
SIM5
SIM1
SIM2
SIM3
SIM4
1
21
22
SIM5
SIM1
SIM2
SIM3
SIM4
1
21
22
SIM5
SIM1
SIM2
SIM3
SIM4
1
21
22
SIM5
SIM1
SIM2
SIM3
SIM4
1
21
22
SIM5
SIM1
SIM2
SIM3
SIM4
1
21
22
SIM5
SIM1
SIM2
SIM3
SIM4
1
21
22
SIM5
SIM1
SIM2
SIM3
SIM4
1
21
22
SIM5
SIM1
SIM2
SIM3
SIM4
1
21
22
SIM5
SIM1
SIM2
SIM3
SIM4
1
21
22
SIM5
SIM1
SIM2
SIM3
SIM4
1
21
22
SIM5
SIM1
SIM2
SIM3
SIM4
1
21
22
SIM5
SIM1
SIM2
SIM3
SIM4
1
21
22
SIM5
SIM1
SIM2
SIM3
SIM4
1
21
22
SIM5
SIM1
SIM2
SIM3
SIM4
1
21
22
SIM5
SIM1
SIM2
SIM3
SIM4
1
21
22
SIM5
SIM1
SIM2
SIM3
SIM4
1
21
22
SIM5
SIM1
SIM2
SIM3
SIM4
1
21
22
SIM5
SIM1
SIM2
SIM3
SIM4
1
21
22
SIM5
SIM1
SIM2
SIM3
SIM4
1
21
22
SIM5
SIM1
SIM2
SIM3
SIM4
1
21
22
SIM5
SIM1
SIM2
SIM3
SIM4
1
21
22
SIM5
SIM1
SIM2
SIM3
SIM4
1
21
22
SIM5
SIM1
SIM2
SIM3
SIM4
1
21
22
SIM5
SIM1
SIM2
SIM3
SIM4
1
21
22
SIM5
SIM1
SIM2
SIM3
SIM4
1
21
22
SIM5
SIM1
SIM2
SIM3
SIM4
1
21
22
SIM5
SIM1
SIM2
SIM3
SIM4
1
21
22
SIM5
SIM1
SIM2
SIM3
SIM4
1
21
22
SIM5
SIM1
SIM2
SIM3
SIM4
1
21
22
SIM5
SIM1
SIM2
SIM3
SIM4
1
21
22
SIM5
SIM1
SIM2
SIM3
SIM4
1
21
22
SIM5
SIM1
SIM2
SIM3
SIM4
1
21
22
SIM5
SIM1
SIM2
SIM3
SIM4
1
21
22
SIM5
SIM1
SIM2
SIM3
SIM4
1
21
22
SIM5
SIM1
SIM2
SIM3
SIM4
1
21
22
SIM5
SIM1
SIM2
SIM3
SIM4
1
21
22
SIM5
SIM1
SIM2
SIM3
SIM4
1
21
22
SIM5
SIM1
SIM2
SIM3
SIM4
1
21
22
SIM5
SIM1
SIM2
SIM3
SIM4
1
21
22
SIM5
SIM1
SIM2
SIM3
SIM4
1
21
22
SIM5
SIM1
SIM2
SIM3
SIM4
1
21
22
SIM5
SIM1
SIM2
SIM3
SIM4
1
21
22
SIM5
SIM1
SIM2
SIM3
SIM4
1
21
22
SIM5
SIM1
SIM2
SIM3
SIM4
1
21
22
SIM5
SIM1
SIM2
SIM3
SIM4
1
21
22
SIM5
SIM1
SIM2
SIM3
SIM4
1
21
22
SIM5
SIM1
SIM2
SIM3
SIM4
1
21
22
SIM5
SIM1
SIM2
SIM3
SIM4
1
21
22
SIM5
SIM1
SIM2
SIM3
SIM4
1
21
22
SIM5
SIM1
SIM2
SIM3
SIM4
1
21
22
SIM5
SIM1
SIM2
SIM3
SIM4
1
21
22
SIM5
SIM1
SIM2
SIM3
SIM4
1
21
22
SIM5
SIM1
SIM2
SIM3
SIM4
1
21
22
SIM5
SIM1
SIM2
SIM3
SIM4
1
21
22
SIM5
SIM1
SIM2
SIM3
SIM4
1
21
22
SIM5
SIM1
SIM2
SIM3
SIM4
1
21
22
SIM5
SIM1
SIM2
SIM3
SIM4
1
21
22
SIM5
SIM1
SIM2
SIM3
SIM4
1
21
22
SIM5
SIM1
SIM2
SIM3
SIM4
1
21
22
SIM5
SIM1
SIM2
SIM3
SIM4
1
21
22
SIM5
SIM1
SIM2
SIM3
SIM4
1
21
22
SIM5
SIM1
SIM2
SIM3
SIM4
1
21
22
SIM5
SIM1
SIM2
SIM3
SIM4
1
21
22
SIM5
SIM1
SIM2
SIM3
SIM4
1
21
22
SIM5
SIM1
SIM2
SIM3
SIM4
1
21
22
SIM5
SIM1
SIM2
SIM3
SIM4
1
21
22
SIM5
SIM1
SIM2
SIM3
SIM4
1
21
22
SIM5
SIM1
SIM2
SIM3
SIM4
1
21
22
SIM5
SIM1
SIM2
SIM3
SIM4
1
21
22
SIM5
SIM1
SIM2
SIM3
SIM4
1
21
22
SIM5
SIM1
SIM2
SIM3
SIM4
1
21
22
SIM5
SIM1
SIM2
SIM3
SIM4
1
21
22
SIM5
SIM1
SIM2
SIM3
SIM4
1
21
22
SIM5
SIM1
SIM2
SIM3
SIM4
1
21
22
SIM5
SIM1
SIM2
SIM3
SIM4
1
21
22
SIM5
SIM1
SIM2
SIM3
SIM4
1
21
22
SIM5
SIM1
SIM2
SIM3
SIM4
1
21
22
SIM5
SIM1
SIM2
SIM3
SIM4
1
21
22
SIM5
SIM1
SIM2
SIM3
SIM4
1
21
22
SIM5
SIM1
SIM2
SIM3
SIM4
1
21
22
SIM5
SIM1
SIM2
SIM3
SIM4
1
21
22
SIM5
SIM1
SIM2
SIM3
SIM4
1
21
22
SIM5
SIM1
SIM2
SIM3
SIM4
1
21
22
SIM5
SIM1
SIM2
SIM3
SIM4
1
21
22
SIM5
SIM1
SIM2
SIM3
SIM4
1
21
22
SIM5
SIM1
SIM2
SIM3
SIM4
1
21
22
SIM5
SIM1
SIM2
SIM3
SIM4
1
21
22
SIM5
SIM1
SIM2
SIM3
SIM4
1
21
22
SIM5
SIM1
SIM2
SIM3
SIM4
1
21
22
SIM5
SIM1
SIM2
SIM3
SIM4
1
21
22
SIM5
SIM1
SIM2
SIM3
SIM4
1
21
22
SIM5
SIM1
SIM2
SIM3
SIM4
1
21
22
SIM5
SIM1
SIM2
SIM3
SIM4
1
21
22
SIM5
SIM1
SIM2
SIM3
SIM4
1
21
22
SIM5
SIM1
SIM2
SIM3
SIM4
1
21
22
SIM5
SIM1
SIM2
SIM3
SIM4
1
21
22
SIM5
SIM1
SIM2
SIM3
SIM4
1
21
22
SIM5
SIM1
SIM2
SIM3
SIM4
1
21
22
SIM5
SIM1
SIM2
SIM3
SIM4
1
21
22
SIM5
SIM1
SIM2
SIM3
SIM4
1
21
22
SIM5
SIM1
SIM2
SIM3
SIM4
1
21
22
SIM5
SIM1
SIM2
SIM3
SIM4
1
21
22
SIM5
SIM1
SIM2
SIM3
SIM4
1
21
22
SIM5
SIM1
SIM2
SIM3
SIM4
1
21
22
SIM5
SIM1
SIM2
SIM3
SIM4
1
21
22
SIM5
SIM1
SIM2
SIM3
SIM4
1
21
22
SIM5
SIM1
SIM2
SIM3
SIM4
1
21
22
SIM5
SIM1
SIM2
SIM3
SIM4
1
21
22
SIM5
SIM1
SIM2
SIM3
SIM4
1
21
22
SIM5
SIM1
SIM2
SIM3
SIM4
1
21
22
SIM5
SIM1
SIM2
SIM3
SIM4
1
21
22
SIM5
SIM1
SIM2
SIM3
SIM4
1
21
22
SIM5
SIM1
SIM2
SIM3
SIM4
1
21
22
SIM5
SIM1
SIM2
SIM3
SIM4
1
21
22
SIM5
SIM1
SIM2
SIM3
SIM4
1
21
22
SIM5
SIM1
SIM2
SIM3
SIM4
1
21
22
SIM5
SIM1
SIM2
SIM3
SIM4
1
21
22
SIM5
SIM1
SIM2
SIM3
SIM4
1
21
22
SIM5
SIM1
SIM2
SIM3
SIM4
1
21
22
SIM5
SIM1
SIM2
SIM3
SIM4
1
21
22
SIM5
SIM1
SIM2
SIM3
SIM4
1
21
22
SIM5
SIM1
SIM2
SIM3
SIM4
1
21
22
SIM5
SIM1
SIM2
SIM3
SIM4
1
21
22
SIM5
SIM1
SIM2
SIM3
SIM4
1
21
22
SIM5
SIM1
SIM2
SIM3
SIM4
1
21
22
SIM5
SIM1
SIM2
SIM3
SIM4
1
21
22
SIM5
SIM1
SIM2
SIM3
SIM4
1
21
22
SIM5
SIM1
SIM2
SIM3
SIM4
1
21
22
SIM5
SIM1
SIM2
SIM3
SIM4
1
21
22
SIM5
SIM1
SIM2
SIM3
SIM4
1
21
22
SIM5
SIM1
SIM2
SIM3
SIM4
1
21
22
SIM5
SIM1
SIM2
SIM3
SIM4
1
21
22
SIM5
SIM1
SIM2
SIM3
SIM4
1
21
22
SIM5
SIM1
SIM2
SIM3
SIM4
1
21
22
SIM5
SIM1
SIM2
SIM3
SIM4
1
21
22
SIM5
SIM1
SIM2
SIM3
SIM4
1
21
22
SIM5
SIM1
SIM2
SIM3
SIM4
1
21
22
SIM5
SIM1
SIM2
SIM3
SIM4
1
21
22
SIM5
SIM1
SIM2
SIM3
SIM4
1
21
22
SIM5
SIM1
SIM2
SIM3
SIM4
1
21
22
SIM5
SIM1
SIM2
SIM3
SIM4
1
21
22
SIM5
SIM1
SIM2
SIM3
SIM4
1
21
22
SIM5
SIM1
SIM2
SIM3
SIM4
1
21
22
SIM5
SIM1
SIM2
SIM3
SIM4
1
21
22
SIM5
SIM1
SIM2
SIM3
SIM4
1
21
22
SIM5
SIM1
SIM2
SIM3
SIM4
1
21
22
SIM5
SIM1
SIM2
SIM3
SIM4
1
21
22
SIM5
SIM1
SIM2
SIM3
SIM4
1
21
22
SIM5
SIM1
SIM2
SIM3
SIM4
1
21
22
SIM5
SIM1
SIM2
SIM3
SIM4
1
21
22
SIM5
SIM1
SIM2
SIM3
SIM4
1
21
22
SIM5
SIM1
SIM2
SIM3
SIM4
1
21
22
SIM5
SIM1
SIM2
SIM3
SIM4
1
21
22
SIM5
SIM1
SIM2
SIM3
SIM4
1
21
22
SIM5
SIM1
SIM2
SIM3
SIM4
1
21
22
SIM5
SIM1
SIM2
DEBUG 1 984
SIM1
SIM2
SIM3
SIM4
1
21
22
SIM5
SIM1
SIM2
SIM3
SIM4
1
21
22
SIM5
SIM1
SIM2
SIM3
SIM4
1
21
22
SIM5
SIM1
SIM2
SIM3
SIM4
1
21
22
SIM5
SIM1
SIM2
SIM3
SIM4
1
21
22
SIM5
SIM1
SIM2
SIM3
SIM4
1
21
22
SIM5
SIM1
SIM2
SIM3
SIM4
1
21
22
SIM5
SIM1
SIM2
SIM3
SIM4
1
21
22
SIM5
SIM1
SIM2
SIM3
SIM4
1
21
22
SIM5
SIM1
SIM2
SIM3
SIM4
1
21
22
SIM5
SIM1
SIM2
SIM3
SIM4
1
21
22
SIM5
SIM1
SIM2
SIM3
SIM4
1
21
22
SIM5
SIM1
SIM2
SIM3
SIM4
1
21
22
SIM5
SIM1
SIM2
SIM3
SIM4
1
21
22
SIM5
SIM1
SIM2
SIM3
SIM4
1
21
22
SIM5
SIM1
SIM2
SIM3
SIM4
1
21
22
SIM5
SIM1
SIM2
SIM3
SIM4
1
21
22
SIM5
SIM1
SIM2
SIM3
SIM4
1
21
22
SIM5
SIM1
SIM2
SIM3
SIM4
1
21
22
SIM5
SIM1
SIM2
SIM3
SIM4
1
21
22
SIM5
SIM1
SIM2
SIM3
SIM4
1
21
22
SIM5
SIM1
SIM2
SIM3
SIM4
1
21
22
SIM5
SIM1
SIM2
SIM3
SIM4
1
21
22
SIM5
SIM1
SIM2
SIM3
SIM4
1
21
22
SIM5
SIM1
SIM2
SIM3
SIM4
1
21
22
SIM5
SIM1
SIM2
SIM3
SIM4
1
21
22
SIM5
SIM1
SIM2
SIM3
SIM4
1
21
22
SIM5
SIM1
SIM2
SIM3
SIM4
1
21
22
SIM5
SIM1
SIM2
SIM3
SIM4
1
21
22
SIM5
SIM1
SIM2
SIM3
SIM4
1
21
22
SIM5
SIM1
SIM2
SIM3
SIM4
1
21
22
SIM5
SIM1
SIM2
SIM3
SIM4
1
21
22
SIM5
SIM1
SIM2
SIM3
SIM4
1
21
22
SIM5
SIM1
SIM2
SIM3
SIM4
1
21
22
SIM5
SIM1
SIM2
SIM3
SIM4
1
21
22
SIM5
SIM1
SIM2
SIM3
SIM4
1
21
22
SIM5
SIM1
SIM2
SIM3
SIM4
1
21
22
SIM5
SIM1
SIM2
SIM3
SIM4
1
21
22
SIM5
SIM1
SIM2
SIM3
SIM4
1
21
22
SIM5
SIM1
SIM2
SIM3
SIM4
1
21
22
SIM5
SIM1
SIM2
SIM3
SIM4
1
21
22
SIM5
SIM1
SIM2
SIM3
SIM4
1
21
22
SIM5
SIM1
SIM2
SIM3
SIM4
1
21
22
SIM5
SIM1
SIM2
SIM3
SIM4
1
21
22
SIM5
SIM1
SIM2
SIM3
SIM4
1
21
22
SIM5
SIM1
SIM2
SIM3
SIM4
1
21
22
SIM5
SIM1
SIM2
SIM3
SIM4
1
21
22
SIM5
SIM1
SIM2
SIM3
SIM4
1
21
22
SIM5
SIM1
SIM2
SIM3
SIM4
1
21
22
SIM5
SIM1
SIM2
SIM3
SIM4
1
21
22
SIM5
SIM1
SIM2
SIM3
SIM4
1
21
22
SIM5
SIM1
SIM2
SIM3
SIM4
1
21
22
SIM5
SIM1
SIM2
SIM3
SIM4
1
21
22
SIM5
SIM1
SIM2
SIM3
SIM4
1
21
22
SIM5
SIM1
SIM2
SIM3
SIM4
1
21
22
SIM5
SIM1
SIM2
SIM3
SIM4
1
21
22
SIM5
SIM1
SIM2
SIM3
SIM4
1
21
22
SIM5
SIM1
SIM2
SIM3
SIM4
1
21
22
SIM5
SIM1
SIM2
SIM3
SIM4
1
21
22
SIM5
SIM1
SIM2
SIM3
SIM4
1
21
22
SIM5
SIM1
SIM2
SIM3
SIM4
1
21
22
SIM5
SIM1
SIM2
SIM3
SIM4
1
21
22
SIM5
SIM1
SIM2
SIM3
SIM4
1
21
22
SIM5
SIM1
SIM2
SIM3
SIM4
1
21
22
SIM5
SIM1
SIM2
SIM3
SIM4
1
21
22
SIM5
SIM1
SIM2
SIM3
SIM4
1
21
22
SIM5
SIM1
SIM2
SIM3
SIM4
1
21
22
SIM5
SIM1
SIM2
SIM3
SIM4
1
21
22
SIM5
SIM1
SIM2
SIM3
SIM4
1
21
22
SIM5
SIM1
SIM2
SIM3
SIM4
1
21
22
SIM5
SIM1
SIM2
SIM3
SIM4
1
21
22
SIM5
SIM1
SIM2
SIM3
SIM4
1
21
22
SIM5
SIM1
SIM2
SIM3
SIM4
1
21
22
SIM5
SIM1
SIM2
SIM3
SIM4
1
21
22
SIM5
SIM1
SIM2
SIM3
SIM4
1
21
22
SIM5
SIM1
SIM2
SIM3
SIM4
1
21
22
SIM5
SIM1
SIM2
SIM3
SIM4
1
21
22
SIM5
SIM1
SIM2
SIM3
SIM4
1
21
22
SIM5
SIM1
SIM2
SIM3
SIM4
1
21
22
SIM5
SIM1
SIM2
SIM3
SIM4
1
21
22
SIM5
SIM1
SIM2
SIM3
SIM4
1
21
22
SIM5
SIM1
SIM2
SIM3
SIM4
1
21
22
SIM5
SIM1
SIM2
SIM3
SIM4
1
21
22
SIM5
SIM1
SIM2
SIM3
SIM4
1
21
22
SIM5
SIM1
SIM2
SIM3
SIM4
1
21
22
SIM5
SIM1
SIM2
SIM3
SIM4
1
21
22
SIM5
SIM1
SIM2
SIM3
SIM4
1
21
22
SIM5
SIM1
SIM2
SIM3
SIM4
1
21
22
SIM5
SIM1
SIM2
SIM3
SIM4
1
21
22
SIM5
SIM1
SIM2
SIM3
SIM4
1
21
22
SIM5
SIM1
SIM2
SIM3
SIM4
1
21
22
SIM5
SIM1
SIM2
SIM3
SIM4
1
21
22
SIM5
SIM1
SIM2
SIM3
SIM4
1
21
22
SIM5
SIM1
SIM2
SIM3
SIM4
1
21
22
SIM5
SIM1
SIM2
SIM3
SIM4
1
21
22
SIM5
SIM1
SIM2
SIM3
SIM4
1
21
22
SIM5
SIM1
SIM2
SIM3
SIM4
1
21
22
SIM5
SIM1
SIM2
SIM3
SIM4
1
21
22
SIM5
SIM1
SIM2
SIM3
SIM4
1
21
22
SIM5
SIM1
SIM2
SIM3
SIM4
1
21
22
SIM5
SIM1
SIM2
SIM3
SIM4
1
21
22
SIM5
SIM1
SIM2
SIM3
SIM4
1
21
22
SIM5
SIM1
SIM2
SIM3
SIM4
1
21
22
SIM5
SIM1
SIM2
SIM3
SIM4
1
21
22
SIM5
SIM1
SIM2
SIM3
SIM4
1
21
22
SIM5
SIM1
SIM2
SIM3
SIM4
1
21
22
SIM5
SIM1
SIM2
SIM3
SIM4
1
21
22
SIM5
SIM1
SIM2
SIM3
SIM4
1
21
22
SIM5
SIM1
SIM2
SIM3
SIM4
1
21
22
SIM5
SIM1
SIM2
SIM3
SIM4
1
21
22
SIM5
SIM1
SIM2
SIM3
SIM4
1
21
22
SIM5
SIM1
SIM2
SIM3
SIM4
1
21
22
SIM5
SIM1
SIM2
SIM3
SIM4
1
21
22
SIM5
SIM1
SIM2
SIM3
SIM4
1
21
22
SIM5
SIM1
SIM2
SIM3
SIM4
1
21
22
SIM5
SIM1
SIM2
SIM3
SIM4
1
21
22
SIM5
SIM1
SIM2
SIM3
SIM4
1
21
22
SIM5
SIM1
SIM2
SIM3
SIM4
1
21
22
SIM5
SIM1
SIM2
SIM3
SIM4
1
21
22
SIM5
SIM1
SIM2
SIM3
SIM4
1
21
22
SIM5
SIM1
SIM2
SIM3
SIM4
1
21
22
SIM5
SIM1
SIM2
SIM3
SIM4
1
21
22
SIM5
SIM1
SIM2
SIM3
SIM4
1
21
22
SIM5
SIM1
SIM2
SIM3
SIM4
1
21
22
SIM5
SIM1
SIM2
SIM3
SIM4
1
21
22
SIM5
SIM1
SIM2
SIM3
SIM4
1
21
22
SIM5
SIM1
SIM2
SIM3
SIM4
1
21
22
SIM5
SIM1
SIM2
SIM3
SIM4
1
21
22
SIM5
SIM1
SIM2
SIM3
SIM4
1
21
22
SIM5
SIM1
SIM2
SIM3
SIM4
1
21
22
SIM5
SIM1
SIM2
SIM3
SIM4
1
21
22
SIM5
SIM1
SIM2
SIM3
SIM4
1
21
22
SIM5
SIM1
SIM2
SIM3
SIM4
1
21
22
SIM5
SIM1
SIM2
SIM3
SIM4
1
21
22
SIM5
SIM1
SIM2
SIM3
SIM4
1
21
22
SIM5
SIM1
SIM2
SIM3
SIM4
1
21
22
SIM5
SIM1
SIM2
SIM3
SIM4
1
21
22
SIM5
SIM1
SIM2
SIM3
SIM4
1
21
22
SIM5
SIM1
SIM2
SIM3
SIM4
1
21
22
SIM5
SIM1
SIM2
SIM3
SIM4
1
21
22
SIM5
SIM1
SIM2
SIM3
SIM4
1
21
22
SIM5
SIM1
SIM2
SIM3
SIM4
1
21
22
SIM5
SIM1
SIM2
SIM3
SIM4
1
21
22
SIM5
SIM1
SIM2
SIM3
SIM4
1
21
22
SIM5
SIM1
SIM2
SIM3
SIM4
1
21
22
SIM5
SIM1
SIM2
SIM3
SIM4
1
21
22
SIM5
SIM1
SIM2
SIM3
SIM4
1
21
22
SIM5
SIM1
SIM2
SIM3
SIM4
1
21
22
SIM5
SIM1
SIM2
SIM3
SIM4
1
21
22
SIM5
SIM1
SIM2
SIM3
SIM4
1
21
22
SIM5
SIM1
SIM2
SIM3
SIM4
1
21
22
SIM5
SIM1
SIM2
SIM3
SIM4
1
21
22
SIM5
SIM1
SIM2
SIM3
SIM4
1
21
22
SIM5
SIM1
SIM2
SIM3
SIM4
1
21
22
SIM5
SIM1
SIM2
SIM3
SIM4
1
21
22
SIM5
SIM1
SIM2
SIM3
SIM4
1
21
22
SIM5
SIM1
SIM2
SIM3
SIM4
1
21
22
SIM5
SIM1
SIM2
SIM3
SIM4
1
21
22
SIM5
SIM1
SIM2
SIM3
SIM4
1
21
22
SIM5
SIM1
SIM2
SIM3
SIM4
1
21
22
SIM5
SIM1
SIM2
SIM3
SIM4
1
21
22
SIM5
SIM1
SIM2
SIM3
SIM4
1
21
22
SIM5
SIM1
SIM2
SIM3
SIM4
1
21
22
SIM5
SIM1
SIM2
SIM3
SIM4
1
21
22
SIM5
SIM1
SIM2
SIM3
SIM4
1
21
22
SIM5
SIM1
SIM2
SIM3
SIM4
1
21
22
SIM5
SIM1
SIM2
SIM3
SIM4
1
21
22
SIM5
SIM1
SIM2
SIM3
SIM4
1
21
22
SIM5
SIM1
SIM2
SIM3
SIM4
1
21
22
SIM5
SIM1
SIM2
SIM3
SIM4
1
21
22
SIM5
SIM1
SIM2
SIM3
SIM4
1
21
22
SIM5
SIM1
SIM2
SIM3
SIM4
1
21
22
SIM5
SIM1
SIM2
SIM3
SIM4
1
21
22
SIM5
SIM1
SIM2
SIM3
SIM4
1
21
22
SIM5
SIM1
SIM2
SIM3
SIM4
1
21
22
SIM5
SIM1
SIM2
SIM3
SIM4
1
21
22
SIM5
SIM1
SIM2
SIM3
SIM4
1
21
22
SIM5
SIM1
SIM2
SIM3
SIM4
1
21
22
SIM5
SIM1
SIM2
SIM3
SIM4
1
21
22
SIM5
SIM1
SIM2
SIM3
SIM4
1
21
22
SIM5
SIM1
SIM2
SIM3
SIM4
1
21
22
SIM5
SIM1
SIM2
SIM3
SIM4
1
21
22
SIM5
SIM1
SIM2
SIM3
SIM4
1
21
22
SIM5
SIM1
SIM2
SIM3
SIM4
1
21
22
SIM5
SIM1
SIM2
SIM3
SIM4
1
21
22
SIM5
SIM1
SIM2
DEBUG 1 985
SIM1
SIM2
SIM3
SIM4
1
21
22
SIM5
SIM1
SIM2
SIM3
SIM4
1
21
22
SIM5
SIM1
SIM2
SIM3
SIM4
1
21
22
SIM5
SIM1
SIM2
SIM3
SIM4
1
21
22
SIM5
SIM1
SIM2
SIM3
SIM4
1
21
22
SIM5
SIM1
SIM2
SIM3
SIM4
1
21
22
SIM5
SIM1
SIM2
SIM3
SIM4
1
21
22
SIM5
SIM1
SIM2
SIM3
SIM4
1
21
22
SIM5
SIM1
SIM2
SIM3
SIM4
1
21
22
SIM5
SIM1
SIM2
SIM3
SIM4
1
21
22
SIM5
SIM1
SIM2
SIM3
SIM4
1
21
22
SIM5
SIM1
SIM2
SIM3
SIM4
1
21
22
SIM5
SIM1
SIM2
SIM3
SIM4
1
21
22
SIM5
SIM1
SIM2
SIM3
SIM4
1
21
22
SIM5
SIM1
SIM2
SIM3
SIM4
1
21
22
SIM5
SIM1
SIM2
SIM3
SIM4
1
21
22
SIM5
SIM1
SIM2
SIM3
SIM4
1
21
22
SIM5
SIM1
SIM2
SIM3
SIM4
1
21
22
SIM5
SIM1
SIM2
SIM3
SIM4
1
21
22
SIM5
SIM1
SIM2
SIM3
SIM4
1
21
22
SIM5
SIM1
SIM2
SIM3
SIM4
1
21
22
SIM5
SIM1
SIM2
SIM3
SIM4
1
21
22
SIM5
SIM1
SIM2
SIM3
SIM4
1
21
22
SIM5
SIM1
SIM2
SIM3
SIM4
1
21
22
SIM5
SIM1
SIM2
SIM3
SIM4
1
21
22
SIM5
SIM1
SIM2
SIM3
SIM4
1
21
22
SIM5
SIM1
SIM2
SIM3
SIM4
1
21
22
SIM5
SIM1
SIM2
SIM3
SIM4
1
21
22
SIM5
SIM1
SIM2
SIM3
SIM4
1
21
22
SIM5
SIM1
SIM2
SIM3
SIM4
1
21
22
SIM5
SIM1
SIM2
SIM3
SIM4
1
21
22
SIM5
SIM1
SIM2
SIM3
SIM4
1
21
22
SIM5
SIM1
SIM2
SIM3
SIM4
1
21
22
SIM5
SIM1
SIM2
SIM3
SIM4
1
21
22
SIM5
SIM1
SIM2
SIM3
SIM4
1
21
22
SIM5
SIM1
SIM2
SIM3
SIM4
1
21
22
SIM5
SIM1
SIM2
SIM3
SIM4
1
21
22
SIM5
SIM1
SIM2
SIM3
SIM4
1
21
22
SIM5
SIM1
SIM2
SIM3
SIM4
1
21
22
SIM5
SIM1
SIM2
SIM3
SIM4
1
21
22
SIM5
SIM1
SIM2
SIM3
SIM4
1
21
22
SIM5
SIM1
SIM2
SIM3
SIM4
1
21
22
SIM5
SIM1
SIM2
SIM3
SIM4
1
21
22
SIM5
SIM1
SIM2
SIM3
SIM4
1
21
22
SIM5
SIM1
SIM2
SIM3
SIM4
1
21
22
SIM5
SIM1
SIM2
SIM3
SIM4
1
21
22
SIM5
SIM1
SIM2
SIM3
SIM4
1
21
22
SIM5
SIM1
SIM2
SIM3
SIM4
1
21
22
SIM5
SIM1
SIM2
SIM3
SIM4
1
21
22
SIM5
SIM1
SIM2
SIM3
SIM4
1
21
22
SIM5
SIM1
SIM2
SIM3
SIM4
1
21
22
SIM5
SIM1
SIM2
SIM3
SIM4
1
21
22
SIM5
SIM1
SIM2
SIM3
SIM4
1
21
22
SIM5
SIM1
SIM2
SIM3
SIM4
1
21
22
SIM5
SIM1
SIM2
SIM3
SIM4
1
21
22
SIM5
SIM1
SIM2
SIM3
SIM4
1
21
22
SIM5
SIM1
SIM2
SIM3
SIM4
1
21
22
SIM5
SIM1
SIM2
SIM3
SIM4
1
21
22
SIM5
SIM1
SIM2
SIM3
SIM4
1
21
22
SIM5
SIM1
SIM2
SIM3
SIM4
1
21
22
SIM5
SIM1
SIM2
SIM3
SIM4
1
21
22
SIM5
SIM1
SIM2
SIM3
SIM4
1
21
22
SIM5
SIM1
SIM2
SIM3
SIM4
1
21
22
SIM5
SIM1
SIM2
SIM3
SIM4
1
21
22
SIM5
SIM1
SIM2
SIM3
SIM4
1
21
22
SIM5
SIM1
SIM2
SIM3
SIM4
1
21
22
SIM5
SIM1
SIM2
SIM3
SIM4
1
21
22
SIM5
SIM1
SIM2
SIM3
SIM4
1
21
22
SIM5
SIM1
SIM2
SIM3
SIM4
1
21
22
SIM5
SIM1
SIM2
SIM3
SIM4
1
21
22
SIM5
SIM1
SIM2
SIM3
SIM4
1
21
22
SIM5
SIM1
SIM2
SIM3
SIM4
1
21
22
SIM5
SIM1
SIM2
SIM3
SIM4
1
21
22
SIM5
SIM1
SIM2
SIM3
SIM4
1
21
22
SIM5
SIM1
SIM2
SIM3
SIM4
1
21
22
SIM5
SIM1
SIM2
SIM3
SIM4
1
21
22
SIM5
SIM1
SIM2
SIM3
SIM4
1
21
22
SIM5
SIM1
SIM2
SIM3
SIM4
1
21
22
SIM5
SIM1
SIM2
SIM3
SIM4
1
21
22
SIM5
SIM1
SIM2
SIM3
SIM4
1
21
22
SIM5
SIM1
SIM2
SIM3
SIM4
1
21
22
SIM5
SIM1
SIM2
SIM3
SIM4
1
21
22
SIM5
SIM1
SIM2
SIM3
SIM4
1
21
22
SIM5
SIM1
SIM2
SIM3
SIM4
1
21
22
SIM5
SIM1
SIM2
SIM3
SIM4
1
21
22
SIM5
SIM1
SIM2
SIM3
SIM4
1
21
22
SIM5
SIM1
SIM2
SIM3
SIM4
1
21
22
SIM5
SIM1
SIM2
SIM3
SIM4
1
21
22
SIM5
SIM1
SIM2
SIM3
SIM4
1
21
22
SIM5
SIM1
SIM2
SIM3
SIM4
1
21
22
SIM5
SIM1
SIM2
SIM3
SIM4
1
21
22
SIM5
SIM1
SIM2
SIM3
SIM4
1
21
22
SIM5
SIM1
SIM2
SIM3
SIM4
1
21
22
SIM5
SIM1
SIM2
SIM3
SIM4
1
21
22
SIM5
SIM1
SIM2
SIM3
SIM4
1
21
22
SIM5
SIM1
SIM2
SIM3
SIM4
1
21
22
SIM5
SIM1
SIM2
SIM3
SIM4
1
21
22
SIM5
SIM1
SIM2
SIM3
SIM4
1
21
22
SIM5
SIM1
SIM2
SIM3
SIM4
1
21
22
SIM5
SIM1
SIM2
SIM3
SIM4
1
21
22
SIM5
SIM1
SIM2
SIM3
SIM4
1
21
22
SIM5
SIM1
SIM2
SIM3
SIM4
1
21
22
SIM5
SIM1
SIM2
SIM3
SIM4
1
21
22
SIM5
SIM1
SIM2
SIM3
SIM4
1
21
22
SIM5
SIM1
SIM2
SIM3
SIM4
1
21
22
SIM5
SIM1
SIM2
SIM3
SIM4
1
21
22
SIM5
SIM1
SIM2
SIM3
SIM4
1
21
22
SIM5
SIM1
SIM2
SIM3
SIM4
1
21
22
SIM5
SIM1
SIM2
SIM3
SIM4
1
21
22
SIM5
SIM1
SIM2
SIM3
SIM4
1
21
22
SIM5
SIM1
SIM2
SIM3
SIM4
1
21
22
SIM5
SIM1
SIM2
SIM3
SIM4
1
21
22
SIM5
SIM1
SIM2
SIM3
SIM4
1
21
22
SIM5
SIM1
SIM2
SIM3
SIM4
1
21
22
SIM5
SIM1
SIM2
DEBUG 1 986
SIM1
SIM2
SIM3
SIM4
1
21
22
SIM5
SIM1
SIM2
SIM3
SIM4
1
21
22
SIM5
SIM1
SIM2
SIM3
SIM4
1
21
22
SIM5
SIM1
SIM2
SIM3
SIM4
1
21
22
SIM5
SIM1
SIM2
SIM3
SIM4
1
21
22
SIM5
SIM1
SIM2
SIM3
SIM4
1
21
22
SIM5
SIM1
SIM2
SIM3
SIM4
1
21
22
SIM5
SIM1
SIM2
SIM3
SIM4
1
21
22
SIM5
SIM1
SIM2
SIM3
SIM4
1
21
22
SIM5
SIM1
SIM2
SIM3
SIM4
1
21
22
SIM5
SIM1
SIM2
SIM3
SIM4
1
21
22
SIM5
SIM1
SIM2
SIM3
SIM4
1
21
22
SIM5
SIM1
SIM2
SIM3
SIM4
1
21
22
SIM5
SIM1
SIM2
SIM3
SIM4
1
21
22
SIM5
SIM1
SIM2
SIM3
SIM4
1
21
22
SIM5
SIM1
SIM2
SIM3
SIM4
1
21
22
SIM5
SIM1
SIM2
SIM3
SIM4
1
21
22
SIM5
SIM1
SIM2
SIM3
SIM4
1
21
22
SIM5
SIM1
SIM2
SIM3
SIM4
1
21
22
SIM5
SIM1
SIM2
SIM3
SIM4
1
21
22
SIM5
SIM1
SIM2
SIM3
SIM4
1
21
22
SIM5
SIM1
SIM2
SIM3
SIM4
1
21
22
SIM5
SIM1
SIM2
SIM3
SIM4
1
21
22
SIM5
SIM1
SIM2
SIM3
SIM4
1
21
22
SIM5
SIM1
SIM2
SIM3
SIM4
1
21
22
SIM5
SIM1
SIM2
SIM3
SIM4
1
21
22
SIM5
SIM1
SIM2
SIM3
SIM4
1
21
22
SIM5
SIM1
SIM2
SIM3
SIM4
1
21
22
SIM5
SIM1
SIM2
SIM3
SIM4
1
21
22
SIM5
SIM1
SIM2
SIM3
SIM4
1
21
22
SIM5
SIM1
SIM2
SIM3
SIM4
1
21
22
SIM5
SIM1
SIM2
SIM3
SIM4
1
21
22
SIM5
SIM1
SIM2
SIM3
SIM4
1
21
22
SIM5
SIM1
SIM2
SIM3
SIM4
1
21
22
SIM5
SIM1
SIM2
SIM3
SIM4
1
21
22
SIM5
SIM1
SIM2
SIM3
SIM4
1
21
22
SIM5
SIM1
SIM2
SIM3
SIM4
1
21
22
SIM5
SIM1
SIM2
SIM3
SIM4
1
21
22
SIM5
SIM1
SIM2
SIM3
SIM4
1
21
22
SIM5
SIM1
SIM2
SIM3
SIM4
1
21
22
SIM5
SIM1
SIM2
SIM3
SIM4
1
21
22
SIM5
SIM1
SIM2
SIM3
SIM4
1
21
22
SIM5
SIM1
SIM2
SIM3
SIM4
1
21
22
SIM5
SIM1
SIM2
SIM3
SIM4
1
21
22
SIM5
SIM1
SIM2
SIM3
SIM4
1
21
22
SIM5
SIM1
SIM2
SIM3
SIM4
1
21
22
SIM5
SIM1
SIM2
SIM3
SIM4
1
21
22
SIM5
SIM1
SIM2
SIM3
SIM4
1
21
22
SIM5
SIM1
SIM2
SIM3
SIM4
1
21
22
SIM5
SIM1
SIM2
SIM3
SIM4
1
21
22
SIM5
SIM1
SIM2
SIM3
SIM4
1
21
22
SIM5
SIM1
SIM2
SIM3
SIM4
1
21
22
SIM5
SIM1
SIM2
SIM3
SIM4
1
21
22
SIM5
SIM1
SIM2
SIM3
SIM4
1
21
22
SIM5
SIM1
SIM2
SIM3
SIM4
1
21
22
SIM5
SIM1
SIM2
SIM3
SIM4
1
21
22
SIM5
SIM1
SIM2
SIM3
SIM4
1
21
22
SIM5
SIM1
SIM2
SIM3
SIM4
1
21
22
SIM5
SIM1
SIM2
SIM3
SIM4
1
21
22
SIM5
SIM1
SIM2
SIM3
SIM4
1
21
22
SIM5
SIM1
SIM2
SIM3
SIM4
1
21
22
SIM5
SIM1
SIM2
SIM3
SIM4
1
21
22
SIM5
SIM1
SIM2
SIM3
SIM4
1
21
22
SIM5
SIM1
SIM2
SIM3
SIM4
1
21
22
SIM5
SIM1
SIM2
SIM3
SIM4
1
21
22
SIM5
SIM1
SIM2
SIM3
SIM4
1
21
22
SIM5
SIM1
SIM2
SIM3
SIM4
1
21
22
SIM5
SIM1
SIM2
SIM3
SIM4
1
21
22
SIM5
SIM1
SIM2
SIM3
SIM4
1
21
22
SIM5
SIM1
SIM2
SIM3
SIM4
1
21
22
SIM5
SIM1
SIM2
SIM3
SIM4
1
21
22
SIM5
SIM1
SIM2
SIM3
SIM4
1
21
22
SIM5
SIM1
SIM2
SIM3
SIM4
1
21
22
SIM5
SIM1
SIM2
SIM3
SIM4
1
21
22
SIM5
SIM1
SIM2
SIM3
SIM4
1
21
22
SIM5
SIM1
SIM2
SIM3
SIM4
1
21
22
SIM5
SIM1
SIM2
SIM3
SIM4
1
21
22
SIM5
SIM1
SIM2
SIM3
SIM4
1
21
22
SIM5
SIM1
SIM2
SIM3
SIM4
1
21
22
SIM5
SIM1
SIM2
SIM3
SIM4
1
21
22
SIM5
SIM1
SIM2
SIM3
SIM4
1
21
22
SIM5
SIM1
SIM2
SIM3
SIM4
1
21
22
SIM5
SIM1
SIM2
SIM3
SIM4
1
21
22
SIM5
SIM1
SIM2
SIM3
SIM4
1
21
22
SIM5
SIM1
SIM2
SIM3
SIM4
1
21
22
SIM5
SIM1
SIM2
SIM3
SIM4
1
21
22
SIM5
SIM1
SIM2
SIM3
SIM4
1
21
22
SIM5
SIM1
SIM2
SIM3
SIM4
1
21
22
SIM5
SIM1
SIM2
SIM3
SIM4
1
21
22
SIM5
SIM1
SIM2
SIM3
SIM4
1
21
22
SIM5
SIM1
SIM2
SIM3
SIM4
1
21
22
SIM5
SIM1
SIM2
SIM3
SIM4
1
21
22
SIM5
SIM1
SIM2
SIM3
SIM4
1
21
22
SIM5
SIM1
SIM2
SIM3
SIM4
1
21
22
SIM5
SIM1
SIM2
SIM3
SIM4
1
21
22
SIM5
SIM1
SIM2
SIM3
SIM4
1
21
22
SIM5
SIM1
SIM2
SIM3
SIM4
1
21
22
SIM5
SIM1
SIM2
SIM3
SIM4
1
21
22
SIM5
SIM1
SIM2
SIM3
SIM4
1
21
22
SIM5
SIM1
SIM2
SIM3
SIM4
1
21
22
SIM5
SIM1
SIM2
SIM3
SIM4
1
21
22
SIM5
SIM1
SIM2
SIM3
SIM4
1
21
22
SIM5
SIM1
SIM2
SIM3
SIM4
1
21
22
SIM5
SIM1
SIM2
SIM3
SIM4
1
21
22
SIM5
SIM1
SIM2
SIM3
SIM4
1
21
22
SIM5
SIM1
SIM2
SIM3
SIM4
1
21
22
SIM5
SIM1
SIM2
SIM3
SIM4
1
21
22
SIM5
SIM1
SIM2
SIM3
SIM4
1
21
22
SIM5
SIM1
SIM2
SIM3
SIM4
1
21
22
SIM5
SIM1
SIM2
SIM3
SIM4
1
21
22
SIM5
SIM1
SIM2
SIM3
SIM4
1
21
22
SIM5
SIM1
SIM2
SIM3
SIM4
1
21
22
SIM5
SIM1
SIM2
SIM3
SIM4
1
21
22
SIM5
SIM1
SIM2
SIM3
SIM4
1
21
22
SIM5
SIM1
SIM2
SIM3
SIM4
1
21
22
SIM5
SIM1
SIM2
SIM3
SIM4
1
21
22
SIM5
SIM1
SIM2
SIM3
SIM4
1
21
22
SIM5
SIM1
SIM2
SIM3
SIM4
1
21
22
SIM5
SIM1
SIM2
SIM3
SIM4
1
21
22
SIM5
SIM1
SIM2
SIM3
SIM4
1
21
22
SIM5
SIM1
SIM2
SIM3
SIM4
1
21
22
SIM5
SIM1
SIM2
SIM3
SIM4
1
21
22
SIM5
SIM1
SIM2
SIM3
SIM4
1
21
22
SIM5
SIM1
SIM2
SIM3
SIM4
1
21
22
SIM5
SIM1
SIM2
SIM3
SIM4
1
21
22
SIM5
SIM1
SIM2
SIM3
SIM4
1
21
22
SIM5
SIM1
SIM2
SIM3
SIM4
1
21
22
SIM5
SIM1
SIM2
SIM3
SIM4
1
21
22
SIM5
SIM1
SIM2
SIM3
SIM4
1
21
22
SIM5
SIM1
SIM2
SIM3
SIM4
1
21
22
SIM5
SIM1
SIM2
SIM3
SIM4
1
21
22
SIM5
SIM1
SIM2
SIM3
SIM4
1
21
22
SIM5
SIM1
SIM2
SIM3
SIM4
1
21
22
SIM5
SIM1
SIM2
SIM3
SIM4
1
21
22
SIM5
SIM1
SIM2
SIM3
SIM4
1
21
22
SIM5
SIM1
SIM2
SIM3
SIM4
1
21
22
SIM5
SIM1
SIM2
SIM3
SIM4
1
21
22
SIM5
SIM1
SIM2
SIM3
SIM4
1
21
22
SIM5
SIM1
SIM2
SIM3
SIM4
1
21
22
SIM5
SIM1
SIM2
SIM3
SIM4
1
21
22
SIM5
SIM1
SIM2
SIM3
SIM4
1
21
22
SIM5
SIM1
SIM2
SIM3
SIM4
1
21
22
SIM5
SIM1
SIM2
SIM3
SIM4
1
21
22
SIM5
SIM1
SIM2
SIM3
SIM4
1
21
22
SIM5
SIM1
SIM2
SIM3
SIM4
1
21
22
SIM5
SIM1
SIM2
SIM3
SIM4
1
21
22
SIM5
SIM1
SIM2
SIM3
SIM4
1
21
22
SIM5
SIM1
SIM2
SIM3
SIM4
1
21
22
SIM5
SIM1
SIM2
SIM3
SIM4
1
21
22
SIM5
SIM1
SIM2
SIM3
SIM4
1
21
22
SIM5
SIM1
SIM2
SIM3
SIM4
1
21
22
SIM5
SIM1
SIM2
SIM3
SIM4
1
21
22
SIM5
SIM1
SIM2
SIM3
SIM4
1
21
22
SIM5
SIM1
SIM2
SIM3
SIM4
1
21
22
SIM5
SIM1
SIM2
SIM3
SIM4
1
21
22
SIM5
SIM1
SIM2
SIM3
SIM4
1
21
22
SIM5
SIM1
SIM2
SIM3
SIM4
1
21
22
SIM5
SIM1
SIM2
SIM3
SIM4
1
21
22
SIM5
SIM1
SIM2
SIM3
SIM4
1
21
22
SIM5
SIM1
SIM2
SIM3
SIM4
1
21
22
SIM5
SIM1
SIM2
SIM3
SIM4
1
21
22
SIM5
SIM1
SIM2
SIM3
SIM4
1
21
22
SIM5
SIM1
SIM2
SIM3
SIM4
1
21
22
SIM5
SIM1
SIM2
SIM3
SIM4
1
21
22
SIM5
SIM1
SIM2
SIM3
SIM4
1
21
22
SIM5
SIM1
SIM2
SIM3
SIM4
1
21
22
SIM5
SIM1
SIM2
SIM3
SIM4
1
21
22
SIM5
SIM1
SIM2
SIM3
SIM4
1
21
22
SIM5
SIM1
SIM2
SIM3
SIM4
1
21
22
SIM5
SIM1
SIM2
SIM3
SIM4
1
21
22
SIM5
SIM1
SIM2
SIM3
SIM4
1
21
22
SIM5
SIM1
SIM2
SIM3
SIM4
1
21
22
SIM5
SIM1
SIM2
SIM3
SIM4
1
21
22
SIM5
SIM1
SIM2
SIM3
SIM4
1
21
22
SIM5
SIM1
SIM2
SIM3
SIM4
1
21
22
SIM5
SIM1
SIM2
SIM3
SIM4
1
21
22
SIM5
SIM1
SIM2
SIM3
SIM4
1
21
22
SIM5
SIM1
SIM2
SIM3
SIM4
1
21
22
SIM5
SIM1
SIM2
SIM3
SIM4
1
21
22
SIM5
SIM1
SIM2
SIM3
SIM4
1
21
22
SIM5
SIM1
SIM2
SIM3
SIM4
1
21
22
SIM5
SIM1
SIM2
SIM3
SIM4
1
21
22
SIM5
SIM1
SIM2
SIM3
SIM4
1
21
22
SIM5
SIM1
SIM2
SIM3
SIM4
1
21
22
SIM5
SIM1
SIM2
SIM3
SIM4
1
21
22
SIM5
SIM1
SIM2
SIM3
SIM4
1
21
22
SIM5
SIM1
SIM2
SIM3
SIM4
1
21
22
SIM5
SIM1
SIM2
SIM3
SIM4
1
21
22
SIM5
SIM1
SIM2
SIM3
SIM4
1
21
22
SIM5
SIM1
SIM2
SIM3
SIM4
1
21
22
SIM5
SIM1
SIM2
SIM3
SIM4
1
21
22
SIM5
SIM1
SIM2
SIM3
SIM4
1
21
22
SIM5
SIM1
SIM2
SIM3
SIM4
1
21
22
SIM5
SIM1
SIM2
SIM3
SIM4
1
21
22
SIM5
SIM1
SIM2
SIM3
SIM4
1
21
22
SIM5
SIM1
SIM2
SIM3
SIM4
1
21
22
SIM5
SIM1
SIM2
DEBUG 1 987
SIM1
SIM2
SIM3
SIM4
1
21
22
SIM5
SIM1
SIM2
SIM3
SIM4
1
21
22
SIM5
SIM1
SIM2
SIM3
SIM4
1
21
22
SIM5
SIM1
SIM2
SIM3
SIM4
1
21
22
SIM5
SIM1
SIM2
SIM3
SIM4
1
21
22
SIM5
SIM1
SIM2
SIM3
SIM4
1
21
22
SIM5
SIM1
SIM2
SIM3
SIM4
1
21
22
SIM5
SIM1
SIM2
SIM3
SIM4
1
21
22
SIM5
SIM1
SIM2
SIM3
SIM4
1
21
22
SIM5
SIM1
SIM2
SIM3
SIM4
1
21
22
SIM5
SIM1
SIM2
SIM3
SIM4
1
21
22
SIM5
SIM1
SIM2
SIM3
SIM4
1
21
22
SIM5
SIM1
SIM2
SIM3
SIM4
1
21
22
SIM5
SIM1
SIM2
SIM3
SIM4
1
21
22
SIM5
SIM1
SIM2
SIM3
SIM4
1
21
22
SIM5
SIM1
SIM2
SIM3
SIM4
1
21
22
SIM5
SIM1
SIM2
SIM3
SIM4
1
21
22
SIM5
SIM1
SIM2
SIM3
SIM4
1
21
22
SIM5
SIM1
SIM2
SIM3
SIM4
1
21
22
SIM5
SIM1
SIM2
SIM3
SIM4
1
21
22
SIM5
SIM1
SIM2
SIM3
SIM4
1
21
22
SIM5
SIM1
SIM2
SIM3
SIM4
1
21
22
SIM5
SIM1
SIM2
SIM3
SIM4
1
21
22
SIM5
SIM1
SIM2
SIM3
SIM4
1
21
22
SIM5
SIM1
SIM2
SIM3
SIM4
1
21
22
SIM5
SIM1
SIM2
SIM3
SIM4
1
21
22
SIM5
SIM1
SIM2
SIM3
SIM4
1
21
22
SIM5
SIM1
SIM2
SIM3
SIM4
1
21
22
SIM5
SIM1
SIM2
SIM3
SIM4
1
21
22
SIM5
SIM1
SIM2
SIM3
SIM4
1
21
22
SIM5
SIM1
SIM2
SIM3
SIM4
1
21
22
SIM5
SIM1
SIM2
SIM3
SIM4
1
21
22
SIM5
SIM1
SIM2
SIM3
SIM4
1
21
22
SIM5
SIM1
SIM2
SIM3
SIM4
1
21
22
SIM5
SIM1
SIM2
SIM3
SIM4
1
21
22
SIM5
SIM1
SIM2
SIM3
SIM4
1
21
22
SIM5
SIM1
SIM2
SIM3
SIM4
1
21
22
SIM5
SIM1
SIM2
SIM3
SIM4
1
21
22
SIM5
SIM1
SIM2
SIM3
SIM4
1
21
22
SIM5
SIM1
SIM2
SIM3
SIM4
1
21
22
SIM5
SIM1
SIM2
SIM3
SIM4
1
21
22
SIM5
SIM1
SIM2
SIM3
SIM4
1
21
22
SIM5
SIM1
SIM2
SIM3
SIM4
1
21
22
SIM5
SIM1
SIM2
SIM3
SIM4
1
21
22
SIM5
SIM1
SIM2
SIM3
SIM4
1
21
22
SIM5
SIM1
SIM2
SIM3
SIM4
1
21
22
SIM5
SIM1
SIM2
SIM3
SIM4
1
21
22
SIM5
SIM1
SIM2
SIM3
SIM4
1
21
22
SIM5
SIM1
SIM2
SIM3
SIM4
1
21
22
SIM5
SIM1
SIM2
SIM3
SIM4
1
21
22
SIM5
SIM1
SIM2
SIM3
SIM4
1
21
22
SIM5
SIM1
SIM2
SIM3
SIM4
1
21
22
SIM5
SIM1
SIM2
SIM3
SIM4
1
21
22
SIM5
SIM1
SIM2
SIM3
SIM4
1
21
22
SIM5
SIM1
SIM2
SIM3
SIM4
1
21
22
SIM5
SIM1
SIM2
SIM3
SIM4
1
21
22
SIM5
SIM1
SIM2
SIM3
SIM4
1
21
22
SIM5
SIM1
SIM2
SIM3
SIM4
1
21
22
SIM5
SIM1
SIM2
SIM3
SIM4
1
21
22
SIM5
SIM1
SIM2
SIM3
SIM4
1
21
22
SIM5
SIM1
SIM2
SIM3
SIM4
1
21
22
SIM5
SIM1
SIM2
SIM3
SIM4
1
21
22
SIM5
SIM1
SIM2
SIM3
SIM4
1
21
22
SIM5
SIM1
SIM2
SIM3
SIM4
1
21
22
SIM5
SIM1
SIM2
SIM3
SIM4
1
21
22
SIM5
SIM1
SIM2
SIM3
SIM4
1
21
22
SIM5
SIM1
SIM2
SIM3
SIM4
1
21
22
SIM5
SIM1
SIM2
SIM3
SIM4
1
21
22
SIM5
SIM1
SIM2
SIM3
SIM4
1
21
22
SIM5
SIM1
SIM2
SIM3
SIM4
1
21
22
SIM5
SIM1
SIM2
SIM3
SIM4
1
21
22
SIM5
SIM1
SIM2
SIM3
SIM4
1
21
22
SIM5
SIM1
SIM2
SIM3
SIM4
1
21
22
SIM5
SIM1
SIM2
SIM3
SIM4
1
21
22
SIM5
SIM1
SIM2
SIM3
SIM4
1
21
22
SIM5
SIM1
SIM2
SIM3
SIM4
1
21
22
SIM5
SIM1
SIM2
SIM3
SIM4
1
21
22
SIM5
SIM1
SIM2
SIM3
SIM4
1
21
22
SIM5
SIM1
SIM2
SIM3
SIM4
1
21
22
SIM5
SIM1
SIM2
SIM3
SIM4
1
21
22
SIM5
SIM1
SIM2
SIM3
SIM4
1
21
22
SIM5
SIM1
SIM2
SIM3
SIM4
1
21
22
SIM5
SIM1
SIM2
SIM3
SIM4
1
21
22
SIM5
SIM1
SIM2
SIM3
SIM4
1
21
22
SIM5
SIM1
SIM2
SIM3
SIM4
1
21
22
SIM5
SIM1
SIM2
SIM3
SIM4
1
21
22
SIM5
SIM1
SIM2
SIM3
SIM4
1
21
22
SIM5
SIM1
SIM2
SIM3
SIM4
1
21
22
SIM5
SIM1
SIM2
SIM3
SIM4
1
21
22
SIM5
SIM1
SIM2
SIM3
SIM4
1
21
22
SIM5
SIM1
SIM2
SIM3
SIM4
1
21
22
SIM5
SIM1
SIM2
SIM3
SIM4
1
21
22
SIM5
SIM1
SIM2
SIM3
SIM4
1
21
22
SIM5
SIM1
SIM2
SIM3
SIM4
1
21
22
SIM5
SIM1
SIM2
SIM3
SIM4
1
21
22
SIM5
SIM1
SIM2
SIM3
SIM4
1
21
22
SIM5
SIM1
SIM2
SIM3
SIM4
1
21
22
SIM5
SIM1
SIM2
SIM3
SIM4
1
21
22
SIM5
SIM1
SIM2
SIM3
SIM4
1
21
22
SIM5
SIM1
SIM2
SIM3
SIM4
1
21
22
SIM5
SIM1
SIM2
SIM3
SIM4
1
21
22
SIM5
SIM1
SIM2
SIM3
SIM4
1
21
22
SIM5
SIM1
SIM2
SIM3
SIM4
1
21
22
SIM5
SIM1
SIM2
SIM3
SIM4
1
21
22
SIM5
SIM1
SIM2
SIM3
SIM4
1
21
22
SIM5
SIM1
SIM2
SIM3
SIM4
1
21
22
SIM5
SIM1
SIM2
SIM3
SIM4
1
21
22
SIM5
SIM1
SIM2
SIM3
SIM4
1
21
22
SIM5
SIM1
SIM2
SIM3
SIM4
1
21
22
SIM5
SIM1
SIM2
SIM3
SIM4
1
21
22
SIM5
SIM1
SIM2
SIM3
SIM4
1
21
22
SIM5
SIM1
SIM2
SIM3
SIM4
1
21
22
SIM5
SIM1
SIM2
SIM3
SIM4
1
21
22
SIM5
SIM1
SIM2
SIM3
SIM4
1
21
22
SIM5
SIM1
SIM2
SIM3
SIM4
1
21
22
SIM5
SIM1
SIM2
SIM3
SIM4
1
21
22
SIM5
SIM1
SIM2
SIM3
SIM4
1
21
22
SIM5
SIM1
SIM2
SIM3
SIM4
1
21
22
SIM5
SIM1
SIM2
SIM3
SIM4
1
21
22
SIM5
SIM1
SIM2
SIM3
SIM4
1
21
22
SIM5
SIM1
SIM2
SIM3
SIM4
1
21
22
SIM5
SIM1
SIM2
SIM3
SIM4
1
21
22
SIM5
SIM1
SIM2
SIM3
SIM4
1
21
22
SIM5
SIM1
SIM2
SIM3
SIM4
1
21
22
SIM5
SIM1
SIM2
SIM3
SIM4
1
21
22
SIM5
SIM1
SIM2
SIM3
SIM4
1
21
22
SIM5
SIM1
SIM2
SIM3
SIM4
1
21
22
SIM5
SIM1
SIM2
SIM3
SIM4
1
21
22
SIM5
SIM1
SIM2
SIM3
SIM4
1
21
22
SIM5
SIM1
SIM2
SIM3
SIM4
1
21
22
SIM5
SIM1
SIM2
SIM3
SIM4
1
21
22
SIM5
SIM1
SIM2
SIM3
SIM4
1
21
22
SIM5
SIM1
SIM2
SIM3
SIM4
1
21
22
SIM5
SIM1
SIM2
SIM3
SIM4
1
21
22
SIM5
SIM1
SIM2
SIM3
SIM4
1
21
22
SIM5
SIM1
SIM2
SIM3
SIM4
1
21
22
SIM5
SIM1
SIM2
SIM3
SIM4
1
21
22
SIM5
SIM1
SIM2
SIM3
SIM4
1
21
22
SIM5
SIM1
SIM2
SIM3
SIM4
1
21
22
SIM5
SIM1
SIM2
SIM3
SIM4
1
21
22
SIM5
SIM1
SIM2
SIM3
SIM4
1
21
22
SIM5
SIM1
SIM2
SIM3
SIM4
1
21
22
SIM5
SIM1
SIM2
SIM3
SIM4
1
21
22
SIM5
SIM1
SIM2
SIM3
SIM4
1
21
22
SIM5
SIM1
SIM2
SIM3
SIM4
1
21
22
SIM5
SIM1
SIM2
SIM3
SIM4
1
21
22
SIM5
SIM1
SIM2
SIM3
SIM4
1
21
22
SIM5
SIM1
SIM2
SIM3
SIM4
1
21
22
SIM5
SIM1
SIM2
SIM3
SIM4
1
21
22
SIM5
SIM1
SIM2
SIM3
SIM4
1
21
22
SIM5
SIM1
SIM2
SIM3
SIM4
1
21
22
SIM5
SIM1
SIM2
SIM3
SIM4
1
21
22
SIM5
SIM1
SIM2
SIM3
SIM4
1
21
22
SIM5
SIM1
SIM2
SIM3
SIM4
1
21
22
SIM5
SIM1
SIM2
SIM3
SIM4
1
21
22
SIM5
SIM1
SIM2
SIM3
SIM4
1
21
22
SIM5
SIM1
SIM2
SIM3
SIM4
1
21
22
SIM5
SIM1
SIM2
SIM3
SIM4
1
21
22
SIM5
SIM1
SIM2
SIM3
SIM4
1
21
22
SIM5
SIM1
SIM2
SIM3
SIM4
1
21
22
SIM5
SIM1
SIM2
SIM3
SIM4
1
21
22
SIM5
SIM1
SIM2
SIM3
SIM4
1
21
22
SIM5
SIM1
SIM2
SIM3
SIM4
1
21
22
SIM5
SIM1
SIM2
SIM3
SIM4
1
21
22
SIM5
SIM1
SIM2
SIM3
SIM4
1
21
22
SIM5
SIM1
SIM2
SIM3
SIM4
1
21
22
SIM5
SIM1
SIM2
SIM3
SIM4
1
21
22
SIM5
SIM1
SIM2
SIM3
SIM4
1
21
22
SIM5
SIM1
SIM2
SIM3
SIM4
1
21
22
SIM5
SIM1
SIM2
SIM3
SIM4
1
21
22
SIM5
SIM1
SIM2
SIM3
SIM4
1
21
22
SIM5
SIM1
SIM2
SIM3
SIM4
1
21
22
SIM5
SIM1
SIM2
SIM3
SIM4
1
21
22
SIM5
SIM1
SIM2
SIM3
SIM4
1
21
22
SIM5
SIM1
SIM2
SIM3
SIM4
1
21
22
SIM5
SIM1
SIM2
SIM3
SIM4
1
21
22
SIM5
SIM1
SIM2
SIM3
SIM4
1
21
22
SIM5
SIM1
SIM2
SIM3
SIM4
1
21
22
SIM5
SIM1
SIM2
SIM3
SIM4
1
21
22
SIM5
SIM1
SIM2
SIM3
SIM4
1
21
22
SIM5
SIM1
SIM2
SIM3
SIM4
1
21
22
SIM5
SIM1
SIM2
SIM3
SIM4
1
21
22
SIM5
SIM1
SIM2
SIM3
SIM4
1
21
22
SIM5
SIM1
SIM2
SIM3
SIM4
1
21
22
SIM5
SIM1
SIM2
SIM3
SIM4
1
21
22
SIM5
SIM1
SIM2
SIM3
SIM4
1
21
22
SIM5
SIM1
SIM2
SIM3
SIM4
1
21
22
SIM5
SIM1
SIM2
SIM3
SIM4
1
21
22
SIM5
SIM1
SIM2
SIM3
SIM4
1
21
22
SIM5
SIM1
SIM2
SIM3
SIM4
1
21
22
SIM5
SIM1
SIM2
SIM3
SIM4
1
21
22
SIM5
SIM1
SIM2
DEBUG 1 988
SIM1
SIM2
SIM3
SIM4
1
21
22
SIM5
SIM1
SIM2
SIM3
SIM4
1
21
22
SIM5
SIM1
SIM2
SIM3
SIM4
1
21
22
SIM5
SIM1
SIM2
SIM3
SIM4
1
21
22
SIM5
SIM1
SIM2
SIM3
SIM4
1
21
22
SIM5
SIM1
SIM2
SIM3
SIM4
1
21
22
SIM5
SIM1
SIM2
SIM3
SIM4
1
21
22
SIM5
SIM1
SIM2
SIM3
SIM4
1
21
22
SIM5
SIM1
SIM2
SIM3
SIM4
1
21
22
SIM5
SIM1
SIM2
SIM3
SIM4
1
21
22
SIM5
SIM1
SIM2
SIM3
SIM4
1
21
22
SIM5
SIM1
SIM2
SIM3
SIM4
1
21
22
SIM5
SIM1
SIM2
SIM3
SIM4
1
21
22
SIM5
SIM1
SIM2
SIM3
SIM4
1
21
22
SIM5
SIM1
SIM2
SIM3
SIM4
1
21
22
SIM5
SIM1
SIM2
SIM3
SIM4
1
21
22
SIM5
SIM1
SIM2
SIM3
SIM4
1
21
22
SIM5
SIM1
SIM2
SIM3
SIM4
1
21
22
SIM5
SIM1
SIM2
SIM3
SIM4
1
21
22
SIM5
SIM1
SIM2
SIM3
SIM4
1
21
22
SIM5
SIM1
SIM2
SIM3
SIM4
1
21
22
SIM5
SIM1
SIM2
SIM3
SIM4
1
21
22
SIM5
SIM1
SIM2
SIM3
SIM4
1
21
22
SIM5
SIM1
SIM2
SIM3
SIM4
1
21
22
SIM5
SIM1
SIM2
SIM3
SIM4
1
21
22
SIM5
SIM1
SIM2
SIM3
SIM4
1
21
22
SIM5
SIM1
SIM2
SIM3
SIM4
1
21
22
SIM5
SIM1
SIM2
SIM3
SIM4
1
21
22
SIM5
SIM1
SIM2
SIM3
SIM4
1
21
22
SIM5
SIM1
SIM2
SIM3
SIM4
1
21
22
SIM5
SIM1
SIM2
SIM3
SIM4
1
21
22
SIM5
SIM1
SIM2
SIM3
SIM4
1
21
22
SIM5
SIM1
SIM2
SIM3
SIM4
1
21
22
SIM5
SIM1
SIM2
SIM3
SIM4
1
21
22
SIM5
SIM1
SIM2
SIM3
SIM4
1
21
22
SIM5
SIM1
SIM2
SIM3
SIM4
1
21
22
SIM5
SIM1
SIM2
SIM3
SIM4
1
21
22
SIM5
SIM1
SIM2
SIM3
SIM4
1
21
22
SIM5
SIM1
SIM2
SIM3
SIM4
1
21
22
SIM5
SIM1
SIM2
SIM3
SIM4
1
21
22
SIM5
SIM1
SIM2
SIM3
SIM4
1
21
22
SIM5
SIM1
SIM2
SIM3
SIM4
1
21
22
SIM5
SIM1
SIM2
SIM3
SIM4
1
21
22
SIM5
SIM1
SIM2
SIM3
SIM4
1
21
22
SIM5
SIM1
SIM2
SIM3
SIM4
1
21
22
SIM5
SIM1
SIM2
SIM3
SIM4
1
21
22
SIM5
SIM1
SIM2
SIM3
SIM4
1
21
22
SIM5
SIM1
SIM2
SIM3
SIM4
1
21
22
SIM5
SIM1
SIM2
SIM3
SIM4
1
21
22
SIM5
SIM1
SIM2
SIM3
SIM4
1
21
22
SIM5
SIM1
SIM2
SIM3
SIM4
1
21
22
SIM5
SIM1
SIM2
SIM3
SIM4
1
21
22
SIM5
SIM1
SIM2
SIM3
SIM4
1
21
22
SIM5
SIM1
SIM2
SIM3
SIM4
1
21
22
SIM5
SIM1
SIM2
SIM3
SIM4
1
21
22
SIM5
SIM1
SIM2
SIM3
SIM4
1
21
22
SIM5
SIM1
SIM2
SIM3
SIM4
1
21
22
SIM5
SIM1
SIM2
SIM3
SIM4
1
21
22
SIM5
SIM1
SIM2
SIM3
SIM4
1
21
22
SIM5
SIM1
SIM2
SIM3
SIM4
1
21
22
SIM5
SIM1
SIM2
SIM3
SIM4
1
21
22
SIM5
SIM1
SIM2
SIM3
SIM4
1
21
22
SIM5
SIM1
SIM2
SIM3
SIM4
1
21
22
SIM5
SIM1
SIM2
SIM3
SIM4
1
21
22
SIM5
SIM1
SIM2
SIM3
SIM4
1
21
22
SIM5
SIM1
SIM2
SIM3
SIM4
1
21
22
SIM5
SIM1
SIM2
SIM3
SIM4
1
21
22
SIM5
SIM1
SIM2
SIM3
SIM4
1
21
22
SIM5
SIM1
SIM2
SIM3
SIM4
1
21
22
SIM5
SIM1
SIM2
SIM3
SIM4
1
21
22
SIM5
SIM1
SIM2
SIM3
SIM4
1
21
22
SIM5
SIM1
SIM2
SIM3
SIM4
1
21
22
SIM5
SIM1
SIM2
SIM3
SIM4
1
21
22
SIM5
SIM1
SIM2
SIM3
SIM4
1
21
22
SIM5
SIM1
SIM2
SIM3
SIM4
1
21
22
SIM5
SIM1
SIM2
SIM3
SIM4
1
21
22
SIM5
SIM1
SIM2
SIM3
SIM4
1
21
22
SIM5
SIM1
SIM2
SIM3
SIM4
1
21
22
SIM5
SIM1
SIM2
SIM3
SIM4
1
21
22
SIM5
SIM1
SIM2
SIM3
SIM4
1
21
22
SIM5
SIM1
SIM2
SIM3
SIM4
1
21
22
SIM5
SIM1
SIM2
SIM3
SIM4
1
21
22
SIM5
SIM1
SIM2
SIM3
SIM4
1
21
22
SIM5
SIM1
SIM2
SIM3
SIM4
1
21
22
SIM5
SIM1
SIM2
SIM3
SIM4
1
21
22
SIM5
SIM1
SIM2
SIM3
SIM4
1
21
22
SIM5
SIM1
SIM2
SIM3
SIM4
1
21
22
SIM5
SIM1
SIM2
SIM3
SIM4
1
21
22
SIM5
SIM1
SIM2
SIM3
SIM4
1
21
22
SIM5
SIM1
SIM2
SIM3
SIM4
1
21
22
SIM5
SIM1
SIM2
SIM3
SIM4
1
21
22
SIM5
SIM1
SIM2
SIM3
SIM4
1
21
22
SIM5
SIM1
SIM2
SIM3
SIM4
1
21
22
SIM5
SIM1
SIM2
SIM3
SIM4
1
21
22
SIM5
SIM1
SIM2
SIM3
SIM4
1
21
22
SIM5
SIM1
SIM2
SIM3
SIM4
1
21
22
SIM5
SIM1
SIM2
SIM3
SIM4
1
21
22
SIM5
SIM1
SIM2
SIM3
SIM4
1
21
22
SIM5
SIM1
SIM2
SIM3
SIM4
1
21
22
SIM5
SIM1
SIM2
SIM3
SIM4
1
21
22
SIM5
SIM1
SIM2
SIM3
SIM4
1
21
22
SIM5
SIM1
SIM2
SIM3
SIM4
1
21
22
SIM5
SIM1
SIM2
SIM3
SIM4
1
21
22
SIM5
SIM1
SIM2
SIM3
SIM4
1
21
22
SIM5
SIM1
SIM2
SIM3
SIM4
1
21
22
SIM5
SIM1
SIM2
SIM3
SIM4
1
21
22
SIM5
SIM1
SIM2
SIM3
SIM4
1
21
22
SIM5
SIM1
SIM2
SIM3
SIM4
1
21
22
SIM5
SIM1
SIM2
SIM3
SIM4
1
21
22
SIM5
SIM1
SIM2
SIM3
SIM4
1
21
22
SIM5
SIM1
SIM2
SIM3
SIM4
1
21
22
SIM5
SIM1
SIM2
SIM3
SIM4
1
21
22
SIM5
SIM1
SIM2
SIM3
SIM4
1
21
22
SIM5
SIM1
SIM2
SIM3
SIM4
1
21
22
SIM5
SIM1
SIM2
SIM3
SIM4
1
21
22
SIM5
SIM1
SIM2
SIM3
SIM4
1
21
22
SIM5
SIM1
SIM2
SIM3
SIM4
1
21
22
SIM5
SIM1
SIM2
SIM3
SIM4
1
21
22
SIM5
SIM1
SIM2
SIM3
SIM4
1
21
22
SIM5
SIM1
SIM2
SIM3
SIM4
1
21
22
SIM5
SIM1
SIM2
SIM3
SIM4
1
21
22
SIM5
SIM1
SIM2
SIM3
SIM4
1
21
22
SIM5
SIM1
SIM2
SIM3
SIM4
1
21
22
SIM5
SIM1
SIM2
SIM3
SIM4
1
21
22
SIM5
SIM1
SIM2
SIM3
SIM4
1
21
22
SIM5
SIM1
SIM2
SIM3
SIM4
1
21
22
SIM5
SIM1
SIM2
SIM3
SIM4
1
21
22
SIM5
SIM1
SIM2
SIM3
SIM4
1
21
22
SIM5
SIM1
SIM2
SIM3
SIM4
1
21
22
SIM5
SIM1
SIM2
SIM3
SIM4
1
21
22
SIM5
SIM1
SIM2
SIM3
SIM4
1
21
22
SIM5
SIM1
SIM2
SIM3
SIM4
1
21
22
SIM5
SIM1
SIM2
SIM3
SIM4
1
21
22
SIM5
SIM1
SIM2
SIM3
SIM4
1
21
22
SIM5
SIM1
SIM2
SIM3
SIM4
1
21
22
SIM5
SIM1
SIM2
SIM3
SIM4
1
21
22
SIM5
SIM1
SIM2
SIM3
SIM4
1
21
22
SIM5
SIM1
SIM2
SIM3
SIM4
1
21
22
SIM5
SIM1
SIM2
SIM3
SIM4
1
21
22
SIM5
SIM1
SIM2
SIM3
SIM4
1
21
22
SIM5
SIM1
SIM2
SIM3
SIM4
1
21
22
SIM5
SIM1
SIM2
SIM3
SIM4
1
21
22
SIM5
SIM1
SIM2
SIM3
SIM4
1
21
22
SIM5
SIM1
SIM2
SIM3
SIM4
1
21
22
SIM5
SIM1
SIM2
SIM3
SIM4
1
21
22
SIM5
SIM1
SIM2
SIM3
SIM4
1
21
22
SIM5
SIM1
SIM2
SIM3
SIM4
1
21
22
SIM5
SIM1
SIM2
SIM3
SIM4
1
21
22
SIM5
SIM1
SIM2
SIM3
SIM4
1
21
22
SIM5
SIM1
SIM2
SIM3
SIM4
1
21
22
SIM5
SIM1
SIM2
SIM3
SIM4
1
21
22
SIM5
SIM1
SIM2
SIM3
SIM4
1
21
22
SIM5
SIM1
SIM2
SIM3
SIM4
1
21
22
SIM5
SIM1
SIM2
SIM3
SIM4
1
21
22
SIM5
SIM1
SIM2
SIM3
SIM4
1
21
22
SIM5
SIM1
SIM2
SIM3
SIM4
1
21
22
SIM5
SIM1
SIM2
SIM3
SIM4
1
21
22
SIM5
SIM1
SIM2
SIM3
SIM4
1
21
22
SIM5
SIM1
SIM2
SIM3
SIM4
1
21
22
SIM5
SIM1
SIM2
SIM3
SIM4
1
21
22
SIM5
SIM1
SIM2
SIM3
SIM4
1
21
22
SIM5
SIM1
SIM2
SIM3
SIM4
1
21
22
SIM5
SIM1
SIM2
SIM3
SIM4
1
21
22
SIM5
SIM1
SIM2
SIM3
SIM4
1
21
22
SIM5
SIM1
SIM2
SIM3
SIM4
1
21
22
SIM5
SIM1
SIM2
SIM3
SIM4
1
21
22
SIM5
SIM1
SIM2
SIM3
SIM4
1
21
22
SIM5
SIM1
SIM2
SIM3
SIM4
1
21
22
SIM5
SIM1
SIM2
SIM3
SIM4
1
21
22
SIM5
SIM1
SIM2
SIM3
SIM4
1
21
22
SIM5
SIM1
SIM2
SIM3
SIM4
1
21
22
SIM5
SIM1
SIM2
SIM3
SIM4
1
21
22
SIM5
SIM1
SIM2
SIM3
SIM4
1
21
22
SIM5
SIM1
SIM2
SIM3
SIM4
1
21
22
SIM5
SIM1
SIM2
SIM3
SIM4
1
21
22
SIM5
SIM1
SIM2
SIM3
SIM4
1
21
22
SIM5
SIM1
SIM2
SIM3
SIM4
1
21
22
SIM5
SIM1
SIM2
SIM3
SIM4
1
21
22
SIM5
SIM1
SIM2
SIM3
SIM4
1
21
22
SIM5
SIM1
SIM2
SIM3
SIM4
1
21
22
SIM5
SIM1
SIM2
SIM3
SIM4
1
21
22
SIM5
SIM1
SIM2
SIM3
SIM4
1
21
22
SIM5
SIM1
SIM2
SIM3
SIM4
1
21
22
SIM5
SIM1
SIM2
SIM3
SIM4
1
21
22
SIM5
SIM1
SIM2
SIM3
SIM4
1
21
22
SIM5
SIM1
SIM2
SIM3
SIM4
1
21
22
SIM5
SIM1
SIM2
SIM3
SIM4
1
21
22
SIM5
SIM1
SIM2
SIM3
SIM4
1
21
22
SIM5
SIM1
SIM2
SIM3
SIM4
1
21
22
SIM5
SIM1
SIM2
SIM3
SIM4
1
21
22
SIM5
SIM1
SIM2
SIM3
SIM4
1
21
22
SIM5
SIM1
SIM2
SIM3
SIM4
1
21
22
SIM5
SIM1
SIM2
SIM3
SIM4
1
21
22
SIM5
SIM1
SIM2
SIM3
SIM4
1
21
22
SIM5
SIM1
SIM2
SIM3
SIM4
1
21
22
SIM5
SIM1
SIM2
SIM3
SIM4
1
21
22
SIM5
SIM1
SIM2
SIM3
SIM4
1
21
22
SIM5
SIM1
SIM2
SIM3
SIM4
1
21
22
SIM5
SIM1
SIM2
SIM3
SIM4
1
21
22
SIM5
SIM1
SIM2
SIM3
SIM4
1
21
22
SIM5
SIM1
SIM2
SIM3
SIM4
1
21
22
SIM5
SIM1
SIM2
SIM3
SIM4
1
21
22
SIM5
SIM1
SIM2
SIM3
SIM4
1
21
22
SIM5
SIM1
SIM2
SIM3
SIM4
1
21
22
SIM5
SIM1
SIM2
SIM3
SIM4
1
21
22
SIM5
SIM1
SIM2
SIM3
SIM4
1
21
22
SIM5
SIM1
SIM2
SIM3
SIM4
1
21
22
SIM5
SIM1
SIM2
SIM3
SIM4
1
21
22
SIM5
SIM1
SIM2
SIM3
SIM4
1
21
22
SIM5
SIM1
SIM2
SIM3
SIM4
1
21
22
SIM5
SIM1
SIM2
SIM3
SIM4
1
21
22
SIM5
SIM1
SIM2
SIM3
SIM4
1
21
22
SIM5
SIM1
SIM2
SIM3
SIM4
1
21
22
SIM5
SIM1
SIM2
SIM3
SIM4
1
21
22
SIM5
SIM1
SIM2
SIM3
SIM4
1
21
22
SIM5
SIM1
SIM2
SIM3
SIM4
1
21
22
SIM5
SIM1
SIM2
SIM3
SIM4
1
21
22
SIM5
SIM1
SIM2
SIM3
SIM4
1
21
22
SIM5
SIM1
SIM2
SIM3
SIM4
1
21
22
SIM5
SIM1
SIM2
SIM3
SIM4
1
21
22
SIM5
SIM1
SIM2
SIM3
SIM4
1
21
22
SIM5
SIM1
SIM2
SIM3
SIM4
1
21
22
SIM5
SIM1
SIM2
SIM3
SIM4
1
21
22
SIM5
SIM1
SIM2
SIM3
SIM4
1
21
22
SIM5
SIM1
SIM2
SIM3
SIM4
1
21
22
SIM5
SIM1
SIM2
SIM3
SIM4
1
21
22
SIM5
SIM1
SIM2
SIM3
SIM4
1
21
22
SIM5
SIM1
SIM2
SIM3
SIM4
1
21
22
SIM5
SIM1
SIM2
SIM3
SIM4
1
21
22
SIM5
SIM1
SIM2
SIM3
SIM4
1
21
22
SIM5
SIM1
SIM2
SIM3
SIM4
1
21
22
SIM5
SIM1
SIM2
SIM3
SIM4
1
21
22
SIM5
SIM1
SIM2
SIM3
SIM4
1
21
22
SIM5
SIM1
SIM2
SIM3
SIM4
1
21
22
SIM5
SIM1
SIM2
SIM3
SIM4
1
21
22
SIM5
SIM1
SIM2
SIM3
SIM4
1
21
22
SIM5
SIM1
SIM2
SIM3
SIM4
1
21
22
SIM5
SIM1
SIM2
SIM3
SIM4
1
21
22
SIM5
SIM1
SIM2
SIM3
SIM4
1
21
22
SIM5
SIM1
SIM2
SIM3
SIM4
1
21
22
SIM5
SIM1
SIM2
SIM3
SIM4
1
21
22
SIM5
SIM1
SIM2
SIM3
SIM4
1
21
22
SIM5
SIM1
SIM2
SIM3
SIM4
1
21
22
SIM5
SIM1
SIM2
SIM3
SIM4
1
21
22
SIM5
SIM1
SIM2
SIM3
SIM4
1
21
22
SIM5
SIM1
SIM2
SIM3
SIM4
1
21
22
SIM5
SIM1
SIM2
SIM3
SIM4
1
21
22
SIM5
SIM1
SIM2
SIM3
SIM4
1
21
22
SIM5
SIM1
SIM2
SIM3
SIM4
1
21
22
SIM5
SIM1
SIM2
SIM3
SIM4
1
21
22
SIM5
SIM1
SIM2
SIM3
SIM4
1
21
22
SIM5
SIM1
SIM2
SIM3
SIM4
1
21
22
SIM5
SIM1
SIM2
SIM3
SIM4
1
21
22
SIM5
SIM1
SIM2
DEBUG 1 989
SIM1
SIM2
SIM3
SIM4
1
21
22
SIM5
SIM1
SIM2
SIM3
SIM4
1
21
22
SIM5
SIM1
SIM2
SIM3
SIM4
1
21
22
SIM5
SIM1
SIM2
SIM3
SIM4
1
21
22
SIM5
SIM1
SIM2
SIM3
SIM4
1
21
22
SIM5
SIM1
SIM2
SIM3
SIM4
1
21
22
SIM5
SIM1
SIM2
SIM3
SIM4
1
21
22
SIM5
SIM1
SIM2
SIM3
SIM4
1
21
22
SIM5
SIM1
SIM2
SIM3
SIM4
1
21
22
SIM5
SIM1
SIM2
SIM3
SIM4
1
21
22
SIM5
SIM1
SIM2
SIM3
SIM4
1
21
22
SIM5
SIM1
SIM2
SIM3
SIM4
1
21
22
SIM5
SIM1
SIM2
SIM3
SIM4
1
21
22
SIM5
SIM1
SIM2
SIM3
SIM4
1
21
22
SIM5
SIM1
SIM2
SIM3
SIM4
1
21
22
SIM5
SIM1
SIM2
SIM3
SIM4
1
21
22
SIM5
SIM1
SIM2
SIM3
SIM4
1
21
22
SIM5
SIM1
SIM2
SIM3
SIM4
1
21
22
SIM5
SIM1
SIM2
SIM3
SIM4
1
21
22
SIM5
SIM1
SIM2
SIM3
SIM4
1
21
22
SIM5
SIM1
SIM2
SIM3
SIM4
1
21
22
SIM5
SIM1
SIM2
SIM3
SIM4
1
21
22
SIM5
SIM1
SIM2
SIM3
SIM4
1
21
22
SIM5
SIM1
SIM2
SIM3
SIM4
1
21
22
SIM5
SIM1
SIM2
SIM3
SIM4
1
21
22
SIM5
SIM1
SIM2
SIM3
SIM4
1
21
22
SIM5
SIM1
SIM2
SIM3
SIM4
1
21
22
SIM5
SIM1
SIM2
SIM3
SIM4
1
21
22
SIM5
SIM1
SIM2
SIM3
SIM4
1
21
22
SIM5
SIM1
SIM2
SIM3
SIM4
1
21
22
SIM5
SIM1
SIM2
SIM3
SIM4
1
21
22
SIM5
SIM1
SIM2
SIM3
SIM4
1
21
22
SIM5
SIM1
SIM2
SIM3
SIM4
1
21
22
SIM5
SIM1
SIM2
SIM3
SIM4
1
21
22
SIM5
SIM1
SIM2
SIM3
SIM4
1
21
22
SIM5
SIM1
SIM2
SIM3
SIM4
1
21
22
SIM5
SIM1
SIM2
SIM3
SIM4
1
21
22
SIM5
SIM1
SIM2
SIM3
SIM4
1
21
22
SIM5
SIM1
SIM2
SIM3
SIM4
1
21
22
SIM5
SIM1
SIM2
SIM3
SIM4
1
21
22
SIM5
SIM1
SIM2
SIM3
SIM4
1
21
22
SIM5
SIM1
SIM2
SIM3
SIM4
1
21
22
SIM5
SIM1
SIM2
SIM3
SIM4
1
21
22
SIM5
SIM1
SIM2
SIM3
SIM4
1
21
22
SIM5
SIM1
SIM2
SIM3
SIM4
1
21
22
SIM5
SIM1
SIM2
SIM3
SIM4
1
21
22
SIM5
SIM1
SIM2
SIM3
SIM4
1
21
22
SIM5
SIM1
SIM2
SIM3
SIM4
1
21
22
SIM5
SIM1
SIM2
SIM3
SIM4
1
21
22
SIM5
SIM1
SIM2
SIM3
SIM4
1
21
22
SIM5
SIM1
SIM2
SIM3
SIM4
1
21
22
SIM5
SIM1
SIM2
SIM3
SIM4
1
21
22
SIM5
SIM1
SIM2
SIM3
SIM4
1
21
22
SIM5
SIM1
SIM2
SIM3
SIM4
1
21
22
SIM5
SIM1
SIM2
SIM3
SIM4
1
21
22
SIM5
SIM1
SIM2
SIM3
SIM4
1
21
22
SIM5
SIM1
SIM2
SIM3
SIM4
1
21
22
SIM5
SIM1
SIM2
SIM3
SIM4
1
21
22
SIM5
SIM1
SIM2
SIM3
SIM4
1
21
22
SIM5
SIM1
SIM2
SIM3
SIM4
1
21
22
SIM5
SIM1
SIM2
SIM3
SIM4
1
21
22
SIM5
SIM1
SIM2
SIM3
SIM4
1
21
22
SIM5
SIM1
SIM2
SIM3
SIM4
1
21
22
SIM5
SIM1
SIM2
SIM3
SIM4
1
21
22
SIM5
SIM1
SIM2
SIM3
SIM4
1
21
22
SIM5
SIM1
SIM2
SIM3
SIM4
1
21
22
SIM5
SIM1
SIM2
SIM3
SIM4
1
21
22
SIM5
SIM1
SIM2
SIM3
SIM4
1
21
22
SIM5
SIM1
SIM2
SIM3
SIM4
1
21
22
SIM5
SIM1
SIM2
SIM3
SIM4
1
21
22
SIM5
SIM1
SIM2
SIM3
SIM4
1
21
22
SIM5
SIM1
SIM2
SIM3
SIM4
1
21
22
SIM5
SIM1
SIM2
SIM3
SIM4
1
21
22
SIM5
SIM1
SIM2
SIM3
SIM4
1
21
22
SIM5
SIM1
SIM2
SIM3
SIM4
1
21
22
SIM5
SIM1
SIM2
SIM3
SIM4
1
21
22
SIM5
SIM1
SIM2
SIM3
SIM4
1
21
22
SIM5
SIM1
SIM2
SIM3
SIM4
1
21
22
SIM5
SIM1
SIM2
SIM3
SIM4
1
21
22
SIM5
SIM1
SIM2
SIM3
SIM4
1
21
22
SIM5
SIM1
SIM2
SIM3
SIM4
1
21
22
SIM5
SIM1
SIM2
SIM3
SIM4
1
21
22
SIM5
SIM1
SIM2
SIM3
SIM4
1
21
22
SIM5
SIM1
SIM2
SIM3
SIM4
1
21
22
SIM5
SIM1
SIM2
SIM3
SIM4
1
21
22
SIM5
SIM1
SIM2
SIM3
SIM4
1
21
22
SIM5
SIM1
SIM2
SIM3
SIM4
1
21
22
SIM5
SIM1
SIM2
SIM3
SIM4
1
21
22
SIM5
SIM1
SIM2
SIM3
SIM4
1
21
22
SIM5
SIM1
SIM2
SIM3
SIM4
1
21
22
SIM5
SIM1
SIM2
SIM3
SIM4
1
21
22
SIM5
SIM1
SIM2
SIM3
SIM4
1
21
22
SIM5
SIM1
SIM2
SIM3
SIM4
1
21
22
SIM5
SIM1
SIM2
SIM3
SIM4
1
21
22
SIM5
SIM1
SIM2
SIM3
SIM4
1
21
22
SIM5
SIM1
SIM2
SIM3
SIM4
1
21
22
SIM5
SIM1
SIM2
SIM3
SIM4
1
21
22
SIM5
SIM1
SIM2
SIM3
SIM4
1
21
22
SIM5
SIM1
SIM2
SIM3
SIM4
1
21
22
SIM5
SIM1
SIM2
SIM3
SIM4
1
21
22
SIM5
SIM1
SIM2
SIM3
SIM4
1
21
22
SIM5
SIM1
SIM2
SIM3
SIM4
1
21
22
SIM5
SIM1
SIM2
SIM3
SIM4
1
21
22
SIM5
SIM1
SIM2
SIM3
SIM4
1
21
22
SIM5
SIM1
SIM2
SIM3
SIM4
1
21
22
SIM5
SIM1
SIM2
SIM3
SIM4
1
21
22
SIM5
SIM1
SIM2
SIM3
SIM4
1
21
22
SIM5
SIM1
SIM2
SIM3
SIM4
1
21
22
SIM5
SIM1
SIM2
SIM3
SIM4
1
21
22
SIM5
SIM1
SIM2
SIM3
SIM4
1
21
22
SIM5
SIM1
SIM2
SIM3
SIM4
1
21
22
SIM5
SIM1
SIM2
SIM3
SIM4
1
21
22
SIM5
SIM1
SIM2
SIM3
SIM4
1
21
22
SIM5
SIM1
SIM2
SIM3
SIM4
1
21
22
SIM5
SIM1
SIM2
SIM3
SIM4
1
21
22
SIM5
SIM1
SIM2
SIM3
SIM4
1
21
22
SIM5
SIM1
SIM2
SIM3
SIM4
1
21
22
SIM5
SIM1
SIM2
SIM3
SIM4
1
21
22
SIM5
SIM1
SIM2
SIM3
SIM4
1
21
22
SIM5
SIM1
SIM2
SIM3
SIM4
1
21
22
SIM5
SIM1
SIM2
SIM3
SIM4
1
21
22
SIM5
SIM1
SIM2
SIM3
SIM4
1
21
22
SIM5
SIM1
SIM2
SIM3
SIM4
1
21
22
SIM5
SIM1
SIM2
SIM3
SIM4
1
21
22
SIM5
SIM1
SIM2
SIM3
SIM4
1
21
22
SIM5
SIM1
SIM2
SIM3
SIM4
1
21
22
SIM5
SIM1
SIM2
SIM3
SIM4
1
21
22
SIM5
SIM1
SIM2
SIM3
SIM4
1
21
22
SIM5
SIM1
SIM2
SIM3
SIM4
1
21
22
SIM5
SIM1
SIM2
SIM3
SIM4
1
21
22
SIM5
SIM1
SIM2
SIM3
SIM4
1
21
22
SIM5
SIM1
SIM2
SIM3
SIM4
1
21
22
SIM5
SIM1
SIM2
SIM3
SIM4
1
21
22
SIM5
SIM1
SIM2
SIM3
SIM4
1
21
22
SIM5
SIM1
SIM2
SIM3
SIM4
1
21
22
SIM5
SIM1
SIM2
SIM3
SIM4
1
21
22
SIM5
SIM1
SIM2
SIM3
SIM4
1
21
22
SIM5
SIM1
SIM2
SIM3
SIM4
1
21
22
SIM5
SIM1
SIM2
SIM3
SIM4
1
21
22
SIM5
SIM1
SIM2
SIM3
SIM4
1
21
22
SIM5
SIM1
SIM2
SIM3
SIM4
1
21
22
SIM5
SIM1
SIM2
SIM3
SIM4
1
21
22
SIM5
SIM1
SIM2
SIM3
SIM4
1
21
22
SIM5
SIM1
SIM2
SIM3
SIM4
1
21
22
SIM5
SIM1
SIM2
SIM3
SIM4
1
21
22
SIM5
SIM1
SIM2
SIM3
SIM4
1
21
22
SIM5
SIM1
SIM2
SIM3
SIM4
1
21
22
SIM5
SIM1
SIM2
SIM3
SIM4
1
21
22
SIM5
SIM1
SIM2
SIM3
SIM4
1
21
22
SIM5
SIM1
SIM2
SIM3
SIM4
1
21
22
SIM5
SIM1
SIM2
SIM3
SIM4
1
21
22
SIM5
SIM1
SIM2
SIM3
SIM4
1
21
22
SIM5
SIM1
SIM2
SIM3
SIM4
1
21
22
SIM5
SIM1
SIM2
SIM3
SIM4
1
21
22
SIM5
SIM1
SIM2
SIM3
SIM4
1
21
22
SIM5
SIM1
SIM2
SIM3
SIM4
1
21
22
SIM5
SIM1
SIM2
SIM3
SIM4
1
21
22
SIM5
SIM1
SIM2
SIM3
SIM4
1
21
22
SIM5
SIM1
SIM2
SIM3
SIM4
1
21
22
SIM5
SIM1
SIM2
SIM3
SIM4
1
21
22
SIM5
SIM1
SIM2
SIM3
SIM4
1
21
22
SIM5
SIM1
SIM2
SIM3
SIM4
1
21
22
SIM5
SIM1
SIM2
SIM3
SIM4
1
21
22
SIM5
SIM1
SIM2
SIM3
SIM4
1
21
22
SIM5
SIM1
SIM2
SIM3
SIM4
1
21
22
SIM5
SIM1
SIM2
SIM3
SIM4
1
21
22
SIM5
SIM1
SIM2
SIM3
SIM4
1
21
22
SIM5
SIM1
SIM2
SIM3
SIM4
1
21
22
SIM5
SIM1
SIM2
SIM3
SIM4
1
21
22
SIM5
SIM1
SIM2
SIM3
SIM4
1
21
22
SIM5
SIM1
SIM2
SIM3
SIM4
1
21
22
SIM5
SIM1
SIM2
SIM3
SIM4
1
21
22
SIM5
SIM1
SIM2
SIM3
SIM4
1
21
22
SIM5
SIM1
SIM2
SIM3
SIM4
1
21
22
SIM5
SIM1
SIM2
SIM3
SIM4
1
21
22
SIM5
SIM1
SIM2
SIM3
SIM4
1
21
22
SIM5
SIM1
SIM2
SIM3
SIM4
1
21
22
SIM5
SIM1
SIM2
DEBUG 1 990
SIM1
SIM2
SIM3
SIM4
1
21
22
SIM5
SIM1
SIM2
SIM3
SIM4
1
21
22
SIM5
SIM1
SIM2
SIM3
SIM4
1
21
22
SIM5
SIM1
SIM2
SIM3
SIM4
1
21
22
SIM5
SIM1
SIM2
SIM3
SIM4
1
21
22
SIM5
SIM1
SIM2
SIM3
SIM4
1
21
22
SIM5
SIM1
SIM2
SIM3
SIM4
1
21
22
SIM5
SIM1
SIM2
SIM3
SIM4
1
21
22
SIM5
SIM1
SIM2
SIM3
SIM4
1
21
22
SIM5
SIM1
SIM2
SIM3
SIM4
1
21
22
SIM5
SIM1
SIM2
SIM3
SIM4
1
21
22
SIM5
SIM1
SIM2
SIM3
SIM4
1
21
22
SIM5
SIM1
SIM2
SIM3
SIM4
1
21
22
SIM5
SIM1
SIM2
SIM3
SIM4
1
21
22
SIM5
SIM1
SIM2
SIM3
SIM4
1
21
22
SIM5
SIM1
SIM2
SIM3
SIM4
1
21
22
SIM5
SIM1
SIM2
SIM3
SIM4
1
21
22
SIM5
SIM1
SIM2
SIM3
SIM4
1
21
22
SIM5
SIM1
SIM2
SIM3
SIM4
1
21
22
SIM5
SIM1
SIM2
SIM3
SIM4
1
21
22
SIM5
SIM1
SIM2
SIM3
SIM4
1
21
22
SIM5
SIM1
SIM2
SIM3
SIM4
1
21
22
SIM5
SIM1
SIM2
SIM3
SIM4
1
21
22
SIM5
SIM1
SIM2
SIM3
SIM4
1
21
22
SIM5
SIM1
SIM2
SIM3
SIM4
1
21
22
SIM5
SIM1
SIM2
SIM3
SIM4
1
21
22
SIM5
SIM1
SIM2
SIM3
SIM4
1
21
22
SIM5
SIM1
SIM2
SIM3
SIM4
1
21
22
SIM5
SIM1
SIM2
SIM3
SIM4
1
21
22
SIM5
SIM1
SIM2
SIM3
SIM4
1
21
22
SIM5
SIM1
SIM2
SIM3
SIM4
1
21
22
SIM5
SIM1
SIM2
SIM3
SIM4
1
21
22
SIM5
SIM1
SIM2
SIM3
SIM4
1
21
22
SIM5
SIM1
SIM2
SIM3
SIM4
1
21
22
SIM5
SIM1
SIM2
SIM3
SIM4
1
21
22
SIM5
SIM1
SIM2
SIM3
SIM4
1
21
22
SIM5
SIM1
SIM2
SIM3
SIM4
1
21
22
SIM5
SIM1
SIM2
SIM3
SIM4
1
21
22
SIM5
SIM1
SIM2
SIM3
SIM4
1
21
22
SIM5
SIM1
SIM2
SIM3
SIM4
1
21
22
SIM5
SIM1
SIM2
SIM3
SIM4
1
21
22
SIM5
SIM1
SIM2
SIM3
SIM4
1
21
22
SIM5
SIM1
SIM2
SIM3
SIM4
1
21
22
SIM5
SIM1
SIM2
SIM3
SIM4
1
21
22
SIM5
SIM1
SIM2
SIM3
SIM4
1
21
22
SIM5
SIM1
SIM2
SIM3
SIM4
1
21
22
SIM5
SIM1
SIM2
SIM3
SIM4
1
21
22
SIM5
SIM1
SIM2
SIM3
SIM4
1
21
22
SIM5
SIM1
SIM2
SIM3
SIM4
1
21
22
SIM5
SIM1
SIM2
SIM3
SIM4
1
21
22
SIM5
SIM1
SIM2
SIM3
SIM4
1
21
22
SIM5
SIM1
SIM2
SIM3
SIM4
1
21
22
SIM5
SIM1
SIM2
SIM3
SIM4
1
21
22
SIM5
SIM1
SIM2
SIM3
SIM4
1
21
22
SIM5
SIM1
SIM2
SIM3
SIM4
1
21
22
SIM5
SIM1
SIM2
SIM3
SIM4
1
21
22
SIM5
SIM1
SIM2
SIM3
SIM4
1
21
22
SIM5
SIM1
SIM2
SIM3
SIM4
1
21
22
SIM5
SIM1
SIM2
SIM3
SIM4
1
21
22
SIM5
SIM1
SIM2
SIM3
SIM4
1
21
22
SIM5
SIM1
SIM2
SIM3
SIM4
1
21
22
SIM5
SIM1
SIM2
SIM3
SIM4
1
21
22
SIM5
SIM1
SIM2
SIM3
SIM4
1
21
22
SIM5
SIM1
SIM2
SIM3
SIM4
1
21
22
SIM5
SIM1
SIM2
SIM3
SIM4
1
21
22
SIM5
SIM1
SIM2
SIM3
SIM4
1
21
22
SIM5
SIM1
SIM2
SIM3
SIM4
1
21
22
SIM5
SIM1
SIM2
SIM3
SIM4
1
21
22
SIM5
SIM1
SIM2
SIM3
SIM4
1
21
22
SIM5
SIM1
SIM2
SIM3
SIM4
1
21
22
SIM5
SIM1
SIM2
SIM3
SIM4
1
21
22
SIM5
SIM1
SIM2
SIM3
SIM4
1
21
22
SIM5
SIM1
SIM2
SIM3
SIM4
1
21
22
SIM5
SIM1
SIM2
SIM3
SIM4
1
21
22
SIM5
SIM1
SIM2
SIM3
SIM4
1
21
22
SIM5
SIM1
SIM2
SIM3
SIM4
1
21
22
SIM5
SIM1
SIM2
SIM3
SIM4
1
21
22
SIM5
SIM1
SIM2
SIM3
SIM4
1
21
22
SIM5
SIM1
SIM2
SIM3
SIM4
1
21
22
SIM5
SIM1
SIM2
SIM3
SIM4
1
21
22
SIM5
SIM1
SIM2
SIM3
SIM4
1
21
22
SIM5
SIM1
SIM2
SIM3
SIM4
1
21
22
SIM5
SIM1
SIM2
SIM3
SIM4
1
21
22
SIM5
SIM1
SIM2
SIM3
SIM4
1
21
22
SIM5
SIM1
SIM2
SIM3
SIM4
1
21
22
SIM5
SIM1
SIM2
SIM3
SIM4
1
21
22
SIM5
SIM1
SIM2
SIM3
SIM4
1
21
22
SIM5
SIM1
SIM2
SIM3
SIM4
1
21
22
SIM5
SIM1
SIM2
SIM3
SIM4
1
21
22
SIM5
SIM1
SIM2
SIM3
SIM4
1
21
22
SIM5
SIM1
SIM2
SIM3
SIM4
1
21
22
SIM5
SIM1
SIM2
SIM3
SIM4
1
21
22
SIM5
SIM1
SIM2
SIM3
SIM4
1
21
22
SIM5
SIM1
SIM2
SIM3
SIM4
1
21
22
SIM5
SIM1
SIM2
SIM3
SIM4
1
21
22
SIM5
SIM1
SIM2
SIM3
SIM4
1
21
22
SIM5
SIM1
SIM2
SIM3
SIM4
1
21
22
SIM5
SIM1
SIM2
SIM3
SIM4
1
21
22
SIM5
SIM1
SIM2
SIM3
SIM4
1
21
22
SIM5
SIM1
SIM2
SIM3
SIM4
1
21
22
SIM5
SIM1
SIM2
SIM3
SIM4
1
21
22
SIM5
SIM1
SIM2
SIM3
SIM4
1
21
22
SIM5
SIM1
SIM2
SIM3
SIM4
1
21
22
SIM5
SIM1
SIM2
SIM3
SIM4
1
21
22
SIM5
SIM1
SIM2
SIM3
SIM4
1
21
22
SIM5
SIM1
SIM2
SIM3
SIM4
1
21
22
SIM5
SIM1
SIM2
SIM3
SIM4
1
21
22
SIM5
SIM1
SIM2
SIM3
SIM4
1
21
22
SIM5
SIM1
SIM2
SIM3
SIM4
1
21
22
SIM5
SIM1
SIM2
SIM3
SIM4
1
21
22
SIM5
SIM1
SIM2
SIM3
SIM4
1
21
22
SIM5
SIM1
SIM2
SIM3
SIM4
1
21
22
SIM5
SIM1
SIM2
SIM3
SIM4
1
21
22
SIM5
SIM1
SIM2
SIM3
SIM4
1
21
22
SIM5
SIM1
SIM2
SIM3
SIM4
1
21
22
SIM5
SIM1
SIM2
SIM3
SIM4
1
21
22
SIM5
SIM1
SIM2
SIM3
SIM4
1
21
22
SIM5
SIM1
SIM2
SIM3
SIM4
1
21
22
SIM5
SIM1
SIM2
SIM3
SIM4
1
21
22
SIM5
SIM1
SIM2
SIM3
SIM4
1
21
22
SIM5
SIM1
SIM2
SIM3
SIM4
1
21
22
SIM5
SIM1
SIM2
SIM3
SIM4
1
21
22
SIM5
SIM1
SIM2
SIM3
SIM4
1
21
22
SIM5
SIM1
SIM2
SIM3
SIM4
1
21
22
SIM5
SIM1
SIM2
SIM3
SIM4
1
21
22
SIM5
SIM1
SIM2
SIM3
SIM4
1
21
22
SIM5
SIM1
SIM2
SIM3
SIM4
1
21
22
SIM5
SIM1
SIM2
SIM3
SIM4
1
21
22
SIM5
SIM1
SIM2
SIM3
SIM4
1
21
22
SIM5
SIM1
SIM2
SIM3
SIM4
1
21
22
SIM5
SIM1
SIM2
SIM3
SIM4
1
21
22
SIM5
SIM1
SIM2
SIM3
SIM4
1
21
22
SIM5
SIM1
SIM2
SIM3
SIM4
1
21
22
SIM5
SIM1
SIM2
SIM3
SIM4
1
21
22
SIM5
SIM1
SIM2
SIM3
SIM4
1
21
22
SIM5
SIM1
SIM2
SIM3
SIM4
1
21
22
SIM5
SIM1
SIM2
SIM3
SIM4
1
21
22
SIM5
SIM1
SIM2
SIM3
SIM4
1
21
22
SIM5
SIM1
SIM2
SIM3
SIM4
1
21
22
SIM5
SIM1
SIM2
SIM3
SIM4
1
21
22
SIM5
SIM1
SIM2
SIM3
SIM4
1
21
22
SIM5
SIM1
SIM2
SIM3
SIM4
1
21
22
SIM5
SIM1
SIM2
SIM3
SIM4
1
21
22
SIM5
SIM1
SIM2
SIM3
SIM4
1
21
22
SIM5
SIM1
SIM2
SIM3
SIM4
1
21
22
SIM5
SIM1
SIM2
SIM3
SIM4
1
21
22
SIM5
SIM1
SIM2
SIM3
SIM4
1
21
22
SIM5
SIM1
SIM2
SIM3
SIM4
1
21
22
SIM5
SIM1
SIM2
SIM3
SIM4
1
21
22
SIM5
SIM1
SIM2
SIM3
SIM4
1
21
22
SIM5
SIM1
SIM2
SIM3
SIM4
1
21
22
SIM5
SIM1
SIM2
SIM3
SIM4
1
21
22
SIM5
SIM1
SIM2
SIM3
SIM4
1
21
22
SIM5
SIM1
SIM2
SIM3
SIM4
1
21
22
SIM5
SIM1
SIM2
SIM3
SIM4
1
21
22
SIM5
SIM1
SIM2
SIM3
SIM4
1
21
22
SIM5
SIM1
SIM2
SIM3
SIM4
1
21
22
SIM5
SIM1
SIM2
SIM3
SIM4
1
21
22
SIM5
SIM1
SIM2
SIM3
SIM4
1
21
22
SIM5
SIM1
SIM2
SIM3
SIM4
1
21
22
SIM5
SIM1
SIM2
SIM3
SIM4
1
21
22
SIM5
SIM1
SIM2
SIM3
SIM4
1
21
22
SIM5
SIM1
SIM2
SIM3
SIM4
1
21
22
SIM5
SIM1
SIM2
SIM3
SIM4
1
21
22
SIM5
SIM1
SIM2
SIM3
SIM4
1
21
22
SIM5
SIM1
SIM2
SIM3
SIM4
1
21
22
SIM5
SIM1
SIM2
SIM3
SIM4
1
21
22
SIM5
SIM1
SIM2
SIM3
SIM4
1
21
22
SIM5
SIM1
SIM2
SIM3
SIM4
1
21
22
SIM5
SIM1
SIM2
SIM3
SIM4
1
21
22
SIM5
SIM1
SIM2
SIM3
SIM4
1
21
22
SIM5
SIM1
SIM2
SIM3
SIM4
1
21
22
SIM5
SIM1
SIM2
SIM3
SIM4
1
21
22
SIM5
SIM1
SIM2
SIM3
SIM4
1
21
22
SIM5
SIM1
SIM2
SIM3
SIM4
1
21
22
SIM5
SIM1
SIM2
SIM3
SIM4
1
21
22
SIM5
SIM1
SIM2
SIM3
SIM4
1
21
22
SIM5
SIM1
SIM2
SIM3
SIM4
1
21
22
SIM5
SIM1
SIM2
SIM3
SIM4
1
21
22
SIM5
SIM1
SIM2
SIM3
SIM4
1
21
22
SIM5
SIM1
SIM2
SIM3
SIM4
1
21
22
SIM5
SIM1
SIM2
SIM3
SIM4
1
21
22
SIM5
SIM1
SIM2
SIM3
SIM4
1
21
22
SIM5
SIM1
SIM2
SIM3
SIM4
1
21
22
SIM5
SIM1
SIM2
SIM3
SIM4
1
21
22
SIM5
SIM1
SIM2
SIM3
SIM4
1
21
22
SIM5
SIM1
SIM2
SIM3
SIM4
1
21
22
SIM5
SIM1
SIM2
SIM3
SIM4
1
21
22
SIM5
SIM1
SIM2
SIM3
SIM4
1
21
22
SIM5
SIM1
SIM2
SIM3
SIM4
1
21
22
SIM5
SIM1
SIM2
SIM3
SIM4
1
21
22
SIM5
SIM1
SIM2
SIM3
SIM4
1
21
22
SIM5
SIM1
SIM2
SIM3
SIM4
1
21
22
SIM5
SIM1
SIM2
SIM3
SIM4
1
21
22
SIM5
SIM1
SIM2
SIM3
SIM4
1
21
22
SIM5
SIM1
SIM2
SIM3
SIM4
1
21
22
SIM5
SIM1
SIM2
SIM3
SIM4
1
21
22
SIM5
SIM1
SIM2
SIM3
SIM4
1
21
22
SIM5
SIM1
SIM2
SIM3
SIM4
1
21
22
SIM5
SIM1
SIM2
SIM3
SIM4
1
21
22
SIM5
SIM1
SIM2
SIM3
SIM4
1
21
22
SIM5
SIM1
SIM2
SIM3
SIM4
1
21
22
SIM5
SIM1
SIM2
DEBUG 1 991
SIM1
SIM2
SIM3
SIM4
1
21
22
SIM5
SIM1
SIM2
SIM3
SIM4
1
21
22
SIM5
SIM1
SIM2
SIM3
SIM4
1
21
22
SIM5
SIM1
SIM2
SIM3
SIM4
1
21
22
SIM5
SIM1
SIM2
SIM3
SIM4
1
21
22
SIM5
SIM1
SIM2
SIM3
SIM4
1
21
22
SIM5
SIM1
SIM2
SIM3
SIM4
1
21
22
SIM5
SIM1
SIM2
SIM3
SIM4
1
21
22
SIM5
SIM1
SIM2
SIM3
SIM4
1
21
22
SIM5
SIM1
SIM2
SIM3
SIM4
1
21
22
SIM5
SIM1
SIM2
SIM3
SIM4
1
21
22
SIM5
SIM1
SIM2
SIM3
SIM4
1
21
22
SIM5
SIM1
SIM2
SIM3
SIM4
1
21
22
SIM5
SIM1
SIM2
SIM3
SIM4
1
21
22
SIM5
SIM1
SIM2
SIM3
SIM4
1
21
22
SIM5
SIM1
SIM2
SIM3
SIM4
1
21
22
SIM5
SIM1
SIM2
SIM3
SIM4
1
21
22
SIM5
SIM1
SIM2
SIM3
SIM4
1
21
22
SIM5
SIM1
SIM2
SIM3
SIM4
1
21
22
SIM5
SIM1
SIM2
SIM3
SIM4
1
21
22
SIM5
SIM1
SIM2
SIM3
SIM4
1
21
22
SIM5
SIM1
SIM2
SIM3
SIM4
1
21
22
SIM5
SIM1
SIM2
SIM3
SIM4
1
21
22
SIM5
SIM1
SIM2
SIM3
SIM4
1
21
22
SIM5
SIM1
SIM2
SIM3
SIM4
1
21
22
SIM5
SIM1
SIM2
SIM3
SIM4
1
21
22
SIM5
SIM1
SIM2
SIM3
SIM4
1
21
22
SIM5
SIM1
SIM2
SIM3
SIM4
1
21
22
SIM5
SIM1
SIM2
SIM3
SIM4
1
21
22
SIM5
SIM1
SIM2
SIM3
SIM4
1
21
22
SIM5
SIM1
SIM2
SIM3
SIM4
1
21
22
SIM5
SIM1
SIM2
SIM3
SIM4
1
21
22
SIM5
SIM1
SIM2
SIM3
SIM4
1
21
22
SIM5
SIM1
SIM2
SIM3
SIM4
1
21
22
SIM5
SIM1
SIM2
SIM3
SIM4
1
21
22
SIM5
SIM1
SIM2
SIM3
SIM4
1
21
22
SIM5
SIM1
SIM2
SIM3
SIM4
1
21
22
SIM5
SIM1
SIM2
SIM3
SIM4
1
21
22
SIM5
SIM1
SIM2
SIM3
SIM4
1
21
22
SIM5
SIM1
SIM2
SIM3
SIM4
1
21
22
SIM5
SIM1
SIM2
SIM3
SIM4
1
21
22
SIM5
SIM1
SIM2
SIM3
SIM4
1
21
22
SIM5
SIM1
SIM2
SIM3
SIM4
1
21
22
SIM5
SIM1
SIM2
SIM3
SIM4
1
21
22
SIM5
SIM1
SIM2
SIM3
SIM4
1
21
22
SIM5
SIM1
SIM2
SIM3
SIM4
1
21
22
SIM5
SIM1
SIM2
SIM3
SIM4
1
21
22
SIM5
SIM1
SIM2
SIM3
SIM4
1
21
22
SIM5
SIM1
SIM2
SIM3
SIM4
1
21
22
SIM5
SIM1
SIM2
SIM3
SIM4
1
21
22
SIM5
SIM1
SIM2
SIM3
SIM4
1
21
22
SIM5
SIM1
SIM2
SIM3
SIM4
1
21
22
SIM5
SIM1
SIM2
SIM3
SIM4
1
21
22
SIM5
SIM1
SIM2
SIM3
SIM4
1
21
22
SIM5
SIM1
SIM2
SIM3
SIM4
1
21
22
SIM5
SIM1
SIM2
SIM3
SIM4
1
21
22
SIM5
SIM1
SIM2
SIM3
SIM4
1
21
22
SIM5
SIM1
SIM2
SIM3
SIM4
1
21
22
SIM5
SIM1
SIM2
SIM3
SIM4
1
21
22
SIM5
SIM1
SIM2
SIM3
SIM4
1
21
22
SIM5
SIM1
SIM2
SIM3
SIM4
1
21
22
SIM5
SIM1
SIM2
SIM3
SIM4
1
21
22
SIM5
SIM1
SIM2
SIM3
SIM4
1
21
22
SIM5
SIM1
SIM2
SIM3
SIM4
1
21
22
SIM5
SIM1
SIM2
SIM3
SIM4
1
21
22
SIM5
SIM1
SIM2
SIM3
SIM4
1
21
22
SIM5
SIM1
SIM2
SIM3
SIM4
1
21
22
SIM5
SIM1
SIM2
SIM3
SIM4
1
21
22
SIM5
SIM1
SIM2
SIM3
SIM4
1
21
22
SIM5
SIM1
SIM2
SIM3
SIM4
1
21
22
SIM5
SIM1
SIM2
SIM3
SIM4
1
21
22
SIM5
SIM1
SIM2
SIM3
SIM4
1
21
22
SIM5
SIM1
SIM2
SIM3
SIM4
1
21
22
SIM5
SIM1
SIM2
SIM3
SIM4
1
21
22
SIM5
SIM1
SIM2
SIM3
SIM4
1
21
22
SIM5
SIM1
SIM2
SIM3
SIM4
1
21
22
SIM5
SIM1
SIM2
SIM3
SIM4
1
21
22
SIM5
SIM1
SIM2
SIM3
SIM4
1
21
22
SIM5
SIM1
SIM2
SIM3
SIM4
1
21
22
SIM5
SIM1
SIM2
SIM3
SIM4
1
21
22
SIM5
SIM1
SIM2
SIM3
SIM4
1
21
22
SIM5
SIM1
SIM2
SIM3
SIM4
1
21
22
SIM5
SIM1
SIM2
SIM3
SIM4
1
21
22
SIM5
SIM1
SIM2
SIM3
SIM4
1
21
22
SIM5
SIM1
SIM2
SIM3
SIM4
1
21
22
SIM5
SIM1
SIM2
SIM3
SIM4
1
21
22
SIM5
SIM1
SIM2
SIM3
SIM4
1
21
22
SIM5
SIM1
SIM2
SIM3
SIM4
1
21
22
SIM5
SIM1
SIM2
SIM3
SIM4
1
21
22
SIM5
SIM1
SIM2
SIM3
SIM4
1
21
22
SIM5
SIM1
SIM2
SIM3
SIM4
1
21
22
SIM5
SIM1
SIM2
SIM3
SIM4
1
21
22
SIM5
SIM1
SIM2
SIM3
SIM4
1
21
22
SIM5
SIM1
SIM2
SIM3
SIM4
1
21
22
SIM5
SIM1
SIM2
SIM3
SIM4
1
21
22
SIM5
SIM1
SIM2
SIM3
SIM4
1
21
22
SIM5
SIM1
SIM2
SIM3
SIM4
1
21
22
SIM5
SIM1
SIM2
SIM3
SIM4
1
21
22
SIM5
SIM1
SIM2
SIM3
SIM4
1
21
22
SIM5
SIM1
SIM2
SIM3
SIM4
1
21
22
SIM5
SIM1
SIM2
SIM3
SIM4
1
21
22
SIM5
SIM1
SIM2
SIM3
SIM4
1
21
22
SIM5
SIM1
SIM2
SIM3
SIM4
1
21
22
SIM5
SIM1
SIM2
SIM3
SIM4
1
21
22
SIM5
SIM1
SIM2
SIM3
SIM4
1
21
22
SIM5
SIM1
SIM2
SIM3
SIM4
1
21
22
SIM5
SIM1
SIM2
SIM3
SIM4
1
21
22
SIM5
SIM1
SIM2
SIM3
SIM4
1
21
22
SIM5
SIM1
SIM2
SIM3
SIM4
1
21
22
SIM5
SIM1
SIM2
SIM3
SIM4
1
21
22
SIM5
SIM1
SIM2
SIM3
SIM4
1
21
22
SIM5
SIM1
SIM2
SIM3
SIM4
1
21
22
SIM5
SIM1
SIM2
SIM3
SIM4
1
21
22
SIM5
SIM1
SIM2
SIM3
SIM4
1
21
22
SIM5
SIM1
SIM2
SIM3
SIM4
1
21
22
SIM5
SIM1
SIM2
SIM3
SIM4
1
21
22
SIM5
SIM1
SIM2
SIM3
SIM4
1
21
22
SIM5
SIM1
SIM2
SIM3
SIM4
1
21
22
SIM5
SIM1
SIM2
SIM3
SIM4
1
21
22
SIM5
SIM1
SIM2
SIM3
SIM4
1
21
22
SIM5
SIM1
SIM2
SIM3
SIM4
1
21
22
SIM5
SIM1
SIM2
SIM3
SIM4
1
21
22
SIM5
SIM1
SIM2
SIM3
SIM4
1
21
22
SIM5
SIM1
SIM2
SIM3
SIM4
1
21
22
SIM5
SIM1
SIM2
SIM3
SIM4
1
21
22
SIM5
SIM1
SIM2
SIM3
SIM4
1
21
22
SIM5
SIM1
SIM2
SIM3
SIM4
1
21
22
SIM5
SIM1
SIM2
SIM3
SIM4
1
21
22
SIM5
SIM1
SIM2
SIM3
SIM4
1
21
22
SIM5
SIM1
SIM2
SIM3
SIM4
1
21
22
SIM5
SIM1
SIM2
SIM3
SIM4
1
21
22
SIM5
SIM1
SIM2
SIM3
SIM4
1
21
22
SIM5
SIM1
SIM2
SIM3
SIM4
1
21
22
SIM5
SIM1
SIM2
SIM3
SIM4
1
21
22
SIM5
SIM1
SIM2
SIM3
SIM4
1
21
22
SIM5
SIM1
SIM2
SIM3
SIM4
1
21
22
SIM5
SIM1
SIM2
SIM3
SIM4
1
21
22
SIM5
SIM1
SIM2
SIM3
SIM4
1
21
22
SIM5
SIM1
SIM2
SIM3
SIM4
1
21
22
SIM5
SIM1
SIM2
SIM3
SIM4
1
21
22
SIM5
SIM1
SIM2
SIM3
SIM4
1
21
22
SIM5
SIM1
SIM2
SIM3
SIM4
1
21
22
SIM5
SIM1
SIM2
SIM3
SIM4
1
21
22
SIM5
SIM1
SIM2
SIM3
SIM4
1
21
22
SIM5
SIM1
SIM2
SIM3
SIM4
1
21
22
SIM5
SIM1
SIM2
SIM3
SIM4
1
21
22
SIM5
SIM1
SIM2
SIM3
SIM4
1
21
22
SIM5
SIM1
SIM2
SIM3
SIM4
1
21
22
SIM5
SIM1
SIM2
SIM3
SIM4
1
21
22
SIM5
SIM1
SIM2
SIM3
SIM4
1
21
22
SIM5
SIM1
SIM2
SIM3
SIM4
1
21
22
SIM5
SIM1
SIM2
SIM3
SIM4
1
21
22
SIM5
SIM1
SIM2
SIM3
SIM4
1
21
22
SIM5
SIM1
SIM2
SIM3
SIM4
1
21
22
SIM5
SIM1
SIM2
SIM3
SIM4
1
21
22
SIM5
SIM1
SIM2
SIM3
SIM4
1
21
22
SIM5
SIM1
SIM2
SIM3
SIM4
1
21
22
SIM5
SIM1
SIM2
SIM3
SIM4
1
21
22
SIM5
SIM1
SIM2
SIM3
SIM4
1
21
22
SIM5
SIM1
SIM2
SIM3
SIM4
1
21
22
SIM5
SIM1
SIM2
SIM3
SIM4
1
21
22
SIM5
SIM1
SIM2
SIM3
SIM4
1
21
22
SIM5
SIM1
SIM2
SIM3
SIM4
1
21
22
SIM5
SIM1
SIM2
SIM3
SIM4
1
21
22
SIM5
SIM1
SIM2
SIM3
SIM4
1
21
22
SIM5
SIM1
SIM2
SIM3
SIM4
1
21
22
SIM5
SIM1
SIM2
SIM3
SIM4
1
21
22
SIM5
SIM1
SIM2
SIM3
SIM4
1
21
22
SIM5
SIM1
SIM2
SIM3
SIM4
1
21
22
SIM5
SIM1
SIM2
SIM3
SIM4
1
21
22
SIM5
SIM1
SIM2
SIM3
SIM4
1
21
22
SIM5
SIM1
SIM2
SIM3
SIM4
1
21
22
SIM5
SIM1
SIM2
SIM3
SIM4
1
21
22
SIM5
SIM1
SIM2
SIM3
SIM4
1
21
22
SIM5
SIM1
SIM2
SIM3
SIM4
1
21
22
SIM5
SIM1
SIM2
SIM3
SIM4
1
21
22
SIM5
SIM1
SIM2
SIM3
SIM4
1
21
22
SIM5
SIM1
SIM2
SIM3
SIM4
1
21
22
SIM5
SIM1
SIM2
SIM3
SIM4
1
21
22
SIM5
SIM1
SIM2
SIM3
SIM4
1
21
22
SIM5
SIM1
SIM2
SIM3
SIM4
1
21
22
SIM5
SIM1
SIM2
SIM3
SIM4
1
21
22
SIM5
SIM1
SIM2
SIM3
SIM4
1
21
22
SIM5
SIM1
SIM2
SIM3
SIM4
1
21
22
SIM5
SIM1
SIM2
SIM3
SIM4
1
21
22
SIM5
SIM1
SIM2
SIM3
SIM4
1
21
22
SIM5
SIM1
SIM2
SIM3
SIM4
1
21
22
SIM5
SIM1
SIM2
SIM3
SIM4
1
21
22
SIM5
SIM1
SIM2
SIM3
SIM4
1
21
22
SIM5
SIM1
SIM2
SIM3
SIM4
1
21
22
SIM5
SIM1
SIM2
SIM3
SIM4
1
21
22
SIM5
SIM1
SIM2
SIM3
SIM4
1
21
22
SIM5
SIM1
SIM2
SIM3
SIM4
1
21
22
SIM5
SIM1
SIM2
SIM3
SIM4
1
21
22
SIM5
SIM1
SIM2
SIM3
SIM4
1
21
22
SIM5
SIM1
SIM2
SIM3
SIM4
1
21
22
SIM5
SIM1
SIM2
SIM3
SIM4
1
21
22
SIM5
SIM1
SIM2
SIM3
SIM4
1
21
22
SIM5
SIM1
SIM2
SIM3
SIM4
1
21
22
SIM5
SIM1
SIM2
SIM3
SIM4
1
21
22
SIM5
SIM1
SIM2
SIM3
SIM4
1
21
22
SIM5
SIM1
SIM2
SIM3
SIM4
1
21
22
SIM5
SIM1
SIM2
SIM3
SIM4
1
21
22
SIM5
SIM1
SIM2
SIM3
SIM4
1
21
22
SIM5
SIM1
SIM2
SIM3
SIM4
1
21
22
SIM5
SIM1
SIM2
DEBUG 1 992
SIM1
SIM2
SIM3
SIM4
1
21
22
SIM5
SIM1
SIM2
SIM3
SIM4
1
21
22
SIM5
SIM1
SIM2
SIM3
SIM4
1
21
22
SIM5
SIM1
SIM2
SIM3
SIM4
1
21
22
SIM5
SIM1
SIM2
SIM3
SIM4
1
21
22
SIM5
SIM1
SIM2
SIM3
SIM4
1
21
22
SIM5
SIM1
SIM2
SIM3
SIM4
1
21
22
SIM5
SIM1
SIM2
SIM3
SIM4
1
21
22
SIM5
SIM1
SIM2
SIM3
SIM4
1
21
22
SIM5
SIM1
SIM2
SIM3
SIM4
1
21
22
SIM5
SIM1
SIM2
SIM3
SIM4
1
21
22
SIM5
SIM1
SIM2
SIM3
SIM4
1
21
22
SIM5
SIM1
SIM2
SIM3
SIM4
1
21
22
SIM5
SIM1
SIM2
SIM3
SIM4
1
21
22
SIM5
SIM1
SIM2
SIM3
SIM4
1
21
22
SIM5
SIM1
SIM2
SIM3
SIM4
1
21
22
SIM5
SIM1
SIM2
SIM3
SIM4
1
21
22
SIM5
SIM1
SIM2
SIM3
SIM4
1
21
22
SIM5
SIM1
SIM2
SIM3
SIM4
1
21
22
SIM5
SIM1
SIM2
SIM3
SIM4
1
21
22
SIM5
SIM1
SIM2
SIM3
SIM4
1
21
22
SIM5
SIM1
SIM2
SIM3
SIM4
1
21
22
SIM5
SIM1
SIM2
SIM3
SIM4
1
21
22
SIM5
SIM1
SIM2
SIM3
SIM4
1
21
22
SIM5
SIM1
SIM2
SIM3
SIM4
1
21
22
SIM5
SIM1
SIM2
SIM3
SIM4
1
21
22
SIM5
SIM1
SIM2
SIM3
SIM4
1
21
22
SIM5
SIM1
SIM2
SIM3
SIM4
1
21
22
SIM5
SIM1
SIM2
SIM3
SIM4
1
21
22
SIM5
SIM1
SIM2
SIM3
SIM4
1
21
22
SIM5
SIM1
SIM2
SIM3
SIM4
1
21
22
SIM5
SIM1
SIM2
SIM3
SIM4
1
21
22
SIM5
SIM1
SIM2
SIM3
SIM4
1
21
22
SIM5
SIM1
SIM2
SIM3
SIM4
1
21
22
SIM5
SIM1
SIM2
SIM3
SIM4
1
21
22
SIM5
SIM1
SIM2
SIM3
SIM4
1
21
22
SIM5
SIM1
SIM2
SIM3
SIM4
1
21
22
SIM5
SIM1
SIM2
SIM3
SIM4
1
21
22
SIM5
SIM1
SIM2
SIM3
SIM4
1
21
22
SIM5
SIM1
SIM2
SIM3
SIM4
1
21
22
SIM5
SIM1
SIM2
SIM3
SIM4
1
21
22
SIM5
SIM1
SIM2
SIM3
SIM4
1
21
22
SIM5
SIM1
SIM2
SIM3
SIM4
1
21
22
SIM5
SIM1
SIM2
SIM3
SIM4
1
21
22
SIM5
SIM1
SIM2
SIM3
SIM4
1
21
22
SIM5
SIM1
SIM2
SIM3
SIM4
1
21
22
SIM5
SIM1
SIM2
SIM3
SIM4
1
21
22
SIM5
SIM1
SIM2
SIM3
SIM4
1
21
22
SIM5
SIM1
SIM2
SIM3
SIM4
1
21
22
SIM5
SIM1
SIM2
SIM3
SIM4
1
21
22
SIM5
SIM1
SIM2
SIM3
SIM4
1
21
22
SIM5
SIM1
SIM2
SIM3
SIM4
1
21
22
SIM5
SIM1
SIM2
SIM3
SIM4
1
21
22
SIM5
SIM1
SIM2
SIM3
SIM4
1
21
22
SIM5
SIM1
SIM2
SIM3
SIM4
1
21
22
SIM5
SIM1
SIM2
SIM3
SIM4
1
21
22
SIM5
SIM1
SIM2
SIM3
SIM4
1
21
22
SIM5
SIM1
SIM2
SIM3
SIM4
1
21
22
SIM5
SIM1
SIM2
SIM3
SIM4
1
21
22
SIM5
SIM1
SIM2
SIM3
SIM4
1
21
22
SIM5
SIM1
SIM2
SIM3
SIM4
1
21
22
SIM5
SIM1
SIM2
SIM3
SIM4
1
21
22
SIM5
SIM1
SIM2
SIM3
SIM4
1
21
22
SIM5
SIM1
SIM2
SIM3
SIM4
1
21
22
SIM5
SIM1
SIM2
SIM3
SIM4
1
21
22
SIM5
SIM1
SIM2
SIM3
SIM4
1
21
22
SIM5
SIM1
SIM2
SIM3
SIM4
1
21
22
SIM5
SIM1
SIM2
SIM3
SIM4
1
21
22
SIM5
SIM1
SIM2
SIM3
SIM4
1
21
22
SIM5
SIM1
SIM2
SIM3
SIM4
1
21
22
SIM5
SIM1
SIM2
SIM3
SIM4
1
21
22
SIM5
SIM1
SIM2
SIM3
SIM4
1
21
22
SIM5
SIM1
SIM2
SIM3
SIM4
1
21
22
SIM5
SIM1
SIM2
SIM3
SIM4
1
21
22
SIM5
SIM1
SIM2
SIM3
SIM4
1
21
22
SIM5
SIM1
SIM2
SIM3
SIM4
1
21
22
SIM5
SIM1
SIM2
SIM3
SIM4
1
21
22
SIM5
SIM1
SIM2
SIM3
SIM4
1
21
22
SIM5
SIM1
SIM2
SIM3
SIM4
1
21
22
SIM5
SIM1
SIM2
SIM3
SIM4
1
21
22
SIM5
SIM1
SIM2
SIM3
SIM4
1
21
22
SIM5
SIM1
SIM2
SIM3
SIM4
1
21
22
SIM5
SIM1
SIM2
SIM3
SIM4
1
21
22
SIM5
SIM1
SIM2
SIM3
SIM4
1
21
22
SIM5
SIM1
SIM2
SIM3
SIM4
1
21
22
SIM5
SIM1
SIM2
SIM3
SIM4
1
21
22
SIM5
SIM1
SIM2
SIM3
SIM4
1
21
22
SIM5
SIM1
SIM2
SIM3
SIM4
1
21
22
SIM5
SIM1
SIM2
SIM3
SIM4
1
21
22
SIM5
SIM1
SIM2
SIM3
SIM4
1
21
22
SIM5
SIM1
SIM2
SIM3
SIM4
1
21
22
SIM5
SIM1
SIM2
SIM3
SIM4
1
21
22
SIM5
SIM1
SIM2
SIM3
SIM4
1
21
22
SIM5
SIM1
SIM2
SIM3
SIM4
1
21
22
SIM5
SIM1
SIM2
SIM3
SIM4
1
21
22
SIM5
SIM1
SIM2
SIM3
SIM4
1
21
22
SIM5
SIM1
SIM2
SIM3
SIM4
1
21
22
SIM5
SIM1
SIM2
SIM3
SIM4
1
21
22
SIM5
SIM1
SIM2
SIM3
SIM4
1
21
22
SIM5
SIM1
SIM2
SIM3
SIM4
1
21
22
SIM5
SIM1
SIM2
SIM3
SIM4
1
21
22
SIM5
SIM1
SIM2
SIM3
SIM4
1
21
22
SIM5
SIM1
SIM2
SIM3
SIM4
1
21
22
SIM5
SIM1
SIM2
SIM3
SIM4
1
21
22
SIM5
SIM1
SIM2
SIM3
SIM4
1
21
22
SIM5
SIM1
SIM2
SIM3
SIM4
1
21
22
SIM5
SIM1
SIM2
SIM3
SIM4
1
21
22
SIM5
SIM1
SIM2
SIM3
SIM4
1
21
22
SIM5
SIM1
SIM2
SIM3
SIM4
1
21
22
SIM5
SIM1
SIM2
SIM3
SIM4
1
21
22
SIM5
SIM1
SIM2
SIM3
SIM4
1
21
22
SIM5
SIM1
SIM2
SIM3
SIM4
1
21
22
SIM5
SIM1
SIM2
SIM3
SIM4
1
21
22
SIM5
SIM1
SIM2
SIM3
SIM4
1
21
22
SIM5
SIM1
SIM2
SIM3
SIM4
1
21
22
SIM5
SIM1
SIM2
SIM3
SIM4
1
21
22
SIM5
SIM1
SIM2
SIM3
SIM4
1
21
22
SIM5
SIM1
SIM2
SIM3
SIM4
1
21
22
SIM5
SIM1
SIM2
SIM3
SIM4
1
21
22
SIM5
SIM1
SIM2
SIM3
SIM4
1
21
22
SIM5
SIM1
SIM2
SIM3
SIM4
1
21
22
SIM5
SIM1
SIM2
SIM3
SIM4
1
21
22
SIM5
SIM1
SIM2
SIM3
SIM4
1
21
22
SIM5
SIM1
SIM2
SIM3
SIM4
1
21
22
SIM5
SIM1
SIM2
SIM3
SIM4
1
21
22
SIM5
SIM1
SIM2
SIM3
SIM4
1
21
22
SIM5
SIM1
SIM2
SIM3
SIM4
1
21
22
SIM5
SIM1
SIM2
SIM3
SIM4
1
21
22
SIM5
SIM1
SIM2
SIM3
SIM4
1
21
22
SIM5
SIM1
SIM2
SIM3
SIM4
1
21
22
SIM5
SIM1
SIM2
SIM3
SIM4
1
21
22
SIM5
SIM1
SIM2
SIM3
SIM4
1
21
22
SIM5
SIM1
SIM2
SIM3
SIM4
1
21
22
SIM5
SIM1
SIM2
SIM3
SIM4
1
21
22
SIM5
SIM1
SIM2
SIM3
SIM4
1
21
22
SIM5
SIM1
SIM2
SIM3
SIM4
1
21
22
SIM5
SIM1
SIM2
SIM3
SIM4
1
21
22
SIM5
SIM1
SIM2
SIM3
SIM4
1
21
22
SIM5
SIM1
SIM2
SIM3
SIM4
1
21
22
SIM5
SIM1
SIM2
SIM3
SIM4
1
21
22
SIM5
SIM1
SIM2
SIM3
SIM4
1
21
22
SIM5
SIM1
SIM2
SIM3
SIM4
1
21
22
SIM5
SIM1
SIM2
SIM3
SIM4
1
21
22
SIM5
SIM1
SIM2
SIM3
SIM4
1
21
22
SIM5
SIM1
SIM2
SIM3
SIM4
1
21
22
SIM5
SIM1
SIM2
SIM3
SIM4
1
21
22
SIM5
SIM1
SIM2
SIM3
SIM4
1
21
22
SIM5
SIM1
SIM2
SIM3
SIM4
1
21
22
SIM5
SIM1
SIM2
SIM3
SIM4
1
21
22
SIM5
SIM1
SIM2
SIM3
SIM4
1
21
22
SIM5
SIM1
SIM2
SIM3
SIM4
1
21
22
SIM5
SIM1
SIM2
SIM3
SIM4
1
21
22
SIM5
SIM1
SIM2
SIM3
SIM4
1
21
22
SIM5
SIM1
SIM2
SIM3
SIM4
1
21
22
SIM5
SIM1
SIM2
SIM3
SIM4
1
21
22
SIM5
SIM1
SIM2
SIM3
SIM4
1
21
22
SIM5
SIM1
SIM2
SIM3
SIM4
1
21
22
SIM5
SIM1
SIM2
SIM3
SIM4
1
21
22
SIM5
SIM1
SIM2
SIM3
SIM4
1
21
22
SIM5
SIM1
SIM2
SIM3
SIM4
1
21
22
SIM5
SIM1
SIM2
SIM3
SIM4
1
21
22
SIM5
SIM1
SIM2
SIM3
SIM4
1
21
22
SIM5
SIM1
SIM2
SIM3
SIM4
1
21
22
SIM5
SIM1
SIM2
SIM3
SIM4
1
21
22
SIM5
SIM1
SIM2
SIM3
SIM4
1
21
22
SIM5
SIM1
SIM2
SIM3
SIM4
1
21
22
SIM5
SIM1
SIM2
SIM3
SIM4
1
21
22
SIM5
SIM1
SIM2
SIM3
SIM4
1
21
22
SIM5
SIM1
SIM2
SIM3
SIM4
1
21
22
SIM5
SIM1
SIM2
SIM3
SIM4
1
21
22
SIM5
SIM1
SIM2
SIM3
SIM4
1
21
22
SIM5
SIM1
SIM2
SIM3
SIM4
1
21
22
SIM5
SIM1
SIM2
SIM3
SIM4
1
21
22
SIM5
SIM1
SIM2
SIM3
SIM4
1
21
22
SIM5
SIM1
SIM2
SIM3
SIM4
1
21
22
SIM5
SIM1
SIM2
SIM3
SIM4
1
21
22
SIM5
SIM1
SIM2
SIM3
SIM4
1
21
22
SIM5
SIM1
SIM2
SIM3
SIM4
1
21
22
SIM5
SIM1
SIM2
SIM3
SIM4
1
21
22
SIM5
SIM1
SIM2
SIM3
SIM4
1
21
22
SIM5
SIM1
SIM2
SIM3
SIM4
1
21
22
SIM5
SIM1
SIM2
SIM3
SIM4
1
21
22
SIM5
SIM1
SIM2
SIM3
SIM4
1
21
22
SIM5
SIM1
SIM2
SIM3
SIM4
1
21
22
SIM5
SIM1
SIM2
SIM3
SIM4
1
21
22
SIM5
SIM1
SIM2
SIM3
SIM4
1
21
22
SIM5
SIM1
SIM2
SIM3
SIM4
1
21
22
SIM5
SIM1
SIM2
SIM3
SIM4
1
21
22
SIM5
SIM1
SIM2
SIM3
SIM4
1
21
22
SIM5
SIM1
SIM2
SIM3
SIM4
1
21
22
SIM5
SIM1
SIM2
SIM3
SIM4
1
21
22
SIM5
SIM1
SIM2
SIM3
SIM4
1
21
22
SIM5
SIM1
SIM2
SIM3
SIM4
1
21
22
SIM5
SIM1
SIM2
SIM3
SIM4
1
21
22
SIM5
SIM1
SIM2
SIM3
SIM4
1
21
22
SIM5
SIM1
SIM2
SIM3
SIM4
1
21
22
SIM5
SIM1
SIM2
SIM3
SIM4
1
21
22
SIM5
SIM1
SIM2
SIM3
SIM4
1
21
22
SIM5
SIM1
SIM2
SIM3
SIM4
1
21
22
SIM5
SIM1
SIM2
SIM3
SIM4
1
21
22
SIM5
SIM1
SIM2
SIM3
SIM4
1
21
22
SIM5
SIM1
SIM2
SIM3
SIM4
1
21
22
SIM5
SIM1
SIM2
SIM3
SIM4
1
21
22
SIM5
SIM1
SIM2
SIM3
SIM4
1
21
22
SIM5
SIM1
SIM2
SIM3
SIM4
1
21
22
SIM5
SIM1
SIM2
SIM3
SIM4
1
21
22
SIM5
SIM1
SIM2
SIM3
SIM4
1
21
22
SIM5
SIM1
SIM2
SIM3
SIM4
1
21
22
SIM5
SIM1
SIM2
SIM3
SIM4
1
21
22
SIM5
SIM1
SIM2
SIM3
SIM4
1
21
22
SIM5
SIM1
SIM2
SIM3
SIM4
1
21
22
SIM5
SIM1
SIM2
SIM3
SIM4
1
21
22
SIM5
SIM1
SIM2
SIM3
SIM4
1
21
22
SIM5
SIM1
SIM2
SIM3
SIM4
1
21
22
SIM5
SIM1
SIM2
DEBUG 1 993
SIM1
SIM2
SIM3
SIM4
1
21
22
SIM5
SIM1
SIM2
SIM3
SIM4
1
21
22
SIM5
SIM1
SIM2
SIM3
SIM4
1
21
22
SIM5
SIM1
SIM2
SIM3
SIM4
1
21
22
SIM5
SIM1
SIM2
SIM3
SIM4
1
21
22
SIM5
SIM1
SIM2
SIM3
SIM4
1
21
22
SIM5
SIM1
SIM2
SIM3
SIM4
1
21
22
SIM5
SIM1
SIM2
SIM3
SIM4
1
21
22
SIM5
SIM1
SIM2
SIM3
SIM4
1
21
22
SIM5
SIM1
SIM2
SIM3
SIM4
1
21
22
SIM5
SIM1
SIM2
SIM3
SIM4
1
21
22
SIM5
SIM1
SIM2
SIM3
SIM4
1
21
22
SIM5
SIM1
SIM2
SIM3
SIM4
1
21
22
SIM5
SIM1
SIM2
SIM3
SIM4
1
21
22
SIM5
SIM1
SIM2
SIM3
SIM4
1
21
22
SIM5
SIM1
SIM2
SIM3
SIM4
1
21
22
SIM5
SIM1
SIM2
SIM3
SIM4
1
21
22
SIM5
SIM1
SIM2
SIM3
SIM4
1
21
22
SIM5
SIM1
SIM2
SIM3
SIM4
1
21
22
SIM5
SIM1
SIM2
SIM3
SIM4
1
21
22
SIM5
SIM1
SIM2
SIM3
SIM4
1
21
22
SIM5
SIM1
SIM2
SIM3
SIM4
1
21
22
SIM5
SIM1
SIM2
SIM3
SIM4
1
21
22
SIM5
SIM1
SIM2
SIM3
SIM4
1
21
22
SIM5
SIM1
SIM2
SIM3
SIM4
1
21
22
SIM5
SIM1
SIM2
SIM3
SIM4
1
21
22
SIM5
SIM1
SIM2
SIM3
SIM4
1
21
22
SIM5
SIM1
SIM2
SIM3
SIM4
1
21
22
SIM5
SIM1
SIM2
SIM3
SIM4
1
21
22
SIM5
SIM1
SIM2
SIM3
SIM4
1
21
22
SIM5
SIM1
SIM2
SIM3
SIM4
1
21
22
SIM5
SIM1
SIM2
SIM3
SIM4
1
21
22
SIM5
SIM1
SIM2
SIM3
SIM4
1
21
22
SIM5
SIM1
SIM2
SIM3
SIM4
1
21
22
SIM5
SIM1
SIM2
SIM3
SIM4
1
21
22
SIM5
SIM1
SIM2
SIM3
SIM4
1
21
22
SIM5
SIM1
SIM2
SIM3
SIM4
1
21
22
SIM5
SIM1
SIM2
SIM3
SIM4
1
21
22
SIM5
SIM1
SIM2
SIM3
SIM4
1
21
22
SIM5
SIM1
SIM2
SIM3
SIM4
1
21
22
SIM5
SIM1
SIM2
SIM3
SIM4
1
21
22
SIM5
SIM1
SIM2
SIM3
SIM4
1
21
22
SIM5
SIM1
SIM2
SIM3
SIM4
1
21
22
SIM5
SIM1
SIM2
SIM3
SIM4
1
21
22
SIM5
SIM1
SIM2
SIM3
SIM4
1
21
22
SIM5
SIM1
SIM2
SIM3
SIM4
1
21
22
SIM5
SIM1
SIM2
SIM3
SIM4
1
21
22
SIM5
SIM1
SIM2
SIM3
SIM4
1
21
22
SIM5
SIM1
SIM2
SIM3
SIM4
1
21
22
SIM5
SIM1
SIM2
SIM3
SIM4
1
21
22
SIM5
SIM1
SIM2
SIM3
SIM4
1
21
22
SIM5
SIM1
SIM2
SIM3
SIM4
1
21
22
SIM5
SIM1
SIM2
SIM3
SIM4
1
21
22
SIM5
SIM1
SIM2
SIM3
SIM4
1
21
22
SIM5
SIM1
SIM2
SIM3
SIM4
1
21
22
SIM5
SIM1
SIM2
SIM3
SIM4
1
21
22
SIM5
SIM1
SIM2
SIM3
SIM4
1
21
22
SIM5
SIM1
SIM2
SIM3
SIM4
1
21
22
SIM5
SIM1
SIM2
SIM3
SIM4
1
21
22
SIM5
SIM1
SIM2
SIM3
SIM4
1
21
22
SIM5
SIM1
SIM2
SIM3
SIM4
1
21
22
SIM5
SIM1
SIM2
SIM3
SIM4
1
21
22
SIM5
SIM1
SIM2
SIM3
SIM4
1
21
22
SIM5
SIM1
SIM2
SIM3
SIM4
1
21
22
SIM5
SIM1
SIM2
SIM3
SIM4
1
21
22
SIM5
SIM1
SIM2
SIM3
SIM4
1
21
22
SIM5
SIM1
SIM2
SIM3
SIM4
1
21
22
SIM5
SIM1
SIM2
SIM3
SIM4
1
21
22
SIM5
SIM1
SIM2
SIM3
SIM4
1
21
22
SIM5
SIM1
SIM2
SIM3
SIM4
1
21
22
SIM5
SIM1
SIM2
SIM3
SIM4
1
21
22
SIM5
SIM1
SIM2
SIM3
SIM4
1
21
22
SIM5
SIM1
SIM2
SIM3
SIM4
1
21
22
SIM5
SIM1
SIM2
SIM3
SIM4
1
21
22
SIM5
SIM1
SIM2
SIM3
SIM4
1
21
22
SIM5
SIM1
SIM2
SIM3
SIM4
1
21
22
SIM5
SIM1
SIM2
SIM3
SIM4
1
21
22
SIM5
SIM1
SIM2
SIM3
SIM4
1
21
22
SIM5
SIM1
SIM2
SIM3
SIM4
1
21
22
SIM5
SIM1
SIM2
SIM3
SIM4
1
21
22
SIM5
SIM1
SIM2
SIM3
SIM4
1
21
22
SIM5
SIM1
SIM2
SIM3
SIM4
1
21
22
SIM5
SIM1
SIM2
SIM3
SIM4
1
21
22
SIM5
SIM1
SIM2
SIM3
SIM4
1
21
22
SIM5
SIM1
SIM2
SIM3
SIM4
1
21
22
SIM5
SIM1
SIM2
SIM3
SIM4
1
21
22
SIM5
SIM1
SIM2
SIM3
SIM4
1
21
22
SIM5
SIM1
SIM2
SIM3
SIM4
1
21
22
SIM5
SIM1
SIM2
SIM3
SIM4
1
21
22
SIM5
SIM1
SIM2
SIM3
SIM4
1
21
22
SIM5
SIM1
SIM2
SIM3
SIM4
1
21
22
SIM5
SIM1
SIM2
SIM3
SIM4
1
21
22
SIM5
SIM1
SIM2
SIM3
SIM4
1
21
22
SIM5
SIM1
SIM2
SIM3
SIM4
1
21
22
SIM5
SIM1
SIM2
SIM3
SIM4
1
21
22
SIM5
SIM1
SIM2
SIM3
SIM4
1
21
22
SIM5
SIM1
SIM2
SIM3
SIM4
1
21
22
SIM5
SIM1
SIM2
SIM3
SIM4
1
21
22
SIM5
SIM1
SIM2
SIM3
SIM4
1
21
22
SIM5
SIM1
SIM2
SIM3
SIM4
1
21
22
SIM5
SIM1
SIM2
SIM3
SIM4
1
21
22
SIM5
SIM1
SIM2
SIM3
SIM4
1
21
22
SIM5
SIM1
SIM2
SIM3
SIM4
1
21
22
SIM5
SIM1
SIM2
SIM3
SIM4
1
21
22
SIM5
SIM1
SIM2
SIM3
SIM4
1
21
22
SIM5
SIM1
SIM2
SIM3
SIM4
1
21
22
SIM5
SIM1
SIM2
SIM3
SIM4
1
21
22
SIM5
SIM1
SIM2
SIM3
SIM4
1
21
22
SIM5
SIM1
SIM2
SIM3
SIM4
1
21
22
SIM5
SIM1
SIM2
SIM3
SIM4
1
21
22
SIM5
SIM1
SIM2
SIM3
SIM4
1
21
22
SIM5
SIM1
SIM2
SIM3
SIM4
1
21
22
SIM5
SIM1
SIM2
SIM3
SIM4
1
21
22
SIM5
SIM1
SIM2
SIM3
SIM4
1
21
22
SIM5
SIM1
SIM2
SIM3
SIM4
1
21
22
SIM5
SIM1
SIM2
SIM3
SIM4
1
21
22
SIM5
SIM1
SIM2
SIM3
SIM4
1
21
22
SIM5
SIM1
SIM2
SIM3
SIM4
1
21
22
SIM5
SIM1
SIM2
SIM3
SIM4
1
21
22
SIM5
SIM1
SIM2
SIM3
SIM4
1
21
22
SIM5
SIM1
SIM2
SIM3
SIM4
1
21
22
SIM5
SIM1
SIM2
SIM3
SIM4
1
21
22
SIM5
SIM1
SIM2
SIM3
SIM4
1
21
22
SIM5
SIM1
SIM2
SIM3
SIM4
1
21
22
SIM5
SIM1
SIM2
SIM3
SIM4
1
21
22
SIM5
SIM1
SIM2
SIM3
SIM4
1
21
22
SIM5
SIM1
SIM2
SIM3
SIM4
1
21
22
SIM5
SIM1
SIM2
SIM3
SIM4
1
21
22
SIM5
SIM1
SIM2
SIM3
SIM4
1
21
22
SIM5
SIM1
SIM2
SIM3
SIM4
1
21
22
SIM5
SIM1
SIM2
SIM3
SIM4
1
21
22
SIM5
SIM1
SIM2
SIM3
SIM4
1
21
22
SIM5
SIM1
SIM2
SIM3
SIM4
1
21
22
SIM5
SIM1
SIM2
SIM3
SIM4
1
21
22
SIM5
SIM1
SIM2
SIM3
SIM4
1
21
22
SIM5
SIM1
SIM2
SIM3
SIM4
1
21
22
SIM5
SIM1
SIM2
SIM3
SIM4
1
21
22
SIM5
SIM1
SIM2
SIM3
SIM4
1
21
22
SIM5
SIM1
SIM2
SIM3
SIM4
1
21
22
SIM5
SIM1
SIM2
SIM3
SIM4
1
21
22
SIM5
SIM1
SIM2
SIM3
SIM4
1
21
22
SIM5
SIM1
SIM2
SIM3
SIM4
1
21
22
SIM5
SIM1
SIM2
SIM3
SIM4
1
21
22
SIM5
SIM1
SIM2
SIM3
SIM4
1
21
22
SIM5
SIM1
SIM2
SIM3
SIM4
1
21
22
SIM5
SIM1
SIM2
SIM3
SIM4
1
21
22
SIM5
SIM1
SIM2
SIM3
SIM4
1
21
22
SIM5
SIM1
SIM2
SIM3
SIM4
1
21
22
SIM5
SIM1
SIM2
SIM3
SIM4
1
21
22
SIM5
SIM1
SIM2
SIM3
SIM4
1
21
22
SIM5
SIM1
SIM2
SIM3
SIM4
1
21
22
SIM5
SIM1
SIM2
SIM3
SIM4
1
21
22
SIM5
SIM1
SIM2
DEBUG 1 994
SIM1
SIM2
SIM3
SIM4
1
21
22
SIM5
SIM1
SIM2
SIM3
SIM4
1
21
22
SIM5
SIM1
SIM2
SIM3
SIM4
1
21
22
SIM5
SIM1
SIM2
SIM3
SIM4
1
21
22
SIM5
SIM1
SIM2
SIM3
SIM4
1
21
22
SIM5
SIM1
SIM2
SIM3
SIM4
1
21
22
SIM5
SIM1
SIM2
SIM3
SIM4
1
21
22
SIM5
SIM1
SIM2
SIM3
SIM4
1
21
22
SIM5
SIM1
SIM2
SIM3
SIM4
1
21
22
SIM5
SIM1
SIM2
SIM3
SIM4
1
21
22
SIM5
SIM1
SIM2
SIM3
SIM4
1
21
22
SIM5
SIM1
SIM2
SIM3
SIM4
1
21
22
SIM5
SIM1
SIM2
SIM3
SIM4
1
21
22
SIM5
SIM1
SIM2
SIM3
SIM4
1
21
22
SIM5
SIM1
SIM2
SIM3
SIM4
1
21
22
SIM5
SIM1
SIM2
SIM3
SIM4
1
21
22
SIM5
SIM1
SIM2
SIM3
SIM4
1
21
22
SIM5
SIM1
SIM2
SIM3
SIM4
1
21
22
SIM5
SIM1
SIM2
SIM3
SIM4
1
21
22
SIM5
SIM1
SIM2
SIM3
SIM4
1
21
22
SIM5
SIM1
SIM2
SIM3
SIM4
1
21
22
SIM5
SIM1
SIM2
SIM3
SIM4
1
21
22
SIM5
SIM1
SIM2
SIM3
SIM4
1
21
22
SIM5
SIM1
SIM2
SIM3
SIM4
1
21
22
SIM5
SIM1
SIM2
SIM3
SIM4
1
21
22
SIM5
SIM1
SIM2
SIM3
SIM4
1
21
22
SIM5
SIM1
SIM2
SIM3
SIM4
1
21
22
SIM5
SIM1
SIM2
SIM3
SIM4
1
21
22
SIM5
SIM1
SIM2
SIM3
SIM4
1
21
22
SIM5
SIM1
SIM2
SIM3
SIM4
1
21
22
SIM5
SIM1
SIM2
SIM3
SIM4
1
21
22
SIM5
SIM1
SIM2
SIM3
SIM4
1
21
22
SIM5
SIM1
SIM2
SIM3
SIM4
1
21
22
SIM5
SIM1
SIM2
SIM3
SIM4
1
21
22
SIM5
SIM1
SIM2
SIM3
SIM4
1
21
22
SIM5
SIM1
SIM2
SIM3
SIM4
1
21
22
SIM5
SIM1
SIM2
SIM3
SIM4
1
21
22
SIM5
SIM1
SIM2
SIM3
SIM4
1
21
22
SIM5
SIM1
SIM2
SIM3
SIM4
1
21
22
SIM5
SIM1
SIM2
SIM3
SIM4
1
21
22
SIM5
SIM1
SIM2
SIM3
SIM4
1
21
22
SIM5
SIM1
SIM2
SIM3
SIM4
1
21
22
SIM5
SIM1
SIM2
SIM3
SIM4
1
21
22
SIM5
SIM1
SIM2
SIM3
SIM4
1
21
22
SIM5
SIM1
SIM2
SIM3
SIM4
1
21
22
SIM5
SIM1
SIM2
SIM3
SIM4
1
21
22
SIM5
SIM1
SIM2
SIM3
SIM4
1
21
22
SIM5
SIM1
SIM2
SIM3
SIM4
1
21
22
SIM5
SIM1
SIM2
SIM3
SIM4
1
21
22
SIM5
SIM1
SIM2
SIM3
SIM4
1
21
22
SIM5
SIM1
SIM2
SIM3
SIM4
1
21
22
SIM5
SIM1
SIM2
SIM3
SIM4
1
21
22
SIM5
SIM1
SIM2
SIM3
SIM4
1
21
22
SIM5
SIM1
SIM2
SIM3
SIM4
1
21
22
SIM5
SIM1
SIM2
SIM3
SIM4
1
21
22
SIM5
SIM1
SIM2
SIM3
SIM4
1
21
22
SIM5
SIM1
SIM2
SIM3
SIM4
1
21
22
SIM5
SIM1
SIM2
SIM3
SIM4
1
21
22
SIM5
SIM1
SIM2
SIM3
SIM4
1
21
22
SIM5
SIM1
SIM2
SIM3
SIM4
1
21
22
SIM5
SIM1
SIM2
SIM3
SIM4
1
21
22
SIM5
SIM1
SIM2
SIM3
SIM4
1
21
22
SIM5
SIM1
SIM2
SIM3
SIM4
1
21
22
SIM5
SIM1
SIM2
SIM3
SIM4
1
21
22
SIM5
SIM1
SIM2
SIM3
SIM4
1
21
22
SIM5
SIM1
SIM2
SIM3
SIM4
1
21
22
SIM5
SIM1
SIM2
SIM3
SIM4
1
21
22
SIM5
SIM1
SIM2
SIM3
SIM4
1
21
22
SIM5
SIM1
SIM2
SIM3
SIM4
1
21
22
SIM5
SIM1
SIM2
SIM3
SIM4
1
21
22
SIM5
SIM1
SIM2
SIM3
SIM4
1
21
22
SIM5
SIM1
SIM2
SIM3
SIM4
1
21
22
SIM5
SIM1
SIM2
SIM3
SIM4
1
21
22
SIM5
SIM1
SIM2
SIM3
SIM4
1
21
22
SIM5
SIM1
SIM2
SIM3
SIM4
1
21
22
SIM5
SIM1
SIM2
SIM3
SIM4
1
21
22
SIM5
SIM1
SIM2
SIM3
SIM4
1
21
22
SIM5
SIM1
SIM2
SIM3
SIM4
1
21
22
SIM5
SIM1
SIM2
SIM3
SIM4
1
21
22
SIM5
SIM1
SIM2
SIM3
SIM4
1
21
22
SIM5
SIM1
SIM2
SIM3
SIM4
1
21
22
SIM5
SIM1
SIM2
SIM3
SIM4
1
21
22
SIM5
SIM1
SIM2
SIM3
SIM4
1
21
22
SIM5
SIM1
SIM2
SIM3
SIM4
1
21
22
SIM5
SIM1
SIM2
SIM3
SIM4
1
21
22
SIM5
SIM1
SIM2
SIM3
SIM4
1
21
22
SIM5
SIM1
SIM2
SIM3
SIM4
1
21
22
SIM5
SIM1
SIM2
SIM3
SIM4
1
21
22
SIM5
SIM1
SIM2
SIM3
SIM4
1
21
22
SIM5
SIM1
SIM2
SIM3
SIM4
1
21
22
SIM5
SIM1
SIM2
SIM3
SIM4
1
21
22
SIM5
SIM1
SIM2
SIM3
SIM4
1
21
22
SIM5
SIM1
SIM2
SIM3
SIM4
1
21
22
SIM5
SIM1
SIM2
SIM3
SIM4
1
21
22
SIM5
SIM1
SIM2
SIM3
SIM4
1
21
22
SIM5
SIM1
SIM2
SIM3
SIM4
1
21
22
SIM5
SIM1
SIM2
SIM3
SIM4
1
21
22
SIM5
SIM1
SIM2
SIM3
SIM4
1
21
22
SIM5
SIM1
SIM2
SIM3
SIM4
1
21
22
SIM5
SIM1
SIM2
SIM3
SIM4
1
21
22
SIM5
SIM1
SIM2
SIM3
SIM4
1
21
22
SIM5
SIM1
SIM2
SIM3
SIM4
1
21
22
SIM5
SIM1
SIM2
SIM3
SIM4
1
21
22
SIM5
SIM1
SIM2
DEBUG 1 995
SIM1
SIM2
SIM3
SIM4
1
21
22
SIM5
SIM1
SIM2
SIM3
SIM4
1
21
22
SIM5
SIM1
SIM2
SIM3
SIM4
1
21
22
SIM5
SIM1
SIM2
SIM3
SIM4
1
21
22
SIM5
SIM1
SIM2
SIM3
SIM4
1
21
22
SIM5
SIM1
SIM2
SIM3
SIM4
1
21
22
SIM5
SIM1
SIM2
SIM3
SIM4
1
21
22
SIM5
SIM1
SIM2
SIM3
SIM4
1
21
22
SIM5
SIM1
SIM2
SIM3
SIM4
1
21
22
SIM5
SIM1
SIM2
SIM3
SIM4
1
21
22
SIM5
SIM1
SIM2
SIM3
SIM4
1
21
22
SIM5
SIM1
SIM2
SIM3
SIM4
1
21
22
SIM5
SIM1
SIM2
SIM3
SIM4
1
21
22
SIM5
SIM1
SIM2
SIM3
SIM4
1
21
22
SIM5
SIM1
SIM2
SIM3
SIM4
1
21
22
SIM5
SIM1
SIM2
SIM3
SIM4
1
21
22
SIM5
SIM1
SIM2
SIM3
SIM4
1
21
22
SIM5
SIM1
SIM2
SIM3
SIM4
1
21
22
SIM5
SIM1
SIM2
SIM3
SIM4
1
21
22
SIM5
SIM1
SIM2
SIM3
SIM4
1
21
22
SIM5
SIM1
SIM2
SIM3
SIM4
1
21
22
SIM5
SIM1
SIM2
SIM3
SIM4
1
21
22
SIM5
SIM1
SIM2
SIM3
SIM4
1
21
22
SIM5
SIM1
SIM2
SIM3
SIM4
1
21
22
SIM5
SIM1
SIM2
SIM3
SIM4
1
21
22
SIM5
SIM1
SIM2
SIM3
SIM4
1
21
22
SIM5
SIM1
SIM2
SIM3
SIM4
1
21
22
SIM5
SIM1
SIM2
SIM3
SIM4
1
21
22
SIM5
SIM1
SIM2
SIM3
SIM4
1
21
22
SIM5
SIM1
SIM2
SIM3
SIM4
1
21
22
SIM5
SIM1
SIM2
SIM3
SIM4
1
21
22
SIM5
SIM1
SIM2
SIM3
SIM4
1
21
22
SIM5
SIM1
SIM2
SIM3
SIM4
1
21
22
SIM5
SIM1
SIM2
SIM3
SIM4
1
21
22
SIM5
SIM1
SIM2
SIM3
SIM4
1
21
22
SIM5
SIM1
SIM2
SIM3
SIM4
1
21
22
SIM5
SIM1
SIM2
SIM3
SIM4
1
21
22
SIM5
SIM1
SIM2
SIM3
SIM4
1
21
22
SIM5
SIM1
SIM2
SIM3
SIM4
1
21
22
SIM5
SIM1
SIM2
SIM3
SIM4
1
21
22
SIM5
SIM1
SIM2
SIM3
SIM4
1
21
22
SIM5
SIM1
SIM2
SIM3
SIM4
1
21
22
SIM5
SIM1
SIM2
SIM3
SIM4
1
21
22
SIM5
SIM1
SIM2
SIM3
SIM4
1
21
22
SIM5
SIM1
SIM2
SIM3
SIM4
1
21
22
SIM5
SIM1
SIM2
SIM3
SIM4
1
21
22
SIM5
SIM1
SIM2
SIM3
SIM4
1
21
22
SIM5
SIM1
SIM2
SIM3
SIM4
1
21
22
SIM5
SIM1
SIM2
SIM3
SIM4
1
21
22
SIM5
SIM1
SIM2
SIM3
SIM4
1
21
22
SIM5
SIM1
SIM2
SIM3
SIM4
1
21
22
SIM5
SIM1
SIM2
SIM3
SIM4
1
21
22
SIM5
SIM1
SIM2
SIM3
SIM4
1
21
22
SIM5
SIM1
SIM2
SIM3
SIM4
1
21
22
SIM5
SIM1
SIM2
SIM3
SIM4
1
21
22
SIM5
SIM1
SIM2
SIM3
SIM4
1
21
22
SIM5
SIM1
SIM2
SIM3
SIM4
1
21
22
SIM5
SIM1
SIM2
SIM3
SIM4
1
21
22
SIM5
SIM1
SIM2
SIM3
SIM4
1
21
22
SIM5
SIM1
SIM2
SIM3
SIM4
1
21
22
SIM5
SIM1
SIM2
SIM3
SIM4
1
21
22
SIM5
SIM1
SIM2
SIM3
SIM4
1
21
22
SIM5
SIM1
SIM2
SIM3
SIM4
1
21
22
SIM5
SIM1
SIM2
SIM3
SIM4
1
21
22
SIM5
SIM1
SIM2
SIM3
SIM4
1
21
22
SIM5
SIM1
SIM2
SIM3
SIM4
1
21
22
SIM5
SIM1
SIM2
SIM3
SIM4
1
21
22
SIM5
SIM1
SIM2
SIM3
SIM4
1
21
22
SIM5
SIM1
SIM2
SIM3
SIM4
1
21
22
SIM5
SIM1
SIM2
SIM3
SIM4
1
21
22
SIM5
SIM1
SIM2
SIM3
SIM4
1
21
22
SIM5
SIM1
SIM2
SIM3
SIM4
1
21
22
SIM5
SIM1
SIM2
SIM3
SIM4
1
21
22
SIM5
SIM1
SIM2
SIM3
SIM4
1
21
22
SIM5
SIM1
SIM2
SIM3
SIM4
1
21
22
SIM5
SIM1
SIM2
SIM3
SIM4
1
21
22
SIM5
SIM1
SIM2
SIM3
SIM4
1
21
22
SIM5
SIM1
SIM2
SIM3
SIM4
1
21
22
SIM5
SIM1
SIM2
SIM3
SIM4
1
21
22
SIM5
SIM1
SIM2
SIM3
SIM4
1
21
22
SIM5
SIM1
SIM2
SIM3
SIM4
1
21
22
SIM5
SIM1
SIM2
SIM3
SIM4
1
21
22
SIM5
SIM1
SIM2
SIM3
SIM4
1
21
22
SIM5
SIM1
SIM2
SIM3
SIM4
1
21
22
SIM5
SIM1
SIM2
SIM3
SIM4
1
21
22
SIM5
SIM1
SIM2
SIM3
SIM4
1
21
22
SIM5
SIM1
SIM2
SIM3
SIM4
1
21
22
SIM5
SIM1
SIM2
SIM3
SIM4
1
21
22
SIM5
SIM1
SIM2
SIM3
SIM4
1
21
22
SIM5
SIM1
SIM2
SIM3
SIM4
1
21
22
SIM5
SIM1
SIM2
SIM3
SIM4
1
21
22
SIM5
SIM1
SIM2
SIM3
SIM4
1
21
22
SIM5
SIM1
SIM2
SIM3
SIM4
1
21
22
SIM5
SIM1
SIM2
SIM3
SIM4
1
21
22
SIM5
SIM1
SIM2
SIM3
SIM4
1
21
22
SIM5
SIM1
SIM2
SIM3
SIM4
1
21
22
SIM5
SIM1
SIM2
SIM3
SIM4
1
21
22
SIM5
SIM1
SIM2
SIM3
SIM4
1
21
22
SIM5
SIM1
SIM2
SIM3
SIM4
1
21
22
SIM5
SIM1
SIM2
SIM3
SIM4
1
21
22
SIM5
SIM1
SIM2
SIM3
SIM4
1
21
22
SIM5
SIM1
SIM2
SIM3
SIM4
1
21
22
SIM5
SIM1
SIM2
SIM3
SIM4
1
21
22
SIM5
SIM1
SIM2
SIM3
SIM4
1
21
22
SIM5
SIM1
SIM2
SIM3
SIM4
1
21
22
SIM5
SIM1
SIM2
SIM3
SIM4
1
21
22
SIM5
SIM1
SIM2
SIM3
SIM4
1
21
22
SIM5
SIM1
SIM2
SIM3
SIM4
1
21
22
SIM5
SIM1
SIM2
SIM3
SIM4
1
21
22
SIM5
SIM1
SIM2
SIM3
SIM4
1
21
22
SIM5
SIM1
SIM2
SIM3
SIM4
1
21
22
SIM5
SIM1
SIM2
SIM3
SIM4
1
21
22
SIM5
SIM1
SIM2
SIM3
SIM4
1
21
22
SIM5
SIM1
SIM2
SIM3
SIM4
1
21
22
SIM5
SIM1
SIM2
SIM3
SIM4
1
21
22
SIM5
SIM1
SIM2
SIM3
SIM4
1
21
22
SIM5
SIM1
SIM2
SIM3
SIM4
1
21
22
SIM5
SIM1
SIM2
SIM3
SIM4
1
21
22
SIM5
SIM1
SIM2
SIM3
SIM4
1
21
22
SIM5
SIM1
SIM2
SIM3
SIM4
1
21
22
SIM5
SIM1
SIM2
SIM3
SIM4
1
21
22
SIM5
SIM1
SIM2
SIM3
SIM4
1
21
22
SIM5
SIM1
SIM2
SIM3
SIM4
1
21
22
SIM5
SIM1
SIM2
SIM3
SIM4
1
21
22
SIM5
SIM1
SIM2
SIM3
SIM4
1
21
22
SIM5
SIM1
SIM2
SIM3
SIM4
1
21
22
SIM5
SIM1
SIM2
SIM3
SIM4
1
21
22
SIM5
SIM1
SIM2
SIM3
SIM4
1
21
22
SIM5
SIM1
SIM2
SIM3
SIM4
1
21
22
SIM5
SIM1
SIM2
SIM3
SIM4
1
21
22
SIM5
SIM1
SIM2
SIM3
SIM4
1
21
22
SIM5
SIM1
SIM2
SIM3
SIM4
1
21
22
SIM5
SIM1
SIM2
SIM3
SIM4
1
21
22
SIM5
SIM1
SIM2
SIM3
SIM4
1
21
22
SIM5
SIM1
SIM2
SIM3
SIM4
1
21
22
SIM5
SIM1
SIM2
SIM3
SIM4
1
21
22
SIM5
SIM1
SIM2
SIM3
SIM4
1
21
22
SIM5
SIM1
SIM2
SIM3
SIM4
1
21
22
SIM5
SIM1
SIM2
SIM3
SIM4
1
21
22
SIM5
SIM1
SIM2
SIM3
SIM4
1
21
22
SIM5
SIM1
SIM2
DEBUG 1 996
SIM1
SIM2
SIM3
SIM4
1
21
22
SIM5
SIM1
SIM2
SIM3
SIM4
1
21
22
SIM5
SIM1
SIM2
SIM3
SIM4
1
21
22
SIM5
SIM1
SIM2
SIM3
SIM4
1
21
22
SIM5
SIM1
SIM2
SIM3
SIM4
1
21
22
SIM5
SIM1
SIM2
SIM3
SIM4
1
21
22
SIM5
SIM1
SIM2
SIM3
SIM4
1
21
22
SIM5
SIM1
SIM2
SIM3
SIM4
1
21
22
SIM5
SIM1
SIM2
SIM3
SIM4
1
21
22
SIM5
SIM1
SIM2
SIM3
SIM4
1
21
22
SIM5
SIM1
SIM2
SIM3
SIM4
1
21
22
SIM5
SIM1
SIM2
SIM3
SIM4
1
21
22
SIM5
SIM1
SIM2
SIM3
SIM4
1
21
22
SIM5
SIM1
SIM2
SIM3
SIM4
1
21
22
SIM5
SIM1
SIM2
SIM3
SIM4
1
21
22
SIM5
SIM1
SIM2
SIM3
SIM4
1
21
22
SIM5
SIM1
SIM2
SIM3
SIM4
1
21
22
SIM5
SIM1
SIM2
SIM3
SIM4
1
21
22
SIM5
SIM1
SIM2
SIM3
SIM4
1
21
22
SIM5
SIM1
SIM2
SIM3
SIM4
1
21
22
SIM5
SIM1
SIM2
SIM3
SIM4
1
21
22
SIM5
SIM1
SIM2
SIM3
SIM4
1
21
22
SIM5
SIM1
SIM2
SIM3
SIM4
1
21
22
SIM5
SIM1
SIM2
SIM3
SIM4
1
21
22
SIM5
SIM1
SIM2
SIM3
SIM4
1
21
22
SIM5
SIM1
SIM2
SIM3
SIM4
1
21
22
SIM5
SIM1
SIM2
SIM3
SIM4
1
21
22
SIM5
SIM1
SIM2
SIM3
SIM4
1
21
22
SIM5
SIM1
SIM2
SIM3
SIM4
1
21
22
SIM5
SIM1
SIM2
SIM3
SIM4
1
21
22
SIM5
SIM1
SIM2
SIM3
SIM4
1
21
22
SIM5
SIM1
SIM2
SIM3
SIM4
1
21
22
SIM5
SIM1
SIM2
SIM3
SIM4
1
21
22
SIM5
SIM1
SIM2
SIM3
SIM4
1
21
22
SIM5
SIM1
SIM2
SIM3
SIM4
1
21
22
SIM5
SIM1
SIM2
SIM3
SIM4
1
21
22
SIM5
SIM1
SIM2
SIM3
SIM4
1
21
22
SIM5
SIM1
SIM2
SIM3
SIM4
1
21
22
SIM5
SIM1
SIM2
SIM3
SIM4
1
21
22
SIM5
SIM1
SIM2
SIM3
SIM4
1
21
22
SIM5
SIM1
SIM2
SIM3
SIM4
1
21
22
SIM5
SIM1
SIM2
SIM3
SIM4
1
21
22
SIM5
SIM1
SIM2
SIM3
SIM4
1
21
22
SIM5
SIM1
SIM2
SIM3
SIM4
1
21
22
SIM5
SIM1
SIM2
SIM3
SIM4
1
21
22
SIM5
SIM1
SIM2
SIM3
SIM4
1
21
22
SIM5
SIM1
SIM2
SIM3
SIM4
1
21
22
SIM5
SIM1
SIM2
SIM3
SIM4
1
21
22
SIM5
SIM1
SIM2
SIM3
SIM4
1
21
22
SIM5
SIM1
SIM2
SIM3
SIM4
1
21
22
SIM5
SIM1
SIM2
SIM3
SIM4
1
21
22
SIM5
SIM1
SIM2
SIM3
SIM4
1
21
22
SIM5
SIM1
SIM2
SIM3
SIM4
1
21
22
SIM5
SIM1
SIM2
SIM3
SIM4
1
21
22
SIM5
SIM1
SIM2
SIM3
SIM4
1
21
22
SIM5
SIM1
SIM2
SIM3
SIM4
1
21
22
SIM5
SIM1
SIM2
SIM3
SIM4
1
21
22
SIM5
SIM1
SIM2
SIM3
SIM4
1
21
22
SIM5
SIM1
SIM2
SIM3
SIM4
1
21
22
SIM5
SIM1
SIM2
SIM3
SIM4
1
21
22
SIM5
SIM1
SIM2
SIM3
SIM4
1
21
22
SIM5
SIM1
SIM2
SIM3
SIM4
1
21
22
SIM5
SIM1
SIM2
SIM3
SIM4
1
21
22
SIM5
SIM1
SIM2
SIM3
SIM4
1
21
22
SIM5
SIM1
SIM2
SIM3
SIM4
1
21
22
SIM5
SIM1
SIM2
SIM3
SIM4
1
21
22
SIM5
SIM1
SIM2
SIM3
SIM4
1
21
22
SIM5
SIM1
SIM2
SIM3
SIM4
1
21
22
SIM5
SIM1
SIM2
SIM3
SIM4
1
21
22
SIM5
SIM1
SIM2
SIM3
SIM4
1
21
22
SIM5
SIM1
SIM2
SIM3
SIM4
1
21
22
SIM5
SIM1
SIM2
SIM3
SIM4
1
21
22
SIM5
SIM1
SIM2
SIM3
SIM4
1
21
22
SIM5
SIM1
SIM2
SIM3
SIM4
1
21
22
SIM5
SIM1
SIM2
SIM3
SIM4
1
21
22
SIM5
SIM1
SIM2
SIM3
SIM4
1
21
22
SIM5
SIM1
SIM2
SIM3
SIM4
1
21
22
SIM5
SIM1
SIM2
SIM3
SIM4
1
21
22
SIM5
SIM1
SIM2
SIM3
SIM4
1
21
22
SIM5
SIM1
SIM2
SIM3
SIM4
1
21
22
SIM5
SIM1
SIM2
SIM3
SIM4
1
21
22
SIM5
SIM1
SIM2
SIM3
SIM4
1
21
22
SIM5
SIM1
SIM2
SIM3
SIM4
1
21
22
SIM5
SIM1
SIM2
SIM3
SIM4
1
21
22
SIM5
SIM1
SIM2
SIM3
SIM4
1
21
22
SIM5
SIM1
SIM2
SIM3
SIM4
1
21
22
SIM5
SIM1
SIM2
SIM3
SIM4
1
21
22
SIM5
SIM1
SIM2
SIM3
SIM4
1
21
22
SIM5
SIM1
SIM2
SIM3
SIM4
1
21
22
SIM5
SIM1
SIM2
SIM3
SIM4
1
21
22
SIM5
SIM1
SIM2
SIM3
SIM4
1
21
22
SIM5
SIM1
SIM2
SIM3
SIM4
1
21
22
SIM5
SIM1
SIM2
SIM3
SIM4
1
21
22
SIM5
SIM1
SIM2
SIM3
SIM4
1
21
22
SIM5
SIM1
SIM2
SIM3
SIM4
1
21
22
SIM5
SIM1
SIM2
SIM3
SIM4
1
21
22
SIM5
SIM1
SIM2
SIM3
SIM4
1
21
22
SIM5
SIM1
SIM2
SIM3
SIM4
1
21
22
SIM5
SIM1
SIM2
SIM3
SIM4
1
21
22
SIM5
SIM1
SIM2
SIM3
SIM4
1
21
22
SIM5
SIM1
SIM2
SIM3
SIM4
1
21
22
SIM5
SIM1
SIM2
SIM3
SIM4
1
21
22
SIM5
SIM1
SIM2
SIM3
SIM4
1
21
22
SIM5
SIM1
SIM2
SIM3
SIM4
1
21
22
SIM5
SIM1
SIM2
SIM3
SIM4
1
21
22
SIM5
SIM1
SIM2
SIM3
SIM4
1
21
22
SIM5
SIM1
SIM2
SIM3
SIM4
1
21
22
SIM5
SIM1
SIM2
DEBUG 1 997
SIM1
SIM2
SIM3
SIM4
1
21
22
SIM5
SIM1
SIM2
SIM3
SIM4
1
21
22
SIM5
SIM1
SIM2
SIM3
SIM4
1
21
22
SIM5
SIM1
SIM2
SIM3
SIM4
1
21
22
SIM5
SIM1
SIM2
SIM3
SIM4
1
21
22
SIM5
SIM1
SIM2
SIM3
SIM4
1
21
22
SIM5
SIM1
SIM2
SIM3
SIM4
1
21
22
SIM5
SIM1
SIM2
SIM3
SIM4
1
21
22
SIM5
SIM1
SIM2
SIM3
SIM4
1
21
22
SIM5
SIM1
SIM2
SIM3
SIM4
1
21
22
SIM5
SIM1
SIM2
SIM3
SIM4
1
21
22
SIM5
SIM1
SIM2
SIM3
SIM4
1
21
22
SIM5
SIM1
SIM2
SIM3
SIM4
1
21
22
SIM5
SIM1
SIM2
SIM3
SIM4
1
21
22
SIM5
SIM1
SIM2
SIM3
SIM4
1
21
22
SIM5
SIM1
SIM2
SIM3
SIM4
1
21
22
SIM5
SIM1
SIM2
SIM3
SIM4
1
21
22
SIM5
SIM1
SIM2
SIM3
SIM4
1
21
22
SIM5
SIM1
SIM2
SIM3
SIM4
1
21
22
SIM5
SIM1
SIM2
SIM3
SIM4
1
21
22
SIM5
SIM1
SIM2
SIM3
SIM4
1
21
22
SIM5
SIM1
SIM2
SIM3
SIM4
1
21
22
SIM5
SIM1
SIM2
SIM3
SIM4
1
21
22
SIM5
SIM1
SIM2
SIM3
SIM4
1
21
22
SIM5
SIM1
SIM2
SIM3
SIM4
1
21
22
SIM5
SIM1
SIM2
SIM3
SIM4
1
21
22
SIM5
SIM1
SIM2
SIM3
SIM4
1
21
22
SIM5
SIM1
SIM2
SIM3
SIM4
1
21
22
SIM5
SIM1
SIM2
SIM3
SIM4
1
21
22
SIM5
SIM1
SIM2
SIM3
SIM4
1
21
22
SIM5
SIM1
SIM2
SIM3
SIM4
1
21
22
SIM5
SIM1
SIM2
SIM3
SIM4
1
21
22
SIM5
SIM1
SIM2
SIM3
SIM4
1
21
22
SIM5
SIM1
SIM2
SIM3
SIM4
1
21
22
SIM5
SIM1
SIM2
SIM3
SIM4
1
21
22
SIM5
SIM1
SIM2
SIM3
SIM4
1
21
22
SIM5
SIM1
SIM2
SIM3
SIM4
1
21
22
SIM5
SIM1
SIM2
SIM3
SIM4
1
21
22
SIM5
SIM1
SIM2
SIM3
SIM4
1
21
22
SIM5
SIM1
SIM2
SIM3
SIM4
1
21
22
SIM5
SIM1
SIM2
SIM3
SIM4
1
21
22
SIM5
SIM1
SIM2
SIM3
SIM4
1
21
22
SIM5
SIM1
SIM2
SIM3
SIM4
1
21
22
SIM5
SIM1
SIM2
SIM3
SIM4
1
21
22
SIM5
SIM1
SIM2
SIM3
SIM4
1
21
22
SIM5
SIM1
SIM2
SIM3
SIM4
1
21
22
SIM5
SIM1
SIM2
SIM3
SIM4
1
21
22
SIM5
SIM1
SIM2
SIM3
SIM4
1
21
22
SIM5
SIM1
SIM2
SIM3
SIM4
1
21
22
SIM5
SIM1
SIM2
SIM3
SIM4
1
21
22
SIM5
SIM1
SIM2
SIM3
SIM4
1
21
22
SIM5
SIM1
SIM2
SIM3
SIM4
1
21
22
SIM5
SIM1
SIM2
SIM3
SIM4
1
21
22
SIM5
SIM1
SIM2
SIM3
SIM4
1
21
22
SIM5
SIM1
SIM2
SIM3
SIM4
1
21
22
SIM5
SIM1
SIM2
SIM3
SIM4
1
21
22
SIM5
SIM1
SIM2
SIM3
SIM4
1
21
22
SIM5
SIM1
SIM2
SIM3
SIM4
1
21
22
SIM5
SIM1
SIM2
SIM3
SIM4
1
21
22
SIM5
SIM1
SIM2
SIM3
SIM4
1
21
22
SIM5
SIM1
SIM2
SIM3
SIM4
1
21
22
SIM5
SIM1
SIM2
SIM3
SIM4
1
21
22
SIM5
SIM1
SIM2
SIM3
SIM4
1
21
22
SIM5
SIM1
SIM2
SIM3
SIM4
1
21
22
SIM5
SIM1
SIM2
SIM3
SIM4
1
21
22
SIM5
SIM1
SIM2
SIM3
SIM4
1
21
22
SIM5
SIM1
SIM2
SIM3
SIM4
1
21
22
SIM5
SIM1
SIM2
SIM3
SIM4
1
21
22
SIM5
SIM1
SIM2
SIM3
SIM4
1
21
22
SIM5
SIM1
SIM2
SIM3
SIM4
1
21
22
SIM5
SIM1
SIM2
SIM3
SIM4
1
21
22
SIM5
SIM1
SIM2
SIM3
SIM4
1
21
22
SIM5
SIM1
SIM2
SIM3
SIM4
1
21
22
SIM5
SIM1
SIM2
SIM3
SIM4
1
21
22
SIM5
SIM1
SIM2
SIM3
SIM4
1
21
22
SIM5
SIM1
SIM2
SIM3
SIM4
1
21
22
SIM5
SIM1
SIM2
SIM3
SIM4
1
21
22
SIM5
SIM1
SIM2
SIM3
SIM4
1
21
22
SIM5
SIM1
SIM2
SIM3
SIM4
1
21
22
SIM5
SIM1
SIM2
SIM3
SIM4
1
21
22
SIM5
SIM1
SIM2
SIM3
SIM4
1
21
22
SIM5
SIM1
SIM2
SIM3
SIM4
1
21
22
SIM5
SIM1
SIM2
SIM3
SIM4
1
21
22
SIM5
SIM1
SIM2
SIM3
SIM4
1
21
22
SIM5
SIM1
SIM2
SIM3
SIM4
1
21
22
SIM5
SIM1
SIM2
SIM3
SIM4
1
21
22
SIM5
SIM1
SIM2
SIM3
SIM4
1
21
22
SIM5
SIM1
SIM2
DEBUG 1 998
SIM1
SIM2
SIM3
SIM4
1
21
22
SIM5
SIM1
SIM2
SIM3
SIM4
1
21
22
SIM5
SIM1
SIM2
SIM3
SIM4
1
21
22
SIM5
SIM1
SIM2
SIM3
SIM4
1
21
22
SIM5
SIM1
SIM2
SIM3
SIM4
1
21
22
SIM5
SIM1
SIM2
SIM3
SIM4
1
21
22
SIM5
SIM1
SIM2
SIM3
SIM4
1
21
22
SIM5
SIM1
SIM2
SIM3
SIM4
1
21
22
SIM5
SIM1
SIM2
SIM3
SIM4
1
21
22
SIM5
SIM1
SIM2
SIM3
SIM4
1
21
22
SIM5
SIM1
SIM2
SIM3
SIM4
1
21
22
SIM5
SIM1
SIM2
SIM3
SIM4
1
21
22
SIM5
SIM1
SIM2
SIM3
SIM4
1
21
22
SIM5
SIM1
SIM2
SIM3
SIM4
1
21
22
SIM5
SIM1
SIM2
SIM3
SIM4
1
21
22
SIM5
SIM1
SIM2
SIM3
SIM4
1
21
22
SIM5
SIM1
SIM2
SIM3
SIM4
1
21
22
SIM5
SIM1
SIM2
SIM3
SIM4
1
21
22
SIM5
SIM1
SIM2
SIM3
SIM4
1
21
22
SIM5
SIM1
SIM2
SIM3
SIM4
1
21
22
SIM5
SIM1
SIM2
SIM3
SIM4
1
21
22
SIM5
SIM1
SIM2
SIM3
SIM4
1
21
22
SIM5
SIM1
SIM2
SIM3
SIM4
1
21
22
SIM5
SIM1
SIM2
SIM3
SIM4
1
21
22
SIM5
SIM1
SIM2
SIM3
SIM4
1
21
22
SIM5
SIM1
SIM2
SIM3
SIM4
1
21
22
SIM5
SIM1
SIM2
SIM3
SIM4
1
21
22
SIM5
SIM1
SIM2
SIM3
SIM4
1
21
22
SIM5
SIM1
SIM2
SIM3
SIM4
1
21
22
SIM5
SIM1
SIM2
SIM3
SIM4
1
21
22
SIM5
SIM1
SIM2
SIM3
SIM4
1
21
22
SIM5
SIM1
SIM2
SIM3
SIM4
1
21
22
SIM5
SIM1
SIM2
SIM3
SIM4
1
21
22
SIM5
SIM1
SIM2
SIM3
SIM4
1
21
22
SIM5
SIM1
SIM2
SIM3
SIM4
1
21
22
SIM5
SIM1
SIM2
SIM3
SIM4
1
21
22
SIM5
SIM1
SIM2
SIM3
SIM4
1
21
22
SIM5
SIM1
SIM2
SIM3
SIM4
1
21
22
SIM5
SIM1
SIM2
SIM3
SIM4
1
21
22
SIM5
SIM1
SIM2
SIM3
SIM4
1
21
22
SIM5
SIM1
SIM2
SIM3
SIM4
1
21
22
SIM5
SIM1
SIM2
SIM3
SIM4
1
21
22
SIM5
SIM1
SIM2
SIM3
SIM4
1
21
22
SIM5
SIM1
SIM2
SIM3
SIM4
1
21
22
SIM5
SIM1
SIM2
SIM3
SIM4
1
21
22
SIM5
SIM1
SIM2
SIM3
SIM4
1
21
22
SIM5
SIM1
SIM2
SIM3
SIM4
1
21
22
SIM5
SIM1
SIM2
SIM3
SIM4
1
21
22
SIM5
SIM1
SIM2
SIM3
SIM4
1
21
22
SIM5
SIM1
SIM2
SIM3
SIM4
1
21
22
SIM5
SIM1
SIM2
SIM3
SIM4
1
21
22
SIM5
SIM1
SIM2
SIM3
SIM4
1
21
22
SIM5
SIM1
SIM2
SIM3
SIM4
1
21
22
SIM5
SIM1
SIM2
SIM3
SIM4
1
21
22
SIM5
SIM1
SIM2
SIM3
SIM4
1
21
22
SIM5
SIM1
SIM2
SIM3
SIM4
1
21
22
SIM5
SIM1
SIM2
SIM3
SIM4
1
21
22
SIM5
SIM1
SIM2
SIM3
SIM4
1
21
22
SIM5
SIM1
SIM2
SIM3
SIM4
1
21
22
SIM5
SIM1
SIM2
SIM3
SIM4
1
21
22
SIM5
SIM1
SIM2
SIM3
SIM4
1
21
22
SIM5
SIM1
SIM2
SIM3
SIM4
1
21
22
SIM5
SIM1
SIM2
SIM3
SIM4
1
21
22
SIM5
SIM1
SIM2
SIM3
SIM4
1
21
22
SIM5
SIM1
SIM2
SIM3
SIM4
1
21
22
SIM5
SIM1
SIM2
SIM3
SIM4
1
21
22
SIM5
SIM1
SIM2
SIM3
SIM4
1
21
22
SIM5
SIM1
SIM2
SIM3
SIM4
1
21
22
SIM5
SIM1
SIM2
SIM3
SIM4
1
21
22
SIM5
SIM1
SIM2
SIM3
SIM4
1
21
22
SIM5
SIM1
SIM2
SIM3
SIM4
1
21
22
SIM5
SIM1
SIM2
SIM3
SIM4
1
21
22
SIM5
SIM1
SIM2
SIM3
SIM4
1
21
22
SIM5
SIM1
SIM2
SIM3
SIM4
1
21
22
SIM5
SIM1
SIM2
SIM3
SIM4
1
21
22
SIM5
SIM1
SIM2
SIM3
SIM4
1
21
22
SIM5
SIM1
SIM2
SIM3
SIM4
1
21
22
SIM5
SIM1
SIM2
SIM3
SIM4
1
21
22
SIM5
SIM1
SIM2
SIM3
SIM4
1
21
22
SIM5
SIM1
SIM2
SIM3
SIM4
1
21
22
SIM5
SIM1
SIM2
SIM3
SIM4
1
21
22
SIM5
SIM1
SIM2
SIM3
SIM4
1
21
22
SIM5
SIM1
SIM2
SIM3
SIM4
1
21
22
SIM5
SIM1
SIM2
SIM3
SIM4
1
21
22
SIM5
SIM1
SIM2
SIM3
SIM4
1
21
22
SIM5
SIM1
SIM2
SIM3
SIM4
1
21
22
SIM5
SIM1
SIM2
SIM3
SIM4
1
21
22
SIM5
SIM1
SIM2
SIM3
SIM4
1
21
22
SIM5
SIM1
SIM2
SIM3
SIM4
1
21
22
SIM5
SIM1
SIM2
SIM3
SIM4
1
21
22
SIM5
SIM1
SIM2
SIM3
SIM4
1
21
22
SIM5
SIM1
SIM2
SIM3
SIM4
1
21
22
SIM5
SIM1
SIM2
SIM3
SIM4
1
21
22
SIM5
SIM1
SIM2
SIM3
SIM4
1
21
22
SIM5
SIM1
SIM2
SIM3
SIM4
1
21
22
SIM5
SIM1
SIM2
SIM3
SIM4
1
21
22
SIM5
SIM1
SIM2
SIM3
SIM4
1
21
22
SIM5
SIM1
SIM2
SIM3
SIM4
1
21
22
SIM5
SIM1
SIM2
SIM3
SIM4
1
21
22
SIM5
SIM1
SIM2
SIM3
SIM4
1
21
22
SIM5
SIM1
SIM2
SIM3
SIM4
1
21
22
SIM5
SIM1
SIM2
SIM3
SIM4
1
21
22
SIM5
SIM1
SIM2
SIM3
SIM4
1
21
22
SIM5
SIM1
SIM2
SIM3
SIM4
1
21
22
SIM5
SIM1
SIM2
SIM3
SIM4
1
21
22
SIM5
SIM1
SIM2
SIM3
SIM4
1
21
22
SIM5
SIM1
SIM2
SIM3
SIM4
1
21
22
SIM5
SIM1
SIM2
SIM3
SIM4
1
21
22
SIM5
SIM1
SIM2
SIM3
SIM4
1
21
22
SIM5
SIM1
SIM2
SIM3
SIM4
1
21
22
SIM5
SIM1
SIM2
SIM3
SIM4
1
21
22
SIM5
SIM1
SIM2
SIM3
SIM4
1
21
22
SIM5
SIM1
SIM2
SIM3
SIM4
1
21
22
SIM5
SIM1
SIM2
SIM3
SIM4
1
21
22
SIM5
SIM1
SIM2
SIM3
SIM4
1
21
22
SIM5
SIM1
SIM2
SIM3
SIM4
1
21
22
SIM5
SIM1
SIM2
SIM3
SIM4
1
21
22
SIM5
SIM1
SIM2
SIM3
SIM4
1
21
22
SIM5
SIM1
SIM2
SIM3
SIM4
1
21
22
SIM5
SIM1
SIM2
SIM3
SIM4
1
21
22
SIM5
SIM1
SIM2
SIM3
SIM4
1
21
22
SIM5
SIM1
SIM2
SIM3
SIM4
1
21
22
SIM5
SIM1
SIM2
SIM3
SIM4
1
21
22
SIM5
SIM1
SIM2
SIM3
SIM4
1
21
22
SIM5
SIM1
SIM2
SIM3
SIM4
1
21
22
SIM5
SIM1
SIM2
SIM3
SIM4
1
21
22
SIM5
SIM1
SIM2
SIM3
SIM4
1
21
22
SIM5
SIM1
SIM2
SIM3
SIM4
1
21
22
SIM5
SIM1
SIM2
SIM3
SIM4
1
21
22
SIM5
SIM1
SIM2
SIM3
SIM4
1
21
22
SIM5
SIM1
SIM2
SIM3
SIM4
1
21
22
SIM5
SIM1
SIM2
SIM3
SIM4
1
21
22
SIM5
SIM1
SIM2
SIM3
SIM4
1
21
22
SIM5
SIM1
SIM2
SIM3
SIM4
1
21
22
SIM5
SIM1
SIM2
SIM3
SIM4
1
21
22
SIM5
SIM1
SIM2
SIM3
SIM4
1
21
22
SIM5
SIM1
SIM2
SIM3
SIM4
1
21
22
SIM5
SIM1
SIM2
SIM3
SIM4
1
21
22
SIM5
SIM1
SIM2
SIM3
SIM4
1
21
22
SIM5
SIM1
SIM2
SIM3
SIM4
1
21
22
SIM5
SIM1
SIM2
SIM3
SIM4
1
21
22
SIM5
SIM1
SIM2
SIM3
SIM4
1
21
22
SIM5
SIM1
SIM2
SIM3
SIM4
1
21
22
SIM5
SIM1
SIM2
SIM3
SIM4
1
21
22
SIM5
SIM1
SIM2
SIM3
SIM4
1
21
22
SIM5
SIM1
SIM2
SIM3
SIM4
1
21
22
SIM5
SIM1
SIM2
SIM3
SIM4
1
21
22
SIM5
SIM1
SIM2
SIM3
SIM4
1
21
22
SIM5
SIM1
SIM2
SIM3
SIM4
1
21
22
SIM5
SIM1
SIM2
SIM3
SIM4
1
21
22
SIM5
SIM1
SIM2
SIM3
SIM4
1
21
22
SIM5
SIM1
SIM2
SIM3
SIM4
1
21
22
SIM5
SIM1
SIM2
SIM3
SIM4
1
21
22
SIM5
SIM1
SIM2
SIM3
SIM4
1
21
22
SIM5
SIM1
SIM2
SIM3
SIM4
1
21
22
SIM5
SIM1
SIM2
SIM3
SIM4
1
21
22
SIM5
SIM1
SIM2
SIM3
SIM4
1
21
22
SIM5
SIM1
SIM2
SIM3
SIM4
1
21
22
SIM5
SIM1
SIM2
SIM3
SIM4
1
21
22
SIM5
SIM1
SIM2
SIM3
SIM4
1
21
22
SIM5
SIM1
SIM2
SIM3
SIM4
1
21
22
SIM5
SIM1
SIM2
SIM3
SIM4
1
21
22
SIM5
SIM1
SIM2
SIM3
SIM4
1
21
22
SIM5
SIM1
SIM2
SIM3
SIM4
1
21
22
SIM5
SIM1
SIM2
SIM3
SIM4
1
21
22
SIM5
SIM1
SIM2
SIM3
SIM4
1
21
22
SIM5
SIM1
SIM2
SIM3
SIM4
1
21
22
SIM5
SIM1
SIM2
SIM3
SIM4
1
21
22
SIM5
SIM1
SIM2
SIM3
SIM4
1
21
22
SIM5
SIM1
SIM2
SIM3
SIM4
1
21
22
SIM5
SIM1
SIM2
SIM3
SIM4
1
21
22
SIM5
SIM1
SIM2
SIM3
SIM4
1
21
22
SIM5
SIM1
SIM2
SIM3
SIM4
1
21
22
SIM5
SIM1
SIM2
SIM3
SIM4
1
21
22
SIM5
SIM1
SIM2
SIM3
SIM4
1
21
22
SIM5
SIM1
SIM2
SIM3
SIM4
1
21
22
SIM5
SIM1
SIM2
SIM3
SIM4
1
21
22
SIM5
SIM1
SIM2
SIM3
SIM4
1
21
22
SIM5
SIM1
SIM2
SIM3
SIM4
1
21
22
SIM5
SIM1
SIM2
SIM3
SIM4
1
21
22
SIM5
SIM1
SIM2
SIM3
SIM4
1
21
22
SIM5
SIM1
SIM2
SIM3
SIM4
1
21
22
SIM5
SIM1
SIM2
SIM3
SIM4
1
21
22
SIM5
SIM1
SIM2
SIM3
SIM4
1
21
22
SIM5
SIM1
SIM2
SIM3
SIM4
1
21
22
SIM5
SIM1
SIM2
SIM3
SIM4
1
21
22
SIM5
SIM1
SIM2
SIM3
SIM4
1
21
22
SIM5
SIM1
SIM2
SIM3
SIM4
1
21
22
SIM5
SIM1
SIM2
SIM3
SIM4
1
21
22
SIM5
SIM1
SIM2
SIM3
SIM4
1
21
22
SIM5
SIM1
SIM2
SIM3
SIM4
1
21
22
SIM5
SIM1
SIM2
SIM3
SIM4
1
21
22
SIM5
SIM1
SIM2
SIM3
SIM4
1
21
22
SIM5
SIM1
SIM2
SIM3
SIM4
1
21
22
SIM5
SIM1
SIM2
SIM3
SIM4
1
21
22
SIM5
SIM1
SIM2
SIM3
SIM4
1
21
22
SIM5
SIM1
SIM2
SIM3
SIM4
1
21
22
SIM5
SIM1
SIM2
SIM3
SIM4
1
21
22
SIM5
SIM1
SIM2
SIM3
SIM4
1
21
22
SIM5
SIM1
SIM2
SIM3
SIM4
1
21
22
SIM5
SIM1
SIM2
SIM3
SIM4
1
21
22
SIM5
SIM1
SIM2
SIM3
SIM4
1
21
22
SIM5
SIM1
SIM2
SIM3
SIM4
1
21
22
SIM5
SIM1
SIM2
SIM3
SIM4
1
21
22
SIM5
SIM1
SIM2
SIM3
SIM4
1
21
22
SIM5
SIM1
SIM2
SIM3
SIM4
1
21
22
SIM5
SIM1
SIM2
SIM3
SIM4
1
21
22
SIM5
SIM1
SIM2
SIM3
SIM4
1
21
22
SIM5
SIM1
SIM2
SIM3
SIM4
1
21
22
SIM5
SIM1
SIM2
SIM3
SIM4
1
21
22
SIM5
SIM1
SIM2
SIM3
SIM4
1
21
22
SIM5
SIM1
SIM2
SIM3
SIM4
1
21
22
SIM5
SIM1
SIM2
SIM3
SIM4
1
21
22
SIM5
SIM1
SIM2
SIM3
SIM4
1
21
22
SIM5
SIM1
SIM2
SIM3
SIM4
1
21
22
SIM5
SIM1
SIM2
SIM3
SIM4
1
21
22
SIM5
SIM1
SIM2
SIM3
SIM4
1
21
22
SIM5
SIM1
SIM2
SIM3
SIM4
1
21
22
SIM5
SIM1
SIM2
SIM3
SIM4
1
21
22
SIM5
SIM1
SIM2
SIM3
SIM4
1
21
22
SIM5
SIM1
SIM2
SIM3
SIM4
1
21
22
SIM5
SIM1
SIM2
SIM3
SIM4
1
21
22
SIM5
SIM1
SIM2
SIM3
SIM4
1
21
22
SIM5
SIM1
SIM2
SIM3
SIM4
1
21
22
SIM5
SIM1
SIM2
SIM3
SIM4
1
21
22
SIM5
SIM1
SIM2
SIM3
SIM4
1
21
22
SIM5
SIM1
SIM2
SIM3
SIM4
1
21
22
SIM5
SIM1
SIM2
SIM3
SIM4
1
21
22
SIM5
SIM1
SIM2
SIM3
SIM4
1
21
22
SIM5
SIM1
SIM2
SIM3
SIM4
1
21
22
SIM5
SIM1
SIM2
SIM3
SIM4
1
21
22
SIM5
SIM1
SIM2
SIM3
SIM4
1
21
22
SIM5
SIM1
SIM2
SIM3
SIM4
1
21
22
SIM5
SIM1
SIM2
SIM3
SIM4
1
21
22
SIM5
SIM1
SIM2
SIM3
SIM4
1
21
22
SIM5
SIM1
SIM2
SIM3
SIM4
1
21
22
SIM5
SIM1
SIM2
SIM3
SIM4
1
21
22
SIM5
SIM1
SIM2
SIM3
SIM4
1
21
22
SIM5
SIM1
SIM2
SIM3
SIM4
1
21
22
SIM5
SIM1
SIM2
SIM3
SIM4
1
21
22
SIM5
SIM1
SIM2
SIM3
SIM4
1
21
22
SIM5
SIM1
SIM2
SIM3
SIM4
1
21
22
SIM5
SIM1
SIM2
SIM3
SIM4
1
21
22
SIM5
SIM1
SIM2
SIM3
SIM4
1
21
22
SIM5
SIM1
SIM2
SIM3
SIM4
1
21
22
SIM5
SIM1
SIM2
SIM3
SIM4
1
21
22
SIM5
SIM1
SIM2
SIM3
SIM4
1
21
22
SIM5
SIM1
SIM2
SIM3
SIM4
1
21
22
SIM5
SIM1
SIM2
SIM3
SIM4
1
21
22
SIM5
SIM1
SIM2
SIM3
SIM4
1
21
22
SIM5
SIM1
SIM2
SIM3
SIM4
1
21
22
SIM5
SIM1
SIM2
SIM3
SIM4
1
21
22
SIM5
SIM1
SIM2
SIM3
SIM4
1
21
22
SIM5
SIM1
SIM2
SIM3
SIM4
1
21
22
SIM5
SIM1
SIM2
SIM3
SIM4
1
21
22
SIM5
SIM1
SIM2
SIM3
SIM4
1
21
22
SIM5
SIM1
SIM2
SIM3
SIM4
1
21
22
SIM5
SIM1
SIM2
SIM3
SIM4
1
21
22
SIM5
SIM1
SIM2
SIM3
SIM4
1
21
22
SIM5
SIM1
SIM2
SIM3
SIM4
1
21
22
SIM5
SIM1
SIM2
SIM3
SIM4
1
21
22
SIM5
SIM1
SIM2
SIM3
SIM4
1
21
22
SIM5
SIM1
SIM2
DEBUG 1 999
SIM1
SIM2
SIM3
SIM4
1
21
22
SIM5
SIM1
SIM2
SIM3
SIM4
1
21
22
SIM5
SIM1
SIM2
SIM3
SIM4
1
21
22
SIM5
SIM1
SIM2
SIM3
SIM4
1
21
22
SIM5
SIM1
SIM2
SIM3
SIM4
1
21
22
SIM5
SIM1
SIM2
SIM3
SIM4
1
21
22
SIM5
SIM1
SIM2
SIM3
SIM4
1
21
22
SIM5
SIM1
SIM2
SIM3
SIM4
1
21
22
SIM5
SIM1
SIM2
SIM3
SIM4
1
21
22
SIM5
SIM1
SIM2
SIM3
SIM4
1
21
22
SIM5
SIM1
SIM2
SIM3
SIM4
1
21
22
SIM5
SIM1
SIM2
SIM3
SIM4
1
21
22
SIM5
SIM1
SIM2
SIM3
SIM4
1
21
22
SIM5
SIM1
SIM2
SIM3
SIM4
1
21
22
SIM5
SIM1
SIM2
SIM3
SIM4
1
21
22
SIM5
SIM1
SIM2
SIM3
SIM4
1
21
22
SIM5
SIM1
SIM2
SIM3
SIM4
1
21
22
SIM5
SIM1
SIM2
SIM3
SIM4
1
21
22
SIM5
SIM1
SIM2
SIM3
SIM4
1
21
22
SIM5
SIM1
SIM2
SIM3
SIM4
1
21
22
SIM5
SIM1
SIM2
SIM3
SIM4
1
21
22
SIM5
SIM1
SIM2
SIM3
SIM4
1
21
22
SIM5
SIM1
SIM2
SIM3
SIM4
1
21
22
SIM5
SIM1
SIM2
SIM3
SIM4
1
21
22
SIM5
SIM1
SIM2
SIM3
SIM4
1
21
22
SIM5
SIM1
SIM2
SIM3
SIM4
1
21
22
SIM5
SIM1
SIM2
SIM3
SIM4
1
21
22
SIM5
SIM1
SIM2
SIM3
SIM4
1
21
22
SIM5
SIM1
SIM2
SIM3
SIM4
1
21
22
SIM5
SIM1
SIM2
SIM3
SIM4
1
21
22
SIM5
SIM1
SIM2
SIM3
SIM4
1
21
22
SIM5
SIM1
SIM2
SIM3
SIM4
1
21
22
SIM5
SIM1
SIM2
SIM3
SIM4
1
21
22
SIM5
SIM1
SIM2
SIM3
SIM4
1
21
22
SIM5
SIM1
SIM2
SIM3
SIM4
1
21
22
SIM5
SIM1
SIM2
SIM3
SIM4
1
21
22
SIM5
SIM1
SIM2
SIM3
SIM4
1
21
22
SIM5
SIM1
SIM2
SIM3
SIM4
1
21
22
SIM5
SIM1
SIM2
SIM3
SIM4
1
21
22
SIM5
SIM1
SIM2
SIM3
SIM4
1
21
22
SIM5
SIM1
SIM2
SIM3
SIM4
1
21
22
SIM5
SIM1
SIM2
SIM3
SIM4
1
21
22
SIM5
SIM1
SIM2
SIM3
SIM4
1
21
22
SIM5
SIM1
SIM2
SIM3
SIM4
1
21
22
SIM5
SIM1
SIM2
SIM3
SIM4
1
21
22
SIM5
SIM1
SIM2
SIM3
SIM4
1
21
22
SIM5
SIM1
SIM2
SIM3
SIM4
1
21
22
SIM5
SIM1
SIM2
SIM3
SIM4
1
21
22
SIM5
SIM1
SIM2
SIM3
SIM4
1
21
22
SIM5
SIM1
SIM2
SIM3
SIM4
1
21
22
SIM5
SIM1
SIM2
SIM3
SIM4
1
21
22
SIM5
SIM1
SIM2
SIM3
SIM4
1
21
22
SIM5
SIM1
SIM2
SIM3
SIM4
1
21
22
SIM5
SIM1
SIM2
SIM3
SIM4
1
21
22
SIM5
SIM1
SIM2
SIM3
SIM4
1
21
22
SIM5
SIM1
SIM2
SIM3
SIM4
1
21
22
SIM5
SIM1
SIM2
SIM3
SIM4
1
21
22
SIM5
SIM1
SIM2
SIM3
SIM4
1
21
22
SIM5
SIM1
SIM2
SIM3
SIM4
1
21
22
SIM5
SIM1
SIM2
SIM3
SIM4
1
21
22
SIM5
SIM1
SIM2
SIM3
SIM4
1
21
22
SIM5
SIM1
SIM2
SIM3
SIM4
1
21
22
SIM5
SIM1
SIM2
SIM3
SIM4
1
21
22
SIM5
SIM1
SIM2
SIM3
SIM4
1
21
22
SIM5
SIM1
SIM2
SIM3
SIM4
1
21
22
SIM5
SIM1
SIM2
SIM3
SIM4
1
21
22
SIM5
SIM1
SIM2
SIM3
SIM4
1
21
22
SIM5
SIM1
SIM2
SIM3
SIM4
1
21
22
SIM5
SIM1
SIM2
SIM3
SIM4
1
21
22
SIM5
SIM1
SIM2
SIM3
SIM4
1
21
22
SIM5
SIM1
SIM2
SIM3
SIM4
1
21
22
SIM5
SIM1
SIM2
SIM3
SIM4
1
21
22
SIM5
SIM1
SIM2
SIM3
SIM4
1
21
22
SIM5
SIM1
SIM2
SIM3
SIM4
1
21
22
SIM5
SIM1
SIM2
SIM3
SIM4
1
21
22
SIM5
SIM1
SIM2
SIM3
SIM4
1
21
22
SIM5
SIM1
SIM2
SIM3
SIM4
1
21
22
SIM5
SIM1
SIM2
SIM3
SIM4
1
21
22
SIM5
SIM1
SIM2
SIM3
SIM4
1
21
22
SIM5
SIM1
SIM2
SIM3
SIM4
1
21
22
SIM5
SIM1
SIM2
SIM3
SIM4
1
21
22
SIM5
SIM1
SIM2
SIM3
SIM4
1
21
22
SIM5
SIM1
SIM2
SIM3
SIM4
1
21
22
SIM5
SIM1
SIM2
SIM3
SIM4
1
21
22
SIM5
SIM1
SIM2
SIM3
SIM4
1
21
22
SIM5
SIM1
SIM2
SIM3
SIM4
1
21
22
SIM5
SIM1
SIM2
SIM3
SIM4
1
21
22
SIM5
SIM1
SIM2
SIM3
SIM4
1
21
22
SIM5
SIM1
SIM2
SIM3
SIM4
1
21
22
SIM5
SIM1
SIM2
SIM3
SIM4
1
21
22
SIM5
SIM1
SIM2
SIM3
SIM4
1
21
22
SIM5
SIM1
SIM2
SIM3
SIM4
1
21
22
SIM5
SIM1
SIM2
SIM3
SIM4
1
21
22
SIM5
SIM1
SIM2
SIM3
SIM4
1
21
22
SIM5
SIM1
SIM2
SIM3
SIM4
1
21
22
SIM5
SIM1
SIM2
SIM3
SIM4
1
21
22
SIM5
SIM1
SIM2
SIM3
SIM4
1
21
22
SIM5
SIM1
SIM2
SIM3
SIM4
1
21
22
SIM5
SIM1
SIM2
SIM3
SIM4
1
21
22
SIM5
SIM1
SIM2
SIM3
SIM4
1
21
22
SIM5
SIM1
SIM2
SIM3
SIM4
1
21
22
SIM5
SIM1
SIM2
SIM3
SIM4
1
21
22
SIM5
SIM1
SIM2
SIM3
SIM4
1
21
22
SIM5
SIM1
SIM2
SIM3
SIM4
1
21
22
SIM5
SIM1
SIM2
SIM3
SIM4
1
21
22
SIM5
SIM1
SIM2
SIM3
SIM4
1
21
22
SIM5
SIM1
SIM2
SIM3
SIM4
1
21
22
SIM5
SIM1
SIM2
SIM3
SIM4
1
21
22
SIM5
SIM1
SIM2
SIM3
SIM4
1
21
22
SIM5
SIM1
SIM2
SIM3
SIM4
1
21
22
SIM5
SIM1
SIM2
SIM3
SIM4
1
21
22
SIM5
SIM1
SIM2
SIM3
SIM4
1
21
22
SIM5
SIM1
SIM2
SIM3
SIM4
1
21
22
SIM5
SIM1
SIM2
SIM3
SIM4
1
21
22
SIM5
SIM1
SIM2
SIM3
SIM4
1
21
22
SIM5
SIM1
SIM2
SIM3
SIM4
1
21
22
SIM5
SIM1
SIM2
SIM3
SIM4
1
21
22
SIM5
SIM1
SIM2
SIM3
SIM4
1
21
22
SIM5
SIM1
SIM2
SIM3
SIM4
1
21
22
SIM5
SIM1
SIM2
SIM3
SIM4
1
21
22
SIM5
SIM1
SIM2
SIM3
SIM4
1
21
22
SIM5
SIM1
SIM2
SIM3
SIM4
1
21
22
SIM5
SIM1
SIM2
SIM3
SIM4
1
21
22
SIM5
SIM1
SIM2
SIM3
SIM4
1
21
22
SIM5
SIM1
SIM2
SIM3
SIM4
1
21
22
SIM5
SIM1
SIM2
SIM3
SIM4
1
21
22
SIM5
SIM1
SIM2
SIM3
SIM4
1
21
22
SIM5
SIM1
SIM2
SIM3
SIM4
1
21
22
SIM5
SIM1
SIM2
SIM3
SIM4
1
21
22
SIM5
SIM1
SIM2
SIM3
SIM4
1
21
22
SIM5
SIM1
SIM2
SIM3
SIM4
1
21
22
SIM5
SIM1
SIM2
SIM3
SIM4
1
21
22
SIM5
SIM1
SIM2
SIM3
SIM4
1
21
22
SIM5
SIM1
SIM2
DEBUG 2
number of children: 14
best move: 111111111011010000202202222222221
DEBUG 3
SUB SUB DEBUG 3
